Skipping /home/jpmurphy/.cache/coreboot-sdk/i386-elf/tmp4kacr8f4dfbb0486385d938cfa9d73080b9d18d598ed4f49.tar.zst because the output dir exists
Skipping /home/jpmurphy/.cache/coreboot-sdk/picolibc-i386-elf/tmpgtb4gpqweb8e8e687b95461de8cbf278f1c2076952d0ad17.tar.zst because the output dir exists
Skipping /home/jpmurphy/.cache/coreboot-sdk/riscv64-elf/tmpbct3i24i96b949749225b6aaa92ed810ab769e8dfb12f000.tar.zst because the output dir exists
Skipping /home/jpmurphy/.cache/coreboot-sdk/picolibc-arm-eabi/tmplk_i14gb422a2aa3e1ef891b5bece9a3deb696ff83840d2e.tar.zst because the output dir exists
Skipping /home/jpmurphy/.cache/coreboot-sdk/nds32le-elf/tmpwcjedj3id1a518c4a097666d86058e1444f85ca015d15511.tar.zst because the output dir exists
Skipping /home/jpmurphy/.cache/coreboot-sdk/picolibc-riscv64-elf/tmpfu41r6ouf571e990ef0278564b31124f8bb109d9a697eb69.tar.zst because the output dir exists
Skipping /home/jpmurphy/.cache/coreboot-sdk/arm-eabi/tmpzta_htitea40ddd1d190c3b48435c474c0b545719371813a.tar.zst because the output dir exists
Skipping /home/jpmurphy/.cache/coreboot-sdk/libstdcxx-riscv64-elf/tmpzsfw6q2d17abf22a3a252e2d5d2062ced5324f7a623689e0.tar.zst because the output dir exists
Skipping /home/jpmurphy/.cache/coreboot-sdk/libstdcxx-arm-eabi/tmp_hejfsum5d7d82e150e44aa1968f1d366e267e6687b328ac.tar.zst because the output dir exists
Skipping /home/jpmurphy/.cache/coreboot-sdk/riscv-elf/tmpbyur3qex9a27b9e82341c6e9126624f516ab3f261abb3e73.tar.zst because the output dir exists
Skipping /home/jpmurphy/.cache/coreboot-sdk/libstdcxx-i386-elf/tmpekwb9o9g42ef9d2e87a76a37963175d7d428734e65648b87.tar.zst because the output dir exists
make -f Makefile.cq clobber
rm -rf /mnt/host/source/src/platform/ec/build /mnt/host/source/src/platform/ec/TAGS /mnt/host/source/src/platform/ec/cscope.files /mnt/host/source/src/platform/ec/cscope.out
Clearing ccache...
zmake -D build --static --coverage -v 16543.0.0 bluey quenbi quartz nivviks nereid nokris craask pujjo pujjoga pujjogatwin xivu joxer yaviks yavilla yavista uldren gothrax craaskov pirrha quandiso quandiso2 anraggar glassway sundance riven domika teliks telith rull pujjoniru dirks guren meliks epic rex rex-ish-ec screebo kanix karis rex-ish bloonchipper buccaneer helipilot gwendolin sanok rauru navi hylia ocelotrvp-npcx ocelotrvp-ite ocelotrvp-mchp ocelotrvp-ish ojal kodkod matsu matsu_it82000 matsu-ish ocicat ocicat-ish dev-posix tanjiro sapphire kaladin trulo pujjocento pujjolo trulo-ti uldrenite trulo-ish uldrenite-ish pujjolo-ish kaladin-ish lite-ish fatcatrvp-npcx fatcatrvp-ite francka ruby felino felino4es kinmen lapis moonstone kinmen-ish ruby-ish moonstone-ish fatcat-ish-idle it8xxx2_evb it82002_evb ite-aic ite-aic-rtk-pdc npcx-aic skyrim winterhold frostflow crystaldrift markarth npcx_monitor npcx9 npcx7 skywalker skywalker-tps6699x luuke obiwan yoda anakin baze tarkin padme grogu dooku vader geralt ciri brox brtk brox-ish-ec brox-sku4 brox-ish caboc greenbayupoc jubilant lotso axii roach kelpie spikyrock eirtae krabby kingler steelix starmie tentacruel magikarp voltorb ponyta chinchou wugtrio skitty veluza kyogre squirtle wyrdeer ovis deku adlrvp_mchp adlrvp_npcx mtlrvpp_m1723 mtlrvpp_mchp mtlrvpp_npcx ptlrvp_npcx ptlrvp_mchp ptlgcs ptl-ish minimal-posix minimal-npcx9 minimal-it8xxx2 minimal-realtek
Skipping /home/jpmurphy/.cache/coreboot-sdk/i386-elf/tmp6x80wioldfbb0486385d938cfa9d73080b9d18d598ed4f49.tar.zst because the output dir exists
Skipping /home/jpmurphy/.cache/coreboot-sdk/picolibc-i386-elf/tmpesyruu3jeb8e8e687b95461de8cbf278f1c2076952d0ad17.tar.zst because the output dir exists
Skipping /home/jpmurphy/.cache/coreboot-sdk/riscv64-elf/tmp2di9j0yj96b949749225b6aaa92ed810ab769e8dfb12f000.tar.zst because the output dir exists
Skipping /home/jpmurphy/.cache/coreboot-sdk/picolibc-arm-eabi/tmp6v1t1y5n422a2aa3e1ef891b5bece9a3deb696ff83840d2e.tar.zst because the output dir exists
Skipping /home/jpmurphy/.cache/coreboot-sdk/nds32le-elf/tmp82hai02xd1a518c4a097666d86058e1444f85ca015d15511.tar.zst because the output dir exists
Skipping /home/jpmurphy/.cache/coreboot-sdk/picolibc-riscv64-elf/tmp9gov82eyf571e990ef0278564b31124f8bb109d9a697eb69.tar.zst because the output dir exists
Skipping /home/jpmurphy/.cache/coreboot-sdk/arm-eabi/tmpu8umwe76ea40ddd1d190c3b48435c474c0b545719371813a.tar.zst because the output dir exists
Skipping /home/jpmurphy/.cache/coreboot-sdk/libstdcxx-riscv64-elf/tmpi5xv0yf617abf22a3a252e2d5d2062ced5324f7a623689e0.tar.zst because the output dir exists
Skipping /home/jpmurphy/.cache/coreboot-sdk/libstdcxx-arm-eabi/tmpa5gt6rl75d7d82e150e44aa1968f1d366e267e6687b328ac.tar.zst because the output dir exists
Skipping /home/jpmurphy/.cache/coreboot-sdk/riscv-elf/tmpijizi9ns9a27b9e82341c6e9126624f516ab3f261abb3e73.tar.zst because the output dir exists
Skipping /home/jpmurphy/.cache/coreboot-sdk/libstdcxx-i386-elf/tmp98lfbhvq42ef9d2e87a76a37963175d7d428734e65648b87.tar.zst because the output dir exists
Finding zmake targets under '/mnt/host/source/src/platform/ec/zephyr/program'.
Loading config file /mnt/host/source/src/platform/ec/zephyr/program/bluey/BUILD.py
Config file /mnt/host/source/src/platform/ec/zephyr/program/bluey/BUILD.py defines 3 projects
Loading config file /mnt/host/source/src/platform/ec/zephyr/program/nissa/BUILD.py
Config file /mnt/host/source/src/platform/ec/zephyr/program/nissa/BUILD.py defines 31 projects
Loading config file /mnt/host/source/src/platform/ec/zephyr/program/rex/BUILD.py
Config file /mnt/host/source/src/platform/ec/zephyr/program/rex/BUILD.py defines 6 projects
Loading config file /mnt/host/source/src/platform/ec/zephyr/program/fpmcu/BUILD.py
Config file /mnt/host/source/src/platform/ec/zephyr/program/fpmcu/BUILD.py defines 5 projects
Loading config file /mnt/host/source/src/platform/ec/zephyr/program/rauru/BUILD.py
Config file /mnt/host/source/src/platform/ec/zephyr/program/rauru/BUILD.py defines 3 projects
Loading config file /mnt/host/source/src/platform/ec/zephyr/program/ocelot/BUILD.py
Config file /mnt/host/source/src/platform/ec/zephyr/program/ocelot/BUILD.py defines 11 projects
Loading config file /mnt/host/source/src/platform/ec/zephyr/program/dev/BUILD.py
Config file /mnt/host/source/src/platform/ec/zephyr/program/dev/BUILD.py defines 1 projects
Loading config file /mnt/host/source/src/platform/ec/zephyr/program/tanjiro/BUILD.py
Config file /mnt/host/source/src/platform/ec/zephyr/program/tanjiro/BUILD.py defines 2 projects
Loading config file /mnt/host/source/src/platform/ec/zephyr/program/trulo/BUILD.py
Config file /mnt/host/source/src/platform/ec/zephyr/program/trulo/BUILD.py defines 11 projects
Loading config file /mnt/host/source/src/platform/ec/zephyr/program/fatcat/BUILD.py
Config file /mnt/host/source/src/platform/ec/zephyr/program/fatcat/BUILD.py defines 13 projects
Loading config file /mnt/host/source/src/platform/ec/zephyr/program/it8xxx2_evb/BUILD.py
Config file /mnt/host/source/src/platform/ec/zephyr/program/it8xxx2_evb/BUILD.py defines 2 projects
Loading config file /mnt/host/source/src/platform/ec/zephyr/program/ec-aic/BUILD.py
Config file /mnt/host/source/src/platform/ec/zephyr/program/ec-aic/BUILD.py defines 3 projects
Loading config file /mnt/host/source/src/platform/ec/zephyr/program/skyrim/BUILD.py
Config file /mnt/host/source/src/platform/ec/zephyr/program/skyrim/BUILD.py defines 5 projects
Loading config file /mnt/host/source/src/platform/ec/zephyr/program/npcx_evb/npcx_monitor/BUILD.py
Config file /mnt/host/source/src/platform/ec/zephyr/program/npcx_evb/npcx_monitor/BUILD.py defines 1 projects
Loading config file /mnt/host/source/src/platform/ec/zephyr/program/npcx_evb/npcx9/BUILD.py
Config file /mnt/host/source/src/platform/ec/zephyr/program/npcx_evb/npcx9/BUILD.py defines 1 projects
Loading config file /mnt/host/source/src/platform/ec/zephyr/program/npcx_evb/npcx7/BUILD.py
Config file /mnt/host/source/src/platform/ec/zephyr/program/npcx_evb/npcx7/BUILD.py defines 1 projects
Loading config file /mnt/host/source/src/platform/ec/zephyr/program/skywalker/BUILD.py
Config file /mnt/host/source/src/platform/ec/zephyr/program/skywalker/BUILD.py defines 12 projects
Loading config file /mnt/host/source/src/platform/ec/zephyr/program/geralt/BUILD.py
Config file /mnt/host/source/src/platform/ec/zephyr/program/geralt/BUILD.py defines 2 projects
Loading config file /mnt/host/source/src/platform/ec/zephyr/program/brox/BUILD.py
Config file /mnt/host/source/src/platform/ec/zephyr/program/brox/BUILD.py defines 9 projects
Loading config file /mnt/host/source/src/platform/ec/zephyr/program/roach/BUILD.py
Config file /mnt/host/source/src/platform/ec/zephyr/program/roach/BUILD.py defines 5 projects
Loading config file /mnt/host/source/src/platform/ec/zephyr/program/corsola/BUILD.py
Config file /mnt/host/source/src/platform/ec/zephyr/program/corsola/BUILD.py defines 15 projects
Loading config file /mnt/host/source/src/platform/ec/zephyr/program/ovis/BUILD.py
Config file /mnt/host/source/src/platform/ec/zephyr/program/ovis/BUILD.py defines 2 projects
Loading config file /mnt/host/source/src/platform/ec/zephyr/program/intelrvp/BUILD.py
Config file /mnt/host/source/src/platform/ec/zephyr/program/intelrvp/BUILD.py defines 9 projects
Loading config file /mnt/host/source/src/platform/ec/zephyr/program/minimal/BUILD.py
Config file /mnt/host/source/src/platform/ec/zephyr/program/minimal/BUILD.py defines 4 projects
Toolchain <zmake.toolchains.CorebootSdkToolchain object at 0x7f41439d5f10> selected by probe function.
[felino4es] Building in /mnt/host/source/src/platform/ec/build/zephyr/felino4es.
Toolchain <zmake.toolchains.CorebootSdkToolchain object at 0x7f41439ec9d0> selected by probe function.
[gothrax] Building in /mnt/host/source/src/platform/ec/build/zephyr/gothrax.
Toolchain <zmake.toolchains.CorebootSdkToolchain object at 0x7f41439ec0d0> selected by probe function.
Toolchain <zmake.toolchains.CorebootSdkToolchain object at 0x7f41439eec50> selected by probe function.
[npcx_monitor] Building in /mnt/host/source/src/platform/ec/build/zephyr/npcx_monitor.
[axii] Building in /mnt/host/source/src/platform/ec/build/zephyr/axii.
Toolchain <zmake.toolchains.CorebootSdkToolchain object at 0x7f41439fcc50> selected by probe function.
[pujjoga] Building in /mnt/host/source/src/platform/ec/build/zephyr/pujjoga.
Toolchain <zmake.toolchains.CorebootSdkToolchain object at 0x7f41439fd6d0> selected by probe function.
Toolchain <zmake.toolchains.CorebootSdkToolchain object at 0x7f41439fe110> selected by probe function.
Toolchain <zmake.toolchains.CorebootSdkToolchain object at 0x7f41439efc90> selected by probe function.
[caboc] Building in /mnt/host/source/src/platform/ec/build/zephyr/caboc.
[rex-ish-ec] Building in /mnt/host/source/src/platform/ec/build/zephyr/rex-ish-ec.
Toolchain <zmake.toolchains.CorebootSdkToolchain object at 0x7f41439d5750> selected by probe function.
[quartz] Building in /mnt/host/source/src/platform/ec/build/zephyr/quartz.
Toolchain <zmake.toolchains.CorebootSdkToolchain object at 0x7f41439ef290> selected by probe function.
Toolchain <zmake.toolchains.CorebootSdkToolchain object at 0x7f4120705e90> selected by probe function.
Toolchain <zmake.toolchains.CorebootSdkToolchain object at 0x7f41207059d0> selected by probe function.
Toolchain <zmake.toolchains.CorebootSdkToolchain object at 0x7f41439fe250> selected by probe function.
[screebo] Building in /mnt/host/source/src/platform/ec/build/zephyr/screebo.
[adlrvp_mchp] Building in /mnt/host/source/src/platform/ec/build/zephyr/adlrvp_mchp.
[kaladin-ish] Building in /mnt/host/source/src/platform/ec/build/zephyr/kaladin-ish.
Toolchain <zmake.toolchains.CorebootSdkToolchain object at 0x7f4120707650> selected by probe function.
[ptlrvp_npcx] Building in /mnt/host/source/src/platform/ec/build/zephyr/ptlrvp_npcx.
[matsu_it82000] Building in /mnt/host/source/src/platform/ec/build/zephyr/matsu_it82000.
[felino4es:ro] Configuring.
[gothrax:ro] Configuring.
[felino4es:rw] Configuring.
[ocicat-ish] Building in /mnt/host/source/src/platform/ec/build/zephyr/ocicat-ish.
Toolchain <zmake.toolchains.LlvmToolchain object at 0x7f4120711dd0> selected by probe function.
[pujjoga:ro] Configuring.
Toolchain <zmake.toolchains.CorebootSdkToolchain object at 0x7f4120711a10> selected by probe function.
[helipilot] Building in /mnt/host/source/src/platform/ec/build/zephyr/helipilot.
Toolchain <zmake.toolchains.CorebootSdkToolchain object at 0x7f4120718d10> selected by probe function.
[veluza] Building in /mnt/host/source/src/platform/ec/build/zephyr/veluza.
Running `env -i PYTHONPATH=/usr/lib64/python-exec/python3.11:/mnt/host/source/src/platform/ec/zephyr/zmake:/usr/lib/python311.zip:/usr/lib/python3.11:/usr/lib/python3.11/lib-dynload:/usr/lib/python3.11/site-packages PW_PIGWEED_CIPD_INSTALL_DIR=/usr CROSTC_USER_ACKNOWLEDGES_THAT_RISCV_IS_EXPERIMENTAL=1 PATH=/mnt/host/source/chromite/bin:/usr/local/bin:/usr/bin:/bin:/opt/bin:/mnt/host/source/chromite/sdk/bin:/mnt/host/source/chromite/bin HOME=/home/jpmurphy JAVA_HOME=/etc/java-config-2/current-system-vm JDK_HOME=/etc/java-config-2/current-system-vm JAVAC=/etc/java-config-2/current-system-vm/bin/javac MAKEFLAGS=' -j16 --jobserver-auth=5,6' /usr/bin/cmake -S /mnt/host/source/src/platform/ec/zephyr/program/nissa -B /mnt/host/source/src/platform/ec/build/zephyr/gothrax/build-ro -GNinja -DCMAKE_EXPORT_COMPILE_COMMANDS=ON -DZEPHYR_BASE=/mnt/host/source/src/third_party/zephyr/main -DZMAKE_INCLUDE_DIR=/mnt/host/source/src/platform/ec/build/zephyr/gothrax/include -DPython3_EXECUTABLE=/usr/bin/python3.11 -DDTS_ROOT=/mnt/host/source/src/platform/ec/zephyr -DSYSCALL_INCLUDE_DIRS=/mnt/host/source/src/platform/ec/zephyr/include/drivers -DUSER_CACHE_DIR=/mnt/host/source/src/platform/ec/build/zephyr/user-cache '-DEXTRA_EC_VERSION_FLAGS=--version 16543.0.0 --static' -DTOOLCHAIN_ROOT=/mnt/host/source/src/platform/ec/zephyr -DCOREBOOT_SDK_ROOT_x86=/home/jpmurphy/.cache/coreboot-sdk/i386-elf/dfbb0486385d938cfa9d73080b9d18d598ed4f49 -DCOREBOOT_SDK_ROOT_picolibc_x86=/home/jpmurphy/.cache/coreboot-sdk/picolibc-i386-elf/eb8e8e687b95461de8cbf278f1c2076952d0ad17 -DCOREBOOT_SDK_ROOT_riscv64=/home/jpmurphy/.cache/coreboot-sdk/riscv64-elf/96b949749225b6aaa92ed810ab769e8dfb12f000 -DCOREBOOT_SDK_ROOT_picolibc_arm=/home/jpmurphy/.cache/coreboot-sdk/picolibc-arm-eabi/422a2aa3e1ef891b5bece9a3deb696ff83840d2e -DCOREBOOT_SDK_ROOT_nds32=/home/jpmurphy/.cache/coreboot-sdk/nds32le-elf/d1a518c4a097666d86058e1444f85ca015d15511 -DCOREBOOT_SDK_ROOT_picolibc_riscv64=/home/jpmurphy/.cache/coreboot-sdk/picolibc-riscv64-elf/f571e990ef0278564b31124f8bb109d9a697eb69 -DCOREBOOT_SDK_ROOT_arm=/home/jpmurphy/.cache/coreboot-sdk/arm-eabi/ea40ddd1d190c3b48435c474c0b545719371813a -DCOREBOOT_SDK_ROOT_libstdcxx_riscv64=/home/jpmurphy/.cache/coreboot-sdk/libstdcxx-riscv64-elf/17abf22a3a252e2d5d2062ced5324f7a623689e0 -DCOREBOOT_SDK_ROOT_libstdcxx_arm=/home/jpmurphy/.cache/coreboot-sdk/libstdcxx-arm-eabi/5d7d82e150e44aa1968f1d366e267e6687b328ac -DCOREBOOT_SDK_ROOT_riscv=/home/jpmurphy/.cache/coreboot-sdk/riscv-elf/9a27b9e82341c6e9126624f516ab3f261abb3e73 -DCOREBOOT_SDK_ROOT_libstdcxx_x86=/home/jpmurphy/.cache/coreboot-sdk/libstdcxx-i386-elf/42ef9d2e87a76a37963175d7d428734e65648b87 -DZEPHYR_TOOLCHAIN_VARIANT=coreboot-sdk -DZEPHYR_MODULES=/mnt/host/source/src/platform/ec/build/zephyr/gothrax/modules/ec -DDTC_OVERLAY_FILE=/mnt/host/source/src/platform/ec/zephyr/program/nissa/gothrax/project.overlay -DBOARD=it8xxx2/it81302bx -DCMAKE_C_FLAGS=-DSECTION_IS_RO '-DCONF_FILE=/mnt/host/source/src/platform/ec/zephyr/program/nissa/program.conf;/mnt/host/source/src/platform/ec/zephyr/program/nissa/it8xxx2_program.conf;/mnt/host/source/src/platform/ec/zephyr/program/nissa/gothrax/project.conf;/mnt/host/source/src/platform/ec/build/zephyr/gothrax/kconfig-ro.conf'`
[nivviks] Building in /mnt/host/source/src/platform/ec/build/zephyr/nivviks.
Running `env -i PYTHONPATH=/usr/lib64/python-exec/python3.11:/mnt/host/source/src/platform/ec/zephyr/zmake:/usr/lib/python311.zip:/usr/lib/python3.11:/usr/lib/python3.11/lib-dynload:/usr/lib/python3.11/site-packages PW_PIGWEED_CIPD_INSTALL_DIR=/usr CROSTC_USER_ACKNOWLEDGES_THAT_RISCV_IS_EXPERIMENTAL=1 PATH=/mnt/host/source/chromite/bin:/usr/local/bin:/usr/bin:/bin:/opt/bin:/mnt/host/source/chromite/sdk/bin:/mnt/host/source/chromite/bin HOME=/home/jpmurphy JAVA_HOME=/etc/java-config-2/current-system-vm JDK_HOME=/etc/java-config-2/current-system-vm JAVAC=/etc/java-config-2/current-system-vm/bin/javac MAKEFLAGS=' -j16 --jobserver-auth=5,6' /usr/bin/cmake -S /mnt/host/source/src/platform/ec/zephyr/program/fatcat -B /mnt/host/source/src/platform/ec/build/zephyr/felino4es/build-ro -GNinja -DCMAKE_EXPORT_COMPILE_COMMANDS=ON -DZEPHYR_BASE=/mnt/host/source/src/third_party/zephyr/main -DZMAKE_INCLUDE_DIR=/mnt/host/source/src/platform/ec/build/zephyr/felino4es/include -DPython3_EXECUTABLE=/usr/bin/python3.11 -DDTS_ROOT=/mnt/host/source/src/platform/ec/zephyr -DSYSCALL_INCLUDE_DIRS=/mnt/host/source/src/platform/ec/zephyr/include/drivers -DUSER_CACHE_DIR=/mnt/host/source/src/platform/ec/build/zephyr/user-cache '-DEXTRA_EC_VERSION_FLAGS=--version 16543.0.0 --static' -DTOOLCHAIN_ROOT=/mnt/host/source/src/platform/ec/zephyr -DCOREBOOT_SDK_ROOT_x86=/home/jpmurphy/.cache/coreboot-sdk/i386-elf/dfbb0486385d938cfa9d73080b9d18d598ed4f49 -DCOREBOOT_SDK_ROOT_picolibc_x86=/home/jpmurphy/.cache/coreboot-sdk/picolibc-i386-elf/eb8e8e687b95461de8cbf278f1c2076952d0ad17 -DCOREBOOT_SDK_ROOT_riscv64=/home/jpmurphy/.cache/coreboot-sdk/riscv64-elf/96b949749225b6aaa92ed810ab769e8dfb12f000 -DCOREBOOT_SDK_ROOT_picolibc_arm=/home/jpmurphy/.cache/coreboot-sdk/picolibc-arm-eabi/422a2aa3e1ef891b5bece9a3deb696ff83840d2e -DCOREBOOT_SDK_ROOT_nds32=/home/jpmurphy/.cache/coreboot-sdk/nds32le-elf/d1a518c4a097666d86058e1444f85ca015d15511 -DCOREBOOT_SDK_ROOT_picolibc_riscv64=/home/jpmurphy/.cache/coreboot-sdk/picolibc-riscv64-elf/f571e990ef0278564b31124f8bb109d9a697eb69 -DCOREBOOT_SDK_ROOT_arm=/home/jpmurphy/.cache/coreboot-sdk/arm-eabi/ea40ddd1d190c3b48435c474c0b545719371813a -DCOREBOOT_SDK_ROOT_libstdcxx_riscv64=/home/jpmurphy/.cache/coreboot-sdk/libstdcxx-riscv64-elf/17abf22a3a252e2d5d2062ced5324f7a623689e0 -DCOREBOOT_SDK_ROOT_libstdcxx_arm=/home/jpmurphy/.cache/coreboot-sdk/libstdcxx-arm-eabi/5d7d82e150e44aa1968f1d366e267e6687b328ac -DCOREBOOT_SDK_ROOT_riscv=/home/jpmurphy/.cache/coreboot-sdk/riscv-elf/9a27b9e82341c6e9126624f516ab3f261abb3e73 -DCOREBOOT_SDK_ROOT_libstdcxx_x86=/home/jpmurphy/.cache/coreboot-sdk/libstdcxx-i386-elf/42ef9d2e87a76a37963175d7d428734e65648b87 -DZEPHYR_TOOLCHAIN_VARIANT=coreboot-sdk -DZEPHYR_MODULES=/mnt/host/source/src/platform/ec/build/zephyr/felino4es/modules/ec -DDTC_OVERLAY_FILE=/mnt/host/source/src/platform/ec/zephyr/program/fatcat/felino4es/project.overlay -DBOARD=it8xxx2/it82002aw -DCMAKE_C_FLAGS=-DSECTION_IS_RO '-DCONF_FILE=/mnt/host/source/src/platform/ec/zephyr/program/fatcat/program.conf;/mnt/host/source/src/platform/ec/zephyr/program/fatcat/felino4es/project.conf;/mnt/host/source/src/platform/ec/zephyr/program/fatcat/felino/project.conf;/mnt/host/source/src/platform/ec/zephyr/program/fatcat/felino4es/project.conf;/mnt/host/source/src/platform/ec/build/zephyr/felino4es/kconfig-ro.conf'`
Running `env -i PYTHONPATH=/usr/lib64/python-exec/python3.11:/mnt/host/source/src/platform/ec/zephyr/zmake:/usr/lib/python311.zip:/usr/lib/python3.11:/usr/lib/python3.11/lib-dynload:/usr/lib/python3.11/site-packages PW_PIGWEED_CIPD_INSTALL_DIR=/usr CROSTC_USER_ACKNOWLEDGES_THAT_RISCV_IS_EXPERIMENTAL=1 PATH=/mnt/host/source/chromite/bin:/usr/local/bin:/usr/bin:/bin:/opt/bin:/mnt/host/source/chromite/sdk/bin:/mnt/host/source/chromite/bin HOME=/home/jpmurphy JAVA_HOME=/etc/java-config-2/current-system-vm JDK_HOME=/etc/java-config-2/current-system-vm JAVAC=/etc/java-config-2/current-system-vm/bin/javac MAKEFLAGS=' -j16 --jobserver-auth=5,6' /usr/bin/cmake -S /mnt/host/source/src/platform/ec/zephyr/program/nissa -B /mnt/host/source/src/platform/ec/build/zephyr/pujjoga/build-ro -GNinja -DCMAKE_EXPORT_COMPILE_COMMANDS=ON -DZEPHYR_BASE=/mnt/host/source/src/third_party/zephyr/main -DZMAKE_INCLUDE_DIR=/mnt/host/source/src/platform/ec/build/zephyr/pujjoga/include -DPython3_EXECUTABLE=/usr/bin/python3.11 -DDTS_ROOT=/mnt/host/source/src/platform/ec/zephyr -DSYSCALL_INCLUDE_DIRS=/mnt/host/source/src/platform/ec/zephyr/include/drivers -DUSER_CACHE_DIR=/mnt/host/source/src/platform/ec/build/zephyr/user-cache '-DEXTRA_EC_VERSION_FLAGS=--version 16543.0.0 --static' -DTOOLCHAIN_ROOT=/mnt/host/source/src/platform/ec/zephyr -DCOREBOOT_SDK_ROOT_x86=/home/jpmurphy/.cache/coreboot-sdk/i386-elf/dfbb0486385d938cfa9d73080b9d18d598ed4f49 -DCOREBOOT_SDK_ROOT_picolibc_x86=/home/jpmurphy/.cache/coreboot-sdk/picolibc-i386-elf/eb8e8e687b95461de8cbf278f1c2076952d0ad17 -DCOREBOOT_SDK_ROOT_riscv64=/home/jpmurphy/.cache/coreboot-sdk/riscv64-elf/96b949749225b6aaa92ed810ab769e8dfb12f000 -DCOREBOOT_SDK_ROOT_picolibc_arm=/home/jpmurphy/.cache/coreboot-sdk/picolibc-arm-eabi/422a2aa3e1ef891b5bece9a3deb696ff83840d2e -DCOREBOOT_SDK_ROOT_nds32=/home/jpmurphy/.cache/coreboot-sdk/nds32le-elf/d1a518c4a097666d86058e1444f85ca015d15511 -DCOREBOOT_SDK_ROOT_picolibc_riscv64=/home/jpmurphy/.cache/coreboot-sdk/picolibc-riscv64-elf/f571e990ef0278564b31124f8bb109d9a697eb69 -DCOREBOOT_SDK_ROOT_arm=/home/jpmurphy/.cache/coreboot-sdk/arm-eabi/ea40ddd1d190c3b48435c474c0b545719371813a -DCOREBOOT_SDK_ROOT_libstdcxx_riscv64=/home/jpmurphy/.cache/coreboot-sdk/libstdcxx-riscv64-elf/17abf22a3a252e2d5d2062ced5324f7a623689e0 -DCOREBOOT_SDK_ROOT_libstdcxx_arm=/home/jpmurphy/.cache/coreboot-sdk/libstdcxx-arm-eabi/5d7d82e150e44aa1968f1d366e267e6687b328ac -DCOREBOOT_SDK_ROOT_riscv=/home/jpmurphy/.cache/coreboot-sdk/riscv-elf/9a27b9e82341c6e9126624f516ab3f261abb3e73 -DCOREBOOT_SDK_ROOT_libstdcxx_x86=/home/jpmurphy/.cache/coreboot-sdk/libstdcxx-i386-elf/42ef9d2e87a76a37963175d7d428734e65648b87 -DZEPHYR_TOOLCHAIN_VARIANT=coreboot-sdk '-DZEPHYR_MODULES=/mnt/host/source/src/platform/ec/build/zephyr/pujjoga/modules/cmsis;/mnt/host/source/src/platform/ec/build/zephyr/pujjoga/modules/cmsis_6;/mnt/host/source/src/platform/ec/build/zephyr/pujjoga/modules/ec' -DDTC_OVERLAY_FILE=/mnt/host/source/src/platform/ec/zephyr/program/nissa/pujjoga/project.overlay -DBOARD=npcx9/npcx9m3f -DCMAKE_C_FLAGS=-DSECTION_IS_RO '-DCONF_FILE=/mnt/host/source/src/platform/ec/zephyr/program/nissa/program.conf;/mnt/host/source/src/platform/ec/zephyr/program/nissa/npcx_program.conf;/mnt/host/source/src/platform/ec/zephyr/program/nissa/pujjoga/project.conf;/mnt/host/source/src/platform/ec/build/zephyr/pujjoga/kconfig-ro.conf'`
Running `env -i PYTHONPATH=/usr/lib64/python-exec/python3.11:/mnt/host/source/src/platform/ec/zephyr/zmake:/usr/lib/python311.zip:/usr/lib/python3.11:/usr/lib/python3.11/lib-dynload:/usr/lib/python3.11/site-packages PW_PIGWEED_CIPD_INSTALL_DIR=/usr CROSTC_USER_ACKNOWLEDGES_THAT_RISCV_IS_EXPERIMENTAL=1 PATH=/mnt/host/source/chromite/bin:/usr/local/bin:/usr/bin:/bin:/opt/bin:/mnt/host/source/chromite/sdk/bin:/mnt/host/source/chromite/bin HOME=/home/jpmurphy JAVA_HOME=/etc/java-config-2/current-system-vm JDK_HOME=/etc/java-config-2/current-system-vm JAVAC=/etc/java-config-2/current-system-vm/bin/javac MAKEFLAGS=' -j16 --jobserver-auth=5,6' /usr/bin/cmake -S /mnt/host/source/src/platform/ec/zephyr/program/fatcat -B /mnt/host/source/src/platform/ec/build/zephyr/felino4es/build-rw -GNinja -DCMAKE_EXPORT_COMPILE_COMMANDS=ON -DZEPHYR_BASE=/mnt/host/source/src/third_party/zephyr/main -DZMAKE_INCLUDE_DIR=/mnt/host/source/src/platform/ec/build/zephyr/felino4es/include -DPython3_EXECUTABLE=/usr/bin/python3.11 -DDTS_ROOT=/mnt/host/source/src/platform/ec/zephyr -DSYSCALL_INCLUDE_DIRS=/mnt/host/source/src/platform/ec/zephyr/include/drivers -DUSER_CACHE_DIR=/mnt/host/source/src/platform/ec/build/zephyr/user-cache '-DEXTRA_EC_VERSION_FLAGS=--version 16543.0.0 --static' -DTOOLCHAIN_ROOT=/mnt/host/source/src/platform/ec/zephyr -DCOREBOOT_SDK_ROOT_x86=/home/jpmurphy/.cache/coreboot-sdk/i386-elf/dfbb0486385d938cfa9d73080b9d18d598ed4f49 -DCOREBOOT_SDK_ROOT_picolibc_x86=/home/jpmurphy/.cache/coreboot-sdk/picolibc-i386-elf/eb8e8e687b95461de8cbf278f1c2076952d0ad17 -DCOREBOOT_SDK_ROOT_riscv64=/home/jpmurphy/.cache/coreboot-sdk/riscv64-elf/96b949749225b6aaa92ed810ab769e8dfb12f000 -DCOREBOOT_SDK_ROOT_picolibc_arm=/home/jpmurphy/.cache/coreboot-sdk/picolibc-arm-eabi/422a2aa3e1ef891b5bece9a3deb696ff83840d2e -DCOREBOOT_SDK_ROOT_nds32=/home/jpmurphy/.cache/coreboot-sdk/nds32le-elf/d1a518c4a097666d86058e1444f85ca015d15511 -DCOREBOOT_SDK_ROOT_picolibc_riscv64=/home/jpmurphy/.cache/coreboot-sdk/picolibc-riscv64-elf/f571e990ef0278564b31124f8bb109d9a697eb69 -DCOREBOOT_SDK_ROOT_arm=/home/jpmurphy/.cache/coreboot-sdk/arm-eabi/ea40ddd1d190c3b48435c474c0b545719371813a -DCOREBOOT_SDK_ROOT_libstdcxx_riscv64=/home/jpmurphy/.cache/coreboot-sdk/libstdcxx-riscv64-elf/17abf22a3a252e2d5d2062ced5324f7a623689e0 -DCOREBOOT_SDK_ROOT_libstdcxx_arm=/home/jpmurphy/.cache/coreboot-sdk/libstdcxx-arm-eabi/5d7d82e150e44aa1968f1d366e267e6687b328ac -DCOREBOOT_SDK_ROOT_riscv=/home/jpmurphy/.cache/coreboot-sdk/riscv-elf/9a27b9e82341c6e9126624f516ab3f261abb3e73 -DCOREBOOT_SDK_ROOT_libstdcxx_x86=/home/jpmurphy/.cache/coreboot-sdk/libstdcxx-i386-elf/42ef9d2e87a76a37963175d7d428734e65648b87 -DZEPHYR_TOOLCHAIN_VARIANT=coreboot-sdk -DZEPHYR_MODULES=/mnt/host/source/src/platform/ec/build/zephyr/felino4es/modules/ec -DDTC_OVERLAY_FILE=/mnt/host/source/src/platform/ec/zephyr/program/fatcat/felino4es/project.overlay -DBOARD=it8xxx2/it82002aw -DCMAKE_C_FLAGS=-DSECTION_IS_RW '-DCONF_FILE=/mnt/host/source/src/platform/ec/zephyr/program/fatcat/program.conf;/mnt/host/source/src/platform/ec/zephyr/program/fatcat/felino4es/project.conf;/mnt/host/source/src/platform/ec/zephyr/program/fatcat/felino/project.conf;/mnt/host/source/src/platform/ec/zephyr/program/fatcat/felino4es/project.conf;/mnt/host/source/src/platform/ec/build/zephyr/felino4es/kconfig-rw.conf'`
[npcx_monitor:singleimage] Configuring.
[gothrax:rw] Configuring.
Running `env -i PYTHONPATH=/usr/lib64/python-exec/python3.11:/mnt/host/source/src/platform/ec/zephyr/zmake:/usr/lib/python311.zip:/usr/lib/python3.11:/usr/lib/python3.11/lib-dynload:/usr/lib/python3.11/site-packages PW_PIGWEED_CIPD_INSTALL_DIR=/usr CROSTC_USER_ACKNOWLEDGES_THAT_RISCV_IS_EXPERIMENTAL=1 PATH=/mnt/host/source/chromite/bin:/usr/local/bin:/usr/bin:/bin:/opt/bin:/mnt/host/source/chromite/sdk/bin:/mnt/host/source/chromite/bin HOME=/home/jpmurphy JAVA_HOME=/etc/java-config-2/current-system-vm JDK_HOME=/etc/java-config-2/current-system-vm JAVAC=/etc/java-config-2/current-system-vm/bin/javac MAKEFLAGS=' -j16 --jobserver-auth=5,6' /usr/bin/cmake -S /mnt/host/source/src/platform/ec/zephyr/program/npcx_evb/npcx_monitor -B /mnt/host/source/src/platform/ec/build/zephyr/npcx_monitor/build-singleimage -GNinja -DCMAKE_EXPORT_COMPILE_COMMANDS=ON -DZEPHYR_BASE=/mnt/host/source/src/third_party/zephyr/main -DZMAKE_INCLUDE_DIR=/mnt/host/source/src/platform/ec/build/zephyr/npcx_monitor/include -DPython3_EXECUTABLE=/usr/bin/python3.11 -DDTS_ROOT=/mnt/host/source/src/platform/ec/zephyr -DSYSCALL_INCLUDE_DIRS=/mnt/host/source/src/platform/ec/zephyr/include/drivers -DUSER_CACHE_DIR=/mnt/host/source/src/platform/ec/build/zephyr/user-cache '-DEXTRA_EC_VERSION_FLAGS=--version 16543.0.0 --static' -DTOOLCHAIN_ROOT=/mnt/host/source/src/platform/ec/zephyr -DCOREBOOT_SDK_ROOT_x86=/home/jpmurphy/.cache/coreboot-sdk/i386-elf/dfbb0486385d938cfa9d73080b9d18d598ed4f49 -DCOREBOOT_SDK_ROOT_picolibc_x86=/home/jpmurphy/.cache/coreboot-sdk/picolibc-i386-elf/eb8e8e687b95461de8cbf278f1c2076952d0ad17 -DCOREBOOT_SDK_ROOT_riscv64=/home/jpmurphy/.cache/coreboot-sdk/riscv64-elf/96b949749225b6aaa92ed810ab769e8dfb12f000 -DCOREBOOT_SDK_ROOT_picolibc_arm=/home/jpmurphy/.cache/coreboot-sdk/picolibc-arm-eabi/422a2aa3e1ef891b5bece9a3deb696ff83840d2e -DCOREBOOT_SDK_ROOT_nds32=/home/jpmurphy/.cache/coreboot-sdk/nds32le-elf/d1a518c4a097666d86058e1444f85ca015d15511 -DCOREBOOT_SDK_ROOT_picolibc_riscv64=/home/jpmurphy/.cache/coreboot-sdk/picolibc-riscv64-elf/f571e990ef0278564b31124f8bb109d9a697eb69 -DCOREBOOT_SDK_ROOT_arm=/home/jpmurphy/.cache/coreboot-sdk/arm-eabi/ea40ddd1d190c3b48435c474c0b545719371813a -DCOREBOOT_SDK_ROOT_libstdcxx_riscv64=/home/jpmurphy/.cache/coreboot-sdk/libstdcxx-riscv64-elf/17abf22a3a252e2d5d2062ced5324f7a623689e0 -DCOREBOOT_SDK_ROOT_libstdcxx_arm=/home/jpmurphy/.cache/coreboot-sdk/libstdcxx-arm-eabi/5d7d82e150e44aa1968f1d366e267e6687b328ac -DCOREBOOT_SDK_ROOT_riscv=/home/jpmurphy/.cache/coreboot-sdk/riscv-elf/9a27b9e82341c6e9126624f516ab3f261abb3e73 -DCOREBOOT_SDK_ROOT_libstdcxx_x86=/home/jpmurphy/.cache/coreboot-sdk/libstdcxx-i386-elf/42ef9d2e87a76a37963175d7d428734e65648b87 -DZEPHYR_TOOLCHAIN_VARIANT=coreboot-sdk '-DZEPHYR_MODULES=/mnt/host/source/src/platform/ec/build/zephyr/npcx_monitor/modules/ec;/mnt/host/source/src/platform/ec/build/zephyr/npcx_monitor/modules/cmsis;/mnt/host/source/src/platform/ec/build/zephyr/npcx_monitor/modules/cmsis_6' -DDTC_OVERLAY_FILE=/mnt/host/source/src/platform/ec/zephyr/program/npcx_evb/npcx_monitor/prj.dts -DBOARD=npcx_evb/npcx9m6f '-DCONF_FILE=/mnt/host/source/src/platform/ec/zephyr/program/npcx_evb/npcx_monitor/prj.conf;/mnt/host/source/src/platform/ec/build/zephyr/npcx_monitor/kconfig-singleimage.conf'`
[screebo:ro] Configuring.
[screebo:rw] Configuring.
Running `env -i PYTHONPATH=/usr/lib64/python-exec/python3.11:/mnt/host/source/src/platform/ec/zephyr/zmake:/usr/lib/python311.zip:/usr/lib/python3.11:/usr/lib/python3.11/lib-dynload:/usr/lib/python3.11/site-packages PW_PIGWEED_CIPD_INSTALL_DIR=/usr CROSTC_USER_ACKNOWLEDGES_THAT_RISCV_IS_EXPERIMENTAL=1 PATH=/mnt/host/source/chromite/bin:/usr/local/bin:/usr/bin:/bin:/opt/bin:/mnt/host/source/chromite/sdk/bin:/mnt/host/source/chromite/bin HOME=/home/jpmurphy JAVA_HOME=/etc/java-config-2/current-system-vm JDK_HOME=/etc/java-config-2/current-system-vm JAVAC=/etc/java-config-2/current-system-vm/bin/javac MAKEFLAGS=' -j16 --jobserver-auth=5,6' /usr/bin/cmake -S /mnt/host/source/src/platform/ec/zephyr/program/rex -B /mnt/host/source/src/platform/ec/build/zephyr/screebo/build-ro -GNinja -DCMAKE_EXPORT_COMPILE_COMMANDS=ON -DZEPHYR_BASE=/mnt/host/source/src/third_party/zephyr/main -DZMAKE_INCLUDE_DIR=/mnt/host/source/src/platform/ec/build/zephyr/screebo/include -DPython3_EXECUTABLE=/usr/bin/python3.11 -DDTS_ROOT=/mnt/host/source/src/platform/ec/zephyr -DSYSCALL_INCLUDE_DIRS=/mnt/host/source/src/platform/ec/zephyr/include/drivers -DUSER_CACHE_DIR=/mnt/host/source/src/platform/ec/build/zephyr/user-cache '-DEXTRA_EC_VERSION_FLAGS=--version 16543.0.0 --static' -DTOOLCHAIN_ROOT=/mnt/host/source/src/platform/ec/zephyr -DCOREBOOT_SDK_ROOT_x86=/home/jpmurphy/.cache/coreboot-sdk/i386-elf/dfbb0486385d938cfa9d73080b9d18d598ed4f49 -DCOREBOOT_SDK_ROOT_picolibc_x86=/home/jpmurphy/.cache/coreboot-sdk/picolibc-i386-elf/eb8e8e687b95461de8cbf278f1c2076952d0ad17 -DCOREBOOT_SDK_ROOT_riscv64=/home/jpmurphy/.cache/coreboot-sdk/riscv64-elf/96b949749225b6aaa92ed810ab769e8dfb12f000 -DCOREBOOT_SDK_ROOT_picolibc_arm=/home/jpmurphy/.cache/coreboot-sdk/picolibc-arm-eabi/422a2aa3e1ef891b5bece9a3deb696ff83840d2e -DCOREBOOT_SDK_ROOT_nds32=/home/jpmurphy/.cache/coreboot-sdk/nds32le-elf/d1a518c4a097666d86058e1444f85ca015d15511 -DCOREBOOT_SDK_ROOT_picolibc_riscv64=/home/jpmurphy/.cache/coreboot-sdk/picolibc-riscv64-elf/f571e990ef0278564b31124f8bb109d9a697eb69 -DCOREBOOT_SDK_ROOT_arm=/home/jpmurphy/.cache/coreboot-sdk/arm-eabi/ea40ddd1d190c3b48435c474c0b545719371813a -DCOREBOOT_SDK_ROOT_libstdcxx_riscv64=/home/jpmurphy/.cache/coreboot-sdk/libstdcxx-riscv64-elf/17abf22a3a252e2d5d2062ced5324f7a623689e0 -DCOREBOOT_SDK_ROOT_libstdcxx_arm=/home/jpmurphy/.cache/coreboot-sdk/libstdcxx-arm-eabi/5d7d82e150e44aa1968f1d366e267e6687b328ac -DCOREBOOT_SDK_ROOT_riscv=/home/jpmurphy/.cache/coreboot-sdk/riscv-elf/9a27b9e82341c6e9126624f516ab3f261abb3e73 -DCOREBOOT_SDK_ROOT_libstdcxx_x86=/home/jpmurphy/.cache/coreboot-sdk/libstdcxx-i386-elf/42ef9d2e87a76a37963175d7d428734e65648b87 -DZEPHYR_TOOLCHAIN_VARIANT=coreboot-sdk '-DZEPHYR_MODULES=/mnt/host/source/src/platform/ec/build/zephyr/screebo/modules/cmsis;/mnt/host/source/src/platform/ec/build/zephyr/screebo/modules/cmsis_6;/mnt/host/source/src/platform/ec/build/zephyr/screebo/modules/ec' -DDTC_OVERLAY_FILE=/mnt/host/source/src/platform/ec/zephyr/program/rex/screebo/project.overlay -DBOARD=npcx9/npcx9m7f -DCMAKE_C_FLAGS=-DSECTION_IS_RO '-DCONF_FILE=/mnt/host/source/src/platform/ec/zephyr/program/rex/program.conf;/mnt/host/source/src/platform/ec/zephyr/program/rex/screebo/project.conf;/mnt/host/source/src/platform/ec/build/zephyr/screebo/kconfig-ro.conf'`
Running `env -i PYTHONPATH=/usr/lib64/python-exec/python3.11:/mnt/host/source/src/platform/ec/zephyr/zmake:/usr/lib/python311.zip:/usr/lib/python3.11:/usr/lib/python3.11/lib-dynload:/usr/lib/python3.11/site-packages PW_PIGWEED_CIPD_INSTALL_DIR=/usr CROSTC_USER_ACKNOWLEDGES_THAT_RISCV_IS_EXPERIMENTAL=1 PATH=/mnt/host/source/chromite/bin:/usr/local/bin:/usr/bin:/bin:/opt/bin:/mnt/host/source/chromite/sdk/bin:/mnt/host/source/chromite/bin HOME=/home/jpmurphy JAVA_HOME=/etc/java-config-2/current-system-vm JDK_HOME=/etc/java-config-2/current-system-vm JAVAC=/etc/java-config-2/current-system-vm/bin/javac MAKEFLAGS=' -j16 --jobserver-auth=5,6' /usr/bin/cmake -S /mnt/host/source/src/platform/ec/zephyr/program/nissa -B /mnt/host/source/src/platform/ec/build/zephyr/gothrax/build-rw -GNinja -DCMAKE_EXPORT_COMPILE_COMMANDS=ON -DZEPHYR_BASE=/mnt/host/source/src/third_party/zephyr/main -DZMAKE_INCLUDE_DIR=/mnt/host/source/src/platform/ec/build/zephyr/gothrax/include -DPython3_EXECUTABLE=/usr/bin/python3.11 -DDTS_ROOT=/mnt/host/source/src/platform/ec/zephyr -DSYSCALL_INCLUDE_DIRS=/mnt/host/source/src/platform/ec/zephyr/include/drivers -DUSER_CACHE_DIR=/mnt/host/source/src/platform/ec/build/zephyr/user-cache '-DEXTRA_EC_VERSION_FLAGS=--version 16543.0.0 --static' -DTOOLCHAIN_ROOT=/mnt/host/source/src/platform/ec/zephyr -DCOREBOOT_SDK_ROOT_x86=/home/jpmurphy/.cache/coreboot-sdk/i386-elf/dfbb0486385d938cfa9d73080b9d18d598ed4f49 -DCOREBOOT_SDK_ROOT_picolibc_x86=/home/jpmurphy/.cache/coreboot-sdk/picolibc-i386-elf/eb8e8e687b95461de8cbf278f1c2076952d0ad17 -DCOREBOOT_SDK_ROOT_riscv64=/home/jpmurphy/.cache/coreboot-sdk/riscv64-elf/96b949749225b6aaa92ed810ab769e8dfb12f000 -DCOREBOOT_SDK_ROOT_picolibc_arm=/home/jpmurphy/.cache/coreboot-sdk/picolibc-arm-eabi/422a2aa3e1ef891b5bece9a3deb696ff83840d2e -DCOREBOOT_SDK_ROOT_nds32=/home/jpmurphy/.cache/coreboot-sdk/nds32le-elf/d1a518c4a097666d86058e1444f85ca015d15511 -DCOREBOOT_SDK_ROOT_picolibc_riscv64=/home/jpmurphy/.cache/coreboot-sdk/picolibc-riscv64-elf/f571e990ef0278564b31124f8bb109d9a697eb69 -DCOREBOOT_SDK_ROOT_arm=/home/jpmurphy/.cache/coreboot-sdk/arm-eabi/ea40ddd1d190c3b48435c474c0b545719371813a -DCOREBOOT_SDK_ROOT_libstdcxx_riscv64=/home/jpmurphy/.cache/coreboot-sdk/libstdcxx-riscv64-elf/17abf22a3a252e2d5d2062ced5324f7a623689e0 -DCOREBOOT_SDK_ROOT_libstdcxx_arm=/home/jpmurphy/.cache/coreboot-sdk/libstdcxx-arm-eabi/5d7d82e150e44aa1968f1d366e267e6687b328ac -DCOREBOOT_SDK_ROOT_riscv=/home/jpmurphy/.cache/coreboot-sdk/riscv-elf/9a27b9e82341c6e9126624f516ab3f261abb3e73 -DCOREBOOT_SDK_ROOT_libstdcxx_x86=/home/jpmurphy/.cache/coreboot-sdk/libstdcxx-i386-elf/42ef9d2e87a76a37963175d7d428734e65648b87 -DZEPHYR_TOOLCHAIN_VARIANT=coreboot-sdk -DZEPHYR_MODULES=/mnt/host/source/src/platform/ec/build/zephyr/gothrax/modules/ec -DDTC_OVERLAY_FILE=/mnt/host/source/src/platform/ec/zephyr/program/nissa/gothrax/project.overlay -DBOARD=it8xxx2/it81302bx -DCMAKE_C_FLAGS=-DSECTION_IS_RW '-DCONF_FILE=/mnt/host/source/src/platform/ec/zephyr/program/nissa/program.conf;/mnt/host/source/src/platform/ec/zephyr/program/nissa/it8xxx2_program.conf;/mnt/host/source/src/platform/ec/zephyr/program/nissa/gothrax/project.conf;/mnt/host/source/src/platform/ec/build/zephyr/gothrax/kconfig-rw.conf'`
Running `env -i PYTHONPATH=/usr/lib64/python-exec/python3.11:/mnt/host/source/src/platform/ec/zephyr/zmake:/usr/lib/python311.zip:/usr/lib/python3.11:/usr/lib/python3.11/lib-dynload:/usr/lib/python3.11/site-packages PW_PIGWEED_CIPD_INSTALL_DIR=/usr CROSTC_USER_ACKNOWLEDGES_THAT_RISCV_IS_EXPERIMENTAL=1 PATH=/mnt/host/source/chromite/bin:/usr/local/bin:/usr/bin:/bin:/opt/bin:/mnt/host/source/chromite/sdk/bin:/mnt/host/source/chromite/bin HOME=/home/jpmurphy JAVA_HOME=/etc/java-config-2/current-system-vm JDK_HOME=/etc/java-config-2/current-system-vm JAVAC=/etc/java-config-2/current-system-vm/bin/javac MAKEFLAGS=' -j16 --jobserver-auth=5,6' /usr/bin/cmake -S /mnt/host/source/src/platform/ec/zephyr/program/rex -B /mnt/host/source/src/platform/ec/build/zephyr/screebo/build-rw -GNinja -DCMAKE_EXPORT_COMPILE_COMMANDS=ON -DZEPHYR_BASE=/mnt/host/source/src/third_party/zephyr/main -DZMAKE_INCLUDE_DIR=/mnt/host/source/src/platform/ec/build/zephyr/screebo/include -DPython3_EXECUTABLE=/usr/bin/python3.11 -DDTS_ROOT=/mnt/host/source/src/platform/ec/zephyr -DSYSCALL_INCLUDE_DIRS=/mnt/host/source/src/platform/ec/zephyr/include/drivers -DUSER_CACHE_DIR=/mnt/host/source/src/platform/ec/build/zephyr/user-cache '-DEXTRA_EC_VERSION_FLAGS=--version 16543.0.0 --static' -DTOOLCHAIN_ROOT=/mnt/host/source/src/platform/ec/zephyr -DCOREBOOT_SDK_ROOT_x86=/home/jpmurphy/.cache/coreboot-sdk/i386-elf/dfbb0486385d938cfa9d73080b9d18d598ed4f49 -DCOREBOOT_SDK_ROOT_picolibc_x86=/home/jpmurphy/.cache/coreboot-sdk/picolibc-i386-elf/eb8e8e687b95461de8cbf278f1c2076952d0ad17 -DCOREBOOT_SDK_ROOT_riscv64=/home/jpmurphy/.cache/coreboot-sdk/riscv64-elf/96b949749225b6aaa92ed810ab769e8dfb12f000 -DCOREBOOT_SDK_ROOT_picolibc_arm=/home/jpmurphy/.cache/coreboot-sdk/picolibc-arm-eabi/422a2aa3e1ef891b5bece9a3deb696ff83840d2e -DCOREBOOT_SDK_ROOT_nds32=/home/jpmurphy/.cache/coreboot-sdk/nds32le-elf/d1a518c4a097666d86058e1444f85ca015d15511 -DCOREBOOT_SDK_ROOT_picolibc_riscv64=/home/jpmurphy/.cache/coreboot-sdk/picolibc-riscv64-elf/f571e990ef0278564b31124f8bb109d9a697eb69 -DCOREBOOT_SDK_ROOT_arm=/home/jpmurphy/.cache/coreboot-sdk/arm-eabi/ea40ddd1d190c3b48435c474c0b545719371813a -DCOREBOOT_SDK_ROOT_libstdcxx_riscv64=/home/jpmurphy/.cache/coreboot-sdk/libstdcxx-riscv64-elf/17abf22a3a252e2d5d2062ced5324f7a623689e0 -DCOREBOOT_SDK_ROOT_libstdcxx_arm=/home/jpmurphy/.cache/coreboot-sdk/libstdcxx-arm-eabi/5d7d82e150e44aa1968f1d366e267e6687b328ac -DCOREBOOT_SDK_ROOT_riscv=/home/jpmurphy/.cache/coreboot-sdk/riscv-elf/9a27b9e82341c6e9126624f516ab3f261abb3e73 -DCOREBOOT_SDK_ROOT_libstdcxx_x86=/home/jpmurphy/.cache/coreboot-sdk/libstdcxx-i386-elf/42ef9d2e87a76a37963175d7d428734e65648b87 -DZEPHYR_TOOLCHAIN_VARIANT=coreboot-sdk '-DZEPHYR_MODULES=/mnt/host/source/src/platform/ec/build/zephyr/screebo/modules/cmsis;/mnt/host/source/src/platform/ec/build/zephyr/screebo/modules/cmsis_6;/mnt/host/source/src/platform/ec/build/zephyr/screebo/modules/ec' -DDTC_OVERLAY_FILE=/mnt/host/source/src/platform/ec/zephyr/program/rex/screebo/project.overlay -DBOARD=npcx9/npcx9m7f -DCMAKE_C_FLAGS=-DSECTION_IS_RW '-DCONF_FILE=/mnt/host/source/src/platform/ec/zephyr/program/rex/program.conf;/mnt/host/source/src/platform/ec/zephyr/program/rex/screebo/project.conf;/mnt/host/source/src/platform/ec/build/zephyr/screebo/kconfig-rw.conf'`
[matsu_it82000:ro] Configuring.
[axii:ro] Configuring.
Running `env -i PYTHONPATH=/usr/lib64/python-exec/python3.11:/mnt/host/source/src/platform/ec/zephyr/zmake:/usr/lib/python311.zip:/usr/lib/python3.11:/usr/lib/python3.11/lib-dynload:/usr/lib/python3.11/site-packages PW_PIGWEED_CIPD_INSTALL_DIR=/usr CROSTC_USER_ACKNOWLEDGES_THAT_RISCV_IS_EXPERIMENTAL=1 PATH=/mnt/host/source/chromite/bin:/usr/local/bin:/usr/bin:/bin:/opt/bin:/mnt/host/source/chromite/sdk/bin:/mnt/host/source/chromite/bin HOME=/home/jpmurphy JAVA_HOME=/etc/java-config-2/current-system-vm JDK_HOME=/etc/java-config-2/current-system-vm JAVAC=/etc/java-config-2/current-system-vm/bin/javac MAKEFLAGS=' -j16 --jobserver-auth=5,6' /usr/bin/cmake -S /mnt/host/source/src/platform/ec/zephyr/program/ocelot -B /mnt/host/source/src/platform/ec/build/zephyr/matsu_it82000/build-ro -GNinja -DCMAKE_EXPORT_COMPILE_COMMANDS=ON -DZEPHYR_BASE=/mnt/host/source/src/third_party/zephyr/main -DZMAKE_INCLUDE_DIR=/mnt/host/source/src/platform/ec/build/zephyr/matsu_it82000/include -DPython3_EXECUTABLE=/usr/bin/python3.11 -DDTS_ROOT=/mnt/host/source/src/platform/ec/zephyr -DSYSCALL_INCLUDE_DIRS=/mnt/host/source/src/platform/ec/zephyr/include/drivers -DUSER_CACHE_DIR=/mnt/host/source/src/platform/ec/build/zephyr/user-cache -DPW_ROOT=/mnt/host/source/src/third_party/pigweed -DNANOPB_DIR=/mnt/host/source/src/third_party/zephyr/nanopb '-DEXTRA_EC_VERSION_FLAGS=--version 16543.0.0 --static' -DTOOLCHAIN_ROOT=/mnt/host/source/src/platform/ec/zephyr -DCOREBOOT_SDK_ROOT_x86=/home/jpmurphy/.cache/coreboot-sdk/i386-elf/dfbb0486385d938cfa9d73080b9d18d598ed4f49 -DCOREBOOT_SDK_ROOT_picolibc_x86=/home/jpmurphy/.cache/coreboot-sdk/picolibc-i386-elf/eb8e8e687b95461de8cbf278f1c2076952d0ad17 -DCOREBOOT_SDK_ROOT_riscv64=/home/jpmurphy/.cache/coreboot-sdk/riscv64-elf/96b949749225b6aaa92ed810ab769e8dfb12f000 -DCOREBOOT_SDK_ROOT_picolibc_arm=/home/jpmurphy/.cache/coreboot-sdk/picolibc-arm-eabi/422a2aa3e1ef891b5bece9a3deb696ff83840d2e -DCOREBOOT_SDK_ROOT_nds32=/home/jpmurphy/.cache/coreboot-sdk/nds32le-elf/d1a518c4a097666d86058e1444f85ca015d15511 -DCOREBOOT_SDK_ROOT_picolibc_riscv64=/home/jpmurphy/.cache/coreboot-sdk/picolibc-riscv64-elf/f571e990ef0278564b31124f8bb109d9a697eb69 -DCOREBOOT_SDK_ROOT_arm=/home/jpmurphy/.cache/coreboot-sdk/arm-eabi/ea40ddd1d190c3b48435c474c0b545719371813a -DCOREBOOT_SDK_ROOT_libstdcxx_riscv64=/home/jpmurphy/.cache/coreboot-sdk/libstdcxx-riscv64-elf/17abf22a3a252e2d5d2062ced5324f7a623689e0 -DCOREBOOT_SDK_ROOT_libstdcxx_arm=/home/jpmurphy/.cache/coreboot-sdk/libstdcxx-arm-eabi/5d7d82e150e44aa1968f1d366e267e6687b328ac -DCOREBOOT_SDK_ROOT_riscv=/home/jpmurphy/.cache/coreboot-sdk/riscv-elf/9a27b9e82341c6e9126624f516ab3f261abb3e73 -DCOREBOOT_SDK_ROOT_libstdcxx_x86=/home/jpmurphy/.cache/coreboot-sdk/libstdcxx-i386-elf/42ef9d2e87a76a37963175d7d428734e65648b87 -DZEPHYR_TOOLCHAIN_VARIANT=coreboot-sdk '-DZEPHYR_MODULES=/mnt/host/source/src/platform/ec/build/zephyr/matsu_it82000/modules/cmsis;/mnt/host/source/src/platform/ec/build/zephyr/matsu_it82000/modules/cmsis_6;/mnt/host/source/src/platform/ec/build/zephyr/matsu_it82000/modules/ec;/mnt/host/source/src/platform/ec/build/zephyr/matsu_it82000/modules/pigweed;/mnt/host/source/src/platform/ec/build/zephyr/matsu_it82000/modules/nanopb' '-DDTC_OVERLAY_FILE=/mnt/host/source/src/platform/ec/zephyr/program/ocelot/matsu/project.overlay;/mnt/host/source/src/platform/ec/zephyr/program/ocelot/matsu/it82000.overlay' -DBOARD=it8xxx2/it82000bw -DCMAKE_C_FLAGS=-DSECTION_IS_RO '-DCONF_FILE=/mnt/host/source/src/platform/ec/zephyr/program/ocelot/program.conf;/mnt/host/source/src/platform/ec/zephyr/program/ocelot/matsu/project.conf;/mnt/host/source/src/platform/ec/build/zephyr/matsu_it82000/kconfig-ro.conf'`
[ocicat-ish:singleimage] Configuring.
Running `env -i PYTHONPATH=/usr/lib64/python-exec/python3.11:/mnt/host/source/src/platform/ec/zephyr/zmake:/usr/lib/python311.zip:/usr/lib/python3.11:/usr/lib/python3.11/lib-dynload:/usr/lib/python3.11/site-packages PW_PIGWEED_CIPD_INSTALL_DIR=/usr CROSTC_USER_ACKNOWLEDGES_THAT_RISCV_IS_EXPERIMENTAL=1 PATH=/mnt/host/source/chromite/bin:/usr/local/bin:/usr/bin:/bin:/opt/bin:/mnt/host/source/chromite/sdk/bin:/mnt/host/source/chromite/bin HOME=/home/jpmurphy JAVA_HOME=/etc/java-config-2/current-system-vm JDK_HOME=/etc/java-config-2/current-system-vm JAVAC=/etc/java-config-2/current-system-vm/bin/javac MAKEFLAGS=' -j16 --jobserver-auth=5,6' /usr/bin/cmake -S /mnt/host/source/src/platform/ec/zephyr/program/roach -B /mnt/host/source/src/platform/ec/build/zephyr/axii/build-ro -GNinja -DCMAKE_EXPORT_COMPILE_COMMANDS=ON -DZEPHYR_BASE=/mnt/host/source/src/third_party/zephyr/main -DZMAKE_INCLUDE_DIR=/mnt/host/source/src/platform/ec/build/zephyr/axii/include -DPython3_EXECUTABLE=/usr/bin/python3.11 -DDTS_ROOT=/mnt/host/source/src/platform/ec/zephyr -DSYSCALL_INCLUDE_DIRS=/mnt/host/source/src/platform/ec/zephyr/include/drivers -DUSER_CACHE_DIR=/mnt/host/source/src/platform/ec/build/zephyr/user-cache '-DEXTRA_EC_VERSION_FLAGS=--version 16543.0.0 --static' -DTOOLCHAIN_ROOT=/mnt/host/source/src/platform/ec/zephyr -DCOREBOOT_SDK_ROOT_x86=/home/jpmurphy/.cache/coreboot-sdk/i386-elf/dfbb0486385d938cfa9d73080b9d18d598ed4f49 -DCOREBOOT_SDK_ROOT_picolibc_x86=/home/jpmurphy/.cache/coreboot-sdk/picolibc-i386-elf/eb8e8e687b95461de8cbf278f1c2076952d0ad17 -DCOREBOOT_SDK_ROOT_riscv64=/home/jpmurphy/.cache/coreboot-sdk/riscv64-elf/96b949749225b6aaa92ed810ab769e8dfb12f000 -DCOREBOOT_SDK_ROOT_picolibc_arm=/home/jpmurphy/.cache/coreboot-sdk/picolibc-arm-eabi/422a2aa3e1ef891b5bece9a3deb696ff83840d2e -DCOREBOOT_SDK_ROOT_nds32=/home/jpmurphy/.cache/coreboot-sdk/nds32le-elf/d1a518c4a097666d86058e1444f85ca015d15511 -DCOREBOOT_SDK_ROOT_picolibc_riscv64=/home/jpmurphy/.cache/coreboot-sdk/picolibc-riscv64-elf/f571e990ef0278564b31124f8bb109d9a697eb69 -DCOREBOOT_SDK_ROOT_arm=/home/jpmurphy/.cache/coreboot-sdk/arm-eabi/ea40ddd1d190c3b48435c474c0b545719371813a -DCOREBOOT_SDK_ROOT_libstdcxx_riscv64=/home/jpmurphy/.cache/coreboot-sdk/libstdcxx-riscv64-elf/17abf22a3a252e2d5d2062ced5324f7a623689e0 -DCOREBOOT_SDK_ROOT_libstdcxx_arm=/home/jpmurphy/.cache/coreboot-sdk/libstdcxx-arm-eabi/5d7d82e150e44aa1968f1d366e267e6687b328ac -DCOREBOOT_SDK_ROOT_riscv=/home/jpmurphy/.cache/coreboot-sdk/riscv-elf/9a27b9e82341c6e9126624f516ab3f261abb3e73 -DCOREBOOT_SDK_ROOT_libstdcxx_x86=/home/jpmurphy/.cache/coreboot-sdk/libstdcxx-i386-elf/42ef9d2e87a76a37963175d7d428734e65648b87 -DZEPHYR_TOOLCHAIN_VARIANT=coreboot-sdk -DZEPHYR_MODULES=/mnt/host/source/src/platform/ec/build/zephyr/axii/modules/ec -DDTC_OVERLAY_FILE=/mnt/host/source/src/platform/ec/zephyr/program/roach/axii/project.overlay -DBOARD=it8xxx2/it82202ax/512 -DCMAKE_C_FLAGS=-DSECTION_IS_RO '-DCONF_FILE=/mnt/host/source/src/platform/ec/zephyr/program/roach/program.conf;/mnt/host/source/src/platform/ec/zephyr/program/roach/axii/project.conf;/mnt/host/source/src/platform/ec/build/zephyr/axii/kconfig-ro.conf'`
[quartz:rw] Configuring.
Toolchain <zmake.toolchains.CorebootSdkToolchain object at 0x7f41207193d0> selected by probe function.
[roach] Building in /mnt/host/source/src/platform/ec/build/zephyr/roach.
Running `env -i PYTHONPATH=/usr/lib64/python-exec/python3.11:/mnt/host/source/src/platform/ec/zephyr/zmake:/usr/lib/python311.zip:/usr/lib/python3.11:/usr/lib/python3.11/lib-dynload:/usr/lib/python3.11/site-packages PW_PIGWEED_CIPD_INSTALL_DIR=/usr CROSTC_USER_ACKNOWLEDGES_THAT_RISCV_IS_EXPERIMENTAL=1 PATH=/mnt/host/source/chromite/bin:/usr/local/bin:/usr/bin:/bin:/opt/bin:/mnt/host/source/chromite/sdk/bin:/mnt/host/source/chromite/bin HOME=/home/jpmurphy JAVA_HOME=/etc/java-config-2/current-system-vm JDK_HOME=/etc/java-config-2/current-system-vm JAVAC=/etc/java-config-2/current-system-vm/bin/javac MAKEFLAGS=' -j16 --jobserver-auth=5,6' /usr/bin/cmake -S /mnt/host/source/src/platform/ec/zephyr/program/ocelot -B /mnt/host/source/src/platform/ec/build/zephyr/ocicat-ish/build-singleimage -GNinja -DCMAKE_EXPORT_COMPILE_COMMANDS=ON -DZEPHYR_BASE=/mnt/host/source/src/third_party/zephyr/main -DZMAKE_INCLUDE_DIR=/mnt/host/source/src/platform/ec/build/zephyr/ocicat-ish/include -DPython3_EXECUTABLE=/usr/bin/python3.11 -DDTS_ROOT=/mnt/host/source/src/platform/ec/zephyr -DSYSCALL_INCLUDE_DIRS=/mnt/host/source/src/platform/ec/zephyr/include/drivers -DUSER_CACHE_DIR=/mnt/host/source/src/platform/ec/build/zephyr/user-cache -DPW_ROOT=/mnt/host/source/src/third_party/pigweed -DNANOPB_DIR=/mnt/host/source/src/third_party/zephyr/nanopb '-DEXTRA_EC_VERSION_FLAGS=--version 16543.0.0 --static' -DTOOLCHAIN_ROOT=/mnt/host/source/src/platform/ec/zephyr -DCOREBOOT_SDK_ROOT_x86=/home/jpmurphy/.cache/coreboot-sdk/i386-elf/dfbb0486385d938cfa9d73080b9d18d598ed4f49 -DCOREBOOT_SDK_ROOT_picolibc_x86=/home/jpmurphy/.cache/coreboot-sdk/picolibc-i386-elf/eb8e8e687b95461de8cbf278f1c2076952d0ad17 -DCOREBOOT_SDK_ROOT_riscv64=/home/jpmurphy/.cache/coreboot-sdk/riscv64-elf/96b949749225b6aaa92ed810ab769e8dfb12f000 -DCOREBOOT_SDK_ROOT_picolibc_arm=/home/jpmurphy/.cache/coreboot-sdk/picolibc-arm-eabi/422a2aa3e1ef891b5bece9a3deb696ff83840d2e -DCOREBOOT_SDK_ROOT_nds32=/home/jpmurphy/.cache/coreboot-sdk/nds32le-elf/d1a518c4a097666d86058e1444f85ca015d15511 -DCOREBOOT_SDK_ROOT_picolibc_riscv64=/home/jpmurphy/.cache/coreboot-sdk/picolibc-riscv64-elf/f571e990ef0278564b31124f8bb109d9a697eb69 -DCOREBOOT_SDK_ROOT_arm=/home/jpmurphy/.cache/coreboot-sdk/arm-eabi/ea40ddd1d190c3b48435c474c0b545719371813a -DCOREBOOT_SDK_ROOT_libstdcxx_riscv64=/home/jpmurphy/.cache/coreboot-sdk/libstdcxx-riscv64-elf/17abf22a3a252e2d5d2062ced5324f7a623689e0 -DCOREBOOT_SDK_ROOT_libstdcxx_arm=/home/jpmurphy/.cache/coreboot-sdk/libstdcxx-arm-eabi/5d7d82e150e44aa1968f1d366e267e6687b328ac -DCOREBOOT_SDK_ROOT_riscv=/home/jpmurphy/.cache/coreboot-sdk/riscv-elf/9a27b9e82341c6e9126624f516ab3f261abb3e73 -DCOREBOOT_SDK_ROOT_libstdcxx_x86=/home/jpmurphy/.cache/coreboot-sdk/libstdcxx-i386-elf/42ef9d2e87a76a37963175d7d428734e65648b87 -DZEPHYR_TOOLCHAIN_VARIANT=coreboot-sdk '-DZEPHYR_MODULES=/mnt/host/source/src/platform/ec/build/zephyr/ocicat-ish/modules/ec;/mnt/host/source/src/platform/ec/build/zephyr/ocicat-ish/modules/cmsis;/mnt/host/source/src/platform/ec/build/zephyr/ocicat-ish/modules/cmsis_6;/mnt/host/source/src/platform/ec/build/zephyr/ocicat-ish/modules/hal_intel_public;/mnt/host/source/src/platform/ec/build/zephyr/ocicat-ish/modules/pigweed;/mnt/host/source/src/platform/ec/build/zephyr/ocicat-ish/modules/nanopb' -DDTC_OVERLAY_FILE=/mnt/host/source/src/platform/ec/zephyr/program/ocelot/ocicat-ish/project.overlay -DBOARD=intel_ish_5_8_0 '-DCONF_FILE=/mnt/host/source/src/platform/ec/zephyr/program/ocelot/ocicat-ish/prj.conf;/mnt/host/source/src/platform/ec/zephyr/program/ocelot/ocicat-ish/motionsense.conf;/mnt/host/source/src/platform/ec/zephyr/program/ocelot/dsp_comms.conf;/mnt/host/source/src/platform/ec/build/zephyr/ocicat-ish/kconfig-singleimage.conf'`
Running `env -i PYTHONPATH=/usr/lib64/python-exec/python3.11:/mnt/host/source/src/platform/ec/zephyr/zmake:/usr/lib/python311.zip:/usr/lib/python3.11:/usr/lib/python3.11/lib-dynload:/usr/lib/python3.11/site-packages PW_PIGWEED_CIPD_INSTALL_DIR=/usr CROSTC_USER_ACKNOWLEDGES_THAT_RISCV_IS_EXPERIMENTAL=1 PATH=/mnt/host/source/chromite/bin:/usr/local/bin:/usr/bin:/bin:/opt/bin:/mnt/host/source/chromite/sdk/bin:/mnt/host/source/chromite/bin HOME=/home/jpmurphy JAVA_HOME=/etc/java-config-2/current-system-vm JDK_HOME=/etc/java-config-2/current-system-vm JAVAC=/etc/java-config-2/current-system-vm/bin/javac MAKEFLAGS=' -j16 --jobserver-auth=5,6' /usr/bin/cmake -S /mnt/host/source/src/platform/ec/zephyr/program/bluey -B /mnt/host/source/src/platform/ec/build/zephyr/quartz/build-rw -GNinja -DCMAKE_EXPORT_COMPILE_COMMANDS=ON -DZEPHYR_BASE=/mnt/host/source/src/third_party/zephyr/main -DZMAKE_INCLUDE_DIR=/mnt/host/source/src/platform/ec/build/zephyr/quartz/include -DPython3_EXECUTABLE=/usr/bin/python3.11 -DDTS_ROOT=/mnt/host/source/src/platform/ec/zephyr -DSYSCALL_INCLUDE_DIRS=/mnt/host/source/src/platform/ec/zephyr/include/drivers -DUSER_CACHE_DIR=/mnt/host/source/src/platform/ec/build/zephyr/user-cache '-DEXTRA_EC_VERSION_FLAGS=--version 16543.0.0 --static' -DTOOLCHAIN_ROOT=/mnt/host/source/src/platform/ec/zephyr -DCOREBOOT_SDK_ROOT_x86=/home/jpmurphy/.cache/coreboot-sdk/i386-elf/dfbb0486385d938cfa9d73080b9d18d598ed4f49 -DCOREBOOT_SDK_ROOT_picolibc_x86=/home/jpmurphy/.cache/coreboot-sdk/picolibc-i386-elf/eb8e8e687b95461de8cbf278f1c2076952d0ad17 -DCOREBOOT_SDK_ROOT_riscv64=/home/jpmurphy/.cache/coreboot-sdk/riscv64-elf/96b949749225b6aaa92ed810ab769e8dfb12f000 -DCOREBOOT_SDK_ROOT_picolibc_arm=/home/jpmurphy/.cache/coreboot-sdk/picolibc-arm-eabi/422a2aa3e1ef891b5bece9a3deb696ff83840d2e -DCOREBOOT_SDK_ROOT_nds32=/home/jpmurphy/.cache/coreboot-sdk/nds32le-elf/d1a518c4a097666d86058e1444f85ca015d15511 -DCOREBOOT_SDK_ROOT_picolibc_riscv64=/home/jpmurphy/.cache/coreboot-sdk/picolibc-riscv64-elf/f571e990ef0278564b31124f8bb109d9a697eb69 -DCOREBOOT_SDK_ROOT_arm=/home/jpmurphy/.cache/coreboot-sdk/arm-eabi/ea40ddd1d190c3b48435c474c0b545719371813a -DCOREBOOT_SDK_ROOT_libstdcxx_riscv64=/home/jpmurphy/.cache/coreboot-sdk/libstdcxx-riscv64-elf/17abf22a3a252e2d5d2062ced5324f7a623689e0 -DCOREBOOT_SDK_ROOT_libstdcxx_arm=/home/jpmurphy/.cache/coreboot-sdk/libstdcxx-arm-eabi/5d7d82e150e44aa1968f1d366e267e6687b328ac -DCOREBOOT_SDK_ROOT_riscv=/home/jpmurphy/.cache/coreboot-sdk/riscv-elf/9a27b9e82341c6e9126624f516ab3f261abb3e73 -DCOREBOOT_SDK_ROOT_libstdcxx_x86=/home/jpmurphy/.cache/coreboot-sdk/libstdcxx-i386-elf/42ef9d2e87a76a37963175d7d428734e65648b87 -DZEPHYR_TOOLCHAIN_VARIANT=coreboot-sdk '-DZEPHYR_MODULES=/mnt/host/source/src/platform/ec/build/zephyr/quartz/modules/cmsis;/mnt/host/source/src/platform/ec/build/zephyr/quartz/modules/cmsis_6;/mnt/host/source/src/platform/ec/build/zephyr/quartz/modules/ec;/mnt/host/source/src/platform/ec/build/zephyr/quartz/modules/google-private' -DDTC_OVERLAY_FILE=/mnt/host/source/src/platform/ec/zephyr/program/bluey/quartz/project.overlay -DBOARD=npcx9/npcx9m7fb -DCMAKE_C_FLAGS=-DSECTION_IS_RW '-DCONF_FILE=/mnt/host/source/src/platform/ec/zephyr/program/bluey/program.conf;/mnt/host/source/src/platform/ec/zephyr/program/bluey/quartz/project.conf;/mnt/host/source/src/platform/ec/build/zephyr/quartz/kconfig-rw.conf'`
[nivviks:rw] Configuring.
Running `env -i PYTHONPATH=/usr/lib64/python-exec/python3.11:/mnt/host/source/src/platform/ec/zephyr/zmake:/usr/lib/python311.zip:/usr/lib/python3.11:/usr/lib/python3.11/lib-dynload:/usr/lib/python3.11/site-packages PW_PIGWEED_CIPD_INSTALL_DIR=/usr CROSTC_USER_ACKNOWLEDGES_THAT_RISCV_IS_EXPERIMENTAL=1 PATH=/mnt/host/source/chromite/bin:/usr/local/bin:/usr/bin:/bin:/opt/bin:/mnt/host/source/chromite/sdk/bin:/mnt/host/source/chromite/bin HOME=/home/jpmurphy JAVA_HOME=/etc/java-config-2/current-system-vm JDK_HOME=/etc/java-config-2/current-system-vm JAVAC=/etc/java-config-2/current-system-vm/bin/javac MAKEFLAGS=' -j16 --jobserver-auth=5,6' /usr/bin/cmake -S /mnt/host/source/src/platform/ec/zephyr/program/nissa -B /mnt/host/source/src/platform/ec/build/zephyr/nivviks/build-rw -GNinja -DCMAKE_EXPORT_COMPILE_COMMANDS=ON -DZEPHYR_BASE=/mnt/host/source/src/third_party/zephyr/main -DZMAKE_INCLUDE_DIR=/mnt/host/source/src/platform/ec/build/zephyr/nivviks/include -DPython3_EXECUTABLE=/usr/bin/python3.11 -DDTS_ROOT=/mnt/host/source/src/platform/ec/zephyr -DSYSCALL_INCLUDE_DIRS=/mnt/host/source/src/platform/ec/zephyr/include/drivers -DUSER_CACHE_DIR=/mnt/host/source/src/platform/ec/build/zephyr/user-cache '-DEXTRA_EC_VERSION_FLAGS=--version 16543.0.0 --static' -DTOOLCHAIN_ROOT=/mnt/host/source/src/platform/ec/zephyr -DCOREBOOT_SDK_ROOT_x86=/home/jpmurphy/.cache/coreboot-sdk/i386-elf/dfbb0486385d938cfa9d73080b9d18d598ed4f49 -DCOREBOOT_SDK_ROOT_picolibc_x86=/home/jpmurphy/.cache/coreboot-sdk/picolibc-i386-elf/eb8e8e687b95461de8cbf278f1c2076952d0ad17 -DCOREBOOT_SDK_ROOT_riscv64=/home/jpmurphy/.cache/coreboot-sdk/riscv64-elf/96b949749225b6aaa92ed810ab769e8dfb12f000 -DCOREBOOT_SDK_ROOT_picolibc_arm=/home/jpmurphy/.cache/coreboot-sdk/picolibc-arm-eabi/422a2aa3e1ef891b5bece9a3deb696ff83840d2e -DCOREBOOT_SDK_ROOT_nds32=/home/jpmurphy/.cache/coreboot-sdk/nds32le-elf/d1a518c4a097666d86058e1444f85ca015d15511 -DCOREBOOT_SDK_ROOT_picolibc_riscv64=/home/jpmurphy/.cache/coreboot-sdk/picolibc-riscv64-elf/f571e990ef0278564b31124f8bb109d9a697eb69 -DCOREBOOT_SDK_ROOT_arm=/home/jpmurphy/.cache/coreboot-sdk/arm-eabi/ea40ddd1d190c3b48435c474c0b545719371813a -DCOREBOOT_SDK_ROOT_libstdcxx_riscv64=/home/jpmurphy/.cache/coreboot-sdk/libstdcxx-riscv64-elf/17abf22a3a252e2d5d2062ced5324f7a623689e0 -DCOREBOOT_SDK_ROOT_libstdcxx_arm=/home/jpmurphy/.cache/coreboot-sdk/libstdcxx-arm-eabi/5d7d82e150e44aa1968f1d366e267e6687b328ac -DCOREBOOT_SDK_ROOT_riscv=/home/jpmurphy/.cache/coreboot-sdk/riscv-elf/9a27b9e82341c6e9126624f516ab3f261abb3e73 -DCOREBOOT_SDK_ROOT_libstdcxx_x86=/home/jpmurphy/.cache/coreboot-sdk/libstdcxx-i386-elf/42ef9d2e87a76a37963175d7d428734e65648b87 -DZEPHYR_TOOLCHAIN_VARIANT=coreboot-sdk '-DZEPHYR_MODULES=/mnt/host/source/src/platform/ec/build/zephyr/nivviks/modules/cmsis;/mnt/host/source/src/platform/ec/build/zephyr/nivviks/modules/cmsis_6;/mnt/host/source/src/platform/ec/build/zephyr/nivviks/modules/ec' -DDTC_OVERLAY_FILE=/mnt/host/source/src/platform/ec/zephyr/program/nissa/nivviks/project.overlay -DBOARD=npcx9/npcx9m3f -DCMAKE_C_FLAGS=-DSECTION_IS_RW '-DCONF_FILE=/mnt/host/source/src/platform/ec/zephyr/program/nissa/program.conf;/mnt/host/source/src/platform/ec/zephyr/program/nissa/npcx_program.conf;/mnt/host/source/src/platform/ec/zephyr/program/nissa/nivviks/project.conf;/mnt/host/source/src/platform/ec/build/zephyr/nivviks/kconfig-rw.conf'`
[roach:rw] Configuring.
[adlrvp_mchp:ro] Configuring.
Running `env -i PYTHONPATH=/usr/lib64/python-exec/python3.11:/mnt/host/source/src/platform/ec/zephyr/zmake:/usr/lib/python311.zip:/usr/lib/python3.11:/usr/lib/python3.11/lib-dynload:/usr/lib/python3.11/site-packages PW_PIGWEED_CIPD_INSTALL_DIR=/usr CROSTC_USER_ACKNOWLEDGES_THAT_RISCV_IS_EXPERIMENTAL=1 PATH=/mnt/host/source/chromite/bin:/usr/local/bin:/usr/bin:/bin:/opt/bin:/mnt/host/source/chromite/sdk/bin:/mnt/host/source/chromite/bin HOME=/home/jpmurphy JAVA_HOME=/etc/java-config-2/current-system-vm JDK_HOME=/etc/java-config-2/current-system-vm JAVAC=/etc/java-config-2/current-system-vm/bin/javac MAKEFLAGS=' -j16 --jobserver-auth=5,6' /usr/bin/cmake -S /mnt/host/source/src/platform/ec/zephyr/program/roach -B /mnt/host/source/src/platform/ec/build/zephyr/roach/build-rw -GNinja -DCMAKE_EXPORT_COMPILE_COMMANDS=ON -DZEPHYR_BASE=/mnt/host/source/src/third_party/zephyr/main -DZMAKE_INCLUDE_DIR=/mnt/host/source/src/platform/ec/build/zephyr/roach/include -DPython3_EXECUTABLE=/usr/bin/python3.11 -DDTS_ROOT=/mnt/host/source/src/platform/ec/zephyr -DSYSCALL_INCLUDE_DIRS=/mnt/host/source/src/platform/ec/zephyr/include/drivers -DUSER_CACHE_DIR=/mnt/host/source/src/platform/ec/build/zephyr/user-cache '-DEXTRA_EC_VERSION_FLAGS=--version 16543.0.0 --static' -DTOOLCHAIN_ROOT=/mnt/host/source/src/platform/ec/zephyr -DCOREBOOT_SDK_ROOT_x86=/home/jpmurphy/.cache/coreboot-sdk/i386-elf/dfbb0486385d938cfa9d73080b9d18d598ed4f49 -DCOREBOOT_SDK_ROOT_picolibc_x86=/home/jpmurphy/.cache/coreboot-sdk/picolibc-i386-elf/eb8e8e687b95461de8cbf278f1c2076952d0ad17 -DCOREBOOT_SDK_ROOT_riscv64=/home/jpmurphy/.cache/coreboot-sdk/riscv64-elf/96b949749225b6aaa92ed810ab769e8dfb12f000 -DCOREBOOT_SDK_ROOT_picolibc_arm=/home/jpmurphy/.cache/coreboot-sdk/picolibc-arm-eabi/422a2aa3e1ef891b5bece9a3deb696ff83840d2e -DCOREBOOT_SDK_ROOT_nds32=/home/jpmurphy/.cache/coreboot-sdk/nds32le-elf/d1a518c4a097666d86058e1444f85ca015d15511 -DCOREBOOT_SDK_ROOT_picolibc_riscv64=/home/jpmurphy/.cache/coreboot-sdk/picolibc-riscv64-elf/f571e990ef0278564b31124f8bb109d9a697eb69 -DCOREBOOT_SDK_ROOT_arm=/home/jpmurphy/.cache/coreboot-sdk/arm-eabi/ea40ddd1d190c3b48435c474c0b545719371813a -DCOREBOOT_SDK_ROOT_libstdcxx_riscv64=/home/jpmurphy/.cache/coreboot-sdk/libstdcxx-riscv64-elf/17abf22a3a252e2d5d2062ced5324f7a623689e0 -DCOREBOOT_SDK_ROOT_libstdcxx_arm=/home/jpmurphy/.cache/coreboot-sdk/libstdcxx-arm-eabi/5d7d82e150e44aa1968f1d366e267e6687b328ac -DCOREBOOT_SDK_ROOT_riscv=/home/jpmurphy/.cache/coreboot-sdk/riscv-elf/9a27b9e82341c6e9126624f516ab3f261abb3e73 -DCOREBOOT_SDK_ROOT_libstdcxx_x86=/home/jpmurphy/.cache/coreboot-sdk/libstdcxx-i386-elf/42ef9d2e87a76a37963175d7d428734e65648b87 -DZEPHYR_TOOLCHAIN_VARIANT=coreboot-sdk -DZEPHYR_MODULES=/mnt/host/source/src/platform/ec/build/zephyr/roach/modules/ec -DDTC_OVERLAY_FILE=/mnt/host/source/src/platform/ec/zephyr/program/roach/roach/project.overlay -DBOARD=it8xxx2/it82202ax/512 -DCMAKE_C_FLAGS=-DSECTION_IS_RW '-DCONF_FILE=/mnt/host/source/src/platform/ec/zephyr/program/roach/program.conf;/mnt/host/source/src/platform/ec/zephyr/program/roach/roach/project.conf;/mnt/host/source/src/platform/ec/build/zephyr/roach/kconfig-rw.conf'`
[adlrvp_mchp:rw] Configuring.
Running `env -i PYTHONPATH=/usr/lib64/python-exec/python3.11:/mnt/host/source/src/platform/ec/zephyr/zmake:/usr/lib/python311.zip:/usr/lib/python3.11:/usr/lib/python3.11/lib-dynload:/usr/lib/python3.11/site-packages PW_PIGWEED_CIPD_INSTALL_DIR=/usr CROSTC_USER_ACKNOWLEDGES_THAT_RISCV_IS_EXPERIMENTAL=1 PATH=/mnt/host/source/chromite/bin:/usr/local/bin:/usr/bin:/bin:/opt/bin:/mnt/host/source/chromite/sdk/bin:/mnt/host/source/chromite/bin HOME=/home/jpmurphy JAVA_HOME=/etc/java-config-2/current-system-vm JDK_HOME=/etc/java-config-2/current-system-vm JAVAC=/etc/java-config-2/current-system-vm/bin/javac MAKEFLAGS=' -j16 --jobserver-auth=5,6' /usr/bin/cmake -S /mnt/host/source/src/platform/ec/zephyr/program/intelrvp -B /mnt/host/source/src/platform/ec/build/zephyr/adlrvp_mchp/build-rw -GNinja -DCMAKE_EXPORT_COMPILE_COMMANDS=ON -DZEPHYR_BASE=/mnt/host/source/src/third_party/zephyr/main -DZMAKE_INCLUDE_DIR=/mnt/host/source/src/platform/ec/build/zephyr/adlrvp_mchp/include -DPython3_EXECUTABLE=/usr/bin/python3.11 -DDTS_ROOT=/mnt/host/source/src/platform/ec/zephyr -DSYSCALL_INCLUDE_DIRS=/mnt/host/source/src/platform/ec/zephyr/include/drivers -DUSER_CACHE_DIR=/mnt/host/source/src/platform/ec/build/zephyr/user-cache '-DEXTRA_EC_VERSION_FLAGS=--version 16543.0.0 --static' -DTOOLCHAIN_ROOT=/mnt/host/source/src/platform/ec/zephyr -DCOREBOOT_SDK_ROOT_x86=/home/jpmurphy/.cache/coreboot-sdk/i386-elf/dfbb0486385d938cfa9d73080b9d18d598ed4f49 -DCOREBOOT_SDK_ROOT_picolibc_x86=/home/jpmurphy/.cache/coreboot-sdk/picolibc-i386-elf/eb8e8e687b95461de8cbf278f1c2076952d0ad17 -DCOREBOOT_SDK_ROOT_riscv64=/home/jpmurphy/.cache/coreboot-sdk/riscv64-elf/96b949749225b6aaa92ed810ab769e8dfb12f000 -DCOREBOOT_SDK_ROOT_picolibc_arm=/home/jpmurphy/.cache/coreboot-sdk/picolibc-arm-eabi/422a2aa3e1ef891b5bece9a3deb696ff83840d2e -DCOREBOOT_SDK_ROOT_nds32=/home/jpmurphy/.cache/coreboot-sdk/nds32le-elf/d1a518c4a097666d86058e1444f85ca015d15511 -DCOREBOOT_SDK_ROOT_picolibc_riscv64=/home/jpmurphy/.cache/coreboot-sdk/picolibc-riscv64-elf/f571e990ef0278564b31124f8bb109d9a697eb69 -DCOREBOOT_SDK_ROOT_arm=/home/jpmurphy/.cache/coreboot-sdk/arm-eabi/ea40ddd1d190c3b48435c474c0b545719371813a -DCOREBOOT_SDK_ROOT_libstdcxx_riscv64=/home/jpmurphy/.cache/coreboot-sdk/libstdcxx-riscv64-elf/17abf22a3a252e2d5d2062ced5324f7a623689e0 -DCOREBOOT_SDK_ROOT_libstdcxx_arm=/home/jpmurphy/.cache/coreboot-sdk/libstdcxx-arm-eabi/5d7d82e150e44aa1968f1d366e267e6687b328ac -DCOREBOOT_SDK_ROOT_riscv=/home/jpmurphy/.cache/coreboot-sdk/riscv-elf/9a27b9e82341c6e9126624f516ab3f261abb3e73 -DCOREBOOT_SDK_ROOT_libstdcxx_x86=/home/jpmurphy/.cache/coreboot-sdk/libstdcxx-i386-elf/42ef9d2e87a76a37963175d7d428734e65648b87 -DZEPHYR_TOOLCHAIN_VARIANT=coreboot-sdk '-DZEPHYR_MODULES=/mnt/host/source/src/platform/ec/build/zephyr/adlrvp_mchp/modules/cmsis;/mnt/host/source/src/platform/ec/build/zephyr/adlrvp_mchp/modules/cmsis_6;/mnt/host/source/src/platform/ec/build/zephyr/adlrvp_mchp/modules/ec' '-DDTC_OVERLAY_FILE=/mnt/host/source/src/platform/ec/zephyr/program/intelrvp/adlrvp/battery.dts;/mnt/host/source/src/platform/ec/zephyr/program/intelrvp/adlrvp/ioex.dts;/mnt/host/source/src/platform/ec/zephyr/program/intelrvp/adlrvp/adlrvp_mchp/adc.dts;/mnt/host/source/src/platform/ec/zephyr/program/intelrvp/adlrvp/adlrvp_mchp/adlrvp_mchp.dts;/mnt/host/source/src/platform/ec/zephyr/program/intelrvp/adlrvp/adlrvp_mchp/gpio.dts;/mnt/host/source/src/platform/ec/zephyr/program/intelrvp/adlrvp/adlrvp_mchp/interrupts.dts;/mnt/host/source/src/platform/ec/zephyr/program/intelrvp/adlrvp/adlrvp_mchp/keyboard.dts;/mnt/host/source/src/platform/ec/zephyr/program/intelrvp/adlrvp/adlrvp_mchp/usbc.dts' -DBOARD=mec172x/mec172x_nsz/mec1727 -DCMAKE_C_FLAGS=-DSECTION_IS_RW '-DCONF_FILE=/mnt/host/source/src/platform/ec/zephyr/program/intelrvp/program.conf;/mnt/host/source/src/platform/ec/zephyr/program/intelrvp/adlrvp/prj.conf;/mnt/host/source/src/platform/ec/zephyr/program/intelrvp/legacy_ec_pwrseq.conf;/mnt/host/source/src/platform/ec/zephyr/program/intelrvp/adlrvp/adlrvp_mchp/prj.conf;/mnt/host/source/src/platform/ec/build/zephyr/adlrvp_mchp/kconfig-rw.conf'`
Running `env -i PYTHONPATH=/usr/lib64/python-exec/python3.11:/mnt/host/source/src/platform/ec/zephyr/zmake:/usr/lib/python311.zip:/usr/lib/python3.11:/usr/lib/python3.11/lib-dynload:/usr/lib/python3.11/site-packages PW_PIGWEED_CIPD_INSTALL_DIR=/usr CROSTC_USER_ACKNOWLEDGES_THAT_RISCV_IS_EXPERIMENTAL=1 PATH=/mnt/host/source/chromite/bin:/usr/local/bin:/usr/bin:/bin:/opt/bin:/mnt/host/source/chromite/sdk/bin:/mnt/host/source/chromite/bin HOME=/home/jpmurphy JAVA_HOME=/etc/java-config-2/current-system-vm JDK_HOME=/etc/java-config-2/current-system-vm JAVAC=/etc/java-config-2/current-system-vm/bin/javac MAKEFLAGS=' -j16 --jobserver-auth=5,6' /usr/bin/cmake -S /mnt/host/source/src/platform/ec/zephyr/program/intelrvp -B /mnt/host/source/src/platform/ec/build/zephyr/adlrvp_mchp/build-ro -GNinja -DCMAKE_EXPORT_COMPILE_COMMANDS=ON -DZEPHYR_BASE=/mnt/host/source/src/third_party/zephyr/main -DZMAKE_INCLUDE_DIR=/mnt/host/source/src/platform/ec/build/zephyr/adlrvp_mchp/include -DPython3_EXECUTABLE=/usr/bin/python3.11 -DDTS_ROOT=/mnt/host/source/src/platform/ec/zephyr -DSYSCALL_INCLUDE_DIRS=/mnt/host/source/src/platform/ec/zephyr/include/drivers -DUSER_CACHE_DIR=/mnt/host/source/src/platform/ec/build/zephyr/user-cache '-DEXTRA_EC_VERSION_FLAGS=--version 16543.0.0 --static' -DTOOLCHAIN_ROOT=/mnt/host/source/src/platform/ec/zephyr -DCOREBOOT_SDK_ROOT_x86=/home/jpmurphy/.cache/coreboot-sdk/i386-elf/dfbb0486385d938cfa9d73080b9d18d598ed4f49 -DCOREBOOT_SDK_ROOT_picolibc_x86=/home/jpmurphy/.cache/coreboot-sdk/picolibc-i386-elf/eb8e8e687b95461de8cbf278f1c2076952d0ad17 -DCOREBOOT_SDK_ROOT_riscv64=/home/jpmurphy/.cache/coreboot-sdk/riscv64-elf/96b949749225b6aaa92ed810ab769e8dfb12f000 -DCOREBOOT_SDK_ROOT_picolibc_arm=/home/jpmurphy/.cache/coreboot-sdk/picolibc-arm-eabi/422a2aa3e1ef891b5bece9a3deb696ff83840d2e -DCOREBOOT_SDK_ROOT_nds32=/home/jpmurphy/.cache/coreboot-sdk/nds32le-elf/d1a518c4a097666d86058e1444f85ca015d15511 -DCOREBOOT_SDK_ROOT_picolibc_riscv64=/home/jpmurphy/.cache/coreboot-sdk/picolibc-riscv64-elf/f571e990ef0278564b31124f8bb109d9a697eb69 -DCOREBOOT_SDK_ROOT_arm=/home/jpmurphy/.cache/coreboot-sdk/arm-eabi/ea40ddd1d190c3b48435c474c0b545719371813a -DCOREBOOT_SDK_ROOT_libstdcxx_riscv64=/home/jpmurphy/.cache/coreboot-sdk/libstdcxx-riscv64-elf/17abf22a3a252e2d5d2062ced5324f7a623689e0 -DCOREBOOT_SDK_ROOT_libstdcxx_arm=/home/jpmurphy/.cache/coreboot-sdk/libstdcxx-arm-eabi/5d7d82e150e44aa1968f1d366e267e6687b328ac -DCOREBOOT_SDK_ROOT_riscv=/home/jpmurphy/.cache/coreboot-sdk/riscv-elf/9a27b9e82341c6e9126624f516ab3f261abb3e73 -DCOREBOOT_SDK_ROOT_libstdcxx_x86=/home/jpmurphy/.cache/coreboot-sdk/libstdcxx-i386-elf/42ef9d2e87a76a37963175d7d428734e65648b87 -DZEPHYR_TOOLCHAIN_VARIANT=coreboot-sdk '-DZEPHYR_MODULES=/mnt/host/source/src/platform/ec/build/zephyr/adlrvp_mchp/modules/cmsis;/mnt/host/source/src/platform/ec/build/zephyr/adlrvp_mchp/modules/cmsis_6;/mnt/host/source/src/platform/ec/build/zephyr/adlrvp_mchp/modules/ec' '-DDTC_OVERLAY_FILE=/mnt/host/source/src/platform/ec/zephyr/program/intelrvp/adlrvp/battery.dts;/mnt/host/source/src/platform/ec/zephyr/program/intelrvp/adlrvp/ioex.dts;/mnt/host/source/src/platform/ec/zephyr/program/intelrvp/adlrvp/adlrvp_mchp/adc.dts;/mnt/host/source/src/platform/ec/zephyr/program/intelrvp/adlrvp/adlrvp_mchp/adlrvp_mchp.dts;/mnt/host/source/src/platform/ec/zephyr/program/intelrvp/adlrvp/adlrvp_mchp/gpio.dts;/mnt/host/source/src/platform/ec/zephyr/program/intelrvp/adlrvp/adlrvp_mchp/interrupts.dts;/mnt/host/source/src/platform/ec/zephyr/program/intelrvp/adlrvp/adlrvp_mchp/keyboard.dts;/mnt/host/source/src/platform/ec/zephyr/program/intelrvp/adlrvp/adlrvp_mchp/usbc.dts' -DBOARD=mec172x/mec172x_nsz/mec1727 -DCMAKE_C_FLAGS=-DSECTION_IS_RO '-DCONF_FILE=/mnt/host/source/src/platform/ec/zephyr/program/intelrvp/program.conf;/mnt/host/source/src/platform/ec/zephyr/program/intelrvp/adlrvp/prj.conf;/mnt/host/source/src/platform/ec/zephyr/program/intelrvp/legacy_ec_pwrseq.conf;/mnt/host/source/src/platform/ec/zephyr/program/intelrvp/adlrvp/adlrvp_mchp/prj.conf;/mnt/host/source/src/platform/ec/build/zephyr/adlrvp_mchp/kconfig-ro.conf'`
[screebo:ro] Loading Zephyr default modules (Zephyr base (cached)).
[axii:ro] Loading Zephyr default modules (Zephyr base (cached)).
[pujjoga:ro] Loading Zephyr default modules (Zephyr base (cached)).
[npcx_monitor:singleimage] Loading Zephyr default modules (Zephyr base (cached)).
[screebo:rw] Loading Zephyr default modules (Zephyr base (cached)).
[gothrax:rw] Loading Zephyr default modules (Zephyr base (cached)).
[adlrvp_mchp:ro] Loading Zephyr default modules (Zephyr base (cached)).
[felino4es:ro] -- Application: /mnt/host/source/src/platform/ec/zephyr/program/fatcat
[felino4es:ro] Loading Zephyr default modules (Zephyr base (cached)).
[pujjoga:ro] -- Application: /mnt/host/source/src/platform/ec/zephyr/program/nissa
[gothrax:ro] -- Application: /mnt/host/source/src/platform/ec/zephyr/program/nissa
[felino4es:rw] -- Application: /mnt/host/source/src/platform/ec/zephyr/program/fatcat
[felino4es:rw] Loading Zephyr default modules (Zephyr base (cached)).
[npcx_monitor:singleimage] -- Application: /mnt/host/source/src/platform/ec/zephyr/program/npcx_evb/npcx_monitor
[gothrax:ro] Loading Zephyr default modules (Zephyr base (cached)).
[screebo:ro] -- Application: /mnt/host/source/src/platform/ec/zephyr/program/rex
[screebo:rw] -- Application: /mnt/host/source/src/platform/ec/zephyr/program/rex
[gothrax:rw] -- Application: /mnt/host/source/src/platform/ec/zephyr/program/nissa
[axii:ro] -- Application: /mnt/host/source/src/platform/ec/zephyr/program/roach
[ocicat-ish:singleimage] -- Application: /mnt/host/source/src/platform/ec/zephyr/program/ocelot
[ocicat-ish:singleimage] Loading Zephyr default modules (Zephyr base (cached)).
[quartz:rw] -- Application: /mnt/host/source/src/platform/ec/zephyr/program/bluey
[quartz:rw] Loading Zephyr default modules (Zephyr base (cached)).
[nivviks:rw] -- Application: /mnt/host/source/src/platform/ec/zephyr/program/nissa
[nivviks:rw] Loading Zephyr default modules (Zephyr base (cached)).
[adlrvp_mchp:rw] -- Application: /mnt/host/source/src/platform/ec/zephyr/program/intelrvp
[adlrvp_mchp:rw] Loading Zephyr default modules (Zephyr base (cached)).
[adlrvp_mchp:ro] -- Application: /mnt/host/source/src/platform/ec/zephyr/program/intelrvp
[matsu_it82000:ro] Loading Zephyr default modules (Zephyr base (cached)).
[matsu_it82000:ro] -- Application: /mnt/host/source/src/platform/ec/zephyr/program/ocelot
[roach:rw] Loading Zephyr default modules (Zephyr base (cached)).
[roach:rw] -- Application: /mnt/host/source/src/platform/ec/zephyr/program/roach
[roach:rw] -- CMake version: 3.31.7
[roach:rw] -- Found Python3: /usr/bin/python3.11 (found suitable version "3.11.11", minimum required is "3.10") found components: Interpreter
[roach:rw] -- Cache files will be written to: /mnt/host/source/src/platform/ec/build/zephyr/user-cache
[adlrvp_mchp:ro] -- CMake version: 3.31.7
[adlrvp_mchp:ro] -- Found Python3: /usr/bin/python3.11 (found suitable version "3.11.11", minimum required is "3.10") found components: Interpreter
[adlrvp_mchp:ro] -- Cache files will be written to: /mnt/host/source/src/platform/ec/build/zephyr/user-cache
[roach:rw] -- Zephyr version: 4.3.99 (/mnt/host/source/src/third_party/zephyr/main)
[pujjoga:ro] -- CMake version: 3.31.7
[pujjoga:ro] -- Found Python3: /usr/bin/python3.11 (found suitable version "3.11.11", minimum required is "3.10") found components: Interpreter
[adlrvp_mchp:ro] -- Zephyr version: 4.3.99 (/mnt/host/source/src/third_party/zephyr/main)
[pujjoga:ro] -- Cache files will be written to: /mnt/host/source/src/platform/ec/build/zephyr/user-cache
[felino4es:rw] -- CMake version: 3.31.7
[felino4es:rw] -- Found Python3: /usr/bin/python3.11 (found suitable version "3.11.11", minimum required is "3.10") found components: Interpreter
[screebo:ro] -- CMake version: 3.31.7
[screebo:ro] -- Found Python3: /usr/bin/python3.11 (found suitable version "3.11.11", minimum required is "3.10") found components: Interpreter
[screebo:ro] -- Cache files will be written to: /mnt/host/source/src/platform/ec/build/zephyr/user-cache
[screebo:rw] -- CMake version: 3.31.7
[screebo:rw] -- Found Python3: /usr/bin/python3.11 (found suitable version "3.11.11", minimum required is "3.10") found components: Interpreter
[screebo:rw] -- Cache files will be written to: /mnt/host/source/src/platform/ec/build/zephyr/user-cache
[pujjoga:ro] -- Zephyr version: 4.3.99 (/mnt/host/source/src/third_party/zephyr/main)
[screebo:ro] -- Zephyr version: 4.3.99 (/mnt/host/source/src/third_party/zephyr/main)
[felino4es:rw] -- Cache files will be written to: /mnt/host/source/src/platform/ec/build/zephyr/user-cache
[screebo:rw] -- Zephyr version: 4.3.99 (/mnt/host/source/src/third_party/zephyr/main)
[felino4es:rw] -- Zephyr version: 4.3.99 (/mnt/host/source/src/third_party/zephyr/main)
[felino4es:ro] -- CMake version: 3.31.7
[felino4es:ro] -- Found Python3: /usr/bin/python3.11 (found suitable version "3.11.11", minimum required is "3.10") found components: Interpreter
[felino4es:ro] -- Cache files will be written to: /mnt/host/source/src/platform/ec/build/zephyr/user-cache
[npcx_monitor:singleimage] -- CMake version: 3.31.7
[npcx_monitor:singleimage] -- Found Python3: /usr/bin/python3.11 (found suitable version "3.11.11", minimum required is "3.10") found components: Interpreter
[npcx_monitor:singleimage] -- Cache files will be written to: /mnt/host/source/src/platform/ec/build/zephyr/user-cache
[nivviks:rw] -- CMake version: 3.31.7
[nivviks:rw] -- Found Python3: /usr/bin/python3.11 (found suitable version "3.11.11", minimum required is "3.10") found components: Interpreter
[npcx_monitor:singleimage] -- Zephyr version: 4.3.99 (/mnt/host/source/src/third_party/zephyr/main)
[felino4es:ro] -- Zephyr version: 4.3.99 (/mnt/host/source/src/third_party/zephyr/main)
[axii:ro] -- CMake version: 3.31.7
[axii:ro] -- Found Python3: /usr/bin/python3.11 (found suitable version "3.11.11", minimum required is "3.10") found components: Interpreter
[adlrvp_mchp:rw] -- CMake version: 3.31.7
[adlrvp_mchp:rw] -- Found Python3: /usr/bin/python3.11 (found suitable version "3.11.11", minimum required is "3.10") found components: Interpreter
[axii:ro] -- Cache files will be written to: /mnt/host/source/src/platform/ec/build/zephyr/user-cache
[nivviks:rw] -- Cache files will be written to: /mnt/host/source/src/platform/ec/build/zephyr/user-cache
[adlrvp_mchp:rw] -- Cache files will be written to: /mnt/host/source/src/platform/ec/build/zephyr/user-cache
[nivviks:rw] -- Zephyr version: 4.3.99 (/mnt/host/source/src/third_party/zephyr/main)
[ocicat-ish:singleimage] -- CMake version: 3.31.7
[ocicat-ish:singleimage] -- Found Python3: /usr/bin/python3.11 (found suitable version "3.11.11", minimum required is "3.10") found components: Interpreter
[gothrax:ro] -- CMake version: 3.31.7
[gothrax:ro] -- Found Python3: /usr/bin/python3.11 (found suitable version "3.11.11", minimum required is "3.10") found components: Interpreter
[ocicat-ish:singleimage] -- Cache files will be written to: /mnt/host/source/src/platform/ec/build/zephyr/user-cache
[gothrax:ro] -- Cache files will be written to: /mnt/host/source/src/platform/ec/build/zephyr/user-cache
[ocicat-ish:singleimage] -- Zephyr version: 4.3.99 (/mnt/host/source/src/third_party/zephyr/main)
[gothrax:rw] -- CMake version: 3.31.7
[gothrax:rw] -- Found Python3: /usr/bin/python3.11 (found suitable version "3.11.11", minimum required is "3.10") found components: Interpreter
[gothrax:rw] -- Cache files will be written to: /mnt/host/source/src/platform/ec/build/zephyr/user-cache
[axii:ro] -- Zephyr version: 4.3.99 (/mnt/host/source/src/third_party/zephyr/main)
[matsu_it82000:ro] -- CMake version: 3.31.7
[matsu_it82000:ro] -- Found Python3: /usr/bin/python3.11 (found suitable version "3.11.11", minimum required is "3.10") found components: Interpreter
[matsu_it82000:ro] -- Cache files will be written to: /mnt/host/source/src/platform/ec/build/zephyr/user-cache
[quartz:rw] -- CMake version: 3.31.7
[quartz:rw] -- Found Python3: /usr/bin/python3.11 (found suitable version "3.11.11", minimum required is "3.10") found components: Interpreter
[gothrax:ro] -- Zephyr version: 4.3.99 (/mnt/host/source/src/third_party/zephyr/main)
[gothrax:rw] -- Zephyr version: 4.3.99 (/mnt/host/source/src/third_party/zephyr/main)
[quartz:rw] -- Cache files will be written to: /mnt/host/source/src/platform/ec/build/zephyr/user-cache
[quartz:rw] -- Zephyr version: 4.3.99 (/mnt/host/source/src/third_party/zephyr/main)
[matsu_it82000:ro] -- Zephyr version: 4.3.99 (/mnt/host/source/src/third_party/zephyr/main)
[gothrax:rw] -- Board: it8xxx2, qualifiers: it81302bx
[felino4es:ro] -- Board: it8xxx2, qualifiers: it82002aw
[gothrax:ro] -- Board: it8xxx2, qualifiers: it81302bx
[pujjoga:ro] -- Board: npcx9, qualifiers: npcx9m3f
[roach:rw] -- Board: it8xxx2, qualifiers: it82202ax/512
[ocicat-ish:singleimage] -- Board: intel_ish_5_8_0, qualifiers: intel_ish_5_8_0
[nivviks:rw] -- Board: npcx9, qualifiers: npcx9m3f
[adlrvp_mchp:rw] -- Zephyr version: 4.3.99 (/mnt/host/source/src/third_party/zephyr/main)
[adlrvp_mchp:rw] -- Board: mec172x, qualifiers: mec172x_nsz/mec1727
[adlrvp_mchp:ro] -- Board: mec172x, qualifiers: mec172x_nsz/mec1727
[matsu_it82000:ro] -- Board: it8xxx2, qualifiers: it82000bw
[axii:ro] -- Board: it8xxx2, qualifiers: it82202ax/512
[quartz:rw] -- Board: npcx9, qualifiers: npcx9m7fb
[felino4es:rw] -- Board: it8xxx2, qualifiers: it82002aw
[npcx_monitor:singleimage] -- Board: npcx_evb, qualifiers: npcx9m6f
[screebo:rw] -- Board: npcx9, qualifiers: npcx9m7f
[screebo:ro] -- Board: npcx9, qualifiers: npcx9m7f
[pujjoga:ro] -- Found Dtc: /usr/bin/dtc (found suitable version "1.6.0", minimum required is "1.4.6")
[npcx_monitor:singleimage] -- Found Dtc: /usr/bin/dtc (found suitable version "1.6.0", minimum required is "1.4.6")
[matsu_it82000:ro] -- Found Dtc: /usr/bin/dtc (found suitable version "1.6.0", minimum required is "1.4.6")
[felino4es:rw] -- Found Dtc: /usr/bin/dtc (found suitable version "1.6.0", minimum required is "1.4.6")
[ocicat-ish:singleimage] -- Found Dtc: /usr/bin/dtc (found suitable version "1.6.0", minimum required is "1.4.6")
[npcx_monitor:singleimage] -- Found BOARD.dts: /mnt/host/source/src/platform/ec/zephyr/boards/nuvoton/npcx_evb/npcx_evb_npcx9m6f.dts
[npcx_monitor:singleimage] -- Found devicetree overlay: /mnt/host/source/src/platform/ec/zephyr/program/npcx_evb/npcx_monitor/prj.dts
[pujjoga:ro] -- Found BOARD.dts: /mnt/host/source/src/platform/ec/zephyr/boards/google/npcx9/npcx9_npcx9m3f.dts
[ocicat-ish:singleimage] -- Found BOARD.dts: /mnt/host/source/src/third_party/zephyr/main/boards/intel/ish/intel_ish_5_8_0.dts
[ocicat-ish:singleimage] -- Found devicetree overlay: /mnt/host/source/src/platform/ec/zephyr/program/ocelot/ocicat-ish/project.overlay
[axii:ro] -- Found Dtc: /usr/bin/dtc (found suitable version "1.6.0", minimum required is "1.4.6")
[matsu_it82000:ro] -- Found BOARD.dts: /mnt/host/source/src/platform/ec/zephyr/boards/google/it8xxx2/it8xxx2_it82000bw.dts
[screebo:ro] -- Found Dtc: /usr/bin/dtc (found suitable version "1.6.0", minimum required is "1.4.6")
[matsu_it82000:ro] -- Found devicetree overlay: /mnt/host/source/src/platform/ec/zephyr/program/ocelot/matsu/project.overlay
[axii:ro] -- Found BOARD.dts: /mnt/host/source/src/platform/ec/zephyr/boards/google/it8xxx2/it8xxx2_it82202ax_512.dts
[axii:ro] -- Found devicetree overlay: /mnt/host/source/src/platform/ec/zephyr/program/roach/axii/project.overlay
[quartz:rw] -- Found Dtc: /usr/bin/dtc (found suitable version "1.6.0", minimum required is "1.4.6")
[felino4es:rw] -- Found BOARD.dts: /mnt/host/source/src/platform/ec/zephyr/boards/google/it8xxx2/it8xxx2_it82002aw.dts
[felino4es:ro] -- Found Dtc: /usr/bin/dtc (found suitable version "1.6.0", minimum required is "1.4.6")
[gothrax:ro] -- Found Dtc: /usr/bin/dtc (found suitable version "1.6.0", minimum required is "1.4.6")
[screebo:ro] -- Found BOARD.dts: /mnt/host/source/src/platform/ec/zephyr/boards/google/npcx9/npcx9_npcx9m7f.dts
[quartz:rw] -- Found BOARD.dts: /mnt/host/source/src/platform/ec/zephyr/boards/google/npcx9/npcx9_npcx9m7fb.dts
[adlrvp_mchp:rw] -- Found Dtc: /usr/bin/dtc (found suitable version "1.6.0", minimum required is "1.4.6")
[gothrax:ro] -- Found BOARD.dts: /mnt/host/source/src/platform/ec/zephyr/boards/google/it8xxx2/it8xxx2_it81302bx.dts
[roach:rw] -- Found Dtc: /usr/bin/dtc (found suitable version "1.6.0", minimum required is "1.4.6")
[gothrax:ro] -- Found devicetree overlay: /mnt/host/source/src/platform/ec/zephyr/program/nissa/gothrax/project.overlay
[adlrvp_mchp:rw] -- Found BOARD.dts: /mnt/host/source/src/platform/ec/zephyr/boards/google/mec172x/mec172x_mec172x_nsz_mec1727.dts
[adlrvp_mchp:rw] -- Found devicetree overlay: /mnt/host/source/src/platform/ec/zephyr/program/intelrvp/adlrvp/battery.dts
[adlrvp_mchp:rw] -- Found devicetree overlay: /mnt/host/source/src/platform/ec/zephyr/program/intelrvp/adlrvp/ioex.dts
[adlrvp_mchp:rw] -- Found devicetree overlay: /mnt/host/source/src/platform/ec/zephyr/program/intelrvp/adlrvp/adlrvp_mchp/adc.dts
[adlrvp_mchp:rw] -- Found devicetree overlay: /mnt/host/source/src/platform/ec/zephyr/program/intelrvp/adlrvp/adlrvp_mchp/adlrvp_mchp.dts
[adlrvp_mchp:rw] -- Found devicetree overlay: /mnt/host/source/src/platform/ec/zephyr/program/intelrvp/adlrvp/adlrvp_mchp/gpio.dts
[adlrvp_mchp:rw] -- Found devicetree overlay: /mnt/host/source/src/platform/ec/zephyr/program/intelrvp/adlrvp/adlrvp_mchp/interrupts.dts
[roach:rw] -- Found BOARD.dts: /mnt/host/source/src/platform/ec/zephyr/boards/google/it8xxx2/it8xxx2_it82202ax_512.dts
[roach:rw] -- Found devicetree overlay: /mnt/host/source/src/platform/ec/zephyr/program/roach/roach/project.overlay
[adlrvp_mchp:rw] -- Found devicetree overlay: /mnt/host/source/src/platform/ec/zephyr/program/intelrvp/adlrvp/adlrvp_mchp/keyboard.dts
[adlrvp_mchp:rw] -- Found devicetree overlay: /mnt/host/source/src/platform/ec/zephyr/program/intelrvp/adlrvp/adlrvp_mchp/usbc.dts
[screebo:rw] -- Found Dtc: /usr/bin/dtc (found suitable version "1.6.0", minimum required is "1.4.6")
[felino4es:ro] -- Found BOARD.dts: /mnt/host/source/src/platform/ec/zephyr/boards/google/it8xxx2/it8xxx2_it82002aw.dts
[adlrvp_mchp:ro] -- Found Dtc: /usr/bin/dtc (found suitable version "1.6.0", minimum required is "1.4.6")
[screebo:rw] -- Found BOARD.dts: /mnt/host/source/src/platform/ec/zephyr/boards/google/npcx9/npcx9_npcx9m7f.dts
[screebo:rw] -- Found devicetree overlay: /mnt/host/source/src/platform/ec/zephyr/program/rex/screebo/project.overlay
[gothrax:rw] -- Found Dtc: /usr/bin/dtc (found suitable version "1.6.0", minimum required is "1.4.6")
[gothrax:rw] -- Found BOARD.dts: /mnt/host/source/src/platform/ec/zephyr/boards/google/it8xxx2/it8xxx2_it81302bx.dts
[nivviks:rw] -- Found Dtc: /usr/bin/dtc (found suitable version "1.6.0", minimum required is "1.4.6")
[nivviks:rw] -- Found BOARD.dts: /mnt/host/source/src/platform/ec/zephyr/boards/google/npcx9/npcx9_npcx9m3f.dts
[adlrvp_mchp:rw] 'int-pin' is marked as deprecated in 'properties:' in /mnt/host/source/src/platform/ec/zephyr/dts/bindings/usbc/tcpc/fairchild,fusb302.yaml for node /soc/i2c@40004400/fusb302@22.
[adlrvp_mchp:rw] 'int-pin' is marked as deprecated in 'properties:' in /mnt/host/source/src/platform/ec/zephyr/dts/bindings/usbc/tcpc/fairchild,fusb302.yaml for node /soc/i2c@40004800/fusb302@22.
[adlrvp_mchp:rw] 'int-pin' is marked as deprecated in 'properties:' in /mnt/host/source/src/platform/ec/zephyr/dts/bindings/usbc/tcpc/fairchild,fusb302.yaml for node /soc/i2c@40004c00/fusb302@22.
[adlrvp_mchp:rw] 'int-pin' is marked as deprecated in 'properties:' in /mnt/host/source/src/platform/ec/zephyr/dts/bindings/usbc/tcpc/fairchild,fusb302.yaml for node /soc/i2c@40005000/fusb302@22.
[adlrvp_mchp:ro] 'int-pin' is marked as deprecated in 'properties:' in /mnt/host/source/src/platform/ec/zephyr/dts/bindings/usbc/tcpc/fairchild,fusb302.yaml for node /soc/i2c@40004400/fusb302@22.
[adlrvp_mchp:ro] 'int-pin' is marked as deprecated in 'properties:' in /mnt/host/source/src/platform/ec/zephyr/dts/bindings/usbc/tcpc/fairchild,fusb302.yaml for node /soc/i2c@40004800/fusb302@22.
[adlrvp_mchp:ro] 'int-pin' is marked as deprecated in 'properties:' in /mnt/host/source/src/platform/ec/zephyr/dts/bindings/usbc/tcpc/fairchild,fusb302.yaml for node /soc/i2c@40004c00/fusb302@22.
[adlrvp_mchp:ro] 'int-pin' is marked as deprecated in 'properties:' in /mnt/host/source/src/platform/ec/zephyr/dts/bindings/usbc/tcpc/fairchild,fusb302.yaml for node /soc/i2c@40005000/fusb302@22.
[ocicat-ish:singleimage] -- Generated zephyr.dts: /mnt/host/source/src/platform/ec/build/zephyr/ocicat-ish/build-singleimage/zephyr/zephyr.dts
[roach:rw] -- Generated zephyr.dts: /mnt/host/source/src/platform/ec/build/zephyr/roach/build-rw/zephyr/zephyr.dts
[axii:ro] -- Generated zephyr.dts: /mnt/host/source/src/platform/ec/build/zephyr/axii/build-ro/zephyr/zephyr.dts
[axii:ro] -- Generated pickled edt: /mnt/host/source/src/platform/ec/build/zephyr/axii/build-ro/zephyr/edt.pickle
[npcx_monitor:singleimage] -- Generated zephyr.dts: /mnt/host/source/src/platform/ec/build/zephyr/npcx_monitor/build-singleimage/zephyr/zephyr.dts
[npcx_monitor:singleimage] -- Generated pickled edt: /mnt/host/source/src/platform/ec/build/zephyr/npcx_monitor/build-singleimage/zephyr/edt.pickle
[adlrvp_mchp:rw] -- Generated zephyr.dts: /mnt/host/source/src/platform/ec/build/zephyr/adlrvp_mchp/build-rw/zephyr/zephyr.dts
[adlrvp_mchp:rw] -- Generated pickled edt: /mnt/host/source/src/platform/ec/build/zephyr/adlrvp_mchp/build-rw/zephyr/edt.pickle
[felino4es:rw] -- Found devicetree overlay: /mnt/host/source/src/platform/ec/zephyr/program/fatcat/felino4es/project.overlay
[felino4es:rw] -- Generated zephyr.dts: /mnt/host/source/src/platform/ec/build/zephyr/felino4es/build-rw/zephyr/zephyr.dts
[felino4es:rw] -- Generated pickled edt: /mnt/host/source/src/platform/ec/build/zephyr/felino4es/build-rw/zephyr/edt.pickle
[adlrvp_mchp:ro] -- Found BOARD.dts: /mnt/host/source/src/platform/ec/zephyr/boards/google/mec172x/mec172x_mec172x_nsz_mec1727.dts
[adlrvp_mchp:ro] -- Found devicetree overlay: /mnt/host/source/src/platform/ec/zephyr/program/intelrvp/adlrvp/battery.dts
[adlrvp_mchp:ro] -- Found devicetree overlay: /mnt/host/source/src/platform/ec/zephyr/program/intelrvp/adlrvp/ioex.dts
[adlrvp_mchp:ro] -- Found devicetree overlay: /mnt/host/source/src/platform/ec/zephyr/program/intelrvp/adlrvp/adlrvp_mchp/adc.dts
[adlrvp_mchp:ro] -- Found devicetree overlay: /mnt/host/source/src/platform/ec/zephyr/program/intelrvp/adlrvp/adlrvp_mchp/adlrvp_mchp.dts
[adlrvp_mchp:ro] -- Found devicetree overlay: /mnt/host/source/src/platform/ec/zephyr/program/intelrvp/adlrvp/adlrvp_mchp/gpio.dts
[adlrvp_mchp:ro] -- Found devicetree overlay: /mnt/host/source/src/platform/ec/zephyr/program/intelrvp/adlrvp/adlrvp_mchp/interrupts.dts
[adlrvp_mchp:ro] -- Found devicetree overlay: /mnt/host/source/src/platform/ec/zephyr/program/intelrvp/adlrvp/adlrvp_mchp/keyboard.dts
[adlrvp_mchp:ro] -- Found devicetree overlay: /mnt/host/source/src/platform/ec/zephyr/program/intelrvp/adlrvp/adlrvp_mchp/usbc.dts
[adlrvp_mchp:ro] -- Generated zephyr.dts: /mnt/host/source/src/platform/ec/build/zephyr/adlrvp_mchp/build-ro/zephyr/zephyr.dts
[felino4es:ro] -- Found devicetree overlay: /mnt/host/source/src/platform/ec/zephyr/program/fatcat/felino4es/project.overlay
[felino4es:ro] -- Generated zephyr.dts: /mnt/host/source/src/platform/ec/build/zephyr/felino4es/build-ro/zephyr/zephyr.dts
[quartz:rw] -- Found devicetree overlay: /mnt/host/source/src/platform/ec/zephyr/program/bluey/quartz/project.overlay
[quartz:rw] -- Generated zephyr.dts: /mnt/host/source/src/platform/ec/build/zephyr/quartz/build-rw/zephyr/zephyr.dts
[quartz:rw] -- Generated pickled edt: /mnt/host/source/src/platform/ec/build/zephyr/quartz/build-rw/zephyr/edt.pickle
[ocicat-ish:singleimage] -- Generated pickled edt: /mnt/host/source/src/platform/ec/build/zephyr/ocicat-ish/build-singleimage/zephyr/edt.pickle
[ocicat-ish:singleimage] -- Generated devicetree_generated.h: /mnt/host/source/src/platform/ec/build/zephyr/ocicat-ish/build-singleimage/zephyr/include/generated/zephyr/devicetree_generated.h
[matsu_it82000:ro] -- Found devicetree overlay: /mnt/host/source/src/platform/ec/zephyr/program/ocelot/matsu/it82000.overlay
[matsu_it82000:ro] -- Generated zephyr.dts: /mnt/host/source/src/platform/ec/build/zephyr/matsu_it82000/build-ro/zephyr/zephyr.dts
[matsu_it82000:ro] -- Generated pickled edt: /mnt/host/source/src/platform/ec/build/zephyr/matsu_it82000/build-ro/zephyr/edt.pickle
[gothrax:rw] -- Found devicetree overlay: /mnt/host/source/src/platform/ec/zephyr/program/nissa/gothrax/project.overlay
[gothrax:rw] -- Generated zephyr.dts: /mnt/host/source/src/platform/ec/build/zephyr/gothrax/build-rw/zephyr/zephyr.dts
[gothrax:rw] -- Generated pickled edt: /mnt/host/source/src/platform/ec/build/zephyr/gothrax/build-rw/zephyr/edt.pickle
[gothrax:ro] -- Generated zephyr.dts: /mnt/host/source/src/platform/ec/build/zephyr/gothrax/build-ro/zephyr/zephyr.dts
[gothrax:ro] -- Generated pickled edt: /mnt/host/source/src/platform/ec/build/zephyr/gothrax/build-ro/zephyr/edt.pickle
[axii:ro] -- Generated devicetree_generated.h: /mnt/host/source/src/platform/ec/build/zephyr/axii/build-ro/zephyr/include/generated/zephyr/devicetree_generated.h
[roach:rw] -- Generated pickled edt: /mnt/host/source/src/platform/ec/build/zephyr/roach/build-rw/zephyr/edt.pickle
[roach:rw] -- Generated devicetree_generated.h: /mnt/host/source/src/platform/ec/build/zephyr/roach/build-rw/zephyr/include/generated/zephyr/devicetree_generated.h
[npcx_monitor:singleimage] -- Generated devicetree_generated.h: /mnt/host/source/src/platform/ec/build/zephyr/npcx_monitor/build-singleimage/zephyr/include/generated/zephyr/devicetree_generated.h
[adlrvp_mchp:rw] -- Generated devicetree_generated.h: /mnt/host/source/src/platform/ec/build/zephyr/adlrvp_mchp/build-rw/zephyr/include/generated/zephyr/devicetree_generated.h
[screebo:rw] -- Generated zephyr.dts: /mnt/host/source/src/platform/ec/build/zephyr/screebo/build-rw/zephyr/zephyr.dts
[screebo:rw] -- Generated pickled edt: /mnt/host/source/src/platform/ec/build/zephyr/screebo/build-rw/zephyr/edt.pickle
[nivviks:rw] -- Found devicetree overlay: /mnt/host/source/src/platform/ec/zephyr/program/nissa/nivviks/project.overlay
[nivviks:rw] -- Generated zephyr.dts: /mnt/host/source/src/platform/ec/build/zephyr/nivviks/build-rw/zephyr/zephyr.dts
[nivviks:rw] -- Generated pickled edt: /mnt/host/source/src/platform/ec/build/zephyr/nivviks/build-rw/zephyr/edt.pickle
[adlrvp_mchp:ro] -- Generated pickled edt: /mnt/host/source/src/platform/ec/build/zephyr/adlrvp_mchp/build-ro/zephyr/edt.pickle
[adlrvp_mchp:ro] -- Generated devicetree_generated.h: /mnt/host/source/src/platform/ec/build/zephyr/adlrvp_mchp/build-ro/zephyr/include/generated/zephyr/devicetree_generated.h
[felino4es:rw] -- Generated devicetree_generated.h: /mnt/host/source/src/platform/ec/build/zephyr/felino4es/build-rw/zephyr/include/generated/zephyr/devicetree_generated.h
[screebo:ro] -- Found devicetree overlay: /mnt/host/source/src/platform/ec/zephyr/program/rex/screebo/project.overlay
[screebo:ro] -- Generated zephyr.dts: /mnt/host/source/src/platform/ec/build/zephyr/screebo/build-ro/zephyr/zephyr.dts
[screebo:ro] -- Generated pickled edt: /mnt/host/source/src/platform/ec/build/zephyr/screebo/build-ro/zephyr/edt.pickle
[matsu_it82000:ro] -- Generated devicetree_generated.h: /mnt/host/source/src/platform/ec/build/zephyr/matsu_it82000/build-ro/zephyr/include/generated/zephyr/devicetree_generated.h
[felino4es:ro] -- Generated pickled edt: /mnt/host/source/src/platform/ec/build/zephyr/felino4es/build-ro/zephyr/edt.pickle
[felino4es:ro] -- Generated devicetree_generated.h: /mnt/host/source/src/platform/ec/build/zephyr/felino4es/build-ro/zephyr/include/generated/zephyr/devicetree_generated.h
[pujjoga:ro] -- Found devicetree overlay: /mnt/host/source/src/platform/ec/zephyr/program/nissa/pujjoga/project.overlay
[pujjoga:ro] -- Generated zephyr.dts: /mnt/host/source/src/platform/ec/build/zephyr/pujjoga/build-ro/zephyr/zephyr.dts
[quartz:rw] -- Generated devicetree_generated.h: /mnt/host/source/src/platform/ec/build/zephyr/quartz/build-rw/zephyr/include/generated/zephyr/devicetree_generated.h
[gothrax:ro] -- Generated devicetree_generated.h: /mnt/host/source/src/platform/ec/build/zephyr/gothrax/build-ro/zephyr/include/generated/zephyr/devicetree_generated.h
[gothrax:rw] -- Generated devicetree_generated.h: /mnt/host/source/src/platform/ec/build/zephyr/gothrax/build-rw/zephyr/include/generated/zephyr/devicetree_generated.h
[screebo:rw] -- Generated devicetree_generated.h: /mnt/host/source/src/platform/ec/build/zephyr/screebo/build-rw/zephyr/include/generated/zephyr/devicetree_generated.h
[nivviks:rw] -- Generated devicetree_generated.h: /mnt/host/source/src/platform/ec/build/zephyr/nivviks/build-rw/zephyr/include/generated/zephyr/devicetree_generated.h
[screebo:ro] -- Generated devicetree_generated.h: /mnt/host/source/src/platform/ec/build/zephyr/screebo/build-ro/zephyr/include/generated/zephyr/devicetree_generated.h
[pujjoga:ro] -- Generated pickled edt: /mnt/host/source/src/platform/ec/build/zephyr/pujjoga/build-ro/zephyr/edt.pickle
[pujjoga:ro] -- Generated devicetree_generated.h: /mnt/host/source/src/platform/ec/build/zephyr/pujjoga/build-ro/zephyr/include/generated/zephyr/devicetree_generated.h
[axii:ro] /mnt/host/source/src/platform/ec/build/zephyr/axii/build-ro/zephyr/zephyr.dts:1249.27-1905.5: Warning (avoid_unnecessary_addr_size): /soc/pin-controller: unnecessary #address-cells/#size-cells without "ranges" or child "reg" property
[roach:rw] /mnt/host/source/src/platform/ec/build/zephyr/roach/build-rw/zephyr/zephyr.dts:1268.27-1928.5: Warning (avoid_unnecessary_addr_size): /soc/pin-controller: unnecessary #address-cells/#size-cells without "ranges" or child "reg" property
[felino4es:rw] /mnt/host/source/src/platform/ec/build/zephyr/felino4es/build-rw/zephyr/zephyr.dts:1301.27-1999.5: Warning (avoid_unnecessary_addr_size): /soc/pin-controller: unnecessary #address-cells/#size-cells without "ranges" or child "reg" property
[adlrvp_mchp:rw] /mnt/host/source/src/platform/ec/build/zephyr/adlrvp_mchp/build-rw/zephyr/zephyr.dts:1317.40-1321.6: Warning (unit_address_format): /soc/i2c@40004400/tusb1044_mux_c0@0e: unit name should not have leading 0s
[adlrvp_mchp:rw] /mnt/host/source/src/platform/ec/build/zephyr/adlrvp_mchp/build-rw/zephyr/zephyr.dts:1226.31-1239.6: Warning (i2c_bus_reg): /soc/i2c@40004000/rvp-board-id: missing or empty reg property
[adlrvp_mchp:rw] /mnt/host/source/src/platform/ec/build/zephyr/adlrvp_mchp/build-rw/zephyr/zephyr.dts:1317.40-1321.6: Warning (i2c_bus_reg): /soc/i2c@40004400/tusb1044_mux_c0@0e: I2C bus unit address format error, expected "e"
[adlrvp_mchp:ro] /mnt/host/source/src/platform/ec/build/zephyr/adlrvp_mchp/build-ro/zephyr/zephyr.dts:1317.40-1321.6: Warning (unit_address_format): /soc/i2c@40004400/tusb1044_mux_c0@0e: unit name should not have leading 0s
[quartz:rw] /mnt/host/source/src/platform/ec/build/zephyr/quartz/build-rw/zephyr/zephyr.dts:4714.15-4721.5: Warning (gpios_property): /fans/fan_1: Missing property '#gpio-cells' in node /named-gpios/ec_en_pp5000_fan or bad phandle (referred from enable-gpio[0])
[quartz:rw] /mnt/host/source/src/platform/ec/build/zephyr/quartz/build-rw/zephyr/zephyr.dts:4724.15-4731.5: Warning (gpios_property): /fans/fan_2: Missing property '#gpio-cells' in node /named-gpios/ec_en_pp5000_fan or bad phandle (referred from enable-gpio[0])
[matsu_it82000:ro] /mnt/host/source/src/platform/ec/build/zephyr/matsu_it82000/build-ro/zephyr/zephyr.dts:1307.27-2064.5: Warning (avoid_unnecessary_addr_size): /soc/pin-controller: unnecessary #address-cells/#size-cells without "ranges" or child "reg" property
[matsu_it82000:ro] /mnt/host/source/src/platform/ec/build/zephyr/matsu_it82000/build-ro/zephyr/zephyr.dts:3521.15-3530.5: Warning (gpios_property): /fans/fan_0: Missing property '#gpio-cells' in node /named-gpios/all_sys_pwrgd_r or bad phandle (referred from pgood-gpio[0])
[matsu_it82000:ro] /mnt/host/source/src/platform/ec/build/zephyr/matsu_it82000/build-ro/zephyr/zephyr.dts:3521.15-3530.5: Warning (gpios_property): /fans/fan_0: Missing property '#gpio-cells' in node /named-gpios/en_pp5000_fan or bad phandle (referred from enable-gpio[0])
[felino4es:ro] /mnt/host/source/src/platform/ec/build/zephyr/felino4es/build-ro/zephyr/zephyr.dts:1301.27-1999.5: Warning (avoid_unnecessary_addr_size): /soc/pin-controller: unnecessary #address-cells/#size-cells without "ranges" or child "reg" property
[gothrax:rw] /mnt/host/source/src/platform/ec/build/zephyr/gothrax/build-rw/zephyr/zephyr.dts:1220.27-1924.5: Warning (avoid_unnecessary_addr_size): /soc/pin-controller: unnecessary #address-cells/#size-cells without "ranges" or child "reg" property
[gothrax:rw] /mnt/host/source/src/platform/ec/build/zephyr/gothrax/build-rw/zephyr/zephyr.dts:3787.9-3794.5: Warning (gpios_property): /fans/fan_0: Missing property '#gpio-cells' in node /named-gpios/fan-enable or bad phandle (referred from enable-gpio[0])
[gothrax:ro] /mnt/host/source/src/platform/ec/build/zephyr/gothrax/build-ro/zephyr/zephyr.dts:1220.27-1924.5: Warning (avoid_unnecessary_addr_size): /soc/pin-controller: unnecessary #address-cells/#size-cells without "ranges" or child "reg" property
[nivviks:rw] /mnt/host/source/src/platform/ec/build/zephyr/nivviks/build-rw/zephyr/zephyr.dts:4755.9-4762.5: Warning (gpios_property): /fans/fan_0: Missing property '#gpio-cells' in node /named-gpios/fan-enable or bad phandle (referred from enable-gpio[0])
[screebo:rw] /mnt/host/source/src/platform/ec/build/zephyr/screebo/build-rw/zephyr/zephyr.dts:4274.15-4281.5: Warning (gpios_property): /fans/fan_0: Missing property '#gpio-cells' in node /named-gpios/en_pp5000_fan or bad phandle (referred from enable-gpio[0])
[screebo:ro] /mnt/host/source/src/platform/ec/build/zephyr/screebo/build-ro/zephyr/zephyr.dts:4274.15-4281.5: Warning (gpios_property): /fans/fan_0: Missing property '#gpio-cells' in node /named-gpios/en_pp5000_fan or bad phandle (referred from enable-gpio[0])
[felino4es:rw] /mnt/host/source/src/platform/ec/build/zephyr/felino4es/build-rw/zephyr/zephyr.dts:3137.9-3145.5: Warning (gpios_property): /fans/fan_0: Missing property '#gpio-cells' in node /named-gpios/vccprim_io_pgood or bad phandle (referred from pgood-gpio[0])
[felino4es:rw] /mnt/host/source/src/platform/ec/build/zephyr/felino4es/build-rw/zephyr/zephyr.dts:3148.9-3156.5: Warning (gpios_property): /fans/fan_1: Missing property '#gpio-cells' in node /named-gpios/vccprim_io_pgood or bad phandle (referred from pgood-gpio[0])
[felino4es:ro] /mnt/host/source/src/platform/ec/build/zephyr/felino4es/build-ro/zephyr/zephyr.dts:3137.9-3145.5: Warning (gpios_property): /fans/fan_0: Missing property '#gpio-cells' in node /named-gpios/vccprim_io_pgood or bad phandle (referred from pgood-gpio[0])
[felino4es:ro] /mnt/host/source/src/platform/ec/build/zephyr/felino4es/build-ro/zephyr/zephyr.dts:3148.9-3156.5: Warning (gpios_property): /fans/fan_1: Missing property '#gpio-cells' in node /named-gpios/vccprim_io_pgood or bad phandle (referred from pgood-gpio[0])
[npcx_monitor:singleimage] warning: UART_CONSOLE_INPUT_EXPIRED (defined at drivers/console/Kconfig:68) was assigned the value
[npcx_monitor:singleimage] 'y' but got the value 'n'. Check these unsatisfied dependencies: PM (=n). See
[npcx_monitor:singleimage] http://docs.zephyrproject.org/latest/kconfig.html#CONFIG_UART_CONSOLE_INPUT_EXPIRED and/or look up
[npcx_monitor:singleimage] UART_CONSOLE_INPUT_EXPIRED in the menuconfig/guiconfig interface. The Application Development
[npcx_monitor:singleimage] Primer, Setting Configuration Values, and Kconfig - Tips and Best Practices sections of the manual
[npcx_monitor:singleimage] might be helpful too.
[npcx_monitor:singleimage] warning: The choice symbol PM_POLICY_DEFAULT (defined at subsys/pm/policy/Kconfig:11) was selected
[npcx_monitor:singleimage] (set =y), but no symbol ended up as the choice selection. See
[npcx_monitor:singleimage] http://docs.zephyrproject.org/latest/kconfig.html#CONFIG_PM_POLICY_DEFAULT and/or look up
[npcx_monitor:singleimage] PM_POLICY_DEFAULT in the menuconfig/guiconfig interface. The Application Development Primer, Setting
[npcx_monitor:singleimage] Configuration Values, and Kconfig - Tips and Best Practices sections of the manual might be helpful
[npcx_monitor:singleimage] too.
[quartz:rw] warning: PLATFORM_EC_LED_COMMON (defined at /mnt/host/source/src/platform/ec/zephyr/Kconfig.led:5)
[roach:rw] warning: USB_DEVICE_VID (defined at
[quartz:rw] was assigned the value 'y' but got the value 'n'. Check these unsatisfied dependencies:
[roach:rw] /mnt/host/source/src/platform/ec/zephyr/subsys/usbd_service/Kconfig:107,
[quartz:rw] (!PLATFORM_EC_LED_DT) (=n). See
[roach:rw] subsys/usb/device/Kconfig:20) was assigned the value '0x18D1' but got the value ''. Check these
[quartz:rw] http://docs.zephyrproject.org/latest/kconfig.html#CONFIG_PLATFORM_EC_LED_COMMON and/or look up
[roach:rw] unsatisfied dependencies: (USB_DEVICE_STACK_NEXT || USB_DEVICE_STACK) (=n). See
[quartz:rw] PLATFORM_EC_LED_COMMON in the menuconfig/guiconfig interface. The Application Development Primer,
[roach:rw] http://docs.zephyrproject.org/latest/kconfig.html#CONFIG_USB_DEVICE_VID and/or look up
[quartz:rw] Setting Configuration Values, and Kconfig - Tips and Best Practices sections of the manual might be
[roach:rw] USB_DEVICE_VID in the menuconfig/guiconfig interface. The Application Development Primer, Setting
[quartz:rw] helpful too.
[roach:rw] Configuration Values, and Kconfig - Tips and Best Practices sections of the manual might be helpful
[roach:rw] too.
[adlrvp_mchp:rw] warning: PLATFORM_EC_VOLUME_BUTTONS (defined at
[adlrvp_mchp:rw] /mnt/host/source/src/platform/ec/zephyr/Kconfig.keyboard:224) was assigned the value 'y' but got the
[adlrvp_mchp:rw] value 'n'. Check these unsatisfied dependencies: PLATFORM_EC_KEYBOARD (=n). See
[adlrvp_mchp:rw] http://docs.zephyrproject.org/latest/kconfig.html#CONFIG_PLATFORM_EC_VOLUME_BUTTONS and/or look up
[adlrvp_mchp:rw] PLATFORM_EC_VOLUME_BUTTONS in the menuconfig/guiconfig interface. The Application Development
[adlrvp_mchp:rw] Primer, Setting Configuration Values, and Kconfig - Tips and Best Practices sections of the manual
[adlrvp_mchp:rw] might be helpful too.
[roach:rw] warning: USB_DEVICE_PID (defined at
[adlrvp_mchp:rw] warning: PLATFORM_EC_POWERSEQ_S4 (defined at
[roach:rw] /mnt/host/source/src/platform/ec/zephyr/subsys/usbd_service/Kconfig:113,
[adlrvp_mchp:rw] /mnt/host/source/src/platform/ec/zephyr/Kconfig.powerseq:151) was assigned the value 'y' but got the
[roach:rw] subsys/usb/device/Kconfig:26) was assigned the value '0x5068' but got the value ''. Check these
[adlrvp_mchp:rw] value 'n'. Check these unsatisfied dependencies:
[roach:rw] unsatisfied dependencies: (USB_DEVICE_STACK_NEXT || USB_DEVICE_STACK) (=n). See
[adlrvp_mchp:rw] PLATFORM_HOST_INTERFACE_EC_HOST_INTERFACE_ESPI_VW_SLP_S5 (=n). See
[roach:rw] http://docs.zephyrproject.org/latest/kconfig.html#CONFIG_USB_DEVICE_PID and/or look up
[adlrvp_mchp:rw] http://docs.zephyrproject.org/latest/kconfig.html#CONFIG_PLATFORM_EC_POWERSEQ_S4 and/or look up
[roach:rw] USB_DEVICE_PID in the menuconfig/guiconfig interface. The Application Development Primer, Setting
[adlrvp_mchp:rw] PLATFORM_EC_POWERSEQ_S4 in the menuconfig/guiconfig interface. The Application Development Primer,
[roach:rw] Configuration Values, and Kconfig - Tips and Best Practices sections of the manual might be helpful
[adlrvp_mchp:rw] Setting Configuration Values, and Kconfig - Tips and Best Practices sections of the manual might be
[roach:rw] too.
[adlrvp_mchp:rw] helpful too.
[roach:rw] warning: PLATFORM_EC_RSA_KEY_SIZE (defined at
[roach:rw] /mnt/host/source/src/platform/ec/zephyr/Kconfig.rsa:15) was assigned the value '3072' but got the
[roach:rw] value ''. Check these unsatisfied dependencies: PLATFORM_EC_RSA (=n). See
[roach:rw] http://docs.zephyrproject.org/latest/kconfig.html#CONFIG_PLATFORM_EC_RSA_KEY_SIZE and/or look up
[roach:rw] PLATFORM_EC_RSA_KEY_SIZE in the menuconfig/guiconfig interface. The Application Development Primer,
[roach:rw] Setting Configuration Values, and Kconfig - Tips and Best Practices sections of the manual might be
[roach:rw] helpful too.
[roach:rw] warning: PLATFORM_EC_RSA_EXPONENT_3 (defined at
[roach:rw] /mnt/host/source/src/platform/ec/zephyr/Kconfig.rsa:21) was assigned the value 'y' but got the value
[roach:rw] 'n'. Check these unsatisfied dependencies: PLATFORM_EC_RSA (=n). See
[roach:rw] http://docs.zephyrproject.org/latest/kconfig.html#CONFIG_PLATFORM_EC_RSA_EXPONENT_3 and/or look up
[roach:rw] PLATFORM_EC_RSA_EXPONENT_3 in the menuconfig/guiconfig interface. The Application Development
[roach:rw] Primer, Setting Configuration Values, and Kconfig - Tips and Best Practices sections of the manual
[roach:rw] might be helpful too.
[adlrvp_mchp:rw] warning: The choice symbol PLATFORM_EC_KEYBOARD_PROTOCOL_8042 (defined at
[adlrvp_mchp:rw] /mnt/host/source/src/platform/ec/zephyr/Kconfig.keyboard:75) was selected (set =y), but no symbol
[adlrvp_mchp:rw] ended up as the choice selection. See
[adlrvp_mchp:rw] http://docs.zephyrproject.org/latest/kconfig.html#CONFIG_PLATFORM_EC_KEYBOARD_PROTOCOL_8042 and/or
[adlrvp_mchp:rw] look up PLATFORM_EC_KEYBOARD_PROTOCOL_8042 in the menuconfig/guiconfig interface. The Application
[adlrvp_mchp:rw] Development Primer, Setting Configuration Values, and Kconfig - Tips and Best Practices sections of
[adlrvp_mchp:rw] the manual might be helpful too.
[gothrax:ro] /mnt/host/source/src/platform/ec/build/zephyr/gothrax/build-ro/zephyr/zephyr.dts:3787.9-3794.5: Warning (gpios_property): /fans/fan_0: Missing property '#gpio-cells' in node /named-gpios/fan-enable or bad phandle (referred from enable-gpio[0])
[gothrax:ro] warning: PLATFORM_EC_LED_COMMON (defined at /mnt/host/source/src/platform/ec/zephyr/Kconfig.led:5)
[gothrax:ro] was assigned the value 'y' but got the value 'n'. Check these unsatisfied dependencies:
[gothrax:ro] (!PLATFORM_EC_LED_DT) (=n). See
[gothrax:ro] http://docs.zephyrproject.org/latest/kconfig.html#CONFIG_PLATFORM_EC_LED_COMMON and/or look up
[gothrax:ro] PLATFORM_EC_LED_COMMON in the menuconfig/guiconfig interface. The Application Development Primer,
[gothrax:ro] Setting Configuration Values, and Kconfig - Tips and Best Practices sections of the manual might be
[gothrax:ro] helpful too.
[gothrax:ro] warning: PLATFORM_EC_LED_ONOFF_STATES (defined at
[gothrax:ro] /mnt/host/source/src/platform/ec/zephyr/Kconfig.led:157) was assigned the value 'y' but got the
[gothrax:ro] value 'n'. Check these unsatisfied dependencies: PLATFORM_EC_LED_COMMON (=n). See
[gothrax:ro] http://docs.zephyrproject.org/latest/kconfig.html#CONFIG_PLATFORM_EC_LED_ONOFF_STATES and/or look up
[gothrax:ro] PLATFORM_EC_LED_ONOFF_STATES in the menuconfig/guiconfig interface. The Application Development
[gothrax:ro] Primer, Setting Configuration Values, and Kconfig - Tips and Best Practices sections of the manual
[gothrax:ro] might be helpful too.
[gothrax:ro] warning: TASK_HOSTCMD_STACK_SIZE (defined at
[gothrax:ro] /mnt/host/source/src/platform/ec/zephyr/Kconfig.stacks:52,
[gothrax:ro] /mnt/host/source/src/platform/ec/zephyr/Kconfig.tasks:123) was assigned the value '1280' but got the
[gothrax:ro] value '1152'. See http://docs.zephyrproject.org/latest/kconfig.html#CONFIG_TASK_HOSTCMD_STACK_SIZE
[gothrax:ro] and/or look up TASK_HOSTCMD_STACK_SIZE in the menuconfig/guiconfig interface. The Application
[gothrax:ro] Development Primer, Setting Configuration Values, and Kconfig - Tips and Best Practices sections of
[gothrax:ro] the manual might be helpful too.
[gothrax:ro] warning: The choice symbol PLATFORM_EC_USB_PD_DISCHARGE_TCPC (defined at
[gothrax:ro] /mnt/host/source/src/platform/ec/zephyr/Kconfig.pd_discharge:26) was selected (set =y), but no
[gothrax:ro] symbol ended up as the choice selection. See
[gothrax:ro] http://docs.zephyrproject.org/latest/kconfig.html#CONFIG_PLATFORM_EC_USB_PD_DISCHARGE_TCPC and/or
[gothrax:ro] look up PLATFORM_EC_USB_PD_DISCHARGE_TCPC in the menuconfig/guiconfig interface. The Application
[gothrax:ro] Development Primer, Setting Configuration Values, and Kconfig - Tips and Best Practices sections of
[gothrax:ro] the manual might be helpful too.
[adlrvp_mchp:ro] /mnt/host/source/src/platform/ec/build/zephyr/adlrvp_mchp/build-ro/zephyr/zephyr.dts:1226.31-1239.6: Warning (i2c_bus_reg): /soc/i2c@40004000/rvp-board-id: missing or empty reg property
[adlrvp_mchp:ro] /mnt/host/source/src/platform/ec/build/zephyr/adlrvp_mchp/build-ro/zephyr/zephyr.dts:1317.40-1321.6: Warning (i2c_bus_reg): /soc/i2c@40004400/tusb1044_mux_c0@0e: I2C bus unit address format error, expected "e"
[gothrax:rw] warning: PLATFORM_EC_LED_COMMON (defined at /mnt/host/source/src/platform/ec/zephyr/Kconfig.led:5)
[gothrax:rw] was assigned the value 'y' but got the value 'n'. Check these unsatisfied dependencies:
[gothrax:rw] (!PLATFORM_EC_LED_DT) (=n). See
[gothrax:rw] http://docs.zephyrproject.org/latest/kconfig.html#CONFIG_PLATFORM_EC_LED_COMMON and/or look up
[gothrax:rw] PLATFORM_EC_LED_COMMON in the menuconfig/guiconfig interface. The Application Development Primer,
[gothrax:rw] Setting Configuration Values, and Kconfig - Tips and Best Practices sections of the manual might be
[gothrax:rw] helpful too.
[gothrax:rw] warning: PLATFORM_EC_LED_ONOFF_STATES (defined at
[gothrax:rw] /mnt/host/source/src/platform/ec/zephyr/Kconfig.led:157) was assigned the value 'y' but got the
[gothrax:rw] value 'n'. Check these unsatisfied dependencies: PLATFORM_EC_LED_COMMON (=n). See
[gothrax:rw] http://docs.zephyrproject.org/latest/kconfig.html#CONFIG_PLATFORM_EC_LED_ONOFF_STATES and/or look up
[gothrax:rw] PLATFORM_EC_LED_ONOFF_STATES in the menuconfig/guiconfig interface. The Application Development
[gothrax:rw] Primer, Setting Configuration Values, and Kconfig - Tips and Best Practices sections of the manual
[gothrax:rw] might be helpful too.
[gothrax:rw] warning: TASK_HOSTCMD_STACK_SIZE (defined at
[gothrax:rw] /mnt/host/source/src/platform/ec/zephyr/Kconfig.stacks:52,
[gothrax:rw] /mnt/host/source/src/platform/ec/zephyr/Kconfig.tasks:123) was assigned the value '1280' but got the
[gothrax:rw] value '1152'. See http://docs.zephyrproject.org/latest/kconfig.html#CONFIG_TASK_HOSTCMD_STACK_SIZE
[gothrax:rw] and/or look up TASK_HOSTCMD_STACK_SIZE in the menuconfig/guiconfig interface. The Application
[gothrax:rw] Development Primer, Setting Configuration Values, and Kconfig - Tips and Best Practices sections of
[gothrax:rw] the manual might be helpful too.
[gothrax:rw] warning: The choice symbol PLATFORM_EC_USB_PD_DISCHARGE_TCPC (defined at
[adlrvp_mchp:ro] warning: PLATFORM_EC_VOLUME_BUTTONS (defined at
[gothrax:rw] /mnt/host/source/src/platform/ec/zephyr/Kconfig.pd_discharge:26) was selected (set =y), but no
[adlrvp_mchp:ro] /mnt/host/source/src/platform/ec/zephyr/Kconfig.keyboard:224) was assigned the value 'y' but got the
[gothrax:rw] symbol ended up as the choice selection. See
[adlrvp_mchp:ro] value 'n'. Check these unsatisfied dependencies: PLATFORM_EC_KEYBOARD (=n). See
[gothrax:rw] http://docs.zephyrproject.org/latest/kconfig.html#CONFIG_PLATFORM_EC_USB_PD_DISCHARGE_TCPC and/or
[adlrvp_mchp:ro] http://docs.zephyrproject.org/latest/kconfig.html#CONFIG_PLATFORM_EC_VOLUME_BUTTONS and/or look up
[gothrax:rw] look up PLATFORM_EC_USB_PD_DISCHARGE_TCPC in the menuconfig/guiconfig interface. The Application
[adlrvp_mchp:ro] PLATFORM_EC_VOLUME_BUTTONS in the menuconfig/guiconfig interface. The Application Development
[gothrax:rw] Development Primer, Setting Configuration Values, and Kconfig - Tips and Best Practices sections of
[adlrvp_mchp:ro] Primer, Setting Configuration Values, and Kconfig - Tips and Best Practices sections of the manual
[gothrax:rw] the manual might be helpful too.
[adlrvp_mchp:ro] might be helpful too.
[adlrvp_mchp:ro] warning: PLATFORM_EC_POWERSEQ_S4 (defined at
[adlrvp_mchp:ro] /mnt/host/source/src/platform/ec/zephyr/Kconfig.powerseq:151) was assigned the value 'y' but got the
[adlrvp_mchp:ro] value 'n'. Check these unsatisfied dependencies:
[adlrvp_mchp:ro] PLATFORM_HOST_INTERFACE_EC_HOST_INTERFACE_ESPI_VW_SLP_S5 (=n). See
[adlrvp_mchp:ro] http://docs.zephyrproject.org/latest/kconfig.html#CONFIG_PLATFORM_EC_POWERSEQ_S4 and/or look up
[adlrvp_mchp:ro] PLATFORM_EC_POWERSEQ_S4 in the menuconfig/guiconfig interface. The Application Development Primer,
[adlrvp_mchp:ro] Setting Configuration Values, and Kconfig - Tips and Best Practices sections of the manual might be
[adlrvp_mchp:ro] helpful too.
[adlrvp_mchp:ro] warning: The choice symbol PLATFORM_EC_KEYBOARD_PROTOCOL_8042 (defined at
[adlrvp_mchp:ro] /mnt/host/source/src/platform/ec/zephyr/Kconfig.keyboard:75) was selected (set =y), but no symbol
[adlrvp_mchp:ro] ended up as the choice selection. See
[adlrvp_mchp:ro] http://docs.zephyrproject.org/latest/kconfig.html#CONFIG_PLATFORM_EC_KEYBOARD_PROTOCOL_8042 and/or
[adlrvp_mchp:ro] look up PLATFORM_EC_KEYBOARD_PROTOCOL_8042 in the menuconfig/guiconfig interface. The Application
[adlrvp_mchp:ro] Development Primer, Setting Configuration Values, and Kconfig - Tips and Best Practices sections of
[adlrvp_mchp:ro] the manual might be helpful too.
[pujjoga:ro] warning: PLATFORM_EC_OCPC_DEF_RBATT_MOHMS (defined at
[pujjoga:ro] /mnt/host/source/src/platform/ec/zephyr/Kconfig.charger:279) was assigned the value '22' but got the
[pujjoga:ro] value ''. Check these unsatisfied dependencies: PLATFORM_EC_OCPC (=n). See
[pujjoga:ro] http://docs.zephyrproject.org/latest/kconfig.html#CONFIG_PLATFORM_EC_OCPC_DEF_RBATT_MOHMS and/or
[pujjoga:ro] look up PLATFORM_EC_OCPC_DEF_RBATT_MOHMS in the menuconfig/guiconfig interface. The Application
[pujjoga:ro] Development Primer, Setting Configuration Values, and Kconfig - Tips and Best Practices sections of
[pujjoga:ro] the manual might be helpful too.
[pujjoga:ro] warning: PLATFORM_EC_OCPC_DEF_DRIVELIMIT_MILLIVOLTS (defined at
[pujjoga:ro] /mnt/host/source/src/platform/ec/zephyr/Kconfig.charger:288) was assigned the value '200' but got
[pujjoga:ro] the value ''. Check these unsatisfied dependencies: PLATFORM_EC_OCPC (=n). See
[pujjoga:ro] http://docs.zephyrproject.org/latest/kconfig.html#CONFIG_PLATFORM_EC_OCPC_DEF_DRIVELIMIT_MILLIVOLTS
[pujjoga:ro] and/or look up PLATFORM_EC_OCPC_DEF_DRIVELIMIT_MILLIVOLTS in the menuconfig/guiconfig interface. The
[pujjoga:ro] Application Development Primer, Setting Configuration Values, and Kconfig - Tips and Best Practices
[pujjoga:ro] sections of the manual might be helpful too.
[ocicat-ish:singleimage] Parsing /mnt/host/source/src/platform/ec/zephyr/program/ocelot/Kconfig
[felino4es:rw] Parsing /mnt/host/source/src/platform/ec/zephyr/program/fatcat/Kconfig
[matsu_it82000:ro] Parsing /mnt/host/source/src/platform/ec/zephyr/program/ocelot/Kconfig
[quartz:rw] Parsing /mnt/host/source/src/platform/ec/zephyr/program/bluey/Kconfig
[npcx_monitor:singleimage] Parsing /mnt/host/source/src/third_party/zephyr/main/Kconfig
[roach:rw] Parsing /mnt/host/source/src/platform/ec/zephyr/program/roach/Kconfig
[adlrvp_mchp:rw] Parsing /mnt/host/source/src/platform/ec/zephyr/program/intelrvp/Kconfig
[gothrax:ro] Parsing /mnt/host/source/src/platform/ec/zephyr/program/nissa/Kconfig
[felino4es:ro] Parsing /mnt/host/source/src/platform/ec/zephyr/program/fatcat/Kconfig
[axii:ro] Parsing /mnt/host/source/src/platform/ec/zephyr/program/roach/Kconfig
[adlrvp_mchp:ro] Parsing /mnt/host/source/src/platform/ec/zephyr/program/intelrvp/Kconfig
[gothrax:rw] Parsing /mnt/host/source/src/platform/ec/zephyr/program/nissa/Kconfig
[pujjoga:ro] Parsing /mnt/host/source/src/platform/ec/zephyr/program/nissa/Kconfig
[nivviks:rw] Parsing /mnt/host/source/src/platform/ec/zephyr/program/nissa/Kconfig
[screebo:ro] Parsing /mnt/host/source/src/platform/ec/zephyr/program/rex/Kconfig
[screebo:rw] Parsing /mnt/host/source/src/platform/ec/zephyr/program/rex/Kconfig
[ocicat-ish:singleimage] warning: Deprecated symbol I2C_ALLOW_NO_STOP_TRANSACTIONS is enabled.
[ocicat-ish:singleimage] INFOSetting TOOLCHAIN_HAS_PICOLIBC to support full build.
[ocicat-ish:singleimage] INFOSetting TOOLCHAIN_HAS_NEWLIB to support full build.
[ocicat-ish:singleimage] Loaded configuration '/mnt/host/source/src/third_party/zephyr/main/boards/intel/ish/intel_ish_5_8_0_defconfig'
[ocicat-ish:singleimage] Merged configuration '/mnt/host/source/src/platform/ec/zephyr/program/ocelot/ocicat-ish/prj.conf'
[ocicat-ish:singleimage] Merged configuration '/mnt/host/source/src/platform/ec/zephyr/program/ocelot/ocicat-ish/motionsense.conf'
[ocicat-ish:singleimage] Merged configuration '/mnt/host/source/src/platform/ec/zephyr/program/ocelot/dsp_comms.conf'
[ocicat-ish:singleimage] Merged configuration '/mnt/host/source/src/platform/ec/build/zephyr/ocicat-ish/kconfig-singleimage.conf'
[ocicat-ish:singleimage] Configuration saved to '/mnt/host/source/src/platform/ec/build/zephyr/ocicat-ish/build-singleimage/zephyr/.config'
[ocicat-ish:singleimage] Kconfig header saved to '/mnt/host/source/src/platform/ec/build/zephyr/ocicat-ish/build-singleimage/zephyr/include/generated/zephyr/autoconf.h'
[ocicat-ish:singleimage] -- Found GnuLd: /home/jpmurphy/.cache/coreboot-sdk/i386-elf/dfbb0486385d938cfa9d73080b9d18d598ed4f49/i386-elf/bin/ld.bfd (found version "2.43.1")
[npcx_monitor:singleimage] Loaded configuration '/mnt/host/source/src/platform/ec/zephyr/boards/nuvoton/npcx_evb/npcx_evb_npcx9m6f_defconfig'
[npcx_monitor:singleimage] Merged configuration '/mnt/host/source/src/platform/ec/zephyr/program/npcx_evb/npcx_monitor/prj.conf'
[npcx_monitor:singleimage] Merged configuration '/mnt/host/source/src/platform/ec/build/zephyr/npcx_monitor/kconfig-singleimage.conf'
[npcx_monitor:singleimage] Configuration saved to '/mnt/host/source/src/platform/ec/build/zephyr/npcx_monitor/build-singleimage/zephyr/.config'
[npcx_monitor:singleimage] Kconfig header saved to '/mnt/host/source/src/platform/ec/build/zephyr/npcx_monitor/build-singleimage/zephyr/include/generated/zephyr/autoconf.h'
[npcx_monitor:singleimage] -- Found GnuLd: /home/jpmurphy/.cache/coreboot-sdk/arm-eabi/ea40ddd1d190c3b48435c474c0b545719371813a/arm-eabi/bin/ld.bfd (found version "2.43.1")
[roach:rw] Loaded configuration '/mnt/host/source/src/platform/ec/zephyr/boards/google/it8xxx2/it8xxx2_it82202ax_512_defconfig'
[roach:rw] Merged configuration '/mnt/host/source/src/platform/ec/zephyr/program/roach/program.conf'
[roach:rw] Merged configuration '/mnt/host/source/src/platform/ec/zephyr/program/roach/roach/project.conf'
[roach:rw] Merged configuration '/mnt/host/source/src/platform/ec/build/zephyr/roach/kconfig-rw.conf'
[roach:rw] Configuration saved to '/mnt/host/source/src/platform/ec/build/zephyr/roach/build-rw/zephyr/.config'
[roach:rw] Kconfig header saved to '/mnt/host/source/src/platform/ec/build/zephyr/roach/build-rw/zephyr/include/generated/zephyr/autoconf.h'
[roach:rw] -- Found GnuLd: /home/jpmurphy/.cache/coreboot-sdk/riscv64-elf/96b949749225b6aaa92ed810ab769e8dfb12f000/riscv64-elf/bin/ld.bfd (found version "2.43.1")
[gothrax:ro] Loaded configuration '/mnt/host/source/src/platform/ec/zephyr/boards/google/it8xxx2/it8xxx2_it81302bx_defconfig'
[gothrax:ro] Merged configuration '/mnt/host/source/src/platform/ec/zephyr/program/nissa/program.conf'
[gothrax:ro] Merged configuration '/mnt/host/source/src/platform/ec/zephyr/program/nissa/it8xxx2_program.conf'
[gothrax:ro] Merged configuration '/mnt/host/source/src/platform/ec/zephyr/program/nissa/gothrax/project.conf'
[gothrax:ro] Merged configuration '/mnt/host/source/src/platform/ec/build/zephyr/gothrax/kconfig-ro.conf'
[gothrax:ro] Configuration saved to '/mnt/host/source/src/platform/ec/build/zephyr/gothrax/build-ro/zephyr/.config'
[gothrax:ro] Kconfig header saved to '/mnt/host/source/src/platform/ec/build/zephyr/gothrax/build-ro/zephyr/include/generated/zephyr/autoconf.h'
[gothrax:ro] -- Found GnuLd: /home/jpmurphy/.cache/coreboot-sdk/riscv64-elf/96b949749225b6aaa92ed810ab769e8dfb12f000/riscv64-elf/bin/ld.bfd (found version "2.43.1")
[axii:ro] Loaded configuration '/mnt/host/source/src/platform/ec/zephyr/boards/google/it8xxx2/it8xxx2_it82202ax_512_defconfig'
[axii:ro] Merged configuration '/mnt/host/source/src/platform/ec/zephyr/program/roach/program.conf'
[axii:ro] Merged configuration '/mnt/host/source/src/platform/ec/zephyr/program/roach/axii/project.conf'
[axii:ro] Merged configuration '/mnt/host/source/src/platform/ec/build/zephyr/axii/kconfig-ro.conf'
[axii:ro] Configuration saved to '/mnt/host/source/src/platform/ec/build/zephyr/axii/build-ro/zephyr/.config'
[axii:ro] Kconfig header saved to '/mnt/host/source/src/platform/ec/build/zephyr/axii/build-ro/zephyr/include/generated/zephyr/autoconf.h'
[axii:ro] -- Found GnuLd: /home/jpmurphy/.cache/coreboot-sdk/riscv64-elf/96b949749225b6aaa92ed810ab769e8dfb12f000/riscv64-elf/bin/ld.bfd (found version "2.43.1")
[felino4es:rw] Loaded configuration '/mnt/host/source/src/platform/ec/zephyr/boards/google/it8xxx2/it8xxx2_it82002aw_defconfig'
[felino4es:rw] Merged configuration '/mnt/host/source/src/platform/ec/zephyr/program/fatcat/program.conf'
[felino4es:rw] Merged configuration '/mnt/host/source/src/platform/ec/zephyr/program/fatcat/felino4es/project.conf'
[felino4es:rw] Merged configuration '/mnt/host/source/src/platform/ec/zephyr/program/fatcat/felino/project.conf'
[felino4es:rw] Merged configuration '/mnt/host/source/src/platform/ec/zephyr/program/fatcat/felino4es/project.conf'
[felino4es:rw] Merged configuration '/mnt/host/source/src/platform/ec/build/zephyr/felino4es/kconfig-rw.conf'
[felino4es:rw] Configuration saved to '/mnt/host/source/src/platform/ec/build/zephyr/felino4es/build-rw/zephyr/.config'
[felino4es:rw] Kconfig header saved to '/mnt/host/source/src/platform/ec/build/zephyr/felino4es/build-rw/zephyr/include/generated/zephyr/autoconf.h'
[felino4es:rw] -- Found GnuLd: /home/jpmurphy/.cache/coreboot-sdk/riscv64-elf/96b949749225b6aaa92ed810ab769e8dfb12f000/riscv64-elf/bin/ld.bfd (found version "2.43.1")
[quartz:rw] Loaded configuration '/mnt/host/source/src/platform/ec/zephyr/boards/google/npcx9/npcx9_npcx9m7fb_defconfig'
[quartz:rw] Merged configuration '/mnt/host/source/src/platform/ec/zephyr/program/bluey/program.conf'
[quartz:rw] Merged configuration '/mnt/host/source/src/platform/ec/zephyr/program/bluey/quartz/project.conf'
[quartz:rw] Merged configuration '/mnt/host/source/src/platform/ec/build/zephyr/quartz/kconfig-rw.conf'
[quartz:rw] Configuration saved to '/mnt/host/source/src/platform/ec/build/zephyr/quartz/build-rw/zephyr/.config'
[quartz:rw] Kconfig header saved to '/mnt/host/source/src/platform/ec/build/zephyr/quartz/build-rw/zephyr/include/generated/zephyr/autoconf.h'
[quartz:rw] -- Found GnuLd: /home/jpmurphy/.cache/coreboot-sdk/arm-eabi/ea40ddd1d190c3b48435c474c0b545719371813a/arm-eabi/bin/ld.bfd (found version "2.43.1")
[matsu_it82000:ro] Loaded configuration '/mnt/host/source/src/platform/ec/zephyr/boards/google/it8xxx2/it8xxx2_it82000bw_defconfig'
[adlrvp_mchp:rw] Loaded configuration '/mnt/host/source/src/platform/ec/zephyr/boards/google/mec172x/mec172x_mec172x_nsz_mec1727_defconfig'
[matsu_it82000:ro] Merged configuration '/mnt/host/source/src/platform/ec/zephyr/program/ocelot/program.conf'
[adlrvp_mchp:rw] Merged configuration '/mnt/host/source/src/platform/ec/zephyr/program/intelrvp/program.conf'
[matsu_it82000:ro] Merged configuration '/mnt/host/source/src/platform/ec/zephyr/program/ocelot/matsu/project.conf'
[adlrvp_mchp:rw] Merged configuration '/mnt/host/source/src/platform/ec/zephyr/program/intelrvp/adlrvp/prj.conf'
[matsu_it82000:ro] Merged configuration '/mnt/host/source/src/platform/ec/build/zephyr/matsu_it82000/kconfig-ro.conf'
[adlrvp_mchp:rw] Merged configuration '/mnt/host/source/src/platform/ec/zephyr/program/intelrvp/legacy_ec_pwrseq.conf'
[matsu_it82000:ro] Configuration saved to '/mnt/host/source/src/platform/ec/build/zephyr/matsu_it82000/build-ro/zephyr/.config'
[adlrvp_mchp:rw] Merged configuration '/mnt/host/source/src/platform/ec/zephyr/program/intelrvp/adlrvp/adlrvp_mchp/prj.conf'
[matsu_it82000:ro] Kconfig header saved to '/mnt/host/source/src/platform/ec/build/zephyr/matsu_it82000/build-ro/zephyr/include/generated/zephyr/autoconf.h'
[adlrvp_mchp:rw] Merged configuration '/mnt/host/source/src/platform/ec/build/zephyr/adlrvp_mchp/kconfig-rw.conf'
[matsu_it82000:ro] -- Found GnuLd: /home/jpmurphy/.cache/coreboot-sdk/riscv64-elf/96b949749225b6aaa92ed810ab769e8dfb12f000/riscv64-elf/bin/ld.bfd (found version "2.43.1")
[adlrvp_mchp:rw] Configuration saved to '/mnt/host/source/src/platform/ec/build/zephyr/adlrvp_mchp/build-rw/zephyr/.config'
[adlrvp_mchp:rw] Kconfig header saved to '/mnt/host/source/src/platform/ec/build/zephyr/adlrvp_mchp/build-rw/zephyr/include/generated/zephyr/autoconf.h'
[adlrvp_mchp:rw] -- Found GnuLd: /home/jpmurphy/.cache/coreboot-sdk/arm-eabi/ea40ddd1d190c3b48435c474c0b545719371813a/arm-eabi/bin/ld.bfd (found version "2.43.1")
[adlrvp_mchp:ro] Loaded configuration '/mnt/host/source/src/platform/ec/zephyr/boards/google/mec172x/mec172x_mec172x_nsz_mec1727_defconfig'
[adlrvp_mchp:ro] Merged configuration '/mnt/host/source/src/platform/ec/zephyr/program/intelrvp/program.conf'
[adlrvp_mchp:ro] Merged configuration '/mnt/host/source/src/platform/ec/zephyr/program/intelrvp/adlrvp/prj.conf'
[adlrvp_mchp:ro] Merged configuration '/mnt/host/source/src/platform/ec/zephyr/program/intelrvp/legacy_ec_pwrseq.conf'
[adlrvp_mchp:ro] Merged configuration '/mnt/host/source/src/platform/ec/zephyr/program/intelrvp/adlrvp/adlrvp_mchp/prj.conf'
[adlrvp_mchp:ro] Merged configuration '/mnt/host/source/src/platform/ec/build/zephyr/adlrvp_mchp/kconfig-ro.conf'
[adlrvp_mchp:ro] Configuration saved to '/mnt/host/source/src/platform/ec/build/zephyr/adlrvp_mchp/build-ro/zephyr/.config'
[adlrvp_mchp:ro] Kconfig header saved to '/mnt/host/source/src/platform/ec/build/zephyr/adlrvp_mchp/build-ro/zephyr/include/generated/zephyr/autoconf.h'
[adlrvp_mchp:ro] -- Found GnuLd: /home/jpmurphy/.cache/coreboot-sdk/arm-eabi/ea40ddd1d190c3b48435c474c0b545719371813a/arm-eabi/bin/ld.bfd (found version "2.43.1")
[pujjoga:ro] Loaded configuration '/mnt/host/source/src/platform/ec/zephyr/boards/google/npcx9/npcx9_npcx9m3f_defconfig'
[gothrax:rw] Loaded configuration '/mnt/host/source/src/platform/ec/zephyr/boards/google/it8xxx2/it8xxx2_it81302bx_defconfig'
[pujjoga:ro] Merged configuration '/mnt/host/source/src/platform/ec/zephyr/program/nissa/program.conf'
[gothrax:rw] Merged configuration '/mnt/host/source/src/platform/ec/zephyr/program/nissa/program.conf'
[pujjoga:ro] Merged configuration '/mnt/host/source/src/platform/ec/zephyr/program/nissa/npcx_program.conf'
[gothrax:rw] Merged configuration '/mnt/host/source/src/platform/ec/zephyr/program/nissa/it8xxx2_program.conf'
[pujjoga:ro] Merged configuration '/mnt/host/source/src/platform/ec/zephyr/program/nissa/pujjoga/project.conf'
[gothrax:rw] Merged configuration '/mnt/host/source/src/platform/ec/zephyr/program/nissa/gothrax/project.conf'
[felino4es:ro] Loaded configuration '/mnt/host/source/src/platform/ec/zephyr/boards/google/it8xxx2/it8xxx2_it82002aw_defconfig'
[pujjoga:ro] Merged configuration '/mnt/host/source/src/platform/ec/build/zephyr/pujjoga/kconfig-ro.conf'
[gothrax:rw] Merged configuration '/mnt/host/source/src/platform/ec/build/zephyr/gothrax/kconfig-rw.conf'
[felino4es:ro] Merged configuration '/mnt/host/source/src/platform/ec/zephyr/program/fatcat/program.conf'
[pujjoga:ro] Configuration saved to '/mnt/host/source/src/platform/ec/build/zephyr/pujjoga/build-ro/zephyr/.config'
[gothrax:rw] Configuration saved to '/mnt/host/source/src/platform/ec/build/zephyr/gothrax/build-rw/zephyr/.config'
[felino4es:ro] Merged configuration '/mnt/host/source/src/platform/ec/zephyr/program/fatcat/felino4es/project.conf'
[pujjoga:ro] Kconfig header saved to '/mnt/host/source/src/platform/ec/build/zephyr/pujjoga/build-ro/zephyr/include/generated/zephyr/autoconf.h'
[gothrax:rw] Kconfig header saved to '/mnt/host/source/src/platform/ec/build/zephyr/gothrax/build-rw/zephyr/include/generated/zephyr/autoconf.h'
[felino4es:ro] Merged configuration '/mnt/host/source/src/platform/ec/zephyr/program/fatcat/felino/project.conf'
[pujjoga:ro] -- Found GnuLd: /home/jpmurphy/.cache/coreboot-sdk/arm-eabi/ea40ddd1d190c3b48435c474c0b545719371813a/arm-eabi/bin/ld.bfd (found version "2.43.1")
[gothrax:rw] -- Found GnuLd: /home/jpmurphy/.cache/coreboot-sdk/riscv64-elf/96b949749225b6aaa92ed810ab769e8dfb12f000/riscv64-elf/bin/ld.bfd (found version "2.43.1")
[felino4es:ro] Merged configuration '/mnt/host/source/src/platform/ec/zephyr/program/fatcat/felino4es/project.conf'
[felino4es:ro] Merged configuration '/mnt/host/source/src/platform/ec/build/zephyr/felino4es/kconfig-ro.conf'
[felino4es:ro] Configuration saved to '/mnt/host/source/src/platform/ec/build/zephyr/felino4es/build-ro/zephyr/.config'
[felino4es:ro] Kconfig header saved to '/mnt/host/source/src/platform/ec/build/zephyr/felino4es/build-ro/zephyr/include/generated/zephyr/autoconf.h'
[felino4es:ro] -- Found GnuLd: /home/jpmurphy/.cache/coreboot-sdk/riscv64-elf/96b949749225b6aaa92ed810ab769e8dfb12f000/riscv64-elf/bin/ld.bfd (found version "2.43.1")
[screebo:ro] Loaded configuration '/mnt/host/source/src/platform/ec/zephyr/boards/google/npcx9/npcx9_npcx9m7f_defconfig'
[screebo:ro] Merged configuration '/mnt/host/source/src/platform/ec/zephyr/program/rex/program.conf'
[screebo:ro] Merged configuration '/mnt/host/source/src/platform/ec/zephyr/program/rex/screebo/project.conf'
[screebo:ro] Merged configuration '/mnt/host/source/src/platform/ec/build/zephyr/screebo/kconfig-ro.conf'
[screebo:ro] Configuration saved to '/mnt/host/source/src/platform/ec/build/zephyr/screebo/build-ro/zephyr/.config'
[screebo:ro] Kconfig header saved to '/mnt/host/source/src/platform/ec/build/zephyr/screebo/build-ro/zephyr/include/generated/zephyr/autoconf.h'
[screebo:ro] -- Found GnuLd: /home/jpmurphy/.cache/coreboot-sdk/arm-eabi/ea40ddd1d190c3b48435c474c0b545719371813a/arm-eabi/bin/ld.bfd (found version "2.43.1")
[screebo:rw] Loaded configuration '/mnt/host/source/src/platform/ec/zephyr/boards/google/npcx9/npcx9_npcx9m7f_defconfig'
[screebo:rw] Merged configuration '/mnt/host/source/src/platform/ec/zephyr/program/rex/program.conf'
[screebo:rw] Merged configuration '/mnt/host/source/src/platform/ec/zephyr/program/rex/screebo/project.conf'
[screebo:rw] Merged configuration '/mnt/host/source/src/platform/ec/build/zephyr/screebo/kconfig-rw.conf'
[screebo:rw] Configuration saved to '/mnt/host/source/src/platform/ec/build/zephyr/screebo/build-rw/zephyr/.config'
[screebo:rw] Kconfig header saved to '/mnt/host/source/src/platform/ec/build/zephyr/screebo/build-rw/zephyr/include/generated/zephyr/autoconf.h'
[screebo:rw] -- Found GnuLd: /home/jpmurphy/.cache/coreboot-sdk/arm-eabi/ea40ddd1d190c3b48435c474c0b545719371813a/arm-eabi/bin/ld.bfd (found version "2.43.1")
[nivviks:rw] Loaded configuration '/mnt/host/source/src/platform/ec/zephyr/boards/google/npcx9/npcx9_npcx9m3f_defconfig'
[nivviks:rw] Merged configuration '/mnt/host/source/src/platform/ec/zephyr/program/nissa/program.conf'
[nivviks:rw] Merged configuration '/mnt/host/source/src/platform/ec/zephyr/program/nissa/npcx_program.conf'
[nivviks:rw] Merged configuration '/mnt/host/source/src/platform/ec/zephyr/program/nissa/nivviks/project.conf'
[nivviks:rw] Merged configuration '/mnt/host/source/src/platform/ec/build/zephyr/nivviks/kconfig-rw.conf'
[nivviks:rw] Configuration saved to '/mnt/host/source/src/platform/ec/build/zephyr/nivviks/build-rw/zephyr/.config'
[nivviks:rw] Kconfig header saved to '/mnt/host/source/src/platform/ec/build/zephyr/nivviks/build-rw/zephyr/include/generated/zephyr/autoconf.h'
[nivviks:rw] -- Found GnuLd: /home/jpmurphy/.cache/coreboot-sdk/arm-eabi/ea40ddd1d190c3b48435c474c0b545719371813a/arm-eabi/bin/ld.bfd (found version "2.43.1")
[ocicat-ish:singleimage] -- The C compiler identification is GNU 14.2.0
[adlrvp_mchp:ro] -- The C compiler identification is GNU 14.2.0
[npcx_monitor:singleimage] -- The C compiler identification is GNU 14.2.0
[quartz:rw] -- The C compiler identification is GNU 14.2.0
[adlrvp_mchp:rw] -- The C compiler identification is GNU 14.2.0
[pujjoga:ro] -- The C compiler identification is GNU 14.2.0
[screebo:ro] -- The C compiler identification is GNU 14.2.0
[nivviks:rw] -- The C compiler identification is GNU 14.2.0
[screebo:rw] -- The C compiler identification is GNU 14.2.0
[felino4es:ro] -- The C compiler identification is GNU 14.2.0
[roach:rw] -- The C compiler identification is GNU 14.2.0
[gothrax:rw] -- The C compiler identification is GNU 14.2.0
[matsu_it82000:ro] -- The C compiler identification is GNU 14.2.0
[felino4es:rw] -- The C compiler identification is GNU 14.2.0
[axii:ro] -- The C compiler identification is GNU 14.2.0
[gothrax:ro] -- The C compiler identification is GNU 14.2.0
[screebo:ro] -- The CXX compiler identification is GNU 14.2.0
[pujjoga:ro] -- The CXX compiler identification is GNU 14.2.0
[adlrvp_mchp:rw] -- The CXX compiler identification is GNU 14.2.0
[nivviks:rw] -- The CXX compiler identification is GNU 14.2.0
[npcx_monitor:singleimage] -- The CXX compiler identification is GNU 14.2.0
[adlrvp_mchp:ro] -- The CXX compiler identification is GNU 14.2.0
[ocicat-ish:singleimage] -- The CXX compiler identification is GNU 14.2.0
[quartz:rw] -- The CXX compiler identification is GNU 14.2.0
[screebo:rw] -- The CXX compiler identification is GNU 14.2.0
[screebo:ro] -- The ASM compiler identification is GNU
[screebo:ro] -- Found assembler: /home/jpmurphy/.cache/coreboot-sdk/arm-eabi/ea40ddd1d190c3b48435c474c0b545719371813a/bin/arm-eabi-gcc
[adlrvp_mchp:ro] -- The ASM compiler identification is GNU
[adlrvp_mchp:ro] -- Found assembler: /home/jpmurphy/.cache/coreboot-sdk/arm-eabi/ea40ddd1d190c3b48435c474c0b545719371813a/bin/arm-eabi-gcc
[pujjoga:ro] -- The ASM compiler identification is GNU
[npcx_monitor:singleimage] -- The ASM compiler identification is GNU
[adlrvp_mchp:rw] -- The ASM compiler identification is GNU
[nivviks:rw] -- The ASM compiler identification is GNU
[quartz:rw] -- The ASM compiler identification is GNU
[quartz:rw] -- Found assembler: /home/jpmurphy/.cache/coreboot-sdk/arm-eabi/ea40ddd1d190c3b48435c474c0b545719371813a/bin/arm-eabi-gcc
[screebo:rw] -- The ASM compiler identification is GNU
[ocicat-ish:singleimage] -- The ASM compiler identification is GNU
[ocicat-ish:singleimage] -- Found assembler: /home/jpmurphy/.cache/coreboot-sdk/i386-elf/dfbb0486385d938cfa9d73080b9d18d598ed4f49/bin/i386-elf-gcc
[felino4es:ro] -- The CXX compiler identification is GNU 14.2.0
[axii:ro] -- The CXX compiler identification is GNU 14.2.0
[roach:rw] -- The CXX compiler identification is GNU 14.2.0
[felino4es:rw] -- The CXX compiler identification is GNU 14.2.0
[gothrax:rw] -- The CXX compiler identification is GNU 14.2.0
[matsu_it82000:ro] -- The CXX compiler identification is GNU 14.2.0
[felino4es:ro] -- The ASM compiler identification is GNU
[felino4es:ro] -- Found assembler: /home/jpmurphy/.cache/coreboot-sdk/riscv64-elf/96b949749225b6aaa92ed810ab769e8dfb12f000/bin/riscv64-elf-gcc
[axii:ro] -- The ASM compiler identification is GNU
[gothrax:ro] -- The CXX compiler identification is GNU 14.2.0
[roach:rw] -- The ASM compiler identification is GNU
[roach:rw] -- Found assembler: /home/jpmurphy/.cache/coreboot-sdk/riscv64-elf/96b949749225b6aaa92ed810ab769e8dfb12f000/bin/riscv64-elf-gcc
[axii:ro] -- Found assembler: /home/jpmurphy/.cache/coreboot-sdk/riscv64-elf/96b949749225b6aaa92ed810ab769e8dfb12f000/bin/riscv64-elf-gcc
[felino4es:rw] -- The ASM compiler identification is GNU
[felino4es:rw] -- Found assembler: /home/jpmurphy/.cache/coreboot-sdk/riscv64-elf/96b949749225b6aaa92ed810ab769e8dfb12f000/bin/riscv64-elf-gcc
[matsu_it82000:ro] -- The ASM compiler identification is GNU
[gothrax:rw] -- The ASM compiler identification is GNU
[gothrax:rw] -- Found assembler: /home/jpmurphy/.cache/coreboot-sdk/riscv64-elf/96b949749225b6aaa92ed810ab769e8dfb12f000/bin/riscv64-elf-gcc
[matsu_it82000:ro] -- Found assembler: /home/jpmurphy/.cache/coreboot-sdk/riscv64-elf/96b949749225b6aaa92ed810ab769e8dfb12f000/bin/riscv64-elf-gcc
[gothrax:ro] -- The ASM compiler identification is GNU
[npcx_monitor:singleimage] CMake Warning at /mnt/host/source/src/platform/ec/zephyr/cmake/linker/ld/linker_libraries.cmake:11 (message):
[adlrvp_mchp:rw] warning: Deprecated symbol I2C_ALLOW_NO_STOP_TRANSACTIONS is enabled.
[adlrvp_mchp:rw] CMake Warning at /mnt/host/source/src/platform/ec/zephyr/cmake/linker/ld/linker_libraries.cmake:11 (message):
[adlrvp_mchp:rw]   Disabling c_library
[adlrvp_mchp:rw] Call Stack (most recent call first):
[adlrvp_mchp:rw]   /mnt/host/source/src/third_party/zephyr/main/cmake/target_toolchain_flags.cmake:48 (include)
[adlrvp_mchp:rw]   /mnt/host/source/src/third_party/zephyr/main/cmake/modules/kernel.cmake:153 (include)
[adlrvp_mchp:rw]   /mnt/host/source/src/third_party/zephyr/main/cmake/modules/zephyr_default.cmake:138 (include)
[adlrvp_mchp:rw]   /mnt/host/source/src/third_party/zephyr/main/share/zephyr-package/cmake/ZephyrConfig.cmake:66 (include)
[adlrvp_mchp:rw]   /mnt/host/source/src/third_party/zephyr/main/share/zephyr-package/cmake/ZephyrConfig.cmake:97 (include_boilerplate)
[adlrvp_mchp:rw]   CMakeLists.txt:7 (find_package)
[pujjoga:ro] warning: Deprecated symbol I2C_ALLOW_NO_STOP_TRANSACTIONS is enabled.
[pujjoga:ro] CMake Warning at /mnt/host/source/src/platform/ec/zephyr/cmake/linker/ld/linker_libraries.cmake:11 (message):
[screebo:rw] warning: Deprecated symbol I2C_ALLOW_NO_STOP_TRANSACTIONS is enabled.
[nivviks:rw] warning: Deprecated symbol I2C_ALLOW_NO_STOP_TRANSACTIONS is enabled.
[screebo:rw] CMake Warning at /mnt/host/source/src/platform/ec/zephyr/cmake/linker/ld/linker_libraries.cmake:11 (message):
[nivviks:rw] CMake Warning at /mnt/host/source/src/platform/ec/zephyr/cmake/linker/ld/linker_libraries.cmake:11 (message):
[screebo:ro] warning: Deprecated symbol I2C_ALLOW_NO_STOP_TRANSACTIONS is enabled.
[adlrvp_mchp:ro] warning: Deprecated symbol I2C_ALLOW_NO_STOP_TRANSACTIONS is enabled.
[screebo:ro] CMake Warning at /mnt/host/source/src/platform/ec/zephyr/cmake/linker/ld/linker_libraries.cmake:11 (message):
[adlrvp_mchp:ro] CMake Warning at /mnt/host/source/src/platform/ec/zephyr/cmake/linker/ld/linker_libraries.cmake:11 (message):
[quartz:rw] warning: Deprecated symbol I2C_ALLOW_NO_STOP_TRANSACTIONS is enabled.
[quartz:rw] CMake Warning at /mnt/host/source/src/platform/ec/zephyr/cmake/linker/ld/linker_libraries.cmake:11 (message):
[quartz:rw]   Disabling c_library
[axii:ro] warning: PLATFORM_EC_RSA_KEY_SIZE (defined at
[axii:ro] /mnt/host/source/src/platform/ec/zephyr/Kconfig.rsa:15) was assigned the value '3072' but got the
[axii:ro] value ''. Check these unsatisfied dependencies: PLATFORM_EC_RSA (=n). See
[axii:ro] http://docs.zephyrproject.org/latest/kconfig.html#CONFIG_PLATFORM_EC_RSA_KEY_SIZE and/or look up
[axii:ro] PLATFORM_EC_RSA_KEY_SIZE in the menuconfig/guiconfig interface. The Application Development Primer,
[axii:ro] Setting Configuration Values, and Kconfig - Tips and Best Practices sections of the manual might be
[axii:ro] helpful too.
[axii:ro] warning: PLATFORM_EC_USB_PAIRING (defined at
[matsu_it82000:ro] warning: Deprecated symbol I2C_ALLOW_NO_STOP_TRANSACTIONS is enabled.
[axii:ro] /mnt/host/source/src/platform/ec/zephyr/Kconfig.usb_update:25) was assigned the value 'y' but got
[axii:ro] the value 'n'. Check these unsatisfied dependencies: PLATFORM_EC_USB_UPDATE (=n). See
[matsu_it82000:ro] CMake Warning at /mnt/host/source/src/platform/ec/zephyr/cmake/linker/ld/linker_libraries.cmake:11 (message):
[axii:ro] http://docs.zephyrproject.org/latest/kconfig.html#CONFIG_PLATFORM_EC_USB_PAIRING and/or look up
[axii:ro] PLATFORM_EC_USB_PAIRING in the menuconfig/guiconfig interface. The Application Development Primer,
[axii:ro] Setting Configuration Values, and Kconfig - Tips and Best Practices sections of the manual might be
[axii:ro] helpful too.
[axii:ro] CMake Warning at /mnt/host/source/src/platform/ec/zephyr/cmake/linker/ld/linker_libraries.cmake:11 (message):
[axii:ro]   Disabling c_library
[axii:ro] Call Stack (most recent call first):
[axii:ro]   /mnt/host/source/src/third_party/zephyr/main/cmake/target_toolchain_flags.cmake:48 (include)
[axii:ro]   /mnt/host/source/src/third_party/zephyr/main/cmake/modules/kernel.cmake:153 (include)
[axii:ro]   /mnt/host/source/src/third_party/zephyr/main/cmake/modules/zephyr_default.cmake:138 (include)
[axii:ro]   /mnt/host/source/src/third_party/zephyr/main/share/zephyr-package/cmake/ZephyrConfig.cmake:66 (include)
[axii:ro]   /mnt/host/source/src/third_party/zephyr/main/share/zephyr-package/cmake/ZephyrConfig.cmake:97 (include_boilerplate)
[axii:ro]   CMakeLists.txt:7 (find_package)
[roach:rw] warning: Deprecated symbol I2C_ALLOW_NO_STOP_TRANSACTIONS is enabled.
[roach:rw] CMake Warning at /mnt/host/source/src/platform/ec/zephyr/cmake/linker/ld/linker_libraries.cmake:11 (message):
[roach:rw]   Disabling c_library
[roach:rw] Call Stack (most recent call first):
[roach:rw]   /mnt/host/source/src/third_party/zephyr/main/cmake/target_toolchain_flags.cmake:48 (include)
[roach:rw]   /mnt/host/source/src/third_party/zephyr/main/cmake/modules/kernel.cmake:153 (include)
[roach:rw]   /mnt/host/source/src/third_party/zephyr/main/cmake/modules/zephyr_default.cmake:138 (include)
[roach:rw]   /mnt/host/source/src/third_party/zephyr/main/share/zephyr-package/cmake/ZephyrConfig.cmake:66 (include)
[roach:rw]   /mnt/host/source/src/third_party/zephyr/main/share/zephyr-package/cmake/ZephyrConfig.cmake:97 (include_boilerplate)
[roach:rw]   CMakeLists.txt:7 (find_package)
[gothrax:rw] warning: Deprecated symbol I2C_ALLOW_NO_STOP_TRANSACTIONS is enabled.
[gothrax:rw] CMake Warning at /mnt/host/source/src/platform/ec/zephyr/cmake/linker/ld/linker_libraries.cmake:11 (message):
[felino4es:ro] warning: Deprecated symbol I2C_ALLOW_NO_STOP_TRANSACTIONS is enabled.
[felino4es:ro] CMake Warning at /mnt/host/source/src/platform/ec/zephyr/cmake/linker/ld/linker_libraries.cmake:11 (message):
[felino4es:ro]   Disabling c_library
[felino4es:ro] Call Stack (most recent call first):
[felino4es:ro]   /mnt/host/source/src/third_party/zephyr/main/cmake/target_toolchain_flags.cmake:48 (include)
[felino4es:ro]   /mnt/host/source/src/third_party/zephyr/main/cmake/modules/kernel.cmake:153 (include)
[felino4es:ro]   /mnt/host/source/src/third_party/zephyr/main/cmake/modules/zephyr_default.cmake:138 (include)
[felino4es:ro]   /mnt/host/source/src/third_party/zephyr/main/share/zephyr-package/cmake/ZephyrConfig.cmake:66 (include)
[felino4es:ro]   /mnt/host/source/src/third_party/zephyr/main/share/zephyr-package/cmake/ZephyrConfig.cmake:97 (include_boilerplate)
[felino4es:ro]   CMakeLists.txt:7 (find_package)
[felino4es:rw] warning: Deprecated symbol I2C_ALLOW_NO_STOP_TRANSACTIONS is enabled.
[felino4es:rw] CMake Warning at /mnt/host/source/src/platform/ec/zephyr/cmake/linker/ld/linker_libraries.cmake:11 (message):
[gothrax:ro] warning: Deprecated symbol I2C_ALLOW_NO_STOP_TRANSACTIONS is enabled.
[gothrax:ro] CMake Warning at /mnt/host/source/src/platform/ec/zephyr/cmake/linker/ld/linker_libraries.cmake:11 (message):
[gothrax:ro]   Disabling c_library
[gothrax:ro] Call Stack (most recent call first):
[gothrax:ro]   /mnt/host/source/src/third_party/zephyr/main/cmake/target_toolchain_flags.cmake:48 (include)
[gothrax:ro]   /mnt/host/source/src/third_party/zephyr/main/cmake/modules/kernel.cmake:153 (include)
[gothrax:ro]   /mnt/host/source/src/third_party/zephyr/main/cmake/modules/zephyr_default.cmake:138 (include)
[gothrax:ro]   /mnt/host/source/src/third_party/zephyr/main/share/zephyr-package/cmake/ZephyrConfig.cmake:66 (include)
[gothrax:ro]   /mnt/host/source/src/third_party/zephyr/main/share/zephyr-package/cmake/ZephyrConfig.cmake:97 (include_boilerplate)
[gothrax:ro]   CMakeLists.txt:7 (find_package)
[adlrvp_mchp:ro] -- Performing EC specific devicetree checks
[adlrvp_mchp:rw] -- Found assembler: /home/jpmurphy/.cache/coreboot-sdk/arm-eabi/ea40ddd1d190c3b48435c474c0b545719371813a/bin/arm-eabi-gcc
[adlrvp_mchp:rw] -- Performing EC specific devicetree checks
[adlrvp_mchp:rw] INFO: Verified 80 GPIOs, no duplicates found
[adlrvp_mchp:rw] INFO: Verified 11 '*-gpios' properties, all flags match.
[adlrvp_mchp:ro]   Disabling c_library
[adlrvp_mchp:ro] Call Stack (most recent call first):
[adlrvp_mchp:ro]   /mnt/host/source/src/third_party/zephyr/main/cmake/target_toolchain_flags.cmake:48 (include)
[adlrvp_mchp:ro]   /mnt/host/source/src/third_party/zephyr/main/cmake/modules/kernel.cmake:153 (include)
[adlrvp_mchp:ro]   /mnt/host/source/src/third_party/zephyr/main/cmake/modules/zephyr_default.cmake:138 (include)
[adlrvp_mchp:ro]   /mnt/host/source/src/third_party/zephyr/main/share/zephyr-package/cmake/ZephyrConfig.cmake:66 (include)
[adlrvp_mchp:ro]   /mnt/host/source/src/third_party/zephyr/main/share/zephyr-package/cmake/ZephyrConfig.cmake:97 (include_boilerplate)
[adlrvp_mchp:ro]   CMakeLists.txt:7 (find_package)
[adlrvp_mchp:ro] INFO: Verified 80 GPIOs, no duplicates found
[screebo:rw] -- Found assembler: /home/jpmurphy/.cache/coreboot-sdk/arm-eabi/ea40ddd1d190c3b48435c474c0b545719371813a/bin/arm-eabi-gcc
[screebo:rw] -- Performing EC specific devicetree checks
[pujjoga:ro] -- Found assembler: /home/jpmurphy/.cache/coreboot-sdk/arm-eabi/ea40ddd1d190c3b48435c474c0b545719371813a/bin/arm-eabi-gcc
[pujjoga:ro] -- Performing EC specific devicetree checks
[quartz:rw] -- Performing EC specific devicetree checks
[screebo:ro] -- Performing EC specific devicetree checks
[nivviks:rw] -- Found assembler: /home/jpmurphy/.cache/coreboot-sdk/arm-eabi/ea40ddd1d190c3b48435c474c0b545719371813a/bin/arm-eabi-gcc
[nivviks:rw] -- Performing EC specific devicetree checks
[pujjoga:ro]   Disabling c_library
[pujjoga:ro] Call Stack (most recent call first):
[pujjoga:ro]   /mnt/host/source/src/third_party/zephyr/main/cmake/target_toolchain_flags.cmake:48 (include)
[pujjoga:ro]   /mnt/host/source/src/third_party/zephyr/main/cmake/modules/kernel.cmake:153 (include)
[pujjoga:ro]   /mnt/host/source/src/third_party/zephyr/main/cmake/modules/zephyr_default.cmake:138 (include)
[pujjoga:ro]   /mnt/host/source/src/third_party/zephyr/main/share/zephyr-package/cmake/ZephyrConfig.cmake:66 (include)
[pujjoga:ro]   /mnt/host/source/src/third_party/zephyr/main/share/zephyr-package/cmake/ZephyrConfig.cmake:97 (include_boilerplate)
[pujjoga:ro]   CMakeLists.txt:7 (find_package)
[pujjoga:ro] INFO: Verified 61 GPIOs, no duplicates found
[pujjoga:ro] INFO: Verified 25 '*-gpios' properties, all flags match.
[quartz:rw] Call Stack (most recent call first):
[quartz:rw]   /mnt/host/source/src/third_party/zephyr/main/cmake/target_toolchain_flags.cmake:48 (include)
[quartz:rw]   /mnt/host/source/src/third_party/zephyr/main/cmake/modules/kernel.cmake:153 (include)
[quartz:rw]   /mnt/host/source/src/third_party/zephyr/main/cmake/modules/zephyr_default.cmake:138 (include)
[quartz:rw]   /mnt/host/source/src/third_party/zephyr/main/share/zephyr-package/cmake/ZephyrConfig.cmake:66 (include)
[quartz:rw]   /mnt/host/source/src/third_party/zephyr/main/share/zephyr-package/cmake/ZephyrConfig.cmake:97 (include_boilerplate)
[quartz:rw]   CMakeLists.txt:7 (find_package)
[quartz:rw] INFO: Verified 52 GPIOs, no duplicates found
[quartz:rw] INFO: Verified 27 '*-gpios' properties, all flags match.
[quartz:rw] INFO: Skipped 1 named-gpios children.
[nivviks:rw]   Disabling c_library
[nivviks:rw] Call Stack (most recent call first):
[nivviks:rw]   /mnt/host/source/src/third_party/zephyr/main/cmake/target_toolchain_flags.cmake:48 (include)
[nivviks:rw]   /mnt/host/source/src/third_party/zephyr/main/cmake/modules/kernel.cmake:153 (include)
[nivviks:rw]   /mnt/host/source/src/third_party/zephyr/main/cmake/modules/zephyr_default.cmake:138 (include)
[nivviks:rw]   /mnt/host/source/src/third_party/zephyr/main/share/zephyr-package/cmake/ZephyrConfig.cmake:66 (include)
[nivviks:rw]   /mnt/host/source/src/third_party/zephyr/main/share/zephyr-package/cmake/ZephyrConfig.cmake:97 (include_boilerplate)
[nivviks:rw]   CMakeLists.txt:7 (find_package)
[nivviks:rw] INFO: Verified 57 GPIOs, no duplicates found
[nivviks:rw] INFO: Verified 18 '*-gpios' properties, all flags match.
[screebo:rw]   Disabling c_library
[screebo:rw] Call Stack (most recent call first):
[screebo:rw]   /mnt/host/source/src/third_party/zephyr/main/cmake/target_toolchain_flags.cmake:48 (include)
[screebo:rw]   /mnt/host/source/src/third_party/zephyr/main/cmake/modules/kernel.cmake:153 (include)
[screebo:rw]   /mnt/host/source/src/third_party/zephyr/main/cmake/modules/zephyr_default.cmake:138 (include)
[screebo:rw]   /mnt/host/source/src/third_party/zephyr/main/share/zephyr-package/cmake/ZephyrConfig.cmake:66 (include)
[screebo:rw]   /mnt/host/source/src/third_party/zephyr/main/share/zephyr-package/cmake/ZephyrConfig.cmake:97 (include_boilerplate)
[screebo:rw]   CMakeLists.txt:6 (find_package)
[screebo:rw] INFO: Verified 67 GPIOs, no duplicates found
[screebo:rw] INFO: Verified 39 '*-gpios' properties, all flags match.
[screebo:rw] INFO: Skipped 16 named-gpios children.
[adlrvp_mchp:ro] -- Generating component manifest file
[screebo:ro]   Disabling c_library
[screebo:ro] Call Stack (most recent call first):
[adlrvp_mchp:rw] -- Generating component manifest file
[screebo:ro]   /mnt/host/source/src/third_party/zephyr/main/cmake/target_toolchain_flags.cmake:48 (include)
[screebo:ro]   /mnt/host/source/src/third_party/zephyr/main/cmake/modules/kernel.cmake:153 (include)
[screebo:ro]   /mnt/host/source/src/third_party/zephyr/main/cmake/modules/zephyr_default.cmake:138 (include)
[screebo:ro]   /mnt/host/source/src/third_party/zephyr/main/share/zephyr-package/cmake/ZephyrConfig.cmake:66 (include)
[screebo:ro]   /mnt/host/source/src/third_party/zephyr/main/share/zephyr-package/cmake/ZephyrConfig.cmake:97 (include_boilerplate)
[screebo:ro]   CMakeLists.txt:6 (find_package)
[screebo:ro] INFO: Verified 67 GPIOs, no duplicates found
[screebo:ro] INFO: Verified 39 '*-gpios' properties, all flags match.
[pujjoga:ro] -- Generating component manifest file
[nivviks:rw] -- Generating component manifest file
[adlrvp_mchp:rw] INFO: Skipped 1 named-gpios children.
[adlrvp_mchp:rw] INFO: Running CME, outputting to /mnt/host/source/src/platform/ec/build/zephyr/adlrvp_mchp/build-rw/zephyr/component_manifest.json
[adlrvp_mchp:rw] INFO: Project adlrvp_mchp does not support SSFC
[adlrvp_mchp:rw] INFO: Component virtual-mux-c0(cros-ec,usbc-mux-virtual) not on I2C bus, skip it
[screebo:ro] -- Generating component manifest file
[adlrvp_mchp:ro] INFO: Verified 11 '*-gpios' properties, all flags match.
[adlrvp_mchp:ro] INFO: Skipped 1 named-gpios children.
[adlrvp_mchp:ro] INFO: Running CME, outputting to /mnt/host/source/src/platform/ec/build/zephyr/adlrvp_mchp/build-ro/zephyr/component_manifest.json
[adlrvp_mchp:ro] INFO: Project adlrvp_mchp does not support SSFC
[adlrvp_mchp:ro] INFO: Component virtual-mux-c0(cros-ec,usbc-mux-virtual) not on I2C bus, skip it
[adlrvp_mchp:ro] INFO: Component virtual-mux-c0(cros-ec,usbc-mux-virtual) not on I2C bus, skip it
[adlrvp_mchp:ro] INFO: Component virtual-mux-c1(cros-ec,usbc-mux-virtual) not on I2C bus, skip it
[adlrvp_mchp:ro] INFO: Component virtual-mux-c1(cros-ec,usbc-mux-virtual) not on I2C bus, skip it
[adlrvp_mchp:ro] INFO: Component virtual-mux-c2(cros-ec,usbc-mux-virtual) not on I2C bus, skip it
[adlrvp_mchp:ro] INFO: Component virtual-mux-c3(cros-ec,usbc-mux-virtual) not on I2C bus, skip it
[adlrvp_mchp:ro] INFO: No motionsense-sensor node found
[quartz:rw] -- Generating component manifest file
[screebo:rw] -- Generating component manifest file
[nivviks:rw] INFO: Skipped 19 named-gpios children.
[nivviks:rw] INFO: Running CME, outputting to /mnt/host/source/src/platform/ec/build/zephyr/nivviks/build-rw/zephyr/component_manifest.json
[nivviks:rw] INFO: Project nivviks does not support SSFC
[nivviks:rw] INFO: Component virtual-mux-0(cros-ec,usbc-mux-virtual) not on I2C bus, skip it
[nivviks:rw] INFO: Component virtual-mux-1(cros-ec,usbc-mux-virtual) not on I2C bus, skip it
[nivviks:rw] INFO: Component virtual-mux-1(cros-ec,usbc-mux-virtual) not on I2C bus, skip it
[nivviks:rw] INFO: No motionsense-sensor-alt node found
[pujjoga:ro] INFO: Skipped 15 named-gpios children.
[pujjoga:ro] INFO: Running CME, outputting to /mnt/host/source/src/platform/ec/build/zephyr/pujjoga/build-ro/zephyr/component_manifest.json
[pujjoga:ro] INFO: Project pujjoga does not support SSFC
[quartz:rw] INFO: Running CME, outputting to /mnt/host/source/src/platform/ec/build/zephyr/quartz/build-rw/zephyr/component_manifest.json
[quartz:rw] INFO: Project quartz does not support SSFC
[quartz:rw] INFO: No usbc node found
[quartz:rw] INFO: No motionsense-sensor node found
[screebo:ro] INFO: Skipped 16 named-gpios children.
[screebo:ro] INFO: Running CME, outputting to /mnt/host/source/src/platform/ec/build/zephyr/screebo/build-ro/zephyr/component_manifest.json
[screebo:ro] INFO: Project screebo does not support SSFC
[screebo:ro] INFO: Component virtual-mux-c0(cros-ec,usbc-mux-virtual) not on I2C bus, skip it
[screebo:ro] INFO: Component virtual-mux-c0(cros-ec,usbc-mux-virtual) not on I2C bus, skip it
[screebo:ro] INFO: Component virtual-mux-c1(cros-ec,usbc-mux-virtual) not on I2C bus, skip it
[screebo:ro] INFO: Component virtual-mux-c1(cros-ec,usbc-mux-virtual) not on I2C bus, skip it
[screebo:ro] INFO: Component tcpci-mux-c1(cros-ec,usbc-mux-tcpci) not on I2C bus, skip it
[screebo:ro] INFO: Component virtual-mux-c1(cros-ec,usbc-mux-virtual) not on I2C bus, skip it
[screebo:ro] INFO: No motionsense-sensor node found
[screebo:rw] INFO: Running CME, outputting to /mnt/host/source/src/platform/ec/build/zephyr/screebo/build-rw/zephyr/component_manifest.json
[screebo:rw] INFO: Project screebo does not support SSFC
[screebo:rw] INFO: Component virtual-mux-c0(cros-ec,usbc-mux-virtual) not on I2C bus, skip it
[screebo:rw] INFO: Component virtual-mux-c0(cros-ec,usbc-mux-virtual) not on I2C bus, skip it
[screebo:rw] INFO: Component virtual-mux-c1(cros-ec,usbc-mux-virtual) not on I2C bus, skip it
[screebo:rw] INFO: Component virtual-mux-c1(cros-ec,usbc-mux-virtual) not on I2C bus, skip it
[screebo:rw] INFO: Component tcpci-mux-c1(cros-ec,usbc-mux-tcpci) not on I2C bus, skip it
[screebo:rw] INFO: Component virtual-mux-c1(cros-ec,usbc-mux-virtual) not on I2C bus, skip it
[screebo:rw] INFO: No motionsense-sensor node found
[roach:rw] -- Performing EC specific devicetree checks
[axii:ro] -- Performing EC specific devicetree checks
[felino4es:ro] -- Performing EC specific devicetree checks
[gothrax:rw] -- Performing EC specific devicetree checks
[roach:rw] INFO: Verified 4 GPIOs, no duplicates found
[roach:rw] INFO: Verified 64 '*-gpios' properties, all flags match.
[matsu_it82000:ro] -- Performing EC specific devicetree checks
[axii:ro] INFO: Verified 6 GPIOs, no duplicates found
[felino4es:rw] -- Performing EC specific devicetree checks
[npcx_monitor:singleimage] -- Found assembler: /home/jpmurphy/.cache/coreboot-sdk/arm-eabi/ea40ddd1d190c3b48435c474c0b545719371813a/bin/arm-eabi-gcc
[npcx_monitor:singleimage] -- warning_base_override: -Wall;-Wformat;-Wformat-security;-Wformat;-Wno-format-zero-length;-Wno-pointer-sign;-Wpointer-arith;-Wexpansion-to-defined
[screebo:ro] -- warning_base_override: -Wall;-Wformat;-Wformat-security;-Wformat;-Wno-format-zero-length;-Wno-pointer-sign;-Wpointer-arith;-Wexpansion-to-defined
[pujjoga:ro] -- warning_base_override: -Wall;-Wformat;-Wformat-security;-Wformat;-Wno-format-zero-length;-Wno-pointer-sign;-Wpointer-arith;-Wexpansion-to-defined
[felino4es:ro] INFO: Verified 51 GPIOs, no duplicates found
[felino4es:ro] INFO: Verified 14 '*-gpios' properties, all flags match.
[felino4es:ro] INFO: Skipped 10 named-gpios children.
[adlrvp_mchp:rw] -- warning_base_override: -Wall;-Wformat;-Wformat-security;-Wformat;-Wno-format-zero-length;-Wno-pointer-sign;-Wpointer-arith;-Wexpansion-to-defined
[screebo:rw] -- warning_base_override: -Wall;-Wformat;-Wformat-security;-Wformat;-Wno-format-zero-length;-Wno-pointer-sign;-Wpointer-arith;-Wexpansion-to-defined
[quartz:rw] -- warning_base_override: -Wall;-Wformat;-Wformat-security;-Wformat;-Wno-format-zero-length;-Wno-pointer-sign;-Wpointer-arith;-Wexpansion-to-defined
[nivviks:rw] -- warning_base_override: -Wall;-Wformat;-Wformat-security;-Wformat;-Wno-format-zero-length;-Wno-pointer-sign;-Wpointer-arith;-Wexpansion-to-defined
[gothrax:rw]   Disabling c_library
[gothrax:rw] Call Stack (most recent call first):
[gothrax:rw]   /mnt/host/source/src/third_party/zephyr/main/cmake/target_toolchain_flags.cmake:48 (include)
[gothrax:rw]   /mnt/host/source/src/third_party/zephyr/main/cmake/modules/kernel.cmake:153 (include)
[gothrax:rw]   /mnt/host/source/src/third_party/zephyr/main/cmake/modules/zephyr_default.cmake:138 (include)
[gothrax:ro] -- Found assembler: /home/jpmurphy/.cache/coreboot-sdk/riscv64-elf/96b949749225b6aaa92ed810ab769e8dfb12f000/bin/riscv64-elf-gcc
[gothrax:rw]   /mnt/host/source/src/third_party/zephyr/main/share/zephyr-package/cmake/ZephyrConfig.cmake:66 (include)
[gothrax:ro] -- Performing EC specific devicetree checks
[gothrax:rw]   /mnt/host/source/src/third_party/zephyr/main/share/zephyr-package/cmake/ZephyrConfig.cmake:97 (include_boilerplate)
[gothrax:rw]   CMakeLists.txt:7 (find_package)
[gothrax:rw] INFO: Verified 59 GPIOs, no duplicates found
[gothrax:rw] INFO: Verified 24 '*-gpios' properties, all flags match.
[roach:rw] -- Generating component manifest file
[adlrvp_mchp:ro] -- warning_base_override: -Wall;-Wformat;-Wformat-security;-Wformat;-Wno-format-zero-length;-Wno-pointer-sign;-Wpointer-arith;-Wexpansion-to-defined
[matsu_it82000:ro]   Disabling c_library
[matsu_it82000:ro] Call Stack (most recent call first):
[matsu_it82000:ro]   /mnt/host/source/src/third_party/zephyr/main/cmake/target_toolchain_flags.cmake:48 (include)
[matsu_it82000:ro]   /mnt/host/source/src/third_party/zephyr/main/cmake/modules/kernel.cmake:153 (include)
[matsu_it82000:ro]   /mnt/host/source/src/third_party/zephyr/main/cmake/modules/zephyr_default.cmake:138 (include)
[matsu_it82000:ro]   /mnt/host/source/src/third_party/zephyr/main/share/zephyr-package/cmake/ZephyrConfig.cmake:66 (include)
[matsu_it82000:ro]   /mnt/host/source/src/third_party/zephyr/main/share/zephyr-package/cmake/ZephyrConfig.cmake:97 (include_boilerplate)
[matsu_it82000:ro]   CMakeLists.txt:7 (find_package)
[matsu_it82000:ro] INFO: Verified 43 GPIOs, no duplicates found
[matsu_it82000:ro] INFO: Verified 24 '*-gpios' properties, all flags match.
[matsu_it82000:ro] INFO: Skipped 11 named-gpios children.
[felino4es:rw]   Disabling c_library
[felino4es:rw] Call Stack (most recent call first):
[felino4es:rw]   /mnt/host/source/src/third_party/zephyr/main/cmake/target_toolchain_flags.cmake:48 (include)
[felino4es:rw]   /mnt/host/source/src/third_party/zephyr/main/cmake/modules/kernel.cmake:153 (include)
[felino4es:rw]   /mnt/host/source/src/third_party/zephyr/main/cmake/modules/zephyr_default.cmake:138 (include)
[felino4es:rw]   /mnt/host/source/src/third_party/zephyr/main/share/zephyr-package/cmake/ZephyrConfig.cmake:66 (include)
[felino4es:rw]   /mnt/host/source/src/third_party/zephyr/main/share/zephyr-package/cmake/ZephyrConfig.cmake:97 (include_boilerplate)
[felino4es:rw]   CMakeLists.txt:7 (find_package)
[felino4es:rw] INFO: Verified 51 GPIOs, no duplicates found
[felino4es:rw] INFO: Verified 14 '*-gpios' properties, all flags match.
[roach:rw] INFO: Skipped 1 named-gpios children.
[roach:rw] INFO: Running CME, outputting to /mnt/host/source/src/platform/ec/build/zephyr/roach/build-rw/zephyr/component_manifest.json
[roach:rw] INFO: Project roach does not support SSFC
[roach:rw] INFO: No usbc node found
[roach:rw] INFO: No motionsense-sensor node found
[gothrax:ro] INFO: Verified 59 GPIOs, no duplicates found
[matsu_it82000:ro] -- Generating component manifest file
[gothrax:rw] -- Generating component manifest file
[felino4es:ro] -- Generating component manifest file
[screebo:ro] -- Found gen_kobject_list: /mnt/host/source/src/third_party/zephyr/main/scripts/build/gen_kobject_list.py
[quartz:rw] -- Found gen_kobject_list: /mnt/host/source/src/third_party/zephyr/main/scripts/build/gen_kobject_list.py
[pujjoga:ro] -- Found gen_kobject_list: /mnt/host/source/src/third_party/zephyr/main/scripts/build/gen_kobject_list.py
[nivviks:rw] -- Found gen_kobject_list: /mnt/host/source/src/third_party/zephyr/main/scripts/build/gen_kobject_list.py
[screebo:rw] -- Found gen_kobject_list: /mnt/host/source/src/third_party/zephyr/main/scripts/build/gen_kobject_list.py
[npcx_monitor:singleimage] -- Found gen_kobject_list: /mnt/host/source/src/third_party/zephyr/main/scripts/build/gen_kobject_list.py
[ocicat-ish:singleimage] CMake Warning at /mnt/host/source/src/platform/ec/zephyr/cmake/linker/ld/linker_libraries.cmake:11 (message):
[ocicat-ish:singleimage]   Disabling c_library
[ocicat-ish:singleimage] Call Stack (most recent call first):
[ocicat-ish:singleimage]   /mnt/host/source/src/third_party/zephyr/main/cmake/target_toolchain_flags.cmake:48 (include)
[ocicat-ish:singleimage]   /mnt/host/source/src/third_party/zephyr/main/cmake/modules/kernel.cmake:153 (include)
[ocicat-ish:singleimage]   /mnt/host/source/src/third_party/zephyr/main/cmake/modules/zephyr_default.cmake:138 (include)
[ocicat-ish:singleimage]   /mnt/host/source/src/third_party/zephyr/main/share/zephyr-package/cmake/ZephyrConfig.cmake:66 (include)
[ocicat-ish:singleimage]   /mnt/host/source/src/third_party/zephyr/main/share/zephyr-package/cmake/ZephyrConfig.cmake:97 (include_boilerplate)
[ocicat-ish:singleimage]   CMakeLists.txt:7 (find_package)
[ocicat-ish:singleimage] INFOSetting c++_library to libstdc++ install path
[ocicat-ish:singleimage] INFOSetting c_library to picolibc install path
[npcx_monitor:singleimage]   Disabling c_library
[npcx_monitor:singleimage] Call Stack (most recent call first):
[npcx_monitor:singleimage]   /mnt/host/source/src/third_party/zephyr/main/cmake/target_toolchain_flags.cmake:48 (include)
[npcx_monitor:singleimage]   /mnt/host/source/src/third_party/zephyr/main/cmake/modules/kernel.cmake:153 (include)
[npcx_monitor:singleimage]   /mnt/host/source/src/third_party/zephyr/main/cmake/modules/zephyr_default.cmake:138 (include)
[npcx_monitor:singleimage]   /mnt/host/source/src/third_party/zephyr/main/share/zephyr-package/cmake/ZephyrConfig.cmake:66 (include)
[npcx_monitor:singleimage]   /mnt/host/source/src/third_party/zephyr/main/share/zephyr-package/cmake/ZephyrConfig.cmake:97 (include_boilerplate)
[npcx_monitor:singleimage]   CMakeLists.txt:7 (find_package)
[npcx_monitor:singleimage] CMake Warning at /mnt/host/source/src/third_party/zephyr/main/CMakeLists.txt:1134 (message):
[quartz:rw] CMake Warning at /mnt/host/source/src/third_party/zephyr/main/CMakeLists.txt:1134 (message):
[adlrvp_mchp:rw] -- Found gen_kobject_list: /mnt/host/source/src/third_party/zephyr/main/scripts/build/gen_kobject_list.py
[felino4es:rw] -- Generating component manifest file
[gothrax:rw] INFO: Skipped 18 named-gpios children.
[gothrax:rw] INFO: Running CME, outputting to /mnt/host/source/src/platform/ec/build/zephyr/gothrax/build-rw/zephyr/component_manifest.json
[quartz:rw]   No SOURCES given to Zephyr library: drivers__spi
[quartz:rw]   Excluding target from build.
[quartz:rw] CMake Warning at /mnt/host/source/src/third_party/zephyr/main/CMakeLists.txt:2359 (message):
[gothrax:rw] INFO: Component virtual-mux-0(cros-ec,usbc-mux-virtual) not on I2C bus, skip it
[gothrax:rw] INFO: Component virtual-mux-1(cros-ec,usbc-mux-virtual) not on I2C bus, skip it
[gothrax:rw] INFO: Component virtual-mux-1(cros-ec,usbc-mux-virtual) not on I2C bus, skip it
[gothrax:rw] INFO: No motionsense-sensor-alt node found
[screebo:rw] CMake Warning at /mnt/host/source/src/third_party/zephyr/main/CMakeLists.txt:2359 (message):
[screebo:ro] CMake Warning at /mnt/host/source/src/third_party/zephyr/main/CMakeLists.txt:2359 (message):
[screebo:ro]   __ASSERT() statements are globally ENABLED
[screebo:rw]   __ASSERT() statements are globally ENABLED
[matsu_it82000:ro] INFO: Running CME, outputting to /mnt/host/source/src/platform/ec/build/zephyr/matsu_it82000/build-ro/zephyr/component_manifest.json
[matsu_it82000:ro] INFO: Project matsu_it82000 does not support SSFC
[matsu_it82000:ro] INFO: No motionsense-sensor node found
[adlrvp_mchp:rw] INFO: Component virtual-mux-c0(cros-ec,usbc-mux-virtual) not on I2C bus, skip it
[adlrvp_mchp:rw] INFO: Component virtual-mux-c1(cros-ec,usbc-mux-virtual) not on I2C bus, skip it
[adlrvp_mchp:rw] INFO: Component virtual-mux-c1(cros-ec,usbc-mux-virtual) not on I2C bus, skip it
[adlrvp_mchp:rw] INFO: Component virtual-mux-c2(cros-ec,usbc-mux-virtual) not on I2C bus, skip it
[adlrvp_mchp:rw] INFO: Component virtual-mux-c3(cros-ec,usbc-mux-virtual) not on I2C bus, skip it
[adlrvp_mchp:rw] INFO: No motionsense-sensor node found
[adlrvp_mchp:rw] CMake Warning at /mnt/host/source/src/third_party/zephyr/main/CMakeLists.txt:2359 (message):
[adlrvp_mchp:rw]   __ASSERT() statements are globally ENABLED
[adlrvp_mchp:ro] -- Found gen_kobject_list: /mnt/host/source/src/third_party/zephyr/main/scripts/build/gen_kobject_list.py
[gothrax:ro] -- Generating component manifest file
[quartz:rw] -- Configuring done (22.6s)
[screebo:ro] -- Configuring done (22.6s)
[pujjoga:ro] -- Configuring done (22.6s)
[npcx_monitor:singleimage] -- Configuring done (22.6s)
[adlrvp_mchp:ro] CMake Warning at /mnt/host/source/src/third_party/zephyr/main/CMakeLists.txt:2359 (message):
[felino4es:ro] INFO: Running CME, outputting to /mnt/host/source/src/platform/ec/build/zephyr/felino4es/build-ro/zephyr/component_manifest.json
[felino4es:ro] INFO: Project felino4es does not support SSFC
[felino4es:ro] INFO: No motionsense-sensor node found
[screebo:rw] -- Configuring done (22.6s)
[adlrvp_mchp:rw] -- Configuring done (22.7s)
[nivviks:rw] -- Configuring done (22.7s)
[felino4es:rw] INFO: Skipped 10 named-gpios children.
[felino4es:rw] INFO: Running CME, outputting to /mnt/host/source/src/platform/ec/build/zephyr/felino4es/build-rw/zephyr/component_manifest.json
[felino4es:rw] INFO: Project felino4es does not support SSFC
[felino4es:rw] INFO: No motionsense-sensor node found
[adlrvp_mchp:ro] -- Configuring done (22.7s)
[gothrax:ro] INFO: Verified 24 '*-gpios' properties, all flags match.
[gothrax:ro] INFO: Skipped 18 named-gpios children.
[gothrax:ro] INFO: Running CME, outputting to /mnt/host/source/src/platform/ec/build/zephyr/gothrax/build-ro/zephyr/component_manifest.json
[gothrax:ro] INFO: Component virtual-mux-0(cros-ec,usbc-mux-virtual) not on I2C bus, skip it
[gothrax:ro] INFO: Component virtual-mux-1(cros-ec,usbc-mux-virtual) not on I2C bus, skip it
[gothrax:ro] INFO: Component virtual-mux-1(cros-ec,usbc-mux-virtual) not on I2C bus, skip it
[npcx_monitor:singleimage] -- Generating done (0.3s)
[npcx_monitor:singleimage]   No SOURCES given to Zephyr library: ec_shim
[npcx_monitor:singleimage]   Excluding target from build.
[npcx_monitor:singleimage] CMake Warning:
[npcx_monitor:singleimage]   Manually-specified variables were not used by the project:
[npcx_monitor:singleimage]     COREBOOT_SDK_ROOT_libstdcxx_riscv64
[npcx_monitor:singleimage]     COREBOOT_SDK_ROOT_libstdcxx_x86
[npcx_monitor:singleimage]     COREBOOT_SDK_ROOT_nds32
[npcx_monitor:singleimage]     COREBOOT_SDK_ROOT_picolibc_riscv64
[npcx_monitor:singleimage]     COREBOOT_SDK_ROOT_picolibc_x86
[npcx_monitor:singleimage]     COREBOOT_SDK_ROOT_riscv
[npcx_monitor:singleimage]     COREBOOT_SDK_ROOT_riscv64
[npcx_monitor:singleimage]     COREBOOT_SDK_ROOT_x86
[npcx_monitor:singleimage] -- Build files have been written to: /mnt/host/source/src/platform/ec/build/zephyr/npcx_monitor/build-singleimage
[screebo:ro] -- Generating done (0.4s)
[screebo:ro] CMake Warning:
[screebo:rw] -- Generating done (0.4s)
[screebo:rw] CMake Warning:
[screebo:rw]   Manually-specified variables were not used by the project:
[screebo:rw]     COREBOOT_SDK_ROOT_libstdcxx_riscv64
[screebo:rw]     COREBOOT_SDK_ROOT_libstdcxx_x86
[screebo:rw]     COREBOOT_SDK_ROOT_nds32
[screebo:rw]     COREBOOT_SDK_ROOT_picolibc_riscv64
[screebo:rw]     COREBOOT_SDK_ROOT_picolibc_x86
[screebo:rw]     COREBOOT_SDK_ROOT_riscv
[screebo:rw]     COREBOOT_SDK_ROOT_riscv64
[screebo:rw]     COREBOOT_SDK_ROOT_x86
[screebo:rw] -- Build files have been written to: /mnt/host/source/src/platform/ec/build/zephyr/screebo/build-rw
[adlrvp_mchp:rw] -- Generating done (0.4s)
[adlrvp_mchp:rw] CMake Warning:
[adlrvp_mchp:rw]   Manually-specified variables were not used by the project:
[adlrvp_mchp:rw]     COREBOOT_SDK_ROOT_libstdcxx_riscv64
[adlrvp_mchp:rw]     COREBOOT_SDK_ROOT_libstdcxx_x86
[adlrvp_mchp:rw]     COREBOOT_SDK_ROOT_nds32
[adlrvp_mchp:rw]     COREBOOT_SDK_ROOT_picolibc_riscv64
[adlrvp_mchp:rw]     COREBOOT_SDK_ROOT_picolibc_x86
[adlrvp_mchp:rw]     COREBOOT_SDK_ROOT_riscv
[adlrvp_mchp:rw]     COREBOOT_SDK_ROOT_riscv64
[adlrvp_mchp:rw]     COREBOOT_SDK_ROOT_x86
[adlrvp_mchp:rw] -- Build files have been written to: /mnt/host/source/src/platform/ec/build/zephyr/adlrvp_mchp/build-rw
[pujjoga:ro] -- Generating done (0.4s)
[pujjoga:ro] -- Build files have been written to: /mnt/host/source/src/platform/ec/build/zephyr/pujjoga/build-ro
[pujjoga:ro] INFO: Component virtual-mux-0(cros-ec,usbc-mux-virtual) not on I2C bus, skip it
[pujjoga:ro] INFO: Component virtual-mux-1(cros-ec,usbc-mux-virtual) not on I2C bus, skip it
[pujjoga:ro] INFO: No motionsense-sensor-alt node found
[pujjoga:ro] CMake Warning:
[quartz:rw] -- Generating done (0.5s)
[quartz:rw]   __ASSERT() statements are globally ENABLED
[quartz:rw] CMake Warning:
[quartz:rw]   Manually-specified variables were not used by the project:
[quartz:rw]     COREBOOT_SDK_ROOT_libstdcxx_riscv64
[quartz:rw]     COREBOOT_SDK_ROOT_libstdcxx_x86
[quartz:rw]     COREBOOT_SDK_ROOT_nds32
[quartz:rw]     COREBOOT_SDK_ROOT_picolibc_riscv64
[quartz:rw]     COREBOOT_SDK_ROOT_picolibc_x86
[quartz:rw]     COREBOOT_SDK_ROOT_riscv
[quartz:rw]     COREBOOT_SDK_ROOT_riscv64
[quartz:rw]     COREBOOT_SDK_ROOT_x86
[quartz:rw] -- Build files have been written to: /mnt/host/source/src/platform/ec/build/zephyr/quartz/build-rw
Toolchain <zmake.toolchains.CorebootSdkToolchain object at 0x7f41207402d0> selected by probe function.
[ocelotrvp-npcx] Building in /mnt/host/source/src/platform/ec/build/zephyr/ocelotrvp-npcx.
[ocelotrvp-npcx:rw] Configuring.
Running `env -i PYTHONPATH=/usr/lib64/python-exec/python3.11:/mnt/host/source/src/platform/ec/zephyr/zmake:/usr/lib/python311.zip:/usr/lib/python3.11:/usr/lib/python3.11/lib-dynload:/usr/lib/python3.11/site-packages PW_PIGWEED_CIPD_INSTALL_DIR=/usr CROSTC_USER_ACKNOWLEDGES_THAT_RISCV_IS_EXPERIMENTAL=1 PATH=/mnt/host/source/chromite/bin:/usr/local/bin:/usr/bin:/bin:/opt/bin:/mnt/host/source/chromite/sdk/bin:/mnt/host/source/chromite/bin HOME=/home/jpmurphy JAVA_HOME=/etc/java-config-2/current-system-vm JDK_HOME=/etc/java-config-2/current-system-vm JAVAC=/etc/java-config-2/current-system-vm/bin/javac MAKEFLAGS=' -j16 --jobserver-auth=5,6' /usr/bin/cmake -S /mnt/host/source/src/platform/ec/zephyr/program/ocelot -B /mnt/host/source/src/platform/ec/build/zephyr/ocelotrvp-npcx/build-rw -GNinja -DCMAKE_EXPORT_COMPILE_COMMANDS=ON -DZEPHYR_BASE=/mnt/host/source/src/third_party/zephyr/main -DZMAKE_INCLUDE_DIR=/mnt/host/source/src/platform/ec/build/zephyr/ocelotrvp-npcx/include -DPython3_EXECUTABLE=/usr/bin/python3.11 -DDTS_ROOT=/mnt/host/source/src/platform/ec/zephyr -DSYSCALL_INCLUDE_DIRS=/mnt/host/source/src/platform/ec/zephyr/include/drivers -DUSER_CACHE_DIR=/mnt/host/source/src/platform/ec/build/zephyr/user-cache -DPW_ROOT=/mnt/host/source/src/third_party/pigweed -DNANOPB_DIR=/mnt/host/source/src/third_party/zephyr/nanopb '-DEXTRA_EC_VERSION_FLAGS=--version 16543.0.0 --static' -DTOOLCHAIN_ROOT=/mnt/host/source/src/platform/ec/zephyr -DCOREBOOT_SDK_ROOT_x86=/home/jpmurphy/.cache/coreboot-sdk/i386-elf/dfbb0486385d938cfa9d73080b9d18d598ed4f49 -DCOREBOOT_SDK_ROOT_picolibc_x86=/home/jpmurphy/.cache/coreboot-sdk/picolibc-i386-elf/eb8e8e687b95461de8cbf278f1c2076952d0ad17 -DCOREBOOT_SDK_ROOT_riscv64=/home/jpmurphy/.cache/coreboot-sdk/riscv64-elf/96b949749225b6aaa92ed810ab769e8dfb12f000 -DCOREBOOT_SDK_ROOT_picolibc_arm=/home/jpmurphy/.cache/coreboot-sdk/picolibc-arm-eabi/422a2aa3e1ef891b5bece9a3deb696ff83840d2e -DCOREBOOT_SDK_ROOT_nds32=/home/jpmurphy/.cache/coreboot-sdk/nds32le-elf/d1a518c4a097666d86058e1444f85ca015d15511 -DCOREBOOT_SDK_ROOT_picolibc_riscv64=/home/jpmurphy/.cache/coreboot-sdk/picolibc-riscv64-elf/f571e990ef0278564b31124f8bb109d9a697eb69 -DCOREBOOT_SDK_ROOT_arm=/home/jpmurphy/.cache/coreboot-sdk/arm-eabi/ea40ddd1d190c3b48435c474c0b545719371813a -DCOREBOOT_SDK_ROOT_libstdcxx_riscv64=/home/jpmurphy/.cache/coreboot-sdk/libstdcxx-riscv64-elf/17abf22a3a252e2d5d2062ced5324f7a623689e0 -DCOREBOOT_SDK_ROOT_libstdcxx_arm=/home/jpmurphy/.cache/coreboot-sdk/libstdcxx-arm-eabi/5d7d82e150e44aa1968f1d366e267e6687b328ac -DCOREBOOT_SDK_ROOT_riscv=/home/jpmurphy/.cache/coreboot-sdk/riscv-elf/9a27b9e82341c6e9126624f516ab3f261abb3e73 -DCOREBOOT_SDK_ROOT_libstdcxx_x86=/home/jpmurphy/.cache/coreboot-sdk/libstdcxx-i386-elf/42ef9d2e87a76a37963175d7d428734e65648b87 -DZEPHYR_TOOLCHAIN_VARIANT=coreboot-sdk '-DZEPHYR_MODULES=/mnt/host/source/src/platform/ec/build/zephyr/ocelotrvp-npcx/modules/cmsis;/mnt/host/source/src/platform/ec/build/zephyr/ocelotrvp-npcx/modules/cmsis_6;/mnt/host/source/src/platform/ec/build/zephyr/ocelotrvp-npcx/modules/ec;/mnt/host/source/src/platform/ec/build/zephyr/ocelotrvp-npcx/modules/pigweed;/mnt/host/source/src/platform/ec/build/zephyr/ocelotrvp-npcx/modules/nanopb' -DDTC_OVERLAY_FILE=/mnt/host/source/src/platform/ec/zephyr/program/ocelot/ocelotrvp-npcx/project.overlay -DBOARD=npcx9/npcx9m7f -DCMAKE_C_FLAGS=-DSECTION_IS_RW '-DCONF_FILE=/mnt/host/source/src/platform/ec/zephyr/program/ocelot/program.conf;/mnt/host/source/src/platform/ec/zephyr/program/ocelot/rvp_program.conf;/mnt/host/source/src/platform/ec/zephyr/program/ocelot/dsp_comms.conf;/mnt/host/source/src/platform/ec/zephyr/program/ocelot/ocelotrvp-npcx/project.conf;/mnt/host/source/src/platform/ec/build/zephyr/ocelotrvp-npcx/kconfig-rw.conf'`
[ocelotrvp-npcx:rw] Loading Zephyr default modules (Zephyr base (cached)).
[ocelotrvp-npcx:rw] -- Application: /mnt/host/source/src/platform/ec/zephyr/program/ocelot
[ocelotrvp-npcx:rw] -- CMake version: 3.31.7
[adlrvp_mchp:ro] -- Generating done (0.4s)
[adlrvp_mchp:ro]   __ASSERT() statements are globally ENABLED
[adlrvp_mchp:ro] CMake Warning:
[adlrvp_mchp:ro] -- Build files have been written to: /mnt/host/source/src/platform/ec/build/zephyr/adlrvp_mchp/build-ro
[nivviks:rw] -- Generating done (0.5s)
[nivviks:rw] CMake Warning:
[nivviks:rw]   Manually-specified variables were not used by the project:
[nivviks:rw]     COREBOOT_SDK_ROOT_libstdcxx_riscv64
[nivviks:rw]     COREBOOT_SDK_ROOT_libstdcxx_x86
[nivviks:rw] -- Build files have been written to: /mnt/host/source/src/platform/ec/build/zephyr/nivviks/build-rw
[ocelotrvp-npcx:ro] Configuring.
Running `env -i PYTHONPATH=/usr/lib64/python-exec/python3.11:/mnt/host/source/src/platform/ec/zephyr/zmake:/usr/lib/python311.zip:/usr/lib/python3.11:/usr/lib/python3.11/lib-dynload:/usr/lib/python3.11/site-packages PW_PIGWEED_CIPD_INSTALL_DIR=/usr CROSTC_USER_ACKNOWLEDGES_THAT_RISCV_IS_EXPERIMENTAL=1 PATH=/mnt/host/source/chromite/bin:/usr/local/bin:/usr/bin:/bin:/opt/bin:/mnt/host/source/chromite/sdk/bin:/mnt/host/source/chromite/bin HOME=/home/jpmurphy JAVA_HOME=/etc/java-config-2/current-system-vm JDK_HOME=/etc/java-config-2/current-system-vm JAVAC=/etc/java-config-2/current-system-vm/bin/javac MAKEFLAGS=' -j16 --jobserver-auth=5,6' /usr/bin/cmake -S /mnt/host/source/src/platform/ec/zephyr/program/ocelot -B /mnt/host/source/src/platform/ec/build/zephyr/ocelotrvp-npcx/build-ro -GNinja -DCMAKE_EXPORT_COMPILE_COMMANDS=ON -DZEPHYR_BASE=/mnt/host/source/src/third_party/zephyr/main -DZMAKE_INCLUDE_DIR=/mnt/host/source/src/platform/ec/build/zephyr/ocelotrvp-npcx/include -DPython3_EXECUTABLE=/usr/bin/python3.11 -DDTS_ROOT=/mnt/host/source/src/platform/ec/zephyr -DSYSCALL_INCLUDE_DIRS=/mnt/host/source/src/platform/ec/zephyr/include/drivers -DUSER_CACHE_DIR=/mnt/host/source/src/platform/ec/build/zephyr/user-cache -DPW_ROOT=/mnt/host/source/src/third_party/pigweed -DNANOPB_DIR=/mnt/host/source/src/third_party/zephyr/nanopb '-DEXTRA_EC_VERSION_FLAGS=--version 16543.0.0 --static' -DTOOLCHAIN_ROOT=/mnt/host/source/src/platform/ec/zephyr -DCOREBOOT_SDK_ROOT_x86=/home/jpmurphy/.cache/coreboot-sdk/i386-elf/dfbb0486385d938cfa9d73080b9d18d598ed4f49 -DCOREBOOT_SDK_ROOT_picolibc_x86=/home/jpmurphy/.cache/coreboot-sdk/picolibc-i386-elf/eb8e8e687b95461de8cbf278f1c2076952d0ad17 -DCOREBOOT_SDK_ROOT_riscv64=/home/jpmurphy/.cache/coreboot-sdk/riscv64-elf/96b949749225b6aaa92ed810ab769e8dfb12f000 -DCOREBOOT_SDK_ROOT_picolibc_arm=/home/jpmurphy/.cache/coreboot-sdk/picolibc-arm-eabi/422a2aa3e1ef891b5bece9a3deb696ff83840d2e -DCOREBOOT_SDK_ROOT_nds32=/home/jpmurphy/.cache/coreboot-sdk/nds32le-elf/d1a518c4a097666d86058e1444f85ca015d15511 -DCOREBOOT_SDK_ROOT_picolibc_riscv64=/home/jpmurphy/.cache/coreboot-sdk/picolibc-riscv64-elf/f571e990ef0278564b31124f8bb109d9a697eb69 -DCOREBOOT_SDK_ROOT_arm=/home/jpmurphy/.cache/coreboot-sdk/arm-eabi/ea40ddd1d190c3b48435c474c0b545719371813a -DCOREBOOT_SDK_ROOT_libstdcxx_riscv64=/home/jpmurphy/.cache/coreboot-sdk/libstdcxx-riscv64-elf/17abf22a3a252e2d5d2062ced5324f7a623689e0 -DCOREBOOT_SDK_ROOT_libstdcxx_arm=/home/jpmurphy/.cache/coreboot-sdk/libstdcxx-arm-eabi/5d7d82e150e44aa1968f1d366e267e6687b328ac -DCOREBOOT_SDK_ROOT_riscv=/home/jpmurphy/.cache/coreboot-sdk/riscv-elf/9a27b9e82341c6e9126624f516ab3f261abb3e73 -DCOREBOOT_SDK_ROOT_libstdcxx_x86=/home/jpmurphy/.cache/coreboot-sdk/libstdcxx-i386-elf/42ef9d2e87a76a37963175d7d428734e65648b87 -DZEPHYR_TOOLCHAIN_VARIANT=coreboot-sdk '-DZEPHYR_MODULES=/mnt/host/source/src/platform/ec/build/zephyr/ocelotrvp-npcx/modules/cmsis;/mnt/host/source/src/platform/ec/build/zephyr/ocelotrvp-npcx/modules/cmsis_6;/mnt/host/source/src/platform/ec/build/zephyr/ocelotrvp-npcx/modules/ec;/mnt/host/source/src/platform/ec/build/zephyr/ocelotrvp-npcx/modules/pigweed;/mnt/host/source/src/platform/ec/build/zephyr/ocelotrvp-npcx/modules/nanopb' -DDTC_OVERLAY_FILE=/mnt/host/source/src/platform/ec/zephyr/program/ocelot/ocelotrvp-npcx/project.overlay -DBOARD=npcx9/npcx9m7f -DCMAKE_C_FLAGS=-DSECTION_IS_RO '-DCONF_FILE=/mnt/host/source/src/platform/ec/zephyr/program/ocelot/program.conf;/mnt/host/source/src/platform/ec/zephyr/program/ocelot/rvp_program.conf;/mnt/host/source/src/platform/ec/zephyr/program/ocelot/dsp_comms.conf;/mnt/host/source/src/platform/ec/zephyr/program/ocelot/ocelotrvp-npcx/project.conf;/mnt/host/source/src/platform/ec/build/zephyr/ocelotrvp-npcx/kconfig-ro.conf'`
[ocelotrvp-npcx:ro] -- Application: /mnt/host/source/src/platform/ec/zephyr/program/ocelot
[ocelotrvp-npcx:ro] Loading Zephyr default modules (Zephyr base (cached)).
[npcx_monitor:singleimage] Building: /usr/bin/ninja -C /mnt/host/source/src/platform/ec/build/zephyr/npcx_monitor/build-singleimage all.libraries
Running `env -i SHELL=/bin/bash COLORTERM=truecolor DEPOT_TOOLS_UPDATE=0 LESS='-R -M --shift 5' SUDO_GID=0 JDK_HOME=/etc/java-config-2/current-system-vm CONFIG_PROTECT_MASK='/etc/gentoo-release /etc/sandbox.d /etc/fonts/fonts.conf /etc/terminfo /etc/ca-certificates.conf /etc/revdep-rebuild' CHROMEOS_CACHEDIR=/var/cache/chromeos-cache JAVA_HOME=/etc/java-config-2/current-system-vm SSH_AUTH_SOCK=/tmp/ssh-auth-sock SUDO_COMMAND=/bin/bash SUDO_USER=root SUDO_TTY=/dev/pts/2 EDITOR=/usr/bin/vi PWD=/mnt/host/source/src/platform/ec CONFIG_PROTECT=/usr/share/gnupg/qualified.txt LOGNAME=jpmurphy MANPATH=/etc/java-config-2/current-system-vm/man:/usr/local/share/man:/usr/share/man:/usr/share/gcc-data/x86_64-pc-linux-gnu/10.2.0/man:/usr/share/binutils-data/x86_64-pc-linux-gnu/2.45/man:/etc/java-config-2/current-system-vm/man/ SUDO_HOME=/root XAUTHORITY=/run/user/944457/gdm/Xauthority HOME=/home/jpmurphy LANG=C.UTF-8 LS_COLORS='rs=0:di=01;34:ln=01;36:mh=00:pi=40;33:so=01;35:do=01;35:bd=40;33;01:cd=40;33;01:or=01;05;37;41:mi=01;05;37;41:su=37;41:sg=30;43:ca=30;41:tw=30;42:ow=34;42:st=37;44:ex=01;32:*.tar=01;31:*.tgz=01;31:*.arc=01;31:*.arj=01;31:*.taz=01;31:*.lha=01;31:*.lz4=01;31:*.lzh=01;31:*.lzma=01;31:*.tlz=01;31:*.txz=01;31:*.tzo=01;31:*.t7z=01;31:*.zip=01;31:*.z=01;31:*.dz=01;31:*.gz=01;31:*.lrz=01;31:*.lz=01;31:*.lzo=01;31:*.xz=01;31:*.zst=01;31:*.tzst=01;31:*.bz2=01;31:*.bz=01;31:*.tbz=01;31:*.tbz2=01;31:*.tz=01;31:*.deb=01;31:*.rpm=01;31:*.jar=01;31:*.war=01;31:*.ear=01;31:*.sar=01;31:*.rar=01;31:*.alz=01;31:*.ace=01;31:*.zoo=01;31:*.cpio=01;31:*.7z=01;31:*.rz=01;31:*.cab=01;31:*.wim=01;31:*.swm=01;31:*.dwm=01;31:*.esd=01;31:*.jpg=01;35:*.jpeg=01;35:*.mjpg=01;35:*.mjpeg=01;35:*.gif=01;35:*.bmp=01;35:*.pbm=01;35:*.pgm=01;35:*.ppm=01;35:*.tga=01;35:*.xbm=01;35:*.xpm=01;35:*.tif=01;35:*.tiff=01;35:*.png=01;35:*.svg=01;35:*.svgz=01;35:*.mng=01;35:*.pcx=01;35:*.mov=01;35:*.mpg=01;35:*.mpeg=01;35:*.m2v=01;35:*.mkv=01;35:*.webm=01;35:*.webp=01;35:*.ogm=01;35:*.mp4=01;35:*.m4v=01;35:*.mp4v=01;35:*.vob=01;35:*.qt=01;35:*.nuv=01;35:*.wmv=01;35:*.asf=01;35:*.rm=01;35:*.rmvb=01;35:*.flc=01;35:*.avi=01;35:*.fli=01;35:*.flv=01;35:*.gl=01;35:*.dl=01;35:*.xcf=01;35:*.xwd=01;35:*.yuv=01;35:*.cgm=01;35:*.emf=01;35:*.ogv=01;35:*.ogx=01;35:*.cfg=00;32:*.conf=00;32:*.diff=00;32:*.doc=00;32:*.ini=00;32:*.log=00;32:*.patch=00;32:*.pdf=00;32:*.ps=00;32:*.tex=00;32:*.txt=00;32:*.aac=00;36:*.au=00;36:*.flac=00;36:*.m4a=00;36:*.mid=00;36:*.midi=00;36:*.mka=00;36:*.mp3=00;36:*.mpc=00;36:*.ogg=00;36:*.ra=00;36:*.wav=00;36:*.oga=00;36:*.opus=00;36:*.spx=00;36:*.xspf=00;36:' XDG_CURRENT_DESKTOP=GNOME INFOPATH=/usr/share/info:/usr/share/gcc-data/x86_64-pc-linux-gnu/10.2.0/info:/usr/share/binutils-data/x86_64-pc-linux-gnu/2.45/info:/usr/share/automake-1.16.5/info JAVAC=/etc/java-config-2/current-system-vm/bin/javac TERM=xterm-256color LESSOPEN='|lesspipe %s' USER=jpmurphy CROS_WORKON_SRCROOT=/mnt/host/source MANPAGER=manpager DISPLAY=:1 SHLVL=1 LC_MESSAGES=C EXTERNAL_TRUNK_PATH=/mnt/8f9d649a-3721-44cc-93c0-e6bd21a9689f/chromiumos GCC_SPECS='' PATH=/mnt/host/source/chromite/bin:/usr/local/bin:/usr/bin:/bin:/opt/bin:/mnt/host/source/chromite/sdk/bin:/mnt/host/source/chromite/bin PORTAGE_USERNAME=jpmurphy SUDO_UID=0 GCC_VER=10.2.0 MAIL=/var/mail/jpmurphy OLDPWD=/mnt/host/source/src/scripts traceparent=00-e87aca51550a78635907baa6a2476181-6d684811675d2973-01 _=./zephyr/firmware_builder.py COREBOOT_SDK_ROOT_x86=/home/jpmurphy/.cache/coreboot-sdk/i386-elf/dfbb0486385d938cfa9d73080b9d18d598ed4f49 COREBOOT_SDK_ROOT_picolibc_x86=/home/jpmurphy/.cache/coreboot-sdk/picolibc-i386-elf/eb8e8e687b95461de8cbf278f1c2076952d0ad17 COREBOOT_SDK_ROOT_riscv64=/home/jpmurphy/.cache/coreboot-sdk/riscv64-elf/96b949749225b6aaa92ed810ab769e8dfb12f000 COREBOOT_SDK_ROOT_picolibc_arm=/home/jpmurphy/.cache/coreboot-sdk/picolibc-arm-eabi/422a2aa3e1ef891b5bece9a3deb696ff83840d2e COREBOOT_SDK_ROOT_nds32=/home/jpmurphy/.cache/coreboot-sdk/nds32le-elf/d1a518c4a097666d86058e1444f85ca015d15511 COREBOOT_SDK_ROOT_picolibc_riscv64=/home/jpmurphy/.cache/coreboot-sdk/picolibc-riscv64-elf/f571e990ef0278564b31124f8bb109d9a697eb69 COREBOOT_SDK_ROOT_arm=/home/jpmurphy/.cache/coreboot-sdk/arm-eabi/ea40ddd1d190c3b48435c474c0b545719371813a COREBOOT_SDK_ROOT_libstdcxx_riscv64=/home/jpmurphy/.cache/coreboot-sdk/libstdcxx-riscv64-elf/17abf22a3a252e2d5d2062ced5324f7a623689e0 COREBOOT_SDK_ROOT_libstdcxx_arm=/home/jpmurphy/.cache/coreboot-sdk/libstdcxx-arm-eabi/5d7d82e150e44aa1968f1d366e267e6687b328ac COREBOOT_SDK_ROOT_riscv=/home/jpmurphy/.cache/coreboot-sdk/riscv-elf/9a27b9e82341c6e9126624f516ab3f261abb3e73 COREBOOT_SDK_ROOT_libstdcxx_x86=/home/jpmurphy/.cache/coreboot-sdk/libstdcxx-i386-elf/42ef9d2e87a76a37963175d7d428734e65648b87 PYTHONPATH=/mnt/host/source/src/platform/ec/zephyr/zmake PW_PIGWEED_CIPD_INSTALL_DIR=/usr CROSTC_USER_ACKNOWLEDGES_THAT_RISCV_IS_EXPERIMENTAL=1 MAKEFLAGS=' -j16 --jobserver-auth=5,6' /usr/bin/ninja -C /mnt/host/source/src/platform/ec/build/zephyr/npcx_monitor/build-singleimage all.libraries`
[npcx_monitor:singleimage] ninja: Entering directory `/mnt/host/source/src/platform/ec/build/zephyr/npcx_monitor/build-singleimage'
[screebo:ro] -- Build files have been written to: /mnt/host/source/src/platform/ec/build/zephyr/screebo/build-ro
[screebo:ro]   Manually-specified variables were not used by the project:
[screebo:ro]     COREBOOT_SDK_ROOT_libstdcxx_riscv64
[screebo:ro]     COREBOOT_SDK_ROOT_libstdcxx_x86
[screebo:ro]     COREBOOT_SDK_ROOT_nds32
[screebo:ro]     COREBOOT_SDK_ROOT_picolibc_riscv64
[screebo:ro]     COREBOOT_SDK_ROOT_picolibc_x86
[screebo:ro]     COREBOOT_SDK_ROOT_riscv
[screebo:ro]     COREBOOT_SDK_ROOT_riscv64
[screebo:ro]     COREBOOT_SDK_ROOT_x86
Toolchain <zmake.toolchains.CorebootSdkToolchain object at 0x7f4120712610> selected by probe function.
[lotso] Building in /mnt/host/source/src/platform/ec/build/zephyr/lotso.
[lotso:rw] Configuring.
Running `env -i PYTHONPATH=/usr/lib64/python-exec/python3.11:/mnt/host/source/src/platform/ec/zephyr/zmake:/usr/lib/python311.zip:/usr/lib/python3.11:/usr/lib/python3.11/lib-dynload:/usr/lib/python3.11/site-packages PW_PIGWEED_CIPD_INSTALL_DIR=/usr CROSTC_USER_ACKNOWLEDGES_THAT_RISCV_IS_EXPERIMENTAL=1 PATH=/mnt/host/source/chromite/bin:/usr/local/bin:/usr/bin:/bin:/opt/bin:/mnt/host/source/chromite/sdk/bin:/mnt/host/source/chromite/bin HOME=/home/jpmurphy JAVA_HOME=/etc/java-config-2/current-system-vm JDK_HOME=/etc/java-config-2/current-system-vm JAVAC=/etc/java-config-2/current-system-vm/bin/javac MAKEFLAGS=' -j16 --jobserver-auth=5,6' /usr/bin/cmake -S /mnt/host/source/src/platform/ec/zephyr/program/brox -B /mnt/host/source/src/platform/ec/build/zephyr/lotso/build-rw -GNinja -DCMAKE_EXPORT_COMPILE_COMMANDS=ON -DZEPHYR_BASE=/mnt/host/source/src/third_party/zephyr/main -DZMAKE_INCLUDE_DIR=/mnt/host/source/src/platform/ec/build/zephyr/lotso/include -DPython3_EXECUTABLE=/usr/bin/python3.11 -DDTS_ROOT=/mnt/host/source/src/platform/ec/zephyr -DSYSCALL_INCLUDE_DIRS=/mnt/host/source/src/platform/ec/zephyr/include/drivers -DUSER_CACHE_DIR=/mnt/host/source/src/platform/ec/build/zephyr/user-cache '-DEXTRA_EC_VERSION_FLAGS=--version 16543.0.0 --static' -DTOOLCHAIN_ROOT=/mnt/host/source/src/platform/ec/zephyr -DCOREBOOT_SDK_ROOT_x86=/home/jpmurphy/.cache/coreboot-sdk/i386-elf/dfbb0486385d938cfa9d73080b9d18d598ed4f49 -DCOREBOOT_SDK_ROOT_picolibc_x86=/home/jpmurphy/.cache/coreboot-sdk/picolibc-i386-elf/eb8e8e687b95461de8cbf278f1c2076952d0ad17 -DCOREBOOT_SDK_ROOT_riscv64=/home/jpmurphy/.cache/coreboot-sdk/riscv64-elf/96b949749225b6aaa92ed810ab769e8dfb12f000 -DCOREBOOT_SDK_ROOT_picolibc_arm=/home/jpmurphy/.cache/coreboot-sdk/picolibc-arm-eabi/422a2aa3e1ef891b5bece9a3deb696ff83840d2e -DCOREBOOT_SDK_ROOT_nds32=/home/jpmurphy/.cache/coreboot-sdk/nds32le-elf/d1a518c4a097666d86058e1444f85ca015d15511 -DCOREBOOT_SDK_ROOT_picolibc_riscv64=/home/jpmurphy/.cache/coreboot-sdk/picolibc-riscv64-elf/f571e990ef0278564b31124f8bb109d9a697eb69 -DCOREBOOT_SDK_ROOT_arm=/home/jpmurphy/.cache/coreboot-sdk/arm-eabi/ea40ddd1d190c3b48435c474c0b545719371813a -DCOREBOOT_SDK_ROOT_libstdcxx_riscv64=/home/jpmurphy/.cache/coreboot-sdk/libstdcxx-riscv64-elf/17abf22a3a252e2d5d2062ced5324f7a623689e0 -DCOREBOOT_SDK_ROOT_libstdcxx_arm=/home/jpmurphy/.cache/coreboot-sdk/libstdcxx-arm-eabi/5d7d82e150e44aa1968f1d366e267e6687b328ac -DCOREBOOT_SDK_ROOT_riscv=/home/jpmurphy/.cache/coreboot-sdk/riscv-elf/9a27b9e82341c6e9126624f516ab3f261abb3e73 -DCOREBOOT_SDK_ROOT_libstdcxx_x86=/home/jpmurphy/.cache/coreboot-sdk/libstdcxx-i386-elf/42ef9d2e87a76a37963175d7d428734e65648b87 -DZEPHYR_TOOLCHAIN_VARIANT=coreboot-sdk -DZEPHYR_MODULES=/mnt/host/source/src/platform/ec/build/zephyr/lotso/modules/ec -DDTC_OVERLAY_FILE=/mnt/host/source/src/platform/ec/zephyr/program/brox/lotso/project.overlay -DBOARD=it8xxx2/it82002aw -DCMAKE_C_FLAGS=-DSECTION_IS_RW '-DCONF_FILE=/mnt/host/source/src/platform/ec/zephyr/program/brox/program.conf;/mnt/host/source/src/platform/ec/zephyr/program/brox/ite.conf;/mnt/host/source/src/platform/ec/zephyr/program/brox/motionsense.conf;/mnt/host/source/src/platform/ec/zephyr/program/brox/lotso/project.conf;/mnt/host/source/src/platform/ec/build/zephyr/lotso/kconfig-rw.conf'`
[pujjoga:ro]   Manually-specified variables were not used by the project:
[pujjoga:ro]     COREBOOT_SDK_ROOT_libstdcxx_riscv64
[pujjoga:ro]     COREBOOT_SDK_ROOT_libstdcxx_x86
[pujjoga:ro]     COREBOOT_SDK_ROOT_nds32
[pujjoga:ro]     COREBOOT_SDK_ROOT_picolibc_riscv64
[pujjoga:ro]     COREBOOT_SDK_ROOT_picolibc_x86
[pujjoga:ro]     COREBOOT_SDK_ROOT_riscv
[pujjoga:ro]     COREBOOT_SDK_ROOT_riscv64
[pujjoga:ro]     COREBOOT_SDK_ROOT_x86
[lotso:ro] Configuring.
Running `env -i PYTHONPATH=/usr/lib64/python-exec/python3.11:/mnt/host/source/src/platform/ec/zephyr/zmake:/usr/lib/python311.zip:/usr/lib/python3.11:/usr/lib/python3.11/lib-dynload:/usr/lib/python3.11/site-packages PW_PIGWEED_CIPD_INSTALL_DIR=/usr CROSTC_USER_ACKNOWLEDGES_THAT_RISCV_IS_EXPERIMENTAL=1 PATH=/mnt/host/source/chromite/bin:/usr/local/bin:/usr/bin:/bin:/opt/bin:/mnt/host/source/chromite/sdk/bin:/mnt/host/source/chromite/bin HOME=/home/jpmurphy JAVA_HOME=/etc/java-config-2/current-system-vm JDK_HOME=/etc/java-config-2/current-system-vm JAVAC=/etc/java-config-2/current-system-vm/bin/javac MAKEFLAGS=' -j16 --jobserver-auth=5,6' /usr/bin/cmake -S /mnt/host/source/src/platform/ec/zephyr/program/brox -B /mnt/host/source/src/platform/ec/build/zephyr/lotso/build-ro -GNinja -DCMAKE_EXPORT_COMPILE_COMMANDS=ON -DZEPHYR_BASE=/mnt/host/source/src/third_party/zephyr/main -DZMAKE_INCLUDE_DIR=/mnt/host/source/src/platform/ec/build/zephyr/lotso/include -DPython3_EXECUTABLE=/usr/bin/python3.11 -DDTS_ROOT=/mnt/host/source/src/platform/ec/zephyr -DSYSCALL_INCLUDE_DIRS=/mnt/host/source/src/platform/ec/zephyr/include/drivers -DUSER_CACHE_DIR=/mnt/host/source/src/platform/ec/build/zephyr/user-cache '-DEXTRA_EC_VERSION_FLAGS=--version 16543.0.0 --static' -DTOOLCHAIN_ROOT=/mnt/host/source/src/platform/ec/zephyr -DCOREBOOT_SDK_ROOT_x86=/home/jpmurphy/.cache/coreboot-sdk/i386-elf/dfbb0486385d938cfa9d73080b9d18d598ed4f49 -DCOREBOOT_SDK_ROOT_picolibc_x86=/home/jpmurphy/.cache/coreboot-sdk/picolibc-i386-elf/eb8e8e687b95461de8cbf278f1c2076952d0ad17 -DCOREBOOT_SDK_ROOT_riscv64=/home/jpmurphy/.cache/coreboot-sdk/riscv64-elf/96b949749225b6aaa92ed810ab769e8dfb12f000 -DCOREBOOT_SDK_ROOT_picolibc_arm=/home/jpmurphy/.cache/coreboot-sdk/picolibc-arm-eabi/422a2aa3e1ef891b5bece9a3deb696ff83840d2e -DCOREBOOT_SDK_ROOT_nds32=/home/jpmurphy/.cache/coreboot-sdk/nds32le-elf/d1a518c4a097666d86058e1444f85ca015d15511 -DCOREBOOT_SDK_ROOT_picolibc_riscv64=/home/jpmurphy/.cache/coreboot-sdk/picolibc-riscv64-elf/f571e990ef0278564b31124f8bb109d9a697eb69 -DCOREBOOT_SDK_ROOT_arm=/home/jpmurphy/.cache/coreboot-sdk/arm-eabi/ea40ddd1d190c3b48435c474c0b545719371813a -DCOREBOOT_SDK_ROOT_libstdcxx_riscv64=/home/jpmurphy/.cache/coreboot-sdk/libstdcxx-riscv64-elf/17abf22a3a252e2d5d2062ced5324f7a623689e0 -DCOREBOOT_SDK_ROOT_libstdcxx_arm=/home/jpmurphy/.cache/coreboot-sdk/libstdcxx-arm-eabi/5d7d82e150e44aa1968f1d366e267e6687b328ac -DCOREBOOT_SDK_ROOT_riscv=/home/jpmurphy/.cache/coreboot-sdk/riscv-elf/9a27b9e82341c6e9126624f516ab3f261abb3e73 -DCOREBOOT_SDK_ROOT_libstdcxx_x86=/home/jpmurphy/.cache/coreboot-sdk/libstdcxx-i386-elf/42ef9d2e87a76a37963175d7d428734e65648b87 -DZEPHYR_TOOLCHAIN_VARIANT=coreboot-sdk -DZEPHYR_MODULES=/mnt/host/source/src/platform/ec/build/zephyr/lotso/modules/ec -DDTC_OVERLAY_FILE=/mnt/host/source/src/platform/ec/zephyr/program/brox/lotso/project.overlay -DBOARD=it8xxx2/it82002aw -DCMAKE_C_FLAGS=-DSECTION_IS_RO '-DCONF_FILE=/mnt/host/source/src/platform/ec/zephyr/program/brox/program.conf;/mnt/host/source/src/platform/ec/zephyr/program/brox/ite.conf;/mnt/host/source/src/platform/ec/zephyr/program/brox/motionsense.conf;/mnt/host/source/src/platform/ec/zephyr/program/brox/lotso/project.conf;/mnt/host/source/src/platform/ec/build/zephyr/lotso/kconfig-ro.conf'`
[lotso:rw] Loading Zephyr default modules (Zephyr base (cached)).
[lotso:rw] -- Application: /mnt/host/source/src/platform/ec/zephyr/program/brox
[lotso:ro] Loading Zephyr default modules (Zephyr base (cached)).
[lotso:ro] -- Application: /mnt/host/source/src/platform/ec/zephyr/program/brox
[adlrvp_mchp:ro]   Manually-specified variables were not used by the project:
[adlrvp_mchp:ro]     COREBOOT_SDK_ROOT_libstdcxx_riscv64
[adlrvp_mchp:ro]     COREBOOT_SDK_ROOT_libstdcxx_x86
[adlrvp_mchp:ro]     COREBOOT_SDK_ROOT_nds32
[adlrvp_mchp:ro]     COREBOOT_SDK_ROOT_picolibc_riscv64
[adlrvp_mchp:ro]     COREBOOT_SDK_ROOT_picolibc_x86
[adlrvp_mchp:ro]     COREBOOT_SDK_ROOT_riscv
[adlrvp_mchp:ro]     COREBOOT_SDK_ROOT_riscv64
[adlrvp_mchp:ro]     COREBOOT_SDK_ROOT_x86
[screebo:ro] Building: /usr/bin/ninja -C /mnt/host/source/src/platform/ec/build/zephyr/screebo/build-ro all.libraries
Running `env -i SHELL=/bin/bash COLORTERM=truecolor DEPOT_TOOLS_UPDATE=0 LESS='-R -M --shift 5' SUDO_GID=0 JDK_HOME=/etc/java-config-2/current-system-vm CONFIG_PROTECT_MASK='/etc/gentoo-release /etc/sandbox.d /etc/fonts/fonts.conf /etc/terminfo /etc/ca-certificates.conf /etc/revdep-rebuild' CHROMEOS_CACHEDIR=/var/cache/chromeos-cache JAVA_HOME=/etc/java-config-2/current-system-vm SSH_AUTH_SOCK=/tmp/ssh-auth-sock SUDO_COMMAND=/bin/bash SUDO_USER=root SUDO_TTY=/dev/pts/2 EDITOR=/usr/bin/vi PWD=/mnt/host/source/src/platform/ec CONFIG_PROTECT=/usr/share/gnupg/qualified.txt LOGNAME=jpmurphy MANPATH=/etc/java-config-2/current-system-vm/man:/usr/local/share/man:/usr/share/man:/usr/share/gcc-data/x86_64-pc-linux-gnu/10.2.0/man:/usr/share/binutils-data/x86_64-pc-linux-gnu/2.45/man:/etc/java-config-2/current-system-vm/man/ SUDO_HOME=/root XAUTHORITY=/run/user/944457/gdm/Xauthority HOME=/home/jpmurphy LANG=C.UTF-8 LS_COLORS='rs=0:di=01;34:ln=01;36:mh=00:pi=40;33:so=01;35:do=01;35:bd=40;33;01:cd=40;33;01:or=01;05;37;41:mi=01;05;37;41:su=37;41:sg=30;43:ca=30;41:tw=30;42:ow=34;42:st=37;44:ex=01;32:*.tar=01;31:*.tgz=01;31:*.arc=01;31:*.arj=01;31:*.taz=01;31:*.lha=01;31:*.lz4=01;31:*.lzh=01;31:*.lzma=01;31:*.tlz=01;31:*.txz=01;31:*.tzo=01;31:*.t7z=01;31:*.zip=01;31:*.z=01;31:*.dz=01;31:*.gz=01;31:*.lrz=01;31:*.lz=01;31:*.lzo=01;31:*.xz=01;31:*.zst=01;31:*.tzst=01;31:*.bz2=01;31:*.bz=01;31:*.tbz=01;31:*.tbz2=01;31:*.tz=01;31:*.deb=01;31:*.rpm=01;31:*.jar=01;31:*.war=01;31:*.ear=01;31:*.sar=01;31:*.rar=01;31:*.alz=01;31:*.ace=01;31:*.zoo=01;31:*.cpio=01;31:*.7z=01;31:*.rz=01;31:*.cab=01;31:*.wim=01;31:*.swm=01;31:*.dwm=01;31:*.esd=01;31:*.jpg=01;35:*.jpeg=01;35:*.mjpg=01;35:*.mjpeg=01;35:*.gif=01;35:*.bmp=01;35:*.pbm=01;35:*.pgm=01;35:*.ppm=01;35:*.tga=01;35:*.xbm=01;35:*.xpm=01;35:*.tif=01;35:*.tiff=01;35:*.png=01;35:*.svg=01;35:*.svgz=01;35:*.mng=01;35:*.pcx=01;35:*.mov=01;35:*.mpg=01;35:*.mpeg=01;35:*.m2v=01;35:*.mkv=01;35:*.webm=01;35:*.webp=01;35:*.ogm=01;35:*.mp4=01;35:*.m4v=01;35:*.mp4v=01;35:*.vob=01;35:*.qt=01;35:*.nuv=01;35:*.wmv=01;35:*.asf=01;35:*.rm=01;35:*.rmvb=01;35:*.flc=01;35:*.avi=01;35:*.fli=01;35:*.flv=01;35:*.gl=01;35:*.dl=01;35:*.xcf=01;35:*.xwd=01;35:*.yuv=01;35:*.cgm=01;35:*.emf=01;35:*.ogv=01;35:*.ogx=01;35:*.cfg=00;32:*.conf=00;32:*.diff=00;32:*.doc=00;32:*.ini=00;32:*.log=00;32:*.patch=00;32:*.pdf=00;32:*.ps=00;32:*.tex=00;32:*.txt=00;32:*.aac=00;36:*.au=00;36:*.flac=00;36:*.m4a=00;36:*.mid=00;36:*.midi=00;36:*.mka=00;36:*.mp3=00;36:*.mpc=00;36:*.ogg=00;36:*.ra=00;36:*.wav=00;36:*.oga=00;36:*.opus=00;36:*.spx=00;36:*.xspf=00;36:' XDG_CURRENT_DESKTOP=GNOME INFOPATH=/usr/share/info:/usr/share/gcc-data/x86_64-pc-linux-gnu/10.2.0/info:/usr/share/binutils-data/x86_64-pc-linux-gnu/2.45/info:/usr/share/automake-1.16.5/info JAVAC=/etc/java-config-2/current-system-vm/bin/javac TERM=xterm-256color LESSOPEN='|lesspipe %s' USER=jpmurphy CROS_WORKON_SRCROOT=/mnt/host/source MANPAGER=manpager DISPLAY=:1 SHLVL=1 LC_MESSAGES=C EXTERNAL_TRUNK_PATH=/mnt/8f9d649a-3721-44cc-93c0-e6bd21a9689f/chromiumos GCC_SPECS='' PATH=/mnt/host/source/chromite/bin:/usr/local/bin:/usr/bin:/bin:/opt/bin:/mnt/host/source/chromite/sdk/bin:/mnt/host/source/chromite/bin PORTAGE_USERNAME=jpmurphy SUDO_UID=0 GCC_VER=10.2.0 MAIL=/var/mail/jpmurphy OLDPWD=/mnt/host/source/src/scripts traceparent=00-e87aca51550a78635907baa6a2476181-6d684811675d2973-01 _=./zephyr/firmware_builder.py COREBOOT_SDK_ROOT_x86=/home/jpmurphy/.cache/coreboot-sdk/i386-elf/dfbb0486385d938cfa9d73080b9d18d598ed4f49 COREBOOT_SDK_ROOT_picolibc_x86=/home/jpmurphy/.cache/coreboot-sdk/picolibc-i386-elf/eb8e8e687b95461de8cbf278f1c2076952d0ad17 COREBOOT_SDK_ROOT_riscv64=/home/jpmurphy/.cache/coreboot-sdk/riscv64-elf/96b949749225b6aaa92ed810ab769e8dfb12f000 COREBOOT_SDK_ROOT_picolibc_arm=/home/jpmurphy/.cache/coreboot-sdk/picolibc-arm-eabi/422a2aa3e1ef891b5bece9a3deb696ff83840d2e COREBOOT_SDK_ROOT_nds32=/home/jpmurphy/.cache/coreboot-sdk/nds32le-elf/d1a518c4a097666d86058e1444f85ca015d15511 COREBOOT_SDK_ROOT_picolibc_riscv64=/home/jpmurphy/.cache/coreboot-sdk/picolibc-riscv64-elf/f571e990ef0278564b31124f8bb109d9a697eb69 COREBOOT_SDK_ROOT_arm=/home/jpmurphy/.cache/coreboot-sdk/arm-eabi/ea40ddd1d190c3b48435c474c0b545719371813a COREBOOT_SDK_ROOT_libstdcxx_riscv64=/home/jpmurphy/.cache/coreboot-sdk/libstdcxx-riscv64-elf/17abf22a3a252e2d5d2062ced5324f7a623689e0 COREBOOT_SDK_ROOT_libstdcxx_arm=/home/jpmurphy/.cache/coreboot-sdk/libstdcxx-arm-eabi/5d7d82e150e44aa1968f1d366e267e6687b328ac COREBOOT_SDK_ROOT_riscv=/home/jpmurphy/.cache/coreboot-sdk/riscv-elf/9a27b9e82341c6e9126624f516ab3f261abb3e73 COREBOOT_SDK_ROOT_libstdcxx_x86=/home/jpmurphy/.cache/coreboot-sdk/libstdcxx-i386-elf/42ef9d2e87a76a37963175d7d428734e65648b87 PYTHONPATH=/mnt/host/source/src/platform/ec/zephyr/zmake PW_PIGWEED_CIPD_INSTALL_DIR=/usr CROSTC_USER_ACKNOWLEDGES_THAT_RISCV_IS_EXPERIMENTAL=1 MAKEFLAGS=' -j16 --jobserver-auth=5,6' /usr/bin/ninja -C /mnt/host/source/src/platform/ec/build/zephyr/screebo/build-ro all.libraries`
[screebo:ro] ninja: Entering directory `/mnt/host/source/src/platform/ec/build/zephyr/screebo/build-ro'
[npcx_monitor:singleimage] [1/158] Preparing syscall dependency handling
[nivviks:rw]     COREBOOT_SDK_ROOT_nds32
[nivviks:rw]     COREBOOT_SDK_ROOT_picolibc_riscv64
[nivviks:rw]     COREBOOT_SDK_ROOT_picolibc_x86
[nivviks:rw]     COREBOOT_SDK_ROOT_riscv
[nivviks:rw]     COREBOOT_SDK_ROOT_riscv64
[nivviks:rw]     COREBOOT_SDK_ROOT_x86
Toolchain <zmake.toolchains.CorebootSdkToolchain object at 0x7f4120759a90> selected by probe function.
[skitty] Building in /mnt/host/source/src/platform/ec/build/zephyr/skitty.
[npcx_monitor:singleimage] [2/158] Generating misc/generated/syscalls_subdirs.trigger
[npcx_monitor:singleimage] [3/158] cd /mnt/host/source/src/platform/ec/build/zephyr/npcx_monitor/build-singleimage/modules/ec/zephyr && PYTHONPATH=/mnt/host/source/src/platform/ec/build/zephyr/npcx_monitor/modules/ec/zephyr/zmake/ /usr/bin/python3.11 /mnt/host/source/src/platform/ec/build/zephyr/npcx_monitor/modules/ec/zephyr/zmake/zephyr_build_tools/generate_ec_version.py /mnt/host/source/src/platform/ec/build/zephyr/npcx_monitor/build-singleimage/modules/ec/zephyr/include/ec_version.h --name Zephyr-Kernel --version 16543.0.0 --static
[npcx_monitor:singleimage] INFO:root:Using a static version string
[ocelotrvp-npcx:ro] -- CMake version: 3.31.7
[ocelotrvp-npcx:ro] -- Found Python3: /usr/bin/python3.11 (found suitable version "3.11.11", minimum required is "3.10") found components: Interpreter
[ocelotrvp-npcx:ro] -- Cache files will be written to: /mnt/host/source/src/platform/ec/build/zephyr/user-cache
[ocelotrvp-npcx:rw] -- Found Python3: /usr/bin/python3.11 (found suitable version "3.11.11", minimum required is "3.10") found components: Interpreter
[ocelotrvp-npcx:rw] -- Cache files will be written to: /mnt/host/source/src/platform/ec/build/zephyr/user-cache
[ocelotrvp-npcx:ro] -- Zephyr version: 4.3.99 (/mnt/host/source/src/third_party/zephyr/main)
[ocelotrvp-npcx:rw] -- Zephyr version: 4.3.99 (/mnt/host/source/src/third_party/zephyr/main)
[lotso:ro] -- CMake version: 3.31.7
[lotso:ro] -- Found Python3: /usr/bin/python3.11 (found suitable version "3.11.11", minimum required is "3.10") found components: Interpreter
[lotso:ro] -- Cache files will be written to: /mnt/host/source/src/platform/ec/build/zephyr/user-cache
[lotso:ro] -- Zephyr version: 4.3.99 (/mnt/host/source/src/third_party/zephyr/main)
[lotso:rw] -- CMake version: 3.31.7
[lotso:rw] -- Found Python3: /usr/bin/python3.11 (found suitable version "3.11.11", minimum required is "3.10") found components: Interpreter
[lotso:rw] -- Cache files will be written to: /mnt/host/source/src/platform/ec/build/zephyr/user-cache
[lotso:rw] -- Zephyr version: 4.3.99 (/mnt/host/source/src/third_party/zephyr/main)
[roach:rw] -- warning_base_override: -Wall;-Wformat;-Wformat-security;-Wformat;-Wno-format-zero-length;-Wno-pointer-sign;-Wpointer-arith;-Wexpansion-to-defined
[axii:ro] -- warning_base_override: -Wall;-Wformat;-Wformat-security;-Wformat;-Wno-format-zero-length;-Wno-pointer-sign;-Wpointer-arith;-Wexpansion-to-defined
[matsu_it82000:ro] -- warning_base_override: -Wall;-Wformat;-Wformat-security;-Wformat;-Wno-format-zero-length;-Wno-pointer-sign;-Wpointer-arith;-Wexpansion-to-defined
[matsu_it82000:ro] The PW_ROOT environment variable is not set; using /mnt/host/source/src/platform/ec/build/zephyr/matsu_it82000/modules/pigweed within CMake
[gothrax:rw] -- warning_base_override: -Wall;-Wformat;-Wformat-security;-Wformat;-Wno-format-zero-length;-Wno-pointer-sign;-Wpointer-arith;-Wexpansion-to-defined
[felino4es:ro] -- warning_base_override: -Wall;-Wformat;-Wformat-security;-Wformat;-Wno-format-zero-length;-Wno-pointer-sign;-Wpointer-arith;-Wexpansion-to-defined
[felino4es:rw] -- warning_base_override: -Wall;-Wformat;-Wformat-security;-Wformat;-Wno-format-zero-length;-Wno-pointer-sign;-Wpointer-arith;-Wexpansion-to-defined
[gothrax:ro] -- warning_base_override: -Wall;-Wformat;-Wformat-security;-Wformat;-Wno-format-zero-length;-Wno-pointer-sign;-Wpointer-arith;-Wexpansion-to-defined
[roach:rw] -- Found gen_kobject_list: /mnt/host/source/src/third_party/zephyr/main/scripts/build/gen_kobject_list.py
[axii:ro] -- Found gen_kobject_list: /mnt/host/source/src/third_party/zephyr/main/scripts/build/gen_kobject_list.py
[axii:ro] INFO: Verified 60 '*-gpios' properties, all flags match.
[axii:ro] INFO: Skipped 1 named-gpios children.
[axii:ro] CMake Warning at /mnt/host/source/src/third_party/zephyr/main/CMakeLists.txt:2359 (message):
[axii:ro]   __ASSERT() statements are globally ENABLED
[roach:rw] CMake Warning at /mnt/host/source/src/third_party/zephyr/main/CMakeLists.txt:2359 (message):
[roach:rw]   __ASSERT() statements are globally ENABLED
[felino4es:ro] -- Found gen_kobject_list: /mnt/host/source/src/third_party/zephyr/main/scripts/build/gen_kobject_list.py
[gothrax:rw] -- Found gen_kobject_list: /mnt/host/source/src/third_party/zephyr/main/scripts/build/gen_kobject_list.py
[skitty:rw] Configuring.
[npcx_monitor:singleimage] INFO:root:Version string: Zephyr-Kernel-16543.0.0
[screebo:ro] [1/419] Generating include/generated/zephyr/version.h
[npcx_monitor:singleimage] INFO:root:Writing header to /mnt/host/source/src/platform/ec/build/zephyr/npcx_monitor/build-singleimage/modules/ec/zephyr/include/ec_version.h
[npcx_monitor:singleimage] [4/158] Generating include/generated/zephyr/version.h
Running `env -i PYTHONPATH=/usr/lib64/python-exec/python3.11:/mnt/host/source/src/platform/ec/zephyr/zmake:/usr/lib/python311.zip:/usr/lib/python3.11:/usr/lib/python3.11/lib-dynload:/usr/lib/python3.11/site-packages PW_PIGWEED_CIPD_INSTALL_DIR=/usr CROSTC_USER_ACKNOWLEDGES_THAT_RISCV_IS_EXPERIMENTAL=1 PATH=/mnt/host/source/chromite/bin:/usr/local/bin:/usr/bin:/bin:/opt/bin:/mnt/host/source/chromite/sdk/bin:/mnt/host/source/chromite/bin HOME=/home/jpmurphy JAVA_HOME=/etc/java-config-2/current-system-vm JDK_HOME=/etc/java-config-2/current-system-vm JAVAC=/etc/java-config-2/current-system-vm/bin/javac MAKEFLAGS=' -j16 --jobserver-auth=5,6' /usr/bin/cmake -S /mnt/host/source/src/platform/ec/zephyr/program/corsola -B /mnt/host/source/src/platform/ec/build/zephyr/skitty/build-rw -GNinja -DCMAKE_EXPORT_COMPILE_COMMANDS=ON -DZEPHYR_BASE=/mnt/host/source/src/third_party/zephyr/main -DZMAKE_INCLUDE_DIR=/mnt/host/source/src/platform/ec/build/zephyr/skitty/include -DPython3_EXECUTABLE=/usr/bin/python3.11 -DDTS_ROOT=/mnt/host/source/src/platform/ec/zephyr -DSYSCALL_INCLUDE_DIRS=/mnt/host/source/src/platform/ec/zephyr/include/drivers -DUSER_CACHE_DIR=/mnt/host/source/src/platform/ec/build/zephyr/user-cache '-DEXTRA_EC_VERSION_FLAGS=--version 16543.0.0 --static' -DTOOLCHAIN_ROOT=/mnt/host/source/src/platform/ec/zephyr -DCOREBOOT_SDK_ROOT_x86=/home/jpmurphy/.cache/coreboot-sdk/i386-elf/dfbb0486385d938cfa9d73080b9d18d598ed4f49 -DCOREBOOT_SDK_ROOT_picolibc_x86=/home/jpmurphy/.cache/coreboot-sdk/picolibc-i386-elf/eb8e8e687b95461de8cbf278f1c2076952d0ad17 -DCOREBOOT_SDK_ROOT_riscv64=/home/jpmurphy/.cache/coreboot-sdk/riscv64-elf/96b949749225b6aaa92ed810ab769e8dfb12f000 -DCOREBOOT_SDK_ROOT_picolibc_arm=/home/jpmurphy/.cache/coreboot-sdk/picolibc-arm-eabi/422a2aa3e1ef891b5bece9a3deb696ff83840d2e -DCOREBOOT_SDK_ROOT_nds32=/home/jpmurphy/.cache/coreboot-sdk/nds32le-elf/d1a518c4a097666d86058e1444f85ca015d15511 -DCOREBOOT_SDK_ROOT_picolibc_riscv64=/home/jpmurphy/.cache/coreboot-sdk/picolibc-riscv64-elf/f571e990ef0278564b31124f8bb109d9a697eb69 -DCOREBOOT_SDK_ROOT_arm=/home/jpmurphy/.cache/coreboot-sdk/arm-eabi/ea40ddd1d190c3b48435c474c0b545719371813a -DCOREBOOT_SDK_ROOT_libstdcxx_riscv64=/home/jpmurphy/.cache/coreboot-sdk/libstdcxx-riscv64-elf/17abf22a3a252e2d5d2062ced5324f7a623689e0 -DCOREBOOT_SDK_ROOT_libstdcxx_arm=/home/jpmurphy/.cache/coreboot-sdk/libstdcxx-arm-eabi/5d7d82e150e44aa1968f1d366e267e6687b328ac -DCOREBOOT_SDK_ROOT_riscv=/home/jpmurphy/.cache/coreboot-sdk/riscv-elf/9a27b9e82341c6e9126624f516ab3f261abb3e73 -DCOREBOOT_SDK_ROOT_libstdcxx_x86=/home/jpmurphy/.cache/coreboot-sdk/libstdcxx-i386-elf/42ef9d2e87a76a37963175d7d428734e65648b87 -DZEPHYR_TOOLCHAIN_VARIANT=coreboot-sdk -DZEPHYR_MODULES=/mnt/host/source/src/platform/ec/build/zephyr/skitty/modules/ec -DDTC_OVERLAY_FILE=/mnt/host/source/src/platform/ec/zephyr/program/corsola/skitty/project.overlay -DBOARD=it8xxx2/it81202bx -DCMAKE_C_FLAGS=-DSECTION_IS_RW '-DCONF_FILE=/mnt/host/source/src/platform/ec/zephyr/program/corsola/program.conf;/mnt/host/source/src/platform/ec/zephyr/program/corsola/ite_program.conf;/mnt/host/source/src/platform/ec/zephyr/program/corsola/skitty/project.conf;/mnt/host/source/src/platform/ec/build/zephyr/skitty/kconfig-rw.conf'`
[axii:ro] Loading Zephyr default modules (Zephyr base (cached)).
[gothrax:ro] -- Found gen_kobject_list: /mnt/host/source/src/third_party/zephyr/main/scripts/build/gen_kobject_list.py
[screebo:ro] -- git describe warned: warning: tag 'upstream/v2.7.99' is externally known as 'v2.7.99'
[screebo:ro] -- Zephyr version: 4.3.99 (/mnt/host/source/src/third_party/zephyr/main)
[screebo:ro] [2/419] Preparing syscall dependency handling
[skitty:rw] -- Application: /mnt/host/source/src/platform/ec/zephyr/program/corsola
[skitty:rw] Loading Zephyr default modules (Zephyr base (cached)).
[axii:ro] -- Configuring done (24.4s)
[roach:rw] -- Configuring done (24.4s)
[felino4es:rw] -- Found gen_kobject_list: /mnt/host/source/src/third_party/zephyr/main/scripts/build/gen_kobject_list.py
[felino4es:ro] CMake Warning at /mnt/host/source/src/third_party/zephyr/main/CMakeLists.txt:1134 (message):
[felino4es:ro]   No SOURCES given to Zephyr library: drivers__syscon
[felino4es:ro]   Excluding target from build.
[felino4es:ro] CMake Warning at /mnt/host/source/src/third_party/zephyr/main/CMakeLists.txt:2359 (message):
[felino4es:ro]   __ASSERT() statements are globally ENABLED
[screebo:ro] [3/419] Generating misc/generated/syscalls_subdirs.trigger
[felino4es:rw] CMake Warning at /mnt/host/source/src/third_party/zephyr/main/CMakeLists.txt:1134 (message):
[felino4es:rw]   No SOURCES given to Zephyr library: drivers__syscon
[felino4es:rw]   Excluding target from build.
[felino4es:rw] CMake Warning at /mnt/host/source/src/third_party/zephyr/main/CMakeLists.txt:2359 (message):
[felino4es:rw]   __ASSERT() statements are globally ENABLED
[gothrax:rw] -- Configuring done (24.6s)
[gothrax:ro] -- Configuring done (24.7s)
[felino4es:ro] -- Configuring done (24.7s)
[roach:rw] -- Generating done (0.3s)
[roach:rw] CMake Warning:
[roach:rw] -- Build files have been written to: /mnt/host/source/src/platform/ec/build/zephyr/roach/build-rw
[felino4es:rw] -- Configuring done (24.8s)
[axii:ro] -- Generating done (0.3s)
[axii:ro] CMake Warning:
[axii:ro] -- Build files have been written to: /mnt/host/source/src/platform/ec/build/zephyr/axii/build-ro
[skitty:rw] -- CMake version: 3.31.7
[skitty:rw] -- Found Python3: /usr/bin/python3.11 (found suitable version "3.11.11", minimum required is "3.10") found components: Interpreter
[skitty:rw] -- Cache files will be written to: /mnt/host/source/src/platform/ec/build/zephyr/user-cache
[skitty:rw] -- Zephyr version: 4.3.99 (/mnt/host/source/src/third_party/zephyr/main)
[ocelotrvp-npcx:ro] -- Board: npcx9, qualifiers: npcx9m7f
[lotso:rw] -- Board: it8xxx2, qualifiers: it82002aw
[roach:rw]   Manually-specified variables were not used by the project:
[roach:rw]     COREBOOT_SDK_ROOT_arm
[roach:rw]     COREBOOT_SDK_ROOT_libstdcxx_arm
[roach:rw]     COREBOOT_SDK_ROOT_libstdcxx_x86
[roach:rw]     COREBOOT_SDK_ROOT_nds32
[roach:rw]     COREBOOT_SDK_ROOT_picolibc_arm
[roach:rw]     COREBOOT_SDK_ROOT_picolibc_x86
[roach:rw]     COREBOOT_SDK_ROOT_riscv
[roach:rw]     COREBOOT_SDK_ROOT_x86
[screebo:rw] Building: /usr/bin/ninja -C /mnt/host/source/src/platform/ec/build/zephyr/screebo/build-rw all.libraries
Running `env -i SHELL=/bin/bash COLORTERM=truecolor DEPOT_TOOLS_UPDATE=0 LESS='-R -M --shift 5' SUDO_GID=0 JDK_HOME=/etc/java-config-2/current-system-vm CONFIG_PROTECT_MASK='/etc/gentoo-release /etc/sandbox.d /etc/fonts/fonts.conf /etc/terminfo /etc/ca-certificates.conf /etc/revdep-rebuild' CHROMEOS_CACHEDIR=/var/cache/chromeos-cache JAVA_HOME=/etc/java-config-2/current-system-vm SSH_AUTH_SOCK=/tmp/ssh-auth-sock SUDO_COMMAND=/bin/bash SUDO_USER=root SUDO_TTY=/dev/pts/2 EDITOR=/usr/bin/vi PWD=/mnt/host/source/src/platform/ec CONFIG_PROTECT=/usr/share/gnupg/qualified.txt LOGNAME=jpmurphy MANPATH=/etc/java-config-2/current-system-vm/man:/usr/local/share/man:/usr/share/man:/usr/share/gcc-data/x86_64-pc-linux-gnu/10.2.0/man:/usr/share/binutils-data/x86_64-pc-linux-gnu/2.45/man:/etc/java-config-2/current-system-vm/man/ SUDO_HOME=/root XAUTHORITY=/run/user/944457/gdm/Xauthority HOME=/home/jpmurphy LANG=C.UTF-8 LS_COLORS='rs=0:di=01;34:ln=01;36:mh=00:pi=40;33:so=01;35:do=01;35:bd=40;33;01:cd=40;33;01:or=01;05;37;41:mi=01;05;37;41:su=37;41:sg=30;43:ca=30;41:tw=30;42:ow=34;42:st=37;44:ex=01;32:*.tar=01;31:*.tgz=01;31:*.arc=01;31:*.arj=01;31:*.taz=01;31:*.lha=01;31:*.lz4=01;31:*.lzh=01;31:*.lzma=01;31:*.tlz=01;31:*.txz=01;31:*.tzo=01;31:*.t7z=01;31:*.zip=01;31:*.z=01;31:*.dz=01;31:*.gz=01;31:*.lrz=01;31:*.lz=01;31:*.lzo=01;31:*.xz=01;31:*.zst=01;31:*.tzst=01;31:*.bz2=01;31:*.bz=01;31:*.tbz=01;31:*.tbz2=01;31:*.tz=01;31:*.deb=01;31:*.rpm=01;31:*.jar=01;31:*.war=01;31:*.ear=01;31:*.sar=01;31:*.rar=01;31:*.alz=01;31:*.ace=01;31:*.zoo=01;31:*.cpio=01;31:*.7z=01;31:*.rz=01;31:*.cab=01;31:*.wim=01;31:*.swm=01;31:*.dwm=01;31:*.esd=01;31:*.jpg=01;35:*.jpeg=01;35:*.mjpg=01;35:*.mjpeg=01;35:*.gif=01;35:*.bmp=01;35:*.pbm=01;35:*.pgm=01;35:*.ppm=01;35:*.tga=01;35:*.xbm=01;35:*.xpm=01;35:*.tif=01;35:*.tiff=01;35:*.png=01;35:*.svg=01;35:*.svgz=01;35:*.mng=01;35:*.pcx=01;35:*.mov=01;35:*.mpg=01;35:*.mpeg=01;35:*.m2v=01;35:*.mkv=01;35:*.webm=01;35:*.webp=01;35:*.ogm=01;35:*.mp4=01;35:*.m4v=01;35:*.mp4v=01;35:*.vob=01;35:*.qt=01;35:*.nuv=01;35:*.wmv=01;35:*.asf=01;35:*.rm=01;35:*.rmvb=01;35:*.flc=01;35:*.avi=01;35:*.fli=01;35:*.flv=01;35:*.gl=01;35:*.dl=01;35:*.xcf=01;35:*.xwd=01;35:*.yuv=01;35:*.cgm=01;35:*.emf=01;35:*.ogv=01;35:*.ogx=01;35:*.cfg=00;32:*.conf=00;32:*.diff=00;32:*.doc=00;32:*.ini=00;32:*.log=00;32:*.patch=00;32:*.pdf=00;32:*.ps=00;32:*.tex=00;32:*.txt=00;32:*.aac=00;36:*.au=00;36:*.flac=00;36:*.m4a=00;36:*.mid=00;36:*.midi=00;36:*.mka=00;36:*.mp3=00;36:*.mpc=00;36:*.ogg=00;36:*.ra=00;36:*.wav=00;36:*.oga=00;36:*.opus=00;36:*.spx=00;36:*.xspf=00;36:' XDG_CURRENT_DESKTOP=GNOME INFOPATH=/usr/share/info:/usr/share/gcc-data/x86_64-pc-linux-gnu/10.2.0/info:/usr/share/binutils-data/x86_64-pc-linux-gnu/2.45/info:/usr/share/automake-1.16.5/info JAVAC=/etc/java-config-2/current-system-vm/bin/javac TERM=xterm-256color LESSOPEN='|lesspipe %s' USER=jpmurphy CROS_WORKON_SRCROOT=/mnt/host/source MANPAGER=manpager DISPLAY=:1 SHLVL=1 LC_MESSAGES=C EXTERNAL_TRUNK_PATH=/mnt/8f9d649a-3721-44cc-93c0-e6bd21a9689f/chromiumos GCC_SPECS='' PATH=/mnt/host/source/chromite/bin:/usr/local/bin:/usr/bin:/bin:/opt/bin:/mnt/host/source/chromite/sdk/bin:/mnt/host/source/chromite/bin PORTAGE_USERNAME=jpmurphy SUDO_UID=0 GCC_VER=10.2.0 MAIL=/var/mail/jpmurphy OLDPWD=/mnt/host/source/src/scripts traceparent=00-e87aca51550a78635907baa6a2476181-6d684811675d2973-01 _=./zephyr/firmware_builder.py COREBOOT_SDK_ROOT_x86=/home/jpmurphy/.cache/coreboot-sdk/i386-elf/dfbb0486385d938cfa9d73080b9d18d598ed4f49 COREBOOT_SDK_ROOT_picolibc_x86=/home/jpmurphy/.cache/coreboot-sdk/picolibc-i386-elf/eb8e8e687b95461de8cbf278f1c2076952d0ad17 COREBOOT_SDK_ROOT_riscv64=/home/jpmurphy/.cache/coreboot-sdk/riscv64-elf/96b949749225b6aaa92ed810ab769e8dfb12f000 COREBOOT_SDK_ROOT_picolibc_arm=/home/jpmurphy/.cache/coreboot-sdk/picolibc-arm-eabi/422a2aa3e1ef891b5bece9a3deb696ff83840d2e COREBOOT_SDK_ROOT_nds32=/home/jpmurphy/.cache/coreboot-sdk/nds32le-elf/d1a518c4a097666d86058e1444f85ca015d15511 COREBOOT_SDK_ROOT_picolibc_riscv64=/home/jpmurphy/.cache/coreboot-sdk/picolibc-riscv64-elf/f571e990ef0278564b31124f8bb109d9a697eb69 COREBOOT_SDK_ROOT_arm=/home/jpmurphy/.cache/coreboot-sdk/arm-eabi/ea40ddd1d190c3b48435c474c0b545719371813a COREBOOT_SDK_ROOT_libstdcxx_riscv64=/home/jpmurphy/.cache/coreboot-sdk/libstdcxx-riscv64-elf/17abf22a3a252e2d5d2062ced5324f7a623689e0 COREBOOT_SDK_ROOT_libstdcxx_arm=/home/jpmurphy/.cache/coreboot-sdk/libstdcxx-arm-eabi/5d7d82e150e44aa1968f1d366e267e6687b328ac COREBOOT_SDK_ROOT_riscv=/home/jpmurphy/.cache/coreboot-sdk/riscv-elf/9a27b9e82341c6e9126624f516ab3f261abb3e73 COREBOOT_SDK_ROOT_libstdcxx_x86=/home/jpmurphy/.cache/coreboot-sdk/libstdcxx-i386-elf/42ef9d2e87a76a37963175d7d428734e65648b87 PYTHONPATH=/mnt/host/source/src/platform/ec/zephyr/zmake PW_PIGWEED_CIPD_INSTALL_DIR=/usr CROSTC_USER_ACKNOWLEDGES_THAT_RISCV_IS_EXPERIMENTAL=1 MAKEFLAGS=' -j16 --jobserver-auth=5,6' /usr/bin/ninja -C /mnt/host/source/src/platform/ec/build/zephyr/screebo/build-rw all.libraries`
[axii:ro]   Manually-specified variables were not used by the project:
[axii:ro]     COREBOOT_SDK_ROOT_arm
[axii:ro]     COREBOOT_SDK_ROOT_libstdcxx_arm
[axii:ro]     COREBOOT_SDK_ROOT_libstdcxx_x86
[axii:ro]     COREBOOT_SDK_ROOT_nds32
[axii:ro]     COREBOOT_SDK_ROOT_picolibc_arm
[axii:ro]     COREBOOT_SDK_ROOT_picolibc_x86
[axii:ro]     COREBOOT_SDK_ROOT_riscv
[axii:ro]     COREBOOT_SDK_ROOT_x86
[ocelotrvp-npcx:rw] -- Board: npcx9, qualifiers: npcx9m7f
[screebo:rw] ninja: Entering directory `/mnt/host/source/src/platform/ec/build/zephyr/screebo/build-rw'
[skitty:ro] Configuring.
Running `env -i PYTHONPATH=/usr/lib64/python-exec/python3.11:/mnt/host/source/src/platform/ec/zephyr/zmake:/usr/lib/python311.zip:/usr/lib/python3.11:/usr/lib/python3.11/lib-dynload:/usr/lib/python3.11/site-packages PW_PIGWEED_CIPD_INSTALL_DIR=/usr CROSTC_USER_ACKNOWLEDGES_THAT_RISCV_IS_EXPERIMENTAL=1 PATH=/mnt/host/source/chromite/bin:/usr/local/bin:/usr/bin:/bin:/opt/bin:/mnt/host/source/chromite/sdk/bin:/mnt/host/source/chromite/bin HOME=/home/jpmurphy JAVA_HOME=/etc/java-config-2/current-system-vm JDK_HOME=/etc/java-config-2/current-system-vm JAVAC=/etc/java-config-2/current-system-vm/bin/javac MAKEFLAGS=' -j16 --jobserver-auth=5,6' /usr/bin/cmake -S /mnt/host/source/src/platform/ec/zephyr/program/corsola -B /mnt/host/source/src/platform/ec/build/zephyr/skitty/build-ro -GNinja -DCMAKE_EXPORT_COMPILE_COMMANDS=ON -DZEPHYR_BASE=/mnt/host/source/src/third_party/zephyr/main -DZMAKE_INCLUDE_DIR=/mnt/host/source/src/platform/ec/build/zephyr/skitty/include -DPython3_EXECUTABLE=/usr/bin/python3.11 -DDTS_ROOT=/mnt/host/source/src/platform/ec/zephyr -DSYSCALL_INCLUDE_DIRS=/mnt/host/source/src/platform/ec/zephyr/include/drivers -DUSER_CACHE_DIR=/mnt/host/source/src/platform/ec/build/zephyr/user-cache '-DEXTRA_EC_VERSION_FLAGS=--version 16543.0.0 --static' -DTOOLCHAIN_ROOT=/mnt/host/source/src/platform/ec/zephyr -DCOREBOOT_SDK_ROOT_x86=/home/jpmurphy/.cache/coreboot-sdk/i386-elf/dfbb0486385d938cfa9d73080b9d18d598ed4f49 -DCOREBOOT_SDK_ROOT_picolibc_x86=/home/jpmurphy/.cache/coreboot-sdk/picolibc-i386-elf/eb8e8e687b95461de8cbf278f1c2076952d0ad17 -DCOREBOOT_SDK_ROOT_riscv64=/home/jpmurphy/.cache/coreboot-sdk/riscv64-elf/96b949749225b6aaa92ed810ab769e8dfb12f000 -DCOREBOOT_SDK_ROOT_picolibc_arm=/home/jpmurphy/.cache/coreboot-sdk/picolibc-arm-eabi/422a2aa3e1ef891b5bece9a3deb696ff83840d2e -DCOREBOOT_SDK_ROOT_nds32=/home/jpmurphy/.cache/coreboot-sdk/nds32le-elf/d1a518c4a097666d86058e1444f85ca015d15511 -DCOREBOOT_SDK_ROOT_picolibc_riscv64=/home/jpmurphy/.cache/coreboot-sdk/picolibc-riscv64-elf/f571e990ef0278564b31124f8bb109d9a697eb69 -DCOREBOOT_SDK_ROOT_arm=/home/jpmurphy/.cache/coreboot-sdk/arm-eabi/ea40ddd1d190c3b48435c474c0b545719371813a -DCOREBOOT_SDK_ROOT_libstdcxx_riscv64=/home/jpmurphy/.cache/coreboot-sdk/libstdcxx-riscv64-elf/17abf22a3a252e2d5d2062ced5324f7a623689e0 -DCOREBOOT_SDK_ROOT_libstdcxx_arm=/home/jpmurphy/.cache/coreboot-sdk/libstdcxx-arm-eabi/5d7d82e150e44aa1968f1d366e267e6687b328ac -DCOREBOOT_SDK_ROOT_riscv=/home/jpmurphy/.cache/coreboot-sdk/riscv-elf/9a27b9e82341c6e9126624f516ab3f261abb3e73 -DCOREBOOT_SDK_ROOT_libstdcxx_x86=/home/jpmurphy/.cache/coreboot-sdk/libstdcxx-i386-elf/42ef9d2e87a76a37963175d7d428734e65648b87 -DZEPHYR_TOOLCHAIN_VARIANT=coreboot-sdk -DZEPHYR_MODULES=/mnt/host/source/src/platform/ec/build/zephyr/skitty/modules/ec -DDTC_OVERLAY_FILE=/mnt/host/source/src/platform/ec/zephyr/program/corsola/skitty/project.overlay -DBOARD=it8xxx2/it81202bx -DCMAKE_C_FLAGS=-DSECTION_IS_RO '-DCONF_FILE=/mnt/host/source/src/platform/ec/zephyr/program/corsola/program.conf;/mnt/host/source/src/platform/ec/zephyr/program/corsola/ite_program.conf;/mnt/host/source/src/platform/ec/zephyr/program/corsola/skitty/project.conf;/mnt/host/source/src/platform/ec/build/zephyr/skitty/kconfig-ro.conf'`
[skitty:ro] Loading Zephyr default modules (Zephyr base (cached)).
[skitty:ro] -- Application: /mnt/host/source/src/platform/ec/zephyr/program/corsola
[gothrax:rw] -- Generating done (0.4s)
[gothrax:rw] CMake Warning:
[gothrax:rw] -- Build files have been written to: /mnt/host/source/src/platform/ec/build/zephyr/gothrax/build-rw
[lotso:ro] -- Board: it8xxx2, qualifiers: it82002aw
[gothrax:ro] -- Generating done (0.4s)
[gothrax:ro] INFO: No motionsense-sensor-alt node found
[gothrax:ro] CMake Warning:
[gothrax:ro]   Manually-specified variables were not used by the project:
[gothrax:ro]     COREBOOT_SDK_ROOT_arm
[gothrax:ro]     COREBOOT_SDK_ROOT_libstdcxx_arm
[gothrax:ro] -- Build files have been written to: /mnt/host/source/src/platform/ec/build/zephyr/gothrax/build-ro
[gothrax:ro]     COREBOOT_SDK_ROOT_libstdcxx_x86
[gothrax:ro]     COREBOOT_SDK_ROOT_nds32
[gothrax:ro]     COREBOOT_SDK_ROOT_picolibc_arm
[gothrax:ro]     COREBOOT_SDK_ROOT_picolibc_x86
[felino4es:ro] -- Generating done (0.4s)
[felino4es:ro] CMake Warning:
[felino4es:rw] -- Generating done (0.4s)
[felino4es:rw] CMake Warning:
[felino4es:rw] -- Build files have been written to: /mnt/host/source/src/platform/ec/build/zephyr/felino4es/build-rw
[felino4es:ro] -- Build files have been written to: /mnt/host/source/src/platform/ec/build/zephyr/felino4es/build-ro
[felino4es:ro]   Manually-specified variables were not used by the project:
[felino4es:ro]     COREBOOT_SDK_ROOT_arm
[felino4es:ro]     COREBOOT_SDK_ROOT_libstdcxx_arm
[felino4es:ro]     COREBOOT_SDK_ROOT_libstdcxx_x86
[felino4es:ro]     COREBOOT_SDK_ROOT_nds32
[felino4es:ro]     COREBOOT_SDK_ROOT_picolibc_arm
[felino4es:ro]     COREBOOT_SDK_ROOT_picolibc_x86
[felino4es:ro]     COREBOOT_SDK_ROOT_riscv
[felino4es:ro]     COREBOOT_SDK_ROOT_x86
[adlrvp_mchp:rw] Building: /usr/bin/ninja -C /mnt/host/source/src/platform/ec/build/zephyr/adlrvp_mchp/build-rw all.libraries
Running `env -i SHELL=/bin/bash COLORTERM=truecolor DEPOT_TOOLS_UPDATE=0 LESS='-R -M --shift 5' SUDO_GID=0 JDK_HOME=/etc/java-config-2/current-system-vm CONFIG_PROTECT_MASK='/etc/gentoo-release /etc/sandbox.d /etc/fonts/fonts.conf /etc/terminfo /etc/ca-certificates.conf /etc/revdep-rebuild' CHROMEOS_CACHEDIR=/var/cache/chromeos-cache JAVA_HOME=/etc/java-config-2/current-system-vm SSH_AUTH_SOCK=/tmp/ssh-auth-sock SUDO_COMMAND=/bin/bash SUDO_USER=root SUDO_TTY=/dev/pts/2 EDITOR=/usr/bin/vi PWD=/mnt/host/source/src/platform/ec CONFIG_PROTECT=/usr/share/gnupg/qualified.txt LOGNAME=jpmurphy MANPATH=/etc/java-config-2/current-system-vm/man:/usr/local/share/man:/usr/share/man:/usr/share/gcc-data/x86_64-pc-linux-gnu/10.2.0/man:/usr/share/binutils-data/x86_64-pc-linux-gnu/2.45/man:/etc/java-config-2/current-system-vm/man/ SUDO_HOME=/root XAUTHORITY=/run/user/944457/gdm/Xauthority HOME=/home/jpmurphy LANG=C.UTF-8 LS_COLORS='rs=0:di=01;34:ln=01;36:mh=00:pi=40;33:so=01;35:do=01;35:bd=40;33;01:cd=40;33;01:or=01;05;37;41:mi=01;05;37;41:su=37;41:sg=30;43:ca=30;41:tw=30;42:ow=34;42:st=37;44:ex=01;32:*.tar=01;31:*.tgz=01;31:*.arc=01;31:*.arj=01;31:*.taz=01;31:*.lha=01;31:*.lz4=01;31:*.lzh=01;31:*.lzma=01;31:*.tlz=01;31:*.txz=01;31:*.tzo=01;31:*.t7z=01;31:*.zip=01;31:*.z=01;31:*.dz=01;31:*.gz=01;31:*.lrz=01;31:*.lz=01;31:*.lzo=01;31:*.xz=01;31:*.zst=01;31:*.tzst=01;31:*.bz2=01;31:*.bz=01;31:*.tbz=01;31:*.tbz2=01;31:*.tz=01;31:*.deb=01;31:*.rpm=01;31:*.jar=01;31:*.war=01;31:*.ear=01;31:*.sar=01;31:*.rar=01;31:*.alz=01;31:*.ace=01;31:*.zoo=01;31:*.cpio=01;31:*.7z=01;31:*.rz=01;31:*.cab=01;31:*.wim=01;31:*.swm=01;31:*.dwm=01;31:*.esd=01;31:*.jpg=01;35:*.jpeg=01;35:*.mjpg=01;35:*.mjpeg=01;35:*.gif=01;35:*.bmp=01;35:*.pbm=01;35:*.pgm=01;35:*.ppm=01;35:*.tga=01;35:*.xbm=01;35:*.xpm=01;35:*.tif=01;35:*.tiff=01;35:*.png=01;35:*.svg=01;35:*.svgz=01;35:*.mng=01;35:*.pcx=01;35:*.mov=01;35:*.mpg=01;35:*.mpeg=01;35:*.m2v=01;35:*.mkv=01;35:*.webm=01;35:*.webp=01;35:*.ogm=01;35:*.mp4=01;35:*.m4v=01;35:*.mp4v=01;35:*.vob=01;35:*.qt=01;35:*.nuv=01;35:*.wmv=01;35:*.asf=01;35:*.rm=01;35:*.rmvb=01;35:*.flc=01;35:*.avi=01;35:*.fli=01;35:*.flv=01;35:*.gl=01;35:*.dl=01;35:*.xcf=01;35:*.xwd=01;35:*.yuv=01;35:*.cgm=01;35:*.emf=01;35:*.ogv=01;35:*.ogx=01;35:*.cfg=00;32:*.conf=00;32:*.diff=00;32:*.doc=00;32:*.ini=00;32:*.log=00;32:*.patch=00;32:*.pdf=00;32:*.ps=00;32:*.tex=00;32:*.txt=00;32:*.aac=00;36:*.au=00;36:*.flac=00;36:*.m4a=00;36:*.mid=00;36:*.midi=00;36:*.mka=00;36:*.mp3=00;36:*.mpc=00;36:*.ogg=00;36:*.ra=00;36:*.wav=00;36:*.oga=00;36:*.opus=00;36:*.spx=00;36:*.xspf=00;36:' XDG_CURRENT_DESKTOP=GNOME INFOPATH=/usr/share/info:/usr/share/gcc-data/x86_64-pc-linux-gnu/10.2.0/info:/usr/share/binutils-data/x86_64-pc-linux-gnu/2.45/info:/usr/share/automake-1.16.5/info JAVAC=/etc/java-config-2/current-system-vm/bin/javac TERM=xterm-256color LESSOPEN='|lesspipe %s' USER=jpmurphy CROS_WORKON_SRCROOT=/mnt/host/source MANPAGER=manpager DISPLAY=:1 SHLVL=1 LC_MESSAGES=C EXTERNAL_TRUNK_PATH=/mnt/8f9d649a-3721-44cc-93c0-e6bd21a9689f/chromiumos GCC_SPECS='' PATH=/mnt/host/source/chromite/bin:/usr/local/bin:/usr/bin:/bin:/opt/bin:/mnt/host/source/chromite/sdk/bin:/mnt/host/source/chromite/bin PORTAGE_USERNAME=jpmurphy SUDO_UID=0 GCC_VER=10.2.0 MAIL=/var/mail/jpmurphy OLDPWD=/mnt/host/source/src/scripts traceparent=00-e87aca51550a78635907baa6a2476181-6d684811675d2973-01 _=./zephyr/firmware_builder.py COREBOOT_SDK_ROOT_x86=/home/jpmurphy/.cache/coreboot-sdk/i386-elf/dfbb0486385d938cfa9d73080b9d18d598ed4f49 COREBOOT_SDK_ROOT_picolibc_x86=/home/jpmurphy/.cache/coreboot-sdk/picolibc-i386-elf/eb8e8e687b95461de8cbf278f1c2076952d0ad17 COREBOOT_SDK_ROOT_riscv64=/home/jpmurphy/.cache/coreboot-sdk/riscv64-elf/96b949749225b6aaa92ed810ab769e8dfb12f000 COREBOOT_SDK_ROOT_picolibc_arm=/home/jpmurphy/.cache/coreboot-sdk/picolibc-arm-eabi/422a2aa3e1ef891b5bece9a3deb696ff83840d2e COREBOOT_SDK_ROOT_nds32=/home/jpmurphy/.cache/coreboot-sdk/nds32le-elf/d1a518c4a097666d86058e1444f85ca015d15511 COREBOOT_SDK_ROOT_picolibc_riscv64=/home/jpmurphy/.cache/coreboot-sdk/picolibc-riscv64-elf/f571e990ef0278564b31124f8bb109d9a697eb69 COREBOOT_SDK_ROOT_arm=/home/jpmurphy/.cache/coreboot-sdk/arm-eabi/ea40ddd1d190c3b48435c474c0b545719371813a COREBOOT_SDK_ROOT_libstdcxx_riscv64=/home/jpmurphy/.cache/coreboot-sdk/libstdcxx-riscv64-elf/17abf22a3a252e2d5d2062ced5324f7a623689e0 COREBOOT_SDK_ROOT_libstdcxx_arm=/home/jpmurphy/.cache/coreboot-sdk/libstdcxx-arm-eabi/5d7d82e150e44aa1968f1d366e267e6687b328ac COREBOOT_SDK_ROOT_riscv=/home/jpmurphy/.cache/coreboot-sdk/riscv-elf/9a27b9e82341c6e9126624f516ab3f261abb3e73 COREBOOT_SDK_ROOT_libstdcxx_x86=/home/jpmurphy/.cache/coreboot-sdk/libstdcxx-i386-elf/42ef9d2e87a76a37963175d7d428734e65648b87 PYTHONPATH=/mnt/host/source/src/platform/ec/zephyr/zmake PW_PIGWEED_CIPD_INSTALL_DIR=/usr CROSTC_USER_ACKNOWLEDGES_THAT_RISCV_IS_EXPERIMENTAL=1 MAKEFLAGS=' -j16 --jobserver-auth=5,6' /usr/bin/ninja -C /mnt/host/source/src/platform/ec/build/zephyr/adlrvp_mchp/build-rw all.libraries`
[gothrax:ro]     COREBOOT_SDK_ROOT_riscv
[skitty:ro] -- CMake version: 3.31.7
[gothrax:ro]     COREBOOT_SDK_ROOT_x86
[skitty:ro] -- Found Python3: /usr/bin/python3.11 (found suitable version "3.11.11", minimum required is "3.10") found components: Interpreter
[adlrvp_mchp:rw] ninja: Entering directory `/mnt/host/source/src/platform/ec/build/zephyr/adlrvp_mchp/build-rw'
Toolchain <zmake.toolchains.CorebootSdkToolchain object at 0x7f41207ec190> selected by probe function.
[pujjolo-ish] Building in /mnt/host/source/src/platform/ec/build/zephyr/pujjolo-ish.
[skitty:ro] -- Cache files will be written to: /mnt/host/source/src/platform/ec/build/zephyr/user-cache
[skitty:ro] -- Zephyr version: 4.3.99 (/mnt/host/source/src/third_party/zephyr/main)
[screebo:rw] [1/419] Preparing syscall dependency handling
[screebo:rw] [2/419] Generating misc/generated/syscalls_subdirs.trigger
[gothrax:rw]   Manually-specified variables were not used by the project:
[gothrax:rw]     COREBOOT_SDK_ROOT_arm
[gothrax:rw]     COREBOOT_SDK_ROOT_libstdcxx_arm
[gothrax:rw]     COREBOOT_SDK_ROOT_libstdcxx_x86
[gothrax:rw]     COREBOOT_SDK_ROOT_nds32
[gothrax:rw]     COREBOOT_SDK_ROOT_picolibc_arm
[gothrax:rw]     COREBOOT_SDK_ROOT_picolibc_x86
[gothrax:rw]     COREBOOT_SDK_ROOT_riscv
[gothrax:rw]     COREBOOT_SDK_ROOT_x86
[adlrvp_mchp:rw] [1/346] Preparing syscall dependency handling
[felino4es:rw]   Manually-specified variables were not used by the project:
[felino4es:rw]     COREBOOT_SDK_ROOT_arm
[felino4es:rw]     COREBOOT_SDK_ROOT_libstdcxx_arm
[felino4es:rw]     COREBOOT_SDK_ROOT_libstdcxx_x86
[felino4es:rw]     COREBOOT_SDK_ROOT_nds32
[felino4es:rw]     COREBOOT_SDK_ROOT_picolibc_arm
[felino4es:rw]     COREBOOT_SDK_ROOT_picolibc_x86
[felino4es:rw]     COREBOOT_SDK_ROOT_riscv
[felino4es:rw]     COREBOOT_SDK_ROOT_x86
[adlrvp_mchp:rw] [2/346] Generating misc/generated/syscalls_subdirs.trigger
[screebo:rw] [3/419] cd /mnt/host/source/src/platform/ec/build/zephyr/screebo/build-rw/modules/ec/zephyr && PYTHONPATH=/mnt/host/source/src/platform/ec/build/zephyr/screebo/modules/ec/zephyr/zmake/ /usr/bin/python3.11 /mnt/host/source/src/platform/ec/build/zephyr/screebo/modules/ec/zephyr/zmake/zephyr_build_tools/generate_ec_version.py /mnt/host/source/src/platform/ec/build/zephyr/screebo/build-rw/modules/ec/zephyr/include/ec_version.h --name Zephyr-Kernel --version 16543.0.0 --static
[screebo:rw] INFO:root:Using a static version string
[screebo:rw] INFO:root:Version string: Zephyr-Kernel-16543.0.0
[screebo:rw] INFO:root:Writing header to /mnt/host/source/src/platform/ec/build/zephyr/screebo/build-rw/modules/ec/zephyr/include/ec_version.h
[screebo:rw] [4/419] Generating include/generated/zephyr/version.h
[adlrvp_mchp:rw] [3/346] cd /mnt/host/source/src/platform/ec/build/zephyr/adlrvp_mchp/build-rw/modules/ec/zephyr && PYTHONPATH=/mnt/host/source/src/platform/ec/build/zephyr/adlrvp_mchp/modules/ec/zephyr/zmake/ /usr/bin/python3.11 /mnt/host/source/src/platform/ec/build/zephyr/adlrvp_mchp/modules/ec/zephyr/zmake/zephyr_build_tools/generate_ec_version.py /mnt/host/source/src/platform/ec/build/zephyr/adlrvp_mchp/build-rw/modules/ec/zephyr/include/ec_version.h --name Zephyr-Kernel --version 16543.0.0 --static
[adlrvp_mchp:rw] INFO:root:Using a static version string
[adlrvp_mchp:rw] INFO:root:Version string: Zephyr-Kernel-16543.0.0
[adlrvp_mchp:rw] INFO:root:Writing header to /mnt/host/source/src/platform/ec/build/zephyr/adlrvp_mchp/build-rw/modules/ec/zephyr/include/ec_version.h
[adlrvp_mchp:rw] [4/346] Generating include/generated/zephyr/version.h
[skitty:rw] -- Board: it8xxx2, qualifiers: it81202bx
[screebo:ro] [4/419] cd /mnt/host/source/src/platform/ec/build/zephyr/screebo/build-ro/modules/ec/zephyr && PYTHONPATH=/mnt/host/source/src/platform/ec/build/zephyr/screebo/modules/ec/zephyr/zmake/ /usr/bin/python3.11 /mnt/host/source/src/platform/ec/build/zephyr/screebo/modules/ec/zephyr/zmake/zephyr_build_tools/generate_ec_version.py /mnt/host/source/src/platform/ec/build/zephyr/screebo/build-ro/modules/ec/zephyr/include/ec_version.h --name Zephyr-Kernel --version 16543.0.0 --static
[screebo:ro] INFO:root:Using a static version string
[felino4es:rw] Building: /usr/bin/ninja -C /mnt/host/source/src/platform/ec/build/zephyr/felino4es/build-rw all.libraries
Running `env -i SHELL=/bin/bash COLORTERM=truecolor DEPOT_TOOLS_UPDATE=0 LESS='-R -M --shift 5' SUDO_GID=0 JDK_HOME=/etc/java-config-2/current-system-vm CONFIG_PROTECT_MASK='/etc/gentoo-release /etc/sandbox.d /etc/fonts/fonts.conf /etc/terminfo /etc/ca-certificates.conf /etc/revdep-rebuild' CHROMEOS_CACHEDIR=/var/cache/chromeos-cache JAVA_HOME=/etc/java-config-2/current-system-vm SSH_AUTH_SOCK=/tmp/ssh-auth-sock SUDO_COMMAND=/bin/bash SUDO_USER=root SUDO_TTY=/dev/pts/2 EDITOR=/usr/bin/vi PWD=/mnt/host/source/src/platform/ec CONFIG_PROTECT=/usr/share/gnupg/qualified.txt LOGNAME=jpmurphy MANPATH=/etc/java-config-2/current-system-vm/man:/usr/local/share/man:/usr/share/man:/usr/share/gcc-data/x86_64-pc-linux-gnu/10.2.0/man:/usr/share/binutils-data/x86_64-pc-linux-gnu/2.45/man:/etc/java-config-2/current-system-vm/man/ SUDO_HOME=/root XAUTHORITY=/run/user/944457/gdm/Xauthority HOME=/home/jpmurphy LANG=C.UTF-8 LS_COLORS='rs=0:di=01;34:ln=01;36:mh=00:pi=40;33:so=01;35:do=01;35:bd=40;33;01:cd=40;33;01:or=01;05;37;41:mi=01;05;37;41:su=37;41:sg=30;43:ca=30;41:tw=30;42:ow=34;42:st=37;44:ex=01;32:*.tar=01;31:*.tgz=01;31:*.arc=01;31:*.arj=01;31:*.taz=01;31:*.lha=01;31:*.lz4=01;31:*.lzh=01;31:*.lzma=01;31:*.tlz=01;31:*.txz=01;31:*.tzo=01;31:*.t7z=01;31:*.zip=01;31:*.z=01;31:*.dz=01;31:*.gz=01;31:*.lrz=01;31:*.lz=01;31:*.lzo=01;31:*.xz=01;31:*.zst=01;31:*.tzst=01;31:*.bz2=01;31:*.bz=01;31:*.tbz=01;31:*.tbz2=01;31:*.tz=01;31:*.deb=01;31:*.rpm=01;31:*.jar=01;31:*.war=01;31:*.ear=01;31:*.sar=01;31:*.rar=01;31:*.alz=01;31:*.ace=01;31:*.zoo=01;31:*.cpio=01;31:*.7z=01;31:*.rz=01;31:*.cab=01;31:*.wim=01;31:*.swm=01;31:*.dwm=01;31:*.esd=01;31:*.jpg=01;35:*.jpeg=01;35:*.mjpg=01;35:*.mjpeg=01;35:*.gif=01;35:*.bmp=01;35:*.pbm=01;35:*.pgm=01;35:*.ppm=01;35:*.tga=01;35:*.xbm=01;35:*.xpm=01;35:*.tif=01;35:*.tiff=01;35:*.png=01;35:*.svg=01;35:*.svgz=01;35:*.mng=01;35:*.pcx=01;35:*.mov=01;35:*.mpg=01;35:*.mpeg=01;35:*.m2v=01;35:*.mkv=01;35:*.webm=01;35:*.webp=01;35:*.ogm=01;35:*.mp4=01;35:*.m4v=01;35:*.mp4v=01;35:*.vob=01;35:*.qt=01;35:*.nuv=01;35:*.wmv=01;35:*.asf=01;35:*.rm=01;35:*.rmvb=01;35:*.flc=01;35:*.avi=01;35:*.fli=01;35:*.flv=01;35:*.gl=01;35:*.dl=01;35:*.xcf=01;35:*.xwd=01;35:*.yuv=01;35:*.cgm=01;35:*.emf=01;35:*.ogv=01;35:*.ogx=01;35:*.cfg=00;32:*.conf=00;32:*.diff=00;32:*.doc=00;32:*.ini=00;32:*.log=00;32:*.patch=00;32:*.pdf=00;32:*.ps=00;32:*.tex=00;32:*.txt=00;32:*.aac=00;36:*.au=00;36:*.flac=00;36:*.m4a=00;36:*.mid=00;36:*.midi=00;36:*.mka=00;36:*.mp3=00;36:*.mpc=00;36:*.ogg=00;36:*.ra=00;36:*.wav=00;36:*.oga=00;36:*.opus=00;36:*.spx=00;36:*.xspf=00;36:' XDG_CURRENT_DESKTOP=GNOME INFOPATH=/usr/share/info:/usr/share/gcc-data/x86_64-pc-linux-gnu/10.2.0/info:/usr/share/binutils-data/x86_64-pc-linux-gnu/2.45/info:/usr/share/automake-1.16.5/info JAVAC=/etc/java-config-2/current-system-vm/bin/javac TERM=xterm-256color LESSOPEN='|lesspipe %s' USER=jpmurphy CROS_WORKON_SRCROOT=/mnt/host/source MANPAGER=manpager DISPLAY=:1 SHLVL=1 LC_MESSAGES=C EXTERNAL_TRUNK_PATH=/mnt/8f9d649a-3721-44cc-93c0-e6bd21a9689f/chromiumos GCC_SPECS='' PATH=/mnt/host/source/chromite/bin:/usr/local/bin:/usr/bin:/bin:/opt/bin:/mnt/host/source/chromite/sdk/bin:/mnt/host/source/chromite/bin PORTAGE_USERNAME=jpmurphy SUDO_UID=0 GCC_VER=10.2.0 MAIL=/var/mail/jpmurphy OLDPWD=/mnt/host/source/src/scripts traceparent=00-e87aca51550a78635907baa6a2476181-6d684811675d2973-01 _=./zephyr/firmware_builder.py COREBOOT_SDK_ROOT_x86=/home/jpmurphy/.cache/coreboot-sdk/i386-elf/dfbb0486385d938cfa9d73080b9d18d598ed4f49 COREBOOT_SDK_ROOT_picolibc_x86=/home/jpmurphy/.cache/coreboot-sdk/picolibc-i386-elf/eb8e8e687b95461de8cbf278f1c2076952d0ad17 COREBOOT_SDK_ROOT_riscv64=/home/jpmurphy/.cache/coreboot-sdk/riscv64-elf/96b949749225b6aaa92ed810ab769e8dfb12f000 COREBOOT_SDK_ROOT_picolibc_arm=/home/jpmurphy/.cache/coreboot-sdk/picolibc-arm-eabi/422a2aa3e1ef891b5bece9a3deb696ff83840d2e COREBOOT_SDK_ROOT_nds32=/home/jpmurphy/.cache/coreboot-sdk/nds32le-elf/d1a518c4a097666d86058e1444f85ca015d15511 COREBOOT_SDK_ROOT_picolibc_riscv64=/home/jpmurphy/.cache/coreboot-sdk/picolibc-riscv64-elf/f571e990ef0278564b31124f8bb109d9a697eb69 COREBOOT_SDK_ROOT_arm=/home/jpmurphy/.cache/coreboot-sdk/arm-eabi/ea40ddd1d190c3b48435c474c0b545719371813a COREBOOT_SDK_ROOT_libstdcxx_riscv64=/home/jpmurphy/.cache/coreboot-sdk/libstdcxx-riscv64-elf/17abf22a3a252e2d5d2062ced5324f7a623689e0 COREBOOT_SDK_ROOT_libstdcxx_arm=/home/jpmurphy/.cache/coreboot-sdk/libstdcxx-arm-eabi/5d7d82e150e44aa1968f1d366e267e6687b328ac COREBOOT_SDK_ROOT_riscv=/home/jpmurphy/.cache/coreboot-sdk/riscv-elf/9a27b9e82341c6e9126624f516ab3f261abb3e73 COREBOOT_SDK_ROOT_libstdcxx_x86=/home/jpmurphy/.cache/coreboot-sdk/libstdcxx-i386-elf/42ef9d2e87a76a37963175d7d428734e65648b87 PYTHONPATH=/mnt/host/source/src/platform/ec/zephyr/zmake PW_PIGWEED_CIPD_INSTALL_DIR=/usr CROSTC_USER_ACKNOWLEDGES_THAT_RISCV_IS_EXPERIMENTAL=1 MAKEFLAGS=' -j16 --jobserver-auth=5,6' /usr/bin/ninja -C /mnt/host/source/src/platform/ec/build/zephyr/felino4es/build-rw all.libraries`
[screebo:ro] INFO:root:Version string: Zephyr-Kernel-16543.0.0
[screebo:ro] INFO:root:Writing header to /mnt/host/source/src/platform/ec/build/zephyr/screebo/build-ro/modules/ec/zephyr/include/ec_version.h
[screebo:ro] [5/419] Generating misc/generated/syscalls.json, misc/generated/struct_tags.json
[felino4es:rw] ninja: Entering directory `/mnt/host/source/src/platform/ec/build/zephyr/felino4es/build-rw'
[screebo:rw] -- git describe warned: warning: tag 'upstream/v2.7.99' is externally known as 'v2.7.99'
[screebo:rw] -- Zephyr version: 4.3.99 (/mnt/host/source/src/third_party/zephyr/main)
[screebo:rw] [5/419] Generating misc/generated/syscalls.json, misc/generated/struct_tags.json
[felino4es:ro] Building: /usr/bin/ninja -C /mnt/host/source/src/platform/ec/build/zephyr/felino4es/build-ro all.libraries
Running `env -i SHELL=/bin/bash COLORTERM=truecolor DEPOT_TOOLS_UPDATE=0 LESS='-R -M --shift 5' SUDO_GID=0 JDK_HOME=/etc/java-config-2/current-system-vm CONFIG_PROTECT_MASK='/etc/gentoo-release /etc/sandbox.d /etc/fonts/fonts.conf /etc/terminfo /etc/ca-certificates.conf /etc/revdep-rebuild' CHROMEOS_CACHEDIR=/var/cache/chromeos-cache JAVA_HOME=/etc/java-config-2/current-system-vm SSH_AUTH_SOCK=/tmp/ssh-auth-sock SUDO_COMMAND=/bin/bash SUDO_USER=root SUDO_TTY=/dev/pts/2 EDITOR=/usr/bin/vi PWD=/mnt/host/source/src/platform/ec CONFIG_PROTECT=/usr/share/gnupg/qualified.txt LOGNAME=jpmurphy MANPATH=/etc/java-config-2/current-system-vm/man:/usr/local/share/man:/usr/share/man:/usr/share/gcc-data/x86_64-pc-linux-gnu/10.2.0/man:/usr/share/binutils-data/x86_64-pc-linux-gnu/2.45/man:/etc/java-config-2/current-system-vm/man/ SUDO_HOME=/root XAUTHORITY=/run/user/944457/gdm/Xauthority HOME=/home/jpmurphy LANG=C.UTF-8 LS_COLORS='rs=0:di=01;34:ln=01;36:mh=00:pi=40;33:so=01;35:do=01;35:bd=40;33;01:cd=40;33;01:or=01;05;37;41:mi=01;05;37;41:su=37;41:sg=30;43:ca=30;41:tw=30;42:ow=34;42:st=37;44:ex=01;32:*.tar=01;31:*.tgz=01;31:*.arc=01;31:*.arj=01;31:*.taz=01;31:*.lha=01;31:*.lz4=01;31:*.lzh=01;31:*.lzma=01;31:*.tlz=01;31:*.txz=01;31:*.tzo=01;31:*.t7z=01;31:*.zip=01;31:*.z=01;31:*.dz=01;31:*.gz=01;31:*.lrz=01;31:*.lz=01;31:*.lzo=01;31:*.xz=01;31:*.zst=01;31:*.tzst=01;31:*.bz2=01;31:*.bz=01;31:*.tbz=01;31:*.tbz2=01;31:*.tz=01;31:*.deb=01;31:*.rpm=01;31:*.jar=01;31:*.war=01;31:*.ear=01;31:*.sar=01;31:*.rar=01;31:*.alz=01;31:*.ace=01;31:*.zoo=01;31:*.cpio=01;31:*.7z=01;31:*.rz=01;31:*.cab=01;31:*.wim=01;31:*.swm=01;31:*.dwm=01;31:*.esd=01;31:*.jpg=01;35:*.jpeg=01;35:*.mjpg=01;35:*.mjpeg=01;35:*.gif=01;35:*.bmp=01;35:*.pbm=01;35:*.pgm=01;35:*.ppm=01;35:*.tga=01;35:*.xbm=01;35:*.xpm=01;35:*.tif=01;35:*.tiff=01;35:*.png=01;35:*.svg=01;35:*.svgz=01;35:*.mng=01;35:*.pcx=01;35:*.mov=01;35:*.mpg=01;35:*.mpeg=01;35:*.m2v=01;35:*.mkv=01;35:*.webm=01;35:*.webp=01;35:*.ogm=01;35:*.mp4=01;35:*.m4v=01;35:*.mp4v=01;35:*.vob=01;35:*.qt=01;35:*.nuv=01;35:*.wmv=01;35:*.asf=01;35:*.rm=01;35:*.rmvb=01;35:*.flc=01;35:*.avi=01;35:*.fli=01;35:*.flv=01;35:*.gl=01;35:*.dl=01;35:*.xcf=01;35:*.xwd=01;35:*.yuv=01;35:*.cgm=01;35:*.emf=01;35:*.ogv=01;35:*.ogx=01;35:*.cfg=00;32:*.conf=00;32:*.diff=00;32:*.doc=00;32:*.ini=00;32:*.log=00;32:*.patch=00;32:*.pdf=00;32:*.ps=00;32:*.tex=00;32:*.txt=00;32:*.aac=00;36:*.au=00;36:*.flac=00;36:*.m4a=00;36:*.mid=00;36:*.midi=00;36:*.mka=00;36:*.mp3=00;36:*.mpc=00;36:*.ogg=00;36:*.ra=00;36:*.wav=00;36:*.oga=00;36:*.opus=00;36:*.spx=00;36:*.xspf=00;36:' XDG_CURRENT_DESKTOP=GNOME INFOPATH=/usr/share/info:/usr/share/gcc-data/x86_64-pc-linux-gnu/10.2.0/info:/usr/share/binutils-data/x86_64-pc-linux-gnu/2.45/info:/usr/share/automake-1.16.5/info JAVAC=/etc/java-config-2/current-system-vm/bin/javac TERM=xterm-256color LESSOPEN='|lesspipe %s' USER=jpmurphy CROS_WORKON_SRCROOT=/mnt/host/source MANPAGER=manpager DISPLAY=:1 SHLVL=1 LC_MESSAGES=C EXTERNAL_TRUNK_PATH=/mnt/8f9d649a-3721-44cc-93c0-e6bd21a9689f/chromiumos GCC_SPECS='' PATH=/mnt/host/source/chromite/bin:/usr/local/bin:/usr/bin:/bin:/opt/bin:/mnt/host/source/chromite/sdk/bin:/mnt/host/source/chromite/bin PORTAGE_USERNAME=jpmurphy SUDO_UID=0 GCC_VER=10.2.0 MAIL=/var/mail/jpmurphy OLDPWD=/mnt/host/source/src/scripts traceparent=00-e87aca51550a78635907baa6a2476181-6d684811675d2973-01 _=./zephyr/firmware_builder.py COREBOOT_SDK_ROOT_x86=/home/jpmurphy/.cache/coreboot-sdk/i386-elf/dfbb0486385d938cfa9d73080b9d18d598ed4f49 COREBOOT_SDK_ROOT_picolibc_x86=/home/jpmurphy/.cache/coreboot-sdk/picolibc-i386-elf/eb8e8e687b95461de8cbf278f1c2076952d0ad17 COREBOOT_SDK_ROOT_riscv64=/home/jpmurphy/.cache/coreboot-sdk/riscv64-elf/96b949749225b6aaa92ed810ab769e8dfb12f000 COREBOOT_SDK_ROOT_picolibc_arm=/home/jpmurphy/.cache/coreboot-sdk/picolibc-arm-eabi/422a2aa3e1ef891b5bece9a3deb696ff83840d2e COREBOOT_SDK_ROOT_nds32=/home/jpmurphy/.cache/coreboot-sdk/nds32le-elf/d1a518c4a097666d86058e1444f85ca015d15511 COREBOOT_SDK_ROOT_picolibc_riscv64=/home/jpmurphy/.cache/coreboot-sdk/picolibc-riscv64-elf/f571e990ef0278564b31124f8bb109d9a697eb69 COREBOOT_SDK_ROOT_arm=/home/jpmurphy/.cache/coreboot-sdk/arm-eabi/ea40ddd1d190c3b48435c474c0b545719371813a COREBOOT_SDK_ROOT_libstdcxx_riscv64=/home/jpmurphy/.cache/coreboot-sdk/libstdcxx-riscv64-elf/17abf22a3a252e2d5d2062ced5324f7a623689e0 COREBOOT_SDK_ROOT_libstdcxx_arm=/home/jpmurphy/.cache/coreboot-sdk/libstdcxx-arm-eabi/5d7d82e150e44aa1968f1d366e267e6687b328ac COREBOOT_SDK_ROOT_riscv=/home/jpmurphy/.cache/coreboot-sdk/riscv-elf/9a27b9e82341c6e9126624f516ab3f261abb3e73 COREBOOT_SDK_ROOT_libstdcxx_x86=/home/jpmurphy/.cache/coreboot-sdk/libstdcxx-i386-elf/42ef9d2e87a76a37963175d7d428734e65648b87 PYTHONPATH=/mnt/host/source/src/platform/ec/zephyr/zmake PW_PIGWEED_CIPD_INSTALL_DIR=/usr CROSTC_USER_ACKNOWLEDGES_THAT_RISCV_IS_EXPERIMENTAL=1 MAKEFLAGS=' -j16 --jobserver-auth=5,6' /usr/bin/ninja -C /mnt/host/source/src/platform/ec/build/zephyr/felino4es/build-ro all.libraries`
[adlrvp_mchp:ro] Building: /usr/bin/ninja -C /mnt/host/source/src/platform/ec/build/zephyr/adlrvp_mchp/build-ro all.libraries
Running `env -i SHELL=/bin/bash COLORTERM=truecolor DEPOT_TOOLS_UPDATE=0 LESS='-R -M --shift 5' SUDO_GID=0 JDK_HOME=/etc/java-config-2/current-system-vm CONFIG_PROTECT_MASK='/etc/gentoo-release /etc/sandbox.d /etc/fonts/fonts.conf /etc/terminfo /etc/ca-certificates.conf /etc/revdep-rebuild' CHROMEOS_CACHEDIR=/var/cache/chromeos-cache JAVA_HOME=/etc/java-config-2/current-system-vm SSH_AUTH_SOCK=/tmp/ssh-auth-sock SUDO_COMMAND=/bin/bash SUDO_USER=root SUDO_TTY=/dev/pts/2 EDITOR=/usr/bin/vi PWD=/mnt/host/source/src/platform/ec CONFIG_PROTECT=/usr/share/gnupg/qualified.txt LOGNAME=jpmurphy MANPATH=/etc/java-config-2/current-system-vm/man:/usr/local/share/man:/usr/share/man:/usr/share/gcc-data/x86_64-pc-linux-gnu/10.2.0/man:/usr/share/binutils-data/x86_64-pc-linux-gnu/2.45/man:/etc/java-config-2/current-system-vm/man/ SUDO_HOME=/root XAUTHORITY=/run/user/944457/gdm/Xauthority HOME=/home/jpmurphy LANG=C.UTF-8 LS_COLORS='rs=0:di=01;34:ln=01;36:mh=00:pi=40;33:so=01;35:do=01;35:bd=40;33;01:cd=40;33;01:or=01;05;37;41:mi=01;05;37;41:su=37;41:sg=30;43:ca=30;41:tw=30;42:ow=34;42:st=37;44:ex=01;32:*.tar=01;31:*.tgz=01;31:*.arc=01;31:*.arj=01;31:*.taz=01;31:*.lha=01;31:*.lz4=01;31:*.lzh=01;31:*.lzma=01;31:*.tlz=01;31:*.txz=01;31:*.tzo=01;31:*.t7z=01;31:*.zip=01;31:*.z=01;31:*.dz=01;31:*.gz=01;31:*.lrz=01;31:*.lz=01;31:*.lzo=01;31:*.xz=01;31:*.zst=01;31:*.tzst=01;31:*.bz2=01;31:*.bz=01;31:*.tbz=01;31:*.tbz2=01;31:*.tz=01;31:*.deb=01;31:*.rpm=01;31:*.jar=01;31:*.war=01;31:*.ear=01;31:*.sar=01;31:*.rar=01;31:*.alz=01;31:*.ace=01;31:*.zoo=01;31:*.cpio=01;31:*.7z=01;31:*.rz=01;31:*.cab=01;31:*.wim=01;31:*.swm=01;31:*.dwm=01;31:*.esd=01;31:*.jpg=01;35:*.jpeg=01;35:*.mjpg=01;35:*.mjpeg=01;35:*.gif=01;35:*.bmp=01;35:*.pbm=01;35:*.pgm=01;35:*.ppm=01;35:*.tga=01;35:*.xbm=01;35:*.xpm=01;35:*.tif=01;35:*.tiff=01;35:*.png=01;35:*.svg=01;35:*.svgz=01;35:*.mng=01;35:*.pcx=01;35:*.mov=01;35:*.mpg=01;35:*.mpeg=01;35:*.m2v=01;35:*.mkv=01;35:*.webm=01;35:*.webp=01;35:*.ogm=01;35:*.mp4=01;35:*.m4v=01;35:*.mp4v=01;35:*.vob=01;35:*.qt=01;35:*.nuv=01;35:*.wmv=01;35:*.asf=01;35:*.rm=01;35:*.rmvb=01;35:*.flc=01;35:*.avi=01;35:*.fli=01;35:*.flv=01;35:*.gl=01;35:*.dl=01;35:*.xcf=01;35:*.xwd=01;35:*.yuv=01;35:*.cgm=01;35:*.emf=01;35:*.ogv=01;35:*.ogx=01;35:*.cfg=00;32:*.conf=00;32:*.diff=00;32:*.doc=00;32:*.ini=00;32:*.log=00;32:*.patch=00;32:*.pdf=00;32:*.ps=00;32:*.tex=00;32:*.txt=00;32:*.aac=00;36:*.au=00;36:*.flac=00;36:*.m4a=00;36:*.mid=00;36:*.midi=00;36:*.mka=00;36:*.mp3=00;36:*.mpc=00;36:*.ogg=00;36:*.ra=00;36:*.wav=00;36:*.oga=00;36:*.opus=00;36:*.spx=00;36:*.xspf=00;36:' XDG_CURRENT_DESKTOP=GNOME INFOPATH=/usr/share/info:/usr/share/gcc-data/x86_64-pc-linux-gnu/10.2.0/info:/usr/share/binutils-data/x86_64-pc-linux-gnu/2.45/info:/usr/share/automake-1.16.5/info JAVAC=/etc/java-config-2/current-system-vm/bin/javac TERM=xterm-256color LESSOPEN='|lesspipe %s' USER=jpmurphy CROS_WORKON_SRCROOT=/mnt/host/source MANPAGER=manpager DISPLAY=:1 SHLVL=1 LC_MESSAGES=C EXTERNAL_TRUNK_PATH=/mnt/8f9d649a-3721-44cc-93c0-e6bd21a9689f/chromiumos GCC_SPECS='' PATH=/mnt/host/source/chromite/bin:/usr/local/bin:/usr/bin:/bin:/opt/bin:/mnt/host/source/chromite/sdk/bin:/mnt/host/source/chromite/bin PORTAGE_USERNAME=jpmurphy SUDO_UID=0 GCC_VER=10.2.0 MAIL=/var/mail/jpmurphy OLDPWD=/mnt/host/source/src/scripts traceparent=00-e87aca51550a78635907baa6a2476181-6d684811675d2973-01 _=./zephyr/firmware_builder.py COREBOOT_SDK_ROOT_x86=/home/jpmurphy/.cache/coreboot-sdk/i386-elf/dfbb0486385d938cfa9d73080b9d18d598ed4f49 COREBOOT_SDK_ROOT_picolibc_x86=/home/jpmurphy/.cache/coreboot-sdk/picolibc-i386-elf/eb8e8e687b95461de8cbf278f1c2076952d0ad17 COREBOOT_SDK_ROOT_riscv64=/home/jpmurphy/.cache/coreboot-sdk/riscv64-elf/96b949749225b6aaa92ed810ab769e8dfb12f000 COREBOOT_SDK_ROOT_picolibc_arm=/home/jpmurphy/.cache/coreboot-sdk/picolibc-arm-eabi/422a2aa3e1ef891b5bece9a3deb696ff83840d2e COREBOOT_SDK_ROOT_nds32=/home/jpmurphy/.cache/coreboot-sdk/nds32le-elf/d1a518c4a097666d86058e1444f85ca015d15511 COREBOOT_SDK_ROOT_picolibc_riscv64=/home/jpmurphy/.cache/coreboot-sdk/picolibc-riscv64-elf/f571e990ef0278564b31124f8bb109d9a697eb69 COREBOOT_SDK_ROOT_arm=/home/jpmurphy/.cache/coreboot-sdk/arm-eabi/ea40ddd1d190c3b48435c474c0b545719371813a COREBOOT_SDK_ROOT_libstdcxx_riscv64=/home/jpmurphy/.cache/coreboot-sdk/libstdcxx-riscv64-elf/17abf22a3a252e2d5d2062ced5324f7a623689e0 COREBOOT_SDK_ROOT_libstdcxx_arm=/home/jpmurphy/.cache/coreboot-sdk/libstdcxx-arm-eabi/5d7d82e150e44aa1968f1d366e267e6687b328ac COREBOOT_SDK_ROOT_riscv=/home/jpmurphy/.cache/coreboot-sdk/riscv-elf/9a27b9e82341c6e9126624f516ab3f261abb3e73 COREBOOT_SDK_ROOT_libstdcxx_x86=/home/jpmurphy/.cache/coreboot-sdk/libstdcxx-i386-elf/42ef9d2e87a76a37963175d7d428734e65648b87 PYTHONPATH=/mnt/host/source/src/platform/ec/zephyr/zmake PW_PIGWEED_CIPD_INSTALL_DIR=/usr CROSTC_USER_ACKNOWLEDGES_THAT_RISCV_IS_EXPERIMENTAL=1 MAKEFLAGS=' -j16 --jobserver-auth=5,6' /usr/bin/ninja -C /mnt/host/source/src/platform/ec/build/zephyr/adlrvp_mchp/build-ro all.libraries`
[npcx_monitor:singleimage] -- git describe warned: warning: tag 'upstream/v2.7.99' is externally known as 'v2.7.99'
[npcx_monitor:singleimage] -- Zephyr version: 4.3.99 (/mnt/host/source/src/third_party/zephyr/main)
[felino4es:ro] ninja: Entering directory `/mnt/host/source/src/platform/ec/build/zephyr/felino4es/build-ro'
[adlrvp_mchp:ro] ninja: Entering directory `/mnt/host/source/src/platform/ec/build/zephyr/adlrvp_mchp/build-ro'
[npcx_monitor:singleimage] [5/158] Generating misc/generated/syscalls.json, misc/generated/struct_tags.json
[screebo:ro] [6/419] Generating include/generated/zephyr/syscall_dispatch.c, include/generated/zephyr/syscall_exports_llext.c, syscall_weakdefs_llext.c, include/generated/zephyr/syscall_list.h
[screebo:rw] [6/419] Generating include/generated/zephyr/syscall_dispatch.c, include/generated/zephyr/syscall_exports_llext.c, syscall_weakdefs_llext.c, include/generated/zephyr/syscall_list.h
[ocelotrvp-npcx:rw] -- Found Dtc: /usr/bin/dtc (found suitable version "1.6.0", minimum required is "1.4.6")
[ocelotrvp-npcx:rw] -- Found BOARD.dts: /mnt/host/source/src/platform/ec/zephyr/boards/google/npcx9/npcx9_npcx9m7f.dts
[ocelotrvp-npcx:rw] -- Found devicetree overlay: /mnt/host/source/src/platform/ec/zephyr/program/ocelot/ocelotrvp-npcx/project.overlay
[adlrvp_mchp:rw] -- git describe warned: warning: tag 'upstream/v2.7.99' is externally known as 'v2.7.99'
[adlrvp_mchp:rw] -- Zephyr version: 4.3.99 (/mnt/host/source/src/third_party/zephyr/main)
[adlrvp_mchp:rw] [5/346] Generating misc/generated/syscalls.json, misc/generated/struct_tags.json
[felino4es:ro] [1/371] Preparing syscall dependency handling
[npcx_monitor:singleimage] [6/158] Generating include/generated/zephyr/syscall_dispatch.c, include/generated/zephyr/syscall_exports_llext.c, syscall_weakdefs_llext.c, include/generated/zephyr/syscall_list.h
[felino4es:ro] [2/371] Generating misc/generated/syscalls_subdirs.trigger
[ocelotrvp-npcx:ro] -- Found Dtc: /usr/bin/dtc (found suitable version "1.6.0", minimum required is "1.4.6")
[ocelotrvp-npcx:ro] -- Found BOARD.dts: /mnt/host/source/src/platform/ec/zephyr/boards/google/npcx9/npcx9_npcx9m7f.dts
[ocelotrvp-npcx:ro] -- Found devicetree overlay: /mnt/host/source/src/platform/ec/zephyr/program/ocelot/ocelotrvp-npcx/project.overlay
[adlrvp_mchp:rw] [6/346] Generating include/generated/zephyr/syscall_dispatch.c, include/generated/zephyr/syscall_exports_llext.c, syscall_weakdefs_llext.c, include/generated/zephyr/syscall_list.h
[lotso:rw] -- Found Dtc: /usr/bin/dtc (found suitable version "1.6.0", minimum required is "1.4.6")
[lotso:rw] -- Found BOARD.dts: /mnt/host/source/src/platform/ec/zephyr/boards/google/it8xxx2/it8xxx2_it82002aw.dts
[lotso:rw] -- Found devicetree overlay: /mnt/host/source/src/platform/ec/zephyr/program/brox/lotso/project.overlay
[lotso:ro] -- Found Dtc: /usr/bin/dtc (found suitable version "1.6.0", minimum required is "1.4.6")
[lotso:ro] -- Found BOARD.dts: /mnt/host/source/src/platform/ec/zephyr/boards/google/it8xxx2/it8xxx2_it82002aw.dts
[skitty:ro] -- Board: it8xxx2, qualifiers: it81202bx
[screebo:rw] [7/419] Generating include/generated/zephyr/driver-validation.h
[screebo:ro] [7/419] Generating include/generated/zephyr/driver-validation.h
[adlrvp_mchp:rw] [7/346] Generating include/generated/zephyr/driver-validation.h
[npcx_monitor:singleimage] [7/158] Generating include/generated/zephyr/driver-validation.h
[adlrvp_mchp:rw] [8/346] Generating include/generated/zephyr/kobj-types-enum.h, include/generated/zephyr/otype-to-str.h, include/generated/zephyr/otype-to-size.h
[adlrvp_mchp:rw] [9/346] Generating include/generated/device-api-sections.ld, include/generated/device-api-sections.cmake
[adlrvp_mchp:ro] [1/346] Generating include/generated/zephyr/version.h
[adlrvp_mchp:ro] -- git describe warned: warning: tag 'upstream/v2.7.99' is externally known as 'v2.7.99'
[adlrvp_mchp:ro] -- Zephyr version: 4.3.99 (/mnt/host/source/src/third_party/zephyr/main)
[adlrvp_mchp:ro] [2/346] Preparing syscall dependency handling
[adlrvp_mchp:rw] [10/346] Building C object zephyr/CMakeFiles/offsets.dir/arch/arm/core/offsets/offsets.c.obj
[screebo:rw] [8/419] Generating include/generated/zephyr/kobj-types-enum.h, include/generated/zephyr/otype-to-str.h, include/generated/zephyr/otype-to-size.h
[screebo:ro] [8/419] Generating include/generated/zephyr/kobj-types-enum.h, include/generated/zephyr/otype-to-str.h, include/generated/zephyr/otype-to-size.h
[npcx_monitor:singleimage] [8/158] Generating include/generated/zephyr/kobj-types-enum.h, include/generated/zephyr/otype-to-str.h, include/generated/zephyr/otype-to-size.h
[felino4es:rw] [1/371] Generating include/generated/zephyr/version.h
[screebo:ro] [9/419] Generating include/generated/device-api-sections.ld, include/generated/device-api-sections.cmake
[felino4es:rw] -- git describe warned: warning: tag 'upstream/v2.7.99' is externally known as 'v2.7.99'
[felino4es:rw] -- Zephyr version: 4.3.99 (/mnt/host/source/src/third_party/zephyr/main)
[felino4es:rw] [2/371] Preparing syscall dependency handling
[npcx_monitor:singleimage] [9/158] Generating include/generated/device-api-sections.ld, include/generated/device-api-sections.cmake
[adlrvp_mchp:ro] [3/346] Generating misc/generated/syscalls_subdirs.trigger
[screebo:rw] [9/419] Generating include/generated/device-api-sections.ld, include/generated/device-api-sections.cmake
[npcx_monitor:singleimage] [10/158] Building C object zephyr/CMakeFiles/offsets.dir/arch/arm/core/offsets/offsets.c.obj
[screebo:rw] [10/419] Building C object zephyr/CMakeFiles/offsets.dir/arch/arm/core/offsets/offsets.c.obj
[felino4es:ro] [3/371] Generating include/generated/zephyr/version.h
[felino4es:rw] [3/371] Generating misc/generated/syscalls_subdirs.trigger
[adlrvp_mchp:rw] [11/346] Generating include/generated/zephyr/offsets.h
[adlrvp_mchp:rw] [12/346] Building C object CMakeFiles/app.dir/mnt/host/source/src/platform/ec/zephyr/subsys/ap_pwrseq/ap_events.c.obj
[adlrvp_mchp:rw] [13/346] Building C object CMakeFiles/app.dir/mnt/host/source/src/platform/ec/build/zephyr/adlrvp_mchp/modules/ec/builtin/stdlib.c.obj
[adlrvp_mchp:rw] [14/346] Building C object CMakeFiles/app.dir/mnt/host/source/src/platform/ec/build/zephyr/adlrvp_mchp/modules/ec/common/base32.c.obj
[screebo:rw] [11/419] Generating include/generated/zephyr/offsets.h
[adlrvp_mchp:rw] [15/346] Building C object CMakeFiles/app.dir/mnt/host/source/src/platform/ec/build/zephyr/adlrvp_mchp/modules/ec/common/console_output.c.obj
[felino4es:ro] -- git describe warned: warning: tag 'upstream/v2.7.99' is externally known as 'v2.7.99'
[screebo:rw] [12/419] Building C object CMakeFiles/app.dir/mnt/host/source/src/platform/ec/zephyr/subsys/ap_pwrseq/ap_events.c.obj
[felino4es:ro] -- Zephyr version: 4.3.99 (/mnt/host/source/src/third_party/zephyr/main)
[felino4es:ro] [4/371] cd /mnt/host/source/src/platform/ec/build/zephyr/felino4es/build-ro/modules/ec/zephyr && PYTHONPATH=/mnt/host/source/src/platform/ec/build/zephyr/felino4es/modules/ec/zephyr/zmake/ /usr/bin/python3.11 /mnt/host/source/src/platform/ec/build/zephyr/felino4es/modules/ec/zephyr/zmake/zephyr_build_tools/generate_ec_version.py /mnt/host/source/src/platform/ec/build/zephyr/felino4es/build-ro/modules/ec/zephyr/include/ec_version.h --name Zephyr-Kernel --version 16543.0.0 --static
[felino4es:ro] INFO:root:Using a static version string
[adlrvp_mchp:rw] [16/346] Building C object CMakeFiles/app.dir/mnt/host/source/src/platform/ec/build/zephyr/adlrvp_mchp/modules/ec/common/ec_features.c.obj
[screebo:rw] [13/419] Building C object CMakeFiles/app.dir/mnt/host/source/src/platform/ec/zephyr/subsys/ap_pwrseq/ap_power_interface.c.obj
[screebo:rw] [14/419] Building C object CMakeFiles/app.dir/mnt/host/source/src/platform/ec/zephyr/subsys/ap_pwrseq/power_signals.c.obj
[adlrvp_mchp:rw] [17/346] Building C object CMakeFiles/app.dir/mnt/host/source/src/platform/ec/build/zephyr/adlrvp_mchp/modules/ec/common/gpio_commands.c.obj
[screebo:rw] [15/419] Building C object CMakeFiles/app.dir/mnt/host/source/src/platform/ec/zephyr/subsys/ap_pwrseq/signal_gpio.c.obj
[adlrvp_mchp:rw] [18/346] Building C object CMakeFiles/app.dir/mnt/host/source/src/platform/ec/build/zephyr/adlrvp_mchp/modules/ec/common/peripheral.c.obj
[npcx_monitor:singleimage] [11/158] Generating include/generated/zephyr/offsets.h
[npcx_monitor:singleimage] [12/158] Building C object CMakeFiles/app.dir/mnt/host/source/src/platform/ec/zephyr/subsys/ap_pwrseq/ap_events.c.obj
[adlrvp_mchp:rw] [19/346] Building C object CMakeFiles/app.dir/mnt/host/source/src/platform/ec/build/zephyr/adlrvp_mchp/modules/ec/common/printf.c.obj
[screebo:rw] [16/419] Building C object CMakeFiles/app.dir/mnt/host/source/src/platform/ec/zephyr/subsys/ap_pwrseq/signal_vw.c.obj
[felino4es:ro] INFO:root:Version string: Zephyr-Kernel-16543.0.0
[felino4es:ro] INFO:root:Writing header to /mnt/host/source/src/platform/ec/build/zephyr/felino4es/build-ro/modules/ec/zephyr/include/ec_version.h
[felino4es:ro] [5/371] Generating misc/generated/syscalls.json, misc/generated/struct_tags.json
[adlrvp_mchp:rw] [20/346] Building C object CMakeFiles/app.dir/mnt/host/source/src/platform/ec/build/zephyr/adlrvp_mchp/modules/ec/common/queue.c.obj
[screebo:rw] [17/419] Building C object CMakeFiles/app.dir/mnt/host/source/src/platform/ec/zephyr/subsys/ap_pwrseq/x86_non_dsx_common_pwrseq_sm_handler.c.obj
[screebo:rw] [18/419] Building C object CMakeFiles/app.dir/mnt/host/source/src/platform/ec/zephyr/subsys/ap_pwrseq/power_host_sleep.c.obj
[adlrvp_mchp:rw] [21/346] Building C object CMakeFiles/app.dir/mnt/host/source/src/platform/ec/build/zephyr/adlrvp_mchp/modules/ec/common/system.c.obj
[screebo:rw] [19/419] Building C object CMakeFiles/app.dir/mnt/host/source/src/platform/ec/zephyr/subsys/ap_pwrseq/x86_non_dsx_chipset_power_state.c.obj
[screebo:rw] [20/419] Building C object CMakeFiles/app.dir/mnt/host/source/src/platform/ec/zephyr/subsys/ap_pwrseq/x86_non_dsx_common_pwrseq_host_sleep.c.obj
[adlrvp_mchp:rw] [22/346] Building C object CMakeFiles/app.dir/mnt/host/source/src/platform/ec/build/zephyr/adlrvp_mchp/modules/ec/common/system_boot_time.c.obj
[npcx_monitor:singleimage] [13/158] Linking C static library app/libapp.a
[adlrvp_mchp:rw] [23/346] Building C object CMakeFiles/app.dir/mnt/host/source/src/platform/ec/build/zephyr/adlrvp_mchp/modules/ec/common/uart_printf.c.obj
[screebo:rw] [21/419] Building C object CMakeFiles/app.dir/mnt/host/source/src/platform/ec/zephyr/subsys/ap_pwrseq/x86_non_dsx_common_pwrseq_console.c.obj
[screebo:rw] [22/419] Building C object CMakeFiles/app.dir/mnt/host/source/src/platform/ec/zephyr/subsys/ap_pwrseq/x86_non_dsx_common_pwrseq_host_command.c.obj
[adlrvp_mchp:rw] [24/346] Building C object CMakeFiles/app.dir/mnt/host/source/src/platform/ec/build/zephyr/adlrvp_mchp/modules/ec/common/util.c.obj
[npcx_monitor:singleimage] [14/158] Building C object zephyr/CMakeFiles/zephyr.dir/lib/libc/validate_libc.c.obj
[adlrvp_mchp:rw] [25/346] Building C object CMakeFiles/app.dir/mnt/host/source/src/platform/ec/build/zephyr/adlrvp_mchp/modules/ec/common/version.c.obj
[screebo:rw] [23/419] Building C object CMakeFiles/app.dir/mnt/host/source/src/platform/ec/zephyr/subsys/ap_pwrseq/x86_non_dsx_mtl_pwrseq_sm.c.obj
[npcx_monitor:singleimage] [15/158] Building C object zephyr/CMakeFiles/zephyr.dir/lib/heap/heap.c.obj
[screebo:rw] [24/419] Building C object CMakeFiles/app.dir/mnt/host/source/src/platform/ec/zephyr/subsys/ap_pwrseq/ap_reset_log.c.obj
[screebo:rw] [25/419] Building C object CMakeFiles/app.dir/mnt/host/source/src/platform/ec/build/zephyr/screebo/modules/ec/builtin/stdlib.c.obj
[screebo:rw] [26/419] Building C object CMakeFiles/app.dir/mnt/host/source/src/platform/ec/build/zephyr/screebo/modules/ec/common/base32.c.obj
[npcx_monitor:singleimage] [16/158] Building C object zephyr/CMakeFiles/zephyr.dir/lib/os/cbprintf_packaged.c.obj
[adlrvp_mchp:rw] [26/346] Building C object CMakeFiles/app.dir/mnt/host/source/src/platform/ec/build/zephyr/adlrvp_mchp/modules/ec/common/power_button_x86.c.obj
[screebo:rw] [27/419] Building C object CMakeFiles/app.dir/mnt/host/source/src/platform/ec/build/zephyr/screebo/modules/ec/common/ec_features.c.obj
[adlrvp_mchp:rw] [27/346] Building C object CMakeFiles/app.dir/mnt/host/source/src/platform/ec/build/zephyr/adlrvp_mchp/modules/ec/common/adc.c.obj
[npcx_monitor:singleimage] [17/158] Building C object zephyr/CMakeFiles/zephyr.dir/lib/os/clock.c.obj
[screebo:rw] [28/419] Building C object CMakeFiles/app.dir/mnt/host/source/src/platform/ec/build/zephyr/screebo/modules/ec/common/console_output.c.obj
[screebo:rw] [29/419] Building C object CMakeFiles/app.dir/mnt/host/source/src/platform/ec/build/zephyr/screebo/modules/ec/common/gpio_commands.c.obj
[screebo:rw] [30/419] Building C object CMakeFiles/app.dir/mnt/host/source/src/platform/ec/build/zephyr/screebo/modules/ec/common/peripheral.c.obj
[npcx_monitor:singleimage] [18/158] Building C object zephyr/CMakeFiles/zephyr.dir/lib/os/printk.c.obj
[adlrvp_mchp:rw] [28/346] Building C object CMakeFiles/app.dir/mnt/host/source/src/platform/ec/build/zephyr/adlrvp_mchp/modules/ec/common/acpi.c.obj
[felino4es:ro] [6/371] Generating include/generated/zephyr/syscall_dispatch.c, include/generated/zephyr/syscall_exports_llext.c, syscall_weakdefs_llext.c, include/generated/zephyr/syscall_list.h
[screebo:rw] [31/419] Building C object CMakeFiles/app.dir/mnt/host/source/src/platform/ec/build/zephyr/screebo/modules/ec/common/printf.c.obj
[screebo:rw] [32/419] Building C object CMakeFiles/app.dir/mnt/host/source/src/platform/ec/build/zephyr/screebo/modules/ec/common/queue.c.obj
[adlrvp_mchp:rw] [29/346] Building C object CMakeFiles/app.dir/mnt/host/source/src/platform/ec/build/zephyr/adlrvp_mchp/modules/ec/common/battery.c.obj
[screebo:rw] [33/419] Building C object CMakeFiles/app.dir/mnt/host/source/src/platform/ec/build/zephyr/screebo/modules/ec/common/system.c.obj
[npcx_monitor:singleimage] [19/158] Building C object zephyr/CMakeFiles/zephyr.dir/lib/os/sem.c.obj
[screebo:rw] [34/419] Building C object CMakeFiles/app.dir/mnt/host/source/src/platform/ec/build/zephyr/screebo/modules/ec/common/system_boot_time.c.obj
[screebo:rw] [35/419] Building C object CMakeFiles/app.dir/mnt/host/source/src/platform/ec/build/zephyr/screebo/modules/ec/common/uart_printf.c.obj
[adlrvp_mchp:rw] [30/346] Building C object CMakeFiles/app.dir/mnt/host/source/src/platform/ec/build/zephyr/adlrvp_mchp/modules/ec/common/battery_info.c.obj
[npcx_monitor:singleimage] [20/158] Building C object zephyr/CMakeFiles/zephyr.dir/lib/os/thread_entry.c.obj
[screebo:rw] [36/419] Building C object CMakeFiles/app.dir/mnt/host/source/src/platform/ec/build/zephyr/screebo/modules/ec/common/util.c.obj
[npcx_monitor:singleimage] [21/158] Building C object zephyr/CMakeFiles/zephyr.dir/lib/os/cbprintf_complete.c.obj
[adlrvp_mchp:rw] [31/346] Building C object CMakeFiles/app.dir/mnt/host/source/src/platform/ec/build/zephyr/adlrvp_mchp/modules/ec/common/battery_fuel_gauge.c.obj
[screebo:rw] [37/419] Building C object CMakeFiles/app.dir/mnt/host/source/src/platform/ec/build/zephyr/screebo/modules/ec/common/version.c.obj
[screebo:rw] [38/419] Building C object CMakeFiles/app.dir/mnt/host/source/src/platform/ec/build/zephyr/screebo/modules/ec/common/power_button_x86.c.obj
[screebo:rw] [39/419] Building C object CMakeFiles/app.dir/mnt/host/source/src/platform/ec/build/zephyr/screebo/modules/ec/common/adc.c.obj
[npcx_monitor:singleimage] [22/158] Building C object zephyr/CMakeFiles/zephyr.dir/lib/os/cbprintf.c.obj
[adlrvp_mchp:rw] [32/346] Building C object CMakeFiles/app.dir/mnt/host/source/src/platform/ec/build/zephyr/adlrvp_mchp/modules/ec/driver/battery/smart.c.obj
[screebo:rw] [40/419] Building C object CMakeFiles/app.dir/mnt/host/source/src/platform/ec/build/zephyr/screebo/modules/ec/common/acpi.c.obj
[npcx_monitor:singleimage] [23/158] Building C object zephyr/CMakeFiles/zephyr.dir/lib/os/assert.c.obj
[screebo:rw] [41/419] Building C object CMakeFiles/app.dir/mnt/host/source/src/platform/ec/build/zephyr/screebo/modules/ec/common/backlight_lid.c.obj
[adlrvp_mchp:rw] [33/346] Building C object CMakeFiles/app.dir/mnt/host/source/src/platform/ec/build/zephyr/adlrvp_mchp/modules/ec/driver/charger/isl9241.c.obj
[screebo:rw] [42/419] Building C object CMakeFiles/app.dir/mnt/host/source/src/platform/ec/build/zephyr/screebo/modules/ec/common/battery.c.obj
[screebo:rw] [43/419] Building C object CMakeFiles/app.dir/mnt/host/source/src/platform/ec/build/zephyr/screebo/modules/ec/common/battery_info.c.obj
[npcx_monitor:singleimage] [24/158] Building C object zephyr/CMakeFiles/zephyr.dir/lib/utils/dec.c.obj
[npcx_monitor:singleimage] [25/158] Building C object zephyr/CMakeFiles/zephyr.dir/lib/utils/hex.c.obj
[screebo:rw] [44/419] Building C object CMakeFiles/app.dir/mnt/host/source/src/platform/ec/build/zephyr/screebo/modules/ec/driver/battery/smart.c.obj
[screebo:rw] [45/419] Building C object CMakeFiles/app.dir/mnt/host/source/src/platform/ec/build/zephyr/screebo/modules/ec/common/battery_fuel_gauge.c.obj
[npcx_monitor:singleimage] [26/158] Building C object zephyr/CMakeFiles/zephyr.dir/lib/utils/rb.c.obj
[screebo:rw] [46/419] Building C object CMakeFiles/app.dir/mnt/host/source/src/platform/ec/build/zephyr/screebo/modules/ec/driver/charger/isl9241.c.obj
[screebo:rw] [47/419] Building C object CMakeFiles/app.dir/mnt/host/source/src/platform/ec/build/zephyr/screebo/modules/ec/driver/bc12/pi3usb9201.c.obj
[npcx_monitor:singleimage] [27/158] Building C object zephyr/CMakeFiles/zephyr.dir/lib/utils/timeutil.c.obj
[adlrvp_mchp:rw] [34/346] Building C object CMakeFiles/app.dir/mnt/host/source/src/platform/ec/build/zephyr/adlrvp_mchp/modules/ec/driver/charger/bq25710.c.obj
[screebo:rw] [48/419] Building C object CMakeFiles/app.dir/mnt/host/source/src/platform/ec/build/zephyr/screebo/modules/ec/common/charge_state.c.obj
[screebo:rw] [49/419] Building C object CMakeFiles/app.dir/mnt/host/source/src/platform/ec/build/zephyr/screebo/modules/ec/common/charger.c.obj
[npcx_monitor:singleimage] [28/158] Building C object zephyr/CMakeFiles/zephyr.dir/lib/utils/bitarray.c.obj
[adlrvp_mchp:rw] [35/346] Building C object CMakeFiles/app.dir/mnt/host/source/src/platform/ec/build/zephyr/adlrvp_mchp/modules/ec/common/charger.c.obj
[screebo:rw] [50/419] Building C object CMakeFiles/app.dir/mnt/host/source/src/platform/ec/build/zephyr/screebo/modules/ec/common/cbi_common.c.obj
[npcx_monitor:singleimage] [29/158] Building C object zephyr/CMakeFiles/zephyr.dir/lib/utils/bitmask.c.obj
[screebo:rw] [51/419] Building C object CMakeFiles/app.dir/mnt/host/source/src/platform/ec/build/zephyr/screebo/modules/ec/common/charge_manager.c.obj
[adlrvp_mchp:rw] [36/346] Building C object CMakeFiles/app.dir/mnt/host/source/src/platform/ec/build/zephyr/adlrvp_mchp/modules/ec/common/charge_state.c.obj
[npcx_monitor:singleimage] [30/158] Building C object zephyr/CMakeFiles/zephyr.dir/lib/utils/getopt/getopt.c.obj
[screebo:rw] [52/419] Building C object CMakeFiles/app.dir/mnt/host/source/src/platform/ec/build/zephyr/screebo/modules/ec/common/cbi.c.obj
[felino4es:ro] [7/371] Generating include/generated/zephyr/driver-validation.h
[screebo:rw] [53/419] Building C object CMakeFiles/app.dir/mnt/host/source/src/platform/ec/build/zephyr/screebo/modules/ec/common/cbi_config.c.obj
[skitty:rw] -- Found Dtc: /usr/bin/dtc (found suitable version "1.6.0", minimum required is "1.4.6")
[screebo:rw] [54/419] Building C object CMakeFiles/app.dir/mnt/host/source/src/platform/ec/build/zephyr/screebo/modules/ec/common/memory_commands.c.obj
[adlrvp_mchp:rw] [37/346] Building C object CMakeFiles/app.dir/mnt/host/source/src/platform/ec/build/zephyr/adlrvp_mchp/modules/ec/common/charge_manager.c.obj
[npcx_monitor:singleimage] [31/158] Building C object zephyr/CMakeFiles/zephyr.dir/lib/utils/getopt/getopt_common.c.obj
[skitty:rw] -- Found BOARD.dts: /mnt/host/source/src/platform/ec/zephyr/boards/google/it8xxx2/it8xxx2_it81202bx.dts
[skitty:rw] -- Found devicetree overlay: /mnt/host/source/src/platform/ec/zephyr/program/corsola/skitty/project.overlay
[screebo:rw] [55/419] Building C object CMakeFiles/app.dir/mnt/host/source/src/platform/ec/build/zephyr/screebo/modules/ec/common/dptf.c.obj
[ocicat-ish:singleimage] -- Performing EC specific devicetree checks
[npcx_monitor:singleimage] [32/158] Building C object zephyr/CMakeFiles/zephyr.dir/lib/utils/ring_buffer.c.obj
[screebo:rw] [56/419] Building C object CMakeFiles/app.dir/mnt/host/source/src/platform/ec/build/zephyr/screebo/modules/ec/common/ap_reset_log.c.obj
[npcx_monitor:singleimage] [33/158] Building C object zephyr/CMakeFiles/zephyr.dir/lib/utils/last_section_id.c.obj
[adlrvp_mchp:rw] [38/346] Building C object CMakeFiles/app.dir/mnt/host/source/src/platform/ec/build/zephyr/adlrvp_mchp/modules/ec/common/cbi_common.c.obj
[screebo:rw] [57/419] Building C object CMakeFiles/app.dir/mnt/host/source/src/platform/ec/build/zephyr/screebo/modules/ec/common/espi.c.obj
[npcx_monitor:singleimage] [34/158] Building C object zephyr/CMakeFiles/zephyr.dir/misc/generated/configs.c.obj
[screebo:rw] [58/419] Building C object CMakeFiles/app.dir/mnt/host/source/src/platform/ec/build/zephyr/screebo/modules/ec/common/extpower_gpio.c.obj
[adlrvp_mchp:rw] [39/346] Building C object CMakeFiles/app.dir/mnt/host/source/src/platform/ec/build/zephyr/adlrvp_mchp/modules/ec/common/cbi.c.obj
[npcx_monitor:singleimage] [35/158] Building C object zephyr/CMakeFiles/zephyr.dir/soc/nuvoton/npcx/common/scfg.c.obj
[screebo:rw] [59/419] Building C object CMakeFiles/app.dir/mnt/host/source/src/platform/ec/build/zephyr/screebo/modules/ec/common/extpower_common.c.obj
[screebo:rw] [60/419] Building C object CMakeFiles/app.dir/mnt/host/source/src/platform/ec/build/zephyr/screebo/modules/ec/common/fan.c.obj
[npcx_monitor:singleimage] [36/158] Building C object zephyr/CMakeFiles/zephyr.dir/soc/nuvoton/npcx/common/npcxn/registers.c.obj
[screebo:rw] [61/419] Building C object CMakeFiles/app.dir/mnt/host/source/src/platform/ec/build/zephyr/screebo/modules/ec/common/flash.c.obj
[screebo:rw] [62/419] Building C object CMakeFiles/app.dir/mnt/host/source/src/platform/ec/build/zephyr/screebo/modules/ec/common/host_command.c.obj
[screebo:rw] [63/419] Building C object CMakeFiles/app.dir/mnt/host/source/src/platform/ec/build/zephyr/screebo/modules/ec/common/host_command_task.c.obj
[adlrvp_mchp:rw] [40/346] Building C object CMakeFiles/app.dir/mnt/host/source/src/platform/ec/build/zephyr/adlrvp_mchp/modules/ec/common/cbi_config.c.obj
[npcx_monitor:singleimage] [37/158] Building C object zephyr/CMakeFiles/zephyr.dir/soc/nuvoton/npcx/npcx9/soc.c.obj
[adlrvp_mchp:ro] [4/346] Generating misc/generated/syscalls.json, misc/generated/struct_tags.json
[screebo:rw] [64/419] Building C object CMakeFiles/app.dir/mnt/host/source/src/platform/ec/build/zephyr/screebo/modules/ec/common/uart_hostcmd.c.obj
[adlrvp_mchp:rw] [41/346] Building C object CMakeFiles/app.dir/mnt/host/source/src/platform/ec/build/zephyr/adlrvp_mchp/modules/ec/common/cbi_gpio.c.obj
[npcx_monitor:singleimage] [38/158] Building C object zephyr/CMakeFiles/zephyr.dir/subsys/testsuite/coverage/coverage.c.obj
[screebo:rw] [65/419] Building C object CMakeFiles/app.dir/mnt/host/source/src/platform/ec/build/zephyr/screebo/modules/ec/common/host_event_commands.c.obj
[adlrvp_mchp:rw] [42/346] Building C object CMakeFiles/app.dir/mnt/host/source/src/platform/ec/build/zephyr/adlrvp_mchp/modules/ec/common/memory_commands.c.obj
[npcx_monitor:singleimage] [39/158] Building C object zephyr/CMakeFiles/zephyr.dir/subsys/tracing/tracing_none.c.obj
[adlrvp_mchp:rw] [43/346] Building C object CMakeFiles/app.dir/mnt/host/source/src/platform/ec/build/zephyr/adlrvp_mchp/modules/ec/common/chipset.c.obj
[screebo:ro] [10/419] Building C object zephyr/CMakeFiles/offsets.dir/arch/arm/core/offsets/offsets.c.obj
[screebo:rw] [66/419] Building C object CMakeFiles/app.dir/mnt/host/source/src/platform/ec/build/zephyr/screebo/modules/ec/common/uptime.c.obj
[adlrvp_mchp:rw] [44/346] Building C object CMakeFiles/app.dir/mnt/host/source/src/platform/ec/build/zephyr/adlrvp_mchp/modules/ec/common/ap_reset_log.c.obj
[screebo:rw] [67/419] Building C object CMakeFiles/app.dir/mnt/host/source/src/platform/ec/build/zephyr/screebo/modules/ec/common/i2c_controller.c.obj
[npcx_monitor:singleimage] [40/158] Building C object zephyr/CMakeFiles/zephyr.dir/drivers/flash/flash_util.c.obj
[adlrvp_mchp:rw] [45/346] Building C object CMakeFiles/app.dir/mnt/host/source/src/platform/ec/build/zephyr/adlrvp_mchp/modules/ec/common/espi.c.obj
[screebo:rw] [68/419] Building C object CMakeFiles/app.dir/mnt/host/source/src/platform/ec/build/zephyr/screebo/modules/ec/common/keyboard_scan.c.obj
[screebo:rw] [69/419] Building C object CMakeFiles/app.dir/mnt/host/source/src/platform/ec/build/zephyr/screebo/modules/ec/common/i2c_passthru.c.obj
[adlrvp_mchp:rw] [46/346] Building C object CMakeFiles/app.dir/mnt/host/source/src/platform/ec/build/zephyr/adlrvp_mchp/modules/ec/common/extpower_common.c.obj
[screebo:rw] [70/419] Building C object CMakeFiles/app.dir/mnt/host/source/src/platform/ec/build/zephyr/screebo/modules/ec/common/keyboard_8042_sharedlib.c.obj
[screebo:rw] [71/419] Building C object CMakeFiles/app.dir/mnt/host/source/src/platform/ec/build/zephyr/screebo/modules/ec/common/keyboard_8042.c.obj
[adlrvp_mchp:rw] [47/346] Building C object CMakeFiles/app.dir/mnt/host/source/src/platform/ec/build/zephyr/adlrvp_mchp/modules/ec/common/extpower_gpio.c.obj
[screebo:rw] [72/419] Building C object CMakeFiles/app.dir/mnt/host/source/src/platform/ec/build/zephyr/screebo/modules/ec/common/mkbp_fifo.c.obj
[screebo:rw] [73/419] Building C object CMakeFiles/app.dir/mnt/host/source/src/platform/ec/build/zephyr/screebo/modules/ec/common/mkbp_info.c.obj
[adlrvp_mchp:rw] [48/346] Building C object CMakeFiles/app.dir/mnt/host/source/src/platform/ec/build/zephyr/adlrvp_mchp/modules/ec/common/flash.c.obj
[npcx_monitor:singleimage] [41/158] Linking C static library zephyr/libzephyr.a
[screebo:rw] [74/419] Building C object CMakeFiles/app.dir/mnt/host/source/src/platform/ec/build/zephyr/screebo/modules/ec/common/mkbp_input_devices.c.obj
[ocicat-ish:singleimage] INFO: Verified 2 GPIOs, no duplicates found
[ocicat-ish:singleimage] INFO: Verified 1 '*-gpios' properties, all flags match.
[felino4es:ro] [8/371] Generating include/generated/zephyr/kobj-types-enum.h, include/generated/zephyr/otype-to-str.h, include/generated/zephyr/otype-to-size.h
[screebo:rw] [75/419] Building C object CMakeFiles/app.dir/mnt/host/source/src/platform/ec/build/zephyr/screebo/modules/ec/common/keyboard_backlight.c.obj
[screebo:rw] [76/419] Building C object CMakeFiles/app.dir/mnt/host/source/src/platform/ec/build/zephyr/screebo/modules/ec/common/led_common.c.obj
[npcx_monitor:singleimage] [42/158] Building C object zephyr/arch/common/CMakeFiles/arch__common.dir/sw_isr_common.c.obj
[screebo:rw] [77/419] Building C object CMakeFiles/app.dir/mnt/host/source/src/platform/ec/build/zephyr/screebo/modules/ec/common/lid_switch.c.obj
[npcx_monitor:singleimage] [43/158] Building C object zephyr/arch/common/CMakeFiles/arch__common.dir/init.c.obj
[adlrvp_mchp:rw] [49/346] Building C object CMakeFiles/app.dir/mnt/host/source/src/platform/ec/build/zephyr/adlrvp_mchp/modules/ec/common/host_command.c.obj
[felino4es:rw] [4/371] Generating misc/generated/syscalls.json, misc/generated/struct_tags.json
[screebo:rw] [78/419] Building C object CMakeFiles/app.dir/mnt/host/source/src/platform/ec/build/zephyr/screebo/modules/ec/common/mkbp_event.c.obj
[adlrvp_mchp:rw] [50/346] Building C object CMakeFiles/app.dir/mnt/host/source/src/platform/ec/build/zephyr/adlrvp_mchp/modules/ec/common/host_command_task.c.obj
[adlrvp_mchp:ro] [5/346] Generating include/generated/zephyr/syscall_dispatch.c, include/generated/zephyr/syscall_exports_llext.c, syscall_weakdefs_llext.c, include/generated/zephyr/syscall_list.h
[screebo:rw] [79/419] Building C object CMakeFiles/app.dir/mnt/host/source/src/platform/ec/build/zephyr/screebo/modules/ec/common/port80.c.obj
[npcx_monitor:singleimage] [44/158] Building C object zephyr/arch/common/CMakeFiles/arch__common.dir/xip.c.obj
[screebo:rw] [80/419] Building C object CMakeFiles/app.dir/mnt/host/source/src/platform/ec/build/zephyr/screebo/modules/ec/power/hibernate.c.obj
[screebo:rw] [81/419] Building C object CMakeFiles/app.dir/mnt/host/source/src/platform/ec/build/zephyr/screebo/modules/ec/common/power_button.c.obj
[screebo:ro] [11/419] Generating include/generated/zephyr/offsets.h
[adlrvp_mchp:rw] [51/346] Building C object CMakeFiles/app.dir/mnt/host/source/src/platform/ec/build/zephyr/adlrvp_mchp/modules/ec/common/host_event_commands.c.obj
[npcx_monitor:singleimage] [45/158] Building C object zephyr/arch/common/CMakeFiles/isr_tables.dir/isr_tables.c.obj
[felino4es:ro] [9/371] Generating include/generated/device-api-sections.ld, include/generated/device-api-sections.cmake
[screebo:rw] [82/419] Building C object CMakeFiles/app.dir/mnt/host/source/src/platform/ec/build/zephyr/screebo/modules/ec/common/panic_output.c.obj
[adlrvp_mchp:rw] [52/346] Building C object CMakeFiles/app.dir/mnt/host/source/src/platform/ec/build/zephyr/adlrvp_mchp/modules/ec/common/uart_hostcmd.c.obj
[screebo:rw] [83/419] Building C object CMakeFiles/app.dir/mnt/host/source/src/platform/ec/build/zephyr/screebo/modules/ec/common/shared_mem.c.obj
[screebo:rw] [84/419] Building C object CMakeFiles/app.dir/mnt/host/source/src/platform/ec/build/zephyr/screebo/modules/ec/common/switch.c.obj
[adlrvp_mchp:rw] [53/346] Building C object CMakeFiles/app.dir/mnt/host/source/src/platform/ec/build/zephyr/adlrvp_mchp/modules/ec/common/uptime.c.obj
[felino4es:ro] [10/371] Building C object zephyr/CMakeFiles/offsets.dir/arch/riscv/core/offsets/offsets.c.obj
[screebo:rw] [85/419] Building C object CMakeFiles/app.dir/mnt/host/source/src/platform/ec/build/zephyr/screebo/modules/ec/common/spi_flash_reg.c.obj
[screebo:rw] [86/419] Building C object CMakeFiles/app.dir/mnt/host/source/src/platform/ec/build/zephyr/screebo/modules/ec/common/temp_sensor.c.obj
[screebo:rw] [87/419] Building C object CMakeFiles/app.dir/mnt/host/source/src/platform/ec/build/zephyr/screebo/modules/ec/common/thermal.c.obj
[screebo:rw] [88/419] Building C object CMakeFiles/app.dir/mnt/host/source/src/platform/ec/build/zephyr/screebo/modules/ec/driver/temp_sensor/thermistor.c.obj
[npcx_monitor:singleimage] [46/158] Linking C static library zephyr/arch/common/libisr_tables.a
[adlrvp_mchp:rw] [54/346] Building C object CMakeFiles/app.dir/mnt/host/source/src/platform/ec/build/zephyr/adlrvp_mchp/modules/ec/common/i2c_controller.c.obj
[screebo:rw] [89/419] Building C object CMakeFiles/app.dir/mnt/host/source/src/platform/ec/build/zephyr/screebo/modules/ec/common/usb_charger.c.obj
[felino4es:rw] [5/371] Generating include/generated/zephyr/syscall_dispatch.c, include/generated/zephyr/syscall_exports_llext.c, syscall_weakdefs_llext.c, include/generated/zephyr/syscall_list.h
[screebo:rw] [90/419] Building C object CMakeFiles/app.dir/mnt/host/source/src/platform/ec/build/zephyr/screebo/modules/ec/common/usb_port_power_dumb.c.obj
[adlrvp_mchp:rw] [55/346] Building C object CMakeFiles/app.dir/mnt/host/source/src/platform/ec/build/zephyr/adlrvp_mchp/modules/ec/common/i2c_passthru.c.obj
[screebo:rw] [91/419] Building C object CMakeFiles/app.dir/mnt/host/source/src/platform/ec/build/zephyr/screebo/modules/ec/common/timer.c.obj
[ocicat-ish:singleimage] -- Generating component manifest file
[screebo:rw] [92/419] Building C object CMakeFiles/app.dir/mnt/host/source/src/platform/ec/build/zephyr/screebo/modules/ec/common/typec_control.c.obj
[adlrvp_mchp:rw] [56/346] Building C object CMakeFiles/app.dir/mnt/host/source/src/platform/ec/build/zephyr/adlrvp_mchp/modules/ec/driver/ioexpander/pca9675.c.obj
[screebo:rw] [93/419] Building C object CMakeFiles/app.dir/mnt/host/source/src/platform/ec/build/zephyr/screebo/modules/ec/common/usb_pd_pdo.c.obj
[screebo:rw] [94/419] Building C object CMakeFiles/app.dir/mnt/host/source/src/platform/ec/build/zephyr/screebo/modules/ec/common/usb_common.c.obj
[npcx_monitor:singleimage] [47/158] Linking C static library zephyr/arch/common/libarch__common.a
[adlrvp_mchp:rw] [57/346] Building C object CMakeFiles/app.dir/mnt/host/source/src/platform/ec/build/zephyr/adlrvp_mchp/modules/ec/common/lid_switch.c.obj
[npcx_monitor:singleimage] [48/158] Building C object zephyr/arch/arch/arm/core/CMakeFiles/arch__arm__core.dir/fatal.c.obj
[screebo:rw] [95/419] Building C object CMakeFiles/app.dir/mnt/host/source/src/platform/ec/build/zephyr/screebo/modules/ec/common/usbc/usbc_task.c.obj
[adlrvp_mchp:rw] [58/346] Building C object CMakeFiles/app.dir/mnt/host/source/src/platform/ec/build/zephyr/adlrvp_mchp/modules/ec/common/port80.c.obj
[npcx_monitor:singleimage] [49/158] Building C object zephyr/arch/arch/arm/core/CMakeFiles/arch__arm__core.dir/nmi.c.obj
[screebo:rw] [96/419] Building C object CMakeFiles/app.dir/mnt/host/source/src/platform/ec/build/zephyr/screebo/modules/ec/common/usbc/usb_sm.c.obj
[adlrvp_mchp:ro] [6/346] Generating include/generated/zephyr/driver-validation.h
[adlrvp_mchp:rw] [59/346] Building C object CMakeFiles/app.dir/mnt/host/source/src/platform/ec/build/zephyr/adlrvp_mchp/modules/ec/common/power_button.c.obj
[screebo:rw] [97/419] Building C object CMakeFiles/app.dir/mnt/host/source/src/platform/ec/build/zephyr/screebo/modules/ec/common/usbc_intr_task.c.obj
[screebo:rw] [98/419] Building C object CMakeFiles/app.dir/mnt/host/source/src/platform/ec/build/zephyr/screebo/modules/ec/common/usbc/usb_pd_timer.c.obj
[screebo:rw] [99/419] Building C object CMakeFiles/app.dir/mnt/host/source/src/platform/ec/build/zephyr/screebo/modules/ec/common/usbc_utils.c.obj
[adlrvp_mchp:rw] [60/346] Building C object CMakeFiles/app.dir/mnt/host/source/src/platform/ec/build/zephyr/adlrvp_mchp/modules/ec/power/common.c.obj
[screebo:rw] [100/419] Building C object CMakeFiles/app.dir/mnt/host/source/src/platform/ec/build/zephyr/screebo/modules/ec/common/usb_pd_flags.c.obj
[screebo:rw] [101/419] Building C object CMakeFiles/app.dir/mnt/host/source/src/platform/ec/build/zephyr/screebo/modules/ec/common/chargen.c.obj
[adlrvp_mchp:rw] [61/346] Building C object CMakeFiles/app.dir/mnt/host/source/src/platform/ec/build/zephyr/adlrvp_mchp/modules/ec/power/icelake.c.obj
[felino4es:rw] [6/371] Generating include/generated/zephyr/driver-validation.h
[screebo:rw] [102/419] Building C object CMakeFiles/app.dir/mnt/host/source/src/platform/ec/build/zephyr/screebo/modules/ec/driver/retimer/bb_retimer.c.obj
[adlrvp_mchp:rw] [62/346] Building C object CMakeFiles/app.dir/mnt/host/source/src/platform/ec/build/zephyr/adlrvp_mchp/modules/ec/power/intel_x86.c.obj
[felino4es:ro] [11/371] Generating include/generated/zephyr/offsets.h
[screebo:rw] [103/419] Building C object CMakeFiles/app.dir/mnt/host/source/src/platform/ec/build/zephyr/screebo/modules/ec/common/usbc/usb_pd_console.c.obj
[adlrvp_mchp:rw] [63/346] Building C object CMakeFiles/app.dir/mnt/host/source/src/platform/ec/build/zephyr/adlrvp_mchp/modules/ec/power/host_sleep.c.obj
[adlrvp_mchp:rw] [64/346] Building C object CMakeFiles/app.dir/mnt/host/source/src/platform/ec/build/zephyr/adlrvp_mchp/modules/ec/common/panic_output.c.obj
[screebo:rw] [104/419] Building C object CMakeFiles/app.dir/mnt/host/source/src/platform/ec/build/zephyr/screebo/modules/ec/driver/usb_mux/virtual.c.obj
[felino4es:ro] [12/371] Building C object CMakeFiles/app.dir/mnt/host/source/src/platform/ec/zephyr/subsys/ap_pwrseq/ap_events.c.obj
[ocicat-ish:singleimage] INFO: Skipped 1 named-gpios children.
[ocicat-ish:singleimage] INFO: Running CME, outputting to /mnt/host/source/src/platform/ec/build/zephyr/ocicat-ish/build-singleimage/zephyr/component_manifest.json
[adlrvp_mchp:rw] [65/346] Building C object CMakeFiles/app.dir/mnt/host/source/src/platform/ec/build/zephyr/adlrvp_mchp/modules/ec/common/sha256.c.obj
[screebo:rw] [105/419] Building C object CMakeFiles/app.dir/mnt/host/source/src/platform/ec/build/zephyr/screebo/modules/ec/common/event_log.c.obj
[screebo:rw] [106/419] Building C object CMakeFiles/app.dir/mnt/host/source/src/platform/ec/build/zephyr/screebo/modules/ec/driver/usb_mux/usb_mux.c.obj
[adlrvp_mchp:rw] [66/346] Building C object CMakeFiles/app.dir/mnt/host/source/src/platform/ec/build/zephyr/adlrvp_mchp/modules/ec/common/shared_mem.c.obj
[felino4es:ro] [13/371] Building C object CMakeFiles/app.dir/mnt/host/source/src/platform/ec/zephyr/subsys/ap_pwrseq/ap_power_interface.c.obj
[screebo:rw] [107/419] Building C object CMakeFiles/app.dir/mnt/host/source/src/platform/ec/build/zephyr/screebo/modules/ec/common/pd_log.c.obj
[screebo:rw] [108/419] Building C object CMakeFiles/app.dir/mnt/host/source/src/platform/ec/build/zephyr/screebo/modules/ec/common/usbc/usb_tc_drp_acc_trysrc_sm.c.obj
[adlrvp_mchp:rw] [67/346] Building C object CMakeFiles/app.dir/mnt/host/source/src/platform/ec/build/zephyr/adlrvp_mchp/modules/ec/common/switch.c.obj
[felino4es:ro] [14/371] Building C object CMakeFiles/app.dir/mnt/host/source/src/platform/ec/zephyr/subsys/ap_pwrseq/power_signals.c.obj
[npcx_monitor:singleimage] [50/158] Building ASM object zephyr/arch/arch/arm/core/CMakeFiles/arch__arm__core.dir/nmi_on_reset.S.obj
[screebo:rw] [109/419] Building C object CMakeFiles/app.dir/mnt/host/source/src/platform/ec/build/zephyr/screebo/modules/ec/common/usbc/usb_prl_sm.c.obj
[adlrvp_mchp:rw] [68/346] Building C object CMakeFiles/app.dir/mnt/host/source/src/platform/ec/build/zephyr/adlrvp_mchp/modules/ec/common/spi_flash_reg.c.obj
[screebo:rw] [110/419] Building C object CMakeFiles/app.dir/mnt/host/source/src/platform/ec/build/zephyr/screebo/modules/ec/common/usbc/usb_pe_drp_sm.c.obj
[felino4es:ro] [15/371] Building C object CMakeFiles/app.dir/mnt/host/source/src/platform/ec/zephyr/subsys/ap_pwrseq/signal_gpio.c.obj
[screebo:rw] [111/419] Building C object CMakeFiles/app.dir/mnt/host/source/src/platform/ec/build/zephyr/screebo/modules/ec/common/usbc/usb_pd_dpm.c.obj
[screebo:rw] [112/419] Building C object CMakeFiles/app.dir/mnt/host/source/src/platform/ec/build/zephyr/screebo/modules/ec/common/usbc/usbc_pd_policy.c.obj
[felino4es:ro] [16/371] Building C object CMakeFiles/app.dir/mnt/host/source/src/platform/ec/zephyr/subsys/ap_pwrseq/signal_vw.c.obj
[adlrvp_mchp:rw] [69/346] Building C object CMakeFiles/app.dir/mnt/host/source/src/platform/ec/build/zephyr/adlrvp_mchp/modules/ec/common/timer.c.obj
[lotso:rw] -- Generated zephyr.dts: /mnt/host/source/src/platform/ec/build/zephyr/lotso/build-rw/zephyr/zephyr.dts
[lotso:rw] -- Generated pickled edt: /mnt/host/source/src/platform/ec/build/zephyr/lotso/build-rw/zephyr/edt.pickle
[felino4es:rw] [7/371] Generating include/generated/zephyr/kobj-types-enum.h, include/generated/zephyr/otype-to-str.h, include/generated/zephyr/otype-to-size.h
[screebo:rw] [113/419] Building C object CMakeFiles/app.dir/mnt/host/source/src/platform/ec/build/zephyr/screebo/modules/ec/common/usbc/usb_mode.c.obj
[adlrvp_mchp:rw] [70/346] Building C object CMakeFiles/app.dir/mnt/host/source/src/platform/ec/build/zephyr/adlrvp_mchp/modules/ec/common/typec_control.c.obj
[screebo:rw] [114/419] Building C object CMakeFiles/app.dir/mnt/host/source/src/platform/ec/build/zephyr/screebo/modules/ec/common/usbc/dp_alt_mode.c.obj
[felino4es:ro] [17/371] Building C object CMakeFiles/app.dir/mnt/host/source/src/platform/ec/zephyr/subsys/ap_pwrseq/ap_pwrseq.c.obj
[npcx_monitor:singleimage] [51/158] Linking C static library zephyr/arch/arch/arm/core/libarch__arm__core.a
[felino4es:ro] [18/371] Building C object CMakeFiles/app.dir/mnt/host/source/src/platform/ec/zephyr/subsys/ap_pwrseq/ap_pwrseq_sm.c.obj
[screebo:rw] [115/419] Building C object CMakeFiles/app.dir/mnt/host/source/src/platform/ec/build/zephyr/screebo/modules/ec/common/usbc/usb_retimer_fw_update.c.obj
[adlrvp_mchp:rw] [71/346] Building C object CMakeFiles/app.dir/mnt/host/source/src/platform/ec/build/zephyr/adlrvp_mchp/modules/ec/common/usb_common.c.obj
[felino4es:ro] [19/371] Building C object CMakeFiles/app.dir/mnt/host/source/src/platform/ec/zephyr/subsys/ap_pwrseq/power_host_sleep.c.obj
[screebo:rw] [116/419] Building C object CMakeFiles/app.dir/mnt/host/source/src/platform/ec/build/zephyr/screebo/modules/ec/common/usbc/tbt_alt_mode.c.obj
[adlrvp_mchp:ro] [7/346] Generating include/generated/zephyr/kobj-types-enum.h, include/generated/zephyr/otype-to-str.h, include/generated/zephyr/otype-to-size.h
[screebo:rw] [117/419] Building C object CMakeFiles/app.dir/mnt/host/source/src/platform/ec/build/zephyr/screebo/modules/ec/common/usb_pd_console_cmd.c.obj
[npcx_monitor:singleimage] [52/158] Building C object zephyr/arch/arch/arm/core/cortex_m/CMakeFiles/arch__arm__core__cortex_m.dir/exc_exit.c.obj
[felino4es:ro] [20/371] Building C object CMakeFiles/app.dir/mnt/host/source/src/platform/ec/zephyr/subsys/ap_pwrseq/x86_non_dsx_common_pwrseq_sm_handler.c.obj
[npcx_monitor:singleimage] [53/158] Building C object zephyr/arch/arch/arm/core/cortex_m/CMakeFiles/arch__arm__core__cortex_m.dir/fault.c.obj
[felino4es:rw] [8/371] Generating include/generated/device-api-sections.ld, include/generated/device-api-sections.cmake
[screebo:rw] [118/419] Building C object CMakeFiles/app.dir/mnt/host/source/src/platform/ec/build/zephyr/screebo/modules/ec/common/usb_pd_host_cmd.c.obj
[adlrvp_mchp:rw] [72/346] Building C object CMakeFiles/app.dir/mnt/host/source/src/platform/ec/build/zephyr/adlrvp_mchp/modules/ec/common/usb_pd_pdo.c.obj
[screebo:rw] [119/419] Building C object CMakeFiles/app.dir/mnt/host/source/src/platform/ec/build/zephyr/screebo/modules/ec/common/usbc/usb_pd_host.c.obj
[felino4es:ro] [21/371] Building C object CMakeFiles/app.dir/mnt/host/source/src/platform/ec/zephyr/subsys/ap_pwrseq/x86_non_dsx_chipset_power_state.c.obj
[adlrvp_mchp:ro] [8/346] Generating include/generated/device-api-sections.ld, include/generated/device-api-sections.cmake
[screebo:rw] [120/419] Building C object CMakeFiles/app.dir/mnt/host/source/src/platform/ec/build/zephyr/screebo/modules/ec/common/usb_pd_host_cmd_common.c.obj
[adlrvp_mchp:rw] [73/346] Building C object CMakeFiles/app.dir/mnt/host/source/src/platform/ec/build/zephyr/adlrvp_mchp/modules/ec/common/usbc/usbc_task.c.obj
[felino4es:ro] [22/371] Building C object CMakeFiles/app.dir/mnt/host/source/src/platform/ec/zephyr/subsys/ap_pwrseq/x86_non_dsx_common_pwrseq_host_sleep.c.obj
[adlrvp_mchp:ro] [9/346] Building C object zephyr/CMakeFiles/offsets.dir/arch/arm/core/offsets/offsets.c.obj
[lotso:ro] -- Found devicetree overlay: /mnt/host/source/src/platform/ec/zephyr/program/brox/lotso/project.overlay
[felino4es:rw] [9/371] Building C object zephyr/CMakeFiles/offsets.dir/arch/riscv/core/offsets/offsets.c.obj
[lotso:ro] -- Generated zephyr.dts: /mnt/host/source/src/platform/ec/build/zephyr/lotso/build-ro/zephyr/zephyr.dts
[lotso:ro] -- Generated pickled edt: /mnt/host/source/src/platform/ec/build/zephyr/lotso/build-ro/zephyr/edt.pickle
[screebo:rw] [121/419] Building C object CMakeFiles/app.dir/mnt/host/source/src/platform/ec/build/zephyr/screebo/modules/ec/zephyr/shim/src/tcpc.c.obj
[felino4es:ro] [23/371] Building C object CMakeFiles/app.dir/mnt/host/source/src/platform/ec/zephyr/subsys/ap_pwrseq/x86_non_dsx_common_pwrseq_console.c.obj
[adlrvp_mchp:rw] [74/346] Building C object CMakeFiles/app.dir/mnt/host/source/src/platform/ec/build/zephyr/adlrvp_mchp/modules/ec/common/usbc/usb_pd_timer.c.obj
[screebo:rw] [122/419] Building C object CMakeFiles/app.dir/mnt/host/source/src/platform/ec/build/zephyr/screebo/modules/ec/common/usbc_ocp.c.obj
[skitty:ro] -- Found Dtc: /usr/bin/dtc (found suitable version "1.6.0", minimum required is "1.4.6")
[screebo:rw] [123/419] Building C object CMakeFiles/app.dir/mnt/host/source/src/platform/ec/build/zephyr/screebo/modules/ec/common/usb_pd_discovery.c.obj
[skitty:ro] -- Found BOARD.dts: /mnt/host/source/src/platform/ec/zephyr/boards/google/it8xxx2/it8xxx2_it81202bx.dts
[skitty:ro] -- Found devicetree overlay: /mnt/host/source/src/platform/ec/zephyr/program/corsola/skitty/project.overlay
[felino4es:ro] [24/371] Building C object CMakeFiles/app.dir/mnt/host/source/src/platform/ec/zephyr/subsys/ap_pwrseq/x86_non_dsx_common_pwrseq_host_command.c.obj
[adlrvp_mchp:rw] [75/346] Building C object CMakeFiles/app.dir/mnt/host/source/src/platform/ec/build/zephyr/adlrvp_mchp/modules/ec/common/usbc/usb_sm.c.obj
[screebo:rw] [124/419] Building C object CMakeFiles/app.dir/mnt/host/source/src/platform/ec/build/zephyr/screebo/modules/ec/common/usb_pd_dual_role.c.obj
[screebo:rw] [125/419] Building C object CMakeFiles/app.dir/mnt/host/source/src/platform/ec/build/zephyr/screebo/modules/ec/driver/tcpm/nct38xx.c.obj
[felino4es:ro] [25/371] Building C object CMakeFiles/app.dir/mnt/host/source/src/platform/ec/zephyr/subsys/ap_pwrseq/x86_non_dsx_mtl_pwrseq_sm.c.obj
[adlrvp_mchp:rw] [76/346] Building C object CMakeFiles/app.dir/mnt/host/source/src/platform/ec/build/zephyr/adlrvp_mchp/modules/ec/common/usbc_intr_task.c.obj
[screebo:rw] [126/419] Building C object CMakeFiles/app.dir/mnt/host/source/src/platform/ec/build/zephyr/screebo/modules/ec/driver/tcpm/ps8xxx.c.obj
[screebo:rw] [127/419] Building C object CMakeFiles/app.dir/mnt/host/source/src/platform/ec/build/zephyr/screebo/modules/ec/driver/tcpm/tcpci.c.obj
[felino4es:ro] [26/371] Building C object CMakeFiles/app.dir/mnt/host/source/src/platform/ec/zephyr/subsys/ap_pwrseq/ap_reset_log.c.obj
[adlrvp_mchp:rw] [77/346] Building C object CMakeFiles/app.dir/mnt/host/source/src/platform/ec/build/zephyr/adlrvp_mchp/modules/ec/common/usbc_utils.c.obj
[felino4es:ro] [27/371] Building C object CMakeFiles/app.dir/mnt/host/source/src/platform/ec/zephyr/subsys/pd_controller/pdc_pmc_debug.c.obj
[adlrvp_mchp:rw] [78/346] Building C object CMakeFiles/app.dir/mnt/host/source/src/platform/ec/build/zephyr/adlrvp_mchp/modules/ec/common/usb_pd_flags.c.obj
[felino4es:ro] [28/371] Building C object CMakeFiles/app.dir/mnt/host/source/src/platform/ec/zephyr/subsys/pd_controller/retimer_fw_update.c.obj
[adlrvp_mchp:rw] [79/346] Building C object CMakeFiles/app.dir/mnt/host/source/src/platform/ec/build/zephyr/adlrvp_mchp/modules/ec/common/chargen.c.obj
[screebo:rw] [128/419] Building C object CMakeFiles/app.dir/mnt/host/source/src/platform/ec/build/zephyr/screebo/modules/ec/common/usbc_ppc.c.obj
[adlrvp_mchp:rw] [80/346] Building C object CMakeFiles/app.dir/mnt/host/source/src/platform/ec/build/zephyr/adlrvp_mchp/modules/ec/common/usbc/usb_pd_console.c.obj
[felino4es:ro] [29/371] Building C object CMakeFiles/app.dir/mnt/host/source/src/platform/ec/zephyr/subsys/pd_controller/pdc_power_mgmt.c.obj
[adlrvp_mchp:ro] [10/346] Generating include/generated/zephyr/offsets.h
[screebo:rw] [129/419] Building C object CMakeFiles/app.dir/mnt/host/source/src/platform/ec/build/zephyr/screebo/modules/ec/driver/ppc/syv682x.c.obj
[adlrvp_mchp:rw] [81/346] Building C object CMakeFiles/app.dir/mnt/host/source/src/platform/ec/build/zephyr/adlrvp_mchp/modules/ec/driver/retimer/bb_retimer.c.obj
[npcx_monitor:singleimage] [54/158] Building ASM object zephyr/arch/arch/arm/core/cortex_m/CMakeFiles/arch__arm__core__cortex_m.dir/fault_s.S.obj
[screebo:rw] [130/419] Building C object CMakeFiles/app.dir/mnt/host/source/src/platform/ec/build/zephyr/screebo/modules/ec/driver/ppc/nx20p348x.c.obj
[screebo:rw] [131/419] Building C object CMakeFiles/app.dir/mnt/host/source/src/platform/ec/build/zephyr/screebo/modules/ec/common/vboot_hash.c.obj
[felino4es:ro] [30/371] Building C object CMakeFiles/app.dir/mnt/host/source/src/platform/ec/zephyr/subsys/pd_controller/pdc_console.c.obj
[adlrvp_mchp:ro] [11/346] Building C object zephyr/CMakeFiles/zephyr.dir/lib/libc/validate_libc.c.obj
[adlrvp_mchp:rw] [82/346] Building C object CMakeFiles/app.dir/mnt/host/source/src/platform/ec/build/zephyr/adlrvp_mchp/modules/ec/driver/usb_mux/usb_mux.c.obj
[npcx_monitor:singleimage] [55/158] Building C object zephyr/arch/arch/arm/core/cortex_m/CMakeFiles/arch__arm__core__cortex_m.dir/fpu.c.obj
[screebo:rw] [132/419] Building C object CMakeFiles/app.dir/mnt/host/source/src/platform/ec/build/zephyr/screebo/modules/ec/common/vboot/efs2.c.obj
[felino4es:ro] [31/371] Building C object CMakeFiles/app.dir/mnt/host/source/src/platform/ec/zephyr/subsys/pd_controller/pdc_host_cmd.c.obj
[screebo:rw] [133/419] Building C object CMakeFiles/app.dir/mnt/host/source/src/platform/ec/build/zephyr/screebo/modules/ec/common/vstore.c.obj
[adlrvp_mchp:ro] [12/346] Building C object zephyr/CMakeFiles/zephyr.dir/lib/heap/heap.c.obj
[screebo:rw] [134/419] Building C object CMakeFiles/app.dir/mnt/host/source/src/platform/ec/build/zephyr/screebo/modules/ec/common/math_util.c.obj
[adlrvp_mchp:rw] [83/346] Building C object CMakeFiles/app.dir/mnt/host/source/src/platform/ec/build/zephyr/adlrvp_mchp/modules/ec/driver/usb_mux/tusb1064.c.obj
[adlrvp_mchp:ro] [13/346] Building C object zephyr/CMakeFiles/zephyr.dir/lib/os/cbprintf_packaged.c.obj
[felino4es:ro] [32/371] Building C object CMakeFiles/app.dir/mnt/host/source/src/platform/ec/zephyr/subsys/pd_controller/pdc_stub.c.obj
[screebo:rw] [135/419] Building C object CMakeFiles/app.dir/src/board_power.c.obj
[screebo:rw] [136/419] Building C object CMakeFiles/app.dir/src/battery_present.c.obj
[adlrvp_mchp:rw] [84/346] Building C object CMakeFiles/app.dir/mnt/host/source/src/platform/ec/build/zephyr/adlrvp_mchp/modules/ec/driver/usb_mux/virtual.c.obj
[adlrvp_mchp:ro] [14/346] Building C object zephyr/CMakeFiles/zephyr.dir/lib/os/clock.c.obj
[felino4es:ro] [33/371] Building C object CMakeFiles/app.dir/mnt/host/source/src/platform/ec/zephyr/subsys/pd_controller/pdc_dpm.c.obj
[screebo:rw] [137/419] Building C object CMakeFiles/app.dir/src/usbc_config.c.obj
[felino4es:ro] [34/371] Building C object CMakeFiles/app.dir/mnt/host/source/src/platform/ec/zephyr/subsys/ucsi/ppm_common.c.obj
[screebo:rw] [138/419] Building C object CMakeFiles/app.dir/src/usb_pd_policy.c.obj
[adlrvp_mchp:rw] [85/346] Building C object CMakeFiles/app.dir/mnt/host/source/src/platform/ec/build/zephyr/adlrvp_mchp/modules/ec/common/usbc/usb_tc_drp_acc_trysrc_sm.c.obj
[adlrvp_mchp:ro] [15/346] Building C object zephyr/CMakeFiles/zephyr.dir/lib/os/printk.c.obj
[screebo:rw] [139/419] Building C object CMakeFiles/app.dir/screebo/src/board.c.obj
[felino4es:ro] [35/371] Building C object CMakeFiles/app.dir/mnt/host/source/src/platform/ec/zephyr/subsys/ucsi/ppm_console.c.obj
[screebo:rw] [140/419] Building C object CMakeFiles/app.dir/screebo/src/i2c_policy.c.obj
[adlrvp_mchp:ro] [16/346] Building C object zephyr/CMakeFiles/zephyr.dir/lib/os/sem.c.obj
[adlrvp_mchp:rw] [86/346] Building C object CMakeFiles/app.dir/mnt/host/source/src/platform/ec/build/zephyr/adlrvp_mchp/modules/ec/common/usbc/usb_prl_sm.c.obj
[felino4es:rw] [10/371] Generating include/generated/zephyr/offsets.h
[felino4es:ro] [36/371] Building C object CMakeFiles/app.dir/mnt/host/source/src/platform/ec/zephyr/subsys/ucsi/ppm_driver.c.obj
[ocelotrvp-npcx:rw] -- Generated zephyr.dts: /mnt/host/source/src/platform/ec/build/zephyr/ocelotrvp-npcx/build-rw/zephyr/zephyr.dts
[adlrvp_mchp:ro] [17/346] Building C object zephyr/CMakeFiles/zephyr.dir/lib/os/thread_entry.c.obj
[screebo:rw] [141/419] Building C object zephyr/CMakeFiles/zephyr.dir/lib/libc/validate_libc.c.obj
[felino4es:rw] [11/371] Building C object zephyr/CMakeFiles/zephyr.dir/lib/libc/validate_libc.c.obj
[screebo:rw] [142/419] Building C object CMakeFiles/app.dir/screebo/src/usb_config.c.obj
[adlrvp_mchp:rw] [87/346] Building C object CMakeFiles/app.dir/mnt/host/source/src/platform/ec/build/zephyr/adlrvp_mchp/modules/ec/common/usbc/usb_pe_drp_sm.c.obj
[felino4es:ro] [37/371] Building C object CMakeFiles/app.dir/mnt/host/source/src/platform/ec/zephyr/subsys/ucsi/ucsi_host_cmd.c.obj
[felino4es:rw] [12/371] Building C object zephyr/CMakeFiles/zephyr.dir/lib/heap/heap.c.obj
[screebo:rw] [143/419] Building C object zephyr/CMakeFiles/zephyr.dir/lib/heap/heap.c.obj
[adlrvp_mchp:ro] [18/346] Building C object zephyr/CMakeFiles/zephyr.dir/lib/os/cbprintf_nano.c.obj
[felino4es:rw] [13/371] Building C object zephyr/CMakeFiles/zephyr.dir/lib/os/cbprintf_packaged.c.obj
[adlrvp_mchp:rw] [88/346] Building C object CMakeFiles/app.dir/mnt/host/source/src/platform/ec/build/zephyr/adlrvp_mchp/modules/ec/common/usbc/usb_pd_dpm.c.obj
[adlrvp_mchp:ro] [19/346] Building C object zephyr/CMakeFiles/zephyr.dir/lib/os/cbprintf.c.obj
[screebo:rw] [144/419] Building C object zephyr/CMakeFiles/zephyr.dir/lib/os/cbprintf_packaged.c.obj
[felino4es:ro] [38/371] Building C object CMakeFiles/app.dir/mnt/host/source/src/platform/ec/build/zephyr/felino4es/modules/ec/builtin/stdlib.c.obj
[felino4es:rw] [14/371] Building C object zephyr/CMakeFiles/zephyr.dir/lib/os/clock.c.obj
[adlrvp_mchp:rw] [89/346] Building C object CMakeFiles/app.dir/mnt/host/source/src/platform/ec/build/zephyr/adlrvp_mchp/modules/ec/common/usbc/usbc_pd_policy.c.obj
[felino4es:ro] [39/371] Building C object CMakeFiles/app.dir/mnt/host/source/src/platform/ec/build/zephyr/felino4es/modules/ec/common/base32.c.obj
[screebo:rw] [145/419] Building C object zephyr/CMakeFiles/zephyr.dir/lib/os/clock.c.obj
[felino4es:rw] [15/371] Building C object zephyr/CMakeFiles/zephyr.dir/lib/os/printk.c.obj
[adlrvp_mchp:ro] [20/346] Building C object zephyr/CMakeFiles/zephyr.dir/lib/os/assert.c.obj
[adlrvp_mchp:rw] [90/346] Building C object CMakeFiles/app.dir/mnt/host/source/src/platform/ec/build/zephyr/adlrvp_mchp/modules/ec/common/usbc/dp_alt_mode.c.obj
[adlrvp_mchp:ro] [21/346] Building C object zephyr/CMakeFiles/zephyr.dir/lib/utils/dec.c.obj
[screebo:ro] [12/419] Building C object CMakeFiles/app.dir/mnt/host/source/src/platform/ec/zephyr/subsys/ap_pwrseq/ap_events.c.obj
[felino4es:ro] [40/371] Building C object CMakeFiles/app.dir/mnt/host/source/src/platform/ec/build/zephyr/felino4es/modules/ec/common/console_output.c.obj
[screebo:rw] [146/419] Building C object zephyr/CMakeFiles/zephyr.dir/lib/os/printk.c.obj
[felino4es:rw] [16/371] Building C object zephyr/CMakeFiles/zephyr.dir/lib/os/sem.c.obj
[adlrvp_mchp:ro] [22/346] Building C object zephyr/CMakeFiles/zephyr.dir/lib/utils/hex.c.obj
[adlrvp_mchp:rw] [91/346] Building C object CMakeFiles/app.dir/mnt/host/source/src/platform/ec/build/zephyr/adlrvp_mchp/modules/ec/common/usbc/usb_mode.c.obj
[felino4es:ro] [41/371] Building C object CMakeFiles/app.dir/mnt/host/source/src/platform/ec/build/zephyr/felino4es/modules/ec/common/ec_features.c.obj
[screebo:rw] [147/419] Building C object zephyr/CMakeFiles/zephyr.dir/lib/os/sem.c.obj
[felino4es:rw] [17/371] Building C object zephyr/CMakeFiles/zephyr.dir/lib/os/thread_entry.c.obj
[adlrvp_mchp:rw] [92/346] Building C object CMakeFiles/app.dir/mnt/host/source/src/platform/ec/build/zephyr/adlrvp_mchp/modules/ec/common/usbc/tbt_alt_mode.c.obj
[felino4es:ro] [42/371] Building C object CMakeFiles/app.dir/mnt/host/source/src/platform/ec/build/zephyr/felino4es/modules/ec/common/gpio_commands.c.obj
[adlrvp_mchp:ro] [23/346] Building C object zephyr/CMakeFiles/zephyr.dir/lib/utils/rb.c.obj
[felino4es:rw] [18/371] Building C object zephyr/CMakeFiles/zephyr.dir/lib/os/cbprintf_nano.c.obj
[ocelotrvp-npcx:ro] -- Generated zephyr.dts: /mnt/host/source/src/platform/ec/build/zephyr/ocelotrvp-npcx/build-ro/zephyr/zephyr.dts
[ocelotrvp-npcx:ro] -- Generated pickled edt: /mnt/host/source/src/platform/ec/build/zephyr/ocelotrvp-npcx/build-ro/zephyr/edt.pickle
[screebo:rw] [148/419] Building C object zephyr/CMakeFiles/zephyr.dir/lib/os/thread_entry.c.obj
[adlrvp_mchp:rw] [93/346] Building C object CMakeFiles/app.dir/mnt/host/source/src/platform/ec/build/zephyr/adlrvp_mchp/modules/ec/common/usbc/usb_retimer_fw_update.c.obj
[felino4es:ro] [43/371] Building C object CMakeFiles/app.dir/mnt/host/source/src/platform/ec/build/zephyr/felino4es/modules/ec/common/peripheral.c.obj
[adlrvp_mchp:ro] [24/346] Building C object zephyr/CMakeFiles/zephyr.dir/lib/utils/timeutil.c.obj
[lotso:rw] -- Generated devicetree_generated.h: /mnt/host/source/src/platform/ec/build/zephyr/lotso/build-rw/zephyr/include/generated/zephyr/devicetree_generated.h
[adlrvp_mchp:ro] [25/346] Building C object zephyr/CMakeFiles/zephyr.dir/lib/utils/bitarray.c.obj
[screebo:rw] [149/419] Building C object zephyr/CMakeFiles/zephyr.dir/lib/os/cbprintf_nano.c.obj
[felino4es:rw] [19/371] Building C object zephyr/CMakeFiles/zephyr.dir/lib/os/cbprintf.c.obj
[felino4es:ro] [44/371] Building C object CMakeFiles/app.dir/mnt/host/source/src/platform/ec/build/zephyr/felino4es/modules/ec/common/printf.c.obj
[adlrvp_mchp:rw] [94/346] Building C object CMakeFiles/app.dir/mnt/host/source/src/platform/ec/build/zephyr/adlrvp_mchp/modules/ec/common/usb_pd_console_cmd.c.obj
[felino4es:rw] [20/371] Building C object zephyr/CMakeFiles/zephyr.dir/lib/os/assert.c.obj
[adlrvp_mchp:ro] [26/346] Building C object zephyr/CMakeFiles/zephyr.dir/lib/utils/bitmask.c.obj
[adlrvp_mchp:rw] [95/346] Building C object CMakeFiles/app.dir/mnt/host/source/src/platform/ec/build/zephyr/adlrvp_mchp/modules/ec/common/usb_pd_host_cmd.c.obj
[felino4es:rw] [21/371] Building C object zephyr/CMakeFiles/zephyr.dir/lib/utils/dec.c.obj
[matsu_it82000:ro] -- Found gen_kobject_list: /mnt/host/source/src/third_party/zephyr/main/scripts/build/gen_kobject_list.py
[screebo:rw] [150/419] Building C object zephyr/CMakeFiles/zephyr.dir/lib/os/cbprintf.c.obj
[felino4es:ro] [45/371] Building C object CMakeFiles/app.dir/mnt/host/source/src/platform/ec/build/zephyr/felino4es/modules/ec/common/queue.c.obj
[adlrvp_mchp:ro] [27/346] Building C object zephyr/CMakeFiles/zephyr.dir/lib/utils/getopt/getopt.c.obj
[adlrvp_mchp:rw] [96/346] Building C object CMakeFiles/app.dir/mnt/host/source/src/platform/ec/build/zephyr/adlrvp_mchp/modules/ec/common/usbc/usb_pd_host.c.obj
[felino4es:rw] [22/371] Building C object zephyr/CMakeFiles/zephyr.dir/lib/utils/hex.c.obj
[adlrvp_mchp:ro] [28/346] Building C object zephyr/CMakeFiles/zephyr.dir/lib/utils/getopt/getopt_common.c.obj
[screebo:rw] [151/419] Building C object zephyr/CMakeFiles/zephyr.dir/lib/os/assert.c.obj
[adlrvp_mchp:rw] [97/346] Building C object CMakeFiles/app.dir/mnt/host/source/src/platform/ec/build/zephyr/adlrvp_mchp/modules/ec/zephyr/shim/src/tcpc.c.obj
[felino4es:rw] [23/371] Building C object zephyr/CMakeFiles/zephyr.dir/lib/utils/rb.c.obj
[adlrvp_mchp:ro] [29/346] Building C object zephyr/CMakeFiles/zephyr.dir/lib/utils/ring_buffer.c.obj
[felino4es:ro] [46/371] Building C object CMakeFiles/app.dir/mnt/host/source/src/platform/ec/build/zephyr/felino4es/modules/ec/common/system.c.obj
[felino4es:ro] [47/371] Building C object CMakeFiles/app.dir/mnt/host/source/src/platform/ec/build/zephyr/felino4es/modules/ec/common/system_boot_time.c.obj
[screebo:rw] [152/419] Building C object zephyr/CMakeFiles/zephyr.dir/lib/utils/dec.c.obj
[screebo:rw] [153/419] Linking C static library app/libapp.a
[adlrvp_mchp:ro] [30/346] Building C object zephyr/CMakeFiles/zephyr.dir/lib/utils/last_section_id.c.obj
[adlrvp_mchp:rw] [98/346] Building C object CMakeFiles/app.dir/mnt/host/source/src/platform/ec/build/zephyr/adlrvp_mchp/modules/ec/common/usb_pd_host_cmd_common.c.obj
[felino4es:ro] [48/371] Building C object CMakeFiles/app.dir/mnt/host/source/src/platform/ec/build/zephyr/felino4es/modules/ec/common/uart_printf.c.obj
[screebo:rw] [154/419] Building C object zephyr/CMakeFiles/zephyr.dir/lib/utils/hex.c.obj
[adlrvp_mchp:ro] [31/346] Building C object zephyr/CMakeFiles/zephyr.dir/misc/generated/configs.c.obj
[screebo:rw] [155/419] Building C object zephyr/CMakeFiles/zephyr.dir/lib/utils/rb.c.obj
[felino4es:ro] [49/371] Building C object CMakeFiles/app.dir/mnt/host/source/src/platform/ec/build/zephyr/felino4es/modules/ec/common/util.c.obj
[felino4es:rw] [24/371] Building C object zephyr/CMakeFiles/zephyr.dir/lib/utils/timeutil.c.obj
[matsu_it82000:ro] CMake Warning at /mnt/host/source/src/third_party/zephyr/main/CMakeLists.txt:1134 (message):
[matsu_it82000:ro]   No SOURCES given to Zephyr library: drivers__syscon
[screebo:rw] [156/419] Building C object zephyr/CMakeFiles/zephyr.dir/lib/utils/timeutil.c.obj
[adlrvp_mchp:ro] [32/346] Building C object zephyr/CMakeFiles/zephyr.dir/soc/microchip/mec/mec172x/soc.c.obj
[felino4es:ro] [50/371] Building C object CMakeFiles/app.dir/mnt/host/source/src/platform/ec/build/zephyr/felino4es/modules/ec/common/version.c.obj
[screebo:rw] [157/419] Building C object zephyr/CMakeFiles/zephyr.dir/lib/utils/bitmask.c.obj
[felino4es:rw] [25/371] Building C object zephyr/CMakeFiles/zephyr.dir/lib/utils/bitarray.c.obj
[screebo:rw] [158/419] Building C object zephyr/CMakeFiles/zephyr.dir/lib/utils/bitarray.c.obj
[matsu_it82000:ro]   Excluding target from build.
[matsu_it82000:ro] CMake Warning at /mnt/host/source/src/third_party/zephyr/main/CMakeLists.txt:2359 (message):
[matsu_it82000:ro]   __ASSERT() statements are globally ENABLED
[adlrvp_mchp:rw] [99/346] Building C object CMakeFiles/app.dir/mnt/host/source/src/platform/ec/build/zephyr/adlrvp_mchp/modules/ec/common/usbc_ocp.c.obj
[adlrvp_mchp:ro] [33/346] Building C object zephyr/CMakeFiles/zephyr.dir/soc/microchip/mec/common/soc_ecia.c.obj
[felino4es:rw] [26/371] Building C object zephyr/CMakeFiles/zephyr.dir/lib/utils/bitmask.c.obj
[felino4es:ro] [51/371] Building C object CMakeFiles/app.dir/mnt/host/source/src/platform/ec/build/zephyr/felino4es/modules/ec/common/power_button_x86.c.obj
[screebo:rw] [159/419] Building C object zephyr/CMakeFiles/zephyr.dir/lib/utils/getopt/getopt.c.obj
[screebo:rw] [160/419] Building C object zephyr/CMakeFiles/zephyr.dir/lib/utils/getopt/getopt_common.c.obj
[felino4es:ro] [52/371] Building C object CMakeFiles/app.dir/mnt/host/source/src/platform/ec/build/zephyr/felino4es/modules/ec/common/adc.c.obj
[screebo:rw] [161/419] Building C object zephyr/CMakeFiles/zephyr.dir/lib/utils/last_section_id.c.obj
[felino4es:rw] [27/371] Building C object zephyr/CMakeFiles/zephyr.dir/lib/utils/getopt/getopt.c.obj
[adlrvp_mchp:rw] [100/346] Building C object CMakeFiles/app.dir/mnt/host/source/src/platform/ec/build/zephyr/adlrvp_mchp/modules/ec/common/usb_pd_discovery.c.obj
[adlrvp_mchp:ro] [34/346] Building C object zephyr/CMakeFiles/zephyr.dir/soc/microchip/mec/common/soc_i2c.c.obj
[screebo:rw] [162/419] Building C object zephyr/CMakeFiles/zephyr.dir/lib/utils/ring_buffer.c.obj
[felino4es:ro] [53/371] Building C object CMakeFiles/app.dir/mnt/host/source/src/platform/ec/build/zephyr/felino4es/modules/ec/common/acpi.c.obj
[screebo:rw] [163/419] Building C object zephyr/CMakeFiles/zephyr.dir/misc/generated/configs.c.obj
[felino4es:rw] [28/371] Building C object zephyr/CMakeFiles/zephyr.dir/lib/utils/getopt/getopt_common.c.obj
[lotso:ro] -- Generated devicetree_generated.h: /mnt/host/source/src/platform/ec/build/zephyr/lotso/build-ro/zephyr/include/generated/zephyr/devicetree_generated.h
[adlrvp_mchp:rw] [101/346] Building C object CMakeFiles/app.dir/mnt/host/source/src/platform/ec/build/zephyr/adlrvp_mchp/modules/ec/common/usb_pd_dual_role.c.obj
[adlrvp_mchp:ro] [35/346] Building C object zephyr/CMakeFiles/zephyr.dir/subsys/logging/log_minimal.c.obj
[felino4es:ro] [54/371] Building C object CMakeFiles/app.dir/mnt/host/source/src/platform/ec/build/zephyr/felino4es/modules/ec/common/battery.c.obj
[felino4es:rw] [29/371] Building C object zephyr/CMakeFiles/zephyr.dir/lib/utils/ring_buffer.c.obj
[screebo:rw] [164/419] Building C object zephyr/CMakeFiles/zephyr.dir/soc/nuvoton/npcx/common/power.c.obj
[screebo:rw] [165/419] Building C object zephyr/CMakeFiles/zephyr.dir/soc/nuvoton/npcx/common/scfg.c.obj
[adlrvp_mchp:ro] [36/346] Building C object zephyr/CMakeFiles/zephyr.dir/subsys/mem_mgmt/mem_attr.c.obj
[screebo:rw] [166/419] Building C object zephyr/CMakeFiles/zephyr.dir/soc/nuvoton/npcx/npcx9/soc.c.obj
[felino4es:rw] [30/371] Building C object zephyr/CMakeFiles/zephyr.dir/lib/utils/last_section_id.c.obj
[adlrvp_mchp:rw] [102/346] Building C object CMakeFiles/app.dir/mnt/host/source/src/platform/ec/build/zephyr/adlrvp_mchp/modules/ec/driver/tcpm/tcpci.c.obj
[screebo:rw] [167/419] Building C object zephyr/CMakeFiles/zephyr.dir/soc/nuvoton/npcx/common/npcxn/registers.c.obj
[adlrvp_mchp:ro] [37/346] Building C object zephyr/CMakeFiles/zephyr.dir/subsys/testsuite/coverage/coverage.c.obj
[felino4es:ro] [55/371] Building C object CMakeFiles/app.dir/mnt/host/source/src/platform/ec/build/zephyr/felino4es/modules/ec/common/battery_info.c.obj
[screebo:rw] [168/419] Building C object zephyr/CMakeFiles/zephyr.dir/subsys/logging/log_minimal.c.obj
[felino4es:rw] [31/371] Building C object zephyr/CMakeFiles/zephyr.dir/misc/generated/configs.c.obj
[screebo:rw] [169/419] Building C object zephyr/CMakeFiles/zephyr.dir/subsys/mem_mgmt/mem_attr.c.obj
[adlrvp_mchp:ro] [38/346] Building C object zephyr/CMakeFiles/zephyr.dir/subsys/tracing/tracing_none.c.obj
[adlrvp_mchp:rw] [103/346] Building C object CMakeFiles/app.dir/mnt/host/source/src/platform/ec/build/zephyr/adlrvp_mchp/modules/ec/driver/tcpm/fusb302.c.obj
[felino4es:ro] [56/371] Building C object CMakeFiles/app.dir/mnt/host/source/src/platform/ec/build/zephyr/felino4es/modules/ec/common/battery_fuel_gauge.c.obj
[screebo:rw] [170/419] Building C object zephyr/CMakeFiles/zephyr.dir/subsys/pm/pm.c.obj
[screebo:rw] [171/419] Building C object zephyr/CMakeFiles/zephyr.dir/subsys/pm/state.c.obj
[adlrvp_mchp:rw] [104/346] Building C object CMakeFiles/app.dir/mnt/host/source/src/platform/ec/build/zephyr/adlrvp_mchp/modules/ec/common/usbc_ppc.c.obj
[adlrvp_mchp:ro] [39/346] Building C object zephyr/CMakeFiles/zephyr.dir/subsys/shell/modules/kernel_service/kernel_shell.c.obj
[felino4es:ro] [57/371] Building C object CMakeFiles/app.dir/mnt/host/source/src/platform/ec/build/zephyr/felino4es/modules/ec/driver/battery/smart.c.obj
[adlrvp_mchp:rw] [105/346] Building C object CMakeFiles/app.dir/mnt/host/source/src/platform/ec/build/zephyr/adlrvp_mchp/modules/ec/driver/ppc/sn5s330.c.obj
[felino4es:ro] [58/371] Building C object CMakeFiles/app.dir/mnt/host/source/src/platform/ec/build/zephyr/felino4es/modules/ec/driver/charger/bq25710.c.obj
[screebo:rw] [172/419] Building C object zephyr/CMakeFiles/zephyr.dir/subsys/pm/policy/policy_events.c.obj
[adlrvp_mchp:ro] [40/346] Building C object zephyr/CMakeFiles/zephyr.dir/subsys/shell/modules/kernel_service/cycles.c.obj
[screebo:rw] [173/419] Building C object zephyr/CMakeFiles/zephyr.dir/subsys/pm/policy/policy_latency.c.obj
[screebo:rw] [174/419] Building C object zephyr/CMakeFiles/zephyr.dir/subsys/pm/policy/policy_state_lock.c.obj
[adlrvp_mchp:ro] [41/346] Building C object zephyr/CMakeFiles/zephyr.dir/subsys/shell/modules/kernel_service/sleep.c.obj
[adlrvp_mchp:rw] [106/346] Building C object CMakeFiles/app.dir/mnt/host/source/src/platform/ec/build/zephyr/adlrvp_mchp/modules/ec/common/vboot_hash.c.obj
[screebo:rw] [175/419] Building C object zephyr/CMakeFiles/zephyr.dir/subsys/pm/device.c.obj
[felino4es:ro] [59/371] Building C object CMakeFiles/app.dir/mnt/host/source/src/platform/ec/build/zephyr/felino4es/modules/ec/common/charger.c.obj
[screebo:rw] [176/419] Building C object zephyr/CMakeFiles/zephyr.dir/subsys/pm/device_system_managed.c.obj
[adlrvp_mchp:ro] [42/346] Building C object zephyr/CMakeFiles/zephyr.dir/subsys/shell/modules/kernel_service/uptime.c.obj
[adlrvp_mchp:rw] [107/346] Building C object CMakeFiles/app.dir/mnt/host/source/src/platform/ec/build/zephyr/adlrvp_mchp/modules/ec/common/vboot/efs2.c.obj
[screebo:rw] [177/419] Building C object zephyr/CMakeFiles/zephyr.dir/subsys/tracing/tracing_none.c.obj
[felino4es:ro] [60/371] Building C object CMakeFiles/app.dir/mnt/host/source/src/platform/ec/build/zephyr/felino4es/modules/ec/common/charge_state.c.obj
[screebo:rw] [178/419] Building C object zephyr/CMakeFiles/zephyr.dir/subsys/testsuite/coverage/coverage.c.obj
[adlrvp_mchp:ro] [43/346] Building C object zephyr/CMakeFiles/zephyr.dir/subsys/shell/modules/kernel_service/version.c.obj
[npcx_monitor:singleimage] [56/158] Building ASM object zephyr/arch/arch/arm/core/cortex_m/CMakeFiles/arch__arm__core__cortex_m.dir/reset.S.obj
[adlrvp_mchp:ro] [44/346] Building C object zephyr/CMakeFiles/zephyr.dir/subsys/shell/modules/kernel_service/thread/thread.c.obj
[screebo:rw] [179/419] Building C object zephyr/CMakeFiles/zephyr.dir/subsys/shell/modules/kernel_service/kernel_shell.c.obj
[npcx_monitor:singleimage] [57/158] Building C object zephyr/arch/arch/arm/core/cortex_m/CMakeFiles/arch__arm__core__cortex_m.dir/scb.c.obj
[felino4es:ro] [61/371] Building C object CMakeFiles/app.dir/mnt/host/source/src/platform/ec/build/zephyr/felino4es/modules/ec/common/charge_manager.c.obj
[screebo:rw] [180/419] Building C object zephyr/CMakeFiles/zephyr.dir/subsys/shell/modules/kernel_service/cycles.c.obj
[adlrvp_mchp:rw] [108/346] Building C object CMakeFiles/app.dir/mnt/host/source/src/platform/ec/build/zephyr/adlrvp_mchp/modules/ec/common/vstore.c.obj
[adlrvp_mchp:ro] [45/346] Building C object zephyr/CMakeFiles/zephyr.dir/subsys/shell/modules/kernel_service/thread/list.c.obj
[npcx_monitor:singleimage] [58/158] Building C object zephyr/arch/arch/arm/core/cortex_m/CMakeFiles/arch__arm__core__cortex_m.dir/thread_abort.c.obj
[felino4es:ro] [62/371] Building C object CMakeFiles/app.dir/mnt/host/source/src/platform/ec/build/zephyr/felino4es/modules/ec/common/cbi_common.c.obj
[screebo:rw] [181/419] Building C object zephyr/CMakeFiles/zephyr.dir/subsys/shell/modules/kernel_service/uptime.c.obj
[adlrvp_mchp:rw] [109/346] Building C object CMakeFiles/app.dir/mnt/host/source/src/platform/ec/build/zephyr/adlrvp_mchp/modules/ec/common/math_util.c.obj
[screebo:rw] [182/419] Building C object zephyr/CMakeFiles/zephyr.dir/subsys/shell/modules/kernel_service/sleep.c.obj
[adlrvp_mchp:ro] [46/346] Building C object zephyr/CMakeFiles/zephyr.dir/subsys/shell/modules/kernel_service/thread/stacks.c.obj
[adlrvp_mchp:ro] [47/346] Building C object zephyr/CMakeFiles/zephyr.dir/subsys/shell/modules/kernel_service/thread/suspend.c.obj
[felino4es:ro] [63/371] Building C object CMakeFiles/app.dir/mnt/host/source/src/platform/ec/build/zephyr/felino4es/modules/ec/common/cbi.c.obj
[screebo:rw] [183/419] Building C object zephyr/CMakeFiles/zephyr.dir/subsys/shell/modules/kernel_service/version.c.obj
[adlrvp_mchp:rw] [110/346] Building C object CMakeFiles/app.dir/mnt/host/source/src/platform/ec/build/zephyr/adlrvp_mchp/modules/ec/driver/led/max695x.c.obj
[screebo:rw] [184/419] Building C object zephyr/CMakeFiles/zephyr.dir/subsys/shell/modules/kernel_service/thread/thread.c.obj
[felino4es:ro] [64/371] Building C object CMakeFiles/app.dir/mnt/host/source/src/platform/ec/build/zephyr/felino4es/modules/ec/common/cbi_config.c.obj
[screebo:rw] [185/419] Building C object zephyr/CMakeFiles/zephyr.dir/subsys/shell/modules/kernel_service/thread/list.c.obj
[adlrvp_mchp:rw] [111/346] Building C object CMakeFiles/app.dir/src/intelrvp.c.obj
[adlrvp_mchp:ro] [48/346] Building C object zephyr/CMakeFiles/zephyr.dir/subsys/shell/modules/kernel_service/thread/resume.c.obj
[screebo:rw] [186/419] Building C object zephyr/CMakeFiles/zephyr.dir/subsys/shell/modules/kernel_service/thread/stacks.c.obj
[screebo:rw] [187/419] Building C object zephyr/CMakeFiles/zephyr.dir/subsys/shell/modules/kernel_service/thread/suspend.c.obj
[felino4es:ro] [65/371] Building C object CMakeFiles/app.dir/mnt/host/source/src/platform/ec/build/zephyr/felino4es/modules/ec/common/memory_commands.c.obj
[matsu_it82000:ro] -- Configuring done (29.4s)
[adlrvp_mchp:ro] [49/346] Building C object zephyr/CMakeFiles/zephyr.dir/subsys/shell/modules/kernel_service/thread/kill.c.obj
[adlrvp_mchp:rw] [112/346] Building C object CMakeFiles/app.dir/src/intel_rvp_board_id.c.obj
[screebo:rw] [188/419] Building C object zephyr/CMakeFiles/zephyr.dir/subsys/shell/modules/kernel_service/thread/resume.c.obj
[adlrvp_mchp:ro] [50/346] Building C object zephyr/CMakeFiles/zephyr.dir/subsys/shell/backends/shell_uart.c.obj
[screebo:rw] [189/419] Building C object zephyr/CMakeFiles/zephyr.dir/subsys/shell/backends/shell_uart.c.obj
[screebo:rw] [190/419] Building C object zephyr/CMakeFiles/zephyr.dir/subsys/shell/modules/kernel_service/thread/kill.c.obj
[adlrvp_mchp:rw] [113/346] Building C object CMakeFiles/app.dir/adlrvp/src/adlrvp.c.obj
[adlrvp_mchp:ro] [51/346] Building C object zephyr/CMakeFiles/zephyr.dir/subsys/shell/shell.c.obj
[ocelotrvp-npcx:rw] -- Generated pickled edt: /mnt/host/source/src/platform/ec/build/zephyr/ocelotrvp-npcx/build-rw/zephyr/edt.pickle
[ocelotrvp-npcx:rw] -- Generated devicetree_generated.h: /mnt/host/source/src/platform/ec/build/zephyr/ocelotrvp-npcx/build-rw/zephyr/include/generated/zephyr/devicetree_generated.h
[screebo:rw] [191/419] Building C object zephyr/CMakeFiles/zephyr.dir/subsys/shell/shell.c.obj
[felino4es:ro] [66/371] Building C object CMakeFiles/app.dir/mnt/host/source/src/platform/ec/build/zephyr/felino4es/modules/ec/common/dptf.c.obj
[adlrvp_mchp:rw] [114/346] Building C object CMakeFiles/app.dir/src/usb_pd_policy_mecc_1_0.c.obj
[felino4es:ro] [67/371] Building C object CMakeFiles/app.dir/mnt/host/source/src/platform/ec/build/zephyr/felino4es/modules/ec/common/ap_reset_log.c.obj
[screebo:rw] [192/419] Building C object zephyr/CMakeFiles/zephyr.dir/subsys/shell/shell_fprintf.c.obj
[screebo:rw] [193/419] Building C object zephyr/CMakeFiles/zephyr.dir/subsys/shell/shell_ops.c.obj
[adlrvp_mchp:rw] [115/346] Building C object CMakeFiles/app.dir/src/chg_usb_pd_mecc_1_0.c.obj
[felino4es:ro] [68/371] Building C object CMakeFiles/app.dir/mnt/host/source/src/platform/ec/build/zephyr/felino4es/modules/ec/common/espi.c.obj
[screebo:rw] [194/419] Building C object zephyr/CMakeFiles/zephyr.dir/subsys/shell/shell_utils.c.obj
[adlrvp_mchp:ro] [52/346] Building C object zephyr/CMakeFiles/zephyr.dir/subsys/shell/shell_fprintf.c.obj
[screebo:rw] [195/419] Building C object zephyr/CMakeFiles/zephyr.dir/subsys/shell/shell_history.c.obj
[screebo:rw] [196/419] Building C object zephyr/CMakeFiles/zephyr.dir/drivers/flash/flash_util.c.obj
[screebo:rw] [197/419] Building C object zephyr/arch/common/CMakeFiles/arch__common.dir/sw_isr_common.c.obj
[screebo:rw] [198/419] Building C object zephyr/arch/common/CMakeFiles/arch__common.dir/init.c.obj
[felino4es:ro] [69/371] Building C object CMakeFiles/app.dir/mnt/host/source/src/platform/ec/build/zephyr/felino4es/modules/ec/common/extpower_common.c.obj
[adlrvp_mchp:rw] [116/346] Building C object CMakeFiles/app.dir/src/chg_usb_pd.c.obj
[felino4es:ro] [70/371] Building C object CMakeFiles/app.dir/mnt/host/source/src/platform/ec/build/zephyr/felino4es/modules/ec/common/extpower_gpio.c.obj
[felino4es:ro] [71/371] Building C object CMakeFiles/app.dir/mnt/host/source/src/platform/ec/build/zephyr/felino4es/modules/ec/common/fan.c.obj
[adlrvp_mchp:ro] [53/346] Building C object zephyr/CMakeFiles/zephyr.dir/subsys/shell/shell_utils.c.obj
[skitty:rw] -- Generated zephyr.dts: /mnt/host/source/src/platform/ec/build/zephyr/skitty/build-rw/zephyr/zephyr.dts
[felino4es:ro] [72/371] Building C object CMakeFiles/app.dir/mnt/host/source/src/platform/ec/build/zephyr/felino4es/modules/ec/common/flash.c.obj
[screebo:rw] [199/419] Building C object zephyr/arch/common/CMakeFiles/arch__common.dir/xip.c.obj
[felino4es:rw] [32/371] Building ASM object zephyr/CMakeFiles/zephyr.dir/soc/ite/ec/common/soc_irq.S.obj
[adlrvp_mchp:ro] [54/346] Building C object zephyr/CMakeFiles/zephyr.dir/subsys/shell/shell_ops.c.obj
[screebo:rw] [200/419] Building C object zephyr/arch/common/CMakeFiles/isr_tables.dir/isr_tables.c.obj
[adlrvp_mchp:ro] [55/346] Building C object zephyr/CMakeFiles/zephyr.dir/subsys/shell/shell_help.c.obj
[felino4es:ro] [73/371] Building C object CMakeFiles/app.dir/mnt/host/source/src/platform/ec/build/zephyr/felino4es/modules/ec/common/host_command.c.obj
[felino4es:rw] [33/371] Building C object zephyr/CMakeFiles/zephyr.dir/soc/ite/ec/common/soc_common_irq.c.obj
[adlrvp_mchp:ro] [56/346] Building C object zephyr/CMakeFiles/zephyr.dir/subsys/shell/shell_history.c.obj
[felino4es:ro] [74/371] Building C object CMakeFiles/app.dir/mnt/host/source/src/platform/ec/build/zephyr/felino4es/modules/ec/common/host_command_task.c.obj
[felino4es:rw] [34/371] Building C object zephyr/CMakeFiles/zephyr.dir/soc/ite/ec/common/power.c.obj
[ocelotrvp-npcx:ro] -- Generated devicetree_generated.h: /mnt/host/source/src/platform/ec/build/zephyr/ocelotrvp-npcx/build-ro/zephyr/include/generated/zephyr/devicetree_generated.h
[felino4es:rw] [35/371] Building C object zephyr/CMakeFiles/zephyr.dir/soc/ite/ec/common/policy.c.obj
[adlrvp_mchp:ro] [57/346] Building C object zephyr/CMakeFiles/zephyr.dir/drivers/flash/flash_util.c.obj
[felino4es:ro] [75/371] Building C object CMakeFiles/app.dir/mnt/host/source/src/platform/ec/build/zephyr/felino4es/modules/ec/common/host_event_commands.c.obj
[screebo:rw] [201/419] Linking C static library zephyr/libzephyr.a
[felino4es:ro] [76/371] Building C object CMakeFiles/app.dir/mnt/host/source/src/platform/ec/build/zephyr/felino4es/modules/ec/common/uart_hostcmd.c.obj
[screebo:rw] [202/419] Building C object zephyr/arch/arch/arm/core/CMakeFiles/arch__arm__core.dir/fatal.c.obj
[felino4es:rw] [36/371] Building C object zephyr/CMakeFiles/zephyr.dir/soc/ite/ec/it8xxx2/soc.c.obj
[felino4es:rw] [37/371] Building C object zephyr/CMakeFiles/zephyr.dir/soc/ite/ec/it8xxx2/check_regs.c.obj
[screebo:rw] [203/419] Linking C static library zephyr/arch/common/libisr_tables.a
[screebo:rw] [204/419] Building C object zephyr/arch/arch/arm/core/CMakeFiles/arch__arm__core.dir/nmi.c.obj
[felino4es:ro] [77/371] Building C object CMakeFiles/app.dir/mnt/host/source/src/platform/ec/build/zephyr/felino4es/modules/ec/common/uptime.c.obj
[felino4es:ro] [78/371] Building C object CMakeFiles/app.dir/mnt/host/source/src/platform/ec/build/zephyr/felino4es/modules/ec/common/i2c_controller.c.obj
[felino4es:ro] [79/371] Building C object CMakeFiles/app.dir/mnt/host/source/src/platform/ec/build/zephyr/felino4es/modules/ec/common/i2c_passthru.c.obj
[felino4es:ro] [80/371] Building C object CMakeFiles/app.dir/mnt/host/source/src/platform/ec/build/zephyr/felino4es/modules/ec/common/keyboard_8042.c.obj
[adlrvp_mchp:rw] [117/346] Linking C static library app/libapp.a
[felino4es:ro] [81/371] Building C object CMakeFiles/app.dir/mnt/host/source/src/platform/ec/build/zephyr/felino4es/modules/ec/common/keyboard_8042_sharedlib.c.obj
[felino4es:ro] [82/371] Building C object CMakeFiles/app.dir/mnt/host/source/src/platform/ec/build/zephyr/felino4es/modules/ec/common/mkbp_fifo.c.obj
[adlrvp_mchp:rw] [118/346] Building C object zephyr/CMakeFiles/zephyr.dir/lib/libc/validate_libc.c.obj
[felino4es:ro] [83/371] Building C object CMakeFiles/app.dir/mnt/host/source/src/platform/ec/build/zephyr/felino4es/modules/ec/common/mkbp_info.c.obj
[adlrvp_mchp:rw] [119/346] Building C object zephyr/CMakeFiles/zephyr.dir/lib/heap/heap.c.obj
[adlrvp_mchp:ro] [58/346] Linking C static library zephyr/libzephyr.a
[felino4es:ro] [84/371] Building C object CMakeFiles/app.dir/mnt/host/source/src/platform/ec/build/zephyr/felino4es/modules/ec/common/mkbp_input_devices.c.obj
[adlrvp_mchp:rw] [120/346] Building C object zephyr/CMakeFiles/zephyr.dir/lib/os/cbprintf_packaged.c.obj
[adlrvp_mchp:ro] [59/346] Building C object zephyr/arch/common/CMakeFiles/arch__common.dir/sw_isr_common.c.obj
[adlrvp_mchp:ro] [60/346] Building C object zephyr/arch/common/CMakeFiles/arch__common.dir/init.c.obj
[felino4es:ro] [85/371] Building C object CMakeFiles/app.dir/mnt/host/source/src/platform/ec/build/zephyr/felino4es/modules/ec/common/led_common.c.obj
[npcx_monitor:singleimage] [59/158] Building ASM object zephyr/arch/arch/arm/core/cortex_m/CMakeFiles/arch__arm__core__cortex_m.dir/vector_table.S.obj
[screebo:rw] [205/419] Linking C static library zephyr/arch/common/libarch__common.a
[adlrvp_mchp:rw] [121/346] Building C object zephyr/CMakeFiles/zephyr.dir/lib/os/clock.c.obj
[adlrvp_mchp:ro] [61/346] Building C object zephyr/arch/common/CMakeFiles/arch__common.dir/xip.c.obj
[felino4es:ro] [86/371] Building C object CMakeFiles/app.dir/mnt/host/source/src/platform/ec/build/zephyr/felino4es/modules/ec/common/lid_switch.c.obj
[screebo:rw] [206/419] Building C object zephyr/arch/arch/arm/core/cortex_m/CMakeFiles/arch__arm__core__cortex_m.dir/exc_exit.c.obj
[adlrvp_mchp:rw] [122/346] Building C object zephyr/CMakeFiles/zephyr.dir/lib/os/printk.c.obj
[adlrvp_mchp:ro] [62/346] Building C object zephyr/arch/common/CMakeFiles/isr_tables.dir/isr_tables.c.obj
[adlrvp_mchp:rw] [123/346] Building C object zephyr/CMakeFiles/zephyr.dir/lib/os/sem.c.obj
[felino4es:ro] [87/371] Building C object CMakeFiles/app.dir/mnt/host/source/src/platform/ec/build/zephyr/felino4es/modules/ec/common/mkbp_event.c.obj
[adlrvp_mchp:rw] [124/346] Building C object zephyr/CMakeFiles/zephyr.dir/lib/os/thread_entry.c.obj
[screebo:rw] [207/419] Building C object zephyr/arch/arch/arm/core/cortex_m/CMakeFiles/arch__arm__core__cortex_m.dir/fault.c.obj
[adlrvp_mchp:rw] [125/346] Building C object zephyr/CMakeFiles/zephyr.dir/lib/os/cbprintf_nano.c.obj
[screebo:rw] [208/419] Building ASM object zephyr/arch/arch/arm/core/CMakeFiles/arch__arm__core.dir/nmi_on_reset.S.obj
[felino4es:ro] [88/371] Building C object CMakeFiles/app.dir/mnt/host/source/src/platform/ec/build/zephyr/felino4es/modules/ec/common/port80.c.obj
[adlrvp_mchp:rw] [126/346] Building C object zephyr/CMakeFiles/zephyr.dir/lib/os/cbprintf.c.obj
[felino4es:ro] [89/371] Building C object CMakeFiles/app.dir/mnt/host/source/src/platform/ec/build/zephyr/felino4es/modules/ec/common/power_button.c.obj
[felino4es:ro] [90/371] Building C object CMakeFiles/app.dir/mnt/host/source/src/platform/ec/build/zephyr/felino4es/modules/ec/power/hibernate.c.obj
[adlrvp_mchp:rw] [127/346] Building C object zephyr/CMakeFiles/zephyr.dir/lib/os/assert.c.obj
[adlrvp_mchp:rw] [128/346] Building C object zephyr/CMakeFiles/zephyr.dir/lib/utils/dec.c.obj
[felino4es:ro] [91/371] Building C object CMakeFiles/app.dir/mnt/host/source/src/platform/ec/build/zephyr/felino4es/modules/ec/common/panic_output.c.obj
[adlrvp_mchp:rw] [129/346] Building C object zephyr/CMakeFiles/zephyr.dir/lib/utils/hex.c.obj
[felino4es:ro] [92/371] Building C object CMakeFiles/app.dir/mnt/host/source/src/platform/ec/build/zephyr/felino4es/modules/ec/common/shared_mem.c.obj
[screebo:rw] [209/419] Linking C static library zephyr/arch/arch/arm/core/libarch__arm__core.a
[felino4es:ro] [93/371] Building C object CMakeFiles/app.dir/mnt/host/source/src/platform/ec/build/zephyr/felino4es/modules/ec/common/switch.c.obj
[adlrvp_mchp:rw] [130/346] Building C object zephyr/CMakeFiles/zephyr.dir/lib/utils/rb.c.obj
[screebo:rw] [210/419] Building C object zephyr/arch/arch/arm/core/cortex_m/CMakeFiles/arch__arm__core__cortex_m.dir/fpu.c.obj
[adlrvp_mchp:rw] [131/346] Building C object zephyr/CMakeFiles/zephyr.dir/lib/utils/timeutil.c.obj
[felino4es:ro] [94/371] Building C object CMakeFiles/app.dir/mnt/host/source/src/platform/ec/build/zephyr/felino4es/modules/ec/common/thermal.c.obj
[screebo:ro] [13/419] Building C object CMakeFiles/app.dir/mnt/host/source/src/platform/ec/zephyr/subsys/ap_pwrseq/ap_power_interface.c.obj
[adlrvp_mchp:ro] [63/346] Linking C static library zephyr/arch/common/libisr_tables.a
[felino4es:ro] [95/371] Building C object CMakeFiles/app.dir/mnt/host/source/src/platform/ec/build/zephyr/felino4es/modules/ec/common/temp_sensor.c.obj
[adlrvp_mchp:rw] [132/346] Building C object zephyr/CMakeFiles/zephyr.dir/lib/utils/bitarray.c.obj
[adlrvp_mchp:rw] [133/346] Building C object zephyr/CMakeFiles/zephyr.dir/lib/utils/bitmask.c.obj
[felino4es:rw] [38/371] Building ASM object zephyr/CMakeFiles/zephyr.dir/soc/ite/ec/it8xxx2/vector.S.obj
[felino4es:ro] [96/371] Building C object CMakeFiles/app.dir/mnt/host/source/src/platform/ec/build/zephyr/felino4es/modules/ec/driver/temp_sensor/thermistor.c.obj
[adlrvp_mchp:rw] [134/346] Building C object zephyr/CMakeFiles/zephyr.dir/lib/utils/getopt/getopt.c.obj
[felino4es:rw] [39/371] Building C object zephyr/CMakeFiles/zephyr.dir/soc/ite/ec/it8xxx2/ilm.c.obj
[felino4es:ro] [97/371] Building C object CMakeFiles/app.dir/mnt/host/source/src/platform/ec/build/zephyr/felino4es/modules/ec/common/timer.c.obj
[adlrvp_mchp:rw] [135/346] Building C object zephyr/CMakeFiles/zephyr.dir/lib/utils/getopt/getopt_common.c.obj
[screebo:rw] [211/419] Building ASM object zephyr/arch/arch/arm/core/cortex_m/CMakeFiles/arch__arm__core__cortex_m.dir/fault_s.S.obj
[adlrvp_mchp:rw] [136/346] Building C object zephyr/CMakeFiles/zephyr.dir/lib/utils/ring_buffer.c.obj
[felino4es:rw] [40/371] Building C object zephyr/CMakeFiles/zephyr.dir/subsys/logging/log_minimal.c.obj
[adlrvp_mchp:ro] [64/346] Linking C static library zephyr/arch/common/libarch__common.a
[felino4es:rw] [41/371] Building C object zephyr/CMakeFiles/zephyr.dir/subsys/pm/pm.c.obj
[felino4es:ro] [98/371] Building C object CMakeFiles/app.dir/mnt/host/source/src/platform/ec/build/zephyr/felino4es/modules/ec/common/usb_port_power_dumb.c.obj
[adlrvp_mchp:ro] [65/346] Building C object zephyr/arch/arch/arm/core/CMakeFiles/arch__arm__core.dir/fatal.c.obj
[adlrvp_mchp:rw] [137/346] Building C object zephyr/CMakeFiles/zephyr.dir/lib/utils/last_section_id.c.obj
[screebo:rw] [212/419] Building C object zephyr/arch/arch/arm/core/cortex_m/CMakeFiles/arch__arm__core__cortex_m.dir/scb.c.obj
[felino4es:rw] [42/371] Building C object zephyr/CMakeFiles/zephyr.dir/subsys/pm/state.c.obj
[adlrvp_mchp:rw] [138/346] Building C object zephyr/CMakeFiles/zephyr.dir/misc/generated/configs.c.obj
[adlrvp_mchp:ro] [66/346] Building C object zephyr/arch/arch/arm/core/CMakeFiles/arch__arm__core.dir/nmi.c.obj
[felino4es:ro] [99/371] Building C object CMakeFiles/app.dir/mnt/host/source/src/platform/ec/build/zephyr/felino4es/modules/ec/common/usbc_utils.c.obj
[screebo:rw] [213/419] Building C object zephyr/arch/arch/arm/core/cortex_m/CMakeFiles/arch__arm__core__cortex_m.dir/thread_abort.c.obj
[felino4es:rw] [43/371] Building C object zephyr/CMakeFiles/zephyr.dir/subsys/pm/policy/policy_events.c.obj
[adlrvp_mchp:rw] [139/346] Building C object zephyr/CMakeFiles/zephyr.dir/soc/microchip/mec/mec172x/soc.c.obj
[felino4es:ro] [100/371] Building C object CMakeFiles/app.dir/mnt/host/source/src/platform/ec/build/zephyr/felino4es/modules/ec/common/usb_common.c.obj
[felino4es:rw] [44/371] Building C object zephyr/CMakeFiles/zephyr.dir/subsys/pm/policy/policy_latency.c.obj
[adlrvp_mchp:rw] [140/346] Building C object zephyr/CMakeFiles/zephyr.dir/soc/microchip/mec/common/soc_ecia.c.obj
[felino4es:rw] [45/371] Building C object zephyr/CMakeFiles/zephyr.dir/subsys/pm/policy/policy_state_lock.c.obj
[felino4es:ro] [101/371] Building C object CMakeFiles/app.dir/mnt/host/source/src/platform/ec/build/zephyr/felino4es/modules/ec/common/usb_pd_host_cmd_common.c.obj
[adlrvp_mchp:rw] [141/346] Building C object zephyr/CMakeFiles/zephyr.dir/soc/microchip/mec/common/soc_i2c.c.obj
[adlrvp_mchp:rw] [142/346] Building C object zephyr/CMakeFiles/zephyr.dir/subsys/logging/log_minimal.c.obj
[felino4es:ro] [102/371] Building C object CMakeFiles/app.dir/mnt/host/source/src/platform/ec/build/zephyr/felino4es/modules/ec/common/vboot_hash.c.obj
[felino4es:rw] [46/371] Building C object zephyr/CMakeFiles/zephyr.dir/subsys/pm/device.c.obj
[skitty:rw] -- Generated pickled edt: /mnt/host/source/src/platform/ec/build/zephyr/skitty/build-rw/zephyr/edt.pickle
[felino4es:ro] [103/371] Building C object CMakeFiles/app.dir/mnt/host/source/src/platform/ec/build/zephyr/felino4es/modules/ec/common/button.c.obj
[skitty:rw] -- Generated devicetree_generated.h: /mnt/host/source/src/platform/ec/build/zephyr/skitty/build-rw/zephyr/include/generated/zephyr/devicetree_generated.h
[felino4es:rw] [47/371] Building C object zephyr/CMakeFiles/zephyr.dir/subsys/pm/device_runtime.c.obj
[adlrvp_mchp:rw] [143/346] Building C object zephyr/CMakeFiles/zephyr.dir/subsys/mem_mgmt/mem_attr.c.obj
[felino4es:rw] [48/371] Building C object zephyr/CMakeFiles/zephyr.dir/subsys/pm/device_system_managed.c.obj
[felino4es:ro] [104/371] Building C object CMakeFiles/app.dir/mnt/host/source/src/platform/ec/build/zephyr/felino4es/modules/ec/common/vboot/efs2.c.obj
[adlrvp_mchp:rw] [144/346] Building C object zephyr/CMakeFiles/zephyr.dir/subsys/testsuite/coverage/coverage.c.obj
[adlrvp_mchp:rw] [145/346] Building C object zephyr/CMakeFiles/zephyr.dir/subsys/tracing/tracing_none.c.obj
[felino4es:ro] [105/371] Building C object CMakeFiles/app.dir/mnt/host/source/src/platform/ec/build/zephyr/felino4es/modules/ec/common/vstore.c.obj
[adlrvp_mchp:ro] [67/346] Building ASM object zephyr/arch/arch/arm/core/CMakeFiles/arch__arm__core.dir/nmi_on_reset.S.obj
[felino4es:rw] [49/371] Building C object zephyr/CMakeFiles/zephyr.dir/subsys/testsuite/coverage/coverage.c.obj
[adlrvp_mchp:rw] [146/346] Building C object zephyr/CMakeFiles/zephyr.dir/subsys/shell/modules/kernel_service/kernel_shell.c.obj
[felino4es:rw] [50/371] Building C object zephyr/CMakeFiles/zephyr.dir/subsys/tracing/tracing_none.c.obj
[adlrvp_mchp:rw] [147/346] Building C object zephyr/CMakeFiles/zephyr.dir/subsys/shell/modules/kernel_service/cycles.c.obj
[felino4es:ro] [106/371] Building C object CMakeFiles/app.dir/mnt/host/source/src/platform/ec/build/zephyr/felino4es/modules/ec/common/math_util.c.obj
[adlrvp_mchp:rw] [148/346] Building C object zephyr/CMakeFiles/zephyr.dir/subsys/shell/modules/kernel_service/sleep.c.obj
[felino4es:rw] [51/371] Building C object zephyr/CMakeFiles/zephyr.dir/subsys/shell/modules/kernel_service/kernel_shell.c.obj
[adlrvp_mchp:rw] [149/346] Building C object zephyr/CMakeFiles/zephyr.dir/subsys/shell/modules/kernel_service/uptime.c.obj
[felino4es:rw] [52/371] Building C object zephyr/CMakeFiles/zephyr.dir/subsys/shell/modules/kernel_service/cycles.c.obj
[felino4es:ro] [107/371] Building C object CMakeFiles/app.dir/felino/src/board.c.obj
[adlrvp_mchp:rw] [150/346] Building C object zephyr/CMakeFiles/zephyr.dir/subsys/shell/modules/kernel_service/version.c.obj
[felino4es:rw] [53/371] Building C object zephyr/CMakeFiles/zephyr.dir/subsys/shell/modules/kernel_service/sleep.c.obj
[lotso:rw] /mnt/host/source/src/platform/ec/build/zephyr/lotso/build-rw/zephyr/zephyr.dts:1315.27-2014.5: Warning (avoid_unnecessary_addr_size): /soc/pin-controller: unnecessary #address-cells/#size-cells without "ranges" or child "reg" property
[felino4es:rw] [54/371] Building C object zephyr/CMakeFiles/zephyr.dir/subsys/shell/modules/kernel_service/uptime.c.obj
[felino4es:ro] [108/371] Building C object CMakeFiles/app.dir/felino/src/board_power.c.obj
[adlrvp_mchp:rw] [151/346] Building C object zephyr/CMakeFiles/zephyr.dir/subsys/shell/modules/kernel_service/thread/thread.c.obj
[adlrvp_mchp:ro] [68/346] Linking C static library zephyr/arch/arch/arm/core/libarch__arm__core.a
[adlrvp_mchp:rw] [152/346] Building C object zephyr/CMakeFiles/zephyr.dir/subsys/shell/modules/kernel_service/thread/list.c.obj
[felino4es:rw] [55/371] Building C object zephyr/CMakeFiles/zephyr.dir/subsys/shell/modules/kernel_service/version.c.obj
[felino4es:ro] [109/371] Building C object CMakeFiles/app.dir/felino4es/src/keyboard_customization.c.obj
[adlrvp_mchp:rw] [153/346] Building C object zephyr/CMakeFiles/zephyr.dir/subsys/shell/modules/kernel_service/thread/stacks.c.obj
[adlrvp_mchp:ro] [69/346] Building C object zephyr/arch/arch/arm/core/cortex_m/CMakeFiles/arch__arm__core__cortex_m.dir/exc_exit.c.obj
[adlrvp_mchp:rw] [154/346] Building C object zephyr/CMakeFiles/zephyr.dir/subsys/shell/modules/kernel_service/thread/suspend.c.obj
[felino4es:rw] [56/371] Building C object zephyr/CMakeFiles/zephyr.dir/subsys/shell/modules/kernel_service/thread/thread.c.obj
[adlrvp_mchp:ro] [70/346] Building C object zephyr/arch/arch/arm/core/cortex_m/CMakeFiles/arch__arm__core__cortex_m.dir/fault.c.obj
[felino4es:rw] [57/371] Building C object zephyr/CMakeFiles/zephyr.dir/subsys/shell/modules/kernel_service/thread/list.c.obj
[adlrvp_mchp:rw] [155/346] Building C object zephyr/CMakeFiles/zephyr.dir/subsys/shell/modules/kernel_service/thread/resume.c.obj
[skitty:ro] -- Generated zephyr.dts: /mnt/host/source/src/platform/ec/build/zephyr/skitty/build-ro/zephyr/zephyr.dts
[skitty:ro] -- Generated pickled edt: /mnt/host/source/src/platform/ec/build/zephyr/skitty/build-ro/zephyr/edt.pickle
[felino4es:rw] [58/371] Building C object zephyr/CMakeFiles/zephyr.dir/subsys/shell/modules/kernel_service/thread/stacks.c.obj
[adlrvp_mchp:rw] [156/346] Building C object zephyr/CMakeFiles/zephyr.dir/subsys/shell/modules/kernel_service/thread/kill.c.obj
[felino4es:rw] [59/371] Building C object zephyr/CMakeFiles/zephyr.dir/subsys/shell/modules/kernel_service/thread/unwind.c.obj
[adlrvp_mchp:rw] [157/346] Building C object zephyr/CMakeFiles/zephyr.dir/subsys/shell/backends/shell_uart.c.obj
[felino4es:rw] [60/371] Building C object zephyr/CMakeFiles/zephyr.dir/subsys/shell/modules/kernel_service/thread/suspend.c.obj
[screebo:rw] [214/419] Building ASM object zephyr/arch/arch/arm/core/cortex_m/CMakeFiles/arch__arm__core__cortex_m.dir/vector_table.S.obj
[adlrvp_mchp:rw] [158/346] Building C object zephyr/CMakeFiles/zephyr.dir/subsys/shell/shell.c.obj
[felino4es:rw] [61/371] Building C object zephyr/CMakeFiles/zephyr.dir/subsys/shell/modules/kernel_service/thread/resume.c.obj
[adlrvp_mchp:rw] [159/346] Building C object zephyr/CMakeFiles/zephyr.dir/subsys/shell/shell_fprintf.c.obj
[felino4es:rw] [62/371] Building C object zephyr/CMakeFiles/zephyr.dir/subsys/shell/modules/kernel_service/thread/kill.c.obj
[felino4es:rw] [63/371] Building C object zephyr/CMakeFiles/zephyr.dir/subsys/shell/backends/shell_uart.c.obj
[adlrvp_mchp:rw] [160/346] Building C object zephyr/CMakeFiles/zephyr.dir/subsys/shell/shell_utils.c.obj
[npcx_monitor:singleimage] [60/158] Building ASM object zephyr/arch/arch/arm/core/cortex_m/CMakeFiles/arch__arm__core__cortex_m.dir/swap_helper.S.obj
[adlrvp_mchp:rw] [161/346] Building C object zephyr/CMakeFiles/zephyr.dir/subsys/shell/shell_ops.c.obj
[npcx_monitor:singleimage] [61/158] Building C object zephyr/arch/arch/arm/core/cortex_m/CMakeFiles/arch__arm__core__cortex_m.dir/irq_manage.c.obj
[felino4es:rw] [64/371] Building C object zephyr/CMakeFiles/zephyr.dir/subsys/shell/shell.c.obj
[adlrvp_mchp:rw] [162/346] Building C object zephyr/CMakeFiles/zephyr.dir/subsys/shell/shell_help.c.obj
[adlrvp_mchp:ro] [71/346] Building ASM object zephyr/arch/arch/arm/core/cortex_m/CMakeFiles/arch__arm__core__cortex_m.dir/fault_s.S.obj
[npcx_monitor:singleimage] [62/158] Building C object zephyr/arch/arch/arm/core/cortex_m/CMakeFiles/arch__arm__core__cortex_m.dir/prep_c.c.obj
[adlrvp_mchp:ro] [72/346] Building C object zephyr/arch/arch/arm/core/cortex_m/CMakeFiles/arch__arm__core__cortex_m.dir/fpu.c.obj
[felino4es:rw] [65/371] Building C object zephyr/CMakeFiles/zephyr.dir/subsys/shell/shell_fprintf.c.obj
[adlrvp_mchp:rw] [163/346] Building C object zephyr/CMakeFiles/zephyr.dir/subsys/shell/shell_history.c.obj
[npcx_monitor:singleimage] [63/158] Building C object zephyr/arch/arch/arm/core/cortex_m/CMakeFiles/arch__arm__core__cortex_m.dir/thread.c.obj
[felino4es:rw] [66/371] Building C object zephyr/CMakeFiles/zephyr.dir/subsys/shell/shell_utils.c.obj
[adlrvp_mchp:rw] [164/346] Building C object zephyr/CMakeFiles/zephyr.dir/drivers/flash/flash_util.c.obj
[npcx_monitor:singleimage] [64/158] Building C object zephyr/arch/arch/arm/core/cortex_m/CMakeFiles/arch__arm__core__cortex_m.dir/cpu_idle.c.obj
[felino4es:ro] [110/371] Linking C static library app/libapp.a
[felino4es:rw] [67/371] Building C object zephyr/CMakeFiles/zephyr.dir/subsys/shell/shell_ops.c.obj
[npcx_monitor:singleimage] [65/158] Building C object zephyr/arch/arch/arm/core/cortex_m/CMakeFiles/arch__arm__core__cortex_m.dir/irq_init.c.obj
[felino4es:ro] [111/371] Building C object zephyr/CMakeFiles/zephyr.dir/lib/libc/validate_libc.c.obj
[felino4es:rw] [68/371] Building C object zephyr/CMakeFiles/zephyr.dir/subsys/shell/shell_help.c.obj
[felino4es:ro] [112/371] Building C object zephyr/CMakeFiles/zephyr.dir/lib/heap/heap.c.obj
[npcx_monitor:singleimage] [66/158] Building C object zephyr/arch/arch/arm/core/cortex_m/CMakeFiles/arch__arm__core__cortex_m.dir/isr_wrapper.c.obj
[felino4es:rw] [69/371] Building C object zephyr/CMakeFiles/zephyr.dir/subsys/shell/shell_history.c.obj
[felino4es:ro] [113/371] Building C object zephyr/CMakeFiles/zephyr.dir/lib/os/cbprintf_packaged.c.obj
[felino4es:rw] [70/371] Building C object zephyr/CMakeFiles/zephyr.dir/drivers/flash/flash_util.c.obj
[felino4es:ro] [114/371] Building C object zephyr/CMakeFiles/zephyr.dir/lib/os/clock.c.obj
[felino4es:ro] [115/371] Building C object zephyr/CMakeFiles/zephyr.dir/lib/os/printk.c.obj
[screebo:rw] [215/419] Building ASM object zephyr/arch/arch/arm/core/cortex_m/CMakeFiles/arch__arm__core__cortex_m.dir/reset.S.obj
[npcx_monitor:singleimage] [67/158] Linking C static library zephyr/arch/arch/arm/core/cortex_m/libarch__arm__core__cortex_m.a
[felino4es:ro] [116/371] Building C object zephyr/CMakeFiles/zephyr.dir/lib/os/sem.c.obj
[screebo:rw] [216/419] Building C object zephyr/arch/arch/arm/core/cortex_m/CMakeFiles/arch__arm__core__cortex_m.dir/irq_manage.c.obj
[screebo:rw] [217/419] Building C object zephyr/arch/arch/arm/core/cortex_m/CMakeFiles/arch__arm__core__cortex_m.dir/prep_c.c.obj
[felino4es:ro] [117/371] Building C object zephyr/CMakeFiles/zephyr.dir/lib/os/thread_entry.c.obj
[adlrvp_mchp:rw] [165/346] Linking C static library zephyr/libzephyr.a
[screebo:rw] [218/419] Building C object zephyr/arch/arch/arm/core/cortex_m/CMakeFiles/arch__arm__core__cortex_m.dir/thread.c.obj
[felino4es:ro] [118/371] Building C object zephyr/CMakeFiles/zephyr.dir/lib/os/cbprintf_nano.c.obj
[adlrvp_mchp:rw] [166/346] Building C object zephyr/arch/common/CMakeFiles/arch__common.dir/sw_isr_common.c.obj
[screebo:rw] [219/419] Building C object zephyr/arch/arch/arm/core/cortex_m/CMakeFiles/arch__arm__core__cortex_m.dir/cpu_idle.c.obj
[felino4es:ro] [119/371] Building C object zephyr/CMakeFiles/zephyr.dir/lib/os/cbprintf.c.obj
[adlrvp_mchp:rw] [167/346] Building C object zephyr/arch/common/CMakeFiles/arch__common.dir/init.c.obj
[screebo:rw] [220/419] Building C object zephyr/arch/arch/arm/core/cortex_m/CMakeFiles/arch__arm__core__cortex_m.dir/irq_init.c.obj
[felino4es:ro] [120/371] Building C object zephyr/CMakeFiles/zephyr.dir/lib/os/assert.c.obj
[adlrvp_mchp:rw] [168/346] Building C object zephyr/arch/common/CMakeFiles/arch__common.dir/xip.c.obj
[screebo:rw] [221/419] Building C object zephyr/arch/arch/arm/core/cortex_m/CMakeFiles/arch__arm__core__cortex_m.dir/isr_wrapper.c.obj
[felino4es:ro] [121/371] Building C object zephyr/CMakeFiles/zephyr.dir/lib/utils/dec.c.obj
[adlrvp_mchp:rw] [169/346] Building C object zephyr/arch/common/CMakeFiles/isr_tables.dir/isr_tables.c.obj
[screebo:rw] [222/419] Building C object zephyr/arch/arch/arm/core/mpu/CMakeFiles/arch__arm__core__mpu.dir/arm_core_mpu.c.obj
[felino4es:ro] [122/371] Building C object zephyr/CMakeFiles/zephyr.dir/lib/utils/hex.c.obj
[npcx_monitor:singleimage] [68/158] Generating ../../../include/generated/libc/minimal/strerror_table.h
[felino4es:ro] [123/371] Building C object zephyr/CMakeFiles/zephyr.dir/lib/utils/rb.c.obj
[screebo:rw] [223/419] Building C object zephyr/arch/arch/arm/core/mpu/CMakeFiles/arch__arm__core__mpu.dir/arm_mpu.c.obj
[npcx_monitor:singleimage] [69/158] Building C object zephyr/lib/libc/minimal/CMakeFiles/lib__libc__minimal.dir/source/stdlib/atoi.c.obj
[screebo:rw] [224/419] Building C object zephyr/arch/arch/arm/core/mpu/CMakeFiles/arch__arm__core__mpu.dir/arm_mpu_regions.c.obj
[felino4es:ro] [124/371] Building C object zephyr/CMakeFiles/zephyr.dir/lib/utils/timeutil.c.obj
[npcx_monitor:singleimage] [70/158] Building C object zephyr/lib/libc/minimal/CMakeFiles/lib__libc__minimal.dir/source/stdlib/strtol.c.obj
[felino4es:ro] [125/371] Building C object zephyr/CMakeFiles/zephyr.dir/lib/utils/bitarray.c.obj
[npcx_monitor:singleimage] [71/158] Building C object zephyr/lib/libc/minimal/CMakeFiles/lib__libc__minimal.dir/source/stdlib/strtoul.c.obj
[felino4es:ro] [126/371] Building C object zephyr/CMakeFiles/zephyr.dir/lib/utils/bitmask.c.obj
[felino4es:rw] [71/371] Linking C static library zephyr/libzephyr.a
[npcx_monitor:singleimage] [72/158] Building C object zephyr/lib/libc/minimal/CMakeFiles/lib__libc__minimal.dir/source/stdlib/strtoll.c.obj
[felino4es:ro] [127/371] Building C object zephyr/CMakeFiles/zephyr.dir/lib/utils/getopt/getopt.c.obj
[felino4es:rw] [72/371] Building C object zephyr/arch/common/CMakeFiles/arch__common.dir/sw_isr_common.c.obj
[adlrvp_mchp:rw] [170/346] Linking C static library zephyr/arch/common/libisr_tables.a
[felino4es:ro] [128/371] Building C object zephyr/CMakeFiles/zephyr.dir/lib/utils/getopt/getopt_common.c.obj
[felino4es:rw] [73/371] Building C object zephyr/arch/common/CMakeFiles/arch__common.dir/dynamic_isr.c.obj
[felino4es:ro] [129/371] Building C object zephyr/CMakeFiles/zephyr.dir/lib/utils/ring_buffer.c.obj
[npcx_monitor:singleimage] [73/158] Building C object zephyr/lib/libc/minimal/CMakeFiles/lib__libc__minimal.dir/source/stdlib/strtoull.c.obj
[npcx_monitor:singleimage] [74/158] Building C object zephyr/lib/libc/minimal/CMakeFiles/lib__libc__minimal.dir/source/stdlib/bsearch.c.obj
[felino4es:ro] [130/371] Building C object zephyr/CMakeFiles/zephyr.dir/lib/utils/last_section_id.c.obj
[screebo:rw] [225/419] Linking C static library zephyr/arch/arch/arm/core/mpu/libarch__arm__core__mpu.a
[felino4es:rw] [74/371] Building C object zephyr/arch/common/CMakeFiles/arch__common.dir/init.c.obj
[lotso:ro] /mnt/host/source/src/platform/ec/build/zephyr/lotso/build-ro/zephyr/zephyr.dts:1315.27-2014.5: Warning (avoid_unnecessary_addr_size): /soc/pin-controller: unnecessary #address-cells/#size-cells without "ranges" or child "reg" property
[screebo:ro] [14/419] Building C object CMakeFiles/app.dir/mnt/host/source/src/platform/ec/zephyr/subsys/ap_pwrseq/power_signals.c.obj
[felino4es:ro] [131/371] Building C object zephyr/CMakeFiles/zephyr.dir/misc/generated/configs.c.obj
[felino4es:rw] [75/371] Building C object zephyr/arch/common/CMakeFiles/arch__common.dir/xip.c.obj
[npcx_monitor:singleimage] [75/158] Building C object zephyr/lib/libc/minimal/CMakeFiles/lib__libc__minimal.dir/source/stdlib/exit.c.obj
[felino4es:rw] [76/371] Building C object zephyr/arch/common/CMakeFiles/isr_tables.dir/isr_tables.c.obj
[npcx_monitor:singleimage] [76/158] Building C object zephyr/lib/libc/minimal/CMakeFiles/lib__libc__minimal.dir/source/stdlib/qsort.c.obj
[npcx_monitor:singleimage] [77/158] Building C object zephyr/lib/libc/minimal/CMakeFiles/lib__libc__minimal.dir/source/string/strerror.c.obj
[screebo:rw] [226/419] Generating ../../../include/generated/libc/minimal/strerror_table.h
[npcx_monitor:singleimage] [78/158] Building C object zephyr/lib/libc/minimal/CMakeFiles/lib__libc__minimal.dir/source/string/strncasecmp.c.obj
[adlrvp_mchp:rw] [171/346] Linking C static library zephyr/arch/common/libarch__common.a
[screebo:rw] [227/419] Building C object zephyr/lib/libc/minimal/CMakeFiles/lib__libc__minimal.dir/source/stdlib/atoi.c.obj
[felino4es:rw] [77/371] Linking C static library zephyr/arch/common/libisr_tables.a
[npcx_monitor:singleimage] [79/158] Building C object zephyr/lib/libc/minimal/CMakeFiles/lib__libc__minimal.dir/source/string/strstr.c.obj
[screebo:rw] [228/419] Building C object zephyr/lib/libc/minimal/CMakeFiles/lib__libc__minimal.dir/source/stdlib/strtol.c.obj
[adlrvp_mchp:rw] [172/346] Building C object zephyr/arch/arch/arm/core/CMakeFiles/arch__arm__core.dir/fatal.c.obj
[npcx_monitor:singleimage] [80/158] Building C object zephyr/lib/libc/minimal/CMakeFiles/lib__libc__minimal.dir/source/string/string.c.obj
[adlrvp_mchp:rw] [173/346] Building C object zephyr/arch/arch/arm/core/CMakeFiles/arch__arm__core.dir/nmi.c.obj
[screebo:rw] [229/419] Building C object zephyr/lib/libc/minimal/CMakeFiles/lib__libc__minimal.dir/source/stdlib/strtoul.c.obj
[npcx_monitor:singleimage] [81/158] Building C object zephyr/lib/libc/minimal/CMakeFiles/lib__libc__minimal.dir/source/string/strspn.c.obj
[screebo:rw] [230/419] Building C object zephyr/lib/libc/minimal/CMakeFiles/lib__libc__minimal.dir/source/stdlib/strtoll.c.obj
[npcx_monitor:singleimage] [82/158] Building C object zephyr/lib/libc/minimal/CMakeFiles/lib__libc__minimal.dir/source/stdout/stdout_console.c.obj
[screebo:rw] [231/419] Building C object zephyr/lib/libc/minimal/CMakeFiles/lib__libc__minimal.dir/source/stdlib/strtoull.c.obj
[felino4es:rw] [78/371] Linking C static library zephyr/arch/common/libarch__common.a
[skitty:ro] -- Generated devicetree_generated.h: /mnt/host/source/src/platform/ec/build/zephyr/skitty/build-ro/zephyr/include/generated/zephyr/devicetree_generated.h
[npcx_monitor:singleimage] [83/158] Building C object zephyr/lib/libc/minimal/CMakeFiles/lib__libc__minimal.dir/source/stdout/sprintf.c.obj
[screebo:rw] [232/419] Building C object zephyr/lib/libc/minimal/CMakeFiles/lib__libc__minimal.dir/source/stdlib/bsearch.c.obj
[ocelotrvp-npcx:rw] /mnt/host/source/src/platform/ec/build/zephyr/ocelotrvp-npcx/build-rw/zephyr/zephyr.dts:5328.27-5333.5: Warning (unit_address_format): /it8801-mfd/gpiocr@0a: unit name should not have leading 0s
[npcx_monitor:singleimage] [84/158] Building C object zephyr/lib/libc/minimal/CMakeFiles/lib__libc__minimal.dir/source/stdout/fprintf.c.obj
[felino4es:rw] [79/371] Building C object zephyr/arch/arch/riscv/core/CMakeFiles/arch__riscv__core.dir/cpu_idle.c.obj
[npcx_monitor:singleimage] [85/158] Building C object zephyr/lib/libc/minimal/CMakeFiles/lib__libc__minimal.dir/source/math/sqrtf.c.obj
[npcx_monitor:singleimage] [86/158] Building C object zephyr/lib/libc/minimal/CMakeFiles/lib__libc__minimal.dir/source/math/sqrt.c.obj
[screebo:rw] [233/419] Building C object zephyr/lib/libc/minimal/CMakeFiles/lib__libc__minimal.dir/source/stdlib/exit.c.obj
[felino4es:rw] [80/371] Building C object zephyr/arch/arch/riscv/core/CMakeFiles/arch__riscv__core.dir/fatal.c.obj
[felino4es:rw] [81/371] Building C object zephyr/arch/arch/riscv/core/CMakeFiles/arch__riscv__core.dir/irq_manage.c.obj
[npcx_monitor:singleimage] [87/158] Building C object zephyr/lib/libc/minimal/CMakeFiles/lib__libc__minimal.dir/source/time/gmtime.c.obj
[felino4es:rw] [82/371] Building C object zephyr/arch/arch/riscv/core/CMakeFiles/arch__riscv__core.dir/prep_c.c.obj
[screebo:rw] [234/419] Building C object zephyr/lib/libc/minimal/CMakeFiles/lib__libc__minimal.dir/source/stdlib/qsort.c.obj
[felino4es:rw] [83/371] Building C object zephyr/arch/arch/riscv/core/CMakeFiles/arch__riscv__core.dir/reboot.c.obj
[ocelotrvp-npcx:ro] /mnt/host/source/src/platform/ec/build/zephyr/ocelotrvp-npcx/build-ro/zephyr/zephyr.dts:5328.27-5333.5: Warning (unit_address_format): /it8801-mfd/gpiocr@0a: unit name should not have leading 0s
[ocelotrvp-npcx:ro] /mnt/host/source/src/platform/ec/build/zephyr/ocelotrvp-npcx/build-ro/zephyr/zephyr.dts:5127.14-5136.5: Warning (gpios_property): /fans/fan0: Missing property '#gpio-cells' in node /named-gpios/en_pp5000_fan or bad phandle (referred from enable-gpio[0])
[ocelotrvp-npcx:ro] /mnt/host/source/src/platform/ec/build/zephyr/ocelotrvp-npcx/build-ro/zephyr/zephyr.dts:5127.14-5136.5: Warning (gpios_property): /fans/fan0: Missing property '#gpio-cells' in node /named-gpios/all_sys_pwrgd or bad phandle (referred from pgood-gpio[0])
[npcx_monitor:singleimage] [88/158] Linking C static library zephyr/lib/libc/minimal/liblib__libc__minimal.a
[npcx_monitor:singleimage] [89/158] Building C object zephyr/lib/libc/common/CMakeFiles/lib__libc__common.dir/source/stdlib/abort.c.obj
[screebo:rw] [235/419] Building C object zephyr/lib/libc/minimal/CMakeFiles/lib__libc__minimal.dir/source/string/strerror.c.obj
[npcx_monitor:singleimage] [90/158] Building C object zephyr/lib/libc/common/CMakeFiles/lib__libc__common.dir/source/time/asctime.c.obj
[screebo:rw] [236/419] Building C object zephyr/lib/libc/minimal/CMakeFiles/lib__libc__minimal.dir/source/string/strncasecmp.c.obj
[npcx_monitor:singleimage] [91/158] Building C object zephyr/lib/libc/common/CMakeFiles/lib__libc__common.dir/source/time/gmtime_r.c.obj
[screebo:rw] [237/419] Building C object zephyr/lib/libc/minimal/CMakeFiles/lib__libc__minimal.dir/source/string/strstr.c.obj
[npcx_monitor:singleimage] [92/158] Building C object zephyr/lib/libc/common/CMakeFiles/lib__libc__common.dir/source/time/localtime_r_utc.c.obj
[screebo:rw] [238/419] Building C object zephyr/lib/libc/minimal/CMakeFiles/lib__libc__minimal.dir/source/string/string.c.obj
[adlrvp_mchp:ro] [73/346] Building ASM object zephyr/arch/arch/arm/core/cortex_m/CMakeFiles/arch__arm__core__cortex_m.dir/reset.S.obj
[npcx_monitor:singleimage] [93/158] Building C object zephyr/lib/libc/common/CMakeFiles/lib__libc__common.dir/source/time/ctime.c.obj
[screebo:rw] [239/419] Building C object zephyr/lib/libc/minimal/CMakeFiles/lib__libc__minimal.dir/source/string/strspn.c.obj
[npcx_monitor:singleimage] [94/158] Building C object zephyr/lib/libc/common/CMakeFiles/lib__libc__common.dir/source/time/time.c.obj
[screebo:rw] [240/419] Building C object zephyr/lib/libc/minimal/CMakeFiles/lib__libc__minimal.dir/source/stdout/stdout_console.c.obj
[adlrvp_mchp:rw] [174/346] Building ASM object zephyr/arch/arch/arm/core/CMakeFiles/arch__arm__core.dir/nmi_on_reset.S.obj
[adlrvp_mchp:ro] [74/346] Building C object zephyr/arch/arch/arm/core/cortex_m/CMakeFiles/arch__arm__core__cortex_m.dir/scb.c.obj
[npcx_monitor:singleimage] [95/158] Building C object zephyr/lib/libc/common/CMakeFiles/lib__libc__common.dir/source/stdlib/malloc.c.obj
[screebo:rw] [241/419] Building C object zephyr/lib/libc/minimal/CMakeFiles/lib__libc__minimal.dir/source/stdout/sprintf.c.obj
[screebo:rw] [242/419] Building ASM object zephyr/arch/arch/arm/core/cortex_m/CMakeFiles/arch__arm__core__cortex_m.dir/swap_helper.S.obj
[adlrvp_mchp:ro] [75/346] Building C object zephyr/arch/arch/arm/core/cortex_m/CMakeFiles/arch__arm__core__cortex_m.dir/thread_abort.c.obj
[npcx_monitor:singleimage] [96/158] Building C object zephyr/lib/libc/common/CMakeFiles/lib__libc__common.dir/source/string/strnlen.c.obj
[screebo:rw] [243/419] Building C object zephyr/lib/libc/minimal/CMakeFiles/lib__libc__minimal.dir/source/stdout/fprintf.c.obj
[screebo:rw] [244/419] Building C object zephyr/lib/libc/minimal/CMakeFiles/lib__libc__minimal.dir/source/math/sqrtf.c.obj
[felino4es:ro] [132/371] Building ASM object zephyr/CMakeFiles/zephyr.dir/soc/ite/ec/common/soc_irq.S.obj
[screebo:rw] [245/419] Building C object zephyr/lib/libc/minimal/CMakeFiles/lib__libc__minimal.dir/source/math/sqrt.c.obj
[screebo:rw] [246/419] Building C object zephyr/lib/libc/minimal/CMakeFiles/lib__libc__minimal.dir/source/time/gmtime.c.obj
[felino4es:ro] [133/371] Building C object zephyr/CMakeFiles/zephyr.dir/soc/ite/ec/common/soc_common_irq.c.obj
[adlrvp_mchp:rw] [175/346] Linking C static library zephyr/arch/arch/arm/core/libarch__arm__core.a
[npcx_monitor:singleimage] [97/158] Linking C static library zephyr/lib/libc/common/liblib__libc__common.a
[felino4es:ro] [134/371] Building C object zephyr/CMakeFiles/zephyr.dir/soc/ite/ec/common/power.c.obj
[npcx_monitor:singleimage] [98/158] Building C object zephyr/lib/posix/c_lib_ext/CMakeFiles/lib__posix__c_lib_ext.dir/fnmatch.c.obj
[adlrvp_mchp:rw] [176/346] Building C object zephyr/arch/arch/arm/core/cortex_m/CMakeFiles/arch__arm__core__cortex_m.dir/exc_exit.c.obj
[screebo:rw] [247/419] Linking C static library zephyr/arch/arch/arm/core/cortex_m/libarch__arm__core__cortex_m.a
[felino4es:ro] [135/371] Building C object zephyr/CMakeFiles/zephyr.dir/soc/ite/ec/common/policy.c.obj
[screebo:rw] [248/419] Building C object zephyr/lib/libc/common/CMakeFiles/lib__libc__common.dir/source/stdlib/abort.c.obj
[adlrvp_mchp:rw] [177/346] Building C object zephyr/arch/arch/arm/core/cortex_m/CMakeFiles/arch__arm__core__cortex_m.dir/fault.c.obj
[felino4es:ro] [136/371] Building C object zephyr/CMakeFiles/zephyr.dir/soc/ite/ec/it8xxx2/soc.c.obj
[npcx_monitor:singleimage] [99/158] Building C object zephyr/lib/posix/c_lib_ext/CMakeFiles/lib__posix__c_lib_ext.dir/getentropy.c.obj
[ocicat-ish:singleimage] -- warning_base_override: -Wall;-Wformat;-Wformat-security;-Wformat;-Wno-format-zero-length;-Wno-pointer-sign;-Wpointer-arith;-Wexpansion-to-defined
[screebo:rw] [249/419] Building C object zephyr/lib/libc/common/CMakeFiles/lib__libc__common.dir/source/time/asctime.c.obj
[screebo:rw] [250/419] Linking C static library zephyr/lib/libc/minimal/liblib__libc__minimal.a
[ocicat-ish:singleimage] INFO: Project ocicat-ish does not support SSFC
[felino4es:ro] [137/371] Building C object zephyr/CMakeFiles/zephyr.dir/soc/ite/ec/it8xxx2/check_regs.c.obj
[ocicat-ish:singleimage] INFO: No usbc node found
[ocicat-ish:singleimage] INFO: No motionsense-sensor-alt node found
[ocicat-ish:singleimage] The PW_ROOT environment variable is not set; using /mnt/host/source/src/platform/ec/build/zephyr/ocicat-ish/modules/pigweed within CMake
[screebo:rw] [251/419] Building C object zephyr/lib/libc/common/CMakeFiles/lib__libc__common.dir/source/time/localtime_r_utc.c.obj
[npcx_monitor:singleimage] [100/158] Building C object zephyr/lib/posix/c_lib_ext/CMakeFiles/lib__posix__c_lib_ext.dir/getopt_shim.c.obj
[screebo:rw] [252/419] Building C object zephyr/lib/libc/common/CMakeFiles/lib__libc__common.dir/source/time/ctime.c.obj
[screebo:rw] [253/419] Building C object zephyr/lib/libc/common/CMakeFiles/lib__libc__common.dir/source/time/gmtime_r.c.obj
[screebo:rw] [254/419] Building C object zephyr/lib/libc/common/CMakeFiles/lib__libc__common.dir/source/time/time.c.obj
[screebo:rw] [255/419] Building C object zephyr/lib/libc/common/CMakeFiles/lib__libc__common.dir/source/stdlib/malloc.c.obj
[screebo:rw] [256/419] Building C object zephyr/lib/libc/common/CMakeFiles/lib__libc__common.dir/source/string/strnlen.c.obj
[screebo:rw] [257/419] Building C object zephyr/lib/posix/c_lib_ext/CMakeFiles/lib__posix__c_lib_ext.dir/fnmatch.c.obj
[screebo:rw] [258/419] Building C object zephyr/lib/posix/c_lib_ext/CMakeFiles/lib__posix__c_lib_ext.dir/getentropy.c.obj
[npcx_monitor:singleimage] [101/158] Linking C static library zephyr/lib/posix/c_lib_ext/liblib__posix__c_lib_ext.a
[screebo:rw] [259/419] Building C object zephyr/lib/posix/c_lib_ext/CMakeFiles/lib__posix__c_lib_ext.dir/getopt_shim.c.obj
[npcx_monitor:singleimage] [102/158] Building C object zephyr/drivers/interrupt_controller/CMakeFiles/drivers__interrupt_controller.dir/intc_miwu.c.obj
[screebo:rw] [260/419] Linking C static library zephyr/lib/libc/common/liblib__libc__common.a
[screebo:rw] [261/419] Building C object zephyr/subsys/crc/CMakeFiles/subsys__crc.dir/crc4_sw.c.obj
[screebo:rw] [262/419] Building C object zephyr/subsys/crc/CMakeFiles/subsys__crc.dir/crc8_sw.c.obj
[screebo:rw] [263/419] Building C object zephyr/subsys/crc/CMakeFiles/subsys__crc.dir/crc16_sw.c.obj
[adlrvp_mchp:rw] [178/346] Building ASM object zephyr/arch/arch/arm/core/cortex_m/CMakeFiles/arch__arm__core__cortex_m.dir/fault_s.S.obj
[screebo:rw] [264/419] Linking C static library zephyr/lib/posix/c_lib_ext/liblib__posix__c_lib_ext.a
[npcx_monitor:singleimage] [103/158] Linking C static library zephyr/drivers/interrupt_controller/libdrivers__interrupt_controller.a
[screebo:rw] [265/419] Building C object zephyr/subsys/crc/CMakeFiles/subsys__crc.dir/crc24_sw.c.obj
[screebo:rw] [266/419] Building C object zephyr/subsys/crc/CMakeFiles/subsys__crc.dir/crc32c_sw.c.obj
[screebo:rw] [267/419] Building C object zephyr/subsys/crc/CMakeFiles/subsys__crc.dir/crc7_sw.c.obj
[npcx_monitor:singleimage] [104/158] Building C object zephyr/drivers/bbram/CMakeFiles/drivers__bbram.dir/bbram_npcx.c.obj
[screebo:rw] [268/419] Building C object zephyr/subsys/crc/CMakeFiles/subsys__crc.dir/crc32k_4_2_sw.c.obj
[screebo:rw] [269/419] Building C object zephyr/subsys/crc/CMakeFiles/subsys__crc.dir/crc32_sw.c.obj
[adlrvp_mchp:rw] [179/346] Building C object zephyr/arch/arch/arm/core/cortex_m/CMakeFiles/arch__arm__core__cortex_m.dir/fpu.c.obj
[skitty:rw] /mnt/host/source/src/platform/ec/build/zephyr/skitty/build-rw/zephyr/zephyr.dts:1199.27-1911.5: Warning (avoid_unnecessary_addr_size): /soc/pin-controller: unnecessary #address-cells/#size-cells without "ranges" or child "reg" property
[screebo:rw] [270/419] Building C object zephyr/drivers/interrupt_controller/CMakeFiles/drivers__interrupt_controller.dir/intc_miwu.c.obj
[adlrvp_mchp:ro] [76/346] Building ASM object zephyr/arch/arch/arm/core/cortex_m/CMakeFiles/arch__arm__core__cortex_m.dir/vector_table.S.obj
[npcx_monitor:singleimage] [105/158] Linking C static library zephyr/drivers/bbram/libdrivers__bbram.a
[npcx_monitor:singleimage] [106/158] Building C object zephyr/drivers/clock_control/CMakeFiles/drivers__clock_control.dir/clock_control_npcx.c.obj
[felino4es:rw] [84/371] Building ASM object zephyr/arch/arch/riscv/core/CMakeFiles/arch__riscv__core.dir/reset.S.obj
[screebo:rw] [271/419] Linking C static library zephyr/subsys/crc/libsubsys__crc.a
[npcx_monitor:singleimage] [107/158] Linking C static library zephyr/drivers/clock_control/libdrivers__clock_control.a
[screebo:rw] [272/419] Linking C static library zephyr/drivers/interrupt_controller/libdrivers__interrupt_controller.a
[screebo:rw] [273/419] Building C object zephyr/drivers/adc/CMakeFiles/drivers__adc.dir/adc_common.c.obj
[npcx_monitor:singleimage] [108/158] Building C object zephyr/drivers/console/CMakeFiles/drivers__console.dir/uart_console.c.obj
[screebo:rw] [274/419] Building C object zephyr/drivers/adc/CMakeFiles/drivers__adc.dir/adc_npcx.c.obj
[felino4es:ro] [138/371] Building ASM object zephyr/CMakeFiles/zephyr.dir/soc/ite/ec/it8xxx2/vector.S.obj
[felino4es:ro] [139/371] Building C object zephyr/CMakeFiles/zephyr.dir/soc/ite/ec/it8xxx2/ilm.c.obj
[felino4es:ro] [140/371] Building C object zephyr/CMakeFiles/zephyr.dir/subsys/logging/log_minimal.c.obj
[screebo:rw] [275/419] Building C object zephyr/drivers/bbram/CMakeFiles/drivers__bbram.dir/bbram_npcx.c.obj
[npcx_monitor:singleimage] [109/158] Linking C static library zephyr/drivers/console/libdrivers__console.a
[felino4es:ro] [141/371] Building C object zephyr/CMakeFiles/zephyr.dir/subsys/pm/pm.c.obj
[felino4es:ro] [142/371] Building C object zephyr/CMakeFiles/zephyr.dir/subsys/pm/state.c.obj
[npcx_monitor:singleimage] [110/158] Building C object zephyr/drivers/flash/CMakeFiles/drivers__flash.dir/jesd216.c.obj
[npcx_monitor:singleimage] [111/158] Building C object zephyr/drivers/flash/CMakeFiles/drivers__flash.dir/flash_page_layout.c.obj
[felino4es:ro] [143/371] Building C object zephyr/CMakeFiles/zephyr.dir/subsys/pm/policy/policy_events.c.obj
[npcx_monitor:singleimage] [112/158] Building C object zephyr/drivers/flash/CMakeFiles/drivers__flash.dir/flash_npcx_fiu_nor.c.obj
[npcx_monitor:singleimage] [113/158] Building C object zephyr/drivers/flash/CMakeFiles/drivers__flash.dir/flash_npcx_fiu_qspi.c.obj
[felino4es:ro] [144/371] Building C object zephyr/CMakeFiles/zephyr.dir/subsys/pm/policy/policy_latency.c.obj
[felino4es:ro] [145/371] Building C object zephyr/CMakeFiles/zephyr.dir/subsys/pm/policy/policy_state_lock.c.obj
[felino4es:ro] [146/371] Building C object zephyr/CMakeFiles/zephyr.dir/subsys/pm/device.c.obj
[screebo:rw] [276/419] Linking C static library zephyr/drivers/adc/libdrivers__adc.a
[screebo:rw] [277/419] Linking C static library zephyr/drivers/bbram/libdrivers__bbram.a
[felino4es:ro] [147/371] Building C object zephyr/CMakeFiles/zephyr.dir/subsys/pm/device_runtime.c.obj
[screebo:rw] [278/419] Building C object zephyr/drivers/console/CMakeFiles/drivers__console.dir/uart_console.c.obj
[screebo:rw] [279/419] Building C object zephyr/drivers/clock_control/CMakeFiles/drivers__clock_control.dir/clock_control_npcx.c.obj
[felino4es:ro] [148/371] Building C object zephyr/CMakeFiles/zephyr.dir/subsys/pm/device_system_managed.c.obj
[npcx_monitor:singleimage] [114/158] Linking C static library zephyr/drivers/flash/libdrivers__flash.a
[felino4es:ro] [149/371] Building C object zephyr/CMakeFiles/zephyr.dir/subsys/testsuite/coverage/coverage.c.obj
[npcx_monitor:singleimage] [115/158] Building C object zephyr/drivers/gpio/CMakeFiles/drivers__gpio.dir/gpio_npcx.c.obj
[felino4es:ro] [150/371] Building C object zephyr/CMakeFiles/zephyr.dir/subsys/tracing/tracing_none.c.obj
[felino4es:ro] [151/371] Building C object zephyr/CMakeFiles/zephyr.dir/subsys/shell/modules/kernel_service/kernel_shell.c.obj
[felino4es:ro] [152/371] Building C object zephyr/CMakeFiles/zephyr.dir/subsys/shell/modules/kernel_service/cycles.c.obj
[felino4es:ro] [153/371] Building C object zephyr/CMakeFiles/zephyr.dir/subsys/shell/modules/kernel_service/sleep.c.obj
[screebo:rw] [280/419] Linking C static library zephyr/drivers/console/libdrivers__console.a
[npcx_monitor:singleimage] [116/158] Linking C static library zephyr/drivers/gpio/libdrivers__gpio.a
[felino4es:ro] [154/371] Building C object zephyr/CMakeFiles/zephyr.dir/subsys/shell/modules/kernel_service/uptime.c.obj
[npcx_monitor:singleimage] [117/158] Building C object zephyr/drivers/pinctrl/CMakeFiles/drivers__pinctrl.dir/common.c.obj
[screebo:rw] [281/419] Building C object zephyr/drivers/crypto/CMakeFiles/drivers__crypto.dir/crypto_npcx_sha.c.obj
[screebo:rw] [282/419] Linking C static library zephyr/drivers/clock_control/libdrivers__clock_control.a
[felino4es:ro] [155/371] Building C object zephyr/CMakeFiles/zephyr.dir/subsys/shell/modules/kernel_service/version.c.obj
[npcx_monitor:singleimage] [118/158] Building C object zephyr/drivers/pinctrl/CMakeFiles/drivers__pinctrl.dir/pinctrl_npcx.c.obj
[screebo:rw] [283/419] Building C object zephyr/drivers/eeprom/CMakeFiles/drivers__eeprom.dir/eeprom_shell.c.obj
[felino4es:ro] [156/371] Building C object zephyr/CMakeFiles/zephyr.dir/subsys/shell/modules/kernel_service/thread/thread.c.obj
[screebo:rw] [284/419] Building C object zephyr/drivers/eeprom/CMakeFiles/drivers__eeprom.dir/eeprom_at2x.c.obj
[felino4es:ro] [157/371] Building C object zephyr/CMakeFiles/zephyr.dir/subsys/shell/modules/kernel_service/thread/list.c.obj
[npcx_monitor:singleimage] [119/158] Linking C static library zephyr/drivers/pinctrl/libdrivers__pinctrl.a
[felino4es:ro] [158/371] Building C object zephyr/CMakeFiles/zephyr.dir/subsys/shell/modules/kernel_service/thread/stacks.c.obj
[screebo:rw] [285/419] Linking C static library zephyr/drivers/eeprom/libdrivers__eeprom.a
[screebo:ro] [15/419] Building C object CMakeFiles/app.dir/mnt/host/source/src/platform/ec/zephyr/subsys/ap_pwrseq/signal_gpio.c.obj
[screebo:rw] [286/419] Linking C static library zephyr/drivers/crypto/libdrivers__crypto.a
[felino4es:ro] [159/371] Building C object zephyr/CMakeFiles/zephyr.dir/subsys/shell/modules/kernel_service/thread/unwind.c.obj
[npcx_monitor:singleimage] [120/158] Building C object zephyr/drivers/serial/CMakeFiles/drivers__serial.dir/uart_npcx.c.obj
[felino4es:ro] [160/371] Building C object zephyr/CMakeFiles/zephyr.dir/subsys/shell/modules/kernel_service/thread/suspend.c.obj
[screebo:rw] [287/419] Building C object zephyr/drivers/espi/CMakeFiles/drivers__espi.dir/espi_npcx.c.obj
[screebo:rw] [288/419] Building C object zephyr/drivers/espi/CMakeFiles/drivers__espi.dir/host_subs_npcx.c.obj
[felino4es:ro] [161/371] Building C object zephyr/CMakeFiles/zephyr.dir/subsys/shell/modules/kernel_service/thread/resume.c.obj
[screebo:rw] [289/419] Building C object zephyr/drivers/flash/CMakeFiles/drivers__flash.dir/jesd216.c.obj
[felino4es:ro] [162/371] Building C object zephyr/CMakeFiles/zephyr.dir/subsys/shell/modules/kernel_service/thread/kill.c.obj
[screebo:rw] [290/419] Building C object zephyr/drivers/flash/CMakeFiles/drivers__flash.dir/flash_npcx_fiu_nor.c.obj
[npcx_monitor:singleimage] [121/158] Linking C static library zephyr/drivers/serial/libdrivers__serial.a
[felino4es:ro] [163/371] Building C object zephyr/CMakeFiles/zephyr.dir/subsys/shell/backends/shell_uart.c.obj
[screebo:rw] [291/419] Building C object zephyr/drivers/flash/CMakeFiles/drivers__flash.dir/flash_npcx_fiu_qspi.c.obj
[npcx_monitor:singleimage] [122/158] Building C object zephyr/drivers/timer/CMakeFiles/drivers__timer.dir/sys_clock_init.c.obj
[screebo:rw] [292/419] Linking C static library zephyr/drivers/espi/libdrivers__espi.a
[felino4es:ro] [164/371] Building C object zephyr/CMakeFiles/zephyr.dir/subsys/shell/shell.c.obj
[npcx_monitor:singleimage] [123/158] Building C object zephyr/drivers/timer/CMakeFiles/drivers__timer.dir/npcx_itim_timer.c.obj
[felino4es:ro] [165/371] Building C object zephyr/CMakeFiles/zephyr.dir/subsys/shell/shell_fprintf.c.obj
[screebo:rw] [293/419] Building C object zephyr/drivers/gpio/CMakeFiles/drivers__gpio.dir/gpio_nct38xx.c.obj
[screebo:rw] [294/419] Building C object zephyr/drivers/gpio/CMakeFiles/drivers__gpio.dir/gpio_nct38xx_port.c.obj
[felino4es:ro] [166/371] Building C object zephyr/CMakeFiles/zephyr.dir/subsys/shell/shell_utils.c.obj
[screebo:rw] [295/419] Building C object zephyr/drivers/gpio/CMakeFiles/drivers__gpio.dir/gpio_npcx.c.obj
[felino4es:ro] [167/371] Building C object zephyr/CMakeFiles/zephyr.dir/subsys/shell/shell_ops.c.obj
[felino4es:ro] [168/371] Building C object zephyr/CMakeFiles/zephyr.dir/subsys/shell/shell_help.c.obj
[npcx_monitor:singleimage] [124/158] Linking C static library zephyr/drivers/timer/libdrivers__timer.a
[adlrvp_mchp:rw] [180/346] Building ASM object zephyr/arch/arch/arm/core/cortex_m/CMakeFiles/arch__arm__core__cortex_m.dir/reset.S.obj
[felino4es:ro] [169/371] Building C object zephyr/CMakeFiles/zephyr.dir/subsys/shell/shell_history.c.obj
[adlrvp_mchp:ro] [77/346] Building ASM object zephyr/arch/arch/arm/core/cortex_m/CMakeFiles/arch__arm__core__cortex_m.dir/swap_helper.S.obj
[screebo:rw] [296/419] Linking C static library zephyr/drivers/flash/libdrivers__flash.a
[adlrvp_mchp:ro] [78/346] Building C object zephyr/arch/arch/arm/core/cortex_m/CMakeFiles/arch__arm__core__cortex_m.dir/irq_manage.c.obj
[npcx_monitor:singleimage] [125/158] Building C object zephyr/drivers/watchdog/CMakeFiles/drivers__watchdog.dir/wdt_npcx.c.obj
[adlrvp_mchp:ro] [79/346] Building C object zephyr/arch/arch/arm/core/cortex_m/CMakeFiles/arch__arm__core__cortex_m.dir/prep_c.c.obj
[screebo:rw] [297/419] Linking C static library zephyr/drivers/gpio/libdrivers__gpio.a
[adlrvp_mchp:rw] [181/346] Building C object zephyr/arch/arch/arm/core/cortex_m/CMakeFiles/arch__arm__core__cortex_m.dir/scb.c.obj
[felino4es:ro] [170/371] Building C object zephyr/CMakeFiles/zephyr.dir/drivers/flash/flash_util.c.obj
[screebo:rw] [298/419] Building C object zephyr/drivers/i2c/CMakeFiles/drivers__i2c.dir/i2c_common.c.obj
[adlrvp_mchp:ro] [80/346] Building C object zephyr/arch/arch/arm/core/cortex_m/CMakeFiles/arch__arm__core__cortex_m.dir/thread.c.obj
[screebo:rw] [299/419] Building C object zephyr/drivers/i2c/CMakeFiles/drivers__i2c.dir/i2c_shell.c.obj
[adlrvp_mchp:rw] [182/346] Building C object zephyr/arch/arch/arm/core/cortex_m/CMakeFiles/arch__arm__core__cortex_m.dir/thread_abort.c.obj
[npcx_monitor:singleimage] [126/158] Linking C static library zephyr/drivers/watchdog/libdrivers__watchdog.a
[screebo:rw] [300/419] Building C object zephyr/drivers/i2c/CMakeFiles/drivers__i2c.dir/i2c_npcx_controller.c.obj
[adlrvp_mchp:ro] [81/346] Building C object zephyr/arch/arch/arm/core/cortex_m/CMakeFiles/arch__arm__core__cortex_m.dir/cpu_idle.c.obj
[npcx_monitor:singleimage] [127/158] Building C object modules/ec/zephyr/CMakeFiles/ec_shim.dir/mnt/host/source/src/third_party/zephyr/main/misc/empty_file.c.obj
[screebo:rw] [301/419] Building C object zephyr/drivers/i2c/CMakeFiles/drivers__i2c.dir/i2c_npcx_controller_fifo.c.obj
[screebo:rw] [302/419] Building C object zephyr/drivers/i2c/CMakeFiles/drivers__i2c.dir/i2c_npcx_port.c.obj
[screebo:rw] [303/419] Building C object zephyr/drivers/mfd/CMakeFiles/drivers__mfd.dir/mfd_nct38xx.c.obj
[adlrvp_mchp:ro] [82/346] Building C object zephyr/arch/arch/arm/core/cortex_m/CMakeFiles/arch__arm__core__cortex_m.dir/irq_init.c.obj
[screebo:rw] [304/419] Linking C static library zephyr/drivers/i2c/libdrivers__i2c.a
[screebo:rw] [305/419] Building C object zephyr/drivers/pinctrl/CMakeFiles/drivers__pinctrl.dir/common.c.obj
[npcx_monitor:singleimage] [128/158] Linking C static library modules/ec/zephyr/libec_shim.a
[adlrvp_mchp:ro] [83/346] Building C object zephyr/arch/arch/arm/core/cortex_m/CMakeFiles/arch__arm__core__cortex_m.dir/isr_wrapper.c.obj
[felino4es:rw] [85/371] Building ASM object zephyr/arch/arch/riscv/core/CMakeFiles/arch__riscv__core.dir/switch.S.obj
[screebo:rw] [306/419] Building C object zephyr/drivers/pinctrl/CMakeFiles/drivers__pinctrl.dir/pinctrl_npcx.c.obj
[felino4es:ro] [171/371] Linking C static library zephyr/libzephyr.a
[npcx_monitor:singleimage] [129/158] Building C object zephyr/kernel/CMakeFiles/kernel.dir/main_weak.c.obj
[felino4es:rw] [86/371] Building C object zephyr/arch/arch/riscv/core/CMakeFiles/arch__riscv__core.dir/thread.c.obj
[felino4es:ro] [172/371] Building C object zephyr/arch/common/CMakeFiles/arch__common.dir/sw_isr_common.c.obj
[npcx_monitor:singleimage] [130/158] Building C object zephyr/kernel/CMakeFiles/kernel.dir/banner.c.obj
[screebo:rw] [307/419] Linking C static library zephyr/drivers/mfd/libdrivers__mfd.a
[screebo:rw] [308/419] Building C object zephyr/drivers/pwm/CMakeFiles/drivers__pwm.dir/pwm_shell.c.obj
[felino4es:ro] [173/371] Building C object zephyr/arch/common/CMakeFiles/arch__common.dir/dynamic_isr.c.obj
[npcx_monitor:singleimage] [131/158] Building C object zephyr/kernel/CMakeFiles/kernel.dir/busy_wait.c.obj
[screebo:rw] [309/419] Building C object zephyr/drivers/pwm/CMakeFiles/drivers__pwm.dir/pwm_npcx.c.obj
[skitty:ro] /mnt/host/source/src/platform/ec/build/zephyr/skitty/build-ro/zephyr/zephyr.dts:1199.27-1911.5: Warning (avoid_unnecessary_addr_size): /soc/pin-controller: unnecessary #address-cells/#size-cells without "ranges" or child "reg" property
[npcx_monitor:singleimage] [132/158] Building C object zephyr/kernel/CMakeFiles/kernel.dir/device.c.obj
[felino4es:ro] [174/371] Building C object zephyr/arch/common/CMakeFiles/arch__common.dir/init.c.obj
[npcx_monitor:singleimage] [133/158] Building C object zephyr/kernel/CMakeFiles/kernel.dir/errno.c.obj
[adlrvp_mchp:ro] [84/346] Linking C static library zephyr/arch/arch/arm/core/cortex_m/libarch__arm__core__cortex_m.a
[felino4es:ro] [175/371] Building C object zephyr/arch/common/CMakeFiles/arch__common.dir/xip.c.obj
[npcx_monitor:singleimage] [134/158] Building C object zephyr/kernel/CMakeFiles/kernel.dir/fatal.c.obj
[screebo:rw] [310/419] Linking C static library zephyr/drivers/pinctrl/libdrivers__pinctrl.a
[felino4es:ro] [176/371] Building C object zephyr/arch/common/CMakeFiles/isr_tables.dir/isr_tables.c.obj
[adlrvp_mchp:ro] [85/346] Building C object zephyr/arch/arch/arm/core/mpu/CMakeFiles/arch__arm__core__mpu.dir/arm_core_mpu.c.obj
[npcx_monitor:singleimage] [135/158] Building C object zephyr/kernel/CMakeFiles/kernel.dir/init.c.obj
[screebo:rw] [311/419] Building C object zephyr/drivers/sensor/CMakeFiles/drivers__sensor.dir/mnt/host/source/src/third_party/zephyr/main/misc/empty_file.c.obj
[adlrvp_mchp:ro] [86/346] Building C object zephyr/arch/arch/arm/core/mpu/CMakeFiles/arch__arm__core__mpu.dir/arm_mpu.c.obj
[screebo:rw] [312/419] Linking C static library zephyr/drivers/pwm/libdrivers__pwm.a
[npcx_monitor:singleimage] [136/158] Building C object zephyr/kernel/CMakeFiles/kernel.dir/kheap.c.obj
[adlrvp_mchp:ro] [87/346] Building C object zephyr/arch/arch/arm/core/mpu/CMakeFiles/arch__arm__core__mpu.dir/arm_mpu_regions.c.obj
[npcx_monitor:singleimage] [137/158] Building C object zephyr/kernel/CMakeFiles/kernel.dir/mem_slab.c.obj
[screebo:rw] [313/419] Building C object zephyr/drivers/sensor/nuvoton/nuvoton_tach_npcx/CMakeFiles/drivers__sensor__nuvoton__nuvoton_tach_npcx.dir/tach_nuvoton_npcx.c.obj
[felino4es:ro] [177/371] Linking C static library zephyr/arch/common/libisr_tables.a
[npcx_monitor:singleimage] [138/158] Building C object zephyr/kernel/CMakeFiles/kernel.dir/float.c.obj
[npcx_monitor:singleimage] [139/158] Building C object zephyr/kernel/CMakeFiles/kernel.dir/version.c.obj
[npcx_monitor:singleimage] [140/158] Building C object zephyr/kernel/CMakeFiles/kernel.dir/idle.c.obj
[npcx_monitor:singleimage] [141/158] Building C object zephyr/kernel/CMakeFiles/kernel.dir/mailbox.c.obj
[adlrvp_mchp:rw] [183/346] Building ASM object zephyr/arch/arch/arm/core/cortex_m/CMakeFiles/arch__arm__core__cortex_m.dir/vector_table.S.obj
[adlrvp_mchp:ro] [88/346] Linking C static library zephyr/arch/arch/arm/core/mpu/libarch__arm__core__mpu.a
[screebo:rw] [314/419] Linking C static library zephyr/drivers/sensor/libdrivers__sensor.a
[npcx_monitor:singleimage] [142/158] Building C object zephyr/kernel/CMakeFiles/kernel.dir/msg_q.c.obj
[screebo:rw] [315/419] Building C object zephyr/drivers/serial/CMakeFiles/drivers__serial.dir/uart_npcx.c.obj
[npcx_monitor:singleimage] [143/158] Building C object zephyr/kernel/CMakeFiles/kernel.dir/mutex.c.obj
[screebo:rw] [316/419] Linking C static library zephyr/drivers/sensor/nuvoton/nuvoton_tach_npcx/libdrivers__sensor__nuvoton__nuvoton_tach_npcx.a
[npcx_monitor:singleimage] [144/158] Building C object zephyr/kernel/CMakeFiles/kernel.dir/queue.c.obj
[felino4es:ro] [178/371] Linking C static library zephyr/arch/common/libarch__common.a
[screebo:rw] [317/419] Building C object zephyr/drivers/syscon/CMakeFiles/drivers__syscon.dir/syscon.c.obj
[felino4es:ro] [179/371] Building C object zephyr/arch/arch/riscv/core/CMakeFiles/arch__riscv__core.dir/cpu_idle.c.obj
[npcx_monitor:singleimage] [145/158] Building C object zephyr/kernel/CMakeFiles/kernel.dir/sem.c.obj
[adlrvp_mchp:ro] [89/346] Generating ../../../include/generated/libc/minimal/strerror_table.h
[felino4es:ro] [180/371] Building C object zephyr/arch/arch/riscv/core/CMakeFiles/arch__riscv__core.dir/fatal.c.obj
[adlrvp_mchp:ro] [90/346] Building C object zephyr/lib/libc/minimal/CMakeFiles/lib__libc__minimal.dir/source/stdlib/atoi.c.obj
[npcx_monitor:singleimage] [146/158] Building C object zephyr/kernel/CMakeFiles/kernel.dir/stack.c.obj
[npcx_monitor:singleimage] [147/158] Building C object zephyr/kernel/CMakeFiles/kernel.dir/system_work_q.c.obj
[adlrvp_mchp:ro] [91/346] Building C object zephyr/lib/libc/minimal/CMakeFiles/lib__libc__minimal.dir/source/stdlib/strtol.c.obj
[felino4es:ro] [181/371] Building C object zephyr/arch/arch/riscv/core/CMakeFiles/arch__riscv__core.dir/irq_manage.c.obj
[felino4es:ro] [182/371] Building C object zephyr/arch/arch/riscv/core/CMakeFiles/arch__riscv__core.dir/prep_c.c.obj
[npcx_monitor:singleimage] [148/158] Building C object zephyr/kernel/CMakeFiles/kernel.dir/work.c.obj
[adlrvp_mchp:ro] [92/346] Building C object zephyr/lib/libc/minimal/CMakeFiles/lib__libc__minimal.dir/source/stdlib/strtoul.c.obj
[adlrvp_mchp:ro] [93/346] Building C object zephyr/lib/libc/minimal/CMakeFiles/lib__libc__minimal.dir/source/stdlib/strtoll.c.obj
[npcx_monitor:singleimage] [149/158] Building C object zephyr/kernel/CMakeFiles/kernel.dir/condvar.c.obj
[felino4es:ro] [183/371] Building C object zephyr/arch/arch/riscv/core/CMakeFiles/arch__riscv__core.dir/reboot.c.obj
[screebo:rw] [318/419] Linking C static library zephyr/drivers/serial/libdrivers__serial.a
[adlrvp_mchp:ro] [94/346] Building C object zephyr/lib/libc/minimal/CMakeFiles/lib__libc__minimal.dir/source/stdlib/strtoull.c.obj
[screebo:rw] [319/419] Building C object zephyr/drivers/timer/CMakeFiles/drivers__timer.dir/sys_clock_init.c.obj
[adlrvp_mchp:ro] [95/346] Building C object zephyr/lib/libc/minimal/CMakeFiles/lib__libc__minimal.dir/source/stdlib/bsearch.c.obj
[npcx_monitor:singleimage] [150/158] Building C object zephyr/kernel/CMakeFiles/kernel.dir/thread.c.obj
[screebo:rw] [320/419] Building C object zephyr/drivers/timer/CMakeFiles/drivers__timer.dir/npcx_itim_timer.c.obj
[adlrvp_mchp:ro] [96/346] Building C object zephyr/lib/libc/minimal/CMakeFiles/lib__libc__minimal.dir/source/stdlib/exit.c.obj
[adlrvp_mchp:ro] [97/346] Building C object zephyr/lib/libc/minimal/CMakeFiles/lib__libc__minimal.dir/source/stdlib/qsort.c.obj
[npcx_monitor:singleimage] [151/158] Building C object zephyr/kernel/CMakeFiles/kernel.dir/sched.c.obj
[screebo:rw] [321/419] Linking C static library zephyr/drivers/syscon/libdrivers__syscon.a
[adlrvp_mchp:ro] [98/346] Building C object zephyr/lib/libc/minimal/CMakeFiles/lib__libc__minimal.dir/source/string/strerror.c.obj
[npcx_monitor:singleimage] [152/158] Building C object zephyr/kernel/CMakeFiles/kernel.dir/pipe.c.obj
[npcx_monitor:singleimage] [153/158] Building C object zephyr/kernel/CMakeFiles/kernel.dir/timeslicing.c.obj
[adlrvp_mchp:ro] [99/346] Building C object zephyr/lib/libc/minimal/CMakeFiles/lib__libc__minimal.dir/source/string/strncasecmp.c.obj
[screebo:rw] [322/419] Building C object zephyr/drivers/watchdog/CMakeFiles/drivers__watchdog.dir/wdt_npcx.c.obj
[adlrvp_mchp:ro] [100/346] Building C object zephyr/lib/libc/minimal/CMakeFiles/lib__libc__minimal.dir/source/string/strstr.c.obj
[npcx_monitor:singleimage] [154/158] Building C object zephyr/kernel/CMakeFiles/kernel.dir/timeout.c.obj
[screebo:rw] [323/419] Building C object zephyr/drivers/watchdog/CMakeFiles/drivers__watchdog.dir/wdt_shell.c.obj
[adlrvp_mchp:ro] [101/346] Building C object zephyr/lib/libc/minimal/CMakeFiles/lib__libc__minimal.dir/source/string/string.c.obj
[adlrvp_mchp:ro] [102/346] Building C object zephyr/lib/libc/minimal/CMakeFiles/lib__libc__minimal.dir/source/string/strspn.c.obj
[screebo:rw] [324/419] Linking C static library zephyr/drivers/timer/libdrivers__timer.a
[npcx_monitor:singleimage] [155/158] Building C object zephyr/kernel/CMakeFiles/kernel.dir/timer.c.obj
[adlrvp_mchp:ro] [103/346] Building C object zephyr/lib/libc/minimal/CMakeFiles/lib__libc__minimal.dir/source/stdout/stdout_console.c.obj
[npcx_monitor:singleimage] [156/158] Building C object zephyr/kernel/CMakeFiles/kernel.dir/mempool.c.obj
[screebo:rw] [325/419] Building C object modules/ec/zephyr/CMakeFiles/ec_shim.dir/app/ec/ec_app_main.c.obj
[adlrvp_mchp:ro] [104/346] Building C object zephyr/lib/libc/minimal/CMakeFiles/lib__libc__minimal.dir/source/stdout/sprintf.c.obj
[npcx_monitor:singleimage] [157/158] Building C object zephyr/kernel/CMakeFiles/kernel.dir/dynamic_disabled.c.obj
[screebo:rw] [326/419] Linking C static library zephyr/drivers/watchdog/libdrivers__watchdog.a
[adlrvp_mchp:ro] [105/346] Building C object zephyr/lib/libc/minimal/CMakeFiles/lib__libc__minimal.dir/source/stdout/fprintf.c.obj
[screebo:rw] [327/419] Building C object modules/ec/zephyr/CMakeFiles/ec_shim.dir/app/ec/main_shim.c.obj
[screebo:rw] [328/419] Building C object modules/ec/zephyr/CMakeFiles/ec_shim.dir/drivers/cros_flash/cros_flash_npcx.c.obj
[adlrvp_mchp:ro] [106/346] Building C object zephyr/lib/libc/minimal/CMakeFiles/lib__libc__minimal.dir/source/math/sqrtf.c.obj
[adlrvp_mchp:ro] [107/346] Building C object zephyr/lib/libc/minimal/CMakeFiles/lib__libc__minimal.dir/source/math/sqrt.c.obj
[screebo:rw] [329/419] Building C object modules/ec/zephyr/CMakeFiles/ec_shim.dir/drivers/cros_kb_raw/cros_kb_raw_npcx.c.obj
[screebo:rw] [330/419] Building C object modules/ec/zephyr/CMakeFiles/ec_shim.dir/drivers/cros_kblight/pwm_kblight.c.obj
[npcx_monitor:singleimage] [158/158] Linking C static library zephyr/kernel/libkernel.a
[adlrvp_mchp:ro] [108/346] Building C object zephyr/lib/libc/minimal/CMakeFiles/lib__libc__minimal.dir/source/time/gmtime.c.obj
[screebo:rw] [331/419] Building C object modules/ec/zephyr/CMakeFiles/ec_shim.dir/drivers/cros_system/cros_system_npcx.c.obj
[screebo:rw] [332/419] Building C object modules/ec/zephyr/CMakeFiles/ec_shim.dir/drivers/vivaldi_kbd/vivaldi_kbd.c.obj
[screebo:rw] [333/419] Building C object modules/ec/zephyr/CMakeFiles/ec_shim.dir/shim/chip/npcx/clock.c.obj
[adlrvp_mchp:rw] [184/346] Building C object zephyr/arch/arch/arm/core/cortex_m/CMakeFiles/arch__arm__core__cortex_m.dir/irq_manage.c.obj
[screebo:rw] [334/419] Building C object modules/ec/zephyr/CMakeFiles/ec_shim.dir/shim/chip/npcx/gpio.c.obj
[screebo:rw] [335/419] Building C object modules/ec/zephyr/CMakeFiles/ec_shim.dir/shim/chip/npcx/rom_chip.c.obj
[adlrvp_mchp:rw] [185/346] Building C object zephyr/arch/arch/arm/core/cortex_m/CMakeFiles/arch__arm__core__cortex_m.dir/prep_c.c.obj
[screebo:rw] [336/419] Building C object modules/ec/zephyr/CMakeFiles/ec_shim.dir/shim/chip/npcx/keyboard_raw.c.obj
[screebo:rw] [337/419] Building C object modules/ec/zephyr/CMakeFiles/ec_shim.dir/shim/chip/npcx/system.c.obj
[adlrvp_mchp:rw] [186/346] Building C object zephyr/arch/arch/arm/core/cortex_m/CMakeFiles/arch__arm__core__cortex_m.dir/thread.c.obj
[screebo:rw] [338/419] Building C object modules/ec/zephyr/CMakeFiles/ec_shim.dir/shim/chip/npcx/system_external_storage.c.obj
[screebo:rw] [339/419] Building C object modules/ec/zephyr/CMakeFiles/ec_shim.dir/shim/chip/npcx/power_policy.c.obj
[adlrvp_mchp:rw] [187/346] Building C object zephyr/arch/arch/arm/core/cortex_m/CMakeFiles/arch__arm__core__cortex_m.dir/cpu_idle.c.obj
[screebo:rw] [340/419] Building C object modules/ec/zephyr/CMakeFiles/ec_shim.dir/shim/core/cortex-m/mpu.c.obj
[adlrvp_mchp:rw] [188/346] Building C object zephyr/arch/arch/arm/core/cortex_m/CMakeFiles/arch__arm__core__cortex_m.dir/irq_init.c.obj
[screebo:rw] [341/419] Building C object modules/ec/zephyr/CMakeFiles/ec_shim.dir/shim/core/cortex-m/panic.c.obj
[adlrvp_mchp:ro] [109/346] Linking C static library zephyr/lib/libc/minimal/liblib__libc__minimal.a
[screebo:rw] [342/419] Building C object modules/ec/zephyr/CMakeFiles/ec_shim.dir/shim/src/console.c.obj
[screebo:rw] [343/419] Building C object modules/ec/zephyr/CMakeFiles/ec_shim.dir/shim/src/crc.c.obj
[adlrvp_mchp:rw] [189/346] Building C object zephyr/arch/arch/arm/core/cortex_m/CMakeFiles/arch__arm__core__cortex_m.dir/isr_wrapper.c.obj
[screebo:rw] [344/419] Building C object modules/ec/zephyr/CMakeFiles/ec_shim.dir/shim/src/gpio.c.obj
[adlrvp_mchp:ro] [110/346] Building C object zephyr/lib/libc/common/CMakeFiles/lib__libc__common.dir/source/stdlib/abort.c.obj
[screebo:rw] [345/419] Building C object modules/ec/zephyr/CMakeFiles/ec_shim.dir/shim/src/gpio_int.c.obj
[adlrvp_mchp:rw] [190/346] Building C object zephyr/arch/arch/arm/core/mpu/CMakeFiles/arch__arm__core__mpu.dir/arm_core_mpu.c.obj
[adlrvp_mchp:ro] [111/346] Building C object zephyr/lib/libc/common/CMakeFiles/lib__libc__common.dir/source/time/asctime.c.obj
[screebo:rw] [346/419] Building C object modules/ec/zephyr/CMakeFiles/ec_shim.dir/shim/src/panic_utils.c.obj
[screebo:rw] [347/419] Building C object modules/ec/zephyr/CMakeFiles/ec_shim.dir/shim/src/pm_state.c.obj
[adlrvp_mchp:ro] [112/346] Building C object zephyr/lib/libc/common/CMakeFiles/lib__libc__common.dir/source/time/gmtime_r.c.obj
[adlrvp_mchp:rw] [191/346] Building C object zephyr/arch/arch/arm/core/mpu/CMakeFiles/arch__arm__core__mpu.dir/arm_mpu.c.obj
[adlrvp_mchp:ro] [113/346] Building C object zephyr/lib/libc/common/CMakeFiles/lib__libc__common.dir/source/time/localtime_r_utc.c.obj
[adlrvp_mchp:rw] [192/346] Building C object zephyr/arch/arch/arm/core/mpu/CMakeFiles/arch__arm__core__mpu.dir/arm_mpu_regions.c.obj
[screebo:rw] [348/419] Building C object modules/ec/zephyr/CMakeFiles/ec_shim.dir/shim/src/cbi/cros_cbi.c.obj
[screebo:rw] [349/419] Building C object modules/ec/zephyr/CMakeFiles/ec_shim.dir/shim/src/cbi/cros_cbi_fw_config.c.obj
[screebo:rw] [350/419] Building C object modules/ec/zephyr/CMakeFiles/ec_shim.dir/shim/src/cbi/cbi_transfer.c.obj
[screebo:rw] [351/419] Building C object modules/ec/zephyr/CMakeFiles/ec_shim.dir/shim/src/cbi/cbi_eeprom.c.obj
[adlrvp_mchp:ro] [114/346] Building C object zephyr/lib/libc/common/CMakeFiles/lib__libc__common.dir/source/time/ctime.c.obj
[screebo:rw] [352/419] Building C object modules/ec/zephyr/CMakeFiles/ec_shim.dir/shim/src/cbi/cbi_flash.c.obj
[screebo:rw] [353/419] Building C object modules/ec/zephyr/CMakeFiles/ec_shim.dir/shim/src/led_driver/led.c.obj
[adlrvp_mchp:ro] [115/346] Building C object zephyr/lib/libc/common/CMakeFiles/lib__libc__common.dir/source/time/time.c.obj
[screebo:rw] [354/419] Building C object modules/ec/zephyr/CMakeFiles/ec_shim.dir/shim/src/led_driver/led_gpio.c.obj
[adlrvp_mchp:ro] [116/346] Building C object zephyr/lib/libc/common/CMakeFiles/lib__libc__common.dir/source/stdlib/malloc.c.obj
[screebo:rw] [355/419] Building C object modules/ec/zephyr/CMakeFiles/ec_shim.dir/shim/src/system.c.obj
[felino4es:rw] [87/371] Building ASM object zephyr/arch/arch/riscv/core/CMakeFiles/arch__riscv__core.dir/isr.S.obj
[adlrvp_mchp:rw] [193/346] Building ASM object zephyr/arch/arch/arm/core/cortex_m/CMakeFiles/arch__arm__core__cortex_m.dir/swap_helper.S.obj
[screebo:rw] [356/419] Building C object modules/ec/zephyr/CMakeFiles/ec_shim.dir/shim/src/adc.c.obj
[adlrvp_mchp:ro] [117/346] Building C object zephyr/lib/libc/common/CMakeFiles/lib__libc__common.dir/source/string/strnlen.c.obj
[felino4es:rw] [88/371] Building C object zephyr/arch/arch/riscv/core/CMakeFiles/arch__riscv__core.dir/stacktrace.c.obj
[screebo:ro] [16/419] Building C object CMakeFiles/app.dir/mnt/host/source/src/platform/ec/zephyr/subsys/ap_pwrseq/signal_vw.c.obj
[screebo:rw] [357/419] Building C object modules/ec/zephyr/CMakeFiles/ec_shim.dir/shim/src/battery.c.obj
[adlrvp_mchp:rw] [194/346] Linking C static library zephyr/arch/arch/arm/core/mpu/libarch__arm__core__mpu.a
[screebo:rw] [358/419] Building C object modules/ec/zephyr/CMakeFiles/ec_shim.dir/shim/src/charger.c.obj
[felino4es:rw] [89/371] Linking C static library zephyr/arch/arch/riscv/core/libarch__riscv__core.a
[screebo:rw] [359/419] Building C object modules/ec/zephyr/CMakeFiles/ec_shim.dir/shim/src/chipset_api.c.obj
[adlrvp_mchp:rw] [195/346] Linking C static library zephyr/arch/arch/arm/core/cortex_m/libarch__arm__core__cortex_m.a
[adlrvp_mchp:ro] [118/346] Linking C static library zephyr/lib/libc/common/liblib__libc__common.a
[screebo:rw] [360/419] Building C object modules/ec/zephyr/CMakeFiles/ec_shim.dir/shim/src/espi.c.obj
[adlrvp_mchp:rw] [196/346] Building C object zephyr/lib/libc/common/CMakeFiles/lib__libc__common.dir/source/stdlib/abort.c.obj
[adlrvp_mchp:ro] [119/346] Building C object zephyr/lib/posix/c_lib_ext/CMakeFiles/lib__posix__c_lib_ext.dir/fnmatch.c.obj
[adlrvp_mchp:rw] [197/346] Generating ../../../include/generated/libc/minimal/strerror_table.h
[screebo:rw] [361/419] Building ASM object modules/ec/zephyr/CMakeFiles/ec_shim.dir/shim/src/libgcc_arm.S.obj
[adlrvp_mchp:rw] [198/346] Building C object zephyr/lib/libc/common/CMakeFiles/lib__libc__common.dir/source/time/asctime.c.obj
[adlrvp_mchp:rw] [199/346] Building C object zephyr/lib/libc/minimal/CMakeFiles/lib__libc__minimal.dir/source/stdlib/atoi.c.obj
[screebo:rw] [362/419] Building C object modules/ec/zephyr/CMakeFiles/ec_shim.dir/shim/src/fan.c.obj
[screebo:rw] [363/419] Building C object modules/ec/zephyr/CMakeFiles/ec_shim.dir/shim/src/flash.c.obj
[adlrvp_mchp:ro] [120/346] Building C object zephyr/lib/posix/c_lib_ext/CMakeFiles/lib__posix__c_lib_ext.dir/getentropy.c.obj
[adlrvp_mchp:rw] [200/346] Building C object zephyr/lib/libc/minimal/CMakeFiles/lib__libc__minimal.dir/source/stdlib/strtoul.c.obj
[felino4es:rw] [90/371] Generating ../../../include/generated/libc/minimal/strerror_table.h
[adlrvp_mchp:rw] [201/346] Building C object zephyr/lib/libc/minimal/CMakeFiles/lib__libc__minimal.dir/source/stdlib/strtol.c.obj
[screebo:rw] [364/419] Building C object modules/ec/zephyr/CMakeFiles/ec_shim.dir/shim/src/hooks.c.obj
[screebo:rw] [365/419] Building C object modules/ec/zephyr/CMakeFiles/ec_shim.dir/shim/src/host_command.c.obj
[adlrvp_mchp:rw] [202/346] Building C object zephyr/lib/libc/minimal/CMakeFiles/lib__libc__minimal.dir/source/stdlib/strtoll.c.obj
[felino4es:rw] [91/371] Building C object zephyr/lib/libc/minimal/CMakeFiles/lib__libc__minimal.dir/source/stdlib/atoi.c.obj
[adlrvp_mchp:ro] [121/346] Building C object zephyr/lib/posix/c_lib_ext/CMakeFiles/lib__posix__c_lib_ext.dir/getopt_shim.c.obj
[adlrvp_mchp:rw] [203/346] Building C object zephyr/lib/libc/minimal/CMakeFiles/lib__libc__minimal.dir/source/stdlib/strtoull.c.obj
[adlrvp_mchp:rw] [204/346] Building C object zephyr/lib/libc/minimal/CMakeFiles/lib__libc__minimal.dir/source/stdlib/bsearch.c.obj
[screebo:rw] [366/419] Building C object modules/ec/zephyr/CMakeFiles/ec_shim.dir/shim/src/console_buffer.c.obj
[screebo:rw] [367/419] Building C object modules/ec/zephyr/CMakeFiles/ec_shim.dir/shim/src/keyboard_raw.c.obj
[felino4es:rw] [92/371] Building C object zephyr/lib/libc/minimal/CMakeFiles/lib__libc__minimal.dir/source/stdlib/strtol.c.obj
[adlrvp_mchp:rw] [205/346] Building C object zephyr/lib/libc/minimal/CMakeFiles/lib__libc__minimal.dir/source/stdlib/qsort.c.obj
[adlrvp_mchp:rw] [206/346] Building C object zephyr/lib/libc/minimal/CMakeFiles/lib__libc__minimal.dir/source/stdlib/exit.c.obj
[felino4es:rw] [93/371] Building C object zephyr/lib/libc/minimal/CMakeFiles/lib__libc__minimal.dir/source/stdlib/strtoul.c.obj
[screebo:rw] [368/419] Building C object modules/ec/zephyr/CMakeFiles/ec_shim.dir/shim/src/panic.c.obj
[screebo:rw] [369/419] Building C object modules/ec/zephyr/CMakeFiles/ec_shim.dir/shim/src/mkbp_event.c.obj
[adlrvp_mchp:rw] [207/346] Building C object zephyr/lib/libc/minimal/CMakeFiles/lib__libc__minimal.dir/source/string/strerror.c.obj
[adlrvp_mchp:rw] [208/346] Building C object zephyr/lib/libc/minimal/CMakeFiles/lib__libc__minimal.dir/source/string/strncasecmp.c.obj
[felino4es:rw] [94/371] Building C object zephyr/lib/libc/minimal/CMakeFiles/lib__libc__minimal.dir/source/stdlib/strtoll.c.obj
[adlrvp_mchp:rw] [209/346] Building C object zephyr/lib/libc/minimal/CMakeFiles/lib__libc__minimal.dir/source/string/strstr.c.obj
[adlrvp_mchp:rw] [210/346] Building C object zephyr/lib/libc/minimal/CMakeFiles/lib__libc__minimal.dir/source/string/string.c.obj
[screebo:rw] [370/419] Building C object modules/ec/zephyr/CMakeFiles/ec_shim.dir/shim/src/pwm_hc.c.obj
[felino4es:rw] [95/371] Building C object zephyr/lib/libc/minimal/CMakeFiles/lib__libc__minimal.dir/source/stdlib/strtoull.c.obj
[adlrvp_mchp:rw] [211/346] Building C object zephyr/lib/libc/minimal/CMakeFiles/lib__libc__minimal.dir/source/string/strspn.c.obj
[screebo:rw] [371/419] Building C object modules/ec/zephyr/CMakeFiles/ec_shim.dir/shim/src/temp_sensors.c.obj
[felino4es:rw] [96/371] Building C object zephyr/lib/libc/minimal/CMakeFiles/lib__libc__minimal.dir/source/stdlib/bsearch.c.obj
[screebo:rw] [372/419] Building C object modules/ec/zephyr/CMakeFiles/ec_shim.dir/shim/src/thermal.c.obj
[adlrvp_mchp:rw] [212/346] Building C object zephyr/lib/libc/minimal/CMakeFiles/lib__libc__minimal.dir/source/stdout/stdout_console.c.obj
[adlrvp_mchp:rw] [213/346] Building C object zephyr/lib/libc/minimal/CMakeFiles/lib__libc__minimal.dir/source/stdout/sprintf.c.obj
[screebo:rw] [373/419] Building C object modules/ec/zephyr/CMakeFiles/ec_shim.dir/shim/src/hwtimer.c.obj
[adlrvp_mchp:rw] [214/346] Building C object zephyr/lib/libc/minimal/CMakeFiles/lib__libc__minimal.dir/source/math/sqrtf.c.obj
[felino4es:rw] [97/371] Building C object zephyr/lib/libc/minimal/CMakeFiles/lib__libc__minimal.dir/source/stdlib/exit.c.obj
[adlrvp_mchp:rw] [215/346] Building C object zephyr/lib/libc/minimal/CMakeFiles/lib__libc__minimal.dir/source/stdout/fprintf.c.obj
[screebo:rw] [374/419] Building C object modules/ec/zephyr/CMakeFiles/ec_shim.dir/shim/src/i2c.c.obj
[screebo:rw] [375/419] Building C object modules/ec/zephyr/CMakeFiles/ec_shim.dir/shim/src/tasks.c.obj
[adlrvp_mchp:rw] [216/346] Building C object zephyr/lib/libc/minimal/CMakeFiles/lib__libc__minimal.dir/source/math/sqrt.c.obj
[adlrvp_mchp:rw] [217/346] Building C object zephyr/lib/libc/minimal/CMakeFiles/lib__libc__minimal.dir/source/time/gmtime.c.obj
[adlrvp_mchp:ro] [122/346] Linking C static library zephyr/lib/posix/c_lib_ext/liblib__posix__c_lib_ext.a
[felino4es:rw] [98/371] Building C object zephyr/lib/libc/minimal/CMakeFiles/lib__libc__minimal.dir/source/stdlib/qsort.c.obj
[felino4es:ro] [184/371] Building ASM object zephyr/arch/arch/riscv/core/CMakeFiles/arch__riscv__core.dir/reset.S.obj
[adlrvp_mchp:rw] [218/346] Building C object zephyr/lib/libc/common/CMakeFiles/lib__libc__common.dir/source/time/gmtime_r.c.obj
[adlrvp_mchp:ro] [123/346] Building C object zephyr/subsys/crc/CMakeFiles/subsys__crc.dir/crc4_sw.c.obj
[screebo:rw] [376/419] Building C object modules/ec/zephyr/CMakeFiles/ec_shim.dir/shim/src/watchdog.c.obj
[adlrvp_mchp:rw] [219/346] Building C object zephyr/lib/libc/common/CMakeFiles/lib__libc__common.dir/source/time/localtime_r_utc.c.obj
[felino4es:rw] [99/371] Building C object zephyr/lib/libc/minimal/CMakeFiles/lib__libc__minimal.dir/source/string/strerror.c.obj
[adlrvp_mchp:ro] [124/346] Building C object zephyr/subsys/crc/CMakeFiles/subsys__crc.dir/crc8_sw.c.obj
[felino4es:rw] [100/371] Building C object zephyr/lib/libc/minimal/CMakeFiles/lib__libc__minimal.dir/source/string/strncasecmp.c.obj
[screebo:rw] [377/419] Building C object modules/ec/zephyr/CMakeFiles/ec_shim.dir/shim/src/bc12.c.obj
[screebo:rw] [378/419] Building C object modules/ec/zephyr/CMakeFiles/ec_shim.dir/shim/src/bc12_pi3usb9201.c.obj
[screebo:rw] [379/419] Building C object modules/ec/zephyr/CMakeFiles/ec_shim.dir/shim/src/ppc.c.obj
[adlrvp_mchp:rw] [220/346] Building C object zephyr/lib/libc/common/CMakeFiles/lib__libc__common.dir/source/time/ctime.c.obj
[felino4es:rw] [101/371] Building C object zephyr/lib/libc/minimal/CMakeFiles/lib__libc__minimal.dir/source/string/strstr.c.obj
[adlrvp_mchp:ro] [125/346] Building C object zephyr/subsys/crc/CMakeFiles/subsys__crc.dir/crc16_sw.c.obj
[adlrvp_mchp:rw] [221/346] Building C object zephyr/lib/libc/common/CMakeFiles/lib__libc__common.dir/source/time/time.c.obj
[screebo:rw] [380/419] Building C object modules/ec/zephyr/CMakeFiles/ec_shim.dir/shim/src/tcpc_nct38xx.c.obj
[screebo:rw] [381/419] Building C object modules/ec/zephyr/CMakeFiles/ec_shim.dir/shim/src/usba.c.obj
[felino4es:rw] [102/371] Building C object zephyr/lib/libc/minimal/CMakeFiles/lib__libc__minimal.dir/source/string/string.c.obj
[adlrvp_mchp:ro] [126/346] Building C object zephyr/subsys/crc/CMakeFiles/subsys__crc.dir/crc7_sw.c.obj
[screebo:rw] [382/419] Building C object modules/ec/zephyr/CMakeFiles/ec_shim.dir/shim/src/power_host_sleep_api.c.obj
[adlrvp_mchp:ro] [127/346] Building C object zephyr/subsys/crc/CMakeFiles/subsys__crc.dir/crc24_sw.c.obj
[adlrvp_mchp:rw] [222/346] Building C object zephyr/lib/libc/common/CMakeFiles/lib__libc__common.dir/source/stdlib/malloc.c.obj
[felino4es:rw] [103/371] Building C object zephyr/lib/libc/minimal/CMakeFiles/lib__libc__minimal.dir/source/string/strspn.c.obj
[screebo:rw] [383/419] Building C object modules/ec/zephyr/CMakeFiles/ec_shim.dir/shim/src/usb_muxes.c.obj
[adlrvp_mchp:rw] [223/346] Building C object zephyr/lib/libc/common/CMakeFiles/lib__libc__common.dir/source/string/strnlen.c.obj
[screebo:rw] [384/419] Building C object modules/ec/zephyr/CMakeFiles/ec_shim.dir/shim/src/sha256_hw.c.obj
[adlrvp_mchp:rw] [224/346] Linking C static library zephyr/lib/libc/minimal/liblib__libc__minimal.a
[adlrvp_mchp:ro] [128/346] Building C object zephyr/subsys/crc/CMakeFiles/subsys__crc.dir/crc32c_sw.c.obj
[felino4es:rw] [104/371] Building C object zephyr/lib/libc/minimal/CMakeFiles/lib__libc__minimal.dir/source/stdout/stdout_console.c.obj
[screebo:rw] [385/419] Building C object modules/ec/zephyr/CMakeFiles/ec_shim.dir/shim/src/bb_retimer_usb_mux.c.obj
[screebo:rw] [386/419] Building C object zephyr/kernel/CMakeFiles/kernel.dir/main_weak.c.obj
[adlrvp_mchp:rw] [225/346] Building C object zephyr/lib/posix/c_lib_ext/CMakeFiles/lib__posix__c_lib_ext.dir/fnmatch.c.obj
[adlrvp_mchp:ro] [129/346] Building C object zephyr/subsys/crc/CMakeFiles/subsys__crc.dir/crc32_sw.c.obj
[felino4es:rw] [105/371] Building C object zephyr/lib/libc/minimal/CMakeFiles/lib__libc__minimal.dir/source/stdout/sprintf.c.obj
[adlrvp_mchp:rw] [226/346] Building C object zephyr/lib/posix/c_lib_ext/CMakeFiles/lib__posix__c_lib_ext.dir/getentropy.c.obj
[adlrvp_mchp:ro] [130/346] Building C object zephyr/subsys/crc/CMakeFiles/subsys__crc.dir/crc32k_4_2_sw.c.obj
[screebo:rw] [387/419] Building C object zephyr/kernel/CMakeFiles/kernel.dir/banner.c.obj
[adlrvp_mchp:rw] [227/346] Building C object zephyr/lib/posix/c_lib_ext/CMakeFiles/lib__posix__c_lib_ext.dir/getopt_shim.c.obj
[felino4es:rw] [106/371] Building C object zephyr/lib/libc/minimal/CMakeFiles/lib__libc__minimal.dir/source/stdout/fprintf.c.obj
[screebo:rw] [388/419] Building C object zephyr/kernel/CMakeFiles/kernel.dir/busy_wait.c.obj
[felino4es:rw] [107/371] Building C object zephyr/lib/libc/minimal/CMakeFiles/lib__libc__minimal.dir/source/math/sqrtf.c.obj
[felino4es:rw] [108/371] Building C object zephyr/lib/libc/minimal/CMakeFiles/lib__libc__minimal.dir/source/math/sqrt.c.obj
[screebo:rw] [389/419] Building C object zephyr/kernel/CMakeFiles/kernel.dir/device.c.obj
[adlrvp_mchp:rw] [228/346] Linking C static library zephyr/lib/libc/common/liblib__libc__common.a
[adlrvp_mchp:rw] [229/346] Building C object zephyr/subsys/crc/CMakeFiles/subsys__crc.dir/crc4_sw.c.obj
[screebo:rw] [390/419] Building C object zephyr/kernel/CMakeFiles/kernel.dir/errno.c.obj
[felino4es:rw] [109/371] Building C object zephyr/lib/libc/minimal/CMakeFiles/lib__libc__minimal.dir/source/time/gmtime.c.obj
[adlrvp_mchp:rw] [230/346] Building C object zephyr/subsys/crc/CMakeFiles/subsys__crc.dir/crc8_sw.c.obj
[adlrvp_mchp:ro] [131/346] Linking C static library zephyr/subsys/crc/libsubsys__crc.a
[screebo:rw] [391/419] Building C object zephyr/kernel/CMakeFiles/kernel.dir/fatal.c.obj
[adlrvp_mchp:rw] [231/346] Building C object zephyr/subsys/crc/CMakeFiles/subsys__crc.dir/crc16_sw.c.obj
[adlrvp_mchp:ro] [132/346] Building C object zephyr/drivers/interrupt_controller/CMakeFiles/drivers__interrupt_controller.dir/intc_mchp_ecia_xec.c.obj
[adlrvp_mchp:rw] [232/346] Linking C static library zephyr/lib/posix/c_lib_ext/liblib__posix__c_lib_ext.a
[adlrvp_mchp:rw] [233/346] Building C object zephyr/subsys/crc/CMakeFiles/subsys__crc.dir/crc7_sw.c.obj
[screebo:rw] [392/419] Building C object zephyr/kernel/CMakeFiles/kernel.dir/init.c.obj
[adlrvp_mchp:rw] [234/346] Building C object zephyr/subsys/crc/CMakeFiles/subsys__crc.dir/crc24_sw.c.obj
[screebo:rw] [393/419] Linking C static library modules/ec/zephyr/libec_shim.a
[adlrvp_mchp:rw] [235/346] Building C object zephyr/subsys/crc/CMakeFiles/subsys__crc.dir/crc32c_sw.c.obj
[screebo:rw] [394/419] Building C object zephyr/kernel/CMakeFiles/kernel.dir/kheap.c.obj
[adlrvp_mchp:rw] [236/346] Building C object zephyr/subsys/crc/CMakeFiles/subsys__crc.dir/crc32_sw.c.obj
[felino4es:rw] [110/371] Linking C static library zephyr/lib/libc/minimal/liblib__libc__minimal.a
[adlrvp_mchp:rw] [237/346] Building C object zephyr/subsys/crc/CMakeFiles/subsys__crc.dir/crc32k_4_2_sw.c.obj
[screebo:rw] [395/419] Building C object zephyr/kernel/CMakeFiles/kernel.dir/mem_slab.c.obj
[screebo:rw] [396/419] Building C object zephyr/kernel/CMakeFiles/kernel.dir/float.c.obj
[felino4es:rw] [111/371] Building C object zephyr/lib/libc/common/CMakeFiles/lib__libc__common.dir/source/stdlib/abort.c.obj
[screebo:rw] [397/419] Building C object zephyr/kernel/CMakeFiles/kernel.dir/version.c.obj
[adlrvp_mchp:rw] [238/346] Building C object zephyr/drivers/interrupt_controller/CMakeFiles/drivers__interrupt_controller.dir/intc_mchp_ecia_xec.c.obj
[screebo:rw] [398/419] Building C object zephyr/kernel/CMakeFiles/kernel.dir/idle.c.obj
[screebo:rw] [399/419] Building C object zephyr/kernel/CMakeFiles/kernel.dir/mailbox.c.obj
[felino4es:rw] [112/371] Building C object zephyr/lib/libc/common/CMakeFiles/lib__libc__common.dir/source/time/asctime.c.obj
[adlrvp_mchp:ro] [133/346] Linking C static library zephyr/drivers/interrupt_controller/libdrivers__interrupt_controller.a
[screebo:rw] [400/419] Building C object zephyr/kernel/CMakeFiles/kernel.dir/mutex.c.obj
[felino4es:rw] [113/371] Building C object zephyr/lib/libc/common/CMakeFiles/lib__libc__common.dir/source/time/gmtime_r.c.obj
[adlrvp_mchp:ro] [134/346] Building C object zephyr/drivers/adc/CMakeFiles/drivers__adc.dir/adc_common.c.obj
[screebo:rw] [401/419] Building C object zephyr/kernel/CMakeFiles/kernel.dir/msg_q.c.obj
[felino4es:rw] [114/371] Building C object zephyr/lib/libc/common/CMakeFiles/lib__libc__common.dir/source/time/localtime_r_utc.c.obj
[screebo:rw] [402/419] Building C object zephyr/kernel/CMakeFiles/kernel.dir/queue.c.obj
[felino4es:rw] [115/371] Building C object zephyr/lib/libc/common/CMakeFiles/lib__libc__common.dir/source/time/ctime.c.obj
[adlrvp_mchp:ro] [135/346] Building C object zephyr/drivers/adc/CMakeFiles/drivers__adc.dir/adc_mchp_xec.c.obj
[adlrvp_mchp:rw] [239/346] Linking C static library zephyr/drivers/interrupt_controller/libdrivers__interrupt_controller.a
[felino4es:rw] [116/371] Building C object zephyr/lib/libc/common/CMakeFiles/lib__libc__common.dir/source/time/time.c.obj
[screebo:rw] [403/419] Building C object zephyr/kernel/CMakeFiles/kernel.dir/sem.c.obj
[adlrvp_mchp:rw] [240/346] Linking C static library zephyr/subsys/crc/libsubsys__crc.a
[screebo:rw] [404/419] Building C object zephyr/kernel/CMakeFiles/kernel.dir/stack.c.obj
[adlrvp_mchp:rw] [241/346] Building C object zephyr/drivers/adc/CMakeFiles/drivers__adc.dir/adc_common.c.obj
[felino4es:rw] [117/371] Building C object zephyr/lib/libc/common/CMakeFiles/lib__libc__common.dir/source/stdlib/malloc.c.obj
[adlrvp_mchp:rw] [242/346] Building C object zephyr/drivers/adc/CMakeFiles/drivers__adc.dir/adc_mchp_xec.c.obj
[screebo:rw] [405/419] Building C object zephyr/kernel/CMakeFiles/kernel.dir/system_work_q.c.obj
[adlrvp_mchp:rw] [243/346] Building C object zephyr/drivers/bbram/CMakeFiles/drivers__bbram.dir/bbram_xec.c.obj
[screebo:rw] [406/419] Building C object zephyr/kernel/CMakeFiles/kernel.dir/work.c.obj
[adlrvp_mchp:ro] [136/346] Linking C static library zephyr/drivers/adc/libdrivers__adc.a
[felino4es:rw] [118/371] Building C object zephyr/lib/libc/common/CMakeFiles/lib__libc__common.dir/source/string/strnlen.c.obj
[screebo:rw] [407/419] Building C object zephyr/kernel/CMakeFiles/kernel.dir/condvar.c.obj
[screebo:rw] [408/419] Building C object zephyr/kernel/CMakeFiles/kernel.dir/thread.c.obj
[adlrvp_mchp:ro] [137/346] Building C object zephyr/drivers/bbram/CMakeFiles/drivers__bbram.dir/bbram_xec.c.obj
[screebo:rw] [409/419] Building C object zephyr/kernel/CMakeFiles/kernel.dir/sched.c.obj
[screebo:rw] [410/419] Building C object zephyr/kernel/CMakeFiles/kernel.dir/pipe.c.obj
[screebo:rw] [411/419] Building C object zephyr/kernel/CMakeFiles/kernel.dir/spinlock_validate.c.obj
[felino4es:rw] [119/371] Linking C static library zephyr/lib/libc/common/liblib__libc__common.a
[adlrvp_mchp:rw] [244/346] Linking C static library zephyr/drivers/adc/libdrivers__adc.a
[screebo:rw] [412/419] Building C object zephyr/kernel/CMakeFiles/kernel.dir/thread_monitor.c.obj
[adlrvp_mchp:rw] [245/346] Building C object zephyr/drivers/clock_control/CMakeFiles/drivers__clock_control.dir/clock_control_mchp_xec.c.obj
[adlrvp_mchp:rw] [246/346] Linking C static library zephyr/drivers/bbram/libdrivers__bbram.a
[felino4es:rw] [120/371] Building C object zephyr/lib/posix/c_lib_ext/CMakeFiles/lib__posix__c_lib_ext.dir/fnmatch.c.obj
[screebo:rw] [413/419] Building C object zephyr/kernel/CMakeFiles/kernel.dir/timeout.c.obj
[screebo:rw] [414/419] Building C object zephyr/kernel/CMakeFiles/kernel.dir/timer.c.obj
[adlrvp_mchp:rw] [247/346] Building C object zephyr/drivers/console/CMakeFiles/drivers__console.dir/uart_console.c.obj
[felino4es:rw] [121/371] Building C object zephyr/lib/posix/c_lib_ext/CMakeFiles/lib__posix__c_lib_ext.dir/getentropy.c.obj
[screebo:rw] [415/419] Building C object zephyr/kernel/CMakeFiles/kernel.dir/poll.c.obj
[adlrvp_mchp:ro] [138/346] Linking C static library zephyr/drivers/bbram/libdrivers__bbram.a
[felino4es:rw] [122/371] Building C object zephyr/lib/posix/c_lib_ext/CMakeFiles/lib__posix__c_lib_ext.dir/getopt_shim.c.obj
[screebo:rw] [416/419] Building C object zephyr/kernel/CMakeFiles/kernel.dir/events.c.obj
[screebo:rw] [417/419] Building C object zephyr/kernel/CMakeFiles/kernel.dir/mempool.c.obj
[adlrvp_mchp:ro] [139/346] Building C object zephyr/drivers/clock_control/CMakeFiles/drivers__clock_control.dir/clock_control_mchp_xec.c.obj
[screebo:rw] [418/419] Building C object zephyr/kernel/CMakeFiles/kernel.dir/dynamic_disabled.c.obj
[felino4es:ro] [185/371] Building C object zephyr/arch/arch/riscv/core/CMakeFiles/arch__riscv__core.dir/thread.c.obj
[adlrvp_mchp:rw] [248/346] Linking C static library zephyr/drivers/clock_control/libdrivers__clock_control.a
[adlrvp_mchp:rw] [249/346] Building C object zephyr/drivers/espi/CMakeFiles/drivers__espi.dir/espi_mchp_xec_host_v2.c.obj
[felino4es:rw] [123/371] Linking C static library zephyr/lib/posix/c_lib_ext/liblib__posix__c_lib_ext.a
[matsu_it82000:ro] -- Generating done (4.6s)
[matsu_it82000:ro] CMake Warning:
[adlrvp_mchp:rw] [250/346] Building C object zephyr/drivers/espi/CMakeFiles/drivers__espi.dir/espi_mchp_xec_v2.c.obj
[adlrvp_mchp:rw] [251/346] Linking C static library zephyr/drivers/console/libdrivers__console.a
[lotso:rw] Parsing /mnt/host/source/src/platform/ec/zephyr/program/brox/Kconfig
[adlrvp_mchp:rw] [252/346] Building C object zephyr/drivers/flash/CMakeFiles/drivers__flash.dir/jesd216.c.obj
[felino4es:rw] [124/371] Building C object zephyr/lib/smf/CMakeFiles/lib__smf.dir/smf.c.obj
[adlrvp_mchp:ro] [140/346] Linking C static library zephyr/drivers/clock_control/libdrivers__clock_control.a
[ocelotrvp-npcx:rw] /mnt/host/source/src/platform/ec/build/zephyr/ocelotrvp-npcx/build-rw/zephyr/zephyr.dts:5127.14-5136.5: Warning (gpios_property): /fans/fan0: Missing property '#gpio-cells' in node /named-gpios/en_pp5000_fan or bad phandle (referred from enable-gpio[0])
[ocelotrvp-npcx:rw] /mnt/host/source/src/platform/ec/build/zephyr/ocelotrvp-npcx/build-rw/zephyr/zephyr.dts:5127.14-5136.5: Warning (gpios_property): /fans/fan0: Missing property '#gpio-cells' in node /named-gpios/all_sys_pwrgd or bad phandle (referred from pgood-gpio[0])
[adlrvp_mchp:ro] [141/346] Building C object zephyr/drivers/console/CMakeFiles/drivers__console.dir/uart_console.c.obj
[adlrvp_mchp:rw] [253/346] Building C object zephyr/drivers/flash/CMakeFiles/drivers__flash.dir/spi_nor.c.obj
[felino4es:rw] [125/371] Linking C static library zephyr/lib/smf/liblib__smf.a
[screebo:rw] [419/419] Linking C static library zephyr/kernel/libkernel.a
[felino4es:rw] [126/371] Building C object zephyr/subsys/crc/CMakeFiles/subsys__crc.dir/crc4_sw.c.obj
[felino4es:rw] [127/371] Building C object zephyr/subsys/crc/CMakeFiles/subsys__crc.dir/crc8_sw.c.obj
[felino4es:rw] [128/371] Building C object zephyr/subsys/crc/CMakeFiles/subsys__crc.dir/crc16_sw.c.obj
[adlrvp_mchp:rw] [254/346] Building C object zephyr/drivers/gpio/CMakeFiles/drivers__gpio.dir/gpio_pca95xx.c.obj
[adlrvp_mchp:rw] [255/346] Linking C static library zephyr/drivers/espi/libdrivers__espi.a
[felino4es:rw] [129/371] Building C object zephyr/subsys/crc/CMakeFiles/subsys__crc.dir/crc7_sw.c.obj
[adlrvp_mchp:rw] [256/346] Building C object zephyr/drivers/gpio/CMakeFiles/drivers__gpio.dir/gpio_mchp_xec.c.obj
[adlrvp_mchp:rw] [257/346] Building C object zephyr/drivers/i2c/CMakeFiles/drivers__i2c.dir/i2c_common.c.obj
[felino4es:ro] [186/371] Building ASM object zephyr/arch/arch/riscv/core/CMakeFiles/arch__riscv__core.dir/switch.S.obj
[adlrvp_mchp:ro] [142/346] Linking C static library zephyr/drivers/console/libdrivers__console.a
[felino4es:rw] [130/371] Building C object zephyr/subsys/crc/CMakeFiles/subsys__crc.dir/crc24_sw.c.obj
[felino4es:ro] [187/371] Building C object zephyr/arch/arch/riscv/core/CMakeFiles/arch__riscv__core.dir/stacktrace.c.obj
[felino4es:rw] [131/371] Building C object zephyr/subsys/crc/CMakeFiles/subsys__crc.dir/crc32c_sw.c.obj
[adlrvp_mchp:ro] [143/346] Building C object zephyr/drivers/espi/CMakeFiles/drivers__espi.dir/espi_mchp_xec_host_v2.c.obj
[felino4es:rw] [132/371] Building C object zephyr/subsys/crc/CMakeFiles/subsys__crc.dir/crc32_sw.c.obj
[adlrvp_mchp:rw] [258/346] Linking C static library zephyr/drivers/flash/libdrivers__flash.a
[adlrvp_mchp:rw] [259/346] Building C object zephyr/drivers/i2c/CMakeFiles/drivers__i2c.dir/i2c_shell.c.obj
[felino4es:rw] [133/371] Building C object zephyr/subsys/crc/CMakeFiles/subsys__crc.dir/crc32k_4_2_sw.c.obj
[adlrvp_mchp:ro] [144/346] Building C object zephyr/drivers/espi/CMakeFiles/drivers__espi.dir/espi_mchp_xec_v2.c.obj
[adlrvp_mchp:rw] [260/346] Building C object zephyr/drivers/pinctrl/CMakeFiles/drivers__pinctrl.dir/common.c.obj
[adlrvp_mchp:rw] [261/346] Building C object zephyr/drivers/i2c/CMakeFiles/drivers__i2c.dir/i2c_mchp_xec_v2.c.obj
[ocelotrvp-npcx:ro] warning: Deprecated symbol I2C_ALLOW_NO_STOP_TRANSACTIONS is enabled.
[adlrvp_mchp:rw] [262/346] Building C object zephyr/drivers/pinctrl/CMakeFiles/drivers__pinctrl.dir/pinctrl_mchp_xec.c.obj
[adlrvp_mchp:rw] [263/346] Linking C static library zephyr/drivers/gpio/libdrivers__gpio.a
[felino4es:ro] [188/371] Generating ../../../include/generated/libc/minimal/strerror_table.h
[adlrvp_mchp:rw] [264/346] Building C object zephyr/drivers/serial/CMakeFiles/drivers__serial.dir/uart_mchp_xec.c.obj
[felino4es:ro] [189/371] Building C object zephyr/lib/libc/minimal/CMakeFiles/lib__libc__minimal.dir/source/stdlib/atoi.c.obj
[felino4es:ro] [190/371] Building C object zephyr/lib/libc/minimal/CMakeFiles/lib__libc__minimal.dir/source/stdlib/strtol.c.obj
[adlrvp_mchp:ro] [145/346] Linking C static library zephyr/drivers/espi/libdrivers__espi.a
[felino4es:rw] [134/371] Linking C static library zephyr/subsys/crc/libsubsys__crc.a
[felino4es:ro] [191/371] Building C object zephyr/lib/libc/minimal/CMakeFiles/lib__libc__minimal.dir/source/stdlib/strtoul.c.obj
[adlrvp_mchp:ro] [146/346] Building C object zephyr/drivers/flash/CMakeFiles/drivers__flash.dir/jesd216.c.obj
[adlrvp_mchp:rw] [265/346] Linking C static library zephyr/drivers/pinctrl/libdrivers__pinctrl.a
[felino4es:ro] [192/371] Building C object zephyr/lib/libc/minimal/CMakeFiles/lib__libc__minimal.dir/source/stdlib/strtoll.c.obj
[adlrvp_mchp:ro] [147/346] Building C object zephyr/drivers/flash/CMakeFiles/drivers__flash.dir/spi_nor.c.obj
[adlrvp_mchp:rw] [266/346] Linking C static library zephyr/drivers/i2c/libdrivers__i2c.a
[adlrvp_mchp:rw] [267/346] Building C object zephyr/drivers/spi/CMakeFiles/drivers__spi.dir/spi_xec_qmspi_ldma.c.obj
[felino4es:rw] [135/371] Building C object zephyr/subsys/input/CMakeFiles/subsys__input.dir/input.c.obj
[felino4es:ro] [193/371] Building C object zephyr/lib/libc/minimal/CMakeFiles/lib__libc__minimal.dir/source/stdlib/strtoull.c.obj
[adlrvp_mchp:rw] [268/346] Building C object zephyr/drivers/timer/CMakeFiles/drivers__timer.dir/sys_clock_init.c.obj
[felino4es:rw] [136/371] Building C object zephyr/subsys/input/CMakeFiles/subsys__input.dir/input_hid.c.obj
[felino4es:ro] [194/371] Building C object zephyr/lib/libc/minimal/CMakeFiles/lib__libc__minimal.dir/source/stdlib/bsearch.c.obj
[adlrvp_mchp:rw] [269/346] Linking C static library zephyr/drivers/serial/libdrivers__serial.a
[felino4es:rw] [137/371] Building C object zephyr/subsys/input/CMakeFiles/subsys__input.dir/input_utils.c.obj
[felino4es:ro] [195/371] Building C object zephyr/lib/libc/minimal/CMakeFiles/lib__libc__minimal.dir/source/stdlib/exit.c.obj
[adlrvp_mchp:rw] [270/346] Building C object zephyr/drivers/timer/CMakeFiles/drivers__timer.dir/mchp_xec_rtos_timer.c.obj
[felino4es:ro] [196/371] Building C object zephyr/lib/libc/minimal/CMakeFiles/lib__libc__minimal.dir/source/stdlib/qsort.c.obj
[adlrvp_mchp:rw] [271/346] Building C object zephyr/drivers/watchdog/CMakeFiles/drivers__watchdog.dir/wdt_shell.c.obj
[felino4es:ro] [197/371] Building C object zephyr/lib/libc/minimal/CMakeFiles/lib__libc__minimal.dir/source/string/strerror.c.obj
[adlrvp_mchp:rw] [272/346] Building C object zephyr/drivers/watchdog/CMakeFiles/drivers__watchdog.dir/wdt_mchp_xec.c.obj
[adlrvp_mchp:ro] [148/346] Linking C static library zephyr/drivers/flash/libdrivers__flash.a
[adlrvp_mchp:rw] [273/346] Linking C static library zephyr/drivers/spi/libdrivers__spi.a
[felino4es:ro] [198/371] Building C object zephyr/lib/libc/minimal/CMakeFiles/lib__libc__minimal.dir/source/string/strncasecmp.c.obj
[felino4es:ro] [199/371] Building C object zephyr/lib/libc/minimal/CMakeFiles/lib__libc__minimal.dir/source/string/strstr.c.obj
[screebo:ro] [17/419] Building C object CMakeFiles/app.dir/mnt/host/source/src/platform/ec/zephyr/subsys/ap_pwrseq/power_host_sleep.c.obj
[adlrvp_mchp:ro] [149/346] Building C object zephyr/drivers/gpio/CMakeFiles/drivers__gpio.dir/gpio_pca95xx.c.obj
[felino4es:ro] [200/371] Building C object zephyr/lib/libc/minimal/CMakeFiles/lib__libc__minimal.dir/source/string/string.c.obj
[adlrvp_mchp:rw] [274/346] Linking C static library zephyr/drivers/timer/libdrivers__timer.a
[adlrvp_mchp:rw] [275/346] Building C object modules/ec/zephyr/CMakeFiles/ec_shim.dir/app/ec/ec_app_main.c.obj
[adlrvp_mchp:ro] [150/346] Building C object zephyr/drivers/gpio/CMakeFiles/drivers__gpio.dir/gpio_mchp_xec.c.obj
[felino4es:ro] [201/371] Building C object zephyr/lib/libc/minimal/CMakeFiles/lib__libc__minimal.dir/source/string/strspn.c.obj
[adlrvp_mchp:rw] [276/346] Building C object modules/ec/zephyr/CMakeFiles/ec_shim.dir/app/ec/main_shim.c.obj
[felino4es:rw] [138/371] Linking C static library zephyr/subsys/input/libsubsys__input.a
[adlrvp_mchp:rw] [277/346] Building C object modules/ec/zephyr/CMakeFiles/ec_shim.dir/drivers/cros_flash/cros_flash_xec.c.obj
[felino4es:ro] [202/371] Building C object zephyr/lib/libc/minimal/CMakeFiles/lib__libc__minimal.dir/source/stdout/stdout_console.c.obj
[felino4es:rw] [139/371] Building C object zephyr/drivers/interrupt_controller/CMakeFiles/drivers__interrupt_controller.dir/intc_ite_it8xxx2_v2.c.obj
[adlrvp_mchp:rw] [278/346] Building C object modules/ec/zephyr/CMakeFiles/ec_shim.dir/drivers/cros_system/cros_system_xec.c.obj
[felino4es:ro] [203/371] Building C object zephyr/lib/libc/minimal/CMakeFiles/lib__libc__minimal.dir/source/stdout/sprintf.c.obj
[felino4es:rw] [140/371] Building C object zephyr/drivers/interrupt_controller/CMakeFiles/drivers__interrupt_controller.dir/wuc_ite_it8xxx2.c.obj
[adlrvp_mchp:rw] [279/346] Linking C static library zephyr/drivers/watchdog/libdrivers__watchdog.a
[adlrvp_mchp:rw] [280/346] Building C object modules/ec/zephyr/CMakeFiles/ec_shim.dir/shim/chip/mchp/clock.c.obj
[adlrvp_mchp:rw] [281/346] Building C object modules/ec/zephyr/CMakeFiles/ec_shim.dir/shim/chip/mchp/gpio.c.obj
[felino4es:ro] [204/371] Building C object zephyr/lib/libc/minimal/CMakeFiles/lib__libc__minimal.dir/source/stdout/fprintf.c.obj
[adlrvp_mchp:rw] [282/346] Building C object modules/ec/zephyr/CMakeFiles/ec_shim.dir/shim/chip/mchp/system_external_storage.c.obj
[adlrvp_mchp:rw] [283/346] Building C object modules/ec/zephyr/CMakeFiles/ec_shim.dir/shim/chip/mchp/system_download_from_flash.c.obj
[felino4es:ro] [205/371] Building C object zephyr/lib/libc/minimal/CMakeFiles/lib__libc__minimal.dir/source/math/sqrtf.c.obj
[adlrvp_mchp:ro] [151/346] Linking C static library zephyr/drivers/gpio/libdrivers__gpio.a
[adlrvp_mchp:rw] [284/346] Building C object modules/ec/zephyr/CMakeFiles/ec_shim.dir/shim/chip/mchp/system.c.obj
[adlrvp_mchp:rw] [285/346] Building C object modules/ec/zephyr/CMakeFiles/ec_shim.dir/shim/core/cortex-m/mpu.c.obj
[felino4es:ro] [206/371] Building C object zephyr/lib/libc/minimal/CMakeFiles/lib__libc__minimal.dir/source/math/sqrt.c.obj
[adlrvp_mchp:ro] [152/346] Building C object zephyr/drivers/i2c/CMakeFiles/drivers__i2c.dir/i2c_common.c.obj
[adlrvp_mchp:rw] [286/346] Building C object modules/ec/zephyr/CMakeFiles/ec_shim.dir/shim/core/cortex-m/panic.c.obj
[adlrvp_mchp:rw] [287/346] Building C object modules/ec/zephyr/CMakeFiles/ec_shim.dir/shim/src/console.c.obj
[felino4es:ro] [207/371] Building C object zephyr/lib/libc/minimal/CMakeFiles/lib__libc__minimal.dir/source/time/gmtime.c.obj
[adlrvp_mchp:rw] [288/346] Building C object modules/ec/zephyr/CMakeFiles/ec_shim.dir/shim/src/crc.c.obj
[adlrvp_mchp:rw] [289/346] Building C object modules/ec/zephyr/CMakeFiles/ec_shim.dir/shim/src/gpio.c.obj
[adlrvp_mchp:ro] [153/346] Building C object zephyr/drivers/i2c/CMakeFiles/drivers__i2c.dir/i2c_shell.c.obj
[adlrvp_mchp:rw] [290/346] Building C object modules/ec/zephyr/CMakeFiles/ec_shim.dir/shim/src/gpio_int.c.obj
[adlrvp_mchp:ro] [154/346] Building C object zephyr/drivers/i2c/CMakeFiles/drivers__i2c.dir/i2c_mchp_xec_v2.c.obj
[adlrvp_mchp:rw] [291/346] Building C object modules/ec/zephyr/CMakeFiles/ec_shim.dir/shim/src/panic_utils.c.obj
[adlrvp_mchp:rw] [292/346] Building C object modules/ec/zephyr/CMakeFiles/ec_shim.dir/shim/src/cbi/cros_cbi.c.obj
[felino4es:rw] [141/371] Linking C static library zephyr/drivers/interrupt_controller/libdrivers__interrupt_controller.a
[adlrvp_mchp:rw] [293/346] Building C object modules/ec/zephyr/CMakeFiles/ec_shim.dir/shim/src/system.c.obj
[felino4es:rw] [142/371] Building C object zephyr/drivers/adc/CMakeFiles/drivers__adc.dir/adc_common.c.obj
[adlrvp_mchp:rw] [294/346] Building C object modules/ec/zephyr/CMakeFiles/ec_shim.dir/shim/src/adc.c.obj
[felino4es:rw] [143/371] Building C object zephyr/drivers/adc/CMakeFiles/drivers__adc.dir/adc_ite_it8xxx2.c.obj
[adlrvp_mchp:rw] [295/346] Building C object modules/ec/zephyr/CMakeFiles/ec_shim.dir/shim/src/battery.c.obj
[adlrvp_mchp:rw] [296/346] Building C object modules/ec/zephyr/CMakeFiles/ec_shim.dir/shim/src/charger.c.obj
[felino4es:ro] [208/371] Linking C static library zephyr/lib/libc/minimal/liblib__libc__minimal.a
[adlrvp_mchp:rw] [297/346] Building C object modules/ec/zephyr/CMakeFiles/ec_shim.dir/shim/src/espi.c.obj
[adlrvp_mchp:rw] [298/346] Building C object modules/ec/zephyr/CMakeFiles/ec_shim.dir/shim/src/flash.c.obj
[felino4es:ro] [209/371] Building C object zephyr/lib/libc/common/CMakeFiles/lib__libc__common.dir/source/stdlib/abort.c.obj
[adlrvp_mchp:rw] [299/346] Building C object modules/ec/zephyr/CMakeFiles/ec_shim.dir/shim/src/hooks.c.obj
[felino4es:ro] [210/371] Building C object zephyr/lib/libc/common/CMakeFiles/lib__libc__common.dir/source/time/asctime.c.obj
[adlrvp_mchp:rw] [300/346] Building C object modules/ec/zephyr/CMakeFiles/ec_shim.dir/shim/src/host_command.c.obj
[felino4es:ro] [211/371] Building C object zephyr/lib/libc/common/CMakeFiles/lib__libc__common.dir/source/time/gmtime_r.c.obj
[adlrvp_mchp:rw] [301/346] Building C object modules/ec/zephyr/CMakeFiles/ec_shim.dir/shim/src/console_buffer.c.obj
[skitty:rw] warning: PLATFORM_EC_ACCEL_FIFO (defined at
[skitty:rw] /mnt/host/source/src/platform/ec/zephyr/Kconfig.motionsense:46) was assigned the value 'y' but got
[skitty:rw] the value 'n'. Check these unsatisfied dependencies: PLATFORM_EC_MOTIONSENSE (=n). See
[skitty:rw] http://docs.zephyrproject.org/latest/kconfig.html#CONFIG_PLATFORM_EC_ACCEL_FIFO and/or look up
[skitty:rw] PLATFORM_EC_ACCEL_FIFO in the menuconfig/guiconfig interface. The Application Development Primer,
[skitty:rw] Setting Configuration Values, and Kconfig - Tips and Best Practices sections of the manual might be
[skitty:rw] helpful too.
[ocelotrvp-npcx:rw] Parsing /mnt/host/source/src/platform/ec/zephyr/program/ocelot/Kconfig
[skitty:rw] warning: PLATFORM_EC_SENSOR_TIGHT_TIMESTAMPS (defined at
[skitty:rw] /mnt/host/source/src/platform/ec/zephyr/Kconfig.motionsense:69) was assigned the value 'y' but got
[skitty:rw] the value 'n'. Check these unsatisfied dependencies: PLATFORM_EC_MOTIONSENSE (=n). See
[skitty:rw] http://docs.zephyrproject.org/latest/kconfig.html#CONFIG_PLATFORM_EC_SENSOR_TIGHT_TIMESTAMPS and/or
[skitty:rw] look up PLATFORM_EC_SENSOR_TIGHT_TIMESTAMPS in the menuconfig/guiconfig interface. The Application
[skitty:rw] Development Primer, Setting Configuration Values, and Kconfig - Tips and Best Practices sections of
[skitty:rw] the manual might be helpful too.
[skitty:rw] warning: PLATFORM_EC_MAX_SENSOR_FREQ_MILLIHZ (defined at
[skitty:rw] /mnt/host/source/src/platform/ec/zephyr/Kconfig.motionsense:96) was assigned the value '100000' but
[skitty:rw] got the value ''. Check these unsatisfied dependencies: PLATFORM_EC_MOTIONSENSE (=n). See
[skitty:rw] http://docs.zephyrproject.org/latest/kconfig.html#CONFIG_PLATFORM_EC_MAX_SENSOR_FREQ_MILLIHZ and/or
[skitty:rw] look up PLATFORM_EC_MAX_SENSOR_FREQ_MILLIHZ in the menuconfig/guiconfig interface. The Application
[skitty:rw] Development Primer, Setting Configuration Values, and Kconfig - Tips and Best Practices sections of
[skitty:rw] the manual might be helpful too.
[felino4es:ro] [212/371] Building C object zephyr/lib/libc/common/CMakeFiles/lib__libc__common.dir/source/time/localtime_r_utc.c.obj
[felino4es:rw] [144/371] Linking C static library zephyr/drivers/adc/libdrivers__adc.a
[skitty:rw] warning: PLATFORM_EC_LID_ANGLE (defined at
[skitty:rw] /mnt/host/source/src/platform/ec/zephyr/Kconfig.motionsense:116) was assigned the value 'y' but got
[skitty:rw] the value 'n'. Check these unsatisfied dependencies: PLATFORM_EC_MOTIONSENSE (=n). See
[skitty:rw] http://docs.zephyrproject.org/latest/kconfig.html#CONFIG_PLATFORM_EC_LID_ANGLE and/or look up
[skitty:rw] PLATFORM_EC_LID_ANGLE in the menuconfig/guiconfig interface. The Application Development Primer,
[skitty:rw] Setting Configuration Values, and Kconfig - Tips and Best Practices sections of the manual might be
[skitty:rw] helpful too.
[skitty:rw] warning: PLATFORM_EC_LID_ANGLE_UPDATE (defined at
[skitty:rw] /mnt/host/source/src/platform/ec/zephyr/Kconfig.motionsense:127) was assigned the value 'y' but got
[skitty:rw] the value 'n'. Check these unsatisfied dependencies: PLATFORM_EC_LID_ANGLE (=n),
[skitty:rw] PLATFORM_EC_MOTIONSENSE (=n). See
[skitty:rw] http://docs.zephyrproject.org/latest/kconfig.html#CONFIG_PLATFORM_EC_LID_ANGLE_UPDATE and/or look up
[skitty:rw] PLATFORM_EC_LID_ANGLE_UPDATE in the menuconfig/guiconfig interface. The Application Development
[skitty:rw] Primer, Setting Configuration Values, and Kconfig - Tips and Best Practices sections of the manual
[skitty:rw] might be helpful too.
[skitty:rw] warning: PLATFORM_EC_CONSOLE_CMD_ACCELS (defined at
[skitty:rw] /mnt/host/source/src/platform/ec/zephyr/Kconfig.motionsense:143) was assigned the value 'y' but got
[skitty:rw] the value 'n'. Check these unsatisfied dependencies: PLATFORM_EC_MOTIONSENSE (=n). See
[skitty:rw] http://docs.zephyrproject.org/latest/kconfig.html#CONFIG_PLATFORM_EC_CONSOLE_CMD_ACCELS and/or look
[skitty:rw] up PLATFORM_EC_CONSOLE_CMD_ACCELS in the menuconfig/guiconfig interface. The Application Development
[skitty:rw] Primer, Setting Configuration Values, and Kconfig - Tips and Best Practices sections of the manual
[skitty:rw] might be helpful too.
[felino4es:ro] [213/371] Building C object zephyr/lib/libc/common/CMakeFiles/lib__libc__common.dir/source/time/ctime.c.obj
[lotso:ro] Parsing /mnt/host/source/src/platform/ec/zephyr/program/brox/Kconfig
[skitty:rw] warning: PLATFORM_EC_CONSOLE_CMD_ACCEL_INFO (defined at
[adlrvp_mchp:rw] [302/346] Building C object modules/ec/zephyr/CMakeFiles/ec_shim.dir/shim/src/ioex_drv.c.obj
[skitty:rw] /mnt/host/source/src/platform/ec/zephyr/Kconfig.motionsense:159) was assigned the value 'y' but got
[skitty:rw] the value 'n'. Check these unsatisfied dependencies: PLATFORM_EC_CONSOLE_CMD_ACCELS (=n),
[skitty:rw] PLATFORM_EC_MOTIONSENSE (=n). See
[skitty:rw] http://docs.zephyrproject.org/latest/kconfig.html#CONFIG_PLATFORM_EC_CONSOLE_CMD_ACCEL_INFO and/or
[skitty:rw] look up PLATFORM_EC_CONSOLE_CMD_ACCEL_INFO in the menuconfig/guiconfig interface. The Application
[skitty:rw] Development Primer, Setting Configuration Values, and Kconfig - Tips and Best Practices sections of
[skitty:rw] the manual might be helpful too.
[skitty:rw] warning: PLATFORM_EC_ACCEL_SPOOF_MODE (defined at
[skitty:rw] /mnt/host/source/src/platform/ec/zephyr/Kconfig.motionsense:169) was assigned the value 'y' but got
[skitty:rw] the value 'n'. Check these unsatisfied dependencies: PLATFORM_EC_MOTIONSENSE (=n). See
[skitty:rw] http://docs.zephyrproject.org/latest/kconfig.html#CONFIG_PLATFORM_EC_ACCEL_SPOOF_MODE and/or look up
[skitty:rw] PLATFORM_EC_ACCEL_SPOOF_MODE in the menuconfig/guiconfig interface. The Application Development
[skitty:rw] Primer, Setting Configuration Values, and Kconfig - Tips and Best Practices sections of the manual
[skitty:rw] might be helpful too.
[skitty:rw] warning: PLATFORM_EC_ACCEL_LIS2DW12 (defined at
[skitty:rw] /mnt/host/source/src/platform/ec/zephyr/Kconfig.sensor_devices:60) was assigned the value 'y' but
[skitty:rw] got the value 'n'. Check these unsatisfied dependencies: PLATFORM_EC_MOTIONSENSE (=n). See
[skitty:rw] http://docs.zephyrproject.org/latest/kconfig.html#CONFIG_PLATFORM_EC_ACCEL_LIS2DW12 and/or look up
[skitty:rw] PLATFORM_EC_ACCEL_LIS2DW12 in the menuconfig/guiconfig interface. The Application Development
[skitty:rw] Primer, Setting Configuration Values, and Kconfig - Tips and Best Practices sections of the manual
[skitty:rw] might be helpful too.
[adlrvp_mchp:ro] [155/346] Linking C static library zephyr/drivers/i2c/libdrivers__i2c.a
[adlrvp_mchp:rw] [303/346] Building C object modules/ec/zephyr/CMakeFiles/ec_shim.dir/shim/src/ioex.c.obj
[felino4es:ro] [214/371] Building C object zephyr/lib/libc/common/CMakeFiles/lib__libc__common.dir/source/time/time.c.obj
[felino4es:rw] [145/371] Building C object zephyr/drivers/bbram/CMakeFiles/drivers__bbram.dir/bbram_it8xxx2.c.obj
[adlrvp_mchp:ro] [156/346] Building C object zephyr/drivers/pinctrl/CMakeFiles/drivers__pinctrl.dir/common.c.obj
[adlrvp_mchp:rw] [304/346] Building C object modules/ec/zephyr/CMakeFiles/ec_shim.dir/shim/src/panic.c.obj
[adlrvp_mchp:rw] [305/346] Building C object modules/ec/zephyr/CMakeFiles/ec_shim.dir/shim/src/hwtimer.c.obj
[felino4es:ro] [215/371] Building C object zephyr/lib/libc/common/CMakeFiles/lib__libc__common.dir/source/stdlib/malloc.c.obj
[adlrvp_mchp:ro] [157/346] Building C object zephyr/drivers/pinctrl/CMakeFiles/drivers__pinctrl.dir/pinctrl_mchp_xec.c.obj
[felino4es:ro] [216/371] Building C object zephyr/lib/libc/common/CMakeFiles/lib__libc__common.dir/source/string/strnlen.c.obj
[adlrvp_mchp:rw] [306/346] Building C object modules/ec/zephyr/CMakeFiles/ec_shim.dir/shim/src/tasks.c.obj
[felino4es:ro] [217/371] Building ASM object zephyr/arch/arch/riscv/core/CMakeFiles/arch__riscv__core.dir/isr.S.obj
[adlrvp_mchp:rw] [307/346] Building C object modules/ec/zephyr/CMakeFiles/ec_shim.dir/shim/src/i2c.c.obj
[adlrvp_mchp:rw] [308/346] Building C object modules/ec/zephyr/CMakeFiles/ec_shim.dir/shim/src/ppc.c.obj
[adlrvp_mchp:rw] [309/346] Building C object modules/ec/zephyr/CMakeFiles/ec_shim.dir/shim/src/watchdog.c.obj
[felino4es:rw] [146/371] Linking C static library zephyr/drivers/bbram/libdrivers__bbram.a
[adlrvp_mchp:rw] [310/346] Building C object modules/ec/zephyr/CMakeFiles/ec_shim.dir/shim/src/usb_muxes.c.obj
[adlrvp_mchp:rw] [311/346] Building ASM object modules/ec/zephyr/CMakeFiles/ec_shim.dir/shim/src/libgcc_arm.S.obj
[adlrvp_mchp:rw] [312/346] Building C object modules/ec/zephyr/CMakeFiles/ec_shim.dir/shim/src/bb_retimer_usb_mux.c.obj
[felino4es:rw] [147/371] Building C object zephyr/drivers/console/CMakeFiles/drivers__console.dir/uart_console.c.obj
[felino4es:ro] [218/371] Linking C static library zephyr/arch/arch/riscv/core/libarch__riscv__core.a
[adlrvp_mchp:rw] [313/346] Building C object zephyr/kernel/CMakeFiles/kernel.dir/main_weak.c.obj
[felino4es:ro] [219/371] Linking C static library zephyr/lib/libc/common/liblib__libc__common.a
[adlrvp_mchp:rw] [314/346] Building C object zephyr/kernel/CMakeFiles/kernel.dir/banner.c.obj
[ocelotrvp-npcx:ro] Parsing /mnt/host/source/src/platform/ec/zephyr/program/ocelot/Kconfig
[felino4es:ro] [220/371] Building C object zephyr/lib/posix/c_lib_ext/CMakeFiles/lib__posix__c_lib_ext.dir/fnmatch.c.obj
[adlrvp_mchp:rw] [315/346] Building C object zephyr/kernel/CMakeFiles/kernel.dir/device.c.obj
[felino4es:ro] [221/371] Building C object zephyr/lib/posix/c_lib_ext/CMakeFiles/lib__posix__c_lib_ext.dir/getentropy.c.obj
[felino4es:ro] [222/371] Building C object zephyr/lib/smf/CMakeFiles/lib__smf.dir/smf.c.obj
[adlrvp_mchp:rw] [316/346] Building C object zephyr/kernel/CMakeFiles/kernel.dir/busy_wait.c.obj
[adlrvp_mchp:ro] [158/346] Linking C static library zephyr/drivers/pinctrl/libdrivers__pinctrl.a
[felino4es:ro] [223/371] Building C object zephyr/lib/posix/c_lib_ext/CMakeFiles/lib__posix__c_lib_ext.dir/getopt_shim.c.obj
[adlrvp_mchp:rw] [317/346] Building C object zephyr/kernel/CMakeFiles/kernel.dir/errno.c.obj
[felino4es:rw] [148/371] Linking C static library zephyr/drivers/console/libdrivers__console.a
[adlrvp_mchp:ro] [159/346] Building C object zephyr/drivers/serial/CMakeFiles/drivers__serial.dir/uart_mchp_xec.c.obj
[adlrvp_mchp:rw] [318/346] Building C object zephyr/kernel/CMakeFiles/kernel.dir/fatal.c.obj
[adlrvp_mchp:rw] [319/346] Building C object zephyr/kernel/CMakeFiles/kernel.dir/init.c.obj
[matsu_it82000:ro] -- Build files have been written to: /mnt/host/source/src/platform/ec/build/zephyr/matsu_it82000/build-ro
[matsu_it82000:ro]   Manually-specified variables were not used by the project:
[matsu_it82000:ro]     COREBOOT_SDK_ROOT_arm
[matsu_it82000:ro]     COREBOOT_SDK_ROOT_libstdcxx_arm
[matsu_it82000:ro]     COREBOOT_SDK_ROOT_libstdcxx_x86
[matsu_it82000:ro]     COREBOOT_SDK_ROOT_nds32
[felino4es:rw] [149/371] Building C object zephyr/drivers/crypto/CMakeFiles/drivers__crypto.dir/crypto_it8xxx2_sha_v2.c.obj
[matsu_it82000:ro]     COREBOOT_SDK_ROOT_picolibc_arm
[adlrvp_mchp:rw] [320/346] Building C object zephyr/kernel/CMakeFiles/kernel.dir/kheap.c.obj
[matsu_it82000:ro]     COREBOOT_SDK_ROOT_picolibc_x86
[matsu_it82000:ro]     COREBOOT_SDK_ROOT_riscv
[matsu_it82000:ro]     COREBOOT_SDK_ROOT_x86
[matsu_it82000:ro]     NANOPB_DIR
[matsu_it82000:ro]     PW_ROOT
[adlrvp_mchp:rw] [321/346] Building C object zephyr/kernel/CMakeFiles/kernel.dir/mem_slab.c.obj
[felino4es:ro] [224/371] Building C object zephyr/subsys/crc/CMakeFiles/subsys__crc.dir/crc4_sw.c.obj
[adlrvp_mchp:rw] [322/346] Building C object zephyr/kernel/CMakeFiles/kernel.dir/version.c.obj
[felino4es:ro] [225/371] Building C object zephyr/subsys/crc/CMakeFiles/subsys__crc.dir/crc8_sw.c.obj
[adlrvp_mchp:rw] [323/346] Building C object zephyr/kernel/CMakeFiles/kernel.dir/float.c.obj
[felino4es:ro] [226/371] Linking C static library zephyr/lib/posix/c_lib_ext/liblib__posix__c_lib_ext.a
[felino4es:ro] [227/371] Linking C static library zephyr/lib/smf/liblib__smf.a
[felino4es:ro] [228/371] Building C object zephyr/subsys/crc/CMakeFiles/subsys__crc.dir/crc16_sw.c.obj
[adlrvp_mchp:rw] [324/346] Building C object zephyr/kernel/CMakeFiles/kernel.dir/idle.c.obj
[adlrvp_mchp:rw] [325/346] Building C object zephyr/kernel/CMakeFiles/kernel.dir/mailbox.c.obj
[felino4es:ro] [229/371] Building C object zephyr/subsys/crc/CMakeFiles/subsys__crc.dir/crc24_sw.c.obj
[felino4es:ro] [230/371] Building C object zephyr/subsys/crc/CMakeFiles/subsys__crc.dir/crc7_sw.c.obj
[adlrvp_mchp:rw] [326/346] Linking C static library modules/ec/zephyr/libec_shim.a
[felino4es:ro] [231/371] Building C object zephyr/subsys/crc/CMakeFiles/subsys__crc.dir/crc32c_sw.c.obj
[adlrvp_mchp:ro] [160/346] Linking C static library zephyr/drivers/serial/libdrivers__serial.a
[felino4es:ro] [232/371] Building C object zephyr/subsys/crc/CMakeFiles/subsys__crc.dir/crc32_sw.c.obj
[adlrvp_mchp:rw] [327/346] Building C object zephyr/kernel/CMakeFiles/kernel.dir/mutex.c.obj
[felino4es:ro] [233/371] Building C object zephyr/subsys/crc/CMakeFiles/subsys__crc.dir/crc32k_4_2_sw.c.obj
[adlrvp_mchp:rw] [328/346] Building C object zephyr/kernel/CMakeFiles/kernel.dir/msg_q.c.obj
[adlrvp_mchp:ro] [161/346] Building C object zephyr/drivers/spi/CMakeFiles/drivers__spi.dir/spi_xec_qmspi_ldma.c.obj
[felino4es:rw] [150/371] Linking C static library zephyr/drivers/crypto/libdrivers__crypto.a
[adlrvp_mchp:rw] [329/346] Building C object zephyr/kernel/CMakeFiles/kernel.dir/queue.c.obj
[felino4es:ro] [234/371] Building C object zephyr/subsys/input/CMakeFiles/subsys__input.dir/input.c.obj
[felino4es:ro] [235/371] Building C object zephyr/subsys/input/CMakeFiles/subsys__input.dir/input_hid.c.obj
[felino4es:rw] [151/371] Building C object zephyr/drivers/espi/CMakeFiles/drivers__espi.dir/espi_it8xxx2.c.obj
[adlrvp_mchp:rw] [330/346] Building C object zephyr/kernel/CMakeFiles/kernel.dir/sem.c.obj
[felino4es:ro] [236/371] Building C object zephyr/drivers/interrupt_controller/CMakeFiles/drivers__interrupt_controller.dir/intc_ite_it8xxx2_v2.c.obj
[adlrvp_mchp:rw] [331/346] Building C object zephyr/kernel/CMakeFiles/kernel.dir/stack.c.obj
[felino4es:ro] [237/371] Building C object zephyr/subsys/input/CMakeFiles/subsys__input.dir/input_utils.c.obj
[adlrvp_mchp:rw] [332/346] Building C object zephyr/kernel/CMakeFiles/kernel.dir/system_work_q.c.obj
[felino4es:ro] [238/371] Building C object zephyr/drivers/interrupt_controller/CMakeFiles/drivers__interrupt_controller.dir/wuc_ite_it8xxx2.c.obj
[adlrvp_mchp:rw] [333/346] Building C object zephyr/kernel/CMakeFiles/kernel.dir/work.c.obj
[adlrvp_mchp:rw] [334/346] Building C object zephyr/kernel/CMakeFiles/kernel.dir/condvar.c.obj
[adlrvp_mchp:rw] [335/346] Building C object zephyr/kernel/CMakeFiles/kernel.dir/thread.c.obj
[felino4es:ro] [239/371] Linking C static library zephyr/subsys/crc/libsubsys__crc.a
[adlrvp_mchp:rw] [336/346] Building C object zephyr/kernel/CMakeFiles/kernel.dir/pipe.c.obj
[adlrvp_mchp:rw] [337/346] Building C object zephyr/kernel/CMakeFiles/kernel.dir/sched.c.obj
[felino4es:rw] [152/371] Linking C static library zephyr/drivers/espi/libdrivers__espi.a
[felino4es:ro] [240/371] Building C object zephyr/drivers/adc/CMakeFiles/drivers__adc.dir/adc_common.c.obj
[adlrvp_mchp:rw] [338/346] Building C object zephyr/kernel/CMakeFiles/kernel.dir/spinlock_validate.c.obj
[felino4es:ro] [241/371] Linking C static library zephyr/drivers/interrupt_controller/libdrivers__interrupt_controller.a
[adlrvp_mchp:ro] [162/346] Linking C static library zephyr/drivers/spi/libdrivers__spi.a
[adlrvp_mchp:rw] [339/346] Building C object zephyr/kernel/CMakeFiles/kernel.dir/thread_monitor.c.obj
[felino4es:ro] [242/371] Linking C static library zephyr/subsys/input/libsubsys__input.a
[felino4es:rw] [153/371] Building C object zephyr/drivers/flash/CMakeFiles/drivers__flash.dir/flash_ite_it8xxx2.c.obj
[adlrvp_mchp:rw] [340/346] Building C object zephyr/kernel/CMakeFiles/kernel.dir/timeout.c.obj
[felino4es:ro] [243/371] Building C object zephyr/drivers/bbram/CMakeFiles/drivers__bbram.dir/bbram_it8xxx2.c.obj
[adlrvp_mchp:ro] [163/346] Building C object zephyr/drivers/timer/CMakeFiles/drivers__timer.dir/sys_clock_init.c.obj
[felino4es:ro] [244/371] Building C object zephyr/drivers/adc/CMakeFiles/drivers__adc.dir/adc_ite_it8xxx2.c.obj
[adlrvp_mchp:rw] [341/346] Building C object zephyr/kernel/CMakeFiles/kernel.dir/timer.c.obj
[adlrvp_mchp:rw] [342/346] Building C object zephyr/kernel/CMakeFiles/kernel.dir/poll.c.obj
[felino4es:ro] [245/371] Building C object zephyr/drivers/console/CMakeFiles/drivers__console.dir/uart_console.c.obj
[adlrvp_mchp:rw] [343/346] Building C object zephyr/kernel/CMakeFiles/kernel.dir/events.c.obj
[adlrvp_mchp:rw] [344/346] Building C object zephyr/kernel/CMakeFiles/kernel.dir/dynamic_disabled.c.obj
[adlrvp_mchp:ro] [164/346] Building C object zephyr/drivers/timer/CMakeFiles/drivers__timer.dir/mchp_xec_rtos_timer.c.obj
[adlrvp_mchp:rw] [345/346] Building C object zephyr/kernel/CMakeFiles/kernel.dir/mempool.c.obj
[felino4es:ro] [246/371] Building C object zephyr/drivers/crypto/CMakeFiles/drivers__crypto.dir/crypto_it8xxx2_sha_v2.c.obj
[felino4es:rw] [154/371] Linking C static library zephyr/drivers/flash/libdrivers__flash.a
[felino4es:ro] [247/371] Linking C static library zephyr/drivers/adc/libdrivers__adc.a
[felino4es:rw] [155/371] Building C object zephyr/drivers/gpio/CMakeFiles/drivers__gpio.dir/gpio_ite_it8xxx2_v2.c.obj
[felino4es:ro] [248/371] Linking C static library zephyr/drivers/bbram/libdrivers__bbram.a
[felino4es:ro] [249/371] Linking C static library zephyr/drivers/console/libdrivers__console.a
[felino4es:ro] [250/371] Building C object zephyr/drivers/espi/CMakeFiles/drivers__espi.dir/espi_it8xxx2.c.obj
[felino4es:ro] [251/371] Building C object zephyr/drivers/flash/CMakeFiles/drivers__flash.dir/flash_ite_it8xxx2.c.obj
[felino4es:ro] [252/371] Building C object zephyr/drivers/gpio/CMakeFiles/drivers__gpio.dir/gpio_ite_it8xxx2_v2.c.obj
[felino4es:ro] [253/371] Linking C static library zephyr/drivers/crypto/libdrivers__crypto.a
[lotso:rw] Loaded configuration '/mnt/host/source/src/platform/ec/zephyr/boards/google/it8xxx2/it8xxx2_it82002aw_defconfig'
[lotso:rw] Merged configuration '/mnt/host/source/src/platform/ec/zephyr/program/brox/program.conf'
[lotso:rw] Merged configuration '/mnt/host/source/src/platform/ec/zephyr/program/brox/ite.conf'
[lotso:rw] Merged configuration '/mnt/host/source/src/platform/ec/zephyr/program/brox/motionsense.conf'
[lotso:rw] Merged configuration '/mnt/host/source/src/platform/ec/zephyr/program/brox/lotso/project.conf'
[lotso:rw] Merged configuration '/mnt/host/source/src/platform/ec/build/zephyr/lotso/kconfig-rw.conf'
[lotso:rw] Configuration saved to '/mnt/host/source/src/platform/ec/build/zephyr/lotso/build-rw/zephyr/.config'
[lotso:rw] Kconfig header saved to '/mnt/host/source/src/platform/ec/build/zephyr/lotso/build-rw/zephyr/include/generated/zephyr/autoconf.h'
[lotso:rw] -- Found GnuLd: /home/jpmurphy/.cache/coreboot-sdk/riscv64-elf/96b949749225b6aaa92ed810ab769e8dfb12f000/riscv64-elf/bin/ld.bfd (found version "2.43.1")
[felino4es:rw] [156/371] Linking C static library zephyr/drivers/gpio/libdrivers__gpio.a
[felino4es:ro] [254/371] Building C object zephyr/drivers/i2c/CMakeFiles/drivers__i2c.dir/i2c_common.c.obj
[adlrvp_mchp:ro] [165/346] Linking C static library zephyr/drivers/timer/libdrivers__timer.a
[felino4es:ro] [255/371] Building C object zephyr/drivers/i2c/CMakeFiles/drivers__i2c.dir/i2c_bitbang.c.obj
[felino4es:rw] [157/371] Building C object zephyr/drivers/i2c/CMakeFiles/drivers__i2c.dir/i2c_common.c.obj
[felino4es:ro] [256/371] Linking C static library zephyr/drivers/gpio/libdrivers__gpio.a
[adlrvp_mchp:rw] [346/346] Linking C static library zephyr/kernel/libkernel.a
[felino4es:ro] [257/371] Linking C static library zephyr/drivers/flash/libdrivers__flash.a
[adlrvp_mchp:ro] [166/346] Building C object zephyr/drivers/watchdog/CMakeFiles/drivers__watchdog.dir/wdt_shell.c.obj
[felino4es:ro] [258/371] Building C object zephyr/drivers/i2c/CMakeFiles/drivers__i2c.dir/i2c_shell.c.obj
[adlrvp_mchp:ro] [167/346] Building C object zephyr/drivers/watchdog/CMakeFiles/drivers__watchdog.dir/wdt_mchp_xec.c.obj
[felino4es:ro] [259/371] Linking C static library zephyr/drivers/espi/libdrivers__espi.a
[felino4es:rw] [158/371] Building C object zephyr/drivers/i2c/CMakeFiles/drivers__i2c.dir/i2c_bitbang.c.obj
[felino4es:ro] [260/371] Building C object zephyr/drivers/i2c/CMakeFiles/drivers__i2c.dir/i2c_ite_enhance.c.obj
[felino4es:ro] [261/371] Building C object zephyr/drivers/input/CMakeFiles/drivers__input.dir/input_ite_it8xxx2_kbd.c.obj
[felino4es:ro] [262/371] Building C object zephyr/drivers/input/CMakeFiles/drivers__input.dir/input_kbd_matrix.c.obj
[felino4es:ro] [263/371] Building C object zephyr/drivers/pinctrl/CMakeFiles/drivers__pinctrl.dir/common.c.obj
[felino4es:ro] [264/371] Building C object zephyr/drivers/pinctrl/CMakeFiles/drivers__pinctrl.dir/pinctrl_ite_it8xxx2.c.obj
[felino4es:rw] [159/371] Building C object zephyr/drivers/i2c/CMakeFiles/drivers__i2c.dir/i2c_shell.c.obj
[skitty:rw] Parsing /mnt/host/source/src/platform/ec/zephyr/program/corsola/Kconfig
[felino4es:ro] [265/371] Building C object zephyr/drivers/pwm/CMakeFiles/drivers__pwm.dir/pwm_shell.c.obj
[felino4es:rw] [160/371] Building C object zephyr/drivers/i2c/CMakeFiles/drivers__i2c.dir/i2c_ite_enhance.c.obj
[felino4es:ro] [266/371] Building C object zephyr/drivers/pwm/CMakeFiles/drivers__pwm.dir/pwm_ite_it8xxx2.c.obj
[felino4es:ro] [267/371] Linking C static library zephyr/drivers/i2c/libdrivers__i2c.a
[felino4es:ro] [268/371] Linking C static library zephyr/drivers/pinctrl/libdrivers__pinctrl.a
[felino4es:ro] [269/371] Building C object zephyr/drivers/sensor/CMakeFiles/drivers__sensor.dir/mnt/host/source/src/third_party/zephyr/main/misc/empty_file.c.obj
[felino4es:ro] [270/371] Linking C static library zephyr/drivers/input/libdrivers__input.a
[felino4es:ro] [271/371] Building C object zephyr/drivers/sensor/ite/ite_tach_it8xxx2/CMakeFiles/drivers__sensor__ite__ite_tach_it8xxx2.dir/tach_ite_it8xxx2.c.obj
[felino4es:ro] [272/371] Building C object zephyr/drivers/serial/CMakeFiles/drivers__serial.dir/uart_ite_it8xxx2.c.obj
[felino4es:rw] [161/371] Linking C static library zephyr/drivers/i2c/libdrivers__i2c.a
[adlrvp_mchp:ro] [168/346] Linking C static library zephyr/drivers/watchdog/libdrivers__watchdog.a
[felino4es:rw] [162/371] Building C object zephyr/drivers/input/CMakeFiles/drivers__input.dir/input_ite_it8xxx2_kbd.c.obj
[felino4es:ro] [273/371] Building C object zephyr/drivers/serial/CMakeFiles/drivers__serial.dir/uart_ns16550.c.obj
[adlrvp_mchp:ro] [169/346] Building C object modules/ec/zephyr/CMakeFiles/ec_shim.dir/app/ec/ec_app_main.c.obj
[felino4es:ro] [274/371] Linking C static library zephyr/drivers/sensor/libdrivers__sensor.a
[felino4es:rw] [163/371] Building C object zephyr/drivers/input/CMakeFiles/drivers__input.dir/input_kbd_matrix.c.obj
[felino4es:ro] [275/371] Linking C static library zephyr/drivers/sensor/ite/ite_tach_it8xxx2/libdrivers__sensor__ite__ite_tach_it8xxx2.a
[adlrvp_mchp:ro] [170/346] Building C object modules/ec/zephyr/CMakeFiles/ec_shim.dir/app/ec/main_shim.c.obj
[felino4es:ro] [276/371] Building C object zephyr/drivers/syscon/CMakeFiles/drivers__syscon.dir/mnt/host/source/src/third_party/zephyr/main/misc/empty_file.c.obj
[adlrvp_mchp:ro] [171/346] Building C object modules/ec/zephyr/CMakeFiles/ec_shim.dir/drivers/cros_flash/cros_flash_xec.c.obj
[felino4es:ro] [277/371] Building C object zephyr/drivers/timer/CMakeFiles/drivers__timer.dir/sys_clock_init.c.obj
[felino4es:ro] [278/371] Building C object zephyr/drivers/timer/CMakeFiles/drivers__timer.dir/ite_it8xxx2_timer.c.obj
[adlrvp_mchp:ro] [172/346] Building C object modules/ec/zephyr/CMakeFiles/ec_shim.dir/drivers/cros_system/cros_system_xec.c.obj
[felino4es:ro] [279/371] Linking C static library zephyr/drivers/serial/libdrivers__serial.a
[felino4es:rw] [164/371] Linking C static library zephyr/drivers/input/libdrivers__input.a
[adlrvp_mchp:ro] [173/346] Building C object modules/ec/zephyr/CMakeFiles/ec_shim.dir/shim/chip/mchp/clock.c.obj
[felino4es:ro] [280/371] Building C object zephyr/drivers/watchdog/CMakeFiles/drivers__watchdog.dir/wdt_ite_it8xxx2.c.obj
[felino4es:rw] [165/371] Building C object zephyr/drivers/pinctrl/CMakeFiles/drivers__pinctrl.dir/common.c.obj
[felino4es:rw] [166/371] Building C object zephyr/drivers/pinctrl/CMakeFiles/drivers__pinctrl.dir/pinctrl_ite_it8xxx2.c.obj
[felino4es:ro] [281/371] Building C object zephyr/drivers/watchdog/CMakeFiles/drivers__watchdog.dir/wdt_shell.c.obj
[adlrvp_mchp:ro] [174/346] Building C object modules/ec/zephyr/CMakeFiles/ec_shim.dir/shim/chip/mchp/gpio.c.obj
[felino4es:ro] [282/371] Linking C static library zephyr/drivers/syscon/libdrivers__syscon.a
[felino4es:ro] [283/371] Linking C static library zephyr/drivers/timer/libdrivers__timer.a
[adlrvp_mchp:ro] [175/346] Building C object modules/ec/zephyr/CMakeFiles/ec_shim.dir/shim/chip/mchp/system.c.obj
[felino4es:ro] [284/371] Linking C static library zephyr/drivers/pwm/libdrivers__pwm.a
[felino4es:ro] [285/371] Building C object modules/ec/zephyr/CMakeFiles/ec_shim.dir/app/ec/main_shim.c.obj
[felino4es:ro] [286/371] Building C object modules/ec/zephyr/CMakeFiles/ec_shim.dir/app/ec/ec_app_main.c.obj
[felino4es:ro] [287/371] Building C object modules/ec/zephyr/CMakeFiles/ec_shim.dir/app/ec/chip/riscv/riscv-ite/it8xxx2-espi.c.obj
[adlrvp_mchp:ro] [176/346] Building C object modules/ec/zephyr/CMakeFiles/ec_shim.dir/shim/chip/mchp/system_external_storage.c.obj
[felino4es:rw] [167/371] Linking C static library zephyr/drivers/pinctrl/libdrivers__pinctrl.a
[felino4es:ro] [288/371] Building C object modules/ec/zephyr/CMakeFiles/ec_shim.dir/drivers/cros_flash/cros_flash_it8xxx2.c.obj
[felino4es:ro] [289/371] Building C object modules/ec/zephyr/CMakeFiles/ec_shim.dir/drivers/cros_system/cros_system_it8xxx2.c.obj
[lotso:rw] -- The C compiler identification is GNU 14.2.0
[felino4es:rw] [168/371] Building C object zephyr/drivers/pwm/CMakeFiles/drivers__pwm.dir/pwm_shell.c.obj
[adlrvp_mchp:ro] [177/346] Building C object modules/ec/zephyr/CMakeFiles/ec_shim.dir/shim/chip/mchp/system_download_from_flash.c.obj
[felino4es:ro] [290/371] Linking C static library zephyr/drivers/watchdog/libdrivers__watchdog.a
[felino4es:ro] [291/371] Building C object modules/ec/zephyr/CMakeFiles/ec_shim.dir/drivers/keyboard_input/keyboard_input.c.obj
[felino4es:rw] [169/371] Building C object zephyr/drivers/pwm/CMakeFiles/drivers__pwm.dir/pwm_ite_it8xxx2.c.obj
[adlrvp_mchp:ro] [178/346] Building C object modules/ec/zephyr/CMakeFiles/ec_shim.dir/shim/core/cortex-m/mpu.c.obj
[felino4es:ro] [292/371] Building C object modules/ec/zephyr/CMakeFiles/ec_shim.dir/drivers/hibernate/hibernate_z5.c.obj
[felino4es:ro] [293/371] Building C object modules/ec/zephyr/CMakeFiles/ec_shim.dir/drivers/keyboard_input/keyboard_customization_check.c.obj
[felino4es:ro] [294/371] Building C object modules/ec/zephyr/CMakeFiles/ec_shim.dir/drivers/usbc/ucsi_v3.c.obj
[felino4es:ro] [295/371] Building C object modules/ec/zephyr/CMakeFiles/ec_shim.dir/drivers/keyboard_input/col_gpio_drive.c.obj
[felino4es:ro] [296/371] Building C object modules/ec/zephyr/CMakeFiles/ec_shim.dir/drivers/boot_keys/boot_keys.c.obj
[adlrvp_mchp:ro] [179/346] Building C object modules/ec/zephyr/CMakeFiles/ec_shim.dir/shim/core/cortex-m/panic.c.obj
[felino4es:ro] [297/371] Building C object modules/ec/zephyr/CMakeFiles/ec_shim.dir/drivers/usbc/pdc_tps6699x.c.obj
[felino4es:ro] [298/371] Building C object modules/ec/zephyr/CMakeFiles/ec_shim.dir/drivers/usbc/tps6699x_cmd.c.obj
[felino4es:ro] [299/371] Building C object modules/ec/zephyr/CMakeFiles/ec_shim.dir/drivers/vivaldi_kbd/vivaldi_kbd.c.obj
[ocicat-ish:singleimage] -- Found gen_kobject_list: /mnt/host/source/src/third_party/zephyr/main/scripts/build/gen_kobject_list.py
[felino4es:ro] [300/371] Building C object modules/ec/zephyr/CMakeFiles/ec_shim.dir/drivers/runtime_keys/runtime_keys.c.obj
[adlrvp_mchp:ro] [180/346] Building C object modules/ec/zephyr/CMakeFiles/ec_shim.dir/shim/src/console.c.obj
[felino4es:ro] [301/371] Building C object modules/ec/zephyr/CMakeFiles/ec_shim.dir/shim/chip/it8xxx2/clock.c.obj
[felino4es:ro] [302/371] Building C object modules/ec/zephyr/CMakeFiles/ec_shim.dir/shim/chip/it8xxx2/gpio.c.obj
[felino4es:ro] [303/371] Building C object modules/ec/zephyr/CMakeFiles/ec_shim.dir/shim/chip/it8xxx2/system.c.obj
[felino4es:ro] [304/371] Building C object modules/ec/zephyr/CMakeFiles/ec_shim.dir/shim/chip/it8xxx2/power_policy.c.obj
[adlrvp_mchp:ro] [181/346] Building C object modules/ec/zephyr/CMakeFiles/ec_shim.dir/shim/src/crc.c.obj
[felino4es:rw] [170/371] Linking C static library zephyr/drivers/pwm/libdrivers__pwm.a
[felino4es:ro] [305/371] Building C object modules/ec/zephyr/CMakeFiles/ec_shim.dir/shim/src/console.c.obj
[felino4es:ro] [306/371] Building C object modules/ec/zephyr/CMakeFiles/ec_shim.dir/shim/src/crc.c.obj
[felino4es:ro] [307/371] Building C object modules/ec/zephyr/CMakeFiles/ec_shim.dir/shim/src/gpio.c.obj
[felino4es:rw] [171/371] Building C object zephyr/drivers/sensor/CMakeFiles/drivers__sensor.dir/mnt/host/source/src/third_party/zephyr/main/misc/empty_file.c.obj
[adlrvp_mchp:ro] [182/346] Building C object modules/ec/zephyr/CMakeFiles/ec_shim.dir/shim/src/gpio.c.obj
[skitty:ro] warning: PLATFORM_EC_ACCEL_FIFO (defined at
[skitty:ro] /mnt/host/source/src/platform/ec/zephyr/Kconfig.motionsense:46) was assigned the value 'y' but got
[skitty:ro] the value 'n'. Check these unsatisfied dependencies: PLATFORM_EC_MOTIONSENSE (=n). See
[skitty:ro] http://docs.zephyrproject.org/latest/kconfig.html#CONFIG_PLATFORM_EC_ACCEL_FIFO and/or look up
[skitty:ro] PLATFORM_EC_ACCEL_FIFO in the menuconfig/guiconfig interface. The Application Development Primer,
[skitty:ro] Setting Configuration Values, and Kconfig - Tips and Best Practices sections of the manual might be
[skitty:ro] helpful too.
[skitty:ro] warning: PLATFORM_EC_SENSOR_TIGHT_TIMESTAMPS (defined at
[skitty:ro] /mnt/host/source/src/platform/ec/zephyr/Kconfig.motionsense:69) was assigned the value 'y' but got
[skitty:ro] the value 'n'. Check these unsatisfied dependencies: PLATFORM_EC_MOTIONSENSE (=n). See
[skitty:ro] http://docs.zephyrproject.org/latest/kconfig.html#CONFIG_PLATFORM_EC_SENSOR_TIGHT_TIMESTAMPS and/or
[skitty:ro] look up PLATFORM_EC_SENSOR_TIGHT_TIMESTAMPS in the menuconfig/guiconfig interface. The Application
[skitty:ro] Development Primer, Setting Configuration Values, and Kconfig - Tips and Best Practices sections of
[skitty:ro] the manual might be helpful too.
[skitty:ro] warning: PLATFORM_EC_MAX_SENSOR_FREQ_MILLIHZ (defined at
[skitty:ro] /mnt/host/source/src/platform/ec/zephyr/Kconfig.motionsense:96) was assigned the value '100000' but
[skitty:ro] got the value ''. Check these unsatisfied dependencies: PLATFORM_EC_MOTIONSENSE (=n). See
[skitty:ro] http://docs.zephyrproject.org/latest/kconfig.html#CONFIG_PLATFORM_EC_MAX_SENSOR_FREQ_MILLIHZ and/or
[ocicat-ish:singleimage] CMake Warning at /mnt/host/source/src/third_party/zephyr/main/CMakeLists.txt:1134 (message):
[skitty:ro] look up PLATFORM_EC_MAX_SENSOR_FREQ_MILLIHZ in the menuconfig/guiconfig interface. The Application
[skitty:ro] Development Primer, Setting Configuration Values, and Kconfig - Tips and Best Practices sections of
[felino4es:ro] [308/371] Building C object modules/ec/zephyr/CMakeFiles/ec_shim.dir/shim/src/gpio_int.c.obj
[skitty:ro] the manual might be helpful too.
[skitty:ro] warning: PLATFORM_EC_LID_ANGLE (defined at
[felino4es:ro] [309/371] Building C object modules/ec/zephyr/CMakeFiles/ec_shim.dir/shim/src/cbi/cros_cbi.c.obj
[skitty:ro] /mnt/host/source/src/platform/ec/zephyr/Kconfig.motionsense:116) was assigned the value 'y' but got
[skitty:ro] the value 'n'. Check these unsatisfied dependencies: PLATFORM_EC_MOTIONSENSE (=n). See
[skitty:ro] http://docs.zephyrproject.org/latest/kconfig.html#CONFIG_PLATFORM_EC_LID_ANGLE and/or look up
[skitty:ro] PLATFORM_EC_LID_ANGLE in the menuconfig/guiconfig interface. The Application Development Primer,
[skitty:ro] Setting Configuration Values, and Kconfig - Tips and Best Practices sections of the manual might be
[skitty:ro] helpful too.
[skitty:ro] warning: PLATFORM_EC_LID_ANGLE_UPDATE (defined at
[skitty:ro] /mnt/host/source/src/platform/ec/zephyr/Kconfig.motionsense:127) was assigned the value 'y' but got
[skitty:ro] the value 'n'. Check these unsatisfied dependencies: PLATFORM_EC_LID_ANGLE (=n),
[skitty:ro] PLATFORM_EC_MOTIONSENSE (=n). See
[skitty:ro] http://docs.zephyrproject.org/latest/kconfig.html#CONFIG_PLATFORM_EC_LID_ANGLE_UPDATE and/or look up
[skitty:ro] PLATFORM_EC_LID_ANGLE_UPDATE in the menuconfig/guiconfig interface. The Application Development
[skitty:ro] Primer, Setting Configuration Values, and Kconfig - Tips and Best Practices sections of the manual
[skitty:ro] might be helpful too.
[skitty:ro] warning: PLATFORM_EC_CONSOLE_CMD_ACCELS (defined at
[skitty:ro] /mnt/host/source/src/platform/ec/zephyr/Kconfig.motionsense:143) was assigned the value 'y' but got
[skitty:ro] the value 'n'. Check these unsatisfied dependencies: PLATFORM_EC_MOTIONSENSE (=n). See
[skitty:ro] http://docs.zephyrproject.org/latest/kconfig.html#CONFIG_PLATFORM_EC_CONSOLE_CMD_ACCELS and/or look
[skitty:ro] up PLATFORM_EC_CONSOLE_CMD_ACCELS in the menuconfig/guiconfig interface. The Application Development
[skitty:ro] Primer, Setting Configuration Values, and Kconfig - Tips and Best Practices sections of the manual
[skitty:ro] might be helpful too.
[skitty:ro] warning: PLATFORM_EC_CONSOLE_CMD_ACCEL_INFO (defined at
[skitty:ro] /mnt/host/source/src/platform/ec/zephyr/Kconfig.motionsense:159) was assigned the value 'y' but got
[skitty:ro] the value 'n'. Check these unsatisfied dependencies: PLATFORM_EC_CONSOLE_CMD_ACCELS (=n),
[skitty:ro] PLATFORM_EC_MOTIONSENSE (=n). See
[skitty:ro] http://docs.zephyrproject.org/latest/kconfig.html#CONFIG_PLATFORM_EC_CONSOLE_CMD_ACCEL_INFO and/or
[skitty:ro] look up PLATFORM_EC_CONSOLE_CMD_ACCEL_INFO in the menuconfig/guiconfig interface. The Application
[skitty:ro] Development Primer, Setting Configuration Values, and Kconfig - Tips and Best Practices sections of
[skitty:ro] the manual might be helpful too.
[felino4es:ro] [310/371] Building C object modules/ec/zephyr/CMakeFiles/ec_shim.dir/shim/src/panic_utils.c.obj
[felino4es:ro] [311/371] Building C object modules/ec/zephyr/CMakeFiles/ec_shim.dir/shim/src/pm_state.c.obj
[skitty:ro] warning: PLATFORM_EC_ACCEL_SPOOF_MODE (defined at
[skitty:ro] /mnt/host/source/src/platform/ec/zephyr/Kconfig.motionsense:169) was assigned the value 'y' but got
[skitty:ro] the value 'n'. Check these unsatisfied dependencies: PLATFORM_EC_MOTIONSENSE (=n). See
[skitty:ro] http://docs.zephyrproject.org/latest/kconfig.html#CONFIG_PLATFORM_EC_ACCEL_SPOOF_MODE and/or look up
[skitty:ro] PLATFORM_EC_ACCEL_SPOOF_MODE in the menuconfig/guiconfig interface. The Application Development
[skitty:ro] Primer, Setting Configuration Values, and Kconfig - Tips and Best Practices sections of the manual
[skitty:ro] might be helpful too.
[skitty:ro] warning: PLATFORM_EC_ACCEL_LIS2DW12 (defined at
[skitty:ro] /mnt/host/source/src/platform/ec/zephyr/Kconfig.sensor_devices:60) was assigned the value 'y' but
[skitty:ro] got the value 'n'. Check these unsatisfied dependencies: PLATFORM_EC_MOTIONSENSE (=n). See
[skitty:ro] http://docs.zephyrproject.org/latest/kconfig.html#CONFIG_PLATFORM_EC_ACCEL_LIS2DW12 and/or look up
[skitty:ro] PLATFORM_EC_ACCEL_LIS2DW12 in the menuconfig/guiconfig interface. The Application Development
[skitty:ro] Primer, Setting Configuration Values, and Kconfig - Tips and Best Practices sections of the manual
[skitty:ro] might be helpful too.
[adlrvp_mchp:ro] [183/346] Building C object modules/ec/zephyr/CMakeFiles/ec_shim.dir/shim/src/gpio_int.c.obj
[ocicat-ish:singleimage]   No SOURCES given to Zephyr library: drivers__syscon
[ocicat-ish:singleimage]   Excluding target from build.
[ocicat-ish:singleimage] CMake Warning at /mnt/host/source/src/third_party/zephyr/main/cmake/emu/simics.cmake:14 (message):
[felino4es:ro] [312/371] Building C object modules/ec/zephyr/CMakeFiles/ec_shim.dir/shim/src/led_driver/led.c.obj
[ocelotrvp-npcx:rw] warning: Deprecated symbol I2C_ALLOW_NO_STOP_TRANSACTIONS is enabled.
[ocelotrvp-npcx:rw] INFOSetting TOOLCHAIN_HAS_PICOLIBC to support full build.
[felino4es:ro] [313/371] Building C object modules/ec/zephyr/CMakeFiles/ec_shim.dir/shim/src/system.c.obj
[felino4es:ro] [314/371] Building C object modules/ec/zephyr/CMakeFiles/ec_shim.dir/shim/src/pdc_shim.c.obj
[ocicat-ish:singleimage]   Simics simulator environment is not found at SIMICS_PROJECT:''
[ocicat-ish:singleimage] Call Stack (most recent call first):
[ocicat-ish:singleimage]   /mnt/host/source/src/third_party/zephyr/main/CMakeLists.txt:2336 (include)
[ocicat-ish:singleimage] CMake Warning at /mnt/host/source/src/third_party/zephyr/main/CMakeLists.txt:2359 (message):
[felino4es:ro] [315/371] Building C object modules/ec/zephyr/CMakeFiles/ec_shim.dir/shim/src/adc.c.obj
[adlrvp_mchp:ro] [184/346] Building C object modules/ec/zephyr/CMakeFiles/ec_shim.dir/shim/src/panic_utils.c.obj
[felino4es:ro] [316/371] Building C object modules/ec/zephyr/CMakeFiles/ec_shim.dir/shim/src/cbi/cbi_flash.c.obj
[felino4es:rw] [172/371] Linking C static library zephyr/drivers/sensor/libdrivers__sensor.a
[adlrvp_mchp:ro] [185/346] Building C object modules/ec/zephyr/CMakeFiles/ec_shim.dir/shim/src/cbi/cros_cbi.c.obj
[felino4es:rw] [173/371] Building C object zephyr/drivers/sensor/ite/ite_tach_it8xxx2/CMakeFiles/drivers__sensor__ite__ite_tach_it8xxx2.dir/tach_ite_it8xxx2.c.obj
[adlrvp_mchp:ro] [186/346] Building C object modules/ec/zephyr/CMakeFiles/ec_shim.dir/shim/src/system.c.obj
[felino4es:ro] [317/371] Building C object modules/ec/zephyr/CMakeFiles/ec_shim.dir/shim/src/battery.c.obj
[felino4es:ro] [318/371] Building C object modules/ec/zephyr/CMakeFiles/ec_shim.dir/shim/src/led_driver/led_gpio.c.obj
[ocelotrvp-npcx:rw] Loaded configuration '/mnt/host/source/src/platform/ec/zephyr/boards/google/npcx9/npcx9_npcx9m7f_defconfig'
[ocelotrvp-npcx:rw] Merged configuration '/mnt/host/source/src/platform/ec/zephyr/program/ocelot/program.conf'
[ocelotrvp-npcx:rw] Merged configuration '/mnt/host/source/src/platform/ec/zephyr/program/ocelot/rvp_program.conf'
[ocelotrvp-npcx:rw] Merged configuration '/mnt/host/source/src/platform/ec/zephyr/program/ocelot/dsp_comms.conf'
[ocelotrvp-npcx:rw] Merged configuration '/mnt/host/source/src/platform/ec/zephyr/program/ocelot/ocelotrvp-npcx/project.conf'
[ocelotrvp-npcx:rw] Merged configuration '/mnt/host/source/src/platform/ec/build/zephyr/ocelotrvp-npcx/kconfig-rw.conf'
[ocelotrvp-npcx:rw] Configuration saved to '/mnt/host/source/src/platform/ec/build/zephyr/ocelotrvp-npcx/build-rw/zephyr/.config'
[ocelotrvp-npcx:rw] Kconfig header saved to '/mnt/host/source/src/platform/ec/build/zephyr/ocelotrvp-npcx/build-rw/zephyr/include/generated/zephyr/autoconf.h'
[ocelotrvp-npcx:rw] -- Found GnuLd: /home/jpmurphy/.cache/coreboot-sdk/arm-eabi/ea40ddd1d190c3b48435c474c0b545719371813a/arm-eabi/bin/ld.bfd (found version "2.43.1")
[felino4es:ro] [319/371] Building C object modules/ec/zephyr/CMakeFiles/ec_shim.dir/shim/src/charger.c.obj
[felino4es:ro] [320/371] Building C object modules/ec/zephyr/CMakeFiles/ec_shim.dir/shim/src/chipset_api.c.obj
[felino4es:ro] [321/371] Building C object modules/ec/zephyr/CMakeFiles/ec_shim.dir/shim/src/espi.c.obj
[screebo:ro] [18/419] Building C object CMakeFiles/app.dir/mnt/host/source/src/platform/ec/zephyr/subsys/ap_pwrseq/x86_non_dsx_common_pwrseq_sm_handler.c.obj
[felino4es:rw] [174/371] Linking C static library zephyr/drivers/sensor/ite/ite_tach_it8xxx2/libdrivers__sensor__ite__ite_tach_it8xxx2.a
[felino4es:ro] [322/371] Building C object modules/ec/zephyr/CMakeFiles/ec_shim.dir/shim/src/fan.c.obj
[felino4es:rw] [175/371] Building C object zephyr/drivers/serial/CMakeFiles/drivers__serial.dir/uart_ite_it8xxx2.c.obj
[felino4es:ro] [323/371] Building C object modules/ec/zephyr/CMakeFiles/ec_shim.dir/shim/src/hooks.c.obj
[felino4es:ro] [324/371] Building C object modules/ec/zephyr/CMakeFiles/ec_shim.dir/shim/src/flash.c.obj
[lotso:ro] Loaded configuration '/mnt/host/source/src/platform/ec/zephyr/boards/google/it8xxx2/it8xxx2_it82002aw_defconfig'
[lotso:ro] Merged configuration '/mnt/host/source/src/platform/ec/zephyr/program/brox/program.conf'
[lotso:ro] Merged configuration '/mnt/host/source/src/platform/ec/zephyr/program/brox/ite.conf'
[lotso:ro] Merged configuration '/mnt/host/source/src/platform/ec/zephyr/program/brox/motionsense.conf'
[lotso:ro] Merged configuration '/mnt/host/source/src/platform/ec/zephyr/program/brox/lotso/project.conf'
[lotso:ro] Merged configuration '/mnt/host/source/src/platform/ec/build/zephyr/lotso/kconfig-ro.conf'
[lotso:ro] Configuration saved to '/mnt/host/source/src/platform/ec/build/zephyr/lotso/build-ro/zephyr/.config'
[lotso:ro] Kconfig header saved to '/mnt/host/source/src/platform/ec/build/zephyr/lotso/build-ro/zephyr/include/generated/zephyr/autoconf.h'
[lotso:ro] -- Found GnuLd: /home/jpmurphy/.cache/coreboot-sdk/riscv64-elf/96b949749225b6aaa92ed810ab769e8dfb12f000/riscv64-elf/bin/ld.bfd (found version "2.43.1")
[lotso:rw] -- The CXX compiler identification is GNU 14.2.0
[felino4es:ro] [325/371] Building C object modules/ec/zephyr/CMakeFiles/ec_shim.dir/shim/src/host_command.c.obj
[felino4es:rw] [176/371] Building C object zephyr/drivers/serial/CMakeFiles/drivers__serial.dir/uart_ns16550.c.obj
[felino4es:ro] [326/371] Building C object modules/ec/zephyr/CMakeFiles/ec_shim.dir/shim/src/console_buffer.c.obj
[felino4es:ro] [327/371] Building C object modules/ec/zephyr/CMakeFiles/ec_shim.dir/shim/src/mkbp_event.c.obj
[felino4es:ro] [328/371] Building C object modules/ec/zephyr/CMakeFiles/ec_shim.dir/shim/src/panic.c.obj
[felino4es:ro] [329/371] Building C object modules/ec/zephyr/CMakeFiles/ec_shim.dir/shim/src/temp_sensors.c.obj
[felino4es:ro] [330/371] Building C object modules/ec/zephyr/CMakeFiles/ec_shim.dir/shim/src/thermal.c.obj
[felino4es:ro] [331/371] Building C object modules/ec/zephyr/CMakeFiles/ec_shim.dir/shim/src/i2c.c.obj
[felino4es:ro] [332/371] Building C object modules/ec/zephyr/CMakeFiles/ec_shim.dir/shim/src/hwtimer.c.obj
[felino4es:ro] [333/371] Building C object modules/ec/zephyr/CMakeFiles/ec_shim.dir/shim/src/tasks.c.obj
[felino4es:ro] [334/371] Building C object modules/ec/zephyr/CMakeFiles/ec_shim.dir/shim/src/watchdog.c.obj
[felino4es:ro] [335/371] Building C object modules/ec/zephyr/CMakeFiles/ec_shim.dir/shim/src/usba.c.obj
[felino4es:ro] [336/371] Building C object modules/ec/zephyr/CMakeFiles/ec_shim.dir/shim/src/power_host_sleep_api.c.obj
[felino4es:ro] [337/371] Building C object modules/ec/zephyr/CMakeFiles/ec_shim.dir/shim/src/sha256_hw.c.obj
[felino4es:ro] [338/371] Building C object zephyr/kernel/CMakeFiles/kernel.dir/main_weak.c.obj
[felino4es:ro] [339/371] Building C object zephyr/kernel/CMakeFiles/kernel.dir/banner.c.obj
[adlrvp_mchp:ro] [187/346] Building ASM object modules/ec/zephyr/CMakeFiles/ec_shim.dir/shim/src/libgcc_arm.S.obj
[felino4es:ro] [340/371] Building C object zephyr/kernel/CMakeFiles/kernel.dir/busy_wait.c.obj
[lotso:rw] -- The ASM compiler identification is GNU
[felino4es:rw] [177/371] Linking C static library zephyr/drivers/serial/libdrivers__serial.a
[lotso:rw] -- Found assembler: /home/jpmurphy/.cache/coreboot-sdk/riscv64-elf/96b949749225b6aaa92ed810ab769e8dfb12f000/bin/riscv64-elf-gcc
[felino4es:rw] [178/371] Building C object zephyr/drivers/syscon/CMakeFiles/drivers__syscon.dir/mnt/host/source/src/third_party/zephyr/main/misc/empty_file.c.obj
[adlrvp_mchp:ro] [188/346] Building C object modules/ec/zephyr/CMakeFiles/ec_shim.dir/shim/src/adc.c.obj
[ocelotrvp-npcx:ro] INFOSetting TOOLCHAIN_HAS_PICOLIBC to support full build.
[ocelotrvp-npcx:ro] INFOSetting TOOLCHAIN_HAS_NEWLIB to support full build.
[ocicat-ish:singleimage] -- Configuring done (35.9s)
[lotso:rw] warning: Deprecated symbol I2C_ALLOW_NO_STOP_TRANSACTIONS is enabled.
[lotso:rw] CMake Warning at /mnt/host/source/src/platform/ec/zephyr/cmake/linker/ld/linker_libraries.cmake:11 (message):
[adlrvp_mchp:ro] [189/346] Building C object modules/ec/zephyr/CMakeFiles/ec_shim.dir/shim/src/battery.c.obj
[felino4es:ro] [341/371] Building C object zephyr/kernel/CMakeFiles/kernel.dir/device.c.obj
[felino4es:ro] [342/371] Building C object zephyr/kernel/CMakeFiles/kernel.dir/fatal.c.obj
[felino4es:ro] [343/371] Building C object zephyr/kernel/CMakeFiles/kernel.dir/errno.c.obj
[adlrvp_mchp:ro] [190/346] Building C object modules/ec/zephyr/CMakeFiles/ec_shim.dir/shim/src/charger.c.obj
[felino4es:ro] [344/371] Building C object zephyr/kernel/CMakeFiles/kernel.dir/init.c.obj
[adlrvp_mchp:ro] [191/346] Building C object modules/ec/zephyr/CMakeFiles/ec_shim.dir/shim/src/espi.c.obj
[felino4es:ro] [345/371] Building C object zephyr/kernel/CMakeFiles/kernel.dir/kheap.c.obj
[felino4es:ro] [346/371] Building C object zephyr/kernel/CMakeFiles/kernel.dir/mem_slab.c.obj
[felino4es:ro] [347/371] Building C object zephyr/kernel/CMakeFiles/kernel.dir/float.c.obj
[felino4es:rw] [179/371] Linking C static library zephyr/drivers/syscon/libdrivers__syscon.a
[felino4es:ro] [348/371] Building C object zephyr/kernel/CMakeFiles/kernel.dir/version.c.obj
[adlrvp_mchp:ro] [192/346] Building C object modules/ec/zephyr/CMakeFiles/ec_shim.dir/shim/src/flash.c.obj
[felino4es:rw] [180/371] Building C object zephyr/drivers/timer/CMakeFiles/drivers__timer.dir/sys_clock_init.c.obj
[felino4es:ro] [349/371] Building C object zephyr/kernel/CMakeFiles/kernel.dir/idle.c.obj
[felino4es:ro] [350/371] Building C object zephyr/kernel/CMakeFiles/kernel.dir/mailbox.c.obj
[felino4es:ro] [351/371] Building C object zephyr/kernel/CMakeFiles/kernel.dir/msg_q.c.obj
[adlrvp_mchp:ro] [193/346] Building C object modules/ec/zephyr/CMakeFiles/ec_shim.dir/shim/src/hooks.c.obj
[felino4es:ro] [352/371] Building C object zephyr/kernel/CMakeFiles/kernel.dir/mutex.c.obj
[adlrvp_mchp:ro] [194/346] Building C object modules/ec/zephyr/CMakeFiles/ec_shim.dir/shim/src/host_command.c.obj
[felino4es:rw] [181/371] Building C object zephyr/drivers/timer/CMakeFiles/drivers__timer.dir/ite_it8xxx2_timer.c.obj
[felino4es:ro] [353/371] Building C object zephyr/kernel/CMakeFiles/kernel.dir/queue.c.obj
[adlrvp_mchp:ro] [195/346] Building C object modules/ec/zephyr/CMakeFiles/ec_shim.dir/shim/src/console_buffer.c.obj
[felino4es:ro] [354/371] Building C object zephyr/kernel/CMakeFiles/kernel.dir/sem.c.obj
[felino4es:ro] [355/371] Building C object zephyr/kernel/CMakeFiles/kernel.dir/stack.c.obj
[ocelotrvp-npcx:ro] Loaded configuration '/mnt/host/source/src/platform/ec/zephyr/boards/google/npcx9/npcx9_npcx9m7f_defconfig'
[felino4es:ro] [356/371] Building C object zephyr/kernel/CMakeFiles/kernel.dir/system_work_q.c.obj
[ocelotrvp-npcx:ro] Merged configuration '/mnt/host/source/src/platform/ec/zephyr/program/ocelot/program.conf'
[ocelotrvp-npcx:ro] Merged configuration '/mnt/host/source/src/platform/ec/zephyr/program/ocelot/rvp_program.conf'
[ocelotrvp-npcx:ro] Merged configuration '/mnt/host/source/src/platform/ec/zephyr/program/ocelot/dsp_comms.conf'
[ocelotrvp-npcx:ro] Merged configuration '/mnt/host/source/src/platform/ec/zephyr/program/ocelot/ocelotrvp-npcx/project.conf'
[ocelotrvp-npcx:ro] Merged configuration '/mnt/host/source/src/platform/ec/build/zephyr/ocelotrvp-npcx/kconfig-ro.conf'
[ocelotrvp-npcx:ro] Configuration saved to '/mnt/host/source/src/platform/ec/build/zephyr/ocelotrvp-npcx/build-ro/zephyr/.config'
[ocelotrvp-npcx:ro] Kconfig header saved to '/mnt/host/source/src/platform/ec/build/zephyr/ocelotrvp-npcx/build-ro/zephyr/include/generated/zephyr/autoconf.h'
[ocelotrvp-npcx:ro] -- Found GnuLd: /home/jpmurphy/.cache/coreboot-sdk/arm-eabi/ea40ddd1d190c3b48435c474c0b545719371813a/arm-eabi/bin/ld.bfd (found version "2.43.1")
[adlrvp_mchp:ro] [196/346] Building C object modules/ec/zephyr/CMakeFiles/ec_shim.dir/shim/src/ioex.c.obj
[felino4es:ro] [357/371] Building C object zephyr/kernel/CMakeFiles/kernel.dir/work.c.obj
[felino4es:ro] [358/371] Building C object zephyr/kernel/CMakeFiles/kernel.dir/condvar.c.obj
[felino4es:ro] [359/371] Linking C static library modules/ec/zephyr/libec_shim.a
[felino4es:ro] [360/371] Building C object zephyr/kernel/CMakeFiles/kernel.dir/sched.c.obj
[felino4es:ro] [361/371] Building C object zephyr/kernel/CMakeFiles/kernel.dir/thread.c.obj
[adlrvp_mchp:ro] [197/346] Building C object modules/ec/zephyr/CMakeFiles/ec_shim.dir/shim/src/ioex_drv.c.obj
[felino4es:ro] [362/371] Building C object zephyr/kernel/CMakeFiles/kernel.dir/pipe.c.obj
[ocelotrvp-npcx:rw] -- The C compiler identification is GNU 14.2.0
[felino4es:ro] [363/371] Building C object zephyr/kernel/CMakeFiles/kernel.dir/spinlock_validate.c.obj
[felino4es:rw] [182/371] Linking C static library zephyr/drivers/timer/libdrivers__timer.a
[felino4es:ro] [364/371] Building C object zephyr/kernel/CMakeFiles/kernel.dir/timeout.c.obj
[adlrvp_mchp:ro] [198/346] Building C object modules/ec/zephyr/CMakeFiles/ec_shim.dir/shim/src/panic.c.obj
[felino4es:ro] [365/371] Building C object zephyr/kernel/CMakeFiles/kernel.dir/timer.c.obj
[felino4es:ro] [366/371] Building C object zephyr/kernel/CMakeFiles/kernel.dir/thread_monitor.c.obj
[felino4es:ro] [367/371] Building C object zephyr/kernel/CMakeFiles/kernel.dir/poll.c.obj
[felino4es:rw] [183/371] Building C object zephyr/drivers/watchdog/CMakeFiles/drivers__watchdog.dir/wdt_ite_it8xxx2.c.obj
[felino4es:ro] [368/371] Building C object zephyr/kernel/CMakeFiles/kernel.dir/events.c.obj
[adlrvp_mchp:ro] [199/346] Building C object modules/ec/zephyr/CMakeFiles/ec_shim.dir/shim/src/hwtimer.c.obj
Running (initial) lcov on /mnt/host/source/src/platform/ec/build/zephyr/npcx_monitor.
[felino4es:ro] [369/371] Building C object zephyr/kernel/CMakeFiles/kernel.dir/mempool.c.obj
[felino4es:ro] [370/371] Building C object zephyr/kernel/CMakeFiles/kernel.dir/dynamic_disabled.c.obj
[felino4es:rw] [184/371] Building C object zephyr/drivers/watchdog/CMakeFiles/drivers__watchdog.dir/wdt_shell.c.obj
[gothrax:rw] Building: /usr/bin/ninja -C /mnt/host/source/src/platform/ec/build/zephyr/gothrax/build-rw all.libraries
Running `env -i SHELL=/bin/bash COLORTERM=truecolor DEPOT_TOOLS_UPDATE=0 LESS='-R -M --shift 5' SUDO_GID=0 JDK_HOME=/etc/java-config-2/current-system-vm CONFIG_PROTECT_MASK='/etc/gentoo-release /etc/sandbox.d /etc/fonts/fonts.conf /etc/terminfo /etc/ca-certificates.conf /etc/revdep-rebuild' CHROMEOS_CACHEDIR=/var/cache/chromeos-cache JAVA_HOME=/etc/java-config-2/current-system-vm SSH_AUTH_SOCK=/tmp/ssh-auth-sock SUDO_COMMAND=/bin/bash SUDO_USER=root SUDO_TTY=/dev/pts/2 EDITOR=/usr/bin/vi PWD=/mnt/host/source/src/platform/ec CONFIG_PROTECT=/usr/share/gnupg/qualified.txt LOGNAME=jpmurphy MANPATH=/etc/java-config-2/current-system-vm/man:/usr/local/share/man:/usr/share/man:/usr/share/gcc-data/x86_64-pc-linux-gnu/10.2.0/man:/usr/share/binutils-data/x86_64-pc-linux-gnu/2.45/man:/etc/java-config-2/current-system-vm/man/ SUDO_HOME=/root XAUTHORITY=/run/user/944457/gdm/Xauthority HOME=/home/jpmurphy LANG=C.UTF-8 LS_COLORS='rs=0:di=01;34:ln=01;36:mh=00:pi=40;33:so=01;35:do=01;35:bd=40;33;01:cd=40;33;01:or=01;05;37;41:mi=01;05;37;41:su=37;41:sg=30;43:ca=30;41:tw=30;42:ow=34;42:st=37;44:ex=01;32:*.tar=01;31:*.tgz=01;31:*.arc=01;31:*.arj=01;31:*.taz=01;31:*.lha=01;31:*.lz4=01;31:*.lzh=01;31:*.lzma=01;31:*.tlz=01;31:*.txz=01;31:*.tzo=01;31:*.t7z=01;31:*.zip=01;31:*.z=01;31:*.dz=01;31:*.gz=01;31:*.lrz=01;31:*.lz=01;31:*.lzo=01;31:*.xz=01;31:*.zst=01;31:*.tzst=01;31:*.bz2=01;31:*.bz=01;31:*.tbz=01;31:*.tbz2=01;31:*.tz=01;31:*.deb=01;31:*.rpm=01;31:*.jar=01;31:*.war=01;31:*.ear=01;31:*.sar=01;31:*.rar=01;31:*.alz=01;31:*.ace=01;31:*.zoo=01;31:*.cpio=01;31:*.7z=01;31:*.rz=01;31:*.cab=01;31:*.wim=01;31:*.swm=01;31:*.dwm=01;31:*.esd=01;31:*.jpg=01;35:*.jpeg=01;35:*.mjpg=01;35:*.mjpeg=01;35:*.gif=01;35:*.bmp=01;35:*.pbm=01;35:*.pgm=01;35:*.ppm=01;35:*.tga=01;35:*.xbm=01;35:*.xpm=01;35:*.tif=01;35:*.tiff=01;35:*.png=01;35:*.svg=01;35:*.svgz=01;35:*.mng=01;35:*.pcx=01;35:*.mov=01;35:*.mpg=01;35:*.mpeg=01;35:*.m2v=01;35:*.mkv=01;35:*.webm=01;35:*.webp=01;35:*.ogm=01;35:*.mp4=01;35:*.m4v=01;35:*.mp4v=01;35:*.vob=01;35:*.qt=01;35:*.nuv=01;35:*.wmv=01;35:*.asf=01;35:*.rm=01;35:*.rmvb=01;35:*.flc=01;35:*.avi=01;35:*.fli=01;35:*.flv=01;35:*.gl=01;35:*.dl=01;35:*.xcf=01;35:*.xwd=01;35:*.yuv=01;35:*.cgm=01;35:*.emf=01;35:*.ogv=01;35:*.ogx=01;35:*.cfg=00;32:*.conf=00;32:*.diff=00;32:*.doc=00;32:*.ini=00;32:*.log=00;32:*.patch=00;32:*.pdf=00;32:*.ps=00;32:*.tex=00;32:*.txt=00;32:*.aac=00;36:*.au=00;36:*.flac=00;36:*.m4a=00;36:*.mid=00;36:*.midi=00;36:*.mka=00;36:*.mp3=00;36:*.mpc=00;36:*.ogg=00;36:*.ra=00;36:*.wav=00;36:*.oga=00;36:*.opus=00;36:*.spx=00;36:*.xspf=00;36:' XDG_CURRENT_DESKTOP=GNOME INFOPATH=/usr/share/info:/usr/share/gcc-data/x86_64-pc-linux-gnu/10.2.0/info:/usr/share/binutils-data/x86_64-pc-linux-gnu/2.45/info:/usr/share/automake-1.16.5/info JAVAC=/etc/java-config-2/current-system-vm/bin/javac TERM=xterm-256color LESSOPEN='|lesspipe %s' USER=jpmurphy CROS_WORKON_SRCROOT=/mnt/host/source MANPAGER=manpager DISPLAY=:1 SHLVL=1 LC_MESSAGES=C EXTERNAL_TRUNK_PATH=/mnt/8f9d649a-3721-44cc-93c0-e6bd21a9689f/chromiumos GCC_SPECS='' PATH=/mnt/host/source/chromite/bin:/usr/local/bin:/usr/bin:/bin:/opt/bin:/mnt/host/source/chromite/sdk/bin:/mnt/host/source/chromite/bin PORTAGE_USERNAME=jpmurphy SUDO_UID=0 GCC_VER=10.2.0 MAIL=/var/mail/jpmurphy OLDPWD=/mnt/host/source/src/scripts traceparent=00-e87aca51550a78635907baa6a2476181-6d684811675d2973-01 _=./zephyr/firmware_builder.py COREBOOT_SDK_ROOT_x86=/home/jpmurphy/.cache/coreboot-sdk/i386-elf/dfbb0486385d938cfa9d73080b9d18d598ed4f49 COREBOOT_SDK_ROOT_picolibc_x86=/home/jpmurphy/.cache/coreboot-sdk/picolibc-i386-elf/eb8e8e687b95461de8cbf278f1c2076952d0ad17 COREBOOT_SDK_ROOT_riscv64=/home/jpmurphy/.cache/coreboot-sdk/riscv64-elf/96b949749225b6aaa92ed810ab769e8dfb12f000 COREBOOT_SDK_ROOT_picolibc_arm=/home/jpmurphy/.cache/coreboot-sdk/picolibc-arm-eabi/422a2aa3e1ef891b5bece9a3deb696ff83840d2e COREBOOT_SDK_ROOT_nds32=/home/jpmurphy/.cache/coreboot-sdk/nds32le-elf/d1a518c4a097666d86058e1444f85ca015d15511 COREBOOT_SDK_ROOT_picolibc_riscv64=/home/jpmurphy/.cache/coreboot-sdk/picolibc-riscv64-elf/f571e990ef0278564b31124f8bb109d9a697eb69 COREBOOT_SDK_ROOT_arm=/home/jpmurphy/.cache/coreboot-sdk/arm-eabi/ea40ddd1d190c3b48435c474c0b545719371813a COREBOOT_SDK_ROOT_libstdcxx_riscv64=/home/jpmurphy/.cache/coreboot-sdk/libstdcxx-riscv64-elf/17abf22a3a252e2d5d2062ced5324f7a623689e0 COREBOOT_SDK_ROOT_libstdcxx_arm=/home/jpmurphy/.cache/coreboot-sdk/libstdcxx-arm-eabi/5d7d82e150e44aa1968f1d366e267e6687b328ac COREBOOT_SDK_ROOT_riscv=/home/jpmurphy/.cache/coreboot-sdk/riscv-elf/9a27b9e82341c6e9126624f516ab3f261abb3e73 COREBOOT_SDK_ROOT_libstdcxx_x86=/home/jpmurphy/.cache/coreboot-sdk/libstdcxx-i386-elf/42ef9d2e87a76a37963175d7d428734e65648b87 PYTHONPATH=/mnt/host/source/src/platform/ec/zephyr/zmake PW_PIGWEED_CIPD_INSTALL_DIR=/usr CROSTC_USER_ACKNOWLEDGES_THAT_RISCV_IS_EXPERIMENTAL=1 MAKEFLAGS=' -j16 --jobserver-auth=5,6' /usr/bin/ninja -C /mnt/host/source/src/platform/ec/build/zephyr/gothrax/build-rw all.libraries`
[adlrvp_mchp:ro] [200/346] Building C object modules/ec/zephyr/CMakeFiles/ec_shim.dir/shim/src/i2c.c.obj
[adlrvp_mchp:ro] [201/346] Building C object modules/ec/zephyr/CMakeFiles/ec_shim.dir/shim/src/tasks.c.obj
[gothrax:rw] ninja: Entering directory `/mnt/host/source/src/platform/ec/build/zephyr/gothrax/build-rw'
[lotso:ro] -- The C compiler identification is GNU 14.2.0
[adlrvp_mchp:ro] [202/346] Building C object modules/ec/zephyr/CMakeFiles/ec_shim.dir/shim/src/watchdog.c.obj
[adlrvp_mchp:ro] [203/346] Building C object modules/ec/zephyr/CMakeFiles/ec_shim.dir/shim/src/ppc.c.obj
[adlrvp_mchp:ro] [204/346] Building C object modules/ec/zephyr/CMakeFiles/ec_shim.dir/shim/src/usb_muxes.c.obj
[adlrvp_mchp:ro] [205/346] Building C object modules/ec/zephyr/CMakeFiles/ec_shim.dir/shim/src/bb_retimer_usb_mux.c.obj
[felino4es:rw] [185/371] Linking C static library zephyr/drivers/watchdog/libdrivers__watchdog.a
[felino4es:ro] [371/371] Linking C static library zephyr/kernel/libkernel.a
Toolchain <zmake.toolchains.CorebootSdkToolchain object at 0x7f41207d6210> selected by probe function.
[ojal] Building in /mnt/host/source/src/platform/ec/build/zephyr/ojal.
[felino4es:rw] [186/371] Building C object modules/ec/zephyr/CMakeFiles/ec_shim.dir/app/ec/ec_app_main.c.obj
[felino4es:rw] [187/371] Building C object modules/ec/zephyr/CMakeFiles/ec_shim.dir/app/ec/main_shim.c.obj
[ocelotrvp-npcx:ro] -- The C compiler identification is GNU 14.2.0
[screebo:ro] [19/419] Building C object CMakeFiles/app.dir/mnt/host/source/src/platform/ec/zephyr/subsys/ap_pwrseq/x86_non_dsx_chipset_power_state.c.obj
[felino4es:rw] [188/371] Building C object modules/ec/zephyr/CMakeFiles/ec_shim.dir/app/ec/chip/riscv/riscv-ite/it8xxx2-espi.c.obj
[felino4es:rw] [189/371] Building C object modules/ec/zephyr/CMakeFiles/ec_shim.dir/drivers/cros_flash/cros_flash_it8xxx2.c.obj
[screebo:ro] [20/419] Building C object CMakeFiles/app.dir/mnt/host/source/src/platform/ec/zephyr/subsys/ap_pwrseq/x86_non_dsx_common_pwrseq_host_sleep.c.obj
[felino4es:rw] [190/371] Building C object modules/ec/zephyr/CMakeFiles/ec_shim.dir/drivers/cros_system/cros_system_it8xxx2.c.obj
[adlrvp_mchp:ro] [206/346] Linking C static library modules/ec/zephyr/libec_shim.a
[skitty:rw] Loaded configuration '/mnt/host/source/src/platform/ec/zephyr/boards/google/it8xxx2/it8xxx2_it81202bx_defconfig'
[skitty:rw] Merged configuration '/mnt/host/source/src/platform/ec/zephyr/program/corsola/program.conf'
[skitty:rw] Merged configuration '/mnt/host/source/src/platform/ec/zephyr/program/corsola/ite_program.conf'
[skitty:rw] Merged configuration '/mnt/host/source/src/platform/ec/zephyr/program/corsola/skitty/project.conf'
[skitty:rw] Merged configuration '/mnt/host/source/src/platform/ec/build/zephyr/skitty/kconfig-rw.conf'
[skitty:rw] Configuration saved to '/mnt/host/source/src/platform/ec/build/zephyr/skitty/build-rw/zephyr/.config'
[skitty:rw] Kconfig header saved to '/mnt/host/source/src/platform/ec/build/zephyr/skitty/build-rw/zephyr/include/generated/zephyr/autoconf.h'
[skitty:rw] -- Found GnuLd: /home/jpmurphy/.cache/coreboot-sdk/riscv64-elf/96b949749225b6aaa92ed810ab769e8dfb12f000/riscv64-elf/bin/ld.bfd (found version "2.43.1")
[adlrvp_mchp:ro] [207/346] Building C object zephyr/kernel/CMakeFiles/kernel.dir/main_weak.c.obj
[felino4es:rw] [191/371] Building C object modules/ec/zephyr/CMakeFiles/ec_shim.dir/drivers/hibernate/hibernate_z5.c.obj
[adlrvp_mchp:ro] [208/346] Building C object zephyr/kernel/CMakeFiles/kernel.dir/banner.c.obj
[adlrvp_mchp:ro] [209/346] Building C object zephyr/kernel/CMakeFiles/kernel.dir/busy_wait.c.obj
[ocelotrvp-npcx:rw] -- The CXX compiler identification is GNU 14.2.0
[skitty:ro] Parsing /mnt/host/source/src/platform/ec/zephyr/program/corsola/Kconfig
[adlrvp_mchp:ro] [210/346] Building C object zephyr/kernel/CMakeFiles/kernel.dir/device.c.obj
[adlrvp_mchp:ro] [211/346] cd /mnt/host/source/src/platform/ec/build/zephyr/adlrvp_mchp/build-ro/modules/ec/zephyr && PYTHONPATH=/mnt/host/source/src/platform/ec/build/zephyr/adlrvp_mchp/modules/ec/zephyr/zmake/ /usr/bin/python3.11 /mnt/host/source/src/platform/ec/build/zephyr/adlrvp_mchp/modules/ec/zephyr/zmake/zephyr_build_tools/generate_ec_version.py /mnt/host/source/src/platform/ec/build/zephyr/adlrvp_mchp/build-ro/modules/ec/zephyr/include/ec_version.h --name Zephyr-Kernel --version 16543.0.0 --static
[felino4es:rw] [192/371] Building C object modules/ec/zephyr/CMakeFiles/ec_shim.dir/drivers/keyboard_input/keyboard_input.c.obj
[adlrvp_mchp:ro] INFO:root:Using a static version string
[adlrvp_mchp:ro] INFO:root:Version string: Zephyr-Kernel-16543.0.0
[adlrvp_mchp:ro] INFO:root:Writing header to /mnt/host/source/src/platform/ec/build/zephyr/adlrvp_mchp/build-ro/modules/ec/zephyr/include/ec_version.h
[adlrvp_mchp:ro] [212/346] Building C object zephyr/kernel/CMakeFiles/kernel.dir/errno.c.obj
[adlrvp_mchp:ro] [213/346] Building C object CMakeFiles/app.dir/mnt/host/source/src/platform/ec/zephyr/subsys/ap_pwrseq/ap_events.c.obj
[felino4es:rw] [193/371] Building C object modules/ec/zephyr/CMakeFiles/ec_shim.dir/drivers/keyboard_input/keyboard_customization_check.c.obj
[adlrvp_mchp:ro] [214/346] Building C object CMakeFiles/app.dir/mnt/host/source/src/platform/ec/build/zephyr/adlrvp_mchp/modules/ec/builtin/stdlib.c.obj
[lotso:ro] -- The CXX compiler identification is GNU 14.2.0
[adlrvp_mchp:ro] [215/346] Building C object CMakeFiles/app.dir/mnt/host/source/src/platform/ec/build/zephyr/adlrvp_mchp/modules/ec/common/base32.c.obj
[ocelotrvp-npcx:rw] -- The ASM compiler identification is GNU
[felino4es:rw] [194/371] Building C object modules/ec/zephyr/CMakeFiles/ec_shim.dir/drivers/keyboard_input/col_gpio_drive.c.obj
[adlrvp_mchp:ro] [216/346] Building C object CMakeFiles/app.dir/mnt/host/source/src/platform/ec/build/zephyr/adlrvp_mchp/modules/ec/common/console_output.c.obj
[adlrvp_mchp:ro] [217/346] Building C object CMakeFiles/app.dir/mnt/host/source/src/platform/ec/build/zephyr/adlrvp_mchp/modules/ec/common/ec_features.c.obj
[felino4es:rw] [195/371] Building C object modules/ec/zephyr/CMakeFiles/ec_shim.dir/drivers/usbc/ucsi_v3.c.obj
[lotso:ro] -- The ASM compiler identification is GNU
[felino4es:rw] [196/371] Building C object modules/ec/zephyr/CMakeFiles/ec_shim.dir/drivers/usbc/pdc_tps6699x.c.obj
[felino4es:rw] [197/371] Building C object modules/ec/zephyr/CMakeFiles/ec_shim.dir/drivers/usbc/tps6699x_cmd.c.obj
[adlrvp_mchp:ro] [218/346] Building C object CMakeFiles/app.dir/mnt/host/source/src/platform/ec/build/zephyr/adlrvp_mchp/modules/ec/common/gpio_commands.c.obj
[adlrvp_mchp:ro] [219/346] Building C object CMakeFiles/app.dir/mnt/host/source/src/platform/ec/build/zephyr/adlrvp_mchp/modules/ec/common/peripheral.c.obj
[ocelotrvp-npcx:ro] -- The CXX compiler identification is GNU 14.2.0
[felino4es:rw] [198/371] Building C object modules/ec/zephyr/CMakeFiles/ec_shim.dir/drivers/boot_keys/boot_keys.c.obj
[adlrvp_mchp:ro] [220/346] Building C object CMakeFiles/app.dir/mnt/host/source/src/platform/ec/build/zephyr/adlrvp_mchp/modules/ec/common/queue.c.obj
[lotso:ro] warning: Deprecated symbol I2C_ALLOW_NO_STOP_TRANSACTIONS is enabled.
[felino4es:rw] [199/371] Building C object modules/ec/zephyr/CMakeFiles/ec_shim.dir/drivers/runtime_keys/runtime_keys.c.obj
[adlrvp_mchp:ro] [221/346] Building C object CMakeFiles/app.dir/mnt/host/source/src/platform/ec/build/zephyr/adlrvp_mchp/modules/ec/common/printf.c.obj
[lotso:ro] CMake Warning at /mnt/host/source/src/platform/ec/zephyr/cmake/linker/ld/linker_libraries.cmake:11 (message):
[adlrvp_mchp:ro] [222/346] Building C object CMakeFiles/app.dir/mnt/host/source/src/platform/ec/build/zephyr/adlrvp_mchp/modules/ec/common/system.c.obj
[adlrvp_mchp:ro] [223/346] Building C object CMakeFiles/app.dir/mnt/host/source/src/platform/ec/build/zephyr/adlrvp_mchp/modules/ec/common/system_boot_time.c.obj
[felino4es:rw] [200/371] Building C object modules/ec/zephyr/CMakeFiles/ec_shim.dir/drivers/vivaldi_kbd/vivaldi_kbd.c.obj
[adlrvp_mchp:ro] [224/346] Building C object CMakeFiles/app.dir/mnt/host/source/src/platform/ec/build/zephyr/adlrvp_mchp/modules/ec/common/uart_printf.c.obj
[adlrvp_mchp:ro] [225/346] Building C object CMakeFiles/app.dir/mnt/host/source/src/platform/ec/build/zephyr/adlrvp_mchp/modules/ec/common/util.c.obj
[felino4es:rw] [201/371] Building C object modules/ec/zephyr/CMakeFiles/ec_shim.dir/shim/chip/it8xxx2/clock.c.obj
[felino4es:rw] [202/371] Building C object modules/ec/zephyr/CMakeFiles/ec_shim.dir/shim/chip/it8xxx2/gpio.c.obj
[adlrvp_mchp:ro] [226/346] Building C object CMakeFiles/app.dir/mnt/host/source/src/platform/ec/build/zephyr/adlrvp_mchp/modules/ec/common/version.c.obj
[adlrvp_mchp:ro] [227/346] Building C object CMakeFiles/app.dir/mnt/host/source/src/platform/ec/build/zephyr/adlrvp_mchp/modules/ec/common/power_button_x86.c.obj
[skitty:rw] -- The C compiler identification is GNU 14.2.0
[adlrvp_mchp:ro] [228/346] Building C object CMakeFiles/app.dir/mnt/host/source/src/platform/ec/build/zephyr/adlrvp_mchp/modules/ec/common/adc.c.obj
[felino4es:rw] [203/371] Building C object modules/ec/zephyr/CMakeFiles/ec_shim.dir/shim/chip/it8xxx2/system.c.obj
[adlrvp_mchp:ro] [229/346] Building C object CMakeFiles/app.dir/mnt/host/source/src/platform/ec/build/zephyr/adlrvp_mchp/modules/ec/common/acpi.c.obj
[felino4es:rw] [204/371] Building C object modules/ec/zephyr/CMakeFiles/ec_shim.dir/shim/chip/it8xxx2/power_policy.c.obj
[adlrvp_mchp:ro] [230/346] Building C object CMakeFiles/app.dir/mnt/host/source/src/platform/ec/build/zephyr/adlrvp_mchp/modules/ec/common/battery.c.obj
[adlrvp_mchp:ro] [231/346] Building C object CMakeFiles/app.dir/mnt/host/source/src/platform/ec/build/zephyr/adlrvp_mchp/modules/ec/common/battery_info.c.obj
[felino4es:rw] [205/371] Building C object modules/ec/zephyr/CMakeFiles/ec_shim.dir/shim/src/console.c.obj
[adlrvp_mchp:ro] [232/346] Building C object CMakeFiles/app.dir/mnt/host/source/src/platform/ec/build/zephyr/adlrvp_mchp/modules/ec/common/battery_fuel_gauge.c.obj
[felino4es:rw] [206/371] Building C object modules/ec/zephyr/CMakeFiles/ec_shim.dir/shim/src/crc.c.obj
[adlrvp_mchp:ro] [233/346] Building C object CMakeFiles/app.dir/mnt/host/source/src/platform/ec/build/zephyr/adlrvp_mchp/modules/ec/driver/battery/smart.c.obj
[adlrvp_mchp:ro] [234/346] Building C object CMakeFiles/app.dir/mnt/host/source/src/platform/ec/build/zephyr/adlrvp_mchp/modules/ec/driver/charger/bq25710.c.obj
[adlrvp_mchp:ro] [235/346] Building C object CMakeFiles/app.dir/mnt/host/source/src/platform/ec/build/zephyr/adlrvp_mchp/modules/ec/driver/charger/isl9241.c.obj
[felino4es:rw] [207/371] Building C object modules/ec/zephyr/CMakeFiles/ec_shim.dir/shim/src/gpio.c.obj
[ocelotrvp-npcx:ro] -- The ASM compiler identification is GNU
[felino4es:rw] [208/371] Building C object modules/ec/zephyr/CMakeFiles/ec_shim.dir/shim/src/gpio_int.c.obj
[adlrvp_mchp:ro] [236/346] Building C object CMakeFiles/app.dir/mnt/host/source/src/platform/ec/build/zephyr/adlrvp_mchp/modules/ec/common/charge_state.c.obj
[adlrvp_mchp:ro] [237/346] Building C object CMakeFiles/app.dir/mnt/host/source/src/platform/ec/build/zephyr/adlrvp_mchp/modules/ec/common/charger.c.obj
[felino4es:rw] [209/371] Building C object modules/ec/zephyr/CMakeFiles/ec_shim.dir/shim/src/panic_utils.c.obj
[adlrvp_mchp:ro] [238/346] Building C object CMakeFiles/app.dir/mnt/host/source/src/platform/ec/build/zephyr/adlrvp_mchp/modules/ec/common/charge_manager.c.obj
[adlrvp_mchp:ro] [239/346] Building C object CMakeFiles/app.dir/mnt/host/source/src/platform/ec/build/zephyr/adlrvp_mchp/modules/ec/common/cbi_common.c.obj
[felino4es:rw] [210/371] Building C object modules/ec/zephyr/CMakeFiles/ec_shim.dir/shim/src/pm_state.c.obj
[felino4es:rw] [211/371] Building C object modules/ec/zephyr/CMakeFiles/ec_shim.dir/shim/src/cbi/cros_cbi.c.obj
[adlrvp_mchp:ro] [240/346] Building C object CMakeFiles/app.dir/mnt/host/source/src/platform/ec/build/zephyr/adlrvp_mchp/modules/ec/common/cbi.c.obj
[adlrvp_mchp:ro] [241/346] Building C object CMakeFiles/app.dir/mnt/host/source/src/platform/ec/build/zephyr/adlrvp_mchp/modules/ec/common/cbi_config.c.obj
[felino4es:rw] [212/371] Building C object modules/ec/zephyr/CMakeFiles/ec_shim.dir/shim/src/cbi/cbi_flash.c.obj
[adlrvp_mchp:ro] [242/346] Building C object CMakeFiles/app.dir/mnt/host/source/src/platform/ec/build/zephyr/adlrvp_mchp/modules/ec/common/cbi_gpio.c.obj
[lotso:rw] -- Performing EC specific devicetree checks
[felino4es:rw] [213/371] Building C object modules/ec/zephyr/CMakeFiles/ec_shim.dir/shim/src/led_driver/led.c.obj
[adlrvp_mchp:ro] [243/346] Building C object CMakeFiles/app.dir/mnt/host/source/src/platform/ec/build/zephyr/adlrvp_mchp/modules/ec/common/memory_commands.c.obj
[adlrvp_mchp:ro] [244/346] Building C object CMakeFiles/app.dir/mnt/host/source/src/platform/ec/build/zephyr/adlrvp_mchp/modules/ec/common/chipset.c.obj
[adlrvp_mchp:ro] [245/346] Building C object CMakeFiles/app.dir/mnt/host/source/src/platform/ec/build/zephyr/adlrvp_mchp/modules/ec/common/espi.c.obj
[adlrvp_mchp:ro] [246/346] Building C object CMakeFiles/app.dir/mnt/host/source/src/platform/ec/build/zephyr/adlrvp_mchp/modules/ec/common/ap_reset_log.c.obj
[felino4es:rw] [214/371] Building C object modules/ec/zephyr/CMakeFiles/ec_shim.dir/shim/src/led_driver/led_gpio.c.obj
[gothrax:rw] [1/405] Generating include/generated/zephyr/version.h
[gothrax:rw] -- git describe warned: warning: tag 'upstream/v2.7.99' is externally known as 'v2.7.99'
[felino4es:rw] [215/371] Building C object modules/ec/zephyr/CMakeFiles/ec_shim.dir/shim/src/system.c.obj
[adlrvp_mchp:ro] [247/346] Building C object CMakeFiles/app.dir/mnt/host/source/src/platform/ec/build/zephyr/adlrvp_mchp/modules/ec/common/extpower_gpio.c.obj
[adlrvp_mchp:ro] [248/346] Building C object CMakeFiles/app.dir/mnt/host/source/src/platform/ec/build/zephyr/adlrvp_mchp/modules/ec/common/extpower_common.c.obj
[gothrax:rw] -- Zephyr version: 4.3.99 (/mnt/host/source/src/third_party/zephyr/main)
[gothrax:rw] [2/405] Preparing syscall dependency handling
[felino4es:rw] [216/371] Building C object modules/ec/zephyr/CMakeFiles/ec_shim.dir/shim/src/pdc_shim.c.obj
[adlrvp_mchp:ro] [249/346] Building C object CMakeFiles/app.dir/mnt/host/source/src/platform/ec/build/zephyr/adlrvp_mchp/modules/ec/common/host_command.c.obj
[adlrvp_mchp:ro] [250/346] Building C object CMakeFiles/app.dir/mnt/host/source/src/platform/ec/build/zephyr/adlrvp_mchp/modules/ec/common/flash.c.obj
[adlrvp_mchp:ro] [251/346] Building C object CMakeFiles/app.dir/mnt/host/source/src/platform/ec/build/zephyr/adlrvp_mchp/modules/ec/common/host_command_task.c.obj
[skitty:rw] -- The CXX compiler identification is GNU 14.2.0
[felino4es:rw] [217/371] Building C object modules/ec/zephyr/CMakeFiles/ec_shim.dir/shim/src/adc.c.obj
[adlrvp_mchp:ro] [252/346] Building C object CMakeFiles/app.dir/mnt/host/source/src/platform/ec/build/zephyr/adlrvp_mchp/modules/ec/common/uart_hostcmd.c.obj
[adlrvp_mchp:ro] [253/346] Building C object CMakeFiles/app.dir/mnt/host/source/src/platform/ec/build/zephyr/adlrvp_mchp/modules/ec/common/host_event_commands.c.obj
[felino4es:rw] [218/371] Building C object modules/ec/zephyr/CMakeFiles/ec_shim.dir/shim/src/battery.c.obj
Running `env -i PYTHONPATH=/usr/lib64/python-exec/python3.11:/mnt/host/source/src/platform/ec/zephyr/zmake:/usr/lib/python311.zip:/usr/lib/python3.11:/usr/lib/python3.11/lib-dynload:/usr/lib/python3.11/site-packages PW_PIGWEED_CIPD_INSTALL_DIR=/usr CROSTC_USER_ACKNOWLEDGES_THAT_RISCV_IS_EXPERIMENTAL=1 PATH=/mnt/host/source/chromite/bin:/usr/local/bin:/usr/bin:/bin:/opt/bin:/mnt/host/source/chromite/sdk/bin:/mnt/host/source/chromite/bin HOME=/home/jpmurphy JAVA_HOME=/etc/java-config-2/current-system-vm JDK_HOME=/etc/java-config-2/current-system-vm JAVAC=/etc/java-config-2/current-system-vm/bin/javac MAKEFLAGS=' -j16 --jobserver-auth=5,6' /usr/bin/lcov --gcov-tool /mnt/host/source/src/platform/ec/build/zephyr/npcx_monitor/build-singleimage/gcov.sh -q -o - -c -d /mnt/host/source/src/platform/ec/build/zephyr/npcx_monitor -t npcx_monitor --rc branch_coverage=1 --filter range --ignore-errors inconsistent,source --ignore-errors gcov,gcov -i`
[screebo:ro] [21/419] Building C object CMakeFiles/app.dir/mnt/host/source/src/platform/ec/zephyr/subsys/ap_pwrseq/x86_non_dsx_common_pwrseq_console.c.obj
[adlrvp_mchp:ro] [254/346] Building C object CMakeFiles/app.dir/mnt/host/source/src/platform/ec/build/zephyr/adlrvp_mchp/modules/ec/common/uptime.c.obj
[felino4es:rw] [219/371] Building C object modules/ec/zephyr/CMakeFiles/ec_shim.dir/shim/src/charger.c.obj
[adlrvp_mchp:ro] [255/346] Building C object CMakeFiles/app.dir/mnt/host/source/src/platform/ec/build/zephyr/adlrvp_mchp/modules/ec/common/i2c_controller.c.obj
[adlrvp_mchp:ro] [256/346] Building C object CMakeFiles/app.dir/mnt/host/source/src/platform/ec/build/zephyr/adlrvp_mchp/modules/ec/common/i2c_passthru.c.obj
[felino4es:rw] [220/371] Building C object modules/ec/zephyr/CMakeFiles/ec_shim.dir/shim/src/chipset_api.c.obj
[felino4es:rw] [221/371] Building C object modules/ec/zephyr/CMakeFiles/ec_shim.dir/shim/src/espi.c.obj
[skitty:rw] -- The ASM compiler identification is GNU
[skitty:rw] -- Found assembler: /home/jpmurphy/.cache/coreboot-sdk/riscv64-elf/96b949749225b6aaa92ed810ab769e8dfb12f000/bin/riscv64-elf-gcc
[gothrax:rw] [3/405] Generating misc/generated/syscalls_subdirs.trigger
[adlrvp_mchp:ro] [257/346] Building C object CMakeFiles/app.dir/mnt/host/source/src/platform/ec/build/zephyr/adlrvp_mchp/modules/ec/driver/ioexpander/pca9675.c.obj
[adlrvp_mchp:ro] [258/346] Building C object CMakeFiles/app.dir/mnt/host/source/src/platform/ec/build/zephyr/adlrvp_mchp/modules/ec/common/lid_switch.c.obj
[felino4es:rw] [222/371] Building C object modules/ec/zephyr/CMakeFiles/ec_shim.dir/shim/src/fan.c.obj
[adlrvp_mchp:ro] [259/346] Building C object CMakeFiles/app.dir/mnt/host/source/src/platform/ec/build/zephyr/adlrvp_mchp/modules/ec/common/port80.c.obj
[felino4es:rw] [223/371] Building C object modules/ec/zephyr/CMakeFiles/ec_shim.dir/shim/src/flash.c.obj
[skitty:rw] warning: The choice symbol PLATFORM_EC_ACCELGYRO_ICM_COMM_I2C (defined at
[adlrvp_mchp:ro] [260/346] Building C object CMakeFiles/app.dir/mnt/host/source/src/platform/ec/build/zephyr/adlrvp_mchp/modules/ec/common/power_button.c.obj
[skitty:rw] /mnt/host/source/src/platform/ec/zephyr/Kconfig.accelgyro_icm:23) was selected (set =y), but no
[skitty:rw] symbol ended up as the choice selection. See
[skitty:rw] http://docs.zephyrproject.org/latest/kconfig.html#CONFIG_PLATFORM_EC_ACCELGYRO_ICM_COMM_I2C and/or
[skitty:rw] look up PLATFORM_EC_ACCELGYRO_ICM_COMM_I2C in the menuconfig/guiconfig interface. The Application
[skitty:rw] Development Primer, Setting Configuration Values, and Kconfig - Tips and Best Practices sections of
[skitty:rw] the manual might be helpful too.
[skitty:rw] warning: Deprecated symbol I2C_ALLOW_NO_STOP_TRANSACTIONS is enabled.
[skitty:rw] CMake Warning at /mnt/host/source/src/platform/ec/zephyr/cmake/linker/ld/linker_libraries.cmake:11 (message):
[lotso:rw]   Disabling c_library
[lotso:rw] Call Stack (most recent call first):
[lotso:rw]   /mnt/host/source/src/third_party/zephyr/main/cmake/target_toolchain_flags.cmake:48 (include)
[lotso:rw]   /mnt/host/source/src/third_party/zephyr/main/cmake/modules/kernel.cmake:153 (include)
[lotso:rw]   /mnt/host/source/src/third_party/zephyr/main/cmake/modules/zephyr_default.cmake:138 (include)
[lotso:rw]   /mnt/host/source/src/third_party/zephyr/main/share/zephyr-package/cmake/ZephyrConfig.cmake:66 (include)
[lotso:rw]   /mnt/host/source/src/third_party/zephyr/main/share/zephyr-package/cmake/ZephyrConfig.cmake:97 (include_boilerplate)
[lotso:rw]   CMakeLists.txt:6 (find_package)
[lotso:rw] INFO: Verified 44 GPIOs, no duplicates found
[lotso:rw] INFO: Verified 25 '*-gpios' properties, all flags match.
[felino4es:rw] [224/371] Building C object modules/ec/zephyr/CMakeFiles/ec_shim.dir/shim/src/hooks.c.obj
[adlrvp_mchp:ro] [261/346] Building C object CMakeFiles/app.dir/mnt/host/source/src/platform/ec/build/zephyr/adlrvp_mchp/modules/ec/power/common.c.obj
[felino4es:rw] [225/371] Building C object modules/ec/zephyr/CMakeFiles/ec_shim.dir/shim/src/host_command.c.obj
[adlrvp_mchp:ro] [262/346] Building C object CMakeFiles/app.dir/mnt/host/source/src/platform/ec/build/zephyr/adlrvp_mchp/modules/ec/power/icelake.c.obj
[adlrvp_mchp:ro] [263/346] Building C object CMakeFiles/app.dir/mnt/host/source/src/platform/ec/build/zephyr/adlrvp_mchp/modules/ec/power/intel_x86.c.obj
[felino4es:rw] [226/371] Building C object modules/ec/zephyr/CMakeFiles/ec_shim.dir/shim/src/console_buffer.c.obj
[felino4es:rw] [227/371] Building C object modules/ec/zephyr/CMakeFiles/ec_shim.dir/shim/src/mkbp_event.c.obj
[felino4es:rw] [228/371] Building C object modules/ec/zephyr/CMakeFiles/ec_shim.dir/shim/src/panic.c.obj
[felino4es:rw] [229/371] Building C object modules/ec/zephyr/CMakeFiles/ec_shim.dir/shim/src/temp_sensors.c.obj
[adlrvp_mchp:ro] [264/346] Building C object CMakeFiles/app.dir/mnt/host/source/src/platform/ec/build/zephyr/adlrvp_mchp/modules/ec/power/host_sleep.c.obj
[adlrvp_mchp:ro] [265/346] Building C object CMakeFiles/app.dir/mnt/host/source/src/platform/ec/build/zephyr/adlrvp_mchp/modules/ec/common/panic_output.c.obj
[felino4es:rw] [230/371] Building C object modules/ec/zephyr/CMakeFiles/ec_shim.dir/shim/src/thermal.c.obj
[adlrvp_mchp:ro] [266/346] Building C object CMakeFiles/app.dir/mnt/host/source/src/platform/ec/build/zephyr/adlrvp_mchp/modules/ec/common/sha256.c.obj
[adlrvp_mchp:ro] [267/346] Building C object CMakeFiles/app.dir/mnt/host/source/src/platform/ec/build/zephyr/adlrvp_mchp/modules/ec/common/shared_mem.c.obj
[felino4es:rw] [231/371] Building C object modules/ec/zephyr/CMakeFiles/ec_shim.dir/shim/src/hwtimer.c.obj
[adlrvp_mchp:ro] [268/346] Building C object CMakeFiles/app.dir/mnt/host/source/src/platform/ec/build/zephyr/adlrvp_mchp/modules/ec/common/switch.c.obj
[adlrvp_mchp:ro] [269/346] Building C object CMakeFiles/app.dir/mnt/host/source/src/platform/ec/build/zephyr/adlrvp_mchp/modules/ec/common/timer.c.obj
[adlrvp_mchp:ro] [270/346] Building C object CMakeFiles/app.dir/mnt/host/source/src/platform/ec/build/zephyr/adlrvp_mchp/modules/ec/common/spi_flash_reg.c.obj
[felino4es:rw] [232/371] Building C object modules/ec/zephyr/CMakeFiles/ec_shim.dir/shim/src/i2c.c.obj
[adlrvp_mchp:ro] [271/346] Building C object CMakeFiles/app.dir/mnt/host/source/src/platform/ec/build/zephyr/adlrvp_mchp/modules/ec/common/typec_control.c.obj
[felino4es:rw] [233/371] Building C object modules/ec/zephyr/CMakeFiles/ec_shim.dir/shim/src/tasks.c.obj
[adlrvp_mchp:ro] [272/346] Building C object CMakeFiles/app.dir/mnt/host/source/src/platform/ec/build/zephyr/adlrvp_mchp/modules/ec/common/usb_common.c.obj
[adlrvp_mchp:ro] [273/346] Building C object CMakeFiles/app.dir/mnt/host/source/src/platform/ec/build/zephyr/adlrvp_mchp/modules/ec/common/usb_pd_pdo.c.obj
[adlrvp_mchp:ro] [274/346] Building C object CMakeFiles/app.dir/mnt/host/source/src/platform/ec/build/zephyr/adlrvp_mchp/modules/ec/common/usbc/usbc_task.c.obj
[felino4es:rw] [234/371] Building C object modules/ec/zephyr/CMakeFiles/ec_shim.dir/shim/src/watchdog.c.obj
[adlrvp_mchp:ro] [275/346] Building C object CMakeFiles/app.dir/mnt/host/source/src/platform/ec/build/zephyr/adlrvp_mchp/modules/ec/common/usbc/usb_pd_timer.c.obj
[adlrvp_mchp:ro] [276/346] Building C object CMakeFiles/app.dir/mnt/host/source/src/platform/ec/build/zephyr/adlrvp_mchp/modules/ec/common/usbc/usb_sm.c.obj
[felino4es:rw] [235/371] Building C object modules/ec/zephyr/CMakeFiles/ec_shim.dir/shim/src/usba.c.obj
[adlrvp_mchp:ro] [277/346] Building C object CMakeFiles/app.dir/mnt/host/source/src/platform/ec/build/zephyr/adlrvp_mchp/modules/ec/common/usbc_intr_task.c.obj
[felino4es:rw] [236/371] Building C object modules/ec/zephyr/CMakeFiles/ec_shim.dir/shim/src/power_host_sleep_api.c.obj
[adlrvp_mchp:ro] [278/346] Building C object CMakeFiles/app.dir/mnt/host/source/src/platform/ec/build/zephyr/adlrvp_mchp/modules/ec/common/usbc_utils.c.obj
[screebo:ro] [22/419] Building C object CMakeFiles/app.dir/mnt/host/source/src/platform/ec/zephyr/subsys/ap_pwrseq/x86_non_dsx_mtl_pwrseq_sm.c.obj
[adlrvp_mchp:ro] [279/346] Building C object CMakeFiles/app.dir/mnt/host/source/src/platform/ec/build/zephyr/adlrvp_mchp/modules/ec/common/usb_pd_flags.c.obj
[felino4es:rw] [237/371] Building C object modules/ec/zephyr/CMakeFiles/ec_shim.dir/shim/src/sha256_hw.c.obj
[adlrvp_mchp:ro] [280/346] Building C object CMakeFiles/app.dir/mnt/host/source/src/platform/ec/build/zephyr/adlrvp_mchp/modules/ec/common/chargen.c.obj
[adlrvp_mchp:ro] [281/346] Building C object CMakeFiles/app.dir/mnt/host/source/src/platform/ec/build/zephyr/adlrvp_mchp/modules/ec/common/usbc/usb_pd_console.c.obj
[adlrvp_mchp:ro] [282/346] Building C object CMakeFiles/app.dir/mnt/host/source/src/platform/ec/build/zephyr/adlrvp_mchp/modules/ec/driver/retimer/bb_retimer.c.obj
[lotso:rw] -- Generating component manifest file
[adlrvp_mchp:ro] [283/346] Building C object CMakeFiles/app.dir/mnt/host/source/src/platform/ec/build/zephyr/adlrvp_mchp/modules/ec/driver/usb_mux/usb_mux.c.obj
[adlrvp_mchp:ro] [284/346] Building C object CMakeFiles/app.dir/mnt/host/source/src/platform/ec/build/zephyr/adlrvp_mchp/modules/ec/driver/usb_mux/tusb1064.c.obj
[lotso:ro] -- Found assembler: /home/jpmurphy/.cache/coreboot-sdk/riscv64-elf/96b949749225b6aaa92ed810ab769e8dfb12f000/bin/riscv64-elf-gcc
[lotso:ro] -- Performing EC specific devicetree checks
[adlrvp_mchp:ro] [285/346] Building C object CMakeFiles/app.dir/mnt/host/source/src/platform/ec/build/zephyr/adlrvp_mchp/modules/ec/driver/usb_mux/virtual.c.obj
[adlrvp_mchp:ro] [286/346] Building C object CMakeFiles/app.dir/mnt/host/source/src/platform/ec/build/zephyr/adlrvp_mchp/modules/ec/common/usbc/usb_tc_drp_acc_trysrc_sm.c.obj
[screebo:ro] [23/419] Building C object CMakeFiles/app.dir/mnt/host/source/src/platform/ec/zephyr/subsys/ap_pwrseq/x86_non_dsx_common_pwrseq_host_command.c.obj
[adlrvp_mchp:ro] [287/346] Building C object CMakeFiles/app.dir/mnt/host/source/src/platform/ec/build/zephyr/adlrvp_mchp/modules/ec/common/usbc/usb_prl_sm.c.obj
[adlrvp_mchp:ro] [288/346] Building C object CMakeFiles/app.dir/mnt/host/source/src/platform/ec/build/zephyr/adlrvp_mchp/modules/ec/common/usbc/usb_pe_drp_sm.c.obj
[adlrvp_mchp:ro] [289/346] Building C object CMakeFiles/app.dir/mnt/host/source/src/platform/ec/build/zephyr/adlrvp_mchp/modules/ec/common/usbc/usb_pd_dpm.c.obj
[adlrvp_mchp:ro] [290/346] Building C object CMakeFiles/app.dir/mnt/host/source/src/platform/ec/build/zephyr/adlrvp_mchp/modules/ec/common/usbc/usbc_pd_policy.c.obj
[adlrvp_mchp:ro] [291/346] Building C object CMakeFiles/app.dir/mnt/host/source/src/platform/ec/build/zephyr/adlrvp_mchp/modules/ec/common/usbc/dp_alt_mode.c.obj
[adlrvp_mchp:ro] [292/346] Building C object CMakeFiles/app.dir/mnt/host/source/src/platform/ec/build/zephyr/adlrvp_mchp/modules/ec/common/usbc/usb_mode.c.obj
[adlrvp_mchp:ro] [293/346] Building C object CMakeFiles/app.dir/mnt/host/source/src/platform/ec/build/zephyr/adlrvp_mchp/modules/ec/common/usbc/tbt_alt_mode.c.obj
[skitty:ro] Loaded configuration '/mnt/host/source/src/platform/ec/zephyr/boards/google/it8xxx2/it8xxx2_it81202bx_defconfig'
[skitty:ro] Merged configuration '/mnt/host/source/src/platform/ec/zephyr/program/corsola/program.conf'
[skitty:ro] Merged configuration '/mnt/host/source/src/platform/ec/zephyr/program/corsola/ite_program.conf'
[skitty:ro] Merged configuration '/mnt/host/source/src/platform/ec/zephyr/program/corsola/skitty/project.conf'
[skitty:ro] Merged configuration '/mnt/host/source/src/platform/ec/build/zephyr/skitty/kconfig-ro.conf'
[skitty:ro] Configuration saved to '/mnt/host/source/src/platform/ec/build/zephyr/skitty/build-ro/zephyr/.config'
[skitty:ro] Kconfig header saved to '/mnt/host/source/src/platform/ec/build/zephyr/skitty/build-ro/zephyr/include/generated/zephyr/autoconf.h'
[skitty:ro] -- Found GnuLd: /home/jpmurphy/.cache/coreboot-sdk/riscv64-elf/96b949749225b6aaa92ed810ab769e8dfb12f000/riscv64-elf/bin/ld.bfd (found version "2.43.1")
[felino4es:rw] [238/371] Linking C static library modules/ec/zephyr/libec_shim.a
[adlrvp_mchp:ro] [294/346] Building C object CMakeFiles/app.dir/mnt/host/source/src/platform/ec/build/zephyr/adlrvp_mchp/modules/ec/common/usbc/usb_retimer_fw_update.c.obj
[adlrvp_mchp:ro] [295/346] Building C object CMakeFiles/app.dir/mnt/host/source/src/platform/ec/build/zephyr/adlrvp_mchp/modules/ec/common/usb_pd_console_cmd.c.obj
[screebo:ro] [24/419] Building C object CMakeFiles/app.dir/mnt/host/source/src/platform/ec/zephyr/subsys/ap_pwrseq/ap_reset_log.c.obj
[adlrvp_mchp:ro] [296/346] Building C object CMakeFiles/app.dir/mnt/host/source/src/platform/ec/build/zephyr/adlrvp_mchp/modules/ec/common/usb_pd_host_cmd.c.obj
[adlrvp_mchp:ro] [297/346] Building C object CMakeFiles/app.dir/mnt/host/source/src/platform/ec/build/zephyr/adlrvp_mchp/modules/ec/zephyr/shim/src/tcpc.c.obj
[adlrvp_mchp:ro] [298/346] Building C object CMakeFiles/app.dir/mnt/host/source/src/platform/ec/build/zephyr/adlrvp_mchp/modules/ec/common/usbc/usb_pd_host.c.obj
[adlrvp_mchp:ro] [299/346] Building C object CMakeFiles/app.dir/mnt/host/source/src/platform/ec/build/zephyr/adlrvp_mchp/modules/ec/common/usb_pd_host_cmd_common.c.obj
[lotso:ro]   Disabling c_library
[lotso:ro] Call Stack (most recent call first):
[lotso:ro]   /mnt/host/source/src/third_party/zephyr/main/cmake/target_toolchain_flags.cmake:48 (include)
[lotso:ro]   /mnt/host/source/src/third_party/zephyr/main/cmake/modules/kernel.cmake:153 (include)
[lotso:ro]   /mnt/host/source/src/third_party/zephyr/main/cmake/modules/zephyr_default.cmake:138 (include)
[lotso:ro]   /mnt/host/source/src/third_party/zephyr/main/share/zephyr-package/cmake/ZephyrConfig.cmake:66 (include)
[lotso:ro]   /mnt/host/source/src/third_party/zephyr/main/share/zephyr-package/cmake/ZephyrConfig.cmake:97 (include_boilerplate)
[lotso:ro]   CMakeLists.txt:6 (find_package)
[lotso:ro] INFO: Verified 44 GPIOs, no duplicates found
[adlrvp_mchp:ro] [300/346] Building C object CMakeFiles/app.dir/mnt/host/source/src/platform/ec/build/zephyr/adlrvp_mchp/modules/ec/common/usbc_ocp.c.obj
[lotso:ro] INFO: Verified 25 '*-gpios' properties, all flags match.
[lotso:ro] INFO: Skipped 15 named-gpios children.
[adlrvp_mchp:ro] [301/346] Building C object CMakeFiles/app.dir/mnt/host/source/src/platform/ec/build/zephyr/adlrvp_mchp/modules/ec/common/usb_pd_discovery.c.obj
[lotso:rw] INFO: Skipped 15 named-gpios children.
[lotso:rw] INFO: Running CME, outputting to /mnt/host/source/src/platform/ec/build/zephyr/lotso/build-rw/zephyr/component_manifest.json
[lotso:rw] WARNING: Unknown or disabled I2C port: i2c@f04480(i2c_ec_pmc_pd)
[adlrvp_mchp:ro] [302/346] Building C object CMakeFiles/app.dir/mnt/host/source/src/platform/ec/build/zephyr/adlrvp_mchp/modules/ec/common/usb_pd_dual_role.c.obj
[adlrvp_mchp:ro] [303/346] Building C object CMakeFiles/app.dir/mnt/host/source/src/platform/ec/build/zephyr/adlrvp_mchp/modules/ec/driver/tcpm/tcpci.c.obj
[felino4es:rw] [239/371] cd /mnt/host/source/src/platform/ec/build/zephyr/felino4es/build-rw/modules/ec/zephyr && PYTHONPATH=/mnt/host/source/src/platform/ec/build/zephyr/felino4es/modules/ec/zephyr/zmake/ /usr/bin/python3.11 /mnt/host/source/src/platform/ec/build/zephyr/felino4es/modules/ec/zephyr/zmake/zephyr_build_tools/generate_ec_version.py /mnt/host/source/src/platform/ec/build/zephyr/felino4es/build-rw/modules/ec/zephyr/include/ec_version.h --name Zephyr-Kernel --version 16543.0.0 --static
[felino4es:rw] INFO:root:Using a static version string
[adlrvp_mchp:ro] [304/346] Building C object CMakeFiles/app.dir/mnt/host/source/src/platform/ec/build/zephyr/adlrvp_mchp/modules/ec/common/usbc_ppc.c.obj
[adlrvp_mchp:ro] [305/346] Building C object CMakeFiles/app.dir/mnt/host/source/src/platform/ec/build/zephyr/adlrvp_mchp/modules/ec/driver/tcpm/fusb302.c.obj
[felino4es:rw] INFO:root:Version string: Zephyr-Kernel-16543.0.0
[felino4es:rw] INFO:root:Writing header to /mnt/host/source/src/platform/ec/build/zephyr/felino4es/build-rw/modules/ec/zephyr/include/ec_version.h
[felino4es:rw] [240/371] Building C object CMakeFiles/app.dir/mnt/host/source/src/platform/ec/zephyr/subsys/ap_pwrseq/ap_events.c.obj
[adlrvp_mchp:ro] [306/346] Building C object CMakeFiles/app.dir/mnt/host/source/src/platform/ec/build/zephyr/adlrvp_mchp/modules/ec/driver/ppc/sn5s330.c.obj
[adlrvp_mchp:ro] [307/346] Building C object CMakeFiles/app.dir/mnt/host/source/src/platform/ec/build/zephyr/adlrvp_mchp/modules/ec/common/vboot_hash.c.obj
[felino4es:rw] [241/371] Building C object CMakeFiles/app.dir/mnt/host/source/src/platform/ec/zephyr/subsys/ap_pwrseq/ap_power_interface.c.obj
[adlrvp_mchp:ro] [308/346] Building C object CMakeFiles/app.dir/mnt/host/source/src/platform/ec/build/zephyr/adlrvp_mchp/modules/ec/common/vboot/efs2.c.obj
[adlrvp_mchp:ro] [309/346] Building C object CMakeFiles/app.dir/mnt/host/source/src/platform/ec/build/zephyr/adlrvp_mchp/modules/ec/common/vstore.c.obj
[felino4es:rw] [242/371] Building C object CMakeFiles/app.dir/mnt/host/source/src/platform/ec/zephyr/subsys/ap_pwrseq/power_signals.c.obj
[adlrvp_mchp:ro] [310/346] Building C object CMakeFiles/app.dir/mnt/host/source/src/platform/ec/build/zephyr/adlrvp_mchp/modules/ec/driver/led/max695x.c.obj
[adlrvp_mchp:ro] [311/346] Building C object CMakeFiles/app.dir/mnt/host/source/src/platform/ec/build/zephyr/adlrvp_mchp/modules/ec/common/math_util.c.obj
[felino4es:rw] [243/371] Building C object CMakeFiles/app.dir/mnt/host/source/src/platform/ec/zephyr/subsys/ap_pwrseq/signal_gpio.c.obj
[adlrvp_mchp:ro] [312/346] Building C object CMakeFiles/app.dir/src/intelrvp.c.obj
[felino4es:rw] [244/371] Building C object CMakeFiles/app.dir/mnt/host/source/src/platform/ec/zephyr/subsys/ap_pwrseq/signal_vw.c.obj
[adlrvp_mchp:ro] [313/346] Building C object CMakeFiles/app.dir/src/intel_rvp_board_id.c.obj
[adlrvp_mchp:ro] [314/346] Building C object CMakeFiles/app.dir/adlrvp/src/adlrvp.c.obj
[adlrvp_mchp:ro] [315/346] Building C object CMakeFiles/app.dir/src/usb_pd_policy_mecc_1_0.c.obj
[felino4es:rw] [245/371] Building C object CMakeFiles/app.dir/mnt/host/source/src/platform/ec/zephyr/subsys/ap_pwrseq/ap_pwrseq.c.obj
[adlrvp_mchp:ro] [316/346] Building C object CMakeFiles/app.dir/src/chg_usb_pd_mecc_1_0.c.obj
[felino4es:rw] [246/371] Building C object CMakeFiles/app.dir/mnt/host/source/src/platform/ec/zephyr/subsys/ap_pwrseq/ap_pwrseq_sm.c.obj
[adlrvp_mchp:ro] [317/346] Building C object CMakeFiles/app.dir/src/chg_usb_pd.c.obj
[skitty:ro] -- The C compiler identification is GNU 14.2.0
[felino4es:rw] [247/371] Building C object CMakeFiles/app.dir/mnt/host/source/src/platform/ec/zephyr/subsys/ap_pwrseq/power_host_sleep.c.obj
[adlrvp_mchp:ro] [318/346] Building C object zephyr/kernel/CMakeFiles/kernel.dir/fatal.c.obj
[felino4es:rw] [248/371] Building C object CMakeFiles/app.dir/mnt/host/source/src/platform/ec/zephyr/subsys/ap_pwrseq/x86_non_dsx_common_pwrseq_sm_handler.c.obj
[/mnt/host/source/src/platform/ec/build/zephyr/npcx_monitor-lcov] stderr:
[adlrvp_mchp:ro] [319/346] Building C object zephyr/kernel/CMakeFiles/kernel.dir/init.c.obj
[felino4es:rw] [249/371] Building C object CMakeFiles/app.dir/mnt/host/source/src/platform/ec/zephyr/subsys/ap_pwrseq/x86_non_dsx_chipset_power_state.c.obj
[adlrvp_mchp:ro] [320/346] Building C object zephyr/kernel/CMakeFiles/kernel.dir/kheap.c.obj
[felino4es:rw] [250/371] Building C object CMakeFiles/app.dir/mnt/host/source/src/platform/ec/zephyr/subsys/ap_pwrseq/x86_non_dsx_common_pwrseq_host_sleep.c.obj
[adlrvp_mchp:ro] [321/346] Building C object zephyr/kernel/CMakeFiles/kernel.dir/mem_slab.c.obj
[felino4es:rw] [251/371] Building C object CMakeFiles/app.dir/mnt/host/source/src/platform/ec/zephyr/subsys/ap_pwrseq/x86_non_dsx_common_pwrseq_console.c.obj
[adlrvp_mchp:ro] [322/346] Building C object zephyr/kernel/CMakeFiles/kernel.dir/float.c.obj
[/mnt/host/source/src/platform/ec/build/zephyr/npcx_monitor-lcov]   /mnt/host/source/src/platform/ec/build/zephyr/npcx_monitor/build-singleimage/modules/ec/zephyr/CMakeFiles/ec_shim.dir/mnt/host/source/src/third_party/zephyr/main/misc/empty_file.c.gcno:no functions found
[/mnt/host/source/src/platform/ec/build/zephyr/npcx_monitor-lcov] geninfo: WARNING: using JSON module "JSON::PP" - which is much slower than some alternatives.  Consider installing one of JSON::XS or Cpanel::JSON::XS
[adlrvp_mchp:ro] [323/346] Building C object zephyr/kernel/CMakeFiles/kernel.dir/version.c.obj
[felino4es:rw] [252/371] Building C object CMakeFiles/app.dir/mnt/host/source/src/platform/ec/zephyr/subsys/ap_pwrseq/x86_non_dsx_common_pwrseq_host_command.c.obj
[adlrvp_mchp:ro] [324/346] Building C object zephyr/kernel/CMakeFiles/kernel.dir/idle.c.obj
[felino4es:rw] [253/371] Building C object CMakeFiles/app.dir/mnt/host/source/src/platform/ec/zephyr/subsys/ap_pwrseq/x86_non_dsx_mtl_pwrseq_sm.c.obj
[adlrvp_mchp:ro] [325/346] Building C object zephyr/kernel/CMakeFiles/kernel.dir/mailbox.c.obj
[lotso:rw] -- warning_base_override: -Wall;-Wformat;-Wformat-security;-Wformat;-Wno-format-zero-length;-Wno-pointer-sign;-Wpointer-arith;-Wexpansion-to-defined
[adlrvp_mchp:ro] [326/346] Building C object zephyr/kernel/CMakeFiles/kernel.dir/msg_q.c.obj
[felino4es:rw] [254/371] Building C object CMakeFiles/app.dir/mnt/host/source/src/platform/ec/zephyr/subsys/ap_pwrseq/ap_reset_log.c.obj
[gothrax:rw] [4/405] Generating misc/generated/syscalls.json, misc/generated/struct_tags.json
[adlrvp_mchp:ro] [327/346] Building C object zephyr/kernel/CMakeFiles/kernel.dir/mutex.c.obj
[felino4es:rw] [255/371] Building C object CMakeFiles/app.dir/mnt/host/source/src/platform/ec/zephyr/subsys/pd_controller/pdc_pmc_debug.c.obj
[adlrvp_mchp:ro] [328/346] Building C object zephyr/kernel/CMakeFiles/kernel.dir/queue.c.obj
[felino4es:rw] [256/371] Building C object CMakeFiles/app.dir/mnt/host/source/src/platform/ec/zephyr/subsys/pd_controller/retimer_fw_update.c.obj
[lotso:ro] -- Generating component manifest file
[adlrvp_mchp:ro] [329/346] Linking C static library app/libapp.a
[felino4es:rw] [257/371] Building C object CMakeFiles/app.dir/mnt/host/source/src/platform/ec/zephyr/subsys/pd_controller/pdc_power_mgmt.c.obj
[adlrvp_mchp:ro] [330/346] Building C object zephyr/kernel/CMakeFiles/kernel.dir/sem.c.obj
[felino4es:rw] [258/371] Building C object CMakeFiles/app.dir/mnt/host/source/src/platform/ec/zephyr/subsys/pd_controller/pdc_console.c.obj
[adlrvp_mchp:ro] [331/346] Building C object zephyr/kernel/CMakeFiles/kernel.dir/stack.c.obj
[felino4es:rw] [259/371] Building C object CMakeFiles/app.dir/mnt/host/source/src/platform/ec/zephyr/subsys/pd_controller/pdc_host_cmd.c.obj
[adlrvp_mchp:ro] [332/346] Building C object zephyr/kernel/CMakeFiles/kernel.dir/work.c.obj
[adlrvp_mchp:ro] [333/346] Building C object zephyr/kernel/CMakeFiles/kernel.dir/system_work_q.c.obj
[felino4es:rw] [260/371] Building C object CMakeFiles/app.dir/mnt/host/source/src/platform/ec/zephyr/subsys/pd_controller/pdc_stub.c.obj
[adlrvp_mchp:ro] [334/346] Building C object zephyr/kernel/CMakeFiles/kernel.dir/condvar.c.obj
[adlrvp_mchp:ro] [335/346] Building C object zephyr/kernel/CMakeFiles/kernel.dir/thread.c.obj
[gothrax:rw] [5/405] Generating include/generated/zephyr/syscall_dispatch.c, include/generated/zephyr/syscall_exports_llext.c, syscall_weakdefs_llext.c, include/generated/zephyr/syscall_list.h
[felino4es:rw] [261/371] Building C object CMakeFiles/app.dir/mnt/host/source/src/platform/ec/zephyr/subsys/pd_controller/pdc_dpm.c.obj
[adlrvp_mchp:ro] [336/346] Building C object zephyr/kernel/CMakeFiles/kernel.dir/pipe.c.obj
[adlrvp_mchp:ro] [337/346] Building C object zephyr/kernel/CMakeFiles/kernel.dir/sched.c.obj
[felino4es:rw] [262/371] Building C object CMakeFiles/app.dir/mnt/host/source/src/platform/ec/zephyr/subsys/ucsi/ppm_common.c.obj
[adlrvp_mchp:ro] [338/346] Building C object zephyr/kernel/CMakeFiles/kernel.dir/thread_monitor.c.obj
[skitty:rw] -- Performing EC specific devicetree checks
[adlrvp_mchp:ro] [339/346] Building C object zephyr/kernel/CMakeFiles/kernel.dir/spinlock_validate.c.obj
[felino4es:rw] [263/371] Building C object CMakeFiles/app.dir/mnt/host/source/src/platform/ec/zephyr/subsys/ucsi/ppm_console.c.obj
[screebo:ro] [25/419] Building C object CMakeFiles/app.dir/mnt/host/source/src/platform/ec/build/zephyr/screebo/modules/ec/builtin/stdlib.c.obj
[adlrvp_mchp:ro] [340/346] Building C object zephyr/kernel/CMakeFiles/kernel.dir/timeout.c.obj
[felino4es:rw] [264/371] Building C object CMakeFiles/app.dir/mnt/host/source/src/platform/ec/zephyr/subsys/ucsi/ppm_driver.c.obj
[adlrvp_mchp:ro] [341/346] Building C object zephyr/kernel/CMakeFiles/kernel.dir/poll.c.obj
[skitty:ro] -- The CXX compiler identification is GNU 14.2.0
[felino4es:rw] [265/371] Building C object CMakeFiles/app.dir/mnt/host/source/src/platform/ec/zephyr/subsys/ucsi/ucsi_host_cmd.c.obj
[adlrvp_mchp:ro] [342/346] Building C object zephyr/kernel/CMakeFiles/kernel.dir/timer.c.obj
[adlrvp_mchp:ro] [343/346] Building C object zephyr/kernel/CMakeFiles/kernel.dir/events.c.obj
[adlrvp_mchp:ro] [344/346] Building C object zephyr/kernel/CMakeFiles/kernel.dir/dynamic_disabled.c.obj
[gothrax:ro] Building: /usr/bin/ninja -C /mnt/host/source/src/platform/ec/build/zephyr/gothrax/build-ro all.libraries
Running `env -i SHELL=/bin/bash COLORTERM=truecolor DEPOT_TOOLS_UPDATE=0 LESS='-R -M --shift 5' SUDO_GID=0 JDK_HOME=/etc/java-config-2/current-system-vm CONFIG_PROTECT_MASK='/etc/gentoo-release /etc/sandbox.d /etc/fonts/fonts.conf /etc/terminfo /etc/ca-certificates.conf /etc/revdep-rebuild' CHROMEOS_CACHEDIR=/var/cache/chromeos-cache JAVA_HOME=/etc/java-config-2/current-system-vm SSH_AUTH_SOCK=/tmp/ssh-auth-sock SUDO_COMMAND=/bin/bash SUDO_USER=root SUDO_TTY=/dev/pts/2 EDITOR=/usr/bin/vi PWD=/mnt/host/source/src/platform/ec CONFIG_PROTECT=/usr/share/gnupg/qualified.txt LOGNAME=jpmurphy MANPATH=/etc/java-config-2/current-system-vm/man:/usr/local/share/man:/usr/share/man:/usr/share/gcc-data/x86_64-pc-linux-gnu/10.2.0/man:/usr/share/binutils-data/x86_64-pc-linux-gnu/2.45/man:/etc/java-config-2/current-system-vm/man/ SUDO_HOME=/root XAUTHORITY=/run/user/944457/gdm/Xauthority HOME=/home/jpmurphy LANG=C.UTF-8 LS_COLORS='rs=0:di=01;34:ln=01;36:mh=00:pi=40;33:so=01;35:do=01;35:bd=40;33;01:cd=40;33;01:or=01;05;37;41:mi=01;05;37;41:su=37;41:sg=30;43:ca=30;41:tw=30;42:ow=34;42:st=37;44:ex=01;32:*.tar=01;31:*.tgz=01;31:*.arc=01;31:*.arj=01;31:*.taz=01;31:*.lha=01;31:*.lz4=01;31:*.lzh=01;31:*.lzma=01;31:*.tlz=01;31:*.txz=01;31:*.tzo=01;31:*.t7z=01;31:*.zip=01;31:*.z=01;31:*.dz=01;31:*.gz=01;31:*.lrz=01;31:*.lz=01;31:*.lzo=01;31:*.xz=01;31:*.zst=01;31:*.tzst=01;31:*.bz2=01;31:*.bz=01;31:*.tbz=01;31:*.tbz2=01;31:*.tz=01;31:*.deb=01;31:*.rpm=01;31:*.jar=01;31:*.war=01;31:*.ear=01;31:*.sar=01;31:*.rar=01;31:*.alz=01;31:*.ace=01;31:*.zoo=01;31:*.cpio=01;31:*.7z=01;31:*.rz=01;31:*.cab=01;31:*.wim=01;31:*.swm=01;31:*.dwm=01;31:*.esd=01;31:*.jpg=01;35:*.jpeg=01;35:*.mjpg=01;35:*.mjpeg=01;35:*.gif=01;35:*.bmp=01;35:*.pbm=01;35:*.pgm=01;35:*.ppm=01;35:*.tga=01;35:*.xbm=01;35:*.xpm=01;35:*.tif=01;35:*.tiff=01;35:*.png=01;35:*.svg=01;35:*.svgz=01;35:*.mng=01;35:*.pcx=01;35:*.mov=01;35:*.mpg=01;35:*.mpeg=01;35:*.m2v=01;35:*.mkv=01;35:*.webm=01;35:*.webp=01;35:*.ogm=01;35:*.mp4=01;35:*.m4v=01;35:*.mp4v=01;35:*.vob=01;35:*.qt=01;35:*.nuv=01;35:*.wmv=01;35:*.asf=01;35:*.rm=01;35:*.rmvb=01;35:*.flc=01;35:*.avi=01;35:*.fli=01;35:*.flv=01;35:*.gl=01;35:*.dl=01;35:*.xcf=01;35:*.xwd=01;35:*.yuv=01;35:*.cgm=01;35:*.emf=01;35:*.ogv=01;35:*.ogx=01;35:*.cfg=00;32:*.conf=00;32:*.diff=00;32:*.doc=00;32:*.ini=00;32:*.log=00;32:*.patch=00;32:*.pdf=00;32:*.ps=00;32:*.tex=00;32:*.txt=00;32:*.aac=00;36:*.au=00;36:*.flac=00;36:*.m4a=00;36:*.mid=00;36:*.midi=00;36:*.mka=00;36:*.mp3=00;36:*.mpc=00;36:*.ogg=00;36:*.ra=00;36:*.wav=00;36:*.oga=00;36:*.opus=00;36:*.spx=00;36:*.xspf=00;36:' XDG_CURRENT_DESKTOP=GNOME INFOPATH=/usr/share/info:/usr/share/gcc-data/x86_64-pc-linux-gnu/10.2.0/info:/usr/share/binutils-data/x86_64-pc-linux-gnu/2.45/info:/usr/share/automake-1.16.5/info JAVAC=/etc/java-config-2/current-system-vm/bin/javac TERM=xterm-256color LESSOPEN='|lesspipe %s' USER=jpmurphy CROS_WORKON_SRCROOT=/mnt/host/source MANPAGER=manpager DISPLAY=:1 SHLVL=1 LC_MESSAGES=C EXTERNAL_TRUNK_PATH=/mnt/8f9d649a-3721-44cc-93c0-e6bd21a9689f/chromiumos GCC_SPECS='' PATH=/mnt/host/source/chromite/bin:/usr/local/bin:/usr/bin:/bin:/opt/bin:/mnt/host/source/chromite/sdk/bin:/mnt/host/source/chromite/bin PORTAGE_USERNAME=jpmurphy SUDO_UID=0 GCC_VER=10.2.0 MAIL=/var/mail/jpmurphy OLDPWD=/mnt/host/source/src/scripts traceparent=00-e87aca51550a78635907baa6a2476181-6d684811675d2973-01 _=./zephyr/firmware_builder.py COREBOOT_SDK_ROOT_x86=/home/jpmurphy/.cache/coreboot-sdk/i386-elf/dfbb0486385d938cfa9d73080b9d18d598ed4f49 COREBOOT_SDK_ROOT_picolibc_x86=/home/jpmurphy/.cache/coreboot-sdk/picolibc-i386-elf/eb8e8e687b95461de8cbf278f1c2076952d0ad17 COREBOOT_SDK_ROOT_riscv64=/home/jpmurphy/.cache/coreboot-sdk/riscv64-elf/96b949749225b6aaa92ed810ab769e8dfb12f000 COREBOOT_SDK_ROOT_picolibc_arm=/home/jpmurphy/.cache/coreboot-sdk/picolibc-arm-eabi/422a2aa3e1ef891b5bece9a3deb696ff83840d2e COREBOOT_SDK_ROOT_nds32=/home/jpmurphy/.cache/coreboot-sdk/nds32le-elf/d1a518c4a097666d86058e1444f85ca015d15511 COREBOOT_SDK_ROOT_picolibc_riscv64=/home/jpmurphy/.cache/coreboot-sdk/picolibc-riscv64-elf/f571e990ef0278564b31124f8bb109d9a697eb69 COREBOOT_SDK_ROOT_arm=/home/jpmurphy/.cache/coreboot-sdk/arm-eabi/ea40ddd1d190c3b48435c474c0b545719371813a COREBOOT_SDK_ROOT_libstdcxx_riscv64=/home/jpmurphy/.cache/coreboot-sdk/libstdcxx-riscv64-elf/17abf22a3a252e2d5d2062ced5324f7a623689e0 COREBOOT_SDK_ROOT_libstdcxx_arm=/home/jpmurphy/.cache/coreboot-sdk/libstdcxx-arm-eabi/5d7d82e150e44aa1968f1d366e267e6687b328ac COREBOOT_SDK_ROOT_riscv=/home/jpmurphy/.cache/coreboot-sdk/riscv-elf/9a27b9e82341c6e9126624f516ab3f261abb3e73 COREBOOT_SDK_ROOT_libstdcxx_x86=/home/jpmurphy/.cache/coreboot-sdk/libstdcxx-i386-elf/42ef9d2e87a76a37963175d7d428734e65648b87 PYTHONPATH=/mnt/host/source/src/platform/ec/zephyr/zmake PW_PIGWEED_CIPD_INSTALL_DIR=/usr CROSTC_USER_ACKNOWLEDGES_THAT_RISCV_IS_EXPERIMENTAL=1 MAKEFLAGS=' -j16 --jobserver-auth=5,6' /usr/bin/ninja -C /mnt/host/source/src/platform/ec/build/zephyr/gothrax/build-ro all.libraries`
[adlrvp_mchp:ro] [345/346] Building C object zephyr/kernel/CMakeFiles/kernel.dir/mempool.c.obj
[felino4es:rw] [266/371] Building C object CMakeFiles/app.dir/mnt/host/source/src/platform/ec/build/zephyr/felino4es/modules/ec/builtin/stdlib.c.obj
[gothrax:ro] ninja: Entering directory `/mnt/host/source/src/platform/ec/build/zephyr/gothrax/build-ro'
[felino4es:rw] [267/371] Building C object CMakeFiles/app.dir/mnt/host/source/src/platform/ec/build/zephyr/felino4es/modules/ec/common/base32.c.obj
[felino4es:rw] [268/371] Building C object CMakeFiles/app.dir/mnt/host/source/src/platform/ec/build/zephyr/felino4es/modules/ec/common/console_output.c.obj
[felino4es:rw] [269/371] Building C object CMakeFiles/app.dir/mnt/host/source/src/platform/ec/build/zephyr/felino4es/modules/ec/common/ec_features.c.obj
[felino4es:rw] [270/371] Building C object CMakeFiles/app.dir/mnt/host/source/src/platform/ec/build/zephyr/felino4es/modules/ec/common/gpio_commands.c.obj
[lotso:ro] INFO: Running CME, outputting to /mnt/host/source/src/platform/ec/build/zephyr/lotso/build-ro/zephyr/component_manifest.json
[lotso:ro] WARNING: Unknown or disabled I2C port: i2c@f04480(i2c_ec_pmc_pd)
[skitty:rw]   Disabling c_library
[skitty:rw] Call Stack (most recent call first):
[skitty:rw]   /mnt/host/source/src/third_party/zephyr/main/cmake/target_toolchain_flags.cmake:48 (include)
[skitty:rw]   /mnt/host/source/src/third_party/zephyr/main/cmake/modules/kernel.cmake:153 (include)
[skitty:rw]   /mnt/host/source/src/third_party/zephyr/main/cmake/modules/zephyr_default.cmake:138 (include)
[skitty:rw]   /mnt/host/source/src/third_party/zephyr/main/share/zephyr-package/cmake/ZephyrConfig.cmake:66 (include)
[skitty:rw]   /mnt/host/source/src/third_party/zephyr/main/share/zephyr-package/cmake/ZephyrConfig.cmake:97 (include_boilerplate)
[skitty:rw]   CMakeLists.txt:7 (find_package)
[skitty:rw] INFO: Verified 43 GPIOs, no duplicates found
[skitty:rw] INFO: Verified 26 '*-gpios' properties, all flags match.
[lotso:rw] -- Found gen_kobject_list: /mnt/host/source/src/third_party/zephyr/main/scripts/build/gen_kobject_list.py
[skitty:rw] INFO: Skipped 0 named-gpios children.
[felino4es:rw] [271/371] Building C object CMakeFiles/app.dir/mnt/host/source/src/platform/ec/build/zephyr/felino4es/modules/ec/common/peripheral.c.obj
[skitty:ro] -- The ASM compiler identification is GNU
[felino4es:rw] [272/371] Building C object CMakeFiles/app.dir/mnt/host/source/src/platform/ec/build/zephyr/felino4es/modules/ec/common/printf.c.obj
[skitty:ro] -- Found assembler: /home/jpmurphy/.cache/coreboot-sdk/riscv64-elf/96b949749225b6aaa92ed810ab769e8dfb12f000/bin/riscv64-elf-gcc
[lotso:ro] -- warning_base_override: -Wall;-Wformat;-Wformat-security;-Wformat;-Wno-format-zero-length;-Wno-pointer-sign;-Wpointer-arith;-Wexpansion-to-defined
[adlrvp_mchp:ro] [346/346] Linking C static library zephyr/kernel/libkernel.a
[felino4es:rw] [273/371] Building C object CMakeFiles/app.dir/mnt/host/source/src/platform/ec/build/zephyr/felino4es/modules/ec/common/queue.c.obj
[skitty:ro] warning: The choice symbol PLATFORM_EC_ACCELGYRO_ICM_COMM_I2C (defined at
[felino4es:rw] [274/371] Building C object CMakeFiles/app.dir/mnt/host/source/src/platform/ec/build/zephyr/felino4es/modules/ec/common/system.c.obj
[skitty:ro] /mnt/host/source/src/platform/ec/zephyr/Kconfig.accelgyro_icm:23) was selected (set =y), but no
[skitty:ro] symbol ended up as the choice selection. See
[skitty:ro] http://docs.zephyrproject.org/latest/kconfig.html#CONFIG_PLATFORM_EC_ACCELGYRO_ICM_COMM_I2C and/or
[skitty:ro] look up PLATFORM_EC_ACCELGYRO_ICM_COMM_I2C in the menuconfig/guiconfig interface. The Application
[skitty:ro] Development Primer, Setting Configuration Values, and Kconfig - Tips and Best Practices sections of
[skitty:ro] the manual might be helpful too.
[skitty:ro] warning: Deprecated symbol I2C_ALLOW_NO_STOP_TRANSACTIONS is enabled.
[skitty:ro] CMake Warning at /mnt/host/source/src/platform/ec/zephyr/cmake/linker/ld/linker_libraries.cmake:11 (message):
[skitty:ro]   Disabling c_library
[gothrax:rw] [6/405] Generating include/generated/zephyr/driver-validation.h
[felino4es:rw] [275/371] Building C object CMakeFiles/app.dir/mnt/host/source/src/platform/ec/build/zephyr/felino4es/modules/ec/common/system_boot_time.c.obj
[felino4es:rw] [276/371] Building C object CMakeFiles/app.dir/mnt/host/source/src/platform/ec/build/zephyr/felino4es/modules/ec/common/uart_printf.c.obj
[screebo:ro] [26/419] Building C object CMakeFiles/app.dir/mnt/host/source/src/platform/ec/build/zephyr/screebo/modules/ec/common/base32.c.obj
[gothrax:rw] [7/405] Generating include/generated/device-api-sections.ld, include/generated/device-api-sections.cmake
[felino4es:rw] [277/371] Building C object CMakeFiles/app.dir/mnt/host/source/src/platform/ec/build/zephyr/felino4es/modules/ec/common/util.c.obj
[lotso:rw] CMake Warning at /mnt/host/source/src/third_party/zephyr/main/CMakeLists.txt:2359 (message):
[lotso:rw]   __ASSERT() statements are globally ENABLED
[felino4es:rw] [278/371] Building C object CMakeFiles/app.dir/mnt/host/source/src/platform/ec/build/zephyr/felino4es/modules/ec/common/version.c.obj
[felino4es:rw] [279/371] Building C object CMakeFiles/app.dir/mnt/host/source/src/platform/ec/build/zephyr/felino4es/modules/ec/common/power_button_x86.c.obj
[screebo:ro] [27/419] Building C object CMakeFiles/app.dir/mnt/host/source/src/platform/ec/build/zephyr/screebo/modules/ec/common/console_output.c.obj
[felino4es:rw] [280/371] Building C object CMakeFiles/app.dir/mnt/host/source/src/platform/ec/build/zephyr/felino4es/modules/ec/common/adc.c.obj
[felino4es:rw] [281/371] Building C object CMakeFiles/app.dir/mnt/host/source/src/platform/ec/build/zephyr/felino4es/modules/ec/common/acpi.c.obj
[gothrax:rw] [8/405] cd /mnt/host/source/src/platform/ec/build/zephyr/gothrax/build-rw/modules/ec/zephyr && PYTHONPATH=/mnt/host/source/src/platform/ec/build/zephyr/gothrax/modules/ec/zephyr/zmake/ /usr/bin/python3.11 /mnt/host/source/src/platform/ec/build/zephyr/gothrax/modules/ec/zephyr/zmake/zephyr_build_tools/generate_ec_version.py /mnt/host/source/src/platform/ec/build/zephyr/gothrax/build-rw/modules/ec/zephyr/include/ec_version.h --name Zephyr-Kernel --version 16543.0.0 --static
[gothrax:rw] INFO:root:Using a static version string
[felino4es:rw] [282/371] Building C object CMakeFiles/app.dir/mnt/host/source/src/platform/ec/build/zephyr/felino4es/modules/ec/common/battery.c.obj
[gothrax:rw] INFO:root:Version string: Zephyr-Kernel-16543.0.0
[gothrax:rw] INFO:root:Writing header to /mnt/host/source/src/platform/ec/build/zephyr/gothrax/build-rw/modules/ec/zephyr/include/ec_version.h
[gothrax:rw] [9/405] Generating include/generated/zephyr/kobj-types-enum.h, include/generated/zephyr/otype-to-str.h, include/generated/zephyr/otype-to-size.h
[felino4es:rw] [283/371] Building C object CMakeFiles/app.dir/mnt/host/source/src/platform/ec/build/zephyr/felino4es/modules/ec/common/battery_info.c.obj
[skitty:rw] -- Generating component manifest file
[gothrax:ro] [1/405] Preparing syscall dependency handling
[felino4es:rw] [284/371] Building C object CMakeFiles/app.dir/mnt/host/source/src/platform/ec/build/zephyr/felino4es/modules/ec/common/battery_fuel_gauge.c.obj
[gothrax:rw] [10/405] Building C object zephyr/CMakeFiles/offsets.dir/arch/riscv/core/offsets/offsets.c.obj
[felino4es:rw] [285/371] Building C object CMakeFiles/app.dir/mnt/host/source/src/platform/ec/build/zephyr/felino4es/modules/ec/driver/battery/smart.c.obj
[lotso:rw] -- Configuring done (15.2s)
[felino4es:rw] [286/371] Building C object CMakeFiles/app.dir/mnt/host/source/src/platform/ec/build/zephyr/felino4es/modules/ec/driver/charger/bq25710.c.obj
[felino4es:rw] [287/371] Building C object CMakeFiles/app.dir/mnt/host/source/src/platform/ec/build/zephyr/felino4es/modules/ec/common/charger.c.obj
[gothrax:ro] [2/405] Generating misc/generated/syscalls_subdirs.trigger
[lotso:ro] -- Found gen_kobject_list: /mnt/host/source/src/third_party/zephyr/main/scripts/build/gen_kobject_list.py
[screebo:ro] [28/419] Building C object CMakeFiles/app.dir/mnt/host/source/src/platform/ec/build/zephyr/screebo/modules/ec/common/ec_features.c.obj
[felino4es:rw] [288/371] Building C object CMakeFiles/app.dir/mnt/host/source/src/platform/ec/build/zephyr/felino4es/modules/ec/common/charge_state.c.obj
[felino4es:rw] [289/371] Building C object CMakeFiles/app.dir/mnt/host/source/src/platform/ec/build/zephyr/felino4es/modules/ec/common/charge_manager.c.obj
[felino4es:rw] [290/371] Building C object CMakeFiles/app.dir/mnt/host/source/src/platform/ec/build/zephyr/felino4es/modules/ec/common/cbi_common.c.obj
[lotso:ro] CMake Warning at /mnt/host/source/src/third_party/zephyr/main/CMakeLists.txt:2359 (message):
[lotso:ro]   __ASSERT() statements are globally ENABLED
[felino4es:rw] [291/371] Building C object CMakeFiles/app.dir/mnt/host/source/src/platform/ec/build/zephyr/felino4es/modules/ec/common/cbi.c.obj
[gothrax:rw] [11/405] Generating include/generated/zephyr/offsets.h
[felino4es:rw] [292/371] Building C object CMakeFiles/app.dir/mnt/host/source/src/platform/ec/build/zephyr/felino4es/modules/ec/common/cbi_config.c.obj
[gothrax:rw] [12/405] Building C object CMakeFiles/app.dir/mnt/host/source/src/platform/ec/zephyr/subsys/ap_pwrseq/ap_events.c.obj
[skitty:rw] INFO: Running CME, outputting to /mnt/host/source/src/platform/ec/build/zephyr/skitty/build-rw/zephyr/component_manifest.json
[skitty:rw] INFO: Project skitty does not support SSFC
[skitty:rw] INFO: Component usbpd@f03700(ite,it8xxx2-usbpd) not on I2C bus, skip it
[skitty:rw] INFO: Component virtual-mux-0(cros-ec,usbc-mux-virtual) not on I2C bus, skip it
[skitty:rw] INFO: No motionsense-sensor node found
[felino4es:rw] [293/371] Building C object CMakeFiles/app.dir/mnt/host/source/src/platform/ec/build/zephyr/felino4es/modules/ec/common/memory_commands.c.obj
[gothrax:rw] [13/405] Building C object CMakeFiles/app.dir/mnt/host/source/src/platform/ec/zephyr/subsys/ap_pwrseq/ap_power_interface.c.obj
[felino4es:rw] [294/371] Building C object CMakeFiles/app.dir/mnt/host/source/src/platform/ec/build/zephyr/felino4es/modules/ec/common/dptf.c.obj
[gothrax:rw] [14/405] Building C object CMakeFiles/app.dir/mnt/host/source/src/platform/ec/zephyr/subsys/ap_pwrseq/power_signals.c.obj
[felino4es:rw] [295/371] Building C object CMakeFiles/app.dir/mnt/host/source/src/platform/ec/build/zephyr/felino4es/modules/ec/common/ap_reset_log.c.obj
[gothrax:rw] [15/405] Building C object CMakeFiles/app.dir/mnt/host/source/src/platform/ec/zephyr/subsys/ap_pwrseq/signal_gpio.c.obj
[felino4es:rw] [296/371] Building C object CMakeFiles/app.dir/mnt/host/source/src/platform/ec/build/zephyr/felino4es/modules/ec/common/espi.c.obj
[skitty:ro] -- Performing EC specific devicetree checks
[felino4es:rw] [297/371] Building C object CMakeFiles/app.dir/mnt/host/source/src/platform/ec/build/zephyr/felino4es/modules/ec/common/extpower_common.c.obj
[gothrax:rw] [16/405] Building C object CMakeFiles/app.dir/mnt/host/source/src/platform/ec/zephyr/subsys/ap_pwrseq/signal_vw.c.obj
[gothrax:rw] [17/405] Building C object CMakeFiles/app.dir/mnt/host/source/src/platform/ec/zephyr/subsys/ap_pwrseq/signal_adc.c.obj
[lotso:ro] -- Configuring done (15.5s)
[gothrax:rw] [18/405] Building C object CMakeFiles/app.dir/mnt/host/source/src/platform/ec/zephyr/subsys/ap_pwrseq/power_host_sleep.c.obj
[felino4es:rw] [298/371] Building C object CMakeFiles/app.dir/mnt/host/source/src/platform/ec/build/zephyr/felino4es/modules/ec/common/extpower_gpio.c.obj
[gothrax:rw] [19/405] Building C object CMakeFiles/app.dir/mnt/host/source/src/platform/ec/zephyr/subsys/ap_pwrseq/x86_non_dsx_common_pwrseq_sm_handler.c.obj
[felino4es:rw] [299/371] Building C object CMakeFiles/app.dir/mnt/host/source/src/platform/ec/build/zephyr/felino4es/modules/ec/common/fan.c.obj
[gothrax:ro] [3/405] Generating include/generated/zephyr/version.h
[gothrax:rw] [20/405] Building C object CMakeFiles/app.dir/mnt/host/source/src/platform/ec/zephyr/subsys/ap_pwrseq/x86_non_dsx_chipset_power_state.c.obj
[gothrax:rw] [21/405] Building C object CMakeFiles/app.dir/mnt/host/source/src/platform/ec/zephyr/subsys/ap_pwrseq/x86_non_dsx_common_pwrseq_host_sleep.c.obj
[gothrax:rw] [22/405] Building C object CMakeFiles/app.dir/mnt/host/source/src/platform/ec/zephyr/subsys/ap_pwrseq/x86_non_dsx_common_pwrseq_console.c.obj
[felino4es:rw] [300/371] Building C object CMakeFiles/app.dir/mnt/host/source/src/platform/ec/build/zephyr/felino4es/modules/ec/common/flash.c.obj
[lotso:rw] -- Generating done (0.4s)
[lotso:rw] -- Build files have been written to: /mnt/host/source/src/platform/ec/build/zephyr/lotso/build-rw
[lotso:rw] CMake Warning:
[skitty:ro] Call Stack (most recent call first):
[felino4es:rw] [301/371] Building C object CMakeFiles/app.dir/mnt/host/source/src/platform/ec/build/zephyr/felino4es/modules/ec/common/host_command.c.obj
[gothrax:rw] [23/405] Building C object CMakeFiles/app.dir/mnt/host/source/src/platform/ec/zephyr/subsys/ap_pwrseq/x86_non_dsx_common_pwrseq_host_command.c.obj
[skitty:ro]   /mnt/host/source/src/third_party/zephyr/main/cmake/target_toolchain_flags.cmake:48 (include)
[skitty:ro]   /mnt/host/source/src/third_party/zephyr/main/cmake/modules/kernel.cmake:153 (include)
[skitty:ro]   /mnt/host/source/src/third_party/zephyr/main/cmake/modules/zephyr_default.cmake:138 (include)
[skitty:ro]   /mnt/host/source/src/third_party/zephyr/main/share/zephyr-package/cmake/ZephyrConfig.cmake:66 (include)
[skitty:ro]   /mnt/host/source/src/third_party/zephyr/main/share/zephyr-package/cmake/ZephyrConfig.cmake:97 (include_boilerplate)
[skitty:ro]   CMakeLists.txt:7 (find_package)
[skitty:ro] INFO: Verified 43 GPIOs, no duplicates found
[gothrax:rw] [24/405] Building C object CMakeFiles/app.dir/mnt/host/source/src/platform/ec/zephyr/subsys/ap_pwrseq/x86_non_dsx_adlp_pwrseq_sm.c.obj
[felino4es:rw] [302/371] Building C object CMakeFiles/app.dir/mnt/host/source/src/platform/ec/build/zephyr/felino4es/modules/ec/common/host_command_task.c.obj
[gothrax:ro] -- git describe warned: warning: tag 'upstream/v2.7.99' is externally known as 'v2.7.99'
[gothrax:ro] -- Zephyr version: 4.3.99 (/mnt/host/source/src/third_party/zephyr/main)
[gothrax:ro] [4/405] cd /mnt/host/source/src/platform/ec/build/zephyr/gothrax/build-ro/modules/ec/zephyr && PYTHONPATH=/mnt/host/source/src/platform/ec/build/zephyr/gothrax/modules/ec/zephyr/zmake/ /usr/bin/python3.11 /mnt/host/source/src/platform/ec/build/zephyr/gothrax/modules/ec/zephyr/zmake/zephyr_build_tools/generate_ec_version.py /mnt/host/source/src/platform/ec/build/zephyr/gothrax/build-ro/modules/ec/zephyr/include/ec_version.h --name Zephyr-Kernel --version 16543.0.0 --static
[gothrax:rw] [25/405] Building C object CMakeFiles/app.dir/mnt/host/source/src/platform/ec/zephyr/subsys/ap_pwrseq/ap_reset_log.c.obj
[felino4es:rw] [303/371] Building C object CMakeFiles/app.dir/mnt/host/source/src/platform/ec/build/zephyr/felino4es/modules/ec/common/host_event_commands.c.obj
[gothrax:rw] [26/405] Building C object CMakeFiles/app.dir/mnt/host/source/src/platform/ec/build/zephyr/gothrax/modules/ec/builtin/stdlib.c.obj
[felino4es:rw] [304/371] Building C object CMakeFiles/app.dir/mnt/host/source/src/platform/ec/build/zephyr/felino4es/modules/ec/common/uart_hostcmd.c.obj
[gothrax:rw] [27/405] Building C object CMakeFiles/app.dir/mnt/host/source/src/platform/ec/build/zephyr/gothrax/modules/ec/common/base32.c.obj
[felino4es:rw] [305/371] Building C object CMakeFiles/app.dir/mnt/host/source/src/platform/ec/build/zephyr/felino4es/modules/ec/common/uptime.c.obj
[felino4es:rw] [306/371] Building C object CMakeFiles/app.dir/mnt/host/source/src/platform/ec/build/zephyr/felino4es/modules/ec/common/i2c_controller.c.obj
[gothrax:rw] [28/405] Building C object CMakeFiles/app.dir/mnt/host/source/src/platform/ec/build/zephyr/gothrax/modules/ec/common/console_output.c.obj
[skitty:rw] -- warning_base_override: -Wall;-Wformat;-Wformat-security;-Wformat;-Wno-format-zero-length;-Wno-pointer-sign;-Wpointer-arith;-Wexpansion-to-defined
[gothrax:rw] [29/405] Building C object CMakeFiles/app.dir/mnt/host/source/src/platform/ec/build/zephyr/gothrax/modules/ec/common/ec_features.c.obj
[screebo:ro] [29/419] Building C object CMakeFiles/app.dir/mnt/host/source/src/platform/ec/build/zephyr/screebo/modules/ec/common/gpio_commands.c.obj
[gothrax:rw] [30/405] Building C object CMakeFiles/app.dir/mnt/host/source/src/platform/ec/build/zephyr/gothrax/modules/ec/common/gpio_commands.c.obj
[felino4es:rw] [307/371] Building C object CMakeFiles/app.dir/mnt/host/source/src/platform/ec/build/zephyr/felino4es/modules/ec/common/i2c_passthru.c.obj
[gothrax:rw] [31/405] Building C object CMakeFiles/app.dir/mnt/host/source/src/platform/ec/build/zephyr/gothrax/modules/ec/common/peripheral.c.obj
[felino4es:rw] [308/371] Building C object CMakeFiles/app.dir/mnt/host/source/src/platform/ec/build/zephyr/felino4es/modules/ec/common/keyboard_8042.c.obj
[gothrax:rw] [32/405] Building C object CMakeFiles/app.dir/mnt/host/source/src/platform/ec/build/zephyr/gothrax/modules/ec/common/printf.c.obj
[felino4es:rw] [309/371] Building C object CMakeFiles/app.dir/mnt/host/source/src/platform/ec/build/zephyr/felino4es/modules/ec/common/keyboard_8042_sharedlib.c.obj
[gothrax:rw] [33/405] Building C object CMakeFiles/app.dir/mnt/host/source/src/platform/ec/build/zephyr/gothrax/modules/ec/common/queue.c.obj
[gothrax:rw] [34/405] Building C object CMakeFiles/app.dir/mnt/host/source/src/platform/ec/build/zephyr/gothrax/modules/ec/common/system.c.obj
[gothrax:rw] [35/405] Building C object CMakeFiles/app.dir/mnt/host/source/src/platform/ec/build/zephyr/gothrax/modules/ec/common/system_boot_time.c.obj
[felino4es:rw] [310/371] Building C object CMakeFiles/app.dir/mnt/host/source/src/platform/ec/build/zephyr/felino4es/modules/ec/common/mkbp_fifo.c.obj
[felino4es:rw] [311/371] Building C object CMakeFiles/app.dir/mnt/host/source/src/platform/ec/build/zephyr/felino4es/modules/ec/common/mkbp_info.c.obj
[gothrax:rw] [36/405] Building C object CMakeFiles/app.dir/mnt/host/source/src/platform/ec/build/zephyr/gothrax/modules/ec/common/uart_printf.c.obj
[/mnt/host/source/src/platform/ec/build/zephyr/npcx_monitor-lcov] stderr:
[lotso:rw]   Manually-specified variables were not used by the project:
[lotso:rw]     COREBOOT_SDK_ROOT_arm
[lotso:rw]     COREBOOT_SDK_ROOT_libstdcxx_arm
[gothrax:rw] [37/405] Building C object CMakeFiles/app.dir/mnt/host/source/src/platform/ec/build/zephyr/gothrax/modules/ec/common/util.c.obj
[lotso:rw]     COREBOOT_SDK_ROOT_libstdcxx_x86
[lotso:rw]     COREBOOT_SDK_ROOT_nds32
[lotso:rw]     COREBOOT_SDK_ROOT_picolibc_arm
[lotso:rw]     COREBOOT_SDK_ROOT_picolibc_x86
[lotso:rw]     COREBOOT_SDK_ROOT_riscv
[lotso:rw]     COREBOOT_SDK_ROOT_x86
[skitty:ro] -- Generating component manifest file
[felino4es:rw] [312/371] Building C object CMakeFiles/app.dir/mnt/host/source/src/platform/ec/build/zephyr/felino4es/modules/ec/common/mkbp_input_devices.c.obj
[gothrax:rw] [38/405] Building C object CMakeFiles/app.dir/mnt/host/source/src/platform/ec/build/zephyr/gothrax/modules/ec/common/version.c.obj
[felino4es:rw] [313/371] Building C object CMakeFiles/app.dir/mnt/host/source/src/platform/ec/build/zephyr/felino4es/modules/ec/common/led_common.c.obj
[gothrax:rw] [39/405] Building C object CMakeFiles/app.dir/mnt/host/source/src/platform/ec/build/zephyr/gothrax/modules/ec/common/power_button_x86.c.obj
[gothrax:rw] [40/405] Building C object CMakeFiles/app.dir/mnt/host/source/src/platform/ec/build/zephyr/gothrax/modules/ec/driver/accel_bma4xx.c.obj
[lotso:ro] -- Generating done (0.4s)
[lotso:ro] CMake Warning:
[lotso:ro] -- Build files have been written to: /mnt/host/source/src/platform/ec/build/zephyr/lotso/build-ro
[gothrax:rw] [41/405] Building C object CMakeFiles/app.dir/mnt/host/source/src/platform/ec/build/zephyr/gothrax/modules/ec/driver/accelgyro_bmi_common.c.obj
[felino4es:rw] [314/371] Building C object CMakeFiles/app.dir/mnt/host/source/src/platform/ec/build/zephyr/felino4es/modules/ec/common/lid_switch.c.obj
[gothrax:rw] [42/405] Building C object CMakeFiles/app.dir/mnt/host/source/src/platform/ec/build/zephyr/gothrax/modules/ec/driver/accelgyro_bmi3xx.c.obj
[felino4es:rw] [315/371] Building C object CMakeFiles/app.dir/mnt/host/source/src/platform/ec/build/zephyr/felino4es/modules/ec/common/mkbp_event.c.obj
[gothrax:rw] [43/405] Building C object CMakeFiles/app.dir/mnt/host/source/src/platform/ec/build/zephyr/gothrax/modules/ec/common/motion_sense_fifo.c.obj
[gothrax:rw] [44/405] Building C object CMakeFiles/app.dir/mnt/host/source/src/platform/ec/build/zephyr/gothrax/modules/ec/common/adc.c.obj
[felino4es:rw] [316/371] Building C object CMakeFiles/app.dir/mnt/host/source/src/platform/ec/build/zephyr/felino4es/modules/ec/common/port80.c.obj
[gothrax:rw] [45/405] Building C object CMakeFiles/app.dir/mnt/host/source/src/platform/ec/build/zephyr/gothrax/modules/ec/common/acpi.c.obj
[gothrax:rw] [46/405] Building C object CMakeFiles/app.dir/mnt/host/source/src/platform/ec/build/zephyr/gothrax/modules/ec/common/battery.c.obj
[felino4es:rw] [317/371] Building C object CMakeFiles/app.dir/mnt/host/source/src/platform/ec/build/zephyr/felino4es/modules/ec/common/power_button.c.obj
[gothrax:rw] [47/405] Building C object CMakeFiles/app.dir/mnt/host/source/src/platform/ec/build/zephyr/gothrax/modules/ec/common/backlight_lid.c.obj
[gothrax:rw] [48/405] Building C object CMakeFiles/app.dir/mnt/host/source/src/platform/ec/build/zephyr/gothrax/modules/ec/common/battery_info.c.obj
[screebo:ro] [30/419] Building C object CMakeFiles/app.dir/mnt/host/source/src/platform/ec/build/zephyr/screebo/modules/ec/common/peripheral.c.obj
[felino4es:rw] [318/371] Building C object CMakeFiles/app.dir/mnt/host/source/src/platform/ec/build/zephyr/felino4es/modules/ec/power/hibernate.c.obj
[gothrax:rw] [49/405] Building C object CMakeFiles/app.dir/mnt/host/source/src/platform/ec/build/zephyr/gothrax/modules/ec/driver/battery/smart.c.obj
[gothrax:rw] [50/405] Building C object CMakeFiles/app.dir/mnt/host/source/src/platform/ec/build/zephyr/gothrax/modules/ec/common/battery_fuel_gauge.c.obj
[felino4es:rw] [319/371] Building C object CMakeFiles/app.dir/mnt/host/source/src/platform/ec/build/zephyr/felino4es/modules/ec/common/panic_output.c.obj
[gothrax:rw] [51/405] Building C object CMakeFiles/app.dir/mnt/host/source/src/platform/ec/build/zephyr/gothrax/modules/ec/driver/bc12/pi3usb9201.c.obj
[felino4es:rw] [320/371] Building C object CMakeFiles/app.dir/mnt/host/source/src/platform/ec/build/zephyr/felino4es/modules/ec/common/shared_mem.c.obj
[gothrax:rw] [52/405] Building C object CMakeFiles/app.dir/mnt/host/source/src/platform/ec/build/zephyr/gothrax/modules/ec/common/charger.c.obj
[screebo:ro] [31/419] Building C object CMakeFiles/app.dir/mnt/host/source/src/platform/ec/build/zephyr/screebo/modules/ec/common/printf.c.obj
[gothrax:rw] [53/405] Building C object CMakeFiles/app.dir/mnt/host/source/src/platform/ec/build/zephyr/gothrax/modules/ec/driver/charger/isl923x.c.obj
[felino4es:rw] [321/371] Building C object CMakeFiles/app.dir/mnt/host/source/src/platform/ec/build/zephyr/felino4es/modules/ec/common/switch.c.obj
[gothrax:rw] [54/405] Building C object CMakeFiles/app.dir/mnt/host/source/src/platform/ec/build/zephyr/gothrax/modules/ec/common/charge_state.c.obj
[gothrax:rw] [55/405] Building C object CMakeFiles/app.dir/mnt/host/source/src/platform/ec/build/zephyr/gothrax/modules/ec/common/charge_manager.c.obj
[gothrax:rw] [56/405] Building C object CMakeFiles/app.dir/mnt/host/source/src/platform/ec/build/zephyr/gothrax/modules/ec/common/cbi_common.c.obj
[felino4es:rw] [322/371] Building C object CMakeFiles/app.dir/mnt/host/source/src/platform/ec/build/zephyr/felino4es/modules/ec/common/thermal.c.obj
[gothrax:rw] [57/405] Building C object CMakeFiles/app.dir/mnt/host/source/src/platform/ec/build/zephyr/gothrax/modules/ec/common/ocpc.c.obj
[felino4es:rw] [323/371] Building C object CMakeFiles/app.dir/mnt/host/source/src/platform/ec/build/zephyr/felino4es/modules/ec/common/temp_sensor.c.obj
[lotso:ro]   Manually-specified variables were not used by the project:
[lotso:ro]     COREBOOT_SDK_ROOT_arm
[lotso:ro]     COREBOOT_SDK_ROOT_libstdcxx_arm
[lotso:ro]     COREBOOT_SDK_ROOT_libstdcxx_x86
[lotso:ro]     COREBOOT_SDK_ROOT_nds32
[lotso:ro]     COREBOOT_SDK_ROOT_picolibc_arm
[lotso:ro]     COREBOOT_SDK_ROOT_picolibc_x86
[lotso:ro]     COREBOOT_SDK_ROOT_riscv
[lotso:ro]     COREBOOT_SDK_ROOT_x86
[ojal:rw] Configuring.
[skitty:ro] INFO: Verified 26 '*-gpios' properties, all flags match.
[skitty:ro] INFO: Skipped 0 named-gpios children.
[skitty:ro] INFO: Running CME, outputting to /mnt/host/source/src/platform/ec/build/zephyr/skitty/build-ro/zephyr/component_manifest.json
Running `env -i PYTHONPATH=/usr/lib64/python-exec/python3.11:/mnt/host/source/src/platform/ec/zephyr/zmake:/usr/lib/python311.zip:/usr/lib/python3.11:/usr/lib/python3.11/lib-dynload:/usr/lib/python3.11/site-packages PW_PIGWEED_CIPD_INSTALL_DIR=/usr CROSTC_USER_ACKNOWLEDGES_THAT_RISCV_IS_EXPERIMENTAL=1 PATH=/mnt/host/source/chromite/bin:/usr/local/bin:/usr/bin:/bin:/opt/bin:/mnt/host/source/chromite/sdk/bin:/mnt/host/source/chromite/bin HOME=/home/jpmurphy JAVA_HOME=/etc/java-config-2/current-system-vm JDK_HOME=/etc/java-config-2/current-system-vm JAVAC=/etc/java-config-2/current-system-vm/bin/javac MAKEFLAGS=' -j16 --jobserver-auth=5,6' /usr/bin/cmake -S /mnt/host/source/src/platform/ec/zephyr/program/ocelot -B /mnt/host/source/src/platform/ec/build/zephyr/ojal/build-rw -GNinja -DCMAKE_EXPORT_COMPILE_COMMANDS=ON -DZEPHYR_BASE=/mnt/host/source/src/third_party/zephyr/main -DZMAKE_INCLUDE_DIR=/mnt/host/source/src/platform/ec/build/zephyr/ojal/include -DPython3_EXECUTABLE=/usr/bin/python3.11 -DDTS_ROOT=/mnt/host/source/src/platform/ec/zephyr -DSYSCALL_INCLUDE_DIRS=/mnt/host/source/src/platform/ec/zephyr/include/drivers -DUSER_CACHE_DIR=/mnt/host/source/src/platform/ec/build/zephyr/user-cache '-DEXTRA_EC_VERSION_FLAGS=--version 16543.0.0 --static' -DTOOLCHAIN_ROOT=/mnt/host/source/src/platform/ec/zephyr -DCOREBOOT_SDK_ROOT_x86=/home/jpmurphy/.cache/coreboot-sdk/i386-elf/dfbb0486385d938cfa9d73080b9d18d598ed4f49 -DCOREBOOT_SDK_ROOT_picolibc_x86=/home/jpmurphy/.cache/coreboot-sdk/picolibc-i386-elf/eb8e8e687b95461de8cbf278f1c2076952d0ad17 -DCOREBOOT_SDK_ROOT_riscv64=/home/jpmurphy/.cache/coreboot-sdk/riscv64-elf/96b949749225b6aaa92ed810ab769e8dfb12f000 -DCOREBOOT_SDK_ROOT_picolibc_arm=/home/jpmurphy/.cache/coreboot-sdk/picolibc-arm-eabi/422a2aa3e1ef891b5bece9a3deb696ff83840d2e -DCOREBOOT_SDK_ROOT_nds32=/home/jpmurphy/.cache/coreboot-sdk/nds32le-elf/d1a518c4a097666d86058e1444f85ca015d15511 -DCOREBOOT_SDK_ROOT_picolibc_riscv64=/home/jpmurphy/.cache/coreboot-sdk/picolibc-riscv64-elf/f571e990ef0278564b31124f8bb109d9a697eb69 -DCOREBOOT_SDK_ROOT_arm=/home/jpmurphy/.cache/coreboot-sdk/arm-eabi/ea40ddd1d190c3b48435c474c0b545719371813a -DCOREBOOT_SDK_ROOT_libstdcxx_riscv64=/home/jpmurphy/.cache/coreboot-sdk/libstdcxx-riscv64-elf/17abf22a3a252e2d5d2062ced5324f7a623689e0 -DCOREBOOT_SDK_ROOT_libstdcxx_arm=/home/jpmurphy/.cache/coreboot-sdk/libstdcxx-arm-eabi/5d7d82e150e44aa1968f1d366e267e6687b328ac -DCOREBOOT_SDK_ROOT_riscv=/home/jpmurphy/.cache/coreboot-sdk/riscv-elf/9a27b9e82341c6e9126624f516ab3f261abb3e73 -DCOREBOOT_SDK_ROOT_libstdcxx_x86=/home/jpmurphy/.cache/coreboot-sdk/libstdcxx-i386-elf/42ef9d2e87a76a37963175d7d428734e65648b87 -DZEPHYR_TOOLCHAIN_VARIANT=coreboot-sdk '-DZEPHYR_MODULES=/mnt/host/source/src/platform/ec/build/zephyr/ojal/modules/cmsis;/mnt/host/source/src/platform/ec/build/zephyr/ojal/modules/cmsis_6;/mnt/host/source/src/platform/ec/build/zephyr/ojal/modules/ec' -DDTC_OVERLAY_FILE=/mnt/host/source/src/platform/ec/zephyr/program/ocelot/ojal/project.overlay -DBOARD=realtek/rts5912 -DCMAKE_C_FLAGS=-DSECTION_IS_RW '-DCONF_FILE=/mnt/host/source/src/platform/ec/zephyr/program/ocelot/program.conf;/mnt/host/source/src/platform/ec/zephyr/program/ocelot/ojal/project.conf;/mnt/host/source/src/platform/ec/build/zephyr/ojal/kconfig-rw.conf'`
[skitty:ro] INFO: Project skitty does not support SSFC
[skitty:ro] INFO: Component usbpd@f03700(ite,it8xxx2-usbpd) not on I2C bus, skip it
[skitty:ro] INFO: Component virtual-mux-0(cros-ec,usbc-mux-virtual) not on I2C bus, skip it
[skitty:ro] INFO: No motionsense-sensor node found
[felino4es:rw] [324/371] Building C object CMakeFiles/app.dir/mnt/host/source/src/platform/ec/build/zephyr/felino4es/modules/ec/driver/temp_sensor/thermistor.c.obj
[gothrax:rw] [58/405] Building C object CMakeFiles/app.dir/mnt/host/source/src/platform/ec/build/zephyr/gothrax/modules/ec/common/cbi.c.obj
[gothrax:rw] [59/405] Building C object CMakeFiles/app.dir/mnt/host/source/src/platform/ec/build/zephyr/gothrax/modules/ec/common/cbi_config.c.obj
[ojal:rw] Loading Zephyr default modules (Zephyr base (cached)).
[ojal:rw] -- Application: /mnt/host/source/src/platform/ec/zephyr/program/ocelot
[ojal:rw] -- CMake version: 3.31.7
[felino4es:rw] [325/371] Building C object CMakeFiles/app.dir/mnt/host/source/src/platform/ec/build/zephyr/felino4es/modules/ec/common/timer.c.obj
[gothrax:rw] [60/405] Building C object CMakeFiles/app.dir/mnt/host/source/src/platform/ec/build/zephyr/gothrax/modules/ec/common/memory_commands.c.obj
[skitty:ro] -- warning_base_override: -Wall;-Wformat;-Wformat-security;-Wformat;-Wno-format-zero-length;-Wno-pointer-sign;-Wpointer-arith;-Wexpansion-to-defined
[gothrax:rw] [61/405] Building C object CMakeFiles/app.dir/mnt/host/source/src/platform/ec/build/zephyr/gothrax/modules/ec/common/dptf.c.obj
[gothrax:rw] [62/405] Building C object CMakeFiles/app.dir/mnt/host/source/src/platform/ec/build/zephyr/gothrax/modules/ec/common/espi.c.obj
[skitty:rw] -- Found gen_kobject_list: /mnt/host/source/src/third_party/zephyr/main/scripts/build/gen_kobject_list.py
[gothrax:rw] [63/405] Building C object CMakeFiles/app.dir/mnt/host/source/src/platform/ec/build/zephyr/gothrax/modules/ec/common/ap_reset_log.c.obj
[felino4es:rw] [326/371] Building C object CMakeFiles/app.dir/mnt/host/source/src/platform/ec/build/zephyr/felino4es/modules/ec/common/usb_port_power_dumb.c.obj
[gothrax:rw] [64/405] Building C object CMakeFiles/app.dir/mnt/host/source/src/platform/ec/build/zephyr/gothrax/modules/ec/common/extpower_common.c.obj
[gothrax:ro] INFO:root:Using a static version string
[gothrax:ro] INFO:root:Version string: Zephyr-Kernel-16543.0.0
[gothrax:ro] INFO:root:Writing header to /mnt/host/source/src/platform/ec/build/zephyr/gothrax/build-ro/modules/ec/zephyr/include/ec_version.h
[gothrax:ro] [5/405] Generating misc/generated/syscalls.json, misc/generated/struct_tags.json
[gothrax:rw] [65/405] Building C object CMakeFiles/app.dir/mnt/host/source/src/platform/ec/build/zephyr/gothrax/modules/ec/common/host_command.c.obj
[gothrax:rw] [66/405] Building C object CMakeFiles/app.dir/mnt/host/source/src/platform/ec/build/zephyr/gothrax/modules/ec/common/fan.c.obj
[gothrax:rw] [67/405] Building C object CMakeFiles/app.dir/mnt/host/source/src/platform/ec/build/zephyr/gothrax/modules/ec/common/flash.c.obj
[gothrax:rw] [68/405] Building C object CMakeFiles/app.dir/mnt/host/source/src/platform/ec/build/zephyr/gothrax/modules/ec/common/host_command_task.c.obj
[felino4es:rw] [327/371] Building C object CMakeFiles/app.dir/mnt/host/source/src/platform/ec/build/zephyr/felino4es/modules/ec/common/usbc_utils.c.obj
[gothrax:rw] [69/405] Building C object CMakeFiles/app.dir/mnt/host/source/src/platform/ec/build/zephyr/gothrax/modules/ec/common/host_event_commands.c.obj
[felino4es:rw] [328/371] Building C object CMakeFiles/app.dir/mnt/host/source/src/platform/ec/build/zephyr/felino4es/modules/ec/common/usb_common.c.obj
[gothrax:rw] [70/405] Building C object CMakeFiles/app.dir/mnt/host/source/src/platform/ec/build/zephyr/gothrax/modules/ec/common/uptime.c.obj
[gothrax:rw] [71/405] Building C object CMakeFiles/app.dir/mnt/host/source/src/platform/ec/build/zephyr/gothrax/modules/ec/common/uart_hostcmd.c.obj
[gothrax:rw] [72/405] Building C object CMakeFiles/app.dir/mnt/host/source/src/platform/ec/build/zephyr/gothrax/modules/ec/common/i2c_passthru.c.obj
[screebo:ro] [32/419] Building C object CMakeFiles/app.dir/mnt/host/source/src/platform/ec/build/zephyr/screebo/modules/ec/common/queue.c.obj
[gothrax:rw] [73/405] Building C object CMakeFiles/app.dir/mnt/host/source/src/platform/ec/build/zephyr/gothrax/modules/ec/common/i2c_controller.c.obj
[felino4es:rw] [329/371] Building C object CMakeFiles/app.dir/mnt/host/source/src/platform/ec/build/zephyr/felino4es/modules/ec/common/usb_pd_host_cmd_common.c.obj
[gothrax:rw] [74/405] Building C object CMakeFiles/app.dir/mnt/host/source/src/platform/ec/build/zephyr/gothrax/modules/ec/common/keyboard_scan.c.obj
[felino4es:rw] [330/371] Building C object CMakeFiles/app.dir/mnt/host/source/src/platform/ec/build/zephyr/felino4es/modules/ec/common/vboot_hash.c.obj
[gothrax:rw] [75/405] Building C object CMakeFiles/app.dir/mnt/host/source/src/platform/ec/build/zephyr/gothrax/modules/ec/common/keyboard_8042.c.obj
[skitty:rw] CMake Warning at /mnt/host/source/src/third_party/zephyr/main/CMakeLists.txt:2359 (message):
[skitty:rw]   __ASSERT() statements are globally ENABLED
[gothrax:rw] [76/405] Building C object CMakeFiles/app.dir/mnt/host/source/src/platform/ec/build/zephyr/gothrax/modules/ec/common/keyboard_8042_sharedlib.c.obj
[felino4es:rw] [331/371] Building C object CMakeFiles/app.dir/mnt/host/source/src/platform/ec/build/zephyr/felino4es/modules/ec/common/button.c.obj
[gothrax:rw] [77/405] Building C object CMakeFiles/app.dir/mnt/host/source/src/platform/ec/build/zephyr/gothrax/modules/ec/common/mkbp_fifo.c.obj
[gothrax:rw] [78/405] Building C object CMakeFiles/app.dir/mnt/host/source/src/platform/ec/build/zephyr/gothrax/modules/ec/common/mkbp_info.c.obj
[gothrax:rw] [79/405] Building C object CMakeFiles/app.dir/mnt/host/source/src/platform/ec/build/zephyr/gothrax/modules/ec/common/mkbp_input_devices.c.obj
[felino4es:rw] [332/371] Building C object CMakeFiles/app.dir/mnt/host/source/src/platform/ec/build/zephyr/felino4es/modules/ec/common/vboot/efs2.c.obj
[gothrax:rw] [80/405] Building C object CMakeFiles/app.dir/mnt/host/source/src/platform/ec/build/zephyr/gothrax/modules/ec/common/led_common.c.obj
[gothrax:rw] [81/405] Building C object CMakeFiles/app.dir/mnt/host/source/src/platform/ec/build/zephyr/gothrax/modules/ec/common/lid_angle_keyboard_policy.c.obj
[gothrax:rw] [82/405] Building C object CMakeFiles/app.dir/mnt/host/source/src/platform/ec/build/zephyr/gothrax/modules/ec/common/lid_angle.c.obj
[felino4es:rw] [333/371] Building C object CMakeFiles/app.dir/mnt/host/source/src/platform/ec/build/zephyr/felino4es/modules/ec/common/vstore.c.obj
[gothrax:rw] [83/405] Building C object CMakeFiles/app.dir/mnt/host/source/src/platform/ec/build/zephyr/gothrax/modules/ec/common/motion_lid.c.obj
[gothrax:rw] [84/405] Building C object CMakeFiles/app.dir/mnt/host/source/src/platform/ec/build/zephyr/gothrax/modules/ec/common/lid_switch.c.obj
[felino4es:rw] [334/371] Building C object CMakeFiles/app.dir/mnt/host/source/src/platform/ec/build/zephyr/felino4es/modules/ec/common/math_util.c.obj
[gothrax:rw] [85/405] Building C object CMakeFiles/app.dir/mnt/host/source/src/platform/ec/build/zephyr/gothrax/modules/ec/common/mkbp_event.c.obj
[felino4es:rw] [335/371] Building C object CMakeFiles/app.dir/felino/src/board.c.obj
[gothrax:rw] [86/405] Building C object CMakeFiles/app.dir/mnt/host/source/src/platform/ec/build/zephyr/gothrax/modules/ec/common/motion_sense.c.obj
[gothrax:rw] [87/405] Building C object CMakeFiles/app.dir/mnt/host/source/src/platform/ec/build/zephyr/gothrax/modules/ec/common/port80.c.obj
[gothrax:ro] [6/405] Generating include/generated/zephyr/syscall_dispatch.c, include/generated/zephyr/syscall_exports_llext.c, syscall_weakdefs_llext.c, include/generated/zephyr/syscall_list.h
[gothrax:rw] [88/405] Building C object CMakeFiles/app.dir/mnt/host/source/src/platform/ec/build/zephyr/gothrax/modules/ec/common/panic_output.c.obj
[felino4es:rw] [336/371] Building C object CMakeFiles/app.dir/felino/src/board_power.c.obj
[gothrax:rw] [89/405] Building C object CMakeFiles/app.dir/mnt/host/source/src/platform/ec/build/zephyr/gothrax/modules/ec/common/power_button.c.obj
[gothrax:rw] [90/405] Building C object CMakeFiles/app.dir/mnt/host/source/src/platform/ec/build/zephyr/gothrax/modules/ec/power/hibernate.c.obj
[gothrax:rw] [91/405] Building C object CMakeFiles/app.dir/mnt/host/source/src/platform/ec/build/zephyr/gothrax/modules/ec/driver/sha256/sha256_it8xxx2.c.obj
[felino4es:rw] [337/371] Building C object CMakeFiles/app.dir/felino4es/src/keyboard_customization.c.obj
[gothrax:rw] [92/405] Building C object CMakeFiles/app.dir/mnt/host/source/src/platform/ec/build/zephyr/gothrax/modules/ec/common/shared_mem.c.obj
[gothrax:rw] [93/405] Building C object CMakeFiles/app.dir/mnt/host/source/src/platform/ec/build/zephyr/gothrax/modules/ec/common/switch.c.obj
[gothrax:rw] [94/405] Building C object CMakeFiles/app.dir/mnt/host/source/src/platform/ec/build/zephyr/gothrax/modules/ec/common/tablet_mode.c.obj
[gothrax:rw] [95/405] Building C object CMakeFiles/app.dir/mnt/host/source/src/platform/ec/build/zephyr/gothrax/modules/ec/common/thermal.c.obj
[gothrax:rw] [96/405] Building C object CMakeFiles/app.dir/mnt/host/source/src/platform/ec/build/zephyr/gothrax/modules/ec/common/temp_sensor.c.obj
[gothrax:rw] [97/405] Building C object CMakeFiles/app.dir/mnt/host/source/src/platform/ec/build/zephyr/gothrax/modules/ec/driver/temp_sensor/thermistor.c.obj
[gothrax:rw] [98/405] Building C object CMakeFiles/app.dir/mnt/host/source/src/platform/ec/build/zephyr/gothrax/modules/ec/common/throttle_ap.c.obj
[gothrax:rw] [99/405] Building C object CMakeFiles/app.dir/mnt/host/source/src/platform/ec/build/zephyr/gothrax/modules/ec/common/timer.c.obj
[gothrax:rw] [100/405] Building C object CMakeFiles/app.dir/mnt/host/source/src/platform/ec/build/zephyr/gothrax/modules/ec/common/usb_charger.c.obj
[gothrax:rw] [101/405] Building C object CMakeFiles/app.dir/mnt/host/source/src/platform/ec/build/zephyr/gothrax/modules/ec/common/usb_port_power_smart.c.obj
[skitty:rw] -- Configuring done (15.3s)
[gothrax:rw] [102/405] Building C object CMakeFiles/app.dir/mnt/host/source/src/platform/ec/build/zephyr/gothrax/modules/ec/common/typec_control.c.obj
[gothrax:rw] [103/405] Building C object CMakeFiles/app.dir/mnt/host/source/src/platform/ec/build/zephyr/gothrax/modules/ec/common/usb_common.c.obj
[gothrax:rw] [104/405] Building C object CMakeFiles/app.dir/mnt/host/source/src/platform/ec/build/zephyr/gothrax/modules/ec/common/usb_pd_pdo.c.obj
[gothrax:rw] [105/405] Building C object CMakeFiles/app.dir/mnt/host/source/src/platform/ec/build/zephyr/gothrax/modules/ec/common/usbc/usb_sm.c.obj
[gothrax:rw] [106/405] Building C object CMakeFiles/app.dir/mnt/host/source/src/platform/ec/build/zephyr/gothrax/modules/ec/common/usbc/usb_pd_timer.c.obj
[gothrax:ro] [7/405] Generating include/generated/zephyr/driver-validation.h
[gothrax:rw] [107/405] Building C object CMakeFiles/app.dir/mnt/host/source/src/platform/ec/build/zephyr/gothrax/modules/ec/common/usbc/usbc_task.c.obj
[gothrax:rw] [108/405] Building C object CMakeFiles/app.dir/mnt/host/source/src/platform/ec/build/zephyr/gothrax/modules/ec/common/usbc_intr_task.c.obj
[gothrax:rw] [109/405] Building C object CMakeFiles/app.dir/mnt/host/source/src/platform/ec/build/zephyr/gothrax/modules/ec/common/usbc_utils.c.obj
[gothrax:rw] [110/405] Building C object CMakeFiles/app.dir/mnt/host/source/src/platform/ec/build/zephyr/gothrax/modules/ec/common/usb_pd_flags.c.obj
[gothrax:rw] [111/405] Building C object CMakeFiles/app.dir/mnt/host/source/src/platform/ec/build/zephyr/gothrax/modules/ec/common/chargen.c.obj
[gothrax:rw] [112/405] Building C object CMakeFiles/app.dir/mnt/host/source/src/platform/ec/build/zephyr/gothrax/modules/ec/driver/retimer/anx7483.c.obj
[ojal:rw] -- Found Python3: /usr/bin/python3.11 (found suitable version "3.11.11", minimum required is "3.10") found components: Interpreter
[gothrax:rw] [113/405] Building C object CMakeFiles/app.dir/mnt/host/source/src/platform/ec/build/zephyr/gothrax/modules/ec/common/usbc/usb_pd_console.c.obj
[gothrax:rw] [114/405] Building C object CMakeFiles/app.dir/mnt/host/source/src/platform/ec/build/zephyr/gothrax/modules/ec/driver/usb_mux/usb_mux.c.obj
[ojal:rw] -- Cache files will be written to: /mnt/host/source/src/platform/ec/build/zephyr/user-cache
[ojal:rw] -- Zephyr version: 4.3.99 (/mnt/host/source/src/third_party/zephyr/main)
[gothrax:rw] [115/405] Building C object CMakeFiles/app.dir/mnt/host/source/src/platform/ec/build/zephyr/gothrax/modules/ec/driver/usb_mux/virtual.c.obj
[gothrax:rw] [116/405] Building C object CMakeFiles/app.dir/mnt/host/source/src/platform/ec/build/zephyr/gothrax/modules/ec/common/usbc/usb_tc_drp_acc_trysrc_sm.c.obj
[gothrax:rw] [117/405] Building C object CMakeFiles/app.dir/mnt/host/source/src/platform/ec/build/zephyr/gothrax/modules/ec/common/usbc/usb_prl_sm.c.obj
[gothrax:rw] [118/405] Building C object CMakeFiles/app.dir/mnt/host/source/src/platform/ec/build/zephyr/gothrax/modules/ec/common/usbc/usb_pe_drp_sm.c.obj
[gothrax:rw] [119/405] Building C object CMakeFiles/app.dir/mnt/host/source/src/platform/ec/build/zephyr/gothrax/modules/ec/common/usbc/usb_pd_dpm.c.obj
[felino4es:rw] [338/371] Linking C static library app/libapp.a
[skitty:ro] -- Found gen_kobject_list: /mnt/host/source/src/third_party/zephyr/main/scripts/build/gen_kobject_list.py
[gothrax:rw] [120/405] Building C object CMakeFiles/app.dir/mnt/host/source/src/platform/ec/build/zephyr/gothrax/modules/ec/common/usbc/usbc_pd_policy.c.obj
[gothrax:rw] [121/405] Building C object CMakeFiles/app.dir/mnt/host/source/src/platform/ec/build/zephyr/gothrax/modules/ec/common/usbc/dp_alt_mode.c.obj
[felino4es:rw] [339/371] Building C object zephyr/kernel/CMakeFiles/kernel.dir/main_weak.c.obj
[gothrax:rw] [122/405] Building C object CMakeFiles/app.dir/mnt/host/source/src/platform/ec/build/zephyr/gothrax/modules/ec/common/usb_pd_console_cmd.c.obj
[felino4es:rw] [340/371] Building C object zephyr/kernel/CMakeFiles/kernel.dir/banner.c.obj
[gothrax:rw] [123/405] Building C object CMakeFiles/app.dir/mnt/host/source/src/platform/ec/build/zephyr/gothrax/modules/ec/common/usb_pd_host_cmd.c.obj
[gothrax:rw] [124/405] Building C object CMakeFiles/app.dir/mnt/host/source/src/platform/ec/build/zephyr/gothrax/modules/ec/common/usbc/usb_pd_host.c.obj
[felino4es:rw] [341/371] Building C object zephyr/kernel/CMakeFiles/kernel.dir/busy_wait.c.obj
[gothrax:rw] [125/405] Building C object CMakeFiles/app.dir/mnt/host/source/src/platform/ec/build/zephyr/gothrax/modules/ec/zephyr/shim/src/tcpc.c.obj
[gothrax:rw] [126/405] Building C object CMakeFiles/app.dir/mnt/host/source/src/platform/ec/build/zephyr/gothrax/modules/ec/common/usb_pd_host_cmd_common.c.obj
[gothrax:rw] [127/405] Building C object CMakeFiles/app.dir/mnt/host/source/src/platform/ec/build/zephyr/gothrax/modules/ec/common/usbc/svdm_rsp_dfp_only.c.obj
[gothrax:rw] [128/405] Building C object CMakeFiles/app.dir/mnt/host/source/src/platform/ec/build/zephyr/gothrax/modules/ec/common/usbc_ocp.c.obj
[ocelotrvp-npcx:ro] CMake Warning at /mnt/host/source/src/platform/ec/zephyr/cmake/linker/ld/linker_libraries.cmake:11 (message):
[ocelotrvp-npcx:ro]   Disabling c_library
[ocelotrvp-npcx:ro] Call Stack (most recent call first):
[ocelotrvp-npcx:ro]   /mnt/host/source/src/third_party/zephyr/main/cmake/target_toolchain_flags.cmake:48 (include)
[ocelotrvp-npcx:ro]   /mnt/host/source/src/third_party/zephyr/main/cmake/modules/kernel.cmake:153 (include)
[ocelotrvp-npcx:ro]   /mnt/host/source/src/third_party/zephyr/main/cmake/modules/zephyr_default.cmake:138 (include)
[ocelotrvp-npcx:ro]   /mnt/host/source/src/third_party/zephyr/main/share/zephyr-package/cmake/ZephyrConfig.cmake:66 (include)
[ocelotrvp-npcx:ro]   /mnt/host/source/src/third_party/zephyr/main/share/zephyr-package/cmake/ZephyrConfig.cmake:97 (include_boilerplate)
[ocelotrvp-npcx:ro]   CMakeLists.txt:7 (find_package)
[ocelotrvp-npcx:ro] INFOSetting c++_library to libstdc++ install path
[ocelotrvp-npcx:ro] INFOSetting c_library to picolibc install path
[skitty:ro] CMake Warning at /mnt/host/source/src/third_party/zephyr/main/CMakeLists.txt:2359 (message):
[skitty:ro]   __ASSERT() statements are globally ENABLED
[gothrax:ro] [8/405] Generating include/generated/zephyr/kobj-types-enum.h, include/generated/zephyr/otype-to-str.h, include/generated/zephyr/otype-to-size.h
[felino4es:rw] [342/371] Building C object zephyr/kernel/CMakeFiles/kernel.dir/device.c.obj
[gothrax:rw] [129/405] Building C object CMakeFiles/app.dir/mnt/host/source/src/platform/ec/build/zephyr/gothrax/modules/ec/common/usb_pd_discovery.c.obj
[felino4es:rw] [343/371] Building C object zephyr/kernel/CMakeFiles/kernel.dir/errno.c.obj
[gothrax:rw] [130/405] Building C object CMakeFiles/app.dir/mnt/host/source/src/platform/ec/build/zephyr/gothrax/modules/ec/common/usb_pd_dual_role.c.obj
[gothrax:rw] [131/405] Building C object CMakeFiles/app.dir/mnt/host/source/src/platform/ec/build/zephyr/gothrax/modules/ec/driver/tcpm/raa489000.c.obj
[gothrax:rw] [132/405] Building C object CMakeFiles/app.dir/mnt/host/source/src/platform/ec/build/zephyr/gothrax/modules/ec/driver/tcpm/tcpci.c.obj
[felino4es:rw] [344/371] Building C object zephyr/kernel/CMakeFiles/kernel.dir/fatal.c.obj
[gothrax:rw] [133/405] Building C object CMakeFiles/app.dir/mnt/host/source/src/platform/ec/build/zephyr/gothrax/modules/ec/common/vboot_hash.c.obj
[gothrax:rw] [134/405] Building C object CMakeFiles/app.dir/mnt/host/source/src/platform/ec/build/zephyr/gothrax/modules/ec/common/button.c.obj
[gothrax:ro] [9/405] Generating include/generated/device-api-sections.ld, include/generated/device-api-sections.cmake
[gothrax:rw] [135/405] Building C object CMakeFiles/app.dir/mnt/host/source/src/platform/ec/build/zephyr/gothrax/modules/ec/common/vboot/efs2.c.obj
[gothrax:ro] [10/405] Building C object zephyr/CMakeFiles/offsets.dir/arch/riscv/core/offsets/offsets.c.obj
[felino4es:rw] [345/371] Building C object zephyr/kernel/CMakeFiles/kernel.dir/init.c.obj
[gothrax:rw] [136/405] Building C object CMakeFiles/app.dir/mnt/host/source/src/platform/ec/build/zephyr/gothrax/modules/ec/common/vstore.c.obj
[gothrax:rw] [137/405] Building C object CMakeFiles/app.dir/mnt/host/source/src/platform/ec/build/zephyr/gothrax/modules/ec/common/math_util.c.obj
[gothrax:rw] [138/405] Building C object CMakeFiles/app.dir/src/common.c.obj
[gothrax:rw] [139/405] Building C object CMakeFiles/app.dir/src/board_power.c.obj
[felino4es:rw] [346/371] Building C object zephyr/kernel/CMakeFiles/kernel.dir/kheap.c.obj
[gothrax:rw] [140/405] Building C object CMakeFiles/app.dir/gothrax/src/usb_mux_config.c.obj
[gothrax:rw] [141/405] Building C object CMakeFiles/app.dir/gothrax/src/form_factor.c.obj
[gothrax:rw] [142/405] Building C object CMakeFiles/app.dir/gothrax/src/hdmi.c.obj
[felino4es:rw] [347/371] Building C object zephyr/kernel/CMakeFiles/kernel.dir/mem_slab.c.obj
[skitty:rw] -- Generating done (0.4s)
[skitty:rw] CMake Warning:
[skitty:rw]   Manually-specified variables were not used by the project:
[skitty:rw]     COREBOOT_SDK_ROOT_arm
[skitty:rw]     COREBOOT_SDK_ROOT_libstdcxx_arm
[skitty:rw]     COREBOOT_SDK_ROOT_libstdcxx_x86
[skitty:rw]     COREBOOT_SDK_ROOT_nds32
[skitty:rw]     COREBOOT_SDK_ROOT_picolibc_arm
[skitty:rw]     COREBOOT_SDK_ROOT_picolibc_x86
[skitty:rw] -- Build files have been written to: /mnt/host/source/src/platform/ec/build/zephyr/skitty/build-rw
[skitty:rw]     COREBOOT_SDK_ROOT_riscv
[gothrax:rw] [143/405] Building C object CMakeFiles/app.dir/gothrax/src/thermal.c.obj
[skitty:rw]     COREBOOT_SDK_ROOT_x86
[gothrax:rw] [144/405] Building C object CMakeFiles/app.dir/gothrax/src/sub_board.c.obj
[skitty:ro] -- Configuring done (15.1s)
[ocelotrvp-npcx:rw] INFOSetting TOOLCHAIN_HAS_NEWLIB to support full build.
[ocelotrvp-npcx:rw] CMake Warning at /mnt/host/source/src/platform/ec/zephyr/cmake/linker/ld/linker_libraries.cmake:11 (message):
[ocelotrvp-npcx:rw]   Disabling c_library
[gothrax:rw] [145/405] Building C object CMakeFiles/app.dir/gothrax/src/usbc.c.obj
[felino4es:rw] [348/371] Building C object zephyr/kernel/CMakeFiles/kernel.dir/float.c.obj
[ocelotrvp-npcx:rw] Call Stack (most recent call first):
[ocelotrvp-npcx:rw]   /mnt/host/source/src/third_party/zephyr/main/cmake/target_toolchain_flags.cmake:48 (include)
[ocelotrvp-npcx:rw]   /mnt/host/source/src/third_party/zephyr/main/cmake/modules/kernel.cmake:153 (include)
[ocelotrvp-npcx:rw]   /mnt/host/source/src/third_party/zephyr/main/cmake/modules/zephyr_default.cmake:138 (include)
[ocelotrvp-npcx:rw]   /mnt/host/source/src/third_party/zephyr/main/share/zephyr-package/cmake/ZephyrConfig.cmake:66 (include)
[ocelotrvp-npcx:rw]   /mnt/host/source/src/third_party/zephyr/main/share/zephyr-package/cmake/ZephyrConfig.cmake:97 (include_boilerplate)
[ocelotrvp-npcx:rw]   CMakeLists.txt:7 (find_package)
[ocelotrvp-npcx:rw] INFOSetting c++_library to libstdc++ install path
[ocelotrvp-npcx:rw] INFOSetting c_library to picolibc install path
[felino4es:rw] [349/371] Building C object zephyr/kernel/CMakeFiles/kernel.dir/version.c.obj
[gothrax:rw] [146/405] Building C object CMakeFiles/app.dir/gothrax/src/fan.c.obj
[gothrax:rw] [147/405] Building C object CMakeFiles/app.dir/gothrax/src/charger.c.obj
[gothrax:rw] [148/405] Building C object zephyr/CMakeFiles/zephyr.dir/lib/libc/validate_libc.c.obj
[felino4es:rw] [350/371] Building C object zephyr/kernel/CMakeFiles/kernel.dir/idle.c.obj
[gothrax:rw] [149/405] Building C object zephyr/CMakeFiles/zephyr.dir/lib/heap/heap.c.obj
[gothrax:rw] [150/405] Building C object zephyr/CMakeFiles/zephyr.dir/lib/os/cbprintf_packaged.c.obj
[gothrax:rw] [151/405] Building C object zephyr/CMakeFiles/zephyr.dir/lib/os/clock.c.obj
[felino4es:rw] [351/371] Building C object zephyr/kernel/CMakeFiles/kernel.dir/mailbox.c.obj
[gothrax:rw] [152/405] Building C object zephyr/CMakeFiles/zephyr.dir/lib/os/sem.c.obj
[felino4es:rw] [352/371] Building C object zephyr/kernel/CMakeFiles/kernel.dir/msg_q.c.obj
[gothrax:rw] [153/405] Building C object zephyr/CMakeFiles/zephyr.dir/lib/os/printk.c.obj
[gothrax:rw] [154/405] Building C object zephyr/CMakeFiles/zephyr.dir/lib/os/thread_entry.c.obj
[felino4es:rw] [353/371] Building C object zephyr/kernel/CMakeFiles/kernel.dir/mutex.c.obj
[gothrax:rw] [155/405] Building C object zephyr/CMakeFiles/zephyr.dir/lib/os/cbprintf_nano.c.obj
[gothrax:rw] [156/405] Building C object zephyr/CMakeFiles/zephyr.dir/lib/os/cbprintf.c.obj
[felino4es:rw] [354/371] Building C object zephyr/kernel/CMakeFiles/kernel.dir/queue.c.obj
[gothrax:rw] [157/405] Building C object zephyr/CMakeFiles/zephyr.dir/lib/os/assert.c.obj
[gothrax:rw] [158/405] Building C object zephyr/CMakeFiles/zephyr.dir/lib/utils/dec.c.obj
[felino4es:rw] [355/371] Building C object zephyr/kernel/CMakeFiles/kernel.dir/sem.c.obj
[gothrax:rw] [159/405] Building C object zephyr/CMakeFiles/zephyr.dir/lib/utils/hex.c.obj
[gothrax:rw] [160/405] Building C object zephyr/CMakeFiles/zephyr.dir/lib/utils/timeutil.c.obj
[gothrax:ro] [11/405] Generating include/generated/zephyr/offsets.h
[gothrax:rw] [161/405] Building C object zephyr/CMakeFiles/zephyr.dir/lib/utils/rb.c.obj
[screebo:ro] [33/419] Building C object CMakeFiles/app.dir/mnt/host/source/src/platform/ec/build/zephyr/screebo/modules/ec/common/system.c.obj
[gothrax:ro] [12/405] Building C object CMakeFiles/app.dir/mnt/host/source/src/platform/ec/zephyr/subsys/ap_pwrseq/ap_events.c.obj
[gothrax:rw] [162/405] Building C object zephyr/CMakeFiles/zephyr.dir/lib/utils/bitarray.c.obj
[felino4es:rw] [356/371] Building C object zephyr/kernel/CMakeFiles/kernel.dir/stack.c.obj
[gothrax:rw] [163/405] Building C object zephyr/CMakeFiles/zephyr.dir/lib/utils/bitmask.c.obj
[gothrax:ro] [13/405] Building C object CMakeFiles/app.dir/mnt/host/source/src/platform/ec/zephyr/subsys/ap_pwrseq/ap_power_interface.c.obj
[gothrax:rw] [164/405] Building C object zephyr/CMakeFiles/zephyr.dir/lib/utils/getopt/getopt.c.obj
[felino4es:rw] [357/371] Building C object zephyr/kernel/CMakeFiles/kernel.dir/system_work_q.c.obj
[gothrax:rw] [165/405] Building C object zephyr/CMakeFiles/zephyr.dir/lib/utils/ring_buffer.c.obj
[gothrax:ro] [14/405] Building C object CMakeFiles/app.dir/mnt/host/source/src/platform/ec/zephyr/subsys/ap_pwrseq/power_signals.c.obj
[gothrax:rw] [166/405] Building C object zephyr/CMakeFiles/zephyr.dir/lib/utils/getopt/getopt_common.c.obj
[gothrax:rw] [167/405] Building C object zephyr/CMakeFiles/zephyr.dir/lib/utils/last_section_id.c.obj
[felino4es:rw] [358/371] Building C object zephyr/kernel/CMakeFiles/kernel.dir/work.c.obj
[gothrax:rw] [168/405] Building C object zephyr/CMakeFiles/zephyr.dir/misc/generated/configs.c.obj
[felino4es:rw] [359/371] Building C object zephyr/kernel/CMakeFiles/kernel.dir/condvar.c.obj
[gothrax:ro] [15/405] Building C object CMakeFiles/app.dir/mnt/host/source/src/platform/ec/zephyr/subsys/ap_pwrseq/signal_gpio.c.obj
[gothrax:rw] [169/405] Building C object zephyr/CMakeFiles/zephyr.dir/soc/ite/ec/common/soc_common_irq.c.obj
[felino4es:rw] [360/371] Building C object zephyr/kernel/CMakeFiles/kernel.dir/thread.c.obj
[gothrax:ro] [16/405] Building C object CMakeFiles/app.dir/mnt/host/source/src/platform/ec/zephyr/subsys/ap_pwrseq/signal_vw.c.obj
[screebo:ro] [34/419] Building C object CMakeFiles/app.dir/mnt/host/source/src/platform/ec/build/zephyr/screebo/modules/ec/common/uart_printf.c.obj
[gothrax:rw] [170/405] Building C object zephyr/CMakeFiles/zephyr.dir/soc/ite/ec/common/power.c.obj
[felino4es:rw] [361/371] Building C object zephyr/kernel/CMakeFiles/kernel.dir/sched.c.obj
[gothrax:rw] [171/405] Linking C static library app/libapp.a
[gothrax:rw] [172/405] Building C object zephyr/CMakeFiles/zephyr.dir/soc/ite/ec/common/policy.c.obj
[gothrax:ro] [17/405] Building C object CMakeFiles/app.dir/mnt/host/source/src/platform/ec/zephyr/subsys/ap_pwrseq/signal_adc.c.obj
[screebo:ro] [35/419] Building C object CMakeFiles/app.dir/mnt/host/source/src/platform/ec/build/zephyr/screebo/modules/ec/common/system_boot_time.c.obj
[gothrax:rw] [173/405] Building C object zephyr/CMakeFiles/zephyr.dir/soc/ite/ec/it8xxx2/soc.c.obj
[felino4es:rw] [362/371] Building C object zephyr/kernel/CMakeFiles/kernel.dir/pipe.c.obj
[gothrax:rw] [174/405] Building C object zephyr/CMakeFiles/zephyr.dir/soc/ite/ec/it8xxx2/check_regs.c.obj
[gothrax:ro] [18/405] Building C object CMakeFiles/app.dir/mnt/host/source/src/platform/ec/zephyr/subsys/ap_pwrseq/power_host_sleep.c.obj
[screebo:ro] [36/419] Building C object CMakeFiles/app.dir/mnt/host/source/src/platform/ec/build/zephyr/screebo/modules/ec/common/util.c.obj
[felino4es:rw] [363/371] Building C object zephyr/kernel/CMakeFiles/kernel.dir/spinlock_validate.c.obj
[gothrax:ro] [19/405] Building C object CMakeFiles/app.dir/mnt/host/source/src/platform/ec/zephyr/subsys/ap_pwrseq/x86_non_dsx_common_pwrseq_sm_handler.c.obj
[felino4es:rw] [364/371] Building C object zephyr/kernel/CMakeFiles/kernel.dir/thread_monitor.c.obj
[gothrax:ro] [20/405] Building C object CMakeFiles/app.dir/mnt/host/source/src/platform/ec/zephyr/subsys/ap_pwrseq/x86_non_dsx_chipset_power_state.c.obj
[felino4es:rw] [365/371] Building C object zephyr/kernel/CMakeFiles/kernel.dir/timeout.c.obj
[skitty:ro] -- Generating done (0.3s)
[skitty:ro] CMake Warning:
[skitty:ro]   Manually-specified variables were not used by the project:
[skitty:ro]     COREBOOT_SDK_ROOT_arm
[skitty:ro]     COREBOOT_SDK_ROOT_libstdcxx_arm
[skitty:ro]     COREBOOT_SDK_ROOT_libstdcxx_x86
[skitty:ro]     COREBOOT_SDK_ROOT_nds32
[skitty:ro]     COREBOOT_SDK_ROOT_picolibc_arm
[skitty:ro]     COREBOOT_SDK_ROOT_picolibc_x86
[skitty:ro]     COREBOOT_SDK_ROOT_riscv
[skitty:ro]     COREBOOT_SDK_ROOT_x86
[skitty:ro] -- Build files have been written to: /mnt/host/source/src/platform/ec/build/zephyr/skitty/build-ro
[/mnt/host/source/src/platform/ec/build/zephyr/npcx_monitor-lcov]   /mnt/host/source/src/platform/ec/build/zephyr/npcx_monitor/build-singleimage/zephyr/arch/common/CMakeFiles/isr_tables.dir/isr_tables.c.gcno:no functions found
[/mnt/host/source/src/platform/ec/build/zephyr/npcx_monitor-lcov] stderr:
[gothrax:ro] [21/405] Building C object CMakeFiles/app.dir/mnt/host/source/src/platform/ec/zephyr/subsys/ap_pwrseq/x86_non_dsx_common_pwrseq_host_sleep.c.obj
[felino4es:rw] [366/371] Building C object zephyr/kernel/CMakeFiles/kernel.dir/timer.c.obj
[felino4es:rw] [367/371] Building C object zephyr/kernel/CMakeFiles/kernel.dir/poll.c.obj
[gothrax:ro] [22/405] Building C object CMakeFiles/app.dir/mnt/host/source/src/platform/ec/zephyr/subsys/ap_pwrseq/x86_non_dsx_common_pwrseq_console.c.obj
[felino4es:rw] [368/371] Building C object zephyr/kernel/CMakeFiles/kernel.dir/events.c.obj
[gothrax:ro] [23/405] Building C object CMakeFiles/app.dir/mnt/host/source/src/platform/ec/zephyr/subsys/ap_pwrseq/x86_non_dsx_common_pwrseq_host_command.c.obj
[gothrax:ro] [24/405] Building C object CMakeFiles/app.dir/mnt/host/source/src/platform/ec/zephyr/subsys/ap_pwrseq/x86_non_dsx_adlp_pwrseq_sm.c.obj
[felino4es:rw] [369/371] Building C object zephyr/kernel/CMakeFiles/kernel.dir/mempool.c.obj
[felino4es:rw] [370/371] Building C object zephyr/kernel/CMakeFiles/kernel.dir/dynamic_disabled.c.obj
[gothrax:ro] [25/405] Building C object CMakeFiles/app.dir/mnt/host/source/src/platform/ec/zephyr/subsys/ap_pwrseq/ap_reset_log.c.obj
[gothrax:ro] [26/405] Building C object CMakeFiles/app.dir/mnt/host/source/src/platform/ec/build/zephyr/gothrax/modules/ec/builtin/stdlib.c.obj
[gothrax:ro] [27/405] Building C object CMakeFiles/app.dir/mnt/host/source/src/platform/ec/build/zephyr/gothrax/modules/ec/common/base32.c.obj
[gothrax:rw] [175/405] Building ASM object zephyr/CMakeFiles/zephyr.dir/soc/ite/ec/it8xxx2/__arithmetic.S.obj
[gothrax:ro] [28/405] Building C object CMakeFiles/app.dir/mnt/host/source/src/platform/ec/build/zephyr/gothrax/modules/ec/common/console_output.c.obj
[gothrax:rw] [176/405] Building C object zephyr/CMakeFiles/zephyr.dir/soc/ite/ec/it8xxx2/ilm.c.obj
[gothrax:ro] [29/405] Building C object CMakeFiles/app.dir/mnt/host/source/src/platform/ec/build/zephyr/gothrax/modules/ec/common/ec_features.c.obj
[gothrax:rw] [177/405] Building C object zephyr/CMakeFiles/zephyr.dir/subsys/logging/log_minimal.c.obj
[gothrax:rw] [178/405] Building C object zephyr/CMakeFiles/zephyr.dir/subsys/pm/pm.c.obj
[gothrax:rw] [179/405] Building C object zephyr/CMakeFiles/zephyr.dir/subsys/pm/state.c.obj
[gothrax:ro] [30/405] Building C object CMakeFiles/app.dir/mnt/host/source/src/platform/ec/build/zephyr/gothrax/modules/ec/common/gpio_commands.c.obj
[felino4es:rw] [371/371] Linking C static library zephyr/kernel/libkernel.a
[gothrax:rw] [180/405] Building C object zephyr/CMakeFiles/zephyr.dir/subsys/pm/policy/policy_events.c.obj
[gothrax:rw] [181/405] Building C object zephyr/CMakeFiles/zephyr.dir/subsys/pm/policy/policy_latency.c.obj
[gothrax:ro] [31/405] Building C object CMakeFiles/app.dir/mnt/host/source/src/platform/ec/build/zephyr/gothrax/modules/ec/common/peripheral.c.obj
[gothrax:rw] [182/405] Building C object zephyr/CMakeFiles/zephyr.dir/subsys/pm/device.c.obj
[gothrax:rw] [183/405] Building C object zephyr/CMakeFiles/zephyr.dir/subsys/pm/policy/policy_state_lock.c.obj
[/mnt/host/source/src/platform/ec/build/zephyr/npcx_monitor-lcov]   /mnt/host/source/src/platform/ec/build/zephyr/npcx_monitor/build-singleimage/zephyr/CMakeFiles/zephyr.dir/lib/libc/validate_libc.c.gcno:no functions found
[/mnt/host/source/src/platform/ec/build/zephyr/npcx_monitor-lcov] stderr:
[gothrax:rw] [184/405] Building C object zephyr/CMakeFiles/zephyr.dir/subsys/pm/device_system_managed.c.obj
[gothrax:rw] [185/405] Building C object zephyr/CMakeFiles/zephyr.dir/subsys/testsuite/coverage/coverage.c.obj
[gothrax:rw] [186/405] Building C object zephyr/CMakeFiles/zephyr.dir/subsys/tracing/tracing_none.c.obj
[gothrax:ro] [32/405] Building C object CMakeFiles/app.dir/mnt/host/source/src/platform/ec/build/zephyr/gothrax/modules/ec/common/printf.c.obj
[gothrax:rw] [187/405] Building C object zephyr/CMakeFiles/zephyr.dir/subsys/shell/modules/kernel_service/kernel_shell.c.obj
[gothrax:rw] [188/405] Building C object zephyr/CMakeFiles/zephyr.dir/subsys/shell/modules/kernel_service/cycles.c.obj
[gothrax:rw] [189/405] Building ASM object zephyr/CMakeFiles/zephyr.dir/soc/ite/ec/common/soc_irq.S.obj
[gothrax:rw] [190/405] Building C object zephyr/CMakeFiles/zephyr.dir/subsys/shell/modules/kernel_service/sleep.c.obj
[gothrax:rw] [191/405] Building C object zephyr/CMakeFiles/zephyr.dir/subsys/shell/modules/kernel_service/uptime.c.obj
[gothrax:ro] [33/405] Building C object CMakeFiles/app.dir/mnt/host/source/src/platform/ec/build/zephyr/gothrax/modules/ec/common/queue.c.obj
[gothrax:rw] [192/405] Building C object zephyr/CMakeFiles/zephyr.dir/subsys/shell/modules/kernel_service/version.c.obj
[gothrax:rw] [193/405] Building C object zephyr/CMakeFiles/zephyr.dir/subsys/shell/modules/kernel_service/thread/list.c.obj
[gothrax:rw] [194/405] Building C object zephyr/CMakeFiles/zephyr.dir/subsys/shell/modules/kernel_service/thread/thread.c.obj
[gothrax:rw] [195/405] Building C object zephyr/CMakeFiles/zephyr.dir/subsys/shell/modules/kernel_service/thread/unwind.c.obj
[gothrax:rw] [196/405] Building C object zephyr/CMakeFiles/zephyr.dir/subsys/shell/modules/kernel_service/thread/stacks.c.obj
[gothrax:ro] [34/405] Building C object CMakeFiles/app.dir/mnt/host/source/src/platform/ec/build/zephyr/gothrax/modules/ec/common/system.c.obj
[gothrax:rw] [197/405] Building C object zephyr/CMakeFiles/zephyr.dir/subsys/shell/modules/kernel_service/thread/suspend.c.obj
[gothrax:rw] [198/405] Building C object zephyr/CMakeFiles/zephyr.dir/subsys/shell/modules/kernel_service/thread/resume.c.obj
[gothrax:rw] [199/405] Building C object zephyr/CMakeFiles/zephyr.dir/subsys/shell/modules/kernel_service/thread/kill.c.obj
[gothrax:rw] [200/405] Building C object zephyr/CMakeFiles/zephyr.dir/subsys/shell/modules/device_service.c.obj
[gothrax:rw] [201/405] Building C object zephyr/CMakeFiles/zephyr.dir/subsys/shell/modules/date_service.c.obj
[gothrax:rw] [202/405] Building C object zephyr/CMakeFiles/zephyr.dir/subsys/shell/modules/devmem_service.c.obj
[gothrax:ro] [35/405] Building C object CMakeFiles/app.dir/mnt/host/source/src/platform/ec/build/zephyr/gothrax/modules/ec/common/system_boot_time.c.obj
[gothrax:rw] [203/405] Building C object zephyr/CMakeFiles/zephyr.dir/subsys/shell/backends/shell_uart.c.obj
[gothrax:rw] [204/405] Building C object zephyr/CMakeFiles/zephyr.dir/subsys/shell/shell.c.obj
[gothrax:rw] [205/405] Building C object zephyr/CMakeFiles/zephyr.dir/subsys/shell/shell_fprintf.c.obj
[gothrax:ro] [36/405] Building C object CMakeFiles/app.dir/mnt/host/source/src/platform/ec/build/zephyr/gothrax/modules/ec/common/uart_printf.c.obj
[gothrax:rw] [206/405] Building ASM object zephyr/CMakeFiles/zephyr.dir/soc/ite/ec/it8xxx2/vector.S.obj
[gothrax:rw] [207/405] Building C object zephyr/CMakeFiles/zephyr.dir/subsys/shell/shell_utils.c.obj
[gothrax:rw] [208/405] Building C object zephyr/CMakeFiles/zephyr.dir/subsys/shell/shell_ops.c.obj
[gothrax:ro] [37/405] Building C object CMakeFiles/app.dir/mnt/host/source/src/platform/ec/build/zephyr/gothrax/modules/ec/common/util.c.obj
[gothrax:rw] [209/405] Building C object zephyr/CMakeFiles/zephyr.dir/subsys/shell/shell_help.c.obj
[gothrax:ro] [38/405] Building C object CMakeFiles/app.dir/mnt/host/source/src/platform/ec/build/zephyr/gothrax/modules/ec/common/version.c.obj
[gothrax:rw] [210/405] Building C object zephyr/CMakeFiles/zephyr.dir/subsys/shell/shell_history.c.obj
[gothrax:rw] [211/405] Building C object zephyr/CMakeFiles/zephyr.dir/subsys/shell/shell_wildcard.c.obj
[gothrax:rw] [212/405] Building C object zephyr/CMakeFiles/zephyr.dir/drivers/flash/flash_util.c.obj
[gothrax:rw] [213/405] Building C object zephyr/CMakeFiles/zephyr.dir/subsys/shell/shell_cmds.c.obj
[gothrax:rw] [214/405] Building C object zephyr/arch/common/CMakeFiles/arch__common.dir/sw_isr_common.c.obj
[gothrax:ro] [39/405] Building C object CMakeFiles/app.dir/mnt/host/source/src/platform/ec/build/zephyr/gothrax/modules/ec/common/power_button_x86.c.obj
[gothrax:rw] [215/405] Building C object zephyr/arch/common/CMakeFiles/arch__common.dir/dynamic_isr.c.obj
[gothrax:rw] [216/405] Building C object zephyr/arch/common/CMakeFiles/arch__common.dir/init.c.obj
[gothrax:rw] [217/405] Building C object zephyr/arch/common/CMakeFiles/arch__common.dir/xip.c.obj
[gothrax:rw] [218/405] Building C object zephyr/arch/common/CMakeFiles/isr_tables.dir/isr_tables.c.obj
[gothrax:rw] [219/405] Building C object zephyr/arch/arch/riscv/core/CMakeFiles/arch__riscv__core.dir/cpu_idle.c.obj
[gothrax:ro] [40/405] Building C object CMakeFiles/app.dir/mnt/host/source/src/platform/ec/build/zephyr/gothrax/modules/ec/driver/accel_bma4xx.c.obj
[gothrax:rw] [220/405] Building C object zephyr/arch/arch/riscv/core/CMakeFiles/arch__riscv__core.dir/fatal.c.obj
[gothrax:rw] [221/405] Building C object zephyr/arch/arch/riscv/core/CMakeFiles/arch__riscv__core.dir/prep_c.c.obj
[gothrax:rw] [222/405] Building C object zephyr/arch/arch/riscv/core/CMakeFiles/arch__riscv__core.dir/irq_manage.c.obj
[gothrax:ro] [41/405] Building C object CMakeFiles/app.dir/mnt/host/source/src/platform/ec/build/zephyr/gothrax/modules/ec/driver/accelgyro_bmi_common.c.obj
[gothrax:rw] [223/405] Building C object zephyr/arch/arch/riscv/core/CMakeFiles/arch__riscv__core.dir/reboot.c.obj
[gothrax:ro] [42/405] Building C object CMakeFiles/app.dir/mnt/host/source/src/platform/ec/build/zephyr/gothrax/modules/ec/driver/accelgyro_bmi3xx.c.obj
[gothrax:ro] [43/405] Building C object CMakeFiles/app.dir/mnt/host/source/src/platform/ec/build/zephyr/gothrax/modules/ec/common/motion_sense_fifo.c.obj
[gothrax:ro] [44/405] Building C object CMakeFiles/app.dir/mnt/host/source/src/platform/ec/build/zephyr/gothrax/modules/ec/common/adc.c.obj
[gothrax:rw] [224/405] Linking C static library zephyr/arch/common/libisr_tables.a
[gothrax:rw] [225/405] Linking C static library zephyr/libzephyr.a
[gothrax:rw] [226/405] Building C object zephyr/arch/arch/riscv/core/CMakeFiles/arch__riscv__core.dir/thread.c.obj
[gothrax:ro] [45/405] Building C object CMakeFiles/app.dir/mnt/host/source/src/platform/ec/build/zephyr/gothrax/modules/ec/common/acpi.c.obj
[gothrax:ro] [46/405] Building C object CMakeFiles/app.dir/mnt/host/source/src/platform/ec/build/zephyr/gothrax/modules/ec/common/backlight_lid.c.obj
[gothrax:ro] [47/405] Building C object CMakeFiles/app.dir/mnt/host/source/src/platform/ec/build/zephyr/gothrax/modules/ec/common/battery.c.obj
[gothrax:rw] [227/405] Linking C static library zephyr/arch/common/libarch__common.a
[gothrax:ro] [48/405] Building C object CMakeFiles/app.dir/mnt/host/source/src/platform/ec/build/zephyr/gothrax/modules/ec/common/battery_info.c.obj
[gothrax:rw] [228/405] Building C object zephyr/arch/arch/riscv/core/CMakeFiles/arch__riscv__core.dir/stacktrace.c.obj
[gothrax:ro] [49/405] Building C object CMakeFiles/app.dir/mnt/host/source/src/platform/ec/build/zephyr/gothrax/modules/ec/common/battery_fuel_gauge.c.obj
[gothrax:ro] [50/405] Building C object CMakeFiles/app.dir/mnt/host/source/src/platform/ec/build/zephyr/gothrax/modules/ec/driver/battery/smart.c.obj
[gothrax:ro] [51/405] Building C object CMakeFiles/app.dir/mnt/host/source/src/platform/ec/build/zephyr/gothrax/modules/ec/driver/bc12/pi3usb9201.c.obj
[gothrax:rw] [229/405] Generating ../../../include/generated/libc/minimal/strerror_table.h
[gothrax:ro] [52/405] Building C object CMakeFiles/app.dir/mnt/host/source/src/platform/ec/build/zephyr/gothrax/modules/ec/driver/charger/isl923x.c.obj
[gothrax:ro] [53/405] Building C object CMakeFiles/app.dir/mnt/host/source/src/platform/ec/build/zephyr/gothrax/modules/ec/common/charger.c.obj
[gothrax:rw] [230/405] Building C object zephyr/lib/libc/minimal/CMakeFiles/lib__libc__minimal.dir/source/stdlib/atoi.c.obj
[gothrax:rw] [231/405] Building C object zephyr/lib/libc/minimal/CMakeFiles/lib__libc__minimal.dir/source/stdlib/strtol.c.obj
[gothrax:rw] [232/405] Building C object zephyr/lib/libc/minimal/CMakeFiles/lib__libc__minimal.dir/source/stdlib/strtoul.c.obj
[gothrax:ro] [54/405] Building C object CMakeFiles/app.dir/mnt/host/source/src/platform/ec/build/zephyr/gothrax/modules/ec/common/charge_state.c.obj
[gothrax:rw] [233/405] Building C object zephyr/lib/libc/minimal/CMakeFiles/lib__libc__minimal.dir/source/stdlib/strtoll.c.obj
[gothrax:ro] [55/405] Building C object CMakeFiles/app.dir/mnt/host/source/src/platform/ec/build/zephyr/gothrax/modules/ec/common/charge_manager.c.obj
[gothrax:rw] [234/405] Building C object zephyr/lib/libc/minimal/CMakeFiles/lib__libc__minimal.dir/source/stdlib/strtoull.c.obj
[gothrax:rw] [235/405] Building C object zephyr/lib/libc/minimal/CMakeFiles/lib__libc__minimal.dir/source/stdlib/bsearch.c.obj
[gothrax:rw] [236/405] Building C object zephyr/lib/libc/minimal/CMakeFiles/lib__libc__minimal.dir/source/stdlib/exit.c.obj
[gothrax:ro] [56/405] Building C object CMakeFiles/app.dir/mnt/host/source/src/platform/ec/build/zephyr/gothrax/modules/ec/common/ocpc.c.obj
[gothrax:rw] [237/405] Building C object zephyr/lib/libc/minimal/CMakeFiles/lib__libc__minimal.dir/source/stdlib/qsort.c.obj
[gothrax:ro] [57/405] Building C object CMakeFiles/app.dir/mnt/host/source/src/platform/ec/build/zephyr/gothrax/modules/ec/common/cbi_common.c.obj
[gothrax:rw] [238/405] Building C object zephyr/lib/libc/minimal/CMakeFiles/lib__libc__minimal.dir/source/string/strerror.c.obj
[gothrax:rw] [239/405] Building C object zephyr/lib/libc/minimal/CMakeFiles/lib__libc__minimal.dir/source/string/strncasecmp.c.obj
[gothrax:ro] [58/405] Building C object CMakeFiles/app.dir/mnt/host/source/src/platform/ec/build/zephyr/gothrax/modules/ec/common/cbi.c.obj
[gothrax:rw] [240/405] Building C object zephyr/lib/libc/minimal/CMakeFiles/lib__libc__minimal.dir/source/string/strstr.c.obj
[gothrax:ro] [59/405] Building C object CMakeFiles/app.dir/mnt/host/source/src/platform/ec/build/zephyr/gothrax/modules/ec/common/cbi_config.c.obj
[gothrax:rw] [241/405] Building C object zephyr/lib/libc/minimal/CMakeFiles/lib__libc__minimal.dir/source/string/string.c.obj
[gothrax:ro] [60/405] Building C object CMakeFiles/app.dir/mnt/host/source/src/platform/ec/build/zephyr/gothrax/modules/ec/common/memory_commands.c.obj
[screebo:ro] [37/419] Building C object CMakeFiles/app.dir/mnt/host/source/src/platform/ec/build/zephyr/screebo/modules/ec/common/version.c.obj
[gothrax:rw] [242/405] Building C object zephyr/lib/libc/minimal/CMakeFiles/lib__libc__minimal.dir/source/string/strspn.c.obj
[screebo:ro] [38/419] Building C object CMakeFiles/app.dir/mnt/host/source/src/platform/ec/build/zephyr/screebo/modules/ec/common/power_button_x86.c.obj
[gothrax:ro] [61/405] Building C object CMakeFiles/app.dir/mnt/host/source/src/platform/ec/build/zephyr/gothrax/modules/ec/common/dptf.c.obj
[gothrax:ro] [62/405] Building C object CMakeFiles/app.dir/mnt/host/source/src/platform/ec/build/zephyr/gothrax/modules/ec/common/ap_reset_log.c.obj
[gothrax:rw] [243/405] Building C object zephyr/lib/libc/minimal/CMakeFiles/lib__libc__minimal.dir/source/stdout/stdout_console.c.obj
[gothrax:ro] [63/405] Building C object CMakeFiles/app.dir/mnt/host/source/src/platform/ec/build/zephyr/gothrax/modules/ec/common/espi.c.obj
[ojal:rw] -- Board: realtek, qualifiers: rts5912
[gothrax:rw] [244/405] Building C object zephyr/lib/libc/minimal/CMakeFiles/lib__libc__minimal.dir/source/stdout/sprintf.c.obj
[gothrax:ro] [64/405] Building C object CMakeFiles/app.dir/mnt/host/source/src/platform/ec/build/zephyr/gothrax/modules/ec/common/extpower_common.c.obj
[gothrax:ro] [65/405] Building C object CMakeFiles/app.dir/mnt/host/source/src/platform/ec/build/zephyr/gothrax/modules/ec/common/fan.c.obj
[screebo:ro] [39/419] Building C object CMakeFiles/app.dir/mnt/host/source/src/platform/ec/build/zephyr/screebo/modules/ec/common/adc.c.obj
[gothrax:rw] [245/405] Building C object zephyr/lib/libc/minimal/CMakeFiles/lib__libc__minimal.dir/source/stdout/fprintf.c.obj
[gothrax:ro] [66/405] Building C object CMakeFiles/app.dir/mnt/host/source/src/platform/ec/build/zephyr/gothrax/modules/ec/common/flash.c.obj
[gothrax:ro] [67/405] Building C object CMakeFiles/app.dir/mnt/host/source/src/platform/ec/build/zephyr/gothrax/modules/ec/common/host_command.c.obj
[gothrax:rw] [246/405] Building C object zephyr/lib/libc/minimal/CMakeFiles/lib__libc__minimal.dir/source/math/sqrtf.c.obj
[gothrax:rw] [247/405] Building C object zephyr/lib/libc/minimal/CMakeFiles/lib__libc__minimal.dir/source/math/sqrt.c.obj
[gothrax:ro] [68/405] Building C object CMakeFiles/app.dir/mnt/host/source/src/platform/ec/build/zephyr/gothrax/modules/ec/common/host_command_task.c.obj
[gothrax:ro] [69/405] Building C object CMakeFiles/app.dir/mnt/host/source/src/platform/ec/build/zephyr/gothrax/modules/ec/common/host_event_commands.c.obj
[gothrax:rw] [248/405] Building C object zephyr/lib/libc/minimal/CMakeFiles/lib__libc__minimal.dir/source/time/gmtime.c.obj
[gothrax:ro] [70/405] Building C object CMakeFiles/app.dir/mnt/host/source/src/platform/ec/build/zephyr/gothrax/modules/ec/common/uart_hostcmd.c.obj
[screebo:ro] [40/419] Building C object CMakeFiles/app.dir/mnt/host/source/src/platform/ec/build/zephyr/screebo/modules/ec/common/backlight_lid.c.obj
[gothrax:ro] [71/405] Building C object CMakeFiles/app.dir/mnt/host/source/src/platform/ec/build/zephyr/gothrax/modules/ec/common/uptime.c.obj
[gothrax:ro] [72/405] Building C object CMakeFiles/app.dir/mnt/host/source/src/platform/ec/build/zephyr/gothrax/modules/ec/common/i2c_controller.c.obj
[gothrax:ro] [73/405] Building C object CMakeFiles/app.dir/mnt/host/source/src/platform/ec/build/zephyr/gothrax/modules/ec/common/i2c_passthru.c.obj
[screebo:ro] [41/419] Building C object CMakeFiles/app.dir/mnt/host/source/src/platform/ec/build/zephyr/screebo/modules/ec/common/acpi.c.obj
[gothrax:ro] [74/405] Building C object CMakeFiles/app.dir/mnt/host/source/src/platform/ec/build/zephyr/gothrax/modules/ec/common/keyboard_scan.c.obj
[gothrax:ro] [75/405] Building C object CMakeFiles/app.dir/mnt/host/source/src/platform/ec/build/zephyr/gothrax/modules/ec/common/keyboard_8042.c.obj
[gothrax:rw] [249/405] Linking C static library zephyr/lib/libc/minimal/liblib__libc__minimal.a
[gothrax:ro] [76/405] Building C object CMakeFiles/app.dir/mnt/host/source/src/platform/ec/build/zephyr/gothrax/modules/ec/common/keyboard_8042_sharedlib.c.obj
[gothrax:ro] [77/405] Building C object CMakeFiles/app.dir/mnt/host/source/src/platform/ec/build/zephyr/gothrax/modules/ec/common/mkbp_fifo.c.obj
[gothrax:rw] [250/405] Building C object zephyr/lib/libc/common/CMakeFiles/lib__libc__common.dir/source/stdlib/abort.c.obj
[gothrax:rw] [251/405] Building ASM object zephyr/arch/arch/riscv/core/CMakeFiles/arch__riscv__core.dir/reset.S.obj
[gothrax:rw] [252/405] Building C object zephyr/lib/libc/common/CMakeFiles/lib__libc__common.dir/source/time/asctime.c.obj
[gothrax:ro] [78/405] Building C object CMakeFiles/app.dir/mnt/host/source/src/platform/ec/build/zephyr/gothrax/modules/ec/common/mkbp_info.c.obj
[gothrax:rw] [253/405] Building ASM object zephyr/arch/arch/riscv/core/CMakeFiles/arch__riscv__core.dir/switch.S.obj
[gothrax:rw] [254/405] Building C object zephyr/lib/libc/common/CMakeFiles/lib__libc__common.dir/source/time/gmtime_r.c.obj
[gothrax:ro] [79/405] Building C object CMakeFiles/app.dir/mnt/host/source/src/platform/ec/build/zephyr/gothrax/modules/ec/common/mkbp_input_devices.c.obj
[gothrax:rw] [255/405] Building C object zephyr/lib/libc/common/CMakeFiles/lib__libc__common.dir/source/time/localtime_r_utc.c.obj
[gothrax:rw] [256/405] Building C object zephyr/lib/libc/common/CMakeFiles/lib__libc__common.dir/source/time/ctime.c.obj
[gothrax:ro] [80/405] Building C object CMakeFiles/app.dir/mnt/host/source/src/platform/ec/build/zephyr/gothrax/modules/ec/common/led_common.c.obj
[gothrax:rw] [257/405] Building C object zephyr/lib/libc/common/CMakeFiles/lib__libc__common.dir/source/time/time.c.obj
[gothrax:rw] [258/405] Building C object zephyr/lib/libc/common/CMakeFiles/lib__libc__common.dir/source/stdlib/malloc.c.obj
[gothrax:rw] [259/405] Building C object zephyr/lib/libc/common/CMakeFiles/lib__libc__common.dir/source/string/strnlen.c.obj
[gothrax:rw] [260/405] Building C object zephyr/lib/posix/c_lib_ext/CMakeFiles/lib__posix__c_lib_ext.dir/fnmatch.c.obj
[gothrax:ro] [81/405] Building C object CMakeFiles/app.dir/mnt/host/source/src/platform/ec/build/zephyr/gothrax/modules/ec/common/motion_lid.c.obj
[gothrax:rw] [261/405] Building C object zephyr/lib/posix/c_lib_ext/CMakeFiles/lib__posix__c_lib_ext.dir/getopt_shim.c.obj
[gothrax:rw] [262/405] Building ASM object zephyr/arch/arch/riscv/core/CMakeFiles/arch__riscv__core.dir/isr.S.obj
[gothrax:rw] [263/405] Building C object zephyr/lib/posix/c_lib_ext/CMakeFiles/lib__posix__c_lib_ext.dir/getentropy.c.obj
[gothrax:rw] [264/405] Building C object zephyr/subsys/crc/CMakeFiles/subsys__crc.dir/crc4_sw.c.obj
[gothrax:ro] [82/405] Building C object CMakeFiles/app.dir/mnt/host/source/src/platform/ec/build/zephyr/gothrax/modules/ec/common/lid_angle.c.obj
[gothrax:rw] [265/405] Building C object zephyr/subsys/crc/CMakeFiles/subsys__crc.dir/crc8_sw.c.obj
[gothrax:rw] [266/405] Building C object zephyr/subsys/crc/CMakeFiles/subsys__crc.dir/crc16_sw.c.obj
[gothrax:ro] [83/405] Building C object CMakeFiles/app.dir/mnt/host/source/src/platform/ec/build/zephyr/gothrax/modules/ec/common/lid_angle_keyboard_policy.c.obj
[gothrax:rw] [267/405] Building C object zephyr/subsys/crc/CMakeFiles/subsys__crc.dir/crc7_sw.c.obj
[gothrax:rw] [268/405] Linking C static library zephyr/lib/libc/common/liblib__libc__common.a
[gothrax:ro] [84/405] Building C object CMakeFiles/app.dir/mnt/host/source/src/platform/ec/build/zephyr/gothrax/modules/ec/common/lid_switch.c.obj
[gothrax:rw] [269/405] Building C object zephyr/subsys/crc/CMakeFiles/subsys__crc.dir/crc24_sw.c.obj
[gothrax:rw] [270/405] Building C object zephyr/subsys/crc/CMakeFiles/subsys__crc.dir/crc32c_sw.c.obj
[gothrax:rw] [271/405] Building C object zephyr/subsys/crc/CMakeFiles/subsys__crc.dir/crc32_sw.c.obj
[gothrax:rw] [272/405] Building C object zephyr/subsys/crc/CMakeFiles/subsys__crc.dir/crc32k_4_2_sw.c.obj
[gothrax:ro] [85/405] Building C object CMakeFiles/app.dir/mnt/host/source/src/platform/ec/build/zephyr/gothrax/modules/ec/common/mkbp_event.c.obj
[gothrax:rw] [273/405] Linking C static library zephyr/arch/arch/riscv/core/libarch__riscv__core.a
[gothrax:rw] [274/405] Linking C static library zephyr/lib/posix/c_lib_ext/liblib__posix__c_lib_ext.a
[gothrax:rw] [275/405] Building C object zephyr/drivers/interrupt_controller/CMakeFiles/drivers__interrupt_controller.dir/intc_ite_it8xxx2.c.obj
[gothrax:ro] [86/405] Building C object CMakeFiles/app.dir/mnt/host/source/src/platform/ec/build/zephyr/gothrax/modules/ec/common/motion_sense.c.obj
[gothrax:rw] [276/405] Building C object zephyr/drivers/interrupt_controller/CMakeFiles/drivers__interrupt_controller.dir/wuc_ite_it8xxx2.c.obj
[gothrax:rw] [277/405] Building C object zephyr/drivers/adc/CMakeFiles/drivers__adc.dir/adc_common.c.obj
[gothrax:rw] [278/405] Building C object zephyr/drivers/adc/CMakeFiles/drivers__adc.dir/adc_ite_it8xxx2.c.obj
[gothrax:ro] [87/405] Building C object CMakeFiles/app.dir/mnt/host/source/src/platform/ec/build/zephyr/gothrax/modules/ec/common/port80.c.obj
[gothrax:rw] [279/405] Building C object zephyr/drivers/bbram/CMakeFiles/drivers__bbram.dir/bbram_it8xxx2.c.obj
[gothrax:ro] [88/405] Building C object CMakeFiles/app.dir/mnt/host/source/src/platform/ec/build/zephyr/gothrax/modules/ec/common/power_button.c.obj
[gothrax:ro] [89/405] Building C object CMakeFiles/app.dir/mnt/host/source/src/platform/ec/build/zephyr/gothrax/modules/ec/power/hibernate.c.obj
[gothrax:ro] [90/405] Building C object CMakeFiles/app.dir/mnt/host/source/src/platform/ec/build/zephyr/gothrax/modules/ec/common/panic_output.c.obj
[gothrax:rw] [280/405] Linking C static library zephyr/subsys/crc/libsubsys__crc.a
[gothrax:ro] [91/405] Building C object CMakeFiles/app.dir/mnt/host/source/src/platform/ec/build/zephyr/gothrax/modules/ec/driver/sha256/sha256_it8xxx2.c.obj
[gothrax:ro] [92/405] Building C object CMakeFiles/app.dir/mnt/host/source/src/platform/ec/build/zephyr/gothrax/modules/ec/common/shared_mem.c.obj
[gothrax:rw] [281/405] Building C object zephyr/drivers/console/CMakeFiles/drivers__console.dir/uart_console.c.obj
[gothrax:rw] [282/405] Linking C static library zephyr/drivers/bbram/libdrivers__bbram.a
[gothrax:ro] [93/405] Building C object CMakeFiles/app.dir/mnt/host/source/src/platform/ec/build/zephyr/gothrax/modules/ec/common/switch.c.obj
[gothrax:rw] [283/405] Linking C static library zephyr/drivers/interrupt_controller/libdrivers__interrupt_controller.a
[/mnt/host/source/src/platform/ec/build/zephyr/npcx_monitor-lcov]   /mnt/host/source/src/platform/ec/build/zephyr/npcx_monitor/build-singleimage/zephyr/CMakeFiles/zephyr.dir/lib/utils/last_section_id.c.gcno:no functions found
[gothrax:ro] [94/405] Building C object CMakeFiles/app.dir/mnt/host/source/src/platform/ec/build/zephyr/gothrax/modules/ec/common/tablet_mode.c.obj
[/mnt/host/source/src/platform/ec/build/zephyr/npcx_monitor-lcov] stderr:
[gothrax:rw] [284/405] Building C object zephyr/drivers/eeprom/CMakeFiles/drivers__eeprom.dir/eeprom_shell.c.obj
[screebo:ro] [42/419] Building C object CMakeFiles/app.dir/mnt/host/source/src/platform/ec/build/zephyr/screebo/modules/ec/common/battery.c.obj
[gothrax:ro] [95/405] Building C object CMakeFiles/app.dir/mnt/host/source/src/platform/ec/build/zephyr/gothrax/modules/ec/common/thermal.c.obj
[gothrax:rw] [285/405] Building C object zephyr/drivers/eeprom/CMakeFiles/drivers__eeprom.dir/eeprom_at2x.c.obj
[gothrax:rw] [286/405] Linking C static library zephyr/drivers/adc/libdrivers__adc.a
[gothrax:ro] [96/405] Building C object CMakeFiles/app.dir/mnt/host/source/src/platform/ec/build/zephyr/gothrax/modules/ec/common/temp_sensor.c.obj
[gothrax:rw] [287/405] Building C object zephyr/drivers/flash/CMakeFiles/drivers__flash.dir/flash_ite_it8xxx2.c.obj
[gothrax:rw] [288/405] Linking C static library zephyr/drivers/console/libdrivers__console.a
[gothrax:rw] [289/405] Building C object zephyr/drivers/espi/CMakeFiles/drivers__espi.dir/espi_it8xxx2.c.obj
[gothrax:rw] [290/405] Building C object zephyr/drivers/gpio/CMakeFiles/drivers__gpio.dir/gpio_ite_it8xxx2.c.obj
[gothrax:ro] [97/405] Building C object CMakeFiles/app.dir/mnt/host/source/src/platform/ec/build/zephyr/gothrax/modules/ec/driver/temp_sensor/thermistor.c.obj
[gothrax:ro] [98/405] Building C object CMakeFiles/app.dir/mnt/host/source/src/platform/ec/build/zephyr/gothrax/modules/ec/common/throttle_ap.c.obj
[gothrax:rw] [291/405] Building C object zephyr/drivers/gpio/CMakeFiles/drivers__gpio.dir/gpio_kscan_ite_it8xxx2.c.obj
[gothrax:ro] [99/405] Building C object CMakeFiles/app.dir/mnt/host/source/src/platform/ec/build/zephyr/gothrax/modules/ec/common/timer.c.obj
[gothrax:ro] [100/405] Building C object CMakeFiles/app.dir/mnt/host/source/src/platform/ec/build/zephyr/gothrax/modules/ec/common/usb_charger.c.obj
[gothrax:ro] [101/405] Building C object CMakeFiles/app.dir/mnt/host/source/src/platform/ec/build/zephyr/gothrax/modules/ec/common/usb_port_power_smart.c.obj
[gothrax:rw] [292/405] Linking C static library zephyr/drivers/eeprom/libdrivers__eeprom.a
[gothrax:rw] [293/405] Linking C static library zephyr/drivers/flash/libdrivers__flash.a
[gothrax:ro] [102/405] Building C object CMakeFiles/app.dir/mnt/host/source/src/platform/ec/build/zephyr/gothrax/modules/ec/common/typec_control.c.obj
[gothrax:rw] [294/405] Building C object zephyr/drivers/i2c/CMakeFiles/drivers__i2c.dir/i2c_common.c.obj
[gothrax:ro] [103/405] Building C object CMakeFiles/app.dir/mnt/host/source/src/platform/ec/build/zephyr/gothrax/modules/ec/common/usb_common.c.obj
[gothrax:rw] [295/405] Building C object zephyr/drivers/i2c/CMakeFiles/drivers__i2c.dir/i2c_bitbang.c.obj
[gothrax:ro] [104/405] Building C object CMakeFiles/app.dir/mnt/host/source/src/platform/ec/build/zephyr/gothrax/modules/ec/common/usb_pd_pdo.c.obj
[gothrax:rw] [296/405] Linking C static library zephyr/drivers/espi/libdrivers__espi.a
[gothrax:rw] [297/405] Building C object zephyr/drivers/i2c/CMakeFiles/drivers__i2c.dir/i2c_shell.c.obj
[gothrax:rw] [298/405] Building C object zephyr/drivers/i2c/CMakeFiles/drivers__i2c.dir/i2c_ite_enhance.c.obj
[gothrax:rw] [299/405] Building C object zephyr/drivers/i2c/CMakeFiles/drivers__i2c.dir/i2c_ite_it8xxx2.c.obj
[gothrax:rw] [300/405] Building C object zephyr/drivers/pinctrl/CMakeFiles/drivers__pinctrl.dir/pinctrl_ite_it8xxx2.c.obj
[gothrax:rw] [301/405] Building C object zephyr/drivers/pinctrl/CMakeFiles/drivers__pinctrl.dir/common.c.obj
[gothrax:ro] [105/405] Building C object CMakeFiles/app.dir/mnt/host/source/src/platform/ec/build/zephyr/gothrax/modules/ec/common/usbc/usbc_task.c.obj
[gothrax:rw] [302/405] Linking C static library zephyr/drivers/gpio/libdrivers__gpio.a
[gothrax:ro] [106/405] Building C object CMakeFiles/app.dir/mnt/host/source/src/platform/ec/build/zephyr/gothrax/modules/ec/common/usbc/usb_pd_timer.c.obj
[gothrax:ro] [107/405] Building C object CMakeFiles/app.dir/mnt/host/source/src/platform/ec/build/zephyr/gothrax/modules/ec/common/usbc/usb_sm.c.obj
[gothrax:rw] [303/405] Building C object zephyr/drivers/pwm/CMakeFiles/drivers__pwm.dir/pwm_shell.c.obj
[gothrax:rw] [304/405] Building C object zephyr/drivers/pwm/CMakeFiles/drivers__pwm.dir/pwm_ite_it8xxx2.c.obj
[gothrax:rw] [305/405] Building C object zephyr/drivers/sensor/CMakeFiles/drivers__sensor.dir/mnt/host/source/src/third_party/zephyr/main/misc/empty_file.c.obj
[gothrax:ro] [108/405] Building C object CMakeFiles/app.dir/mnt/host/source/src/platform/ec/build/zephyr/gothrax/modules/ec/common/usbc_intr_task.c.obj
[gothrax:rw] [306/405] Linking C static library zephyr/drivers/pinctrl/libdrivers__pinctrl.a
[gothrax:rw] [307/405] Building C object zephyr/drivers/sensor/ite/ite_tach_it8xxx2/CMakeFiles/drivers__sensor__ite__ite_tach_it8xxx2.dir/tach_ite_it8xxx2.c.obj
[gothrax:ro] [109/405] Building C object CMakeFiles/app.dir/mnt/host/source/src/platform/ec/build/zephyr/gothrax/modules/ec/common/usbc_utils.c.obj
[gothrax:ro] [110/405] Building C object CMakeFiles/app.dir/mnt/host/source/src/platform/ec/build/zephyr/gothrax/modules/ec/common/usb_pd_flags.c.obj
[gothrax:ro] [111/405] Building C object CMakeFiles/app.dir/mnt/host/source/src/platform/ec/build/zephyr/gothrax/modules/ec/common/chargen.c.obj
[gothrax:rw] [308/405] Linking C static library zephyr/drivers/i2c/libdrivers__i2c.a
[gothrax:rw] [309/405] Linking C static library zephyr/drivers/sensor/libdrivers__sensor.a
[gothrax:ro] [112/405] Building C object CMakeFiles/app.dir/mnt/host/source/src/platform/ec/build/zephyr/gothrax/modules/ec/common/usbc/usb_pd_console.c.obj
[gothrax:rw] [310/405] Building C object zephyr/drivers/sensor/ite/ite_vcmp_it8xxx2/CMakeFiles/drivers__sensor__ite__ite_vcmp_it8xxx2.dir/vcmp_ite_it8xxx2.c.obj
[gothrax:rw] [311/405] Building C object zephyr/drivers/serial/CMakeFiles/drivers__serial.dir/uart_ite_it8xxx2.c.obj
[gothrax:rw] [312/405] Building C object zephyr/drivers/serial/CMakeFiles/drivers__serial.dir/uart_ns16550.c.obj
[gothrax:rw] [313/405] Linking C static library zephyr/drivers/pwm/libdrivers__pwm.a
[gothrax:rw] [314/405] Linking C static library zephyr/drivers/sensor/ite/ite_tach_it8xxx2/libdrivers__sensor__ite__ite_tach_it8xxx2.a
[gothrax:rw] [315/405] Building C object zephyr/drivers/timer/CMakeFiles/drivers__timer.dir/sys_clock_init.c.obj
[gothrax:ro] [113/405] Building C object CMakeFiles/app.dir/mnt/host/source/src/platform/ec/build/zephyr/gothrax/modules/ec/driver/retimer/anx7483.c.obj
[gothrax:ro] [114/405] Building C object CMakeFiles/app.dir/mnt/host/source/src/platform/ec/build/zephyr/gothrax/modules/ec/driver/usb_mux/usb_mux.c.obj
[gothrax:rw] [316/405] Building C object zephyr/drivers/timer/CMakeFiles/drivers__timer.dir/ite_it8xxx2_timer.c.obj
[gothrax:ro] [115/405] Building C object CMakeFiles/app.dir/mnt/host/source/src/platform/ec/build/zephyr/gothrax/modules/ec/driver/usb_mux/virtual.c.obj
[gothrax:rw] [317/405] Building C object zephyr/drivers/watchdog/CMakeFiles/drivers__watchdog.dir/wdt_ite_it8xxx2.c.obj
[gothrax:rw] [318/405] Building C object zephyr/drivers/watchdog/CMakeFiles/drivers__watchdog.dir/wdt_shell.c.obj
[gothrax:rw] [319/405] Linking C static library zephyr/drivers/sensor/ite/ite_vcmp_it8xxx2/libdrivers__sensor__ite__ite_vcmp_it8xxx2.a
[gothrax:rw] [320/405] Linking C static library zephyr/drivers/serial/libdrivers__serial.a
[gothrax:ro] [116/405] Building C object CMakeFiles/app.dir/mnt/host/source/src/platform/ec/build/zephyr/gothrax/modules/ec/common/usbc/usb_tc_drp_acc_trysrc_sm.c.obj
[screebo:ro] [43/419] Building C object CMakeFiles/app.dir/mnt/host/source/src/platform/ec/build/zephyr/screebo/modules/ec/common/battery_info.c.obj
[gothrax:rw] [321/405] Building C object modules/ec/zephyr/CMakeFiles/ec_shim.dir/app/ec/ec_app_main.c.obj
[gothrax:ro] [117/405] Building C object CMakeFiles/app.dir/mnt/host/source/src/platform/ec/build/zephyr/gothrax/modules/ec/common/usbc/usb_prl_sm.c.obj
[gothrax:rw] [322/405] Building C object modules/ec/zephyr/CMakeFiles/ec_shim.dir/app/ec/main_shim.c.obj
[gothrax:rw] [323/405] Building C object modules/ec/zephyr/CMakeFiles/ec_shim.dir/app/ec/chip/riscv/riscv-ite/it8xxx2-espi.c.obj
[gothrax:rw] [324/405] Building C object modules/ec/zephyr/CMakeFiles/ec_shim.dir/drivers/cros_flash/cros_flash_it8xxx2.c.obj
[gothrax:rw] [325/405] Linking C static library zephyr/drivers/timer/libdrivers__timer.a
[gothrax:ro] [118/405] Building C object CMakeFiles/app.dir/mnt/host/source/src/platform/ec/build/zephyr/gothrax/modules/ec/common/usbc/usb_pe_drp_sm.c.obj
[gothrax:rw] [326/405] Building C object modules/ec/zephyr/CMakeFiles/ec_shim.dir/drivers/cros_kb_raw/cros_kb_raw_ite.c.obj
[gothrax:ro] [119/405] Building C object CMakeFiles/app.dir/mnt/host/source/src/platform/ec/build/zephyr/gothrax/modules/ec/common/usbc/usb_pd_dpm.c.obj
[gothrax:rw] [327/405] Linking C static library zephyr/drivers/watchdog/libdrivers__watchdog.a
[gothrax:rw] [328/405] Building C object modules/ec/zephyr/CMakeFiles/ec_shim.dir/drivers/vivaldi_kbd/vivaldi_kbd.c.obj
[gothrax:rw] [329/405] Building C object modules/ec/zephyr/CMakeFiles/ec_shim.dir/drivers/cros_system/cros_system_it8xxx2.c.obj
[gothrax:rw] [330/405] Building C object modules/ec/zephyr/CMakeFiles/ec_shim.dir/shim/chip/it8xxx2/clock.c.obj
[gothrax:ro] [120/405] Building C object CMakeFiles/app.dir/mnt/host/source/src/platform/ec/build/zephyr/gothrax/modules/ec/common/usbc/usbc_pd_policy.c.obj
[screebo:ro] [44/419] Building C object CMakeFiles/app.dir/mnt/host/source/src/platform/ec/build/zephyr/screebo/modules/ec/common/battery_fuel_gauge.c.obj
[gothrax:rw] [331/405] Building C object modules/ec/zephyr/CMakeFiles/ec_shim.dir/shim/chip/it8xxx2/gpio.c.obj
[gothrax:ro] [121/405] Building C object CMakeFiles/app.dir/mnt/host/source/src/platform/ec/build/zephyr/gothrax/modules/ec/common/usbc/dp_alt_mode.c.obj
[ocicat-ish:singleimage] -- Generating done (6.5s)
[ocicat-ish:singleimage]   __ASSERT() statements are globally ENABLED
[ocicat-ish:singleimage] CMake Warning:
[gothrax:ro] [122/405] Building C object CMakeFiles/app.dir/mnt/host/source/src/platform/ec/build/zephyr/gothrax/modules/ec/common/usb_pd_console_cmd.c.obj
[gothrax:rw] [332/405] Building C object modules/ec/zephyr/CMakeFiles/ec_shim.dir/shim/chip/it8xxx2/system.c.obj
[gothrax:rw] [333/405] Building C object modules/ec/zephyr/CMakeFiles/ec_shim.dir/shim/chip/it8xxx2/keyboard_raw.c.obj
[gothrax:rw] [334/405] Building C object modules/ec/zephyr/CMakeFiles/ec_shim.dir/shim/chip/it8xxx2/power_policy.c.obj
[gothrax:rw] [335/405] Building C object modules/ec/zephyr/CMakeFiles/ec_shim.dir/shim/src/console.c.obj
[gothrax:rw] [336/405] Building C object modules/ec/zephyr/CMakeFiles/ec_shim.dir/shim/src/crc.c.obj
[gothrax:ro] [123/405] Building C object CMakeFiles/app.dir/mnt/host/source/src/platform/ec/build/zephyr/gothrax/modules/ec/common/usb_pd_host_cmd.c.obj
[gothrax:rw] [337/405] Building C object modules/ec/zephyr/CMakeFiles/ec_shim.dir/shim/src/gpio.c.obj
[gothrax:rw] [338/405] Building C object modules/ec/zephyr/CMakeFiles/ec_shim.dir/shim/src/gpio_int.c.obj
[gothrax:rw] [339/405] Building C object modules/ec/zephyr/CMakeFiles/ec_shim.dir/shim/src/pm_state.c.obj
[screebo:ro] [45/419] Building C object CMakeFiles/app.dir/mnt/host/source/src/platform/ec/build/zephyr/screebo/modules/ec/driver/bc12/pi3usb9201.c.obj
[gothrax:rw] [340/405] Building C object modules/ec/zephyr/CMakeFiles/ec_shim.dir/shim/src/panic_utils.c.obj
[gothrax:ro] [124/405] Building C object CMakeFiles/app.dir/mnt/host/source/src/platform/ec/build/zephyr/gothrax/modules/ec/common/usbc/usb_pd_host.c.obj
[gothrax:ro] [125/405] Building C object CMakeFiles/app.dir/mnt/host/source/src/platform/ec/build/zephyr/gothrax/modules/ec/zephyr/shim/src/tcpc.c.obj
[gothrax:rw] [341/405] Building C object modules/ec/zephyr/CMakeFiles/ec_shim.dir/shim/src/cbi/cros_cbi.c.obj
[gothrax:rw] [342/405] Building C object modules/ec/zephyr/CMakeFiles/ec_shim.dir/shim/src/cbi/cros_cbi_fw_config.c.obj
[gothrax:rw] [343/405] Building C object modules/ec/zephyr/CMakeFiles/ec_shim.dir/shim/src/cbi/cros_cbi_ssfc.c.obj
[gothrax:rw] [344/405] Building C object modules/ec/zephyr/CMakeFiles/ec_shim.dir/shim/src/cbi/cbi_eeprom.c.obj
[gothrax:ro] [126/405] Building C object CMakeFiles/app.dir/mnt/host/source/src/platform/ec/build/zephyr/gothrax/modules/ec/common/usb_pd_host_cmd_common.c.obj
[gothrax:rw] [345/405] Building C object modules/ec/zephyr/CMakeFiles/ec_shim.dir/shim/src/led_driver/led.c.obj
[gothrax:rw] [346/405] Building C object modules/ec/zephyr/CMakeFiles/ec_shim.dir/shim/src/led_driver/led_gpio.c.obj
[gothrax:ro] [127/405] Building C object CMakeFiles/app.dir/mnt/host/source/src/platform/ec/build/zephyr/gothrax/modules/ec/common/usbc/svdm_rsp_dfp_only.c.obj
[gothrax:rw] [347/405] Building C object modules/ec/zephyr/CMakeFiles/ec_shim.dir/shim/src/battery.c.obj
[gothrax:rw] [348/405] Building C object modules/ec/zephyr/CMakeFiles/ec_shim.dir/shim/src/system.c.obj
[gothrax:ro] [128/405] Building C object CMakeFiles/app.dir/mnt/host/source/src/platform/ec/build/zephyr/gothrax/modules/ec/common/usbc_ocp.c.obj
[gothrax:rw] [349/405] Building C object modules/ec/zephyr/CMakeFiles/ec_shim.dir/shim/src/adc.c.obj
[gothrax:rw] [350/405] Building C object modules/ec/zephyr/CMakeFiles/ec_shim.dir/shim/src/chipset_api.c.obj
[gothrax:rw] [351/405] Building C object modules/ec/zephyr/CMakeFiles/ec_shim.dir/shim/src/charger.c.obj
[gothrax:rw] [352/405] Building C object modules/ec/zephyr/CMakeFiles/ec_shim.dir/shim/src/espi.c.obj
[gothrax:rw] [353/405] Building C object modules/ec/zephyr/CMakeFiles/ec_shim.dir/shim/src/fan.c.obj
[gothrax:ro] [129/405] Building C object CMakeFiles/app.dir/mnt/host/source/src/platform/ec/build/zephyr/gothrax/modules/ec/common/usb_pd_discovery.c.obj
[gothrax:rw] [354/405] Building C object modules/ec/zephyr/CMakeFiles/ec_shim.dir/shim/src/flash.c.obj
[gothrax:rw] [355/405] Building C object modules/ec/zephyr/CMakeFiles/ec_shim.dir/shim/src/console_buffer.c.obj
[gothrax:rw] [356/405] Building C object modules/ec/zephyr/CMakeFiles/ec_shim.dir/shim/src/hooks.c.obj
[gothrax:rw] [357/405] Building C object modules/ec/zephyr/CMakeFiles/ec_shim.dir/shim/src/host_command.c.obj
[gothrax:rw] [358/405] Building C object modules/ec/zephyr/CMakeFiles/ec_shim.dir/shim/src/keyboard_raw.c.obj
[gothrax:rw] [359/405] Building C object modules/ec/zephyr/CMakeFiles/ec_shim.dir/shim/src/mkbp_event.c.obj
[gothrax:rw] [360/405] Building C object modules/ec/zephyr/CMakeFiles/ec_shim.dir/shim/src/motionsense_sensors.c.obj
[gothrax:rw] [361/405] Building C object modules/ec/zephyr/CMakeFiles/ec_shim.dir/shim/src/panic.c.obj
[screebo:ro] [46/419] Building C object CMakeFiles/app.dir/mnt/host/source/src/platform/ec/build/zephyr/screebo/modules/ec/driver/battery/smart.c.obj
[gothrax:rw] [362/405] Building C object modules/ec/zephyr/CMakeFiles/ec_shim.dir/shim/src/temp_sensors.c.obj
[gothrax:rw] [363/405] Building C object modules/ec/zephyr/CMakeFiles/ec_shim.dir/shim/src/thermal.c.obj
[gothrax:rw] [364/405] Building C object modules/ec/zephyr/CMakeFiles/ec_shim.dir/shim/src/tasks.c.obj
[gothrax:ro] [130/405] Building C object CMakeFiles/app.dir/mnt/host/source/src/platform/ec/build/zephyr/gothrax/modules/ec/common/usb_pd_dual_role.c.obj
[gothrax:rw] [365/405] Building C object modules/ec/zephyr/CMakeFiles/ec_shim.dir/shim/src/watchdog.c.obj
[gothrax:rw] [366/405] Building C object modules/ec/zephyr/CMakeFiles/ec_shim.dir/shim/src/hwtimer.c.obj
[gothrax:rw] [367/405] Building C object modules/ec/zephyr/CMakeFiles/ec_shim.dir/shim/src/i2c.c.obj
[gothrax:rw] [368/405] Building C object modules/ec/zephyr/CMakeFiles/ec_shim.dir/shim/src/usba.c.obj
[gothrax:ro] [131/405] Building C object CMakeFiles/app.dir/mnt/host/source/src/platform/ec/build/zephyr/gothrax/modules/ec/driver/tcpm/raa489000.c.obj
[gothrax:rw] [369/405] Building C object modules/ec/zephyr/CMakeFiles/ec_shim.dir/shim/src/bc12.c.obj
[gothrax:rw] [370/405] Building C object modules/ec/zephyr/CMakeFiles/ec_shim.dir/shim/src/bc12_pi3usb9201.c.obj
[gothrax:rw] [371/405] Building C object modules/ec/zephyr/CMakeFiles/ec_shim.dir/shim/src/power_host_sleep_api.c.obj
[gothrax:ro] [132/405] Building C object CMakeFiles/app.dir/mnt/host/source/src/platform/ec/build/zephyr/gothrax/modules/ec/driver/tcpm/tcpci.c.obj
[gothrax:rw] [372/405] Building C object modules/ec/zephyr/CMakeFiles/ec_shim.dir/shim/src/usb_muxes.c.obj
[gothrax:rw] [373/405] Building C object zephyr/kernel/CMakeFiles/kernel.dir/main_weak.c.obj
[gothrax:rw] [374/405] Building C object zephyr/kernel/CMakeFiles/kernel.dir/banner.c.obj
[gothrax:rw] [375/405] Building C object zephyr/kernel/CMakeFiles/kernel.dir/busy_wait.c.obj
[gothrax:rw] [376/405] Building C object zephyr/kernel/CMakeFiles/kernel.dir/device.c.obj
[gothrax:ro] [133/405] Building C object CMakeFiles/app.dir/mnt/host/source/src/platform/ec/build/zephyr/gothrax/modules/ec/common/vboot_hash.c.obj
[gothrax:rw] [377/405] Building C object zephyr/kernel/CMakeFiles/kernel.dir/fatal.c.obj
[gothrax:rw] [378/405] Building C object zephyr/kernel/CMakeFiles/kernel.dir/errno.c.obj
[screebo:ro] [47/419] Building C object CMakeFiles/app.dir/mnt/host/source/src/platform/ec/build/zephyr/screebo/modules/ec/driver/charger/isl9241.c.obj
[gothrax:ro] [134/405] Building C object CMakeFiles/app.dir/mnt/host/source/src/platform/ec/build/zephyr/gothrax/modules/ec/common/button.c.obj
[gothrax:rw] [379/405] Building C object zephyr/kernel/CMakeFiles/kernel.dir/init.c.obj
[gothrax:rw] [380/405] Building C object zephyr/kernel/CMakeFiles/kernel.dir/float.c.obj
[gothrax:ro] [135/405] Building C object CMakeFiles/app.dir/mnt/host/source/src/platform/ec/build/zephyr/gothrax/modules/ec/common/vboot/efs2.c.obj
[gothrax:rw] [381/405] Building C object zephyr/kernel/CMakeFiles/kernel.dir/kheap.c.obj
[gothrax:rw] [382/405] Building C object zephyr/kernel/CMakeFiles/kernel.dir/mem_slab.c.obj
[gothrax:rw] [383/405] Building C object zephyr/kernel/CMakeFiles/kernel.dir/version.c.obj
[gothrax:ro] [136/405] Building C object CMakeFiles/app.dir/mnt/host/source/src/platform/ec/build/zephyr/gothrax/modules/ec/common/vstore.c.obj
[gothrax:rw] [384/405] Building C object zephyr/kernel/CMakeFiles/kernel.dir/idle.c.obj
[gothrax:rw] [385/405] Building C object zephyr/kernel/CMakeFiles/kernel.dir/mailbox.c.obj
[gothrax:ro] [137/405] Building C object CMakeFiles/app.dir/mnt/host/source/src/platform/ec/build/zephyr/gothrax/modules/ec/common/math_util.c.obj
[gothrax:rw] [386/405] Building C object zephyr/kernel/CMakeFiles/kernel.dir/mutex.c.obj
[gothrax:rw] [387/405] Building C object zephyr/kernel/CMakeFiles/kernel.dir/msg_q.c.obj
[gothrax:rw] [388/405] Building C object zephyr/kernel/CMakeFiles/kernel.dir/queue.c.obj
[gothrax:ro] [138/405] Building C object CMakeFiles/app.dir/src/common.c.obj
[gothrax:rw] [389/405] Building C object zephyr/kernel/CMakeFiles/kernel.dir/sem.c.obj
[gothrax:rw] [390/405] Building C object zephyr/kernel/CMakeFiles/kernel.dir/stack.c.obj
[gothrax:rw] [391/405] Building C object zephyr/kernel/CMakeFiles/kernel.dir/system_work_q.c.obj
[gothrax:ro] [139/405] Building C object CMakeFiles/app.dir/src/board_power.c.obj
[gothrax:rw] [392/405] Building C object zephyr/kernel/CMakeFiles/kernel.dir/thread.c.obj
[gothrax:rw] [393/405] Building C object zephyr/kernel/CMakeFiles/kernel.dir/work.c.obj
[gothrax:rw] [394/405] Building C object zephyr/kernel/CMakeFiles/kernel.dir/condvar.c.obj
[gothrax:ro] [140/405] Building C object CMakeFiles/app.dir/gothrax/src/hdmi.c.obj
[gothrax:rw] [395/405] Building C object zephyr/kernel/CMakeFiles/kernel.dir/sched.c.obj
[gothrax:rw] [396/405] Building C object zephyr/kernel/CMakeFiles/kernel.dir/timeout.c.obj
[gothrax:rw] [397/405] Building C object zephyr/kernel/CMakeFiles/kernel.dir/thread_monitor.c.obj
[gothrax:ro] [141/405] Building C object CMakeFiles/app.dir/gothrax/src/usb_mux_config.c.obj
[gothrax:rw] [398/405] Building C object zephyr/kernel/CMakeFiles/kernel.dir/pipe.c.obj
[gothrax:rw] [399/405] Linking C static library modules/ec/zephyr/libec_shim.a
[gothrax:rw] [400/405] Building C object zephyr/kernel/CMakeFiles/kernel.dir/timer.c.obj
[gothrax:ro] [142/405] Building C object CMakeFiles/app.dir/gothrax/src/form_factor.c.obj
[ocelotrvp-npcx:ro] -- Found assembler: /home/jpmurphy/.cache/coreboot-sdk/arm-eabi/ea40ddd1d190c3b48435c474c0b545719371813a/bin/arm-eabi-gcc
[ocelotrvp-npcx:ro] -- Performing EC specific devicetree checks
[gothrax:rw] [401/405] Building C object zephyr/kernel/CMakeFiles/kernel.dir/mempool.c.obj
[gothrax:rw] [402/405] Building C object zephyr/kernel/CMakeFiles/kernel.dir/poll.c.obj
[gothrax:rw] [403/405] Building C object zephyr/kernel/CMakeFiles/kernel.dir/events.c.obj
Running (initial) lcov on /mnt/host/source/src/platform/ec/build/zephyr/felino4es.
[gothrax:rw] [404/405] Building C object zephyr/kernel/CMakeFiles/kernel.dir/dynamic_disabled.c.obj
[gothrax:ro] [143/405] Building C object CMakeFiles/app.dir/gothrax/src/sub_board.c.obj
[gothrax:ro] [144/405] Building C object CMakeFiles/app.dir/gothrax/src/thermal.c.obj
[gothrax:ro] [145/405] Building C object CMakeFiles/app.dir/gothrax/src/usbc.c.obj
[gothrax:ro] [146/405] Building C object CMakeFiles/app.dir/gothrax/src/charger.c.obj
[gothrax:ro] [147/405] Building C object zephyr/CMakeFiles/zephyr.dir/lib/libc/validate_libc.c.obj
[ocelotrvp-npcx:rw] -- Found assembler: /home/jpmurphy/.cache/coreboot-sdk/arm-eabi/ea40ddd1d190c3b48435c474c0b545719371813a/bin/arm-eabi-gcc
[ocelotrvp-npcx:rw] -- Performing EC specific devicetree checks
[gothrax:ro] [148/405] Building C object CMakeFiles/app.dir/gothrax/src/fan.c.obj
[gothrax:ro] [149/405] Building C object zephyr/CMakeFiles/zephyr.dir/lib/heap/heap.c.obj
[gothrax:ro] [150/405] Building C object zephyr/CMakeFiles/zephyr.dir/lib/os/cbprintf_packaged.c.obj
[gothrax:rw] [405/405] Linking C static library zephyr/kernel/libkernel.a
[gothrax:ro] [151/405] Building C object zephyr/CMakeFiles/zephyr.dir/lib/os/clock.c.obj
[gothrax:ro] [152/405] Building C object zephyr/CMakeFiles/zephyr.dir/lib/os/printk.c.obj
[gothrax:ro] [153/405] Building C object zephyr/CMakeFiles/zephyr.dir/lib/os/sem.c.obj
[gothrax:ro] [154/405] Building C object zephyr/CMakeFiles/zephyr.dir/lib/os/thread_entry.c.obj
[gothrax:ro] [155/405] Building C object zephyr/CMakeFiles/zephyr.dir/lib/os/cbprintf_nano.c.obj
[gothrax:ro] [156/405] Building C object zephyr/CMakeFiles/zephyr.dir/lib/os/cbprintf.c.obj
[screebo:ro] [48/419] Building C object CMakeFiles/app.dir/mnt/host/source/src/platform/ec/build/zephyr/screebo/modules/ec/common/charger.c.obj
[gothrax:ro] [157/405] Building C object zephyr/CMakeFiles/zephyr.dir/lib/os/assert.c.obj
[gothrax:ro] [158/405] Building C object zephyr/CMakeFiles/zephyr.dir/lib/utils/hex.c.obj
[gothrax:ro] [159/405] Building C object zephyr/CMakeFiles/zephyr.dir/lib/utils/dec.c.obj
[gothrax:ro] [160/405] Building C object zephyr/CMakeFiles/zephyr.dir/lib/utils/timeutil.c.obj
[ocelotrvp-npcx:ro] INFO: Verified 68 GPIOs, no duplicates found
[ocelotrvp-npcx:ro] INFO: Verified 20 '*-gpios' properties, all flags match.
[gothrax:ro] [161/405] Building C object zephyr/CMakeFiles/zephyr.dir/lib/utils/bitarray.c.obj
[gothrax:ro] [162/405] Building C object zephyr/CMakeFiles/zephyr.dir/lib/utils/rb.c.obj
[ocelotrvp-npcx:rw] INFO: Verified 68 GPIOs, no duplicates found
[ocelotrvp-npcx:rw] INFO: Verified 20 '*-gpios' properties, all flags match.
[ocelotrvp-npcx:rw] INFO: Skipped 4 named-gpios children.
[gothrax:ro] [163/405] Building C object zephyr/CMakeFiles/zephyr.dir/lib/utils/bitmask.c.obj
[gothrax:ro] [164/405] Building C object zephyr/CMakeFiles/zephyr.dir/lib/utils/getopt/getopt.c.obj
[gothrax:ro] [165/405] Building C object zephyr/CMakeFiles/zephyr.dir/lib/utils/ring_buffer.c.obj
[gothrax:ro] [166/405] Building C object zephyr/CMakeFiles/zephyr.dir/lib/utils/getopt/getopt_common.c.obj
[gothrax:ro] [167/405] Building C object zephyr/CMakeFiles/zephyr.dir/lib/utils/last_section_id.c.obj
[gothrax:ro] [168/405] Building C object zephyr/CMakeFiles/zephyr.dir/misc/generated/configs.c.obj
[gothrax:ro] [169/405] Building C object zephyr/CMakeFiles/zephyr.dir/soc/ite/ec/common/soc_common_irq.c.obj
[gothrax:ro] [170/405] Building C object zephyr/CMakeFiles/zephyr.dir/soc/ite/ec/common/power.c.obj
[gothrax:ro] [171/405] Linking C static library app/libapp.a
[gothrax:ro] [172/405] Building C object zephyr/CMakeFiles/zephyr.dir/soc/ite/ec/common/policy.c.obj
[gothrax:ro] [173/405] Building C object zephyr/CMakeFiles/zephyr.dir/soc/ite/ec/it8xxx2/soc.c.obj
[ocicat-ish:singleimage] -- Build files have been written to: /mnt/host/source/src/platform/ec/build/zephyr/ocicat-ish/build-singleimage
[ocicat-ish:singleimage]   Manually-specified variables were not used by the project:
[ocicat-ish:singleimage]     COREBOOT_SDK_ROOT_arm
[ocicat-ish:singleimage]     COREBOOT_SDK_ROOT_libstdcxx_arm
[ocicat-ish:singleimage]     COREBOOT_SDK_ROOT_libstdcxx_riscv64
[ocicat-ish:singleimage]     COREBOOT_SDK_ROOT_nds32
[ocicat-ish:singleimage]     COREBOOT_SDK_ROOT_picolibc_arm
[ocicat-ish:singleimage]     COREBOOT_SDK_ROOT_picolibc_riscv64
[ocicat-ish:singleimage]     COREBOOT_SDK_ROOT_riscv
[ocicat-ish:singleimage]     COREBOOT_SDK_ROOT_riscv64
[ocicat-ish:singleimage]     PW_ROOT
[skitty:rw] Building: /usr/bin/ninja -C /mnt/host/source/src/platform/ec/build/zephyr/skitty/build-rw all.libraries
Running `env -i SHELL=/bin/bash COLORTERM=truecolor DEPOT_TOOLS_UPDATE=0 LESS='-R -M --shift 5' SUDO_GID=0 JDK_HOME=/etc/java-config-2/current-system-vm CONFIG_PROTECT_MASK='/etc/gentoo-release /etc/sandbox.d /etc/fonts/fonts.conf /etc/terminfo /etc/ca-certificates.conf /etc/revdep-rebuild' CHROMEOS_CACHEDIR=/var/cache/chromeos-cache JAVA_HOME=/etc/java-config-2/current-system-vm SSH_AUTH_SOCK=/tmp/ssh-auth-sock SUDO_COMMAND=/bin/bash SUDO_USER=root SUDO_TTY=/dev/pts/2 EDITOR=/usr/bin/vi PWD=/mnt/host/source/src/platform/ec CONFIG_PROTECT=/usr/share/gnupg/qualified.txt LOGNAME=jpmurphy MANPATH=/etc/java-config-2/current-system-vm/man:/usr/local/share/man:/usr/share/man:/usr/share/gcc-data/x86_64-pc-linux-gnu/10.2.0/man:/usr/share/binutils-data/x86_64-pc-linux-gnu/2.45/man:/etc/java-config-2/current-system-vm/man/ SUDO_HOME=/root XAUTHORITY=/run/user/944457/gdm/Xauthority HOME=/home/jpmurphy LANG=C.UTF-8 LS_COLORS='rs=0:di=01;34:ln=01;36:mh=00:pi=40;33:so=01;35:do=01;35:bd=40;33;01:cd=40;33;01:or=01;05;37;41:mi=01;05;37;41:su=37;41:sg=30;43:ca=30;41:tw=30;42:ow=34;42:st=37;44:ex=01;32:*.tar=01;31:*.tgz=01;31:*.arc=01;31:*.arj=01;31:*.taz=01;31:*.lha=01;31:*.lz4=01;31:*.lzh=01;31:*.lzma=01;31:*.tlz=01;31:*.txz=01;31:*.tzo=01;31:*.t7z=01;31:*.zip=01;31:*.z=01;31:*.dz=01;31:*.gz=01;31:*.lrz=01;31:*.lz=01;31:*.lzo=01;31:*.xz=01;31:*.zst=01;31:*.tzst=01;31:*.bz2=01;31:*.bz=01;31:*.tbz=01;31:*.tbz2=01;31:*.tz=01;31:*.deb=01;31:*.rpm=01;31:*.jar=01;31:*.war=01;31:*.ear=01;31:*.sar=01;31:*.rar=01;31:*.alz=01;31:*.ace=01;31:*.zoo=01;31:*.cpio=01;31:*.7z=01;31:*.rz=01;31:*.cab=01;31:*.wim=01;31:*.swm=01;31:*.dwm=01;31:*.esd=01;31:*.jpg=01;35:*.jpeg=01;35:*.mjpg=01;35:*.mjpeg=01;35:*.gif=01;35:*.bmp=01;35:*.pbm=01;35:*.pgm=01;35:*.ppm=01;35:*.tga=01;35:*.xbm=01;35:*.xpm=01;35:*.tif=01;35:*.tiff=01;35:*.png=01;35:*.svg=01;35:*.svgz=01;35:*.mng=01;35:*.pcx=01;35:*.mov=01;35:*.mpg=01;35:*.mpeg=01;35:*.m2v=01;35:*.mkv=01;35:*.webm=01;35:*.webp=01;35:*.ogm=01;35:*.mp4=01;35:*.m4v=01;35:*.mp4v=01;35:*.vob=01;35:*.qt=01;35:*.nuv=01;35:*.wmv=01;35:*.asf=01;35:*.rm=01;35:*.rmvb=01;35:*.flc=01;35:*.avi=01;35:*.fli=01;35:*.flv=01;35:*.gl=01;35:*.dl=01;35:*.xcf=01;35:*.xwd=01;35:*.yuv=01;35:*.cgm=01;35:*.emf=01;35:*.ogv=01;35:*.ogx=01;35:*.cfg=00;32:*.conf=00;32:*.diff=00;32:*.doc=00;32:*.ini=00;32:*.log=00;32:*.patch=00;32:*.pdf=00;32:*.ps=00;32:*.tex=00;32:*.txt=00;32:*.aac=00;36:*.au=00;36:*.flac=00;36:*.m4a=00;36:*.mid=00;36:*.midi=00;36:*.mka=00;36:*.mp3=00;36:*.mpc=00;36:*.ogg=00;36:*.ra=00;36:*.wav=00;36:*.oga=00;36:*.opus=00;36:*.spx=00;36:*.xspf=00;36:' XDG_CURRENT_DESKTOP=GNOME INFOPATH=/usr/share/info:/usr/share/gcc-data/x86_64-pc-linux-gnu/10.2.0/info:/usr/share/binutils-data/x86_64-pc-linux-gnu/2.45/info:/usr/share/automake-1.16.5/info JAVAC=/etc/java-config-2/current-system-vm/bin/javac TERM=xterm-256color LESSOPEN='|lesspipe %s' USER=jpmurphy CROS_WORKON_SRCROOT=/mnt/host/source MANPAGER=manpager DISPLAY=:1 SHLVL=1 LC_MESSAGES=C EXTERNAL_TRUNK_PATH=/mnt/8f9d649a-3721-44cc-93c0-e6bd21a9689f/chromiumos GCC_SPECS='' PATH=/mnt/host/source/chromite/bin:/usr/local/bin:/usr/bin:/bin:/opt/bin:/mnt/host/source/chromite/sdk/bin:/mnt/host/source/chromite/bin PORTAGE_USERNAME=jpmurphy SUDO_UID=0 GCC_VER=10.2.0 MAIL=/var/mail/jpmurphy OLDPWD=/mnt/host/source/src/scripts traceparent=00-e87aca51550a78635907baa6a2476181-6d684811675d2973-01 _=./zephyr/firmware_builder.py COREBOOT_SDK_ROOT_x86=/home/jpmurphy/.cache/coreboot-sdk/i386-elf/dfbb0486385d938cfa9d73080b9d18d598ed4f49 COREBOOT_SDK_ROOT_picolibc_x86=/home/jpmurphy/.cache/coreboot-sdk/picolibc-i386-elf/eb8e8e687b95461de8cbf278f1c2076952d0ad17 COREBOOT_SDK_ROOT_riscv64=/home/jpmurphy/.cache/coreboot-sdk/riscv64-elf/96b949749225b6aaa92ed810ab769e8dfb12f000 COREBOOT_SDK_ROOT_picolibc_arm=/home/jpmurphy/.cache/coreboot-sdk/picolibc-arm-eabi/422a2aa3e1ef891b5bece9a3deb696ff83840d2e COREBOOT_SDK_ROOT_nds32=/home/jpmurphy/.cache/coreboot-sdk/nds32le-elf/d1a518c4a097666d86058e1444f85ca015d15511 COREBOOT_SDK_ROOT_picolibc_riscv64=/home/jpmurphy/.cache/coreboot-sdk/picolibc-riscv64-elf/f571e990ef0278564b31124f8bb109d9a697eb69 COREBOOT_SDK_ROOT_arm=/home/jpmurphy/.cache/coreboot-sdk/arm-eabi/ea40ddd1d190c3b48435c474c0b545719371813a COREBOOT_SDK_ROOT_libstdcxx_riscv64=/home/jpmurphy/.cache/coreboot-sdk/libstdcxx-riscv64-elf/17abf22a3a252e2d5d2062ced5324f7a623689e0 COREBOOT_SDK_ROOT_libstdcxx_arm=/home/jpmurphy/.cache/coreboot-sdk/libstdcxx-arm-eabi/5d7d82e150e44aa1968f1d366e267e6687b328ac COREBOOT_SDK_ROOT_riscv=/home/jpmurphy/.cache/coreboot-sdk/riscv-elf/9a27b9e82341c6e9126624f516ab3f261abb3e73 COREBOOT_SDK_ROOT_libstdcxx_x86=/home/jpmurphy/.cache/coreboot-sdk/libstdcxx-i386-elf/42ef9d2e87a76a37963175d7d428734e65648b87 PYTHONPATH=/mnt/host/source/src/platform/ec/zephyr/zmake PW_PIGWEED_CIPD_INSTALL_DIR=/usr CROSTC_USER_ACKNOWLEDGES_THAT_RISCV_IS_EXPERIMENTAL=1 MAKEFLAGS=' -j16 --jobserver-auth=5,6' /usr/bin/ninja -C /mnt/host/source/src/platform/ec/build/zephyr/skitty/build-rw all.libraries`
[gothrax:ro] [174/405] Building C object zephyr/CMakeFiles/zephyr.dir/soc/ite/ec/it8xxx2/check_regs.c.obj
[skitty:rw] ninja: Entering directory `/mnt/host/source/src/platform/ec/build/zephyr/skitty/build-rw'
Running `env -i PYTHONPATH=/usr/lib64/python-exec/python3.11:/mnt/host/source/src/platform/ec/zephyr/zmake:/usr/lib/python311.zip:/usr/lib/python3.11:/usr/lib/python3.11/lib-dynload:/usr/lib/python3.11/site-packages PW_PIGWEED_CIPD_INSTALL_DIR=/usr CROSTC_USER_ACKNOWLEDGES_THAT_RISCV_IS_EXPERIMENTAL=1 PATH=/mnt/host/source/chromite/bin:/usr/local/bin:/usr/bin:/bin:/opt/bin:/mnt/host/source/chromite/sdk/bin:/mnt/host/source/chromite/bin HOME=/home/jpmurphy JAVA_HOME=/etc/java-config-2/current-system-vm JDK_HOME=/etc/java-config-2/current-system-vm JAVAC=/etc/java-config-2/current-system-vm/bin/javac MAKEFLAGS=' -j16 --jobserver-auth=5,6' /usr/bin/lcov --gcov-tool /mnt/host/source/src/platform/ec/build/zephyr/felino4es/build-rw/gcov.sh -q -o - -c -d /mnt/host/source/src/platform/ec/build/zephyr/felino4es -t felino4es --rc branch_coverage=1 --filter range --ignore-errors inconsistent,source --ignore-errors gcov,gcov -i`
[ojal:rw] -- Found Dtc: /usr/bin/dtc (found suitable version "1.6.0", minimum required is "1.4.6")
[ojal:rw] -- Found BOARD.dts: /mnt/host/source/src/platform/ec/zephyr/boards/google/realtek/realtek_rts5912.dts
[ojal:rw] -- Found devicetree overlay: /mnt/host/source/src/platform/ec/zephyr/program/ocelot/ojal/project.overlay
[ocelotrvp-npcx:ro] -- Generating component manifest file
[screebo:ro] [49/419] Building C object CMakeFiles/app.dir/mnt/host/source/src/platform/ec/build/zephyr/screebo/modules/ec/common/cbi_common.c.obj
[ocelotrvp-npcx:rw] -- Generating component manifest file
[gothrax:ro] [175/405] Building ASM object zephyr/CMakeFiles/zephyr.dir/soc/ite/ec/it8xxx2/__arithmetic.S.obj
[gothrax:ro] [176/405] Building C object zephyr/CMakeFiles/zephyr.dir/soc/ite/ec/it8xxx2/ilm.c.obj
[gothrax:ro] [177/405] Building C object zephyr/CMakeFiles/zephyr.dir/subsys/logging/log_minimal.c.obj
[gothrax:ro] [178/405] Building C object zephyr/CMakeFiles/zephyr.dir/subsys/pm/pm.c.obj
[gothrax:ro] [179/405] Building C object zephyr/CMakeFiles/zephyr.dir/subsys/pm/state.c.obj
[gothrax:ro] [180/405] Building C object zephyr/CMakeFiles/zephyr.dir/subsys/pm/policy/policy_events.c.obj
[ocelotrvp-npcx:ro] INFO: Skipped 4 named-gpios children.
[ocelotrvp-npcx:ro] INFO: Running CME, outputting to /mnt/host/source/src/platform/ec/build/zephyr/ocelotrvp-npcx/build-ro/zephyr/component_manifest.json
[ocelotrvp-npcx:ro] INFO: Project ocelotrvp-npcx does not support SSFC
[ocelotrvp-npcx:ro] INFO: No motionsense-sensor node found
[gothrax:ro] [181/405] Building C object zephyr/CMakeFiles/zephyr.dir/subsys/pm/policy/policy_latency.c.obj
[gothrax:ro] [182/405] Building ASM object zephyr/CMakeFiles/zephyr.dir/soc/ite/ec/common/soc_irq.S.obj
[gothrax:ro] [183/405] Building C object zephyr/CMakeFiles/zephyr.dir/subsys/pm/policy/policy_state_lock.c.obj
[gothrax:ro] [184/405] Building ASM object zephyr/CMakeFiles/zephyr.dir/soc/ite/ec/it8xxx2/vector.S.obj
[gothrax:ro] [185/405] Building C object zephyr/CMakeFiles/zephyr.dir/subsys/pm/device.c.obj
[gothrax:ro] [186/405] Building C object zephyr/CMakeFiles/zephyr.dir/subsys/pm/device_system_managed.c.obj
[screebo:ro] [50/419] Building C object CMakeFiles/app.dir/mnt/host/source/src/platform/ec/build/zephyr/screebo/modules/ec/common/charge_state.c.obj
[gothrax:ro] [187/405] Building C object zephyr/CMakeFiles/zephyr.dir/subsys/tracing/tracing_none.c.obj
[gothrax:ro] [188/405] Building C object zephyr/CMakeFiles/zephyr.dir/subsys/testsuite/coverage/coverage.c.obj
[gothrax:ro] [189/405] Building C object zephyr/CMakeFiles/zephyr.dir/subsys/shell/modules/kernel_service/kernel_shell.c.obj
[gothrax:ro] [190/405] Building C object zephyr/CMakeFiles/zephyr.dir/subsys/shell/modules/kernel_service/uptime.c.obj
[gothrax:ro] [191/405] Building C object zephyr/CMakeFiles/zephyr.dir/subsys/shell/modules/kernel_service/sleep.c.obj
[gothrax:ro] [192/405] Building C object zephyr/CMakeFiles/zephyr.dir/subsys/shell/modules/kernel_service/cycles.c.obj
[gothrax:ro] [193/405] Building C object zephyr/CMakeFiles/zephyr.dir/subsys/shell/modules/kernel_service/version.c.obj
[gothrax:ro] [194/405] Building C object zephyr/CMakeFiles/zephyr.dir/subsys/shell/modules/kernel_service/thread/thread.c.obj
[gothrax:ro] [195/405] Building C object zephyr/CMakeFiles/zephyr.dir/subsys/shell/modules/kernel_service/thread/list.c.obj
[gothrax:ro] [196/405] Building C object zephyr/CMakeFiles/zephyr.dir/subsys/shell/modules/kernel_service/thread/stacks.c.obj
[gothrax:ro] [197/405] Building C object zephyr/CMakeFiles/zephyr.dir/subsys/shell/modules/kernel_service/thread/unwind.c.obj
[ocelotrvp-npcx:rw] INFO: Running CME, outputting to /mnt/host/source/src/platform/ec/build/zephyr/ocelotrvp-npcx/build-rw/zephyr/component_manifest.json
[ocelotrvp-npcx:rw] INFO: Project ocelotrvp-npcx does not support SSFC
[ocelotrvp-npcx:rw] INFO: No motionsense-sensor node found
[gothrax:ro] [198/405] Building C object zephyr/CMakeFiles/zephyr.dir/subsys/shell/modules/kernel_service/thread/suspend.c.obj
[gothrax:ro] [199/405] Building C object zephyr/CMakeFiles/zephyr.dir/subsys/shell/modules/kernel_service/thread/resume.c.obj
[screebo:ro] [51/419] Building C object CMakeFiles/app.dir/mnt/host/source/src/platform/ec/build/zephyr/screebo/modules/ec/common/cbi_config.c.obj
[gothrax:ro] [200/405] Building C object zephyr/CMakeFiles/zephyr.dir/subsys/shell/modules/kernel_service/thread/kill.c.obj
[gothrax:ro] [201/405] Building C object zephyr/CMakeFiles/zephyr.dir/subsys/shell/modules/device_service.c.obj
[gothrax:ro] [202/405] Building C object zephyr/CMakeFiles/zephyr.dir/subsys/shell/modules/date_service.c.obj
[gothrax:ro] [203/405] Building C object zephyr/CMakeFiles/zephyr.dir/subsys/shell/modules/devmem_service.c.obj
[gothrax:ro] [204/405] Building C object zephyr/CMakeFiles/zephyr.dir/subsys/shell/backends/shell_uart.c.obj
[screebo:ro] [52/419] Building C object CMakeFiles/app.dir/mnt/host/source/src/platform/ec/build/zephyr/screebo/modules/ec/common/cbi.c.obj
[gothrax:ro] [205/405] Building C object zephyr/CMakeFiles/zephyr.dir/subsys/shell/shell.c.obj
[gothrax:ro] [206/405] Building C object zephyr/CMakeFiles/zephyr.dir/subsys/shell/shell_fprintf.c.obj
[gothrax:ro] [207/405] Building C object zephyr/CMakeFiles/zephyr.dir/subsys/shell/shell_utils.c.obj
[gothrax:ro] [208/405] Building C object zephyr/CMakeFiles/zephyr.dir/subsys/shell/shell_ops.c.obj
[gothrax:ro] [209/405] Building C object zephyr/CMakeFiles/zephyr.dir/subsys/shell/shell_help.c.obj
[gothrax:ro] [210/405] Building C object zephyr/CMakeFiles/zephyr.dir/subsys/shell/shell_cmds.c.obj
[gothrax:ro] [211/405] Building C object zephyr/CMakeFiles/zephyr.dir/subsys/shell/shell_wildcard.c.obj
[gothrax:ro] [212/405] Building C object zephyr/CMakeFiles/zephyr.dir/subsys/shell/shell_history.c.obj
[gothrax:ro] [213/405] Building C object zephyr/CMakeFiles/zephyr.dir/drivers/flash/flash_util.c.obj
[gothrax:ro] [214/405] Building C object zephyr/arch/common/CMakeFiles/arch__common.dir/sw_isr_common.c.obj
[gothrax:ro] [215/405] Building C object zephyr/arch/common/CMakeFiles/arch__common.dir/dynamic_isr.c.obj
[screebo:ro] [53/419] Building C object CMakeFiles/app.dir/mnt/host/source/src/platform/ec/build/zephyr/screebo/modules/ec/common/charge_manager.c.obj
[gothrax:ro] [216/405] Building C object zephyr/arch/common/CMakeFiles/arch__common.dir/init.c.obj
[gothrax:ro] [217/405] Building C object zephyr/arch/common/CMakeFiles/arch__common.dir/xip.c.obj
[gothrax:ro] [218/405] Building C object zephyr/arch/common/CMakeFiles/isr_tables.dir/isr_tables.c.obj
[gothrax:ro] [219/405] Building C object zephyr/arch/arch/riscv/core/CMakeFiles/arch__riscv__core.dir/cpu_idle.c.obj
[gothrax:ro] [220/405] Building C object zephyr/arch/arch/riscv/core/CMakeFiles/arch__riscv__core.dir/fatal.c.obj
[gothrax:ro] [221/405] Building C object zephyr/arch/arch/riscv/core/CMakeFiles/arch__riscv__core.dir/irq_manage.c.obj
[gothrax:ro] [222/405] Building C object zephyr/arch/arch/riscv/core/CMakeFiles/arch__riscv__core.dir/prep_c.c.obj
[gothrax:ro] [223/405] Building C object zephyr/arch/arch/riscv/core/CMakeFiles/arch__riscv__core.dir/reboot.c.obj
[gothrax:ro] [224/405] Linking C static library zephyr/arch/common/libisr_tables.a
[screebo:ro] [54/419] Building C object CMakeFiles/app.dir/mnt/host/source/src/platform/ec/build/zephyr/screebo/modules/ec/common/memory_commands.c.obj
[gothrax:ro] [225/405] Linking C static library zephyr/libzephyr.a
[gothrax:ro] [226/405] Linking C static library zephyr/arch/common/libarch__common.a
[gothrax:ro] [227/405] Building C object zephyr/arch/arch/riscv/core/CMakeFiles/arch__riscv__core.dir/thread.c.obj
[skitty:rw] [1/367] Generating include/generated/zephyr/version.h
[skitty:rw] -- git describe warned: warning: tag 'upstream/v2.7.99' is externally known as 'v2.7.99'
[skitty:rw] -- Zephyr version: 4.3.99 (/mnt/host/source/src/third_party/zephyr/main)
[skitty:rw] [2/367] Preparing syscall dependency handling
[screebo:ro] [55/419] Building C object CMakeFiles/app.dir/mnt/host/source/src/platform/ec/build/zephyr/screebo/modules/ec/common/dptf.c.obj
[skitty:rw] [3/367] Generating misc/generated/syscalls_subdirs.trigger
[screebo:ro] [56/419] Building C object CMakeFiles/app.dir/mnt/host/source/src/platform/ec/build/zephyr/screebo/modules/ec/common/ap_reset_log.c.obj
[/mnt/host/source/src/platform/ec/build/zephyr/felino4es-lcov] geninfo: WARNING: using JSON module "JSON::PP" - which is much slower than some alternatives.  Consider installing one of JSON::XS or Cpanel::JSON::XS
[screebo:ro] [57/419] Building C object CMakeFiles/app.dir/mnt/host/source/src/platform/ec/build/zephyr/screebo/modules/ec/common/espi.c.obj
[gothrax:ro] [228/405] Building ASM object zephyr/arch/arch/riscv/core/CMakeFiles/arch__riscv__core.dir/reset.S.obj
[gothrax:ro] [229/405] Building C object zephyr/arch/arch/riscv/core/CMakeFiles/arch__riscv__core.dir/stacktrace.c.obj
[screebo:ro] [58/419] Building C object CMakeFiles/app.dir/mnt/host/source/src/platform/ec/build/zephyr/screebo/modules/ec/common/extpower_gpio.c.obj
[gothrax:ro] [230/405] Generating ../../../include/generated/libc/minimal/strerror_table.h
[gothrax:ro] [231/405] Building C object zephyr/lib/libc/minimal/CMakeFiles/lib__libc__minimal.dir/source/stdlib/atoi.c.obj
[gothrax:ro] [232/405] Building C object zephyr/lib/libc/minimal/CMakeFiles/lib__libc__minimal.dir/source/stdlib/strtol.c.obj
[gothrax:ro] [233/405] Building ASM object zephyr/arch/arch/riscv/core/CMakeFiles/arch__riscv__core.dir/switch.S.obj
[gothrax:ro] [234/405] Building C object zephyr/lib/libc/minimal/CMakeFiles/lib__libc__minimal.dir/source/stdlib/strtoul.c.obj
[gothrax:ro] [235/405] Building C object zephyr/lib/libc/minimal/CMakeFiles/lib__libc__minimal.dir/source/stdlib/strtoull.c.obj
[gothrax:ro] [236/405] Building C object zephyr/lib/libc/minimal/CMakeFiles/lib__libc__minimal.dir/source/stdlib/strtoll.c.obj
[gothrax:ro] [237/405] Building C object zephyr/lib/libc/minimal/CMakeFiles/lib__libc__minimal.dir/source/stdlib/exit.c.obj
[gothrax:ro] [238/405] Building C object zephyr/lib/libc/minimal/CMakeFiles/lib__libc__minimal.dir/source/stdlib/bsearch.c.obj
[screebo:ro] [59/419] Building C object CMakeFiles/app.dir/mnt/host/source/src/platform/ec/build/zephyr/screebo/modules/ec/common/extpower_common.c.obj
[gothrax:ro] [239/405] Building C object zephyr/lib/libc/minimal/CMakeFiles/lib__libc__minimal.dir/source/stdlib/qsort.c.obj
[gothrax:ro] [240/405] Building C object zephyr/lib/libc/minimal/CMakeFiles/lib__libc__minimal.dir/source/string/strerror.c.obj
[gothrax:ro] [241/405] Building ASM object zephyr/arch/arch/riscv/core/CMakeFiles/arch__riscv__core.dir/isr.S.obj
[gothrax:ro] [242/405] Building C object zephyr/lib/libc/minimal/CMakeFiles/lib__libc__minimal.dir/source/string/strncasecmp.c.obj
[gothrax:ro] [243/405] Building C object zephyr/lib/libc/minimal/CMakeFiles/lib__libc__minimal.dir/source/string/strstr.c.obj
[ojal:rw] -- Generated zephyr.dts: /mnt/host/source/src/platform/ec/build/zephyr/ojal/build-rw/zephyr/zephyr.dts
[ojal:rw] -- Generated pickled edt: /mnt/host/source/src/platform/ec/build/zephyr/ojal/build-rw/zephyr/edt.pickle
[gothrax:ro] [244/405] Building C object zephyr/lib/libc/minimal/CMakeFiles/lib__libc__minimal.dir/source/string/string.c.obj
[gothrax:ro] [245/405] Building C object zephyr/lib/libc/minimal/CMakeFiles/lib__libc__minimal.dir/source/string/strspn.c.obj
[gothrax:ro] [246/405] Building C object zephyr/lib/libc/minimal/CMakeFiles/lib__libc__minimal.dir/source/stdout/stdout_console.c.obj
[gothrax:ro] [247/405] Building C object zephyr/lib/libc/minimal/CMakeFiles/lib__libc__minimal.dir/source/stdout/sprintf.c.obj
[gothrax:ro] [248/405] Building C object zephyr/lib/libc/minimal/CMakeFiles/lib__libc__minimal.dir/source/stdout/fprintf.c.obj
[gothrax:ro] [249/405] Building C object zephyr/lib/libc/minimal/CMakeFiles/lib__libc__minimal.dir/source/math/sqrt.c.obj
[gothrax:ro] [250/405] Building C object zephyr/lib/libc/minimal/CMakeFiles/lib__libc__minimal.dir/source/time/gmtime.c.obj
[gothrax:ro] [251/405] Building C object zephyr/lib/libc/minimal/CMakeFiles/lib__libc__minimal.dir/source/math/sqrtf.c.obj
[gothrax:ro] [252/405] Building C object zephyr/lib/libc/common/CMakeFiles/lib__libc__common.dir/source/stdlib/abort.c.obj
[gothrax:ro] [253/405] Building C object zephyr/lib/libc/common/CMakeFiles/lib__libc__common.dir/source/time/asctime.c.obj
[gothrax:ro] [254/405] Building C object zephyr/lib/libc/common/CMakeFiles/lib__libc__common.dir/source/time/gmtime_r.c.obj
[gothrax:ro] [255/405] Linking C static library zephyr/arch/arch/riscv/core/libarch__riscv__core.a
[screebo:ro] [60/419] Building C object CMakeFiles/app.dir/mnt/host/source/src/platform/ec/build/zephyr/screebo/modules/ec/common/fan.c.obj
[gothrax:ro] [256/405] Building C object zephyr/lib/libc/common/CMakeFiles/lib__libc__common.dir/source/time/localtime_r_utc.c.obj
[gothrax:ro] [257/405] Building C object zephyr/lib/libc/common/CMakeFiles/lib__libc__common.dir/source/time/ctime.c.obj
[gothrax:ro] [258/405] Building C object zephyr/lib/libc/common/CMakeFiles/lib__libc__common.dir/source/stdlib/malloc.c.obj
[gothrax:ro] [259/405] Building C object zephyr/lib/libc/common/CMakeFiles/lib__libc__common.dir/source/time/time.c.obj
[gothrax:ro] [260/405] Linking C static library zephyr/lib/libc/minimal/liblib__libc__minimal.a
[gothrax:ro] [261/405] Building C object zephyr/lib/libc/common/CMakeFiles/lib__libc__common.dir/source/string/strnlen.c.obj
[gothrax:ro] [262/405] Building C object zephyr/lib/posix/c_lib_ext/CMakeFiles/lib__posix__c_lib_ext.dir/fnmatch.c.obj
[gothrax:ro] [263/405] Building C object zephyr/lib/posix/c_lib_ext/CMakeFiles/lib__posix__c_lib_ext.dir/getentropy.c.obj
[gothrax:ro] [264/405] Building C object zephyr/lib/posix/c_lib_ext/CMakeFiles/lib__posix__c_lib_ext.dir/getopt_shim.c.obj
[gothrax:ro] [265/405] Building C object zephyr/subsys/crc/CMakeFiles/subsys__crc.dir/crc4_sw.c.obj
[gothrax:ro] [266/405] Building C object zephyr/subsys/crc/CMakeFiles/subsys__crc.dir/crc8_sw.c.obj
[gothrax:ro] [267/405] Building C object zephyr/subsys/crc/CMakeFiles/subsys__crc.dir/crc16_sw.c.obj
[gothrax:ro] [268/405] Building C object zephyr/subsys/crc/CMakeFiles/subsys__crc.dir/crc7_sw.c.obj
[screebo:ro] [61/419] Building C object CMakeFiles/app.dir/mnt/host/source/src/platform/ec/build/zephyr/screebo/modules/ec/common/flash.c.obj
[gothrax:ro] [269/405] Building C object zephyr/subsys/crc/CMakeFiles/subsys__crc.dir/crc24_sw.c.obj
[gothrax:ro] [270/405] Building C object zephyr/subsys/crc/CMakeFiles/subsys__crc.dir/crc32c_sw.c.obj
[gothrax:ro] [271/405] Linking C static library zephyr/lib/libc/common/liblib__libc__common.a
[gothrax:ro] [272/405] Building C object zephyr/subsys/crc/CMakeFiles/subsys__crc.dir/crc32_sw.c.obj
[skitty:rw] [4/367] Generating misc/generated/syscalls.json, misc/generated/struct_tags.json
[gothrax:ro] [273/405] Linking C static library zephyr/lib/posix/c_lib_ext/liblib__posix__c_lib_ext.a
[gothrax:ro] [274/405] Building C object zephyr/subsys/crc/CMakeFiles/subsys__crc.dir/crc32k_4_2_sw.c.obj
[gothrax:ro] [275/405] Building C object zephyr/drivers/interrupt_controller/CMakeFiles/drivers__interrupt_controller.dir/wuc_ite_it8xxx2.c.obj
[gothrax:ro] [276/405] Building C object zephyr/drivers/interrupt_controller/CMakeFiles/drivers__interrupt_controller.dir/intc_ite_it8xxx2.c.obj
[gothrax:ro] [277/405] Building C object zephyr/drivers/adc/CMakeFiles/drivers__adc.dir/adc_common.c.obj
[gothrax:ro] [278/405] Building C object zephyr/drivers/adc/CMakeFiles/drivers__adc.dir/adc_ite_it8xxx2.c.obj
[gothrax:ro] [279/405] Linking C static library zephyr/drivers/interrupt_controller/libdrivers__interrupt_controller.a
[gothrax:ro] [280/405] Building C object zephyr/drivers/bbram/CMakeFiles/drivers__bbram.dir/bbram_it8xxx2.c.obj
[skitty:rw] [5/367] Generating include/generated/zephyr/syscall_dispatch.c, include/generated/zephyr/syscall_exports_llext.c, syscall_weakdefs_llext.c, include/generated/zephyr/syscall_list.h
[screebo:ro] [62/419] Building C object CMakeFiles/app.dir/mnt/host/source/src/platform/ec/build/zephyr/screebo/modules/ec/common/host_command.c.obj
[gothrax:ro] [281/405] Linking C static library zephyr/drivers/adc/libdrivers__adc.a
[gothrax:ro] [282/405] Linking C static library zephyr/subsys/crc/libsubsys__crc.a
[gothrax:ro] [283/405] Building C object zephyr/drivers/console/CMakeFiles/drivers__console.dir/uart_console.c.obj
[ojal:rw] -- Generated devicetree_generated.h: /mnt/host/source/src/platform/ec/build/zephyr/ojal/build-rw/zephyr/include/generated/zephyr/devicetree_generated.h
[gothrax:ro] [284/405] Building C object zephyr/drivers/eeprom/CMakeFiles/drivers__eeprom.dir/eeprom_shell.c.obj
[gothrax:ro] [285/405] Linking C static library zephyr/drivers/bbram/libdrivers__bbram.a
[gothrax:ro] [286/405] Building C object zephyr/drivers/eeprom/CMakeFiles/drivers__eeprom.dir/eeprom_at2x.c.obj
[gothrax:ro] [287/405] Building C object zephyr/drivers/espi/CMakeFiles/drivers__espi.dir/espi_it8xxx2.c.obj
[gothrax:ro] [288/405] Linking C static library zephyr/drivers/console/libdrivers__console.a
[gothrax:ro] [289/405] Building C object zephyr/drivers/flash/CMakeFiles/drivers__flash.dir/flash_ite_it8xxx2.c.obj
[gothrax:ro] [290/405] Linking C static library zephyr/drivers/eeprom/libdrivers__eeprom.a
[screebo:ro] [63/419] Building C object CMakeFiles/app.dir/mnt/host/source/src/platform/ec/build/zephyr/screebo/modules/ec/common/host_command_task.c.obj
[skitty:rw] [6/367] Generating include/generated/zephyr/driver-validation.h
[gothrax:ro] [291/405] Linking C static library zephyr/drivers/flash/libdrivers__flash.a
[gothrax:ro] [292/405] Linking C static library zephyr/drivers/espi/libdrivers__espi.a
[gothrax:ro] [293/405] Building C object zephyr/drivers/gpio/CMakeFiles/drivers__gpio.dir/gpio_ite_it8xxx2.c.obj
[gothrax:ro] [294/405] Building C object zephyr/drivers/i2c/CMakeFiles/drivers__i2c.dir/i2c_common.c.obj
[gothrax:ro] [295/405] Building C object zephyr/drivers/i2c/CMakeFiles/drivers__i2c.dir/i2c_bitbang.c.obj
[gothrax:ro] [296/405] Building C object zephyr/drivers/gpio/CMakeFiles/drivers__gpio.dir/gpio_kscan_ite_it8xxx2.c.obj
[gothrax:ro] [297/405] Building C object zephyr/drivers/i2c/CMakeFiles/drivers__i2c.dir/i2c_shell.c.obj
[gothrax:ro] [298/405] Building C object zephyr/drivers/i2c/CMakeFiles/drivers__i2c.dir/i2c_ite_enhance.c.obj
[gothrax:ro] [299/405] Building C object zephyr/drivers/i2c/CMakeFiles/drivers__i2c.dir/i2c_ite_it8xxx2.c.obj
[gothrax:ro] [300/405] Building C object zephyr/drivers/pinctrl/CMakeFiles/drivers__pinctrl.dir/common.c.obj
[gothrax:ro] [301/405] Building C object zephyr/drivers/pinctrl/CMakeFiles/drivers__pinctrl.dir/pinctrl_ite_it8xxx2.c.obj
[gothrax:ro] [302/405] Linking C static library zephyr/drivers/gpio/libdrivers__gpio.a
[gothrax:ro] [303/405] Building C object zephyr/drivers/pwm/CMakeFiles/drivers__pwm.dir/pwm_shell.c.obj
[gothrax:ro] [304/405] Building C object zephyr/drivers/pwm/CMakeFiles/drivers__pwm.dir/pwm_ite_it8xxx2.c.obj
[gothrax:ro] [305/405] Linking C static library zephyr/drivers/i2c/libdrivers__i2c.a
[gothrax:ro] [306/405] Linking C static library zephyr/drivers/pinctrl/libdrivers__pinctrl.a
[skitty:rw] [7/367] Generating include/generated/zephyr/kobj-types-enum.h, include/generated/zephyr/otype-to-str.h, include/generated/zephyr/otype-to-size.h
[gothrax:ro] [307/405] Building C object zephyr/drivers/sensor/CMakeFiles/drivers__sensor.dir/mnt/host/source/src/third_party/zephyr/main/misc/empty_file.c.obj
[gothrax:ro] [308/405] Building C object zephyr/drivers/sensor/ite/ite_tach_it8xxx2/CMakeFiles/drivers__sensor__ite__ite_tach_it8xxx2.dir/tach_ite_it8xxx2.c.obj
[gothrax:ro] [309/405] Linking C static library zephyr/drivers/sensor/libdrivers__sensor.a
[skitty:rw] [8/367] Generating include/generated/device-api-sections.ld, include/generated/device-api-sections.cmake
[skitty:rw] [9/367] Building C object zephyr/CMakeFiles/offsets.dir/arch/riscv/core/offsets/offsets.c.obj
[gothrax:ro] [310/405] Linking C static library zephyr/drivers/pwm/libdrivers__pwm.a
[gothrax:ro] [311/405] Building C object zephyr/drivers/serial/CMakeFiles/drivers__serial.dir/uart_ite_it8xxx2.c.obj
[gothrax:ro] [312/405] Building C object zephyr/drivers/sensor/ite/ite_vcmp_it8xxx2/CMakeFiles/drivers__sensor__ite__ite_vcmp_it8xxx2.dir/vcmp_ite_it8xxx2.c.obj
[/mnt/host/source/src/platform/ec/build/zephyr/felino4es-lcov] stderr:
[gothrax:ro] [313/405] Building C object zephyr/drivers/serial/CMakeFiles/drivers__serial.dir/uart_ns16550.c.obj
[gothrax:ro] [314/405] Linking C static library zephyr/drivers/sensor/ite/ite_tach_it8xxx2/libdrivers__sensor__ite__ite_tach_it8xxx2.a
[gothrax:ro] [315/405] Building C object zephyr/drivers/timer/CMakeFiles/drivers__timer.dir/sys_clock_init.c.obj
[screebo:ro] [64/419] Building C object CMakeFiles/app.dir/mnt/host/source/src/platform/ec/build/zephyr/screebo/modules/ec/common/uart_hostcmd.c.obj
[screebo:ro] [65/419] Building C object CMakeFiles/app.dir/mnt/host/source/src/platform/ec/build/zephyr/screebo/modules/ec/common/host_event_commands.c.obj
[gothrax:ro] [316/405] Building C object zephyr/drivers/timer/CMakeFiles/drivers__timer.dir/ite_it8xxx2_timer.c.obj
[gothrax:ro] [317/405] Linking C static library zephyr/drivers/serial/libdrivers__serial.a
[gothrax:ro] [318/405] Linking C static library zephyr/drivers/sensor/ite/ite_vcmp_it8xxx2/libdrivers__sensor__ite__ite_vcmp_it8xxx2.a
[gothrax:ro] [319/405] Building C object zephyr/drivers/watchdog/CMakeFiles/drivers__watchdog.dir/wdt_ite_it8xxx2.c.obj
[gothrax:ro] [320/405] Building C object zephyr/drivers/watchdog/CMakeFiles/drivers__watchdog.dir/wdt_shell.c.obj
[gothrax:ro] [321/405] Building C object modules/ec/zephyr/CMakeFiles/ec_shim.dir/app/ec/ec_app_main.c.obj
[screebo:ro] [66/419] Building C object CMakeFiles/app.dir/mnt/host/source/src/platform/ec/build/zephyr/screebo/modules/ec/common/uptime.c.obj
[ocelotrvp-npcx:rw] -- warning_base_override: -Wall;-Wformat;-Wformat-security;-Wformat;-Wno-format-zero-length;-Wno-pointer-sign;-Wpointer-arith;-Wexpansion-to-defined
[gothrax:ro] [322/405] Building C object modules/ec/zephyr/CMakeFiles/ec_shim.dir/app/ec/main_shim.c.obj
[skitty:rw] [10/367] Generating include/generated/zephyr/offsets.h
[ocelotrvp-npcx:rw] The PW_ROOT environment variable is not set; using /mnt/host/source/src/platform/ec/build/zephyr/ocelotrvp-npcx/modules/pigweed within CMake
[gothrax:ro] [323/405] Linking C static library zephyr/drivers/timer/libdrivers__timer.a
[gothrax:ro] [324/405] Building C object modules/ec/zephyr/CMakeFiles/ec_shim.dir/app/ec/chip/riscv/riscv-ite/it8xxx2-espi.c.obj
[gothrax:ro] [325/405] Building C object modules/ec/zephyr/CMakeFiles/ec_shim.dir/drivers/cros_flash/cros_flash_it8xxx2.c.obj
[gothrax:ro] [326/405] Building C object modules/ec/zephyr/CMakeFiles/ec_shim.dir/drivers/cros_kb_raw/cros_kb_raw_ite.c.obj
[gothrax:ro] [327/405] Linking C static library zephyr/drivers/watchdog/libdrivers__watchdog.a
[gothrax:ro] [328/405] Building C object modules/ec/zephyr/CMakeFiles/ec_shim.dir/drivers/cros_system/cros_system_it8xxx2.c.obj
[gothrax:ro] [329/405] Building C object modules/ec/zephyr/CMakeFiles/ec_shim.dir/drivers/vivaldi_kbd/vivaldi_kbd.c.obj
[gothrax:ro] [330/405] Building C object modules/ec/zephyr/CMakeFiles/ec_shim.dir/shim/chip/it8xxx2/clock.c.obj
[ocelotrvp-npcx:ro] -- warning_base_override: -Wall;-Wformat;-Wformat-security;-Wformat;-Wno-format-zero-length;-Wno-pointer-sign;-Wpointer-arith;-Wexpansion-to-defined
[gothrax:ro] [331/405] Building C object modules/ec/zephyr/CMakeFiles/ec_shim.dir/shim/chip/it8xxx2/gpio.c.obj
[gothrax:ro] [332/405] Building C object modules/ec/zephyr/CMakeFiles/ec_shim.dir/shim/chip/it8xxx2/keyboard_raw.c.obj
[gothrax:ro] [333/405] Building C object modules/ec/zephyr/CMakeFiles/ec_shim.dir/shim/chip/it8xxx2/system.c.obj
[gothrax:ro] [334/405] Building C object modules/ec/zephyr/CMakeFiles/ec_shim.dir/shim/chip/it8xxx2/power_policy.c.obj
[gothrax:ro] [335/405] Building C object modules/ec/zephyr/CMakeFiles/ec_shim.dir/shim/src/crc.c.obj
[gothrax:ro] [336/405] Building C object modules/ec/zephyr/CMakeFiles/ec_shim.dir/shim/src/console.c.obj
[gothrax:ro] [337/405] Building C object modules/ec/zephyr/CMakeFiles/ec_shim.dir/shim/src/gpio_int.c.obj
[gothrax:ro] [338/405] Building C object modules/ec/zephyr/CMakeFiles/ec_shim.dir/shim/src/gpio.c.obj
[gothrax:ro] [339/405] Building C object modules/ec/zephyr/CMakeFiles/ec_shim.dir/shim/src/pm_state.c.obj
[gothrax:ro] [340/405] Building C object modules/ec/zephyr/CMakeFiles/ec_shim.dir/shim/src/panic_utils.c.obj
[gothrax:ro] [341/405] Building C object modules/ec/zephyr/CMakeFiles/ec_shim.dir/shim/src/cbi/cros_cbi.c.obj
[gothrax:ro] [342/405] Building C object modules/ec/zephyr/CMakeFiles/ec_shim.dir/shim/src/cbi/cros_cbi_fw_config.c.obj
[gothrax:ro] [343/405] Building C object modules/ec/zephyr/CMakeFiles/ec_shim.dir/shim/src/cbi/cros_cbi_ssfc.c.obj
[gothrax:ro] [344/405] Building C object modules/ec/zephyr/CMakeFiles/ec_shim.dir/shim/src/cbi/cbi_eeprom.c.obj
[gothrax:ro] [345/405] Building C object modules/ec/zephyr/CMakeFiles/ec_shim.dir/shim/src/led_driver/led.c.obj
[gothrax:ro] [346/405] Building C object modules/ec/zephyr/CMakeFiles/ec_shim.dir/shim/src/led_driver/led_gpio.c.obj
[gothrax:ro] [347/405] Building C object modules/ec/zephyr/CMakeFiles/ec_shim.dir/shim/src/system.c.obj
[/mnt/host/source/src/platform/ec/build/zephyr/felino4es-lcov]   /mnt/host/source/src/platform/ec/build/zephyr/felino4es/build-ro/modules/ec/zephyr/CMakeFiles/ec_shim.dir/shim/src/thermal.c.gcno:no functions found
[/mnt/host/source/src/platform/ec/build/zephyr/felino4es-lcov] stderr:
[ocelotrvp-npcx:ro] The PW_ROOT environment variable is not set; using /mnt/host/source/src/platform/ec/build/zephyr/ocelotrvp-npcx/modules/pigweed within CMake
[gothrax:ro] [348/405] Building C object modules/ec/zephyr/CMakeFiles/ec_shim.dir/shim/src/adc.c.obj
[gothrax:ro] [349/405] Building C object modules/ec/zephyr/CMakeFiles/ec_shim.dir/shim/src/battery.c.obj
[gothrax:ro] [350/405] Building C object modules/ec/zephyr/CMakeFiles/ec_shim.dir/shim/src/charger.c.obj
[gothrax:ro] [351/405] Building C object modules/ec/zephyr/CMakeFiles/ec_shim.dir/shim/src/chipset_api.c.obj
[screebo:ro] [67/419] Building C object CMakeFiles/app.dir/mnt/host/source/src/platform/ec/build/zephyr/screebo/modules/ec/common/i2c_controller.c.obj
[gothrax:ro] [352/405] Building C object modules/ec/zephyr/CMakeFiles/ec_shim.dir/shim/src/espi.c.obj
[gothrax:ro] [353/405] Building C object modules/ec/zephyr/CMakeFiles/ec_shim.dir/shim/src/flash.c.obj
[gothrax:ro] [354/405] Building C object modules/ec/zephyr/CMakeFiles/ec_shim.dir/shim/src/hooks.c.obj
[gothrax:ro] [355/405] Building C object modules/ec/zephyr/CMakeFiles/ec_shim.dir/shim/src/host_command.c.obj
[gothrax:ro] [356/405] Building C object modules/ec/zephyr/CMakeFiles/ec_shim.dir/shim/src/console_buffer.c.obj
[gothrax:ro] [357/405] Building C object modules/ec/zephyr/CMakeFiles/ec_shim.dir/shim/src/fan.c.obj
[gothrax:ro] [358/405] Building C object modules/ec/zephyr/CMakeFiles/ec_shim.dir/shim/src/keyboard_raw.c.obj
[gothrax:ro] [359/405] Building C object modules/ec/zephyr/CMakeFiles/ec_shim.dir/shim/src/panic.c.obj
[gothrax:ro] [360/405] Building C object modules/ec/zephyr/CMakeFiles/ec_shim.dir/shim/src/mkbp_event.c.obj
[gothrax:ro] [361/405] Building C object modules/ec/zephyr/CMakeFiles/ec_shim.dir/shim/src/motionsense_sensors.c.obj
[screebo:ro] [68/419] Building C object CMakeFiles/app.dir/mnt/host/source/src/platform/ec/build/zephyr/screebo/modules/ec/common/i2c_passthru.c.obj
[gothrax:ro] [362/405] Building C object modules/ec/zephyr/CMakeFiles/ec_shim.dir/shim/src/temp_sensors.c.obj
[gothrax:ro] [363/405] Building C object modules/ec/zephyr/CMakeFiles/ec_shim.dir/shim/src/thermal.c.obj
[gothrax:ro] [364/405] Building C object modules/ec/zephyr/CMakeFiles/ec_shim.dir/shim/src/hwtimer.c.obj
[gothrax:ro] [365/405] Building C object modules/ec/zephyr/CMakeFiles/ec_shim.dir/shim/src/i2c.c.obj
[gothrax:ro] [366/405] Building C object modules/ec/zephyr/CMakeFiles/ec_shim.dir/shim/src/tasks.c.obj
[gothrax:ro] [367/405] Building C object modules/ec/zephyr/CMakeFiles/ec_shim.dir/shim/src/bc12.c.obj
[gothrax:ro] [368/405] Building C object modules/ec/zephyr/CMakeFiles/ec_shim.dir/shim/src/watchdog.c.obj
[gothrax:ro] [369/405] Building C object modules/ec/zephyr/CMakeFiles/ec_shim.dir/shim/src/bc12_pi3usb9201.c.obj
[gothrax:ro] [370/405] Building C object modules/ec/zephyr/CMakeFiles/ec_shim.dir/shim/src/usba.c.obj
[gothrax:ro] [371/405] Building C object modules/ec/zephyr/CMakeFiles/ec_shim.dir/shim/src/power_host_sleep_api.c.obj
[gothrax:ro] [372/405] Building C object modules/ec/zephyr/CMakeFiles/ec_shim.dir/shim/src/usb_muxes.c.obj
[gothrax:ro] [373/405] Building C object zephyr/kernel/CMakeFiles/kernel.dir/main_weak.c.obj
[gothrax:ro] [374/405] Building C object zephyr/kernel/CMakeFiles/kernel.dir/banner.c.obj
[gothrax:ro] [375/405] Building C object zephyr/kernel/CMakeFiles/kernel.dir/busy_wait.c.obj
[gothrax:ro] [376/405] Building C object zephyr/kernel/CMakeFiles/kernel.dir/device.c.obj
[gothrax:ro] [377/405] Building C object zephyr/kernel/CMakeFiles/kernel.dir/errno.c.obj
[gothrax:ro] [378/405] Building C object zephyr/kernel/CMakeFiles/kernel.dir/fatal.c.obj
[gothrax:ro] [379/405] Building C object zephyr/kernel/CMakeFiles/kernel.dir/init.c.obj
[gothrax:ro] [380/405] Building C object zephyr/kernel/CMakeFiles/kernel.dir/kheap.c.obj
[gothrax:ro] [381/405] Building C object zephyr/kernel/CMakeFiles/kernel.dir/mem_slab.c.obj
[gothrax:ro] [382/405] Building C object zephyr/kernel/CMakeFiles/kernel.dir/version.c.obj
[/mnt/host/source/src/platform/ec/build/zephyr/felino4es-lcov]   /mnt/host/source/src/platform/ec/build/zephyr/felino4es/build-ro/modules/ec/zephyr/CMakeFiles/ec_shim.dir/shim/src/battery.c.gcno:no functions found
[/mnt/host/source/src/platform/ec/build/zephyr/felino4es-lcov] stderr:
[gothrax:ro] [383/405] Building C object zephyr/kernel/CMakeFiles/kernel.dir/float.c.obj
[gothrax:ro] [384/405] Building C object zephyr/kernel/CMakeFiles/kernel.dir/idle.c.obj
[gothrax:ro] [385/405] Linking C static library modules/ec/zephyr/libec_shim.a
[gothrax:ro] [386/405] Building C object zephyr/kernel/CMakeFiles/kernel.dir/mailbox.c.obj
[gothrax:ro] [387/405] Building C object zephyr/kernel/CMakeFiles/kernel.dir/msg_q.c.obj
[gothrax:ro] [388/405] Building C object zephyr/kernel/CMakeFiles/kernel.dir/mutex.c.obj
[gothrax:ro] [389/405] Building C object zephyr/kernel/CMakeFiles/kernel.dir/queue.c.obj
[gothrax:ro] [390/405] Building C object zephyr/kernel/CMakeFiles/kernel.dir/sem.c.obj
[gothrax:ro] [391/405] Building C object zephyr/kernel/CMakeFiles/kernel.dir/stack.c.obj
[gothrax:ro] [392/405] Building C object zephyr/kernel/CMakeFiles/kernel.dir/system_work_q.c.obj
[gothrax:ro] [393/405] Building C object zephyr/kernel/CMakeFiles/kernel.dir/condvar.c.obj
[gothrax:ro] [394/405] Building C object zephyr/kernel/CMakeFiles/kernel.dir/work.c.obj
[gothrax:ro] [395/405] Building C object zephyr/kernel/CMakeFiles/kernel.dir/thread.c.obj
[screebo:ro] [69/419] Building C object CMakeFiles/app.dir/mnt/host/source/src/platform/ec/build/zephyr/screebo/modules/ec/common/keyboard_scan.c.obj
[gothrax:ro] [396/405] Building C object zephyr/kernel/CMakeFiles/kernel.dir/sched.c.obj
[gothrax:ro] [397/405] Building C object zephyr/kernel/CMakeFiles/kernel.dir/pipe.c.obj
[gothrax:ro] [398/405] Building C object zephyr/kernel/CMakeFiles/kernel.dir/thread_monitor.c.obj
[gothrax:ro] [399/405] Building C object zephyr/kernel/CMakeFiles/kernel.dir/timer.c.obj
[gothrax:ro] [400/405] Building C object zephyr/kernel/CMakeFiles/kernel.dir/timeout.c.obj
[gothrax:ro] [401/405] Building C object zephyr/kernel/CMakeFiles/kernel.dir/poll.c.obj
[gothrax:ro] [402/405] Building C object zephyr/kernel/CMakeFiles/kernel.dir/events.c.obj
[gothrax:ro] [403/405] Building C object zephyr/kernel/CMakeFiles/kernel.dir/dynamic_disabled.c.obj
[gothrax:ro] [404/405] Building C object zephyr/kernel/CMakeFiles/kernel.dir/mempool.c.obj
[skitty:rw] [11/367] Building C object zephyr/CMakeFiles/zephyr.dir/lib/libc/validate_libc.c.obj
[screebo:ro] [70/419] Building C object CMakeFiles/app.dir/mnt/host/source/src/platform/ec/build/zephyr/screebo/modules/ec/common/keyboard_8042.c.obj
[gothrax:ro] [405/405] Linking C static library zephyr/kernel/libkernel.a
[screebo:ro] [71/419] Building C object CMakeFiles/app.dir/mnt/host/source/src/platform/ec/build/zephyr/screebo/modules/ec/common/mkbp_fifo.c.obj
[screebo:ro] [72/419] Building C object CMakeFiles/app.dir/mnt/host/source/src/platform/ec/build/zephyr/screebo/modules/ec/common/keyboard_8042_sharedlib.c.obj
[screebo:ro] [73/419] Building C object CMakeFiles/app.dir/mnt/host/source/src/platform/ec/build/zephyr/screebo/modules/ec/common/mkbp_info.c.obj
[ojal:rw] /mnt/host/source/src/platform/ec/build/zephyr/ojal/build-rw/zephyr/zephyr.dts:1463.20-1465.5: Warning (simple_bus_reg): /soc/cros-flash: missing or empty reg/ranges property
[/mnt/host/source/src/platform/ec/build/zephyr/felino4es-lcov]   /mnt/host/source/src/platform/ec/build/zephyr/felino4es/build-ro/modules/ec/zephyr/CMakeFiles/ec_shim.dir/shim/src/charger.c.gcno:no functions found
[/mnt/host/source/src/platform/ec/build/zephyr/felino4es-lcov] stderr:
[screebo:ro] [74/419] Building C object CMakeFiles/app.dir/mnt/host/source/src/platform/ec/build/zephyr/screebo/modules/ec/common/keyboard_backlight.c.obj
[screebo:ro] [75/419] Building C object CMakeFiles/app.dir/mnt/host/source/src/platform/ec/build/zephyr/screebo/modules/ec/common/mkbp_input_devices.c.obj
[skitty:rw] [12/367] Building C object zephyr/CMakeFiles/zephyr.dir/lib/heap/heap.c.obj
[skitty:rw] [13/367] Building C object zephyr/CMakeFiles/zephyr.dir/lib/os/cbprintf_packaged.c.obj
[screebo:ro] [76/419] Building C object CMakeFiles/app.dir/mnt/host/source/src/platform/ec/build/zephyr/screebo/modules/ec/common/mkbp_event.c.obj
[screebo:ro] [77/419] Building C object CMakeFiles/app.dir/mnt/host/source/src/platform/ec/build/zephyr/screebo/modules/ec/common/lid_switch.c.obj
[screebo:ro] [78/419] Building C object CMakeFiles/app.dir/mnt/host/source/src/platform/ec/build/zephyr/screebo/modules/ec/common/led_common.c.obj
[screebo:ro] [79/419] Building C object CMakeFiles/app.dir/mnt/host/source/src/platform/ec/build/zephyr/screebo/modules/ec/common/port80.c.obj
[screebo:ro] [80/419] Building C object CMakeFiles/app.dir/mnt/host/source/src/platform/ec/build/zephyr/screebo/modules/ec/common/power_button.c.obj
[screebo:ro] [81/419] Building C object CMakeFiles/app.dir/mnt/host/source/src/platform/ec/build/zephyr/screebo/modules/ec/power/hibernate.c.obj
[skitty:rw] [14/367] Building C object zephyr/CMakeFiles/zephyr.dir/lib/os/clock.c.obj
[screebo:ro] [82/419] Building C object CMakeFiles/app.dir/mnt/host/source/src/platform/ec/build/zephyr/screebo/modules/ec/common/panic_output.c.obj
[skitty:rw] [15/367] Building C object zephyr/CMakeFiles/zephyr.dir/lib/os/printk.c.obj
[screebo:ro] [83/419] Building C object CMakeFiles/app.dir/mnt/host/source/src/platform/ec/build/zephyr/screebo/modules/ec/common/switch.c.obj
[screebo:ro] [84/419] Building C object CMakeFiles/app.dir/mnt/host/source/src/platform/ec/build/zephyr/screebo/modules/ec/common/spi_flash_reg.c.obj
[screebo:ro] [85/419] Building C object CMakeFiles/app.dir/mnt/host/source/src/platform/ec/build/zephyr/screebo/modules/ec/common/shared_mem.c.obj
[skitty:rw] [16/367] Building C object zephyr/CMakeFiles/zephyr.dir/lib/os/sem.c.obj
[screebo:ro] [86/419] Building C object CMakeFiles/app.dir/mnt/host/source/src/platform/ec/build/zephyr/screebo/modules/ec/common/thermal.c.obj
[screebo:ro] [87/419] Building C object CMakeFiles/app.dir/mnt/host/source/src/platform/ec/build/zephyr/screebo/modules/ec/common/temp_sensor.c.obj
[skitty:rw] [17/367] Building C object zephyr/CMakeFiles/zephyr.dir/lib/os/thread_entry.c.obj
[screebo:ro] [88/419] Building C object CMakeFiles/app.dir/mnt/host/source/src/platform/ec/build/zephyr/screebo/modules/ec/common/timer.c.obj
[screebo:ro] [89/419] Building C object CMakeFiles/app.dir/mnt/host/source/src/platform/ec/build/zephyr/screebo/modules/ec/driver/temp_sensor/thermistor.c.obj
[/mnt/host/source/src/platform/ec/build/zephyr/felino4es-lcov]   /mnt/host/source/src/platform/ec/build/zephyr/felino4es/build-ro/modules/ec/zephyr/CMakeFiles/ec_shim.dir/shim/src/usba.c.gcno:no functions found
[/mnt/host/source/src/platform/ec/build/zephyr/felino4es-lcov] stderr:
[screebo:ro] [90/419] Building C object CMakeFiles/app.dir/mnt/host/source/src/platform/ec/build/zephyr/screebo/modules/ec/common/usb_charger.c.obj
[screebo:ro] [91/419] Building C object CMakeFiles/app.dir/mnt/host/source/src/platform/ec/build/zephyr/screebo/modules/ec/common/usb_port_power_dumb.c.obj
[skitty:rw] [18/367] Building C object zephyr/CMakeFiles/zephyr.dir/lib/os/cbprintf_nano.c.obj
[screebo:ro] [92/419] Building C object CMakeFiles/app.dir/mnt/host/source/src/platform/ec/build/zephyr/screebo/modules/ec/common/typec_control.c.obj
[skitty:rw] [19/367] Building C object zephyr/CMakeFiles/zephyr.dir/lib/os/cbprintf.c.obj
[ocelotrvp-npcx:rw] -- Found gen_kobject_list: /mnt/host/source/src/third_party/zephyr/main/scripts/build/gen_kobject_list.py
[ocelotrvp-npcx:rw] CMake Warning at /mnt/host/source/src/third_party/zephyr/main/CMakeLists.txt:2359 (message):
[ocelotrvp-npcx:rw]   __ASSERT() statements are globally ENABLED
[screebo:ro] [93/419] Building C object CMakeFiles/app.dir/mnt/host/source/src/platform/ec/build/zephyr/screebo/modules/ec/common/usb_common.c.obj
[skitty:rw] [20/367] Building C object zephyr/CMakeFiles/zephyr.dir/lib/utils/dec.c.obj
[screebo:ro] [94/419] Building C object CMakeFiles/app.dir/mnt/host/source/src/platform/ec/build/zephyr/screebo/modules/ec/common/usb_pd_pdo.c.obj
[ocelotrvp-npcx:ro] -- Found gen_kobject_list: /mnt/host/source/src/third_party/zephyr/main/scripts/build/gen_kobject_list.py
[skitty:rw] [21/367] Building C object zephyr/CMakeFiles/zephyr.dir/lib/os/assert.c.obj
[ocelotrvp-npcx:rw] -- Configuring done (26.4s)
[ocelotrvp-npcx:ro] CMake Warning at /mnt/host/source/src/third_party/zephyr/main/CMakeLists.txt:2359 (message):
[ocelotrvp-npcx:ro]   __ASSERT() statements are globally ENABLED
[skitty:rw] [22/367] Building C object zephyr/CMakeFiles/zephyr.dir/lib/utils/hex.c.obj
[screebo:ro] [95/419] Building C object CMakeFiles/app.dir/mnt/host/source/src/platform/ec/build/zephyr/screebo/modules/ec/common/usbc_utils.c.obj
[screebo:ro] [96/419] Building C object CMakeFiles/app.dir/mnt/host/source/src/platform/ec/build/zephyr/screebo/modules/ec/common/usbc/usb_sm.c.obj
[screebo:ro] [97/419] Building C object CMakeFiles/app.dir/mnt/host/source/src/platform/ec/build/zephyr/screebo/modules/ec/common/usbc_intr_task.c.obj
[screebo:ro] [98/419] Building C object CMakeFiles/app.dir/mnt/host/source/src/platform/ec/build/zephyr/screebo/modules/ec/common/usbc/usb_pd_timer.c.obj
[screebo:ro] [99/419] Building C object CMakeFiles/app.dir/mnt/host/source/src/platform/ec/build/zephyr/screebo/modules/ec/common/usbc/usbc_task.c.obj
[screebo:ro] [100/419] Building C object CMakeFiles/app.dir/mnt/host/source/src/platform/ec/build/zephyr/screebo/modules/ec/common/usb_pd_flags.c.obj
[screebo:ro] [101/419] Building C object CMakeFiles/app.dir/mnt/host/source/src/platform/ec/build/zephyr/screebo/modules/ec/common/chargen.c.obj
[ocelotrvp-npcx:ro] -- Configuring done (26.7s)
[ojal:rw] /mnt/host/source/src/platform/ec/build/zephyr/ojal/build-rw/zephyr/zephyr.dts:373.40-384.5: Warning (unique_unit_address_if_enabled): /soc/uart_wrapper@40010200: duplicate unit-address (also used in node /soc/flash-controller@40010200)
[skitty:rw] [23/367] Building C object zephyr/CMakeFiles/zephyr.dir/lib/utils/timeutil.c.obj
[/mnt/host/source/src/platform/ec/build/zephyr/npcx_monitor-lcov]   /mnt/host/source/src/platform/ec/build/zephyr/npcx_monitor/build-singleimage/zephyr/CMakeFiles/zephyr.dir/soc/nuvoton/npcx/common/npcxn/registers.c.gcno:no functions found
[/mnt/host/source/src/platform/ec/build/zephyr/npcx_monitor-lcov] Filter suppressions 'region':
[/mnt/host/source/src/platform/ec/build/zephyr/npcx_monitor-lcov]     9 instances
[/mnt/host/source/src/platform/ec/build/zephyr/npcx_monitor-lcov]     0 coverpoint
[/mnt/host/source/src/platform/ec/build/zephyr/npcx_monitor-lcov] Message summary:
[/mnt/host/source/src/platform/ec/build/zephyr/npcx_monitor-lcov]   5 ignore messages:
[/mnt/host/source/src/platform/ec/build/zephyr/npcx_monitor-lcov]     gcov: 5
[skitty:ro] Building: /usr/bin/ninja -C /mnt/host/source/src/platform/ec/build/zephyr/skitty/build-ro all.libraries
Running `env -i SHELL=/bin/bash COLORTERM=truecolor DEPOT_TOOLS_UPDATE=0 LESS='-R -M --shift 5' SUDO_GID=0 JDK_HOME=/etc/java-config-2/current-system-vm CONFIG_PROTECT_MASK='/etc/gentoo-release /etc/sandbox.d /etc/fonts/fonts.conf /etc/terminfo /etc/ca-certificates.conf /etc/revdep-rebuild' CHROMEOS_CACHEDIR=/var/cache/chromeos-cache JAVA_HOME=/etc/java-config-2/current-system-vm SSH_AUTH_SOCK=/tmp/ssh-auth-sock SUDO_COMMAND=/bin/bash SUDO_USER=root SUDO_TTY=/dev/pts/2 EDITOR=/usr/bin/vi PWD=/mnt/host/source/src/platform/ec CONFIG_PROTECT=/usr/share/gnupg/qualified.txt LOGNAME=jpmurphy MANPATH=/etc/java-config-2/current-system-vm/man:/usr/local/share/man:/usr/share/man:/usr/share/gcc-data/x86_64-pc-linux-gnu/10.2.0/man:/usr/share/binutils-data/x86_64-pc-linux-gnu/2.45/man:/etc/java-config-2/current-system-vm/man/ SUDO_HOME=/root XAUTHORITY=/run/user/944457/gdm/Xauthority HOME=/home/jpmurphy LANG=C.UTF-8 LS_COLORS='rs=0:di=01;34:ln=01;36:mh=00:pi=40;33:so=01;35:do=01;35:bd=40;33;01:cd=40;33;01:or=01;05;37;41:mi=01;05;37;41:su=37;41:sg=30;43:ca=30;41:tw=30;42:ow=34;42:st=37;44:ex=01;32:*.tar=01;31:*.tgz=01;31:*.arc=01;31:*.arj=01;31:*.taz=01;31:*.lha=01;31:*.lz4=01;31:*.lzh=01;31:*.lzma=01;31:*.tlz=01;31:*.txz=01;31:*.tzo=01;31:*.t7z=01;31:*.zip=01;31:*.z=01;31:*.dz=01;31:*.gz=01;31:*.lrz=01;31:*.lz=01;31:*.lzo=01;31:*.xz=01;31:*.zst=01;31:*.tzst=01;31:*.bz2=01;31:*.bz=01;31:*.tbz=01;31:*.tbz2=01;31:*.tz=01;31:*.deb=01;31:*.rpm=01;31:*.jar=01;31:*.war=01;31:*.ear=01;31:*.sar=01;31:*.rar=01;31:*.alz=01;31:*.ace=01;31:*.zoo=01;31:*.cpio=01;31:*.7z=01;31:*.rz=01;31:*.cab=01;31:*.wim=01;31:*.swm=01;31:*.dwm=01;31:*.esd=01;31:*.jpg=01;35:*.jpeg=01;35:*.mjpg=01;35:*.mjpeg=01;35:*.gif=01;35:*.bmp=01;35:*.pbm=01;35:*.pgm=01;35:*.ppm=01;35:*.tga=01;35:*.xbm=01;35:*.xpm=01;35:*.tif=01;35:*.tiff=01;35:*.png=01;35:*.svg=01;35:*.svgz=01;35:*.mng=01;35:*.pcx=01;35:*.mov=01;35:*.mpg=01;35:*.mpeg=01;35:*.m2v=01;35:*.mkv=01;35:*.webm=01;35:*.webp=01;35:*.ogm=01;35:*.mp4=01;35:*.m4v=01;35:*.mp4v=01;35:*.vob=01;35:*.qt=01;35:*.nuv=01;35:*.wmv=01;35:*.asf=01;35:*.rm=01;35:*.rmvb=01;35:*.flc=01;35:*.avi=01;35:*.fli=01;35:*.flv=01;35:*.gl=01;35:*.dl=01;35:*.xcf=01;35:*.xwd=01;35:*.yuv=01;35:*.cgm=01;35:*.emf=01;35:*.ogv=01;35:*.ogx=01;35:*.cfg=00;32:*.conf=00;32:*.diff=00;32:*.doc=00;32:*.ini=00;32:*.log=00;32:*.patch=00;32:*.pdf=00;32:*.ps=00;32:*.tex=00;32:*.txt=00;32:*.aac=00;36:*.au=00;36:*.flac=00;36:*.m4a=00;36:*.mid=00;36:*.midi=00;36:*.mka=00;36:*.mp3=00;36:*.mpc=00;36:*.ogg=00;36:*.ra=00;36:*.wav=00;36:*.oga=00;36:*.opus=00;36:*.spx=00;36:*.xspf=00;36:' XDG_CURRENT_DESKTOP=GNOME INFOPATH=/usr/share/info:/usr/share/gcc-data/x86_64-pc-linux-gnu/10.2.0/info:/usr/share/binutils-data/x86_64-pc-linux-gnu/2.45/info:/usr/share/automake-1.16.5/info JAVAC=/etc/java-config-2/current-system-vm/bin/javac TERM=xterm-256color LESSOPEN='|lesspipe %s' USER=jpmurphy CROS_WORKON_SRCROOT=/mnt/host/source MANPAGER=manpager DISPLAY=:1 SHLVL=1 LC_MESSAGES=C EXTERNAL_TRUNK_PATH=/mnt/8f9d649a-3721-44cc-93c0-e6bd21a9689f/chromiumos GCC_SPECS='' PATH=/mnt/host/source/chromite/bin:/usr/local/bin:/usr/bin:/bin:/opt/bin:/mnt/host/source/chromite/sdk/bin:/mnt/host/source/chromite/bin PORTAGE_USERNAME=jpmurphy SUDO_UID=0 GCC_VER=10.2.0 MAIL=/var/mail/jpmurphy OLDPWD=/mnt/host/source/src/scripts traceparent=00-e87aca51550a78635907baa6a2476181-6d684811675d2973-01 _=./zephyr/firmware_builder.py COREBOOT_SDK_ROOT_x86=/home/jpmurphy/.cache/coreboot-sdk/i386-elf/dfbb0486385d938cfa9d73080b9d18d598ed4f49 COREBOOT_SDK_ROOT_picolibc_x86=/home/jpmurphy/.cache/coreboot-sdk/picolibc-i386-elf/eb8e8e687b95461de8cbf278f1c2076952d0ad17 COREBOOT_SDK_ROOT_riscv64=/home/jpmurphy/.cache/coreboot-sdk/riscv64-elf/96b949749225b6aaa92ed810ab769e8dfb12f000 COREBOOT_SDK_ROOT_picolibc_arm=/home/jpmurphy/.cache/coreboot-sdk/picolibc-arm-eabi/422a2aa3e1ef891b5bece9a3deb696ff83840d2e COREBOOT_SDK_ROOT_nds32=/home/jpmurphy/.cache/coreboot-sdk/nds32le-elf/d1a518c4a097666d86058e1444f85ca015d15511 COREBOOT_SDK_ROOT_picolibc_riscv64=/home/jpmurphy/.cache/coreboot-sdk/picolibc-riscv64-elf/f571e990ef0278564b31124f8bb109d9a697eb69 COREBOOT_SDK_ROOT_arm=/home/jpmurphy/.cache/coreboot-sdk/arm-eabi/ea40ddd1d190c3b48435c474c0b545719371813a COREBOOT_SDK_ROOT_libstdcxx_riscv64=/home/jpmurphy/.cache/coreboot-sdk/libstdcxx-riscv64-elf/17abf22a3a252e2d5d2062ced5324f7a623689e0 COREBOOT_SDK_ROOT_libstdcxx_arm=/home/jpmurphy/.cache/coreboot-sdk/libstdcxx-arm-eabi/5d7d82e150e44aa1968f1d366e267e6687b328ac COREBOOT_SDK_ROOT_riscv=/home/jpmurphy/.cache/coreboot-sdk/riscv-elf/9a27b9e82341c6e9126624f516ab3f261abb3e73 COREBOOT_SDK_ROOT_libstdcxx_x86=/home/jpmurphy/.cache/coreboot-sdk/libstdcxx-i386-elf/42ef9d2e87a76a37963175d7d428734e65648b87 PYTHONPATH=/mnt/host/source/src/platform/ec/zephyr/zmake PW_PIGWEED_CIPD_INSTALL_DIR=/usr CROSTC_USER_ACKNOWLEDGES_THAT_RISCV_IS_EXPERIMENTAL=1 MAKEFLAGS=' -j16 --jobserver-auth=5,6' /usr/bin/ninja -C /mnt/host/source/src/platform/ec/build/zephyr/skitty/build-ro all.libraries`
[skitty:ro] ninja: Entering directory `/mnt/host/source/src/platform/ec/build/zephyr/skitty/build-ro'
[skitty:rw] [24/367] Building C object zephyr/CMakeFiles/zephyr.dir/lib/utils/rb.c.obj
[screebo:ro] [102/419] Building C object CMakeFiles/app.dir/mnt/host/source/src/platform/ec/build/zephyr/screebo/modules/ec/common/usbc/usb_pd_console.c.obj
[ojal:rw] Parsing /mnt/host/source/src/platform/ec/zephyr/program/ocelot/Kconfig
[skitty:rw] [25/367] Building C object zephyr/CMakeFiles/zephyr.dir/lib/utils/bitmask.c.obj
[screebo:ro] [103/419] Building C object CMakeFiles/app.dir/mnt/host/source/src/platform/ec/build/zephyr/screebo/modules/ec/driver/retimer/bb_retimer.c.obj
[skitty:rw] [26/367] Building C object zephyr/CMakeFiles/zephyr.dir/lib/utils/bitarray.c.obj
[screebo:ro] [104/419] Building C object CMakeFiles/app.dir/mnt/host/source/src/platform/ec/build/zephyr/screebo/modules/ec/common/event_log.c.obj
[screebo:ro] [105/419] Building C object CMakeFiles/app.dir/mnt/host/source/src/platform/ec/build/zephyr/screebo/modules/ec/driver/usb_mux/usb_mux.c.obj
[skitty:ro] [1/367] Generating include/generated/zephyr/version.h
[skitty:ro] -- git describe warned: warning: tag 'upstream/v2.7.99' is externally known as 'v2.7.99'
[skitty:ro] -- Zephyr version: 4.3.99 (/mnt/host/source/src/third_party/zephyr/main)
[skitty:ro] [2/367] Preparing syscall dependency handling
[screebo:ro] [106/419] Building C object CMakeFiles/app.dir/mnt/host/source/src/platform/ec/build/zephyr/screebo/modules/ec/common/pd_log.c.obj
[screebo:ro] [107/419] Building C object CMakeFiles/app.dir/mnt/host/source/src/platform/ec/build/zephyr/screebo/modules/ec/driver/usb_mux/virtual.c.obj
[skitty:ro] [3/367] Generating misc/generated/syscalls_subdirs.trigger
[screebo:ro] [108/419] Building C object CMakeFiles/app.dir/mnt/host/source/src/platform/ec/build/zephyr/screebo/modules/ec/common/usbc/usb_prl_sm.c.obj
[skitty:rw] [27/367] Building C object zephyr/CMakeFiles/zephyr.dir/lib/utils/getopt/getopt.c.obj
[screebo:ro] [109/419] Building C object CMakeFiles/app.dir/mnt/host/source/src/platform/ec/build/zephyr/screebo/modules/ec/common/usbc/usb_tc_drp_acc_trysrc_sm.c.obj
[skitty:rw] [28/367] Building C object zephyr/CMakeFiles/zephyr.dir/lib/utils/getopt/getopt_common.c.obj
[skitty:rw] [29/367] Building C object zephyr/CMakeFiles/zephyr.dir/lib/utils/ring_buffer.c.obj
[skitty:rw] [30/367] Building C object zephyr/CMakeFiles/zephyr.dir/lib/utils/last_section_id.c.obj
[ojal:rw] Loaded configuration '/mnt/host/source/src/platform/ec/zephyr/boards/google/realtek/realtek_rts5912_defconfig'
[ojal:rw] Merged configuration '/mnt/host/source/src/platform/ec/zephyr/program/ocelot/program.conf'
[ojal:rw] Merged configuration '/mnt/host/source/src/platform/ec/zephyr/program/ocelot/ojal/project.conf'
[ojal:rw] Merged configuration '/mnt/host/source/src/platform/ec/build/zephyr/ojal/kconfig-rw.conf'
[ojal:rw] Configuration saved to '/mnt/host/source/src/platform/ec/build/zephyr/ojal/build-rw/zephyr/.config'
[ojal:rw] Kconfig header saved to '/mnt/host/source/src/platform/ec/build/zephyr/ojal/build-rw/zephyr/include/generated/zephyr/autoconf.h'
[ojal:rw] -- Found GnuLd: /home/jpmurphy/.cache/coreboot-sdk/arm-eabi/ea40ddd1d190c3b48435c474c0b545719371813a/arm-eabi/bin/ld.bfd (found version "2.43.1")
[screebo:ro] [110/419] Building C object CMakeFiles/app.dir/mnt/host/source/src/platform/ec/build/zephyr/screebo/modules/ec/common/usbc/usb_pe_drp_sm.c.obj
[skitty:rw] [31/367] Building C object zephyr/CMakeFiles/zephyr.dir/misc/generated/configs.c.obj
[screebo:ro] [111/419] Building C object CMakeFiles/app.dir/mnt/host/source/src/platform/ec/build/zephyr/screebo/modules/ec/common/usbc/usbc_pd_policy.c.obj
[skitty:ro] [4/367] Generating misc/generated/syscalls.json, misc/generated/struct_tags.json
[ojal:rw] -- The C compiler identification is GNU 14.2.0
[screebo:ro] [112/419] Building C object CMakeFiles/app.dir/mnt/host/source/src/platform/ec/build/zephyr/screebo/modules/ec/common/usbc/usb_pd_dpm.c.obj
[skitty:ro] [5/367] Generating include/generated/zephyr/syscall_dispatch.c, include/generated/zephyr/syscall_exports_llext.c, syscall_weakdefs_llext.c, include/generated/zephyr/syscall_list.h
[skitty:rw] [32/367] Building ASM object zephyr/CMakeFiles/zephyr.dir/soc/ite/ec/common/soc_irq.S.obj
[screebo:ro] [113/419] Building C object CMakeFiles/app.dir/mnt/host/source/src/platform/ec/build/zephyr/screebo/modules/ec/common/usbc/dp_alt_mode.c.obj
[screebo:ro] [114/419] Building C object CMakeFiles/app.dir/mnt/host/source/src/platform/ec/build/zephyr/screebo/modules/ec/common/usbc/usb_retimer_fw_update.c.obj
[screebo:ro] [115/419] Building C object CMakeFiles/app.dir/mnt/host/source/src/platform/ec/build/zephyr/screebo/modules/ec/common/usbc/usb_mode.c.obj
[ojal:rw] -- The CXX compiler identification is GNU 14.2.0
[skitty:ro] [6/367] Generating include/generated/zephyr/driver-validation.h
[ojal:rw] -- The ASM compiler identification is GNU
[screebo:ro] [116/419] Building C object CMakeFiles/app.dir/mnt/host/source/src/platform/ec/build/zephyr/screebo/modules/ec/common/usbc/tbt_alt_mode.c.obj
[ojal:rw] -- Found assembler: /home/jpmurphy/.cache/coreboot-sdk/arm-eabi/ea40ddd1d190c3b48435c474c0b545719371813a/bin/arm-eabi-gcc
[ojal:rw] warning: Deprecated symbol I2C_ALLOW_NO_STOP_TRANSACTIONS is enabled.
[ojal:rw] CMake Warning at /mnt/host/source/src/platform/ec/zephyr/cmake/linker/ld/linker_libraries.cmake:11 (message):
[skitty:ro] [7/367] Generating include/generated/zephyr/kobj-types-enum.h, include/generated/zephyr/otype-to-str.h, include/generated/zephyr/otype-to-size.h
[skitty:rw] [33/367] Building C object zephyr/CMakeFiles/zephyr.dir/soc/ite/ec/common/soc_common_irq.c.obj
[skitty:ro] [8/367] Generating include/generated/device-api-sections.ld, include/generated/device-api-sections.cmake
[screebo:ro] [117/419] Building C object CMakeFiles/app.dir/mnt/host/source/src/platform/ec/build/zephyr/screebo/modules/ec/common/usb_pd_console_cmd.c.obj
[skitty:ro] [9/367] Building C object zephyr/CMakeFiles/offsets.dir/arch/riscv/core/offsets/offsets.c.obj
[screebo:ro] [118/419] Building C object CMakeFiles/app.dir/mnt/host/source/src/platform/ec/build/zephyr/screebo/modules/ec/common/usb_pd_host_cmd.c.obj
[skitty:rw] [34/367] Building C object zephyr/CMakeFiles/zephyr.dir/soc/ite/ec/common/power.c.obj
[skitty:ro] [10/367] Generating include/generated/zephyr/offsets.h
[screebo:ro] [119/419] Building C object CMakeFiles/app.dir/mnt/host/source/src/platform/ec/build/zephyr/screebo/modules/ec/common/usbc/usb_pd_host.c.obj
[screebo:ro] [120/419] Building C object CMakeFiles/app.dir/mnt/host/source/src/platform/ec/build/zephyr/screebo/modules/ec/zephyr/shim/src/tcpc.c.obj
[skitty:rw] [35/367] Building C object zephyr/CMakeFiles/zephyr.dir/soc/ite/ec/common/policy.c.obj
[screebo:ro] [121/419] Building C object CMakeFiles/app.dir/mnt/host/source/src/platform/ec/build/zephyr/screebo/modules/ec/common/usb_pd_host_cmd_common.c.obj
[screebo:ro] [122/419] Building C object CMakeFiles/app.dir/mnt/host/source/src/platform/ec/build/zephyr/screebo/modules/ec/common/usbc_ocp.c.obj
[screebo:ro] [123/419] Building C object CMakeFiles/app.dir/mnt/host/source/src/platform/ec/build/zephyr/screebo/modules/ec/common/usb_pd_discovery.c.obj
[screebo:ro] [124/419] Building C object CMakeFiles/app.dir/mnt/host/source/src/platform/ec/build/zephyr/screebo/modules/ec/common/usb_pd_dual_role.c.obj
[skitty:rw] [36/367] Building C object zephyr/CMakeFiles/zephyr.dir/soc/ite/ec/it8xxx2/soc.c.obj
[skitty:ro] [11/367] Building C object zephyr/CMakeFiles/zephyr.dir/lib/libc/validate_libc.c.obj
[ojal:rw] -- Performing EC specific devicetree checks
[skitty:rw] [37/367] Building C object zephyr/CMakeFiles/zephyr.dir/soc/ite/ec/it8xxx2/check_regs.c.obj
[screebo:ro] [125/419] Building C object CMakeFiles/app.dir/mnt/host/source/src/platform/ec/build/zephyr/screebo/modules/ec/driver/tcpm/nct38xx.c.obj
[screebo:ro] [126/419] Building C object CMakeFiles/app.dir/mnt/host/source/src/platform/ec/build/zephyr/screebo/modules/ec/driver/tcpm/ps8xxx.c.obj
[ojal:rw]   Disabling c_library
[ojal:rw] Call Stack (most recent call first):
[ojal:rw]   /mnt/host/source/src/third_party/zephyr/main/cmake/target_toolchain_flags.cmake:48 (include)
[ojal:rw]   /mnt/host/source/src/third_party/zephyr/main/cmake/modules/kernel.cmake:153 (include)
[ojal:rw]   /mnt/host/source/src/third_party/zephyr/main/cmake/modules/zephyr_default.cmake:138 (include)
[ojal:rw]   /mnt/host/source/src/third_party/zephyr/main/share/zephyr-package/cmake/ZephyrConfig.cmake:66 (include)
[ojal:rw]   /mnt/host/source/src/third_party/zephyr/main/share/zephyr-package/cmake/ZephyrConfig.cmake:97 (include_boilerplate)
[ojal:rw]   CMakeLists.txt:7 (find_package)
[ojal:rw] INFO: Verified 34 GPIOs, no duplicates found
[ojal:rw] INFO: Verified 19 '*-gpios' properties, all flags match.
[skitty:rw] [38/367] Building ASM object zephyr/CMakeFiles/zephyr.dir/soc/ite/ec/it8xxx2/__arithmetic.S.obj
[skitty:rw] [39/367] Building ASM object zephyr/CMakeFiles/zephyr.dir/soc/ite/ec/it8xxx2/vector.S.obj
[screebo:ro] [127/419] Building C object CMakeFiles/app.dir/mnt/host/source/src/platform/ec/build/zephyr/screebo/modules/ec/driver/tcpm/tcpci.c.obj
[screebo:ro] [128/419] Building C object CMakeFiles/app.dir/mnt/host/source/src/platform/ec/build/zephyr/screebo/modules/ec/common/usbc_ppc.c.obj
[ojal:rw] -- Generating component manifest file
[skitty:ro] [12/367] Building C object zephyr/CMakeFiles/zephyr.dir/lib/heap/heap.c.obj
[ojal:rw] INFO: Skipped 3 named-gpios children.
[ojal:rw] INFO: Running CME, outputting to /mnt/host/source/src/platform/ec/build/zephyr/ojal/build-rw/zephyr/component_manifest.json
[ojal:rw] INFO: Project ojal does not support SSFC
[ojal:rw] INFO: No motionsense-sensor node found
[screebo:ro] [129/419] Building C object CMakeFiles/app.dir/mnt/host/source/src/platform/ec/build/zephyr/screebo/modules/ec/driver/ppc/nx20p348x.c.obj
[screebo:ro] [130/419] Building C object CMakeFiles/app.dir/mnt/host/source/src/platform/ec/build/zephyr/screebo/modules/ec/common/vboot_hash.c.obj
[skitty:rw] [40/367] Building C object zephyr/CMakeFiles/zephyr.dir/soc/ite/ec/it8xxx2/ilm.c.obj
[screebo:ro] [131/419] Building C object CMakeFiles/app.dir/mnt/host/source/src/platform/ec/build/zephyr/screebo/modules/ec/driver/ppc/syv682x.c.obj
[ojal:rw] -- warning_base_override: -Wall;-Wformat;-Wformat-security;-Wformat;-Wno-format-zero-length;-Wno-pointer-sign;-Wpointer-arith;-Wexpansion-to-defined
[screebo:ro] [132/419] Building C object CMakeFiles/app.dir/mnt/host/source/src/platform/ec/build/zephyr/screebo/modules/ec/common/vboot/efs2.c.obj
[skitty:rw] [41/367] Building C object zephyr/CMakeFiles/zephyr.dir/subsys/logging/log_minimal.c.obj
[screebo:ro] [133/419] Building C object CMakeFiles/app.dir/mnt/host/source/src/platform/ec/build/zephyr/screebo/modules/ec/common/vstore.c.obj
[screebo:ro] [134/419] Building C object CMakeFiles/app.dir/mnt/host/source/src/platform/ec/build/zephyr/screebo/modules/ec/common/math_util.c.obj
[screebo:ro] [135/419] Building C object CMakeFiles/app.dir/src/board_power.c.obj
[screebo:ro] [136/419] Building C object CMakeFiles/app.dir/src/battery_present.c.obj
[ojal:rw] -- Found gen_kobject_list: /mnt/host/source/src/third_party/zephyr/main/scripts/build/gen_kobject_list.py
[skitty:ro] [13/367] Building C object zephyr/CMakeFiles/zephyr.dir/lib/os/cbprintf_packaged.c.obj
[ojal:rw] CMake Warning at /mnt/host/source/src/third_party/zephyr/main/CMakeLists.txt:1134 (message):
[ojal:rw]   No SOURCES given to Zephyr library: drivers__syscon
[ojal:rw]   Excluding target from build.
[ojal:rw] CMake Warning at /mnt/host/source/src/third_party/zephyr/main/CMakeLists.txt:2359 (message):
[ojal:rw]   __ASSERT() statements are globally ENABLED
[skitty:rw] [42/367] Building C object zephyr/CMakeFiles/zephyr.dir/subsys/pm/state.c.obj
[skitty:rw] [43/367] Building C object zephyr/CMakeFiles/zephyr.dir/subsys/pm/pm.c.obj
[ojal:rw] -- Configuring done (15.5s)
[screebo:ro] [137/419] Building C object CMakeFiles/app.dir/screebo/src/board.c.obj
[screebo:ro] [138/419] Building C object CMakeFiles/app.dir/src/usbc_config.c.obj
[screebo:ro] [139/419] Building C object CMakeFiles/app.dir/src/usb_pd_policy.c.obj
[screebo:ro] [140/419] Building C object CMakeFiles/app.dir/screebo/src/i2c_policy.c.obj
[screebo:ro] [141/419] Building C object zephyr/CMakeFiles/zephyr.dir/lib/libc/validate_libc.c.obj
[screebo:ro] [142/419] Building C object zephyr/CMakeFiles/zephyr.dir/lib/os/clock.c.obj
[screebo:ro] [143/419] Building C object zephyr/CMakeFiles/zephyr.dir/lib/os/cbprintf_packaged.c.obj
[ojal:rw] -- Generating done (0.4s)
[ojal:rw] CMake Warning:
[ojal:rw] -- Build files have been written to: /mnt/host/source/src/platform/ec/build/zephyr/ojal/build-rw
[screebo:ro] [144/419] Building C object zephyr/CMakeFiles/zephyr.dir/lib/heap/heap.c.obj
[skitty:rw] [44/367] Building C object zephyr/CMakeFiles/zephyr.dir/subsys/pm/policy/policy_events.c.obj
[skitty:ro] [14/367] Building C object zephyr/CMakeFiles/zephyr.dir/lib/os/clock.c.obj
[skitty:rw] [45/367] Building C object zephyr/CMakeFiles/zephyr.dir/subsys/pm/policy/policy_latency.c.obj
[screebo:ro] [145/419] Building C object zephyr/CMakeFiles/zephyr.dir/lib/utils/dec.c.obj
[screebo:ro] [146/419] Building C object CMakeFiles/app.dir/screebo/src/usb_config.c.obj
[ojal:rw]   Manually-specified variables were not used by the project:
[ojal:rw]     COREBOOT_SDK_ROOT_libstdcxx_riscv64
[ojal:rw]     COREBOOT_SDK_ROOT_libstdcxx_x86
[ojal:rw]     COREBOOT_SDK_ROOT_nds32
[ojal:rw]     COREBOOT_SDK_ROOT_picolibc_riscv64
[ojal:rw]     COREBOOT_SDK_ROOT_picolibc_x86
[ojal:rw]     COREBOOT_SDK_ROOT_riscv
[ojal:rw]     COREBOOT_SDK_ROOT_riscv64
[ojal:rw]     COREBOOT_SDK_ROOT_x86
[ocelotrvp-npcx:rw] -- Generating done (6.1s)
[ocelotrvp-npcx:rw] CMake Warning:
[ocelotrvp-npcx:rw] -- Build files have been written to: /mnt/host/source/src/platform/ec/build/zephyr/ocelotrvp-npcx/build-rw
[screebo:ro] [147/419] Building C object zephyr/CMakeFiles/zephyr.dir/lib/utils/hex.c.obj
[screebo:ro] [148/419] Linking C static library app/libapp.a
[screebo:ro] [149/419] Building C object zephyr/CMakeFiles/zephyr.dir/lib/os/sem.c.obj
[skitty:rw] [46/367] Building C object zephyr/CMakeFiles/zephyr.dir/subsys/pm/policy/policy_state_lock.c.obj
[screebo:ro] [150/419] Building C object zephyr/CMakeFiles/zephyr.dir/lib/os/assert.c.obj
[screebo:ro] [151/419] Building C object zephyr/CMakeFiles/zephyr.dir/lib/os/cbprintf.c.obj
[ocelotrvp-npcx:ro] -- Generating done (6.0s)
[ocelotrvp-npcx:ro] CMake Warning:
[ocelotrvp-npcx:ro]   Manually-specified variables were not used by the project:
[ocelotrvp-npcx:ro]     COREBOOT_SDK_ROOT_libstdcxx_riscv64
[ocelotrvp-npcx:ro]     COREBOOT_SDK_ROOT_libstdcxx_x86
[ocelotrvp-npcx:ro]     COREBOOT_SDK_ROOT_nds32
[ocelotrvp-npcx:ro]     COREBOOT_SDK_ROOT_picolibc_riscv64
[ocelotrvp-npcx:ro]     COREBOOT_SDK_ROOT_picolibc_x86
[ocelotrvp-npcx:ro]     COREBOOT_SDK_ROOT_riscv
[ocelotrvp-npcx:ro]     COREBOOT_SDK_ROOT_riscv64
[ocelotrvp-npcx:ro]     COREBOOT_SDK_ROOT_x86
[ocelotrvp-npcx:ro]     PW_ROOT
[screebo:ro] [152/419] Building C object zephyr/CMakeFiles/zephyr.dir/lib/os/cbprintf_nano.c.obj
[ocelotrvp-npcx:ro] -- Build files have been written to: /mnt/host/source/src/platform/ec/build/zephyr/ocelotrvp-npcx/build-ro
[screebo:ro] [153/419] Building C object zephyr/CMakeFiles/zephyr.dir/lib/utils/timeutil.c.obj
[screebo:ro] [154/419] Building C object zephyr/CMakeFiles/zephyr.dir/lib/os/printk.c.obj
[screebo:ro] [155/419] Building C object zephyr/CMakeFiles/zephyr.dir/lib/os/thread_entry.c.obj
[skitty:rw] [47/367] Building C object zephyr/CMakeFiles/zephyr.dir/subsys/pm/device.c.obj
[screebo:ro] [156/419] Building C object zephyr/CMakeFiles/zephyr.dir/lib/utils/bitmask.c.obj
[screebo:ro] [157/419] Building C object zephyr/CMakeFiles/zephyr.dir/lib/utils/last_section_id.c.obj
[skitty:ro] [15/367] Building C object zephyr/CMakeFiles/zephyr.dir/lib/os/printk.c.obj
[skitty:rw] [48/367] Building C object zephyr/CMakeFiles/zephyr.dir/subsys/pm/device_system_managed.c.obj
[screebo:ro] [158/419] Building C object zephyr/CMakeFiles/zephyr.dir/misc/generated/configs.c.obj
[screebo:ro] [159/419] Building C object zephyr/CMakeFiles/zephyr.dir/lib/utils/ring_buffer.c.obj
[screebo:ro] [160/419] Building C object zephyr/CMakeFiles/zephyr.dir/lib/utils/rb.c.obj
[ocelotrvp-npcx:rw]   Manually-specified variables were not used by the project:
[ocelotrvp-npcx:rw]     COREBOOT_SDK_ROOT_libstdcxx_riscv64
[ocelotrvp-npcx:rw]     COREBOOT_SDK_ROOT_libstdcxx_x86
[ocelotrvp-npcx:rw]     COREBOOT_SDK_ROOT_nds32
[ocelotrvp-npcx:rw]     COREBOOT_SDK_ROOT_picolibc_riscv64
[ocelotrvp-npcx:rw]     COREBOOT_SDK_ROOT_picolibc_x86
[ocelotrvp-npcx:rw]     COREBOOT_SDK_ROOT_riscv
[ocelotrvp-npcx:rw]     COREBOOT_SDK_ROOT_riscv64
[ocelotrvp-npcx:rw]     COREBOOT_SDK_ROOT_x86
[ocelotrvp-npcx:rw]     PW_ROOT
[skitty:rw] [49/367] Building C object zephyr/CMakeFiles/zephyr.dir/subsys/testsuite/coverage/coverage.c.obj
[screebo:ro] [161/419] Building C object zephyr/CMakeFiles/zephyr.dir/lib/utils/bitarray.c.obj
[skitty:rw] [50/367] Building C object zephyr/CMakeFiles/zephyr.dir/subsys/tracing/tracing_none.c.obj
[skitty:rw] [51/367] Building C object zephyr/CMakeFiles/zephyr.dir/subsys/shell/modules/kernel_service/kernel_shell.c.obj
[screebo:ro] [162/419] Building C object zephyr/CMakeFiles/zephyr.dir/lib/utils/getopt/getopt_common.c.obj
[screebo:ro] [163/419] Building C object zephyr/CMakeFiles/zephyr.dir/lib/utils/getopt/getopt.c.obj
[skitty:ro] [16/367] Building C object zephyr/CMakeFiles/zephyr.dir/lib/os/sem.c.obj
[screebo:ro] [164/419] Building C object zephyr/CMakeFiles/zephyr.dir/soc/nuvoton/npcx/common/npcxn/registers.c.obj
[screebo:ro] [165/419] Building C object zephyr/CMakeFiles/zephyr.dir/soc/nuvoton/npcx/common/scfg.c.obj
[screebo:ro] [166/419] Building C object zephyr/CMakeFiles/zephyr.dir/soc/nuvoton/npcx/common/power.c.obj
[screebo:ro] [167/419] Building C object zephyr/CMakeFiles/zephyr.dir/soc/nuvoton/npcx/npcx9/soc.c.obj
[skitty:rw] [52/367] Building C object zephyr/CMakeFiles/zephyr.dir/subsys/shell/modules/kernel_service/cycles.c.obj
[screebo:ro] [168/419] Building C object zephyr/CMakeFiles/zephyr.dir/subsys/logging/log_minimal.c.obj
[screebo:ro] [169/419] Building C object zephyr/CMakeFiles/zephyr.dir/subsys/pm/state.c.obj
[skitty:rw] [53/367] Building C object zephyr/CMakeFiles/zephyr.dir/subsys/shell/modules/kernel_service/uptime.c.obj
[screebo:ro] [170/419] Building C object zephyr/CMakeFiles/zephyr.dir/subsys/pm/pm.c.obj
[screebo:ro] [171/419] Building C object zephyr/CMakeFiles/zephyr.dir/subsys/mem_mgmt/mem_attr.c.obj
[skitty:rw] [54/367] Building C object zephyr/CMakeFiles/zephyr.dir/subsys/shell/modules/kernel_service/version.c.obj
[skitty:rw] [55/367] Building C object zephyr/CMakeFiles/zephyr.dir/subsys/shell/modules/kernel_service/sleep.c.obj
[screebo:ro] [172/419] Building C object zephyr/CMakeFiles/zephyr.dir/subsys/pm/policy/policy_events.c.obj
[skitty:ro] [17/367] Building C object zephyr/CMakeFiles/zephyr.dir/lib/os/thread_entry.c.obj
[screebo:ro] [173/419] Building C object zephyr/CMakeFiles/zephyr.dir/subsys/pm/policy/policy_latency.c.obj
[screebo:ro] [174/419] Building C object zephyr/CMakeFiles/zephyr.dir/subsys/pm/policy/policy_state_lock.c.obj
[screebo:ro] [175/419] Building C object zephyr/CMakeFiles/zephyr.dir/subsys/pm/device_system_managed.c.obj
[skitty:rw] [56/367] Building C object zephyr/CMakeFiles/zephyr.dir/subsys/shell/modules/kernel_service/thread/thread.c.obj
[screebo:ro] [176/419] Building C object zephyr/CMakeFiles/zephyr.dir/subsys/pm/device.c.obj
[skitty:rw] [57/367] Building C object zephyr/CMakeFiles/zephyr.dir/subsys/shell/modules/kernel_service/thread/list.c.obj
[screebo:ro] [177/419] Building C object zephyr/CMakeFiles/zephyr.dir/subsys/testsuite/coverage/coverage.c.obj
[screebo:ro] [178/419] Building C object zephyr/CMakeFiles/zephyr.dir/subsys/tracing/tracing_none.c.obj
[skitty:rw] [58/367] Building C object zephyr/CMakeFiles/zephyr.dir/subsys/shell/modules/kernel_service/thread/stacks.c.obj
[screebo:ro] [179/419] Building C object zephyr/CMakeFiles/zephyr.dir/subsys/shell/modules/kernel_service/kernel_shell.c.obj
[screebo:ro] [180/419] Building C object zephyr/CMakeFiles/zephyr.dir/subsys/shell/modules/kernel_service/cycles.c.obj
[screebo:ro] [181/419] Building C object zephyr/CMakeFiles/zephyr.dir/subsys/shell/modules/kernel_service/sleep.c.obj
[skitty:ro] [18/367] Building C object zephyr/CMakeFiles/zephyr.dir/lib/os/cbprintf_nano.c.obj
[skitty:rw] [59/367] Building C object zephyr/CMakeFiles/zephyr.dir/subsys/shell/modules/kernel_service/thread/unwind.c.obj
[screebo:ro] [182/419] Building C object zephyr/CMakeFiles/zephyr.dir/subsys/shell/modules/kernel_service/uptime.c.obj
[skitty:rw] [60/367] Building C object zephyr/CMakeFiles/zephyr.dir/subsys/shell/modules/kernel_service/thread/suspend.c.obj
[screebo:ro] [183/419] Building C object zephyr/CMakeFiles/zephyr.dir/subsys/shell/modules/kernel_service/thread/thread.c.obj
[screebo:ro] [184/419] Building C object zephyr/CMakeFiles/zephyr.dir/subsys/shell/modules/kernel_service/version.c.obj
[skitty:rw] [61/367] Building C object zephyr/CMakeFiles/zephyr.dir/subsys/shell/modules/kernel_service/thread/resume.c.obj
[screebo:ro] [185/419] Building C object zephyr/CMakeFiles/zephyr.dir/subsys/shell/modules/kernel_service/thread/list.c.obj
[skitty:ro] [19/367] Building C object zephyr/CMakeFiles/zephyr.dir/lib/os/cbprintf.c.obj
[screebo:ro] [186/419] Building C object zephyr/CMakeFiles/zephyr.dir/subsys/shell/modules/kernel_service/thread/suspend.c.obj
[skitty:rw] [62/367] Building C object zephyr/CMakeFiles/zephyr.dir/subsys/shell/modules/kernel_service/thread/kill.c.obj
[screebo:ro] [187/419] Building C object zephyr/CMakeFiles/zephyr.dir/subsys/shell/modules/kernel_service/thread/stacks.c.obj
[screebo:ro] [188/419] Building C object zephyr/CMakeFiles/zephyr.dir/subsys/shell/modules/kernel_service/thread/kill.c.obj
[/mnt/host/source/src/platform/ec/build/zephyr/felino4es-lcov]   /mnt/host/source/src/platform/ec/build/zephyr/felino4es/build-ro/modules/ec/zephyr/CMakeFiles/ec_shim.dir/drivers/keyboard_input/keyboard_customization_check.c.gcno:no functions found
[/mnt/host/source/src/platform/ec/build/zephyr/felino4es-lcov] stderr:
[screebo:ro] [189/419] Building C object zephyr/CMakeFiles/zephyr.dir/subsys/shell/backends/shell_uart.c.obj
[skitty:rw] [63/367] Building C object zephyr/CMakeFiles/zephyr.dir/subsys/shell/backends/shell_uart.c.obj
[screebo:ro] [190/419] Building C object zephyr/CMakeFiles/zephyr.dir/subsys/shell/modules/kernel_service/thread/resume.c.obj
[skitty:rw] [64/367] Building C object zephyr/CMakeFiles/zephyr.dir/subsys/shell/shell.c.obj
[screebo:ro] [191/419] Building C object zephyr/CMakeFiles/zephyr.dir/subsys/shell/shell_fprintf.c.obj
[screebo:ro] [192/419] Building C object zephyr/CMakeFiles/zephyr.dir/subsys/shell/shell.c.obj
[skitty:rw] [65/367] Building C object zephyr/CMakeFiles/zephyr.dir/subsys/shell/shell_fprintf.c.obj
[screebo:ro] [193/419] Building C object zephyr/CMakeFiles/zephyr.dir/subsys/shell/shell_history.c.obj
[skitty:ro] [20/367] Building C object zephyr/CMakeFiles/zephyr.dir/lib/os/assert.c.obj
[screebo:ro] [194/419] Building C object zephyr/arch/common/CMakeFiles/arch__common.dir/init.c.obj
[screebo:ro] [195/419] Building C object zephyr/CMakeFiles/zephyr.dir/subsys/shell/shell_utils.c.obj
[screebo:ro] [196/419] Building C object zephyr/CMakeFiles/zephyr.dir/subsys/shell/shell_ops.c.obj
[screebo:ro] [197/419] Building ASM object zephyr/arch/arch/arm/core/CMakeFiles/arch__arm__core.dir/nmi_on_reset.S.obj
[skitty:rw] [66/367] Building C object zephyr/CMakeFiles/zephyr.dir/subsys/shell/shell_utils.c.obj
[skitty:ro] [21/367] Building C object zephyr/CMakeFiles/zephyr.dir/lib/utils/dec.c.obj
[screebo:ro] [198/419] Building ASM object zephyr/arch/arch/arm/core/cortex_m/CMakeFiles/arch__arm__core__cortex_m.dir/fault_s.S.obj
[screebo:ro] [199/419] Building C object zephyr/arch/common/CMakeFiles/arch__common.dir/sw_isr_common.c.obj
[skitty:rw] [67/367] Building C object zephyr/CMakeFiles/zephyr.dir/subsys/shell/shell_ops.c.obj
[screebo:ro] [200/419] Building C object zephyr/arch/common/CMakeFiles/isr_tables.dir/isr_tables.c.obj
[screebo:ro] [201/419] Building C object zephyr/arch/common/CMakeFiles/arch__common.dir/xip.c.obj
[screebo:ro] [202/419] Building C object zephyr/CMakeFiles/zephyr.dir/drivers/flash/flash_util.c.obj
[skitty:rw] [68/367] Building C object zephyr/CMakeFiles/zephyr.dir/subsys/shell/shell_help.c.obj
[screebo:ro] [203/419] Linking C static library zephyr/arch/common/libisr_tables.a
[skitty:ro] [22/367] Building C object zephyr/CMakeFiles/zephyr.dir/lib/utils/hex.c.obj
[screebo:ro] [204/419] Linking C static library zephyr/arch/common/libarch__common.a
[skitty:rw] [69/367] Building C object zephyr/CMakeFiles/zephyr.dir/subsys/shell/shell_history.c.obj
[screebo:ro] [205/419] Linking C static library zephyr/libzephyr.a
[screebo:ro] [206/419] Building C object zephyr/arch/arch/arm/core/CMakeFiles/arch__arm__core.dir/nmi.c.obj
[screebo:ro] [207/419] Building C object zephyr/arch/arch/arm/core/CMakeFiles/arch__arm__core.dir/fatal.c.obj
[screebo:ro] [208/419] Building C object zephyr/arch/arch/arm/core/cortex_m/CMakeFiles/arch__arm__core__cortex_m.dir/exc_exit.c.obj
[screebo:ro] [209/419] Linking C static library zephyr/arch/arch/arm/core/libarch__arm__core.a
[skitty:rw] [70/367] Building C object zephyr/arch/common/CMakeFiles/arch__common.dir/sw_isr_common.c.obj
[screebo:ro] [210/419] Building C object zephyr/arch/arch/arm/core/cortex_m/CMakeFiles/arch__arm__core__cortex_m.dir/fpu.c.obj
[skitty:rw] [71/367] Building C object zephyr/CMakeFiles/zephyr.dir/drivers/flash/flash_util.c.obj
[screebo:ro] [211/419] Building ASM object zephyr/arch/arch/arm/core/cortex_m/CMakeFiles/arch__arm__core__cortex_m.dir/reset.S.obj
[screebo:ro] [212/419] Building ASM object zephyr/arch/arch/arm/core/cortex_m/CMakeFiles/arch__arm__core__cortex_m.dir/vector_table.S.obj
[screebo:ro] [213/419] Building C object zephyr/arch/arch/arm/core/cortex_m/CMakeFiles/arch__arm__core__cortex_m.dir/fault.c.obj
[skitty:rw] [72/367] Building C object zephyr/arch/common/CMakeFiles/arch__common.dir/dynamic_isr.c.obj
[screebo:ro] [214/419] Building C object zephyr/arch/arch/arm/core/cortex_m/CMakeFiles/arch__arm__core__cortex_m.dir/scb.c.obj
[skitty:rw] [73/367] Linking C static library zephyr/libzephyr.a
[skitty:rw] [74/367] Building C object zephyr/arch/common/CMakeFiles/arch__common.dir/init.c.obj
[skitty:ro] [23/367] Building C object zephyr/CMakeFiles/zephyr.dir/lib/utils/rb.c.obj
[screebo:ro] [215/419] Building C object zephyr/arch/arch/arm/core/cortex_m/CMakeFiles/arch__arm__core__cortex_m.dir/thread_abort.c.obj
[screebo:ro] [216/419] Building ASM object zephyr/arch/arch/arm/core/cortex_m/CMakeFiles/arch__arm__core__cortex_m.dir/swap_helper.S.obj
[screebo:ro] [217/419] Building C object zephyr/arch/arch/arm/core/cortex_m/CMakeFiles/arch__arm__core__cortex_m.dir/irq_manage.c.obj
[screebo:ro] [218/419] Generating ../../../include/generated/libc/minimal/strerror_table.h
[skitty:ro] [24/367] Building C object zephyr/CMakeFiles/zephyr.dir/lib/utils/timeutil.c.obj
[screebo:ro] [219/419] Building C object zephyr/arch/arch/arm/core/cortex_m/CMakeFiles/arch__arm__core__cortex_m.dir/prep_c.c.obj
[skitty:rw] [75/367] Building C object zephyr/arch/common/CMakeFiles/isr_tables.dir/isr_tables.c.obj
[skitty:rw] [76/367] Building C object zephyr/arch/common/CMakeFiles/arch__common.dir/xip.c.obj
[screebo:ro] [220/419] Building C object zephyr/arch/arch/arm/core/cortex_m/CMakeFiles/arch__arm__core__cortex_m.dir/thread.c.obj
[screebo:ro] [221/419] Building C object zephyr/lib/libc/minimal/CMakeFiles/lib__libc__minimal.dir/source/stdlib/atoi.c.obj
[skitty:rw] [77/367] Linking C static library zephyr/arch/common/libisr_tables.a
[screebo:ro] [222/419] Building C object zephyr/arch/arch/arm/core/cortex_m/CMakeFiles/arch__arm__core__cortex_m.dir/irq_init.c.obj
[screebo:ro] [223/419] Building C object zephyr/arch/arch/arm/core/cortex_m/CMakeFiles/arch__arm__core__cortex_m.dir/cpu_idle.c.obj
[screebo:ro] [224/419] Building C object zephyr/arch/arch/arm/core/cortex_m/CMakeFiles/arch__arm__core__cortex_m.dir/isr_wrapper.c.obj
[skitty:rw] [78/367] Linking C static library zephyr/arch/common/libarch__common.a
[screebo:ro] [225/419] Building C object zephyr/lib/libc/minimal/CMakeFiles/lib__libc__minimal.dir/source/stdlib/strtol.c.obj
[screebo:ro] [226/419] Building C object zephyr/lib/libc/minimal/CMakeFiles/lib__libc__minimal.dir/source/stdlib/strtoul.c.obj
[skitty:rw] [79/367] Building C object zephyr/arch/arch/riscv/core/CMakeFiles/arch__riscv__core.dir/cpu_idle.c.obj
[screebo:ro] [227/419] Linking C static library zephyr/arch/arch/arm/core/cortex_m/libarch__arm__core__cortex_m.a
[screebo:ro] [228/419] Building C object zephyr/lib/libc/minimal/CMakeFiles/lib__libc__minimal.dir/source/stdlib/bsearch.c.obj
[screebo:ro] [229/419] Building C object zephyr/lib/libc/minimal/CMakeFiles/lib__libc__minimal.dir/source/stdlib/strtoull.c.obj
[skitty:rw] [80/367] Building C object zephyr/arch/arch/riscv/core/CMakeFiles/arch__riscv__core.dir/fatal.c.obj
[screebo:ro] [230/419] Building C object zephyr/arch/arch/arm/core/mpu/CMakeFiles/arch__arm__core__mpu.dir/arm_core_mpu.c.obj
[screebo:ro] [231/419] Building C object zephyr/arch/arch/arm/core/mpu/CMakeFiles/arch__arm__core__mpu.dir/arm_mpu_regions.c.obj
[screebo:ro] [232/419] Building C object zephyr/lib/libc/minimal/CMakeFiles/lib__libc__minimal.dir/source/stdlib/strtoll.c.obj
[screebo:ro] [233/419] Building C object zephyr/lib/libc/minimal/CMakeFiles/lib__libc__minimal.dir/source/string/strstr.c.obj
[screebo:ro] [234/419] Building C object zephyr/arch/arch/arm/core/mpu/CMakeFiles/arch__arm__core__mpu.dir/arm_mpu.c.obj
[screebo:ro] [235/419] Building C object zephyr/lib/libc/minimal/CMakeFiles/lib__libc__minimal.dir/source/string/strncasecmp.c.obj
[skitty:rw] [81/367] Building C object zephyr/arch/arch/riscv/core/CMakeFiles/arch__riscv__core.dir/prep_c.c.obj
[screebo:ro] [236/419] Building C object zephyr/lib/libc/minimal/CMakeFiles/lib__libc__minimal.dir/source/string/strerror.c.obj
[screebo:ro] [237/419] Building C object zephyr/lib/libc/minimal/CMakeFiles/lib__libc__minimal.dir/source/stdlib/qsort.c.obj
[screebo:ro] [238/419] Building C object zephyr/lib/libc/minimal/CMakeFiles/lib__libc__minimal.dir/source/string/string.c.obj
[screebo:ro] [239/419] Building C object zephyr/lib/libc/minimal/CMakeFiles/lib__libc__minimal.dir/source/string/strspn.c.obj
[screebo:ro] [240/419] Linking C static library zephyr/arch/arch/arm/core/mpu/libarch__arm__core__mpu.a
[skitty:ro] [25/367] Building C object zephyr/CMakeFiles/zephyr.dir/lib/utils/bitarray.c.obj
[screebo:ro] [241/419] Building C object zephyr/lib/libc/common/CMakeFiles/lib__libc__common.dir/source/time/gmtime_r.c.obj
[skitty:rw] [82/367] Building C object zephyr/arch/arch/riscv/core/CMakeFiles/arch__riscv__core.dir/irq_manage.c.obj
[screebo:ro] [242/419] Building C object zephyr/lib/libc/minimal/CMakeFiles/lib__libc__minimal.dir/source/math/sqrt.c.obj
[screebo:ro] [243/419] Building C object zephyr/lib/libc/minimal/CMakeFiles/lib__libc__minimal.dir/source/math/sqrtf.c.obj
[skitty:rw] [83/367] Building C object zephyr/arch/arch/riscv/core/CMakeFiles/arch__riscv__core.dir/reboot.c.obj
[screebo:ro] [244/419] Building C object zephyr/lib/libc/common/CMakeFiles/lib__libc__common.dir/source/time/asctime.c.obj
[screebo:ro] [245/419] Building C object zephyr/lib/libc/common/CMakeFiles/lib__libc__common.dir/source/stdlib/abort.c.obj
[skitty:ro] [26/367] Building C object zephyr/CMakeFiles/zephyr.dir/lib/utils/bitmask.c.obj
[screebo:ro] [246/419] Building C object zephyr/lib/libc/common/CMakeFiles/lib__libc__common.dir/source/time/localtime_r_utc.c.obj
[screebo:ro] [247/419] Building C object zephyr/lib/libc/minimal/CMakeFiles/lib__libc__minimal.dir/source/stdlib/exit.c.obj
[screebo:ro] [248/419] Building C object zephyr/lib/libc/common/CMakeFiles/lib__libc__common.dir/source/string/strnlen.c.obj
[screebo:ro] [249/419] Building C object zephyr/lib/libc/common/CMakeFiles/lib__libc__common.dir/source/time/time.c.obj
[skitty:rw] [84/367] Building ASM object zephyr/arch/arch/riscv/core/CMakeFiles/arch__riscv__core.dir/reset.S.obj
[screebo:ro] [250/419] Building C object zephyr/lib/libc/common/CMakeFiles/lib__libc__common.dir/source/time/ctime.c.obj
[screebo:ro] [251/419] Building C object zephyr/lib/libc/minimal/CMakeFiles/lib__libc__minimal.dir/source/stdout/sprintf.c.obj
[screebo:ro] [252/419] Building C object zephyr/lib/posix/c_lib_ext/CMakeFiles/lib__posix__c_lib_ext.dir/fnmatch.c.obj
[screebo:ro] [253/419] Building C object zephyr/lib/libc/minimal/CMakeFiles/lib__libc__minimal.dir/source/stdout/fprintf.c.obj
[screebo:ro] [254/419] Building C object zephyr/subsys/crc/CMakeFiles/subsys__crc.dir/crc8_sw.c.obj
[screebo:ro] [255/419] Building C object zephyr/subsys/crc/CMakeFiles/subsys__crc.dir/crc4_sw.c.obj
[skitty:rw] [85/367] Building ASM object zephyr/arch/arch/riscv/core/CMakeFiles/arch__riscv__core.dir/switch.S.obj
[screebo:ro] [256/419] Building C object zephyr/subsys/crc/CMakeFiles/subsys__crc.dir/crc16_sw.c.obj
[screebo:ro] [257/419] Building C object zephyr/subsys/crc/CMakeFiles/subsys__crc.dir/crc7_sw.c.obj
[skitty:rw] [86/367] Building C object zephyr/arch/arch/riscv/core/CMakeFiles/arch__riscv__core.dir/thread.c.obj
[screebo:ro] [258/419] Building C object zephyr/subsys/crc/CMakeFiles/subsys__crc.dir/crc32c_sw.c.obj
[screebo:ro] [259/419] Building C object zephyr/subsys/crc/CMakeFiles/subsys__crc.dir/crc32_sw.c.obj
[screebo:ro] [260/419] Building C object zephyr/lib/libc/minimal/CMakeFiles/lib__libc__minimal.dir/source/time/gmtime.c.obj
[screebo:ro] [261/419] Building C object zephyr/lib/libc/minimal/CMakeFiles/lib__libc__minimal.dir/source/stdout/stdout_console.c.obj
[skitty:rw] [87/367] Generating ../../../include/generated/libc/minimal/strerror_table.h
[screebo:ro] [262/419] Building C object zephyr/subsys/crc/CMakeFiles/subsys__crc.dir/crc24_sw.c.obj
[screebo:ro] [263/419] Building C object zephyr/subsys/crc/CMakeFiles/subsys__crc.dir/crc32k_4_2_sw.c.obj
[screebo:ro] [264/419] Linking C static library zephyr/lib/libc/minimal/liblib__libc__minimal.a
[screebo:ro] [265/419] Linking C static library zephyr/subsys/crc/libsubsys__crc.a
[skitty:ro] [27/367] Building C object zephyr/CMakeFiles/zephyr.dir/lib/utils/getopt/getopt.c.obj
[skitty:rw] [88/367] Building C object zephyr/lib/libc/minimal/CMakeFiles/lib__libc__minimal.dir/source/stdlib/atoi.c.obj
[screebo:ro] [266/419] Building C object zephyr/lib/libc/common/CMakeFiles/lib__libc__common.dir/source/stdlib/malloc.c.obj
[skitty:rw] [89/367] Building C object zephyr/arch/arch/riscv/core/CMakeFiles/arch__riscv__core.dir/stacktrace.c.obj
[skitty:rw] [90/367] Building ASM object zephyr/arch/arch/riscv/core/CMakeFiles/arch__riscv__core.dir/isr.S.obj
[skitty:rw] [91/367] Building C object zephyr/lib/libc/minimal/CMakeFiles/lib__libc__minimal.dir/source/stdlib/strtol.c.obj
[screebo:ro] [267/419] Linking C static library zephyr/lib/libc/common/liblib__libc__common.a
[skitty:rw] [92/367] Linking C static library zephyr/arch/arch/riscv/core/libarch__riscv__core.a
[skitty:rw] [93/367] Building C object zephyr/lib/libc/common/CMakeFiles/lib__libc__common.dir/source/stdlib/abort.c.obj
[screebo:ro] [268/419] Building C object zephyr/lib/posix/c_lib_ext/CMakeFiles/lib__posix__c_lib_ext.dir/getentropy.c.obj
[skitty:rw] [94/367] Building C object zephyr/lib/libc/minimal/CMakeFiles/lib__libc__minimal.dir/source/stdlib/strtoul.c.obj
[screebo:ro] [269/419] Building C object zephyr/lib/posix/c_lib_ext/CMakeFiles/lib__posix__c_lib_ext.dir/getopt_shim.c.obj
[skitty:rw] [95/367] Building C object zephyr/lib/libc/minimal/CMakeFiles/lib__libc__minimal.dir/source/stdlib/strtoull.c.obj
[skitty:rw] [96/367] Building C object zephyr/lib/libc/minimal/CMakeFiles/lib__libc__minimal.dir/source/stdlib/bsearch.c.obj
[skitty:rw] [97/367] Building C object zephyr/lib/libc/minimal/CMakeFiles/lib__libc__minimal.dir/source/stdlib/strtoll.c.obj
[screebo:ro] [270/419] Linking C static library zephyr/lib/posix/c_lib_ext/liblib__posix__c_lib_ext.a
[screebo:ro] [271/419] Building C object zephyr/drivers/clock_control/CMakeFiles/drivers__clock_control.dir/clock_control_npcx.c.obj
[screebo:ro] [272/419] Building C object zephyr/drivers/bbram/CMakeFiles/drivers__bbram.dir/bbram_npcx.c.obj
[skitty:ro] [28/367] Building C object zephyr/CMakeFiles/zephyr.dir/lib/utils/getopt/getopt_common.c.obj
[screebo:ro] [273/419] Building C object zephyr/drivers/interrupt_controller/CMakeFiles/drivers__interrupt_controller.dir/intc_miwu.c.obj
[skitty:rw] [98/367] Building C object zephyr/lib/libc/minimal/CMakeFiles/lib__libc__minimal.dir/source/string/strncasecmp.c.obj
[screebo:ro] [274/419] Linking C static library zephyr/drivers/clock_control/libdrivers__clock_control.a
[screebo:ro] [275/419] Linking C static library zephyr/drivers/bbram/libdrivers__bbram.a
[screebo:ro] [276/419] Building C object zephyr/drivers/console/CMakeFiles/drivers__console.dir/uart_console.c.obj
[skitty:rw] [99/367] Building C object zephyr/lib/libc/minimal/CMakeFiles/lib__libc__minimal.dir/source/string/strerror.c.obj
[skitty:rw] [100/367] Building C object zephyr/lib/libc/minimal/CMakeFiles/lib__libc__minimal.dir/source/stdlib/qsort.c.obj
[screebo:ro] [277/419] Linking C static library zephyr/drivers/interrupt_controller/libdrivers__interrupt_controller.a
[screebo:ro] [278/419] Building C object zephyr/drivers/adc/CMakeFiles/drivers__adc.dir/adc_npcx.c.obj
[screebo:ro] [279/419] Linking C static library zephyr/drivers/console/libdrivers__console.a
[screebo:ro] [280/419] Building C object zephyr/drivers/adc/CMakeFiles/drivers__adc.dir/adc_common.c.obj
[skitty:rw] [101/367] Building C object zephyr/lib/libc/minimal/CMakeFiles/lib__libc__minimal.dir/source/string/strstr.c.obj
[skitty:rw] [102/367] Building C object zephyr/lib/libc/minimal/CMakeFiles/lib__libc__minimal.dir/source/stdlib/exit.c.obj
[screebo:ro] [281/419] Building C object zephyr/drivers/crypto/CMakeFiles/drivers__crypto.dir/crypto_npcx_sha.c.obj
[skitty:rw] [103/367] Building C object zephyr/lib/libc/minimal/CMakeFiles/lib__libc__minimal.dir/source/string/strspn.c.obj
[screebo:ro] [282/419] Linking C static library zephyr/drivers/adc/libdrivers__adc.a
[skitty:rw] [104/367] Building C object zephyr/lib/libc/minimal/CMakeFiles/lib__libc__minimal.dir/source/string/string.c.obj
[skitty:ro] [29/367] Building C object zephyr/CMakeFiles/zephyr.dir/lib/utils/ring_buffer.c.obj
[screebo:ro] [283/419] Linking C static library zephyr/drivers/crypto/libdrivers__crypto.a
[screebo:ro] [284/419] Building C object zephyr/drivers/eeprom/CMakeFiles/drivers__eeprom.dir/eeprom_shell.c.obj
[skitty:ro] [30/367] Building C object zephyr/CMakeFiles/zephyr.dir/lib/utils/last_section_id.c.obj
[skitty:rw] [105/367] Building C object zephyr/lib/libc/minimal/CMakeFiles/lib__libc__minimal.dir/source/math/sqrtf.c.obj
[screebo:ro] [285/419] Building C object zephyr/drivers/eeprom/CMakeFiles/drivers__eeprom.dir/eeprom_at2x.c.obj
[skitty:ro] [31/367] Building C object zephyr/CMakeFiles/zephyr.dir/misc/generated/configs.c.obj
[screebo:ro] [286/419] Linking C static library zephyr/drivers/eeprom/libdrivers__eeprom.a
[skitty:rw] [106/367] Building C object zephyr/lib/libc/minimal/CMakeFiles/lib__libc__minimal.dir/source/stdout/fprintf.c.obj
[skitty:rw] [107/367] Building C object zephyr/lib/libc/minimal/CMakeFiles/lib__libc__minimal.dir/source/math/sqrt.c.obj
[skitty:rw] [108/367] Building C object zephyr/lib/libc/minimal/CMakeFiles/lib__libc__minimal.dir/source/stdout/sprintf.c.obj
[screebo:ro] [287/419] Building C object zephyr/drivers/flash/CMakeFiles/drivers__flash.dir/jesd216.c.obj
[skitty:rw] [109/367] Building C object zephyr/lib/libc/minimal/CMakeFiles/lib__libc__minimal.dir/source/stdout/stdout_console.c.obj
[screebo:ro] [288/419] Building C object zephyr/drivers/gpio/CMakeFiles/drivers__gpio.dir/gpio_nct38xx.c.obj
[screebo:ro] [289/419] Building C object zephyr/drivers/flash/CMakeFiles/drivers__flash.dir/flash_npcx_fiu_nor.c.obj
[skitty:rw] [110/367] Building C object zephyr/lib/libc/common/CMakeFiles/lib__libc__common.dir/source/time/gmtime_r.c.obj
[skitty:ro] [32/367] Building ASM object zephyr/CMakeFiles/zephyr.dir/soc/ite/ec/common/soc_irq.S.obj
[screebo:ro] [290/419] Building C object zephyr/drivers/espi/CMakeFiles/drivers__espi.dir/espi_npcx.c.obj
[screebo:ro] [291/419] Building C object zephyr/drivers/flash/CMakeFiles/drivers__flash.dir/flash_npcx_fiu_qspi.c.obj
[skitty:rw] [111/367] Building C object zephyr/lib/libc/common/CMakeFiles/lib__libc__common.dir/source/time/asctime.c.obj
[screebo:ro] [292/419] Building C object zephyr/drivers/espi/CMakeFiles/drivers__espi.dir/host_subs_npcx.c.obj
[screebo:ro] [293/419] Linking C static library zephyr/drivers/flash/libdrivers__flash.a
[screebo:ro] [294/419] Linking C static library zephyr/drivers/espi/libdrivers__espi.a
[skitty:rw] [112/367] Building C object zephyr/lib/libc/common/CMakeFiles/lib__libc__common.dir/source/time/ctime.c.obj
[screebo:ro] [295/419] Building C object zephyr/drivers/gpio/CMakeFiles/drivers__gpio.dir/gpio_npcx.c.obj
[skitty:rw] [113/367] Building C object zephyr/lib/libc/common/CMakeFiles/lib__libc__common.dir/source/time/localtime_r_utc.c.obj
[screebo:ro] [296/419] Building C object zephyr/drivers/i2c/CMakeFiles/drivers__i2c.dir/i2c_common.c.obj
[skitty:rw] [114/367] Building C object zephyr/lib/libc/common/CMakeFiles/lib__libc__common.dir/source/time/time.c.obj
[skitty:rw] [115/367] Building C object zephyr/lib/libc/minimal/CMakeFiles/lib__libc__minimal.dir/source/time/gmtime.c.obj
[skitty:rw] [116/367] Building C object zephyr/lib/libc/common/CMakeFiles/lib__libc__common.dir/source/string/strnlen.c.obj
[screebo:ro] [297/419] Building C object zephyr/drivers/gpio/CMakeFiles/drivers__gpio.dir/gpio_nct38xx_port.c.obj
[skitty:rw] [117/367] Building C object zephyr/lib/posix/c_lib_ext/CMakeFiles/lib__posix__c_lib_ext.dir/fnmatch.c.obj
[skitty:rw] [118/367] Linking C static library zephyr/lib/libc/minimal/liblib__libc__minimal.a
[screebo:ro] [298/419] Linking C static library zephyr/drivers/gpio/libdrivers__gpio.a
[skitty:ro] [33/367] Building C object zephyr/CMakeFiles/zephyr.dir/soc/ite/ec/common/soc_common_irq.c.obj
[/mnt/host/source/src/platform/ec/build/zephyr/felino4es-lcov]   /mnt/host/source/src/platform/ec/build/zephyr/felino4es/build-ro/CMakeFiles/app.dir/mnt/host/source/src/platform/ec/build/zephyr/felino4es/modules/ec/common/cbi_config.c.gcno:no functions found
[/mnt/host/source/src/platform/ec/build/zephyr/felino4es-lcov] stderr:
[skitty:rw] [119/367] Building C object zephyr/subsys/crc/CMakeFiles/subsys__crc.dir/crc4_sw.c.obj
[screebo:ro] [299/419] Building C object zephyr/drivers/sensor/CMakeFiles/drivers__sensor.dir/mnt/host/source/src/third_party/zephyr/main/misc/empty_file.c.obj
[screebo:ro] [300/419] Building C object zephyr/drivers/i2c/CMakeFiles/drivers__i2c.dir/i2c_shell.c.obj
[screebo:ro] [301/419] Building C object zephyr/drivers/pinctrl/CMakeFiles/drivers__pinctrl.dir/common.c.obj
[screebo:ro] [302/419] Linking C static library zephyr/drivers/sensor/libdrivers__sensor.a
[skitty:rw] [120/367] Building C object zephyr/subsys/crc/CMakeFiles/subsys__crc.dir/crc8_sw.c.obj
[screebo:ro] [303/419] Building C object zephyr/drivers/mfd/CMakeFiles/drivers__mfd.dir/mfd_nct38xx.c.obj
[skitty:rw] [121/367] Building C object zephyr/lib/libc/common/CMakeFiles/lib__libc__common.dir/source/stdlib/malloc.c.obj
[screebo:ro] [304/419] Building C object zephyr/drivers/i2c/CMakeFiles/drivers__i2c.dir/i2c_npcx_port.c.obj
[screebo:ro] [305/419] Building C object zephyr/drivers/pinctrl/CMakeFiles/drivers__pinctrl.dir/pinctrl_npcx.c.obj
[screebo:ro] [306/419] Linking C static library zephyr/drivers/mfd/libdrivers__mfd.a
[skitty:rw] [122/367] Building C object zephyr/subsys/crc/CMakeFiles/subsys__crc.dir/crc16_sw.c.obj
[skitty:rw] [123/367] Linking C static library zephyr/lib/libc/common/liblib__libc__common.a
[screebo:ro] [307/419] Building C object zephyr/drivers/i2c/CMakeFiles/drivers__i2c.dir/i2c_npcx_controller_fifo.c.obj
[screebo:ro] [308/419] Building C object zephyr/drivers/i2c/CMakeFiles/drivers__i2c.dir/i2c_npcx_controller.c.obj
[screebo:ro] [309/419] Linking C static library zephyr/drivers/pinctrl/libdrivers__pinctrl.a
[screebo:ro] [310/419] Building C object zephyr/drivers/pwm/CMakeFiles/drivers__pwm.dir/pwm_shell.c.obj
[screebo:ro] [311/419] Linking C static library zephyr/drivers/i2c/libdrivers__i2c.a
[skitty:rw] [124/367] Building C object zephyr/subsys/crc/CMakeFiles/subsys__crc.dir/crc7_sw.c.obj
[skitty:rw] [125/367] Building C object zephyr/lib/posix/c_lib_ext/CMakeFiles/lib__posix__c_lib_ext.dir/getopt_shim.c.obj
[skitty:rw] [126/367] Building C object zephyr/lib/posix/c_lib_ext/CMakeFiles/lib__posix__c_lib_ext.dir/getentropy.c.obj
[skitty:rw] [127/367] Building C object zephyr/subsys/crc/CMakeFiles/subsys__crc.dir/crc24_sw.c.obj
[/mnt/host/source/src/platform/ec/build/zephyr/felino4es-lcov]   /mnt/host/source/src/platform/ec/build/zephyr/felino4es/build-ro/zephyr/arch/arch/riscv/core/CMakeFiles/arch__riscv__core.dir/cpu_idle.c.gcno:no functions found
[/mnt/host/source/src/platform/ec/build/zephyr/felino4es-lcov] stderr:
[skitty:rw] [128/367] Building C object zephyr/subsys/crc/CMakeFiles/subsys__crc.dir/crc32c_sw.c.obj
[skitty:ro] [34/367] Building C object zephyr/CMakeFiles/zephyr.dir/soc/ite/ec/common/power.c.obj
[skitty:rw] [129/367] Building C object zephyr/subsys/crc/CMakeFiles/subsys__crc.dir/crc32_sw.c.obj
[skitty:rw] [130/367] Linking C static library zephyr/lib/posix/c_lib_ext/liblib__posix__c_lib_ext.a
[skitty:rw] [131/367] Building C object zephyr/subsys/crc/CMakeFiles/subsys__crc.dir/crc32k_4_2_sw.c.obj
[skitty:rw] [132/367] Linking C static library zephyr/subsys/crc/libsubsys__crc.a
[screebo:ro] [312/419] Building C object zephyr/drivers/pwm/CMakeFiles/drivers__pwm.dir/pwm_npcx.c.obj
[screebo:ro] [313/419] Linking C static library zephyr/drivers/pwm/libdrivers__pwm.a
[screebo:ro] [314/419] Building C object zephyr/drivers/timer/CMakeFiles/drivers__timer.dir/sys_clock_init.c.obj
[screebo:ro] [315/419] Building C object zephyr/drivers/serial/CMakeFiles/drivers__serial.dir/uart_npcx.c.obj
[screebo:ro] [316/419] Building C object zephyr/drivers/syscon/CMakeFiles/drivers__syscon.dir/syscon.c.obj
[screebo:ro] [317/419] Building C object zephyr/drivers/timer/CMakeFiles/drivers__timer.dir/npcx_itim_timer.c.obj
[screebo:ro] [318/419] Linking C static library zephyr/drivers/serial/libdrivers__serial.a
[skitty:rw] [133/367] Building C object zephyr/drivers/interrupt_controller/CMakeFiles/drivers__interrupt_controller.dir/intc_ite_it8xxx2.c.obj
[screebo:ro] [319/419] Building C object zephyr/drivers/watchdog/CMakeFiles/drivers__watchdog.dir/wdt_shell.c.obj
[screebo:ro] [320/419] Linking C static library zephyr/drivers/syscon/libdrivers__syscon.a
[skitty:rw] [134/367] Building C object zephyr/drivers/adc/CMakeFiles/drivers__adc.dir/adc_common.c.obj
[screebo:ro] [321/419] Linking C static library zephyr/drivers/timer/libdrivers__timer.a
[skitty:ro] [35/367] Building C object zephyr/CMakeFiles/zephyr.dir/soc/ite/ec/common/policy.c.obj
[screebo:ro] [322/419] Building C object zephyr/drivers/watchdog/CMakeFiles/drivers__watchdog.dir/wdt_npcx.c.obj
[screebo:ro] [323/419] Building C object zephyr/drivers/sensor/nuvoton/nuvoton_tach_npcx/CMakeFiles/drivers__sensor__nuvoton__nuvoton_tach_npcx.dir/tach_nuvoton_npcx.c.obj
[screebo:ro] [324/419] Linking C static library zephyr/drivers/sensor/nuvoton/nuvoton_tach_npcx/libdrivers__sensor__nuvoton__nuvoton_tach_npcx.a
[screebo:ro] [325/419] Linking C static library zephyr/drivers/watchdog/libdrivers__watchdog.a
[skitty:rw] [135/367] Building C object zephyr/drivers/interrupt_controller/CMakeFiles/drivers__interrupt_controller.dir/wuc_ite_it8xxx2.c.obj
[screebo:ro] [326/419] Building C object modules/ec/zephyr/CMakeFiles/ec_shim.dir/app/ec/main_shim.c.obj
[skitty:rw] [136/367] Linking C static library zephyr/drivers/interrupt_controller/libdrivers__interrupt_controller.a
[screebo:ro] [327/419] Building C object modules/ec/zephyr/CMakeFiles/ec_shim.dir/app/ec/ec_app_main.c.obj
[skitty:rw] [137/367] Building C object zephyr/drivers/adc/CMakeFiles/drivers__adc.dir/adc_ite_it8xxx2.c.obj
[skitty:rw] [138/367] Linking C static library zephyr/drivers/adc/libdrivers__adc.a
[skitty:rw] [139/367] Building C object zephyr/drivers/bbram/CMakeFiles/drivers__bbram.dir/bbram_it8xxx2.c.obj
[/mnt/host/source/src/platform/ec/build/zephyr/felino4es-lcov]   /mnt/host/source/src/platform/ec/build/zephyr/felino4es/build-ro/zephyr/arch/common/CMakeFiles/isr_tables.dir/isr_tables.c.gcno:no functions found
[/mnt/host/source/src/platform/ec/build/zephyr/felino4es-lcov] stderr:
[skitty:rw] [140/367] Building C object zephyr/drivers/console/CMakeFiles/drivers__console.dir/uart_console.c.obj
[skitty:rw] [141/367] Linking C static library zephyr/drivers/bbram/libdrivers__bbram.a
[skitty:ro] [36/367] Building C object zephyr/CMakeFiles/zephyr.dir/soc/ite/ec/it8xxx2/soc.c.obj
[skitty:rw] [142/367] Linking C static library zephyr/drivers/console/libdrivers__console.a
[screebo:ro] [328/419] Building C object modules/ec/zephyr/CMakeFiles/ec_shim.dir/drivers/cros_flash/cros_flash_npcx.c.obj
[skitty:rw] [143/367] Building C object zephyr/drivers/eeprom/CMakeFiles/drivers__eeprom.dir/eeprom_shell.c.obj
[screebo:ro] [329/419] Building C object modules/ec/zephyr/CMakeFiles/ec_shim.dir/drivers/cros_kb_raw/cros_kb_raw_npcx.c.obj
[screebo:ro] [330/419] Building C object modules/ec/zephyr/CMakeFiles/ec_shim.dir/drivers/cros_kblight/pwm_kblight.c.obj
[screebo:ro] [331/419] Building C object modules/ec/zephyr/CMakeFiles/ec_shim.dir/shim/chip/npcx/rom_chip.c.obj
[skitty:rw] [144/367] Building C object zephyr/drivers/eeprom/CMakeFiles/drivers__eeprom.dir/eeprom_at2x.c.obj
[screebo:ro] [332/419] Building C object modules/ec/zephyr/CMakeFiles/ec_shim.dir/drivers/vivaldi_kbd/vivaldi_kbd.c.obj
[skitty:ro] [37/367] Building C object zephyr/CMakeFiles/zephyr.dir/soc/ite/ec/it8xxx2/check_regs.c.obj
[screebo:ro] [333/419] Building C object modules/ec/zephyr/CMakeFiles/ec_shim.dir/drivers/cros_system/cros_system_npcx.c.obj
[screebo:ro] [334/419] Building C object modules/ec/zephyr/CMakeFiles/ec_shim.dir/shim/chip/npcx/clock.c.obj
[skitty:rw] [145/367] Linking C static library zephyr/drivers/eeprom/libdrivers__eeprom.a
[screebo:ro] [335/419] Building C object modules/ec/zephyr/CMakeFiles/ec_shim.dir/shim/src/crc.c.obj
[screebo:ro] [336/419] Building C object modules/ec/zephyr/CMakeFiles/ec_shim.dir/shim/chip/npcx/keyboard_raw.c.obj
[skitty:rw] [146/367] Building C object zephyr/drivers/flash/CMakeFiles/drivers__flash.dir/flash_ite_it8xxx2.c.obj
[screebo:ro] [337/419] Building C object modules/ec/zephyr/CMakeFiles/ec_shim.dir/shim/chip/npcx/system.c.obj
[skitty:rw] [147/367] Building C object zephyr/drivers/gpio/CMakeFiles/drivers__gpio.dir/gpio_ite_it8xxx2.c.obj
[skitty:rw] [148/367] Linking C static library zephyr/drivers/flash/libdrivers__flash.a
[skitty:ro] [38/367] Building ASM object zephyr/CMakeFiles/zephyr.dir/soc/ite/ec/it8xxx2/vector.S.obj
[skitty:rw] [149/367] Building C object zephyr/drivers/gpio/CMakeFiles/drivers__gpio.dir/gpio_kscan_ite_it8xxx2.c.obj
[screebo:ro] [338/419] Building C object modules/ec/zephyr/CMakeFiles/ec_shim.dir/shim/chip/npcx/gpio.c.obj
[skitty:ro] [39/367] Building ASM object zephyr/CMakeFiles/zephyr.dir/soc/ite/ec/it8xxx2/__arithmetic.S.obj
[skitty:rw] [150/367] Linking C static library zephyr/drivers/gpio/libdrivers__gpio.a
[screebo:ro] [339/419] Building C object modules/ec/zephyr/CMakeFiles/ec_shim.dir/shim/chip/npcx/system_external_storage.c.obj
[screebo:ro] [340/419] Building C object modules/ec/zephyr/CMakeFiles/ec_shim.dir/shim/chip/npcx/power_policy.c.obj
[screebo:ro] [341/419] Building C object modules/ec/zephyr/CMakeFiles/ec_shim.dir/shim/core/cortex-m/mpu.c.obj
[skitty:rw] [151/367] Building C object zephyr/drivers/i2c/CMakeFiles/drivers__i2c.dir/i2c_common.c.obj
[skitty:rw] [152/367] Building C object zephyr/drivers/i2c/CMakeFiles/drivers__i2c.dir/i2c_shell.c.obj
[screebo:ro] [342/419] Building C object modules/ec/zephyr/CMakeFiles/ec_shim.dir/shim/src/console.c.obj
[screebo:ro] [343/419] Building C object modules/ec/zephyr/CMakeFiles/ec_shim.dir/shim/core/cortex-m/panic.c.obj
[skitty:rw] [153/367] Building C object zephyr/drivers/i2c/CMakeFiles/drivers__i2c.dir/i2c_bitbang.c.obj
[screebo:ro] [344/419] Building C object modules/ec/zephyr/CMakeFiles/ec_shim.dir/shim/src/panic_utils.c.obj
[skitty:ro] [40/367] Building C object zephyr/CMakeFiles/zephyr.dir/soc/ite/ec/it8xxx2/ilm.c.obj
[screebo:ro] [345/419] Building C object modules/ec/zephyr/CMakeFiles/ec_shim.dir/shim/src/pm_state.c.obj
[screebo:ro] [346/419] Building C object modules/ec/zephyr/CMakeFiles/ec_shim.dir/shim/src/gpio.c.obj
[screebo:ro] [347/419] Building C object modules/ec/zephyr/CMakeFiles/ec_shim.dir/shim/src/gpio_int.c.obj
[screebo:ro] [348/419] Building C object modules/ec/zephyr/CMakeFiles/ec_shim.dir/shim/src/cbi/cros_cbi.c.obj
[screebo:ro] [349/419] Building ASM object modules/ec/zephyr/CMakeFiles/ec_shim.dir/shim/src/libgcc_arm.S.obj
[skitty:rw] [154/367] Building C object zephyr/drivers/pinctrl/CMakeFiles/drivers__pinctrl.dir/common.c.obj
[skitty:rw] [155/367] Building C object zephyr/drivers/i2c/CMakeFiles/drivers__i2c.dir/i2c_ite_enhance.c.obj
[skitty:rw] [156/367] Building C object zephyr/drivers/i2c/CMakeFiles/drivers__i2c.dir/i2c_ite_it8xxx2.c.obj
[skitty:rw] [157/367] Linking C static library zephyr/drivers/i2c/libdrivers__i2c.a
[screebo:ro] [350/419] Building C object modules/ec/zephyr/CMakeFiles/ec_shim.dir/shim/src/cbi/cbi_transfer.c.obj
[screebo:ro] [351/419] Building C object modules/ec/zephyr/CMakeFiles/ec_shim.dir/shim/src/cbi/cros_cbi_fw_config.c.obj
[skitty:rw] [158/367] Building C object zephyr/drivers/pinctrl/CMakeFiles/drivers__pinctrl.dir/pinctrl_ite_it8xxx2.c.obj
[screebo:ro] [352/419] Building C object modules/ec/zephyr/CMakeFiles/ec_shim.dir/shim/src/cbi/cbi_flash.c.obj
[screebo:ro] [353/419] Building C object modules/ec/zephyr/CMakeFiles/ec_shim.dir/shim/src/cbi/cbi_eeprom.c.obj
[skitty:ro] [41/367] Building C object zephyr/CMakeFiles/zephyr.dir/subsys/logging/log_minimal.c.obj
[skitty:rw] [159/367] Linking C static library zephyr/drivers/pinctrl/libdrivers__pinctrl.a
[screebo:ro] [354/419] Building C object modules/ec/zephyr/CMakeFiles/ec_shim.dir/shim/src/led_driver/led_gpio.c.obj
[screebo:ro] [355/419] Building C object modules/ec/zephyr/CMakeFiles/ec_shim.dir/shim/src/led_driver/led.c.obj
[skitty:rw] [160/367] Building C object zephyr/drivers/pwm/CMakeFiles/drivers__pwm.dir/pwm_ite_it8xxx2.c.obj
[skitty:rw] [161/367] Building C object zephyr/drivers/pwm/CMakeFiles/drivers__pwm.dir/pwm_shell.c.obj
[screebo:ro] [356/419] Building C object modules/ec/zephyr/CMakeFiles/ec_shim.dir/shim/src/battery.c.obj
[skitty:rw] [162/367] Building C object zephyr/drivers/serial/CMakeFiles/drivers__serial.dir/uart_ite_it8xxx2.c.obj
[skitty:rw] [163/367] Linking C static library zephyr/drivers/pwm/libdrivers__pwm.a
[screebo:ro] [357/419] Building C object modules/ec/zephyr/CMakeFiles/ec_shim.dir/shim/src/system.c.obj
[screebo:ro] [358/419] Building C object modules/ec/zephyr/CMakeFiles/ec_shim.dir/shim/src/charger.c.obj
[screebo:ro] [359/419] Building C object modules/ec/zephyr/CMakeFiles/ec_shim.dir/shim/src/adc.c.obj
[skitty:ro] [42/367] Building C object zephyr/CMakeFiles/zephyr.dir/subsys/pm/pm.c.obj
[skitty:rw] [164/367] Building C object zephyr/drivers/serial/CMakeFiles/drivers__serial.dir/uart_ns16550.c.obj
[screebo:ro] [360/419] Building C object modules/ec/zephyr/CMakeFiles/ec_shim.dir/shim/src/chipset_api.c.obj
[skitty:rw] [165/367] Linking C static library zephyr/drivers/serial/libdrivers__serial.a
[skitty:rw] [166/367] Building C object zephyr/drivers/timer/CMakeFiles/drivers__timer.dir/sys_clock_init.c.obj
[screebo:ro] [361/419] Building C object modules/ec/zephyr/CMakeFiles/ec_shim.dir/shim/src/espi.c.obj
[skitty:rw] [167/367] Building C object zephyr/drivers/watchdog/CMakeFiles/drivers__watchdog.dir/wdt_ite_it8xxx2.c.obj
[skitty:rw] [168/367] Building C object zephyr/drivers/timer/CMakeFiles/drivers__timer.dir/ite_it8xxx2_timer.c.obj
[screebo:ro] [362/419] Building C object modules/ec/zephyr/CMakeFiles/ec_shim.dir/shim/src/fan.c.obj
[skitty:rw] [169/367] Linking C static library zephyr/drivers/timer/libdrivers__timer.a
[skitty:ro] [43/367] Building C object zephyr/CMakeFiles/zephyr.dir/subsys/pm/state.c.obj
[screebo:ro] [363/419] Building C object modules/ec/zephyr/CMakeFiles/ec_shim.dir/shim/src/flash.c.obj
[screebo:ro] [364/419] Building C object modules/ec/zephyr/CMakeFiles/ec_shim.dir/shim/src/hooks.c.obj
[screebo:ro] [365/419] Building C object modules/ec/zephyr/CMakeFiles/ec_shim.dir/shim/src/console_buffer.c.obj
[screebo:ro] [366/419] Building C object modules/ec/zephyr/CMakeFiles/ec_shim.dir/shim/src/panic.c.obj
[screebo:ro] [367/419] Building C object modules/ec/zephyr/CMakeFiles/ec_shim.dir/shim/src/host_command.c.obj
[skitty:rw] [170/367] Building C object zephyr/drivers/watchdog/CMakeFiles/drivers__watchdog.dir/wdt_shell.c.obj
[screebo:ro] [368/419] Building C object modules/ec/zephyr/CMakeFiles/ec_shim.dir/shim/src/keyboard_raw.c.obj
[screebo:ro] [369/419] Building C object modules/ec/zephyr/CMakeFiles/ec_shim.dir/shim/src/mkbp_event.c.obj
[skitty:rw] [171/367] Linking C static library zephyr/drivers/watchdog/libdrivers__watchdog.a
[skitty:rw] [172/367] Building C object modules/ec/zephyr/CMakeFiles/ec_shim.dir/app/ec/main_shim.c.obj
[/mnt/host/source/src/platform/ec/build/zephyr/felino4es-lcov]   /mnt/host/source/src/platform/ec/build/zephyr/felino4es/build-ro/zephyr/CMakeFiles/zephyr.dir/subsys/shell/modules/kernel_service/kernel_shell.c.gcno:no functions found
[/mnt/host/source/src/platform/ec/build/zephyr/felino4es-lcov] stderr:
[skitty:ro] [44/367] Building C object zephyr/CMakeFiles/zephyr.dir/subsys/pm/policy/policy_events.c.obj
[screebo:ro] [370/419] Building C object modules/ec/zephyr/CMakeFiles/ec_shim.dir/shim/src/pwm_hc.c.obj
[/mnt/host/source/src/platform/ec/build/zephyr/felino4es-lcov]   /mnt/host/source/src/platform/ec/build/zephyr/felino4es/build-ro/zephyr/CMakeFiles/zephyr.dir/lib/libc/validate_libc.c.gcno:no functions found
[/mnt/host/source/src/platform/ec/build/zephyr/felino4es-lcov] stderr:
[skitty:rw] [173/367] Building C object modules/ec/zephyr/CMakeFiles/ec_shim.dir/app/ec/ec_app_main.c.obj
[screebo:ro] [371/419] Building C object modules/ec/zephyr/CMakeFiles/ec_shim.dir/shim/src/hwtimer.c.obj
[skitty:rw] [174/367] Building C object modules/ec/zephyr/CMakeFiles/ec_shim.dir/drivers/cros_flash/cros_flash_it8xxx2.c.obj
[screebo:ro] [372/419] Building C object modules/ec/zephyr/CMakeFiles/ec_shim.dir/shim/src/thermal.c.obj
[screebo:ro] [373/419] Building C object modules/ec/zephyr/CMakeFiles/ec_shim.dir/shim/src/temp_sensors.c.obj
[screebo:ro] [374/419] Building C object modules/ec/zephyr/CMakeFiles/ec_shim.dir/shim/src/i2c.c.obj
[screebo:ro] [375/419] Building C object modules/ec/zephyr/CMakeFiles/ec_shim.dir/shim/src/bc12_pi3usb9201.c.obj
[screebo:ro] [376/419] Building C object modules/ec/zephyr/CMakeFiles/ec_shim.dir/shim/src/watchdog.c.obj
[skitty:rw] [175/367] Building C object modules/ec/zephyr/CMakeFiles/ec_shim.dir/drivers/cros_kb_raw/cros_kb_raw_ite.c.obj
[skitty:ro] [45/367] Building C object zephyr/CMakeFiles/zephyr.dir/subsys/pm/policy/policy_latency.c.obj
[screebo:ro] [377/419] Building C object modules/ec/zephyr/CMakeFiles/ec_shim.dir/shim/src/tasks.c.obj
[skitty:rw] [176/367] Building C object modules/ec/zephyr/CMakeFiles/ec_shim.dir/drivers/cros_shi/cros_shi_it8xxx2.c.obj
[screebo:ro] [378/419] Building C object modules/ec/zephyr/CMakeFiles/ec_shim.dir/shim/src/ppc.c.obj
[screebo:ro] [379/419] Building C object modules/ec/zephyr/CMakeFiles/ec_shim.dir/shim/src/bc12.c.obj
[skitty:rw] [177/367] Building C object modules/ec/zephyr/CMakeFiles/ec_shim.dir/drivers/cros_system/cros_system_it8xxx2.c.obj
[skitty:rw] [178/367] Building C object modules/ec/zephyr/CMakeFiles/ec_shim.dir/shim/chip/it8xxx2/clock.c.obj
[screebo:ro] [380/419] Building C object modules/ec/zephyr/CMakeFiles/ec_shim.dir/shim/src/tcpc_nct38xx.c.obj
[screebo:ro] [381/419] Building C object modules/ec/zephyr/CMakeFiles/ec_shim.dir/shim/src/usba.c.obj
[skitty:ro] [46/367] Building C object zephyr/CMakeFiles/zephyr.dir/subsys/pm/policy/policy_state_lock.c.obj
[screebo:ro] [382/419] Building C object zephyr/kernel/CMakeFiles/kernel.dir/main_weak.c.obj
[screebo:ro] [383/419] Building C object zephyr/kernel/CMakeFiles/kernel.dir/busy_wait.c.obj
[skitty:rw] [179/367] Building C object modules/ec/zephyr/CMakeFiles/ec_shim.dir/shim/chip/it8xxx2/system.c.obj
[screebo:ro] [384/419] Building C object modules/ec/zephyr/CMakeFiles/ec_shim.dir/shim/src/usb_muxes.c.obj
[screebo:ro] [385/419] Building C object zephyr/kernel/CMakeFiles/kernel.dir/banner.c.obj
[screebo:ro] [386/419] Building C object zephyr/kernel/CMakeFiles/kernel.dir/device.c.obj
[screebo:ro] [387/419] Building C object modules/ec/zephyr/CMakeFiles/ec_shim.dir/shim/src/sha256_hw.c.obj
[/mnt/host/source/src/platform/ec/build/zephyr/felino4es-lcov]   /mnt/host/source/src/platform/ec/build/zephyr/felino4es/build-ro/zephyr/CMakeFiles/zephyr.dir/lib/utils/last_section_id.c.gcno:no functions found
[/mnt/host/source/src/platform/ec/build/zephyr/felino4es-lcov] stderr:
[screebo:ro] [388/419] Building C object modules/ec/zephyr/CMakeFiles/ec_shim.dir/shim/src/power_host_sleep_api.c.obj
[screebo:ro] [389/419] Building C object modules/ec/zephyr/CMakeFiles/ec_shim.dir/shim/src/bb_retimer_usb_mux.c.obj
[screebo:ro] [390/419] Building C object zephyr/kernel/CMakeFiles/kernel.dir/version.c.obj
[skitty:rw] [180/367] Building C object modules/ec/zephyr/CMakeFiles/ec_shim.dir/shim/chip/it8xxx2/keyboard_raw.c.obj
[screebo:ro] [391/419] Linking C static library modules/ec/zephyr/libec_shim.a
[skitty:rw] [181/367] Building C object modules/ec/zephyr/CMakeFiles/ec_shim.dir/shim/chip/it8xxx2/power_policy.c.obj
[screebo:ro] [392/419] Building C object zephyr/kernel/CMakeFiles/kernel.dir/errno.c.obj
[skitty:rw] [182/367] Building C object modules/ec/zephyr/CMakeFiles/ec_shim.dir/shim/chip/it8xxx2/gpio.c.obj
[skitty:rw] [183/367] Building C object modules/ec/zephyr/CMakeFiles/ec_shim.dir/shim/src/crc.c.obj
[screebo:ro] [393/419] Building C object zephyr/kernel/CMakeFiles/kernel.dir/fatal.c.obj
[skitty:rw] [184/367] Building C object modules/ec/zephyr/CMakeFiles/ec_shim.dir/shim/chip/it8xxx2/shi.c.obj
[skitty:ro] [47/367] Building C object zephyr/CMakeFiles/zephyr.dir/subsys/pm/device.c.obj
[screebo:ro] [394/419] Building C object zephyr/kernel/CMakeFiles/kernel.dir/float.c.obj
[screebo:ro] [395/419] Building C object zephyr/kernel/CMakeFiles/kernel.dir/kheap.c.obj
[screebo:ro] [396/419] Building C object zephyr/kernel/CMakeFiles/kernel.dir/idle.c.obj
[screebo:ro] [397/419] Building C object zephyr/kernel/CMakeFiles/kernel.dir/mem_slab.c.obj
[screebo:ro] [398/419] Building C object zephyr/kernel/CMakeFiles/kernel.dir/init.c.obj
[screebo:ro] [399/419] Building C object zephyr/kernel/CMakeFiles/kernel.dir/mailbox.c.obj
[screebo:ro] [400/419] Building C object zephyr/kernel/CMakeFiles/kernel.dir/msg_q.c.obj
[skitty:rw] [185/367] Building C object modules/ec/zephyr/CMakeFiles/ec_shim.dir/shim/src/console.c.obj
[screebo:ro] [401/419] Building C object zephyr/kernel/CMakeFiles/kernel.dir/mutex.c.obj
[screebo:ro] [402/419] Building C object zephyr/kernel/CMakeFiles/kernel.dir/queue.c.obj
[skitty:ro] [48/367] Building C object zephyr/CMakeFiles/zephyr.dir/subsys/pm/device_system_managed.c.obj
[skitty:rw] [186/367] Building C object modules/ec/zephyr/CMakeFiles/ec_shim.dir/shim/src/gpio.c.obj
[skitty:rw] [187/367] Building C object modules/ec/zephyr/CMakeFiles/ec_shim.dir/shim/src/gpio_int.c.obj
[skitty:rw] [188/367] Building C object modules/ec/zephyr/CMakeFiles/ec_shim.dir/shim/src/panic_utils.c.obj
[screebo:ro] [403/419] Building C object zephyr/kernel/CMakeFiles/kernel.dir/sem.c.obj
[screebo:ro] [404/419] Building C object zephyr/kernel/CMakeFiles/kernel.dir/system_work_q.c.obj
[screebo:ro] [405/419] Building C object zephyr/kernel/CMakeFiles/kernel.dir/stack.c.obj
[screebo:ro] [406/419] Building C object zephyr/kernel/CMakeFiles/kernel.dir/work.c.obj
[screebo:ro] [407/419] Building C object zephyr/kernel/CMakeFiles/kernel.dir/condvar.c.obj
[screebo:ro] [408/419] Building C object zephyr/kernel/CMakeFiles/kernel.dir/thread.c.obj
[screebo:ro] [409/419] Building C object zephyr/kernel/CMakeFiles/kernel.dir/sched.c.obj
[screebo:ro] [410/419] Building C object zephyr/kernel/CMakeFiles/kernel.dir/spinlock_validate.c.obj
[screebo:ro] [411/419] Building C object zephyr/kernel/CMakeFiles/kernel.dir/pipe.c.obj
[skitty:rw] [189/367] Building C object modules/ec/zephyr/CMakeFiles/ec_shim.dir/shim/src/pm_state.c.obj
[skitty:ro] [49/367] Building C object zephyr/CMakeFiles/zephyr.dir/subsys/testsuite/coverage/coverage.c.obj
[skitty:rw] [190/367] Building C object modules/ec/zephyr/CMakeFiles/ec_shim.dir/shim/src/cbi/cros_cbi.c.obj
[screebo:ro] [412/419] Building C object zephyr/kernel/CMakeFiles/kernel.dir/thread_monitor.c.obj
[skitty:rw] [191/367] Building C object modules/ec/zephyr/CMakeFiles/ec_shim.dir/shim/src/cbi/cbi_eeprom.c.obj
[skitty:rw] [192/367] Building C object modules/ec/zephyr/CMakeFiles/ec_shim.dir/shim/src/system.c.obj
[screebo:ro] [413/419] Building C object zephyr/kernel/CMakeFiles/kernel.dir/timer.c.obj
[ocelotrvp-npcx:ro] Building: /usr/bin/ninja -C /mnt/host/source/src/platform/ec/build/zephyr/ocelotrvp-npcx/build-ro all.libraries
Running `env -i SHELL=/bin/bash COLORTERM=truecolor DEPOT_TOOLS_UPDATE=0 LESS='-R -M --shift 5' SUDO_GID=0 JDK_HOME=/etc/java-config-2/current-system-vm CONFIG_PROTECT_MASK='/etc/gentoo-release /etc/sandbox.d /etc/fonts/fonts.conf /etc/terminfo /etc/ca-certificates.conf /etc/revdep-rebuild' CHROMEOS_CACHEDIR=/var/cache/chromeos-cache JAVA_HOME=/etc/java-config-2/current-system-vm SSH_AUTH_SOCK=/tmp/ssh-auth-sock SUDO_COMMAND=/bin/bash SUDO_USER=root SUDO_TTY=/dev/pts/2 EDITOR=/usr/bin/vi PWD=/mnt/host/source/src/platform/ec CONFIG_PROTECT=/usr/share/gnupg/qualified.txt LOGNAME=jpmurphy MANPATH=/etc/java-config-2/current-system-vm/man:/usr/local/share/man:/usr/share/man:/usr/share/gcc-data/x86_64-pc-linux-gnu/10.2.0/man:/usr/share/binutils-data/x86_64-pc-linux-gnu/2.45/man:/etc/java-config-2/current-system-vm/man/ SUDO_HOME=/root XAUTHORITY=/run/user/944457/gdm/Xauthority HOME=/home/jpmurphy LANG=C.UTF-8 LS_COLORS='rs=0:di=01;34:ln=01;36:mh=00:pi=40;33:so=01;35:do=01;35:bd=40;33;01:cd=40;33;01:or=01;05;37;41:mi=01;05;37;41:su=37;41:sg=30;43:ca=30;41:tw=30;42:ow=34;42:st=37;44:ex=01;32:*.tar=01;31:*.tgz=01;31:*.arc=01;31:*.arj=01;31:*.taz=01;31:*.lha=01;31:*.lz4=01;31:*.lzh=01;31:*.lzma=01;31:*.tlz=01;31:*.txz=01;31:*.tzo=01;31:*.t7z=01;31:*.zip=01;31:*.z=01;31:*.dz=01;31:*.gz=01;31:*.lrz=01;31:*.lz=01;31:*.lzo=01;31:*.xz=01;31:*.zst=01;31:*.tzst=01;31:*.bz2=01;31:*.bz=01;31:*.tbz=01;31:*.tbz2=01;31:*.tz=01;31:*.deb=01;31:*.rpm=01;31:*.jar=01;31:*.war=01;31:*.ear=01;31:*.sar=01;31:*.rar=01;31:*.alz=01;31:*.ace=01;31:*.zoo=01;31:*.cpio=01;31:*.7z=01;31:*.rz=01;31:*.cab=01;31:*.wim=01;31:*.swm=01;31:*.dwm=01;31:*.esd=01;31:*.jpg=01;35:*.jpeg=01;35:*.mjpg=01;35:*.mjpeg=01;35:*.gif=01;35:*.bmp=01;35:*.pbm=01;35:*.pgm=01;35:*.ppm=01;35:*.tga=01;35:*.xbm=01;35:*.xpm=01;35:*.tif=01;35:*.tiff=01;35:*.png=01;35:*.svg=01;35:*.svgz=01;35:*.mng=01;35:*.pcx=01;35:*.mov=01;35:*.mpg=01;35:*.mpeg=01;35:*.m2v=01;35:*.mkv=01;35:*.webm=01;35:*.webp=01;35:*.ogm=01;35:*.mp4=01;35:*.m4v=01;35:*.mp4v=01;35:*.vob=01;35:*.qt=01;35:*.nuv=01;35:*.wmv=01;35:*.asf=01;35:*.rm=01;35:*.rmvb=01;35:*.flc=01;35:*.avi=01;35:*.fli=01;35:*.flv=01;35:*.gl=01;35:*.dl=01;35:*.xcf=01;35:*.xwd=01;35:*.yuv=01;35:*.cgm=01;35:*.emf=01;35:*.ogv=01;35:*.ogx=01;35:*.cfg=00;32:*.conf=00;32:*.diff=00;32:*.doc=00;32:*.ini=00;32:*.log=00;32:*.patch=00;32:*.pdf=00;32:*.ps=00;32:*.tex=00;32:*.txt=00;32:*.aac=00;36:*.au=00;36:*.flac=00;36:*.m4a=00;36:*.mid=00;36:*.midi=00;36:*.mka=00;36:*.mp3=00;36:*.mpc=00;36:*.ogg=00;36:*.ra=00;36:*.wav=00;36:*.oga=00;36:*.opus=00;36:*.spx=00;36:*.xspf=00;36:' XDG_CURRENT_DESKTOP=GNOME INFOPATH=/usr/share/info:/usr/share/gcc-data/x86_64-pc-linux-gnu/10.2.0/info:/usr/share/binutils-data/x86_64-pc-linux-gnu/2.45/info:/usr/share/automake-1.16.5/info JAVAC=/etc/java-config-2/current-system-vm/bin/javac TERM=xterm-256color LESSOPEN='|lesspipe %s' USER=jpmurphy CROS_WORKON_SRCROOT=/mnt/host/source MANPAGER=manpager DISPLAY=:1 SHLVL=1 LC_MESSAGES=C EXTERNAL_TRUNK_PATH=/mnt/8f9d649a-3721-44cc-93c0-e6bd21a9689f/chromiumos GCC_SPECS='' PATH=/mnt/host/source/chromite/bin:/usr/local/bin:/usr/bin:/bin:/opt/bin:/mnt/host/source/chromite/sdk/bin:/mnt/host/source/chromite/bin PORTAGE_USERNAME=jpmurphy SUDO_UID=0 GCC_VER=10.2.0 MAIL=/var/mail/jpmurphy OLDPWD=/mnt/host/source/src/scripts traceparent=00-e87aca51550a78635907baa6a2476181-6d684811675d2973-01 _=./zephyr/firmware_builder.py COREBOOT_SDK_ROOT_x86=/home/jpmurphy/.cache/coreboot-sdk/i386-elf/dfbb0486385d938cfa9d73080b9d18d598ed4f49 COREBOOT_SDK_ROOT_picolibc_x86=/home/jpmurphy/.cache/coreboot-sdk/picolibc-i386-elf/eb8e8e687b95461de8cbf278f1c2076952d0ad17 COREBOOT_SDK_ROOT_riscv64=/home/jpmurphy/.cache/coreboot-sdk/riscv64-elf/96b949749225b6aaa92ed810ab769e8dfb12f000 COREBOOT_SDK_ROOT_picolibc_arm=/home/jpmurphy/.cache/coreboot-sdk/picolibc-arm-eabi/422a2aa3e1ef891b5bece9a3deb696ff83840d2e COREBOOT_SDK_ROOT_nds32=/home/jpmurphy/.cache/coreboot-sdk/nds32le-elf/d1a518c4a097666d86058e1444f85ca015d15511 COREBOOT_SDK_ROOT_picolibc_riscv64=/home/jpmurphy/.cache/coreboot-sdk/picolibc-riscv64-elf/f571e990ef0278564b31124f8bb109d9a697eb69 COREBOOT_SDK_ROOT_arm=/home/jpmurphy/.cache/coreboot-sdk/arm-eabi/ea40ddd1d190c3b48435c474c0b545719371813a COREBOOT_SDK_ROOT_libstdcxx_riscv64=/home/jpmurphy/.cache/coreboot-sdk/libstdcxx-riscv64-elf/17abf22a3a252e2d5d2062ced5324f7a623689e0 COREBOOT_SDK_ROOT_libstdcxx_arm=/home/jpmurphy/.cache/coreboot-sdk/libstdcxx-arm-eabi/5d7d82e150e44aa1968f1d366e267e6687b328ac COREBOOT_SDK_ROOT_riscv=/home/jpmurphy/.cache/coreboot-sdk/riscv-elf/9a27b9e82341c6e9126624f516ab3f261abb3e73 COREBOOT_SDK_ROOT_libstdcxx_x86=/home/jpmurphy/.cache/coreboot-sdk/libstdcxx-i386-elf/42ef9d2e87a76a37963175d7d428734e65648b87 PYTHONPATH=/mnt/host/source/src/platform/ec/zephyr/zmake PW_PIGWEED_CIPD_INSTALL_DIR=/usr CROSTC_USER_ACKNOWLEDGES_THAT_RISCV_IS_EXPERIMENTAL=1 MAKEFLAGS=' -j16 --jobserver-auth=5,6' /usr/bin/ninja -C /mnt/host/source/src/platform/ec/build/zephyr/ocelotrvp-npcx/build-ro all.libraries`
[screebo:ro] [414/419] Building C object zephyr/kernel/CMakeFiles/kernel.dir/timeout.c.obj
[ocelotrvp-npcx:ro] ninja: Entering directory `/mnt/host/source/src/platform/ec/build/zephyr/ocelotrvp-npcx/build-ro'
[ocelotrvp-npcx:rw] Building: /usr/bin/ninja -C /mnt/host/source/src/platform/ec/build/zephyr/ocelotrvp-npcx/build-rw all.libraries
Running `env -i SHELL=/bin/bash COLORTERM=truecolor DEPOT_TOOLS_UPDATE=0 LESS='-R -M --shift 5' SUDO_GID=0 JDK_HOME=/etc/java-config-2/current-system-vm CONFIG_PROTECT_MASK='/etc/gentoo-release /etc/sandbox.d /etc/fonts/fonts.conf /etc/terminfo /etc/ca-certificates.conf /etc/revdep-rebuild' CHROMEOS_CACHEDIR=/var/cache/chromeos-cache JAVA_HOME=/etc/java-config-2/current-system-vm SSH_AUTH_SOCK=/tmp/ssh-auth-sock SUDO_COMMAND=/bin/bash SUDO_USER=root SUDO_TTY=/dev/pts/2 EDITOR=/usr/bin/vi PWD=/mnt/host/source/src/platform/ec CONFIG_PROTECT=/usr/share/gnupg/qualified.txt LOGNAME=jpmurphy MANPATH=/etc/java-config-2/current-system-vm/man:/usr/local/share/man:/usr/share/man:/usr/share/gcc-data/x86_64-pc-linux-gnu/10.2.0/man:/usr/share/binutils-data/x86_64-pc-linux-gnu/2.45/man:/etc/java-config-2/current-system-vm/man/ SUDO_HOME=/root XAUTHORITY=/run/user/944457/gdm/Xauthority HOME=/home/jpmurphy LANG=C.UTF-8 LS_COLORS='rs=0:di=01;34:ln=01;36:mh=00:pi=40;33:so=01;35:do=01;35:bd=40;33;01:cd=40;33;01:or=01;05;37;41:mi=01;05;37;41:su=37;41:sg=30;43:ca=30;41:tw=30;42:ow=34;42:st=37;44:ex=01;32:*.tar=01;31:*.tgz=01;31:*.arc=01;31:*.arj=01;31:*.taz=01;31:*.lha=01;31:*.lz4=01;31:*.lzh=01;31:*.lzma=01;31:*.tlz=01;31:*.txz=01;31:*.tzo=01;31:*.t7z=01;31:*.zip=01;31:*.z=01;31:*.dz=01;31:*.gz=01;31:*.lrz=01;31:*.lz=01;31:*.lzo=01;31:*.xz=01;31:*.zst=01;31:*.tzst=01;31:*.bz2=01;31:*.bz=01;31:*.tbz=01;31:*.tbz2=01;31:*.tz=01;31:*.deb=01;31:*.rpm=01;31:*.jar=01;31:*.war=01;31:*.ear=01;31:*.sar=01;31:*.rar=01;31:*.alz=01;31:*.ace=01;31:*.zoo=01;31:*.cpio=01;31:*.7z=01;31:*.rz=01;31:*.cab=01;31:*.wim=01;31:*.swm=01;31:*.dwm=01;31:*.esd=01;31:*.jpg=01;35:*.jpeg=01;35:*.mjpg=01;35:*.mjpeg=01;35:*.gif=01;35:*.bmp=01;35:*.pbm=01;35:*.pgm=01;35:*.ppm=01;35:*.tga=01;35:*.xbm=01;35:*.xpm=01;35:*.tif=01;35:*.tiff=01;35:*.png=01;35:*.svg=01;35:*.svgz=01;35:*.mng=01;35:*.pcx=01;35:*.mov=01;35:*.mpg=01;35:*.mpeg=01;35:*.m2v=01;35:*.mkv=01;35:*.webm=01;35:*.webp=01;35:*.ogm=01;35:*.mp4=01;35:*.m4v=01;35:*.mp4v=01;35:*.vob=01;35:*.qt=01;35:*.nuv=01;35:*.wmv=01;35:*.asf=01;35:*.rm=01;35:*.rmvb=01;35:*.flc=01;35:*.avi=01;35:*.fli=01;35:*.flv=01;35:*.gl=01;35:*.dl=01;35:*.xcf=01;35:*.xwd=01;35:*.yuv=01;35:*.cgm=01;35:*.emf=01;35:*.ogv=01;35:*.ogx=01;35:*.cfg=00;32:*.conf=00;32:*.diff=00;32:*.doc=00;32:*.ini=00;32:*.log=00;32:*.patch=00;32:*.pdf=00;32:*.ps=00;32:*.tex=00;32:*.txt=00;32:*.aac=00;36:*.au=00;36:*.flac=00;36:*.m4a=00;36:*.mid=00;36:*.midi=00;36:*.mka=00;36:*.mp3=00;36:*.mpc=00;36:*.ogg=00;36:*.ra=00;36:*.wav=00;36:*.oga=00;36:*.opus=00;36:*.spx=00;36:*.xspf=00;36:' XDG_CURRENT_DESKTOP=GNOME INFOPATH=/usr/share/info:/usr/share/gcc-data/x86_64-pc-linux-gnu/10.2.0/info:/usr/share/binutils-data/x86_64-pc-linux-gnu/2.45/info:/usr/share/automake-1.16.5/info JAVAC=/etc/java-config-2/current-system-vm/bin/javac TERM=xterm-256color LESSOPEN='|lesspipe %s' USER=jpmurphy CROS_WORKON_SRCROOT=/mnt/host/source MANPAGER=manpager DISPLAY=:1 SHLVL=1 LC_MESSAGES=C EXTERNAL_TRUNK_PATH=/mnt/8f9d649a-3721-44cc-93c0-e6bd21a9689f/chromiumos GCC_SPECS='' PATH=/mnt/host/source/chromite/bin:/usr/local/bin:/usr/bin:/bin:/opt/bin:/mnt/host/source/chromite/sdk/bin:/mnt/host/source/chromite/bin PORTAGE_USERNAME=jpmurphy SUDO_UID=0 GCC_VER=10.2.0 MAIL=/var/mail/jpmurphy OLDPWD=/mnt/host/source/src/scripts traceparent=00-e87aca51550a78635907baa6a2476181-6d684811675d2973-01 _=./zephyr/firmware_builder.py COREBOOT_SDK_ROOT_x86=/home/jpmurphy/.cache/coreboot-sdk/i386-elf/dfbb0486385d938cfa9d73080b9d18d598ed4f49 COREBOOT_SDK_ROOT_picolibc_x86=/home/jpmurphy/.cache/coreboot-sdk/picolibc-i386-elf/eb8e8e687b95461de8cbf278f1c2076952d0ad17 COREBOOT_SDK_ROOT_riscv64=/home/jpmurphy/.cache/coreboot-sdk/riscv64-elf/96b949749225b6aaa92ed810ab769e8dfb12f000 COREBOOT_SDK_ROOT_picolibc_arm=/home/jpmurphy/.cache/coreboot-sdk/picolibc-arm-eabi/422a2aa3e1ef891b5bece9a3deb696ff83840d2e COREBOOT_SDK_ROOT_nds32=/home/jpmurphy/.cache/coreboot-sdk/nds32le-elf/d1a518c4a097666d86058e1444f85ca015d15511 COREBOOT_SDK_ROOT_picolibc_riscv64=/home/jpmurphy/.cache/coreboot-sdk/picolibc-riscv64-elf/f571e990ef0278564b31124f8bb109d9a697eb69 COREBOOT_SDK_ROOT_arm=/home/jpmurphy/.cache/coreboot-sdk/arm-eabi/ea40ddd1d190c3b48435c474c0b545719371813a COREBOOT_SDK_ROOT_libstdcxx_riscv64=/home/jpmurphy/.cache/coreboot-sdk/libstdcxx-riscv64-elf/17abf22a3a252e2d5d2062ced5324f7a623689e0 COREBOOT_SDK_ROOT_libstdcxx_arm=/home/jpmurphy/.cache/coreboot-sdk/libstdcxx-arm-eabi/5d7d82e150e44aa1968f1d366e267e6687b328ac COREBOOT_SDK_ROOT_riscv=/home/jpmurphy/.cache/coreboot-sdk/riscv-elf/9a27b9e82341c6e9126624f516ab3f261abb3e73 COREBOOT_SDK_ROOT_libstdcxx_x86=/home/jpmurphy/.cache/coreboot-sdk/libstdcxx-i386-elf/42ef9d2e87a76a37963175d7d428734e65648b87 PYTHONPATH=/mnt/host/source/src/platform/ec/zephyr/zmake PW_PIGWEED_CIPD_INSTALL_DIR=/usr CROSTC_USER_ACKNOWLEDGES_THAT_RISCV_IS_EXPERIMENTAL=1 MAKEFLAGS=' -j16 --jobserver-auth=5,6' /usr/bin/ninja -C /mnt/host/source/src/platform/ec/build/zephyr/ocelotrvp-npcx/build-rw all.libraries`
[screebo:ro] [415/419] Building C object zephyr/kernel/CMakeFiles/kernel.dir/events.c.obj
[screebo:ro] [416/419] Building C object zephyr/kernel/CMakeFiles/kernel.dir/mempool.c.obj
[ocelotrvp-npcx:rw] ninja: Entering directory `/mnt/host/source/src/platform/ec/build/zephyr/ocelotrvp-npcx/build-rw'
[screebo:ro] [417/419] Building C object zephyr/kernel/CMakeFiles/kernel.dir/dynamic_disabled.c.obj
[skitty:ro] [50/367] Building C object zephyr/CMakeFiles/zephyr.dir/subsys/tracing/tracing_none.c.obj
[screebo:ro] [418/419] Building C object zephyr/kernel/CMakeFiles/kernel.dir/poll.c.obj
[skitty:rw] [193/367] Building C object modules/ec/zephyr/CMakeFiles/ec_shim.dir/shim/src/adc.c.obj
[skitty:rw] [194/367] Building C object modules/ec/zephyr/CMakeFiles/ec_shim.dir/shim/src/battery.c.obj
[screebo:ro] [419/419] Linking C static library zephyr/kernel/libkernel.a
[skitty:ro] [51/367] Building C object zephyr/CMakeFiles/zephyr.dir/subsys/shell/modules/kernel_service/kernel_shell.c.obj
[skitty:ro] [52/367] Building C object zephyr/CMakeFiles/zephyr.dir/subsys/shell/modules/kernel_service/cycles.c.obj
[skitty:rw] [195/367] Building C object modules/ec/zephyr/CMakeFiles/ec_shim.dir/shim/src/chg_rt9490.c.obj
[skitty:rw] [196/367] Building C object modules/ec/zephyr/CMakeFiles/ec_shim.dir/shim/src/charger.c.obj
[skitty:ro] [53/367] Building C object zephyr/CMakeFiles/zephyr.dir/subsys/shell/modules/kernel_service/sleep.c.obj
[skitty:ro] [54/367] Building C object zephyr/CMakeFiles/zephyr.dir/subsys/shell/modules/kernel_service/uptime.c.obj
[skitty:ro] [55/367] Building C object zephyr/CMakeFiles/zephyr.dir/subsys/shell/modules/kernel_service/version.c.obj
[skitty:rw] [197/367] Building C object modules/ec/zephyr/CMakeFiles/ec_shim.dir/shim/src/host_command.c.obj
[skitty:ro] [56/367] Building C object zephyr/CMakeFiles/zephyr.dir/subsys/shell/modules/kernel_service/thread/list.c.obj
[skitty:rw] [198/367] Building C object modules/ec/zephyr/CMakeFiles/ec_shim.dir/shim/src/keyboard_raw.c.obj
[skitty:ro] [57/367] Building C object zephyr/CMakeFiles/zephyr.dir/subsys/shell/modules/kernel_service/thread/thread.c.obj
[skitty:rw] [199/367] Building C object modules/ec/zephyr/CMakeFiles/ec_shim.dir/shim/src/flash.c.obj
[skitty:rw] [200/367] Building C object modules/ec/zephyr/CMakeFiles/ec_shim.dir/shim/src/hooks.c.obj
[ocelotrvp-npcx:rw] [1/408] Generating include/generated/zephyr/version.h
[ocelotrvp-npcx:ro] [1/408] Generating include/generated/zephyr/version.h
[ocelotrvp-npcx:ro] -- git describe warned: warning: tag 'upstream/v2.7.99' is externally known as 'v2.7.99'
[ocelotrvp-npcx:rw] -- git describe warned: warning: tag 'upstream/v2.7.99' is externally known as 'v2.7.99'
[ocelotrvp-npcx:rw] -- Zephyr version: 4.3.99 (/mnt/host/source/src/third_party/zephyr/main)
[ocelotrvp-npcx:rw] [2/408] Preparing syscall dependency handling
[ocelotrvp-npcx:ro] -- Zephyr version: 4.3.99 (/mnt/host/source/src/third_party/zephyr/main)
[ocelotrvp-npcx:ro] [2/408] Preparing syscall dependency handling
[skitty:rw] [201/367] Building C object modules/ec/zephyr/CMakeFiles/ec_shim.dir/shim/src/keyscan.c.obj
[skitty:rw] [202/367] Building C object modules/ec/zephyr/CMakeFiles/ec_shim.dir/shim/src/mkbp_event.c.obj
[skitty:rw] [203/367] Building C object modules/ec/zephyr/CMakeFiles/ec_shim.dir/shim/src/console_buffer.c.obj
[ocelotrvp-npcx:ro] [3/408] Generating misc/generated/syscalls_subdirs.trigger
[ocelotrvp-npcx:rw] [3/408] Generating misc/generated/syscalls_subdirs.trigger
[skitty:ro] [58/367] Building C object zephyr/CMakeFiles/zephyr.dir/subsys/shell/modules/kernel_service/thread/stacks.c.obj
[skitty:rw] [204/367] Building C object modules/ec/zephyr/CMakeFiles/ec_shim.dir/shim/src/panic.c.obj
[skitty:ro] [59/367] Building C object zephyr/CMakeFiles/zephyr.dir/subsys/shell/modules/kernel_service/thread/unwind.c.obj
[skitty:ro] [60/367] Building C object zephyr/CMakeFiles/zephyr.dir/subsys/shell/modules/kernel_service/thread/suspend.c.obj
[skitty:rw] [205/367] Building C object modules/ec/zephyr/CMakeFiles/ec_shim.dir/shim/src/power.c.obj
[skitty:ro] [61/367] Building C object zephyr/CMakeFiles/zephyr.dir/subsys/shell/modules/kernel_service/thread/kill.c.obj
[skitty:ro] [62/367] Building C object zephyr/CMakeFiles/zephyr.dir/subsys/shell/modules/kernel_service/thread/resume.c.obj
[skitty:rw] [206/367] Building C object modules/ec/zephyr/CMakeFiles/ec_shim.dir/shim/src/hwtimer.c.obj
[skitty:rw] [207/367] Building C object modules/ec/zephyr/CMakeFiles/ec_shim.dir/shim/src/thermal.c.obj
[skitty:rw] [208/367] Building C object modules/ec/zephyr/CMakeFiles/ec_shim.dir/shim/src/temp_sensors.c.obj
[skitty:rw] [209/367] cd /mnt/host/source/src/platform/ec/build/zephyr/skitty/build-rw/modules/ec/zephyr && PYTHONPATH=/mnt/host/source/src/platform/ec/build/zephyr/skitty/modules/ec/zephyr/zmake/ /usr/bin/python3.11 /mnt/host/source/src/platform/ec/build/zephyr/skitty/modules/ec/zephyr/zmake/zephyr_build_tools/generate_ec_version.py /mnt/host/source/src/platform/ec/build/zephyr/skitty/build-rw/modules/ec/zephyr/include/ec_version.h --name Zephyr-Kernel --version 16543.0.0 --static
[skitty:rw] INFO:root:Using a static version string
[skitty:rw] INFO:root:Version string: Zephyr-Kernel-16543.0.0
[skitty:rw] INFO:root:Writing header to /mnt/host/source/src/platform/ec/build/zephyr/skitty/build-rw/modules/ec/zephyr/include/ec_version.h
[skitty:rw] [210/367] Building C object CMakeFiles/app.dir/mnt/host/source/src/platform/ec/zephyr/subsys/ap_pwrseq/ap_events.c.obj
[skitty:rw] [211/367] Building C object CMakeFiles/app.dir/mnt/host/source/src/platform/ec/build/zephyr/skitty/modules/ec/builtin/stdlib.c.obj
[skitty:rw] [212/367] Building C object modules/ec/zephyr/CMakeFiles/ec_shim.dir/shim/src/i2c.c.obj
[skitty:rw] [213/367] Building C object CMakeFiles/app.dir/mnt/host/source/src/platform/ec/build/zephyr/skitty/modules/ec/common/base32.c.obj
[skitty:rw] [214/367] Building C object CMakeFiles/app.dir/mnt/host/source/src/platform/ec/build/zephyr/skitty/modules/ec/common/ec_features.c.obj
[skitty:rw] [215/367] Building C object modules/ec/zephyr/CMakeFiles/ec_shim.dir/shim/src/watchdog.c.obj
[skitty:rw] [216/367] Building C object CMakeFiles/app.dir/mnt/host/source/src/platform/ec/build/zephyr/skitty/modules/ec/common/console_output.c.obj
[skitty:rw] [217/367] Building C object CMakeFiles/app.dir/mnt/host/source/src/platform/ec/build/zephyr/skitty/modules/ec/common/gpio_commands.c.obj
[skitty:rw] [218/367] Building C object CMakeFiles/app.dir/mnt/host/source/src/platform/ec/build/zephyr/skitty/modules/ec/common/queue.c.obj
[skitty:rw] [219/367] Building C object CMakeFiles/app.dir/mnt/host/source/src/platform/ec/build/zephyr/skitty/modules/ec/common/system.c.obj
[skitty:rw] [220/367] Building C object CMakeFiles/app.dir/mnt/host/source/src/platform/ec/build/zephyr/skitty/modules/ec/common/printf.c.obj
[skitty:rw] [221/367] Building C object CMakeFiles/app.dir/mnt/host/source/src/platform/ec/build/zephyr/skitty/modules/ec/common/system_boot_time.c.obj
[skitty:rw] [222/367] Building C object modules/ec/zephyr/CMakeFiles/ec_shim.dir/shim/src/tasks.c.obj
[skitty:rw] [223/367] Building C object CMakeFiles/app.dir/mnt/host/source/src/platform/ec/build/zephyr/skitty/modules/ec/common/uart_printf.c.obj
[ocelotrvp-npcx:ro] [4/408] Generating misc/generated/syscalls.json, misc/generated/struct_tags.json
[skitty:rw] [224/367] Building C object CMakeFiles/app.dir/mnt/host/source/src/platform/ec/build/zephyr/skitty/modules/ec/common/util.c.obj
[skitty:rw] [225/367] Building C object CMakeFiles/app.dir/mnt/host/source/src/platform/ec/build/zephyr/skitty/modules/ec/common/version.c.obj
[skitty:rw] [226/367] Building C object CMakeFiles/app.dir/mnt/host/source/src/platform/ec/build/zephyr/skitty/modules/ec/common/peripheral.c.obj
[skitty:rw] [227/367] Building C object CMakeFiles/app.dir/mnt/host/source/src/platform/ec/build/zephyr/skitty/modules/ec/common/adc.c.obj
[skitty:rw] [228/367] Building C object CMakeFiles/app.dir/mnt/host/source/src/platform/ec/build/zephyr/skitty/modules/ec/common/battery.c.obj
[skitty:rw] [229/367] Building C object CMakeFiles/app.dir/mnt/host/source/src/platform/ec/build/zephyr/skitty/modules/ec/common/battery_fuel_gauge.c.obj
[skitty:rw] [230/367] Building C object CMakeFiles/app.dir/mnt/host/source/src/platform/ec/build/zephyr/skitty/modules/ec/driver/battery/smart.c.obj
[skitty:rw] [231/367] Building C object CMakeFiles/app.dir/mnt/host/source/src/platform/ec/build/zephyr/skitty/modules/ec/driver/charger/rt9490.c.obj
[skitty:rw] [232/367] Building C object CMakeFiles/app.dir/mnt/host/source/src/platform/ec/build/zephyr/skitty/modules/ec/common/battery_info.c.obj
[skitty:rw] [233/367] Building C object CMakeFiles/app.dir/mnt/host/source/src/platform/ec/build/zephyr/skitty/modules/ec/common/charger.c.obj
[skitty:rw] [234/367] Building C object CMakeFiles/app.dir/mnt/host/source/src/platform/ec/build/zephyr/skitty/modules/ec/common/charge_state.c.obj
[skitty:rw] [235/367] Building C object CMakeFiles/app.dir/mnt/host/source/src/platform/ec/build/zephyr/skitty/modules/ec/common/charge_manager.c.obj
[ocelotrvp-npcx:rw] [4/408] Generating misc/generated/syscalls.json, misc/generated/struct_tags.json
[skitty:rw] [236/367] Building C object CMakeFiles/app.dir/mnt/host/source/src/platform/ec/build/zephyr/skitty/modules/ec/common/charge_ramp.c.obj
[skitty:rw] [237/367] Building C object CMakeFiles/app.dir/mnt/host/source/src/platform/ec/build/zephyr/skitty/modules/ec/common/cbi_common.c.obj
[skitty:ro] [63/367] Building C object zephyr/CMakeFiles/zephyr.dir/subsys/shell/backends/shell_uart.c.obj
[skitty:rw] [238/367] Building C object CMakeFiles/app.dir/mnt/host/source/src/platform/ec/build/zephyr/skitty/modules/ec/common/cbi.c.obj
[skitty:rw] [239/367] Building C object CMakeFiles/app.dir/mnt/host/source/src/platform/ec/build/zephyr/skitty/modules/ec/common/cbi_config.c.obj
[ocelotrvp-npcx:ro] [5/408] Generating include/generated/zephyr/syscall_dispatch.c, include/generated/zephyr/syscall_exports_llext.c, syscall_weakdefs_llext.c, include/generated/zephyr/syscall_list.h
[skitty:ro] [64/367] Building C object zephyr/CMakeFiles/zephyr.dir/subsys/shell/shell_fprintf.c.obj
[ocelotrvp-npcx:rw] [5/408] Generating include/generated/zephyr/syscall_dispatch.c, include/generated/zephyr/syscall_exports_llext.c, syscall_weakdefs_llext.c, include/generated/zephyr/syscall_list.h
[skitty:ro] [65/367] Building C object zephyr/CMakeFiles/zephyr.dir/subsys/shell/shell_utils.c.obj
[skitty:rw] [240/367] Building C object modules/ec/zephyr/CMakeFiles/ec_shim.dir/shim/src/usba.c.obj
[ocelotrvp-npcx:ro] [6/408] Generating include/generated/zephyr/driver-validation.h
[skitty:rw] [241/367] Building C object modules/ec/zephyr/CMakeFiles/ec_shim.dir/shim/src/ppc.c.obj
[skitty:ro] [66/367] Building C object zephyr/CMakeFiles/zephyr.dir/subsys/shell/shell_ops.c.obj
[skitty:ro] [67/367] Building C object zephyr/CMakeFiles/zephyr.dir/subsys/shell/shell.c.obj
[skitty:rw] [242/367] Building C object zephyr/kernel/CMakeFiles/kernel.dir/main_weak.c.obj
[ocelotrvp-npcx:rw] [6/408] Generating include/generated/zephyr/driver-validation.h
[ocelotrvp-npcx:ro] [7/408] Generating include/generated/zephyr/kobj-types-enum.h, include/generated/zephyr/otype-to-str.h, include/generated/zephyr/otype-to-size.h
[ocelotrvp-npcx:ro] [8/408] Generating include/generated/device-api-sections.ld, include/generated/device-api-sections.cmake
[skitty:rw] [243/367] Building C object modules/ec/zephyr/CMakeFiles/ec_shim.dir/shim/src/usb_muxes.c.obj
[ocelotrvp-npcx:rw] [7/408] Generating include/generated/zephyr/kobj-types-enum.h, include/generated/zephyr/otype-to-str.h, include/generated/zephyr/otype-to-size.h
[ocelotrvp-npcx:ro] [9/408] cd /mnt/host/source/src/platform/ec/build/zephyr/ocelotrvp-npcx/build-ro/modules/ec/zephyr && PYTHONPATH=/mnt/host/source/src/platform/ec/build/zephyr/ocelotrvp-npcx/modules/ec/zephyr/zmake/ /usr/bin/python3.11 /mnt/host/source/src/platform/ec/build/zephyr/ocelotrvp-npcx/modules/ec/zephyr/zmake/zephyr_build_tools/generate_ec_version.py /mnt/host/source/src/platform/ec/build/zephyr/ocelotrvp-npcx/build-ro/modules/ec/zephyr/include/ec_version.h --name Zephyr-Kernel --version 16543.0.0 --static
[ocelotrvp-npcx:ro] INFO:root:Using a static version string
[ocelotrvp-npcx:rw] [8/408] Generating include/generated/device-api-sections.ld, include/generated/device-api-sections.cmake
[skitty:rw] [244/367] Building C object CMakeFiles/app.dir/mnt/host/source/src/platform/ec/build/zephyr/skitty/modules/ec/common/memory_commands.c.obj
[skitty:ro] [68/367] Building C object zephyr/CMakeFiles/zephyr.dir/subsys/shell/shell_help.c.obj
[skitty:rw] [245/367] Building C object CMakeFiles/app.dir/mnt/host/source/src/platform/ec/build/zephyr/skitty/modules/ec/common/ap_reset_log.c.obj
[skitty:ro] [69/367] Building C object zephyr/arch/common/CMakeFiles/arch__common.dir/dynamic_isr.c.obj
[skitty:ro] [70/367] Building C object zephyr/CMakeFiles/zephyr.dir/subsys/shell/shell_history.c.obj
[skitty:rw] [246/367] Building C object CMakeFiles/app.dir/mnt/host/source/src/platform/ec/build/zephyr/skitty/modules/ec/common/extpower_common.c.obj
[ocelotrvp-npcx:ro] INFO:root:Version string: Zephyr-Kernel-16543.0.0
[ocelotrvp-npcx:ro] INFO:root:Writing header to /mnt/host/source/src/platform/ec/build/zephyr/ocelotrvp-npcx/build-ro/modules/ec/zephyr/include/ec_version.h
[ocelotrvp-npcx:ro] [10/408] Building CXX object modules/pigweed/pw_build/CMakeFiles/pw_build.empty.dir/empty_file.cc.obj
[ocelotrvp-npcx:rw] [9/408] cd /mnt/host/source/src/platform/ec/build/zephyr/ocelotrvp-npcx/build-rw/modules/ec/zephyr && PYTHONPATH=/mnt/host/source/src/platform/ec/build/zephyr/ocelotrvp-npcx/modules/ec/zephyr/zmake/ /usr/bin/python3.11 /mnt/host/source/src/platform/ec/build/zephyr/ocelotrvp-npcx/modules/ec/zephyr/zmake/zephyr_build_tools/generate_ec_version.py /mnt/host/source/src/platform/ec/build/zephyr/ocelotrvp-npcx/build-rw/modules/ec/zephyr/include/ec_version.h --name Zephyr-Kernel --version 16543.0.0 --static
[skitty:ro] [71/367] Building C object zephyr/CMakeFiles/zephyr.dir/drivers/flash/flash_util.c.obj
[skitty:ro] [72/367] Building C object zephyr/arch/common/CMakeFiles/arch__common.dir/sw_isr_common.c.obj
[ocelotrvp-npcx:ro] [11/408] Generating pw_third_party.nanopb.proto/sources/nanopb.proto
[skitty:rw] [247/367] Building C object CMakeFiles/app.dir/mnt/host/source/src/platform/ec/build/zephyr/skitty/modules/ec/common/chipset.c.obj
[ocelotrvp-npcx:rw] INFO:root:Using a static version string
[ocelotrvp-npcx:rw] INFO:root:Version string: Zephyr-Kernel-16543.0.0
[ocelotrvp-npcx:rw] INFO:root:Writing header to /mnt/host/source/src/platform/ec/build/zephyr/ocelotrvp-npcx/build-rw/modules/ec/zephyr/include/ec_version.h
[ocelotrvp-npcx:rw] [10/408] Building CXX object modules/pigweed/pw_build/CMakeFiles/pw_build.empty.dir/empty_file.cc.obj
[ocelotrvp-npcx:ro] [12/408] Generating dsp_comms.proto/sources/proto/ec_dsp.proto, dsp_comms.proto/sources/proto/ec_dsp.options
[skitty:ro] [73/367] Linking C static library zephyr/libzephyr.a
[skitty:rw] [248/367] Building C object CMakeFiles/app.dir/mnt/host/source/src/platform/ec/build/zephyr/skitty/modules/ec/common/extpower_gpio.c.obj
[ocelotrvp-npcx:rw] [11/408] Generating pw_third_party.nanopb.proto/sources/nanopb.proto
[ocelotrvp-npcx:ro] [13/408] Generating pw_transport.proto/sources/pw_transport/proto/transport.proto, pw_transport.proto/sources/pw_transport/proto/transport.options
[skitty:rw] [249/367] Building C object CMakeFiles/app.dir/mnt/host/source/src/platform/ec/build/zephyr/skitty/modules/ec/common/host_command.c.obj
[skitty:rw] [250/367] Building C object CMakeFiles/app.dir/mnt/host/source/src/platform/ec/build/zephyr/skitty/modules/ec/common/flash.c.obj
[ocelotrvp-npcx:rw] [12/408] Generating dsp_comms.proto/sources/proto/ec_dsp.proto, dsp_comms.proto/sources/proto/ec_dsp.options
[skitty:ro] [74/367] Building C object zephyr/arch/common/CMakeFiles/arch__common.dir/init.c.obj
[ocelotrvp-npcx:rw] [13/408] Generating pw_transport.proto/sources/pw_transport/proto/transport.proto, pw_transport.proto/sources/pw_transport/proto/transport.options
[skitty:ro] [75/367] Building C object zephyr/arch/common/CMakeFiles/arch__common.dir/xip.c.obj
[skitty:ro] [76/367] Building C object zephyr/arch/common/CMakeFiles/isr_tables.dir/isr_tables.c.obj
[skitty:rw] [251/367] Building C object CMakeFiles/app.dir/mnt/host/source/src/platform/ec/build/zephyr/skitty/modules/ec/common/host_command_task.c.obj
[skitty:ro] [77/367] Building C object zephyr/arch/arch/riscv/core/CMakeFiles/arch__riscv__core.dir/cpu_idle.c.obj
[skitty:rw] [252/367] Building C object CMakeFiles/app.dir/mnt/host/source/src/platform/ec/build/zephyr/skitty/modules/ec/common/host_event_commands.c.obj
[skitty:rw] [253/367] Building C object CMakeFiles/app.dir/mnt/host/source/src/platform/ec/build/zephyr/skitty/modules/ec/common/uart_hostcmd.c.obj
[skitty:ro] [78/367] Building C object zephyr/arch/arch/riscv/core/CMakeFiles/arch__riscv__core.dir/prep_c.c.obj
[skitty:ro] [79/367] Linking C static library zephyr/arch/common/libisr_tables.a
[skitty:ro] [80/367] Linking C static library zephyr/arch/common/libarch__common.a
[skitty:rw] [254/367] Building C object CMakeFiles/app.dir/mnt/host/source/src/platform/ec/build/zephyr/skitty/modules/ec/common/uptime.c.obj
[skitty:ro] [81/367] Building C object zephyr/arch/arch/riscv/core/CMakeFiles/arch__riscv__core.dir/fatal.c.obj
[skitty:rw] [255/367] Building C object CMakeFiles/app.dir/mnt/host/source/src/platform/ec/build/zephyr/skitty/modules/ec/common/i2c_controller.c.obj
[skitty:rw] [256/367] Building C object CMakeFiles/app.dir/mnt/host/source/src/platform/ec/build/zephyr/skitty/modules/ec/common/i2c_passthru.c.obj
[skitty:ro] [82/367] Building C object zephyr/arch/arch/riscv/core/CMakeFiles/arch__riscv__core.dir/irq_manage.c.obj
[ocelotrvp-npcx:ro] [14/408] Generating /mnt/host/source/src/platform/ec/build/zephyr/ocelotrvp-npcx/modules/nanopb/generator/proto/nanopb_pb2.py
[ocelotrvp-npcx:rw] [14/408] Generating /mnt/host/source/src/platform/ec/build/zephyr/ocelotrvp-npcx/modules/nanopb/generator/proto/nanopb_pb2.py
[skitty:rw] [257/367] Building C object CMakeFiles/app.dir/mnt/host/source/src/platform/ec/build/zephyr/skitty/modules/ec/common/virtual_battery.c.obj
[skitty:rw] [258/367] Building C object CMakeFiles/app.dir/mnt/host/source/src/platform/ec/build/zephyr/skitty/modules/ec/common/keyboard_scan.c.obj
[skitty:ro] [83/367] Building C object zephyr/arch/arch/riscv/core/CMakeFiles/arch__riscv__core.dir/reboot.c.obj
[skitty:ro] [84/367] Building ASM object zephyr/arch/arch/riscv/core/CMakeFiles/arch__riscv__core.dir/reset.S.obj
[skitty:ro] [85/367] Generating ../../../include/generated/libc/minimal/strerror_table.h
[skitty:rw] [259/367] Building C object CMakeFiles/app.dir/mnt/host/source/src/platform/ec/build/zephyr/skitty/modules/ec/common/keyboard_mkbp.c.obj
[skitty:rw] [260/367] Building C object CMakeFiles/app.dir/mnt/host/source/src/platform/ec/build/zephyr/skitty/modules/ec/common/mkbp_info.c.obj
[skitty:ro] [86/367] Building ASM object zephyr/arch/arch/riscv/core/CMakeFiles/arch__riscv__core.dir/switch.S.obj
[skitty:rw] [261/367] Building C object CMakeFiles/app.dir/mnt/host/source/src/platform/ec/build/zephyr/skitty/modules/ec/common/mkbp_fifo.c.obj
[skitty:ro] [87/367] Building C object zephyr/lib/libc/minimal/CMakeFiles/lib__libc__minimal.dir/source/stdlib/atoi.c.obj
[skitty:ro] [88/367] Building C object zephyr/arch/arch/riscv/core/CMakeFiles/arch__riscv__core.dir/thread.c.obj
[skitty:rw] [262/367] Building C object CMakeFiles/app.dir/mnt/host/source/src/platform/ec/build/zephyr/skitty/modules/ec/common/led_common.c.obj
[skitty:rw] [263/367] Building C object CMakeFiles/app.dir/mnt/host/source/src/platform/ec/build/zephyr/skitty/modules/ec/common/mkbp_input_devices.c.obj
[skitty:ro] [89/367] Building ASM object zephyr/arch/arch/riscv/core/CMakeFiles/arch__riscv__core.dir/isr.S.obj
[skitty:ro] [90/367] Building C object zephyr/lib/libc/minimal/CMakeFiles/lib__libc__minimal.dir/source/stdlib/strtol.c.obj
[ocelotrvp-npcx:ro] [15/408] Generating dsp_comms.proto/nanopb/proto/ec_dsp.pb.h, dsp_comms.proto/nanopb/proto/ec_dsp.pb.c
[ocelotrvp-npcx:rw] [15/408] Generating dsp_comms.proto/nanopb/proto/ec_dsp.pb.h, dsp_comms.proto/nanopb/proto/ec_dsp.pb.c
[skitty:ro] [91/367] Building C object zephyr/lib/libc/minimal/CMakeFiles/lib__libc__minimal.dir/source/stdlib/strtoll.c.obj
[skitty:rw] [264/367] Building C object CMakeFiles/app.dir/mnt/host/source/src/platform/ec/build/zephyr/skitty/modules/ec/common/lid_switch.c.obj
[skitty:ro] [92/367] Building C object zephyr/lib/libc/minimal/CMakeFiles/lib__libc__minimal.dir/source/stdlib/strtoul.c.obj
[skitty:ro] [93/367] Building C object zephyr/lib/libc/minimal/CMakeFiles/lib__libc__minimal.dir/source/stdlib/strtoull.c.obj
[skitty:ro] [94/367] Building C object zephyr/lib/libc/minimal/CMakeFiles/lib__libc__minimal.dir/source/stdlib/bsearch.c.obj
[skitty:ro] [95/367] Building C object zephyr/arch/arch/riscv/core/CMakeFiles/arch__riscv__core.dir/stacktrace.c.obj
[skitty:rw] [265/367] Building C object CMakeFiles/app.dir/mnt/host/source/src/platform/ec/build/zephyr/skitty/modules/ec/common/mkbp_event.c.obj
[skitty:rw] [266/367] Building C object CMakeFiles/app.dir/mnt/host/source/src/platform/ec/build/zephyr/skitty/modules/ec/common/power_button.c.obj
[skitty:ro] [96/367] Linking C static library zephyr/arch/arch/riscv/core/libarch__riscv__core.a
[skitty:ro] [97/367] Building C object zephyr/lib/libc/minimal/CMakeFiles/lib__libc__minimal.dir/source/string/strncasecmp.c.obj
[skitty:ro] [98/367] Building C object zephyr/lib/libc/minimal/CMakeFiles/lib__libc__minimal.dir/source/stdlib/qsort.c.obj
[skitty:ro] [99/367] Building C object zephyr/lib/libc/minimal/CMakeFiles/lib__libc__minimal.dir/source/string/strerror.c.obj
[skitty:rw] [267/367] Building C object CMakeFiles/app.dir/mnt/host/source/src/platform/ec/build/zephyr/skitty/modules/ec/power/common.c.obj
[skitty:ro] [100/367] Building C object zephyr/lib/libc/minimal/CMakeFiles/lib__libc__minimal.dir/source/string/strstr.c.obj
[skitty:rw] [268/367] Building C object CMakeFiles/app.dir/mnt/host/source/src/platform/ec/build/zephyr/skitty/modules/ec/power/host_sleep.c.obj
[skitty:rw] [269/367] Building C object CMakeFiles/app.dir/mnt/host/source/src/platform/ec/build/zephyr/skitty/modules/ec/power/mt8186.c.obj
[skitty:ro] [101/367] Building C object zephyr/lib/libc/minimal/CMakeFiles/lib__libc__minimal.dir/source/string/strspn.c.obj
[skitty:ro] [102/367] Building C object zephyr/lib/libc/minimal/CMakeFiles/lib__libc__minimal.dir/source/string/string.c.obj
[skitty:ro] [103/367] Building C object zephyr/lib/libc/minimal/CMakeFiles/lib__libc__minimal.dir/source/stdlib/exit.c.obj
[skitty:rw] [270/367] Building C object CMakeFiles/app.dir/mnt/host/source/src/platform/ec/build/zephyr/skitty/modules/ec/driver/sha256/sha256_it8xxx2.c.obj
[ocelotrvp-npcx:rw] [16/408] Generating pw_transport.proto/nanopb/pw_transport/proto/transport.pb.h, pw_transport.proto/nanopb/pw_transport/proto/transport.pb.c
[ocelotrvp-npcx:ro] [16/408] Generating pw_transport.proto/nanopb/pw_transport/proto/transport.pb.h, pw_transport.proto/nanopb/pw_transport/proto/transport.pb.c
[skitty:rw] [271/367] Building C object CMakeFiles/app.dir/mnt/host/source/src/platform/ec/build/zephyr/skitty/modules/ec/common/panic_output.c.obj
[skitty:rw] [272/367] Building C object CMakeFiles/app.dir/mnt/host/source/src/platform/ec/build/zephyr/skitty/modules/ec/common/shared_mem.c.obj
[skitty:rw] [273/367] Building C object CMakeFiles/app.dir/mnt/host/source/src/platform/ec/build/zephyr/skitty/modules/ec/common/switch.c.obj
[skitty:ro] [104/367] Building C object zephyr/lib/libc/minimal/CMakeFiles/lib__libc__minimal.dir/source/math/sqrtf.c.obj
[skitty:ro] [105/367] Building C object zephyr/lib/libc/minimal/CMakeFiles/lib__libc__minimal.dir/source/stdout/stdout_console.c.obj
[skitty:ro] [106/367] Building C object zephyr/lib/libc/minimal/CMakeFiles/lib__libc__minimal.dir/source/math/sqrt.c.obj
[skitty:ro] [107/367] Building C object zephyr/lib/libc/minimal/CMakeFiles/lib__libc__minimal.dir/source/stdout/fprintf.c.obj
[skitty:rw] [274/367] Building C object CMakeFiles/app.dir/mnt/host/source/src/platform/ec/build/zephyr/skitty/modules/ec/common/tablet_mode.c.obj
[skitty:ro] [108/367] Building C object zephyr/lib/libc/minimal/CMakeFiles/lib__libc__minimal.dir/source/stdout/sprintf.c.obj
[skitty:ro] [109/367] Building C object zephyr/lib/libc/common/CMakeFiles/lib__libc__common.dir/source/time/gmtime_r.c.obj
[skitty:rw] [275/367] Building C object CMakeFiles/app.dir/mnt/host/source/src/platform/ec/build/zephyr/skitty/modules/ec/common/thermal.c.obj
[skitty:rw] [276/367] Building C object CMakeFiles/app.dir/mnt/host/source/src/platform/ec/build/zephyr/skitty/modules/ec/common/temp_sensor.c.obj
[skitty:rw] [277/367] Building C object CMakeFiles/app.dir/mnt/host/source/src/platform/ec/build/zephyr/skitty/modules/ec/common/timer.c.obj
[skitty:rw] [278/367] Building C object CMakeFiles/app.dir/mnt/host/source/src/platform/ec/build/zephyr/skitty/modules/ec/driver/temp_sensor/thermistor.c.obj
[skitty:ro] [110/367] Building C object zephyr/lib/libc/common/CMakeFiles/lib__libc__common.dir/source/time/asctime.c.obj
[skitty:rw] [279/367] Building C object CMakeFiles/app.dir/mnt/host/source/src/platform/ec/build/zephyr/skitty/modules/ec/common/typec_control.c.obj
[skitty:ro] [111/367] Building C object zephyr/lib/libc/common/CMakeFiles/lib__libc__common.dir/source/time/localtime_r_utc.c.obj
[skitty:rw] [280/367] Building C object CMakeFiles/app.dir/mnt/host/source/src/platform/ec/build/zephyr/skitty/modules/ec/common/usb_port_power_dumb.c.obj
[skitty:ro] [112/367] Building C object zephyr/lib/libc/common/CMakeFiles/lib__libc__common.dir/source/time/ctime.c.obj
[skitty:ro] [113/367] Building C object zephyr/lib/libc/common/CMakeFiles/lib__libc__common.dir/source/stdlib/abort.c.obj
[ocelotrvp-npcx:ro] [17/408] Building C object zephyr/CMakeFiles/offsets.dir/arch/arm/core/offsets/offsets.c.obj
[skitty:ro] [114/367] Building C object zephyr/lib/libc/common/CMakeFiles/lib__libc__common.dir/source/time/time.c.obj
[ocelotrvp-npcx:rw] [17/408] Building C object zephyr/CMakeFiles/offsets.dir/arch/arm/core/offsets/offsets.c.obj
[skitty:ro] [115/367] Building C object zephyr/lib/libc/minimal/CMakeFiles/lib__libc__minimal.dir/source/time/gmtime.c.obj
[skitty:ro] [116/367] Building C object zephyr/lib/libc/common/CMakeFiles/lib__libc__common.dir/source/string/strnlen.c.obj
[ocelotrvp-npcx:ro] [18/408] Building C object zephyr/drivers/sensor/CMakeFiles/drivers__sensor.dir/mnt/host/source/src/third_party/zephyr/main/misc/empty_file.c.obj
[ocelotrvp-npcx:rw] [18/408] Building C object zephyr/drivers/sensor/CMakeFiles/drivers__sensor.dir/mnt/host/source/src/third_party/zephyr/main/misc/empty_file.c.obj
[skitty:ro] [117/367] Linking C static library zephyr/lib/libc/minimal/liblib__libc__minimal.a
[skitty:ro] [118/367] Building C object zephyr/lib/posix/c_lib_ext/CMakeFiles/lib__posix__c_lib_ext.dir/fnmatch.c.obj
[skitty:rw] [281/367] Building C object CMakeFiles/app.dir/mnt/host/source/src/platform/ec/build/zephyr/skitty/modules/ec/common/usb_common.c.obj
[skitty:rw] [282/367] Building C object CMakeFiles/app.dir/mnt/host/source/src/platform/ec/build/zephyr/skitty/modules/ec/common/usb_pd_pdo.c.obj
[skitty:ro] [119/367] Building C object zephyr/subsys/crc/CMakeFiles/subsys__crc.dir/crc4_sw.c.obj
[ocelotrvp-npcx:ro] [19/408] Building C object modules/ec/zephyr/drivers/dsp_comms/CMakeFiles/dsp_comms.proto.nanopb.dir/dsp_comms.proto/nanopb/proto/ec_dsp.pb.c.obj
[skitty:ro] [120/367] Building C object zephyr/subsys/crc/CMakeFiles/subsys__crc.dir/crc8_sw.c.obj
[skitty:rw] [283/367] Building C object CMakeFiles/app.dir/mnt/host/source/src/platform/ec/build/zephyr/skitty/modules/ec/common/usbc/usb_pd_timer.c.obj
[ocelotrvp-npcx:rw] [19/408] Building C object modules/ec/zephyr/drivers/dsp_comms/CMakeFiles/dsp_comms.proto.nanopb.dir/dsp_comms.proto/nanopb/proto/ec_dsp.pb.c.obj
[skitty:rw] [284/367] Building C object CMakeFiles/app.dir/mnt/host/source/src/platform/ec/build/zephyr/skitty/modules/ec/common/usbc_intr_task.c.obj
[skitty:ro] [121/367] Building C object zephyr/subsys/crc/CMakeFiles/subsys__crc.dir/crc16_sw.c.obj
[skitty:rw] [285/367] Building C object CMakeFiles/app.dir/mnt/host/source/src/platform/ec/build/zephyr/skitty/modules/ec/common/usbc/usbc_task.c.obj
[skitty:ro] [122/367] Building C object zephyr/subsys/crc/CMakeFiles/subsys__crc.dir/crc7_sw.c.obj
[skitty:rw] [286/367] Building C object CMakeFiles/app.dir/mnt/host/source/src/platform/ec/build/zephyr/skitty/modules/ec/common/usb_pd_flags.c.obj
[skitty:ro] [123/367] Building C object zephyr/lib/libc/common/CMakeFiles/lib__libc__common.dir/source/stdlib/malloc.c.obj
[ocelotrvp-npcx:ro] [20/408] Building C object modules/ec/zephyr/drivers/pw_transport/CMakeFiles/pw_transport.proto.nanopb.dir/pw_transport.proto/nanopb/pw_transport/proto/transport.pb.c.obj
[skitty:rw] [287/367] Building C object CMakeFiles/app.dir/mnt/host/source/src/platform/ec/build/zephyr/skitty/modules/ec/common/usbc/usb_sm.c.obj
[skitty:ro] [124/367] Building C object zephyr/subsys/crc/CMakeFiles/subsys__crc.dir/crc32c_sw.c.obj
[skitty:ro] [125/367] Building C object zephyr/lib/posix/c_lib_ext/CMakeFiles/lib__posix__c_lib_ext.dir/getentropy.c.obj
[skitty:ro] [126/367] Linking C static library zephyr/lib/libc/common/liblib__libc__common.a
[skitty:rw] [288/367] Building C object CMakeFiles/app.dir/mnt/host/source/src/platform/ec/build/zephyr/skitty/modules/ec/common/usbc_utils.c.obj
[ocelotrvp-npcx:rw] [20/408] Building C object modules/ec/zephyr/drivers/pw_transport/CMakeFiles/pw_transport.proto.nanopb.dir/pw_transport.proto/nanopb/pw_transport/proto/transport.pb.c.obj
[skitty:ro] [127/367] Building C object zephyr/subsys/crc/CMakeFiles/subsys__crc.dir/crc24_sw.c.obj
[skitty:ro] [128/367] Building C object zephyr/lib/posix/c_lib_ext/CMakeFiles/lib__posix__c_lib_ext.dir/getopt_shim.c.obj
[/mnt/host/source/src/platform/ec/build/zephyr/felino4es-lcov]   /mnt/host/source/src/platform/ec/build/zephyr/felino4es/build-ro/zephyr/CMakeFiles/zephyr.dir/soc/ite/ec/it8xxx2/check_regs.c.gcno:no functions found
[/mnt/host/source/src/platform/ec/build/zephyr/felino4es-lcov] stderr:
[skitty:ro] [129/367] Linking C static library zephyr/lib/posix/c_lib_ext/liblib__posix__c_lib_ext.a
[skitty:ro] [130/367] Building C object zephyr/subsys/crc/CMakeFiles/subsys__crc.dir/crc32_sw.c.obj
[skitty:ro] [131/367] Building C object zephyr/subsys/crc/CMakeFiles/subsys__crc.dir/crc32k_4_2_sw.c.obj
[skitty:ro] [132/367] Linking C static library zephyr/subsys/crc/libsubsys__crc.a
[skitty:rw] [289/367] Building C object CMakeFiles/app.dir/mnt/host/source/src/platform/ec/build/zephyr/skitty/modules/ec/common/chargen.c.obj
[skitty:rw] [290/367] Building C object CMakeFiles/app.dir/mnt/host/source/src/platform/ec/build/zephyr/skitty/modules/ec/common/usbc/usb_pd_console.c.obj
[skitty:ro] [133/367] Building C object zephyr/drivers/interrupt_controller/CMakeFiles/drivers__interrupt_controller.dir/intc_ite_it8xxx2.c.obj
[skitty:rw] [291/367] Building C object CMakeFiles/app.dir/mnt/host/source/src/platform/ec/build/zephyr/skitty/modules/ec/common/event_log.c.obj
[skitty:rw] [292/367] Building C object CMakeFiles/app.dir/mnt/host/source/src/platform/ec/build/zephyr/skitty/modules/ec/driver/usb_mux/it5205.c.obj
[skitty:rw] [293/367] Building C object CMakeFiles/app.dir/mnt/host/source/src/platform/ec/build/zephyr/skitty/modules/ec/common/pd_log.c.obj
[skitty:ro] [134/367] Building C object zephyr/drivers/interrupt_controller/CMakeFiles/drivers__interrupt_controller.dir/wuc_ite_it8xxx2.c.obj
[skitty:ro] [135/367] Building C object zephyr/drivers/adc/CMakeFiles/drivers__adc.dir/adc_common.c.obj
[skitty:rw] [294/367] Building C object CMakeFiles/app.dir/mnt/host/source/src/platform/ec/build/zephyr/skitty/modules/ec/driver/usb_mux/usb_mux.c.obj
[skitty:ro] [136/367] Building C object zephyr/drivers/bbram/CMakeFiles/drivers__bbram.dir/bbram_it8xxx2.c.obj
[skitty:rw] [295/367] Building C object CMakeFiles/app.dir/mnt/host/source/src/platform/ec/build/zephyr/skitty/modules/ec/driver/usb_mux/virtual.c.obj
[skitty:rw] [296/367] Building C object CMakeFiles/app.dir/mnt/host/source/src/platform/ec/build/zephyr/skitty/modules/ec/common/dps.c.obj
[skitty:ro] [137/367] Linking C static library zephyr/drivers/interrupt_controller/libdrivers__interrupt_controller.a
[skitty:ro] [138/367] Linking C static library zephyr/drivers/bbram/libdrivers__bbram.a
[skitty:ro] [139/367] Building C object zephyr/drivers/adc/CMakeFiles/drivers__adc.dir/adc_ite_it8xxx2.c.obj
[skitty:ro] [140/367] Linking C static library zephyr/drivers/adc/libdrivers__adc.a
[skitty:ro] [141/367] Building C object zephyr/drivers/console/CMakeFiles/drivers__console.dir/uart_console.c.obj
[skitty:ro] [142/367] Linking C static library zephyr/drivers/console/libdrivers__console.a
[skitty:ro] [143/367] Building C object zephyr/drivers/eeprom/CMakeFiles/drivers__eeprom.dir/eeprom_shell.c.obj
[skitty:rw] [297/367] Building C object CMakeFiles/app.dir/mnt/host/source/src/platform/ec/build/zephyr/skitty/modules/ec/common/usbc/usbc_pd_policy.c.obj
[skitty:rw] [298/367] Building C object CMakeFiles/app.dir/mnt/host/source/src/platform/ec/build/zephyr/skitty/modules/ec/common/usbc/usb_tc_drp_acc_trysrc_sm.c.obj
[skitty:ro] [144/367] Building C object zephyr/drivers/flash/CMakeFiles/drivers__flash.dir/flash_ite_it8xxx2.c.obj
[skitty:rw] [299/367] Building C object CMakeFiles/app.dir/mnt/host/source/src/platform/ec/build/zephyr/skitty/modules/ec/common/usbc/usb_prl_sm.c.obj
[skitty:ro] [145/367] Building C object zephyr/drivers/eeprom/CMakeFiles/drivers__eeprom.dir/eeprom_at2x.c.obj
[skitty:rw] [300/367] Building C object CMakeFiles/app.dir/mnt/host/source/src/platform/ec/build/zephyr/skitty/modules/ec/common/usbc/usb_pd_dpm.c.obj
[skitty:ro] [146/367] Linking C static library zephyr/drivers/flash/libdrivers__flash.a
[skitty:rw] [301/367] Building C object CMakeFiles/app.dir/mnt/host/source/src/platform/ec/build/zephyr/skitty/modules/ec/common/usb_pd_console_cmd.c.obj
[skitty:rw] [302/367] Building C object CMakeFiles/app.dir/mnt/host/source/src/platform/ec/build/zephyr/skitty/modules/ec/common/usbc/dp_alt_mode.c.obj
[skitty:rw] [303/367] Building C object CMakeFiles/app.dir/mnt/host/source/src/platform/ec/build/zephyr/skitty/modules/ec/common/usb_pd_host_cmd.c.obj
[skitty:ro] [147/367] Linking C static library zephyr/drivers/eeprom/libdrivers__eeprom.a
[skitty:ro] [148/367] Building C object zephyr/drivers/gpio/CMakeFiles/drivers__gpio.dir/gpio_ite_it8xxx2.c.obj
[ocelotrvp-npcx:ro] [21/408] Building CXX object modules/pigweed/pw_bytes/CMakeFiles/pw_bytes.dir/byte_builder.cc.obj
[ocelotrvp-npcx:rw] [21/408] Building CXX object modules/pigweed/pw_bytes/CMakeFiles/pw_bytes.dir/byte_builder.cc.obj
[skitty:ro] [149/367] Building C object zephyr/drivers/gpio/CMakeFiles/drivers__gpio.dir/gpio_kscan_ite_it8xxx2.c.obj
[/mnt/host/source/src/platform/ec/build/zephyr/felino4es-lcov]   /mnt/host/source/src/platform/ec/build/zephyr/felino4es/build-ro/zephyr/drivers/sensor/CMakeFiles/drivers__sensor.dir/mnt/host/source/src/third_party/zephyr/main/misc/empty_file.c.gcno:no functions found
[/mnt/host/source/src/platform/ec/build/zephyr/felino4es-lcov] stderr:
[skitty:rw] [304/367] Building C object CMakeFiles/app.dir/mnt/host/source/src/platform/ec/build/zephyr/skitty/modules/ec/common/usbc/usb_pe_drp_sm.c.obj
[skitty:ro] [150/367] Linking C static library zephyr/drivers/gpio/libdrivers__gpio.a
[skitty:ro] [151/367] Building C object zephyr/drivers/i2c/CMakeFiles/drivers__i2c.dir/i2c_common.c.obj
[ocelotrvp-npcx:rw] [22/408] Building CXX object modules/pigweed/pw_containers/CMakeFiles/pw_containers.intrusive_item.dir/intrusive_item.cc.obj
[ocelotrvp-npcx:ro] [22/408] Building CXX object modules/pigweed/pw_containers/CMakeFiles/pw_containers.intrusive_item.dir/intrusive_item.cc.obj
[skitty:rw] [305/367] Building C object CMakeFiles/app.dir/mnt/host/source/src/platform/ec/build/zephyr/skitty/modules/ec/common/usbc/usb_pd_host.c.obj
[skitty:rw] [306/367] Building C object CMakeFiles/app.dir/mnt/host/source/src/platform/ec/build/zephyr/skitty/modules/ec/common/usbc/svdm_rsp_dfp_only.c.obj
[skitty:ro] [152/367] Building C object zephyr/drivers/i2c/CMakeFiles/drivers__i2c.dir/i2c_bitbang.c.obj
[skitty:rw] [307/367] Building C object CMakeFiles/app.dir/mnt/host/source/src/platform/ec/build/zephyr/skitty/modules/ec/zephyr/shim/src/tcpc.c.obj
[skitty:ro] [153/367] Building C object zephyr/drivers/i2c/CMakeFiles/drivers__i2c.dir/i2c_shell.c.obj
[skitty:rw] [308/367] Building C object CMakeFiles/app.dir/mnt/host/source/src/platform/ec/build/zephyr/skitty/modules/ec/common/usb_pd_dual_role.c.obj
[skitty:rw] [309/367] Building C object CMakeFiles/app.dir/mnt/host/source/src/platform/ec/build/zephyr/skitty/modules/ec/common/usbc_ocp.c.obj
[skitty:rw] [310/367] Building C object CMakeFiles/app.dir/mnt/host/source/src/platform/ec/build/zephyr/skitty/modules/ec/common/usb_pd_host_cmd_common.c.obj
[skitty:rw] [311/367] Building C object CMakeFiles/app.dir/mnt/host/source/src/platform/ec/build/zephyr/skitty/modules/ec/common/usb_pd_discovery.c.obj
[skitty:ro] [154/367] Building C object zephyr/drivers/i2c/CMakeFiles/drivers__i2c.dir/i2c_ite_enhance.c.obj
[skitty:ro] [155/367] Building C object zephyr/drivers/pinctrl/CMakeFiles/drivers__pinctrl.dir/common.c.obj
[skitty:ro] [156/367] Building C object zephyr/drivers/i2c/CMakeFiles/drivers__i2c.dir/i2c_ite_it8xxx2.c.obj
[skitty:rw] [312/367] Building C object CMakeFiles/app.dir/mnt/host/source/src/platform/ec/build/zephyr/skitty/modules/ec/common/usbc/dp_hpd_gpio.c.obj
[skitty:ro] [157/367] Linking C static library zephyr/drivers/i2c/libdrivers__i2c.a
[ocelotrvp-npcx:ro] [23/408] Building CXX object modules/pigweed/pw_log_zephyr/CMakeFiles/pw_log_zephyr.dir/log_zephyr.cc.obj
[skitty:ro] [158/367] Building C object zephyr/drivers/pinctrl/CMakeFiles/drivers__pinctrl.dir/pinctrl_ite_it8xxx2.c.obj
[skitty:ro] [159/367] Building C object zephyr/drivers/pwm/CMakeFiles/drivers__pwm.dir/pwm_shell.c.obj
[ocelotrvp-npcx:rw] [23/408] Building CXX object modules/pigweed/pw_log_zephyr/CMakeFiles/pw_log_zephyr.dir/log_zephyr.cc.obj
[skitty:rw] [313/367] Building C object CMakeFiles/app.dir/mnt/host/source/src/platform/ec/build/zephyr/skitty/modules/ec/driver/tcpm/ite_pd_intc.c.obj
[ocelotrvp-npcx:ro] [24/408] Linking CXX static library modules/pigweed/pw_log_zephyr/libpw_log_zephyr.a
[skitty:rw] [314/367] Building C object CMakeFiles/app.dir/mnt/host/source/src/platform/ec/build/zephyr/skitty/modules/ec/driver/tcpm/tcpci.c.obj
[skitty:ro] [160/367] Linking C static library zephyr/drivers/pinctrl/libdrivers__pinctrl.a
[ocelotrvp-npcx:rw] [24/408] Linking CXX static library modules/pigweed/pw_log_zephyr/libpw_log_zephyr.a
[ocelotrvp-npcx:ro] [25/408] Linking CXX static library modules/ec/zephyr/drivers/pw_transport/libpw_transport.proto.nanopb.a
[ocelotrvp-npcx:rw] [25/408] Linking CXX static library modules/ec/zephyr/drivers/pw_transport/libpw_transport.proto.nanopb.a
[skitty:rw] [315/367] Building C object CMakeFiles/app.dir/mnt/host/source/src/platform/ec/build/zephyr/skitty/modules/ec/driver/tcpm/it8xxx2.c.obj
[ocelotrvp-npcx:ro] [26/408] Linking CXX static library modules/ec/zephyr/drivers/dsp_comms/libdsp_comms.proto.nanopb.a
[ocelotrvp-npcx:rw] [26/408] Linking CXX static library modules/ec/zephyr/drivers/dsp_comms/libdsp_comms.proto.nanopb.a
[skitty:rw] [316/367] Building C object CMakeFiles/app.dir/mnt/host/source/src/platform/ec/build/zephyr/skitty/modules/ec/common/usbc_ppc.c.obj
[skitty:rw] [317/367] Building C object CMakeFiles/app.dir/mnt/host/source/src/platform/ec/build/zephyr/skitty/modules/ec/common/vboot_hash.c.obj
[skitty:ro] [161/367] Building C object zephyr/drivers/pwm/CMakeFiles/drivers__pwm.dir/pwm_ite_it8xxx2.c.obj
[skitty:ro] [162/367] Building C object zephyr/drivers/serial/CMakeFiles/drivers__serial.dir/uart_ite_it8xxx2.c.obj
[skitty:rw] [318/367] Building C object CMakeFiles/app.dir/mnt/host/source/src/platform/ec/build/zephyr/skitty/modules/ec/driver/ppc/syv682x.c.obj
[skitty:ro] [163/367] Linking C static library zephyr/drivers/pwm/libdrivers__pwm.a
[skitty:rw] [319/367] Building C object CMakeFiles/app.dir/mnt/host/source/src/platform/ec/build/zephyr/skitty/modules/ec/common/vboot/efs2.c.obj
[ocelotrvp-npcx:rw] [27/408] Generating include/generated/zephyr/offsets.h
[ocelotrvp-npcx:ro] [27/408] Generating include/generated/zephyr/offsets.h
[skitty:rw] [320/367] Building C object CMakeFiles/app.dir/mnt/host/source/src/platform/ec/build/zephyr/skitty/modules/ec/common/vstore.c.obj
[skitty:ro] [164/367] Building C object zephyr/drivers/timer/CMakeFiles/drivers__timer.dir/sys_clock_init.c.obj
[skitty:ro] [165/367] Building C object zephyr/drivers/timer/CMakeFiles/drivers__timer.dir/ite_it8xxx2_timer.c.obj
[skitty:ro] [166/367] Building C object zephyr/drivers/serial/CMakeFiles/drivers__serial.dir/uart_ns16550.c.obj
[skitty:rw] [321/367] Building C object CMakeFiles/app.dir/mnt/host/source/src/platform/ec/build/zephyr/skitty/modules/ec/common/math_util.c.obj
[skitty:ro] [167/367] Linking C static library zephyr/drivers/serial/libdrivers__serial.a
[skitty:ro] [168/367] Linking C static library zephyr/drivers/timer/libdrivers__timer.a
[skitty:ro] [169/367] Building C object zephyr/drivers/watchdog/CMakeFiles/drivers__watchdog.dir/wdt_shell.c.obj
[skitty:rw] [322/367] Building C object CMakeFiles/app.dir/src/hibernate.c.obj
[skitty:rw] [323/367] Building C object CMakeFiles/app.dir/src/board.c.obj
[skitty:ro] [170/367] Building C object zephyr/drivers/watchdog/CMakeFiles/drivers__watchdog.dir/wdt_ite_it8xxx2.c.obj
[skitty:rw] [324/367] Building C object CMakeFiles/app.dir/src/ite_i2c.c.obj
[skitty:ro] [171/367] Linking C static library zephyr/drivers/watchdog/libdrivers__watchdog.a
[skitty:rw] [325/367] Building C object CMakeFiles/app.dir/src/ite_hooks.c.obj
[skitty:rw] [326/367] Building C object CMakeFiles/app.dir/src/usb_pd_policy.c.obj
[skitty:rw] [327/367] Building C object CMakeFiles/app.dir/src/usbc.c.obj
[ocelotrvp-npcx:rw] [28/408] Building C object CMakeFiles/app.dir/mnt/host/source/src/platform/ec/zephyr/subsys/ap_pwrseq/ap_events.c.obj
[skitty:rw] [328/367] Linking C static library modules/ec/zephyr/libec_shim.a
[ocelotrvp-npcx:ro] [28/408] Building C object CMakeFiles/app.dir/mnt/host/source/src/platform/ec/zephyr/subsys/ap_pwrseq/ap_events.c.obj
[skitty:ro] [172/367] Building C object modules/ec/zephyr/CMakeFiles/ec_shim.dir/app/ec/ec_app_main.c.obj
[skitty:rw] [329/367] Building C object CMakeFiles/app.dir/src/ite_usb_pd_policy.c.obj
[skitty:ro] [173/367] Building C object modules/ec/zephyr/CMakeFiles/ec_shim.dir/app/ec/main_shim.c.obj
[skitty:ro] [174/367] Building C object modules/ec/zephyr/CMakeFiles/ec_shim.dir/drivers/cros_flash/cros_flash_it8xxx2.c.obj
[skitty:rw] [330/367] Building C object CMakeFiles/app.dir/src/ite_usbc.c.obj
[skitty:rw] [331/367] Building C object zephyr/kernel/CMakeFiles/kernel.dir/banner.c.obj
[skitty:ro] [175/367] Building C object modules/ec/zephyr/CMakeFiles/ec_shim.dir/drivers/cros_kb_raw/cros_kb_raw_ite.c.obj
[skitty:rw] [332/367] Building C object CMakeFiles/app.dir/skitty/src/temp.c.obj
[skitty:rw] [333/367] Building C object zephyr/kernel/CMakeFiles/kernel.dir/busy_wait.c.obj
[skitty:rw] [334/367] Building C object CMakeFiles/app.dir/skitty/src/led.c.obj
[skitty:rw] [335/367] Building C object CMakeFiles/app.dir/skitty/src/ppc.c.obj
[skitty:ro] [176/367] Building C object modules/ec/zephyr/CMakeFiles/ec_shim.dir/drivers/cros_shi/cros_shi_it8xxx2.c.obj
[skitty:rw] [336/367] Building C object CMakeFiles/app.dir/skitty/src/board_chipset.c.obj
[skitty:rw] [337/367] Building C object zephyr/kernel/CMakeFiles/kernel.dir/device.c.obj
[ocelotrvp-npcx:rw] [29/408] Building C object CMakeFiles/app.dir/mnt/host/source/src/platform/ec/zephyr/subsys/ap_pwrseq/ap_power_interface.c.obj
[skitty:ro] [177/367] Building C object modules/ec/zephyr/CMakeFiles/ec_shim.dir/shim/chip/it8xxx2/clock.c.obj
[skitty:rw] [338/367] Linking C static library app/libapp.a
[skitty:rw] [339/367] Building C object zephyr/kernel/CMakeFiles/kernel.dir/version.c.obj
[/mnt/host/source/src/platform/ec/build/zephyr/felino4es-lcov]   /mnt/host/source/src/platform/ec/build/zephyr/felino4es/build-ro/zephyr/drivers/syscon/CMakeFiles/drivers__syscon.dir/mnt/host/source/src/third_party/zephyr/main/misc/empty_file.c.gcno:no functions found
[/mnt/host/source/src/platform/ec/build/zephyr/felino4es-lcov] stderr:
[skitty:ro] [178/367] Building C object modules/ec/zephyr/CMakeFiles/ec_shim.dir/drivers/cros_system/cros_system_it8xxx2.c.obj
[skitty:rw] [340/367] Building C object zephyr/kernel/CMakeFiles/kernel.dir/fatal.c.obj
[skitty:rw] [341/367] Building C object zephyr/kernel/CMakeFiles/kernel.dir/errno.c.obj
[skitty:rw] [342/367] Building C object zephyr/kernel/CMakeFiles/kernel.dir/kheap.c.obj
[skitty:rw] [343/367] Building C object zephyr/kernel/CMakeFiles/kernel.dir/init.c.obj
[ocelotrvp-npcx:ro] [29/408] Building C object CMakeFiles/app.dir/mnt/host/source/src/platform/ec/zephyr/subsys/ap_pwrseq/ap_power_interface.c.obj
[skitty:rw] [344/367] Building C object zephyr/kernel/CMakeFiles/kernel.dir/mem_slab.c.obj
[skitty:rw] [345/367] Building C object zephyr/kernel/CMakeFiles/kernel.dir/float.c.obj
[skitty:ro] [179/367] Building C object modules/ec/zephyr/CMakeFiles/ec_shim.dir/shim/chip/it8xxx2/keyboard_raw.c.obj
[skitty:ro] [180/367] Building C object modules/ec/zephyr/CMakeFiles/ec_shim.dir/shim/chip/it8xxx2/system.c.obj
[skitty:ro] [181/367] Building C object modules/ec/zephyr/CMakeFiles/ec_shim.dir/shim/src/crc.c.obj
[/mnt/host/source/src/platform/ec/build/zephyr/felino4es-lcov]   /mnt/host/source/src/platform/ec/build/zephyr/felino4es/build-rw/modules/ec/zephyr/CMakeFiles/ec_shim.dir/shim/src/thermal.c.gcno:no functions found
[/mnt/host/source/src/platform/ec/build/zephyr/felino4es-lcov] stderr:
[skitty:ro] [182/367] Building C object modules/ec/zephyr/CMakeFiles/ec_shim.dir/shim/chip/it8xxx2/gpio.c.obj
[skitty:rw] [346/367] Building C object zephyr/kernel/CMakeFiles/kernel.dir/idle.c.obj
[skitty:rw] [347/367] Building C object zephyr/kernel/CMakeFiles/kernel.dir/mailbox.c.obj
[skitty:ro] [183/367] Building C object modules/ec/zephyr/CMakeFiles/ec_shim.dir/shim/chip/it8xxx2/power_policy.c.obj
[skitty:rw] [348/367] Building C object zephyr/kernel/CMakeFiles/kernel.dir/msg_q.c.obj
[skitty:rw] [349/367] Building C object zephyr/kernel/CMakeFiles/kernel.dir/mutex.c.obj
[/mnt/host/source/src/platform/ec/build/zephyr/felino4es-lcov]   /mnt/host/source/src/platform/ec/build/zephyr/felino4es/build-rw/modules/ec/zephyr/CMakeFiles/ec_shim.dir/shim/src/battery.c.gcno:no functions found
[/mnt/host/source/src/platform/ec/build/zephyr/felino4es-lcov] stderr:
[skitty:rw] [350/367] Building C object zephyr/kernel/CMakeFiles/kernel.dir/sem.c.obj
[skitty:rw] [351/367] Building C object zephyr/kernel/CMakeFiles/kernel.dir/system_work_q.c.obj
[skitty:rw] [352/367] Building C object zephyr/kernel/CMakeFiles/kernel.dir/stack.c.obj
[skitty:ro] [184/367] Building C object modules/ec/zephyr/CMakeFiles/ec_shim.dir/shim/chip/it8xxx2/shi.c.obj
[skitty:rw] [353/367] Building C object zephyr/kernel/CMakeFiles/kernel.dir/queue.c.obj
[ocelotrvp-npcx:rw] [30/408] Building C object CMakeFiles/app.dir/mnt/host/source/src/platform/ec/zephyr/subsys/ap_pwrseq/power_signals.c.obj
[skitty:ro] [185/367] Building C object modules/ec/zephyr/CMakeFiles/ec_shim.dir/shim/src/console.c.obj
[ocelotrvp-npcx:ro] [30/408] Building C object CMakeFiles/app.dir/mnt/host/source/src/platform/ec/zephyr/subsys/ap_pwrseq/power_signals.c.obj
[skitty:rw] [354/367] Building C object zephyr/kernel/CMakeFiles/kernel.dir/condvar.c.obj
[skitty:ro] [186/367] Building C object modules/ec/zephyr/CMakeFiles/ec_shim.dir/shim/src/gpio.c.obj
[skitty:ro] [187/367] Building C object modules/ec/zephyr/CMakeFiles/ec_shim.dir/shim/src/panic_utils.c.obj
[skitty:rw] [355/367] Building C object zephyr/kernel/CMakeFiles/kernel.dir/work.c.obj
[skitty:ro] [188/367] Building C object modules/ec/zephyr/CMakeFiles/ec_shim.dir/shim/src/gpio_int.c.obj
[skitty:rw] [356/367] Building C object zephyr/kernel/CMakeFiles/kernel.dir/pipe.c.obj
[skitty:rw] [357/367] Building C object zephyr/kernel/CMakeFiles/kernel.dir/thread.c.obj
[skitty:rw] [358/367] Building C object zephyr/kernel/CMakeFiles/kernel.dir/spinlock_validate.c.obj
[skitty:rw] [359/367] Building C object zephyr/kernel/CMakeFiles/kernel.dir/thread_monitor.c.obj
[skitty:rw] [360/367] Building C object zephyr/kernel/CMakeFiles/kernel.dir/timeout.c.obj
[skitty:rw] [361/367] Building C object zephyr/kernel/CMakeFiles/kernel.dir/sched.c.obj
[skitty:ro] [189/367] Building C object modules/ec/zephyr/CMakeFiles/ec_shim.dir/shim/src/pm_state.c.obj
[/mnt/host/source/src/platform/ec/build/zephyr/felino4es-lcov]   /mnt/host/source/src/platform/ec/build/zephyr/felino4es/build-rw/modules/ec/zephyr/CMakeFiles/ec_shim.dir/shim/src/charger.c.gcno:no functions found
[/mnt/host/source/src/platform/ec/build/zephyr/felino4es-lcov] stderr:
[skitty:ro] [190/367] Building C object modules/ec/zephyr/CMakeFiles/ec_shim.dir/shim/src/cbi/cros_cbi.c.obj
[skitty:rw] [362/367] Building C object zephyr/kernel/CMakeFiles/kernel.dir/timer.c.obj
Running (initial) lcov on /mnt/host/source/src/platform/ec/build/zephyr/gothrax.
[skitty:rw] [363/367] Building C object zephyr/kernel/CMakeFiles/kernel.dir/mempool.c.obj
Running (initial) lcov on /mnt/host/source/src/platform/ec/build/zephyr/screebo.
[skitty:rw] [364/367] Building C object zephyr/kernel/CMakeFiles/kernel.dir/dynamic_disabled.c.obj
[ocelotrvp-npcx:rw] [31/408] Building C object CMakeFiles/app.dir/mnt/host/source/src/platform/ec/zephyr/subsys/ap_pwrseq/signal_gpio.c.obj
[skitty:ro] [191/367] Building C object modules/ec/zephyr/CMakeFiles/ec_shim.dir/shim/src/cbi/cbi_eeprom.c.obj
[skitty:rw] [365/367] Building C object zephyr/kernel/CMakeFiles/kernel.dir/events.c.obj
[skitty:rw] [366/367] Building C object zephyr/kernel/CMakeFiles/kernel.dir/poll.c.obj
[skitty:ro] [192/367] Building C object modules/ec/zephyr/CMakeFiles/ec_shim.dir/shim/src/system.c.obj
[skitty:ro] [193/367] Building C object modules/ec/zephyr/CMakeFiles/ec_shim.dir/shim/src/adc.c.obj
[skitty:rw] [367/367] Linking C static library zephyr/kernel/libkernel.a
[ocelotrvp-npcx:ro] [31/408] Building C object CMakeFiles/app.dir/mnt/host/source/src/platform/ec/zephyr/subsys/ap_pwrseq/signal_gpio.c.obj
[skitty:ro] [194/367] Building C object modules/ec/zephyr/CMakeFiles/ec_shim.dir/shim/src/battery.c.obj
Running `env -i PYTHONPATH=/usr/lib64/python-exec/python3.11:/mnt/host/source/src/platform/ec/zephyr/zmake:/usr/lib/python311.zip:/usr/lib/python3.11:/usr/lib/python3.11/lib-dynload:/usr/lib/python3.11/site-packages PW_PIGWEED_CIPD_INSTALL_DIR=/usr CROSTC_USER_ACKNOWLEDGES_THAT_RISCV_IS_EXPERIMENTAL=1 PATH=/mnt/host/source/chromite/bin:/usr/local/bin:/usr/bin:/bin:/opt/bin:/mnt/host/source/chromite/sdk/bin:/mnt/host/source/chromite/bin HOME=/home/jpmurphy JAVA_HOME=/etc/java-config-2/current-system-vm JDK_HOME=/etc/java-config-2/current-system-vm JAVAC=/etc/java-config-2/current-system-vm/bin/javac MAKEFLAGS=' -j16 --jobserver-auth=5,6' /usr/bin/lcov --gcov-tool /mnt/host/source/src/platform/ec/build/zephyr/gothrax/build-rw/gcov.sh -q -o - -c -d /mnt/host/source/src/platform/ec/build/zephyr/gothrax -t gothrax --rc branch_coverage=1 --filter range --ignore-errors inconsistent,source --ignore-errors gcov,gcov -i`
Running `env -i PYTHONPATH=/usr/lib64/python-exec/python3.11:/mnt/host/source/src/platform/ec/zephyr/zmake:/usr/lib/python311.zip:/usr/lib/python3.11:/usr/lib/python3.11/lib-dynload:/usr/lib/python3.11/site-packages PW_PIGWEED_CIPD_INSTALL_DIR=/usr CROSTC_USER_ACKNOWLEDGES_THAT_RISCV_IS_EXPERIMENTAL=1 PATH=/mnt/host/source/chromite/bin:/usr/local/bin:/usr/bin:/bin:/opt/bin:/mnt/host/source/chromite/sdk/bin:/mnt/host/source/chromite/bin HOME=/home/jpmurphy JAVA_HOME=/etc/java-config-2/current-system-vm JDK_HOME=/etc/java-config-2/current-system-vm JAVAC=/etc/java-config-2/current-system-vm/bin/javac MAKEFLAGS=' -j16 --jobserver-auth=5,6' /usr/bin/lcov --gcov-tool /mnt/host/source/src/platform/ec/build/zephyr/screebo/build-rw/gcov.sh -q -o - -c -d /mnt/host/source/src/platform/ec/build/zephyr/screebo -t screebo --rc branch_coverage=1 --filter range --ignore-errors inconsistent,source --ignore-errors gcov,gcov -i`
[ocelotrvp-npcx:rw] [32/408] Building C object CMakeFiles/app.dir/mnt/host/source/src/platform/ec/zephyr/subsys/ap_pwrseq/signal_vw.c.obj
[skitty:ro] [195/367] Building C object modules/ec/zephyr/CMakeFiles/ec_shim.dir/shim/src/chg_rt9490.c.obj
[ocelotrvp-npcx:ro] [32/408] Building C object CMakeFiles/app.dir/mnt/host/source/src/platform/ec/zephyr/subsys/ap_pwrseq/signal_vw.c.obj
[skitty:ro] [196/367] Building C object modules/ec/zephyr/CMakeFiles/ec_shim.dir/shim/src/charger.c.obj
[skitty:ro] [197/367] Building C object modules/ec/zephyr/CMakeFiles/ec_shim.dir/shim/src/flash.c.obj
[skitty:ro] [198/367] Building C object modules/ec/zephyr/CMakeFiles/ec_shim.dir/shim/src/host_command.c.obj
[ocelotrvp-npcx:rw] [33/408] Building C object CMakeFiles/app.dir/mnt/host/source/src/platform/ec/zephyr/subsys/ap_pwrseq/ap_pwrseq_sm.c.obj
[skitty:ro] [199/367] Building C object modules/ec/zephyr/CMakeFiles/ec_shim.dir/shim/src/hooks.c.obj
[skitty:ro] [200/367] Building C object modules/ec/zephyr/CMakeFiles/ec_shim.dir/shim/src/console_buffer.c.obj
[ocelotrvp-npcx:rw] [34/408] Building C object CMakeFiles/app.dir/mnt/host/source/src/platform/ec/zephyr/subsys/ap_pwrseq/ap_pwrseq.c.obj
[ocelotrvp-npcx:ro] [33/408] Building C object CMakeFiles/app.dir/mnt/host/source/src/platform/ec/zephyr/subsys/ap_pwrseq/ap_pwrseq_sm.c.obj
[ocelotrvp-npcx:ro] [34/408] Building C object CMakeFiles/app.dir/mnt/host/source/src/platform/ec/zephyr/subsys/ap_pwrseq/ap_pwrseq.c.obj
[/mnt/host/source/src/platform/ec/build/zephyr/felino4es-lcov]   /mnt/host/source/src/platform/ec/build/zephyr/felino4es/build-rw/modules/ec/zephyr/CMakeFiles/ec_shim.dir/shim/src/usba.c.gcno:no functions found
[/mnt/host/source/src/platform/ec/build/zephyr/felino4es-lcov] stderr:
[skitty:ro] [201/367] Building C object modules/ec/zephyr/CMakeFiles/ec_shim.dir/shim/src/keyboard_raw.c.obj
[/mnt/host/source/src/platform/ec/build/zephyr/screebo-lcov] geninfo: WARNING: using JSON module "JSON::PP" - which is much slower than some alternatives.  Consider installing one of JSON::XS or Cpanel::JSON::XS
[ocelotrvp-npcx:ro] [35/408] Building C object CMakeFiles/app.dir/mnt/host/source/src/platform/ec/zephyr/subsys/ap_pwrseq/power_host_sleep.c.obj
[/mnt/host/source/src/platform/ec/build/zephyr/gothrax-lcov] geninfo: WARNING: using JSON module "JSON::PP" - which is much slower than some alternatives.  Consider installing one of JSON::XS or Cpanel::JSON::XS
[ocelotrvp-npcx:rw] [35/408] Building C object CMakeFiles/app.dir/mnt/host/source/src/platform/ec/zephyr/subsys/ap_pwrseq/power_host_sleep.c.obj
[skitty:ro] [202/367] Building C object modules/ec/zephyr/CMakeFiles/ec_shim.dir/shim/src/mkbp_event.c.obj
[skitty:ro] [203/367] Building C object modules/ec/zephyr/CMakeFiles/ec_shim.dir/shim/src/keyscan.c.obj
[skitty:ro] [204/367] Building C object modules/ec/zephyr/CMakeFiles/ec_shim.dir/shim/src/panic.c.obj
[skitty:ro] [205/367] Building C object modules/ec/zephyr/CMakeFiles/ec_shim.dir/shim/src/power.c.obj
[ocelotrvp-npcx:ro] [36/408] Building C object CMakeFiles/app.dir/mnt/host/source/src/platform/ec/zephyr/subsys/ap_pwrseq/x86_non_dsx_common_pwrseq_sm_handler.c.obj
[skitty:ro] [206/367] Building C object modules/ec/zephyr/CMakeFiles/ec_shim.dir/shim/src/temp_sensors.c.obj
[skitty:ro] [207/367] Building C object modules/ec/zephyr/CMakeFiles/ec_shim.dir/shim/src/thermal.c.obj
[ocelotrvp-npcx:rw] [36/408] Building C object CMakeFiles/app.dir/mnt/host/source/src/platform/ec/zephyr/subsys/ap_pwrseq/x86_non_dsx_common_pwrseq_sm_handler.c.obj
[ocelotrvp-npcx:rw] [37/408] Building C object CMakeFiles/app.dir/mnt/host/source/src/platform/ec/zephyr/subsys/ap_pwrseq/x86_non_dsx_chipset_power_state.c.obj
[skitty:ro] [208/367] Building C object modules/ec/zephyr/CMakeFiles/ec_shim.dir/shim/src/hwtimer.c.obj
[ocelotrvp-npcx:ro] [37/408] Building C object CMakeFiles/app.dir/mnt/host/source/src/platform/ec/zephyr/subsys/ap_pwrseq/x86_non_dsx_chipset_power_state.c.obj
[ocelotrvp-npcx:ro] [38/408] Building C object CMakeFiles/app.dir/mnt/host/source/src/platform/ec/zephyr/subsys/ap_pwrseq/x86_non_dsx_common_pwrseq_host_sleep.c.obj
[ocelotrvp-npcx:ro] [39/408] Building C object CMakeFiles/app.dir/mnt/host/source/src/platform/ec/zephyr/subsys/ap_pwrseq/x86_non_dsx_common_pwrseq_console.c.obj
[skitty:ro] [209/367] Building C object modules/ec/zephyr/CMakeFiles/ec_shim.dir/shim/src/i2c.c.obj
[skitty:ro] [210/367] Building C object modules/ec/zephyr/CMakeFiles/ec_shim.dir/shim/src/tasks.c.obj
[skitty:ro] [211/367] cd /mnt/host/source/src/platform/ec/build/zephyr/skitty/build-ro/modules/ec/zephyr && PYTHONPATH=/mnt/host/source/src/platform/ec/build/zephyr/skitty/modules/ec/zephyr/zmake/ /usr/bin/python3.11 /mnt/host/source/src/platform/ec/build/zephyr/skitty/modules/ec/zephyr/zmake/zephyr_build_tools/generate_ec_version.py /mnt/host/source/src/platform/ec/build/zephyr/skitty/build-ro/modules/ec/zephyr/include/ec_version.h --name Zephyr-Kernel --version 16543.0.0 --static
[skitty:ro] INFO:root:Using a static version string
[ocelotrvp-npcx:rw] [38/408] Building C object CMakeFiles/app.dir/mnt/host/source/src/platform/ec/zephyr/subsys/ap_pwrseq/x86_non_dsx_common_pwrseq_host_sleep.c.obj
[skitty:ro] INFO:root:Version string: Zephyr-Kernel-16543.0.0
[skitty:ro] INFO:root:Writing header to /mnt/host/source/src/platform/ec/build/zephyr/skitty/build-ro/modules/ec/zephyr/include/ec_version.h
[skitty:ro] [212/367] Building C object modules/ec/zephyr/CMakeFiles/ec_shim.dir/shim/src/watchdog.c.obj
[skitty:ro] [213/367] Building C object CMakeFiles/app.dir/mnt/host/source/src/platform/ec/zephyr/subsys/ap_pwrseq/ap_events.c.obj
[skitty:ro] [214/367] Building C object CMakeFiles/app.dir/mnt/host/source/src/platform/ec/build/zephyr/skitty/modules/ec/builtin/stdlib.c.obj
[skitty:ro] [215/367] Building C object CMakeFiles/app.dir/mnt/host/source/src/platform/ec/build/zephyr/skitty/modules/ec/common/base32.c.obj
[skitty:ro] [216/367] Building C object CMakeFiles/app.dir/mnt/host/source/src/platform/ec/build/zephyr/skitty/modules/ec/common/console_output.c.obj
[skitty:ro] [217/367] Building C object CMakeFiles/app.dir/mnt/host/source/src/platform/ec/build/zephyr/skitty/modules/ec/common/ec_features.c.obj
[skitty:ro] [218/367] Building C object CMakeFiles/app.dir/mnt/host/source/src/platform/ec/build/zephyr/skitty/modules/ec/common/gpio_commands.c.obj
[skitty:ro] [219/367] Building C object CMakeFiles/app.dir/mnt/host/source/src/platform/ec/build/zephyr/skitty/modules/ec/common/peripheral.c.obj
[skitty:ro] [220/367] Building C object CMakeFiles/app.dir/mnt/host/source/src/platform/ec/build/zephyr/skitty/modules/ec/common/printf.c.obj
[skitty:ro] [221/367] Building C object CMakeFiles/app.dir/mnt/host/source/src/platform/ec/build/zephyr/skitty/modules/ec/common/queue.c.obj
[skitty:ro] [222/367] Building C object CMakeFiles/app.dir/mnt/host/source/src/platform/ec/build/zephyr/skitty/modules/ec/common/system_boot_time.c.obj
[skitty:ro] [223/367] Building C object CMakeFiles/app.dir/mnt/host/source/src/platform/ec/build/zephyr/skitty/modules/ec/common/system.c.obj
[skitty:ro] [224/367] Building C object CMakeFiles/app.dir/mnt/host/source/src/platform/ec/build/zephyr/skitty/modules/ec/common/util.c.obj
[skitty:ro] [225/367] Building C object CMakeFiles/app.dir/mnt/host/source/src/platform/ec/build/zephyr/skitty/modules/ec/common/version.c.obj
[skitty:ro] [226/367] Building C object CMakeFiles/app.dir/mnt/host/source/src/platform/ec/build/zephyr/skitty/modules/ec/common/uart_printf.c.obj
[skitty:ro] [227/367] Building C object modules/ec/zephyr/CMakeFiles/ec_shim.dir/shim/src/ppc.c.obj
[skitty:ro] [228/367] Building C object CMakeFiles/app.dir/mnt/host/source/src/platform/ec/build/zephyr/skitty/modules/ec/common/adc.c.obj
[skitty:ro] [229/367] Building C object CMakeFiles/app.dir/mnt/host/source/src/platform/ec/build/zephyr/skitty/modules/ec/common/battery.c.obj
[skitty:ro] [230/367] Building C object CMakeFiles/app.dir/mnt/host/source/src/platform/ec/build/zephyr/skitty/modules/ec/common/battery_info.c.obj
[skitty:ro] [231/367] Building C object CMakeFiles/app.dir/mnt/host/source/src/platform/ec/build/zephyr/skitty/modules/ec/common/battery_fuel_gauge.c.obj
[skitty:ro] [232/367] Building C object CMakeFiles/app.dir/mnt/host/source/src/platform/ec/build/zephyr/skitty/modules/ec/driver/battery/smart.c.obj
[skitty:ro] [233/367] Building C object CMakeFiles/app.dir/mnt/host/source/src/platform/ec/build/zephyr/skitty/modules/ec/driver/charger/rt9490.c.obj
[skitty:ro] [234/367] Building C object CMakeFiles/app.dir/mnt/host/source/src/platform/ec/build/zephyr/skitty/modules/ec/common/charge_state.c.obj
[skitty:ro] [235/367] Building C object CMakeFiles/app.dir/mnt/host/source/src/platform/ec/build/zephyr/skitty/modules/ec/common/charge_ramp.c.obj
[skitty:ro] [236/367] Building C object CMakeFiles/app.dir/mnt/host/source/src/platform/ec/build/zephyr/skitty/modules/ec/common/charger.c.obj
[skitty:ro] [237/367] Building C object CMakeFiles/app.dir/mnt/host/source/src/platform/ec/build/zephyr/skitty/modules/ec/common/cbi_common.c.obj
[ocelotrvp-npcx:ro] [40/408] Building C object CMakeFiles/app.dir/mnt/host/source/src/platform/ec/zephyr/subsys/ap_pwrseq/x86_non_dsx_common_pwrseq_host_command.c.obj
[skitty:ro] [238/367] Building C object modules/ec/zephyr/CMakeFiles/ec_shim.dir/shim/src/usba.c.obj
[skitty:ro] [239/367] Building C object CMakeFiles/app.dir/mnt/host/source/src/platform/ec/build/zephyr/skitty/modules/ec/common/charge_manager.c.obj
[skitty:ro] [240/367] Building C object CMakeFiles/app.dir/mnt/host/source/src/platform/ec/build/zephyr/skitty/modules/ec/common/cbi.c.obj
[/mnt/host/source/src/platform/ec/build/zephyr/gothrax-lcov] stderr:
[skitty:ro] [241/367] Building C object modules/ec/zephyr/CMakeFiles/ec_shim.dir/shim/src/usb_muxes.c.obj
[/mnt/host/source/src/platform/ec/build/zephyr/screebo-lcov] stderr:
[skitty:ro] [242/367] Building C object zephyr/kernel/CMakeFiles/kernel.dir/main_weak.c.obj
[ocelotrvp-npcx:rw] [39/408] Building C object CMakeFiles/app.dir/mnt/host/source/src/platform/ec/zephyr/subsys/ap_pwrseq/x86_non_dsx_common_pwrseq_host_command.c.obj
[ocelotrvp-npcx:ro] [41/408] Building C object CMakeFiles/app.dir/mnt/host/source/src/platform/ec/zephyr/subsys/ap_pwrseq/ap_reset_log.c.obj
[ocelotrvp-npcx:rw] [40/408] Building C object CMakeFiles/app.dir/mnt/host/source/src/platform/ec/zephyr/subsys/ap_pwrseq/x86_non_dsx_common_pwrseq_console.c.obj
[/mnt/host/source/src/platform/ec/build/zephyr/gothrax-lcov]   /mnt/host/source/src/platform/ec/build/zephyr/gothrax/build-ro/modules/ec/zephyr/CMakeFiles/ec_shim.dir/shim/src/thermal.c.gcno:no functions found
[/mnt/host/source/src/platform/ec/build/zephyr/gothrax-lcov] stderr:
[ocelotrvp-npcx:ro] [42/408] Building C object CMakeFiles/app.dir/mnt/host/source/src/platform/ec/zephyr/subsys/ap_pwrseq/x86_non_dsx_mtl_pwrseq_sm.c.obj
[skitty:ro] [243/367] Building C object CMakeFiles/app.dir/mnt/host/source/src/platform/ec/build/zephyr/skitty/modules/ec/common/cbi_config.c.obj
[/mnt/host/source/src/platform/ec/build/zephyr/screebo-lcov]   /mnt/host/source/src/platform/ec/build/zephyr/screebo/build-ro/modules/ec/zephyr/CMakeFiles/ec_shim.dir/shim/src/thermal.c.gcno:no functions found
[/mnt/host/source/src/platform/ec/build/zephyr/screebo-lcov] stderr:
[ocelotrvp-npcx:ro] [43/408] Building C object CMakeFiles/app.dir/mnt/host/source/src/platform/ec/zephyr/subsys/pd_controller/pdc_pmc_debug.c.obj
[skitty:ro] [244/367] Building C object CMakeFiles/app.dir/mnt/host/source/src/platform/ec/build/zephyr/skitty/modules/ec/common/memory_commands.c.obj
[/mnt/host/source/src/platform/ec/build/zephyr/gothrax-lcov]   /mnt/host/source/src/platform/ec/build/zephyr/gothrax/build-ro/modules/ec/zephyr/CMakeFiles/ec_shim.dir/shim/src/battery.c.gcno:no functions found
[/mnt/host/source/src/platform/ec/build/zephyr/gothrax-lcov] stderr:
[skitty:ro] [245/367] Building C object CMakeFiles/app.dir/mnt/host/source/src/platform/ec/build/zephyr/skitty/modules/ec/common/chipset.c.obj
[ocelotrvp-npcx:rw] [41/408] Building C object CMakeFiles/app.dir/mnt/host/source/src/platform/ec/zephyr/subsys/ap_pwrseq/x86_non_dsx_mtl_pwrseq_sm.c.obj
[skitty:ro] [246/367] Building C object CMakeFiles/app.dir/mnt/host/source/src/platform/ec/build/zephyr/skitty/modules/ec/common/ap_reset_log.c.obj
[/mnt/host/source/src/platform/ec/build/zephyr/gothrax-lcov]   /mnt/host/source/src/platform/ec/build/zephyr/gothrax/build-ro/modules/ec/zephyr/CMakeFiles/ec_shim.dir/shim/src/charger.c.gcno:no functions found
[/mnt/host/source/src/platform/ec/build/zephyr/gothrax-lcov] stderr:
[skitty:ro] [247/367] Building C object CMakeFiles/app.dir/mnt/host/source/src/platform/ec/build/zephyr/skitty/modules/ec/common/extpower_common.c.obj
[/mnt/host/source/src/platform/ec/build/zephyr/screebo-lcov]   /mnt/host/source/src/platform/ec/build/zephyr/screebo/build-ro/modules/ec/zephyr/CMakeFiles/ec_shim.dir/shim/src/battery.c.gcno:no functions found
[/mnt/host/source/src/platform/ec/build/zephyr/screebo-lcov] stderr:
[skitty:ro] [248/367] Building C object CMakeFiles/app.dir/mnt/host/source/src/platform/ec/build/zephyr/skitty/modules/ec/common/extpower_gpio.c.obj
[/mnt/host/source/src/platform/ec/build/zephyr/screebo-lcov]   /mnt/host/source/src/platform/ec/build/zephyr/screebo/build-ro/modules/ec/zephyr/CMakeFiles/ec_shim.dir/shim/src/charger.c.gcno:no functions found
[/mnt/host/source/src/platform/ec/build/zephyr/screebo-lcov] stderr:
[ocelotrvp-npcx:rw] [42/408] Building C object CMakeFiles/app.dir/mnt/host/source/src/platform/ec/zephyr/subsys/ap_pwrseq/ap_reset_log.c.obj
[ocelotrvp-npcx:rw] [43/408] Building C object CMakeFiles/app.dir/mnt/host/source/src/platform/ec/zephyr/subsys/pd_controller/pdc_pmc_debug.c.obj
[skitty:ro] [249/367] Building C object CMakeFiles/app.dir/mnt/host/source/src/platform/ec/build/zephyr/skitty/modules/ec/common/flash.c.obj
[skitty:ro] [250/367] Building C object CMakeFiles/app.dir/mnt/host/source/src/platform/ec/build/zephyr/skitty/modules/ec/common/host_event_commands.c.obj
[skitty:ro] [251/367] Building C object CMakeFiles/app.dir/mnt/host/source/src/platform/ec/build/zephyr/skitty/modules/ec/common/host_command.c.obj
[skitty:ro] [252/367] Building C object CMakeFiles/app.dir/mnt/host/source/src/platform/ec/build/zephyr/skitty/modules/ec/common/host_command_task.c.obj
[ocelotrvp-npcx:ro] [44/408] Building C object CMakeFiles/app.dir/mnt/host/source/src/platform/ec/zephyr/subsys/pd_controller/pdc_host_cmd.c.obj
[ocelotrvp-npcx:ro] [45/408] Building C object CMakeFiles/app.dir/mnt/host/source/src/platform/ec/zephyr/subsys/pd_controller/pdc_stub.c.obj
[ocelotrvp-npcx:ro] [46/408] Building C object CMakeFiles/app.dir/mnt/host/source/src/platform/ec/zephyr/subsys/pd_controller/pdc_console.c.obj
[/mnt/host/source/src/platform/ec/build/zephyr/gothrax-lcov]   /mnt/host/source/src/platform/ec/build/zephyr/gothrax/build-ro/modules/ec/zephyr/CMakeFiles/ec_shim.dir/shim/src/usb_muxes.c.gcno:no functions found
[/mnt/host/source/src/platform/ec/build/zephyr/gothrax-lcov] stderr:
[ocelotrvp-npcx:ro] [47/408] Building C object CMakeFiles/app.dir/mnt/host/source/src/platform/ec/zephyr/subsys/pd_controller/pdc_power_mgmt.c.obj
[skitty:ro] [253/367] Building C object CMakeFiles/app.dir/mnt/host/source/src/platform/ec/build/zephyr/skitty/modules/ec/common/uptime.c.obj
[skitty:ro] [254/367] Building C object CMakeFiles/app.dir/mnt/host/source/src/platform/ec/build/zephyr/skitty/modules/ec/common/uart_hostcmd.c.obj
[/mnt/host/source/src/platform/ec/build/zephyr/screebo-lcov]   /mnt/host/source/src/platform/ec/build/zephyr/screebo/build-ro/modules/ec/zephyr/CMakeFiles/ec_shim.dir/shim/src/usb_muxes.c.gcno:no functions found
[/mnt/host/source/src/platform/ec/build/zephyr/screebo-lcov] stderr:
[/mnt/host/source/src/platform/ec/build/zephyr/screebo-lcov]   /mnt/host/source/src/platform/ec/build/zephyr/screebo/build-ro/modules/ec/zephyr/CMakeFiles/ec_shim.dir/shim/src/bb_retimer_usb_mux.c.gcno:no functions found
[/mnt/host/source/src/platform/ec/build/zephyr/screebo-lcov] stderr:
[skitty:ro] [255/367] Building C object CMakeFiles/app.dir/mnt/host/source/src/platform/ec/build/zephyr/skitty/modules/ec/common/i2c_passthru.c.obj
[skitty:ro] [256/367] Building C object CMakeFiles/app.dir/mnt/host/source/src/platform/ec/build/zephyr/skitty/modules/ec/common/virtual_battery.c.obj
[skitty:ro] [257/367] Building C object CMakeFiles/app.dir/mnt/host/source/src/platform/ec/build/zephyr/skitty/modules/ec/common/i2c_controller.c.obj
[ocelotrvp-npcx:rw] [44/408] Building C object CMakeFiles/app.dir/mnt/host/source/src/platform/ec/zephyr/subsys/pd_controller/pdc_console.c.obj
[ocelotrvp-npcx:rw] [45/408] Building C object CMakeFiles/app.dir/mnt/host/source/src/platform/ec/zephyr/subsys/pd_controller/pdc_host_cmd.c.obj
[/mnt/host/source/src/platform/ec/build/zephyr/gothrax-lcov]   /mnt/host/source/src/platform/ec/build/zephyr/gothrax/build-ro/modules/ec/zephyr/CMakeFiles/ec_shim.dir/shim/src/usba.c.gcno:no functions found
[/mnt/host/source/src/platform/ec/build/zephyr/gothrax-lcov] stderr:
[skitty:ro] [258/367] Building C object CMakeFiles/app.dir/mnt/host/source/src/platform/ec/build/zephyr/skitty/modules/ec/common/mkbp_info.c.obj
[skitty:ro] [259/367] Building C object CMakeFiles/app.dir/mnt/host/source/src/platform/ec/build/zephyr/skitty/modules/ec/common/mkbp_fifo.c.obj
[skitty:ro] [260/367] Building C object CMakeFiles/app.dir/mnt/host/source/src/platform/ec/build/zephyr/skitty/modules/ec/common/keyboard_scan.c.obj
[ocelotrvp-npcx:rw] [46/408] Building C object CMakeFiles/app.dir/mnt/host/source/src/platform/ec/zephyr/subsys/pd_controller/pdc_power_mgmt.c.obj
[ocelotrvp-npcx:ro] [48/408] Building C object CMakeFiles/app.dir/mnt/host/source/src/platform/ec/zephyr/subsys/ucsi/ppm_common.c.obj
[ocelotrvp-npcx:ro] [49/408] Building C object CMakeFiles/app.dir/mnt/host/source/src/platform/ec/zephyr/subsys/pd_controller/pdc_dpm.c.obj
[ocelotrvp-npcx:ro] [50/408] Building C object CMakeFiles/app.dir/mnt/host/source/src/platform/ec/zephyr/subsys/ucsi/ppm_console.c.obj
[ocelotrvp-npcx:ro] [51/408] Building C object CMakeFiles/app.dir/mnt/host/source/src/platform/ec/zephyr/subsys/pd_controller/pdc_runtime_port_config.c.obj
[/mnt/host/source/src/platform/ec/build/zephyr/screebo-lcov]   /mnt/host/source/src/platform/ec/build/zephyr/screebo/build-ro/modules/ec/zephyr/CMakeFiles/ec_shim.dir/shim/src/usba.c.gcno:no functions found
[/mnt/host/source/src/platform/ec/build/zephyr/screebo-lcov] stderr:
[skitty:ro] [261/367] Building C object CMakeFiles/app.dir/mnt/host/source/src/platform/ec/build/zephyr/skitty/modules/ec/common/mkbp_input_devices.c.obj
[skitty:ro] [262/367] Building C object CMakeFiles/app.dir/mnt/host/source/src/platform/ec/build/zephyr/skitty/modules/ec/common/keyboard_mkbp.c.obj
[skitty:ro] [263/367] Building C object CMakeFiles/app.dir/mnt/host/source/src/platform/ec/build/zephyr/skitty/modules/ec/common/led_common.c.obj
[skitty:ro] [264/367] Building C object CMakeFiles/app.dir/mnt/host/source/src/platform/ec/build/zephyr/skitty/modules/ec/common/lid_switch.c.obj
[skitty:ro] [265/367] Building C object CMakeFiles/app.dir/mnt/host/source/src/platform/ec/build/zephyr/skitty/modules/ec/common/mkbp_event.c.obj
[ocelotrvp-npcx:rw] [47/408] Building C object CMakeFiles/app.dir/mnt/host/source/src/platform/ec/zephyr/subsys/pd_controller/pdc_stub.c.obj
[skitty:ro] [266/367] Building C object CMakeFiles/app.dir/mnt/host/source/src/platform/ec/build/zephyr/skitty/modules/ec/common/power_button.c.obj
[ocelotrvp-npcx:rw] [48/408] Building C object CMakeFiles/app.dir/mnt/host/source/src/platform/ec/zephyr/subsys/pd_controller/pdc_dpm.c.obj
[ocelotrvp-npcx:ro] [52/408] Building C object CMakeFiles/app.dir/mnt/host/source/src/platform/ec/build/zephyr/ocelotrvp-npcx/modules/ec/common/base32.c.obj
[ocelotrvp-npcx:rw] [49/408] Building C object CMakeFiles/app.dir/mnt/host/source/src/platform/ec/zephyr/subsys/pd_controller/pdc_runtime_port_config.c.obj
[ocelotrvp-npcx:ro] [53/408] Building C object CMakeFiles/app.dir/mnt/host/source/src/platform/ec/zephyr/subsys/ucsi/ucsi_host_cmd.c.obj
[ocelotrvp-npcx:ro] [54/408] Building C object CMakeFiles/app.dir/mnt/host/source/src/platform/ec/build/zephyr/ocelotrvp-npcx/modules/ec/builtin/stdlib.c.obj
[skitty:ro] [267/367] Building C object CMakeFiles/app.dir/mnt/host/source/src/platform/ec/build/zephyr/skitty/modules/ec/power/common.c.obj
[ocelotrvp-npcx:ro] [55/408] Building C object CMakeFiles/app.dir/mnt/host/source/src/platform/ec/zephyr/subsys/ucsi/ppm_driver.c.obj
[skitty:ro] [268/367] Building C object CMakeFiles/app.dir/mnt/host/source/src/platform/ec/build/zephyr/skitty/modules/ec/power/mt8186.c.obj
[skitty:ro] [269/367] Building C object CMakeFiles/app.dir/mnt/host/source/src/platform/ec/build/zephyr/skitty/modules/ec/power/host_sleep.c.obj
[skitty:ro] [270/367] Building C object CMakeFiles/app.dir/mnt/host/source/src/platform/ec/build/zephyr/skitty/modules/ec/driver/sha256/sha256_it8xxx2.c.obj
[skitty:ro] [271/367] Building C object CMakeFiles/app.dir/mnt/host/source/src/platform/ec/build/zephyr/skitty/modules/ec/common/panic_output.c.obj
[skitty:ro] [272/367] Building C object CMakeFiles/app.dir/mnt/host/source/src/platform/ec/build/zephyr/skitty/modules/ec/common/shared_mem.c.obj
[ocelotrvp-npcx:rw] [50/408] Building C object CMakeFiles/app.dir/mnt/host/source/src/platform/ec/zephyr/subsys/ucsi/ppm_common.c.obj
[skitty:ro] [273/367] Building C object CMakeFiles/app.dir/mnt/host/source/src/platform/ec/build/zephyr/skitty/modules/ec/common/switch.c.obj
[ocelotrvp-npcx:rw] [51/408] Building C object CMakeFiles/app.dir/mnt/host/source/src/platform/ec/zephyr/subsys/ucsi/ppm_console.c.obj
[ocelotrvp-npcx:ro] [56/408] Building C object CMakeFiles/app.dir/mnt/host/source/src/platform/ec/build/zephyr/ocelotrvp-npcx/modules/ec/common/ec_features.c.obj
[ocelotrvp-npcx:ro] [57/408] Building C object CMakeFiles/app.dir/mnt/host/source/src/platform/ec/build/zephyr/ocelotrvp-npcx/modules/ec/common/gpio_commands.c.obj
[ocelotrvp-npcx:ro] [58/408] Building C object CMakeFiles/app.dir/mnt/host/source/src/platform/ec/build/zephyr/ocelotrvp-npcx/modules/ec/common/console_output.c.obj
[skitty:ro] [274/367] Building C object CMakeFiles/app.dir/mnt/host/source/src/platform/ec/build/zephyr/skitty/modules/ec/common/tablet_mode.c.obj
[skitty:ro] [275/367] Building C object CMakeFiles/app.dir/mnt/host/source/src/platform/ec/build/zephyr/skitty/modules/ec/common/temp_sensor.c.obj
[skitty:ro] [276/367] Building C object CMakeFiles/app.dir/mnt/host/source/src/platform/ec/build/zephyr/skitty/modules/ec/common/thermal.c.obj
[/mnt/host/source/src/platform/ec/build/zephyr/gothrax-lcov]   /mnt/host/source/src/platform/ec/build/zephyr/gothrax/build-ro/modules/ec/zephyr/CMakeFiles/ec_shim.dir/shim/src/bc12.c.gcno:no functions found
[/mnt/host/source/src/platform/ec/build/zephyr/gothrax-lcov] stderr:
[ocelotrvp-npcx:rw] [52/408] Building C object CMakeFiles/app.dir/mnt/host/source/src/platform/ec/zephyr/subsys/ucsi/ppm_driver.c.obj
[skitty:ro] [277/367] Building C object CMakeFiles/app.dir/mnt/host/source/src/platform/ec/build/zephyr/skitty/modules/ec/driver/temp_sensor/thermistor.c.obj
[ocelotrvp-npcx:ro] [59/408] Building C object CMakeFiles/app.dir/mnt/host/source/src/platform/ec/build/zephyr/ocelotrvp-npcx/modules/ec/common/peripheral.c.obj
[skitty:ro] [278/367] Building C object CMakeFiles/app.dir/mnt/host/source/src/platform/ec/build/zephyr/skitty/modules/ec/common/timer.c.obj
[skitty:ro] [279/367] Building C object CMakeFiles/app.dir/mnt/host/source/src/platform/ec/build/zephyr/skitty/modules/ec/common/usb_port_power_dumb.c.obj
[ocelotrvp-npcx:rw] [53/408] Building C object CMakeFiles/app.dir/mnt/host/source/src/platform/ec/zephyr/subsys/ucsi/ucsi_host_cmd.c.obj
[skitty:ro] [280/367] Building C object CMakeFiles/app.dir/mnt/host/source/src/platform/ec/build/zephyr/skitty/modules/ec/common/usb_pd_pdo.c.obj
[ocelotrvp-npcx:rw] [54/408] Building C object CMakeFiles/app.dir/mnt/host/source/src/platform/ec/build/zephyr/ocelotrvp-npcx/modules/ec/builtin/stdlib.c.obj
[skitty:ro] [281/367] Building C object CMakeFiles/app.dir/mnt/host/source/src/platform/ec/build/zephyr/skitty/modules/ec/common/typec_control.c.obj
[ocelotrvp-npcx:ro] [60/408] Building C object CMakeFiles/app.dir/mnt/host/source/src/platform/ec/build/zephyr/ocelotrvp-npcx/modules/ec/common/printf.c.obj
[ocelotrvp-npcx:ro] [61/408] Building C object CMakeFiles/app.dir/mnt/host/source/src/platform/ec/build/zephyr/ocelotrvp-npcx/modules/ec/common/queue.c.obj
[/mnt/host/source/src/platform/ec/build/zephyr/screebo-lcov]   /mnt/host/source/src/platform/ec/build/zephyr/screebo/build-ro/modules/ec/zephyr/CMakeFiles/ec_shim.dir/shim/src/bc12.c.gcno:no functions found
[/mnt/host/source/src/platform/ec/build/zephyr/screebo-lcov] stderr:
[skitty:ro] [282/367] Building C object CMakeFiles/app.dir/mnt/host/source/src/platform/ec/build/zephyr/skitty/modules/ec/common/usb_common.c.obj
[skitty:ro] [283/367] Building C object CMakeFiles/app.dir/mnt/host/source/src/platform/ec/build/zephyr/skitty/modules/ec/common/usbc/usbc_task.c.obj
[ocelotrvp-npcx:rw] [55/408] Building C object CMakeFiles/app.dir/mnt/host/source/src/platform/ec/build/zephyr/ocelotrvp-npcx/modules/ec/common/base32.c.obj
[skitty:ro] [284/367] Building C object CMakeFiles/app.dir/mnt/host/source/src/platform/ec/build/zephyr/skitty/modules/ec/common/usbc/usb_pd_timer.c.obj
[ocelotrvp-npcx:ro] [62/408] Building C object CMakeFiles/app.dir/mnt/host/source/src/platform/ec/build/zephyr/ocelotrvp-npcx/modules/ec/common/system.c.obj
[ocelotrvp-npcx:ro] [63/408] Building C object CMakeFiles/app.dir/mnt/host/source/src/platform/ec/build/zephyr/ocelotrvp-npcx/modules/ec/common/system_boot_time.c.obj
[skitty:ro] [285/367] Building C object CMakeFiles/app.dir/mnt/host/source/src/platform/ec/build/zephyr/skitty/modules/ec/common/usbc/usb_sm.c.obj
[skitty:ro] [286/367] Building C object CMakeFiles/app.dir/mnt/host/source/src/platform/ec/build/zephyr/skitty/modules/ec/common/usbc_utils.c.obj
[skitty:ro] [287/367] Building C object CMakeFiles/app.dir/mnt/host/source/src/platform/ec/build/zephyr/skitty/modules/ec/common/usb_pd_flags.c.obj
[skitty:ro] [288/367] Building C object CMakeFiles/app.dir/mnt/host/source/src/platform/ec/build/zephyr/skitty/modules/ec/common/usbc_intr_task.c.obj
[ocelotrvp-npcx:rw] [56/408] Building C object CMakeFiles/app.dir/mnt/host/source/src/platform/ec/build/zephyr/ocelotrvp-npcx/modules/ec/common/console_output.c.obj
[skitty:ro] [289/367] Building C object CMakeFiles/app.dir/mnt/host/source/src/platform/ec/build/zephyr/skitty/modules/ec/common/chargen.c.obj
[ocelotrvp-npcx:ro] [64/408] Building C object CMakeFiles/app.dir/mnt/host/source/src/platform/ec/build/zephyr/ocelotrvp-npcx/modules/ec/common/uart_printf.c.obj
[skitty:ro] [290/367] Building C object CMakeFiles/app.dir/mnt/host/source/src/platform/ec/build/zephyr/skitty/modules/ec/common/usbc/usb_pd_console.c.obj
[ocelotrvp-npcx:rw] [57/408] Building C object CMakeFiles/app.dir/mnt/host/source/src/platform/ec/build/zephyr/ocelotrvp-npcx/modules/ec/common/ec_features.c.obj
[ocelotrvp-npcx:ro] [65/408] Building C object CMakeFiles/app.dir/mnt/host/source/src/platform/ec/build/zephyr/ocelotrvp-npcx/modules/ec/common/util.c.obj
[ocelotrvp-npcx:rw] [58/408] Building C object CMakeFiles/app.dir/mnt/host/source/src/platform/ec/build/zephyr/ocelotrvp-npcx/modules/ec/common/gpio_commands.c.obj
[ocelotrvp-npcx:ro] [66/408] Building C object CMakeFiles/app.dir/mnt/host/source/src/platform/ec/build/zephyr/ocelotrvp-npcx/modules/ec/common/version.c.obj
[ocelotrvp-npcx:ro] [67/408] Building C object CMakeFiles/app.dir/mnt/host/source/src/platform/ec/build/zephyr/ocelotrvp-npcx/modules/ec/common/power_button_x86.c.obj
[skitty:ro] [291/367] Building C object CMakeFiles/app.dir/mnt/host/source/src/platform/ec/build/zephyr/skitty/modules/ec/driver/usb_mux/it5205.c.obj
[skitty:ro] [292/367] Building C object CMakeFiles/app.dir/mnt/host/source/src/platform/ec/build/zephyr/skitty/modules/ec/driver/usb_mux/virtual.c.obj
[skitty:ro] [293/367] Building C object CMakeFiles/app.dir/mnt/host/source/src/platform/ec/build/zephyr/skitty/modules/ec/driver/usb_mux/usb_mux.c.obj
[skitty:ro] [294/367] Building C object CMakeFiles/app.dir/mnt/host/source/src/platform/ec/build/zephyr/skitty/modules/ec/common/event_log.c.obj
[skitty:ro] [295/367] Building C object CMakeFiles/app.dir/mnt/host/source/src/platform/ec/build/zephyr/skitty/modules/ec/common/dps.c.obj
[skitty:ro] [296/367] Building C object CMakeFiles/app.dir/mnt/host/source/src/platform/ec/build/zephyr/skitty/modules/ec/common/pd_log.c.obj
[ocelotrvp-npcx:rw] [59/408] Building C object CMakeFiles/app.dir/mnt/host/source/src/platform/ec/build/zephyr/ocelotrvp-npcx/modules/ec/common/peripheral.c.obj
[ocelotrvp-npcx:ro] [68/408] Building C object CMakeFiles/app.dir/mnt/host/source/src/platform/ec/build/zephyr/ocelotrvp-npcx/modules/ec/common/adc.c.obj
[ocelotrvp-npcx:rw] [60/408] Building C object CMakeFiles/app.dir/mnt/host/source/src/platform/ec/build/zephyr/ocelotrvp-npcx/modules/ec/common/printf.c.obj
[ocelotrvp-npcx:ro] [69/408] Building C object CMakeFiles/app.dir/mnt/host/source/src/platform/ec/build/zephyr/ocelotrvp-npcx/modules/ec/common/acpi.c.obj
[ocelotrvp-npcx:rw] [61/408] Building C object CMakeFiles/app.dir/mnt/host/source/src/platform/ec/build/zephyr/ocelotrvp-npcx/modules/ec/common/queue.c.obj
[ocelotrvp-npcx:ro] [70/408] Building C object CMakeFiles/app.dir/mnt/host/source/src/platform/ec/build/zephyr/ocelotrvp-npcx/modules/ec/common/battery.c.obj
[ocelotrvp-npcx:ro] [71/408] Building C object CMakeFiles/app.dir/mnt/host/source/src/platform/ec/build/zephyr/ocelotrvp-npcx/modules/ec/common/battery_info.c.obj
[skitty:ro] [297/367] Building C object CMakeFiles/app.dir/mnt/host/source/src/platform/ec/build/zephyr/skitty/modules/ec/common/usbc/usb_prl_sm.c.obj
[skitty:ro] [298/367] Building C object CMakeFiles/app.dir/mnt/host/source/src/platform/ec/build/zephyr/skitty/modules/ec/common/usbc/usbc_pd_policy.c.obj
[skitty:ro] [299/367] Building C object CMakeFiles/app.dir/mnt/host/source/src/platform/ec/build/zephyr/skitty/modules/ec/common/usbc/usb_pd_dpm.c.obj
[skitty:ro] [300/367] Building C object CMakeFiles/app.dir/mnt/host/source/src/platform/ec/build/zephyr/skitty/modules/ec/common/usbc/usb_tc_drp_acc_trysrc_sm.c.obj
[skitty:ro] [301/367] Building C object CMakeFiles/app.dir/mnt/host/source/src/platform/ec/build/zephyr/skitty/modules/ec/common/usbc/dp_alt_mode.c.obj
[skitty:ro] [302/367] Building C object CMakeFiles/app.dir/mnt/host/source/src/platform/ec/build/zephyr/skitty/modules/ec/common/usbc/usb_pe_drp_sm.c.obj
[/mnt/host/source/src/platform/ec/build/zephyr/felino4es-lcov]   /mnt/host/source/src/platform/ec/build/zephyr/felino4es/build-rw/modules/ec/zephyr/CMakeFiles/ec_shim.dir/drivers/keyboard_input/keyboard_customization_check.c.gcno:no functions found
[/mnt/host/source/src/platform/ec/build/zephyr/felino4es-lcov] stderr:
[ocelotrvp-npcx:rw] [62/408] Building C object CMakeFiles/app.dir/mnt/host/source/src/platform/ec/build/zephyr/ocelotrvp-npcx/modules/ec/common/system_boot_time.c.obj
[ocelotrvp-npcx:ro] [72/408] Building C object CMakeFiles/app.dir/mnt/host/source/src/platform/ec/build/zephyr/ocelotrvp-npcx/modules/ec/common/battery_fuel_gauge.c.obj
[ocelotrvp-npcx:rw] [63/408] Building C object CMakeFiles/app.dir/mnt/host/source/src/platform/ec/build/zephyr/ocelotrvp-npcx/modules/ec/common/uart_printf.c.obj
[ocelotrvp-npcx:ro] [73/408] Building C object CMakeFiles/app.dir/mnt/host/source/src/platform/ec/build/zephyr/ocelotrvp-npcx/modules/ec/driver/battery/smart.c.obj
[ocelotrvp-npcx:rw] [64/408] Building C object CMakeFiles/app.dir/mnt/host/source/src/platform/ec/build/zephyr/ocelotrvp-npcx/modules/ec/common/system.c.obj
[skitty:ro] [303/367] Building C object CMakeFiles/app.dir/mnt/host/source/src/platform/ec/build/zephyr/skitty/modules/ec/common/usb_pd_console_cmd.c.obj
[skitty:ro] [304/367] Building C object CMakeFiles/app.dir/mnt/host/source/src/platform/ec/build/zephyr/skitty/modules/ec/common/usbc/usb_pd_host.c.obj
[ocelotrvp-npcx:ro] [74/408] Building C object CMakeFiles/app.dir/mnt/host/source/src/platform/ec/build/zephyr/ocelotrvp-npcx/modules/ec/common/charger.c.obj
[ocelotrvp-npcx:ro] [75/408] Building C object CMakeFiles/app.dir/mnt/host/source/src/platform/ec/build/zephyr/ocelotrvp-npcx/modules/ec/driver/charger/isl9241.c.obj
[skitty:ro] [305/367] Building C object CMakeFiles/app.dir/mnt/host/source/src/platform/ec/build/zephyr/skitty/modules/ec/common/usb_pd_host_cmd.c.obj
[skitty:ro] [306/367] Building C object CMakeFiles/app.dir/mnt/host/source/src/platform/ec/build/zephyr/skitty/modules/ec/zephyr/shim/src/tcpc.c.obj
[skitty:ro] [307/367] Building C object CMakeFiles/app.dir/mnt/host/source/src/platform/ec/build/zephyr/skitty/modules/ec/common/usb_pd_host_cmd_common.c.obj
[skitty:ro] [308/367] Building C object CMakeFiles/app.dir/mnt/host/source/src/platform/ec/build/zephyr/skitty/modules/ec/common/usbc/svdm_rsp_dfp_only.c.obj
[/mnt/host/source/src/platform/ec/build/zephyr/gothrax-lcov]   /mnt/host/source/src/platform/ec/build/zephyr/gothrax/build-ro/CMakeFiles/app.dir/mnt/host/source/src/platform/ec/build/zephyr/gothrax/modules/ec/common/usb_pd_pdo.c.gcno:no functions found
[/mnt/host/source/src/platform/ec/build/zephyr/gothrax-lcov] stderr:
[ocelotrvp-npcx:rw] [65/408] Building C object CMakeFiles/app.dir/mnt/host/source/src/platform/ec/build/zephyr/ocelotrvp-npcx/modules/ec/common/util.c.obj
[skitty:ro] [309/367] Building C object CMakeFiles/app.dir/mnt/host/source/src/platform/ec/build/zephyr/skitty/modules/ec/common/usbc_ocp.c.obj
[ocelotrvp-npcx:rw] [66/408] Building C object CMakeFiles/app.dir/mnt/host/source/src/platform/ec/build/zephyr/ocelotrvp-npcx/modules/ec/common/version.c.obj
[ocelotrvp-npcx:rw] [67/408] Building C object CMakeFiles/app.dir/mnt/host/source/src/platform/ec/build/zephyr/ocelotrvp-npcx/modules/ec/common/power_button_x86.c.obj
[skitty:ro] [310/367] Building C object CMakeFiles/app.dir/mnt/host/source/src/platform/ec/build/zephyr/skitty/modules/ec/common/usb_pd_discovery.c.obj
[skitty:ro] [311/367] Building C object CMakeFiles/app.dir/mnt/host/source/src/platform/ec/build/zephyr/skitty/modules/ec/common/usb_pd_dual_role.c.obj
[skitty:ro] [312/367] Building C object CMakeFiles/app.dir/mnt/host/source/src/platform/ec/build/zephyr/skitty/modules/ec/common/usbc/dp_hpd_gpio.c.obj
[/mnt/host/source/src/platform/ec/build/zephyr/screebo-lcov]   /mnt/host/source/src/platform/ec/build/zephyr/screebo/build-ro/CMakeFiles/app.dir/mnt/host/source/src/platform/ec/build/zephyr/screebo/modules/ec/common/usb_pd_pdo.c.gcno:no functions found
[/mnt/host/source/src/platform/ec/build/zephyr/screebo-lcov] stderr:
[ocelotrvp-npcx:ro] [76/408] Building C object CMakeFiles/app.dir/mnt/host/source/src/platform/ec/build/zephyr/ocelotrvp-npcx/modules/ec/common/cbi_common.c.obj
[ocelotrvp-npcx:ro] [77/408] Building C object CMakeFiles/app.dir/mnt/host/source/src/platform/ec/build/zephyr/ocelotrvp-npcx/modules/ec/common/charge_state.c.obj
[ocelotrvp-npcx:ro] [78/408] Building C object CMakeFiles/app.dir/mnt/host/source/src/platform/ec/build/zephyr/ocelotrvp-npcx/modules/ec/common/charge_manager.c.obj
[skitty:ro] [313/367] Building C object CMakeFiles/app.dir/mnt/host/source/src/platform/ec/build/zephyr/skitty/modules/ec/driver/tcpm/ite_pd_intc.c.obj
[ocelotrvp-npcx:ro] [79/408] Building C object CMakeFiles/app.dir/mnt/host/source/src/platform/ec/build/zephyr/ocelotrvp-npcx/modules/ec/common/cbi.c.obj
[skitty:ro] [314/367] Building C object CMakeFiles/app.dir/mnt/host/source/src/platform/ec/build/zephyr/skitty/modules/ec/driver/tcpm/tcpci.c.obj
[skitty:ro] [315/367] Building C object CMakeFiles/app.dir/mnt/host/source/src/platform/ec/build/zephyr/skitty/modules/ec/common/vboot_hash.c.obj
[skitty:ro] [316/367] Building C object CMakeFiles/app.dir/mnt/host/source/src/platform/ec/build/zephyr/skitty/modules/ec/driver/ppc/syv682x.c.obj
[skitty:ro] [317/367] Building C object CMakeFiles/app.dir/mnt/host/source/src/platform/ec/build/zephyr/skitty/modules/ec/common/usbc_ppc.c.obj
[skitty:ro] [318/367] Building C object CMakeFiles/app.dir/mnt/host/source/src/platform/ec/build/zephyr/skitty/modules/ec/driver/tcpm/it8xxx2.c.obj
[ocelotrvp-npcx:rw] [68/408] Building C object CMakeFiles/app.dir/mnt/host/source/src/platform/ec/build/zephyr/ocelotrvp-npcx/modules/ec/common/acpi.c.obj
[ocelotrvp-npcx:rw] [69/408] Building C object CMakeFiles/app.dir/mnt/host/source/src/platform/ec/build/zephyr/ocelotrvp-npcx/modules/ec/common/adc.c.obj
[skitty:ro] [319/367] Building C object CMakeFiles/app.dir/mnt/host/source/src/platform/ec/build/zephyr/skitty/modules/ec/common/vboot/efs2.c.obj
[ocelotrvp-npcx:rw] [70/408] Building C object CMakeFiles/app.dir/mnt/host/source/src/platform/ec/build/zephyr/ocelotrvp-npcx/modules/ec/common/battery.c.obj
[ocelotrvp-npcx:ro] [80/408] Building C object CMakeFiles/app.dir/mnt/host/source/src/platform/ec/build/zephyr/ocelotrvp-npcx/modules/ec/common/cbi_config.c.obj
[ocelotrvp-npcx:ro] [81/408] Building C object CMakeFiles/app.dir/mnt/host/source/src/platform/ec/build/zephyr/ocelotrvp-npcx/modules/ec/common/memory_commands.c.obj
[skitty:ro] [320/367] Building C object CMakeFiles/app.dir/mnt/host/source/src/platform/ec/build/zephyr/skitty/modules/ec/common/vstore.c.obj
[ocelotrvp-npcx:ro] [82/408] Building C object CMakeFiles/app.dir/mnt/host/source/src/platform/ec/build/zephyr/ocelotrvp-npcx/modules/ec/common/dptf.c.obj
[ocelotrvp-npcx:ro] [83/408] Building C object CMakeFiles/app.dir/mnt/host/source/src/platform/ec/build/zephyr/ocelotrvp-npcx/modules/ec/common/ap_reset_log.c.obj
[skitty:ro] [321/367] Building C object CMakeFiles/app.dir/mnt/host/source/src/platform/ec/build/zephyr/skitty/modules/ec/common/math_util.c.obj
[skitty:ro] [322/367] Building C object CMakeFiles/app.dir/src/hibernate.c.obj
[skitty:ro] [323/367] Building C object CMakeFiles/app.dir/src/board.c.obj
[skitty:ro] [324/367] Building C object CMakeFiles/app.dir/src/usbc.c.obj
[skitty:ro] [325/367] Building C object CMakeFiles/app.dir/src/ite_hooks.c.obj
[skitty:ro] [326/367] Building C object CMakeFiles/app.dir/src/usb_pd_policy.c.obj
[ocelotrvp-npcx:rw] [71/408] Building C object CMakeFiles/app.dir/mnt/host/source/src/platform/ec/build/zephyr/ocelotrvp-npcx/modules/ec/common/battery_fuel_gauge.c.obj
[ocelotrvp-npcx:ro] [84/408] Building C object CMakeFiles/app.dir/mnt/host/source/src/platform/ec/build/zephyr/ocelotrvp-npcx/modules/ec/common/espi.c.obj
[skitty:ro] [327/367] Building C object CMakeFiles/app.dir/src/ite_i2c.c.obj
[ocelotrvp-npcx:rw] [72/408] Building C object CMakeFiles/app.dir/mnt/host/source/src/platform/ec/build/zephyr/ocelotrvp-npcx/modules/ec/common/battery_info.c.obj
[ocelotrvp-npcx:ro] [85/408] Building C object CMakeFiles/app.dir/mnt/host/source/src/platform/ec/build/zephyr/ocelotrvp-npcx/modules/ec/common/extpower_common.c.obj
[ocelotrvp-npcx:ro] [86/408] Building C object CMakeFiles/app.dir/mnt/host/source/src/platform/ec/build/zephyr/ocelotrvp-npcx/modules/ec/common/extpower_gpio.c.obj
[ocelotrvp-npcx:rw] [73/408] Building C object CMakeFiles/app.dir/mnt/host/source/src/platform/ec/build/zephyr/ocelotrvp-npcx/modules/ec/driver/battery/smart.c.obj
[ocelotrvp-npcx:ro] [87/408] Building C object CMakeFiles/app.dir/mnt/host/source/src/platform/ec/build/zephyr/ocelotrvp-npcx/modules/ec/common/fan.c.obj
[skitty:ro] [328/367] Building C object CMakeFiles/app.dir/src/ite_usb_pd_policy.c.obj
[skitty:ro] [329/367] Linking C static library modules/ec/zephyr/libec_shim.a
[skitty:ro] [330/367] Building C object CMakeFiles/app.dir/skitty/src/temp.c.obj
[skitty:ro] [331/367] Building C object CMakeFiles/app.dir/src/ite_usbc.c.obj
[skitty:ro] [332/367] Building C object CMakeFiles/app.dir/skitty/src/led.c.obj
[skitty:ro] [333/367] Building C object CMakeFiles/app.dir/skitty/src/board_chipset.c.obj
[skitty:ro] [334/367] Building C object CMakeFiles/app.dir/skitty/src/ppc.c.obj
[ocelotrvp-npcx:rw] [74/408] Building C object CMakeFiles/app.dir/mnt/host/source/src/platform/ec/build/zephyr/ocelotrvp-npcx/modules/ec/driver/charger/isl9241.c.obj
[skitty:ro] [335/367] Linking C static library app/libapp.a
[ocelotrvp-npcx:ro] [88/408] Building C object CMakeFiles/app.dir/mnt/host/source/src/platform/ec/build/zephyr/ocelotrvp-npcx/modules/ec/common/flash.c.obj
[skitty:ro] [336/367] Building C object zephyr/kernel/CMakeFiles/kernel.dir/banner.c.obj
[ocelotrvp-npcx:rw] [75/408] Building C object CMakeFiles/app.dir/mnt/host/source/src/platform/ec/build/zephyr/ocelotrvp-npcx/modules/ec/common/charger.c.obj
[ocelotrvp-npcx:ro] [89/408] Building C object CMakeFiles/app.dir/mnt/host/source/src/platform/ec/build/zephyr/ocelotrvp-npcx/modules/ec/common/host_command.c.obj
[ocelotrvp-npcx:ro] [90/408] Building C object CMakeFiles/app.dir/mnt/host/source/src/platform/ec/build/zephyr/ocelotrvp-npcx/modules/ec/common/host_command_task.c.obj
[skitty:ro] [337/367] Building C object zephyr/kernel/CMakeFiles/kernel.dir/device.c.obj
[skitty:ro] [338/367] Building C object zephyr/kernel/CMakeFiles/kernel.dir/busy_wait.c.obj
[skitty:ro] [339/367] Building C object zephyr/kernel/CMakeFiles/kernel.dir/errno.c.obj
[ocelotrvp-npcx:ro] [91/408] Building C object CMakeFiles/app.dir/mnt/host/source/src/platform/ec/build/zephyr/ocelotrvp-npcx/modules/ec/common/host_event_commands.c.obj
[skitty:ro] [340/367] Building C object zephyr/kernel/CMakeFiles/kernel.dir/version.c.obj
[skitty:ro] [341/367] Building C object zephyr/kernel/CMakeFiles/kernel.dir/fatal.c.obj
[ocelotrvp-npcx:rw] [76/408] Building C object CMakeFiles/app.dir/mnt/host/source/src/platform/ec/build/zephyr/ocelotrvp-npcx/modules/ec/common/charge_state.c.obj
[skitty:ro] [342/367] Building C object zephyr/kernel/CMakeFiles/kernel.dir/init.c.obj
[skitty:ro] [343/367] Building C object zephyr/kernel/CMakeFiles/kernel.dir/mem_slab.c.obj
[skitty:ro] [344/367] Building C object zephyr/kernel/CMakeFiles/kernel.dir/float.c.obj
[skitty:ro] [345/367] Building C object zephyr/kernel/CMakeFiles/kernel.dir/kheap.c.obj
[skitty:ro] [346/367] Building C object zephyr/kernel/CMakeFiles/kernel.dir/mailbox.c.obj
[ocelotrvp-npcx:ro] [92/408] Building C object CMakeFiles/app.dir/mnt/host/source/src/platform/ec/build/zephyr/ocelotrvp-npcx/modules/ec/common/uart_hostcmd.c.obj
[skitty:ro] [347/367] Building C object zephyr/kernel/CMakeFiles/kernel.dir/idle.c.obj
[ocelotrvp-npcx:rw] [77/408] Building C object CMakeFiles/app.dir/mnt/host/source/src/platform/ec/build/zephyr/ocelotrvp-npcx/modules/ec/common/cbi_common.c.obj
[ocelotrvp-npcx:ro] [93/408] Building C object CMakeFiles/app.dir/mnt/host/source/src/platform/ec/build/zephyr/ocelotrvp-npcx/modules/ec/common/uptime.c.obj
[ocelotrvp-npcx:rw] [78/408] Building C object CMakeFiles/app.dir/mnt/host/source/src/platform/ec/build/zephyr/ocelotrvp-npcx/modules/ec/common/charge_manager.c.obj
[ocelotrvp-npcx:ro] [94/408] Building C object CMakeFiles/app.dir/mnt/host/source/src/platform/ec/build/zephyr/ocelotrvp-npcx/modules/ec/common/i2c_controller.c.obj
[skitty:ro] [348/367] Building C object zephyr/kernel/CMakeFiles/kernel.dir/mutex.c.obj
[skitty:ro] [349/367] Building C object zephyr/kernel/CMakeFiles/kernel.dir/msg_q.c.obj
[/mnt/host/source/src/platform/ec/build/zephyr/felino4es-lcov]   /mnt/host/source/src/platform/ec/build/zephyr/felino4es/build-rw/CMakeFiles/app.dir/mnt/host/source/src/platform/ec/build/zephyr/felino4es/modules/ec/common/cbi_config.c.gcno:no functions found
[/mnt/host/source/src/platform/ec/build/zephyr/felino4es-lcov] stderr:
[ocelotrvp-npcx:ro] [95/408] Building C object CMakeFiles/app.dir/mnt/host/source/src/platform/ec/build/zephyr/ocelotrvp-npcx/modules/ec/common/i2c_passthru.c.obj
[skitty:ro] [350/367] Building C object zephyr/kernel/CMakeFiles/kernel.dir/queue.c.obj
[skitty:ro] [351/367] Building C object zephyr/kernel/CMakeFiles/kernel.dir/sem.c.obj
[ocelotrvp-npcx:rw] [79/408] Building C object CMakeFiles/app.dir/mnt/host/source/src/platform/ec/build/zephyr/ocelotrvp-npcx/modules/ec/common/cbi.c.obj
[skitty:ro] [352/367] Building C object zephyr/kernel/CMakeFiles/kernel.dir/system_work_q.c.obj
[skitty:ro] [353/367] Building C object zephyr/kernel/CMakeFiles/kernel.dir/stack.c.obj
[skitty:ro] [354/367] Building C object zephyr/kernel/CMakeFiles/kernel.dir/condvar.c.obj
[ocelotrvp-npcx:rw] [80/408] Building C object CMakeFiles/app.dir/mnt/host/source/src/platform/ec/build/zephyr/ocelotrvp-npcx/modules/ec/common/cbi_config.c.obj
[/mnt/host/source/src/platform/ec/build/zephyr/felino4es-lcov]   /mnt/host/source/src/platform/ec/build/zephyr/felino4es/build-rw/zephyr/arch/arch/riscv/core/CMakeFiles/arch__riscv__core.dir/cpu_idle.c.gcno:no functions found
[/mnt/host/source/src/platform/ec/build/zephyr/felino4es-lcov] stderr:
[skitty:ro] [355/367] Building C object zephyr/kernel/CMakeFiles/kernel.dir/work.c.obj
[ocelotrvp-npcx:ro] [96/408] Building C object CMakeFiles/app.dir/mnt/host/source/src/platform/ec/build/zephyr/ocelotrvp-npcx/modules/ec/common/keyboard_8042.c.obj
[ocelotrvp-npcx:ro] [97/408] Building C object CMakeFiles/app.dir/mnt/host/source/src/platform/ec/build/zephyr/ocelotrvp-npcx/modules/ec/common/keyboard_8042_sharedlib.c.obj
[skitty:ro] [356/367] Building C object zephyr/kernel/CMakeFiles/kernel.dir/thread.c.obj
[skitty:ro] [357/367] Building C object zephyr/kernel/CMakeFiles/kernel.dir/sched.c.obj
[skitty:ro] [358/367] Building C object zephyr/kernel/CMakeFiles/kernel.dir/pipe.c.obj
[ocelotrvp-npcx:rw] [81/408] Building C object CMakeFiles/app.dir/mnt/host/source/src/platform/ec/build/zephyr/ocelotrvp-npcx/modules/ec/common/memory_commands.c.obj
[ocelotrvp-npcx:ro] [98/408] Building C object CMakeFiles/app.dir/mnt/host/source/src/platform/ec/build/zephyr/ocelotrvp-npcx/modules/ec/common/mkbp_fifo.c.obj
[ocelotrvp-npcx:ro] [99/408] Building C object CMakeFiles/app.dir/mnt/host/source/src/platform/ec/build/zephyr/ocelotrvp-npcx/modules/ec/common/mkbp_info.c.obj
[skitty:ro] [359/367] Building C object zephyr/kernel/CMakeFiles/kernel.dir/spinlock_validate.c.obj
[ocelotrvp-npcx:rw] [82/408] Building C object CMakeFiles/app.dir/mnt/host/source/src/platform/ec/build/zephyr/ocelotrvp-npcx/modules/ec/common/dptf.c.obj
[skitty:ro] [360/367] Building C object zephyr/kernel/CMakeFiles/kernel.dir/thread_monitor.c.obj
[skitty:ro] [361/367] Building C object zephyr/kernel/CMakeFiles/kernel.dir/timeout.c.obj
[skitty:ro] [362/367] Building C object zephyr/kernel/CMakeFiles/kernel.dir/timer.c.obj
[skitty:ro] [363/367] Building C object zephyr/kernel/CMakeFiles/kernel.dir/mempool.c.obj
[skitty:ro] [364/367] Building C object zephyr/kernel/CMakeFiles/kernel.dir/poll.c.obj
[ocelotrvp-npcx:rw] [83/408] Building C object CMakeFiles/app.dir/mnt/host/source/src/platform/ec/build/zephyr/ocelotrvp-npcx/modules/ec/common/ap_reset_log.c.obj
[ocicat-ish:singleimage] Building: /usr/bin/ninja -C /mnt/host/source/src/platform/ec/build/zephyr/ocicat-ish/build-singleimage all.libraries
Running `env -i SHELL=/bin/bash COLORTERM=truecolor DEPOT_TOOLS_UPDATE=0 LESS='-R -M --shift 5' SUDO_GID=0 JDK_HOME=/etc/java-config-2/current-system-vm CONFIG_PROTECT_MASK='/etc/gentoo-release /etc/sandbox.d /etc/fonts/fonts.conf /etc/terminfo /etc/ca-certificates.conf /etc/revdep-rebuild' CHROMEOS_CACHEDIR=/var/cache/chromeos-cache JAVA_HOME=/etc/java-config-2/current-system-vm SSH_AUTH_SOCK=/tmp/ssh-auth-sock SUDO_COMMAND=/bin/bash SUDO_USER=root SUDO_TTY=/dev/pts/2 EDITOR=/usr/bin/vi PWD=/mnt/host/source/src/platform/ec CONFIG_PROTECT=/usr/share/gnupg/qualified.txt LOGNAME=jpmurphy MANPATH=/etc/java-config-2/current-system-vm/man:/usr/local/share/man:/usr/share/man:/usr/share/gcc-data/x86_64-pc-linux-gnu/10.2.0/man:/usr/share/binutils-data/x86_64-pc-linux-gnu/2.45/man:/etc/java-config-2/current-system-vm/man/ SUDO_HOME=/root XAUTHORITY=/run/user/944457/gdm/Xauthority HOME=/home/jpmurphy LANG=C.UTF-8 LS_COLORS='rs=0:di=01;34:ln=01;36:mh=00:pi=40;33:so=01;35:do=01;35:bd=40;33;01:cd=40;33;01:or=01;05;37;41:mi=01;05;37;41:su=37;41:sg=30;43:ca=30;41:tw=30;42:ow=34;42:st=37;44:ex=01;32:*.tar=01;31:*.tgz=01;31:*.arc=01;31:*.arj=01;31:*.taz=01;31:*.lha=01;31:*.lz4=01;31:*.lzh=01;31:*.lzma=01;31:*.tlz=01;31:*.txz=01;31:*.tzo=01;31:*.t7z=01;31:*.zip=01;31:*.z=01;31:*.dz=01;31:*.gz=01;31:*.lrz=01;31:*.lz=01;31:*.lzo=01;31:*.xz=01;31:*.zst=01;31:*.tzst=01;31:*.bz2=01;31:*.bz=01;31:*.tbz=01;31:*.tbz2=01;31:*.tz=01;31:*.deb=01;31:*.rpm=01;31:*.jar=01;31:*.war=01;31:*.ear=01;31:*.sar=01;31:*.rar=01;31:*.alz=01;31:*.ace=01;31:*.zoo=01;31:*.cpio=01;31:*.7z=01;31:*.rz=01;31:*.cab=01;31:*.wim=01;31:*.swm=01;31:*.dwm=01;31:*.esd=01;31:*.jpg=01;35:*.jpeg=01;35:*.mjpg=01;35:*.mjpeg=01;35:*.gif=01;35:*.bmp=01;35:*.pbm=01;35:*.pgm=01;35:*.ppm=01;35:*.tga=01;35:*.xbm=01;35:*.xpm=01;35:*.tif=01;35:*.tiff=01;35:*.png=01;35:*.svg=01;35:*.svgz=01;35:*.mng=01;35:*.pcx=01;35:*.mov=01;35:*.mpg=01;35:*.mpeg=01;35:*.m2v=01;35:*.mkv=01;35:*.webm=01;35:*.webp=01;35:*.ogm=01;35:*.mp4=01;35:*.m4v=01;35:*.mp4v=01;35:*.vob=01;35:*.qt=01;35:*.nuv=01;35:*.wmv=01;35:*.asf=01;35:*.rm=01;35:*.rmvb=01;35:*.flc=01;35:*.avi=01;35:*.fli=01;35:*.flv=01;35:*.gl=01;35:*.dl=01;35:*.xcf=01;35:*.xwd=01;35:*.yuv=01;35:*.cgm=01;35:*.emf=01;35:*.ogv=01;35:*.ogx=01;35:*.cfg=00;32:*.conf=00;32:*.diff=00;32:*.doc=00;32:*.ini=00;32:*.log=00;32:*.patch=00;32:*.pdf=00;32:*.ps=00;32:*.tex=00;32:*.txt=00;32:*.aac=00;36:*.au=00;36:*.flac=00;36:*.m4a=00;36:*.mid=00;36:*.midi=00;36:*.mka=00;36:*.mp3=00;36:*.mpc=00;36:*.ogg=00;36:*.ra=00;36:*.wav=00;36:*.oga=00;36:*.opus=00;36:*.spx=00;36:*.xspf=00;36:' XDG_CURRENT_DESKTOP=GNOME INFOPATH=/usr/share/info:/usr/share/gcc-data/x86_64-pc-linux-gnu/10.2.0/info:/usr/share/binutils-data/x86_64-pc-linux-gnu/2.45/info:/usr/share/automake-1.16.5/info JAVAC=/etc/java-config-2/current-system-vm/bin/javac TERM=xterm-256color LESSOPEN='|lesspipe %s' USER=jpmurphy CROS_WORKON_SRCROOT=/mnt/host/source MANPAGER=manpager DISPLAY=:1 SHLVL=1 LC_MESSAGES=C EXTERNAL_TRUNK_PATH=/mnt/8f9d649a-3721-44cc-93c0-e6bd21a9689f/chromiumos GCC_SPECS='' PATH=/mnt/host/source/chromite/bin:/usr/local/bin:/usr/bin:/bin:/opt/bin:/mnt/host/source/chromite/sdk/bin:/mnt/host/source/chromite/bin PORTAGE_USERNAME=jpmurphy SUDO_UID=0 GCC_VER=10.2.0 MAIL=/var/mail/jpmurphy OLDPWD=/mnt/host/source/src/scripts traceparent=00-e87aca51550a78635907baa6a2476181-6d684811675d2973-01 _=./zephyr/firmware_builder.py COREBOOT_SDK_ROOT_x86=/home/jpmurphy/.cache/coreboot-sdk/i386-elf/dfbb0486385d938cfa9d73080b9d18d598ed4f49 COREBOOT_SDK_ROOT_picolibc_x86=/home/jpmurphy/.cache/coreboot-sdk/picolibc-i386-elf/eb8e8e687b95461de8cbf278f1c2076952d0ad17 COREBOOT_SDK_ROOT_riscv64=/home/jpmurphy/.cache/coreboot-sdk/riscv64-elf/96b949749225b6aaa92ed810ab769e8dfb12f000 COREBOOT_SDK_ROOT_picolibc_arm=/home/jpmurphy/.cache/coreboot-sdk/picolibc-arm-eabi/422a2aa3e1ef891b5bece9a3deb696ff83840d2e COREBOOT_SDK_ROOT_nds32=/home/jpmurphy/.cache/coreboot-sdk/nds32le-elf/d1a518c4a097666d86058e1444f85ca015d15511 COREBOOT_SDK_ROOT_picolibc_riscv64=/home/jpmurphy/.cache/coreboot-sdk/picolibc-riscv64-elf/f571e990ef0278564b31124f8bb109d9a697eb69 COREBOOT_SDK_ROOT_arm=/home/jpmurphy/.cache/coreboot-sdk/arm-eabi/ea40ddd1d190c3b48435c474c0b545719371813a COREBOOT_SDK_ROOT_libstdcxx_riscv64=/home/jpmurphy/.cache/coreboot-sdk/libstdcxx-riscv64-elf/17abf22a3a252e2d5d2062ced5324f7a623689e0 COREBOOT_SDK_ROOT_libstdcxx_arm=/home/jpmurphy/.cache/coreboot-sdk/libstdcxx-arm-eabi/5d7d82e150e44aa1968f1d366e267e6687b328ac COREBOOT_SDK_ROOT_riscv=/home/jpmurphy/.cache/coreboot-sdk/riscv-elf/9a27b9e82341c6e9126624f516ab3f261abb3e73 COREBOOT_SDK_ROOT_libstdcxx_x86=/home/jpmurphy/.cache/coreboot-sdk/libstdcxx-i386-elf/42ef9d2e87a76a37963175d7d428734e65648b87 PYTHONPATH=/mnt/host/source/src/platform/ec/zephyr/zmake PW_PIGWEED_CIPD_INSTALL_DIR=/usr CROSTC_USER_ACKNOWLEDGES_THAT_RISCV_IS_EXPERIMENTAL=1 MAKEFLAGS=' -j16 --jobserver-auth=5,6' /usr/bin/ninja -C /mnt/host/source/src/platform/ec/build/zephyr/ocicat-ish/build-singleimage all.libraries`
[skitty:ro] [365/367] Building C object zephyr/kernel/CMakeFiles/kernel.dir/events.c.obj
[ocicat-ish:singleimage] ninja: Entering directory `/mnt/host/source/src/platform/ec/build/zephyr/ocicat-ish/build-singleimage'
[lotso:ro] Building: /usr/bin/ninja -C /mnt/host/source/src/platform/ec/build/zephyr/lotso/build-ro all.libraries
Running `env -i SHELL=/bin/bash COLORTERM=truecolor DEPOT_TOOLS_UPDATE=0 LESS='-R -M --shift 5' SUDO_GID=0 JDK_HOME=/etc/java-config-2/current-system-vm CONFIG_PROTECT_MASK='/etc/gentoo-release /etc/sandbox.d /etc/fonts/fonts.conf /etc/terminfo /etc/ca-certificates.conf /etc/revdep-rebuild' CHROMEOS_CACHEDIR=/var/cache/chromeos-cache JAVA_HOME=/etc/java-config-2/current-system-vm SSH_AUTH_SOCK=/tmp/ssh-auth-sock SUDO_COMMAND=/bin/bash SUDO_USER=root SUDO_TTY=/dev/pts/2 EDITOR=/usr/bin/vi PWD=/mnt/host/source/src/platform/ec CONFIG_PROTECT=/usr/share/gnupg/qualified.txt LOGNAME=jpmurphy MANPATH=/etc/java-config-2/current-system-vm/man:/usr/local/share/man:/usr/share/man:/usr/share/gcc-data/x86_64-pc-linux-gnu/10.2.0/man:/usr/share/binutils-data/x86_64-pc-linux-gnu/2.45/man:/etc/java-config-2/current-system-vm/man/ SUDO_HOME=/root XAUTHORITY=/run/user/944457/gdm/Xauthority HOME=/home/jpmurphy LANG=C.UTF-8 LS_COLORS='rs=0:di=01;34:ln=01;36:mh=00:pi=40;33:so=01;35:do=01;35:bd=40;33;01:cd=40;33;01:or=01;05;37;41:mi=01;05;37;41:su=37;41:sg=30;43:ca=30;41:tw=30;42:ow=34;42:st=37;44:ex=01;32:*.tar=01;31:*.tgz=01;31:*.arc=01;31:*.arj=01;31:*.taz=01;31:*.lha=01;31:*.lz4=01;31:*.lzh=01;31:*.lzma=01;31:*.tlz=01;31:*.txz=01;31:*.tzo=01;31:*.t7z=01;31:*.zip=01;31:*.z=01;31:*.dz=01;31:*.gz=01;31:*.lrz=01;31:*.lz=01;31:*.lzo=01;31:*.xz=01;31:*.zst=01;31:*.tzst=01;31:*.bz2=01;31:*.bz=01;31:*.tbz=01;31:*.tbz2=01;31:*.tz=01;31:*.deb=01;31:*.rpm=01;31:*.jar=01;31:*.war=01;31:*.ear=01;31:*.sar=01;31:*.rar=01;31:*.alz=01;31:*.ace=01;31:*.zoo=01;31:*.cpio=01;31:*.7z=01;31:*.rz=01;31:*.cab=01;31:*.wim=01;31:*.swm=01;31:*.dwm=01;31:*.esd=01;31:*.jpg=01;35:*.jpeg=01;35:*.mjpg=01;35:*.mjpeg=01;35:*.gif=01;35:*.bmp=01;35:*.pbm=01;35:*.pgm=01;35:*.ppm=01;35:*.tga=01;35:*.xbm=01;35:*.xpm=01;35:*.tif=01;35:*.tiff=01;35:*.png=01;35:*.svg=01;35:*.svgz=01;35:*.mng=01;35:*.pcx=01;35:*.mov=01;35:*.mpg=01;35:*.mpeg=01;35:*.m2v=01;35:*.mkv=01;35:*.webm=01;35:*.webp=01;35:*.ogm=01;35:*.mp4=01;35:*.m4v=01;35:*.mp4v=01;35:*.vob=01;35:*.qt=01;35:*.nuv=01;35:*.wmv=01;35:*.asf=01;35:*.rm=01;35:*.rmvb=01;35:*.flc=01;35:*.avi=01;35:*.fli=01;35:*.flv=01;35:*.gl=01;35:*.dl=01;35:*.xcf=01;35:*.xwd=01;35:*.yuv=01;35:*.cgm=01;35:*.emf=01;35:*.ogv=01;35:*.ogx=01;35:*.cfg=00;32:*.conf=00;32:*.diff=00;32:*.doc=00;32:*.ini=00;32:*.log=00;32:*.patch=00;32:*.pdf=00;32:*.ps=00;32:*.tex=00;32:*.txt=00;32:*.aac=00;36:*.au=00;36:*.flac=00;36:*.m4a=00;36:*.mid=00;36:*.midi=00;36:*.mka=00;36:*.mp3=00;36:*.mpc=00;36:*.ogg=00;36:*.ra=00;36:*.wav=00;36:*.oga=00;36:*.opus=00;36:*.spx=00;36:*.xspf=00;36:' XDG_CURRENT_DESKTOP=GNOME INFOPATH=/usr/share/info:/usr/share/gcc-data/x86_64-pc-linux-gnu/10.2.0/info:/usr/share/binutils-data/x86_64-pc-linux-gnu/2.45/info:/usr/share/automake-1.16.5/info JAVAC=/etc/java-config-2/current-system-vm/bin/javac TERM=xterm-256color LESSOPEN='|lesspipe %s' USER=jpmurphy CROS_WORKON_SRCROOT=/mnt/host/source MANPAGER=manpager DISPLAY=:1 SHLVL=1 LC_MESSAGES=C EXTERNAL_TRUNK_PATH=/mnt/8f9d649a-3721-44cc-93c0-e6bd21a9689f/chromiumos GCC_SPECS='' PATH=/mnt/host/source/chromite/bin:/usr/local/bin:/usr/bin:/bin:/opt/bin:/mnt/host/source/chromite/sdk/bin:/mnt/host/source/chromite/bin PORTAGE_USERNAME=jpmurphy SUDO_UID=0 GCC_VER=10.2.0 MAIL=/var/mail/jpmurphy OLDPWD=/mnt/host/source/src/scripts traceparent=00-e87aca51550a78635907baa6a2476181-6d684811675d2973-01 _=./zephyr/firmware_builder.py COREBOOT_SDK_ROOT_x86=/home/jpmurphy/.cache/coreboot-sdk/i386-elf/dfbb0486385d938cfa9d73080b9d18d598ed4f49 COREBOOT_SDK_ROOT_picolibc_x86=/home/jpmurphy/.cache/coreboot-sdk/picolibc-i386-elf/eb8e8e687b95461de8cbf278f1c2076952d0ad17 COREBOOT_SDK_ROOT_riscv64=/home/jpmurphy/.cache/coreboot-sdk/riscv64-elf/96b949749225b6aaa92ed810ab769e8dfb12f000 COREBOOT_SDK_ROOT_picolibc_arm=/home/jpmurphy/.cache/coreboot-sdk/picolibc-arm-eabi/422a2aa3e1ef891b5bece9a3deb696ff83840d2e COREBOOT_SDK_ROOT_nds32=/home/jpmurphy/.cache/coreboot-sdk/nds32le-elf/d1a518c4a097666d86058e1444f85ca015d15511 COREBOOT_SDK_ROOT_picolibc_riscv64=/home/jpmurphy/.cache/coreboot-sdk/picolibc-riscv64-elf/f571e990ef0278564b31124f8bb109d9a697eb69 COREBOOT_SDK_ROOT_arm=/home/jpmurphy/.cache/coreboot-sdk/arm-eabi/ea40ddd1d190c3b48435c474c0b545719371813a COREBOOT_SDK_ROOT_libstdcxx_riscv64=/home/jpmurphy/.cache/coreboot-sdk/libstdcxx-riscv64-elf/17abf22a3a252e2d5d2062ced5324f7a623689e0 COREBOOT_SDK_ROOT_libstdcxx_arm=/home/jpmurphy/.cache/coreboot-sdk/libstdcxx-arm-eabi/5d7d82e150e44aa1968f1d366e267e6687b328ac COREBOOT_SDK_ROOT_riscv=/home/jpmurphy/.cache/coreboot-sdk/riscv-elf/9a27b9e82341c6e9126624f516ab3f261abb3e73 COREBOOT_SDK_ROOT_libstdcxx_x86=/home/jpmurphy/.cache/coreboot-sdk/libstdcxx-i386-elf/42ef9d2e87a76a37963175d7d428734e65648b87 PYTHONPATH=/mnt/host/source/src/platform/ec/zephyr/zmake PW_PIGWEED_CIPD_INSTALL_DIR=/usr CROSTC_USER_ACKNOWLEDGES_THAT_RISCV_IS_EXPERIMENTAL=1 MAKEFLAGS=' -j16 --jobserver-auth=5,6' /usr/bin/ninja -C /mnt/host/source/src/platform/ec/build/zephyr/lotso/build-ro all.libraries`
[skitty:ro] [366/367] Building C object zephyr/kernel/CMakeFiles/kernel.dir/dynamic_disabled.c.obj
[/mnt/host/source/src/platform/ec/build/zephyr/felino4es-lcov]   /mnt/host/source/src/platform/ec/build/zephyr/felino4es/build-rw/zephyr/arch/common/CMakeFiles/isr_tables.dir/isr_tables.c.gcno:no functions found
[/mnt/host/source/src/platform/ec/build/zephyr/felino4es-lcov] stderr:
[lotso:ro] ninja: Entering directory `/mnt/host/source/src/platform/ec/build/zephyr/lotso/build-ro'
[ocelotrvp-npcx:ro] [100/408] Building C object CMakeFiles/app.dir/mnt/host/source/src/platform/ec/build/zephyr/ocelotrvp-npcx/modules/ec/common/mkbp_input_devices.c.obj
[ocelotrvp-npcx:ro] [101/408] Building C object CMakeFiles/app.dir/mnt/host/source/src/platform/ec/build/zephyr/ocelotrvp-npcx/modules/ec/common/keyboard_backlight.c.obj
[ocelotrvp-npcx:rw] [84/408] Building C object CMakeFiles/app.dir/mnt/host/source/src/platform/ec/build/zephyr/ocelotrvp-npcx/modules/ec/common/espi.c.obj
[skitty:ro] [367/367] Linking C static library zephyr/kernel/libkernel.a
[ocelotrvp-npcx:ro] [102/408] Building C object CMakeFiles/app.dir/mnt/host/source/src/platform/ec/build/zephyr/ocelotrvp-npcx/modules/ec/common/led_common.c.obj
[ocelotrvp-npcx:ro] [103/408] Building C object CMakeFiles/app.dir/mnt/host/source/src/platform/ec/build/zephyr/ocelotrvp-npcx/modules/ec/common/lid_switch.c.obj
[ocelotrvp-npcx:rw] [85/408] Building C object CMakeFiles/app.dir/mnt/host/source/src/platform/ec/build/zephyr/ocelotrvp-npcx/modules/ec/common/extpower_common.c.obj
[lotso:ro] [1/387] Generating include/generated/zephyr/version.h
[ocelotrvp-npcx:rw] [86/408] Building C object CMakeFiles/app.dir/mnt/host/source/src/platform/ec/build/zephyr/ocelotrvp-npcx/modules/ec/common/extpower_gpio.c.obj
[lotso:ro] -- git describe warned: warning: tag 'upstream/v2.7.99' is externally known as 'v2.7.99'
[lotso:ro] -- Zephyr version: 4.3.99 (/mnt/host/source/src/third_party/zephyr/main)
[lotso:ro] [2/387] Preparing syscall dependency handling
[lotso:ro] [3/387] Generating misc/generated/syscalls_subdirs.trigger
[ocicat-ish:singleimage] [1/266] Generating include/generated/zephyr/version.h
[ocicat-ish:singleimage] -- git describe warned: warning: tag 'upstream/v2.7.99' is externally known as 'v2.7.99'
[ocicat-ish:singleimage] -- Zephyr version: 4.3.99 (/mnt/host/source/src/third_party/zephyr/main)
[ocicat-ish:singleimage] [2/266] Preparing syscall dependency handling
[ocelotrvp-npcx:rw] [87/408] Building C object CMakeFiles/app.dir/mnt/host/source/src/platform/ec/build/zephyr/ocelotrvp-npcx/modules/ec/common/host_command.c.obj
[ocelotrvp-npcx:rw] [88/408] Building C object CMakeFiles/app.dir/mnt/host/source/src/platform/ec/build/zephyr/ocelotrvp-npcx/modules/ec/common/fan.c.obj
[ocicat-ish:singleimage] [3/266] Generating misc/generated/syscalls_subdirs.trigger
[ocelotrvp-npcx:rw] [89/408] Building C object CMakeFiles/app.dir/mnt/host/source/src/platform/ec/build/zephyr/ocelotrvp-npcx/modules/ec/common/flash.c.obj
[ocelotrvp-npcx:ro] [104/408] Building C object CMakeFiles/app.dir/mnt/host/source/src/platform/ec/build/zephyr/ocelotrvp-npcx/modules/ec/common/mkbp_event.c.obj
[ocelotrvp-npcx:ro] [105/408] Building C object CMakeFiles/app.dir/mnt/host/source/src/platform/ec/build/zephyr/ocelotrvp-npcx/modules/ec/common/port80.c.obj
[ocelotrvp-npcx:rw] [90/408] Building C object CMakeFiles/app.dir/mnt/host/source/src/platform/ec/build/zephyr/ocelotrvp-npcx/modules/ec/common/host_event_commands.c.obj
[/mnt/host/source/src/platform/ec/build/zephyr/screebo-lcov]   /mnt/host/source/src/platform/ec/build/zephyr/screebo/build-ro/CMakeFiles/app.dir/mnt/host/source/src/platform/ec/build/zephyr/screebo/modules/ec/common/chargen.c.gcno:no functions found
[/mnt/host/source/src/platform/ec/build/zephyr/screebo-lcov] stderr:
[/mnt/host/source/src/platform/ec/build/zephyr/gothrax-lcov]   /mnt/host/source/src/platform/ec/build/zephyr/gothrax/build-ro/CMakeFiles/app.dir/mnt/host/source/src/platform/ec/build/zephyr/gothrax/modules/ec/common/chargen.c.gcno:no functions found
[/mnt/host/source/src/platform/ec/build/zephyr/gothrax-lcov] stderr:
[ocelotrvp-npcx:ro] [106/408] Building C object CMakeFiles/app.dir/mnt/host/source/src/platform/ec/build/zephyr/ocelotrvp-npcx/modules/ec/common/power_button.c.obj
[ocelotrvp-npcx:rw] [91/408] Building C object CMakeFiles/app.dir/mnt/host/source/src/platform/ec/build/zephyr/ocelotrvp-npcx/modules/ec/common/host_command_task.c.obj
[ocelotrvp-npcx:ro] [107/408] Building C object CMakeFiles/app.dir/mnt/host/source/src/platform/ec/build/zephyr/ocelotrvp-npcx/modules/ec/power/hibernate.c.obj
[ocelotrvp-npcx:rw] [92/408] Building C object CMakeFiles/app.dir/mnt/host/source/src/platform/ec/build/zephyr/ocelotrvp-npcx/modules/ec/common/uart_hostcmd.c.obj
[lotso:ro] [4/387] Generating misc/generated/syscalls.json, misc/generated/struct_tags.json
[ocelotrvp-npcx:rw] [93/408] Building C object CMakeFiles/app.dir/mnt/host/source/src/platform/ec/build/zephyr/ocelotrvp-npcx/modules/ec/common/uptime.c.obj
[lotso:ro] [5/387] Generating include/generated/zephyr/syscall_dispatch.c, include/generated/zephyr/syscall_exports_llext.c, syscall_weakdefs_llext.c, include/generated/zephyr/syscall_list.h
[ocicat-ish:singleimage] [4/266] Generating misc/generated/syscalls.json, misc/generated/struct_tags.json
[lotso:ro] [6/387] Generating include/generated/zephyr/driver-validation.h
[ocicat-ish:singleimage] [5/266] Generating include/generated/zephyr/syscall_dispatch.c, include/generated/zephyr/syscall_exports_llext.c, syscall_weakdefs_llext.c, include/generated/zephyr/syscall_list.h
[ocelotrvp-npcx:rw] [94/408] Building C object CMakeFiles/app.dir/mnt/host/source/src/platform/ec/build/zephyr/ocelotrvp-npcx/modules/ec/common/i2c_passthru.c.obj
[ocelotrvp-npcx:rw] [95/408] Building C object CMakeFiles/app.dir/mnt/host/source/src/platform/ec/build/zephyr/ocelotrvp-npcx/modules/ec/common/i2c_controller.c.obj
[ocelotrvp-npcx:rw] [96/408] Building C object CMakeFiles/app.dir/mnt/host/source/src/platform/ec/build/zephyr/ocelotrvp-npcx/modules/ec/common/keyboard_8042.c.obj
[lotso:ro] [7/387] Generating include/generated/zephyr/kobj-types-enum.h, include/generated/zephyr/otype-to-str.h, include/generated/zephyr/otype-to-size.h
[ocicat-ish:singleimage] [6/266] Generating include/generated/zephyr/driver-validation.h
[ocelotrvp-npcx:ro] [108/408] Building C object CMakeFiles/app.dir/mnt/host/source/src/platform/ec/build/zephyr/ocelotrvp-npcx/modules/ec/common/panic_output.c.obj
[lotso:ro] [8/387] Generating include/generated/device-api-sections.ld, include/generated/device-api-sections.cmake
[ocelotrvp-npcx:ro] [109/408] Building C object CMakeFiles/app.dir/mnt/host/source/src/platform/ec/build/zephyr/ocelotrvp-npcx/modules/ec/common/shared_mem.c.obj
[ocelotrvp-npcx:rw] [97/408] Building C object CMakeFiles/app.dir/mnt/host/source/src/platform/ec/build/zephyr/ocelotrvp-npcx/modules/ec/common/keyboard_8042_sharedlib.c.obj
[ocelotrvp-npcx:ro] [110/408] Building C object CMakeFiles/app.dir/mnt/host/source/src/platform/ec/build/zephyr/ocelotrvp-npcx/modules/ec/common/spi_flash_reg.c.obj
[ocicat-ish:singleimage] [7/266] Generating include/generated/zephyr/kobj-types-enum.h, include/generated/zephyr/otype-to-str.h, include/generated/zephyr/otype-to-size.h
[ocelotrvp-npcx:rw] [98/408] Building C object CMakeFiles/app.dir/mnt/host/source/src/platform/ec/build/zephyr/ocelotrvp-npcx/modules/ec/common/mkbp_fifo.c.obj
[ocicat-ish:singleimage] [8/266] Generating include/generated/device-api-sections.ld, include/generated/device-api-sections.cmake
[ocelotrvp-npcx:ro] [111/408] Building C object CMakeFiles/app.dir/mnt/host/source/src/platform/ec/build/zephyr/ocelotrvp-npcx/modules/ec/common/switch.c.obj
[ocelotrvp-npcx:rw] [99/408] Building C object CMakeFiles/app.dir/mnt/host/source/src/platform/ec/build/zephyr/ocelotrvp-npcx/modules/ec/common/mkbp_info.c.obj
[ocicat-ish:singleimage] [9/266] cd /mnt/host/source/src/platform/ec/build/zephyr/ocicat-ish/build-singleimage/modules/ec/zephyr && PYTHONPATH=/mnt/host/source/src/platform/ec/build/zephyr/ocicat-ish/modules/ec/zephyr/zmake/ /usr/bin/python3.11 /mnt/host/source/src/platform/ec/build/zephyr/ocicat-ish/modules/ec/zephyr/zmake/zephyr_build_tools/generate_ec_version.py /mnt/host/source/src/platform/ec/build/zephyr/ocicat-ish/build-singleimage/modules/ec/zephyr/include/ec_version.h --name Zephyr-Kernel --version 16543.0.0 --static
[ocicat-ish:singleimage] INFO:root:Using a static version string
[ocicat-ish:singleimage] INFO:root:Version string: Zephyr-Kernel-16543.0.0
[ocicat-ish:singleimage] INFO:root:Writing header to /mnt/host/source/src/platform/ec/build/zephyr/ocicat-ish/build-singleimage/modules/ec/zephyr/include/ec_version.h
[ocicat-ish:singleimage] [10/266] Building CXX object modules/pigweed/pw_build/CMakeFiles/pw_build.empty.dir/empty_file.cc.obj
[ocicat-ish:singleimage] [11/266] Generating pw_third_party.nanopb.proto/sources/nanopb.proto
[ocicat-ish:singleimage] [12/266] Generating dsp_comms.proto/sources/proto/ec_dsp.proto, dsp_comms.proto/sources/proto/ec_dsp.options
[ocelotrvp-npcx:rw] [100/408] Building C object CMakeFiles/app.dir/mnt/host/source/src/platform/ec/build/zephyr/ocelotrvp-npcx/modules/ec/common/mkbp_input_devices.c.obj
[ocicat-ish:singleimage] [13/266] Generating pw_transport.proto/sources/pw_transport/proto/transport.proto, pw_transport.proto/sources/pw_transport/proto/transport.options
[lotso:ro] [9/387] Building C object zephyr/CMakeFiles/offsets.dir/arch/riscv/core/offsets/offsets.c.obj
[ocelotrvp-npcx:rw] [101/408] Building C object CMakeFiles/app.dir/mnt/host/source/src/platform/ec/build/zephyr/ocelotrvp-npcx/modules/ec/common/keyboard_backlight.c.obj
[ocelotrvp-npcx:rw] [102/408] Building C object CMakeFiles/app.dir/mnt/host/source/src/platform/ec/build/zephyr/ocelotrvp-npcx/modules/ec/common/led_common.c.obj
[lotso:ro] [10/387] Generating include/generated/zephyr/offsets.h
[ocelotrvp-npcx:ro] [112/408] Building C object CMakeFiles/app.dir/mnt/host/source/src/platform/ec/build/zephyr/ocelotrvp-npcx/modules/ec/common/tablet_mode.c.obj
[ocelotrvp-npcx:rw] [103/408] Building C object CMakeFiles/app.dir/mnt/host/source/src/platform/ec/build/zephyr/ocelotrvp-npcx/modules/ec/common/lid_switch.c.obj
[ocelotrvp-npcx:ro] [113/408] Building C object CMakeFiles/app.dir/mnt/host/source/src/platform/ec/build/zephyr/ocelotrvp-npcx/modules/ec/common/thermal.c.obj
[ocicat-ish:singleimage] [14/266] Generating /mnt/host/source/src/platform/ec/build/zephyr/ocicat-ish/modules/nanopb/generator/proto/nanopb_pb2.py
[ocelotrvp-npcx:rw] [104/408] Building C object CMakeFiles/app.dir/mnt/host/source/src/platform/ec/build/zephyr/ocelotrvp-npcx/modules/ec/common/mkbp_event.c.obj
[ocelotrvp-npcx:ro] [114/408] Building C object CMakeFiles/app.dir/mnt/host/source/src/platform/ec/build/zephyr/ocelotrvp-npcx/modules/ec/common/temp_sensor.c.obj
[ocelotrvp-npcx:rw] [105/408] Building C object CMakeFiles/app.dir/mnt/host/source/src/platform/ec/build/zephyr/ocelotrvp-npcx/modules/ec/common/port80.c.obj
[ocelotrvp-npcx:rw] [106/408] Building C object CMakeFiles/app.dir/mnt/host/source/src/platform/ec/build/zephyr/ocelotrvp-npcx/modules/ec/common/power_button.c.obj
[ocelotrvp-npcx:ro] [115/408] Building C object CMakeFiles/app.dir/mnt/host/source/src/platform/ec/build/zephyr/ocelotrvp-npcx/modules/ec/driver/temp_sensor/thermistor.c.obj
[lotso:ro] [11/387] Building C object zephyr/CMakeFiles/zephyr.dir/lib/libc/validate_libc.c.obj
[ocelotrvp-npcx:rw] [107/408] Building C object CMakeFiles/app.dir/mnt/host/source/src/platform/ec/build/zephyr/ocelotrvp-npcx/modules/ec/power/hibernate.c.obj
[ocelotrvp-npcx:rw] [108/408] Building C object CMakeFiles/app.dir/mnt/host/source/src/platform/ec/build/zephyr/ocelotrvp-npcx/modules/ec/common/panic_output.c.obj
[ocicat-ish:singleimage] [15/266] Generating dsp_comms.proto/nanopb/proto/ec_dsp.pb.h, dsp_comms.proto/nanopb/proto/ec_dsp.pb.c
[ocelotrvp-npcx:rw] [109/408] Building C object CMakeFiles/app.dir/mnt/host/source/src/platform/ec/build/zephyr/ocelotrvp-npcx/modules/ec/common/shared_mem.c.obj
[ocelotrvp-npcx:rw] [110/408] Building C object CMakeFiles/app.dir/mnt/host/source/src/platform/ec/build/zephyr/ocelotrvp-npcx/modules/ec/common/switch.c.obj
[ocelotrvp-npcx:ro] [116/408] Building C object CMakeFiles/app.dir/mnt/host/source/src/platform/ec/build/zephyr/ocelotrvp-npcx/modules/ec/common/timer.c.obj
[ocelotrvp-npcx:ro] [117/408] Building C object CMakeFiles/app.dir/mnt/host/source/src/platform/ec/build/zephyr/ocelotrvp-npcx/modules/ec/common/usb_port_power_dumb.c.obj
[ocelotrvp-npcx:rw] [111/408] Building C object CMakeFiles/app.dir/mnt/host/source/src/platform/ec/build/zephyr/ocelotrvp-npcx/modules/ec/common/spi_flash_reg.c.obj
[ocelotrvp-npcx:ro] [118/408] Building C object CMakeFiles/app.dir/mnt/host/source/src/platform/ec/build/zephyr/ocelotrvp-npcx/modules/ec/common/usbc_utils.c.obj
[/mnt/host/source/src/platform/ec/build/zephyr/felino4es-lcov]   /mnt/host/source/src/platform/ec/build/zephyr/felino4es/build-rw/zephyr/CMakeFiles/zephyr.dir/subsys/shell/modules/kernel_service/kernel_shell.c.gcno:no functions found
[/mnt/host/source/src/platform/ec/build/zephyr/felino4es-lcov] stderr:
[ocelotrvp-npcx:rw] [112/408] Building C object CMakeFiles/app.dir/mnt/host/source/src/platform/ec/build/zephyr/ocelotrvp-npcx/modules/ec/common/tablet_mode.c.obj
[ocelotrvp-npcx:rw] [113/408] Building C object CMakeFiles/app.dir/mnt/host/source/src/platform/ec/build/zephyr/ocelotrvp-npcx/modules/ec/common/thermal.c.obj
[/mnt/host/source/src/platform/ec/build/zephyr/felino4es-lcov]   /mnt/host/source/src/platform/ec/build/zephyr/felino4es/build-rw/zephyr/CMakeFiles/zephyr.dir/lib/libc/validate_libc.c.gcno:no functions found
[/mnt/host/source/src/platform/ec/build/zephyr/felino4es-lcov] stderr:
[lotso:ro] [12/387] Building C object zephyr/CMakeFiles/zephyr.dir/lib/heap/heap.c.obj
[ocelotrvp-npcx:ro] [119/408] Building C object CMakeFiles/app.dir/mnt/host/source/src/platform/ec/build/zephyr/ocelotrvp-npcx/modules/ec/common/usb_common.c.obj
[ocicat-ish:singleimage] [16/266] Generating pw_transport.proto/nanopb/pw_transport/proto/transport.pb.h, pw_transport.proto/nanopb/pw_transport/proto/transport.pb.c
[ocelotrvp-npcx:rw] [114/408] Building C object CMakeFiles/app.dir/mnt/host/source/src/platform/ec/build/zephyr/ocelotrvp-npcx/modules/ec/common/temp_sensor.c.obj
[ocelotrvp-npcx:rw] [115/408] Building C object CMakeFiles/app.dir/mnt/host/source/src/platform/ec/build/zephyr/ocelotrvp-npcx/modules/ec/driver/temp_sensor/thermistor.c.obj
[ocelotrvp-npcx:rw] [116/408] Building C object CMakeFiles/app.dir/mnt/host/source/src/platform/ec/build/zephyr/ocelotrvp-npcx/modules/ec/common/timer.c.obj
[ocelotrvp-npcx:ro] [120/408] Building C object CMakeFiles/app.dir/mnt/host/source/src/platform/ec/build/zephyr/ocelotrvp-npcx/modules/ec/common/usb_pd_host_cmd_common.c.obj
[ocicat-ish:singleimage] [17/266] Building C object zephyr/CMakeFiles/offsets.dir/arch/x86/core/offsets/offsets.c.obj
[ocelotrvp-npcx:ro] [121/408] Building C object CMakeFiles/app.dir/mnt/host/source/src/platform/ec/build/zephyr/ocelotrvp-npcx/modules/ec/common/vboot_hash.c.obj
[ocelotrvp-npcx:rw] [117/408] Building C object CMakeFiles/app.dir/mnt/host/source/src/platform/ec/build/zephyr/ocelotrvp-npcx/modules/ec/common/usbc_utils.c.obj
[ocelotrvp-npcx:rw] [118/408] Building C object CMakeFiles/app.dir/mnt/host/source/src/platform/ec/build/zephyr/ocelotrvp-npcx/modules/ec/common/usb_port_power_dumb.c.obj
[ocicat-ish:singleimage] [18/266] Building C object zephyr/drivers/syscon/CMakeFiles/drivers__syscon.dir/mnt/host/source/src/third_party/zephyr/main/misc/empty_file.c.obj
[ocelotrvp-npcx:ro] [122/408] Building C object CMakeFiles/app.dir/mnt/host/source/src/platform/ec/build/zephyr/ocelotrvp-npcx/modules/ec/common/button.c.obj
[ocelotrvp-npcx:rw] [119/408] Building C object CMakeFiles/app.dir/mnt/host/source/src/platform/ec/build/zephyr/ocelotrvp-npcx/modules/ec/common/usb_pd_host_cmd_common.c.obj
[lotso:ro] [13/387] Building C object zephyr/CMakeFiles/zephyr.dir/lib/os/cbprintf_packaged.c.obj
[ocelotrvp-npcx:rw] [120/408] Building C object CMakeFiles/app.dir/mnt/host/source/src/platform/ec/build/zephyr/ocelotrvp-npcx/modules/ec/common/usb_common.c.obj
[ocicat-ish:singleimage] [19/266] Building C object modules/ec/zephyr/drivers/dsp_comms/CMakeFiles/dsp_comms.proto.nanopb.dir/dsp_comms.proto/nanopb/proto/ec_dsp.pb.c.obj
[ocelotrvp-npcx:ro] [123/408] Building C object CMakeFiles/app.dir/mnt/host/source/src/platform/ec/build/zephyr/ocelotrvp-npcx/modules/ec/common/vstore.c.obj
[/mnt/host/source/src/platform/ec/build/zephyr/felino4es-lcov]   /mnt/host/source/src/platform/ec/build/zephyr/felino4es/build-rw/zephyr/CMakeFiles/zephyr.dir/lib/utils/last_section_id.c.gcno:no functions found
[/mnt/host/source/src/platform/ec/build/zephyr/felino4es-lcov] stderr:
[ocelotrvp-npcx:rw] [121/408] Building C object CMakeFiles/app.dir/mnt/host/source/src/platform/ec/build/zephyr/ocelotrvp-npcx/modules/ec/common/vboot_hash.c.obj
[ocicat-ish:singleimage] [20/266] Building C object modules/ec/zephyr/drivers/pw_transport/CMakeFiles/pw_transport.proto.nanopb.dir/pw_transport.proto/nanopb/pw_transport/proto/transport.pb.c.obj
[ocelotrvp-npcx:rw] [122/408] Building C object CMakeFiles/app.dir/mnt/host/source/src/platform/ec/build/zephyr/ocelotrvp-npcx/modules/ec/common/button.c.obj
[ocelotrvp-npcx:rw] [123/408] Building C object CMakeFiles/app.dir/mnt/host/source/src/platform/ec/build/zephyr/ocelotrvp-npcx/modules/ec/common/vstore.c.obj
[ocelotrvp-npcx:ro] [124/408] Building C object CMakeFiles/app.dir/mnt/host/source/src/platform/ec/build/zephyr/ocelotrvp-npcx/modules/ec/common/math_util.c.obj
[ocelotrvp-npcx:rw] [124/408] Building C object CMakeFiles/app.dir/mnt/host/source/src/platform/ec/build/zephyr/ocelotrvp-npcx/modules/ec/common/math_util.c.obj
[lotso:ro] [14/387] Building C object zephyr/CMakeFiles/zephyr.dir/lib/os/clock.c.obj
[ocelotrvp-npcx:rw] [125/408] Building C object CMakeFiles/app.dir/src/rvp_keyboard_customization.c.obj
[ocelotrvp-npcx:ro] [125/408] Building C object CMakeFiles/app.dir/mnt/host/source/src/platform/ec/build/zephyr/ocelotrvp-npcx/modules/ec/driver/led/max695x.c.obj
[ocelotrvp-npcx:ro] [126/408] Building C object CMakeFiles/app.dir/src/rvp_keyboard_customization.c.obj
[ocicat-ish:singleimage] [21/266] Building CXX object modules/pigweed/pw_log_zephyr/CMakeFiles/pw_log_zephyr.dir/log_zephyr.cc.obj
[/mnt/host/source/src/platform/ec/build/zephyr/screebo-lcov]   /mnt/host/source/src/platform/ec/build/zephyr/screebo/build-ro/CMakeFiles/app.dir/mnt/host/source/src/platform/ec/build/zephyr/screebo/modules/ec/common/cbi_config.c.gcno:no functions found
[/mnt/host/source/src/platform/ec/build/zephyr/screebo-lcov] stderr:
[ocelotrvp-npcx:rw] [126/408] Building C object zephyr/CMakeFiles/zephyr.dir/lib/cpp/abi/cpp_dtors.c.obj
[ocelotrvp-npcx:rw] [127/408] Building C object CMakeFiles/app.dir/mnt/host/source/src/platform/ec/build/zephyr/ocelotrvp-npcx/modules/ec/driver/led/max695x.c.obj
[ocelotrvp-npcx:rw] [128/408] Building C object CMakeFiles/app.dir/src/rvp_board_power.c.obj
[ocicat-ish:singleimage] [22/266] Linking CXX static library modules/pigweed/pw_log_zephyr/libpw_log_zephyr.a
[ocicat-ish:singleimage] [23/266] Linking CXX static library modules/ec/zephyr/drivers/pw_transport/libpw_transport.proto.nanopb.a
[ocicat-ish:singleimage] [24/266] Linking CXX static library modules/ec/zephyr/drivers/dsp_comms/libdsp_comms.proto.nanopb.a
[/mnt/host/source/src/platform/ec/build/zephyr/gothrax-lcov]   /mnt/host/source/src/platform/ec/build/zephyr/gothrax/build-ro/CMakeFiles/app.dir/mnt/host/source/src/platform/ec/build/zephyr/gothrax/modules/ec/common/cbi_config.c.gcno:no functions found
[/mnt/host/source/src/platform/ec/build/zephyr/gothrax-lcov] stderr:
[ocelotrvp-npcx:ro] [127/408] Building C object CMakeFiles/app.dir/src/rvp_board_power.c.obj
[ocicat-ish:singleimage] [25/266] Generating include/generated/zephyr/offsets.h
[ocelotrvp-npcx:rw] [129/408] Building C object zephyr/CMakeFiles/zephyr.dir/lib/libc/validate_libc.c.obj
[ocelotrvp-npcx:ro] [128/408] Building C object zephyr/CMakeFiles/zephyr.dir/lib/cpp/abi/cpp_dtors.c.obj
[ocelotrvp-npcx:rw] [130/408] Building C object CMakeFiles/app.dir/src/rvp_usbc_runtime.c.obj
[lotso:ro] [15/387] Building C object zephyr/CMakeFiles/zephyr.dir/lib/os/printk.c.obj
[ocelotrvp-npcx:rw] [131/408] Building C object CMakeFiles/app.dir/mnt/host/source/src/platform/ec/zephyr/program/intelrvp/src/dc_jack.c.obj
[ocelotrvp-npcx:rw] [132/408] Building C object zephyr/CMakeFiles/zephyr.dir/lib/heap/heap.c.obj
[ocelotrvp-npcx:ro] [129/408] Building C object zephyr/CMakeFiles/zephyr.dir/lib/libc/validate_libc.c.obj
[ocelotrvp-npcx:ro] [130/408] Building C object CMakeFiles/app.dir/src/rvp_usbc_runtime.c.obj
[ocelotrvp-npcx:rw] [133/408] Building C object zephyr/CMakeFiles/zephyr.dir/lib/os/clock.c.obj
[ocelotrvp-npcx:rw] [134/408] Building C object zephyr/CMakeFiles/zephyr.dir/lib/os/cbprintf_packaged.c.obj
[/mnt/host/source/src/platform/ec/build/zephyr/gothrax-lcov]   /mnt/host/source/src/platform/ec/build/zephyr/gothrax/build-ro/zephyr/arch/arch/riscv/core/CMakeFiles/arch__riscv__core.dir/cpu_idle.c.gcno:no functions found
[/mnt/host/source/src/platform/ec/build/zephyr/gothrax-lcov] stderr:
[ocicat-ish:singleimage] [26/266] Building C object CMakeFiles/app.dir/mnt/host/source/src/platform/ec/zephyr/subsys/ap_pwrseq/ap_events.c.obj
[ocelotrvp-npcx:rw] [135/408] Linking CXX static library app/libapp.a
[ocelotrvp-npcx:rw] [136/408] Building C object zephyr/CMakeFiles/zephyr.dir/lib/os/printk.c.obj
[ocelotrvp-npcx:rw] [137/408] Building C object zephyr/CMakeFiles/zephyr.dir/lib/utils/base64.c.obj
[ocelotrvp-npcx:ro] [131/408] Building C object CMakeFiles/app.dir/mnt/host/source/src/platform/ec/zephyr/program/intelrvp/src/dc_jack.c.obj
[lotso:ro] [16/387] Building C object zephyr/CMakeFiles/zephyr.dir/lib/os/sem.c.obj
[ocelotrvp-npcx:rw] [138/408] Building C object zephyr/CMakeFiles/zephyr.dir/lib/os/thread_entry.c.obj
[ocelotrvp-npcx:rw] [139/408] Building C object zephyr/CMakeFiles/zephyr.dir/lib/utils/dec.c.obj
[ocelotrvp-npcx:ro] [132/408] Building C object zephyr/CMakeFiles/zephyr.dir/lib/heap/heap.c.obj
[ocelotrvp-npcx:rw] [140/408] Building C object zephyr/CMakeFiles/zephyr.dir/lib/utils/hex.c.obj
[/mnt/host/source/src/platform/ec/build/zephyr/screebo-lcov]   /mnt/host/source/src/platform/ec/build/zephyr/screebo/build-ro/zephyr/arch/arch/arm/core/mpu/CMakeFiles/arch__arm__core__mpu.dir/arm_mpu_regions.c.gcno:no functions found
[/mnt/host/source/src/platform/ec/build/zephyr/screebo-lcov] stderr:
[ocelotrvp-npcx:rw] [141/408] Building C object zephyr/CMakeFiles/zephyr.dir/lib/os/sem.c.obj
[ocelotrvp-npcx:ro] [133/408] Linking CXX static library app/libapp.a
[ocicat-ish:singleimage] [27/266] Building C object CMakeFiles/app.dir/mnt/host/source/src/platform/ec/build/zephyr/ocicat-ish/modules/ec/builtin/stdlib.c.obj
[ocelotrvp-npcx:rw] [142/408] Building C object zephyr/CMakeFiles/zephyr.dir/lib/os/cbprintf_nano.c.obj
[ocelotrvp-npcx:ro] [134/408] Building C object zephyr/CMakeFiles/zephyr.dir/lib/os/clock.c.obj
[ocelotrvp-npcx:rw] [143/408] Building C object zephyr/CMakeFiles/zephyr.dir/lib/utils/bitmask.c.obj
[ocelotrvp-npcx:rw] [144/408] Building C object zephyr/CMakeFiles/zephyr.dir/lib/utils/timeutil.c.obj
[ocelotrvp-npcx:ro] [135/408] Building C object zephyr/CMakeFiles/zephyr.dir/lib/os/cbprintf_packaged.c.obj
[ocelotrvp-npcx:rw] [145/408] Building C object zephyr/CMakeFiles/zephyr.dir/lib/os/assert.c.obj
[ocelotrvp-npcx:rw] [146/408] Building C object zephyr/CMakeFiles/zephyr.dir/lib/utils/last_section_id.c.obj
[ocelotrvp-npcx:rw] [147/408] Building C object zephyr/CMakeFiles/zephyr.dir/misc/generated/configs.c.obj
[lotso:ro] [17/387] Building C object zephyr/CMakeFiles/zephyr.dir/lib/os/thread_entry.c.obj
[ocelotrvp-npcx:rw] [148/408] Building C object zephyr/CMakeFiles/zephyr.dir/lib/utils/ring_buffer.c.obj
[ocelotrvp-npcx:rw] [149/408] Building C object zephyr/CMakeFiles/zephyr.dir/lib/utils/rb.c.obj
[ocicat-ish:singleimage] [28/266] Building C object CMakeFiles/app.dir/mnt/host/source/src/platform/ec/build/zephyr/ocicat-ish/modules/ec/common/base32.c.obj
[ocelotrvp-npcx:rw] [150/408] Building C object zephyr/CMakeFiles/zephyr.dir/lib/utils/bitarray.c.obj
[ocelotrvp-npcx:ro] [136/408] Building C object zephyr/CMakeFiles/zephyr.dir/lib/os/printk.c.obj
[ocelotrvp-npcx:rw] [151/408] Building C object zephyr/CMakeFiles/zephyr.dir/lib/utils/getopt/getopt.c.obj
[/mnt/host/source/src/platform/ec/build/zephyr/screebo-lcov]   /mnt/host/source/src/platform/ec/build/zephyr/screebo/build-ro/zephyr/arch/common/CMakeFiles/isr_tables.dir/isr_tables.c.gcno:no functions found
[/mnt/host/source/src/platform/ec/build/zephyr/screebo-lcov] stderr:
[ocelotrvp-npcx:rw] [152/408] Building C object zephyr/CMakeFiles/zephyr.dir/lib/utils/getopt/getopt_common.c.obj
[ocelotrvp-npcx:ro] [137/408] Building C object zephyr/CMakeFiles/zephyr.dir/lib/os/sem.c.obj
[/mnt/host/source/src/platform/ec/build/zephyr/gothrax-lcov]   /mnt/host/source/src/platform/ec/build/zephyr/gothrax/build-ro/zephyr/arch/common/CMakeFiles/isr_tables.dir/isr_tables.c.gcno:no functions found
[/mnt/host/source/src/platform/ec/build/zephyr/gothrax-lcov] stderr:
[ocelotrvp-npcx:ro] [138/408] Building C object zephyr/CMakeFiles/zephyr.dir/lib/os/thread_entry.c.obj
[ocelotrvp-npcx:ro] [139/408] Building C object zephyr/CMakeFiles/zephyr.dir/lib/utils/base64.c.obj
[ocelotrvp-npcx:ro] [140/408] Building C object zephyr/CMakeFiles/zephyr.dir/lib/os/cbprintf_nano.c.obj
[lotso:ro] [18/387] Building C object zephyr/CMakeFiles/zephyr.dir/lib/os/cbprintf_nano.c.obj
[ocicat-ish:singleimage] [29/266] Building C object CMakeFiles/app.dir/mnt/host/source/src/platform/ec/build/zephyr/ocicat-ish/modules/ec/common/console_output.c.obj
[ocelotrvp-npcx:ro] [141/408] Building C object zephyr/CMakeFiles/zephyr.dir/lib/utils/hex.c.obj
[ocelotrvp-npcx:ro] [142/408] Building C object zephyr/CMakeFiles/zephyr.dir/lib/utils/dec.c.obj
[ocelotrvp-npcx:rw] [153/408] Building C object zephyr/CMakeFiles/zephyr.dir/soc/nuvoton/npcx/common/power.c.obj
[ocelotrvp-npcx:rw] [154/408] Building C object zephyr/CMakeFiles/zephyr.dir/soc/nuvoton/npcx/common/npcxn/registers.c.obj
[ocelotrvp-npcx:rw] [155/408] Building C object zephyr/CMakeFiles/zephyr.dir/soc/nuvoton/npcx/common/scfg.c.obj
[ocelotrvp-npcx:rw] [156/408] Building C object zephyr/CMakeFiles/zephyr.dir/soc/nuvoton/npcx/npcx9/soc.c.obj
[ocelotrvp-npcx:rw] [157/408] Building C object zephyr/CMakeFiles/zephyr.dir/subsys/logging/log_minimal.c.obj
[ocelotrvp-npcx:ro] [143/408] Building C object zephyr/CMakeFiles/zephyr.dir/lib/os/assert.c.obj
[ocelotrvp-npcx:rw] [158/408] Building C object zephyr/CMakeFiles/zephyr.dir/subsys/pm/pm.c.obj
[ocelotrvp-npcx:rw] [159/408] Building C object zephyr/CMakeFiles/zephyr.dir/subsys/mem_mgmt/mem_attr.c.obj
[ocelotrvp-npcx:ro] [144/408] Building C object zephyr/CMakeFiles/zephyr.dir/lib/utils/timeutil.c.obj
[lotso:ro] [19/387] Building C object zephyr/CMakeFiles/zephyr.dir/lib/os/cbprintf.c.obj
[ocicat-ish:singleimage] [30/266] Building C object CMakeFiles/app.dir/mnt/host/source/src/platform/ec/build/zephyr/ocicat-ish/modules/ec/common/ec_features.c.obj
[ocelotrvp-npcx:rw] [160/408] Building C object zephyr/CMakeFiles/zephyr.dir/subsys/pm/state.c.obj
[ocelotrvp-npcx:ro] [145/408] Building C object zephyr/CMakeFiles/zephyr.dir/lib/utils/rb.c.obj
[ocelotrvp-npcx:ro] [146/408] Building C object zephyr/CMakeFiles/zephyr.dir/lib/utils/bitmask.c.obj
[ocelotrvp-npcx:ro] [147/408] Building C object zephyr/CMakeFiles/zephyr.dir/lib/utils/bitarray.c.obj
[ocelotrvp-npcx:rw] [161/408] Building C object zephyr/CMakeFiles/zephyr.dir/subsys/pm/policy/policy_state_lock.c.obj
[ocelotrvp-npcx:rw] [162/408] Building C object zephyr/CMakeFiles/zephyr.dir/subsys/pm/policy/policy_latency.c.obj
[ocelotrvp-npcx:rw] [163/408] Building C object zephyr/CMakeFiles/zephyr.dir/subsys/pm/policy/policy_events.c.obj
[ocelotrvp-npcx:ro] [148/408] Building C object zephyr/CMakeFiles/zephyr.dir/lib/utils/last_section_id.c.obj
[ocelotrvp-npcx:ro] [149/408] Building C object zephyr/CMakeFiles/zephyr.dir/lib/utils/ring_buffer.c.obj
[lotso:ro] [20/387] Building C object zephyr/CMakeFiles/zephyr.dir/lib/os/assert.c.obj
[ocicat-ish:singleimage] [31/266] Building C object CMakeFiles/app.dir/mnt/host/source/src/platform/ec/build/zephyr/ocicat-ish/modules/ec/common/gpio_commands.c.obj
[ocelotrvp-npcx:rw] [164/408] Building C object zephyr/CMakeFiles/zephyr.dir/subsys/pm/device.c.obj
[ocelotrvp-npcx:ro] [150/408] Building C object zephyr/CMakeFiles/zephyr.dir/misc/generated/configs.c.obj
[ocelotrvp-npcx:rw] [165/408] Building C object zephyr/CMakeFiles/zephyr.dir/subsys/pm/device_system_managed.c.obj
[ocelotrvp-npcx:ro] [151/408] Building C object zephyr/CMakeFiles/zephyr.dir/lib/utils/getopt/getopt.c.obj
[ocelotrvp-npcx:rw] [166/408] Building C object zephyr/CMakeFiles/zephyr.dir/subsys/pm/device_runtime.c.obj
[lotso:ro] [21/387] Building C object zephyr/CMakeFiles/zephyr.dir/lib/utils/dec.c.obj
[ocelotrvp-npcx:ro] [152/408] Building C object zephyr/CMakeFiles/zephyr.dir/lib/utils/getopt/getopt_common.c.obj
[ocelotrvp-npcx:rw] [167/408] Building C object zephyr/CMakeFiles/zephyr.dir/subsys/testsuite/coverage/coverage.c.obj
[ocelotrvp-npcx:rw] [168/408] Building C object zephyr/CMakeFiles/zephyr.dir/subsys/tracing/tracing_none.c.obj
[lotso:ro] [22/387] Building C object zephyr/CMakeFiles/zephyr.dir/lib/utils/hex.c.obj
[ocelotrvp-npcx:rw] [169/408] Building C object zephyr/CMakeFiles/zephyr.dir/subsys/shell/modules/kernel_service/cycles.c.obj
[ocicat-ish:singleimage] [32/266] Building C object CMakeFiles/app.dir/mnt/host/source/src/platform/ec/build/zephyr/ocicat-ish/modules/ec/common/peripheral.c.obj
[ocelotrvp-npcx:rw] [170/408] Building C object zephyr/CMakeFiles/zephyr.dir/subsys/shell/modules/kernel_service/kernel_shell.c.obj
[ocelotrvp-npcx:ro] [153/408] Building C object zephyr/CMakeFiles/zephyr.dir/soc/nuvoton/npcx/common/scfg.c.obj
[ocelotrvp-npcx:rw] [171/408] Building C object zephyr/CMakeFiles/zephyr.dir/subsys/shell/modules/kernel_service/sleep.c.obj
[ocelotrvp-npcx:rw] [172/408] Building C object zephyr/CMakeFiles/zephyr.dir/subsys/shell/modules/kernel_service/uptime.c.obj
[ocelotrvp-npcx:ro] [154/408] Building C object zephyr/CMakeFiles/zephyr.dir/soc/nuvoton/npcx/common/npcxn/registers.c.obj
[ocelotrvp-npcx:ro] [155/408] Building C object zephyr/CMakeFiles/zephyr.dir/soc/nuvoton/npcx/common/power.c.obj
[ocelotrvp-npcx:ro] [156/408] Building C object zephyr/CMakeFiles/zephyr.dir/soc/nuvoton/npcx/npcx9/soc.c.obj
[ocelotrvp-npcx:rw] [173/408] Building C object zephyr/CMakeFiles/zephyr.dir/subsys/shell/modules/kernel_service/version.c.obj
[ocicat-ish:singleimage] [33/266] Building C object CMakeFiles/app.dir/mnt/host/source/src/platform/ec/build/zephyr/ocicat-ish/modules/ec/common/printf.c.obj
[lotso:ro] [23/387] Building C object zephyr/CMakeFiles/zephyr.dir/lib/utils/rb.c.obj
[ocelotrvp-npcx:rw] [174/408] Building C object zephyr/CMakeFiles/zephyr.dir/subsys/shell/modules/kernel_service/thread/thread.c.obj
[ocelotrvp-npcx:rw] [175/408] Building C object zephyr/CMakeFiles/zephyr.dir/subsys/shell/modules/kernel_service/thread/list.c.obj
[ocelotrvp-npcx:rw] [176/408] Building C object zephyr/CMakeFiles/zephyr.dir/subsys/shell/modules/kernel_service/thread/suspend.c.obj
[ocelotrvp-npcx:rw] [177/408] Building C object zephyr/CMakeFiles/zephyr.dir/subsys/shell/modules/kernel_service/thread/stacks.c.obj
[lotso:ro] [24/387] Building C object zephyr/CMakeFiles/zephyr.dir/lib/utils/timeutil.c.obj
[ocelotrvp-npcx:ro] [157/408] Building C object zephyr/CMakeFiles/zephyr.dir/subsys/logging/log_minimal.c.obj
[ocelotrvp-npcx:rw] [178/408] Building C object zephyr/CMakeFiles/zephyr.dir/subsys/shell/modules/kernel_service/thread/kill.c.obj
[ocelotrvp-npcx:ro] [158/408] Building C object zephyr/CMakeFiles/zephyr.dir/subsys/pm/state.c.obj
[ocelotrvp-npcx:ro] [159/408] Building C object zephyr/CMakeFiles/zephyr.dir/subsys/pm/pm.c.obj
[ocelotrvp-npcx:rw] [179/408] Building C object zephyr/CMakeFiles/zephyr.dir/subsys/shell/modules/kernel_service/thread/resume.c.obj
[ocelotrvp-npcx:ro] [160/408] Building C object zephyr/CMakeFiles/zephyr.dir/subsys/mem_mgmt/mem_attr.c.obj
[ocicat-ish:singleimage] [34/266] Building C object CMakeFiles/app.dir/mnt/host/source/src/platform/ec/build/zephyr/ocicat-ish/modules/ec/common/queue.c.obj
[ocelotrvp-npcx:rw] [180/408] Building C object zephyr/CMakeFiles/zephyr.dir/subsys/shell/backends/shell_uart.c.obj
[/mnt/host/source/src/platform/ec/build/zephyr/screebo-lcov]   /mnt/host/source/src/platform/ec/build/zephyr/screebo/build-ro/zephyr/CMakeFiles/zephyr.dir/subsys/shell/modules/kernel_service/kernel_shell.c.gcno:no functions found
[/mnt/host/source/src/platform/ec/build/zephyr/screebo-lcov] stderr:
[ocelotrvp-npcx:rw] [181/408] Building C object zephyr/CMakeFiles/zephyr.dir/subsys/shell/shell.c.obj
[ocelotrvp-npcx:rw] [182/408] Building C object zephyr/CMakeFiles/zephyr.dir/subsys/shell/shell_fprintf.c.obj
[lotso:ro] [25/387] Building C object zephyr/CMakeFiles/zephyr.dir/lib/utils/bitarray.c.obj
[ocelotrvp-npcx:rw] [183/408] Building C object zephyr/CMakeFiles/zephyr.dir/subsys/shell/shell_ops.c.obj
[ocelotrvp-npcx:ro] [161/408] Building C object zephyr/CMakeFiles/zephyr.dir/subsys/pm/policy/policy_latency.c.obj
[ocelotrvp-npcx:ro] [162/408] Building C object zephyr/CMakeFiles/zephyr.dir/subsys/pm/policy/policy_events.c.obj
[/mnt/host/source/src/platform/ec/build/zephyr/screebo-lcov]   /mnt/host/source/src/platform/ec/build/zephyr/screebo/build-ro/zephyr/CMakeFiles/zephyr.dir/lib/libc/validate_libc.c.gcno:no functions found
[/mnt/host/source/src/platform/ec/build/zephyr/screebo-lcov] stderr:
[ocelotrvp-npcx:rw] [184/408] Building C object zephyr/CMakeFiles/zephyr.dir/subsys/shell/shell_utils.c.obj
[ocelotrvp-npcx:rw] [185/408] Building C object zephyr/CMakeFiles/zephyr.dir/subsys/shell/shell_help.c.obj
[ocelotrvp-npcx:ro] [163/408] Building C object zephyr/CMakeFiles/zephyr.dir/subsys/pm/policy/policy_state_lock.c.obj
[ocicat-ish:singleimage] [35/266] Building C object CMakeFiles/app.dir/mnt/host/source/src/platform/ec/build/zephyr/ocicat-ish/modules/ec/common/system.c.obj
[ocelotrvp-npcx:rw] [186/408] Building C object zephyr/CMakeFiles/zephyr.dir/subsys/shell/shell_history.c.obj
[ocelotrvp-npcx:ro] [164/408] Building C object zephyr/CMakeFiles/zephyr.dir/subsys/pm/device.c.obj
[/mnt/host/source/src/platform/ec/build/zephyr/gothrax-lcov]   /mnt/host/source/src/platform/ec/build/zephyr/gothrax/build-ro/zephyr/CMakeFiles/zephyr.dir/subsys/shell/modules/kernel_service/kernel_shell.c.gcno:no functions found
[/mnt/host/source/src/platform/ec/build/zephyr/gothrax-lcov] stderr:
[lotso:ro] [26/387] Building C object zephyr/CMakeFiles/zephyr.dir/lib/utils/bitmask.c.obj
[ocelotrvp-npcx:rw] [187/408] Building C object zephyr/arch/common/CMakeFiles/arch__common.dir/init.c.obj
[ocelotrvp-npcx:rw] [188/408] Building C object zephyr/CMakeFiles/zephyr.dir/drivers/flash/flash_util.c.obj
[ocelotrvp-npcx:rw] [189/408] Linking CXX static library zephyr/libzephyr.a
[ocelotrvp-npcx:rw] [190/408] Building ASM object zephyr/arch/arch/arm/core/CMakeFiles/arch__arm__core.dir/nmi_on_reset.S.obj
[ocelotrvp-npcx:rw] [191/408] Building C object zephyr/arch/common/CMakeFiles/arch__common.dir/sw_isr_common.c.obj
[/mnt/host/source/src/platform/ec/build/zephyr/gothrax-lcov]   /mnt/host/source/src/platform/ec/build/zephyr/gothrax/build-ro/zephyr/CMakeFiles/zephyr.dir/lib/libc/validate_libc.c.gcno:no functions found
[/mnt/host/source/src/platform/ec/build/zephyr/gothrax-lcov] stderr:
[ocelotrvp-npcx:rw] [192/408] Building C object zephyr/arch/arch/arm/core/CMakeFiles/arch__arm__core.dir/__aeabi_atexit.c.obj
[ocicat-ish:singleimage] [36/266] Building C object CMakeFiles/app.dir/mnt/host/source/src/platform/ec/build/zephyr/ocicat-ish/modules/ec/common/system_boot_time.c.obj
[ocelotrvp-npcx:rw] [193/408] Building C object zephyr/arch/common/CMakeFiles/arch__common.dir/xip.c.obj
[ocelotrvp-npcx:ro] [165/408] Building C object zephyr/CMakeFiles/zephyr.dir/subsys/pm/device_system_managed.c.obj
[ocelotrvp-npcx:rw] [194/408] Building C object zephyr/arch/common/CMakeFiles/isr_tables.dir/isr_tables.c.obj
[ocelotrvp-npcx:ro] [166/408] Building C object zephyr/CMakeFiles/zephyr.dir/subsys/pm/device_runtime.c.obj
[ocelotrvp-npcx:ro] [167/408] Building C object zephyr/CMakeFiles/zephyr.dir/subsys/testsuite/coverage/coverage.c.obj
[ocelotrvp-npcx:rw] [195/408] Building C object zephyr/arch/arch/arm/core/CMakeFiles/arch__arm__core.dir/fatal.c.obj
[ocelotrvp-npcx:rw] [196/408] Linking CXX static library zephyr/arch/common/libisr_tables.a
[ocelotrvp-npcx:rw] [197/408] Building ASM object zephyr/arch/arch/arm/core/cortex_m/CMakeFiles/arch__arm__core__cortex_m.dir/fault_s.S.obj
[ocelotrvp-npcx:ro] [168/408] Building C object zephyr/CMakeFiles/zephyr.dir/subsys/tracing/tracing_none.c.obj
[ocelotrvp-npcx:rw] [198/408] Linking CXX static library zephyr/arch/common/libarch__common.a
[ocelotrvp-npcx:rw] [199/408] Building C object zephyr/arch/arch/arm/core/CMakeFiles/arch__arm__core.dir/nmi.c.obj
[lotso:ro] [27/387] Building C object zephyr/CMakeFiles/zephyr.dir/lib/utils/getopt/getopt.c.obj
[ocicat-ish:singleimage] [37/266] Building C object CMakeFiles/app.dir/mnt/host/source/src/platform/ec/build/zephyr/ocicat-ish/modules/ec/common/uart_printf.c.obj
[ocelotrvp-npcx:rw] [200/408] Building C object zephyr/arch/arch/arm/core/CMakeFiles/arch__arm__core.dir/tls.c.obj
[ocelotrvp-npcx:rw] [201/408] Building C object zephyr/arch/arch/arm/core/cortex_m/CMakeFiles/arch__arm__core__cortex_m.dir/exc_exit.c.obj
[ocelotrvp-npcx:rw] [202/408] Linking CXX static library zephyr/arch/arch/arm/core/libarch__arm__core.a
[/mnt/host/source/src/platform/ec/build/zephyr/screebo-lcov]   /mnt/host/source/src/platform/ec/build/zephyr/screebo/build-ro/zephyr/CMakeFiles/zephyr.dir/lib/utils/last_section_id.c.gcno:no functions found
[/mnt/host/source/src/platform/ec/build/zephyr/screebo-lcov] stderr:
[ocelotrvp-npcx:rw] [203/408] Building C object zephyr/arch/arch/arm/core/cortex_m/CMakeFiles/arch__arm__core__cortex_m.dir/fault.c.obj
[ocelotrvp-npcx:ro] [169/408] Building C object zephyr/CMakeFiles/zephyr.dir/subsys/shell/modules/kernel_service/kernel_shell.c.obj
[ocelotrvp-npcx:ro] [170/408] Building C object zephyr/CMakeFiles/zephyr.dir/subsys/shell/modules/kernel_service/cycles.c.obj
[ocelotrvp-npcx:ro] [171/408] Building C object zephyr/CMakeFiles/zephyr.dir/subsys/shell/modules/kernel_service/sleep.c.obj
[ocelotrvp-npcx:rw] [204/408] Building ASM object zephyr/arch/arch/arm/core/cortex_m/CMakeFiles/arch__arm__core__cortex_m.dir/reset.S.obj
[ocelotrvp-npcx:rw] [205/408] Building C object zephyr/arch/arch/arm/core/cortex_m/CMakeFiles/arch__arm__core__cortex_m.dir/fpu.c.obj
[/mnt/host/source/src/platform/ec/build/zephyr/gothrax-lcov]   /mnt/host/source/src/platform/ec/build/zephyr/gothrax/build-ro/zephyr/CMakeFiles/zephyr.dir/lib/utils/last_section_id.c.gcno:no functions found
[/mnt/host/source/src/platform/ec/build/zephyr/gothrax-lcov] stderr:
[ocelotrvp-npcx:rw] [206/408] Building ASM object zephyr/arch/arch/arm/core/cortex_m/CMakeFiles/arch__arm__core__cortex_m.dir/vector_table.S.obj
[ocicat-ish:singleimage] [38/266] Building C object CMakeFiles/app.dir/mnt/host/source/src/platform/ec/build/zephyr/ocicat-ish/modules/ec/common/util.c.obj
[lotso:ro] [28/387] Building C object zephyr/CMakeFiles/zephyr.dir/lib/utils/getopt/getopt_common.c.obj
[ocelotrvp-npcx:ro] [172/408] Building C object zephyr/CMakeFiles/zephyr.dir/subsys/shell/modules/kernel_service/uptime.c.obj
[ocelotrvp-npcx:rw] [207/408] Building C object zephyr/arch/arch/arm/core/cortex_m/CMakeFiles/arch__arm__core__cortex_m.dir/scb.c.obj
[ocelotrvp-npcx:rw] [208/408] Building C object zephyr/arch/arch/arm/core/cortex_m/CMakeFiles/arch__arm__core__cortex_m.dir/thread_abort.c.obj
[lotso:ro] [29/387] Building C object zephyr/CMakeFiles/zephyr.dir/lib/utils/ring_buffer.c.obj
[lotso:ro] [30/387] Building C object zephyr/CMakeFiles/zephyr.dir/lib/utils/last_section_id.c.obj
[ocicat-ish:singleimage] [39/266] Building C object CMakeFiles/app.dir/mnt/host/source/src/platform/ec/build/zephyr/ocicat-ish/modules/ec/common/version.c.obj
[ocelotrvp-npcx:rw] [209/408] Building ASM object zephyr/arch/arch/arm/core/cortex_m/CMakeFiles/arch__arm__core__cortex_m.dir/swap_helper.S.obj
[ocelotrvp-npcx:rw] [210/408] Building ASM object zephyr/arch/arch/arm/core/cortex_m/CMakeFiles/arch__arm__core__cortex_m.dir/__aeabi_read_tp.S.obj
[ocelotrvp-npcx:ro] [173/408] Building C object zephyr/CMakeFiles/zephyr.dir/subsys/shell/modules/kernel_service/thread/thread.c.obj
[ocelotrvp-npcx:ro] [174/408] Building C object zephyr/CMakeFiles/zephyr.dir/subsys/shell/modules/kernel_service/version.c.obj
[ocelotrvp-npcx:rw] [211/408] Building C object zephyr/arch/arch/arm/core/cortex_m/CMakeFiles/arch__arm__core__cortex_m.dir/cpu_idle.c.obj
[ocelotrvp-npcx:rw] [212/408] Building C object zephyr/arch/arch/arm/core/cortex_m/CMakeFiles/arch__arm__core__cortex_m.dir/irq_manage.c.obj
[ocelotrvp-npcx:rw] [213/408] Building C object zephyr/arch/arch/arm/core/cortex_m/CMakeFiles/arch__arm__core__cortex_m.dir/thread.c.obj
[ocelotrvp-npcx:rw] [214/408] Building C object zephyr/arch/arch/arm/core/cortex_m/CMakeFiles/arch__arm__core__cortex_m.dir/prep_c.c.obj
[ocelotrvp-npcx:rw] [215/408] Building C object zephyr/arch/arch/arm/core/cortex_m/CMakeFiles/arch__arm__core__cortex_m.dir/irq_init.c.obj
[ocelotrvp-npcx:ro] [175/408] Building C object zephyr/CMakeFiles/zephyr.dir/subsys/shell/modules/kernel_service/thread/list.c.obj
[ocelotrvp-npcx:rw] [216/408] Building C object zephyr/arch/arch/arm/core/cortex_m/CMakeFiles/arch__arm__core__cortex_m.dir/isr_wrapper.c.obj
[ocelotrvp-npcx:ro] [176/408] Building C object zephyr/CMakeFiles/zephyr.dir/subsys/shell/modules/kernel_service/thread/stacks.c.obj
[lotso:ro] [31/387] Building C object zephyr/CMakeFiles/zephyr.dir/misc/generated/configs.c.obj
[ocelotrvp-npcx:rw] [217/408] Linking CXX static library zephyr/arch/arch/arm/core/cortex_m/libarch__arm__core__cortex_m.a
[ocicat-ish:singleimage] [40/266] Building C object CMakeFiles/app.dir/mnt/host/source/src/platform/ec/build/zephyr/ocicat-ish/modules/ec/driver/accel_bma4xx.c.obj
[lotso:ro] [32/387] Building ASM object zephyr/CMakeFiles/zephyr.dir/soc/ite/ec/common/soc_irq.S.obj
[/mnt/host/source/src/platform/ec/build/zephyr/felino4es-lcov]   /mnt/host/source/src/platform/ec/build/zephyr/felino4es/build-rw/zephyr/CMakeFiles/zephyr.dir/soc/ite/ec/it8xxx2/check_regs.c.gcno:no functions found
[/mnt/host/source/src/platform/ec/build/zephyr/felino4es-lcov] stderr:
[ocelotrvp-npcx:rw] [218/408] Building C object zephyr/arch/arch/arm/core/mpu/CMakeFiles/arch__arm__core__mpu.dir/arm_mpu_regions.c.obj
[ocelotrvp-npcx:rw] [219/408] Building C object zephyr/lib/libc/picolibc/CMakeFiles/lib__libc__picolibc.dir/assert.c.obj
[ocelotrvp-npcx:rw] [220/408] Building C object zephyr/arch/arch/arm/core/mpu/CMakeFiles/arch__arm__core__mpu.dir/arm_core_mpu.c.obj
[ocelotrvp-npcx:ro] [177/408] Building C object zephyr/CMakeFiles/zephyr.dir/subsys/shell/modules/kernel_service/thread/suspend.c.obj
[ocelotrvp-npcx:ro] [178/408] Building C object zephyr/CMakeFiles/zephyr.dir/subsys/shell/modules/kernel_service/thread/resume.c.obj
[ocelotrvp-npcx:rw] [221/408] Building C object zephyr/lib/libc/picolibc/CMakeFiles/lib__libc__picolibc.dir/chk_fail.c.obj
[ocelotrvp-npcx:ro] [179/408] Building C object zephyr/CMakeFiles/zephyr.dir/subsys/shell/modules/kernel_service/thread/kill.c.obj
[ocelotrvp-npcx:rw] [222/408] Building C object zephyr/arch/arch/arm/core/mpu/CMakeFiles/arch__arm__core__mpu.dir/arm_mpu.c.obj
[ocelotrvp-npcx:rw] [223/408] Building C object zephyr/lib/libc/picolibc/CMakeFiles/lib__libc__picolibc.dir/cbprintf.c.obj
[ocelotrvp-npcx:rw] [224/408] Building C object zephyr/lib/libc/picolibc/CMakeFiles/lib__libc__picolibc.dir/errno_wrap.c.obj
[ocelotrvp-npcx:rw] [225/408] Linking CXX static library zephyr/arch/arch/arm/core/mpu/libarch__arm__core__mpu.a
[ocelotrvp-npcx:ro] [180/408] Building C object zephyr/CMakeFiles/zephyr.dir/subsys/shell/backends/shell_uart.c.obj
[ocelotrvp-npcx:rw] [226/408] Building C object zephyr/lib/libc/common/CMakeFiles/lib__libc__common.dir/source/time/time.c.obj
[lotso:ro] [33/387] Building C object zephyr/CMakeFiles/zephyr.dir/soc/ite/ec/common/soc_common_irq.c.obj
[ocicat-ish:singleimage] [41/266] Building C object CMakeFiles/app.dir/mnt/host/source/src/platform/ec/build/zephyr/ocicat-ish/modules/ec/driver/accelgyro_bmi_common.c.obj
[ocelotrvp-npcx:rw] [227/408] Building C object zephyr/lib/posix/c_lib_ext/CMakeFiles/lib__posix__c_lib_ext.dir/fnmatch.c.obj
[ocelotrvp-npcx:rw] [228/408] Building C object zephyr/lib/libc/picolibc/CMakeFiles/lib__libc__picolibc.dir/exit.c.obj
[ocelotrvp-npcx:rw] [229/408] Building C object zephyr/lib/libc/picolibc/CMakeFiles/lib__libc__picolibc.dir/stdio.c.obj
[ocelotrvp-npcx:rw] [230/408] Building C object zephyr/lib/libc/common/CMakeFiles/lib__libc__common.dir/source/stdlib/abort.c.obj
[ocelotrvp-npcx:rw] [231/408] Building C object zephyr/subsys/crc/CMakeFiles/subsys__crc.dir/crc4_sw.c.obj
[ocelotrvp-npcx:ro] [181/408] Building C object zephyr/CMakeFiles/zephyr.dir/subsys/shell/shell_fprintf.c.obj
[ocelotrvp-npcx:rw] [232/408] Building C object zephyr/lib/libc/picolibc/CMakeFiles/lib__libc__picolibc.dir/locks.c.obj
[ocelotrvp-npcx:ro] [182/408] Building C object zephyr/CMakeFiles/zephyr.dir/subsys/shell/shell_utils.c.obj
[ocelotrvp-npcx:rw] [233/408] Linking CXX static library zephyr/lib/libc/common/liblib__libc__common.a
[ocelotrvp-npcx:rw] [234/408] Building C object zephyr/subsys/crc/CMakeFiles/subsys__crc.dir/crc8_sw.c.obj
[ocelotrvp-npcx:rw] [235/408] Building C object zephyr/subsys/crc/CMakeFiles/subsys__crc.dir/crc16_sw.c.obj
[ocelotrvp-npcx:rw] [236/408] Building C object zephyr/lib/posix/c_lib_ext/CMakeFiles/lib__posix__c_lib_ext.dir/getentropy.c.obj
[ocelotrvp-npcx:rw] [237/408] Linking CXX static library zephyr/lib/libc/picolibc/liblib__libc__picolibc.a
[ocelotrvp-npcx:ro] [183/408] Building C object zephyr/CMakeFiles/zephyr.dir/subsys/shell/shell.c.obj
[ocelotrvp-npcx:rw] [238/408] Building C object zephyr/subsys/crc/CMakeFiles/subsys__crc.dir/crc7_sw.c.obj
[lotso:ro] [34/387] Building C object zephyr/CMakeFiles/zephyr.dir/soc/ite/ec/common/power.c.obj
[ocelotrvp-npcx:rw] [239/408] Building C object zephyr/subsys/crc/CMakeFiles/subsys__crc.dir/crc24_sw.c.obj
[ocelotrvp-npcx:rw] [240/408] Building C object zephyr/lib/posix/c_lib_ext/CMakeFiles/lib__posix__c_lib_ext.dir/getopt_shim.c.obj
[ocelotrvp-npcx:rw] [241/408] Building C object zephyr/subsys/crc/CMakeFiles/subsys__crc.dir/crc32c_sw.c.obj
[ocicat-ish:singleimage] [42/266] Building C object CMakeFiles/app.dir/mnt/host/source/src/platform/ec/build/zephyr/ocicat-ish/modules/ec/driver/accelgyro_bmi260.c.obj
[ocelotrvp-npcx:rw] [242/408] Building C object zephyr/subsys/crc/CMakeFiles/subsys__crc.dir/crc32_sw.c.obj
[ocelotrvp-npcx:ro] [184/408] Building C object zephyr/CMakeFiles/zephyr.dir/subsys/shell/shell_ops.c.obj
[ocelotrvp-npcx:rw] [243/408] Building C object zephyr/subsys/crc/CMakeFiles/subsys__crc.dir/crc32k_4_2_sw.c.obj
[ocelotrvp-npcx:rw] [244/408] Building C object zephyr/lib/smf/CMakeFiles/lib__smf.dir/smf.c.obj
[ocelotrvp-npcx:rw] [245/408] Linking CXX static library zephyr/lib/posix/c_lib_ext/liblib__posix__c_lib_ext.a
[ocelotrvp-npcx:rw] [246/408] Linking CXX static library zephyr/subsys/crc/libsubsys__crc.a
[ocelotrvp-npcx:rw] [247/408] Linking CXX static library zephyr/lib/smf/liblib__smf.a
[ocelotrvp-npcx:rw] [248/408] Building C object zephyr/subsys/input/CMakeFiles/subsys__input.dir/input_hid.c.obj
[lotso:ro] [35/387] Building C object zephyr/CMakeFiles/zephyr.dir/soc/ite/ec/common/policy.c.obj
[ocelotrvp-npcx:ro] [185/408] Building C object zephyr/CMakeFiles/zephyr.dir/subsys/shell/shell_help.c.obj
[ocelotrvp-npcx:ro] [186/408] Building C object zephyr/CMakeFiles/zephyr.dir/subsys/shell/shell_history.c.obj
[/mnt/host/source/src/platform/ec/build/zephyr/felino4es-lcov]   /mnt/host/source/src/platform/ec/build/zephyr/felino4es/build-rw/zephyr/drivers/sensor/CMakeFiles/drivers__sensor.dir/mnt/host/source/src/third_party/zephyr/main/misc/empty_file.c.gcno:no functions found
[/mnt/host/source/src/platform/ec/build/zephyr/felino4es-lcov] stderr:
[ocicat-ish:singleimage] [43/266] Building C object CMakeFiles/app.dir/mnt/host/source/src/platform/ec/build/zephyr/ocicat-ish/modules/ec/common/motion_sense_fifo.c.obj
[ocelotrvp-npcx:ro] [187/408] Building C object zephyr/CMakeFiles/zephyr.dir/drivers/flash/flash_util.c.obj
[ocelotrvp-npcx:rw] [249/408] Building C object zephyr/subsys/input/CMakeFiles/subsys__input.dir/input.c.obj
[ocelotrvp-npcx:rw] [250/408] Building C object zephyr/subsys/input/CMakeFiles/subsys__input.dir/input_utils.c.obj
[ocelotrvp-npcx:ro] [188/408] Linking CXX static library zephyr/libzephyr.a
[ocelotrvp-npcx:rw] [251/408] Linking CXX static library zephyr/subsys/input/libsubsys__input.a
[ocelotrvp-npcx:rw] [252/408] Building C object zephyr/drivers/bbram/CMakeFiles/drivers__bbram.dir/bbram_npcx.c.obj
[ocelotrvp-npcx:rw] [253/408] Building C object zephyr/drivers/interrupt_controller/CMakeFiles/drivers__interrupt_controller.dir/intc_miwu.c.obj
[ocelotrvp-npcx:ro] [189/408] Building C object zephyr/arch/common/CMakeFiles/arch__common.dir/sw_isr_common.c.obj
[ocelotrvp-npcx:rw] [254/408] Building C object zephyr/drivers/adc/CMakeFiles/drivers__adc.dir/adc_common.c.obj
[ocelotrvp-npcx:ro] [190/408] Building C object zephyr/arch/common/CMakeFiles/arch__common.dir/init.c.obj
[ocelotrvp-npcx:rw] [255/408] Building C object zephyr/drivers/clock_control/CMakeFiles/drivers__clock_control.dir/clock_control_npcx.c.obj
[ocelotrvp-npcx:rw] [256/408] Linking CXX static library zephyr/drivers/interrupt_controller/libdrivers__interrupt_controller.a
[ocelotrvp-npcx:rw] [257/408] Linking CXX static library zephyr/drivers/bbram/libdrivers__bbram.a
[ocelotrvp-npcx:rw] [258/408] Linking CXX static library zephyr/drivers/clock_control/libdrivers__clock_control.a
[ocicat-ish:singleimage] [44/266] Building C object CMakeFiles/app.dir/mnt/host/source/src/platform/ec/build/zephyr/ocicat-ish/modules/ec/common/cbi_common.c.obj
[ocelotrvp-npcx:rw] [259/408] Building C object zephyr/drivers/adc/CMakeFiles/drivers__adc.dir/adc_npcx.c.obj
[lotso:ro] [36/387] Building C object zephyr/CMakeFiles/zephyr.dir/soc/ite/ec/it8xxx2/soc.c.obj
[ocelotrvp-npcx:rw] [260/408] Linking CXX static library zephyr/drivers/adc/libdrivers__adc.a
[ocelotrvp-npcx:ro] [191/408] Building C object zephyr/arch/common/CMakeFiles/arch__common.dir/xip.c.obj
[ocelotrvp-npcx:rw] [261/408] Building C object zephyr/drivers/console/CMakeFiles/drivers__console.dir/uart_console.c.obj
[ocelotrvp-npcx:ro] [192/408] Building ASM object zephyr/arch/arch/arm/core/CMakeFiles/arch__arm__core.dir/nmi_on_reset.S.obj
[ocelotrvp-npcx:ro] [193/408] Building C object zephyr/arch/common/CMakeFiles/isr_tables.dir/isr_tables.c.obj
[ocelotrvp-npcx:rw] [262/408] Linking CXX static library zephyr/drivers/console/libdrivers__console.a
[ocelotrvp-npcx:ro] [194/408] Linking CXX static library zephyr/arch/common/libisr_tables.a
[ocelotrvp-npcx:rw] [263/408] Building C object zephyr/drivers/crypto/CMakeFiles/drivers__crypto.dir/crypto_npcx_sha.c.obj
[ocelotrvp-npcx:ro] [195/408] Building C object zephyr/arch/arch/arm/core/CMakeFiles/arch__arm__core.dir/__aeabi_atexit.c.obj
[ocicat-ish:singleimage] [45/266] Building C object CMakeFiles/app.dir/mnt/host/source/src/platform/ec/build/zephyr/ocicat-ish/modules/ec/common/cbi_gpio.c.obj
[ocelotrvp-npcx:ro] [196/408] Linking CXX static library zephyr/arch/common/libarch__common.a
[ocelotrvp-npcx:ro] [197/408] Building C object zephyr/arch/arch/arm/core/CMakeFiles/arch__arm__core.dir/fatal.c.obj
[ocelotrvp-npcx:rw] [264/408] Linking CXX static library zephyr/drivers/crypto/libdrivers__crypto.a
[ocelotrvp-npcx:ro] [198/408] Building C object zephyr/arch/arch/arm/core/CMakeFiles/arch__arm__core.dir/nmi.c.obj
[ocelotrvp-npcx:rw] [265/408] Building C object zephyr/drivers/flash/CMakeFiles/drivers__flash.dir/jesd216.c.obj
[lotso:ro] [37/387] Building C object zephyr/CMakeFiles/zephyr.dir/soc/ite/ec/it8xxx2/check_regs.c.obj
[ocelotrvp-npcx:ro] [199/408] Building ASM object zephyr/arch/arch/arm/core/cortex_m/CMakeFiles/arch__arm__core__cortex_m.dir/fault_s.S.obj
[ocelotrvp-npcx:rw] [266/408] Building C object zephyr/drivers/espi/CMakeFiles/drivers__espi.dir/espi_npcx.c.obj
[ocelotrvp-npcx:rw] [267/408] Building C object zephyr/drivers/flash/CMakeFiles/drivers__flash.dir/flash_npcx_fiu_nor.c.obj
[ocelotrvp-npcx:rw] [268/408] Building C object zephyr/drivers/espi/CMakeFiles/drivers__espi.dir/host_subs_npcx.c.obj
[ocelotrvp-npcx:rw] [269/408] Linking CXX static library zephyr/drivers/espi/libdrivers__espi.a
[lotso:ro] [38/387] Building ASM object zephyr/CMakeFiles/zephyr.dir/soc/ite/ec/it8xxx2/vector.S.obj
[ocelotrvp-npcx:rw] [270/408] Building C object zephyr/drivers/flash/CMakeFiles/drivers__flash.dir/flash_npcx_fiu_qspi.c.obj
[ocelotrvp-npcx:rw] [271/408] Linking CXX static library zephyr/drivers/flash/libdrivers__flash.a
[ocicat-ish:singleimage] [46/266] Building C object CMakeFiles/app.dir/mnt/host/source/src/platform/ec/build/zephyr/ocicat-ish/modules/ec/common/memory_commands.c.obj
[ocelotrvp-npcx:ro] [200/408] Building C object zephyr/arch/arch/arm/core/cortex_m/CMakeFiles/arch__arm__core__cortex_m.dir/exc_exit.c.obj
[ocelotrvp-npcx:ro] [201/408] Building C object zephyr/arch/arch/arm/core/CMakeFiles/arch__arm__core.dir/tls.c.obj
[ocelotrvp-npcx:ro] [202/408] Linking CXX static library zephyr/arch/arch/arm/core/libarch__arm__core.a
[ocelotrvp-npcx:ro] [203/408] Building C object zephyr/arch/arch/arm/core/cortex_m/CMakeFiles/arch__arm__core__cortex_m.dir/fault.c.obj
[ocelotrvp-npcx:ro] [204/408] Building C object zephyr/arch/arch/arm/core/cortex_m/CMakeFiles/arch__arm__core__cortex_m.dir/fpu.c.obj
[ocelotrvp-npcx:rw] [272/408] Building C object zephyr/drivers/gpio/CMakeFiles/drivers__gpio.dir/gpio_ite_it8801.c.obj
[ocelotrvp-npcx:rw] [273/408] Building C object zephyr/drivers/i2c/CMakeFiles/drivers__i2c.dir/i2c_common.c.obj
[ocelotrvp-npcx:rw] [274/408] Building C object zephyr/drivers/gpio/CMakeFiles/drivers__gpio.dir/gpio_npcx.c.obj
[ocelotrvp-npcx:rw] [275/408] Building C object zephyr/drivers/gpio/CMakeFiles/drivers__gpio.dir/gpio_pca95xx.c.obj
[lotso:ro] [39/387] Building C object zephyr/CMakeFiles/zephyr.dir/soc/ite/ec/it8xxx2/ilm.c.obj
[ocelotrvp-npcx:rw] [276/408] Building C object zephyr/drivers/i2c/CMakeFiles/drivers__i2c.dir/i2c_shell.c.obj
[ocelotrvp-npcx:rw] [277/408] Linking CXX static library zephyr/drivers/gpio/libdrivers__gpio.a
[ocicat-ish:singleimage] [47/266] Building C object CMakeFiles/app.dir/mnt/host/source/src/platform/ec/build/zephyr/ocicat-ish/modules/ec/common/ap_reset_log.c.obj
[ocelotrvp-npcx:ro] [205/408] Building ASM object zephyr/arch/arch/arm/core/cortex_m/CMakeFiles/arch__arm__core__cortex_m.dir/vector_table.S.obj
[ocelotrvp-npcx:rw] [278/408] Building C object zephyr/drivers/i2c/CMakeFiles/drivers__i2c.dir/i2c_npcx_controller_fifo.c.obj
[ocelotrvp-npcx:ro] [206/408] Building ASM object zephyr/arch/arch/arm/core/cortex_m/CMakeFiles/arch__arm__core__cortex_m.dir/reset.S.obj
[ocelotrvp-npcx:rw] [279/408] Building C object zephyr/drivers/i2c/CMakeFiles/drivers__i2c.dir/i2c_npcx_controller.c.obj
[ocelotrvp-npcx:ro] [207/408] Building C object zephyr/arch/arch/arm/core/cortex_m/CMakeFiles/arch__arm__core__cortex_m.dir/thread_abort.c.obj
[ocelotrvp-npcx:ro] [208/408] Building C object zephyr/arch/arch/arm/core/cortex_m/CMakeFiles/arch__arm__core__cortex_m.dir/scb.c.obj
[lotso:ro] [40/387] Building C object zephyr/CMakeFiles/zephyr.dir/subsys/logging/log_minimal.c.obj
[ocicat-ish:singleimage] [48/266] Building C object CMakeFiles/app.dir/mnt/host/source/src/platform/ec/build/zephyr/ocicat-ish/modules/ec/common/host_command.c.obj
[ocelotrvp-npcx:rw] [280/408] Building C object zephyr/drivers/input/CMakeFiles/drivers__input.dir/input_kbd_matrix.c.obj
[ocelotrvp-npcx:rw] [281/408] Building C object zephyr/drivers/i2c/CMakeFiles/drivers__i2c.dir/i2c_npcx_port.c.obj
[ocelotrvp-npcx:rw] [282/408] Linking CXX static library zephyr/drivers/i2c/libdrivers__i2c.a
[ocelotrvp-npcx:rw] [283/408] Building C object zephyr/drivers/input/CMakeFiles/drivers__input.dir/input_npcx_kbd.c.obj
[ocelotrvp-npcx:rw] [284/408] Building C object zephyr/drivers/pinctrl/CMakeFiles/drivers__pinctrl.dir/common.c.obj
[ocelotrvp-npcx:rw] [285/408] Building C object zephyr/drivers/mfd/CMakeFiles/drivers__mfd.dir/mfd_it8801_altctrl.c.obj
[ocelotrvp-npcx:rw] [286/408] Building C object zephyr/drivers/mfd/CMakeFiles/drivers__mfd.dir/mfd_ite_it8801.c.obj
[ocelotrvp-npcx:ro] [209/408] Building ASM object zephyr/arch/arch/arm/core/cortex_m/CMakeFiles/arch__arm__core__cortex_m.dir/swap_helper.S.obj
[ocelotrvp-npcx:rw] [287/408] Linking CXX static library zephyr/drivers/input/libdrivers__input.a
[ocelotrvp-npcx:rw] [288/408] Linking CXX static library zephyr/drivers/sensor/libdrivers__sensor.a
[ocelotrvp-npcx:ro] [210/408] Building C object zephyr/arch/arch/arm/core/cortex_m/CMakeFiles/arch__arm__core__cortex_m.dir/irq_manage.c.obj
[ocelotrvp-npcx:rw] [289/408] Linking CXX static library zephyr/drivers/mfd/libdrivers__mfd.a
[ocelotrvp-npcx:rw] [290/408] Building C object zephyr/drivers/pinctrl/CMakeFiles/drivers__pinctrl.dir/pinctrl_npcx.c.obj
[ocelotrvp-npcx:rw] [291/408] Linking CXX static library zephyr/drivers/pinctrl/libdrivers__pinctrl.a
[ocicat-ish:singleimage] [49/266] Building C object CMakeFiles/app.dir/mnt/host/source/src/platform/ec/build/zephyr/ocicat-ish/modules/ec/common/host_command_task.c.obj
[/mnt/host/source/src/platform/ec/build/zephyr/felino4es-lcov]   /mnt/host/source/src/platform/ec/build/zephyr/felino4es/build-rw/zephyr/drivers/syscon/CMakeFiles/drivers__syscon.dir/mnt/host/source/src/third_party/zephyr/main/misc/empty_file.c.gcno:no functions found
[/mnt/host/source/src/platform/ec/build/zephyr/felino4es-lcov] Filter suppressions 'region':
[ocelotrvp-npcx:ro] [211/408] Building C object zephyr/arch/arch/arm/core/cortex_m/CMakeFiles/arch__arm__core__cortex_m.dir/thread.c.obj
[ocelotrvp-npcx:ro] [212/408] Building C object zephyr/arch/arch/arm/core/cortex_m/CMakeFiles/arch__arm__core__cortex_m.dir/prep_c.c.obj
[/mnt/host/source/src/platform/ec/build/zephyr/felino4es-lcov]     36 instances
[/mnt/host/source/src/platform/ec/build/zephyr/felino4es-lcov]     26 coverpoints
[/mnt/host/source/src/platform/ec/build/zephyr/felino4es-lcov] Message summary:
[/mnt/host/source/src/platform/ec/build/zephyr/felino4es-lcov]   28 ignore messages:
[/mnt/host/source/src/platform/ec/build/zephyr/felino4es-lcov]     gcov: 28
[lotso:ro] [41/387] Building C object zephyr/CMakeFiles/zephyr.dir/subsys/pm/pm.c.obj
[ocelotrvp-npcx:rw] [292/408] Building C object zephyr/drivers/pwm/CMakeFiles/drivers__pwm.dir/pwm_shell.c.obj
[ocelotrvp-npcx:ro] [213/408] Building ASM object zephyr/arch/arch/arm/core/cortex_m/CMakeFiles/arch__arm__core__cortex_m.dir/__aeabi_read_tp.S.obj
[ocelotrvp-npcx:rw] [293/408] Building C object zephyr/drivers/pwm/CMakeFiles/drivers__pwm.dir/pwm_npcx.c.obj
[ocelotrvp-npcx:ro] [214/408] Building C object zephyr/arch/arch/arm/core/cortex_m/CMakeFiles/arch__arm__core__cortex_m.dir/cpu_idle.c.obj
[ocelotrvp-npcx:rw] [294/408] Building C object zephyr/drivers/syscon/CMakeFiles/drivers__syscon.dir/syscon.c.obj
[ocelotrvp-npcx:rw] [295/408] Linking CXX static library zephyr/drivers/syscon/libdrivers__syscon.a
[ocelotrvp-npcx:rw] [296/408] Linking CXX static library zephyr/drivers/pwm/libdrivers__pwm.a
[ocelotrvp-npcx:rw] [297/408] Building C object zephyr/drivers/sensor/nuvoton/nuvoton_tach_npcx/CMakeFiles/drivers__sensor__nuvoton__nuvoton_tach_npcx.dir/tach_nuvoton_npcx.c.obj
[ocelotrvp-npcx:ro] [215/408] Building C object zephyr/arch/arch/arm/core/cortex_m/CMakeFiles/arch__arm__core__cortex_m.dir/irq_init.c.obj
[ocelotrvp-npcx:rw] [298/408] Building C object zephyr/drivers/timer/CMakeFiles/drivers__timer.dir/sys_clock_init.c.obj
[ocicat-ish:singleimage] [50/266] Building C object CMakeFiles/app.dir/mnt/host/source/src/platform/ec/build/zephyr/ocicat-ish/modules/ec/common/host_event_commands.c.obj
[ocelotrvp-npcx:rw] [299/408] Linking CXX static library zephyr/drivers/sensor/nuvoton/nuvoton_tach_npcx/libdrivers__sensor__nuvoton__nuvoton_tach_npcx.a
[lotso:ro] [42/387] Building C object zephyr/CMakeFiles/zephyr.dir/subsys/pm/state.c.obj
[ocelotrvp-npcx:rw] [300/408] Building C object zephyr/drivers/serial/CMakeFiles/drivers__serial.dir/uart_npcx.c.obj
[ocelotrvp-npcx:rw] [301/408] Linking CXX static library zephyr/drivers/serial/libdrivers__serial.a
[ocelotrvp-npcx:rw] [302/408] Building C object zephyr/drivers/timer/CMakeFiles/drivers__timer.dir/npcx_itim_timer.c.obj
[ocelotrvp-npcx:ro] [216/408] Building C object zephyr/arch/arch/arm/core/cortex_m/CMakeFiles/arch__arm__core__cortex_m.dir/isr_wrapper.c.obj
[ocelotrvp-npcx:ro] [217/408] Linking CXX static library zephyr/arch/arch/arm/core/cortex_m/libarch__arm__core__cortex_m.a
[ocelotrvp-npcx:rw] [303/408] Linking CXX static library zephyr/drivers/timer/libdrivers__timer.a
[ocelotrvp-npcx:rw] [304/408] Building C object zephyr/drivers/watchdog/CMakeFiles/drivers__watchdog.dir/wdt_npcx.c.obj
[/mnt/host/source/src/platform/ec/build/zephyr/screebo-lcov]   /mnt/host/source/src/platform/ec/build/zephyr/screebo/build-ro/zephyr/CMakeFiles/zephyr.dir/soc/nuvoton/npcx/common/npcxn/registers.c.gcno:no functions found
[/mnt/host/source/src/platform/ec/build/zephyr/screebo-lcov] stderr:
[ocicat-ish:singleimage] [51/266] Building C object CMakeFiles/app.dir/mnt/host/source/src/platform/ec/build/zephyr/ocicat-ish/modules/ec/common/uart_hostcmd.c.obj
[/mnt/host/source/src/platform/ec/build/zephyr/gothrax-lcov]   /mnt/host/source/src/platform/ec/build/zephyr/gothrax/build-ro/zephyr/CMakeFiles/zephyr.dir/soc/ite/ec/it8xxx2/check_regs.c.gcno:no functions found
[/mnt/host/source/src/platform/ec/build/zephyr/gothrax-lcov] stderr:
[ocelotrvp-npcx:rw] [305/408] Building C object zephyr/drivers/watchdog/CMakeFiles/drivers__watchdog.dir/wdt_shell.c.obj
[ocelotrvp-npcx:ro] [218/408] Building C object zephyr/arch/arch/arm/core/mpu/CMakeFiles/arch__arm__core__mpu.dir/arm_core_mpu.c.obj
[ocelotrvp-npcx:ro] [219/408] Building C object zephyr/arch/arch/arm/core/mpu/CMakeFiles/arch__arm__core__mpu.dir/arm_mpu.c.obj
[ocelotrvp-npcx:ro] [220/408] Building C object zephyr/arch/arch/arm/core/mpu/CMakeFiles/arch__arm__core__mpu.dir/arm_mpu_regions.c.obj
[ocelotrvp-npcx:rw] [306/408] Linking CXX static library zephyr/drivers/watchdog/libdrivers__watchdog.a
[ocelotrvp-npcx:ro] [221/408] Linking CXX static library zephyr/arch/arch/arm/core/mpu/libarch__arm__core__mpu.a
[lotso:ro] [43/387] Building C object zephyr/CMakeFiles/zephyr.dir/subsys/pm/policy/policy_events.c.obj
[ocelotrvp-npcx:rw] [307/408] Building C object modules/ec/zephyr/CMakeFiles/ec_shim.dir/app/ec/main_shim.c.obj
[ocelotrvp-npcx:rw] [308/408] Building C object modules/ec/zephyr/CMakeFiles/ec_shim.dir/drivers/keyboard_input/keyboard_customization_check.c.obj
[ocelotrvp-npcx:rw] [309/408] Building C object modules/ec/zephyr/CMakeFiles/ec_shim.dir/drivers/board_id/board_id_intel_rvp.c.obj
[ocicat-ish:singleimage] [52/266] Building C object CMakeFiles/app.dir/mnt/host/source/src/platform/ec/build/zephyr/ocicat-ish/modules/ec/common/uptime.c.obj
[ocelotrvp-npcx:rw] [310/408] Building C object modules/ec/zephyr/CMakeFiles/ec_shim.dir/app/ec/ec_app_main.c.obj
[ocelotrvp-npcx:rw] [311/408] Building C object modules/ec/zephyr/CMakeFiles/ec_shim.dir/drivers/cros_flash/cros_flash_npcx.c.obj
[ocelotrvp-npcx:ro] [222/408] Building C object zephyr/lib/libc/picolibc/CMakeFiles/lib__libc__picolibc.dir/assert.c.obj
[ocelotrvp-npcx:rw] [312/408] Building C object modules/ec/zephyr/CMakeFiles/ec_shim.dir/drivers/cros_kblight/pwm_kblight.c.obj
[ocelotrvp-npcx:rw] [313/408] Building C object modules/ec/zephyr/CMakeFiles/ec_shim.dir/mnt/host/source/src/platform/ec/build/zephyr/ocelotrvp-npcx/modules/ec/common/lid_angle_keyboard_policy.c.obj
[ocelotrvp-npcx:rw] [314/408] Building C object modules/ec/zephyr/CMakeFiles/ec_shim.dir/drivers/cros_system/cros_system_npcx.c.obj
[ocelotrvp-npcx:ro] [223/408] Building C object zephyr/lib/libc/picolibc/CMakeFiles/lib__libc__picolibc.dir/cbprintf.c.obj
[lotso:ro] [44/387] Building C object zephyr/CMakeFiles/zephyr.dir/subsys/pm/policy/policy_latency.c.obj
[ocelotrvp-npcx:ro] [224/408] Building C object zephyr/lib/libc/picolibc/CMakeFiles/lib__libc__picolibc.dir/chk_fail.c.obj
[ocelotrvp-npcx:ro] [225/408] Building C object zephyr/lib/libc/picolibc/CMakeFiles/lib__libc__picolibc.dir/errno_wrap.c.obj
[ocelotrvp-npcx:rw] [315/408] Building C object modules/ec/zephyr/CMakeFiles/ec_shim.dir/drivers/keyboard_input/keyboard_input.c.obj
[ocelotrvp-npcx:rw] [316/408] Building C object modules/ec/zephyr/CMakeFiles/ec_shim.dir/drivers/usbc/ucsi_v3.c.obj
[ocicat-ish:singleimage] [53/266] Building C object CMakeFiles/app.dir/mnt/host/source/src/platform/ec/build/zephyr/ocicat-ish/modules/ec/common/i2c_controller.c.obj
[ocelotrvp-npcx:ro] [226/408] Building C object zephyr/lib/libc/picolibc/CMakeFiles/lib__libc__picolibc.dir/exit.c.obj
[lotso:ro] [45/387] Building C object zephyr/CMakeFiles/zephyr.dir/subsys/pm/policy/policy_state_lock.c.obj
[ocelotrvp-npcx:rw] [317/408] Building C object modules/ec/zephyr/CMakeFiles/ec_shim.dir/drivers/usbc/tps6699x_cmd.c.obj
[ocelotrvp-npcx:ro] [227/408] Building C object zephyr/lib/libc/common/CMakeFiles/lib__libc__common.dir/source/stdlib/abort.c.obj
[ocelotrvp-npcx:ro] [228/408] Building C object zephyr/lib/libc/picolibc/CMakeFiles/lib__libc__picolibc.dir/locks.c.obj
[ocicat-ish:singleimage] [54/266] Building C object CMakeFiles/app.dir/mnt/host/source/src/platform/ec/build/zephyr/ocicat-ish/modules/ec/common/i2c_passthru.c.obj
[ocelotrvp-npcx:rw] [318/408] Building C object modules/ec/zephyr/CMakeFiles/ec_shim.dir/drivers/boot_keys/boot_keys.c.obj
[ocelotrvp-npcx:ro] [229/408] Building C object zephyr/lib/libc/picolibc/CMakeFiles/lib__libc__picolibc.dir/stdio.c.obj
[ocelotrvp-npcx:rw] [319/408] Building C object modules/ec/zephyr/CMakeFiles/ec_shim.dir/drivers/usbc/pdc_rts54xx.c.obj
[ocelotrvp-npcx:ro] [230/408] Building C object zephyr/lib/libc/common/CMakeFiles/lib__libc__common.dir/source/time/time.c.obj
[ocelotrvp-npcx:ro] [231/408] Building C object zephyr/lib/posix/c_lib_ext/CMakeFiles/lib__posix__c_lib_ext.dir/fnmatch.c.obj
[ocelotrvp-npcx:rw] [320/408] Building C object modules/ec/zephyr/CMakeFiles/ec_shim.dir/drivers/usbc/pdc_rts54xx_fwup.c.obj
[ocelotrvp-npcx:ro] [232/408] Linking CXX static library zephyr/lib/libc/common/liblib__libc__common.a
[ocelotrvp-npcx:ro] [233/408] Linking CXX static library zephyr/lib/libc/picolibc/liblib__libc__picolibc.a
[ocelotrvp-npcx:rw] [321/408] Building C object modules/ec/zephyr/CMakeFiles/ec_shim.dir/drivers/usbc/pdc_tps6699x.c.obj
[ocelotrvp-npcx:rw] [322/408] Building C object modules/ec/zephyr/CMakeFiles/ec_shim.dir/drivers/usbc/tps6699x_fwup.c.obj
[ocelotrvp-npcx:rw] [323/408] Building C object modules/ec/zephyr/CMakeFiles/ec_shim.dir/drivers/runtime_keys/runtime_keys.c.obj
[ocelotrvp-npcx:ro] [234/408] Building C object zephyr/subsys/crc/CMakeFiles/subsys__crc.dir/crc4_sw.c.obj
[ocelotrvp-npcx:rw] [324/408] Building C object modules/ec/zephyr/CMakeFiles/ec_shim.dir/drivers/vivaldi_kbd/vivaldi_kbd.c.obj
[ocelotrvp-npcx:ro] [235/408] Building C object zephyr/subsys/crc/CMakeFiles/subsys__crc.dir/crc8_sw.c.obj
[lotso:ro] [46/387] Building C object zephyr/CMakeFiles/zephyr.dir/subsys/pm/device.c.obj
[ocelotrvp-npcx:ro] [236/408] Building C object zephyr/subsys/crc/CMakeFiles/subsys__crc.dir/crc16_sw.c.obj
[ocicat-ish:singleimage] [55/266] Building C object CMakeFiles/app.dir/mnt/host/source/src/platform/ec/build/zephyr/ocicat-ish/modules/ec/common/motion_lid.c.obj
[ocelotrvp-npcx:rw] [325/408] Building C object modules/ec/zephyr/CMakeFiles/ec_shim.dir/shim/chip/npcx/clock.c.obj
[ocelotrvp-npcx:ro] [237/408] Building C object zephyr/subsys/crc/CMakeFiles/subsys__crc.dir/crc7_sw.c.obj
[ocelotrvp-npcx:ro] [238/408] Building C object zephyr/lib/posix/c_lib_ext/CMakeFiles/lib__posix__c_lib_ext.dir/getentropy.c.obj
[ocelotrvp-npcx:ro] [239/408] Building C object zephyr/lib/posix/c_lib_ext/CMakeFiles/lib__posix__c_lib_ext.dir/getopt_shim.c.obj
[ocelotrvp-npcx:rw] [326/408] Building C object modules/ec/zephyr/CMakeFiles/ec_shim.dir/shim/chip/npcx/rom_chip.c.obj
[ocelotrvp-npcx:ro] [240/408] Building C object zephyr/subsys/crc/CMakeFiles/subsys__crc.dir/crc24_sw.c.obj
[ocelotrvp-npcx:ro] [241/408] Building C object zephyr/lib/smf/CMakeFiles/lib__smf.dir/smf.c.obj
[ocelotrvp-npcx:ro] [242/408] Linking CXX static library zephyr/lib/posix/c_lib_ext/liblib__posix__c_lib_ext.a
[ocelotrvp-npcx:ro] [243/408] Building C object zephyr/subsys/crc/CMakeFiles/subsys__crc.dir/crc32c_sw.c.obj
[ocelotrvp-npcx:rw] [327/408] Building C object modules/ec/zephyr/CMakeFiles/ec_shim.dir/shim/chip/npcx/system.c.obj
[ocelotrvp-npcx:ro] [244/408] Linking CXX static library zephyr/lib/smf/liblib__smf.a
[ocelotrvp-npcx:ro] [245/408] Building C object zephyr/subsys/crc/CMakeFiles/subsys__crc.dir/crc32_sw.c.obj
[ocelotrvp-npcx:rw] [328/408] Building C object modules/ec/zephyr/CMakeFiles/ec_shim.dir/shim/src/crc.c.obj
[ocelotrvp-npcx:ro] [246/408] Building C object zephyr/subsys/crc/CMakeFiles/subsys__crc.dir/crc32k_4_2_sw.c.obj
[ocelotrvp-npcx:rw] [329/408] Building C object modules/ec/zephyr/CMakeFiles/ec_shim.dir/shim/chip/npcx/gpio.c.obj
[ocelotrvp-npcx:rw] [330/408] Building C object modules/ec/zephyr/CMakeFiles/ec_shim.dir/shim/core/cortex-m/mpu.c.obj
[ocelotrvp-npcx:ro] [247/408] Linking CXX static library zephyr/subsys/crc/libsubsys__crc.a
[ocelotrvp-npcx:rw] [331/408] Building C object modules/ec/zephyr/CMakeFiles/ec_shim.dir/shim/core/cortex-m/panic.c.obj
[ocelotrvp-npcx:rw] [332/408] Building C object modules/ec/zephyr/CMakeFiles/ec_shim.dir/shim/chip/npcx/power_policy.c.obj
[ocelotrvp-npcx:rw] [333/408] Building C object modules/ec/zephyr/CMakeFiles/ec_shim.dir/shim/chip/npcx/system_external_storage.c.obj
[ocicat-ish:singleimage] [56/266] Building C object CMakeFiles/app.dir/mnt/host/source/src/platform/ec/build/zephyr/ocicat-ish/modules/ec/common/lid_angle.c.obj
[lotso:ro] [47/387] Building C object zephyr/CMakeFiles/zephyr.dir/subsys/pm/device_runtime.c.obj
[ocelotrvp-npcx:ro] [248/408] Building C object zephyr/subsys/input/CMakeFiles/subsys__input.dir/input_hid.c.obj
[ocelotrvp-npcx:rw] [334/408] Building C object modules/ec/zephyr/CMakeFiles/ec_shim.dir/shim/src/console.c.obj
[ocelotrvp-npcx:ro] [249/408] Building C object zephyr/subsys/input/CMakeFiles/subsys__input.dir/input.c.obj
[ocelotrvp-npcx:ro] [250/408] Building C object zephyr/subsys/input/CMakeFiles/subsys__input.dir/input_utils.c.obj
[ocicat-ish:singleimage] [57/266] Building C object CMakeFiles/app.dir/mnt/host/source/src/platform/ec/build/zephyr/ocicat-ish/modules/ec/common/mkbp_event.c.obj
[ocelotrvp-npcx:ro] [251/408] Linking CXX static library zephyr/subsys/input/libsubsys__input.a
[lotso:ro] [48/387] Building C object zephyr/CMakeFiles/zephyr.dir/subsys/pm/device_system_managed.c.obj
[ocelotrvp-npcx:rw] [335/408] Building C object modules/ec/zephyr/CMakeFiles/ec_shim.dir/shim/src/pm_state.c.obj
[ocelotrvp-npcx:rw] [336/408] Building C object modules/ec/zephyr/CMakeFiles/ec_shim.dir/shim/src/cbi/cros_cbi.c.obj
[ocelotrvp-npcx:rw] [337/408] Building C object modules/ec/zephyr/CMakeFiles/ec_shim.dir/shim/src/panic_utils.c.obj
[ocelotrvp-npcx:rw] [338/408] Building C object modules/ec/zephyr/CMakeFiles/ec_shim.dir/shim/src/gpio_int.c.obj
[ocelotrvp-npcx:ro] [252/408] Building C object zephyr/drivers/interrupt_controller/CMakeFiles/drivers__interrupt_controller.dir/intc_miwu.c.obj
[ocelotrvp-npcx:rw] [339/408] Building C object modules/ec/zephyr/CMakeFiles/ec_shim.dir/shim/src/gpio.c.obj
[ocelotrvp-npcx:rw] [340/408] Building C object modules/ec/zephyr/CMakeFiles/ec_shim.dir/shim/src/cbi/cbi_flash.c.obj
[ocelotrvp-npcx:ro] [253/408] Linking CXX static library zephyr/drivers/interrupt_controller/libdrivers__interrupt_controller.a
[ocelotrvp-npcx:ro] [254/408] Building C object zephyr/drivers/adc/CMakeFiles/drivers__adc.dir/adc_common.c.obj
[ocelotrvp-npcx:rw] [341/408] Building C object modules/ec/zephyr/CMakeFiles/ec_shim.dir/shim/src/led_driver/led.c.obj
[ocicat-ish:singleimage] [58/266] Building C object CMakeFiles/app.dir/mnt/host/source/src/platform/ec/build/zephyr/ocicat-ish/modules/ec/common/mkbp_fifo.c.obj
[lotso:ro] [49/387] Building C object zephyr/CMakeFiles/zephyr.dir/subsys/testsuite/coverage/coverage.c.obj
[ocelotrvp-npcx:ro] [255/408] Building C object zephyr/drivers/bbram/CMakeFiles/drivers__bbram.dir/bbram_npcx.c.obj
[ocelotrvp-npcx:ro] [256/408] Linking CXX static library zephyr/drivers/bbram/libdrivers__bbram.a
[ocelotrvp-npcx:rw] [342/408] Building C object modules/ec/zephyr/CMakeFiles/ec_shim.dir/shim/src/led_driver/led_gpio.c.obj
[ocelotrvp-npcx:ro] [257/408] Building C object zephyr/drivers/adc/CMakeFiles/drivers__adc.dir/adc_npcx.c.obj
[ocelotrvp-npcx:ro] [258/408] Linking CXX static library zephyr/drivers/adc/libdrivers__adc.a
[ocelotrvp-npcx:ro] [259/408] Building C object zephyr/drivers/clock_control/CMakeFiles/drivers__clock_control.dir/clock_control_npcx.c.obj
[ocelotrvp-npcx:rw] [343/408] Building C object modules/ec/zephyr/CMakeFiles/ec_shim.dir/shim/src/battery.c.obj
[ocelotrvp-npcx:rw] [344/408] Building C object modules/ec/zephyr/CMakeFiles/ec_shim.dir/shim/src/system.c.obj
[ocelotrvp-npcx:rw] [345/408] Building C object modules/ec/zephyr/CMakeFiles/ec_shim.dir/shim/src/charger.c.obj
[ocelotrvp-npcx:ro] [260/408] Linking CXX static library zephyr/drivers/clock_control/libdrivers__clock_control.a
[ocelotrvp-npcx:rw] [346/408] Building C object modules/ec/zephyr/CMakeFiles/ec_shim.dir/shim/src/adc.c.obj
[ocelotrvp-npcx:ro] [261/408] Building C object zephyr/drivers/console/CMakeFiles/drivers__console.dir/uart_console.c.obj
[ocelotrvp-npcx:ro] [262/408] Linking CXX static library zephyr/drivers/console/libdrivers__console.a
[ocelotrvp-npcx:rw] [347/408] Building C object modules/ec/zephyr/CMakeFiles/ec_shim.dir/shim/src/pdc_shim.c.obj
[lotso:ro] [50/387] Building C object zephyr/CMakeFiles/zephyr.dir/subsys/tracing/tracing_none.c.obj
[ocelotrvp-npcx:rw] [348/408] Building C object modules/ec/zephyr/CMakeFiles/ec_shim.dir/shim/src/chipset_api.c.obj
[ocicat-ish:singleimage] [59/266] Building C object CMakeFiles/app.dir/mnt/host/source/src/platform/ec/build/zephyr/ocicat-ish/modules/ec/common/motion_sense.c.obj
[/mnt/host/source/src/platform/ec/build/zephyr/gothrax-lcov]   /mnt/host/source/src/platform/ec/build/zephyr/gothrax/build-ro/zephyr/drivers/sensor/CMakeFiles/drivers__sensor.dir/mnt/host/source/src/third_party/zephyr/main/misc/empty_file.c.gcno:no functions found
[/mnt/host/source/src/platform/ec/build/zephyr/gothrax-lcov] stderr:
[ocelotrvp-npcx:rw] [349/408] Building C object modules/ec/zephyr/CMakeFiles/ec_shim.dir/shim/src/espi.c.obj
[ocelotrvp-npcx:ro] [263/408] Building C object zephyr/drivers/crypto/CMakeFiles/drivers__crypto.dir/crypto_npcx_sha.c.obj
[ocelotrvp-npcx:ro] [264/408] Linking CXX static library zephyr/drivers/crypto/libdrivers__crypto.a
[/mnt/host/source/src/platform/ec/build/zephyr/gothrax-lcov]   /mnt/host/source/src/platform/ec/build/zephyr/gothrax/build-rw/modules/ec/zephyr/CMakeFiles/ec_shim.dir/shim/src/thermal.c.gcno:no functions found
[/mnt/host/source/src/platform/ec/build/zephyr/gothrax-lcov] stderr:
[ocicat-ish:singleimage] [60/266] Building C object CMakeFiles/app.dir/mnt/host/source/src/platform/ec/build/zephyr/ocicat-ish/modules/ec/common/sha256.c.obj
[lotso:ro] [51/387] Building C object zephyr/CMakeFiles/zephyr.dir/subsys/shell/modules/kernel_service/kernel_shell.c.obj
[ocelotrvp-npcx:ro] [265/408] Building C object zephyr/drivers/espi/CMakeFiles/drivers__espi.dir/espi_npcx.c.obj
[ocelotrvp-npcx:ro] [266/408] Building C object zephyr/drivers/flash/CMakeFiles/drivers__flash.dir/jesd216.c.obj
[ocelotrvp-npcx:rw] [350/408] Building C object modules/ec/zephyr/CMakeFiles/ec_shim.dir/shim/src/fan.c.obj
[ocelotrvp-npcx:ro] [267/408] Building C object zephyr/drivers/espi/CMakeFiles/drivers__espi.dir/host_subs_npcx.c.obj
[ocelotrvp-npcx:rw] [351/408] Building C object modules/ec/zephyr/CMakeFiles/ec_shim.dir/shim/src/hooks.c.obj
[ocelotrvp-npcx:rw] [352/408] Building C object modules/ec/zephyr/CMakeFiles/ec_shim.dir/shim/src/host_command.c.obj
[ocelotrvp-npcx:ro] [268/408] Linking CXX static library zephyr/drivers/espi/libdrivers__espi.a
[ocelotrvp-npcx:rw] [353/408] Building C object modules/ec/zephyr/CMakeFiles/ec_shim.dir/shim/src/flash.c.obj
[/mnt/host/source/src/platform/ec/build/zephyr/gothrax-lcov]   /mnt/host/source/src/platform/ec/build/zephyr/gothrax/build-rw/modules/ec/zephyr/CMakeFiles/ec_shim.dir/shim/src/battery.c.gcno:no functions found
[/mnt/host/source/src/platform/ec/build/zephyr/gothrax-lcov] stderr:
[ocelotrvp-npcx:rw] [354/408] Building C object modules/ec/zephyr/CMakeFiles/ec_shim.dir/shim/src/mkbp_event.c.obj
[ocelotrvp-npcx:rw] [355/408] Building C object modules/ec/zephyr/CMakeFiles/ec_shim.dir/shim/src/panic.c.obj
[/mnt/host/source/src/platform/ec/build/zephyr/gothrax-lcov]   /mnt/host/source/src/platform/ec/build/zephyr/gothrax/build-rw/modules/ec/zephyr/CMakeFiles/ec_shim.dir/shim/src/charger.c.gcno:no functions found
[/mnt/host/source/src/platform/ec/build/zephyr/gothrax-lcov] stderr:
[ocelotrvp-npcx:rw] [356/408] Building C object modules/ec/zephyr/CMakeFiles/ec_shim.dir/shim/src/console_buffer.c.obj
[/mnt/host/source/src/platform/ec/build/zephyr/screebo-lcov]   /mnt/host/source/src/platform/ec/build/zephyr/screebo/build-ro/zephyr/drivers/sensor/CMakeFiles/drivers__sensor.dir/mnt/host/source/src/third_party/zephyr/main/misc/empty_file.c.gcno:no functions found
[/mnt/host/source/src/platform/ec/build/zephyr/screebo-lcov] stderr:
[ocicat-ish:singleimage] [61/266] Building C object CMakeFiles/app.dir/mnt/host/source/src/platform/ec/build/zephyr/ocicat-ish/modules/ec/common/shared_mem.c.obj
[ocelotrvp-npcx:rw] [357/408] Building C object modules/ec/zephyr/CMakeFiles/ec_shim.dir/shim/src/pwm_hc.c.obj
[lotso:ro] [52/387] Building C object zephyr/CMakeFiles/zephyr.dir/subsys/shell/modules/kernel_service/cycles.c.obj
[ocelotrvp-npcx:ro] [269/408] Building C object zephyr/drivers/flash/CMakeFiles/drivers__flash.dir/flash_npcx_fiu_nor.c.obj
[ocelotrvp-npcx:rw] [358/408] Building C object modules/ec/zephyr/CMakeFiles/ec_shim.dir/shim/src/hwtimer.c.obj
[/mnt/host/source/src/platform/ec/build/zephyr/screebo-lcov]   /mnt/host/source/src/platform/ec/build/zephyr/screebo/build-rw/modules/ec/zephyr/CMakeFiles/ec_shim.dir/shim/src/thermal.c.gcno:no functions found
[/mnt/host/source/src/platform/ec/build/zephyr/screebo-lcov] stderr:
[ocelotrvp-npcx:ro] [270/408] Building C object zephyr/drivers/flash/CMakeFiles/drivers__flash.dir/flash_npcx_fiu_qspi.c.obj
[ocelotrvp-npcx:rw] [359/408] Building C object modules/ec/zephyr/CMakeFiles/ec_shim.dir/shim/src/thermal.c.obj
[ocelotrvp-npcx:ro] [271/408] Building C object zephyr/drivers/gpio/CMakeFiles/drivers__gpio.dir/gpio_ite_it8801.c.obj
[/mnt/host/source/src/platform/ec/build/zephyr/gothrax-lcov]   /mnt/host/source/src/platform/ec/build/zephyr/gothrax/build-rw/modules/ec/zephyr/CMakeFiles/ec_shim.dir/shim/src/usb_muxes.c.gcno:no functions found
[/mnt/host/source/src/platform/ec/build/zephyr/gothrax-lcov] stderr:
[ocelotrvp-npcx:ro] [272/408] Linking CXX static library zephyr/drivers/flash/libdrivers__flash.a
[ocelotrvp-npcx:ro] [273/408] Building C object zephyr/drivers/gpio/CMakeFiles/drivers__gpio.dir/gpio_npcx.c.obj
[ocelotrvp-npcx:rw] [360/408] Building C object modules/ec/zephyr/CMakeFiles/ec_shim.dir/shim/src/i2c.c.obj
[ocicat-ish:singleimage] [62/266] Building C object CMakeFiles/app.dir/mnt/host/source/src/platform/ec/build/zephyr/ocicat-ish/modules/ec/common/tablet_mode.c.obj
[ocelotrvp-npcx:rw] [361/408] Building C object modules/ec/zephyr/CMakeFiles/ec_shim.dir/shim/src/temp_sensors.c.obj
[ocelotrvp-npcx:rw] [362/408] Building C object modules/ec/zephyr/CMakeFiles/ec_shim.dir/shim/src/watchdog.c.obj
[ocelotrvp-npcx:rw] [363/408] Building C object modules/ec/zephyr/CMakeFiles/ec_shim.dir/shim/src/usba.c.obj
[ocelotrvp-npcx:rw] [364/408] Building C object modules/ec/zephyr/CMakeFiles/ec_shim.dir/shim/src/tasks.c.obj
[/mnt/host/source/src/platform/ec/build/zephyr/screebo-lcov]   /mnt/host/source/src/platform/ec/build/zephyr/screebo/build-rw/modules/ec/zephyr/CMakeFiles/ec_shim.dir/shim/src/battery.c.gcno:no functions found
[/mnt/host/source/src/platform/ec/build/zephyr/screebo-lcov] stderr:
[ocelotrvp-npcx:rw] [365/408] Linking CXX static library modules/pigweed/pw_containers/libpw_containers.intrusive_item.a
[lotso:ro] [53/387] Building C object zephyr/CMakeFiles/zephyr.dir/subsys/shell/modules/kernel_service/sleep.c.obj
[ocelotrvp-npcx:rw] [366/408] Building CXX object modules/pigweed/pw_status/CMakeFiles/pw_status.dir/status.cc.obj
[/mnt/host/source/src/platform/ec/build/zephyr/screebo-lcov]   /mnt/host/source/src/platform/ec/build/zephyr/screebo/build-rw/modules/ec/zephyr/CMakeFiles/ec_shim.dir/shim/src/charger.c.gcno:no functions found
[/mnt/host/source/src/platform/ec/build/zephyr/screebo-lcov] stderr:
[ocelotrvp-npcx:rw] [367/408] Linking CXX static library modules/pigweed/pw_status/libpw_status.a
[ocelotrvp-npcx:rw] [368/408] Linking CXX static library modules/pigweed/pw_bytes/libpw_bytes.a
[ocelotrvp-npcx:rw] [369/408] Building C object modules/ec/zephyr/CMakeFiles/ec_shim.dir/shim/src/power_host_sleep_api.c.obj
[ocelotrvp-npcx:ro] [274/408] Building C object zephyr/drivers/gpio/CMakeFiles/drivers__gpio.dir/gpio_pca95xx.c.obj
[ocelotrvp-npcx:ro] [275/408] Linking CXX static library zephyr/drivers/gpio/libdrivers__gpio.a
[ocicat-ish:singleimage] [63/266] Building C object CMakeFiles/app.dir/mnt/host/source/src/platform/ec/build/zephyr/ocicat-ish/modules/ec/common/timer.c.obj
[ocelotrvp-npcx:rw] [370/408] Building C object modules/ec/zephyr/CMakeFiles/ec_shim.dir/shim/src/sha256_hw.c.obj
[ocelotrvp-npcx:rw] [371/408] Linking CXX static library modules/ec/zephyr/libec_shim.a
[ocelotrvp-npcx:ro] [276/408] Building C object zephyr/drivers/i2c/CMakeFiles/drivers__i2c.dir/i2c_common.c.obj
[ocelotrvp-npcx:rw] [372/408] Building C object zephyr/kernel/CMakeFiles/kernel.dir/main_weak.c.obj
[ocelotrvp-npcx:ro] [277/408] Building C object zephyr/drivers/i2c/CMakeFiles/drivers__i2c.dir/i2c_shell.c.obj
[ocelotrvp-npcx:rw] [373/408] Building C object zephyr/kernel/CMakeFiles/kernel.dir/banner.c.obj
[lotso:ro] [54/387] Building C object zephyr/CMakeFiles/zephyr.dir/subsys/shell/modules/kernel_service/uptime.c.obj
[ocelotrvp-npcx:rw] [374/408] Building C object zephyr/kernel/CMakeFiles/kernel.dir/busy_wait.c.obj
[ocelotrvp-npcx:ro] [278/408] Building C object zephyr/drivers/i2c/CMakeFiles/drivers__i2c.dir/i2c_npcx_controller.c.obj
[/mnt/host/source/src/platform/ec/build/zephyr/gothrax-lcov]   /mnt/host/source/src/platform/ec/build/zephyr/gothrax/build-rw/modules/ec/zephyr/CMakeFiles/ec_shim.dir/shim/src/usba.c.gcno:no functions found
[/mnt/host/source/src/platform/ec/build/zephyr/gothrax-lcov] stderr:
[ocicat-ish:singleimage] [64/266] Building C object CMakeFiles/app.dir/mnt/host/source/src/platform/ec/build/zephyr/ocicat-ish/modules/ec/common/vstore.c.obj
[/mnt/host/source/src/platform/ec/build/zephyr/screebo-lcov]   /mnt/host/source/src/platform/ec/build/zephyr/screebo/build-rw/modules/ec/zephyr/CMakeFiles/ec_shim.dir/shim/src/usb_muxes.c.gcno:no functions found
[/mnt/host/source/src/platform/ec/build/zephyr/screebo-lcov] stderr:
[ocelotrvp-npcx:rw] [375/408] Building C object zephyr/kernel/CMakeFiles/kernel.dir/device.c.obj
[/mnt/host/source/src/platform/ec/build/zephyr/screebo-lcov]   /mnt/host/source/src/platform/ec/build/zephyr/screebo/build-rw/modules/ec/zephyr/CMakeFiles/ec_shim.dir/shim/src/bb_retimer_usb_mux.c.gcno:no functions found
[/mnt/host/source/src/platform/ec/build/zephyr/screebo-lcov] stderr:
[ocelotrvp-npcx:ro] [279/408] Building C object zephyr/drivers/i2c/CMakeFiles/drivers__i2c.dir/i2c_npcx_controller_fifo.c.obj
[ocelotrvp-npcx:rw] [376/408] Building C object zephyr/kernel/CMakeFiles/kernel.dir/errno.c.obj
[lotso:ro] [55/387] Building C object zephyr/CMakeFiles/zephyr.dir/subsys/shell/modules/kernel_service/version.c.obj
[ocelotrvp-npcx:ro] [280/408] Building C object zephyr/drivers/i2c/CMakeFiles/drivers__i2c.dir/i2c_npcx_port.c.obj
[ocelotrvp-npcx:rw] [377/408] Building C object zephyr/kernel/CMakeFiles/kernel.dir/fatal.c.obj
[ocicat-ish:singleimage] [65/266] Building C object CMakeFiles/app.dir/mnt/host/source/src/platform/ec/build/zephyr/ocicat-ish/modules/ec/common/math_util.c.obj
[ocelotrvp-npcx:ro] [281/408] Linking CXX static library zephyr/drivers/i2c/libdrivers__i2c.a
[ocelotrvp-npcx:ro] [282/408] Building C object zephyr/drivers/input/CMakeFiles/drivers__input.dir/input_kbd_matrix.c.obj
[ocelotrvp-npcx:rw] [378/408] Building C object zephyr/kernel/CMakeFiles/kernel.dir/init.c.obj
[ocelotrvp-npcx:rw] [379/408] Building C object zephyr/kernel/CMakeFiles/kernel.dir/kheap.c.obj
[ocicat-ish:singleimage] [66/266] Linking CXX static library app/libapp.a
[ocelotrvp-npcx:rw] [380/408] Building C object zephyr/kernel/CMakeFiles/kernel.dir/version.c.obj
[ocelotrvp-npcx:rw] [381/408] Building C object zephyr/kernel/CMakeFiles/kernel.dir/mem_slab.c.obj
[ocelotrvp-npcx:ro] [283/408] Building C object zephyr/drivers/input/CMakeFiles/drivers__input.dir/input_npcx_kbd.c.obj
[ocicat-ish:singleimage] [67/266] Building C object zephyr/CMakeFiles/zephyr.dir/lib/libc/validate_libc.c.obj
[ocelotrvp-npcx:ro] [284/408] Linking CXX static library zephyr/drivers/input/libdrivers__input.a
[ocelotrvp-npcx:ro] [285/408] Building C object zephyr/drivers/mfd/CMakeFiles/drivers__mfd.dir/mfd_ite_it8801.c.obj
[lotso:ro] [56/387] Building C object zephyr/CMakeFiles/zephyr.dir/subsys/shell/modules/kernel_service/thread/thread.c.obj
[ocicat-ish:singleimage] [68/266] Building C object zephyr/CMakeFiles/zephyr.dir/lib/cpp/abi/cpp_dtors.c.obj
[ocelotrvp-npcx:rw] [382/408] Building C object zephyr/kernel/CMakeFiles/kernel.dir/float.c.obj
[ocelotrvp-npcx:ro] [286/408] Building C object zephyr/drivers/pinctrl/CMakeFiles/drivers__pinctrl.dir/common.c.obj
[/mnt/host/source/src/platform/ec/build/zephyr/screebo-lcov]   /mnt/host/source/src/platform/ec/build/zephyr/screebo/build-rw/modules/ec/zephyr/CMakeFiles/ec_shim.dir/shim/src/usba.c.gcno:no functions found
[/mnt/host/source/src/platform/ec/build/zephyr/screebo-lcov] stderr:
[ocelotrvp-npcx:ro] [287/408] Building C object zephyr/drivers/mfd/CMakeFiles/drivers__mfd.dir/mfd_it8801_altctrl.c.obj
[ocelotrvp-npcx:rw] [383/408] Building C object zephyr/kernel/CMakeFiles/kernel.dir/mailbox.c.obj
[ocelotrvp-npcx:rw] [384/408] Building C object zephyr/kernel/CMakeFiles/kernel.dir/idle.c.obj
[ocelotrvp-npcx:ro] [288/408] Linking CXX static library zephyr/drivers/mfd/libdrivers__mfd.a
[ocelotrvp-npcx:rw] [385/408] Building C object zephyr/kernel/CMakeFiles/kernel.dir/msg_q.c.obj
[ocelotrvp-npcx:ro] [289/408] Linking CXX static library zephyr/drivers/sensor/libdrivers__sensor.a
[ocicat-ish:singleimage] [69/266] Building C object zephyr/CMakeFiles/zephyr.dir/lib/heap/heap.c.obj
[lotso:ro] [57/387] Building C object zephyr/CMakeFiles/zephyr.dir/subsys/shell/modules/kernel_service/thread/list.c.obj
[ocelotrvp-npcx:ro] [290/408] Building C object zephyr/drivers/pinctrl/CMakeFiles/drivers__pinctrl.dir/pinctrl_npcx.c.obj
[ocelotrvp-npcx:rw] [386/408] Building C object zephyr/kernel/CMakeFiles/kernel.dir/mutex.c.obj
[ocelotrvp-npcx:ro] [291/408] Linking CXX static library zephyr/drivers/pinctrl/libdrivers__pinctrl.a
[ocelotrvp-npcx:ro] [292/408] Building C object zephyr/drivers/pwm/CMakeFiles/drivers__pwm.dir/pwm_shell.c.obj
[ocelotrvp-npcx:rw] [387/408] Building CXX object modules/ec/zephyr/drivers/dsp_comms/service/CMakeFiles/dsp.service.dir/i2c_target_pio_funcs.cc.obj
[ocelotrvp-npcx:ro] [293/408] Building C object zephyr/drivers/pwm/CMakeFiles/drivers__pwm.dir/pwm_npcx.c.obj
[ocelotrvp-npcx:rw] [388/408] Building C object zephyr/kernel/CMakeFiles/kernel.dir/queue.c.obj
[ocelotrvp-npcx:ro] [294/408] Linking CXX static library zephyr/drivers/pwm/libdrivers__pwm.a
[ocelotrvp-npcx:rw] [389/408] Building CXX object modules/ec/zephyr/drivers/dsp_comms/service/CMakeFiles/dsp.service.dir/i2c_target_buffer_funcs.cc.obj
[ocelotrvp-npcx:rw] [390/408] Building CXX object modules/ec/zephyr/drivers/dsp_comms/service/CMakeFiles/dsp.service.dir/dsp_service.cc.obj
[ocelotrvp-npcx:rw] [391/408] Building C object zephyr/kernel/CMakeFiles/kernel.dir/system_work_q.c.obj
[ocelotrvp-npcx:rw] [392/408] Building C object zephyr/kernel/CMakeFiles/kernel.dir/sem.c.obj
[ocelotrvp-npcx:rw] [393/408] Linking CXX static library modules/ec/zephyr/drivers/dsp_comms/service/libdsp.service.a
[ocelotrvp-npcx:rw] [394/408] Building C object zephyr/kernel/CMakeFiles/kernel.dir/stack.c.obj
[ocicat-ish:singleimage] [70/266] Building C object zephyr/CMakeFiles/zephyr.dir/lib/os/cbprintf_packaged.c.obj
[lotso:ro] [58/387] Building C object zephyr/CMakeFiles/zephyr.dir/subsys/shell/modules/kernel_service/thread/stacks.c.obj
[ocelotrvp-npcx:ro] [295/408] Building C object zephyr/drivers/syscon/CMakeFiles/drivers__syscon.dir/syscon.c.obj
[ocelotrvp-npcx:ro] [296/408] Building C object zephyr/drivers/sensor/nuvoton/nuvoton_tach_npcx/CMakeFiles/drivers__sensor__nuvoton__nuvoton_tach_npcx.dir/tach_nuvoton_npcx.c.obj
[ocelotrvp-npcx:ro] [297/408] Linking CXX static library zephyr/drivers/syscon/libdrivers__syscon.a
[ocelotrvp-npcx:rw] [395/408] Building C object zephyr/kernel/CMakeFiles/kernel.dir/work.c.obj
[ocelotrvp-npcx:ro] [298/408] Linking CXX static library zephyr/drivers/sensor/nuvoton/nuvoton_tach_npcx/libdrivers__sensor__nuvoton__nuvoton_tach_npcx.a
[/mnt/host/source/src/platform/ec/build/zephyr/gothrax-lcov]   /mnt/host/source/src/platform/ec/build/zephyr/gothrax/build-rw/modules/ec/zephyr/CMakeFiles/ec_shim.dir/shim/src/bc12.c.gcno:no functions found
[/mnt/host/source/src/platform/ec/build/zephyr/gothrax-lcov] stderr:
[ocelotrvp-npcx:rw] [396/408] Building C object zephyr/kernel/CMakeFiles/kernel.dir/condvar.c.obj
[ocicat-ish:singleimage] [71/266] Building C object zephyr/CMakeFiles/zephyr.dir/lib/os/clock.c.obj
[ocelotrvp-npcx:ro] [299/408] Building C object zephyr/drivers/serial/CMakeFiles/drivers__serial.dir/uart_npcx.c.obj
[ocelotrvp-npcx:rw] [397/408] Building C object zephyr/kernel/CMakeFiles/kernel.dir/thread.c.obj
[ocelotrvp-npcx:ro] [300/408] Building C object zephyr/drivers/timer/CMakeFiles/drivers__timer.dir/sys_clock_init.c.obj
[ocelotrvp-npcx:ro] [301/408] Linking CXX static library zephyr/drivers/serial/libdrivers__serial.a
[ocelotrvp-npcx:rw] [398/408] Building C object zephyr/kernel/CMakeFiles/kernel.dir/pipe.c.obj
[ocelotrvp-npcx:rw] [399/408] Building C object zephyr/kernel/CMakeFiles/kernel.dir/thread_monitor.c.obj
[ocelotrvp-npcx:rw] [400/408] Building C object zephyr/kernel/CMakeFiles/kernel.dir/sched.c.obj
[ocelotrvp-npcx:rw] [401/408] Building C object zephyr/kernel/CMakeFiles/kernel.dir/spinlock_validate.c.obj
[ocelotrvp-npcx:rw] [402/408] Building C object zephyr/kernel/CMakeFiles/kernel.dir/timeout.c.obj
[lotso:ro] [59/387] Building C object zephyr/CMakeFiles/zephyr.dir/subsys/shell/modules/kernel_service/thread/unwind.c.obj
[ocicat-ish:singleimage] [72/266] Building C object zephyr/CMakeFiles/zephyr.dir/lib/os/printk.c.obj
[ocelotrvp-npcx:ro] [302/408] Building C object zephyr/drivers/timer/CMakeFiles/drivers__timer.dir/npcx_itim_timer.c.obj
[ocelotrvp-npcx:rw] [403/408] Building C object zephyr/kernel/CMakeFiles/kernel.dir/timer.c.obj
[ocelotrvp-npcx:ro] [303/408] Linking CXX static library zephyr/drivers/timer/libdrivers__timer.a
[ocelotrvp-npcx:ro] [304/408] Building C object zephyr/drivers/watchdog/CMakeFiles/drivers__watchdog.dir/wdt_npcx.c.obj
[ocelotrvp-npcx:rw] [404/408] Building C object zephyr/kernel/CMakeFiles/kernel.dir/poll.c.obj
Running (initial) lcov on /mnt/host/source/src/platform/ec/build/zephyr/skitty.
[ocelotrvp-npcx:rw] [405/408] Building C object zephyr/kernel/CMakeFiles/kernel.dir/events.c.obj
[ocicat-ish:singleimage] [73/266] Building C object zephyr/CMakeFiles/zephyr.dir/lib/os/sem.c.obj
[lotso:ro] [60/387] Building C object zephyr/CMakeFiles/zephyr.dir/subsys/shell/modules/kernel_service/thread/suspend.c.obj
[ocelotrvp-npcx:rw] [406/408] Building C object zephyr/kernel/CMakeFiles/kernel.dir/mempool.c.obj
[ocelotrvp-npcx:ro] [305/408] Building C object zephyr/drivers/watchdog/CMakeFiles/drivers__watchdog.dir/wdt_shell.c.obj
Running (initial) lcov on /mnt/host/source/src/platform/ec/build/zephyr/adlrvp_mchp.
[ocelotrvp-npcx:rw] [407/408] Building C object zephyr/kernel/CMakeFiles/kernel.dir/dynamic_disabled.c.obj
[lotso:ro] [61/387] Building C object zephyr/CMakeFiles/zephyr.dir/subsys/shell/modules/kernel_service/thread/resume.c.obj
[ocelotrvp-npcx:rw] [408/408] Linking CXX static library zephyr/kernel/libkernel.a
[ocelotrvp-npcx:ro] [306/408] Linking CXX static library zephyr/drivers/watchdog/libdrivers__watchdog.a
Running `env -i PYTHONPATH=/usr/lib64/python-exec/python3.11:/mnt/host/source/src/platform/ec/zephyr/zmake:/usr/lib/python311.zip:/usr/lib/python3.11:/usr/lib/python3.11/lib-dynload:/usr/lib/python3.11/site-packages PW_PIGWEED_CIPD_INSTALL_DIR=/usr CROSTC_USER_ACKNOWLEDGES_THAT_RISCV_IS_EXPERIMENTAL=1 PATH=/mnt/host/source/chromite/bin:/usr/local/bin:/usr/bin:/bin:/opt/bin:/mnt/host/source/chromite/sdk/bin:/mnt/host/source/chromite/bin HOME=/home/jpmurphy JAVA_HOME=/etc/java-config-2/current-system-vm JDK_HOME=/etc/java-config-2/current-system-vm JAVAC=/etc/java-config-2/current-system-vm/bin/javac MAKEFLAGS=' -j16 --jobserver-auth=5,6' /usr/bin/lcov --gcov-tool /mnt/host/source/src/platform/ec/build/zephyr/skitty/build-rw/gcov.sh -q -o - -c -d /mnt/host/source/src/platform/ec/build/zephyr/skitty -t skitty --rc branch_coverage=1 --filter range --ignore-errors inconsistent,source --ignore-errors gcov,gcov -i`
[lotso:ro] [62/387] Building C object zephyr/CMakeFiles/zephyr.dir/subsys/shell/modules/kernel_service/thread/kill.c.obj
[ocicat-ish:singleimage] [74/266] Building C object zephyr/CMakeFiles/zephyr.dir/lib/os/cbprintf_nano.c.obj
[ocicat-ish:singleimage] [75/266] Building C object zephyr/CMakeFiles/zephyr.dir/lib/os/thread_entry.c.obj
[ocelotrvp-npcx:ro] [307/408] Building C object modules/ec/zephyr/CMakeFiles/ec_shim.dir/app/ec/ec_app_main.c.obj
Running `env -i PYTHONPATH=/usr/lib64/python-exec/python3.11:/mnt/host/source/src/platform/ec/zephyr/zmake:/usr/lib/python311.zip:/usr/lib/python3.11:/usr/lib/python3.11/lib-dynload:/usr/lib/python3.11/site-packages PW_PIGWEED_CIPD_INSTALL_DIR=/usr CROSTC_USER_ACKNOWLEDGES_THAT_RISCV_IS_EXPERIMENTAL=1 PATH=/mnt/host/source/chromite/bin:/usr/local/bin:/usr/bin:/bin:/opt/bin:/mnt/host/source/chromite/sdk/bin:/mnt/host/source/chromite/bin HOME=/home/jpmurphy JAVA_HOME=/etc/java-config-2/current-system-vm JDK_HOME=/etc/java-config-2/current-system-vm JAVAC=/etc/java-config-2/current-system-vm/bin/javac MAKEFLAGS=' -j16 --jobserver-auth=5,6' /usr/bin/lcov --gcov-tool /mnt/host/source/src/platform/ec/build/zephyr/adlrvp_mchp/build-rw/gcov.sh -q -o - -c -d /mnt/host/source/src/platform/ec/build/zephyr/adlrvp_mchp -t adlrvp_mchp --rc branch_coverage=1 --filter range --ignore-errors inconsistent,source --ignore-errors gcov,gcov -i`
[/mnt/host/source/src/platform/ec/build/zephyr/screebo-lcov]   /mnt/host/source/src/platform/ec/build/zephyr/screebo/build-rw/modules/ec/zephyr/CMakeFiles/ec_shim.dir/shim/src/bc12.c.gcno:no functions found
[/mnt/host/source/src/platform/ec/build/zephyr/screebo-lcov] stderr:
[ocicat-ish:singleimage] [76/266] Building C object zephyr/CMakeFiles/zephyr.dir/lib/os/assert.c.obj
[ocelotrvp-npcx:ro] [308/408] Building C object modules/ec/zephyr/CMakeFiles/ec_shim.dir/app/ec/main_shim.c.obj
[ocicat-ish:singleimage] [77/266] Building C object zephyr/CMakeFiles/zephyr.dir/lib/os/reboot.c.obj
[ocelotrvp-npcx:ro] [309/408] Building C object modules/ec/zephyr/CMakeFiles/ec_shim.dir/drivers/board_id/board_id_intel_rvp.c.obj
[ocicat-ish:singleimage] [78/266] Building C object zephyr/CMakeFiles/zephyr.dir/lib/os/mpsc_pbuf.c.obj
[ocelotrvp-npcx:ro] [310/408] Building C object modules/ec/zephyr/CMakeFiles/ec_shim.dir/drivers/keyboard_input/keyboard_customization_check.c.obj
[lotso:ro] [63/387] Building C object zephyr/CMakeFiles/zephyr.dir/subsys/shell/shell_fprintf.c.obj
[ocelotrvp-npcx:ro] [311/408] Building C object modules/ec/zephyr/CMakeFiles/ec_shim.dir/drivers/cros_flash/cros_flash_npcx.c.obj
[ocicat-ish:singleimage] [79/266] Building C object zephyr/CMakeFiles/zephyr.dir/lib/utils/dec.c.obj
[lotso:ro] [64/387] Building C object zephyr/CMakeFiles/zephyr.dir/subsys/shell/backends/shell_uart.c.obj
[ocicat-ish:singleimage] [80/266] Building C object zephyr/CMakeFiles/zephyr.dir/lib/utils/hex.c.obj
[ocelotrvp-npcx:ro] [312/408] Building C object modules/ec/zephyr/CMakeFiles/ec_shim.dir/drivers/cros_kblight/pwm_kblight.c.obj
[lotso:ro] [65/387] Building C object zephyr/CMakeFiles/zephyr.dir/subsys/shell/shell.c.obj
[/mnt/host/source/src/platform/ec/build/zephyr/skitty-lcov] geninfo: WARNING: using JSON module "JSON::PP" - which is much slower than some alternatives.  Consider installing one of JSON::XS or Cpanel::JSON::XS
[ocelotrvp-npcx:ro] [313/408] Building C object modules/ec/zephyr/CMakeFiles/ec_shim.dir/drivers/cros_system/cros_system_npcx.c.obj
[/mnt/host/source/src/platform/ec/build/zephyr/adlrvp_mchp-lcov] geninfo: WARNING: using JSON module "JSON::PP" - which is much slower than some alternatives.  Consider installing one of JSON::XS or Cpanel::JSON::XS
[ocicat-ish:singleimage] [81/266] Building C object zephyr/CMakeFiles/zephyr.dir/lib/utils/rb.c.obj
[ocelotrvp-npcx:ro] [314/408] Building C object modules/ec/zephyr/CMakeFiles/ec_shim.dir/mnt/host/source/src/platform/ec/build/zephyr/ocelotrvp-npcx/modules/ec/common/lid_angle_keyboard_policy.c.obj
[ocicat-ish:singleimage] [82/266] Building C object zephyr/CMakeFiles/zephyr.dir/lib/utils/timeutil.c.obj
[ocicat-ish:singleimage] [83/266] Building C object zephyr/CMakeFiles/zephyr.dir/lib/utils/bitarray.c.obj
[ocelotrvp-npcx:ro] [315/408] Building C object modules/ec/zephyr/CMakeFiles/ec_shim.dir/drivers/usbc/ucsi_v3.c.obj
[ocicat-ish:singleimage] [84/266] Building C object zephyr/CMakeFiles/zephyr.dir/lib/utils/bitmask.c.obj
[lotso:ro] [66/387] Building C object zephyr/CMakeFiles/zephyr.dir/subsys/shell/shell_utils.c.obj
[ocelotrvp-npcx:ro] [316/408] Building C object modules/ec/zephyr/CMakeFiles/ec_shim.dir/drivers/keyboard_input/keyboard_input.c.obj
[ocicat-ish:singleimage] [85/266] Building C object zephyr/CMakeFiles/zephyr.dir/lib/utils/getopt/getopt.c.obj
[lotso:ro] [67/387] Building C object zephyr/CMakeFiles/zephyr.dir/subsys/shell/shell_ops.c.obj
[/mnt/host/source/src/platform/ec/build/zephyr/skitty-lcov] stderr:
[lotso:ro] [68/387] Building C object zephyr/CMakeFiles/zephyr.dir/subsys/shell/shell_help.c.obj
[ocicat-ish:singleimage] [86/266] Building C object zephyr/CMakeFiles/zephyr.dir/lib/utils/ring_buffer.c.obj
[ocicat-ish:singleimage] [87/266] Building C object zephyr/CMakeFiles/zephyr.dir/misc/generated/configs.c.obj
[ocicat-ish:singleimage] [88/266] Building C object zephyr/CMakeFiles/zephyr.dir/lib/utils/getopt/getopt_common.c.obj
[ocelotrvp-npcx:ro] [317/408] Building C object modules/ec/zephyr/CMakeFiles/ec_shim.dir/drivers/usbc/pdc_rts54xx.c.obj
[lotso:ro] [69/387] Building C object zephyr/CMakeFiles/zephyr.dir/subsys/shell/shell_history.c.obj
[/mnt/host/source/src/platform/ec/build/zephyr/skitty-lcov]   /mnt/host/source/src/platform/ec/build/zephyr/skitty/build-ro/modules/ec/zephyr/CMakeFiles/ec_shim.dir/shim/src/power.c.gcno:no functions found
[/mnt/host/source/src/platform/ec/build/zephyr/skitty-lcov] stderr:
[ocelotrvp-npcx:ro] [318/408] Building C object modules/ec/zephyr/CMakeFiles/ec_shim.dir/drivers/usbc/pdc_rts54xx_fwup.c.obj
[ocelotrvp-npcx:ro] [319/408] Building C object modules/ec/zephyr/CMakeFiles/ec_shim.dir/drivers/usbc/tps6699x_cmd.c.obj
[/mnt/host/source/src/platform/ec/build/zephyr/adlrvp_mchp-lcov] stderr:
[ocicat-ish:singleimage] [89/266] Building C object zephyr/CMakeFiles/zephyr.dir/soc/intel/intel_ish/intel_ish5/soc.c.obj
[/mnt/host/source/src/platform/ec/build/zephyr/skitty-lcov]   /mnt/host/source/src/platform/ec/build/zephyr/skitty/build-ro/modules/ec/zephyr/CMakeFiles/ec_shim.dir/shim/src/thermal.c.gcno:no functions found
[/mnt/host/source/src/platform/ec/build/zephyr/skitty-lcov] stderr:
[lotso:ro] [70/387] Building C object zephyr/arch/common/CMakeFiles/arch__common.dir/sw_isr_common.c.obj
[ocicat-ish:singleimage] [90/266] Building C object zephyr/CMakeFiles/zephyr.dir/soc/intel/intel_ish/intel_ish5/pm/power.c.obj
[lotso:ro] [71/387] Building C object zephyr/CMakeFiles/zephyr.dir/drivers/flash/flash_util.c.obj
[/mnt/host/source/src/platform/ec/build/zephyr/skitty-lcov]   /mnt/host/source/src/platform/ec/build/zephyr/skitty/build-ro/modules/ec/zephyr/CMakeFiles/ec_shim.dir/shim/src/battery.c.gcno:no functions found
[/mnt/host/source/src/platform/ec/build/zephyr/skitty-lcov] stderr:
[ocelotrvp-npcx:ro] [320/408] Building C object modules/ec/zephyr/CMakeFiles/ec_shim.dir/drivers/boot_keys/boot_keys.c.obj
[ocicat-ish:singleimage] [91/266] Building C object zephyr/CMakeFiles/zephyr.dir/subsys/logging/log_core.c.obj
[/mnt/host/source/src/platform/ec/build/zephyr/skitty-lcov]   /mnt/host/source/src/platform/ec/build/zephyr/skitty/build-ro/modules/ec/zephyr/CMakeFiles/ec_shim.dir/shim/src/charger.c.gcno:no functions found
[/mnt/host/source/src/platform/ec/build/zephyr/skitty-lcov] stderr:
[/mnt/host/source/src/platform/ec/build/zephyr/adlrvp_mchp-lcov]   /mnt/host/source/src/platform/ec/build/zephyr/adlrvp_mchp/build-ro/modules/ec/zephyr/CMakeFiles/ec_shim.dir/shim/src/battery.c.gcno:no functions found
[/mnt/host/source/src/platform/ec/build/zephyr/adlrvp_mchp-lcov] stderr:
[lotso:ro] [72/387] Linking C static library zephyr/libzephyr.a
[/mnt/host/source/src/platform/ec/build/zephyr/skitty-lcov]   /mnt/host/source/src/platform/ec/build/zephyr/skitty/build-ro/modules/ec/zephyr/CMakeFiles/ec_shim.dir/shim/src/usb_muxes.c.gcno:no functions found
[/mnt/host/source/src/platform/ec/build/zephyr/skitty-lcov] stderr:
[ocelotrvp-npcx:ro] [321/408] Building C object modules/ec/zephyr/CMakeFiles/ec_shim.dir/drivers/usbc/pdc_tps6699x.c.obj
[/mnt/host/source/src/platform/ec/build/zephyr/adlrvp_mchp-lcov]   /mnt/host/source/src/platform/ec/build/zephyr/adlrvp_mchp/build-ro/modules/ec/zephyr/CMakeFiles/ec_shim.dir/shim/src/charger.c.gcno:no functions found
[/mnt/host/source/src/platform/ec/build/zephyr/adlrvp_mchp-lcov] stderr:
[lotso:ro] [73/387] Building C object zephyr/arch/common/CMakeFiles/arch__common.dir/dynamic_isr.c.obj
[ocicat-ish:singleimage] [92/266] Building C object zephyr/CMakeFiles/zephyr.dir/subsys/logging/log_cache.c.obj
[ocelotrvp-npcx:ro] [322/408] Building C object modules/ec/zephyr/CMakeFiles/ec_shim.dir/drivers/usbc/tps6699x_fwup.c.obj
[lotso:ro] [74/387] Building C object zephyr/arch/common/CMakeFiles/arch__common.dir/init.c.obj
[ocicat-ish:singleimage] [93/266] Building C object zephyr/CMakeFiles/zephyr.dir/subsys/logging/log_mgmt.c.obj
[ocicat-ish:singleimage] [94/266] Building C object zephyr/CMakeFiles/zephyr.dir/subsys/logging/log_msg.c.obj
[ocelotrvp-npcx:ro] [323/408] Building C object modules/ec/zephyr/CMakeFiles/ec_shim.dir/drivers/runtime_keys/runtime_keys.c.obj
[ocelotrvp-npcx:ro] [324/408] Building C object modules/ec/zephyr/CMakeFiles/ec_shim.dir/shim/chip/npcx/clock.c.obj
[ocicat-ish:singleimage] [95/266] Building C object zephyr/CMakeFiles/zephyr.dir/subsys/logging/log_output.c.obj
[ocelotrvp-npcx:ro] [325/408] Building C object modules/ec/zephyr/CMakeFiles/ec_shim.dir/drivers/vivaldi_kbd/vivaldi_kbd.c.obj
[lotso:ro] [75/387] Building C object zephyr/arch/common/CMakeFiles/isr_tables.dir/isr_tables.c.obj
[lotso:ro] [76/387] Linking C static library zephyr/arch/common/libisr_tables.a
[ocicat-ish:singleimage] [96/266] Building C object zephyr/CMakeFiles/zephyr.dir/subsys/pm/state.c.obj
[lotso:ro] [77/387] Building C object zephyr/arch/common/CMakeFiles/arch__common.dir/xip.c.obj
[/mnt/host/source/src/platform/ec/build/zephyr/skitty-lcov]   /mnt/host/source/src/platform/ec/build/zephyr/skitty/build-ro/modules/ec/zephyr/CMakeFiles/ec_shim.dir/shim/src/chg_rt9490.c.gcno:no functions found
[/mnt/host/source/src/platform/ec/build/zephyr/skitty-lcov] stderr:
[/mnt/host/source/src/platform/ec/build/zephyr/adlrvp_mchp-lcov]   /mnt/host/source/src/platform/ec/build/zephyr/adlrvp_mchp/build-ro/modules/ec/zephyr/CMakeFiles/ec_shim.dir/shim/src/usb_muxes.c.gcno:no functions found
[/mnt/host/source/src/platform/ec/build/zephyr/adlrvp_mchp-lcov] stderr:
[lotso:ro] [78/387] Linking C static library zephyr/arch/common/libarch__common.a
[ocelotrvp-npcx:ro] [326/408] Building C object modules/ec/zephyr/CMakeFiles/ec_shim.dir/shim/chip/npcx/rom_chip.c.obj
[ocicat-ish:singleimage] [97/266] Building C object zephyr/CMakeFiles/zephyr.dir/subsys/pm/pm.c.obj
[ocelotrvp-npcx:ro] [327/408] Building C object modules/ec/zephyr/CMakeFiles/ec_shim.dir/shim/chip/npcx/gpio.c.obj
[lotso:ro] [79/387] Building C object zephyr/arch/arch/riscv/core/CMakeFiles/arch__riscv__core.dir/cpu_idle.c.obj
[ocicat-ish:singleimage] [98/266] Building C object zephyr/CMakeFiles/zephyr.dir/subsys/pm/policy/policy_events.c.obj
[ocelotrvp-npcx:ro] [328/408] Building C object modules/ec/zephyr/CMakeFiles/ec_shim.dir/shim/chip/npcx/system.c.obj
[ocicat-ish:singleimage] [99/266] Building C object zephyr/CMakeFiles/zephyr.dir/subsys/pm/policy/policy_latency.c.obj
[/mnt/host/source/src/platform/ec/build/zephyr/skitty-lcov]   /mnt/host/source/src/platform/ec/build/zephyr/skitty/build-ro/modules/ec/zephyr/CMakeFiles/ec_shim.dir/shim/src/usba.c.gcno:no functions found
[/mnt/host/source/src/platform/ec/build/zephyr/skitty-lcov] stderr:
[ocicat-ish:singleimage] [100/266] Building C object zephyr/CMakeFiles/zephyr.dir/subsys/pm/policy/policy_state_lock.c.obj
[lotso:ro] [80/387] Building C object zephyr/arch/arch/riscv/core/CMakeFiles/arch__riscv__core.dir/prep_c.c.obj
[ocelotrvp-npcx:ro] [329/408] Building C object modules/ec/zephyr/CMakeFiles/ec_shim.dir/shim/src/crc.c.obj
[ocelotrvp-npcx:ro] [330/408] Building C object modules/ec/zephyr/CMakeFiles/ec_shim.dir/shim/chip/npcx/system_external_storage.c.obj
[lotso:ro] [81/387] Building C object zephyr/arch/arch/riscv/core/CMakeFiles/arch__riscv__core.dir/irq_manage.c.obj
[ocelotrvp-npcx:ro] [331/408] Building C object modules/ec/zephyr/CMakeFiles/ec_shim.dir/shim/chip/npcx/power_policy.c.obj
[ocelotrvp-npcx:ro] [332/408] Building C object modules/ec/zephyr/CMakeFiles/ec_shim.dir/shim/core/cortex-m/mpu.c.obj
[lotso:ro] [82/387] Building C object zephyr/arch/arch/riscv/core/CMakeFiles/arch__riscv__core.dir/fatal.c.obj
[ocicat-ish:singleimage] [101/266] Building C object zephyr/CMakeFiles/zephyr.dir/subsys/pm/policy/policy_default.c.obj
[ocicat-ish:singleimage] [102/266] Building C object zephyr/CMakeFiles/zephyr.dir/subsys/pm/device_system_managed.c.obj
[ocicat-ish:singleimage] [103/266] Building C object zephyr/CMakeFiles/zephyr.dir/subsys/pm/device.c.obj
[ocelotrvp-npcx:ro] [333/408] Building C object modules/ec/zephyr/CMakeFiles/ec_shim.dir/shim/core/cortex-m/panic.c.obj
[lotso:ro] [83/387] Building C object zephyr/arch/arch/riscv/core/CMakeFiles/arch__riscv__core.dir/reboot.c.obj
[ocelotrvp-npcx:ro] [334/408] Building C object modules/ec/zephyr/CMakeFiles/ec_shim.dir/shim/src/console.c.obj
[ocicat-ish:singleimage] [104/266] Building C object zephyr/CMakeFiles/zephyr.dir/subsys/testsuite/coverage/coverage.c.obj
[ocicat-ish:singleimage] [105/266] Building C object zephyr/CMakeFiles/zephyr.dir/subsys/tracing/tracing_none.c.obj
[lotso:ro] [84/387] Building ASM object zephyr/arch/arch/riscv/core/CMakeFiles/arch__riscv__core.dir/reset.S.obj
[ocicat-ish:singleimage] [106/266] Building C object zephyr/CMakeFiles/zephyr.dir/subsys/shell/modules/kernel_service/kernel_shell.c.obj
[lotso:ro] [85/387] Building ASM object zephyr/arch/arch/riscv/core/CMakeFiles/arch__riscv__core.dir/switch.S.obj
[ocelotrvp-npcx:ro] [335/408] Building C object modules/ec/zephyr/CMakeFiles/ec_shim.dir/shim/src/gpio.c.obj
[ocelotrvp-npcx:ro] [336/408] Building C object modules/ec/zephyr/CMakeFiles/ec_shim.dir/shim/src/gpio_int.c.obj
[ocelotrvp-npcx:ro] [337/408] Building C object modules/ec/zephyr/CMakeFiles/ec_shim.dir/shim/src/panic_utils.c.obj
[ocicat-ish:singleimage] [107/266] Building C object zephyr/CMakeFiles/zephyr.dir/subsys/shell/modules/kernel_service/cycles.c.obj
[lotso:ro] [86/387] Building C object zephyr/arch/arch/riscv/core/CMakeFiles/arch__riscv__core.dir/thread.c.obj
[ocicat-ish:singleimage] [108/266] Building C object zephyr/CMakeFiles/zephyr.dir/subsys/shell/modules/kernel_service/sleep.c.obj
[lotso:ro] [87/387] Generating ../../../include/generated/libc/minimal/strerror_table.h
[ocelotrvp-npcx:ro] [338/408] Building C object modules/ec/zephyr/CMakeFiles/ec_shim.dir/shim/src/pm_state.c.obj
[ocicat-ish:singleimage] [109/266] Building C object zephyr/CMakeFiles/zephyr.dir/subsys/shell/modules/kernel_service/uptime.c.obj
[ocelotrvp-npcx:ro] [339/408] Building C object modules/ec/zephyr/CMakeFiles/ec_shim.dir/shim/src/cbi/cros_cbi.c.obj
[lotso:ro] [88/387] Building C object zephyr/lib/libc/minimal/CMakeFiles/lib__libc__minimal.dir/source/stdlib/atoi.c.obj
[lotso:ro] [89/387] Building ASM object zephyr/arch/arch/riscv/core/CMakeFiles/arch__riscv__core.dir/isr.S.obj
[ocicat-ish:singleimage] [110/266] Building C object zephyr/CMakeFiles/zephyr.dir/subsys/shell/modules/kernel_service/version.c.obj
[ocicat-ish:singleimage] [111/266] Building C object zephyr/CMakeFiles/zephyr.dir/subsys/shell/modules/kernel_service/log-level.c.obj
[ocelotrvp-npcx:ro] [340/408] Building C object modules/ec/zephyr/CMakeFiles/ec_shim.dir/shim/src/cbi/cbi_flash.c.obj
[lotso:ro] [90/387] Building C object zephyr/lib/libc/minimal/CMakeFiles/lib__libc__minimal.dir/source/stdlib/strtol.c.obj
[lotso:ro] [91/387] Building C object zephyr/lib/libc/minimal/CMakeFiles/lib__libc__minimal.dir/source/stdlib/strtoul.c.obj
[lotso:ro] [92/387] Building C object zephyr/arch/arch/riscv/core/CMakeFiles/arch__riscv__core.dir/stacktrace.c.obj
[ocicat-ish:singleimage] [112/266] Building C object zephyr/CMakeFiles/zephyr.dir/subsys/shell/modules/kernel_service/reboot.c.obj
[lotso:ro] [93/387] Building C object zephyr/lib/libc/minimal/CMakeFiles/lib__libc__minimal.dir/source/stdlib/strtoll.c.obj
[lotso:ro] [94/387] Linking C static library zephyr/arch/arch/riscv/core/libarch__riscv__core.a
[lotso:ro] [95/387] Building C object zephyr/lib/libc/minimal/CMakeFiles/lib__libc__minimal.dir/source/stdlib/strtoull.c.obj
[lotso:ro] [96/387] Building C object zephyr/lib/libc/minimal/CMakeFiles/lib__libc__minimal.dir/source/stdlib/bsearch.c.obj
[ocicat-ish:singleimage] [113/266] Building C object zephyr/CMakeFiles/zephyr.dir/subsys/shell/modules/kernel_service/thread/thread.c.obj
[ocelotrvp-npcx:ro] [341/408] Building C object modules/ec/zephyr/CMakeFiles/ec_shim.dir/shim/src/led_driver/led.c.obj
[ocelotrvp-npcx:ro] [342/408] Building C object modules/ec/zephyr/CMakeFiles/ec_shim.dir/shim/src/led_driver/led_gpio.c.obj
[ocicat-ish:singleimage] [114/266] Building C object zephyr/CMakeFiles/zephyr.dir/subsys/shell/modules/kernel_service/thread/list.c.obj
[ocelotrvp-npcx:ro] [343/408] Building C object modules/ec/zephyr/CMakeFiles/ec_shim.dir/shim/src/system.c.obj
[lotso:ro] [97/387] Building C object zephyr/lib/libc/minimal/CMakeFiles/lib__libc__minimal.dir/source/stdlib/qsort.c.obj
[ocelotrvp-npcx:ro] [344/408] Building C object modules/ec/zephyr/CMakeFiles/ec_shim.dir/shim/src/pdc_shim.c.obj
[lotso:ro] [98/387] Building C object zephyr/lib/libc/minimal/CMakeFiles/lib__libc__minimal.dir/source/string/strerror.c.obj
[ocicat-ish:singleimage] [115/266] Building C object zephyr/CMakeFiles/zephyr.dir/subsys/shell/modules/kernel_service/thread/stacks.c.obj
[ocicat-ish:singleimage] [116/266] Building C object zephyr/CMakeFiles/zephyr.dir/subsys/shell/modules/kernel_service/thread/unwind.c.obj
[lotso:ro] [99/387] Building C object zephyr/lib/libc/minimal/CMakeFiles/lib__libc__minimal.dir/source/stdlib/exit.c.obj
[/mnt/host/source/src/platform/ec/build/zephyr/adlrvp_mchp-lcov]   /mnt/host/source/src/platform/ec/build/zephyr/adlrvp_mchp/build-ro/modules/ec/zephyr/CMakeFiles/ec_shim.dir/shim/src/bb_retimer_usb_mux.c.gcno:no functions found
[/mnt/host/source/src/platform/ec/build/zephyr/adlrvp_mchp-lcov] stderr:
[lotso:ro] [100/387] Building C object zephyr/lib/libc/minimal/CMakeFiles/lib__libc__minimal.dir/source/string/strncasecmp.c.obj
[ocelotrvp-npcx:ro] [345/408] Building C object modules/ec/zephyr/CMakeFiles/ec_shim.dir/shim/src/adc.c.obj
[lotso:ro] [101/387] Building C object zephyr/lib/libc/minimal/CMakeFiles/lib__libc__minimal.dir/source/string/strstr.c.obj
[lotso:ro] [102/387] Building C object zephyr/lib/libc/minimal/CMakeFiles/lib__libc__minimal.dir/source/string/strspn.c.obj
[lotso:ro] [103/387] Building C object zephyr/lib/libc/minimal/CMakeFiles/lib__libc__minimal.dir/source/string/string.c.obj
[ocelotrvp-npcx:ro] [346/408] Building C object modules/ec/zephyr/CMakeFiles/ec_shim.dir/shim/src/battery.c.obj
[/mnt/host/source/src/platform/ec/build/zephyr/skitty-lcov]   /mnt/host/source/src/platform/ec/build/zephyr/skitty/build-ro/modules/ec/zephyr/CMakeFiles/ec_shim.dir/shim/src/keyscan.c.gcno:no functions found
[/mnt/host/source/src/platform/ec/build/zephyr/skitty-lcov] stderr:
[ocicat-ish:singleimage] [117/266] Building C object zephyr/CMakeFiles/zephyr.dir/subsys/shell/modules/kernel_service/thread/suspend.c.obj
[ocicat-ish:singleimage] [118/266] Building C object zephyr/CMakeFiles/zephyr.dir/subsys/shell/modules/kernel_service/thread/kill.c.obj
[ocicat-ish:singleimage] [119/266] Building C object zephyr/CMakeFiles/zephyr.dir/subsys/shell/modules/kernel_service/thread/resume.c.obj
[ocelotrvp-npcx:ro] [347/408] Building C object modules/ec/zephyr/CMakeFiles/ec_shim.dir/shim/src/charger.c.obj
[ocelotrvp-npcx:ro] [348/408] Building C object modules/ec/zephyr/CMakeFiles/ec_shim.dir/shim/src/chipset_api.c.obj
[lotso:ro] [104/387] Building C object zephyr/lib/libc/minimal/CMakeFiles/lib__libc__minimal.dir/source/stdout/fprintf.c.obj
[ocelotrvp-npcx:ro] [349/408] Building C object modules/ec/zephyr/CMakeFiles/ec_shim.dir/shim/src/espi.c.obj
[lotso:ro] [105/387] Building C object zephyr/lib/libc/minimal/CMakeFiles/lib__libc__minimal.dir/source/stdout/sprintf.c.obj
[ocicat-ish:singleimage] [120/266] Building C object zephyr/CMakeFiles/zephyr.dir/subsys/shell/backends/shell_uart.c.obj
[ocicat-ish:singleimage] [121/266] Building C object zephyr/CMakeFiles/zephyr.dir/subsys/shell/shell_fprintf.c.obj
[ocelotrvp-npcx:ro] [350/408] Building C object modules/ec/zephyr/CMakeFiles/ec_shim.dir/shim/src/flash.c.obj
[lotso:ro] [106/387] Building C object zephyr/lib/libc/minimal/CMakeFiles/lib__libc__minimal.dir/source/stdout/stdout_console.c.obj
[lotso:ro] [107/387] Building C object zephyr/lib/libc/minimal/CMakeFiles/lib__libc__minimal.dir/source/math/sqrtf.c.obj
[ocicat-ish:singleimage] [122/266] Building C object zephyr/CMakeFiles/zephyr.dir/subsys/shell/shell.c.obj
[ocelotrvp-npcx:ro] [351/408] Building C object modules/ec/zephyr/CMakeFiles/ec_shim.dir/shim/src/fan.c.obj
[lotso:ro] [108/387] Building C object zephyr/lib/libc/minimal/CMakeFiles/lib__libc__minimal.dir/source/math/sqrt.c.obj
[ocelotrvp-npcx:ro] [352/408] Building C object modules/ec/zephyr/CMakeFiles/ec_shim.dir/shim/src/hooks.c.obj
[lotso:ro] [109/387] Building C object zephyr/lib/libc/common/CMakeFiles/lib__libc__common.dir/source/time/asctime.c.obj
[ocicat-ish:singleimage] [123/266] Building C object zephyr/CMakeFiles/zephyr.dir/subsys/shell/shell_utils.c.obj
[ocelotrvp-npcx:ro] [353/408] Building C object modules/ec/zephyr/CMakeFiles/ec_shim.dir/shim/src/host_command.c.obj
[ocelotrvp-npcx:ro] [354/408] Building C object modules/ec/zephyr/CMakeFiles/ec_shim.dir/shim/src/console_buffer.c.obj
[lotso:ro] [110/387] Building C object zephyr/lib/libc/minimal/CMakeFiles/lib__libc__minimal.dir/source/time/gmtime.c.obj
[ocicat-ish:singleimage] [124/266] Building C object zephyr/CMakeFiles/zephyr.dir/subsys/shell/shell_ops.c.obj
[lotso:ro] [111/387] Linking C static library zephyr/lib/libc/minimal/liblib__libc__minimal.a
[lotso:ro] [112/387] Building C object zephyr/lib/libc/common/CMakeFiles/lib__libc__common.dir/source/time/gmtime_r.c.obj
[ocicat-ish:singleimage] [125/266] Building C object zephyr/CMakeFiles/zephyr.dir/subsys/shell/shell_log_backend.c.obj
[ocelotrvp-npcx:ro] [355/408] Building C object modules/ec/zephyr/CMakeFiles/ec_shim.dir/shim/src/mkbp_event.c.obj
[lotso:ro] [113/387] Building C object zephyr/lib/libc/common/CMakeFiles/lib__libc__common.dir/source/time/ctime.c.obj
[lotso:ro] [114/387] Building C object zephyr/lib/libc/common/CMakeFiles/lib__libc__common.dir/source/stdlib/abort.c.obj
[lotso:ro] [115/387] Building C object zephyr/lib/libc/common/CMakeFiles/lib__libc__common.dir/source/time/localtime_r_utc.c.obj
[ocicat-ish:singleimage] [126/266] Building C object zephyr/CMakeFiles/zephyr.dir/subsys/shell/shell_help.c.obj
[ocelotrvp-npcx:ro] [356/408] Building C object modules/ec/zephyr/CMakeFiles/ec_shim.dir/shim/src/panic.c.obj
[lotso:ro] [116/387] Building C object zephyr/lib/libc/common/CMakeFiles/lib__libc__common.dir/source/string/strnlen.c.obj
[ocicat-ish:singleimage] [127/266] Building C object zephyr/CMakeFiles/zephyr.dir/subsys/shell/shell_history.c.obj
[ocicat-ish:singleimage] [128/266] Building C object zephyr/CMakeFiles/zephyr.dir/mnt/host/source/src/third_party/zephyrproject/modules/hal/intel/zephyr/bsp_sedi/bsp_sedi_rtos_utils.c.obj
[lotso:ro] [117/387] Building C object zephyr/lib/libc/common/CMakeFiles/lib__libc__common.dir/source/time/time.c.obj
[ocelotrvp-npcx:ro] [357/408] Building C object modules/ec/zephyr/CMakeFiles/ec_shim.dir/shim/src/pwm_hc.c.obj
[lotso:ro] [118/387] Building C object zephyr/lib/posix/c_lib_ext/CMakeFiles/lib__posix__c_lib_ext.dir/fnmatch.c.obj
[ocicat-ish:singleimage] [129/266] Linking CXX static library zephyr/libzephyr.a
[ocelotrvp-npcx:ro] [358/408] Building C object modules/ec/zephyr/CMakeFiles/ec_shim.dir/shim/src/hwtimer.c.obj
[ocelotrvp-npcx:ro] [359/408] Building C object modules/ec/zephyr/CMakeFiles/ec_shim.dir/shim/src/temp_sensors.c.obj
[ocicat-ish:singleimage] [130/266] Building C object zephyr/arch/common/CMakeFiles/arch__common.dir/init.c.obj
[ocelotrvp-npcx:ro] [360/408] Building C object modules/ec/zephyr/CMakeFiles/ec_shim.dir/shim/src/thermal.c.obj
[ocicat-ish:singleimage] [131/266] Linking CXX static library zephyr/arch/common/libarch__common.a
[ocicat-ish:singleimage] [132/266] Building C object zephyr/arch/arch/x86/core/CMakeFiles/arch__x86__core.dir/cpuhalt.c.obj
[lotso:ro] [119/387] Building C object zephyr/lib/libc/common/CMakeFiles/lib__libc__common.dir/source/stdlib/malloc.c.obj
[lotso:ro] [120/387] Linking C static library zephyr/lib/libc/common/liblib__libc__common.a
[ocicat-ish:singleimage] [133/266] Building C object zephyr/arch/arch/x86/core/CMakeFiles/arch__x86__core.dir/prep_c.c.obj
[ocelotrvp-npcx:ro] [361/408] Building C object modules/ec/zephyr/CMakeFiles/ec_shim.dir/shim/src/i2c.c.obj
[lotso:ro] [121/387] Building C object zephyr/lib/posix/c_lib_ext/CMakeFiles/lib__posix__c_lib_ext.dir/getopt_shim.c.obj
[ocicat-ish:singleimage] [134/266] Building C object zephyr/arch/arch/x86/core/CMakeFiles/arch__x86__core.dir/cpuid.c.obj
[lotso:ro] [122/387] Building C object zephyr/lib/posix/c_lib_ext/CMakeFiles/lib__posix__c_lib_ext.dir/getentropy.c.obj
[lotso:ro] [123/387] Linking C static library zephyr/lib/posix/c_lib_ext/liblib__posix__c_lib_ext.a
[ocicat-ish:singleimage] [135/266] Building C object zephyr/arch/arch/x86/core/CMakeFiles/arch__x86__core.dir/fatal.c.obj
[ocelotrvp-npcx:ro] [362/408] Building C object modules/ec/zephyr/CMakeFiles/ec_shim.dir/shim/src/tasks.c.obj
[lotso:ro] [124/387] Building C object zephyr/subsys/crc/CMakeFiles/subsys__crc.dir/crc4_sw.c.obj
[ocicat-ish:singleimage] [136/266] Building C object zephyr/arch/arch/x86/core/CMakeFiles/arch__x86__core.dir/spec_ctrl.c.obj
[lotso:ro] [125/387] Building C object zephyr/subsys/crc/CMakeFiles/subsys__crc.dir/crc8_sw.c.obj
[ocelotrvp-npcx:ro] [363/408] Building C object modules/ec/zephyr/CMakeFiles/ec_shim.dir/shim/src/usba.c.obj
[ocelotrvp-npcx:ro] [364/408] Building C object modules/ec/zephyr/CMakeFiles/ec_shim.dir/shim/src/watchdog.c.obj
[ocelotrvp-npcx:ro] [365/408] Building C object modules/ec/zephyr/CMakeFiles/ec_shim.dir/shim/src/power_host_sleep_api.c.obj
[lotso:ro] [126/387] Building C object zephyr/subsys/crc/CMakeFiles/subsys__crc.dir/crc16_sw.c.obj
[lotso:ro] [127/387] Building C object zephyr/lib/smf/CMakeFiles/lib__smf.dir/smf.c.obj
[ocicat-ish:singleimage] [137/266] Building C object zephyr/arch/arch/x86/core/CMakeFiles/arch__x86__core.dir/reboot_rst_cnt.c.obj
[ocelotrvp-npcx:ro] [366/408] Linking CXX static library modules/pigweed/pw_containers/libpw_containers.intrusive_item.a
[ocelotrvp-npcx:ro] [367/408] Building C object modules/ec/zephyr/CMakeFiles/ec_shim.dir/shim/src/sha256_hw.c.obj
[lotso:ro] [128/387] Linking C static library zephyr/lib/smf/liblib__smf.a
[lotso:ro] [129/387] Building C object zephyr/subsys/crc/CMakeFiles/subsys__crc.dir/crc7_sw.c.obj
[ocelotrvp-npcx:ro] [368/408] Building CXX object modules/pigweed/pw_status/CMakeFiles/pw_status.dir/status.cc.obj
[/mnt/host/source/src/platform/ec/build/zephyr/adlrvp_mchp-lcov]   /mnt/host/source/src/platform/ec/build/zephyr/adlrvp_mchp/build-ro/CMakeFiles/app.dir/mnt/host/source/src/platform/ec/build/zephyr/adlrvp_mchp/modules/ec/common/usb_pd_pdo.c.gcno:no functions found
[/mnt/host/source/src/platform/ec/build/zephyr/adlrvp_mchp-lcov] stderr:
[lotso:ro] [130/387] Building C object zephyr/subsys/crc/CMakeFiles/subsys__crc.dir/crc24_sw.c.obj
[ocelotrvp-npcx:ro] [369/408] Linking CXX static library modules/pigweed/pw_status/libpw_status.a
[lotso:ro] [131/387] Building C object zephyr/subsys/crc/CMakeFiles/subsys__crc.dir/crc32c_sw.c.obj
[ocelotrvp-npcx:ro] [370/408] Linking CXX static library modules/ec/zephyr/libec_shim.a
[ocelotrvp-npcx:ro] [371/408] Linking CXX static library modules/pigweed/pw_bytes/libpw_bytes.a
[lotso:ro] [132/387] Building C object zephyr/subsys/crc/CMakeFiles/subsys__crc.dir/crc32_sw.c.obj
[ocicat-ish:singleimage] [138/266] Building ASM object zephyr/arch/arch/x86/core/CMakeFiles/arch__x86__core.dir/ia32/crt0.S.obj
[lotso:ro] [133/387] Building C object zephyr/subsys/crc/CMakeFiles/subsys__crc.dir/crc32k_4_2_sw.c.obj
[ocicat-ish:singleimage] [139/266] Building C object zephyr/arch/arch/x86/core/CMakeFiles/arch__x86__core.dir/tls.c.obj
[lotso:ro] [134/387] Linking C static library zephyr/subsys/crc/libsubsys__crc.a
[ocicat-ish:singleimage] [140/266] Building ASM object zephyr/arch/arch/x86/core/CMakeFiles/arch__x86__core.dir/ia32/excstub.S.obj
[lotso:ro] [135/387] Building C object zephyr/subsys/input/CMakeFiles/subsys__input.dir/input_hid.c.obj
[ocicat-ish:singleimage] [141/266] Building ASM object zephyr/arch/arch/x86/core/CMakeFiles/arch__x86__core.dir/ia32/intstub.S.obj
[ocelotrvp-npcx:ro] [372/408] Building C object zephyr/kernel/CMakeFiles/kernel.dir/main_weak.c.obj
[lotso:ro] [136/387] Building C object zephyr/subsys/input/CMakeFiles/subsys__input.dir/input.c.obj
[ocicat-ish:singleimage] [142/266] Building ASM object zephyr/arch/arch/x86/core/CMakeFiles/arch__x86__core.dir/ia32/swap.S.obj
[ocicat-ish:singleimage] [143/266] Building C object zephyr/arch/arch/x86/core/CMakeFiles/arch__x86__core.dir/ia32/irq_manage.c.obj
[ocelotrvp-npcx:ro] [373/408] Building C object zephyr/kernel/CMakeFiles/kernel.dir/busy_wait.c.obj
[ocelotrvp-npcx:ro] [374/408] Building C object zephyr/kernel/CMakeFiles/kernel.dir/banner.c.obj
[/mnt/host/source/src/platform/ec/build/zephyr/skitty-lcov]   /mnt/host/source/src/platform/ec/build/zephyr/skitty/build-ro/CMakeFiles/app.dir/mnt/host/source/src/platform/ec/build/zephyr/skitty/modules/ec/common/usb_pd_pdo.c.gcno:no functions found
[/mnt/host/source/src/platform/ec/build/zephyr/skitty-lcov] stderr:
[ocicat-ish:singleimage] [144/266] Building C object zephyr/arch/arch/x86/core/CMakeFiles/arch__x86__core.dir/ia32/thread.c.obj
[lotso:ro] [137/387] Building C object zephyr/subsys/input/CMakeFiles/subsys__input.dir/input_utils.c.obj
[lotso:ro] [138/387] Linking C static library zephyr/subsys/input/libsubsys__input.a
[ocicat-ish:singleimage] [145/266] Building C object zephyr/arch/arch/x86/core/CMakeFiles/arch__x86__core.dir/ia32/tls.c.obj
[lotso:ro] [139/387] Building C object zephyr/drivers/interrupt_controller/CMakeFiles/drivers__interrupt_controller.dir/intc_ite_it8xxx2_v2.c.obj
[ocicat-ish:singleimage] [146/266] Building C object zephyr/arch/arch/x86/core/CMakeFiles/arch__x86__core.dir/ia32/fatal.c.obj
[lotso:ro] [140/387] Building C object zephyr/drivers/interrupt_controller/CMakeFiles/drivers__interrupt_controller.dir/wuc_ite_it8xxx2.c.obj
[ocelotrvp-npcx:ro] [375/408] Building C object zephyr/kernel/CMakeFiles/kernel.dir/device.c.obj
[ocicat-ish:singleimage] [147/266] Building C object zephyr/arch/arch/x86/core/CMakeFiles/arch__x86__core.dir/ia32/soft_float_stubs.c.obj
[lotso:ro] [141/387] Linking C static library zephyr/drivers/interrupt_controller/libdrivers__interrupt_controller.a
[ocicat-ish:singleimage] [148/266] Linking CXX static library zephyr/arch/arch/x86/core/libarch__x86__core.a
[ocelotrvp-npcx:ro] [376/408] Building C object zephyr/kernel/CMakeFiles/kernel.dir/errno.c.obj
[ocicat-ish:singleimage] [149/266] Building C object zephyr/lib/libc/picolibc/CMakeFiles/lib__libc__picolibc.dir/assert.c.obj
[ocelotrvp-npcx:ro] [377/408] Building C object zephyr/kernel/CMakeFiles/kernel.dir/fatal.c.obj
[ocicat-ish:singleimage] [150/266] Building C object zephyr/lib/libc/picolibc/CMakeFiles/lib__libc__picolibc.dir/cbprintf.c.obj
[lotso:ro] [142/387] Building C object zephyr/drivers/adc/CMakeFiles/drivers__adc.dir/adc_common.c.obj
[ocicat-ish:singleimage] [151/266] Building C object zephyr/lib/libc/picolibc/CMakeFiles/lib__libc__picolibc.dir/chk_fail.c.obj
[ocicat-ish:singleimage] [152/266] Building C object zephyr/lib/libc/picolibc/CMakeFiles/lib__libc__picolibc.dir/exit.c.obj
[lotso:ro] [143/387] Building C object zephyr/drivers/adc/CMakeFiles/drivers__adc.dir/adc_ite_it8xxx2.c.obj
[ocicat-ish:singleimage] [153/266] Building C object zephyr/lib/libc/picolibc/CMakeFiles/lib__libc__picolibc.dir/errno_wrap.c.obj
[lotso:ro] [144/387] Linking C static library zephyr/drivers/adc/libdrivers__adc.a
[lotso:ro] [145/387] Building C object zephyr/drivers/bbram/CMakeFiles/drivers__bbram.dir/bbram_it8xxx2.c.obj
[lotso:ro] [146/387] Linking C static library zephyr/drivers/bbram/libdrivers__bbram.a
[ocelotrvp-npcx:ro] [378/408] Building C object zephyr/kernel/CMakeFiles/kernel.dir/init.c.obj
[ocelotrvp-npcx:ro] [379/408] Building C object zephyr/kernel/CMakeFiles/kernel.dir/mem_slab.c.obj
[lotso:ro] [147/387] Building C object zephyr/drivers/console/CMakeFiles/drivers__console.dir/uart_console.c.obj
[ocicat-ish:singleimage] [154/266] Building C object zephyr/lib/libc/picolibc/CMakeFiles/lib__libc__picolibc.dir/locks.c.obj
[/mnt/host/source/src/platform/ec/build/zephyr/gothrax-lcov]   /mnt/host/source/src/platform/ec/build/zephyr/gothrax/build-rw/CMakeFiles/app.dir/mnt/host/source/src/platform/ec/build/zephyr/gothrax/modules/ec/common/usb_pd_pdo.c.gcno:no functions found
[/mnt/host/source/src/platform/ec/build/zephyr/gothrax-lcov] stderr:
[ocelotrvp-npcx:ro] [380/408] Building C object zephyr/kernel/CMakeFiles/kernel.dir/kheap.c.obj
[ocicat-ish:singleimage] [155/266] Building C object zephyr/lib/libc/picolibc/CMakeFiles/lib__libc__picolibc.dir/stdio.c.obj
[lotso:ro] [148/387] Linking C static library zephyr/drivers/console/libdrivers__console.a
[ocelotrvp-npcx:ro] [381/408] Building C object zephyr/kernel/CMakeFiles/kernel.dir/version.c.obj
[ocicat-ish:singleimage] [156/266] Linking CXX static library zephyr/lib/libc/picolibc/liblib__libc__picolibc.a
[ocicat-ish:singleimage] [157/266] Building C object zephyr/lib/libc/common/CMakeFiles/lib__libc__common.dir/source/stdlib/abort.c.obj
[ocicat-ish:singleimage] [158/266] Building C object zephyr/lib/libc/common/CMakeFiles/lib__libc__common.dir/source/time/time.c.obj
[ocicat-ish:singleimage] [159/266] Linking CXX static library zephyr/lib/libc/common/liblib__libc__common.a
[ocicat-ish:singleimage] [160/266] Building C object zephyr/lib/posix/c_lib_ext/CMakeFiles/lib__posix__c_lib_ext.dir/fnmatch.c.obj
[lotso:ro] [149/387] Building C object zephyr/drivers/crypto/CMakeFiles/drivers__crypto.dir/crypto_it8xxx2_sha_v2.c.obj
[lotso:ro] [150/387] Linking C static library zephyr/drivers/crypto/libdrivers__crypto.a
[ocicat-ish:singleimage] [161/266] Building C object zephyr/subsys/crc/CMakeFiles/subsys__crc.dir/crc4_sw.c.obj
[ocelotrvp-npcx:ro] [382/408] Building CXX object modules/ec/zephyr/drivers/dsp_comms/service/CMakeFiles/dsp.service.dir/dsp_service.cc.obj
[ocicat-ish:singleimage] [162/266] Building C object zephyr/lib/posix/c_lib_ext/CMakeFiles/lib__posix__c_lib_ext.dir/getentropy.c.obj
[ocelotrvp-npcx:ro] [383/408] Building CXX object modules/ec/zephyr/drivers/dsp_comms/service/CMakeFiles/dsp.service.dir/i2c_target_buffer_funcs.cc.obj
[ocicat-ish:singleimage] [163/266] Building C object zephyr/subsys/crc/CMakeFiles/subsys__crc.dir/crc8_sw.c.obj
[ocelotrvp-npcx:ro] [384/408] Building C object zephyr/kernel/CMakeFiles/kernel.dir/float.c.obj
[ocicat-ish:singleimage] [164/266] Building C object zephyr/subsys/crc/CMakeFiles/subsys__crc.dir/crc7_sw.c.obj
[ocelotrvp-npcx:ro] [385/408] Building CXX object modules/ec/zephyr/drivers/dsp_comms/service/CMakeFiles/dsp.service.dir/i2c_target_pio_funcs.cc.obj
[ocicat-ish:singleimage] [165/266] Building C object zephyr/lib/posix/c_lib_ext/CMakeFiles/lib__posix__c_lib_ext.dir/getopt_shim.c.obj
[lotso:ro] [151/387] Building C object zephyr/drivers/flash/CMakeFiles/drivers__flash.dir/flash_ite_it8xxx2.c.obj
[ocicat-ish:singleimage] [166/266] Building C object zephyr/subsys/crc/CMakeFiles/subsys__crc.dir/crc16_sw.c.obj
[ocelotrvp-npcx:ro] [386/408] Building C object zephyr/kernel/CMakeFiles/kernel.dir/idle.c.obj
[lotso:ro] [152/387] Linking C static library zephyr/drivers/flash/libdrivers__flash.a
[ocelotrvp-npcx:ro] [387/408] Building C object zephyr/kernel/CMakeFiles/kernel.dir/mailbox.c.obj
[ocicat-ish:singleimage] [167/266] Linking CXX static library zephyr/lib/posix/c_lib_ext/liblib__posix__c_lib_ext.a
[ocelotrvp-npcx:ro] [388/408] Linking CXX static library modules/ec/zephyr/drivers/dsp_comms/service/libdsp.service.a
[ocicat-ish:singleimage] [168/266] Building C object zephyr/subsys/crc/CMakeFiles/subsys__crc.dir/crc32c_sw.c.obj
[ocicat-ish:singleimage] [169/266] Building C object zephyr/subsys/crc/CMakeFiles/subsys__crc.dir/crc24_sw.c.obj
[lotso:ro] [153/387] Building C object zephyr/drivers/espi/CMakeFiles/drivers__espi.dir/espi_it8xxx2.c.obj
[ocicat-ish:singleimage] [170/266] Building C object zephyr/subsys/crc/CMakeFiles/subsys__crc.dir/crc32k_4_2_sw.c.obj
[ocicat-ish:singleimage] [171/266] Building C object zephyr/subsys/crc/CMakeFiles/subsys__crc.dir/crc32_sw.c.obj
[lotso:ro] [154/387] Linking C static library zephyr/drivers/espi/libdrivers__espi.a
[ocicat-ish:singleimage] [172/266] Linking CXX static library zephyr/subsys/crc/libsubsys__crc.a
[ocicat-ish:singleimage] [173/266] Building C object zephyr/drivers/interrupt_controller/CMakeFiles/drivers__interrupt_controller.dir/intc_ioapic.c.obj
[ocelotrvp-npcx:ro] [389/408] Building C object zephyr/kernel/CMakeFiles/kernel.dir/msg_q.c.obj
[ocelotrvp-npcx:ro] [390/408] Building C object zephyr/kernel/CMakeFiles/kernel.dir/mutex.c.obj
[ocicat-ish:singleimage] [174/266] Building C object zephyr/drivers/interrupt_controller/CMakeFiles/drivers__interrupt_controller.dir/intc_loapic.c.obj
[ocicat-ish:singleimage] [175/266] Building C object zephyr/drivers/interrupt_controller/CMakeFiles/drivers__interrupt_controller.dir/intc_system_apic.c.obj
[ocelotrvp-npcx:ro] [391/408] Building C object zephyr/kernel/CMakeFiles/kernel.dir/queue.c.obj
[ocicat-ish:singleimage] [176/266] Linking CXX static library zephyr/drivers/interrupt_controller/libdrivers__interrupt_controller.a
[lotso:ro] [155/387] Building C object zephyr/drivers/i2c/CMakeFiles/drivers__i2c.dir/i2c_common.c.obj
[ocelotrvp-npcx:ro] [392/408] Building C object zephyr/kernel/CMakeFiles/kernel.dir/sem.c.obj
[ocelotrvp-npcx:ro] [393/408] Building C object zephyr/kernel/CMakeFiles/kernel.dir/stack.c.obj
[ocelotrvp-npcx:ro] [394/408] Building C object zephyr/kernel/CMakeFiles/kernel.dir/system_work_q.c.obj
[lotso:ro] [156/387] Building C object zephyr/drivers/i2c/CMakeFiles/drivers__i2c.dir/i2c_bitbang.c.obj
[ocicat-ish:singleimage] [177/266] Building C object zephyr/drivers/console/CMakeFiles/drivers__console.dir/uart_console.c.obj
[ocicat-ish:singleimage] [178/266] Building C object zephyr/drivers/gpio/CMakeFiles/drivers__gpio.dir/mnt/host/source/src/third_party/zephyrproject/modules/hal/intel/bsp_sedi/drivers/gpio/sedi_gpio.c.obj
[ocicat-ish:singleimage] [179/266] Linking CXX static library zephyr/drivers/console/libdrivers__console.a
[/mnt/host/source/src/platform/ec/build/zephyr/screebo-lcov]   /mnt/host/source/src/platform/ec/build/zephyr/screebo/build-rw/CMakeFiles/app.dir/mnt/host/source/src/platform/ec/build/zephyr/screebo/modules/ec/common/usb_pd_pdo.c.gcno:no functions found
[/mnt/host/source/src/platform/ec/build/zephyr/screebo-lcov] stderr:
[lotso:ro] [157/387] Building C object zephyr/drivers/gpio/CMakeFiles/drivers__gpio.dir/gpio_ite_it8xxx2_v2.c.obj
[lotso:ro] [158/387] Linking C static library zephyr/drivers/gpio/libdrivers__gpio.a
[ocicat-ish:singleimage] [180/266] Building C object zephyr/drivers/gpio/CMakeFiles/drivers__gpio.dir/gpio_sedi.c.obj
[ocelotrvp-npcx:ro] [395/408] Building C object zephyr/kernel/CMakeFiles/kernel.dir/condvar.c.obj
[ocicat-ish:singleimage] [181/266] Linking CXX static library zephyr/drivers/gpio/libdrivers__gpio.a
[ocicat-ish:singleimage] [182/266] Building C object zephyr/drivers/i2c/CMakeFiles/drivers__i2c.dir/i2c_common.c.obj
[ocelotrvp-npcx:ro] [396/408] Building C object zephyr/kernel/CMakeFiles/kernel.dir/work.c.obj
[ocicat-ish:singleimage] [183/266] Building C object zephyr/drivers/i2c/CMakeFiles/drivers__i2c.dir/i2c_shell.c.obj
[ocelotrvp-npcx:ro] [397/408] Building C object zephyr/kernel/CMakeFiles/kernel.dir/thread.c.obj
[lotso:ro] [159/387] Building C object zephyr/drivers/i2c/CMakeFiles/drivers__i2c.dir/i2c_shell.c.obj
[ocelotrvp-npcx:ro] [398/408] Building C object zephyr/kernel/CMakeFiles/kernel.dir/pipe.c.obj
[ocelotrvp-npcx:ro] [399/408] Building C object zephyr/kernel/CMakeFiles/kernel.dir/spinlock_validate.c.obj
[ocelotrvp-npcx:ro] [400/408] Building C object zephyr/kernel/CMakeFiles/kernel.dir/sched.c.obj
[ocicat-ish:singleimage] [184/266] Building C object zephyr/drivers/i2c/CMakeFiles/drivers__i2c.dir/i2c_sedi.c.obj
[lotso:ro] [160/387] Building C object zephyr/drivers/input/CMakeFiles/drivers__input.dir/input_ite_it8xxx2_kbd.c.obj
[lotso:ro] [161/387] Building C object zephyr/drivers/i2c/CMakeFiles/drivers__i2c.dir/i2c_ite_enhance.c.obj
[ocicat-ish:singleimage] [185/266] Building C object zephyr/drivers/i2c/CMakeFiles/drivers__i2c.dir/mnt/host/source/src/third_party/zephyrproject/modules/hal/intel/bsp_sedi/drivers/i2c/sedi_i2c_dw_apb_200a.c.obj
[lotso:ro] [162/387] Linking C static library zephyr/drivers/i2c/libdrivers__i2c.a
[ocicat-ish:singleimage] [186/266] Linking CXX static library zephyr/drivers/i2c/libdrivers__i2c.a
[ocelotrvp-npcx:ro] [401/408] Building C object zephyr/kernel/CMakeFiles/kernel.dir/thread_monitor.c.obj
[ocicat-ish:singleimage] [187/266] Building C object zephyr/drivers/ipm/CMakeFiles/drivers__ipm.dir/mnt/host/source/src/third_party/zephyrproject/modules/hal/intel/bsp_sedi/drivers/ipc/sedi_ipc.c.obj
[ocicat-ish:singleimage] [188/266] Building C object zephyr/drivers/ipm/CMakeFiles/drivers__ipm.dir/ipm_sedi.c.obj
[ocelotrvp-npcx:ro] [402/408] Building C object zephyr/kernel/CMakeFiles/kernel.dir/timeout.c.obj
[ocicat-ish:singleimage] [189/266] Linking CXX static library zephyr/drivers/ipm/libdrivers__ipm.a
[ocicat-ish:singleimage] [190/266] Linking CXX static library zephyr/drivers/syscon/libdrivers__syscon.a
[lotso:ro] [163/387] Building C object zephyr/drivers/pinctrl/CMakeFiles/drivers__pinctrl.dir/common.c.obj
[ojal:ro] Configuring.
Running `env -i PYTHONPATH=/usr/lib64/python-exec/python3.11:/mnt/host/source/src/platform/ec/zephyr/zmake:/usr/lib/python311.zip:/usr/lib/python3.11:/usr/lib/python3.11/lib-dynload:/usr/lib/python3.11/site-packages PW_PIGWEED_CIPD_INSTALL_DIR=/usr CROSTC_USER_ACKNOWLEDGES_THAT_RISCV_IS_EXPERIMENTAL=1 PATH=/mnt/host/source/chromite/bin:/usr/local/bin:/usr/bin:/bin:/opt/bin:/mnt/host/source/chromite/sdk/bin:/mnt/host/source/chromite/bin HOME=/home/jpmurphy JAVA_HOME=/etc/java-config-2/current-system-vm JDK_HOME=/etc/java-config-2/current-system-vm JAVAC=/etc/java-config-2/current-system-vm/bin/javac MAKEFLAGS=' -j16 --jobserver-auth=5,6' /usr/bin/cmake -S /mnt/host/source/src/platform/ec/zephyr/program/ocelot -B /mnt/host/source/src/platform/ec/build/zephyr/ojal/build-ro -GNinja -DCMAKE_EXPORT_COMPILE_COMMANDS=ON -DZEPHYR_BASE=/mnt/host/source/src/third_party/zephyr/main -DZMAKE_INCLUDE_DIR=/mnt/host/source/src/platform/ec/build/zephyr/ojal/include -DPython3_EXECUTABLE=/usr/bin/python3.11 -DDTS_ROOT=/mnt/host/source/src/platform/ec/zephyr -DSYSCALL_INCLUDE_DIRS=/mnt/host/source/src/platform/ec/zephyr/include/drivers -DUSER_CACHE_DIR=/mnt/host/source/src/platform/ec/build/zephyr/user-cache '-DEXTRA_EC_VERSION_FLAGS=--version 16543.0.0 --static' -DTOOLCHAIN_ROOT=/mnt/host/source/src/platform/ec/zephyr -DCOREBOOT_SDK_ROOT_x86=/home/jpmurphy/.cache/coreboot-sdk/i386-elf/dfbb0486385d938cfa9d73080b9d18d598ed4f49 -DCOREBOOT_SDK_ROOT_picolibc_x86=/home/jpmurphy/.cache/coreboot-sdk/picolibc-i386-elf/eb8e8e687b95461de8cbf278f1c2076952d0ad17 -DCOREBOOT_SDK_ROOT_riscv64=/home/jpmurphy/.cache/coreboot-sdk/riscv64-elf/96b949749225b6aaa92ed810ab769e8dfb12f000 -DCOREBOOT_SDK_ROOT_picolibc_arm=/home/jpmurphy/.cache/coreboot-sdk/picolibc-arm-eabi/422a2aa3e1ef891b5bece9a3deb696ff83840d2e -DCOREBOOT_SDK_ROOT_nds32=/home/jpmurphy/.cache/coreboot-sdk/nds32le-elf/d1a518c4a097666d86058e1444f85ca015d15511 -DCOREBOOT_SDK_ROOT_picolibc_riscv64=/home/jpmurphy/.cache/coreboot-sdk/picolibc-riscv64-elf/f571e990ef0278564b31124f8bb109d9a697eb69 -DCOREBOOT_SDK_ROOT_arm=/home/jpmurphy/.cache/coreboot-sdk/arm-eabi/ea40ddd1d190c3b48435c474c0b545719371813a -DCOREBOOT_SDK_ROOT_libstdcxx_riscv64=/home/jpmurphy/.cache/coreboot-sdk/libstdcxx-riscv64-elf/17abf22a3a252e2d5d2062ced5324f7a623689e0 -DCOREBOOT_SDK_ROOT_libstdcxx_arm=/home/jpmurphy/.cache/coreboot-sdk/libstdcxx-arm-eabi/5d7d82e150e44aa1968f1d366e267e6687b328ac -DCOREBOOT_SDK_ROOT_riscv=/home/jpmurphy/.cache/coreboot-sdk/riscv-elf/9a27b9e82341c6e9126624f516ab3f261abb3e73 -DCOREBOOT_SDK_ROOT_libstdcxx_x86=/home/jpmurphy/.cache/coreboot-sdk/libstdcxx-i386-elf/42ef9d2e87a76a37963175d7d428734e65648b87 -DZEPHYR_TOOLCHAIN_VARIANT=coreboot-sdk '-DZEPHYR_MODULES=/mnt/host/source/src/platform/ec/build/zephyr/ojal/modules/cmsis;/mnt/host/source/src/platform/ec/build/zephyr/ojal/modules/cmsis_6;/mnt/host/source/src/platform/ec/build/zephyr/ojal/modules/ec' -DDTC_OVERLAY_FILE=/mnt/host/source/src/platform/ec/zephyr/program/ocelot/ojal/project.overlay -DBOARD=realtek/rts5912 -DCMAKE_C_FLAGS=-DSECTION_IS_RO '-DCONF_FILE=/mnt/host/source/src/platform/ec/zephyr/program/ocelot/program.conf;/mnt/host/source/src/platform/ec/zephyr/program/ocelot/ojal/project.conf;/mnt/host/source/src/platform/ec/build/zephyr/ojal/kconfig-ro.conf'`
[ocelotrvp-npcx:ro] [403/408] Building C object zephyr/kernel/CMakeFiles/kernel.dir/timer.c.obj
[ojal:ro] Loading Zephyr default modules (Zephyr base (cached)).
[ojal:ro] -- Application: /mnt/host/source/src/platform/ec/zephyr/program/ocelot
[ocicat-ish:singleimage] [191/266] Building C object zephyr/drivers/serial/CMakeFiles/drivers__serial.dir/uart_sedi.c.obj
[lotso:ro] [164/387] Building C object zephyr/drivers/input/CMakeFiles/drivers__input.dir/input_kbd_matrix.c.obj
[lotso:ro] [165/387] Linking C static library zephyr/drivers/input/libdrivers__input.a
[ocelotrvp-npcx:ro] [404/408] Building C object zephyr/kernel/CMakeFiles/kernel.dir/events.c.obj
[ocelotrvp-npcx:ro] [405/408] Building C object zephyr/kernel/CMakeFiles/kernel.dir/poll.c.obj
[ocelotrvp-npcx:ro] [406/408] Building C object zephyr/kernel/CMakeFiles/kernel.dir/mempool.c.obj
[pujjolo-ish:singleimage] Configuring.
Running `env -i PYTHONPATH=/usr/lib64/python-exec/python3.11:/mnt/host/source/src/platform/ec/zephyr/zmake:/usr/lib/python311.zip:/usr/lib/python3.11:/usr/lib/python3.11/lib-dynload:/usr/lib/python3.11/site-packages PW_PIGWEED_CIPD_INSTALL_DIR=/usr CROSTC_USER_ACKNOWLEDGES_THAT_RISCV_IS_EXPERIMENTAL=1 PATH=/mnt/host/source/chromite/bin:/usr/local/bin:/usr/bin:/bin:/opt/bin:/mnt/host/source/chromite/sdk/bin:/mnt/host/source/chromite/bin HOME=/home/jpmurphy JAVA_HOME=/etc/java-config-2/current-system-vm JDK_HOME=/etc/java-config-2/current-system-vm JAVAC=/etc/java-config-2/current-system-vm/bin/javac MAKEFLAGS=' -j16 --jobserver-auth=5,6' /usr/bin/cmake -S /mnt/host/source/src/platform/ec/zephyr/program/trulo -B /mnt/host/source/src/platform/ec/build/zephyr/pujjolo-ish/build-singleimage -GNinja -DCMAKE_EXPORT_COMPILE_COMMANDS=ON -DZEPHYR_BASE=/mnt/host/source/src/third_party/zephyr/main -DZMAKE_INCLUDE_DIR=/mnt/host/source/src/platform/ec/build/zephyr/pujjolo-ish/include -DPython3_EXECUTABLE=/usr/bin/python3.11 -DDTS_ROOT=/mnt/host/source/src/platform/ec/zephyr -DSYSCALL_INCLUDE_DIRS=/mnt/host/source/src/platform/ec/zephyr/include/drivers -DUSER_CACHE_DIR=/mnt/host/source/src/platform/ec/build/zephyr/user-cache -DPW_ROOT=/mnt/host/source/src/third_party/pigweed -DNANOPB_DIR=/mnt/host/source/src/third_party/zephyr/nanopb '-DEXTRA_EC_VERSION_FLAGS=--version 16543.0.0 --static' -DTOOLCHAIN_ROOT=/mnt/host/source/src/platform/ec/zephyr -DCOREBOOT_SDK_ROOT_x86=/home/jpmurphy/.cache/coreboot-sdk/i386-elf/dfbb0486385d938cfa9d73080b9d18d598ed4f49 -DCOREBOOT_SDK_ROOT_picolibc_x86=/home/jpmurphy/.cache/coreboot-sdk/picolibc-i386-elf/eb8e8e687b95461de8cbf278f1c2076952d0ad17 -DCOREBOOT_SDK_ROOT_riscv64=/home/jpmurphy/.cache/coreboot-sdk/riscv64-elf/96b949749225b6aaa92ed810ab769e8dfb12f000 -DCOREBOOT_SDK_ROOT_picolibc_arm=/home/jpmurphy/.cache/coreboot-sdk/picolibc-arm-eabi/422a2aa3e1ef891b5bece9a3deb696ff83840d2e -DCOREBOOT_SDK_ROOT_nds32=/home/jpmurphy/.cache/coreboot-sdk/nds32le-elf/d1a518c4a097666d86058e1444f85ca015d15511 -DCOREBOOT_SDK_ROOT_picolibc_riscv64=/home/jpmurphy/.cache/coreboot-sdk/picolibc-riscv64-elf/f571e990ef0278564b31124f8bb109d9a697eb69 -DCOREBOOT_SDK_ROOT_arm=/home/jpmurphy/.cache/coreboot-sdk/arm-eabi/ea40ddd1d190c3b48435c474c0b545719371813a -DCOREBOOT_SDK_ROOT_libstdcxx_riscv64=/home/jpmurphy/.cache/coreboot-sdk/libstdcxx-riscv64-elf/17abf22a3a252e2d5d2062ced5324f7a623689e0 -DCOREBOOT_SDK_ROOT_libstdcxx_arm=/home/jpmurphy/.cache/coreboot-sdk/libstdcxx-arm-eabi/5d7d82e150e44aa1968f1d366e267e6687b328ac -DCOREBOOT_SDK_ROOT_riscv=/home/jpmurphy/.cache/coreboot-sdk/riscv-elf/9a27b9e82341c6e9126624f516ab3f261abb3e73 -DCOREBOOT_SDK_ROOT_libstdcxx_x86=/home/jpmurphy/.cache/coreboot-sdk/libstdcxx-i386-elf/42ef9d2e87a76a37963175d7d428734e65648b87 -DZEPHYR_TOOLCHAIN_VARIANT=coreboot-sdk '-DZEPHYR_MODULES=/mnt/host/source/src/platform/ec/build/zephyr/pujjolo-ish/modules/ec;/mnt/host/source/src/platform/ec/build/zephyr/pujjolo-ish/modules/cmsis;/mnt/host/source/src/platform/ec/build/zephyr/pujjolo-ish/modules/hal_intel_public;/mnt/host/source/src/platform/ec/build/zephyr/pujjolo-ish/modules/pigweed;/mnt/host/source/src/platform/ec/build/zephyr/pujjolo-ish/modules/nanopb' -DDTC_OVERLAY_FILE=/mnt/host/source/src/platform/ec/zephyr/program/trulo/pujjolo-ish/project.overlay -DBOARD=intel_ish_5_4_1 '-DCONF_FILE=/mnt/host/source/src/platform/ec/zephyr/program/trulo/pujjolo-ish/project.conf;/mnt/host/source/src/platform/ec/zephyr/program/trulo/dsp_comms.conf;/mnt/host/source/src/platform/ec/build/zephyr/pujjolo-ish/kconfig-singleimage.conf'`
[pujjolo-ish:singleimage] Loading Zephyr default modules (Zephyr base (cached)).
[pujjolo-ish:singleimage] -- Application: /mnt/host/source/src/platform/ec/zephyr/program/trulo
[pujjolo-ish:singleimage] -- CMake version: 3.31.7
[ocicat-ish:singleimage] [192/266] Building C object zephyr/drivers/serial/CMakeFiles/drivers__serial.dir/mnt/host/source/src/third_party/zephyrproject/modules/hal/intel/bsp_sedi/drivers/usart/sedi_dw_uart.c.obj
[lotso:ro] [166/387] Building C object zephyr/drivers/sensor/CMakeFiles/drivers__sensor.dir/mnt/host/source/src/third_party/zephyr/main/misc/empty_file.c.obj
[ocicat-ish:singleimage] [193/266] Building C object zephyr/drivers/timer/CMakeFiles/drivers__timer.dir/sys_clock_init.c.obj
[lotso:ro] [167/387] Linking C static library zephyr/drivers/sensor/libdrivers__sensor.a
[ocicat-ish:singleimage] [194/266] Linking CXX static library zephyr/drivers/serial/libdrivers__serial.a
[ojal:ro] -- CMake version: 3.31.7
[ojal:ro] -- Found Python3: /usr/bin/python3.11 (found suitable version "3.11.11", minimum required is "3.10") found components: Interpreter
[ojal:ro] -- Cache files will be written to: /mnt/host/source/src/platform/ec/build/zephyr/user-cache
[lotso:ro] [168/387] Building C object zephyr/drivers/pinctrl/CMakeFiles/drivers__pinctrl.dir/pinctrl_ite_it8xxx2.c.obj
[ojal:ro] -- Zephyr version: 4.3.99 (/mnt/host/source/src/third_party/zephyr/main)
[/mnt/host/source/src/platform/ec/build/zephyr/adlrvp_mchp-lcov]   /mnt/host/source/src/platform/ec/build/zephyr/adlrvp_mchp/build-ro/CMakeFiles/app.dir/mnt/host/source/src/platform/ec/build/zephyr/adlrvp_mchp/modules/ec/common/chargen.c.gcno:no functions found
[/mnt/host/source/src/platform/ec/build/zephyr/adlrvp_mchp-lcov] stderr:
[lotso:ro] [169/387] Linking C static library zephyr/drivers/pinctrl/libdrivers__pinctrl.a
[pujjolo-ish:singleimage] -- Found Python3: /usr/bin/python3.11 (found suitable version "3.11.11", minimum required is "3.10") found components: Interpreter
[pujjolo-ish:singleimage] -- Cache files will be written to: /mnt/host/source/src/platform/ec/build/zephyr/user-cache
[pujjolo-ish:singleimage] -- Zephyr version: 4.3.99 (/mnt/host/source/src/third_party/zephyr/main)
[ocelotrvp-npcx:ro] [407/408] Building C object zephyr/kernel/CMakeFiles/kernel.dir/dynamic_disabled.c.obj
[ocicat-ish:singleimage] [195/266] Building C object zephyr/drivers/timer/CMakeFiles/drivers__timer.dir/hpet.c.obj
[ocelotrvp-npcx:ro] [408/408] Linking CXX static library zephyr/kernel/libkernel.a
[ocicat-ish:singleimage] [196/266] Linking CXX static library zephyr/drivers/timer/libdrivers__timer.a
[lotso:ro] [170/387] Building C object zephyr/drivers/pwm/CMakeFiles/drivers__pwm.dir/pwm_shell.c.obj
[ocicat-ish:singleimage] [197/266] Building C object modules/ec/zephyr/CMakeFiles/ec_shim.dir/app/ec/main_shim.c.obj
[ocicat-ish:singleimage] [198/266] Building C object modules/ec/zephyr/CMakeFiles/ec_shim.dir/shim/src/crc.c.obj
[ocicat-ish:singleimage] [199/266] Building C object modules/ec/zephyr/CMakeFiles/ec_shim.dir/shim/chip/stub/clock.c.obj
[ocicat-ish:singleimage] [200/266] Building C object modules/ec/zephyr/CMakeFiles/ec_shim.dir/app/ec/ec_app_main.c.obj
[lotso:ro] [171/387] Building C object zephyr/drivers/pwm/CMakeFiles/drivers__pwm.dir/pwm_ite_it8xxx2.c.obj
[lotso:ro] [172/387] Linking C static library zephyr/drivers/pwm/libdrivers__pwm.a
[lotso:ro] [173/387] Building C object zephyr/drivers/sensor/ite/ite_tach_it8xxx2/CMakeFiles/drivers__sensor__ite__ite_tach_it8xxx2.dir/tach_ite_it8xxx2.c.obj
[lotso:ro] [174/387] Linking C static library zephyr/drivers/sensor/ite/ite_tach_it8xxx2/libdrivers__sensor__ite__ite_tach_it8xxx2.a
[ocicat-ish:singleimage] [201/266] Building C object modules/ec/zephyr/CMakeFiles/ec_shim.dir/shim/src/console.c.obj
[lotso:ro] [175/387] Building C object zephyr/drivers/sensor/ite/ite_vcmp_it8xxx2/CMakeFiles/drivers__sensor__ite__ite_vcmp_it8xxx2.dir/vcmp_ite_it8xxx2.c.obj
[lotso:ro] [176/387] Building C object zephyr/drivers/serial/CMakeFiles/drivers__serial.dir/uart_ite_it8xxx2.c.obj
[ocicat-ish:singleimage] [202/266] Building C object modules/ec/zephyr/CMakeFiles/ec_shim.dir/shim/src/panic_utils.c.obj
[lotso:ro] [177/387] Linking C static library zephyr/drivers/sensor/ite/ite_vcmp_it8xxx2/libdrivers__sensor__ite__ite_vcmp_it8xxx2.a
[/mnt/host/source/src/platform/ec/build/zephyr/skitty-lcov]   /mnt/host/source/src/platform/ec/build/zephyr/skitty/build-ro/CMakeFiles/app.dir/mnt/host/source/src/platform/ec/build/zephyr/skitty/modules/ec/common/chargen.c.gcno:no functions found
[/mnt/host/source/src/platform/ec/build/zephyr/skitty-lcov] stderr:
[ocicat-ish:singleimage] [203/266] Building C object modules/ec/zephyr/CMakeFiles/ec_shim.dir/shim/src/gpio_int.c.obj
[ocicat-ish:singleimage] [204/266] Building C object modules/ec/zephyr/CMakeFiles/ec_shim.dir/shim/src/pm_state.c.obj
[ocicat-ish:singleimage] [205/266] Building C object modules/ec/zephyr/CMakeFiles/ec_shim.dir/shim/src/gpio.c.obj
[lotso:ro] [178/387] Building C object zephyr/drivers/serial/CMakeFiles/drivers__serial.dir/uart_ns16550.c.obj
[lotso:ro] [179/387] Linking C static library zephyr/drivers/serial/libdrivers__serial.a
[ocicat-ish:singleimage] [206/266] Building C object modules/ec/zephyr/CMakeFiles/ec_shim.dir/shim/src/cbi/cros_cbi.c.obj
[lotso:ro] [180/387] Building C object zephyr/drivers/timer/CMakeFiles/drivers__timer.dir/sys_clock_init.c.obj
[ojal:ro] -- Board: realtek, qualifiers: rts5912
[pujjolo-ish:singleimage] -- Board: intel_ish_5_4_1, qualifiers: intel_ish_5_4_1
[ocicat-ish:singleimage] [207/266] Building C object modules/ec/zephyr/CMakeFiles/ec_shim.dir/shim/src/ish_system.c.obj
[lotso:ro] [181/387] Building C object zephyr/drivers/timer/CMakeFiles/drivers__timer.dir/ite_it8xxx2_timer.c.obj
[ocicat-ish:singleimage] [208/266] Building C object modules/ec/zephyr/CMakeFiles/ec_shim.dir/shim/src/host_command.c.obj
[ocicat-ish:singleimage] [209/266] Building C object modules/ec/zephyr/CMakeFiles/ec_shim.dir/shim/src/hooks.c.obj
[lotso:ro] [182/387] Linking C static library zephyr/drivers/timer/libdrivers__timer.a
[lotso:ro] [183/387] Building C object zephyr/drivers/watchdog/CMakeFiles/drivers__watchdog.dir/wdt_ite_it8xxx2.c.obj
[ocicat-ish:singleimage] [210/266] Building C object modules/ec/zephyr/CMakeFiles/ec_shim.dir/shim/src/console_buffer.c.obj
[lotso:ro] [184/387] Building C object zephyr/drivers/watchdog/CMakeFiles/drivers__watchdog.dir/wdt_shell.c.obj
[ocicat-ish:singleimage] [211/266] Building C object modules/ec/zephyr/CMakeFiles/ec_shim.dir/shim/src/mkbp_event.c.obj
[lotso:ro] [185/387] Linking C static library zephyr/drivers/watchdog/libdrivers__watchdog.a
[/mnt/host/source/src/platform/ec/build/zephyr/gothrax-lcov]   /mnt/host/source/src/platform/ec/build/zephyr/gothrax/build-rw/CMakeFiles/app.dir/mnt/host/source/src/platform/ec/build/zephyr/gothrax/modules/ec/common/cbi_config.c.gcno:no functions found
[/mnt/host/source/src/platform/ec/build/zephyr/gothrax-lcov] stderr:
[ocicat-ish:singleimage] [212/266] Building C object modules/ec/zephyr/CMakeFiles/ec_shim.dir/shim/src/hwtimer.c.obj
[lotso:ro] [186/387] Building C object modules/ec/zephyr/CMakeFiles/ec_shim.dir/app/ec/main_shim.c.obj
[ocicat-ish:singleimage] [213/266] Building C object modules/ec/zephyr/CMakeFiles/ec_shim.dir/shim/src/motionsense_sensors.c.obj
[lotso:ro] [187/387] Building C object modules/ec/zephyr/CMakeFiles/ec_shim.dir/app/ec/ec_app_main.c.obj
[ocicat-ish:singleimage] [214/266] Building C object modules/ec/zephyr/CMakeFiles/ec_shim.dir/shim/src/usbc_stub.c.obj
[ocicat-ish:singleimage] [215/266] Building C object modules/ec/zephyr/CMakeFiles/ec_shim.dir/shim/src/i2c.c.obj
[ocicat-ish:singleimage] [216/266] Building C object modules/ec/zephyr/CMakeFiles/ec_shim.dir/shim/src/tasks.c.obj
[lotso:ro] [188/387] Building C object modules/ec/zephyr/CMakeFiles/ec_shim.dir/drivers/cros_flash/cros_flash_it8xxx2.c.obj
[lotso:ro] [189/387] Building C object modules/ec/zephyr/CMakeFiles/ec_shim.dir/app/ec/chip/riscv/riscv-ite/it8xxx2-espi.c.obj
[ocicat-ish:singleimage] [217/266] Building C object modules/ec/zephyr/subsys/host_service/CMakeFiles/..__..__..__platform__ec__zephyr__subsys__host_service.dir/zephyr_host_service.c.obj
[ocicat-ish:singleimage] [218/266] Building C object modules/ec/zephyr/CMakeFiles/ec_shim.dir/shim/src/host_command_heci.c.obj
[lotso:ro] [190/387] Building C object modules/ec/zephyr/CMakeFiles/ec_shim.dir/drivers/cros_kblight/pwm_kblight.c.obj
[/mnt/host/source/src/platform/ec/build/zephyr/gothrax-lcov]   /mnt/host/source/src/platform/ec/build/zephyr/gothrax/build-rw/zephyr/arch/arch/riscv/core/CMakeFiles/arch__riscv__core.dir/cpu_idle.c.gcno:no functions found
[/mnt/host/source/src/platform/ec/build/zephyr/gothrax-lcov] stderr:
[ocicat-ish:singleimage] [219/266] Linking CXX static library modules/ec/zephyr/libec_shim.a
[lotso:ro] [191/387] Building C object modules/ec/zephyr/CMakeFiles/ec_shim.dir/drivers/keyboard_input/keyboard_customization_check.c.obj
[ocicat-ish:singleimage] [220/266] Building C object modules/ec/zephyr/subsys/host_service/CMakeFiles/..__..__..__platform__ec__zephyr__subsys__host_service.dir/sys_mng.c.obj
[/mnt/host/source/src/platform/ec/build/zephyr/adlrvp_mchp-lcov]   /mnt/host/source/src/platform/ec/build/zephyr/adlrvp_mchp/build-ro/CMakeFiles/app.dir/mnt/host/source/src/platform/ec/build/zephyr/adlrvp_mchp/modules/ec/common/cbi_config.c.gcno:no functions found
[/mnt/host/source/src/platform/ec/build/zephyr/adlrvp_mchp-lcov] stderr:
[ocicat-ish:singleimage] [221/266] Linking CXX static library modules/ec/zephyr/subsys/host_service/lib..__..__..__platform__ec__zephyr__subsys__host_service.a
[ocicat-ish:singleimage] [222/266] Building C object modules/ec/zephyr/subsys/host_service/heci/CMakeFiles/..__..__..__platform__ec__zephyr__subsys__host_service__heci.dir/heci_intf.c.obj
[lotso:ro] [192/387] Building C object modules/ec/zephyr/CMakeFiles/ec_shim.dir/drivers/hibernate/hibernate_z5.c.obj
[ojal:ro] -- Found Dtc: /usr/bin/dtc (found suitable version "1.6.0", minimum required is "1.4.6")
[lotso:ro] [193/387] Building C object modules/ec/zephyr/CMakeFiles/ec_shim.dir/drivers/cros_system/cros_system_it8xxx2.c.obj
[ojal:ro] -- Found BOARD.dts: /mnt/host/source/src/platform/ec/zephyr/boards/google/realtek/realtek_rts5912.dts
[ojal:ro] -- Found devicetree overlay: /mnt/host/source/src/platform/ec/zephyr/program/ocelot/ojal/project.overlay
[ocicat-ish:singleimage] [223/266] Building C object modules/ec/zephyr/subsys/host_service/heci/CMakeFiles/..__..__..__platform__ec__zephyr__subsys__host_service__heci.dir/heci_system_state.c.obj
[ocicat-ish:singleimage] [224/266] Building C object modules/ec/zephyr/subsys/host_service/heci/CMakeFiles/..__..__..__platform__ec__zephyr__subsys__host_service__heci.dir/intfs/ipm_intf.c.obj
[pujjolo-ish:singleimage] -- Found Dtc: /usr/bin/dtc (found suitable version "1.6.0", minimum required is "1.4.6")
[pujjolo-ish:singleimage] -- Found BOARD.dts: /mnt/host/source/src/third_party/zephyr/main/boards/intel/ish/intel_ish_5_4_1.dts
[pujjolo-ish:singleimage] -- Found devicetree overlay: /mnt/host/source/src/platform/ec/zephyr/program/trulo/pujjolo-ish/project.overlay
[/mnt/host/source/src/platform/ec/build/zephyr/adlrvp_mchp-lcov]   /mnt/host/source/src/platform/ec/build/zephyr/adlrvp_mchp/build-ro/CMakeFiles/app.dir/src/intel_rvp_board_id.c.gcno:no functions found
[/mnt/host/source/src/platform/ec/build/zephyr/adlrvp_mchp-lcov] stderr:
[ocicat-ish:singleimage] [225/266] Building C object modules/ec/zephyr/subsys/host_service/heci/CMakeFiles/..__..__..__platform__ec__zephyr__subsys__host_service__heci.dir/heci_core.c.obj
[ocicat-ish:singleimage] [226/266] Building C object modules/ec/zephyr/drivers/dsp_comms/client/CMakeFiles/dsp.client.dir/dsp_client_transport.c.obj
[/mnt/host/source/src/platform/ec/build/zephyr/screebo-lcov]   /mnt/host/source/src/platform/ec/build/zephyr/screebo/build-rw/CMakeFiles/app.dir/mnt/host/source/src/platform/ec/build/zephyr/screebo/modules/ec/common/cbi_config.c.gcno:no functions found
[ocicat-ish:singleimage] [227/266] Linking CXX static library modules/ec/zephyr/subsys/host_service/heci/lib..__..__..__platform__ec__zephyr__subsys__host_service__heci.a
[/mnt/host/source/src/platform/ec/build/zephyr/screebo-lcov] stderr:
[lotso:ro] [194/387] Building C object modules/ec/zephyr/CMakeFiles/ec_shim.dir/drivers/keyboard_input/col_gpio_drive.c.obj
[lotso:ro] [195/387] Building C object modules/ec/zephyr/CMakeFiles/ec_shim.dir/drivers/keyboard_input/keyboard_input.c.obj
[ocicat-ish:singleimage] [228/266] Building C object modules/ec/zephyr/drivers/dsp_comms/client/CMakeFiles/dsp.client.dir/remote_lid_angle.c.obj
[lotso:ro] [196/387] Building C object modules/ec/zephyr/CMakeFiles/ec_shim.dir/drivers/usbc/ucsi_v3.c.obj
[ocicat-ish:singleimage] [229/266] Building C object modules/ec/zephyr/drivers/dsp_comms/client/CMakeFiles/dsp.client.dir/dsp_client.c.obj
[ocicat-ish:singleimage] [230/266] Building C object modules/ec/zephyr/drivers/dsp_comms/client/CMakeFiles/dsp.client.dir/remote_cbi.c.obj
[pujjolo-ish:singleimage] -- Generated zephyr.dts: /mnt/host/source/src/platform/ec/build/zephyr/pujjolo-ish/build-singleimage/zephyr/zephyr.dts
[pujjolo-ish:singleimage] -- Generated pickled edt: /mnt/host/source/src/platform/ec/build/zephyr/pujjolo-ish/build-singleimage/zephyr/edt.pickle
[ocicat-ish:singleimage] [231/266] Building C object modules/ec/zephyr/drivers/dsp_comms/client/CMakeFiles/dsp.client.dir/remote_lid_switch.c.obj
[ocicat-ish:singleimage] [232/266] Building C object modules/ec/zephyr/drivers/dsp_comms/client/CMakeFiles/dsp.client.dir/remote_tablet_switch.c.obj
[ocicat-ish:singleimage] [233/266] Building C object zephyr/kernel/CMakeFiles/kernel.dir/main_weak.c.obj
[ocicat-ish:singleimage] [234/266] Linking CXX static library modules/ec/zephyr/drivers/dsp_comms/client/libdsp.client.a
[ocicat-ish:singleimage] [235/266] Building C object zephyr/kernel/CMakeFiles/kernel.dir/banner.c.obj
[lotso:ro] [197/387] Building C object modules/ec/zephyr/CMakeFiles/ec_shim.dir/drivers/boot_keys/boot_keys.c.obj
[/mnt/host/source/src/platform/ec/build/zephyr/gothrax-lcov]   /mnt/host/source/src/platform/ec/build/zephyr/gothrax/build-rw/zephyr/arch/common/CMakeFiles/isr_tables.dir/isr_tables.c.gcno:no functions found
[/mnt/host/source/src/platform/ec/build/zephyr/gothrax-lcov] stderr:
[ocicat-ish:singleimage] [236/266] Building C object zephyr/kernel/CMakeFiles/kernel.dir/busy_wait.c.obj
[pujjolo-ish:singleimage] -- Generated devicetree_generated.h: /mnt/host/source/src/platform/ec/build/zephyr/pujjolo-ish/build-singleimage/zephyr/include/generated/zephyr/devicetree_generated.h
[lotso:ro] [198/387] Building C object modules/ec/zephyr/CMakeFiles/ec_shim.dir/drivers/usbc/pdc_rts54xx.c.obj
[lotso:ro] [199/387] Building C object modules/ec/zephyr/CMakeFiles/ec_shim.dir/drivers/runtime_keys/runtime_keys.c.obj
[ocicat-ish:singleimage] [237/266] Building C object zephyr/kernel/CMakeFiles/kernel.dir/errno.c.obj
[ocicat-ish:singleimage] [238/266] Building C object zephyr/kernel/CMakeFiles/kernel.dir/device.c.obj
[ojal:ro] -- Generated zephyr.dts: /mnt/host/source/src/platform/ec/build/zephyr/ojal/build-ro/zephyr/zephyr.dts
[ojal:ro] -- Generated pickled edt: /mnt/host/source/src/platform/ec/build/zephyr/ojal/build-ro/zephyr/edt.pickle
[lotso:ro] [200/387] Building C object modules/ec/zephyr/CMakeFiles/ec_shim.dir/drivers/prochot_vcmp/prochot_vcmp.c.obj
[ocicat-ish:singleimage] [239/266] Building C object zephyr/kernel/CMakeFiles/kernel.dir/fatal.c.obj
[lotso:ro] [201/387] Building C object modules/ec/zephyr/CMakeFiles/ec_shim.dir/drivers/vivaldi_kbd/vivaldi_kbd.c.obj
[ocicat-ish:singleimage] [240/266] Building C object zephyr/kernel/CMakeFiles/kernel.dir/init.c.obj
[ocicat-ish:singleimage] [241/266] Building C object zephyr/kernel/CMakeFiles/kernel.dir/kheap.c.obj
[ocicat-ish:singleimage] [242/266] Building C object zephyr/kernel/CMakeFiles/kernel.dir/version.c.obj
[/mnt/host/source/src/platform/ec/build/zephyr/adlrvp_mchp-lcov]   /mnt/host/source/src/platform/ec/build/zephyr/adlrvp_mchp/build-ro/zephyr/arch/arch/arm/core/mpu/CMakeFiles/arch__arm__core__mpu.dir/arm_mpu_regions.c.gcno:no functions found
[/mnt/host/source/src/platform/ec/build/zephyr/adlrvp_mchp-lcov] stderr:
[lotso:ro] [202/387] Building C object modules/ec/zephyr/CMakeFiles/ec_shim.dir/shim/chip/it8xxx2/clock.c.obj
[ocicat-ish:singleimage] [243/266] Building C object zephyr/kernel/CMakeFiles/kernel.dir/float.c.obj
[ojal:ro] -- Generated devicetree_generated.h: /mnt/host/source/src/platform/ec/build/zephyr/ojal/build-ro/zephyr/include/generated/zephyr/devicetree_generated.h
[/mnt/host/source/src/platform/ec/build/zephyr/screebo-lcov]   /mnt/host/source/src/platform/ec/build/zephyr/screebo/build-rw/zephyr/arch/arch/arm/core/mpu/CMakeFiles/arch__arm__core__mpu.dir/arm_mpu_regions.c.gcno:no functions found
[/mnt/host/source/src/platform/ec/build/zephyr/screebo-lcov] stderr:
[ocicat-ish:singleimage] [244/266] Building C object zephyr/kernel/CMakeFiles/kernel.dir/mem_slab.c.obj
[/mnt/host/source/src/platform/ec/build/zephyr/skitty-lcov]   /mnt/host/source/src/platform/ec/build/zephyr/skitty/build-ro/CMakeFiles/app.dir/mnt/host/source/src/platform/ec/build/zephyr/skitty/modules/ec/common/cbi_config.c.gcno:no functions found
[/mnt/host/source/src/platform/ec/build/zephyr/skitty-lcov] stderr:
[lotso:ro] [203/387] Building C object modules/ec/zephyr/CMakeFiles/ec_shim.dir/shim/src/crc.c.obj
[ocicat-ish:singleimage] [245/266] Building C object zephyr/kernel/CMakeFiles/kernel.dir/idle.c.obj
[lotso:ro] [204/387] Building C object modules/ec/zephyr/CMakeFiles/ec_shim.dir/shim/chip/it8xxx2/system.c.obj
[ocicat-ish:singleimage] [246/266] Building C object zephyr/kernel/CMakeFiles/kernel.dir/mailbox.c.obj
[ocicat-ish:singleimage] [247/266] Building C object zephyr/kernel/CMakeFiles/kernel.dir/msg_q.c.obj
[lotso:ro] [205/387] Building C object modules/ec/zephyr/CMakeFiles/ec_shim.dir/shim/chip/it8xxx2/gpio.c.obj
[ocicat-ish:singleimage] [248/266] Building C object zephyr/kernel/CMakeFiles/kernel.dir/mutex.c.obj
[lotso:ro] [206/387] Building C object modules/ec/zephyr/CMakeFiles/ec_shim.dir/shim/src/console.c.obj
[lotso:ro] [207/387] Building C object modules/ec/zephyr/CMakeFiles/ec_shim.dir/shim/chip/it8xxx2/power_policy.c.obj
[ocicat-ish:singleimage] [249/266] Building C object zephyr/kernel/CMakeFiles/kernel.dir/sem.c.obj
[ocicat-ish:singleimage] [250/266] Building C object zephyr/kernel/CMakeFiles/kernel.dir/stack.c.obj
[/mnt/host/source/src/platform/ec/build/zephyr/skitty-lcov]   /mnt/host/source/src/platform/ec/build/zephyr/skitty/build-ro/zephyr/arch/arch/riscv/core/CMakeFiles/arch__riscv__core.dir/cpu_idle.c.gcno:no functions found
[/mnt/host/source/src/platform/ec/build/zephyr/skitty-lcov] stderr:
[/mnt/host/source/src/platform/ec/build/zephyr/adlrvp_mchp-lcov]   /mnt/host/source/src/platform/ec/build/zephyr/adlrvp_mchp/build-ro/zephyr/arch/common/CMakeFiles/isr_tables.dir/isr_tables.c.gcno:no functions found
[/mnt/host/source/src/platform/ec/build/zephyr/adlrvp_mchp-lcov] stderr:
[ocicat-ish:singleimage] [251/266] Building C object zephyr/kernel/CMakeFiles/kernel.dir/queue.c.obj
[ocicat-ish:singleimage] [252/266] Building C object zephyr/kernel/CMakeFiles/kernel.dir/system_work_q.c.obj
[/mnt/host/source/src/platform/ec/build/zephyr/screebo-lcov]   /mnt/host/source/src/platform/ec/build/zephyr/screebo/build-rw/zephyr/arch/common/CMakeFiles/isr_tables.dir/isr_tables.c.gcno:no functions found
[/mnt/host/source/src/platform/ec/build/zephyr/screebo-lcov] stderr:
[lotso:ro] [208/387] Building C object modules/ec/zephyr/CMakeFiles/ec_shim.dir/shim/src/gpio_int.c.obj
[ocicat-ish:singleimage] [253/266] Building C object zephyr/kernel/CMakeFiles/kernel.dir/condvar.c.obj
[ocicat-ish:singleimage] [254/266] Building C object zephyr/kernel/CMakeFiles/kernel.dir/thread.c.obj
[ojal:ro] /mnt/host/source/src/platform/ec/build/zephyr/ojal/build-ro/zephyr/zephyr.dts:1463.20-1465.5: Warning (simple_bus_reg): /soc/cros-flash: missing or empty reg/ranges property
[ocicat-ish:singleimage] [255/266] Building C object zephyr/kernel/CMakeFiles/kernel.dir/work.c.obj
[lotso:ro] [209/387] Building C object modules/ec/zephyr/CMakeFiles/ec_shim.dir/shim/src/gpio.c.obj
[ocicat-ish:singleimage] [256/266] Building C object zephyr/kernel/CMakeFiles/kernel.dir/pipe.c.obj
[lotso:ro] [210/387] Building C object modules/ec/zephyr/CMakeFiles/ec_shim.dir/shim/src/panic_utils.c.obj
[lotso:ro] [211/387] Building C object modules/ec/zephyr/CMakeFiles/ec_shim.dir/shim/src/pm_state.c.obj
[lotso:ro] [212/387] Building C object modules/ec/zephyr/CMakeFiles/ec_shim.dir/shim/src/cbi/cros_cbi.c.obj
[ocicat-ish:singleimage] [257/266] Building C object zephyr/kernel/CMakeFiles/kernel.dir/sched.c.obj
[ocicat-ish:singleimage] [258/266] Building C object zephyr/kernel/CMakeFiles/kernel.dir/spinlock_validate.c.obj
[ocicat-ish:singleimage] [259/266] Building C object zephyr/kernel/CMakeFiles/kernel.dir/thread_monitor.c.obj
[ocicat-ish:singleimage] [260/266] Building C object zephyr/kernel/CMakeFiles/kernel.dir/timeout.c.obj
[/mnt/host/source/src/platform/ec/build/zephyr/skitty-lcov]   /mnt/host/source/src/platform/ec/build/zephyr/skitty/build-ro/zephyr/arch/common/CMakeFiles/isr_tables.dir/isr_tables.c.gcno:no functions found
[/mnt/host/source/src/platform/ec/build/zephyr/skitty-lcov] stderr:
[ocicat-ish:singleimage] [261/266] Building C object zephyr/kernel/CMakeFiles/kernel.dir/timer.c.obj
[lotso:ro] [213/387] Building C object modules/ec/zephyr/CMakeFiles/ec_shim.dir/shim/src/cbi/cros_cbi_ssfc.c.obj
Toolchain <zmake.toolchains.CorebootSdkToolchain object at 0x7f4120704590> selected by probe function.
[steelix] Building in /mnt/host/source/src/platform/ec/build/zephyr/steelix.
[ocicat-ish:singleimage] [262/266] Building C object zephyr/kernel/CMakeFiles/kernel.dir/mempool.c.obj
[ocicat-ish:singleimage] [263/266] Building C object zephyr/kernel/CMakeFiles/kernel.dir/events.c.obj
[steelix:rw] Configuring.
Running `env -i PYTHONPATH=/usr/lib64/python-exec/python3.11:/mnt/host/source/src/platform/ec/zephyr/zmake:/usr/lib/python311.zip:/usr/lib/python3.11:/usr/lib/python3.11/lib-dynload:/usr/lib/python3.11/site-packages PW_PIGWEED_CIPD_INSTALL_DIR=/usr CROSTC_USER_ACKNOWLEDGES_THAT_RISCV_IS_EXPERIMENTAL=1 PATH=/mnt/host/source/chromite/bin:/usr/local/bin:/usr/bin:/bin:/opt/bin:/mnt/host/source/chromite/sdk/bin:/mnt/host/source/chromite/bin HOME=/home/jpmurphy JAVA_HOME=/etc/java-config-2/current-system-vm JDK_HOME=/etc/java-config-2/current-system-vm JAVAC=/etc/java-config-2/current-system-vm/bin/javac MAKEFLAGS=' -j16 --jobserver-auth=5,6' /usr/bin/cmake -S /mnt/host/source/src/platform/ec/zephyr/program/corsola -B /mnt/host/source/src/platform/ec/build/zephyr/steelix/build-rw -GNinja -DCMAKE_EXPORT_COMPILE_COMMANDS=ON -DZEPHYR_BASE=/mnt/host/source/src/third_party/zephyr/main -DZMAKE_INCLUDE_DIR=/mnt/host/source/src/platform/ec/build/zephyr/steelix/include -DPython3_EXECUTABLE=/usr/bin/python3.11 -DDTS_ROOT=/mnt/host/source/src/platform/ec/zephyr -DSYSCALL_INCLUDE_DIRS=/mnt/host/source/src/platform/ec/zephyr/include/drivers -DUSER_CACHE_DIR=/mnt/host/source/src/platform/ec/build/zephyr/user-cache '-DEXTRA_EC_VERSION_FLAGS=--version 16543.0.0 --static' -DTOOLCHAIN_ROOT=/mnt/host/source/src/platform/ec/zephyr -DCOREBOOT_SDK_ROOT_x86=/home/jpmurphy/.cache/coreboot-sdk/i386-elf/dfbb0486385d938cfa9d73080b9d18d598ed4f49 -DCOREBOOT_SDK_ROOT_picolibc_x86=/home/jpmurphy/.cache/coreboot-sdk/picolibc-i386-elf/eb8e8e687b95461de8cbf278f1c2076952d0ad17 -DCOREBOOT_SDK_ROOT_riscv64=/home/jpmurphy/.cache/coreboot-sdk/riscv64-elf/96b949749225b6aaa92ed810ab769e8dfb12f000 -DCOREBOOT_SDK_ROOT_picolibc_arm=/home/jpmurphy/.cache/coreboot-sdk/picolibc-arm-eabi/422a2aa3e1ef891b5bece9a3deb696ff83840d2e -DCOREBOOT_SDK_ROOT_nds32=/home/jpmurphy/.cache/coreboot-sdk/nds32le-elf/d1a518c4a097666d86058e1444f85ca015d15511 -DCOREBOOT_SDK_ROOT_picolibc_riscv64=/home/jpmurphy/.cache/coreboot-sdk/picolibc-riscv64-elf/f571e990ef0278564b31124f8bb109d9a697eb69 -DCOREBOOT_SDK_ROOT_arm=/home/jpmurphy/.cache/coreboot-sdk/arm-eabi/ea40ddd1d190c3b48435c474c0b545719371813a -DCOREBOOT_SDK_ROOT_libstdcxx_riscv64=/home/jpmurphy/.cache/coreboot-sdk/libstdcxx-riscv64-elf/17abf22a3a252e2d5d2062ced5324f7a623689e0 -DCOREBOOT_SDK_ROOT_libstdcxx_arm=/home/jpmurphy/.cache/coreboot-sdk/libstdcxx-arm-eabi/5d7d82e150e44aa1968f1d366e267e6687b328ac -DCOREBOOT_SDK_ROOT_riscv=/home/jpmurphy/.cache/coreboot-sdk/riscv-elf/9a27b9e82341c6e9126624f516ab3f261abb3e73 -DCOREBOOT_SDK_ROOT_libstdcxx_x86=/home/jpmurphy/.cache/coreboot-sdk/libstdcxx-i386-elf/42ef9d2e87a76a37963175d7d428734e65648b87 -DZEPHYR_TOOLCHAIN_VARIANT=coreboot-sdk '-DZEPHYR_MODULES=/mnt/host/source/src/platform/ec/build/zephyr/steelix/modules/cmsis;/mnt/host/source/src/platform/ec/build/zephyr/steelix/modules/cmsis_6;/mnt/host/source/src/platform/ec/build/zephyr/steelix/modules/ec' -DDTC_OVERLAY_FILE=/mnt/host/source/src/platform/ec/zephyr/program/corsola/steelix/project.overlay -DBOARD=npcx9/npcx9m3f -DCMAKE_C_FLAGS=-DSECTION_IS_RW '-DCONF_FILE=/mnt/host/source/src/platform/ec/zephyr/program/corsola/program.conf;/mnt/host/source/src/platform/ec/zephyr/program/corsola/npcx_program.conf;/mnt/host/source/src/platform/ec/zephyr/program/corsola/steelix/project.conf;/mnt/host/source/src/platform/ec/build/zephyr/steelix/kconfig-rw.conf'`
[steelix:rw] Loading Zephyr default modules (Zephyr base (cached)).
[steelix:rw] -- Application: /mnt/host/source/src/platform/ec/zephyr/program/corsola
[steelix:ro] Configuring.
Running `env -i PYTHONPATH=/usr/lib64/python-exec/python3.11:/mnt/host/source/src/platform/ec/zephyr/zmake:/usr/lib/python311.zip:/usr/lib/python3.11:/usr/lib/python3.11/lib-dynload:/usr/lib/python3.11/site-packages PW_PIGWEED_CIPD_INSTALL_DIR=/usr CROSTC_USER_ACKNOWLEDGES_THAT_RISCV_IS_EXPERIMENTAL=1 PATH=/mnt/host/source/chromite/bin:/usr/local/bin:/usr/bin:/bin:/opt/bin:/mnt/host/source/chromite/sdk/bin:/mnt/host/source/chromite/bin HOME=/home/jpmurphy JAVA_HOME=/etc/java-config-2/current-system-vm JDK_HOME=/etc/java-config-2/current-system-vm JAVAC=/etc/java-config-2/current-system-vm/bin/javac MAKEFLAGS=' -j16 --jobserver-auth=5,6' /usr/bin/cmake -S /mnt/host/source/src/platform/ec/zephyr/program/corsola -B /mnt/host/source/src/platform/ec/build/zephyr/steelix/build-ro -GNinja -DCMAKE_EXPORT_COMPILE_COMMANDS=ON -DZEPHYR_BASE=/mnt/host/source/src/third_party/zephyr/main -DZMAKE_INCLUDE_DIR=/mnt/host/source/src/platform/ec/build/zephyr/steelix/include -DPython3_EXECUTABLE=/usr/bin/python3.11 -DDTS_ROOT=/mnt/host/source/src/platform/ec/zephyr -DSYSCALL_INCLUDE_DIRS=/mnt/host/source/src/platform/ec/zephyr/include/drivers -DUSER_CACHE_DIR=/mnt/host/source/src/platform/ec/build/zephyr/user-cache '-DEXTRA_EC_VERSION_FLAGS=--version 16543.0.0 --static' -DTOOLCHAIN_ROOT=/mnt/host/source/src/platform/ec/zephyr -DCOREBOOT_SDK_ROOT_x86=/home/jpmurphy/.cache/coreboot-sdk/i386-elf/dfbb0486385d938cfa9d73080b9d18d598ed4f49 -DCOREBOOT_SDK_ROOT_picolibc_x86=/home/jpmurphy/.cache/coreboot-sdk/picolibc-i386-elf/eb8e8e687b95461de8cbf278f1c2076952d0ad17 -DCOREBOOT_SDK_ROOT_riscv64=/home/jpmurphy/.cache/coreboot-sdk/riscv64-elf/96b949749225b6aaa92ed810ab769e8dfb12f000 -DCOREBOOT_SDK_ROOT_picolibc_arm=/home/jpmurphy/.cache/coreboot-sdk/picolibc-arm-eabi/422a2aa3e1ef891b5bece9a3deb696ff83840d2e -DCOREBOOT_SDK_ROOT_nds32=/home/jpmurphy/.cache/coreboot-sdk/nds32le-elf/d1a518c4a097666d86058e1444f85ca015d15511 -DCOREBOOT_SDK_ROOT_picolibc_riscv64=/home/jpmurphy/.cache/coreboot-sdk/picolibc-riscv64-elf/f571e990ef0278564b31124f8bb109d9a697eb69 -DCOREBOOT_SDK_ROOT_arm=/home/jpmurphy/.cache/coreboot-sdk/arm-eabi/ea40ddd1d190c3b48435c474c0b545719371813a -DCOREBOOT_SDK_ROOT_libstdcxx_riscv64=/home/jpmurphy/.cache/coreboot-sdk/libstdcxx-riscv64-elf/17abf22a3a252e2d5d2062ced5324f7a623689e0 -DCOREBOOT_SDK_ROOT_libstdcxx_arm=/home/jpmurphy/.cache/coreboot-sdk/libstdcxx-arm-eabi/5d7d82e150e44aa1968f1d366e267e6687b328ac -DCOREBOOT_SDK_ROOT_riscv=/home/jpmurphy/.cache/coreboot-sdk/riscv-elf/9a27b9e82341c6e9126624f516ab3f261abb3e73 -DCOREBOOT_SDK_ROOT_libstdcxx_x86=/home/jpmurphy/.cache/coreboot-sdk/libstdcxx-i386-elf/42ef9d2e87a76a37963175d7d428734e65648b87 -DZEPHYR_TOOLCHAIN_VARIANT=coreboot-sdk '-DZEPHYR_MODULES=/mnt/host/source/src/platform/ec/build/zephyr/steelix/modules/cmsis;/mnt/host/source/src/platform/ec/build/zephyr/steelix/modules/cmsis_6;/mnt/host/source/src/platform/ec/build/zephyr/steelix/modules/ec' -DDTC_OVERLAY_FILE=/mnt/host/source/src/platform/ec/zephyr/program/corsola/steelix/project.overlay -DBOARD=npcx9/npcx9m3f -DCMAKE_C_FLAGS=-DSECTION_IS_RO '-DCONF_FILE=/mnt/host/source/src/platform/ec/zephyr/program/corsola/program.conf;/mnt/host/source/src/platform/ec/zephyr/program/corsola/npcx_program.conf;/mnt/host/source/src/platform/ec/zephyr/program/corsola/steelix/project.conf;/mnt/host/source/src/platform/ec/build/zephyr/steelix/kconfig-ro.conf'`
[ocicat-ish:singleimage] [264/266] Building C object zephyr/kernel/CMakeFiles/kernel.dir/dynamic_disabled.c.obj
[lotso:ro] [214/387] Building C object modules/ec/zephyr/CMakeFiles/ec_shim.dir/shim/src/cbi/cbi_flash.c.obj
[steelix:ro] Loading Zephyr default modules (Zephyr base (cached)).
[steelix:ro] -- Application: /mnt/host/source/src/platform/ec/zephyr/program/corsola
[steelix:ro] -- CMake version: 3.31.7
[ocicat-ish:singleimage] [265/266] Building C object zephyr/kernel/CMakeFiles/kernel.dir/poll.c.obj
[ocicat-ish:singleimage] [266/266] Linking CXX static library zephyr/kernel/libkernel.a
[lotso:ro] [215/387] Building C object modules/ec/zephyr/CMakeFiles/ec_shim.dir/shim/src/led_driver/led.c.obj
[lotso:ro] [216/387] Building C object modules/ec/zephyr/CMakeFiles/ec_shim.dir/shim/src/led_driver/led_pwm.c.obj
[lotso:ro] [217/387] Building C object modules/ec/zephyr/CMakeFiles/ec_shim.dir/shim/src/system.c.obj
[steelix:rw] -- CMake version: 3.31.7
[steelix:rw] -- Found Python3: /usr/bin/python3.11 (found suitable version "3.11.11", minimum required is "3.10") found components: Interpreter
[steelix:rw] -- Cache files will be written to: /mnt/host/source/src/platform/ec/build/zephyr/user-cache
[steelix:rw] -- Zephyr version: 4.3.99 (/mnt/host/source/src/third_party/zephyr/main)
[steelix:ro] -- Found Python3: /usr/bin/python3.11 (found suitable version "3.11.11", minimum required is "3.10") found components: Interpreter
[steelix:ro] -- Cache files will be written to: /mnt/host/source/src/platform/ec/build/zephyr/user-cache
[steelix:ro] -- Zephyr version: 4.3.99 (/mnt/host/source/src/third_party/zephyr/main)
[lotso:ro] [218/387] Building C object modules/ec/zephyr/CMakeFiles/ec_shim.dir/shim/src/charger.c.obj
[lotso:ro] [219/387] Building C object modules/ec/zephyr/CMakeFiles/ec_shim.dir/shim/src/battery.c.obj
[lotso:ro] [220/387] Building C object modules/ec/zephyr/CMakeFiles/ec_shim.dir/shim/src/adc.c.obj
[lotso:ro] [221/387] Building C object modules/ec/zephyr/CMakeFiles/ec_shim.dir/shim/src/pdc_shim.c.obj
[pujjolo-ish:singleimage] warning: Deprecated symbol I2C_ALLOW_NO_STOP_TRANSACTIONS is enabled.
[lotso:ro] [222/387] Building C object modules/ec/zephyr/CMakeFiles/ec_shim.dir/shim/src/chipset_api.c.obj
[lotso:ro] [223/387] Building C object modules/ec/zephyr/CMakeFiles/ec_shim.dir/shim/src/flash.c.obj
[lotso:ro] [224/387] Building C object modules/ec/zephyr/CMakeFiles/ec_shim.dir/shim/src/espi.c.obj
[/mnt/host/source/src/platform/ec/build/zephyr/adlrvp_mchp-lcov]   /mnt/host/source/src/platform/ec/build/zephyr/adlrvp_mchp/build-ro/zephyr/CMakeFiles/zephyr.dir/subsys/shell/modules/kernel_service/kernel_shell.c.gcno:no functions found
[/mnt/host/source/src/platform/ec/build/zephyr/adlrvp_mchp-lcov] stderr:
[/mnt/host/source/src/platform/ec/build/zephyr/gothrax-lcov]   /mnt/host/source/src/platform/ec/build/zephyr/gothrax/build-rw/zephyr/CMakeFiles/zephyr.dir/subsys/shell/modules/kernel_service/kernel_shell.c.gcno:no functions found
[/mnt/host/source/src/platform/ec/build/zephyr/gothrax-lcov] stderr:
[lotso:ro] [225/387] Building C object modules/ec/zephyr/CMakeFiles/ec_shim.dir/shim/src/fan.c.obj
[pujjolo-ish:singleimage] Parsing /mnt/host/source/src/platform/ec/zephyr/program/trulo/Kconfig
[lotso:ro] [226/387] Building C object modules/ec/zephyr/CMakeFiles/ec_shim.dir/shim/src/mkbp_event.c.obj
[/mnt/host/source/src/platform/ec/build/zephyr/adlrvp_mchp-lcov]   /mnt/host/source/src/platform/ec/build/zephyr/adlrvp_mchp/build-ro/zephyr/CMakeFiles/zephyr.dir/lib/libc/validate_libc.c.gcno:no functions found
[/mnt/host/source/src/platform/ec/build/zephyr/adlrvp_mchp-lcov] stderr:
[lotso:ro] [227/387] Building C object modules/ec/zephyr/CMakeFiles/ec_shim.dir/shim/src/host_command.c.obj
[lotso:ro] [228/387] Building C object modules/ec/zephyr/CMakeFiles/ec_shim.dir/shim/src/hooks.c.obj
[lotso:ro] [229/387] Building C object modules/ec/zephyr/CMakeFiles/ec_shim.dir/shim/src/console_buffer.c.obj
[steelix:rw] -- Board: npcx9, qualifiers: npcx9m3f
[/mnt/host/source/src/platform/ec/build/zephyr/gothrax-lcov]   /mnt/host/source/src/platform/ec/build/zephyr/gothrax/build-rw/zephyr/CMakeFiles/zephyr.dir/lib/libc/validate_libc.c.gcno:no functions found
[/mnt/host/source/src/platform/ec/build/zephyr/gothrax-lcov] stderr:
[steelix:ro] -- Board: npcx9, qualifiers: npcx9m3f
[ojal:ro] /mnt/host/source/src/platform/ec/build/zephyr/ojal/build-ro/zephyr/zephyr.dts:373.40-384.5: Warning (unique_unit_address_if_enabled): /soc/uart_wrapper@40010200: duplicate unit-address (also used in node /soc/flash-controller@40010200)
[ojal:ro] warning: Deprecated symbol I2C_ALLOW_NO_STOP_TRANSACTIONS is enabled.
[lotso:ro] [230/387] Building C object modules/ec/zephyr/CMakeFiles/ec_shim.dir/shim/src/motionsense_sensors.c.obj
[lotso:ro] [231/387] Building C object modules/ec/zephyr/CMakeFiles/ec_shim.dir/shim/src/panic.c.obj
[lotso:ro] [232/387] Building C object modules/ec/zephyr/CMakeFiles/ec_shim.dir/shim/src/pwm_hc.c.obj
[pujjolo-ish:singleimage] INFOSetting TOOLCHAIN_HAS_PICOLIBC to support full build.
[pujjolo-ish:singleimage] INFOSetting TOOLCHAIN_HAS_NEWLIB to support full build.
[lotso:ro] [233/387] Building C object modules/ec/zephyr/CMakeFiles/ec_shim.dir/shim/src/hwtimer.c.obj
[lotso:ro] [234/387] Building C object modules/ec/zephyr/CMakeFiles/ec_shim.dir/shim/src/thermal.c.obj
[pujjolo-ish:singleimage] Loaded configuration '/mnt/host/source/src/third_party/zephyr/main/boards/intel/ish/intel_ish_5_4_1_defconfig'
[pujjolo-ish:singleimage] Merged configuration '/mnt/host/source/src/platform/ec/zephyr/program/trulo/pujjolo-ish/project.conf'
[pujjolo-ish:singleimage] Merged configuration '/mnt/host/source/src/platform/ec/zephyr/program/trulo/dsp_comms.conf'
[pujjolo-ish:singleimage] Merged configuration '/mnt/host/source/src/platform/ec/build/zephyr/pujjolo-ish/kconfig-singleimage.conf'
[pujjolo-ish:singleimage] Configuration saved to '/mnt/host/source/src/platform/ec/build/zephyr/pujjolo-ish/build-singleimage/zephyr/.config'
[pujjolo-ish:singleimage] Kconfig header saved to '/mnt/host/source/src/platform/ec/build/zephyr/pujjolo-ish/build-singleimage/zephyr/include/generated/zephyr/autoconf.h'
[pujjolo-ish:singleimage] -- Found GnuLd: /home/jpmurphy/.cache/coreboot-sdk/i386-elf/dfbb0486385d938cfa9d73080b9d18d598ed4f49/i386-elf/bin/ld.bfd (found version "2.43.1")
[lotso:ro] [235/387] Building C object modules/ec/zephyr/CMakeFiles/ec_shim.dir/shim/src/temp_sensors.c.obj
[lotso:ro] [236/387] cd /mnt/host/source/src/platform/ec/build/zephyr/lotso/build-ro/modules/ec/zephyr && PYTHONPATH=/mnt/host/source/src/platform/ec/build/zephyr/lotso/modules/ec/zephyr/zmake/ /usr/bin/python3.11 /mnt/host/source/src/platform/ec/build/zephyr/lotso/modules/ec/zephyr/zmake/zephyr_build_tools/generate_ec_version.py /mnt/host/source/src/platform/ec/build/zephyr/lotso/build-ro/modules/ec/zephyr/include/ec_version.h --name Zephyr-Kernel --version 16543.0.0 --static
[lotso:ro] INFO:root:Using a static version string
[ojal:ro] Parsing /mnt/host/source/src/platform/ec/zephyr/program/ocelot/Kconfig
[lotso:ro] INFO:root:Version string: Zephyr-Kernel-16543.0.0
[lotso:ro] INFO:root:Writing header to /mnt/host/source/src/platform/ec/build/zephyr/lotso/build-ro/modules/ec/zephyr/include/ec_version.h
[lotso:ro] [237/387] Building C object modules/ec/zephyr/CMakeFiles/ec_shim.dir/shim/src/i2c.c.obj
[pujjolo-ish:singleimage] -- The C compiler identification is GNU 14.2.0
[lotso:ro] [238/387] Building C object modules/ec/zephyr/CMakeFiles/ec_shim.dir/shim/src/tasks.c.obj
[/mnt/host/source/src/platform/ec/build/zephyr/screebo-lcov]   /mnt/host/source/src/platform/ec/build/zephyr/screebo/build-rw/zephyr/CMakeFiles/zephyr.dir/subsys/shell/modules/kernel_service/kernel_shell.c.gcno:no functions found
[/mnt/host/source/src/platform/ec/build/zephyr/screebo-lcov] stderr:
[/mnt/host/source/src/platform/ec/build/zephyr/gothrax-lcov]   /mnt/host/source/src/platform/ec/build/zephyr/gothrax/build-rw/zephyr/CMakeFiles/zephyr.dir/lib/utils/last_section_id.c.gcno:no functions found
[/mnt/host/source/src/platform/ec/build/zephyr/gothrax-lcov] stderr:
[lotso:ro] [239/387] Building C object modules/ec/zephyr/CMakeFiles/ec_shim.dir/shim/src/watchdog.c.obj
[pujjolo-ish:singleimage] -- The CXX compiler identification is GNU 14.2.0
[lotso:ro] [240/387] Building C object modules/ec/zephyr/CMakeFiles/ec_shim.dir/shim/src/usba.c.obj
[pujjolo-ish:singleimage] -- The ASM compiler identification is GNU
[pujjolo-ish:singleimage] -- Found assembler: /home/jpmurphy/.cache/coreboot-sdk/i386-elf/dfbb0486385d938cfa9d73080b9d18d598ed4f49/bin/i386-elf-gcc
[lotso:ro] [241/387] Building C object modules/ec/zephyr/CMakeFiles/ec_shim.dir/shim/src/power_host_sleep_api.c.obj
[/mnt/host/source/src/platform/ec/build/zephyr/screebo-lcov]   /mnt/host/source/src/platform/ec/build/zephyr/screebo/build-rw/zephyr/CMakeFiles/zephyr.dir/lib/libc/validate_libc.c.gcno:no functions found
[/mnt/host/source/src/platform/ec/build/zephyr/screebo-lcov] stderr:
[pujjolo-ish:singleimage] CMake Warning at /mnt/host/source/src/platform/ec/zephyr/cmake/linker/ld/linker_libraries.cmake:11 (message):
[pujjolo-ish:singleimage]   Disabling c_library
[pujjolo-ish:singleimage] Call Stack (most recent call first):
[pujjolo-ish:singleimage]   /mnt/host/source/src/third_party/zephyr/main/cmake/target_toolchain_flags.cmake:48 (include)
[pujjolo-ish:singleimage]   /mnt/host/source/src/third_party/zephyr/main/cmake/modules/kernel.cmake:153 (include)
[pujjolo-ish:singleimage]   /mnt/host/source/src/third_party/zephyr/main/cmake/modules/zephyr_default.cmake:138 (include)
[pujjolo-ish:singleimage]   /mnt/host/source/src/third_party/zephyr/main/share/zephyr-package/cmake/ZephyrConfig.cmake:66 (include)
[pujjolo-ish:singleimage]   /mnt/host/source/src/third_party/zephyr/main/share/zephyr-package/cmake/ZephyrConfig.cmake:97 (include_boilerplate)
[pujjolo-ish:singleimage]   CMakeLists.txt:6 (find_package)
[pujjolo-ish:singleimage] INFOSetting c++_library to libstdc++ install path
[lotso:ro] [242/387] Building C object modules/ec/zephyr/CMakeFiles/ec_shim.dir/shim/src/sha256_hw.c.obj
[lotso:ro] [243/387] Building C object zephyr/kernel/CMakeFiles/kernel.dir/main_weak.c.obj
[lotso:ro] [244/387] Building C object CMakeFiles/app.dir/mnt/host/source/src/platform/ec/zephyr/subsys/ap_pwrseq/ap_events.c.obj
[/mnt/host/source/src/platform/ec/build/zephyr/skitty-lcov]   /mnt/host/source/src/platform/ec/build/zephyr/skitty/build-ro/zephyr/CMakeFiles/zephyr.dir/subsys/shell/modules/kernel_service/kernel_shell.c.gcno:no functions found
[/mnt/host/source/src/platform/ec/build/zephyr/skitty-lcov] stderr:
[ojal:ro] Loaded configuration '/mnt/host/source/src/platform/ec/zephyr/boards/google/realtek/realtek_rts5912_defconfig'
[ojal:ro] Merged configuration '/mnt/host/source/src/platform/ec/zephyr/program/ocelot/program.conf'
[ojal:ro] Merged configuration '/mnt/host/source/src/platform/ec/zephyr/program/ocelot/ojal/project.conf'
[ojal:ro] Merged configuration '/mnt/host/source/src/platform/ec/build/zephyr/ojal/kconfig-ro.conf'
[ojal:ro] Configuration saved to '/mnt/host/source/src/platform/ec/build/zephyr/ojal/build-ro/zephyr/.config'
[ojal:ro] Kconfig header saved to '/mnt/host/source/src/platform/ec/build/zephyr/ojal/build-ro/zephyr/include/generated/zephyr/autoconf.h'
[ojal:ro] -- Found GnuLd: /home/jpmurphy/.cache/coreboot-sdk/arm-eabi/ea40ddd1d190c3b48435c474c0b545719371813a/arm-eabi/bin/ld.bfd (found version "2.43.1")
[lotso:ro] [245/387] Building C object CMakeFiles/app.dir/mnt/host/source/src/platform/ec/zephyr/subsys/ap_pwrseq/ap_power_interface.c.obj
[lotso:ro] [246/387] Building C object CMakeFiles/app.dir/mnt/host/source/src/platform/ec/zephyr/subsys/ap_pwrseq/power_signals.c.obj
[/mnt/host/source/src/platform/ec/build/zephyr/skitty-lcov]   /mnt/host/source/src/platform/ec/build/zephyr/skitty/build-ro/zephyr/CMakeFiles/zephyr.dir/lib/libc/validate_libc.c.gcno:no functions found
[/mnt/host/source/src/platform/ec/build/zephyr/skitty-lcov] stderr:
[steelix:rw] -- Found Dtc: /usr/bin/dtc (found suitable version "1.6.0", minimum required is "1.4.6")
[steelix:rw] -- Found BOARD.dts: /mnt/host/source/src/platform/ec/zephyr/boards/google/npcx9/npcx9_npcx9m3f.dts
[steelix:rw] -- Found devicetree overlay: /mnt/host/source/src/platform/ec/zephyr/program/corsola/steelix/project.overlay
[ojal:ro] -- The C compiler identification is GNU 14.2.0
[steelix:ro] -- Found Dtc: /usr/bin/dtc (found suitable version "1.6.0", minimum required is "1.4.6")
[steelix:ro] -- Found BOARD.dts: /mnt/host/source/src/platform/ec/zephyr/boards/google/npcx9/npcx9_npcx9m3f.dts
[lotso:ro] [247/387] Building C object CMakeFiles/app.dir/mnt/host/source/src/platform/ec/zephyr/subsys/ap_pwrseq/signal_vw.c.obj
[lotso:ro] [248/387] Building C object CMakeFiles/app.dir/mnt/host/source/src/platform/ec/zephyr/subsys/ap_pwrseq/signal_gpio.c.obj
[lotso:ro] [249/387] Building C object CMakeFiles/app.dir/mnt/host/source/src/platform/ec/zephyr/subsys/ap_pwrseq/power_host_sleep.c.obj
[pujjolo-ish:singleimage] -- Performing EC specific devicetree checks
[ojal:ro] -- The CXX compiler identification is GNU 14.2.0
[ojal:ro] -- The ASM compiler identification is GNU
[ojal:ro] -- Found assembler: /home/jpmurphy/.cache/coreboot-sdk/arm-eabi/ea40ddd1d190c3b48435c474c0b545719371813a/bin/arm-eabi-gcc
[lotso:ro] [250/387] Building C object CMakeFiles/app.dir/mnt/host/source/src/platform/ec/zephyr/subsys/ap_pwrseq/x86_non_dsx_chipset_power_state.c.obj
[ojal:ro] CMake Warning at /mnt/host/source/src/platform/ec/zephyr/cmake/linker/ld/linker_libraries.cmake:11 (message):
[ojal:ro]   Disabling c_library
[ojal:ro] Call Stack (most recent call first):
[ojal:ro]   /mnt/host/source/src/third_party/zephyr/main/cmake/target_toolchain_flags.cmake:48 (include)
[ojal:ro]   /mnt/host/source/src/third_party/zephyr/main/cmake/modules/kernel.cmake:153 (include)
[ojal:ro]   /mnt/host/source/src/third_party/zephyr/main/cmake/modules/zephyr_default.cmake:138 (include)
[ojal:ro]   /mnt/host/source/src/third_party/zephyr/main/share/zephyr-package/cmake/ZephyrConfig.cmake:66 (include)
[ojal:ro]   /mnt/host/source/src/third_party/zephyr/main/share/zephyr-package/cmake/ZephyrConfig.cmake:97 (include_boilerplate)
[ojal:ro]   CMakeLists.txt:7 (find_package)
[pujjolo-ish:singleimage] INFOSetting c_library to picolibc install path
[pujjolo-ish:singleimage] INFO: Verified 2 GPIOs, no duplicates found
[pujjolo-ish:singleimage] INFO: Verified 1 '*-gpios' properties, all flags match.
[pujjolo-ish:singleimage] INFO: Skipped 1 named-gpios children.
[lotso:ro] [251/387] Building C object CMakeFiles/app.dir/mnt/host/source/src/platform/ec/zephyr/subsys/ap_pwrseq/x86_non_dsx_common_pwrseq_host_sleep.c.obj
[lotso:ro] [252/387] Building C object CMakeFiles/app.dir/mnt/host/source/src/platform/ec/zephyr/subsys/ap_pwrseq/x86_non_dsx_common_pwrseq_sm_handler.c.obj
[pujjolo-ish:singleimage] -- Generating component manifest file
[lotso:ro] [253/387] Building C object CMakeFiles/app.dir/mnt/host/source/src/platform/ec/zephyr/subsys/ap_pwrseq/x86_non_dsx_common_pwrseq_console.c.obj
[lotso:ro] [254/387] Building C object CMakeFiles/app.dir/mnt/host/source/src/platform/ec/zephyr/subsys/ap_pwrseq/x86_non_dsx_common_pwrseq_host_command.c.obj
[pujjolo-ish:singleimage] INFO: Running CME, outputting to /mnt/host/source/src/platform/ec/build/zephyr/pujjolo-ish/build-singleimage/zephyr/component_manifest.json
[pujjolo-ish:singleimage] INFO: No usbc node found
[/mnt/host/source/src/platform/ec/build/zephyr/screebo-lcov]   /mnt/host/source/src/platform/ec/build/zephyr/screebo/build-rw/zephyr/CMakeFiles/zephyr.dir/lib/utils/last_section_id.c.gcno:no functions found
[/mnt/host/source/src/platform/ec/build/zephyr/screebo-lcov] stderr:
[/mnt/host/source/src/platform/ec/build/zephyr/skitty-lcov]   /mnt/host/source/src/platform/ec/build/zephyr/skitty/build-ro/zephyr/CMakeFiles/zephyr.dir/lib/utils/last_section_id.c.gcno:no functions found
[lotso:ro] [255/387] Building C object CMakeFiles/app.dir/mnt/host/source/src/platform/ec/zephyr/subsys/ap_pwrseq/ap_reset_log.c.obj
[/mnt/host/source/src/platform/ec/build/zephyr/skitty-lcov] stderr:
[lotso:ro] [256/387] Building C object CMakeFiles/app.dir/mnt/host/source/src/platform/ec/zephyr/subsys/ap_pwrseq/x86_non_dsx_adlp_pwrseq_sm.c.obj
[ojal:ro] -- Performing EC specific devicetree checks
[lotso:ro] [257/387] Building C object CMakeFiles/app.dir/mnt/host/source/src/platform/ec/zephyr/subsys/pd_controller/pdc_pmc_debug.c.obj
[ojal:ro] INFO: Verified 34 GPIOs, no duplicates found
[ojal:ro] INFO: Verified 19 '*-gpios' properties, all flags match.
[pujjolo-ish:singleimage] -- warning_base_override: -Wall;-Wformat;-Wformat-security;-Wformat;-Wno-format-zero-length;-Wno-pointer-sign;-Wpointer-arith;-Wexpansion-to-defined
[pujjolo-ish:singleimage] The PW_ROOT environment variable is not set; using /mnt/host/source/src/platform/ec/build/zephyr/pujjolo-ish/modules/pigweed within CMake
[lotso:ro] [258/387] Building C object CMakeFiles/app.dir/mnt/host/source/src/platform/ec/zephyr/subsys/pd_controller/retimer_fw_update.c.obj
[ojal:ro] -- Generating component manifest file
[lotso:ro] [259/387] Building C object CMakeFiles/app.dir/mnt/host/source/src/platform/ec/zephyr/subsys/pd_controller/pdc_console.c.obj
[lotso:ro] [260/387] Building C object CMakeFiles/app.dir/mnt/host/source/src/platform/ec/zephyr/subsys/pd_controller/pdc_stub.c.obj
[lotso:ro] [261/387] Building C object CMakeFiles/app.dir/mnt/host/source/src/platform/ec/zephyr/subsys/pd_controller/pdc_host_cmd.c.obj
[ojal:ro] INFO: Skipped 3 named-gpios children.
[ojal:ro] INFO: Running CME, outputting to /mnt/host/source/src/platform/ec/build/zephyr/ojal/build-ro/zephyr/component_manifest.json
[ojal:ro] INFO: Project ojal does not support SSFC
[ojal:ro] INFO: No motionsense-sensor node found
[ojal:ro] -- warning_base_override: -Wall;-Wformat;-Wformat-security;-Wformat;-Wno-format-zero-length;-Wno-pointer-sign;-Wpointer-arith;-Wexpansion-to-defined
[lotso:ro] [262/387] Building C object CMakeFiles/app.dir/mnt/host/source/src/platform/ec/zephyr/subsys/pd_controller/pdc_dpm.c.obj
[steelix:rw] -- Generated zephyr.dts: /mnt/host/source/src/platform/ec/build/zephyr/steelix/build-rw/zephyr/zephyr.dts
[lotso:ro] [263/387] Building C object CMakeFiles/app.dir/mnt/host/source/src/platform/ec/zephyr/subsys/ucsi/ppm_common.c.obj
[lotso:ro] [264/387] Building C object CMakeFiles/app.dir/mnt/host/source/src/platform/ec/zephyr/subsys/ucsi/ppm_console.c.obj
[ojal:ro] -- Found gen_kobject_list: /mnt/host/source/src/third_party/zephyr/main/scripts/build/gen_kobject_list.py
[ojal:ro] CMake Warning at /mnt/host/source/src/third_party/zephyr/main/CMakeLists.txt:1134 (message):
[ojal:ro]   No SOURCES given to Zephyr library: drivers__syscon
[ojal:ro]   Excluding target from build.
[ojal:ro] CMake Warning at /mnt/host/source/src/third_party/zephyr/main/CMakeLists.txt:2359 (message):
[ojal:ro]   __ASSERT() statements are globally ENABLED
[steelix:ro] -- Found devicetree overlay: /mnt/host/source/src/platform/ec/zephyr/program/corsola/steelix/project.overlay
[steelix:ro] -- Generated zephyr.dts: /mnt/host/source/src/platform/ec/build/zephyr/steelix/build-ro/zephyr/zephyr.dts
[lotso:ro] [265/387] Building C object CMakeFiles/app.dir/mnt/host/source/src/platform/ec/build/zephyr/lotso/modules/ec/common/base32.c.obj
[lotso:ro] [266/387] Building C object CMakeFiles/app.dir/mnt/host/source/src/platform/ec/build/zephyr/lotso/modules/ec/builtin/stdlib.c.obj
[lotso:ro] [267/387] Building C object CMakeFiles/app.dir/mnt/host/source/src/platform/ec/zephyr/subsys/ucsi/ppm_driver.c.obj
[ojal:ro] -- Configuring done (14.2s)
[lotso:ro] [268/387] Building C object CMakeFiles/app.dir/mnt/host/source/src/platform/ec/zephyr/subsys/ucsi/ucsi_host_cmd.c.obj
[lotso:ro] [269/387] Building C object CMakeFiles/app.dir/mnt/host/source/src/platform/ec/zephyr/subsys/pd_controller/pdc_power_mgmt.c.obj
[steelix:rw] -- Generated pickled edt: /mnt/host/source/src/platform/ec/build/zephyr/steelix/build-rw/zephyr/edt.pickle
[steelix:rw] -- Generated devicetree_generated.h: /mnt/host/source/src/platform/ec/build/zephyr/steelix/build-rw/zephyr/include/generated/zephyr/devicetree_generated.h
[lotso:ro] [270/387] Building C object CMakeFiles/app.dir/mnt/host/source/src/platform/ec/build/zephyr/lotso/modules/ec/common/console_output.c.obj
[ojal:ro] -- Generating done (0.4s)
[ojal:ro] CMake Warning:
[ojal:ro]   Manually-specified variables were not used by the project:
[ojal:ro]     COREBOOT_SDK_ROOT_libstdcxx_riscv64
[ojal:ro]     COREBOOT_SDK_ROOT_libstdcxx_x86
[ojal:ro]     COREBOOT_SDK_ROOT_nds32
[ojal:ro]     COREBOOT_SDK_ROOT_picolibc_riscv64
[ojal:ro]     COREBOOT_SDK_ROOT_picolibc_x86
[ojal:ro]     COREBOOT_SDK_ROOT_riscv
[ojal:ro]     COREBOOT_SDK_ROOT_riscv64
[ojal:ro]     COREBOOT_SDK_ROOT_x86
[ojal:ro] -- Build files have been written to: /mnt/host/source/src/platform/ec/build/zephyr/ojal/build-ro
[steelix:ro] -- Generated pickled edt: /mnt/host/source/src/platform/ec/build/zephyr/steelix/build-ro/zephyr/edt.pickle
[steelix:ro] -- Generated devicetree_generated.h: /mnt/host/source/src/platform/ec/build/zephyr/steelix/build-ro/zephyr/include/generated/zephyr/devicetree_generated.h
[lotso:ro] [271/387] Building C object CMakeFiles/app.dir/mnt/host/source/src/platform/ec/build/zephyr/lotso/modules/ec/common/ec_features.c.obj
[lotso:ro] [272/387] Building C object CMakeFiles/app.dir/mnt/host/source/src/platform/ec/build/zephyr/lotso/modules/ec/common/gpio_commands.c.obj
Toolchain <zmake.toolchains.CorebootSdkToolchain object at 0x7f41439ef510> selected by probe function.
[yoda] Building in /mnt/host/source/src/platform/ec/build/zephyr/yoda.
[lotso:ro] [273/387] Building C object CMakeFiles/app.dir/mnt/host/source/src/platform/ec/build/zephyr/lotso/modules/ec/common/queue.c.obj
[lotso:ro] [274/387] Building C object CMakeFiles/app.dir/mnt/host/source/src/platform/ec/build/zephyr/lotso/modules/ec/common/printf.c.obj
[lotso:ro] [275/387] Building C object CMakeFiles/app.dir/mnt/host/source/src/platform/ec/build/zephyr/lotso/modules/ec/common/peripheral.c.obj
[lotso:ro] [276/387] Building C object CMakeFiles/app.dir/mnt/host/source/src/platform/ec/build/zephyr/lotso/modules/ec/common/system_boot_time.c.obj
[lotso:ro] [277/387] Building C object CMakeFiles/app.dir/mnt/host/source/src/platform/ec/build/zephyr/lotso/modules/ec/common/uart_printf.c.obj
[lotso:ro] [278/387] Building C object CMakeFiles/app.dir/mnt/host/source/src/platform/ec/build/zephyr/lotso/modules/ec/common/system.c.obj
[lotso:ro] [279/387] Building C object CMakeFiles/app.dir/mnt/host/source/src/platform/ec/build/zephyr/lotso/modules/ec/common/util.c.obj
[lotso:ro] [280/387] Building C object CMakeFiles/app.dir/mnt/host/source/src/platform/ec/build/zephyr/lotso/modules/ec/common/version.c.obj
[lotso:ro] [281/387] Building C object CMakeFiles/app.dir/mnt/host/source/src/platform/ec/build/zephyr/lotso/modules/ec/common/power_button_x86.c.obj
[lotso:ro] [282/387] Building C object CMakeFiles/app.dir/mnt/host/source/src/platform/ec/build/zephyr/lotso/modules/ec/driver/accel_lis2dw12.c.obj
[lotso:ro] [283/387] Building C object CMakeFiles/app.dir/mnt/host/source/src/platform/ec/build/zephyr/lotso/modules/ec/driver/accel_bma4xx.c.obj
[lotso:ro] [284/387] Building C object CMakeFiles/app.dir/mnt/host/source/src/platform/ec/build/zephyr/lotso/modules/ec/common/motion_sense_fifo.c.obj
[lotso:ro] [285/387] Building C object CMakeFiles/app.dir/mnt/host/source/src/platform/ec/build/zephyr/lotso/modules/ec/common/adc.c.obj
[lotso:ro] [286/387] Building C object CMakeFiles/app.dir/mnt/host/source/src/platform/ec/build/zephyr/lotso/modules/ec/common/acpi.c.obj
[lotso:ro] [287/387] Building C object CMakeFiles/app.dir/mnt/host/source/src/platform/ec/build/zephyr/lotso/modules/ec/common/backlight_lid.c.obj
[lotso:ro] [288/387] Building C object CMakeFiles/app.dir/mnt/host/source/src/platform/ec/build/zephyr/lotso/modules/ec/common/battery_info.c.obj
[lotso:ro] [289/387] Building C object CMakeFiles/app.dir/mnt/host/source/src/platform/ec/build/zephyr/lotso/modules/ec/common/battery.c.obj
[pujjolo-ish:singleimage] -- Found gen_kobject_list: /mnt/host/source/src/third_party/zephyr/main/scripts/build/gen_kobject_list.py
[lotso:ro] [290/387] Building C object CMakeFiles/app.dir/mnt/host/source/src/platform/ec/build/zephyr/lotso/modules/ec/common/battery_fuel_gauge.c.obj
[pujjolo-ish:singleimage] CMake Warning at /mnt/host/source/src/third_party/zephyr/main/CMakeLists.txt:1134 (message):
[pujjolo-ish:singleimage]   No SOURCES given to Zephyr library: drivers__syscon
[pujjolo-ish:singleimage]   Excluding target from build.
[pujjolo-ish:singleimage] CMake Warning at /mnt/host/source/src/third_party/zephyr/main/CMakeLists.txt:2359 (message):
[pujjolo-ish:singleimage]   __ASSERT() statements are globally ENABLED
[lotso:ro] [291/387] Building C object CMakeFiles/app.dir/mnt/host/source/src/platform/ec/build/zephyr/lotso/modules/ec/driver/charger/bq25710.c.obj
[pujjolo-ish:singleimage] -- Configuring done (16.9s)
[lotso:ro] [292/387] Building C object CMakeFiles/app.dir/mnt/host/source/src/platform/ec/build/zephyr/lotso/modules/ec/driver/battery/smart.c.obj
[lotso:ro] [293/387] Building C object CMakeFiles/app.dir/mnt/host/source/src/platform/ec/build/zephyr/lotso/modules/ec/common/charger.c.obj
[lotso:ro] [294/387] Building C object CMakeFiles/app.dir/mnt/host/source/src/platform/ec/build/zephyr/lotso/modules/ec/common/cbi_common.c.obj
[lotso:ro] [295/387] Building C object CMakeFiles/app.dir/mnt/host/source/src/platform/ec/build/zephyr/lotso/modules/ec/common/cbi_config.c.obj
[lotso:ro] [296/387] Building C object CMakeFiles/app.dir/mnt/host/source/src/platform/ec/build/zephyr/lotso/modules/ec/common/charge_state.c.obj
[lotso:ro] [297/387] Building C object CMakeFiles/app.dir/mnt/host/source/src/platform/ec/build/zephyr/lotso/modules/ec/common/memory_commands.c.obj
[lotso:ro] [298/387] Building C object CMakeFiles/app.dir/mnt/host/source/src/platform/ec/build/zephyr/lotso/modules/ec/common/charge_manager.c.obj
[lotso:ro] [299/387] Building C object CMakeFiles/app.dir/mnt/host/source/src/platform/ec/build/zephyr/lotso/modules/ec/common/cbi.c.obj
[lotso:ro] [300/387] Building C object CMakeFiles/app.dir/mnt/host/source/src/platform/ec/build/zephyr/lotso/modules/ec/common/espi.c.obj
[lotso:ro] [301/387] Building C object CMakeFiles/app.dir/mnt/host/source/src/platform/ec/build/zephyr/lotso/modules/ec/common/dptf.c.obj
[lotso:ro] [302/387] Building C object CMakeFiles/app.dir/mnt/host/source/src/platform/ec/build/zephyr/lotso/modules/ec/common/ap_reset_log.c.obj
[lotso:ro] [303/387] Building C object CMakeFiles/app.dir/mnt/host/source/src/platform/ec/build/zephyr/lotso/modules/ec/common/extpower_common.c.obj
[lotso:ro] [304/387] Building C object CMakeFiles/app.dir/mnt/host/source/src/platform/ec/build/zephyr/lotso/modules/ec/common/extpower_gpio.c.obj
[lotso:ro] [305/387] Building C object CMakeFiles/app.dir/mnt/host/source/src/platform/ec/build/zephyr/lotso/modules/ec/common/fan.c.obj
[lotso:ro] [306/387] Building C object CMakeFiles/app.dir/mnt/host/source/src/platform/ec/build/zephyr/lotso/modules/ec/common/host_command.c.obj
[lotso:ro] [307/387] Building C object CMakeFiles/app.dir/mnt/host/source/src/platform/ec/build/zephyr/lotso/modules/ec/common/flash.c.obj
[lotso:ro] [308/387] Building C object CMakeFiles/app.dir/mnt/host/source/src/platform/ec/build/zephyr/lotso/modules/ec/common/host_command_task.c.obj
[lotso:ro] [309/387] Building C object CMakeFiles/app.dir/mnt/host/source/src/platform/ec/build/zephyr/lotso/modules/ec/common/uptime.c.obj
[lotso:ro] [310/387] Building C object CMakeFiles/app.dir/mnt/host/source/src/platform/ec/build/zephyr/lotso/modules/ec/common/uart_hostcmd.c.obj
[lotso:ro] [311/387] Building C object CMakeFiles/app.dir/mnt/host/source/src/platform/ec/build/zephyr/lotso/modules/ec/common/host_event_commands.c.obj
[steelix:rw] Parsing /mnt/host/source/src/platform/ec/zephyr/program/corsola/Kconfig
[lotso:ro] [312/387] Building C object CMakeFiles/app.dir/mnt/host/source/src/platform/ec/build/zephyr/lotso/modules/ec/common/i2c_passthru.c.obj
[lotso:ro] [313/387] Building C object CMakeFiles/app.dir/mnt/host/source/src/platform/ec/build/zephyr/lotso/modules/ec/common/i2c_controller.c.obj
[lotso:ro] [314/387] Building C object CMakeFiles/app.dir/mnt/host/source/src/platform/ec/build/zephyr/lotso/modules/ec/common/keyboard_8042_sharedlib.c.obj
[lotso:ro] [315/387] Building C object CMakeFiles/app.dir/mnt/host/source/src/platform/ec/build/zephyr/lotso/modules/ec/common/keyboard_8042.c.obj
[steelix:ro] Parsing /mnt/host/source/src/platform/ec/zephyr/program/corsola/Kconfig
[lotso:ro] [316/387] Building C object CMakeFiles/app.dir/mnt/host/source/src/platform/ec/build/zephyr/lotso/modules/ec/common/mkbp_fifo.c.obj
[lotso:ro] [317/387] Building C object CMakeFiles/app.dir/mnt/host/source/src/platform/ec/build/zephyr/lotso/modules/ec/common/mkbp_info.c.obj
[lotso:ro] [318/387] Building C object CMakeFiles/app.dir/mnt/host/source/src/platform/ec/build/zephyr/lotso/modules/ec/common/mkbp_input_devices.c.obj
[lotso:ro] [319/387] Building C object CMakeFiles/app.dir/mnt/host/source/src/platform/ec/build/zephyr/lotso/modules/ec/common/keyboard_backlight.c.obj
[/mnt/host/source/src/platform/ec/build/zephyr/gothrax-lcov]   /mnt/host/source/src/platform/ec/build/zephyr/gothrax/build-rw/zephyr/CMakeFiles/zephyr.dir/soc/ite/ec/it8xxx2/check_regs.c.gcno:no functions found
[/mnt/host/source/src/platform/ec/build/zephyr/gothrax-lcov] stderr:
[lotso:ro] [320/387] Building C object CMakeFiles/app.dir/mnt/host/source/src/platform/ec/build/zephyr/lotso/modules/ec/common/led_common.c.obj
[steelix:rw] Loaded configuration '/mnt/host/source/src/platform/ec/zephyr/boards/google/npcx9/npcx9_npcx9m3f_defconfig'
[steelix:rw] Merged configuration '/mnt/host/source/src/platform/ec/zephyr/program/corsola/program.conf'
[steelix:rw] Merged configuration '/mnt/host/source/src/platform/ec/zephyr/program/corsola/npcx_program.conf'
[steelix:rw] Merged configuration '/mnt/host/source/src/platform/ec/zephyr/program/corsola/steelix/project.conf'
[steelix:rw] Merged configuration '/mnt/host/source/src/platform/ec/build/zephyr/steelix/kconfig-rw.conf'
[steelix:rw] Configuration saved to '/mnt/host/source/src/platform/ec/build/zephyr/steelix/build-rw/zephyr/.config'
[steelix:rw] Kconfig header saved to '/mnt/host/source/src/platform/ec/build/zephyr/steelix/build-rw/zephyr/include/generated/zephyr/autoconf.h'
[steelix:rw] -- Found GnuLd: /home/jpmurphy/.cache/coreboot-sdk/arm-eabi/ea40ddd1d190c3b48435c474c0b545719371813a/arm-eabi/bin/ld.bfd (found version "2.43.1")
[lotso:ro] [321/387] Building C object CMakeFiles/app.dir/mnt/host/source/src/platform/ec/build/zephyr/lotso/modules/ec/common/motion_lid.c.obj
[lotso:ro] [322/387] Building C object CMakeFiles/app.dir/mnt/host/source/src/platform/ec/build/zephyr/lotso/modules/ec/common/lid_angle.c.obj
[lotso:ro] [323/387] Building C object CMakeFiles/app.dir/mnt/host/source/src/platform/ec/build/zephyr/lotso/modules/ec/common/lid_angle_keyboard_policy.c.obj
[steelix:rw] -- The C compiler identification is GNU 14.2.0
[steelix:ro] Loaded configuration '/mnt/host/source/src/platform/ec/zephyr/boards/google/npcx9/npcx9_npcx9m3f_defconfig'
[steelix:ro] Merged configuration '/mnt/host/source/src/platform/ec/zephyr/program/corsola/program.conf'
[steelix:ro] Merged configuration '/mnt/host/source/src/platform/ec/zephyr/program/corsola/npcx_program.conf'
[steelix:ro] Merged configuration '/mnt/host/source/src/platform/ec/zephyr/program/corsola/steelix/project.conf'
[steelix:ro] Merged configuration '/mnt/host/source/src/platform/ec/build/zephyr/steelix/kconfig-ro.conf'
[steelix:ro] Configuration saved to '/mnt/host/source/src/platform/ec/build/zephyr/steelix/build-ro/zephyr/.config'
[steelix:ro] Kconfig header saved to '/mnt/host/source/src/platform/ec/build/zephyr/steelix/build-ro/zephyr/include/generated/zephyr/autoconf.h'
[steelix:ro] -- Found GnuLd: /home/jpmurphy/.cache/coreboot-sdk/arm-eabi/ea40ddd1d190c3b48435c474c0b545719371813a/arm-eabi/bin/ld.bfd (found version "2.43.1")
[lotso:ro] [324/387] Building C object CMakeFiles/app.dir/mnt/host/source/src/platform/ec/build/zephyr/lotso/modules/ec/common/mkbp_event.c.obj
[lotso:ro] [325/387] Building C object CMakeFiles/app.dir/mnt/host/source/src/platform/ec/build/zephyr/lotso/modules/ec/common/lid_switch.c.obj
[steelix:rw] -- The CXX compiler identification is GNU 14.2.0
[lotso:ro] [326/387] Building C object CMakeFiles/app.dir/mnt/host/source/src/platform/ec/build/zephyr/lotso/modules/ec/common/port80.c.obj
[lotso:ro] [327/387] Building C object CMakeFiles/app.dir/mnt/host/source/src/platform/ec/build/zephyr/lotso/modules/ec/common/motion_sense.c.obj
[steelix:rw] -- The ASM compiler identification is GNU
[steelix:ro] -- The C compiler identification is GNU 14.2.0
[steelix:rw] warning: Deprecated symbol I2C_ALLOW_NO_STOP_TRANSACTIONS is enabled.
[steelix:rw] CMake Warning at /mnt/host/source/src/platform/ec/zephyr/cmake/linker/ld/linker_libraries.cmake:11 (message):
[lotso:ro] [328/387] Building C object CMakeFiles/app.dir/mnt/host/source/src/platform/ec/build/zephyr/lotso/modules/ec/common/power_button.c.obj
[lotso:ro] [329/387] Building C object CMakeFiles/app.dir/mnt/host/source/src/platform/ec/build/zephyr/lotso/modules/ec/power/hibernate.c.obj
[/mnt/host/source/src/platform/ec/build/zephyr/screebo-lcov]   /mnt/host/source/src/platform/ec/build/zephyr/screebo/build-rw/zephyr/CMakeFiles/zephyr.dir/soc/nuvoton/npcx/common/npcxn/registers.c.gcno:no functions found
[/mnt/host/source/src/platform/ec/build/zephyr/screebo-lcov] stderr:
[lotso:ro] [330/387] Building C object CMakeFiles/app.dir/mnt/host/source/src/platform/ec/build/zephyr/lotso/modules/ec/common/switch.c.obj
[steelix:ro] -- The CXX compiler identification is GNU 14.2.0
[lotso:ro] [331/387] Building C object CMakeFiles/app.dir/mnt/host/source/src/platform/ec/build/zephyr/lotso/modules/ec/common/shared_mem.c.obj
[lotso:ro] [332/387] Building C object CMakeFiles/app.dir/mnt/host/source/src/platform/ec/build/zephyr/lotso/modules/ec/common/panic_output.c.obj
[steelix:ro] -- The ASM compiler identification is GNU
[steelix:ro] warning: Deprecated symbol I2C_ALLOW_NO_STOP_TRANSACTIONS is enabled.
[steelix:ro] CMake Warning at /mnt/host/source/src/platform/ec/zephyr/cmake/linker/ld/linker_libraries.cmake:11 (message):
[steelix:ro]   Disabling c_library
[steelix:ro] Call Stack (most recent call first):
[steelix:ro]   /mnt/host/source/src/third_party/zephyr/main/cmake/target_toolchain_flags.cmake:48 (include)
[steelix:ro]   /mnt/host/source/src/third_party/zephyr/main/cmake/modules/kernel.cmake:153 (include)
[steelix:ro]   /mnt/host/source/src/third_party/zephyr/main/cmake/modules/zephyr_default.cmake:138 (include)
[steelix:ro]   /mnt/host/source/src/third_party/zephyr/main/share/zephyr-package/cmake/ZephyrConfig.cmake:66 (include)
[steelix:ro]   /mnt/host/source/src/third_party/zephyr/main/share/zephyr-package/cmake/ZephyrConfig.cmake:97 (include_boilerplate)
[steelix:ro]   CMakeLists.txt:7 (find_package)
[lotso:ro] [333/387] Building C object CMakeFiles/app.dir/mnt/host/source/src/platform/ec/build/zephyr/lotso/modules/ec/driver/stm_mems_common.c.obj
[lotso:ro] [334/387] Building C object CMakeFiles/app.dir/mnt/host/source/src/platform/ec/build/zephyr/lotso/modules/ec/common/tablet_mode.c.obj
[steelix:rw] -- Found assembler: /home/jpmurphy/.cache/coreboot-sdk/arm-eabi/ea40ddd1d190c3b48435c474c0b545719371813a/bin/arm-eabi-gcc
[steelix:rw] -- Performing EC specific devicetree checks
[lotso:ro] [335/387] Building C object CMakeFiles/app.dir/mnt/host/source/src/platform/ec/build/zephyr/lotso/modules/ec/common/thermal.c.obj
[lotso:ro] [336/387] Building C object CMakeFiles/app.dir/mnt/host/source/src/platform/ec/build/zephyr/lotso/modules/ec/common/temp_sensor.c.obj
[steelix:rw]   Disabling c_library
[steelix:rw] Call Stack (most recent call first):
[steelix:rw]   /mnt/host/source/src/third_party/zephyr/main/cmake/target_toolchain_flags.cmake:48 (include)
[steelix:rw]   /mnt/host/source/src/third_party/zephyr/main/cmake/modules/kernel.cmake:153 (include)
[steelix:rw]   /mnt/host/source/src/third_party/zephyr/main/cmake/modules/zephyr_default.cmake:138 (include)
[steelix:rw]   /mnt/host/source/src/third_party/zephyr/main/share/zephyr-package/cmake/ZephyrConfig.cmake:66 (include)
[steelix:rw]   /mnt/host/source/src/third_party/zephyr/main/share/zephyr-package/cmake/ZephyrConfig.cmake:97 (include_boilerplate)
[steelix:rw]   CMakeLists.txt:7 (find_package)
[steelix:rw] INFO: Verified 61 GPIOs, no duplicates found
[lotso:ro] [337/387] Building C object CMakeFiles/app.dir/mnt/host/source/src/platform/ec/build/zephyr/lotso/modules/ec/common/timer.c.obj
[lotso:ro] [338/387] Building C object CMakeFiles/app.dir/mnt/host/source/src/platform/ec/build/zephyr/lotso/modules/ec/driver/temp_sensor/thermistor.c.obj
[steelix:ro] -- Found assembler: /home/jpmurphy/.cache/coreboot-sdk/arm-eabi/ea40ddd1d190c3b48435c474c0b545719371813a/bin/arm-eabi-gcc
[steelix:ro] -- Performing EC specific devicetree checks
[steelix:rw] -- Generating component manifest file
[lotso:ro] [339/387] Building C object CMakeFiles/app.dir/mnt/host/source/src/platform/ec/build/zephyr/lotso/modules/ec/common/usbc_utils.c.obj
[lotso:ro] [340/387] Building C object CMakeFiles/app.dir/mnt/host/source/src/platform/ec/build/zephyr/lotso/modules/ec/common/usb_port_power_dumb.c.obj
[steelix:ro] INFO: Verified 61 GPIOs, no duplicates found
[steelix:ro] INFO: Verified 3 '*-gpios' properties, all flags match.
[steelix:ro] INFO: Skipped 1 named-gpios children.
[steelix:rw] INFO: Verified 3 '*-gpios' properties, all flags match.
[steelix:rw] INFO: Skipped 1 named-gpios children.
[steelix:rw] INFO: Running CME, outputting to /mnt/host/source/src/platform/ec/build/zephyr/steelix/build-rw/zephyr/component_manifest.json
[steelix:rw] INFO: Component anx7447-mux-0(analogix,usbc-mux-anx7447) not on I2C bus, skip it
[steelix:rw] INFO: Component virtual-mux-0(cros-ec,usbc-mux-virtual) not on I2C bus, skip it
[steelix:rw] INFO: Component virtual-mux-1(cros-ec,usbc-mux-virtual) not on I2C bus, skip it
[steelix:rw] INFO: Component virtual-mux-1(cros-ec,usbc-mux-virtual) not on I2C bus, skip it
[lotso:ro] [341/387] Building C object CMakeFiles/app.dir/mnt/host/source/src/platform/ec/build/zephyr/lotso/modules/ec/common/usb_common.c.obj
[steelix:ro] -- Generating component manifest file
[lotso:ro] [342/387] Building C object CMakeFiles/app.dir/mnt/host/source/src/platform/ec/build/zephyr/lotso/modules/ec/common/usb_pd_host_cmd_common.c.obj
[lotso:ro] [343/387] Building C object CMakeFiles/app.dir/mnt/host/source/src/platform/ec/build/zephyr/lotso/modules/ec/common/vboot_hash.c.obj
[steelix:rw] -- warning_base_override: -Wall;-Wformat;-Wformat-security;-Wformat;-Wno-format-zero-length;-Wno-pointer-sign;-Wpointer-arith;-Wexpansion-to-defined
[lotso:ro] [344/387] Building C object CMakeFiles/app.dir/mnt/host/source/src/platform/ec/build/zephyr/lotso/modules/ec/common/vstore.c.obj
[steelix:ro] INFO: Running CME, outputting to /mnt/host/source/src/platform/ec/build/zephyr/steelix/build-ro/zephyr/component_manifest.json
[steelix:ro] INFO: Component anx7447-mux-0(analogix,usbc-mux-anx7447) not on I2C bus, skip it
[lotso:ro] [345/387] Building C object CMakeFiles/app.dir/mnt/host/source/src/platform/ec/build/zephyr/lotso/modules/ec/common/math_util.c.obj
[steelix:ro] -- warning_base_override: -Wall;-Wformat;-Wformat-security;-Wformat;-Wno-format-zero-length;-Wno-pointer-sign;-Wpointer-arith;-Wexpansion-to-defined
[lotso:ro] [346/387] Building C object CMakeFiles/app.dir/src/board_power.c.obj
[lotso:ro] [347/387] Building C object CMakeFiles/app.dir/mnt/host/source/src/platform/ec/build/zephyr/lotso/modules/ec/common/vboot/efs2.c.obj
[lotso:ro] [348/387] Linking C static library modules/ec/zephyr/libec_shim.a
[steelix:rw] -- Found gen_kobject_list: /mnt/host/source/src/third_party/zephyr/main/scripts/build/gen_kobject_list.py
[lotso:ro] [349/387] Building C object CMakeFiles/app.dir/lotso/src/board.c.obj
[lotso:ro] [350/387] Building C object CMakeFiles/app.dir/lotso/src/charger.c.obj
[steelix:rw] CMake Warning at /mnt/host/source/src/third_party/zephyr/main/CMakeLists.txt:2359 (message):
[steelix:ro] -- Found gen_kobject_list: /mnt/host/source/src/third_party/zephyr/main/scripts/build/gen_kobject_list.py
[lotso:ro] [351/387] Building C object CMakeFiles/app.dir/src/hibernate.c.obj
[steelix:rw] -- Configuring done (15.3s)
[steelix:ro] INFO: Component virtual-mux-0(cros-ec,usbc-mux-virtual) not on I2C bus, skip it
[steelix:ro] INFO: Component virtual-mux-1(cros-ec,usbc-mux-virtual) not on I2C bus, skip it
[steelix:ro] INFO: Component virtual-mux-1(cros-ec,usbc-mux-virtual) not on I2C bus, skip it
[steelix:ro] CMake Warning at /mnt/host/source/src/third_party/zephyr/main/CMakeLists.txt:2359 (message):
[steelix:ro]   __ASSERT() statements are globally ENABLED
[lotso:ro] [352/387] Building C object CMakeFiles/app.dir/src/usbc.c.obj
[lotso:ro] [353/387] Building C object CMakeFiles/app.dir/src/suspend_resume.c.obj
[steelix:ro] -- Configuring done (15.5s)
[lotso:ro] [354/387] Building C object zephyr/kernel/CMakeFiles/kernel.dir/busy_wait.c.obj
[lotso:ro] [355/387] Building C object CMakeFiles/app.dir/lotso/src/keyboard_customization.c.obj
[lotso:ro] [356/387] Building C object zephyr/kernel/CMakeFiles/kernel.dir/banner.c.obj
[pujjolo-ish:singleimage] -- Generating done (6.3s)
[pujjolo-ish:singleimage] CMake Warning:
[pujjolo-ish:singleimage]   Manually-specified variables were not used by the project:
[pujjolo-ish:singleimage]     COREBOOT_SDK_ROOT_arm
[pujjolo-ish:singleimage]     COREBOOT_SDK_ROOT_libstdcxx_arm
[pujjolo-ish:singleimage]     COREBOOT_SDK_ROOT_libstdcxx_riscv64
[pujjolo-ish:singleimage]     COREBOOT_SDK_ROOT_nds32
[pujjolo-ish:singleimage]     COREBOOT_SDK_ROOT_picolibc_arm
[pujjolo-ish:singleimage]     COREBOOT_SDK_ROOT_picolibc_riscv64
[pujjolo-ish:singleimage]     COREBOOT_SDK_ROOT_riscv
[pujjolo-ish:singleimage]     COREBOOT_SDK_ROOT_riscv64
[pujjolo-ish:singleimage]     PW_ROOT
[pujjolo-ish:singleimage] -- Build files have been written to: /mnt/host/source/src/platform/ec/build/zephyr/pujjolo-ish/build-singleimage
[lotso:ro] [357/387] Building C object zephyr/kernel/CMakeFiles/kernel.dir/device.c.obj
[lotso:ro] [358/387] Building C object zephyr/kernel/CMakeFiles/kernel.dir/version.c.obj
[lotso:ro] [359/387] Linking C static library app/libapp.a
[steelix:rw] -- Generating done (0.5s)
[steelix:rw]   __ASSERT() statements are globally ENABLED
[steelix:rw] CMake Warning:
[steelix:rw] -- Build files have been written to: /mnt/host/source/src/platform/ec/build/zephyr/steelix/build-rw
[/mnt/host/source/src/platform/ec/build/zephyr/adlrvp_mchp-lcov]   /mnt/host/source/src/platform/ec/build/zephyr/adlrvp_mchp/build-ro/zephyr/CMakeFiles/zephyr.dir/lib/utils/last_section_id.c.gcno:no functions found
[/mnt/host/source/src/platform/ec/build/zephyr/adlrvp_mchp-lcov] stderr:
[lotso:ro] [360/387] Building C object zephyr/kernel/CMakeFiles/kernel.dir/fatal.c.obj
[lotso:ro] [361/387] Building C object zephyr/kernel/CMakeFiles/kernel.dir/errno.c.obj
[steelix:ro] -- Generating done (0.4s)
[steelix:ro] CMake Warning:
[steelix:ro]   Manually-specified variables were not used by the project:
[steelix:ro]     COREBOOT_SDK_ROOT_libstdcxx_riscv64
[steelix:ro]     COREBOOT_SDK_ROOT_libstdcxx_x86
[steelix:ro]     COREBOOT_SDK_ROOT_nds32
[steelix:ro]     COREBOOT_SDK_ROOT_picolibc_riscv64
[steelix:ro]     COREBOOT_SDK_ROOT_picolibc_x86
[steelix:ro]     COREBOOT_SDK_ROOT_riscv
[steelix:ro]     COREBOOT_SDK_ROOT_riscv64
[steelix:ro]     COREBOOT_SDK_ROOT_x86
[steelix:ro] -- Build files have been written to: /mnt/host/source/src/platform/ec/build/zephyr/steelix/build-ro
[steelix:rw]   Manually-specified variables were not used by the project:
[steelix:rw]     COREBOOT_SDK_ROOT_libstdcxx_riscv64
[steelix:rw]     COREBOOT_SDK_ROOT_libstdcxx_x86
[steelix:rw]     COREBOOT_SDK_ROOT_nds32
[lotso:ro] [362/387] Building C object zephyr/kernel/CMakeFiles/kernel.dir/kheap.c.obj
[steelix:rw]     COREBOOT_SDK_ROOT_picolibc_riscv64
[steelix:rw]     COREBOOT_SDK_ROOT_picolibc_x86
[steelix:rw]     COREBOOT_SDK_ROOT_riscv
[steelix:rw]     COREBOOT_SDK_ROOT_riscv64
[steelix:rw]     COREBOOT_SDK_ROOT_x86
[yoda:rw] Configuring.
Running `env -i PYTHONPATH=/usr/lib64/python-exec/python3.11:/mnt/host/source/src/platform/ec/zephyr/zmake:/usr/lib/python311.zip:/usr/lib/python3.11:/usr/lib/python3.11/lib-dynload:/usr/lib/python3.11/site-packages PW_PIGWEED_CIPD_INSTALL_DIR=/usr CROSTC_USER_ACKNOWLEDGES_THAT_RISCV_IS_EXPERIMENTAL=1 PATH=/mnt/host/source/chromite/bin:/usr/local/bin:/usr/bin:/bin:/opt/bin:/mnt/host/source/chromite/sdk/bin:/mnt/host/source/chromite/bin HOME=/home/jpmurphy JAVA_HOME=/etc/java-config-2/current-system-vm JDK_HOME=/etc/java-config-2/current-system-vm JAVAC=/etc/java-config-2/current-system-vm/bin/javac MAKEFLAGS=' -j16 --jobserver-auth=5,6' /usr/bin/cmake -S /mnt/host/source/src/platform/ec/zephyr/program/skywalker -B /mnt/host/source/src/platform/ec/build/zephyr/yoda/build-rw -GNinja -DCMAKE_EXPORT_COMPILE_COMMANDS=ON -DZEPHYR_BASE=/mnt/host/source/src/third_party/zephyr/main -DZMAKE_INCLUDE_DIR=/mnt/host/source/src/platform/ec/build/zephyr/yoda/include -DPython3_EXECUTABLE=/usr/bin/python3.11 -DDTS_ROOT=/mnt/host/source/src/platform/ec/zephyr -DSYSCALL_INCLUDE_DIRS=/mnt/host/source/src/platform/ec/zephyr/include/drivers -DUSER_CACHE_DIR=/mnt/host/source/src/platform/ec/build/zephyr/user-cache '-DEXTRA_EC_VERSION_FLAGS=--version 16543.0.0 --static' -DTOOLCHAIN_ROOT=/mnt/host/source/src/platform/ec/zephyr -DCOREBOOT_SDK_ROOT_x86=/home/jpmurphy/.cache/coreboot-sdk/i386-elf/dfbb0486385d938cfa9d73080b9d18d598ed4f49 -DCOREBOOT_SDK_ROOT_picolibc_x86=/home/jpmurphy/.cache/coreboot-sdk/picolibc-i386-elf/eb8e8e687b95461de8cbf278f1c2076952d0ad17 -DCOREBOOT_SDK_ROOT_riscv64=/home/jpmurphy/.cache/coreboot-sdk/riscv64-elf/96b949749225b6aaa92ed810ab769e8dfb12f000 -DCOREBOOT_SDK_ROOT_picolibc_arm=/home/jpmurphy/.cache/coreboot-sdk/picolibc-arm-eabi/422a2aa3e1ef891b5bece9a3deb696ff83840d2e -DCOREBOOT_SDK_ROOT_nds32=/home/jpmurphy/.cache/coreboot-sdk/nds32le-elf/d1a518c4a097666d86058e1444f85ca015d15511 -DCOREBOOT_SDK_ROOT_picolibc_riscv64=/home/jpmurphy/.cache/coreboot-sdk/picolibc-riscv64-elf/f571e990ef0278564b31124f8bb109d9a697eb69 -DCOREBOOT_SDK_ROOT_arm=/home/jpmurphy/.cache/coreboot-sdk/arm-eabi/ea40ddd1d190c3b48435c474c0b545719371813a -DCOREBOOT_SDK_ROOT_libstdcxx_riscv64=/home/jpmurphy/.cache/coreboot-sdk/libstdcxx-riscv64-elf/17abf22a3a252e2d5d2062ced5324f7a623689e0 -DCOREBOOT_SDK_ROOT_libstdcxx_arm=/home/jpmurphy/.cache/coreboot-sdk/libstdcxx-arm-eabi/5d7d82e150e44aa1968f1d366e267e6687b328ac -DCOREBOOT_SDK_ROOT_riscv=/home/jpmurphy/.cache/coreboot-sdk/riscv-elf/9a27b9e82341c6e9126624f516ab3f261abb3e73 -DCOREBOOT_SDK_ROOT_libstdcxx_x86=/home/jpmurphy/.cache/coreboot-sdk/libstdcxx-i386-elf/42ef9d2e87a76a37963175d7d428734e65648b87 -DZEPHYR_TOOLCHAIN_VARIANT=coreboot-sdk '-DZEPHYR_MODULES=/mnt/host/source/src/platform/ec/build/zephyr/yoda/modules/cmsis;/mnt/host/source/src/platform/ec/build/zephyr/yoda/modules/cmsis_6;/mnt/host/source/src/platform/ec/build/zephyr/yoda/modules/ec' -DDTC_OVERLAY_FILE=/mnt/host/source/src/platform/ec/zephyr/program/skywalker/yoda/project.overlay -DBOARD=npcx9/npcx9m7fb -DCMAKE_C_FLAGS=-DSECTION_IS_RW '-DCONF_FILE=/mnt/host/source/src/platform/ec/zephyr/program/skywalker/program.conf;/mnt/host/source/src/platform/ec/zephyr/program/skywalker/yoda/project.conf;/mnt/host/source/src/platform/ec/build/zephyr/yoda/kconfig-rw.conf'`
[yoda:rw] Loading Zephyr default modules (Zephyr base (cached)).
[/mnt/host/source/src/platform/ec/build/zephyr/adlrvp_mchp-lcov]   /mnt/host/source/src/platform/ec/build/zephyr/adlrvp_mchp/build-rw/modules/ec/zephyr/CMakeFiles/ec_shim.dir/shim/src/battery.c.gcno:no functions found
[/mnt/host/source/src/platform/ec/build/zephyr/adlrvp_mchp-lcov] stderr:
[yoda:rw] -- Application: /mnt/host/source/src/platform/ec/zephyr/program/skywalker
[/mnt/host/source/src/platform/ec/build/zephyr/adlrvp_mchp-lcov]   /mnt/host/source/src/platform/ec/build/zephyr/adlrvp_mchp/build-rw/modules/ec/zephyr/CMakeFiles/ec_shim.dir/shim/src/charger.c.gcno:no functions found
[/mnt/host/source/src/platform/ec/build/zephyr/adlrvp_mchp-lcov] stderr:
[lotso:ro] [363/387] Building C object zephyr/kernel/CMakeFiles/kernel.dir/init.c.obj
[lotso:ro] [364/387] Building C object zephyr/kernel/CMakeFiles/kernel.dir/mem_slab.c.obj
[lotso:ro] [365/387] Building C object zephyr/kernel/CMakeFiles/kernel.dir/float.c.obj
[lotso:ro] [366/387] Building C object zephyr/kernel/CMakeFiles/kernel.dir/idle.c.obj
[lotso:ro] [367/387] Building C object zephyr/kernel/CMakeFiles/kernel.dir/mailbox.c.obj
[yoda:rw] -- CMake version: 3.31.7
[yoda:rw] -- Found Python3: /usr/bin/python3.11 (found suitable version "3.11.11", minimum required is "3.10") found components: Interpreter
[lotso:ro] [368/387] Building C object zephyr/kernel/CMakeFiles/kernel.dir/msg_q.c.obj
[yoda:rw] -- Cache files will be written to: /mnt/host/source/src/platform/ec/build/zephyr/user-cache
[yoda:rw] -- Zephyr version: 4.3.99 (/mnt/host/source/src/third_party/zephyr/main)
[lotso:ro] [369/387] Building C object zephyr/kernel/CMakeFiles/kernel.dir/mutex.c.obj
[lotso:ro] [370/387] Building C object zephyr/kernel/CMakeFiles/kernel.dir/queue.c.obj
[lotso:ro] [371/387] Building C object zephyr/kernel/CMakeFiles/kernel.dir/sem.c.obj
[lotso:ro] [372/387] Building C object zephyr/kernel/CMakeFiles/kernel.dir/system_work_q.c.obj
[lotso:ro] [373/387] Building C object zephyr/kernel/CMakeFiles/kernel.dir/stack.c.obj
[lotso:ro] [374/387] Building C object zephyr/kernel/CMakeFiles/kernel.dir/condvar.c.obj
[lotso:ro] [375/387] Building C object zephyr/kernel/CMakeFiles/kernel.dir/thread.c.obj
[/mnt/host/source/src/platform/ec/build/zephyr/adlrvp_mchp-lcov]   /mnt/host/source/src/platform/ec/build/zephyr/adlrvp_mchp/build-rw/modules/ec/zephyr/CMakeFiles/ec_shim.dir/shim/src/usb_muxes.c.gcno:no functions found
[/mnt/host/source/src/platform/ec/build/zephyr/adlrvp_mchp-lcov] stderr:
[lotso:ro] [376/387] Building C object zephyr/kernel/CMakeFiles/kernel.dir/spinlock_validate.c.obj
[lotso:ro] [377/387] Building C object zephyr/kernel/CMakeFiles/kernel.dir/pipe.c.obj
[steelix:rw] Building: /usr/bin/ninja -C /mnt/host/source/src/platform/ec/build/zephyr/steelix/build-rw all.libraries
Running `env -i SHELL=/bin/bash COLORTERM=truecolor DEPOT_TOOLS_UPDATE=0 LESS='-R -M --shift 5' SUDO_GID=0 JDK_HOME=/etc/java-config-2/current-system-vm CONFIG_PROTECT_MASK='/etc/gentoo-release /etc/sandbox.d /etc/fonts/fonts.conf /etc/terminfo /etc/ca-certificates.conf /etc/revdep-rebuild' CHROMEOS_CACHEDIR=/var/cache/chromeos-cache JAVA_HOME=/etc/java-config-2/current-system-vm SSH_AUTH_SOCK=/tmp/ssh-auth-sock SUDO_COMMAND=/bin/bash SUDO_USER=root SUDO_TTY=/dev/pts/2 EDITOR=/usr/bin/vi PWD=/mnt/host/source/src/platform/ec CONFIG_PROTECT=/usr/share/gnupg/qualified.txt LOGNAME=jpmurphy MANPATH=/etc/java-config-2/current-system-vm/man:/usr/local/share/man:/usr/share/man:/usr/share/gcc-data/x86_64-pc-linux-gnu/10.2.0/man:/usr/share/binutils-data/x86_64-pc-linux-gnu/2.45/man:/etc/java-config-2/current-system-vm/man/ SUDO_HOME=/root XAUTHORITY=/run/user/944457/gdm/Xauthority HOME=/home/jpmurphy LANG=C.UTF-8 LS_COLORS='rs=0:di=01;34:ln=01;36:mh=00:pi=40;33:so=01;35:do=01;35:bd=40;33;01:cd=40;33;01:or=01;05;37;41:mi=01;05;37;41:su=37;41:sg=30;43:ca=30;41:tw=30;42:ow=34;42:st=37;44:ex=01;32:*.tar=01;31:*.tgz=01;31:*.arc=01;31:*.arj=01;31:*.taz=01;31:*.lha=01;31:*.lz4=01;31:*.lzh=01;31:*.lzma=01;31:*.tlz=01;31:*.txz=01;31:*.tzo=01;31:*.t7z=01;31:*.zip=01;31:*.z=01;31:*.dz=01;31:*.gz=01;31:*.lrz=01;31:*.lz=01;31:*.lzo=01;31:*.xz=01;31:*.zst=01;31:*.tzst=01;31:*.bz2=01;31:*.bz=01;31:*.tbz=01;31:*.tbz2=01;31:*.tz=01;31:*.deb=01;31:*.rpm=01;31:*.jar=01;31:*.war=01;31:*.ear=01;31:*.sar=01;31:*.rar=01;31:*.alz=01;31:*.ace=01;31:*.zoo=01;31:*.cpio=01;31:*.7z=01;31:*.rz=01;31:*.cab=01;31:*.wim=01;31:*.swm=01;31:*.dwm=01;31:*.esd=01;31:*.jpg=01;35:*.jpeg=01;35:*.mjpg=01;35:*.mjpeg=01;35:*.gif=01;35:*.bmp=01;35:*.pbm=01;35:*.pgm=01;35:*.ppm=01;35:*.tga=01;35:*.xbm=01;35:*.xpm=01;35:*.tif=01;35:*.tiff=01;35:*.png=01;35:*.svg=01;35:*.svgz=01;35:*.mng=01;35:*.pcx=01;35:*.mov=01;35:*.mpg=01;35:*.mpeg=01;35:*.m2v=01;35:*.mkv=01;35:*.webm=01;35:*.webp=01;35:*.ogm=01;35:*.mp4=01;35:*.m4v=01;35:*.mp4v=01;35:*.vob=01;35:*.qt=01;35:*.nuv=01;35:*.wmv=01;35:*.asf=01;35:*.rm=01;35:*.rmvb=01;35:*.flc=01;35:*.avi=01;35:*.fli=01;35:*.flv=01;35:*.gl=01;35:*.dl=01;35:*.xcf=01;35:*.xwd=01;35:*.yuv=01;35:*.cgm=01;35:*.emf=01;35:*.ogv=01;35:*.ogx=01;35:*.cfg=00;32:*.conf=00;32:*.diff=00;32:*.doc=00;32:*.ini=00;32:*.log=00;32:*.patch=00;32:*.pdf=00;32:*.ps=00;32:*.tex=00;32:*.txt=00;32:*.aac=00;36:*.au=00;36:*.flac=00;36:*.m4a=00;36:*.mid=00;36:*.midi=00;36:*.mka=00;36:*.mp3=00;36:*.mpc=00;36:*.ogg=00;36:*.ra=00;36:*.wav=00;36:*.oga=00;36:*.opus=00;36:*.spx=00;36:*.xspf=00;36:' XDG_CURRENT_DESKTOP=GNOME INFOPATH=/usr/share/info:/usr/share/gcc-data/x86_64-pc-linux-gnu/10.2.0/info:/usr/share/binutils-data/x86_64-pc-linux-gnu/2.45/info:/usr/share/automake-1.16.5/info JAVAC=/etc/java-config-2/current-system-vm/bin/javac TERM=xterm-256color LESSOPEN='|lesspipe %s' USER=jpmurphy CROS_WORKON_SRCROOT=/mnt/host/source MANPAGER=manpager DISPLAY=:1 SHLVL=1 LC_MESSAGES=C EXTERNAL_TRUNK_PATH=/mnt/8f9d649a-3721-44cc-93c0-e6bd21a9689f/chromiumos GCC_SPECS='' PATH=/mnt/host/source/chromite/bin:/usr/local/bin:/usr/bin:/bin:/opt/bin:/mnt/host/source/chromite/sdk/bin:/mnt/host/source/chromite/bin PORTAGE_USERNAME=jpmurphy SUDO_UID=0 GCC_VER=10.2.0 MAIL=/var/mail/jpmurphy OLDPWD=/mnt/host/source/src/scripts traceparent=00-e87aca51550a78635907baa6a2476181-6d684811675d2973-01 _=./zephyr/firmware_builder.py COREBOOT_SDK_ROOT_x86=/home/jpmurphy/.cache/coreboot-sdk/i386-elf/dfbb0486385d938cfa9d73080b9d18d598ed4f49 COREBOOT_SDK_ROOT_picolibc_x86=/home/jpmurphy/.cache/coreboot-sdk/picolibc-i386-elf/eb8e8e687b95461de8cbf278f1c2076952d0ad17 COREBOOT_SDK_ROOT_riscv64=/home/jpmurphy/.cache/coreboot-sdk/riscv64-elf/96b949749225b6aaa92ed810ab769e8dfb12f000 COREBOOT_SDK_ROOT_picolibc_arm=/home/jpmurphy/.cache/coreboot-sdk/picolibc-arm-eabi/422a2aa3e1ef891b5bece9a3deb696ff83840d2e COREBOOT_SDK_ROOT_nds32=/home/jpmurphy/.cache/coreboot-sdk/nds32le-elf/d1a518c4a097666d86058e1444f85ca015d15511 COREBOOT_SDK_ROOT_picolibc_riscv64=/home/jpmurphy/.cache/coreboot-sdk/picolibc-riscv64-elf/f571e990ef0278564b31124f8bb109d9a697eb69 COREBOOT_SDK_ROOT_arm=/home/jpmurphy/.cache/coreboot-sdk/arm-eabi/ea40ddd1d190c3b48435c474c0b545719371813a COREBOOT_SDK_ROOT_libstdcxx_riscv64=/home/jpmurphy/.cache/coreboot-sdk/libstdcxx-riscv64-elf/17abf22a3a252e2d5d2062ced5324f7a623689e0 COREBOOT_SDK_ROOT_libstdcxx_arm=/home/jpmurphy/.cache/coreboot-sdk/libstdcxx-arm-eabi/5d7d82e150e44aa1968f1d366e267e6687b328ac COREBOOT_SDK_ROOT_riscv=/home/jpmurphy/.cache/coreboot-sdk/riscv-elf/9a27b9e82341c6e9126624f516ab3f261abb3e73 COREBOOT_SDK_ROOT_libstdcxx_x86=/home/jpmurphy/.cache/coreboot-sdk/libstdcxx-i386-elf/42ef9d2e87a76a37963175d7d428734e65648b87 PYTHONPATH=/mnt/host/source/src/platform/ec/zephyr/zmake PW_PIGWEED_CIPD_INSTALL_DIR=/usr CROSTC_USER_ACKNOWLEDGES_THAT_RISCV_IS_EXPERIMENTAL=1 MAKEFLAGS=' -j16 --jobserver-auth=5,6' /usr/bin/ninja -C /mnt/host/source/src/platform/ec/build/zephyr/steelix/build-rw all.libraries`
[steelix:rw] ninja: Entering directory `/mnt/host/source/src/platform/ec/build/zephyr/steelix/build-rw'
[steelix:ro] Building: /usr/bin/ninja -C /mnt/host/source/src/platform/ec/build/zephyr/steelix/build-ro all.libraries
Running `env -i SHELL=/bin/bash COLORTERM=truecolor DEPOT_TOOLS_UPDATE=0 LESS='-R -M --shift 5' SUDO_GID=0 JDK_HOME=/etc/java-config-2/current-system-vm CONFIG_PROTECT_MASK='/etc/gentoo-release /etc/sandbox.d /etc/fonts/fonts.conf /etc/terminfo /etc/ca-certificates.conf /etc/revdep-rebuild' CHROMEOS_CACHEDIR=/var/cache/chromeos-cache JAVA_HOME=/etc/java-config-2/current-system-vm SSH_AUTH_SOCK=/tmp/ssh-auth-sock SUDO_COMMAND=/bin/bash SUDO_USER=root SUDO_TTY=/dev/pts/2 EDITOR=/usr/bin/vi PWD=/mnt/host/source/src/platform/ec CONFIG_PROTECT=/usr/share/gnupg/qualified.txt LOGNAME=jpmurphy MANPATH=/etc/java-config-2/current-system-vm/man:/usr/local/share/man:/usr/share/man:/usr/share/gcc-data/x86_64-pc-linux-gnu/10.2.0/man:/usr/share/binutils-data/x86_64-pc-linux-gnu/2.45/man:/etc/java-config-2/current-system-vm/man/ SUDO_HOME=/root XAUTHORITY=/run/user/944457/gdm/Xauthority HOME=/home/jpmurphy LANG=C.UTF-8 LS_COLORS='rs=0:di=01;34:ln=01;36:mh=00:pi=40;33:so=01;35:do=01;35:bd=40;33;01:cd=40;33;01:or=01;05;37;41:mi=01;05;37;41:su=37;41:sg=30;43:ca=30;41:tw=30;42:ow=34;42:st=37;44:ex=01;32:*.tar=01;31:*.tgz=01;31:*.arc=01;31:*.arj=01;31:*.taz=01;31:*.lha=01;31:*.lz4=01;31:*.lzh=01;31:*.lzma=01;31:*.tlz=01;31:*.txz=01;31:*.tzo=01;31:*.t7z=01;31:*.zip=01;31:*.z=01;31:*.dz=01;31:*.gz=01;31:*.lrz=01;31:*.lz=01;31:*.lzo=01;31:*.xz=01;31:*.zst=01;31:*.tzst=01;31:*.bz2=01;31:*.bz=01;31:*.tbz=01;31:*.tbz2=01;31:*.tz=01;31:*.deb=01;31:*.rpm=01;31:*.jar=01;31:*.war=01;31:*.ear=01;31:*.sar=01;31:*.rar=01;31:*.alz=01;31:*.ace=01;31:*.zoo=01;31:*.cpio=01;31:*.7z=01;31:*.rz=01;31:*.cab=01;31:*.wim=01;31:*.swm=01;31:*.dwm=01;31:*.esd=01;31:*.jpg=01;35:*.jpeg=01;35:*.mjpg=01;35:*.mjpeg=01;35:*.gif=01;35:*.bmp=01;35:*.pbm=01;35:*.pgm=01;35:*.ppm=01;35:*.tga=01;35:*.xbm=01;35:*.xpm=01;35:*.tif=01;35:*.tiff=01;35:*.png=01;35:*.svg=01;35:*.svgz=01;35:*.mng=01;35:*.pcx=01;35:*.mov=01;35:*.mpg=01;35:*.mpeg=01;35:*.m2v=01;35:*.mkv=01;35:*.webm=01;35:*.webp=01;35:*.ogm=01;35:*.mp4=01;35:*.m4v=01;35:*.mp4v=01;35:*.vob=01;35:*.qt=01;35:*.nuv=01;35:*.wmv=01;35:*.asf=01;35:*.rm=01;35:*.rmvb=01;35:*.flc=01;35:*.avi=01;35:*.fli=01;35:*.flv=01;35:*.gl=01;35:*.dl=01;35:*.xcf=01;35:*.xwd=01;35:*.yuv=01;35:*.cgm=01;35:*.emf=01;35:*.ogv=01;35:*.ogx=01;35:*.cfg=00;32:*.conf=00;32:*.diff=00;32:*.doc=00;32:*.ini=00;32:*.log=00;32:*.patch=00;32:*.pdf=00;32:*.ps=00;32:*.tex=00;32:*.txt=00;32:*.aac=00;36:*.au=00;36:*.flac=00;36:*.m4a=00;36:*.mid=00;36:*.midi=00;36:*.mka=00;36:*.mp3=00;36:*.mpc=00;36:*.ogg=00;36:*.ra=00;36:*.wav=00;36:*.oga=00;36:*.opus=00;36:*.spx=00;36:*.xspf=00;36:' XDG_CURRENT_DESKTOP=GNOME INFOPATH=/usr/share/info:/usr/share/gcc-data/x86_64-pc-linux-gnu/10.2.0/info:/usr/share/binutils-data/x86_64-pc-linux-gnu/2.45/info:/usr/share/automake-1.16.5/info JAVAC=/etc/java-config-2/current-system-vm/bin/javac TERM=xterm-256color LESSOPEN='|lesspipe %s' USER=jpmurphy CROS_WORKON_SRCROOT=/mnt/host/source MANPAGER=manpager DISPLAY=:1 SHLVL=1 LC_MESSAGES=C EXTERNAL_TRUNK_PATH=/mnt/8f9d649a-3721-44cc-93c0-e6bd21a9689f/chromiumos GCC_SPECS='' PATH=/mnt/host/source/chromite/bin:/usr/local/bin:/usr/bin:/bin:/opt/bin:/mnt/host/source/chromite/sdk/bin:/mnt/host/source/chromite/bin PORTAGE_USERNAME=jpmurphy SUDO_UID=0 GCC_VER=10.2.0 MAIL=/var/mail/jpmurphy OLDPWD=/mnt/host/source/src/scripts traceparent=00-e87aca51550a78635907baa6a2476181-6d684811675d2973-01 _=./zephyr/firmware_builder.py COREBOOT_SDK_ROOT_x86=/home/jpmurphy/.cache/coreboot-sdk/i386-elf/dfbb0486385d938cfa9d73080b9d18d598ed4f49 COREBOOT_SDK_ROOT_picolibc_x86=/home/jpmurphy/.cache/coreboot-sdk/picolibc-i386-elf/eb8e8e687b95461de8cbf278f1c2076952d0ad17 COREBOOT_SDK_ROOT_riscv64=/home/jpmurphy/.cache/coreboot-sdk/riscv64-elf/96b949749225b6aaa92ed810ab769e8dfb12f000 COREBOOT_SDK_ROOT_picolibc_arm=/home/jpmurphy/.cache/coreboot-sdk/picolibc-arm-eabi/422a2aa3e1ef891b5bece9a3deb696ff83840d2e COREBOOT_SDK_ROOT_nds32=/home/jpmurphy/.cache/coreboot-sdk/nds32le-elf/d1a518c4a097666d86058e1444f85ca015d15511 COREBOOT_SDK_ROOT_picolibc_riscv64=/home/jpmurphy/.cache/coreboot-sdk/picolibc-riscv64-elf/f571e990ef0278564b31124f8bb109d9a697eb69 COREBOOT_SDK_ROOT_arm=/home/jpmurphy/.cache/coreboot-sdk/arm-eabi/ea40ddd1d190c3b48435c474c0b545719371813a COREBOOT_SDK_ROOT_libstdcxx_riscv64=/home/jpmurphy/.cache/coreboot-sdk/libstdcxx-riscv64-elf/17abf22a3a252e2d5d2062ced5324f7a623689e0 COREBOOT_SDK_ROOT_libstdcxx_arm=/home/jpmurphy/.cache/coreboot-sdk/libstdcxx-arm-eabi/5d7d82e150e44aa1968f1d366e267e6687b328ac COREBOOT_SDK_ROOT_riscv=/home/jpmurphy/.cache/coreboot-sdk/riscv-elf/9a27b9e82341c6e9126624f516ab3f261abb3e73 COREBOOT_SDK_ROOT_libstdcxx_x86=/home/jpmurphy/.cache/coreboot-sdk/libstdcxx-i386-elf/42ef9d2e87a76a37963175d7d428734e65648b87 PYTHONPATH=/mnt/host/source/src/platform/ec/zephyr/zmake PW_PIGWEED_CIPD_INSTALL_DIR=/usr CROSTC_USER_ACKNOWLEDGES_THAT_RISCV_IS_EXPERIMENTAL=1 MAKEFLAGS=' -j16 --jobserver-auth=5,6' /usr/bin/ninja -C /mnt/host/source/src/platform/ec/build/zephyr/steelix/build-ro all.libraries`
[lotso:ro] [378/387] Building C object zephyr/kernel/CMakeFiles/kernel.dir/work.c.obj
[steelix:ro] ninja: Entering directory `/mnt/host/source/src/platform/ec/build/zephyr/steelix/build-ro'
[lotso:ro] [379/387] Building C object zephyr/kernel/CMakeFiles/kernel.dir/thread_monitor.c.obj
[steelix:ro] [1/395] Preparing syscall dependency handling
[steelix:ro] [2/395] Generating misc/generated/syscalls_subdirs.trigger
[lotso:ro] [380/387] Building C object zephyr/kernel/CMakeFiles/kernel.dir/sched.c.obj
[steelix:rw] [1/395] Preparing syscall dependency handling
[lotso:ro] [381/387] Building C object zephyr/kernel/CMakeFiles/kernel.dir/timeout.c.obj
[ojal:rw] Building: /usr/bin/ninja -C /mnt/host/source/src/platform/ec/build/zephyr/ojal/build-rw all.libraries
Running `env -i SHELL=/bin/bash COLORTERM=truecolor DEPOT_TOOLS_UPDATE=0 LESS='-R -M --shift 5' SUDO_GID=0 JDK_HOME=/etc/java-config-2/current-system-vm CONFIG_PROTECT_MASK='/etc/gentoo-release /etc/sandbox.d /etc/fonts/fonts.conf /etc/terminfo /etc/ca-certificates.conf /etc/revdep-rebuild' CHROMEOS_CACHEDIR=/var/cache/chromeos-cache JAVA_HOME=/etc/java-config-2/current-system-vm SSH_AUTH_SOCK=/tmp/ssh-auth-sock SUDO_COMMAND=/bin/bash SUDO_USER=root SUDO_TTY=/dev/pts/2 EDITOR=/usr/bin/vi PWD=/mnt/host/source/src/platform/ec CONFIG_PROTECT=/usr/share/gnupg/qualified.txt LOGNAME=jpmurphy MANPATH=/etc/java-config-2/current-system-vm/man:/usr/local/share/man:/usr/share/man:/usr/share/gcc-data/x86_64-pc-linux-gnu/10.2.0/man:/usr/share/binutils-data/x86_64-pc-linux-gnu/2.45/man:/etc/java-config-2/current-system-vm/man/ SUDO_HOME=/root XAUTHORITY=/run/user/944457/gdm/Xauthority HOME=/home/jpmurphy LANG=C.UTF-8 LS_COLORS='rs=0:di=01;34:ln=01;36:mh=00:pi=40;33:so=01;35:do=01;35:bd=40;33;01:cd=40;33;01:or=01;05;37;41:mi=01;05;37;41:su=37;41:sg=30;43:ca=30;41:tw=30;42:ow=34;42:st=37;44:ex=01;32:*.tar=01;31:*.tgz=01;31:*.arc=01;31:*.arj=01;31:*.taz=01;31:*.lha=01;31:*.lz4=01;31:*.lzh=01;31:*.lzma=01;31:*.tlz=01;31:*.txz=01;31:*.tzo=01;31:*.t7z=01;31:*.zip=01;31:*.z=01;31:*.dz=01;31:*.gz=01;31:*.lrz=01;31:*.lz=01;31:*.lzo=01;31:*.xz=01;31:*.zst=01;31:*.tzst=01;31:*.bz2=01;31:*.bz=01;31:*.tbz=01;31:*.tbz2=01;31:*.tz=01;31:*.deb=01;31:*.rpm=01;31:*.jar=01;31:*.war=01;31:*.ear=01;31:*.sar=01;31:*.rar=01;31:*.alz=01;31:*.ace=01;31:*.zoo=01;31:*.cpio=01;31:*.7z=01;31:*.rz=01;31:*.cab=01;31:*.wim=01;31:*.swm=01;31:*.dwm=01;31:*.esd=01;31:*.jpg=01;35:*.jpeg=01;35:*.mjpg=01;35:*.mjpeg=01;35:*.gif=01;35:*.bmp=01;35:*.pbm=01;35:*.pgm=01;35:*.ppm=01;35:*.tga=01;35:*.xbm=01;35:*.xpm=01;35:*.tif=01;35:*.tiff=01;35:*.png=01;35:*.svg=01;35:*.svgz=01;35:*.mng=01;35:*.pcx=01;35:*.mov=01;35:*.mpg=01;35:*.mpeg=01;35:*.m2v=01;35:*.mkv=01;35:*.webm=01;35:*.webp=01;35:*.ogm=01;35:*.mp4=01;35:*.m4v=01;35:*.mp4v=01;35:*.vob=01;35:*.qt=01;35:*.nuv=01;35:*.wmv=01;35:*.asf=01;35:*.rm=01;35:*.rmvb=01;35:*.flc=01;35:*.avi=01;35:*.fli=01;35:*.flv=01;35:*.gl=01;35:*.dl=01;35:*.xcf=01;35:*.xwd=01;35:*.yuv=01;35:*.cgm=01;35:*.emf=01;35:*.ogv=01;35:*.ogx=01;35:*.cfg=00;32:*.conf=00;32:*.diff=00;32:*.doc=00;32:*.ini=00;32:*.log=00;32:*.patch=00;32:*.pdf=00;32:*.ps=00;32:*.tex=00;32:*.txt=00;32:*.aac=00;36:*.au=00;36:*.flac=00;36:*.m4a=00;36:*.mid=00;36:*.midi=00;36:*.mka=00;36:*.mp3=00;36:*.mpc=00;36:*.ogg=00;36:*.ra=00;36:*.wav=00;36:*.oga=00;36:*.opus=00;36:*.spx=00;36:*.xspf=00;36:' XDG_CURRENT_DESKTOP=GNOME INFOPATH=/usr/share/info:/usr/share/gcc-data/x86_64-pc-linux-gnu/10.2.0/info:/usr/share/binutils-data/x86_64-pc-linux-gnu/2.45/info:/usr/share/automake-1.16.5/info JAVAC=/etc/java-config-2/current-system-vm/bin/javac TERM=xterm-256color LESSOPEN='|lesspipe %s' USER=jpmurphy CROS_WORKON_SRCROOT=/mnt/host/source MANPAGER=manpager DISPLAY=:1 SHLVL=1 LC_MESSAGES=C EXTERNAL_TRUNK_PATH=/mnt/8f9d649a-3721-44cc-93c0-e6bd21a9689f/chromiumos GCC_SPECS='' PATH=/mnt/host/source/chromite/bin:/usr/local/bin:/usr/bin:/bin:/opt/bin:/mnt/host/source/chromite/sdk/bin:/mnt/host/source/chromite/bin PORTAGE_USERNAME=jpmurphy SUDO_UID=0 GCC_VER=10.2.0 MAIL=/var/mail/jpmurphy OLDPWD=/mnt/host/source/src/scripts traceparent=00-e87aca51550a78635907baa6a2476181-6d684811675d2973-01 _=./zephyr/firmware_builder.py COREBOOT_SDK_ROOT_x86=/home/jpmurphy/.cache/coreboot-sdk/i386-elf/dfbb0486385d938cfa9d73080b9d18d598ed4f49 COREBOOT_SDK_ROOT_picolibc_x86=/home/jpmurphy/.cache/coreboot-sdk/picolibc-i386-elf/eb8e8e687b95461de8cbf278f1c2076952d0ad17 COREBOOT_SDK_ROOT_riscv64=/home/jpmurphy/.cache/coreboot-sdk/riscv64-elf/96b949749225b6aaa92ed810ab769e8dfb12f000 COREBOOT_SDK_ROOT_picolibc_arm=/home/jpmurphy/.cache/coreboot-sdk/picolibc-arm-eabi/422a2aa3e1ef891b5bece9a3deb696ff83840d2e COREBOOT_SDK_ROOT_nds32=/home/jpmurphy/.cache/coreboot-sdk/nds32le-elf/d1a518c4a097666d86058e1444f85ca015d15511 COREBOOT_SDK_ROOT_picolibc_riscv64=/home/jpmurphy/.cache/coreboot-sdk/picolibc-riscv64-elf/f571e990ef0278564b31124f8bb109d9a697eb69 COREBOOT_SDK_ROOT_arm=/home/jpmurphy/.cache/coreboot-sdk/arm-eabi/ea40ddd1d190c3b48435c474c0b545719371813a COREBOOT_SDK_ROOT_libstdcxx_riscv64=/home/jpmurphy/.cache/coreboot-sdk/libstdcxx-riscv64-elf/17abf22a3a252e2d5d2062ced5324f7a623689e0 COREBOOT_SDK_ROOT_libstdcxx_arm=/home/jpmurphy/.cache/coreboot-sdk/libstdcxx-arm-eabi/5d7d82e150e44aa1968f1d366e267e6687b328ac COREBOOT_SDK_ROOT_riscv=/home/jpmurphy/.cache/coreboot-sdk/riscv-elf/9a27b9e82341c6e9126624f516ab3f261abb3e73 COREBOOT_SDK_ROOT_libstdcxx_x86=/home/jpmurphy/.cache/coreboot-sdk/libstdcxx-i386-elf/42ef9d2e87a76a37963175d7d428734e65648b87 PYTHONPATH=/mnt/host/source/src/platform/ec/zephyr/zmake PW_PIGWEED_CIPD_INSTALL_DIR=/usr CROSTC_USER_ACKNOWLEDGES_THAT_RISCV_IS_EXPERIMENTAL=1 MAKEFLAGS=' -j16 --jobserver-auth=5,6' /usr/bin/ninja -C /mnt/host/source/src/platform/ec/build/zephyr/ojal/build-rw all.libraries`
[ojal:rw] ninja: Entering directory `/mnt/host/source/src/platform/ec/build/zephyr/ojal/build-rw'
[steelix:rw] [2/395] Generating misc/generated/syscalls_subdirs.trigger
[lotso:ro] [382/387] Building C object zephyr/kernel/CMakeFiles/kernel.dir/events.c.obj
[lotso:ro] [383/387] Building C object zephyr/kernel/CMakeFiles/kernel.dir/timer.c.obj
[ojal:rw] [1/380] Preparing syscall dependency handling
[/mnt/host/source/src/platform/ec/build/zephyr/skitty-lcov]   /mnt/host/source/src/platform/ec/build/zephyr/skitty/build-ro/zephyr/CMakeFiles/zephyr.dir/soc/ite/ec/it8xxx2/check_regs.c.gcno:no functions found
[/mnt/host/source/src/platform/ec/build/zephyr/skitty-lcov] stderr:
[lotso:ro] [384/387] Building C object zephyr/kernel/CMakeFiles/kernel.dir/poll.c.obj
[ojal:rw] [2/380] Generating misc/generated/syscalls_subdirs.trigger
[steelix:ro] [3/395] cd /mnt/host/source/src/platform/ec/build/zephyr/steelix/build-ro/modules/ec/zephyr && PYTHONPATH=/mnt/host/source/src/platform/ec/build/zephyr/steelix/modules/ec/zephyr/zmake/ /usr/bin/python3.11 /mnt/host/source/src/platform/ec/build/zephyr/steelix/modules/ec/zephyr/zmake/zephyr_build_tools/generate_ec_version.py /mnt/host/source/src/platform/ec/build/zephyr/steelix/build-ro/modules/ec/zephyr/include/ec_version.h --name Zephyr-Kernel --version 16543.0.0 --static
[steelix:ro] INFO:root:Using a static version string
[lotso:ro] [385/387] Building C object zephyr/kernel/CMakeFiles/kernel.dir/dynamic_disabled.c.obj
[ojal:ro] Building: /usr/bin/ninja -C /mnt/host/source/src/platform/ec/build/zephyr/ojal/build-ro all.libraries
Running `env -i SHELL=/bin/bash COLORTERM=truecolor DEPOT_TOOLS_UPDATE=0 LESS='-R -M --shift 5' SUDO_GID=0 JDK_HOME=/etc/java-config-2/current-system-vm CONFIG_PROTECT_MASK='/etc/gentoo-release /etc/sandbox.d /etc/fonts/fonts.conf /etc/terminfo /etc/ca-certificates.conf /etc/revdep-rebuild' CHROMEOS_CACHEDIR=/var/cache/chromeos-cache JAVA_HOME=/etc/java-config-2/current-system-vm SSH_AUTH_SOCK=/tmp/ssh-auth-sock SUDO_COMMAND=/bin/bash SUDO_USER=root SUDO_TTY=/dev/pts/2 EDITOR=/usr/bin/vi PWD=/mnt/host/source/src/platform/ec CONFIG_PROTECT=/usr/share/gnupg/qualified.txt LOGNAME=jpmurphy MANPATH=/etc/java-config-2/current-system-vm/man:/usr/local/share/man:/usr/share/man:/usr/share/gcc-data/x86_64-pc-linux-gnu/10.2.0/man:/usr/share/binutils-data/x86_64-pc-linux-gnu/2.45/man:/etc/java-config-2/current-system-vm/man/ SUDO_HOME=/root XAUTHORITY=/run/user/944457/gdm/Xauthority HOME=/home/jpmurphy LANG=C.UTF-8 LS_COLORS='rs=0:di=01;34:ln=01;36:mh=00:pi=40;33:so=01;35:do=01;35:bd=40;33;01:cd=40;33;01:or=01;05;37;41:mi=01;05;37;41:su=37;41:sg=30;43:ca=30;41:tw=30;42:ow=34;42:st=37;44:ex=01;32:*.tar=01;31:*.tgz=01;31:*.arc=01;31:*.arj=01;31:*.taz=01;31:*.lha=01;31:*.lz4=01;31:*.lzh=01;31:*.lzma=01;31:*.tlz=01;31:*.txz=01;31:*.tzo=01;31:*.t7z=01;31:*.zip=01;31:*.z=01;31:*.dz=01;31:*.gz=01;31:*.lrz=01;31:*.lz=01;31:*.lzo=01;31:*.xz=01;31:*.zst=01;31:*.tzst=01;31:*.bz2=01;31:*.bz=01;31:*.tbz=01;31:*.tbz2=01;31:*.tz=01;31:*.deb=01;31:*.rpm=01;31:*.jar=01;31:*.war=01;31:*.ear=01;31:*.sar=01;31:*.rar=01;31:*.alz=01;31:*.ace=01;31:*.zoo=01;31:*.cpio=01;31:*.7z=01;31:*.rz=01;31:*.cab=01;31:*.wim=01;31:*.swm=01;31:*.dwm=01;31:*.esd=01;31:*.jpg=01;35:*.jpeg=01;35:*.mjpg=01;35:*.mjpeg=01;35:*.gif=01;35:*.bmp=01;35:*.pbm=01;35:*.pgm=01;35:*.ppm=01;35:*.tga=01;35:*.xbm=01;35:*.xpm=01;35:*.tif=01;35:*.tiff=01;35:*.png=01;35:*.svg=01;35:*.svgz=01;35:*.mng=01;35:*.pcx=01;35:*.mov=01;35:*.mpg=01;35:*.mpeg=01;35:*.m2v=01;35:*.mkv=01;35:*.webm=01;35:*.webp=01;35:*.ogm=01;35:*.mp4=01;35:*.m4v=01;35:*.mp4v=01;35:*.vob=01;35:*.qt=01;35:*.nuv=01;35:*.wmv=01;35:*.asf=01;35:*.rm=01;35:*.rmvb=01;35:*.flc=01;35:*.avi=01;35:*.fli=01;35:*.flv=01;35:*.gl=01;35:*.dl=01;35:*.xcf=01;35:*.xwd=01;35:*.yuv=01;35:*.cgm=01;35:*.emf=01;35:*.ogv=01;35:*.ogx=01;35:*.cfg=00;32:*.conf=00;32:*.diff=00;32:*.doc=00;32:*.ini=00;32:*.log=00;32:*.patch=00;32:*.pdf=00;32:*.ps=00;32:*.tex=00;32:*.txt=00;32:*.aac=00;36:*.au=00;36:*.flac=00;36:*.m4a=00;36:*.mid=00;36:*.midi=00;36:*.mka=00;36:*.mp3=00;36:*.mpc=00;36:*.ogg=00;36:*.ra=00;36:*.wav=00;36:*.oga=00;36:*.opus=00;36:*.spx=00;36:*.xspf=00;36:' XDG_CURRENT_DESKTOP=GNOME INFOPATH=/usr/share/info:/usr/share/gcc-data/x86_64-pc-linux-gnu/10.2.0/info:/usr/share/binutils-data/x86_64-pc-linux-gnu/2.45/info:/usr/share/automake-1.16.5/info JAVAC=/etc/java-config-2/current-system-vm/bin/javac TERM=xterm-256color LESSOPEN='|lesspipe %s' USER=jpmurphy CROS_WORKON_SRCROOT=/mnt/host/source MANPAGER=manpager DISPLAY=:1 SHLVL=1 LC_MESSAGES=C EXTERNAL_TRUNK_PATH=/mnt/8f9d649a-3721-44cc-93c0-e6bd21a9689f/chromiumos GCC_SPECS='' PATH=/mnt/host/source/chromite/bin:/usr/local/bin:/usr/bin:/bin:/opt/bin:/mnt/host/source/chromite/sdk/bin:/mnt/host/source/chromite/bin PORTAGE_USERNAME=jpmurphy SUDO_UID=0 GCC_VER=10.2.0 MAIL=/var/mail/jpmurphy OLDPWD=/mnt/host/source/src/scripts traceparent=00-e87aca51550a78635907baa6a2476181-6d684811675d2973-01 _=./zephyr/firmware_builder.py COREBOOT_SDK_ROOT_x86=/home/jpmurphy/.cache/coreboot-sdk/i386-elf/dfbb0486385d938cfa9d73080b9d18d598ed4f49 COREBOOT_SDK_ROOT_picolibc_x86=/home/jpmurphy/.cache/coreboot-sdk/picolibc-i386-elf/eb8e8e687b95461de8cbf278f1c2076952d0ad17 COREBOOT_SDK_ROOT_riscv64=/home/jpmurphy/.cache/coreboot-sdk/riscv64-elf/96b949749225b6aaa92ed810ab769e8dfb12f000 COREBOOT_SDK_ROOT_picolibc_arm=/home/jpmurphy/.cache/coreboot-sdk/picolibc-arm-eabi/422a2aa3e1ef891b5bece9a3deb696ff83840d2e COREBOOT_SDK_ROOT_nds32=/home/jpmurphy/.cache/coreboot-sdk/nds32le-elf/d1a518c4a097666d86058e1444f85ca015d15511 COREBOOT_SDK_ROOT_picolibc_riscv64=/home/jpmurphy/.cache/coreboot-sdk/picolibc-riscv64-elf/f571e990ef0278564b31124f8bb109d9a697eb69 COREBOOT_SDK_ROOT_arm=/home/jpmurphy/.cache/coreboot-sdk/arm-eabi/ea40ddd1d190c3b48435c474c0b545719371813a COREBOOT_SDK_ROOT_libstdcxx_riscv64=/home/jpmurphy/.cache/coreboot-sdk/libstdcxx-riscv64-elf/17abf22a3a252e2d5d2062ced5324f7a623689e0 COREBOOT_SDK_ROOT_libstdcxx_arm=/home/jpmurphy/.cache/coreboot-sdk/libstdcxx-arm-eabi/5d7d82e150e44aa1968f1d366e267e6687b328ac COREBOOT_SDK_ROOT_riscv=/home/jpmurphy/.cache/coreboot-sdk/riscv-elf/9a27b9e82341c6e9126624f516ab3f261abb3e73 COREBOOT_SDK_ROOT_libstdcxx_x86=/home/jpmurphy/.cache/coreboot-sdk/libstdcxx-i386-elf/42ef9d2e87a76a37963175d7d428734e65648b87 PYTHONPATH=/mnt/host/source/src/platform/ec/zephyr/zmake PW_PIGWEED_CIPD_INSTALL_DIR=/usr CROSTC_USER_ACKNOWLEDGES_THAT_RISCV_IS_EXPERIMENTAL=1 MAKEFLAGS=' -j16 --jobserver-auth=5,6' /usr/bin/ninja -C /mnt/host/source/src/platform/ec/build/zephyr/ojal/build-ro all.libraries`
[lotso:ro] [386/387] Building C object zephyr/kernel/CMakeFiles/kernel.dir/mempool.c.obj
[ojal:ro] ninja: Entering directory `/mnt/host/source/src/platform/ec/build/zephyr/ojal/build-ro'
[steelix:rw] [3/395] cd /mnt/host/source/src/platform/ec/build/zephyr/steelix/build-rw/modules/ec/zephyr && PYTHONPATH=/mnt/host/source/src/platform/ec/build/zephyr/steelix/modules/ec/zephyr/zmake/ /usr/bin/python3.11 /mnt/host/source/src/platform/ec/build/zephyr/steelix/modules/ec/zephyr/zmake/zephyr_build_tools/generate_ec_version.py /mnt/host/source/src/platform/ec/build/zephyr/steelix/build-rw/modules/ec/zephyr/include/ec_version.h --name Zephyr-Kernel --version 16543.0.0 --static
[lotso:ro] [387/387] Linking C static library zephyr/kernel/libkernel.a
[pujjolo-ish:singleimage] Building: /usr/bin/ninja -C /mnt/host/source/src/platform/ec/build/zephyr/pujjolo-ish/build-singleimage all.libraries
Running `env -i SHELL=/bin/bash COLORTERM=truecolor DEPOT_TOOLS_UPDATE=0 LESS='-R -M --shift 5' SUDO_GID=0 JDK_HOME=/etc/java-config-2/current-system-vm CONFIG_PROTECT_MASK='/etc/gentoo-release /etc/sandbox.d /etc/fonts/fonts.conf /etc/terminfo /etc/ca-certificates.conf /etc/revdep-rebuild' CHROMEOS_CACHEDIR=/var/cache/chromeos-cache JAVA_HOME=/etc/java-config-2/current-system-vm SSH_AUTH_SOCK=/tmp/ssh-auth-sock SUDO_COMMAND=/bin/bash SUDO_USER=root SUDO_TTY=/dev/pts/2 EDITOR=/usr/bin/vi PWD=/mnt/host/source/src/platform/ec CONFIG_PROTECT=/usr/share/gnupg/qualified.txt LOGNAME=jpmurphy MANPATH=/etc/java-config-2/current-system-vm/man:/usr/local/share/man:/usr/share/man:/usr/share/gcc-data/x86_64-pc-linux-gnu/10.2.0/man:/usr/share/binutils-data/x86_64-pc-linux-gnu/2.45/man:/etc/java-config-2/current-system-vm/man/ SUDO_HOME=/root XAUTHORITY=/run/user/944457/gdm/Xauthority HOME=/home/jpmurphy LANG=C.UTF-8 LS_COLORS='rs=0:di=01;34:ln=01;36:mh=00:pi=40;33:so=01;35:do=01;35:bd=40;33;01:cd=40;33;01:or=01;05;37;41:mi=01;05;37;41:su=37;41:sg=30;43:ca=30;41:tw=30;42:ow=34;42:st=37;44:ex=01;32:*.tar=01;31:*.tgz=01;31:*.arc=01;31:*.arj=01;31:*.taz=01;31:*.lha=01;31:*.lz4=01;31:*.lzh=01;31:*.lzma=01;31:*.tlz=01;31:*.txz=01;31:*.tzo=01;31:*.t7z=01;31:*.zip=01;31:*.z=01;31:*.dz=01;31:*.gz=01;31:*.lrz=01;31:*.lz=01;31:*.lzo=01;31:*.xz=01;31:*.zst=01;31:*.tzst=01;31:*.bz2=01;31:*.bz=01;31:*.tbz=01;31:*.tbz2=01;31:*.tz=01;31:*.deb=01;31:*.rpm=01;31:*.jar=01;31:*.war=01;31:*.ear=01;31:*.sar=01;31:*.rar=01;31:*.alz=01;31:*.ace=01;31:*.zoo=01;31:*.cpio=01;31:*.7z=01;31:*.rz=01;31:*.cab=01;31:*.wim=01;31:*.swm=01;31:*.dwm=01;31:*.esd=01;31:*.jpg=01;35:*.jpeg=01;35:*.mjpg=01;35:*.mjpeg=01;35:*.gif=01;35:*.bmp=01;35:*.pbm=01;35:*.pgm=01;35:*.ppm=01;35:*.tga=01;35:*.xbm=01;35:*.xpm=01;35:*.tif=01;35:*.tiff=01;35:*.png=01;35:*.svg=01;35:*.svgz=01;35:*.mng=01;35:*.pcx=01;35:*.mov=01;35:*.mpg=01;35:*.mpeg=01;35:*.m2v=01;35:*.mkv=01;35:*.webm=01;35:*.webp=01;35:*.ogm=01;35:*.mp4=01;35:*.m4v=01;35:*.mp4v=01;35:*.vob=01;35:*.qt=01;35:*.nuv=01;35:*.wmv=01;35:*.asf=01;35:*.rm=01;35:*.rmvb=01;35:*.flc=01;35:*.avi=01;35:*.fli=01;35:*.flv=01;35:*.gl=01;35:*.dl=01;35:*.xcf=01;35:*.xwd=01;35:*.yuv=01;35:*.cgm=01;35:*.emf=01;35:*.ogv=01;35:*.ogx=01;35:*.cfg=00;32:*.conf=00;32:*.diff=00;32:*.doc=00;32:*.ini=00;32:*.log=00;32:*.patch=00;32:*.pdf=00;32:*.ps=00;32:*.tex=00;32:*.txt=00;32:*.aac=00;36:*.au=00;36:*.flac=00;36:*.m4a=00;36:*.mid=00;36:*.midi=00;36:*.mka=00;36:*.mp3=00;36:*.mpc=00;36:*.ogg=00;36:*.ra=00;36:*.wav=00;36:*.oga=00;36:*.opus=00;36:*.spx=00;36:*.xspf=00;36:' XDG_CURRENT_DESKTOP=GNOME INFOPATH=/usr/share/info:/usr/share/gcc-data/x86_64-pc-linux-gnu/10.2.0/info:/usr/share/binutils-data/x86_64-pc-linux-gnu/2.45/info:/usr/share/automake-1.16.5/info JAVAC=/etc/java-config-2/current-system-vm/bin/javac TERM=xterm-256color LESSOPEN='|lesspipe %s' USER=jpmurphy CROS_WORKON_SRCROOT=/mnt/host/source MANPAGER=manpager DISPLAY=:1 SHLVL=1 LC_MESSAGES=C EXTERNAL_TRUNK_PATH=/mnt/8f9d649a-3721-44cc-93c0-e6bd21a9689f/chromiumos GCC_SPECS='' PATH=/mnt/host/source/chromite/bin:/usr/local/bin:/usr/bin:/bin:/opt/bin:/mnt/host/source/chromite/sdk/bin:/mnt/host/source/chromite/bin PORTAGE_USERNAME=jpmurphy SUDO_UID=0 GCC_VER=10.2.0 MAIL=/var/mail/jpmurphy OLDPWD=/mnt/host/source/src/scripts traceparent=00-e87aca51550a78635907baa6a2476181-6d684811675d2973-01 _=./zephyr/firmware_builder.py COREBOOT_SDK_ROOT_x86=/home/jpmurphy/.cache/coreboot-sdk/i386-elf/dfbb0486385d938cfa9d73080b9d18d598ed4f49 COREBOOT_SDK_ROOT_picolibc_x86=/home/jpmurphy/.cache/coreboot-sdk/picolibc-i386-elf/eb8e8e687b95461de8cbf278f1c2076952d0ad17 COREBOOT_SDK_ROOT_riscv64=/home/jpmurphy/.cache/coreboot-sdk/riscv64-elf/96b949749225b6aaa92ed810ab769e8dfb12f000 COREBOOT_SDK_ROOT_picolibc_arm=/home/jpmurphy/.cache/coreboot-sdk/picolibc-arm-eabi/422a2aa3e1ef891b5bece9a3deb696ff83840d2e COREBOOT_SDK_ROOT_nds32=/home/jpmurphy/.cache/coreboot-sdk/nds32le-elf/d1a518c4a097666d86058e1444f85ca015d15511 COREBOOT_SDK_ROOT_picolibc_riscv64=/home/jpmurphy/.cache/coreboot-sdk/picolibc-riscv64-elf/f571e990ef0278564b31124f8bb109d9a697eb69 COREBOOT_SDK_ROOT_arm=/home/jpmurphy/.cache/coreboot-sdk/arm-eabi/ea40ddd1d190c3b48435c474c0b545719371813a COREBOOT_SDK_ROOT_libstdcxx_riscv64=/home/jpmurphy/.cache/coreboot-sdk/libstdcxx-riscv64-elf/17abf22a3a252e2d5d2062ced5324f7a623689e0 COREBOOT_SDK_ROOT_libstdcxx_arm=/home/jpmurphy/.cache/coreboot-sdk/libstdcxx-arm-eabi/5d7d82e150e44aa1968f1d366e267e6687b328ac COREBOOT_SDK_ROOT_riscv=/home/jpmurphy/.cache/coreboot-sdk/riscv-elf/9a27b9e82341c6e9126624f516ab3f261abb3e73 COREBOOT_SDK_ROOT_libstdcxx_x86=/home/jpmurphy/.cache/coreboot-sdk/libstdcxx-i386-elf/42ef9d2e87a76a37963175d7d428734e65648b87 PYTHONPATH=/mnt/host/source/src/platform/ec/zephyr/zmake PW_PIGWEED_CIPD_INSTALL_DIR=/usr CROSTC_USER_ACKNOWLEDGES_THAT_RISCV_IS_EXPERIMENTAL=1 MAKEFLAGS=' -j16 --jobserver-auth=5,6' /usr/bin/ninja -C /mnt/host/source/src/platform/ec/build/zephyr/pujjolo-ish/build-singleimage all.libraries`
[pujjolo-ish:singleimage] ninja: Entering directory `/mnt/host/source/src/platform/ec/build/zephyr/pujjolo-ish/build-singleimage'
[steelix:ro] INFO:root:Version string: Zephyr-Kernel-16543.0.0
[steelix:ro] INFO:root:Writing header to /mnt/host/source/src/platform/ec/build/zephyr/steelix/build-ro/modules/ec/zephyr/include/ec_version.h
[steelix:ro] [4/395] Generating include/generated/zephyr/version.h
[ojal:rw] [3/380] cd /mnt/host/source/src/platform/ec/build/zephyr/ojal/build-rw/modules/ec/zephyr && PYTHONPATH=/mnt/host/source/src/platform/ec/build/zephyr/ojal/modules/ec/zephyr/zmake/ /usr/bin/python3.11 /mnt/host/source/src/platform/ec/build/zephyr/ojal/modules/ec/zephyr/zmake/zephyr_build_tools/generate_ec_version.py /mnt/host/source/src/platform/ec/build/zephyr/ojal/build-rw/modules/ec/zephyr/include/ec_version.h --name Zephyr-Kernel --version 16543.0.0 --static
[ojal:ro] [1/380] Preparing syscall dependency handling
[ojal:ro] [2/380] Generating misc/generated/syscalls_subdirs.trigger
[steelix:rw] INFO:root:Using a static version string
[steelix:rw] INFO:root:Version string: Zephyr-Kernel-16543.0.0
[steelix:rw] INFO:root:Writing header to /mnt/host/source/src/platform/ec/build/zephyr/steelix/build-rw/modules/ec/zephyr/include/ec_version.h
[steelix:rw] [4/395] Generating include/generated/zephyr/version.h
[yoda:rw] -- Board: npcx9, qualifiers: npcx9m7fb
[/mnt/host/source/src/platform/ec/build/zephyr/skitty-lcov]   /mnt/host/source/src/platform/ec/build/zephyr/skitty/build-rw/modules/ec/zephyr/CMakeFiles/ec_shim.dir/shim/src/power.c.gcno:no functions found
[/mnt/host/source/src/platform/ec/build/zephyr/skitty-lcov] stderr:
[ojal:ro] [3/380] cd /mnt/host/source/src/platform/ec/build/zephyr/ojal/build-ro/modules/ec/zephyr && PYTHONPATH=/mnt/host/source/src/platform/ec/build/zephyr/ojal/modules/ec/zephyr/zmake/ /usr/bin/python3.11 /mnt/host/source/src/platform/ec/build/zephyr/ojal/modules/ec/zephyr/zmake/zephyr_build_tools/generate_ec_version.py /mnt/host/source/src/platform/ec/build/zephyr/ojal/build-ro/modules/ec/zephyr/include/ec_version.h --name Zephyr-Kernel --version 16543.0.0 --static
[/mnt/host/source/src/platform/ec/build/zephyr/skitty-lcov]   /mnt/host/source/src/platform/ec/build/zephyr/skitty/build-rw/modules/ec/zephyr/CMakeFiles/ec_shim.dir/shim/src/thermal.c.gcno:no functions found
[/mnt/host/source/src/platform/ec/build/zephyr/skitty-lcov] stderr:
[ojal:rw] INFO:root:Using a static version string
[ojal:rw] INFO:root:Version string: Zephyr-Kernel-16543.0.0
[ojal:rw] INFO:root:Writing header to /mnt/host/source/src/platform/ec/build/zephyr/ojal/build-rw/modules/ec/zephyr/include/ec_version.h
[ojal:rw] [4/380] Generating include/generated/zephyr/version.h
[ojal:rw] -- git describe warned: warning: tag 'upstream/v2.7.99' is externally known as 'v2.7.99'
[pujjolo-ish:singleimage] [1/271] Preparing syscall dependency handling
[pujjolo-ish:singleimage] [2/271] Generating misc/generated/syscalls_subdirs.trigger
[/mnt/host/source/src/platform/ec/build/zephyr/gothrax-lcov]   /mnt/host/source/src/platform/ec/build/zephyr/gothrax/build-rw/zephyr/drivers/sensor/CMakeFiles/drivers__sensor.dir/mnt/host/source/src/third_party/zephyr/main/misc/empty_file.c.gcno:no functions found
[/mnt/host/source/src/platform/ec/build/zephyr/gothrax-lcov] Filter suppressions 'region':
[/mnt/host/source/src/platform/ec/build/zephyr/skitty-lcov]   /mnt/host/source/src/platform/ec/build/zephyr/skitty/build-rw/modules/ec/zephyr/CMakeFiles/ec_shim.dir/shim/src/battery.c.gcno:no functions found
[/mnt/host/source/src/platform/ec/build/zephyr/skitty-lcov] stderr:
[yoda:ro] Configuring.
[steelix:ro] -- git describe warned: warning: tag 'upstream/v2.7.99' is externally known as 'v2.7.99'
[steelix:ro] -- Zephyr version: 4.3.99 (/mnt/host/source/src/third_party/zephyr/main)
[steelix:ro] [5/395] Generating misc/generated/syscalls.json, misc/generated/struct_tags.json
Running `env -i PYTHONPATH=/usr/lib64/python-exec/python3.11:/mnt/host/source/src/platform/ec/zephyr/zmake:/usr/lib/python311.zip:/usr/lib/python3.11:/usr/lib/python3.11/lib-dynload:/usr/lib/python3.11/site-packages PW_PIGWEED_CIPD_INSTALL_DIR=/usr CROSTC_USER_ACKNOWLEDGES_THAT_RISCV_IS_EXPERIMENTAL=1 PATH=/mnt/host/source/chromite/bin:/usr/local/bin:/usr/bin:/bin:/opt/bin:/mnt/host/source/chromite/sdk/bin:/mnt/host/source/chromite/bin HOME=/home/jpmurphy JAVA_HOME=/etc/java-config-2/current-system-vm JDK_HOME=/etc/java-config-2/current-system-vm JAVAC=/etc/java-config-2/current-system-vm/bin/javac MAKEFLAGS=' -j16 --jobserver-auth=5,6' /usr/bin/cmake -S /mnt/host/source/src/platform/ec/zephyr/program/skywalker -B /mnt/host/source/src/platform/ec/build/zephyr/yoda/build-ro -GNinja -DCMAKE_EXPORT_COMPILE_COMMANDS=ON -DZEPHYR_BASE=/mnt/host/source/src/third_party/zephyr/main -DZMAKE_INCLUDE_DIR=/mnt/host/source/src/platform/ec/build/zephyr/yoda/include -DPython3_EXECUTABLE=/usr/bin/python3.11 -DDTS_ROOT=/mnt/host/source/src/platform/ec/zephyr -DSYSCALL_INCLUDE_DIRS=/mnt/host/source/src/platform/ec/zephyr/include/drivers -DUSER_CACHE_DIR=/mnt/host/source/src/platform/ec/build/zephyr/user-cache '-DEXTRA_EC_VERSION_FLAGS=--version 16543.0.0 --static' -DTOOLCHAIN_ROOT=/mnt/host/source/src/platform/ec/zephyr -DCOREBOOT_SDK_ROOT_x86=/home/jpmurphy/.cache/coreboot-sdk/i386-elf/dfbb0486385d938cfa9d73080b9d18d598ed4f49 -DCOREBOOT_SDK_ROOT_picolibc_x86=/home/jpmurphy/.cache/coreboot-sdk/picolibc-i386-elf/eb8e8e687b95461de8cbf278f1c2076952d0ad17 -DCOREBOOT_SDK_ROOT_riscv64=/home/jpmurphy/.cache/coreboot-sdk/riscv64-elf/96b949749225b6aaa92ed810ab769e8dfb12f000 -DCOREBOOT_SDK_ROOT_picolibc_arm=/home/jpmurphy/.cache/coreboot-sdk/picolibc-arm-eabi/422a2aa3e1ef891b5bece9a3deb696ff83840d2e -DCOREBOOT_SDK_ROOT_nds32=/home/jpmurphy/.cache/coreboot-sdk/nds32le-elf/d1a518c4a097666d86058e1444f85ca015d15511 -DCOREBOOT_SDK_ROOT_picolibc_riscv64=/home/jpmurphy/.cache/coreboot-sdk/picolibc-riscv64-elf/f571e990ef0278564b31124f8bb109d9a697eb69 -DCOREBOOT_SDK_ROOT_arm=/home/jpmurphy/.cache/coreboot-sdk/arm-eabi/ea40ddd1d190c3b48435c474c0b545719371813a -DCOREBOOT_SDK_ROOT_libstdcxx_riscv64=/home/jpmurphy/.cache/coreboot-sdk/libstdcxx-riscv64-elf/17abf22a3a252e2d5d2062ced5324f7a623689e0 -DCOREBOOT_SDK_ROOT_libstdcxx_arm=/home/jpmurphy/.cache/coreboot-sdk/libstdcxx-arm-eabi/5d7d82e150e44aa1968f1d366e267e6687b328ac -DCOREBOOT_SDK_ROOT_riscv=/home/jpmurphy/.cache/coreboot-sdk/riscv-elf/9a27b9e82341c6e9126624f516ab3f261abb3e73 -DCOREBOOT_SDK_ROOT_libstdcxx_x86=/home/jpmurphy/.cache/coreboot-sdk/libstdcxx-i386-elf/42ef9d2e87a76a37963175d7d428734e65648b87 -DZEPHYR_TOOLCHAIN_VARIANT=coreboot-sdk '-DZEPHYR_MODULES=/mnt/host/source/src/platform/ec/build/zephyr/yoda/modules/cmsis;/mnt/host/source/src/platform/ec/build/zephyr/yoda/modules/cmsis_6;/mnt/host/source/src/platform/ec/build/zephyr/yoda/modules/ec' -DDTC_OVERLAY_FILE=/mnt/host/source/src/platform/ec/zephyr/program/skywalker/yoda/project.overlay -DBOARD=npcx9/npcx9m7fb -DCMAKE_C_FLAGS=-DSECTION_IS_RO '-DCONF_FILE=/mnt/host/source/src/platform/ec/zephyr/program/skywalker/program.conf;/mnt/host/source/src/platform/ec/zephyr/program/skywalker/yoda/project.conf;/mnt/host/source/src/platform/ec/build/zephyr/yoda/kconfig-ro.conf'`
[yoda:ro] -- Application: /mnt/host/source/src/platform/ec/zephyr/program/skywalker
[yoda:ro] Loading Zephyr default modules (Zephyr base (cached)).
[/mnt/host/source/src/platform/ec/build/zephyr/gothrax-lcov]     42 instances
[/mnt/host/source/src/platform/ec/build/zephyr/skitty-lcov]   /mnt/host/source/src/platform/ec/build/zephyr/skitty/build-rw/modules/ec/zephyr/CMakeFiles/ec_shim.dir/shim/src/charger.c.gcno:no functions found
[/mnt/host/source/src/platform/ec/build/zephyr/gothrax-lcov]     36 coverpoints
[/mnt/host/source/src/platform/ec/build/zephyr/skitty-lcov] stderr:
[/mnt/host/source/src/platform/ec/build/zephyr/gothrax-lcov] Message summary:
Running (initial) lcov on /mnt/host/source/src/platform/ec/build/zephyr/ocicat-ish.
[/mnt/host/source/src/platform/ec/build/zephyr/gothrax-lcov]   31 ignore messages:
[/mnt/host/source/src/platform/ec/build/zephyr/gothrax-lcov]     gcov: 31
[/mnt/host/source/src/platform/ec/build/zephyr/skitty-lcov]   /mnt/host/source/src/platform/ec/build/zephyr/skitty/build-rw/modules/ec/zephyr/CMakeFiles/ec_shim.dir/shim/src/usb_muxes.c.gcno:no functions found
[/mnt/host/source/src/platform/ec/build/zephyr/skitty-lcov] stderr:
[ojal:ro] INFO:root:Using a static version string
[ojal:ro] INFO:root:Version string: Zephyr-Kernel-16543.0.0
[ojal:ro] INFO:root:Writing header to /mnt/host/source/src/platform/ec/build/zephyr/ojal/build-ro/modules/ec/zephyr/include/ec_version.h
[ojal:ro] [4/380] Generating include/generated/zephyr/version.h
[steelix:ro] [6/395] Generating include/generated/zephyr/syscall_dispatch.c, include/generated/zephyr/syscall_exports_llext.c, syscall_weakdefs_llext.c, include/generated/zephyr/syscall_list.h
[steelix:rw] -- git describe warned: warning: tag 'upstream/v2.7.99' is externally known as 'v2.7.99'
[steelix:rw] -- Zephyr version: 4.3.99 (/mnt/host/source/src/third_party/zephyr/main)
[steelix:rw] [5/395] Generating misc/generated/syscalls.json, misc/generated/struct_tags.json
[pujjolo-ish:singleimage] [3/271] cd /mnt/host/source/src/platform/ec/build/zephyr/pujjolo-ish/build-singleimage/modules/ec/zephyr && PYTHONPATH=/mnt/host/source/src/platform/ec/build/zephyr/pujjolo-ish/modules/ec/zephyr/zmake/ /usr/bin/python3.11 /mnt/host/source/src/platform/ec/build/zephyr/pujjolo-ish/modules/ec/zephyr/zmake/zephyr_build_tools/generate_ec_version.py /mnt/host/source/src/platform/ec/build/zephyr/pujjolo-ish/build-singleimage/modules/ec/zephyr/include/ec_version.h --name Zephyr-Kernel --version 16543.0.0 --static
[pujjolo-ish:singleimage] INFO:root:Using a static version string
[pujjolo-ish:singleimage] INFO:root:Version string: Zephyr-Kernel-16543.0.0
[pujjolo-ish:singleimage] INFO:root:Writing header to /mnt/host/source/src/platform/ec/build/zephyr/pujjolo-ish/build-singleimage/modules/ec/zephyr/include/ec_version.h
[pujjolo-ish:singleimage] [4/271] Building CXX object modules/pigweed/pw_build/CMakeFiles/pw_build.empty.dir/empty_file.cc.obj
[ojal:rw] -- Zephyr version: 4.3.99 (/mnt/host/source/src/third_party/zephyr/main)
[ojal:rw] [5/380] Generating misc/generated/syscalls.json, misc/generated/struct_tags.json
[steelix:rw] [6/395] Generating include/generated/zephyr/syscall_dispatch.c, include/generated/zephyr/syscall_exports_llext.c, syscall_weakdefs_llext.c, include/generated/zephyr/syscall_list.h
[pujjolo-ish:singleimage] [5/271] Generating pw_third_party.nanopb.proto/sources/nanopb.proto
[yoda:ro] -- CMake version: 3.31.7
[yoda:ro] -- Found Python3: /usr/bin/python3.11 (found suitable version "3.11.11", minimum required is "3.10") found components: Interpreter
[yoda:ro] -- Cache files will be written to: /mnt/host/source/src/platform/ec/build/zephyr/user-cache
[yoda:ro] -- Zephyr version: 4.3.99 (/mnt/host/source/src/third_party/zephyr/main)
[pujjolo-ish:singleimage] [6/271] Generating include/generated/zephyr/version.h
[pujjolo-ish:singleimage] -- git describe warned: warning: tag 'upstream/v2.7.99' is externally known as 'v2.7.99'
Running `env -i PYTHONPATH=/usr/lib64/python-exec/python3.11:/mnt/host/source/src/platform/ec/zephyr/zmake:/usr/lib/python311.zip:/usr/lib/python3.11:/usr/lib/python3.11/lib-dynload:/usr/lib/python3.11/site-packages PW_PIGWEED_CIPD_INSTALL_DIR=/usr CROSTC_USER_ACKNOWLEDGES_THAT_RISCV_IS_EXPERIMENTAL=1 PATH=/mnt/host/source/chromite/bin:/usr/local/bin:/usr/bin:/bin:/opt/bin:/mnt/host/source/chromite/sdk/bin:/mnt/host/source/chromite/bin HOME=/home/jpmurphy JAVA_HOME=/etc/java-config-2/current-system-vm JDK_HOME=/etc/java-config-2/current-system-vm JAVAC=/etc/java-config-2/current-system-vm/bin/javac MAKEFLAGS=' -j16 --jobserver-auth=5,6' /usr/bin/lcov --gcov-tool /mnt/host/source/src/platform/ec/build/zephyr/ocicat-ish/build-singleimage/gcov.sh -q -o - -c -d /mnt/host/source/src/platform/ec/build/zephyr/ocicat-ish -t ocicat-ish --rc branch_coverage=1 --filter range --ignore-errors inconsistent,source --ignore-errors gcov,gcov -i`
[steelix:ro] [7/395] Generating include/generated/device-api-sections.ld, include/generated/device-api-sections.cmake
[steelix:ro] [8/395] Generating include/generated/zephyr/kobj-types-enum.h, include/generated/zephyr/otype-to-str.h, include/generated/zephyr/otype-to-size.h
[steelix:ro] [9/395] Generating include/generated/zephyr/driver-validation.h
[ojal:rw] [6/380] Generating include/generated/zephyr/syscall_dispatch.c, include/generated/zephyr/syscall_exports_llext.c, syscall_weakdefs_llext.c, include/generated/zephyr/syscall_list.h
[pujjolo-ish:singleimage] -- Zephyr version: 4.3.99 (/mnt/host/source/src/third_party/zephyr/main)
[pujjolo-ish:singleimage] [7/271] Generating dsp_comms.proto/sources/proto/ec_dsp.proto, dsp_comms.proto/sources/proto/ec_dsp.options
[pujjolo-ish:singleimage] [8/271] Generating pw_transport.proto/sources/pw_transport/proto/transport.proto, pw_transport.proto/sources/pw_transport/proto/transport.options
[ojal:rw] [7/380] Generating include/generated/device-api-sections.ld, include/generated/device-api-sections.cmake
[ojal:ro] -- git describe warned: warning: tag 'upstream/v2.7.99' is externally known as 'v2.7.99'
[ojal:ro] -- Zephyr version: 4.3.99 (/mnt/host/source/src/third_party/zephyr/main)
[ojal:ro] [5/380] Generating misc/generated/syscalls.json, misc/generated/struct_tags.json
Running (initial) lcov on /mnt/host/source/src/platform/ec/build/zephyr/ocelotrvp-npcx.
[ojal:rw] [8/380] Generating include/generated/zephyr/kobj-types-enum.h, include/generated/zephyr/otype-to-str.h, include/generated/zephyr/otype-to-size.h
[steelix:rw] [7/395] Generating include/generated/zephyr/driver-validation.h
[lotso:rw] Building: /usr/bin/ninja -C /mnt/host/source/src/platform/ec/build/zephyr/lotso/build-rw all.libraries
Running `env -i SHELL=/bin/bash COLORTERM=truecolor DEPOT_TOOLS_UPDATE=0 LESS='-R -M --shift 5' SUDO_GID=0 JDK_HOME=/etc/java-config-2/current-system-vm CONFIG_PROTECT_MASK='/etc/gentoo-release /etc/sandbox.d /etc/fonts/fonts.conf /etc/terminfo /etc/ca-certificates.conf /etc/revdep-rebuild' CHROMEOS_CACHEDIR=/var/cache/chromeos-cache JAVA_HOME=/etc/java-config-2/current-system-vm SSH_AUTH_SOCK=/tmp/ssh-auth-sock SUDO_COMMAND=/bin/bash SUDO_USER=root SUDO_TTY=/dev/pts/2 EDITOR=/usr/bin/vi PWD=/mnt/host/source/src/platform/ec CONFIG_PROTECT=/usr/share/gnupg/qualified.txt LOGNAME=jpmurphy MANPATH=/etc/java-config-2/current-system-vm/man:/usr/local/share/man:/usr/share/man:/usr/share/gcc-data/x86_64-pc-linux-gnu/10.2.0/man:/usr/share/binutils-data/x86_64-pc-linux-gnu/2.45/man:/etc/java-config-2/current-system-vm/man/ SUDO_HOME=/root XAUTHORITY=/run/user/944457/gdm/Xauthority HOME=/home/jpmurphy LANG=C.UTF-8 LS_COLORS='rs=0:di=01;34:ln=01;36:mh=00:pi=40;33:so=01;35:do=01;35:bd=40;33;01:cd=40;33;01:or=01;05;37;41:mi=01;05;37;41:su=37;41:sg=30;43:ca=30;41:tw=30;42:ow=34;42:st=37;44:ex=01;32:*.tar=01;31:*.tgz=01;31:*.arc=01;31:*.arj=01;31:*.taz=01;31:*.lha=01;31:*.lz4=01;31:*.lzh=01;31:*.lzma=01;31:*.tlz=01;31:*.txz=01;31:*.tzo=01;31:*.t7z=01;31:*.zip=01;31:*.z=01;31:*.dz=01;31:*.gz=01;31:*.lrz=01;31:*.lz=01;31:*.lzo=01;31:*.xz=01;31:*.zst=01;31:*.tzst=01;31:*.bz2=01;31:*.bz=01;31:*.tbz=01;31:*.tbz2=01;31:*.tz=01;31:*.deb=01;31:*.rpm=01;31:*.jar=01;31:*.war=01;31:*.ear=01;31:*.sar=01;31:*.rar=01;31:*.alz=01;31:*.ace=01;31:*.zoo=01;31:*.cpio=01;31:*.7z=01;31:*.rz=01;31:*.cab=01;31:*.wim=01;31:*.swm=01;31:*.dwm=01;31:*.esd=01;31:*.jpg=01;35:*.jpeg=01;35:*.mjpg=01;35:*.mjpeg=01;35:*.gif=01;35:*.bmp=01;35:*.pbm=01;35:*.pgm=01;35:*.ppm=01;35:*.tga=01;35:*.xbm=01;35:*.xpm=01;35:*.tif=01;35:*.tiff=01;35:*.png=01;35:*.svg=01;35:*.svgz=01;35:*.mng=01;35:*.pcx=01;35:*.mov=01;35:*.mpg=01;35:*.mpeg=01;35:*.m2v=01;35:*.mkv=01;35:*.webm=01;35:*.webp=01;35:*.ogm=01;35:*.mp4=01;35:*.m4v=01;35:*.mp4v=01;35:*.vob=01;35:*.qt=01;35:*.nuv=01;35:*.wmv=01;35:*.asf=01;35:*.rm=01;35:*.rmvb=01;35:*.flc=01;35:*.avi=01;35:*.fli=01;35:*.flv=01;35:*.gl=01;35:*.dl=01;35:*.xcf=01;35:*.xwd=01;35:*.yuv=01;35:*.cgm=01;35:*.emf=01;35:*.ogv=01;35:*.ogx=01;35:*.cfg=00;32:*.conf=00;32:*.diff=00;32:*.doc=00;32:*.ini=00;32:*.log=00;32:*.patch=00;32:*.pdf=00;32:*.ps=00;32:*.tex=00;32:*.txt=00;32:*.aac=00;36:*.au=00;36:*.flac=00;36:*.m4a=00;36:*.mid=00;36:*.midi=00;36:*.mka=00;36:*.mp3=00;36:*.mpc=00;36:*.ogg=00;36:*.ra=00;36:*.wav=00;36:*.oga=00;36:*.opus=00;36:*.spx=00;36:*.xspf=00;36:' XDG_CURRENT_DESKTOP=GNOME INFOPATH=/usr/share/info:/usr/share/gcc-data/x86_64-pc-linux-gnu/10.2.0/info:/usr/share/binutils-data/x86_64-pc-linux-gnu/2.45/info:/usr/share/automake-1.16.5/info JAVAC=/etc/java-config-2/current-system-vm/bin/javac TERM=xterm-256color LESSOPEN='|lesspipe %s' USER=jpmurphy CROS_WORKON_SRCROOT=/mnt/host/source MANPAGER=manpager DISPLAY=:1 SHLVL=1 LC_MESSAGES=C EXTERNAL_TRUNK_PATH=/mnt/8f9d649a-3721-44cc-93c0-e6bd21a9689f/chromiumos GCC_SPECS='' PATH=/mnt/host/source/chromite/bin:/usr/local/bin:/usr/bin:/bin:/opt/bin:/mnt/host/source/chromite/sdk/bin:/mnt/host/source/chromite/bin PORTAGE_USERNAME=jpmurphy SUDO_UID=0 GCC_VER=10.2.0 MAIL=/var/mail/jpmurphy OLDPWD=/mnt/host/source/src/scripts traceparent=00-e87aca51550a78635907baa6a2476181-6d684811675d2973-01 _=./zephyr/firmware_builder.py COREBOOT_SDK_ROOT_x86=/home/jpmurphy/.cache/coreboot-sdk/i386-elf/dfbb0486385d938cfa9d73080b9d18d598ed4f49 COREBOOT_SDK_ROOT_picolibc_x86=/home/jpmurphy/.cache/coreboot-sdk/picolibc-i386-elf/eb8e8e687b95461de8cbf278f1c2076952d0ad17 COREBOOT_SDK_ROOT_riscv64=/home/jpmurphy/.cache/coreboot-sdk/riscv64-elf/96b949749225b6aaa92ed810ab769e8dfb12f000 COREBOOT_SDK_ROOT_picolibc_arm=/home/jpmurphy/.cache/coreboot-sdk/picolibc-arm-eabi/422a2aa3e1ef891b5bece9a3deb696ff83840d2e COREBOOT_SDK_ROOT_nds32=/home/jpmurphy/.cache/coreboot-sdk/nds32le-elf/d1a518c4a097666d86058e1444f85ca015d15511 COREBOOT_SDK_ROOT_picolibc_riscv64=/home/jpmurphy/.cache/coreboot-sdk/picolibc-riscv64-elf/f571e990ef0278564b31124f8bb109d9a697eb69 COREBOOT_SDK_ROOT_arm=/home/jpmurphy/.cache/coreboot-sdk/arm-eabi/ea40ddd1d190c3b48435c474c0b545719371813a COREBOOT_SDK_ROOT_libstdcxx_riscv64=/home/jpmurphy/.cache/coreboot-sdk/libstdcxx-riscv64-elf/17abf22a3a252e2d5d2062ced5324f7a623689e0 COREBOOT_SDK_ROOT_libstdcxx_arm=/home/jpmurphy/.cache/coreboot-sdk/libstdcxx-arm-eabi/5d7d82e150e44aa1968f1d366e267e6687b328ac COREBOOT_SDK_ROOT_riscv=/home/jpmurphy/.cache/coreboot-sdk/riscv-elf/9a27b9e82341c6e9126624f516ab3f261abb3e73 COREBOOT_SDK_ROOT_libstdcxx_x86=/home/jpmurphy/.cache/coreboot-sdk/libstdcxx-i386-elf/42ef9d2e87a76a37963175d7d428734e65648b87 PYTHONPATH=/mnt/host/source/src/platform/ec/zephyr/zmake PW_PIGWEED_CIPD_INSTALL_DIR=/usr CROSTC_USER_ACKNOWLEDGES_THAT_RISCV_IS_EXPERIMENTAL=1 MAKEFLAGS=' -j16 --jobserver-auth=5,6' /usr/bin/ninja -C /mnt/host/source/src/platform/ec/build/zephyr/lotso/build-rw all.libraries`
[ojal:rw] [9/380] Generating include/generated/zephyr/driver-validation.h
[lotso:rw] ninja: Entering directory `/mnt/host/source/src/platform/ec/build/zephyr/lotso/build-rw'
[steelix:rw] [8/395] Generating include/generated/device-api-sections.ld, include/generated/device-api-sections.cmake
[ojal:ro] [6/380] Generating include/generated/zephyr/syscall_dispatch.c, include/generated/zephyr/syscall_exports_llext.c, syscall_weakdefs_llext.c, include/generated/zephyr/syscall_list.h
[steelix:rw] [9/395] Generating include/generated/zephyr/kobj-types-enum.h, include/generated/zephyr/otype-to-str.h, include/generated/zephyr/otype-to-size.h
[steelix:rw] [10/395] Building C object zephyr/CMakeFiles/offsets.dir/arch/arm/core/offsets/offsets.c.obj
[pujjolo-ish:singleimage] [9/271] Generating misc/generated/syscalls.json, misc/generated/struct_tags.json
[/mnt/host/source/src/platform/ec/build/zephyr/skitty-lcov]   /mnt/host/source/src/platform/ec/build/zephyr/skitty/build-rw/modules/ec/zephyr/CMakeFiles/ec_shim.dir/shim/src/chg_rt9490.c.gcno:no functions found
[/mnt/host/source/src/platform/ec/build/zephyr/skitty-lcov] stderr:
[lotso:rw] [1/387] Preparing syscall dependency handling
[ojal:ro] [7/380] Generating include/generated/zephyr/driver-validation.h
[pujjolo-ish:singleimage] [10/271] Generating /mnt/host/source/src/platform/ec/build/zephyr/pujjolo-ish/modules/nanopb/generator/proto/nanopb_pb2.py
[ojal:ro] [8/380] Generating include/generated/zephyr/kobj-types-enum.h, include/generated/zephyr/otype-to-str.h, include/generated/zephyr/otype-to-size.h
[lotso:rw] [2/387] Generating misc/generated/syscalls_subdirs.trigger
Running `env -i PYTHONPATH=/usr/lib64/python-exec/python3.11:/mnt/host/source/src/platform/ec/zephyr/zmake:/usr/lib/python311.zip:/usr/lib/python3.11:/usr/lib/python3.11/lib-dynload:/usr/lib/python3.11/site-packages PW_PIGWEED_CIPD_INSTALL_DIR=/usr CROSTC_USER_ACKNOWLEDGES_THAT_RISCV_IS_EXPERIMENTAL=1 PATH=/mnt/host/source/chromite/bin:/usr/local/bin:/usr/bin:/bin:/opt/bin:/mnt/host/source/chromite/sdk/bin:/mnt/host/source/chromite/bin HOME=/home/jpmurphy JAVA_HOME=/etc/java-config-2/current-system-vm JDK_HOME=/etc/java-config-2/current-system-vm JAVAC=/etc/java-config-2/current-system-vm/bin/javac MAKEFLAGS=' -j16 --jobserver-auth=5,6' /usr/bin/lcov --gcov-tool /mnt/host/source/src/platform/ec/build/zephyr/ocelotrvp-npcx/build-rw/gcov.sh -q -o - -c -d /mnt/host/source/src/platform/ec/build/zephyr/ocelotrvp-npcx -t ocelotrvp-npcx --rc branch_coverage=1 --filter range --ignore-errors inconsistent,source --ignore-errors gcov,gcov -i`
[pujjolo-ish:singleimage] [11/271] Generating include/generated/zephyr/syscall_dispatch.c, include/generated/zephyr/syscall_exports_llext.c, syscall_weakdefs_llext.c, include/generated/zephyr/syscall_list.h
[ojal:ro] [9/380] Generating include/generated/device-api-sections.ld, include/generated/device-api-sections.cmake
[steelix:rw] [11/395] Generating include/generated/zephyr/offsets.h
[steelix:rw] [12/395] Building C object CMakeFiles/app.dir/mnt/host/source/src/platform/ec/zephyr/subsys/ap_pwrseq/ap_events.c.obj
[steelix:rw] [13/395] Building C object CMakeFiles/app.dir/mnt/host/source/src/platform/ec/build/zephyr/steelix/modules/ec/builtin/stdlib.c.obj
[steelix:rw] [14/395] Building C object CMakeFiles/app.dir/mnt/host/source/src/platform/ec/build/zephyr/steelix/modules/ec/common/base32.c.obj
[steelix:rw] [15/395] Building C object CMakeFiles/app.dir/mnt/host/source/src/platform/ec/build/zephyr/steelix/modules/ec/common/console_output.c.obj
[/mnt/host/source/src/platform/ec/build/zephyr/ocicat-ish-lcov] geninfo: WARNING: (format) invalid characters removed from testname
[ojal:rw] [10/380] Building C object zephyr/CMakeFiles/offsets.dir/arch/arm/core/offsets/offsets.c.obj
[ojal:rw] [11/380] Building C object zephyr/drivers/interrupt_controller/CMakeFiles/drivers__interrupt_controller.dir/mnt/host/source/src/third_party/zephyr/main/misc/empty_file.c.obj
[pujjolo-ish:singleimage] [12/271] Generating include/generated/zephyr/driver-validation.h
[steelix:ro] [10/395] Building C object zephyr/CMakeFiles/offsets.dir/arch/arm/core/offsets/offsets.c.obj
[steelix:rw] [16/395] Building C object CMakeFiles/app.dir/mnt/host/source/src/platform/ec/build/zephyr/steelix/modules/ec/common/ec_features.c.obj
[pujjolo-ish:singleimage] [13/271] Generating include/generated/zephyr/kobj-types-enum.h, include/generated/zephyr/otype-to-str.h, include/generated/zephyr/otype-to-size.h
[steelix:rw] [17/395] Building C object CMakeFiles/app.dir/mnt/host/source/src/platform/ec/build/zephyr/steelix/modules/ec/common/gpio_commands.c.obj
[steelix:rw] [18/395] Building C object CMakeFiles/app.dir/mnt/host/source/src/platform/ec/build/zephyr/steelix/modules/ec/common/peripheral.c.obj
[pujjolo-ish:singleimage] [14/271] Generating include/generated/device-api-sections.ld, include/generated/device-api-sections.cmake
[lotso:rw] [3/387] Generating include/generated/zephyr/version.h
[lotso:rw] -- git describe warned: warning: tag 'upstream/v2.7.99' is externally known as 'v2.7.99'
[steelix:rw] [19/395] Building C object CMakeFiles/app.dir/mnt/host/source/src/platform/ec/build/zephyr/steelix/modules/ec/common/printf.c.obj
[steelix:rw] [20/395] Building C object CMakeFiles/app.dir/mnt/host/source/src/platform/ec/build/zephyr/steelix/modules/ec/common/queue.c.obj
[ojal:rw] [12/380] Linking C static library zephyr/drivers/interrupt_controller/libdrivers__interrupt_controller.a
[/mnt/host/source/src/platform/ec/build/zephyr/skitty-lcov]   /mnt/host/source/src/platform/ec/build/zephyr/skitty/build-rw/modules/ec/zephyr/CMakeFiles/ec_shim.dir/shim/src/usba.c.gcno:no functions found
[/mnt/host/source/src/platform/ec/build/zephyr/skitty-lcov] stderr:
[steelix:rw] [21/395] Building C object CMakeFiles/app.dir/mnt/host/source/src/platform/ec/build/zephyr/steelix/modules/ec/common/system.c.obj
[steelix:rw] [22/395] Building C object CMakeFiles/app.dir/mnt/host/source/src/platform/ec/build/zephyr/steelix/modules/ec/common/system_boot_time.c.obj
[steelix:rw] [23/395] Building C object CMakeFiles/app.dir/mnt/host/source/src/platform/ec/build/zephyr/steelix/modules/ec/common/uart_printf.c.obj
[ojal:rw] [13/380] Generating include/generated/zephyr/offsets.h
[steelix:ro] [11/395] Generating include/generated/zephyr/offsets.h
[steelix:rw] [24/395] Building C object CMakeFiles/app.dir/mnt/host/source/src/platform/ec/build/zephyr/steelix/modules/ec/common/util.c.obj
[steelix:rw] [25/395] Building C object CMakeFiles/app.dir/mnt/host/source/src/platform/ec/build/zephyr/steelix/modules/ec/common/version.c.obj
[lotso:rw] -- Zephyr version: 4.3.99 (/mnt/host/source/src/third_party/zephyr/main)
[lotso:rw] [4/387] cd /mnt/host/source/src/platform/ec/build/zephyr/lotso/build-rw/modules/ec/zephyr && PYTHONPATH=/mnt/host/source/src/platform/ec/build/zephyr/lotso/modules/ec/zephyr/zmake/ /usr/bin/python3.11 /mnt/host/source/src/platform/ec/build/zephyr/lotso/modules/ec/zephyr/zmake/zephyr_build_tools/generate_ec_version.py /mnt/host/source/src/platform/ec/build/zephyr/lotso/build-rw/modules/ec/zephyr/include/ec_version.h --name Zephyr-Kernel --version 16543.0.0 --static
[lotso:rw] INFO:root:Using a static version string
[ojal:rw] [14/380] Building C object zephyr/drivers/sensor/CMakeFiles/drivers__sensor.dir/mnt/host/source/src/third_party/zephyr/main/misc/empty_file.c.obj
[steelix:rw] [26/395] Building C object CMakeFiles/app.dir/mnt/host/source/src/platform/ec/build/zephyr/steelix/modules/ec/driver/accel_bma4xx.c.obj
[steelix:rw] [27/395] Building C object CMakeFiles/app.dir/mnt/host/source/src/platform/ec/build/zephyr/steelix/modules/ec/driver/accel_lis2dw12.c.obj
[/mnt/host/source/src/platform/ec/build/zephyr/ocicat-ish-lcov] 	(use "geninfo --ignore-errors format,format ..." to suppress this warning)
[/mnt/host/source/src/platform/ec/build/zephyr/ocicat-ish-lcov] stderr:
[steelix:rw] [28/395] Building C object CMakeFiles/app.dir/mnt/host/source/src/platform/ec/build/zephyr/steelix/modules/ec/driver/accelgyro_bmi_common.c.obj
[yoda:rw] -- Found Dtc: /usr/bin/dtc (found suitable version "1.6.0", minimum required is "1.4.6")
[steelix:rw] [29/395] Building C object CMakeFiles/app.dir/mnt/host/source/src/platform/ec/build/zephyr/steelix/modules/ec/driver/accelgyro_bmi3xx.c.obj
[yoda:rw] -- Found BOARD.dts: /mnt/host/source/src/platform/ec/zephyr/boards/google/npcx9/npcx9_npcx9m7fb.dts
[yoda:rw] -- Found devicetree overlay: /mnt/host/source/src/platform/ec/zephyr/program/skywalker/yoda/project.overlay
[steelix:rw] [30/395] Building C object CMakeFiles/app.dir/mnt/host/source/src/platform/ec/build/zephyr/steelix/modules/ec/driver/accelgyro_lsm6dsm.c.obj
[steelix:rw] [31/395] Building C object CMakeFiles/app.dir/mnt/host/source/src/platform/ec/build/zephyr/steelix/modules/ec/common/motion_sense_fifo.c.obj
[/mnt/host/source/src/platform/ec/build/zephyr/ocicat-ish-lcov]   /mnt/host/source/src/platform/ec/build/zephyr/ocicat-ish/build-singleimage/modules/pigweed/pw_log_zephyr/CMakeFiles/pw_log_zephyr.dir/log_zephyr.cc.gcno:no functions found
[/mnt/host/source/src/platform/ec/build/zephyr/ocicat-ish-lcov] geninfo: WARNING: using JSON module "JSON::PP" - which is much slower than some alternatives.  Consider installing one of JSON::XS or Cpanel::JSON::XS
[steelix:rw] [32/395] Building C object CMakeFiles/app.dir/mnt/host/source/src/platform/ec/build/zephyr/steelix/modules/ec/common/adc.c.obj
[steelix:rw] [33/395] Building C object CMakeFiles/app.dir/mnt/host/source/src/platform/ec/build/zephyr/steelix/modules/ec/common/battery.c.obj
[ojal:ro] [10/380] Building C object zephyr/CMakeFiles/offsets.dir/arch/arm/core/offsets/offsets.c.obj
[steelix:rw] [34/395] Building C object CMakeFiles/app.dir/mnt/host/source/src/platform/ec/build/zephyr/steelix/modules/ec/common/battery_info.c.obj
[steelix:rw] [35/395] Building C object CMakeFiles/app.dir/mnt/host/source/src/platform/ec/build/zephyr/steelix/modules/ec/common/battery_fuel_gauge.c.obj
[steelix:rw] [36/395] Building C object CMakeFiles/app.dir/mnt/host/source/src/platform/ec/build/zephyr/steelix/modules/ec/driver/battery/smart.c.obj
[steelix:rw] [37/395] Building C object CMakeFiles/app.dir/mnt/host/source/src/platform/ec/build/zephyr/steelix/modules/ec/driver/bc12/rt1718s.c.obj
[steelix:rw] [38/395] Building C object CMakeFiles/app.dir/mnt/host/source/src/platform/ec/build/zephyr/steelix/modules/ec/driver/bc12/pi3usb9201.c.obj
[steelix:rw] [39/395] Building C object CMakeFiles/app.dir/mnt/host/source/src/platform/ec/build/zephyr/steelix/modules/ec/driver/charger/isl923x.c.obj
[/mnt/host/source/src/platform/ec/build/zephyr/ocelotrvp-npcx-lcov] geninfo: WARNING: (format) invalid characters removed from testname
[yoda:ro] -- Board: npcx9, qualifiers: npcx9m7fb
[steelix:rw] [40/395] Building C object CMakeFiles/app.dir/mnt/host/source/src/platform/ec/build/zephyr/steelix/modules/ec/common/charger.c.obj
[ojal:ro] [11/380] Generating include/generated/zephyr/offsets.h
[steelix:rw] [41/395] Building C object CMakeFiles/app.dir/mnt/host/source/src/platform/ec/build/zephyr/steelix/modules/ec/common/charge_state.c.obj
[steelix:rw] [42/395] Building C object CMakeFiles/app.dir/mnt/host/source/src/platform/ec/build/zephyr/steelix/modules/ec/common/charge_manager.c.obj
[steelix:rw] [43/395] Building C object CMakeFiles/app.dir/mnt/host/source/src/platform/ec/build/zephyr/steelix/modules/ec/common/cbi_common.c.obj
[steelix:rw] [44/395] Building C object CMakeFiles/app.dir/mnt/host/source/src/platform/ec/build/zephyr/steelix/modules/ec/common/cbi.c.obj
[steelix:rw] [45/395] Building C object CMakeFiles/app.dir/mnt/host/source/src/platform/ec/build/zephyr/steelix/modules/ec/common/cbi_config.c.obj
Toolchain <zmake.toolchains.CorebootSdkToolchain object at 0x7f41204436d0> selected by probe function.
[uldren] Building in /mnt/host/source/src/platform/ec/build/zephyr/uldren.
[lotso:rw] INFO:root:Version string: Zephyr-Kernel-16543.0.0
[lotso:rw] INFO:root:Writing header to /mnt/host/source/src/platform/ec/build/zephyr/lotso/build-rw/modules/ec/zephyr/include/ec_version.h
[lotso:rw] [5/387] Generating misc/generated/syscalls.json, misc/generated/struct_tags.json
[ojal:rw] [15/380] Building C object CMakeFiles/app.dir/mnt/host/source/src/platform/ec/zephyr/subsys/ap_pwrseq/ap_events.c.obj
[pujjolo-ish:singleimage] [15/271] Generating dsp_comms.proto/nanopb/proto/ec_dsp.pb.h, dsp_comms.proto/nanopb/proto/ec_dsp.pb.c
[steelix:rw] [46/395] Building C object CMakeFiles/app.dir/mnt/host/source/src/platform/ec/build/zephyr/steelix/modules/ec/common/memory_commands.c.obj
[steelix:rw] [47/395] Building C object CMakeFiles/app.dir/mnt/host/source/src/platform/ec/build/zephyr/steelix/modules/ec/common/chipset.c.obj
[steelix:rw] [48/395] Building C object CMakeFiles/app.dir/mnt/host/source/src/platform/ec/build/zephyr/steelix/modules/ec/common/ap_reset_log.c.obj
[steelix:rw] [49/395] Building C object CMakeFiles/app.dir/mnt/host/source/src/platform/ec/build/zephyr/steelix/modules/ec/common/extpower_common.c.obj
[steelix:rw] [50/395] Building C object CMakeFiles/app.dir/mnt/host/source/src/platform/ec/build/zephyr/steelix/modules/ec/common/extpower_gpio.c.obj
[pujjolo-ish:singleimage] [16/271] Generating pw_transport.proto/nanopb/pw_transport/proto/transport.pb.h, pw_transport.proto/nanopb/pw_transport/proto/transport.pb.c
[steelix:rw] [51/395] Building C object CMakeFiles/app.dir/mnt/host/source/src/platform/ec/build/zephyr/steelix/modules/ec/common/flash.c.obj
[/mnt/host/source/src/platform/ec/build/zephyr/screebo-lcov]   /mnt/host/source/src/platform/ec/build/zephyr/screebo/build-rw/zephyr/drivers/sensor/CMakeFiles/drivers__sensor.dir/mnt/host/source/src/third_party/zephyr/main/misc/empty_file.c.gcno:no functions found
[/mnt/host/source/src/platform/ec/build/zephyr/screebo-lcov] Filter suppressions 'region':
[steelix:rw] [52/395] Building C object CMakeFiles/app.dir/mnt/host/source/src/platform/ec/build/zephyr/steelix/modules/ec/common/host_command.c.obj
[lotso:rw] [6/387] Generating include/generated/zephyr/syscall_dispatch.c, include/generated/zephyr/syscall_exports_llext.c, syscall_weakdefs_llext.c, include/generated/zephyr/syscall_list.h
[steelix:rw] [53/395] Building C object CMakeFiles/app.dir/mnt/host/source/src/platform/ec/build/zephyr/steelix/modules/ec/common/host_command_task.c.obj
[steelix:ro] [12/395] Building C object CMakeFiles/app.dir/mnt/host/source/src/platform/ec/zephyr/subsys/ap_pwrseq/ap_events.c.obj
[/mnt/host/source/src/platform/ec/build/zephyr/adlrvp_mchp-lcov]   /mnt/host/source/src/platform/ec/build/zephyr/adlrvp_mchp/build-rw/modules/ec/zephyr/CMakeFiles/ec_shim.dir/shim/src/bb_retimer_usb_mux.c.gcno:no functions found
[steelix:rw] [54/395] Building C object CMakeFiles/app.dir/mnt/host/source/src/platform/ec/build/zephyr/steelix/modules/ec/common/host_event_commands.c.obj
[/mnt/host/source/src/platform/ec/build/zephyr/adlrvp_mchp-lcov] stderr:
[steelix:rw] [55/395] Building C object CMakeFiles/app.dir/mnt/host/source/src/platform/ec/build/zephyr/steelix/modules/ec/common/uart_hostcmd.c.obj
[/mnt/host/source/src/platform/ec/build/zephyr/screebo-lcov]     33 instances
[/mnt/host/source/src/platform/ec/build/zephyr/screebo-lcov]     20 coverpoints
[steelix:rw] [56/395] Building C object CMakeFiles/app.dir/mnt/host/source/src/platform/ec/build/zephyr/steelix/modules/ec/common/uptime.c.obj
[/mnt/host/source/src/platform/ec/build/zephyr/screebo-lcov] Message summary:
[/mnt/host/source/src/platform/ec/build/zephyr/screebo-lcov]   33 ignore messages:
[/mnt/host/source/src/platform/ec/build/zephyr/screebo-lcov]     gcov: 33
[steelix:rw] [57/395] Building C object CMakeFiles/app.dir/mnt/host/source/src/platform/ec/build/zephyr/steelix/modules/ec/common/i2c_passthru.c.obj
[steelix:rw] [58/395] Building C object CMakeFiles/app.dir/mnt/host/source/src/platform/ec/build/zephyr/steelix/modules/ec/common/i2c_controller.c.obj
[steelix:rw] [59/395] Building C object CMakeFiles/app.dir/mnt/host/source/src/platform/ec/build/zephyr/steelix/modules/ec/common/virtual_battery.c.obj
[ojal:rw] [16/380] Building C object CMakeFiles/app.dir/mnt/host/source/src/platform/ec/zephyr/subsys/ap_pwrseq/ap_power_interface.c.obj
[steelix:rw] [60/395] Building C object CMakeFiles/app.dir/mnt/host/source/src/platform/ec/build/zephyr/steelix/modules/ec/common/mkbp_fifo.c.obj
[steelix:rw] [61/395] Building C object CMakeFiles/app.dir/mnt/host/source/src/platform/ec/build/zephyr/steelix/modules/ec/common/keyboard_scan.c.obj
[steelix:rw] [62/395] Building C object CMakeFiles/app.dir/mnt/host/source/src/platform/ec/build/zephyr/steelix/modules/ec/common/mkbp_info.c.obj
[steelix:rw] [63/395] Building C object CMakeFiles/app.dir/mnt/host/source/src/platform/ec/build/zephyr/steelix/modules/ec/common/keyboard_mkbp.c.obj
[steelix:rw] [64/395] Building C object CMakeFiles/app.dir/mnt/host/source/src/platform/ec/build/zephyr/steelix/modules/ec/common/mkbp_input_devices.c.obj
[steelix:rw] [65/395] Building C object CMakeFiles/app.dir/mnt/host/source/src/platform/ec/build/zephyr/steelix/modules/ec/common/led_common.c.obj
[lotso:rw] [7/387] Generating include/generated/zephyr/driver-validation.h
[/mnt/host/source/src/platform/ec/build/zephyr/ocelotrvp-npcx-lcov] 	(use "geninfo --ignore-errors format,format ..." to suppress this warning)
[/mnt/host/source/src/platform/ec/build/zephyr/ocelotrvp-npcx-lcov] stderr:
[ojal:ro] [12/380] Building C object CMakeFiles/app.dir/mnt/host/source/src/platform/ec/zephyr/subsys/ap_pwrseq/ap_events.c.obj
[/mnt/host/source/src/platform/ec/build/zephyr/ocelotrvp-npcx-lcov]   /mnt/host/source/src/platform/ec/build/zephyr/ocelotrvp-npcx/build-ro/modules/pigweed/pw_log_zephyr/CMakeFiles/pw_log_zephyr.dir/log_zephyr.cc.gcno:no functions found
[/mnt/host/source/src/platform/ec/build/zephyr/ocelotrvp-npcx-lcov] geninfo: WARNING: using JSON module "JSON::PP" - which is much slower than some alternatives.  Consider installing one of JSON::XS or Cpanel::JSON::XS
[lotso:rw] [8/387] Generating include/generated/zephyr/kobj-types-enum.h, include/generated/zephyr/otype-to-str.h, include/generated/zephyr/otype-to-size.h
[pujjolo-ish:singleimage] [17/271] Building C object zephyr/CMakeFiles/offsets.dir/arch/x86/core/offsets/offsets.c.obj
[lotso:rw] [9/387] Generating include/generated/device-api-sections.ld, include/generated/device-api-sections.cmake
[ojal:rw] [17/380] Building C object CMakeFiles/app.dir/mnt/host/source/src/platform/ec/zephyr/subsys/ap_pwrseq/power_signals.c.obj
[pujjolo-ish:singleimage] [18/271] Building C object zephyr/drivers/syscon/CMakeFiles/drivers__syscon.dir/mnt/host/source/src/third_party/zephyr/main/misc/empty_file.c.obj
[steelix:ro] [13/395] Building C object CMakeFiles/app.dir/mnt/host/source/src/platform/ec/build/zephyr/steelix/modules/ec/builtin/stdlib.c.obj
[ojal:ro] [13/380] Building C object CMakeFiles/app.dir/mnt/host/source/src/platform/ec/zephyr/subsys/ap_pwrseq/ap_power_interface.c.obj
[ojal:rw] [18/380] Building C object CMakeFiles/app.dir/mnt/host/source/src/platform/ec/zephyr/subsys/ap_pwrseq/signal_gpio.c.obj
[pujjolo-ish:singleimage] [19/271] Building C object modules/ec/zephyr/drivers/dsp_comms/CMakeFiles/dsp_comms.proto.nanopb.dir/dsp_comms.proto/nanopb/proto/ec_dsp.pb.c.obj
[ojal:ro] [14/380] Building C object CMakeFiles/app.dir/mnt/host/source/src/platform/ec/zephyr/subsys/ap_pwrseq/power_signals.c.obj
[steelix:ro] [14/395] Building C object CMakeFiles/app.dir/mnt/host/source/src/platform/ec/build/zephyr/steelix/modules/ec/common/base32.c.obj
[pujjolo-ish:singleimage] [20/271] Building C object modules/ec/zephyr/drivers/pw_transport/CMakeFiles/pw_transport.proto.nanopb.dir/pw_transport.proto/nanopb/pw_transport/proto/transport.pb.c.obj
[steelix:rw] [66/395] Building C object CMakeFiles/app.dir/mnt/host/source/src/platform/ec/build/zephyr/steelix/modules/ec/common/led_onoff_states.c.obj
[steelix:rw] [67/395] Building C object CMakeFiles/app.dir/mnt/host/source/src/platform/ec/build/zephyr/steelix/modules/ec/common/motion_lid.c.obj
[lotso:rw] [10/387] Building C object zephyr/CMakeFiles/offsets.dir/arch/riscv/core/offsets/offsets.c.obj
[ojal:rw] [19/380] Building C object CMakeFiles/app.dir/mnt/host/source/src/platform/ec/zephyr/subsys/ap_pwrseq/signal_vw.c.obj
[lotso:rw] [11/387] Generating include/generated/zephyr/offsets.h
[ojal:rw] [20/380] Building C object CMakeFiles/app.dir/mnt/host/source/src/platform/ec/zephyr/subsys/ap_pwrseq/ap_pwrseq.c.obj
[ojal:ro] [15/380] Building C object CMakeFiles/app.dir/mnt/host/source/src/platform/ec/zephyr/subsys/ap_pwrseq/signal_gpio.c.obj
[pujjolo-ish:singleimage] [21/271] Building CXX object modules/pigweed/pw_log_zephyr/CMakeFiles/pw_log_zephyr.dir/log_zephyr.cc.obj
[yoda:ro] -- Found Dtc: /usr/bin/dtc (found suitable version "1.6.0", minimum required is "1.4.6")
[yoda:ro] -- Found BOARD.dts: /mnt/host/source/src/platform/ec/zephyr/boards/google/npcx9/npcx9_npcx9m7fb.dts
[steelix:ro] [15/395] Building C object CMakeFiles/app.dir/mnt/host/source/src/platform/ec/build/zephyr/steelix/modules/ec/common/console_output.c.obj
[pujjolo-ish:singleimage] [22/271] Linking CXX static library modules/pigweed/pw_log_zephyr/libpw_log_zephyr.a
[yoda:rw] -- Generated zephyr.dts: /mnt/host/source/src/platform/ec/build/zephyr/yoda/build-rw/zephyr/zephyr.dts
[yoda:rw] -- Generated pickled edt: /mnt/host/source/src/platform/ec/build/zephyr/yoda/build-rw/zephyr/edt.pickle
[pujjolo-ish:singleimage] [23/271] Linking CXX static library modules/ec/zephyr/drivers/pw_transport/libpw_transport.proto.nanopb.a
[ojal:ro] [16/380] Building C object CMakeFiles/app.dir/mnt/host/source/src/platform/ec/zephyr/subsys/ap_pwrseq/signal_vw.c.obj
[pujjolo-ish:singleimage] [24/271] Linking CXX static library modules/ec/zephyr/drivers/dsp_comms/libdsp_comms.proto.nanopb.a
[pujjolo-ish:singleimage] [25/271] Generating include/generated/zephyr/offsets.h
[ojal:rw] [21/380] Building C object CMakeFiles/app.dir/mnt/host/source/src/platform/ec/zephyr/subsys/ap_pwrseq/ap_pwrseq_sm.c.obj
[steelix:ro] [16/395] Building C object CMakeFiles/app.dir/mnt/host/source/src/platform/ec/build/zephyr/steelix/modules/ec/common/ec_features.c.obj
[steelix:rw] [68/395] Building C object CMakeFiles/app.dir/mnt/host/source/src/platform/ec/build/zephyr/steelix/modules/ec/common/lid_angle_keyboard_policy.c.obj
[steelix:rw] [69/395] Building C object CMakeFiles/app.dir/mnt/host/source/src/platform/ec/build/zephyr/steelix/modules/ec/common/lid_angle.c.obj
[ojal:rw] [22/380] Building C object CMakeFiles/app.dir/mnt/host/source/src/platform/ec/zephyr/subsys/ap_pwrseq/power_host_sleep.c.obj
[yoda:rw] -- Generated devicetree_generated.h: /mnt/host/source/src/platform/ec/build/zephyr/yoda/build-rw/zephyr/include/generated/zephyr/devicetree_generated.h
[lotso:rw] [12/387] Building C object CMakeFiles/app.dir/mnt/host/source/src/platform/ec/zephyr/subsys/ap_pwrseq/ap_events.c.obj
[ojal:ro] [17/380] Building C object CMakeFiles/app.dir/mnt/host/source/src/platform/ec/zephyr/subsys/ap_pwrseq/ap_pwrseq_sm.c.obj
[ojal:ro] [18/380] Building C object CMakeFiles/app.dir/mnt/host/source/src/platform/ec/zephyr/subsys/ap_pwrseq/ap_pwrseq.c.obj
[/mnt/host/source/src/platform/ec/build/zephyr/skitty-lcov]   /mnt/host/source/src/platform/ec/build/zephyr/skitty/build-rw/modules/ec/zephyr/CMakeFiles/ec_shim.dir/shim/src/keyscan.c.gcno:no functions found
[/mnt/host/source/src/platform/ec/build/zephyr/skitty-lcov] stderr:
[pujjolo-ish:singleimage] [26/271] Building C object CMakeFiles/app.dir/mnt/host/source/src/platform/ec/zephyr/subsys/ap_pwrseq/ap_events.c.obj
[/mnt/host/source/src/platform/ec/build/zephyr/ocelotrvp-npcx-lcov] stderr:
[/mnt/host/source/src/platform/ec/build/zephyr/ocicat-ish-lcov] stderr:
[steelix:ro] [17/395] Building C object CMakeFiles/app.dir/mnt/host/source/src/platform/ec/build/zephyr/steelix/modules/ec/common/gpio_commands.c.obj
[/mnt/host/source/src/platform/ec/build/zephyr/ocicat-ish-lcov]   /mnt/host/source/src/platform/ec/build/zephyr/ocicat-ish/build-singleimage/modules/ec/zephyr/drivers/pw_transport/CMakeFiles/pw_transport.proto.nanopb.dir/pw_transport.proto/nanopb/pw_transport/proto/transport.pb.c.gcno:no functions found
[/mnt/host/source/src/platform/ec/build/zephyr/ocicat-ish-lcov] stderr:
[ojal:rw] [23/380] Building C object CMakeFiles/app.dir/mnt/host/source/src/platform/ec/zephyr/subsys/ap_pwrseq/x86_non_dsx_common_pwrseq_sm_handler.c.obj
[/mnt/host/source/src/platform/ec/build/zephyr/ocelotrvp-npcx-lcov]   /mnt/host/source/src/platform/ec/build/zephyr/ocelotrvp-npcx/build-ro/modules/ec/zephyr/CMakeFiles/ec_shim.dir/shim/src/thermal.c.gcno:no functions found
[/mnt/host/source/src/platform/ec/build/zephyr/ocelotrvp-npcx-lcov] stderr:
[ojal:rw] [24/380] Building C object CMakeFiles/app.dir/mnt/host/source/src/platform/ec/zephyr/subsys/ap_pwrseq/x86_non_dsx_chipset_power_state.c.obj
[pujjolo-ish:singleimage] [27/271] Building C object CMakeFiles/app.dir/mnt/host/source/src/platform/ec/build/zephyr/pujjolo-ish/modules/ec/builtin/stdlib.c.obj
[steelix:ro] [18/395] Building C object CMakeFiles/app.dir/mnt/host/source/src/platform/ec/build/zephyr/steelix/modules/ec/common/peripheral.c.obj
[ojal:ro] [19/380] Building C object CMakeFiles/app.dir/mnt/host/source/src/platform/ec/zephyr/subsys/ap_pwrseq/power_host_sleep.c.obj
[lotso:rw] [13/387] Building C object CMakeFiles/app.dir/mnt/host/source/src/platform/ec/zephyr/subsys/ap_pwrseq/ap_power_interface.c.obj
[steelix:rw] [70/395] Building C object CMakeFiles/app.dir/mnt/host/source/src/platform/ec/build/zephyr/steelix/modules/ec/common/lid_switch.c.obj
[steelix:rw] [71/395] Building C object CMakeFiles/app.dir/mnt/host/source/src/platform/ec/build/zephyr/steelix/modules/ec/common/mkbp_event.c.obj
[ojal:ro] [20/380] Building C object CMakeFiles/app.dir/mnt/host/source/src/platform/ec/zephyr/subsys/ap_pwrseq/x86_non_dsx_common_pwrseq_sm_handler.c.obj
[/mnt/host/source/src/platform/ec/build/zephyr/ocelotrvp-npcx-lcov]   /mnt/host/source/src/platform/ec/build/zephyr/ocelotrvp-npcx/build-ro/modules/ec/zephyr/CMakeFiles/ec_shim.dir/shim/src/battery.c.gcno:no functions found
[/mnt/host/source/src/platform/ec/build/zephyr/ocelotrvp-npcx-lcov] stderr:
[ojal:rw] [25/380] Building C object CMakeFiles/app.dir/mnt/host/source/src/platform/ec/zephyr/subsys/ap_pwrseq/x86_non_dsx_common_pwrseq_host_sleep.c.obj
[steelix:ro] [19/395] Building C object CMakeFiles/app.dir/mnt/host/source/src/platform/ec/build/zephyr/steelix/modules/ec/common/printf.c.obj
[pujjolo-ish:singleimage] [28/271] Building C object CMakeFiles/app.dir/mnt/host/source/src/platform/ec/build/zephyr/pujjolo-ish/modules/ec/common/base32.c.obj
[ojal:rw] [26/380] Building C object CMakeFiles/app.dir/mnt/host/source/src/platform/ec/zephyr/subsys/ap_pwrseq/x86_non_dsx_common_pwrseq_console.c.obj
[yoda:ro] -- Found devicetree overlay: /mnt/host/source/src/platform/ec/zephyr/program/skywalker/yoda/project.overlay
[yoda:ro] -- Generated zephyr.dts: /mnt/host/source/src/platform/ec/build/zephyr/yoda/build-ro/zephyr/zephyr.dts
[yoda:ro] -- Generated pickled edt: /mnt/host/source/src/platform/ec/build/zephyr/yoda/build-ro/zephyr/edt.pickle
[ojal:ro] [21/380] Building C object CMakeFiles/app.dir/mnt/host/source/src/platform/ec/zephyr/subsys/ap_pwrseq/x86_non_dsx_chipset_power_state.c.obj
[ojal:ro] [22/380] Building C object CMakeFiles/app.dir/mnt/host/source/src/platform/ec/zephyr/subsys/ap_pwrseq/x86_non_dsx_common_pwrseq_host_sleep.c.obj
[steelix:ro] [20/395] Building C object CMakeFiles/app.dir/mnt/host/source/src/platform/ec/build/zephyr/steelix/modules/ec/common/queue.c.obj
[lotso:rw] [14/387] Building C object CMakeFiles/app.dir/mnt/host/source/src/platform/ec/zephyr/subsys/ap_pwrseq/power_signals.c.obj
[ojal:rw] [27/380] Building C object CMakeFiles/app.dir/mnt/host/source/src/platform/ec/zephyr/subsys/ap_pwrseq/x86_non_dsx_common_pwrseq_host_command.c.obj
[/mnt/host/source/src/platform/ec/build/zephyr/ocelotrvp-npcx-lcov]   /mnt/host/source/src/platform/ec/build/zephyr/ocelotrvp-npcx/build-ro/modules/ec/zephyr/CMakeFiles/ec_shim.dir/shim/src/charger.c.gcno:no functions found
[/mnt/host/source/src/platform/ec/build/zephyr/ocelotrvp-npcx-lcov] stderr:
[pujjolo-ish:singleimage] [29/271] Building C object CMakeFiles/app.dir/mnt/host/source/src/platform/ec/build/zephyr/pujjolo-ish/modules/ec/common/console_output.c.obj
[steelix:rw] [72/395] Building C object CMakeFiles/app.dir/mnt/host/source/src/platform/ec/build/zephyr/steelix/modules/ec/common/power_button.c.obj
[steelix:rw] [73/395] Building C object CMakeFiles/app.dir/mnt/host/source/src/platform/ec/build/zephyr/steelix/modules/ec/common/motion_sense.c.obj
[ojal:rw] [28/380] Building C object CMakeFiles/app.dir/mnt/host/source/src/platform/ec/zephyr/subsys/ap_pwrseq/x86_non_dsx_mtl_pwrseq_sm.c.obj
[steelix:ro] [21/395] Building C object CMakeFiles/app.dir/mnt/host/source/src/platform/ec/build/zephyr/steelix/modules/ec/common/system.c.obj
[yoda:ro] -- Generated devicetree_generated.h: /mnt/host/source/src/platform/ec/build/zephyr/yoda/build-ro/zephyr/include/generated/zephyr/devicetree_generated.h
[ojal:ro] [23/380] Building C object CMakeFiles/app.dir/mnt/host/source/src/platform/ec/zephyr/subsys/ap_pwrseq/x86_non_dsx_common_pwrseq_console.c.obj
[ojal:rw] [29/380] Building C object CMakeFiles/app.dir/mnt/host/source/src/platform/ec/zephyr/subsys/ap_pwrseq/ap_reset_log.c.obj
[ojal:ro] [24/380] Building C object CMakeFiles/app.dir/mnt/host/source/src/platform/ec/zephyr/subsys/ap_pwrseq/x86_non_dsx_common_pwrseq_host_command.c.obj
[pujjolo-ish:singleimage] [30/271] Building C object CMakeFiles/app.dir/mnt/host/source/src/platform/ec/build/zephyr/pujjolo-ish/modules/ec/common/ec_features.c.obj
[steelix:ro] [22/395] Building C object CMakeFiles/app.dir/mnt/host/source/src/platform/ec/build/zephyr/steelix/modules/ec/common/system_boot_time.c.obj
[lotso:rw] [15/387] Building C object CMakeFiles/app.dir/mnt/host/source/src/platform/ec/zephyr/subsys/ap_pwrseq/signal_gpio.c.obj
[steelix:rw] [74/395] Building C object CMakeFiles/app.dir/mnt/host/source/src/platform/ec/build/zephyr/steelix/modules/ec/power/common.c.obj
[ojal:rw] [30/380] Building C object CMakeFiles/app.dir/mnt/host/source/src/platform/ec/zephyr/subsys/pd_controller/pdc_pmc_debug.c.obj
[steelix:rw] [75/395] Building C object CMakeFiles/app.dir/mnt/host/source/src/platform/ec/build/zephyr/steelix/modules/ec/power/host_sleep.c.obj
[ojal:ro] [25/380] Building C object CMakeFiles/app.dir/mnt/host/source/src/platform/ec/zephyr/subsys/ap_pwrseq/x86_non_dsx_mtl_pwrseq_sm.c.obj
[pujjolo-ish:singleimage] [31/271] Building C object CMakeFiles/app.dir/mnt/host/source/src/platform/ec/build/zephyr/pujjolo-ish/modules/ec/common/gpio_commands.c.obj
[ojal:ro] [26/380] Building C object CMakeFiles/app.dir/mnt/host/source/src/platform/ec/zephyr/subsys/ap_pwrseq/ap_reset_log.c.obj
[steelix:ro] [23/395] Building C object CMakeFiles/app.dir/mnt/host/source/src/platform/ec/build/zephyr/steelix/modules/ec/common/uart_printf.c.obj
[steelix:ro] [24/395] Building C object CMakeFiles/app.dir/mnt/host/source/src/platform/ec/build/zephyr/steelix/modules/ec/common/util.c.obj
[pujjolo-ish:singleimage] [32/271] Building C object CMakeFiles/app.dir/mnt/host/source/src/platform/ec/build/zephyr/pujjolo-ish/modules/ec/common/peripheral.c.obj
[lotso:rw] [16/387] Building C object CMakeFiles/app.dir/mnt/host/source/src/platform/ec/zephyr/subsys/ap_pwrseq/signal_vw.c.obj
[/mnt/host/source/src/platform/ec/build/zephyr/ocelotrvp-npcx-lcov]   /mnt/host/source/src/platform/ec/build/zephyr/ocelotrvp-npcx/build-ro/modules/ec/zephyr/CMakeFiles/ec_shim.dir/shim/src/usba.c.gcno:no functions found
[/mnt/host/source/src/platform/ec/build/zephyr/ocelotrvp-npcx-lcov] stderr:
[steelix:rw] [76/395] Building C object CMakeFiles/app.dir/mnt/host/source/src/platform/ec/build/zephyr/steelix/modules/ec/power/mt8186.c.obj
[ojal:ro] [27/380] Building C object CMakeFiles/app.dir/mnt/host/source/src/platform/ec/zephyr/subsys/pd_controller/pdc_pmc_debug.c.obj
[ojal:rw] [31/380] Building C object CMakeFiles/app.dir/mnt/host/source/src/platform/ec/zephyr/subsys/pd_controller/pdc_console.c.obj
[steelix:rw] [77/395] Building C object CMakeFiles/app.dir/mnt/host/source/src/platform/ec/build/zephyr/steelix/modules/ec/common/panic_output.c.obj
[yoda:rw] warning: Deprecated symbol I2C_ALLOW_NO_STOP_TRANSACTIONS is enabled.
[steelix:ro] [25/395] Building C object CMakeFiles/app.dir/mnt/host/source/src/platform/ec/build/zephyr/steelix/modules/ec/common/version.c.obj
[ojal:rw] [32/380] Building C object CMakeFiles/app.dir/mnt/host/source/src/platform/ec/zephyr/subsys/pd_controller/pdc_power_mgmt.c.obj
[pujjolo-ish:singleimage] [33/271] Building C object CMakeFiles/app.dir/mnt/host/source/src/platform/ec/build/zephyr/pujjolo-ish/modules/ec/common/printf.c.obj
[steelix:ro] [26/395] Building C object CMakeFiles/app.dir/mnt/host/source/src/platform/ec/build/zephyr/steelix/modules/ec/driver/accel_bma4xx.c.obj
[ojal:rw] [33/380] Building C object CMakeFiles/app.dir/mnt/host/source/src/platform/ec/zephyr/subsys/pd_controller/pdc_host_cmd.c.obj
[yoda:rw] Parsing /mnt/host/source/src/platform/ec/zephyr/program/skywalker/Kconfig
[steelix:rw] [78/395] Building C object CMakeFiles/app.dir/mnt/host/source/src/platform/ec/build/zephyr/steelix/modules/ec/common/sha256.c.obj
[ojal:ro] [28/380] Building C object CMakeFiles/app.dir/mnt/host/source/src/platform/ec/zephyr/subsys/pd_controller/pdc_power_mgmt.c.obj
[ojal:ro] [29/380] Building C object CMakeFiles/app.dir/mnt/host/source/src/platform/ec/zephyr/subsys/pd_controller/pdc_console.c.obj
[lotso:rw] [17/387] Building C object CMakeFiles/app.dir/mnt/host/source/src/platform/ec/zephyr/subsys/ap_pwrseq/power_host_sleep.c.obj
[ojal:rw] [34/380] Building C object CMakeFiles/app.dir/mnt/host/source/src/platform/ec/zephyr/subsys/pd_controller/pdc_stub.c.obj
[steelix:rw] [79/395] Building C object CMakeFiles/app.dir/mnt/host/source/src/platform/ec/build/zephyr/steelix/modules/ec/common/shared_mem.c.obj
[pujjolo-ish:singleimage] [34/271] Building C object CMakeFiles/app.dir/mnt/host/source/src/platform/ec/build/zephyr/pujjolo-ish/modules/ec/common/queue.c.obj
[steelix:ro] [27/395] Building C object CMakeFiles/app.dir/mnt/host/source/src/platform/ec/build/zephyr/steelix/modules/ec/driver/accel_lis2dw12.c.obj
[ojal:rw] [35/380] Building C object CMakeFiles/app.dir/mnt/host/source/src/platform/ec/zephyr/subsys/pd_controller/pdc_dpm.c.obj
[ojal:ro] [30/380] Building C object CMakeFiles/app.dir/mnt/host/source/src/platform/ec/zephyr/subsys/pd_controller/pdc_stub.c.obj
[ojal:ro] [31/380] Building C object CMakeFiles/app.dir/mnt/host/source/src/platform/ec/zephyr/subsys/pd_controller/pdc_host_cmd.c.obj
[yoda:rw] Loaded configuration '/mnt/host/source/src/platform/ec/zephyr/boards/google/npcx9/npcx9_npcx9m7fb_defconfig'
[yoda:rw] Merged configuration '/mnt/host/source/src/platform/ec/zephyr/program/skywalker/program.conf'
[yoda:rw] Merged configuration '/mnt/host/source/src/platform/ec/zephyr/program/skywalker/yoda/project.conf'
[yoda:rw] Merged configuration '/mnt/host/source/src/platform/ec/build/zephyr/yoda/kconfig-rw.conf'
[yoda:rw] Configuration saved to '/mnt/host/source/src/platform/ec/build/zephyr/yoda/build-rw/zephyr/.config'
[steelix:ro] [28/395] Building C object CMakeFiles/app.dir/mnt/host/source/src/platform/ec/build/zephyr/steelix/modules/ec/driver/accelgyro_bmi_common.c.obj
[yoda:rw] Kconfig header saved to '/mnt/host/source/src/platform/ec/build/zephyr/yoda/build-rw/zephyr/include/generated/zephyr/autoconf.h'
[yoda:rw] -- Found GnuLd: /home/jpmurphy/.cache/coreboot-sdk/arm-eabi/ea40ddd1d190c3b48435c474c0b545719371813a/arm-eabi/bin/ld.bfd (found version "2.43.1")
[steelix:rw] [80/395] Building C object CMakeFiles/app.dir/mnt/host/source/src/platform/ec/build/zephyr/steelix/modules/ec/common/switch.c.obj
[ojal:rw] [36/380] Building C object CMakeFiles/app.dir/mnt/host/source/src/platform/ec/zephyr/subsys/ucsi/ppm_common.c.obj
[pujjolo-ish:singleimage] [35/271] Building C object CMakeFiles/app.dir/mnt/host/source/src/platform/ec/build/zephyr/pujjolo-ish/modules/ec/common/system.c.obj
[steelix:rw] [81/395] Building C object CMakeFiles/app.dir/mnt/host/source/src/platform/ec/build/zephyr/steelix/modules/ec/common/spi_flash_reg.c.obj
[lotso:rw] [18/387] Building C object CMakeFiles/app.dir/mnt/host/source/src/platform/ec/zephyr/subsys/ap_pwrseq/x86_non_dsx_common_pwrseq_sm_handler.c.obj
[yoda:rw] -- The C compiler identification is GNU 14.2.0
[/mnt/host/source/src/platform/ec/build/zephyr/ocelotrvp-npcx-lcov]   /mnt/host/source/src/platform/ec/build/zephyr/ocelotrvp-npcx/build-ro/modules/ec/zephyr/CMakeFiles/ec_shim.dir/drivers/keyboard_input/keyboard_customization_check.c.gcno:no functions found
[/mnt/host/source/src/platform/ec/build/zephyr/ocelotrvp-npcx-lcov] stderr:
[yoda:rw] -- The CXX compiler identification is GNU 14.2.0
[ojal:rw] [37/380] Building C object CMakeFiles/app.dir/mnt/host/source/src/platform/ec/zephyr/subsys/ucsi/ppm_console.c.obj
[ojal:ro] [32/380] Building C object CMakeFiles/app.dir/mnt/host/source/src/platform/ec/zephyr/subsys/pd_controller/pdc_dpm.c.obj
[steelix:ro] [29/395] Building C object CMakeFiles/app.dir/mnt/host/source/src/platform/ec/build/zephyr/steelix/modules/ec/driver/accelgyro_bmi3xx.c.obj
[yoda:rw] -- The ASM compiler identification is GNU
[yoda:rw] -- Found assembler: /home/jpmurphy/.cache/coreboot-sdk/arm-eabi/ea40ddd1d190c3b48435c474c0b545719371813a/bin/arm-eabi-gcc
[yoda:rw] CMake Warning at /mnt/host/source/src/platform/ec/zephyr/cmake/linker/ld/linker_libraries.cmake:11 (message):
[ojal:ro] [33/380] Building C object CMakeFiles/app.dir/mnt/host/source/src/platform/ec/zephyr/subsys/ucsi/ppm_common.c.obj
[/mnt/host/source/src/platform/ec/build/zephyr/ocicat-ish-lcov]   /mnt/host/source/src/platform/ec/build/zephyr/ocicat-ish/build-singleimage/modules/ec/zephyr/drivers/dsp_comms/CMakeFiles/dsp_comms.proto.nanopb.dir/dsp_comms.proto/nanopb/proto/ec_dsp.pb.c.gcno:no functions found
[/mnt/host/source/src/platform/ec/build/zephyr/ocicat-ish-lcov] stderr:
[pujjolo-ish:singleimage] [36/271] Building C object CMakeFiles/app.dir/mnt/host/source/src/platform/ec/build/zephyr/pujjolo-ish/modules/ec/common/system_boot_time.c.obj
[ojal:rw] [38/380] Building C object CMakeFiles/app.dir/mnt/host/source/src/platform/ec/zephyr/subsys/ucsi/ppm_driver.c.obj
[steelix:ro] [30/395] Building C object CMakeFiles/app.dir/mnt/host/source/src/platform/ec/build/zephyr/steelix/modules/ec/driver/accelgyro_lsm6dsm.c.obj
[yoda:ro] warning: Deprecated symbol I2C_ALLOW_NO_STOP_TRANSACTIONS is enabled.
[steelix:rw] [82/395] Building C object CMakeFiles/app.dir/mnt/host/source/src/platform/ec/build/zephyr/steelix/modules/ec/driver/stm_mems_common.c.obj
[steelix:rw] [83/395] Building C object CMakeFiles/app.dir/mnt/host/source/src/platform/ec/build/zephyr/steelix/modules/ec/common/tablet_mode.c.obj
[lotso:rw] [19/387] Building C object CMakeFiles/app.dir/mnt/host/source/src/platform/ec/zephyr/subsys/ap_pwrseq/x86_non_dsx_chipset_power_state.c.obj
[ojal:rw] [39/380] Building C object CMakeFiles/app.dir/mnt/host/source/src/platform/ec/zephyr/subsys/ucsi/ucsi_host_cmd.c.obj
[pujjolo-ish:singleimage] [37/271] Building C object CMakeFiles/app.dir/mnt/host/source/src/platform/ec/build/zephyr/pujjolo-ish/modules/ec/common/uart_printf.c.obj
[ojal:ro] [34/380] Building C object CMakeFiles/app.dir/mnt/host/source/src/platform/ec/zephyr/subsys/ucsi/ppm_console.c.obj
[yoda:rw] -- Performing EC specific devicetree checks
[steelix:ro] [31/395] Building C object CMakeFiles/app.dir/mnt/host/source/src/platform/ec/build/zephyr/steelix/modules/ec/common/motion_sense_fifo.c.obj
[ojal:ro] [35/380] Building C object CMakeFiles/app.dir/mnt/host/source/src/platform/ec/zephyr/subsys/ucsi/ppm_driver.c.obj
[yoda:rw]   Disabling c_library
[yoda:rw] Call Stack (most recent call first):
[yoda:rw]   /mnt/host/source/src/third_party/zephyr/main/cmake/target_toolchain_flags.cmake:48 (include)
[yoda:rw]   /mnt/host/source/src/third_party/zephyr/main/cmake/modules/kernel.cmake:153 (include)
[yoda:rw]   /mnt/host/source/src/third_party/zephyr/main/cmake/modules/zephyr_default.cmake:138 (include)
[yoda:rw]   /mnt/host/source/src/third_party/zephyr/main/share/zephyr-package/cmake/ZephyrConfig.cmake:66 (include)
[yoda:rw]   /mnt/host/source/src/third_party/zephyr/main/share/zephyr-package/cmake/ZephyrConfig.cmake:97 (include_boilerplate)
[yoda:rw]   CMakeLists.txt:6 (find_package)
[yoda:rw] INFO: Verified 39 GPIOs, no duplicates found
[yoda:rw] INFO: Verified 7 '*-gpios' properties, all flags match.
[ojal:rw] [40/380] Building C object CMakeFiles/app.dir/mnt/host/source/src/platform/ec/build/zephyr/ojal/modules/ec/builtin/stdlib.c.obj
[yoda:ro] Parsing /mnt/host/source/src/platform/ec/zephyr/program/skywalker/Kconfig
[yoda:rw] -- Generating component manifest file
[ojal:rw] [41/380] Building C object CMakeFiles/app.dir/mnt/host/source/src/platform/ec/build/zephyr/ojal/modules/ec/common/base32.c.obj
[pujjolo-ish:singleimage] [38/271] Building C object CMakeFiles/app.dir/mnt/host/source/src/platform/ec/build/zephyr/pujjolo-ish/modules/ec/common/util.c.obj
[steelix:rw] [84/395] Building C object CMakeFiles/app.dir/mnt/host/source/src/platform/ec/build/zephyr/steelix/modules/ec/common/timer.c.obj
[/mnt/host/source/src/platform/ec/build/zephyr/ocelotrvp-npcx-lcov]   /mnt/host/source/src/platform/ec/build/zephyr/ocelotrvp-npcx/build-ro/modules/ec/zephyr/drivers/pw_transport/CMakeFiles/pw_transport.proto.nanopb.dir/pw_transport.proto/nanopb/pw_transport/proto/transport.pb.c.gcno:no functions found
[/mnt/host/source/src/platform/ec/build/zephyr/ocelotrvp-npcx-lcov] stderr:
[yoda:rw] INFO: Skipped 1 named-gpios children.
[steelix:rw] [85/395] Building C object CMakeFiles/app.dir/mnt/host/source/src/platform/ec/build/zephyr/steelix/modules/ec/common/usb_charger.c.obj
[steelix:ro] [32/395] Building C object CMakeFiles/app.dir/mnt/host/source/src/platform/ec/build/zephyr/steelix/modules/ec/common/adc.c.obj
[lotso:rw] [20/387] Building C object CMakeFiles/app.dir/mnt/host/source/src/platform/ec/zephyr/subsys/ap_pwrseq/x86_non_dsx_common_pwrseq_host_sleep.c.obj
[yoda:rw] INFO: Running CME, outputting to /mnt/host/source/src/platform/ec/build/zephyr/yoda/build-rw/zephyr/component_manifest.json
[ojal:ro] [36/380] Building C object CMakeFiles/app.dir/mnt/host/source/src/platform/ec/zephyr/subsys/ucsi/ucsi_host_cmd.c.obj
[ojal:ro] [37/380] Building C object CMakeFiles/app.dir/mnt/host/source/src/platform/ec/build/zephyr/ojal/modules/ec/builtin/stdlib.c.obj
[yoda:rw] -- warning_base_override: -Wall;-Wformat;-Wformat-security;-Wformat;-Wno-format-zero-length;-Wno-pointer-sign;-Wpointer-arith;-Wexpansion-to-defined
[ojal:rw] [42/380] Building C object CMakeFiles/app.dir/mnt/host/source/src/platform/ec/build/zephyr/ojal/modules/ec/common/console_output.c.obj
[pujjolo-ish:singleimage] [39/271] Building C object CMakeFiles/app.dir/mnt/host/source/src/platform/ec/build/zephyr/pujjolo-ish/modules/ec/common/version.c.obj
[steelix:ro] [33/395] Building C object CMakeFiles/app.dir/mnt/host/source/src/platform/ec/build/zephyr/steelix/modules/ec/common/battery.c.obj
[ojal:rw] [43/380] Building C object CMakeFiles/app.dir/mnt/host/source/src/platform/ec/build/zephyr/ojal/modules/ec/common/ec_features.c.obj
[yoda:rw] -- Found gen_kobject_list: /mnt/host/source/src/third_party/zephyr/main/scripts/build/gen_kobject_list.py
[yoda:ro] Loaded configuration '/mnt/host/source/src/platform/ec/zephyr/boards/google/npcx9/npcx9_npcx9m7fb_defconfig'
[yoda:ro] Merged configuration '/mnt/host/source/src/platform/ec/zephyr/program/skywalker/program.conf'
[yoda:ro] Merged configuration '/mnt/host/source/src/platform/ec/zephyr/program/skywalker/yoda/project.conf'
[yoda:ro] Merged configuration '/mnt/host/source/src/platform/ec/build/zephyr/yoda/kconfig-ro.conf'
[yoda:ro] Configuration saved to '/mnt/host/source/src/platform/ec/build/zephyr/yoda/build-ro/zephyr/.config'
[yoda:ro] Kconfig header saved to '/mnt/host/source/src/platform/ec/build/zephyr/yoda/build-ro/zephyr/include/generated/zephyr/autoconf.h'
[yoda:ro] -- Found GnuLd: /home/jpmurphy/.cache/coreboot-sdk/arm-eabi/ea40ddd1d190c3b48435c474c0b545719371813a/arm-eabi/bin/ld.bfd (found version "2.43.1")
[/mnt/host/source/src/platform/ec/build/zephyr/ocicat-ish-lcov]   /mnt/host/source/src/platform/ec/build/zephyr/ocicat-ish/build-singleimage/zephyr/arch/arch/x86/core/CMakeFiles/arch__x86__core.dir/spec_ctrl.c.gcno:no functions found
[/mnt/host/source/src/platform/ec/build/zephyr/ocicat-ish-lcov] stderr:
[yoda:rw] CMake Warning at /mnt/host/source/src/third_party/zephyr/main/CMakeLists.txt:2359 (message):
[yoda:rw]   __ASSERT() statements are globally ENABLED
[ojal:ro] [38/380] Building C object CMakeFiles/app.dir/mnt/host/source/src/platform/ec/build/zephyr/ojal/modules/ec/common/base32.c.obj
[steelix:rw] [86/395] Building C object CMakeFiles/app.dir/mnt/host/source/src/platform/ec/build/zephyr/steelix/modules/ec/common/typec_control.c.obj
[yoda:rw] -- Configuring done (14.8s)
[lotso:rw] [21/387] Building C object CMakeFiles/app.dir/mnt/host/source/src/platform/ec/zephyr/subsys/ap_pwrseq/x86_non_dsx_common_pwrseq_console.c.obj
[steelix:ro] [34/395] Building C object CMakeFiles/app.dir/mnt/host/source/src/platform/ec/build/zephyr/steelix/modules/ec/common/battery_info.c.obj
[yoda:ro] -- The C compiler identification is GNU 14.2.0
[steelix:rw] [87/395] Building C object CMakeFiles/app.dir/mnt/host/source/src/platform/ec/build/zephyr/steelix/modules/ec/common/usb_port_power_dumb.c.obj
[ojal:ro] [39/380] Building C object CMakeFiles/app.dir/mnt/host/source/src/platform/ec/build/zephyr/ojal/modules/ec/common/console_output.c.obj
[ojal:rw] [44/380] Building C object CMakeFiles/app.dir/mnt/host/source/src/platform/ec/build/zephyr/ojal/modules/ec/common/gpio_commands.c.obj
[pujjolo-ish:singleimage] [40/271] Building C object CMakeFiles/app.dir/mnt/host/source/src/platform/ec/build/zephyr/pujjolo-ish/modules/ec/driver/accel_bma4xx.c.obj
[yoda:ro] -- The CXX compiler identification is GNU 14.2.0
[yoda:ro] -- The ASM compiler identification is GNU
[yoda:ro] -- Found assembler: /home/jpmurphy/.cache/coreboot-sdk/arm-eabi/ea40ddd1d190c3b48435c474c0b545719371813a/bin/arm-eabi-gcc
[yoda:ro] CMake Warning at /mnt/host/source/src/platform/ec/zephyr/cmake/linker/ld/linker_libraries.cmake:11 (message):
[yoda:ro]   Disabling c_library
[yoda:rw] -- Generating done (0.4s)
[yoda:rw] CMake Warning:
[yoda:rw] -- Build files have been written to: /mnt/host/source/src/platform/ec/build/zephyr/yoda/build-rw
[steelix:ro] [35/395] Building C object CMakeFiles/app.dir/mnt/host/source/src/platform/ec/build/zephyr/steelix/modules/ec/common/battery_fuel_gauge.c.obj
[yoda:rw]   Manually-specified variables were not used by the project:
[yoda:rw]     COREBOOT_SDK_ROOT_libstdcxx_riscv64
[yoda:rw]     COREBOOT_SDK_ROOT_libstdcxx_x86
[yoda:rw]     COREBOOT_SDK_ROOT_nds32
[yoda:rw]     COREBOOT_SDK_ROOT_picolibc_riscv64
[yoda:rw]     COREBOOT_SDK_ROOT_picolibc_x86
[yoda:rw]     COREBOOT_SDK_ROOT_riscv
[yoda:rw]     COREBOOT_SDK_ROOT_riscv64
[yoda:rw]     COREBOOT_SDK_ROOT_x86
[uldren:rw] Configuring.
Running `env -i PYTHONPATH=/usr/lib64/python-exec/python3.11:/mnt/host/source/src/platform/ec/zephyr/zmake:/usr/lib/python311.zip:/usr/lib/python3.11:/usr/lib/python3.11/lib-dynload:/usr/lib/python3.11/site-packages PW_PIGWEED_CIPD_INSTALL_DIR=/usr CROSTC_USER_ACKNOWLEDGES_THAT_RISCV_IS_EXPERIMENTAL=1 PATH=/mnt/host/source/chromite/bin:/usr/local/bin:/usr/bin:/bin:/opt/bin:/mnt/host/source/chromite/sdk/bin:/mnt/host/source/chromite/bin HOME=/home/jpmurphy JAVA_HOME=/etc/java-config-2/current-system-vm JDK_HOME=/etc/java-config-2/current-system-vm JAVAC=/etc/java-config-2/current-system-vm/bin/javac MAKEFLAGS=' -j16 --jobserver-auth=5,6' /usr/bin/cmake -S /mnt/host/source/src/platform/ec/zephyr/program/nissa -B /mnt/host/source/src/platform/ec/build/zephyr/uldren/build-rw -GNinja -DCMAKE_EXPORT_COMPILE_COMMANDS=ON -DZEPHYR_BASE=/mnt/host/source/src/third_party/zephyr/main -DZMAKE_INCLUDE_DIR=/mnt/host/source/src/platform/ec/build/zephyr/uldren/include -DPython3_EXECUTABLE=/usr/bin/python3.11 -DDTS_ROOT=/mnt/host/source/src/platform/ec/zephyr -DSYSCALL_INCLUDE_DIRS=/mnt/host/source/src/platform/ec/zephyr/include/drivers -DUSER_CACHE_DIR=/mnt/host/source/src/platform/ec/build/zephyr/user-cache '-DEXTRA_EC_VERSION_FLAGS=--version 16543.0.0 --static' -DTOOLCHAIN_ROOT=/mnt/host/source/src/platform/ec/zephyr -DCOREBOOT_SDK_ROOT_x86=/home/jpmurphy/.cache/coreboot-sdk/i386-elf/dfbb0486385d938cfa9d73080b9d18d598ed4f49 -DCOREBOOT_SDK_ROOT_picolibc_x86=/home/jpmurphy/.cache/coreboot-sdk/picolibc-i386-elf/eb8e8e687b95461de8cbf278f1c2076952d0ad17 -DCOREBOOT_SDK_ROOT_riscv64=/home/jpmurphy/.cache/coreboot-sdk/riscv64-elf/96b949749225b6aaa92ed810ab769e8dfb12f000 -DCOREBOOT_SDK_ROOT_picolibc_arm=/home/jpmurphy/.cache/coreboot-sdk/picolibc-arm-eabi/422a2aa3e1ef891b5bece9a3deb696ff83840d2e -DCOREBOOT_SDK_ROOT_nds32=/home/jpmurphy/.cache/coreboot-sdk/nds32le-elf/d1a518c4a097666d86058e1444f85ca015d15511 -DCOREBOOT_SDK_ROOT_picolibc_riscv64=/home/jpmurphy/.cache/coreboot-sdk/picolibc-riscv64-elf/f571e990ef0278564b31124f8bb109d9a697eb69 -DCOREBOOT_SDK_ROOT_arm=/home/jpmurphy/.cache/coreboot-sdk/arm-eabi/ea40ddd1d190c3b48435c474c0b545719371813a -DCOREBOOT_SDK_ROOT_libstdcxx_riscv64=/home/jpmurphy/.cache/coreboot-sdk/libstdcxx-riscv64-elf/17abf22a3a252e2d5d2062ced5324f7a623689e0 -DCOREBOOT_SDK_ROOT_libstdcxx_arm=/home/jpmurphy/.cache/coreboot-sdk/libstdcxx-arm-eabi/5d7d82e150e44aa1968f1d366e267e6687b328ac -DCOREBOOT_SDK_ROOT_riscv=/home/jpmurphy/.cache/coreboot-sdk/riscv-elf/9a27b9e82341c6e9126624f516ab3f261abb3e73 -DCOREBOOT_SDK_ROOT_libstdcxx_x86=/home/jpmurphy/.cache/coreboot-sdk/libstdcxx-i386-elf/42ef9d2e87a76a37963175d7d428734e65648b87 -DZEPHYR_TOOLCHAIN_VARIANT=coreboot-sdk '-DZEPHYR_MODULES=/mnt/host/source/src/platform/ec/build/zephyr/uldren/modules/cmsis;/mnt/host/source/src/platform/ec/build/zephyr/uldren/modules/cmsis_6;/mnt/host/source/src/platform/ec/build/zephyr/uldren/modules/ec' -DDTC_OVERLAY_FILE=/mnt/host/source/src/platform/ec/zephyr/program/nissa/uldren/project.overlay -DBOARD=npcx9/npcx9m3f -DCMAKE_C_FLAGS=-DSECTION_IS_RW '-DCONF_FILE=/mnt/host/source/src/platform/ec/zephyr/program/nissa/program.conf;/mnt/host/source/src/platform/ec/zephyr/program/nissa/npcx_program.conf;/mnt/host/source/src/platform/ec/zephyr/program/nissa/uldren/project.conf;/mnt/host/source/src/platform/ec/build/zephyr/uldren/kconfig-rw.conf'`
[ojal:rw] [45/380] Building C object CMakeFiles/app.dir/mnt/host/source/src/platform/ec/build/zephyr/ojal/modules/ec/common/peripheral.c.obj
[uldren:rw] -- Application: /mnt/host/source/src/platform/ec/zephyr/program/nissa
[uldren:rw] Loading Zephyr default modules (Zephyr base (cached)).
[ojal:ro] [40/380] Building C object CMakeFiles/app.dir/mnt/host/source/src/platform/ec/build/zephyr/ojal/modules/ec/common/ec_features.c.obj
[/mnt/host/source/src/platform/ec/build/zephyr/adlrvp_mchp-lcov]   /mnt/host/source/src/platform/ec/build/zephyr/adlrvp_mchp/build-rw/CMakeFiles/app.dir/mnt/host/source/src/platform/ec/build/zephyr/adlrvp_mchp/modules/ec/common/usb_pd_pdo.c.gcno:no functions found
[/mnt/host/source/src/platform/ec/build/zephyr/adlrvp_mchp-lcov] stderr:
[ojal:ro] [41/380] Building C object CMakeFiles/app.dir/mnt/host/source/src/platform/ec/build/zephyr/ojal/modules/ec/common/gpio_commands.c.obj
[pujjolo-ish:singleimage] [41/271] Building C object CMakeFiles/app.dir/mnt/host/source/src/platform/ec/build/zephyr/pujjolo-ish/modules/ec/driver/accel_lis2dw12.c.obj
[ojal:rw] [46/380] Building C object CMakeFiles/app.dir/mnt/host/source/src/platform/ec/build/zephyr/ojal/modules/ec/common/printf.c.obj
[lotso:rw] [22/387] Building C object CMakeFiles/app.dir/mnt/host/source/src/platform/ec/zephyr/subsys/ap_pwrseq/x86_non_dsx_common_pwrseq_host_command.c.obj
[steelix:ro] [36/395] Building C object CMakeFiles/app.dir/mnt/host/source/src/platform/ec/build/zephyr/steelix/modules/ec/driver/battery/smart.c.obj
[yoda:ro] -- Performing EC specific devicetree checks
[uldren:rw] -- CMake version: 3.31.7
[uldren:rw] -- Found Python3: /usr/bin/python3.11 (found suitable version "3.11.11", minimum required is "3.10") found components: Interpreter
[uldren:rw] -- Cache files will be written to: /mnt/host/source/src/platform/ec/build/zephyr/user-cache
[uldren:rw] -- Zephyr version: 4.3.99 (/mnt/host/source/src/third_party/zephyr/main)
[steelix:rw] [88/395] Building C object CMakeFiles/app.dir/mnt/host/source/src/platform/ec/build/zephyr/steelix/modules/ec/common/usb_common.c.obj
[steelix:rw] [89/395] Building C object CMakeFiles/app.dir/mnt/host/source/src/platform/ec/build/zephyr/steelix/modules/ec/common/usb_pd_pdo.c.obj
[yoda:ro] Call Stack (most recent call first):
[yoda:ro]   /mnt/host/source/src/third_party/zephyr/main/cmake/target_toolchain_flags.cmake:48 (include)
[yoda:ro]   /mnt/host/source/src/third_party/zephyr/main/cmake/modules/kernel.cmake:153 (include)
[yoda:ro]   /mnt/host/source/src/third_party/zephyr/main/cmake/modules/zephyr_default.cmake:138 (include)
[yoda:ro]   /mnt/host/source/src/third_party/zephyr/main/share/zephyr-package/cmake/ZephyrConfig.cmake:66 (include)
[yoda:ro]   /mnt/host/source/src/third_party/zephyr/main/share/zephyr-package/cmake/ZephyrConfig.cmake:97 (include_boilerplate)
[yoda:ro]   CMakeLists.txt:6 (find_package)
[yoda:ro] INFO: Verified 39 GPIOs, no duplicates found
[yoda:ro] INFO: Verified 7 '*-gpios' properties, all flags match.
[ojal:rw] [47/380] Building C object CMakeFiles/app.dir/mnt/host/source/src/platform/ec/build/zephyr/ojal/modules/ec/common/queue.c.obj
[ojal:ro] [42/380] Building C object CMakeFiles/app.dir/mnt/host/source/src/platform/ec/build/zephyr/ojal/modules/ec/common/printf.c.obj
[ojal:ro] [43/380] Building C object CMakeFiles/app.dir/mnt/host/source/src/platform/ec/build/zephyr/ojal/modules/ec/common/peripheral.c.obj
[pujjolo-ish:singleimage] [42/271] Building C object CMakeFiles/app.dir/mnt/host/source/src/platform/ec/build/zephyr/pujjolo-ish/modules/ec/common/motion_sense_fifo.c.obj
[yoda:ro] -- Generating component manifest file
[steelix:ro] [37/395] Building C object CMakeFiles/app.dir/mnt/host/source/src/platform/ec/build/zephyr/steelix/modules/ec/driver/bc12/rt1718s.c.obj
[ojal:rw] [48/380] Building C object CMakeFiles/app.dir/mnt/host/source/src/platform/ec/build/zephyr/ojal/modules/ec/common/system.c.obj
[yoda:ro] INFO: Skipped 1 named-gpios children.
[yoda:ro] INFO: Running CME, outputting to /mnt/host/source/src/platform/ec/build/zephyr/yoda/build-ro/zephyr/component_manifest.json
[yoda:ro] -- warning_base_override: -Wall;-Wformat;-Wformat-security;-Wformat;-Wno-format-zero-length;-Wno-pointer-sign;-Wpointer-arith;-Wexpansion-to-defined
[lotso:rw] [23/387] Building C object CMakeFiles/app.dir/mnt/host/source/src/platform/ec/zephyr/subsys/ap_pwrseq/x86_non_dsx_adlp_pwrseq_sm.c.obj
[ojal:rw] [49/380] Building C object CMakeFiles/app.dir/mnt/host/source/src/platform/ec/build/zephyr/ojal/modules/ec/common/system_boot_time.c.obj
[steelix:ro] [38/395] Building C object CMakeFiles/app.dir/mnt/host/source/src/platform/ec/build/zephyr/steelix/modules/ec/driver/bc12/pi3usb9201.c.obj
[pujjolo-ish:singleimage] [43/271] Building C object CMakeFiles/app.dir/mnt/host/source/src/platform/ec/build/zephyr/pujjolo-ish/modules/ec/common/cbi_common.c.obj
[steelix:rw] [90/395] Building C object CMakeFiles/app.dir/mnt/host/source/src/platform/ec/build/zephyr/steelix/modules/ec/common/usbc/usbc_task.c.obj
[steelix:rw] [91/395] Building C object CMakeFiles/app.dir/mnt/host/source/src/platform/ec/build/zephyr/steelix/modules/ec/common/usbc/usb_pd_timer.c.obj
[ojal:ro] [44/380] Building C object CMakeFiles/app.dir/mnt/host/source/src/platform/ec/build/zephyr/ojal/modules/ec/common/queue.c.obj
[yoda:ro] -- Found gen_kobject_list: /mnt/host/source/src/third_party/zephyr/main/scripts/build/gen_kobject_list.py
[yoda:ro] CMake Warning at /mnt/host/source/src/third_party/zephyr/main/CMakeLists.txt:2359 (message):
[yoda:ro]   __ASSERT() statements are globally ENABLED
[ojal:rw] [50/380] Building C object CMakeFiles/app.dir/mnt/host/source/src/platform/ec/build/zephyr/ojal/modules/ec/common/uart_printf.c.obj
[ojal:ro] [45/380] Building C object CMakeFiles/app.dir/mnt/host/source/src/platform/ec/build/zephyr/ojal/modules/ec/common/system.c.obj
[uldren:rw] -- Board: npcx9, qualifiers: npcx9m3f
[yoda:ro] -- Configuring done (15.3s)
[steelix:ro] [39/395] Building C object CMakeFiles/app.dir/mnt/host/source/src/platform/ec/build/zephyr/steelix/modules/ec/driver/charger/isl923x.c.obj
[pujjolo-ish:singleimage] [44/271] Building C object CMakeFiles/app.dir/mnt/host/source/src/platform/ec/build/zephyr/pujjolo-ish/modules/ec/common/cbi_gpio.c.obj
[ojal:rw] [51/380] Building C object CMakeFiles/app.dir/mnt/host/source/src/platform/ec/build/zephyr/ojal/modules/ec/common/util.c.obj
[lotso:rw] [24/387] Building C object CMakeFiles/app.dir/mnt/host/source/src/platform/ec/zephyr/subsys/ap_pwrseq/ap_reset_log.c.obj
[ojal:ro] [46/380] Building C object CMakeFiles/app.dir/mnt/host/source/src/platform/ec/build/zephyr/ojal/modules/ec/common/system_boot_time.c.obj
[yoda:ro] -- Generating done (0.4s)
[yoda:ro] CMake Warning:
[yoda:ro]   Manually-specified variables were not used by the project:
[yoda:ro]     COREBOOT_SDK_ROOT_libstdcxx_riscv64
[yoda:ro]     COREBOOT_SDK_ROOT_libstdcxx_x86
[yoda:ro]     COREBOOT_SDK_ROOT_nds32
[yoda:ro]     COREBOOT_SDK_ROOT_picolibc_riscv64
[yoda:ro]     COREBOOT_SDK_ROOT_picolibc_x86
[yoda:ro]     COREBOOT_SDK_ROOT_riscv
[yoda:ro]     COREBOOT_SDK_ROOT_riscv64
[yoda:ro]     COREBOOT_SDK_ROOT_x86
[yoda:ro] -- Build files have been written to: /mnt/host/source/src/platform/ec/build/zephyr/yoda/build-ro
[steelix:rw] [92/395] Building C object CMakeFiles/app.dir/mnt/host/source/src/platform/ec/build/zephyr/steelix/modules/ec/common/usbc/usb_sm.c.obj
[ojal:ro] [47/380] Building C object CMakeFiles/app.dir/mnt/host/source/src/platform/ec/build/zephyr/ojal/modules/ec/common/uart_printf.c.obj
[ojal:rw] [52/380] Building C object CMakeFiles/app.dir/mnt/host/source/src/platform/ec/build/zephyr/ojal/modules/ec/common/version.c.obj
[steelix:ro] [40/395] Building C object CMakeFiles/app.dir/mnt/host/source/src/platform/ec/build/zephyr/steelix/modules/ec/common/charger.c.obj
[steelix:rw] [93/395] Building C object CMakeFiles/app.dir/mnt/host/source/src/platform/ec/build/zephyr/steelix/modules/ec/common/usbc_intr_task.c.obj
[pujjolo-ish:singleimage] [45/271] Building C object CMakeFiles/app.dir/mnt/host/source/src/platform/ec/build/zephyr/pujjolo-ish/modules/ec/common/memory_commands.c.obj
[/mnt/host/source/src/platform/ec/build/zephyr/skitty-lcov]   /mnt/host/source/src/platform/ec/build/zephyr/skitty/build-rw/CMakeFiles/app.dir/mnt/host/source/src/platform/ec/build/zephyr/skitty/modules/ec/common/usb_pd_pdo.c.gcno:no functions found
[/mnt/host/source/src/platform/ec/build/zephyr/skitty-lcov] stderr:
[ojal:rw] [53/380] Building C object CMakeFiles/app.dir/mnt/host/source/src/platform/ec/build/zephyr/ojal/modules/ec/common/power_button_x86.c.obj
[ojal:ro] [48/380] Building C object CMakeFiles/app.dir/mnt/host/source/src/platform/ec/build/zephyr/ojal/modules/ec/common/util.c.obj
[steelix:rw] [94/395] Building C object CMakeFiles/app.dir/mnt/host/source/src/platform/ec/build/zephyr/steelix/modules/ec/common/usbc_utils.c.obj
[ojal:ro] [49/380] Building C object CMakeFiles/app.dir/mnt/host/source/src/platform/ec/build/zephyr/ojal/modules/ec/common/version.c.obj
[steelix:ro] [41/395] Building C object CMakeFiles/app.dir/mnt/host/source/src/platform/ec/build/zephyr/steelix/modules/ec/common/charge_state.c.obj
[pujjolo-ish:singleimage] [46/271] Building C object CMakeFiles/app.dir/mnt/host/source/src/platform/ec/build/zephyr/pujjolo-ish/modules/ec/common/ap_reset_log.c.obj
[ojal:rw] [54/380] Building C object CMakeFiles/app.dir/mnt/host/source/src/platform/ec/build/zephyr/ojal/modules/ec/common/adc.c.obj
[steelix:rw] [95/395] Building C object CMakeFiles/app.dir/mnt/host/source/src/platform/ec/build/zephyr/steelix/modules/ec/common/usb_pd_flags.c.obj
[lotso:rw] [25/387] Building C object CMakeFiles/app.dir/mnt/host/source/src/platform/ec/zephyr/subsys/pd_controller/pdc_pmc_debug.c.obj
[steelix:ro] [42/395] Building C object CMakeFiles/app.dir/mnt/host/source/src/platform/ec/build/zephyr/steelix/modules/ec/common/cbi_common.c.obj
[/mnt/host/source/src/platform/ec/build/zephyr/adlrvp_mchp-lcov]   /mnt/host/source/src/platform/ec/build/zephyr/adlrvp_mchp/build-rw/CMakeFiles/app.dir/mnt/host/source/src/platform/ec/build/zephyr/adlrvp_mchp/modules/ec/common/cbi_config.c.gcno:no functions found
[/mnt/host/source/src/platform/ec/build/zephyr/adlrvp_mchp-lcov] stderr:
[ojal:ro] [50/380] Building C object CMakeFiles/app.dir/mnt/host/source/src/platform/ec/build/zephyr/ojal/modules/ec/common/power_button_x86.c.obj
[ojal:rw] [55/380] Building C object CMakeFiles/app.dir/mnt/host/source/src/platform/ec/build/zephyr/ojal/modules/ec/common/acpi.c.obj
[steelix:ro] [43/395] Building C object CMakeFiles/app.dir/mnt/host/source/src/platform/ec/build/zephyr/steelix/modules/ec/common/charge_manager.c.obj
[uldren:rw] -- Found Dtc: /usr/bin/dtc (found suitable version "1.6.0", minimum required is "1.4.6")
[uldren:rw] -- Found BOARD.dts: /mnt/host/source/src/platform/ec/zephyr/boards/google/npcx9/npcx9_npcx9m3f.dts
[pujjolo-ish:singleimage] [47/271] Building C object CMakeFiles/app.dir/mnt/host/source/src/platform/ec/build/zephyr/pujjolo-ish/modules/ec/common/host_command.c.obj
[ojal:ro] [51/380] Building C object CMakeFiles/app.dir/mnt/host/source/src/platform/ec/build/zephyr/ojal/modules/ec/common/adc.c.obj
[steelix:rw] [96/395] Building C object CMakeFiles/app.dir/mnt/host/source/src/platform/ec/build/zephyr/steelix/modules/ec/common/chargen.c.obj
[/mnt/host/source/src/platform/ec/build/zephyr/ocicat-ish-lcov]   /mnt/host/source/src/platform/ec/build/zephyr/ocicat-ish/build-singleimage/zephyr/CMakeFiles/zephyr.dir/subsys/shell/modules/kernel_service/kernel_shell.c.gcno:no functions found
[/mnt/host/source/src/platform/ec/build/zephyr/ocicat-ish-lcov] stderr:
[ojal:rw] [56/380] Building C object CMakeFiles/app.dir/mnt/host/source/src/platform/ec/build/zephyr/ojal/modules/ec/common/battery.c.obj
[/mnt/host/source/src/platform/ec/build/zephyr/adlrvp_mchp-lcov]   /mnt/host/source/src/platform/ec/build/zephyr/adlrvp_mchp/build-rw/CMakeFiles/app.dir/src/intel_rvp_board_id.c.gcno:no functions found
[/mnt/host/source/src/platform/ec/build/zephyr/adlrvp_mchp-lcov] stderr:
[steelix:ro] [44/395] Building C object CMakeFiles/app.dir/mnt/host/source/src/platform/ec/build/zephyr/steelix/modules/ec/common/cbi_config.c.obj
[steelix:ro] [45/395] Building C object CMakeFiles/app.dir/mnt/host/source/src/platform/ec/build/zephyr/steelix/modules/ec/common/cbi.c.obj
[steelix:rw] [97/395] Building C object CMakeFiles/app.dir/mnt/host/source/src/platform/ec/build/zephyr/steelix/modules/ec/common/usbc/usb_pd_console.c.obj
[ojal:ro] [52/380] Building C object CMakeFiles/app.dir/mnt/host/source/src/platform/ec/build/zephyr/ojal/modules/ec/common/acpi.c.obj
[lotso:rw] [26/387] Building C object CMakeFiles/app.dir/mnt/host/source/src/platform/ec/zephyr/subsys/pd_controller/retimer_fw_update.c.obj
[ojal:rw] [57/380] Building C object CMakeFiles/app.dir/mnt/host/source/src/platform/ec/build/zephyr/ojal/modules/ec/common/battery_info.c.obj
[pujjolo-ish:singleimage] [48/271] Building C object CMakeFiles/app.dir/mnt/host/source/src/platform/ec/build/zephyr/pujjolo-ish/modules/ec/common/host_command_task.c.obj
[steelix:ro] [46/395] Building C object CMakeFiles/app.dir/mnt/host/source/src/platform/ec/build/zephyr/steelix/modules/ec/common/memory_commands.c.obj
[ojal:ro] [53/380] Building C object CMakeFiles/app.dir/mnt/host/source/src/platform/ec/build/zephyr/ojal/modules/ec/common/battery.c.obj
[ojal:rw] [58/380] Building C object CMakeFiles/app.dir/mnt/host/source/src/platform/ec/build/zephyr/ojal/modules/ec/common/battery_fuel_gauge.c.obj
[steelix:rw] [98/395] Building C object CMakeFiles/app.dir/mnt/host/source/src/platform/ec/build/zephyr/steelix/modules/ec/driver/usb_mux/usb_mux.c.obj
[steelix:ro] [47/395] Building C object CMakeFiles/app.dir/mnt/host/source/src/platform/ec/build/zephyr/steelix/modules/ec/common/chipset.c.obj
[ojal:ro] [54/380] Building C object CMakeFiles/app.dir/mnt/host/source/src/platform/ec/build/zephyr/ojal/modules/ec/common/battery_info.c.obj
[steelix:ro] [48/395] Building C object CMakeFiles/app.dir/mnt/host/source/src/platform/ec/build/zephyr/steelix/modules/ec/common/ap_reset_log.c.obj
[pujjolo-ish:singleimage] [49/271] Building C object CMakeFiles/app.dir/mnt/host/source/src/platform/ec/build/zephyr/pujjolo-ish/modules/ec/common/host_event_commands.c.obj
[ojal:rw] [59/380] Building C object CMakeFiles/app.dir/mnt/host/source/src/platform/ec/build/zephyr/ojal/modules/ec/driver/battery/smart.c.obj
[steelix:rw] [99/395] Building C object CMakeFiles/app.dir/mnt/host/source/src/platform/ec/build/zephyr/steelix/modules/ec/driver/usb_mux/ps8743.c.obj
[ojal:ro] [55/380] Building C object CMakeFiles/app.dir/mnt/host/source/src/platform/ec/build/zephyr/ojal/modules/ec/common/battery_fuel_gauge.c.obj
[steelix:ro] [49/395] Building C object CMakeFiles/app.dir/mnt/host/source/src/platform/ec/build/zephyr/steelix/modules/ec/common/extpower_common.c.obj
[/mnt/host/source/src/platform/ec/build/zephyr/adlrvp_mchp-lcov]   /mnt/host/source/src/platform/ec/build/zephyr/adlrvp_mchp/build-rw/zephyr/arch/arch/arm/core/mpu/CMakeFiles/arch__arm__core__mpu.dir/arm_mpu_regions.c.gcno:no functions found
[/mnt/host/source/src/platform/ec/build/zephyr/adlrvp_mchp-lcov] stderr:
[ojal:rw] [60/380] Building C object CMakeFiles/app.dir/mnt/host/source/src/platform/ec/build/zephyr/ojal/modules/ec/driver/charger/isl923x.c.obj
[pujjolo-ish:singleimage] [50/271] Building C object CMakeFiles/app.dir/mnt/host/source/src/platform/ec/build/zephyr/pujjolo-ish/modules/ec/common/uart_hostcmd.c.obj
[steelix:rw] [100/395] Building C object CMakeFiles/app.dir/mnt/host/source/src/platform/ec/build/zephyr/steelix/modules/ec/driver/usb_mux/virtual.c.obj
[ojal:ro] [56/380] Building C object CMakeFiles/app.dir/mnt/host/source/src/platform/ec/build/zephyr/ojal/modules/ec/driver/battery/smart.c.obj
[steelix:ro] [50/395] Building C object CMakeFiles/app.dir/mnt/host/source/src/platform/ec/build/zephyr/steelix/modules/ec/common/extpower_gpio.c.obj
[ojal:rw] [61/380] Building C object CMakeFiles/app.dir/mnt/host/source/src/platform/ec/build/zephyr/ojal/modules/ec/common/charger.c.obj
[steelix:ro] [51/395] Building C object CMakeFiles/app.dir/mnt/host/source/src/platform/ec/build/zephyr/steelix/modules/ec/common/flash.c.obj
[ojal:ro] [57/380] Building C object CMakeFiles/app.dir/mnt/host/source/src/platform/ec/build/zephyr/ojal/modules/ec/driver/charger/isl923x.c.obj
[uldren:rw] -- Found devicetree overlay: /mnt/host/source/src/platform/ec/zephyr/program/nissa/uldren/project.overlay
[uldren:rw] -- Generated zephyr.dts: /mnt/host/source/src/platform/ec/build/zephyr/uldren/build-rw/zephyr/zephyr.dts
[uldren:rw] -- Generated pickled edt: /mnt/host/source/src/platform/ec/build/zephyr/uldren/build-rw/zephyr/edt.pickle
[steelix:rw] [101/395] Building C object CMakeFiles/app.dir/mnt/host/source/src/platform/ec/build/zephyr/steelix/modules/ec/common/dps.c.obj
[pujjolo-ish:singleimage] [51/271] Building C object CMakeFiles/app.dir/mnt/host/source/src/platform/ec/build/zephyr/pujjolo-ish/modules/ec/common/uptime.c.obj
[steelix:ro] [52/395] Building C object CMakeFiles/app.dir/mnt/host/source/src/platform/ec/build/zephyr/steelix/modules/ec/common/host_command.c.obj
[ojal:rw] [62/380] Building C object CMakeFiles/app.dir/mnt/host/source/src/platform/ec/build/zephyr/ojal/modules/ec/common/charge_state.c.obj
[lotso:rw] [27/387] Building C object CMakeFiles/app.dir/mnt/host/source/src/platform/ec/zephyr/subsys/pd_controller/pdc_power_mgmt.c.obj
[/mnt/host/source/src/platform/ec/build/zephyr/adlrvp_mchp-lcov]   /mnt/host/source/src/platform/ec/build/zephyr/adlrvp_mchp/build-rw/zephyr/arch/common/CMakeFiles/isr_tables.dir/isr_tables.c.gcno:no functions found
[/mnt/host/source/src/platform/ec/build/zephyr/adlrvp_mchp-lcov] stderr:
[ojal:ro] [58/380] Building C object CMakeFiles/app.dir/mnt/host/source/src/platform/ec/build/zephyr/ojal/modules/ec/common/charger.c.obj
[steelix:rw] [102/395] Building C object CMakeFiles/app.dir/mnt/host/source/src/platform/ec/build/zephyr/steelix/modules/ec/common/event_log.c.obj
[uldren:rw] -- Generated devicetree_generated.h: /mnt/host/source/src/platform/ec/build/zephyr/uldren/build-rw/zephyr/include/generated/zephyr/devicetree_generated.h
[steelix:ro] [53/395] Building C object CMakeFiles/app.dir/mnt/host/source/src/platform/ec/build/zephyr/steelix/modules/ec/common/host_command_task.c.obj
[ojal:rw] [63/380] Building C object CMakeFiles/app.dir/mnt/host/source/src/platform/ec/build/zephyr/ojal/modules/ec/common/charge_manager.c.obj
[/mnt/host/source/src/platform/ec/build/zephyr/skitty-lcov]   /mnt/host/source/src/platform/ec/build/zephyr/skitty/build-rw/CMakeFiles/app.dir/mnt/host/source/src/platform/ec/build/zephyr/skitty/modules/ec/common/cbi_config.c.gcno:no functions found
[pujjolo-ish:singleimage] [52/271] Building C object CMakeFiles/app.dir/mnt/host/source/src/platform/ec/build/zephyr/pujjolo-ish/modules/ec/common/i2c_controller.c.obj
[/mnt/host/source/src/platform/ec/build/zephyr/skitty-lcov] stderr:
[ojal:ro] [59/380] Building C object CMakeFiles/app.dir/mnt/host/source/src/platform/ec/build/zephyr/ojal/modules/ec/common/charge_state.c.obj
[/mnt/host/source/src/platform/ec/build/zephyr/ocelotrvp-npcx-lcov]   /mnt/host/source/src/platform/ec/build/zephyr/ocelotrvp-npcx/build-ro/modules/ec/zephyr/drivers/dsp_comms/CMakeFiles/dsp_comms.proto.nanopb.dir/dsp_comms.proto/nanopb/proto/ec_dsp.pb.c.gcno:no functions found
[/mnt/host/source/src/platform/ec/build/zephyr/ocelotrvp-npcx-lcov] stderr:
[steelix:ro] [54/395] Building C object CMakeFiles/app.dir/mnt/host/source/src/platform/ec/build/zephyr/steelix/modules/ec/common/host_event_commands.c.obj
[ojal:rw] [64/380] Building C object CMakeFiles/app.dir/mnt/host/source/src/platform/ec/build/zephyr/ojal/modules/ec/common/cbi_common.c.obj
[steelix:ro] [55/395] Building C object CMakeFiles/app.dir/mnt/host/source/src/platform/ec/build/zephyr/steelix/modules/ec/common/uart_hostcmd.c.obj
[steelix:rw] [103/395] Building C object CMakeFiles/app.dir/mnt/host/source/src/platform/ec/build/zephyr/steelix/modules/ec/common/pd_log.c.obj
[/mnt/host/source/src/platform/ec/build/zephyr/ocicat-ish-lcov]   /mnt/host/source/src/platform/ec/build/zephyr/ocicat-ish/build-singleimage/zephyr/CMakeFiles/zephyr.dir/lib/libc/validate_libc.c.gcno:no functions found
[/mnt/host/source/src/platform/ec/build/zephyr/ocicat-ish-lcov] stderr:
[ojal:ro] [60/380] Building C object CMakeFiles/app.dir/mnt/host/source/src/platform/ec/build/zephyr/ojal/modules/ec/common/charge_manager.c.obj
[lotso:rw] [28/387] Building C object CMakeFiles/app.dir/mnt/host/source/src/platform/ec/zephyr/subsys/pd_controller/pdc_console.c.obj
[ojal:ro] [61/380] Building C object CMakeFiles/app.dir/mnt/host/source/src/platform/ec/build/zephyr/ojal/modules/ec/common/cbi_common.c.obj
[pujjolo-ish:singleimage] [53/271] Building C object CMakeFiles/app.dir/mnt/host/source/src/platform/ec/build/zephyr/pujjolo-ish/modules/ec/common/i2c_passthru.c.obj
[/mnt/host/source/src/platform/ec/build/zephyr/skitty-lcov]   /mnt/host/source/src/platform/ec/build/zephyr/skitty/build-rw/zephyr/arch/arch/riscv/core/CMakeFiles/arch__riscv__core.dir/cpu_idle.c.gcno:no functions found
[/mnt/host/source/src/platform/ec/build/zephyr/skitty-lcov] stderr:
[ojal:rw] [65/380] Building C object CMakeFiles/app.dir/mnt/host/source/src/platform/ec/build/zephyr/ojal/modules/ec/common/cbi.c.obj
[ojal:rw] [66/380] Building C object CMakeFiles/app.dir/mnt/host/source/src/platform/ec/build/zephyr/ojal/modules/ec/common/cbi_config.c.obj
[steelix:ro] [56/395] Building C object CMakeFiles/app.dir/mnt/host/source/src/platform/ec/build/zephyr/steelix/modules/ec/common/uptime.c.obj
[steelix:rw] [104/395] Building C object CMakeFiles/app.dir/mnt/host/source/src/platform/ec/build/zephyr/steelix/modules/ec/common/usbc/usb_tc_drp_acc_trysrc_sm.c.obj
[steelix:ro] [57/395] Building C object CMakeFiles/app.dir/mnt/host/source/src/platform/ec/build/zephyr/steelix/modules/ec/common/i2c_controller.c.obj
[steelix:ro] [58/395] Building C object CMakeFiles/app.dir/mnt/host/source/src/platform/ec/build/zephyr/steelix/modules/ec/common/i2c_passthru.c.obj
[ojal:ro] [62/380] Building C object CMakeFiles/app.dir/mnt/host/source/src/platform/ec/build/zephyr/ojal/modules/ec/common/cbi_config.c.obj
[pujjolo-ish:singleimage] [54/271] Building C object CMakeFiles/app.dir/mnt/host/source/src/platform/ec/build/zephyr/pujjolo-ish/modules/ec/common/motion_lid.c.obj
[ojal:ro] [63/380] Building C object CMakeFiles/app.dir/mnt/host/source/src/platform/ec/build/zephyr/ojal/modules/ec/common/cbi.c.obj
[ojal:rw] [67/380] Building C object CMakeFiles/app.dir/mnt/host/source/src/platform/ec/build/zephyr/ojal/modules/ec/common/memory_commands.c.obj
[steelix:rw] [105/395] Building C object CMakeFiles/app.dir/mnt/host/source/src/platform/ec/build/zephyr/steelix/modules/ec/common/usbc/usb_prl_sm.c.obj
[ojal:rw] [68/380] Building C object CMakeFiles/app.dir/mnt/host/source/src/platform/ec/build/zephyr/ojal/modules/ec/common/dptf.c.obj
[lotso:rw] [29/387] Building C object CMakeFiles/app.dir/mnt/host/source/src/platform/ec/zephyr/subsys/pd_controller/pdc_host_cmd.c.obj
[steelix:ro] [59/395] Building C object CMakeFiles/app.dir/mnt/host/source/src/platform/ec/build/zephyr/steelix/modules/ec/common/virtual_battery.c.obj
[ojal:ro] [64/380] Building C object CMakeFiles/app.dir/mnt/host/source/src/platform/ec/build/zephyr/ojal/modules/ec/common/memory_commands.c.obj
[pujjolo-ish:singleimage] [55/271] Building C object CMakeFiles/app.dir/mnt/host/source/src/platform/ec/build/zephyr/pujjolo-ish/modules/ec/common/lid_angle.c.obj
[/mnt/host/source/src/platform/ec/build/zephyr/skitty-lcov]   /mnt/host/source/src/platform/ec/build/zephyr/skitty/build-rw/zephyr/arch/common/CMakeFiles/isr_tables.dir/isr_tables.c.gcno:no functions found
[/mnt/host/source/src/platform/ec/build/zephyr/skitty-lcov] stderr:
[ojal:rw] [69/380] Building C object CMakeFiles/app.dir/mnt/host/source/src/platform/ec/build/zephyr/ojal/modules/ec/common/ap_reset_log.c.obj
[ojal:ro] [65/380] Building C object CMakeFiles/app.dir/mnt/host/source/src/platform/ec/build/zephyr/ojal/modules/ec/common/dptf.c.obj
[ojal:rw] [70/380] Building C object CMakeFiles/app.dir/mnt/host/source/src/platform/ec/build/zephyr/ojal/modules/ec/common/espi.c.obj
[steelix:ro] [60/395] Building C object CMakeFiles/app.dir/mnt/host/source/src/platform/ec/build/zephyr/steelix/modules/ec/common/keyboard_scan.c.obj
[steelix:ro] [61/395] Building C object CMakeFiles/app.dir/mnt/host/source/src/platform/ec/build/zephyr/steelix/modules/ec/common/mkbp_fifo.c.obj
[steelix:rw] [106/395] Building C object CMakeFiles/app.dir/mnt/host/source/src/platform/ec/build/zephyr/steelix/modules/ec/common/usbc/usb_pe_drp_sm.c.obj
[lotso:rw] [30/387] Building C object CMakeFiles/app.dir/mnt/host/source/src/platform/ec/zephyr/subsys/pd_controller/pdc_stub.c.obj
[steelix:rw] [107/395] Building C object CMakeFiles/app.dir/mnt/host/source/src/platform/ec/build/zephyr/steelix/modules/ec/common/usbc/usb_pd_dpm.c.obj
[steelix:ro] [62/395] Building C object CMakeFiles/app.dir/mnt/host/source/src/platform/ec/build/zephyr/steelix/modules/ec/common/mkbp_info.c.obj
[ojal:ro] [66/380] Building C object CMakeFiles/app.dir/mnt/host/source/src/platform/ec/build/zephyr/ojal/modules/ec/common/ap_reset_log.c.obj
[pujjolo-ish:singleimage] [56/271] Building C object CMakeFiles/app.dir/mnt/host/source/src/platform/ec/build/zephyr/pujjolo-ish/modules/ec/common/mkbp_event.c.obj
[ojal:ro] [67/380] Building C object CMakeFiles/app.dir/mnt/host/source/src/platform/ec/build/zephyr/ojal/modules/ec/common/espi.c.obj
[ojal:rw] [71/380] Building C object CMakeFiles/app.dir/mnt/host/source/src/platform/ec/build/zephyr/ojal/modules/ec/common/extpower_common.c.obj
[ojal:rw] [72/380] Building C object CMakeFiles/app.dir/mnt/host/source/src/platform/ec/build/zephyr/ojal/modules/ec/common/extpower_gpio.c.obj
[/mnt/host/source/src/platform/ec/build/zephyr/adlrvp_mchp-lcov]   /mnt/host/source/src/platform/ec/build/zephyr/adlrvp_mchp/build-rw/zephyr/CMakeFiles/zephyr.dir/subsys/shell/modules/kernel_service/kernel_shell.c.gcno:no functions found
[/mnt/host/source/src/platform/ec/build/zephyr/adlrvp_mchp-lcov] stderr:
[steelix:ro] [63/395] Building C object CMakeFiles/app.dir/mnt/host/source/src/platform/ec/build/zephyr/steelix/modules/ec/common/keyboard_mkbp.c.obj
[steelix:ro] [64/395] Building C object CMakeFiles/app.dir/mnt/host/source/src/platform/ec/build/zephyr/steelix/modules/ec/common/mkbp_input_devices.c.obj
[pujjolo-ish:singleimage] [57/271] Building C object CMakeFiles/app.dir/mnt/host/source/src/platform/ec/build/zephyr/pujjolo-ish/modules/ec/common/mkbp_fifo.c.obj
[/mnt/host/source/src/platform/ec/build/zephyr/adlrvp_mchp-lcov]   /mnt/host/source/src/platform/ec/build/zephyr/adlrvp_mchp/build-rw/zephyr/CMakeFiles/zephyr.dir/lib/libc/validate_libc.c.gcno:no functions found
[/mnt/host/source/src/platform/ec/build/zephyr/adlrvp_mchp-lcov] stderr:
[ojal:ro] [68/380] Building C object CMakeFiles/app.dir/mnt/host/source/src/platform/ec/build/zephyr/ojal/modules/ec/common/extpower_common.c.obj
[steelix:rw] [108/395] Building C object CMakeFiles/app.dir/mnt/host/source/src/platform/ec/build/zephyr/steelix/modules/ec/common/usbc/usbc_pd_policy.c.obj
[ojal:ro] [69/380] Building C object CMakeFiles/app.dir/mnt/host/source/src/platform/ec/build/zephyr/ojal/modules/ec/common/extpower_gpio.c.obj
[lotso:rw] [31/387] Building C object CMakeFiles/app.dir/mnt/host/source/src/platform/ec/zephyr/subsys/pd_controller/pdc_dpm.c.obj
[steelix:rw] [109/395] Building C object CMakeFiles/app.dir/mnt/host/source/src/platform/ec/build/zephyr/steelix/modules/ec/common/usbc/dp_alt_mode.c.obj
[ojal:rw] [73/380] Building C object CMakeFiles/app.dir/mnt/host/source/src/platform/ec/build/zephyr/ojal/modules/ec/common/fan.c.obj
[ojal:rw] [74/380] Building C object CMakeFiles/app.dir/mnt/host/source/src/platform/ec/build/zephyr/ojal/modules/ec/common/flash.c.obj
[steelix:ro] [65/395] Building C object CMakeFiles/app.dir/mnt/host/source/src/platform/ec/build/zephyr/steelix/modules/ec/common/led_common.c.obj
[/mnt/host/source/src/platform/ec/build/zephyr/ocicat-ish-lcov]   /mnt/host/source/src/platform/ec/build/zephyr/ocicat-ish/build-singleimage/zephyr/kernel/CMakeFiles/kernel.dir/errno.c.gcno:no functions found
[/mnt/host/source/src/platform/ec/build/zephyr/ocicat-ish-lcov] stderr:
[steelix:ro] [66/395] Building C object CMakeFiles/app.dir/mnt/host/source/src/platform/ec/build/zephyr/steelix/modules/ec/common/led_onoff_states.c.obj
[ojal:ro] [70/380] Building C object CMakeFiles/app.dir/mnt/host/source/src/platform/ec/build/zephyr/ojal/modules/ec/common/fan.c.obj
[uldren:rw] warning: PLATFORM_EC_LED_COMMON (defined at /mnt/host/source/src/platform/ec/zephyr/Kconfig.led:5)
[uldren:rw] was assigned the value 'y' but got the value 'n'. Check these unsatisfied dependencies:
[uldren:rw] (!PLATFORM_EC_LED_DT) (=n). See
[uldren:rw] http://docs.zephyrproject.org/latest/kconfig.html#CONFIG_PLATFORM_EC_LED_COMMON and/or look up
[uldren:rw] PLATFORM_EC_LED_COMMON in the menuconfig/guiconfig interface. The Application Development Primer,
[uldren:rw] Setting Configuration Values, and Kconfig - Tips and Best Practices sections of the manual might be
[uldren:rw] helpful too.
[uldren:rw] warning: PLATFORM_EC_LED_ONOFF_STATES (defined at
[uldren:rw] /mnt/host/source/src/platform/ec/zephyr/Kconfig.led:157) was assigned the value 'y' but got the
[uldren:rw] value 'n'. Check these unsatisfied dependencies: PLATFORM_EC_LED_COMMON (=n). See
[uldren:rw] http://docs.zephyrproject.org/latest/kconfig.html#CONFIG_PLATFORM_EC_LED_ONOFF_STATES and/or look up
[uldren:rw] PLATFORM_EC_LED_ONOFF_STATES in the menuconfig/guiconfig interface. The Application Development
[uldren:rw] Primer, Setting Configuration Values, and Kconfig - Tips and Best Practices sections of the manual
[uldren:rw] might be helpful too.
[pujjolo-ish:singleimage] [58/271] Building C object CMakeFiles/app.dir/mnt/host/source/src/platform/ec/build/zephyr/pujjolo-ish/modules/ec/common/motion_sense.c.obj
[ojal:ro] [71/380] Building C object CMakeFiles/app.dir/mnt/host/source/src/platform/ec/build/zephyr/ojal/modules/ec/common/flash.c.obj
[steelix:ro] [67/395] Building C object CMakeFiles/app.dir/mnt/host/source/src/platform/ec/build/zephyr/steelix/modules/ec/common/motion_lid.c.obj
[ojal:rw] [75/380] Building C object CMakeFiles/app.dir/mnt/host/source/src/platform/ec/build/zephyr/ojal/modules/ec/common/host_command.c.obj
[ojal:rw] [76/380] Building C object CMakeFiles/app.dir/mnt/host/source/src/platform/ec/build/zephyr/ojal/modules/ec/common/host_command_task.c.obj
[steelix:rw] [110/395] Building C object CMakeFiles/app.dir/mnt/host/source/src/platform/ec/build/zephyr/steelix/modules/ec/common/usb_pd_console_cmd.c.obj
[steelix:rw] [111/395] Building C object CMakeFiles/app.dir/mnt/host/source/src/platform/ec/build/zephyr/steelix/modules/ec/common/usb_pd_host_cmd.c.obj
[steelix:ro] [68/395] Building C object CMakeFiles/app.dir/mnt/host/source/src/platform/ec/build/zephyr/steelix/modules/ec/common/lid_angle.c.obj
[lotso:rw] [32/387] Building C object CMakeFiles/app.dir/mnt/host/source/src/platform/ec/zephyr/subsys/ucsi/ppm_common.c.obj
[ojal:ro] [72/380] Building C object CMakeFiles/app.dir/mnt/host/source/src/platform/ec/build/zephyr/ojal/modules/ec/common/host_command.c.obj
[uldren:rw] Parsing /mnt/host/source/src/platform/ec/zephyr/program/nissa/Kconfig
[pujjolo-ish:singleimage] [59/271] Building C object CMakeFiles/app.dir/mnt/host/source/src/platform/ec/build/zephyr/pujjolo-ish/modules/ec/common/panic_output.c.obj
[ojal:ro] [73/380] Building C object CMakeFiles/app.dir/mnt/host/source/src/platform/ec/build/zephyr/ojal/modules/ec/common/host_command_task.c.obj
[steelix:ro] [69/395] Building C object CMakeFiles/app.dir/mnt/host/source/src/platform/ec/build/zephyr/steelix/modules/ec/common/lid_angle_keyboard_policy.c.obj
[ojal:rw] [77/380] Building C object CMakeFiles/app.dir/mnt/host/source/src/platform/ec/build/zephyr/ojal/modules/ec/common/uart_hostcmd.c.obj
[ojal:rw] [78/380] Building C object CMakeFiles/app.dir/mnt/host/source/src/platform/ec/build/zephyr/ojal/modules/ec/common/host_event_commands.c.obj
[/mnt/host/source/src/platform/ec/build/zephyr/ocicat-ish-lcov]   /mnt/host/source/src/platform/ec/build/zephyr/ocicat-ish/build-singleimage/zephyr/lib/libc/picolibc/CMakeFiles/lib__libc__picolibc.dir/errno_wrap.c.gcno:no functions found
[/mnt/host/source/src/platform/ec/build/zephyr/ocicat-ish-lcov] stderr:
[steelix:ro] [70/395] Building C object CMakeFiles/app.dir/mnt/host/source/src/platform/ec/build/zephyr/steelix/modules/ec/common/lid_switch.c.obj
[steelix:rw] [112/395] Building C object CMakeFiles/app.dir/mnt/host/source/src/platform/ec/build/zephyr/steelix/modules/ec/common/usbc/usb_pd_host.c.obj
[pujjolo-ish:singleimage] [60/271] Building C object CMakeFiles/app.dir/mnt/host/source/src/platform/ec/build/zephyr/pujjolo-ish/modules/ec/common/sha256.c.obj
[ojal:ro] [74/380] Building C object CMakeFiles/app.dir/mnt/host/source/src/platform/ec/build/zephyr/ojal/modules/ec/common/host_event_commands.c.obj
[/mnt/host/source/src/platform/ec/build/zephyr/ocelotrvp-npcx-lcov]   /mnt/host/source/src/platform/ec/build/zephyr/ocelotrvp-npcx/build-ro/CMakeFiles/app.dir/mnt/host/source/src/platform/ec/build/zephyr/ocelotrvp-npcx/modules/ec/common/cbi_config.c.gcno:no functions found
[/mnt/host/source/src/platform/ec/build/zephyr/ocelotrvp-npcx-lcov] stderr:
[steelix:rw] [113/395] Building C object CMakeFiles/app.dir/mnt/host/source/src/platform/ec/build/zephyr/steelix/modules/ec/zephyr/shim/src/tcpc.c.obj
[steelix:ro] [71/395] Building C object CMakeFiles/app.dir/mnt/host/source/src/platform/ec/build/zephyr/steelix/modules/ec/common/mkbp_event.c.obj
[ojal:ro] [75/380] Building C object CMakeFiles/app.dir/mnt/host/source/src/platform/ec/build/zephyr/ojal/modules/ec/common/uart_hostcmd.c.obj
[ojal:rw] [79/380] Building C object CMakeFiles/app.dir/mnt/host/source/src/platform/ec/build/zephyr/ojal/modules/ec/common/uptime.c.obj
[lotso:rw] [33/387] Building C object CMakeFiles/app.dir/mnt/host/source/src/platform/ec/zephyr/subsys/ucsi/ppm_console.c.obj
[uldren:rw] Loaded configuration '/mnt/host/source/src/platform/ec/zephyr/boards/google/npcx9/npcx9_npcx9m3f_defconfig'
[uldren:rw] Merged configuration '/mnt/host/source/src/platform/ec/zephyr/program/nissa/program.conf'
[uldren:rw] Merged configuration '/mnt/host/source/src/platform/ec/zephyr/program/nissa/npcx_program.conf'
[uldren:rw] Merged configuration '/mnt/host/source/src/platform/ec/zephyr/program/nissa/uldren/project.conf'
[uldren:rw] Merged configuration '/mnt/host/source/src/platform/ec/build/zephyr/uldren/kconfig-rw.conf'
[uldren:rw] Configuration saved to '/mnt/host/source/src/platform/ec/build/zephyr/uldren/build-rw/zephyr/.config'
[uldren:rw] Kconfig header saved to '/mnt/host/source/src/platform/ec/build/zephyr/uldren/build-rw/zephyr/include/generated/zephyr/autoconf.h'
[uldren:rw] -- Found GnuLd: /home/jpmurphy/.cache/coreboot-sdk/arm-eabi/ea40ddd1d190c3b48435c474c0b545719371813a/arm-eabi/bin/ld.bfd (found version "2.43.1")
[/mnt/host/source/src/platform/ec/build/zephyr/skitty-lcov]   /mnt/host/source/src/platform/ec/build/zephyr/skitty/build-rw/zephyr/CMakeFiles/zephyr.dir/subsys/shell/modules/kernel_service/kernel_shell.c.gcno:no functions found
[/mnt/host/source/src/platform/ec/build/zephyr/skitty-lcov] stderr:
[ojal:rw] [80/380] Building C object CMakeFiles/app.dir/mnt/host/source/src/platform/ec/build/zephyr/ojal/modules/ec/common/i2c_controller.c.obj
[steelix:ro] [72/395] Building C object CMakeFiles/app.dir/mnt/host/source/src/platform/ec/build/zephyr/steelix/modules/ec/common/motion_sense.c.obj
[pujjolo-ish:singleimage] [61/271] Building C object CMakeFiles/app.dir/mnt/host/source/src/platform/ec/build/zephyr/pujjolo-ish/modules/ec/common/shared_mem.c.obj
[uldren:rw] -- The C compiler identification is GNU 14.2.0
[steelix:ro] [73/395] Building C object CMakeFiles/app.dir/mnt/host/source/src/platform/ec/build/zephyr/steelix/modules/ec/common/power_button.c.obj
[/mnt/host/source/src/platform/ec/build/zephyr/skitty-lcov]   /mnt/host/source/src/platform/ec/build/zephyr/skitty/build-rw/zephyr/CMakeFiles/zephyr.dir/lib/libc/validate_libc.c.gcno:no functions found
[/mnt/host/source/src/platform/ec/build/zephyr/skitty-lcov] stderr:
[ojal:ro] [76/380] Building C object CMakeFiles/app.dir/mnt/host/source/src/platform/ec/build/zephyr/ojal/modules/ec/common/uptime.c.obj
[uldren:rw] -- The CXX compiler identification is GNU 14.2.0
[steelix:rw] [114/395] Building C object CMakeFiles/app.dir/mnt/host/source/src/platform/ec/build/zephyr/steelix/modules/ec/common/usb_pd_host_cmd_common.c.obj
[uldren:rw] -- The ASM compiler identification is GNU
[uldren:rw] -- Found assembler: /home/jpmurphy/.cache/coreboot-sdk/arm-eabi/ea40ddd1d190c3b48435c474c0b545719371813a/bin/arm-eabi-gcc
[steelix:rw] [115/395] Building C object CMakeFiles/app.dir/mnt/host/source/src/platform/ec/build/zephyr/steelix/modules/ec/common/usbc/svdm_rsp_dfp_only.c.obj
[uldren:rw] warning: Deprecated symbol I2C_ALLOW_NO_STOP_TRANSACTIONS is enabled.
[uldren:rw] CMake Warning at /mnt/host/source/src/platform/ec/zephyr/cmake/linker/ld/linker_libraries.cmake:11 (message):
[uldren:rw]   Disabling c_library
[uldren:rw] Call Stack (most recent call first):
[uldren:rw]   /mnt/host/source/src/third_party/zephyr/main/cmake/target_toolchain_flags.cmake:48 (include)
[uldren:rw]   /mnt/host/source/src/third_party/zephyr/main/cmake/modules/kernel.cmake:153 (include)
[uldren:rw]   /mnt/host/source/src/third_party/zephyr/main/cmake/modules/zephyr_default.cmake:138 (include)
[uldren:rw]   /mnt/host/source/src/third_party/zephyr/main/share/zephyr-package/cmake/ZephyrConfig.cmake:66 (include)
[uldren:rw]   /mnt/host/source/src/third_party/zephyr/main/share/zephyr-package/cmake/ZephyrConfig.cmake:97 (include_boilerplate)
[uldren:rw]   CMakeLists.txt:7 (find_package)
[ojal:ro] [77/380] Building C object CMakeFiles/app.dir/mnt/host/source/src/platform/ec/build/zephyr/ojal/modules/ec/common/i2c_controller.c.obj
[ojal:rw] [81/380] Building C object CMakeFiles/app.dir/mnt/host/source/src/platform/ec/build/zephyr/ojal/modules/ec/common/i2c_passthru.c.obj
[steelix:ro] [74/395] Building C object CMakeFiles/app.dir/mnt/host/source/src/platform/ec/build/zephyr/steelix/modules/ec/power/common.c.obj
[ojal:rw] [82/380] Building C object CMakeFiles/app.dir/mnt/host/source/src/platform/ec/build/zephyr/ojal/modules/ec/common/keyboard_8042.c.obj
[pujjolo-ish:singleimage] [62/271] Building C object CMakeFiles/app.dir/mnt/host/source/src/platform/ec/build/zephyr/pujjolo-ish/modules/ec/driver/stm_mems_common.c.obj
[lotso:rw] [34/387] Building C object CMakeFiles/app.dir/mnt/host/source/src/platform/ec/zephyr/subsys/ucsi/ppm_driver.c.obj
[steelix:ro] [75/395] Building C object CMakeFiles/app.dir/mnt/host/source/src/platform/ec/build/zephyr/steelix/modules/ec/power/host_sleep.c.obj
[ojal:ro] [78/380] Building C object CMakeFiles/app.dir/mnt/host/source/src/platform/ec/build/zephyr/ojal/modules/ec/common/i2c_passthru.c.obj
[/mnt/host/source/src/platform/ec/build/zephyr/ocelotrvp-npcx-lcov]   /mnt/host/source/src/platform/ec/build/zephyr/ocelotrvp-npcx/build-ro/zephyr/arch/arch/arm/core/mpu/CMakeFiles/arch__arm__core__mpu.dir/arm_mpu_regions.c.gcno:no functions found
[/mnt/host/source/src/platform/ec/build/zephyr/ocelotrvp-npcx-lcov] stderr:
[steelix:ro] [76/395] Building C object CMakeFiles/app.dir/mnt/host/source/src/platform/ec/build/zephyr/steelix/modules/ec/power/mt8186.c.obj
[uldren:rw] -- Performing EC specific devicetree checks
[ojal:rw] [83/380] Building C object CMakeFiles/app.dir/mnt/host/source/src/platform/ec/build/zephyr/ojal/modules/ec/common/keyboard_8042_sharedlib.c.obj
[ojal:rw] [84/380] Building C object CMakeFiles/app.dir/mnt/host/source/src/platform/ec/build/zephyr/ojal/modules/ec/common/mkbp_fifo.c.obj
[ojal:ro] [79/380] Building C object CMakeFiles/app.dir/mnt/host/source/src/platform/ec/build/zephyr/ojal/modules/ec/common/keyboard_8042.c.obj
[pujjolo-ish:singleimage] [63/271] Building C object CMakeFiles/app.dir/mnt/host/source/src/platform/ec/build/zephyr/pujjolo-ish/modules/ec/common/tablet_mode.c.obj
[steelix:rw] [116/395] Building C object CMakeFiles/app.dir/mnt/host/source/src/platform/ec/build/zephyr/steelix/modules/ec/common/usbc_ocp.c.obj
[uldren:rw] INFO: Verified 54 GPIOs, no duplicates found
[uldren:rw] INFO: Verified 22 '*-gpios' properties, all flags match.
[uldren:rw] INFO: Skipped 18 named-gpios children.
[steelix:rw] [117/395] Building C object CMakeFiles/app.dir/mnt/host/source/src/platform/ec/build/zephyr/steelix/modules/ec/common/usb_pd_discovery.c.obj
[/mnt/host/source/src/platform/ec/build/zephyr/skitty-lcov]   /mnt/host/source/src/platform/ec/build/zephyr/skitty/build-rw/zephyr/CMakeFiles/zephyr.dir/lib/utils/last_section_id.c.gcno:no functions found
[/mnt/host/source/src/platform/ec/build/zephyr/skitty-lcov] stderr:
[steelix:ro] [77/395] Building C object CMakeFiles/app.dir/mnt/host/source/src/platform/ec/build/zephyr/steelix/modules/ec/common/panic_output.c.obj
[uldren:rw] -- Generating component manifest file
[lotso:rw] [35/387] Building C object CMakeFiles/app.dir/mnt/host/source/src/platform/ec/zephyr/subsys/ucsi/ucsi_host_cmd.c.obj
[ojal:ro] [80/380] Building C object CMakeFiles/app.dir/mnt/host/source/src/platform/ec/build/zephyr/ojal/modules/ec/common/keyboard_8042_sharedlib.c.obj
[/mnt/host/source/src/platform/ec/build/zephyr/ocicat-ish-lcov]   /mnt/host/source/src/platform/ec/build/zephyr/ocicat-ish/build-singleimage/zephyr/drivers/syscon/CMakeFiles/drivers__syscon.dir/mnt/host/source/src/third_party/zephyr/main/misc/empty_file.c.gcno:no functions found
[/mnt/host/source/src/platform/ec/build/zephyr/ocicat-ish-lcov] Filter suppressions 'region':
[uldren:rw] INFO: Running CME, outputting to /mnt/host/source/src/platform/ec/build/zephyr/uldren/build-rw/zephyr/component_manifest.json
[uldren:rw] INFO: Project uldren does not support SSFC
[uldren:rw] INFO: Component virtual-mux-0(cros-ec,usbc-mux-virtual) not on I2C bus, skip it
[uldren:rw] INFO: Component virtual-mux-1(cros-ec,usbc-mux-virtual) not on I2C bus, skip it
[uldren:rw] INFO: Component virtual-mux-1(cros-ec,usbc-mux-virtual) not on I2C bus, skip it
[steelix:ro] [78/395] Building C object CMakeFiles/app.dir/mnt/host/source/src/platform/ec/build/zephyr/steelix/modules/ec/common/sha256.c.obj
[/mnt/host/source/src/platform/ec/build/zephyr/ocicat-ish-lcov]     22 instances
[/mnt/host/source/src/platform/ec/build/zephyr/ocicat-ish-lcov]     20 coverpoints
[/mnt/host/source/src/platform/ec/build/zephyr/ocicat-ish-lcov] Message summary:
[/mnt/host/source/src/platform/ec/build/zephyr/ocicat-ish-lcov]   1 warning message:
[/mnt/host/source/src/platform/ec/build/zephyr/ocicat-ish-lcov]     format: 1
[/mnt/host/source/src/platform/ec/build/zephyr/ocicat-ish-lcov]   9 ignore messages:
[/mnt/host/source/src/platform/ec/build/zephyr/ocicat-ish-lcov]     gcov: 9
[pujjolo-ish:singleimage] [64/271] Building C object CMakeFiles/app.dir/mnt/host/source/src/platform/ec/build/zephyr/pujjolo-ish/modules/ec/common/timer.c.obj
[/mnt/host/source/src/platform/ec/build/zephyr/ocelotrvp-npcx-lcov]   /mnt/host/source/src/platform/ec/build/zephyr/ocelotrvp-npcx/build-ro/zephyr/arch/common/CMakeFiles/isr_tables.dir/isr_tables.c.gcno:no functions found
[/mnt/host/source/src/platform/ec/build/zephyr/ocelotrvp-npcx-lcov] stderr:
[ojal:rw] [85/380] Building C object CMakeFiles/app.dir/mnt/host/source/src/platform/ec/build/zephyr/ojal/modules/ec/common/mkbp_input_devices.c.obj
[steelix:ro] [79/395] Building C object CMakeFiles/app.dir/mnt/host/source/src/platform/ec/build/zephyr/steelix/modules/ec/common/shared_mem.c.obj
[ojal:rw] [86/380] Building C object CMakeFiles/app.dir/mnt/host/source/src/platform/ec/build/zephyr/ojal/modules/ec/common/mkbp_info.c.obj
[ojal:ro] [81/380] Building C object CMakeFiles/app.dir/mnt/host/source/src/platform/ec/build/zephyr/ojal/modules/ec/common/mkbp_fifo.c.obj
[uldren:rw] -- warning_base_override: -Wall;-Wformat;-Wformat-security;-Wformat;-Wno-format-zero-length;-Wno-pointer-sign;-Wpointer-arith;-Wexpansion-to-defined
[steelix:rw] [118/395] Building C object CMakeFiles/app.dir/mnt/host/source/src/platform/ec/build/zephyr/steelix/modules/ec/common/usb_pd_dual_role.c.obj
[steelix:rw] [119/395] Building C object CMakeFiles/app.dir/mnt/host/source/src/platform/ec/build/zephyr/steelix/modules/ec/common/usbc/dp_hpd_gpio.c.obj
[pujjolo-ish:singleimage] [65/271] Building C object CMakeFiles/app.dir/mnt/host/source/src/platform/ec/build/zephyr/pujjolo-ish/modules/ec/common/vstore.c.obj
[uldren:rw] -- Found gen_kobject_list: /mnt/host/source/src/third_party/zephyr/main/scripts/build/gen_kobject_list.py
[ojal:ro] [82/380] Building C object CMakeFiles/app.dir/mnt/host/source/src/platform/ec/build/zephyr/ojal/modules/ec/common/mkbp_info.c.obj
[steelix:ro] [80/395] Building C object CMakeFiles/app.dir/mnt/host/source/src/platform/ec/build/zephyr/steelix/modules/ec/common/switch.c.obj
[lotso:rw] [36/387] Building C object CMakeFiles/app.dir/mnt/host/source/src/platform/ec/build/zephyr/lotso/modules/ec/builtin/stdlib.c.obj
[steelix:ro] [81/395] Building C object CMakeFiles/app.dir/mnt/host/source/src/platform/ec/build/zephyr/steelix/modules/ec/common/spi_flash_reg.c.obj
[ojal:rw] [87/380] Building C object CMakeFiles/app.dir/mnt/host/source/src/platform/ec/build/zephyr/ojal/modules/ec/common/led_common.c.obj
[ojal:rw] [88/380] Building C object CMakeFiles/app.dir/mnt/host/source/src/platform/ec/build/zephyr/ojal/modules/ec/common/lid_switch.c.obj
[steelix:ro] [82/395] Building C object CMakeFiles/app.dir/mnt/host/source/src/platform/ec/build/zephyr/steelix/modules/ec/driver/stm_mems_common.c.obj
[uldren:rw] -- Configuring done (16.2s)
[ojal:ro] [83/380] Building C object CMakeFiles/app.dir/mnt/host/source/src/platform/ec/build/zephyr/ojal/modules/ec/common/mkbp_input_devices.c.obj
[pujjolo-ish:singleimage] [66/271] Building C object CMakeFiles/app.dir/mnt/host/source/src/platform/ec/build/zephyr/pujjolo-ish/modules/ec/common/math_util.c.obj
[steelix:ro] [83/395] Building C object CMakeFiles/app.dir/mnt/host/source/src/platform/ec/build/zephyr/steelix/modules/ec/common/tablet_mode.c.obj
[ojal:ro] [84/380] Building C object CMakeFiles/app.dir/mnt/host/source/src/platform/ec/build/zephyr/ojal/modules/ec/common/led_common.c.obj
[uldren:rw] -- Generating done (0.5s)
[uldren:rw] CMake Warning:
[uldren:rw]   Manually-specified variables were not used by the project:
[uldren:rw]     COREBOOT_SDK_ROOT_libstdcxx_riscv64
[uldren:rw]     COREBOOT_SDK_ROOT_libstdcxx_x86
[uldren:rw]     COREBOOT_SDK_ROOT_nds32
[uldren:rw]     COREBOOT_SDK_ROOT_picolibc_riscv64
[uldren:rw]     COREBOOT_SDK_ROOT_picolibc_x86
[uldren:rw]     COREBOOT_SDK_ROOT_riscv
[uldren:rw]     COREBOOT_SDK_ROOT_riscv64
[uldren:rw]     COREBOOT_SDK_ROOT_x86
[uldren:rw] -- Build files have been written to: /mnt/host/source/src/platform/ec/build/zephyr/uldren/build-rw
[lotso:rw] [37/387] Building C object CMakeFiles/app.dir/mnt/host/source/src/platform/ec/build/zephyr/lotso/modules/ec/common/base32.c.obj
[steelix:rw] [120/395] Building C object CMakeFiles/app.dir/mnt/host/source/src/platform/ec/build/zephyr/steelix/modules/ec/driver/tcpm/anx7447.c.obj
[steelix:rw] [121/395] Building C object CMakeFiles/app.dir/mnt/host/source/src/platform/ec/build/zephyr/steelix/modules/ec/driver/tcpm/rt1718s.c.obj
[ojal:rw] [89/380] Building C object CMakeFiles/app.dir/mnt/host/source/src/platform/ec/build/zephyr/ojal/modules/ec/common/mkbp_event.c.obj
[steelix:ro] [84/395] Building C object CMakeFiles/app.dir/mnt/host/source/src/platform/ec/build/zephyr/steelix/modules/ec/common/timer.c.obj
[ojal:rw] [90/380] Building C object CMakeFiles/app.dir/mnt/host/source/src/platform/ec/build/zephyr/ojal/modules/ec/common/port80.c.obj
[ojal:ro] [85/380] Building C object CMakeFiles/app.dir/mnt/host/source/src/platform/ec/build/zephyr/ojal/modules/ec/common/lid_switch.c.obj
[steelix:ro] [85/395] Building C object CMakeFiles/app.dir/mnt/host/source/src/platform/ec/build/zephyr/steelix/modules/ec/common/usb_charger.c.obj
[steelix:ro] [86/395] Building C object CMakeFiles/app.dir/mnt/host/source/src/platform/ec/build/zephyr/steelix/modules/ec/common/usb_port_power_dumb.c.obj
[pujjolo-ish:singleimage] [67/271] Building C object CMakeFiles/app.dir/pujjolo-ish/src/sensor.c.obj
[pujjolo-ish:singleimage] [68/271] Linking CXX static library app/libapp.a
[ojal:ro] [86/380] Building C object CMakeFiles/app.dir/mnt/host/source/src/platform/ec/build/zephyr/ojal/modules/ec/common/mkbp_event.c.obj
[pujjolo-ish:singleimage] [69/271] Building C object zephyr/CMakeFiles/zephyr.dir/lib/libc/validate_libc.c.obj
[pujjolo-ish:singleimage] [70/271] Building C object zephyr/CMakeFiles/zephyr.dir/lib/cpp/abi/cpp_dtors.c.obj
[steelix:ro] [87/395] Building C object CMakeFiles/app.dir/mnt/host/source/src/platform/ec/build/zephyr/steelix/modules/ec/common/typec_control.c.obj
[ojal:rw] [91/380] Building C object CMakeFiles/app.dir/mnt/host/source/src/platform/ec/build/zephyr/ojal/modules/ec/power/hibernate.c.obj
[ojal:rw] [92/380] Building C object CMakeFiles/app.dir/mnt/host/source/src/platform/ec/build/zephyr/ojal/modules/ec/common/power_button.c.obj
[lotso:rw] [38/387] Building C object CMakeFiles/app.dir/mnt/host/source/src/platform/ec/build/zephyr/lotso/modules/ec/common/console_output.c.obj
[steelix:rw] [122/395] Building C object CMakeFiles/app.dir/mnt/host/source/src/platform/ec/build/zephyr/steelix/modules/ec/common/usbc_ppc.c.obj
[ojal:ro] [87/380] Building C object CMakeFiles/app.dir/mnt/host/source/src/platform/ec/build/zephyr/ojal/modules/ec/common/port80.c.obj
[steelix:rw] [123/395] Building C object CMakeFiles/app.dir/mnt/host/source/src/platform/ec/build/zephyr/steelix/modules/ec/driver/tcpm/tcpci.c.obj
[steelix:ro] [88/395] Building C object CMakeFiles/app.dir/mnt/host/source/src/platform/ec/build/zephyr/steelix/modules/ec/common/usb_pd_pdo.c.obj
[pujjolo-ish:singleimage] [71/271] Building C object zephyr/CMakeFiles/zephyr.dir/lib/heap/heap.c.obj
[pujjolo-ish:singleimage] [72/271] Building C object zephyr/CMakeFiles/zephyr.dir/lib/os/cbprintf_packaged.c.obj
[steelix:ro] [89/395] Building C object CMakeFiles/app.dir/mnt/host/source/src/platform/ec/build/zephyr/steelix/modules/ec/common/usb_common.c.obj
[steelix:ro] [90/395] Building C object CMakeFiles/app.dir/mnt/host/source/src/platform/ec/build/zephyr/steelix/modules/ec/common/usbc/usbc_task.c.obj
[ojal:ro] [88/380] Building C object CMakeFiles/app.dir/mnt/host/source/src/platform/ec/build/zephyr/ojal/modules/ec/common/power_button.c.obj
[ojal:rw] [93/380] Building C object CMakeFiles/app.dir/mnt/host/source/src/platform/ec/build/zephyr/ojal/modules/ec/common/shared_mem.c.obj
[pujjolo-ish:singleimage] [73/271] Building C object zephyr/CMakeFiles/zephyr.dir/lib/os/printk.c.obj
[ojal:rw] [94/380] Building C object CMakeFiles/app.dir/mnt/host/source/src/platform/ec/build/zephyr/ojal/modules/ec/common/panic_output.c.obj
[ojal:ro] [89/380] Building C object CMakeFiles/app.dir/mnt/host/source/src/platform/ec/build/zephyr/ojal/modules/ec/power/hibernate.c.obj
[pujjolo-ish:singleimage] [74/271] Building C object zephyr/CMakeFiles/zephyr.dir/lib/os/clock.c.obj
[steelix:ro] [91/395] Building C object CMakeFiles/app.dir/mnt/host/source/src/platform/ec/build/zephyr/steelix/modules/ec/common/usbc/usb_pd_timer.c.obj
[lotso:rw] [39/387] Building C object CMakeFiles/app.dir/mnt/host/source/src/platform/ec/build/zephyr/lotso/modules/ec/common/ec_features.c.obj
[steelix:rw] [124/395] Building C object CMakeFiles/app.dir/mnt/host/source/src/platform/ec/build/zephyr/steelix/modules/ec/driver/ppc/nx20p348x.c.obj
[steelix:ro] [92/395] Building C object CMakeFiles/app.dir/mnt/host/source/src/platform/ec/build/zephyr/steelix/modules/ec/common/usbc_utils.c.obj
[ojal:ro] [90/380] Building C object CMakeFiles/app.dir/mnt/host/source/src/platform/ec/build/zephyr/ojal/modules/ec/common/panic_output.c.obj
[steelix:rw] [125/395] Building C object CMakeFiles/app.dir/mnt/host/source/src/platform/ec/build/zephyr/steelix/modules/ec/common/vboot_hash.c.obj
[pujjolo-ish:singleimage] [75/271] Building C object zephyr/CMakeFiles/zephyr.dir/lib/os/sem.c.obj
[pujjolo-ish:singleimage] [76/271] Building C object zephyr/CMakeFiles/zephyr.dir/lib/os/thread_entry.c.obj
[steelix:ro] [93/395] Building C object CMakeFiles/app.dir/mnt/host/source/src/platform/ec/build/zephyr/steelix/modules/ec/common/usbc/usb_sm.c.obj
[steelix:ro] [94/395] Building C object CMakeFiles/app.dir/mnt/host/source/src/platform/ec/build/zephyr/steelix/modules/ec/common/usbc_intr_task.c.obj
[ojal:rw] [95/380] Building C object CMakeFiles/app.dir/mnt/host/source/src/platform/ec/build/zephyr/ojal/modules/ec/common/switch.c.obj
[ojal:rw] [96/380] Building C object CMakeFiles/app.dir/mnt/host/source/src/platform/ec/build/zephyr/ojal/modules/ec/common/spi_flash_reg.c.obj
[ojal:ro] [91/380] Building C object CMakeFiles/app.dir/mnt/host/source/src/platform/ec/build/zephyr/ojal/modules/ec/common/shared_mem.c.obj
[pujjolo-ish:singleimage] [77/271] Building C object zephyr/CMakeFiles/zephyr.dir/lib/os/cbprintf_nano.c.obj
[steelix:ro] [95/395] Building C object CMakeFiles/app.dir/mnt/host/source/src/platform/ec/build/zephyr/steelix/modules/ec/common/usb_pd_flags.c.obj
[pujjolo-ish:singleimage] [78/271] Building C object zephyr/CMakeFiles/zephyr.dir/lib/os/assert.c.obj
[ojal:ro] [92/380] Building C object CMakeFiles/app.dir/mnt/host/source/src/platform/ec/build/zephyr/ojal/modules/ec/common/switch.c.obj
[lotso:rw] [40/387] Building C object CMakeFiles/app.dir/mnt/host/source/src/platform/ec/build/zephyr/lotso/modules/ec/common/gpio_commands.c.obj
[steelix:rw] [126/395] Building C object CMakeFiles/app.dir/mnt/host/source/src/platform/ec/build/zephyr/steelix/modules/ec/common/button.c.obj
[/mnt/host/source/src/platform/ec/build/zephyr/ocelotrvp-npcx-lcov]   /mnt/host/source/src/platform/ec/build/zephyr/ocelotrvp-npcx/build-ro/zephyr/CMakeFiles/zephyr.dir/subsys/shell/modules/kernel_service/kernel_shell.c.gcno:no functions found
[/mnt/host/source/src/platform/ec/build/zephyr/ocelotrvp-npcx-lcov] stderr:
[steelix:ro] [96/395] Building C object CMakeFiles/app.dir/mnt/host/source/src/platform/ec/build/zephyr/steelix/modules/ec/common/chargen.c.obj
[ojal:rw] [97/380] Building C object CMakeFiles/app.dir/mnt/host/source/src/platform/ec/build/zephyr/ojal/modules/ec/common/thermal.c.obj
[pujjolo-ish:singleimage] [79/271] Building C object zephyr/CMakeFiles/zephyr.dir/lib/os/mpsc_pbuf.c.obj
[ojal:ro] [93/380] Building C object CMakeFiles/app.dir/mnt/host/source/src/platform/ec/build/zephyr/ojal/modules/ec/common/spi_flash_reg.c.obj
[steelix:rw] [127/395] Building C object CMakeFiles/app.dir/mnt/host/source/src/platform/ec/build/zephyr/steelix/modules/ec/common/vboot/efs2.c.obj
[steelix:ro] [97/395] Building C object CMakeFiles/app.dir/mnt/host/source/src/platform/ec/build/zephyr/steelix/modules/ec/common/usbc/usb_pd_console.c.obj
[ojal:rw] [98/380] Building C object CMakeFiles/app.dir/mnt/host/source/src/platform/ec/build/zephyr/ojal/modules/ec/common/temp_sensor.c.obj
[pujjolo-ish:singleimage] [80/271] Building C object zephyr/CMakeFiles/zephyr.dir/lib/os/reboot.c.obj
[steelix:ro] [98/395] Building C object CMakeFiles/app.dir/mnt/host/source/src/platform/ec/build/zephyr/steelix/modules/ec/driver/usb_mux/usb_mux.c.obj
[/mnt/host/source/src/platform/ec/build/zephyr/ocelotrvp-npcx-lcov]   /mnt/host/source/src/platform/ec/build/zephyr/ocelotrvp-npcx/build-ro/zephyr/CMakeFiles/zephyr.dir/lib/libc/validate_libc.c.gcno:no functions found
[/mnt/host/source/src/platform/ec/build/zephyr/ocelotrvp-npcx-lcov] stderr:
[pujjolo-ish:singleimage] [81/271] Building C object zephyr/CMakeFiles/zephyr.dir/lib/utils/dec.c.obj
[pujjolo-ish:singleimage] [82/271] Building C object zephyr/CMakeFiles/zephyr.dir/lib/utils/hex.c.obj
[ojal:ro] [94/380] Building C object CMakeFiles/app.dir/mnt/host/source/src/platform/ec/build/zephyr/ojal/modules/ec/common/thermal.c.obj
[steelix:ro] [99/395] Building C object CMakeFiles/app.dir/mnt/host/source/src/platform/ec/build/zephyr/steelix/modules/ec/driver/usb_mux/ps8743.c.obj
[lotso:rw] [41/387] Building C object CMakeFiles/app.dir/mnt/host/source/src/platform/ec/build/zephyr/lotso/modules/ec/common/peripheral.c.obj
[ojal:rw] [99/380] Building C object CMakeFiles/app.dir/mnt/host/source/src/platform/ec/build/zephyr/ojal/modules/ec/driver/temp_sensor/thermistor.c.obj
[steelix:rw] [128/395] Building C object CMakeFiles/app.dir/mnt/host/source/src/platform/ec/build/zephyr/steelix/modules/ec/common/vstore.c.obj
[ojal:rw] [100/380] Building C object CMakeFiles/app.dir/mnt/host/source/src/platform/ec/build/zephyr/ojal/modules/ec/common/timer.c.obj
[ojal:ro] [95/380] Building C object CMakeFiles/app.dir/mnt/host/source/src/platform/ec/build/zephyr/ojal/modules/ec/common/temp_sensor.c.obj
[steelix:rw] [129/395] Building C object CMakeFiles/app.dir/mnt/host/source/src/platform/ec/build/zephyr/steelix/modules/ec/common/math_util.c.obj
[pujjolo-ish:singleimage] [83/271] Building C object zephyr/CMakeFiles/zephyr.dir/lib/utils/rb.c.obj
[pujjolo-ish:singleimage] [84/271] Building C object zephyr/CMakeFiles/zephyr.dir/lib/utils/timeutil.c.obj
[steelix:ro] [100/395] Building C object CMakeFiles/app.dir/mnt/host/source/src/platform/ec/build/zephyr/steelix/modules/ec/driver/usb_mux/virtual.c.obj
[steelix:ro] [101/395] Building C object CMakeFiles/app.dir/mnt/host/source/src/platform/ec/build/zephyr/steelix/modules/ec/common/dps.c.obj
[steelix:ro] [102/395] Building C object CMakeFiles/app.dir/mnt/host/source/src/platform/ec/build/zephyr/steelix/modules/ec/common/event_log.c.obj
[pujjolo-ish:singleimage] [85/271] Building C object zephyr/CMakeFiles/zephyr.dir/lib/utils/bitmask.c.obj
[ojal:ro] [96/380] Building C object CMakeFiles/app.dir/mnt/host/source/src/platform/ec/build/zephyr/ojal/modules/ec/driver/temp_sensor/thermistor.c.obj
[ojal:rw] [101/380] Building C object CMakeFiles/app.dir/mnt/host/source/src/platform/ec/build/zephyr/ojal/modules/ec/common/usbc_utils.c.obj
[lotso:rw] [42/387] Building C object CMakeFiles/app.dir/mnt/host/source/src/platform/ec/build/zephyr/lotso/modules/ec/common/printf.c.obj
[pujjolo-ish:singleimage] [86/271] Building C object zephyr/CMakeFiles/zephyr.dir/lib/utils/bitarray.c.obj
[ojal:rw] [102/380] Building C object CMakeFiles/app.dir/mnt/host/source/src/platform/ec/build/zephyr/ojal/modules/ec/common/usb_common.c.obj
[steelix:ro] [103/395] Building C object CMakeFiles/app.dir/mnt/host/source/src/platform/ec/build/zephyr/steelix/modules/ec/common/pd_log.c.obj
[ojal:ro] [97/380] Building C object CMakeFiles/app.dir/mnt/host/source/src/platform/ec/build/zephyr/ojal/modules/ec/common/timer.c.obj
[/mnt/host/source/src/platform/ec/build/zephyr/ocelotrvp-npcx-lcov]   /mnt/host/source/src/platform/ec/build/zephyr/ocelotrvp-npcx/build-ro/zephyr/CMakeFiles/zephyr.dir/lib/utils/last_section_id.c.gcno:no functions found
[/mnt/host/source/src/platform/ec/build/zephyr/ocelotrvp-npcx-lcov] stderr:
[pujjolo-ish:singleimage] [87/271] Building C object zephyr/CMakeFiles/zephyr.dir/lib/utils/getopt/getopt.c.obj
[steelix:rw] [130/395] Building C object CMakeFiles/app.dir/src/board.c.obj
[steelix:rw] [131/395] Building C object CMakeFiles/app.dir/src/hibernate.c.obj
[pujjolo-ish:singleimage] [88/271] Building C object zephyr/CMakeFiles/zephyr.dir/lib/utils/getopt/getopt_common.c.obj
[ojal:ro] [98/380] Building C object CMakeFiles/app.dir/mnt/host/source/src/platform/ec/build/zephyr/ojal/modules/ec/common/usbc_utils.c.obj
[pujjolo-ish:singleimage] [89/271] Building C object zephyr/CMakeFiles/zephyr.dir/lib/utils/ring_buffer.c.obj
[steelix:ro] [104/395] Building C object CMakeFiles/app.dir/mnt/host/source/src/platform/ec/build/zephyr/steelix/modules/ec/common/usbc/usb_tc_drp_acc_trysrc_sm.c.obj
[pujjolo-ish:singleimage] [90/271] Building C object zephyr/CMakeFiles/zephyr.dir/misc/generated/configs.c.obj
[ojal:rw] [103/380] Building C object CMakeFiles/app.dir/mnt/host/source/src/platform/ec/build/zephyr/ojal/modules/ec/common/usb_pd_host_cmd_common.c.obj
[ojal:rw] [104/380] Building C object CMakeFiles/app.dir/mnt/host/source/src/platform/ec/build/zephyr/ojal/modules/ec/common/vboot_hash.c.obj
[lotso:rw] [43/387] Building C object CMakeFiles/app.dir/mnt/host/source/src/platform/ec/build/zephyr/lotso/modules/ec/common/queue.c.obj
[steelix:ro] [105/395] Building C object CMakeFiles/app.dir/mnt/host/source/src/platform/ec/build/zephyr/steelix/modules/ec/common/usbc/usb_prl_sm.c.obj
[ojal:ro] [99/380] Building C object CMakeFiles/app.dir/mnt/host/source/src/platform/ec/build/zephyr/ojal/modules/ec/common/usb_common.c.obj
[pujjolo-ish:singleimage] [91/271] Building C object zephyr/CMakeFiles/zephyr.dir/soc/intel/intel_ish/intel_ish5/soc.c.obj
[steelix:ro] [106/395] Building C object CMakeFiles/app.dir/mnt/host/source/src/platform/ec/build/zephyr/steelix/modules/ec/common/usbc/usb_pe_drp_sm.c.obj
[steelix:ro] [107/395] Building C object CMakeFiles/app.dir/mnt/host/source/src/platform/ec/build/zephyr/steelix/modules/ec/common/usbc/usb_pd_dpm.c.obj
[pujjolo-ish:singleimage] [92/271] Building C object zephyr/CMakeFiles/zephyr.dir/soc/intel/intel_ish/intel_ish5/pm/power.c.obj
[ojal:ro] [100/380] Building C object CMakeFiles/app.dir/mnt/host/source/src/platform/ec/build/zephyr/ojal/modules/ec/common/usb_pd_host_cmd_common.c.obj
[steelix:rw] [132/395] Building C object CMakeFiles/app.dir/src/usbc.c.obj
[steelix:rw] [133/395] Building C object CMakeFiles/app.dir/src/usb_pd_policy.c.obj
[ojal:rw] [105/380] Building C object CMakeFiles/app.dir/mnt/host/source/src/platform/ec/build/zephyr/ojal/modules/ec/common/vstore.c.obj
[ojal:rw] [106/380] Building C object CMakeFiles/app.dir/mnt/host/source/src/platform/ec/build/zephyr/ojal/modules/ec/common/button.c.obj
[ojal:ro] [101/380] Building C object CMakeFiles/app.dir/mnt/host/source/src/platform/ec/build/zephyr/ojal/modules/ec/common/vboot_hash.c.obj
[steelix:ro] [108/395] Building C object CMakeFiles/app.dir/mnt/host/source/src/platform/ec/build/zephyr/steelix/modules/ec/common/usbc/usbc_pd_policy.c.obj
[pujjolo-ish:singleimage] [93/271] Building C object zephyr/CMakeFiles/zephyr.dir/subsys/logging/log_core.c.obj
[pujjolo-ish:singleimage] [94/271] Building C object zephyr/CMakeFiles/zephyr.dir/subsys/logging/log_mgmt.c.obj
[steelix:ro] [109/395] Building C object CMakeFiles/app.dir/mnt/host/source/src/platform/ec/build/zephyr/steelix/modules/ec/common/usbc/dp_alt_mode.c.obj
[lotso:rw] [44/387] Building C object CMakeFiles/app.dir/mnt/host/source/src/platform/ec/build/zephyr/lotso/modules/ec/common/system.c.obj
[ojal:ro] [102/380] Building C object CMakeFiles/app.dir/mnt/host/source/src/platform/ec/build/zephyr/ojal/modules/ec/common/button.c.obj
[pujjolo-ish:singleimage] [95/271] Building C object zephyr/CMakeFiles/zephyr.dir/subsys/logging/log_cache.c.obj
[ojal:rw] [107/380] Building C object CMakeFiles/app.dir/mnt/host/source/src/platform/ec/build/zephyr/ojal/modules/ec/common/math_util.c.obj
[steelix:rw] [134/395] Building C object CMakeFiles/app.dir/src/board_chipset.c.obj
[steelix:ro] [110/395] Building C object CMakeFiles/app.dir/mnt/host/source/src/platform/ec/build/zephyr/steelix/modules/ec/common/usb_pd_console_cmd.c.obj
[steelix:ro] [111/395] Building C object CMakeFiles/app.dir/mnt/host/source/src/platform/ec/build/zephyr/steelix/modules/ec/common/usb_pd_host_cmd.c.obj
[pujjolo-ish:singleimage] [96/271] Building C object zephyr/CMakeFiles/zephyr.dir/subsys/logging/log_msg.c.obj
[ojal:rw] [108/380] Building C object CMakeFiles/app.dir/mnt/host/source/src/platform/ec/build/zephyr/ojal/modules/ec/driver/led/max695x.c.obj
[ojal:ro] [103/380] Building C object CMakeFiles/app.dir/mnt/host/source/src/platform/ec/build/zephyr/ojal/modules/ec/common/vstore.c.obj
[steelix:rw] [135/395] Building C object CMakeFiles/app.dir/src/variant_db_detection.c.obj
[ojal:ro] [104/380] Building C object CMakeFiles/app.dir/mnt/host/source/src/platform/ec/build/zephyr/ojal/modules/ec/common/math_util.c.obj
[pujjolo-ish:singleimage] [97/271] Building C object zephyr/CMakeFiles/zephyr.dir/subsys/logging/log_output.c.obj
[steelix:ro] [112/395] Building C object CMakeFiles/app.dir/mnt/host/source/src/platform/ec/build/zephyr/steelix/modules/ec/common/usbc/usb_pd_host.c.obj
[/mnt/host/source/src/platform/ec/build/zephyr/ocelotrvp-npcx-lcov]   /mnt/host/source/src/platform/ec/build/zephyr/ocelotrvp-npcx/build-ro/zephyr/CMakeFiles/zephyr.dir/soc/nuvoton/npcx/common/npcxn/registers.c.gcno:no functions found
[/mnt/host/source/src/platform/ec/build/zephyr/ocelotrvp-npcx-lcov] stderr:
[ojal:rw] [109/380] Building C object CMakeFiles/app.dir/ojal/src/board_power.c.obj
[pujjolo-ish:singleimage] [98/271] Building C object zephyr/CMakeFiles/zephyr.dir/subsys/pm/pm.c.obj
[lotso:rw] [45/387] Building C object CMakeFiles/app.dir/mnt/host/source/src/platform/ec/build/zephyr/lotso/modules/ec/common/system_boot_time.c.obj
[steelix:ro] [113/395] Building C object CMakeFiles/app.dir/mnt/host/source/src/platform/ec/build/zephyr/steelix/modules/ec/zephyr/shim/src/tcpc.c.obj
[pujjolo-ish:singleimage] [99/271] Building C object zephyr/CMakeFiles/zephyr.dir/subsys/pm/state.c.obj
[steelix:rw] [136/395] Building C object CMakeFiles/app.dir/src/npcx_i2c.c.obj
[ojal:rw] [110/380] Building C object CMakeFiles/app.dir/ojal/src/keyboard_customization.c.obj
[steelix:ro] [114/395] Building C object CMakeFiles/app.dir/mnt/host/source/src/platform/ec/build/zephyr/steelix/modules/ec/common/usbc/svdm_rsp_dfp_only.c.obj
[ojal:ro] [105/380] Building C object CMakeFiles/app.dir/mnt/host/source/src/platform/ec/build/zephyr/ojal/modules/ec/driver/led/max695x.c.obj
[ojal:rw] [111/380] Linking C static library app/libapp.a
[steelix:ro] [115/395] Building C object CMakeFiles/app.dir/mnt/host/source/src/platform/ec/build/zephyr/steelix/modules/ec/common/usb_pd_host_cmd_common.c.obj
[ojal:ro] [106/380] Building C object CMakeFiles/app.dir/ojal/src/board_power.c.obj
[ojal:rw] [112/380] Building C object zephyr/CMakeFiles/zephyr.dir/lib/libc/validate_libc.c.obj
[pujjolo-ish:singleimage] [100/271] Building C object zephyr/CMakeFiles/zephyr.dir/subsys/pm/policy/policy_events.c.obj
[pujjolo-ish:singleimage] [101/271] Building C object zephyr/CMakeFiles/zephyr.dir/subsys/pm/policy/policy_latency.c.obj
[steelix:rw] [137/395] Building C object CMakeFiles/app.dir/src/npcx_usb_pd_policy.c.obj
[steelix:ro] [116/395] Building C object CMakeFiles/app.dir/mnt/host/source/src/platform/ec/build/zephyr/steelix/modules/ec/common/usbc_ocp.c.obj
[ojal:ro] [107/380] Building C object CMakeFiles/app.dir/ojal/src/keyboard_customization.c.obj
[lotso:rw] [46/387] Building C object CMakeFiles/app.dir/mnt/host/source/src/platform/ec/build/zephyr/lotso/modules/ec/common/uart_printf.c.obj
[pujjolo-ish:singleimage] [102/271] Building C object zephyr/CMakeFiles/zephyr.dir/subsys/pm/policy/policy_state_lock.c.obj
[ojal:rw] [113/380] Building C object zephyr/CMakeFiles/zephyr.dir/lib/os/cbprintf_packaged.c.obj
[ojal:ro] [108/380] Building C object zephyr/CMakeFiles/zephyr.dir/lib/libc/validate_libc.c.obj
[pujjolo-ish:singleimage] [103/271] Building C object zephyr/CMakeFiles/zephyr.dir/subsys/pm/policy/policy_default.c.obj
[ojal:rw] [114/380] Building C object zephyr/CMakeFiles/zephyr.dir/lib/heap/heap.c.obj
[ojal:ro] [109/380] Linking C static library app/libapp.a
[steelix:ro] [117/395] Building C object CMakeFiles/app.dir/mnt/host/source/src/platform/ec/build/zephyr/steelix/modules/ec/common/usb_pd_discovery.c.obj
[steelix:ro] [118/395] Building C object CMakeFiles/app.dir/mnt/host/source/src/platform/ec/build/zephyr/steelix/modules/ec/common/usb_pd_dual_role.c.obj
[steelix:rw] [138/395] Building C object CMakeFiles/app.dir/src/npcx_usbc.c.obj
[steelix:ro] [119/395] Building C object CMakeFiles/app.dir/mnt/host/source/src/platform/ec/build/zephyr/steelix/modules/ec/common/usbc/dp_hpd_gpio.c.obj
[pujjolo-ish:singleimage] [104/271] Building C object zephyr/CMakeFiles/zephyr.dir/subsys/pm/device.c.obj
[ojal:ro] [110/380] Building C object zephyr/CMakeFiles/zephyr.dir/lib/heap/heap.c.obj
[pujjolo-ish:singleimage] [105/271] Building C object zephyr/CMakeFiles/zephyr.dir/subsys/pm/device_system_managed.c.obj
[steelix:rw] [139/395] Building C object CMakeFiles/app.dir/steelix/src/board.c.obj
[steelix:rw] [140/395] Building C object zephyr/CMakeFiles/zephyr.dir/lib/libc/validate_libc.c.obj
[steelix:rw] [141/395] Building C object zephyr/CMakeFiles/zephyr.dir/lib/heap/heap.c.obj
[steelix:rw] [142/395] Building C object zephyr/CMakeFiles/zephyr.dir/lib/os/cbprintf_packaged.c.obj
[ojal:rw] [115/380] Building C object zephyr/CMakeFiles/zephyr.dir/lib/os/printk.c.obj
[ojal:rw] [116/380] Building C object zephyr/CMakeFiles/zephyr.dir/lib/os/clock.c.obj
[steelix:rw] [143/395] Building C object zephyr/CMakeFiles/zephyr.dir/lib/os/clock.c.obj
[steelix:rw] [144/395] Building C object zephyr/CMakeFiles/zephyr.dir/lib/os/printk.c.obj
[steelix:rw] [145/395] Building C object zephyr/CMakeFiles/zephyr.dir/lib/os/sem.c.obj
[steelix:rw] [146/395] Building C object zephyr/CMakeFiles/zephyr.dir/lib/os/thread_entry.c.obj
[ojal:ro] [111/380] Building C object zephyr/CMakeFiles/zephyr.dir/lib/os/cbprintf_packaged.c.obj
[steelix:rw] [147/395] Building C object zephyr/CMakeFiles/zephyr.dir/lib/os/cbprintf_nano.c.obj
[steelix:rw] [148/395] Building C object zephyr/CMakeFiles/zephyr.dir/lib/os/cbprintf.c.obj
[steelix:rw] [149/395] Building C object zephyr/CMakeFiles/zephyr.dir/lib/os/assert.c.obj
[steelix:rw] [150/395] Building C object zephyr/CMakeFiles/zephyr.dir/lib/utils/dec.c.obj
[steelix:rw] [151/395] Building C object zephyr/CMakeFiles/zephyr.dir/lib/utils/hex.c.obj
[steelix:rw] [152/395] Building C object zephyr/CMakeFiles/zephyr.dir/lib/utils/rb.c.obj
[steelix:rw] [153/395] Building C object zephyr/CMakeFiles/zephyr.dir/lib/utils/timeutil.c.obj
[lotso:rw] [47/387] Building C object CMakeFiles/app.dir/mnt/host/source/src/platform/ec/build/zephyr/lotso/modules/ec/common/util.c.obj
[steelix:rw] [154/395] Building C object zephyr/CMakeFiles/zephyr.dir/lib/utils/bitarray.c.obj
[pujjolo-ish:singleimage] [106/271] Building C object zephyr/CMakeFiles/zephyr.dir/subsys/testsuite/coverage/coverage.c.obj
[steelix:rw] [155/395] Building C object zephyr/CMakeFiles/zephyr.dir/lib/utils/bitmask.c.obj
[steelix:ro] [120/395] Building C object CMakeFiles/app.dir/mnt/host/source/src/platform/ec/build/zephyr/steelix/modules/ec/driver/tcpm/anx7447.c.obj
[steelix:rw] [156/395] Building C object zephyr/CMakeFiles/zephyr.dir/lib/utils/getopt/getopt.c.obj
[steelix:rw] [157/395] Building C object zephyr/CMakeFiles/zephyr.dir/lib/utils/getopt/getopt_common.c.obj
[steelix:rw] [158/395] Building C object zephyr/CMakeFiles/zephyr.dir/lib/utils/ring_buffer.c.obj
[steelix:rw] [159/395] Building C object zephyr/CMakeFiles/zephyr.dir/lib/utils/last_section_id.c.obj
[steelix:rw] [160/395] Building C object zephyr/CMakeFiles/zephyr.dir/misc/generated/configs.c.obj
[steelix:rw] [161/395] Building C object zephyr/CMakeFiles/zephyr.dir/soc/nuvoton/npcx/common/power.c.obj
[steelix:rw] [162/395] Building C object zephyr/CMakeFiles/zephyr.dir/soc/nuvoton/npcx/common/scfg.c.obj
[pujjolo-ish:singleimage] [107/271] Building C object zephyr/CMakeFiles/zephyr.dir/subsys/tracing/tracing_none.c.obj
[steelix:rw] [163/395] Building C object zephyr/CMakeFiles/zephyr.dir/soc/nuvoton/npcx/common/npcxn/registers.c.obj
[ojal:ro] [112/380] Building C object zephyr/CMakeFiles/zephyr.dir/lib/os/clock.c.obj
[steelix:rw] [164/395] Building C object zephyr/CMakeFiles/zephyr.dir/soc/nuvoton/npcx/npcx9/soc.c.obj
[steelix:ro] [121/395] Building C object CMakeFiles/app.dir/mnt/host/source/src/platform/ec/build/zephyr/steelix/modules/ec/driver/tcpm/rt1718s.c.obj
[steelix:rw] [165/395] Building C object zephyr/CMakeFiles/zephyr.dir/subsys/mem_mgmt/mem_attr.c.obj
[steelix:rw] [166/395] Building C object zephyr/CMakeFiles/zephyr.dir/subsys/pm/pm.c.obj
[steelix:rw] [167/395] Building C object zephyr/CMakeFiles/zephyr.dir/subsys/pm/state.c.obj
[ojal:rw] [117/380] Building C object zephyr/CMakeFiles/zephyr.dir/lib/os/sem.c.obj
[steelix:rw] [168/395] Building C object CMakeFiles/app.dir/steelix/src/led.c.obj
[steelix:rw] [169/395] Building C object zephyr/CMakeFiles/zephyr.dir/subsys/pm/policy/policy_events.c.obj
[steelix:rw] [170/395] Building C object zephyr/CMakeFiles/zephyr.dir/subsys/pm/policy/policy_latency.c.obj
[ojal:rw] [118/380] Building C object zephyr/CMakeFiles/zephyr.dir/lib/os/thread_entry.c.obj
[steelix:rw] [171/395] Building C object zephyr/CMakeFiles/zephyr.dir/subsys/pm/policy/policy_state_lock.c.obj
[steelix:rw] [172/395] Building C object zephyr/CMakeFiles/zephyr.dir/subsys/pm/device.c.obj
[steelix:rw] [173/395] Building C object zephyr/CMakeFiles/zephyr.dir/subsys/pm/device_system_managed.c.obj
[steelix:rw] [174/395] Building C object zephyr/CMakeFiles/zephyr.dir/subsys/testsuite/coverage/coverage.c.obj
[steelix:rw] [175/395] Building C object zephyr/CMakeFiles/zephyr.dir/subsys/tracing/tracing_none.c.obj
[pujjolo-ish:singleimage] [108/271] Building C object zephyr/CMakeFiles/zephyr.dir/subsys/shell/modules/kernel_service/kernel_shell.c.obj
[steelix:rw] [176/395] Building C object zephyr/CMakeFiles/zephyr.dir/subsys/shell/modules/kernel_service/kernel_shell.c.obj
[steelix:ro] [122/395] Building C object CMakeFiles/app.dir/mnt/host/source/src/platform/ec/build/zephyr/steelix/modules/ec/driver/tcpm/tcpci.c.obj
[steelix:rw] [177/395] Building C object zephyr/CMakeFiles/zephyr.dir/subsys/shell/modules/kernel_service/cycles.c.obj
[ojal:ro] [113/380] Building C object zephyr/CMakeFiles/zephyr.dir/lib/os/printk.c.obj
[steelix:rw] [178/395] Building C object zephyr/CMakeFiles/zephyr.dir/subsys/shell/modules/kernel_service/sleep.c.obj
[steelix:ro] [123/395] Building C object CMakeFiles/app.dir/mnt/host/source/src/platform/ec/build/zephyr/steelix/modules/ec/common/usbc_ppc.c.obj
[steelix:rw] [179/395] Building C object zephyr/CMakeFiles/zephyr.dir/subsys/shell/modules/kernel_service/uptime.c.obj
[steelix:rw] [180/395] Linking C static library app/libapp.a
[steelix:rw] [181/395] Building C object zephyr/CMakeFiles/zephyr.dir/subsys/shell/modules/kernel_service/version.c.obj
[steelix:rw] [182/395] Building C object zephyr/CMakeFiles/zephyr.dir/subsys/shell/modules/kernel_service/thread/thread.c.obj
[steelix:rw] [183/395] Building C object zephyr/CMakeFiles/zephyr.dir/subsys/shell/modules/kernel_service/thread/list.c.obj
[steelix:rw] [184/395] Building C object zephyr/CMakeFiles/zephyr.dir/subsys/shell/modules/kernel_service/thread/stacks.c.obj
[steelix:rw] [185/395] Building C object zephyr/CMakeFiles/zephyr.dir/subsys/shell/modules/kernel_service/thread/suspend.c.obj
[steelix:rw] [186/395] Building C object zephyr/CMakeFiles/zephyr.dir/subsys/shell/modules/kernel_service/thread/resume.c.obj
[steelix:rw] [187/395] Building C object zephyr/CMakeFiles/zephyr.dir/subsys/shell/modules/kernel_service/thread/kill.c.obj
[steelix:rw] [188/395] Building C object zephyr/CMakeFiles/zephyr.dir/subsys/shell/backends/shell_uart.c.obj
[steelix:rw] [189/395] Building C object zephyr/CMakeFiles/zephyr.dir/subsys/shell/shell.c.obj
[pujjolo-ish:singleimage] [109/271] Building C object zephyr/CMakeFiles/zephyr.dir/subsys/shell/modules/kernel_service/cycles.c.obj
[steelix:rw] [190/395] Building C object zephyr/CMakeFiles/zephyr.dir/subsys/shell/shell_fprintf.c.obj
[steelix:rw] [191/395] Building C object zephyr/CMakeFiles/zephyr.dir/subsys/shell/shell_utils.c.obj
[steelix:rw] [192/395] Building C object zephyr/CMakeFiles/zephyr.dir/subsys/shell/shell_ops.c.obj
[steelix:rw] [193/395] Building C object zephyr/CMakeFiles/zephyr.dir/subsys/shell/shell_help.c.obj
[steelix:rw] [194/395] Building C object zephyr/CMakeFiles/zephyr.dir/subsys/shell/shell_history.c.obj
[steelix:rw] [195/395] Building C object zephyr/CMakeFiles/zephyr.dir/drivers/flash/flash_util.c.obj
[steelix:rw] [196/395] Building C object zephyr/arch/common/CMakeFiles/arch__common.dir/sw_isr_common.c.obj
[steelix:rw] [197/395] Building C object zephyr/arch/common/CMakeFiles/arch__common.dir/init.c.obj
[steelix:rw] [198/395] Building C object zephyr/arch/common/CMakeFiles/arch__common.dir/xip.c.obj
[steelix:rw] [199/395] Building C object zephyr/arch/common/CMakeFiles/isr_tables.dir/isr_tables.c.obj
[ojal:rw] [119/380] Building C object zephyr/CMakeFiles/zephyr.dir/lib/os/cbprintf_nano.c.obj
[ojal:ro] [114/380] Building C object zephyr/CMakeFiles/zephyr.dir/lib/os/sem.c.obj
[steelix:rw] [200/395] Linking C static library zephyr/libzephyr.a
[lotso:rw] [48/387] Building C object CMakeFiles/app.dir/mnt/host/source/src/platform/ec/build/zephyr/lotso/modules/ec/common/version.c.obj
[steelix:rw] [201/395] Linking C static library zephyr/arch/common/libisr_tables.a
[steelix:rw] [202/395] Building C object zephyr/arch/arch/arm/core/CMakeFiles/arch__arm__core.dir/fatal.c.obj
[steelix:rw] [203/395] Building C object zephyr/arch/arch/arm/core/CMakeFiles/arch__arm__core.dir/nmi.c.obj
[ojal:rw] [120/380] Building C object zephyr/CMakeFiles/zephyr.dir/lib/os/cbprintf.c.obj
[pujjolo-ish:singleimage] [110/271] Building C object zephyr/CMakeFiles/zephyr.dir/subsys/shell/modules/kernel_service/sleep.c.obj
[steelix:rw] [204/395] Linking C static library zephyr/arch/common/libarch__common.a
[steelix:rw] [205/395] Building C object zephyr/arch/arch/arm/core/cortex_m/CMakeFiles/arch__arm__core__cortex_m.dir/exc_exit.c.obj
[steelix:rw] [206/395] Building C object zephyr/arch/arch/arm/core/cortex_m/CMakeFiles/arch__arm__core__cortex_m.dir/fault.c.obj
[/mnt/host/source/src/platform/ec/build/zephyr/adlrvp_mchp-lcov]   /mnt/host/source/src/platform/ec/build/zephyr/adlrvp_mchp/build-rw/zephyr/CMakeFiles/zephyr.dir/lib/utils/last_section_id.c.gcno:no functions found
[/mnt/host/source/src/platform/ec/build/zephyr/adlrvp_mchp-lcov] Filter suppressions 'region':
[steelix:rw] [207/395] Building ASM object zephyr/arch/arch/arm/core/CMakeFiles/arch__arm__core.dir/nmi_on_reset.S.obj
[steelix:ro] [124/395] Building C object CMakeFiles/app.dir/mnt/host/source/src/platform/ec/build/zephyr/steelix/modules/ec/driver/ppc/nx20p348x.c.obj
[ojal:ro] [115/380] Building C object zephyr/CMakeFiles/zephyr.dir/lib/os/thread_entry.c.obj
[/mnt/host/source/src/platform/ec/build/zephyr/adlrvp_mchp-lcov]     127 instances
[/mnt/host/source/src/platform/ec/build/zephyr/adlrvp_mchp-lcov]     177 coverpoints
[/mnt/host/source/src/platform/ec/build/zephyr/adlrvp_mchp-lcov] Message summary:
[/mnt/host/source/src/platform/ec/build/zephyr/adlrvp_mchp-lcov]   25 ignore messages:
[/mnt/host/source/src/platform/ec/build/zephyr/adlrvp_mchp-lcov]     gcov: 25
[steelix:rw] [208/395] Building C object zephyr/arch/arch/arm/core/cortex_m/CMakeFiles/arch__arm__core__cortex_m.dir/fpu.c.obj
[steelix:rw] [209/395] Linking C static library zephyr/arch/arch/arm/core/libarch__arm__core.a
[steelix:rw] [210/395] Building ASM object zephyr/arch/arch/arm/core/cortex_m/CMakeFiles/arch__arm__core__cortex_m.dir/fault_s.S.obj
[steelix:rw] [211/395] Building C object zephyr/arch/arch/arm/core/cortex_m/CMakeFiles/arch__arm__core__cortex_m.dir/scb.c.obj
[steelix:rw] [212/395] Building C object zephyr/arch/arch/arm/core/cortex_m/CMakeFiles/arch__arm__core__cortex_m.dir/thread_abort.c.obj
[pujjolo-ish:singleimage] [111/271] Building C object zephyr/CMakeFiles/zephyr.dir/subsys/shell/modules/kernel_service/uptime.c.obj
[ojal:rw] [121/380] Building C object zephyr/CMakeFiles/zephyr.dir/lib/os/assert.c.obj
[steelix:ro] [125/395] Building C object CMakeFiles/app.dir/mnt/host/source/src/platform/ec/build/zephyr/steelix/modules/ec/common/vboot_hash.c.obj
[ojal:ro] [116/380] Building C object zephyr/CMakeFiles/zephyr.dir/lib/os/cbprintf_nano.c.obj
[ojal:rw] [122/380] Building C object zephyr/CMakeFiles/zephyr.dir/lib/utils/base64.c.obj
[steelix:ro] [126/395] Building C object CMakeFiles/app.dir/mnt/host/source/src/platform/ec/build/zephyr/steelix/modules/ec/common/button.c.obj
[pujjolo-ish:singleimage] [112/271] Building C object zephyr/CMakeFiles/zephyr.dir/subsys/shell/modules/kernel_service/version.c.obj
[ojal:ro] [117/380] Building C object zephyr/CMakeFiles/zephyr.dir/lib/os/cbprintf.c.obj
[steelix:rw] [213/395] Building ASM object zephyr/arch/arch/arm/core/cortex_m/CMakeFiles/arch__arm__core__cortex_m.dir/vector_table.S.obj
[steelix:rw] [214/395] Building C object zephyr/arch/arch/arm/core/cortex_m/CMakeFiles/arch__arm__core__cortex_m.dir/irq_manage.c.obj
[steelix:rw] [215/395] Building C object zephyr/arch/arch/arm/core/cortex_m/CMakeFiles/arch__arm__core__cortex_m.dir/prep_c.c.obj
[ojal:rw] [123/380] Building C object zephyr/CMakeFiles/zephyr.dir/lib/os/reboot.c.obj
[steelix:rw] [216/395] Building C object zephyr/arch/arch/arm/core/cortex_m/CMakeFiles/arch__arm__core__cortex_m.dir/thread.c.obj
[steelix:rw] [217/395] Building C object zephyr/arch/arch/arm/core/cortex_m/CMakeFiles/arch__arm__core__cortex_m.dir/cpu_idle.c.obj
[steelix:rw] [218/395] Building C object zephyr/arch/arch/arm/core/cortex_m/CMakeFiles/arch__arm__core__cortex_m.dir/irq_init.c.obj
[steelix:rw] [219/395] Building C object zephyr/arch/arch/arm/core/cortex_m/CMakeFiles/arch__arm__core__cortex_m.dir/isr_wrapper.c.obj
[ojal:rw] [124/380] Building C object zephyr/CMakeFiles/zephyr.dir/lib/utils/dec.c.obj
[steelix:rw] [220/395] Building C object zephyr/arch/arch/arm/core/mpu/CMakeFiles/arch__arm__core__mpu.dir/arm_core_mpu.c.obj
[steelix:rw] [221/395] Building C object zephyr/arch/arch/arm/core/mpu/CMakeFiles/arch__arm__core__mpu.dir/arm_mpu.c.obj
[pujjolo-ish:singleimage] [113/271] Building C object zephyr/CMakeFiles/zephyr.dir/subsys/shell/modules/kernel_service/log-level.c.obj
[steelix:rw] [222/395] Building C object zephyr/arch/arch/arm/core/mpu/CMakeFiles/arch__arm__core__mpu.dir/arm_mpu_regions.c.obj
[steelix:rw] [223/395] Linking C static library zephyr/arch/arch/arm/core/mpu/libarch__arm__core__mpu.a
[ojal:rw] [125/380] Building C object zephyr/CMakeFiles/zephyr.dir/lib/utils/hex.c.obj
[steelix:ro] [127/395] Building C object CMakeFiles/app.dir/mnt/host/source/src/platform/ec/build/zephyr/steelix/modules/ec/common/vboot/efs2.c.obj
[steelix:rw] [224/395] Generating ../../../include/generated/libc/minimal/strerror_table.h
[steelix:rw] [225/395] Building C object zephyr/lib/libc/minimal/CMakeFiles/lib__libc__minimal.dir/source/stdlib/atoi.c.obj
[steelix:rw] [226/395] Building ASM object zephyr/arch/arch/arm/core/cortex_m/CMakeFiles/arch__arm__core__cortex_m.dir/reset.S.obj
[steelix:rw] [227/395] Building C object zephyr/lib/libc/minimal/CMakeFiles/lib__libc__minimal.dir/source/stdlib/strtol.c.obj
[steelix:rw] [228/395] Building C object zephyr/lib/libc/minimal/CMakeFiles/lib__libc__minimal.dir/source/stdlib/strtoul.c.obj
[pujjolo-ish:singleimage] [114/271] Building C object zephyr/CMakeFiles/zephyr.dir/subsys/shell/modules/kernel_service/reboot.c.obj
[steelix:rw] [229/395] Building C object zephyr/lib/libc/minimal/CMakeFiles/lib__libc__minimal.dir/source/stdlib/strtoll.c.obj
[lotso:rw] [49/387] Building C object CMakeFiles/app.dir/mnt/host/source/src/platform/ec/build/zephyr/lotso/modules/ec/common/power_button_x86.c.obj
[steelix:rw] [230/395] Building C object zephyr/lib/libc/minimal/CMakeFiles/lib__libc__minimal.dir/source/stdlib/strtoull.c.obj
[steelix:rw] [231/395] Building C object zephyr/lib/libc/minimal/CMakeFiles/lib__libc__minimal.dir/source/stdlib/bsearch.c.obj
[/mnt/host/source/src/platform/ec/build/zephyr/ocelotrvp-npcx-lcov]   /mnt/host/source/src/platform/ec/build/zephyr/ocelotrvp-npcx/build-ro/zephyr/kernel/CMakeFiles/kernel.dir/errno.c.gcno:no functions found
[/mnt/host/source/src/platform/ec/build/zephyr/ocelotrvp-npcx-lcov] stderr:
[steelix:rw] [232/395] Building ASM object zephyr/arch/arch/arm/core/cortex_m/CMakeFiles/arch__arm__core__cortex_m.dir/swap_helper.S.obj
[steelix:rw] [233/395] Building C object zephyr/lib/libc/minimal/CMakeFiles/lib__libc__minimal.dir/source/stdlib/exit.c.obj
[steelix:rw] [234/395] Building C object zephyr/lib/libc/minimal/CMakeFiles/lib__libc__minimal.dir/source/stdlib/qsort.c.obj
[steelix:rw] [235/395] Building C object zephyr/lib/libc/minimal/CMakeFiles/lib__libc__minimal.dir/source/string/strerror.c.obj
[steelix:rw] [236/395] Building C object zephyr/lib/libc/minimal/CMakeFiles/lib__libc__minimal.dir/source/string/strncasecmp.c.obj
[steelix:rw] [237/395] Building C object zephyr/lib/libc/minimal/CMakeFiles/lib__libc__minimal.dir/source/string/strstr.c.obj
[steelix:rw] [238/395] Building C object zephyr/lib/libc/minimal/CMakeFiles/lib__libc__minimal.dir/source/string/string.c.obj
[steelix:rw] [239/395] Building C object zephyr/lib/libc/minimal/CMakeFiles/lib__libc__minimal.dir/source/string/strspn.c.obj
[steelix:rw] [240/395] Building C object zephyr/lib/libc/minimal/CMakeFiles/lib__libc__minimal.dir/source/stdout/stdout_console.c.obj
[ojal:ro] [118/380] Building C object zephyr/CMakeFiles/zephyr.dir/lib/os/assert.c.obj
[steelix:rw] [241/395] Building C object zephyr/lib/libc/minimal/CMakeFiles/lib__libc__minimal.dir/source/stdout/sprintf.c.obj
[steelix:rw] [242/395] Building C object zephyr/lib/libc/minimal/CMakeFiles/lib__libc__minimal.dir/source/math/sqrtf.c.obj
[steelix:ro] [128/395] Building C object CMakeFiles/app.dir/mnt/host/source/src/platform/ec/build/zephyr/steelix/modules/ec/common/vstore.c.obj
[steelix:rw] [243/395] Building C object zephyr/lib/libc/minimal/CMakeFiles/lib__libc__minimal.dir/source/stdout/fprintf.c.obj
[steelix:ro] [129/395] Building C object CMakeFiles/app.dir/mnt/host/source/src/platform/ec/build/zephyr/steelix/modules/ec/common/math_util.c.obj
[steelix:rw] [244/395] Building C object zephyr/lib/libc/minimal/CMakeFiles/lib__libc__minimal.dir/source/math/sqrt.c.obj
[steelix:rw] [245/395] Building C object zephyr/lib/libc/minimal/CMakeFiles/lib__libc__minimal.dir/source/time/gmtime.c.obj
[steelix:rw] [246/395] Building C object zephyr/lib/libc/common/CMakeFiles/lib__libc__common.dir/source/stdlib/abort.c.obj
[steelix:rw] [247/395] Building C object zephyr/lib/libc/common/CMakeFiles/lib__libc__common.dir/source/time/asctime.c.obj
[steelix:rw] [248/395] Linking C static library zephyr/arch/arch/arm/core/cortex_m/libarch__arm__core__cortex_m.a
[steelix:rw] [249/395] Building C object zephyr/lib/libc/common/CMakeFiles/lib__libc__common.dir/source/time/localtime_r_utc.c.obj
[steelix:rw] [250/395] Building C object zephyr/lib/libc/common/CMakeFiles/lib__libc__common.dir/source/time/gmtime_r.c.obj
[steelix:rw] [251/395] Building C object zephyr/lib/libc/common/CMakeFiles/lib__libc__common.dir/source/time/ctime.c.obj
[steelix:rw] [252/395] Building C object zephyr/lib/libc/common/CMakeFiles/lib__libc__common.dir/source/time/time.c.obj
[steelix:rw] [253/395] Building C object zephyr/lib/libc/common/CMakeFiles/lib__libc__common.dir/source/string/strnlen.c.obj
[steelix:rw] [254/395] Building C object zephyr/lib/libc/common/CMakeFiles/lib__libc__common.dir/source/stdlib/malloc.c.obj
[steelix:rw] [255/395] Building C object zephyr/lib/posix/c_lib_ext/CMakeFiles/lib__posix__c_lib_ext.dir/fnmatch.c.obj
[steelix:rw] [256/395] Building C object zephyr/lib/posix/c_lib_ext/CMakeFiles/lib__posix__c_lib_ext.dir/getentropy.c.obj
[ojal:ro] [119/380] Building C object zephyr/CMakeFiles/zephyr.dir/lib/utils/base64.c.obj
[steelix:rw] [257/395] Building C object zephyr/lib/posix/c_lib_ext/CMakeFiles/lib__posix__c_lib_ext.dir/getopt_shim.c.obj
[steelix:rw] [258/395] Linking C static library zephyr/lib/libc/minimal/liblib__libc__minimal.a
[pujjolo-ish:singleimage] [115/271] Building C object zephyr/CMakeFiles/zephyr.dir/subsys/shell/modules/kernel_service/thread/thread.c.obj
[steelix:rw] [259/395] Building C object zephyr/subsys/crc/CMakeFiles/subsys__crc.dir/crc4_sw.c.obj
[ojal:rw] [126/380] Building C object zephyr/CMakeFiles/zephyr.dir/lib/utils/timeutil.c.obj
[steelix:rw] [260/395] Building C object zephyr/subsys/crc/CMakeFiles/subsys__crc.dir/crc8_sw.c.obj
[steelix:rw] [261/395] Linking C static library zephyr/lib/libc/common/liblib__libc__common.a
[steelix:rw] [262/395] Building C object zephyr/subsys/crc/CMakeFiles/subsys__crc.dir/crc16_sw.c.obj
[ojal:ro] [120/380] Building C object zephyr/CMakeFiles/zephyr.dir/lib/os/reboot.c.obj
[steelix:rw] [263/395] Building C object zephyr/subsys/crc/CMakeFiles/subsys__crc.dir/crc7_sw.c.obj
[steelix:rw] [264/395] Building C object zephyr/subsys/crc/CMakeFiles/subsys__crc.dir/crc24_sw.c.obj
[steelix:rw] [265/395] Building C object zephyr/subsys/crc/CMakeFiles/subsys__crc.dir/crc32_sw.c.obj
[steelix:rw] [266/395] Building C object zephyr/subsys/crc/CMakeFiles/subsys__crc.dir/crc32c_sw.c.obj
[steelix:rw] [267/395] Building C object zephyr/subsys/crc/CMakeFiles/subsys__crc.dir/crc32k_4_2_sw.c.obj
[ojal:rw] [127/380] Building C object zephyr/CMakeFiles/zephyr.dir/lib/utils/rb.c.obj
[steelix:rw] [268/395] Building C object zephyr/drivers/interrupt_controller/CMakeFiles/drivers__interrupt_controller.dir/intc_miwu.c.obj
[steelix:rw] [269/395] Linking C static library zephyr/lib/posix/c_lib_ext/liblib__posix__c_lib_ext.a
[steelix:rw] [270/395] Building C object zephyr/drivers/adc/CMakeFiles/drivers__adc.dir/adc_common.c.obj
[steelix:rw] [271/395] Building C object zephyr/drivers/adc/CMakeFiles/drivers__adc.dir/adc_npcx.c.obj
[steelix:rw] [272/395] Linking C static library zephyr/subsys/crc/libsubsys__crc.a
[steelix:rw] [273/395] Building C object zephyr/drivers/bbram/CMakeFiles/drivers__bbram.dir/bbram_npcx.c.obj
[steelix:rw] [274/395] Linking C static library zephyr/drivers/interrupt_controller/libdrivers__interrupt_controller.a
[steelix:rw] [275/395] Building C object zephyr/drivers/clock_control/CMakeFiles/drivers__clock_control.dir/clock_control_npcx.c.obj
[pujjolo-ish:singleimage] [116/271] Building C object zephyr/CMakeFiles/zephyr.dir/subsys/shell/modules/kernel_service/thread/list.c.obj
[steelix:rw] [276/395] Linking C static library zephyr/drivers/adc/libdrivers__adc.a
[steelix:rw] [277/395] Linking C static library zephyr/drivers/bbram/libdrivers__bbram.a
[steelix:rw] [278/395] Building C object zephyr/drivers/eeprom/CMakeFiles/drivers__eeprom.dir/eeprom_shell.c.obj
[steelix:rw] [279/395] Building C object zephyr/drivers/console/CMakeFiles/drivers__console.dir/uart_console.c.obj
[ojal:ro] [121/380] Building C object zephyr/CMakeFiles/zephyr.dir/lib/utils/dec.c.obj
[steelix:rw] [280/395] Building C object zephyr/drivers/eeprom/CMakeFiles/drivers__eeprom.dir/eeprom_at2x.c.obj
[steelix:rw] [281/395] Linking C static library zephyr/drivers/clock_control/libdrivers__clock_control.a
[steelix:ro] [130/395] Building C object CMakeFiles/app.dir/src/board.c.obj
[ojal:ro] [122/380] Building C object zephyr/CMakeFiles/zephyr.dir/lib/utils/hex.c.obj
[steelix:rw] [282/395] Building C object zephyr/drivers/flash/CMakeFiles/drivers__flash.dir/jesd216.c.obj
[steelix:rw] [283/395] Building C object zephyr/drivers/flash/CMakeFiles/drivers__flash.dir/flash_npcx_fiu_nor.c.obj
[steelix:rw] [284/395] Building C object zephyr/drivers/flash/CMakeFiles/drivers__flash.dir/flash_npcx_fiu_qspi.c.obj
[steelix:rw] [285/395] Linking C static library zephyr/drivers/console/libdrivers__console.a
[steelix:rw] [286/395] Linking C static library zephyr/drivers/eeprom/libdrivers__eeprom.a
[steelix:rw] [287/395] Building C object zephyr/drivers/gpio/CMakeFiles/drivers__gpio.dir/gpio_npcx.c.obj
[ojal:rw] [128/380] Building C object zephyr/CMakeFiles/zephyr.dir/lib/utils/bitmask.c.obj
[steelix:rw] [288/395] Building C object zephyr/drivers/i2c/CMakeFiles/drivers__i2c.dir/i2c_common.c.obj
[steelix:rw] [289/395] Building C object zephyr/drivers/i2c/CMakeFiles/drivers__i2c.dir/i2c_shell.c.obj
[steelix:rw] [290/395] Building C object zephyr/drivers/i2c/CMakeFiles/drivers__i2c.dir/i2c_npcx_controller.c.obj
[steelix:rw] [291/395] Building C object zephyr/drivers/i2c/CMakeFiles/drivers__i2c.dir/i2c_npcx_controller_fifo.c.obj
[steelix:rw] [292/395] Linking C static library zephyr/drivers/flash/libdrivers__flash.a
[steelix:rw] [293/395] Building C object zephyr/drivers/i2c/CMakeFiles/drivers__i2c.dir/i2c_npcx_port.c.obj
[steelix:rw] [294/395] Linking C static library zephyr/drivers/gpio/libdrivers__gpio.a
[steelix:rw] [295/395] Building C object zephyr/drivers/pinctrl/CMakeFiles/drivers__pinctrl.dir/common.c.obj
[steelix:rw] [296/395] Building C object zephyr/drivers/pinctrl/CMakeFiles/drivers__pinctrl.dir/pinctrl_npcx.c.obj
[steelix:rw] [297/395] Building C object zephyr/drivers/pwm/CMakeFiles/drivers__pwm.dir/pwm_shell.c.obj
[steelix:rw] [298/395] Building C object zephyr/drivers/pwm/CMakeFiles/drivers__pwm.dir/pwm_npcx.c.obj
[steelix:rw] [299/395] Linking C static library zephyr/drivers/i2c/libdrivers__i2c.a
[pujjolo-ish:singleimage] [117/271] Building C object zephyr/CMakeFiles/zephyr.dir/subsys/shell/modules/kernel_service/thread/stacks.c.obj
[ojal:rw] [129/380] Building C object zephyr/CMakeFiles/zephyr.dir/lib/utils/bitarray.c.obj
[steelix:rw] [300/395] Building C object zephyr/drivers/serial/CMakeFiles/drivers__serial.dir/uart_npcx.c.obj
[steelix:rw] [301/395] Linking C static library zephyr/drivers/pinctrl/libdrivers__pinctrl.a
[steelix:ro] [131/395] Building C object CMakeFiles/app.dir/src/hibernate.c.obj
[steelix:rw] [302/395] Building C object zephyr/drivers/syscon/CMakeFiles/drivers__syscon.dir/syscon.c.obj
[steelix:rw] [303/395] Linking C static library zephyr/drivers/pwm/libdrivers__pwm.a
[steelix:rw] [304/395] Building C object zephyr/drivers/timer/CMakeFiles/drivers__timer.dir/sys_clock_init.c.obj
[pujjolo-ish:singleimage] [118/271] Building C object zephyr/CMakeFiles/zephyr.dir/subsys/shell/modules/kernel_service/thread/unwind.c.obj
[ojal:ro] [123/380] Building C object zephyr/CMakeFiles/zephyr.dir/lib/utils/timeutil.c.obj
[steelix:rw] [305/395] Building C object zephyr/drivers/timer/CMakeFiles/drivers__timer.dir/npcx_itim_timer.c.obj
[steelix:rw] [306/395] Linking C static library zephyr/drivers/serial/libdrivers__serial.a
[steelix:rw] [307/395] Linking C static library zephyr/drivers/syscon/libdrivers__syscon.a
[steelix:rw] [308/395] Building C object zephyr/drivers/watchdog/CMakeFiles/drivers__watchdog.dir/wdt_npcx.c.obj
[steelix:rw] [309/395] Building C object zephyr/drivers/watchdog/CMakeFiles/drivers__watchdog.dir/wdt_shell.c.obj
[steelix:rw] [310/395] Building C object modules/ec/zephyr/CMakeFiles/ec_shim.dir/app/ec/ec_app_main.c.obj
[steelix:rw] [311/395] Building C object modules/ec/zephyr/CMakeFiles/ec_shim.dir/app/ec/main_shim.c.obj
[steelix:rw] [312/395] Linking C static library zephyr/drivers/timer/libdrivers__timer.a
[lotso:rw] [50/387] Building C object CMakeFiles/app.dir/mnt/host/source/src/platform/ec/build/zephyr/lotso/modules/ec/driver/accel_bma4xx.c.obj
[steelix:rw] [313/395] Building C object modules/ec/zephyr/CMakeFiles/ec_shim.dir/drivers/cros_flash/cros_flash_npcx.c.obj
[steelix:rw] [314/395] Building C object modules/ec/zephyr/CMakeFiles/ec_shim.dir/drivers/cros_kb_raw/cros_kb_raw_npcx.c.obj
[steelix:rw] [315/395] Linking C static library zephyr/drivers/watchdog/libdrivers__watchdog.a
[steelix:rw] [316/395] Building C object modules/ec/zephyr/CMakeFiles/ec_shim.dir/drivers/cros_shi/cros_shi_npcx.c.obj
[steelix:rw] [317/395] Building C object modules/ec/zephyr/CMakeFiles/ec_shim.dir/drivers/cros_system/cros_system_npcx.c.obj
[steelix:rw] [318/395] Building C object modules/ec/zephyr/CMakeFiles/ec_shim.dir/shim/chip/npcx/clock.c.obj
[steelix:rw] [319/395] Building C object modules/ec/zephyr/CMakeFiles/ec_shim.dir/shim/chip/npcx/rom_chip.c.obj
[steelix:rw] [320/395] Building C object modules/ec/zephyr/CMakeFiles/ec_shim.dir/shim/chip/npcx/keyboard_raw.c.obj
[steelix:rw] [321/395] Building C object modules/ec/zephyr/CMakeFiles/ec_shim.dir/shim/chip/npcx/gpio.c.obj
[steelix:rw] [322/395] Building C object modules/ec/zephyr/CMakeFiles/ec_shim.dir/shim/chip/npcx/shi.c.obj
[ojal:ro] [124/380] Building C object zephyr/CMakeFiles/zephyr.dir/lib/utils/rb.c.obj
[steelix:rw] [323/395] Building C object modules/ec/zephyr/CMakeFiles/ec_shim.dir/shim/chip/npcx/system.c.obj
[steelix:rw] [324/395] Building C object modules/ec/zephyr/CMakeFiles/ec_shim.dir/shim/chip/npcx/system_external_storage.c.obj
[steelix:rw] [325/395] Building C object modules/ec/zephyr/CMakeFiles/ec_shim.dir/shim/chip/npcx/power_policy.c.obj
[steelix:rw] [326/395] Building C object modules/ec/zephyr/CMakeFiles/ec_shim.dir/shim/src/console.c.obj
[steelix:rw] [327/395] Building C object modules/ec/zephyr/CMakeFiles/ec_shim.dir/shim/core/cortex-m/panic.c.obj
[steelix:rw] [328/395] Building C object modules/ec/zephyr/CMakeFiles/ec_shim.dir/shim/core/cortex-m/mpu.c.obj
[steelix:rw] [329/395] Building C object modules/ec/zephyr/CMakeFiles/ec_shim.dir/shim/src/crc.c.obj
[steelix:rw] [330/395] Building C object modules/ec/zephyr/CMakeFiles/ec_shim.dir/shim/src/gpio.c.obj
[steelix:rw] [331/395] Building C object modules/ec/zephyr/CMakeFiles/ec_shim.dir/shim/src/panic_utils.c.obj
[steelix:rw] [332/395] Building C object modules/ec/zephyr/CMakeFiles/ec_shim.dir/shim/src/pm_state.c.obj
[steelix:rw] [333/395] Building C object modules/ec/zephyr/CMakeFiles/ec_shim.dir/shim/src/gpio_int.c.obj
[steelix:rw] [334/395] Building C object modules/ec/zephyr/CMakeFiles/ec_shim.dir/shim/src/cbi/cros_cbi.c.obj
[steelix:rw] [335/395] Building C object modules/ec/zephyr/CMakeFiles/ec_shim.dir/shim/src/cbi/cros_cbi_fw_config.c.obj
[steelix:rw] [336/395] Building C object modules/ec/zephyr/CMakeFiles/ec_shim.dir/shim/src/cbi/cros_cbi_ssfc.c.obj
[steelix:rw] [337/395] Building C object modules/ec/zephyr/CMakeFiles/ec_shim.dir/shim/src/cbi/cbi_eeprom.c.obj
[steelix:rw] [338/395] Building C object modules/ec/zephyr/CMakeFiles/ec_shim.dir/shim/src/system.c.obj
[steelix:rw] [339/395] Building C object modules/ec/zephyr/CMakeFiles/ec_shim.dir/shim/src/battery.c.obj
[steelix:rw] [340/395] Building C object modules/ec/zephyr/CMakeFiles/ec_shim.dir/shim/src/charger.c.obj
[steelix:rw] [341/395] Building C object modules/ec/zephyr/CMakeFiles/ec_shim.dir/shim/src/adc.c.obj
[steelix:rw] [342/395] Building C object modules/ec/zephyr/CMakeFiles/ec_shim.dir/shim/src/flash.c.obj
[ojal:rw] [130/380] Building C object zephyr/CMakeFiles/zephyr.dir/lib/utils/getopt/getopt.c.obj
[steelix:rw] [343/395] Building C object modules/ec/zephyr/CMakeFiles/ec_shim.dir/shim/src/hooks.c.obj
[steelix:rw] [344/395] Building C object modules/ec/zephyr/CMakeFiles/ec_shim.dir/shim/src/host_command.c.obj
[steelix:ro] [132/395] Building C object CMakeFiles/app.dir/src/usb_pd_policy.c.obj
[steelix:ro] [133/395] Building C object CMakeFiles/app.dir/src/usbc.c.obj
[steelix:rw] [345/395] Building C object modules/ec/zephyr/CMakeFiles/ec_shim.dir/shim/src/console_buffer.c.obj
[steelix:rw] [346/395] Building C object modules/ec/zephyr/CMakeFiles/ec_shim.dir/shim/src/keyboard_raw.c.obj
[steelix:rw] [347/395] Building C object modules/ec/zephyr/CMakeFiles/ec_shim.dir/shim/src/keyscan.c.obj
[steelix:rw] [348/395] Building C object modules/ec/zephyr/CMakeFiles/ec_shim.dir/shim/src/mkbp_event.c.obj
[steelix:rw] [349/395] Building C object modules/ec/zephyr/CMakeFiles/ec_shim.dir/shim/src/motionsense_sensors.c.obj
[steelix:rw] [350/395] Building C object modules/ec/zephyr/CMakeFiles/ec_shim.dir/shim/src/panic.c.obj
[ojal:ro] [125/380] Building C object zephyr/CMakeFiles/zephyr.dir/lib/utils/bitmask.c.obj
[steelix:rw] [351/395] Building C object modules/ec/zephyr/CMakeFiles/ec_shim.dir/shim/src/power.c.obj
[steelix:rw] [352/395] Building C object modules/ec/zephyr/CMakeFiles/ec_shim.dir/shim/src/hwtimer.c.obj
[ojal:rw] [131/380] Building C object zephyr/CMakeFiles/zephyr.dir/lib/utils/getopt/getopt_common.c.obj
[steelix:rw] [353/395] Building ASM object modules/ec/zephyr/CMakeFiles/ec_shim.dir/shim/src/libgcc_arm.S.obj
[/mnt/host/source/src/platform/ec/build/zephyr/ocelotrvp-npcx-lcov]   /mnt/host/source/src/platform/ec/build/zephyr/ocelotrvp-npcx/build-ro/zephyr/lib/libc/picolibc/CMakeFiles/lib__libc__picolibc.dir/errno_wrap.c.gcno:no functions found
[/mnt/host/source/src/platform/ec/build/zephyr/ocelotrvp-npcx-lcov] stderr:
[steelix:rw] [354/395] Building C object modules/ec/zephyr/CMakeFiles/ec_shim.dir/shim/src/i2c.c.obj
[steelix:rw] [355/395] Building C object modules/ec/zephyr/CMakeFiles/ec_shim.dir/shim/src/tasks.c.obj
[steelix:rw] [356/395] Building C object modules/ec/zephyr/CMakeFiles/ec_shim.dir/shim/src/watchdog.c.obj
[steelix:rw] [357/395] Building C object modules/ec/zephyr/CMakeFiles/ec_shim.dir/shim/src/bc12.c.obj
[steelix:rw] [358/395] Building C object modules/ec/zephyr/CMakeFiles/ec_shim.dir/shim/src/bc12_pi3usb9201.c.obj
[steelix:rw] [359/395] Building C object modules/ec/zephyr/CMakeFiles/ec_shim.dir/shim/src/ppc.c.obj
[steelix:rw] [360/395] Building C object modules/ec/zephyr/CMakeFiles/ec_shim.dir/shim/src/usba.c.obj
[steelix:rw] [361/395] Building C object zephyr/kernel/CMakeFiles/kernel.dir/main_weak.c.obj
[steelix:rw] [362/395] Building C object modules/ec/zephyr/CMakeFiles/ec_shim.dir/shim/src/usb_muxes.c.obj
[pujjolo-ish:singleimage] [119/271] Building C object zephyr/CMakeFiles/zephyr.dir/subsys/shell/modules/kernel_service/thread/suspend.c.obj
[ojal:rw] [132/380] Building C object zephyr/CMakeFiles/zephyr.dir/lib/utils/last_section_id.c.obj
[pujjolo-ish:singleimage] [120/271] Building C object zephyr/CMakeFiles/zephyr.dir/subsys/shell/modules/kernel_service/thread/resume.c.obj
[ojal:ro] [126/380] Building C object zephyr/CMakeFiles/zephyr.dir/lib/utils/bitarray.c.obj
[ojal:rw] [133/380] Building C object zephyr/CMakeFiles/zephyr.dir/lib/utils/ring_buffer.c.obj
[steelix:rw] [363/395] Linking C static library modules/ec/zephyr/libec_shim.a
[ojal:rw] [134/380] Building C object zephyr/CMakeFiles/zephyr.dir/misc/generated/configs.c.obj
[steelix:ro] [134/395] Building C object CMakeFiles/app.dir/src/variant_db_detection.c.obj
[steelix:ro] [135/395] Building C object CMakeFiles/app.dir/src/board_chipset.c.obj
[ojal:ro] [127/380] Building C object zephyr/CMakeFiles/zephyr.dir/lib/utils/getopt/getopt.c.obj
[pujjolo-ish:singleimage] [121/271] Building C object zephyr/CMakeFiles/zephyr.dir/subsys/shell/modules/kernel_service/thread/kill.c.obj
[/mnt/host/source/src/platform/ec/build/zephyr/skitty-lcov]   /mnt/host/source/src/platform/ec/build/zephyr/skitty/build-rw/zephyr/CMakeFiles/zephyr.dir/soc/ite/ec/it8xxx2/check_regs.c.gcno:no functions found
[/mnt/host/source/src/platform/ec/build/zephyr/skitty-lcov] Filter suppressions 'region':
[ojal:ro] [128/380] Building C object zephyr/CMakeFiles/zephyr.dir/lib/utils/getopt/getopt_common.c.obj
[ojal:rw] [135/380] Building C object zephyr/CMakeFiles/zephyr.dir/soc/realtek/ec/rts5912/soc.c.obj
[/mnt/host/source/src/platform/ec/build/zephyr/skitty-lcov]     33 instances
[/mnt/host/source/src/platform/ec/build/zephyr/skitty-lcov]     20 coverpoints
[/mnt/host/source/src/platform/ec/build/zephyr/skitty-lcov] Message summary:
[/mnt/host/source/src/platform/ec/build/zephyr/skitty-lcov]   33 ignore messages:
[/mnt/host/source/src/platform/ec/build/zephyr/skitty-lcov]     gcov: 33
[lotso:rw] [51/387] Building C object CMakeFiles/app.dir/mnt/host/source/src/platform/ec/build/zephyr/lotso/modules/ec/driver/accel_lis2dw12.c.obj
[ojal:ro] [129/380] Building C object zephyr/CMakeFiles/zephyr.dir/lib/utils/last_section_id.c.obj
[steelix:ro] [136/395] Building C object CMakeFiles/app.dir/src/npcx_i2c.c.obj
[steelix:rw] [364/395] Building C object zephyr/kernel/CMakeFiles/kernel.dir/banner.c.obj
[ojal:rw] [136/380] Building C object zephyr/CMakeFiles/zephyr.dir/soc/realtek/ec/rts5912/device_power.c.obj
[pujjolo-ish:singleimage] [122/271] Building C object zephyr/CMakeFiles/zephyr.dir/subsys/shell/backends/shell_uart.c.obj
[ojal:ro] [130/380] Building C object zephyr/CMakeFiles/zephyr.dir/lib/utils/ring_buffer.c.obj
[steelix:rw] [365/395] Building C object zephyr/kernel/CMakeFiles/kernel.dir/busy_wait.c.obj
[ojal:ro] [131/380] Building C object zephyr/CMakeFiles/zephyr.dir/misc/generated/configs.c.obj
[steelix:ro] [137/395] Building C object CMakeFiles/app.dir/src/npcx_usb_pd_policy.c.obj
[steelix:rw] [366/395] Building C object zephyr/kernel/CMakeFiles/kernel.dir/device.c.obj
[ojal:rw] [137/380] Building C object zephyr/CMakeFiles/zephyr.dir/soc/realtek/ec/rts5912/debug_swj.c.obj
[ojal:rw] [138/380] Building C object zephyr/CMakeFiles/zephyr.dir/soc/realtek/ec/rts5912/power.c.obj
[steelix:ro] [138/395] Building C object CMakeFiles/app.dir/steelix/src/board.c.obj
[steelix:ro] [139/395] Building C object CMakeFiles/app.dir/src/npcx_usbc.c.obj
[ojal:rw] [139/380] Building C object zephyr/CMakeFiles/zephyr.dir/subsys/logging/log_minimal.c.obj
[pujjolo-ish:singleimage] [123/271] Building C object zephyr/CMakeFiles/zephyr.dir/subsys/shell/shell_fprintf.c.obj
[ojal:ro] [132/380] Building C object zephyr/CMakeFiles/zephyr.dir/soc/realtek/ec/rts5912/device_power.c.obj
[pujjolo-ish:singleimage] [124/271] Building C object zephyr/CMakeFiles/zephyr.dir/subsys/shell/shell.c.obj
[ojal:ro] [133/380] Building C object zephyr/CMakeFiles/zephyr.dir/soc/realtek/ec/rts5912/soc.c.obj
[steelix:ro] [140/395] Building C object zephyr/CMakeFiles/zephyr.dir/lib/libc/validate_libc.c.obj
[steelix:rw] [367/395] Building C object zephyr/kernel/CMakeFiles/kernel.dir/errno.c.obj
[ojal:rw] [140/380] Building C object zephyr/CMakeFiles/zephyr.dir/subsys/pm/state.c.obj
[steelix:rw] [368/395] Building C object zephyr/kernel/CMakeFiles/kernel.dir/fatal.c.obj
[ojal:rw] [141/380] Building C object zephyr/CMakeFiles/zephyr.dir/subsys/pm/pm.c.obj
[steelix:rw] [369/395] Building C object zephyr/kernel/CMakeFiles/kernel.dir/init.c.obj
[lotso:rw] [52/387] Building C object CMakeFiles/app.dir/mnt/host/source/src/platform/ec/build/zephyr/lotso/modules/ec/common/motion_sense_fifo.c.obj
[steelix:ro] [141/395] Building C object CMakeFiles/app.dir/steelix/src/led.c.obj
[steelix:ro] [142/395] Building C object zephyr/CMakeFiles/zephyr.dir/lib/heap/heap.c.obj
[ojal:ro] [134/380] Building C object zephyr/CMakeFiles/zephyr.dir/soc/realtek/ec/rts5912/debug_swj.c.obj
[ojal:ro] [135/380] Building C object zephyr/CMakeFiles/zephyr.dir/soc/realtek/ec/rts5912/power.c.obj
[ojal:rw] [142/380] Building C object zephyr/CMakeFiles/zephyr.dir/subsys/pm/policy/policy_events.c.obj
[steelix:ro] [143/395] Building C object zephyr/CMakeFiles/zephyr.dir/lib/os/cbprintf_packaged.c.obj
[pujjolo-ish:singleimage] [125/271] Building C object zephyr/CMakeFiles/zephyr.dir/subsys/shell/shell_ops.c.obj
[steelix:ro] [144/395] Linking C static library app/libapp.a
[ojal:rw] [143/380] Building C object zephyr/CMakeFiles/zephyr.dir/subsys/pm/policy/policy_latency.c.obj
[pujjolo-ish:singleimage] [126/271] Building C object zephyr/CMakeFiles/zephyr.dir/subsys/shell/shell_utils.c.obj
[ojal:rw] [144/380] Building C object zephyr/CMakeFiles/zephyr.dir/subsys/pm/policy/policy_state_lock.c.obj
[steelix:rw] [370/395] Building C object zephyr/kernel/CMakeFiles/kernel.dir/kheap.c.obj
[steelix:rw] [371/395] Building C object zephyr/kernel/CMakeFiles/kernel.dir/version.c.obj
[steelix:ro] [145/395] Building C object zephyr/CMakeFiles/zephyr.dir/lib/os/clock.c.obj
[steelix:rw] [372/395] Building C object zephyr/kernel/CMakeFiles/kernel.dir/float.c.obj
[steelix:rw] [373/395] Building C object zephyr/kernel/CMakeFiles/kernel.dir/mem_slab.c.obj
[ojal:ro] [136/380] Building C object zephyr/CMakeFiles/zephyr.dir/subsys/logging/log_minimal.c.obj
[ojal:rw] [145/380] Building C object zephyr/CMakeFiles/zephyr.dir/subsys/pm/device.c.obj
[ojal:ro] [137/380] Building C object zephyr/CMakeFiles/zephyr.dir/subsys/pm/pm.c.obj
[pujjolo-ish:singleimage] [127/271] Building C object zephyr/CMakeFiles/zephyr.dir/subsys/shell/shell_log_backend.c.obj
[pujjolo-ish:singleimage] [128/271] Building C object zephyr/CMakeFiles/zephyr.dir/subsys/shell/shell_help.c.obj
[steelix:ro] [146/395] Building C object zephyr/CMakeFiles/zephyr.dir/lib/os/printk.c.obj
[ojal:rw] [146/380] Building C object zephyr/CMakeFiles/zephyr.dir/subsys/pm/device_runtime.c.obj
[steelix:ro] [147/395] Building C object zephyr/CMakeFiles/zephyr.dir/lib/os/sem.c.obj
[steelix:ro] [148/395] Building C object zephyr/CMakeFiles/zephyr.dir/lib/os/thread_entry.c.obj
[ojal:rw] [147/380] Building C object zephyr/CMakeFiles/zephyr.dir/subsys/pm/device_system_managed.c.obj
[lotso:rw] [53/387] Building C object CMakeFiles/app.dir/mnt/host/source/src/platform/ec/build/zephyr/lotso/modules/ec/common/adc.c.obj
[ojal:ro] [138/380] Building C object zephyr/CMakeFiles/zephyr.dir/subsys/pm/state.c.obj
[ojal:rw] [148/380] Building C object zephyr/CMakeFiles/zephyr.dir/subsys/testsuite/coverage/coverage.c.obj
[pujjolo-ish:singleimage] [129/271] Building C object zephyr/CMakeFiles/zephyr.dir/subsys/shell/shell_history.c.obj
[steelix:ro] [149/395] Building C object zephyr/CMakeFiles/zephyr.dir/lib/os/cbprintf_nano.c.obj
[steelix:ro] [150/395] Building C object zephyr/CMakeFiles/zephyr.dir/lib/utils/dec.c.obj
[ojal:ro] [139/380] Building C object zephyr/CMakeFiles/zephyr.dir/subsys/pm/policy/policy_events.c.obj
[steelix:rw] [374/395] Building C object zephyr/kernel/CMakeFiles/kernel.dir/mailbox.c.obj
[steelix:rw] [375/395] Building C object zephyr/kernel/CMakeFiles/kernel.dir/idle.c.obj
[pujjolo-ish:singleimage] [130/271] Building C object zephyr/CMakeFiles/zephyr.dir/mnt/host/source/src/third_party/zephyrproject/modules/hal/intel/zephyr/bsp_sedi/bsp_sedi_rtos_utils.c.obj
[ojal:rw] [149/380] Building C object zephyr/CMakeFiles/zephyr.dir/subsys/tracing/tracing_none.c.obj
[steelix:rw] [376/395] Building C object zephyr/kernel/CMakeFiles/kernel.dir/msg_q.c.obj
[pujjolo-ish:singleimage] [131/271] Linking CXX static library zephyr/libzephyr.a
[steelix:ro] [151/395] Building C object zephyr/CMakeFiles/zephyr.dir/lib/os/cbprintf.c.obj
[steelix:ro] [152/395] Building C object zephyr/CMakeFiles/zephyr.dir/lib/utils/hex.c.obj
[pujjolo-ish:singleimage] [132/271] Building C object zephyr/arch/common/CMakeFiles/arch__common.dir/init.c.obj
[ojal:rw] [150/380] Building C object zephyr/CMakeFiles/zephyr.dir/subsys/shell/modules/kernel_service/kernel_shell.c.obj
[pujjolo-ish:singleimage] [133/271] Linking CXX static library zephyr/arch/common/libarch__common.a
[ojal:ro] [140/380] Building C object zephyr/CMakeFiles/zephyr.dir/subsys/pm/policy/policy_latency.c.obj
[steelix:ro] [153/395] Building C object zephyr/CMakeFiles/zephyr.dir/lib/os/assert.c.obj
[ojal:rw] [151/380] Building C object zephyr/CMakeFiles/zephyr.dir/subsys/shell/modules/kernel_service/cycles.c.obj
[ojal:ro] [141/380] Building C object zephyr/CMakeFiles/zephyr.dir/subsys/pm/policy/policy_state_lock.c.obj
[pujjolo-ish:singleimage] [134/271] Building C object zephyr/arch/arch/x86/core/CMakeFiles/arch__x86__core.dir/cpuhalt.c.obj
[steelix:ro] [154/395] Building C object zephyr/CMakeFiles/zephyr.dir/lib/utils/timeutil.c.obj
[steelix:ro] [155/395] Building C object zephyr/CMakeFiles/zephyr.dir/lib/utils/bitmask.c.obj
[ojal:rw] [152/380] Building C object zephyr/CMakeFiles/zephyr.dir/subsys/shell/modules/kernel_service/sleep.c.obj
[steelix:ro] [156/395] Building C object zephyr/CMakeFiles/zephyr.dir/lib/utils/rb.c.obj
[pujjolo-ish:singleimage] [135/271] Building C object zephyr/arch/arch/x86/core/CMakeFiles/arch__x86__core.dir/prep_c.c.obj
[steelix:rw] [377/395] Building C object zephyr/kernel/CMakeFiles/kernel.dir/mutex.c.obj
[steelix:rw] [378/395] Building C object zephyr/kernel/CMakeFiles/kernel.dir/queue.c.obj
[steelix:rw] [379/395] Building C object zephyr/kernel/CMakeFiles/kernel.dir/sem.c.obj
[lotso:rw] [54/387] Building C object CMakeFiles/app.dir/mnt/host/source/src/platform/ec/build/zephyr/lotso/modules/ec/common/acpi.c.obj
[ojal:rw] [153/380] Building C object zephyr/CMakeFiles/zephyr.dir/subsys/shell/modules/kernel_service/uptime.c.obj
[ojal:rw] [154/380] Building C object zephyr/CMakeFiles/zephyr.dir/subsys/shell/modules/kernel_service/version.c.obj
[steelix:ro] [157/395] Building C object zephyr/CMakeFiles/zephyr.dir/lib/utils/bitarray.c.obj
[steelix:ro] [158/395] Building C object zephyr/CMakeFiles/zephyr.dir/lib/utils/ring_buffer.c.obj
[ojal:ro] [142/380] Building C object zephyr/CMakeFiles/zephyr.dir/subsys/pm/device.c.obj
[ojal:ro] [143/380] Building C object zephyr/CMakeFiles/zephyr.dir/subsys/pm/device_runtime.c.obj
[steelix:ro] [159/395] Building C object zephyr/CMakeFiles/zephyr.dir/lib/utils/last_section_id.c.obj
[pujjolo-ish:singleimage] [136/271] Building C object zephyr/arch/arch/x86/core/CMakeFiles/arch__x86__core.dir/cpuid.c.obj
[pujjolo-ish:singleimage] [137/271] Building C object zephyr/arch/arch/x86/core/CMakeFiles/arch__x86__core.dir/fatal.c.obj
[ojal:rw] [155/380] Building C object zephyr/CMakeFiles/zephyr.dir/subsys/shell/modules/kernel_service/reboot.c.obj
[steelix:ro] [160/395] Building C object zephyr/CMakeFiles/zephyr.dir/misc/generated/configs.c.obj
[steelix:ro] [161/395] Building C object zephyr/CMakeFiles/zephyr.dir/lib/utils/getopt/getopt.c.obj
[steelix:ro] [162/395] Building C object zephyr/CMakeFiles/zephyr.dir/lib/utils/getopt/getopt_common.c.obj
[ojal:rw] [156/380] Building C object zephyr/CMakeFiles/zephyr.dir/subsys/shell/modules/kernel_service/thread/thread.c.obj
[pujjolo-ish:singleimage] [138/271] Building C object zephyr/arch/arch/x86/core/CMakeFiles/arch__x86__core.dir/spec_ctrl.c.obj
[steelix:rw] [380/395] Building C object zephyr/kernel/CMakeFiles/kernel.dir/system_work_q.c.obj
[steelix:rw] [381/395] Building C object zephyr/kernel/CMakeFiles/kernel.dir/stack.c.obj
[ojal:rw] [157/380] Building C object zephyr/CMakeFiles/zephyr.dir/subsys/shell/modules/kernel_service/thread/list.c.obj
[pujjolo-ish:singleimage] [139/271] Building C object zephyr/arch/arch/x86/core/CMakeFiles/arch__x86__core.dir/reboot_rst_cnt.c.obj
[/mnt/host/source/src/platform/ec/build/zephyr/ocelotrvp-npcx-lcov]   /mnt/host/source/src/platform/ec/build/zephyr/ocelotrvp-npcx/build-ro/zephyr/drivers/sensor/CMakeFiles/drivers__sensor.dir/mnt/host/source/src/third_party/zephyr/main/misc/empty_file.c.gcno:no functions found
[/mnt/host/source/src/platform/ec/build/zephyr/ocelotrvp-npcx-lcov] stderr:
[ojal:ro] [144/380] Building C object zephyr/CMakeFiles/zephyr.dir/subsys/pm/device_system_managed.c.obj
[ojal:ro] [145/380] Building C object zephyr/CMakeFiles/zephyr.dir/subsys/testsuite/coverage/coverage.c.obj
[lotso:rw] [55/387] Building C object CMakeFiles/app.dir/mnt/host/source/src/platform/ec/build/zephyr/lotso/modules/ec/common/backlight_lid.c.obj
[steelix:rw] [382/395] Building C object zephyr/kernel/CMakeFiles/kernel.dir/work.c.obj
[ojal:rw] [158/380] Building C object zephyr/CMakeFiles/zephyr.dir/subsys/shell/modules/kernel_service/thread/stacks.c.obj
[steelix:ro] [163/395] Building C object zephyr/CMakeFiles/zephyr.dir/soc/nuvoton/npcx/common/power.c.obj
[steelix:ro] [164/395] Building C object zephyr/CMakeFiles/zephyr.dir/soc/nuvoton/npcx/common/npcxn/registers.c.obj
[pujjolo-ish:singleimage] [140/271] Building C object zephyr/arch/arch/x86/core/CMakeFiles/arch__x86__core.dir/tls.c.obj
[steelix:ro] [165/395] Building C object zephyr/CMakeFiles/zephyr.dir/soc/nuvoton/npcx/common/scfg.c.obj
[pujjolo-ish:singleimage] [141/271] Building ASM object zephyr/arch/arch/x86/core/CMakeFiles/arch__x86__core.dir/ia32/crt0.S.obj
[steelix:ro] [166/395] Building C object zephyr/CMakeFiles/zephyr.dir/soc/nuvoton/npcx/npcx9/soc.c.obj
[ojal:rw] [159/380] Building C object zephyr/CMakeFiles/zephyr.dir/subsys/shell/modules/kernel_service/thread/suspend.c.obj
[ojal:rw] [160/380] Building C object zephyr/CMakeFiles/zephyr.dir/subsys/shell/modules/kernel_service/thread/resume.c.obj
[ojal:ro] [146/380] Building C object zephyr/CMakeFiles/zephyr.dir/subsys/tracing/tracing_none.c.obj
[ojal:ro] [147/380] Building C object zephyr/CMakeFiles/zephyr.dir/subsys/shell/modules/kernel_service/kernel_shell.c.obj
[pujjolo-ish:singleimage] [142/271] Building ASM object zephyr/arch/arch/x86/core/CMakeFiles/arch__x86__core.dir/ia32/excstub.S.obj
[steelix:rw] [383/395] Building C object zephyr/kernel/CMakeFiles/kernel.dir/thread.c.obj
[steelix:rw] [384/395] Building C object zephyr/kernel/CMakeFiles/kernel.dir/condvar.c.obj
[ojal:rw] [161/380] Building C object zephyr/CMakeFiles/zephyr.dir/subsys/shell/modules/kernel_service/thread/kill.c.obj
[pujjolo-ish:singleimage] [143/271] Building ASM object zephyr/arch/arch/x86/core/CMakeFiles/arch__x86__core.dir/ia32/intstub.S.obj
[steelix:ro] [167/395] Building C object zephyr/CMakeFiles/zephyr.dir/subsys/pm/state.c.obj
[steelix:ro] [168/395] Building C object zephyr/CMakeFiles/zephyr.dir/subsys/mem_mgmt/mem_attr.c.obj
[steelix:ro] [169/395] Building C object zephyr/CMakeFiles/zephyr.dir/subsys/pm/pm.c.obj
[steelix:rw] [385/395] Building C object zephyr/kernel/CMakeFiles/kernel.dir/sched.c.obj
[ojal:ro] [148/380] Building C object zephyr/CMakeFiles/zephyr.dir/subsys/shell/modules/kernel_service/cycles.c.obj
[ojal:rw] [162/380] Building C object zephyr/CMakeFiles/zephyr.dir/subsys/shell/backends/shell_uart.c.obj
[pujjolo-ish:singleimage] [144/271] Building C object zephyr/arch/arch/x86/core/CMakeFiles/arch__x86__core.dir/ia32/irq_manage.c.obj
[ojal:ro] [149/380] Building C object zephyr/CMakeFiles/zephyr.dir/subsys/shell/modules/kernel_service/sleep.c.obj
[steelix:ro] [170/395] Building C object zephyr/CMakeFiles/zephyr.dir/subsys/pm/policy/policy_events.c.obj
[lotso:rw] [56/387] Building C object CMakeFiles/app.dir/mnt/host/source/src/platform/ec/build/zephyr/lotso/modules/ec/common/battery.c.obj
[ojal:rw] [163/380] Building C object zephyr/CMakeFiles/zephyr.dir/subsys/shell/shell.c.obj
[pujjolo-ish:singleimage] [145/271] Building ASM object zephyr/arch/arch/x86/core/CMakeFiles/arch__x86__core.dir/ia32/swap.S.obj
[ojal:rw] [164/380] Building C object zephyr/CMakeFiles/zephyr.dir/subsys/shell/shell_fprintf.c.obj
[steelix:rw] [386/395] Building C object zephyr/kernel/CMakeFiles/kernel.dir/pipe.c.obj
[steelix:rw] [387/395] Building C object zephyr/kernel/CMakeFiles/kernel.dir/spinlock_validate.c.obj
[steelix:ro] [171/395] Building C object zephyr/CMakeFiles/zephyr.dir/subsys/pm/policy/policy_latency.c.obj
[pujjolo-ish:singleimage] [146/271] Building C object zephyr/arch/arch/x86/core/CMakeFiles/arch__x86__core.dir/ia32/thread.c.obj
[ojal:rw] [165/380] Building C object zephyr/CMakeFiles/zephyr.dir/subsys/shell/shell_utils.c.obj
[ojal:ro] [150/380] Building C object zephyr/CMakeFiles/zephyr.dir/subsys/shell/modules/kernel_service/version.c.obj
[ojal:ro] [151/380] Building C object zephyr/CMakeFiles/zephyr.dir/subsys/shell/modules/kernel_service/uptime.c.obj
[steelix:ro] [172/395] Building C object zephyr/CMakeFiles/zephyr.dir/subsys/pm/policy/policy_state_lock.c.obj
[pujjolo-ish:singleimage] [147/271] Building C object zephyr/arch/arch/x86/core/CMakeFiles/arch__x86__core.dir/ia32/tls.c.obj
[steelix:rw] [388/395] Building C object zephyr/kernel/CMakeFiles/kernel.dir/thread_monitor.c.obj
[ojal:rw] [166/380] Building C object zephyr/CMakeFiles/zephyr.dir/subsys/shell/shell_ops.c.obj
[steelix:ro] [173/395] Building C object zephyr/CMakeFiles/zephyr.dir/subsys/pm/device.c.obj
[steelix:ro] [174/395] Building C object zephyr/CMakeFiles/zephyr.dir/subsys/pm/device_system_managed.c.obj
[ojal:rw] [167/380] Building C object zephyr/CMakeFiles/zephyr.dir/subsys/shell/shell_help.c.obj
[lotso:rw] [57/387] Building C object CMakeFiles/app.dir/mnt/host/source/src/platform/ec/build/zephyr/lotso/modules/ec/common/battery_info.c.obj
[pujjolo-ish:singleimage] [148/271] Building C object zephyr/arch/arch/x86/core/CMakeFiles/arch__x86__core.dir/ia32/fatal.c.obj
[steelix:rw] [389/395] Building C object zephyr/kernel/CMakeFiles/kernel.dir/timeout.c.obj
[ojal:rw] [168/380] Building C object zephyr/CMakeFiles/zephyr.dir/subsys/shell/shell_history.c.obj
[ojal:ro] [152/380] Building C object zephyr/CMakeFiles/zephyr.dir/subsys/shell/modules/kernel_service/reboot.c.obj
[/mnt/host/source/src/platform/ec/build/zephyr/ocelotrvp-npcx-lcov]   /mnt/host/source/src/platform/ec/build/zephyr/ocelotrvp-npcx/build-rw/modules/pigweed/pw_log_zephyr/CMakeFiles/pw_log_zephyr.dir/log_zephyr.cc.gcno:no functions found
[/mnt/host/source/src/platform/ec/build/zephyr/ocelotrvp-npcx-lcov] stderr:
[steelix:rw] [390/395] Building C object zephyr/kernel/CMakeFiles/kernel.dir/timer.c.obj
[pujjolo-ish:singleimage] [149/271] Building C object zephyr/arch/arch/x86/core/CMakeFiles/arch__x86__core.dir/ia32/soft_float_stubs.c.obj
[steelix:ro] [175/395] Building C object zephyr/CMakeFiles/zephyr.dir/subsys/testsuite/coverage/coverage.c.obj
[ojal:ro] [153/380] Building C object zephyr/CMakeFiles/zephyr.dir/subsys/shell/modules/kernel_service/thread/thread.c.obj
[steelix:ro] [176/395] Building C object zephyr/CMakeFiles/zephyr.dir/subsys/tracing/tracing_none.c.obj
[pujjolo-ish:singleimage] [150/271] Linking CXX static library zephyr/arch/arch/x86/core/libarch__x86__core.a
[ojal:rw] [169/380] Building C object zephyr/CMakeFiles/zephyr.dir/drivers/flash/flash_util.c.obj
[steelix:rw] [391/395] Building C object zephyr/kernel/CMakeFiles/kernel.dir/poll.c.obj
[ojal:rw] [170/380] Linking C static library zephyr/libzephyr.a
[steelix:ro] [177/395] Building C object zephyr/CMakeFiles/zephyr.dir/subsys/shell/modules/kernel_service/kernel_shell.c.obj
[ojal:rw] [171/380] Building C object zephyr/arch/common/CMakeFiles/arch__common.dir/sw_isr_common.c.obj
[ojal:rw] [172/380] Building C object zephyr/arch/common/CMakeFiles/arch__common.dir/dynamic_isr.c.obj
[steelix:ro] [178/395] Building C object zephyr/CMakeFiles/zephyr.dir/subsys/shell/modules/kernel_service/cycles.c.obj
[pujjolo-ish:singleimage] [151/271] Building C object zephyr/lib/libc/picolibc/CMakeFiles/lib__libc__picolibc.dir/assert.c.obj
[/mnt/host/source/src/platform/ec/build/zephyr/ocelotrvp-npcx-lcov]   /mnt/host/source/src/platform/ec/build/zephyr/ocelotrvp-npcx/build-rw/modules/ec/zephyr/CMakeFiles/ec_shim.dir/shim/src/thermal.c.gcno:no functions found
[/mnt/host/source/src/platform/ec/build/zephyr/ocelotrvp-npcx-lcov] stderr:
[pujjolo-ish:singleimage] [152/271] Building C object zephyr/lib/libc/picolibc/CMakeFiles/lib__libc__picolibc.dir/cbprintf.c.obj
[ojal:ro] [154/380] Building C object zephyr/CMakeFiles/zephyr.dir/subsys/shell/modules/kernel_service/thread/list.c.obj
[ojal:ro] [155/380] Building C object zephyr/CMakeFiles/zephyr.dir/subsys/shell/modules/kernel_service/thread/stacks.c.obj
[steelix:rw] [392/395] Building C object zephyr/kernel/CMakeFiles/kernel.dir/events.c.obj
[ojal:rw] [173/380] Building C object zephyr/arch/common/CMakeFiles/arch__common.dir/init.c.obj
[steelix:ro] [179/395] Building C object zephyr/CMakeFiles/zephyr.dir/subsys/shell/modules/kernel_service/sleep.c.obj
[lotso:rw] [58/387] Building C object CMakeFiles/app.dir/mnt/host/source/src/platform/ec/build/zephyr/lotso/modules/ec/common/battery_fuel_gauge.c.obj
[steelix:rw] [393/395] Building C object zephyr/kernel/CMakeFiles/kernel.dir/mempool.c.obj
[pujjolo-ish:singleimage] [153/271] Building C object zephyr/lib/libc/picolibc/CMakeFiles/lib__libc__picolibc.dir/chk_fail.c.obj
[/mnt/host/source/src/platform/ec/build/zephyr/ocelotrvp-npcx-lcov]   /mnt/host/source/src/platform/ec/build/zephyr/ocelotrvp-npcx/build-rw/modules/ec/zephyr/CMakeFiles/ec_shim.dir/shim/src/battery.c.gcno:no functions found
[/mnt/host/source/src/platform/ec/build/zephyr/ocelotrvp-npcx-lcov] stderr:
[ojal:rw] [174/380] Building C object zephyr/arch/common/CMakeFiles/isr_tables.dir/isr_tables.c.obj
[steelix:rw] [394/395] Building C object zephyr/kernel/CMakeFiles/kernel.dir/dynamic_disabled.c.obj
[ojal:rw] [175/380] Building C object zephyr/arch/common/CMakeFiles/arch__common.dir/xip.c.obj
[ojal:rw] [176/380] Linking C static library zephyr/arch/common/libisr_tables.a
[steelix:rw] [395/395] Linking C static library zephyr/kernel/libkernel.a
[pujjolo-ish:singleimage] [154/271] Building C object zephyr/lib/libc/picolibc/CMakeFiles/lib__libc__picolibc.dir/errno_wrap.c.obj
[steelix:ro] [180/395] Building C object zephyr/CMakeFiles/zephyr.dir/subsys/shell/modules/kernel_service/uptime.c.obj
[ojal:rw] [177/380] Linking C static library zephyr/arch/common/libarch__common.a
[steelix:ro] [181/395] Building C object zephyr/CMakeFiles/zephyr.dir/subsys/shell/modules/kernel_service/version.c.obj
[steelix:ro] [182/395] Building C object zephyr/CMakeFiles/zephyr.dir/subsys/shell/modules/kernel_service/thread/thread.c.obj
[ojal:ro] [156/380] Building C object zephyr/CMakeFiles/zephyr.dir/subsys/shell/modules/kernel_service/thread/resume.c.obj
[ojal:rw] [178/380] Building ASM object zephyr/arch/arch/arm/core/CMakeFiles/arch__arm__core.dir/nmi_on_reset.S.obj
[ojal:ro] [157/380] Building C object zephyr/CMakeFiles/zephyr.dir/subsys/shell/modules/kernel_service/thread/suspend.c.obj
[ojal:rw] [179/380] Building C object zephyr/arch/arch/arm/core/CMakeFiles/arch__arm__core.dir/fatal.c.obj
[pujjolo-ish:singleimage] [155/271] Building C object zephyr/lib/libc/picolibc/CMakeFiles/lib__libc__picolibc.dir/exit.c.obj
[ojal:rw] [180/380] Building C object zephyr/arch/arch/arm/core/CMakeFiles/arch__arm__core.dir/nmi.c.obj
[ojal:rw] [181/380] Building ASM object zephyr/arch/arch/arm/core/cortex_m/CMakeFiles/arch__arm__core__cortex_m.dir/fault_s.S.obj
[ojal:rw] [182/380] Linking C static library zephyr/arch/arch/arm/core/libarch__arm__core.a
[pujjolo-ish:singleimage] [156/271] Building C object zephyr/lib/libc/picolibc/CMakeFiles/lib__libc__picolibc.dir/locks.c.obj
[steelix:ro] [183/395] Building C object zephyr/CMakeFiles/zephyr.dir/subsys/shell/modules/kernel_service/thread/list.c.obj
[steelix:ro] [184/395] Building C object zephyr/CMakeFiles/zephyr.dir/subsys/shell/modules/kernel_service/thread/stacks.c.obj
[ojal:rw] [183/380] Building C object zephyr/arch/arch/arm/core/cortex_m/CMakeFiles/arch__arm__core__cortex_m.dir/exc_exit.c.obj
[lotso:rw] [59/387] Building C object CMakeFiles/app.dir/mnt/host/source/src/platform/ec/build/zephyr/lotso/modules/ec/driver/charger/bq25710.c.obj
[lotso:rw] [60/387] Building C object CMakeFiles/app.dir/mnt/host/source/src/platform/ec/build/zephyr/lotso/modules/ec/driver/battery/smart.c.obj
[/mnt/host/source/src/platform/ec/build/zephyr/ocelotrvp-npcx-lcov]   /mnt/host/source/src/platform/ec/build/zephyr/ocelotrvp-npcx/build-rw/modules/ec/zephyr/CMakeFiles/ec_shim.dir/shim/src/charger.c.gcno:no functions found
[/mnt/host/source/src/platform/ec/build/zephyr/ocelotrvp-npcx-lcov] stderr:
[pujjolo-ish:singleimage] [157/271] Building C object zephyr/lib/libc/picolibc/CMakeFiles/lib__libc__picolibc.dir/stdio.c.obj
[ojal:ro] [158/380] Building C object zephyr/CMakeFiles/zephyr.dir/subsys/shell/modules/kernel_service/thread/kill.c.obj
[pujjolo-ish:singleimage] [158/271] Linking CXX static library zephyr/lib/libc/picolibc/liblib__libc__picolibc.a
[ojal:rw] [184/380] Building C object zephyr/arch/arch/arm/core/cortex_m/CMakeFiles/arch__arm__core__cortex_m.dir/fault.c.obj
[steelix:ro] [185/395] Building C object zephyr/CMakeFiles/zephyr.dir/subsys/shell/modules/kernel_service/thread/kill.c.obj
[steelix:ro] [186/395] Building C object zephyr/CMakeFiles/zephyr.dir/subsys/shell/modules/kernel_service/thread/resume.c.obj
[ojal:rw] [185/380] Building ASM object zephyr/arch/arch/arm/core/cortex_m/CMakeFiles/arch__arm__core__cortex_m.dir/reset.S.obj
[ojal:ro] [159/380] Building C object zephyr/CMakeFiles/zephyr.dir/subsys/shell/backends/shell_uart.c.obj
[steelix:ro] [187/395] Building C object zephyr/CMakeFiles/zephyr.dir/subsys/shell/modules/kernel_service/thread/suspend.c.obj
[ojal:rw] [186/380] Building C object zephyr/arch/arch/arm/core/cortex_m/CMakeFiles/arch__arm__core__cortex_m.dir/fpu.c.obj
[pujjolo-ish:singleimage] [159/271] Building C object zephyr/lib/libc/common/CMakeFiles/lib__libc__common.dir/source/stdlib/abort.c.obj
[pujjolo-ish:singleimage] [160/271] Building C object zephyr/lib/libc/common/CMakeFiles/lib__libc__common.dir/source/time/time.c.obj
[ojal:rw] [187/380] Building ASM object zephyr/arch/arch/arm/core/cortex_m/CMakeFiles/arch__arm__core__cortex_m.dir/vector_table.S.obj
[ojal:rw] [188/380] Building C object zephyr/arch/arch/arm/core/cortex_m/CMakeFiles/arch__arm__core__cortex_m.dir/scb.c.obj
[pujjolo-ish:singleimage] [161/271] Linking CXX static library zephyr/lib/libc/common/liblib__libc__common.a
[pujjolo-ish:singleimage] [162/271] Building C object zephyr/lib/posix/c_lib_ext/CMakeFiles/lib__posix__c_lib_ext.dir/fnmatch.c.obj
[steelix:ro] [188/395] Building C object zephyr/CMakeFiles/zephyr.dir/subsys/shell/backends/shell_uart.c.obj
[ojal:rw] [189/380] Building C object zephyr/arch/arch/arm/core/cortex_m/CMakeFiles/arch__arm__core__cortex_m.dir/thread_abort.c.obj
[ojal:ro] [160/380] Building C object zephyr/CMakeFiles/zephyr.dir/subsys/shell/shell.c.obj
[steelix:ro] [189/395] Building C object zephyr/CMakeFiles/zephyr.dir/subsys/shell/shell.c.obj
[ojal:ro] [161/380] Building C object zephyr/CMakeFiles/zephyr.dir/subsys/shell/shell_fprintf.c.obj
[ojal:rw] [190/380] Building ASM object zephyr/arch/arch/arm/core/cortex_m/CMakeFiles/arch__arm__core__cortex_m.dir/swap_helper.S.obj
[steelix:ro] [190/395] Building C object zephyr/CMakeFiles/zephyr.dir/subsys/shell/shell_fprintf.c.obj
[pujjolo-ish:singleimage] [163/271] Building C object zephyr/lib/posix/c_lib_ext/CMakeFiles/lib__posix__c_lib_ext.dir/getentropy.c.obj
[pujjolo-ish:singleimage] [164/271] Building C object zephyr/lib/posix/c_lib_ext/CMakeFiles/lib__posix__c_lib_ext.dir/getopt_shim.c.obj
[ojal:rw] [191/380] Building C object zephyr/arch/arch/arm/core/cortex_m/CMakeFiles/arch__arm__core__cortex_m.dir/prep_c.c.obj
[pujjolo-ish:singleimage] [165/271] Linking CXX static library zephyr/lib/posix/c_lib_ext/liblib__posix__c_lib_ext.a
[steelix:ro] [191/395] Building C object zephyr/CMakeFiles/zephyr.dir/subsys/shell/shell_utils.c.obj
[lotso:rw] [61/387] Building C object CMakeFiles/app.dir/mnt/host/source/src/platform/ec/build/zephyr/lotso/modules/ec/common/charger.c.obj
[steelix:ro] [192/395] Building C object zephyr/CMakeFiles/zephyr.dir/subsys/shell/shell_ops.c.obj
[ojal:rw] [192/380] Building C object zephyr/arch/arch/arm/core/cortex_m/CMakeFiles/arch__arm__core__cortex_m.dir/irq_manage.c.obj
[pujjolo-ish:singleimage] [166/271] Building C object zephyr/subsys/crc/CMakeFiles/subsys__crc.dir/crc4_sw.c.obj
[ojal:ro] [162/380] Building C object zephyr/CMakeFiles/zephyr.dir/subsys/shell/shell_utils.c.obj
[lotso:rw] [62/387] Building C object CMakeFiles/app.dir/mnt/host/source/src/platform/ec/build/zephyr/lotso/modules/ec/common/charge_state.c.obj
[pujjolo-ish:singleimage] [167/271] Building C object zephyr/subsys/crc/CMakeFiles/subsys__crc.dir/crc8_sw.c.obj
[ojal:rw] [193/380] Building C object zephyr/arch/arch/arm/core/cortex_m/CMakeFiles/arch__arm__core__cortex_m.dir/thread.c.obj
[ojal:rw] [194/380] Building C object zephyr/arch/arch/arm/core/cortex_m/CMakeFiles/arch__arm__core__cortex_m.dir/cpu_idle.c.obj
[pujjolo-ish:singleimage] [168/271] Building C object zephyr/subsys/crc/CMakeFiles/subsys__crc.dir/crc16_sw.c.obj
[pujjolo-ish:singleimage] [169/271] Building C object zephyr/subsys/crc/CMakeFiles/subsys__crc.dir/crc7_sw.c.obj
[steelix:ro] [193/395] Building C object zephyr/CMakeFiles/zephyr.dir/subsys/shell/shell_help.c.obj
[ojal:rw] [195/380] Generating ../../../include/generated/libc/minimal/strerror_table.h
[ojal:ro] [163/380] Building C object zephyr/CMakeFiles/zephyr.dir/subsys/shell/shell_ops.c.obj
[ojal:rw] [196/380] Building C object zephyr/arch/arch/arm/core/cortex_m/CMakeFiles/arch__arm__core__cortex_m.dir/irq_init.c.obj
[steelix:ro] [194/395] Building C object zephyr/arch/common/CMakeFiles/arch__common.dir/init.c.obj
[pujjolo-ish:singleimage] [170/271] Building C object zephyr/subsys/crc/CMakeFiles/subsys__crc.dir/crc24_sw.c.obj
[steelix:ro] [195/395] Building C object zephyr/CMakeFiles/zephyr.dir/subsys/shell/shell_history.c.obj
[steelix:ro] [196/395] Building C object zephyr/arch/common/CMakeFiles/arch__common.dir/sw_isr_common.c.obj
[pujjolo-ish:singleimage] [171/271] Building C object zephyr/subsys/crc/CMakeFiles/subsys__crc.dir/crc32c_sw.c.obj
[ojal:rw] [197/380] Building C object zephyr/lib/libc/minimal/CMakeFiles/lib__libc__minimal.dir/source/stdlib/atoi.c.obj
[steelix:ro] [197/395] Building C object zephyr/CMakeFiles/zephyr.dir/drivers/flash/flash_util.c.obj
[pujjolo-ish:singleimage] [172/271] Building C object zephyr/subsys/crc/CMakeFiles/subsys__crc.dir/crc32_sw.c.obj
[steelix:ro] [198/395] Linking C static library zephyr/libzephyr.a
[ojal:rw] [198/380] Building C object zephyr/lib/libc/minimal/CMakeFiles/lib__libc__minimal.dir/source/stdlib/strtol.c.obj
[ojal:rw] [199/380] Building C object zephyr/lib/libc/minimal/CMakeFiles/lib__libc__minimal.dir/source/stdlib/strtoul.c.obj
[pujjolo-ish:singleimage] [173/271] Building C object zephyr/subsys/crc/CMakeFiles/subsys__crc.dir/crc32k_4_2_sw.c.obj
[ojal:rw] [200/380] Building C object zephyr/arch/arch/arm/core/cortex_m/CMakeFiles/arch__arm__core__cortex_m.dir/isr_wrapper.c.obj
[ojal:ro] [164/380] Building C object zephyr/CMakeFiles/zephyr.dir/subsys/shell/shell_help.c.obj
[pujjolo-ish:singleimage] [174/271] Linking CXX static library zephyr/subsys/crc/libsubsys__crc.a
[ojal:rw] [201/380] Linking C static library zephyr/arch/arch/arm/core/cortex_m/libarch__arm__core__cortex_m.a
[ojal:rw] [202/380] Building C object zephyr/arch/arch/arm/core/cortex_m/cmse/CMakeFiles/arch__arm__core__cortex_m__cmse.dir/arm_core_cmse.c.obj
[ojal:rw] [203/380] Building C object zephyr/lib/libc/minimal/CMakeFiles/lib__libc__minimal.dir/source/stdlib/strtoll.c.obj
[steelix:ro] [199/395] Building ASM object zephyr/arch/arch/arm/core/CMakeFiles/arch__arm__core.dir/nmi_on_reset.S.obj
[ojal:rw] [204/380] Linking C static library zephyr/arch/arch/arm/core/cortex_m/cmse/libarch__arm__core__cortex_m__cmse.a
[ojal:rw] [205/380] Building C object zephyr/lib/libc/minimal/CMakeFiles/lib__libc__minimal.dir/source/stdlib/strtoull.c.obj
[ojal:ro] [165/380] Building C object zephyr/CMakeFiles/zephyr.dir/subsys/shell/shell_history.c.obj
[ojal:rw] [206/380] Building C object zephyr/lib/libc/minimal/CMakeFiles/lib__libc__minimal.dir/source/stdlib/bsearch.c.obj
[lotso:rw] [63/387] Building C object CMakeFiles/app.dir/mnt/host/source/src/platform/ec/build/zephyr/lotso/modules/ec/common/cbi_common.c.obj
[steelix:ro] [200/395] Building C object zephyr/arch/common/CMakeFiles/arch__common.dir/xip.c.obj
[/mnt/host/source/src/platform/ec/build/zephyr/ocelotrvp-npcx-lcov]   /mnt/host/source/src/platform/ec/build/zephyr/ocelotrvp-npcx/build-rw/modules/ec/zephyr/CMakeFiles/ec_shim.dir/shim/src/usba.c.gcno:no functions found
[/mnt/host/source/src/platform/ec/build/zephyr/ocelotrvp-npcx-lcov] stderr:
[pujjolo-ish:singleimage] [175/271] Building C object zephyr/drivers/interrupt_controller/CMakeFiles/drivers__interrupt_controller.dir/intc_ioapic.c.obj
[ojal:rw] [207/380] Building C object zephyr/lib/libc/minimal/CMakeFiles/lib__libc__minimal.dir/source/string/strerror.c.obj
[ojal:rw] [208/380] Building C object zephyr/lib/libc/minimal/CMakeFiles/lib__libc__minimal.dir/source/string/strncasecmp.c.obj
[steelix:ro] [201/395] Building C object zephyr/arch/common/CMakeFiles/isr_tables.dir/isr_tables.c.obj
[steelix:ro] [202/395] Building C object zephyr/arch/arch/arm/core/CMakeFiles/arch__arm__core.dir/fatal.c.obj
[steelix:ro] [203/395] Building C object zephyr/arch/arch/arm/core/CMakeFiles/arch__arm__core.dir/nmi.c.obj
[ojal:rw] [209/380] Building C object zephyr/lib/libc/minimal/CMakeFiles/lib__libc__minimal.dir/source/stdlib/qsort.c.obj
[ojal:rw] [210/380] Building C object zephyr/lib/libc/minimal/CMakeFiles/lib__libc__minimal.dir/source/string/strstr.c.obj
[pujjolo-ish:singleimage] [176/271] Building C object zephyr/drivers/interrupt_controller/CMakeFiles/drivers__interrupt_controller.dir/intc_loapic.c.obj
[steelix:ro] [204/395] Linking C static library zephyr/arch/common/libisr_tables.a
[steelix:ro] [205/395] Linking C static library zephyr/arch/arch/arm/core/libarch__arm__core.a
[ojal:ro] [166/380] Building C object zephyr/CMakeFiles/zephyr.dir/drivers/flash/flash_util.c.obj
[ojal:rw] [211/380] Building C object zephyr/lib/libc/minimal/CMakeFiles/lib__libc__minimal.dir/source/string/string.c.obj
[steelix:ro] [206/395] Linking C static library zephyr/arch/common/libarch__common.a
[ojal:rw] [212/380] Building C object zephyr/lib/libc/minimal/CMakeFiles/lib__libc__minimal.dir/source/string/strspn.c.obj
[steelix:ro] [207/395] Building ASM object zephyr/arch/arch/arm/core/cortex_m/CMakeFiles/arch__arm__core__cortex_m.dir/fault_s.S.obj
[ojal:rw] [213/380] Building C object zephyr/lib/libc/minimal/CMakeFiles/lib__libc__minimal.dir/source/stdlib/exit.c.obj
[ojal:ro] [167/380] Building C object zephyr/arch/common/CMakeFiles/arch__common.dir/sw_isr_common.c.obj
[ojal:ro] [168/380] Linking C static library zephyr/libzephyr.a
[pujjolo-ish:singleimage] [177/271] Building C object zephyr/drivers/interrupt_controller/CMakeFiles/drivers__interrupt_controller.dir/intc_system_apic.c.obj
[pujjolo-ish:singleimage] [178/271] Linking CXX static library zephyr/drivers/interrupt_controller/libdrivers__interrupt_controller.a
[lotso:rw] [64/387] Building C object CMakeFiles/app.dir/mnt/host/source/src/platform/ec/build/zephyr/lotso/modules/ec/common/charge_manager.c.obj
[ojal:rw] [214/380] Building C object zephyr/lib/libc/minimal/CMakeFiles/lib__libc__minimal.dir/source/math/sqrtf.c.obj
[steelix:ro] [208/395] Building C object zephyr/arch/arch/arm/core/cortex_m/CMakeFiles/arch__arm__core__cortex_m.dir/exc_exit.c.obj
[pujjolo-ish:singleimage] [179/271] Building C object zephyr/drivers/console/CMakeFiles/drivers__console.dir/uart_console.c.obj
[pujjolo-ish:singleimage] [180/271] Linking CXX static library zephyr/drivers/console/libdrivers__console.a
[ojal:rw] [215/380] Building C object zephyr/lib/libc/minimal/CMakeFiles/lib__libc__minimal.dir/source/stdout/stdout_console.c.obj
[ojal:rw] [216/380] Building C object zephyr/lib/libc/minimal/CMakeFiles/lib__libc__minimal.dir/source/stdout/sprintf.c.obj
[ojal:ro] [169/380] Building C object zephyr/arch/common/CMakeFiles/arch__common.dir/init.c.obj
[ojal:ro] [170/380] Building C object zephyr/arch/common/CMakeFiles/arch__common.dir/dynamic_isr.c.obj
[ojal:rw] [217/380] Building C object zephyr/lib/libc/minimal/CMakeFiles/lib__libc__minimal.dir/source/stdout/fprintf.c.obj
[ojal:rw] [218/380] Building C object zephyr/lib/libc/minimal/CMakeFiles/lib__libc__minimal.dir/source/math/sqrt.c.obj
[steelix:ro] [209/395] Building C object zephyr/arch/arch/arm/core/cortex_m/CMakeFiles/arch__arm__core__cortex_m.dir/fault.c.obj
[steelix:ro] [210/395] Building C object zephyr/arch/arch/arm/core/cortex_m/CMakeFiles/arch__arm__core__cortex_m.dir/scb.c.obj
[steelix:ro] [211/395] Building ASM object zephyr/arch/arch/arm/core/cortex_m/CMakeFiles/arch__arm__core__cortex_m.dir/reset.S.obj
[pujjolo-ish:singleimage] [181/271] Building C object zephyr/drivers/gpio/CMakeFiles/drivers__gpio.dir/mnt/host/source/src/third_party/zephyrproject/modules/hal/intel/bsp_sedi/drivers/gpio/sedi_gpio.c.obj
[steelix:ro] [212/395] Building C object zephyr/arch/arch/arm/core/cortex_m/CMakeFiles/arch__arm__core__cortex_m.dir/fpu.c.obj
[lotso:rw] [65/387] Building C object CMakeFiles/app.dir/mnt/host/source/src/platform/ec/build/zephyr/lotso/modules/ec/common/cbi.c.obj
[ojal:rw] [219/380] Building C object zephyr/lib/libc/common/CMakeFiles/lib__libc__common.dir/source/time/gmtime_r.c.obj
[pujjolo-ish:singleimage] [182/271] Building C object zephyr/drivers/gpio/CMakeFiles/drivers__gpio.dir/gpio_sedi.c.obj
[pujjolo-ish:singleimage] [183/271] Linking CXX static library zephyr/drivers/gpio/libdrivers__gpio.a
[ojal:rw] [220/380] Building C object zephyr/lib/libc/common/CMakeFiles/lib__libc__common.dir/source/time/asctime.c.obj
[steelix:ro] [213/395] Building ASM object zephyr/arch/arch/arm/core/cortex_m/CMakeFiles/arch__arm__core__cortex_m.dir/vector_table.S.obj
[lotso:rw] [66/387] Building C object CMakeFiles/app.dir/mnt/host/source/src/platform/ec/build/zephyr/lotso/modules/ec/common/cbi_config.c.obj
[steelix:ro] [214/395] Building C object zephyr/arch/arch/arm/core/cortex_m/CMakeFiles/arch__arm__core__cortex_m.dir/thread_abort.c.obj
[ojal:rw] [221/380] Building C object zephyr/lib/libc/common/CMakeFiles/lib__libc__common.dir/source/time/localtime_r_utc.c.obj
[ojal:rw] [222/380] Building C object zephyr/lib/libc/minimal/CMakeFiles/lib__libc__minimal.dir/source/time/gmtime.c.obj
[ojal:rw] [223/380] Building C object zephyr/lib/libc/common/CMakeFiles/lib__libc__common.dir/source/stdlib/abort.c.obj
[ojal:ro] [171/380] Building C object zephyr/arch/common/CMakeFiles/isr_tables.dir/isr_tables.c.obj
[ojal:ro] [172/380] Linking C static library zephyr/arch/common/libisr_tables.a
[ojal:rw] [224/380] Building C object zephyr/lib/libc/common/CMakeFiles/lib__libc__common.dir/source/time/ctime.c.obj
[ojal:rw] [225/380] Linking C static library zephyr/lib/libc/minimal/liblib__libc__minimal.a
[ojal:ro] [173/380] Building C object zephyr/arch/common/CMakeFiles/arch__common.dir/xip.c.obj
[pujjolo-ish:singleimage] [184/271] Building C object zephyr/drivers/i2c/CMakeFiles/drivers__i2c.dir/i2c_common.c.obj
[steelix:ro] [215/395] Building ASM object zephyr/arch/arch/arm/core/cortex_m/CMakeFiles/arch__arm__core__cortex_m.dir/swap_helper.S.obj
[ojal:ro] [174/380] Linking C static library zephyr/arch/common/libarch__common.a
[ojal:rw] [226/380] Building C object zephyr/lib/posix/c_lib_ext/CMakeFiles/lib__posix__c_lib_ext.dir/fnmatch.c.obj
[ojal:rw] [227/380] Building C object zephyr/lib/libc/common/CMakeFiles/lib__libc__common.dir/source/string/strnlen.c.obj
[steelix:ro] [216/395] Building C object zephyr/arch/arch/arm/core/cortex_m/CMakeFiles/arch__arm__core__cortex_m.dir/irq_manage.c.obj
[ojal:rw] [228/380] Building C object zephyr/lib/libc/common/CMakeFiles/lib__libc__common.dir/source/time/time.c.obj
[steelix:ro] [217/395] Building C object zephyr/arch/arch/arm/core/cortex_m/CMakeFiles/arch__arm__core__cortex_m.dir/prep_c.c.obj
[pujjolo-ish:singleimage] [185/271] Building C object zephyr/drivers/i2c/CMakeFiles/drivers__i2c.dir/i2c_shell.c.obj
[lotso:rw] [67/387] Building C object CMakeFiles/app.dir/mnt/host/source/src/platform/ec/build/zephyr/lotso/modules/ec/common/memory_commands.c.obj
[steelix:ro] [218/395] Building C object zephyr/arch/arch/arm/core/cortex_m/CMakeFiles/arch__arm__core__cortex_m.dir/cpu_idle.c.obj
[ojal:rw] [229/380] Building C object zephyr/lib/libc/common/CMakeFiles/lib__libc__common.dir/source/stdlib/malloc.c.obj
[pujjolo-ish:singleimage] [186/271] Building C object zephyr/drivers/i2c/CMakeFiles/drivers__i2c.dir/i2c_sedi.c.obj
[ojal:ro] [175/380] Building C object zephyr/arch/arch/arm/core/CMakeFiles/arch__arm__core.dir/nmi.c.obj
[steelix:ro] [219/395] Building C object zephyr/arch/arch/arm/core/cortex_m/CMakeFiles/arch__arm__core__cortex_m.dir/thread.c.obj
[ojal:ro] [176/380] Building C object zephyr/arch/arch/arm/core/CMakeFiles/arch__arm__core.dir/fatal.c.obj
[steelix:ro] [220/395] Building C object zephyr/arch/arch/arm/core/cortex_m/CMakeFiles/arch__arm__core__cortex_m.dir/irq_init.c.obj
[ojal:rw] [230/380] Linking C static library zephyr/lib/libc/common/liblib__libc__common.a
[ojal:rw] [231/380] Building C object zephyr/lib/smf/CMakeFiles/lib__smf.dir/smf.c.obj
[ojal:rw] [232/380] Building C object zephyr/lib/posix/c_lib_ext/CMakeFiles/lib__posix__c_lib_ext.dir/getopt_shim.c.obj
[steelix:ro] [221/395] Generating ../../../include/generated/libc/minimal/strerror_table.h
[ojal:ro] [177/380] Building ASM object zephyr/arch/arch/arm/core/CMakeFiles/arch__arm__core.dir/nmi_on_reset.S.obj
[ojal:rw] [233/380] Building C object zephyr/lib/posix/c_lib_ext/CMakeFiles/lib__posix__c_lib_ext.dir/getentropy.c.obj
[ojal:rw] [234/380] Linking C static library zephyr/lib/smf/liblib__smf.a
[ojal:rw] [235/380] Building C object zephyr/subsys/crc/CMakeFiles/subsys__crc.dir/crc8_sw.c.obj
[pujjolo-ish:singleimage] [187/271] Building C object zephyr/drivers/i2c/CMakeFiles/drivers__i2c.dir/mnt/host/source/src/third_party/zephyrproject/modules/hal/intel/bsp_sedi/drivers/i2c/sedi_i2c_dw_apb_200a.c.obj
[ojal:rw] [236/380] Building C object zephyr/subsys/crc/CMakeFiles/subsys__crc.dir/crc4_sw.c.obj
[ojal:ro] [178/380] Linking C static library zephyr/arch/arch/arm/core/libarch__arm__core.a
[ojal:rw] [237/380] Linking C static library zephyr/lib/posix/c_lib_ext/liblib__posix__c_lib_ext.a
[lotso:rw] [68/387] Building C object CMakeFiles/app.dir/mnt/host/source/src/platform/ec/build/zephyr/lotso/modules/ec/common/dptf.c.obj
[ojal:rw] [238/380] Building C object zephyr/subsys/crc/CMakeFiles/subsys__crc.dir/crc7_sw.c.obj
[steelix:ro] [222/395] Building C object zephyr/lib/libc/minimal/CMakeFiles/lib__libc__minimal.dir/source/stdlib/atoi.c.obj
[pujjolo-ish:singleimage] [188/271] Linking CXX static library zephyr/drivers/i2c/libdrivers__i2c.a
[steelix:ro] [223/395] Building C object zephyr/arch/arch/arm/core/cortex_m/CMakeFiles/arch__arm__core__cortex_m.dir/isr_wrapper.c.obj
[ojal:rw] [239/380] Building C object zephyr/subsys/crc/CMakeFiles/subsys__crc.dir/crc16_sw.c.obj
[/mnt/host/source/src/platform/ec/build/zephyr/ocelotrvp-npcx-lcov]   /mnt/host/source/src/platform/ec/build/zephyr/ocelotrvp-npcx/build-rw/modules/ec/zephyr/CMakeFiles/ec_shim.dir/drivers/keyboard_input/keyboard_customization_check.c.gcno:no functions found
[/mnt/host/source/src/platform/ec/build/zephyr/ocelotrvp-npcx-lcov] stderr:
[ojal:rw] [240/380] Building C object zephyr/subsys/crc/CMakeFiles/subsys__crc.dir/crc24_sw.c.obj
[ojal:rw] [241/380] Building C object zephyr/subsys/crc/CMakeFiles/subsys__crc.dir/crc32c_sw.c.obj
[ojal:rw] [242/380] Building C object zephyr/subsys/crc/CMakeFiles/subsys__crc.dir/crc32_sw.c.obj
[steelix:ro] [224/395] Linking C static library zephyr/arch/arch/arm/core/cortex_m/libarch__arm__core__cortex_m.a
[steelix:ro] [225/395] Building C object zephyr/lib/libc/minimal/CMakeFiles/lib__libc__minimal.dir/source/stdlib/strtol.c.obj
[ojal:rw] [243/380] Building C object zephyr/subsys/crc/CMakeFiles/subsys__crc.dir/crc32k_4_2_sw.c.obj
[ojal:ro] [179/380] Building C object zephyr/arch/arch/arm/core/cortex_m/CMakeFiles/arch__arm__core__cortex_m.dir/exc_exit.c.obj
[steelix:ro] [226/395] Building C object zephyr/arch/arch/arm/core/mpu/CMakeFiles/arch__arm__core__mpu.dir/arm_core_mpu.c.obj
[pujjolo-ish:singleimage] [189/271] Building C object zephyr/drivers/ipm/CMakeFiles/drivers__ipm.dir/mnt/host/source/src/third_party/zephyrproject/modules/hal/intel/bsp_sedi/drivers/ipc/sedi_ipc.c.obj
[ojal:rw] [244/380] Linking C static library zephyr/subsys/crc/libsubsys__crc.a
[steelix:ro] [227/395] Building C object zephyr/lib/libc/minimal/CMakeFiles/lib__libc__minimal.dir/source/stdlib/strtoul.c.obj
[steelix:ro] [228/395] Building C object zephyr/lib/libc/minimal/CMakeFiles/lib__libc__minimal.dir/source/stdlib/strtoll.c.obj
[pujjolo-ish:singleimage] [190/271] Building C object zephyr/drivers/ipm/CMakeFiles/drivers__ipm.dir/ipm_sedi.c.obj
[steelix:ro] [229/395] Building C object zephyr/arch/arch/arm/core/mpu/CMakeFiles/arch__arm__core__mpu.dir/arm_mpu.c.obj
[lotso:rw] [69/387] Building C object CMakeFiles/app.dir/mnt/host/source/src/platform/ec/build/zephyr/lotso/modules/ec/common/ap_reset_log.c.obj
[ojal:rw] [245/380] Building C object zephyr/subsys/input/CMakeFiles/subsys__input.dir/input_hid.c.obj
[steelix:ro] [230/395] Building C object zephyr/arch/arch/arm/core/mpu/CMakeFiles/arch__arm__core__mpu.dir/arm_mpu_regions.c.obj
[pujjolo-ish:singleimage] [191/271] Linking CXX static library zephyr/drivers/ipm/libdrivers__ipm.a
[ojal:ro] [180/380] Building ASM object zephyr/arch/arch/arm/core/cortex_m/CMakeFiles/arch__arm__core__cortex_m.dir/fault_s.S.obj
[steelix:ro] [231/395] Building C object zephyr/lib/libc/minimal/CMakeFiles/lib__libc__minimal.dir/source/stdlib/bsearch.c.obj
[steelix:ro] [232/395] Building C object zephyr/lib/libc/minimal/CMakeFiles/lib__libc__minimal.dir/source/stdlib/strtoull.c.obj
[steelix:ro] [233/395] Linking C static library zephyr/arch/arch/arm/core/mpu/libarch__arm__core__mpu.a
[ojal:ro] [181/380] Building C object zephyr/arch/arch/arm/core/cortex_m/CMakeFiles/arch__arm__core__cortex_m.dir/fault.c.obj
[steelix:ro] [234/395] Building C object zephyr/lib/libc/minimal/CMakeFiles/lib__libc__minimal.dir/source/string/strncasecmp.c.obj
[ojal:rw] [246/380] Building C object zephyr/subsys/input/CMakeFiles/subsys__input.dir/input.c.obj
[steelix:ro] [235/395] Building C object zephyr/lib/libc/minimal/CMakeFiles/lib__libc__minimal.dir/source/stdlib/qsort.c.obj
[steelix:ro] [236/395] Building C object zephyr/lib/libc/minimal/CMakeFiles/lib__libc__minimal.dir/source/string/strstr.c.obj
[ojal:rw] [247/380] Building C object zephyr/subsys/input/CMakeFiles/subsys__input.dir/input_utils.c.obj
[steelix:ro] [237/395] Building C object zephyr/lib/libc/minimal/CMakeFiles/lib__libc__minimal.dir/source/string/strerror.c.obj
[steelix:ro] [238/395] Building C object zephyr/lib/libc/minimal/CMakeFiles/lib__libc__minimal.dir/source/string/string.c.obj
[ojal:rw] [248/380] Linking C static library zephyr/subsys/input/libsubsys__input.a
[lotso:rw] [70/387] Building C object CMakeFiles/app.dir/mnt/host/source/src/platform/ec/build/zephyr/lotso/modules/ec/common/espi.c.obj
[steelix:ro] [239/395] Building C object zephyr/lib/libc/minimal/CMakeFiles/lib__libc__minimal.dir/source/string/strspn.c.obj
[pujjolo-ish:singleimage] [192/271] Building C object zephyr/drivers/serial/CMakeFiles/drivers__serial.dir/uart_sedi.c.obj
[pujjolo-ish:singleimage] [193/271] Linking CXX static library zephyr/drivers/syscon/libdrivers__syscon.a
[pujjolo-ish:singleimage] [194/271] Building C object zephyr/drivers/serial/CMakeFiles/drivers__serial.dir/mnt/host/source/src/third_party/zephyrproject/modules/hal/intel/bsp_sedi/drivers/usart/sedi_dw_uart.c.obj
[ojal:ro] [182/380] Building C object zephyr/arch/arch/arm/core/cortex_m/CMakeFiles/arch__arm__core__cortex_m.dir/fpu.c.obj
[steelix:ro] [240/395] Building C object zephyr/lib/libc/minimal/CMakeFiles/lib__libc__minimal.dir/source/stdlib/exit.c.obj
[pujjolo-ish:singleimage] [195/271] Linking CXX static library zephyr/drivers/serial/libdrivers__serial.a
[ojal:ro] [183/380] Building ASM object zephyr/arch/arch/arm/core/cortex_m/CMakeFiles/arch__arm__core__cortex_m.dir/reset.S.obj
[ojal:rw] [249/380] Building C object zephyr/drivers/adc/CMakeFiles/drivers__adc.dir/adc_common.c.obj
[ojal:rw] [250/380] Building C object zephyr/drivers/adc/CMakeFiles/drivers__adc.dir/adc_realtek_rts5912.c.obj
[steelix:ro] [241/395] Building C object zephyr/lib/libc/minimal/CMakeFiles/lib__libc__minimal.dir/source/math/sqrtf.c.obj
[steelix:ro] [242/395] Building C object zephyr/lib/libc/minimal/CMakeFiles/lib__libc__minimal.dir/source/math/sqrt.c.obj
[lotso:rw] [71/387] Building C object CMakeFiles/app.dir/mnt/host/source/src/platform/ec/build/zephyr/lotso/modules/ec/common/extpower_common.c.obj
[ojal:rw] [251/380] Linking C static library zephyr/drivers/adc/libdrivers__adc.a
[ojal:rw] [252/380] Building C object zephyr/drivers/bbram/CMakeFiles/drivers__bbram.dir/bbram_rts5912.c.obj
[pujjolo-ish:singleimage] [196/271] Building C object zephyr/drivers/timer/CMakeFiles/drivers__timer.dir/sys_clock_init.c.obj
[ojal:rw] [253/380] Building C object zephyr/drivers/clock_control/CMakeFiles/drivers__clock_control.dir/clock_control_rts5912_sccon.c.obj
[steelix:ro] [243/395] Building C object zephyr/lib/libc/minimal/CMakeFiles/lib__libc__minimal.dir/source/stdout/sprintf.c.obj
[steelix:ro] [244/395] Building C object zephyr/lib/libc/minimal/CMakeFiles/lib__libc__minimal.dir/source/stdout/stdout_console.c.obj
[ojal:rw] [254/380] Linking C static library zephyr/drivers/bbram/libdrivers__bbram.a
[steelix:ro] [245/395] Building C object zephyr/lib/libc/minimal/CMakeFiles/lib__libc__minimal.dir/source/stdout/fprintf.c.obj
[ojal:rw] [255/380] Linking C static library zephyr/drivers/clock_control/libdrivers__clock_control.a
[ojal:ro] [184/380] Building C object zephyr/arch/arch/arm/core/cortex_m/CMakeFiles/arch__arm__core__cortex_m.dir/scb.c.obj
[pujjolo-ish:singleimage] [197/271] Building C object zephyr/drivers/timer/CMakeFiles/drivers__timer.dir/hpet.c.obj
[steelix:ro] [246/395] Building C object zephyr/lib/libc/common/CMakeFiles/lib__libc__common.dir/source/time/gmtime_r.c.obj
[lotso:rw] [72/387] Building C object CMakeFiles/app.dir/mnt/host/source/src/platform/ec/build/zephyr/lotso/modules/ec/common/extpower_gpio.c.obj
[pujjolo-ish:singleimage] [198/271] Linking CXX static library zephyr/drivers/timer/libdrivers__timer.a
[ojal:ro] [185/380] Building C object zephyr/arch/arch/arm/core/cortex_m/CMakeFiles/arch__arm__core__cortex_m.dir/thread_abort.c.obj
[steelix:ro] [247/395] Building C object zephyr/lib/libc/common/CMakeFiles/lib__libc__common.dir/source/time/asctime.c.obj
[steelix:ro] [248/395] Building C object zephyr/lib/libc/common/CMakeFiles/lib__libc__common.dir/source/time/localtime_r_utc.c.obj
[ojal:rw] [256/380] Building C object zephyr/drivers/console/CMakeFiles/drivers__console.dir/uart_console.c.obj
[steelix:ro] [249/395] Building C object zephyr/lib/libc/common/CMakeFiles/lib__libc__common.dir/source/time/ctime.c.obj
[steelix:ro] [250/395] Building C object zephyr/lib/libc/common/CMakeFiles/lib__libc__common.dir/source/stdlib/abort.c.obj
[ojal:ro] [186/380] Building ASM object zephyr/arch/arch/arm/core/cortex_m/CMakeFiles/arch__arm__core__cortex_m.dir/vector_table.S.obj
[/mnt/host/source/src/platform/ec/build/zephyr/ocelotrvp-npcx-lcov]   /mnt/host/source/src/platform/ec/build/zephyr/ocelotrvp-npcx/build-rw/modules/ec/zephyr/drivers/pw_transport/CMakeFiles/pw_transport.proto.nanopb.dir/pw_transport.proto/nanopb/pw_transport/proto/transport.pb.c.gcno:no functions found
[/mnt/host/source/src/platform/ec/build/zephyr/ocelotrvp-npcx-lcov] stderr:
[ojal:rw] [257/380] Building C object zephyr/drivers/counter/CMakeFiles/drivers__counter.dir/counter_realtek_rts5912.c.obj
[ojal:rw] [258/380] Linking C static library zephyr/drivers/console/libdrivers__console.a
[steelix:ro] [251/395] Building C object zephyr/lib/libc/common/CMakeFiles/lib__libc__common.dir/source/time/time.c.obj
[pujjolo-ish:singleimage] [199/271] Building C object modules/ec/zephyr/CMakeFiles/ec_shim.dir/app/ec/ec_app_main.c.obj
[steelix:ro] [252/395] Building C object zephyr/lib/libc/common/CMakeFiles/lib__libc__common.dir/source/string/strnlen.c.obj
[steelix:ro] [253/395] Building C object zephyr/lib/libc/minimal/CMakeFiles/lib__libc__minimal.dir/source/time/gmtime.c.obj
[ojal:rw] [259/380] Linking C static library zephyr/drivers/counter/libdrivers__counter.a
[steelix:ro] [254/395] Building C object zephyr/lib/posix/c_lib_ext/CMakeFiles/lib__posix__c_lib_ext.dir/fnmatch.c.obj
[ojal:rw] [260/380] Building C object zephyr/drivers/crypto/CMakeFiles/drivers__crypto.dir/crypto_rts5912_sha.c.obj
[steelix:ro] [255/395] Linking C static library zephyr/lib/libc/minimal/liblib__libc__minimal.a
[steelix:ro] [256/395] Building C object zephyr/subsys/crc/CMakeFiles/subsys__crc.dir/crc4_sw.c.obj
[ojal:rw] [261/380] Linking C static library zephyr/drivers/crypto/libdrivers__crypto.a
[steelix:ro] [257/395] Building C object zephyr/subsys/crc/CMakeFiles/subsys__crc.dir/crc8_sw.c.obj
[ojal:ro] [187/380] Building ASM object zephyr/arch/arch/arm/core/cortex_m/CMakeFiles/arch__arm__core__cortex_m.dir/swap_helper.S.obj
[pujjolo-ish:singleimage] [200/271] Building C object modules/ec/zephyr/CMakeFiles/ec_shim.dir/app/ec/main_shim.c.obj
[steelix:ro] [258/395] Building C object zephyr/subsys/crc/CMakeFiles/subsys__crc.dir/crc16_sw.c.obj
[ojal:rw] [262/380] Building C object zephyr/drivers/espi/CMakeFiles/drivers__espi.dir/espi_realtek_rts5912.c.obj
[steelix:ro] [259/395] Building C object zephyr/subsys/crc/CMakeFiles/subsys__crc.dir/crc7_sw.c.obj
[steelix:ro] [260/395] Building C object zephyr/subsys/crc/CMakeFiles/subsys__crc.dir/crc24_sw.c.obj
[lotso:rw] [73/387] Building C object CMakeFiles/app.dir/mnt/host/source/src/platform/ec/build/zephyr/lotso/modules/ec/common/fan.c.obj
[ojal:rw] [263/380] Linking C static library zephyr/drivers/espi/libdrivers__espi.a
[ojal:ro] [188/380] Building C object zephyr/arch/arch/arm/core/cortex_m/CMakeFiles/arch__arm__core__cortex_m.dir/irq_manage.c.obj
[steelix:ro] [261/395] Building C object zephyr/subsys/crc/CMakeFiles/subsys__crc.dir/crc32c_sw.c.obj
[steelix:ro] [262/395] Building C object zephyr/subsys/crc/CMakeFiles/subsys__crc.dir/crc32_sw.c.obj
[steelix:ro] [263/395] Building C object zephyr/lib/libc/common/CMakeFiles/lib__libc__common.dir/source/stdlib/malloc.c.obj
[steelix:ro] [264/395] Building C object zephyr/lib/posix/c_lib_ext/CMakeFiles/lib__posix__c_lib_ext.dir/getentropy.c.obj
[pujjolo-ish:singleimage] [201/271] Building C object modules/ec/zephyr/CMakeFiles/ec_shim.dir/shim/chip/stub/clock.c.obj
[lotso:rw] [74/387] Building C object CMakeFiles/app.dir/mnt/host/source/src/platform/ec/build/zephyr/lotso/modules/ec/common/flash.c.obj
[steelix:ro] [265/395] Linking C static library zephyr/lib/libc/common/liblib__libc__common.a
[ojal:rw] [264/380] Building C object zephyr/drivers/flash/CMakeFiles/drivers__flash.dir/flash_realtek_rts5912.c.obj
[steelix:ro] [266/395] Building C object zephyr/subsys/crc/CMakeFiles/subsys__crc.dir/crc32k_4_2_sw.c.obj
[steelix:ro] [267/395] Building C object zephyr/lib/posix/c_lib_ext/CMakeFiles/lib__posix__c_lib_ext.dir/getopt_shim.c.obj
[steelix:ro] [268/395] Linking C static library zephyr/subsys/crc/libsubsys__crc.a
[ojal:rw] [265/380] Linking C static library zephyr/drivers/flash/libdrivers__flash.a
[ojal:rw] [266/380] Building C object zephyr/drivers/i2c/CMakeFiles/drivers__i2c.dir/i2c_common.c.obj
[pujjolo-ish:singleimage] [202/271] Building C object modules/ec/zephyr/CMakeFiles/ec_shim.dir/shim/src/crc.c.obj
[ojal:ro] [189/380] Building C object zephyr/arch/arch/arm/core/cortex_m/CMakeFiles/arch__arm__core__cortex_m.dir/prep_c.c.obj
[steelix:ro] [269/395] Linking C static library zephyr/lib/posix/c_lib_ext/liblib__posix__c_lib_ext.a
[pujjolo-ish:singleimage] [203/271] Building C object modules/ec/zephyr/CMakeFiles/ec_shim.dir/shim/src/console.c.obj
[ojal:rw] [267/380] Building C object zephyr/drivers/i2c/CMakeFiles/drivers__i2c.dir/i2c_shell.c.obj
[ojal:ro] [190/380] Building C object zephyr/arch/arch/arm/core/cortex_m/CMakeFiles/arch__arm__core__cortex_m.dir/thread.c.obj
[ojal:rw] [268/380] Building C object zephyr/drivers/gpio/CMakeFiles/drivers__gpio.dir/gpio_rts5912.c.obj
[ojal:rw] [269/380] Linking C static library zephyr/drivers/gpio/libdrivers__gpio.a
[steelix:ro] [270/395] Building C object zephyr/drivers/bbram/CMakeFiles/drivers__bbram.dir/bbram_npcx.c.obj
[lotso:rw] [75/387] Building C object CMakeFiles/app.dir/mnt/host/source/src/platform/ec/build/zephyr/lotso/modules/ec/common/host_command.c.obj
[steelix:ro] [271/395] Building C object zephyr/drivers/adc/CMakeFiles/drivers__adc.dir/adc_common.c.obj
[steelix:ro] [272/395] Linking C static library zephyr/drivers/bbram/libdrivers__bbram.a
[steelix:ro] [273/395] Building C object zephyr/drivers/interrupt_controller/CMakeFiles/drivers__interrupt_controller.dir/intc_miwu.c.obj
[ojal:ro] [191/380] Building C object zephyr/arch/arch/arm/core/cortex_m/CMakeFiles/arch__arm__core__cortex_m.dir/cpu_idle.c.obj
[steelix:ro] [274/395] Linking C static library zephyr/drivers/interrupt_controller/libdrivers__interrupt_controller.a
[ojal:rw] [270/380] Building C object zephyr/drivers/i2c/CMakeFiles/drivers__i2c.dir/i2c_realtek_rts5912.c.obj
[steelix:ro] [275/395] Building C object zephyr/drivers/clock_control/CMakeFiles/drivers__clock_control.dir/clock_control_npcx.c.obj
[ojal:ro] [192/380] Building C object zephyr/arch/arch/arm/core/cortex_m/CMakeFiles/arch__arm__core__cortex_m.dir/irq_init.c.obj
[ojal:rw] [271/380] Building C object zephyr/drivers/i2c/CMakeFiles/drivers__i2c.dir/i2c_dw.c.obj
[pujjolo-ish:singleimage] [204/271] Building C object modules/ec/zephyr/CMakeFiles/ec_shim.dir/shim/src/gpio_int.c.obj
[lotso:rw] [76/387] Building C object CMakeFiles/app.dir/mnt/host/source/src/platform/ec/build/zephyr/lotso/modules/ec/common/host_command_task.c.obj
[steelix:ro] [276/395] Linking C static library zephyr/drivers/clock_control/libdrivers__clock_control.a
[ojal:rw] [272/380] Building C object zephyr/drivers/input/CMakeFiles/drivers__input.dir/input_kbd_matrix.c.obj
[pujjolo-ish:singleimage] [205/271] Building C object modules/ec/zephyr/CMakeFiles/ec_shim.dir/shim/src/gpio.c.obj
[ojal:rw] [273/380] Linking C static library zephyr/drivers/i2c/libdrivers__i2c.a
[steelix:ro] [277/395] Building C object zephyr/drivers/adc/CMakeFiles/drivers__adc.dir/adc_npcx.c.obj
[steelix:ro] [278/395] Linking C static library zephyr/drivers/adc/libdrivers__adc.a
[ojal:rw] [274/380] Building C object zephyr/drivers/input/CMakeFiles/drivers__input.dir/input_realtek_rts5912_kbd.c.obj
[ojal:rw] [275/380] Building C object zephyr/drivers/pinctrl/CMakeFiles/drivers__pinctrl.dir/common.c.obj
[ojal:ro] [193/380] Building C object zephyr/arch/arch/arm/core/cortex_m/CMakeFiles/arch__arm__core__cortex_m.dir/isr_wrapper.c.obj
[ojal:rw] [276/380] Linking C static library zephyr/drivers/input/libdrivers__input.a
[ojal:ro] [194/380] Linking C static library zephyr/arch/arch/arm/core/cortex_m/libarch__arm__core__cortex_m.a
[ojal:rw] [277/380] Building C object zephyr/drivers/pinctrl/CMakeFiles/drivers__pinctrl.dir/pinctrl_realtek_rts5912.c.obj
[ojal:ro] [195/380] Building C object zephyr/arch/arch/arm/core/cortex_m/cmse/CMakeFiles/arch__arm__core__cortex_m__cmse.dir/arm_core_cmse.c.obj
[pujjolo-ish:singleimage] [206/271] Building C object modules/ec/zephyr/CMakeFiles/ec_shim.dir/shim/src/panic_utils.c.obj
[ojal:rw] [278/380] Linking C static library zephyr/drivers/sensor/libdrivers__sensor.a
[steelix:ro] [279/395] Building C object zephyr/drivers/eeprom/CMakeFiles/drivers__eeprom.dir/eeprom_shell.c.obj
[steelix:ro] [280/395] Building C object zephyr/drivers/console/CMakeFiles/drivers__console.dir/uart_console.c.obj
[ojal:rw] [279/380] Linking C static library zephyr/drivers/pinctrl/libdrivers__pinctrl.a
[ojal:ro] [196/380] Generating ../../../include/generated/libc/minimal/strerror_table.h
[ojal:ro] [197/380] Linking C static library zephyr/arch/arch/arm/core/cortex_m/cmse/libarch__arm__core__cortex_m__cmse.a
[steelix:ro] [281/395] Linking C static library zephyr/drivers/console/libdrivers__console.a
[pujjolo-ish:singleimage] [207/271] Building C object modules/ec/zephyr/CMakeFiles/ec_shim.dir/shim/src/pm_state.c.obj
[steelix:ro] [282/395] Building C object zephyr/drivers/eeprom/CMakeFiles/drivers__eeprom.dir/eeprom_at2x.c.obj
[ojal:ro] [198/380] Building C object zephyr/lib/libc/minimal/CMakeFiles/lib__libc__minimal.dir/source/stdlib/atoi.c.obj
[ojal:rw] [280/380] Building C object zephyr/drivers/pwm/CMakeFiles/drivers__pwm.dir/pwm_shell.c.obj
[steelix:ro] [283/395] Linking C static library zephyr/drivers/eeprom/libdrivers__eeprom.a
[lotso:rw] [77/387] Building C object CMakeFiles/app.dir/mnt/host/source/src/platform/ec/build/zephyr/lotso/modules/ec/common/host_event_commands.c.obj
[ojal:ro] [199/380] Building C object zephyr/lib/libc/minimal/CMakeFiles/lib__libc__minimal.dir/source/stdlib/strtol.c.obj
[lotso:rw] [78/387] Building C object CMakeFiles/app.dir/mnt/host/source/src/platform/ec/build/zephyr/lotso/modules/ec/common/uart_hostcmd.c.obj
[steelix:ro] [284/395] Building C object zephyr/drivers/flash/CMakeFiles/drivers__flash.dir/jesd216.c.obj
[ojal:ro] [200/380] Building C object zephyr/lib/libc/minimal/CMakeFiles/lib__libc__minimal.dir/source/stdlib/strtoul.c.obj
[ojal:rw] [281/380] Building C object zephyr/drivers/pwm/CMakeFiles/drivers__pwm.dir/pwm_realtek_rts5912.c.obj
[ojal:rw] [282/380] Linking C static library zephyr/drivers/pwm/libdrivers__pwm.a
[ojal:ro] [201/380] Building C object zephyr/lib/libc/minimal/CMakeFiles/lib__libc__minimal.dir/source/stdlib/strtoll.c.obj
[steelix:ro] [285/395] Building C object zephyr/drivers/flash/CMakeFiles/drivers__flash.dir/flash_npcx_fiu_nor.c.obj
[ojal:ro] [202/380] Building C object zephyr/lib/libc/minimal/CMakeFiles/lib__libc__minimal.dir/source/stdlib/strtoull.c.obj
[pujjolo-ish:singleimage] [208/271] Building C object modules/ec/zephyr/CMakeFiles/ec_shim.dir/shim/src/cbi/cros_cbi.c.obj
[ojal:rw] [283/380] Building C object zephyr/drivers/syscon/CMakeFiles/drivers__syscon.dir/mnt/host/source/src/third_party/zephyr/main/misc/empty_file.c.obj
[ojal:ro] [203/380] Building C object zephyr/lib/libc/minimal/CMakeFiles/lib__libc__minimal.dir/source/stdlib/bsearch.c.obj
[ojal:rw] [284/380] Building C object zephyr/drivers/sensor/realtek/rts5912/CMakeFiles/drivers__sensor__realtek__rts5912.dir/rts5912.c.obj
[ojal:rw] [285/380] Linking C static library zephyr/drivers/syscon/libdrivers__syscon.a
[ojal:rw] [286/380] Building C object zephyr/drivers/serial/CMakeFiles/drivers__serial.dir/uart_ns16550.c.obj
[pujjolo-ish:singleimage] [209/271] Building C object modules/ec/zephyr/CMakeFiles/ec_shim.dir/shim/src/cbi/cros_cbi_fw_config.c.obj
[ojal:rw] [287/380] Linking C static library zephyr/drivers/sensor/realtek/rts5912/libdrivers__sensor__realtek__rts5912.a
[ojal:rw] [288/380] Building C object zephyr/drivers/serial/CMakeFiles/drivers__serial.dir/uart_realtek_rts5912.c.obj
[steelix:ro] [286/395] Building C object zephyr/drivers/flash/CMakeFiles/drivers__flash.dir/flash_npcx_fiu_qspi.c.obj
[ojal:ro] [204/380] Building C object zephyr/lib/libc/minimal/CMakeFiles/lib__libc__minimal.dir/source/stdlib/qsort.c.obj
[ojal:rw] [289/380] Linking C static library zephyr/drivers/serial/libdrivers__serial.a
[steelix:ro] [287/395] Linking C static library zephyr/drivers/flash/libdrivers__flash.a
[steelix:ro] [288/395] Building C object zephyr/drivers/i2c/CMakeFiles/drivers__i2c.dir/i2c_common.c.obj
[steelix:ro] [289/395] Building C object zephyr/drivers/gpio/CMakeFiles/drivers__gpio.dir/gpio_npcx.c.obj
[steelix:ro] [290/395] Building C object zephyr/drivers/i2c/CMakeFiles/drivers__i2c.dir/i2c_shell.c.obj
[steelix:ro] [291/395] Linking C static library zephyr/drivers/gpio/libdrivers__gpio.a
[ojal:ro] [205/380] Building C object zephyr/lib/libc/minimal/CMakeFiles/lib__libc__minimal.dir/source/stdlib/exit.c.obj
[lotso:rw] [79/387] Building C object CMakeFiles/app.dir/mnt/host/source/src/platform/ec/build/zephyr/lotso/modules/ec/common/uptime.c.obj
[pujjolo-ish:singleimage] [210/271] Building C object modules/ec/zephyr/CMakeFiles/ec_shim.dir/shim/src/cbi/cros_cbi_ssfc.c.obj
[ojal:rw] [290/380] Building C object zephyr/drivers/timer/CMakeFiles/drivers__timer.dir/sys_clock_init.c.obj
[ojal:rw] [291/380] Building C object zephyr/drivers/timer/CMakeFiles/drivers__timer.dir/realtek_rts5912_rtmr.c.obj
[ojal:ro] [206/380] Building C object zephyr/lib/libc/minimal/CMakeFiles/lib__libc__minimal.dir/source/string/strerror.c.obj
[ojal:rw] [292/380] Linking C static library zephyr/drivers/timer/libdrivers__timer.a
[ojal:ro] [207/380] Building C object zephyr/lib/libc/minimal/CMakeFiles/lib__libc__minimal.dir/source/string/strncasecmp.c.obj
[pujjolo-ish:singleimage] [211/271] Building C object modules/ec/zephyr/CMakeFiles/ec_shim.dir/shim/src/ish_system.c.obj
[ojal:rw] [293/380] Building C object zephyr/drivers/watchdog/CMakeFiles/drivers__watchdog.dir/wdt_counter.c.obj
[ojal:ro] [208/380] Building C object zephyr/lib/libc/minimal/CMakeFiles/lib__libc__minimal.dir/source/string/strstr.c.obj
[lotso:rw] [80/387] Building C object CMakeFiles/app.dir/mnt/host/source/src/platform/ec/build/zephyr/lotso/modules/ec/common/i2c_controller.c.obj
[ojal:ro] [209/380] Building C object zephyr/lib/libc/minimal/CMakeFiles/lib__libc__minimal.dir/source/string/string.c.obj
[ojal:ro] [210/380] Building C object zephyr/lib/libc/minimal/CMakeFiles/lib__libc__minimal.dir/source/string/strspn.c.obj
[steelix:ro] [292/395] Building C object zephyr/drivers/i2c/CMakeFiles/drivers__i2c.dir/i2c_npcx_controller.c.obj
[ojal:rw] [294/380] Building C object zephyr/drivers/watchdog/CMakeFiles/drivers__watchdog.dir/wdt_rts5912.c.obj
[steelix:ro] [293/395] Building C object zephyr/drivers/pinctrl/CMakeFiles/drivers__pinctrl.dir/common.c.obj
[steelix:ro] [294/395] Building C object zephyr/drivers/i2c/CMakeFiles/drivers__i2c.dir/i2c_npcx_controller_fifo.c.obj
[steelix:ro] [295/395] Building C object zephyr/drivers/pinctrl/CMakeFiles/drivers__pinctrl.dir/pinctrl_npcx.c.obj
[ojal:rw] [295/380] Building C object zephyr/drivers/watchdog/CMakeFiles/drivers__watchdog.dir/wdt_shell.c.obj
[steelix:ro] [296/395] Building C object zephyr/drivers/i2c/CMakeFiles/drivers__i2c.dir/i2c_npcx_port.c.obj
[steelix:ro] [297/395] Linking C static library zephyr/drivers/pinctrl/libdrivers__pinctrl.a
[pujjolo-ish:singleimage] [212/271] Building C object modules/ec/zephyr/CMakeFiles/ec_shim.dir/shim/src/host_command.c.obj
[ojal:rw] [296/380] Linking C static library zephyr/drivers/watchdog/libdrivers__watchdog.a
[steelix:ro] [298/395] Linking C static library zephyr/drivers/i2c/libdrivers__i2c.a
[pujjolo-ish:singleimage] [213/271] Building C object modules/ec/zephyr/CMakeFiles/ec_shim.dir/shim/src/hooks.c.obj
[ojal:ro] [211/380] Building C object zephyr/lib/libc/minimal/CMakeFiles/lib__libc__minimal.dir/source/stdout/stdout_console.c.obj
[ojal:ro] [212/380] Building C object zephyr/lib/libc/minimal/CMakeFiles/lib__libc__minimal.dir/source/stdout/sprintf.c.obj
[ojal:rw] [297/380] Building C object modules/ec/zephyr/CMakeFiles/ec_shim.dir/app/ec/ec_app_main.c.obj
[ojal:rw] [298/380] Building C object modules/ec/zephyr/CMakeFiles/ec_shim.dir/app/ec/main_shim.c.obj
[ojal:rw] [299/380] Building C object modules/ec/zephyr/CMakeFiles/ec_shim.dir/drivers/keyboard_input/keyboard_customization_check.c.obj
[ojal:ro] [213/380] Building C object zephyr/lib/libc/minimal/CMakeFiles/lib__libc__minimal.dir/source/math/sqrtf.c.obj
[lotso:rw] [81/387] Building C object CMakeFiles/app.dir/mnt/host/source/src/platform/ec/build/zephyr/lotso/modules/ec/common/i2c_passthru.c.obj
[ojal:rw] [300/380] Building C object modules/ec/zephyr/CMakeFiles/ec_shim.dir/drivers/cros_flash/cros_flash_rtk.c.obj
[steelix:ro] [299/395] Building C object zephyr/drivers/pwm/CMakeFiles/drivers__pwm.dir/pwm_shell.c.obj
[pujjolo-ish:singleimage] [214/271] Building C object modules/ec/zephyr/CMakeFiles/ec_shim.dir/shim/src/mkbp_event.c.obj
[pujjolo-ish:singleimage] [215/271] Building C object modules/ec/zephyr/CMakeFiles/ec_shim.dir/shim/src/console_buffer.c.obj
[ojal:ro] [214/380] Building C object zephyr/lib/libc/minimal/CMakeFiles/lib__libc__minimal.dir/source/math/sqrt.c.obj
[ojal:ro] [215/380] Building C object zephyr/lib/libc/minimal/CMakeFiles/lib__libc__minimal.dir/source/stdout/fprintf.c.obj
[lotso:rw] [82/387] Building C object CMakeFiles/app.dir/mnt/host/source/src/platform/ec/build/zephyr/lotso/modules/ec/common/keyboard_8042.c.obj
[steelix:ro] [300/395] Building C object zephyr/drivers/syscon/CMakeFiles/drivers__syscon.dir/syscon.c.obj
[steelix:ro] [301/395] Building C object zephyr/drivers/serial/CMakeFiles/drivers__serial.dir/uart_npcx.c.obj
[steelix:ro] [302/395] Building C object zephyr/drivers/pwm/CMakeFiles/drivers__pwm.dir/pwm_npcx.c.obj
[steelix:ro] [303/395] Building C object zephyr/drivers/timer/CMakeFiles/drivers__timer.dir/sys_clock_init.c.obj
[steelix:ro] [304/395] Linking C static library zephyr/drivers/serial/libdrivers__serial.a
[ojal:rw] [301/380] Building C object modules/ec/zephyr/CMakeFiles/ec_shim.dir/drivers/cros_system/cros_system_rtk.c.obj
[steelix:ro] [305/395] Linking C static library zephyr/drivers/syscon/libdrivers__syscon.a
[steelix:ro] [306/395] Linking C static library zephyr/drivers/pwm/libdrivers__pwm.a
[ojal:rw] [302/380] Building C object modules/ec/zephyr/CMakeFiles/ec_shim.dir/drivers/keyboard_input/keyboard_input.c.obj
[ojal:rw] [303/380] Building C object modules/ec/zephyr/CMakeFiles/ec_shim.dir/drivers/usbc/ucsi_v3.c.obj
[pujjolo-ish:singleimage] [216/271] Building C object modules/ec/zephyr/CMakeFiles/ec_shim.dir/shim/src/panic.c.obj
[lotso:rw] [83/387] Building C object CMakeFiles/app.dir/mnt/host/source/src/platform/ec/build/zephyr/lotso/modules/ec/common/keyboard_8042_sharedlib.c.obj
[ojal:ro] [216/380] Building C object zephyr/lib/libc/minimal/CMakeFiles/lib__libc__minimal.dir/source/time/gmtime.c.obj
[ojal:ro] [217/380] Building C object zephyr/lib/libc/common/CMakeFiles/lib__libc__common.dir/source/stdlib/abort.c.obj
[ojal:ro] [218/380] Linking C static library zephyr/lib/libc/minimal/liblib__libc__minimal.a
[steelix:ro] [307/395] Building C object zephyr/drivers/timer/CMakeFiles/drivers__timer.dir/npcx_itim_timer.c.obj
[pujjolo-ish:singleimage] [217/271] Building C object modules/ec/zephyr/CMakeFiles/ec_shim.dir/shim/src/motionsense_sensors.c.obj
[steelix:ro] [308/395] Linking C static library zephyr/drivers/timer/libdrivers__timer.a
[steelix:ro] [309/395] Building C object zephyr/drivers/watchdog/CMakeFiles/drivers__watchdog.dir/wdt_shell.c.obj
[ojal:ro] [219/380] Building C object zephyr/lib/libc/common/CMakeFiles/lib__libc__common.dir/source/time/gmtime_r.c.obj
[ojal:rw] [304/380] Building C object modules/ec/zephyr/CMakeFiles/ec_shim.dir/drivers/usbc/pdc_rts54xx.c.obj
[ojal:ro] [220/380] Building C object zephyr/lib/libc/common/CMakeFiles/lib__libc__common.dir/source/time/asctime.c.obj
[steelix:ro] [310/395] Building C object zephyr/drivers/watchdog/CMakeFiles/drivers__watchdog.dir/wdt_npcx.c.obj
[ojal:rw] [305/380] Building C object modules/ec/zephyr/CMakeFiles/ec_shim.dir/drivers/vivaldi_kbd/vivaldi_kbd.c.obj
[steelix:ro] [311/395] Building C object modules/ec/zephyr/CMakeFiles/ec_shim.dir/app/ec/main_shim.c.obj
[lotso:rw] [84/387] Building C object CMakeFiles/app.dir/mnt/host/source/src/platform/ec/build/zephyr/lotso/modules/ec/common/mkbp_fifo.c.obj
[steelix:ro] [312/395] Linking C static library zephyr/drivers/watchdog/libdrivers__watchdog.a
[pujjolo-ish:singleimage] [218/271] Building C object modules/ec/zephyr/CMakeFiles/ec_shim.dir/shim/src/hwtimer.c.obj
[ojal:rw] [306/380] Building C object modules/ec/zephyr/CMakeFiles/ec_shim.dir/drivers/usbc/pdc_rts54xx_fwup.c.obj
[ojal:rw] [307/380] Building C object modules/ec/zephyr/CMakeFiles/ec_shim.dir/drivers/boot_keys/boot_keys.c.obj
[ojal:ro] [221/380] Building C object zephyr/lib/libc/common/CMakeFiles/lib__libc__common.dir/source/time/localtime_r_utc.c.obj
[steelix:ro] [313/395] Building C object modules/ec/zephyr/CMakeFiles/ec_shim.dir/app/ec/ec_app_main.c.obj
[ojal:ro] [222/380] Building C object zephyr/lib/libc/common/CMakeFiles/lib__libc__common.dir/source/time/ctime.c.obj
[ojal:ro] [223/380] Building C object zephyr/lib/libc/common/CMakeFiles/lib__libc__common.dir/source/time/time.c.obj
[lotso:rw] [85/387] Building C object CMakeFiles/app.dir/mnt/host/source/src/platform/ec/build/zephyr/lotso/modules/ec/common/mkbp_info.c.obj
[ojal:rw] [308/380] Building C object modules/ec/zephyr/CMakeFiles/ec_shim.dir/shim/chip/rtk/clock.c.obj
[pujjolo-ish:singleimage] [219/271] Building C object modules/ec/zephyr/CMakeFiles/ec_shim.dir/shim/src/i2c.c.obj
[ojal:ro] [224/380] Building C object zephyr/lib/libc/common/CMakeFiles/lib__libc__common.dir/source/string/strnlen.c.obj
[ojal:rw] [309/380] Building C object modules/ec/zephyr/CMakeFiles/ec_shim.dir/shim/chip/rtk/system_external_storage.c.obj
[pujjolo-ish:singleimage] [220/271] Building C object modules/ec/zephyr/CMakeFiles/ec_shim.dir/shim/src/tasks.c.obj
[steelix:ro] [314/395] Building C object modules/ec/zephyr/CMakeFiles/ec_shim.dir/drivers/cros_kb_raw/cros_kb_raw_npcx.c.obj
[ojal:ro] [225/380] Building C object zephyr/lib/posix/c_lib_ext/CMakeFiles/lib__posix__c_lib_ext.dir/fnmatch.c.obj
[ojal:ro] [226/380] Building C object zephyr/lib/libc/common/CMakeFiles/lib__libc__common.dir/source/stdlib/malloc.c.obj
[ojal:rw] [310/380] Building C object modules/ec/zephyr/CMakeFiles/ec_shim.dir/shim/chip/rtk/power_policy.c.obj
[ojal:rw] [311/380] Building C object modules/ec/zephyr/CMakeFiles/ec_shim.dir/shim/chip/rtk/system_download_from_flash.c.obj
[lotso:rw] [86/387] Building C object CMakeFiles/app.dir/mnt/host/source/src/platform/ec/build/zephyr/lotso/modules/ec/common/mkbp_input_devices.c.obj
[steelix:ro] [315/395] Building C object modules/ec/zephyr/CMakeFiles/ec_shim.dir/drivers/cros_flash/cros_flash_npcx.c.obj
[ojal:ro] [227/380] Linking C static library zephyr/lib/libc/common/liblib__libc__common.a
[steelix:ro] [316/395] Building C object modules/ec/zephyr/CMakeFiles/ec_shim.dir/drivers/cros_shi/cros_shi_npcx.c.obj
[ojal:rw] [312/380] Building C object modules/ec/zephyr/CMakeFiles/ec_shim.dir/shim/src/crc.c.obj
[steelix:ro] [317/395] Building C object modules/ec/zephyr/CMakeFiles/ec_shim.dir/shim/chip/npcx/clock.c.obj
[pujjolo-ish:singleimage] [221/271] Building C object modules/ec/zephyr/CMakeFiles/ec_shim.dir/shim/src/usbc_stub.c.obj
[steelix:ro] [318/395] Building C object modules/ec/zephyr/CMakeFiles/ec_shim.dir/drivers/cros_system/cros_system_npcx.c.obj
[lotso:rw] [87/387] Building C object CMakeFiles/app.dir/mnt/host/source/src/platform/ec/build/zephyr/lotso/modules/ec/common/keyboard_backlight.c.obj
[ojal:rw] [313/380] Building C object modules/ec/zephyr/CMakeFiles/ec_shim.dir/shim/core/cortex-m/panic.c.obj
[pujjolo-ish:singleimage] [222/271] Building C object modules/ec/zephyr/CMakeFiles/ec_shim.dir/shim/src/host_command_heci.c.obj
[ojal:ro] [228/380] Building C object zephyr/lib/posix/c_lib_ext/CMakeFiles/lib__posix__c_lib_ext.dir/getentropy.c.obj
[pujjolo-ish:singleimage] [223/271] Linking CXX static library modules/ec/zephyr/libec_shim.a
[ojal:rw] [314/380] Building C object modules/ec/zephyr/CMakeFiles/ec_shim.dir/shim/src/console.c.obj
[ojal:ro] [229/380] Building C object zephyr/lib/posix/c_lib_ext/CMakeFiles/lib__posix__c_lib_ext.dir/getopt_shim.c.obj
[pujjolo-ish:singleimage] [224/271] Building C object modules/ec/zephyr/subsys/host_service/CMakeFiles/..__..__..__platform__ec__zephyr__subsys__host_service.dir/zephyr_host_service.c.obj
[ojal:ro] [230/380] Linking C static library zephyr/lib/posix/c_lib_ext/liblib__posix__c_lib_ext.a
[ojal:rw] [315/380] Building C object modules/ec/zephyr/CMakeFiles/ec_shim.dir/shim/src/gpio.c.obj
[steelix:ro] [319/395] Building C object modules/ec/zephyr/CMakeFiles/ec_shim.dir/shim/chip/npcx/gpio.c.obj
[ojal:ro] [231/380] Building C object zephyr/subsys/crc/CMakeFiles/subsys__crc.dir/crc4_sw.c.obj
[lotso:rw] [88/387] Building C object CMakeFiles/app.dir/mnt/host/source/src/platform/ec/build/zephyr/lotso/modules/ec/common/led_common.c.obj
[steelix:ro] [320/395] Building C object modules/ec/zephyr/CMakeFiles/ec_shim.dir/shim/chip/npcx/rom_chip.c.obj
[ojal:ro] [232/380] Building C object zephyr/lib/smf/CMakeFiles/lib__smf.dir/smf.c.obj
[pujjolo-ish:singleimage] [225/271] Building C object modules/ec/zephyr/subsys/host_service/CMakeFiles/..__..__..__platform__ec__zephyr__subsys__host_service.dir/sys_mng.c.obj
[ojal:rw] [316/380] Building C object modules/ec/zephyr/CMakeFiles/ec_shim.dir/shim/src/gpio_int.c.obj
[ojal:ro] [233/380] Linking C static library zephyr/lib/smf/liblib__smf.a
[ojal:ro] [234/380] Building C object zephyr/subsys/crc/CMakeFiles/subsys__crc.dir/crc8_sw.c.obj
[pujjolo-ish:singleimage] [226/271] Linking CXX static library modules/ec/zephyr/subsys/host_service/lib..__..__..__platform__ec__zephyr__subsys__host_service.a
[steelix:ro] [321/395] Building C object modules/ec/zephyr/CMakeFiles/ec_shim.dir/shim/chip/npcx/keyboard_raw.c.obj
[ojal:rw] [317/380] Building C object modules/ec/zephyr/CMakeFiles/ec_shim.dir/shim/src/panic_utils.c.obj
[ojal:ro] [235/380] Building C object zephyr/subsys/crc/CMakeFiles/subsys__crc.dir/crc7_sw.c.obj
[steelix:ro] [322/395] Building C object modules/ec/zephyr/CMakeFiles/ec_shim.dir/shim/chip/npcx/shi.c.obj
[ojal:ro] [236/380] Building C object zephyr/subsys/crc/CMakeFiles/subsys__crc.dir/crc16_sw.c.obj
[ojal:ro] [237/380] Building C object zephyr/subsys/crc/CMakeFiles/subsys__crc.dir/crc24_sw.c.obj
[ojal:rw] [318/380] Building C object modules/ec/zephyr/CMakeFiles/ec_shim.dir/shim/src/pm_state.c.obj
[steelix:ro] [323/395] Building C object modules/ec/zephyr/CMakeFiles/ec_shim.dir/shim/chip/npcx/system.c.obj
[lotso:rw] [89/387] Building C object CMakeFiles/app.dir/mnt/host/source/src/platform/ec/build/zephyr/lotso/modules/ec/common/motion_lid.c.obj
[ojal:ro] [238/380] Building C object zephyr/subsys/crc/CMakeFiles/subsys__crc.dir/crc32c_sw.c.obj
[ojal:ro] [239/380] Building C object zephyr/subsys/crc/CMakeFiles/subsys__crc.dir/crc32_sw.c.obj
[ojal:rw] [319/380] Building C object modules/ec/zephyr/CMakeFiles/ec_shim.dir/shim/src/cbi/cros_cbi.c.obj
[ojal:ro] [240/380] Building C object zephyr/subsys/crc/CMakeFiles/subsys__crc.dir/crc32k_4_2_sw.c.obj
[ojal:ro] [241/380] Linking C static library zephyr/subsys/crc/libsubsys__crc.a
[pujjolo-ish:singleimage] [227/271] Building C object modules/ec/zephyr/subsys/host_service/heci/CMakeFiles/..__..__..__platform__ec__zephyr__subsys__host_service__heci.dir/heci_intf.c.obj
[pujjolo-ish:singleimage] [228/271] Building C object modules/ec/zephyr/subsys/host_service/heci/CMakeFiles/..__..__..__platform__ec__zephyr__subsys__host_service__heci.dir/heci_core.c.obj
[ojal:rw] [320/380] Building C object modules/ec/zephyr/CMakeFiles/ec_shim.dir/shim/src/cbi/cbi_flash.c.obj
[steelix:ro] [324/395] Building C object modules/ec/zephyr/CMakeFiles/ec_shim.dir/shim/chip/npcx/system_external_storage.c.obj
[ojal:rw] [321/380] Building ASM object modules/ec/zephyr/CMakeFiles/ec_shim.dir/shim/src/libgcc_arm.S.obj
[steelix:ro] [325/395] Building C object modules/ec/zephyr/CMakeFiles/ec_shim.dir/shim/chip/npcx/power_policy.c.obj
[ojal:rw] [322/380] Building C object modules/ec/zephyr/CMakeFiles/ec_shim.dir/shim/src/led_driver/led.c.obj
[ojal:ro] [242/380] Building C object zephyr/subsys/input/CMakeFiles/subsys__input.dir/input_hid.c.obj
[ojal:ro] [243/380] Building C object zephyr/subsys/input/CMakeFiles/subsys__input.dir/input.c.obj
[ojal:rw] [323/380] Building C object modules/ec/zephyr/CMakeFiles/ec_shim.dir/shim/src/led_driver/led_gpio.c.obj
[steelix:ro] [326/395] Building C object modules/ec/zephyr/CMakeFiles/ec_shim.dir/shim/core/cortex-m/mpu.c.obj
[ojal:rw] [324/380] Building C object modules/ec/zephyr/CMakeFiles/ec_shim.dir/shim/src/popcountsi2.c.obj
[steelix:ro] [327/395] Building C object modules/ec/zephyr/CMakeFiles/ec_shim.dir/shim/src/crc.c.obj
[steelix:ro] [328/395] Building C object modules/ec/zephyr/CMakeFiles/ec_shim.dir/shim/core/cortex-m/panic.c.obj
[ojal:ro] [244/380] Building C object zephyr/drivers/interrupt_controller/CMakeFiles/drivers__interrupt_controller.dir/mnt/host/source/src/third_party/zephyr/main/misc/empty_file.c.obj
[pujjolo-ish:singleimage] [229/271] Building C object modules/ec/zephyr/subsys/host_service/heci/CMakeFiles/..__..__..__platform__ec__zephyr__subsys__host_service__heci.dir/intfs/ipm_intf.c.obj
[lotso:rw] [90/387] Building C object CMakeFiles/app.dir/mnt/host/source/src/platform/ec/build/zephyr/lotso/modules/ec/common/lid_angle_keyboard_policy.c.obj
[lotso:rw] [91/387] Building C object CMakeFiles/app.dir/mnt/host/source/src/platform/ec/build/zephyr/lotso/modules/ec/common/lid_angle.c.obj
[ojal:ro] [245/380] Linking C static library zephyr/drivers/interrupt_controller/libdrivers__interrupt_controller.a
[pujjolo-ish:singleimage] [230/271] Building C object modules/ec/zephyr/subsys/host_service/heci/CMakeFiles/..__..__..__platform__ec__zephyr__subsys__host_service__heci.dir/heci_system_state.c.obj
[ojal:rw] [325/380] Building C object modules/ec/zephyr/CMakeFiles/ec_shim.dir/shim/src/system.c.obj
[pujjolo-ish:singleimage] [231/271] Linking CXX static library modules/ec/zephyr/subsys/host_service/heci/lib..__..__..__platform__ec__zephyr__subsys__host_service__heci.a
[steelix:ro] [329/395] Building C object modules/ec/zephyr/CMakeFiles/ec_shim.dir/shim/src/console.c.obj
[ojal:ro] [246/380] Building C object zephyr/subsys/input/CMakeFiles/subsys__input.dir/input_utils.c.obj
[ojal:ro] [247/380] Linking C static library zephyr/subsys/input/libsubsys__input.a
[ojal:rw] [326/380] Building C object modules/ec/zephyr/CMakeFiles/ec_shim.dir/shim/src/battery.c.obj
[ojal:rw] [327/380] Building C object modules/ec/zephyr/CMakeFiles/ec_shim.dir/shim/src/pdc_shim.c.obj
[ojal:rw] [328/380] Building C object modules/ec/zephyr/CMakeFiles/ec_shim.dir/shim/src/adc.c.obj
[ojal:rw] [329/380] Building C object modules/ec/zephyr/CMakeFiles/ec_shim.dir/shim/src/charger.c.obj
[ojal:ro] [248/380] Building C object zephyr/drivers/adc/CMakeFiles/drivers__adc.dir/adc_common.c.obj
[steelix:ro] [330/395] Building C object modules/ec/zephyr/CMakeFiles/ec_shim.dir/shim/src/gpio.c.obj
[steelix:ro] [331/395] Building C object modules/ec/zephyr/CMakeFiles/ec_shim.dir/shim/src/panic_utils.c.obj
[pujjolo-ish:singleimage] [232/271] Building C object modules/ec/zephyr/drivers/dsp_comms/client/CMakeFiles/dsp.client.dir/dsp_client_transport.c.obj
[steelix:ro] [332/395] Building C object modules/ec/zephyr/CMakeFiles/ec_shim.dir/shim/src/gpio_int.c.obj
[steelix:ro] [333/395] Building C object modules/ec/zephyr/CMakeFiles/ec_shim.dir/shim/src/pm_state.c.obj
[lotso:rw] [92/387] Building C object CMakeFiles/app.dir/mnt/host/source/src/platform/ec/build/zephyr/lotso/modules/ec/common/lid_switch.c.obj
[pujjolo-ish:singleimage] [233/271] Building C object modules/ec/zephyr/drivers/dsp_comms/client/CMakeFiles/dsp.client.dir/dsp_client.c.obj
[lotso:rw] [93/387] Building C object CMakeFiles/app.dir/mnt/host/source/src/platform/ec/build/zephyr/lotso/modules/ec/common/mkbp_event.c.obj
[steelix:ro] [334/395] Building C object modules/ec/zephyr/CMakeFiles/ec_shim.dir/shim/src/cbi/cros_cbi.c.obj
[ojal:ro] [249/380] Building C object zephyr/drivers/adc/CMakeFiles/drivers__adc.dir/adc_realtek_rts5912.c.obj
[/mnt/host/source/src/platform/ec/build/zephyr/ocelotrvp-npcx-lcov]   /mnt/host/source/src/platform/ec/build/zephyr/ocelotrvp-npcx/build-rw/modules/ec/zephyr/drivers/dsp_comms/CMakeFiles/dsp_comms.proto.nanopb.dir/dsp_comms.proto/nanopb/proto/ec_dsp.pb.c.gcno:no functions found
[/mnt/host/source/src/platform/ec/build/zephyr/ocelotrvp-npcx-lcov] stderr:
[ojal:ro] [250/380] Linking C static library zephyr/drivers/adc/libdrivers__adc.a
[steelix:ro] [335/395] Building ASM object modules/ec/zephyr/CMakeFiles/ec_shim.dir/shim/src/libgcc_arm.S.obj
[ojal:rw] [330/380] Building C object modules/ec/zephyr/CMakeFiles/ec_shim.dir/shim/src/chipset_api.c.obj
[ojal:ro] [251/380] Building C object zephyr/drivers/bbram/CMakeFiles/drivers__bbram.dir/bbram_rts5912.c.obj
[ojal:ro] [252/380] Linking C static library zephyr/drivers/bbram/libdrivers__bbram.a
[ojal:rw] [331/380] Building C object modules/ec/zephyr/CMakeFiles/ec_shim.dir/shim/src/flash.c.obj
[ojal:rw] [332/380] Building C object modules/ec/zephyr/CMakeFiles/ec_shim.dir/shim/src/espi.c.obj
[ojal:rw] [333/380] Building C object modules/ec/zephyr/CMakeFiles/ec_shim.dir/shim/src/fan.c.obj
[pujjolo-ish:singleimage] [234/271] Building C object modules/ec/zephyr/drivers/dsp_comms/client/CMakeFiles/dsp.client.dir/remote_cbi.c.obj
[pujjolo-ish:singleimage] [235/271] Building C object modules/ec/zephyr/drivers/dsp_comms/client/CMakeFiles/dsp.client.dir/remote_lid_angle.c.obj
[steelix:ro] [336/395] Building C object modules/ec/zephyr/CMakeFiles/ec_shim.dir/shim/src/cbi/cros_cbi_fw_config.c.obj
[steelix:ro] [337/395] Building C object modules/ec/zephyr/CMakeFiles/ec_shim.dir/shim/src/cbi/cros_cbi_ssfc.c.obj
[steelix:ro] [338/395] Building C object modules/ec/zephyr/CMakeFiles/ec_shim.dir/shim/src/cbi/cbi_eeprom.c.obj
[ojal:ro] [253/380] Building C object zephyr/drivers/clock_control/CMakeFiles/drivers__clock_control.dir/clock_control_rts5912_sccon.c.obj
[ojal:ro] [254/380] Linking C static library zephyr/drivers/clock_control/libdrivers__clock_control.a
[ojal:ro] [255/380] Building C object zephyr/drivers/console/CMakeFiles/drivers__console.dir/uart_console.c.obj
[steelix:ro] [339/395] Building C object modules/ec/zephyr/CMakeFiles/ec_shim.dir/shim/src/system.c.obj
[lotso:rw] [94/387] Building C object CMakeFiles/app.dir/mnt/host/source/src/platform/ec/build/zephyr/lotso/modules/ec/common/port80.c.obj
[ojal:ro] [256/380] Linking C static library zephyr/drivers/console/libdrivers__console.a
[ojal:rw] [334/380] Building C object modules/ec/zephyr/CMakeFiles/ec_shim.dir/shim/src/host_command.c.obj
[ojal:rw] [335/380] Building C object modules/ec/zephyr/CMakeFiles/ec_shim.dir/shim/src/hooks.c.obj
[ojal:rw] [336/380] Building C object modules/ec/zephyr/CMakeFiles/ec_shim.dir/shim/src/mkbp_event.c.obj
[lotso:rw] [95/387] Building C object CMakeFiles/app.dir/mnt/host/source/src/platform/ec/build/zephyr/lotso/modules/ec/common/motion_sense.c.obj
[pujjolo-ish:singleimage] [236/271] Building C object modules/ec/zephyr/drivers/dsp_comms/client/CMakeFiles/dsp.client.dir/remote_tablet_switch.c.obj
[ojal:rw] [337/380] Building C object modules/ec/zephyr/CMakeFiles/ec_shim.dir/shim/src/console_buffer.c.obj
[pujjolo-ish:singleimage] [237/271] Building C object modules/ec/zephyr/drivers/dsp_comms/client/CMakeFiles/dsp.client.dir/remote_lid_switch.c.obj
[pujjolo-ish:singleimage] [238/271] Linking CXX static library modules/ec/zephyr/drivers/dsp_comms/client/libdsp.client.a
[steelix:ro] [340/395] Building C object modules/ec/zephyr/CMakeFiles/ec_shim.dir/shim/src/adc.c.obj
[steelix:ro] [341/395] Building C object modules/ec/zephyr/CMakeFiles/ec_shim.dir/shim/src/battery.c.obj
[ojal:ro] [257/380] Building C object zephyr/drivers/counter/CMakeFiles/drivers__counter.dir/counter_realtek_rts5912.c.obj
[pujjolo-ish:singleimage] [239/271] Building C object zephyr/kernel/CMakeFiles/kernel.dir/main_weak.c.obj
[ojal:ro] [258/380] Linking C static library zephyr/drivers/counter/libdrivers__counter.a
[steelix:ro] [342/395] Building C object modules/ec/zephyr/CMakeFiles/ec_shim.dir/shim/src/charger.c.obj
[ojal:ro] [259/380] Building C object zephyr/drivers/crypto/CMakeFiles/drivers__crypto.dir/crypto_rts5912_sha.c.obj
[ojal:rw] [338/380] Building C object modules/ec/zephyr/CMakeFiles/ec_shim.dir/shim/src/thermal.c.obj
[ojal:rw] [339/380] Building C object modules/ec/zephyr/CMakeFiles/ec_shim.dir/shim/src/panic.c.obj
[steelix:ro] [343/395] Building C object modules/ec/zephyr/CMakeFiles/ec_shim.dir/shim/src/flash.c.obj
[ojal:rw] [340/380] Building C object modules/ec/zephyr/CMakeFiles/ec_shim.dir/shim/src/hwtimer.c.obj
[ojal:ro] [260/380] Linking C static library zephyr/drivers/crypto/libdrivers__crypto.a
[pujjolo-ish:singleimage] [240/271] Building C object zephyr/kernel/CMakeFiles/kernel.dir/banner.c.obj
[ojal:rw] [341/380] Building C object modules/ec/zephyr/CMakeFiles/ec_shim.dir/shim/src/temp_sensors.c.obj
[lotso:rw] [96/387] Building C object CMakeFiles/app.dir/mnt/host/source/src/platform/ec/build/zephyr/lotso/modules/ec/common/power_button.c.obj
[steelix:ro] [344/395] Building C object modules/ec/zephyr/CMakeFiles/ec_shim.dir/shim/src/hooks.c.obj
[pujjolo-ish:singleimage] [241/271] Building C object zephyr/kernel/CMakeFiles/kernel.dir/busy_wait.c.obj
[lotso:rw] [97/387] Building C object CMakeFiles/app.dir/mnt/host/source/src/platform/ec/build/zephyr/lotso/modules/ec/power/hibernate.c.obj
[steelix:ro] [345/395] Building C object modules/ec/zephyr/CMakeFiles/ec_shim.dir/shim/src/host_command.c.obj
[pujjolo-ish:singleimage] [242/271] Building C object zephyr/kernel/CMakeFiles/kernel.dir/device.c.obj
[ojal:rw] [342/380] Building C object modules/ec/zephyr/CMakeFiles/ec_shim.dir/shim/src/i2c.c.obj
[steelix:ro] [346/395] Building C object modules/ec/zephyr/CMakeFiles/ec_shim.dir/shim/src/console_buffer.c.obj
[steelix:ro] [347/395] Building C object modules/ec/zephyr/CMakeFiles/ec_shim.dir/shim/src/keyboard_raw.c.obj
[ojal:rw] [343/380] Building C object modules/ec/zephyr/CMakeFiles/ec_shim.dir/shim/src/tasks.c.obj
[ojal:ro] [261/380] Building C object zephyr/drivers/flash/CMakeFiles/drivers__flash.dir/flash_realtek_rts5912.c.obj
[ojal:rw] [344/380] Building C object modules/ec/zephyr/CMakeFiles/ec_shim.dir/shim/src/watchdog.c.obj
[pujjolo-ish:singleimage] [243/271] Building C object zephyr/kernel/CMakeFiles/kernel.dir/errno.c.obj
[ojal:rw] [345/380] Building C object modules/ec/zephyr/CMakeFiles/ec_shim.dir/shim/src/power_host_sleep_api.c.obj
[ojal:ro] [262/380] Building C object zephyr/drivers/espi/CMakeFiles/drivers__espi.dir/espi_realtek_rts5912.c.obj
[ojal:ro] [263/380] Linking C static library zephyr/drivers/flash/libdrivers__flash.a
[ojal:ro] [264/380] Linking C static library zephyr/drivers/espi/libdrivers__espi.a
[pujjolo-ish:singleimage] [244/271] Building C object zephyr/kernel/CMakeFiles/kernel.dir/fatal.c.obj
[steelix:ro] [348/395] Building C object modules/ec/zephyr/CMakeFiles/ec_shim.dir/shim/src/keyscan.c.obj
[steelix:ro] [349/395] Building C object modules/ec/zephyr/CMakeFiles/ec_shim.dir/shim/src/mkbp_event.c.obj
[lotso:rw] [98/387] Building C object CMakeFiles/app.dir/mnt/host/source/src/platform/ec/build/zephyr/lotso/modules/ec/common/panic_output.c.obj
[ojal:rw] [346/380] Building C object modules/ec/zephyr/CMakeFiles/ec_shim.dir/shim/src/sha256_hw.c.obj
[lotso:rw] [99/387] Building C object CMakeFiles/app.dir/mnt/host/source/src/platform/ec/build/zephyr/lotso/modules/ec/common/shared_mem.c.obj
[ojal:rw] [347/380] Building C object zephyr/kernel/CMakeFiles/kernel.dir/main_weak.c.obj
[ojal:rw] [348/380] Building C object zephyr/kernel/CMakeFiles/kernel.dir/busy_wait.c.obj
[ojal:rw] [349/380] Building C object zephyr/kernel/CMakeFiles/kernel.dir/banner.c.obj
[pujjolo-ish:singleimage] [245/271] Building C object zephyr/kernel/CMakeFiles/kernel.dir/init.c.obj
[ojal:rw] [350/380] Linking C static library modules/ec/zephyr/libec_shim.a
[steelix:ro] [350/395] Building C object modules/ec/zephyr/CMakeFiles/ec_shim.dir/shim/src/panic.c.obj
[pujjolo-ish:singleimage] [246/271] Building C object zephyr/kernel/CMakeFiles/kernel.dir/kheap.c.obj
[ojal:ro] [265/380] Building C object zephyr/drivers/i2c/CMakeFiles/drivers__i2c.dir/i2c_common.c.obj
[steelix:ro] [351/395] Building C object modules/ec/zephyr/CMakeFiles/ec_shim.dir/shim/src/motionsense_sensors.c.obj
[steelix:ro] [352/395] Building C object modules/ec/zephyr/CMakeFiles/ec_shim.dir/shim/src/power.c.obj
[ojal:ro] [266/380] Building C object zephyr/drivers/gpio/CMakeFiles/drivers__gpio.dir/gpio_rts5912.c.obj
[ojal:rw] [351/380] Building C object zephyr/kernel/CMakeFiles/kernel.dir/errno.c.obj
[ojal:ro] [267/380] Linking C static library zephyr/drivers/gpio/libdrivers__gpio.a
[steelix:ro] [353/395] Building C object modules/ec/zephyr/CMakeFiles/ec_shim.dir/shim/src/hwtimer.c.obj
[ojal:rw] [352/380] Building C object zephyr/kernel/CMakeFiles/kernel.dir/device.c.obj
[pujjolo-ish:singleimage] [247/271] Building C object zephyr/kernel/CMakeFiles/kernel.dir/mem_slab.c.obj
[pujjolo-ish:singleimage] [248/271] Building C object zephyr/kernel/CMakeFiles/kernel.dir/float.c.obj
[lotso:rw] [100/387] Building C object CMakeFiles/app.dir/mnt/host/source/src/platform/ec/build/zephyr/lotso/modules/ec/driver/stm_mems_common.c.obj
[ojal:rw] [353/380] Building C object zephyr/kernel/CMakeFiles/kernel.dir/init.c.obj
[ojal:rw] [354/380] Building C object zephyr/kernel/CMakeFiles/kernel.dir/fatal.c.obj
[steelix:ro] [354/395] Building C object modules/ec/zephyr/CMakeFiles/ec_shim.dir/shim/src/i2c.c.obj
[ojal:rw] [355/380] Building C object zephyr/kernel/CMakeFiles/kernel.dir/version.c.obj
[lotso:rw] [101/387] Building C object CMakeFiles/app.dir/mnt/host/source/src/platform/ec/build/zephyr/lotso/modules/ec/common/switch.c.obj
[pujjolo-ish:singleimage] [249/271] Building C object zephyr/kernel/CMakeFiles/kernel.dir/version.c.obj
[ojal:ro] [268/380] Building C object zephyr/drivers/i2c/CMakeFiles/drivers__i2c.dir/i2c_shell.c.obj
[ojal:rw] [356/380] Building C object zephyr/kernel/CMakeFiles/kernel.dir/kheap.c.obj
[ojal:rw] [357/380] Building C object zephyr/kernel/CMakeFiles/kernel.dir/mem_slab.c.obj
[pujjolo-ish:singleimage] [250/271] Building C object zephyr/kernel/CMakeFiles/kernel.dir/idle.c.obj
[steelix:ro] [355/395] Building C object modules/ec/zephyr/CMakeFiles/ec_shim.dir/shim/src/tasks.c.obj
[steelix:ro] [356/395] Building C object modules/ec/zephyr/CMakeFiles/ec_shim.dir/shim/src/watchdog.c.obj
[ojal:rw] [358/380] Building C object zephyr/kernel/CMakeFiles/kernel.dir/float.c.obj
[steelix:ro] [357/395] Building C object modules/ec/zephyr/CMakeFiles/ec_shim.dir/shim/src/bc12.c.obj
[ojal:ro] [269/380] Building C object zephyr/drivers/i2c/CMakeFiles/drivers__i2c.dir/i2c_dw.c.obj
[ojal:rw] [359/380] Building C object zephyr/kernel/CMakeFiles/kernel.dir/idle.c.obj
[pujjolo-ish:singleimage] [251/271] Building C object zephyr/kernel/CMakeFiles/kernel.dir/mailbox.c.obj
[steelix:ro] [358/395] Building C object modules/ec/zephyr/CMakeFiles/ec_shim.dir/shim/src/bc12_pi3usb9201.c.obj
[lotso:rw] [102/387] Building C object CMakeFiles/app.dir/mnt/host/source/src/platform/ec/build/zephyr/lotso/modules/ec/common/tablet_mode.c.obj
[pujjolo-ish:singleimage] [252/271] Building C object zephyr/kernel/CMakeFiles/kernel.dir/msg_q.c.obj
[ojal:ro] [270/380] Building C object zephyr/drivers/i2c/CMakeFiles/drivers__i2c.dir/i2c_realtek_rts5912.c.obj
[steelix:ro] [359/395] Building C object modules/ec/zephyr/CMakeFiles/ec_shim.dir/shim/src/ppc.c.obj
[ojal:rw] [360/380] Building C object zephyr/kernel/CMakeFiles/kernel.dir/mailbox.c.obj
[ojal:ro] [271/380] Linking C static library zephyr/drivers/i2c/libdrivers__i2c.a
[ojal:rw] [361/380] Building C object zephyr/kernel/CMakeFiles/kernel.dir/msg_q.c.obj
[steelix:ro] [360/395] Building C object zephyr/kernel/CMakeFiles/kernel.dir/main_weak.c.obj
[lotso:rw] [103/387] Building C object CMakeFiles/app.dir/mnt/host/source/src/platform/ec/build/zephyr/lotso/modules/ec/common/thermal.c.obj
[ojal:rw] [362/380] Building C object zephyr/kernel/CMakeFiles/kernel.dir/queue.c.obj
[pujjolo-ish:singleimage] [253/271] Building C object zephyr/kernel/CMakeFiles/kernel.dir/mutex.c.obj
[ojal:ro] [272/380] Building C object zephyr/drivers/input/CMakeFiles/drivers__input.dir/input_kbd_matrix.c.obj
[steelix:ro] [361/395] Building C object modules/ec/zephyr/CMakeFiles/ec_shim.dir/shim/src/usba.c.obj
[pujjolo-ish:singleimage] [254/271] Building C object zephyr/kernel/CMakeFiles/kernel.dir/queue.c.obj
[steelix:ro] [362/395] Building C object zephyr/kernel/CMakeFiles/kernel.dir/banner.c.obj
[ojal:rw] [363/380] Building C object zephyr/kernel/CMakeFiles/kernel.dir/mutex.c.obj
[ojal:rw] [364/380] Building C object zephyr/kernel/CMakeFiles/kernel.dir/sem.c.obj
[ojal:rw] [365/380] Building C object zephyr/kernel/CMakeFiles/kernel.dir/stack.c.obj
[ojal:ro] [273/380] Building C object zephyr/drivers/pinctrl/CMakeFiles/drivers__pinctrl.dir/common.c.obj
[steelix:ro] [363/395] Building C object modules/ec/zephyr/CMakeFiles/ec_shim.dir/shim/src/usb_muxes.c.obj
[steelix:ro] [364/395] Linking C static library modules/ec/zephyr/libec_shim.a
[pujjolo-ish:singleimage] [255/271] Building C object zephyr/kernel/CMakeFiles/kernel.dir/sem.c.obj
[steelix:ro] [365/395] Building C object zephyr/kernel/CMakeFiles/kernel.dir/busy_wait.c.obj
[ojal:ro] [274/380] Building C object zephyr/drivers/input/CMakeFiles/drivers__input.dir/input_realtek_rts5912_kbd.c.obj
[ojal:rw] [366/380] Building C object zephyr/kernel/CMakeFiles/kernel.dir/system_work_q.c.obj
[lotso:rw] [104/387] Building C object CMakeFiles/app.dir/mnt/host/source/src/platform/ec/build/zephyr/lotso/modules/ec/common/temp_sensor.c.obj
[steelix:ro] [366/395] Building C object zephyr/kernel/CMakeFiles/kernel.dir/device.c.obj
[ojal:ro] [275/380] Linking C static library zephyr/drivers/input/libdrivers__input.a
[ojal:rw] [367/380] Building C object zephyr/kernel/CMakeFiles/kernel.dir/work.c.obj
[pujjolo-ish:singleimage] [256/271] Building C object zephyr/kernel/CMakeFiles/kernel.dir/stack.c.obj
[steelix:ro] [367/395] Building C object zephyr/kernel/CMakeFiles/kernel.dir/errno.c.obj
[ojal:ro] [276/380] Building C object zephyr/drivers/pinctrl/CMakeFiles/drivers__pinctrl.dir/pinctrl_realtek_rts5912.c.obj
[ojal:rw] [368/380] Building C object zephyr/kernel/CMakeFiles/kernel.dir/condvar.c.obj
[lotso:rw] [105/387] Building C object CMakeFiles/app.dir/mnt/host/source/src/platform/ec/build/zephyr/lotso/modules/ec/driver/temp_sensor/thermistor.c.obj
[pujjolo-ish:singleimage] [257/271] Building C object zephyr/kernel/CMakeFiles/kernel.dir/system_work_q.c.obj
[ojal:rw] [369/380] Building C object zephyr/kernel/CMakeFiles/kernel.dir/thread.c.obj
[ojal:ro] [277/380] Linking C static library zephyr/drivers/pinctrl/libdrivers__pinctrl.a
[steelix:ro] [368/395] Building C object zephyr/kernel/CMakeFiles/kernel.dir/fatal.c.obj
[steelix:ro] [369/395] Building C object zephyr/kernel/CMakeFiles/kernel.dir/kheap.c.obj
[ojal:rw] [370/380] Building C object zephyr/kernel/CMakeFiles/kernel.dir/sched.c.obj
[steelix:ro] [370/395] Building C object zephyr/kernel/CMakeFiles/kernel.dir/version.c.obj
[steelix:ro] [371/395] Building C object zephyr/kernel/CMakeFiles/kernel.dir/init.c.obj
[steelix:ro] [372/395] Building C object zephyr/kernel/CMakeFiles/kernel.dir/mem_slab.c.obj
[ojal:ro] [278/380] Building C object zephyr/drivers/pwm/CMakeFiles/drivers__pwm.dir/pwm_shell.c.obj
[ojal:rw] [371/380] Building C object zephyr/kernel/CMakeFiles/kernel.dir/pipe.c.obj
[ojal:ro] [279/380] Building C object zephyr/drivers/sensor/CMakeFiles/drivers__sensor.dir/mnt/host/source/src/third_party/zephyr/main/misc/empty_file.c.obj
[steelix:ro] [373/395] Building C object zephyr/kernel/CMakeFiles/kernel.dir/float.c.obj
[pujjolo-ish:singleimage] [258/271] Building C object zephyr/kernel/CMakeFiles/kernel.dir/work.c.obj
[ojal:ro] [280/380] Linking C static library zephyr/drivers/sensor/libdrivers__sensor.a
[ojal:rw] [372/380] Building C object zephyr/kernel/CMakeFiles/kernel.dir/spinlock_validate.c.obj
[lotso:rw] [106/387] Building C object CMakeFiles/app.dir/mnt/host/source/src/platform/ec/build/zephyr/lotso/modules/ec/common/timer.c.obj
[pujjolo-ish:singleimage] [259/271] Building C object zephyr/kernel/CMakeFiles/kernel.dir/condvar.c.obj
[ojal:rw] [373/380] Building C object zephyr/kernel/CMakeFiles/kernel.dir/thread_monitor.c.obj
[ojal:ro] [281/380] Building C object zephyr/drivers/pwm/CMakeFiles/drivers__pwm.dir/pwm_realtek_rts5912.c.obj
[/mnt/host/source/src/platform/ec/build/zephyr/ocelotrvp-npcx-lcov]   /mnt/host/source/src/platform/ec/build/zephyr/ocelotrvp-npcx/build-rw/CMakeFiles/app.dir/mnt/host/source/src/platform/ec/build/zephyr/ocelotrvp-npcx/modules/ec/common/cbi_config.c.gcno:no functions found
[/mnt/host/source/src/platform/ec/build/zephyr/ocelotrvp-npcx-lcov] stderr:
[ojal:rw] [374/380] Building C object zephyr/kernel/CMakeFiles/kernel.dir/timeout.c.obj
[ojal:ro] [282/380] Linking C static library zephyr/drivers/pwm/libdrivers__pwm.a
[lotso:rw] [107/387] Building C object CMakeFiles/app.dir/mnt/host/source/src/platform/ec/build/zephyr/lotso/modules/ec/common/usb_port_power_dumb.c.obj
[ojal:rw] [375/380] Building C object zephyr/kernel/CMakeFiles/kernel.dir/timer.c.obj
[steelix:ro] [374/395] Building C object zephyr/kernel/CMakeFiles/kernel.dir/idle.c.obj
[pujjolo-ish:singleimage] [260/271] Building C object zephyr/kernel/CMakeFiles/kernel.dir/thread.c.obj
[steelix:ro] [375/395] Building C object zephyr/kernel/CMakeFiles/kernel.dir/mailbox.c.obj
[ojal:ro] [283/380] Building C object zephyr/drivers/sensor/realtek/rts5912/CMakeFiles/drivers__sensor__realtek__rts5912.dir/rts5912.c.obj
[steelix:ro] [376/395] Building C object zephyr/kernel/CMakeFiles/kernel.dir/mutex.c.obj
[ojal:ro] [284/380] Linking C static library zephyr/drivers/sensor/realtek/rts5912/libdrivers__sensor__realtek__rts5912.a
[ojal:rw] [376/380] Building C object zephyr/kernel/CMakeFiles/kernel.dir/poll.c.obj
[ojal:rw] [377/380] Building C object zephyr/kernel/CMakeFiles/kernel.dir/events.c.obj
[steelix:ro] [377/395] Building C object zephyr/kernel/CMakeFiles/kernel.dir/msg_q.c.obj
[lotso:rw] [108/387] Building C object CMakeFiles/app.dir/mnt/host/source/src/platform/ec/build/zephyr/lotso/modules/ec/common/usbc_utils.c.obj
[ojal:ro] [285/380] Building C object zephyr/drivers/syscon/CMakeFiles/drivers__syscon.dir/mnt/host/source/src/third_party/zephyr/main/misc/empty_file.c.obj
[pujjolo-ish:singleimage] [261/271] Building C object zephyr/kernel/CMakeFiles/kernel.dir/sched.c.obj
[steelix:ro] [378/395] Building C object zephyr/kernel/CMakeFiles/kernel.dir/queue.c.obj
[ojal:rw] [378/380] Building C object zephyr/kernel/CMakeFiles/kernel.dir/mempool.c.obj
[ojal:ro] [286/380] Linking C static library zephyr/drivers/syscon/libdrivers__syscon.a
[ojal:ro] [287/380] Building C object zephyr/drivers/serial/CMakeFiles/drivers__serial.dir/uart_ns16550.c.obj
[ojal:rw] [379/380] Building C object zephyr/kernel/CMakeFiles/kernel.dir/dynamic_disabled.c.obj
[ojal:rw] [380/380] Linking C static library zephyr/kernel/libkernel.a
[yoda:rw] Building: /usr/bin/ninja -C /mnt/host/source/src/platform/ec/build/zephyr/yoda/build-rw all.libraries
Running `env -i SHELL=/bin/bash COLORTERM=truecolor DEPOT_TOOLS_UPDATE=0 LESS='-R -M --shift 5' SUDO_GID=0 JDK_HOME=/etc/java-config-2/current-system-vm CONFIG_PROTECT_MASK='/etc/gentoo-release /etc/sandbox.d /etc/fonts/fonts.conf /etc/terminfo /etc/ca-certificates.conf /etc/revdep-rebuild' CHROMEOS_CACHEDIR=/var/cache/chromeos-cache JAVA_HOME=/etc/java-config-2/current-system-vm SSH_AUTH_SOCK=/tmp/ssh-auth-sock SUDO_COMMAND=/bin/bash SUDO_USER=root SUDO_TTY=/dev/pts/2 EDITOR=/usr/bin/vi PWD=/mnt/host/source/src/platform/ec CONFIG_PROTECT=/usr/share/gnupg/qualified.txt LOGNAME=jpmurphy MANPATH=/etc/java-config-2/current-system-vm/man:/usr/local/share/man:/usr/share/man:/usr/share/gcc-data/x86_64-pc-linux-gnu/10.2.0/man:/usr/share/binutils-data/x86_64-pc-linux-gnu/2.45/man:/etc/java-config-2/current-system-vm/man/ SUDO_HOME=/root XAUTHORITY=/run/user/944457/gdm/Xauthority HOME=/home/jpmurphy LANG=C.UTF-8 LS_COLORS='rs=0:di=01;34:ln=01;36:mh=00:pi=40;33:so=01;35:do=01;35:bd=40;33;01:cd=40;33;01:or=01;05;37;41:mi=01;05;37;41:su=37;41:sg=30;43:ca=30;41:tw=30;42:ow=34;42:st=37;44:ex=01;32:*.tar=01;31:*.tgz=01;31:*.arc=01;31:*.arj=01;31:*.taz=01;31:*.lha=01;31:*.lz4=01;31:*.lzh=01;31:*.lzma=01;31:*.tlz=01;31:*.txz=01;31:*.tzo=01;31:*.t7z=01;31:*.zip=01;31:*.z=01;31:*.dz=01;31:*.gz=01;31:*.lrz=01;31:*.lz=01;31:*.lzo=01;31:*.xz=01;31:*.zst=01;31:*.tzst=01;31:*.bz2=01;31:*.bz=01;31:*.tbz=01;31:*.tbz2=01;31:*.tz=01;31:*.deb=01;31:*.rpm=01;31:*.jar=01;31:*.war=01;31:*.ear=01;31:*.sar=01;31:*.rar=01;31:*.alz=01;31:*.ace=01;31:*.zoo=01;31:*.cpio=01;31:*.7z=01;31:*.rz=01;31:*.cab=01;31:*.wim=01;31:*.swm=01;31:*.dwm=01;31:*.esd=01;31:*.jpg=01;35:*.jpeg=01;35:*.mjpg=01;35:*.mjpeg=01;35:*.gif=01;35:*.bmp=01;35:*.pbm=01;35:*.pgm=01;35:*.ppm=01;35:*.tga=01;35:*.xbm=01;35:*.xpm=01;35:*.tif=01;35:*.tiff=01;35:*.png=01;35:*.svg=01;35:*.svgz=01;35:*.mng=01;35:*.pcx=01;35:*.mov=01;35:*.mpg=01;35:*.mpeg=01;35:*.m2v=01;35:*.mkv=01;35:*.webm=01;35:*.webp=01;35:*.ogm=01;35:*.mp4=01;35:*.m4v=01;35:*.mp4v=01;35:*.vob=01;35:*.qt=01;35:*.nuv=01;35:*.wmv=01;35:*.asf=01;35:*.rm=01;35:*.rmvb=01;35:*.flc=01;35:*.avi=01;35:*.fli=01;35:*.flv=01;35:*.gl=01;35:*.dl=01;35:*.xcf=01;35:*.xwd=01;35:*.yuv=01;35:*.cgm=01;35:*.emf=01;35:*.ogv=01;35:*.ogx=01;35:*.cfg=00;32:*.conf=00;32:*.diff=00;32:*.doc=00;32:*.ini=00;32:*.log=00;32:*.patch=00;32:*.pdf=00;32:*.ps=00;32:*.tex=00;32:*.txt=00;32:*.aac=00;36:*.au=00;36:*.flac=00;36:*.m4a=00;36:*.mid=00;36:*.midi=00;36:*.mka=00;36:*.mp3=00;36:*.mpc=00;36:*.ogg=00;36:*.ra=00;36:*.wav=00;36:*.oga=00;36:*.opus=00;36:*.spx=00;36:*.xspf=00;36:' XDG_CURRENT_DESKTOP=GNOME INFOPATH=/usr/share/info:/usr/share/gcc-data/x86_64-pc-linux-gnu/10.2.0/info:/usr/share/binutils-data/x86_64-pc-linux-gnu/2.45/info:/usr/share/automake-1.16.5/info JAVAC=/etc/java-config-2/current-system-vm/bin/javac TERM=xterm-256color LESSOPEN='|lesspipe %s' USER=jpmurphy CROS_WORKON_SRCROOT=/mnt/host/source MANPAGER=manpager DISPLAY=:1 SHLVL=1 LC_MESSAGES=C EXTERNAL_TRUNK_PATH=/mnt/8f9d649a-3721-44cc-93c0-e6bd21a9689f/chromiumos GCC_SPECS='' PATH=/mnt/host/source/chromite/bin:/usr/local/bin:/usr/bin:/bin:/opt/bin:/mnt/host/source/chromite/sdk/bin:/mnt/host/source/chromite/bin PORTAGE_USERNAME=jpmurphy SUDO_UID=0 GCC_VER=10.2.0 MAIL=/var/mail/jpmurphy OLDPWD=/mnt/host/source/src/scripts traceparent=00-e87aca51550a78635907baa6a2476181-6d684811675d2973-01 _=./zephyr/firmware_builder.py COREBOOT_SDK_ROOT_x86=/home/jpmurphy/.cache/coreboot-sdk/i386-elf/dfbb0486385d938cfa9d73080b9d18d598ed4f49 COREBOOT_SDK_ROOT_picolibc_x86=/home/jpmurphy/.cache/coreboot-sdk/picolibc-i386-elf/eb8e8e687b95461de8cbf278f1c2076952d0ad17 COREBOOT_SDK_ROOT_riscv64=/home/jpmurphy/.cache/coreboot-sdk/riscv64-elf/96b949749225b6aaa92ed810ab769e8dfb12f000 COREBOOT_SDK_ROOT_picolibc_arm=/home/jpmurphy/.cache/coreboot-sdk/picolibc-arm-eabi/422a2aa3e1ef891b5bece9a3deb696ff83840d2e COREBOOT_SDK_ROOT_nds32=/home/jpmurphy/.cache/coreboot-sdk/nds32le-elf/d1a518c4a097666d86058e1444f85ca015d15511 COREBOOT_SDK_ROOT_picolibc_riscv64=/home/jpmurphy/.cache/coreboot-sdk/picolibc-riscv64-elf/f571e990ef0278564b31124f8bb109d9a697eb69 COREBOOT_SDK_ROOT_arm=/home/jpmurphy/.cache/coreboot-sdk/arm-eabi/ea40ddd1d190c3b48435c474c0b545719371813a COREBOOT_SDK_ROOT_libstdcxx_riscv64=/home/jpmurphy/.cache/coreboot-sdk/libstdcxx-riscv64-elf/17abf22a3a252e2d5d2062ced5324f7a623689e0 COREBOOT_SDK_ROOT_libstdcxx_arm=/home/jpmurphy/.cache/coreboot-sdk/libstdcxx-arm-eabi/5d7d82e150e44aa1968f1d366e267e6687b328ac COREBOOT_SDK_ROOT_riscv=/home/jpmurphy/.cache/coreboot-sdk/riscv-elf/9a27b9e82341c6e9126624f516ab3f261abb3e73 COREBOOT_SDK_ROOT_libstdcxx_x86=/home/jpmurphy/.cache/coreboot-sdk/libstdcxx-i386-elf/42ef9d2e87a76a37963175d7d428734e65648b87 PYTHONPATH=/mnt/host/source/src/platform/ec/zephyr/zmake PW_PIGWEED_CIPD_INSTALL_DIR=/usr CROSTC_USER_ACKNOWLEDGES_THAT_RISCV_IS_EXPERIMENTAL=1 MAKEFLAGS=' -j16 --jobserver-auth=5,6' /usr/bin/ninja -C /mnt/host/source/src/platform/ec/build/zephyr/yoda/build-rw all.libraries`
[pujjolo-ish:singleimage] [262/271] Building C object zephyr/kernel/CMakeFiles/kernel.dir/pipe.c.obj
[yoda:rw] ninja: Entering directory `/mnt/host/source/src/platform/ec/build/zephyr/yoda/build-rw'
[steelix:ro] [379/395] Building C object zephyr/kernel/CMakeFiles/kernel.dir/sem.c.obj
[steelix:ro] [380/395] Building C object zephyr/kernel/CMakeFiles/kernel.dir/stack.c.obj
[ojal:ro] [288/380] Building C object zephyr/drivers/serial/CMakeFiles/drivers__serial.dir/uart_realtek_rts5912.c.obj
[steelix:ro] [381/395] Building C object zephyr/kernel/CMakeFiles/kernel.dir/system_work_q.c.obj
[ojal:ro] [289/380] Building C object zephyr/drivers/timer/CMakeFiles/drivers__timer.dir/sys_clock_init.c.obj
[ojal:ro] [290/380] Linking C static library zephyr/drivers/serial/libdrivers__serial.a
[pujjolo-ish:singleimage] [263/271] Building C object zephyr/kernel/CMakeFiles/kernel.dir/spinlock_validate.c.obj
[ojal:ro] [291/380] Building C object zephyr/drivers/timer/CMakeFiles/drivers__timer.dir/realtek_rts5912_rtmr.c.obj
[pujjolo-ish:singleimage] [264/271] Building C object zephyr/kernel/CMakeFiles/kernel.dir/thread_monitor.c.obj
[lotso:rw] [109/387] Building C object CMakeFiles/app.dir/mnt/host/source/src/platform/ec/build/zephyr/lotso/modules/ec/common/usb_common.c.obj
[ojal:ro] [292/380] Building C object zephyr/drivers/watchdog/CMakeFiles/drivers__watchdog.dir/wdt_rts5912.c.obj
[ojal:ro] [293/380] Linking C static library zephyr/drivers/timer/libdrivers__timer.a
[steelix:ro] [382/395] Building C object zephyr/kernel/CMakeFiles/kernel.dir/condvar.c.obj
[yoda:rw] [1/361] Generating include/generated/zephyr/version.h
[yoda:rw] -- git describe warned: warning: tag 'upstream/v2.7.99' is externally known as 'v2.7.99'
[yoda:rw] -- Zephyr version: 4.3.99 (/mnt/host/source/src/third_party/zephyr/main)
[yoda:rw] [2/361] Preparing syscall dependency handling
[ojal:ro] [294/380] Building C object zephyr/drivers/watchdog/CMakeFiles/drivers__watchdog.dir/wdt_counter.c.obj
[yoda:rw] [3/361] Generating misc/generated/syscalls_subdirs.trigger
[steelix:ro] [383/395] Building C object zephyr/kernel/CMakeFiles/kernel.dir/work.c.obj
[/mnt/host/source/src/platform/ec/build/zephyr/ocelotrvp-npcx-lcov]   /mnt/host/source/src/platform/ec/build/zephyr/ocelotrvp-npcx/build-rw/zephyr/arch/arch/arm/core/mpu/CMakeFiles/arch__arm__core__mpu.dir/arm_mpu_regions.c.gcno:no functions found
[/mnt/host/source/src/platform/ec/build/zephyr/ocelotrvp-npcx-lcov] stderr:
[steelix:ro] [384/395] Building C object zephyr/kernel/CMakeFiles/kernel.dir/thread.c.obj
[lotso:rw] [110/387] Building C object CMakeFiles/app.dir/mnt/host/source/src/platform/ec/build/zephyr/lotso/modules/ec/common/usb_pd_host_cmd_common.c.obj
[pujjolo-ish:singleimage] [265/271] Building C object zephyr/kernel/CMakeFiles/kernel.dir/timer.c.obj
[pujjolo-ish:singleimage] [266/271] Building C object zephyr/kernel/CMakeFiles/kernel.dir/timeout.c.obj
[steelix:ro] [385/395] Building C object zephyr/kernel/CMakeFiles/kernel.dir/pipe.c.obj
[steelix:ro] [386/395] Building C object zephyr/kernel/CMakeFiles/kernel.dir/sched.c.obj
[ojal:ro] [295/380] Building C object zephyr/drivers/watchdog/CMakeFiles/drivers__watchdog.dir/wdt_shell.c.obj
[ojal:ro] [296/380] Building C object modules/ec/zephyr/CMakeFiles/ec_shim.dir/app/ec/ec_app_main.c.obj
[ojal:ro] [297/380] Linking C static library zephyr/drivers/watchdog/libdrivers__watchdog.a
[steelix:ro] [387/395] Building C object zephyr/kernel/CMakeFiles/kernel.dir/spinlock_validate.c.obj
[ojal:ro] [298/380] Building C object modules/ec/zephyr/CMakeFiles/ec_shim.dir/drivers/cros_flash/cros_flash_rtk.c.obj
[ojal:ro] [299/380] Building C object modules/ec/zephyr/CMakeFiles/ec_shim.dir/app/ec/main_shim.c.obj
[ojal:ro] [300/380] Building C object modules/ec/zephyr/CMakeFiles/ec_shim.dir/drivers/cros_system/cros_system_rtk.c.obj
[ojal:ro] [301/380] Building C object modules/ec/zephyr/CMakeFiles/ec_shim.dir/drivers/keyboard_input/keyboard_customization_check.c.obj
[lotso:rw] [111/387] Building C object CMakeFiles/app.dir/mnt/host/source/src/platform/ec/build/zephyr/lotso/modules/ec/common/vboot_hash.c.obj
[pujjolo-ish:singleimage] [267/271] Building C object zephyr/kernel/CMakeFiles/kernel.dir/events.c.obj
[steelix:ro] [388/395] Building C object zephyr/kernel/CMakeFiles/kernel.dir/thread_monitor.c.obj
[steelix:ro] [389/395] Building C object zephyr/kernel/CMakeFiles/kernel.dir/timeout.c.obj
[yoda:rw] [4/361] Generating misc/generated/syscalls.json, misc/generated/struct_tags.json
[pujjolo-ish:singleimage] [268/271] Building C object zephyr/kernel/CMakeFiles/kernel.dir/poll.c.obj
[ojal:ro] [302/380] Building C object modules/ec/zephyr/CMakeFiles/ec_shim.dir/drivers/usbc/ucsi_v3.c.obj
[yoda:rw] [5/361] Generating include/generated/zephyr/syscall_dispatch.c, include/generated/zephyr/syscall_exports_llext.c, syscall_weakdefs_llext.c, include/generated/zephyr/syscall_list.h
[steelix:ro] [390/395] Building C object zephyr/kernel/CMakeFiles/kernel.dir/timer.c.obj
[/mnt/host/source/src/platform/ec/build/zephyr/ocelotrvp-npcx-lcov]   /mnt/host/source/src/platform/ec/build/zephyr/ocelotrvp-npcx/build-rw/zephyr/arch/common/CMakeFiles/isr_tables.dir/isr_tables.c.gcno:no functions found
[/mnt/host/source/src/platform/ec/build/zephyr/ocelotrvp-npcx-lcov] stderr:
[lotso:rw] [112/387] Building C object CMakeFiles/app.dir/mnt/host/source/src/platform/ec/build/zephyr/lotso/modules/ec/common/vboot/efs2.c.obj
[yoda:ro] Building: /usr/bin/ninja -C /mnt/host/source/src/platform/ec/build/zephyr/yoda/build-ro all.libraries
Running `env -i SHELL=/bin/bash COLORTERM=truecolor DEPOT_TOOLS_UPDATE=0 LESS='-R -M --shift 5' SUDO_GID=0 JDK_HOME=/etc/java-config-2/current-system-vm CONFIG_PROTECT_MASK='/etc/gentoo-release /etc/sandbox.d /etc/fonts/fonts.conf /etc/terminfo /etc/ca-certificates.conf /etc/revdep-rebuild' CHROMEOS_CACHEDIR=/var/cache/chromeos-cache JAVA_HOME=/etc/java-config-2/current-system-vm SSH_AUTH_SOCK=/tmp/ssh-auth-sock SUDO_COMMAND=/bin/bash SUDO_USER=root SUDO_TTY=/dev/pts/2 EDITOR=/usr/bin/vi PWD=/mnt/host/source/src/platform/ec CONFIG_PROTECT=/usr/share/gnupg/qualified.txt LOGNAME=jpmurphy MANPATH=/etc/java-config-2/current-system-vm/man:/usr/local/share/man:/usr/share/man:/usr/share/gcc-data/x86_64-pc-linux-gnu/10.2.0/man:/usr/share/binutils-data/x86_64-pc-linux-gnu/2.45/man:/etc/java-config-2/current-system-vm/man/ SUDO_HOME=/root XAUTHORITY=/run/user/944457/gdm/Xauthority HOME=/home/jpmurphy LANG=C.UTF-8 LS_COLORS='rs=0:di=01;34:ln=01;36:mh=00:pi=40;33:so=01;35:do=01;35:bd=40;33;01:cd=40;33;01:or=01;05;37;41:mi=01;05;37;41:su=37;41:sg=30;43:ca=30;41:tw=30;42:ow=34;42:st=37;44:ex=01;32:*.tar=01;31:*.tgz=01;31:*.arc=01;31:*.arj=01;31:*.taz=01;31:*.lha=01;31:*.lz4=01;31:*.lzh=01;31:*.lzma=01;31:*.tlz=01;31:*.txz=01;31:*.tzo=01;31:*.t7z=01;31:*.zip=01;31:*.z=01;31:*.dz=01;31:*.gz=01;31:*.lrz=01;31:*.lz=01;31:*.lzo=01;31:*.xz=01;31:*.zst=01;31:*.tzst=01;31:*.bz2=01;31:*.bz=01;31:*.tbz=01;31:*.tbz2=01;31:*.tz=01;31:*.deb=01;31:*.rpm=01;31:*.jar=01;31:*.war=01;31:*.ear=01;31:*.sar=01;31:*.rar=01;31:*.alz=01;31:*.ace=01;31:*.zoo=01;31:*.cpio=01;31:*.7z=01;31:*.rz=01;31:*.cab=01;31:*.wim=01;31:*.swm=01;31:*.dwm=01;31:*.esd=01;31:*.jpg=01;35:*.jpeg=01;35:*.mjpg=01;35:*.mjpeg=01;35:*.gif=01;35:*.bmp=01;35:*.pbm=01;35:*.pgm=01;35:*.ppm=01;35:*.tga=01;35:*.xbm=01;35:*.xpm=01;35:*.tif=01;35:*.tiff=01;35:*.png=01;35:*.svg=01;35:*.svgz=01;35:*.mng=01;35:*.pcx=01;35:*.mov=01;35:*.mpg=01;35:*.mpeg=01;35:*.m2v=01;35:*.mkv=01;35:*.webm=01;35:*.webp=01;35:*.ogm=01;35:*.mp4=01;35:*.m4v=01;35:*.mp4v=01;35:*.vob=01;35:*.qt=01;35:*.nuv=01;35:*.wmv=01;35:*.asf=01;35:*.rm=01;35:*.rmvb=01;35:*.flc=01;35:*.avi=01;35:*.fli=01;35:*.flv=01;35:*.gl=01;35:*.dl=01;35:*.xcf=01;35:*.xwd=01;35:*.yuv=01;35:*.cgm=01;35:*.emf=01;35:*.ogv=01;35:*.ogx=01;35:*.cfg=00;32:*.conf=00;32:*.diff=00;32:*.doc=00;32:*.ini=00;32:*.log=00;32:*.patch=00;32:*.pdf=00;32:*.ps=00;32:*.tex=00;32:*.txt=00;32:*.aac=00;36:*.au=00;36:*.flac=00;36:*.m4a=00;36:*.mid=00;36:*.midi=00;36:*.mka=00;36:*.mp3=00;36:*.mpc=00;36:*.ogg=00;36:*.ra=00;36:*.wav=00;36:*.oga=00;36:*.opus=00;36:*.spx=00;36:*.xspf=00;36:' XDG_CURRENT_DESKTOP=GNOME INFOPATH=/usr/share/info:/usr/share/gcc-data/x86_64-pc-linux-gnu/10.2.0/info:/usr/share/binutils-data/x86_64-pc-linux-gnu/2.45/info:/usr/share/automake-1.16.5/info JAVAC=/etc/java-config-2/current-system-vm/bin/javac TERM=xterm-256color LESSOPEN='|lesspipe %s' USER=jpmurphy CROS_WORKON_SRCROOT=/mnt/host/source MANPAGER=manpager DISPLAY=:1 SHLVL=1 LC_MESSAGES=C EXTERNAL_TRUNK_PATH=/mnt/8f9d649a-3721-44cc-93c0-e6bd21a9689f/chromiumos GCC_SPECS='' PATH=/mnt/host/source/chromite/bin:/usr/local/bin:/usr/bin:/bin:/opt/bin:/mnt/host/source/chromite/sdk/bin:/mnt/host/source/chromite/bin PORTAGE_USERNAME=jpmurphy SUDO_UID=0 GCC_VER=10.2.0 MAIL=/var/mail/jpmurphy OLDPWD=/mnt/host/source/src/scripts traceparent=00-e87aca51550a78635907baa6a2476181-6d684811675d2973-01 _=./zephyr/firmware_builder.py COREBOOT_SDK_ROOT_x86=/home/jpmurphy/.cache/coreboot-sdk/i386-elf/dfbb0486385d938cfa9d73080b9d18d598ed4f49 COREBOOT_SDK_ROOT_picolibc_x86=/home/jpmurphy/.cache/coreboot-sdk/picolibc-i386-elf/eb8e8e687b95461de8cbf278f1c2076952d0ad17 COREBOOT_SDK_ROOT_riscv64=/home/jpmurphy/.cache/coreboot-sdk/riscv64-elf/96b949749225b6aaa92ed810ab769e8dfb12f000 COREBOOT_SDK_ROOT_picolibc_arm=/home/jpmurphy/.cache/coreboot-sdk/picolibc-arm-eabi/422a2aa3e1ef891b5bece9a3deb696ff83840d2e COREBOOT_SDK_ROOT_nds32=/home/jpmurphy/.cache/coreboot-sdk/nds32le-elf/d1a518c4a097666d86058e1444f85ca015d15511 COREBOOT_SDK_ROOT_picolibc_riscv64=/home/jpmurphy/.cache/coreboot-sdk/picolibc-riscv64-elf/f571e990ef0278564b31124f8bb109d9a697eb69 COREBOOT_SDK_ROOT_arm=/home/jpmurphy/.cache/coreboot-sdk/arm-eabi/ea40ddd1d190c3b48435c474c0b545719371813a COREBOOT_SDK_ROOT_libstdcxx_riscv64=/home/jpmurphy/.cache/coreboot-sdk/libstdcxx-riscv64-elf/17abf22a3a252e2d5d2062ced5324f7a623689e0 COREBOOT_SDK_ROOT_libstdcxx_arm=/home/jpmurphy/.cache/coreboot-sdk/libstdcxx-arm-eabi/5d7d82e150e44aa1968f1d366e267e6687b328ac COREBOOT_SDK_ROOT_riscv=/home/jpmurphy/.cache/coreboot-sdk/riscv-elf/9a27b9e82341c6e9126624f516ab3f261abb3e73 COREBOOT_SDK_ROOT_libstdcxx_x86=/home/jpmurphy/.cache/coreboot-sdk/libstdcxx-i386-elf/42ef9d2e87a76a37963175d7d428734e65648b87 PYTHONPATH=/mnt/host/source/src/platform/ec/zephyr/zmake PW_PIGWEED_CIPD_INSTALL_DIR=/usr CROSTC_USER_ACKNOWLEDGES_THAT_RISCV_IS_EXPERIMENTAL=1 MAKEFLAGS=' -j16 --jobserver-auth=5,6' /usr/bin/ninja -C /mnt/host/source/src/platform/ec/build/zephyr/yoda/build-ro all.libraries`
[steelix:ro] [391/395] Building C object zephyr/kernel/CMakeFiles/kernel.dir/events.c.obj
[ojal:ro] [303/380] Building C object modules/ec/zephyr/CMakeFiles/ec_shim.dir/drivers/keyboard_input/keyboard_input.c.obj
[yoda:ro] ninja: Entering directory `/mnt/host/source/src/platform/ec/build/zephyr/yoda/build-ro'
[uldren:ro] Configuring.
Running `env -i PYTHONPATH=/usr/lib64/python-exec/python3.11:/mnt/host/source/src/platform/ec/zephyr/zmake:/usr/lib/python311.zip:/usr/lib/python3.11:/usr/lib/python3.11/lib-dynload:/usr/lib/python3.11/site-packages PW_PIGWEED_CIPD_INSTALL_DIR=/usr CROSTC_USER_ACKNOWLEDGES_THAT_RISCV_IS_EXPERIMENTAL=1 PATH=/mnt/host/source/chromite/bin:/usr/local/bin:/usr/bin:/bin:/opt/bin:/mnt/host/source/chromite/sdk/bin:/mnt/host/source/chromite/bin HOME=/home/jpmurphy JAVA_HOME=/etc/java-config-2/current-system-vm JDK_HOME=/etc/java-config-2/current-system-vm JAVAC=/etc/java-config-2/current-system-vm/bin/javac MAKEFLAGS=' -j16 --jobserver-auth=5,6' /usr/bin/cmake -S /mnt/host/source/src/platform/ec/zephyr/program/nissa -B /mnt/host/source/src/platform/ec/build/zephyr/uldren/build-ro -GNinja -DCMAKE_EXPORT_COMPILE_COMMANDS=ON -DZEPHYR_BASE=/mnt/host/source/src/third_party/zephyr/main -DZMAKE_INCLUDE_DIR=/mnt/host/source/src/platform/ec/build/zephyr/uldren/include -DPython3_EXECUTABLE=/usr/bin/python3.11 -DDTS_ROOT=/mnt/host/source/src/platform/ec/zephyr -DSYSCALL_INCLUDE_DIRS=/mnt/host/source/src/platform/ec/zephyr/include/drivers -DUSER_CACHE_DIR=/mnt/host/source/src/platform/ec/build/zephyr/user-cache '-DEXTRA_EC_VERSION_FLAGS=--version 16543.0.0 --static' -DTOOLCHAIN_ROOT=/mnt/host/source/src/platform/ec/zephyr -DCOREBOOT_SDK_ROOT_x86=/home/jpmurphy/.cache/coreboot-sdk/i386-elf/dfbb0486385d938cfa9d73080b9d18d598ed4f49 -DCOREBOOT_SDK_ROOT_picolibc_x86=/home/jpmurphy/.cache/coreboot-sdk/picolibc-i386-elf/eb8e8e687b95461de8cbf278f1c2076952d0ad17 -DCOREBOOT_SDK_ROOT_riscv64=/home/jpmurphy/.cache/coreboot-sdk/riscv64-elf/96b949749225b6aaa92ed810ab769e8dfb12f000 -DCOREBOOT_SDK_ROOT_picolibc_arm=/home/jpmurphy/.cache/coreboot-sdk/picolibc-arm-eabi/422a2aa3e1ef891b5bece9a3deb696ff83840d2e -DCOREBOOT_SDK_ROOT_nds32=/home/jpmurphy/.cache/coreboot-sdk/nds32le-elf/d1a518c4a097666d86058e1444f85ca015d15511 -DCOREBOOT_SDK_ROOT_picolibc_riscv64=/home/jpmurphy/.cache/coreboot-sdk/picolibc-riscv64-elf/f571e990ef0278564b31124f8bb109d9a697eb69 -DCOREBOOT_SDK_ROOT_arm=/home/jpmurphy/.cache/coreboot-sdk/arm-eabi/ea40ddd1d190c3b48435c474c0b545719371813a -DCOREBOOT_SDK_ROOT_libstdcxx_riscv64=/home/jpmurphy/.cache/coreboot-sdk/libstdcxx-riscv64-elf/17abf22a3a252e2d5d2062ced5324f7a623689e0 -DCOREBOOT_SDK_ROOT_libstdcxx_arm=/home/jpmurphy/.cache/coreboot-sdk/libstdcxx-arm-eabi/5d7d82e150e44aa1968f1d366e267e6687b328ac -DCOREBOOT_SDK_ROOT_riscv=/home/jpmurphy/.cache/coreboot-sdk/riscv-elf/9a27b9e82341c6e9126624f516ab3f261abb3e73 -DCOREBOOT_SDK_ROOT_libstdcxx_x86=/home/jpmurphy/.cache/coreboot-sdk/libstdcxx-i386-elf/42ef9d2e87a76a37963175d7d428734e65648b87 -DZEPHYR_TOOLCHAIN_VARIANT=coreboot-sdk '-DZEPHYR_MODULES=/mnt/host/source/src/platform/ec/build/zephyr/uldren/modules/cmsis;/mnt/host/source/src/platform/ec/build/zephyr/uldren/modules/cmsis_6;/mnt/host/source/src/platform/ec/build/zephyr/uldren/modules/ec' -DDTC_OVERLAY_FILE=/mnt/host/source/src/platform/ec/zephyr/program/nissa/uldren/project.overlay -DBOARD=npcx9/npcx9m3f -DCMAKE_C_FLAGS=-DSECTION_IS_RO '-DCONF_FILE=/mnt/host/source/src/platform/ec/zephyr/program/nissa/program.conf;/mnt/host/source/src/platform/ec/zephyr/program/nissa/npcx_program.conf;/mnt/host/source/src/platform/ec/zephyr/program/nissa/uldren/project.conf;/mnt/host/source/src/platform/ec/build/zephyr/uldren/kconfig-ro.conf'`
[steelix:ro] [392/395] Building C object zephyr/kernel/CMakeFiles/kernel.dir/poll.c.obj
[ojal:ro] [304/380] Building C object modules/ec/zephyr/CMakeFiles/ec_shim.dir/drivers/boot_keys/boot_keys.c.obj
[uldren:ro] Loading Zephyr default modules (Zephyr base (cached)).
[uldren:ro] -- Application: /mnt/host/source/src/platform/ec/zephyr/program/nissa
[uldren:ro] -- CMake version: 3.31.7
[yoda:rw] [6/361] Generating include/generated/zephyr/driver-validation.h
[pujjolo-ish:singleimage] [269/271] Building C object zephyr/kernel/CMakeFiles/kernel.dir/mempool.c.obj
[pujjolo-ish:singleimage] [270/271] Building C object zephyr/kernel/CMakeFiles/kernel.dir/dynamic_disabled.c.obj
[pujjolo-ish:singleimage] [271/271] Linking CXX static library zephyr/kernel/libkernel.a
[yoda:rw] [7/361] Generating include/generated/zephyr/kobj-types-enum.h, include/generated/zephyr/otype-to-str.h, include/generated/zephyr/otype-to-size.h
[steelix:ro] [393/395] Building C object zephyr/kernel/CMakeFiles/kernel.dir/mempool.c.obj
[yoda:ro] [1/361] Preparing syscall dependency handling
[lotso:rw] [113/387] Building C object CMakeFiles/app.dir/mnt/host/source/src/platform/ec/build/zephyr/lotso/modules/ec/common/vstore.c.obj
[steelix:ro] [394/395] Building C object zephyr/kernel/CMakeFiles/kernel.dir/dynamic_disabled.c.obj
[ojal:ro] [305/380] Building C object modules/ec/zephyr/CMakeFiles/ec_shim.dir/drivers/usbc/pdc_rts54xx_fwup.c.obj
[ojal:ro] [306/380] Building C object modules/ec/zephyr/CMakeFiles/ec_shim.dir/drivers/usbc/pdc_rts54xx.c.obj
[yoda:rw] [8/361] Generating include/generated/device-api-sections.ld, include/generated/device-api-sections.cmake
[yoda:ro] [2/361] Generating misc/generated/syscalls_subdirs.trigger
[steelix:ro] [395/395] Linking C static library zephyr/kernel/libkernel.a
[yoda:rw] [9/361] cd /mnt/host/source/src/platform/ec/build/zephyr/yoda/build-rw/modules/ec/zephyr && PYTHONPATH=/mnt/host/source/src/platform/ec/build/zephyr/yoda/modules/ec/zephyr/zmake/ /usr/bin/python3.11 /mnt/host/source/src/platform/ec/build/zephyr/yoda/modules/ec/zephyr/zmake/zephyr_build_tools/generate_ec_version.py /mnt/host/source/src/platform/ec/build/zephyr/yoda/build-rw/modules/ec/zephyr/include/ec_version.h --name Zephyr-Kernel --version 16543.0.0 --static
[ojal:ro] [307/380] Building C object modules/ec/zephyr/CMakeFiles/ec_shim.dir/drivers/vivaldi_kbd/vivaldi_kbd.c.obj
[uldren:ro] -- Found Python3: /usr/bin/python3.11 (found suitable version "3.11.11", minimum required is "3.10") found components: Interpreter
[uldren:ro] -- Cache files will be written to: /mnt/host/source/src/platform/ec/build/zephyr/user-cache
[uldren:ro] -- Zephyr version: 4.3.99 (/mnt/host/source/src/third_party/zephyr/main)
[ojal:ro] [308/380] Building C object modules/ec/zephyr/CMakeFiles/ec_shim.dir/shim/src/crc.c.obj
[ojal:ro] [309/380] Building C object modules/ec/zephyr/CMakeFiles/ec_shim.dir/shim/chip/rtk/clock.c.obj
[yoda:ro] [3/361] Generating include/generated/zephyr/version.h
[lotso:rw] [114/387] Building C object CMakeFiles/app.dir/mnt/host/source/src/platform/ec/build/zephyr/lotso/modules/ec/common/math_util.c.obj
[ojal:ro] [310/380] Building C object modules/ec/zephyr/CMakeFiles/ec_shim.dir/shim/chip/rtk/system_external_storage.c.obj
[yoda:ro] -- git describe warned: warning: tag 'upstream/v2.7.99' is externally known as 'v2.7.99'
[yoda:ro] -- Zephyr version: 4.3.99 (/mnt/host/source/src/third_party/zephyr/main)
[yoda:ro] [4/361] cd /mnt/host/source/src/platform/ec/build/zephyr/yoda/build-ro/modules/ec/zephyr && PYTHONPATH=/mnt/host/source/src/platform/ec/build/zephyr/yoda/modules/ec/zephyr/zmake/ /usr/bin/python3.11 /mnt/host/source/src/platform/ec/build/zephyr/yoda/modules/ec/zephyr/zmake/zephyr_build_tools/generate_ec_version.py /mnt/host/source/src/platform/ec/build/zephyr/yoda/build-ro/modules/ec/zephyr/include/ec_version.h --name Zephyr-Kernel --version 16543.0.0 --static
[yoda:ro] INFO:root:Using a static version string
[ojal:ro] [311/380] Building C object modules/ec/zephyr/CMakeFiles/ec_shim.dir/shim/core/cortex-m/panic.c.obj
[ojal:ro] [312/380] Building C object modules/ec/zephyr/CMakeFiles/ec_shim.dir/shim/chip/rtk/system_download_from_flash.c.obj
[lotso:rw] [115/387] Building C object CMakeFiles/app.dir/src/board_power.c.obj
[ojal:ro] [313/380] Building C object modules/ec/zephyr/CMakeFiles/ec_shim.dir/shim/chip/rtk/power_policy.c.obj
[ojal:ro] [314/380] Building C object modules/ec/zephyr/CMakeFiles/ec_shim.dir/shim/src/console.c.obj
[yoda:rw] INFO:root:Using a static version string
[yoda:rw] INFO:root:Version string: Zephyr-Kernel-16543.0.0
[yoda:rw] INFO:root:Writing header to /mnt/host/source/src/platform/ec/build/zephyr/yoda/build-rw/modules/ec/zephyr/include/ec_version.h
[yoda:rw] [10/361] Building C object zephyr/CMakeFiles/offsets.dir/arch/arm/core/offsets/offsets.c.obj
[yoda:ro] INFO:root:Version string: Zephyr-Kernel-16543.0.0
[yoda:ro] INFO:root:Writing header to /mnt/host/source/src/platform/ec/build/zephyr/yoda/build-ro/modules/ec/zephyr/include/ec_version.h
[yoda:ro] [5/361] Generating misc/generated/syscalls.json, misc/generated/struct_tags.json
[lotso:rw] [116/387] Building C object CMakeFiles/app.dir/lotso/src/charger.c.obj
[yoda:rw] [11/361] Generating include/generated/zephyr/offsets.h
[ojal:ro] [315/380] Building C object modules/ec/zephyr/CMakeFiles/ec_shim.dir/shim/src/gpio.c.obj
[ojal:ro] [316/380] Building C object modules/ec/zephyr/CMakeFiles/ec_shim.dir/shim/src/gpio_int.c.obj
[ojal:ro] [317/380] Building C object modules/ec/zephyr/CMakeFiles/ec_shim.dir/shim/src/panic_utils.c.obj
[yoda:ro] [6/361] Generating include/generated/zephyr/syscall_dispatch.c, include/generated/zephyr/syscall_exports_llext.c, syscall_weakdefs_llext.c, include/generated/zephyr/syscall_list.h
[ojal:ro] [318/380] Building C object modules/ec/zephyr/CMakeFiles/ec_shim.dir/shim/src/cbi/cros_cbi.c.obj
[ojal:ro] [319/380] Building ASM object modules/ec/zephyr/CMakeFiles/ec_shim.dir/shim/src/libgcc_arm.S.obj
[lotso:rw] [117/387] Building C object CMakeFiles/app.dir/lotso/src/board.c.obj
[yoda:ro] [7/361] Generating include/generated/zephyr/driver-validation.h
[ojal:ro] [320/380] Building C object modules/ec/zephyr/CMakeFiles/ec_shim.dir/shim/src/pm_state.c.obj
[ojal:ro] [321/380] Building C object modules/ec/zephyr/CMakeFiles/ec_shim.dir/shim/src/cbi/cbi_flash.c.obj
[ojal:ro] [322/380] Building C object modules/ec/zephyr/CMakeFiles/ec_shim.dir/shim/src/popcountsi2.c.obj
[lotso:rw] [118/387] Building C object CMakeFiles/app.dir/src/hibernate.c.obj
[ojal:ro] [323/380] Building C object modules/ec/zephyr/CMakeFiles/ec_shim.dir/shim/src/led_driver/led.c.obj
[yoda:ro] [8/361] Generating include/generated/zephyr/kobj-types-enum.h, include/generated/zephyr/otype-to-str.h, include/generated/zephyr/otype-to-size.h
[yoda:ro] [9/361] Generating include/generated/device-api-sections.ld, include/generated/device-api-sections.cmake
[uldren:ro] -- Board: npcx9, qualifiers: npcx9m3f
[lotso:rw] [119/387] Building C object CMakeFiles/app.dir/src/suspend_resume.c.obj
[ojal:ro] [324/380] Building C object modules/ec/zephyr/CMakeFiles/ec_shim.dir/shim/src/led_driver/led_gpio.c.obj
[lotso:rw] [120/387] Building C object CMakeFiles/app.dir/src/usbc.c.obj
[yoda:rw] [12/361] Building C object CMakeFiles/app.dir/mnt/host/source/src/platform/ec/zephyr/subsys/ap_pwrseq/ap_events.c.obj
[lotso:rw] [121/387] Building C object CMakeFiles/app.dir/lotso/src/keyboard_customization.c.obj
[ojal:ro] [325/380] Building C object modules/ec/zephyr/CMakeFiles/ec_shim.dir/shim/src/system.c.obj
[lotso:rw] [122/387] Building C object zephyr/CMakeFiles/zephyr.dir/lib/libc/validate_libc.c.obj
[ojal:ro] [326/380] Building C object modules/ec/zephyr/CMakeFiles/ec_shim.dir/shim/src/pdc_shim.c.obj
[ojal:ro] [327/380] Building C object modules/ec/zephyr/CMakeFiles/ec_shim.dir/shim/src/charger.c.obj
[ojal:ro] [328/380] Building C object modules/ec/zephyr/CMakeFiles/ec_shim.dir/shim/src/adc.c.obj
[lotso:rw] [123/387] Linking C static library app/libapp.a
[ojal:ro] [329/380] Building C object modules/ec/zephyr/CMakeFiles/ec_shim.dir/shim/src/battery.c.obj
[ojal:ro] [330/380] Building C object modules/ec/zephyr/CMakeFiles/ec_shim.dir/shim/src/chipset_api.c.obj
[lotso:rw] [124/387] Building C object zephyr/CMakeFiles/zephyr.dir/lib/heap/heap.c.obj
[lotso:rw] [125/387] Building C object zephyr/CMakeFiles/zephyr.dir/lib/os/cbprintf_packaged.c.obj
[yoda:ro] [10/361] Building C object zephyr/CMakeFiles/offsets.dir/arch/arm/core/offsets/offsets.c.obj
[ojal:ro] [331/380] Building C object modules/ec/zephyr/CMakeFiles/ec_shim.dir/shim/src/espi.c.obj
[lotso:rw] [126/387] Building C object zephyr/CMakeFiles/zephyr.dir/lib/os/clock.c.obj
[lotso:rw] [127/387] Building C object zephyr/CMakeFiles/zephyr.dir/lib/os/printk.c.obj
[ojal:ro] [332/380] Building C object modules/ec/zephyr/CMakeFiles/ec_shim.dir/shim/src/flash.c.obj
[yoda:ro] [11/361] Generating include/generated/zephyr/offsets.h
[ojal:ro] [333/380] Building C object modules/ec/zephyr/CMakeFiles/ec_shim.dir/shim/src/hooks.c.obj
[lotso:rw] [128/387] Building C object zephyr/CMakeFiles/zephyr.dir/lib/os/sem.c.obj
[ojal:ro] [334/380] Building C object modules/ec/zephyr/CMakeFiles/ec_shim.dir/shim/src/host_command.c.obj
[ojal:ro] [335/380] Building C object modules/ec/zephyr/CMakeFiles/ec_shim.dir/shim/src/fan.c.obj
[ojal:ro] [336/380] Building C object modules/ec/zephyr/CMakeFiles/ec_shim.dir/shim/src/console_buffer.c.obj
[yoda:rw] [13/361] Building C object CMakeFiles/app.dir/mnt/host/source/src/platform/ec/zephyr/subsys/pd_controller/pdc_pmc_debug.c.obj
[ojal:ro] [337/380] Building C object modules/ec/zephyr/CMakeFiles/ec_shim.dir/shim/src/mkbp_event.c.obj
[lotso:rw] [129/387] Building C object zephyr/CMakeFiles/zephyr.dir/lib/os/thread_entry.c.obj
[lotso:rw] [130/387] Building C object zephyr/CMakeFiles/zephyr.dir/lib/utils/dec.c.obj
[ojal:ro] [338/380] Building C object modules/ec/zephyr/CMakeFiles/ec_shim.dir/shim/src/panic.c.obj
[lotso:rw] [131/387] Building C object zephyr/CMakeFiles/zephyr.dir/lib/os/cbprintf_nano.c.obj
[lotso:rw] [132/387] Building C object zephyr/CMakeFiles/zephyr.dir/lib/os/cbprintf.c.obj
[uldren:ro] -- Found Dtc: /usr/bin/dtc (found suitable version "1.6.0", minimum required is "1.4.6")
[uldren:ro] -- Found BOARD.dts: /mnt/host/source/src/platform/ec/zephyr/boards/google/npcx9/npcx9_npcx9m3f.dts
[uldren:ro] -- Found devicetree overlay: /mnt/host/source/src/platform/ec/zephyr/program/nissa/uldren/project.overlay
[ojal:ro] [339/380] Building C object modules/ec/zephyr/CMakeFiles/ec_shim.dir/shim/src/hwtimer.c.obj
[lotso:rw] [133/387] Building C object zephyr/CMakeFiles/zephyr.dir/lib/os/assert.c.obj
[lotso:rw] [134/387] Building C object zephyr/CMakeFiles/zephyr.dir/lib/utils/hex.c.obj
[ojal:ro] [340/380] Building C object modules/ec/zephyr/CMakeFiles/ec_shim.dir/shim/src/thermal.c.obj
[yoda:ro] [12/361] Building C object CMakeFiles/app.dir/mnt/host/source/src/platform/ec/zephyr/subsys/ap_pwrseq/ap_events.c.obj
[ojal:ro] [341/380] Building C object modules/ec/zephyr/CMakeFiles/ec_shim.dir/shim/src/temp_sensors.c.obj
[ojal:ro] [342/380] Building C object modules/ec/zephyr/CMakeFiles/ec_shim.dir/shim/src/i2c.c.obj
[ojal:ro] [343/380] Building C object modules/ec/zephyr/CMakeFiles/ec_shim.dir/shim/src/watchdog.c.obj
[lotso:rw] [135/387] Building C object zephyr/CMakeFiles/zephyr.dir/lib/utils/timeutil.c.obj
[lotso:rw] [136/387] Building C object zephyr/CMakeFiles/zephyr.dir/lib/utils/bitmask.c.obj
[ojal:ro] [344/380] Building C object modules/ec/zephyr/CMakeFiles/ec_shim.dir/shim/src/tasks.c.obj
[lotso:rw] [137/387] Building C object zephyr/CMakeFiles/zephyr.dir/lib/utils/rb.c.obj
[ojal:ro] [345/380] Building C object zephyr/kernel/CMakeFiles/kernel.dir/main_weak.c.obj
[ojal:ro] [346/380] Building C object modules/ec/zephyr/CMakeFiles/ec_shim.dir/shim/src/power_host_sleep_api.c.obj
[lotso:rw] [138/387] Building C object zephyr/CMakeFiles/zephyr.dir/lib/utils/last_section_id.c.obj
[lotso:rw] [139/387] Building C object zephyr/CMakeFiles/zephyr.dir/lib/utils/ring_buffer.c.obj
[ojal:ro] [347/380] Building C object modules/ec/zephyr/CMakeFiles/ec_shim.dir/shim/src/sha256_hw.c.obj
[ojal:ro] [348/380] Building C object zephyr/kernel/CMakeFiles/kernel.dir/busy_wait.c.obj
[lotso:rw] [140/387] Building C object zephyr/CMakeFiles/zephyr.dir/lib/utils/bitarray.c.obj
[/mnt/host/source/src/platform/ec/build/zephyr/ocelotrvp-npcx-lcov]   /mnt/host/source/src/platform/ec/build/zephyr/ocelotrvp-npcx/build-rw/zephyr/CMakeFiles/zephyr.dir/subsys/shell/modules/kernel_service/kernel_shell.c.gcno:no functions found
[/mnt/host/source/src/platform/ec/build/zephyr/ocelotrvp-npcx-lcov] stderr:
[ojal:ro] [349/380] Building C object zephyr/kernel/CMakeFiles/kernel.dir/banner.c.obj
[ojal:ro] [350/380] Building C object zephyr/kernel/CMakeFiles/kernel.dir/device.c.obj
[lotso:rw] [141/387] Building C object zephyr/CMakeFiles/zephyr.dir/lib/utils/getopt/getopt.c.obj
[ojal:ro] [351/380] Building C object zephyr/kernel/CMakeFiles/kernel.dir/errno.c.obj
[ojal:ro] [352/380] Linking C static library modules/ec/zephyr/libec_shim.a
[lotso:rw] [142/387] Building C object zephyr/CMakeFiles/zephyr.dir/lib/utils/getopt/getopt_common.c.obj
[ojal:ro] [353/380] Building C object zephyr/kernel/CMakeFiles/kernel.dir/version.c.obj
[lotso:rw] [143/387] Building ASM object zephyr/CMakeFiles/zephyr.dir/soc/ite/ec/common/soc_irq.S.obj
[lotso:rw] [144/387] Building C object zephyr/CMakeFiles/zephyr.dir/misc/generated/configs.c.obj
[ojal:ro] [354/380] Building C object zephyr/kernel/CMakeFiles/kernel.dir/fatal.c.obj
[ojal:ro] [355/380] Building C object zephyr/kernel/CMakeFiles/kernel.dir/init.c.obj
[/mnt/host/source/src/platform/ec/build/zephyr/ocelotrvp-npcx-lcov]   /mnt/host/source/src/platform/ec/build/zephyr/ocelotrvp-npcx/build-rw/zephyr/CMakeFiles/zephyr.dir/lib/libc/validate_libc.c.gcno:no functions found
[/mnt/host/source/src/platform/ec/build/zephyr/ocelotrvp-npcx-lcov] stderr:
[yoda:ro] [13/361] Building C object CMakeFiles/app.dir/mnt/host/source/src/platform/ec/zephyr/subsys/pd_controller/pdc_pmc_debug.c.obj
[yoda:rw] [14/361] Building C object CMakeFiles/app.dir/mnt/host/source/src/platform/ec/zephyr/subsys/pd_controller/pdc_power_mgmt.c.obj
[ojal:ro] [356/380] Building C object zephyr/kernel/CMakeFiles/kernel.dir/mem_slab.c.obj
[ojal:ro] [357/380] Building C object zephyr/kernel/CMakeFiles/kernel.dir/float.c.obj
[ojal:ro] [358/380] Building C object zephyr/kernel/CMakeFiles/kernel.dir/kheap.c.obj
[ojal:ro] [359/380] Building C object zephyr/kernel/CMakeFiles/kernel.dir/idle.c.obj
[lotso:rw] [145/387] Building C object zephyr/CMakeFiles/zephyr.dir/soc/ite/ec/common/soc_common_irq.c.obj
[ojal:ro] [360/380] Building C object zephyr/kernel/CMakeFiles/kernel.dir/mailbox.c.obj
[lotso:rw] [146/387] Building C object zephyr/CMakeFiles/zephyr.dir/soc/ite/ec/common/power.c.obj
[lotso:rw] [147/387] Building C object zephyr/CMakeFiles/zephyr.dir/soc/ite/ec/it8xxx2/check_regs.c.obj
[lotso:rw] [148/387] Building C object zephyr/CMakeFiles/zephyr.dir/soc/ite/ec/common/policy.c.obj
[lotso:rw] [149/387] Building C object zephyr/CMakeFiles/zephyr.dir/soc/ite/ec/it8xxx2/soc.c.obj
[ojal:ro] [361/380] Building C object zephyr/kernel/CMakeFiles/kernel.dir/msg_q.c.obj
[lotso:rw] [150/387] Building ASM object zephyr/CMakeFiles/zephyr.dir/soc/ite/ec/it8xxx2/vector.S.obj
[ojal:ro] [362/380] Building C object zephyr/kernel/CMakeFiles/kernel.dir/queue.c.obj
[ojal:ro] [363/380] Building C object zephyr/kernel/CMakeFiles/kernel.dir/stack.c.obj
[ojal:ro] [364/380] Building C object zephyr/kernel/CMakeFiles/kernel.dir/mutex.c.obj
[ojal:ro] [365/380] Building C object zephyr/kernel/CMakeFiles/kernel.dir/system_work_q.c.obj
[ojal:ro] [366/380] Building C object zephyr/kernel/CMakeFiles/kernel.dir/sem.c.obj
[lotso:rw] [151/387] Building C object zephyr/CMakeFiles/zephyr.dir/subsys/pm/state.c.obj
[ojal:ro] [367/380] Building C object zephyr/kernel/CMakeFiles/kernel.dir/work.c.obj
[lotso:rw] [152/387] Building C object zephyr/CMakeFiles/zephyr.dir/soc/ite/ec/it8xxx2/ilm.c.obj
[ojal:ro] [368/380] Building C object zephyr/kernel/CMakeFiles/kernel.dir/condvar.c.obj
[lotso:rw] [153/387] Building C object zephyr/CMakeFiles/zephyr.dir/subsys/logging/log_minimal.c.obj
[lotso:rw] [154/387] Building C object zephyr/CMakeFiles/zephyr.dir/subsys/pm/pm.c.obj
[uldren:ro] -- Generated zephyr.dts: /mnt/host/source/src/platform/ec/build/zephyr/uldren/build-ro/zephyr/zephyr.dts
[uldren:ro] -- Generated pickled edt: /mnt/host/source/src/platform/ec/build/zephyr/uldren/build-ro/zephyr/edt.pickle
[yoda:rw] [15/361] Building C object CMakeFiles/app.dir/mnt/host/source/src/platform/ec/zephyr/subsys/pd_controller/pdc_console.c.obj
[lotso:rw] [155/387] Building C object zephyr/CMakeFiles/zephyr.dir/subsys/pm/policy/policy_events.c.obj
[ojal:ro] [369/380] Building C object zephyr/kernel/CMakeFiles/kernel.dir/thread.c.obj
[ojal:ro] [370/380] Building C object zephyr/kernel/CMakeFiles/kernel.dir/spinlock_validate.c.obj
[ojal:ro] [371/380] Building C object zephyr/kernel/CMakeFiles/kernel.dir/pipe.c.obj
[ojal:ro] [372/380] Building C object zephyr/kernel/CMakeFiles/kernel.dir/thread_monitor.c.obj
[ojal:ro] [373/380] Building C object zephyr/kernel/CMakeFiles/kernel.dir/sched.c.obj
[lotso:rw] [156/387] Building C object zephyr/CMakeFiles/zephyr.dir/subsys/pm/policy/policy_latency.c.obj
Running (initial) lcov on /mnt/host/source/src/platform/ec/build/zephyr/steelix.
[ojal:ro] [374/380] Building C object zephyr/kernel/CMakeFiles/kernel.dir/timeout.c.obj
[/mnt/host/source/src/platform/ec/build/zephyr/ocelotrvp-npcx-lcov]   /mnt/host/source/src/platform/ec/build/zephyr/ocelotrvp-npcx/build-rw/zephyr/CMakeFiles/zephyr.dir/lib/utils/last_section_id.c.gcno:no functions found
[/mnt/host/source/src/platform/ec/build/zephyr/ocelotrvp-npcx-lcov] stderr:
[lotso:rw] [157/387] Building C object zephyr/CMakeFiles/zephyr.dir/subsys/pm/policy/policy_state_lock.c.obj
[ojal:ro] [375/380] Building C object zephyr/kernel/CMakeFiles/kernel.dir/timer.c.obj
[uldren:ro] -- Generated devicetree_generated.h: /mnt/host/source/src/platform/ec/build/zephyr/uldren/build-ro/zephyr/include/generated/zephyr/devicetree_generated.h
[lotso:rw] [158/387] Building C object zephyr/CMakeFiles/zephyr.dir/subsys/pm/device.c.obj
[ojal:ro] [376/380] Building C object zephyr/kernel/CMakeFiles/kernel.dir/events.c.obj
[ojal:ro] [377/380] Building C object zephyr/kernel/CMakeFiles/kernel.dir/dynamic_disabled.c.obj
[yoda:ro] [14/361] Building C object CMakeFiles/app.dir/mnt/host/source/src/platform/ec/zephyr/subsys/pd_controller/pdc_power_mgmt.c.obj
[ojal:ro] [378/380] Building C object zephyr/kernel/CMakeFiles/kernel.dir/mempool.c.obj
Running (initial) lcov on /mnt/host/source/src/platform/ec/build/zephyr/pujjolo-ish.
[ojal:ro] [379/380] Building C object zephyr/kernel/CMakeFiles/kernel.dir/poll.c.obj
Running `env -i PYTHONPATH=/usr/lib64/python-exec/python3.11:/mnt/host/source/src/platform/ec/zephyr/zmake:/usr/lib/python311.zip:/usr/lib/python3.11:/usr/lib/python3.11/lib-dynload:/usr/lib/python3.11/site-packages PW_PIGWEED_CIPD_INSTALL_DIR=/usr CROSTC_USER_ACKNOWLEDGES_THAT_RISCV_IS_EXPERIMENTAL=1 PATH=/mnt/host/source/chromite/bin:/usr/local/bin:/usr/bin:/bin:/opt/bin:/mnt/host/source/chromite/sdk/bin:/mnt/host/source/chromite/bin HOME=/home/jpmurphy JAVA_HOME=/etc/java-config-2/current-system-vm JDK_HOME=/etc/java-config-2/current-system-vm JAVAC=/etc/java-config-2/current-system-vm/bin/javac MAKEFLAGS=' -j16 --jobserver-auth=5,6' /usr/bin/lcov --gcov-tool /mnt/host/source/src/platform/ec/build/zephyr/steelix/build-rw/gcov.sh -q -o - -c -d /mnt/host/source/src/platform/ec/build/zephyr/steelix -t steelix --rc branch_coverage=1 --filter range --ignore-errors inconsistent,source --ignore-errors gcov,gcov -i`
[lotso:rw] [159/387] Building C object zephyr/CMakeFiles/zephyr.dir/subsys/pm/device_runtime.c.obj
[ojal:ro] [380/380] Linking C static library zephyr/kernel/libkernel.a
[lotso:rw] [160/387] Building C object zephyr/CMakeFiles/zephyr.dir/subsys/pm/device_system_managed.c.obj
[lotso:rw] [161/387] Building C object zephyr/CMakeFiles/zephyr.dir/subsys/testsuite/coverage/coverage.c.obj
Running `env -i PYTHONPATH=/usr/lib64/python-exec/python3.11:/mnt/host/source/src/platform/ec/zephyr/zmake:/usr/lib/python311.zip:/usr/lib/python3.11:/usr/lib/python3.11/lib-dynload:/usr/lib/python3.11/site-packages PW_PIGWEED_CIPD_INSTALL_DIR=/usr CROSTC_USER_ACKNOWLEDGES_THAT_RISCV_IS_EXPERIMENTAL=1 PATH=/mnt/host/source/chromite/bin:/usr/local/bin:/usr/bin:/bin:/opt/bin:/mnt/host/source/chromite/sdk/bin:/mnt/host/source/chromite/bin HOME=/home/jpmurphy JAVA_HOME=/etc/java-config-2/current-system-vm JDK_HOME=/etc/java-config-2/current-system-vm JAVAC=/etc/java-config-2/current-system-vm/bin/javac MAKEFLAGS=' -j16 --jobserver-auth=5,6' /usr/bin/lcov --gcov-tool /mnt/host/source/src/platform/ec/build/zephyr/pujjolo-ish/build-singleimage/gcov.sh -q -o - -c -d /mnt/host/source/src/platform/ec/build/zephyr/pujjolo-ish -t pujjolo-ish --rc branch_coverage=1 --filter range --ignore-errors inconsistent,source --ignore-errors gcov,gcov -i`
[yoda:rw] [16/361] Building C object CMakeFiles/app.dir/mnt/host/source/src/platform/ec/zephyr/subsys/pd_controller/pdc_host_cmd.c.obj
[lotso:rw] [162/387] Building C object zephyr/CMakeFiles/zephyr.dir/subsys/tracing/tracing_none.c.obj
[lotso:rw] [163/387] Building C object zephyr/CMakeFiles/zephyr.dir/subsys/shell/modules/kernel_service/kernel_shell.c.obj
[lotso:rw] [164/387] Building C object zephyr/CMakeFiles/zephyr.dir/subsys/shell/modules/kernel_service/cycles.c.obj
[lotso:rw] [165/387] Building C object zephyr/CMakeFiles/zephyr.dir/subsys/shell/modules/kernel_service/uptime.c.obj
[lotso:rw] [166/387] Building C object zephyr/CMakeFiles/zephyr.dir/subsys/shell/modules/kernel_service/sleep.c.obj
[lotso:rw] [167/387] Building C object zephyr/CMakeFiles/zephyr.dir/subsys/shell/modules/kernel_service/version.c.obj
[lotso:rw] [168/387] Building C object zephyr/CMakeFiles/zephyr.dir/subsys/shell/modules/kernel_service/thread/thread.c.obj
[lotso:rw] [169/387] Building C object zephyr/CMakeFiles/zephyr.dir/subsys/shell/modules/kernel_service/thread/list.c.obj
[/mnt/host/source/src/platform/ec/build/zephyr/steelix-lcov] geninfo: WARNING: using JSON module "JSON::PP" - which is much slower than some alternatives.  Consider installing one of JSON::XS or Cpanel::JSON::XS
[yoda:ro] [15/361] Building C object CMakeFiles/app.dir/mnt/host/source/src/platform/ec/zephyr/subsys/pd_controller/pdc_host_cmd.c.obj
[lotso:rw] [170/387] Building C object zephyr/CMakeFiles/zephyr.dir/subsys/shell/modules/kernel_service/thread/stacks.c.obj
[/mnt/host/source/src/platform/ec/build/zephyr/pujjolo-ish-lcov] geninfo: WARNING: (format) invalid characters removed from testname
[lotso:rw] [171/387] Building C object zephyr/CMakeFiles/zephyr.dir/subsys/shell/modules/kernel_service/thread/unwind.c.obj
[yoda:ro] [16/361] Building C object CMakeFiles/app.dir/mnt/host/source/src/platform/ec/zephyr/subsys/pd_controller/pdc_console.c.obj
[lotso:rw] [172/387] Building C object zephyr/CMakeFiles/zephyr.dir/subsys/shell/modules/kernel_service/thread/resume.c.obj
[yoda:rw] [17/361] Building C object CMakeFiles/app.dir/mnt/host/source/src/platform/ec/zephyr/subsys/pd_controller/pdc_stub.c.obj
[lotso:rw] [173/387] Building C object zephyr/CMakeFiles/zephyr.dir/subsys/shell/modules/kernel_service/thread/suspend.c.obj
[lotso:rw] [174/387] Building C object zephyr/CMakeFiles/zephyr.dir/subsys/shell/modules/kernel_service/thread/kill.c.obj
[/mnt/host/source/src/platform/ec/build/zephyr/pujjolo-ish-lcov] 	(use "geninfo --ignore-errors format,format ..." to suppress this warning)
[/mnt/host/source/src/platform/ec/build/zephyr/pujjolo-ish-lcov] stderr:
[/mnt/host/source/src/platform/ec/build/zephyr/pujjolo-ish-lcov]   /mnt/host/source/src/platform/ec/build/zephyr/pujjolo-ish/build-singleimage/modules/pigweed/pw_log_zephyr/CMakeFiles/pw_log_zephyr.dir/log_zephyr.cc.gcno:no functions found
[/mnt/host/source/src/platform/ec/build/zephyr/pujjolo-ish-lcov] geninfo: WARNING: using JSON module "JSON::PP" - which is much slower than some alternatives.  Consider installing one of JSON::XS or Cpanel::JSON::XS
[lotso:rw] [175/387] Building C object zephyr/CMakeFiles/zephyr.dir/subsys/shell/shell_fprintf.c.obj
[lotso:rw] [176/387] Building C object zephyr/CMakeFiles/zephyr.dir/subsys/shell/shell_utils.c.obj
[lotso:rw] [177/387] Building C object zephyr/CMakeFiles/zephyr.dir/subsys/shell/backends/shell_uart.c.obj
[/mnt/host/source/src/platform/ec/build/zephyr/steelix-lcov] stderr:
[lotso:rw] [178/387] Building C object zephyr/CMakeFiles/zephyr.dir/subsys/shell/shell_help.c.obj
[yoda:ro] [17/361] Building C object CMakeFiles/app.dir/mnt/host/source/src/platform/ec/zephyr/subsys/pd_controller/pdc_stub.c.obj
[lotso:rw] [179/387] Building C object zephyr/CMakeFiles/zephyr.dir/subsys/shell/shell_ops.c.obj
[lotso:rw] [180/387] Building C object zephyr/CMakeFiles/zephyr.dir/subsys/shell/shell_history.c.obj
[lotso:rw] [181/387] Building C object zephyr/arch/common/CMakeFiles/arch__common.dir/sw_isr_common.c.obj
[lotso:rw] [182/387] Building C object zephyr/CMakeFiles/zephyr.dir/subsys/shell/shell.c.obj
[lotso:rw] [183/387] Building C object zephyr/CMakeFiles/zephyr.dir/drivers/flash/flash_util.c.obj
[lotso:rw] [184/387] Building C object zephyr/arch/common/CMakeFiles/arch__common.dir/init.c.obj
[lotso:rw] [185/387] Building C object zephyr/arch/common/CMakeFiles/arch__common.dir/dynamic_isr.c.obj
[yoda:ro] [18/361] Building C object CMakeFiles/app.dir/mnt/host/source/src/platform/ec/zephyr/subsys/pd_controller/pdc_dpm.c.obj
[yoda:rw] [18/361] Building C object CMakeFiles/app.dir/mnt/host/source/src/platform/ec/zephyr/subsys/pd_controller/pdc_dpm.c.obj
[lotso:rw] [186/387] Linking C static library zephyr/libzephyr.a
[lotso:rw] [187/387] Building C object zephyr/arch/common/CMakeFiles/isr_tables.dir/isr_tables.c.obj
[lotso:rw] [188/387] Building C object zephyr/arch/arch/riscv/core/CMakeFiles/arch__riscv__core.dir/prep_c.c.obj
[/mnt/host/source/src/platform/ec/build/zephyr/steelix-lcov]   /mnt/host/source/src/platform/ec/build/zephyr/steelix/build-ro/modules/ec/zephyr/CMakeFiles/ec_shim.dir/shim/src/power.c.gcno:no functions found
[/mnt/host/source/src/platform/ec/build/zephyr/steelix-lcov] stderr:
[lotso:rw] [189/387] Linking C static library zephyr/arch/common/libisr_tables.a
[lotso:rw] [190/387] Building C object zephyr/arch/common/CMakeFiles/arch__common.dir/xip.c.obj
[lotso:rw] [191/387] Linking C static library zephyr/arch/common/libarch__common.a
[lotso:rw] [192/387] Building C object zephyr/arch/arch/riscv/core/CMakeFiles/arch__riscv__core.dir/cpu_idle.c.obj
[lotso:rw] [193/387] Generating ../../../include/generated/libc/minimal/strerror_table.h
[lotso:rw] [194/387] Building C object zephyr/arch/arch/riscv/core/CMakeFiles/arch__riscv__core.dir/irq_manage.c.obj
[/mnt/host/source/src/platform/ec/build/zephyr/ocelotrvp-npcx-lcov]   /mnt/host/source/src/platform/ec/build/zephyr/ocelotrvp-npcx/build-rw/zephyr/CMakeFiles/zephyr.dir/soc/nuvoton/npcx/common/npcxn/registers.c.gcno:no functions found
[/mnt/host/source/src/platform/ec/build/zephyr/ocelotrvp-npcx-lcov] stderr:
[/mnt/host/source/src/platform/ec/build/zephyr/steelix-lcov]   /mnt/host/source/src/platform/ec/build/zephyr/steelix/build-ro/modules/ec/zephyr/CMakeFiles/ec_shim.dir/shim/src/battery.c.gcno:no functions found
[/mnt/host/source/src/platform/ec/build/zephyr/steelix-lcov] stderr:
[lotso:rw] [195/387] Building C object zephyr/arch/arch/riscv/core/CMakeFiles/arch__riscv__core.dir/fatal.c.obj
[lotso:rw] [196/387] Building C object zephyr/lib/libc/minimal/CMakeFiles/lib__libc__minimal.dir/source/stdlib/atoi.c.obj
[yoda:ro] [19/361] Building C object CMakeFiles/app.dir/mnt/host/source/src/platform/ec/zephyr/subsys/ucsi/ppm_common.c.obj
[/mnt/host/source/src/platform/ec/build/zephyr/steelix-lcov]   /mnt/host/source/src/platform/ec/build/zephyr/steelix/build-ro/modules/ec/zephyr/CMakeFiles/ec_shim.dir/shim/src/charger.c.gcno:no functions found
[/mnt/host/source/src/platform/ec/build/zephyr/steelix-lcov] stderr:
[lotso:rw] [197/387] Building C object zephyr/arch/arch/riscv/core/CMakeFiles/arch__riscv__core.dir/reboot.c.obj
[lotso:rw] [198/387] Building C object zephyr/lib/libc/minimal/CMakeFiles/lib__libc__minimal.dir/source/stdlib/strtol.c.obj
[lotso:rw] [199/387] Building ASM object zephyr/arch/arch/riscv/core/CMakeFiles/arch__riscv__core.dir/reset.S.obj
[lotso:rw] [200/387] Building ASM object zephyr/arch/arch/riscv/core/CMakeFiles/arch__riscv__core.dir/switch.S.obj
[lotso:rw] [201/387] Building C object zephyr/lib/libc/minimal/CMakeFiles/lib__libc__minimal.dir/source/stdlib/strtoul.c.obj
[lotso:rw] [202/387] Building C object zephyr/lib/libc/minimal/CMakeFiles/lib__libc__minimal.dir/source/stdlib/strtoll.c.obj
[lotso:rw] [203/387] Building ASM object zephyr/arch/arch/riscv/core/CMakeFiles/arch__riscv__core.dir/isr.S.obj
[lotso:rw] [204/387] Building C object zephyr/lib/libc/minimal/CMakeFiles/lib__libc__minimal.dir/source/stdlib/bsearch.c.obj
[lotso:rw] [205/387] Building C object zephyr/lib/libc/minimal/CMakeFiles/lib__libc__minimal.dir/source/stdlib/strtoull.c.obj
[lotso:rw] [206/387] Building C object zephyr/arch/arch/riscv/core/CMakeFiles/arch__riscv__core.dir/thread.c.obj
[lotso:rw] [207/387] Building C object zephyr/lib/libc/minimal/CMakeFiles/lib__libc__minimal.dir/source/string/strncasecmp.c.obj
[lotso:rw] [208/387] Building C object zephyr/lib/libc/minimal/CMakeFiles/lib__libc__minimal.dir/source/string/strspn.c.obj
[lotso:rw] [209/387] Building C object zephyr/lib/libc/minimal/CMakeFiles/lib__libc__minimal.dir/source/string/strstr.c.obj
[lotso:rw] [210/387] Building C object zephyr/lib/libc/minimal/CMakeFiles/lib__libc__minimal.dir/source/stdlib/qsort.c.obj
[lotso:rw] [211/387] Building C object zephyr/lib/libc/minimal/CMakeFiles/lib__libc__minimal.dir/source/string/string.c.obj
[yoda:ro] [20/361] Building C object CMakeFiles/app.dir/mnt/host/source/src/platform/ec/zephyr/subsys/ucsi/ppm_console.c.obj
[lotso:rw] [212/387] Building C object zephyr/arch/arch/riscv/core/CMakeFiles/arch__riscv__core.dir/stacktrace.c.obj
[lotso:rw] [213/387] Building C object zephyr/lib/libc/minimal/CMakeFiles/lib__libc__minimal.dir/source/string/strerror.c.obj
[yoda:rw] [19/361] Building C object CMakeFiles/app.dir/mnt/host/source/src/platform/ec/zephyr/subsys/ucsi/ppm_common.c.obj
[lotso:rw] [214/387] Linking C static library zephyr/arch/arch/riscv/core/libarch__riscv__core.a
[lotso:rw] [215/387] Building C object zephyr/lib/libc/minimal/CMakeFiles/lib__libc__minimal.dir/source/math/sqrtf.c.obj
[/mnt/host/source/src/platform/ec/build/zephyr/steelix-lcov]   /mnt/host/source/src/platform/ec/build/zephyr/steelix/build-ro/modules/ec/zephyr/CMakeFiles/ec_shim.dir/shim/src/usb_muxes.c.gcno:no functions found
[/mnt/host/source/src/platform/ec/build/zephyr/steelix-lcov] stderr:
[lotso:rw] [216/387] Building C object zephyr/lib/libc/minimal/CMakeFiles/lib__libc__minimal.dir/source/math/sqrt.c.obj
[lotso:rw] [217/387] Building C object zephyr/lib/libc/minimal/CMakeFiles/lib__libc__minimal.dir/source/stdlib/exit.c.obj
[lotso:rw] [218/387] Building C object zephyr/lib/libc/common/CMakeFiles/lib__libc__common.dir/source/time/asctime.c.obj
[lotso:rw] [219/387] Building C object zephyr/lib/libc/common/CMakeFiles/lib__libc__common.dir/source/time/gmtime_r.c.obj
[lotso:rw] [220/387] Building C object zephyr/lib/libc/minimal/CMakeFiles/lib__libc__minimal.dir/source/stdout/fprintf.c.obj
[lotso:rw] [221/387] Building C object zephyr/lib/libc/minimal/CMakeFiles/lib__libc__minimal.dir/source/stdout/sprintf.c.obj
[lotso:rw] [222/387] Building C object zephyr/lib/libc/common/CMakeFiles/lib__libc__common.dir/source/time/localtime_r_utc.c.obj
[lotso:rw] [223/387] Building C object zephyr/lib/libc/minimal/CMakeFiles/lib__libc__minimal.dir/source/stdout/stdout_console.c.obj
[lotso:rw] [224/387] Building C object zephyr/lib/libc/common/CMakeFiles/lib__libc__common.dir/source/time/ctime.c.obj
[lotso:rw] [225/387] Building C object zephyr/lib/libc/common/CMakeFiles/lib__libc__common.dir/source/time/time.c.obj
[lotso:rw] [226/387] Building C object zephyr/lib/libc/common/CMakeFiles/lib__libc__common.dir/source/stdlib/abort.c.obj
[yoda:ro] [21/361] Building C object CMakeFiles/app.dir/mnt/host/source/src/platform/ec/zephyr/subsys/ucsi/ppm_driver.c.obj
[lotso:rw] [227/387] Building C object zephyr/lib/libc/common/CMakeFiles/lib__libc__common.dir/source/string/strnlen.c.obj
[lotso:rw] [228/387] Building C object zephyr/lib/libc/minimal/CMakeFiles/lib__libc__minimal.dir/source/time/gmtime.c.obj
[/mnt/host/source/src/platform/ec/build/zephyr/steelix-lcov]   /mnt/host/source/src/platform/ec/build/zephyr/steelix/build-ro/modules/ec/zephyr/CMakeFiles/ec_shim.dir/shim/src/usba.c.gcno:no functions found
[/mnt/host/source/src/platform/ec/build/zephyr/steelix-lcov] stderr:
[lotso:rw] [229/387] Building C object zephyr/subsys/crc/CMakeFiles/subsys__crc.dir/crc4_sw.c.obj
[lotso:rw] [230/387] Linking C static library zephyr/lib/libc/minimal/liblib__libc__minimal.a
[uldren:ro] warning: PLATFORM_EC_LED_COMMON (defined at /mnt/host/source/src/platform/ec/zephyr/Kconfig.led:5)
[uldren:ro] was assigned the value 'y' but got the value 'n'. Check these unsatisfied dependencies:
[uldren:ro] (!PLATFORM_EC_LED_DT) (=n). See
[uldren:ro] http://docs.zephyrproject.org/latest/kconfig.html#CONFIG_PLATFORM_EC_LED_COMMON and/or look up
[uldren:ro] PLATFORM_EC_LED_COMMON in the menuconfig/guiconfig interface. The Application Development Primer,
[uldren:ro] Setting Configuration Values, and Kconfig - Tips and Best Practices sections of the manual might be
[uldren:ro] helpful too.
[lotso:rw] [231/387] Building C object zephyr/subsys/crc/CMakeFiles/subsys__crc.dir/crc16_sw.c.obj
[uldren:ro] warning: PLATFORM_EC_LED_ONOFF_STATES (defined at
[uldren:ro] /mnt/host/source/src/platform/ec/zephyr/Kconfig.led:157) was assigned the value 'y' but got the
[uldren:ro] value 'n'. Check these unsatisfied dependencies: PLATFORM_EC_LED_COMMON (=n). See
[uldren:ro] http://docs.zephyrproject.org/latest/kconfig.html#CONFIG_PLATFORM_EC_LED_ONOFF_STATES and/or look up
[uldren:ro] PLATFORM_EC_LED_ONOFF_STATES in the menuconfig/guiconfig interface. The Application Development
[uldren:ro] Primer, Setting Configuration Values, and Kconfig - Tips and Best Practices sections of the manual
[uldren:ro] might be helpful too.
[lotso:rw] [232/387] Building C object zephyr/lib/posix/c_lib_ext/CMakeFiles/lib__posix__c_lib_ext.dir/fnmatch.c.obj
[uldren:ro] warning: Deprecated symbol I2C_ALLOW_NO_STOP_TRANSACTIONS is enabled.
[lotso:rw] [233/387] Building C object zephyr/subsys/crc/CMakeFiles/subsys__crc.dir/crc8_sw.c.obj
[lotso:rw] [234/387] Building C object zephyr/subsys/crc/CMakeFiles/subsys__crc.dir/crc7_sw.c.obj
[yoda:ro] [22/361] Building C object CMakeFiles/app.dir/mnt/host/source/src/platform/ec/zephyr/subsys/ucsi/ucsi_host_cmd.c.obj
[lotso:rw] [235/387] Building C object zephyr/subsys/crc/CMakeFiles/subsys__crc.dir/crc32_sw.c.obj
[lotso:rw] [236/387] Building C object zephyr/subsys/crc/CMakeFiles/subsys__crc.dir/crc32c_sw.c.obj
[lotso:rw] [237/387] Building C object zephyr/subsys/crc/CMakeFiles/subsys__crc.dir/crc24_sw.c.obj
[yoda:rw] [20/361] Building C object CMakeFiles/app.dir/mnt/host/source/src/platform/ec/zephyr/subsys/ucsi/ppm_console.c.obj
[lotso:rw] [238/387] Building C object zephyr/subsys/crc/CMakeFiles/subsys__crc.dir/crc32k_4_2_sw.c.obj
[lotso:rw] [239/387] Building C object zephyr/lib/libc/common/CMakeFiles/lib__libc__common.dir/source/stdlib/malloc.c.obj
[/mnt/host/source/src/platform/ec/build/zephyr/steelix-lcov]   /mnt/host/source/src/platform/ec/build/zephyr/steelix/build-ro/modules/ec/zephyr/CMakeFiles/ec_shim.dir/shim/src/keyscan.c.gcno:no functions found
[/mnt/host/source/src/platform/ec/build/zephyr/steelix-lcov] stderr:
[lotso:rw] [240/387] Linking C static library zephyr/subsys/crc/libsubsys__crc.a
[lotso:rw] [241/387] Linking C static library zephyr/lib/libc/common/liblib__libc__common.a
[lotso:rw] [242/387] Building C object zephyr/lib/posix/c_lib_ext/CMakeFiles/lib__posix__c_lib_ext.dir/getentropy.c.obj
[/mnt/host/source/src/platform/ec/build/zephyr/pujjolo-ish-lcov] stderr:
[/mnt/host/source/src/platform/ec/build/zephyr/pujjolo-ish-lcov]   /mnt/host/source/src/platform/ec/build/zephyr/pujjolo-ish/build-singleimage/modules/ec/zephyr/drivers/pw_transport/CMakeFiles/pw_transport.proto.nanopb.dir/pw_transport.proto/nanopb/pw_transport/proto/transport.pb.c.gcno:no functions found
[/mnt/host/source/src/platform/ec/build/zephyr/pujjolo-ish-lcov] stderr:
[lotso:rw] [243/387] Building C object zephyr/lib/posix/c_lib_ext/CMakeFiles/lib__posix__c_lib_ext.dir/getopt_shim.c.obj
[lotso:rw] [244/387] Building C object zephyr/subsys/input/CMakeFiles/subsys__input.dir/input_hid.c.obj
[lotso:rw] [245/387] Linking C static library zephyr/lib/posix/c_lib_ext/liblib__posix__c_lib_ext.a
[lotso:rw] [246/387] Building C object zephyr/lib/smf/CMakeFiles/lib__smf.dir/smf.c.obj
[lotso:rw] [247/387] Linking C static library zephyr/lib/smf/liblib__smf.a
[uldren:ro] Parsing /mnt/host/source/src/platform/ec/zephyr/program/nissa/Kconfig
[yoda:ro] [23/361] Building C object CMakeFiles/app.dir/mnt/host/source/src/platform/ec/build/zephyr/yoda/modules/ec/builtin/stdlib.c.obj
[lotso:rw] [248/387] Building C object zephyr/subsys/input/CMakeFiles/subsys__input.dir/input.c.obj
[yoda:ro] [24/361] Building C object CMakeFiles/app.dir/mnt/host/source/src/platform/ec/build/zephyr/yoda/modules/ec/common/base32.c.obj
[lotso:rw] [249/387] Building C object zephyr/subsys/input/CMakeFiles/subsys__input.dir/input_utils.c.obj
[lotso:rw] [250/387] Linking C static library zephyr/subsys/input/libsubsys__input.a
[lotso:rw] [251/387] Building C object zephyr/drivers/interrupt_controller/CMakeFiles/drivers__interrupt_controller.dir/intc_ite_it8xxx2_v2.c.obj
[lotso:rw] [252/387] Building C object zephyr/drivers/interrupt_controller/CMakeFiles/drivers__interrupt_controller.dir/wuc_ite_it8xxx2.c.obj
[lotso:rw] [253/387] Building C object zephyr/drivers/adc/CMakeFiles/drivers__adc.dir/adc_common.c.obj
[lotso:rw] [254/387] Building C object zephyr/drivers/console/CMakeFiles/drivers__console.dir/uart_console.c.obj
[lotso:rw] [255/387] Linking C static library zephyr/drivers/interrupt_controller/libdrivers__interrupt_controller.a
[lotso:rw] [256/387] Linking C static library zephyr/drivers/console/libdrivers__console.a
[lotso:rw] [257/387] Building C object zephyr/drivers/crypto/CMakeFiles/drivers__crypto.dir/crypto_it8xxx2_sha_v2.c.obj
[lotso:rw] [258/387] Building C object zephyr/drivers/bbram/CMakeFiles/drivers__bbram.dir/bbram_it8xxx2.c.obj
[lotso:rw] [259/387] Building C object zephyr/drivers/adc/CMakeFiles/drivers__adc.dir/adc_ite_it8xxx2.c.obj
[lotso:rw] [260/387] Linking C static library zephyr/drivers/crypto/libdrivers__crypto.a
[lotso:rw] [261/387] Linking C static library zephyr/drivers/bbram/libdrivers__bbram.a
[lotso:rw] [262/387] Linking C static library zephyr/drivers/adc/libdrivers__adc.a
[yoda:rw] [21/361] Building C object CMakeFiles/app.dir/mnt/host/source/src/platform/ec/zephyr/subsys/ucsi/ppm_driver.c.obj
[uldren:ro] Loaded configuration '/mnt/host/source/src/platform/ec/zephyr/boards/google/npcx9/npcx9_npcx9m3f_defconfig'
[uldren:ro] Merged configuration '/mnt/host/source/src/platform/ec/zephyr/program/nissa/program.conf'
[uldren:ro] Merged configuration '/mnt/host/source/src/platform/ec/zephyr/program/nissa/npcx_program.conf'
[uldren:ro] Merged configuration '/mnt/host/source/src/platform/ec/zephyr/program/nissa/uldren/project.conf'
[uldren:ro] Merged configuration '/mnt/host/source/src/platform/ec/build/zephyr/uldren/kconfig-ro.conf'
[uldren:ro] Configuration saved to '/mnt/host/source/src/platform/ec/build/zephyr/uldren/build-ro/zephyr/.config'
[uldren:ro] Kconfig header saved to '/mnt/host/source/src/platform/ec/build/zephyr/uldren/build-ro/zephyr/include/generated/zephyr/autoconf.h'
[uldren:ro] -- Found GnuLd: /home/jpmurphy/.cache/coreboot-sdk/arm-eabi/ea40ddd1d190c3b48435c474c0b545719371813a/arm-eabi/bin/ld.bfd (found version "2.43.1")
[yoda:ro] [25/361] Building C object CMakeFiles/app.dir/mnt/host/source/src/platform/ec/build/zephyr/yoda/modules/ec/common/console_output.c.obj
[uldren:ro] -- The C compiler identification is GNU 14.2.0
[yoda:ro] [26/361] Building C object CMakeFiles/app.dir/mnt/host/source/src/platform/ec/build/zephyr/yoda/modules/ec/common/ec_features.c.obj
[lotso:rw] [263/387] Building C object zephyr/drivers/i2c/CMakeFiles/drivers__i2c.dir/i2c_bitbang.c.obj
[lotso:rw] [264/387] Building C object zephyr/drivers/i2c/CMakeFiles/drivers__i2c.dir/i2c_common.c.obj
[lotso:rw] [265/387] Building C object zephyr/drivers/espi/CMakeFiles/drivers__espi.dir/espi_it8xxx2.c.obj
[lotso:rw] [266/387] Linking C static library zephyr/drivers/espi/libdrivers__espi.a
[lotso:rw] [267/387] Building C object zephyr/drivers/flash/CMakeFiles/drivers__flash.dir/flash_ite_it8xxx2.c.obj
[lotso:rw] [268/387] Building C object zephyr/drivers/i2c/CMakeFiles/drivers__i2c.dir/i2c_shell.c.obj
[lotso:rw] [269/387] Linking C static library zephyr/drivers/flash/libdrivers__flash.a
[uldren:ro] -- The CXX compiler identification is GNU 14.2.0
[lotso:rw] [270/387] Building C object zephyr/drivers/input/CMakeFiles/drivers__input.dir/input_ite_it8xxx2_kbd.c.obj
[uldren:ro] -- The ASM compiler identification is GNU
[lotso:rw] [271/387] Building C object zephyr/drivers/sensor/CMakeFiles/drivers__sensor.dir/mnt/host/source/src/third_party/zephyr/main/misc/empty_file.c.obj
[uldren:ro] CMake Warning at /mnt/host/source/src/platform/ec/zephyr/cmake/linker/ld/linker_libraries.cmake:11 (message):
[uldren:ro]   Disabling c_library
[uldren:ro] Call Stack (most recent call first):
[uldren:ro]   /mnt/host/source/src/third_party/zephyr/main/cmake/target_toolchain_flags.cmake:48 (include)
[uldren:ro]   /mnt/host/source/src/third_party/zephyr/main/cmake/modules/kernel.cmake:153 (include)
[uldren:ro]   /mnt/host/source/src/third_party/zephyr/main/cmake/modules/zephyr_default.cmake:138 (include)
[uldren:ro]   /mnt/host/source/src/third_party/zephyr/main/share/zephyr-package/cmake/ZephyrConfig.cmake:66 (include)
[uldren:ro]   /mnt/host/source/src/third_party/zephyr/main/share/zephyr-package/cmake/ZephyrConfig.cmake:97 (include_boilerplate)
[uldren:ro]   CMakeLists.txt:7 (find_package)
[lotso:rw] [272/387] Linking C static library zephyr/drivers/sensor/libdrivers__sensor.a
[lotso:rw] [273/387] Building C object zephyr/drivers/input/CMakeFiles/drivers__input.dir/input_kbd_matrix.c.obj
[lotso:rw] [274/387] Linking C static library zephyr/drivers/input/libdrivers__input.a
[lotso:rw] [275/387] Building C object zephyr/drivers/i2c/CMakeFiles/drivers__i2c.dir/i2c_ite_enhance.c.obj
[/mnt/host/source/src/platform/ec/build/zephyr/ocelotrvp-npcx-lcov]   /mnt/host/source/src/platform/ec/build/zephyr/ocelotrvp-npcx/build-rw/zephyr/kernel/CMakeFiles/kernel.dir/errno.c.gcno:no functions found
[/mnt/host/source/src/platform/ec/build/zephyr/ocelotrvp-npcx-lcov] stderr:
[yoda:rw] [22/361] Building C object CMakeFiles/app.dir/mnt/host/source/src/platform/ec/zephyr/subsys/ucsi/ucsi_host_cmd.c.obj
[lotso:rw] [276/387] Linking C static library zephyr/drivers/i2c/libdrivers__i2c.a
[lotso:rw] [277/387] Building C object zephyr/drivers/pinctrl/CMakeFiles/drivers__pinctrl.dir/common.c.obj
[lotso:rw] [278/387] Building C object zephyr/drivers/gpio/CMakeFiles/drivers__gpio.dir/gpio_ite_it8xxx2_v2.c.obj
[lotso:rw] [279/387] Linking C static library zephyr/drivers/gpio/libdrivers__gpio.a
[yoda:ro] [27/361] Building C object CMakeFiles/app.dir/mnt/host/source/src/platform/ec/build/zephyr/yoda/modules/ec/common/gpio_commands.c.obj
[lotso:rw] [280/387] Building C object zephyr/drivers/pwm/CMakeFiles/drivers__pwm.dir/pwm_ite_it8xxx2.c.obj
[lotso:rw] [281/387] Building C object zephyr/drivers/pinctrl/CMakeFiles/drivers__pinctrl.dir/pinctrl_ite_it8xxx2.c.obj
[lotso:rw] [282/387] Building C object zephyr/drivers/pwm/CMakeFiles/drivers__pwm.dir/pwm_shell.c.obj
[lotso:rw] [283/387] Linking C static library zephyr/drivers/pinctrl/libdrivers__pinctrl.a
[yoda:ro] [28/361] Building C object CMakeFiles/app.dir/mnt/host/source/src/platform/ec/build/zephyr/yoda/modules/ec/common/peripheral.c.obj
[lotso:rw] [284/387] Linking C static library zephyr/drivers/pwm/libdrivers__pwm.a
[uldren:ro] -- Found assembler: /home/jpmurphy/.cache/coreboot-sdk/arm-eabi/ea40ddd1d190c3b48435c474c0b545719371813a/bin/arm-eabi-gcc
[uldren:ro] -- Performing EC specific devicetree checks
[lotso:rw] [285/387] Building C object zephyr/drivers/sensor/ite/ite_tach_it8xxx2/CMakeFiles/drivers__sensor__ite__ite_tach_it8xxx2.dir/tach_ite_it8xxx2.c.obj
[lotso:rw] [286/387] Linking C static library zephyr/drivers/sensor/ite/ite_tach_it8xxx2/libdrivers__sensor__ite__ite_tach_it8xxx2.a
[uldren:ro] INFO: Verified 54 GPIOs, no duplicates found
[uldren:ro] INFO: Verified 22 '*-gpios' properties, all flags match.
[uldren:ro] INFO: Skipped 18 named-gpios children.
[lotso:rw] [287/387] Building C object zephyr/drivers/serial/CMakeFiles/drivers__serial.dir/uart_ite_it8xxx2.c.obj
[lotso:rw] [288/387] Building C object zephyr/drivers/timer/CMakeFiles/drivers__timer.dir/sys_clock_init.c.obj
[lotso:rw] [289/387] Building C object zephyr/drivers/sensor/ite/ite_vcmp_it8xxx2/CMakeFiles/drivers__sensor__ite__ite_vcmp_it8xxx2.dir/vcmp_ite_it8xxx2.c.obj
[yoda:rw] [23/361] Building C object CMakeFiles/app.dir/mnt/host/source/src/platform/ec/build/zephyr/yoda/modules/ec/builtin/stdlib.c.obj
[lotso:rw] [290/387] Linking C static library zephyr/drivers/sensor/ite/ite_vcmp_it8xxx2/libdrivers__sensor__ite__ite_vcmp_it8xxx2.a
[lotso:rw] [291/387] Building C object zephyr/drivers/serial/CMakeFiles/drivers__serial.dir/uart_ns16550.c.obj
[lotso:rw] [292/387] Building C object zephyr/drivers/timer/CMakeFiles/drivers__timer.dir/ite_it8xxx2_timer.c.obj
[/mnt/host/source/src/platform/ec/build/zephyr/steelix-lcov]   /mnt/host/source/src/platform/ec/build/zephyr/steelix/build-ro/modules/ec/zephyr/CMakeFiles/ec_shim.dir/shim/src/bc12.c.gcno:no functions found
[/mnt/host/source/src/platform/ec/build/zephyr/steelix-lcov] stderr:
[lotso:rw] [293/387] Building C object zephyr/drivers/watchdog/CMakeFiles/drivers__watchdog.dir/wdt_ite_it8xxx2.c.obj
[uldren:ro] -- Generating component manifest file
[lotso:rw] [294/387] Linking C static library zephyr/drivers/serial/libdrivers__serial.a
[lotso:rw] [295/387] Linking C static library zephyr/drivers/timer/libdrivers__timer.a
[yoda:ro] [29/361] Building C object CMakeFiles/app.dir/mnt/host/source/src/platform/ec/build/zephyr/yoda/modules/ec/common/printf.c.obj
[lotso:rw] [296/387] Building C object zephyr/drivers/watchdog/CMakeFiles/drivers__watchdog.dir/wdt_shell.c.obj
[/mnt/host/source/src/platform/ec/build/zephyr/ocelotrvp-npcx-lcov]   /mnt/host/source/src/platform/ec/build/zephyr/ocelotrvp-npcx/build-rw/zephyr/lib/libc/picolibc/CMakeFiles/lib__libc__picolibc.dir/errno_wrap.c.gcno:no functions found
[/mnt/host/source/src/platform/ec/build/zephyr/ocelotrvp-npcx-lcov] stderr:
[uldren:ro] INFO: Running CME, outputting to /mnt/host/source/src/platform/ec/build/zephyr/uldren/build-ro/zephyr/component_manifest.json
[uldren:ro] INFO: Project uldren does not support SSFC
[uldren:ro] INFO: Component virtual-mux-0(cros-ec,usbc-mux-virtual) not on I2C bus, skip it
[uldren:ro] INFO: Component virtual-mux-1(cros-ec,usbc-mux-virtual) not on I2C bus, skip it
[uldren:ro] INFO: Component virtual-mux-1(cros-ec,usbc-mux-virtual) not on I2C bus, skip it
[lotso:rw] [297/387] Linking C static library zephyr/drivers/watchdog/libdrivers__watchdog.a
[uldren:ro] -- warning_base_override: -Wall;-Wformat;-Wformat-security;-Wformat;-Wno-format-zero-length;-Wno-pointer-sign;-Wpointer-arith;-Wexpansion-to-defined
[yoda:ro] [30/361] Building C object CMakeFiles/app.dir/mnt/host/source/src/platform/ec/build/zephyr/yoda/modules/ec/common/queue.c.obj
[lotso:rw] [298/387] Building C object modules/ec/zephyr/CMakeFiles/ec_shim.dir/app/ec/main_shim.c.obj
[lotso:rw] [299/387] Building C object modules/ec/zephyr/CMakeFiles/ec_shim.dir/app/ec/ec_app_main.c.obj
[lotso:rw] [300/387] Building C object modules/ec/zephyr/CMakeFiles/ec_shim.dir/drivers/keyboard_input/keyboard_customization_check.c.obj
[lotso:rw] [301/387] Building C object modules/ec/zephyr/CMakeFiles/ec_shim.dir/app/ec/chip/riscv/riscv-ite/it8xxx2-espi.c.obj
[uldren:ro] -- Found gen_kobject_list: /mnt/host/source/src/third_party/zephyr/main/scripts/build/gen_kobject_list.py
[lotso:rw] [302/387] Building C object modules/ec/zephyr/CMakeFiles/ec_shim.dir/drivers/cros_kblight/pwm_kblight.c.obj
[yoda:rw] [24/361] Building C object CMakeFiles/app.dir/mnt/host/source/src/platform/ec/build/zephyr/yoda/modules/ec/common/base32.c.obj
[lotso:rw] [303/387] Building C object modules/ec/zephyr/CMakeFiles/ec_shim.dir/drivers/cros_flash/cros_flash_it8xxx2.c.obj
[lotso:rw] [304/387] Building C object modules/ec/zephyr/CMakeFiles/ec_shim.dir/drivers/cros_system/cros_system_it8xxx2.c.obj
[lotso:rw] [305/387] Building C object modules/ec/zephyr/CMakeFiles/ec_shim.dir/drivers/keyboard_input/keyboard_input.c.obj
[uldren:ro] -- Configuring done (15.6s)
[lotso:rw] [306/387] Building C object modules/ec/zephyr/CMakeFiles/ec_shim.dir/drivers/hibernate/hibernate_z5.c.obj
[lotso:rw] [307/387] Building C object modules/ec/zephyr/CMakeFiles/ec_shim.dir/drivers/usbc/ucsi_v3.c.obj
[yoda:ro] [31/361] Building C object CMakeFiles/app.dir/mnt/host/source/src/platform/ec/build/zephyr/yoda/modules/ec/common/system.c.obj
[yoda:ro] [32/361] Building C object CMakeFiles/app.dir/mnt/host/source/src/platform/ec/build/zephyr/yoda/modules/ec/common/system_boot_time.c.obj
[lotso:rw] [308/387] Building C object modules/ec/zephyr/CMakeFiles/ec_shim.dir/drivers/keyboard_input/col_gpio_drive.c.obj
[uldren:ro] -- Generating done (0.5s)
[uldren:ro] CMake Warning:
[uldren:ro] -- Build files have been written to: /mnt/host/source/src/platform/ec/build/zephyr/uldren/build-ro
[lotso:rw] [309/387] Building C object modules/ec/zephyr/CMakeFiles/ec_shim.dir/drivers/boot_keys/boot_keys.c.obj
[lotso:rw] [310/387] Building C object modules/ec/zephyr/CMakeFiles/ec_shim.dir/drivers/vivaldi_kbd/vivaldi_kbd.c.obj
[lotso:rw] [311/387] Building C object modules/ec/zephyr/CMakeFiles/ec_shim.dir/drivers/runtime_keys/runtime_keys.c.obj
[uldren:ro]   Manually-specified variables were not used by the project:
[uldren:ro]     COREBOOT_SDK_ROOT_libstdcxx_riscv64
[uldren:ro]     COREBOOT_SDK_ROOT_libstdcxx_x86
[uldren:ro]     COREBOOT_SDK_ROOT_nds32
[uldren:ro]     COREBOOT_SDK_ROOT_picolibc_riscv64
[uldren:ro]     COREBOOT_SDK_ROOT_picolibc_x86
[uldren:ro]     COREBOOT_SDK_ROOT_riscv
[uldren:ro]     COREBOOT_SDK_ROOT_riscv64
[uldren:ro]     COREBOOT_SDK_ROOT_x86
[yoda:rw] [25/361] Building C object CMakeFiles/app.dir/mnt/host/source/src/platform/ec/build/zephyr/yoda/modules/ec/common/console_output.c.obj
[lotso:rw] [312/387] Building C object modules/ec/zephyr/CMakeFiles/ec_shim.dir/shim/chip/it8xxx2/clock.c.obj
[lotso:rw] [313/387] Building C object modules/ec/zephyr/CMakeFiles/ec_shim.dir/shim/src/crc.c.obj
[lotso:rw] [314/387] Building C object modules/ec/zephyr/CMakeFiles/ec_shim.dir/drivers/prochot_vcmp/prochot_vcmp.c.obj
[lotso:rw] [315/387] Building C object modules/ec/zephyr/CMakeFiles/ec_shim.dir/shim/chip/it8xxx2/system.c.obj
[yoda:ro] [33/361] Building C object CMakeFiles/app.dir/mnt/host/source/src/platform/ec/build/zephyr/yoda/modules/ec/common/uart_printf.c.obj
[lotso:rw] [316/387] Building C object modules/ec/zephyr/CMakeFiles/ec_shim.dir/drivers/usbc/pdc_rts54xx.c.obj
[yoda:ro] [34/361] Building C object CMakeFiles/app.dir/mnt/host/source/src/platform/ec/build/zephyr/yoda/modules/ec/common/util.c.obj
[lotso:rw] [317/387] Building C object modules/ec/zephyr/CMakeFiles/ec_shim.dir/shim/chip/it8xxx2/power_policy.c.obj
[lotso:rw] [318/387] Building C object modules/ec/zephyr/CMakeFiles/ec_shim.dir/shim/chip/it8xxx2/gpio.c.obj
[lotso:rw] [319/387] Building C object modules/ec/zephyr/CMakeFiles/ec_shim.dir/shim/src/panic_utils.c.obj
[lotso:rw] [320/387] Building C object modules/ec/zephyr/CMakeFiles/ec_shim.dir/shim/src/console.c.obj
[/mnt/host/source/src/platform/ec/build/zephyr/pujjolo-ish-lcov]   /mnt/host/source/src/platform/ec/build/zephyr/pujjolo-ish/build-singleimage/modules/ec/zephyr/drivers/dsp_comms/CMakeFiles/dsp_comms.proto.nanopb.dir/dsp_comms.proto/nanopb/proto/ec_dsp.pb.c.gcno:no functions found
[/mnt/host/source/src/platform/ec/build/zephyr/pujjolo-ish-lcov] stderr:
[lotso:rw] [321/387] Building C object modules/ec/zephyr/CMakeFiles/ec_shim.dir/shim/src/cbi/cros_cbi.c.obj
[lotso:rw] [322/387] Building C object modules/ec/zephyr/CMakeFiles/ec_shim.dir/shim/src/pm_state.c.obj
[lotso:rw] [323/387] Building C object modules/ec/zephyr/CMakeFiles/ec_shim.dir/shim/src/gpio_int.c.obj
[lotso:rw] [324/387] Building C object modules/ec/zephyr/CMakeFiles/ec_shim.dir/shim/src/gpio.c.obj
[yoda:ro] [35/361] Building C object CMakeFiles/app.dir/mnt/host/source/src/platform/ec/build/zephyr/yoda/modules/ec/common/version.c.obj
[yoda:rw] [26/361] Building C object CMakeFiles/app.dir/mnt/host/source/src/platform/ec/build/zephyr/yoda/modules/ec/common/ec_features.c.obj
[lotso:rw] [325/387] Building C object modules/ec/zephyr/CMakeFiles/ec_shim.dir/shim/src/cbi/cros_cbi_ssfc.c.obj
[lotso:rw] [326/387] Building C object modules/ec/zephyr/CMakeFiles/ec_shim.dir/shim/src/cbi/cbi_flash.c.obj
[yoda:ro] [36/361] Building C object CMakeFiles/app.dir/mnt/host/source/src/platform/ec/build/zephyr/yoda/modules/ec/driver/accel_bma4xx.c.obj
[lotso:rw] [327/387] Building C object modules/ec/zephyr/CMakeFiles/ec_shim.dir/shim/src/led_driver/led_pwm.c.obj
[lotso:rw] [328/387] Building C object modules/ec/zephyr/CMakeFiles/ec_shim.dir/shim/src/led_driver/led.c.obj
[lotso:rw] [329/387] Building C object modules/ec/zephyr/CMakeFiles/ec_shim.dir/shim/src/pdc_shim.c.obj
[lotso:rw] [330/387] Building C object modules/ec/zephyr/CMakeFiles/ec_shim.dir/shim/src/adc.c.obj
[lotso:rw] [331/387] Building C object modules/ec/zephyr/CMakeFiles/ec_shim.dir/shim/src/charger.c.obj
[lotso:rw] [332/387] Building C object modules/ec/zephyr/CMakeFiles/ec_shim.dir/shim/src/battery.c.obj
[lotso:rw] [333/387] Building C object modules/ec/zephyr/CMakeFiles/ec_shim.dir/shim/src/system.c.obj
[lotso:rw] [334/387] Building C object modules/ec/zephyr/CMakeFiles/ec_shim.dir/shim/src/chipset_api.c.obj
[yoda:rw] [27/361] Building C object CMakeFiles/app.dir/mnt/host/source/src/platform/ec/build/zephyr/yoda/modules/ec/common/gpio_commands.c.obj
[yoda:ro] [37/361] Building C object CMakeFiles/app.dir/mnt/host/source/src/platform/ec/build/zephyr/yoda/modules/ec/driver/accel_lis2dw12.c.obj
[lotso:rw] [335/387] Building C object modules/ec/zephyr/CMakeFiles/ec_shim.dir/shim/src/espi.c.obj
[lotso:rw] [336/387] Building C object modules/ec/zephyr/CMakeFiles/ec_shim.dir/shim/src/fan.c.obj
[lotso:rw] [337/387] Building C object modules/ec/zephyr/CMakeFiles/ec_shim.dir/shim/src/console_buffer.c.obj
[lotso:rw] [338/387] Building C object modules/ec/zephyr/CMakeFiles/ec_shim.dir/shim/src/flash.c.obj
[yoda:ro] [38/361] Building C object CMakeFiles/app.dir/mnt/host/source/src/platform/ec/build/zephyr/yoda/modules/ec/common/motion_sense_fifo.c.obj
[/mnt/host/source/src/platform/ec/build/zephyr/steelix-lcov]   /mnt/host/source/src/platform/ec/build/zephyr/steelix/build-ro/CMakeFiles/app.dir/mnt/host/source/src/platform/ec/build/zephyr/steelix/modules/ec/common/usb_pd_pdo.c.gcno:no functions found
[/mnt/host/source/src/platform/ec/build/zephyr/steelix-lcov] stderr:
[lotso:rw] [339/387] Building C object modules/ec/zephyr/CMakeFiles/ec_shim.dir/shim/src/mkbp_event.c.obj
[lotso:rw] [340/387] Building C object modules/ec/zephyr/CMakeFiles/ec_shim.dir/shim/src/hooks.c.obj
[lotso:rw] [341/387] Building C object modules/ec/zephyr/CMakeFiles/ec_shim.dir/shim/src/host_command.c.obj
[lotso:rw] [342/387] Building C object modules/ec/zephyr/CMakeFiles/ec_shim.dir/shim/src/panic.c.obj
[lotso:rw] [343/387] Building C object modules/ec/zephyr/CMakeFiles/ec_shim.dir/shim/src/motionsense_sensors.c.obj
[/mnt/host/source/src/platform/ec/build/zephyr/pujjolo-ish-lcov]   /mnt/host/source/src/platform/ec/build/zephyr/pujjolo-ish/build-singleimage/zephyr/arch/arch/x86/core/CMakeFiles/arch__x86__core.dir/spec_ctrl.c.gcno:no functions found
[/mnt/host/source/src/platform/ec/build/zephyr/pujjolo-ish-lcov] stderr:
[lotso:rw] [344/387] Building C object modules/ec/zephyr/CMakeFiles/ec_shim.dir/shim/src/pwm_hc.c.obj
[yoda:rw] [28/361] Building C object CMakeFiles/app.dir/mnt/host/source/src/platform/ec/build/zephyr/yoda/modules/ec/common/peripheral.c.obj
[lotso:rw] [345/387] Building C object modules/ec/zephyr/CMakeFiles/ec_shim.dir/shim/src/thermal.c.obj
[yoda:ro] [39/361] Building C object CMakeFiles/app.dir/mnt/host/source/src/platform/ec/build/zephyr/yoda/modules/ec/common/adc.c.obj
[lotso:rw] [346/387] Building C object modules/ec/zephyr/CMakeFiles/ec_shim.dir/shim/src/hwtimer.c.obj
[lotso:rw] [347/387] Building C object modules/ec/zephyr/CMakeFiles/ec_shim.dir/shim/src/temp_sensors.c.obj
[lotso:rw] [348/387] Building C object zephyr/kernel/CMakeFiles/kernel.dir/main_weak.c.obj
[lotso:rw] [349/387] Building C object modules/ec/zephyr/CMakeFiles/ec_shim.dir/shim/src/usba.c.obj
[lotso:rw] [350/387] Building C object modules/ec/zephyr/CMakeFiles/ec_shim.dir/shim/src/i2c.c.obj
[yoda:ro] [40/361] Building C object CMakeFiles/app.dir/mnt/host/source/src/platform/ec/build/zephyr/yoda/modules/ec/common/battery.c.obj
[lotso:rw] [351/387] Building C object modules/ec/zephyr/CMakeFiles/ec_shim.dir/shim/src/sha256_hw.c.obj
[lotso:rw] [352/387] Building C object modules/ec/zephyr/CMakeFiles/ec_shim.dir/shim/src/tasks.c.obj
[lotso:rw] [353/387] Building C object modules/ec/zephyr/CMakeFiles/ec_shim.dir/shim/src/power_host_sleep_api.c.obj
[lotso:rw] [354/387] Building C object modules/ec/zephyr/CMakeFiles/ec_shim.dir/shim/src/watchdog.c.obj
[lotso:rw] [355/387] Building C object zephyr/kernel/CMakeFiles/kernel.dir/banner.c.obj
[lotso:rw] [356/387] Linking C static library modules/ec/zephyr/libec_shim.a
[lotso:rw] [357/387] Building C object zephyr/kernel/CMakeFiles/kernel.dir/busy_wait.c.obj
[lotso:rw] [358/387] Building C object zephyr/kernel/CMakeFiles/kernel.dir/version.c.obj
[yoda:rw] [29/361] Building C object CMakeFiles/app.dir/mnt/host/source/src/platform/ec/build/zephyr/yoda/modules/ec/common/printf.c.obj
[lotso:rw] [359/387] Building C object zephyr/kernel/CMakeFiles/kernel.dir/errno.c.obj
[lotso:rw] [360/387] Building C object zephyr/kernel/CMakeFiles/kernel.dir/device.c.obj
[yoda:ro] [41/361] Building C object CMakeFiles/app.dir/mnt/host/source/src/platform/ec/build/zephyr/yoda/modules/ec/common/battery_info.c.obj
[lotso:rw] [361/387] Building C object zephyr/kernel/CMakeFiles/kernel.dir/fatal.c.obj
[lotso:rw] [362/387] Building C object zephyr/kernel/CMakeFiles/kernel.dir/init.c.obj
[lotso:rw] [363/387] Building C object zephyr/kernel/CMakeFiles/kernel.dir/mem_slab.c.obj
[lotso:rw] [364/387] Building C object zephyr/kernel/CMakeFiles/kernel.dir/kheap.c.obj
[lotso:rw] [365/387] Building C object zephyr/kernel/CMakeFiles/kernel.dir/float.c.obj
[lotso:rw] [366/387] Building C object zephyr/kernel/CMakeFiles/kernel.dir/idle.c.obj
[yoda:ro] [42/361] Building C object CMakeFiles/app.dir/mnt/host/source/src/platform/ec/build/zephyr/yoda/modules/ec/common/battery_fuel_gauge.c.obj
[lotso:rw] [367/387] Building C object zephyr/kernel/CMakeFiles/kernel.dir/msg_q.c.obj
[lotso:rw] [368/387] Building C object zephyr/kernel/CMakeFiles/kernel.dir/mailbox.c.obj
[lotso:rw] [369/387] Building C object zephyr/kernel/CMakeFiles/kernel.dir/mutex.c.obj
[yoda:rw] [30/361] Building C object CMakeFiles/app.dir/mnt/host/source/src/platform/ec/build/zephyr/yoda/modules/ec/common/queue.c.obj
[lotso:rw] [370/387] Building C object zephyr/kernel/CMakeFiles/kernel.dir/system_work_q.c.obj
[lotso:rw] [371/387] Building C object zephyr/kernel/CMakeFiles/kernel.dir/sem.c.obj
[lotso:rw] [372/387] Building C object zephyr/kernel/CMakeFiles/kernel.dir/queue.c.obj
[yoda:ro] [43/361] Building C object CMakeFiles/app.dir/mnt/host/source/src/platform/ec/build/zephyr/yoda/modules/ec/driver/battery/smart.c.obj
[lotso:rw] [373/387] Building C object zephyr/kernel/CMakeFiles/kernel.dir/stack.c.obj
[lotso:rw] [374/387] Building C object zephyr/kernel/CMakeFiles/kernel.dir/condvar.c.obj
[lotso:rw] [375/387] Building C object zephyr/kernel/CMakeFiles/kernel.dir/work.c.obj
[lotso:rw] [376/387] Building C object zephyr/kernel/CMakeFiles/kernel.dir/thread.c.obj
[lotso:rw] [377/387] Building C object zephyr/kernel/CMakeFiles/kernel.dir/pipe.c.obj
[lotso:rw] [378/387] Building C object zephyr/kernel/CMakeFiles/kernel.dir/spinlock_validate.c.obj
[yoda:ro] [44/361] Building C object CMakeFiles/app.dir/mnt/host/source/src/platform/ec/build/zephyr/yoda/modules/ec/driver/charger/bq25710.c.obj
[lotso:rw] [379/387] Building C object zephyr/kernel/CMakeFiles/kernel.dir/thread_monitor.c.obj
[lotso:rw] [380/387] Building C object zephyr/kernel/CMakeFiles/kernel.dir/sched.c.obj
[lotso:rw] [381/387] Building C object zephyr/kernel/CMakeFiles/kernel.dir/timeout.c.obj
[uldren:rw] Building: /usr/bin/ninja -C /mnt/host/source/src/platform/ec/build/zephyr/uldren/build-rw all.libraries
Running `env -i SHELL=/bin/bash COLORTERM=truecolor DEPOT_TOOLS_UPDATE=0 LESS='-R -M --shift 5' SUDO_GID=0 JDK_HOME=/etc/java-config-2/current-system-vm CONFIG_PROTECT_MASK='/etc/gentoo-release /etc/sandbox.d /etc/fonts/fonts.conf /etc/terminfo /etc/ca-certificates.conf /etc/revdep-rebuild' CHROMEOS_CACHEDIR=/var/cache/chromeos-cache JAVA_HOME=/etc/java-config-2/current-system-vm SSH_AUTH_SOCK=/tmp/ssh-auth-sock SUDO_COMMAND=/bin/bash SUDO_USER=root SUDO_TTY=/dev/pts/2 EDITOR=/usr/bin/vi PWD=/mnt/host/source/src/platform/ec CONFIG_PROTECT=/usr/share/gnupg/qualified.txt LOGNAME=jpmurphy MANPATH=/etc/java-config-2/current-system-vm/man:/usr/local/share/man:/usr/share/man:/usr/share/gcc-data/x86_64-pc-linux-gnu/10.2.0/man:/usr/share/binutils-data/x86_64-pc-linux-gnu/2.45/man:/etc/java-config-2/current-system-vm/man/ SUDO_HOME=/root XAUTHORITY=/run/user/944457/gdm/Xauthority HOME=/home/jpmurphy LANG=C.UTF-8 LS_COLORS='rs=0:di=01;34:ln=01;36:mh=00:pi=40;33:so=01;35:do=01;35:bd=40;33;01:cd=40;33;01:or=01;05;37;41:mi=01;05;37;41:su=37;41:sg=30;43:ca=30;41:tw=30;42:ow=34;42:st=37;44:ex=01;32:*.tar=01;31:*.tgz=01;31:*.arc=01;31:*.arj=01;31:*.taz=01;31:*.lha=01;31:*.lz4=01;31:*.lzh=01;31:*.lzma=01;31:*.tlz=01;31:*.txz=01;31:*.tzo=01;31:*.t7z=01;31:*.zip=01;31:*.z=01;31:*.dz=01;31:*.gz=01;31:*.lrz=01;31:*.lz=01;31:*.lzo=01;31:*.xz=01;31:*.zst=01;31:*.tzst=01;31:*.bz2=01;31:*.bz=01;31:*.tbz=01;31:*.tbz2=01;31:*.tz=01;31:*.deb=01;31:*.rpm=01;31:*.jar=01;31:*.war=01;31:*.ear=01;31:*.sar=01;31:*.rar=01;31:*.alz=01;31:*.ace=01;31:*.zoo=01;31:*.cpio=01;31:*.7z=01;31:*.rz=01;31:*.cab=01;31:*.wim=01;31:*.swm=01;31:*.dwm=01;31:*.esd=01;31:*.jpg=01;35:*.jpeg=01;35:*.mjpg=01;35:*.mjpeg=01;35:*.gif=01;35:*.bmp=01;35:*.pbm=01;35:*.pgm=01;35:*.ppm=01;35:*.tga=01;35:*.xbm=01;35:*.xpm=01;35:*.tif=01;35:*.tiff=01;35:*.png=01;35:*.svg=01;35:*.svgz=01;35:*.mng=01;35:*.pcx=01;35:*.mov=01;35:*.mpg=01;35:*.mpeg=01;35:*.m2v=01;35:*.mkv=01;35:*.webm=01;35:*.webp=01;35:*.ogm=01;35:*.mp4=01;35:*.m4v=01;35:*.mp4v=01;35:*.vob=01;35:*.qt=01;35:*.nuv=01;35:*.wmv=01;35:*.asf=01;35:*.rm=01;35:*.rmvb=01;35:*.flc=01;35:*.avi=01;35:*.fli=01;35:*.flv=01;35:*.gl=01;35:*.dl=01;35:*.xcf=01;35:*.xwd=01;35:*.yuv=01;35:*.cgm=01;35:*.emf=01;35:*.ogv=01;35:*.ogx=01;35:*.cfg=00;32:*.conf=00;32:*.diff=00;32:*.doc=00;32:*.ini=00;32:*.log=00;32:*.patch=00;32:*.pdf=00;32:*.ps=00;32:*.tex=00;32:*.txt=00;32:*.aac=00;36:*.au=00;36:*.flac=00;36:*.m4a=00;36:*.mid=00;36:*.midi=00;36:*.mka=00;36:*.mp3=00;36:*.mpc=00;36:*.ogg=00;36:*.ra=00;36:*.wav=00;36:*.oga=00;36:*.opus=00;36:*.spx=00;36:*.xspf=00;36:' XDG_CURRENT_DESKTOP=GNOME INFOPATH=/usr/share/info:/usr/share/gcc-data/x86_64-pc-linux-gnu/10.2.0/info:/usr/share/binutils-data/x86_64-pc-linux-gnu/2.45/info:/usr/share/automake-1.16.5/info JAVAC=/etc/java-config-2/current-system-vm/bin/javac TERM=xterm-256color LESSOPEN='|lesspipe %s' USER=jpmurphy CROS_WORKON_SRCROOT=/mnt/host/source MANPAGER=manpager DISPLAY=:1 SHLVL=1 LC_MESSAGES=C EXTERNAL_TRUNK_PATH=/mnt/8f9d649a-3721-44cc-93c0-e6bd21a9689f/chromiumos GCC_SPECS='' PATH=/mnt/host/source/chromite/bin:/usr/local/bin:/usr/bin:/bin:/opt/bin:/mnt/host/source/chromite/sdk/bin:/mnt/host/source/chromite/bin PORTAGE_USERNAME=jpmurphy SUDO_UID=0 GCC_VER=10.2.0 MAIL=/var/mail/jpmurphy OLDPWD=/mnt/host/source/src/scripts traceparent=00-e87aca51550a78635907baa6a2476181-6d684811675d2973-01 _=./zephyr/firmware_builder.py COREBOOT_SDK_ROOT_x86=/home/jpmurphy/.cache/coreboot-sdk/i386-elf/dfbb0486385d938cfa9d73080b9d18d598ed4f49 COREBOOT_SDK_ROOT_picolibc_x86=/home/jpmurphy/.cache/coreboot-sdk/picolibc-i386-elf/eb8e8e687b95461de8cbf278f1c2076952d0ad17 COREBOOT_SDK_ROOT_riscv64=/home/jpmurphy/.cache/coreboot-sdk/riscv64-elf/96b949749225b6aaa92ed810ab769e8dfb12f000 COREBOOT_SDK_ROOT_picolibc_arm=/home/jpmurphy/.cache/coreboot-sdk/picolibc-arm-eabi/422a2aa3e1ef891b5bece9a3deb696ff83840d2e COREBOOT_SDK_ROOT_nds32=/home/jpmurphy/.cache/coreboot-sdk/nds32le-elf/d1a518c4a097666d86058e1444f85ca015d15511 COREBOOT_SDK_ROOT_picolibc_riscv64=/home/jpmurphy/.cache/coreboot-sdk/picolibc-riscv64-elf/f571e990ef0278564b31124f8bb109d9a697eb69 COREBOOT_SDK_ROOT_arm=/home/jpmurphy/.cache/coreboot-sdk/arm-eabi/ea40ddd1d190c3b48435c474c0b545719371813a COREBOOT_SDK_ROOT_libstdcxx_riscv64=/home/jpmurphy/.cache/coreboot-sdk/libstdcxx-riscv64-elf/17abf22a3a252e2d5d2062ced5324f7a623689e0 COREBOOT_SDK_ROOT_libstdcxx_arm=/home/jpmurphy/.cache/coreboot-sdk/libstdcxx-arm-eabi/5d7d82e150e44aa1968f1d366e267e6687b328ac COREBOOT_SDK_ROOT_riscv=/home/jpmurphy/.cache/coreboot-sdk/riscv-elf/9a27b9e82341c6e9126624f516ab3f261abb3e73 COREBOOT_SDK_ROOT_libstdcxx_x86=/home/jpmurphy/.cache/coreboot-sdk/libstdcxx-i386-elf/42ef9d2e87a76a37963175d7d428734e65648b87 PYTHONPATH=/mnt/host/source/src/platform/ec/zephyr/zmake PW_PIGWEED_CIPD_INSTALL_DIR=/usr CROSTC_USER_ACKNOWLEDGES_THAT_RISCV_IS_EXPERIMENTAL=1 MAKEFLAGS=' -j16 --jobserver-auth=5,6' /usr/bin/ninja -C /mnt/host/source/src/platform/ec/build/zephyr/uldren/build-rw all.libraries`
[lotso:rw] [382/387] Building C object zephyr/kernel/CMakeFiles/kernel.dir/timer.c.obj
[uldren:rw] ninja: Entering directory `/mnt/host/source/src/platform/ec/build/zephyr/uldren/build-rw'
[lotso:rw] [383/387] Building C object zephyr/kernel/CMakeFiles/kernel.dir/events.c.obj
[yoda:rw] [31/361] Building C object CMakeFiles/app.dir/mnt/host/source/src/platform/ec/build/zephyr/yoda/modules/ec/common/system.c.obj
[lotso:rw] [384/387] Building C object zephyr/kernel/CMakeFiles/kernel.dir/mempool.c.obj
[lotso:rw] [385/387] Building C object zephyr/kernel/CMakeFiles/kernel.dir/poll.c.obj
[lotso:rw] [386/387] Building C object zephyr/kernel/CMakeFiles/kernel.dir/dynamic_disabled.c.obj
[yoda:ro] [45/361] Building C object CMakeFiles/app.dir/mnt/host/source/src/platform/ec/build/zephyr/yoda/modules/ec/common/charger.c.obj
[/mnt/host/source/src/platform/ec/build/zephyr/ocelotrvp-npcx-lcov]   /mnt/host/source/src/platform/ec/build/zephyr/ocelotrvp-npcx/build-rw/zephyr/drivers/sensor/CMakeFiles/drivers__sensor.dir/mnt/host/source/src/third_party/zephyr/main/misc/empty_file.c.gcno:no functions found
[/mnt/host/source/src/platform/ec/build/zephyr/ocelotrvp-npcx-lcov] Filter suppressions 'region':
[lotso:rw] [387/387] Linking C static library zephyr/kernel/libkernel.a
[uldren:rw] [1/414] Preparing syscall dependency handling
[/mnt/host/source/src/platform/ec/build/zephyr/ocelotrvp-npcx-lcov]     262 instances
[/mnt/host/source/src/platform/ec/build/zephyr/ocelotrvp-npcx-lcov]     438 coverpoints
[/mnt/host/source/src/platform/ec/build/zephyr/ocelotrvp-npcx-lcov] Message summary:
[/mnt/host/source/src/platform/ec/build/zephyr/ocelotrvp-npcx-lcov]   1 warning message:
[/mnt/host/source/src/platform/ec/build/zephyr/ocelotrvp-npcx-lcov]     format: 1
[/mnt/host/source/src/platform/ec/build/zephyr/ocelotrvp-npcx-lcov]   36 ignore messages:
[/mnt/host/source/src/platform/ec/build/zephyr/ocelotrvp-npcx-lcov]     gcov: 36
[uldren:rw] [2/414] Generating misc/generated/syscalls_subdirs.trigger
[uldren:rw] [3/414] cd /mnt/host/source/src/platform/ec/build/zephyr/uldren/build-rw/modules/ec/zephyr && PYTHONPATH=/mnt/host/source/src/platform/ec/build/zephyr/uldren/modules/ec/zephyr/zmake/ /usr/bin/python3.11 /mnt/host/source/src/platform/ec/build/zephyr/uldren/modules/ec/zephyr/zmake/zephyr_build_tools/generate_ec_version.py /mnt/host/source/src/platform/ec/build/zephyr/uldren/build-rw/modules/ec/zephyr/include/ec_version.h --name Zephyr-Kernel --version 16543.0.0 --static
[uldren:rw] INFO:root:Using a static version string
[uldren:rw] INFO:root:Version string: Zephyr-Kernel-16543.0.0
[uldren:rw] INFO:root:Writing header to /mnt/host/source/src/platform/ec/build/zephyr/uldren/build-rw/modules/ec/zephyr/include/ec_version.h
[uldren:rw] [4/414] Generating include/generated/zephyr/version.h
[yoda:ro] [46/361] Building C object CMakeFiles/app.dir/mnt/host/source/src/platform/ec/build/zephyr/yoda/modules/ec/common/cbi_common.c.obj
[yoda:rw] [32/361] Building C object CMakeFiles/app.dir/mnt/host/source/src/platform/ec/build/zephyr/yoda/modules/ec/common/uart_printf.c.obj
[yoda:rw] [33/361] Building C object CMakeFiles/app.dir/mnt/host/source/src/platform/ec/build/zephyr/yoda/modules/ec/common/system_boot_time.c.obj
[yoda:ro] [47/361] Building C object CMakeFiles/app.dir/mnt/host/source/src/platform/ec/build/zephyr/yoda/modules/ec/common/charge_state.c.obj
[yoda:ro] [48/361] Building C object CMakeFiles/app.dir/mnt/host/source/src/platform/ec/build/zephyr/yoda/modules/ec/common/cbi_config.c.obj
[yoda:ro] [49/361] Building C object CMakeFiles/app.dir/mnt/host/source/src/platform/ec/build/zephyr/yoda/modules/ec/common/cbi.c.obj
[yoda:ro] [50/361] Building C object CMakeFiles/app.dir/mnt/host/source/src/platform/ec/build/zephyr/yoda/modules/ec/common/charge_manager.c.obj
[yoda:rw] [34/361] Building C object CMakeFiles/app.dir/mnt/host/source/src/platform/ec/build/zephyr/yoda/modules/ec/common/version.c.obj
[yoda:rw] [35/361] Building C object CMakeFiles/app.dir/mnt/host/source/src/platform/ec/build/zephyr/yoda/modules/ec/common/util.c.obj
[yoda:ro] [51/361] Building C object CMakeFiles/app.dir/mnt/host/source/src/platform/ec/build/zephyr/yoda/modules/ec/common/memory_commands.c.obj
[yoda:ro] [52/361] Building C object CMakeFiles/app.dir/mnt/host/source/src/platform/ec/build/zephyr/yoda/modules/ec/common/chipset.c.obj
Running (initial) lcov on /mnt/host/source/src/platform/ec/build/zephyr/lotso.
[uldren:rw] -- git describe warned: warning: tag 'upstream/v2.7.99' is externally known as 'v2.7.99'
[uldren:rw] -- Zephyr version: 4.3.99 (/mnt/host/source/src/third_party/zephyr/main)
[uldren:rw] [5/414] Generating misc/generated/syscalls.json, misc/generated/struct_tags.json
[yoda:ro] [53/361] Building C object CMakeFiles/app.dir/mnt/host/source/src/platform/ec/build/zephyr/yoda/modules/ec/common/ap_reset_log.c.obj
[/mnt/host/source/src/platform/ec/build/zephyr/pujjolo-ish-lcov]   /mnt/host/source/src/platform/ec/build/zephyr/pujjolo-ish/build-singleimage/zephyr/CMakeFiles/zephyr.dir/subsys/shell/modules/kernel_service/kernel_shell.c.gcno:no functions found
[/mnt/host/source/src/platform/ec/build/zephyr/pujjolo-ish-lcov] stderr:
[yoda:rw] [36/361] Building C object CMakeFiles/app.dir/mnt/host/source/src/platform/ec/build/zephyr/yoda/modules/ec/driver/accel_bma4xx.c.obj
[uldren:rw] [6/414] Generating include/generated/zephyr/syscall_dispatch.c, include/generated/zephyr/syscall_exports_llext.c, syscall_weakdefs_llext.c, include/generated/zephyr/syscall_list.h
Running `env -i PYTHONPATH=/usr/lib64/python-exec/python3.11:/mnt/host/source/src/platform/ec/zephyr/zmake:/usr/lib/python311.zip:/usr/lib/python3.11:/usr/lib/python3.11/lib-dynload:/usr/lib/python3.11/site-packages PW_PIGWEED_CIPD_INSTALL_DIR=/usr CROSTC_USER_ACKNOWLEDGES_THAT_RISCV_IS_EXPERIMENTAL=1 PATH=/mnt/host/source/chromite/bin:/usr/local/bin:/usr/bin:/bin:/opt/bin:/mnt/host/source/chromite/sdk/bin:/mnt/host/source/chromite/bin HOME=/home/jpmurphy JAVA_HOME=/etc/java-config-2/current-system-vm JDK_HOME=/etc/java-config-2/current-system-vm JAVAC=/etc/java-config-2/current-system-vm/bin/javac MAKEFLAGS=' -j16 --jobserver-auth=5,6' /usr/bin/lcov --gcov-tool /mnt/host/source/src/platform/ec/build/zephyr/lotso/build-rw/gcov.sh -q -o - -c -d /mnt/host/source/src/platform/ec/build/zephyr/lotso -t lotso --rc branch_coverage=1 --filter range --ignore-errors inconsistent,source --ignore-errors gcov,gcov -i`
[yoda:ro] [54/361] Building C object CMakeFiles/app.dir/mnt/host/source/src/platform/ec/build/zephyr/yoda/modules/ec/common/extpower_common.c.obj
[yoda:ro] [55/361] Building C object CMakeFiles/app.dir/mnt/host/source/src/platform/ec/build/zephyr/yoda/modules/ec/common/extpower_gpio.c.obj
[yoda:rw] [37/361] Building C object CMakeFiles/app.dir/mnt/host/source/src/platform/ec/build/zephyr/yoda/modules/ec/driver/accel_lis2dw12.c.obj
[yoda:rw] [38/361] Building C object CMakeFiles/app.dir/mnt/host/source/src/platform/ec/build/zephyr/yoda/modules/ec/common/motion_sense_fifo.c.obj
[uldren:rw] [7/414] Generating include/generated/zephyr/driver-validation.h
[yoda:ro] [56/361] Building C object CMakeFiles/app.dir/mnt/host/source/src/platform/ec/build/zephyr/yoda/modules/ec/common/host_command.c.obj
[yoda:ro] [57/361] Building C object CMakeFiles/app.dir/mnt/host/source/src/platform/ec/build/zephyr/yoda/modules/ec/common/flash.c.obj
[yoda:ro] [58/361] Building C object CMakeFiles/app.dir/mnt/host/source/src/platform/ec/build/zephyr/yoda/modules/ec/common/host_event_commands.c.obj
[yoda:rw] [39/361] Building C object CMakeFiles/app.dir/mnt/host/source/src/platform/ec/build/zephyr/yoda/modules/ec/common/battery.c.obj
[yoda:ro] [59/361] Building C object CMakeFiles/app.dir/mnt/host/source/src/platform/ec/build/zephyr/yoda/modules/ec/common/uart_hostcmd.c.obj
[uldren:rw] [8/414] Generating include/generated/zephyr/kobj-types-enum.h, include/generated/zephyr/otype-to-str.h, include/generated/zephyr/otype-to-size.h
[yoda:rw] [40/361] Building C object CMakeFiles/app.dir/mnt/host/source/src/platform/ec/build/zephyr/yoda/modules/ec/common/adc.c.obj
[uldren:rw] [9/414] Generating include/generated/device-api-sections.ld, include/generated/device-api-sections.cmake
[yoda:ro] [60/361] Building C object CMakeFiles/app.dir/mnt/host/source/src/platform/ec/build/zephyr/yoda/modules/ec/common/uptime.c.obj
[yoda:rw] [41/361] Building C object CMakeFiles/app.dir/mnt/host/source/src/platform/ec/build/zephyr/yoda/modules/ec/common/battery_info.c.obj
[yoda:ro] [61/361] Building C object CMakeFiles/app.dir/mnt/host/source/src/platform/ec/build/zephyr/yoda/modules/ec/common/i2c_controller.c.obj
[yoda:ro] [62/361] Building C object CMakeFiles/app.dir/mnt/host/source/src/platform/ec/build/zephyr/yoda/modules/ec/common/i2c_passthru.c.obj
[/mnt/host/source/src/platform/ec/build/zephyr/lotso-lcov] geninfo: WARNING: using JSON module "JSON::PP" - which is much slower than some alternatives.  Consider installing one of JSON::XS or Cpanel::JSON::XS
[yoda:rw] [42/361] Building C object CMakeFiles/app.dir/mnt/host/source/src/platform/ec/build/zephyr/yoda/modules/ec/common/battery_fuel_gauge.c.obj
[yoda:rw] [43/361] Building C object CMakeFiles/app.dir/mnt/host/source/src/platform/ec/build/zephyr/yoda/modules/ec/driver/battery/smart.c.obj
[yoda:ro] [63/361] Building C object CMakeFiles/app.dir/mnt/host/source/src/platform/ec/build/zephyr/yoda/modules/ec/common/mkbp_fifo.c.obj
[yoda:ro] [64/361] Building C object CMakeFiles/app.dir/mnt/host/source/src/platform/ec/build/zephyr/yoda/modules/ec/common/mkbp_info.c.obj
[yoda:ro] [65/361] Building C object CMakeFiles/app.dir/mnt/host/source/src/platform/ec/build/zephyr/yoda/modules/ec/common/virtual_battery.c.obj
[uldren:rw] [10/414] Building C object zephyr/CMakeFiles/offsets.dir/arch/arm/core/offsets/offsets.c.obj
[yoda:rw] [44/361] Building C object CMakeFiles/app.dir/mnt/host/source/src/platform/ec/build/zephyr/yoda/modules/ec/driver/charger/bq25710.c.obj
[yoda:ro] [66/361] Building C object CMakeFiles/app.dir/mnt/host/source/src/platform/ec/build/zephyr/yoda/modules/ec/common/keyboard_scan.c.obj
[yoda:rw] [45/361] Building C object CMakeFiles/app.dir/mnt/host/source/src/platform/ec/build/zephyr/yoda/modules/ec/common/charger.c.obj
[uldren:rw] [11/414] Generating include/generated/zephyr/offsets.h
[yoda:ro] [67/361] Building C object CMakeFiles/app.dir/mnt/host/source/src/platform/ec/build/zephyr/yoda/modules/ec/common/keyboard_mkbp.c.obj
[yoda:ro] [68/361] Building C object CMakeFiles/app.dir/mnt/host/source/src/platform/ec/build/zephyr/yoda/modules/ec/common/mkbp_input_devices.c.obj
[yoda:ro] [69/361] Building C object CMakeFiles/app.dir/mnt/host/source/src/platform/ec/build/zephyr/yoda/modules/ec/common/led_common.c.obj
[yoda:ro] [70/361] Building C object CMakeFiles/app.dir/mnt/host/source/src/platform/ec/build/zephyr/yoda/modules/ec/common/motion_lid.c.obj
[yoda:ro] [71/361] Building C object CMakeFiles/app.dir/mnt/host/source/src/platform/ec/build/zephyr/yoda/modules/ec/common/lid_angle.c.obj
[yoda:rw] [46/361] Building C object CMakeFiles/app.dir/mnt/host/source/src/platform/ec/build/zephyr/yoda/modules/ec/common/charge_state.c.obj
[yoda:rw] [47/361] Building C object CMakeFiles/app.dir/mnt/host/source/src/platform/ec/build/zephyr/yoda/modules/ec/common/cbi_common.c.obj
[yoda:rw] [48/361] Building C object CMakeFiles/app.dir/mnt/host/source/src/platform/ec/build/zephyr/yoda/modules/ec/common/cbi.c.obj
[yoda:ro] [72/361] Building C object CMakeFiles/app.dir/mnt/host/source/src/platform/ec/build/zephyr/yoda/modules/ec/common/lid_angle_keyboard_policy.c.obj
[yoda:ro] [73/361] Building C object CMakeFiles/app.dir/mnt/host/source/src/platform/ec/build/zephyr/yoda/modules/ec/common/lid_switch.c.obj
[yoda:rw] [49/361] Building C object CMakeFiles/app.dir/mnt/host/source/src/platform/ec/build/zephyr/yoda/modules/ec/common/cbi_config.c.obj
[uldren:rw] [12/414] Building C object CMakeFiles/app.dir/mnt/host/source/src/platform/ec/zephyr/subsys/ap_pwrseq/ap_events.c.obj
[yoda:rw] [50/361] Building C object CMakeFiles/app.dir/mnt/host/source/src/platform/ec/build/zephyr/yoda/modules/ec/common/charge_manager.c.obj
[/mnt/host/source/src/platform/ec/build/zephyr/steelix-lcov]   /mnt/host/source/src/platform/ec/build/zephyr/steelix/build-ro/CMakeFiles/app.dir/mnt/host/source/src/platform/ec/build/zephyr/steelix/modules/ec/common/chargen.c.gcno:no functions found
[/mnt/host/source/src/platform/ec/build/zephyr/steelix-lcov] stderr:
[/mnt/host/source/src/platform/ec/build/zephyr/lotso-lcov] stderr:
[yoda:ro] [74/361] Building C object CMakeFiles/app.dir/mnt/host/source/src/platform/ec/build/zephyr/yoda/modules/ec/common/mkbp_event.c.obj
[/mnt/host/source/src/platform/ec/build/zephyr/lotso-lcov]   /mnt/host/source/src/platform/ec/build/zephyr/lotso/build-ro/modules/ec/zephyr/CMakeFiles/ec_shim.dir/shim/src/thermal.c.gcno:no functions found
[/mnt/host/source/src/platform/ec/build/zephyr/lotso-lcov] stderr:
[yoda:ro] [75/361] Building C object CMakeFiles/app.dir/mnt/host/source/src/platform/ec/build/zephyr/yoda/modules/ec/common/motion_sense.c.obj
[yoda:ro] [76/361] Building C object CMakeFiles/app.dir/mnt/host/source/src/platform/ec/build/zephyr/yoda/modules/ec/common/power_button.c.obj
[yoda:ro] [77/361] Building C object CMakeFiles/app.dir/mnt/host/source/src/platform/ec/build/zephyr/yoda/modules/ec/power/host_sleep.c.obj
[yoda:rw] [51/361] Building C object CMakeFiles/app.dir/mnt/host/source/src/platform/ec/build/zephyr/yoda/modules/ec/common/memory_commands.c.obj
[yoda:rw] [52/361] Building C object CMakeFiles/app.dir/mnt/host/source/src/platform/ec/build/zephyr/yoda/modules/ec/common/chipset.c.obj
[yoda:ro] [78/361] Building C object CMakeFiles/app.dir/mnt/host/source/src/platform/ec/build/zephyr/yoda/modules/ec/power/common.c.obj
[yoda:ro] [79/361] Building C object CMakeFiles/app.dir/mnt/host/source/src/platform/ec/build/zephyr/yoda/modules/ec/power/mt8186.c.obj
[yoda:rw] [53/361] Building C object CMakeFiles/app.dir/mnt/host/source/src/platform/ec/build/zephyr/yoda/modules/ec/common/extpower_common.c.obj
[yoda:rw] [54/361] Building C object CMakeFiles/app.dir/mnt/host/source/src/platform/ec/build/zephyr/yoda/modules/ec/common/ap_reset_log.c.obj
[yoda:ro] [80/361] Building C object CMakeFiles/app.dir/mnt/host/source/src/platform/ec/build/zephyr/yoda/modules/ec/common/panic_output.c.obj
[/mnt/host/source/src/platform/ec/build/zephyr/lotso-lcov]   /mnt/host/source/src/platform/ec/build/zephyr/lotso/build-ro/modules/ec/zephyr/CMakeFiles/ec_shim.dir/shim/src/battery.c.gcno:no functions found
[/mnt/host/source/src/platform/ec/build/zephyr/lotso-lcov] stderr:
[uldren:rw] [13/414] Building C object CMakeFiles/app.dir/mnt/host/source/src/platform/ec/zephyr/subsys/ap_pwrseq/ap_power_interface.c.obj
[/mnt/host/source/src/platform/ec/build/zephyr/pujjolo-ish-lcov]   /mnt/host/source/src/platform/ec/build/zephyr/pujjolo-ish/build-singleimage/zephyr/CMakeFiles/zephyr.dir/lib/libc/validate_libc.c.gcno:no functions found
[/mnt/host/source/src/platform/ec/build/zephyr/pujjolo-ish-lcov] stderr:
[yoda:rw] [55/361] Building C object CMakeFiles/app.dir/mnt/host/source/src/platform/ec/build/zephyr/yoda/modules/ec/common/extpower_gpio.c.obj
[yoda:ro] [81/361] Building C object CMakeFiles/app.dir/mnt/host/source/src/platform/ec/build/zephyr/yoda/modules/ec/common/sha256.c.obj
[yoda:ro] [82/361] Building C object CMakeFiles/app.dir/mnt/host/source/src/platform/ec/build/zephyr/yoda/modules/ec/common/spi_flash_reg.c.obj
[yoda:ro] [83/361] Building C object CMakeFiles/app.dir/mnt/host/source/src/platform/ec/build/zephyr/yoda/modules/ec/common/shared_mem.c.obj
[yoda:ro] [84/361] Building C object CMakeFiles/app.dir/mnt/host/source/src/platform/ec/build/zephyr/yoda/modules/ec/common/switch.c.obj
[yoda:rw] [56/361] Building C object CMakeFiles/app.dir/mnt/host/source/src/platform/ec/build/zephyr/yoda/modules/ec/common/uart_hostcmd.c.obj
[yoda:rw] [57/361] Building C object CMakeFiles/app.dir/mnt/host/source/src/platform/ec/build/zephyr/yoda/modules/ec/common/host_command.c.obj
[yoda:rw] [58/361] Building C object CMakeFiles/app.dir/mnt/host/source/src/platform/ec/build/zephyr/yoda/modules/ec/common/flash.c.obj
[yoda:ro] [85/361] Building C object CMakeFiles/app.dir/mnt/host/source/src/platform/ec/build/zephyr/yoda/modules/ec/driver/stm_mems_common.c.obj
[yoda:rw] [59/361] Building C object CMakeFiles/app.dir/mnt/host/source/src/platform/ec/build/zephyr/yoda/modules/ec/common/host_event_commands.c.obj
[yoda:ro] [86/361] Building C object CMakeFiles/app.dir/mnt/host/source/src/platform/ec/build/zephyr/yoda/modules/ec/common/tablet_mode.c.obj
[/mnt/host/source/src/platform/ec/build/zephyr/lotso-lcov]   /mnt/host/source/src/platform/ec/build/zephyr/lotso/build-ro/modules/ec/zephyr/CMakeFiles/ec_shim.dir/shim/src/charger.c.gcno:no functions found
[/mnt/host/source/src/platform/ec/build/zephyr/lotso-lcov] stderr:
[yoda:ro] [87/361] Building C object CMakeFiles/app.dir/mnt/host/source/src/platform/ec/build/zephyr/yoda/modules/ec/common/timer.c.obj
[uldren:rw] [14/414] Building C object CMakeFiles/app.dir/mnt/host/source/src/platform/ec/zephyr/subsys/ap_pwrseq/power_signals.c.obj
[yoda:rw] [60/361] Building C object CMakeFiles/app.dir/mnt/host/source/src/platform/ec/build/zephyr/yoda/modules/ec/common/uptime.c.obj
[yoda:ro] [88/361] Building C object CMakeFiles/app.dir/mnt/host/source/src/platform/ec/build/zephyr/yoda/modules/ec/common/usb_port_power_dumb.c.obj
[yoda:ro] [89/361] Building C object CMakeFiles/app.dir/mnt/host/source/src/platform/ec/build/zephyr/yoda/modules/ec/common/usbc_utils.c.obj
[yoda:ro] [90/361] Building C object CMakeFiles/app.dir/mnt/host/source/src/platform/ec/build/zephyr/yoda/modules/ec/common/usb_common.c.obj
[yoda:rw] [61/361] Building C object CMakeFiles/app.dir/mnt/host/source/src/platform/ec/build/zephyr/yoda/modules/ec/common/i2c_passthru.c.obj
[yoda:ro] [91/361] Building C object CMakeFiles/app.dir/mnt/host/source/src/platform/ec/build/zephyr/yoda/modules/ec/common/chargen.c.obj
[yoda:rw] [62/361] Building C object CMakeFiles/app.dir/mnt/host/source/src/platform/ec/build/zephyr/yoda/modules/ec/common/virtual_battery.c.obj
[yoda:ro] [92/361] Building C object CMakeFiles/app.dir/mnt/host/source/src/platform/ec/build/zephyr/yoda/modules/ec/common/usb_pd_host_cmd_common.c.obj
[yoda:ro] [93/361] Building C object CMakeFiles/app.dir/mnt/host/source/src/platform/ec/build/zephyr/yoda/modules/ec/common/button.c.obj
[yoda:rw] [63/361] Building C object CMakeFiles/app.dir/mnt/host/source/src/platform/ec/build/zephyr/yoda/modules/ec/common/i2c_controller.c.obj
[yoda:ro] [94/361] Building C object CMakeFiles/app.dir/mnt/host/source/src/platform/ec/build/zephyr/yoda/modules/ec/common/vboot_hash.c.obj
[uldren:rw] [15/414] Building C object CMakeFiles/app.dir/mnt/host/source/src/platform/ec/zephyr/subsys/ap_pwrseq/signal_gpio.c.obj
[yoda:rw] [64/361] Building C object CMakeFiles/app.dir/mnt/host/source/src/platform/ec/build/zephyr/yoda/modules/ec/common/mkbp_fifo.c.obj
[yoda:rw] [65/361] Building C object CMakeFiles/app.dir/mnt/host/source/src/platform/ec/build/zephyr/yoda/modules/ec/common/keyboard_scan.c.obj
[yoda:ro] [95/361] Building C object CMakeFiles/app.dir/mnt/host/source/src/platform/ec/build/zephyr/yoda/modules/ec/common/vboot/efs2.c.obj
[yoda:ro] [96/361] Building C object CMakeFiles/app.dir/mnt/host/source/src/platform/ec/build/zephyr/yoda/modules/ec/common/vstore.c.obj
[yoda:ro] [97/361] Building C object CMakeFiles/app.dir/mnt/host/source/src/platform/ec/build/zephyr/yoda/modules/ec/common/math_util.c.obj
[yoda:ro] [98/361] Building C object CMakeFiles/app.dir/mnt/host/source/src/platform/ec/build/zephyr/yoda/modules/ec/zephyr/program/skywalker/src/i2c.c.obj
[/mnt/host/source/src/platform/ec/build/zephyr/lotso-lcov]   /mnt/host/source/src/platform/ec/build/zephyr/lotso/build-ro/modules/ec/zephyr/CMakeFiles/ec_shim.dir/shim/src/usba.c.gcno:no functions found
[yoda:ro] [99/361] Building C object CMakeFiles/app.dir/mnt/host/source/src/platform/ec/build/zephyr/yoda/modules/ec/zephyr/program/skywalker/src/hibernate.c.obj
[/mnt/host/source/src/platform/ec/build/zephyr/lotso-lcov] stderr:
[yoda:rw] [66/361] Building C object CMakeFiles/app.dir/mnt/host/source/src/platform/ec/build/zephyr/yoda/modules/ec/common/mkbp_info.c.obj
[yoda:rw] [67/361] Building C object CMakeFiles/app.dir/mnt/host/source/src/platform/ec/build/zephyr/yoda/modules/ec/common/mkbp_input_devices.c.obj
[yoda:rw] [68/361] Building C object CMakeFiles/app.dir/mnt/host/source/src/platform/ec/build/zephyr/yoda/modules/ec/common/keyboard_mkbp.c.obj
[yoda:ro] [100/361] Building C object CMakeFiles/app.dir/mnt/host/source/src/platform/ec/build/zephyr/yoda/modules/ec/zephyr/program/skywalker/src/backlight.c.obj
[yoda:ro] [101/361] Building C object CMakeFiles/app.dir/mnt/host/source/src/platform/ec/build/zephyr/yoda/modules/ec/zephyr/program/skywalker/src/hooks.c.obj
[uldren:rw] [16/414] Building C object CMakeFiles/app.dir/mnt/host/source/src/platform/ec/zephyr/subsys/ap_pwrseq/signal_vw.c.obj
[yoda:rw] [69/361] Building C object CMakeFiles/app.dir/mnt/host/source/src/platform/ec/build/zephyr/yoda/modules/ec/common/led_common.c.obj
[yoda:rw] [70/361] Building C object CMakeFiles/app.dir/mnt/host/source/src/platform/ec/build/zephyr/yoda/modules/ec/common/motion_lid.c.obj
[yoda:ro] [102/361] Building C object CMakeFiles/app.dir/mnt/host/source/src/platform/ec/build/zephyr/yoda/modules/ec/zephyr/program/skywalker/src/dp_alt_mode.c.obj
[yoda:ro] [103/361] Building C object zephyr/CMakeFiles/zephyr.dir/lib/libc/validate_libc.c.obj
[yoda:ro] [104/361] Building C object zephyr/CMakeFiles/zephyr.dir/lib/heap/heap.c.obj
[yoda:ro] [105/361] Building C object CMakeFiles/app.dir/yoda/src/sensor.c.obj
[/mnt/host/source/src/platform/ec/build/zephyr/pujjolo-ish-lcov]   /mnt/host/source/src/platform/ec/build/zephyr/pujjolo-ish/build-singleimage/zephyr/kernel/CMakeFiles/kernel.dir/errno.c.gcno:no functions found
[/mnt/host/source/src/platform/ec/build/zephyr/pujjolo-ish-lcov] stderr:
[yoda:ro] [106/361] Building C object zephyr/CMakeFiles/zephyr.dir/lib/os/cbprintf_packaged.c.obj
[yoda:rw] [71/361] Building C object CMakeFiles/app.dir/mnt/host/source/src/platform/ec/build/zephyr/yoda/modules/ec/common/lid_angle.c.obj
[yoda:ro] [107/361] Linking C static library app/libapp.a
[yoda:ro] [108/361] Building C object zephyr/CMakeFiles/zephyr.dir/lib/os/printk.c.obj
[yoda:rw] [72/361] Building C object CMakeFiles/app.dir/mnt/host/source/src/platform/ec/build/zephyr/yoda/modules/ec/common/lid_angle_keyboard_policy.c.obj
[yoda:rw] [73/361] Building C object CMakeFiles/app.dir/mnt/host/source/src/platform/ec/build/zephyr/yoda/modules/ec/common/lid_switch.c.obj
[yoda:ro] [109/361] Building C object zephyr/CMakeFiles/zephyr.dir/lib/os/clock.c.obj
[yoda:ro] [110/361] Building C object zephyr/CMakeFiles/zephyr.dir/lib/utils/dec.c.obj
[uldren:rw] [17/414] Building C object CMakeFiles/app.dir/mnt/host/source/src/platform/ec/zephyr/subsys/ap_pwrseq/signal_adc.c.obj
[yoda:ro] [111/361] Building C object zephyr/CMakeFiles/zephyr.dir/lib/os/thread_entry.c.obj
[yoda:ro] [112/361] Building C object zephyr/CMakeFiles/zephyr.dir/lib/utils/hex.c.obj
[/mnt/host/source/src/platform/ec/build/zephyr/steelix-lcov]   /mnt/host/source/src/platform/ec/build/zephyr/steelix/build-ro/CMakeFiles/app.dir/mnt/host/source/src/platform/ec/build/zephyr/steelix/modules/ec/common/cbi_config.c.gcno:no functions found
[/mnt/host/source/src/platform/ec/build/zephyr/steelix-lcov] stderr:
[yoda:rw] [74/361] Building C object CMakeFiles/app.dir/mnt/host/source/src/platform/ec/build/zephyr/yoda/modules/ec/common/mkbp_event.c.obj
[yoda:ro] [113/361] Building C object zephyr/CMakeFiles/zephyr.dir/lib/os/sem.c.obj
[yoda:ro] [114/361] Building C object zephyr/CMakeFiles/zephyr.dir/lib/os/cbprintf_nano.c.obj
[yoda:ro] [115/361] Building C object zephyr/CMakeFiles/zephyr.dir/lib/os/cbprintf.c.obj
[yoda:rw] [75/361] Building C object CMakeFiles/app.dir/mnt/host/source/src/platform/ec/build/zephyr/yoda/modules/ec/common/motion_sense.c.obj
[yoda:ro] [116/361] Building C object zephyr/CMakeFiles/zephyr.dir/lib/utils/timeutil.c.obj
[yoda:ro] [117/361] Building C object zephyr/CMakeFiles/zephyr.dir/lib/os/assert.c.obj
[yoda:ro] [118/361] Building C object zephyr/CMakeFiles/zephyr.dir/lib/utils/bitmask.c.obj
[yoda:ro] [119/361] Building C object zephyr/CMakeFiles/zephyr.dir/lib/utils/last_section_id.c.obj
[yoda:rw] [76/361] Building C object CMakeFiles/app.dir/mnt/host/source/src/platform/ec/build/zephyr/yoda/modules/ec/common/power_button.c.obj
[yoda:ro] [120/361] Building C object zephyr/CMakeFiles/zephyr.dir/lib/utils/ring_buffer.c.obj
[yoda:ro] [121/361] Building C object zephyr/CMakeFiles/zephyr.dir/lib/utils/rb.c.obj
[yoda:rw] [77/361] Building C object CMakeFiles/app.dir/mnt/host/source/src/platform/ec/build/zephyr/yoda/modules/ec/power/common.c.obj
[yoda:ro] [122/361] Building C object zephyr/CMakeFiles/zephyr.dir/misc/generated/configs.c.obj
[yoda:rw] [78/361] Building C object CMakeFiles/app.dir/mnt/host/source/src/platform/ec/build/zephyr/yoda/modules/ec/power/host_sleep.c.obj
[yoda:ro] [123/361] Building C object zephyr/CMakeFiles/zephyr.dir/lib/utils/bitarray.c.obj
[yoda:ro] [124/361] Building C object zephyr/CMakeFiles/zephyr.dir/lib/utils/getopt/getopt.c.obj
[yoda:ro] [125/361] Building C object zephyr/CMakeFiles/zephyr.dir/lib/utils/getopt/getopt_common.c.obj
[uldren:rw] [18/414] Building C object CMakeFiles/app.dir/mnt/host/source/src/platform/ec/zephyr/subsys/ap_pwrseq/power_host_sleep.c.obj
[/mnt/host/source/src/platform/ec/build/zephyr/pujjolo-ish-lcov]   /mnt/host/source/src/platform/ec/build/zephyr/pujjolo-ish/build-singleimage/zephyr/lib/libc/picolibc/CMakeFiles/lib__libc__picolibc.dir/errno_wrap.c.gcno:no functions found
[/mnt/host/source/src/platform/ec/build/zephyr/pujjolo-ish-lcov] stderr:
[yoda:rw] [79/361] Building C object CMakeFiles/app.dir/mnt/host/source/src/platform/ec/build/zephyr/yoda/modules/ec/power/mt8186.c.obj
[yoda:ro] [126/361] Building C object zephyr/CMakeFiles/zephyr.dir/soc/nuvoton/npcx/common/power.c.obj
[yoda:ro] [127/361] Building C object zephyr/CMakeFiles/zephyr.dir/soc/nuvoton/npcx/common/npcxn/registers.c.obj
[yoda:rw] [80/361] Building C object CMakeFiles/app.dir/mnt/host/source/src/platform/ec/build/zephyr/yoda/modules/ec/common/panic_output.c.obj
[yoda:ro] [128/361] Building C object zephyr/CMakeFiles/zephyr.dir/soc/nuvoton/npcx/npcx9/soc.c.obj
[yoda:rw] [81/361] Building C object CMakeFiles/app.dir/mnt/host/source/src/platform/ec/build/zephyr/yoda/modules/ec/common/sha256.c.obj
[yoda:ro] [129/361] Building C object zephyr/CMakeFiles/zephyr.dir/soc/nuvoton/npcx/common/scfg.c.obj
[yoda:rw] [82/361] Building C object CMakeFiles/app.dir/mnt/host/source/src/platform/ec/build/zephyr/yoda/modules/ec/common/shared_mem.c.obj
[yoda:ro] [130/361] Building C object zephyr/CMakeFiles/zephyr.dir/subsys/logging/log_minimal.c.obj
[/mnt/host/source/src/platform/ec/build/zephyr/steelix-lcov]   /mnt/host/source/src/platform/ec/build/zephyr/steelix/build-ro/zephyr/arch/arch/arm/core/mpu/CMakeFiles/arch__arm__core__mpu.dir/arm_mpu_regions.c.gcno:no functions found
[/mnt/host/source/src/platform/ec/build/zephyr/steelix-lcov] stderr:
[yoda:ro] [131/361] Building C object zephyr/CMakeFiles/zephyr.dir/subsys/pm/state.c.obj
[yoda:rw] [83/361] Building C object CMakeFiles/app.dir/mnt/host/source/src/platform/ec/build/zephyr/yoda/modules/ec/common/switch.c.obj
[yoda:ro] [132/361] Building C object zephyr/CMakeFiles/zephyr.dir/subsys/pm/pm.c.obj
[yoda:ro] [133/361] Building C object zephyr/CMakeFiles/zephyr.dir/subsys/mem_mgmt/mem_attr.c.obj
[yoda:rw] [84/361] Building C object CMakeFiles/app.dir/mnt/host/source/src/platform/ec/build/zephyr/yoda/modules/ec/common/spi_flash_reg.c.obj
[yoda:ro] [134/361] Building C object zephyr/CMakeFiles/zephyr.dir/subsys/pm/policy/policy_events.c.obj
[uldren:rw] [19/414] Building C object CMakeFiles/app.dir/mnt/host/source/src/platform/ec/zephyr/subsys/ap_pwrseq/x86_non_dsx_common_pwrseq_sm_handler.c.obj
[yoda:ro] [135/361] Building C object zephyr/CMakeFiles/zephyr.dir/subsys/pm/policy/policy_state_lock.c.obj
[yoda:rw] [85/361] Building C object CMakeFiles/app.dir/mnt/host/source/src/platform/ec/build/zephyr/yoda/modules/ec/common/tablet_mode.c.obj
[yoda:rw] [86/361] Building C object CMakeFiles/app.dir/mnt/host/source/src/platform/ec/build/zephyr/yoda/modules/ec/driver/stm_mems_common.c.obj
[yoda:ro] [136/361] Building C object zephyr/CMakeFiles/zephyr.dir/subsys/pm/policy/policy_latency.c.obj
[yoda:ro] [137/361] Building C object zephyr/CMakeFiles/zephyr.dir/subsys/pm/device.c.obj
[yoda:ro] [138/361] Building C object zephyr/CMakeFiles/zephyr.dir/subsys/tracing/tracing_none.c.obj
[yoda:rw] [87/361] Building C object CMakeFiles/app.dir/mnt/host/source/src/platform/ec/build/zephyr/yoda/modules/ec/common/timer.c.obj
[yoda:ro] [139/361] Building C object zephyr/CMakeFiles/zephyr.dir/subsys/pm/device_runtime.c.obj
[yoda:ro] [140/361] Building C object zephyr/CMakeFiles/zephyr.dir/subsys/testsuite/coverage/coverage.c.obj
[/mnt/host/source/src/platform/ec/build/zephyr/steelix-lcov]   /mnt/host/source/src/platform/ec/build/zephyr/steelix/build-ro/zephyr/arch/common/CMakeFiles/isr_tables.dir/isr_tables.c.gcno:no functions found
[/mnt/host/source/src/platform/ec/build/zephyr/steelix-lcov] stderr:
[yoda:rw] [88/361] Building C object CMakeFiles/app.dir/mnt/host/source/src/platform/ec/build/zephyr/yoda/modules/ec/common/usb_port_power_dumb.c.obj
[yoda:ro] [141/361] Building C object zephyr/CMakeFiles/zephyr.dir/subsys/shell/modules/kernel_service/kernel_shell.c.obj
[yoda:ro] [142/361] Building C object zephyr/CMakeFiles/zephyr.dir/subsys/shell/modules/kernel_service/sleep.c.obj
[yoda:ro] [143/361] Building C object zephyr/CMakeFiles/zephyr.dir/subsys/shell/modules/kernel_service/cycles.c.obj
[yoda:rw] [89/361] Building C object CMakeFiles/app.dir/mnt/host/source/src/platform/ec/build/zephyr/yoda/modules/ec/common/usbc_utils.c.obj
[uldren:rw] [20/414] Building C object CMakeFiles/app.dir/mnt/host/source/src/platform/ec/zephyr/subsys/ap_pwrseq/x86_non_dsx_chipset_power_state.c.obj
[/mnt/host/source/src/platform/ec/build/zephyr/pujjolo-ish-lcov]   /mnt/host/source/src/platform/ec/build/zephyr/pujjolo-ish/build-singleimage/zephyr/drivers/syscon/CMakeFiles/drivers__syscon.dir/mnt/host/source/src/third_party/zephyr/main/misc/empty_file.c.gcno:no functions found
[/mnt/host/source/src/platform/ec/build/zephyr/pujjolo-ish-lcov] Filter suppressions 'region':
[yoda:ro] [144/361] Building C object zephyr/CMakeFiles/zephyr.dir/subsys/shell/modules/kernel_service/uptime.c.obj
[yoda:ro] [145/361] Building C object zephyr/CMakeFiles/zephyr.dir/subsys/shell/modules/kernel_service/version.c.obj
[/mnt/host/source/src/platform/ec/build/zephyr/pujjolo-ish-lcov]     22 instances
[/mnt/host/source/src/platform/ec/build/zephyr/pujjolo-ish-lcov]     20 coverpoints
[/mnt/host/source/src/platform/ec/build/zephyr/pujjolo-ish-lcov] Message summary:
[/mnt/host/source/src/platform/ec/build/zephyr/pujjolo-ish-lcov]   1 warning message:
[/mnt/host/source/src/platform/ec/build/zephyr/pujjolo-ish-lcov]     format: 1
[/mnt/host/source/src/platform/ec/build/zephyr/pujjolo-ish-lcov]   9 ignore messages:
[/mnt/host/source/src/platform/ec/build/zephyr/pujjolo-ish-lcov]     gcov: 9
[uldren:ro] Building: /usr/bin/ninja -C /mnt/host/source/src/platform/ec/build/zephyr/uldren/build-ro all.libraries
Running `env -i SHELL=/bin/bash COLORTERM=truecolor DEPOT_TOOLS_UPDATE=0 LESS='-R -M --shift 5' SUDO_GID=0 JDK_HOME=/etc/java-config-2/current-system-vm CONFIG_PROTECT_MASK='/etc/gentoo-release /etc/sandbox.d /etc/fonts/fonts.conf /etc/terminfo /etc/ca-certificates.conf /etc/revdep-rebuild' CHROMEOS_CACHEDIR=/var/cache/chromeos-cache JAVA_HOME=/etc/java-config-2/current-system-vm SSH_AUTH_SOCK=/tmp/ssh-auth-sock SUDO_COMMAND=/bin/bash SUDO_USER=root SUDO_TTY=/dev/pts/2 EDITOR=/usr/bin/vi PWD=/mnt/host/source/src/platform/ec CONFIG_PROTECT=/usr/share/gnupg/qualified.txt LOGNAME=jpmurphy MANPATH=/etc/java-config-2/current-system-vm/man:/usr/local/share/man:/usr/share/man:/usr/share/gcc-data/x86_64-pc-linux-gnu/10.2.0/man:/usr/share/binutils-data/x86_64-pc-linux-gnu/2.45/man:/etc/java-config-2/current-system-vm/man/ SUDO_HOME=/root XAUTHORITY=/run/user/944457/gdm/Xauthority HOME=/home/jpmurphy LANG=C.UTF-8 LS_COLORS='rs=0:di=01;34:ln=01;36:mh=00:pi=40;33:so=01;35:do=01;35:bd=40;33;01:cd=40;33;01:or=01;05;37;41:mi=01;05;37;41:su=37;41:sg=30;43:ca=30;41:tw=30;42:ow=34;42:st=37;44:ex=01;32:*.tar=01;31:*.tgz=01;31:*.arc=01;31:*.arj=01;31:*.taz=01;31:*.lha=01;31:*.lz4=01;31:*.lzh=01;31:*.lzma=01;31:*.tlz=01;31:*.txz=01;31:*.tzo=01;31:*.t7z=01;31:*.zip=01;31:*.z=01;31:*.dz=01;31:*.gz=01;31:*.lrz=01;31:*.lz=01;31:*.lzo=01;31:*.xz=01;31:*.zst=01;31:*.tzst=01;31:*.bz2=01;31:*.bz=01;31:*.tbz=01;31:*.tbz2=01;31:*.tz=01;31:*.deb=01;31:*.rpm=01;31:*.jar=01;31:*.war=01;31:*.ear=01;31:*.sar=01;31:*.rar=01;31:*.alz=01;31:*.ace=01;31:*.zoo=01;31:*.cpio=01;31:*.7z=01;31:*.rz=01;31:*.cab=01;31:*.wim=01;31:*.swm=01;31:*.dwm=01;31:*.esd=01;31:*.jpg=01;35:*.jpeg=01;35:*.mjpg=01;35:*.mjpeg=01;35:*.gif=01;35:*.bmp=01;35:*.pbm=01;35:*.pgm=01;35:*.ppm=01;35:*.tga=01;35:*.xbm=01;35:*.xpm=01;35:*.tif=01;35:*.tiff=01;35:*.png=01;35:*.svg=01;35:*.svgz=01;35:*.mng=01;35:*.pcx=01;35:*.mov=01;35:*.mpg=01;35:*.mpeg=01;35:*.m2v=01;35:*.mkv=01;35:*.webm=01;35:*.webp=01;35:*.ogm=01;35:*.mp4=01;35:*.m4v=01;35:*.mp4v=01;35:*.vob=01;35:*.qt=01;35:*.nuv=01;35:*.wmv=01;35:*.asf=01;35:*.rm=01;35:*.rmvb=01;35:*.flc=01;35:*.avi=01;35:*.fli=01;35:*.flv=01;35:*.gl=01;35:*.dl=01;35:*.xcf=01;35:*.xwd=01;35:*.yuv=01;35:*.cgm=01;35:*.emf=01;35:*.ogv=01;35:*.ogx=01;35:*.cfg=00;32:*.conf=00;32:*.diff=00;32:*.doc=00;32:*.ini=00;32:*.log=00;32:*.patch=00;32:*.pdf=00;32:*.ps=00;32:*.tex=00;32:*.txt=00;32:*.aac=00;36:*.au=00;36:*.flac=00;36:*.m4a=00;36:*.mid=00;36:*.midi=00;36:*.mka=00;36:*.mp3=00;36:*.mpc=00;36:*.ogg=00;36:*.ra=00;36:*.wav=00;36:*.oga=00;36:*.opus=00;36:*.spx=00;36:*.xspf=00;36:' XDG_CURRENT_DESKTOP=GNOME INFOPATH=/usr/share/info:/usr/share/gcc-data/x86_64-pc-linux-gnu/10.2.0/info:/usr/share/binutils-data/x86_64-pc-linux-gnu/2.45/info:/usr/share/automake-1.16.5/info JAVAC=/etc/java-config-2/current-system-vm/bin/javac TERM=xterm-256color LESSOPEN='|lesspipe %s' USER=jpmurphy CROS_WORKON_SRCROOT=/mnt/host/source MANPAGER=manpager DISPLAY=:1 SHLVL=1 LC_MESSAGES=C EXTERNAL_TRUNK_PATH=/mnt/8f9d649a-3721-44cc-93c0-e6bd21a9689f/chromiumos GCC_SPECS='' PATH=/mnt/host/source/chromite/bin:/usr/local/bin:/usr/bin:/bin:/opt/bin:/mnt/host/source/chromite/sdk/bin:/mnt/host/source/chromite/bin PORTAGE_USERNAME=jpmurphy SUDO_UID=0 GCC_VER=10.2.0 MAIL=/var/mail/jpmurphy OLDPWD=/mnt/host/source/src/scripts traceparent=00-e87aca51550a78635907baa6a2476181-6d684811675d2973-01 _=./zephyr/firmware_builder.py COREBOOT_SDK_ROOT_x86=/home/jpmurphy/.cache/coreboot-sdk/i386-elf/dfbb0486385d938cfa9d73080b9d18d598ed4f49 COREBOOT_SDK_ROOT_picolibc_x86=/home/jpmurphy/.cache/coreboot-sdk/picolibc-i386-elf/eb8e8e687b95461de8cbf278f1c2076952d0ad17 COREBOOT_SDK_ROOT_riscv64=/home/jpmurphy/.cache/coreboot-sdk/riscv64-elf/96b949749225b6aaa92ed810ab769e8dfb12f000 COREBOOT_SDK_ROOT_picolibc_arm=/home/jpmurphy/.cache/coreboot-sdk/picolibc-arm-eabi/422a2aa3e1ef891b5bece9a3deb696ff83840d2e COREBOOT_SDK_ROOT_nds32=/home/jpmurphy/.cache/coreboot-sdk/nds32le-elf/d1a518c4a097666d86058e1444f85ca015d15511 COREBOOT_SDK_ROOT_picolibc_riscv64=/home/jpmurphy/.cache/coreboot-sdk/picolibc-riscv64-elf/f571e990ef0278564b31124f8bb109d9a697eb69 COREBOOT_SDK_ROOT_arm=/home/jpmurphy/.cache/coreboot-sdk/arm-eabi/ea40ddd1d190c3b48435c474c0b545719371813a COREBOOT_SDK_ROOT_libstdcxx_riscv64=/home/jpmurphy/.cache/coreboot-sdk/libstdcxx-riscv64-elf/17abf22a3a252e2d5d2062ced5324f7a623689e0 COREBOOT_SDK_ROOT_libstdcxx_arm=/home/jpmurphy/.cache/coreboot-sdk/libstdcxx-arm-eabi/5d7d82e150e44aa1968f1d366e267e6687b328ac COREBOOT_SDK_ROOT_riscv=/home/jpmurphy/.cache/coreboot-sdk/riscv-elf/9a27b9e82341c6e9126624f516ab3f261abb3e73 COREBOOT_SDK_ROOT_libstdcxx_x86=/home/jpmurphy/.cache/coreboot-sdk/libstdcxx-i386-elf/42ef9d2e87a76a37963175d7d428734e65648b87 PYTHONPATH=/mnt/host/source/src/platform/ec/zephyr/zmake PW_PIGWEED_CIPD_INSTALL_DIR=/usr CROSTC_USER_ACKNOWLEDGES_THAT_RISCV_IS_EXPERIMENTAL=1 MAKEFLAGS=' -j16 --jobserver-auth=5,6' /usr/bin/ninja -C /mnt/host/source/src/platform/ec/build/zephyr/uldren/build-ro all.libraries`
[uldren:ro] ninja: Entering directory `/mnt/host/source/src/platform/ec/build/zephyr/uldren/build-ro'
[yoda:ro] [146/361] Building C object zephyr/CMakeFiles/zephyr.dir/subsys/shell/modules/kernel_service/thread/list.c.obj
[yoda:rw] [90/361] Building C object CMakeFiles/app.dir/mnt/host/source/src/platform/ec/build/zephyr/yoda/modules/ec/common/chargen.c.obj
[yoda:rw] [91/361] Building C object CMakeFiles/app.dir/mnt/host/source/src/platform/ec/build/zephyr/yoda/modules/ec/common/usb_common.c.obj
[yoda:ro] [147/361] Building C object zephyr/CMakeFiles/zephyr.dir/subsys/shell/modules/kernel_service/thread/thread.c.obj
[yoda:rw] [92/361] Building C object CMakeFiles/app.dir/mnt/host/source/src/platform/ec/build/zephyr/yoda/modules/ec/common/usb_pd_host_cmd_common.c.obj
[yoda:rw] [93/361] Building C object CMakeFiles/app.dir/mnt/host/source/src/platform/ec/build/zephyr/yoda/modules/ec/common/vboot_hash.c.obj
[yoda:ro] [148/361] Building C object zephyr/CMakeFiles/zephyr.dir/subsys/shell/modules/kernel_service/thread/stacks.c.obj
[yoda:ro] [149/361] Building C object zephyr/CMakeFiles/zephyr.dir/subsys/shell/modules/kernel_service/thread/suspend.c.obj
[yoda:ro] [150/361] Building C object zephyr/CMakeFiles/zephyr.dir/subsys/shell/modules/kernel_service/thread/resume.c.obj
[uldren:ro] [1/414] Generating include/generated/zephyr/version.h
[uldren:ro] -- git describe warned: warning: tag 'upstream/v2.7.99' is externally known as 'v2.7.99'
[uldren:ro] -- Zephyr version: 4.3.99 (/mnt/host/source/src/third_party/zephyr/main)
[uldren:ro] [2/414] Preparing syscall dependency handling
[yoda:rw] [94/361] Building C object CMakeFiles/app.dir/mnt/host/source/src/platform/ec/build/zephyr/yoda/modules/ec/common/button.c.obj
[uldren:ro] [3/414] Generating misc/generated/syscalls_subdirs.trigger
[yoda:ro] [151/361] Building C object zephyr/CMakeFiles/zephyr.dir/subsys/shell/modules/kernel_service/thread/kill.c.obj
[uldren:rw] [21/414] Building C object CMakeFiles/app.dir/mnt/host/source/src/platform/ec/zephyr/subsys/ap_pwrseq/x86_non_dsx_common_pwrseq_host_sleep.c.obj
[yoda:ro] [152/361] Building C object zephyr/CMakeFiles/zephyr.dir/subsys/shell/shell.c.obj
[yoda:ro] [153/361] Building C object zephyr/CMakeFiles/zephyr.dir/subsys/shell/shell_fprintf.c.obj
[yoda:ro] [154/361] Building C object zephyr/CMakeFiles/zephyr.dir/subsys/shell/backends/shell_uart.c.obj
[yoda:rw] [95/361] Building C object CMakeFiles/app.dir/mnt/host/source/src/platform/ec/build/zephyr/yoda/modules/ec/common/vstore.c.obj
[yoda:rw] [96/361] Building C object CMakeFiles/app.dir/mnt/host/source/src/platform/ec/build/zephyr/yoda/modules/ec/common/math_util.c.obj
[yoda:rw] [97/361] Building C object CMakeFiles/app.dir/mnt/host/source/src/platform/ec/build/zephyr/yoda/modules/ec/common/vboot/efs2.c.obj
[yoda:ro] [155/361] Building C object zephyr/CMakeFiles/zephyr.dir/subsys/shell/shell_utils.c.obj
[yoda:ro] [156/361] Building C object zephyr/CMakeFiles/zephyr.dir/subsys/shell/shell_ops.c.obj
[yoda:rw] [98/361] Building C object CMakeFiles/app.dir/mnt/host/source/src/platform/ec/build/zephyr/yoda/modules/ec/zephyr/program/skywalker/src/i2c.c.obj
[yoda:ro] [157/361] Building C object zephyr/CMakeFiles/zephyr.dir/subsys/shell/shell_help.c.obj
[yoda:ro] [158/361] Building C object zephyr/arch/common/CMakeFiles/arch__common.dir/init.c.obj
[uldren:ro] [4/414] Generating misc/generated/syscalls.json, misc/generated/struct_tags.json
[yoda:ro] [159/361] Building C object zephyr/CMakeFiles/zephyr.dir/subsys/shell/shell_history.c.obj
[yoda:ro] [160/361] Building C object zephyr/arch/common/CMakeFiles/arch__common.dir/sw_isr_common.c.obj
[yoda:rw] [99/361] Building C object CMakeFiles/app.dir/mnt/host/source/src/platform/ec/build/zephyr/yoda/modules/ec/zephyr/program/skywalker/src/hibernate.c.obj
[uldren:ro] [5/414] Generating include/generated/zephyr/syscall_dispatch.c, include/generated/zephyr/syscall_exports_llext.c, syscall_weakdefs_llext.c, include/generated/zephyr/syscall_list.h
[yoda:ro] [161/361] Building ASM object zephyr/arch/arch/arm/core/CMakeFiles/arch__arm__core.dir/nmi_on_reset.S.obj
[yoda:ro] [162/361] Building C object zephyr/CMakeFiles/zephyr.dir/drivers/flash/flash_util.c.obj
[yoda:ro] [163/361] Building C object zephyr/arch/common/CMakeFiles/isr_tables.dir/isr_tables.c.obj
[yoda:ro] [164/361] Linking C static library zephyr/arch/common/libisr_tables.a
[yoda:rw] [100/361] Building C object CMakeFiles/app.dir/mnt/host/source/src/platform/ec/build/zephyr/yoda/modules/ec/zephyr/program/skywalker/src/backlight.c.obj
[uldren:rw] [22/414] Building C object CMakeFiles/app.dir/mnt/host/source/src/platform/ec/zephyr/subsys/ap_pwrseq/x86_non_dsx_common_pwrseq_console.c.obj
[yoda:ro] [165/361] Linking C static library zephyr/libzephyr.a
[yoda:ro] [166/361] Building C object zephyr/arch/arch/arm/core/CMakeFiles/arch__arm__core.dir/fatal.c.obj
[yoda:rw] [101/361] Building C object CMakeFiles/app.dir/yoda/src/sensor.c.obj
[yoda:ro] [167/361] Building C object zephyr/arch/common/CMakeFiles/arch__common.dir/xip.c.obj
[yoda:rw] [102/361] Building C object CMakeFiles/app.dir/mnt/host/source/src/platform/ec/build/zephyr/yoda/modules/ec/zephyr/program/skywalker/src/hooks.c.obj
[uldren:ro] [6/414] Generating include/generated/zephyr/driver-validation.h
[yoda:ro] [168/361] Building ASM object zephyr/arch/arch/arm/core/cortex_m/CMakeFiles/arch__arm__core__cortex_m.dir/fault_s.S.obj
[yoda:ro] [169/361] Building C object zephyr/arch/arch/arm/core/CMakeFiles/arch__arm__core.dir/nmi.c.obj
[yoda:ro] [170/361] Linking C static library zephyr/arch/common/libarch__common.a
[yoda:rw] [103/361] Building C object CMakeFiles/app.dir/mnt/host/source/src/platform/ec/build/zephyr/yoda/modules/ec/zephyr/program/skywalker/src/dp_alt_mode.c.obj
[yoda:ro] [171/361] Building C object zephyr/arch/arch/arm/core/cortex_m/CMakeFiles/arch__arm__core__cortex_m.dir/exc_exit.c.obj
[uldren:ro] [7/414] Generating include/generated/zephyr/kobj-types-enum.h, include/generated/zephyr/otype-to-str.h, include/generated/zephyr/otype-to-size.h
[yoda:rw] [104/361] Building C object zephyr/CMakeFiles/zephyr.dir/lib/libc/validate_libc.c.obj
[uldren:ro] [8/414] Generating include/generated/device-api-sections.ld, include/generated/device-api-sections.cmake
[yoda:ro] [172/361] Linking C static library zephyr/arch/arch/arm/core/libarch__arm__core.a
[yoda:rw] [105/361] Linking C static library app/libapp.a
[yoda:ro] [173/361] Building ASM object zephyr/arch/arch/arm/core/cortex_m/CMakeFiles/arch__arm__core__cortex_m.dir/vector_table.S.obj
[yoda:ro] [174/361] Building C object zephyr/arch/arch/arm/core/cortex_m/CMakeFiles/arch__arm__core__cortex_m.dir/fault.c.obj
[yoda:ro] [175/361] Building C object zephyr/arch/arch/arm/core/cortex_m/CMakeFiles/arch__arm__core__cortex_m.dir/fpu.c.obj
[yoda:rw] [106/361] Building C object zephyr/CMakeFiles/zephyr.dir/lib/heap/heap.c.obj
[yoda:ro] [176/361] Building ASM object zephyr/arch/arch/arm/core/cortex_m/CMakeFiles/arch__arm__core__cortex_m.dir/reset.S.obj
[yoda:ro] [177/361] Building C object zephyr/arch/arch/arm/core/cortex_m/CMakeFiles/arch__arm__core__cortex_m.dir/scb.c.obj
[yoda:rw] [107/361] Building C object zephyr/CMakeFiles/zephyr.dir/lib/os/cbprintf_packaged.c.obj
[yoda:ro] [178/361] Building C object zephyr/arch/arch/arm/core/cortex_m/CMakeFiles/arch__arm__core__cortex_m.dir/thread_abort.c.obj
[yoda:rw] [108/361] Building C object zephyr/CMakeFiles/zephyr.dir/lib/os/clock.c.obj
[yoda:rw] [109/361] Building C object zephyr/CMakeFiles/zephyr.dir/lib/os/sem.c.obj
[yoda:ro] [179/361] Building ASM object zephyr/arch/arch/arm/core/cortex_m/CMakeFiles/arch__arm__core__cortex_m.dir/swap_helper.S.obj
[uldren:rw] [23/414] Building C object CMakeFiles/app.dir/mnt/host/source/src/platform/ec/zephyr/subsys/ap_pwrseq/x86_non_dsx_common_pwrseq_host_command.c.obj
[yoda:rw] [110/361] Building C object zephyr/CMakeFiles/zephyr.dir/lib/os/printk.c.obj
[uldren:ro] [9/414] Building C object zephyr/CMakeFiles/offsets.dir/arch/arm/core/offsets/offsets.c.obj
[/mnt/host/source/src/platform/ec/build/zephyr/steelix-lcov]   /mnt/host/source/src/platform/ec/build/zephyr/steelix/build-ro/zephyr/CMakeFiles/zephyr.dir/subsys/shell/modules/kernel_service/kernel_shell.c.gcno:no functions found
[/mnt/host/source/src/platform/ec/build/zephyr/steelix-lcov] stderr:
[yoda:ro] [180/361] Building C object zephyr/arch/arch/arm/core/cortex_m/CMakeFiles/arch__arm__core__cortex_m.dir/irq_manage.c.obj
[yoda:ro] [181/361] Building C object zephyr/arch/arch/arm/core/cortex_m/CMakeFiles/arch__arm__core__cortex_m.dir/prep_c.c.obj
[uldren:ro] [10/414] Generating include/generated/zephyr/offsets.h
[yoda:rw] [111/361] Building C object zephyr/CMakeFiles/zephyr.dir/lib/utils/dec.c.obj
[yoda:rw] [112/361] Building C object zephyr/CMakeFiles/zephyr.dir/lib/os/thread_entry.c.obj
[/mnt/host/source/src/platform/ec/build/zephyr/steelix-lcov]   /mnt/host/source/src/platform/ec/build/zephyr/steelix/build-ro/zephyr/CMakeFiles/zephyr.dir/lib/libc/validate_libc.c.gcno:no functions found
[/mnt/host/source/src/platform/ec/build/zephyr/steelix-lcov] stderr:
[yoda:ro] [182/361] Building C object zephyr/arch/arch/arm/core/cortex_m/CMakeFiles/arch__arm__core__cortex_m.dir/irq_init.c.obj
[yoda:ro] [183/361] Building C object zephyr/arch/arch/arm/core/cortex_m/CMakeFiles/arch__arm__core__cortex_m.dir/thread.c.obj
[yoda:ro] [184/361] Building C object zephyr/arch/arch/arm/core/cortex_m/CMakeFiles/arch__arm__core__cortex_m.dir/cpu_idle.c.obj
[yoda:ro] [185/361] Generating ../../../include/generated/libc/minimal/strerror_table.h
[yoda:rw] [113/361] Building C object zephyr/CMakeFiles/zephyr.dir/lib/os/cbprintf_nano.c.obj
[yoda:ro] [186/361] Building C object zephyr/arch/arch/arm/core/cortex_m/CMakeFiles/arch__arm__core__cortex_m.dir/isr_wrapper.c.obj
[yoda:rw] [114/361] Building C object zephyr/CMakeFiles/zephyr.dir/lib/os/cbprintf.c.obj
[yoda:ro] [187/361] Linking C static library zephyr/arch/arch/arm/core/cortex_m/libarch__arm__core__cortex_m.a
[yoda:ro] [188/361] Building C object zephyr/lib/libc/minimal/CMakeFiles/lib__libc__minimal.dir/source/stdlib/atoi.c.obj
[yoda:ro] [189/361] Building C object zephyr/lib/libc/common/CMakeFiles/lib__libc__common.dir/source/time/asctime.c.obj
[yoda:rw] [115/361] Building C object zephyr/CMakeFiles/zephyr.dir/lib/utils/hex.c.obj
[yoda:rw] [116/361] Building C object zephyr/CMakeFiles/zephyr.dir/lib/os/assert.c.obj
[yoda:ro] [190/361] Building C object zephyr/lib/libc/minimal/CMakeFiles/lib__libc__minimal.dir/source/stdlib/strtol.c.obj
[yoda:ro] [191/361] Building C object zephyr/lib/libc/minimal/CMakeFiles/lib__libc__minimal.dir/source/stdlib/strtoll.c.obj
[yoda:ro] [192/361] Building C object zephyr/arch/arch/arm/core/mpu/CMakeFiles/arch__arm__core__mpu.dir/arm_core_mpu.c.obj
[yoda:ro] [193/361] Building C object zephyr/lib/libc/minimal/CMakeFiles/lib__libc__minimal.dir/source/stdlib/strtoul.c.obj
[yoda:ro] [194/361] Building C object zephyr/lib/libc/minimal/CMakeFiles/lib__libc__minimal.dir/source/stdlib/strtoull.c.obj
[yoda:rw] [117/361] Building C object zephyr/CMakeFiles/zephyr.dir/lib/utils/bitmask.c.obj
[yoda:rw] [118/361] Building C object zephyr/CMakeFiles/zephyr.dir/lib/utils/timeutil.c.obj
[yoda:ro] [195/361] Building C object zephyr/lib/libc/minimal/CMakeFiles/lib__libc__minimal.dir/source/stdlib/bsearch.c.obj
[uldren:rw] [24/414] Building C object CMakeFiles/app.dir/mnt/host/source/src/platform/ec/zephyr/subsys/ap_pwrseq/x86_non_dsx_adlp_pwrseq_sm.c.obj
[yoda:ro] [196/361] Building C object zephyr/arch/arch/arm/core/mpu/CMakeFiles/arch__arm__core__mpu.dir/arm_mpu_regions.c.obj
[yoda:ro] [197/361] Building C object zephyr/lib/libc/minimal/CMakeFiles/lib__libc__minimal.dir/source/stdlib/qsort.c.obj
[yoda:ro] [198/361] Building C object zephyr/lib/libc/minimal/CMakeFiles/lib__libc__minimal.dir/source/string/strncasecmp.c.obj
[yoda:ro] [199/361] Building C object zephyr/lib/libc/minimal/CMakeFiles/lib__libc__minimal.dir/source/string/strstr.c.obj
[uldren:ro] [11/414] Building C object zephyr/CMakeFiles/zephyr.dir/lib/libc/validate_libc.c.obj
[yoda:ro] [200/361] Building C object zephyr/lib/libc/minimal/CMakeFiles/lib__libc__minimal.dir/source/string/strerror.c.obj
[yoda:rw] [119/361] Building C object zephyr/CMakeFiles/zephyr.dir/lib/utils/rb.c.obj
[yoda:ro] [201/361] Building C object zephyr/arch/arch/arm/core/mpu/CMakeFiles/arch__arm__core__mpu.dir/arm_mpu.c.obj
[yoda:rw] [120/361] Building C object zephyr/CMakeFiles/zephyr.dir/lib/utils/ring_buffer.c.obj
[yoda:ro] [202/361] Building C object zephyr/lib/libc/common/CMakeFiles/lib__libc__common.dir/source/stdlib/abort.c.obj
[yoda:rw] [121/361] Building C object zephyr/CMakeFiles/zephyr.dir/lib/utils/last_section_id.c.obj
[yoda:ro] [203/361] Building C object zephyr/lib/libc/minimal/CMakeFiles/lib__libc__minimal.dir/source/string/strspn.c.obj
[yoda:ro] [204/361] Building C object zephyr/lib/libc/minimal/CMakeFiles/lib__libc__minimal.dir/source/string/string.c.obj
[yoda:ro] [205/361] Linking C static library zephyr/arch/arch/arm/core/mpu/libarch__arm__core__mpu.a
[yoda:rw] [122/361] Building C object zephyr/CMakeFiles/zephyr.dir/misc/generated/configs.c.obj
[yoda:ro] [206/361] Building C object zephyr/lib/libc/minimal/CMakeFiles/lib__libc__minimal.dir/source/stdlib/exit.c.obj
[yoda:rw] [123/361] Building C object zephyr/CMakeFiles/zephyr.dir/lib/utils/bitarray.c.obj
[yoda:ro] [207/361] Building C object zephyr/lib/libc/minimal/CMakeFiles/lib__libc__minimal.dir/source/math/sqrtf.c.obj
[yoda:ro] [208/361] Building C object zephyr/lib/libc/minimal/CMakeFiles/lib__libc__minimal.dir/source/math/sqrt.c.obj
[yoda:rw] [124/361] Building C object zephyr/CMakeFiles/zephyr.dir/lib/utils/getopt/getopt.c.obj
[yoda:ro] [209/361] Building C object zephyr/lib/libc/common/CMakeFiles/lib__libc__common.dir/source/time/gmtime_r.c.obj
[yoda:rw] [125/361] Building C object zephyr/CMakeFiles/zephyr.dir/lib/utils/getopt/getopt_common.c.obj
[yoda:ro] [210/361] Building C object zephyr/lib/libc/minimal/CMakeFiles/lib__libc__minimal.dir/source/stdout/stdout_console.c.obj
[yoda:ro] [211/361] Building C object zephyr/lib/libc/minimal/CMakeFiles/lib__libc__minimal.dir/source/stdout/sprintf.c.obj
[yoda:ro] [212/361] Building C object zephyr/lib/libc/common/CMakeFiles/lib__libc__common.dir/source/time/ctime.c.obj
[yoda:ro] [213/361] Building C object zephyr/lib/libc/minimal/CMakeFiles/lib__libc__minimal.dir/source/stdout/fprintf.c.obj
[yoda:ro] [214/361] Building C object zephyr/lib/libc/common/CMakeFiles/lib__libc__common.dir/source/time/time.c.obj
[yoda:ro] [215/361] Building C object zephyr/lib/libc/common/CMakeFiles/lib__libc__common.dir/source/time/localtime_r_utc.c.obj
[/mnt/host/source/src/platform/ec/build/zephyr/steelix-lcov]   /mnt/host/source/src/platform/ec/build/zephyr/steelix/build-ro/zephyr/CMakeFiles/zephyr.dir/lib/utils/last_section_id.c.gcno:no functions found
[/mnt/host/source/src/platform/ec/build/zephyr/steelix-lcov] stderr:
[uldren:rw] [25/414] Building C object CMakeFiles/app.dir/mnt/host/source/src/platform/ec/zephyr/subsys/ap_pwrseq/ap_reset_log.c.obj
[yoda:ro] [216/361] Building C object zephyr/lib/posix/c_lib_ext/CMakeFiles/lib__posix__c_lib_ext.dir/fnmatch.c.obj
[yoda:rw] [126/361] Building C object zephyr/CMakeFiles/zephyr.dir/soc/nuvoton/npcx/common/npcxn/registers.c.obj
[uldren:ro] [12/414] Building C object zephyr/CMakeFiles/zephyr.dir/lib/heap/heap.c.obj
[yoda:ro] [217/361] Building C object zephyr/lib/libc/common/CMakeFiles/lib__libc__common.dir/source/string/strnlen.c.obj
[yoda:ro] [218/361] Building C object zephyr/lib/libc/minimal/CMakeFiles/lib__libc__minimal.dir/source/time/gmtime.c.obj
[yoda:rw] [127/361] Building C object zephyr/CMakeFiles/zephyr.dir/soc/nuvoton/npcx/common/power.c.obj
[yoda:rw] [128/361] Building C object zephyr/CMakeFiles/zephyr.dir/soc/nuvoton/npcx/common/scfg.c.obj
[yoda:ro] [219/361] Linking C static library zephyr/lib/libc/minimal/liblib__libc__minimal.a
[yoda:rw] [129/361] Building C object zephyr/CMakeFiles/zephyr.dir/soc/nuvoton/npcx/npcx9/soc.c.obj
[yoda:ro] [220/361] Building C object zephyr/subsys/crc/CMakeFiles/subsys__crc.dir/crc4_sw.c.obj
[yoda:ro] [221/361] Building C object zephyr/lib/libc/common/CMakeFiles/lib__libc__common.dir/source/stdlib/malloc.c.obj
[yoda:ro] [222/361] Building C object zephyr/subsys/crc/CMakeFiles/subsys__crc.dir/crc8_sw.c.obj
[yoda:rw] [130/361] Building C object zephyr/CMakeFiles/zephyr.dir/subsys/logging/log_minimal.c.obj
[yoda:ro] [223/361] Building C object zephyr/lib/posix/c_lib_ext/CMakeFiles/lib__posix__c_lib_ext.dir/getopt_shim.c.obj
[yoda:ro] [224/361] Building C object zephyr/lib/posix/c_lib_ext/CMakeFiles/lib__posix__c_lib_ext.dir/getentropy.c.obj
[yoda:ro] [225/361] Linking C static library zephyr/lib/libc/common/liblib__libc__common.a
[yoda:ro] [226/361] Linking C static library zephyr/lib/posix/c_lib_ext/liblib__posix__c_lib_ext.a
[yoda:rw] [131/361] Building C object zephyr/CMakeFiles/zephyr.dir/subsys/pm/state.c.obj
[yoda:ro] [227/361] Building C object zephyr/subsys/crc/CMakeFiles/subsys__crc.dir/crc16_sw.c.obj
[yoda:ro] [228/361] Building C object zephyr/subsys/crc/CMakeFiles/subsys__crc.dir/crc7_sw.c.obj
[yoda:ro] [229/361] Building C object zephyr/lib/smf/CMakeFiles/lib__smf.dir/smf.c.obj
[uldren:rw] [26/414] Building C object CMakeFiles/app.dir/mnt/host/source/src/platform/ec/build/zephyr/uldren/modules/ec/builtin/stdlib.c.obj
[yoda:ro] [230/361] Building C object zephyr/subsys/mgmt/ec_host_cmd/backends/CMakeFiles/subsys__mgmt__ec_host_cmd__backends.dir/ec_host_cmd_backend_shi_npcx.c.obj
[yoda:ro] [231/361] Building C object zephyr/subsys/mgmt/ec_host_cmd/CMakeFiles/subsys__mgmt__ec_host_cmd.dir/ec_host_cmd_handler.c.obj
[yoda:ro] [232/361] Building C object zephyr/subsys/crc/CMakeFiles/subsys__crc.dir/crc24_sw.c.obj
[yoda:rw] [132/361] Building C object zephyr/CMakeFiles/zephyr.dir/subsys/mem_mgmt/mem_attr.c.obj
[yoda:ro] [233/361] Linking C static library zephyr/lib/smf/liblib__smf.a
[yoda:ro] [234/361] Linking C static library zephyr/subsys/mgmt/ec_host_cmd/backends/libsubsys__mgmt__ec_host_cmd__backends.a
[yoda:ro] [235/361] Building C object zephyr/subsys/crc/CMakeFiles/subsys__crc.dir/crc32c_sw.c.obj
[yoda:ro] [236/361] Building C object zephyr/subsys/crc/CMakeFiles/subsys__crc.dir/crc32k_4_2_sw.c.obj
[yoda:ro] [237/361] Linking C static library zephyr/subsys/mgmt/ec_host_cmd/libsubsys__mgmt__ec_host_cmd.a
[uldren:ro] [13/414] Building C object zephyr/CMakeFiles/zephyr.dir/lib/os/cbprintf_packaged.c.obj
[yoda:ro] [238/361] Building C object zephyr/subsys/crc/CMakeFiles/subsys__crc.dir/crc32_sw.c.obj
[yoda:rw] [133/361] Building C object zephyr/CMakeFiles/zephyr.dir/subsys/pm/pm.c.obj
[yoda:ro] [239/361] Linking C static library zephyr/subsys/crc/libsubsys__crc.a
[yoda:rw] [134/361] Building C object zephyr/CMakeFiles/zephyr.dir/subsys/pm/policy/policy_events.c.obj
[/mnt/host/source/src/platform/ec/build/zephyr/lotso-lcov]   /mnt/host/source/src/platform/ec/build/zephyr/lotso/build-ro/modules/ec/zephyr/CMakeFiles/ec_shim.dir/drivers/keyboard_input/keyboard_customization_check.c.gcno:no functions found
[/mnt/host/source/src/platform/ec/build/zephyr/lotso-lcov] stderr:
[yoda:rw] [135/361] Building C object zephyr/CMakeFiles/zephyr.dir/subsys/pm/policy/policy_latency.c.obj
[yoda:ro] [240/361] Building C object zephyr/drivers/adc/CMakeFiles/drivers__adc.dir/adc_common.c.obj
[yoda:ro] [241/361] Building C object zephyr/drivers/clock_control/CMakeFiles/drivers__clock_control.dir/clock_control_npcx.c.obj
[yoda:ro] [242/361] Building C object zephyr/drivers/console/CMakeFiles/drivers__console.dir/uart_console.c.obj
[uldren:rw] [27/414] Building C object CMakeFiles/app.dir/mnt/host/source/src/platform/ec/build/zephyr/uldren/modules/ec/common/base32.c.obj
[yoda:ro] [243/361] Building C object zephyr/drivers/bbram/CMakeFiles/drivers__bbram.dir/bbram_npcx.c.obj
[uldren:ro] [14/414] Building C object zephyr/CMakeFiles/zephyr.dir/lib/os/clock.c.obj
[yoda:ro] [244/361] Linking C static library zephyr/drivers/bbram/libdrivers__bbram.a
[yoda:ro] [245/361] Linking C static library zephyr/drivers/console/libdrivers__console.a
[yoda:ro] [246/361] Building C object zephyr/drivers/interrupt_controller/CMakeFiles/drivers__interrupt_controller.dir/intc_miwu.c.obj
[yoda:rw] [136/361] Building C object zephyr/CMakeFiles/zephyr.dir/subsys/pm/policy/policy_state_lock.c.obj
[yoda:ro] [247/361] Linking C static library zephyr/drivers/clock_control/libdrivers__clock_control.a
[yoda:rw] [137/361] Building C object zephyr/CMakeFiles/zephyr.dir/subsys/pm/device.c.obj
[yoda:rw] [138/361] Building C object zephyr/CMakeFiles/zephyr.dir/subsys/pm/device_runtime.c.obj
[yoda:ro] [248/361] Linking C static library zephyr/drivers/interrupt_controller/libdrivers__interrupt_controller.a
[yoda:rw] [139/361] Building C object zephyr/CMakeFiles/zephyr.dir/subsys/testsuite/coverage/coverage.c.obj
[yoda:ro] [249/361] Building C object zephyr/drivers/flash/CMakeFiles/drivers__flash.dir/jesd216.c.obj
[yoda:ro] [250/361] Building C object zephyr/drivers/adc/CMakeFiles/drivers__adc.dir/adc_npcx.c.obj
[yoda:rw] [140/361] Building C object zephyr/CMakeFiles/zephyr.dir/subsys/tracing/tracing_none.c.obj
[yoda:ro] [251/361] Linking C static library zephyr/drivers/adc/libdrivers__adc.a
[yoda:rw] [141/361] Building C object zephyr/CMakeFiles/zephyr.dir/subsys/shell/modules/kernel_service/kernel_shell.c.obj
[yoda:ro] [252/361] Building C object zephyr/drivers/flash/CMakeFiles/drivers__flash.dir/flash_npcx_fiu_nor.c.obj
[uldren:ro] [15/414] Building C object zephyr/CMakeFiles/zephyr.dir/lib/os/printk.c.obj
[yoda:rw] [142/361] Building C object zephyr/CMakeFiles/zephyr.dir/subsys/shell/modules/kernel_service/sleep.c.obj
[yoda:rw] [143/361] Building C object zephyr/CMakeFiles/zephyr.dir/subsys/shell/modules/kernel_service/uptime.c.obj
[uldren:rw] [28/414] Building C object CMakeFiles/app.dir/mnt/host/source/src/platform/ec/build/zephyr/uldren/modules/ec/common/console_output.c.obj
[yoda:ro] [253/361] Building C object zephyr/drivers/i2c/CMakeFiles/drivers__i2c.dir/i2c_common.c.obj
[yoda:rw] [144/361] Building C object zephyr/CMakeFiles/zephyr.dir/subsys/shell/modules/kernel_service/cycles.c.obj
[yoda:ro] [254/361] Building C object zephyr/drivers/i2c/CMakeFiles/drivers__i2c.dir/i2c_shell.c.obj
[yoda:ro] [255/361] Building C object zephyr/drivers/flash/CMakeFiles/drivers__flash.dir/flash_npcx_fiu_qspi.c.obj
[yoda:ro] [256/361] Building C object zephyr/drivers/gpio/CMakeFiles/drivers__gpio.dir/gpio_npcx.c.obj
[yoda:ro] [257/361] Linking C static library zephyr/drivers/gpio/libdrivers__gpio.a
[yoda:ro] [258/361] Linking C static library zephyr/drivers/flash/libdrivers__flash.a
[yoda:rw] [145/361] Building C object zephyr/CMakeFiles/zephyr.dir/subsys/shell/modules/kernel_service/version.c.obj
[yoda:ro] [259/361] Building C object zephyr/drivers/i2c/CMakeFiles/drivers__i2c.dir/i2c_npcx_controller.c.obj
[yoda:ro] [260/361] Building C object zephyr/drivers/i2c/CMakeFiles/drivers__i2c.dir/i2c_npcx_controller_fifo.c.obj
[yoda:rw] [146/361] Building C object zephyr/CMakeFiles/zephyr.dir/subsys/shell/modules/kernel_service/thread/thread.c.obj
[yoda:ro] [261/361] Building C object zephyr/drivers/pinctrl/CMakeFiles/drivers__pinctrl.dir/common.c.obj
[yoda:rw] [147/361] Building C object zephyr/CMakeFiles/zephyr.dir/subsys/shell/modules/kernel_service/thread/list.c.obj
[yoda:ro] [262/361] Building C object zephyr/drivers/i2c/CMakeFiles/drivers__i2c.dir/i2c_npcx_port.c.obj
[uldren:ro] [16/414] Building C object zephyr/CMakeFiles/zephyr.dir/lib/os/sem.c.obj
[yoda:ro] [263/361] Building C object zephyr/drivers/pinctrl/CMakeFiles/drivers__pinctrl.dir/pinctrl_npcx.c.obj
[yoda:ro] [264/361] Linking C static library zephyr/drivers/i2c/libdrivers__i2c.a
[yoda:rw] [148/361] Building C object zephyr/CMakeFiles/zephyr.dir/subsys/shell/modules/kernel_service/thread/stacks.c.obj
[yoda:ro] [265/361] Linking C static library zephyr/drivers/pinctrl/libdrivers__pinctrl.a
[yoda:rw] [149/361] Building C object zephyr/CMakeFiles/zephyr.dir/subsys/shell/modules/kernel_service/thread/suspend.c.obj
[yoda:rw] [150/361] Building C object zephyr/CMakeFiles/zephyr.dir/subsys/shell/modules/kernel_service/thread/resume.c.obj
[yoda:ro] [266/361] Building C object zephyr/drivers/pwm/CMakeFiles/drivers__pwm.dir/pwm_shell.c.obj
[yoda:ro] [267/361] Building C object zephyr/drivers/pwm/CMakeFiles/drivers__pwm.dir/pwm_npcx.c.obj
[uldren:rw] [29/414] Building C object CMakeFiles/app.dir/mnt/host/source/src/platform/ec/build/zephyr/uldren/modules/ec/common/ec_features.c.obj
[yoda:ro] [268/361] Linking C static library zephyr/drivers/pwm/libdrivers__pwm.a
[yoda:ro] [269/361] Building C object zephyr/drivers/syscon/CMakeFiles/drivers__syscon.dir/syscon.c.obj
[yoda:ro] [270/361] Linking C static library zephyr/drivers/syscon/libdrivers__syscon.a
[yoda:rw] [151/361] Building C object zephyr/CMakeFiles/zephyr.dir/subsys/shell/modules/kernel_service/thread/kill.c.obj
[yoda:ro] [271/361] Building C object zephyr/drivers/serial/CMakeFiles/drivers__serial.dir/uart_npcx.c.obj
[yoda:ro] [272/361] Building C object zephyr/drivers/timer/CMakeFiles/drivers__timer.dir/sys_clock_init.c.obj
[yoda:ro] [273/361] Linking C static library zephyr/drivers/serial/libdrivers__serial.a
[yoda:ro] [274/361] Building C object zephyr/drivers/timer/CMakeFiles/drivers__timer.dir/npcx_itim_timer.c.obj
[uldren:ro] [17/414] Building C object zephyr/CMakeFiles/zephyr.dir/lib/os/thread_entry.c.obj
[yoda:rw] [152/361] Building C object zephyr/CMakeFiles/zephyr.dir/subsys/shell/backends/shell_uart.c.obj
[yoda:ro] [275/361] Linking C static library zephyr/drivers/timer/libdrivers__timer.a
[yoda:rw] [153/361] Building C object zephyr/CMakeFiles/zephyr.dir/subsys/shell/shell.c.obj
[yoda:rw] [154/361] Building C object zephyr/CMakeFiles/zephyr.dir/subsys/shell/shell_fprintf.c.obj
[yoda:ro] [276/361] Building C object zephyr/drivers/watchdog/CMakeFiles/drivers__watchdog.dir/wdt_npcx.c.obj
[yoda:ro] [277/361] Building C object zephyr/drivers/watchdog/CMakeFiles/drivers__watchdog.dir/wdt_shell.c.obj
[yoda:rw] [155/361] Building C object zephyr/CMakeFiles/zephyr.dir/subsys/shell/shell_utils.c.obj
[yoda:ro] [278/361] Linking C static library zephyr/drivers/watchdog/libdrivers__watchdog.a
[yoda:ro] [279/361] Building C object modules/ec/zephyr/CMakeFiles/ec_shim.dir/app/ec/main_shim.c.obj
[uldren:rw] [30/414] Building C object CMakeFiles/app.dir/mnt/host/source/src/platform/ec/build/zephyr/uldren/modules/ec/common/gpio_commands.c.obj
[yoda:ro] [280/361] Building C object modules/ec/zephyr/CMakeFiles/ec_shim.dir/app/ec/ec_app_main.c.obj
[yoda:rw] [156/361] Building C object zephyr/CMakeFiles/zephyr.dir/subsys/shell/shell_ops.c.obj
[yoda:ro] [281/361] Building C object modules/ec/zephyr/CMakeFiles/ec_shim.dir/drivers/cros_kb_raw/cros_kb_raw_npcx.c.obj
[yoda:rw] [157/361] Building C object zephyr/CMakeFiles/zephyr.dir/subsys/shell/shell_history.c.obj
[uldren:ro] [18/414] Building C object zephyr/CMakeFiles/zephyr.dir/lib/os/cbprintf_nano.c.obj
[yoda:rw] [158/361] Building C object zephyr/arch/common/CMakeFiles/arch__common.dir/sw_isr_common.c.obj
[yoda:rw] [159/361] Building C object zephyr/CMakeFiles/zephyr.dir/subsys/shell/shell_help.c.obj
[yoda:rw] [160/361] Building C object zephyr/CMakeFiles/zephyr.dir/drivers/flash/flash_util.c.obj
[yoda:ro] [282/361] Building C object modules/ec/zephyr/CMakeFiles/ec_shim.dir/drivers/cros_flash/cros_flash_npcx.c.obj
[yoda:ro] [283/361] Building C object modules/ec/zephyr/CMakeFiles/ec_shim.dir/drivers/usbc/ucsi_v3.c.obj
[yoda:rw] [161/361] Building C object zephyr/arch/common/CMakeFiles/arch__common.dir/init.c.obj
[yoda:rw] [162/361] Linking C static library zephyr/libzephyr.a
[yoda:ro] [284/361] Building C object modules/ec/zephyr/CMakeFiles/ec_shim.dir/drivers/cros_system/cros_system_npcx.c.obj
[yoda:rw] [163/361] Building ASM object zephyr/arch/arch/arm/core/CMakeFiles/arch__arm__core.dir/nmi_on_reset.S.obj
[yoda:ro] [285/361] Building C object modules/ec/zephyr/CMakeFiles/ec_shim.dir/shim/chip/npcx/clock.c.obj
[uldren:rw] [31/414] Building C object CMakeFiles/app.dir/mnt/host/source/src/platform/ec/build/zephyr/uldren/modules/ec/common/peripheral.c.obj
[yoda:ro] [286/361] Building C object modules/ec/zephyr/CMakeFiles/ec_shim.dir/shim/chip/npcx/gpio.c.obj
[yoda:rw] [164/361] Building C object zephyr/arch/common/CMakeFiles/isr_tables.dir/isr_tables.c.obj
[yoda:ro] [287/361] Building C object modules/ec/zephyr/CMakeFiles/ec_shim.dir/drivers/usbc/pdc_rts54xx.c.obj
[yoda:rw] [165/361] Building C object zephyr/arch/common/CMakeFiles/arch__common.dir/xip.c.obj
[uldren:ro] [19/414] Building C object zephyr/CMakeFiles/zephyr.dir/lib/os/cbprintf.c.obj
[yoda:rw] [166/361] Linking C static library zephyr/arch/common/libisr_tables.a
[yoda:rw] [167/361] Linking C static library zephyr/arch/common/libarch__common.a
[yoda:rw] [168/361] Building C object zephyr/arch/arch/arm/core/CMakeFiles/arch__arm__core.dir/fatal.c.obj
[yoda:rw] [169/361] Building C object zephyr/arch/arch/arm/core/CMakeFiles/arch__arm__core.dir/nmi.c.obj
[yoda:ro] [288/361] Building C object modules/ec/zephyr/CMakeFiles/ec_shim.dir/shim/chip/npcx/rom_chip.c.obj
[yoda:ro] [289/361] Building C object modules/ec/zephyr/CMakeFiles/ec_shim.dir/shim/chip/npcx/keyboard_raw.c.obj
[yoda:rw] [170/361] Linking C static library zephyr/arch/arch/arm/core/libarch__arm__core.a
[yoda:ro] [290/361] Building C object modules/ec/zephyr/CMakeFiles/ec_shim.dir/shim/chip/npcx/shi.c.obj
[yoda:rw] [171/361] Building ASM object zephyr/arch/arch/arm/core/cortex_m/CMakeFiles/arch__arm__core__cortex_m.dir/fault_s.S.obj
[yoda:ro] [291/361] Building C object modules/ec/zephyr/CMakeFiles/ec_shim.dir/shim/chip/npcx/system.c.obj
[yoda:rw] [172/361] Building C object zephyr/arch/arch/arm/core/cortex_m/CMakeFiles/arch__arm__core__cortex_m.dir/exc_exit.c.obj
[yoda:ro] [292/361] Building C object modules/ec/zephyr/CMakeFiles/ec_shim.dir/shim/src/crc.c.obj
[yoda:ro] [293/361] Building C object modules/ec/zephyr/CMakeFiles/ec_shim.dir/shim/chip/npcx/system_external_storage.c.obj
[uldren:rw] [32/414] Building C object CMakeFiles/app.dir/mnt/host/source/src/platform/ec/build/zephyr/uldren/modules/ec/common/printf.c.obj
[yoda:ro] [294/361] Building C object modules/ec/zephyr/CMakeFiles/ec_shim.dir/shim/chip/npcx/power_policy.c.obj
[yoda:rw] [173/361] Building C object zephyr/arch/arch/arm/core/cortex_m/CMakeFiles/arch__arm__core__cortex_m.dir/fpu.c.obj
[uldren:ro] [20/414] Building C object zephyr/CMakeFiles/zephyr.dir/lib/os/assert.c.obj
[yoda:ro] [295/361] Building C object modules/ec/zephyr/CMakeFiles/ec_shim.dir/shim/core/cortex-m/mpu.c.obj
[yoda:rw] [174/361] Building ASM object zephyr/arch/arch/arm/core/cortex_m/CMakeFiles/arch__arm__core__cortex_m.dir/reset.S.obj
[yoda:rw] [175/361] Building C object zephyr/arch/arch/arm/core/cortex_m/CMakeFiles/arch__arm__core__cortex_m.dir/fault.c.obj
[yoda:rw] [176/361] Building C object zephyr/arch/arch/arm/core/cortex_m/CMakeFiles/arch__arm__core__cortex_m.dir/scb.c.obj
[yoda:ro] [296/361] Building C object modules/ec/zephyr/CMakeFiles/ec_shim.dir/shim/src/console.c.obj
[uldren:ro] [21/414] Building C object zephyr/CMakeFiles/zephyr.dir/lib/utils/dec.c.obj
[yoda:rw] [177/361] Building C object zephyr/arch/arch/arm/core/cortex_m/CMakeFiles/arch__arm__core__cortex_m.dir/thread_abort.c.obj
[yoda:ro] [297/361] Building C object modules/ec/zephyr/CMakeFiles/ec_shim.dir/shim/core/cortex-m/panic.c.obj
[/mnt/host/source/src/platform/ec/build/zephyr/lotso-lcov]   /mnt/host/source/src/platform/ec/build/zephyr/lotso/build-ro/CMakeFiles/app.dir/mnt/host/source/src/platform/ec/build/zephyr/lotso/modules/ec/common/cbi_config.c.gcno:no functions found
[/mnt/host/source/src/platform/ec/build/zephyr/lotso-lcov] stderr:
[yoda:rw] [178/361] Building ASM object zephyr/arch/arch/arm/core/cortex_m/CMakeFiles/arch__arm__core__cortex_m.dir/vector_table.S.obj
[yoda:ro] [298/361] Building C object modules/ec/zephyr/CMakeFiles/ec_shim.dir/shim/src/panic_utils.c.obj
[uldren:ro] [22/414] Building C object zephyr/CMakeFiles/zephyr.dir/lib/utils/hex.c.obj
[yoda:ro] [299/361] Building C object modules/ec/zephyr/CMakeFiles/ec_shim.dir/shim/src/gpio_int.c.obj
[yoda:ro] [300/361] Building C object modules/ec/zephyr/CMakeFiles/ec_shim.dir/shim/src/gpio.c.obj
[yoda:rw] [179/361] Building C object zephyr/arch/arch/arm/core/cortex_m/CMakeFiles/arch__arm__core__cortex_m.dir/irq_manage.c.obj
[uldren:rw] [33/414] Building C object CMakeFiles/app.dir/mnt/host/source/src/platform/ec/build/zephyr/uldren/modules/ec/common/queue.c.obj
[yoda:ro] [301/361] Building C object modules/ec/zephyr/CMakeFiles/ec_shim.dir/shim/src/cbi/cros_cbi.c.obj
[yoda:rw] [180/361] Building ASM object zephyr/arch/arch/arm/core/cortex_m/CMakeFiles/arch__arm__core__cortex_m.dir/swap_helper.S.obj
[yoda:rw] [181/361] Building C object zephyr/arch/arch/arm/core/cortex_m/CMakeFiles/arch__arm__core__cortex_m.dir/prep_c.c.obj
[/mnt/host/source/src/platform/ec/build/zephyr/lotso-lcov]   /mnt/host/source/src/platform/ec/build/zephyr/lotso/build-ro/zephyr/arch/arch/riscv/core/CMakeFiles/arch__riscv__core.dir/cpu_idle.c.gcno:no functions found
[/mnt/host/source/src/platform/ec/build/zephyr/lotso-lcov] stderr:
[yoda:ro] [302/361] Building C object modules/ec/zephyr/CMakeFiles/ec_shim.dir/shim/src/pm_state.c.obj
[yoda:rw] [182/361] Building C object zephyr/arch/arch/arm/core/cortex_m/CMakeFiles/arch__arm__core__cortex_m.dir/thread.c.obj
[yoda:ro] [303/361] Building ASM object modules/ec/zephyr/CMakeFiles/ec_shim.dir/shim/src/libgcc_arm.S.obj
[yoda:rw] [183/361] Building C object zephyr/arch/arch/arm/core/cortex_m/CMakeFiles/arch__arm__core__cortex_m.dir/cpu_idle.c.obj
[yoda:ro] [304/361] Building C object modules/ec/zephyr/CMakeFiles/ec_shim.dir/shim/src/cbi/cros_cbi_ssfc.c.obj
[yoda:ro] [305/361] Building C object modules/ec/zephyr/CMakeFiles/ec_shim.dir/shim/src/cbi/cbi_flash.c.obj
[uldren:ro] [23/414] Building C object zephyr/CMakeFiles/zephyr.dir/lib/utils/rb.c.obj
[yoda:ro] [306/361] Building C object modules/ec/zephyr/CMakeFiles/ec_shim.dir/shim/src/led_driver/led_pwm.c.obj
[yoda:rw] [184/361] Building C object zephyr/arch/arch/arm/core/cortex_m/CMakeFiles/arch__arm__core__cortex_m.dir/irq_init.c.obj
[yoda:ro] [307/361] Building C object modules/ec/zephyr/CMakeFiles/ec_shim.dir/shim/src/led_driver/led.c.obj
[yoda:rw] [185/361] Generating ../../../include/generated/libc/minimal/strerror_table.h
[yoda:rw] [186/361] Building C object zephyr/arch/arch/arm/core/cortex_m/CMakeFiles/arch__arm__core__cortex_m.dir/isr_wrapper.c.obj
[yoda:ro] [308/361] Building C object modules/ec/zephyr/CMakeFiles/ec_shim.dir/shim/src/system.c.obj
[yoda:rw] [187/361] Linking C static library zephyr/arch/arch/arm/core/cortex_m/libarch__arm__core__cortex_m.a
[uldren:ro] [24/414] Building C object zephyr/CMakeFiles/zephyr.dir/lib/utils/timeutil.c.obj
[yoda:rw] [188/361] Building C object zephyr/arch/arch/arm/core/mpu/CMakeFiles/arch__arm__core__mpu.dir/arm_core_mpu.c.obj
[yoda:rw] [189/361] Building C object zephyr/lib/libc/minimal/CMakeFiles/lib__libc__minimal.dir/source/stdlib/atoi.c.obj
[yoda:rw] [190/361] Building C object zephyr/arch/arch/arm/core/mpu/CMakeFiles/arch__arm__core__mpu.dir/arm_mpu_regions.c.obj
[yoda:rw] [191/361] Building C object zephyr/arch/arch/arm/core/mpu/CMakeFiles/arch__arm__core__mpu.dir/arm_mpu.c.obj
[yoda:rw] [192/361] Building C object zephyr/lib/libc/minimal/CMakeFiles/lib__libc__minimal.dir/source/stdlib/strtoul.c.obj
[yoda:rw] [193/361] Building C object zephyr/lib/libc/minimal/CMakeFiles/lib__libc__minimal.dir/source/stdlib/strtoll.c.obj
[yoda:rw] [194/361] Building C object zephyr/lib/libc/minimal/CMakeFiles/lib__libc__minimal.dir/source/stdlib/strtoull.c.obj
[yoda:rw] [195/361] Building C object zephyr/lib/libc/minimal/CMakeFiles/lib__libc__minimal.dir/source/stdlib/strtol.c.obj
[yoda:ro] [309/361] Building C object modules/ec/zephyr/CMakeFiles/ec_shim.dir/shim/src/battery.c.obj
[yoda:rw] [196/361] Linking C static library zephyr/arch/arch/arm/core/mpu/libarch__arm__core__mpu.a
[yoda:ro] [310/361] Building C object modules/ec/zephyr/CMakeFiles/ec_shim.dir/shim/src/adc.c.obj
[uldren:rw] [34/414] Building C object CMakeFiles/app.dir/mnt/host/source/src/platform/ec/build/zephyr/uldren/modules/ec/common/system.c.obj
[yoda:ro] [311/361] Building C object modules/ec/zephyr/CMakeFiles/ec_shim.dir/shim/src/charger.c.obj
[yoda:rw] [197/361] Building C object zephyr/lib/libc/minimal/CMakeFiles/lib__libc__minimal.dir/source/stdlib/bsearch.c.obj
[/mnt/host/source/src/platform/ec/build/zephyr/lotso-lcov]   /mnt/host/source/src/platform/ec/build/zephyr/lotso/build-ro/zephyr/arch/common/CMakeFiles/isr_tables.dir/isr_tables.c.gcno:no functions found
[/mnt/host/source/src/platform/ec/build/zephyr/lotso-lcov] stderr:
[yoda:rw] [198/361] Building C object zephyr/lib/libc/minimal/CMakeFiles/lib__libc__minimal.dir/source/string/strncasecmp.c.obj
[yoda:ro] [312/361] Building C object modules/ec/zephyr/CMakeFiles/ec_shim.dir/shim/src/pdc_shim.c.obj
[yoda:rw] [199/361] Building C object zephyr/lib/libc/minimal/CMakeFiles/lib__libc__minimal.dir/source/string/strstr.c.obj
[yoda:rw] [200/361] Building C object zephyr/lib/libc/minimal/CMakeFiles/lib__libc__minimal.dir/source/stdlib/qsort.c.obj
[yoda:rw] [201/361] Building C object zephyr/lib/libc/minimal/CMakeFiles/lib__libc__minimal.dir/source/string/strerror.c.obj
[yoda:rw] [202/361] Building C object zephyr/lib/libc/minimal/CMakeFiles/lib__libc__minimal.dir/source/string/string.c.obj
[yoda:ro] [313/361] Building C object modules/ec/zephyr/CMakeFiles/ec_shim.dir/shim/src/flash.c.obj
[yoda:rw] [203/361] Building C object zephyr/lib/libc/minimal/CMakeFiles/lib__libc__minimal.dir/source/string/strspn.c.obj
[uldren:ro] [25/414] Building C object zephyr/CMakeFiles/zephyr.dir/lib/utils/bitarray.c.obj
[yoda:ro] [314/361] Building C object modules/ec/zephyr/CMakeFiles/ec_shim.dir/shim/src/host_command.c.obj
[yoda:ro] [315/361] Building C object modules/ec/zephyr/CMakeFiles/ec_shim.dir/shim/src/hooks.c.obj
[yoda:rw] [204/361] Building C object zephyr/lib/libc/minimal/CMakeFiles/lib__libc__minimal.dir/source/stdlib/exit.c.obj
[yoda:rw] [205/361] Building C object zephyr/lib/libc/minimal/CMakeFiles/lib__libc__minimal.dir/source/math/sqrtf.c.obj
[uldren:ro] [26/414] Building C object zephyr/CMakeFiles/zephyr.dir/lib/utils/bitmask.c.obj
[yoda:rw] [206/361] Building C object zephyr/lib/libc/minimal/CMakeFiles/lib__libc__minimal.dir/source/stdout/sprintf.c.obj
[yoda:ro] [316/361] Building C object modules/ec/zephyr/CMakeFiles/ec_shim.dir/shim/src/console_buffer.c.obj
[yoda:ro] [317/361] Building C object modules/ec/zephyr/CMakeFiles/ec_shim.dir/shim/src/keyboard_raw.c.obj
[yoda:ro] [318/361] Building C object modules/ec/zephyr/CMakeFiles/ec_shim.dir/shim/src/keyscan.c.obj
[yoda:rw] [207/361] Building C object zephyr/lib/libc/minimal/CMakeFiles/lib__libc__minimal.dir/source/math/sqrt.c.obj
[uldren:rw] [35/414] Building C object CMakeFiles/app.dir/mnt/host/source/src/platform/ec/build/zephyr/uldren/modules/ec/common/system_boot_time.c.obj
[yoda:rw] [208/361] Building C object zephyr/lib/libc/minimal/CMakeFiles/lib__libc__minimal.dir/source/stdout/stdout_console.c.obj
[yoda:ro] [319/361] Building C object modules/ec/zephyr/CMakeFiles/ec_shim.dir/shim/src/mkbp_event.c.obj
[yoda:rw] [209/361] Building C object zephyr/lib/libc/minimal/CMakeFiles/lib__libc__minimal.dir/source/stdout/fprintf.c.obj
[yoda:rw] [210/361] Building C object zephyr/lib/libc/common/CMakeFiles/lib__libc__common.dir/source/time/asctime.c.obj
[yoda:rw] [211/361] Building C object zephyr/lib/libc/common/CMakeFiles/lib__libc__common.dir/source/time/gmtime_r.c.obj
[yoda:ro] [320/361] Building C object modules/ec/zephyr/CMakeFiles/ec_shim.dir/shim/src/motionsense_sensors.c.obj
[yoda:ro] [321/361] Building C object modules/ec/zephyr/CMakeFiles/ec_shim.dir/shim/src/panic.c.obj
[yoda:ro] [322/361] Building C object modules/ec/zephyr/CMakeFiles/ec_shim.dir/shim/src/power.c.obj
[yoda:rw] [212/361] Building C object zephyr/lib/libc/minimal/CMakeFiles/lib__libc__minimal.dir/source/time/gmtime.c.obj
[yoda:rw] [213/361] Building C object zephyr/lib/libc/common/CMakeFiles/lib__libc__common.dir/source/time/localtime_r_utc.c.obj
[yoda:rw] [214/361] Building C object zephyr/lib/libc/common/CMakeFiles/lib__libc__common.dir/source/time/ctime.c.obj
[yoda:rw] [215/361] Building C object zephyr/lib/libc/common/CMakeFiles/lib__libc__common.dir/source/time/time.c.obj
[yoda:rw] [216/361] Building C object zephyr/lib/libc/common/CMakeFiles/lib__libc__common.dir/source/stdlib/abort.c.obj
[yoda:rw] [217/361] Linking C static library zephyr/lib/libc/minimal/liblib__libc__minimal.a
[yoda:rw] [218/361] Building C object zephyr/lib/libc/common/CMakeFiles/lib__libc__common.dir/source/string/strnlen.c.obj
[yoda:rw] [219/361] Building C object zephyr/lib/posix/c_lib_ext/CMakeFiles/lib__posix__c_lib_ext.dir/fnmatch.c.obj
[uldren:ro] [27/414] Building C object zephyr/CMakeFiles/zephyr.dir/lib/utils/getopt/getopt.c.obj
[yoda:ro] [323/361] Building C object modules/ec/zephyr/CMakeFiles/ec_shim.dir/shim/src/hwtimer.c.obj
[yoda:ro] [324/361] Building C object modules/ec/zephyr/CMakeFiles/ec_shim.dir/shim/src/i2c.c.obj
[uldren:rw] [36/414] Building C object CMakeFiles/app.dir/mnt/host/source/src/platform/ec/build/zephyr/uldren/modules/ec/common/uart_printf.c.obj
[yoda:ro] [325/361] Building C object modules/ec/zephyr/CMakeFiles/ec_shim.dir/shim/src/tasks.c.obj
[yoda:ro] [326/361] Building C object zephyr/kernel/CMakeFiles/kernel.dir/main_weak.c.obj
[yoda:ro] [327/361] Building C object modules/ec/zephyr/CMakeFiles/ec_shim.dir/shim/src/watchdog.c.obj
[yoda:ro] [328/361] Building C object zephyr/kernel/CMakeFiles/kernel.dir/banner.c.obj
[yoda:rw] [220/361] Building C object zephyr/lib/libc/common/CMakeFiles/lib__libc__common.dir/source/stdlib/malloc.c.obj
[yoda:rw] [221/361] Building C object zephyr/lib/posix/c_lib_ext/CMakeFiles/lib__posix__c_lib_ext.dir/getentropy.c.obj
[yoda:rw] [222/361] Building C object zephyr/lib/posix/c_lib_ext/CMakeFiles/lib__posix__c_lib_ext.dir/getopt_shim.c.obj
[yoda:rw] [223/361] Building C object zephyr/lib/smf/CMakeFiles/lib__smf.dir/smf.c.obj
[yoda:ro] [329/361] Building C object modules/ec/zephyr/CMakeFiles/ec_shim.dir/shim/src/usba.c.obj
[yoda:rw] [224/361] Linking C static library zephyr/lib/libc/common/liblib__libc__common.a
[yoda:rw] [225/361] Linking C static library zephyr/lib/posix/c_lib_ext/liblib__posix__c_lib_ext.a
[yoda:rw] [226/361] Linking C static library zephyr/lib/smf/liblib__smf.a
[yoda:ro] [330/361] Building C object zephyr/kernel/CMakeFiles/kernel.dir/busy_wait.c.obj
[yoda:ro] [331/361] Linking C static library modules/ec/zephyr/libec_shim.a
[yoda:rw] [227/361] Building C object zephyr/subsys/mgmt/ec_host_cmd/CMakeFiles/subsys__mgmt__ec_host_cmd.dir/ec_host_cmd_handler.c.obj
[yoda:rw] [228/361] Building C object zephyr/subsys/crc/CMakeFiles/subsys__crc.dir/crc4_sw.c.obj
[yoda:ro] [332/361] Building C object zephyr/kernel/CMakeFiles/kernel.dir/errno.c.obj
[yoda:rw] [229/361] Linking C static library zephyr/subsys/mgmt/ec_host_cmd/libsubsys__mgmt__ec_host_cmd.a
[yoda:rw] [230/361] Building C object zephyr/subsys/crc/CMakeFiles/subsys__crc.dir/crc16_sw.c.obj
[yoda:rw] [231/361] Building C object zephyr/subsys/crc/CMakeFiles/subsys__crc.dir/crc8_sw.c.obj
[uldren:ro] [28/414] Building C object zephyr/CMakeFiles/zephyr.dir/lib/utils/getopt/getopt_common.c.obj
[yoda:ro] [333/361] Building C object zephyr/kernel/CMakeFiles/kernel.dir/device.c.obj
[yoda:rw] [232/361] Building C object zephyr/subsys/crc/CMakeFiles/subsys__crc.dir/crc7_sw.c.obj
[yoda:rw] [233/361] Building C object zephyr/subsys/crc/CMakeFiles/subsys__crc.dir/crc24_sw.c.obj
[yoda:ro] [334/361] Building C object zephyr/kernel/CMakeFiles/kernel.dir/version.c.obj
[yoda:rw] [234/361] Building C object zephyr/subsys/crc/CMakeFiles/subsys__crc.dir/crc32c_sw.c.obj
[yoda:rw] [235/361] Building C object zephyr/subsys/crc/CMakeFiles/subsys__crc.dir/crc32_sw.c.obj
[yoda:ro] [335/361] Building C object zephyr/kernel/CMakeFiles/kernel.dir/init.c.obj
[yoda:rw] [236/361] Building C object zephyr/subsys/crc/CMakeFiles/subsys__crc.dir/crc32k_4_2_sw.c.obj
[yoda:ro] [336/361] Building C object zephyr/kernel/CMakeFiles/kernel.dir/kheap.c.obj
[yoda:ro] [337/361] Building C object zephyr/kernel/CMakeFiles/kernel.dir/fatal.c.obj
[yoda:rw] [237/361] Linking C static library zephyr/subsys/crc/libsubsys__crc.a
[uldren:ro] [29/414] Building C object zephyr/CMakeFiles/zephyr.dir/lib/utils/ring_buffer.c.obj
[uldren:rw] [37/414] Building C object CMakeFiles/app.dir/mnt/host/source/src/platform/ec/build/zephyr/uldren/modules/ec/common/util.c.obj
[uldren:ro] [30/414] Building C object zephyr/CMakeFiles/zephyr.dir/lib/utils/last_section_id.c.obj
[yoda:rw] [238/361] Building C object zephyr/subsys/mgmt/ec_host_cmd/backends/CMakeFiles/subsys__mgmt__ec_host_cmd__backends.dir/ec_host_cmd_backend_shi_npcx.c.obj
[yoda:rw] [239/361] Linking C static library zephyr/subsys/mgmt/ec_host_cmd/backends/libsubsys__mgmt__ec_host_cmd__backends.a
[uldren:ro] [31/414] Building C object zephyr/CMakeFiles/zephyr.dir/misc/generated/configs.c.obj
[yoda:ro] [338/361] Building C object zephyr/kernel/CMakeFiles/kernel.dir/mem_slab.c.obj
[yoda:ro] [339/361] Building C object zephyr/kernel/CMakeFiles/kernel.dir/float.c.obj
[yoda:ro] [340/361] Building C object zephyr/kernel/CMakeFiles/kernel.dir/idle.c.obj
[yoda:ro] [341/361] Building C object zephyr/kernel/CMakeFiles/kernel.dir/mailbox.c.obj
[yoda:rw] [240/361] Building C object zephyr/drivers/adc/CMakeFiles/drivers__adc.dir/adc_common.c.obj
[yoda:ro] [342/361] Building C object zephyr/kernel/CMakeFiles/kernel.dir/mutex.c.obj
[yoda:rw] [241/361] Building C object zephyr/drivers/interrupt_controller/CMakeFiles/drivers__interrupt_controller.dir/intc_miwu.c.obj
[yoda:rw] [242/361] Building C object zephyr/drivers/bbram/CMakeFiles/drivers__bbram.dir/bbram_npcx.c.obj
[yoda:ro] [343/361] Building C object zephyr/kernel/CMakeFiles/kernel.dir/msg_q.c.obj
[yoda:ro] [344/361] Building C object zephyr/kernel/CMakeFiles/kernel.dir/queue.c.obj
[yoda:rw] [243/361] Linking C static library zephyr/drivers/bbram/libdrivers__bbram.a
[yoda:rw] [244/361] Linking C static library zephyr/drivers/interrupt_controller/libdrivers__interrupt_controller.a
[yoda:rw] [245/361] Building C object zephyr/drivers/clock_control/CMakeFiles/drivers__clock_control.dir/clock_control_npcx.c.obj
[yoda:rw] [246/361] Building C object zephyr/drivers/adc/CMakeFiles/drivers__adc.dir/adc_npcx.c.obj
[yoda:rw] [247/361] Linking C static library zephyr/drivers/clock_control/libdrivers__clock_control.a
[yoda:rw] [248/361] Linking C static library zephyr/drivers/adc/libdrivers__adc.a
[yoda:ro] [345/361] Building C object zephyr/kernel/CMakeFiles/kernel.dir/sem.c.obj
[uldren:rw] [38/414] Building C object CMakeFiles/app.dir/mnt/host/source/src/platform/ec/build/zephyr/uldren/modules/ec/common/version.c.obj
[uldren:ro] [32/414] Building C object zephyr/CMakeFiles/zephyr.dir/soc/nuvoton/npcx/common/power.c.obj
[yoda:ro] [346/361] Building C object zephyr/kernel/CMakeFiles/kernel.dir/stack.c.obj
[yoda:ro] [347/361] Building C object zephyr/kernel/CMakeFiles/kernel.dir/system_work_q.c.obj
[yoda:rw] [249/361] Building C object zephyr/drivers/console/CMakeFiles/drivers__console.dir/uart_console.c.obj
[yoda:rw] [250/361] Linking C static library zephyr/drivers/console/libdrivers__console.a
[yoda:ro] [348/361] Building C object zephyr/kernel/CMakeFiles/kernel.dir/work.c.obj
[yoda:ro] [349/361] Building C object zephyr/kernel/CMakeFiles/kernel.dir/condvar.c.obj
[yoda:rw] [251/361] Building C object zephyr/drivers/flash/CMakeFiles/drivers__flash.dir/jesd216.c.obj
[yoda:ro] [350/361] Building C object zephyr/kernel/CMakeFiles/kernel.dir/thread.c.obj
[yoda:rw] [252/361] Building C object zephyr/drivers/flash/CMakeFiles/drivers__flash.dir/flash_npcx_fiu_nor.c.obj
[/mnt/host/source/src/platform/ec/build/zephyr/steelix-lcov]   /mnt/host/source/src/platform/ec/build/zephyr/steelix/build-ro/zephyr/CMakeFiles/zephyr.dir/soc/nuvoton/npcx/common/npcxn/registers.c.gcno:no functions found
[/mnt/host/source/src/platform/ec/build/zephyr/steelix-lcov] stderr:
[yoda:ro] [351/361] Building C object zephyr/kernel/CMakeFiles/kernel.dir/sched.c.obj
[/mnt/host/source/src/platform/ec/build/zephyr/lotso-lcov]   /mnt/host/source/src/platform/ec/build/zephyr/lotso/build-ro/zephyr/CMakeFiles/zephyr.dir/subsys/shell/modules/kernel_service/kernel_shell.c.gcno:no functions found
[/mnt/host/source/src/platform/ec/build/zephyr/lotso-lcov] stderr:
[yoda:ro] [352/361] Building C object zephyr/kernel/CMakeFiles/kernel.dir/pipe.c.obj
[yoda:rw] [253/361] Building C object zephyr/drivers/flash/CMakeFiles/drivers__flash.dir/flash_npcx_fiu_qspi.c.obj
[yoda:ro] [353/361] Building C object zephyr/kernel/CMakeFiles/kernel.dir/spinlock_validate.c.obj
[uldren:ro] [33/414] Building C object zephyr/CMakeFiles/zephyr.dir/soc/nuvoton/npcx/common/scfg.c.obj
[yoda:rw] [254/361] Linking C static library zephyr/drivers/flash/libdrivers__flash.a
[yoda:rw] [255/361] Building C object zephyr/drivers/gpio/CMakeFiles/drivers__gpio.dir/gpio_npcx.c.obj
[yoda:ro] [354/361] Building C object zephyr/kernel/CMakeFiles/kernel.dir/thread_monitor.c.obj
[yoda:rw] [256/361] Linking C static library zephyr/drivers/gpio/libdrivers__gpio.a
[/mnt/host/source/src/platform/ec/build/zephyr/lotso-lcov]   /mnt/host/source/src/platform/ec/build/zephyr/lotso/build-ro/zephyr/CMakeFiles/zephyr.dir/lib/libc/validate_libc.c.gcno:no functions found
[/mnt/host/source/src/platform/ec/build/zephyr/lotso-lcov] stderr:
[/mnt/host/source/src/platform/ec/build/zephyr/steelix-lcov]   /mnt/host/source/src/platform/ec/build/zephyr/steelix/build-rw/modules/ec/zephyr/CMakeFiles/ec_shim.dir/shim/src/power.c.gcno:no functions found
[/mnt/host/source/src/platform/ec/build/zephyr/steelix-lcov] stderr:
[yoda:rw] [257/361] Building C object zephyr/drivers/i2c/CMakeFiles/drivers__i2c.dir/i2c_common.c.obj
Toolchain <zmake.toolchains.CorebootSdkToolchain object at 0x7f41207ec3d0> selected by probe function.
[riven] Building in /mnt/host/source/src/platform/ec/build/zephyr/riven.
Toolchain <zmake.toolchains.CorebootSdkToolchain object at 0x7f4120719390> selected by probe function.
[hylia] Building in /mnt/host/source/src/platform/ec/build/zephyr/hylia.
[yoda:ro] [355/361] Building C object zephyr/kernel/CMakeFiles/kernel.dir/timer.c.obj
[uldren:rw] [39/414] Building C object CMakeFiles/app.dir/mnt/host/source/src/platform/ec/build/zephyr/uldren/modules/ec/common/power_button_x86.c.obj
[yoda:ro] [356/361] Building C object zephyr/kernel/CMakeFiles/kernel.dir/timeout.c.obj
[yoda:ro] [357/361] Building C object zephyr/kernel/CMakeFiles/kernel.dir/poll.c.obj
[yoda:rw] [258/361] Building C object zephyr/drivers/i2c/CMakeFiles/drivers__i2c.dir/i2c_shell.c.obj
[/mnt/host/source/src/platform/ec/build/zephyr/steelix-lcov]   /mnt/host/source/src/platform/ec/build/zephyr/steelix/build-rw/modules/ec/zephyr/CMakeFiles/ec_shim.dir/shim/src/battery.c.gcno:no functions found
[/mnt/host/source/src/platform/ec/build/zephyr/steelix-lcov] stderr:
[/mnt/host/source/src/platform/ec/build/zephyr/steelix-lcov]   /mnt/host/source/src/platform/ec/build/zephyr/steelix/build-rw/modules/ec/zephyr/CMakeFiles/ec_shim.dir/shim/src/charger.c.gcno:no functions found
[/mnt/host/source/src/platform/ec/build/zephyr/steelix-lcov] stderr:
[yoda:ro] [358/361] Building C object zephyr/kernel/CMakeFiles/kernel.dir/events.c.obj
[riven:ro] Configuring.
Running `env -i PYTHONPATH=/usr/lib64/python-exec/python3.11:/mnt/host/source/src/platform/ec/zephyr/zmake:/usr/lib/python311.zip:/usr/lib/python3.11:/usr/lib/python3.11/lib-dynload:/usr/lib/python3.11/site-packages PW_PIGWEED_CIPD_INSTALL_DIR=/usr CROSTC_USER_ACKNOWLEDGES_THAT_RISCV_IS_EXPERIMENTAL=1 PATH=/mnt/host/source/chromite/bin:/usr/local/bin:/usr/bin:/bin:/opt/bin:/mnt/host/source/chromite/sdk/bin:/mnt/host/source/chromite/bin HOME=/home/jpmurphy JAVA_HOME=/etc/java-config-2/current-system-vm JDK_HOME=/etc/java-config-2/current-system-vm JAVAC=/etc/java-config-2/current-system-vm/bin/javac MAKEFLAGS=' -j16 --jobserver-auth=5,6' /usr/bin/cmake -S /mnt/host/source/src/platform/ec/zephyr/program/nissa -B /mnt/host/source/src/platform/ec/build/zephyr/riven/build-ro -GNinja -DCMAKE_EXPORT_COMPILE_COMMANDS=ON -DZEPHYR_BASE=/mnt/host/source/src/third_party/zephyr/main -DZMAKE_INCLUDE_DIR=/mnt/host/source/src/platform/ec/build/zephyr/riven/include -DPython3_EXECUTABLE=/usr/bin/python3.11 -DDTS_ROOT=/mnt/host/source/src/platform/ec/zephyr -DSYSCALL_INCLUDE_DIRS=/mnt/host/source/src/platform/ec/zephyr/include/drivers -DUSER_CACHE_DIR=/mnt/host/source/src/platform/ec/build/zephyr/user-cache '-DEXTRA_EC_VERSION_FLAGS=--version 16543.0.0 --static' -DTOOLCHAIN_ROOT=/mnt/host/source/src/platform/ec/zephyr -DCOREBOOT_SDK_ROOT_x86=/home/jpmurphy/.cache/coreboot-sdk/i386-elf/dfbb0486385d938cfa9d73080b9d18d598ed4f49 -DCOREBOOT_SDK_ROOT_picolibc_x86=/home/jpmurphy/.cache/coreboot-sdk/picolibc-i386-elf/eb8e8e687b95461de8cbf278f1c2076952d0ad17 -DCOREBOOT_SDK_ROOT_riscv64=/home/jpmurphy/.cache/coreboot-sdk/riscv64-elf/96b949749225b6aaa92ed810ab769e8dfb12f000 -DCOREBOOT_SDK_ROOT_picolibc_arm=/home/jpmurphy/.cache/coreboot-sdk/picolibc-arm-eabi/422a2aa3e1ef891b5bece9a3deb696ff83840d2e -DCOREBOOT_SDK_ROOT_nds32=/home/jpmurphy/.cache/coreboot-sdk/nds32le-elf/d1a518c4a097666d86058e1444f85ca015d15511 -DCOREBOOT_SDK_ROOT_picolibc_riscv64=/home/jpmurphy/.cache/coreboot-sdk/picolibc-riscv64-elf/f571e990ef0278564b31124f8bb109d9a697eb69 -DCOREBOOT_SDK_ROOT_arm=/home/jpmurphy/.cache/coreboot-sdk/arm-eabi/ea40ddd1d190c3b48435c474c0b545719371813a -DCOREBOOT_SDK_ROOT_libstdcxx_riscv64=/home/jpmurphy/.cache/coreboot-sdk/libstdcxx-riscv64-elf/17abf22a3a252e2d5d2062ced5324f7a623689e0 -DCOREBOOT_SDK_ROOT_libstdcxx_arm=/home/jpmurphy/.cache/coreboot-sdk/libstdcxx-arm-eabi/5d7d82e150e44aa1968f1d366e267e6687b328ac -DCOREBOOT_SDK_ROOT_riscv=/home/jpmurphy/.cache/coreboot-sdk/riscv-elf/9a27b9e82341c6e9126624f516ab3f261abb3e73 -DCOREBOOT_SDK_ROOT_libstdcxx_x86=/home/jpmurphy/.cache/coreboot-sdk/libstdcxx-i386-elf/42ef9d2e87a76a37963175d7d428734e65648b87 -DZEPHYR_TOOLCHAIN_VARIANT=coreboot-sdk '-DZEPHYR_MODULES=/mnt/host/source/src/platform/ec/build/zephyr/riven/modules/cmsis;/mnt/host/source/src/platform/ec/build/zephyr/riven/modules/cmsis_6;/mnt/host/source/src/platform/ec/build/zephyr/riven/modules/ec' -DDTC_OVERLAY_FILE=/mnt/host/source/src/platform/ec/zephyr/program/nissa/riven/project.overlay -DBOARD=npcx9/npcx9m3f -DCMAKE_C_FLAGS=-DSECTION_IS_RO '-DCONF_FILE=/mnt/host/source/src/platform/ec/zephyr/program/nissa/program.conf;/mnt/host/source/src/platform/ec/zephyr/program/nissa/npcx_program.conf;/mnt/host/source/src/platform/ec/zephyr/program/nissa/riven/project.conf;/mnt/host/source/src/platform/ec/build/zephyr/riven/kconfig-ro.conf'`
[riven:ro] -- Application: /mnt/host/source/src/platform/ec/zephyr/program/nissa
[riven:ro] Loading Zephyr default modules (Zephyr base (cached)).
[yoda:ro] [359/361] Building C object zephyr/kernel/CMakeFiles/kernel.dir/mempool.c.obj
[uldren:ro] [34/414] Building C object zephyr/CMakeFiles/zephyr.dir/soc/nuvoton/npcx/common/npcxn/registers.c.obj
[yoda:rw] [259/361] Building C object zephyr/drivers/i2c/CMakeFiles/drivers__i2c.dir/i2c_npcx_controller.c.obj
[yoda:ro] [360/361] Building C object zephyr/kernel/CMakeFiles/kernel.dir/dynamic_disabled.c.obj
[yoda:rw] [260/361] Building C object zephyr/drivers/pinctrl/CMakeFiles/drivers__pinctrl.dir/common.c.obj
[yoda:rw] [261/361] Building C object zephyr/drivers/i2c/CMakeFiles/drivers__i2c.dir/i2c_npcx_controller_fifo.c.obj
[yoda:ro] [361/361] Linking C static library zephyr/kernel/libkernel.a
[yoda:rw] [262/361] Building C object zephyr/drivers/i2c/CMakeFiles/drivers__i2c.dir/i2c_npcx_port.c.obj
[yoda:rw] [263/361] Linking C static library zephyr/drivers/i2c/libdrivers__i2c.a
[yoda:rw] [264/361] Building C object zephyr/drivers/pinctrl/CMakeFiles/drivers__pinctrl.dir/pinctrl_npcx.c.obj
[riven:ro] -- CMake version: 3.31.7
[riven:ro] -- Found Python3: /usr/bin/python3.11 (found suitable version "3.11.11", minimum required is "3.10") found components: Interpreter
[riven:ro] -- Cache files will be written to: /mnt/host/source/src/platform/ec/build/zephyr/user-cache
[riven:ro] -- Zephyr version: 4.3.99 (/mnt/host/source/src/third_party/zephyr/main)
[yoda:rw] [265/361] Linking C static library zephyr/drivers/pinctrl/libdrivers__pinctrl.a
[uldren:ro] [35/414] Building C object zephyr/CMakeFiles/zephyr.dir/soc/nuvoton/npcx/npcx9/soc.c.obj
[/mnt/host/source/src/platform/ec/build/zephyr/lotso-lcov]   /mnt/host/source/src/platform/ec/build/zephyr/lotso/build-ro/zephyr/CMakeFiles/zephyr.dir/lib/utils/last_section_id.c.gcno:no functions found
[/mnt/host/source/src/platform/ec/build/zephyr/lotso-lcov] stderr:
[yoda:rw] [266/361] Building C object zephyr/drivers/pwm/CMakeFiles/drivers__pwm.dir/pwm_shell.c.obj
[uldren:rw] [40/414] Building C object CMakeFiles/app.dir/mnt/host/source/src/platform/ec/build/zephyr/uldren/modules/ec/driver/accel_bma4xx.c.obj
[yoda:rw] [267/361] Building C object zephyr/drivers/syscon/CMakeFiles/drivers__syscon.dir/syscon.c.obj
[/mnt/host/source/src/platform/ec/build/zephyr/steelix-lcov]   /mnt/host/source/src/platform/ec/build/zephyr/steelix/build-rw/modules/ec/zephyr/CMakeFiles/ec_shim.dir/shim/src/usb_muxes.c.gcno:no functions found
[/mnt/host/source/src/platform/ec/build/zephyr/steelix-lcov] stderr:
[uldren:ro] [36/414] Building C object zephyr/CMakeFiles/zephyr.dir/subsys/logging/log_minimal.c.obj
[yoda:rw] [268/361] Linking C static library zephyr/drivers/syscon/libdrivers__syscon.a
[yoda:rw] [269/361] Building C object zephyr/drivers/pwm/CMakeFiles/drivers__pwm.dir/pwm_npcx.c.obj
[uldren:rw] [41/414] Building C object CMakeFiles/app.dir/mnt/host/source/src/platform/ec/build/zephyr/uldren/modules/ec/driver/accel_lis2dw12.c.obj
[uldren:ro] [37/414] Building C object zephyr/CMakeFiles/zephyr.dir/subsys/mem_mgmt/mem_attr.c.obj
[uldren:ro] [38/414] Building C object zephyr/CMakeFiles/zephyr.dir/subsys/pm/state.c.obj
[yoda:rw] [270/361] Linking C static library zephyr/drivers/pwm/libdrivers__pwm.a
[yoda:rw] [271/361] Building C object zephyr/drivers/timer/CMakeFiles/drivers__timer.dir/sys_clock_init.c.obj
[yoda:rw] [272/361] Building C object zephyr/drivers/serial/CMakeFiles/drivers__serial.dir/uart_npcx.c.obj
[uldren:rw] [42/414] Building C object CMakeFiles/app.dir/mnt/host/source/src/platform/ec/build/zephyr/uldren/modules/ec/driver/accelgyro_bmi_common.c.obj
[uldren:ro] [39/414] Building C object zephyr/CMakeFiles/zephyr.dir/subsys/pm/pm.c.obj
[yoda:rw] [273/361] Linking C static library zephyr/drivers/serial/libdrivers__serial.a
[yoda:rw] [274/361] Building C object zephyr/drivers/timer/CMakeFiles/drivers__timer.dir/npcx_itim_timer.c.obj
[/mnt/host/source/src/platform/ec/build/zephyr/steelix-lcov]   /mnt/host/source/src/platform/ec/build/zephyr/steelix/build-rw/modules/ec/zephyr/CMakeFiles/ec_shim.dir/shim/src/usba.c.gcno:no functions found
[/mnt/host/source/src/platform/ec/build/zephyr/steelix-lcov] stderr:
[yoda:rw] [275/361] Building C object zephyr/drivers/watchdog/CMakeFiles/drivers__watchdog.dir/wdt_npcx.c.obj
[yoda:rw] [276/361] Linking C static library zephyr/drivers/timer/libdrivers__timer.a
[uldren:ro] [40/414] Building C object zephyr/CMakeFiles/zephyr.dir/subsys/pm/policy/policy_events.c.obj
[yoda:rw] [277/361] Building C object zephyr/drivers/watchdog/CMakeFiles/drivers__watchdog.dir/wdt_shell.c.obj
[uldren:ro] [41/414] Building C object zephyr/CMakeFiles/zephyr.dir/subsys/pm/policy/policy_state_lock.c.obj
[yoda:rw] [278/361] Linking C static library zephyr/drivers/watchdog/libdrivers__watchdog.a
[uldren:ro] [42/414] Building C object zephyr/CMakeFiles/zephyr.dir/subsys/pm/policy/policy_latency.c.obj
[/mnt/host/source/src/platform/ec/build/zephyr/steelix-lcov]   /mnt/host/source/src/platform/ec/build/zephyr/steelix/build-rw/modules/ec/zephyr/CMakeFiles/ec_shim.dir/shim/src/keyscan.c.gcno:no functions found
[/mnt/host/source/src/platform/ec/build/zephyr/steelix-lcov] stderr:
[riven:ro] -- Board: npcx9, qualifiers: npcx9m3f
[uldren:rw] [43/414] Building C object CMakeFiles/app.dir/mnt/host/source/src/platform/ec/build/zephyr/uldren/modules/ec/driver/accelgyro_bmi3xx.c.obj
[yoda:rw] [279/361] Building C object modules/ec/zephyr/CMakeFiles/ec_shim.dir/app/ec/main_shim.c.obj
[uldren:ro] [43/414] Building C object zephyr/CMakeFiles/zephyr.dir/subsys/pm/device.c.obj
[uldren:rw] [44/414] Building C object CMakeFiles/app.dir/mnt/host/source/src/platform/ec/build/zephyr/uldren/modules/ec/driver/accelgyro_lsm6dso.c.obj
[yoda:rw] [280/361] Building C object modules/ec/zephyr/CMakeFiles/ec_shim.dir/app/ec/ec_app_main.c.obj
[uldren:rw] [45/414] Building C object CMakeFiles/app.dir/mnt/host/source/src/platform/ec/build/zephyr/uldren/modules/ec/common/motion_sense_fifo.c.obj
[uldren:ro] [44/414] Building C object zephyr/CMakeFiles/zephyr.dir/subsys/pm/device_system_managed.c.obj
[yoda:rw] [281/361] Building C object modules/ec/zephyr/CMakeFiles/ec_shim.dir/drivers/cros_kb_raw/cros_kb_raw_npcx.c.obj
[yoda:rw] [282/361] Building C object modules/ec/zephyr/CMakeFiles/ec_shim.dir/drivers/cros_flash/cros_flash_npcx.c.obj
[yoda:rw] [283/361] Building C object modules/ec/zephyr/CMakeFiles/ec_shim.dir/drivers/usbc/ucsi_v3.c.obj
[uldren:ro] [45/414] Building C object zephyr/CMakeFiles/zephyr.dir/subsys/testsuite/coverage/coverage.c.obj
[uldren:ro] [46/414] Building C object zephyr/CMakeFiles/zephyr.dir/subsys/tracing/tracing_none.c.obj
[yoda:rw] [284/361] Building C object modules/ec/zephyr/CMakeFiles/ec_shim.dir/drivers/cros_system/cros_system_npcx.c.obj
[uldren:ro] [47/414] Building C object zephyr/CMakeFiles/zephyr.dir/subsys/shell/modules/kernel_service/kernel_shell.c.obj
[yoda:rw] [285/361] Building C object modules/ec/zephyr/CMakeFiles/ec_shim.dir/shim/chip/npcx/clock.c.obj
[uldren:rw] [46/414] Building C object CMakeFiles/app.dir/mnt/host/source/src/platform/ec/build/zephyr/uldren/modules/ec/common/adc.c.obj
[yoda:rw] [286/361] Building C object modules/ec/zephyr/CMakeFiles/ec_shim.dir/drivers/usbc/pdc_rts54xx.c.obj
[uldren:rw] [47/414] Building C object CMakeFiles/app.dir/mnt/host/source/src/platform/ec/build/zephyr/uldren/modules/ec/common/backlight_lid.c.obj
[uldren:rw] [48/414] Building C object CMakeFiles/app.dir/mnt/host/source/src/platform/ec/build/zephyr/uldren/modules/ec/common/acpi.c.obj
[yoda:rw] [287/361] Building C object modules/ec/zephyr/CMakeFiles/ec_shim.dir/shim/chip/npcx/rom_chip.c.obj
[uldren:ro] [48/414] Building C object zephyr/CMakeFiles/zephyr.dir/subsys/shell/modules/kernel_service/cycles.c.obj
[uldren:ro] [49/414] Building C object zephyr/CMakeFiles/zephyr.dir/subsys/shell/modules/kernel_service/sleep.c.obj
[yoda:rw] [288/361] Building C object modules/ec/zephyr/CMakeFiles/ec_shim.dir/shim/chip/npcx/keyboard_raw.c.obj
[yoda:rw] [289/361] Building C object modules/ec/zephyr/CMakeFiles/ec_shim.dir/shim/chip/npcx/shi.c.obj
[uldren:ro] [50/414] Building C object zephyr/CMakeFiles/zephyr.dir/subsys/shell/modules/kernel_service/uptime.c.obj
[uldren:ro] [51/414] Building C object zephyr/CMakeFiles/zephyr.dir/subsys/shell/modules/kernel_service/version.c.obj
[yoda:rw] [290/361] Building C object modules/ec/zephyr/CMakeFiles/ec_shim.dir/shim/chip/npcx/gpio.c.obj
[riven:ro] -- Found Dtc: /usr/bin/dtc (found suitable version "1.6.0", minimum required is "1.4.6")
[riven:ro] -- Found BOARD.dts: /mnt/host/source/src/platform/ec/zephyr/boards/google/npcx9/npcx9_npcx9m3f.dts
[riven:ro] -- Found devicetree overlay: /mnt/host/source/src/platform/ec/zephyr/program/nissa/riven/project.overlay
[yoda:rw] [291/361] Building C object modules/ec/zephyr/CMakeFiles/ec_shim.dir/shim/chip/npcx/system.c.obj
[yoda:rw] [292/361] Building C object modules/ec/zephyr/CMakeFiles/ec_shim.dir/shim/chip/npcx/system_external_storage.c.obj
[uldren:ro] [52/414] Building C object zephyr/CMakeFiles/zephyr.dir/subsys/shell/modules/kernel_service/thread/thread.c.obj
[yoda:rw] [293/361] Building C object modules/ec/zephyr/CMakeFiles/ec_shim.dir/shim/src/crc.c.obj
[uldren:rw] [49/414] Building C object CMakeFiles/app.dir/mnt/host/source/src/platform/ec/build/zephyr/uldren/modules/ec/common/battery_fuel_gauge.c.obj
[uldren:rw] [50/414] Building C object CMakeFiles/app.dir/mnt/host/source/src/platform/ec/build/zephyr/uldren/modules/ec/common/battery.c.obj
[uldren:rw] [51/414] Building C object CMakeFiles/app.dir/mnt/host/source/src/platform/ec/build/zephyr/uldren/modules/ec/common/battery_info.c.obj
[uldren:ro] [53/414] Building C object zephyr/CMakeFiles/zephyr.dir/subsys/shell/modules/kernel_service/thread/list.c.obj
[yoda:rw] [294/361] Building C object modules/ec/zephyr/CMakeFiles/ec_shim.dir/shim/core/cortex-m/mpu.c.obj
[yoda:rw] [295/361] Building C object modules/ec/zephyr/CMakeFiles/ec_shim.dir/shim/core/cortex-m/panic.c.obj
[yoda:rw] [296/361] Building C object modules/ec/zephyr/CMakeFiles/ec_shim.dir/shim/chip/npcx/power_policy.c.obj
[uldren:ro] [54/414] Building C object zephyr/CMakeFiles/zephyr.dir/subsys/shell/modules/kernel_service/thread/suspend.c.obj
[uldren:ro] [55/414] Building C object zephyr/CMakeFiles/zephyr.dir/subsys/shell/modules/kernel_service/thread/stacks.c.obj
[yoda:rw] [297/361] Building C object modules/ec/zephyr/CMakeFiles/ec_shim.dir/shim/src/console.c.obj
[uldren:ro] [56/414] Building C object zephyr/CMakeFiles/zephyr.dir/subsys/shell/modules/kernel_service/thread/resume.c.obj
[uldren:ro] [57/414] Building C object zephyr/CMakeFiles/zephyr.dir/subsys/shell/modules/kernel_service/thread/kill.c.obj
[yoda:rw] [298/361] Building C object modules/ec/zephyr/CMakeFiles/ec_shim.dir/shim/src/cbi/cros_cbi.c.obj
[yoda:rw] [299/361] Building C object modules/ec/zephyr/CMakeFiles/ec_shim.dir/shim/src/gpio.c.obj
[yoda:rw] [300/361] Building C object modules/ec/zephyr/CMakeFiles/ec_shim.dir/shim/src/panic_utils.c.obj
[yoda:rw] [301/361] Building C object modules/ec/zephyr/CMakeFiles/ec_shim.dir/shim/src/gpio_int.c.obj
[yoda:rw] [302/361] Building C object modules/ec/zephyr/CMakeFiles/ec_shim.dir/shim/src/pm_state.c.obj
[uldren:rw] [52/414] Building C object CMakeFiles/app.dir/mnt/host/source/src/platform/ec/build/zephyr/uldren/modules/ec/driver/battery/smart.c.obj
[/mnt/host/source/src/platform/ec/build/zephyr/steelix-lcov]   /mnt/host/source/src/platform/ec/build/zephyr/steelix/build-rw/modules/ec/zephyr/CMakeFiles/ec_shim.dir/shim/src/bc12.c.gcno:no functions found
[/mnt/host/source/src/platform/ec/build/zephyr/steelix-lcov] stderr:
[uldren:ro] [58/414] Building C object zephyr/CMakeFiles/zephyr.dir/subsys/shell/backends/shell_uart.c.obj
[yoda:rw] [303/361] Building C object modules/ec/zephyr/CMakeFiles/ec_shim.dir/shim/src/cbi/cros_cbi_ssfc.c.obj
[uldren:rw] [53/414] Building C object CMakeFiles/app.dir/mnt/host/source/src/platform/ec/build/zephyr/uldren/modules/ec/driver/charger/isl923x.c.obj
[uldren:ro] [59/414] Building C object zephyr/CMakeFiles/zephyr.dir/subsys/shell/shell.c.obj
[uldren:rw] [54/414] Building C object CMakeFiles/app.dir/mnt/host/source/src/platform/ec/build/zephyr/uldren/modules/ec/common/charger.c.obj
[yoda:rw] [304/361] Building ASM object modules/ec/zephyr/CMakeFiles/ec_shim.dir/shim/src/libgcc_arm.S.obj
[uldren:ro] [60/414] Building C object zephyr/CMakeFiles/zephyr.dir/subsys/shell/shell_fprintf.c.obj
[uldren:ro] [61/414] Building C object zephyr/CMakeFiles/zephyr.dir/subsys/shell/shell_utils.c.obj
[yoda:rw] [305/361] Building C object modules/ec/zephyr/CMakeFiles/ec_shim.dir/shim/src/cbi/cbi_flash.c.obj
[yoda:rw] [306/361] Building C object modules/ec/zephyr/CMakeFiles/ec_shim.dir/shim/src/led_driver/led_pwm.c.obj
[yoda:rw] [307/361] Building C object modules/ec/zephyr/CMakeFiles/ec_shim.dir/shim/src/led_driver/led.c.obj
[riven:ro] -- Generated zephyr.dts: /mnt/host/source/src/platform/ec/build/zephyr/riven/build-ro/zephyr/zephyr.dts
[riven:ro] -- Generated pickled edt: /mnt/host/source/src/platform/ec/build/zephyr/riven/build-ro/zephyr/edt.pickle
[yoda:rw] [308/361] Building C object modules/ec/zephyr/CMakeFiles/ec_shim.dir/shim/src/system.c.obj
[uldren:ro] [62/414] Building C object zephyr/CMakeFiles/zephyr.dir/subsys/shell/shell_ops.c.obj
[uldren:ro] [63/414] Building C object zephyr/CMakeFiles/zephyr.dir/subsys/shell/shell_help.c.obj
[yoda:rw] [309/361] Building C object modules/ec/zephyr/CMakeFiles/ec_shim.dir/shim/src/pdc_shim.c.obj
[uldren:rw] [55/414] Building C object CMakeFiles/app.dir/mnt/host/source/src/platform/ec/build/zephyr/uldren/modules/ec/common/charge_state.c.obj
[yoda:rw] [310/361] Building C object modules/ec/zephyr/CMakeFiles/ec_shim.dir/shim/src/adc.c.obj
[uldren:rw] [56/414] Building C object CMakeFiles/app.dir/mnt/host/source/src/platform/ec/build/zephyr/uldren/modules/ec/common/ocpc.c.obj
[riven:ro] -- Generated devicetree_generated.h: /mnt/host/source/src/platform/ec/build/zephyr/riven/build-ro/zephyr/include/generated/zephyr/devicetree_generated.h
[uldren:ro] [64/414] Building C object zephyr/CMakeFiles/zephyr.dir/subsys/shell/shell_history.c.obj
[uldren:ro] [65/414] Building C object zephyr/CMakeFiles/zephyr.dir/drivers/flash/flash_util.c.obj
[uldren:ro] [66/414] Building C object zephyr/arch/common/CMakeFiles/arch__common.dir/init.c.obj
[uldren:rw] [57/414] Building C object CMakeFiles/app.dir/mnt/host/source/src/platform/ec/build/zephyr/uldren/modules/ec/common/charge_manager.c.obj
[uldren:ro] [67/414] Linking C static library zephyr/libzephyr.a
[yoda:rw] [311/361] Building C object modules/ec/zephyr/CMakeFiles/ec_shim.dir/shim/src/battery.c.obj
[uldren:ro] [68/414] Building C object zephyr/arch/common/CMakeFiles/arch__common.dir/sw_isr_common.c.obj
[yoda:rw] [312/361] Building C object modules/ec/zephyr/CMakeFiles/ec_shim.dir/shim/src/charger.c.obj
[yoda:rw] [313/361] Building C object modules/ec/zephyr/CMakeFiles/ec_shim.dir/shim/src/flash.c.obj
[yoda:rw] [314/361] Building C object modules/ec/zephyr/CMakeFiles/ec_shim.dir/shim/src/hooks.c.obj
[yoda:rw] [315/361] Building C object modules/ec/zephyr/CMakeFiles/ec_shim.dir/shim/src/host_command.c.obj
[yoda:rw] [316/361] Building C object modules/ec/zephyr/CMakeFiles/ec_shim.dir/shim/src/console_buffer.c.obj
[uldren:rw] [58/414] Building C object CMakeFiles/app.dir/mnt/host/source/src/platform/ec/build/zephyr/uldren/modules/ec/common/cbi_common.c.obj
[uldren:ro] [69/414] Building C object zephyr/arch/common/CMakeFiles/isr_tables.dir/isr_tables.c.obj
[uldren:ro] [70/414] Building C object zephyr/arch/common/CMakeFiles/arch__common.dir/xip.c.obj
[uldren:rw] [59/414] Building C object CMakeFiles/app.dir/mnt/host/source/src/platform/ec/build/zephyr/uldren/modules/ec/common/cbi.c.obj
[uldren:ro] [71/414] Linking C static library zephyr/arch/common/libisr_tables.a
[yoda:rw] [317/361] Building C object modules/ec/zephyr/CMakeFiles/ec_shim.dir/shim/src/keyboard_raw.c.obj
[uldren:ro] [72/414] Building ASM object zephyr/arch/arch/arm/core/CMakeFiles/arch__arm__core.dir/nmi_on_reset.S.obj
[uldren:ro] [73/414] Linking C static library zephyr/arch/common/libarch__common.a
[uldren:ro] [74/414] Building C object zephyr/arch/arch/arm/core/CMakeFiles/arch__arm__core.dir/fatal.c.obj
[yoda:rw] [318/361] Building C object modules/ec/zephyr/CMakeFiles/ec_shim.dir/shim/src/keyscan.c.obj
[uldren:ro] [75/414] Building C object zephyr/arch/arch/arm/core/CMakeFiles/arch__arm__core.dir/nmi.c.obj
[uldren:rw] [60/414] Building C object CMakeFiles/app.dir/mnt/host/source/src/platform/ec/build/zephyr/uldren/modules/ec/common/cbi_config.c.obj
[uldren:ro] [76/414] Linking C static library zephyr/arch/arch/arm/core/libarch__arm__core.a
[uldren:ro] [77/414] Building ASM object zephyr/arch/arch/arm/core/cortex_m/CMakeFiles/arch__arm__core__cortex_m.dir/fault_s.S.obj
[yoda:rw] [319/361] Building C object modules/ec/zephyr/CMakeFiles/ec_shim.dir/shim/src/mkbp_event.c.obj
[yoda:rw] [320/361] Building C object modules/ec/zephyr/CMakeFiles/ec_shim.dir/shim/src/panic.c.obj
[yoda:rw] [321/361] Building C object modules/ec/zephyr/CMakeFiles/ec_shim.dir/shim/src/motionsense_sensors.c.obj
[yoda:rw] [322/361] Building C object modules/ec/zephyr/CMakeFiles/ec_shim.dir/shim/src/power.c.obj
[uldren:rw] [61/414] Building C object CMakeFiles/app.dir/mnt/host/source/src/platform/ec/build/zephyr/uldren/modules/ec/common/dptf.c.obj
[yoda:rw] [323/361] Building C object modules/ec/zephyr/CMakeFiles/ec_shim.dir/shim/src/hwtimer.c.obj
[uldren:ro] [78/414] Building C object zephyr/arch/arch/arm/core/cortex_m/CMakeFiles/arch__arm__core__cortex_m.dir/exc_exit.c.obj
[uldren:rw] [62/414] Building C object CMakeFiles/app.dir/mnt/host/source/src/platform/ec/build/zephyr/uldren/modules/ec/common/ap_reset_log.c.obj
[uldren:ro] [79/414] Building ASM object zephyr/arch/arch/arm/core/cortex_m/CMakeFiles/arch__arm__core__cortex_m.dir/reset.S.obj
[uldren:ro] [80/414] Building C object zephyr/arch/arch/arm/core/cortex_m/CMakeFiles/arch__arm__core__cortex_m.dir/fpu.c.obj
[uldren:ro] [81/414] Building C object zephyr/arch/arch/arm/core/cortex_m/CMakeFiles/arch__arm__core__cortex_m.dir/fault.c.obj
[yoda:rw] [324/361] Building C object modules/ec/zephyr/CMakeFiles/ec_shim.dir/shim/src/i2c.c.obj
[uldren:rw] [63/414] Building C object CMakeFiles/app.dir/mnt/host/source/src/platform/ec/build/zephyr/uldren/modules/ec/common/espi.c.obj
[yoda:rw] [325/361] Building C object zephyr/kernel/CMakeFiles/kernel.dir/main_weak.c.obj
[yoda:rw] [326/361] Building C object modules/ec/zephyr/CMakeFiles/ec_shim.dir/shim/src/tasks.c.obj
[uldren:ro] [82/414] Building ASM object zephyr/arch/arch/arm/core/cortex_m/CMakeFiles/arch__arm__core__cortex_m.dir/vector_table.S.obj
[yoda:rw] [327/361] Building C object modules/ec/zephyr/CMakeFiles/ec_shim.dir/shim/src/usba.c.obj
[yoda:rw] [328/361] Building C object modules/ec/zephyr/CMakeFiles/ec_shim.dir/shim/src/watchdog.c.obj
[yoda:rw] [329/361] Building C object zephyr/kernel/CMakeFiles/kernel.dir/banner.c.obj
[yoda:rw] [330/361] Linking C static library modules/ec/zephyr/libec_shim.a
[uldren:rw] [64/414] Building C object CMakeFiles/app.dir/mnt/host/source/src/platform/ec/build/zephyr/uldren/modules/ec/common/extpower_common.c.obj
[uldren:ro] [83/414] Building C object zephyr/arch/arch/arm/core/cortex_m/CMakeFiles/arch__arm__core__cortex_m.dir/thread_abort.c.obj
[uldren:ro] [84/414] Building C object zephyr/arch/arch/arm/core/cortex_m/CMakeFiles/arch__arm__core__cortex_m.dir/scb.c.obj
[yoda:rw] [331/361] Building C object zephyr/kernel/CMakeFiles/kernel.dir/device.c.obj
[yoda:rw] [332/361] Building C object zephyr/kernel/CMakeFiles/kernel.dir/busy_wait.c.obj
[uldren:ro] [85/414] Building ASM object zephyr/arch/arch/arm/core/cortex_m/CMakeFiles/arch__arm__core__cortex_m.dir/swap_helper.S.obj
[uldren:rw] [65/414] Building C object CMakeFiles/app.dir/mnt/host/source/src/platform/ec/build/zephyr/uldren/modules/ec/common/flash.c.obj
[yoda:rw] [333/361] Building C object zephyr/kernel/CMakeFiles/kernel.dir/errno.c.obj
[uldren:ro] [86/414] Building C object zephyr/arch/arch/arm/core/cortex_m/CMakeFiles/arch__arm__core__cortex_m.dir/irq_manage.c.obj
[yoda:rw] [334/361] Building C object zephyr/kernel/CMakeFiles/kernel.dir/version.c.obj
[yoda:rw] [335/361] Building C object zephyr/kernel/CMakeFiles/kernel.dir/fatal.c.obj
[uldren:rw] [66/414] Building C object CMakeFiles/app.dir/mnt/host/source/src/platform/ec/build/zephyr/uldren/modules/ec/common/host_command.c.obj
[yoda:rw] [336/361] Building C object zephyr/kernel/CMakeFiles/kernel.dir/kheap.c.obj
[/mnt/host/source/src/platform/ec/build/zephyr/lotso-lcov]   /mnt/host/source/src/platform/ec/build/zephyr/lotso/build-ro/zephyr/CMakeFiles/zephyr.dir/soc/ite/ec/it8xxx2/check_regs.c.gcno:no functions found
[/mnt/host/source/src/platform/ec/build/zephyr/lotso-lcov] stderr:
[yoda:rw] [337/361] Building C object zephyr/kernel/CMakeFiles/kernel.dir/float.c.obj
[yoda:rw] [338/361] Building C object zephyr/kernel/CMakeFiles/kernel.dir/mem_slab.c.obj
[yoda:rw] [339/361] Building C object zephyr/kernel/CMakeFiles/kernel.dir/init.c.obj
[uldren:ro] [87/414] Building C object zephyr/arch/arch/arm/core/cortex_m/CMakeFiles/arch__arm__core__cortex_m.dir/prep_c.c.obj
[uldren:ro] [88/414] Building C object zephyr/arch/arch/arm/core/cortex_m/CMakeFiles/arch__arm__core__cortex_m.dir/thread.c.obj
[uldren:ro] [89/414] Building C object zephyr/arch/arch/arm/core/cortex_m/CMakeFiles/arch__arm__core__cortex_m.dir/cpu_idle.c.obj
[uldren:ro] [90/414] Building C object zephyr/arch/arch/arm/core/cortex_m/CMakeFiles/arch__arm__core__cortex_m.dir/irq_init.c.obj
[uldren:rw] [67/414] Building C object CMakeFiles/app.dir/mnt/host/source/src/platform/ec/build/zephyr/uldren/modules/ec/common/host_command_task.c.obj
[yoda:rw] [340/361] Building C object zephyr/kernel/CMakeFiles/kernel.dir/idle.c.obj
[yoda:rw] [341/361] Building C object zephyr/kernel/CMakeFiles/kernel.dir/mailbox.c.obj
[uldren:rw] [68/414] Building C object CMakeFiles/app.dir/mnt/host/source/src/platform/ec/build/zephyr/uldren/modules/ec/common/host_event_commands.c.obj
[uldren:rw] [69/414] Building C object CMakeFiles/app.dir/mnt/host/source/src/platform/ec/build/zephyr/uldren/modules/ec/common/uart_hostcmd.c.obj
[riven:ro] warning: Deprecated symbol I2C_ALLOW_NO_STOP_TRANSACTIONS is enabled.
[yoda:rw] [342/361] Building C object zephyr/kernel/CMakeFiles/kernel.dir/msg_q.c.obj
[yoda:rw] [343/361] Building C object zephyr/kernel/CMakeFiles/kernel.dir/sem.c.obj
[yoda:rw] [344/361] Building C object zephyr/kernel/CMakeFiles/kernel.dir/mutex.c.obj
[uldren:ro] [91/414] Building C object zephyr/arch/arch/arm/core/cortex_m/CMakeFiles/arch__arm__core__cortex_m.dir/isr_wrapper.c.obj
[uldren:ro] [92/414] Building C object zephyr/arch/arch/arm/core/mpu/CMakeFiles/arch__arm__core__mpu.dir/arm_mpu_regions.c.obj
[yoda:rw] [345/361] Building C object zephyr/kernel/CMakeFiles/kernel.dir/queue.c.obj
[uldren:ro] [93/414] Building C object zephyr/arch/arch/arm/core/mpu/CMakeFiles/arch__arm__core__mpu.dir/arm_core_mpu.c.obj
[uldren:ro] [94/414] Generating ../../../include/generated/libc/minimal/strerror_table.h
[uldren:ro] [95/414] Linking C static library zephyr/arch/arch/arm/core/cortex_m/libarch__arm__core__cortex_m.a
[yoda:rw] [346/361] Building C object zephyr/kernel/CMakeFiles/kernel.dir/stack.c.obj
[uldren:ro] [96/414] Building C object zephyr/arch/arch/arm/core/mpu/CMakeFiles/arch__arm__core__mpu.dir/arm_mpu.c.obj
[yoda:rw] [347/361] Building C object zephyr/kernel/CMakeFiles/kernel.dir/system_work_q.c.obj
[uldren:ro] [97/414] Building C object zephyr/lib/libc/minimal/CMakeFiles/lib__libc__minimal.dir/source/stdlib/atoi.c.obj
[uldren:ro] [98/414] Linking C static library zephyr/arch/arch/arm/core/mpu/libarch__arm__core__mpu.a
[uldren:ro] [99/414] Building C object zephyr/lib/libc/minimal/CMakeFiles/lib__libc__minimal.dir/source/stdlib/strtol.c.obj
[riven:ro] Parsing /mnt/host/source/src/platform/ec/zephyr/program/nissa/Kconfig
[uldren:ro] [100/414] Building C object zephyr/lib/libc/minimal/CMakeFiles/lib__libc__minimal.dir/source/stdlib/strtoull.c.obj
[uldren:ro] [101/414] Building C object zephyr/lib/libc/minimal/CMakeFiles/lib__libc__minimal.dir/source/stdlib/strtoul.c.obj
[uldren:ro] [102/414] Building C object zephyr/lib/libc/minimal/CMakeFiles/lib__libc__minimal.dir/source/stdlib/strtoll.c.obj
[uldren:rw] [70/414] Building C object CMakeFiles/app.dir/mnt/host/source/src/platform/ec/build/zephyr/uldren/modules/ec/common/uptime.c.obj
[yoda:rw] [348/361] Building C object zephyr/kernel/CMakeFiles/kernel.dir/condvar.c.obj
[uldren:ro] [103/414] Building C object zephyr/lib/libc/minimal/CMakeFiles/lib__libc__minimal.dir/source/stdlib/bsearch.c.obj
[yoda:rw] [349/361] Building C object zephyr/kernel/CMakeFiles/kernel.dir/work.c.obj
[yoda:rw] [350/361] Building C object zephyr/kernel/CMakeFiles/kernel.dir/thread.c.obj
[uldren:rw] [71/414] Building C object CMakeFiles/app.dir/mnt/host/source/src/platform/ec/build/zephyr/uldren/modules/ec/common/i2c_controller.c.obj
[uldren:ro] [104/414] Building C object zephyr/lib/libc/minimal/CMakeFiles/lib__libc__minimal.dir/source/stdlib/qsort.c.obj
[uldren:ro] [105/414] Building C object zephyr/lib/libc/common/CMakeFiles/lib__libc__common.dir/source/stdlib/abort.c.obj
[uldren:rw] [72/414] Building C object CMakeFiles/app.dir/mnt/host/source/src/platform/ec/build/zephyr/uldren/modules/ec/common/i2c_passthru.c.obj
[yoda:rw] [351/361] Building C object zephyr/kernel/CMakeFiles/kernel.dir/spinlock_validate.c.obj
[uldren:ro] [106/414] Building C object zephyr/lib/libc/minimal/CMakeFiles/lib__libc__minimal.dir/source/string/strerror.c.obj
[yoda:rw] [352/361] Building C object zephyr/kernel/CMakeFiles/kernel.dir/pipe.c.obj
[uldren:ro] [107/414] Building C object zephyr/lib/libc/minimal/CMakeFiles/lib__libc__minimal.dir/source/string/strstr.c.obj
[uldren:ro] [108/414] Building C object zephyr/lib/libc/minimal/CMakeFiles/lib__libc__minimal.dir/source/string/strncasecmp.c.obj
[yoda:rw] [353/361] Building C object zephyr/kernel/CMakeFiles/kernel.dir/sched.c.obj
[uldren:ro] [109/414] Building C object zephyr/lib/libc/minimal/CMakeFiles/lib__libc__minimal.dir/source/string/string.c.obj
[uldren:ro] [110/414] Building C object zephyr/lib/libc/minimal/CMakeFiles/lib__libc__minimal.dir/source/string/strspn.c.obj
[uldren:ro] [111/414] Building C object zephyr/lib/libc/minimal/CMakeFiles/lib__libc__minimal.dir/source/stdlib/exit.c.obj
[yoda:rw] [354/361] Building C object zephyr/kernel/CMakeFiles/kernel.dir/thread_monitor.c.obj
[riven:ro] Loaded configuration '/mnt/host/source/src/platform/ec/zephyr/boards/google/npcx9/npcx9_npcx9m3f_defconfig'
[riven:ro] Merged configuration '/mnt/host/source/src/platform/ec/zephyr/program/nissa/program.conf'
[riven:ro] Merged configuration '/mnt/host/source/src/platform/ec/zephyr/program/nissa/npcx_program.conf'
[riven:ro] Merged configuration '/mnt/host/source/src/platform/ec/zephyr/program/nissa/riven/project.conf'
[riven:ro] Merged configuration '/mnt/host/source/src/platform/ec/build/zephyr/riven/kconfig-ro.conf'
[riven:ro] Configuration saved to '/mnt/host/source/src/platform/ec/build/zephyr/riven/build-ro/zephyr/.config'
[riven:ro] Kconfig header saved to '/mnt/host/source/src/platform/ec/build/zephyr/riven/build-ro/zephyr/include/generated/zephyr/autoconf.h'
[riven:ro] -- Found GnuLd: /home/jpmurphy/.cache/coreboot-sdk/arm-eabi/ea40ddd1d190c3b48435c474c0b545719371813a/arm-eabi/bin/ld.bfd (found version "2.43.1")
[uldren:ro] [112/414] Building C object zephyr/lib/libc/minimal/CMakeFiles/lib__libc__minimal.dir/source/math/sqrtf.c.obj
[yoda:rw] [355/361] Building C object zephyr/kernel/CMakeFiles/kernel.dir/timeout.c.obj
[yoda:rw] [356/361] Building C object zephyr/kernel/CMakeFiles/kernel.dir/timer.c.obj
[riven:ro] -- The C compiler identification is GNU 14.2.0
[uldren:rw] [73/414] Building C object CMakeFiles/app.dir/mnt/host/source/src/platform/ec/build/zephyr/uldren/modules/ec/common/keyboard_scan.c.obj
[yoda:rw] [357/361] Building C object zephyr/kernel/CMakeFiles/kernel.dir/poll.c.obj
[yoda:rw] [358/361] Building C object zephyr/kernel/CMakeFiles/kernel.dir/events.c.obj
[hylia:rw] Configuring.
Running `env -i PYTHONPATH=/usr/lib64/python-exec/python3.11:/mnt/host/source/src/platform/ec/zephyr/zmake:/usr/lib/python311.zip:/usr/lib/python3.11:/usr/lib/python3.11/lib-dynload:/usr/lib/python3.11/site-packages PW_PIGWEED_CIPD_INSTALL_DIR=/usr CROSTC_USER_ACKNOWLEDGES_THAT_RISCV_IS_EXPERIMENTAL=1 PATH=/mnt/host/source/chromite/bin:/usr/local/bin:/usr/bin:/bin:/opt/bin:/mnt/host/source/chromite/sdk/bin:/mnt/host/source/chromite/bin HOME=/home/jpmurphy JAVA_HOME=/etc/java-config-2/current-system-vm JDK_HOME=/etc/java-config-2/current-system-vm JAVAC=/etc/java-config-2/current-system-vm/bin/javac MAKEFLAGS=' -j16 --jobserver-auth=5,6' /usr/bin/cmake -S /mnt/host/source/src/platform/ec/zephyr/program/rauru -B /mnt/host/source/src/platform/ec/build/zephyr/hylia/build-rw -GNinja -DCMAKE_EXPORT_COMPILE_COMMANDS=ON -DZEPHYR_BASE=/mnt/host/source/src/third_party/zephyr/main -DZMAKE_INCLUDE_DIR=/mnt/host/source/src/platform/ec/build/zephyr/hylia/include -DPython3_EXECUTABLE=/usr/bin/python3.11 -DDTS_ROOT=/mnt/host/source/src/platform/ec/zephyr -DSYSCALL_INCLUDE_DIRS=/mnt/host/source/src/platform/ec/zephyr/include/drivers -DUSER_CACHE_DIR=/mnt/host/source/src/platform/ec/build/zephyr/user-cache '-DEXTRA_EC_VERSION_FLAGS=--version 16543.0.0 --static' -DTOOLCHAIN_ROOT=/mnt/host/source/src/platform/ec/zephyr -DCOREBOOT_SDK_ROOT_x86=/home/jpmurphy/.cache/coreboot-sdk/i386-elf/dfbb0486385d938cfa9d73080b9d18d598ed4f49 -DCOREBOOT_SDK_ROOT_picolibc_x86=/home/jpmurphy/.cache/coreboot-sdk/picolibc-i386-elf/eb8e8e687b95461de8cbf278f1c2076952d0ad17 -DCOREBOOT_SDK_ROOT_riscv64=/home/jpmurphy/.cache/coreboot-sdk/riscv64-elf/96b949749225b6aaa92ed810ab769e8dfb12f000 -DCOREBOOT_SDK_ROOT_picolibc_arm=/home/jpmurphy/.cache/coreboot-sdk/picolibc-arm-eabi/422a2aa3e1ef891b5bece9a3deb696ff83840d2e -DCOREBOOT_SDK_ROOT_nds32=/home/jpmurphy/.cache/coreboot-sdk/nds32le-elf/d1a518c4a097666d86058e1444f85ca015d15511 -DCOREBOOT_SDK_ROOT_picolibc_riscv64=/home/jpmurphy/.cache/coreboot-sdk/picolibc-riscv64-elf/f571e990ef0278564b31124f8bb109d9a697eb69 -DCOREBOOT_SDK_ROOT_arm=/home/jpmurphy/.cache/coreboot-sdk/arm-eabi/ea40ddd1d190c3b48435c474c0b545719371813a -DCOREBOOT_SDK_ROOT_libstdcxx_riscv64=/home/jpmurphy/.cache/coreboot-sdk/libstdcxx-riscv64-elf/17abf22a3a252e2d5d2062ced5324f7a623689e0 -DCOREBOOT_SDK_ROOT_libstdcxx_arm=/home/jpmurphy/.cache/coreboot-sdk/libstdcxx-arm-eabi/5d7d82e150e44aa1968f1d366e267e6687b328ac -DCOREBOOT_SDK_ROOT_riscv=/home/jpmurphy/.cache/coreboot-sdk/riscv-elf/9a27b9e82341c6e9126624f516ab3f261abb3e73 -DCOREBOOT_SDK_ROOT_libstdcxx_x86=/home/jpmurphy/.cache/coreboot-sdk/libstdcxx-i386-elf/42ef9d2e87a76a37963175d7d428734e65648b87 -DZEPHYR_TOOLCHAIN_VARIANT=coreboot-sdk -DZEPHYR_MODULES=/mnt/host/source/src/platform/ec/build/zephyr/hylia/modules/ec -DDTC_OVERLAY_FILE=/mnt/host/source/src/platform/ec/zephyr/program/rauru/hylia/project.overlay -DBOARD=it8xxx2/it82202ax -DCMAKE_C_FLAGS=-DSECTION_IS_RW '-DCONF_FILE=/mnt/host/source/src/platform/ec/zephyr/program/rauru/program.conf;/mnt/host/source/src/platform/ec/zephyr/program/rauru/hylia/project.conf;/mnt/host/source/src/platform/ec/build/zephyr/hylia/kconfig-rw.conf'`
[hylia:rw] Loading Zephyr default modules (Zephyr base (cached)).
[hylia:rw] -- Application: /mnt/host/source/src/platform/ec/zephyr/program/rauru
[hylia:rw] -- CMake version: 3.31.7
[uldren:ro] [113/414] Building C object zephyr/lib/libc/minimal/CMakeFiles/lib__libc__minimal.dir/source/stdout/stdout_console.c.obj
[hylia:ro] Configuring.
Running `env -i PYTHONPATH=/usr/lib64/python-exec/python3.11:/mnt/host/source/src/platform/ec/zephyr/zmake:/usr/lib/python311.zip:/usr/lib/python3.11:/usr/lib/python3.11/lib-dynload:/usr/lib/python3.11/site-packages PW_PIGWEED_CIPD_INSTALL_DIR=/usr CROSTC_USER_ACKNOWLEDGES_THAT_RISCV_IS_EXPERIMENTAL=1 PATH=/mnt/host/source/chromite/bin:/usr/local/bin:/usr/bin:/bin:/opt/bin:/mnt/host/source/chromite/sdk/bin:/mnt/host/source/chromite/bin HOME=/home/jpmurphy JAVA_HOME=/etc/java-config-2/current-system-vm JDK_HOME=/etc/java-config-2/current-system-vm JAVAC=/etc/java-config-2/current-system-vm/bin/javac MAKEFLAGS=' -j16 --jobserver-auth=5,6' /usr/bin/cmake -S /mnt/host/source/src/platform/ec/zephyr/program/rauru -B /mnt/host/source/src/platform/ec/build/zephyr/hylia/build-ro -GNinja -DCMAKE_EXPORT_COMPILE_COMMANDS=ON -DZEPHYR_BASE=/mnt/host/source/src/third_party/zephyr/main -DZMAKE_INCLUDE_DIR=/mnt/host/source/src/platform/ec/build/zephyr/hylia/include -DPython3_EXECUTABLE=/usr/bin/python3.11 -DDTS_ROOT=/mnt/host/source/src/platform/ec/zephyr -DSYSCALL_INCLUDE_DIRS=/mnt/host/source/src/platform/ec/zephyr/include/drivers -DUSER_CACHE_DIR=/mnt/host/source/src/platform/ec/build/zephyr/user-cache '-DEXTRA_EC_VERSION_FLAGS=--version 16543.0.0 --static' -DTOOLCHAIN_ROOT=/mnt/host/source/src/platform/ec/zephyr -DCOREBOOT_SDK_ROOT_x86=/home/jpmurphy/.cache/coreboot-sdk/i386-elf/dfbb0486385d938cfa9d73080b9d18d598ed4f49 -DCOREBOOT_SDK_ROOT_picolibc_x86=/home/jpmurphy/.cache/coreboot-sdk/picolibc-i386-elf/eb8e8e687b95461de8cbf278f1c2076952d0ad17 -DCOREBOOT_SDK_ROOT_riscv64=/home/jpmurphy/.cache/coreboot-sdk/riscv64-elf/96b949749225b6aaa92ed810ab769e8dfb12f000 -DCOREBOOT_SDK_ROOT_picolibc_arm=/home/jpmurphy/.cache/coreboot-sdk/picolibc-arm-eabi/422a2aa3e1ef891b5bece9a3deb696ff83840d2e -DCOREBOOT_SDK_ROOT_nds32=/home/jpmurphy/.cache/coreboot-sdk/nds32le-elf/d1a518c4a097666d86058e1444f85ca015d15511 -DCOREBOOT_SDK_ROOT_picolibc_riscv64=/home/jpmurphy/.cache/coreboot-sdk/picolibc-riscv64-elf/f571e990ef0278564b31124f8bb109d9a697eb69 -DCOREBOOT_SDK_ROOT_arm=/home/jpmurphy/.cache/coreboot-sdk/arm-eabi/ea40ddd1d190c3b48435c474c0b545719371813a -DCOREBOOT_SDK_ROOT_libstdcxx_riscv64=/home/jpmurphy/.cache/coreboot-sdk/libstdcxx-riscv64-elf/17abf22a3a252e2d5d2062ced5324f7a623689e0 -DCOREBOOT_SDK_ROOT_libstdcxx_arm=/home/jpmurphy/.cache/coreboot-sdk/libstdcxx-arm-eabi/5d7d82e150e44aa1968f1d366e267e6687b328ac -DCOREBOOT_SDK_ROOT_riscv=/home/jpmurphy/.cache/coreboot-sdk/riscv-elf/9a27b9e82341c6e9126624f516ab3f261abb3e73 -DCOREBOOT_SDK_ROOT_libstdcxx_x86=/home/jpmurphy/.cache/coreboot-sdk/libstdcxx-i386-elf/42ef9d2e87a76a37963175d7d428734e65648b87 -DZEPHYR_TOOLCHAIN_VARIANT=coreboot-sdk -DZEPHYR_MODULES=/mnt/host/source/src/platform/ec/build/zephyr/hylia/modules/ec -DDTC_OVERLAY_FILE=/mnt/host/source/src/platform/ec/zephyr/program/rauru/hylia/project.overlay -DBOARD=it8xxx2/it82202ax -DCMAKE_C_FLAGS=-DSECTION_IS_RO '-DCONF_FILE=/mnt/host/source/src/platform/ec/zephyr/program/rauru/program.conf;/mnt/host/source/src/platform/ec/zephyr/program/rauru/hylia/project.conf;/mnt/host/source/src/platform/ec/build/zephyr/hylia/kconfig-ro.conf'`
[yoda:rw] [359/361] Building C object zephyr/kernel/CMakeFiles/kernel.dir/mempool.c.obj
[hylia:ro] Loading Zephyr default modules (Zephyr base (cached)).
[hylia:ro] -- Application: /mnt/host/source/src/platform/ec/zephyr/program/rauru
[uldren:ro] [114/414] Building C object zephyr/lib/libc/minimal/CMakeFiles/lib__libc__minimal.dir/source/stdout/fprintf.c.obj
[riven:ro] -- The CXX compiler identification is GNU 14.2.0
[uldren:ro] [115/414] Building C object zephyr/lib/libc/minimal/CMakeFiles/lib__libc__minimal.dir/source/stdout/sprintf.c.obj
[uldren:rw] [74/414] Building C object CMakeFiles/app.dir/mnt/host/source/src/platform/ec/build/zephyr/uldren/modules/ec/common/keyboard_8042.c.obj
[uldren:ro] [116/414] Building C object zephyr/lib/libc/minimal/CMakeFiles/lib__libc__minimal.dir/source/math/sqrt.c.obj
[riven:ro] -- The ASM compiler identification is GNU
[uldren:rw] [75/414] Building C object CMakeFiles/app.dir/mnt/host/source/src/platform/ec/build/zephyr/uldren/modules/ec/common/keyboard_8042_sharedlib.c.obj
[riven:ro] CMake Warning at /mnt/host/source/src/platform/ec/zephyr/cmake/linker/ld/linker_libraries.cmake:11 (message):
[riven:ro]   Disabling c_library
[riven:ro] Call Stack (most recent call first):
[riven:ro]   /mnt/host/source/src/third_party/zephyr/main/cmake/target_toolchain_flags.cmake:48 (include)
[riven:ro]   /mnt/host/source/src/third_party/zephyr/main/cmake/modules/kernel.cmake:153 (include)
[riven:ro]   /mnt/host/source/src/third_party/zephyr/main/cmake/modules/zephyr_default.cmake:138 (include)
[riven:ro]   /mnt/host/source/src/third_party/zephyr/main/share/zephyr-package/cmake/ZephyrConfig.cmake:66 (include)
[riven:ro]   /mnt/host/source/src/third_party/zephyr/main/share/zephyr-package/cmake/ZephyrConfig.cmake:97 (include_boilerplate)
[riven:ro]   CMakeLists.txt:7 (find_package)
[riven:rw] Configuring.
Running `env -i PYTHONPATH=/usr/lib64/python-exec/python3.11:/mnt/host/source/src/platform/ec/zephyr/zmake:/usr/lib/python311.zip:/usr/lib/python3.11:/usr/lib/python3.11/lib-dynload:/usr/lib/python3.11/site-packages PW_PIGWEED_CIPD_INSTALL_DIR=/usr CROSTC_USER_ACKNOWLEDGES_THAT_RISCV_IS_EXPERIMENTAL=1 PATH=/mnt/host/source/chromite/bin:/usr/local/bin:/usr/bin:/bin:/opt/bin:/mnt/host/source/chromite/sdk/bin:/mnt/host/source/chromite/bin HOME=/home/jpmurphy JAVA_HOME=/etc/java-config-2/current-system-vm JDK_HOME=/etc/java-config-2/current-system-vm JAVAC=/etc/java-config-2/current-system-vm/bin/javac MAKEFLAGS=' -j16 --jobserver-auth=5,6' /usr/bin/cmake -S /mnt/host/source/src/platform/ec/zephyr/program/nissa -B /mnt/host/source/src/platform/ec/build/zephyr/riven/build-rw -GNinja -DCMAKE_EXPORT_COMPILE_COMMANDS=ON -DZEPHYR_BASE=/mnt/host/source/src/third_party/zephyr/main -DZMAKE_INCLUDE_DIR=/mnt/host/source/src/platform/ec/build/zephyr/riven/include -DPython3_EXECUTABLE=/usr/bin/python3.11 -DDTS_ROOT=/mnt/host/source/src/platform/ec/zephyr -DSYSCALL_INCLUDE_DIRS=/mnt/host/source/src/platform/ec/zephyr/include/drivers -DUSER_CACHE_DIR=/mnt/host/source/src/platform/ec/build/zephyr/user-cache '-DEXTRA_EC_VERSION_FLAGS=--version 16543.0.0 --static' -DTOOLCHAIN_ROOT=/mnt/host/source/src/platform/ec/zephyr -DCOREBOOT_SDK_ROOT_x86=/home/jpmurphy/.cache/coreboot-sdk/i386-elf/dfbb0486385d938cfa9d73080b9d18d598ed4f49 -DCOREBOOT_SDK_ROOT_picolibc_x86=/home/jpmurphy/.cache/coreboot-sdk/picolibc-i386-elf/eb8e8e687b95461de8cbf278f1c2076952d0ad17 -DCOREBOOT_SDK_ROOT_riscv64=/home/jpmurphy/.cache/coreboot-sdk/riscv64-elf/96b949749225b6aaa92ed810ab769e8dfb12f000 -DCOREBOOT_SDK_ROOT_picolibc_arm=/home/jpmurphy/.cache/coreboot-sdk/picolibc-arm-eabi/422a2aa3e1ef891b5bece9a3deb696ff83840d2e -DCOREBOOT_SDK_ROOT_nds32=/home/jpmurphy/.cache/coreboot-sdk/nds32le-elf/d1a518c4a097666d86058e1444f85ca015d15511 -DCOREBOOT_SDK_ROOT_picolibc_riscv64=/home/jpmurphy/.cache/coreboot-sdk/picolibc-riscv64-elf/f571e990ef0278564b31124f8bb109d9a697eb69 -DCOREBOOT_SDK_ROOT_arm=/home/jpmurphy/.cache/coreboot-sdk/arm-eabi/ea40ddd1d190c3b48435c474c0b545719371813a -DCOREBOOT_SDK_ROOT_libstdcxx_riscv64=/home/jpmurphy/.cache/coreboot-sdk/libstdcxx-riscv64-elf/17abf22a3a252e2d5d2062ced5324f7a623689e0 -DCOREBOOT_SDK_ROOT_libstdcxx_arm=/home/jpmurphy/.cache/coreboot-sdk/libstdcxx-arm-eabi/5d7d82e150e44aa1968f1d366e267e6687b328ac -DCOREBOOT_SDK_ROOT_riscv=/home/jpmurphy/.cache/coreboot-sdk/riscv-elf/9a27b9e82341c6e9126624f516ab3f261abb3e73 -DCOREBOOT_SDK_ROOT_libstdcxx_x86=/home/jpmurphy/.cache/coreboot-sdk/libstdcxx-i386-elf/42ef9d2e87a76a37963175d7d428734e65648b87 -DZEPHYR_TOOLCHAIN_VARIANT=coreboot-sdk '-DZEPHYR_MODULES=/mnt/host/source/src/platform/ec/build/zephyr/riven/modules/cmsis;/mnt/host/source/src/platform/ec/build/zephyr/riven/modules/cmsis_6;/mnt/host/source/src/platform/ec/build/zephyr/riven/modules/ec' -DDTC_OVERLAY_FILE=/mnt/host/source/src/platform/ec/zephyr/program/nissa/riven/project.overlay -DBOARD=npcx9/npcx9m3f -DCMAKE_C_FLAGS=-DSECTION_IS_RW '-DCONF_FILE=/mnt/host/source/src/platform/ec/zephyr/program/nissa/program.conf;/mnt/host/source/src/platform/ec/zephyr/program/nissa/npcx_program.conf;/mnt/host/source/src/platform/ec/zephyr/program/nissa/riven/project.conf;/mnt/host/source/src/platform/ec/build/zephyr/riven/kconfig-rw.conf'`
[yoda:rw] [360/361] Building C object zephyr/kernel/CMakeFiles/kernel.dir/dynamic_disabled.c.obj
[riven:rw] -- Application: /mnt/host/source/src/platform/ec/zephyr/program/nissa
[riven:rw] Loading Zephyr default modules (Zephyr base (cached)).
[uldren:ro] [117/414] Building C object zephyr/lib/libc/common/CMakeFiles/lib__libc__common.dir/source/time/gmtime_r.c.obj
[uldren:ro] [118/414] Building C object zephyr/lib/libc/common/CMakeFiles/lib__libc__common.dir/source/time/asctime.c.obj
[yoda:rw] [361/361] Linking C static library zephyr/kernel/libkernel.a
Running (initial) lcov on /mnt/host/source/src/platform/ec/build/zephyr/ojal.
[uldren:ro] [119/414] Building C object zephyr/lib/libc/common/CMakeFiles/lib__libc__common.dir/source/time/localtime_r_utc.c.obj
[hylia:rw] -- Found Python3: /usr/bin/python3.11 (found suitable version "3.11.11", minimum required is "3.10") found components: Interpreter
[hylia:rw] -- Cache files will be written to: /mnt/host/source/src/platform/ec/build/zephyr/user-cache
[uldren:ro] [120/414] Building C object zephyr/lib/libc/common/CMakeFiles/lib__libc__common.dir/source/time/ctime.c.obj
[hylia:ro] -- CMake version: 3.31.7
[hylia:ro] -- Found Python3: /usr/bin/python3.11 (found suitable version "3.11.11", minimum required is "3.10") found components: Interpreter
[hylia:ro] -- Cache files will be written to: /mnt/host/source/src/platform/ec/build/zephyr/user-cache
[hylia:rw] -- Zephyr version: 4.3.99 (/mnt/host/source/src/third_party/zephyr/main)
[hylia:ro] -- Zephyr version: 4.3.99 (/mnt/host/source/src/third_party/zephyr/main)
[uldren:ro] [121/414] Building C object zephyr/lib/libc/common/CMakeFiles/lib__libc__common.dir/source/time/time.c.obj
[uldren:ro] [122/414] Building C object zephyr/lib/libc/common/CMakeFiles/lib__libc__common.dir/source/string/strnlen.c.obj
[uldren:ro] [123/414] Building C object zephyr/lib/posix/c_lib_ext/CMakeFiles/lib__posix__c_lib_ext.dir/fnmatch.c.obj
[riven:rw] -- CMake version: 3.31.7
[riven:rw] -- Found Python3: /usr/bin/python3.11 (found suitable version "3.11.11", minimum required is "3.10") found components: Interpreter
[riven:rw] -- Cache files will be written to: /mnt/host/source/src/platform/ec/build/zephyr/user-cache
[riven:rw] -- Zephyr version: 4.3.99 (/mnt/host/source/src/third_party/zephyr/main)
[uldren:ro] [124/414] Building C object zephyr/lib/libc/minimal/CMakeFiles/lib__libc__minimal.dir/source/time/gmtime.c.obj
[uldren:ro] [125/414] Building C object zephyr/subsys/crc/CMakeFiles/subsys__crc.dir/crc4_sw.c.obj
[uldren:rw] [76/414] Building C object CMakeFiles/app.dir/mnt/host/source/src/platform/ec/build/zephyr/uldren/modules/ec/common/mkbp_fifo.c.obj
[uldren:ro] [126/414] Linking C static library zephyr/lib/libc/minimal/liblib__libc__minimal.a
[uldren:rw] [77/414] Building C object CMakeFiles/app.dir/mnt/host/source/src/platform/ec/build/zephyr/uldren/modules/ec/common/mkbp_info.c.obj
Running `env -i PYTHONPATH=/usr/lib64/python-exec/python3.11:/mnt/host/source/src/platform/ec/zephyr/zmake:/usr/lib/python311.zip:/usr/lib/python3.11:/usr/lib/python3.11/lib-dynload:/usr/lib/python3.11/site-packages PW_PIGWEED_CIPD_INSTALL_DIR=/usr CROSTC_USER_ACKNOWLEDGES_THAT_RISCV_IS_EXPERIMENTAL=1 PATH=/mnt/host/source/chromite/bin:/usr/local/bin:/usr/bin:/bin:/opt/bin:/mnt/host/source/chromite/sdk/bin:/mnt/host/source/chromite/bin HOME=/home/jpmurphy JAVA_HOME=/etc/java-config-2/current-system-vm JDK_HOME=/etc/java-config-2/current-system-vm JAVAC=/etc/java-config-2/current-system-vm/bin/javac MAKEFLAGS=' -j16 --jobserver-auth=5,6' /usr/bin/lcov --gcov-tool /mnt/host/source/src/platform/ec/build/zephyr/ojal/build-rw/gcov.sh -q -o - -c -d /mnt/host/source/src/platform/ec/build/zephyr/ojal -t ojal --rc branch_coverage=1 --filter range --ignore-errors inconsistent,source --ignore-errors gcov,gcov -i`
[uldren:ro] [127/414] Building C object zephyr/subsys/crc/CMakeFiles/subsys__crc.dir/crc8_sw.c.obj
[riven:ro] -- Found assembler: /home/jpmurphy/.cache/coreboot-sdk/arm-eabi/ea40ddd1d190c3b48435c474c0b545719371813a/bin/arm-eabi-gcc
[riven:ro] -- Performing EC specific devicetree checks
[uldren:ro] [128/414] Building C object zephyr/subsys/crc/CMakeFiles/subsys__crc.dir/crc16_sw.c.obj
[uldren:ro] [129/414] Building C object zephyr/subsys/crc/CMakeFiles/subsys__crc.dir/crc7_sw.c.obj
[uldren:rw] [78/414] Building C object CMakeFiles/app.dir/mnt/host/source/src/platform/ec/build/zephyr/uldren/modules/ec/common/mkbp_input_devices.c.obj
[riven:ro] INFO: Verified 55 GPIOs, no duplicates found
[uldren:ro] [130/414] Building C object zephyr/subsys/crc/CMakeFiles/subsys__crc.dir/crc32c_sw.c.obj
[uldren:rw] [79/414] Building C object CMakeFiles/app.dir/mnt/host/source/src/platform/ec/build/zephyr/uldren/modules/ec/common/keyboard_backlight.c.obj
[uldren:ro] [131/414] Building C object zephyr/subsys/crc/CMakeFiles/subsys__crc.dir/crc24_sw.c.obj
[uldren:ro] [132/414] Building C object zephyr/lib/libc/common/CMakeFiles/lib__libc__common.dir/source/stdlib/malloc.c.obj
[uldren:ro] [133/414] Building C object zephyr/lib/posix/c_lib_ext/CMakeFiles/lib__posix__c_lib_ext.dir/getopt_shim.c.obj
[uldren:ro] [134/414] Building C object zephyr/subsys/crc/CMakeFiles/subsys__crc.dir/crc32k_4_2_sw.c.obj
[uldren:ro] [135/414] Building C object zephyr/lib/posix/c_lib_ext/CMakeFiles/lib__posix__c_lib_ext.dir/getentropy.c.obj
[uldren:ro] [136/414] Linking C static library zephyr/lib/libc/common/liblib__libc__common.a
[uldren:ro] [137/414] Building C object zephyr/subsys/crc/CMakeFiles/subsys__crc.dir/crc32_sw.c.obj
[uldren:ro] [138/414] Linking C static library zephyr/lib/posix/c_lib_ext/liblib__posix__c_lib_ext.a
[riven:ro] -- Generating component manifest file
[uldren:ro] [139/414] Linking C static library zephyr/subsys/crc/libsubsys__crc.a
[riven:ro] INFO: Verified 13 '*-gpios' properties, all flags match.
[riven:ro] INFO: Skipped 18 named-gpios children.
[riven:ro] INFO: Running CME, outputting to /mnt/host/source/src/platform/ec/build/zephyr/riven/build-ro/zephyr/component_manifest.json
[riven:ro] INFO: Component virtual-mux-0(cros-ec,usbc-mux-virtual) not on I2C bus, skip it
[riven:ro] INFO: Component virtual-mux-1(cros-ec,usbc-mux-virtual) not on I2C bus, skip it
[riven:ro] INFO: Component virtual-mux-1(cros-ec,usbc-mux-virtual) not on I2C bus, skip it
[riven:ro] INFO: No motionsense-sensor-alt node found
[uldren:rw] [80/414] Building C object CMakeFiles/app.dir/mnt/host/source/src/platform/ec/build/zephyr/uldren/modules/ec/common/motion_lid.c.obj
[uldren:rw] [81/414] Building C object CMakeFiles/app.dir/mnt/host/source/src/platform/ec/build/zephyr/uldren/modules/ec/common/led_common.c.obj
[hylia:rw] -- Board: it8xxx2, qualifiers: it82202ax
[/mnt/host/source/src/platform/ec/build/zephyr/ojal-lcov] geninfo: WARNING: using JSON module "JSON::PP" - which is much slower than some alternatives.  Consider installing one of JSON::XS or Cpanel::JSON::XS
[riven:ro] -- warning_base_override: -Wall;-Wformat;-Wformat-security;-Wformat;-Wno-format-zero-length;-Wno-pointer-sign;-Wpointer-arith;-Wexpansion-to-defined
[hylia:ro] -- Board: it8xxx2, qualifiers: it82202ax
[uldren:rw] [82/414] Building C object CMakeFiles/app.dir/mnt/host/source/src/platform/ec/build/zephyr/uldren/modules/ec/common/lid_angle.c.obj
[riven:rw] -- Board: npcx9, qualifiers: npcx9m3f
[uldren:rw] [83/414] Building C object CMakeFiles/app.dir/mnt/host/source/src/platform/ec/build/zephyr/uldren/modules/ec/common/lid_angle_keyboard_policy.c.obj
[uldren:ro] [140/414] Building C object zephyr/drivers/interrupt_controller/CMakeFiles/drivers__interrupt_controller.dir/intc_miwu.c.obj
[uldren:ro] [141/414] Building C object zephyr/drivers/adc/CMakeFiles/drivers__adc.dir/adc_common.c.obj
[uldren:ro] [142/414] Building C object zephyr/drivers/bbram/CMakeFiles/drivers__bbram.dir/bbram_npcx.c.obj
[uldren:ro] [143/414] Linking C static library zephyr/drivers/interrupt_controller/libdrivers__interrupt_controller.a
[uldren:ro] [144/414] Building C object zephyr/drivers/clock_control/CMakeFiles/drivers__clock_control.dir/clock_control_npcx.c.obj
[uldren:ro] [145/414] Linking C static library zephyr/drivers/clock_control/libdrivers__clock_control.a
[uldren:ro] [146/414] Linking C static library zephyr/drivers/bbram/libdrivers__bbram.a
[riven:ro] -- Found gen_kobject_list: /mnt/host/source/src/third_party/zephyr/main/scripts/build/gen_kobject_list.py
[uldren:ro] [147/414] Building C object zephyr/drivers/adc/CMakeFiles/drivers__adc.dir/adc_npcx.c.obj
[uldren:ro] [148/414] Linking C static library zephyr/drivers/adc/libdrivers__adc.a
[riven:ro] -- Configuring done (15.5s)
[/mnt/host/source/src/platform/ec/build/zephyr/lotso-lcov]   /mnt/host/source/src/platform/ec/build/zephyr/lotso/build-ro/zephyr/drivers/sensor/CMakeFiles/drivers__sensor.dir/mnt/host/source/src/third_party/zephyr/main/misc/empty_file.c.gcno:no functions found
[/mnt/host/source/src/platform/ec/build/zephyr/lotso-lcov] stderr:
[uldren:rw] [84/414] Building C object CMakeFiles/app.dir/mnt/host/source/src/platform/ec/build/zephyr/uldren/modules/ec/common/lid_switch.c.obj
[uldren:rw] [85/414] Building C object CMakeFiles/app.dir/mnt/host/source/src/platform/ec/build/zephyr/uldren/modules/ec/common/mkbp_event.c.obj
[uldren:ro] [149/414] Building C object zephyr/drivers/console/CMakeFiles/drivers__console.dir/uart_console.c.obj
[uldren:ro] [150/414] Building C object zephyr/drivers/eeprom/CMakeFiles/drivers__eeprom.dir/eeprom_shell.c.obj
[uldren:ro] [151/414] Linking C static library zephyr/drivers/console/libdrivers__console.a
[riven:ro] -- Generating done (0.5s)
[riven:ro] CMake Warning:
[riven:ro]   Manually-specified variables were not used by the project:
[riven:ro]     COREBOOT_SDK_ROOT_libstdcxx_riscv64
[riven:ro]     COREBOOT_SDK_ROOT_libstdcxx_x86
[riven:ro]     COREBOOT_SDK_ROOT_nds32
[riven:ro]     COREBOOT_SDK_ROOT_picolibc_riscv64
[riven:ro]     COREBOOT_SDK_ROOT_picolibc_x86
[riven:ro]     COREBOOT_SDK_ROOT_riscv
[riven:ro]     COREBOOT_SDK_ROOT_riscv64
[riven:ro]     COREBOOT_SDK_ROOT_x86
[riven:ro] -- Build files have been written to: /mnt/host/source/src/platform/ec/build/zephyr/riven/build-ro
[/mnt/host/source/src/platform/ec/build/zephyr/lotso-lcov]   /mnt/host/source/src/platform/ec/build/zephyr/lotso/build-rw/modules/ec/zephyr/CMakeFiles/ec_shim.dir/shim/src/thermal.c.gcno:no functions found
[/mnt/host/source/src/platform/ec/build/zephyr/lotso-lcov] stderr:
[uldren:ro] [152/414] Building C object zephyr/drivers/eeprom/CMakeFiles/drivers__eeprom.dir/eeprom_at2x.c.obj
[/mnt/host/source/src/platform/ec/build/zephyr/ojal-lcov] stderr:
[uldren:rw] [86/414] Building C object CMakeFiles/app.dir/mnt/host/source/src/platform/ec/build/zephyr/uldren/modules/ec/common/motion_sense.c.obj
[uldren:rw] [87/414] Building C object CMakeFiles/app.dir/mnt/host/source/src/platform/ec/build/zephyr/uldren/modules/ec/driver/mp2964.c.obj
[uldren:ro] [153/414] Linking C static library zephyr/drivers/eeprom/libdrivers__eeprom.a
[uldren:ro] [154/414] Building C object zephyr/drivers/espi/CMakeFiles/drivers__espi.dir/espi_npcx.c.obj
[/mnt/host/source/src/platform/ec/build/zephyr/ojal-lcov]   /mnt/host/source/src/platform/ec/build/zephyr/ojal/build-ro/modules/ec/zephyr/CMakeFiles/ec_shim.dir/shim/src/thermal.c.gcno:no functions found
[/mnt/host/source/src/platform/ec/build/zephyr/ojal-lcov] stderr:
[/mnt/host/source/src/platform/ec/build/zephyr/lotso-lcov]   /mnt/host/source/src/platform/ec/build/zephyr/lotso/build-rw/modules/ec/zephyr/CMakeFiles/ec_shim.dir/shim/src/battery.c.gcno:no functions found
[/mnt/host/source/src/platform/ec/build/zephyr/lotso-lcov] stderr:
[uldren:ro] [155/414] Building C object zephyr/drivers/espi/CMakeFiles/drivers__espi.dir/host_subs_npcx.c.obj
[uldren:ro] [156/414] Linking C static library zephyr/drivers/espi/libdrivers__espi.a
[hylia:rw] -- Found Dtc: /usr/bin/dtc (found suitable version "1.6.0", minimum required is "1.4.6")
[hylia:rw] -- Found BOARD.dts: /mnt/host/source/src/platform/ec/zephyr/boards/google/it8xxx2/it8xxx2_it82202ax.dts
[hylia:rw] -- Found devicetree overlay: /mnt/host/source/src/platform/ec/zephyr/program/rauru/hylia/project.overlay
[uldren:rw] [88/414] Building C object CMakeFiles/app.dir/mnt/host/source/src/platform/ec/build/zephyr/uldren/modules/ec/common/port80.c.obj
[/mnt/host/source/src/platform/ec/build/zephyr/ojal-lcov]   /mnt/host/source/src/platform/ec/build/zephyr/ojal/build-ro/modules/ec/zephyr/CMakeFiles/ec_shim.dir/shim/src/battery.c.gcno:no functions found
[/mnt/host/source/src/platform/ec/build/zephyr/ojal-lcov] stderr:
[uldren:ro] [157/414] Building C object zephyr/drivers/flash/CMakeFiles/drivers__flash.dir/jesd216.c.obj
[riven:rw] -- Found Dtc: /usr/bin/dtc (found suitable version "1.6.0", minimum required is "1.4.6")
[riven:rw] -- Found BOARD.dts: /mnt/host/source/src/platform/ec/zephyr/boards/google/npcx9/npcx9_npcx9m3f.dts
[riven:rw] -- Found devicetree overlay: /mnt/host/source/src/platform/ec/zephyr/program/nissa/riven/project.overlay
[hylia:ro] -- Found Dtc: /usr/bin/dtc (found suitable version "1.6.0", minimum required is "1.4.6")
[hylia:ro] -- Found BOARD.dts: /mnt/host/source/src/platform/ec/zephyr/boards/google/it8xxx2/it8xxx2_it82202ax.dts
[hylia:ro] -- Found devicetree overlay: /mnt/host/source/src/platform/ec/zephyr/program/rauru/hylia/project.overlay
[uldren:ro] [158/414] Building C object zephyr/drivers/flash/CMakeFiles/drivers__flash.dir/flash_npcx_fiu_nor.c.obj
[uldren:rw] [89/414] Building C object CMakeFiles/app.dir/mnt/host/source/src/platform/ec/build/zephyr/uldren/modules/ec/common/power_button.c.obj
[uldren:ro] [159/414] Building C object zephyr/drivers/flash/CMakeFiles/drivers__flash.dir/flash_npcx_fiu_qspi.c.obj
[uldren:rw] [90/414] Building C object CMakeFiles/app.dir/mnt/host/source/src/platform/ec/build/zephyr/uldren/modules/ec/power/hibernate.c.obj
[uldren:ro] [160/414] Linking C static library zephyr/drivers/flash/libdrivers__flash.a
[uldren:rw] [91/414] Building C object CMakeFiles/app.dir/mnt/host/source/src/platform/ec/build/zephyr/uldren/modules/ec/common/panic_output.c.obj
[uldren:ro] [161/414] Building C object zephyr/drivers/i2c/CMakeFiles/drivers__i2c.dir/i2c_common.c.obj
[uldren:ro] [162/414] Building C object zephyr/drivers/gpio/CMakeFiles/drivers__gpio.dir/gpio_npcx.c.obj
[/mnt/host/source/src/platform/ec/build/zephyr/lotso-lcov]   /mnt/host/source/src/platform/ec/build/zephyr/lotso/build-rw/modules/ec/zephyr/CMakeFiles/ec_shim.dir/shim/src/charger.c.gcno:no functions found
[/mnt/host/source/src/platform/ec/build/zephyr/lotso-lcov] stderr:
[uldren:ro] [163/414] Linking C static library zephyr/drivers/gpio/libdrivers__gpio.a
[uldren:rw] [92/414] Building C object CMakeFiles/app.dir/mnt/host/source/src/platform/ec/build/zephyr/uldren/modules/ec/common/sha256.c.obj
[uldren:ro] [164/414] Building C object zephyr/drivers/i2c/CMakeFiles/drivers__i2c.dir/i2c_shell.c.obj
[uldren:ro] [165/414] Building C object zephyr/drivers/i2c/CMakeFiles/drivers__i2c.dir/i2c_npcx_controller.c.obj
[uldren:ro] [166/414] Building C object zephyr/drivers/i2c/CMakeFiles/drivers__i2c.dir/i2c_npcx_controller_fifo.c.obj
[uldren:ro] [167/414] Building C object zephyr/drivers/pinctrl/CMakeFiles/drivers__pinctrl.dir/common.c.obj
[uldren:ro] [168/414] Building C object zephyr/drivers/sensor/CMakeFiles/drivers__sensor.dir/mnt/host/source/src/third_party/zephyr/main/misc/empty_file.c.obj
[uldren:ro] [169/414] Linking C static library zephyr/drivers/sensor/libdrivers__sensor.a
[uldren:rw] [93/414] Building C object CMakeFiles/app.dir/mnt/host/source/src/platform/ec/build/zephyr/uldren/modules/ec/common/shared_mem.c.obj
[uldren:ro] [170/414] Building C object zephyr/drivers/i2c/CMakeFiles/drivers__i2c.dir/i2c_npcx_port.c.obj
[uldren:rw] [94/414] Building C object CMakeFiles/app.dir/mnt/host/source/src/platform/ec/build/zephyr/uldren/modules/ec/common/spi_flash_reg.c.obj
[uldren:ro] [171/414] Linking C static library zephyr/drivers/i2c/libdrivers__i2c.a
[uldren:rw] [95/414] Building C object CMakeFiles/app.dir/mnt/host/source/src/platform/ec/build/zephyr/uldren/modules/ec/common/switch.c.obj
[uldren:ro] [172/414] Building C object zephyr/drivers/pinctrl/CMakeFiles/drivers__pinctrl.dir/pinctrl_npcx.c.obj
[uldren:ro] [173/414] Linking C static library zephyr/drivers/pinctrl/libdrivers__pinctrl.a
[uldren:ro] [174/414] Building C object zephyr/drivers/pwm/CMakeFiles/drivers__pwm.dir/pwm_shell.c.obj
[uldren:ro] [175/414] Building C object zephyr/drivers/pwm/CMakeFiles/drivers__pwm.dir/pwm_npcx.c.obj
[hylia:rw] -- Generated zephyr.dts: /mnt/host/source/src/platform/ec/build/zephyr/hylia/build-rw/zephyr/zephyr.dts
[hylia:rw] -- Generated pickled edt: /mnt/host/source/src/platform/ec/build/zephyr/hylia/build-rw/zephyr/edt.pickle
[uldren:ro] [176/414] Linking C static library zephyr/drivers/pwm/libdrivers__pwm.a
[uldren:rw] [96/414] Building C object CMakeFiles/app.dir/mnt/host/source/src/platform/ec/build/zephyr/uldren/modules/ec/driver/stm_mems_common.c.obj
[hylia:ro] -- Generated zephyr.dts: /mnt/host/source/src/platform/ec/build/zephyr/hylia/build-ro/zephyr/zephyr.dts
[hylia:ro] -- Generated pickled edt: /mnt/host/source/src/platform/ec/build/zephyr/hylia/build-ro/zephyr/edt.pickle
[uldren:ro] [177/414] Building C object zephyr/drivers/sensor/nuvoton/nuvoton_adc_cmp_npcx/CMakeFiles/drivers__sensor__nuvoton__nuvoton_adc_cmp_npcx.dir/adc_cmp_npcx.c.obj
[uldren:ro] [178/414] Building C object zephyr/drivers/syscon/CMakeFiles/drivers__syscon.dir/syscon.c.obj
[uldren:ro] [179/414] Building C object zephyr/drivers/serial/CMakeFiles/drivers__serial.dir/uart_npcx.c.obj
[uldren:ro] [180/414] Linking C static library zephyr/drivers/sensor/nuvoton/nuvoton_adc_cmp_npcx/libdrivers__sensor__nuvoton__nuvoton_adc_cmp_npcx.a
[uldren:ro] [181/414] Linking C static library zephyr/drivers/syscon/libdrivers__syscon.a
[uldren:ro] [182/414] Building C object zephyr/drivers/timer/CMakeFiles/drivers__timer.dir/sys_clock_init.c.obj
[uldren:rw] [97/414] Building C object CMakeFiles/app.dir/mnt/host/source/src/platform/ec/build/zephyr/uldren/modules/ec/common/tablet_mode.c.obj
[uldren:ro] [183/414] Linking C static library zephyr/drivers/serial/libdrivers__serial.a
[/mnt/host/source/src/platform/ec/build/zephyr/steelix-lcov]   /mnt/host/source/src/platform/ec/build/zephyr/steelix/build-rw/CMakeFiles/app.dir/mnt/host/source/src/platform/ec/build/zephyr/steelix/modules/ec/common/usb_pd_pdo.c.gcno:no functions found
[/mnt/host/source/src/platform/ec/build/zephyr/steelix-lcov] stderr:
[riven:rw] -- Generated zephyr.dts: /mnt/host/source/src/platform/ec/build/zephyr/riven/build-rw/zephyr/zephyr.dts
[riven:rw] -- Generated pickled edt: /mnt/host/source/src/platform/ec/build/zephyr/riven/build-rw/zephyr/edt.pickle
[uldren:rw] [98/414] Building C object CMakeFiles/app.dir/mnt/host/source/src/platform/ec/build/zephyr/uldren/modules/ec/common/thermal.c.obj
[/mnt/host/source/src/platform/ec/build/zephyr/ojal-lcov]   /mnt/host/source/src/platform/ec/build/zephyr/ojal/build-ro/modules/ec/zephyr/CMakeFiles/ec_shim.dir/shim/src/charger.c.gcno:no functions found
[/mnt/host/source/src/platform/ec/build/zephyr/ojal-lcov] stderr:
[hylia:rw] -- Generated devicetree_generated.h: /mnt/host/source/src/platform/ec/build/zephyr/hylia/build-rw/zephyr/include/generated/zephyr/devicetree_generated.h
[uldren:rw] [99/414] Building C object CMakeFiles/app.dir/mnt/host/source/src/platform/ec/build/zephyr/uldren/modules/ec/common/temp_sensor.c.obj
[/mnt/host/source/src/platform/ec/build/zephyr/lotso-lcov]   /mnt/host/source/src/platform/ec/build/zephyr/lotso/build-rw/modules/ec/zephyr/CMakeFiles/ec_shim.dir/shim/src/usba.c.gcno:no functions found
[/mnt/host/source/src/platform/ec/build/zephyr/lotso-lcov] stderr:
[hylia:ro] -- Generated devicetree_generated.h: /mnt/host/source/src/platform/ec/build/zephyr/hylia/build-ro/zephyr/include/generated/zephyr/devicetree_generated.h
[uldren:ro] [184/414] Building C object zephyr/drivers/timer/CMakeFiles/drivers__timer.dir/npcx_itim_timer.c.obj
[uldren:ro] [185/414] Linking C static library zephyr/drivers/timer/libdrivers__timer.a
[uldren:ro] [186/414] Building C object zephyr/drivers/watchdog/CMakeFiles/drivers__watchdog.dir/wdt_npcx.c.obj
[riven:rw] -- Generated devicetree_generated.h: /mnt/host/source/src/platform/ec/build/zephyr/riven/build-rw/zephyr/include/generated/zephyr/devicetree_generated.h
[uldren:rw] [100/414] Building C object CMakeFiles/app.dir/mnt/host/source/src/platform/ec/build/zephyr/uldren/modules/ec/driver/temp_sensor/thermistor.c.obj
[uldren:ro] [187/414] Building C object zephyr/drivers/watchdog/CMakeFiles/drivers__watchdog.dir/wdt_shell.c.obj
[uldren:ro] [188/414] Linking C static library zephyr/drivers/watchdog/libdrivers__watchdog.a
[uldren:ro] [189/414] Building C object modules/ec/zephyr/CMakeFiles/ec_shim.dir/app/ec/main_shim.c.obj
[uldren:rw] [101/414] Building C object CMakeFiles/app.dir/mnt/host/source/src/platform/ec/build/zephyr/uldren/modules/ec/common/throttle_ap.c.obj
[uldren:rw] [102/414] Building C object CMakeFiles/app.dir/mnt/host/source/src/platform/ec/build/zephyr/uldren/modules/ec/common/timer.c.obj
[uldren:ro] [190/414] Building C object modules/ec/zephyr/CMakeFiles/ec_shim.dir/app/ec/ec_app_main.c.obj
[uldren:ro] [191/414] Building C object modules/ec/zephyr/CMakeFiles/ec_shim.dir/drivers/cros_flash/cros_flash_npcx.c.obj
[uldren:rw] [103/414] Building C object CMakeFiles/app.dir/mnt/host/source/src/platform/ec/build/zephyr/uldren/modules/ec/common/usb_port_power_dumb.c.obj
[uldren:ro] [192/414] Building C object modules/ec/zephyr/CMakeFiles/ec_shim.dir/drivers/cros_kb_raw/cros_kb_raw_npcx.c.obj
[uldren:ro] [193/414] Building C object modules/ec/zephyr/CMakeFiles/ec_shim.dir/drivers/cros_kblight/pwm_kblight.c.obj
[hylia:rw] /mnt/host/source/src/platform/ec/build/zephyr/hylia/build-rw/zephyr/zephyr.dts:1259.27-1994.5: Warning (avoid_unnecessary_addr_size): /soc/pin-controller: unnecessary #address-cells/#size-cells without "ranges" or child "reg" property
[hylia:rw] /mnt/host/source/src/platform/ec/build/zephyr/hylia/build-rw/zephyr/zephyr.dts:3294.12-3303.5: Warning (gpios_property): /fans/fan: Missing property '#gpio-cells' in node /named-gpios/en_pp5000_fan or bad phandle (referred from enable-gpio[0])
[hylia:ro] /mnt/host/source/src/platform/ec/build/zephyr/hylia/build-ro/zephyr/zephyr.dts:1259.27-1994.5: Warning (avoid_unnecessary_addr_size): /soc/pin-controller: unnecessary #address-cells/#size-cells without "ranges" or child "reg" property
[hylia:ro] /mnt/host/source/src/platform/ec/build/zephyr/hylia/build-ro/zephyr/zephyr.dts:3294.12-3303.5: Warning (gpios_property): /fans/fan: Missing property '#gpio-cells' in node /named-gpios/en_pp5000_fan or bad phandle (referred from enable-gpio[0])
[uldren:rw] [104/414] Building C object CMakeFiles/app.dir/mnt/host/source/src/platform/ec/build/zephyr/uldren/modules/ec/common/typec_control.c.obj
[uldren:ro] [194/414] Building C object modules/ec/zephyr/CMakeFiles/ec_shim.dir/drivers/cros_system/cros_system_npcx.c.obj
[uldren:ro] [195/414] Building C object modules/ec/zephyr/CMakeFiles/ec_shim.dir/drivers/vivaldi_kbd/vivaldi_kbd.c.obj
[uldren:rw] [105/414] Building C object CMakeFiles/app.dir/mnt/host/source/src/platform/ec/build/zephyr/uldren/modules/ec/common/usb_pd_pdo.c.obj
[uldren:ro] [196/414] Building C object modules/ec/zephyr/CMakeFiles/ec_shim.dir/shim/chip/npcx/clock.c.obj
[uldren:rw] [106/414] Building C object CMakeFiles/app.dir/mnt/host/source/src/platform/ec/build/zephyr/uldren/modules/ec/common/usb_common.c.obj
[uldren:rw] [107/414] Building C object CMakeFiles/app.dir/mnt/host/source/src/platform/ec/build/zephyr/uldren/modules/ec/common/usbc/usbc_task.c.obj
[uldren:ro] [197/414] Building C object modules/ec/zephyr/CMakeFiles/ec_shim.dir/shim/chip/npcx/keyboard_raw.c.obj
[uldren:ro] [198/414] Building C object modules/ec/zephyr/CMakeFiles/ec_shim.dir/shim/chip/npcx/rom_chip.c.obj
[uldren:rw] [108/414] Building C object CMakeFiles/app.dir/mnt/host/source/src/platform/ec/build/zephyr/uldren/modules/ec/common/usbc/usb_pd_timer.c.obj
[uldren:ro] [199/414] Building C object modules/ec/zephyr/CMakeFiles/ec_shim.dir/shim/chip/npcx/gpio.c.obj
[uldren:ro] [200/414] Building C object modules/ec/zephyr/CMakeFiles/ec_shim.dir/shim/chip/npcx/system.c.obj
[uldren:ro] [201/414] Building C object modules/ec/zephyr/CMakeFiles/ec_shim.dir/shim/chip/npcx/system_download_from_flash.c.obj
[uldren:rw] [109/414] Building C object CMakeFiles/app.dir/mnt/host/source/src/platform/ec/build/zephyr/uldren/modules/ec/common/usbc/usb_sm.c.obj
[uldren:ro] [202/414] Building C object modules/ec/zephyr/CMakeFiles/ec_shim.dir/shim/chip/npcx/system_external_storage.c.obj
[uldren:rw] [110/414] Building C object CMakeFiles/app.dir/mnt/host/source/src/platform/ec/build/zephyr/uldren/modules/ec/common/usbc_utils.c.obj
[uldren:ro] [203/414] Building C object modules/ec/zephyr/CMakeFiles/ec_shim.dir/shim/src/crc.c.obj
[uldren:rw] [111/414] Building C object CMakeFiles/app.dir/mnt/host/source/src/platform/ec/build/zephyr/uldren/modules/ec/common/usbc_intr_task.c.obj
[uldren:ro] [204/414] Building C object modules/ec/zephyr/CMakeFiles/ec_shim.dir/shim/core/cortex-m/mpu.c.obj
[uldren:ro] [205/414] Building C object modules/ec/zephyr/CMakeFiles/ec_shim.dir/shim/chip/npcx/power_policy.c.obj
[uldren:rw] [112/414] Building C object CMakeFiles/app.dir/mnt/host/source/src/platform/ec/build/zephyr/uldren/modules/ec/common/usb_pd_flags.c.obj
[uldren:ro] [206/414] Building C object modules/ec/zephyr/CMakeFiles/ec_shim.dir/shim/src/console.c.obj
[uldren:rw] [113/414] Building C object CMakeFiles/app.dir/mnt/host/source/src/platform/ec/build/zephyr/uldren/modules/ec/common/chargen.c.obj
[uldren:ro] [207/414] Building C object modules/ec/zephyr/CMakeFiles/ec_shim.dir/shim/core/cortex-m/panic.c.obj
[uldren:ro] [208/414] Building C object modules/ec/zephyr/CMakeFiles/ec_shim.dir/shim/src/gpio_int.c.obj
[uldren:ro] [209/414] Building C object modules/ec/zephyr/CMakeFiles/ec_shim.dir/shim/src/gpio.c.obj
[uldren:rw] [114/414] Building C object CMakeFiles/app.dir/mnt/host/source/src/platform/ec/build/zephyr/uldren/modules/ec/common/usbc/usb_pd_console.c.obj
[uldren:ro] [210/414] Building C object modules/ec/zephyr/CMakeFiles/ec_shim.dir/shim/src/panic_utils.c.obj
[uldren:ro] [211/414] Building C object modules/ec/zephyr/CMakeFiles/ec_shim.dir/shim/src/pm_state.c.obj
[uldren:rw] [115/414] Building C object CMakeFiles/app.dir/mnt/host/source/src/platform/ec/build/zephyr/uldren/modules/ec/driver/retimer/anx7483.c.obj
[hylia:ro] warning: Deprecated symbol I2C_ALLOW_NO_STOP_TRANSACTIONS is enabled.
[uldren:rw] [116/414] Building C object CMakeFiles/app.dir/mnt/host/source/src/platform/ec/build/zephyr/uldren/modules/ec/driver/usb_mux/usb_mux.c.obj
[uldren:ro] [212/414] Building C object modules/ec/zephyr/CMakeFiles/ec_shim.dir/shim/src/cbi/cros_cbi.c.obj
[uldren:ro] [213/414] Building C object modules/ec/zephyr/CMakeFiles/ec_shim.dir/shim/src/cbi/cros_cbi_fw_config.c.obj
[uldren:ro] [214/414] Building ASM object modules/ec/zephyr/CMakeFiles/ec_shim.dir/shim/src/libgcc_arm.S.obj
[uldren:rw] [117/414] Building C object CMakeFiles/app.dir/mnt/host/source/src/platform/ec/build/zephyr/uldren/modules/ec/driver/usb_mux/virtual.c.obj
[hylia:rw] Parsing /mnt/host/source/src/platform/ec/zephyr/program/rauru/Kconfig
[uldren:ro] [215/414] Building C object modules/ec/zephyr/CMakeFiles/ec_shim.dir/shim/src/cbi/cbi_eeprom.c.obj
[uldren:ro] [216/414] Building C object modules/ec/zephyr/CMakeFiles/ec_shim.dir/shim/src/led_driver/led.c.obj
[hylia:ro] Parsing /mnt/host/source/src/platform/ec/zephyr/program/rauru/Kconfig
[uldren:ro] [217/414] Building C object modules/ec/zephyr/CMakeFiles/ec_shim.dir/shim/src/led_driver/led_pwm.c.obj
[uldren:ro] [218/414] Building C object modules/ec/zephyr/CMakeFiles/ec_shim.dir/shim/src/system.c.obj
[riven:rw] Parsing /mnt/host/source/src/platform/ec/zephyr/program/nissa/Kconfig
[uldren:rw] [118/414] Building C object CMakeFiles/app.dir/mnt/host/source/src/platform/ec/build/zephyr/uldren/modules/ec/common/usbc/usb_tc_drp_acc_trysrc_sm.c.obj
[uldren:rw] [119/414] Building C object CMakeFiles/app.dir/mnt/host/source/src/platform/ec/build/zephyr/uldren/modules/ec/common/usbc/usb_prl_sm.c.obj
[/mnt/host/source/src/platform/ec/build/zephyr/steelix-lcov]   /mnt/host/source/src/platform/ec/build/zephyr/steelix/build-rw/CMakeFiles/app.dir/mnt/host/source/src/platform/ec/build/zephyr/steelix/modules/ec/common/cbi_config.c.gcno:no functions found
[/mnt/host/source/src/platform/ec/build/zephyr/steelix-lcov] stderr:
[uldren:ro] [219/414] Building C object modules/ec/zephyr/CMakeFiles/ec_shim.dir/shim/src/battery.c.obj
[uldren:ro] [220/414] Building C object modules/ec/zephyr/CMakeFiles/ec_shim.dir/shim/src/adc.c.obj
[uldren:ro] [221/414] Building C object modules/ec/zephyr/CMakeFiles/ec_shim.dir/shim/src/charger.c.obj
[uldren:ro] [222/414] Building C object modules/ec/zephyr/CMakeFiles/ec_shim.dir/shim/src/chipset_api.c.obj
[hylia:rw] Loaded configuration '/mnt/host/source/src/platform/ec/zephyr/boards/google/it8xxx2/it8xxx2_it82202ax_defconfig'
[hylia:rw] Merged configuration '/mnt/host/source/src/platform/ec/zephyr/program/rauru/program.conf'
[hylia:rw] Merged configuration '/mnt/host/source/src/platform/ec/zephyr/program/rauru/hylia/project.conf'
[hylia:rw] Merged configuration '/mnt/host/source/src/platform/ec/build/zephyr/hylia/kconfig-rw.conf'
[hylia:rw] Configuration saved to '/mnt/host/source/src/platform/ec/build/zephyr/hylia/build-rw/zephyr/.config'
[hylia:rw] Kconfig header saved to '/mnt/host/source/src/platform/ec/build/zephyr/hylia/build-rw/zephyr/include/generated/zephyr/autoconf.h'
[hylia:rw] -- Found GnuLd: /home/jpmurphy/.cache/coreboot-sdk/riscv64-elf/96b949749225b6aaa92ed810ab769e8dfb12f000/riscv64-elf/bin/ld.bfd (found version "2.43.1")
[uldren:rw] [120/414] Building C object CMakeFiles/app.dir/mnt/host/source/src/platform/ec/build/zephyr/uldren/modules/ec/common/usbc/usb_pe_drp_sm.c.obj
[hylia:ro] Loaded configuration '/mnt/host/source/src/platform/ec/zephyr/boards/google/it8xxx2/it8xxx2_it82202ax_defconfig'
[hylia:ro] Merged configuration '/mnt/host/source/src/platform/ec/zephyr/program/rauru/program.conf'
[hylia:ro] Merged configuration '/mnt/host/source/src/platform/ec/zephyr/program/rauru/hylia/project.conf'
[hylia:ro] Merged configuration '/mnt/host/source/src/platform/ec/build/zephyr/hylia/kconfig-ro.conf'
[hylia:ro] Configuration saved to '/mnt/host/source/src/platform/ec/build/zephyr/hylia/build-ro/zephyr/.config'
[hylia:ro] Kconfig header saved to '/mnt/host/source/src/platform/ec/build/zephyr/hylia/build-ro/zephyr/include/generated/zephyr/autoconf.h'
[hylia:ro] -- Found GnuLd: /home/jpmurphy/.cache/coreboot-sdk/riscv64-elf/96b949749225b6aaa92ed810ab769e8dfb12f000/riscv64-elf/bin/ld.bfd (found version "2.43.1")
[uldren:ro] [223/414] Building C object modules/ec/zephyr/CMakeFiles/ec_shim.dir/shim/src/espi.c.obj
[uldren:rw] [121/414] Building C object CMakeFiles/app.dir/mnt/host/source/src/platform/ec/build/zephyr/uldren/modules/ec/common/usbc/usb_pd_dpm.c.obj
[riven:rw] Loaded configuration '/mnt/host/source/src/platform/ec/zephyr/boards/google/npcx9/npcx9_npcx9m3f_defconfig'
[riven:rw] Merged configuration '/mnt/host/source/src/platform/ec/zephyr/program/nissa/program.conf'
[riven:rw] Merged configuration '/mnt/host/source/src/platform/ec/zephyr/program/nissa/npcx_program.conf'
[riven:rw] Merged configuration '/mnt/host/source/src/platform/ec/zephyr/program/nissa/riven/project.conf'
[riven:rw] Merged configuration '/mnt/host/source/src/platform/ec/build/zephyr/riven/kconfig-rw.conf'
[riven:rw] Configuration saved to '/mnt/host/source/src/platform/ec/build/zephyr/riven/build-rw/zephyr/.config'
[riven:rw] Kconfig header saved to '/mnt/host/source/src/platform/ec/build/zephyr/riven/build-rw/zephyr/include/generated/zephyr/autoconf.h'
[riven:rw] -- Found GnuLd: /home/jpmurphy/.cache/coreboot-sdk/arm-eabi/ea40ddd1d190c3b48435c474c0b545719371813a/arm-eabi/bin/ld.bfd (found version "2.43.1")
[uldren:ro] [224/414] Building C object modules/ec/zephyr/CMakeFiles/ec_shim.dir/shim/src/flash.c.obj
[hylia:rw] -- The C compiler identification is GNU 14.2.0
[hylia:ro] -- The C compiler identification is GNU 14.2.0
[uldren:rw] [122/414] Building C object CMakeFiles/app.dir/mnt/host/source/src/platform/ec/build/zephyr/uldren/modules/ec/common/usbc/usbc_pd_policy.c.obj
[riven:rw] -- The C compiler identification is GNU 14.2.0
[hylia:rw] -- The CXX compiler identification is GNU 14.2.0
[uldren:ro] [225/414] Building C object modules/ec/zephyr/CMakeFiles/ec_shim.dir/shim/src/host_command.c.obj
[riven:rw] -- The CXX compiler identification is GNU 14.2.0
[uldren:ro] [226/414] Building C object modules/ec/zephyr/CMakeFiles/ec_shim.dir/shim/src/hooks.c.obj
[hylia:rw] -- The ASM compiler identification is GNU
[hylia:rw] warning: Deprecated symbol I2C_ALLOW_NO_STOP_TRANSACTIONS is enabled.
[hylia:rw] CMake Warning at /mnt/host/source/src/platform/ec/zephyr/cmake/linker/ld/linker_libraries.cmake:11 (message):
[hylia:rw]   Disabling c_library
[hylia:rw] Call Stack (most recent call first):
[hylia:rw]   /mnt/host/source/src/third_party/zephyr/main/cmake/target_toolchain_flags.cmake:48 (include)
[hylia:rw]   /mnt/host/source/src/third_party/zephyr/main/cmake/modules/kernel.cmake:153 (include)
[hylia:rw]   /mnt/host/source/src/third_party/zephyr/main/cmake/modules/zephyr_default.cmake:138 (include)
[hylia:rw]   /mnt/host/source/src/third_party/zephyr/main/share/zephyr-package/cmake/ZephyrConfig.cmake:66 (include)
[hylia:rw]   /mnt/host/source/src/third_party/zephyr/main/share/zephyr-package/cmake/ZephyrConfig.cmake:97 (include_boilerplate)
[hylia:rw]   CMakeLists.txt:6 (find_package)
[uldren:rw] [123/414] Building C object CMakeFiles/app.dir/mnt/host/source/src/platform/ec/build/zephyr/uldren/modules/ec/common/usbc/dp_alt_mode.c.obj
[riven:rw] -- The ASM compiler identification is GNU
[riven:rw] -- Found assembler: /home/jpmurphy/.cache/coreboot-sdk/arm-eabi/ea40ddd1d190c3b48435c474c0b545719371813a/bin/arm-eabi-gcc
[riven:rw] warning: Deprecated symbol I2C_ALLOW_NO_STOP_TRANSACTIONS is enabled.
[riven:rw] CMake Warning at /mnt/host/source/src/platform/ec/zephyr/cmake/linker/ld/linker_libraries.cmake:11 (message):
[riven:rw]   Disabling c_library
[riven:rw] Call Stack (most recent call first):
[riven:rw]   /mnt/host/source/src/third_party/zephyr/main/cmake/target_toolchain_flags.cmake:48 (include)
[riven:rw]   /mnt/host/source/src/third_party/zephyr/main/cmake/modules/kernel.cmake:153 (include)
[riven:rw]   /mnt/host/source/src/third_party/zephyr/main/cmake/modules/zephyr_default.cmake:138 (include)
[hylia:ro] -- The CXX compiler identification is GNU 14.2.0
[riven:rw]   /mnt/host/source/src/third_party/zephyr/main/share/zephyr-package/cmake/ZephyrConfig.cmake:66 (include)
[riven:rw]   /mnt/host/source/src/third_party/zephyr/main/share/zephyr-package/cmake/ZephyrConfig.cmake:97 (include_boilerplate)
[riven:rw]   CMakeLists.txt:7 (find_package)
[uldren:ro] [227/414] Building C object modules/ec/zephyr/CMakeFiles/ec_shim.dir/shim/src/console_buffer.c.obj
[hylia:ro] -- The ASM compiler identification is GNU
[hylia:ro] -- Found assembler: /home/jpmurphy/.cache/coreboot-sdk/riscv64-elf/96b949749225b6aaa92ed810ab769e8dfb12f000/bin/riscv64-elf-gcc
[hylia:ro] CMake Warning at /mnt/host/source/src/platform/ec/zephyr/cmake/linker/ld/linker_libraries.cmake:11 (message):
[hylia:ro]   Disabling c_library
[hylia:ro] Call Stack (most recent call first):
[hylia:ro]   /mnt/host/source/src/third_party/zephyr/main/cmake/target_toolchain_flags.cmake:48 (include)
[hylia:ro]   /mnt/host/source/src/third_party/zephyr/main/cmake/modules/kernel.cmake:153 (include)
[hylia:ro]   /mnt/host/source/src/third_party/zephyr/main/cmake/modules/zephyr_default.cmake:138 (include)
[hylia:ro]   /mnt/host/source/src/third_party/zephyr/main/share/zephyr-package/cmake/ZephyrConfig.cmake:66 (include)
[hylia:ro]   /mnt/host/source/src/third_party/zephyr/main/share/zephyr-package/cmake/ZephyrConfig.cmake:97 (include_boilerplate)
[hylia:ro]   CMakeLists.txt:6 (find_package)
[uldren:ro] [228/414] Building C object modules/ec/zephyr/CMakeFiles/ec_shim.dir/shim/src/keyboard_raw.c.obj
[uldren:ro] [229/414] Building C object modules/ec/zephyr/CMakeFiles/ec_shim.dir/shim/src/mkbp_event.c.obj
[uldren:rw] [124/414] Building C object CMakeFiles/app.dir/mnt/host/source/src/platform/ec/build/zephyr/uldren/modules/ec/common/usb_pd_console_cmd.c.obj
[uldren:rw] [125/414] Building C object CMakeFiles/app.dir/mnt/host/source/src/platform/ec/build/zephyr/uldren/modules/ec/common/usb_pd_host_cmd.c.obj
[uldren:ro] [230/414] Building C object modules/ec/zephyr/CMakeFiles/ec_shim.dir/shim/src/motionsense_sensors.c.obj
[uldren:rw] [126/414] Building C object CMakeFiles/app.dir/mnt/host/source/src/platform/ec/build/zephyr/uldren/modules/ec/common/usbc/usb_pd_host.c.obj
[/mnt/host/source/src/platform/ec/build/zephyr/steelix-lcov]   /mnt/host/source/src/platform/ec/build/zephyr/steelix/build-rw/zephyr/arch/arch/arm/core/mpu/CMakeFiles/arch__arm__core__mpu.dir/arm_mpu_regions.c.gcno:no functions found
[/mnt/host/source/src/platform/ec/build/zephyr/steelix-lcov] stderr:
[riven:rw] -- Performing EC specific devicetree checks
[uldren:ro] [231/414] Building C object modules/ec/zephyr/CMakeFiles/ec_shim.dir/shim/src/panic.c.obj
[hylia:rw] -- Found assembler: /home/jpmurphy/.cache/coreboot-sdk/riscv64-elf/96b949749225b6aaa92ed810ab769e8dfb12f000/bin/riscv64-elf-gcc
[hylia:rw] -- Performing EC specific devicetree checks
[riven:rw] INFO: Verified 55 GPIOs, no duplicates found
[riven:rw] INFO: Verified 13 '*-gpios' properties, all flags match.
[riven:rw] INFO: Skipped 18 named-gpios children.
[uldren:ro] [232/414] Building C object modules/ec/zephyr/CMakeFiles/ec_shim.dir/shim/src/pwm_hc.c.obj
[uldren:ro] [233/414] Building C object modules/ec/zephyr/CMakeFiles/ec_shim.dir/shim/src/hwtimer.c.obj
[uldren:rw] [127/414] Building C object CMakeFiles/app.dir/mnt/host/source/src/platform/ec/build/zephyr/uldren/modules/ec/zephyr/shim/src/tcpc.c.obj
[hylia:ro] -- Performing EC specific devicetree checks
[uldren:ro] [234/414] Building C object modules/ec/zephyr/CMakeFiles/ec_shim.dir/shim/src/thermal.c.obj
[hylia:rw] INFO: Verified 42 GPIOs, no duplicates found
[hylia:rw] INFO: Verified 26 '*-gpios' properties, all flags match.
[riven:rw] -- Generating component manifest file
[uldren:ro] [235/414] Building C object modules/ec/zephyr/CMakeFiles/ec_shim.dir/shim/src/temp_sensors.c.obj
[hylia:ro] INFO: Verified 42 GPIOs, no duplicates found
[hylia:ro] INFO: Verified 26 '*-gpios' properties, all flags match.
[hylia:ro] INFO: Skipped 1 named-gpios children.
[uldren:rw] [128/414] Building C object CMakeFiles/app.dir/mnt/host/source/src/platform/ec/build/zephyr/uldren/modules/ec/common/usb_pd_host_cmd_common.c.obj
[hylia:rw] -- Generating component manifest file
[uldren:rw] [129/414] Building C object CMakeFiles/app.dir/mnt/host/source/src/platform/ec/build/zephyr/uldren/modules/ec/common/usbc/svdm_rsp_dfp_only.c.obj
[riven:rw] INFO: Running CME, outputting to /mnt/host/source/src/platform/ec/build/zephyr/riven/build-rw/zephyr/component_manifest.json
[riven:rw] INFO: Component virtual-mux-0(cros-ec,usbc-mux-virtual) not on I2C bus, skip it
[riven:rw] INFO: Component virtual-mux-1(cros-ec,usbc-mux-virtual) not on I2C bus, skip it
[riven:rw] INFO: Component virtual-mux-1(cros-ec,usbc-mux-virtual) not on I2C bus, skip it
[riven:rw] INFO: No motionsense-sensor-alt node found
[riven:rw] -- warning_base_override: -Wall;-Wformat;-Wformat-security;-Wformat;-Wno-format-zero-length;-Wno-pointer-sign;-Wpointer-arith;-Wexpansion-to-defined
[uldren:rw] [130/414] Building C object CMakeFiles/app.dir/mnt/host/source/src/platform/ec/build/zephyr/uldren/modules/ec/common/usbc_ocp.c.obj
[uldren:ro] [236/414] Building C object modules/ec/zephyr/CMakeFiles/ec_shim.dir/shim/src/i2c.c.obj
[hylia:ro] -- Generating component manifest file
[hylia:rw] INFO: Skipped 1 named-gpios children.
[hylia:rw] INFO: Running CME, outputting to /mnt/host/source/src/platform/ec/build/zephyr/hylia/build-rw/zephyr/component_manifest.json
[hylia:rw] INFO: Project hylia does not support SSFC
[hylia:rw] INFO: Component virtual-mux-0(cros-ec,usbc-mux-virtual) not on I2C bus, skip it
[hylia:rw] INFO: Component virtual-mux-1(cros-ec,usbc-mux-virtual) not on I2C bus, skip it
[hylia:rw] INFO: No motionsense-sensor-alt node found
[/mnt/host/source/src/platform/ec/build/zephyr/steelix-lcov]   /mnt/host/source/src/platform/ec/build/zephyr/steelix/build-rw/zephyr/arch/common/CMakeFiles/isr_tables.dir/isr_tables.c.gcno:no functions found
[/mnt/host/source/src/platform/ec/build/zephyr/steelix-lcov] stderr:
[uldren:ro] [237/414] cd /mnt/host/source/src/platform/ec/build/zephyr/uldren/build-ro/modules/ec/zephyr && PYTHONPATH=/mnt/host/source/src/platform/ec/build/zephyr/uldren/modules/ec/zephyr/zmake/ /usr/bin/python3.11 /mnt/host/source/src/platform/ec/build/zephyr/uldren/modules/ec/zephyr/zmake/zephyr_build_tools/generate_ec_version.py /mnt/host/source/src/platform/ec/build/zephyr/uldren/build-ro/modules/ec/zephyr/include/ec_version.h --name Zephyr-Kernel --version 16543.0.0 --static
[uldren:ro] INFO:root:Using a static version string
[hylia:ro] INFO: Running CME, outputting to /mnt/host/source/src/platform/ec/build/zephyr/hylia/build-ro/zephyr/component_manifest.json
[hylia:ro] INFO: Project hylia does not support SSFC
[hylia:ro] INFO: Component virtual-mux-0(cros-ec,usbc-mux-virtual) not on I2C bus, skip it
[hylia:ro] INFO: Component virtual-mux-1(cros-ec,usbc-mux-virtual) not on I2C bus, skip it
[hylia:ro] INFO: No motionsense-sensor-alt node found
[uldren:ro] INFO:root:Version string: Zephyr-Kernel-16543.0.0
[uldren:ro] INFO:root:Writing header to /mnt/host/source/src/platform/ec/build/zephyr/uldren/build-ro/modules/ec/zephyr/include/ec_version.h
[uldren:ro] [238/414] Building C object modules/ec/zephyr/CMakeFiles/ec_shim.dir/shim/src/tasks.c.obj
[uldren:ro] [239/414] Building C object modules/ec/zephyr/CMakeFiles/ec_shim.dir/shim/src/usba.c.obj
[uldren:ro] [240/414] Building C object modules/ec/zephyr/CMakeFiles/ec_shim.dir/shim/src/watchdog.c.obj
[riven:rw] -- Found gen_kobject_list: /mnt/host/source/src/third_party/zephyr/main/scripts/build/gen_kobject_list.py
[hylia:rw] -- warning_base_override: -Wall;-Wformat;-Wformat-security;-Wformat;-Wno-format-zero-length;-Wno-pointer-sign;-Wpointer-arith;-Wexpansion-to-defined
[hylia:ro] -- warning_base_override: -Wall;-Wformat;-Wformat-security;-Wformat;-Wno-format-zero-length;-Wno-pointer-sign;-Wpointer-arith;-Wexpansion-to-defined
[uldren:ro] [241/414] Building C object modules/ec/zephyr/CMakeFiles/ec_shim.dir/shim/src/power_host_sleep_api.c.obj
[riven:rw] -- Configuring done (15.1s)
[uldren:rw] [131/414] Building C object CMakeFiles/app.dir/mnt/host/source/src/platform/ec/build/zephyr/uldren/modules/ec/common/usb_pd_discovery.c.obj
[uldren:ro] [242/414] Building C object modules/ec/zephyr/CMakeFiles/ec_shim.dir/shim/src/usb_muxes.c.obj
[hylia:rw] -- Found gen_kobject_list: /mnt/host/source/src/third_party/zephyr/main/scripts/build/gen_kobject_list.py
[uldren:rw] [132/414] Building C object CMakeFiles/app.dir/mnt/host/source/src/platform/ec/build/zephyr/uldren/modules/ec/common/usb_pd_dual_role.c.obj
[hylia:rw] CMake Warning at /mnt/host/source/src/third_party/zephyr/main/CMakeLists.txt:1134 (message):
[hylia:rw]   No SOURCES given to Zephyr library: drivers__syscon
[hylia:rw]   Excluding target from build.
[hylia:rw] CMake Warning at /mnt/host/source/src/third_party/zephyr/main/CMakeLists.txt:2359 (message):
[hylia:rw]   __ASSERT() statements are globally ENABLED
[hylia:ro] -- Found gen_kobject_list: /mnt/host/source/src/third_party/zephyr/main/scripts/build/gen_kobject_list.py
[uldren:rw] [133/414] Building C object CMakeFiles/app.dir/mnt/host/source/src/platform/ec/build/zephyr/uldren/modules/ec/driver/tcpm/raa489000.c.obj
[uldren:ro] [243/414] Building C object CMakeFiles/app.dir/mnt/host/source/src/platform/ec/zephyr/subsys/ap_pwrseq/ap_events.c.obj
[hylia:ro] CMake Warning at /mnt/host/source/src/third_party/zephyr/main/CMakeLists.txt:1134 (message):
[hylia:ro]   No SOURCES given to Zephyr library: drivers__syscon
[hylia:ro]   Excluding target from build.
[riven:rw] -- Generating done (0.4s)
[riven:rw] CMake Warning:
[riven:rw]   Manually-specified variables were not used by the project:
[riven:rw]     COREBOOT_SDK_ROOT_libstdcxx_riscv64
[riven:rw]     COREBOOT_SDK_ROOT_libstdcxx_x86
[riven:rw]     COREBOOT_SDK_ROOT_nds32
[riven:rw]     COREBOOT_SDK_ROOT_picolibc_riscv64
[riven:rw]     COREBOOT_SDK_ROOT_picolibc_x86
[riven:rw]     COREBOOT_SDK_ROOT_riscv
[riven:rw]     COREBOOT_SDK_ROOT_riscv64
[riven:rw]     COREBOOT_SDK_ROOT_x86
[riven:rw] -- Build files have been written to: /mnt/host/source/src/platform/ec/build/zephyr/riven/build-rw
[hylia:ro] CMake Warning at /mnt/host/source/src/third_party/zephyr/main/CMakeLists.txt:2359 (message):
[hylia:rw] -- Configuring done (15.8s)
[/mnt/host/source/src/platform/ec/build/zephyr/ojal-lcov]   /mnt/host/source/src/platform/ec/build/zephyr/ojal/build-ro/modules/ec/zephyr/CMakeFiles/ec_shim.dir/drivers/keyboard_input/keyboard_customization_check.c.gcno:no functions found
[/mnt/host/source/src/platform/ec/build/zephyr/ojal-lcov] stderr:
[hylia:ro] -- Configuring done (15.9s)
[uldren:ro] [244/414] Building C object CMakeFiles/app.dir/mnt/host/source/src/platform/ec/zephyr/subsys/ap_pwrseq/power_signals.c.obj
[uldren:rw] [134/414] Building C object CMakeFiles/app.dir/mnt/host/source/src/platform/ec/build/zephyr/uldren/modules/ec/driver/tcpm/tcpci.c.obj
[uldren:ro] [245/414] Building C object CMakeFiles/app.dir/mnt/host/source/src/platform/ec/zephyr/subsys/ap_pwrseq/ap_power_interface.c.obj
[uldren:ro] [246/414] Building C object CMakeFiles/app.dir/mnt/host/source/src/platform/ec/zephyr/subsys/ap_pwrseq/signal_gpio.c.obj
[uldren:ro] [247/414] Building C object CMakeFiles/app.dir/mnt/host/source/src/platform/ec/zephyr/subsys/ap_pwrseq/signal_vw.c.obj
[hylia:rw] -- Generating done (0.6s)
[hylia:rw] CMake Warning:
[hylia:rw]   Manually-specified variables were not used by the project:
[hylia:rw]     COREBOOT_SDK_ROOT_arm
[hylia:rw]     COREBOOT_SDK_ROOT_libstdcxx_arm
[hylia:rw]     COREBOOT_SDK_ROOT_libstdcxx_x86
[hylia:rw]     COREBOOT_SDK_ROOT_nds32
[hylia:rw]     COREBOOT_SDK_ROOT_picolibc_arm
[hylia:rw]     COREBOOT_SDK_ROOT_picolibc_x86
[hylia:rw]     COREBOOT_SDK_ROOT_riscv
[hylia:rw]     COREBOOT_SDK_ROOT_x86
[hylia:rw] -- Build files have been written to: /mnt/host/source/src/platform/ec/build/zephyr/hylia/build-rw
[uldren:rw] [135/414] Building C object CMakeFiles/app.dir/mnt/host/source/src/platform/ec/build/zephyr/uldren/modules/ec/common/vboot_hash.c.obj
[uldren:ro] [248/414] Building C object CMakeFiles/app.dir/mnt/host/source/src/platform/ec/zephyr/subsys/ap_pwrseq/signal_adc.c.obj
[hylia:ro] -- Generating done (0.5s)
[hylia:ro]   __ASSERT() statements are globally ENABLED
[hylia:ro] CMake Warning:
[hylia:ro] -- Build files have been written to: /mnt/host/source/src/platform/ec/build/zephyr/hylia/build-ro
[uldren:rw] [136/414] Building C object CMakeFiles/app.dir/mnt/host/source/src/platform/ec/build/zephyr/uldren/modules/ec/common/button.c.obj
[hylia:ro]   Manually-specified variables were not used by the project:
[hylia:ro]     COREBOOT_SDK_ROOT_arm
[hylia:ro]     COREBOOT_SDK_ROOT_libstdcxx_arm
[hylia:ro]     COREBOOT_SDK_ROOT_libstdcxx_x86
[hylia:ro]     COREBOOT_SDK_ROOT_nds32
[hylia:ro]     COREBOOT_SDK_ROOT_picolibc_arm
[hylia:ro]     COREBOOT_SDK_ROOT_picolibc_x86
[hylia:ro]     COREBOOT_SDK_ROOT_riscv
[hylia:ro]     COREBOOT_SDK_ROOT_x86
[uldren:rw] [137/414] Building C object CMakeFiles/app.dir/mnt/host/source/src/platform/ec/build/zephyr/uldren/modules/ec/common/vboot/efs2.c.obj
[uldren:ro] [249/414] Building C object CMakeFiles/app.dir/mnt/host/source/src/platform/ec/zephyr/subsys/ap_pwrseq/power_host_sleep.c.obj
[uldren:rw] [138/414] Building C object CMakeFiles/app.dir/mnt/host/source/src/platform/ec/build/zephyr/uldren/modules/ec/common/vstore.c.obj
[uldren:rw] [139/414] Building C object CMakeFiles/app.dir/mnt/host/source/src/platform/ec/build/zephyr/uldren/modules/ec/common/math_util.c.obj
[uldren:ro] [250/414] Building C object CMakeFiles/app.dir/mnt/host/source/src/platform/ec/zephyr/subsys/ap_pwrseq/x86_non_dsx_common_pwrseq_sm_handler.c.obj
[uldren:ro] [251/414] Building C object CMakeFiles/app.dir/mnt/host/source/src/platform/ec/zephyr/subsys/ap_pwrseq/x86_non_dsx_chipset_power_state.c.obj
[uldren:ro] [252/414] Building C object CMakeFiles/app.dir/mnt/host/source/src/platform/ec/zephyr/subsys/ap_pwrseq/x86_non_dsx_common_pwrseq_host_sleep.c.obj
[uldren:ro] [253/414] Building C object CMakeFiles/app.dir/mnt/host/source/src/platform/ec/zephyr/subsys/ap_pwrseq/x86_non_dsx_common_pwrseq_console.c.obj
[uldren:rw] [140/414] Building C object CMakeFiles/app.dir/src/common.c.obj
[uldren:ro] [254/414] Building C object CMakeFiles/app.dir/mnt/host/source/src/platform/ec/zephyr/subsys/ap_pwrseq/x86_non_dsx_common_pwrseq_host_command.c.obj
[uldren:rw] [141/414] Building C object CMakeFiles/app.dir/src/board_power.c.obj
[uldren:rw] [142/414] Building C object CMakeFiles/app.dir/uldren/src/kb_backlight.c.obj
[uldren:rw] [143/414] Building C object CMakeFiles/app.dir/uldren/src/form_factor.c.obj
[uldren:ro] [255/414] Building C object CMakeFiles/app.dir/mnt/host/source/src/platform/ec/zephyr/subsys/ap_pwrseq/ap_reset_log.c.obj
[uldren:ro] [256/414] Building C object CMakeFiles/app.dir/mnt/host/source/src/platform/ec/zephyr/subsys/ap_pwrseq/x86_non_dsx_adlp_pwrseq_sm.c.obj
[uldren:ro] [257/414] Building C object CMakeFiles/app.dir/mnt/host/source/src/platform/ec/build/zephyr/uldren/modules/ec/common/base32.c.obj
[uldren:ro] [258/414] Building C object CMakeFiles/app.dir/mnt/host/source/src/platform/ec/build/zephyr/uldren/modules/ec/builtin/stdlib.c.obj
[uldren:rw] [144/414] Building C object CMakeFiles/app.dir/uldren/src/sub_board.c.obj
[uldren:rw] [145/414] Building C object CMakeFiles/app.dir/uldren/src/mp2964_update.c.obj
[uldren:ro] [259/414] Building C object CMakeFiles/app.dir/mnt/host/source/src/platform/ec/build/zephyr/uldren/modules/ec/common/console_output.c.obj
[uldren:ro] [260/414] Building C object CMakeFiles/app.dir/mnt/host/source/src/platform/ec/build/zephyr/uldren/modules/ec/common/ec_features.c.obj
[uldren:ro] [261/414] Building C object CMakeFiles/app.dir/mnt/host/source/src/platform/ec/build/zephyr/uldren/modules/ec/common/gpio_commands.c.obj
[uldren:rw] [146/414] Building C object CMakeFiles/app.dir/uldren/src/sensor.c.obj
[/mnt/host/source/src/platform/ec/build/zephyr/lotso-lcov]   /mnt/host/source/src/platform/ec/build/zephyr/lotso/build-rw/modules/ec/zephyr/CMakeFiles/ec_shim.dir/drivers/keyboard_input/keyboard_customization_check.c.gcno:no functions found
[/mnt/host/source/src/platform/ec/build/zephyr/lotso-lcov] stderr:
[uldren:rw] [147/414] Building C object CMakeFiles/app.dir/uldren/src/charger.c.obj
[uldren:ro] [262/414] Building C object CMakeFiles/app.dir/mnt/host/source/src/platform/ec/build/zephyr/uldren/modules/ec/common/peripheral.c.obj
[uldren:ro] [263/414] Building C object CMakeFiles/app.dir/mnt/host/source/src/platform/ec/build/zephyr/uldren/modules/ec/common/printf.c.obj
[uldren:rw] [148/414] Building C object CMakeFiles/app.dir/uldren/src/usbc.c.obj
[uldren:rw] [149/414] Building C object CMakeFiles/app.dir/uldren/src/usb_mux_config.c.obj
[uldren:rw] [150/414] Building C object zephyr/CMakeFiles/zephyr.dir/lib/libc/validate_libc.c.obj
[uldren:ro] [264/414] Building C object CMakeFiles/app.dir/mnt/host/source/src/platform/ec/build/zephyr/uldren/modules/ec/common/queue.c.obj
[uldren:rw] [151/414] Building C object zephyr/CMakeFiles/zephyr.dir/lib/heap/heap.c.obj
[uldren:ro] [265/414] Building C object CMakeFiles/app.dir/mnt/host/source/src/platform/ec/build/zephyr/uldren/modules/ec/common/system_boot_time.c.obj
[uldren:rw] [152/414] Linking C static library app/libapp.a
[uldren:ro] [266/414] Building C object CMakeFiles/app.dir/mnt/host/source/src/platform/ec/build/zephyr/uldren/modules/ec/common/system.c.obj
[/mnt/host/source/src/platform/ec/build/zephyr/steelix-lcov]   /mnt/host/source/src/platform/ec/build/zephyr/steelix/build-rw/zephyr/CMakeFiles/zephyr.dir/subsys/shell/modules/kernel_service/kernel_shell.c.gcno:no functions found
[/mnt/host/source/src/platform/ec/build/zephyr/steelix-lcov] stderr:
[uldren:ro] [267/414] Building C object CMakeFiles/app.dir/mnt/host/source/src/platform/ec/build/zephyr/uldren/modules/ec/common/uart_printf.c.obj
[uldren:ro] [268/414] Building C object CMakeFiles/app.dir/mnt/host/source/src/platform/ec/build/zephyr/uldren/modules/ec/common/util.c.obj
[uldren:rw] [153/414] Building C object zephyr/CMakeFiles/zephyr.dir/lib/os/cbprintf_packaged.c.obj
[/mnt/host/source/src/platform/ec/build/zephyr/steelix-lcov]   /mnt/host/source/src/platform/ec/build/zephyr/steelix/build-rw/zephyr/CMakeFiles/zephyr.dir/lib/libc/validate_libc.c.gcno:no functions found
[/mnt/host/source/src/platform/ec/build/zephyr/steelix-lcov] stderr:
[uldren:rw] [154/414] Building C object zephyr/CMakeFiles/zephyr.dir/lib/os/clock.c.obj
[uldren:ro] [269/414] Building C object CMakeFiles/app.dir/mnt/host/source/src/platform/ec/build/zephyr/uldren/modules/ec/common/version.c.obj
[uldren:rw] [155/414] Building C object zephyr/CMakeFiles/zephyr.dir/lib/os/sem.c.obj
[uldren:rw] [156/414] Building C object zephyr/CMakeFiles/zephyr.dir/lib/os/printk.c.obj
[uldren:ro] [270/414] Building C object CMakeFiles/app.dir/mnt/host/source/src/platform/ec/build/zephyr/uldren/modules/ec/common/power_button_x86.c.obj
[uldren:rw] [157/414] Building C object zephyr/CMakeFiles/zephyr.dir/lib/os/thread_entry.c.obj
[uldren:rw] [158/414] Building C object zephyr/CMakeFiles/zephyr.dir/lib/os/cbprintf_nano.c.obj
[uldren:rw] [159/414] Building C object zephyr/CMakeFiles/zephyr.dir/lib/utils/hex.c.obj
[uldren:rw] [160/414] Building C object zephyr/CMakeFiles/zephyr.dir/lib/utils/dec.c.obj
[uldren:ro] [271/414] Building C object CMakeFiles/app.dir/mnt/host/source/src/platform/ec/build/zephyr/uldren/modules/ec/driver/accel_lis2dw12.c.obj
[uldren:rw] [161/414] Building C object zephyr/CMakeFiles/zephyr.dir/lib/os/cbprintf.c.obj
[uldren:ro] [272/414] Building C object CMakeFiles/app.dir/mnt/host/source/src/platform/ec/build/zephyr/uldren/modules/ec/driver/accelgyro_bmi_common.c.obj
[uldren:ro] [273/414] Building C object CMakeFiles/app.dir/mnt/host/source/src/platform/ec/build/zephyr/uldren/modules/ec/driver/accel_bma4xx.c.obj
[uldren:rw] [162/414] Building C object zephyr/CMakeFiles/zephyr.dir/lib/utils/timeutil.c.obj
[uldren:rw] [163/414] Building C object zephyr/CMakeFiles/zephyr.dir/lib/utils/bitmask.c.obj
[uldren:rw] [164/414] Building C object zephyr/CMakeFiles/zephyr.dir/lib/os/assert.c.obj
[uldren:ro] [274/414] Building C object CMakeFiles/app.dir/mnt/host/source/src/platform/ec/build/zephyr/uldren/modules/ec/driver/accelgyro_lsm6dso.c.obj
[uldren:ro] [275/414] Building C object CMakeFiles/app.dir/mnt/host/source/src/platform/ec/build/zephyr/uldren/modules/ec/driver/accelgyro_bmi3xx.c.obj
[uldren:rw] [165/414] Building C object zephyr/CMakeFiles/zephyr.dir/lib/utils/last_section_id.c.obj
[uldren:rw] [166/414] Building C object zephyr/CMakeFiles/zephyr.dir/lib/utils/ring_buffer.c.obj
[uldren:rw] [167/414] Building C object zephyr/CMakeFiles/zephyr.dir/misc/generated/configs.c.obj
[uldren:ro] [276/414] Building C object CMakeFiles/app.dir/mnt/host/source/src/platform/ec/build/zephyr/uldren/modules/ec/common/motion_sense_fifo.c.obj
[uldren:rw] [168/414] Building C object zephyr/CMakeFiles/zephyr.dir/lib/utils/rb.c.obj
[uldren:rw] [169/414] Building C object zephyr/CMakeFiles/zephyr.dir/lib/utils/bitarray.c.obj
[/mnt/host/source/src/platform/ec/build/zephyr/steelix-lcov]   /mnt/host/source/src/platform/ec/build/zephyr/steelix/build-rw/zephyr/CMakeFiles/zephyr.dir/lib/utils/last_section_id.c.gcno:no functions found
[/mnt/host/source/src/platform/ec/build/zephyr/steelix-lcov] stderr:
[uldren:rw] [170/414] Building C object zephyr/CMakeFiles/zephyr.dir/lib/utils/getopt/getopt.c.obj
[uldren:ro] [277/414] Building C object CMakeFiles/app.dir/mnt/host/source/src/platform/ec/build/zephyr/uldren/modules/ec/common/adc.c.obj
[uldren:rw] [171/414] Building C object zephyr/CMakeFiles/zephyr.dir/lib/utils/getopt/getopt_common.c.obj
[uldren:ro] [278/414] Building C object CMakeFiles/app.dir/mnt/host/source/src/platform/ec/build/zephyr/uldren/modules/ec/common/acpi.c.obj
[uldren:ro] [279/414] Building C object CMakeFiles/app.dir/mnt/host/source/src/platform/ec/build/zephyr/uldren/modules/ec/common/backlight_lid.c.obj
[uldren:ro] [280/414] Building C object CMakeFiles/app.dir/mnt/host/source/src/platform/ec/build/zephyr/uldren/modules/ec/common/battery_fuel_gauge.c.obj
[uldren:ro] [281/414] Building C object CMakeFiles/app.dir/mnt/host/source/src/platform/ec/build/zephyr/uldren/modules/ec/common/battery_info.c.obj
[uldren:ro] [282/414] Building C object CMakeFiles/app.dir/mnt/host/source/src/platform/ec/build/zephyr/uldren/modules/ec/common/battery.c.obj
[uldren:rw] [172/414] Building C object zephyr/CMakeFiles/zephyr.dir/soc/nuvoton/npcx/common/power.c.obj
[uldren:rw] [173/414] Building C object zephyr/CMakeFiles/zephyr.dir/soc/nuvoton/npcx/common/scfg.c.obj
[uldren:rw] [174/414] Building C object zephyr/CMakeFiles/zephyr.dir/soc/nuvoton/npcx/common/npcxn/registers.c.obj
[uldren:ro] [283/414] Building C object CMakeFiles/app.dir/mnt/host/source/src/platform/ec/build/zephyr/uldren/modules/ec/driver/battery/smart.c.obj
[uldren:rw] [175/414] Building C object zephyr/CMakeFiles/zephyr.dir/soc/nuvoton/npcx/npcx9/soc.c.obj
[uldren:rw] [176/414] Building C object zephyr/CMakeFiles/zephyr.dir/subsys/logging/log_minimal.c.obj
[uldren:rw] [177/414] Building C object zephyr/CMakeFiles/zephyr.dir/subsys/mem_mgmt/mem_attr.c.obj
[uldren:rw] [178/414] Building C object zephyr/CMakeFiles/zephyr.dir/subsys/pm/state.c.obj
[uldren:ro] [284/414] Building C object CMakeFiles/app.dir/mnt/host/source/src/platform/ec/build/zephyr/uldren/modules/ec/driver/charger/isl923x.c.obj
[uldren:ro] [285/414] Building C object CMakeFiles/app.dir/mnt/host/source/src/platform/ec/build/zephyr/uldren/modules/ec/common/charger.c.obj
[uldren:ro] [286/414] Building C object CMakeFiles/app.dir/mnt/host/source/src/platform/ec/build/zephyr/uldren/modules/ec/common/cbi_common.c.obj
[/mnt/host/source/src/platform/ec/build/zephyr/ojal-lcov]   /mnt/host/source/src/platform/ec/build/zephyr/ojal/build-ro/CMakeFiles/app.dir/mnt/host/source/src/platform/ec/build/zephyr/ojal/modules/ec/common/cbi_config.c.gcno:no functions found
[/mnt/host/source/src/platform/ec/build/zephyr/ojal-lcov] stderr:
[uldren:rw] [179/414] Building C object zephyr/CMakeFiles/zephyr.dir/subsys/pm/policy/policy_events.c.obj
[uldren:rw] [180/414] Building C object zephyr/CMakeFiles/zephyr.dir/subsys/pm/pm.c.obj
[uldren:ro] [287/414] Building C object CMakeFiles/app.dir/mnt/host/source/src/platform/ec/build/zephyr/uldren/modules/ec/common/charge_state.c.obj
[uldren:ro] [288/414] Building C object CMakeFiles/app.dir/mnt/host/source/src/platform/ec/build/zephyr/uldren/modules/ec/common/ocpc.c.obj
[uldren:rw] [181/414] Building C object zephyr/CMakeFiles/zephyr.dir/subsys/pm/policy/policy_state_lock.c.obj
[uldren:rw] [182/414] Building C object zephyr/CMakeFiles/zephyr.dir/subsys/pm/policy/policy_latency.c.obj
[uldren:ro] [289/414] Building C object CMakeFiles/app.dir/mnt/host/source/src/platform/ec/build/zephyr/uldren/modules/ec/common/charge_manager.c.obj
[uldren:ro] [290/414] Building C object CMakeFiles/app.dir/mnt/host/source/src/platform/ec/build/zephyr/uldren/modules/ec/common/cbi.c.obj
[uldren:rw] [183/414] Building C object zephyr/CMakeFiles/zephyr.dir/subsys/pm/device.c.obj
[uldren:rw] [184/414] Building C object zephyr/CMakeFiles/zephyr.dir/subsys/pm/device_system_managed.c.obj
[uldren:rw] [185/414] Building C object zephyr/CMakeFiles/zephyr.dir/subsys/tracing/tracing_none.c.obj
[uldren:ro] [291/414] Building C object CMakeFiles/app.dir/mnt/host/source/src/platform/ec/build/zephyr/uldren/modules/ec/common/cbi_config.c.obj
[uldren:rw] [186/414] Building C object zephyr/CMakeFiles/zephyr.dir/subsys/testsuite/coverage/coverage.c.obj
[uldren:ro] [292/414] Building C object CMakeFiles/app.dir/mnt/host/source/src/platform/ec/build/zephyr/uldren/modules/ec/common/ap_reset_log.c.obj
[uldren:ro] [293/414] Building C object CMakeFiles/app.dir/mnt/host/source/src/platform/ec/build/zephyr/uldren/modules/ec/common/espi.c.obj
[uldren:ro] [294/414] Building C object CMakeFiles/app.dir/mnt/host/source/src/platform/ec/build/zephyr/uldren/modules/ec/common/dptf.c.obj
[uldren:ro] [295/414] Building C object CMakeFiles/app.dir/mnt/host/source/src/platform/ec/build/zephyr/uldren/modules/ec/common/extpower_common.c.obj
[uldren:rw] [187/414] Building C object zephyr/CMakeFiles/zephyr.dir/subsys/shell/modules/kernel_service/cycles.c.obj
[uldren:rw] [188/414] Building C object zephyr/CMakeFiles/zephyr.dir/subsys/shell/modules/kernel_service/kernel_shell.c.obj
[/mnt/host/source/src/platform/ec/build/zephyr/ojal-lcov]   /mnt/host/source/src/platform/ec/build/zephyr/ojal/build-ro/zephyr/arch/common/CMakeFiles/isr_tables.dir/isr_tables.c.gcno:no functions found
[/mnt/host/source/src/platform/ec/build/zephyr/ojal-lcov] stderr:
[uldren:ro] [296/414] Building C object CMakeFiles/app.dir/mnt/host/source/src/platform/ec/build/zephyr/uldren/modules/ec/common/flash.c.obj
[uldren:ro] [297/414] Building C object CMakeFiles/app.dir/mnt/host/source/src/platform/ec/build/zephyr/uldren/modules/ec/common/host_command.c.obj
[uldren:rw] [189/414] Building C object zephyr/CMakeFiles/zephyr.dir/subsys/shell/modules/kernel_service/sleep.c.obj
[uldren:rw] [190/414] Building C object zephyr/CMakeFiles/zephyr.dir/subsys/shell/modules/kernel_service/uptime.c.obj
[uldren:rw] [191/414] Building C object zephyr/CMakeFiles/zephyr.dir/subsys/shell/modules/kernel_service/version.c.obj
[uldren:rw] [192/414] Building C object zephyr/CMakeFiles/zephyr.dir/subsys/shell/modules/kernel_service/thread/thread.c.obj
[uldren:rw] [193/414] Building C object zephyr/CMakeFiles/zephyr.dir/subsys/shell/modules/kernel_service/thread/stacks.c.obj
[uldren:ro] [298/414] Building C object CMakeFiles/app.dir/mnt/host/source/src/platform/ec/build/zephyr/uldren/modules/ec/common/host_event_commands.c.obj
[uldren:rw] [194/414] Building C object zephyr/CMakeFiles/zephyr.dir/subsys/shell/modules/kernel_service/thread/list.c.obj
[uldren:ro] [299/414] Building C object CMakeFiles/app.dir/mnt/host/source/src/platform/ec/build/zephyr/uldren/modules/ec/common/uart_hostcmd.c.obj
[uldren:ro] [300/414] Building C object CMakeFiles/app.dir/mnt/host/source/src/platform/ec/build/zephyr/uldren/modules/ec/common/host_command_task.c.obj
[uldren:ro] [301/414] Building C object CMakeFiles/app.dir/mnt/host/source/src/platform/ec/build/zephyr/uldren/modules/ec/common/uptime.c.obj
[uldren:ro] [302/414] Building C object CMakeFiles/app.dir/mnt/host/source/src/platform/ec/build/zephyr/uldren/modules/ec/common/i2c_controller.c.obj
[uldren:rw] [195/414] Building C object zephyr/CMakeFiles/zephyr.dir/subsys/shell/modules/kernel_service/thread/suspend.c.obj
[uldren:rw] [196/414] Building C object zephyr/CMakeFiles/zephyr.dir/subsys/shell/modules/kernel_service/thread/kill.c.obj
[uldren:rw] [197/414] Building C object zephyr/CMakeFiles/zephyr.dir/subsys/shell/modules/kernel_service/thread/resume.c.obj
[uldren:ro] [303/414] Building C object CMakeFiles/app.dir/mnt/host/source/src/platform/ec/build/zephyr/uldren/modules/ec/common/i2c_passthru.c.obj
[uldren:ro] [304/414] Building C object CMakeFiles/app.dir/mnt/host/source/src/platform/ec/build/zephyr/uldren/modules/ec/common/keyboard_scan.c.obj
[uldren:rw] [198/414] Building C object zephyr/CMakeFiles/zephyr.dir/subsys/shell/backends/shell_uart.c.obj
[/mnt/host/source/src/platform/ec/build/zephyr/lotso-lcov]   /mnt/host/source/src/platform/ec/build/zephyr/lotso/build-rw/CMakeFiles/app.dir/mnt/host/source/src/platform/ec/build/zephyr/lotso/modules/ec/common/cbi_config.c.gcno:no functions found
[/mnt/host/source/src/platform/ec/build/zephyr/lotso-lcov] stderr:
[uldren:rw] [199/414] Building C object zephyr/CMakeFiles/zephyr.dir/subsys/shell/shell_fprintf.c.obj
[uldren:rw] [200/414] Building C object zephyr/CMakeFiles/zephyr.dir/subsys/shell/shell.c.obj
[uldren:ro] [305/414] Building C object CMakeFiles/app.dir/mnt/host/source/src/platform/ec/build/zephyr/uldren/modules/ec/common/mkbp_fifo.c.obj
[uldren:ro] [306/414] Building C object CMakeFiles/app.dir/mnt/host/source/src/platform/ec/build/zephyr/uldren/modules/ec/common/keyboard_8042.c.obj
[uldren:ro] [307/414] Building C object CMakeFiles/app.dir/mnt/host/source/src/platform/ec/build/zephyr/uldren/modules/ec/common/mkbp_info.c.obj
[uldren:ro] [308/414] Building C object CMakeFiles/app.dir/mnt/host/source/src/platform/ec/build/zephyr/uldren/modules/ec/common/keyboard_8042_sharedlib.c.obj
[uldren:ro] [309/414] Building C object CMakeFiles/app.dir/mnt/host/source/src/platform/ec/build/zephyr/uldren/modules/ec/common/mkbp_input_devices.c.obj
[uldren:rw] [201/414] Building C object zephyr/CMakeFiles/zephyr.dir/subsys/shell/shell_utils.c.obj
[uldren:rw] [202/414] Building C object zephyr/CMakeFiles/zephyr.dir/subsys/shell/shell_ops.c.obj
[uldren:rw] [203/414] Building C object zephyr/CMakeFiles/zephyr.dir/subsys/shell/shell_help.c.obj
[uldren:ro] [310/414] Building C object CMakeFiles/app.dir/mnt/host/source/src/platform/ec/build/zephyr/uldren/modules/ec/common/keyboard_backlight.c.obj
[uldren:rw] [204/414] Building C object zephyr/arch/common/CMakeFiles/arch__common.dir/sw_isr_common.c.obj
[uldren:rw] [205/414] Building C object zephyr/CMakeFiles/zephyr.dir/subsys/shell/shell_history.c.obj
[uldren:ro] [311/414] Building C object CMakeFiles/app.dir/mnt/host/source/src/platform/ec/build/zephyr/uldren/modules/ec/common/led_common.c.obj
[/mnt/host/source/src/platform/ec/build/zephyr/lotso-lcov]   /mnt/host/source/src/platform/ec/build/zephyr/lotso/build-rw/zephyr/arch/arch/riscv/core/CMakeFiles/arch__riscv__core.dir/cpu_idle.c.gcno:no functions found
[/mnt/host/source/src/platform/ec/build/zephyr/lotso-lcov] stderr:
[uldren:rw] [206/414] Building C object zephyr/CMakeFiles/zephyr.dir/drivers/flash/flash_util.c.obj
[uldren:rw] [207/414] Linking C static library zephyr/libzephyr.a
[uldren:rw] [208/414] Building C object zephyr/arch/common/CMakeFiles/arch__common.dir/init.c.obj
[uldren:rw] [209/414] Building ASM object zephyr/arch/arch/arm/core/CMakeFiles/arch__arm__core.dir/nmi_on_reset.S.obj
[uldren:ro] [312/414] Building C object CMakeFiles/app.dir/mnt/host/source/src/platform/ec/build/zephyr/uldren/modules/ec/common/lid_angle_keyboard_policy.c.obj
[uldren:ro] [313/414] Building C object CMakeFiles/app.dir/mnt/host/source/src/platform/ec/build/zephyr/uldren/modules/ec/common/lid_angle.c.obj
[uldren:rw] [210/414] Building C object zephyr/arch/common/CMakeFiles/arch__common.dir/xip.c.obj
[uldren:ro] [314/414] Building C object CMakeFiles/app.dir/mnt/host/source/src/platform/ec/build/zephyr/uldren/modules/ec/common/motion_lid.c.obj
[uldren:rw] [211/414] Building C object zephyr/arch/common/CMakeFiles/isr_tables.dir/isr_tables.c.obj
[uldren:ro] [315/414] Building C object CMakeFiles/app.dir/mnt/host/source/src/platform/ec/build/zephyr/uldren/modules/ec/common/lid_switch.c.obj
[uldren:rw] [212/414] Linking C static library zephyr/arch/common/libisr_tables.a
[uldren:rw] [213/414] Building ASM object zephyr/arch/arch/arm/core/cortex_m/CMakeFiles/arch__arm__core__cortex_m.dir/fault_s.S.obj
[uldren:ro] [316/414] Building C object CMakeFiles/app.dir/mnt/host/source/src/platform/ec/build/zephyr/uldren/modules/ec/common/mkbp_event.c.obj
[uldren:rw] [214/414] Linking C static library zephyr/arch/common/libarch__common.a
[uldren:rw] [215/414] Building C object zephyr/arch/arch/arm/core/CMakeFiles/arch__arm__core.dir/nmi.c.obj
[uldren:ro] [317/414] Building C object CMakeFiles/app.dir/mnt/host/source/src/platform/ec/build/zephyr/uldren/modules/ec/driver/mp2964.c.obj
[uldren:rw] [216/414] Building C object zephyr/arch/arch/arm/core/CMakeFiles/arch__arm__core.dir/fatal.c.obj
[uldren:rw] [217/414] Linking C static library zephyr/arch/arch/arm/core/libarch__arm__core.a
[uldren:ro] [318/414] Building C object CMakeFiles/app.dir/mnt/host/source/src/platform/ec/build/zephyr/uldren/modules/ec/common/motion_sense.c.obj
[uldren:rw] [218/414] Building C object zephyr/arch/arch/arm/core/cortex_m/CMakeFiles/arch__arm__core__cortex_m.dir/exc_exit.c.obj
[/mnt/host/source/src/platform/ec/build/zephyr/lotso-lcov]   /mnt/host/source/src/platform/ec/build/zephyr/lotso/build-rw/zephyr/arch/common/CMakeFiles/isr_tables.dir/isr_tables.c.gcno:no functions found
[/mnt/host/source/src/platform/ec/build/zephyr/lotso-lcov] stderr:
[uldren:rw] [219/414] Building C object zephyr/arch/arch/arm/core/cortex_m/CMakeFiles/arch__arm__core__cortex_m.dir/fault.c.obj
[uldren:ro] [319/414] Building C object CMakeFiles/app.dir/mnt/host/source/src/platform/ec/build/zephyr/uldren/modules/ec/common/port80.c.obj
[uldren:ro] [320/414] Building C object CMakeFiles/app.dir/mnt/host/source/src/platform/ec/build/zephyr/uldren/modules/ec/common/power_button.c.obj
[uldren:rw] [220/414] Building ASM object zephyr/arch/arch/arm/core/cortex_m/CMakeFiles/arch__arm__core__cortex_m.dir/reset.S.obj
[uldren:rw] [221/414] Building ASM object zephyr/arch/arch/arm/core/cortex_m/CMakeFiles/arch__arm__core__cortex_m.dir/vector_table.S.obj
[uldren:rw] [222/414] Building C object zephyr/arch/arch/arm/core/cortex_m/CMakeFiles/arch__arm__core__cortex_m.dir/fpu.c.obj
[uldren:rw] [223/414] Building C object zephyr/arch/arch/arm/core/cortex_m/CMakeFiles/arch__arm__core__cortex_m.dir/scb.c.obj
[uldren:ro] [321/414] Building C object CMakeFiles/app.dir/mnt/host/source/src/platform/ec/build/zephyr/uldren/modules/ec/power/hibernate.c.obj
[uldren:ro] [322/414] Building C object CMakeFiles/app.dir/mnt/host/source/src/platform/ec/build/zephyr/uldren/modules/ec/common/panic_output.c.obj
[uldren:ro] [323/414] Building C object CMakeFiles/app.dir/mnt/host/source/src/platform/ec/build/zephyr/uldren/modules/ec/common/sha256.c.obj
[uldren:rw] [224/414] Building C object zephyr/arch/arch/arm/core/cortex_m/CMakeFiles/arch__arm__core__cortex_m.dir/thread_abort.c.obj
[/mnt/host/source/src/platform/ec/build/zephyr/ojal-lcov]   /mnt/host/source/src/platform/ec/build/zephyr/ojal/build-ro/zephyr/CMakeFiles/zephyr.dir/subsys/shell/modules/kernel_service/kernel_shell.c.gcno:no functions found
[/mnt/host/source/src/platform/ec/build/zephyr/ojal-lcov] stderr:
[uldren:ro] [324/414] Building C object CMakeFiles/app.dir/mnt/host/source/src/platform/ec/build/zephyr/uldren/modules/ec/common/switch.c.obj
[uldren:ro] [325/414] Building C object CMakeFiles/app.dir/mnt/host/source/src/platform/ec/build/zephyr/uldren/modules/ec/common/shared_mem.c.obj
[uldren:rw] [225/414] Building ASM object zephyr/arch/arch/arm/core/cortex_m/CMakeFiles/arch__arm__core__cortex_m.dir/swap_helper.S.obj
[/mnt/host/source/src/platform/ec/build/zephyr/ojal-lcov]   /mnt/host/source/src/platform/ec/build/zephyr/ojal/build-ro/zephyr/CMakeFiles/zephyr.dir/lib/libc/validate_libc.c.gcno:no functions found
[/mnt/host/source/src/platform/ec/build/zephyr/ojal-lcov] stderr:
[uldren:rw] [226/414] Building C object zephyr/arch/arch/arm/core/cortex_m/CMakeFiles/arch__arm__core__cortex_m.dir/irq_manage.c.obj
[uldren:rw] [227/414] Building C object zephyr/arch/arch/arm/core/cortex_m/CMakeFiles/arch__arm__core__cortex_m.dir/prep_c.c.obj
[uldren:rw] [228/414] Building C object zephyr/arch/arch/arm/core/cortex_m/CMakeFiles/arch__arm__core__cortex_m.dir/thread.c.obj
[uldren:rw] [229/414] Building C object zephyr/arch/arch/arm/core/cortex_m/CMakeFiles/arch__arm__core__cortex_m.dir/cpu_idle.c.obj
[uldren:ro] [326/414] Building C object CMakeFiles/app.dir/mnt/host/source/src/platform/ec/build/zephyr/uldren/modules/ec/driver/stm_mems_common.c.obj
[uldren:ro] [327/414] Building C object CMakeFiles/app.dir/mnt/host/source/src/platform/ec/build/zephyr/uldren/modules/ec/common/spi_flash_reg.c.obj
[uldren:rw] [230/414] Building C object zephyr/arch/arch/arm/core/cortex_m/CMakeFiles/arch__arm__core__cortex_m.dir/irq_init.c.obj
[uldren:rw] [231/414] Generating ../../../include/generated/libc/minimal/strerror_table.h
[uldren:ro] [328/414] Building C object CMakeFiles/app.dir/mnt/host/source/src/platform/ec/build/zephyr/uldren/modules/ec/common/temp_sensor.c.obj
[uldren:rw] [232/414] Building C object zephyr/lib/libc/minimal/CMakeFiles/lib__libc__minimal.dir/source/stdlib/atoi.c.obj
[uldren:ro] [329/414] Building C object CMakeFiles/app.dir/mnt/host/source/src/platform/ec/build/zephyr/uldren/modules/ec/common/thermal.c.obj
[uldren:ro] [330/414] Building C object CMakeFiles/app.dir/mnt/host/source/src/platform/ec/build/zephyr/uldren/modules/ec/common/tablet_mode.c.obj
[uldren:rw] [233/414] Building C object zephyr/arch/arch/arm/core/cortex_m/CMakeFiles/arch__arm__core__cortex_m.dir/isr_wrapper.c.obj
[uldren:rw] [234/414] Building C object zephyr/lib/libc/minimal/CMakeFiles/lib__libc__minimal.dir/source/stdlib/strtol.c.obj
[uldren:rw] [235/414] Linking C static library zephyr/arch/arch/arm/core/cortex_m/libarch__arm__core__cortex_m.a
[uldren:rw] [236/414] Building C object zephyr/arch/arch/arm/core/mpu/CMakeFiles/arch__arm__core__mpu.dir/arm_mpu_regions.c.obj
[uldren:ro] [331/414] Building C object CMakeFiles/app.dir/mnt/host/source/src/platform/ec/build/zephyr/uldren/modules/ec/common/throttle_ap.c.obj
[uldren:rw] [237/414] Building C object zephyr/arch/arch/arm/core/mpu/CMakeFiles/arch__arm__core__mpu.dir/arm_core_mpu.c.obj
[uldren:ro] [332/414] Building C object CMakeFiles/app.dir/mnt/host/source/src/platform/ec/build/zephyr/uldren/modules/ec/driver/temp_sensor/thermistor.c.obj
[uldren:rw] [238/414] Building C object zephyr/lib/libc/minimal/CMakeFiles/lib__libc__minimal.dir/source/stdlib/strtoll.c.obj
[uldren:rw] [239/414] Building C object zephyr/lib/libc/minimal/CMakeFiles/lib__libc__minimal.dir/source/stdlib/strtoul.c.obj
[uldren:rw] [240/414] Building C object zephyr/lib/libc/minimal/CMakeFiles/lib__libc__minimal.dir/source/stdlib/strtoull.c.obj
[uldren:rw] [241/414] Building C object zephyr/lib/libc/minimal/CMakeFiles/lib__libc__minimal.dir/source/stdlib/bsearch.c.obj
[uldren:rw] [242/414] Building C object zephyr/arch/arch/arm/core/mpu/CMakeFiles/arch__arm__core__mpu.dir/arm_mpu.c.obj
[uldren:rw] [243/414] Building C object zephyr/lib/libc/common/CMakeFiles/lib__libc__common.dir/source/stdlib/abort.c.obj
[uldren:rw] [244/414] Building C object zephyr/lib/libc/minimal/CMakeFiles/lib__libc__minimal.dir/source/string/strncasecmp.c.obj
[uldren:rw] [245/414] Linking C static library zephyr/arch/arch/arm/core/mpu/libarch__arm__core__mpu.a
[uldren:rw] [246/414] Building C object zephyr/lib/libc/minimal/CMakeFiles/lib__libc__minimal.dir/source/string/strstr.c.obj
[uldren:rw] [247/414] Building C object zephyr/lib/libc/minimal/CMakeFiles/lib__libc__minimal.dir/source/stdlib/qsort.c.obj
[uldren:rw] [248/414] Building C object zephyr/lib/libc/minimal/CMakeFiles/lib__libc__minimal.dir/source/string/strerror.c.obj
[uldren:ro] [333/414] Building C object CMakeFiles/app.dir/mnt/host/source/src/platform/ec/build/zephyr/uldren/modules/ec/common/timer.c.obj
[uldren:ro] [334/414] Building C object CMakeFiles/app.dir/mnt/host/source/src/platform/ec/build/zephyr/uldren/modules/ec/common/usb_port_power_dumb.c.obj
[uldren:rw] [249/414] Building C object zephyr/lib/libc/minimal/CMakeFiles/lib__libc__minimal.dir/source/string/strspn.c.obj
[uldren:rw] [250/414] Building C object zephyr/lib/libc/minimal/CMakeFiles/lib__libc__minimal.dir/source/string/string.c.obj
[uldren:ro] [335/414] Building C object CMakeFiles/app.dir/mnt/host/source/src/platform/ec/build/zephyr/uldren/modules/ec/common/usb_pd_pdo.c.obj
[uldren:ro] [336/414] Building C object CMakeFiles/app.dir/mnt/host/source/src/platform/ec/build/zephyr/uldren/modules/ec/common/typec_control.c.obj
[uldren:rw] [251/414] Building C object zephyr/lib/libc/minimal/CMakeFiles/lib__libc__minimal.dir/source/stdlib/exit.c.obj
[uldren:rw] [252/414] Building C object zephyr/lib/libc/minimal/CMakeFiles/lib__libc__minimal.dir/source/math/sqrt.c.obj
[uldren:rw] [253/414] Building C object zephyr/lib/libc/minimal/CMakeFiles/lib__libc__minimal.dir/source/math/sqrtf.c.obj
[uldren:ro] [337/414] Building C object CMakeFiles/app.dir/mnt/host/source/src/platform/ec/build/zephyr/uldren/modules/ec/common/usb_common.c.obj
[uldren:ro] [338/414] Building C object CMakeFiles/app.dir/mnt/host/source/src/platform/ec/build/zephyr/uldren/modules/ec/common/usbc/usbc_task.c.obj
[uldren:rw] [254/414] Building C object zephyr/lib/libc/common/CMakeFiles/lib__libc__common.dir/source/time/gmtime_r.c.obj
[uldren:rw] [255/414] Building C object zephyr/lib/libc/minimal/CMakeFiles/lib__libc__minimal.dir/source/stdout/fprintf.c.obj
[uldren:rw] [256/414] Building C object zephyr/lib/libc/minimal/CMakeFiles/lib__libc__minimal.dir/source/stdout/sprintf.c.obj
[uldren:ro] [339/414] Building C object CMakeFiles/app.dir/mnt/host/source/src/platform/ec/build/zephyr/uldren/modules/ec/common/usbc/usb_pd_timer.c.obj
[uldren:rw] [257/414] Building C object zephyr/lib/libc/common/CMakeFiles/lib__libc__common.dir/source/time/asctime.c.obj
[uldren:rw] [258/414] Building C object zephyr/lib/libc/minimal/CMakeFiles/lib__libc__minimal.dir/source/stdout/stdout_console.c.obj
[uldren:rw] [259/414] Building C object zephyr/lib/libc/common/CMakeFiles/lib__libc__common.dir/source/time/localtime_r_utc.c.obj
[uldren:rw] [260/414] Building C object zephyr/lib/libc/common/CMakeFiles/lib__libc__common.dir/source/time/ctime.c.obj
[uldren:rw] [261/414] Building C object zephyr/lib/libc/common/CMakeFiles/lib__libc__common.dir/source/string/strnlen.c.obj
[uldren:rw] [262/414] Building C object zephyr/lib/libc/common/CMakeFiles/lib__libc__common.dir/source/time/time.c.obj
[uldren:ro] [340/414] Building C object CMakeFiles/app.dir/mnt/host/source/src/platform/ec/build/zephyr/uldren/modules/ec/common/usbc/usb_sm.c.obj
[uldren:ro] [341/414] Building C object CMakeFiles/app.dir/mnt/host/source/src/platform/ec/build/zephyr/uldren/modules/ec/common/usbc_intr_task.c.obj
[uldren:rw] [263/414] Building C object zephyr/subsys/crc/CMakeFiles/subsys__crc.dir/crc4_sw.c.obj
[uldren:rw] [264/414] Building C object zephyr/lib/posix/c_lib_ext/CMakeFiles/lib__posix__c_lib_ext.dir/fnmatch.c.obj
[uldren:ro] [342/414] Building C object CMakeFiles/app.dir/mnt/host/source/src/platform/ec/build/zephyr/uldren/modules/ec/common/usb_pd_flags.c.obj
[uldren:rw] [265/414] Building C object zephyr/lib/libc/minimal/CMakeFiles/lib__libc__minimal.dir/source/time/gmtime.c.obj
[uldren:rw] [266/414] Building C object zephyr/subsys/crc/CMakeFiles/subsys__crc.dir/crc8_sw.c.obj
[uldren:rw] [267/414] Linking C static library zephyr/lib/libc/minimal/liblib__libc__minimal.a
[uldren:rw] [268/414] Building C object zephyr/subsys/crc/CMakeFiles/subsys__crc.dir/crc16_sw.c.obj
[uldren:ro] [343/414] Building C object CMakeFiles/app.dir/mnt/host/source/src/platform/ec/build/zephyr/uldren/modules/ec/common/usbc_utils.c.obj
[uldren:rw] [269/414] Building C object zephyr/subsys/crc/CMakeFiles/subsys__crc.dir/crc7_sw.c.obj
[uldren:rw] [270/414] Building C object zephyr/subsys/crc/CMakeFiles/subsys__crc.dir/crc24_sw.c.obj
[uldren:rw] [271/414] Building C object zephyr/subsys/crc/CMakeFiles/subsys__crc.dir/crc32c_sw.c.obj
[uldren:ro] [344/414] Building C object CMakeFiles/app.dir/mnt/host/source/src/platform/ec/build/zephyr/uldren/modules/ec/common/chargen.c.obj
[uldren:rw] [272/414] Building C object zephyr/subsys/crc/CMakeFiles/subsys__crc.dir/crc32_sw.c.obj
[uldren:rw] [273/414] Building C object zephyr/subsys/crc/CMakeFiles/subsys__crc.dir/crc32k_4_2_sw.c.obj
[uldren:ro] [345/414] Building C object CMakeFiles/app.dir/mnt/host/source/src/platform/ec/build/zephyr/uldren/modules/ec/common/usbc/usb_pd_console.c.obj
[uldren:rw] [274/414] Building C object zephyr/lib/libc/common/CMakeFiles/lib__libc__common.dir/source/stdlib/malloc.c.obj
[uldren:rw] [275/414] Linking C static library zephyr/subsys/crc/libsubsys__crc.a
[uldren:rw] [276/414] Linking C static library zephyr/lib/libc/common/liblib__libc__common.a
[uldren:rw] [277/414] Building C object zephyr/lib/posix/c_lib_ext/CMakeFiles/lib__posix__c_lib_ext.dir/getopt_shim.c.obj
[uldren:rw] [278/414] Building C object zephyr/lib/posix/c_lib_ext/CMakeFiles/lib__posix__c_lib_ext.dir/getentropy.c.obj
[uldren:ro] [346/414] Building C object CMakeFiles/app.dir/mnt/host/source/src/platform/ec/build/zephyr/uldren/modules/ec/driver/retimer/anx7483.c.obj
[uldren:rw] [279/414] Linking C static library zephyr/lib/posix/c_lib_ext/liblib__posix__c_lib_ext.a
[uldren:ro] [347/414] Building C object CMakeFiles/app.dir/mnt/host/source/src/platform/ec/build/zephyr/uldren/modules/ec/driver/usb_mux/virtual.c.obj
[/mnt/host/source/src/platform/ec/build/zephyr/lotso-lcov]   /mnt/host/source/src/platform/ec/build/zephyr/lotso/build-rw/zephyr/CMakeFiles/zephyr.dir/subsys/shell/modules/kernel_service/kernel_shell.c.gcno:no functions found
[/mnt/host/source/src/platform/ec/build/zephyr/lotso-lcov] stderr:
[uldren:ro] [348/414] Building C object CMakeFiles/app.dir/mnt/host/source/src/platform/ec/build/zephyr/uldren/modules/ec/driver/usb_mux/usb_mux.c.obj
[uldren:rw] [280/414] Building C object zephyr/drivers/interrupt_controller/CMakeFiles/drivers__interrupt_controller.dir/intc_miwu.c.obj
[/mnt/host/source/src/platform/ec/build/zephyr/lotso-lcov]   /mnt/host/source/src/platform/ec/build/zephyr/lotso/build-rw/zephyr/CMakeFiles/zephyr.dir/lib/libc/validate_libc.c.gcno:no functions found
[/mnt/host/source/src/platform/ec/build/zephyr/lotso-lcov] stderr:
[uldren:rw] [281/414] Linking C static library zephyr/drivers/interrupt_controller/libdrivers__interrupt_controller.a
[uldren:rw] [282/414] Building C object zephyr/drivers/adc/CMakeFiles/drivers__adc.dir/adc_common.c.obj
[uldren:ro] [349/414] Building C object CMakeFiles/app.dir/mnt/host/source/src/platform/ec/build/zephyr/uldren/modules/ec/common/usbc/usb_tc_drp_acc_trysrc_sm.c.obj
[uldren:rw] [283/414] Building C object zephyr/drivers/bbram/CMakeFiles/drivers__bbram.dir/bbram_npcx.c.obj
[uldren:rw] [284/414] Building C object zephyr/drivers/console/CMakeFiles/drivers__console.dir/uart_console.c.obj
[uldren:ro] [350/414] Building C object CMakeFiles/app.dir/mnt/host/source/src/platform/ec/build/zephyr/uldren/modules/ec/common/usbc/usb_prl_sm.c.obj
[uldren:rw] [285/414] Building C object zephyr/drivers/clock_control/CMakeFiles/drivers__clock_control.dir/clock_control_npcx.c.obj
[uldren:rw] [286/414] Linking C static library zephyr/drivers/console/libdrivers__console.a
[uldren:rw] [287/414] Linking C static library zephyr/drivers/bbram/libdrivers__bbram.a
[uldren:ro] [351/414] Building C object CMakeFiles/app.dir/mnt/host/source/src/platform/ec/build/zephyr/uldren/modules/ec/common/usbc/usb_pd_dpm.c.obj
[uldren:rw] [288/414] Linking C static library zephyr/drivers/clock_control/libdrivers__clock_control.a
[uldren:rw] [289/414] Building C object zephyr/drivers/adc/CMakeFiles/drivers__adc.dir/adc_npcx.c.obj
[uldren:rw] [290/414] Linking C static library zephyr/drivers/adc/libdrivers__adc.a
[uldren:ro] [352/414] Building C object CMakeFiles/app.dir/mnt/host/source/src/platform/ec/build/zephyr/uldren/modules/ec/common/usbc/usbc_pd_policy.c.obj
[uldren:ro] [353/414] Building C object CMakeFiles/app.dir/mnt/host/source/src/platform/ec/build/zephyr/uldren/modules/ec/common/usbc/usb_pe_drp_sm.c.obj
[uldren:ro] [354/414] Building C object CMakeFiles/app.dir/mnt/host/source/src/platform/ec/build/zephyr/uldren/modules/ec/common/usbc/dp_alt_mode.c.obj
[uldren:ro] [355/414] Building C object CMakeFiles/app.dir/mnt/host/source/src/platform/ec/build/zephyr/uldren/modules/ec/common/usb_pd_console_cmd.c.obj
[uldren:rw] [291/414] Building C object zephyr/drivers/eeprom/CMakeFiles/drivers__eeprom.dir/eeprom_at2x.c.obj
[uldren:rw] [292/414] Building C object zephyr/drivers/eeprom/CMakeFiles/drivers__eeprom.dir/eeprom_shell.c.obj
[uldren:rw] [293/414] Linking C static library zephyr/drivers/eeprom/libdrivers__eeprom.a
[uldren:rw] [294/414] Building C object zephyr/drivers/flash/CMakeFiles/drivers__flash.dir/jesd216.c.obj
[uldren:rw] [295/414] Building C object zephyr/drivers/espi/CMakeFiles/drivers__espi.dir/host_subs_npcx.c.obj
[/mnt/host/source/src/platform/ec/build/zephyr/lotso-lcov]   /mnt/host/source/src/platform/ec/build/zephyr/lotso/build-rw/zephyr/CMakeFiles/zephyr.dir/lib/utils/last_section_id.c.gcno:no functions found
[/mnt/host/source/src/platform/ec/build/zephyr/lotso-lcov] stderr:
[uldren:ro] [356/414] Building C object CMakeFiles/app.dir/mnt/host/source/src/platform/ec/build/zephyr/uldren/modules/ec/common/usb_pd_host_cmd.c.obj
[uldren:rw] [296/414] Building C object zephyr/drivers/flash/CMakeFiles/drivers__flash.dir/flash_npcx_fiu_nor.c.obj
[uldren:ro] [357/414] Building C object CMakeFiles/app.dir/mnt/host/source/src/platform/ec/build/zephyr/uldren/modules/ec/common/usbc/usb_pd_host.c.obj
[uldren:rw] [297/414] Building C object zephyr/drivers/espi/CMakeFiles/drivers__espi.dir/espi_npcx.c.obj
[uldren:rw] [298/414] Linking C static library zephyr/drivers/espi/libdrivers__espi.a
[uldren:ro] [358/414] Building C object CMakeFiles/app.dir/mnt/host/source/src/platform/ec/build/zephyr/uldren/modules/ec/zephyr/shim/src/tcpc.c.obj
[uldren:ro] [359/414] Building C object CMakeFiles/app.dir/mnt/host/source/src/platform/ec/build/zephyr/uldren/modules/ec/common/usb_pd_host_cmd_common.c.obj
[uldren:rw] [299/414] Building C object zephyr/drivers/flash/CMakeFiles/drivers__flash.dir/flash_npcx_fiu_qspi.c.obj
[uldren:ro] [360/414] Building C object CMakeFiles/app.dir/mnt/host/source/src/platform/ec/build/zephyr/uldren/modules/ec/common/usbc_ocp.c.obj
[uldren:ro] [361/414] Building C object CMakeFiles/app.dir/mnt/host/source/src/platform/ec/build/zephyr/uldren/modules/ec/common/usbc/svdm_rsp_dfp_only.c.obj
[uldren:rw] [300/414] Linking C static library zephyr/drivers/flash/libdrivers__flash.a
[uldren:ro] [362/414] Building C object CMakeFiles/app.dir/mnt/host/source/src/platform/ec/build/zephyr/uldren/modules/ec/common/usb_pd_discovery.c.obj
[uldren:rw] [301/414] Building C object zephyr/drivers/gpio/CMakeFiles/drivers__gpio.dir/gpio_npcx.c.obj
[uldren:rw] [302/414] Building C object zephyr/drivers/i2c/CMakeFiles/drivers__i2c.dir/i2c_common.c.obj
[uldren:rw] [303/414] Building C object zephyr/drivers/i2c/CMakeFiles/drivers__i2c.dir/i2c_shell.c.obj
[uldren:rw] [304/414] Linking C static library zephyr/drivers/gpio/libdrivers__gpio.a
[uldren:ro] [363/414] Building C object CMakeFiles/app.dir/mnt/host/source/src/platform/ec/build/zephyr/uldren/modules/ec/common/usb_pd_dual_role.c.obj
[uldren:rw] [305/414] Building C object zephyr/drivers/i2c/CMakeFiles/drivers__i2c.dir/i2c_npcx_controller.c.obj
[uldren:rw] [306/414] Building C object zephyr/drivers/i2c/CMakeFiles/drivers__i2c.dir/i2c_npcx_controller_fifo.c.obj
[uldren:ro] [364/414] Building C object CMakeFiles/app.dir/mnt/host/source/src/platform/ec/build/zephyr/uldren/modules/ec/driver/tcpm/raa489000.c.obj
[uldren:rw] [307/414] Building C object zephyr/drivers/sensor/CMakeFiles/drivers__sensor.dir/mnt/host/source/src/third_party/zephyr/main/misc/empty_file.c.obj
[uldren:ro] [365/414] Building C object CMakeFiles/app.dir/mnt/host/source/src/platform/ec/build/zephyr/uldren/modules/ec/common/vboot_hash.c.obj
[uldren:rw] [308/414] Linking C static library zephyr/drivers/sensor/libdrivers__sensor.a
[uldren:ro] [366/414] Building C object CMakeFiles/app.dir/mnt/host/source/src/platform/ec/build/zephyr/uldren/modules/ec/driver/tcpm/tcpci.c.obj
[uldren:rw] [309/414] Building C object zephyr/drivers/pinctrl/CMakeFiles/drivers__pinctrl.dir/common.c.obj
[uldren:rw] [310/414] Building C object zephyr/drivers/pinctrl/CMakeFiles/drivers__pinctrl.dir/pinctrl_npcx.c.obj
[uldren:ro] [367/414] Building C object CMakeFiles/app.dir/mnt/host/source/src/platform/ec/build/zephyr/uldren/modules/ec/common/button.c.obj
[uldren:rw] [311/414] Building C object zephyr/drivers/i2c/CMakeFiles/drivers__i2c.dir/i2c_npcx_port.c.obj
[uldren:ro] [368/414] Building C object CMakeFiles/app.dir/mnt/host/source/src/platform/ec/build/zephyr/uldren/modules/ec/common/vboot/efs2.c.obj
[uldren:rw] [312/414] Linking C static library zephyr/drivers/pinctrl/libdrivers__pinctrl.a
[uldren:rw] [313/414] Linking C static library zephyr/drivers/i2c/libdrivers__i2c.a
[uldren:ro] [369/414] Building C object CMakeFiles/app.dir/mnt/host/source/src/platform/ec/build/zephyr/uldren/modules/ec/common/vstore.c.obj
[uldren:rw] [314/414] Building C object zephyr/drivers/pwm/CMakeFiles/drivers__pwm.dir/pwm_shell.c.obj
[uldren:ro] [370/414] Building C object CMakeFiles/app.dir/mnt/host/source/src/platform/ec/build/zephyr/uldren/modules/ec/common/math_util.c.obj
[uldren:rw] [315/414] Building C object zephyr/drivers/pwm/CMakeFiles/drivers__pwm.dir/pwm_npcx.c.obj
[uldren:rw] [316/414] Linking C static library zephyr/drivers/pwm/libdrivers__pwm.a
[uldren:ro] [371/414] Building C object CMakeFiles/app.dir/src/common.c.obj
[uldren:ro] [372/414] Building C object CMakeFiles/app.dir/src/board_power.c.obj
[uldren:rw] [317/414] Building C object zephyr/drivers/sensor/nuvoton/nuvoton_adc_cmp_npcx/CMakeFiles/drivers__sensor__nuvoton__nuvoton_adc_cmp_npcx.dir/adc_cmp_npcx.c.obj
[/mnt/host/source/src/platform/ec/build/zephyr/steelix-lcov]   /mnt/host/source/src/platform/ec/build/zephyr/steelix/build-rw/zephyr/CMakeFiles/zephyr.dir/soc/nuvoton/npcx/common/npcxn/registers.c.gcno:no functions found
[/mnt/host/source/src/platform/ec/build/zephyr/steelix-lcov] Filter suppressions 'region':
[uldren:rw] [318/414] Linking C static library zephyr/drivers/sensor/nuvoton/nuvoton_adc_cmp_npcx/libdrivers__sensor__nuvoton__nuvoton_adc_cmp_npcx.a
[uldren:rw] [319/414] Building C object zephyr/drivers/serial/CMakeFiles/drivers__serial.dir/uart_npcx.c.obj
[uldren:rw] [320/414] Building C object zephyr/drivers/syscon/CMakeFiles/drivers__syscon.dir/syscon.c.obj
[/mnt/host/source/src/platform/ec/build/zephyr/steelix-lcov]     34 instances
[/mnt/host/source/src/platform/ec/build/zephyr/steelix-lcov]     20 coverpoints
[/mnt/host/source/src/platform/ec/build/zephyr/steelix-lcov] Message summary:
[/mnt/host/source/src/platform/ec/build/zephyr/steelix-lcov]   31 ignore messages:
[/mnt/host/source/src/platform/ec/build/zephyr/steelix-lcov]     gcov: 31
[uldren:rw] [321/414] Linking C static library zephyr/drivers/serial/libdrivers__serial.a
[uldren:rw] [322/414] Linking C static library zephyr/drivers/syscon/libdrivers__syscon.a
[uldren:ro] [373/414] Building C object CMakeFiles/app.dir/uldren/src/kb_backlight.c.obj
[uldren:ro] [374/414] Building C object CMakeFiles/app.dir/uldren/src/form_factor.c.obj
[uldren:rw] [323/414] Building C object zephyr/drivers/timer/CMakeFiles/drivers__timer.dir/sys_clock_init.c.obj
[uldren:rw] [324/414] Building C object zephyr/drivers/timer/CMakeFiles/drivers__timer.dir/npcx_itim_timer.c.obj
[uldren:ro] [375/414] Building C object CMakeFiles/app.dir/uldren/src/mp2964_update.c.obj
[uldren:ro] [376/414] Linking C static library modules/ec/zephyr/libec_shim.a
[uldren:rw] [325/414] Linking C static library zephyr/drivers/timer/libdrivers__timer.a
[uldren:ro] [377/414] Building C object CMakeFiles/app.dir/uldren/src/sub_board.c.obj
[uldren:ro] [378/414] Building C object CMakeFiles/app.dir/uldren/src/sensor.c.obj
[uldren:rw] [326/414] Building C object zephyr/drivers/watchdog/CMakeFiles/drivers__watchdog.dir/wdt_npcx.c.obj
[uldren:rw] [327/414] Building C object zephyr/drivers/watchdog/CMakeFiles/drivers__watchdog.dir/wdt_shell.c.obj
[uldren:rw] [328/414] Linking C static library zephyr/drivers/watchdog/libdrivers__watchdog.a
[uldren:ro] [379/414] Building C object CMakeFiles/app.dir/uldren/src/usb_mux_config.c.obj
[uldren:rw] [329/414] Building C object modules/ec/zephyr/CMakeFiles/ec_shim.dir/app/ec/main_shim.c.obj
[uldren:ro] [380/414] Building C object CMakeFiles/app.dir/uldren/src/usbc.c.obj
[uldren:ro] [381/414] Building C object zephyr/kernel/CMakeFiles/kernel.dir/main_weak.c.obj
[uldren:rw] [330/414] Building C object modules/ec/zephyr/CMakeFiles/ec_shim.dir/app/ec/ec_app_main.c.obj
[uldren:rw] [331/414] Building C object modules/ec/zephyr/CMakeFiles/ec_shim.dir/drivers/cros_kb_raw/cros_kb_raw_npcx.c.obj
[uldren:rw] [332/414] Building C object modules/ec/zephyr/CMakeFiles/ec_shim.dir/drivers/cros_flash/cros_flash_npcx.c.obj
[uldren:ro] [382/414] Building C object CMakeFiles/app.dir/uldren/src/charger.c.obj
[uldren:ro] [383/414] Building C object zephyr/kernel/CMakeFiles/kernel.dir/device.c.obj
[uldren:rw] [333/414] Building C object modules/ec/zephyr/CMakeFiles/ec_shim.dir/drivers/cros_kblight/pwm_kblight.c.obj
[uldren:ro] [384/414] Building C object zephyr/kernel/CMakeFiles/kernel.dir/banner.c.obj
[uldren:ro] [385/414] Building C object zephyr/kernel/CMakeFiles/kernel.dir/busy_wait.c.obj
[uldren:ro] [386/414] Linking C static library app/libapp.a
[uldren:ro] [387/414] Building C object zephyr/kernel/CMakeFiles/kernel.dir/version.c.obj
[uldren:ro] [388/414] Building C object zephyr/kernel/CMakeFiles/kernel.dir/errno.c.obj
[uldren:rw] [334/414] Building C object modules/ec/zephyr/CMakeFiles/ec_shim.dir/drivers/cros_system/cros_system_npcx.c.obj
[uldren:rw] [335/414] Building C object modules/ec/zephyr/CMakeFiles/ec_shim.dir/shim/chip/npcx/clock.c.obj
[uldren:ro] [389/414] Building C object zephyr/kernel/CMakeFiles/kernel.dir/fatal.c.obj
[uldren:ro] [390/414] Building C object zephyr/kernel/CMakeFiles/kernel.dir/init.c.obj
[uldren:rw] [336/414] Building C object modules/ec/zephyr/CMakeFiles/ec_shim.dir/drivers/vivaldi_kbd/vivaldi_kbd.c.obj
[uldren:ro] [391/414] Building C object zephyr/kernel/CMakeFiles/kernel.dir/float.c.obj
[uldren:ro] [392/414] Building C object zephyr/kernel/CMakeFiles/kernel.dir/kheap.c.obj
[uldren:rw] [337/414] Building C object modules/ec/zephyr/CMakeFiles/ec_shim.dir/shim/chip/npcx/keyboard_raw.c.obj
[uldren:rw] [338/414] Building C object modules/ec/zephyr/CMakeFiles/ec_shim.dir/shim/chip/npcx/rom_chip.c.obj
[uldren:ro] [393/414] Building C object zephyr/kernel/CMakeFiles/kernel.dir/mem_slab.c.obj
[uldren:rw] [339/414] Building C object modules/ec/zephyr/CMakeFiles/ec_shim.dir/shim/chip/npcx/system.c.obj
[uldren:ro] [394/414] Building C object zephyr/kernel/CMakeFiles/kernel.dir/idle.c.obj
[uldren:ro] [395/414] Building C object zephyr/kernel/CMakeFiles/kernel.dir/mailbox.c.obj
[uldren:rw] [340/414] Building C object modules/ec/zephyr/CMakeFiles/ec_shim.dir/shim/chip/npcx/system_external_storage.c.obj
[uldren:rw] [341/414] Building C object modules/ec/zephyr/CMakeFiles/ec_shim.dir/shim/chip/npcx/system_download_from_flash.c.obj
[uldren:ro] [396/414] Building C object zephyr/kernel/CMakeFiles/kernel.dir/queue.c.obj
[uldren:ro] [397/414] Building C object zephyr/kernel/CMakeFiles/kernel.dir/msg_q.c.obj
[uldren:rw] [342/414] Building C object modules/ec/zephyr/CMakeFiles/ec_shim.dir/shim/src/crc.c.obj
[uldren:ro] [398/414] Building C object zephyr/kernel/CMakeFiles/kernel.dir/mutex.c.obj
[uldren:rw] [343/414] Building C object modules/ec/zephyr/CMakeFiles/ec_shim.dir/shim/chip/npcx/gpio.c.obj
[/mnt/host/source/src/platform/ec/build/zephyr/ojal-lcov]   /mnt/host/source/src/platform/ec/build/zephyr/ojal/build-ro/zephyr/CMakeFiles/zephyr.dir/lib/utils/last_section_id.c.gcno:no functions found
[/mnt/host/source/src/platform/ec/build/zephyr/ojal-lcov] stderr:
[uldren:rw] [344/414] Building C object modules/ec/zephyr/CMakeFiles/ec_shim.dir/shim/chip/npcx/power_policy.c.obj
[uldren:ro] [399/414] Building C object zephyr/kernel/CMakeFiles/kernel.dir/stack.c.obj
[uldren:ro] [400/414] Building C object zephyr/kernel/CMakeFiles/kernel.dir/sem.c.obj
[uldren:rw] [345/414] Building C object modules/ec/zephyr/CMakeFiles/ec_shim.dir/shim/core/cortex-m/panic.c.obj
[uldren:rw] [346/414] Building C object modules/ec/zephyr/CMakeFiles/ec_shim.dir/shim/core/cortex-m/mpu.c.obj
[uldren:ro] [401/414] Building C object zephyr/kernel/CMakeFiles/kernel.dir/system_work_q.c.obj
[uldren:ro] [402/414] Building C object zephyr/kernel/CMakeFiles/kernel.dir/work.c.obj
[uldren:rw] [347/414] Building C object modules/ec/zephyr/CMakeFiles/ec_shim.dir/shim/src/console.c.obj
[uldren:ro] [403/414] Building C object zephyr/kernel/CMakeFiles/kernel.dir/thread.c.obj
[uldren:ro] [404/414] Building C object zephyr/kernel/CMakeFiles/kernel.dir/condvar.c.obj
[uldren:rw] [348/414] Building C object modules/ec/zephyr/CMakeFiles/ec_shim.dir/shim/src/panic_utils.c.obj
[uldren:ro] [405/414] Building C object zephyr/kernel/CMakeFiles/kernel.dir/thread_monitor.c.obj
[uldren:ro] [406/414] Building C object zephyr/kernel/CMakeFiles/kernel.dir/pipe.c.obj
[uldren:rw] [349/414] Building C object modules/ec/zephyr/CMakeFiles/ec_shim.dir/shim/src/gpio.c.obj
[uldren:rw] [350/414] Building C object modules/ec/zephyr/CMakeFiles/ec_shim.dir/shim/src/gpio_int.c.obj
[uldren:rw] [351/414] Building C object modules/ec/zephyr/CMakeFiles/ec_shim.dir/shim/src/pm_state.c.obj
[uldren:ro] [407/414] Building C object zephyr/kernel/CMakeFiles/kernel.dir/sched.c.obj
[uldren:rw] [352/414] Building C object modules/ec/zephyr/CMakeFiles/ec_shim.dir/shim/src/cbi/cros_cbi.c.obj
[uldren:rw] [353/414] Building ASM object modules/ec/zephyr/CMakeFiles/ec_shim.dir/shim/src/libgcc_arm.S.obj
[uldren:rw] [354/414] Building C object modules/ec/zephyr/CMakeFiles/ec_shim.dir/shim/src/cbi/cros_cbi_fw_config.c.obj
Toolchain <zmake.toolchains.CorebootSdkToolchain object at 0x7f41439ec690> selected by probe function.
[rex] Building in /mnt/host/source/src/platform/ec/build/zephyr/rex.
[uldren:ro] [408/414] Building C object zephyr/kernel/CMakeFiles/kernel.dir/timeout.c.obj
[uldren:ro] [409/414] Building C object zephyr/kernel/CMakeFiles/kernel.dir/timer.c.obj
[uldren:ro] [410/414] Building C object zephyr/kernel/CMakeFiles/kernel.dir/poll.c.obj
[uldren:rw] [355/414] Building C object modules/ec/zephyr/CMakeFiles/ec_shim.dir/shim/src/cbi/cbi_eeprom.c.obj
[uldren:ro] [411/414] Building C object zephyr/kernel/CMakeFiles/kernel.dir/dynamic_disabled.c.obj
[hylia:rw] Building: /usr/bin/ninja -C /mnt/host/source/src/platform/ec/build/zephyr/hylia/build-rw all.libraries
Running `env -i SHELL=/bin/bash COLORTERM=truecolor DEPOT_TOOLS_UPDATE=0 LESS='-R -M --shift 5' SUDO_GID=0 JDK_HOME=/etc/java-config-2/current-system-vm CONFIG_PROTECT_MASK='/etc/gentoo-release /etc/sandbox.d /etc/fonts/fonts.conf /etc/terminfo /etc/ca-certificates.conf /etc/revdep-rebuild' CHROMEOS_CACHEDIR=/var/cache/chromeos-cache JAVA_HOME=/etc/java-config-2/current-system-vm SSH_AUTH_SOCK=/tmp/ssh-auth-sock SUDO_COMMAND=/bin/bash SUDO_USER=root SUDO_TTY=/dev/pts/2 EDITOR=/usr/bin/vi PWD=/mnt/host/source/src/platform/ec CONFIG_PROTECT=/usr/share/gnupg/qualified.txt LOGNAME=jpmurphy MANPATH=/etc/java-config-2/current-system-vm/man:/usr/local/share/man:/usr/share/man:/usr/share/gcc-data/x86_64-pc-linux-gnu/10.2.0/man:/usr/share/binutils-data/x86_64-pc-linux-gnu/2.45/man:/etc/java-config-2/current-system-vm/man/ SUDO_HOME=/root XAUTHORITY=/run/user/944457/gdm/Xauthority HOME=/home/jpmurphy LANG=C.UTF-8 LS_COLORS='rs=0:di=01;34:ln=01;36:mh=00:pi=40;33:so=01;35:do=01;35:bd=40;33;01:cd=40;33;01:or=01;05;37;41:mi=01;05;37;41:su=37;41:sg=30;43:ca=30;41:tw=30;42:ow=34;42:st=37;44:ex=01;32:*.tar=01;31:*.tgz=01;31:*.arc=01;31:*.arj=01;31:*.taz=01;31:*.lha=01;31:*.lz4=01;31:*.lzh=01;31:*.lzma=01;31:*.tlz=01;31:*.txz=01;31:*.tzo=01;31:*.t7z=01;31:*.zip=01;31:*.z=01;31:*.dz=01;31:*.gz=01;31:*.lrz=01;31:*.lz=01;31:*.lzo=01;31:*.xz=01;31:*.zst=01;31:*.tzst=01;31:*.bz2=01;31:*.bz=01;31:*.tbz=01;31:*.tbz2=01;31:*.tz=01;31:*.deb=01;31:*.rpm=01;31:*.jar=01;31:*.war=01;31:*.ear=01;31:*.sar=01;31:*.rar=01;31:*.alz=01;31:*.ace=01;31:*.zoo=01;31:*.cpio=01;31:*.7z=01;31:*.rz=01;31:*.cab=01;31:*.wim=01;31:*.swm=01;31:*.dwm=01;31:*.esd=01;31:*.jpg=01;35:*.jpeg=01;35:*.mjpg=01;35:*.mjpeg=01;35:*.gif=01;35:*.bmp=01;35:*.pbm=01;35:*.pgm=01;35:*.ppm=01;35:*.tga=01;35:*.xbm=01;35:*.xpm=01;35:*.tif=01;35:*.tiff=01;35:*.png=01;35:*.svg=01;35:*.svgz=01;35:*.mng=01;35:*.pcx=01;35:*.mov=01;35:*.mpg=01;35:*.mpeg=01;35:*.m2v=01;35:*.mkv=01;35:*.webm=01;35:*.webp=01;35:*.ogm=01;35:*.mp4=01;35:*.m4v=01;35:*.mp4v=01;35:*.vob=01;35:*.qt=01;35:*.nuv=01;35:*.wmv=01;35:*.asf=01;35:*.rm=01;35:*.rmvb=01;35:*.flc=01;35:*.avi=01;35:*.fli=01;35:*.flv=01;35:*.gl=01;35:*.dl=01;35:*.xcf=01;35:*.xwd=01;35:*.yuv=01;35:*.cgm=01;35:*.emf=01;35:*.ogv=01;35:*.ogx=01;35:*.cfg=00;32:*.conf=00;32:*.diff=00;32:*.doc=00;32:*.ini=00;32:*.log=00;32:*.patch=00;32:*.pdf=00;32:*.ps=00;32:*.tex=00;32:*.txt=00;32:*.aac=00;36:*.au=00;36:*.flac=00;36:*.m4a=00;36:*.mid=00;36:*.midi=00;36:*.mka=00;36:*.mp3=00;36:*.mpc=00;36:*.ogg=00;36:*.ra=00;36:*.wav=00;36:*.oga=00;36:*.opus=00;36:*.spx=00;36:*.xspf=00;36:' XDG_CURRENT_DESKTOP=GNOME INFOPATH=/usr/share/info:/usr/share/gcc-data/x86_64-pc-linux-gnu/10.2.0/info:/usr/share/binutils-data/x86_64-pc-linux-gnu/2.45/info:/usr/share/automake-1.16.5/info JAVAC=/etc/java-config-2/current-system-vm/bin/javac TERM=xterm-256color LESSOPEN='|lesspipe %s' USER=jpmurphy CROS_WORKON_SRCROOT=/mnt/host/source MANPAGER=manpager DISPLAY=:1 SHLVL=1 LC_MESSAGES=C EXTERNAL_TRUNK_PATH=/mnt/8f9d649a-3721-44cc-93c0-e6bd21a9689f/chromiumos GCC_SPECS='' PATH=/mnt/host/source/chromite/bin:/usr/local/bin:/usr/bin:/bin:/opt/bin:/mnt/host/source/chromite/sdk/bin:/mnt/host/source/chromite/bin PORTAGE_USERNAME=jpmurphy SUDO_UID=0 GCC_VER=10.2.0 MAIL=/var/mail/jpmurphy OLDPWD=/mnt/host/source/src/scripts traceparent=00-e87aca51550a78635907baa6a2476181-6d684811675d2973-01 _=./zephyr/firmware_builder.py COREBOOT_SDK_ROOT_x86=/home/jpmurphy/.cache/coreboot-sdk/i386-elf/dfbb0486385d938cfa9d73080b9d18d598ed4f49 COREBOOT_SDK_ROOT_picolibc_x86=/home/jpmurphy/.cache/coreboot-sdk/picolibc-i386-elf/eb8e8e687b95461de8cbf278f1c2076952d0ad17 COREBOOT_SDK_ROOT_riscv64=/home/jpmurphy/.cache/coreboot-sdk/riscv64-elf/96b949749225b6aaa92ed810ab769e8dfb12f000 COREBOOT_SDK_ROOT_picolibc_arm=/home/jpmurphy/.cache/coreboot-sdk/picolibc-arm-eabi/422a2aa3e1ef891b5bece9a3deb696ff83840d2e COREBOOT_SDK_ROOT_nds32=/home/jpmurphy/.cache/coreboot-sdk/nds32le-elf/d1a518c4a097666d86058e1444f85ca015d15511 COREBOOT_SDK_ROOT_picolibc_riscv64=/home/jpmurphy/.cache/coreboot-sdk/picolibc-riscv64-elf/f571e990ef0278564b31124f8bb109d9a697eb69 COREBOOT_SDK_ROOT_arm=/home/jpmurphy/.cache/coreboot-sdk/arm-eabi/ea40ddd1d190c3b48435c474c0b545719371813a COREBOOT_SDK_ROOT_libstdcxx_riscv64=/home/jpmurphy/.cache/coreboot-sdk/libstdcxx-riscv64-elf/17abf22a3a252e2d5d2062ced5324f7a623689e0 COREBOOT_SDK_ROOT_libstdcxx_arm=/home/jpmurphy/.cache/coreboot-sdk/libstdcxx-arm-eabi/5d7d82e150e44aa1968f1d366e267e6687b328ac COREBOOT_SDK_ROOT_riscv=/home/jpmurphy/.cache/coreboot-sdk/riscv-elf/9a27b9e82341c6e9126624f516ab3f261abb3e73 COREBOOT_SDK_ROOT_libstdcxx_x86=/home/jpmurphy/.cache/coreboot-sdk/libstdcxx-i386-elf/42ef9d2e87a76a37963175d7d428734e65648b87 PYTHONPATH=/mnt/host/source/src/platform/ec/zephyr/zmake PW_PIGWEED_CIPD_INSTALL_DIR=/usr CROSTC_USER_ACKNOWLEDGES_THAT_RISCV_IS_EXPERIMENTAL=1 MAKEFLAGS=' -j16 --jobserver-auth=5,6' /usr/bin/ninja -C /mnt/host/source/src/platform/ec/build/zephyr/hylia/build-rw all.libraries`
[uldren:ro] [412/414] Building C object zephyr/kernel/CMakeFiles/kernel.dir/events.c.obj
[uldren:ro] [413/414] Building C object zephyr/kernel/CMakeFiles/kernel.dir/mempool.c.obj
[hylia:rw] ninja: Entering directory `/mnt/host/source/src/platform/ec/build/zephyr/hylia/build-rw'
[uldren:ro] [414/414] Linking C static library zephyr/kernel/libkernel.a
[uldren:rw] [356/414] Building C object modules/ec/zephyr/CMakeFiles/ec_shim.dir/shim/src/led_driver/led.c.obj
[uldren:rw] [357/414] Building C object modules/ec/zephyr/CMakeFiles/ec_shim.dir/shim/src/system.c.obj
[uldren:rw] [358/414] Building C object modules/ec/zephyr/CMakeFiles/ec_shim.dir/shim/src/battery.c.obj
[uldren:rw] [359/414] Building C object modules/ec/zephyr/CMakeFiles/ec_shim.dir/shim/src/led_driver/led_pwm.c.obj
[uldren:rw] [360/414] Building C object modules/ec/zephyr/CMakeFiles/ec_shim.dir/shim/src/charger.c.obj
[uldren:rw] [361/414] Building C object modules/ec/zephyr/CMakeFiles/ec_shim.dir/shim/src/adc.c.obj
[uldren:rw] [362/414] Building C object modules/ec/zephyr/CMakeFiles/ec_shim.dir/shim/src/chipset_api.c.obj
[uldren:rw] [363/414] Building C object modules/ec/zephyr/CMakeFiles/ec_shim.dir/shim/src/espi.c.obj
[hylia:rw] [1/366] Generating include/generated/zephyr/version.h
[hylia:rw] -- git describe warned: warning: tag 'upstream/v2.7.99' is externally known as 'v2.7.99'
[hylia:rw] -- Zephyr version: 4.3.99 (/mnt/host/source/src/third_party/zephyr/main)
[hylia:rw] [2/366] Preparing syscall dependency handling
[hylia:rw] [3/366] Generating misc/generated/syscalls_subdirs.trigger
[/mnt/host/source/src/platform/ec/build/zephyr/ojal-lcov]   /mnt/host/source/src/platform/ec/build/zephyr/ojal/build-ro/zephyr/drivers/sensor/CMakeFiles/drivers__sensor.dir/mnt/host/source/src/third_party/zephyr/main/misc/empty_file.c.gcno:no functions found
[/mnt/host/source/src/platform/ec/build/zephyr/ojal-lcov] stderr:
[uldren:rw] [364/414] Building C object modules/ec/zephyr/CMakeFiles/ec_shim.dir/shim/src/console_buffer.c.obj
[uldren:rw] [365/414] Building C object modules/ec/zephyr/CMakeFiles/ec_shim.dir/shim/src/host_command.c.obj
[uldren:rw] [366/414] Building C object modules/ec/zephyr/CMakeFiles/ec_shim.dir/shim/src/flash.c.obj
[uldren:rw] [367/414] Building C object modules/ec/zephyr/CMakeFiles/ec_shim.dir/shim/src/hooks.c.obj
[uldren:rw] [368/414] Building C object modules/ec/zephyr/CMakeFiles/ec_shim.dir/shim/src/keyboard_raw.c.obj
[uldren:rw] [369/414] Building C object modules/ec/zephyr/CMakeFiles/ec_shim.dir/shim/src/mkbp_event.c.obj
[uldren:rw] [370/414] Building C object modules/ec/zephyr/CMakeFiles/ec_shim.dir/shim/src/panic.c.obj
[uldren:rw] [371/414] Building C object modules/ec/zephyr/CMakeFiles/ec_shim.dir/shim/src/pwm_hc.c.obj
[uldren:rw] [372/414] Building C object modules/ec/zephyr/CMakeFiles/ec_shim.dir/shim/src/hwtimer.c.obj
[uldren:rw] [373/414] Building C object modules/ec/zephyr/CMakeFiles/ec_shim.dir/shim/src/motionsense_sensors.c.obj
[uldren:rw] [374/414] Building C object modules/ec/zephyr/CMakeFiles/ec_shim.dir/shim/src/thermal.c.obj
[uldren:rw] [375/414] Building C object modules/ec/zephyr/CMakeFiles/ec_shim.dir/shim/src/temp_sensors.c.obj
[hylia:rw] [4/366] Generating misc/generated/syscalls.json, misc/generated/struct_tags.json
[uldren:rw] [376/414] Building C object modules/ec/zephyr/CMakeFiles/ec_shim.dir/shim/src/i2c.c.obj
[uldren:rw] [377/414] Building C object modules/ec/zephyr/CMakeFiles/ec_shim.dir/shim/src/usba.c.obj
[hylia:rw] [5/366] Generating include/generated/zephyr/syscall_dispatch.c, include/generated/zephyr/syscall_exports_llext.c, syscall_weakdefs_llext.c, include/generated/zephyr/syscall_list.h
[uldren:rw] [378/414] Building C object modules/ec/zephyr/CMakeFiles/ec_shim.dir/shim/src/watchdog.c.obj
[uldren:rw] [379/414] Building C object modules/ec/zephyr/CMakeFiles/ec_shim.dir/shim/src/tasks.c.obj
[uldren:rw] [380/414] Building C object zephyr/kernel/CMakeFiles/kernel.dir/main_weak.c.obj
[/mnt/host/source/src/platform/ec/build/zephyr/ojal-lcov]   /mnt/host/source/src/platform/ec/build/zephyr/ojal/build-ro/zephyr/drivers/syscon/CMakeFiles/drivers__syscon.dir/mnt/host/source/src/third_party/zephyr/main/misc/empty_file.c.gcno:no functions found
[/mnt/host/source/src/platform/ec/build/zephyr/ojal-lcov] stderr:
[uldren:rw] [381/414] Building C object modules/ec/zephyr/CMakeFiles/ec_shim.dir/shim/src/power_host_sleep_api.c.obj
[uldren:rw] [382/414] Building C object zephyr/kernel/CMakeFiles/kernel.dir/banner.c.obj
[uldren:rw] [383/414] Building C object zephyr/kernel/CMakeFiles/kernel.dir/errno.c.obj
[uldren:rw] [384/414] Building C object zephyr/kernel/CMakeFiles/kernel.dir/busy_wait.c.obj
[uldren:rw] [385/414] Building C object modules/ec/zephyr/CMakeFiles/ec_shim.dir/shim/src/usb_muxes.c.obj
[uldren:rw] [386/414] Building C object zephyr/kernel/CMakeFiles/kernel.dir/device.c.obj
[uldren:rw] [387/414] Building C object zephyr/kernel/CMakeFiles/kernel.dir/version.c.obj
[hylia:rw] [6/366] Generating include/generated/zephyr/driver-validation.h
[uldren:rw] [388/414] Building C object zephyr/kernel/CMakeFiles/kernel.dir/fatal.c.obj
[uldren:rw] [389/414] Linking C static library modules/ec/zephyr/libec_shim.a
[uldren:rw] [390/414] Building C object zephyr/kernel/CMakeFiles/kernel.dir/init.c.obj
[hylia:rw] [7/366] Generating include/generated/zephyr/kobj-types-enum.h, include/generated/zephyr/otype-to-str.h, include/generated/zephyr/otype-to-size.h
[hylia:rw] [8/366] Generating include/generated/device-api-sections.ld, include/generated/device-api-sections.cmake
[uldren:rw] [391/414] Building C object zephyr/kernel/CMakeFiles/kernel.dir/kheap.c.obj
[uldren:rw] [392/414] Building C object zephyr/kernel/CMakeFiles/kernel.dir/mem_slab.c.obj
[uldren:rw] [393/414] Building C object zephyr/kernel/CMakeFiles/kernel.dir/mailbox.c.obj
[uldren:rw] [394/414] Building C object zephyr/kernel/CMakeFiles/kernel.dir/idle.c.obj
[uldren:rw] [395/414] Building C object zephyr/kernel/CMakeFiles/kernel.dir/float.c.obj
[uldren:rw] [396/414] Building C object zephyr/kernel/CMakeFiles/kernel.dir/sem.c.obj
[uldren:rw] [397/414] Building C object zephyr/kernel/CMakeFiles/kernel.dir/mutex.c.obj
[uldren:rw] [398/414] Building C object zephyr/kernel/CMakeFiles/kernel.dir/queue.c.obj
[uldren:rw] [399/414] Building C object zephyr/kernel/CMakeFiles/kernel.dir/system_work_q.c.obj
[uldren:rw] [400/414] Building C object zephyr/kernel/CMakeFiles/kernel.dir/msg_q.c.obj
[/mnt/host/source/src/platform/ec/build/zephyr/lotso-lcov]   /mnt/host/source/src/platform/ec/build/zephyr/lotso/build-rw/zephyr/CMakeFiles/zephyr.dir/soc/ite/ec/it8xxx2/check_regs.c.gcno:no functions found
[/mnt/host/source/src/platform/ec/build/zephyr/lotso-lcov] stderr:
[uldren:rw] [401/414] Building C object zephyr/kernel/CMakeFiles/kernel.dir/stack.c.obj
[uldren:rw] [402/414] Building C object zephyr/kernel/CMakeFiles/kernel.dir/work.c.obj
[rex:rw] Configuring.
Running `env -i PYTHONPATH=/usr/lib64/python-exec/python3.11:/mnt/host/source/src/platform/ec/zephyr/zmake:/usr/lib/python311.zip:/usr/lib/python3.11:/usr/lib/python3.11/lib-dynload:/usr/lib/python3.11/site-packages PW_PIGWEED_CIPD_INSTALL_DIR=/usr CROSTC_USER_ACKNOWLEDGES_THAT_RISCV_IS_EXPERIMENTAL=1 PATH=/mnt/host/source/chromite/bin:/usr/local/bin:/usr/bin:/bin:/opt/bin:/mnt/host/source/chromite/sdk/bin:/mnt/host/source/chromite/bin HOME=/home/jpmurphy JAVA_HOME=/etc/java-config-2/current-system-vm JDK_HOME=/etc/java-config-2/current-system-vm JAVAC=/etc/java-config-2/current-system-vm/bin/javac MAKEFLAGS=' -j16 --jobserver-auth=5,6' /usr/bin/cmake -S /mnt/host/source/src/platform/ec/zephyr/program/rex -B /mnt/host/source/src/platform/ec/build/zephyr/rex/build-rw -GNinja -DCMAKE_EXPORT_COMPILE_COMMANDS=ON -DZEPHYR_BASE=/mnt/host/source/src/third_party/zephyr/main -DZMAKE_INCLUDE_DIR=/mnt/host/source/src/platform/ec/build/zephyr/rex/include -DPython3_EXECUTABLE=/usr/bin/python3.11 -DDTS_ROOT=/mnt/host/source/src/platform/ec/zephyr -DSYSCALL_INCLUDE_DIRS=/mnt/host/source/src/platform/ec/zephyr/include/drivers -DUSER_CACHE_DIR=/mnt/host/source/src/platform/ec/build/zephyr/user-cache '-DEXTRA_EC_VERSION_FLAGS=--version 16543.0.0 --static' -DTOOLCHAIN_ROOT=/mnt/host/source/src/platform/ec/zephyr -DCOREBOOT_SDK_ROOT_x86=/home/jpmurphy/.cache/coreboot-sdk/i386-elf/dfbb0486385d938cfa9d73080b9d18d598ed4f49 -DCOREBOOT_SDK_ROOT_picolibc_x86=/home/jpmurphy/.cache/coreboot-sdk/picolibc-i386-elf/eb8e8e687b95461de8cbf278f1c2076952d0ad17 -DCOREBOOT_SDK_ROOT_riscv64=/home/jpmurphy/.cache/coreboot-sdk/riscv64-elf/96b949749225b6aaa92ed810ab769e8dfb12f000 -DCOREBOOT_SDK_ROOT_picolibc_arm=/home/jpmurphy/.cache/coreboot-sdk/picolibc-arm-eabi/422a2aa3e1ef891b5bece9a3deb696ff83840d2e -DCOREBOOT_SDK_ROOT_nds32=/home/jpmurphy/.cache/coreboot-sdk/nds32le-elf/d1a518c4a097666d86058e1444f85ca015d15511 -DCOREBOOT_SDK_ROOT_picolibc_riscv64=/home/jpmurphy/.cache/coreboot-sdk/picolibc-riscv64-elf/f571e990ef0278564b31124f8bb109d9a697eb69 -DCOREBOOT_SDK_ROOT_arm=/home/jpmurphy/.cache/coreboot-sdk/arm-eabi/ea40ddd1d190c3b48435c474c0b545719371813a -DCOREBOOT_SDK_ROOT_libstdcxx_riscv64=/home/jpmurphy/.cache/coreboot-sdk/libstdcxx-riscv64-elf/17abf22a3a252e2d5d2062ced5324f7a623689e0 -DCOREBOOT_SDK_ROOT_libstdcxx_arm=/home/jpmurphy/.cache/coreboot-sdk/libstdcxx-arm-eabi/5d7d82e150e44aa1968f1d366e267e6687b328ac -DCOREBOOT_SDK_ROOT_riscv=/home/jpmurphy/.cache/coreboot-sdk/riscv-elf/9a27b9e82341c6e9126624f516ab3f261abb3e73 -DCOREBOOT_SDK_ROOT_libstdcxx_x86=/home/jpmurphy/.cache/coreboot-sdk/libstdcxx-i386-elf/42ef9d2e87a76a37963175d7d428734e65648b87 -DZEPHYR_TOOLCHAIN_VARIANT=coreboot-sdk '-DZEPHYR_MODULES=/mnt/host/source/src/platform/ec/build/zephyr/rex/modules/cmsis;/mnt/host/source/src/platform/ec/build/zephyr/rex/modules/cmsis_6;/mnt/host/source/src/platform/ec/build/zephyr/rex/modules/ec' -DDTC_OVERLAY_FILE=/mnt/host/source/src/platform/ec/zephyr/program/rex/rex/project.overlay -DBOARD=npcx9/npcx9m7f -DCMAKE_C_FLAGS=-DSECTION_IS_RW '-DCONF_FILE=/mnt/host/source/src/platform/ec/zephyr/program/rex/program.conf;/mnt/host/source/src/platform/ec/zephyr/program/rex/rex/project.conf;/mnt/host/source/src/platform/ec/build/zephyr/rex/kconfig-rw.conf'`
[hylia:rw] [9/366] Building C object zephyr/drivers/sensor/CMakeFiles/drivers__sensor.dir/mnt/host/source/src/third_party/zephyr/main/misc/empty_file.c.obj
[uldren:rw] [403/414] Building C object zephyr/kernel/CMakeFiles/kernel.dir/condvar.c.obj
[hylia:rw] [10/366] Building C object zephyr/CMakeFiles/offsets.dir/arch/riscv/core/offsets/offsets.c.obj
[rex:rw] -- Application: /mnt/host/source/src/platform/ec/zephyr/program/rex
[rex:rw] Loading Zephyr default modules (Zephyr base (cached)).
[hylia:rw] [11/366] Linking C static library zephyr/drivers/sensor/libdrivers__sensor.a
[hylia:rw] [12/366] Generating include/generated/zephyr/offsets.h
[hylia:rw] [13/366] Building C object zephyr/drivers/syscon/CMakeFiles/drivers__syscon.dir/mnt/host/source/src/third_party/zephyr/main/misc/empty_file.c.obj
[uldren:rw] [404/414] Building C object zephyr/kernel/CMakeFiles/kernel.dir/thread.c.obj
[rex:ro] Configuring.
Running `env -i PYTHONPATH=/usr/lib64/python-exec/python3.11:/mnt/host/source/src/platform/ec/zephyr/zmake:/usr/lib/python311.zip:/usr/lib/python3.11:/usr/lib/python3.11/lib-dynload:/usr/lib/python3.11/site-packages PW_PIGWEED_CIPD_INSTALL_DIR=/usr CROSTC_USER_ACKNOWLEDGES_THAT_RISCV_IS_EXPERIMENTAL=1 PATH=/mnt/host/source/chromite/bin:/usr/local/bin:/usr/bin:/bin:/opt/bin:/mnt/host/source/chromite/sdk/bin:/mnt/host/source/chromite/bin HOME=/home/jpmurphy JAVA_HOME=/etc/java-config-2/current-system-vm JDK_HOME=/etc/java-config-2/current-system-vm JAVAC=/etc/java-config-2/current-system-vm/bin/javac MAKEFLAGS=' -j16 --jobserver-auth=5,6' /usr/bin/cmake -S /mnt/host/source/src/platform/ec/zephyr/program/rex -B /mnt/host/source/src/platform/ec/build/zephyr/rex/build-ro -GNinja -DCMAKE_EXPORT_COMPILE_COMMANDS=ON -DZEPHYR_BASE=/mnt/host/source/src/third_party/zephyr/main -DZMAKE_INCLUDE_DIR=/mnt/host/source/src/platform/ec/build/zephyr/rex/include -DPython3_EXECUTABLE=/usr/bin/python3.11 -DDTS_ROOT=/mnt/host/source/src/platform/ec/zephyr -DSYSCALL_INCLUDE_DIRS=/mnt/host/source/src/platform/ec/zephyr/include/drivers -DUSER_CACHE_DIR=/mnt/host/source/src/platform/ec/build/zephyr/user-cache '-DEXTRA_EC_VERSION_FLAGS=--version 16543.0.0 --static' -DTOOLCHAIN_ROOT=/mnt/host/source/src/platform/ec/zephyr -DCOREBOOT_SDK_ROOT_x86=/home/jpmurphy/.cache/coreboot-sdk/i386-elf/dfbb0486385d938cfa9d73080b9d18d598ed4f49 -DCOREBOOT_SDK_ROOT_picolibc_x86=/home/jpmurphy/.cache/coreboot-sdk/picolibc-i386-elf/eb8e8e687b95461de8cbf278f1c2076952d0ad17 -DCOREBOOT_SDK_ROOT_riscv64=/home/jpmurphy/.cache/coreboot-sdk/riscv64-elf/96b949749225b6aaa92ed810ab769e8dfb12f000 -DCOREBOOT_SDK_ROOT_picolibc_arm=/home/jpmurphy/.cache/coreboot-sdk/picolibc-arm-eabi/422a2aa3e1ef891b5bece9a3deb696ff83840d2e -DCOREBOOT_SDK_ROOT_nds32=/home/jpmurphy/.cache/coreboot-sdk/nds32le-elf/d1a518c4a097666d86058e1444f85ca015d15511 -DCOREBOOT_SDK_ROOT_picolibc_riscv64=/home/jpmurphy/.cache/coreboot-sdk/picolibc-riscv64-elf/f571e990ef0278564b31124f8bb109d9a697eb69 -DCOREBOOT_SDK_ROOT_arm=/home/jpmurphy/.cache/coreboot-sdk/arm-eabi/ea40ddd1d190c3b48435c474c0b545719371813a -DCOREBOOT_SDK_ROOT_libstdcxx_riscv64=/home/jpmurphy/.cache/coreboot-sdk/libstdcxx-riscv64-elf/17abf22a3a252e2d5d2062ced5324f7a623689e0 -DCOREBOOT_SDK_ROOT_libstdcxx_arm=/home/jpmurphy/.cache/coreboot-sdk/libstdcxx-arm-eabi/5d7d82e150e44aa1968f1d366e267e6687b328ac -DCOREBOOT_SDK_ROOT_riscv=/home/jpmurphy/.cache/coreboot-sdk/riscv-elf/9a27b9e82341c6e9126624f516ab3f261abb3e73 -DCOREBOOT_SDK_ROOT_libstdcxx_x86=/home/jpmurphy/.cache/coreboot-sdk/libstdcxx-i386-elf/42ef9d2e87a76a37963175d7d428734e65648b87 -DZEPHYR_TOOLCHAIN_VARIANT=coreboot-sdk '-DZEPHYR_MODULES=/mnt/host/source/src/platform/ec/build/zephyr/rex/modules/cmsis;/mnt/host/source/src/platform/ec/build/zephyr/rex/modules/cmsis_6;/mnt/host/source/src/platform/ec/build/zephyr/rex/modules/ec' -DDTC_OVERLAY_FILE=/mnt/host/source/src/platform/ec/zephyr/program/rex/rex/project.overlay -DBOARD=npcx9/npcx9m7f -DCMAKE_C_FLAGS=-DSECTION_IS_RO '-DCONF_FILE=/mnt/host/source/src/platform/ec/zephyr/program/rex/program.conf;/mnt/host/source/src/platform/ec/zephyr/program/rex/rex/project.conf;/mnt/host/source/src/platform/ec/build/zephyr/rex/kconfig-ro.conf'`
[rex:ro] -- Application: /mnt/host/source/src/platform/ec/zephyr/program/rex
[rex:ro] Loading Zephyr default modules (Zephyr base (cached)).
[uldren:rw] [405/414] Building C object zephyr/kernel/CMakeFiles/kernel.dir/thread_monitor.c.obj
[rex:rw] -- CMake version: 3.31.7
[rex:rw] -- Found Python3: /usr/bin/python3.11 (found suitable version "3.11.11", minimum required is "3.10") found components: Interpreter
[rex:rw] -- Cache files will be written to: /mnt/host/source/src/platform/ec/build/zephyr/user-cache
[rex:rw] -- Zephyr version: 4.3.99 (/mnt/host/source/src/third_party/zephyr/main)
[uldren:rw] [406/414] Building C object zephyr/kernel/CMakeFiles/kernel.dir/pipe.c.obj
Toolchain <zmake.toolchains.CorebootSdkToolchain object at 0x7f41207ed590> selected by probe function.
[mtlrvpp_npcx] Building in /mnt/host/source/src/platform/ec/build/zephyr/mtlrvpp_npcx.
[uldren:rw] [407/414] Building C object zephyr/kernel/CMakeFiles/kernel.dir/timer.c.obj
[uldren:rw] [408/414] Building C object zephyr/kernel/CMakeFiles/kernel.dir/events.c.obj
[uldren:rw] [409/414] Building C object zephyr/kernel/CMakeFiles/kernel.dir/poll.c.obj
[uldren:rw] [410/414] Building C object zephyr/kernel/CMakeFiles/kernel.dir/sched.c.obj
[uldren:rw] [411/414] Building C object zephyr/kernel/CMakeFiles/kernel.dir/timeout.c.obj
[uldren:rw] [412/414] Building C object zephyr/kernel/CMakeFiles/kernel.dir/dynamic_disabled.c.obj
[rex:ro] -- CMake version: 3.31.7
[rex:ro] -- Found Python3: /usr/bin/python3.11 (found suitable version "3.11.11", minimum required is "3.10") found components: Interpreter
[uldren:rw] [413/414] Building C object zephyr/kernel/CMakeFiles/kernel.dir/mempool.c.obj
[rex:ro] -- Cache files will be written to: /mnt/host/source/src/platform/ec/build/zephyr/user-cache
[rex:ro] -- Zephyr version: 4.3.99 (/mnt/host/source/src/third_party/zephyr/main)
[uldren:rw] [414/414] Linking C static library zephyr/kernel/libkernel.a
[hylia:rw] [14/366] Building C object zephyr/CMakeFiles/zephyr.dir/lib/libc/validate_libc.c.obj
[/mnt/host/source/src/platform/ec/build/zephyr/ojal-lcov]   /mnt/host/source/src/platform/ec/build/zephyr/ojal/build-ro/zephyr/drivers/interrupt_controller/CMakeFiles/drivers__interrupt_controller.dir/mnt/host/source/src/third_party/zephyr/main/misc/empty_file.c.gcno:no functions found
[/mnt/host/source/src/platform/ec/build/zephyr/ojal-lcov] stderr:
[hylia:rw] [15/366] Building C object zephyr/CMakeFiles/zephyr.dir/lib/utils/dec.c.obj
[hylia:rw] [16/366] Building C object zephyr/CMakeFiles/zephyr.dir/lib/heap/heap.c.obj
[hylia:rw] [17/366] Building C object zephyr/CMakeFiles/zephyr.dir/lib/utils/hex.c.obj
[hylia:rw] [18/366] Building C object zephyr/CMakeFiles/zephyr.dir/lib/os/cbprintf_nano.c.obj
[hylia:rw] [19/366] Building C object zephyr/CMakeFiles/zephyr.dir/lib/os/cbprintf_packaged.c.obj
[hylia:rw] [20/366] Building C object zephyr/CMakeFiles/zephyr.dir/lib/os/sem.c.obj
[hylia:rw] [21/366] Building C object zephyr/CMakeFiles/zephyr.dir/lib/os/cbprintf.c.obj
[hylia:rw] [22/366] Building C object zephyr/CMakeFiles/zephyr.dir/lib/os/thread_entry.c.obj
[hylia:rw] [23/366] Building C object zephyr/CMakeFiles/zephyr.dir/lib/os/clock.c.obj
[hylia:rw] [24/366] Building C object zephyr/CMakeFiles/zephyr.dir/lib/os/printk.c.obj
[hylia:rw] [25/366] Building C object zephyr/CMakeFiles/zephyr.dir/lib/utils/timeutil.c.obj
[hylia:rw] [26/366] Building C object zephyr/CMakeFiles/zephyr.dir/lib/os/assert.c.obj
[/mnt/host/source/src/platform/ec/build/zephyr/ojal-lcov]   /mnt/host/source/src/platform/ec/build/zephyr/ojal/build-rw/modules/ec/zephyr/CMakeFiles/ec_shim.dir/shim/src/thermal.c.gcno:no functions found
[/mnt/host/source/src/platform/ec/build/zephyr/ojal-lcov] stderr:
[hylia:rw] [27/366] Building C object zephyr/CMakeFiles/zephyr.dir/lib/utils/last_section_id.c.obj
[hylia:rw] [28/366] Building C object zephyr/CMakeFiles/zephyr.dir/lib/utils/bitmask.c.obj
[hylia:rw] [29/366] Building C object zephyr/CMakeFiles/zephyr.dir/lib/utils/ring_buffer.c.obj
[/mnt/host/source/src/platform/ec/build/zephyr/ojal-lcov]   /mnt/host/source/src/platform/ec/build/zephyr/ojal/build-rw/modules/ec/zephyr/CMakeFiles/ec_shim.dir/shim/src/battery.c.gcno:no functions found
[/mnt/host/source/src/platform/ec/build/zephyr/ojal-lcov] stderr:
[hylia:rw] [30/366] Building C object zephyr/CMakeFiles/zephyr.dir/lib/utils/rb.c.obj
[hylia:rw] [31/366] Building ASM object zephyr/CMakeFiles/zephyr.dir/soc/ite/ec/common/soc_irq.S.obj
[hylia:rw] [32/366] Building C object zephyr/CMakeFiles/zephyr.dir/misc/generated/configs.c.obj
[rex:rw] -- Board: npcx9, qualifiers: npcx9m7f
[hylia:rw] [33/366] Building C object zephyr/CMakeFiles/zephyr.dir/lib/utils/getopt/getopt.c.obj
[hylia:rw] [34/366] Building C object zephyr/CMakeFiles/zephyr.dir/soc/ite/ec/common/soc_common_irq.c.obj
[hylia:rw] [35/366] Building C object zephyr/CMakeFiles/zephyr.dir/soc/ite/ec/common/power.c.obj
[hylia:rw] [36/366] Building C object zephyr/CMakeFiles/zephyr.dir/lib/utils/getopt/getopt_common.c.obj
[hylia:rw] [37/366] Building C object zephyr/CMakeFiles/zephyr.dir/soc/ite/ec/common/policy.c.obj
[hylia:rw] [38/366] Building ASM object zephyr/CMakeFiles/zephyr.dir/soc/ite/ec/it8xxx2/vector.S.obj
[hylia:rw] [39/366] Building C object zephyr/CMakeFiles/zephyr.dir/lib/utils/bitarray.c.obj
[rex:ro] -- Board: npcx9, qualifiers: npcx9m7f
[hylia:rw] [40/366] Building C object zephyr/CMakeFiles/zephyr.dir/soc/ite/ec/it8xxx2/check_regs.c.obj
[hylia:rw] [41/366] Building C object zephyr/CMakeFiles/zephyr.dir/soc/ite/ec/it8xxx2/soc.c.obj
[hylia:rw] [42/366] Building C object zephyr/CMakeFiles/zephyr.dir/subsys/pm/state.c.obj
[hylia:rw] [43/366] Building C object zephyr/CMakeFiles/zephyr.dir/soc/ite/ec/it8xxx2/ilm.c.obj
[hylia:rw] [44/366] Building C object zephyr/CMakeFiles/zephyr.dir/subsys/pm/pm.c.obj
[hylia:rw] [45/366] Building C object zephyr/CMakeFiles/zephyr.dir/subsys/logging/log_minimal.c.obj
[hylia:rw] [46/366] Building C object zephyr/CMakeFiles/zephyr.dir/subsys/pm/policy/policy_events.c.obj
[hylia:rw] [47/366] Building C object zephyr/CMakeFiles/zephyr.dir/subsys/pm/device_system_managed.c.obj
[hylia:rw] [48/366] Building C object zephyr/CMakeFiles/zephyr.dir/subsys/pm/policy/policy_state_lock.c.obj
[hylia:rw] [49/366] Building C object zephyr/CMakeFiles/zephyr.dir/subsys/pm/policy/policy_latency.c.obj
[hylia:rw] [50/366] Building C object zephyr/CMakeFiles/zephyr.dir/subsys/tracing/tracing_none.c.obj
[hylia:rw] [51/366] Building C object zephyr/CMakeFiles/zephyr.dir/subsys/testsuite/coverage/coverage.c.obj
[hylia:rw] [52/366] Building C object zephyr/CMakeFiles/zephyr.dir/subsys/shell/modules/kernel_service/kernel_shell.c.obj
[hylia:rw] [53/366] Building C object zephyr/CMakeFiles/zephyr.dir/subsys/pm/device.c.obj
[hylia:rw] [54/366] Building C object zephyr/CMakeFiles/zephyr.dir/subsys/shell/modules/kernel_service/cycles.c.obj
[hylia:rw] [55/366] Building C object zephyr/CMakeFiles/zephyr.dir/subsys/shell/modules/kernel_service/sleep.c.obj
[hylia:rw] [56/366] Building C object zephyr/CMakeFiles/zephyr.dir/subsys/shell/modules/kernel_service/uptime.c.obj
[hylia:rw] [57/366] Building C object zephyr/CMakeFiles/zephyr.dir/subsys/shell/modules/kernel_service/thread/stacks.c.obj
[hylia:rw] [58/366] Building C object zephyr/CMakeFiles/zephyr.dir/subsys/shell/modules/kernel_service/version.c.obj
[hylia:rw] [59/366] Building C object zephyr/CMakeFiles/zephyr.dir/subsys/shell/modules/kernel_service/thread/unwind.c.obj
[hylia:rw] [60/366] Building C object zephyr/CMakeFiles/zephyr.dir/subsys/shell/modules/kernel_service/thread/suspend.c.obj
[hylia:rw] [61/366] Building C object zephyr/CMakeFiles/zephyr.dir/subsys/shell/modules/kernel_service/thread/list.c.obj
[hylia:rw] [62/366] Building C object zephyr/CMakeFiles/zephyr.dir/subsys/shell/modules/kernel_service/thread/thread.c.obj
[hylia:rw] [63/366] Building C object zephyr/CMakeFiles/zephyr.dir/subsys/shell/modules/kernel_service/thread/kill.c.obj
[hylia:rw] [64/366] Building C object zephyr/CMakeFiles/zephyr.dir/subsys/shell/modules/kernel_service/thread/resume.c.obj
[rex:rw] -- Found Dtc: /usr/bin/dtc (found suitable version "1.6.0", minimum required is "1.4.6")
[rex:rw] -- Found BOARD.dts: /mnt/host/source/src/platform/ec/zephyr/boards/google/npcx9/npcx9_npcx9m7f.dts
[rex:rw] -- Found devicetree overlay: /mnt/host/source/src/platform/ec/zephyr/program/rex/rex/project.overlay
[hylia:rw] [65/366] Building C object zephyr/CMakeFiles/zephyr.dir/subsys/shell/backends/shell_uart.c.obj
[hylia:rw] [66/366] Building C object zephyr/arch/common/CMakeFiles/arch__common.dir/init.c.obj
[rex:ro] -- Found Dtc: /usr/bin/dtc (found suitable version "1.6.0", minimum required is "1.4.6")
[rex:ro] -- Found BOARD.dts: /mnt/host/source/src/platform/ec/zephyr/boards/google/npcx9/npcx9_npcx9m7f.dts
[rex:ro] -- Found devicetree overlay: /mnt/host/source/src/platform/ec/zephyr/program/rex/rex/project.overlay
[hylia:rw] [67/366] Building C object zephyr/CMakeFiles/zephyr.dir/subsys/shell/shell_fprintf.c.obj
[hylia:rw] [68/366] Building C object zephyr/CMakeFiles/zephyr.dir/subsys/shell/shell_utils.c.obj
[hylia:rw] [69/366] Building C object zephyr/arch/common/CMakeFiles/arch__common.dir/dynamic_isr.c.obj
[hylia:rw] [70/366] Building C object zephyr/CMakeFiles/zephyr.dir/subsys/shell/shell_history.c.obj
[hylia:rw] [71/366] Building C object zephyr/arch/common/CMakeFiles/arch__common.dir/sw_isr_common.c.obj
[hylia:rw] [72/366] Building C object zephyr/CMakeFiles/zephyr.dir/subsys/shell/shell_help.c.obj
[/mnt/host/source/src/platform/ec/build/zephyr/ojal-lcov]   /mnt/host/source/src/platform/ec/build/zephyr/ojal/build-rw/modules/ec/zephyr/CMakeFiles/ec_shim.dir/shim/src/charger.c.gcno:no functions found
[/mnt/host/source/src/platform/ec/build/zephyr/ojal-lcov] stderr:
[hylia:rw] [73/366] Building C object zephyr/arch/common/CMakeFiles/arch__common.dir/xip.c.obj
[hylia:rw] [74/366] Building C object zephyr/CMakeFiles/zephyr.dir/subsys/shell/shell_ops.c.obj
[hylia:rw] [75/366] Building C object zephyr/CMakeFiles/zephyr.dir/subsys/shell/shell.c.obj
[hylia:rw] [76/366] Building C object zephyr/arch/arch/riscv/core/CMakeFiles/arch__riscv__core.dir/prep_c.c.obj
[hylia:rw] [77/366] Building C object zephyr/arch/common/CMakeFiles/isr_tables.dir/isr_tables.c.obj
[hylia:rw] [78/366] Building C object zephyr/CMakeFiles/zephyr.dir/drivers/flash/flash_util.c.obj
[hylia:rw] [79/366] Linking C static library zephyr/arch/common/libisr_tables.a
[hylia:rw] [80/366] Generating ../../../include/generated/libc/minimal/strerror_table.h
[hylia:rw] [81/366] Linking C static library zephyr/arch/common/libarch__common.a
[hylia:rw] [82/366] Building C object zephyr/arch/arch/riscv/core/CMakeFiles/arch__riscv__core.dir/cpu_idle.c.obj
[hylia:rw] [83/366] Linking C static library zephyr/libzephyr.a
[hylia:rw] [84/366] Building C object zephyr/lib/libc/minimal/CMakeFiles/lib__libc__minimal.dir/source/stdlib/atoi.c.obj
[hylia:rw] [85/366] Building C object zephyr/lib/libc/minimal/CMakeFiles/lib__libc__minimal.dir/source/stdlib/strtol.c.obj
[hylia:rw] [86/366] Building C object zephyr/lib/libc/minimal/CMakeFiles/lib__libc__minimal.dir/source/stdlib/strtoul.c.obj
[hylia:rw] [87/366] Building C object zephyr/arch/arch/riscv/core/CMakeFiles/arch__riscv__core.dir/irq_manage.c.obj
[hylia:rw] [88/366] Building C object zephyr/lib/libc/minimal/CMakeFiles/lib__libc__minimal.dir/source/stdlib/strtoll.c.obj
[hylia:rw] [89/366] Building C object zephyr/arch/arch/riscv/core/CMakeFiles/arch__riscv__core.dir/reboot.c.obj
[hylia:rw] [90/366] Building C object zephyr/lib/libc/minimal/CMakeFiles/lib__libc__minimal.dir/source/stdlib/strtoull.c.obj
[hylia:rw] [91/366] Building C object zephyr/lib/libc/minimal/CMakeFiles/lib__libc__minimal.dir/source/stdlib/bsearch.c.obj
[hylia:rw] [92/366] Building C object zephyr/arch/arch/riscv/core/CMakeFiles/arch__riscv__core.dir/fatal.c.obj
[hylia:rw] [93/366] Building C object zephyr/arch/arch/riscv/core/CMakeFiles/arch__riscv__core.dir/thread.c.obj
[hylia:rw] [94/366] Building ASM object zephyr/arch/arch/riscv/core/CMakeFiles/arch__riscv__core.dir/reset.S.obj
[hylia:rw] [95/366] Building ASM object zephyr/arch/arch/riscv/core/CMakeFiles/arch__riscv__core.dir/switch.S.obj
[hylia:rw] [96/366] Building C object zephyr/lib/libc/minimal/CMakeFiles/lib__libc__minimal.dir/source/string/strncasecmp.c.obj
[hylia:rw] [97/366] Building ASM object zephyr/arch/arch/riscv/core/CMakeFiles/arch__riscv__core.dir/isr.S.obj
[hylia:rw] [98/366] Building C object zephyr/lib/libc/minimal/CMakeFiles/lib__libc__minimal.dir/source/string/strstr.c.obj
[hylia:rw] [99/366] Building C object zephyr/lib/libc/minimal/CMakeFiles/lib__libc__minimal.dir/source/string/strerror.c.obj
[hylia:rw] [100/366] Building C object zephyr/arch/arch/riscv/core/CMakeFiles/arch__riscv__core.dir/stacktrace.c.obj
[hylia:rw] [101/366] Building C object zephyr/lib/libc/minimal/CMakeFiles/lib__libc__minimal.dir/source/string/string.c.obj
[hylia:rw] [102/366] Building C object zephyr/lib/libc/minimal/CMakeFiles/lib__libc__minimal.dir/source/string/strspn.c.obj
[hylia:rw] [103/366] Linking C static library zephyr/arch/arch/riscv/core/libarch__riscv__core.a
[hylia:rw] [104/366] Building C object zephyr/lib/libc/minimal/CMakeFiles/lib__libc__minimal.dir/source/stdlib/qsort.c.obj
[hylia:rw] [105/366] Building C object zephyr/lib/libc/minimal/CMakeFiles/lib__libc__minimal.dir/source/math/sqrtf.c.obj
[hylia:rw] [106/366] Building C object zephyr/lib/libc/minimal/CMakeFiles/lib__libc__minimal.dir/source/math/sqrt.c.obj
[hylia:rw] [107/366] Building C object zephyr/lib/libc/common/CMakeFiles/lib__libc__common.dir/source/time/gmtime_r.c.obj
[hylia:rw] [108/366] Building C object zephyr/lib/libc/minimal/CMakeFiles/lib__libc__minimal.dir/source/stdlib/exit.c.obj
[hylia:rw] [109/366] Building C object zephyr/lib/libc/common/CMakeFiles/lib__libc__common.dir/source/time/asctime.c.obj
[/mnt/host/source/src/platform/ec/build/zephyr/lotso-lcov]   /mnt/host/source/src/platform/ec/build/zephyr/lotso/build-rw/zephyr/drivers/sensor/CMakeFiles/drivers__sensor.dir/mnt/host/source/src/third_party/zephyr/main/misc/empty_file.c.gcno:no functions found
[/mnt/host/source/src/platform/ec/build/zephyr/lotso-lcov] Filter suppressions 'region':
[hylia:rw] [110/366] Building C object zephyr/lib/libc/common/CMakeFiles/lib__libc__common.dir/source/time/localtime_r_utc.c.obj
[hylia:rw] [111/366] Building C object zephyr/lib/libc/minimal/CMakeFiles/lib__libc__minimal.dir/source/stdout/sprintf.c.obj
[hylia:rw] [112/366] Building C object zephyr/lib/libc/common/CMakeFiles/lib__libc__common.dir/source/string/strnlen.c.obj
[hylia:rw] [113/366] Building C object zephyr/lib/libc/common/CMakeFiles/lib__libc__common.dir/source/time/ctime.c.obj
[/mnt/host/source/src/platform/ec/build/zephyr/lotso-lcov]     37 instances
[/mnt/host/source/src/platform/ec/build/zephyr/lotso-lcov]     28 coverpoints
[/mnt/host/source/src/platform/ec/build/zephyr/lotso-lcov] Message summary:
[/mnt/host/source/src/platform/ec/build/zephyr/lotso-lcov]   26 ignore messages:
[/mnt/host/source/src/platform/ec/build/zephyr/lotso-lcov]     gcov: 26
[mtlrvpp_npcx:ro] Configuring.
Running `env -i PYTHONPATH=/usr/lib64/python-exec/python3.11:/mnt/host/source/src/platform/ec/zephyr/zmake:/usr/lib/python311.zip:/usr/lib/python3.11:/usr/lib/python3.11/lib-dynload:/usr/lib/python3.11/site-packages PW_PIGWEED_CIPD_INSTALL_DIR=/usr CROSTC_USER_ACKNOWLEDGES_THAT_RISCV_IS_EXPERIMENTAL=1 PATH=/mnt/host/source/chromite/bin:/usr/local/bin:/usr/bin:/bin:/opt/bin:/mnt/host/source/chromite/sdk/bin:/mnt/host/source/chromite/bin HOME=/home/jpmurphy JAVA_HOME=/etc/java-config-2/current-system-vm JDK_HOME=/etc/java-config-2/current-system-vm JAVAC=/etc/java-config-2/current-system-vm/bin/javac MAKEFLAGS=' -j16 --jobserver-auth=5,6' /usr/bin/cmake -S /mnt/host/source/src/platform/ec/zephyr/program/intelrvp -B /mnt/host/source/src/platform/ec/build/zephyr/mtlrvpp_npcx/build-ro -GNinja -DCMAKE_EXPORT_COMPILE_COMMANDS=ON -DZEPHYR_BASE=/mnt/host/source/src/third_party/zephyr/main -DZMAKE_INCLUDE_DIR=/mnt/host/source/src/platform/ec/build/zephyr/mtlrvpp_npcx/include -DPython3_EXECUTABLE=/usr/bin/python3.11 -DDTS_ROOT=/mnt/host/source/src/platform/ec/zephyr -DSYSCALL_INCLUDE_DIRS=/mnt/host/source/src/platform/ec/zephyr/include/drivers -DUSER_CACHE_DIR=/mnt/host/source/src/platform/ec/build/zephyr/user-cache '-DEXTRA_EC_VERSION_FLAGS=--version 16543.0.0 --static' -DTOOLCHAIN_ROOT=/mnt/host/source/src/platform/ec/zephyr -DCOREBOOT_SDK_ROOT_x86=/home/jpmurphy/.cache/coreboot-sdk/i386-elf/dfbb0486385d938cfa9d73080b9d18d598ed4f49 -DCOREBOOT_SDK_ROOT_picolibc_x86=/home/jpmurphy/.cache/coreboot-sdk/picolibc-i386-elf/eb8e8e687b95461de8cbf278f1c2076952d0ad17 -DCOREBOOT_SDK_ROOT_riscv64=/home/jpmurphy/.cache/coreboot-sdk/riscv64-elf/96b949749225b6aaa92ed810ab769e8dfb12f000 -DCOREBOOT_SDK_ROOT_picolibc_arm=/home/jpmurphy/.cache/coreboot-sdk/picolibc-arm-eabi/422a2aa3e1ef891b5bece9a3deb696ff83840d2e -DCOREBOOT_SDK_ROOT_nds32=/home/jpmurphy/.cache/coreboot-sdk/nds32le-elf/d1a518c4a097666d86058e1444f85ca015d15511 -DCOREBOOT_SDK_ROOT_picolibc_riscv64=/home/jpmurphy/.cache/coreboot-sdk/picolibc-riscv64-elf/f571e990ef0278564b31124f8bb109d9a697eb69 -DCOREBOOT_SDK_ROOT_arm=/home/jpmurphy/.cache/coreboot-sdk/arm-eabi/ea40ddd1d190c3b48435c474c0b545719371813a -DCOREBOOT_SDK_ROOT_libstdcxx_riscv64=/home/jpmurphy/.cache/coreboot-sdk/libstdcxx-riscv64-elf/17abf22a3a252e2d5d2062ced5324f7a623689e0 -DCOREBOOT_SDK_ROOT_libstdcxx_arm=/home/jpmurphy/.cache/coreboot-sdk/libstdcxx-arm-eabi/5d7d82e150e44aa1968f1d366e267e6687b328ac -DCOREBOOT_SDK_ROOT_riscv=/home/jpmurphy/.cache/coreboot-sdk/riscv-elf/9a27b9e82341c6e9126624f516ab3f261abb3e73 -DCOREBOOT_SDK_ROOT_libstdcxx_x86=/home/jpmurphy/.cache/coreboot-sdk/libstdcxx-i386-elf/42ef9d2e87a76a37963175d7d428734e65648b87 -DZEPHYR_TOOLCHAIN_VARIANT=coreboot-sdk '-DZEPHYR_MODULES=/mnt/host/source/src/platform/ec/build/zephyr/mtlrvpp_npcx/modules/cmsis;/mnt/host/source/src/platform/ec/build/zephyr/mtlrvpp_npcx/modules/cmsis_6;/mnt/host/source/src/platform/ec/build/zephyr/mtlrvpp_npcx/modules/ec' '-DDTC_OVERLAY_FILE=/mnt/host/source/src/platform/ec/zephyr/program/intelrvp/adlrvp/battery.dts;/mnt/host/source/src/platform/ec/zephyr/program/intelrvp/mtlrvp/mtlrvpp_npcx/fan.dts;/mnt/host/source/src/platform/ec/zephyr/program/intelrvp/mtlrvp/mtlrvpp_npcx/gpio.dts;/mnt/host/source/src/platform/ec/zephyr/program/intelrvp/mtlrvp/mtlrvpp_npcx/tcpc_gpio.dts;/mnt/host/source/src/platform/ec/zephyr/program/intelrvp/mtlrvp/mtlrvpp_npcx/keyboard.dts;/mnt/host/source/src/platform/ec/zephyr/program/intelrvp/mtlrvp/mtlrvpp_npcx/interrupts.dts;/mnt/host/source/src/platform/ec/zephyr/program/intelrvp/mtlrvp/mtlrvpp_npcx/tcpc_interrupts.dts;/mnt/host/source/src/platform/ec/zephyr/program/intelrvp/mtlrvp/ioex.dts;/mnt/host/source/src/platform/ec/zephyr/program/intelrvp/mtlrvp/tcpc_ioex.dts;/mnt/host/source/src/platform/ec/zephyr/program/intelrvp/mtlrvp/mtlrvpp_npcx/mtlrvp_npcx.dts;/mnt/host/source/src/platform/ec/zephyr/program/intelrvp/mtlrvp/mtlrvpp_npcx/tcpc_i2c.dts;/mnt/host/source/src/platform/ec/zephyr/program/intelrvp/mtlrvp/mtlrvpp_npcx/mtlrvp_npcx_power_signals.dts;/mnt/host/source/src/platform/ec/zephyr/program/intelrvp/adlrvp/adlrvp_npcx/temp_sensor.dts;/mnt/host/source/src/platform/ec/zephyr/program/intelrvp/mtlrvp/usbc.dts' -DBOARD=npcx9/npcx9m3f -DCMAKE_C_FLAGS=-DSECTION_IS_RO '-DCONF_FILE=/mnt/host/source/src/platform/ec/zephyr/program/intelrvp/program.conf;/mnt/host/source/src/platform/ec/zephyr/program/intelrvp/mtlrvp/prj.conf;/mnt/host/source/src/platform/ec/zephyr/program/intelrvp/zephyr_ap_pwrseq.conf;/mnt/host/source/src/platform/ec/zephyr/program/intelrvp/mtlrvp/mtlrvpp_npcx/prj.conf;/mnt/host/source/src/platform/ec/zephyr/program/intelrvp/mtlrvp/mtlrvpp_npcx/board_npcx.conf;/mnt/host/source/src/platform/ec/zephyr/program/intelrvp/mtlrvp/tcpc.conf;/mnt/host/source/src/platform/ec/build/zephyr/mtlrvpp_npcx/kconfig-ro.conf'`
[hylia:rw] [114/366] Building C object zephyr/lib/libc/minimal/CMakeFiles/lib__libc__minimal.dir/source/stdout/fprintf.c.obj
[mtlrvpp_npcx:ro] Loading Zephyr default modules (Zephyr base (cached)).
[mtlrvpp_npcx:ro] -- Application: /mnt/host/source/src/platform/ec/zephyr/program/intelrvp
[hylia:rw] [115/366] Building C object zephyr/lib/libc/common/CMakeFiles/lib__libc__common.dir/source/time/time.c.obj
[hylia:rw] [116/366] Building C object zephyr/lib/posix/c_lib_ext/CMakeFiles/lib__posix__c_lib_ext.dir/fnmatch.c.obj
[hylia:rw] [117/366] Building C object zephyr/lib/libc/minimal/CMakeFiles/lib__libc__minimal.dir/source/stdout/stdout_console.c.obj
[hylia:rw] [118/366] Building C object zephyr/lib/libc/common/CMakeFiles/lib__libc__common.dir/source/stdlib/abort.c.obj
[hylia:rw] [119/366] Building C object zephyr/lib/libc/minimal/CMakeFiles/lib__libc__minimal.dir/source/time/gmtime.c.obj
[hylia:rw] [120/366] Building C object zephyr/subsys/crc/CMakeFiles/subsys__crc.dir/crc4_sw.c.obj
[hylia:rw] [121/366] Linking C static library zephyr/lib/libc/minimal/liblib__libc__minimal.a
[hylia:rw] [122/366] Building C object zephyr/subsys/crc/CMakeFiles/subsys__crc.dir/crc8_sw.c.obj
[hylia:rw] [123/366] Building C object zephyr/subsys/crc/CMakeFiles/subsys__crc.dir/crc7_sw.c.obj
[hylia:rw] [124/366] Building C object zephyr/subsys/crc/CMakeFiles/subsys__crc.dir/crc16_sw.c.obj
[hylia:rw] [125/366] Building C object zephyr/subsys/crc/CMakeFiles/subsys__crc.dir/crc24_sw.c.obj
[hylia:rw] [126/366] Building C object zephyr/subsys/crc/CMakeFiles/subsys__crc.dir/crc32_sw.c.obj
[mtlrvpp_npcx:ro] -- CMake version: 3.31.7
[mtlrvpp_npcx:ro] -- Found Python3: /usr/bin/python3.11 (found suitable version "3.11.11", minimum required is "3.10") found components: Interpreter
[hylia:rw] [127/366] Building C object zephyr/subsys/crc/CMakeFiles/subsys__crc.dir/crc32c_sw.c.obj
[mtlrvpp_npcx:ro] -- Cache files will be written to: /mnt/host/source/src/platform/ec/build/zephyr/user-cache
[mtlrvpp_npcx:ro] -- Zephyr version: 4.3.99 (/mnt/host/source/src/third_party/zephyr/main)
[hylia:rw] [128/366] Building C object zephyr/lib/libc/common/CMakeFiles/lib__libc__common.dir/source/stdlib/malloc.c.obj
[hylia:rw] [129/366] Building C object zephyr/subsys/crc/CMakeFiles/subsys__crc.dir/crc32k_4_2_sw.c.obj
[hylia:rw] [130/366] Linking C static library zephyr/subsys/crc/libsubsys__crc.a
[hylia:rw] [131/366] Linking C static library zephyr/lib/libc/common/liblib__libc__common.a
[hylia:rw] [132/366] Building C object zephyr/lib/posix/c_lib_ext/CMakeFiles/lib__posix__c_lib_ext.dir/getentropy.c.obj
[hylia:rw] [133/366] Building C object zephyr/lib/posix/c_lib_ext/CMakeFiles/lib__posix__c_lib_ext.dir/getopt_shim.c.obj
[rex:rw] -- Generated zephyr.dts: /mnt/host/source/src/platform/ec/build/zephyr/rex/build-rw/zephyr/zephyr.dts
[hylia:rw] [134/366] Linking C static library zephyr/lib/posix/c_lib_ext/liblib__posix__c_lib_ext.a
[hylia:rw] [135/366] Building C object zephyr/lib/smf/CMakeFiles/lib__smf.dir/smf.c.obj
[hylia:rw] [136/366] Building C object zephyr/subsys/mgmt/ec_host_cmd/CMakeFiles/subsys__mgmt__ec_host_cmd.dir/ec_host_cmd_handler.c.obj
[hylia:rw] [137/366] Linking C static library zephyr/lib/smf/liblib__smf.a
[hylia:rw] [138/366] Linking C static library zephyr/subsys/mgmt/ec_host_cmd/libsubsys__mgmt__ec_host_cmd.a
[hylia:rw] [139/366] Building C object zephyr/subsys/mgmt/ec_host_cmd/backends/CMakeFiles/subsys__mgmt__ec_host_cmd__backends.dir/ec_host_cmd_backend_shi_ite.c.obj
[hylia:rw] [140/366] Linking C static library zephyr/subsys/mgmt/ec_host_cmd/backends/libsubsys__mgmt__ec_host_cmd__backends.a
[hylia:rw] [141/366] Building C object zephyr/drivers/interrupt_controller/CMakeFiles/drivers__interrupt_controller.dir/wuc_ite_it8xxx2.c.obj
[rex:ro] -- Generated zephyr.dts: /mnt/host/source/src/platform/ec/build/zephyr/rex/build-ro/zephyr/zephyr.dts
[hylia:rw] [142/366] Building C object zephyr/drivers/adc/CMakeFiles/drivers__adc.dir/adc_common.c.obj
[hylia:rw] [143/366] Building C object zephyr/drivers/bbram/CMakeFiles/drivers__bbram.dir/bbram_it8xxx2.c.obj
[hylia:rw] [144/366] Building C object zephyr/drivers/interrupt_controller/CMakeFiles/drivers__interrupt_controller.dir/intc_ite_it8xxx2_v2.c.obj
[hylia:rw] [145/366] Linking C static library zephyr/drivers/bbram/libdrivers__bbram.a
[hylia:rw] [146/366] Building C object zephyr/drivers/console/CMakeFiles/drivers__console.dir/uart_console.c.obj
[hylia:rw] [147/366] Linking C static library zephyr/drivers/interrupt_controller/libdrivers__interrupt_controller.a
[hylia:rw] [148/366] Linking C static library zephyr/drivers/console/libdrivers__console.a
[rex:rw] -- Generated pickled edt: /mnt/host/source/src/platform/ec/build/zephyr/rex/build-rw/zephyr/edt.pickle
[rex:rw] -- Generated devicetree_generated.h: /mnt/host/source/src/platform/ec/build/zephyr/rex/build-rw/zephyr/include/generated/zephyr/devicetree_generated.h
[hylia:rw] [149/366] Building C object zephyr/drivers/crypto/CMakeFiles/drivers__crypto.dir/crypto_it8xxx2_sha_v2.c.obj
[hylia:rw] [150/366] Building C object zephyr/drivers/adc/CMakeFiles/drivers__adc.dir/adc_ite_it8xxx2.c.obj
[hylia:rw] [151/366] Linking C static library zephyr/drivers/crypto/libdrivers__crypto.a
[hylia:rw] [152/366] Building C object zephyr/drivers/flash/CMakeFiles/drivers__flash.dir/flash_ite_it8xxx2.c.obj
[hylia:rw] [153/366] Linking C static library zephyr/drivers/adc/libdrivers__adc.a
[hylia:rw] [154/366] Linking C static library zephyr/drivers/flash/libdrivers__flash.a
[hylia:rw] [155/366] Building C object zephyr/drivers/i2c/CMakeFiles/drivers__i2c.dir/i2c_bitbang.c.obj
[hylia:rw] [156/366] Building C object zephyr/drivers/i2c/CMakeFiles/drivers__i2c.dir/i2c_common.c.obj
[rex:ro] -- Generated pickled edt: /mnt/host/source/src/platform/ec/build/zephyr/rex/build-ro/zephyr/edt.pickle
[rex:ro] -- Generated devicetree_generated.h: /mnt/host/source/src/platform/ec/build/zephyr/rex/build-ro/zephyr/include/generated/zephyr/devicetree_generated.h
[hylia:rw] [157/366] Linking C static library zephyr/drivers/syscon/libdrivers__syscon.a
[hylia:rw] [158/366] Building C object zephyr/drivers/pinctrl/CMakeFiles/drivers__pinctrl.dir/common.c.obj
[hylia:rw] [159/366] Building C object zephyr/drivers/i2c/CMakeFiles/drivers__i2c.dir/i2c_shell.c.obj
[mtlrvpp_npcx:ro] -- Board: npcx9, qualifiers: npcx9m3f
[hylia:rw] [160/366] Building C object zephyr/drivers/pwm/CMakeFiles/drivers__pwm.dir/pwm_shell.c.obj
[hylia:rw] [161/366] Building C object zephyr/drivers/pinctrl/CMakeFiles/drivers__pinctrl.dir/pinctrl_ite_it8xxx2.c.obj
[hylia:rw] [162/366] Building C object zephyr/drivers/i2c/CMakeFiles/drivers__i2c.dir/i2c_ite_enhance.c.obj
[hylia:rw] [163/366] Linking C static library zephyr/drivers/pinctrl/libdrivers__pinctrl.a
[hylia:rw] [164/366] Building C object zephyr/drivers/gpio/CMakeFiles/drivers__gpio.dir/gpio_ite_it8xxx2_v2.c.obj
[hylia:rw] [165/366] Linking C static library zephyr/drivers/i2c/libdrivers__i2c.a
[hylia:rw] [166/366] Building C object zephyr/drivers/pwm/CMakeFiles/drivers__pwm.dir/pwm_ite_it8xxx2.c.obj
[hylia:rw] [167/366] Linking C static library zephyr/drivers/pwm/libdrivers__pwm.a
[hylia:rw] [168/366] Linking C static library zephyr/drivers/gpio/libdrivers__gpio.a
[hylia:rw] [169/366] Building C object zephyr/drivers/sensor/ite/ite_tach_it8xxx2/CMakeFiles/drivers__sensor__ite__ite_tach_it8xxx2.dir/tach_ite_it8xxx2.c.obj
[hylia:rw] [170/366] Linking C static library zephyr/drivers/sensor/ite/ite_tach_it8xxx2/libdrivers__sensor__ite__ite_tach_it8xxx2.a
[hylia:rw] [171/366] Building C object zephyr/drivers/timer/CMakeFiles/drivers__timer.dir/sys_clock_init.c.obj
[hylia:rw] [172/366] Building C object zephyr/drivers/serial/CMakeFiles/drivers__serial.dir/uart_ite_it8xxx2.c.obj
[hylia:rw] [173/366] Building C object zephyr/drivers/serial/CMakeFiles/drivers__serial.dir/uart_ns16550.c.obj
[hylia:rw] [174/366] Building C object zephyr/drivers/timer/CMakeFiles/drivers__timer.dir/ite_it8xxx2_timer.c.obj
[hylia:rw] [175/366] Building C object zephyr/drivers/watchdog/CMakeFiles/drivers__watchdog.dir/wdt_ite_it8xxx2.c.obj
[hylia:rw] [176/366] Linking C static library zephyr/drivers/serial/libdrivers__serial.a
[hylia:rw] [177/366] Building C object zephyr/drivers/watchdog/CMakeFiles/drivers__watchdog.dir/wdt_shell.c.obj
[hylia:rw] [178/366] Linking C static library zephyr/drivers/timer/libdrivers__timer.a
[hylia:rw] [179/366] Linking C static library zephyr/drivers/watchdog/libdrivers__watchdog.a
[rex:rw] /mnt/host/source/src/platform/ec/build/zephyr/rex/build-rw/zephyr/zephyr.dts:4259.15-4266.5: Warning (gpios_property): /fans/fan_0: Missing property '#gpio-cells' in node /named-gpios/en_pp5000_fan or bad phandle (referred from enable-gpio[0])
[rex:ro] /mnt/host/source/src/platform/ec/build/zephyr/rex/build-ro/zephyr/zephyr.dts:4259.15-4266.5: Warning (gpios_property): /fans/fan_0: Missing property '#gpio-cells' in node /named-gpios/en_pp5000_fan or bad phandle (referred from enable-gpio[0])
[hylia:rw] [180/366] Building C object modules/ec/zephyr/CMakeFiles/ec_shim.dir/drivers/usbc/ucsi_v3.c.obj
[hylia:rw] [181/366] Building C object modules/ec/zephyr/CMakeFiles/ec_shim.dir/app/ec/main_shim.c.obj
[hylia:rw] [182/366] Building C object modules/ec/zephyr/CMakeFiles/ec_shim.dir/app/ec/ec_app_main.c.obj
[hylia:rw] [183/366] Building C object modules/ec/zephyr/CMakeFiles/ec_shim.dir/drivers/cros_kblight/pwm_kblight.c.obj
[hylia:rw] [184/366] Building C object modules/ec/zephyr/CMakeFiles/ec_shim.dir/drivers/cros_flash/cros_flash_it8xxx2.c.obj
[hylia:rw] [185/366] Building C object modules/ec/zephyr/CMakeFiles/ec_shim.dir/drivers/cros_kb_raw/cros_kb_raw_ite.c.obj
[hylia:rw] [186/366] Building C object modules/ec/zephyr/CMakeFiles/ec_shim.dir/shim/src/crc.c.obj
[hylia:rw] [187/366] Building C object modules/ec/zephyr/CMakeFiles/ec_shim.dir/drivers/cros_system/cros_system_it8xxx2.c.obj
[hylia:rw] [188/366] Building C object modules/ec/zephyr/CMakeFiles/ec_shim.dir/shim/chip/it8xxx2/clock.c.obj
[hylia:rw] [189/366] Building C object modules/ec/zephyr/CMakeFiles/ec_shim.dir/shim/chip/it8xxx2/keyboard_raw.c.obj
[hylia:rw] [190/366] Building C object modules/ec/zephyr/CMakeFiles/ec_shim.dir/shim/chip/it8xxx2/system.c.obj
[mtlrvpp_npcx:ro] -- Found Dtc: /usr/bin/dtc (found suitable version "1.6.0", minimum required is "1.4.6")
[mtlrvpp_npcx:ro] -- Found BOARD.dts: /mnt/host/source/src/platform/ec/zephyr/boards/google/npcx9/npcx9_npcx9m3f.dts
[mtlrvpp_npcx:ro] -- Found devicetree overlay: /mnt/host/source/src/platform/ec/zephyr/program/intelrvp/adlrvp/battery.dts
[mtlrvpp_npcx:ro] -- Found devicetree overlay: /mnt/host/source/src/platform/ec/zephyr/program/intelrvp/mtlrvp/mtlrvpp_npcx/fan.dts
[mtlrvpp_npcx:ro] -- Found devicetree overlay: /mnt/host/source/src/platform/ec/zephyr/program/intelrvp/mtlrvp/mtlrvpp_npcx/gpio.dts
[mtlrvpp_npcx:ro] -- Found devicetree overlay: /mnt/host/source/src/platform/ec/zephyr/program/intelrvp/mtlrvp/mtlrvpp_npcx/tcpc_gpio.dts
[mtlrvpp_npcx:ro] -- Found devicetree overlay: /mnt/host/source/src/platform/ec/zephyr/program/intelrvp/mtlrvp/mtlrvpp_npcx/keyboard.dts
[mtlrvpp_npcx:ro] -- Found devicetree overlay: /mnt/host/source/src/platform/ec/zephyr/program/intelrvp/mtlrvp/mtlrvpp_npcx/interrupts.dts
[mtlrvpp_npcx:ro] -- Found devicetree overlay: /mnt/host/source/src/platform/ec/zephyr/program/intelrvp/mtlrvp/mtlrvpp_npcx/tcpc_interrupts.dts
[mtlrvpp_npcx:ro] -- Found devicetree overlay: /mnt/host/source/src/platform/ec/zephyr/program/intelrvp/mtlrvp/ioex.dts
[mtlrvpp_npcx:ro] -- Found devicetree overlay: /mnt/host/source/src/platform/ec/zephyr/program/intelrvp/mtlrvp/tcpc_ioex.dts
[mtlrvpp_npcx:ro] -- Found devicetree overlay: /mnt/host/source/src/platform/ec/zephyr/program/intelrvp/mtlrvp/mtlrvpp_npcx/mtlrvp_npcx.dts
[mtlrvpp_npcx:ro] -- Found devicetree overlay: /mnt/host/source/src/platform/ec/zephyr/program/intelrvp/mtlrvp/mtlrvpp_npcx/tcpc_i2c.dts
[mtlrvpp_npcx:ro] -- Found devicetree overlay: /mnt/host/source/src/platform/ec/zephyr/program/intelrvp/mtlrvp/mtlrvpp_npcx/mtlrvp_npcx_power_signals.dts
[mtlrvpp_npcx:ro] -- Found devicetree overlay: /mnt/host/source/src/platform/ec/zephyr/program/intelrvp/adlrvp/adlrvp_npcx/temp_sensor.dts
[mtlrvpp_npcx:ro] -- Found devicetree overlay: /mnt/host/source/src/platform/ec/zephyr/program/intelrvp/mtlrvp/usbc.dts
[hylia:rw] [191/366] Building C object modules/ec/zephyr/CMakeFiles/ec_shim.dir/shim/chip/it8xxx2/gpio.c.obj
[hylia:rw] [192/366] Building C object modules/ec/zephyr/CMakeFiles/ec_shim.dir/shim/chip/it8xxx2/shi.c.obj
[hylia:rw] [193/366] Building C object modules/ec/zephyr/CMakeFiles/ec_shim.dir/shim/chip/it8xxx2/power_policy.c.obj
[hylia:rw] [194/366] Building C object modules/ec/zephyr/CMakeFiles/ec_shim.dir/shim/src/gpio_int.c.obj
[hylia:rw] [195/366] Building C object modules/ec/zephyr/CMakeFiles/ec_shim.dir/shim/src/console.c.obj
[hylia:rw] [196/366] Building C object modules/ec/zephyr/CMakeFiles/ec_shim.dir/shim/src/panic_utils.c.obj
[hylia:rw] [197/366] Building C object modules/ec/zephyr/CMakeFiles/ec_shim.dir/drivers/usbc/pdc_rts54xx.c.obj
[hylia:rw] [198/366] Building C object modules/ec/zephyr/CMakeFiles/ec_shim.dir/shim/src/pm_state.c.obj
[hylia:rw] [199/366] Building C object modules/ec/zephyr/CMakeFiles/ec_shim.dir/shim/src/gpio.c.obj
[hylia:rw] [200/366] Building C object modules/ec/zephyr/CMakeFiles/ec_shim.dir/shim/src/cbi/cros_cbi.c.obj
[hylia:rw] [201/366] Building C object modules/ec/zephyr/CMakeFiles/ec_shim.dir/shim/src/cbi/cbi_flash.c.obj
[hylia:rw] [202/366] Building C object modules/ec/zephyr/CMakeFiles/ec_shim.dir/shim/src/cbi/cros_cbi_fw_config.c.obj
[hylia:rw] [203/366] Building C object modules/ec/zephyr/CMakeFiles/ec_shim.dir/shim/src/led_driver/led_gpio.c.obj
[hylia:rw] [204/366] Building C object modules/ec/zephyr/CMakeFiles/ec_shim.dir/shim/src/led_driver/led.c.obj
[hylia:rw] [205/366] Building C object modules/ec/zephyr/CMakeFiles/ec_shim.dir/shim/src/system.c.obj
[hylia:rw] [206/366] Building C object modules/ec/zephyr/CMakeFiles/ec_shim.dir/shim/src/charger.c.obj
[hylia:rw] [207/366] Building C object modules/ec/zephyr/CMakeFiles/ec_shim.dir/shim/src/adc.c.obj
[hylia:rw] [208/366] Building C object modules/ec/zephyr/CMakeFiles/ec_shim.dir/shim/src/pdc_shim.c.obj
[hylia:rw] [209/366] Building C object modules/ec/zephyr/CMakeFiles/ec_shim.dir/shim/src/battery.c.obj
[hylia:rw] [210/366] Building C object modules/ec/zephyr/CMakeFiles/ec_shim.dir/shim/src/hooks.c.obj
[hylia:rw] [211/366] Building C object modules/ec/zephyr/CMakeFiles/ec_shim.dir/shim/src/flash.c.obj
[hylia:rw] [212/366] Building C object modules/ec/zephyr/CMakeFiles/ec_shim.dir/shim/src/host_command.c.obj
[hylia:rw] [213/366] Building C object modules/ec/zephyr/CMakeFiles/ec_shim.dir/shim/src/fan.c.obj
[hylia:rw] [214/366] Building C object modules/ec/zephyr/CMakeFiles/ec_shim.dir/shim/src/console_buffer.c.obj
[hylia:rw] [215/366] Building C object modules/ec/zephyr/CMakeFiles/ec_shim.dir/shim/src/keyscan.c.obj
[hylia:rw] [216/366] Building C object modules/ec/zephyr/CMakeFiles/ec_shim.dir/shim/src/keyboard_raw.c.obj
[mtlrvpp_npcx:ro] 'int-pin' is marked as deprecated in 'properties:' in /mnt/host/source/src/platform/ec/zephyr/dts/bindings/usbc/tcpc/nuvoton,nct38xx-tcpc.yaml for node /soc-if/io_i2c_ctrl0_port0/nct38xx@73/nct38xx-tcpc.
[mtlrvpp_npcx:ro] 'int-pin' is marked as deprecated in 'properties:' in /mnt/host/source/src/platform/ec/zephyr/dts/bindings/usbc/tcpc/nuvoton,nct38xx-tcpc.yaml for node /soc-if/io_i2c_ctrl0_port0/nct38xx_c1@77/nct38xx-tcpc.
[mtlrvpp_npcx:ro] 'int-pin' is marked as deprecated in 'properties:' in /mnt/host/source/src/platform/ec/zephyr/dts/bindings/usbc/tcpc/cypress,ccgxxf.yaml for node /soc-if/io_i2c_ctrl1_port0/ccgxxf@b.
[hylia:rw] [217/366] Building C object modules/ec/zephyr/CMakeFiles/ec_shim.dir/shim/src/mkbp_event.c.obj
[rex:ro] warning: Deprecated symbol I2C_ALLOW_NO_STOP_TRANSACTIONS is enabled.
[mtlrvpp_npcx:ro] -- Generated zephyr.dts: /mnt/host/source/src/platform/ec/build/zephyr/mtlrvpp_npcx/build-ro/zephyr/zephyr.dts
[mtlrvpp_npcx:ro] -- Generated pickled edt: /mnt/host/source/src/platform/ec/build/zephyr/mtlrvpp_npcx/build-ro/zephyr/edt.pickle
[hylia:rw] [218/366] Building C object modules/ec/zephyr/CMakeFiles/ec_shim.dir/shim/src/motionsense_sensors.c.obj
[hylia:rw] [219/366] Building C object modules/ec/zephyr/CMakeFiles/ec_shim.dir/shim/src/panic.c.obj
[hylia:rw] [220/366] Building C object modules/ec/zephyr/CMakeFiles/ec_shim.dir/shim/src/power.c.obj
[hylia:rw] [221/366] Building C object modules/ec/zephyr/CMakeFiles/ec_shim.dir/shim/src/hwtimer.c.obj
[hylia:rw] [222/366] Building C object modules/ec/zephyr/CMakeFiles/ec_shim.dir/shim/src/thermal.c.obj
[hylia:rw] [223/366] cd /mnt/host/source/src/platform/ec/build/zephyr/hylia/build-rw/modules/ec/zephyr && PYTHONPATH=/mnt/host/source/src/platform/ec/build/zephyr/hylia/modules/ec/zephyr/zmake/ /usr/bin/python3.11 /mnt/host/source/src/platform/ec/build/zephyr/hylia/modules/ec/zephyr/zmake/zephyr_build_tools/generate_ec_version.py /mnt/host/source/src/platform/ec/build/zephyr/hylia/build-rw/modules/ec/zephyr/include/ec_version.h --name Zephyr-Kernel --version 16543.0.0 --static
[hylia:rw] INFO:root:Using a static version string
[hylia:rw] INFO:root:Version string: Zephyr-Kernel-16543.0.0
[hylia:rw] INFO:root:Writing header to /mnt/host/source/src/platform/ec/build/zephyr/hylia/build-rw/modules/ec/zephyr/include/ec_version.h
[hylia:rw] [224/366] Building C object modules/ec/zephyr/CMakeFiles/ec_shim.dir/shim/src/pwm_hc.c.obj
[hylia:rw] [225/366] Building C object modules/ec/zephyr/CMakeFiles/ec_shim.dir/shim/src/temp_sensors.c.obj
[hylia:rw] [226/366] Building C object modules/ec/zephyr/CMakeFiles/ec_shim.dir/shim/src/i2c.c.obj
[rex:rw] Parsing /mnt/host/source/src/platform/ec/zephyr/program/rex/Kconfig
[rex:ro] Parsing /mnt/host/source/src/platform/ec/zephyr/program/rex/Kconfig
[mtlrvpp_npcx:ro] -- Generated devicetree_generated.h: /mnt/host/source/src/platform/ec/build/zephyr/mtlrvpp_npcx/build-ro/zephyr/include/generated/zephyr/devicetree_generated.h
[hylia:rw] [227/366] Building C object modules/ec/zephyr/CMakeFiles/ec_shim.dir/shim/src/tasks.c.obj
[hylia:rw] [228/366] Building C object modules/ec/zephyr/CMakeFiles/ec_shim.dir/shim/src/usba.c.obj
[hylia:rw] [229/366] Building C object zephyr/kernel/CMakeFiles/kernel.dir/main_weak.c.obj
[hylia:rw] [230/366] Building C object zephyr/kernel/CMakeFiles/kernel.dir/busy_wait.c.obj
[hylia:rw] [231/366] Building C object modules/ec/zephyr/CMakeFiles/ec_shim.dir/shim/src/usb_muxes.c.obj
[hylia:rw] [232/366] Building C object zephyr/kernel/CMakeFiles/kernel.dir/banner.c.obj
[hylia:rw] [233/366] Building C object modules/ec/zephyr/CMakeFiles/ec_shim.dir/shim/src/watchdog.c.obj
[hylia:rw] [234/366] Building C object modules/ec/zephyr/CMakeFiles/ec_shim.dir/shim/src/sha256_hw.c.obj
[hylia:rw] [235/366] Building C object CMakeFiles/app.dir/mnt/host/source/src/platform/ec/zephyr/subsys/ap_pwrseq/ap_events.c.obj
[hylia:rw] [236/366] Building C object CMakeFiles/app.dir/mnt/host/source/src/platform/ec/zephyr/subsys/pd_controller/pdc_pmc_debug.c.obj
[hylia:rw] [237/366] Building C object CMakeFiles/app.dir/mnt/host/source/src/platform/ec/zephyr/subsys/pd_controller/pdc_stub.c.obj
[hylia:rw] [238/366] Building C object CMakeFiles/app.dir/mnt/host/source/src/platform/ec/zephyr/subsys/pd_controller/pdc_host_cmd.c.obj
[rex:rw] Loaded configuration '/mnt/host/source/src/platform/ec/zephyr/boards/google/npcx9/npcx9_npcx9m7f_defconfig'
[rex:rw] Merged configuration '/mnt/host/source/src/platform/ec/zephyr/program/rex/program.conf'
[rex:rw] Merged configuration '/mnt/host/source/src/platform/ec/zephyr/program/rex/rex/project.conf'
[rex:rw] Merged configuration '/mnt/host/source/src/platform/ec/build/zephyr/rex/kconfig-rw.conf'
[rex:rw] Configuration saved to '/mnt/host/source/src/platform/ec/build/zephyr/rex/build-rw/zephyr/.config'
[rex:rw] Kconfig header saved to '/mnt/host/source/src/platform/ec/build/zephyr/rex/build-rw/zephyr/include/generated/zephyr/autoconf.h'
[rex:rw] -- Found GnuLd: /home/jpmurphy/.cache/coreboot-sdk/arm-eabi/ea40ddd1d190c3b48435c474c0b545719371813a/arm-eabi/bin/ld.bfd (found version "2.43.1")
[rex:ro] Loaded configuration '/mnt/host/source/src/platform/ec/zephyr/boards/google/npcx9/npcx9_npcx9m7f_defconfig'
[rex:ro] Merged configuration '/mnt/host/source/src/platform/ec/zephyr/program/rex/program.conf'
[rex:ro] Merged configuration '/mnt/host/source/src/platform/ec/zephyr/program/rex/rex/project.conf'
[rex:ro] Merged configuration '/mnt/host/source/src/platform/ec/build/zephyr/rex/kconfig-ro.conf'
[rex:ro] Configuration saved to '/mnt/host/source/src/platform/ec/build/zephyr/rex/build-ro/zephyr/.config'
[rex:ro] Kconfig header saved to '/mnt/host/source/src/platform/ec/build/zephyr/rex/build-ro/zephyr/include/generated/zephyr/autoconf.h'
[rex:ro] -- Found GnuLd: /home/jpmurphy/.cache/coreboot-sdk/arm-eabi/ea40ddd1d190c3b48435c474c0b545719371813a/arm-eabi/bin/ld.bfd (found version "2.43.1")
[hylia:rw] [239/366] Building C object CMakeFiles/app.dir/mnt/host/source/src/platform/ec/zephyr/subsys/pd_controller/pdc_console.c.obj
[hylia:rw] [240/366] Building C object CMakeFiles/app.dir/mnt/host/source/src/platform/ec/zephyr/subsys/ucsi/ucsi_host_cmd.c.obj
[hylia:rw] [241/366] Building C object CMakeFiles/app.dir/mnt/host/source/src/platform/ec/zephyr/subsys/pd_controller/pdc_dpm.c.obj
[hylia:rw] [242/366] Building C object CMakeFiles/app.dir/mnt/host/source/src/platform/ec/zephyr/subsys/ucsi/ppm_common.c.obj
[hylia:rw] [243/366] Building C object CMakeFiles/app.dir/mnt/host/source/src/platform/ec/build/zephyr/hylia/modules/ec/common/base32.c.obj
[hylia:rw] [244/366] Building C object CMakeFiles/app.dir/mnt/host/source/src/platform/ec/build/zephyr/hylia/modules/ec/builtin/stdlib.c.obj
[hylia:rw] [245/366] Building C object CMakeFiles/app.dir/mnt/host/source/src/platform/ec/zephyr/subsys/ucsi/ppm_console.c.obj
[hylia:rw] [246/366] Building C object CMakeFiles/app.dir/mnt/host/source/src/platform/ec/zephyr/subsys/ucsi/ppm_driver.c.obj
[rex:rw] -- The C compiler identification is GNU 14.2.0
[rex:ro] -- The C compiler identification is GNU 14.2.0
[mtlrvpp_npcx:ro] 'int-pin' is marked as deprecated in 'properties:' in /mnt/host/source/src/platform/ec/zephyr/dts/bindings/usbc/tcpc/cypress,ccgxxf.yaml for node /soc-if/io_i2c_ctrl1_port0/ccgxxf@1b.
[mtlrvpp_npcx:ro] /mnt/host/source/src/platform/ec/build/zephyr/mtlrvpp_npcx/build-ro/zephyr/zephyr.dts:3802.9-3810.5: Warning (gpios_property): /fans/fan_0: Missing property '#gpio-cells' in node /named-gpios/all-sys-pwrgd or bad phandle (referred from pgood-gpio[0])
[hylia:rw] [247/366] Building C object CMakeFiles/app.dir/mnt/host/source/src/platform/ec/build/zephyr/hylia/modules/ec/common/console_output.c.obj
[rex:rw] -- The CXX compiler identification is GNU 14.2.0
[rex:ro] -- The CXX compiler identification is GNU 14.2.0
[rex:ro] -- The ASM compiler identification is GNU
[rex:rw] -- The ASM compiler identification is GNU
[rex:ro] -- Found assembler: /home/jpmurphy/.cache/coreboot-sdk/arm-eabi/ea40ddd1d190c3b48435c474c0b545719371813a/bin/arm-eabi-gcc
[rex:rw] -- Found assembler: /home/jpmurphy/.cache/coreboot-sdk/arm-eabi/ea40ddd1d190c3b48435c474c0b545719371813a/bin/arm-eabi-gcc
[rex:ro] CMake Warning at /mnt/host/source/src/platform/ec/zephyr/cmake/linker/ld/linker_libraries.cmake:11 (message):
[rex:ro]   Disabling c_library
[rex:ro] Call Stack (most recent call first):
[rex:ro]   /mnt/host/source/src/third_party/zephyr/main/cmake/target_toolchain_flags.cmake:48 (include)
[rex:ro]   /mnt/host/source/src/third_party/zephyr/main/cmake/modules/kernel.cmake:153 (include)
[rex:ro]   /mnt/host/source/src/third_party/zephyr/main/cmake/modules/zephyr_default.cmake:138 (include)
[rex:ro]   /mnt/host/source/src/third_party/zephyr/main/share/zephyr-package/cmake/ZephyrConfig.cmake:66 (include)
[rex:ro]   /mnt/host/source/src/third_party/zephyr/main/share/zephyr-package/cmake/ZephyrConfig.cmake:97 (include_boilerplate)
[rex:ro]   CMakeLists.txt:6 (find_package)
[rex:rw] warning: Deprecated symbol I2C_ALLOW_NO_STOP_TRANSACTIONS is enabled.
[rex:rw] CMake Warning at /mnt/host/source/src/platform/ec/zephyr/cmake/linker/ld/linker_libraries.cmake:11 (message):
[hylia:rw] [248/366] Building C object CMakeFiles/app.dir/mnt/host/source/src/platform/ec/build/zephyr/hylia/modules/ec/common/ec_features.c.obj
[hylia:rw] [249/366] Building C object CMakeFiles/app.dir/mnt/host/source/src/platform/ec/build/zephyr/hylia/modules/ec/common/uart_printf.c.obj
[hylia:rw] [250/366] Building C object CMakeFiles/app.dir/mnt/host/source/src/platform/ec/build/zephyr/hylia/modules/ec/common/gpio_commands.c.obj
[hylia:rw] [251/366] Building C object CMakeFiles/app.dir/mnt/host/source/src/platform/ec/build/zephyr/hylia/modules/ec/common/peripheral.c.obj
[hylia:rw] [252/366] Building C object CMakeFiles/app.dir/mnt/host/source/src/platform/ec/build/zephyr/hylia/modules/ec/common/system_boot_time.c.obj
[hylia:rw] [253/366] Building C object CMakeFiles/app.dir/mnt/host/source/src/platform/ec/build/zephyr/hylia/modules/ec/common/util.c.obj
[hylia:rw] [254/366] Building C object CMakeFiles/app.dir/mnt/host/source/src/platform/ec/zephyr/subsys/pd_controller/pdc_power_mgmt.c.obj
[hylia:rw] [255/366] Building C object CMakeFiles/app.dir/mnt/host/source/src/platform/ec/build/zephyr/hylia/modules/ec/common/printf.c.obj
[hylia:rw] [256/366] Building C object CMakeFiles/app.dir/mnt/host/source/src/platform/ec/build/zephyr/hylia/modules/ec/common/queue.c.obj
[hylia:rw] [257/366] Building C object CMakeFiles/app.dir/mnt/host/source/src/platform/ec/build/zephyr/hylia/modules/ec/common/version.c.obj
[hylia:rw] [258/366] Building C object CMakeFiles/app.dir/mnt/host/source/src/platform/ec/build/zephyr/hylia/modules/ec/common/system.c.obj
[rex:rw] -- Performing EC specific devicetree checks
[rex:ro] -- Performing EC specific devicetree checks
[hylia:rw] [259/366] Building C object CMakeFiles/app.dir/mnt/host/source/src/platform/ec/build/zephyr/hylia/modules/ec/driver/accel_bma4xx.c.obj
[/mnt/host/source/src/platform/ec/build/zephyr/ojal-lcov]   /mnt/host/source/src/platform/ec/build/zephyr/ojal/build-rw/modules/ec/zephyr/CMakeFiles/ec_shim.dir/drivers/keyboard_input/keyboard_customization_check.c.gcno:no functions found
[/mnt/host/source/src/platform/ec/build/zephyr/ojal-lcov] stderr:
[rex:rw]   Disabling c_library
[rex:rw] Call Stack (most recent call first):
[rex:rw]   /mnt/host/source/src/third_party/zephyr/main/cmake/target_toolchain_flags.cmake:48 (include)
[rex:rw]   /mnt/host/source/src/third_party/zephyr/main/cmake/modules/kernel.cmake:153 (include)
[rex:rw]   /mnt/host/source/src/third_party/zephyr/main/cmake/modules/zephyr_default.cmake:138 (include)
[rex:rw]   /mnt/host/source/src/third_party/zephyr/main/share/zephyr-package/cmake/ZephyrConfig.cmake:66 (include)
[rex:rw]   /mnt/host/source/src/third_party/zephyr/main/share/zephyr-package/cmake/ZephyrConfig.cmake:97 (include_boilerplate)
[rex:rw]   CMakeLists.txt:6 (find_package)
[rex:rw] INFO: Verified 73 GPIOs, no duplicates found
[rex:rw] INFO: Verified 32 '*-gpios' properties, all flags match.
[rex:rw] INFO: Skipped 14 named-gpios children.
[rex:ro] INFO: Verified 73 GPIOs, no duplicates found
[rex:ro] INFO: Verified 32 '*-gpios' properties, all flags match.
[hylia:rw] [260/366] Building C object CMakeFiles/app.dir/mnt/host/source/src/platform/ec/build/zephyr/hylia/modules/ec/common/motion_sense_fifo.c.obj
[hylia:rw] [261/366] Building C object CMakeFiles/app.dir/mnt/host/source/src/platform/ec/build/zephyr/hylia/modules/ec/common/adc.c.obj
[hylia:rw] [262/366] Building C object CMakeFiles/app.dir/mnt/host/source/src/platform/ec/build/zephyr/hylia/modules/ec/common/battery_info.c.obj
[rex:rw] -- Generating component manifest file
[rex:ro] -- Generating component manifest file
[hylia:rw] [263/366] Building C object CMakeFiles/app.dir/mnt/host/source/src/platform/ec/build/zephyr/hylia/modules/ec/driver/charger/bq25710.c.obj
[hylia:rw] [264/366] Building C object CMakeFiles/app.dir/mnt/host/source/src/platform/ec/build/zephyr/hylia/modules/ec/common/battery_fuel_gauge.c.obj
[hylia:rw] [265/366] Building C object CMakeFiles/app.dir/mnt/host/source/src/platform/ec/build/zephyr/hylia/modules/ec/common/charger.c.obj
[hylia:rw] [266/366] Building C object CMakeFiles/app.dir/mnt/host/source/src/platform/ec/build/zephyr/hylia/modules/ec/common/battery.c.obj
[hylia:rw] [267/366] Building C object CMakeFiles/app.dir/mnt/host/source/src/platform/ec/build/zephyr/hylia/modules/ec/driver/battery/smart.c.obj
[hylia:rw] [268/366] Building C object CMakeFiles/app.dir/mnt/host/source/src/platform/ec/build/zephyr/hylia/modules/ec/common/cbi_common.c.obj
[rex:rw] INFO: Running CME, outputting to /mnt/host/source/src/platform/ec/build/zephyr/rex/build-rw/zephyr/component_manifest.json
[rex:rw] INFO: Project rex does not support SSFC
[rex:rw] INFO: Component virtual-mux-c0(cros-ec,usbc-mux-virtual) not on I2C bus, skip it
[rex:rw] INFO: Component virtual-mux-c1(cros-ec,usbc-mux-virtual) not on I2C bus, skip it
[rex:rw] INFO: Component virtual-mux-c1(cros-ec,usbc-mux-virtual) not on I2C bus, skip it
[rex:rw] INFO: Component tcpci-mux-c1(cros-ec,usbc-mux-tcpci) not on I2C bus, skip it
[rex:rw] INFO: Component virtual-mux-c1(cros-ec,usbc-mux-virtual) not on I2C bus, skip it
[rex:rw] INFO: Component virtual-mux-c1(cros-ec,usbc-mux-virtual) not on I2C bus, skip it
[rex:rw] INFO: Component virtual-mux-c1(cros-ec,usbc-mux-virtual) not on I2C bus, skip it
[rex:rw] INFO: Component base-als-rgb(cros-ec,tcs3400-rgb) not on I2C bus, skip it
[rex:ro] INFO: Skipped 14 named-gpios children.
[rex:ro] INFO: Running CME, outputting to /mnt/host/source/src/platform/ec/build/zephyr/rex/build-ro/zephyr/component_manifest.json
[rex:ro] INFO: Project rex does not support SSFC
[hylia:rw] [269/366] Building C object CMakeFiles/app.dir/mnt/host/source/src/platform/ec/build/zephyr/hylia/modules/ec/common/charge_state.c.obj
[hylia:rw] [270/366] Building C object CMakeFiles/app.dir/mnt/host/source/src/platform/ec/build/zephyr/hylia/modules/ec/common/charge_manager.c.obj
[rex:rw] -- warning_base_override: -Wall;-Wformat;-Wformat-security;-Wformat;-Wno-format-zero-length;-Wno-pointer-sign;-Wpointer-arith;-Wexpansion-to-defined
[rex:ro] -- warning_base_override: -Wall;-Wformat;-Wformat-security;-Wformat;-Wno-format-zero-length;-Wno-pointer-sign;-Wpointer-arith;-Wexpansion-to-defined
[hylia:rw] [271/366] Building C object CMakeFiles/app.dir/mnt/host/source/src/platform/ec/build/zephyr/hylia/modules/ec/common/cbi.c.obj
[hylia:rw] [272/366] Building C object CMakeFiles/app.dir/mnt/host/source/src/platform/ec/build/zephyr/hylia/modules/ec/common/cbi_config.c.obj
[hylia:rw] [273/366] Building C object CMakeFiles/app.dir/mnt/host/source/src/platform/ec/build/zephyr/hylia/modules/ec/common/chipset.c.obj
[hylia:rw] [274/366] Building C object CMakeFiles/app.dir/mnt/host/source/src/platform/ec/build/zephyr/hylia/modules/ec/common/memory_commands.c.obj
[rex:rw] -- Found gen_kobject_list: /mnt/host/source/src/third_party/zephyr/main/scripts/build/gen_kobject_list.py
[hylia:rw] [275/366] Building C object CMakeFiles/app.dir/mnt/host/source/src/platform/ec/build/zephyr/hylia/modules/ec/common/extpower_gpio.c.obj
[hylia:rw] [276/366] Building C object CMakeFiles/app.dir/mnt/host/source/src/platform/ec/build/zephyr/hylia/modules/ec/common/extpower_common.c.obj
[rex:rw] INFO: No motionsense-sensor-alt node found
[rex:rw] CMake Warning at /mnt/host/source/src/third_party/zephyr/main/CMakeLists.txt:2359 (message):
[rex:ro] -- Found gen_kobject_list: /mnt/host/source/src/third_party/zephyr/main/scripts/build/gen_kobject_list.py
[hylia:rw] [277/366] Building C object CMakeFiles/app.dir/mnt/host/source/src/platform/ec/build/zephyr/hylia/modules/ec/common/ap_reset_log.c.obj
[hylia:rw] [278/366] Building C object CMakeFiles/app.dir/mnt/host/source/src/platform/ec/build/zephyr/hylia/modules/ec/common/host_command.c.obj
[rex:ro] INFO: Component virtual-mux-c0(cros-ec,usbc-mux-virtual) not on I2C bus, skip it
[rex:ro] INFO: Component virtual-mux-c1(cros-ec,usbc-mux-virtual) not on I2C bus, skip it
[rex:ro] INFO: Component virtual-mux-c1(cros-ec,usbc-mux-virtual) not on I2C bus, skip it
[rex:ro] INFO: Component tcpci-mux-c1(cros-ec,usbc-mux-tcpci) not on I2C bus, skip it
[rex:ro] INFO: Component virtual-mux-c1(cros-ec,usbc-mux-virtual) not on I2C bus, skip it
[rex:ro] INFO: Component virtual-mux-c1(cros-ec,usbc-mux-virtual) not on I2C bus, skip it
[rex:ro] INFO: Component virtual-mux-c1(cros-ec,usbc-mux-virtual) not on I2C bus, skip it
[rex:ro] INFO: Component base-als-rgb(cros-ec,tcs3400-rgb) not on I2C bus, skip it
[rex:ro] INFO: No motionsense-sensor-alt node found
[rex:ro] CMake Warning at /mnt/host/source/src/third_party/zephyr/main/CMakeLists.txt:2359 (message):
[hylia:rw] [279/366] Building C object CMakeFiles/app.dir/mnt/host/source/src/platform/ec/build/zephyr/hylia/modules/ec/common/fan.c.obj
[rex:rw] -- Configuring done (16.4s)
[hylia:rw] [280/366] Building C object CMakeFiles/app.dir/mnt/host/source/src/platform/ec/build/zephyr/hylia/modules/ec/common/flash.c.obj
[rex:ro] -- Configuring done (16.2s)
[hylia:rw] [281/366] Building C object CMakeFiles/app.dir/mnt/host/source/src/platform/ec/build/zephyr/hylia/modules/ec/common/uart_hostcmd.c.obj
[mtlrvpp_npcx:ro] /mnt/host/source/src/platform/ec/build/zephyr/mtlrvpp_npcx/build-ro/zephyr/zephyr.dts:3802.9-3810.5: Warning (gpios_property): /fans/fan_0: Missing property '#gpio-cells' in node /named-gpios/therm-sen-mecc-r or bad phandle (referred from enable-gpio[0])
[mtlrvpp_npcx:ro] warning: PLATFORM_EC_HOSTCMD_AP_RESET (defined at
[mtlrvpp_npcx:ro] /mnt/host/source/src/platform/ec/zephyr/Kconfig.powerseq:60) was assigned the value 'y' but got the
[mtlrvpp_npcx:ro] value 'n'. Check these unsatisfied dependencies: PLATFORM_EC_POWERSEQ (=n). See
[mtlrvpp_npcx:ro] http://docs.zephyrproject.org/latest/kconfig.html#CONFIG_PLATFORM_EC_HOSTCMD_AP_RESET and/or look up
[mtlrvpp_npcx:ro] PLATFORM_EC_HOSTCMD_AP_RESET in the menuconfig/guiconfig interface. The Application Development
[mtlrvpp_npcx:ro] Primer, Setting Configuration Values, and Kconfig - Tips and Best Practices sections of the manual
[mtlrvpp_npcx:ro] might be helpful too.
[hylia:rw] [282/366] Building C object CMakeFiles/app.dir/mnt/host/source/src/platform/ec/build/zephyr/hylia/modules/ec/common/host_event_commands.c.obj
[hylia:rw] [283/366] Building C object CMakeFiles/app.dir/mnt/host/source/src/platform/ec/build/zephyr/hylia/modules/ec/common/uptime.c.obj
[rex:rw] -- Generating done (0.6s)
[rex:rw]   __ASSERT() statements are globally ENABLED
[rex:ro] -- Generating done (0.5s)
[rex:ro]   __ASSERT() statements are globally ENABLED
[rex:rw] CMake Warning:
[rex:ro] CMake Warning:
[rex:rw]   Manually-specified variables were not used by the project:
[rex:rw]     COREBOOT_SDK_ROOT_libstdcxx_riscv64
[rex:rw]     COREBOOT_SDK_ROOT_libstdcxx_x86
[rex:rw]     COREBOOT_SDK_ROOT_nds32
[rex:rw]     COREBOOT_SDK_ROOT_picolibc_riscv64
[rex:rw]     COREBOOT_SDK_ROOT_picolibc_x86
[rex:rw]     COREBOOT_SDK_ROOT_riscv
[rex:rw]     COREBOOT_SDK_ROOT_riscv64
[rex:ro] -- Build files have been written to: /mnt/host/source/src/platform/ec/build/zephyr/rex/build-ro
[rex:rw]     COREBOOT_SDK_ROOT_x86
[rex:rw] -- Build files have been written to: /mnt/host/source/src/platform/ec/build/zephyr/rex/build-rw
[hylia:rw] [284/366] Building C object CMakeFiles/app.dir/mnt/host/source/src/platform/ec/build/zephyr/hylia/modules/ec/common/mkbp_fifo.c.obj
[hylia:rw] [285/366] Building C object CMakeFiles/app.dir/mnt/host/source/src/platform/ec/build/zephyr/hylia/modules/ec/common/virtual_battery.c.obj
[hylia:rw] [286/366] Building C object CMakeFiles/app.dir/mnt/host/source/src/platform/ec/build/zephyr/hylia/modules/ec/common/i2c_controller.c.obj
[hylia:rw] [287/366] Building C object CMakeFiles/app.dir/mnt/host/source/src/platform/ec/build/zephyr/hylia/modules/ec/common/i2c_passthru.c.obj
[hylia:rw] [288/366] Building C object CMakeFiles/app.dir/mnt/host/source/src/platform/ec/build/zephyr/hylia/modules/ec/common/mkbp_info.c.obj
[hylia:rw] [289/366] Building C object CMakeFiles/app.dir/mnt/host/source/src/platform/ec/build/zephyr/hylia/modules/ec/common/keyboard_mkbp.c.obj
[rex:ro]   Manually-specified variables were not used by the project:
[rex:ro]     COREBOOT_SDK_ROOT_libstdcxx_riscv64
[rex:ro]     COREBOOT_SDK_ROOT_libstdcxx_x86
[rex:ro]     COREBOOT_SDK_ROOT_nds32
[rex:ro]     COREBOOT_SDK_ROOT_picolibc_riscv64
[rex:ro]     COREBOOT_SDK_ROOT_picolibc_x86
[rex:ro]     COREBOOT_SDK_ROOT_riscv
[rex:ro]     COREBOOT_SDK_ROOT_riscv64
[rex:ro]     COREBOOT_SDK_ROOT_x86
Running (initial) lcov on /mnt/host/source/src/platform/ec/build/zephyr/uldren.
[hylia:rw] [290/366] Building C object CMakeFiles/app.dir/mnt/host/source/src/platform/ec/build/zephyr/hylia/modules/ec/common/mkbp_input_devices.c.obj
[mtlrvpp_npcx:ro] Parsing /mnt/host/source/src/platform/ec/zephyr/program/intelrvp/Kconfig
[hylia:rw] [291/366] Building C object CMakeFiles/app.dir/mnt/host/source/src/platform/ec/build/zephyr/hylia/modules/ec/common/keyboard_scan.c.obj
[hylia:rw] [292/366] Building C object CMakeFiles/app.dir/mnt/host/source/src/platform/ec/build/zephyr/hylia/modules/ec/common/keyboard_backlight.c.obj
[hylia:rw] [293/366] Building C object CMakeFiles/app.dir/mnt/host/source/src/platform/ec/build/zephyr/hylia/modules/ec/common/led_common.c.obj
Running `env -i PYTHONPATH=/usr/lib64/python-exec/python3.11:/mnt/host/source/src/platform/ec/zephyr/zmake:/usr/lib/python311.zip:/usr/lib/python3.11:/usr/lib/python3.11/lib-dynload:/usr/lib/python3.11/site-packages PW_PIGWEED_CIPD_INSTALL_DIR=/usr CROSTC_USER_ACKNOWLEDGES_THAT_RISCV_IS_EXPERIMENTAL=1 PATH=/mnt/host/source/chromite/bin:/usr/local/bin:/usr/bin:/bin:/opt/bin:/mnt/host/source/chromite/sdk/bin:/mnt/host/source/chromite/bin HOME=/home/jpmurphy JAVA_HOME=/etc/java-config-2/current-system-vm JDK_HOME=/etc/java-config-2/current-system-vm JAVAC=/etc/java-config-2/current-system-vm/bin/javac MAKEFLAGS=' -j16 --jobserver-auth=5,6' /usr/bin/lcov --gcov-tool /mnt/host/source/src/platform/ec/build/zephyr/uldren/build-rw/gcov.sh -q -o - -c -d /mnt/host/source/src/platform/ec/build/zephyr/uldren -t uldren --rc branch_coverage=1 --filter range --ignore-errors inconsistent,source --ignore-errors gcov,gcov -i`
[hylia:rw] [294/366] Building C object CMakeFiles/app.dir/mnt/host/source/src/platform/ec/build/zephyr/hylia/modules/ec/common/motion_lid.c.obj
[hylia:rw] [295/366] Building C object CMakeFiles/app.dir/mnt/host/source/src/platform/ec/build/zephyr/hylia/modules/ec/common/lid_angle.c.obj
[hylia:rw] [296/366] Building C object CMakeFiles/app.dir/mnt/host/source/src/platform/ec/build/zephyr/hylia/modules/ec/common/lid_angle_keyboard_policy.c.obj
[hylia:rw] [297/366] Building C object CMakeFiles/app.dir/mnt/host/source/src/platform/ec/build/zephyr/hylia/modules/ec/common/lid_switch.c.obj
[hylia:rw] [298/366] Building C object CMakeFiles/app.dir/mnt/host/source/src/platform/ec/build/zephyr/hylia/modules/ec/common/power_button.c.obj
[hylia:rw] [299/366] Building C object CMakeFiles/app.dir/mnt/host/source/src/platform/ec/build/zephyr/hylia/modules/ec/common/mkbp_event.c.obj
[hylia:rw] [300/366] Building C object CMakeFiles/app.dir/mnt/host/source/src/platform/ec/build/zephyr/hylia/modules/ec/common/motion_sense.c.obj
[hylia:rw] [301/366] Building C object CMakeFiles/app.dir/mnt/host/source/src/platform/ec/build/zephyr/hylia/modules/ec/power/mt8186.c.obj
[hylia:rw] [302/366] Building C object CMakeFiles/app.dir/mnt/host/source/src/platform/ec/build/zephyr/hylia/modules/ec/power/host_sleep.c.obj
[hylia:rw] [303/366] Building C object CMakeFiles/app.dir/mnt/host/source/src/platform/ec/build/zephyr/hylia/modules/ec/power/common.c.obj
[hylia:rw] [304/366] Building C object CMakeFiles/app.dir/mnt/host/source/src/platform/ec/build/zephyr/hylia/modules/ec/common/switch.c.obj
[mtlrvpp_npcx:ro] Loaded configuration '/mnt/host/source/src/platform/ec/zephyr/boards/google/npcx9/npcx9_npcx9m3f_defconfig'
[mtlrvpp_npcx:ro] Merged configuration '/mnt/host/source/src/platform/ec/zephyr/program/intelrvp/program.conf'
[mtlrvpp_npcx:ro] Merged configuration '/mnt/host/source/src/platform/ec/zephyr/program/intelrvp/mtlrvp/prj.conf'
[mtlrvpp_npcx:ro] Merged configuration '/mnt/host/source/src/platform/ec/zephyr/program/intelrvp/zephyr_ap_pwrseq.conf'
[mtlrvpp_npcx:ro] Merged configuration '/mnt/host/source/src/platform/ec/zephyr/program/intelrvp/mtlrvp/mtlrvpp_npcx/prj.conf'
[mtlrvpp_npcx:ro] Merged configuration '/mnt/host/source/src/platform/ec/zephyr/program/intelrvp/mtlrvp/mtlrvpp_npcx/board_npcx.conf'
[mtlrvpp_npcx:ro] Merged configuration '/mnt/host/source/src/platform/ec/zephyr/program/intelrvp/mtlrvp/tcpc.conf'
[mtlrvpp_npcx:ro] Merged configuration '/mnt/host/source/src/platform/ec/build/zephyr/mtlrvpp_npcx/kconfig-ro.conf'
[mtlrvpp_npcx:ro] Configuration saved to '/mnt/host/source/src/platform/ec/build/zephyr/mtlrvpp_npcx/build-ro/zephyr/.config'
[mtlrvpp_npcx:ro] Kconfig header saved to '/mnt/host/source/src/platform/ec/build/zephyr/mtlrvpp_npcx/build-ro/zephyr/include/generated/zephyr/autoconf.h'
[mtlrvpp_npcx:ro] -- Found GnuLd: /home/jpmurphy/.cache/coreboot-sdk/arm-eabi/ea40ddd1d190c3b48435c474c0b545719371813a/arm-eabi/bin/ld.bfd (found version "2.43.1")
[hylia:rw] [305/366] Building C object CMakeFiles/app.dir/mnt/host/source/src/platform/ec/build/zephyr/hylia/modules/ec/common/panic_output.c.obj
[hylia:rw] [306/366] Building C object CMakeFiles/app.dir/mnt/host/source/src/platform/ec/build/zephyr/hylia/modules/ec/common/shared_mem.c.obj
[/mnt/host/source/src/platform/ec/build/zephyr/uldren-lcov] geninfo: WARNING: using JSON module "JSON::PP" - which is much slower than some alternatives.  Consider installing one of JSON::XS or Cpanel::JSON::XS
[hylia:rw] [307/366] Building C object CMakeFiles/app.dir/mnt/host/source/src/platform/ec/build/zephyr/hylia/modules/ec/common/thermal.c.obj
[mtlrvpp_npcx:ro] -- The C compiler identification is GNU 14.2.0
[hylia:rw] [308/366] Building C object CMakeFiles/app.dir/mnt/host/source/src/platform/ec/build/zephyr/hylia/modules/ec/common/tablet_mode.c.obj
[hylia:rw] [309/366] Building C object CMakeFiles/app.dir/mnt/host/source/src/platform/ec/build/zephyr/hylia/modules/ec/common/temp_sensor.c.obj
[mtlrvpp_npcx:ro] -- The CXX compiler identification is GNU 14.2.0
[hylia:rw] [310/366] Building C object CMakeFiles/app.dir/mnt/host/source/src/platform/ec/build/zephyr/hylia/modules/ec/driver/temp_sensor/thermistor.c.obj
[hylia:rw] [311/366] Building C object CMakeFiles/app.dir/mnt/host/source/src/platform/ec/build/zephyr/hylia/modules/ec/common/timer.c.obj
[mtlrvpp_npcx:ro] -- The ASM compiler identification is GNU
[mtlrvpp_npcx:ro] warning: Deprecated symbol I2C_ALLOW_NO_STOP_TRANSACTIONS is enabled.
[mtlrvpp_npcx:ro] CMake Warning at /mnt/host/source/src/platform/ec/zephyr/cmake/linker/ld/linker_libraries.cmake:11 (message):
[mtlrvpp_npcx:ro]   Disabling c_library
[mtlrvpp_npcx:ro] Call Stack (most recent call first):
[mtlrvpp_npcx:ro]   /mnt/host/source/src/third_party/zephyr/main/cmake/target_toolchain_flags.cmake:48 (include)
[mtlrvpp_npcx:ro]   /mnt/host/source/src/third_party/zephyr/main/cmake/modules/kernel.cmake:153 (include)
[mtlrvpp_npcx:ro]   /mnt/host/source/src/third_party/zephyr/main/cmake/modules/zephyr_default.cmake:138 (include)
[mtlrvpp_npcx:ro]   /mnt/host/source/src/third_party/zephyr/main/share/zephyr-package/cmake/ZephyrConfig.cmake:66 (include)
[mtlrvpp_npcx:ro]   /mnt/host/source/src/third_party/zephyr/main/share/zephyr-package/cmake/ZephyrConfig.cmake:97 (include_boilerplate)
[mtlrvpp_npcx:ro]   CMakeLists.txt:7 (find_package)
[hylia:rw] [312/366] Building C object CMakeFiles/app.dir/mnt/host/source/src/platform/ec/build/zephyr/hylia/modules/ec/common/chargen.c.obj
[hylia:rw] [313/366] Building C object CMakeFiles/app.dir/mnt/host/source/src/platform/ec/build/zephyr/hylia/modules/ec/common/usbc_utils.c.obj
[hylia:rw] [314/366] Building C object CMakeFiles/app.dir/mnt/host/source/src/platform/ec/build/zephyr/hylia/modules/ec/common/usb_port_power_dumb.c.obj
[hylia:rw] [315/366] Building C object CMakeFiles/app.dir/mnt/host/source/src/platform/ec/build/zephyr/hylia/modules/ec/driver/usb_mux/virtual.c.obj
[hylia:rw] [316/366] Building C object CMakeFiles/app.dir/mnt/host/source/src/platform/ec/build/zephyr/hylia/modules/ec/common/usb_common.c.obj
[hylia:rw] [317/366] Building C object CMakeFiles/app.dir/mnt/host/source/src/platform/ec/build/zephyr/hylia/modules/ec/driver/usb_mux/usb_mux.c.obj
[hylia:rw] [318/366] Building C object CMakeFiles/app.dir/mnt/host/source/src/platform/ec/build/zephyr/hylia/modules/ec/common/vboot_hash.c.obj
[hylia:rw] [319/366] Building C object CMakeFiles/app.dir/mnt/host/source/src/platform/ec/build/zephyr/hylia/modules/ec/common/usb_pd_host_cmd_common.c.obj
[hylia:rw] [320/366] Building C object CMakeFiles/app.dir/mnt/host/source/src/platform/ec/build/zephyr/hylia/modules/ec/common/button.c.obj
[hylia:rw] [321/366] Building C object CMakeFiles/app.dir/mnt/host/source/src/platform/ec/build/zephyr/hylia/modules/ec/common/vboot/efs2.c.obj
[hylia:rw] [322/366] Building C object CMakeFiles/app.dir/mnt/host/source/src/platform/ec/build/zephyr/hylia/modules/ec/common/vstore.c.obj
[hylia:rw] [323/366] Building C object CMakeFiles/app.dir/mnt/host/source/src/platform/ec/build/zephyr/hylia/modules/ec/common/math_util.c.obj
[hylia:rw] [324/366] Building C object CMakeFiles/app.dir/mnt/host/source/src/platform/ec/build/zephyr/hylia/modules/ec/zephyr/program/rauru/src/common.c.obj
[hylia:rw] [325/366] Linking C static library modules/ec/zephyr/libec_shim.a
[mtlrvpp_npcx:ro] -- Found assembler: /home/jpmurphy/.cache/coreboot-sdk/arm-eabi/ea40ddd1d190c3b48435c474c0b545719371813a/bin/arm-eabi-gcc
[mtlrvpp_npcx:ro] -- Performing EC specific devicetree checks
[hylia:rw] [326/366] Building C object CMakeFiles/app.dir/mnt/host/source/src/platform/ec/build/zephyr/hylia/modules/ec/zephyr/program/rauru/src/i2c.c.obj
[hylia:rw] [327/366] Building C object CMakeFiles/app.dir/mnt/host/source/src/platform/ec/build/zephyr/hylia/modules/ec/zephyr/program/rauru/src/hibernate.c.obj
[mtlrvpp_npcx:ro] INFO: Verified 94 GPIOs, no duplicates found
[mtlrvpp_npcx:ro] INFO: Verified 13 '*-gpios' properties, all flags match.
[mtlrvpp_npcx:ro] INFO: Skipped 23 named-gpios children.
[hylia:rw] [328/366] Building C object CMakeFiles/app.dir/hylia/src/kb_backlight.c.obj
[hylia:rw] [329/366] Building C object CMakeFiles/app.dir/mnt/host/source/src/platform/ec/build/zephyr/hylia/modules/ec/zephyr/program/rauru/src/sub_board.c.obj
[hylia:rw] [330/366] Building C object CMakeFiles/app.dir/mnt/host/source/src/platform/ec/build/zephyr/hylia/modules/ec/zephyr/program/rauru/src/hooks.c.obj
[hylia:rw] [331/366] Building C object CMakeFiles/app.dir/hylia/src/board.c.obj
[mtlrvpp_npcx:ro] -- Generating component manifest file
[hylia:rw] [332/366] Building C object CMakeFiles/app.dir/hylia/src/dp_alt_mode.c.obj
[hylia:rw] [333/366] Building C object zephyr/kernel/CMakeFiles/kernel.dir/errno.c.obj
[hylia:rw] [334/366] Building C object zephyr/kernel/CMakeFiles/kernel.dir/version.c.obj
[hylia:rw] [335/366] Building C object zephyr/kernel/CMakeFiles/kernel.dir/device.c.obj
[hylia:rw] [336/366] Building C object CMakeFiles/app.dir/hylia/src/fan.c.obj
[hylia:rw] [337/366] Building C object CMakeFiles/app.dir/hylia/src/backlight.c.obj
[hylia:rw] [338/366] Building C object CMakeFiles/app.dir/hylia/src/thermal.c.obj
[/mnt/host/source/src/platform/ec/build/zephyr/uldren-lcov] stderr:
[hylia:rw] [339/366] Building C object zephyr/kernel/CMakeFiles/kernel.dir/fatal.c.obj
[mtlrvpp_npcx:ro] INFO: Running CME, outputting to /mnt/host/source/src/platform/ec/build/zephyr/mtlrvpp_npcx/build-ro/zephyr/component_manifest.json
[mtlrvpp_npcx:ro] INFO: Project mtlrvpp_npcx does not support SSFC
[mtlrvpp_npcx:ro] INFO: Component virtual-mux-c0(cros-ec,usbc-mux-virtual) not on I2C bus, skip it
[mtlrvpp_npcx:ro] INFO: Component virtual-mux-c0(cros-ec,usbc-mux-virtual) not on I2C bus, skip it
[mtlrvpp_npcx:ro] INFO: Component virtual-mux-c1(cros-ec,usbc-mux-virtual) not on I2C bus, skip it
[mtlrvpp_npcx:ro] INFO: Component virtual-mux-c1(cros-ec,usbc-mux-virtual) not on I2C bus, skip it
[mtlrvpp_npcx:ro] INFO: Component virtual-mux-c2(cros-ec,usbc-mux-virtual) not on I2C bus, skip it
[mtlrvpp_npcx:ro] INFO: Component virtual-mux-c2(cros-ec,usbc-mux-virtual) not on I2C bus, skip it
[mtlrvpp_npcx:ro] INFO: Component virtual-mux-c3(cros-ec,usbc-mux-virtual) not on I2C bus, skip it
[mtlrvpp_npcx:ro] INFO: Component virtual-mux-c3(cros-ec,usbc-mux-virtual) not on I2C bus, skip it
[mtlrvpp_npcx:ro] INFO: No motionsense-sensor node found
[/mnt/host/source/src/platform/ec/build/zephyr/uldren-lcov]   /mnt/host/source/src/platform/ec/build/zephyr/uldren/build-ro/modules/ec/zephyr/CMakeFiles/ec_shim.dir/shim/src/thermal.c.gcno:no functions found
[/mnt/host/source/src/platform/ec/build/zephyr/uldren-lcov] stderr:
[hylia:rw] [340/366] Linking C static library app/libapp.a
[hylia:rw] [341/366] Building C object zephyr/kernel/CMakeFiles/kernel.dir/init.c.obj
[hylia:rw] [342/366] Building C object zephyr/kernel/CMakeFiles/kernel.dir/kheap.c.obj
[hylia:rw] [343/366] Building C object zephyr/kernel/CMakeFiles/kernel.dir/float.c.obj
[mtlrvpp_npcx:ro] -- warning_base_override: -Wall;-Wformat;-Wformat-security;-Wformat;-Wno-format-zero-length;-Wno-pointer-sign;-Wpointer-arith;-Wexpansion-to-defined
[hylia:rw] [344/366] Building C object zephyr/kernel/CMakeFiles/kernel.dir/mem_slab.c.obj
[/mnt/host/source/src/platform/ec/build/zephyr/uldren-lcov]   /mnt/host/source/src/platform/ec/build/zephyr/uldren/build-ro/modules/ec/zephyr/CMakeFiles/ec_shim.dir/shim/src/battery.c.gcno:no functions found
[/mnt/host/source/src/platform/ec/build/zephyr/uldren-lcov] stderr:
[/mnt/host/source/src/platform/ec/build/zephyr/uldren-lcov]   /mnt/host/source/src/platform/ec/build/zephyr/uldren/build-ro/modules/ec/zephyr/CMakeFiles/ec_shim.dir/shim/src/charger.c.gcno:no functions found
[/mnt/host/source/src/platform/ec/build/zephyr/uldren-lcov] stderr:
[hylia:rw] [345/366] Building C object zephyr/kernel/CMakeFiles/kernel.dir/idle.c.obj
[hylia:rw] [346/366] Building C object zephyr/kernel/CMakeFiles/kernel.dir/msg_q.c.obj
[hylia:rw] [347/366] Building C object zephyr/kernel/CMakeFiles/kernel.dir/stack.c.obj
[mtlrvpp_npcx:ro] -- Found gen_kobject_list: /mnt/host/source/src/third_party/zephyr/main/scripts/build/gen_kobject_list.py
[hylia:rw] [348/366] Building C object zephyr/kernel/CMakeFiles/kernel.dir/mailbox.c.obj
[hylia:rw] [349/366] Building C object zephyr/kernel/CMakeFiles/kernel.dir/queue.c.obj
[hylia:rw] [350/366] Building C object zephyr/kernel/CMakeFiles/kernel.dir/sem.c.obj
[hylia:rw] [351/366] Building C object zephyr/kernel/CMakeFiles/kernel.dir/system_work_q.c.obj
[mtlrvpp_npcx:ro] CMake Warning at /mnt/host/source/src/third_party/zephyr/main/CMakeLists.txt:2359 (message):
[mtlrvpp_npcx:ro]   __ASSERT() statements are globally ENABLED
[hylia:rw] [352/366] Building C object zephyr/kernel/CMakeFiles/kernel.dir/mutex.c.obj
[mtlrvpp_npcx:ro] -- Configuring done (15.9s)
[hylia:rw] [353/366] Building C object zephyr/kernel/CMakeFiles/kernel.dir/condvar.c.obj
[hylia:rw] [354/366] Building C object zephyr/kernel/CMakeFiles/kernel.dir/thread.c.obj
[mtlrvpp_npcx:rw] Configuring.
Running `env -i PYTHONPATH=/usr/lib64/python-exec/python3.11:/mnt/host/source/src/platform/ec/zephyr/zmake:/usr/lib/python311.zip:/usr/lib/python3.11:/usr/lib/python3.11/lib-dynload:/usr/lib/python3.11/site-packages PW_PIGWEED_CIPD_INSTALL_DIR=/usr CROSTC_USER_ACKNOWLEDGES_THAT_RISCV_IS_EXPERIMENTAL=1 PATH=/mnt/host/source/chromite/bin:/usr/local/bin:/usr/bin:/bin:/opt/bin:/mnt/host/source/chromite/sdk/bin:/mnt/host/source/chromite/bin HOME=/home/jpmurphy JAVA_HOME=/etc/java-config-2/current-system-vm JDK_HOME=/etc/java-config-2/current-system-vm JAVAC=/etc/java-config-2/current-system-vm/bin/javac MAKEFLAGS=' -j16 --jobserver-auth=5,6' /usr/bin/cmake -S /mnt/host/source/src/platform/ec/zephyr/program/intelrvp -B /mnt/host/source/src/platform/ec/build/zephyr/mtlrvpp_npcx/build-rw -GNinja -DCMAKE_EXPORT_COMPILE_COMMANDS=ON -DZEPHYR_BASE=/mnt/host/source/src/third_party/zephyr/main -DZMAKE_INCLUDE_DIR=/mnt/host/source/src/platform/ec/build/zephyr/mtlrvpp_npcx/include -DPython3_EXECUTABLE=/usr/bin/python3.11 -DDTS_ROOT=/mnt/host/source/src/platform/ec/zephyr -DSYSCALL_INCLUDE_DIRS=/mnt/host/source/src/platform/ec/zephyr/include/drivers -DUSER_CACHE_DIR=/mnt/host/source/src/platform/ec/build/zephyr/user-cache '-DEXTRA_EC_VERSION_FLAGS=--version 16543.0.0 --static' -DTOOLCHAIN_ROOT=/mnt/host/source/src/platform/ec/zephyr -DCOREBOOT_SDK_ROOT_x86=/home/jpmurphy/.cache/coreboot-sdk/i386-elf/dfbb0486385d938cfa9d73080b9d18d598ed4f49 -DCOREBOOT_SDK_ROOT_picolibc_x86=/home/jpmurphy/.cache/coreboot-sdk/picolibc-i386-elf/eb8e8e687b95461de8cbf278f1c2076952d0ad17 -DCOREBOOT_SDK_ROOT_riscv64=/home/jpmurphy/.cache/coreboot-sdk/riscv64-elf/96b949749225b6aaa92ed810ab769e8dfb12f000 -DCOREBOOT_SDK_ROOT_picolibc_arm=/home/jpmurphy/.cache/coreboot-sdk/picolibc-arm-eabi/422a2aa3e1ef891b5bece9a3deb696ff83840d2e -DCOREBOOT_SDK_ROOT_nds32=/home/jpmurphy/.cache/coreboot-sdk/nds32le-elf/d1a518c4a097666d86058e1444f85ca015d15511 -DCOREBOOT_SDK_ROOT_picolibc_riscv64=/home/jpmurphy/.cache/coreboot-sdk/picolibc-riscv64-elf/f571e990ef0278564b31124f8bb109d9a697eb69 -DCOREBOOT_SDK_ROOT_arm=/home/jpmurphy/.cache/coreboot-sdk/arm-eabi/ea40ddd1d190c3b48435c474c0b545719371813a -DCOREBOOT_SDK_ROOT_libstdcxx_riscv64=/home/jpmurphy/.cache/coreboot-sdk/libstdcxx-riscv64-elf/17abf22a3a252e2d5d2062ced5324f7a623689e0 -DCOREBOOT_SDK_ROOT_libstdcxx_arm=/home/jpmurphy/.cache/coreboot-sdk/libstdcxx-arm-eabi/5d7d82e150e44aa1968f1d366e267e6687b328ac -DCOREBOOT_SDK_ROOT_riscv=/home/jpmurphy/.cache/coreboot-sdk/riscv-elf/9a27b9e82341c6e9126624f516ab3f261abb3e73 -DCOREBOOT_SDK_ROOT_libstdcxx_x86=/home/jpmurphy/.cache/coreboot-sdk/libstdcxx-i386-elf/42ef9d2e87a76a37963175d7d428734e65648b87 -DZEPHYR_TOOLCHAIN_VARIANT=coreboot-sdk '-DZEPHYR_MODULES=/mnt/host/source/src/platform/ec/build/zephyr/mtlrvpp_npcx/modules/cmsis;/mnt/host/source/src/platform/ec/build/zephyr/mtlrvpp_npcx/modules/cmsis_6;/mnt/host/source/src/platform/ec/build/zephyr/mtlrvpp_npcx/modules/ec' '-DDTC_OVERLAY_FILE=/mnt/host/source/src/platform/ec/zephyr/program/intelrvp/adlrvp/battery.dts;/mnt/host/source/src/platform/ec/zephyr/program/intelrvp/mtlrvp/mtlrvpp_npcx/fan.dts;/mnt/host/source/src/platform/ec/zephyr/program/intelrvp/mtlrvp/mtlrvpp_npcx/gpio.dts;/mnt/host/source/src/platform/ec/zephyr/program/intelrvp/mtlrvp/mtlrvpp_npcx/tcpc_gpio.dts;/mnt/host/source/src/platform/ec/zephyr/program/intelrvp/mtlrvp/mtlrvpp_npcx/keyboard.dts;/mnt/host/source/src/platform/ec/zephyr/program/intelrvp/mtlrvp/mtlrvpp_npcx/interrupts.dts;/mnt/host/source/src/platform/ec/zephyr/program/intelrvp/mtlrvp/mtlrvpp_npcx/tcpc_interrupts.dts;/mnt/host/source/src/platform/ec/zephyr/program/intelrvp/mtlrvp/ioex.dts;/mnt/host/source/src/platform/ec/zephyr/program/intelrvp/mtlrvp/tcpc_ioex.dts;/mnt/host/source/src/platform/ec/zephyr/program/intelrvp/mtlrvp/mtlrvpp_npcx/mtlrvp_npcx.dts;/mnt/host/source/src/platform/ec/zephyr/program/intelrvp/mtlrvp/mtlrvpp_npcx/tcpc_i2c.dts;/mnt/host/source/src/platform/ec/zephyr/program/intelrvp/mtlrvp/mtlrvpp_npcx/mtlrvp_npcx_power_signals.dts;/mnt/host/source/src/platform/ec/zephyr/program/intelrvp/adlrvp/adlrvp_npcx/temp_sensor.dts;/mnt/host/source/src/platform/ec/zephyr/program/intelrvp/mtlrvp/usbc.dts' -DBOARD=npcx9/npcx9m3f -DCMAKE_C_FLAGS=-DSECTION_IS_RW '-DCONF_FILE=/mnt/host/source/src/platform/ec/zephyr/program/intelrvp/program.conf;/mnt/host/source/src/platform/ec/zephyr/program/intelrvp/mtlrvp/prj.conf;/mnt/host/source/src/platform/ec/zephyr/program/intelrvp/zephyr_ap_pwrseq.conf;/mnt/host/source/src/platform/ec/zephyr/program/intelrvp/mtlrvp/mtlrvpp_npcx/prj.conf;/mnt/host/source/src/platform/ec/zephyr/program/intelrvp/mtlrvp/mtlrvpp_npcx/board_npcx.conf;/mnt/host/source/src/platform/ec/zephyr/program/intelrvp/mtlrvp/tcpc.conf;/mnt/host/source/src/platform/ec/build/zephyr/mtlrvpp_npcx/kconfig-rw.conf'`
[mtlrvpp_npcx:rw] Loading Zephyr default modules (Zephyr base (cached)).
[mtlrvpp_npcx:rw] -- Application: /mnt/host/source/src/platform/ec/zephyr/program/intelrvp
[mtlrvpp_npcx:rw] -- CMake version: 3.31.7
[riven:rw] Building: /usr/bin/ninja -C /mnt/host/source/src/platform/ec/build/zephyr/riven/build-rw all.libraries
[hylia:rw] [355/366] Building C object zephyr/kernel/CMakeFiles/kernel.dir/work.c.obj
Running `env -i SHELL=/bin/bash COLORTERM=truecolor DEPOT_TOOLS_UPDATE=0 LESS='-R -M --shift 5' SUDO_GID=0 JDK_HOME=/etc/java-config-2/current-system-vm CONFIG_PROTECT_MASK='/etc/gentoo-release /etc/sandbox.d /etc/fonts/fonts.conf /etc/terminfo /etc/ca-certificates.conf /etc/revdep-rebuild' CHROMEOS_CACHEDIR=/var/cache/chromeos-cache JAVA_HOME=/etc/java-config-2/current-system-vm SSH_AUTH_SOCK=/tmp/ssh-auth-sock SUDO_COMMAND=/bin/bash SUDO_USER=root SUDO_TTY=/dev/pts/2 EDITOR=/usr/bin/vi PWD=/mnt/host/source/src/platform/ec CONFIG_PROTECT=/usr/share/gnupg/qualified.txt LOGNAME=jpmurphy MANPATH=/etc/java-config-2/current-system-vm/man:/usr/local/share/man:/usr/share/man:/usr/share/gcc-data/x86_64-pc-linux-gnu/10.2.0/man:/usr/share/binutils-data/x86_64-pc-linux-gnu/2.45/man:/etc/java-config-2/current-system-vm/man/ SUDO_HOME=/root XAUTHORITY=/run/user/944457/gdm/Xauthority HOME=/home/jpmurphy LANG=C.UTF-8 LS_COLORS='rs=0:di=01;34:ln=01;36:mh=00:pi=40;33:so=01;35:do=01;35:bd=40;33;01:cd=40;33;01:or=01;05;37;41:mi=01;05;37;41:su=37;41:sg=30;43:ca=30;41:tw=30;42:ow=34;42:st=37;44:ex=01;32:*.tar=01;31:*.tgz=01;31:*.arc=01;31:*.arj=01;31:*.taz=01;31:*.lha=01;31:*.lz4=01;31:*.lzh=01;31:*.lzma=01;31:*.tlz=01;31:*.txz=01;31:*.tzo=01;31:*.t7z=01;31:*.zip=01;31:*.z=01;31:*.dz=01;31:*.gz=01;31:*.lrz=01;31:*.lz=01;31:*.lzo=01;31:*.xz=01;31:*.zst=01;31:*.tzst=01;31:*.bz2=01;31:*.bz=01;31:*.tbz=01;31:*.tbz2=01;31:*.tz=01;31:*.deb=01;31:*.rpm=01;31:*.jar=01;31:*.war=01;31:*.ear=01;31:*.sar=01;31:*.rar=01;31:*.alz=01;31:*.ace=01;31:*.zoo=01;31:*.cpio=01;31:*.7z=01;31:*.rz=01;31:*.cab=01;31:*.wim=01;31:*.swm=01;31:*.dwm=01;31:*.esd=01;31:*.jpg=01;35:*.jpeg=01;35:*.mjpg=01;35:*.mjpeg=01;35:*.gif=01;35:*.bmp=01;35:*.pbm=01;35:*.pgm=01;35:*.ppm=01;35:*.tga=01;35:*.xbm=01;35:*.xpm=01;35:*.tif=01;35:*.tiff=01;35:*.png=01;35:*.svg=01;35:*.svgz=01;35:*.mng=01;35:*.pcx=01;35:*.mov=01;35:*.mpg=01;35:*.mpeg=01;35:*.m2v=01;35:*.mkv=01;35:*.webm=01;35:*.webp=01;35:*.ogm=01;35:*.mp4=01;35:*.m4v=01;35:*.mp4v=01;35:*.vob=01;35:*.qt=01;35:*.nuv=01;35:*.wmv=01;35:*.asf=01;35:*.rm=01;35:*.rmvb=01;35:*.flc=01;35:*.avi=01;35:*.fli=01;35:*.flv=01;35:*.gl=01;35:*.dl=01;35:*.xcf=01;35:*.xwd=01;35:*.yuv=01;35:*.cgm=01;35:*.emf=01;35:*.ogv=01;35:*.ogx=01;35:*.cfg=00;32:*.conf=00;32:*.diff=00;32:*.doc=00;32:*.ini=00;32:*.log=00;32:*.patch=00;32:*.pdf=00;32:*.ps=00;32:*.tex=00;32:*.txt=00;32:*.aac=00;36:*.au=00;36:*.flac=00;36:*.m4a=00;36:*.mid=00;36:*.midi=00;36:*.mka=00;36:*.mp3=00;36:*.mpc=00;36:*.ogg=00;36:*.ra=00;36:*.wav=00;36:*.oga=00;36:*.opus=00;36:*.spx=00;36:*.xspf=00;36:' XDG_CURRENT_DESKTOP=GNOME INFOPATH=/usr/share/info:/usr/share/gcc-data/x86_64-pc-linux-gnu/10.2.0/info:/usr/share/binutils-data/x86_64-pc-linux-gnu/2.45/info:/usr/share/automake-1.16.5/info JAVAC=/etc/java-config-2/current-system-vm/bin/javac TERM=xterm-256color LESSOPEN='|lesspipe %s' USER=jpmurphy CROS_WORKON_SRCROOT=/mnt/host/source MANPAGER=manpager DISPLAY=:1 SHLVL=1 LC_MESSAGES=C EXTERNAL_TRUNK_PATH=/mnt/8f9d649a-3721-44cc-93c0-e6bd21a9689f/chromiumos GCC_SPECS='' PATH=/mnt/host/source/chromite/bin:/usr/local/bin:/usr/bin:/bin:/opt/bin:/mnt/host/source/chromite/sdk/bin:/mnt/host/source/chromite/bin PORTAGE_USERNAME=jpmurphy SUDO_UID=0 GCC_VER=10.2.0 MAIL=/var/mail/jpmurphy OLDPWD=/mnt/host/source/src/scripts traceparent=00-e87aca51550a78635907baa6a2476181-6d684811675d2973-01 _=./zephyr/firmware_builder.py COREBOOT_SDK_ROOT_x86=/home/jpmurphy/.cache/coreboot-sdk/i386-elf/dfbb0486385d938cfa9d73080b9d18d598ed4f49 COREBOOT_SDK_ROOT_picolibc_x86=/home/jpmurphy/.cache/coreboot-sdk/picolibc-i386-elf/eb8e8e687b95461de8cbf278f1c2076952d0ad17 COREBOOT_SDK_ROOT_riscv64=/home/jpmurphy/.cache/coreboot-sdk/riscv64-elf/96b949749225b6aaa92ed810ab769e8dfb12f000 COREBOOT_SDK_ROOT_picolibc_arm=/home/jpmurphy/.cache/coreboot-sdk/picolibc-arm-eabi/422a2aa3e1ef891b5bece9a3deb696ff83840d2e COREBOOT_SDK_ROOT_nds32=/home/jpmurphy/.cache/coreboot-sdk/nds32le-elf/d1a518c4a097666d86058e1444f85ca015d15511 COREBOOT_SDK_ROOT_picolibc_riscv64=/home/jpmurphy/.cache/coreboot-sdk/picolibc-riscv64-elf/f571e990ef0278564b31124f8bb109d9a697eb69 COREBOOT_SDK_ROOT_arm=/home/jpmurphy/.cache/coreboot-sdk/arm-eabi/ea40ddd1d190c3b48435c474c0b545719371813a COREBOOT_SDK_ROOT_libstdcxx_riscv64=/home/jpmurphy/.cache/coreboot-sdk/libstdcxx-riscv64-elf/17abf22a3a252e2d5d2062ced5324f7a623689e0 COREBOOT_SDK_ROOT_libstdcxx_arm=/home/jpmurphy/.cache/coreboot-sdk/libstdcxx-arm-eabi/5d7d82e150e44aa1968f1d366e267e6687b328ac COREBOOT_SDK_ROOT_riscv=/home/jpmurphy/.cache/coreboot-sdk/riscv-elf/9a27b9e82341c6e9126624f516ab3f261abb3e73 COREBOOT_SDK_ROOT_libstdcxx_x86=/home/jpmurphy/.cache/coreboot-sdk/libstdcxx-i386-elf/42ef9d2e87a76a37963175d7d428734e65648b87 PYTHONPATH=/mnt/host/source/src/platform/ec/zephyr/zmake PW_PIGWEED_CIPD_INSTALL_DIR=/usr CROSTC_USER_ACKNOWLEDGES_THAT_RISCV_IS_EXPERIMENTAL=1 MAKEFLAGS=' -j16 --jobserver-auth=5,6' /usr/bin/ninja -C /mnt/host/source/src/platform/ec/build/zephyr/riven/build-rw all.libraries`
[riven:rw] ninja: Entering directory `/mnt/host/source/src/platform/ec/build/zephyr/riven/build-rw'
[/mnt/host/source/src/platform/ec/build/zephyr/uldren-lcov]   /mnt/host/source/src/platform/ec/build/zephyr/uldren/build-ro/modules/ec/zephyr/CMakeFiles/ec_shim.dir/shim/src/usb_muxes.c.gcno:no functions found
[/mnt/host/source/src/platform/ec/build/zephyr/uldren-lcov] stderr:
[hylia:rw] [356/366] Building C object zephyr/kernel/CMakeFiles/kernel.dir/pipe.c.obj
[riven:rw] [1/407] Preparing syscall dependency handling
[/mnt/host/source/src/platform/ec/build/zephyr/ojal-lcov]   /mnt/host/source/src/platform/ec/build/zephyr/ojal/build-rw/CMakeFiles/app.dir/mnt/host/source/src/platform/ec/build/zephyr/ojal/modules/ec/common/cbi_config.c.gcno:no functions found
[/mnt/host/source/src/platform/ec/build/zephyr/ojal-lcov] stderr:
[riven:rw] [2/407] Generating misc/generated/syscalls_subdirs.trigger
[hylia:rw] [357/366] Building C object zephyr/kernel/CMakeFiles/kernel.dir/thread_monitor.c.obj
[rex:rw] Building: /usr/bin/ninja -C /mnt/host/source/src/platform/ec/build/zephyr/rex/build-rw all.libraries
Running `env -i SHELL=/bin/bash COLORTERM=truecolor DEPOT_TOOLS_UPDATE=0 LESS='-R -M --shift 5' SUDO_GID=0 JDK_HOME=/etc/java-config-2/current-system-vm CONFIG_PROTECT_MASK='/etc/gentoo-release /etc/sandbox.d /etc/fonts/fonts.conf /etc/terminfo /etc/ca-certificates.conf /etc/revdep-rebuild' CHROMEOS_CACHEDIR=/var/cache/chromeos-cache JAVA_HOME=/etc/java-config-2/current-system-vm SSH_AUTH_SOCK=/tmp/ssh-auth-sock SUDO_COMMAND=/bin/bash SUDO_USER=root SUDO_TTY=/dev/pts/2 EDITOR=/usr/bin/vi PWD=/mnt/host/source/src/platform/ec CONFIG_PROTECT=/usr/share/gnupg/qualified.txt LOGNAME=jpmurphy MANPATH=/etc/java-config-2/current-system-vm/man:/usr/local/share/man:/usr/share/man:/usr/share/gcc-data/x86_64-pc-linux-gnu/10.2.0/man:/usr/share/binutils-data/x86_64-pc-linux-gnu/2.45/man:/etc/java-config-2/current-system-vm/man/ SUDO_HOME=/root XAUTHORITY=/run/user/944457/gdm/Xauthority HOME=/home/jpmurphy LANG=C.UTF-8 LS_COLORS='rs=0:di=01;34:ln=01;36:mh=00:pi=40;33:so=01;35:do=01;35:bd=40;33;01:cd=40;33;01:or=01;05;37;41:mi=01;05;37;41:su=37;41:sg=30;43:ca=30;41:tw=30;42:ow=34;42:st=37;44:ex=01;32:*.tar=01;31:*.tgz=01;31:*.arc=01;31:*.arj=01;31:*.taz=01;31:*.lha=01;31:*.lz4=01;31:*.lzh=01;31:*.lzma=01;31:*.tlz=01;31:*.txz=01;31:*.tzo=01;31:*.t7z=01;31:*.zip=01;31:*.z=01;31:*.dz=01;31:*.gz=01;31:*.lrz=01;31:*.lz=01;31:*.lzo=01;31:*.xz=01;31:*.zst=01;31:*.tzst=01;31:*.bz2=01;31:*.bz=01;31:*.tbz=01;31:*.tbz2=01;31:*.tz=01;31:*.deb=01;31:*.rpm=01;31:*.jar=01;31:*.war=01;31:*.ear=01;31:*.sar=01;31:*.rar=01;31:*.alz=01;31:*.ace=01;31:*.zoo=01;31:*.cpio=01;31:*.7z=01;31:*.rz=01;31:*.cab=01;31:*.wim=01;31:*.swm=01;31:*.dwm=01;31:*.esd=01;31:*.jpg=01;35:*.jpeg=01;35:*.mjpg=01;35:*.mjpeg=01;35:*.gif=01;35:*.bmp=01;35:*.pbm=01;35:*.pgm=01;35:*.ppm=01;35:*.tga=01;35:*.xbm=01;35:*.xpm=01;35:*.tif=01;35:*.tiff=01;35:*.png=01;35:*.svg=01;35:*.svgz=01;35:*.mng=01;35:*.pcx=01;35:*.mov=01;35:*.mpg=01;35:*.mpeg=01;35:*.m2v=01;35:*.mkv=01;35:*.webm=01;35:*.webp=01;35:*.ogm=01;35:*.mp4=01;35:*.m4v=01;35:*.mp4v=01;35:*.vob=01;35:*.qt=01;35:*.nuv=01;35:*.wmv=01;35:*.asf=01;35:*.rm=01;35:*.rmvb=01;35:*.flc=01;35:*.avi=01;35:*.fli=01;35:*.flv=01;35:*.gl=01;35:*.dl=01;35:*.xcf=01;35:*.xwd=01;35:*.yuv=01;35:*.cgm=01;35:*.emf=01;35:*.ogv=01;35:*.ogx=01;35:*.cfg=00;32:*.conf=00;32:*.diff=00;32:*.doc=00;32:*.ini=00;32:*.log=00;32:*.patch=00;32:*.pdf=00;32:*.ps=00;32:*.tex=00;32:*.txt=00;32:*.aac=00;36:*.au=00;36:*.flac=00;36:*.m4a=00;36:*.mid=00;36:*.midi=00;36:*.mka=00;36:*.mp3=00;36:*.mpc=00;36:*.ogg=00;36:*.ra=00;36:*.wav=00;36:*.oga=00;36:*.opus=00;36:*.spx=00;36:*.xspf=00;36:' XDG_CURRENT_DESKTOP=GNOME INFOPATH=/usr/share/info:/usr/share/gcc-data/x86_64-pc-linux-gnu/10.2.0/info:/usr/share/binutils-data/x86_64-pc-linux-gnu/2.45/info:/usr/share/automake-1.16.5/info JAVAC=/etc/java-config-2/current-system-vm/bin/javac TERM=xterm-256color LESSOPEN='|lesspipe %s' USER=jpmurphy CROS_WORKON_SRCROOT=/mnt/host/source MANPAGER=manpager DISPLAY=:1 SHLVL=1 LC_MESSAGES=C EXTERNAL_TRUNK_PATH=/mnt/8f9d649a-3721-44cc-93c0-e6bd21a9689f/chromiumos GCC_SPECS='' PATH=/mnt/host/source/chromite/bin:/usr/local/bin:/usr/bin:/bin:/opt/bin:/mnt/host/source/chromite/sdk/bin:/mnt/host/source/chromite/bin PORTAGE_USERNAME=jpmurphy SUDO_UID=0 GCC_VER=10.2.0 MAIL=/var/mail/jpmurphy OLDPWD=/mnt/host/source/src/scripts traceparent=00-e87aca51550a78635907baa6a2476181-6d684811675d2973-01 _=./zephyr/firmware_builder.py COREBOOT_SDK_ROOT_x86=/home/jpmurphy/.cache/coreboot-sdk/i386-elf/dfbb0486385d938cfa9d73080b9d18d598ed4f49 COREBOOT_SDK_ROOT_picolibc_x86=/home/jpmurphy/.cache/coreboot-sdk/picolibc-i386-elf/eb8e8e687b95461de8cbf278f1c2076952d0ad17 COREBOOT_SDK_ROOT_riscv64=/home/jpmurphy/.cache/coreboot-sdk/riscv64-elf/96b949749225b6aaa92ed810ab769e8dfb12f000 COREBOOT_SDK_ROOT_picolibc_arm=/home/jpmurphy/.cache/coreboot-sdk/picolibc-arm-eabi/422a2aa3e1ef891b5bece9a3deb696ff83840d2e COREBOOT_SDK_ROOT_nds32=/home/jpmurphy/.cache/coreboot-sdk/nds32le-elf/d1a518c4a097666d86058e1444f85ca015d15511 COREBOOT_SDK_ROOT_picolibc_riscv64=/home/jpmurphy/.cache/coreboot-sdk/picolibc-riscv64-elf/f571e990ef0278564b31124f8bb109d9a697eb69 COREBOOT_SDK_ROOT_arm=/home/jpmurphy/.cache/coreboot-sdk/arm-eabi/ea40ddd1d190c3b48435c474c0b545719371813a COREBOOT_SDK_ROOT_libstdcxx_riscv64=/home/jpmurphy/.cache/coreboot-sdk/libstdcxx-riscv64-elf/17abf22a3a252e2d5d2062ced5324f7a623689e0 COREBOOT_SDK_ROOT_libstdcxx_arm=/home/jpmurphy/.cache/coreboot-sdk/libstdcxx-arm-eabi/5d7d82e150e44aa1968f1d366e267e6687b328ac COREBOOT_SDK_ROOT_riscv=/home/jpmurphy/.cache/coreboot-sdk/riscv-elf/9a27b9e82341c6e9126624f516ab3f261abb3e73 COREBOOT_SDK_ROOT_libstdcxx_x86=/home/jpmurphy/.cache/coreboot-sdk/libstdcxx-i386-elf/42ef9d2e87a76a37963175d7d428734e65648b87 PYTHONPATH=/mnt/host/source/src/platform/ec/zephyr/zmake PW_PIGWEED_CIPD_INSTALL_DIR=/usr CROSTC_USER_ACKNOWLEDGES_THAT_RISCV_IS_EXPERIMENTAL=1 MAKEFLAGS=' -j16 --jobserver-auth=5,6' /usr/bin/ninja -C /mnt/host/source/src/platform/ec/build/zephyr/rex/build-rw all.libraries`
[hylia:rw] [358/366] Building C object zephyr/kernel/CMakeFiles/kernel.dir/spinlock_validate.c.obj
[rex:rw] ninja: Entering directory `/mnt/host/source/src/platform/ec/build/zephyr/rex/build-rw'
[mtlrvpp_npcx:ro] -- Generating done (0.4s)
[mtlrvpp_npcx:ro] CMake Warning:
[mtlrvpp_npcx:ro] -- Build files have been written to: /mnt/host/source/src/platform/ec/build/zephyr/mtlrvpp_npcx/build-ro
[hylia:rw] [359/366] Building C object zephyr/kernel/CMakeFiles/kernel.dir/timeout.c.obj
[riven:rw] [3/407] cd /mnt/host/source/src/platform/ec/build/zephyr/riven/build-rw/modules/ec/zephyr && PYTHONPATH=/mnt/host/source/src/platform/ec/build/zephyr/riven/modules/ec/zephyr/zmake/ /usr/bin/python3.11 /mnt/host/source/src/platform/ec/build/zephyr/riven/modules/ec/zephyr/zmake/zephyr_build_tools/generate_ec_version.py /mnt/host/source/src/platform/ec/build/zephyr/riven/build-rw/modules/ec/zephyr/include/ec_version.h --name Zephyr-Kernel --version 16543.0.0 --static
[hylia:rw] [360/366] Building C object zephyr/kernel/CMakeFiles/kernel.dir/dynamic_disabled.c.obj
[hylia:rw] [361/366] Building C object zephyr/kernel/CMakeFiles/kernel.dir/sched.c.obj
[rex:ro] Building: /usr/bin/ninja -C /mnt/host/source/src/platform/ec/build/zephyr/rex/build-ro all.libraries
Running `env -i SHELL=/bin/bash COLORTERM=truecolor DEPOT_TOOLS_UPDATE=0 LESS='-R -M --shift 5' SUDO_GID=0 JDK_HOME=/etc/java-config-2/current-system-vm CONFIG_PROTECT_MASK='/etc/gentoo-release /etc/sandbox.d /etc/fonts/fonts.conf /etc/terminfo /etc/ca-certificates.conf /etc/revdep-rebuild' CHROMEOS_CACHEDIR=/var/cache/chromeos-cache JAVA_HOME=/etc/java-config-2/current-system-vm SSH_AUTH_SOCK=/tmp/ssh-auth-sock SUDO_COMMAND=/bin/bash SUDO_USER=root SUDO_TTY=/dev/pts/2 EDITOR=/usr/bin/vi PWD=/mnt/host/source/src/platform/ec CONFIG_PROTECT=/usr/share/gnupg/qualified.txt LOGNAME=jpmurphy MANPATH=/etc/java-config-2/current-system-vm/man:/usr/local/share/man:/usr/share/man:/usr/share/gcc-data/x86_64-pc-linux-gnu/10.2.0/man:/usr/share/binutils-data/x86_64-pc-linux-gnu/2.45/man:/etc/java-config-2/current-system-vm/man/ SUDO_HOME=/root XAUTHORITY=/run/user/944457/gdm/Xauthority HOME=/home/jpmurphy LANG=C.UTF-8 LS_COLORS='rs=0:di=01;34:ln=01;36:mh=00:pi=40;33:so=01;35:do=01;35:bd=40;33;01:cd=40;33;01:or=01;05;37;41:mi=01;05;37;41:su=37;41:sg=30;43:ca=30;41:tw=30;42:ow=34;42:st=37;44:ex=01;32:*.tar=01;31:*.tgz=01;31:*.arc=01;31:*.arj=01;31:*.taz=01;31:*.lha=01;31:*.lz4=01;31:*.lzh=01;31:*.lzma=01;31:*.tlz=01;31:*.txz=01;31:*.tzo=01;31:*.t7z=01;31:*.zip=01;31:*.z=01;31:*.dz=01;31:*.gz=01;31:*.lrz=01;31:*.lz=01;31:*.lzo=01;31:*.xz=01;31:*.zst=01;31:*.tzst=01;31:*.bz2=01;31:*.bz=01;31:*.tbz=01;31:*.tbz2=01;31:*.tz=01;31:*.deb=01;31:*.rpm=01;31:*.jar=01;31:*.war=01;31:*.ear=01;31:*.sar=01;31:*.rar=01;31:*.alz=01;31:*.ace=01;31:*.zoo=01;31:*.cpio=01;31:*.7z=01;31:*.rz=01;31:*.cab=01;31:*.wim=01;31:*.swm=01;31:*.dwm=01;31:*.esd=01;31:*.jpg=01;35:*.jpeg=01;35:*.mjpg=01;35:*.mjpeg=01;35:*.gif=01;35:*.bmp=01;35:*.pbm=01;35:*.pgm=01;35:*.ppm=01;35:*.tga=01;35:*.xbm=01;35:*.xpm=01;35:*.tif=01;35:*.tiff=01;35:*.png=01;35:*.svg=01;35:*.svgz=01;35:*.mng=01;35:*.pcx=01;35:*.mov=01;35:*.mpg=01;35:*.mpeg=01;35:*.m2v=01;35:*.mkv=01;35:*.webm=01;35:*.webp=01;35:*.ogm=01;35:*.mp4=01;35:*.m4v=01;35:*.mp4v=01;35:*.vob=01;35:*.qt=01;35:*.nuv=01;35:*.wmv=01;35:*.asf=01;35:*.rm=01;35:*.rmvb=01;35:*.flc=01;35:*.avi=01;35:*.fli=01;35:*.flv=01;35:*.gl=01;35:*.dl=01;35:*.xcf=01;35:*.xwd=01;35:*.yuv=01;35:*.cgm=01;35:*.emf=01;35:*.ogv=01;35:*.ogx=01;35:*.cfg=00;32:*.conf=00;32:*.diff=00;32:*.doc=00;32:*.ini=00;32:*.log=00;32:*.patch=00;32:*.pdf=00;32:*.ps=00;32:*.tex=00;32:*.txt=00;32:*.aac=00;36:*.au=00;36:*.flac=00;36:*.m4a=00;36:*.mid=00;36:*.midi=00;36:*.mka=00;36:*.mp3=00;36:*.mpc=00;36:*.ogg=00;36:*.ra=00;36:*.wav=00;36:*.oga=00;36:*.opus=00;36:*.spx=00;36:*.xspf=00;36:' XDG_CURRENT_DESKTOP=GNOME INFOPATH=/usr/share/info:/usr/share/gcc-data/x86_64-pc-linux-gnu/10.2.0/info:/usr/share/binutils-data/x86_64-pc-linux-gnu/2.45/info:/usr/share/automake-1.16.5/info JAVAC=/etc/java-config-2/current-system-vm/bin/javac TERM=xterm-256color LESSOPEN='|lesspipe %s' USER=jpmurphy CROS_WORKON_SRCROOT=/mnt/host/source MANPAGER=manpager DISPLAY=:1 SHLVL=1 LC_MESSAGES=C EXTERNAL_TRUNK_PATH=/mnt/8f9d649a-3721-44cc-93c0-e6bd21a9689f/chromiumos GCC_SPECS='' PATH=/mnt/host/source/chromite/bin:/usr/local/bin:/usr/bin:/bin:/opt/bin:/mnt/host/source/chromite/sdk/bin:/mnt/host/source/chromite/bin PORTAGE_USERNAME=jpmurphy SUDO_UID=0 GCC_VER=10.2.0 MAIL=/var/mail/jpmurphy OLDPWD=/mnt/host/source/src/scripts traceparent=00-e87aca51550a78635907baa6a2476181-6d684811675d2973-01 _=./zephyr/firmware_builder.py COREBOOT_SDK_ROOT_x86=/home/jpmurphy/.cache/coreboot-sdk/i386-elf/dfbb0486385d938cfa9d73080b9d18d598ed4f49 COREBOOT_SDK_ROOT_picolibc_x86=/home/jpmurphy/.cache/coreboot-sdk/picolibc-i386-elf/eb8e8e687b95461de8cbf278f1c2076952d0ad17 COREBOOT_SDK_ROOT_riscv64=/home/jpmurphy/.cache/coreboot-sdk/riscv64-elf/96b949749225b6aaa92ed810ab769e8dfb12f000 COREBOOT_SDK_ROOT_picolibc_arm=/home/jpmurphy/.cache/coreboot-sdk/picolibc-arm-eabi/422a2aa3e1ef891b5bece9a3deb696ff83840d2e COREBOOT_SDK_ROOT_nds32=/home/jpmurphy/.cache/coreboot-sdk/nds32le-elf/d1a518c4a097666d86058e1444f85ca015d15511 COREBOOT_SDK_ROOT_picolibc_riscv64=/home/jpmurphy/.cache/coreboot-sdk/picolibc-riscv64-elf/f571e990ef0278564b31124f8bb109d9a697eb69 COREBOOT_SDK_ROOT_arm=/home/jpmurphy/.cache/coreboot-sdk/arm-eabi/ea40ddd1d190c3b48435c474c0b545719371813a COREBOOT_SDK_ROOT_libstdcxx_riscv64=/home/jpmurphy/.cache/coreboot-sdk/libstdcxx-riscv64-elf/17abf22a3a252e2d5d2062ced5324f7a623689e0 COREBOOT_SDK_ROOT_libstdcxx_arm=/home/jpmurphy/.cache/coreboot-sdk/libstdcxx-arm-eabi/5d7d82e150e44aa1968f1d366e267e6687b328ac COREBOOT_SDK_ROOT_riscv=/home/jpmurphy/.cache/coreboot-sdk/riscv-elf/9a27b9e82341c6e9126624f516ab3f261abb3e73 COREBOOT_SDK_ROOT_libstdcxx_x86=/home/jpmurphy/.cache/coreboot-sdk/libstdcxx-i386-elf/42ef9d2e87a76a37963175d7d428734e65648b87 PYTHONPATH=/mnt/host/source/src/platform/ec/zephyr/zmake PW_PIGWEED_CIPD_INSTALL_DIR=/usr CROSTC_USER_ACKNOWLEDGES_THAT_RISCV_IS_EXPERIMENTAL=1 MAKEFLAGS=' -j16 --jobserver-auth=5,6' /usr/bin/ninja -C /mnt/host/source/src/platform/ec/build/zephyr/rex/build-ro all.libraries`
[rex:rw] [1/437] Preparing syscall dependency handling
[rex:ro] ninja: Entering directory `/mnt/host/source/src/platform/ec/build/zephyr/rex/build-ro'
[hylia:rw] [362/366] Building C object zephyr/kernel/CMakeFiles/kernel.dir/timer.c.obj
Running (initial) lcov on /mnt/host/source/src/platform/ec/build/zephyr/yoda.
[mtlrvpp_npcx:rw] -- Found Python3: /usr/bin/python3.11 (found suitable version "3.11.11", minimum required is "3.10") found components: Interpreter
[mtlrvpp_npcx:rw] -- Cache files will be written to: /mnt/host/source/src/platform/ec/build/zephyr/user-cache
[riven:ro] Building: /usr/bin/ninja -C /mnt/host/source/src/platform/ec/build/zephyr/riven/build-ro all.libraries
Running `env -i SHELL=/bin/bash COLORTERM=truecolor DEPOT_TOOLS_UPDATE=0 LESS='-R -M --shift 5' SUDO_GID=0 JDK_HOME=/etc/java-config-2/current-system-vm CONFIG_PROTECT_MASK='/etc/gentoo-release /etc/sandbox.d /etc/fonts/fonts.conf /etc/terminfo /etc/ca-certificates.conf /etc/revdep-rebuild' CHROMEOS_CACHEDIR=/var/cache/chromeos-cache JAVA_HOME=/etc/java-config-2/current-system-vm SSH_AUTH_SOCK=/tmp/ssh-auth-sock SUDO_COMMAND=/bin/bash SUDO_USER=root SUDO_TTY=/dev/pts/2 EDITOR=/usr/bin/vi PWD=/mnt/host/source/src/platform/ec CONFIG_PROTECT=/usr/share/gnupg/qualified.txt LOGNAME=jpmurphy MANPATH=/etc/java-config-2/current-system-vm/man:/usr/local/share/man:/usr/share/man:/usr/share/gcc-data/x86_64-pc-linux-gnu/10.2.0/man:/usr/share/binutils-data/x86_64-pc-linux-gnu/2.45/man:/etc/java-config-2/current-system-vm/man/ SUDO_HOME=/root XAUTHORITY=/run/user/944457/gdm/Xauthority HOME=/home/jpmurphy LANG=C.UTF-8 LS_COLORS='rs=0:di=01;34:ln=01;36:mh=00:pi=40;33:so=01;35:do=01;35:bd=40;33;01:cd=40;33;01:or=01;05;37;41:mi=01;05;37;41:su=37;41:sg=30;43:ca=30;41:tw=30;42:ow=34;42:st=37;44:ex=01;32:*.tar=01;31:*.tgz=01;31:*.arc=01;31:*.arj=01;31:*.taz=01;31:*.lha=01;31:*.lz4=01;31:*.lzh=01;31:*.lzma=01;31:*.tlz=01;31:*.txz=01;31:*.tzo=01;31:*.t7z=01;31:*.zip=01;31:*.z=01;31:*.dz=01;31:*.gz=01;31:*.lrz=01;31:*.lz=01;31:*.lzo=01;31:*.xz=01;31:*.zst=01;31:*.tzst=01;31:*.bz2=01;31:*.bz=01;31:*.tbz=01;31:*.tbz2=01;31:*.tz=01;31:*.deb=01;31:*.rpm=01;31:*.jar=01;31:*.war=01;31:*.ear=01;31:*.sar=01;31:*.rar=01;31:*.alz=01;31:*.ace=01;31:*.zoo=01;31:*.cpio=01;31:*.7z=01;31:*.rz=01;31:*.cab=01;31:*.wim=01;31:*.swm=01;31:*.dwm=01;31:*.esd=01;31:*.jpg=01;35:*.jpeg=01;35:*.mjpg=01;35:*.mjpeg=01;35:*.gif=01;35:*.bmp=01;35:*.pbm=01;35:*.pgm=01;35:*.ppm=01;35:*.tga=01;35:*.xbm=01;35:*.xpm=01;35:*.tif=01;35:*.tiff=01;35:*.png=01;35:*.svg=01;35:*.svgz=01;35:*.mng=01;35:*.pcx=01;35:*.mov=01;35:*.mpg=01;35:*.mpeg=01;35:*.m2v=01;35:*.mkv=01;35:*.webm=01;35:*.webp=01;35:*.ogm=01;35:*.mp4=01;35:*.m4v=01;35:*.mp4v=01;35:*.vob=01;35:*.qt=01;35:*.nuv=01;35:*.wmv=01;35:*.asf=01;35:*.rm=01;35:*.rmvb=01;35:*.flc=01;35:*.avi=01;35:*.fli=01;35:*.flv=01;35:*.gl=01;35:*.dl=01;35:*.xcf=01;35:*.xwd=01;35:*.yuv=01;35:*.cgm=01;35:*.emf=01;35:*.ogv=01;35:*.ogx=01;35:*.cfg=00;32:*.conf=00;32:*.diff=00;32:*.doc=00;32:*.ini=00;32:*.log=00;32:*.patch=00;32:*.pdf=00;32:*.ps=00;32:*.tex=00;32:*.txt=00;32:*.aac=00;36:*.au=00;36:*.flac=00;36:*.m4a=00;36:*.mid=00;36:*.midi=00;36:*.mka=00;36:*.mp3=00;36:*.mpc=00;36:*.ogg=00;36:*.ra=00;36:*.wav=00;36:*.oga=00;36:*.opus=00;36:*.spx=00;36:*.xspf=00;36:' XDG_CURRENT_DESKTOP=GNOME INFOPATH=/usr/share/info:/usr/share/gcc-data/x86_64-pc-linux-gnu/10.2.0/info:/usr/share/binutils-data/x86_64-pc-linux-gnu/2.45/info:/usr/share/automake-1.16.5/info JAVAC=/etc/java-config-2/current-system-vm/bin/javac TERM=xterm-256color LESSOPEN='|lesspipe %s' USER=jpmurphy CROS_WORKON_SRCROOT=/mnt/host/source MANPAGER=manpager DISPLAY=:1 SHLVL=1 LC_MESSAGES=C EXTERNAL_TRUNK_PATH=/mnt/8f9d649a-3721-44cc-93c0-e6bd21a9689f/chromiumos GCC_SPECS='' PATH=/mnt/host/source/chromite/bin:/usr/local/bin:/usr/bin:/bin:/opt/bin:/mnt/host/source/chromite/sdk/bin:/mnt/host/source/chromite/bin PORTAGE_USERNAME=jpmurphy SUDO_UID=0 GCC_VER=10.2.0 MAIL=/var/mail/jpmurphy OLDPWD=/mnt/host/source/src/scripts traceparent=00-e87aca51550a78635907baa6a2476181-6d684811675d2973-01 _=./zephyr/firmware_builder.py COREBOOT_SDK_ROOT_x86=/home/jpmurphy/.cache/coreboot-sdk/i386-elf/dfbb0486385d938cfa9d73080b9d18d598ed4f49 COREBOOT_SDK_ROOT_picolibc_x86=/home/jpmurphy/.cache/coreboot-sdk/picolibc-i386-elf/eb8e8e687b95461de8cbf278f1c2076952d0ad17 COREBOOT_SDK_ROOT_riscv64=/home/jpmurphy/.cache/coreboot-sdk/riscv64-elf/96b949749225b6aaa92ed810ab769e8dfb12f000 COREBOOT_SDK_ROOT_picolibc_arm=/home/jpmurphy/.cache/coreboot-sdk/picolibc-arm-eabi/422a2aa3e1ef891b5bece9a3deb696ff83840d2e COREBOOT_SDK_ROOT_nds32=/home/jpmurphy/.cache/coreboot-sdk/nds32le-elf/d1a518c4a097666d86058e1444f85ca015d15511 COREBOOT_SDK_ROOT_picolibc_riscv64=/home/jpmurphy/.cache/coreboot-sdk/picolibc-riscv64-elf/f571e990ef0278564b31124f8bb109d9a697eb69 COREBOOT_SDK_ROOT_arm=/home/jpmurphy/.cache/coreboot-sdk/arm-eabi/ea40ddd1d190c3b48435c474c0b545719371813a COREBOOT_SDK_ROOT_libstdcxx_riscv64=/home/jpmurphy/.cache/coreboot-sdk/libstdcxx-riscv64-elf/17abf22a3a252e2d5d2062ced5324f7a623689e0 COREBOOT_SDK_ROOT_libstdcxx_arm=/home/jpmurphy/.cache/coreboot-sdk/libstdcxx-arm-eabi/5d7d82e150e44aa1968f1d366e267e6687b328ac COREBOOT_SDK_ROOT_riscv=/home/jpmurphy/.cache/coreboot-sdk/riscv-elf/9a27b9e82341c6e9126624f516ab3f261abb3e73 COREBOOT_SDK_ROOT_libstdcxx_x86=/home/jpmurphy/.cache/coreboot-sdk/libstdcxx-i386-elf/42ef9d2e87a76a37963175d7d428734e65648b87 PYTHONPATH=/mnt/host/source/src/platform/ec/zephyr/zmake PW_PIGWEED_CIPD_INSTALL_DIR=/usr CROSTC_USER_ACKNOWLEDGES_THAT_RISCV_IS_EXPERIMENTAL=1 MAKEFLAGS=' -j16 --jobserver-auth=5,6' /usr/bin/ninja -C /mnt/host/source/src/platform/ec/build/zephyr/riven/build-ro all.libraries`
[hylia:rw] [363/366] Building C object zephyr/kernel/CMakeFiles/kernel.dir/mempool.c.obj
[mtlrvpp_npcx:rw] -- Zephyr version: 4.3.99 (/mnt/host/source/src/third_party/zephyr/main)
[riven:ro] ninja: Entering directory `/mnt/host/source/src/platform/ec/build/zephyr/riven/build-ro'
[rex:rw] [2/437] Generating misc/generated/syscalls_subdirs.trigger
[hylia:rw] [364/366] Building C object zephyr/kernel/CMakeFiles/kernel.dir/events.c.obj
[rex:ro] [1/437] Preparing syscall dependency handling
[rex:rw] [3/437] cd /mnt/host/source/src/platform/ec/build/zephyr/rex/build-rw/modules/ec/zephyr && PYTHONPATH=/mnt/host/source/src/platform/ec/build/zephyr/rex/modules/ec/zephyr/zmake/ /usr/bin/python3.11 /mnt/host/source/src/platform/ec/build/zephyr/rex/modules/ec/zephyr/zmake/zephyr_build_tools/generate_ec_version.py /mnt/host/source/src/platform/ec/build/zephyr/rex/build-rw/modules/ec/zephyr/include/ec_version.h --name Zephyr-Kernel --version 16543.0.0 --static
[rex:rw] INFO:root:Using a static version string
[mtlrvpp_npcx:ro]   Manually-specified variables were not used by the project:
[mtlrvpp_npcx:ro]     COREBOOT_SDK_ROOT_libstdcxx_riscv64
[mtlrvpp_npcx:ro]     COREBOOT_SDK_ROOT_libstdcxx_x86
[mtlrvpp_npcx:ro]     COREBOOT_SDK_ROOT_nds32
[mtlrvpp_npcx:ro]     COREBOOT_SDK_ROOT_picolibc_riscv64
[mtlrvpp_npcx:ro]     COREBOOT_SDK_ROOT_picolibc_x86
[mtlrvpp_npcx:ro]     COREBOOT_SDK_ROOT_riscv
[mtlrvpp_npcx:ro]     COREBOOT_SDK_ROOT_riscv64
[mtlrvpp_npcx:ro]     COREBOOT_SDK_ROOT_x86
[hylia:rw] [365/366] Building C object zephyr/kernel/CMakeFiles/kernel.dir/poll.c.obj
[rex:ro] [2/437] Generating misc/generated/syscalls_subdirs.trigger
[riven:ro] [1/407] Preparing syscall dependency handling
[riven:rw] INFO:root:Using a static version string
[riven:rw] INFO:root:Version string: Zephyr-Kernel-16543.0.0
[hylia:ro] Building: /usr/bin/ninja -C /mnt/host/source/src/platform/ec/build/zephyr/hylia/build-ro all.libraries
[riven:rw] INFO:root:Writing header to /mnt/host/source/src/platform/ec/build/zephyr/riven/build-rw/modules/ec/zephyr/include/ec_version.h
[riven:rw] [4/407] Generating include/generated/zephyr/version.h
Running `env -i SHELL=/bin/bash COLORTERM=truecolor DEPOT_TOOLS_UPDATE=0 LESS='-R -M --shift 5' SUDO_GID=0 JDK_HOME=/etc/java-config-2/current-system-vm CONFIG_PROTECT_MASK='/etc/gentoo-release /etc/sandbox.d /etc/fonts/fonts.conf /etc/terminfo /etc/ca-certificates.conf /etc/revdep-rebuild' CHROMEOS_CACHEDIR=/var/cache/chromeos-cache JAVA_HOME=/etc/java-config-2/current-system-vm SSH_AUTH_SOCK=/tmp/ssh-auth-sock SUDO_COMMAND=/bin/bash SUDO_USER=root SUDO_TTY=/dev/pts/2 EDITOR=/usr/bin/vi PWD=/mnt/host/source/src/platform/ec CONFIG_PROTECT=/usr/share/gnupg/qualified.txt LOGNAME=jpmurphy MANPATH=/etc/java-config-2/current-system-vm/man:/usr/local/share/man:/usr/share/man:/usr/share/gcc-data/x86_64-pc-linux-gnu/10.2.0/man:/usr/share/binutils-data/x86_64-pc-linux-gnu/2.45/man:/etc/java-config-2/current-system-vm/man/ SUDO_HOME=/root XAUTHORITY=/run/user/944457/gdm/Xauthority HOME=/home/jpmurphy LANG=C.UTF-8 LS_COLORS='rs=0:di=01;34:ln=01;36:mh=00:pi=40;33:so=01;35:do=01;35:bd=40;33;01:cd=40;33;01:or=01;05;37;41:mi=01;05;37;41:su=37;41:sg=30;43:ca=30;41:tw=30;42:ow=34;42:st=37;44:ex=01;32:*.tar=01;31:*.tgz=01;31:*.arc=01;31:*.arj=01;31:*.taz=01;31:*.lha=01;31:*.lz4=01;31:*.lzh=01;31:*.lzma=01;31:*.tlz=01;31:*.txz=01;31:*.tzo=01;31:*.t7z=01;31:*.zip=01;31:*.z=01;31:*.dz=01;31:*.gz=01;31:*.lrz=01;31:*.lz=01;31:*.lzo=01;31:*.xz=01;31:*.zst=01;31:*.tzst=01;31:*.bz2=01;31:*.bz=01;31:*.tbz=01;31:*.tbz2=01;31:*.tz=01;31:*.deb=01;31:*.rpm=01;31:*.jar=01;31:*.war=01;31:*.ear=01;31:*.sar=01;31:*.rar=01;31:*.alz=01;31:*.ace=01;31:*.zoo=01;31:*.cpio=01;31:*.7z=01;31:*.rz=01;31:*.cab=01;31:*.wim=01;31:*.swm=01;31:*.dwm=01;31:*.esd=01;31:*.jpg=01;35:*.jpeg=01;35:*.mjpg=01;35:*.mjpeg=01;35:*.gif=01;35:*.bmp=01;35:*.pbm=01;35:*.pgm=01;35:*.ppm=01;35:*.tga=01;35:*.xbm=01;35:*.xpm=01;35:*.tif=01;35:*.tiff=01;35:*.png=01;35:*.svg=01;35:*.svgz=01;35:*.mng=01;35:*.pcx=01;35:*.mov=01;35:*.mpg=01;35:*.mpeg=01;35:*.m2v=01;35:*.mkv=01;35:*.webm=01;35:*.webp=01;35:*.ogm=01;35:*.mp4=01;35:*.m4v=01;35:*.mp4v=01;35:*.vob=01;35:*.qt=01;35:*.nuv=01;35:*.wmv=01;35:*.asf=01;35:*.rm=01;35:*.rmvb=01;35:*.flc=01;35:*.avi=01;35:*.fli=01;35:*.flv=01;35:*.gl=01;35:*.dl=01;35:*.xcf=01;35:*.xwd=01;35:*.yuv=01;35:*.cgm=01;35:*.emf=01;35:*.ogv=01;35:*.ogx=01;35:*.cfg=00;32:*.conf=00;32:*.diff=00;32:*.doc=00;32:*.ini=00;32:*.log=00;32:*.patch=00;32:*.pdf=00;32:*.ps=00;32:*.tex=00;32:*.txt=00;32:*.aac=00;36:*.au=00;36:*.flac=00;36:*.m4a=00;36:*.mid=00;36:*.midi=00;36:*.mka=00;36:*.mp3=00;36:*.mpc=00;36:*.ogg=00;36:*.ra=00;36:*.wav=00;36:*.oga=00;36:*.opus=00;36:*.spx=00;36:*.xspf=00;36:' XDG_CURRENT_DESKTOP=GNOME INFOPATH=/usr/share/info:/usr/share/gcc-data/x86_64-pc-linux-gnu/10.2.0/info:/usr/share/binutils-data/x86_64-pc-linux-gnu/2.45/info:/usr/share/automake-1.16.5/info JAVAC=/etc/java-config-2/current-system-vm/bin/javac TERM=xterm-256color LESSOPEN='|lesspipe %s' USER=jpmurphy CROS_WORKON_SRCROOT=/mnt/host/source MANPAGER=manpager DISPLAY=:1 SHLVL=1 LC_MESSAGES=C EXTERNAL_TRUNK_PATH=/mnt/8f9d649a-3721-44cc-93c0-e6bd21a9689f/chromiumos GCC_SPECS='' PATH=/mnt/host/source/chromite/bin:/usr/local/bin:/usr/bin:/bin:/opt/bin:/mnt/host/source/chromite/sdk/bin:/mnt/host/source/chromite/bin PORTAGE_USERNAME=jpmurphy SUDO_UID=0 GCC_VER=10.2.0 MAIL=/var/mail/jpmurphy OLDPWD=/mnt/host/source/src/scripts traceparent=00-e87aca51550a78635907baa6a2476181-6d684811675d2973-01 _=./zephyr/firmware_builder.py COREBOOT_SDK_ROOT_x86=/home/jpmurphy/.cache/coreboot-sdk/i386-elf/dfbb0486385d938cfa9d73080b9d18d598ed4f49 COREBOOT_SDK_ROOT_picolibc_x86=/home/jpmurphy/.cache/coreboot-sdk/picolibc-i386-elf/eb8e8e687b95461de8cbf278f1c2076952d0ad17 COREBOOT_SDK_ROOT_riscv64=/home/jpmurphy/.cache/coreboot-sdk/riscv64-elf/96b949749225b6aaa92ed810ab769e8dfb12f000 COREBOOT_SDK_ROOT_picolibc_arm=/home/jpmurphy/.cache/coreboot-sdk/picolibc-arm-eabi/422a2aa3e1ef891b5bece9a3deb696ff83840d2e COREBOOT_SDK_ROOT_nds32=/home/jpmurphy/.cache/coreboot-sdk/nds32le-elf/d1a518c4a097666d86058e1444f85ca015d15511 COREBOOT_SDK_ROOT_picolibc_riscv64=/home/jpmurphy/.cache/coreboot-sdk/picolibc-riscv64-elf/f571e990ef0278564b31124f8bb109d9a697eb69 COREBOOT_SDK_ROOT_arm=/home/jpmurphy/.cache/coreboot-sdk/arm-eabi/ea40ddd1d190c3b48435c474c0b545719371813a COREBOOT_SDK_ROOT_libstdcxx_riscv64=/home/jpmurphy/.cache/coreboot-sdk/libstdcxx-riscv64-elf/17abf22a3a252e2d5d2062ced5324f7a623689e0 COREBOOT_SDK_ROOT_libstdcxx_arm=/home/jpmurphy/.cache/coreboot-sdk/libstdcxx-arm-eabi/5d7d82e150e44aa1968f1d366e267e6687b328ac COREBOOT_SDK_ROOT_riscv=/home/jpmurphy/.cache/coreboot-sdk/riscv-elf/9a27b9e82341c6e9126624f516ab3f261abb3e73 COREBOOT_SDK_ROOT_libstdcxx_x86=/home/jpmurphy/.cache/coreboot-sdk/libstdcxx-i386-elf/42ef9d2e87a76a37963175d7d428734e65648b87 PYTHONPATH=/mnt/host/source/src/platform/ec/zephyr/zmake PW_PIGWEED_CIPD_INSTALL_DIR=/usr CROSTC_USER_ACKNOWLEDGES_THAT_RISCV_IS_EXPERIMENTAL=1 MAKEFLAGS=' -j16 --jobserver-auth=5,6' /usr/bin/ninja -C /mnt/host/source/src/platform/ec/build/zephyr/hylia/build-ro all.libraries`
[hylia:ro] ninja: Entering directory `/mnt/host/source/src/platform/ec/build/zephyr/hylia/build-ro'
[hylia:rw] [366/366] Linking C static library zephyr/kernel/libkernel.a
[rex:ro] [3/437] cd /mnt/host/source/src/platform/ec/build/zephyr/rex/build-ro/modules/ec/zephyr && PYTHONPATH=/mnt/host/source/src/platform/ec/build/zephyr/rex/modules/ec/zephyr/zmake/ /usr/bin/python3.11 /mnt/host/source/src/platform/ec/build/zephyr/rex/modules/ec/zephyr/zmake/zephyr_build_tools/generate_ec_version.py /mnt/host/source/src/platform/ec/build/zephyr/rex/build-ro/modules/ec/zephyr/include/ec_version.h --name Zephyr-Kernel --version 16543.0.0 --static
[rex:ro] INFO:root:Using a static version string
[riven:ro] [2/407] Generating misc/generated/syscalls_subdirs.trigger
[riven:ro] [3/407] cd /mnt/host/source/src/platform/ec/build/zephyr/riven/build-ro/modules/ec/zephyr && PYTHONPATH=/mnt/host/source/src/platform/ec/build/zephyr/riven/modules/ec/zephyr/zmake/ /usr/bin/python3.11 /mnt/host/source/src/platform/ec/build/zephyr/riven/modules/ec/zephyr/zmake/zephyr_build_tools/generate_ec_version.py /mnt/host/source/src/platform/ec/build/zephyr/riven/build-ro/modules/ec/zephyr/include/ec_version.h --name Zephyr-Kernel --version 16543.0.0 --static
Running `env -i PYTHONPATH=/usr/lib64/python-exec/python3.11:/mnt/host/source/src/platform/ec/zephyr/zmake:/usr/lib/python311.zip:/usr/lib/python3.11:/usr/lib/python3.11/lib-dynload:/usr/lib/python3.11/site-packages PW_PIGWEED_CIPD_INSTALL_DIR=/usr CROSTC_USER_ACKNOWLEDGES_THAT_RISCV_IS_EXPERIMENTAL=1 PATH=/mnt/host/source/chromite/bin:/usr/local/bin:/usr/bin:/bin:/opt/bin:/mnt/host/source/chromite/sdk/bin:/mnt/host/source/chromite/bin HOME=/home/jpmurphy JAVA_HOME=/etc/java-config-2/current-system-vm JDK_HOME=/etc/java-config-2/current-system-vm JAVAC=/etc/java-config-2/current-system-vm/bin/javac MAKEFLAGS=' -j16 --jobserver-auth=5,6' /usr/bin/lcov --gcov-tool /mnt/host/source/src/platform/ec/build/zephyr/yoda/build-rw/gcov.sh -q -o - -c -d /mnt/host/source/src/platform/ec/build/zephyr/yoda -t yoda --rc branch_coverage=1 --filter range --ignore-errors inconsistent,source --ignore-errors gcov,gcov -i`
[rex:rw] INFO:root:Version string: Zephyr-Kernel-16543.0.0
[rex:rw] INFO:root:Writing header to /mnt/host/source/src/platform/ec/build/zephyr/rex/build-rw/modules/ec/zephyr/include/ec_version.h
[rex:rw] [4/437] Generating include/generated/zephyr/version.h
Toolchain <zmake.toolchains.CorebootSdkToolchain object at 0x7f4120759e50> selected by probe function.
[ocicat] Building in /mnt/host/source/src/platform/ec/build/zephyr/ocicat.
[ocicat:rw] Configuring.
Running `env -i PYTHONPATH=/usr/lib64/python-exec/python3.11:/mnt/host/source/src/platform/ec/zephyr/zmake:/usr/lib/python311.zip:/usr/lib/python3.11:/usr/lib/python3.11/lib-dynload:/usr/lib/python3.11/site-packages PW_PIGWEED_CIPD_INSTALL_DIR=/usr CROSTC_USER_ACKNOWLEDGES_THAT_RISCV_IS_EXPERIMENTAL=1 PATH=/mnt/host/source/chromite/bin:/usr/local/bin:/usr/bin:/bin:/opt/bin:/mnt/host/source/chromite/sdk/bin:/mnt/host/source/chromite/bin HOME=/home/jpmurphy JAVA_HOME=/etc/java-config-2/current-system-vm JDK_HOME=/etc/java-config-2/current-system-vm JAVAC=/etc/java-config-2/current-system-vm/bin/javac MAKEFLAGS=' -j16 --jobserver-auth=5,6' /usr/bin/cmake -S /mnt/host/source/src/platform/ec/zephyr/program/ocelot -B /mnt/host/source/src/platform/ec/build/zephyr/ocicat/build-rw -GNinja -DCMAKE_EXPORT_COMPILE_COMMANDS=ON -DZEPHYR_BASE=/mnt/host/source/src/third_party/zephyr/main -DZMAKE_INCLUDE_DIR=/mnt/host/source/src/platform/ec/build/zephyr/ocicat/include -DPython3_EXECUTABLE=/usr/bin/python3.11 -DDTS_ROOT=/mnt/host/source/src/platform/ec/zephyr -DSYSCALL_INCLUDE_DIRS=/mnt/host/source/src/platform/ec/zephyr/include/drivers -DUSER_CACHE_DIR=/mnt/host/source/src/platform/ec/build/zephyr/user-cache -DPW_ROOT=/mnt/host/source/src/third_party/pigweed -DNANOPB_DIR=/mnt/host/source/src/third_party/zephyr/nanopb '-DEXTRA_EC_VERSION_FLAGS=--version 16543.0.0 --static' -DTOOLCHAIN_ROOT=/mnt/host/source/src/platform/ec/zephyr -DCOREBOOT_SDK_ROOT_x86=/home/jpmurphy/.cache/coreboot-sdk/i386-elf/dfbb0486385d938cfa9d73080b9d18d598ed4f49 -DCOREBOOT_SDK_ROOT_picolibc_x86=/home/jpmurphy/.cache/coreboot-sdk/picolibc-i386-elf/eb8e8e687b95461de8cbf278f1c2076952d0ad17 -DCOREBOOT_SDK_ROOT_riscv64=/home/jpmurphy/.cache/coreboot-sdk/riscv64-elf/96b949749225b6aaa92ed810ab769e8dfb12f000 -DCOREBOOT_SDK_ROOT_picolibc_arm=/home/jpmurphy/.cache/coreboot-sdk/picolibc-arm-eabi/422a2aa3e1ef891b5bece9a3deb696ff83840d2e -DCOREBOOT_SDK_ROOT_nds32=/home/jpmurphy/.cache/coreboot-sdk/nds32le-elf/d1a518c4a097666d86058e1444f85ca015d15511 -DCOREBOOT_SDK_ROOT_picolibc_riscv64=/home/jpmurphy/.cache/coreboot-sdk/picolibc-riscv64-elf/f571e990ef0278564b31124f8bb109d9a697eb69 -DCOREBOOT_SDK_ROOT_arm=/home/jpmurphy/.cache/coreboot-sdk/arm-eabi/ea40ddd1d190c3b48435c474c0b545719371813a -DCOREBOOT_SDK_ROOT_libstdcxx_riscv64=/home/jpmurphy/.cache/coreboot-sdk/libstdcxx-riscv64-elf/17abf22a3a252e2d5d2062ced5324f7a623689e0 -DCOREBOOT_SDK_ROOT_libstdcxx_arm=/home/jpmurphy/.cache/coreboot-sdk/libstdcxx-arm-eabi/5d7d82e150e44aa1968f1d366e267e6687b328ac -DCOREBOOT_SDK_ROOT_riscv=/home/jpmurphy/.cache/coreboot-sdk/riscv-elf/9a27b9e82341c6e9126624f516ab3f261abb3e73 -DCOREBOOT_SDK_ROOT_libstdcxx_x86=/home/jpmurphy/.cache/coreboot-sdk/libstdcxx-i386-elf/42ef9d2e87a76a37963175d7d428734e65648b87 -DZEPHYR_TOOLCHAIN_VARIANT=coreboot-sdk '-DZEPHYR_MODULES=/mnt/host/source/src/platform/ec/build/zephyr/ocicat/modules/cmsis;/mnt/host/source/src/platform/ec/build/zephyr/ocicat/modules/cmsis_6;/mnt/host/source/src/platform/ec/build/zephyr/ocicat/modules/ec;/mnt/host/source/src/platform/ec/build/zephyr/ocicat/modules/pigweed;/mnt/host/source/src/platform/ec/build/zephyr/ocicat/modules/nanopb' -DDTC_OVERLAY_FILE=/mnt/host/source/src/platform/ec/zephyr/program/ocelot/ocicat/project.overlay -DBOARD=it8xxx2/it82002bw -DCMAKE_C_FLAGS=-DSECTION_IS_RW '-DCONF_FILE=/mnt/host/source/src/platform/ec/zephyr/program/ocelot/program.conf;/mnt/host/source/src/platform/ec/zephyr/program/ocelot/ocicat/project.conf;/mnt/host/source/src/platform/ec/build/zephyr/ocicat/kconfig-rw.conf'`
[ocicat:rw] Loading Zephyr default modules (Zephyr base (cached)).
[ocicat:rw] -- Application: /mnt/host/source/src/platform/ec/zephyr/program/ocelot
[/mnt/host/source/src/platform/ec/build/zephyr/ojal-lcov]   /mnt/host/source/src/platform/ec/build/zephyr/ojal/build-rw/zephyr/arch/common/CMakeFiles/isr_tables.dir/isr_tables.c.gcno:no functions found
[/mnt/host/source/src/platform/ec/build/zephyr/ojal-lcov] stderr:
[rex:ro] INFO:root:Version string: Zephyr-Kernel-16543.0.0
[rex:ro] INFO:root:Writing header to /mnt/host/source/src/platform/ec/build/zephyr/rex/build-ro/modules/ec/zephyr/include/ec_version.h
[rex:ro] [4/437] Generating include/generated/zephyr/version.h
[hylia:ro] [1/366] Preparing syscall dependency handling
[riven:rw] -- git describe warned: warning: tag 'upstream/v2.7.99' is externally known as 'v2.7.99'
[riven:rw] -- Zephyr version: 4.3.99 (/mnt/host/source/src/third_party/zephyr/main)
[riven:rw] [5/407] Generating misc/generated/syscalls.json, misc/generated/struct_tags.json
[hylia:ro] [2/366] Generating misc/generated/syscalls_subdirs.trigger
[riven:ro] INFO:root:Using a static version string
[riven:ro] INFO:root:Version string: Zephyr-Kernel-16543.0.0
[riven:ro] INFO:root:Writing header to /mnt/host/source/src/platform/ec/build/zephyr/riven/build-ro/modules/ec/zephyr/include/ec_version.h
[riven:ro] [4/407] Generating include/generated/zephyr/version.h
[hylia:ro] [3/366] cd /mnt/host/source/src/platform/ec/build/zephyr/hylia/build-ro/modules/ec/zephyr && PYTHONPATH=/mnt/host/source/src/platform/ec/build/zephyr/hylia/modules/ec/zephyr/zmake/ /usr/bin/python3.11 /mnt/host/source/src/platform/ec/build/zephyr/hylia/modules/ec/zephyr/zmake/zephyr_build_tools/generate_ec_version.py /mnt/host/source/src/platform/ec/build/zephyr/hylia/build-ro/modules/ec/zephyr/include/ec_version.h --name Zephyr-Kernel --version 16543.0.0 --static
[hylia:ro] INFO:root:Using a static version string
[riven:rw] [6/407] Generating include/generated/zephyr/syscall_dispatch.c, include/generated/zephyr/syscall_exports_llext.c, syscall_weakdefs_llext.c, include/generated/zephyr/syscall_list.h
[ocicat:rw] -- CMake version: 3.31.7
[ocicat:rw] -- Found Python3: /usr/bin/python3.11 (found suitable version "3.11.11", minimum required is "3.10") found components: Interpreter
[ocicat:rw] -- Cache files will be written to: /mnt/host/source/src/platform/ec/build/zephyr/user-cache
[hylia:ro] INFO:root:Version string: Zephyr-Kernel-16543.0.0
[hylia:ro] INFO:root:Writing header to /mnt/host/source/src/platform/ec/build/zephyr/hylia/build-ro/modules/ec/zephyr/include/ec_version.h
[hylia:ro] [4/366] Generating include/generated/zephyr/version.h
[hylia:ro] -- git describe warned: warning: tag 'upstream/v2.7.99' is externally known as 'v2.7.99'
[ocicat:rw] -- Zephyr version: 4.3.99 (/mnt/host/source/src/third_party/zephyr/main)
[riven:rw] [7/407] Generating include/generated/zephyr/driver-validation.h
[rex:rw] -- git describe warned: warning: tag 'upstream/v2.7.99' is externally known as 'v2.7.99'
[rex:rw] -- Zephyr version: 4.3.99 (/mnt/host/source/src/third_party/zephyr/main)
[rex:rw] [5/437] Generating misc/generated/syscalls.json, misc/generated/struct_tags.json
Toolchain <zmake.toolchains.CorebootSdkToolchain object at 0x7f4120442dd0> selected by probe function.
[brox] Building in /mnt/host/source/src/platform/ec/build/zephyr/brox.
[riven:rw] [8/407] Generating include/generated/device-api-sections.ld, include/generated/device-api-sections.cmake
[brox:ro] Configuring.
Running `env -i PYTHONPATH=/usr/lib64/python-exec/python3.11:/mnt/host/source/src/platform/ec/zephyr/zmake:/usr/lib/python311.zip:/usr/lib/python3.11:/usr/lib/python3.11/lib-dynload:/usr/lib/python3.11/site-packages PW_PIGWEED_CIPD_INSTALL_DIR=/usr CROSTC_USER_ACKNOWLEDGES_THAT_RISCV_IS_EXPERIMENTAL=1 PATH=/mnt/host/source/chromite/bin:/usr/local/bin:/usr/bin:/bin:/opt/bin:/mnt/host/source/chromite/sdk/bin:/mnt/host/source/chromite/bin HOME=/home/jpmurphy JAVA_HOME=/etc/java-config-2/current-system-vm JDK_HOME=/etc/java-config-2/current-system-vm JAVAC=/etc/java-config-2/current-system-vm/bin/javac MAKEFLAGS=' -j16 --jobserver-auth=5,6' /usr/bin/cmake -S /mnt/host/source/src/platform/ec/zephyr/program/brox -B /mnt/host/source/src/platform/ec/build/zephyr/brox/build-ro -GNinja -DCMAKE_EXPORT_COMPILE_COMMANDS=ON -DZEPHYR_BASE=/mnt/host/source/src/third_party/zephyr/main -DZMAKE_INCLUDE_DIR=/mnt/host/source/src/platform/ec/build/zephyr/brox/include -DPython3_EXECUTABLE=/usr/bin/python3.11 -DDTS_ROOT=/mnt/host/source/src/platform/ec/zephyr -DSYSCALL_INCLUDE_DIRS=/mnt/host/source/src/platform/ec/zephyr/include/drivers -DUSER_CACHE_DIR=/mnt/host/source/src/platform/ec/build/zephyr/user-cache '-DEXTRA_EC_VERSION_FLAGS=--version 16543.0.0 --static' -DTOOLCHAIN_ROOT=/mnt/host/source/src/platform/ec/zephyr -DCOREBOOT_SDK_ROOT_x86=/home/jpmurphy/.cache/coreboot-sdk/i386-elf/dfbb0486385d938cfa9d73080b9d18d598ed4f49 -DCOREBOOT_SDK_ROOT_picolibc_x86=/home/jpmurphy/.cache/coreboot-sdk/picolibc-i386-elf/eb8e8e687b95461de8cbf278f1c2076952d0ad17 -DCOREBOOT_SDK_ROOT_riscv64=/home/jpmurphy/.cache/coreboot-sdk/riscv64-elf/96b949749225b6aaa92ed810ab769e8dfb12f000 -DCOREBOOT_SDK_ROOT_picolibc_arm=/home/jpmurphy/.cache/coreboot-sdk/picolibc-arm-eabi/422a2aa3e1ef891b5bece9a3deb696ff83840d2e -DCOREBOOT_SDK_ROOT_nds32=/home/jpmurphy/.cache/coreboot-sdk/nds32le-elf/d1a518c4a097666d86058e1444f85ca015d15511 -DCOREBOOT_SDK_ROOT_picolibc_riscv64=/home/jpmurphy/.cache/coreboot-sdk/picolibc-riscv64-elf/f571e990ef0278564b31124f8bb109d9a697eb69 -DCOREBOOT_SDK_ROOT_arm=/home/jpmurphy/.cache/coreboot-sdk/arm-eabi/ea40ddd1d190c3b48435c474c0b545719371813a -DCOREBOOT_SDK_ROOT_libstdcxx_riscv64=/home/jpmurphy/.cache/coreboot-sdk/libstdcxx-riscv64-elf/17abf22a3a252e2d5d2062ced5324f7a623689e0 -DCOREBOOT_SDK_ROOT_libstdcxx_arm=/home/jpmurphy/.cache/coreboot-sdk/libstdcxx-arm-eabi/5d7d82e150e44aa1968f1d366e267e6687b328ac -DCOREBOOT_SDK_ROOT_riscv=/home/jpmurphy/.cache/coreboot-sdk/riscv-elf/9a27b9e82341c6e9126624f516ab3f261abb3e73 -DCOREBOOT_SDK_ROOT_libstdcxx_x86=/home/jpmurphy/.cache/coreboot-sdk/libstdcxx-i386-elf/42ef9d2e87a76a37963175d7d428734e65648b87 -DZEPHYR_TOOLCHAIN_VARIANT=coreboot-sdk -DZEPHYR_MODULES=/mnt/host/source/src/platform/ec/build/zephyr/brox/modules/ec -DDTC_OVERLAY_FILE=/mnt/host/source/src/platform/ec/zephyr/program/brox/brox/project.overlay -DBOARD=it8xxx2/it82002aw -DCMAKE_C_FLAGS=-DSECTION_IS_RO '-DCONF_FILE=/mnt/host/source/src/platform/ec/zephyr/program/brox/program.conf;/mnt/host/source/src/platform/ec/zephyr/program/brox/ite.conf;/mnt/host/source/src/platform/ec/zephyr/program/brox/brox/project.conf;/mnt/host/source/src/platform/ec/zephyr/program/brox/motionsense.conf;/mnt/host/source/src/platform/ec/build/zephyr/brox/kconfig-ro.conf'`
[brox:ro] Loading Zephyr default modules (Zephyr base (cached)).
[brox:ro] -- Application: /mnt/host/source/src/platform/ec/zephyr/program/brox
[brox:rw] Configuring.
Running `env -i PYTHONPATH=/usr/lib64/python-exec/python3.11:/mnt/host/source/src/platform/ec/zephyr/zmake:/usr/lib/python311.zip:/usr/lib/python3.11:/usr/lib/python3.11/lib-dynload:/usr/lib/python3.11/site-packages PW_PIGWEED_CIPD_INSTALL_DIR=/usr CROSTC_USER_ACKNOWLEDGES_THAT_RISCV_IS_EXPERIMENTAL=1 PATH=/mnt/host/source/chromite/bin:/usr/local/bin:/usr/bin:/bin:/opt/bin:/mnt/host/source/chromite/sdk/bin:/mnt/host/source/chromite/bin HOME=/home/jpmurphy JAVA_HOME=/etc/java-config-2/current-system-vm JDK_HOME=/etc/java-config-2/current-system-vm JAVAC=/etc/java-config-2/current-system-vm/bin/javac MAKEFLAGS=' -j16 --jobserver-auth=5,6' /usr/bin/cmake -S /mnt/host/source/src/platform/ec/zephyr/program/brox -B /mnt/host/source/src/platform/ec/build/zephyr/brox/build-rw -GNinja -DCMAKE_EXPORT_COMPILE_COMMANDS=ON -DZEPHYR_BASE=/mnt/host/source/src/third_party/zephyr/main -DZMAKE_INCLUDE_DIR=/mnt/host/source/src/platform/ec/build/zephyr/brox/include -DPython3_EXECUTABLE=/usr/bin/python3.11 -DDTS_ROOT=/mnt/host/source/src/platform/ec/zephyr -DSYSCALL_INCLUDE_DIRS=/mnt/host/source/src/platform/ec/zephyr/include/drivers -DUSER_CACHE_DIR=/mnt/host/source/src/platform/ec/build/zephyr/user-cache '-DEXTRA_EC_VERSION_FLAGS=--version 16543.0.0 --static' -DTOOLCHAIN_ROOT=/mnt/host/source/src/platform/ec/zephyr -DCOREBOOT_SDK_ROOT_x86=/home/jpmurphy/.cache/coreboot-sdk/i386-elf/dfbb0486385d938cfa9d73080b9d18d598ed4f49 -DCOREBOOT_SDK_ROOT_picolibc_x86=/home/jpmurphy/.cache/coreboot-sdk/picolibc-i386-elf/eb8e8e687b95461de8cbf278f1c2076952d0ad17 -DCOREBOOT_SDK_ROOT_riscv64=/home/jpmurphy/.cache/coreboot-sdk/riscv64-elf/96b949749225b6aaa92ed810ab769e8dfb12f000 -DCOREBOOT_SDK_ROOT_picolibc_arm=/home/jpmurphy/.cache/coreboot-sdk/picolibc-arm-eabi/422a2aa3e1ef891b5bece9a3deb696ff83840d2e -DCOREBOOT_SDK_ROOT_nds32=/home/jpmurphy/.cache/coreboot-sdk/nds32le-elf/d1a518c4a097666d86058e1444f85ca015d15511 -DCOREBOOT_SDK_ROOT_picolibc_riscv64=/home/jpmurphy/.cache/coreboot-sdk/picolibc-riscv64-elf/f571e990ef0278564b31124f8bb109d9a697eb69 -DCOREBOOT_SDK_ROOT_arm=/home/jpmurphy/.cache/coreboot-sdk/arm-eabi/ea40ddd1d190c3b48435c474c0b545719371813a -DCOREBOOT_SDK_ROOT_libstdcxx_riscv64=/home/jpmurphy/.cache/coreboot-sdk/libstdcxx-riscv64-elf/17abf22a3a252e2d5d2062ced5324f7a623689e0 -DCOREBOOT_SDK_ROOT_libstdcxx_arm=/home/jpmurphy/.cache/coreboot-sdk/libstdcxx-arm-eabi/5d7d82e150e44aa1968f1d366e267e6687b328ac -DCOREBOOT_SDK_ROOT_riscv=/home/jpmurphy/.cache/coreboot-sdk/riscv-elf/9a27b9e82341c6e9126624f516ab3f261abb3e73 -DCOREBOOT_SDK_ROOT_libstdcxx_x86=/home/jpmurphy/.cache/coreboot-sdk/libstdcxx-i386-elf/42ef9d2e87a76a37963175d7d428734e65648b87 -DZEPHYR_TOOLCHAIN_VARIANT=coreboot-sdk -DZEPHYR_MODULES=/mnt/host/source/src/platform/ec/build/zephyr/brox/modules/ec -DDTC_OVERLAY_FILE=/mnt/host/source/src/platform/ec/zephyr/program/brox/brox/project.overlay -DBOARD=it8xxx2/it82002aw -DCMAKE_C_FLAGS=-DSECTION_IS_RW '-DCONF_FILE=/mnt/host/source/src/platform/ec/zephyr/program/brox/program.conf;/mnt/host/source/src/platform/ec/zephyr/program/brox/ite.conf;/mnt/host/source/src/platform/ec/zephyr/program/brox/brox/project.conf;/mnt/host/source/src/platform/ec/zephyr/program/brox/motionsense.conf;/mnt/host/source/src/platform/ec/build/zephyr/brox/kconfig-rw.conf'`
[riven:rw] [9/407] Generating include/generated/zephyr/kobj-types-enum.h, include/generated/zephyr/otype-to-str.h, include/generated/zephyr/otype-to-size.h
[brox:rw] Loading Zephyr default modules (Zephyr base (cached)).
[brox:rw] -- Application: /mnt/host/source/src/platform/ec/zephyr/program/brox
[brox:rw] -- CMake version: 3.31.7
[rex:ro] -- git describe warned: warning: tag 'upstream/v2.7.99' is externally known as 'v2.7.99'
[rex:ro] -- Zephyr version: 4.3.99 (/mnt/host/source/src/third_party/zephyr/main)
[rex:ro] [5/437] Generating misc/generated/syscalls.json, misc/generated/struct_tags.json
[rex:rw] [6/437] Generating include/generated/zephyr/syscall_dispatch.c, include/generated/zephyr/syscall_exports_llext.c, syscall_weakdefs_llext.c, include/generated/zephyr/syscall_list.h
[rex:rw] [7/437] Generating include/generated/zephyr/driver-validation.h
[riven:rw] [10/407] Building C object zephyr/drivers/sensor/CMakeFiles/drivers__sensor.dir/mnt/host/source/src/third_party/zephyr/main/misc/empty_file.c.obj
[rex:rw] [8/437] Generating include/generated/device-api-sections.ld, include/generated/device-api-sections.cmake
[riven:ro] -- git describe warned: warning: tag 'upstream/v2.7.99' is externally known as 'v2.7.99'
[riven:ro] -- Zephyr version: 4.3.99 (/mnt/host/source/src/third_party/zephyr/main)
[riven:ro] [5/407] Generating misc/generated/syscalls.json, misc/generated/struct_tags.json
[rex:ro] [6/437] Generating include/generated/zephyr/syscall_dispatch.c, include/generated/zephyr/syscall_exports_llext.c, syscall_weakdefs_llext.c, include/generated/zephyr/syscall_list.h
[riven:rw] [11/407] Linking C static library zephyr/drivers/sensor/libdrivers__sensor.a
[ocicat:ro] Configuring.
[rex:rw] [9/437] Generating include/generated/zephyr/kobj-types-enum.h, include/generated/zephyr/otype-to-str.h, include/generated/zephyr/otype-to-size.h
[brox:ro] -- CMake version: 3.31.7
[brox:ro] -- Found Python3: /usr/bin/python3.11 (found suitable version "3.11.11", minimum required is "3.10") found components: Interpreter
Running `env -i PYTHONPATH=/usr/lib64/python-exec/python3.11:/mnt/host/source/src/platform/ec/zephyr/zmake:/usr/lib/python311.zip:/usr/lib/python3.11:/usr/lib/python3.11/lib-dynload:/usr/lib/python3.11/site-packages PW_PIGWEED_CIPD_INSTALL_DIR=/usr CROSTC_USER_ACKNOWLEDGES_THAT_RISCV_IS_EXPERIMENTAL=1 PATH=/mnt/host/source/chromite/bin:/usr/local/bin:/usr/bin:/bin:/opt/bin:/mnt/host/source/chromite/sdk/bin:/mnt/host/source/chromite/bin HOME=/home/jpmurphy JAVA_HOME=/etc/java-config-2/current-system-vm JDK_HOME=/etc/java-config-2/current-system-vm JAVAC=/etc/java-config-2/current-system-vm/bin/javac MAKEFLAGS=' -j16 --jobserver-auth=5,6' /usr/bin/cmake -S /mnt/host/source/src/platform/ec/zephyr/program/ocelot -B /mnt/host/source/src/platform/ec/build/zephyr/ocicat/build-ro -GNinja -DCMAKE_EXPORT_COMPILE_COMMANDS=ON -DZEPHYR_BASE=/mnt/host/source/src/third_party/zephyr/main -DZMAKE_INCLUDE_DIR=/mnt/host/source/src/platform/ec/build/zephyr/ocicat/include -DPython3_EXECUTABLE=/usr/bin/python3.11 -DDTS_ROOT=/mnt/host/source/src/platform/ec/zephyr -DSYSCALL_INCLUDE_DIRS=/mnt/host/source/src/platform/ec/zephyr/include/drivers -DUSER_CACHE_DIR=/mnt/host/source/src/platform/ec/build/zephyr/user-cache -DPW_ROOT=/mnt/host/source/src/third_party/pigweed -DNANOPB_DIR=/mnt/host/source/src/third_party/zephyr/nanopb '-DEXTRA_EC_VERSION_FLAGS=--version 16543.0.0 --static' -DTOOLCHAIN_ROOT=/mnt/host/source/src/platform/ec/zephyr -DCOREBOOT_SDK_ROOT_x86=/home/jpmurphy/.cache/coreboot-sdk/i386-elf/dfbb0486385d938cfa9d73080b9d18d598ed4f49 -DCOREBOOT_SDK_ROOT_picolibc_x86=/home/jpmurphy/.cache/coreboot-sdk/picolibc-i386-elf/eb8e8e687b95461de8cbf278f1c2076952d0ad17 -DCOREBOOT_SDK_ROOT_riscv64=/home/jpmurphy/.cache/coreboot-sdk/riscv64-elf/96b949749225b6aaa92ed810ab769e8dfb12f000 -DCOREBOOT_SDK_ROOT_picolibc_arm=/home/jpmurphy/.cache/coreboot-sdk/picolibc-arm-eabi/422a2aa3e1ef891b5bece9a3deb696ff83840d2e -DCOREBOOT_SDK_ROOT_nds32=/home/jpmurphy/.cache/coreboot-sdk/nds32le-elf/d1a518c4a097666d86058e1444f85ca015d15511 -DCOREBOOT_SDK_ROOT_picolibc_riscv64=/home/jpmurphy/.cache/coreboot-sdk/picolibc-riscv64-elf/f571e990ef0278564b31124f8bb109d9a697eb69 -DCOREBOOT_SDK_ROOT_arm=/home/jpmurphy/.cache/coreboot-sdk/arm-eabi/ea40ddd1d190c3b48435c474c0b545719371813a -DCOREBOOT_SDK_ROOT_libstdcxx_riscv64=/home/jpmurphy/.cache/coreboot-sdk/libstdcxx-riscv64-elf/17abf22a3a252e2d5d2062ced5324f7a623689e0 -DCOREBOOT_SDK_ROOT_libstdcxx_arm=/home/jpmurphy/.cache/coreboot-sdk/libstdcxx-arm-eabi/5d7d82e150e44aa1968f1d366e267e6687b328ac -DCOREBOOT_SDK_ROOT_riscv=/home/jpmurphy/.cache/coreboot-sdk/riscv-elf/9a27b9e82341c6e9126624f516ab3f261abb3e73 -DCOREBOOT_SDK_ROOT_libstdcxx_x86=/home/jpmurphy/.cache/coreboot-sdk/libstdcxx-i386-elf/42ef9d2e87a76a37963175d7d428734e65648b87 -DZEPHYR_TOOLCHAIN_VARIANT=coreboot-sdk '-DZEPHYR_MODULES=/mnt/host/source/src/platform/ec/build/zephyr/ocicat/modules/cmsis;/mnt/host/source/src/platform/ec/build/zephyr/ocicat/modules/cmsis_6;/mnt/host/source/src/platform/ec/build/zephyr/ocicat/modules/ec;/mnt/host/source/src/platform/ec/build/zephyr/ocicat/modules/pigweed;/mnt/host/source/src/platform/ec/build/zephyr/ocicat/modules/nanopb' -DDTC_OVERLAY_FILE=/mnt/host/source/src/platform/ec/zephyr/program/ocelot/ocicat/project.overlay -DBOARD=it8xxx2/it82002bw -DCMAKE_C_FLAGS=-DSECTION_IS_RO '-DCONF_FILE=/mnt/host/source/src/platform/ec/zephyr/program/ocelot/program.conf;/mnt/host/source/src/platform/ec/zephyr/program/ocelot/ocicat/project.conf;/mnt/host/source/src/platform/ec/build/zephyr/ocicat/kconfig-ro.conf'`
[brox:ro] -- Cache files will be written to: /mnt/host/source/src/platform/ec/build/zephyr/user-cache
[ocicat:ro] Loading Zephyr default modules (Zephyr base (cached)).
[ocicat:ro] -- Application: /mnt/host/source/src/platform/ec/zephyr/program/ocelot
[riven:ro] [6/407] Generating include/generated/zephyr/syscall_dispatch.c, include/generated/zephyr/syscall_exports_llext.c, syscall_weakdefs_llext.c, include/generated/zephyr/syscall_list.h
[brox:ro] -- Zephyr version: 4.3.99 (/mnt/host/source/src/third_party/zephyr/main)
[/mnt/host/source/src/platform/ec/build/zephyr/yoda-lcov] geninfo: WARNING: using JSON module "JSON::PP" - which is much slower than some alternatives.  Consider installing one of JSON::XS or Cpanel::JSON::XS
[brox:rw] -- Found Python3: /usr/bin/python3.11 (found suitable version "3.11.11", minimum required is "3.10") found components: Interpreter
[rex:ro] [7/437] Generating include/generated/zephyr/driver-validation.h
[brox:rw] -- Cache files will be written to: /mnt/host/source/src/platform/ec/build/zephyr/user-cache
[brox:rw] -- Zephyr version: 4.3.99 (/mnt/host/source/src/third_party/zephyr/main)
[mtlrvpp_npcx:rw] -- Board: npcx9, qualifiers: npcx9m3f
[rex:ro] [8/437] Generating include/generated/zephyr/kobj-types-enum.h, include/generated/zephyr/otype-to-str.h, include/generated/zephyr/otype-to-size.h
[rex:ro] [9/437] Generating include/generated/device-api-sections.ld, include/generated/device-api-sections.cmake
[riven:ro] [7/407] Generating include/generated/zephyr/driver-validation.h
[riven:ro] [8/407] Generating include/generated/device-api-sections.ld, include/generated/device-api-sections.cmake
[hylia:ro] -- Zephyr version: 4.3.99 (/mnt/host/source/src/third_party/zephyr/main)
[hylia:ro] [5/366] Generating misc/generated/syscalls.json, misc/generated/struct_tags.json
Toolchain <zmake.toolchains.CorebootSdkToolchain object at 0x7f4120441250> selected by probe function.
[epic] Building in /mnt/host/source/src/platform/ec/build/zephyr/epic.
[epic:rw] Configuring.
Running `env -i PYTHONPATH=/usr/lib64/python-exec/python3.11:/mnt/host/source/src/platform/ec/zephyr/zmake:/usr/lib/python311.zip:/usr/lib/python3.11:/usr/lib/python3.11/lib-dynload:/usr/lib/python3.11/site-packages PW_PIGWEED_CIPD_INSTALL_DIR=/usr CROSTC_USER_ACKNOWLEDGES_THAT_RISCV_IS_EXPERIMENTAL=1 PATH=/mnt/host/source/chromite/bin:/usr/local/bin:/usr/bin:/bin:/opt/bin:/mnt/host/source/chromite/sdk/bin:/mnt/host/source/chromite/bin HOME=/home/jpmurphy JAVA_HOME=/etc/java-config-2/current-system-vm JDK_HOME=/etc/java-config-2/current-system-vm JAVAC=/etc/java-config-2/current-system-vm/bin/javac MAKEFLAGS=' -j16 --jobserver-auth=5,6' /usr/bin/cmake -S /mnt/host/source/src/platform/ec/zephyr/program/nissa -B /mnt/host/source/src/platform/ec/build/zephyr/epic/build-rw -GNinja -DCMAKE_EXPORT_COMPILE_COMMANDS=ON -DZEPHYR_BASE=/mnt/host/source/src/third_party/zephyr/main -DZMAKE_INCLUDE_DIR=/mnt/host/source/src/platform/ec/build/zephyr/epic/include -DPython3_EXECUTABLE=/usr/bin/python3.11 -DDTS_ROOT=/mnt/host/source/src/platform/ec/zephyr -DSYSCALL_INCLUDE_DIRS=/mnt/host/source/src/platform/ec/zephyr/include/drivers -DUSER_CACHE_DIR=/mnt/host/source/src/platform/ec/build/zephyr/user-cache '-DEXTRA_EC_VERSION_FLAGS=--version 16543.0.0 --static' -DTOOLCHAIN_ROOT=/mnt/host/source/src/platform/ec/zephyr -DCOREBOOT_SDK_ROOT_x86=/home/jpmurphy/.cache/coreboot-sdk/i386-elf/dfbb0486385d938cfa9d73080b9d18d598ed4f49 -DCOREBOOT_SDK_ROOT_picolibc_x86=/home/jpmurphy/.cache/coreboot-sdk/picolibc-i386-elf/eb8e8e687b95461de8cbf278f1c2076952d0ad17 -DCOREBOOT_SDK_ROOT_riscv64=/home/jpmurphy/.cache/coreboot-sdk/riscv64-elf/96b949749225b6aaa92ed810ab769e8dfb12f000 -DCOREBOOT_SDK_ROOT_picolibc_arm=/home/jpmurphy/.cache/coreboot-sdk/picolibc-arm-eabi/422a2aa3e1ef891b5bece9a3deb696ff83840d2e -DCOREBOOT_SDK_ROOT_nds32=/home/jpmurphy/.cache/coreboot-sdk/nds32le-elf/d1a518c4a097666d86058e1444f85ca015d15511 -DCOREBOOT_SDK_ROOT_picolibc_riscv64=/home/jpmurphy/.cache/coreboot-sdk/picolibc-riscv64-elf/f571e990ef0278564b31124f8bb109d9a697eb69 -DCOREBOOT_SDK_ROOT_arm=/home/jpmurphy/.cache/coreboot-sdk/arm-eabi/ea40ddd1d190c3b48435c474c0b545719371813a -DCOREBOOT_SDK_ROOT_libstdcxx_riscv64=/home/jpmurphy/.cache/coreboot-sdk/libstdcxx-riscv64-elf/17abf22a3a252e2d5d2062ced5324f7a623689e0 -DCOREBOOT_SDK_ROOT_libstdcxx_arm=/home/jpmurphy/.cache/coreboot-sdk/libstdcxx-arm-eabi/5d7d82e150e44aa1968f1d366e267e6687b328ac -DCOREBOOT_SDK_ROOT_riscv=/home/jpmurphy/.cache/coreboot-sdk/riscv-elf/9a27b9e82341c6e9126624f516ab3f261abb3e73 -DCOREBOOT_SDK_ROOT_libstdcxx_x86=/home/jpmurphy/.cache/coreboot-sdk/libstdcxx-i386-elf/42ef9d2e87a76a37963175d7d428734e65648b87 -DZEPHYR_TOOLCHAIN_VARIANT=coreboot-sdk -DZEPHYR_MODULES=/mnt/host/source/src/platform/ec/build/zephyr/epic/modules/ec -DDTC_OVERLAY_FILE=/mnt/host/source/src/platform/ec/zephyr/program/nissa/epic/project.overlay -DBOARD=it8xxx2/it81302bx -DCMAKE_C_FLAGS=-DSECTION_IS_RW '-DCONF_FILE=/mnt/host/source/src/platform/ec/zephyr/program/nissa/program.conf;/mnt/host/source/src/platform/ec/zephyr/program/nissa/it8xxx2_program.conf;/mnt/host/source/src/platform/ec/zephyr/program/nissa/epic/project.conf;/mnt/host/source/src/platform/ec/build/zephyr/epic/kconfig-rw.conf'`
[epic:rw] Loading Zephyr default modules (Zephyr base (cached)).
[epic:rw] -- Application: /mnt/host/source/src/platform/ec/zephyr/program/nissa
[epic:rw] -- CMake version: 3.31.7
[ocicat:ro] -- CMake version: 3.31.7
[ocicat:ro] -- Found Python3: /usr/bin/python3.11 (found suitable version "3.11.11", minimum required is "3.10") found components: Interpreter
[ocicat:ro] -- Cache files will be written to: /mnt/host/source/src/platform/ec/build/zephyr/user-cache
[riven:ro] [9/407] Generating include/generated/zephyr/kobj-types-enum.h, include/generated/zephyr/otype-to-str.h, include/generated/zephyr/otype-to-size.h
[ocicat:ro] -- Zephyr version: 4.3.99 (/mnt/host/source/src/third_party/zephyr/main)
[riven:rw] [12/407] Building C object zephyr/CMakeFiles/offsets.dir/arch/arm/core/offsets/offsets.c.obj
[hylia:ro] [6/366] Generating include/generated/zephyr/syscall_dispatch.c, include/generated/zephyr/syscall_exports_llext.c, syscall_weakdefs_llext.c, include/generated/zephyr/syscall_list.h
[rex:ro] [10/437] Building C object zephyr/drivers/sensor/CMakeFiles/drivers__sensor.dir/mnt/host/source/src/third_party/zephyr/main/misc/empty_file.c.obj
[rex:ro] [11/437] Linking C static library zephyr/drivers/sensor/libdrivers__sensor.a
[hylia:ro] [7/366] Generating include/generated/zephyr/driver-validation.h
[riven:rw] [13/407] Generating include/generated/zephyr/offsets.h
[epic:rw] -- Found Python3: /usr/bin/python3.11 (found suitable version "3.11.11", minimum required is "3.10") found components: Interpreter
[epic:rw] -- Cache files will be written to: /mnt/host/source/src/platform/ec/build/zephyr/user-cache
[hylia:ro] [8/366] Generating include/generated/zephyr/kobj-types-enum.h, include/generated/zephyr/otype-to-str.h, include/generated/zephyr/otype-to-size.h
[epic:rw] -- Zephyr version: 4.3.99 (/mnt/host/source/src/third_party/zephyr/main)
[hylia:ro] [9/366] Generating include/generated/device-api-sections.ld, include/generated/device-api-sections.cmake
[rex:rw] [10/437] Building C object zephyr/CMakeFiles/offsets.dir/arch/arm/core/offsets/offsets.c.obj
[ocicat:rw] -- Board: it8xxx2, qualifiers: it82002bw
[rex:ro] [12/437] Building C object zephyr/CMakeFiles/offsets.dir/arch/arm/core/offsets/offsets.c.obj
[rex:rw] [11/437] Generating include/generated/zephyr/offsets.h
[riven:ro] [10/407] Building C object zephyr/drivers/sensor/CMakeFiles/drivers__sensor.dir/mnt/host/source/src/third_party/zephyr/main/misc/empty_file.c.obj
[riven:ro] [11/407] Building C object zephyr/CMakeFiles/offsets.dir/arch/arm/core/offsets/offsets.c.obj
[rex:ro] [13/437] Generating include/generated/zephyr/offsets.h
[riven:ro] [12/407] Linking C static library zephyr/drivers/sensor/libdrivers__sensor.a
[/mnt/host/source/src/platform/ec/build/zephyr/yoda-lcov] stderr:
[riven:ro] [13/407] Generating include/generated/zephyr/offsets.h
[brox:ro] -- Board: it8xxx2, qualifiers: it82002aw
[brox:rw] -- Board: it8xxx2, qualifiers: it82002aw
[riven:rw] [14/407] Building C object CMakeFiles/app.dir/mnt/host/source/src/platform/ec/zephyr/subsys/ap_pwrseq/ap_events.c.obj
[hylia:ro] [10/366] Building C object zephyr/CMakeFiles/offsets.dir/arch/riscv/core/offsets/offsets.c.obj
[riven:rw] [15/407] Building C object CMakeFiles/app.dir/mnt/host/source/src/platform/ec/zephyr/subsys/ap_pwrseq/ap_power_interface.c.obj
[hylia:ro] [11/366] Generating include/generated/zephyr/offsets.h
[/mnt/host/source/src/platform/ec/build/zephyr/uldren-lcov]   /mnt/host/source/src/platform/ec/build/zephyr/uldren/build-ro/modules/ec/zephyr/CMakeFiles/ec_shim.dir/shim/src/usba.c.gcno:no functions found
[/mnt/host/source/src/platform/ec/build/zephyr/uldren-lcov] stderr:
[ocicat:ro] -- Board: it8xxx2, qualifiers: it82002bw
[/mnt/host/source/src/platform/ec/build/zephyr/yoda-lcov]   /mnt/host/source/src/platform/ec/build/zephyr/yoda/build-ro/modules/ec/zephyr/CMakeFiles/ec_shim.dir/shim/src/power.c.gcno:no functions found
[/mnt/host/source/src/platform/ec/build/zephyr/yoda-lcov] stderr:
[rex:rw] [12/437] Building C object CMakeFiles/app.dir/mnt/host/source/src/platform/ec/zephyr/subsys/ap_pwrseq/ap_events.c.obj
[rex:ro] [14/437] Building C object CMakeFiles/app.dir/mnt/host/source/src/platform/ec/zephyr/subsys/ap_pwrseq/ap_events.c.obj
[epic:rw] -- Board: it8xxx2, qualifiers: it81302bx
[mtlrvpp_npcx:rw] -- Found Dtc: /usr/bin/dtc (found suitable version "1.6.0", minimum required is "1.4.6")
[mtlrvpp_npcx:rw] -- Found BOARD.dts: /mnt/host/source/src/platform/ec/zephyr/boards/google/npcx9/npcx9_npcx9m3f.dts
[mtlrvpp_npcx:rw] -- Found devicetree overlay: /mnt/host/source/src/platform/ec/zephyr/program/intelrvp/adlrvp/battery.dts
[mtlrvpp_npcx:rw] -- Found devicetree overlay: /mnt/host/source/src/platform/ec/zephyr/program/intelrvp/mtlrvp/mtlrvpp_npcx/fan.dts
[mtlrvpp_npcx:rw] -- Found devicetree overlay: /mnt/host/source/src/platform/ec/zephyr/program/intelrvp/mtlrvp/mtlrvpp_npcx/gpio.dts
[mtlrvpp_npcx:rw] -- Found devicetree overlay: /mnt/host/source/src/platform/ec/zephyr/program/intelrvp/mtlrvp/mtlrvpp_npcx/tcpc_gpio.dts
[mtlrvpp_npcx:rw] -- Found devicetree overlay: /mnt/host/source/src/platform/ec/zephyr/program/intelrvp/mtlrvp/mtlrvpp_npcx/keyboard.dts
[mtlrvpp_npcx:rw] -- Found devicetree overlay: /mnt/host/source/src/platform/ec/zephyr/program/intelrvp/mtlrvp/mtlrvpp_npcx/interrupts.dts
[mtlrvpp_npcx:rw] -- Found devicetree overlay: /mnt/host/source/src/platform/ec/zephyr/program/intelrvp/mtlrvp/mtlrvpp_npcx/tcpc_interrupts.dts
[mtlrvpp_npcx:rw] -- Found devicetree overlay: /mnt/host/source/src/platform/ec/zephyr/program/intelrvp/mtlrvp/ioex.dts
[riven:ro] [14/407] Building C object CMakeFiles/app.dir/mnt/host/source/src/platform/ec/zephyr/subsys/ap_pwrseq/ap_events.c.obj
[/mnt/host/source/src/platform/ec/build/zephyr/yoda-lcov]   /mnt/host/source/src/platform/ec/build/zephyr/yoda/build-ro/modules/ec/zephyr/CMakeFiles/ec_shim.dir/shim/src/battery.c.gcno:no functions found
[/mnt/host/source/src/platform/ec/build/zephyr/yoda-lcov] stderr:
[riven:rw] [16/407] Building C object CMakeFiles/app.dir/mnt/host/source/src/platform/ec/zephyr/subsys/ap_pwrseq/power_signals.c.obj
[hylia:ro] [12/366] Building C object CMakeFiles/app.dir/mnt/host/source/src/platform/ec/zephyr/subsys/ap_pwrseq/ap_events.c.obj
[rex:ro] [15/437] Building C object CMakeFiles/app.dir/mnt/host/source/src/platform/ec/zephyr/subsys/ap_pwrseq/ap_power_interface.c.obj
[riven:rw] [17/407] Building C object CMakeFiles/app.dir/mnt/host/source/src/platform/ec/zephyr/subsys/ap_pwrseq/signal_gpio.c.obj
[/mnt/host/source/src/platform/ec/build/zephyr/yoda-lcov]   /mnt/host/source/src/platform/ec/build/zephyr/yoda/build-ro/modules/ec/zephyr/CMakeFiles/ec_shim.dir/shim/src/charger.c.gcno:no functions found
[/mnt/host/source/src/platform/ec/build/zephyr/yoda-lcov] stderr:
[ocicat:rw] -- Found Dtc: /usr/bin/dtc (found suitable version "1.6.0", minimum required is "1.4.6")
[rex:ro] [16/437] Building C object CMakeFiles/app.dir/mnt/host/source/src/platform/ec/zephyr/subsys/ap_pwrseq/power_signals.c.obj
[rex:rw] [13/437] Building C object CMakeFiles/app.dir/mnt/host/source/src/platform/ec/zephyr/subsys/ap_pwrseq/ap_power_interface.c.obj
[riven:ro] [15/407] Building C object CMakeFiles/app.dir/mnt/host/source/src/platform/ec/zephyr/subsys/ap_pwrseq/ap_power_interface.c.obj
[/mnt/host/source/src/platform/ec/build/zephyr/yoda-lcov]   /mnt/host/source/src/platform/ec/build/zephyr/yoda/build-ro/modules/ec/zephyr/CMakeFiles/ec_shim.dir/shim/src/usba.c.gcno:no functions found
[/mnt/host/source/src/platform/ec/build/zephyr/yoda-lcov] stderr:
[brox:ro] -- Found Dtc: /usr/bin/dtc (found suitable version "1.6.0", minimum required is "1.4.6")
[brox:ro] -- Found BOARD.dts: /mnt/host/source/src/platform/ec/zephyr/boards/google/it8xxx2/it8xxx2_it82002aw.dts
[riven:rw] [18/407] Building C object CMakeFiles/app.dir/mnt/host/source/src/platform/ec/zephyr/subsys/ap_pwrseq/signal_vw.c.obj
[brox:rw] -- Found Dtc: /usr/bin/dtc (found suitable version "1.6.0", minimum required is "1.4.6")
[brox:rw] -- Found BOARD.dts: /mnt/host/source/src/platform/ec/zephyr/boards/google/it8xxx2/it8xxx2_it82002aw.dts
[brox:rw] -- Found devicetree overlay: /mnt/host/source/src/platform/ec/zephyr/program/brox/brox/project.overlay
[/mnt/host/source/src/platform/ec/build/zephyr/ojal-lcov]   /mnt/host/source/src/platform/ec/build/zephyr/ojal/build-rw/zephyr/CMakeFiles/zephyr.dir/subsys/shell/modules/kernel_service/kernel_shell.c.gcno:no functions found
[/mnt/host/source/src/platform/ec/build/zephyr/ojal-lcov] stderr:
[hylia:ro] [13/366] Building C object CMakeFiles/app.dir/mnt/host/source/src/platform/ec/zephyr/subsys/pd_controller/pdc_pmc_debug.c.obj
[riven:rw] [19/407] Building C object CMakeFiles/app.dir/mnt/host/source/src/platform/ec/zephyr/subsys/ap_pwrseq/signal_adc.c.obj
[rex:ro] [17/437] Building C object CMakeFiles/app.dir/mnt/host/source/src/platform/ec/zephyr/subsys/ap_pwrseq/signal_gpio.c.obj
[ocicat:ro] -- Found Dtc: /usr/bin/dtc (found suitable version "1.6.0", minimum required is "1.4.6")
[ocicat:ro] -- Found BOARD.dts: /mnt/host/source/src/platform/ec/zephyr/boards/google/it8xxx2/it8xxx2_it82002bw.dts
[ocicat:ro] -- Found devicetree overlay: /mnt/host/source/src/platform/ec/zephyr/program/ocelot/ocicat/project.overlay
[/mnt/host/source/src/platform/ec/build/zephyr/ojal-lcov]   /mnt/host/source/src/platform/ec/build/zephyr/ojal/build-rw/zephyr/CMakeFiles/zephyr.dir/lib/libc/validate_libc.c.gcno:no functions found
[/mnt/host/source/src/platform/ec/build/zephyr/ojal-lcov] stderr:
[rex:ro] [18/437] Building C object CMakeFiles/app.dir/mnt/host/source/src/platform/ec/zephyr/subsys/ap_pwrseq/signal_vw.c.obj
[mtlrvpp_npcx:rw] 'int-pin' is marked as deprecated in 'properties:' in /mnt/host/source/src/platform/ec/zephyr/dts/bindings/usbc/tcpc/nuvoton,nct38xx-tcpc.yaml for node /soc-if/io_i2c_ctrl0_port0/nct38xx@73/nct38xx-tcpc.
[mtlrvpp_npcx:rw] 'int-pin' is marked as deprecated in 'properties:' in /mnt/host/source/src/platform/ec/zephyr/dts/bindings/usbc/tcpc/nuvoton,nct38xx-tcpc.yaml for node /soc-if/io_i2c_ctrl0_port0/nct38xx_c1@77/nct38xx-tcpc.
[mtlrvpp_npcx:rw] 'int-pin' is marked as deprecated in 'properties:' in /mnt/host/source/src/platform/ec/zephyr/dts/bindings/usbc/tcpc/cypress,ccgxxf.yaml for node /soc-if/io_i2c_ctrl1_port0/ccgxxf@b.
[mtlrvpp_npcx:rw] 'int-pin' is marked as deprecated in 'properties:' in /mnt/host/source/src/platform/ec/zephyr/dts/bindings/usbc/tcpc/cypress,ccgxxf.yaml for node /soc-if/io_i2c_ctrl1_port0/ccgxxf@1b.
[epic:rw] -- Found Dtc: /usr/bin/dtc (found suitable version "1.6.0", minimum required is "1.4.6")
[rex:rw] [14/437] Building C object CMakeFiles/app.dir/mnt/host/source/src/platform/ec/zephyr/subsys/ap_pwrseq/power_signals.c.obj
[epic:rw] -- Found BOARD.dts: /mnt/host/source/src/platform/ec/zephyr/boards/google/it8xxx2/it8xxx2_it81302bx.dts
[epic:rw] -- Found devicetree overlay: /mnt/host/source/src/platform/ec/zephyr/program/nissa/epic/project.overlay
[riven:ro] [16/407] Building C object CMakeFiles/app.dir/mnt/host/source/src/platform/ec/zephyr/subsys/ap_pwrseq/power_signals.c.obj
[mtlrvpp_npcx:rw] -- Found devicetree overlay: /mnt/host/source/src/platform/ec/zephyr/program/intelrvp/mtlrvp/tcpc_ioex.dts
[mtlrvpp_npcx:rw] -- Found devicetree overlay: /mnt/host/source/src/platform/ec/zephyr/program/intelrvp/mtlrvp/mtlrvpp_npcx/mtlrvp_npcx.dts
[mtlrvpp_npcx:rw] -- Found devicetree overlay: /mnt/host/source/src/platform/ec/zephyr/program/intelrvp/mtlrvp/mtlrvpp_npcx/tcpc_i2c.dts
[mtlrvpp_npcx:rw] -- Found devicetree overlay: /mnt/host/source/src/platform/ec/zephyr/program/intelrvp/mtlrvp/mtlrvpp_npcx/mtlrvp_npcx_power_signals.dts
[mtlrvpp_npcx:rw] -- Found devicetree overlay: /mnt/host/source/src/platform/ec/zephyr/program/intelrvp/adlrvp/adlrvp_npcx/temp_sensor.dts
[mtlrvpp_npcx:rw] -- Found devicetree overlay: /mnt/host/source/src/platform/ec/zephyr/program/intelrvp/mtlrvp/usbc.dts
[mtlrvpp_npcx:rw] -- Generated zephyr.dts: /mnt/host/source/src/platform/ec/build/zephyr/mtlrvpp_npcx/build-rw/zephyr/zephyr.dts
[mtlrvpp_npcx:rw] -- Generated pickled edt: /mnt/host/source/src/platform/ec/build/zephyr/mtlrvpp_npcx/build-rw/zephyr/edt.pickle
[riven:rw] [20/407] Building C object CMakeFiles/app.dir/mnt/host/source/src/platform/ec/zephyr/subsys/ap_pwrseq/power_host_sleep.c.obj
[riven:rw] [21/407] Building C object CMakeFiles/app.dir/mnt/host/source/src/platform/ec/zephyr/subsys/ap_pwrseq/x86_non_dsx_common_pwrseq_sm_handler.c.obj
[rex:ro] [19/437] Building C object CMakeFiles/app.dir/mnt/host/source/src/platform/ec/zephyr/subsys/ap_pwrseq/power_host_sleep.c.obj
[mtlrvpp_npcx:rw] -- Generated devicetree_generated.h: /mnt/host/source/src/platform/ec/build/zephyr/mtlrvpp_npcx/build-rw/zephyr/include/generated/zephyr/devicetree_generated.h
[ocicat:rw] -- Found BOARD.dts: /mnt/host/source/src/platform/ec/zephyr/boards/google/it8xxx2/it8xxx2_it82002bw.dts
[ocicat:rw] -- Found devicetree overlay: /mnt/host/source/src/platform/ec/zephyr/program/ocelot/ocicat/project.overlay
[ocicat:rw] -- Generated zephyr.dts: /mnt/host/source/src/platform/ec/build/zephyr/ocicat/build-rw/zephyr/zephyr.dts
[riven:ro] [17/407] Building C object CMakeFiles/app.dir/mnt/host/source/src/platform/ec/zephyr/subsys/ap_pwrseq/signal_gpio.c.obj
[rex:rw] [15/437] Building C object CMakeFiles/app.dir/mnt/host/source/src/platform/ec/zephyr/subsys/ap_pwrseq/signal_gpio.c.obj
[brox:rw] -- Generated zephyr.dts: /mnt/host/source/src/platform/ec/build/zephyr/brox/build-rw/zephyr/zephyr.dts
[brox:rw] -- Generated pickled edt: /mnt/host/source/src/platform/ec/build/zephyr/brox/build-rw/zephyr/edt.pickle
[brox:ro] -- Found devicetree overlay: /mnt/host/source/src/platform/ec/zephyr/program/brox/brox/project.overlay
[brox:ro] -- Generated zephyr.dts: /mnt/host/source/src/platform/ec/build/zephyr/brox/build-ro/zephyr/zephyr.dts
[rex:ro] [20/437] Building C object CMakeFiles/app.dir/mnt/host/source/src/platform/ec/zephyr/subsys/ap_pwrseq/x86_non_dsx_common_pwrseq_sm_handler.c.obj
[ocicat:rw] -- Generated pickled edt: /mnt/host/source/src/platform/ec/build/zephyr/ocicat/build-rw/zephyr/edt.pickle
[ocicat:rw] -- Generated devicetree_generated.h: /mnt/host/source/src/platform/ec/build/zephyr/ocicat/build-rw/zephyr/include/generated/zephyr/devicetree_generated.h
[riven:rw] [22/407] Building C object CMakeFiles/app.dir/mnt/host/source/src/platform/ec/zephyr/subsys/ap_pwrseq/x86_non_dsx_chipset_power_state.c.obj
[ocicat:ro] -- Generated zephyr.dts: /mnt/host/source/src/platform/ec/build/zephyr/ocicat/build-ro/zephyr/zephyr.dts
[ocicat:ro] -- Generated pickled edt: /mnt/host/source/src/platform/ec/build/zephyr/ocicat/build-ro/zephyr/edt.pickle
[riven:rw] [23/407] Building C object CMakeFiles/app.dir/mnt/host/source/src/platform/ec/zephyr/subsys/ap_pwrseq/x86_non_dsx_common_pwrseq_host_sleep.c.obj
[brox:rw] -- Generated devicetree_generated.h: /mnt/host/source/src/platform/ec/build/zephyr/brox/build-rw/zephyr/include/generated/zephyr/devicetree_generated.h
[rex:ro] [21/437] Building C object CMakeFiles/app.dir/mnt/host/source/src/platform/ec/zephyr/subsys/ap_pwrseq/x86_non_dsx_chipset_power_state.c.obj
[brox:ro] -- Generated pickled edt: /mnt/host/source/src/platform/ec/build/zephyr/brox/build-ro/zephyr/edt.pickle
[brox:ro] -- Generated devicetree_generated.h: /mnt/host/source/src/platform/ec/build/zephyr/brox/build-ro/zephyr/include/generated/zephyr/devicetree_generated.h
[hylia:ro] [14/366] Building C object CMakeFiles/app.dir/mnt/host/source/src/platform/ec/zephyr/subsys/pd_controller/pdc_power_mgmt.c.obj
[/mnt/host/source/src/platform/ec/build/zephyr/uldren-lcov]   /mnt/host/source/src/platform/ec/build/zephyr/uldren/build-ro/CMakeFiles/app.dir/mnt/host/source/src/platform/ec/build/zephyr/uldren/modules/ec/common/usb_pd_pdo.c.gcno:no functions found
[/mnt/host/source/src/platform/ec/build/zephyr/uldren-lcov] stderr:
[riven:ro] [18/407] Building C object CMakeFiles/app.dir/mnt/host/source/src/platform/ec/zephyr/subsys/ap_pwrseq/signal_vw.c.obj
[epic:rw] -- Generated zephyr.dts: /mnt/host/source/src/platform/ec/build/zephyr/epic/build-rw/zephyr/zephyr.dts
[epic:rw] -- Generated pickled edt: /mnt/host/source/src/platform/ec/build/zephyr/epic/build-rw/zephyr/edt.pickle
[rex:rw] [16/437] Building C object CMakeFiles/app.dir/mnt/host/source/src/platform/ec/zephyr/subsys/ap_pwrseq/signal_vw.c.obj
[rex:ro] [22/437] Building C object CMakeFiles/app.dir/mnt/host/source/src/platform/ec/zephyr/subsys/ap_pwrseq/x86_non_dsx_common_pwrseq_host_sleep.c.obj
[ocicat:ro] -- Generated devicetree_generated.h: /mnt/host/source/src/platform/ec/build/zephyr/ocicat/build-ro/zephyr/include/generated/zephyr/devicetree_generated.h
[mtlrvpp_npcx:rw] /mnt/host/source/src/platform/ec/build/zephyr/mtlrvpp_npcx/build-rw/zephyr/zephyr.dts:3802.9-3810.5: Warning (gpios_property): /fans/fan_0: Missing property '#gpio-cells' in node /named-gpios/all-sys-pwrgd or bad phandle (referred from pgood-gpio[0])
[mtlrvpp_npcx:rw] /mnt/host/source/src/platform/ec/build/zephyr/mtlrvpp_npcx/build-rw/zephyr/zephyr.dts:3802.9-3810.5: Warning (gpios_property): /fans/fan_0: Missing property '#gpio-cells' in node /named-gpios/therm-sen-mecc-r or bad phandle (referred from enable-gpio[0])
[riven:rw] [24/407] Building C object CMakeFiles/app.dir/mnt/host/source/src/platform/ec/zephyr/subsys/ap_pwrseq/x86_non_dsx_common_pwrseq_console.c.obj
[riven:rw] [25/407] Building C object CMakeFiles/app.dir/mnt/host/source/src/platform/ec/zephyr/subsys/ap_pwrseq/x86_non_dsx_common_pwrseq_host_command.c.obj
[ocicat:rw] /mnt/host/source/src/platform/ec/build/zephyr/ocicat/build-rw/zephyr/zephyr.dts:1298.27-1992.5: Warning (avoid_unnecessary_addr_size): /soc/pin-controller: unnecessary #address-cells/#size-cells without "ranges" or child "reg" property
[epic:rw] -- Generated devicetree_generated.h: /mnt/host/source/src/platform/ec/build/zephyr/epic/build-rw/zephyr/include/generated/zephyr/devicetree_generated.h
[rex:ro] [23/437] Building C object CMakeFiles/app.dir/mnt/host/source/src/platform/ec/zephyr/subsys/ap_pwrseq/x86_non_dsx_common_pwrseq_console.c.obj
[hylia:ro] [15/366] Building C object CMakeFiles/app.dir/mnt/host/source/src/platform/ec/zephyr/subsys/pd_controller/pdc_console.c.obj
[riven:ro] [19/407] Building C object CMakeFiles/app.dir/mnt/host/source/src/platform/ec/zephyr/subsys/ap_pwrseq/signal_adc.c.obj
[brox:rw] /mnt/host/source/src/platform/ec/build/zephyr/brox/build-rw/zephyr/zephyr.dts:1345.27-2058.5: Warning (avoid_unnecessary_addr_size): /soc/pin-controller: unnecessary #address-cells/#size-cells without "ranges" or child "reg" property
[rex:ro] [24/437] Building C object CMakeFiles/app.dir/mnt/host/source/src/platform/ec/zephyr/subsys/ap_pwrseq/x86_non_dsx_common_pwrseq_host_command.c.obj
[rex:rw] [17/437] Building C object CMakeFiles/app.dir/mnt/host/source/src/platform/ec/zephyr/subsys/ap_pwrseq/power_host_sleep.c.obj
[riven:rw] [26/407] Building C object CMakeFiles/app.dir/mnt/host/source/src/platform/ec/zephyr/subsys/ap_pwrseq/x86_non_dsx_adlp_pwrseq_sm.c.obj
[brox:ro] /mnt/host/source/src/platform/ec/build/zephyr/brox/build-ro/zephyr/zephyr.dts:1345.27-2058.5: Warning (avoid_unnecessary_addr_size): /soc/pin-controller: unnecessary #address-cells/#size-cells without "ranges" or child "reg" property
[riven:rw] [27/407] Building C object CMakeFiles/app.dir/mnt/host/source/src/platform/ec/zephyr/subsys/ap_pwrseq/ap_reset_log.c.obj
[ocicat:ro] /mnt/host/source/src/platform/ec/build/zephyr/ocicat/build-ro/zephyr/zephyr.dts:1298.27-1992.5: Warning (avoid_unnecessary_addr_size): /soc/pin-controller: unnecessary #address-cells/#size-cells without "ranges" or child "reg" property
[rex:ro] [25/437] Building C object CMakeFiles/app.dir/mnt/host/source/src/platform/ec/zephyr/subsys/ap_pwrseq/x86_non_dsx_mtl_pwrseq_sm.c.obj
[riven:ro] [20/407] Building C object CMakeFiles/app.dir/mnt/host/source/src/platform/ec/zephyr/subsys/ap_pwrseq/power_host_sleep.c.obj
[hylia:ro] [16/366] Building C object CMakeFiles/app.dir/mnt/host/source/src/platform/ec/zephyr/subsys/pd_controller/pdc_host_cmd.c.obj
[rex:ro] [26/437] Building C object CMakeFiles/app.dir/mnt/host/source/src/platform/ec/zephyr/subsys/ap_pwrseq/ap_reset_log.c.obj
[epic:rw] /mnt/host/source/src/platform/ec/build/zephyr/epic/build-rw/zephyr/zephyr.dts:1220.27-1924.5: Warning (avoid_unnecessary_addr_size): /soc/pin-controller: unnecessary #address-cells/#size-cells without "ranges" or child "reg" property
[riven:rw] [28/407] Building C object CMakeFiles/app.dir/mnt/host/source/src/platform/ec/build/zephyr/riven/modules/ec/builtin/stdlib.c.obj
[rex:rw] [18/437] Building C object CMakeFiles/app.dir/mnt/host/source/src/platform/ec/zephyr/subsys/ap_pwrseq/x86_non_dsx_common_pwrseq_sm_handler.c.obj
[riven:rw] [29/407] Building C object CMakeFiles/app.dir/mnt/host/source/src/platform/ec/build/zephyr/riven/modules/ec/common/base32.c.obj
[rex:ro] [27/437] Building C object CMakeFiles/app.dir/mnt/host/source/src/platform/ec/build/zephyr/rex/modules/ec/builtin/stdlib.c.obj
[riven:ro] [21/407] Building C object CMakeFiles/app.dir/mnt/host/source/src/platform/ec/zephyr/subsys/ap_pwrseq/x86_non_dsx_common_pwrseq_sm_handler.c.obj
[hylia:ro] [17/366] Building C object CMakeFiles/app.dir/mnt/host/source/src/platform/ec/zephyr/subsys/pd_controller/pdc_stub.c.obj
[rex:ro] [28/437] Building C object CMakeFiles/app.dir/mnt/host/source/src/platform/ec/build/zephyr/rex/modules/ec/common/base32.c.obj
[riven:rw] [30/407] Building C object CMakeFiles/app.dir/mnt/host/source/src/platform/ec/build/zephyr/riven/modules/ec/common/console_output.c.obj
[riven:rw] [31/407] Building C object CMakeFiles/app.dir/mnt/host/source/src/platform/ec/build/zephyr/riven/modules/ec/common/ec_features.c.obj
[rex:rw] [19/437] Building C object CMakeFiles/app.dir/mnt/host/source/src/platform/ec/zephyr/subsys/ap_pwrseq/x86_non_dsx_chipset_power_state.c.obj
[mtlrvpp_npcx:rw] warning: PLATFORM_EC_HOSTCMD_AP_RESET (defined at
[mtlrvpp_npcx:rw] /mnt/host/source/src/platform/ec/zephyr/Kconfig.powerseq:60) was assigned the value 'y' but got the
[mtlrvpp_npcx:rw] value 'n'. Check these unsatisfied dependencies: PLATFORM_EC_POWERSEQ (=n). See
[mtlrvpp_npcx:rw] http://docs.zephyrproject.org/latest/kconfig.html#CONFIG_PLATFORM_EC_HOSTCMD_AP_RESET and/or look up
[mtlrvpp_npcx:rw] PLATFORM_EC_HOSTCMD_AP_RESET in the menuconfig/guiconfig interface. The Application Development
[mtlrvpp_npcx:rw] Primer, Setting Configuration Values, and Kconfig - Tips and Best Practices sections of the manual
[mtlrvpp_npcx:rw] might be helpful too.
[mtlrvpp_npcx:rw] warning: Deprecated symbol I2C_ALLOW_NO_STOP_TRANSACTIONS is enabled.
[ocicat:rw] warning: Deprecated symbol I2C_ALLOW_NO_STOP_TRANSACTIONS is enabled.
[rex:ro] [29/437] Building C object CMakeFiles/app.dir/mnt/host/source/src/platform/ec/build/zephyr/rex/modules/ec/common/console_output.c.obj
[mtlrvpp_npcx:rw] Parsing /mnt/host/source/src/platform/ec/zephyr/program/intelrvp/Kconfig
[riven:ro] [22/407] Building C object CMakeFiles/app.dir/mnt/host/source/src/platform/ec/zephyr/subsys/ap_pwrseq/x86_non_dsx_chipset_power_state.c.obj
[/mnt/host/source/src/platform/ec/build/zephyr/yoda-lcov]   /mnt/host/source/src/platform/ec/build/zephyr/yoda/build-ro/modules/ec/zephyr/CMakeFiles/ec_shim.dir/shim/src/keyscan.c.gcno:no functions found
[/mnt/host/source/src/platform/ec/build/zephyr/yoda-lcov] stderr:
[riven:rw] [32/407] Building C object CMakeFiles/app.dir/mnt/host/source/src/platform/ec/build/zephyr/riven/modules/ec/common/gpio_commands.c.obj
[hylia:ro] [18/366] Building C object CMakeFiles/app.dir/mnt/host/source/src/platform/ec/zephyr/subsys/pd_controller/pdc_dpm.c.obj
[rex:ro] [30/437] Building C object CMakeFiles/app.dir/mnt/host/source/src/platform/ec/build/zephyr/rex/modules/ec/common/ec_features.c.obj
[ocicat:rw] Parsing /mnt/host/source/src/platform/ec/zephyr/program/ocelot/Kconfig
[riven:rw] [33/407] Building C object CMakeFiles/app.dir/mnt/host/source/src/platform/ec/build/zephyr/riven/modules/ec/common/peripheral.c.obj
[rex:rw] [20/437] Building C object CMakeFiles/app.dir/mnt/host/source/src/platform/ec/zephyr/subsys/ap_pwrseq/x86_non_dsx_common_pwrseq_host_sleep.c.obj
[ocicat:ro] warning: Deprecated symbol I2C_ALLOW_NO_STOP_TRANSACTIONS is enabled.
[brox:rw] Parsing /mnt/host/source/src/platform/ec/zephyr/program/brox/Kconfig
[riven:ro] [23/407] Building C object CMakeFiles/app.dir/mnt/host/source/src/platform/ec/zephyr/subsys/ap_pwrseq/x86_non_dsx_common_pwrseq_host_sleep.c.obj
[rex:ro] [31/437] Building C object CMakeFiles/app.dir/mnt/host/source/src/platform/ec/build/zephyr/rex/modules/ec/common/gpio_commands.c.obj
[mtlrvpp_npcx:rw] Loaded configuration '/mnt/host/source/src/platform/ec/zephyr/boards/google/npcx9/npcx9_npcx9m3f_defconfig'
[mtlrvpp_npcx:rw] Merged configuration '/mnt/host/source/src/platform/ec/zephyr/program/intelrvp/program.conf'
[mtlrvpp_npcx:rw] Merged configuration '/mnt/host/source/src/platform/ec/zephyr/program/intelrvp/mtlrvp/prj.conf'
[mtlrvpp_npcx:rw] Merged configuration '/mnt/host/source/src/platform/ec/zephyr/program/intelrvp/zephyr_ap_pwrseq.conf'
[mtlrvpp_npcx:rw] Merged configuration '/mnt/host/source/src/platform/ec/zephyr/program/intelrvp/mtlrvp/mtlrvpp_npcx/prj.conf'
[mtlrvpp_npcx:rw] Merged configuration '/mnt/host/source/src/platform/ec/zephyr/program/intelrvp/mtlrvp/mtlrvpp_npcx/board_npcx.conf'
[mtlrvpp_npcx:rw] Merged configuration '/mnt/host/source/src/platform/ec/zephyr/program/intelrvp/mtlrvp/tcpc.conf'
[mtlrvpp_npcx:rw] Merged configuration '/mnt/host/source/src/platform/ec/build/zephyr/mtlrvpp_npcx/kconfig-rw.conf'
[mtlrvpp_npcx:rw] Configuration saved to '/mnt/host/source/src/platform/ec/build/zephyr/mtlrvpp_npcx/build-rw/zephyr/.config'
[mtlrvpp_npcx:rw] Kconfig header saved to '/mnt/host/source/src/platform/ec/build/zephyr/mtlrvpp_npcx/build-rw/zephyr/include/generated/zephyr/autoconf.h'
[mtlrvpp_npcx:rw] -- Found GnuLd: /home/jpmurphy/.cache/coreboot-sdk/arm-eabi/ea40ddd1d190c3b48435c474c0b545719371813a/arm-eabi/bin/ld.bfd (found version "2.43.1")
[brox:ro] Parsing /mnt/host/source/src/platform/ec/zephyr/program/brox/Kconfig
[epic:rw] /mnt/host/source/src/platform/ec/build/zephyr/epic/build-rw/zephyr/zephyr.dts:3803.9-3810.5: Warning (gpios_property): /fans/fan_0: Missing property '#gpio-cells' in node /named-gpios/fan-enable or bad phandle (referred from enable-gpio[0])
[epic:rw] warning: PLATFORM_EC_LED_COMMON (defined at /mnt/host/source/src/platform/ec/zephyr/Kconfig.led:5)
[epic:rw] was assigned the value 'y' but got the value 'n'. Check these unsatisfied dependencies:
[epic:rw] (!PLATFORM_EC_LED_DT) (=n). See
[epic:rw] http://docs.zephyrproject.org/latest/kconfig.html#CONFIG_PLATFORM_EC_LED_COMMON and/or look up
[epic:rw] PLATFORM_EC_LED_COMMON in the menuconfig/guiconfig interface. The Application Development Primer,
[epic:rw] Setting Configuration Values, and Kconfig - Tips and Best Practices sections of the manual might be
[epic:rw] helpful too.
[epic:rw] warning: PLATFORM_EC_LED_ONOFF_STATES (defined at
[epic:rw] /mnt/host/source/src/platform/ec/zephyr/Kconfig.led:157) was assigned the value 'y' but got the
[epic:rw] value 'n'. Check these unsatisfied dependencies: PLATFORM_EC_LED_COMMON (=n). See
[epic:rw] http://docs.zephyrproject.org/latest/kconfig.html#CONFIG_PLATFORM_EC_LED_ONOFF_STATES and/or look up
[epic:rw] PLATFORM_EC_LED_ONOFF_STATES in the menuconfig/guiconfig interface. The Application Development
[epic:rw] Primer, Setting Configuration Values, and Kconfig - Tips and Best Practices sections of the manual
[epic:rw] might be helpful too.
[epic:rw] warning: TASK_HOSTCMD_STACK_SIZE (defined at
[epic:rw] /mnt/host/source/src/platform/ec/zephyr/Kconfig.stacks:52,
[epic:rw] /mnt/host/source/src/platform/ec/zephyr/Kconfig.tasks:123) was assigned the value '1280' but got the
[epic:rw] value '1152'. See http://docs.zephyrproject.org/latest/kconfig.html#CONFIG_TASK_HOSTCMD_STACK_SIZE
[epic:rw] and/or look up TASK_HOSTCMD_STACK_SIZE in the menuconfig/guiconfig interface. The Application
[epic:rw] Development Primer, Setting Configuration Values, and Kconfig - Tips and Best Practices sections of
[epic:rw] the manual might be helpful too.
[epic:rw] warning: The choice symbol PLATFORM_EC_USB_PD_DISCHARGE_TCPC (defined at
[epic:rw] /mnt/host/source/src/platform/ec/zephyr/Kconfig.pd_discharge:26) was selected (set =y), but no
[epic:rw] symbol ended up as the choice selection. See
[epic:rw] http://docs.zephyrproject.org/latest/kconfig.html#CONFIG_PLATFORM_EC_USB_PD_DISCHARGE_TCPC and/or
[epic:rw] look up PLATFORM_EC_USB_PD_DISCHARGE_TCPC in the menuconfig/guiconfig interface. The Application
[epic:rw] Development Primer, Setting Configuration Values, and Kconfig - Tips and Best Practices sections of
[epic:rw] the manual might be helpful too.
[epic:rw] warning: Deprecated symbol I2C_ALLOW_NO_STOP_TRANSACTIONS is enabled.
[riven:rw] [34/407] Building C object CMakeFiles/app.dir/mnt/host/source/src/platform/ec/build/zephyr/riven/modules/ec/common/printf.c.obj
[riven:rw] [35/407] Building C object CMakeFiles/app.dir/mnt/host/source/src/platform/ec/build/zephyr/riven/modules/ec/common/queue.c.obj
[hylia:ro] [19/366] Building C object CMakeFiles/app.dir/mnt/host/source/src/platform/ec/zephyr/subsys/ucsi/ppm_common.c.obj
[rex:ro] [32/437] Building C object CMakeFiles/app.dir/mnt/host/source/src/platform/ec/build/zephyr/rex/modules/ec/common/peripheral.c.obj
[mtlrvpp_npcx:rw] -- The C compiler identification is GNU 14.2.0
[ocicat:ro] Parsing /mnt/host/source/src/platform/ec/zephyr/program/ocelot/Kconfig
[ocicat:rw] Loaded configuration '/mnt/host/source/src/platform/ec/zephyr/boards/google/it8xxx2/it8xxx2_it82002bw_defconfig'
[ocicat:rw] Merged configuration '/mnt/host/source/src/platform/ec/zephyr/program/ocelot/program.conf'
[ocicat:rw] Merged configuration '/mnt/host/source/src/platform/ec/zephyr/program/ocelot/ocicat/project.conf'
[ocicat:rw] Merged configuration '/mnt/host/source/src/platform/ec/build/zephyr/ocicat/kconfig-rw.conf'
[ocicat:rw] Configuration saved to '/mnt/host/source/src/platform/ec/build/zephyr/ocicat/build-rw/zephyr/.config'
[ocicat:rw] Kconfig header saved to '/mnt/host/source/src/platform/ec/build/zephyr/ocicat/build-rw/zephyr/include/generated/zephyr/autoconf.h'
[ocicat:rw] -- Found GnuLd: /home/jpmurphy/.cache/coreboot-sdk/riscv64-elf/96b949749225b6aaa92ed810ab769e8dfb12f000/riscv64-elf/bin/ld.bfd (found version "2.43.1")
[mtlrvpp_npcx:rw] -- The CXX compiler identification is GNU 14.2.0
[rex:rw] [21/437] Building C object CMakeFiles/app.dir/mnt/host/source/src/platform/ec/zephyr/subsys/ap_pwrseq/x86_non_dsx_common_pwrseq_console.c.obj
[mtlrvpp_npcx:rw] -- The ASM compiler identification is GNU
[mtlrvpp_npcx:rw] -- Found assembler: /home/jpmurphy/.cache/coreboot-sdk/arm-eabi/ea40ddd1d190c3b48435c474c0b545719371813a/bin/arm-eabi-gcc
[mtlrvpp_npcx:rw] CMake Warning at /mnt/host/source/src/platform/ec/zephyr/cmake/linker/ld/linker_libraries.cmake:11 (message):
[epic:rw] Parsing /mnt/host/source/src/platform/ec/zephyr/program/nissa/Kconfig
[ocicat:rw] -- The C compiler identification is GNU 14.2.0
[brox:rw] Loaded configuration '/mnt/host/source/src/platform/ec/zephyr/boards/google/it8xxx2/it8xxx2_it82002aw_defconfig'
[brox:rw] Merged configuration '/mnt/host/source/src/platform/ec/zephyr/program/brox/program.conf'
[brox:rw] Merged configuration '/mnt/host/source/src/platform/ec/zephyr/program/brox/ite.conf'
[brox:rw] Merged configuration '/mnt/host/source/src/platform/ec/zephyr/program/brox/brox/project.conf'
[brox:rw] Merged configuration '/mnt/host/source/src/platform/ec/zephyr/program/brox/motionsense.conf'
[brox:rw] Merged configuration '/mnt/host/source/src/platform/ec/build/zephyr/brox/kconfig-rw.conf'
[brox:rw] Configuration saved to '/mnt/host/source/src/platform/ec/build/zephyr/brox/build-rw/zephyr/.config'
[brox:rw] Kconfig header saved to '/mnt/host/source/src/platform/ec/build/zephyr/brox/build-rw/zephyr/include/generated/zephyr/autoconf.h'
[brox:rw] -- Found GnuLd: /home/jpmurphy/.cache/coreboot-sdk/riscv64-elf/96b949749225b6aaa92ed810ab769e8dfb12f000/riscv64-elf/bin/ld.bfd (found version "2.43.1")
[rex:ro] [33/437] Building C object CMakeFiles/app.dir/mnt/host/source/src/platform/ec/build/zephyr/rex/modules/ec/common/printf.c.obj
[riven:ro] [24/407] Building C object CMakeFiles/app.dir/mnt/host/source/src/platform/ec/zephyr/subsys/ap_pwrseq/x86_non_dsx_common_pwrseq_console.c.obj
[ocicat:rw] -- The CXX compiler identification is GNU 14.2.0
[brox:ro] Loaded configuration '/mnt/host/source/src/platform/ec/zephyr/boards/google/it8xxx2/it8xxx2_it82002aw_defconfig'
[brox:ro] Merged configuration '/mnt/host/source/src/platform/ec/zephyr/program/brox/program.conf'
[brox:ro] Merged configuration '/mnt/host/source/src/platform/ec/zephyr/program/brox/ite.conf'
[brox:ro] Merged configuration '/mnt/host/source/src/platform/ec/zephyr/program/brox/brox/project.conf'
[brox:ro] Merged configuration '/mnt/host/source/src/platform/ec/zephyr/program/brox/motionsense.conf'
[brox:ro] Merged configuration '/mnt/host/source/src/platform/ec/build/zephyr/brox/kconfig-ro.conf'
[brox:ro] Configuration saved to '/mnt/host/source/src/platform/ec/build/zephyr/brox/build-ro/zephyr/.config'
[brox:ro] Kconfig header saved to '/mnt/host/source/src/platform/ec/build/zephyr/brox/build-ro/zephyr/include/generated/zephyr/autoconf.h'
[brox:ro] -- Found GnuLd: /home/jpmurphy/.cache/coreboot-sdk/riscv64-elf/96b949749225b6aaa92ed810ab769e8dfb12f000/riscv64-elf/bin/ld.bfd (found version "2.43.1")
[ocicat:rw] -- The ASM compiler identification is GNU
[ocicat:rw] -- Found assembler: /home/jpmurphy/.cache/coreboot-sdk/riscv64-elf/96b949749225b6aaa92ed810ab769e8dfb12f000/bin/riscv64-elf-gcc
[riven:rw] [36/407] Building C object CMakeFiles/app.dir/mnt/host/source/src/platform/ec/build/zephyr/riven/modules/ec/common/system_boot_time.c.obj
[ocicat:rw] CMake Warning at /mnt/host/source/src/platform/ec/zephyr/cmake/linker/ld/linker_libraries.cmake:11 (message):
[brox:rw] -- The C compiler identification is GNU 14.2.0
[riven:rw] [37/407] Building C object CMakeFiles/app.dir/mnt/host/source/src/platform/ec/build/zephyr/riven/modules/ec/common/system.c.obj
[hylia:ro] [20/366] Building C object CMakeFiles/app.dir/mnt/host/source/src/platform/ec/zephyr/subsys/ucsi/ppm_console.c.obj
[rex:ro] [34/437] Building C object CMakeFiles/app.dir/mnt/host/source/src/platform/ec/build/zephyr/rex/modules/ec/common/queue.c.obj
[ocicat:ro] Loaded configuration '/mnt/host/source/src/platform/ec/zephyr/boards/google/it8xxx2/it8xxx2_it82002bw_defconfig'
[ocicat:ro] Merged configuration '/mnt/host/source/src/platform/ec/zephyr/program/ocelot/program.conf'
[ocicat:ro] Merged configuration '/mnt/host/source/src/platform/ec/zephyr/program/ocelot/ocicat/project.conf'
[ocicat:ro] Merged configuration '/mnt/host/source/src/platform/ec/build/zephyr/ocicat/kconfig-ro.conf'
[ocicat:ro] Configuration saved to '/mnt/host/source/src/platform/ec/build/zephyr/ocicat/build-ro/zephyr/.config'
[ocicat:ro] Kconfig header saved to '/mnt/host/source/src/platform/ec/build/zephyr/ocicat/build-ro/zephyr/include/generated/zephyr/autoconf.h'
[ocicat:ro] -- Found GnuLd: /home/jpmurphy/.cache/coreboot-sdk/riscv64-elf/96b949749225b6aaa92ed810ab769e8dfb12f000/riscv64-elf/bin/ld.bfd (found version "2.43.1")
[brox:ro] -- The C compiler identification is GNU 14.2.0
[mtlrvpp_npcx:rw] -- Performing EC specific devicetree checks
[rex:rw] [22/437] Building C object CMakeFiles/app.dir/mnt/host/source/src/platform/ec/zephyr/subsys/ap_pwrseq/x86_non_dsx_common_pwrseq_host_command.c.obj
[brox:rw] -- The CXX compiler identification is GNU 14.2.0
[brox:rw] -- The ASM compiler identification is GNU
[mtlrvpp_npcx:rw]   Disabling c_library
[mtlrvpp_npcx:rw] Call Stack (most recent call first):
[mtlrvpp_npcx:rw]   /mnt/host/source/src/third_party/zephyr/main/cmake/target_toolchain_flags.cmake:48 (include)
[mtlrvpp_npcx:rw]   /mnt/host/source/src/third_party/zephyr/main/cmake/modules/kernel.cmake:153 (include)
[mtlrvpp_npcx:rw]   /mnt/host/source/src/third_party/zephyr/main/cmake/modules/zephyr_default.cmake:138 (include)
[mtlrvpp_npcx:rw]   /mnt/host/source/src/third_party/zephyr/main/share/zephyr-package/cmake/ZephyrConfig.cmake:66 (include)
[mtlrvpp_npcx:rw]   /mnt/host/source/src/third_party/zephyr/main/share/zephyr-package/cmake/ZephyrConfig.cmake:97 (include_boilerplate)
[mtlrvpp_npcx:rw]   CMakeLists.txt:7 (find_package)
[mtlrvpp_npcx:rw] INFO: Verified 94 GPIOs, no duplicates found
[brox:rw] warning: Deprecated symbol I2C_ALLOW_NO_STOP_TRANSACTIONS is enabled.
[brox:rw] CMake Warning at /mnt/host/source/src/platform/ec/zephyr/cmake/linker/ld/linker_libraries.cmake:11 (message):
[brox:rw]   Disabling c_library
[ocicat:rw] -- Performing EC specific devicetree checks
[brox:ro] -- The CXX compiler identification is GNU 14.2.0
[ocicat:ro] -- The C compiler identification is GNU 14.2.0
[epic:rw] Loaded configuration '/mnt/host/source/src/platform/ec/zephyr/boards/google/it8xxx2/it8xxx2_it81302bx_defconfig'
[epic:rw] Merged configuration '/mnt/host/source/src/platform/ec/zephyr/program/nissa/program.conf'
[epic:rw] Merged configuration '/mnt/host/source/src/platform/ec/zephyr/program/nissa/it8xxx2_program.conf'
[epic:rw] Merged configuration '/mnt/host/source/src/platform/ec/zephyr/program/nissa/epic/project.conf'
[epic:rw] Merged configuration '/mnt/host/source/src/platform/ec/build/zephyr/epic/kconfig-rw.conf'
[epic:rw] Configuration saved to '/mnt/host/source/src/platform/ec/build/zephyr/epic/build-rw/zephyr/.config'
[epic:rw] Kconfig header saved to '/mnt/host/source/src/platform/ec/build/zephyr/epic/build-rw/zephyr/include/generated/zephyr/autoconf.h'
[epic:rw] -- Found GnuLd: /home/jpmurphy/.cache/coreboot-sdk/riscv64-elf/96b949749225b6aaa92ed810ab769e8dfb12f000/riscv64-elf/bin/ld.bfd (found version "2.43.1")
[brox:ro] -- The ASM compiler identification is GNU
[brox:ro] -- Found assembler: /home/jpmurphy/.cache/coreboot-sdk/riscv64-elf/96b949749225b6aaa92ed810ab769e8dfb12f000/bin/riscv64-elf-gcc
[brox:ro] warning: Deprecated symbol I2C_ALLOW_NO_STOP_TRANSACTIONS is enabled.
[brox:ro] CMake Warning at /mnt/host/source/src/platform/ec/zephyr/cmake/linker/ld/linker_libraries.cmake:11 (message):
[brox:ro]   Disabling c_library
[brox:ro] Call Stack (most recent call first):
[brox:ro]   /mnt/host/source/src/third_party/zephyr/main/cmake/target_toolchain_flags.cmake:48 (include)
[brox:ro]   /mnt/host/source/src/third_party/zephyr/main/cmake/modules/kernel.cmake:153 (include)
[brox:ro]   /mnt/host/source/src/third_party/zephyr/main/cmake/modules/zephyr_default.cmake:138 (include)
[brox:ro]   /mnt/host/source/src/third_party/zephyr/main/share/zephyr-package/cmake/ZephyrConfig.cmake:66 (include)
[brox:ro]   /mnt/host/source/src/third_party/zephyr/main/share/zephyr-package/cmake/ZephyrConfig.cmake:97 (include_boilerplate)
[brox:ro]   CMakeLists.txt:6 (find_package)
[ocicat:rw]   Disabling c_library
[ocicat:rw] Call Stack (most recent call first):
[ocicat:rw]   /mnt/host/source/src/third_party/zephyr/main/cmake/target_toolchain_flags.cmake:48 (include)
[ocicat:rw]   /mnt/host/source/src/third_party/zephyr/main/cmake/modules/kernel.cmake:153 (include)
[ocicat:rw]   /mnt/host/source/src/third_party/zephyr/main/cmake/modules/zephyr_default.cmake:138 (include)
[ocicat:rw]   /mnt/host/source/src/third_party/zephyr/main/share/zephyr-package/cmake/ZephyrConfig.cmake:66 (include)
[ocicat:rw]   /mnt/host/source/src/third_party/zephyr/main/share/zephyr-package/cmake/ZephyrConfig.cmake:97 (include_boilerplate)
[ocicat:rw]   CMakeLists.txt:7 (find_package)
[ocicat:rw] INFO: Verified 35 GPIOs, no duplicates found
[ocicat:rw] INFO: Verified 36 '*-gpios' properties, all flags match.
[riven:rw] [38/407] Building C object CMakeFiles/app.dir/mnt/host/source/src/platform/ec/build/zephyr/riven/modules/ec/common/uart_printf.c.obj
[ocicat:ro] -- The CXX compiler identification is GNU 14.2.0
[mtlrvpp_npcx:rw] -- Generating component manifest file
[epic:rw] -- The C compiler identification is GNU 14.2.0
[riven:ro] [25/407] Building C object CMakeFiles/app.dir/mnt/host/source/src/platform/ec/zephyr/subsys/ap_pwrseq/x86_non_dsx_common_pwrseq_host_command.c.obj
[ocicat:ro] -- The ASM compiler identification is GNU
[ocicat:ro] -- Found assembler: /home/jpmurphy/.cache/coreboot-sdk/riscv64-elf/96b949749225b6aaa92ed810ab769e8dfb12f000/bin/riscv64-elf-gcc
[riven:rw] [39/407] Building C object CMakeFiles/app.dir/mnt/host/source/src/platform/ec/build/zephyr/riven/modules/ec/common/util.c.obj
[ocicat:ro] CMake Warning at /mnt/host/source/src/platform/ec/zephyr/cmake/linker/ld/linker_libraries.cmake:11 (message):
[ocicat:ro]   Disabling c_library
[ocicat:ro] Call Stack (most recent call first):
[ocicat:ro]   /mnt/host/source/src/third_party/zephyr/main/cmake/target_toolchain_flags.cmake:48 (include)
[ocicat:ro]   /mnt/host/source/src/third_party/zephyr/main/cmake/modules/kernel.cmake:153 (include)
[ocicat:ro]   /mnt/host/source/src/third_party/zephyr/main/cmake/modules/zephyr_default.cmake:138 (include)
[ocicat:ro]   /mnt/host/source/src/third_party/zephyr/main/share/zephyr-package/cmake/ZephyrConfig.cmake:66 (include)
[rex:ro] [35/437] Building C object CMakeFiles/app.dir/mnt/host/source/src/platform/ec/build/zephyr/rex/modules/ec/common/system.c.obj
[ocicat:rw] -- Generating component manifest file
[mtlrvpp_npcx:rw] INFO: Verified 13 '*-gpios' properties, all flags match.
[mtlrvpp_npcx:rw] INFO: Skipped 23 named-gpios children.
[mtlrvpp_npcx:rw] INFO: Running CME, outputting to /mnt/host/source/src/platform/ec/build/zephyr/mtlrvpp_npcx/build-rw/zephyr/component_manifest.json
[mtlrvpp_npcx:rw] INFO: Project mtlrvpp_npcx does not support SSFC
[mtlrvpp_npcx:rw] INFO: Component virtual-mux-c0(cros-ec,usbc-mux-virtual) not on I2C bus, skip it
[mtlrvpp_npcx:rw] INFO: Component virtual-mux-c0(cros-ec,usbc-mux-virtual) not on I2C bus, skip it
[mtlrvpp_npcx:rw] INFO: Component virtual-mux-c1(cros-ec,usbc-mux-virtual) not on I2C bus, skip it
[mtlrvpp_npcx:rw] INFO: Component virtual-mux-c1(cros-ec,usbc-mux-virtual) not on I2C bus, skip it
[mtlrvpp_npcx:rw] INFO: Component virtual-mux-c2(cros-ec,usbc-mux-virtual) not on I2C bus, skip it
[mtlrvpp_npcx:rw] INFO: Component virtual-mux-c2(cros-ec,usbc-mux-virtual) not on I2C bus, skip it
[mtlrvpp_npcx:rw] INFO: Component virtual-mux-c3(cros-ec,usbc-mux-virtual) not on I2C bus, skip it
[mtlrvpp_npcx:rw] -- warning_base_override: -Wall;-Wformat;-Wformat-security;-Wformat;-Wno-format-zero-length;-Wno-pointer-sign;-Wpointer-arith;-Wexpansion-to-defined
[rex:ro] [36/437] Building C object CMakeFiles/app.dir/mnt/host/source/src/platform/ec/build/zephyr/rex/modules/ec/common/system_boot_time.c.obj
[epic:rw] -- The CXX compiler identification is GNU 14.2.0
[hylia:ro] [21/366] Building C object CMakeFiles/app.dir/mnt/host/source/src/platform/ec/zephyr/subsys/ucsi/ppm_driver.c.obj
[brox:rw] -- Found assembler: /home/jpmurphy/.cache/coreboot-sdk/riscv64-elf/96b949749225b6aaa92ed810ab769e8dfb12f000/bin/riscv64-elf-gcc
[brox:rw] -- Performing EC specific devicetree checks
[ocicat:rw] INFO: Skipped 10 named-gpios children.
[ocicat:rw] INFO: Running CME, outputting to /mnt/host/source/src/platform/ec/build/zephyr/ocicat/build-rw/zephyr/component_manifest.json
[ocicat:rw] INFO: Project ocicat does not support SSFC
[ocicat:rw] INFO: No motionsense-sensor node found
[epic:rw] -- The ASM compiler identification is GNU
[epic:rw] -- Found assembler: /home/jpmurphy/.cache/coreboot-sdk/riscv64-elf/96b949749225b6aaa92ed810ab769e8dfb12f000/bin/riscv64-elf-gcc
[epic:rw] CMake Warning at /mnt/host/source/src/platform/ec/zephyr/cmake/linker/ld/linker_libraries.cmake:11 (message):
[brox:rw] Call Stack (most recent call first):
[brox:rw]   /mnt/host/source/src/third_party/zephyr/main/cmake/target_toolchain_flags.cmake:48 (include)
[brox:rw]   /mnt/host/source/src/third_party/zephyr/main/cmake/modules/kernel.cmake:153 (include)
[brox:rw]   /mnt/host/source/src/third_party/zephyr/main/cmake/modules/zephyr_default.cmake:138 (include)
[brox:rw]   /mnt/host/source/src/third_party/zephyr/main/share/zephyr-package/cmake/ZephyrConfig.cmake:66 (include)
[brox:rw]   /mnt/host/source/src/third_party/zephyr/main/share/zephyr-package/cmake/ZephyrConfig.cmake:97 (include_boilerplate)
[brox:rw]   CMakeLists.txt:6 (find_package)
[brox:rw] INFO: Verified 46 GPIOs, no duplicates found
[brox:rw] INFO: Verified 49 '*-gpios' properties, all flags match.
[brox:rw] INFO: Skipped 16 named-gpios children.
[rex:rw] [23/437] Building C object CMakeFiles/app.dir/mnt/host/source/src/platform/ec/zephyr/subsys/ap_pwrseq/x86_non_dsx_mtl_pwrseq_sm.c.obj
[brox:ro] -- Performing EC specific devicetree checks
[mtlrvpp_npcx:rw] -- Found gen_kobject_list: /mnt/host/source/src/third_party/zephyr/main/scripts/build/gen_kobject_list.py
[ocicat:ro] -- Performing EC specific devicetree checks
[mtlrvpp_npcx:rw] INFO: Component virtual-mux-c3(cros-ec,usbc-mux-virtual) not on I2C bus, skip it
[mtlrvpp_npcx:rw] INFO: No motionsense-sensor node found
[mtlrvpp_npcx:rw] CMake Warning at /mnt/host/source/src/third_party/zephyr/main/CMakeLists.txt:2359 (message):
[mtlrvpp_npcx:rw]   __ASSERT() statements are globally ENABLED
[brox:ro] INFO: Verified 46 GPIOs, no duplicates found
[brox:ro] INFO: Verified 49 '*-gpios' properties, all flags match.
[brox:ro] INFO: Skipped 16 named-gpios children.
[brox:rw] -- Generating component manifest file
[ocicat:rw] -- warning_base_override: -Wall;-Wformat;-Wformat-security;-Wformat;-Wno-format-zero-length;-Wno-pointer-sign;-Wpointer-arith;-Wexpansion-to-defined
[/mnt/host/source/src/platform/ec/build/zephyr/yoda-lcov]   /mnt/host/source/src/platform/ec/build/zephyr/yoda/build-ro/CMakeFiles/app.dir/mnt/host/source/src/platform/ec/build/zephyr/yoda/modules/ec/common/chargen.c.gcno:no functions found
[/mnt/host/source/src/platform/ec/build/zephyr/yoda-lcov] stderr:
[ocicat:rw] The PW_ROOT environment variable is not set; using /mnt/host/source/src/platform/ec/build/zephyr/ocicat/modules/pigweed within CMake
[riven:rw] [40/407] Building C object CMakeFiles/app.dir/mnt/host/source/src/platform/ec/build/zephyr/riven/modules/ec/common/version.c.obj
[mtlrvpp_npcx:rw] -- Configuring done (15.2s)
[/mnt/host/source/src/platform/ec/build/zephyr/uldren-lcov]   /mnt/host/source/src/platform/ec/build/zephyr/uldren/build-ro/CMakeFiles/app.dir/mnt/host/source/src/platform/ec/build/zephyr/uldren/modules/ec/common/chargen.c.gcno:no functions found
[/mnt/host/source/src/platform/ec/build/zephyr/uldren-lcov] stderr:
[ocicat:ro]   /mnt/host/source/src/third_party/zephyr/main/share/zephyr-package/cmake/ZephyrConfig.cmake:97 (include_boilerplate)
[ocicat:ro]   CMakeLists.txt:7 (find_package)
[ocicat:ro] INFO: Verified 35 GPIOs, no duplicates found
[ocicat:ro] INFO: Verified 36 '*-gpios' properties, all flags match.
[ocicat:ro] INFO: Skipped 10 named-gpios children.
[brox:ro] -- Generating component manifest file
[riven:ro] [26/407] Building C object CMakeFiles/app.dir/mnt/host/source/src/platform/ec/zephyr/subsys/ap_pwrseq/x86_non_dsx_adlp_pwrseq_sm.c.obj
[brox:rw] INFO: Running CME, outputting to /mnt/host/source/src/platform/ec/build/zephyr/brox/build-rw/zephyr/component_manifest.json
[brox:rw] WARNING: Unknown or disabled I2C port: i2c@f04480(i2c_ec_pmc_pd)
[brox:rw] INFO: Project brox does not support SSFC
[rex:ro] [37/437] Building C object CMakeFiles/app.dir/mnt/host/source/src/platform/ec/build/zephyr/rex/modules/ec/common/uart_printf.c.obj
[brox:rw] INFO: No motionsense-sensor-alt node found
[riven:rw] [41/407] Building C object CMakeFiles/app.dir/mnt/host/source/src/platform/ec/build/zephyr/riven/modules/ec/common/power_button_x86.c.obj
[rex:ro] [38/437] Building C object CMakeFiles/app.dir/mnt/host/source/src/platform/ec/build/zephyr/rex/modules/ec/common/util.c.obj
[hylia:ro] [22/366] Building C object CMakeFiles/app.dir/mnt/host/source/src/platform/ec/zephyr/subsys/ucsi/ucsi_host_cmd.c.obj
[ocicat:ro] -- Generating component manifest file
[epic:rw] -- Performing EC specific devicetree checks
[brox:ro] INFO: Running CME, outputting to /mnt/host/source/src/platform/ec/build/zephyr/brox/build-ro/zephyr/component_manifest.json
[brox:ro] WARNING: Unknown or disabled I2C port: i2c@f04480(i2c_ec_pmc_pd)
[brox:ro] INFO: Project brox does not support SSFC
[brox:ro] INFO: No motionsense-sensor-alt node found
[brox:rw] -- warning_base_override: -Wall;-Wformat;-Wformat-security;-Wformat;-Wno-format-zero-length;-Wno-pointer-sign;-Wpointer-arith;-Wexpansion-to-defined
[epic:rw]   Disabling c_library
[epic:rw] Call Stack (most recent call first):
[epic:rw]   /mnt/host/source/src/third_party/zephyr/main/cmake/target_toolchain_flags.cmake:48 (include)
[epic:rw]   /mnt/host/source/src/third_party/zephyr/main/cmake/modules/kernel.cmake:153 (include)
[epic:rw]   /mnt/host/source/src/third_party/zephyr/main/cmake/modules/zephyr_default.cmake:138 (include)
[epic:rw]   /mnt/host/source/src/third_party/zephyr/main/share/zephyr-package/cmake/ZephyrConfig.cmake:66 (include)
[epic:rw]   /mnt/host/source/src/third_party/zephyr/main/share/zephyr-package/cmake/ZephyrConfig.cmake:97 (include_boilerplate)
[epic:rw]   CMakeLists.txt:7 (find_package)
[epic:rw] INFO: Verified 59 GPIOs, no duplicates found
[mtlrvpp_npcx:rw] -- Generating done (0.6s)
[mtlrvpp_npcx:rw] CMake Warning:
[mtlrvpp_npcx:rw]   Manually-specified variables were not used by the project:
[mtlrvpp_npcx:rw]     COREBOOT_SDK_ROOT_libstdcxx_riscv64
[mtlrvpp_npcx:rw]     COREBOOT_SDK_ROOT_libstdcxx_x86
[mtlrvpp_npcx:rw]     COREBOOT_SDK_ROOT_nds32
[mtlrvpp_npcx:rw]     COREBOOT_SDK_ROOT_picolibc_riscv64
[mtlrvpp_npcx:rw]     COREBOOT_SDK_ROOT_picolibc_x86
[mtlrvpp_npcx:rw]     COREBOOT_SDK_ROOT_riscv
[mtlrvpp_npcx:rw]     COREBOOT_SDK_ROOT_riscv64
[mtlrvpp_npcx:rw]     COREBOOT_SDK_ROOT_x86
[mtlrvpp_npcx:rw] -- Build files have been written to: /mnt/host/source/src/platform/ec/build/zephyr/mtlrvpp_npcx/build-rw
[rex:rw] [24/437] Building C object CMakeFiles/app.dir/mnt/host/source/src/platform/ec/zephyr/subsys/ap_pwrseq/ap_reset_log.c.obj
[ocicat:ro] INFO: Running CME, outputting to /mnt/host/source/src/platform/ec/build/zephyr/ocicat/build-ro/zephyr/component_manifest.json
[ocicat:ro] INFO: Project ocicat does not support SSFC
[ocicat:ro] INFO: No motionsense-sensor node found
[brox:ro] -- warning_base_override: -Wall;-Wformat;-Wformat-security;-Wformat;-Wno-format-zero-length;-Wno-pointer-sign;-Wpointer-arith;-Wexpansion-to-defined
[ocicat:ro] -- warning_base_override: -Wall;-Wformat;-Wformat-security;-Wformat;-Wno-format-zero-length;-Wno-pointer-sign;-Wpointer-arith;-Wexpansion-to-defined
[ocicat:ro] The PW_ROOT environment variable is not set; using /mnt/host/source/src/platform/ec/build/zephyr/ocicat/modules/pigweed within CMake
[/mnt/host/source/src/platform/ec/build/zephyr/ojal-lcov]   /mnt/host/source/src/platform/ec/build/zephyr/ojal/build-rw/zephyr/CMakeFiles/zephyr.dir/lib/utils/last_section_id.c.gcno:no functions found
[/mnt/host/source/src/platform/ec/build/zephyr/ojal-lcov] stderr:
[epic:rw] -- Generating component manifest file
[brox:rw] -- Found gen_kobject_list: /mnt/host/source/src/third_party/zephyr/main/scripts/build/gen_kobject_list.py
[brox:ro] -- Found gen_kobject_list: /mnt/host/source/src/third_party/zephyr/main/scripts/build/gen_kobject_list.py
[brox:rw] CMake Warning at /mnt/host/source/src/third_party/zephyr/main/CMakeLists.txt:2359 (message):
[brox:rw]   __ASSERT() statements are globally ENABLED
[riven:rw] [42/407] Building C object CMakeFiles/app.dir/mnt/host/source/src/platform/ec/build/zephyr/riven/modules/ec/driver/accel_bma4xx.c.obj
[epic:rw] INFO: Verified 24 '*-gpios' properties, all flags match.
[epic:rw] INFO: Skipped 18 named-gpios children.
[epic:rw] INFO: Running CME, outputting to /mnt/host/source/src/platform/ec/build/zephyr/epic/build-rw/zephyr/component_manifest.json
[epic:rw] INFO: Component virtual-mux-0(cros-ec,usbc-mux-virtual) not on I2C bus, skip it
[epic:rw] INFO: Component virtual-mux-1(cros-ec,usbc-mux-virtual) not on I2C bus, skip it
[epic:rw] INFO: Component virtual-mux-1(cros-ec,usbc-mux-virtual) not on I2C bus, skip it
[epic:rw] INFO: No motionsense-sensor-alt node found
[brox:ro] CMake Warning at /mnt/host/source/src/third_party/zephyr/main/CMakeLists.txt:2359 (message):
[brox:ro]   __ASSERT() statements are globally ENABLED
[riven:ro] [27/407] Building C object CMakeFiles/app.dir/mnt/host/source/src/platform/ec/zephyr/subsys/ap_pwrseq/ap_reset_log.c.obj
[brox:rw] -- Configuring done (15.1s)
[rex:ro] [39/437] Building C object CMakeFiles/app.dir/mnt/host/source/src/platform/ec/build/zephyr/rex/modules/ec/common/version.c.obj
[hylia:ro] [23/366] Building C object CMakeFiles/app.dir/mnt/host/source/src/platform/ec/build/zephyr/hylia/modules/ec/builtin/stdlib.c.obj
[epic:rw] -- warning_base_override: -Wall;-Wformat;-Wformat-security;-Wformat;-Wno-format-zero-length;-Wno-pointer-sign;-Wpointer-arith;-Wexpansion-to-defined
[brox:ro] -- Configuring done (15.3s)
[riven:rw] [43/407] Building C object CMakeFiles/app.dir/mnt/host/source/src/platform/ec/build/zephyr/riven/modules/ec/driver/accel_lis2dw12.c.obj
[rex:ro] [40/437] Building C object CMakeFiles/app.dir/mnt/host/source/src/platform/ec/build/zephyr/rex/modules/ec/common/power_button_x86.c.obj
[rex:rw] [25/437] Building C object CMakeFiles/app.dir/mnt/host/source/src/platform/ec/build/zephyr/rex/modules/ec/builtin/stdlib.c.obj
[brox:rw] -- Generating done (0.6s)
[brox:rw] CMake Warning:
[brox:rw]   Manually-specified variables were not used by the project:
[brox:rw]     COREBOOT_SDK_ROOT_arm
[brox:rw]     COREBOOT_SDK_ROOT_libstdcxx_arm
[brox:rw]     COREBOOT_SDK_ROOT_libstdcxx_x86
[brox:rw]     COREBOOT_SDK_ROOT_nds32
[brox:rw]     COREBOOT_SDK_ROOT_picolibc_arm
[brox:rw]     COREBOOT_SDK_ROOT_picolibc_x86
[brox:rw]     COREBOOT_SDK_ROOT_riscv
[brox:rw]     COREBOOT_SDK_ROOT_x86
[brox:rw] -- Build files have been written to: /mnt/host/source/src/platform/ec/build/zephyr/brox/build-rw
[epic:rw] -- Found gen_kobject_list: /mnt/host/source/src/third_party/zephyr/main/scripts/build/gen_kobject_list.py
[riven:ro] [28/407] Building C object CMakeFiles/app.dir/mnt/host/source/src/platform/ec/build/zephyr/riven/modules/ec/builtin/stdlib.c.obj
[brox:ro] -- Generating done (0.5s)
[brox:ro] CMake Warning:
[brox:ro] -- Build files have been written to: /mnt/host/source/src/platform/ec/build/zephyr/brox/build-ro
[hylia:ro] [24/366] Building C object CMakeFiles/app.dir/mnt/host/source/src/platform/ec/build/zephyr/hylia/modules/ec/common/base32.c.obj
[brox:ro]   Manually-specified variables were not used by the project:
[brox:ro]     COREBOOT_SDK_ROOT_arm
[brox:ro]     COREBOOT_SDK_ROOT_libstdcxx_arm
[brox:ro]     COREBOOT_SDK_ROOT_libstdcxx_x86
[brox:ro]     COREBOOT_SDK_ROOT_nds32
[brox:ro]     COREBOOT_SDK_ROOT_picolibc_arm
[brox:ro]     COREBOOT_SDK_ROOT_picolibc_x86
[brox:ro]     COREBOOT_SDK_ROOT_riscv
[brox:ro]     COREBOOT_SDK_ROOT_x86
[epic:rw] -- Configuring done (15.4s)
[riven:ro] [29/407] Building C object CMakeFiles/app.dir/mnt/host/source/src/platform/ec/build/zephyr/riven/modules/ec/common/base32.c.obj
[riven:rw] [44/407] Building C object CMakeFiles/app.dir/mnt/host/source/src/platform/ec/build/zephyr/riven/modules/ec/common/motion_sense_fifo.c.obj
[rex:ro] [41/437] Building C object CMakeFiles/app.dir/mnt/host/source/src/platform/ec/build/zephyr/rex/modules/ec/driver/accel_lis2dw12.c.obj
[riven:rw] [45/407] Building C object CMakeFiles/app.dir/mnt/host/source/src/platform/ec/build/zephyr/riven/modules/ec/common/adc.c.obj
[rex:ro] [42/437] Building C object CMakeFiles/app.dir/mnt/host/source/src/platform/ec/build/zephyr/rex/modules/ec/driver/accelgyro_lsm6dso.c.obj
[epic:rw] -- Generating done (0.5s)
[epic:rw] CMake Warning:
[epic:rw]   Manually-specified variables were not used by the project:
[epic:rw]     COREBOOT_SDK_ROOT_arm
[epic:rw]     COREBOOT_SDK_ROOT_libstdcxx_arm
[epic:rw]     COREBOOT_SDK_ROOT_libstdcxx_x86
[epic:rw]     COREBOOT_SDK_ROOT_nds32
[epic:rw]     COREBOOT_SDK_ROOT_picolibc_arm
[epic:rw]     COREBOOT_SDK_ROOT_picolibc_x86
[epic:rw]     COREBOOT_SDK_ROOT_riscv
[epic:rw]     COREBOOT_SDK_ROOT_x86
[epic:rw] -- Build files have been written to: /mnt/host/source/src/platform/ec/build/zephyr/epic/build-rw
[rex:rw] [26/437] Building C object CMakeFiles/app.dir/mnt/host/source/src/platform/ec/build/zephyr/rex/modules/ec/common/base32.c.obj
[riven:ro] [30/407] Building C object CMakeFiles/app.dir/mnt/host/source/src/platform/ec/build/zephyr/riven/modules/ec/common/console_output.c.obj
[hylia:ro] [25/366] Building C object CMakeFiles/app.dir/mnt/host/source/src/platform/ec/build/zephyr/hylia/modules/ec/common/console_output.c.obj
[riven:ro] [31/407] Building C object CMakeFiles/app.dir/mnt/host/source/src/platform/ec/build/zephyr/riven/modules/ec/common/gpio_commands.c.obj
[rex:rw] [27/437] Building C object CMakeFiles/app.dir/mnt/host/source/src/platform/ec/build/zephyr/rex/modules/ec/common/console_output.c.obj
[riven:rw] [46/407] Building C object CMakeFiles/app.dir/mnt/host/source/src/platform/ec/build/zephyr/riven/modules/ec/common/acpi.c.obj
[riven:ro] [32/407] Building C object CMakeFiles/app.dir/mnt/host/source/src/platform/ec/build/zephyr/riven/modules/ec/common/ec_features.c.obj
[/mnt/host/source/src/platform/ec/build/zephyr/ojal-lcov]   /mnt/host/source/src/platform/ec/build/zephyr/ojal/build-rw/zephyr/drivers/sensor/CMakeFiles/drivers__sensor.dir/mnt/host/source/src/third_party/zephyr/main/misc/empty_file.c.gcno:no functions found
[/mnt/host/source/src/platform/ec/build/zephyr/ojal-lcov] stderr:
[riven:rw] [47/407] Building C object CMakeFiles/app.dir/mnt/host/source/src/platform/ec/build/zephyr/riven/modules/ec/common/backlight_lid.c.obj
[rex:ro] [43/437] Building C object CMakeFiles/app.dir/mnt/host/source/src/platform/ec/build/zephyr/rex/modules/ec/common/motion_sense_fifo.c.obj
[rex:ro] [44/437] Building C object CMakeFiles/app.dir/mnt/host/source/src/platform/ec/build/zephyr/rex/modules/ec/common/adc.c.obj
[hylia:ro] [26/366] Building C object CMakeFiles/app.dir/mnt/host/source/src/platform/ec/build/zephyr/hylia/modules/ec/common/ec_features.c.obj
[rex:rw] [28/437] Building C object CMakeFiles/app.dir/mnt/host/source/src/platform/ec/build/zephyr/rex/modules/ec/common/ec_features.c.obj
[riven:ro] [33/407] Building C object CMakeFiles/app.dir/mnt/host/source/src/platform/ec/build/zephyr/riven/modules/ec/common/peripheral.c.obj
[ocicat:rw] -- Found gen_kobject_list: /mnt/host/source/src/third_party/zephyr/main/scripts/build/gen_kobject_list.py
[hylia:ro] [27/366] Building C object CMakeFiles/app.dir/mnt/host/source/src/platform/ec/build/zephyr/hylia/modules/ec/common/gpio_commands.c.obj
[ocicat:rw] CMake Warning at /mnt/host/source/src/third_party/zephyr/main/CMakeLists.txt:1134 (message):
[ocicat:rw]   No SOURCES given to Zephyr library: drivers__syscon
[ocicat:rw]   Excluding target from build.
[ocicat:rw] CMake Warning at /mnt/host/source/src/third_party/zephyr/main/CMakeLists.txt:2359 (message):
[ocicat:rw]   __ASSERT() statements are globally ENABLED
[riven:ro] [34/407] Building C object CMakeFiles/app.dir/mnt/host/source/src/platform/ec/build/zephyr/riven/modules/ec/common/printf.c.obj
[rex:rw] [29/437] Building C object CMakeFiles/app.dir/mnt/host/source/src/platform/ec/build/zephyr/rex/modules/ec/common/gpio_commands.c.obj
[ocicat:rw] -- Configuring done (18.4s)
[riven:ro] [35/407] Building C object CMakeFiles/app.dir/mnt/host/source/src/platform/ec/build/zephyr/riven/modules/ec/common/queue.c.obj
[riven:rw] [48/407] Building C object CMakeFiles/app.dir/mnt/host/source/src/platform/ec/build/zephyr/riven/modules/ec/common/battery.c.obj
[ocicat:ro] -- Found gen_kobject_list: /mnt/host/source/src/third_party/zephyr/main/scripts/build/gen_kobject_list.py
[ocicat:ro] CMake Warning at /mnt/host/source/src/third_party/zephyr/main/CMakeLists.txt:1134 (message):
[ocicat:ro]   No SOURCES given to Zephyr library: drivers__syscon
[ocicat:ro]   Excluding target from build.
[ocicat:ro] CMake Warning at /mnt/host/source/src/third_party/zephyr/main/CMakeLists.txt:2359 (message):
[ocicat:ro]   __ASSERT() statements are globally ENABLED
[riven:rw] [49/407] Building C object CMakeFiles/app.dir/mnt/host/source/src/platform/ec/build/zephyr/riven/modules/ec/common/battery_info.c.obj
[hylia:ro] [28/366] Building C object CMakeFiles/app.dir/mnt/host/source/src/platform/ec/build/zephyr/hylia/modules/ec/common/peripheral.c.obj
[/mnt/host/source/src/platform/ec/build/zephyr/ojal-lcov]   /mnt/host/source/src/platform/ec/build/zephyr/ojal/build-rw/zephyr/drivers/syscon/CMakeFiles/drivers__syscon.dir/mnt/host/source/src/third_party/zephyr/main/misc/empty_file.c.gcno:no functions found
[/mnt/host/source/src/platform/ec/build/zephyr/ojal-lcov] stderr:
[rex:ro] [45/437] Building C object CMakeFiles/app.dir/mnt/host/source/src/platform/ec/build/zephyr/rex/modules/ec/driver/als_tcs3400.c.obj
[ocicat:ro] -- Configuring done (18.3s)
[hylia:ro] [29/366] Building C object CMakeFiles/app.dir/mnt/host/source/src/platform/ec/build/zephyr/hylia/modules/ec/common/printf.c.obj
[rex:rw] [30/437] Building C object CMakeFiles/app.dir/mnt/host/source/src/platform/ec/build/zephyr/rex/modules/ec/common/peripheral.c.obj
[rex:ro] [46/437] Building C object CMakeFiles/app.dir/mnt/host/source/src/platform/ec/build/zephyr/rex/modules/ec/common/acpi.c.obj
[riven:ro] [36/407] Building C object CMakeFiles/app.dir/mnt/host/source/src/platform/ec/build/zephyr/riven/modules/ec/common/system.c.obj
[riven:ro] [37/407] Building C object CMakeFiles/app.dir/mnt/host/source/src/platform/ec/build/zephyr/riven/modules/ec/common/system_boot_time.c.obj
[/mnt/host/source/src/platform/ec/build/zephyr/yoda-lcov]   /mnt/host/source/src/platform/ec/build/zephyr/yoda/build-ro/CMakeFiles/app.dir/mnt/host/source/src/platform/ec/build/zephyr/yoda/modules/ec/common/cbi_config.c.gcno:no functions found
[/mnt/host/source/src/platform/ec/build/zephyr/yoda-lcov] stderr:
[riven:ro] [38/407] Building C object CMakeFiles/app.dir/mnt/host/source/src/platform/ec/build/zephyr/riven/modules/ec/common/uart_printf.c.obj
[rex:rw] [31/437] Building C object CMakeFiles/app.dir/mnt/host/source/src/platform/ec/build/zephyr/rex/modules/ec/common/printf.c.obj
[riven:rw] [50/407] Building C object CMakeFiles/app.dir/mnt/host/source/src/platform/ec/build/zephyr/riven/modules/ec/common/battery_fuel_gauge.c.obj
[hylia:ro] [30/366] Building C object CMakeFiles/app.dir/mnt/host/source/src/platform/ec/build/zephyr/hylia/modules/ec/common/queue.c.obj
[riven:rw] [51/407] Building C object CMakeFiles/app.dir/mnt/host/source/src/platform/ec/build/zephyr/riven/modules/ec/driver/battery/smart.c.obj
[rex:ro] [47/437] Building C object CMakeFiles/app.dir/mnt/host/source/src/platform/ec/build/zephyr/rex/modules/ec/common/backlight_lid.c.obj
[rex:rw] [32/437] Building C object CMakeFiles/app.dir/mnt/host/source/src/platform/ec/build/zephyr/rex/modules/ec/common/queue.c.obj
[riven:ro] [39/407] Building C object CMakeFiles/app.dir/mnt/host/source/src/platform/ec/build/zephyr/riven/modules/ec/common/util.c.obj
[riven:ro] [40/407] Building C object CMakeFiles/app.dir/mnt/host/source/src/platform/ec/build/zephyr/riven/modules/ec/common/version.c.obj
[rex:ro] [48/437] Building C object CMakeFiles/app.dir/mnt/host/source/src/platform/ec/build/zephyr/rex/modules/ec/common/battery.c.obj
[/mnt/host/source/src/platform/ec/build/zephyr/uldren-lcov]   /mnt/host/source/src/platform/ec/build/zephyr/uldren/build-ro/CMakeFiles/app.dir/mnt/host/source/src/platform/ec/build/zephyr/uldren/modules/ec/common/cbi_config.c.gcno:no functions found
[/mnt/host/source/src/platform/ec/build/zephyr/uldren-lcov] stderr:
[hylia:ro] [31/366] Building C object CMakeFiles/app.dir/mnt/host/source/src/platform/ec/build/zephyr/hylia/modules/ec/common/system.c.obj
[riven:ro] [41/407] Building C object CMakeFiles/app.dir/mnt/host/source/src/platform/ec/build/zephyr/riven/modules/ec/common/power_button_x86.c.obj
[rex:rw] [33/437] Building C object CMakeFiles/app.dir/mnt/host/source/src/platform/ec/build/zephyr/rex/modules/ec/common/system.c.obj
[riven:rw] [52/407] Building C object CMakeFiles/app.dir/mnt/host/source/src/platform/ec/build/zephyr/riven/modules/ec/driver/charger/isl923x.c.obj
[/mnt/host/source/src/platform/ec/build/zephyr/yoda-lcov]   /mnt/host/source/src/platform/ec/build/zephyr/yoda/build-ro/zephyr/arch/arch/arm/core/mpu/CMakeFiles/arch__arm__core__mpu.dir/arm_mpu_regions.c.gcno:no functions found
[/mnt/host/source/src/platform/ec/build/zephyr/yoda-lcov] stderr:
[hylia:ro] [32/366] Building C object CMakeFiles/app.dir/mnt/host/source/src/platform/ec/build/zephyr/hylia/modules/ec/common/system_boot_time.c.obj
[riven:rw] [53/407] Building C object CMakeFiles/app.dir/mnt/host/source/src/platform/ec/build/zephyr/riven/modules/ec/common/charger.c.obj
[hylia:ro] [33/366] Building C object CMakeFiles/app.dir/mnt/host/source/src/platform/ec/build/zephyr/hylia/modules/ec/common/uart_printf.c.obj
[rex:rw] [34/437] Building C object CMakeFiles/app.dir/mnt/host/source/src/platform/ec/build/zephyr/rex/modules/ec/common/system_boot_time.c.obj
[riven:ro] [42/407] Building C object CMakeFiles/app.dir/mnt/host/source/src/platform/ec/build/zephyr/riven/modules/ec/driver/accel_bma4xx.c.obj
[rex:ro] [49/437] Building C object CMakeFiles/app.dir/mnt/host/source/src/platform/ec/build/zephyr/rex/modules/ec/common/battery_info.c.obj
[/mnt/host/source/src/platform/ec/build/zephyr/ojal-lcov]   /mnt/host/source/src/platform/ec/build/zephyr/ojal/build-rw/zephyr/drivers/interrupt_controller/CMakeFiles/drivers__interrupt_controller.dir/mnt/host/source/src/third_party/zephyr/main/misc/empty_file.c.gcno:no functions found
[/mnt/host/source/src/platform/ec/build/zephyr/ojal-lcov] Filter suppressions 'region':
[rex:ro] [50/437] Building C object CMakeFiles/app.dir/mnt/host/source/src/platform/ec/build/zephyr/rex/modules/ec/common/battery_fuel_gauge.c.obj
[/mnt/host/source/src/platform/ec/build/zephyr/ojal-lcov]     147 instances
[/mnt/host/source/src/platform/ec/build/zephyr/ojal-lcov]     232 coverpoints
[/mnt/host/source/src/platform/ec/build/zephyr/ojal-lcov] Message summary:
[/mnt/host/source/src/platform/ec/build/zephyr/ojal-lcov]   24 ignore messages:
[/mnt/host/source/src/platform/ec/build/zephyr/ojal-lcov]     gcov: 24
[riven:ro] [43/407] Building C object CMakeFiles/app.dir/mnt/host/source/src/platform/ec/build/zephyr/riven/modules/ec/driver/accel_lis2dw12.c.obj
[riven:ro] [44/407] Building C object CMakeFiles/app.dir/mnt/host/source/src/platform/ec/build/zephyr/riven/modules/ec/common/motion_sense_fifo.c.obj
[rex:rw] [35/437] Building C object CMakeFiles/app.dir/mnt/host/source/src/platform/ec/build/zephyr/rex/modules/ec/common/uart_printf.c.obj
[/mnt/host/source/src/platform/ec/build/zephyr/yoda-lcov]   /mnt/host/source/src/platform/ec/build/zephyr/yoda/build-ro/zephyr/arch/common/CMakeFiles/isr_tables.dir/isr_tables.c.gcno:no functions found
[/mnt/host/source/src/platform/ec/build/zephyr/yoda-lcov] stderr:
[/mnt/host/source/src/platform/ec/build/zephyr/uldren-lcov]   /mnt/host/source/src/platform/ec/build/zephyr/uldren/build-ro/zephyr/arch/arch/arm/core/mpu/CMakeFiles/arch__arm__core__mpu.dir/arm_mpu_regions.c.gcno:no functions found
[/mnt/host/source/src/platform/ec/build/zephyr/uldren-lcov] stderr:
[hylia:ro] [34/366] Building C object CMakeFiles/app.dir/mnt/host/source/src/platform/ec/build/zephyr/hylia/modules/ec/common/util.c.obj
[riven:rw] [54/407] Building C object CMakeFiles/app.dir/mnt/host/source/src/platform/ec/build/zephyr/riven/modules/ec/common/charge_state.c.obj
[hylia:ro] [35/366] Building C object CMakeFiles/app.dir/mnt/host/source/src/platform/ec/build/zephyr/hylia/modules/ec/common/version.c.obj
[riven:rw] [55/407] Building C object CMakeFiles/app.dir/mnt/host/source/src/platform/ec/build/zephyr/riven/modules/ec/common/charge_manager.c.obj
[rex:rw] [36/437] Building C object CMakeFiles/app.dir/mnt/host/source/src/platform/ec/build/zephyr/rex/modules/ec/common/util.c.obj
[riven:ro] [45/407] Building C object CMakeFiles/app.dir/mnt/host/source/src/platform/ec/build/zephyr/riven/modules/ec/common/adc.c.obj
[riven:ro] [46/407] Building C object CMakeFiles/app.dir/mnt/host/source/src/platform/ec/build/zephyr/riven/modules/ec/common/backlight_lid.c.obj
[rex:ro] [51/437] Building C object CMakeFiles/app.dir/mnt/host/source/src/platform/ec/build/zephyr/rex/modules/ec/driver/battery/smart.c.obj
[riven:ro] [47/407] Building C object CMakeFiles/app.dir/mnt/host/source/src/platform/ec/build/zephyr/riven/modules/ec/common/acpi.c.obj
[rex:ro] [52/437] Building C object CMakeFiles/app.dir/mnt/host/source/src/platform/ec/build/zephyr/rex/modules/ec/driver/bc12/pi3usb9201.c.obj
[riven:ro] [48/407] Building C object CMakeFiles/app.dir/mnt/host/source/src/platform/ec/build/zephyr/riven/modules/ec/common/battery.c.obj
[rex:rw] [37/437] Building C object CMakeFiles/app.dir/mnt/host/source/src/platform/ec/build/zephyr/rex/modules/ec/common/version.c.obj
[/mnt/host/source/src/platform/ec/build/zephyr/uldren-lcov]   /mnt/host/source/src/platform/ec/build/zephyr/uldren/build-ro/zephyr/arch/common/CMakeFiles/isr_tables.dir/isr_tables.c.gcno:no functions found
[/mnt/host/source/src/platform/ec/build/zephyr/uldren-lcov] stderr:
[hylia:ro] [36/366] Building C object CMakeFiles/app.dir/mnt/host/source/src/platform/ec/build/zephyr/hylia/modules/ec/driver/accel_bma4xx.c.obj
[riven:rw] [56/407] Building C object CMakeFiles/app.dir/mnt/host/source/src/platform/ec/build/zephyr/riven/modules/ec/common/ocpc.c.obj
[riven:rw] [57/407] Building C object CMakeFiles/app.dir/mnt/host/source/src/platform/ec/build/zephyr/riven/modules/ec/common/cbi_common.c.obj
[ocicat:rw] -- Generating done (4.5s)
[ocicat:rw] CMake Warning:
[ocicat:rw] -- Build files have been written to: /mnt/host/source/src/platform/ec/build/zephyr/ocicat/build-rw
[ocicat:rw]   Manually-specified variables were not used by the project:
[ocicat:rw]     COREBOOT_SDK_ROOT_arm
[ocicat:rw]     COREBOOT_SDK_ROOT_libstdcxx_arm
[hylia:ro] [37/366] Building C object CMakeFiles/app.dir/mnt/host/source/src/platform/ec/build/zephyr/hylia/modules/ec/common/motion_sense_fifo.c.obj
[rex:rw] [38/437] Building C object CMakeFiles/app.dir/mnt/host/source/src/platform/ec/build/zephyr/rex/modules/ec/common/power_button_x86.c.obj
[riven:ro] [49/407] Building C object CMakeFiles/app.dir/mnt/host/source/src/platform/ec/build/zephyr/riven/modules/ec/common/battery_info.c.obj
[riven:ro] [50/407] Building C object CMakeFiles/app.dir/mnt/host/source/src/platform/ec/build/zephyr/riven/modules/ec/common/battery_fuel_gauge.c.obj
[rex:ro] [53/437] Building C object CMakeFiles/app.dir/mnt/host/source/src/platform/ec/build/zephyr/rex/modules/ec/driver/charger/isl9241.c.obj
[riven:ro] [51/407] Building C object CMakeFiles/app.dir/mnt/host/source/src/platform/ec/build/zephyr/riven/modules/ec/driver/battery/smart.c.obj
[rex:ro] [54/437] Building C object CMakeFiles/app.dir/mnt/host/source/src/platform/ec/build/zephyr/rex/modules/ec/common/charger.c.obj
[riven:ro] [52/407] Building C object CMakeFiles/app.dir/mnt/host/source/src/platform/ec/build/zephyr/riven/modules/ec/driver/charger/isl923x.c.obj
[ocicat:ro] -- Generating done (4.6s)
[ocicat:ro] CMake Warning:
[ocicat:ro]   Manually-specified variables were not used by the project:
[ocicat:ro]     COREBOOT_SDK_ROOT_arm
[ocicat:ro]     COREBOOT_SDK_ROOT_libstdcxx_arm
[ocicat:ro]     COREBOOT_SDK_ROOT_libstdcxx_x86
[ocicat:ro]     COREBOOT_SDK_ROOT_nds32
[ocicat:ro]     COREBOOT_SDK_ROOT_picolibc_arm
[ocicat:ro]     COREBOOT_SDK_ROOT_picolibc_x86
[ocicat:ro]     COREBOOT_SDK_ROOT_riscv
[ocicat:ro]     COREBOOT_SDK_ROOT_x86
[ocicat:ro]     NANOPB_DIR
[ocicat:ro]     PW_ROOT
[ocicat:ro] -- Build files have been written to: /mnt/host/source/src/platform/ec/build/zephyr/ocicat/build-ro
[hylia:ro] [38/366] Building C object CMakeFiles/app.dir/mnt/host/source/src/platform/ec/build/zephyr/hylia/modules/ec/common/adc.c.obj
[ocicat:rw]     COREBOOT_SDK_ROOT_libstdcxx_x86
[ocicat:rw]     COREBOOT_SDK_ROOT_nds32
[ocicat:rw]     COREBOOT_SDK_ROOT_picolibc_arm
[ocicat:rw]     COREBOOT_SDK_ROOT_picolibc_x86
[ocicat:rw]     COREBOOT_SDK_ROOT_riscv
[ocicat:rw]     COREBOOT_SDK_ROOT_x86
[ocicat:rw]     NANOPB_DIR
[ocicat:rw]     PW_ROOT
[rex:rw] [39/437] Building C object CMakeFiles/app.dir/mnt/host/source/src/platform/ec/build/zephyr/rex/modules/ec/driver/accel_lis2dw12.c.obj
[riven:rw] [58/407] Building C object CMakeFiles/app.dir/mnt/host/source/src/platform/ec/build/zephyr/riven/modules/ec/common/cbi.c.obj
[riven:rw] [59/407] Building C object CMakeFiles/app.dir/mnt/host/source/src/platform/ec/build/zephyr/riven/modules/ec/common/cbi_config.c.obj
[hylia:ro] [39/366] Building C object CMakeFiles/app.dir/mnt/host/source/src/platform/ec/build/zephyr/hylia/modules/ec/common/battery.c.obj
[rex:rw] [40/437] Building C object CMakeFiles/app.dir/mnt/host/source/src/platform/ec/build/zephyr/rex/modules/ec/driver/accelgyro_lsm6dso.c.obj
[riven:ro] [53/407] Building C object CMakeFiles/app.dir/mnt/host/source/src/platform/ec/build/zephyr/riven/modules/ec/common/charger.c.obj
[riven:ro] [54/407] Building C object CMakeFiles/app.dir/mnt/host/source/src/platform/ec/build/zephyr/riven/modules/ec/common/charge_state.c.obj
[riven:ro] [55/407] Building C object CMakeFiles/app.dir/mnt/host/source/src/platform/ec/build/zephyr/riven/modules/ec/common/ocpc.c.obj
[rex:ro] [55/437] Building C object CMakeFiles/app.dir/mnt/host/source/src/platform/ec/build/zephyr/rex/modules/ec/common/charge_state.c.obj
[hylia:ro] [40/366] Building C object CMakeFiles/app.dir/mnt/host/source/src/platform/ec/build/zephyr/hylia/modules/ec/common/battery_info.c.obj
[rex:rw] [41/437] Building C object CMakeFiles/app.dir/mnt/host/source/src/platform/ec/build/zephyr/rex/modules/ec/common/motion_sense_fifo.c.obj
[riven:ro] [56/407] Building C object CMakeFiles/app.dir/mnt/host/source/src/platform/ec/build/zephyr/riven/modules/ec/common/charge_manager.c.obj
[rex:ro] [56/437] Building C object CMakeFiles/app.dir/mnt/host/source/src/platform/ec/build/zephyr/rex/modules/ec/common/charge_manager.c.obj
[riven:rw] [60/407] Building C object CMakeFiles/app.dir/mnt/host/source/src/platform/ec/build/zephyr/riven/modules/ec/common/dptf.c.obj
[riven:rw] [61/407] Building C object CMakeFiles/app.dir/mnt/host/source/src/platform/ec/build/zephyr/riven/modules/ec/common/ap_reset_log.c.obj
[rex:rw] [42/437] Building C object CMakeFiles/app.dir/mnt/host/source/src/platform/ec/build/zephyr/rex/modules/ec/common/adc.c.obj
[hylia:ro] [41/366] Building C object CMakeFiles/app.dir/mnt/host/source/src/platform/ec/build/zephyr/hylia/modules/ec/common/battery_fuel_gauge.c.obj
[riven:ro] [57/407] Building C object CMakeFiles/app.dir/mnt/host/source/src/platform/ec/build/zephyr/riven/modules/ec/common/cbi_common.c.obj
[rex:rw] [43/437] Building C object CMakeFiles/app.dir/mnt/host/source/src/platform/ec/build/zephyr/rex/modules/ec/driver/als_tcs3400.c.obj
[riven:ro] [58/407] Building C object CMakeFiles/app.dir/mnt/host/source/src/platform/ec/build/zephyr/riven/modules/ec/common/cbi_config.c.obj
[rex:ro] [57/437] Building C object CMakeFiles/app.dir/mnt/host/source/src/platform/ec/build/zephyr/rex/modules/ec/common/cbi_common.c.obj
[riven:ro] [59/407] Building C object CMakeFiles/app.dir/mnt/host/source/src/platform/ec/build/zephyr/riven/modules/ec/common/cbi.c.obj
[/mnt/host/source/src/platform/ec/build/zephyr/yoda-lcov]   /mnt/host/source/src/platform/ec/build/zephyr/yoda/build-ro/zephyr/CMakeFiles/zephyr.dir/subsys/shell/modules/kernel_service/kernel_shell.c.gcno:no functions found
[/mnt/host/source/src/platform/ec/build/zephyr/yoda-lcov] stderr:
[riven:ro] [60/407] Building C object CMakeFiles/app.dir/mnt/host/source/src/platform/ec/build/zephyr/riven/modules/ec/common/dptf.c.obj
[hylia:ro] [42/366] Building C object CMakeFiles/app.dir/mnt/host/source/src/platform/ec/build/zephyr/hylia/modules/ec/driver/battery/smart.c.obj
[rex:ro] [58/437] Building C object CMakeFiles/app.dir/mnt/host/source/src/platform/ec/build/zephyr/rex/modules/ec/common/cbi.c.obj
[rex:ro] [59/437] Building C object CMakeFiles/app.dir/mnt/host/source/src/platform/ec/build/zephyr/rex/modules/ec/common/cbi_config.c.obj
[rex:rw] [44/437] Building C object CMakeFiles/app.dir/mnt/host/source/src/platform/ec/build/zephyr/rex/modules/ec/common/acpi.c.obj
[riven:rw] [62/407] Building C object CMakeFiles/app.dir/mnt/host/source/src/platform/ec/build/zephyr/riven/modules/ec/common/extpower_common.c.obj
[/mnt/host/source/src/platform/ec/build/zephyr/yoda-lcov]   /mnt/host/source/src/platform/ec/build/zephyr/yoda/build-ro/zephyr/CMakeFiles/zephyr.dir/lib/libc/validate_libc.c.gcno:no functions found
[/mnt/host/source/src/platform/ec/build/zephyr/yoda-lcov] stderr:
[riven:rw] [63/407] Building C object CMakeFiles/app.dir/mnt/host/source/src/platform/ec/build/zephyr/riven/modules/ec/common/espi.c.obj
[rex:rw] [45/437] Building C object CMakeFiles/app.dir/mnt/host/source/src/platform/ec/build/zephyr/rex/modules/ec/common/backlight_lid.c.obj
[riven:ro] [61/407] Building C object CMakeFiles/app.dir/mnt/host/source/src/platform/ec/build/zephyr/riven/modules/ec/common/ap_reset_log.c.obj
[hylia:ro] [43/366] Building C object CMakeFiles/app.dir/mnt/host/source/src/platform/ec/build/zephyr/hylia/modules/ec/driver/charger/bq25710.c.obj
[riven:ro] [62/407] Building C object CMakeFiles/app.dir/mnt/host/source/src/platform/ec/build/zephyr/riven/modules/ec/common/espi.c.obj
[rex:rw] [46/437] Building C object CMakeFiles/app.dir/mnt/host/source/src/platform/ec/build/zephyr/rex/modules/ec/common/battery.c.obj
[rex:ro] [60/437] Building C object CMakeFiles/app.dir/mnt/host/source/src/platform/ec/build/zephyr/rex/modules/ec/common/memory_commands.c.obj
[/mnt/host/source/src/platform/ec/build/zephyr/uldren-lcov]   /mnt/host/source/src/platform/ec/build/zephyr/uldren/build-ro/zephyr/CMakeFiles/zephyr.dir/subsys/shell/modules/kernel_service/kernel_shell.c.gcno:no functions found
[/mnt/host/source/src/platform/ec/build/zephyr/uldren-lcov] stderr:
[riven:ro] [63/407] Building C object CMakeFiles/app.dir/mnt/host/source/src/platform/ec/build/zephyr/riven/modules/ec/common/extpower_common.c.obj
[riven:ro] [64/407] Building C object CMakeFiles/app.dir/mnt/host/source/src/platform/ec/build/zephyr/riven/modules/ec/common/flash.c.obj
[hylia:ro] [44/366] Building C object CMakeFiles/app.dir/mnt/host/source/src/platform/ec/build/zephyr/hylia/modules/ec/common/charger.c.obj
[rex:ro] [61/437] Building C object CMakeFiles/app.dir/mnt/host/source/src/platform/ec/build/zephyr/rex/modules/ec/common/dptf.c.obj
[rex:ro] [62/437] Building C object CMakeFiles/app.dir/mnt/host/source/src/platform/ec/build/zephyr/rex/modules/ec/common/ap_reset_log.c.obj
[rex:rw] [47/437] Building C object CMakeFiles/app.dir/mnt/host/source/src/platform/ec/build/zephyr/rex/modules/ec/common/battery_info.c.obj
[riven:rw] [64/407] Building C object CMakeFiles/app.dir/mnt/host/source/src/platform/ec/build/zephyr/riven/modules/ec/common/flash.c.obj
[/mnt/host/source/src/platform/ec/build/zephyr/uldren-lcov]   /mnt/host/source/src/platform/ec/build/zephyr/uldren/build-ro/zephyr/CMakeFiles/zephyr.dir/lib/libc/validate_libc.c.gcno:no functions found
[/mnt/host/source/src/platform/ec/build/zephyr/uldren-lcov] stderr:
[riven:rw] [65/407] Building C object CMakeFiles/app.dir/mnt/host/source/src/platform/ec/build/zephyr/riven/modules/ec/common/host_command.c.obj
[riven:ro] [65/407] Building C object CMakeFiles/app.dir/mnt/host/source/src/platform/ec/build/zephyr/riven/modules/ec/common/host_command.c.obj
[rex:rw] [48/437] Building C object CMakeFiles/app.dir/mnt/host/source/src/platform/ec/build/zephyr/rex/modules/ec/common/battery_fuel_gauge.c.obj
[rex:rw] [49/437] Building C object CMakeFiles/app.dir/mnt/host/source/src/platform/ec/build/zephyr/rex/modules/ec/driver/battery/smart.c.obj
[riven:ro] [66/407] Building C object CMakeFiles/app.dir/mnt/host/source/src/platform/ec/build/zephyr/riven/modules/ec/common/host_command_task.c.obj
[rex:ro] [63/437] Building C object CMakeFiles/app.dir/mnt/host/source/src/platform/ec/build/zephyr/rex/modules/ec/common/espi.c.obj
[/mnt/host/source/src/platform/ec/build/zephyr/yoda-lcov]   /mnt/host/source/src/platform/ec/build/zephyr/yoda/build-ro/zephyr/CMakeFiles/zephyr.dir/lib/utils/last_section_id.c.gcno:no functions found
[/mnt/host/source/src/platform/ec/build/zephyr/yoda-lcov] stderr:
[riven:ro] [67/407] Building C object CMakeFiles/app.dir/mnt/host/source/src/platform/ec/build/zephyr/riven/modules/ec/common/uart_hostcmd.c.obj
[hylia:ro] [45/366] Building C object CMakeFiles/app.dir/mnt/host/source/src/platform/ec/build/zephyr/hylia/modules/ec/common/charge_state.c.obj
[riven:ro] [68/407] Building C object CMakeFiles/app.dir/mnt/host/source/src/platform/ec/build/zephyr/riven/modules/ec/common/host_event_commands.c.obj
[rex:ro] [64/437] Building C object CMakeFiles/app.dir/mnt/host/source/src/platform/ec/build/zephyr/rex/modules/ec/common/extpower_common.c.obj
[rex:rw] [50/437] Building C object CMakeFiles/app.dir/mnt/host/source/src/platform/ec/build/zephyr/rex/modules/ec/driver/bc12/pi3usb9201.c.obj
[rex:ro] [65/437] Building C object CMakeFiles/app.dir/mnt/host/source/src/platform/ec/build/zephyr/rex/modules/ec/common/extpower_gpio.c.obj
[riven:rw] [66/407] Building C object CMakeFiles/app.dir/mnt/host/source/src/platform/ec/build/zephyr/riven/modules/ec/common/host_command_task.c.obj
[riven:rw] [67/407] Building C object CMakeFiles/app.dir/mnt/host/source/src/platform/ec/build/zephyr/riven/modules/ec/common/host_event_commands.c.obj
[riven:ro] [69/407] Building C object CMakeFiles/app.dir/mnt/host/source/src/platform/ec/build/zephyr/riven/modules/ec/common/uptime.c.obj
[hylia:ro] [46/366] Building C object CMakeFiles/app.dir/mnt/host/source/src/platform/ec/build/zephyr/hylia/modules/ec/common/charge_manager.c.obj
[/mnt/host/source/src/platform/ec/build/zephyr/uldren-lcov]   /mnt/host/source/src/platform/ec/build/zephyr/uldren/build-ro/zephyr/CMakeFiles/zephyr.dir/lib/utils/last_section_id.c.gcno:no functions found
[/mnt/host/source/src/platform/ec/build/zephyr/uldren-lcov] stderr:
[rex:rw] [51/437] Building C object CMakeFiles/app.dir/mnt/host/source/src/platform/ec/build/zephyr/rex/modules/ec/driver/charger/isl9241.c.obj
[riven:ro] [70/407] Building C object CMakeFiles/app.dir/mnt/host/source/src/platform/ec/build/zephyr/riven/modules/ec/common/i2c_controller.c.obj
[hylia:ro] [47/366] Building C object CMakeFiles/app.dir/mnt/host/source/src/platform/ec/build/zephyr/hylia/modules/ec/common/cbi_common.c.obj
[rex:rw] [52/437] Building C object CMakeFiles/app.dir/mnt/host/source/src/platform/ec/build/zephyr/rex/modules/ec/common/charger.c.obj
[riven:ro] [71/407] Building C object CMakeFiles/app.dir/mnt/host/source/src/platform/ec/build/zephyr/riven/modules/ec/common/i2c_passthru.c.obj
[rex:ro] [66/437] Building C object CMakeFiles/app.dir/mnt/host/source/src/platform/ec/build/zephyr/rex/modules/ec/common/fan.c.obj
[riven:rw] [68/407] Building C object CMakeFiles/app.dir/mnt/host/source/src/platform/ec/build/zephyr/riven/modules/ec/common/uart_hostcmd.c.obj
[riven:ro] [72/407] Building C object CMakeFiles/app.dir/mnt/host/source/src/platform/ec/build/zephyr/riven/modules/ec/common/keyboard_scan.c.obj
[riven:rw] [69/407] Building C object CMakeFiles/app.dir/mnt/host/source/src/platform/ec/build/zephyr/riven/modules/ec/common/uptime.c.obj
[rex:ro] [67/437] Building C object CMakeFiles/app.dir/mnt/host/source/src/platform/ec/build/zephyr/rex/modules/ec/common/flash.c.obj
[rex:ro] [68/437] Building C object CMakeFiles/app.dir/mnt/host/source/src/platform/ec/build/zephyr/rex/modules/ec/common/host_command.c.obj
[rex:rw] [53/437] Building C object CMakeFiles/app.dir/mnt/host/source/src/platform/ec/build/zephyr/rex/modules/ec/common/charge_state.c.obj
[hylia:ro] [48/366] Building C object CMakeFiles/app.dir/mnt/host/source/src/platform/ec/build/zephyr/hylia/modules/ec/common/cbi.c.obj
[riven:ro] [73/407] Building C object CMakeFiles/app.dir/mnt/host/source/src/platform/ec/build/zephyr/riven/modules/ec/common/keyboard_8042.c.obj
[hylia:ro] [49/366] Building C object CMakeFiles/app.dir/mnt/host/source/src/platform/ec/build/zephyr/hylia/modules/ec/common/cbi_config.c.obj
[riven:ro] [74/407] Building C object CMakeFiles/app.dir/mnt/host/source/src/platform/ec/build/zephyr/riven/modules/ec/common/keyboard_8042_sharedlib.c.obj
[rex:rw] [54/437] Building C object CMakeFiles/app.dir/mnt/host/source/src/platform/ec/build/zephyr/rex/modules/ec/common/cbi_common.c.obj
[riven:ro] [75/407] Building C object CMakeFiles/app.dir/mnt/host/source/src/platform/ec/build/zephyr/riven/modules/ec/common/mkbp_fifo.c.obj
[rex:rw] [55/437] Building C object CMakeFiles/app.dir/mnt/host/source/src/platform/ec/build/zephyr/rex/modules/ec/common/charge_manager.c.obj
[rex:ro] [69/437] Building C object CMakeFiles/app.dir/mnt/host/source/src/platform/ec/build/zephyr/rex/modules/ec/common/host_command_task.c.obj
[riven:rw] [70/407] Building C object CMakeFiles/app.dir/mnt/host/source/src/platform/ec/build/zephyr/riven/modules/ec/common/i2c_controller.c.obj
[riven:ro] [76/407] Building C object CMakeFiles/app.dir/mnt/host/source/src/platform/ec/build/zephyr/riven/modules/ec/common/mkbp_info.c.obj
[riven:rw] [71/407] Building C object CMakeFiles/app.dir/mnt/host/source/src/platform/ec/build/zephyr/riven/modules/ec/common/i2c_passthru.c.obj
[hylia:ro] [50/366] Building C object CMakeFiles/app.dir/mnt/host/source/src/platform/ec/build/zephyr/hylia/modules/ec/common/memory_commands.c.obj
[rex:ro] [70/437] Building C object CMakeFiles/app.dir/mnt/host/source/src/platform/ec/build/zephyr/rex/modules/ec/common/uart_hostcmd.c.obj
[riven:ro] [77/407] Building C object CMakeFiles/app.dir/mnt/host/source/src/platform/ec/build/zephyr/riven/modules/ec/common/mkbp_input_devices.c.obj
[hylia:ro] [51/366] Building C object CMakeFiles/app.dir/mnt/host/source/src/platform/ec/build/zephyr/hylia/modules/ec/common/chipset.c.obj
[rex:ro] [71/437] Building C object CMakeFiles/app.dir/mnt/host/source/src/platform/ec/build/zephyr/rex/modules/ec/common/host_event_commands.c.obj
[rex:rw] [56/437] Building C object CMakeFiles/app.dir/mnt/host/source/src/platform/ec/build/zephyr/rex/modules/ec/common/cbi.c.obj
[riven:ro] [78/407] Building C object CMakeFiles/app.dir/mnt/host/source/src/platform/ec/build/zephyr/riven/modules/ec/common/led_common.c.obj
[riven:ro] [79/407] Building C object CMakeFiles/app.dir/mnt/host/source/src/platform/ec/build/zephyr/riven/modules/ec/common/led_pwm.c.obj
[rex:rw] [57/437] Building C object CMakeFiles/app.dir/mnt/host/source/src/platform/ec/build/zephyr/rex/modules/ec/common/cbi_config.c.obj
[rex:ro] [72/437] Building C object CMakeFiles/app.dir/mnt/host/source/src/platform/ec/build/zephyr/rex/modules/ec/common/uptime.c.obj
[rex:rw] [58/437] Building C object CMakeFiles/app.dir/mnt/host/source/src/platform/ec/build/zephyr/rex/modules/ec/common/memory_commands.c.obj
[riven:ro] [80/407] Building C object CMakeFiles/app.dir/mnt/host/source/src/platform/ec/build/zephyr/riven/modules/ec/common/led_onoff_states.c.obj
[hylia:ro] [52/366] Building C object CMakeFiles/app.dir/mnt/host/source/src/platform/ec/build/zephyr/hylia/modules/ec/common/ap_reset_log.c.obj
[riven:rw] [72/407] Building C object CMakeFiles/app.dir/mnt/host/source/src/platform/ec/build/zephyr/riven/modules/ec/common/keyboard_scan.c.obj
[riven:ro] [81/407] Building C object CMakeFiles/app.dir/mnt/host/source/src/platform/ec/build/zephyr/riven/modules/ec/common/motion_lid.c.obj
[hylia:ro] [53/366] Building C object CMakeFiles/app.dir/mnt/host/source/src/platform/ec/build/zephyr/hylia/modules/ec/common/extpower_common.c.obj
[riven:rw] [73/407] Building C object CMakeFiles/app.dir/mnt/host/source/src/platform/ec/build/zephyr/riven/modules/ec/common/keyboard_8042.c.obj
[riven:ro] [82/407] Building C object CMakeFiles/app.dir/mnt/host/source/src/platform/ec/build/zephyr/riven/modules/ec/common/lid_angle.c.obj
[rex:ro] [73/437] Building C object CMakeFiles/app.dir/mnt/host/source/src/platform/ec/build/zephyr/rex/modules/ec/common/i2c_controller.c.obj
[rex:ro] [74/437] Building C object CMakeFiles/app.dir/mnt/host/source/src/platform/ec/build/zephyr/rex/modules/ec/common/i2c_passthru.c.obj
[riven:ro] [83/407] Building C object CMakeFiles/app.dir/mnt/host/source/src/platform/ec/build/zephyr/riven/modules/ec/common/lid_angle_keyboard_policy.c.obj
[rex:rw] [59/437] Building C object CMakeFiles/app.dir/mnt/host/source/src/platform/ec/build/zephyr/rex/modules/ec/common/dptf.c.obj
[rex:rw] [60/437] Building C object CMakeFiles/app.dir/mnt/host/source/src/platform/ec/build/zephyr/rex/modules/ec/common/ap_reset_log.c.obj
[rex:rw] [61/437] Building C object CMakeFiles/app.dir/mnt/host/source/src/platform/ec/build/zephyr/rex/modules/ec/common/espi.c.obj
[hylia:ro] [54/366] Building C object CMakeFiles/app.dir/mnt/host/source/src/platform/ec/build/zephyr/hylia/modules/ec/common/extpower_gpio.c.obj
[riven:ro] [84/407] Building C object CMakeFiles/app.dir/mnt/host/source/src/platform/ec/build/zephyr/riven/modules/ec/common/lid_switch.c.obj
[riven:rw] [74/407] Building C object CMakeFiles/app.dir/mnt/host/source/src/platform/ec/build/zephyr/riven/modules/ec/common/keyboard_8042_sharedlib.c.obj
[rex:ro] [75/437] Building C object CMakeFiles/app.dir/mnt/host/source/src/platform/ec/build/zephyr/rex/modules/ec/common/keyboard_scan.c.obj
[riven:ro] [85/407] Building C object CMakeFiles/app.dir/mnt/host/source/src/platform/ec/build/zephyr/riven/modules/ec/common/mkbp_event.c.obj
[riven:rw] [75/407] Building C object CMakeFiles/app.dir/mnt/host/source/src/platform/ec/build/zephyr/riven/modules/ec/common/mkbp_fifo.c.obj
[hylia:ro] [55/366] Building C object CMakeFiles/app.dir/mnt/host/source/src/platform/ec/build/zephyr/hylia/modules/ec/common/fan.c.obj
[rex:ro] [76/437] Building C object CMakeFiles/app.dir/mnt/host/source/src/platform/ec/build/zephyr/rex/modules/ec/common/keyboard_8042_sharedlib.c.obj
[riven:ro] [86/407] Building C object CMakeFiles/app.dir/mnt/host/source/src/platform/ec/build/zephyr/riven/modules/ec/common/port80.c.obj
[rex:rw] [62/437] Building C object CMakeFiles/app.dir/mnt/host/source/src/platform/ec/build/zephyr/rex/modules/ec/common/extpower_common.c.obj
[riven:ro] [87/407] Building C object CMakeFiles/app.dir/mnt/host/source/src/platform/ec/build/zephyr/riven/modules/ec/common/motion_sense.c.obj
[rex:ro] [77/437] Building C object CMakeFiles/app.dir/mnt/host/source/src/platform/ec/build/zephyr/rex/modules/ec/common/keyboard_8042.c.obj
[rex:rw] [63/437] Building C object CMakeFiles/app.dir/mnt/host/source/src/platform/ec/build/zephyr/rex/modules/ec/common/extpower_gpio.c.obj
[riven:ro] [88/407] Building C object CMakeFiles/app.dir/mnt/host/source/src/platform/ec/build/zephyr/riven/modules/ec/common/power_button.c.obj
[riven:rw] [76/407] Building C object CMakeFiles/app.dir/mnt/host/source/src/platform/ec/build/zephyr/riven/modules/ec/common/mkbp_info.c.obj
[hylia:ro] [56/366] Building C object CMakeFiles/app.dir/mnt/host/source/src/platform/ec/build/zephyr/hylia/modules/ec/common/flash.c.obj
[rex:rw] [64/437] Building C object CMakeFiles/app.dir/mnt/host/source/src/platform/ec/build/zephyr/rex/modules/ec/common/fan.c.obj
[hylia:ro] [57/366] Building C object CMakeFiles/app.dir/mnt/host/source/src/platform/ec/build/zephyr/hylia/modules/ec/common/host_command.c.obj
[riven:rw] [77/407] Building C object CMakeFiles/app.dir/mnt/host/source/src/platform/ec/build/zephyr/riven/modules/ec/common/mkbp_input_devices.c.obj
[riven:ro] [89/407] Building C object CMakeFiles/app.dir/mnt/host/source/src/platform/ec/build/zephyr/riven/modules/ec/power/hibernate.c.obj
[rex:ro] [78/437] Building C object CMakeFiles/app.dir/mnt/host/source/src/platform/ec/build/zephyr/rex/modules/ec/common/mkbp_fifo.c.obj
[riven:ro] [90/407] Building C object CMakeFiles/app.dir/mnt/host/source/src/platform/ec/build/zephyr/riven/modules/ec/common/sha256.c.obj
[rex:ro] [79/437] Building C object CMakeFiles/app.dir/mnt/host/source/src/platform/ec/build/zephyr/rex/modules/ec/common/mkbp_info.c.obj
[riven:ro] [91/407] Building C object CMakeFiles/app.dir/mnt/host/source/src/platform/ec/build/zephyr/riven/modules/ec/common/panic_output.c.obj
[rex:rw] [65/437] Building C object CMakeFiles/app.dir/mnt/host/source/src/platform/ec/build/zephyr/rex/modules/ec/common/flash.c.obj
[rex:ro] [80/437] Building C object CMakeFiles/app.dir/mnt/host/source/src/platform/ec/build/zephyr/rex/modules/ec/common/mkbp_input_devices.c.obj
[rex:rw] [66/437] Building C object CMakeFiles/app.dir/mnt/host/source/src/platform/ec/build/zephyr/rex/modules/ec/common/host_command.c.obj
[hylia:ro] [58/366] Building C object CMakeFiles/app.dir/mnt/host/source/src/platform/ec/build/zephyr/hylia/modules/ec/common/uart_hostcmd.c.obj
[riven:ro] [92/407] Building C object CMakeFiles/app.dir/mnt/host/source/src/platform/ec/build/zephyr/riven/modules/ec/common/shared_mem.c.obj
[hylia:ro] [59/366] Building C object CMakeFiles/app.dir/mnt/host/source/src/platform/ec/build/zephyr/hylia/modules/ec/common/host_event_commands.c.obj
[riven:rw] [78/407] Building C object CMakeFiles/app.dir/mnt/host/source/src/platform/ec/build/zephyr/riven/modules/ec/common/led_common.c.obj
[riven:ro] [93/407] Building C object CMakeFiles/app.dir/mnt/host/source/src/platform/ec/build/zephyr/riven/modules/ec/common/switch.c.obj
[rex:rw] [67/437] Building C object CMakeFiles/app.dir/mnt/host/source/src/platform/ec/build/zephyr/rex/modules/ec/common/host_command_task.c.obj
[riven:ro] [94/407] Building C object CMakeFiles/app.dir/mnt/host/source/src/platform/ec/build/zephyr/riven/modules/ec/common/spi_flash_reg.c.obj
[riven:rw] [79/407] Building C object CMakeFiles/app.dir/mnt/host/source/src/platform/ec/build/zephyr/riven/modules/ec/common/led_pwm.c.obj
[riven:ro] [95/407] Building C object CMakeFiles/app.dir/mnt/host/source/src/platform/ec/build/zephyr/riven/modules/ec/driver/stm_mems_common.c.obj
[rex:ro] [81/437] Building C object CMakeFiles/app.dir/mnt/host/source/src/platform/ec/build/zephyr/rex/modules/ec/common/keyboard_backlight.c.obj
[rex:ro] [82/437] Building C object CMakeFiles/app.dir/mnt/host/source/src/platform/ec/build/zephyr/rex/modules/ec/common/led_common.c.obj
[rex:rw] [68/437] Building C object CMakeFiles/app.dir/mnt/host/source/src/platform/ec/build/zephyr/rex/modules/ec/common/host_event_commands.c.obj
[rex:ro] [83/437] Building C object CMakeFiles/app.dir/mnt/host/source/src/platform/ec/build/zephyr/rex/modules/ec/common/motion_lid.c.obj
[hylia:ro] [60/366] Building C object CMakeFiles/app.dir/mnt/host/source/src/platform/ec/build/zephyr/hylia/modules/ec/common/uptime.c.obj
[rex:rw] [69/437] Building C object CMakeFiles/app.dir/mnt/host/source/src/platform/ec/build/zephyr/rex/modules/ec/common/uart_hostcmd.c.obj
[riven:ro] [96/407] Building C object CMakeFiles/app.dir/mnt/host/source/src/platform/ec/build/zephyr/riven/modules/ec/common/tablet_mode.c.obj
[riven:rw] [80/407] Building C object CMakeFiles/app.dir/mnt/host/source/src/platform/ec/build/zephyr/riven/modules/ec/common/led_onoff_states.c.obj
[rex:rw] [70/437] Building C object CMakeFiles/app.dir/mnt/host/source/src/platform/ec/build/zephyr/rex/modules/ec/common/uptime.c.obj
[riven:ro] [97/407] Building C object CMakeFiles/app.dir/mnt/host/source/src/platform/ec/build/zephyr/riven/modules/ec/common/thermal.c.obj
[hylia:ro] [61/366] Building C object CMakeFiles/app.dir/mnt/host/source/src/platform/ec/build/zephyr/hylia/modules/ec/common/i2c_controller.c.obj
[riven:ro] [98/407] Building C object CMakeFiles/app.dir/mnt/host/source/src/platform/ec/build/zephyr/riven/modules/ec/common/temp_sensor.c.obj
[riven:rw] [81/407] Building C object CMakeFiles/app.dir/mnt/host/source/src/platform/ec/build/zephyr/riven/modules/ec/common/motion_lid.c.obj
[riven:ro] [99/407] Building C object CMakeFiles/app.dir/mnt/host/source/src/platform/ec/build/zephyr/riven/modules/ec/driver/temp_sensor/thermistor.c.obj
[rex:ro] [84/437] Building C object CMakeFiles/app.dir/mnt/host/source/src/platform/ec/build/zephyr/rex/modules/ec/common/lid_angle.c.obj
[rex:ro] [85/437] Building C object CMakeFiles/app.dir/mnt/host/source/src/platform/ec/build/zephyr/rex/modules/ec/common/lid_angle_keyboard_policy.c.obj
[hylia:ro] [62/366] Building C object CMakeFiles/app.dir/mnt/host/source/src/platform/ec/build/zephyr/hylia/modules/ec/common/i2c_passthru.c.obj
[riven:ro] [100/407] Building C object CMakeFiles/app.dir/mnt/host/source/src/platform/ec/build/zephyr/riven/modules/ec/common/throttle_ap.c.obj
[rex:ro] [86/437] Building C object CMakeFiles/app.dir/mnt/host/source/src/platform/ec/build/zephyr/rex/modules/ec/common/lid_switch.c.obj
[rex:rw] [71/437] Building C object CMakeFiles/app.dir/mnt/host/source/src/platform/ec/build/zephyr/rex/modules/ec/common/i2c_controller.c.obj
[riven:rw] [82/407] Building C object CMakeFiles/app.dir/mnt/host/source/src/platform/ec/build/zephyr/riven/modules/ec/common/lid_angle.c.obj
[riven:ro] [101/407] Building C object CMakeFiles/app.dir/mnt/host/source/src/platform/ec/build/zephyr/riven/modules/ec/common/timer.c.obj
[rex:rw] [72/437] Building C object CMakeFiles/app.dir/mnt/host/source/src/platform/ec/build/zephyr/rex/modules/ec/common/i2c_passthru.c.obj
[hylia:ro] [63/366] Building C object CMakeFiles/app.dir/mnt/host/source/src/platform/ec/build/zephyr/hylia/modules/ec/common/virtual_battery.c.obj
[/mnt/host/source/src/platform/ec/build/zephyr/uldren-lcov]   /mnt/host/source/src/platform/ec/build/zephyr/uldren/build-ro/zephyr/CMakeFiles/zephyr.dir/soc/nuvoton/npcx/common/npcxn/registers.c.gcno:no functions found
[/mnt/host/source/src/platform/ec/build/zephyr/uldren-lcov] stderr:
[riven:ro] [102/407] Building C object CMakeFiles/app.dir/mnt/host/source/src/platform/ec/build/zephyr/riven/modules/ec/common/usb_port_power_dumb.c.obj
[riven:rw] [83/407] Building C object CMakeFiles/app.dir/mnt/host/source/src/platform/ec/build/zephyr/riven/modules/ec/common/lid_angle_keyboard_policy.c.obj
[riven:ro] [103/407] Building C object CMakeFiles/app.dir/mnt/host/source/src/platform/ec/build/zephyr/riven/modules/ec/common/typec_control.c.obj
[rex:rw] [73/437] Building C object CMakeFiles/app.dir/mnt/host/source/src/platform/ec/build/zephyr/rex/modules/ec/common/keyboard_scan.c.obj
[rex:ro] [87/437] Building C object CMakeFiles/app.dir/mnt/host/source/src/platform/ec/build/zephyr/rex/modules/ec/common/mkbp_event.c.obj
[rex:ro] [88/437] Building C object CMakeFiles/app.dir/mnt/host/source/src/platform/ec/build/zephyr/rex/modules/ec/common/motion_sense.c.obj
[riven:ro] [104/407] Building C object CMakeFiles/app.dir/mnt/host/source/src/platform/ec/build/zephyr/riven/modules/ec/common/usb_common.c.obj
[rex:ro] [89/437] Building C object CMakeFiles/app.dir/mnt/host/source/src/platform/ec/build/zephyr/rex/modules/ec/common/port80.c.obj
[hylia:ro] [64/366] Building C object CMakeFiles/app.dir/mnt/host/source/src/platform/ec/build/zephyr/hylia/modules/ec/common/keyboard_scan.c.obj
[riven:rw] [84/407] Building C object CMakeFiles/app.dir/mnt/host/source/src/platform/ec/build/zephyr/riven/modules/ec/common/lid_switch.c.obj
[riven:ro] [105/407] Building C object CMakeFiles/app.dir/mnt/host/source/src/platform/ec/build/zephyr/riven/modules/ec/common/usb_pd_pdo.c.obj
[rex:rw] [74/437] Building C object CMakeFiles/app.dir/mnt/host/source/src/platform/ec/build/zephyr/rex/modules/ec/common/keyboard_8042_sharedlib.c.obj
[hylia:ro] [65/366] Building C object CMakeFiles/app.dir/mnt/host/source/src/platform/ec/build/zephyr/hylia/modules/ec/common/mkbp_fifo.c.obj
[rex:rw] [75/437] Building C object CMakeFiles/app.dir/mnt/host/source/src/platform/ec/build/zephyr/rex/modules/ec/common/keyboard_8042.c.obj
[riven:ro] [106/407] Building C object CMakeFiles/app.dir/mnt/host/source/src/platform/ec/build/zephyr/riven/modules/ec/common/usbc/usbc_task.c.obj
[riven:ro] [107/407] Building C object CMakeFiles/app.dir/mnt/host/source/src/platform/ec/build/zephyr/riven/modules/ec/common/usbc/usb_pd_timer.c.obj
[riven:rw] [85/407] Building C object CMakeFiles/app.dir/mnt/host/source/src/platform/ec/build/zephyr/riven/modules/ec/common/mkbp_event.c.obj
[rex:rw] [76/437] Building C object CMakeFiles/app.dir/mnt/host/source/src/platform/ec/build/zephyr/rex/modules/ec/common/mkbp_fifo.c.obj
[rex:ro] [90/437] Building C object CMakeFiles/app.dir/mnt/host/source/src/platform/ec/build/zephyr/rex/modules/ec/common/power_button.c.obj
[hylia:ro] [66/366] Building C object CMakeFiles/app.dir/mnt/host/source/src/platform/ec/build/zephyr/hylia/modules/ec/common/mkbp_info.c.obj
[rex:ro] [91/437] Building C object CMakeFiles/app.dir/mnt/host/source/src/platform/ec/build/zephyr/rex/modules/ec/power/hibernate.c.obj
[riven:ro] [108/407] Building C object CMakeFiles/app.dir/mnt/host/source/src/platform/ec/build/zephyr/riven/modules/ec/common/usbc/usb_sm.c.obj
[rex:ro] [92/437] Building C object CMakeFiles/app.dir/mnt/host/source/src/platform/ec/build/zephyr/rex/modules/ec/common/panic_output.c.obj
[riven:rw] [86/407] Building C object CMakeFiles/app.dir/mnt/host/source/src/platform/ec/build/zephyr/riven/modules/ec/common/motion_sense.c.obj
[hylia:ro] [67/366] Building C object CMakeFiles/app.dir/mnt/host/source/src/platform/ec/build/zephyr/hylia/modules/ec/common/keyboard_mkbp.c.obj
[riven:ro] [109/407] Building C object CMakeFiles/app.dir/mnt/host/source/src/platform/ec/build/zephyr/riven/modules/ec/common/usbc_intr_task.c.obj
[riven:ro] [110/407] Building C object CMakeFiles/app.dir/mnt/host/source/src/platform/ec/build/zephyr/riven/modules/ec/common/usb_pd_flags.c.obj
[rex:rw] [77/437] Building C object CMakeFiles/app.dir/mnt/host/source/src/platform/ec/build/zephyr/rex/modules/ec/common/mkbp_info.c.obj
[riven:ro] [111/407] Building C object CMakeFiles/app.dir/mnt/host/source/src/platform/ec/build/zephyr/riven/modules/ec/common/usbc_utils.c.obj
[rex:rw] [78/437] Building C object CMakeFiles/app.dir/mnt/host/source/src/platform/ec/build/zephyr/rex/modules/ec/common/mkbp_input_devices.c.obj
[riven:rw] [87/407] Building C object CMakeFiles/app.dir/mnt/host/source/src/platform/ec/build/zephyr/riven/modules/ec/common/port80.c.obj
[rex:rw] [79/437] Building C object CMakeFiles/app.dir/mnt/host/source/src/platform/ec/build/zephyr/rex/modules/ec/common/keyboard_backlight.c.obj
[rex:ro] [93/437] Building C object CMakeFiles/app.dir/mnt/host/source/src/platform/ec/build/zephyr/rex/modules/ec/common/shared_mem.c.obj
[hylia:ro] [68/366] Building C object CMakeFiles/app.dir/mnt/host/source/src/platform/ec/build/zephyr/hylia/modules/ec/common/mkbp_input_devices.c.obj
[riven:ro] [112/407] Building C object CMakeFiles/app.dir/mnt/host/source/src/platform/ec/build/zephyr/riven/modules/ec/common/chargen.c.obj
[riven:rw] [88/407] Building C object CMakeFiles/app.dir/mnt/host/source/src/platform/ec/build/zephyr/riven/modules/ec/common/power_button.c.obj
[rex:ro] [94/437] Building C object CMakeFiles/app.dir/mnt/host/source/src/platform/ec/build/zephyr/rex/modules/ec/common/switch.c.obj
[rex:ro] [95/437] Building C object CMakeFiles/app.dir/mnt/host/source/src/platform/ec/build/zephyr/rex/modules/ec/common/spi_flash_reg.c.obj
[hylia:ro] [69/366] Building C object CMakeFiles/app.dir/mnt/host/source/src/platform/ec/build/zephyr/hylia/modules/ec/common/keyboard_backlight.c.obj
[riven:ro] [113/407] Building C object CMakeFiles/app.dir/mnt/host/source/src/platform/ec/build/zephyr/riven/modules/ec/common/usbc/usb_pd_console.c.obj
[riven:ro] [114/407] Building C object CMakeFiles/app.dir/mnt/host/source/src/platform/ec/build/zephyr/riven/modules/ec/driver/retimer/anx7483.c.obj
[rex:rw] [80/437] Building C object CMakeFiles/app.dir/mnt/host/source/src/platform/ec/build/zephyr/rex/modules/ec/common/led_common.c.obj
[riven:ro] [115/407] Building C object CMakeFiles/app.dir/mnt/host/source/src/platform/ec/build/zephyr/riven/modules/ec/driver/usb_mux/usb_mux.c.obj
[rex:rw] [81/437] Building C object CMakeFiles/app.dir/mnt/host/source/src/platform/ec/build/zephyr/rex/modules/ec/common/motion_lid.c.obj
[riven:rw] [89/407] Building C object CMakeFiles/app.dir/mnt/host/source/src/platform/ec/build/zephyr/riven/modules/ec/power/hibernate.c.obj
[rex:rw] [82/437] Building C object CMakeFiles/app.dir/mnt/host/source/src/platform/ec/build/zephyr/rex/modules/ec/common/lid_angle.c.obj
[hylia:ro] [70/366] Building C object CMakeFiles/app.dir/mnt/host/source/src/platform/ec/build/zephyr/hylia/modules/ec/common/led_common.c.obj
[rex:ro] [96/437] Building C object CMakeFiles/app.dir/mnt/host/source/src/platform/ec/build/zephyr/rex/modules/ec/driver/stm_mems_common.c.obj
[riven:ro] [116/407] Building C object CMakeFiles/app.dir/mnt/host/source/src/platform/ec/build/zephyr/riven/modules/ec/driver/usb_mux/virtual.c.obj
[riven:rw] [90/407] Building C object CMakeFiles/app.dir/mnt/host/source/src/platform/ec/build/zephyr/riven/modules/ec/common/panic_output.c.obj
[hylia:ro] [71/366] Building C object CMakeFiles/app.dir/mnt/host/source/src/platform/ec/build/zephyr/hylia/modules/ec/common/motion_lid.c.obj
[rex:ro] [97/437] Building C object CMakeFiles/app.dir/mnt/host/source/src/platform/ec/build/zephyr/rex/modules/ec/common/tablet_mode.c.obj
[rex:ro] [98/437] Building C object CMakeFiles/app.dir/mnt/host/source/src/platform/ec/build/zephyr/rex/modules/ec/common/thermal.c.obj
[riven:rw] [91/407] Building C object CMakeFiles/app.dir/mnt/host/source/src/platform/ec/build/zephyr/riven/modules/ec/common/sha256.c.obj
[riven:ro] [117/407] Building C object CMakeFiles/app.dir/mnt/host/source/src/platform/ec/build/zephyr/riven/modules/ec/common/usbc/usb_tc_drp_acc_trysrc_sm.c.obj
[rex:rw] [83/437] Building C object CMakeFiles/app.dir/mnt/host/source/src/platform/ec/build/zephyr/rex/modules/ec/common/lid_angle_keyboard_policy.c.obj
[riven:ro] [118/407] Building C object CMakeFiles/app.dir/mnt/host/source/src/platform/ec/build/zephyr/riven/modules/ec/common/usbc/usb_prl_sm.c.obj
[rex:rw] [84/437] Building C object CMakeFiles/app.dir/mnt/host/source/src/platform/ec/build/zephyr/rex/modules/ec/common/lid_switch.c.obj
[riven:ro] [119/407] Building C object CMakeFiles/app.dir/mnt/host/source/src/platform/ec/build/zephyr/riven/modules/ec/common/usbc/usb_pe_drp_sm.c.obj
[hylia:ro] [72/366] Building C object CMakeFiles/app.dir/mnt/host/source/src/platform/ec/build/zephyr/hylia/modules/ec/common/lid_angle.c.obj
[rex:rw] [85/437] Building C object CMakeFiles/app.dir/mnt/host/source/src/platform/ec/build/zephyr/rex/modules/ec/common/mkbp_event.c.obj
[rex:ro] [99/437] Building C object CMakeFiles/app.dir/mnt/host/source/src/platform/ec/build/zephyr/rex/modules/ec/common/temp_sensor.c.obj
[riven:rw] [92/407] Building C object CMakeFiles/app.dir/mnt/host/source/src/platform/ec/build/zephyr/riven/modules/ec/common/shared_mem.c.obj
[riven:ro] [120/407] Building C object CMakeFiles/app.dir/mnt/host/source/src/platform/ec/build/zephyr/riven/modules/ec/common/usbc/usb_pd_dpm.c.obj
[hylia:ro] [73/366] Building C object CMakeFiles/app.dir/mnt/host/source/src/platform/ec/build/zephyr/hylia/modules/ec/common/lid_angle_keyboard_policy.c.obj
[rex:ro] [100/437] Building C object CMakeFiles/app.dir/mnt/host/source/src/platform/ec/build/zephyr/rex/modules/ec/common/timer.c.obj
[riven:ro] [121/407] Building C object CMakeFiles/app.dir/mnt/host/source/src/platform/ec/build/zephyr/riven/modules/ec/common/usbc/usbc_pd_policy.c.obj
[rex:ro] [101/437] Building C object CMakeFiles/app.dir/mnt/host/source/src/platform/ec/build/zephyr/rex/modules/ec/driver/temp_sensor/thermistor.c.obj
[riven:rw] [93/407] Building C object CMakeFiles/app.dir/mnt/host/source/src/platform/ec/build/zephyr/riven/modules/ec/common/switch.c.obj
[rex:rw] [86/437] Building C object CMakeFiles/app.dir/mnt/host/source/src/platform/ec/build/zephyr/rex/modules/ec/common/port80.c.obj
[riven:ro] [122/407] Building C object CMakeFiles/app.dir/mnt/host/source/src/platform/ec/build/zephyr/riven/modules/ec/common/usbc/dp_alt_mode.c.obj
[/mnt/host/source/src/platform/ec/build/zephyr/yoda-lcov]   /mnt/host/source/src/platform/ec/build/zephyr/yoda/build-ro/zephyr/CMakeFiles/zephyr.dir/soc/nuvoton/npcx/common/npcxn/registers.c.gcno:no functions found
[/mnt/host/source/src/platform/ec/build/zephyr/yoda-lcov] stderr:
[rex:rw] [87/437] Building C object CMakeFiles/app.dir/mnt/host/source/src/platform/ec/build/zephyr/rex/modules/ec/common/motion_sense.c.obj
[hylia:ro] [74/366] Building C object CMakeFiles/app.dir/mnt/host/source/src/platform/ec/build/zephyr/hylia/modules/ec/common/lid_switch.c.obj
[riven:ro] [123/407] Building C object CMakeFiles/app.dir/mnt/host/source/src/platform/ec/build/zephyr/riven/modules/ec/common/usb_pd_console_cmd.c.obj
[rex:rw] [88/437] Building C object CMakeFiles/app.dir/mnt/host/source/src/platform/ec/build/zephyr/rex/modules/ec/common/power_button.c.obj
[riven:rw] [94/407] Building C object CMakeFiles/app.dir/mnt/host/source/src/platform/ec/build/zephyr/riven/modules/ec/common/spi_flash_reg.c.obj
[riven:ro] [124/407] Building C object CMakeFiles/app.dir/mnt/host/source/src/platform/ec/build/zephyr/riven/modules/ec/common/usb_pd_host_cmd.c.obj
[rex:ro] [102/437] Building C object CMakeFiles/app.dir/mnt/host/source/src/platform/ec/build/zephyr/rex/modules/ec/common/usb_charger.c.obj
[hylia:ro] [75/366] Building C object CMakeFiles/app.dir/mnt/host/source/src/platform/ec/build/zephyr/hylia/modules/ec/common/mkbp_event.c.obj
[/mnt/host/source/src/platform/ec/build/zephyr/yoda-lcov]   /mnt/host/source/src/platform/ec/build/zephyr/yoda/build-rw/modules/ec/zephyr/CMakeFiles/ec_shim.dir/shim/src/power.c.gcno:no functions found
[/mnt/host/source/src/platform/ec/build/zephyr/yoda-lcov] stderr:
[rex:ro] [103/437] Building C object CMakeFiles/app.dir/mnt/host/source/src/platform/ec/build/zephyr/rex/modules/ec/common/usb_port_power_dumb.c.obj
[riven:ro] [125/407] Building C object CMakeFiles/app.dir/mnt/host/source/src/platform/ec/build/zephyr/riven/modules/ec/common/usbc/usb_pd_host.c.obj
[riven:rw] [95/407] Building C object CMakeFiles/app.dir/mnt/host/source/src/platform/ec/build/zephyr/riven/modules/ec/driver/stm_mems_common.c.obj
[rex:ro] [104/437] Building C object CMakeFiles/app.dir/mnt/host/source/src/platform/ec/build/zephyr/rex/modules/ec/common/typec_control.c.obj
[/mnt/host/source/src/platform/ec/build/zephyr/uldren-lcov]   /mnt/host/source/src/platform/ec/build/zephyr/uldren/build-ro/zephyr/drivers/sensor/CMakeFiles/drivers__sensor.dir/mnt/host/source/src/third_party/zephyr/main/misc/empty_file.c.gcno:no functions found
[/mnt/host/source/src/platform/ec/build/zephyr/uldren-lcov] stderr:
[riven:ro] [126/407] Building C object CMakeFiles/app.dir/mnt/host/source/src/platform/ec/build/zephyr/riven/modules/ec/zephyr/shim/src/tcpc.c.obj
[rex:rw] [89/437] Building C object CMakeFiles/app.dir/mnt/host/source/src/platform/ec/build/zephyr/rex/modules/ec/power/hibernate.c.obj
[/mnt/host/source/src/platform/ec/build/zephyr/yoda-lcov]   /mnt/host/source/src/platform/ec/build/zephyr/yoda/build-rw/modules/ec/zephyr/CMakeFiles/ec_shim.dir/shim/src/battery.c.gcno:no functions found
[/mnt/host/source/src/platform/ec/build/zephyr/yoda-lcov] stderr:
[/mnt/host/source/src/platform/ec/build/zephyr/uldren-lcov]   /mnt/host/source/src/platform/ec/build/zephyr/uldren/build-rw/modules/ec/zephyr/CMakeFiles/ec_shim.dir/shim/src/thermal.c.gcno:no functions found
[/mnt/host/source/src/platform/ec/build/zephyr/uldren-lcov] stderr:
[riven:ro] [127/407] Building C object CMakeFiles/app.dir/mnt/host/source/src/platform/ec/build/zephyr/riven/modules/ec/common/usb_pd_host_cmd_common.c.obj
[rex:rw] [90/437] Building C object CMakeFiles/app.dir/mnt/host/source/src/platform/ec/build/zephyr/rex/modules/ec/common/panic_output.c.obj
[riven:rw] [96/407] Building C object CMakeFiles/app.dir/mnt/host/source/src/platform/ec/build/zephyr/riven/modules/ec/common/tablet_mode.c.obj
[hylia:ro] [76/366] Building C object CMakeFiles/app.dir/mnt/host/source/src/platform/ec/build/zephyr/hylia/modules/ec/common/motion_sense.c.obj
[hylia:ro] [77/366] Building C object CMakeFiles/app.dir/mnt/host/source/src/platform/ec/build/zephyr/hylia/modules/ec/common/power_button.c.obj
[rex:rw] [91/437] Building C object CMakeFiles/app.dir/mnt/host/source/src/platform/ec/build/zephyr/rex/modules/ec/common/shared_mem.c.obj
[riven:ro] [128/407] Building C object CMakeFiles/app.dir/mnt/host/source/src/platform/ec/build/zephyr/riven/modules/ec/common/usbc/svdm_rsp_dfp_only.c.obj
[/mnt/host/source/src/platform/ec/build/zephyr/uldren-lcov]   /mnt/host/source/src/platform/ec/build/zephyr/uldren/build-rw/modules/ec/zephyr/CMakeFiles/ec_shim.dir/shim/src/battery.c.gcno:no functions found
[/mnt/host/source/src/platform/ec/build/zephyr/uldren-lcov] stderr:
[/mnt/host/source/src/platform/ec/build/zephyr/uldren-lcov]   /mnt/host/source/src/platform/ec/build/zephyr/uldren/build-rw/modules/ec/zephyr/CMakeFiles/ec_shim.dir/shim/src/charger.c.gcno:no functions found
[/mnt/host/source/src/platform/ec/build/zephyr/uldren-lcov] stderr:
[rex:ro] [105/437] Building C object CMakeFiles/app.dir/mnt/host/source/src/platform/ec/build/zephyr/rex/modules/ec/common/usb_pd_pdo.c.obj
[rex:ro] [106/437] Building C object CMakeFiles/app.dir/mnt/host/source/src/platform/ec/build/zephyr/rex/modules/ec/common/usb_common.c.obj
[riven:ro] [129/407] Building C object CMakeFiles/app.dir/mnt/host/source/src/platform/ec/build/zephyr/riven/modules/ec/common/usbc_ocp.c.obj
[/mnt/host/source/src/platform/ec/build/zephyr/yoda-lcov]   /mnt/host/source/src/platform/ec/build/zephyr/yoda/build-rw/modules/ec/zephyr/CMakeFiles/ec_shim.dir/shim/src/charger.c.gcno:no functions found
[/mnt/host/source/src/platform/ec/build/zephyr/yoda-lcov] stderr:
[riven:rw] [97/407] Building C object CMakeFiles/app.dir/mnt/host/source/src/platform/ec/build/zephyr/riven/modules/ec/common/thermal.c.obj
[rex:rw] [92/437] Building C object CMakeFiles/app.dir/mnt/host/source/src/platform/ec/build/zephyr/rex/modules/ec/common/spi_flash_reg.c.obj
[riven:ro] [130/407] Building C object CMakeFiles/app.dir/mnt/host/source/src/platform/ec/build/zephyr/riven/modules/ec/common/usb_pd_discovery.c.obj
[rex:rw] [93/437] Building C object CMakeFiles/app.dir/mnt/host/source/src/platform/ec/build/zephyr/rex/modules/ec/common/switch.c.obj
[rex:ro] [107/437] Building C object CMakeFiles/app.dir/mnt/host/source/src/platform/ec/build/zephyr/rex/modules/ec/common/usbc/usbc_task.c.obj
[/mnt/host/source/src/platform/ec/build/zephyr/yoda-lcov]   /mnt/host/source/src/platform/ec/build/zephyr/yoda/build-rw/modules/ec/zephyr/CMakeFiles/ec_shim.dir/shim/src/usba.c.gcno:no functions found
[/mnt/host/source/src/platform/ec/build/zephyr/yoda-lcov] stderr:
[riven:ro] [131/407] Building C object CMakeFiles/app.dir/mnt/host/source/src/platform/ec/build/zephyr/riven/modules/ec/common/usb_pd_dual_role.c.obj
[riven:rw] [98/407] Building C object CMakeFiles/app.dir/mnt/host/source/src/platform/ec/build/zephyr/riven/modules/ec/common/temp_sensor.c.obj
[riven:ro] [132/407] Building C object CMakeFiles/app.dir/mnt/host/source/src/platform/ec/build/zephyr/riven/modules/ec/driver/tcpm/raa489000.c.obj
[hylia:ro] [78/366] Building C object CMakeFiles/app.dir/mnt/host/source/src/platform/ec/build/zephyr/hylia/modules/ec/power/host_sleep.c.obj
[hylia:ro] [79/366] Building C object CMakeFiles/app.dir/mnt/host/source/src/platform/ec/build/zephyr/hylia/modules/ec/power/common.c.obj
[rex:rw] [94/437] Building C object CMakeFiles/app.dir/mnt/host/source/src/platform/ec/build/zephyr/rex/modules/ec/driver/stm_mems_common.c.obj
[/mnt/host/source/src/platform/ec/build/zephyr/uldren-lcov]   /mnt/host/source/src/platform/ec/build/zephyr/uldren/build-rw/modules/ec/zephyr/CMakeFiles/ec_shim.dir/shim/src/usb_muxes.c.gcno:no functions found
[/mnt/host/source/src/platform/ec/build/zephyr/uldren-lcov] stderr:
[rex:ro] [108/437] Building C object CMakeFiles/app.dir/mnt/host/source/src/platform/ec/build/zephyr/rex/modules/ec/common/usbc/usb_pd_timer.c.obj
[rex:ro] [109/437] Building C object CMakeFiles/app.dir/mnt/host/source/src/platform/ec/build/zephyr/rex/modules/ec/common/usbc/usb_sm.c.obj
[riven:rw] [99/407] Building C object CMakeFiles/app.dir/mnt/host/source/src/platform/ec/build/zephyr/riven/modules/ec/driver/temp_sensor/thermistor.c.obj
[riven:ro] [133/407] Building C object CMakeFiles/app.dir/mnt/host/source/src/platform/ec/build/zephyr/riven/modules/ec/driver/tcpm/tcpci.c.obj
[riven:ro] [134/407] Building C object CMakeFiles/app.dir/mnt/host/source/src/platform/ec/build/zephyr/riven/modules/ec/common/vboot_hash.c.obj
[rex:rw] [95/437] Building C object CMakeFiles/app.dir/mnt/host/source/src/platform/ec/build/zephyr/rex/modules/ec/common/tablet_mode.c.obj
[rex:ro] [110/437] Building C object CMakeFiles/app.dir/mnt/host/source/src/platform/ec/build/zephyr/rex/modules/ec/common/usbc_intr_task.c.obj
[rex:rw] [96/437] Building C object CMakeFiles/app.dir/mnt/host/source/src/platform/ec/build/zephyr/rex/modules/ec/common/thermal.c.obj
[riven:ro] [135/407] Building C object CMakeFiles/app.dir/mnt/host/source/src/platform/ec/build/zephyr/riven/modules/ec/common/button.c.obj
[riven:rw] [100/407] Building C object CMakeFiles/app.dir/mnt/host/source/src/platform/ec/build/zephyr/riven/modules/ec/common/throttle_ap.c.obj
[hylia:ro] [80/366] Building C object CMakeFiles/app.dir/mnt/host/source/src/platform/ec/build/zephyr/hylia/modules/ec/common/panic_output.c.obj
[riven:ro] [136/407] Building C object CMakeFiles/app.dir/mnt/host/source/src/platform/ec/build/zephyr/riven/modules/ec/common/vboot/efs2.c.obj
[rex:rw] [97/437] Building C object CMakeFiles/app.dir/mnt/host/source/src/platform/ec/build/zephyr/rex/modules/ec/common/temp_sensor.c.obj
[hylia:ro] [81/366] Building C object CMakeFiles/app.dir/mnt/host/source/src/platform/ec/build/zephyr/hylia/modules/ec/power/mt8186.c.obj
[rex:ro] [111/437] Building C object CMakeFiles/app.dir/mnt/host/source/src/platform/ec/build/zephyr/rex/modules/ec/common/usb_pd_flags.c.obj
[rex:ro] [112/437] Building C object CMakeFiles/app.dir/mnt/host/source/src/platform/ec/build/zephyr/rex/modules/ec/common/usbc_utils.c.obj
[riven:rw] [101/407] Building C object CMakeFiles/app.dir/mnt/host/source/src/platform/ec/build/zephyr/riven/modules/ec/common/timer.c.obj
[riven:ro] [137/407] Building C object CMakeFiles/app.dir/mnt/host/source/src/platform/ec/build/zephyr/riven/modules/ec/common/vstore.c.obj
[riven:ro] [138/407] Building C object CMakeFiles/app.dir/mnt/host/source/src/platform/ec/build/zephyr/riven/modules/ec/common/math_util.c.obj
[rex:rw] [98/437] Building C object CMakeFiles/app.dir/mnt/host/source/src/platform/ec/build/zephyr/rex/modules/ec/driver/temp_sensor/thermistor.c.obj
[rex:ro] [113/437] Building C object CMakeFiles/app.dir/mnt/host/source/src/platform/ec/build/zephyr/rex/modules/ec/common/chargen.c.obj
[hylia:ro] [82/366] Building C object CMakeFiles/app.dir/mnt/host/source/src/platform/ec/build/zephyr/hylia/modules/ec/common/shared_mem.c.obj
[rex:rw] [99/437] Building C object CMakeFiles/app.dir/mnt/host/source/src/platform/ec/build/zephyr/rex/modules/ec/common/timer.c.obj
[riven:ro] [139/407] Building C object CMakeFiles/app.dir/src/common.c.obj
[riven:rw] [102/407] Building C object CMakeFiles/app.dir/mnt/host/source/src/platform/ec/build/zephyr/riven/modules/ec/common/usb_port_power_dumb.c.obj
[hylia:ro] [83/366] Building C object CMakeFiles/app.dir/mnt/host/source/src/platform/ec/build/zephyr/hylia/modules/ec/common/switch.c.obj
[rex:rw] [100/437] Building C object CMakeFiles/app.dir/mnt/host/source/src/platform/ec/build/zephyr/rex/modules/ec/common/usb_charger.c.obj
[riven:ro] [140/407] Building C object CMakeFiles/app.dir/src/sub_board.c.obj
[riven:rw] [103/407] Building C object CMakeFiles/app.dir/mnt/host/source/src/platform/ec/build/zephyr/riven/modules/ec/common/typec_control.c.obj
[rex:ro] [114/437] Building C object CMakeFiles/app.dir/mnt/host/source/src/platform/ec/build/zephyr/rex/modules/ec/common/usbc/usb_pd_console.c.obj
[rex:ro] [115/437] Building C object CMakeFiles/app.dir/mnt/host/source/src/platform/ec/build/zephyr/rex/modules/ec/driver/retimer/anx7452.c.obj
[riven:ro] [141/407] Building C object CMakeFiles/app.dir/src/board_power.c.obj
[riven:ro] [142/407] Building C object CMakeFiles/app.dir/riven/src/form_factor.c.obj
[rex:rw] [101/437] Building C object CMakeFiles/app.dir/mnt/host/source/src/platform/ec/build/zephyr/rex/modules/ec/common/typec_control.c.obj
[rex:rw] [102/437] Building C object CMakeFiles/app.dir/mnt/host/source/src/platform/ec/build/zephyr/rex/modules/ec/common/usb_port_power_dumb.c.obj
[riven:ro] [143/407] Building C object CMakeFiles/app.dir/riven/src/led.c.obj
[hylia:ro] [84/366] Building C object CMakeFiles/app.dir/mnt/host/source/src/platform/ec/build/zephyr/hylia/modules/ec/common/tablet_mode.c.obj
[rex:ro] [116/437] Building C object CMakeFiles/app.dir/mnt/host/source/src/platform/ec/build/zephyr/rex/modules/ec/driver/retimer/bb_retimer.c.obj
[hylia:ro] [85/366] Building C object CMakeFiles/app.dir/mnt/host/source/src/platform/ec/build/zephyr/hylia/modules/ec/common/thermal.c.obj
[riven:rw] [104/407] Building C object CMakeFiles/app.dir/mnt/host/source/src/platform/ec/build/zephyr/riven/modules/ec/common/usb_common.c.obj
[riven:ro] [144/407] Building C object CMakeFiles/app.dir/riven/src/touch_panel.c.obj
[riven:rw] [105/407] Building C object CMakeFiles/app.dir/mnt/host/source/src/platform/ec/build/zephyr/riven/modules/ec/common/usb_pd_pdo.c.obj
[rex:rw] [103/437] Building C object CMakeFiles/app.dir/mnt/host/source/src/platform/ec/build/zephyr/rex/modules/ec/common/usb_common.c.obj
[rex:ro] [117/437] Building C object CMakeFiles/app.dir/mnt/host/source/src/platform/ec/build/zephyr/rex/modules/ec/driver/retimer/kb8010.c.obj
[riven:ro] [145/407] Building C object CMakeFiles/app.dir/riven/src/usb_mux_config.c.obj
[rex:ro] [118/437] Building C object CMakeFiles/app.dir/mnt/host/source/src/platform/ec/build/zephyr/rex/modules/ec/driver/usb_mux/usb_mux.c.obj
[riven:ro] [146/407] Building C object CMakeFiles/app.dir/riven/src/usbc.c.obj
[hylia:ro] [86/366] Building C object CMakeFiles/app.dir/mnt/host/source/src/platform/ec/build/zephyr/hylia/modules/ec/common/temp_sensor.c.obj
[rex:rw] [104/437] Building C object CMakeFiles/app.dir/mnt/host/source/src/platform/ec/build/zephyr/rex/modules/ec/common/usb_pd_pdo.c.obj
[hylia:ro] [87/366] Building C object CMakeFiles/app.dir/mnt/host/source/src/platform/ec/build/zephyr/hylia/modules/ec/driver/temp_sensor/thermistor.c.obj
[rex:ro] [119/437] Building C object CMakeFiles/app.dir/mnt/host/source/src/platform/ec/build/zephyr/rex/modules/ec/driver/usb_mux/virtual.c.obj
[riven:rw] [106/407] Building C object CMakeFiles/app.dir/mnt/host/source/src/platform/ec/build/zephyr/riven/modules/ec/common/usbc/usbc_task.c.obj
[riven:ro] [147/407] Building C object CMakeFiles/app.dir/riven/src/charger.c.obj
[riven:ro] [148/407] Building C object CMakeFiles/app.dir/riven/src/keyboard.c.obj
[rex:rw] [105/437] Building C object CMakeFiles/app.dir/mnt/host/source/src/platform/ec/build/zephyr/rex/modules/ec/common/usbc/usbc_task.c.obj
[riven:rw] [107/407] Building C object CMakeFiles/app.dir/mnt/host/source/src/platform/ec/build/zephyr/riven/modules/ec/common/usbc/usb_pd_timer.c.obj
[riven:ro] [149/407] Building C object zephyr/CMakeFiles/zephyr.dir/lib/libc/validate_libc.c.obj
[/mnt/host/source/src/platform/ec/build/zephyr/uldren-lcov]   /mnt/host/source/src/platform/ec/build/zephyr/uldren/build-rw/modules/ec/zephyr/CMakeFiles/ec_shim.dir/shim/src/usba.c.gcno:no functions found
[/mnt/host/source/src/platform/ec/build/zephyr/uldren-lcov] stderr:
[rex:rw] [106/437] Building C object CMakeFiles/app.dir/mnt/host/source/src/platform/ec/build/zephyr/rex/modules/ec/common/usbc/usb_pd_timer.c.obj
[riven:ro] [150/407] Building C object CMakeFiles/app.dir/riven/src/keyboard_customization.c.obj
[rex:ro] [120/437] Building C object CMakeFiles/app.dir/mnt/host/source/src/platform/ec/build/zephyr/rex/modules/ec/common/event_log.c.obj
[rex:ro] [121/437] Building C object CMakeFiles/app.dir/mnt/host/source/src/platform/ec/build/zephyr/rex/modules/ec/common/pd_log.c.obj
[riven:ro] [151/407] Building C object zephyr/CMakeFiles/zephyr.dir/lib/heap/heap.c.obj
[riven:ro] [152/407] Linking C static library app/libapp.a
[hylia:ro] [88/366] Building C object CMakeFiles/app.dir/mnt/host/source/src/platform/ec/build/zephyr/hylia/modules/ec/common/timer.c.obj
[riven:ro] [153/407] Building C object zephyr/CMakeFiles/zephyr.dir/lib/os/cbprintf_packaged.c.obj
[rex:rw] [107/437] Building C object CMakeFiles/app.dir/mnt/host/source/src/platform/ec/build/zephyr/rex/modules/ec/common/usbc/usb_sm.c.obj
[hylia:ro] [89/366] Building C object CMakeFiles/app.dir/mnt/host/source/src/platform/ec/build/zephyr/hylia/modules/ec/common/usb_port_power_dumb.c.obj
[riven:rw] [108/407] Building C object CMakeFiles/app.dir/mnt/host/source/src/platform/ec/build/zephyr/riven/modules/ec/common/usbc/usb_sm.c.obj
[riven:ro] [154/407] Building C object zephyr/CMakeFiles/zephyr.dir/lib/os/clock.c.obj
[rex:rw] [108/437] Building C object CMakeFiles/app.dir/mnt/host/source/src/platform/ec/build/zephyr/rex/modules/ec/common/usbc_intr_task.c.obj
[riven:rw] [109/407] Building C object CMakeFiles/app.dir/mnt/host/source/src/platform/ec/build/zephyr/riven/modules/ec/common/usbc_intr_task.c.obj
[rex:ro] [122/437] Building C object CMakeFiles/app.dir/mnt/host/source/src/platform/ec/build/zephyr/rex/modules/ec/common/usbc/usb_tc_drp_acc_trysrc_sm.c.obj
[rex:rw] [109/437] Building C object CMakeFiles/app.dir/mnt/host/source/src/platform/ec/build/zephyr/rex/modules/ec/common/usbc_utils.c.obj
[riven:ro] [155/407] Building C object zephyr/CMakeFiles/zephyr.dir/lib/os/printk.c.obj
[riven:ro] [156/407] Building C object zephyr/CMakeFiles/zephyr.dir/lib/os/sem.c.obj
[riven:ro] [157/407] Building C object zephyr/CMakeFiles/zephyr.dir/lib/os/thread_entry.c.obj
[riven:ro] [158/407] Building C object zephyr/CMakeFiles/zephyr.dir/lib/os/cbprintf_nano.c.obj
[rex:rw] [110/437] Building C object CMakeFiles/app.dir/mnt/host/source/src/platform/ec/build/zephyr/rex/modules/ec/common/usb_pd_flags.c.obj
[hylia:ro] [90/366] Building C object CMakeFiles/app.dir/mnt/host/source/src/platform/ec/build/zephyr/hylia/modules/ec/common/usbc_utils.c.obj
[rex:ro] [123/437] Building C object CMakeFiles/app.dir/mnt/host/source/src/platform/ec/build/zephyr/rex/modules/ec/common/usbc/usb_prl_sm.c.obj
[riven:ro] [159/407] Building C object zephyr/CMakeFiles/zephyr.dir/lib/utils/dec.c.obj
[riven:rw] [110/407] Building C object CMakeFiles/app.dir/mnt/host/source/src/platform/ec/build/zephyr/riven/modules/ec/common/usbc_utils.c.obj
[hylia:ro] [91/366] Building C object CMakeFiles/app.dir/mnt/host/source/src/platform/ec/build/zephyr/hylia/modules/ec/common/usb_common.c.obj
[riven:ro] [160/407] Building C object zephyr/CMakeFiles/zephyr.dir/lib/utils/hex.c.obj
[riven:rw] [111/407] Building C object CMakeFiles/app.dir/mnt/host/source/src/platform/ec/build/zephyr/riven/modules/ec/common/usb_pd_flags.c.obj
[riven:ro] [161/407] Building C object zephyr/CMakeFiles/zephyr.dir/lib/os/cbprintf.c.obj
[rex:rw] [111/437] Building C object CMakeFiles/app.dir/mnt/host/source/src/platform/ec/build/zephyr/rex/modules/ec/common/chargen.c.obj
[riven:ro] [162/407] Building C object zephyr/CMakeFiles/zephyr.dir/lib/os/assert.c.obj
[rex:ro] [124/437] Building C object CMakeFiles/app.dir/mnt/host/source/src/platform/ec/build/zephyr/rex/modules/ec/common/usbc/usb_pe_drp_sm.c.obj
[riven:ro] [163/407] Building C object zephyr/CMakeFiles/zephyr.dir/lib/utils/timeutil.c.obj
[riven:ro] [164/407] Building C object zephyr/CMakeFiles/zephyr.dir/lib/utils/bitmask.c.obj
[rex:rw] [112/437] Building C object CMakeFiles/app.dir/mnt/host/source/src/platform/ec/build/zephyr/rex/modules/ec/common/usbc/usb_pd_console.c.obj
[rex:ro] [125/437] Building C object CMakeFiles/app.dir/mnt/host/source/src/platform/ec/build/zephyr/rex/modules/ec/common/usbc/usb_pd_dpm.c.obj
[hylia:ro] [92/366] Building C object CMakeFiles/app.dir/mnt/host/source/src/platform/ec/build/zephyr/hylia/modules/ec/common/chargen.c.obj
[riven:ro] [165/407] Building C object zephyr/CMakeFiles/zephyr.dir/lib/utils/rb.c.obj
[rex:ro] [126/437] Building C object CMakeFiles/app.dir/mnt/host/source/src/platform/ec/build/zephyr/rex/modules/ec/common/usbc/usbc_pd_policy.c.obj
[riven:rw] [112/407] Building C object CMakeFiles/app.dir/mnt/host/source/src/platform/ec/build/zephyr/riven/modules/ec/common/chargen.c.obj
[rex:rw] [113/437] Building C object CMakeFiles/app.dir/mnt/host/source/src/platform/ec/build/zephyr/rex/modules/ec/driver/retimer/anx7452.c.obj
[riven:ro] [166/407] Building C object zephyr/CMakeFiles/zephyr.dir/lib/utils/bitarray.c.obj
[riven:ro] [167/407] Building C object zephyr/CMakeFiles/zephyr.dir/lib/utils/ring_buffer.c.obj
[riven:rw] [113/407] Building C object CMakeFiles/app.dir/mnt/host/source/src/platform/ec/build/zephyr/riven/modules/ec/common/usbc/usb_pd_console.c.obj
[riven:ro] [168/407] Building C object zephyr/CMakeFiles/zephyr.dir/lib/utils/last_section_id.c.obj
[hylia:ro] [93/366] Building C object CMakeFiles/app.dir/mnt/host/source/src/platform/ec/build/zephyr/hylia/modules/ec/driver/usb_mux/usb_mux.c.obj
[riven:ro] [169/407] Building C object zephyr/CMakeFiles/zephyr.dir/lib/utils/getopt/getopt.c.obj
[riven:ro] [170/407] Building C object zephyr/CMakeFiles/zephyr.dir/misc/generated/configs.c.obj
[riven:ro] [171/407] Building C object zephyr/CMakeFiles/zephyr.dir/lib/utils/getopt/getopt_common.c.obj
[rex:rw] [114/437] Building C object CMakeFiles/app.dir/mnt/host/source/src/platform/ec/build/zephyr/rex/modules/ec/driver/retimer/bb_retimer.c.obj
[rex:ro] [127/437] Building C object CMakeFiles/app.dir/mnt/host/source/src/platform/ec/build/zephyr/rex/modules/ec/common/usbc/dp_alt_mode.c.obj
[hylia:ro] [94/366] Building C object CMakeFiles/app.dir/mnt/host/source/src/platform/ec/build/zephyr/hylia/modules/ec/driver/usb_mux/virtual.c.obj
[riven:rw] [114/407] Building C object CMakeFiles/app.dir/mnt/host/source/src/platform/ec/build/zephyr/riven/modules/ec/driver/retimer/anx7483.c.obj
[rex:rw] [115/437] Building C object CMakeFiles/app.dir/mnt/host/source/src/platform/ec/build/zephyr/rex/modules/ec/driver/retimer/kb8010.c.obj
[rex:ro] [128/437] Building C object CMakeFiles/app.dir/mnt/host/source/src/platform/ec/build/zephyr/rex/modules/ec/common/usbc/tbt_alt_mode.c.obj
[riven:ro] [172/407] Building C object zephyr/CMakeFiles/zephyr.dir/soc/nuvoton/npcx/common/npcxn/registers.c.obj
[riven:ro] [173/407] Building C object zephyr/CMakeFiles/zephyr.dir/soc/nuvoton/npcx/common/power.c.obj
[rex:ro] [129/437] Building C object CMakeFiles/app.dir/mnt/host/source/src/platform/ec/build/zephyr/rex/modules/ec/common/usbc/usb_mode.c.obj
[riven:ro] [174/407] Building C object zephyr/CMakeFiles/zephyr.dir/soc/nuvoton/npcx/common/scfg.c.obj
[riven:ro] [175/407] Building C object zephyr/CMakeFiles/zephyr.dir/soc/nuvoton/npcx/npcx9/soc.c.obj
[hylia:ro] [95/366] Building C object CMakeFiles/app.dir/mnt/host/source/src/platform/ec/build/zephyr/hylia/modules/ec/common/usb_pd_host_cmd_common.c.obj
[rex:rw] [116/437] Building C object CMakeFiles/app.dir/mnt/host/source/src/platform/ec/build/zephyr/rex/modules/ec/driver/usb_mux/usb_mux.c.obj
[riven:rw] [115/407] Building C object CMakeFiles/app.dir/mnt/host/source/src/platform/ec/build/zephyr/riven/modules/ec/driver/usb_mux/usb_mux.c.obj
[rex:rw] [117/437] Building C object CMakeFiles/app.dir/mnt/host/source/src/platform/ec/build/zephyr/rex/modules/ec/driver/usb_mux/virtual.c.obj
[riven:ro] [176/407] Building C object zephyr/CMakeFiles/zephyr.dir/subsys/pm/state.c.obj
[riven:ro] [177/407] Building C object zephyr/CMakeFiles/zephyr.dir/subsys/logging/log_minimal.c.obj
[rex:ro] [130/437] Building C object CMakeFiles/app.dir/mnt/host/source/src/platform/ec/build/zephyr/rex/modules/ec/common/usbc/usb_retimer_fw_update.c.obj
[riven:rw] [116/407] Building C object CMakeFiles/app.dir/mnt/host/source/src/platform/ec/build/zephyr/riven/modules/ec/driver/usb_mux/virtual.c.obj
[hylia:ro] [96/366] Building C object CMakeFiles/app.dir/mnt/host/source/src/platform/ec/build/zephyr/hylia/modules/ec/common/vboot_hash.c.obj
[riven:ro] [178/407] Building C object zephyr/CMakeFiles/zephyr.dir/subsys/pm/pm.c.obj
[riven:ro] [179/407] Building C object zephyr/CMakeFiles/zephyr.dir/subsys/mem_mgmt/mem_attr.c.obj
[rex:rw] [118/437] Building C object CMakeFiles/app.dir/mnt/host/source/src/platform/ec/build/zephyr/rex/modules/ec/common/event_log.c.obj
[rex:ro] [131/437] Building C object CMakeFiles/app.dir/mnt/host/source/src/platform/ec/build/zephyr/rex/modules/ec/common/usb_pd_console_cmd.c.obj
[rex:ro] [132/437] Building C object CMakeFiles/app.dir/mnt/host/source/src/platform/ec/build/zephyr/rex/modules/ec/common/usb_pd_host_cmd.c.obj
[hylia:ro] [97/366] Building C object CMakeFiles/app.dir/mnt/host/source/src/platform/ec/build/zephyr/hylia/modules/ec/common/button.c.obj
[rex:rw] [119/437] Building C object CMakeFiles/app.dir/mnt/host/source/src/platform/ec/build/zephyr/rex/modules/ec/common/pd_log.c.obj
[riven:ro] [180/407] Building C object zephyr/CMakeFiles/zephyr.dir/subsys/pm/policy/policy_latency.c.obj
[riven:ro] [181/407] Building C object zephyr/CMakeFiles/zephyr.dir/subsys/pm/policy/policy_events.c.obj
[riven:ro] [182/407] Building C object zephyr/CMakeFiles/zephyr.dir/subsys/pm/policy/policy_state_lock.c.obj
[riven:ro] [183/407] Building C object zephyr/CMakeFiles/zephyr.dir/subsys/pm/device.c.obj
[riven:rw] [117/407] Building C object CMakeFiles/app.dir/mnt/host/source/src/platform/ec/build/zephyr/riven/modules/ec/common/usbc/usb_tc_drp_acc_trysrc_sm.c.obj
[hylia:ro] [98/366] Building C object CMakeFiles/app.dir/mnt/host/source/src/platform/ec/build/zephyr/hylia/modules/ec/common/vboot/efs2.c.obj
[riven:rw] [118/407] Building C object CMakeFiles/app.dir/mnt/host/source/src/platform/ec/build/zephyr/riven/modules/ec/common/usbc/usb_prl_sm.c.obj
[hylia:ro] [99/366] Building C object CMakeFiles/app.dir/mnt/host/source/src/platform/ec/build/zephyr/hylia/modules/ec/common/vstore.c.obj
[rex:ro] [133/437] Building C object CMakeFiles/app.dir/mnt/host/source/src/platform/ec/build/zephyr/rex/modules/ec/common/usbc/usb_pd_host.c.obj
[rex:rw] [120/437] Building C object CMakeFiles/app.dir/mnt/host/source/src/platform/ec/build/zephyr/rex/modules/ec/common/usbc/usb_tc_drp_acc_trysrc_sm.c.obj
[riven:ro] [184/407] Building C object zephyr/CMakeFiles/zephyr.dir/subsys/pm/device_system_managed.c.obj
[rex:rw] [121/437] Building C object CMakeFiles/app.dir/mnt/host/source/src/platform/ec/build/zephyr/rex/modules/ec/common/usbc/usb_prl_sm.c.obj
[rex:ro] [134/437] Building C object CMakeFiles/app.dir/mnt/host/source/src/platform/ec/build/zephyr/rex/modules/ec/zephyr/shim/src/tcpc.c.obj
[rex:ro] [135/437] Building C object CMakeFiles/app.dir/mnt/host/source/src/platform/ec/build/zephyr/rex/modules/ec/common/usb_pd_host_cmd_common.c.obj
[riven:ro] [185/407] Building C object zephyr/CMakeFiles/zephyr.dir/subsys/testsuite/coverage/coverage.c.obj
[riven:ro] [186/407] Building C object zephyr/CMakeFiles/zephyr.dir/subsys/tracing/tracing_none.c.obj
[riven:ro] [187/407] Building C object zephyr/CMakeFiles/zephyr.dir/subsys/shell/modules/kernel_service/kernel_shell.c.obj
[hylia:ro] [100/366] Building C object CMakeFiles/app.dir/mnt/host/source/src/platform/ec/build/zephyr/hylia/modules/ec/zephyr/program/rauru/src/common.c.obj
[hylia:ro] [101/366] Building C object CMakeFiles/app.dir/mnt/host/source/src/platform/ec/build/zephyr/hylia/modules/ec/common/math_util.c.obj
[rex:rw] [122/437] Building C object CMakeFiles/app.dir/mnt/host/source/src/platform/ec/build/zephyr/rex/modules/ec/common/usbc/usb_pe_drp_sm.c.obj
[riven:ro] [188/407] Building C object zephyr/CMakeFiles/zephyr.dir/subsys/shell/modules/kernel_service/cycles.c.obj
[riven:rw] [119/407] Building C object CMakeFiles/app.dir/mnt/host/source/src/platform/ec/build/zephyr/riven/modules/ec/common/usbc/usb_pd_dpm.c.obj
[rex:ro] [136/437] Building C object CMakeFiles/app.dir/mnt/host/source/src/platform/ec/build/zephyr/rex/modules/ec/common/usbc_ocp.c.obj
[riven:ro] [189/407] Building C object zephyr/CMakeFiles/zephyr.dir/subsys/shell/modules/kernel_service/sleep.c.obj
[rex:rw] [123/437] Building C object CMakeFiles/app.dir/mnt/host/source/src/platform/ec/build/zephyr/rex/modules/ec/common/usbc/usbc_pd_policy.c.obj
[rex:rw] [124/437] Building C object CMakeFiles/app.dir/mnt/host/source/src/platform/ec/build/zephyr/rex/modules/ec/common/usbc/usb_pd_dpm.c.obj
[riven:rw] [120/407] Building C object CMakeFiles/app.dir/mnt/host/source/src/platform/ec/build/zephyr/riven/modules/ec/common/usbc/usb_pe_drp_sm.c.obj
[riven:ro] [190/407] Building C object zephyr/CMakeFiles/zephyr.dir/subsys/shell/modules/kernel_service/uptime.c.obj
[riven:ro] [191/407] Building C object zephyr/CMakeFiles/zephyr.dir/subsys/shell/modules/kernel_service/version.c.obj
[rex:ro] [137/437] Building C object CMakeFiles/app.dir/mnt/host/source/src/platform/ec/build/zephyr/rex/modules/ec/common/usb_pd_discovery.c.obj
[rex:ro] [138/437] Building C object CMakeFiles/app.dir/mnt/host/source/src/platform/ec/build/zephyr/rex/modules/ec/common/usb_pd_dual_role.c.obj
[hylia:ro] [102/366] Building C object CMakeFiles/app.dir/mnt/host/source/src/platform/ec/build/zephyr/hylia/modules/ec/zephyr/program/rauru/src/i2c.c.obj
[hylia:ro] [103/366] Building C object CMakeFiles/app.dir/mnt/host/source/src/platform/ec/build/zephyr/hylia/modules/ec/zephyr/program/rauru/src/hibernate.c.obj
[riven:ro] [192/407] Building C object zephyr/CMakeFiles/zephyr.dir/subsys/shell/modules/kernel_service/thread/thread.c.obj
[/mnt/host/source/src/platform/ec/build/zephyr/yoda-lcov]   /mnt/host/source/src/platform/ec/build/zephyr/yoda/build-rw/modules/ec/zephyr/CMakeFiles/ec_shim.dir/shim/src/keyscan.c.gcno:no functions found
[/mnt/host/source/src/platform/ec/build/zephyr/yoda-lcov] stderr:
[riven:rw] [121/407] Building C object CMakeFiles/app.dir/mnt/host/source/src/platform/ec/build/zephyr/riven/modules/ec/common/usbc/usbc_pd_policy.c.obj
[rex:rw] [125/437] Building C object CMakeFiles/app.dir/mnt/host/source/src/platform/ec/build/zephyr/rex/modules/ec/common/usbc/dp_alt_mode.c.obj
[riven:ro] [193/407] Building C object zephyr/CMakeFiles/zephyr.dir/subsys/shell/modules/kernel_service/thread/list.c.obj
[riven:ro] [194/407] Building C object zephyr/CMakeFiles/zephyr.dir/subsys/shell/modules/kernel_service/thread/stacks.c.obj
[riven:ro] [195/407] Building C object zephyr/CMakeFiles/zephyr.dir/subsys/shell/modules/kernel_service/thread/suspend.c.obj
[rex:ro] [139/437] Building C object CMakeFiles/app.dir/mnt/host/source/src/platform/ec/build/zephyr/rex/modules/ec/driver/tcpm/nct38xx.c.obj
[rex:rw] [126/437] Building C object CMakeFiles/app.dir/mnt/host/source/src/platform/ec/build/zephyr/rex/modules/ec/common/usbc/usb_mode.c.obj
[rex:rw] [127/437] Building C object CMakeFiles/app.dir/mnt/host/source/src/platform/ec/build/zephyr/rex/modules/ec/common/usbc/tbt_alt_mode.c.obj
[riven:rw] [122/407] Building C object CMakeFiles/app.dir/mnt/host/source/src/platform/ec/build/zephyr/riven/modules/ec/common/usbc/dp_alt_mode.c.obj
[rex:ro] [140/437] Building C object CMakeFiles/app.dir/mnt/host/source/src/platform/ec/build/zephyr/rex/modules/ec/driver/tcpm/ps8xxx.c.obj
[rex:ro] [141/437] Building C object CMakeFiles/app.dir/mnt/host/source/src/platform/ec/build/zephyr/rex/modules/ec/driver/tcpm/rt1715.c.obj
[riven:ro] [196/407] Building C object zephyr/CMakeFiles/zephyr.dir/subsys/shell/modules/kernel_service/thread/resume.c.obj
[hylia:ro] [104/366] Building C object CMakeFiles/app.dir/mnt/host/source/src/platform/ec/build/zephyr/hylia/modules/ec/zephyr/program/rauru/src/hooks.c.obj
[hylia:ro] [105/366] Building C object CMakeFiles/app.dir/mnt/host/source/src/platform/ec/build/zephyr/hylia/modules/ec/zephyr/program/rauru/src/sub_board.c.obj
[riven:ro] [197/407] Building C object zephyr/CMakeFiles/zephyr.dir/subsys/shell/modules/kernel_service/thread/kill.c.obj
[riven:ro] [198/407] Building C object zephyr/CMakeFiles/zephyr.dir/subsys/shell/backends/shell_uart.c.obj
[riven:rw] [123/407] Building C object CMakeFiles/app.dir/mnt/host/source/src/platform/ec/build/zephyr/riven/modules/ec/common/usb_pd_console_cmd.c.obj
[riven:ro] [199/407] Building C object zephyr/CMakeFiles/zephyr.dir/subsys/shell/shell.c.obj
[rex:rw] [128/437] Building C object CMakeFiles/app.dir/mnt/host/source/src/platform/ec/build/zephyr/rex/modules/ec/common/usbc/usb_retimer_fw_update.c.obj
[riven:ro] [200/407] Building C object zephyr/CMakeFiles/zephyr.dir/subsys/shell/shell_fprintf.c.obj
[rex:rw] [129/437] Building C object CMakeFiles/app.dir/mnt/host/source/src/platform/ec/build/zephyr/rex/modules/ec/common/usb_pd_console_cmd.c.obj
[riven:rw] [124/407] Building C object CMakeFiles/app.dir/mnt/host/source/src/platform/ec/build/zephyr/riven/modules/ec/common/usb_pd_host_cmd.c.obj
[rex:rw] [130/437] Building C object CMakeFiles/app.dir/mnt/host/source/src/platform/ec/build/zephyr/rex/modules/ec/common/usb_pd_host_cmd.c.obj
[rex:ro] [142/437] Building C object CMakeFiles/app.dir/mnt/host/source/src/platform/ec/build/zephyr/rex/modules/ec/common/usbc_ppc.c.obj
[rex:ro] [143/437] Building C object CMakeFiles/app.dir/mnt/host/source/src/platform/ec/build/zephyr/rex/modules/ec/driver/tcpm/tcpci.c.obj
[rex:ro] [144/437] Building C object CMakeFiles/app.dir/mnt/host/source/src/platform/ec/build/zephyr/rex/modules/ec/driver/ppc/ktu1125.c.obj
[riven:ro] [201/407] Building C object zephyr/CMakeFiles/zephyr.dir/subsys/shell/shell_utils.c.obj
[hylia:ro] [106/366] Building C object CMakeFiles/app.dir/hylia/src/dp_alt_mode.c.obj
[hylia:ro] [107/366] Building C object CMakeFiles/app.dir/hylia/src/kb_backlight.c.obj
[riven:ro] [202/407] Building C object zephyr/CMakeFiles/zephyr.dir/subsys/shell/shell_ops.c.obj
[riven:ro] [203/407] Building C object zephyr/CMakeFiles/zephyr.dir/subsys/shell/shell_history.c.obj
[riven:rw] [125/407] Building C object CMakeFiles/app.dir/mnt/host/source/src/platform/ec/build/zephyr/riven/modules/ec/common/usbc/usb_pd_host.c.obj
[rex:rw] [131/437] Building C object CMakeFiles/app.dir/mnt/host/source/src/platform/ec/build/zephyr/rex/modules/ec/common/usbc/usb_pd_host.c.obj
[riven:ro] [204/407] Building C object zephyr/CMakeFiles/zephyr.dir/drivers/flash/flash_util.c.obj
[riven:ro] [205/407] Building C object zephyr/arch/common/CMakeFiles/arch__common.dir/sw_isr_common.c.obj
[riven:ro] [206/407] Building C object zephyr/arch/common/CMakeFiles/arch__common.dir/init.c.obj
[riven:ro] [207/407] Linking C static library zephyr/libzephyr.a
[riven:rw] [126/407] Building C object CMakeFiles/app.dir/mnt/host/source/src/platform/ec/build/zephyr/riven/modules/ec/zephyr/shim/src/tcpc.c.obj
[hylia:ro] [108/366] Building C object CMakeFiles/app.dir/hylia/src/board.c.obj
[rex:rw] [132/437] Building C object CMakeFiles/app.dir/mnt/host/source/src/platform/ec/build/zephyr/rex/modules/ec/zephyr/shim/src/tcpc.c.obj
[rex:ro] [145/437] Building C object CMakeFiles/app.dir/mnt/host/source/src/platform/ec/build/zephyr/rex/modules/ec/driver/ppc/nx20p348x.c.obj
[riven:ro] [208/407] Building C object zephyr/arch/common/CMakeFiles/arch__common.dir/xip.c.obj
[hylia:ro] [109/366] Building C object CMakeFiles/app.dir/hylia/src/fan.c.obj
[rex:rw] [133/437] Building C object CMakeFiles/app.dir/mnt/host/source/src/platform/ec/build/zephyr/rex/modules/ec/common/usb_pd_host_cmd_common.c.obj
[rex:ro] [146/437] Building C object CMakeFiles/app.dir/mnt/host/source/src/platform/ec/build/zephyr/rex/modules/ec/driver/ppc/syv682x.c.obj
[rex:ro] [147/437] Building C object CMakeFiles/app.dir/mnt/host/source/src/platform/ec/build/zephyr/rex/modules/ec/common/vboot_hash.c.obj
[riven:ro] [209/407] Building ASM object zephyr/arch/arch/arm/core/CMakeFiles/arch__arm__core.dir/nmi_on_reset.S.obj
[riven:ro] [210/407] Building C object zephyr/arch/common/CMakeFiles/isr_tables.dir/isr_tables.c.obj
[riven:ro] [211/407] Linking C static library zephyr/arch/common/libisr_tables.a
[riven:rw] [127/407] Building C object CMakeFiles/app.dir/mnt/host/source/src/platform/ec/build/zephyr/riven/modules/ec/common/usb_pd_host_cmd_common.c.obj
[riven:ro] [212/407] Linking C static library zephyr/arch/common/libarch__common.a
[riven:ro] [213/407] Building C object zephyr/arch/arch/arm/core/CMakeFiles/arch__arm__core.dir/nmi.c.obj
[riven:ro] [214/407] Building C object zephyr/arch/arch/arm/core/CMakeFiles/arch__arm__core.dir/fatal.c.obj
[rex:rw] [134/437] Building C object CMakeFiles/app.dir/mnt/host/source/src/platform/ec/build/zephyr/rex/modules/ec/common/usbc_ocp.c.obj
[riven:ro] [215/407] Linking C static library zephyr/arch/arch/arm/core/libarch__arm__core.a
[riven:ro] [216/407] Building ASM object zephyr/arch/arch/arm/core/cortex_m/CMakeFiles/arch__arm__core__cortex_m.dir/fault_s.S.obj
[hylia:ro] [110/366] Building C object CMakeFiles/app.dir/hylia/src/thermal.c.obj
[riven:rw] [128/407] Building C object CMakeFiles/app.dir/mnt/host/source/src/platform/ec/build/zephyr/riven/modules/ec/common/usbc/svdm_rsp_dfp_only.c.obj
[riven:ro] [217/407] Building C object zephyr/arch/arch/arm/core/cortex_m/CMakeFiles/arch__arm__core__cortex_m.dir/exc_exit.c.obj
[rex:ro] [148/437] Building C object CMakeFiles/app.dir/mnt/host/source/src/platform/ec/build/zephyr/rex/modules/ec/common/button.c.obj
[rex:rw] [135/437] Building C object CMakeFiles/app.dir/mnt/host/source/src/platform/ec/build/zephyr/rex/modules/ec/common/usb_pd_discovery.c.obj
[hylia:ro] [111/366] Building C object CMakeFiles/app.dir/hylia/src/backlight.c.obj
[rex:ro] [149/437] Building C object CMakeFiles/app.dir/mnt/host/source/src/platform/ec/build/zephyr/rex/modules/ec/common/vstore.c.obj
[rex:rw] [136/437] Building C object CMakeFiles/app.dir/mnt/host/source/src/platform/ec/build/zephyr/rex/modules/ec/common/usb_pd_dual_role.c.obj
[rex:ro] [150/437] Building C object CMakeFiles/app.dir/mnt/host/source/src/platform/ec/build/zephyr/rex/modules/ec/common/vboot/efs2.c.obj
[hylia:ro] [112/366] Linking C static library app/libapp.a
[riven:rw] [129/407] Building C object CMakeFiles/app.dir/mnt/host/source/src/platform/ec/build/zephyr/riven/modules/ec/common/usbc_ocp.c.obj
[riven:ro] [218/407] Building C object zephyr/arch/arch/arm/core/cortex_m/CMakeFiles/arch__arm__core__cortex_m.dir/fpu.c.obj
[hylia:ro] [113/366] Building C object zephyr/CMakeFiles/zephyr.dir/lib/libc/validate_libc.c.obj
[riven:ro] [219/407] Building ASM object zephyr/arch/arch/arm/core/cortex_m/CMakeFiles/arch__arm__core__cortex_m.dir/reset.S.obj
[riven:ro] [220/407] Building C object zephyr/arch/arch/arm/core/cortex_m/CMakeFiles/arch__arm__core__cortex_m.dir/fault.c.obj
[riven:ro] [221/407] Building C object zephyr/arch/arch/arm/core/cortex_m/CMakeFiles/arch__arm__core__cortex_m.dir/scb.c.obj
[riven:ro] [222/407] Building ASM object zephyr/arch/arch/arm/core/cortex_m/CMakeFiles/arch__arm__core__cortex_m.dir/vector_table.S.obj
[rex:rw] [137/437] Building C object CMakeFiles/app.dir/mnt/host/source/src/platform/ec/build/zephyr/rex/modules/ec/driver/tcpm/nct38xx.c.obj
[riven:rw] [130/407] Building C object CMakeFiles/app.dir/mnt/host/source/src/platform/ec/build/zephyr/riven/modules/ec/common/usb_pd_discovery.c.obj
[rex:ro] [151/437] Building C object CMakeFiles/app.dir/mnt/host/source/src/platform/ec/build/zephyr/rex/modules/ec/common/math_util.c.obj
[rex:ro] [152/437] Building C object CMakeFiles/app.dir/src/battery_present.c.obj
[hylia:ro] [114/366] Building C object zephyr/CMakeFiles/zephyr.dir/lib/heap/heap.c.obj
[riven:ro] [223/407] Building ASM object zephyr/arch/arch/arm/core/cortex_m/CMakeFiles/arch__arm__core__cortex_m.dir/swap_helper.S.obj
[rex:ro] [153/437] Building C object CMakeFiles/app.dir/src/board_power.c.obj
[rex:rw] [138/437] Building C object CMakeFiles/app.dir/mnt/host/source/src/platform/ec/build/zephyr/rex/modules/ec/driver/tcpm/rt1715.c.obj
[rex:rw] [139/437] Building C object CMakeFiles/app.dir/mnt/host/source/src/platform/ec/build/zephyr/rex/modules/ec/driver/tcpm/ps8xxx.c.obj
[riven:ro] [224/407] Building C object zephyr/arch/arch/arm/core/cortex_m/CMakeFiles/arch__arm__core__cortex_m.dir/thread_abort.c.obj
[/mnt/host/source/src/platform/ec/build/zephyr/yoda-lcov]   /mnt/host/source/src/platform/ec/build/zephyr/yoda/build-rw/CMakeFiles/app.dir/mnt/host/source/src/platform/ec/build/zephyr/yoda/modules/ec/common/cbi_config.c.gcno:no functions found
[hylia:ro] [115/366] Building C object zephyr/CMakeFiles/zephyr.dir/lib/os/cbprintf_packaged.c.obj
[/mnt/host/source/src/platform/ec/build/zephyr/yoda-lcov] stderr:
[riven:ro] [225/407] Building C object zephyr/arch/arch/arm/core/cortex_m/CMakeFiles/arch__arm__core__cortex_m.dir/irq_manage.c.obj
[riven:rw] [131/407] Building C object CMakeFiles/app.dir/mnt/host/source/src/platform/ec/build/zephyr/riven/modules/ec/common/usb_pd_dual_role.c.obj
[riven:ro] [226/407] Building C object zephyr/arch/arch/arm/core/cortex_m/CMakeFiles/arch__arm__core__cortex_m.dir/prep_c.c.obj
[riven:rw] [132/407] Building C object CMakeFiles/app.dir/mnt/host/source/src/platform/ec/build/zephyr/riven/modules/ec/driver/tcpm/raa489000.c.obj
[riven:ro] [227/407] Building C object zephyr/arch/arch/arm/core/cortex_m/CMakeFiles/arch__arm__core__cortex_m.dir/thread.c.obj
[hylia:ro] [116/366] Building C object zephyr/CMakeFiles/zephyr.dir/lib/os/clock.c.obj
[riven:ro] [228/407] Building C object zephyr/arch/arch/arm/core/cortex_m/CMakeFiles/arch__arm__core__cortex_m.dir/cpu_idle.c.obj
[riven:ro] [229/407] Building C object zephyr/arch/arch/arm/core/cortex_m/CMakeFiles/arch__arm__core__cortex_m.dir/irq_init.c.obj
[hylia:ro] [117/366] Building C object zephyr/CMakeFiles/zephyr.dir/lib/os/printk.c.obj
[rex:rw] [140/437] Building C object CMakeFiles/app.dir/mnt/host/source/src/platform/ec/build/zephyr/rex/modules/ec/driver/tcpm/tcpci.c.obj
[rex:ro] [154/437] Building C object CMakeFiles/app.dir/src/usb_pd_policy.c.obj
[rex:ro] [155/437] Building C object CMakeFiles/app.dir/src/usbc_config.c.obj
[rex:rw] [141/437] Building C object CMakeFiles/app.dir/mnt/host/source/src/platform/ec/build/zephyr/rex/modules/ec/common/usbc_ppc.c.obj
[riven:ro] [230/407] Building C object zephyr/arch/arch/arm/core/cortex_m/CMakeFiles/arch__arm__core__cortex_m.dir/isr_wrapper.c.obj
[rex:rw] [142/437] Building C object CMakeFiles/app.dir/mnt/host/source/src/platform/ec/build/zephyr/rex/modules/ec/driver/ppc/ktu1125.c.obj
[riven:ro] [231/407] Linking C static library zephyr/arch/arch/arm/core/cortex_m/libarch__arm__core__cortex_m.a
[rex:ro] [156/437] Building C object CMakeFiles/app.dir/rex/src/usb_mux_config.c.obj
[riven:ro] [232/407] Generating ../../../include/generated/libc/minimal/strerror_table.h
[riven:rw] [133/407] Building C object CMakeFiles/app.dir/mnt/host/source/src/platform/ec/build/zephyr/riven/modules/ec/driver/tcpm/tcpci.c.obj
[hylia:ro] [118/366] Building C object zephyr/CMakeFiles/zephyr.dir/lib/os/sem.c.obj
[riven:ro] [233/407] Building C object zephyr/lib/libc/minimal/CMakeFiles/lib__libc__minimal.dir/source/stdlib/atoi.c.obj
[/mnt/host/source/src/platform/ec/build/zephyr/uldren-lcov]   /mnt/host/source/src/platform/ec/build/zephyr/uldren/build-rw/CMakeFiles/app.dir/mnt/host/source/src/platform/ec/build/zephyr/uldren/modules/ec/common/usb_pd_pdo.c.gcno:no functions found
[/mnt/host/source/src/platform/ec/build/zephyr/uldren-lcov] stderr:
[riven:ro] [234/407] Building C object zephyr/arch/arch/arm/core/mpu/CMakeFiles/arch__arm__core__mpu.dir/arm_core_mpu.c.obj
[riven:ro] [235/407] Building C object zephyr/arch/arch/arm/core/mpu/CMakeFiles/arch__arm__core__mpu.dir/arm_mpu_regions.c.obj
[riven:rw] [134/407] Building C object CMakeFiles/app.dir/mnt/host/source/src/platform/ec/build/zephyr/riven/modules/ec/common/vboot_hash.c.obj
[riven:ro] [236/407] Building C object zephyr/lib/libc/minimal/CMakeFiles/lib__libc__minimal.dir/source/stdlib/strtol.c.obj
[/mnt/host/source/src/platform/ec/build/zephyr/yoda-lcov]   /mnt/host/source/src/platform/ec/build/zephyr/yoda/build-rw/zephyr/arch/arch/arm/core/mpu/CMakeFiles/arch__arm__core__mpu.dir/arm_mpu_regions.c.gcno:no functions found
[/mnt/host/source/src/platform/ec/build/zephyr/yoda-lcov] stderr:
[hylia:ro] [119/366] Building C object zephyr/CMakeFiles/zephyr.dir/lib/os/thread_entry.c.obj
[riven:ro] [237/407] Building C object zephyr/lib/libc/minimal/CMakeFiles/lib__libc__minimal.dir/source/stdlib/strtoul.c.obj
[riven:ro] [238/407] Building C object zephyr/arch/arch/arm/core/mpu/CMakeFiles/arch__arm__core__mpu.dir/arm_mpu.c.obj
[riven:ro] [239/407] Building C object zephyr/lib/libc/minimal/CMakeFiles/lib__libc__minimal.dir/source/stdlib/strtoll.c.obj
[riven:ro] [240/407] Building C object zephyr/lib/libc/minimal/CMakeFiles/lib__libc__minimal.dir/source/stdlib/strtoull.c.obj
[riven:ro] [241/407] Linking C static library zephyr/arch/arch/arm/core/mpu/libarch__arm__core__mpu.a
[riven:ro] [242/407] Building C object zephyr/lib/libc/minimal/CMakeFiles/lib__libc__minimal.dir/source/stdlib/bsearch.c.obj
[rex:ro] [157/437] Building C object zephyr/CMakeFiles/zephyr.dir/lib/libc/validate_libc.c.obj
[rex:ro] [158/437] Building C object CMakeFiles/app.dir/rex/src/i2c_policy.c.obj
[rex:rw] [143/437] Building C object CMakeFiles/app.dir/mnt/host/source/src/platform/ec/build/zephyr/rex/modules/ec/driver/ppc/nx20p348x.c.obj
[riven:ro] [243/407] Building C object zephyr/lib/libc/minimal/CMakeFiles/lib__libc__minimal.dir/source/string/strncasecmp.c.obj
[rex:ro] [159/437] Building C object CMakeFiles/app.dir/rex/src/usbc_config.c.obj
[riven:ro] [244/407] Building C object zephyr/lib/libc/minimal/CMakeFiles/lib__libc__minimal.dir/source/string/strerror.c.obj
[riven:ro] [245/407] Building C object zephyr/lib/libc/minimal/CMakeFiles/lib__libc__minimal.dir/source/stdlib/qsort.c.obj
[riven:ro] [246/407] Building C object zephyr/lib/libc/minimal/CMakeFiles/lib__libc__minimal.dir/source/string/strstr.c.obj
[hylia:ro] [120/366] Building C object zephyr/CMakeFiles/zephyr.dir/lib/os/cbprintf_nano.c.obj
[rex:rw] [144/437] Building C object CMakeFiles/app.dir/mnt/host/source/src/platform/ec/build/zephyr/rex/modules/ec/common/vboot_hash.c.obj
[riven:ro] [247/407] Building C object zephyr/lib/libc/minimal/CMakeFiles/lib__libc__minimal.dir/source/string/strspn.c.obj
[riven:rw] [135/407] Building C object CMakeFiles/app.dir/mnt/host/source/src/platform/ec/build/zephyr/riven/modules/ec/common/button.c.obj
[riven:ro] [248/407] Building C object zephyr/lib/libc/minimal/CMakeFiles/lib__libc__minimal.dir/source/string/string.c.obj
[hylia:ro] [121/366] Building C object zephyr/CMakeFiles/zephyr.dir/lib/os/cbprintf.c.obj
[rex:rw] [145/437] Building C object CMakeFiles/app.dir/mnt/host/source/src/platform/ec/build/zephyr/rex/modules/ec/driver/ppc/syv682x.c.obj
[rex:ro] [160/437] Linking C static library app/libapp.a
[hylia:ro] [122/366] Building C object zephyr/CMakeFiles/zephyr.dir/lib/utils/dec.c.obj
[riven:ro] [249/407] Building C object zephyr/lib/libc/minimal/CMakeFiles/lib__libc__minimal.dir/source/stdlib/exit.c.obj
[riven:rw] [136/407] Building C object CMakeFiles/app.dir/mnt/host/source/src/platform/ec/build/zephyr/riven/modules/ec/common/vboot/efs2.c.obj
[/mnt/host/source/src/platform/ec/build/zephyr/yoda-lcov]   /mnt/host/source/src/platform/ec/build/zephyr/yoda/build-rw/zephyr/arch/common/CMakeFiles/isr_tables.dir/isr_tables.c.gcno:no functions found
[/mnt/host/source/src/platform/ec/build/zephyr/yoda-lcov] stderr:
[rex:ro] [161/437] Building C object zephyr/CMakeFiles/zephyr.dir/lib/heap/heap.c.obj
[hylia:ro] [123/366] Building C object zephyr/CMakeFiles/zephyr.dir/lib/os/assert.c.obj
[riven:ro] [250/407] Building C object zephyr/lib/libc/minimal/CMakeFiles/lib__libc__minimal.dir/source/math/sqrtf.c.obj
[riven:ro] [251/407] Building C object zephyr/lib/libc/minimal/CMakeFiles/lib__libc__minimal.dir/source/stdout/stdout_console.c.obj
[hylia:ro] [124/366] Building C object zephyr/CMakeFiles/zephyr.dir/lib/utils/hex.c.obj
[riven:ro] [252/407] Building C object zephyr/lib/libc/minimal/CMakeFiles/lib__libc__minimal.dir/source/stdout/fprintf.c.obj
[riven:ro] [253/407] Building C object zephyr/lib/libc/minimal/CMakeFiles/lib__libc__minimal.dir/source/stdout/sprintf.c.obj
[rex:rw] [146/437] Building C object CMakeFiles/app.dir/mnt/host/source/src/platform/ec/build/zephyr/rex/modules/ec/common/button.c.obj
[riven:ro] [254/407] Building C object zephyr/lib/libc/minimal/CMakeFiles/lib__libc__minimal.dir/source/math/sqrt.c.obj
[riven:rw] [137/407] Building C object CMakeFiles/app.dir/mnt/host/source/src/platform/ec/build/zephyr/riven/modules/ec/common/vstore.c.obj
[rex:ro] [162/437] Building C object zephyr/CMakeFiles/zephyr.dir/lib/os/cbprintf_packaged.c.obj
[rex:ro] [163/437] Building C object zephyr/CMakeFiles/zephyr.dir/lib/os/clock.c.obj
[hylia:ro] [125/366] Building C object zephyr/CMakeFiles/zephyr.dir/lib/utils/timeutil.c.obj
[rex:rw] [147/437] Building C object CMakeFiles/app.dir/mnt/host/source/src/platform/ec/build/zephyr/rex/modules/ec/common/vboot/efs2.c.obj
[riven:ro] [255/407] Building C object zephyr/lib/libc/common/CMakeFiles/lib__libc__common.dir/source/time/gmtime_r.c.obj
[rex:rw] [148/437] Building C object CMakeFiles/app.dir/mnt/host/source/src/platform/ec/build/zephyr/rex/modules/ec/common/vstore.c.obj
[riven:ro] [256/407] Building C object zephyr/lib/libc/common/CMakeFiles/lib__libc__common.dir/source/time/asctime.c.obj
[riven:rw] [138/407] Building C object CMakeFiles/app.dir/mnt/host/source/src/platform/ec/build/zephyr/riven/modules/ec/common/math_util.c.obj
[riven:ro] [257/407] Building C object zephyr/lib/libc/minimal/CMakeFiles/lib__libc__minimal.dir/source/time/gmtime.c.obj
[rex:ro] [164/437] Building C object zephyr/CMakeFiles/zephyr.dir/lib/os/sem.c.obj
[riven:ro] [258/407] Building C object zephyr/lib/libc/common/CMakeFiles/lib__libc__common.dir/source/time/ctime.c.obj
[riven:ro] [259/407] Building C object zephyr/lib/libc/common/CMakeFiles/lib__libc__common.dir/source/time/localtime_r_utc.c.obj
[rex:ro] [165/437] Building C object zephyr/CMakeFiles/zephyr.dir/lib/os/printk.c.obj
[hylia:ro] [126/366] Building C object zephyr/CMakeFiles/zephyr.dir/lib/utils/rb.c.obj
[riven:ro] [260/407] Building C object zephyr/lib/libc/common/CMakeFiles/lib__libc__common.dir/source/stdlib/abort.c.obj
[riven:ro] [261/407] Linking C static library zephyr/lib/libc/minimal/liblib__libc__minimal.a
[riven:ro] [262/407] Building C object zephyr/lib/libc/common/CMakeFiles/lib__libc__common.dir/source/string/strnlen.c.obj
[riven:ro] [263/407] Building C object zephyr/lib/posix/c_lib_ext/CMakeFiles/lib__posix__c_lib_ext.dir/fnmatch.c.obj
[rex:ro] [166/437] Building C object zephyr/CMakeFiles/zephyr.dir/lib/os/thread_entry.c.obj
[riven:ro] [264/407] Building C object zephyr/lib/libc/common/CMakeFiles/lib__libc__common.dir/source/time/time.c.obj
[hylia:ro] [127/366] Building C object zephyr/CMakeFiles/zephyr.dir/lib/utils/bitmask.c.obj
[hylia:ro] [128/366] Building C object zephyr/CMakeFiles/zephyr.dir/lib/utils/bitarray.c.obj
[rex:rw] [149/437] Building C object CMakeFiles/app.dir/mnt/host/source/src/platform/ec/build/zephyr/rex/modules/ec/common/math_util.c.obj
[riven:ro] [265/407] Building C object zephyr/subsys/crc/CMakeFiles/subsys__crc.dir/crc4_sw.c.obj
[riven:rw] [139/407] Building C object CMakeFiles/app.dir/src/common.c.obj
[rex:rw] [150/437] Building C object CMakeFiles/app.dir/src/board_power.c.obj
[riven:ro] [266/407] Building C object zephyr/subsys/crc/CMakeFiles/subsys__crc.dir/crc8_sw.c.obj
[rex:rw] [151/437] Building C object CMakeFiles/app.dir/src/battery_present.c.obj
[rex:ro] [167/437] Building C object zephyr/CMakeFiles/zephyr.dir/lib/os/cbprintf_nano.c.obj
[riven:rw] [140/407] Building C object CMakeFiles/app.dir/src/sub_board.c.obj
[riven:ro] [267/407] Building C object zephyr/lib/libc/common/CMakeFiles/lib__libc__common.dir/source/stdlib/malloc.c.obj
[riven:ro] [268/407] Building C object zephyr/subsys/crc/CMakeFiles/subsys__crc.dir/crc16_sw.c.obj
[riven:ro] [269/407] Building C object zephyr/lib/posix/c_lib_ext/CMakeFiles/lib__posix__c_lib_ext.dir/getentropy.c.obj
[riven:ro] [270/407] Linking C static library zephyr/lib/libc/common/liblib__libc__common.a
[rex:ro] [168/437] Building C object zephyr/CMakeFiles/zephyr.dir/lib/os/cbprintf.c.obj
[riven:ro] [271/407] Building C object zephyr/lib/posix/c_lib_ext/CMakeFiles/lib__posix__c_lib_ext.dir/getopt_shim.c.obj
[riven:ro] [272/407] Building C object zephyr/subsys/crc/CMakeFiles/subsys__crc.dir/crc7_sw.c.obj
[rex:ro] [169/437] Building C object zephyr/CMakeFiles/zephyr.dir/lib/utils/dec.c.obj
[riven:ro] [273/407] Building C object zephyr/subsys/crc/CMakeFiles/subsys__crc.dir/crc24_sw.c.obj
[riven:ro] [274/407] Building C object zephyr/subsys/crc/CMakeFiles/subsys__crc.dir/crc32c_sw.c.obj
[rex:ro] [170/437] Building C object zephyr/CMakeFiles/zephyr.dir/lib/os/assert.c.obj
[hylia:ro] [129/366] Building C object zephyr/CMakeFiles/zephyr.dir/lib/utils/getopt/getopt_common.c.obj
[riven:ro] [275/407] Linking C static library zephyr/lib/posix/c_lib_ext/liblib__posix__c_lib_ext.a
[hylia:ro] [130/366] Building C object zephyr/CMakeFiles/zephyr.dir/lib/utils/getopt/getopt.c.obj
[riven:ro] [276/407] Building C object zephyr/subsys/crc/CMakeFiles/subsys__crc.dir/crc32_sw.c.obj
[riven:ro] [277/407] Building C object zephyr/subsys/crc/CMakeFiles/subsys__crc.dir/crc32k_4_2_sw.c.obj
[rex:ro] [171/437] Building C object zephyr/CMakeFiles/zephyr.dir/lib/utils/hex.c.obj
[hylia:ro] [131/366] Building C object zephyr/CMakeFiles/zephyr.dir/lib/utils/last_section_id.c.obj
[riven:ro] [278/407] Linking C static library zephyr/subsys/crc/libsubsys__crc.a
[riven:rw] [141/407] Building C object CMakeFiles/app.dir/src/board_power.c.obj
[rex:ro] [172/437] Building C object zephyr/CMakeFiles/zephyr.dir/lib/utils/timeutil.c.obj
[rex:rw] [152/437] Building C object CMakeFiles/app.dir/src/usbc_config.c.obj
[hylia:ro] [132/366] Building C object zephyr/CMakeFiles/zephyr.dir/lib/utils/ring_buffer.c.obj
[rex:rw] [153/437] Building C object CMakeFiles/app.dir/src/usb_pd_policy.c.obj
[rex:ro] [173/437] Building C object zephyr/CMakeFiles/zephyr.dir/lib/utils/bitmask.c.obj
[riven:rw] [142/407] Building C object CMakeFiles/app.dir/riven/src/form_factor.c.obj
[rex:rw] [154/437] Building C object CMakeFiles/app.dir/rex/src/usb_mux_config.c.obj
[hylia:ro] [133/366] Building C object zephyr/CMakeFiles/zephyr.dir/misc/generated/configs.c.obj
[rex:ro] [174/437] Building C object zephyr/CMakeFiles/zephyr.dir/lib/utils/rb.c.obj
[hylia:ro] [134/366] Building ASM object zephyr/CMakeFiles/zephyr.dir/soc/ite/ec/common/soc_irq.S.obj
[riven:ro] [279/407] Building C object zephyr/drivers/interrupt_controller/CMakeFiles/drivers__interrupt_controller.dir/intc_miwu.c.obj
[rex:ro] [175/437] Building C object zephyr/CMakeFiles/zephyr.dir/lib/utils/bitarray.c.obj
[riven:ro] [280/407] Building C object zephyr/drivers/adc/CMakeFiles/drivers__adc.dir/adc_common.c.obj
[riven:ro] [281/407] Building C object zephyr/drivers/bbram/CMakeFiles/drivers__bbram.dir/bbram_npcx.c.obj
[riven:ro] [282/407] Linking C static library zephyr/drivers/interrupt_controller/libdrivers__interrupt_controller.a
[riven:ro] [283/407] Linking C static library zephyr/drivers/bbram/libdrivers__bbram.a
[riven:ro] [284/407] Building C object zephyr/drivers/adc/CMakeFiles/drivers__adc.dir/adc_npcx.c.obj
[riven:ro] [285/407] Linking C static library zephyr/drivers/adc/libdrivers__adc.a
[rex:ro] [176/437] Building C object zephyr/CMakeFiles/zephyr.dir/lib/utils/ring_buffer.c.obj
[riven:rw] [143/407] Building C object CMakeFiles/app.dir/riven/src/led.c.obj
[hylia:ro] [135/366] Building C object zephyr/CMakeFiles/zephyr.dir/soc/ite/ec/common/soc_common_irq.c.obj
[rex:rw] [155/437] Building C object CMakeFiles/app.dir/rex/src/i2c_policy.c.obj
[rex:ro] [177/437] Building C object zephyr/CMakeFiles/zephyr.dir/lib/utils/last_section_id.c.obj
[rex:rw] [156/437] Building C object zephyr/CMakeFiles/zephyr.dir/lib/libc/validate_libc.c.obj
[rex:ro] [178/437] Building C object zephyr/CMakeFiles/zephyr.dir/lib/utils/getopt/getopt.c.obj
[rex:ro] [179/437] Building C object zephyr/CMakeFiles/zephyr.dir/misc/generated/configs.c.obj
[riven:rw] [144/407] Building C object CMakeFiles/app.dir/riven/src/touch_panel.c.obj
[hylia:ro] [136/366] Building C object zephyr/CMakeFiles/zephyr.dir/soc/ite/ec/common/power.c.obj
[rex:ro] [180/437] Building C object zephyr/CMakeFiles/zephyr.dir/lib/utils/getopt/getopt_common.c.obj
[rex:rw] [157/437] Building C object CMakeFiles/app.dir/rex/src/usbc_config.c.obj
[riven:ro] [286/407] Building C object zephyr/drivers/clock_control/CMakeFiles/drivers__clock_control.dir/clock_control_npcx.c.obj
[riven:ro] [287/407] Building C object zephyr/drivers/console/CMakeFiles/drivers__console.dir/uart_console.c.obj
[riven:ro] [288/407] Linking C static library zephyr/drivers/clock_control/libdrivers__clock_control.a
[riven:ro] [289/407] Linking C static library zephyr/drivers/console/libdrivers__console.a
[rex:rw] [158/437] Linking C static library app/libapp.a
[riven:ro] [290/407] Building C object zephyr/drivers/eeprom/CMakeFiles/drivers__eeprom.dir/eeprom_at2x.c.obj
[hylia:ro] [137/366] Building C object zephyr/CMakeFiles/zephyr.dir/soc/ite/ec/common/policy.c.obj
[/mnt/host/source/src/platform/ec/build/zephyr/yoda-lcov]   /mnt/host/source/src/platform/ec/build/zephyr/yoda/build-rw/zephyr/CMakeFiles/zephyr.dir/subsys/shell/modules/kernel_service/kernel_shell.c.gcno:no functions found
[/mnt/host/source/src/platform/ec/build/zephyr/yoda-lcov] stderr:
[riven:ro] [291/407] Linking C static library zephyr/drivers/eeprom/libdrivers__eeprom.a
[rex:rw] [159/437] Building C object zephyr/CMakeFiles/zephyr.dir/lib/heap/heap.c.obj
[riven:rw] [145/407] Building C object CMakeFiles/app.dir/riven/src/usb_mux_config.c.obj
[rex:ro] [181/437] Building C object zephyr/CMakeFiles/zephyr.dir/soc/nuvoton/npcx/common/power.c.obj
[hylia:ro] [138/366] Building C object zephyr/CMakeFiles/zephyr.dir/soc/ite/ec/it8xxx2/soc.c.obj
[/mnt/host/source/src/platform/ec/build/zephyr/yoda-lcov]   /mnt/host/source/src/platform/ec/build/zephyr/yoda/build-rw/zephyr/CMakeFiles/zephyr.dir/lib/libc/validate_libc.c.gcno:no functions found
[/mnt/host/source/src/platform/ec/build/zephyr/yoda-lcov] stderr:
[riven:ro] [292/407] Building C object zephyr/drivers/espi/CMakeFiles/drivers__espi.dir/espi_npcx.c.obj
[rex:ro] [182/437] Building C object zephyr/CMakeFiles/zephyr.dir/soc/nuvoton/npcx/common/npcxn/registers.c.obj
[rex:rw] [160/437] Building C object zephyr/CMakeFiles/zephyr.dir/lib/os/cbprintf_packaged.c.obj
[rex:ro] [183/437] Building C object zephyr/CMakeFiles/zephyr.dir/soc/nuvoton/npcx/common/scfg.c.obj
[hylia:ro] [139/366] Building ASM object zephyr/CMakeFiles/zephyr.dir/soc/ite/ec/it8xxx2/vector.S.obj
[riven:ro] [293/407] Building C object zephyr/drivers/flash/CMakeFiles/drivers__flash.dir/jesd216.c.obj
[riven:rw] [146/407] Building C object CMakeFiles/app.dir/riven/src/usbc.c.obj
[hylia:ro] [140/366] Building C object zephyr/CMakeFiles/zephyr.dir/soc/ite/ec/it8xxx2/check_regs.c.obj
[riven:ro] [294/407] Building C object zephyr/drivers/espi/CMakeFiles/drivers__espi.dir/host_subs_npcx.c.obj
[rex:rw] [161/437] Building C object zephyr/CMakeFiles/zephyr.dir/lib/os/clock.c.obj
[riven:ro] [295/407] Building C object zephyr/drivers/flash/CMakeFiles/drivers__flash.dir/flash_npcx_fiu_nor.c.obj
[riven:ro] [296/407] Linking C static library zephyr/drivers/espi/libdrivers__espi.a
[rex:rw] [162/437] Building C object zephyr/CMakeFiles/zephyr.dir/lib/os/printk.c.obj
[rex:ro] [184/437] Building C object zephyr/CMakeFiles/zephyr.dir/soc/nuvoton/npcx/npcx9/soc.c.obj
[/mnt/host/source/src/platform/ec/build/zephyr/uldren-lcov]   /mnt/host/source/src/platform/ec/build/zephyr/uldren/build-rw/CMakeFiles/app.dir/mnt/host/source/src/platform/ec/build/zephyr/uldren/modules/ec/common/cbi_config.c.gcno:no functions found
[/mnt/host/source/src/platform/ec/build/zephyr/uldren-lcov] stderr:
[riven:rw] [147/407] Building C object CMakeFiles/app.dir/riven/src/charger.c.obj
[rex:rw] [163/437] Building C object zephyr/CMakeFiles/zephyr.dir/lib/os/sem.c.obj
[rex:ro] [185/437] Building C object zephyr/CMakeFiles/zephyr.dir/subsys/logging/log_minimal.c.obj
[riven:ro] [297/407] Building C object zephyr/drivers/flash/CMakeFiles/drivers__flash.dir/flash_npcx_fiu_qspi.c.obj
[hylia:ro] [141/366] Building C object zephyr/CMakeFiles/zephyr.dir/soc/ite/ec/it8xxx2/ilm.c.obj
[rex:ro] [186/437] Building C object zephyr/CMakeFiles/zephyr.dir/subsys/mem_mgmt/mem_attr.c.obj
[riven:ro] [298/407] Linking C static library zephyr/drivers/flash/libdrivers__flash.a
[hylia:ro] [142/366] Building C object zephyr/CMakeFiles/zephyr.dir/subsys/logging/log_minimal.c.obj
[riven:rw] [148/407] Building C object CMakeFiles/app.dir/riven/src/keyboard.c.obj
[rex:rw] [164/437] Building C object zephyr/CMakeFiles/zephyr.dir/lib/os/thread_entry.c.obj
[riven:ro] [299/407] Building C object zephyr/drivers/gpio/CMakeFiles/drivers__gpio.dir/gpio_npcx.c.obj
[riven:ro] [300/407] Linking C static library zephyr/drivers/gpio/libdrivers__gpio.a
[riven:ro] [301/407] Building C object zephyr/drivers/i2c/CMakeFiles/drivers__i2c.dir/i2c_common.c.obj
[riven:ro] [302/407] Building C object zephyr/drivers/i2c/CMakeFiles/drivers__i2c.dir/i2c_shell.c.obj
[rex:ro] [187/437] Building C object zephyr/CMakeFiles/zephyr.dir/subsys/pm/state.c.obj
[rex:rw] [165/437] Building C object zephyr/CMakeFiles/zephyr.dir/lib/os/cbprintf_nano.c.obj
[hylia:ro] [143/366] Building C object zephyr/CMakeFiles/zephyr.dir/subsys/pm/state.c.obj
[/mnt/host/source/src/platform/ec/build/zephyr/yoda-lcov]   /mnt/host/source/src/platform/ec/build/zephyr/yoda/build-rw/zephyr/CMakeFiles/zephyr.dir/lib/utils/last_section_id.c.gcno:no functions found
[/mnt/host/source/src/platform/ec/build/zephyr/yoda-lcov] stderr:
[rex:rw] [166/437] Building C object zephyr/CMakeFiles/zephyr.dir/lib/os/cbprintf.c.obj
[rex:ro] [188/437] Building C object zephyr/CMakeFiles/zephyr.dir/subsys/pm/pm.c.obj
[riven:rw] [149/407] Building C object CMakeFiles/app.dir/riven/src/keyboard_customization.c.obj
[rex:rw] [167/437] Building C object zephyr/CMakeFiles/zephyr.dir/lib/utils/dec.c.obj
[rex:ro] [189/437] Building C object zephyr/CMakeFiles/zephyr.dir/subsys/pm/policy/policy_events.c.obj
[hylia:ro] [144/366] Building C object zephyr/CMakeFiles/zephyr.dir/subsys/pm/pm.c.obj
[riven:rw] [150/407] Building C object zephyr/CMakeFiles/zephyr.dir/lib/libc/validate_libc.c.obj
[riven:ro] [303/407] Building C object zephyr/drivers/i2c/CMakeFiles/drivers__i2c.dir/i2c_npcx_controller.c.obj
[riven:rw] [151/407] Linking C static library app/libapp.a
[rex:rw] [168/437] Building C object zephyr/CMakeFiles/zephyr.dir/lib/utils/hex.c.obj
[rex:rw] [169/437] Building C object zephyr/CMakeFiles/zephyr.dir/lib/os/assert.c.obj
[riven:ro] [304/407] Building C object zephyr/drivers/pinctrl/CMakeFiles/drivers__pinctrl.dir/common.c.obj
[rex:ro] [190/437] Building C object zephyr/CMakeFiles/zephyr.dir/subsys/pm/policy/policy_latency.c.obj
[riven:ro] [305/407] Building C object zephyr/drivers/i2c/CMakeFiles/drivers__i2c.dir/i2c_npcx_port.c.obj
[riven:ro] [306/407] Building C object zephyr/drivers/i2c/CMakeFiles/drivers__i2c.dir/i2c_npcx_controller_fifo.c.obj
[rex:rw] [170/437] Building C object zephyr/CMakeFiles/zephyr.dir/lib/utils/timeutil.c.obj
[hylia:ro] [145/366] Building C object zephyr/CMakeFiles/zephyr.dir/subsys/pm/policy/policy_events.c.obj
[riven:ro] [307/407] Linking C static library zephyr/drivers/i2c/libdrivers__i2c.a
[rex:ro] [191/437] Building C object zephyr/CMakeFiles/zephyr.dir/subsys/pm/policy/policy_state_lock.c.obj
[/mnt/host/source/src/platform/ec/build/zephyr/uldren-lcov]   /mnt/host/source/src/platform/ec/build/zephyr/uldren/build-rw/zephyr/arch/arch/arm/core/mpu/CMakeFiles/arch__arm__core__mpu.dir/arm_mpu_regions.c.gcno:no functions found
[/mnt/host/source/src/platform/ec/build/zephyr/uldren-lcov] stderr:
[rex:rw] [171/437] Building C object zephyr/CMakeFiles/zephyr.dir/lib/utils/bitmask.c.obj
[riven:ro] [308/407] Building C object zephyr/drivers/pinctrl/CMakeFiles/drivers__pinctrl.dir/pinctrl_npcx.c.obj
[hylia:ro] [146/366] Building C object zephyr/CMakeFiles/zephyr.dir/subsys/pm/policy/policy_latency.c.obj
[rex:rw] [172/437] Building C object zephyr/CMakeFiles/zephyr.dir/lib/utils/rb.c.obj
[riven:rw] [152/407] Building C object zephyr/CMakeFiles/zephyr.dir/lib/os/cbprintf_packaged.c.obj
[riven:rw] [153/407] Building C object zephyr/CMakeFiles/zephyr.dir/lib/heap/heap.c.obj
[riven:ro] [309/407] Linking C static library zephyr/drivers/pinctrl/libdrivers__pinctrl.a
[rex:ro] [192/437] Building C object zephyr/CMakeFiles/zephyr.dir/subsys/pm/device.c.obj
[rex:rw] [173/437] Building C object zephyr/CMakeFiles/zephyr.dir/lib/utils/bitarray.c.obj
[riven:ro] [310/407] Building C object zephyr/drivers/pwm/CMakeFiles/drivers__pwm.dir/pwm_npcx.c.obj
[riven:ro] [311/407] Linking C static library zephyr/drivers/pwm/libdrivers__pwm.a
[hylia:ro] [147/366] Building C object zephyr/CMakeFiles/zephyr.dir/subsys/pm/policy/policy_state_lock.c.obj
[rex:ro] [193/437] Building C object zephyr/CMakeFiles/zephyr.dir/subsys/pm/device_system_managed.c.obj
[riven:ro] [312/407] Building C object zephyr/drivers/sensor/nuvoton/nuvoton_adc_cmp_npcx/CMakeFiles/drivers__sensor__nuvoton__nuvoton_adc_cmp_npcx.dir/adc_cmp_npcx.c.obj
[rex:rw] [174/437] Building C object zephyr/CMakeFiles/zephyr.dir/lib/utils/ring_buffer.c.obj
[riven:ro] [313/407] Linking C static library zephyr/drivers/sensor/nuvoton/nuvoton_adc_cmp_npcx/libdrivers__sensor__nuvoton__nuvoton_adc_cmp_npcx.a
[rex:rw] [175/437] Building C object zephyr/CMakeFiles/zephyr.dir/lib/utils/last_section_id.c.obj
[rex:rw] [176/437] Building C object zephyr/CMakeFiles/zephyr.dir/lib/utils/getopt/getopt.c.obj
[riven:ro] [314/407] Building C object zephyr/drivers/serial/CMakeFiles/drivers__serial.dir/uart_npcx.c.obj
[hylia:ro] [148/366] Building C object zephyr/CMakeFiles/zephyr.dir/subsys/pm/device.c.obj
[rex:ro] [194/437] Building C object zephyr/CMakeFiles/zephyr.dir/subsys/testsuite/coverage/coverage.c.obj
[riven:ro] [315/407] Linking C static library zephyr/drivers/serial/libdrivers__serial.a
[riven:rw] [154/407] Building C object zephyr/CMakeFiles/zephyr.dir/lib/os/printk.c.obj
[rex:rw] [177/437] Building C object zephyr/CMakeFiles/zephyr.dir/lib/utils/getopt/getopt_common.c.obj
[riven:ro] [316/407] Building C object zephyr/drivers/syscon/CMakeFiles/drivers__syscon.dir/syscon.c.obj
[riven:ro] [317/407] Linking C static library zephyr/drivers/syscon/libdrivers__syscon.a
[rex:rw] [178/437] Building C object zephyr/CMakeFiles/zephyr.dir/misc/generated/configs.c.obj
[rex:ro] [195/437] Building C object zephyr/CMakeFiles/zephyr.dir/subsys/tracing/tracing_none.c.obj
[/mnt/host/source/src/platform/ec/build/zephyr/uldren-lcov]   /mnt/host/source/src/platform/ec/build/zephyr/uldren/build-rw/zephyr/arch/common/CMakeFiles/isr_tables.dir/isr_tables.c.gcno:no functions found
[/mnt/host/source/src/platform/ec/build/zephyr/uldren-lcov] stderr:
[riven:rw] [155/407] Building C object zephyr/CMakeFiles/zephyr.dir/lib/os/clock.c.obj
[riven:ro] [318/407] Building C object zephyr/drivers/timer/CMakeFiles/drivers__timer.dir/sys_clock_init.c.obj
[hylia:ro] [149/366] Building C object zephyr/CMakeFiles/zephyr.dir/subsys/pm/device_system_managed.c.obj
[rex:ro] [196/437] Building C object zephyr/CMakeFiles/zephyr.dir/subsys/shell/modules/kernel_service/kernel_shell.c.obj
[rex:ro] [197/437] Building C object zephyr/CMakeFiles/zephyr.dir/subsys/shell/modules/kernel_service/cycles.c.obj
[riven:ro] [319/407] Building C object zephyr/drivers/timer/CMakeFiles/drivers__timer.dir/npcx_itim_timer.c.obj
[hylia:ro] [150/366] Building C object zephyr/CMakeFiles/zephyr.dir/subsys/testsuite/coverage/coverage.c.obj
[riven:ro] [320/407] Linking C static library zephyr/drivers/timer/libdrivers__timer.a
[riven:rw] [156/407] Building C object zephyr/CMakeFiles/zephyr.dir/lib/os/sem.c.obj
[rex:rw] [179/437] Building C object zephyr/CMakeFiles/zephyr.dir/soc/nuvoton/npcx/common/scfg.c.obj
[rex:rw] [180/437] Building C object zephyr/CMakeFiles/zephyr.dir/soc/nuvoton/npcx/common/power.c.obj
[riven:ro] [321/407] Building C object zephyr/drivers/watchdog/CMakeFiles/drivers__watchdog.dir/wdt_npcx.c.obj
[rex:rw] [181/437] Building C object zephyr/CMakeFiles/zephyr.dir/soc/nuvoton/npcx/common/npcxn/registers.c.obj
[riven:ro] [322/407] Linking C static library zephyr/drivers/watchdog/libdrivers__watchdog.a
[riven:rw] [157/407] Building C object zephyr/CMakeFiles/zephyr.dir/lib/os/thread_entry.c.obj
[hylia:ro] [151/366] Building C object zephyr/CMakeFiles/zephyr.dir/subsys/tracing/tracing_none.c.obj
[riven:ro] [323/407] Building C object modules/ec/zephyr/CMakeFiles/ec_shim.dir/app/ec/main_shim.c.obj
[rex:ro] [198/437] Building C object zephyr/CMakeFiles/zephyr.dir/subsys/shell/modules/kernel_service/sleep.c.obj
[riven:ro] [324/407] Building C object modules/ec/zephyr/CMakeFiles/ec_shim.dir/app/ec/ec_app_main.c.obj
[rex:ro] [199/437] Building C object zephyr/CMakeFiles/zephyr.dir/subsys/shell/modules/kernel_service/uptime.c.obj
[riven:rw] [158/407] Building C object zephyr/CMakeFiles/zephyr.dir/lib/os/cbprintf_nano.c.obj
[rex:ro] [200/437] Building C object zephyr/CMakeFiles/zephyr.dir/subsys/shell/modules/kernel_service/version.c.obj
[hylia:ro] [152/366] Building C object zephyr/CMakeFiles/zephyr.dir/subsys/shell/modules/kernel_service/kernel_shell.c.obj
[rex:rw] [182/437] Building C object zephyr/CMakeFiles/zephyr.dir/subsys/logging/log_minimal.c.obj
[rex:rw] [183/437] Building C object zephyr/CMakeFiles/zephyr.dir/soc/nuvoton/npcx/npcx9/soc.c.obj
[riven:rw] [159/407] Building C object zephyr/CMakeFiles/zephyr.dir/lib/os/cbprintf.c.obj
[rex:rw] [184/437] Building C object zephyr/CMakeFiles/zephyr.dir/subsys/mem_mgmt/mem_attr.c.obj
[hylia:ro] [153/366] Building C object zephyr/CMakeFiles/zephyr.dir/subsys/shell/modules/kernel_service/cycles.c.obj
[riven:ro] [325/407] Building C object modules/ec/zephyr/CMakeFiles/ec_shim.dir/drivers/cros_kb_raw/cros_kb_raw_npcx.c.obj
[riven:ro] [326/407] Building C object modules/ec/zephyr/CMakeFiles/ec_shim.dir/drivers/cros_flash/cros_flash_npcx.c.obj
[rex:ro] [201/437] Building C object zephyr/CMakeFiles/zephyr.dir/subsys/shell/modules/kernel_service/thread/thread.c.obj
[riven:rw] [160/407] Building C object zephyr/CMakeFiles/zephyr.dir/lib/utils/dec.c.obj
[riven:ro] [327/407] Building C object modules/ec/zephyr/CMakeFiles/ec_shim.dir/drivers/cros_system/cros_system_npcx.c.obj
[riven:rw] [161/407] Building C object zephyr/CMakeFiles/zephyr.dir/lib/os/assert.c.obj
[rex:rw] [185/437] Building C object zephyr/CMakeFiles/zephyr.dir/subsys/pm/state.c.obj
[rex:ro] [202/437] Building C object zephyr/CMakeFiles/zephyr.dir/subsys/shell/modules/kernel_service/thread/list.c.obj
[riven:ro] [328/407] Building C object modules/ec/zephyr/CMakeFiles/ec_shim.dir/drivers/vivaldi_kbd/vivaldi_kbd.c.obj
[hylia:ro] [154/366] Building C object zephyr/CMakeFiles/zephyr.dir/subsys/shell/modules/kernel_service/sleep.c.obj
[riven:rw] [162/407] Building C object zephyr/CMakeFiles/zephyr.dir/lib/utils/hex.c.obj
[rex:ro] [203/437] Building C object zephyr/CMakeFiles/zephyr.dir/subsys/shell/modules/kernel_service/thread/stacks.c.obj
[hylia:ro] [155/366] Building C object zephyr/CMakeFiles/zephyr.dir/subsys/shell/modules/kernel_service/uptime.c.obj
[rex:rw] [186/437] Building C object zephyr/CMakeFiles/zephyr.dir/subsys/pm/pm.c.obj
[rex:rw] [187/437] Building C object zephyr/CMakeFiles/zephyr.dir/subsys/pm/policy/policy_events.c.obj
[riven:rw] [163/407] Building C object zephyr/CMakeFiles/zephyr.dir/lib/utils/timeutil.c.obj
[riven:ro] [329/407] Building C object modules/ec/zephyr/CMakeFiles/ec_shim.dir/shim/chip/npcx/clock.c.obj
[riven:rw] [164/407] Building C object zephyr/CMakeFiles/zephyr.dir/lib/utils/rb.c.obj
[rex:ro] [204/437] Building C object zephyr/CMakeFiles/zephyr.dir/subsys/shell/modules/kernel_service/thread/suspend.c.obj
[rex:rw] [188/437] Building C object zephyr/CMakeFiles/zephyr.dir/subsys/pm/policy/policy_latency.c.obj
[riven:ro] [330/407] Building C object modules/ec/zephyr/CMakeFiles/ec_shim.dir/shim/chip/npcx/rom_chip.c.obj
[riven:ro] [331/407] Building C object modules/ec/zephyr/CMakeFiles/ec_shim.dir/shim/chip/npcx/keyboard_raw.c.obj
[rex:ro] [205/437] Building C object zephyr/CMakeFiles/zephyr.dir/subsys/shell/modules/kernel_service/thread/resume.c.obj
[hylia:ro] [156/366] Building C object zephyr/CMakeFiles/zephyr.dir/subsys/shell/modules/kernel_service/version.c.obj
[riven:ro] [332/407] Building C object modules/ec/zephyr/CMakeFiles/ec_shim.dir/shim/chip/npcx/gpio.c.obj
[rex:ro] [206/437] Building C object zephyr/CMakeFiles/zephyr.dir/subsys/shell/modules/kernel_service/thread/kill.c.obj
[riven:rw] [165/407] Building C object zephyr/CMakeFiles/zephyr.dir/lib/utils/bitmask.c.obj
[rex:rw] [189/437] Building C object zephyr/CMakeFiles/zephyr.dir/subsys/pm/policy/policy_state_lock.c.obj
[hylia:ro] [157/366] Building C object zephyr/CMakeFiles/zephyr.dir/subsys/shell/modules/kernel_service/thread/thread.c.obj
[rex:rw] [190/437] Building C object zephyr/CMakeFiles/zephyr.dir/subsys/pm/device.c.obj
[riven:rw] [166/407] Building C object zephyr/CMakeFiles/zephyr.dir/lib/utils/bitarray.c.obj
[riven:ro] [333/407] Building C object modules/ec/zephyr/CMakeFiles/ec_shim.dir/shim/chip/npcx/system.c.obj
[hylia:ro] [158/366] Building C object zephyr/CMakeFiles/zephyr.dir/subsys/shell/modules/kernel_service/thread/list.c.obj
[rex:ro] [207/437] Building C object zephyr/CMakeFiles/zephyr.dir/subsys/shell/backends/shell_uart.c.obj
[rex:rw] [191/437] Building C object zephyr/CMakeFiles/zephyr.dir/subsys/pm/device_system_managed.c.obj
[riven:rw] [167/407] Building C object zephyr/CMakeFiles/zephyr.dir/lib/utils/getopt/getopt.c.obj
[riven:ro] [334/407] Building C object modules/ec/zephyr/CMakeFiles/ec_shim.dir/shim/chip/npcx/system_download_from_flash.c.obj
[riven:ro] [335/407] Building C object modules/ec/zephyr/CMakeFiles/ec_shim.dir/shim/chip/npcx/system_external_storage.c.obj
[hylia:ro] [159/366] Building C object zephyr/CMakeFiles/zephyr.dir/subsys/shell/modules/kernel_service/thread/stacks.c.obj
[rex:ro] [208/437] Building C object zephyr/CMakeFiles/zephyr.dir/subsys/shell/shell_fprintf.c.obj
[riven:ro] [336/407] Building C object modules/ec/zephyr/CMakeFiles/ec_shim.dir/shim/chip/npcx/power_policy.c.obj
[rex:rw] [192/437] Building C object zephyr/CMakeFiles/zephyr.dir/subsys/testsuite/coverage/coverage.c.obj
[rex:rw] [193/437] Building C object zephyr/CMakeFiles/zephyr.dir/subsys/tracing/tracing_none.c.obj
[riven:rw] [168/407] Building C object zephyr/CMakeFiles/zephyr.dir/lib/utils/getopt/getopt_common.c.obj
[riven:ro] [337/407] Building C object modules/ec/zephyr/CMakeFiles/ec_shim.dir/shim/src/crc.c.obj
[rex:ro] [209/437] Building C object zephyr/CMakeFiles/zephyr.dir/subsys/shell/shell.c.obj
[/mnt/host/source/src/platform/ec/build/zephyr/uldren-lcov]   /mnt/host/source/src/platform/ec/build/zephyr/uldren/build-rw/zephyr/CMakeFiles/zephyr.dir/subsys/shell/modules/kernel_service/kernel_shell.c.gcno:no functions found
[/mnt/host/source/src/platform/ec/build/zephyr/uldren-lcov] stderr:
[riven:rw] [169/407] Building C object zephyr/CMakeFiles/zephyr.dir/lib/utils/ring_buffer.c.obj
[riven:rw] [170/407] Building C object zephyr/CMakeFiles/zephyr.dir/lib/utils/last_section_id.c.obj
[riven:rw] [171/407] Building C object zephyr/CMakeFiles/zephyr.dir/misc/generated/configs.c.obj
[/mnt/host/source/src/platform/ec/build/zephyr/uldren-lcov]   /mnt/host/source/src/platform/ec/build/zephyr/uldren/build-rw/zephyr/CMakeFiles/zephyr.dir/lib/libc/validate_libc.c.gcno:no functions found
[/mnt/host/source/src/platform/ec/build/zephyr/uldren-lcov] stderr:
[riven:ro] [338/407] Building C object modules/ec/zephyr/CMakeFiles/ec_shim.dir/shim/core/cortex-m/mpu.c.obj
[hylia:ro] [160/366] Building C object zephyr/CMakeFiles/zephyr.dir/subsys/shell/modules/kernel_service/thread/suspend.c.obj
[hylia:ro] [161/366] Building C object zephyr/CMakeFiles/zephyr.dir/subsys/shell/modules/kernel_service/thread/unwind.c.obj
[rex:rw] [194/437] Building C object zephyr/CMakeFiles/zephyr.dir/subsys/shell/modules/kernel_service/kernel_shell.c.obj
[rex:ro] [210/437] Building C object zephyr/CMakeFiles/zephyr.dir/subsys/shell/shell_utils.c.obj
[riven:ro] [339/407] Building C object modules/ec/zephyr/CMakeFiles/ec_shim.dir/shim/core/cortex-m/panic.c.obj
[rex:rw] [195/437] Building C object zephyr/CMakeFiles/zephyr.dir/subsys/shell/modules/kernel_service/cycles.c.obj
[riven:ro] [340/407] Building C object modules/ec/zephyr/CMakeFiles/ec_shim.dir/shim/src/console.c.obj
[rex:rw] [196/437] Building C object zephyr/CMakeFiles/zephyr.dir/subsys/shell/modules/kernel_service/sleep.c.obj
[rex:ro] [211/437] Building C object zephyr/CMakeFiles/zephyr.dir/subsys/shell/shell_history.c.obj
[rex:ro] [212/437] Building C object zephyr/CMakeFiles/zephyr.dir/subsys/shell/shell_ops.c.obj
[riven:rw] [172/407] Building C object zephyr/CMakeFiles/zephyr.dir/soc/nuvoton/npcx/common/scfg.c.obj
[riven:rw] [173/407] Building C object zephyr/CMakeFiles/zephyr.dir/soc/nuvoton/npcx/common/power.c.obj
[riven:ro] [341/407] Building C object modules/ec/zephyr/CMakeFiles/ec_shim.dir/shim/src/gpio.c.obj
[hylia:ro] [162/366] Building C object zephyr/CMakeFiles/zephyr.dir/subsys/shell/modules/kernel_service/thread/kill.c.obj
[hylia:ro] [163/366] Building C object zephyr/CMakeFiles/zephyr.dir/subsys/shell/modules/kernel_service/thread/resume.c.obj
[rex:rw] [197/437] Building C object zephyr/CMakeFiles/zephyr.dir/subsys/shell/modules/kernel_service/uptime.c.obj
[rex:ro] [213/437] Building C object zephyr/CMakeFiles/zephyr.dir/drivers/flash/flash_util.c.obj
[rex:ro] [214/437] Building C object zephyr/arch/common/CMakeFiles/arch__common.dir/init.c.obj
[riven:ro] [342/407] Building C object modules/ec/zephyr/CMakeFiles/ec_shim.dir/shim/src/gpio_int.c.obj
[rex:ro] [215/437] Linking C static library zephyr/libzephyr.a
[riven:ro] [343/407] Building C object modules/ec/zephyr/CMakeFiles/ec_shim.dir/shim/src/panic_utils.c.obj
[rex:rw] [198/437] Building C object zephyr/CMakeFiles/zephyr.dir/subsys/shell/modules/kernel_service/version.c.obj
[rex:ro] [216/437] Building C object zephyr/arch/common/CMakeFiles/arch__common.dir/sw_isr_common.c.obj
[rex:rw] [199/437] Building C object zephyr/CMakeFiles/zephyr.dir/subsys/shell/modules/kernel_service/thread/thread.c.obj
[/mnt/host/source/src/platform/ec/build/zephyr/uldren-lcov]   /mnt/host/source/src/platform/ec/build/zephyr/uldren/build-rw/zephyr/CMakeFiles/zephyr.dir/lib/utils/last_section_id.c.gcno:no functions found
[/mnt/host/source/src/platform/ec/build/zephyr/uldren-lcov] stderr:
[riven:ro] [344/407] Building C object modules/ec/zephyr/CMakeFiles/ec_shim.dir/shim/src/pm_state.c.obj
[riven:rw] [174/407] Building C object zephyr/CMakeFiles/zephyr.dir/soc/nuvoton/npcx/common/npcxn/registers.c.obj
[riven:rw] [175/407] Building C object zephyr/CMakeFiles/zephyr.dir/soc/nuvoton/npcx/npcx9/soc.c.obj
[riven:ro] [345/407] Building C object modules/ec/zephyr/CMakeFiles/ec_shim.dir/shim/src/cbi/cros_cbi.c.obj
[hylia:ro] [164/366] Building C object zephyr/CMakeFiles/zephyr.dir/subsys/shell/backends/shell_uart.c.obj
[rex:rw] [200/437] Building C object zephyr/CMakeFiles/zephyr.dir/subsys/shell/modules/kernel_service/thread/list.c.obj
[rex:ro] [217/437] Building C object zephyr/arch/common/CMakeFiles/isr_tables.dir/isr_tables.c.obj
[rex:ro] [218/437] Linking C static library zephyr/arch/common/libisr_tables.a
[rex:ro] [219/437] Building C object zephyr/arch/common/CMakeFiles/arch__common.dir/xip.c.obj
[riven:ro] [346/407] Building C object modules/ec/zephyr/CMakeFiles/ec_shim.dir/shim/src/cbi/cros_cbi_fw_config.c.obj
[rex:ro] [220/437] Building C object zephyr/arch/arch/arm/core/CMakeFiles/arch__arm__core.dir/fatal.c.obj
[rex:rw] [201/437] Building C object zephyr/CMakeFiles/zephyr.dir/subsys/shell/modules/kernel_service/thread/stacks.c.obj
[rex:ro] [221/437] Linking C static library zephyr/arch/common/libarch__common.a
[hylia:ro] [165/366] Building C object zephyr/CMakeFiles/zephyr.dir/subsys/shell/shell.c.obj
[rex:rw] [202/437] Building C object zephyr/CMakeFiles/zephyr.dir/subsys/shell/modules/kernel_service/thread/suspend.c.obj
[riven:ro] [347/407] Building C object modules/ec/zephyr/CMakeFiles/ec_shim.dir/shim/src/cbi/cros_cbi_ssfc.c.obj
[riven:ro] [348/407] Building ASM object modules/ec/zephyr/CMakeFiles/ec_shim.dir/shim/src/libgcc_arm.S.obj
[rex:ro] [222/437] Building ASM object zephyr/arch/arch/arm/core/CMakeFiles/arch__arm__core.dir/nmi_on_reset.S.obj
[riven:ro] [349/407] Building C object modules/ec/zephyr/CMakeFiles/ec_shim.dir/shim/src/cbi/cbi_eeprom.c.obj
[riven:rw] [176/407] Building C object zephyr/CMakeFiles/zephyr.dir/subsys/logging/log_minimal.c.obj
[riven:rw] [177/407] Building C object zephyr/CMakeFiles/zephyr.dir/subsys/mem_mgmt/mem_attr.c.obj
[hylia:ro] [166/366] Building C object zephyr/CMakeFiles/zephyr.dir/subsys/shell/shell_fprintf.c.obj
[rex:ro] [223/437] Building C object zephyr/arch/arch/arm/core/CMakeFiles/arch__arm__core.dir/nmi.c.obj
[rex:rw] [203/437] Building C object zephyr/CMakeFiles/zephyr.dir/subsys/shell/modules/kernel_service/thread/resume.c.obj
[riven:ro] [350/407] Building C object modules/ec/zephyr/CMakeFiles/ec_shim.dir/shim/src/system.c.obj
[rex:ro] [224/437] Linking C static library zephyr/arch/arch/arm/core/libarch__arm__core.a
[rex:rw] [204/437] Building C object zephyr/CMakeFiles/zephyr.dir/subsys/shell/modules/kernel_service/thread/kill.c.obj
[riven:rw] [178/407] Building C object zephyr/CMakeFiles/zephyr.dir/subsys/pm/state.c.obj
[riven:ro] [351/407] Building C object modules/ec/zephyr/CMakeFiles/ec_shim.dir/shim/src/battery.c.obj
[rex:ro] [225/437] Building C object zephyr/arch/arch/arm/core/cortex_m/CMakeFiles/arch__arm__core__cortex_m.dir/exc_exit.c.obj
[rex:ro] [226/437] Building ASM object zephyr/arch/arch/arm/core/cortex_m/CMakeFiles/arch__arm__core__cortex_m.dir/fault_s.S.obj
[riven:ro] [352/407] Building C object modules/ec/zephyr/CMakeFiles/ec_shim.dir/shim/src/charger.c.obj
[riven:rw] [179/407] Building C object zephyr/CMakeFiles/zephyr.dir/subsys/pm/pm.c.obj
[riven:ro] [353/407] Building C object modules/ec/zephyr/CMakeFiles/ec_shim.dir/shim/src/adc.c.obj
[rex:rw] [205/437] Building C object zephyr/CMakeFiles/zephyr.dir/subsys/shell/backends/shell_uart.c.obj
[hylia:ro] [167/366] Building C object zephyr/CMakeFiles/zephyr.dir/subsys/shell/shell_utils.c.obj
[rex:ro] [227/437] Building C object zephyr/arch/arch/arm/core/cortex_m/CMakeFiles/arch__arm__core__cortex_m.dir/fault.c.obj
[hylia:ro] [168/366] Building C object zephyr/CMakeFiles/zephyr.dir/subsys/shell/shell_ops.c.obj
[riven:rw] [180/407] Building C object zephyr/CMakeFiles/zephyr.dir/subsys/pm/policy/policy_events.c.obj
[rex:rw] [206/437] Building C object zephyr/CMakeFiles/zephyr.dir/subsys/shell/shell_fprintf.c.obj
[riven:ro] [354/407] Building C object modules/ec/zephyr/CMakeFiles/ec_shim.dir/shim/src/chipset_api.c.obj
[rex:ro] [228/437] Building ASM object zephyr/arch/arch/arm/core/cortex_m/CMakeFiles/arch__arm__core__cortex_m.dir/reset.S.obj
[rex:ro] [229/437] Building C object zephyr/arch/arch/arm/core/cortex_m/CMakeFiles/arch__arm__core__cortex_m.dir/fpu.c.obj
[hylia:ro] [169/366] Building C object zephyr/CMakeFiles/zephyr.dir/subsys/shell/shell_help.c.obj
[rex:rw] [207/437] Building C object zephyr/CMakeFiles/zephyr.dir/subsys/shell/shell.c.obj
[rex:ro] [230/437] Building C object zephyr/arch/arch/arm/core/cortex_m/CMakeFiles/arch__arm__core__cortex_m.dir/scb.c.obj
[riven:rw] [181/407] Building C object zephyr/CMakeFiles/zephyr.dir/subsys/pm/policy/policy_latency.c.obj
[rex:rw] [208/437] Building C object zephyr/CMakeFiles/zephyr.dir/subsys/shell/shell_utils.c.obj
[riven:ro] [355/407] Building C object modules/ec/zephyr/CMakeFiles/ec_shim.dir/shim/src/espi.c.obj
[riven:ro] [356/407] Building C object modules/ec/zephyr/CMakeFiles/ec_shim.dir/shim/src/flash.c.obj
[hylia:ro] [170/366] Building C object zephyr/CMakeFiles/zephyr.dir/subsys/shell/shell_history.c.obj
[riven:ro] [357/407] Building C object modules/ec/zephyr/CMakeFiles/ec_shim.dir/shim/src/hooks.c.obj
[rex:ro] [231/437] Building ASM object zephyr/arch/arch/arm/core/cortex_m/CMakeFiles/arch__arm__core__cortex_m.dir/vector_table.S.obj
[riven:rw] [182/407] Building C object zephyr/CMakeFiles/zephyr.dir/subsys/pm/policy/policy_state_lock.c.obj
[rex:ro] [232/437] Building ASM object zephyr/arch/arch/arm/core/cortex_m/CMakeFiles/arch__arm__core__cortex_m.dir/swap_helper.S.obj
[rex:rw] [209/437] Building C object zephyr/CMakeFiles/zephyr.dir/subsys/shell/shell_ops.c.obj
[rex:ro] [233/437] Building C object zephyr/arch/arch/arm/core/cortex_m/CMakeFiles/arch__arm__core__cortex_m.dir/thread_abort.c.obj
[riven:ro] [358/407] Building C object modules/ec/zephyr/CMakeFiles/ec_shim.dir/shim/src/host_command.c.obj
[riven:rw] [183/407] Building C object zephyr/CMakeFiles/zephyr.dir/subsys/pm/device.c.obj
[hylia:ro] [171/366] Building C object zephyr/arch/common/CMakeFiles/arch__common.dir/sw_isr_common.c.obj
[rex:rw] [210/437] Building C object zephyr/CMakeFiles/zephyr.dir/subsys/shell/shell_history.c.obj
[hylia:ro] [172/366] Building C object zephyr/CMakeFiles/zephyr.dir/drivers/flash/flash_util.c.obj
[rex:rw] [211/437] Building C object zephyr/CMakeFiles/zephyr.dir/drivers/flash/flash_util.c.obj
[riven:ro] [359/407] Building C object modules/ec/zephyr/CMakeFiles/ec_shim.dir/shim/src/keyboard_raw.c.obj
[hylia:ro] [173/366] Linking C static library zephyr/libzephyr.a
[rex:rw] [212/437] Linking C static library zephyr/libzephyr.a
[riven:ro] [360/407] Building C object modules/ec/zephyr/CMakeFiles/ec_shim.dir/shim/src/console_buffer.c.obj
[riven:ro] [361/407] Building C object modules/ec/zephyr/CMakeFiles/ec_shim.dir/shim/src/keyscan.c.obj
[rex:ro] [234/437] Building C object zephyr/arch/arch/arm/core/cortex_m/CMakeFiles/arch__arm__core__cortex_m.dir/irq_manage.c.obj
[riven:rw] [184/407] Building C object zephyr/CMakeFiles/zephyr.dir/subsys/pm/device_system_managed.c.obj
[rex:rw] [213/437] Building C object zephyr/arch/common/CMakeFiles/arch__common.dir/init.c.obj
[hylia:ro] [174/366] Building C object zephyr/arch/common/CMakeFiles/arch__common.dir/dynamic_isr.c.obj
[hylia:ro] [175/366] Building C object zephyr/arch/common/CMakeFiles/arch__common.dir/init.c.obj
[rex:ro] [235/437] Building C object zephyr/arch/arch/arm/core/cortex_m/CMakeFiles/arch__arm__core__cortex_m.dir/thread.c.obj
[riven:ro] [362/407] Building C object modules/ec/zephyr/CMakeFiles/ec_shim.dir/shim/src/mkbp_event.c.obj
[rex:rw] [214/437] Building C object zephyr/arch/common/CMakeFiles/arch__common.dir/sw_isr_common.c.obj
[riven:rw] [185/407] Building C object zephyr/CMakeFiles/zephyr.dir/subsys/testsuite/coverage/coverage.c.obj
[rex:ro] [236/437] Building C object zephyr/arch/arch/arm/core/cortex_m/CMakeFiles/arch__arm__core__cortex_m.dir/prep_c.c.obj
[rex:rw] [215/437] Building C object zephyr/arch/common/CMakeFiles/arch__common.dir/xip.c.obj
[riven:ro] [363/407] Building C object modules/ec/zephyr/CMakeFiles/ec_shim.dir/shim/src/motionsense_sensors.c.obj
[riven:ro] [364/407] Building C object modules/ec/zephyr/CMakeFiles/ec_shim.dir/shim/src/panic.c.obj
[riven:rw] [186/407] Building C object zephyr/CMakeFiles/zephyr.dir/subsys/tracing/tracing_none.c.obj
[rex:ro] [237/437] Building C object zephyr/arch/arch/arm/core/cortex_m/CMakeFiles/arch__arm__core__cortex_m.dir/cpu_idle.c.obj
[hylia:ro] [176/366] Building C object zephyr/arch/common/CMakeFiles/isr_tables.dir/isr_tables.c.obj
[hylia:ro] [177/366] Linking C static library zephyr/arch/common/libisr_tables.a
[hylia:ro] [178/366] Building C object zephyr/arch/common/CMakeFiles/arch__common.dir/xip.c.obj
[rex:ro] [238/437] Building C object zephyr/arch/arch/arm/core/cortex_m/CMakeFiles/arch__arm__core__cortex_m.dir/irq_init.c.obj
[hylia:ro] [179/366] Linking C static library zephyr/arch/common/libarch__common.a
[rex:rw] [216/437] Building C object zephyr/arch/common/CMakeFiles/isr_tables.dir/isr_tables.c.obj
[riven:ro] [365/407] Building C object modules/ec/zephyr/CMakeFiles/ec_shim.dir/shim/src/pwm_led.c.obj
[rex:rw] [217/437] Linking C static library zephyr/arch/common/libisr_tables.a
[rex:rw] [218/437] Linking C static library zephyr/arch/common/libarch__common.a
[riven:rw] [187/407] Building C object zephyr/CMakeFiles/zephyr.dir/subsys/shell/modules/kernel_service/kernel_shell.c.obj
[rex:rw] [219/437] Building C object zephyr/arch/arch/arm/core/CMakeFiles/arch__arm__core.dir/fatal.c.obj
[rex:ro] [239/437] Building C object zephyr/arch/arch/arm/core/cortex_m/CMakeFiles/arch__arm__core__cortex_m.dir/isr_wrapper.c.obj
[riven:ro] [366/407] Building C object modules/ec/zephyr/CMakeFiles/ec_shim.dir/shim/src/temp_sensors.c.obj
[rex:ro] [240/437] Linking C static library zephyr/arch/arch/arm/core/cortex_m/libarch__arm__core__cortex_m.a
[rex:rw] [220/437] Building ASM object zephyr/arch/arch/arm/core/CMakeFiles/arch__arm__core.dir/nmi_on_reset.S.obj
[rex:rw] [221/437] Building C object zephyr/arch/arch/arm/core/CMakeFiles/arch__arm__core.dir/nmi.c.obj
[riven:ro] [367/407] Building C object modules/ec/zephyr/CMakeFiles/ec_shim.dir/shim/src/thermal.c.obj
[riven:rw] [188/407] Building C object zephyr/CMakeFiles/zephyr.dir/subsys/shell/modules/kernel_service/cycles.c.obj
[riven:ro] [368/407] Building C object modules/ec/zephyr/CMakeFiles/ec_shim.dir/shim/src/hwtimer.c.obj
[rex:rw] [222/437] Linking C static library zephyr/arch/arch/arm/core/libarch__arm__core.a
[hylia:ro] [180/366] Building C object zephyr/arch/arch/riscv/core/CMakeFiles/arch__riscv__core.dir/cpu_idle.c.obj
[rex:ro] [241/437] Building C object zephyr/arch/arch/arm/core/mpu/CMakeFiles/arch__arm__core__mpu.dir/arm_core_mpu.c.obj
[rex:rw] [223/437] Building ASM object zephyr/arch/arch/arm/core/cortex_m/CMakeFiles/arch__arm__core__cortex_m.dir/fault_s.S.obj
[rex:ro] [242/437] Generating ../../../include/generated/libc/minimal/strerror_table.h
[hylia:ro] [181/366] Building C object zephyr/arch/arch/riscv/core/CMakeFiles/arch__riscv__core.dir/fatal.c.obj
[rex:ro] [243/437] Building C object zephyr/arch/arch/arm/core/mpu/CMakeFiles/arch__arm__core__mpu.dir/arm_mpu.c.obj
[rex:ro] [244/437] Building C object zephyr/lib/libc/minimal/CMakeFiles/lib__libc__minimal.dir/source/stdlib/atoi.c.obj
[riven:rw] [189/407] Building C object zephyr/CMakeFiles/zephyr.dir/subsys/shell/modules/kernel_service/sleep.c.obj
[rex:rw] [224/437] Building C object zephyr/arch/arch/arm/core/cortex_m/CMakeFiles/arch__arm__core__cortex_m.dir/exc_exit.c.obj
[rex:ro] [245/437] Building C object zephyr/lib/libc/minimal/CMakeFiles/lib__libc__minimal.dir/source/stdlib/strtoul.c.obj
[rex:ro] [246/437] Building C object zephyr/lib/libc/minimal/CMakeFiles/lib__libc__minimal.dir/source/stdlib/strtol.c.obj
[hylia:ro] [182/366] Building C object zephyr/arch/arch/riscv/core/CMakeFiles/arch__riscv__core.dir/prep_c.c.obj
[riven:ro] [369/407] Building C object modules/ec/zephyr/CMakeFiles/ec_shim.dir/shim/src/i2c.c.obj
[rex:ro] [247/437] Building C object zephyr/arch/arch/arm/core/mpu/CMakeFiles/arch__arm__core__mpu.dir/arm_mpu_regions.c.obj
[rex:ro] [248/437] Linking C static library zephyr/arch/arch/arm/core/mpu/libarch__arm__core__mpu.a
[rex:ro] [249/437] Building C object zephyr/lib/libc/minimal/CMakeFiles/lib__libc__minimal.dir/source/stdlib/strtoll.c.obj
[rex:ro] [250/437] Building C object zephyr/lib/libc/minimal/CMakeFiles/lib__libc__minimal.dir/source/stdlib/strtoull.c.obj
[rex:rw] [225/437] Building C object zephyr/arch/arch/arm/core/cortex_m/CMakeFiles/arch__arm__core__cortex_m.dir/fault.c.obj
[riven:rw] [190/407] Building C object zephyr/CMakeFiles/zephyr.dir/subsys/shell/modules/kernel_service/uptime.c.obj
[rex:ro] [251/437] Building C object zephyr/lib/libc/minimal/CMakeFiles/lib__libc__minimal.dir/source/stdlib/bsearch.c.obj
[hylia:ro] [183/366] Building C object zephyr/arch/arch/riscv/core/CMakeFiles/arch__riscv__core.dir/irq_manage.c.obj
[riven:ro] [370/407] Building C object modules/ec/zephyr/CMakeFiles/ec_shim.dir/shim/src/tasks.c.obj
[riven:ro] [371/407] Building C object modules/ec/zephyr/CMakeFiles/ec_shim.dir/shim/src/usba.c.obj
[rex:rw] [226/437] Building C object zephyr/arch/arch/arm/core/cortex_m/CMakeFiles/arch__arm__core__cortex_m.dir/fpu.c.obj
[riven:ro] [372/407] Building C object modules/ec/zephyr/CMakeFiles/ec_shim.dir/shim/src/watchdog.c.obj
[rex:ro] [252/437] Building C object zephyr/lib/libc/minimal/CMakeFiles/lib__libc__minimal.dir/source/stdlib/qsort.c.obj
[rex:ro] [253/437] Building C object zephyr/lib/libc/minimal/CMakeFiles/lib__libc__minimal.dir/source/string/strerror.c.obj
[hylia:ro] [184/366] Building C object zephyr/arch/arch/riscv/core/CMakeFiles/arch__riscv__core.dir/reboot.c.obj
[rex:ro] [254/437] Building C object zephyr/lib/libc/minimal/CMakeFiles/lib__libc__minimal.dir/source/string/strncasecmp.c.obj
[rex:ro] [255/437] Building C object zephyr/lib/libc/minimal/CMakeFiles/lib__libc__minimal.dir/source/string/strstr.c.obj
[rex:rw] [227/437] Building ASM object zephyr/arch/arch/arm/core/cortex_m/CMakeFiles/arch__arm__core__cortex_m.dir/reset.S.obj
[riven:rw] [191/407] Building C object zephyr/CMakeFiles/zephyr.dir/subsys/shell/modules/kernel_service/version.c.obj
[rex:ro] [256/437] Building C object zephyr/lib/libc/minimal/CMakeFiles/lib__libc__minimal.dir/source/string/strspn.c.obj
[riven:ro] [373/407] Building C object modules/ec/zephyr/CMakeFiles/ec_shim.dir/shim/src/power_host_sleep_api.c.obj
[rex:rw] [228/437] Building C object zephyr/arch/arch/arm/core/cortex_m/CMakeFiles/arch__arm__core__cortex_m.dir/scb.c.obj
[rex:ro] [257/437] Building C object zephyr/lib/libc/minimal/CMakeFiles/lib__libc__minimal.dir/source/string/string.c.obj
[rex:ro] [258/437] Building C object zephyr/lib/libc/minimal/CMakeFiles/lib__libc__minimal.dir/source/stdlib/exit.c.obj
[hylia:ro] [185/366] Building ASM object zephyr/arch/arch/riscv/core/CMakeFiles/arch__riscv__core.dir/reset.S.obj
[riven:rw] [192/407] Building C object zephyr/CMakeFiles/zephyr.dir/subsys/shell/modules/kernel_service/thread/thread.c.obj
[riven:ro] [374/407] Building C object zephyr/kernel/CMakeFiles/kernel.dir/main_weak.c.obj
[/mnt/host/source/src/platform/ec/build/zephyr/yoda-lcov]   /mnt/host/source/src/platform/ec/build/zephyr/yoda/build-rw/zephyr/CMakeFiles/zephyr.dir/soc/nuvoton/npcx/common/npcxn/registers.c.gcno:no functions found
[/mnt/host/source/src/platform/ec/build/zephyr/yoda-lcov] Filter suppressions 'region':
[rex:rw] [229/437] Building ASM object zephyr/arch/arch/arm/core/cortex_m/CMakeFiles/arch__arm__core__cortex_m.dir/vector_table.S.obj
[riven:ro] [375/407] Building C object zephyr/kernel/CMakeFiles/kernel.dir/banner.c.obj
[/mnt/host/source/src/platform/ec/build/zephyr/yoda-lcov]     40 instances
[/mnt/host/source/src/platform/ec/build/zephyr/yoda-lcov]     28 coverpoints
[/mnt/host/source/src/platform/ec/build/zephyr/yoda-lcov] Message summary:
[/mnt/host/source/src/platform/ec/build/zephyr/yoda-lcov]   25 ignore messages:
[/mnt/host/source/src/platform/ec/build/zephyr/yoda-lcov]     gcov: 25
[rex:rw] [230/437] Building C object zephyr/arch/arch/arm/core/cortex_m/CMakeFiles/arch__arm__core__cortex_m.dir/thread_abort.c.obj
[hylia:ro] [186/366] Building ASM object zephyr/arch/arch/riscv/core/CMakeFiles/arch__riscv__core.dir/switch.S.obj
[riven:ro] [376/407] Building C object modules/ec/zephyr/CMakeFiles/ec_shim.dir/shim/src/usb_muxes.c.obj
[riven:ro] [377/407] Linking C static library modules/ec/zephyr/libec_shim.a
[riven:rw] [193/407] Building C object zephyr/CMakeFiles/zephyr.dir/subsys/shell/modules/kernel_service/thread/list.c.obj
[hylia:ro] [187/366] Building C object zephyr/arch/arch/riscv/core/CMakeFiles/arch__riscv__core.dir/thread.c.obj
[rex:ro] [259/437] Building C object zephyr/lib/libc/minimal/CMakeFiles/lib__libc__minimal.dir/source/stdout/fprintf.c.obj
[rex:rw] [231/437] Building ASM object zephyr/arch/arch/arm/core/cortex_m/CMakeFiles/arch__arm__core__cortex_m.dir/swap_helper.S.obj
[rex:ro] [260/437] Building C object zephyr/lib/libc/minimal/CMakeFiles/lib__libc__minimal.dir/source/stdout/stdout_console.c.obj
[rex:ro] [261/437] Building C object zephyr/lib/libc/minimal/CMakeFiles/lib__libc__minimal.dir/source/stdout/sprintf.c.obj
[riven:ro] [378/407] Building C object zephyr/kernel/CMakeFiles/kernel.dir/busy_wait.c.obj
[riven:rw] [194/407] Building C object zephyr/CMakeFiles/zephyr.dir/subsys/shell/modules/kernel_service/thread/stacks.c.obj
[riven:ro] [379/407] Building C object zephyr/kernel/CMakeFiles/kernel.dir/device.c.obj
[riven:ro] [380/407] Building C object zephyr/kernel/CMakeFiles/kernel.dir/errno.c.obj
[rex:rw] [232/437] Building C object zephyr/arch/arch/arm/core/cortex_m/CMakeFiles/arch__arm__core__cortex_m.dir/irq_manage.c.obj
[rex:ro] [262/437] Building C object zephyr/lib/libc/minimal/CMakeFiles/lib__libc__minimal.dir/source/math/sqrtf.c.obj
[hylia:ro] [188/366] Building ASM object zephyr/arch/arch/riscv/core/CMakeFiles/arch__riscv__core.dir/isr.S.obj
[riven:rw] [195/407] Building C object zephyr/CMakeFiles/zephyr.dir/subsys/shell/modules/kernel_service/thread/suspend.c.obj
[rex:rw] [233/437] Building C object zephyr/arch/arch/arm/core/cortex_m/CMakeFiles/arch__arm__core__cortex_m.dir/prep_c.c.obj
[rex:ro] [263/437] Building C object zephyr/lib/libc/minimal/CMakeFiles/lib__libc__minimal.dir/source/math/sqrt.c.obj
[hylia:ro] [189/366] Generating ../../../include/generated/libc/minimal/strerror_table.h
[hylia:ro] [190/366] Building C object zephyr/lib/libc/minimal/CMakeFiles/lib__libc__minimal.dir/source/stdlib/atoi.c.obj
[rex:ro] [264/437] Building C object zephyr/lib/libc/common/CMakeFiles/lib__libc__common.dir/source/time/asctime.c.obj
[riven:ro] [381/407] Building C object zephyr/kernel/CMakeFiles/kernel.dir/fatal.c.obj
[riven:rw] [196/407] Building C object zephyr/CMakeFiles/zephyr.dir/subsys/shell/modules/kernel_service/thread/resume.c.obj
[hylia:ro] [191/366] Building C object zephyr/lib/libc/minimal/CMakeFiles/lib__libc__minimal.dir/source/stdlib/strtol.c.obj
[rex:ro] [265/437] Building C object zephyr/lib/libc/common/CMakeFiles/lib__libc__common.dir/source/time/gmtime_r.c.obj
[hylia:ro] [192/366] Building C object zephyr/arch/arch/riscv/core/CMakeFiles/arch__riscv__core.dir/stacktrace.c.obj
[rex:rw] [234/437] Building C object zephyr/arch/arch/arm/core/cortex_m/CMakeFiles/arch__arm__core__cortex_m.dir/thread.c.obj
[hylia:ro] [193/366] Linking C static library zephyr/arch/arch/riscv/core/libarch__riscv__core.a
[riven:ro] [382/407] Building C object zephyr/kernel/CMakeFiles/kernel.dir/mem_slab.c.obj
[riven:ro] [383/407] Building C object zephyr/kernel/CMakeFiles/kernel.dir/init.c.obj
[rex:ro] [266/437] Building C object zephyr/lib/libc/minimal/CMakeFiles/lib__libc__minimal.dir/source/time/gmtime.c.obj
[rex:rw] [235/437] Building C object zephyr/arch/arch/arm/core/cortex_m/CMakeFiles/arch__arm__core__cortex_m.dir/cpu_idle.c.obj
[riven:ro] [384/407] Building C object zephyr/kernel/CMakeFiles/kernel.dir/kheap.c.obj
[rex:ro] [267/437] Building C object zephyr/lib/libc/common/CMakeFiles/lib__libc__common.dir/source/stdlib/abort.c.obj
[rex:ro] [268/437] Building C object zephyr/lib/libc/common/CMakeFiles/lib__libc__common.dir/source/time/localtime_r_utc.c.obj
[riven:rw] [197/407] Building C object zephyr/CMakeFiles/zephyr.dir/subsys/shell/modules/kernel_service/thread/kill.c.obj
[rex:ro] [269/437] Linking C static library zephyr/lib/libc/minimal/liblib__libc__minimal.a
[hylia:ro] [194/366] Building C object zephyr/lib/libc/minimal/CMakeFiles/lib__libc__minimal.dir/source/stdlib/strtoul.c.obj
[hylia:ro] [195/366] Building C object zephyr/lib/libc/minimal/CMakeFiles/lib__libc__minimal.dir/source/stdlib/strtoll.c.obj
[riven:ro] [385/407] Building C object zephyr/kernel/CMakeFiles/kernel.dir/version.c.obj
[rex:rw] [236/437] Building C object zephyr/arch/arch/arm/core/cortex_m/CMakeFiles/arch__arm__core__cortex_m.dir/irq_init.c.obj
[hylia:ro] [196/366] Building C object zephyr/lib/libc/minimal/CMakeFiles/lib__libc__minimal.dir/source/stdlib/bsearch.c.obj
[riven:rw] [198/407] Building C object zephyr/CMakeFiles/zephyr.dir/subsys/shell/backends/shell_uart.c.obj
[hylia:ro] [197/366] Building C object zephyr/lib/libc/minimal/CMakeFiles/lib__libc__minimal.dir/source/stdlib/strtoull.c.obj
[rex:ro] [270/437] Building C object zephyr/lib/libc/common/CMakeFiles/lib__libc__common.dir/source/time/ctime.c.obj
[rex:ro] [271/437] Building C object zephyr/lib/libc/common/CMakeFiles/lib__libc__common.dir/source/time/time.c.obj
[/mnt/host/source/src/platform/ec/build/zephyr/uldren-lcov]   /mnt/host/source/src/platform/ec/build/zephyr/uldren/build-rw/zephyr/CMakeFiles/zephyr.dir/soc/nuvoton/npcx/common/npcxn/registers.c.gcno:no functions found
[/mnt/host/source/src/platform/ec/build/zephyr/uldren-lcov] stderr:
[rex:ro] [272/437] Building C object zephyr/lib/libc/common/CMakeFiles/lib__libc__common.dir/source/string/strnlen.c.obj
[rex:ro] [273/437] Building C object zephyr/lib/posix/c_lib_ext/CMakeFiles/lib__posix__c_lib_ext.dir/fnmatch.c.obj
[riven:ro] [386/407] Building C object zephyr/kernel/CMakeFiles/kernel.dir/float.c.obj
[hylia:ro] [198/366] Building C object zephyr/lib/libc/minimal/CMakeFiles/lib__libc__minimal.dir/source/stdlib/qsort.c.obj
[rex:rw] [237/437] Building C object zephyr/arch/arch/arm/core/cortex_m/CMakeFiles/arch__arm__core__cortex_m.dir/isr_wrapper.c.obj
[rex:rw] [238/437] Linking C static library zephyr/arch/arch/arm/core/cortex_m/libarch__arm__core__cortex_m.a
[riven:ro] [387/407] Building C object zephyr/kernel/CMakeFiles/kernel.dir/idle.c.obj
[riven:rw] [199/407] Building C object zephyr/CMakeFiles/zephyr.dir/subsys/shell/shell.c.obj
[riven:ro] [388/407] Building C object zephyr/kernel/CMakeFiles/kernel.dir/mailbox.c.obj
[riven:rw] [200/407] Building C object zephyr/CMakeFiles/zephyr.dir/subsys/shell/shell_fprintf.c.obj
[rex:rw] [239/437] Building C object zephyr/arch/arch/arm/core/mpu/CMakeFiles/arch__arm__core__mpu.dir/arm_core_mpu.c.obj
[hylia:ro] [199/366] Building C object zephyr/lib/libc/minimal/CMakeFiles/lib__libc__minimal.dir/source/string/strerror.c.obj
[rex:rw] [240/437] Generating ../../../include/generated/libc/minimal/strerror_table.h
[hylia:ro] [200/366] Building C object zephyr/lib/libc/minimal/CMakeFiles/lib__libc__minimal.dir/source/string/strncasecmp.c.obj
[rex:ro] [274/437] Building C object zephyr/lib/libc/common/CMakeFiles/lib__libc__common.dir/source/stdlib/malloc.c.obj
[riven:ro] [389/407] Building C object zephyr/kernel/CMakeFiles/kernel.dir/msg_q.c.obj
[riven:rw] [201/407] Building C object zephyr/CMakeFiles/zephyr.dir/subsys/shell/shell_utils.c.obj
[rex:rw] [241/437] Building C object zephyr/lib/libc/minimal/CMakeFiles/lib__libc__minimal.dir/source/stdlib/atoi.c.obj
[rex:ro] [275/437] Linking C static library zephyr/lib/libc/common/liblib__libc__common.a
[hylia:ro] [201/366] Building C object zephyr/lib/libc/minimal/CMakeFiles/lib__libc__minimal.dir/source/stdlib/exit.c.obj
[hylia:ro] [202/366] Building C object zephyr/lib/libc/minimal/CMakeFiles/lib__libc__minimal.dir/source/string/strstr.c.obj
[rex:rw] [242/437] Building C object zephyr/arch/arch/arm/core/mpu/CMakeFiles/arch__arm__core__mpu.dir/arm_mpu.c.obj
[rex:ro] [276/437] Building C object zephyr/lib/posix/c_lib_ext/CMakeFiles/lib__posix__c_lib_ext.dir/getentropy.c.obj
[rex:rw] [243/437] Building C object zephyr/lib/libc/minimal/CMakeFiles/lib__libc__minimal.dir/source/stdlib/strtol.c.obj
[hylia:ro] [203/366] Building C object zephyr/lib/libc/minimal/CMakeFiles/lib__libc__minimal.dir/source/string/string.c.obj
[rex:ro] [277/437] Building C object zephyr/subsys/crc/CMakeFiles/subsys__crc.dir/crc4_sw.c.obj
[hylia:ro] [204/366] Building C object zephyr/lib/libc/minimal/CMakeFiles/lib__libc__minimal.dir/source/string/strspn.c.obj
[rex:ro] [278/437] Building C object zephyr/lib/posix/c_lib_ext/CMakeFiles/lib__posix__c_lib_ext.dir/getopt_shim.c.obj
[rex:rw] [244/437] Building C object zephyr/lib/libc/minimal/CMakeFiles/lib__libc__minimal.dir/source/stdlib/strtoul.c.obj
[rex:ro] [279/437] Building C object zephyr/subsys/crc/CMakeFiles/subsys__crc.dir/crc8_sw.c.obj
[rex:rw] [245/437] Building C object zephyr/lib/libc/minimal/CMakeFiles/lib__libc__minimal.dir/source/stdlib/strtoll.c.obj
[rex:ro] [280/437] Linking C static library zephyr/lib/posix/c_lib_ext/liblib__posix__c_lib_ext.a
[riven:ro] [390/407] Building C object zephyr/kernel/CMakeFiles/kernel.dir/mutex.c.obj
[riven:ro] [391/407] Building C object zephyr/kernel/CMakeFiles/kernel.dir/sem.c.obj
[rex:ro] [281/437] Building C object zephyr/subsys/crc/CMakeFiles/subsys__crc.dir/crc16_sw.c.obj
[rex:rw] [246/437] Building C object zephyr/arch/arch/arm/core/mpu/CMakeFiles/arch__arm__core__mpu.dir/arm_mpu_regions.c.obj
[rex:ro] [282/437] Building C object zephyr/subsys/crc/CMakeFiles/subsys__crc.dir/crc7_sw.c.obj
[rex:rw] [247/437] Linking C static library zephyr/arch/arch/arm/core/mpu/libarch__arm__core__mpu.a
[rex:rw] [248/437] Building C object zephyr/lib/libc/minimal/CMakeFiles/lib__libc__minimal.dir/source/stdlib/strtoull.c.obj
[riven:ro] [392/407] Building C object zephyr/kernel/CMakeFiles/kernel.dir/queue.c.obj
[rex:rw] [249/437] Building C object zephyr/lib/libc/minimal/CMakeFiles/lib__libc__minimal.dir/source/stdlib/bsearch.c.obj
[rex:ro] [283/437] Building C object zephyr/subsys/crc/CMakeFiles/subsys__crc.dir/crc24_sw.c.obj
[riven:rw] [202/407] Building C object zephyr/CMakeFiles/zephyr.dir/subsys/shell/shell_history.c.obj
[rex:ro] [284/437] Building C object zephyr/subsys/crc/CMakeFiles/subsys__crc.dir/crc32c_sw.c.obj
[riven:rw] [203/407] Building C object zephyr/CMakeFiles/zephyr.dir/subsys/shell/shell_ops.c.obj
[rex:ro] [285/437] Building C object zephyr/subsys/crc/CMakeFiles/subsys__crc.dir/crc32_sw.c.obj
[rex:ro] [286/437] Building C object zephyr/subsys/crc/CMakeFiles/subsys__crc.dir/crc32k_4_2_sw.c.obj
[rex:ro] [287/437] Linking C static library zephyr/subsys/crc/libsubsys__crc.a
[riven:ro] [393/407] Building C object zephyr/kernel/CMakeFiles/kernel.dir/stack.c.obj
[rex:rw] [250/437] Building C object zephyr/lib/libc/minimal/CMakeFiles/lib__libc__minimal.dir/source/stdlib/qsort.c.obj
[rex:rw] [251/437] Building C object zephyr/lib/libc/minimal/CMakeFiles/lib__libc__minimal.dir/source/string/strerror.c.obj
[riven:rw] [204/407] Building C object zephyr/CMakeFiles/zephyr.dir/drivers/flash/flash_util.c.obj
[riven:rw] [205/407] Linking C static library zephyr/libzephyr.a
[rex:rw] [252/437] Building C object zephyr/lib/libc/minimal/CMakeFiles/lib__libc__minimal.dir/source/string/strstr.c.obj
[hylia:ro] [205/366] Building C object zephyr/lib/libc/minimal/CMakeFiles/lib__libc__minimal.dir/source/stdout/sprintf.c.obj
[rex:rw] [253/437] Building C object zephyr/lib/libc/minimal/CMakeFiles/lib__libc__minimal.dir/source/string/strncasecmp.c.obj
[hylia:ro] [206/366] Building C object zephyr/lib/libc/minimal/CMakeFiles/lib__libc__minimal.dir/source/stdout/stdout_console.c.obj
[riven:rw] [206/407] Building C object zephyr/arch/common/CMakeFiles/arch__common.dir/init.c.obj
[rex:rw] [254/437] Building C object zephyr/lib/libc/minimal/CMakeFiles/lib__libc__minimal.dir/source/string/strspn.c.obj
[riven:ro] [394/407] Building C object zephyr/kernel/CMakeFiles/kernel.dir/system_work_q.c.obj
[rex:rw] [255/437] Building C object zephyr/lib/libc/minimal/CMakeFiles/lib__libc__minimal.dir/source/string/string.c.obj
[riven:rw] [207/407] Building C object zephyr/arch/common/CMakeFiles/arch__common.dir/sw_isr_common.c.obj
[riven:ro] [395/407] Building C object zephyr/kernel/CMakeFiles/kernel.dir/work.c.obj
[riven:ro] [396/407] Building C object zephyr/kernel/CMakeFiles/kernel.dir/condvar.c.obj
[hylia:ro] [207/366] Building C object zephyr/lib/libc/minimal/CMakeFiles/lib__libc__minimal.dir/source/math/sqrtf.c.obj
[rex:rw] [256/437] Building C object zephyr/lib/libc/minimal/CMakeFiles/lib__libc__minimal.dir/source/stdlib/exit.c.obj
[rex:ro] [288/437] Building C object zephyr/drivers/interrupt_controller/CMakeFiles/drivers__interrupt_controller.dir/intc_miwu.c.obj
[hylia:ro] [208/366] Building C object zephyr/lib/libc/minimal/CMakeFiles/lib__libc__minimal.dir/source/stdout/fprintf.c.obj
[rex:ro] [289/437] Building C object zephyr/drivers/adc/CMakeFiles/drivers__adc.dir/adc_common.c.obj
[rex:ro] [290/437] Linking C static library zephyr/drivers/interrupt_controller/libdrivers__interrupt_controller.a
[riven:ro] [397/407] Building C object zephyr/kernel/CMakeFiles/kernel.dir/thread.c.obj
[riven:rw] [208/407] Building C object zephyr/arch/common/CMakeFiles/arch__common.dir/xip.c.obj
[hylia:ro] [209/366] Building C object zephyr/lib/libc/minimal/CMakeFiles/lib__libc__minimal.dir/source/math/sqrt.c.obj
[rex:ro] [291/437] Building C object zephyr/drivers/adc/CMakeFiles/drivers__adc.dir/adc_npcx.c.obj
[riven:rw] [209/407] Building C object zephyr/arch/common/CMakeFiles/isr_tables.dir/isr_tables.c.obj
[rex:ro] [292/437] Linking C static library zephyr/drivers/adc/libdrivers__adc.a
[riven:rw] [210/407] Linking C static library zephyr/arch/common/libisr_tables.a
[rex:rw] [257/437] Building C object zephyr/lib/libc/minimal/CMakeFiles/lib__libc__minimal.dir/source/stdout/stdout_console.c.obj
[rex:rw] [258/437] Building C object zephyr/lib/libc/minimal/CMakeFiles/lib__libc__minimal.dir/source/stdout/sprintf.c.obj
[riven:rw] [211/407] Linking C static library zephyr/arch/common/libarch__common.a
[riven:ro] [398/407] Building C object zephyr/kernel/CMakeFiles/kernel.dir/sched.c.obj
[riven:ro] [399/407] Building C object zephyr/kernel/CMakeFiles/kernel.dir/pipe.c.obj
[riven:rw] [212/407] Building C object zephyr/arch/arch/arm/core/CMakeFiles/arch__arm__core.dir/fatal.c.obj
[riven:rw] [213/407] Building ASM object zephyr/arch/arch/arm/core/CMakeFiles/arch__arm__core.dir/nmi_on_reset.S.obj
[riven:ro] [400/407] Building C object zephyr/kernel/CMakeFiles/kernel.dir/thread_monitor.c.obj
[rex:rw] [259/437] Building C object zephyr/lib/libc/minimal/CMakeFiles/lib__libc__minimal.dir/source/stdout/fprintf.c.obj
[rex:rw] [260/437] Building C object zephyr/lib/libc/minimal/CMakeFiles/lib__libc__minimal.dir/source/math/sqrt.c.obj
[rex:rw] [261/437] Building C object zephyr/lib/libc/minimal/CMakeFiles/lib__libc__minimal.dir/source/math/sqrtf.c.obj
[rex:ro] [293/437] Building C object zephyr/drivers/clock_control/CMakeFiles/drivers__clock_control.dir/clock_control_npcx.c.obj
[hylia:ro] [210/366] Building C object zephyr/lib/libc/common/CMakeFiles/lib__libc__common.dir/source/stdlib/abort.c.obj
[riven:rw] [214/407] Building C object zephyr/arch/arch/arm/core/CMakeFiles/arch__arm__core.dir/nmi.c.obj
[riven:ro] [401/407] Building C object zephyr/kernel/CMakeFiles/kernel.dir/timeout.c.obj
[rex:ro] [294/437] Building C object zephyr/drivers/bbram/CMakeFiles/drivers__bbram.dir/bbram_npcx.c.obj
[hylia:ro] [211/366] Building C object zephyr/lib/libc/minimal/CMakeFiles/lib__libc__minimal.dir/source/time/gmtime.c.obj
[hylia:ro] [212/366] Linking C static library zephyr/lib/libc/minimal/liblib__libc__minimal.a
[riven:rw] [215/407] Linking C static library zephyr/arch/arch/arm/core/libarch__arm__core.a
[rex:ro] [295/437] Linking C static library zephyr/drivers/clock_control/libdrivers__clock_control.a
[rex:ro] [296/437] Linking C static library zephyr/drivers/bbram/libdrivers__bbram.a
[rex:rw] [262/437] Building C object zephyr/lib/libc/common/CMakeFiles/lib__libc__common.dir/source/time/asctime.c.obj
[riven:rw] [216/407] Building ASM object zephyr/arch/arch/arm/core/cortex_m/CMakeFiles/arch__arm__core__cortex_m.dir/fault_s.S.obj
[hylia:ro] [213/366] Building C object zephyr/lib/libc/common/CMakeFiles/lib__libc__common.dir/source/time/asctime.c.obj
[rex:rw] [263/437] Building C object zephyr/lib/libc/common/CMakeFiles/lib__libc__common.dir/source/time/gmtime_r.c.obj
[hylia:ro] [214/366] Building C object zephyr/lib/libc/common/CMakeFiles/lib__libc__common.dir/source/time/gmtime_r.c.obj
[rex:ro] [297/437] Building C object zephyr/drivers/console/CMakeFiles/drivers__console.dir/uart_console.c.obj
[rex:ro] [298/437] Linking C static library zephyr/drivers/console/libdrivers__console.a
[riven:ro] [402/407] Building C object zephyr/kernel/CMakeFiles/kernel.dir/timer.c.obj
[riven:rw] [217/407] Building C object zephyr/arch/arch/arm/core/cortex_m/CMakeFiles/arch__arm__core__cortex_m.dir/exc_exit.c.obj
[hylia:ro] [215/366] Building C object zephyr/lib/libc/common/CMakeFiles/lib__libc__common.dir/source/time/localtime_r_utc.c.obj
[rex:rw] [264/437] Building C object zephyr/lib/libc/common/CMakeFiles/lib__libc__common.dir/source/time/localtime_r_utc.c.obj
[hylia:ro] [216/366] Building C object zephyr/lib/libc/common/CMakeFiles/lib__libc__common.dir/source/time/ctime.c.obj
[riven:ro] [403/407] Building C object zephyr/kernel/CMakeFiles/kernel.dir/events.c.obj
[riven:ro] [404/407] Building C object zephyr/kernel/CMakeFiles/kernel.dir/poll.c.obj
[riven:ro] [405/407] Building C object zephyr/kernel/CMakeFiles/kernel.dir/mempool.c.obj
[rex:rw] [265/437] Building C object zephyr/lib/libc/common/CMakeFiles/lib__libc__common.dir/source/stdlib/abort.c.obj
[hylia:ro] [217/366] Building C object zephyr/lib/libc/common/CMakeFiles/lib__libc__common.dir/source/string/strnlen.c.obj
[hylia:ro] [218/366] Building C object zephyr/lib/libc/common/CMakeFiles/lib__libc__common.dir/source/time/time.c.obj
[rex:rw] [266/437] Building C object zephyr/lib/libc/minimal/CMakeFiles/lib__libc__minimal.dir/source/time/gmtime.c.obj
[rex:rw] [267/437] Building C object zephyr/lib/libc/common/CMakeFiles/lib__libc__common.dir/source/time/ctime.c.obj
[riven:rw] [218/407] Building C object zephyr/arch/arch/arm/core/cortex_m/CMakeFiles/arch__arm__core__cortex_m.dir/fault.c.obj
[riven:rw] [219/407] Building C object zephyr/arch/arch/arm/core/cortex_m/CMakeFiles/arch__arm__core__cortex_m.dir/fpu.c.obj
[rex:rw] [268/437] Linking C static library zephyr/lib/libc/minimal/liblib__libc__minimal.a
[rex:ro] [299/437] Building C object zephyr/drivers/eeprom/CMakeFiles/drivers__eeprom.dir/eeprom_shell.c.obj
[hylia:ro] [219/366] Building C object zephyr/lib/posix/c_lib_ext/CMakeFiles/lib__posix__c_lib_ext.dir/fnmatch.c.obj
[rex:rw] [269/437] Building C object zephyr/lib/libc/common/CMakeFiles/lib__libc__common.dir/source/time/time.c.obj
[rex:rw] [270/437] Building C object zephyr/lib/libc/common/CMakeFiles/lib__libc__common.dir/source/string/strnlen.c.obj
[rex:ro] [300/437] Building C object zephyr/drivers/crypto/CMakeFiles/drivers__crypto.dir/crypto_npcx_sha.c.obj
[riven:ro] [406/407] Building C object zephyr/kernel/CMakeFiles/kernel.dir/dynamic_disabled.c.obj
[rex:rw] [271/437] Building C object zephyr/lib/posix/c_lib_ext/CMakeFiles/lib__posix__c_lib_ext.dir/fnmatch.c.obj
[riven:rw] [220/407] Building ASM object zephyr/arch/arch/arm/core/cortex_m/CMakeFiles/arch__arm__core__cortex_m.dir/reset.S.obj
[rex:ro] [301/437] Linking C static library zephyr/drivers/crypto/libdrivers__crypto.a
[riven:ro] [407/407] Linking C static library zephyr/kernel/libkernel.a
[hylia:ro] [220/366] Building C object zephyr/lib/libc/common/CMakeFiles/lib__libc__common.dir/source/stdlib/malloc.c.obj
[rex:ro] [302/437] Building C object zephyr/drivers/eeprom/CMakeFiles/drivers__eeprom.dir/eeprom_at2x.c.obj
[hylia:ro] [221/366] Linking C static library zephyr/lib/libc/common/liblib__libc__common.a
[rex:ro] [303/437] Linking C static library zephyr/drivers/eeprom/libdrivers__eeprom.a
[hylia:ro] [222/366] Building C object zephyr/lib/posix/c_lib_ext/CMakeFiles/lib__posix__c_lib_ext.dir/getentropy.c.obj
[riven:rw] [221/407] Building ASM object zephyr/arch/arch/arm/core/cortex_m/CMakeFiles/arch__arm__core__cortex_m.dir/vector_table.S.obj
[hylia:ro] [223/366] Building C object zephyr/lib/posix/c_lib_ext/CMakeFiles/lib__posix__c_lib_ext.dir/getopt_shim.c.obj
[riven:rw] [222/407] Building C object zephyr/arch/arch/arm/core/cortex_m/CMakeFiles/arch__arm__core__cortex_m.dir/scb.c.obj
[rex:rw] [272/437] Building C object zephyr/lib/libc/common/CMakeFiles/lib__libc__common.dir/source/stdlib/malloc.c.obj
[hylia:ro] [224/366] Linking C static library zephyr/lib/posix/c_lib_ext/liblib__posix__c_lib_ext.a
[riven:rw] [223/407] Building C object zephyr/arch/arch/arm/core/cortex_m/CMakeFiles/arch__arm__core__cortex_m.dir/thread_abort.c.obj
[rex:rw] [273/437] Linking C static library zephyr/lib/libc/common/liblib__libc__common.a
[rex:ro] [304/437] Building C object zephyr/drivers/espi/CMakeFiles/drivers__espi.dir/espi_npcx.c.obj
[rex:rw] [274/437] Building C object zephyr/lib/posix/c_lib_ext/CMakeFiles/lib__posix__c_lib_ext.dir/getentropy.c.obj
[hylia:ro] [225/366] Building C object zephyr/lib/smf/CMakeFiles/lib__smf.dir/smf.c.obj
[rex:rw] [275/437] Building C object zephyr/subsys/crc/CMakeFiles/subsys__crc.dir/crc4_sw.c.obj
[hylia:ro] [226/366] Building C object zephyr/subsys/crc/CMakeFiles/subsys__crc.dir/crc4_sw.c.obj
[rex:ro] [305/437] Building C object zephyr/drivers/espi/CMakeFiles/drivers__espi.dir/host_subs_npcx.c.obj
[rex:rw] [276/437] Building C object zephyr/subsys/crc/CMakeFiles/subsys__crc.dir/crc8_sw.c.obj
[hylia:ro] [227/366] Linking C static library zephyr/lib/smf/liblib__smf.a
[rex:rw] [277/437] Building C object zephyr/lib/posix/c_lib_ext/CMakeFiles/lib__posix__c_lib_ext.dir/getopt_shim.c.obj
[rex:ro] [306/437] Linking C static library zephyr/drivers/espi/libdrivers__espi.a
[rex:rw] [278/437] Linking C static library zephyr/lib/posix/c_lib_ext/liblib__posix__c_lib_ext.a
[riven:rw] [224/407] Building ASM object zephyr/arch/arch/arm/core/cortex_m/CMakeFiles/arch__arm__core__cortex_m.dir/swap_helper.S.obj
[rex:ro] [307/437] Building C object zephyr/drivers/flash/CMakeFiles/drivers__flash.dir/jesd216.c.obj
[rex:rw] [279/437] Building C object zephyr/subsys/crc/CMakeFiles/subsys__crc.dir/crc7_sw.c.obj
[hylia:ro] [228/366] Building C object zephyr/subsys/crc/CMakeFiles/subsys__crc.dir/crc8_sw.c.obj
[rex:rw] [280/437] Building C object zephyr/subsys/crc/CMakeFiles/subsys__crc.dir/crc16_sw.c.obj
[hylia:ro] [229/366] Building C object zephyr/subsys/crc/CMakeFiles/subsys__crc.dir/crc16_sw.c.obj
[rex:rw] [281/437] Building C object zephyr/subsys/crc/CMakeFiles/subsys__crc.dir/crc32c_sw.c.obj
[rex:rw] [282/437] Building C object zephyr/subsys/crc/CMakeFiles/subsys__crc.dir/crc32_sw.c.obj
[hylia:ro] [230/366] Building C object zephyr/subsys/mgmt/ec_host_cmd/CMakeFiles/subsys__mgmt__ec_host_cmd.dir/ec_host_cmd_handler.c.obj
[rex:rw] [283/437] Building C object zephyr/subsys/crc/CMakeFiles/subsys__crc.dir/crc24_sw.c.obj
[riven:rw] [225/407] Building C object zephyr/arch/arch/arm/core/cortex_m/CMakeFiles/arch__arm__core__cortex_m.dir/irq_manage.c.obj
[hylia:ro] [231/366] Linking C static library zephyr/subsys/mgmt/ec_host_cmd/libsubsys__mgmt__ec_host_cmd.a
[rex:rw] [284/437] Building C object zephyr/subsys/crc/CMakeFiles/subsys__crc.dir/crc32k_4_2_sw.c.obj
[hylia:ro] [232/366] Building C object zephyr/subsys/crc/CMakeFiles/subsys__crc.dir/crc24_sw.c.obj
[hylia:ro] [233/366] Building C object zephyr/subsys/crc/CMakeFiles/subsys__crc.dir/crc7_sw.c.obj
[rex:rw] [285/437] Linking C static library zephyr/subsys/crc/libsubsys__crc.a
[hylia:ro] [234/366] Building C object zephyr/subsys/mgmt/ec_host_cmd/backends/CMakeFiles/subsys__mgmt__ec_host_cmd__backends.dir/ec_host_cmd_backend_shi_ite.c.obj
[riven:rw] [226/407] Building C object zephyr/arch/arch/arm/core/cortex_m/CMakeFiles/arch__arm__core__cortex_m.dir/prep_c.c.obj
[hylia:ro] [235/366] Building C object zephyr/subsys/crc/CMakeFiles/subsys__crc.dir/crc32_sw.c.obj
[hylia:ro] [236/366] Building C object zephyr/subsys/crc/CMakeFiles/subsys__crc.dir/crc32c_sw.c.obj
[hylia:ro] [237/366] Linking C static library zephyr/subsys/mgmt/ec_host_cmd/backends/libsubsys__mgmt__ec_host_cmd__backends.a
[riven:rw] [227/407] Building C object zephyr/arch/arch/arm/core/cortex_m/CMakeFiles/arch__arm__core__cortex_m.dir/thread.c.obj
[rex:ro] [308/437] Building C object zephyr/drivers/flash/CMakeFiles/drivers__flash.dir/flash_npcx_fiu_nor.c.obj
[hylia:ro] [238/366] Building C object zephyr/subsys/crc/CMakeFiles/subsys__crc.dir/crc32k_4_2_sw.c.obj
[hylia:ro] [239/366] Linking C static library zephyr/subsys/crc/libsubsys__crc.a
[rex:ro] [309/437] Building C object zephyr/drivers/flash/CMakeFiles/drivers__flash.dir/flash_npcx_fiu_qspi.c.obj
[rex:ro] [310/437] Linking C static library zephyr/drivers/flash/libdrivers__flash.a
[riven:rw] [228/407] Building C object zephyr/arch/arch/arm/core/cortex_m/CMakeFiles/arch__arm__core__cortex_m.dir/cpu_idle.c.obj
[riven:rw] [229/407] Building C object zephyr/arch/arch/arm/core/cortex_m/CMakeFiles/arch__arm__core__cortex_m.dir/irq_init.c.obj
[rex:ro] [311/437] Building C object zephyr/drivers/gpio/CMakeFiles/drivers__gpio.dir/gpio_nct38xx.c.obj
[riven:rw] [230/407] Building C object zephyr/arch/arch/arm/core/cortex_m/CMakeFiles/arch__arm__core__cortex_m.dir/isr_wrapper.c.obj
[rex:rw] [286/437] Building C object zephyr/drivers/adc/CMakeFiles/drivers__adc.dir/adc_common.c.obj
[riven:rw] [231/407] Linking C static library zephyr/arch/arch/arm/core/cortex_m/libarch__arm__core__cortex_m.a
[rex:rw] [287/437] Building C object zephyr/drivers/interrupt_controller/CMakeFiles/drivers__interrupt_controller.dir/intc_miwu.c.obj
[hylia:ro] [240/366] Building C object zephyr/drivers/interrupt_controller/CMakeFiles/drivers__interrupt_controller.dir/wuc_ite_it8xxx2.c.obj
[rex:rw] [288/437] Linking C static library zephyr/drivers/interrupt_controller/libdrivers__interrupt_controller.a
[riven:rw] [232/407] Generating ../../../include/generated/libc/minimal/strerror_table.h
[hylia:ro] [241/366] Building C object zephyr/drivers/interrupt_controller/CMakeFiles/drivers__interrupt_controller.dir/intc_ite_it8xxx2_v2.c.obj
[rex:ro] [312/437] Building C object zephyr/drivers/gpio/CMakeFiles/drivers__gpio.dir/gpio_nct38xx_port.c.obj
[hylia:ro] [242/366] Linking C static library zephyr/drivers/interrupt_controller/libdrivers__interrupt_controller.a
[hylia:ro] [243/366] Building C object zephyr/drivers/adc/CMakeFiles/drivers__adc.dir/adc_common.c.obj
[riven:rw] [233/407] Building C object zephyr/lib/libc/minimal/CMakeFiles/lib__libc__minimal.dir/source/stdlib/atoi.c.obj
[riven:rw] [234/407] Building C object zephyr/arch/arch/arm/core/mpu/CMakeFiles/arch__arm__core__mpu.dir/arm_core_mpu.c.obj
[hylia:ro] [244/366] Building C object zephyr/drivers/adc/CMakeFiles/drivers__adc.dir/adc_ite_it8xxx2.c.obj
[rex:rw] [289/437] Building C object zephyr/drivers/adc/CMakeFiles/drivers__adc.dir/adc_npcx.c.obj
[hylia:ro] [245/366] Linking C static library zephyr/drivers/adc/libdrivers__adc.a
[rex:ro] [313/437] Building C object zephyr/drivers/i2c/CMakeFiles/drivers__i2c.dir/i2c_common.c.obj
[rex:ro] [314/437] Building C object zephyr/drivers/gpio/CMakeFiles/drivers__gpio.dir/gpio_npcx.c.obj
[riven:rw] [235/407] Building C object zephyr/lib/libc/minimal/CMakeFiles/lib__libc__minimal.dir/source/stdlib/strtol.c.obj
[rex:rw] [290/437] Linking C static library zephyr/drivers/adc/libdrivers__adc.a
[riven:rw] [236/407] Building C object zephyr/lib/libc/minimal/CMakeFiles/lib__libc__minimal.dir/source/stdlib/strtoul.c.obj
[riven:rw] [237/407] Building C object zephyr/arch/arch/arm/core/mpu/CMakeFiles/arch__arm__core__mpu.dir/arm_mpu_regions.c.obj
[rex:ro] [315/437] Linking C static library zephyr/drivers/gpio/libdrivers__gpio.a
[/mnt/host/source/src/platform/ec/build/zephyr/uldren-lcov]   /mnt/host/source/src/platform/ec/build/zephyr/uldren/build-rw/zephyr/drivers/sensor/CMakeFiles/drivers__sensor.dir/mnt/host/source/src/third_party/zephyr/main/misc/empty_file.c.gcno:no functions found
[/mnt/host/source/src/platform/ec/build/zephyr/uldren-lcov] Filter suppressions 'region':
[riven:rw] [238/407] Building C object zephyr/arch/arch/arm/core/mpu/CMakeFiles/arch__arm__core__mpu.dir/arm_mpu.c.obj
[riven:rw] [239/407] Building C object zephyr/lib/libc/minimal/CMakeFiles/lib__libc__minimal.dir/source/stdlib/strtoll.c.obj
[/mnt/host/source/src/platform/ec/build/zephyr/uldren-lcov]     39 instances
[/mnt/host/source/src/platform/ec/build/zephyr/uldren-lcov]     34 coverpoints
[/mnt/host/source/src/platform/ec/build/zephyr/uldren-lcov] Message summary:
[ocicat:ro] Building: /usr/bin/ninja -C /mnt/host/source/src/platform/ec/build/zephyr/ocicat/build-ro all.libraries
Running `env -i SHELL=/bin/bash COLORTERM=truecolor DEPOT_TOOLS_UPDATE=0 LESS='-R -M --shift 5' SUDO_GID=0 JDK_HOME=/etc/java-config-2/current-system-vm CONFIG_PROTECT_MASK='/etc/gentoo-release /etc/sandbox.d /etc/fonts/fonts.conf /etc/terminfo /etc/ca-certificates.conf /etc/revdep-rebuild' CHROMEOS_CACHEDIR=/var/cache/chromeos-cache JAVA_HOME=/etc/java-config-2/current-system-vm SSH_AUTH_SOCK=/tmp/ssh-auth-sock SUDO_COMMAND=/bin/bash SUDO_USER=root SUDO_TTY=/dev/pts/2 EDITOR=/usr/bin/vi PWD=/mnt/host/source/src/platform/ec CONFIG_PROTECT=/usr/share/gnupg/qualified.txt LOGNAME=jpmurphy MANPATH=/etc/java-config-2/current-system-vm/man:/usr/local/share/man:/usr/share/man:/usr/share/gcc-data/x86_64-pc-linux-gnu/10.2.0/man:/usr/share/binutils-data/x86_64-pc-linux-gnu/2.45/man:/etc/java-config-2/current-system-vm/man/ SUDO_HOME=/root XAUTHORITY=/run/user/944457/gdm/Xauthority HOME=/home/jpmurphy LANG=C.UTF-8 LS_COLORS='rs=0:di=01;34:ln=01;36:mh=00:pi=40;33:so=01;35:do=01;35:bd=40;33;01:cd=40;33;01:or=01;05;37;41:mi=01;05;37;41:su=37;41:sg=30;43:ca=30;41:tw=30;42:ow=34;42:st=37;44:ex=01;32:*.tar=01;31:*.tgz=01;31:*.arc=01;31:*.arj=01;31:*.taz=01;31:*.lha=01;31:*.lz4=01;31:*.lzh=01;31:*.lzma=01;31:*.tlz=01;31:*.txz=01;31:*.tzo=01;31:*.t7z=01;31:*.zip=01;31:*.z=01;31:*.dz=01;31:*.gz=01;31:*.lrz=01;31:*.lz=01;31:*.lzo=01;31:*.xz=01;31:*.zst=01;31:*.tzst=01;31:*.bz2=01;31:*.bz=01;31:*.tbz=01;31:*.tbz2=01;31:*.tz=01;31:*.deb=01;31:*.rpm=01;31:*.jar=01;31:*.war=01;31:*.ear=01;31:*.sar=01;31:*.rar=01;31:*.alz=01;31:*.ace=01;31:*.zoo=01;31:*.cpio=01;31:*.7z=01;31:*.rz=01;31:*.cab=01;31:*.wim=01;31:*.swm=01;31:*.dwm=01;31:*.esd=01;31:*.jpg=01;35:*.jpeg=01;35:*.mjpg=01;35:*.mjpeg=01;35:*.gif=01;35:*.bmp=01;35:*.pbm=01;35:*.pgm=01;35:*.ppm=01;35:*.tga=01;35:*.xbm=01;35:*.xpm=01;35:*.tif=01;35:*.tiff=01;35:*.png=01;35:*.svg=01;35:*.svgz=01;35:*.mng=01;35:*.pcx=01;35:*.mov=01;35:*.mpg=01;35:*.mpeg=01;35:*.m2v=01;35:*.mkv=01;35:*.webm=01;35:*.webp=01;35:*.ogm=01;35:*.mp4=01;35:*.m4v=01;35:*.mp4v=01;35:*.vob=01;35:*.qt=01;35:*.nuv=01;35:*.wmv=01;35:*.asf=01;35:*.rm=01;35:*.rmvb=01;35:*.flc=01;35:*.avi=01;35:*.fli=01;35:*.flv=01;35:*.gl=01;35:*.dl=01;35:*.xcf=01;35:*.xwd=01;35:*.yuv=01;35:*.cgm=01;35:*.emf=01;35:*.ogv=01;35:*.ogx=01;35:*.cfg=00;32:*.conf=00;32:*.diff=00;32:*.doc=00;32:*.ini=00;32:*.log=00;32:*.patch=00;32:*.pdf=00;32:*.ps=00;32:*.tex=00;32:*.txt=00;32:*.aac=00;36:*.au=00;36:*.flac=00;36:*.m4a=00;36:*.mid=00;36:*.midi=00;36:*.mka=00;36:*.mp3=00;36:*.mpc=00;36:*.ogg=00;36:*.ra=00;36:*.wav=00;36:*.oga=00;36:*.opus=00;36:*.spx=00;36:*.xspf=00;36:' XDG_CURRENT_DESKTOP=GNOME INFOPATH=/usr/share/info:/usr/share/gcc-data/x86_64-pc-linux-gnu/10.2.0/info:/usr/share/binutils-data/x86_64-pc-linux-gnu/2.45/info:/usr/share/automake-1.16.5/info JAVAC=/etc/java-config-2/current-system-vm/bin/javac TERM=xterm-256color LESSOPEN='|lesspipe %s' USER=jpmurphy CROS_WORKON_SRCROOT=/mnt/host/source MANPAGER=manpager DISPLAY=:1 SHLVL=1 LC_MESSAGES=C EXTERNAL_TRUNK_PATH=/mnt/8f9d649a-3721-44cc-93c0-e6bd21a9689f/chromiumos GCC_SPECS='' PATH=/mnt/host/source/chromite/bin:/usr/local/bin:/usr/bin:/bin:/opt/bin:/mnt/host/source/chromite/sdk/bin:/mnt/host/source/chromite/bin PORTAGE_USERNAME=jpmurphy SUDO_UID=0 GCC_VER=10.2.0 MAIL=/var/mail/jpmurphy OLDPWD=/mnt/host/source/src/scripts traceparent=00-e87aca51550a78635907baa6a2476181-6d684811675d2973-01 _=./zephyr/firmware_builder.py COREBOOT_SDK_ROOT_x86=/home/jpmurphy/.cache/coreboot-sdk/i386-elf/dfbb0486385d938cfa9d73080b9d18d598ed4f49 COREBOOT_SDK_ROOT_picolibc_x86=/home/jpmurphy/.cache/coreboot-sdk/picolibc-i386-elf/eb8e8e687b95461de8cbf278f1c2076952d0ad17 COREBOOT_SDK_ROOT_riscv64=/home/jpmurphy/.cache/coreboot-sdk/riscv64-elf/96b949749225b6aaa92ed810ab769e8dfb12f000 COREBOOT_SDK_ROOT_picolibc_arm=/home/jpmurphy/.cache/coreboot-sdk/picolibc-arm-eabi/422a2aa3e1ef891b5bece9a3deb696ff83840d2e COREBOOT_SDK_ROOT_nds32=/home/jpmurphy/.cache/coreboot-sdk/nds32le-elf/d1a518c4a097666d86058e1444f85ca015d15511 COREBOOT_SDK_ROOT_picolibc_riscv64=/home/jpmurphy/.cache/coreboot-sdk/picolibc-riscv64-elf/f571e990ef0278564b31124f8bb109d9a697eb69 COREBOOT_SDK_ROOT_arm=/home/jpmurphy/.cache/coreboot-sdk/arm-eabi/ea40ddd1d190c3b48435c474c0b545719371813a COREBOOT_SDK_ROOT_libstdcxx_riscv64=/home/jpmurphy/.cache/coreboot-sdk/libstdcxx-riscv64-elf/17abf22a3a252e2d5d2062ced5324f7a623689e0 COREBOOT_SDK_ROOT_libstdcxx_arm=/home/jpmurphy/.cache/coreboot-sdk/libstdcxx-arm-eabi/5d7d82e150e44aa1968f1d366e267e6687b328ac COREBOOT_SDK_ROOT_riscv=/home/jpmurphy/.cache/coreboot-sdk/riscv-elf/9a27b9e82341c6e9126624f516ab3f261abb3e73 COREBOOT_SDK_ROOT_libstdcxx_x86=/home/jpmurphy/.cache/coreboot-sdk/libstdcxx-i386-elf/42ef9d2e87a76a37963175d7d428734e65648b87 PYTHONPATH=/mnt/host/source/src/platform/ec/zephyr/zmake PW_PIGWEED_CIPD_INSTALL_DIR=/usr CROSTC_USER_ACKNOWLEDGES_THAT_RISCV_IS_EXPERIMENTAL=1 MAKEFLAGS=' -j16 --jobserver-auth=5,6' /usr/bin/ninja -C /mnt/host/source/src/platform/ec/build/zephyr/ocicat/build-ro all.libraries`
[/mnt/host/source/src/platform/ec/build/zephyr/uldren-lcov]   29 ignore messages:
[/mnt/host/source/src/platform/ec/build/zephyr/uldren-lcov]     gcov: 29
[ocicat:ro] ninja: Entering directory `/mnt/host/source/src/platform/ec/build/zephyr/ocicat/build-ro'
[riven:rw] [240/407] Linking C static library zephyr/arch/arch/arm/core/mpu/libarch__arm__core__mpu.a
[riven:rw] [241/407] Building C object zephyr/lib/libc/minimal/CMakeFiles/lib__libc__minimal.dir/source/stdlib/strtoull.c.obj
[rex:ro] [316/437] Building C object zephyr/drivers/i2c/CMakeFiles/drivers__i2c.dir/i2c_shell.c.obj
[riven:rw] [242/407] Building C object zephyr/lib/libc/minimal/CMakeFiles/lib__libc__minimal.dir/source/stdlib/bsearch.c.obj
[hylia:ro] [246/366] Building C object zephyr/drivers/bbram/CMakeFiles/drivers__bbram.dir/bbram_it8xxx2.c.obj
[rex:rw] [291/437] Building C object zephyr/drivers/clock_control/CMakeFiles/drivers__clock_control.dir/clock_control_npcx.c.obj
[rex:rw] [292/437] Building C object zephyr/drivers/bbram/CMakeFiles/drivers__bbram.dir/bbram_npcx.c.obj
[hylia:ro] [247/366] Linking C static library zephyr/drivers/bbram/libdrivers__bbram.a
[rex:rw] [293/437] Linking C static library zephyr/drivers/clock_control/libdrivers__clock_control.a
[hylia:ro] [248/366] Building C object zephyr/drivers/console/CMakeFiles/drivers__console.dir/uart_console.c.obj
[riven:rw] [243/407] Building C object zephyr/lib/libc/minimal/CMakeFiles/lib__libc__minimal.dir/source/stdlib/qsort.c.obj
[rex:rw] [294/437] Linking C static library zephyr/drivers/bbram/libdrivers__bbram.a
[hylia:ro] [249/366] Linking C static library zephyr/drivers/console/libdrivers__console.a
[riven:rw] [244/407] Building C object zephyr/lib/libc/minimal/CMakeFiles/lib__libc__minimal.dir/source/string/strncasecmp.c.obj
[hylia:ro] [250/366] Building C object zephyr/drivers/crypto/CMakeFiles/drivers__crypto.dir/crypto_it8xxx2_sha_v2.c.obj
[riven:rw] [245/407] Building C object zephyr/lib/libc/minimal/CMakeFiles/lib__libc__minimal.dir/source/string/strerror.c.obj
[rex:ro] [317/437] Building C object zephyr/drivers/i2c/CMakeFiles/drivers__i2c.dir/i2c_npcx_controller.c.obj
[hylia:ro] [251/366] Linking C static library zephyr/drivers/crypto/libdrivers__crypto.a
[riven:rw] [246/407] Building C object zephyr/lib/libc/minimal/CMakeFiles/lib__libc__minimal.dir/source/string/strstr.c.obj
[hylia:ro] [252/366] Building C object zephyr/drivers/flash/CMakeFiles/drivers__flash.dir/flash_ite_it8xxx2.c.obj
[riven:rw] [247/407] Building C object zephyr/lib/libc/minimal/CMakeFiles/lib__libc__minimal.dir/source/string/string.c.obj
[riven:rw] [248/407] Building C object zephyr/lib/libc/minimal/CMakeFiles/lib__libc__minimal.dir/source/string/strspn.c.obj
[hylia:ro] [253/366] Linking C static library zephyr/drivers/flash/libdrivers__flash.a
[rex:rw] [295/437] Building C object zephyr/drivers/console/CMakeFiles/drivers__console.dir/uart_console.c.obj
[rex:ro] [318/437] Building C object zephyr/drivers/i2c/CMakeFiles/drivers__i2c.dir/i2c_npcx_controller_fifo.c.obj
[rex:rw] [296/437] Linking C static library zephyr/drivers/console/libdrivers__console.a
[ocicat:ro] [1/374] Generating include/generated/zephyr/version.h
[ocicat:ro] -- git describe warned: warning: tag 'upstream/v2.7.99' is externally known as 'v2.7.99'
[riven:rw] [249/407] Building C object zephyr/lib/libc/minimal/CMakeFiles/lib__libc__minimal.dir/source/stdlib/exit.c.obj
[ocicat:ro] -- Zephyr version: 4.3.99 (/mnt/host/source/src/third_party/zephyr/main)
[ocicat:ro] [2/374] Preparing syscall dependency handling
[rex:ro] [319/437] Building C object zephyr/drivers/i2c/CMakeFiles/drivers__i2c.dir/i2c_npcx_port.c.obj
[ocicat:ro] [3/374] Generating misc/generated/syscalls_subdirs.trigger
[rex:ro] [320/437] Building C object zephyr/drivers/mfd/CMakeFiles/drivers__mfd.dir/mfd_nct38xx.c.obj
[rex:ro] [321/437] Linking C static library zephyr/drivers/i2c/libdrivers__i2c.a
[riven:rw] [250/407] Building C object zephyr/lib/libc/minimal/CMakeFiles/lib__libc__minimal.dir/source/math/sqrtf.c.obj
[rex:rw] [297/437] Building C object zephyr/drivers/crypto/CMakeFiles/drivers__crypto.dir/crypto_npcx_sha.c.obj
[rex:ro] [322/437] Linking C static library zephyr/drivers/mfd/libdrivers__mfd.a
[rex:ro] [323/437] Building C object zephyr/drivers/pinctrl/CMakeFiles/drivers__pinctrl.dir/common.c.obj
[riven:rw] [251/407] Building C object zephyr/lib/libc/minimal/CMakeFiles/lib__libc__minimal.dir/source/stdout/sprintf.c.obj
[hylia:ro] [254/366] Building C object zephyr/drivers/i2c/CMakeFiles/drivers__i2c.dir/i2c_bitbang.c.obj
[hylia:ro] [255/366] Building C object zephyr/drivers/i2c/CMakeFiles/drivers__i2c.dir/i2c_common.c.obj
[rex:rw] [298/437] Linking C static library zephyr/drivers/crypto/libdrivers__crypto.a
[rex:rw] [299/437] Building C object zephyr/drivers/eeprom/CMakeFiles/drivers__eeprom.dir/eeprom_shell.c.obj
[riven:rw] [252/407] Building C object zephyr/lib/libc/minimal/CMakeFiles/lib__libc__minimal.dir/source/stdout/stdout_console.c.obj
[riven:rw] [253/407] Building C object zephyr/lib/libc/minimal/CMakeFiles/lib__libc__minimal.dir/source/math/sqrt.c.obj
[riven:rw] [254/407] Building C object zephyr/lib/libc/minimal/CMakeFiles/lib__libc__minimal.dir/source/stdout/fprintf.c.obj
[hylia:ro] [256/366] Building C object zephyr/drivers/i2c/CMakeFiles/drivers__i2c.dir/i2c_shell.c.obj
[rex:ro] [324/437] Building C object zephyr/drivers/pinctrl/CMakeFiles/drivers__pinctrl.dir/pinctrl_npcx.c.obj
[riven:rw] [255/407] Building C object zephyr/lib/libc/common/CMakeFiles/lib__libc__common.dir/source/time/gmtime_r.c.obj
[rex:ro] [325/437] Linking C static library zephyr/drivers/pinctrl/libdrivers__pinctrl.a
[riven:rw] [256/407] Building C object zephyr/lib/libc/common/CMakeFiles/lib__libc__common.dir/source/time/asctime.c.obj
[hylia:ro] [257/366] Building C object zephyr/drivers/pinctrl/CMakeFiles/drivers__pinctrl.dir/common.c.obj
[rex:rw] [300/437] Building C object zephyr/drivers/eeprom/CMakeFiles/drivers__eeprom.dir/eeprom_at2x.c.obj
[ocicat:ro] [4/374] Generating misc/generated/syscalls.json, misc/generated/struct_tags.json
[hylia:ro] [258/366] Building C object zephyr/drivers/gpio/CMakeFiles/drivers__gpio.dir/gpio_ite_it8xxx2_v2.c.obj
[riven:rw] [257/407] Building C object zephyr/lib/libc/common/CMakeFiles/lib__libc__common.dir/source/time/localtime_r_utc.c.obj
[riven:rw] [258/407] Building C object zephyr/lib/libc/minimal/CMakeFiles/lib__libc__minimal.dir/source/time/gmtime.c.obj
[hylia:ro] [259/366] Linking C static library zephyr/drivers/gpio/libdrivers__gpio.a
[riven:rw] [259/407] Building C object zephyr/lib/libc/common/CMakeFiles/lib__libc__common.dir/source/time/ctime.c.obj
[rex:rw] [301/437] Linking C static library zephyr/drivers/eeprom/libdrivers__eeprom.a
[rex:ro] [326/437] Building C object zephyr/drivers/pwm/CMakeFiles/drivers__pwm.dir/pwm_npcx.c.obj
[rex:ro] [327/437] Building C object zephyr/drivers/pwm/CMakeFiles/drivers__pwm.dir/pwm_shell.c.obj
[riven:rw] [260/407] Building C object zephyr/lib/libc/common/CMakeFiles/lib__libc__common.dir/source/stdlib/abort.c.obj
[ocicat:ro] [5/374] Generating include/generated/zephyr/syscall_dispatch.c, include/generated/zephyr/syscall_exports_llext.c, syscall_weakdefs_llext.c, include/generated/zephyr/syscall_list.h
[riven:rw] [261/407] Linking C static library zephyr/lib/libc/minimal/liblib__libc__minimal.a
[rex:ro] [328/437] Linking C static library zephyr/drivers/pwm/libdrivers__pwm.a
[rex:ro] [329/437] Building C object zephyr/drivers/sensor/nuvoton/nuvoton_tach_npcx/CMakeFiles/drivers__sensor__nuvoton__nuvoton_tach_npcx.dir/tach_nuvoton_npcx.c.obj
[riven:rw] [262/407] Building C object zephyr/lib/libc/common/CMakeFiles/lib__libc__common.dir/source/time/time.c.obj
[riven:rw] [263/407] Building C object zephyr/lib/libc/common/CMakeFiles/lib__libc__common.dir/source/string/strnlen.c.obj
[ocicat:ro] [6/374] Generating include/generated/zephyr/driver-validation.h
[riven:rw] [264/407] Building C object zephyr/lib/posix/c_lib_ext/CMakeFiles/lib__posix__c_lib_ext.dir/fnmatch.c.obj
[rex:rw] [302/437] Building C object zephyr/drivers/espi/CMakeFiles/drivers__espi.dir/host_subs_npcx.c.obj
[rex:ro] [330/437] Linking C static library zephyr/drivers/sensor/nuvoton/nuvoton_tach_npcx/libdrivers__sensor__nuvoton__nuvoton_tach_npcx.a
[hylia:ro] [260/366] Building C object zephyr/drivers/pinctrl/CMakeFiles/drivers__pinctrl.dir/pinctrl_ite_it8xxx2.c.obj
[hylia:ro] [261/366] Linking C static library zephyr/drivers/pinctrl/libdrivers__pinctrl.a
[hylia:ro] [262/366] Building C object zephyr/drivers/i2c/CMakeFiles/drivers__i2c.dir/i2c_ite_enhance.c.obj
[riven:rw] [265/407] Building C object zephyr/subsys/crc/CMakeFiles/subsys__crc.dir/crc4_sw.c.obj
[hylia:ro] [263/366] Linking C static library zephyr/drivers/i2c/libdrivers__i2c.a
[rex:rw] [303/437] Building C object zephyr/drivers/espi/CMakeFiles/drivers__espi.dir/espi_npcx.c.obj
[ocicat:ro] [7/374] Generating include/generated/zephyr/kobj-types-enum.h, include/generated/zephyr/otype-to-str.h, include/generated/zephyr/otype-to-size.h
[hylia:ro] [264/366] Building C object zephyr/drivers/sensor/CMakeFiles/drivers__sensor.dir/mnt/host/source/src/third_party/zephyr/main/misc/empty_file.c.obj
[ocicat:ro] [8/374] Generating include/generated/device-api-sections.ld, include/generated/device-api-sections.cmake
[rex:rw] [304/437] Linking C static library zephyr/drivers/espi/libdrivers__espi.a
[riven:rw] [266/407] Building C object zephyr/subsys/crc/CMakeFiles/subsys__crc.dir/crc8_sw.c.obj
[hylia:ro] [265/366] Linking C static library zephyr/drivers/sensor/libdrivers__sensor.a
[rex:ro] [331/437] Building C object zephyr/drivers/serial/CMakeFiles/drivers__serial.dir/uart_npcx.c.obj
[hylia:ro] [266/366] Building C object zephyr/drivers/pwm/CMakeFiles/drivers__pwm.dir/pwm_shell.c.obj
[rex:ro] [332/437] Linking C static library zephyr/drivers/serial/libdrivers__serial.a
[riven:rw] [267/407] Building C object zephyr/subsys/crc/CMakeFiles/subsys__crc.dir/crc16_sw.c.obj
[rex:rw] [305/437] Building C object zephyr/drivers/flash/CMakeFiles/drivers__flash.dir/jesd216.c.obj
[riven:rw] [268/407] Building C object zephyr/lib/libc/common/CMakeFiles/lib__libc__common.dir/source/stdlib/malloc.c.obj
[rex:ro] [333/437] Building C object zephyr/drivers/syscon/CMakeFiles/drivers__syscon.dir/syscon.c.obj
[hylia:ro] [267/366] Building C object zephyr/drivers/pwm/CMakeFiles/drivers__pwm.dir/pwm_ite_it8xxx2.c.obj
[riven:rw] [269/407] Linking C static library zephyr/lib/libc/common/liblib__libc__common.a
[rex:ro] [334/437] Linking C static library zephyr/drivers/syscon/libdrivers__syscon.a
[hylia:ro] [268/366] Linking C static library zephyr/drivers/pwm/libdrivers__pwm.a
[riven:rw] [270/407] Building C object zephyr/subsys/crc/CMakeFiles/subsys__crc.dir/crc7_sw.c.obj
[rex:ro] [335/437] Building C object zephyr/drivers/timer/CMakeFiles/drivers__timer.dir/sys_clock_init.c.obj
[hylia:ro] [269/366] Building C object zephyr/drivers/syscon/CMakeFiles/drivers__syscon.dir/mnt/host/source/src/third_party/zephyr/main/misc/empty_file.c.obj
[riven:rw] [271/407] Building C object zephyr/lib/posix/c_lib_ext/CMakeFiles/lib__posix__c_lib_ext.dir/getopt_shim.c.obj
[hylia:ro] [270/366] Linking C static library zephyr/drivers/syscon/libdrivers__syscon.a
[riven:rw] [272/407] Building C object zephyr/subsys/crc/CMakeFiles/subsys__crc.dir/crc24_sw.c.obj
[riven:rw] [273/407] Building C object zephyr/lib/posix/c_lib_ext/CMakeFiles/lib__posix__c_lib_ext.dir/getentropy.c.obj
[riven:rw] [274/407] Building C object zephyr/subsys/crc/CMakeFiles/subsys__crc.dir/crc32c_sw.c.obj
[riven:rw] [275/407] Building C object zephyr/subsys/crc/CMakeFiles/subsys__crc.dir/crc32_sw.c.obj
[riven:rw] [276/407] Building C object zephyr/subsys/crc/CMakeFiles/subsys__crc.dir/crc32k_4_2_sw.c.obj
[ocicat:ro] [9/374] Building C object zephyr/CMakeFiles/offsets.dir/arch/riscv/core/offsets/offsets.c.obj
[riven:rw] [277/407] Linking C static library zephyr/lib/posix/c_lib_ext/liblib__posix__c_lib_ext.a
[rex:rw] [306/437] Building C object zephyr/drivers/flash/CMakeFiles/drivers__flash.dir/flash_npcx_fiu_nor.c.obj
[rex:ro] [336/437] Building C object zephyr/drivers/timer/CMakeFiles/drivers__timer.dir/npcx_itim_timer.c.obj
[riven:rw] [278/407] Linking C static library zephyr/subsys/crc/libsubsys__crc.a
[rex:ro] [337/437] Linking C static library zephyr/drivers/timer/libdrivers__timer.a
[hylia:ro] [271/366] Building C object zephyr/drivers/serial/CMakeFiles/drivers__serial.dir/uart_ite_it8xxx2.c.obj
[ocicat:ro] [10/374] Generating include/generated/zephyr/offsets.h
[hylia:ro] [272/366] Building C object zephyr/drivers/sensor/ite/ite_tach_it8xxx2/CMakeFiles/drivers__sensor__ite__ite_tach_it8xxx2.dir/tach_ite_it8xxx2.c.obj
[hylia:ro] [273/366] Linking C static library zephyr/drivers/sensor/ite/ite_tach_it8xxx2/libdrivers__sensor__ite__ite_tach_it8xxx2.a
[rex:rw] [307/437] Building C object zephyr/drivers/flash/CMakeFiles/drivers__flash.dir/flash_npcx_fiu_qspi.c.obj
[hylia:ro] [274/366] Building C object zephyr/drivers/serial/CMakeFiles/drivers__serial.dir/uart_ns16550.c.obj
[rex:rw] [308/437] Building C object zephyr/drivers/gpio/CMakeFiles/drivers__gpio.dir/gpio_nct38xx.c.obj
[rex:rw] [309/437] Linking C static library zephyr/drivers/flash/libdrivers__flash.a
[hylia:ro] [275/366] Linking C static library zephyr/drivers/serial/libdrivers__serial.a
[rex:ro] [338/437] Building C object zephyr/drivers/watchdog/CMakeFiles/drivers__watchdog.dir/wdt_npcx.c.obj
[hylia:ro] [276/366] Building C object zephyr/drivers/timer/CMakeFiles/drivers__timer.dir/sys_clock_init.c.obj
[rex:ro] [339/437] Building C object zephyr/drivers/watchdog/CMakeFiles/drivers__watchdog.dir/wdt_shell.c.obj
[riven:rw] [279/407] Building C object zephyr/drivers/adc/CMakeFiles/drivers__adc.dir/adc_common.c.obj
[rex:ro] [340/437] Linking C static library zephyr/drivers/watchdog/libdrivers__watchdog.a
[ocicat:ro] [11/374] Building C object zephyr/CMakeFiles/zephyr.dir/lib/libc/validate_libc.c.obj
[riven:rw] [280/407] Building C object zephyr/drivers/bbram/CMakeFiles/drivers__bbram.dir/bbram_npcx.c.obj
[riven:rw] [281/407] Building C object zephyr/drivers/interrupt_controller/CMakeFiles/drivers__interrupt_controller.dir/intc_miwu.c.obj
[riven:rw] [282/407] Linking C static library zephyr/drivers/bbram/libdrivers__bbram.a
[riven:rw] [283/407] Linking C static library zephyr/drivers/interrupt_controller/libdrivers__interrupt_controller.a
[rex:ro] [341/437] Building C object modules/ec/zephyr/CMakeFiles/ec_shim.dir/app/ec/ec_app_main.c.obj
[hylia:ro] [277/366] Building C object zephyr/drivers/watchdog/CMakeFiles/drivers__watchdog.dir/wdt_ite_it8xxx2.c.obj
[rex:rw] [310/437] Building C object zephyr/drivers/gpio/CMakeFiles/drivers__gpio.dir/gpio_nct38xx_port.c.obj
[riven:rw] [284/407] Building C object zephyr/drivers/adc/CMakeFiles/drivers__adc.dir/adc_npcx.c.obj
[hylia:ro] [278/366] Building C object zephyr/drivers/timer/CMakeFiles/drivers__timer.dir/ite_it8xxx2_timer.c.obj
[riven:rw] [285/407] Linking C static library zephyr/drivers/adc/libdrivers__adc.a
[hylia:ro] [279/366] Linking C static library zephyr/drivers/timer/libdrivers__timer.a
[rex:ro] [342/437] Building C object modules/ec/zephyr/CMakeFiles/ec_shim.dir/app/ec/main_shim.c.obj
[hylia:ro] [280/366] Building C object zephyr/drivers/watchdog/CMakeFiles/drivers__watchdog.dir/wdt_shell.c.obj
[rex:rw] [311/437] Building C object zephyr/drivers/i2c/CMakeFiles/drivers__i2c.dir/i2c_common.c.obj
[hylia:ro] [281/366] Linking C static library zephyr/drivers/watchdog/libdrivers__watchdog.a
[riven:rw] [286/407] Building C object zephyr/drivers/clock_control/CMakeFiles/drivers__clock_control.dir/clock_control_npcx.c.obj
[riven:rw] [287/407] Linking C static library zephyr/drivers/clock_control/libdrivers__clock_control.a
[ocicat:ro] [12/374] Building C object zephyr/CMakeFiles/zephyr.dir/lib/heap/heap.c.obj
[rex:rw] [312/437] Building C object zephyr/drivers/gpio/CMakeFiles/drivers__gpio.dir/gpio_npcx.c.obj
[hylia:ro] [282/366] Building C object modules/ec/zephyr/CMakeFiles/ec_shim.dir/app/ec/ec_app_main.c.obj
[rex:ro] [343/437] Building C object modules/ec/zephyr/CMakeFiles/ec_shim.dir/drivers/cros_flash/cros_flash_npcx.c.obj
[rex:ro] [344/437] Building C object modules/ec/zephyr/CMakeFiles/ec_shim.dir/drivers/cros_kb_raw/cros_kb_raw_npcx.c.obj
[riven:rw] [288/407] Building C object zephyr/drivers/console/CMakeFiles/drivers__console.dir/uart_console.c.obj
[rex:rw] [313/437] Linking C static library zephyr/drivers/gpio/libdrivers__gpio.a
[hylia:ro] [283/366] Building C object modules/ec/zephyr/CMakeFiles/ec_shim.dir/app/ec/main_shim.c.obj
[riven:rw] [289/407] Linking C static library zephyr/drivers/console/libdrivers__console.a
[rex:ro] [345/437] Building C object modules/ec/zephyr/CMakeFiles/ec_shim.dir/drivers/cros_kblight/pwm_kblight.c.obj
[riven:rw] [290/407] Building C object zephyr/drivers/eeprom/CMakeFiles/drivers__eeprom.dir/eeprom_at2x.c.obj
[riven:rw] [291/407] Building C object zephyr/drivers/espi/CMakeFiles/drivers__espi.dir/espi_npcx.c.obj
[rex:rw] [314/437] Building C object zephyr/drivers/i2c/CMakeFiles/drivers__i2c.dir/i2c_shell.c.obj
[hylia:ro] [284/366] Building C object modules/ec/zephyr/CMakeFiles/ec_shim.dir/drivers/cros_flash/cros_flash_it8xxx2.c.obj
[riven:rw] [292/407] Linking C static library zephyr/drivers/eeprom/libdrivers__eeprom.a
[rex:ro] [346/437] Building C object modules/ec/zephyr/CMakeFiles/ec_shim.dir/drivers/cros_system/cros_system_npcx.c.obj
[hylia:ro] [285/366] Building C object modules/ec/zephyr/CMakeFiles/ec_shim.dir/drivers/cros_kb_raw/cros_kb_raw_ite.c.obj
[ocicat:ro] [13/374] Building C object zephyr/CMakeFiles/zephyr.dir/lib/os/cbprintf_packaged.c.obj
[rex:rw] [315/437] Building C object zephyr/drivers/i2c/CMakeFiles/drivers__i2c.dir/i2c_npcx_controller.c.obj
[riven:rw] [293/407] Building C object zephyr/drivers/espi/CMakeFiles/drivers__espi.dir/host_subs_npcx.c.obj
[hylia:ro] [286/366] Building C object modules/ec/zephyr/CMakeFiles/ec_shim.dir/drivers/cros_kblight/pwm_kblight.c.obj
[riven:rw] [294/407] Building C object zephyr/drivers/flash/CMakeFiles/drivers__flash.dir/jesd216.c.obj
[riven:rw] [295/407] Linking C static library zephyr/drivers/espi/libdrivers__espi.a
[rex:ro] [347/437] Building C object modules/ec/zephyr/CMakeFiles/ec_shim.dir/shim/chip/npcx/clock.c.obj
[hylia:ro] [287/366] Building C object modules/ec/zephyr/CMakeFiles/ec_shim.dir/drivers/cros_system/cros_system_it8xxx2.c.obj
[rex:ro] [348/437] Building C object modules/ec/zephyr/CMakeFiles/ec_shim.dir/drivers/vivaldi_kbd/vivaldi_kbd.c.obj
[rex:rw] [316/437] Building C object zephyr/drivers/i2c/CMakeFiles/drivers__i2c.dir/i2c_npcx_controller_fifo.c.obj
[riven:rw] [296/407] Building C object zephyr/drivers/flash/CMakeFiles/drivers__flash.dir/flash_npcx_fiu_nor.c.obj
[rex:ro] [349/437] Building C object modules/ec/zephyr/CMakeFiles/ec_shim.dir/shim/chip/npcx/gpio.c.obj
[riven:rw] [297/407] Building C object zephyr/drivers/flash/CMakeFiles/drivers__flash.dir/flash_npcx_fiu_qspi.c.obj
[rex:rw] [317/437] Building C object zephyr/drivers/i2c/CMakeFiles/drivers__i2c.dir/i2c_npcx_port.c.obj
[hylia:ro] [288/366] Building C object modules/ec/zephyr/CMakeFiles/ec_shim.dir/drivers/usbc/ucsi_v3.c.obj
[riven:rw] [298/407] Linking C static library zephyr/drivers/flash/libdrivers__flash.a
[rex:rw] [318/437] Linking C static library zephyr/drivers/i2c/libdrivers__i2c.a
[rex:ro] [350/437] Building C object modules/ec/zephyr/CMakeFiles/ec_shim.dir/shim/chip/npcx/rom_chip.c.obj
[ocicat:ro] [14/374] Building C object zephyr/CMakeFiles/zephyr.dir/lib/os/clock.c.obj
[rex:rw] [319/437] Building C object zephyr/drivers/mfd/CMakeFiles/drivers__mfd.dir/mfd_nct38xx.c.obj
[rex:rw] [320/437] Linking C static library zephyr/drivers/mfd/libdrivers__mfd.a
[hylia:ro] [289/366] Building C object modules/ec/zephyr/CMakeFiles/ec_shim.dir/shim/chip/it8xxx2/clock.c.obj
[riven:rw] [299/407] Building C object zephyr/drivers/i2c/CMakeFiles/drivers__i2c.dir/i2c_common.c.obj
[rex:rw] [321/437] Building C object zephyr/drivers/pinctrl/CMakeFiles/drivers__pinctrl.dir/common.c.obj
[rex:ro] [351/437] Building C object modules/ec/zephyr/CMakeFiles/ec_shim.dir/shim/chip/npcx/keyboard_raw.c.obj
[riven:rw] [300/407] Building C object zephyr/drivers/gpio/CMakeFiles/drivers__gpio.dir/gpio_npcx.c.obj
[riven:rw] [301/407] Building C object zephyr/drivers/i2c/CMakeFiles/drivers__i2c.dir/i2c_shell.c.obj
[hylia:ro] [290/366] Building C object modules/ec/zephyr/CMakeFiles/ec_shim.dir/drivers/usbc/pdc_rts54xx.c.obj
[riven:rw] [302/407] Linking C static library zephyr/drivers/gpio/libdrivers__gpio.a
[rex:ro] [352/437] Building C object modules/ec/zephyr/CMakeFiles/ec_shim.dir/shim/chip/npcx/system.c.obj
[hylia:ro] [291/366] Building C object modules/ec/zephyr/CMakeFiles/ec_shim.dir/shim/chip/it8xxx2/gpio.c.obj
[rex:rw] [322/437] Building C object zephyr/drivers/pinctrl/CMakeFiles/drivers__pinctrl.dir/pinctrl_npcx.c.obj
[hylia:ro] [292/366] Building C object modules/ec/zephyr/CMakeFiles/ec_shim.dir/shim/chip/it8xxx2/system.c.obj
[ocicat:ro] [15/374] Building C object zephyr/CMakeFiles/zephyr.dir/lib/os/printk.c.obj
[rex:ro] [353/437] Building C object modules/ec/zephyr/CMakeFiles/ec_shim.dir/shim/chip/npcx/system_external_storage.c.obj
[rex:rw] [323/437] Linking C static library zephyr/drivers/pinctrl/libdrivers__pinctrl.a
[riven:rw] [303/407] Building C object zephyr/drivers/i2c/CMakeFiles/drivers__i2c.dir/i2c_npcx_controller.c.obj
[rex:ro] [354/437] Building C object modules/ec/zephyr/CMakeFiles/ec_shim.dir/shim/chip/npcx/power_policy.c.obj
[rex:rw] [324/437] Building C object zephyr/drivers/sensor/CMakeFiles/drivers__sensor.dir/mnt/host/source/src/third_party/zephyr/main/misc/empty_file.c.obj
[rex:rw] [325/437] Linking C static library zephyr/drivers/sensor/libdrivers__sensor.a
[hylia:ro] [293/366] Building C object modules/ec/zephyr/CMakeFiles/ec_shim.dir/shim/chip/it8xxx2/keyboard_raw.c.obj
[riven:rw] [304/407] Building C object zephyr/drivers/pinctrl/CMakeFiles/drivers__pinctrl.dir/common.c.obj
[rex:rw] [326/437] Building C object zephyr/drivers/pwm/CMakeFiles/drivers__pwm.dir/pwm_shell.c.obj
[rex:ro] [355/437] Building C object modules/ec/zephyr/CMakeFiles/ec_shim.dir/shim/src/crc.c.obj
[rex:rw] [327/437] Building C object zephyr/drivers/pwm/CMakeFiles/drivers__pwm.dir/pwm_npcx.c.obj
[riven:rw] [305/407] Building C object zephyr/drivers/i2c/CMakeFiles/drivers__i2c.dir/i2c_npcx_controller_fifo.c.obj
[rex:rw] [328/437] Linking C static library zephyr/drivers/pwm/libdrivers__pwm.a
[hylia:ro] [294/366] Building C object modules/ec/zephyr/CMakeFiles/ec_shim.dir/shim/src/crc.c.obj
[riven:rw] [306/407] Building C object zephyr/drivers/i2c/CMakeFiles/drivers__i2c.dir/i2c_npcx_port.c.obj
[hylia:ro] [295/366] Building C object modules/ec/zephyr/CMakeFiles/ec_shim.dir/shim/chip/it8xxx2/power_policy.c.obj
[rex:ro] [356/437] Building C object modules/ec/zephyr/CMakeFiles/ec_shim.dir/shim/core/cortex-m/mpu.c.obj
[rex:ro] [357/437] Building C object modules/ec/zephyr/CMakeFiles/ec_shim.dir/shim/core/cortex-m/panic.c.obj
[riven:rw] [307/407] Linking C static library zephyr/drivers/i2c/libdrivers__i2c.a
[hylia:ro] [296/366] Building C object modules/ec/zephyr/CMakeFiles/ec_shim.dir/shim/chip/it8xxx2/shi.c.obj
[ocicat:ro] [16/374] Building C object zephyr/CMakeFiles/zephyr.dir/lib/os/sem.c.obj
[riven:rw] [308/407] Building C object zephyr/drivers/pinctrl/CMakeFiles/drivers__pinctrl.dir/pinctrl_npcx.c.obj
[hylia:ro] [297/366] Building C object modules/ec/zephyr/CMakeFiles/ec_shim.dir/shim/src/console.c.obj
[riven:rw] [309/407] Linking C static library zephyr/drivers/pinctrl/libdrivers__pinctrl.a
[rex:ro] [358/437] Building C object modules/ec/zephyr/CMakeFiles/ec_shim.dir/shim/src/console.c.obj
[riven:rw] [310/407] Building C object zephyr/drivers/pwm/CMakeFiles/drivers__pwm.dir/pwm_npcx.c.obj
[riven:rw] [311/407] Linking C static library zephyr/drivers/pwm/libdrivers__pwm.a
[rex:rw] [329/437] Building C object zephyr/drivers/syscon/CMakeFiles/drivers__syscon.dir/syscon.c.obj
[rex:rw] [330/437] Linking C static library zephyr/drivers/syscon/libdrivers__syscon.a
[rex:rw] [331/437] Building C object zephyr/drivers/sensor/nuvoton/nuvoton_tach_npcx/CMakeFiles/drivers__sensor__nuvoton__nuvoton_tach_npcx.dir/tach_nuvoton_npcx.c.obj
[rex:rw] [332/437] Building C object zephyr/drivers/serial/CMakeFiles/drivers__serial.dir/uart_npcx.c.obj
[rex:rw] [333/437] Linking C static library zephyr/drivers/serial/libdrivers__serial.a
[ocicat:ro] [17/374] Building C object zephyr/CMakeFiles/zephyr.dir/lib/os/thread_entry.c.obj
[riven:rw] [312/407] Building C object zephyr/drivers/sensor/nuvoton/nuvoton_adc_cmp_npcx/CMakeFiles/drivers__sensor__nuvoton__nuvoton_adc_cmp_npcx.dir/adc_cmp_npcx.c.obj
[rex:rw] [334/437] Linking C static library zephyr/drivers/sensor/nuvoton/nuvoton_tach_npcx/libdrivers__sensor__nuvoton__nuvoton_tach_npcx.a
[hylia:ro] [298/366] Building C object modules/ec/zephyr/CMakeFiles/ec_shim.dir/shim/src/gpio.c.obj
[hylia:ro] [299/366] Building C object modules/ec/zephyr/CMakeFiles/ec_shim.dir/shim/src/panic_utils.c.obj
[rex:ro] [359/437] Building C object modules/ec/zephyr/CMakeFiles/ec_shim.dir/shim/src/gpio.c.obj
[riven:rw] [313/407] Building C object zephyr/drivers/serial/CMakeFiles/drivers__serial.dir/uart_npcx.c.obj
[riven:rw] [314/407] Linking C static library zephyr/drivers/sensor/nuvoton/nuvoton_adc_cmp_npcx/libdrivers__sensor__nuvoton__nuvoton_adc_cmp_npcx.a
[hylia:ro] [300/366] Building C object modules/ec/zephyr/CMakeFiles/ec_shim.dir/shim/src/gpio_int.c.obj
[rex:ro] [360/437] Building C object modules/ec/zephyr/CMakeFiles/ec_shim.dir/shim/src/panic_utils.c.obj
[riven:rw] [315/407] Linking C static library zephyr/drivers/serial/libdrivers__serial.a
[riven:rw] [316/407] Building C object zephyr/drivers/syscon/CMakeFiles/drivers__syscon.dir/syscon.c.obj
[rex:ro] [361/437] Building C object modules/ec/zephyr/CMakeFiles/ec_shim.dir/shim/src/gpio_int.c.obj
[riven:rw] [317/407] Linking C static library zephyr/drivers/syscon/libdrivers__syscon.a
[hylia:ro] [301/366] Building C object modules/ec/zephyr/CMakeFiles/ec_shim.dir/shim/src/pm_state.c.obj
[riven:rw] [318/407] Building C object zephyr/drivers/timer/CMakeFiles/drivers__timer.dir/sys_clock_init.c.obj
[ocicat:ro] [18/374] Building C object zephyr/CMakeFiles/zephyr.dir/lib/os/cbprintf_nano.c.obj
[rex:ro] [362/437] Building C object modules/ec/zephyr/CMakeFiles/ec_shim.dir/shim/src/pm_state.c.obj
[rex:rw] [335/437] Building C object zephyr/drivers/timer/CMakeFiles/drivers__timer.dir/sys_clock_init.c.obj
[rex:rw] [336/437] Building C object zephyr/drivers/timer/CMakeFiles/drivers__timer.dir/npcx_itim_timer.c.obj
[hylia:ro] [302/366] Building C object modules/ec/zephyr/CMakeFiles/ec_shim.dir/shim/src/cbi/cros_cbi_fw_config.c.obj
[rex:ro] [363/437] Building C object modules/ec/zephyr/CMakeFiles/ec_shim.dir/shim/src/cbi/cros_cbi.c.obj
[rex:rw] [337/437] Building C object zephyr/drivers/watchdog/CMakeFiles/drivers__watchdog.dir/wdt_npcx.c.obj
[rex:rw] [338/437] Linking C static library zephyr/drivers/timer/libdrivers__timer.a
[riven:rw] [319/407] Building C object zephyr/drivers/watchdog/CMakeFiles/drivers__watchdog.dir/wdt_npcx.c.obj
[hylia:ro] [303/366] Building C object modules/ec/zephyr/CMakeFiles/ec_shim.dir/shim/src/cbi/cbi_flash.c.obj
[hylia:ro] [304/366] Building C object modules/ec/zephyr/CMakeFiles/ec_shim.dir/shim/src/cbi/cros_cbi.c.obj
[riven:rw] [320/407] Building C object zephyr/drivers/timer/CMakeFiles/drivers__timer.dir/npcx_itim_timer.c.obj
[riven:rw] [321/407] Linking C static library zephyr/drivers/watchdog/libdrivers__watchdog.a
[ocicat:ro] [19/374] Building C object zephyr/CMakeFiles/zephyr.dir/lib/os/cbprintf.c.obj
[riven:rw] [322/407] Linking C static library zephyr/drivers/timer/libdrivers__timer.a
[rex:ro] [364/437] Building C object modules/ec/zephyr/CMakeFiles/ec_shim.dir/shim/src/cbi/cros_cbi_fw_config.c.obj
[hylia:ro] [305/366] Building C object modules/ec/zephyr/CMakeFiles/ec_shim.dir/shim/src/led_driver/led.c.obj
[riven:rw] [323/407] Building C object modules/ec/zephyr/CMakeFiles/ec_shim.dir/app/ec/main_shim.c.obj
[rex:ro] [365/437] Building C object modules/ec/zephyr/CMakeFiles/ec_shim.dir/shim/src/cbi/cbi_transfer.c.obj
[riven:rw] [324/407] Building C object modules/ec/zephyr/CMakeFiles/ec_shim.dir/app/ec/ec_app_main.c.obj
[rex:rw] [339/437] Building C object zephyr/drivers/watchdog/CMakeFiles/drivers__watchdog.dir/wdt_shell.c.obj
[rex:rw] [340/437] Linking C static library zephyr/drivers/watchdog/libdrivers__watchdog.a
[rex:ro] [366/437] Building C object modules/ec/zephyr/CMakeFiles/ec_shim.dir/shim/src/cbi/cbi_eeprom.c.obj
[ocicat:ro] [20/374] Building C object zephyr/CMakeFiles/zephyr.dir/lib/os/assert.c.obj
[hylia:ro] [306/366] Building C object modules/ec/zephyr/CMakeFiles/ec_shim.dir/shim/src/led_driver/led_gpio.c.obj
[rex:ro] [367/437] Building C object modules/ec/zephyr/CMakeFiles/ec_shim.dir/shim/src/cbi/cbi_flash.c.obj
[rex:rw] [341/437] Building C object modules/ec/zephyr/CMakeFiles/ec_shim.dir/app/ec/main_shim.c.obj
[ocicat:ro] [21/374] Building C object zephyr/CMakeFiles/zephyr.dir/lib/utils/base64.c.obj
[rex:rw] [342/437] Building C object modules/ec/zephyr/CMakeFiles/ec_shim.dir/app/ec/ec_app_main.c.obj
[hylia:ro] [307/366] Building C object modules/ec/zephyr/CMakeFiles/ec_shim.dir/shim/src/pdc_shim.c.obj
[hylia:ro] [308/366] Building C object modules/ec/zephyr/CMakeFiles/ec_shim.dir/shim/src/system.c.obj
[riven:rw] [325/407] Building C object modules/ec/zephyr/CMakeFiles/ec_shim.dir/drivers/cros_kb_raw/cros_kb_raw_npcx.c.obj
[riven:rw] [326/407] Building C object modules/ec/zephyr/CMakeFiles/ec_shim.dir/drivers/cros_flash/cros_flash_npcx.c.obj
[rex:ro] [368/437] Building ASM object modules/ec/zephyr/CMakeFiles/ec_shim.dir/shim/src/libgcc_arm.S.obj
[riven:rw] [327/407] Building C object modules/ec/zephyr/CMakeFiles/ec_shim.dir/drivers/cros_system/cros_system_npcx.c.obj
[hylia:ro] [309/366] Building C object modules/ec/zephyr/CMakeFiles/ec_shim.dir/shim/src/adc.c.obj
[ocicat:ro] [22/374] Building C object zephyr/CMakeFiles/zephyr.dir/lib/utils/dec.c.obj
[rex:ro] [369/437] Building C object modules/ec/zephyr/CMakeFiles/ec_shim.dir/shim/src/led_driver/led.c.obj
[rex:ro] [370/437] Building C object modules/ec/zephyr/CMakeFiles/ec_shim.dir/shim/src/led_driver/led_gpio.c.obj
[riven:rw] [328/407] Building C object modules/ec/zephyr/CMakeFiles/ec_shim.dir/drivers/vivaldi_kbd/vivaldi_kbd.c.obj
[ocicat:ro] [23/374] Building C object zephyr/CMakeFiles/zephyr.dir/lib/utils/hex.c.obj
[rex:rw] [343/437] Building C object modules/ec/zephyr/CMakeFiles/ec_shim.dir/drivers/cros_flash/cros_flash_npcx.c.obj
[hylia:ro] [310/366] Building C object modules/ec/zephyr/CMakeFiles/ec_shim.dir/shim/src/battery.c.obj
[rex:ro] [371/437] Building C object modules/ec/zephyr/CMakeFiles/ec_shim.dir/shim/src/system.c.obj
[riven:rw] [329/407] Building C object modules/ec/zephyr/CMakeFiles/ec_shim.dir/shim/chip/npcx/clock.c.obj
[riven:rw] [330/407] Building C object modules/ec/zephyr/CMakeFiles/ec_shim.dir/shim/chip/npcx/rom_chip.c.obj
[hylia:ro] [311/366] Building C object modules/ec/zephyr/CMakeFiles/ec_shim.dir/shim/src/charger.c.obj
[rex:rw] [344/437] Building C object modules/ec/zephyr/CMakeFiles/ec_shim.dir/drivers/cros_kblight/pwm_kblight.c.obj
[rex:rw] [345/437] Building C object modules/ec/zephyr/CMakeFiles/ec_shim.dir/drivers/cros_kb_raw/cros_kb_raw_npcx.c.obj
[hylia:ro] [312/366] Building C object modules/ec/zephyr/CMakeFiles/ec_shim.dir/shim/src/flash.c.obj
[hylia:ro] [313/366] Building C object modules/ec/zephyr/CMakeFiles/ec_shim.dir/shim/src/fan.c.obj
[riven:rw] [331/407] Building C object modules/ec/zephyr/CMakeFiles/ec_shim.dir/shim/chip/npcx/keyboard_raw.c.obj
[rex:ro] [372/437] Building C object modules/ec/zephyr/CMakeFiles/ec_shim.dir/shim/src/adc.c.obj
[ocicat:ro] [24/374] Building C object zephyr/CMakeFiles/zephyr.dir/lib/utils/rb.c.obj
[rex:ro] [373/437] Building C object modules/ec/zephyr/CMakeFiles/ec_shim.dir/shim/src/battery.c.obj
[rex:ro] [374/437] Building C object modules/ec/zephyr/CMakeFiles/ec_shim.dir/shim/src/anx7452_usb_mux.c.obj
[riven:rw] [332/407] Building C object modules/ec/zephyr/CMakeFiles/ec_shim.dir/shim/chip/npcx/gpio.c.obj
[hylia:ro] [314/366] Building C object modules/ec/zephyr/CMakeFiles/ec_shim.dir/shim/src/hooks.c.obj
[riven:rw] [333/407] Building C object modules/ec/zephyr/CMakeFiles/ec_shim.dir/shim/chip/npcx/system.c.obj
[ocicat:ro] [25/374] Building C object zephyr/CMakeFiles/zephyr.dir/lib/utils/timeutil.c.obj
[riven:rw] [334/407] Building C object modules/ec/zephyr/CMakeFiles/ec_shim.dir/shim/chip/npcx/system_external_storage.c.obj
[rex:ro] [375/437] Building C object modules/ec/zephyr/CMakeFiles/ec_shim.dir/shim/src/charger.c.obj
[hylia:ro] [315/366] Building C object modules/ec/zephyr/CMakeFiles/ec_shim.dir/shim/src/host_command.c.obj
[rex:rw] [346/437] Building C object modules/ec/zephyr/CMakeFiles/ec_shim.dir/drivers/cros_system/cros_system_npcx.c.obj
[rex:rw] [347/437] Building C object modules/ec/zephyr/CMakeFiles/ec_shim.dir/drivers/vivaldi_kbd/vivaldi_kbd.c.obj
[rex:rw] [348/437] Building C object modules/ec/zephyr/CMakeFiles/ec_shim.dir/shim/chip/npcx/clock.c.obj
[riven:rw] [335/407] Building C object modules/ec/zephyr/CMakeFiles/ec_shim.dir/shim/chip/npcx/system_download_from_flash.c.obj
[hylia:ro] [316/366] Building C object modules/ec/zephyr/CMakeFiles/ec_shim.dir/shim/src/keyboard_raw.c.obj
[hylia:ro] [317/366] Building C object modules/ec/zephyr/CMakeFiles/ec_shim.dir/shim/src/console_buffer.c.obj
[rex:ro] [376/437] Building C object modules/ec/zephyr/CMakeFiles/ec_shim.dir/shim/src/chipset_api.c.obj
[hylia:ro] [318/366] Building C object modules/ec/zephyr/CMakeFiles/ec_shim.dir/shim/src/keyscan.c.obj
[riven:rw] [336/407] Building C object modules/ec/zephyr/CMakeFiles/ec_shim.dir/shim/chip/npcx/power_policy.c.obj
[riven:rw] [337/407] Building C object modules/ec/zephyr/CMakeFiles/ec_shim.dir/shim/src/crc.c.obj
[rex:ro] [377/437] Building C object modules/ec/zephyr/CMakeFiles/ec_shim.dir/shim/src/espi.c.obj
[hylia:ro] [319/366] Building C object modules/ec/zephyr/CMakeFiles/ec_shim.dir/shim/src/mkbp_event.c.obj
[rex:ro] [378/437] Building C object modules/ec/zephyr/CMakeFiles/ec_shim.dir/shim/src/fan.c.obj
[ocicat:ro] [26/374] Building C object zephyr/CMakeFiles/zephyr.dir/lib/utils/bitarray.c.obj
[riven:rw] [338/407] Building C object modules/ec/zephyr/CMakeFiles/ec_shim.dir/shim/core/cortex-m/mpu.c.obj
[riven:rw] [339/407] Building C object modules/ec/zephyr/CMakeFiles/ec_shim.dir/shim/core/cortex-m/panic.c.obj
[rex:ro] [379/437] Building C object modules/ec/zephyr/CMakeFiles/ec_shim.dir/shim/src/flash.c.obj
[hylia:ro] [320/366] Building C object modules/ec/zephyr/CMakeFiles/ec_shim.dir/shim/src/panic.c.obj
[ocicat:ro] [27/374] Building C object zephyr/CMakeFiles/zephyr.dir/lib/utils/bitmask.c.obj
[rex:rw] [349/437] Building C object modules/ec/zephyr/CMakeFiles/ec_shim.dir/shim/chip/npcx/gpio.c.obj
[rex:rw] [350/437] Building C object modules/ec/zephyr/CMakeFiles/ec_shim.dir/shim/chip/npcx/rom_chip.c.obj
[riven:rw] [340/407] Building C object modules/ec/zephyr/CMakeFiles/ec_shim.dir/shim/src/console.c.obj
[rex:rw] [351/437] Building C object modules/ec/zephyr/CMakeFiles/ec_shim.dir/shim/chip/npcx/keyboard_raw.c.obj
[hylia:ro] [321/366] Building C object modules/ec/zephyr/CMakeFiles/ec_shim.dir/shim/src/motionsense_sensors.c.obj
[hylia:ro] [322/366] Building C object modules/ec/zephyr/CMakeFiles/ec_shim.dir/shim/src/power.c.obj
[rex:ro] [380/437] Building C object modules/ec/zephyr/CMakeFiles/ec_shim.dir/shim/src/hooks.c.obj
[riven:rw] [341/407] Building C object modules/ec/zephyr/CMakeFiles/ec_shim.dir/shim/src/gpio.c.obj
[hylia:ro] [323/366] Building C object modules/ec/zephyr/CMakeFiles/ec_shim.dir/shim/src/pwm_hc.c.obj
[riven:rw] [342/407] Building C object modules/ec/zephyr/CMakeFiles/ec_shim.dir/shim/src/panic_utils.c.obj
[rex:ro] [381/437] Building C object modules/ec/zephyr/CMakeFiles/ec_shim.dir/shim/src/console_buffer.c.obj
[rex:ro] [382/437] Building C object modules/ec/zephyr/CMakeFiles/ec_shim.dir/shim/src/host_command.c.obj
[riven:rw] [343/407] Building C object modules/ec/zephyr/CMakeFiles/ec_shim.dir/shim/src/gpio_int.c.obj
[ocicat:ro] [28/374] Building C object zephyr/CMakeFiles/zephyr.dir/lib/utils/getopt/getopt.c.obj
[hylia:ro] [324/366] Building C object modules/ec/zephyr/CMakeFiles/ec_shim.dir/shim/src/hwtimer.c.obj
[rex:ro] [383/437] Building C object modules/ec/zephyr/CMakeFiles/ec_shim.dir/shim/src/kb8010_usb_mux.c.obj
[hylia:ro] [325/366] Building C object modules/ec/zephyr/CMakeFiles/ec_shim.dir/shim/src/temp_sensors.c.obj
[hylia:ro] [326/366] Building C object modules/ec/zephyr/CMakeFiles/ec_shim.dir/shim/src/thermal.c.obj
[riven:rw] [344/407] Building C object modules/ec/zephyr/CMakeFiles/ec_shim.dir/shim/src/pm_state.c.obj
[rex:rw] [352/437] Building C object modules/ec/zephyr/CMakeFiles/ec_shim.dir/shim/chip/npcx/system_external_storage.c.obj
[rex:rw] [353/437] Building C object modules/ec/zephyr/CMakeFiles/ec_shim.dir/shim/chip/npcx/system.c.obj
[rex:rw] [354/437] Building C object modules/ec/zephyr/CMakeFiles/ec_shim.dir/shim/chip/npcx/power_policy.c.obj
[rex:ro] [384/437] Building C object modules/ec/zephyr/CMakeFiles/ec_shim.dir/shim/src/keyboard_raw.c.obj
[riven:rw] [345/407] Building C object modules/ec/zephyr/CMakeFiles/ec_shim.dir/shim/src/cbi/cros_cbi.c.obj
[hylia:ro] [327/366] Building C object modules/ec/zephyr/CMakeFiles/ec_shim.dir/shim/src/i2c.c.obj
[riven:rw] [346/407] Building C object modules/ec/zephyr/CMakeFiles/ec_shim.dir/shim/src/cbi/cros_cbi_fw_config.c.obj
[rex:ro] [385/437] Building C object modules/ec/zephyr/CMakeFiles/ec_shim.dir/shim/src/mkbp_event.c.obj
[riven:rw] [347/407] Building C object modules/ec/zephyr/CMakeFiles/ec_shim.dir/shim/src/cbi/cros_cbi_ssfc.c.obj
[riven:rw] [348/407] Building ASM object modules/ec/zephyr/CMakeFiles/ec_shim.dir/shim/src/libgcc_arm.S.obj
[ocicat:ro] [29/374] Building C object zephyr/CMakeFiles/zephyr.dir/lib/utils/getopt/getopt_common.c.obj
[rex:ro] [386/437] Building C object modules/ec/zephyr/CMakeFiles/ec_shim.dir/shim/src/motionsense_sensors.c.obj
[hylia:ro] [328/366] Building C object modules/ec/zephyr/CMakeFiles/ec_shim.dir/shim/src/usba.c.obj
[hylia:ro] [329/366] Building C object modules/ec/zephyr/CMakeFiles/ec_shim.dir/shim/src/tasks.c.obj
[rex:ro] [387/437] Building C object modules/ec/zephyr/CMakeFiles/ec_shim.dir/shim/src/panic.c.obj
[hylia:ro] [330/366] Building C object modules/ec/zephyr/CMakeFiles/ec_shim.dir/shim/src/watchdog.c.obj
[riven:rw] [349/407] Building C object modules/ec/zephyr/CMakeFiles/ec_shim.dir/shim/src/cbi/cbi_eeprom.c.obj
[rex:rw] [355/437] Building C object modules/ec/zephyr/CMakeFiles/ec_shim.dir/shim/core/cortex-m/panic.c.obj
[ocicat:ro] [30/374] Building C object zephyr/CMakeFiles/zephyr.dir/lib/utils/ring_buffer.c.obj
[rex:rw] [356/437] Building C object modules/ec/zephyr/CMakeFiles/ec_shim.dir/shim/core/cortex-m/mpu.c.obj
[ocicat:ro] [31/374] Building C object zephyr/CMakeFiles/zephyr.dir/lib/utils/last_section_id.c.obj
[rex:rw] [357/437] Building C object modules/ec/zephyr/CMakeFiles/ec_shim.dir/shim/src/crc.c.obj
[rex:ro] [388/437] Building C object modules/ec/zephyr/CMakeFiles/ec_shim.dir/shim/src/pwm_hc.c.obj
[hylia:ro] [331/366] Building C object modules/ec/zephyr/CMakeFiles/ec_shim.dir/shim/src/usb_muxes.c.obj
[riven:rw] [350/407] Building C object modules/ec/zephyr/CMakeFiles/ec_shim.dir/shim/src/system.c.obj
[rex:rw] [358/437] Building C object modules/ec/zephyr/CMakeFiles/ec_shim.dir/shim/src/console.c.obj
[rex:ro] [389/437] Building C object modules/ec/zephyr/CMakeFiles/ec_shim.dir/shim/src/thermal.c.obj
[hylia:ro] [332/366] Building C object modules/ec/zephyr/CMakeFiles/ec_shim.dir/shim/src/sha256_hw.c.obj
[riven:rw] [351/407] Building C object modules/ec/zephyr/CMakeFiles/ec_shim.dir/shim/src/battery.c.obj
[hylia:ro] [333/366] Building C object zephyr/kernel/CMakeFiles/kernel.dir/banner.c.obj
[rex:ro] [390/437] Building C object modules/ec/zephyr/CMakeFiles/ec_shim.dir/shim/src/hwtimer.c.obj
[hylia:ro] [334/366] Building C object zephyr/kernel/CMakeFiles/kernel.dir/main_weak.c.obj
[rex:ro] [391/437] Building C object modules/ec/zephyr/CMakeFiles/ec_shim.dir/shim/src/temp_sensors.c.obj
[hylia:ro] [335/366] Linking C static library modules/ec/zephyr/libec_shim.a
[riven:rw] [352/407] Building C object modules/ec/zephyr/CMakeFiles/ec_shim.dir/shim/src/adc.c.obj
[ocicat:ro] [32/374] Building C object zephyr/CMakeFiles/zephyr.dir/misc/generated/configs.c.obj
[riven:rw] [353/407] Building C object modules/ec/zephyr/CMakeFiles/ec_shim.dir/shim/src/charger.c.obj
[hylia:ro] [336/366] Building C object zephyr/kernel/CMakeFiles/kernel.dir/busy_wait.c.obj
[ocicat:ro] [33/374] Building ASM object zephyr/CMakeFiles/zephyr.dir/soc/ite/ec/common/soc_irq.S.obj
[riven:rw] [354/407] Building C object modules/ec/zephyr/CMakeFiles/ec_shim.dir/shim/src/chipset_api.c.obj
[rex:rw] [359/437] Building C object modules/ec/zephyr/CMakeFiles/ec_shim.dir/shim/src/panic_utils.c.obj
[rex:rw] [360/437] Building C object modules/ec/zephyr/CMakeFiles/ec_shim.dir/shim/src/gpio_int.c.obj
[hylia:ro] [337/366] Building C object zephyr/kernel/CMakeFiles/kernel.dir/device.c.obj
[rex:rw] [361/437] Building C object modules/ec/zephyr/CMakeFiles/ec_shim.dir/shim/src/gpio.c.obj
[hylia:ro] [338/366] Building C object zephyr/kernel/CMakeFiles/kernel.dir/errno.c.obj
[rex:ro] [392/437] Building C object modules/ec/zephyr/CMakeFiles/ec_shim.dir/shim/src/i2c.c.obj
[hylia:ro] [339/366] Building C object zephyr/kernel/CMakeFiles/kernel.dir/fatal.c.obj
[rex:ro] [393/437] Building C object modules/ec/zephyr/CMakeFiles/ec_shim.dir/shim/src/tasks.c.obj
[rex:ro] [394/437] Building C object modules/ec/zephyr/CMakeFiles/ec_shim.dir/shim/src/bc12.c.obj
[riven:rw] [355/407] Building C object modules/ec/zephyr/CMakeFiles/ec_shim.dir/shim/src/espi.c.obj
[riven:rw] [356/407] Building C object modules/ec/zephyr/CMakeFiles/ec_shim.dir/shim/src/flash.c.obj
[riven:rw] [357/407] Building C object modules/ec/zephyr/CMakeFiles/ec_shim.dir/shim/src/hooks.c.obj
[ocicat:ro] [34/374] Building C object zephyr/CMakeFiles/zephyr.dir/soc/ite/ec/common/soc_common_irq.c.obj
[hylia:ro] [340/366] Building C object zephyr/kernel/CMakeFiles/kernel.dir/init.c.obj
[rex:ro] [395/437] Building C object modules/ec/zephyr/CMakeFiles/ec_shim.dir/shim/src/watchdog.c.obj
[hylia:ro] [341/366] Building C object zephyr/kernel/CMakeFiles/kernel.dir/version.c.obj
[hylia:ro] [342/366] Building C object zephyr/kernel/CMakeFiles/kernel.dir/kheap.c.obj
[riven:rw] [358/407] Building C object modules/ec/zephyr/CMakeFiles/ec_shim.dir/shim/src/host_command.c.obj
[hylia:ro] [343/366] Building C object zephyr/kernel/CMakeFiles/kernel.dir/mem_slab.c.obj
[hylia:ro] [344/366] Building C object zephyr/kernel/CMakeFiles/kernel.dir/float.c.obj
[rex:rw] [362/437] Building C object modules/ec/zephyr/CMakeFiles/ec_shim.dir/shim/src/cbi/cros_cbi.c.obj
[rex:rw] [363/437] Building C object modules/ec/zephyr/CMakeFiles/ec_shim.dir/shim/src/cbi/cros_cbi_fw_config.c.obj
[rex:rw] [364/437] Building C object modules/ec/zephyr/CMakeFiles/ec_shim.dir/shim/src/pm_state.c.obj
[ocicat:ro] [35/374] Building C object zephyr/CMakeFiles/zephyr.dir/soc/ite/ec/common/power.c.obj
[rex:ro] [396/437] Building C object modules/ec/zephyr/CMakeFiles/ec_shim.dir/shim/src/bc12_pi3usb9201.c.obj
[riven:rw] [359/407] Building C object modules/ec/zephyr/CMakeFiles/ec_shim.dir/shim/src/console_buffer.c.obj
[rex:ro] [397/437] Building C object modules/ec/zephyr/CMakeFiles/ec_shim.dir/shim/src/tcpc_nct38xx.c.obj
[riven:rw] [360/407] Building C object modules/ec/zephyr/CMakeFiles/ec_shim.dir/shim/src/keyboard_raw.c.obj
[rex:ro] [398/437] Building C object modules/ec/zephyr/CMakeFiles/ec_shim.dir/shim/src/ppc.c.obj
[riven:rw] [361/407] Building C object modules/ec/zephyr/CMakeFiles/ec_shim.dir/shim/src/keyscan.c.obj
[hylia:ro] [345/366] Building C object zephyr/kernel/CMakeFiles/kernel.dir/idle.c.obj
[hylia:ro] [346/366] Building C object zephyr/kernel/CMakeFiles/kernel.dir/mailbox.c.obj
[riven:rw] [362/407] Building C object modules/ec/zephyr/CMakeFiles/ec_shim.dir/shim/src/mkbp_event.c.obj
[hylia:ro] [347/366] Building C object zephyr/kernel/CMakeFiles/kernel.dir/msg_q.c.obj
[rex:ro] [399/437] Building C object modules/ec/zephyr/CMakeFiles/ec_shim.dir/shim/src/usba.c.obj
[hylia:ro] [348/366] Building C object zephyr/kernel/CMakeFiles/kernel.dir/mutex.c.obj
[ocicat:ro] [36/374] Building C object zephyr/CMakeFiles/zephyr.dir/soc/ite/ec/common/policy.c.obj
[rex:rw] [365/437] Building C object modules/ec/zephyr/CMakeFiles/ec_shim.dir/shim/src/cbi/cbi_transfer.c.obj
[rex:ro] [400/437] Building C object modules/ec/zephyr/CMakeFiles/ec_shim.dir/shim/src/power_host_sleep_api.c.obj
[riven:rw] [363/407] Building C object modules/ec/zephyr/CMakeFiles/ec_shim.dir/shim/src/motionsense_sensors.c.obj
[rex:rw] [366/437] Building C object modules/ec/zephyr/CMakeFiles/ec_shim.dir/shim/src/cbi/cbi_eeprom.c.obj
[rex:rw] [367/437] Building C object modules/ec/zephyr/CMakeFiles/ec_shim.dir/shim/src/cbi/cbi_flash.c.obj
[hylia:ro] [349/366] Building C object zephyr/kernel/CMakeFiles/kernel.dir/stack.c.obj
[hylia:ro] [350/366] Building C object zephyr/kernel/CMakeFiles/kernel.dir/sem.c.obj
[ocicat:ro] [37/374] Building C object zephyr/CMakeFiles/zephyr.dir/soc/ite/ec/it8xxx2/soc.c.obj
[riven:rw] [364/407] Building C object modules/ec/zephyr/CMakeFiles/ec_shim.dir/shim/src/pwm_led.c.obj
[riven:rw] [365/407] Building C object modules/ec/zephyr/CMakeFiles/ec_shim.dir/shim/src/panic.c.obj
[hylia:ro] [351/366] Building C object zephyr/kernel/CMakeFiles/kernel.dir/queue.c.obj
[hylia:ro] [352/366] Building C object zephyr/kernel/CMakeFiles/kernel.dir/system_work_q.c.obj
[rex:ro] [401/437] Building C object modules/ec/zephyr/CMakeFiles/ec_shim.dir/shim/src/usb_muxes.c.obj
[rex:ro] [402/437] Building C object modules/ec/zephyr/CMakeFiles/ec_shim.dir/shim/src/bb_retimer_usb_mux.c.obj
[riven:rw] [366/407] Building C object modules/ec/zephyr/CMakeFiles/ec_shim.dir/shim/src/temp_sensors.c.obj
[rex:ro] [403/437] Building C object modules/ec/zephyr/CMakeFiles/ec_shim.dir/shim/src/sha256_hw.c.obj
[rex:ro] [404/437] Linking C static library modules/ec/zephyr/libec_shim.a
[rex:rw] [368/437] Building C object modules/ec/zephyr/CMakeFiles/ec_shim.dir/shim/src/led_driver/led.c.obj
[ocicat:ro] [38/374] Building C object zephyr/CMakeFiles/zephyr.dir/soc/ite/ec/it8xxx2/check_regs.c.obj
[rex:ro] [405/437] Building C object zephyr/kernel/CMakeFiles/kernel.dir/main_weak.c.obj
[riven:rw] [367/407] Building C object modules/ec/zephyr/CMakeFiles/ec_shim.dir/shim/src/thermal.c.obj
[rex:rw] [369/437] Building ASM object modules/ec/zephyr/CMakeFiles/ec_shim.dir/shim/src/libgcc_arm.S.obj
[riven:rw] [368/407] Building C object modules/ec/zephyr/CMakeFiles/ec_shim.dir/shim/src/hwtimer.c.obj
[rex:rw] [370/437] Building C object modules/ec/zephyr/CMakeFiles/ec_shim.dir/shim/src/led_driver/led_gpio.c.obj
[hylia:ro] [353/366] Building C object zephyr/kernel/CMakeFiles/kernel.dir/condvar.c.obj
[hylia:ro] [354/366] Building C object zephyr/kernel/CMakeFiles/kernel.dir/thread.c.obj
[rex:ro] [406/437] Building C object zephyr/kernel/CMakeFiles/kernel.dir/busy_wait.c.obj
[rex:ro] [407/437] Building C object zephyr/kernel/CMakeFiles/kernel.dir/banner.c.obj
[ocicat:ro] [39/374] Building ASM object zephyr/CMakeFiles/zephyr.dir/soc/ite/ec/it8xxx2/vector.S.obj
[rex:rw] [371/437] Building C object modules/ec/zephyr/CMakeFiles/ec_shim.dir/shim/src/system.c.obj
[hylia:ro] [355/366] Building C object zephyr/kernel/CMakeFiles/kernel.dir/work.c.obj
[riven:rw] [369/407] Building C object modules/ec/zephyr/CMakeFiles/ec_shim.dir/shim/src/tasks.c.obj
[riven:rw] [370/407] Building C object modules/ec/zephyr/CMakeFiles/ec_shim.dir/shim/src/i2c.c.obj
[hylia:ro] [356/366] Building C object zephyr/kernel/CMakeFiles/kernel.dir/sched.c.obj
[rex:ro] [408/437] Building C object zephyr/kernel/CMakeFiles/kernel.dir/device.c.obj
[rex:ro] [409/437] Building C object zephyr/kernel/CMakeFiles/kernel.dir/errno.c.obj
[hylia:ro] [357/366] Building C object zephyr/kernel/CMakeFiles/kernel.dir/spinlock_validate.c.obj
[hylia:ro] [358/366] Building C object zephyr/kernel/CMakeFiles/kernel.dir/pipe.c.obj
[ocicat:ro] [40/374] Building C object zephyr/CMakeFiles/zephyr.dir/soc/ite/ec/it8xxx2/ilm.c.obj
[riven:rw] [371/407] Building C object modules/ec/zephyr/CMakeFiles/ec_shim.dir/shim/src/usba.c.obj
[rex:rw] [372/437] Building C object modules/ec/zephyr/CMakeFiles/ec_shim.dir/shim/src/anx7452_usb_mux.c.obj
[rex:rw] [373/437] Building C object modules/ec/zephyr/CMakeFiles/ec_shim.dir/shim/src/adc.c.obj
[riven:rw] [372/407] Building C object modules/ec/zephyr/CMakeFiles/ec_shim.dir/shim/src/watchdog.c.obj
[hylia:ro] [359/366] Building C object zephyr/kernel/CMakeFiles/kernel.dir/thread_monitor.c.obj
[rex:ro] [410/437] Building C object zephyr/kernel/CMakeFiles/kernel.dir/fatal.c.obj
[rex:ro] [411/437] Building C object zephyr/kernel/CMakeFiles/kernel.dir/init.c.obj
[rex:rw] [374/437] Building C object modules/ec/zephyr/CMakeFiles/ec_shim.dir/shim/src/battery.c.obj
[hylia:ro] [360/366] Building C object zephyr/kernel/CMakeFiles/kernel.dir/timeout.c.obj
[riven:rw] [373/407] Building C object modules/ec/zephyr/CMakeFiles/ec_shim.dir/shim/src/power_host_sleep_api.c.obj
[rex:ro] [412/437] Building C object zephyr/kernel/CMakeFiles/kernel.dir/version.c.obj
[rex:ro] [413/437] Building C object zephyr/kernel/CMakeFiles/kernel.dir/kheap.c.obj
[riven:rw] [374/407] Building C object modules/ec/zephyr/CMakeFiles/ec_shim.dir/shim/src/usb_muxes.c.obj
[riven:rw] [375/407] Linking C static library modules/ec/zephyr/libec_shim.a
[rex:ro] [414/437] Building C object zephyr/kernel/CMakeFiles/kernel.dir/mem_slab.c.obj
[ocicat:ro] [41/374] Building C object zephyr/CMakeFiles/zephyr.dir/subsys/logging/log_minimal.c.obj
[hylia:ro] [361/366] Building C object zephyr/kernel/CMakeFiles/kernel.dir/timer.c.obj
[riven:rw] [376/407] Building C object zephyr/kernel/CMakeFiles/kernel.dir/banner.c.obj
[riven:rw] [377/407] Building C object zephyr/kernel/CMakeFiles/kernel.dir/main_weak.c.obj
[hylia:ro] [362/366] Building C object zephyr/kernel/CMakeFiles/kernel.dir/poll.c.obj
[hylia:ro] [363/366] Building C object zephyr/kernel/CMakeFiles/kernel.dir/events.c.obj
[rex:rw] [375/437] Building C object modules/ec/zephyr/CMakeFiles/ec_shim.dir/shim/src/charger.c.obj
[hylia:ro] [364/366] Building C object zephyr/kernel/CMakeFiles/kernel.dir/mempool.c.obj
[rex:ro] [415/437] Building C object zephyr/kernel/CMakeFiles/kernel.dir/float.c.obj
[riven:rw] [378/407] Building C object zephyr/kernel/CMakeFiles/kernel.dir/busy_wait.c.obj
[rex:rw] [376/437] Building C object modules/ec/zephyr/CMakeFiles/ec_shim.dir/shim/src/chipset_api.c.obj
[rex:ro] [416/437] Building C object zephyr/kernel/CMakeFiles/kernel.dir/idle.c.obj
[rex:ro] [417/437] Building C object zephyr/kernel/CMakeFiles/kernel.dir/mailbox.c.obj
[riven:rw] [379/407] Building C object zephyr/kernel/CMakeFiles/kernel.dir/device.c.obj
[ocicat:rw] Building: /usr/bin/ninja -C /mnt/host/source/src/platform/ec/build/zephyr/ocicat/build-rw all.libraries
Running `env -i SHELL=/bin/bash COLORTERM=truecolor DEPOT_TOOLS_UPDATE=0 LESS='-R -M --shift 5' SUDO_GID=0 JDK_HOME=/etc/java-config-2/current-system-vm CONFIG_PROTECT_MASK='/etc/gentoo-release /etc/sandbox.d /etc/fonts/fonts.conf /etc/terminfo /etc/ca-certificates.conf /etc/revdep-rebuild' CHROMEOS_CACHEDIR=/var/cache/chromeos-cache JAVA_HOME=/etc/java-config-2/current-system-vm SSH_AUTH_SOCK=/tmp/ssh-auth-sock SUDO_COMMAND=/bin/bash SUDO_USER=root SUDO_TTY=/dev/pts/2 EDITOR=/usr/bin/vi PWD=/mnt/host/source/src/platform/ec CONFIG_PROTECT=/usr/share/gnupg/qualified.txt LOGNAME=jpmurphy MANPATH=/etc/java-config-2/current-system-vm/man:/usr/local/share/man:/usr/share/man:/usr/share/gcc-data/x86_64-pc-linux-gnu/10.2.0/man:/usr/share/binutils-data/x86_64-pc-linux-gnu/2.45/man:/etc/java-config-2/current-system-vm/man/ SUDO_HOME=/root XAUTHORITY=/run/user/944457/gdm/Xauthority HOME=/home/jpmurphy LANG=C.UTF-8 LS_COLORS='rs=0:di=01;34:ln=01;36:mh=00:pi=40;33:so=01;35:do=01;35:bd=40;33;01:cd=40;33;01:or=01;05;37;41:mi=01;05;37;41:su=37;41:sg=30;43:ca=30;41:tw=30;42:ow=34;42:st=37;44:ex=01;32:*.tar=01;31:*.tgz=01;31:*.arc=01;31:*.arj=01;31:*.taz=01;31:*.lha=01;31:*.lz4=01;31:*.lzh=01;31:*.lzma=01;31:*.tlz=01;31:*.txz=01;31:*.tzo=01;31:*.t7z=01;31:*.zip=01;31:*.z=01;31:*.dz=01;31:*.gz=01;31:*.lrz=01;31:*.lz=01;31:*.lzo=01;31:*.xz=01;31:*.zst=01;31:*.tzst=01;31:*.bz2=01;31:*.bz=01;31:*.tbz=01;31:*.tbz2=01;31:*.tz=01;31:*.deb=01;31:*.rpm=01;31:*.jar=01;31:*.war=01;31:*.ear=01;31:*.sar=01;31:*.rar=01;31:*.alz=01;31:*.ace=01;31:*.zoo=01;31:*.cpio=01;31:*.7z=01;31:*.rz=01;31:*.cab=01;31:*.wim=01;31:*.swm=01;31:*.dwm=01;31:*.esd=01;31:*.jpg=01;35:*.jpeg=01;35:*.mjpg=01;35:*.mjpeg=01;35:*.gif=01;35:*.bmp=01;35:*.pbm=01;35:*.pgm=01;35:*.ppm=01;35:*.tga=01;35:*.xbm=01;35:*.xpm=01;35:*.tif=01;35:*.tiff=01;35:*.png=01;35:*.svg=01;35:*.svgz=01;35:*.mng=01;35:*.pcx=01;35:*.mov=01;35:*.mpg=01;35:*.mpeg=01;35:*.m2v=01;35:*.mkv=01;35:*.webm=01;35:*.webp=01;35:*.ogm=01;35:*.mp4=01;35:*.m4v=01;35:*.mp4v=01;35:*.vob=01;35:*.qt=01;35:*.nuv=01;35:*.wmv=01;35:*.asf=01;35:*.rm=01;35:*.rmvb=01;35:*.flc=01;35:*.avi=01;35:*.fli=01;35:*.flv=01;35:*.gl=01;35:*.dl=01;35:*.xcf=01;35:*.xwd=01;35:*.yuv=01;35:*.cgm=01;35:*.emf=01;35:*.ogv=01;35:*.ogx=01;35:*.cfg=00;32:*.conf=00;32:*.diff=00;32:*.doc=00;32:*.ini=00;32:*.log=00;32:*.patch=00;32:*.pdf=00;32:*.ps=00;32:*.tex=00;32:*.txt=00;32:*.aac=00;36:*.au=00;36:*.flac=00;36:*.m4a=00;36:*.mid=00;36:*.midi=00;36:*.mka=00;36:*.mp3=00;36:*.mpc=00;36:*.ogg=00;36:*.ra=00;36:*.wav=00;36:*.oga=00;36:*.opus=00;36:*.spx=00;36:*.xspf=00;36:' XDG_CURRENT_DESKTOP=GNOME INFOPATH=/usr/share/info:/usr/share/gcc-data/x86_64-pc-linux-gnu/10.2.0/info:/usr/share/binutils-data/x86_64-pc-linux-gnu/2.45/info:/usr/share/automake-1.16.5/info JAVAC=/etc/java-config-2/current-system-vm/bin/javac TERM=xterm-256color LESSOPEN='|lesspipe %s' USER=jpmurphy CROS_WORKON_SRCROOT=/mnt/host/source MANPAGER=manpager DISPLAY=:1 SHLVL=1 LC_MESSAGES=C EXTERNAL_TRUNK_PATH=/mnt/8f9d649a-3721-44cc-93c0-e6bd21a9689f/chromiumos GCC_SPECS='' PATH=/mnt/host/source/chromite/bin:/usr/local/bin:/usr/bin:/bin:/opt/bin:/mnt/host/source/chromite/sdk/bin:/mnt/host/source/chromite/bin PORTAGE_USERNAME=jpmurphy SUDO_UID=0 GCC_VER=10.2.0 MAIL=/var/mail/jpmurphy OLDPWD=/mnt/host/source/src/scripts traceparent=00-e87aca51550a78635907baa6a2476181-6d684811675d2973-01 _=./zephyr/firmware_builder.py COREBOOT_SDK_ROOT_x86=/home/jpmurphy/.cache/coreboot-sdk/i386-elf/dfbb0486385d938cfa9d73080b9d18d598ed4f49 COREBOOT_SDK_ROOT_picolibc_x86=/home/jpmurphy/.cache/coreboot-sdk/picolibc-i386-elf/eb8e8e687b95461de8cbf278f1c2076952d0ad17 COREBOOT_SDK_ROOT_riscv64=/home/jpmurphy/.cache/coreboot-sdk/riscv64-elf/96b949749225b6aaa92ed810ab769e8dfb12f000 COREBOOT_SDK_ROOT_picolibc_arm=/home/jpmurphy/.cache/coreboot-sdk/picolibc-arm-eabi/422a2aa3e1ef891b5bece9a3deb696ff83840d2e COREBOOT_SDK_ROOT_nds32=/home/jpmurphy/.cache/coreboot-sdk/nds32le-elf/d1a518c4a097666d86058e1444f85ca015d15511 COREBOOT_SDK_ROOT_picolibc_riscv64=/home/jpmurphy/.cache/coreboot-sdk/picolibc-riscv64-elf/f571e990ef0278564b31124f8bb109d9a697eb69 COREBOOT_SDK_ROOT_arm=/home/jpmurphy/.cache/coreboot-sdk/arm-eabi/ea40ddd1d190c3b48435c474c0b545719371813a COREBOOT_SDK_ROOT_libstdcxx_riscv64=/home/jpmurphy/.cache/coreboot-sdk/libstdcxx-riscv64-elf/17abf22a3a252e2d5d2062ced5324f7a623689e0 COREBOOT_SDK_ROOT_libstdcxx_arm=/home/jpmurphy/.cache/coreboot-sdk/libstdcxx-arm-eabi/5d7d82e150e44aa1968f1d366e267e6687b328ac COREBOOT_SDK_ROOT_riscv=/home/jpmurphy/.cache/coreboot-sdk/riscv-elf/9a27b9e82341c6e9126624f516ab3f261abb3e73 COREBOOT_SDK_ROOT_libstdcxx_x86=/home/jpmurphy/.cache/coreboot-sdk/libstdcxx-i386-elf/42ef9d2e87a76a37963175d7d428734e65648b87 PYTHONPATH=/mnt/host/source/src/platform/ec/zephyr/zmake PW_PIGWEED_CIPD_INSTALL_DIR=/usr CROSTC_USER_ACKNOWLEDGES_THAT_RISCV_IS_EXPERIMENTAL=1 MAKEFLAGS=' -j16 --jobserver-auth=5,6' /usr/bin/ninja -C /mnt/host/source/src/platform/ec/build/zephyr/ocicat/build-rw all.libraries`
[hylia:ro] [365/366] Building C object zephyr/kernel/CMakeFiles/kernel.dir/dynamic_disabled.c.obj
[ocicat:rw] ninja: Entering directory `/mnt/host/source/src/platform/ec/build/zephyr/ocicat/build-rw'
[hylia:ro] [366/366] Linking C static library zephyr/kernel/libkernel.a
[rex:rw] [377/437] Building C object modules/ec/zephyr/CMakeFiles/ec_shim.dir/shim/src/espi.c.obj
[ocicat:ro] [42/374] Building C object zephyr/CMakeFiles/zephyr.dir/subsys/pm/pm.c.obj
[riven:rw] [380/407] Building C object zephyr/kernel/CMakeFiles/kernel.dir/errno.c.obj
[rex:ro] [418/437] Building C object zephyr/kernel/CMakeFiles/kernel.dir/msg_q.c.obj
[riven:rw] [381/407] Building C object zephyr/kernel/CMakeFiles/kernel.dir/fatal.c.obj
[riven:rw] [382/407] Building C object zephyr/kernel/CMakeFiles/kernel.dir/init.c.obj
[rex:ro] [419/437] Building C object zephyr/kernel/CMakeFiles/kernel.dir/queue.c.obj
[rex:ro] [420/437] Building C object zephyr/kernel/CMakeFiles/kernel.dir/mutex.c.obj
[rex:ro] [421/437] Building C object zephyr/kernel/CMakeFiles/kernel.dir/sem.c.obj
[ocicat:ro] [43/374] Building C object zephyr/CMakeFiles/zephyr.dir/subsys/pm/state.c.obj
[riven:rw] [383/407] Building C object zephyr/kernel/CMakeFiles/kernel.dir/version.c.obj
[rex:rw] [378/437] Building C object modules/ec/zephyr/CMakeFiles/ec_shim.dir/shim/src/flash.c.obj
[riven:rw] [384/407] Building C object zephyr/kernel/CMakeFiles/kernel.dir/kheap.c.obj
[rex:rw] [379/437] Building C object modules/ec/zephyr/CMakeFiles/ec_shim.dir/shim/src/hooks.c.obj
[ocicat:rw] [1/374] Generating include/generated/zephyr/version.h
[ocicat:rw] -- git describe warned: warning: tag 'upstream/v2.7.99' is externally known as 'v2.7.99'
[ocicat:rw] -- Zephyr version: 4.3.99 (/mnt/host/source/src/third_party/zephyr/main)
[ocicat:rw] [2/374] Preparing syscall dependency handling
[rex:rw] [380/437] Building C object modules/ec/zephyr/CMakeFiles/ec_shim.dir/shim/src/fan.c.obj
[rex:ro] [422/437] Building C object zephyr/kernel/CMakeFiles/kernel.dir/stack.c.obj
[rex:ro] [423/437] Building C object zephyr/kernel/CMakeFiles/kernel.dir/system_work_q.c.obj
[ocicat:rw] [3/374] Generating misc/generated/syscalls_subdirs.trigger
[riven:rw] [385/407] Building C object zephyr/kernel/CMakeFiles/kernel.dir/float.c.obj
[riven:rw] [386/407] Building C object zephyr/kernel/CMakeFiles/kernel.dir/mem_slab.c.obj
[rex:rw] [381/437] Building C object modules/ec/zephyr/CMakeFiles/ec_shim.dir/shim/src/host_command.c.obj
[rex:ro] [424/437] Building C object zephyr/kernel/CMakeFiles/kernel.dir/work.c.obj
[ocicat:ro] [44/374] Building C object zephyr/CMakeFiles/zephyr.dir/subsys/pm/policy/policy_events.c.obj
[rex:ro] [425/437] Building C object zephyr/kernel/CMakeFiles/kernel.dir/thread.c.obj
[riven:rw] [387/407] Building C object zephyr/kernel/CMakeFiles/kernel.dir/mailbox.c.obj
[rex:ro] [426/437] Building C object zephyr/kernel/CMakeFiles/kernel.dir/condvar.c.obj
[riven:rw] [388/407] Building C object zephyr/kernel/CMakeFiles/kernel.dir/idle.c.obj
[rex:ro] [427/437] Building C object zephyr/kernel/CMakeFiles/kernel.dir/sched.c.obj
[rex:ro] [428/437] Building C object zephyr/kernel/CMakeFiles/kernel.dir/pipe.c.obj
[rex:ro] [429/437] Building C object zephyr/kernel/CMakeFiles/kernel.dir/spinlock_validate.c.obj
[rex:rw] [382/437] Building C object modules/ec/zephyr/CMakeFiles/ec_shim.dir/shim/src/console_buffer.c.obj
[riven:rw] [389/407] Building C object zephyr/kernel/CMakeFiles/kernel.dir/msg_q.c.obj
[rex:rw] [383/437] Building C object modules/ec/zephyr/CMakeFiles/ec_shim.dir/shim/src/keyboard_raw.c.obj
[ocicat:rw] [4/374] Generating misc/generated/syscalls.json, misc/generated/struct_tags.json
[rex:rw] [384/437] Building C object modules/ec/zephyr/CMakeFiles/ec_shim.dir/shim/src/kb8010_usb_mux.c.obj
[ocicat:rw] [5/374] Generating include/generated/zephyr/syscall_dispatch.c, include/generated/zephyr/syscall_exports_llext.c, syscall_weakdefs_llext.c, include/generated/zephyr/syscall_list.h
[rex:ro] [430/437] Building C object zephyr/kernel/CMakeFiles/kernel.dir/thread_monitor.c.obj
[riven:rw] [390/407] Building C object zephyr/kernel/CMakeFiles/kernel.dir/mutex.c.obj
[ocicat:ro] [45/374] Building C object zephyr/CMakeFiles/zephyr.dir/subsys/pm/policy/policy_latency.c.obj
[rex:rw] [385/437] Building C object modules/ec/zephyr/CMakeFiles/ec_shim.dir/shim/src/mkbp_event.c.obj
[ocicat:rw] [6/374] Generating include/generated/zephyr/driver-validation.h
[rex:ro] [431/437] Building C object zephyr/kernel/CMakeFiles/kernel.dir/timeout.c.obj
[riven:rw] [391/407] Building C object zephyr/kernel/CMakeFiles/kernel.dir/sem.c.obj
[riven:rw] [392/407] Building C object zephyr/kernel/CMakeFiles/kernel.dir/queue.c.obj
[ocicat:rw] [7/374] Generating include/generated/zephyr/kobj-types-enum.h, include/generated/zephyr/otype-to-str.h, include/generated/zephyr/otype-to-size.h
[rex:ro] [432/437] Building C object zephyr/kernel/CMakeFiles/kernel.dir/timer.c.obj
[ocicat:rw] [8/374] Generating include/generated/device-api-sections.ld, include/generated/device-api-sections.cmake
[riven:rw] [393/407] Building C object zephyr/kernel/CMakeFiles/kernel.dir/stack.c.obj
[rex:ro] [433/437] Building C object zephyr/kernel/CMakeFiles/kernel.dir/mempool.c.obj
[rex:ro] [434/437] Building C object zephyr/kernel/CMakeFiles/kernel.dir/events.c.obj
[ocicat:ro] [46/374] Building C object zephyr/CMakeFiles/zephyr.dir/subsys/pm/policy/policy_state_lock.c.obj
[rex:ro] [435/437] Building C object zephyr/kernel/CMakeFiles/kernel.dir/poll.c.obj
[riven:rw] [394/407] Building C object zephyr/kernel/CMakeFiles/kernel.dir/system_work_q.c.obj
[rex:rw] [386/437] Building C object modules/ec/zephyr/CMakeFiles/ec_shim.dir/shim/src/panic.c.obj
[rex:ro] [436/437] Building C object zephyr/kernel/CMakeFiles/kernel.dir/dynamic_disabled.c.obj
[ocicat:rw] [9/374] Building C object zephyr/drivers/sensor/CMakeFiles/drivers__sensor.dir/mnt/host/source/src/third_party/zephyr/main/misc/empty_file.c.obj
[rex:rw] [387/437] Building C object modules/ec/zephyr/CMakeFiles/ec_shim.dir/shim/src/motionsense_sensors.c.obj
[ocicat:rw] [10/374] Linking C static library zephyr/drivers/sensor/libdrivers__sensor.a
[rex:rw] [388/437] Building C object modules/ec/zephyr/CMakeFiles/ec_shim.dir/shim/src/pwm_hc.c.obj
[rex:ro] [437/437] Linking C static library zephyr/kernel/libkernel.a
[ocicat:rw] [11/374] Building C object zephyr/drivers/syscon/CMakeFiles/drivers__syscon.dir/mnt/host/source/src/third_party/zephyr/main/misc/empty_file.c.obj
[ocicat:rw] [12/374] Building C object zephyr/CMakeFiles/offsets.dir/arch/riscv/core/offsets/offsets.c.obj
[ocicat:rw] [13/374] cd /mnt/host/source/src/platform/ec/build/zephyr/ocicat/build-rw/modules/ec/zephyr && PYTHONPATH=/mnt/host/source/src/platform/ec/build/zephyr/ocicat/modules/ec/zephyr/zmake/ /usr/bin/python3.11 /mnt/host/source/src/platform/ec/build/zephyr/ocicat/modules/ec/zephyr/zmake/zephyr_build_tools/generate_ec_version.py /mnt/host/source/src/platform/ec/build/zephyr/ocicat/build-rw/modules/ec/zephyr/include/ec_version.h --name Zephyr-Kernel --version 16543.0.0 --static
[riven:rw] [395/407] Building C object zephyr/kernel/CMakeFiles/kernel.dir/condvar.c.obj
[ocicat:rw] INFO:root:Using a static version string
[ocicat:rw] INFO:root:Version string: Zephyr-Kernel-16543.0.0
[ocicat:rw] INFO:root:Writing header to /mnt/host/source/src/platform/ec/build/zephyr/ocicat/build-rw/modules/ec/zephyr/include/ec_version.h
[ocicat:rw] [14/374] Linking C static library zephyr/drivers/syscon/libdrivers__syscon.a
[riven:rw] [396/407] Building C object zephyr/kernel/CMakeFiles/kernel.dir/work.c.obj
[rex:rw] [389/437] Building C object modules/ec/zephyr/CMakeFiles/ec_shim.dir/shim/src/temp_sensors.c.obj
[brox:rw] Building: /usr/bin/ninja -C /mnt/host/source/src/platform/ec/build/zephyr/brox/build-rw all.libraries
Running `env -i SHELL=/bin/bash COLORTERM=truecolor DEPOT_TOOLS_UPDATE=0 LESS='-R -M --shift 5' SUDO_GID=0 JDK_HOME=/etc/java-config-2/current-system-vm CONFIG_PROTECT_MASK='/etc/gentoo-release /etc/sandbox.d /etc/fonts/fonts.conf /etc/terminfo /etc/ca-certificates.conf /etc/revdep-rebuild' CHROMEOS_CACHEDIR=/var/cache/chromeos-cache JAVA_HOME=/etc/java-config-2/current-system-vm SSH_AUTH_SOCK=/tmp/ssh-auth-sock SUDO_COMMAND=/bin/bash SUDO_USER=root SUDO_TTY=/dev/pts/2 EDITOR=/usr/bin/vi PWD=/mnt/host/source/src/platform/ec CONFIG_PROTECT=/usr/share/gnupg/qualified.txt LOGNAME=jpmurphy MANPATH=/etc/java-config-2/current-system-vm/man:/usr/local/share/man:/usr/share/man:/usr/share/gcc-data/x86_64-pc-linux-gnu/10.2.0/man:/usr/share/binutils-data/x86_64-pc-linux-gnu/2.45/man:/etc/java-config-2/current-system-vm/man/ SUDO_HOME=/root XAUTHORITY=/run/user/944457/gdm/Xauthority HOME=/home/jpmurphy LANG=C.UTF-8 LS_COLORS='rs=0:di=01;34:ln=01;36:mh=00:pi=40;33:so=01;35:do=01;35:bd=40;33;01:cd=40;33;01:or=01;05;37;41:mi=01;05;37;41:su=37;41:sg=30;43:ca=30;41:tw=30;42:ow=34;42:st=37;44:ex=01;32:*.tar=01;31:*.tgz=01;31:*.arc=01;31:*.arj=01;31:*.taz=01;31:*.lha=01;31:*.lz4=01;31:*.lzh=01;31:*.lzma=01;31:*.tlz=01;31:*.txz=01;31:*.tzo=01;31:*.t7z=01;31:*.zip=01;31:*.z=01;31:*.dz=01;31:*.gz=01;31:*.lrz=01;31:*.lz=01;31:*.lzo=01;31:*.xz=01;31:*.zst=01;31:*.tzst=01;31:*.bz2=01;31:*.bz=01;31:*.tbz=01;31:*.tbz2=01;31:*.tz=01;31:*.deb=01;31:*.rpm=01;31:*.jar=01;31:*.war=01;31:*.ear=01;31:*.sar=01;31:*.rar=01;31:*.alz=01;31:*.ace=01;31:*.zoo=01;31:*.cpio=01;31:*.7z=01;31:*.rz=01;31:*.cab=01;31:*.wim=01;31:*.swm=01;31:*.dwm=01;31:*.esd=01;31:*.jpg=01;35:*.jpeg=01;35:*.mjpg=01;35:*.mjpeg=01;35:*.gif=01;35:*.bmp=01;35:*.pbm=01;35:*.pgm=01;35:*.ppm=01;35:*.tga=01;35:*.xbm=01;35:*.xpm=01;35:*.tif=01;35:*.tiff=01;35:*.png=01;35:*.svg=01;35:*.svgz=01;35:*.mng=01;35:*.pcx=01;35:*.mov=01;35:*.mpg=01;35:*.mpeg=01;35:*.m2v=01;35:*.mkv=01;35:*.webm=01;35:*.webp=01;35:*.ogm=01;35:*.mp4=01;35:*.m4v=01;35:*.mp4v=01;35:*.vob=01;35:*.qt=01;35:*.nuv=01;35:*.wmv=01;35:*.asf=01;35:*.rm=01;35:*.rmvb=01;35:*.flc=01;35:*.avi=01;35:*.fli=01;35:*.flv=01;35:*.gl=01;35:*.dl=01;35:*.xcf=01;35:*.xwd=01;35:*.yuv=01;35:*.cgm=01;35:*.emf=01;35:*.ogv=01;35:*.ogx=01;35:*.cfg=00;32:*.conf=00;32:*.diff=00;32:*.doc=00;32:*.ini=00;32:*.log=00;32:*.patch=00;32:*.pdf=00;32:*.ps=00;32:*.tex=00;32:*.txt=00;32:*.aac=00;36:*.au=00;36:*.flac=00;36:*.m4a=00;36:*.mid=00;36:*.midi=00;36:*.mka=00;36:*.mp3=00;36:*.mpc=00;36:*.ogg=00;36:*.ra=00;36:*.wav=00;36:*.oga=00;36:*.opus=00;36:*.spx=00;36:*.xspf=00;36:' XDG_CURRENT_DESKTOP=GNOME INFOPATH=/usr/share/info:/usr/share/gcc-data/x86_64-pc-linux-gnu/10.2.0/info:/usr/share/binutils-data/x86_64-pc-linux-gnu/2.45/info:/usr/share/automake-1.16.5/info JAVAC=/etc/java-config-2/current-system-vm/bin/javac TERM=xterm-256color LESSOPEN='|lesspipe %s' USER=jpmurphy CROS_WORKON_SRCROOT=/mnt/host/source MANPAGER=manpager DISPLAY=:1 SHLVL=1 LC_MESSAGES=C EXTERNAL_TRUNK_PATH=/mnt/8f9d649a-3721-44cc-93c0-e6bd21a9689f/chromiumos GCC_SPECS='' PATH=/mnt/host/source/chromite/bin:/usr/local/bin:/usr/bin:/bin:/opt/bin:/mnt/host/source/chromite/sdk/bin:/mnt/host/source/chromite/bin PORTAGE_USERNAME=jpmurphy SUDO_UID=0 GCC_VER=10.2.0 MAIL=/var/mail/jpmurphy OLDPWD=/mnt/host/source/src/scripts traceparent=00-e87aca51550a78635907baa6a2476181-6d684811675d2973-01 _=./zephyr/firmware_builder.py COREBOOT_SDK_ROOT_x86=/home/jpmurphy/.cache/coreboot-sdk/i386-elf/dfbb0486385d938cfa9d73080b9d18d598ed4f49 COREBOOT_SDK_ROOT_picolibc_x86=/home/jpmurphy/.cache/coreboot-sdk/picolibc-i386-elf/eb8e8e687b95461de8cbf278f1c2076952d0ad17 COREBOOT_SDK_ROOT_riscv64=/home/jpmurphy/.cache/coreboot-sdk/riscv64-elf/96b949749225b6aaa92ed810ab769e8dfb12f000 COREBOOT_SDK_ROOT_picolibc_arm=/home/jpmurphy/.cache/coreboot-sdk/picolibc-arm-eabi/422a2aa3e1ef891b5bece9a3deb696ff83840d2e COREBOOT_SDK_ROOT_nds32=/home/jpmurphy/.cache/coreboot-sdk/nds32le-elf/d1a518c4a097666d86058e1444f85ca015d15511 COREBOOT_SDK_ROOT_picolibc_riscv64=/home/jpmurphy/.cache/coreboot-sdk/picolibc-riscv64-elf/f571e990ef0278564b31124f8bb109d9a697eb69 COREBOOT_SDK_ROOT_arm=/home/jpmurphy/.cache/coreboot-sdk/arm-eabi/ea40ddd1d190c3b48435c474c0b545719371813a COREBOOT_SDK_ROOT_libstdcxx_riscv64=/home/jpmurphy/.cache/coreboot-sdk/libstdcxx-riscv64-elf/17abf22a3a252e2d5d2062ced5324f7a623689e0 COREBOOT_SDK_ROOT_libstdcxx_arm=/home/jpmurphy/.cache/coreboot-sdk/libstdcxx-arm-eabi/5d7d82e150e44aa1968f1d366e267e6687b328ac COREBOOT_SDK_ROOT_riscv=/home/jpmurphy/.cache/coreboot-sdk/riscv-elf/9a27b9e82341c6e9126624f516ab3f261abb3e73 COREBOOT_SDK_ROOT_libstdcxx_x86=/home/jpmurphy/.cache/coreboot-sdk/libstdcxx-i386-elf/42ef9d2e87a76a37963175d7d428734e65648b87 PYTHONPATH=/mnt/host/source/src/platform/ec/zephyr/zmake PW_PIGWEED_CIPD_INSTALL_DIR=/usr CROSTC_USER_ACKNOWLEDGES_THAT_RISCV_IS_EXPERIMENTAL=1 MAKEFLAGS=' -j16 --jobserver-auth=5,6' /usr/bin/ninja -C /mnt/host/source/src/platform/ec/build/zephyr/brox/build-rw all.libraries`
[ocicat:rw] [15/374] Generating include/generated/zephyr/offsets.h
[ocicat:ro] [47/374] Building C object zephyr/CMakeFiles/zephyr.dir/subsys/pm/device.c.obj
[brox:rw] ninja: Entering directory `/mnt/host/source/src/platform/ec/build/zephyr/brox/build-rw'
[rex:rw] [390/437] Building C object modules/ec/zephyr/CMakeFiles/ec_shim.dir/shim/src/thermal.c.obj
[riven:rw] [397/407] Building C object zephyr/kernel/CMakeFiles/kernel.dir/thread.c.obj
[rex:rw] [391/437] Building C object modules/ec/zephyr/CMakeFiles/ec_shim.dir/shim/src/hwtimer.c.obj
[ocicat:ro] [48/374] Building C object zephyr/CMakeFiles/zephyr.dir/subsys/pm/device_runtime.c.obj
[ocicat:ro] [49/374] Building C object zephyr/CMakeFiles/zephyr.dir/subsys/pm/device_system_managed.c.obj
[riven:rw] [398/407] Building C object zephyr/kernel/CMakeFiles/kernel.dir/sched.c.obj
[rex:rw] [392/437] Building C object modules/ec/zephyr/CMakeFiles/ec_shim.dir/shim/src/i2c.c.obj
[ocicat:ro] [50/374] Building C object zephyr/CMakeFiles/zephyr.dir/subsys/testsuite/coverage/coverage.c.obj
[riven:rw] [399/407] Building C object zephyr/kernel/CMakeFiles/kernel.dir/pipe.c.obj
[rex:rw] [393/437] Building C object modules/ec/zephyr/CMakeFiles/ec_shim.dir/shim/src/tasks.c.obj
[riven:rw] [400/407] Building C object zephyr/kernel/CMakeFiles/kernel.dir/thread_monitor.c.obj
[rex:rw] [394/437] Building C object modules/ec/zephyr/CMakeFiles/ec_shim.dir/shim/src/watchdog.c.obj
[brox:rw] [1/388] Generating include/generated/zephyr/version.h
[ocicat:ro] [51/374] Building C object zephyr/CMakeFiles/zephyr.dir/subsys/tracing/tracing_none.c.obj
[brox:rw] -- git describe warned: warning: tag 'upstream/v2.7.99' is externally known as 'v2.7.99'
[brox:rw] -- Zephyr version: 4.3.99 (/mnt/host/source/src/third_party/zephyr/main)
[brox:rw] [2/388] Preparing syscall dependency handling
[ocicat:rw] [16/374] Building C object CMakeFiles/app.dir/mnt/host/source/src/platform/ec/zephyr/subsys/ap_pwrseq/ap_events.c.obj
[riven:rw] [401/407] Building C object zephyr/kernel/CMakeFiles/kernel.dir/timeout.c.obj
[rex:rw] [395/437] Building C object modules/ec/zephyr/CMakeFiles/ec_shim.dir/shim/src/bc12.c.obj
[brox:rw] [3/388] Generating misc/generated/syscalls_subdirs.trigger
[ocicat:ro] [52/374] Building C object zephyr/CMakeFiles/zephyr.dir/subsys/shell/modules/kernel_service/kernel_shell.c.obj
[ocicat:ro] [53/374] Building C object zephyr/CMakeFiles/zephyr.dir/subsys/shell/modules/kernel_service/cycles.c.obj
[rex:rw] [396/437] Building C object modules/ec/zephyr/CMakeFiles/ec_shim.dir/shim/src/bc12_pi3usb9201.c.obj
[riven:rw] [402/407] Building C object zephyr/kernel/CMakeFiles/kernel.dir/timer.c.obj
[rex:rw] [397/437] Building C object modules/ec/zephyr/CMakeFiles/ec_shim.dir/shim/src/ppc.c.obj
[ocicat:ro] [54/374] Building C object zephyr/CMakeFiles/zephyr.dir/subsys/shell/modules/kernel_service/sleep.c.obj
[riven:rw] [403/407] Building C object zephyr/kernel/CMakeFiles/kernel.dir/events.c.obj
[riven:rw] [404/407] Building C object zephyr/kernel/CMakeFiles/kernel.dir/poll.c.obj
[rex:rw] [398/437] Building C object modules/ec/zephyr/CMakeFiles/ec_shim.dir/shim/src/tcpc_nct38xx.c.obj
[riven:rw] [405/407] Building C object zephyr/kernel/CMakeFiles/kernel.dir/mempool.c.obj
[ocicat:ro] [55/374] Building C object zephyr/CMakeFiles/zephyr.dir/subsys/shell/modules/kernel_service/uptime.c.obj
[brox:rw] [4/388] cd /mnt/host/source/src/platform/ec/build/zephyr/brox/build-rw/modules/ec/zephyr && PYTHONPATH=/mnt/host/source/src/platform/ec/build/zephyr/brox/modules/ec/zephyr/zmake/ /usr/bin/python3.11 /mnt/host/source/src/platform/ec/build/zephyr/brox/modules/ec/zephyr/zmake/zephyr_build_tools/generate_ec_version.py /mnt/host/source/src/platform/ec/build/zephyr/brox/build-rw/modules/ec/zephyr/include/ec_version.h --name Zephyr-Kernel --version 16543.0.0 --static
[brox:rw] INFO:root:Using a static version string
[rex:rw] [399/437] Building C object modules/ec/zephyr/CMakeFiles/ec_shim.dir/shim/src/usba.c.obj
[ocicat:ro] [56/374] Building C object zephyr/CMakeFiles/zephyr.dir/subsys/shell/modules/kernel_service/thread/thread.c.obj
[ocicat:rw] [17/374] Building C object CMakeFiles/app.dir/mnt/host/source/src/platform/ec/zephyr/subsys/ap_pwrseq/ap_power_interface.c.obj
[ocicat:ro] [57/374] Building C object zephyr/CMakeFiles/zephyr.dir/subsys/shell/modules/kernel_service/version.c.obj
[rex:rw] [400/437] Building C object modules/ec/zephyr/CMakeFiles/ec_shim.dir/shim/src/power_host_sleep_api.c.obj
[brox:rw] INFO:root:Version string: Zephyr-Kernel-16543.0.0
[brox:rw] INFO:root:Writing header to /mnt/host/source/src/platform/ec/build/zephyr/brox/build-rw/modules/ec/zephyr/include/ec_version.h
[brox:rw] [5/388] Generating misc/generated/syscalls.json, misc/generated/struct_tags.json
[riven:rw] [406/407] Building C object zephyr/kernel/CMakeFiles/kernel.dir/dynamic_disabled.c.obj
[brox:rw] [6/388] Generating include/generated/zephyr/syscall_dispatch.c, include/generated/zephyr/syscall_exports_llext.c, syscall_weakdefs_llext.c, include/generated/zephyr/syscall_list.h
[rex:rw] [401/437] Building C object modules/ec/zephyr/CMakeFiles/ec_shim.dir/shim/src/usb_muxes.c.obj
[riven:rw] [407/407] Linking C static library zephyr/kernel/libkernel.a
[brox:ro] Building: /usr/bin/ninja -C /mnt/host/source/src/platform/ec/build/zephyr/brox/build-ro all.libraries
Running `env -i SHELL=/bin/bash COLORTERM=truecolor DEPOT_TOOLS_UPDATE=0 LESS='-R -M --shift 5' SUDO_GID=0 JDK_HOME=/etc/java-config-2/current-system-vm CONFIG_PROTECT_MASK='/etc/gentoo-release /etc/sandbox.d /etc/fonts/fonts.conf /etc/terminfo /etc/ca-certificates.conf /etc/revdep-rebuild' CHROMEOS_CACHEDIR=/var/cache/chromeos-cache JAVA_HOME=/etc/java-config-2/current-system-vm SSH_AUTH_SOCK=/tmp/ssh-auth-sock SUDO_COMMAND=/bin/bash SUDO_USER=root SUDO_TTY=/dev/pts/2 EDITOR=/usr/bin/vi PWD=/mnt/host/source/src/platform/ec CONFIG_PROTECT=/usr/share/gnupg/qualified.txt LOGNAME=jpmurphy MANPATH=/etc/java-config-2/current-system-vm/man:/usr/local/share/man:/usr/share/man:/usr/share/gcc-data/x86_64-pc-linux-gnu/10.2.0/man:/usr/share/binutils-data/x86_64-pc-linux-gnu/2.45/man:/etc/java-config-2/current-system-vm/man/ SUDO_HOME=/root XAUTHORITY=/run/user/944457/gdm/Xauthority HOME=/home/jpmurphy LANG=C.UTF-8 LS_COLORS='rs=0:di=01;34:ln=01;36:mh=00:pi=40;33:so=01;35:do=01;35:bd=40;33;01:cd=40;33;01:or=01;05;37;41:mi=01;05;37;41:su=37;41:sg=30;43:ca=30;41:tw=30;42:ow=34;42:st=37;44:ex=01;32:*.tar=01;31:*.tgz=01;31:*.arc=01;31:*.arj=01;31:*.taz=01;31:*.lha=01;31:*.lz4=01;31:*.lzh=01;31:*.lzma=01;31:*.tlz=01;31:*.txz=01;31:*.tzo=01;31:*.t7z=01;31:*.zip=01;31:*.z=01;31:*.dz=01;31:*.gz=01;31:*.lrz=01;31:*.lz=01;31:*.lzo=01;31:*.xz=01;31:*.zst=01;31:*.tzst=01;31:*.bz2=01;31:*.bz=01;31:*.tbz=01;31:*.tbz2=01;31:*.tz=01;31:*.deb=01;31:*.rpm=01;31:*.jar=01;31:*.war=01;31:*.ear=01;31:*.sar=01;31:*.rar=01;31:*.alz=01;31:*.ace=01;31:*.zoo=01;31:*.cpio=01;31:*.7z=01;31:*.rz=01;31:*.cab=01;31:*.wim=01;31:*.swm=01;31:*.dwm=01;31:*.esd=01;31:*.jpg=01;35:*.jpeg=01;35:*.mjpg=01;35:*.mjpeg=01;35:*.gif=01;35:*.bmp=01;35:*.pbm=01;35:*.pgm=01;35:*.ppm=01;35:*.tga=01;35:*.xbm=01;35:*.xpm=01;35:*.tif=01;35:*.tiff=01;35:*.png=01;35:*.svg=01;35:*.svgz=01;35:*.mng=01;35:*.pcx=01;35:*.mov=01;35:*.mpg=01;35:*.mpeg=01;35:*.m2v=01;35:*.mkv=01;35:*.webm=01;35:*.webp=01;35:*.ogm=01;35:*.mp4=01;35:*.m4v=01;35:*.mp4v=01;35:*.vob=01;35:*.qt=01;35:*.nuv=01;35:*.wmv=01;35:*.asf=01;35:*.rm=01;35:*.rmvb=01;35:*.flc=01;35:*.avi=01;35:*.fli=01;35:*.flv=01;35:*.gl=01;35:*.dl=01;35:*.xcf=01;35:*.xwd=01;35:*.yuv=01;35:*.cgm=01;35:*.emf=01;35:*.ogv=01;35:*.ogx=01;35:*.cfg=00;32:*.conf=00;32:*.diff=00;32:*.doc=00;32:*.ini=00;32:*.log=00;32:*.patch=00;32:*.pdf=00;32:*.ps=00;32:*.tex=00;32:*.txt=00;32:*.aac=00;36:*.au=00;36:*.flac=00;36:*.m4a=00;36:*.mid=00;36:*.midi=00;36:*.mka=00;36:*.mp3=00;36:*.mpc=00;36:*.ogg=00;36:*.ra=00;36:*.wav=00;36:*.oga=00;36:*.opus=00;36:*.spx=00;36:*.xspf=00;36:' XDG_CURRENT_DESKTOP=GNOME INFOPATH=/usr/share/info:/usr/share/gcc-data/x86_64-pc-linux-gnu/10.2.0/info:/usr/share/binutils-data/x86_64-pc-linux-gnu/2.45/info:/usr/share/automake-1.16.5/info JAVAC=/etc/java-config-2/current-system-vm/bin/javac TERM=xterm-256color LESSOPEN='|lesspipe %s' USER=jpmurphy CROS_WORKON_SRCROOT=/mnt/host/source MANPAGER=manpager DISPLAY=:1 SHLVL=1 LC_MESSAGES=C EXTERNAL_TRUNK_PATH=/mnt/8f9d649a-3721-44cc-93c0-e6bd21a9689f/chromiumos GCC_SPECS='' PATH=/mnt/host/source/chromite/bin:/usr/local/bin:/usr/bin:/bin:/opt/bin:/mnt/host/source/chromite/sdk/bin:/mnt/host/source/chromite/bin PORTAGE_USERNAME=jpmurphy SUDO_UID=0 GCC_VER=10.2.0 MAIL=/var/mail/jpmurphy OLDPWD=/mnt/host/source/src/scripts traceparent=00-e87aca51550a78635907baa6a2476181-6d684811675d2973-01 _=./zephyr/firmware_builder.py COREBOOT_SDK_ROOT_x86=/home/jpmurphy/.cache/coreboot-sdk/i386-elf/dfbb0486385d938cfa9d73080b9d18d598ed4f49 COREBOOT_SDK_ROOT_picolibc_x86=/home/jpmurphy/.cache/coreboot-sdk/picolibc-i386-elf/eb8e8e687b95461de8cbf278f1c2076952d0ad17 COREBOOT_SDK_ROOT_riscv64=/home/jpmurphy/.cache/coreboot-sdk/riscv64-elf/96b949749225b6aaa92ed810ab769e8dfb12f000 COREBOOT_SDK_ROOT_picolibc_arm=/home/jpmurphy/.cache/coreboot-sdk/picolibc-arm-eabi/422a2aa3e1ef891b5bece9a3deb696ff83840d2e COREBOOT_SDK_ROOT_nds32=/home/jpmurphy/.cache/coreboot-sdk/nds32le-elf/d1a518c4a097666d86058e1444f85ca015d15511 COREBOOT_SDK_ROOT_picolibc_riscv64=/home/jpmurphy/.cache/coreboot-sdk/picolibc-riscv64-elf/f571e990ef0278564b31124f8bb109d9a697eb69 COREBOOT_SDK_ROOT_arm=/home/jpmurphy/.cache/coreboot-sdk/arm-eabi/ea40ddd1d190c3b48435c474c0b545719371813a COREBOOT_SDK_ROOT_libstdcxx_riscv64=/home/jpmurphy/.cache/coreboot-sdk/libstdcxx-riscv64-elf/17abf22a3a252e2d5d2062ced5324f7a623689e0 COREBOOT_SDK_ROOT_libstdcxx_arm=/home/jpmurphy/.cache/coreboot-sdk/libstdcxx-arm-eabi/5d7d82e150e44aa1968f1d366e267e6687b328ac COREBOOT_SDK_ROOT_riscv=/home/jpmurphy/.cache/coreboot-sdk/riscv-elf/9a27b9e82341c6e9126624f516ab3f261abb3e73 COREBOOT_SDK_ROOT_libstdcxx_x86=/home/jpmurphy/.cache/coreboot-sdk/libstdcxx-i386-elf/42ef9d2e87a76a37963175d7d428734e65648b87 PYTHONPATH=/mnt/host/source/src/platform/ec/zephyr/zmake PW_PIGWEED_CIPD_INSTALL_DIR=/usr CROSTC_USER_ACKNOWLEDGES_THAT_RISCV_IS_EXPERIMENTAL=1 MAKEFLAGS=' -j16 --jobserver-auth=5,6' /usr/bin/ninja -C /mnt/host/source/src/platform/ec/build/zephyr/brox/build-ro all.libraries`
[brox:ro] ninja: Entering directory `/mnt/host/source/src/platform/ec/build/zephyr/brox/build-ro'
[ocicat:ro] [58/374] Building C object zephyr/CMakeFiles/zephyr.dir/subsys/shell/modules/kernel_service/thread/list.c.obj
[brox:rw] [7/388] Generating include/generated/zephyr/driver-validation.h
[rex:rw] [402/437] Building C object modules/ec/zephyr/CMakeFiles/ec_shim.dir/shim/src/bb_retimer_usb_mux.c.obj
[rex:rw] [403/437] Building C object modules/ec/zephyr/CMakeFiles/ec_shim.dir/shim/src/sha256_hw.c.obj
[ocicat:ro] [59/374] Building C object zephyr/CMakeFiles/zephyr.dir/subsys/shell/modules/kernel_service/thread/stacks.c.obj
[ocicat:rw] [18/374] Building C object CMakeFiles/app.dir/mnt/host/source/src/platform/ec/zephyr/subsys/ap_pwrseq/power_signals.c.obj
[rex:rw] [404/437] Linking C static library modules/ec/zephyr/libec_shim.a
[rex:rw] [405/437] Building C object zephyr/kernel/CMakeFiles/kernel.dir/main_weak.c.obj
[ocicat:ro] [60/374] Building C object zephyr/CMakeFiles/zephyr.dir/subsys/shell/modules/kernel_service/thread/suspend.c.obj
[rex:rw] [406/437] Building C object zephyr/kernel/CMakeFiles/kernel.dir/banner.c.obj
[brox:rw] [8/388] Generating include/generated/zephyr/kobj-types-enum.h, include/generated/zephyr/otype-to-str.h, include/generated/zephyr/otype-to-size.h
[ocicat:ro] [61/374] Building C object zephyr/CMakeFiles/zephyr.dir/subsys/shell/modules/kernel_service/thread/unwind.c.obj
[brox:rw] [9/388] Generating include/generated/device-api-sections.ld, include/generated/device-api-sections.cmake
[ocicat:rw] [19/374] Building C object CMakeFiles/app.dir/mnt/host/source/src/platform/ec/zephyr/subsys/ap_pwrseq/signal_gpio.c.obj
[rex:rw] [407/437] Building C object zephyr/kernel/CMakeFiles/kernel.dir/busy_wait.c.obj
[brox:ro] [1/388] Generating include/generated/zephyr/version.h
[brox:ro] -- git describe warned: warning: tag 'upstream/v2.7.99' is externally known as 'v2.7.99'
[brox:ro] -- Zephyr version: 4.3.99 (/mnt/host/source/src/third_party/zephyr/main)
[brox:ro] [2/388] Preparing syscall dependency handling
[ocicat:rw] [20/374] Building C object CMakeFiles/app.dir/mnt/host/source/src/platform/ec/zephyr/subsys/ap_pwrseq/signal_vw.c.obj
[ocicat:rw] [21/374] Building C object CMakeFiles/app.dir/mnt/host/source/src/platform/ec/zephyr/subsys/ap_pwrseq/ap_pwrseq.c.obj
[rex:rw] [408/437] Building C object zephyr/kernel/CMakeFiles/kernel.dir/device.c.obj
[brox:ro] [3/388] Generating misc/generated/syscalls_subdirs.trigger
[ocicat:ro] [62/374] Building C object zephyr/CMakeFiles/zephyr.dir/subsys/shell/modules/kernel_service/thread/resume.c.obj
[ocicat:ro] [63/374] Building C object zephyr/CMakeFiles/zephyr.dir/subsys/shell/modules/kernel_service/thread/kill.c.obj
[ocicat:rw] [22/374] Building C object CMakeFiles/app.dir/mnt/host/source/src/platform/ec/zephyr/subsys/ap_pwrseq/ap_pwrseq_sm.c.obj
[rex:rw] [409/437] Building C object zephyr/kernel/CMakeFiles/kernel.dir/errno.c.obj
[brox:rw] [10/388] Building C object zephyr/CMakeFiles/offsets.dir/arch/riscv/core/offsets/offsets.c.obj
[rex:rw] [410/437] Building C object zephyr/kernel/CMakeFiles/kernel.dir/version.c.obj
[rex:rw] [411/437] Building C object zephyr/kernel/CMakeFiles/kernel.dir/fatal.c.obj
[ocicat:ro] [64/374] Building C object zephyr/CMakeFiles/zephyr.dir/subsys/shell/backends/shell_uart.c.obj
[rex:rw] [412/437] Building C object zephyr/kernel/CMakeFiles/kernel.dir/kheap.c.obj
[brox:rw] [11/388] Generating include/generated/zephyr/offsets.h
[rex:rw] [413/437] Building C object zephyr/kernel/CMakeFiles/kernel.dir/init.c.obj
[rex:rw] [414/437] Building C object zephyr/kernel/CMakeFiles/kernel.dir/mem_slab.c.obj
[ocicat:ro] [65/374] Building C object zephyr/CMakeFiles/zephyr.dir/subsys/shell/shell.c.obj
[ocicat:rw] [23/374] Building C object CMakeFiles/app.dir/mnt/host/source/src/platform/ec/zephyr/subsys/ap_pwrseq/power_host_sleep.c.obj
[ocicat:ro] [66/374] Building C object zephyr/CMakeFiles/zephyr.dir/subsys/shell/shell_fprintf.c.obj
[brox:ro] [4/388] Generating misc/generated/syscalls.json, misc/generated/struct_tags.json
[ocicat:rw] [24/374] Building C object CMakeFiles/app.dir/mnt/host/source/src/platform/ec/zephyr/subsys/ap_pwrseq/x86_non_dsx_chipset_power_state.c.obj
[ocicat:rw] [25/374] Building C object CMakeFiles/app.dir/mnt/host/source/src/platform/ec/zephyr/subsys/ap_pwrseq/x86_non_dsx_common_pwrseq_sm_handler.c.obj
[rex:rw] [415/437] Building C object zephyr/kernel/CMakeFiles/kernel.dir/float.c.obj
[ocicat:ro] [67/374] Building C object zephyr/CMakeFiles/zephyr.dir/subsys/shell/shell_utils.c.obj
[brox:ro] [5/388] Generating include/generated/zephyr/syscall_dispatch.c, include/generated/zephyr/syscall_exports_llext.c, syscall_weakdefs_llext.c, include/generated/zephyr/syscall_list.h
[brox:rw] [12/388] Building C object CMakeFiles/app.dir/mnt/host/source/src/platform/ec/zephyr/subsys/ap_pwrseq/ap_events.c.obj
[ocicat:rw] [26/374] Building C object CMakeFiles/app.dir/mnt/host/source/src/platform/ec/zephyr/subsys/ap_pwrseq/x86_non_dsx_common_pwrseq_host_sleep.c.obj
[rex:rw] [416/437] Building C object zephyr/kernel/CMakeFiles/kernel.dir/idle.c.obj
[brox:ro] [6/388] Generating include/generated/zephyr/driver-validation.h
[ocicat:ro] [68/374] Building C object zephyr/CMakeFiles/zephyr.dir/subsys/shell/shell_ops.c.obj
[rex:rw] [417/437] Building C object zephyr/kernel/CMakeFiles/kernel.dir/mailbox.c.obj
[ocicat:ro] [69/374] Building C object zephyr/CMakeFiles/zephyr.dir/subsys/shell/shell_help.c.obj
[rex:rw] [418/437] Building C object zephyr/kernel/CMakeFiles/kernel.dir/msg_q.c.obj
[brox:ro] [7/388] Generating include/generated/zephyr/kobj-types-enum.h, include/generated/zephyr/otype-to-str.h, include/generated/zephyr/otype-to-size.h
[brox:ro] [8/388] Generating include/generated/device-api-sections.ld, include/generated/device-api-sections.cmake
[rex:rw] [419/437] Building C object zephyr/kernel/CMakeFiles/kernel.dir/queue.c.obj
[rex:rw] [420/437] Building C object zephyr/kernel/CMakeFiles/kernel.dir/mutex.c.obj
[ocicat:ro] [70/374] Building C object zephyr/CMakeFiles/zephyr.dir/subsys/shell/shell_history.c.obj
[ocicat:rw] [27/374] Building C object CMakeFiles/app.dir/mnt/host/source/src/platform/ec/zephyr/subsys/ap_pwrseq/x86_non_dsx_common_pwrseq_console.c.obj
[ocicat:ro] [71/374] Building C object zephyr/CMakeFiles/zephyr.dir/drivers/flash/flash_util.c.obj
[ocicat:rw] [28/374] Building C object CMakeFiles/app.dir/mnt/host/source/src/platform/ec/zephyr/subsys/ap_pwrseq/x86_non_dsx_common_pwrseq_host_command.c.obj
[ocicat:rw] [29/374] Building C object CMakeFiles/app.dir/mnt/host/source/src/platform/ec/zephyr/subsys/ap_pwrseq/ap_reset_log.c.obj
[rex:rw] [421/437] Building C object zephyr/kernel/CMakeFiles/kernel.dir/sem.c.obj
[ocicat:rw] [30/374] Building C object CMakeFiles/app.dir/mnt/host/source/src/platform/ec/zephyr/subsys/ap_pwrseq/x86_non_dsx_mtl_pwrseq_sm.c.obj
[ocicat:ro] [72/374] Linking C static library zephyr/libzephyr.a
[ocicat:ro] [73/374] Building C object zephyr/arch/common/CMakeFiles/arch__common.dir/sw_isr_common.c.obj
[brox:rw] [13/388] Building C object CMakeFiles/app.dir/mnt/host/source/src/platform/ec/zephyr/subsys/ap_pwrseq/ap_power_interface.c.obj
[ocicat:ro] [74/374] Building C object zephyr/arch/common/CMakeFiles/arch__common.dir/dynamic_isr.c.obj
[rex:rw] [422/437] Building C object zephyr/kernel/CMakeFiles/kernel.dir/stack.c.obj
[ocicat:ro] [75/374] Building C object zephyr/arch/common/CMakeFiles/arch__common.dir/init.c.obj
[rex:rw] [423/437] Building C object zephyr/kernel/CMakeFiles/kernel.dir/system_work_q.c.obj
[brox:ro] [9/388] Building C object zephyr/CMakeFiles/offsets.dir/arch/riscv/core/offsets/offsets.c.obj
[rex:rw] [424/437] Building C object zephyr/kernel/CMakeFiles/kernel.dir/thread.c.obj
[rex:rw] [425/437] Building C object zephyr/kernel/CMakeFiles/kernel.dir/work.c.obj
[rex:rw] [426/437] Building C object zephyr/kernel/CMakeFiles/kernel.dir/condvar.c.obj
[ocicat:ro] [76/374] Building C object zephyr/arch/common/CMakeFiles/isr_tables.dir/isr_tables.c.obj
[brox:ro] [10/388] Generating include/generated/zephyr/offsets.h
[ocicat:ro] [77/374] Linking C static library zephyr/arch/common/libisr_tables.a
[ocicat:ro] [78/374] Building C object zephyr/arch/common/CMakeFiles/arch__common.dir/xip.c.obj
[ocicat:ro] [79/374] Building C object zephyr/arch/arch/riscv/core/CMakeFiles/arch__riscv__core.dir/cpu_idle.c.obj
[ocicat:rw] [31/374] Building C object CMakeFiles/app.dir/mnt/host/source/src/platform/ec/zephyr/subsys/pd_controller/pdc_pmc_debug.c.obj
[ocicat:ro] [80/374] Linking C static library zephyr/arch/common/libarch__common.a
[ocicat:ro] [81/374] Building C object zephyr/arch/arch/riscv/core/CMakeFiles/arch__riscv__core.dir/fatal.c.obj
[rex:rw] [427/437] Building C object zephyr/kernel/CMakeFiles/kernel.dir/sched.c.obj
[ocicat:rw] [32/374] Building C object CMakeFiles/app.dir/mnt/host/source/src/platform/ec/zephyr/subsys/pd_controller/pdc_host_cmd.c.obj
[ocicat:rw] [33/374] Building C object CMakeFiles/app.dir/mnt/host/source/src/platform/ec/zephyr/subsys/pd_controller/pdc_console.c.obj
[brox:rw] [14/388] Building C object CMakeFiles/app.dir/mnt/host/source/src/platform/ec/zephyr/subsys/ap_pwrseq/power_signals.c.obj
[rex:rw] [428/437] Building C object zephyr/kernel/CMakeFiles/kernel.dir/pipe.c.obj
[rex:rw] [429/437] Building C object zephyr/kernel/CMakeFiles/kernel.dir/spinlock_validate.c.obj
[ocicat:ro] [82/374] Building C object zephyr/arch/arch/riscv/core/CMakeFiles/arch__riscv__core.dir/prep_c.c.obj
[rex:rw] [430/437] Building C object zephyr/kernel/CMakeFiles/kernel.dir/thread_monitor.c.obj
[brox:ro] [11/388] Building C object zephyr/CMakeFiles/zephyr.dir/lib/libc/validate_libc.c.obj
[ocicat:ro] [83/374] Building C object zephyr/arch/arch/riscv/core/CMakeFiles/arch__riscv__core.dir/reboot.c.obj
[rex:rw] [431/437] Building C object zephyr/kernel/CMakeFiles/kernel.dir/timeout.c.obj
[ocicat:ro] [84/374] Building C object zephyr/arch/arch/riscv/core/CMakeFiles/arch__riscv__core.dir/irq_manage.c.obj
[rex:rw] [432/437] Building C object zephyr/kernel/CMakeFiles/kernel.dir/timer.c.obj
[ocicat:rw] [34/374] Building C object CMakeFiles/app.dir/mnt/host/source/src/platform/ec/zephyr/subsys/pd_controller/pdc_stub.c.obj
[ocicat:ro] [85/374] Building ASM object zephyr/arch/arch/riscv/core/CMakeFiles/arch__riscv__core.dir/reset.S.obj
[ocicat:ro] [86/374] Building ASM object zephyr/arch/arch/riscv/core/CMakeFiles/arch__riscv__core.dir/switch.S.obj
Running (initial) lcov on /mnt/host/source/src/platform/ec/build/zephyr/riven.
[rex:rw] [433/437] Building C object zephyr/kernel/CMakeFiles/kernel.dir/mempool.c.obj
[ocicat:ro] [87/374] Generating ../../../include/generated/libc/minimal/strerror_table.h
[ocicat:rw] [35/374] Building C object CMakeFiles/app.dir/mnt/host/source/src/platform/ec/zephyr/subsys/pd_controller/pdc_dpm.c.obj
[brox:rw] [15/388] Building C object CMakeFiles/app.dir/mnt/host/source/src/platform/ec/zephyr/subsys/ap_pwrseq/signal_gpio.c.obj
[rex:rw] [434/437] Building C object zephyr/kernel/CMakeFiles/kernel.dir/poll.c.obj
Running (initial) lcov on /mnt/host/source/src/platform/ec/build/zephyr/hylia.
[rex:rw] [435/437] Building C object zephyr/kernel/CMakeFiles/kernel.dir/dynamic_disabled.c.obj
[ocicat:ro] [88/374] Building C object zephyr/arch/arch/riscv/core/CMakeFiles/arch__riscv__core.dir/thread.c.obj
[mtlrvpp_npcx:rw] Building: /usr/bin/ninja -C /mnt/host/source/src/platform/ec/build/zephyr/mtlrvpp_npcx/build-rw all.libraries
Running `env -i SHELL=/bin/bash COLORTERM=truecolor DEPOT_TOOLS_UPDATE=0 LESS='-R -M --shift 5' SUDO_GID=0 JDK_HOME=/etc/java-config-2/current-system-vm CONFIG_PROTECT_MASK='/etc/gentoo-release /etc/sandbox.d /etc/fonts/fonts.conf /etc/terminfo /etc/ca-certificates.conf /etc/revdep-rebuild' CHROMEOS_CACHEDIR=/var/cache/chromeos-cache JAVA_HOME=/etc/java-config-2/current-system-vm SSH_AUTH_SOCK=/tmp/ssh-auth-sock SUDO_COMMAND=/bin/bash SUDO_USER=root SUDO_TTY=/dev/pts/2 EDITOR=/usr/bin/vi PWD=/mnt/host/source/src/platform/ec CONFIG_PROTECT=/usr/share/gnupg/qualified.txt LOGNAME=jpmurphy MANPATH=/etc/java-config-2/current-system-vm/man:/usr/local/share/man:/usr/share/man:/usr/share/gcc-data/x86_64-pc-linux-gnu/10.2.0/man:/usr/share/binutils-data/x86_64-pc-linux-gnu/2.45/man:/etc/java-config-2/current-system-vm/man/ SUDO_HOME=/root XAUTHORITY=/run/user/944457/gdm/Xauthority HOME=/home/jpmurphy LANG=C.UTF-8 LS_COLORS='rs=0:di=01;34:ln=01;36:mh=00:pi=40;33:so=01;35:do=01;35:bd=40;33;01:cd=40;33;01:or=01;05;37;41:mi=01;05;37;41:su=37;41:sg=30;43:ca=30;41:tw=30;42:ow=34;42:st=37;44:ex=01;32:*.tar=01;31:*.tgz=01;31:*.arc=01;31:*.arj=01;31:*.taz=01;31:*.lha=01;31:*.lz4=01;31:*.lzh=01;31:*.lzma=01;31:*.tlz=01;31:*.txz=01;31:*.tzo=01;31:*.t7z=01;31:*.zip=01;31:*.z=01;31:*.dz=01;31:*.gz=01;31:*.lrz=01;31:*.lz=01;31:*.lzo=01;31:*.xz=01;31:*.zst=01;31:*.tzst=01;31:*.bz2=01;31:*.bz=01;31:*.tbz=01;31:*.tbz2=01;31:*.tz=01;31:*.deb=01;31:*.rpm=01;31:*.jar=01;31:*.war=01;31:*.ear=01;31:*.sar=01;31:*.rar=01;31:*.alz=01;31:*.ace=01;31:*.zoo=01;31:*.cpio=01;31:*.7z=01;31:*.rz=01;31:*.cab=01;31:*.wim=01;31:*.swm=01;31:*.dwm=01;31:*.esd=01;31:*.jpg=01;35:*.jpeg=01;35:*.mjpg=01;35:*.mjpeg=01;35:*.gif=01;35:*.bmp=01;35:*.pbm=01;35:*.pgm=01;35:*.ppm=01;35:*.tga=01;35:*.xbm=01;35:*.xpm=01;35:*.tif=01;35:*.tiff=01;35:*.png=01;35:*.svg=01;35:*.svgz=01;35:*.mng=01;35:*.pcx=01;35:*.mov=01;35:*.mpg=01;35:*.mpeg=01;35:*.m2v=01;35:*.mkv=01;35:*.webm=01;35:*.webp=01;35:*.ogm=01;35:*.mp4=01;35:*.m4v=01;35:*.mp4v=01;35:*.vob=01;35:*.qt=01;35:*.nuv=01;35:*.wmv=01;35:*.asf=01;35:*.rm=01;35:*.rmvb=01;35:*.flc=01;35:*.avi=01;35:*.fli=01;35:*.flv=01;35:*.gl=01;35:*.dl=01;35:*.xcf=01;35:*.xwd=01;35:*.yuv=01;35:*.cgm=01;35:*.emf=01;35:*.ogv=01;35:*.ogx=01;35:*.cfg=00;32:*.conf=00;32:*.diff=00;32:*.doc=00;32:*.ini=00;32:*.log=00;32:*.patch=00;32:*.pdf=00;32:*.ps=00;32:*.tex=00;32:*.txt=00;32:*.aac=00;36:*.au=00;36:*.flac=00;36:*.m4a=00;36:*.mid=00;36:*.midi=00;36:*.mka=00;36:*.mp3=00;36:*.mpc=00;36:*.ogg=00;36:*.ra=00;36:*.wav=00;36:*.oga=00;36:*.opus=00;36:*.spx=00;36:*.xspf=00;36:' XDG_CURRENT_DESKTOP=GNOME INFOPATH=/usr/share/info:/usr/share/gcc-data/x86_64-pc-linux-gnu/10.2.0/info:/usr/share/binutils-data/x86_64-pc-linux-gnu/2.45/info:/usr/share/automake-1.16.5/info JAVAC=/etc/java-config-2/current-system-vm/bin/javac TERM=xterm-256color LESSOPEN='|lesspipe %s' USER=jpmurphy CROS_WORKON_SRCROOT=/mnt/host/source MANPAGER=manpager DISPLAY=:1 SHLVL=1 LC_MESSAGES=C EXTERNAL_TRUNK_PATH=/mnt/8f9d649a-3721-44cc-93c0-e6bd21a9689f/chromiumos GCC_SPECS='' PATH=/mnt/host/source/chromite/bin:/usr/local/bin:/usr/bin:/bin:/opt/bin:/mnt/host/source/chromite/sdk/bin:/mnt/host/source/chromite/bin PORTAGE_USERNAME=jpmurphy SUDO_UID=0 GCC_VER=10.2.0 MAIL=/var/mail/jpmurphy OLDPWD=/mnt/host/source/src/scripts traceparent=00-e87aca51550a78635907baa6a2476181-6d684811675d2973-01 _=./zephyr/firmware_builder.py COREBOOT_SDK_ROOT_x86=/home/jpmurphy/.cache/coreboot-sdk/i386-elf/dfbb0486385d938cfa9d73080b9d18d598ed4f49 COREBOOT_SDK_ROOT_picolibc_x86=/home/jpmurphy/.cache/coreboot-sdk/picolibc-i386-elf/eb8e8e687b95461de8cbf278f1c2076952d0ad17 COREBOOT_SDK_ROOT_riscv64=/home/jpmurphy/.cache/coreboot-sdk/riscv64-elf/96b949749225b6aaa92ed810ab769e8dfb12f000 COREBOOT_SDK_ROOT_picolibc_arm=/home/jpmurphy/.cache/coreboot-sdk/picolibc-arm-eabi/422a2aa3e1ef891b5bece9a3deb696ff83840d2e COREBOOT_SDK_ROOT_nds32=/home/jpmurphy/.cache/coreboot-sdk/nds32le-elf/d1a518c4a097666d86058e1444f85ca015d15511 COREBOOT_SDK_ROOT_picolibc_riscv64=/home/jpmurphy/.cache/coreboot-sdk/picolibc-riscv64-elf/f571e990ef0278564b31124f8bb109d9a697eb69 COREBOOT_SDK_ROOT_arm=/home/jpmurphy/.cache/coreboot-sdk/arm-eabi/ea40ddd1d190c3b48435c474c0b545719371813a COREBOOT_SDK_ROOT_libstdcxx_riscv64=/home/jpmurphy/.cache/coreboot-sdk/libstdcxx-riscv64-elf/17abf22a3a252e2d5d2062ced5324f7a623689e0 COREBOOT_SDK_ROOT_libstdcxx_arm=/home/jpmurphy/.cache/coreboot-sdk/libstdcxx-arm-eabi/5d7d82e150e44aa1968f1d366e267e6687b328ac COREBOOT_SDK_ROOT_riscv=/home/jpmurphy/.cache/coreboot-sdk/riscv-elf/9a27b9e82341c6e9126624f516ab3f261abb3e73 COREBOOT_SDK_ROOT_libstdcxx_x86=/home/jpmurphy/.cache/coreboot-sdk/libstdcxx-i386-elf/42ef9d2e87a76a37963175d7d428734e65648b87 PYTHONPATH=/mnt/host/source/src/platform/ec/zephyr/zmake PW_PIGWEED_CIPD_INSTALL_DIR=/usr CROSTC_USER_ACKNOWLEDGES_THAT_RISCV_IS_EXPERIMENTAL=1 MAKEFLAGS=' -j16 --jobserver-auth=5,6' /usr/bin/ninja -C /mnt/host/source/src/platform/ec/build/zephyr/mtlrvpp_npcx/build-rw all.libraries`
[rex:rw] [436/437] Building C object zephyr/kernel/CMakeFiles/kernel.dir/events.c.obj
[mtlrvpp_npcx:rw] ninja: Entering directory `/mnt/host/source/src/platform/ec/build/zephyr/mtlrvpp_npcx/build-rw'
[ocicat:ro] [89/374] Building C object zephyr/lib/libc/minimal/CMakeFiles/lib__libc__minimal.dir/source/stdlib/atoi.c.obj
Running `env -i PYTHONPATH=/usr/lib64/python-exec/python3.11:/mnt/host/source/src/platform/ec/zephyr/zmake:/usr/lib/python311.zip:/usr/lib/python3.11:/usr/lib/python3.11/lib-dynload:/usr/lib/python3.11/site-packages PW_PIGWEED_CIPD_INSTALL_DIR=/usr CROSTC_USER_ACKNOWLEDGES_THAT_RISCV_IS_EXPERIMENTAL=1 PATH=/mnt/host/source/chromite/bin:/usr/local/bin:/usr/bin:/bin:/opt/bin:/mnt/host/source/chromite/sdk/bin:/mnt/host/source/chromite/bin HOME=/home/jpmurphy JAVA_HOME=/etc/java-config-2/current-system-vm JDK_HOME=/etc/java-config-2/current-system-vm JAVAC=/etc/java-config-2/current-system-vm/bin/javac MAKEFLAGS=' -j16 --jobserver-auth=5,6' /usr/bin/lcov --gcov-tool /mnt/host/source/src/platform/ec/build/zephyr/riven/build-rw/gcov.sh -q -o - -c -d /mnt/host/source/src/platform/ec/build/zephyr/riven -t riven --rc branch_coverage=1 --filter range --ignore-errors inconsistent,source --ignore-errors gcov,gcov -i`
[brox:ro] [12/388] Building C object zephyr/CMakeFiles/zephyr.dir/lib/heap/heap.c.obj
[ocicat:ro] [90/374] Building ASM object zephyr/arch/arch/riscv/core/CMakeFiles/arch__riscv__core.dir/isr.S.obj
[ocicat:rw] [36/374] Building C object CMakeFiles/app.dir/mnt/host/source/src/platform/ec/zephyr/subsys/ucsi/ppm_common.c.obj
[ocicat:ro] [91/374] Building C object zephyr/lib/libc/minimal/CMakeFiles/lib__libc__minimal.dir/source/stdlib/strtol.c.obj
[rex:rw] [437/437] Linking C static library zephyr/kernel/libkernel.a
Running (initial) lcov on /mnt/host/source/src/platform/ec/build/zephyr/rex.
[ocicat:ro] [92/374] Building C object zephyr/arch/arch/riscv/core/CMakeFiles/arch__riscv__core.dir/stacktrace.c.obj
[ocicat:ro] [93/374] Building C object zephyr/lib/libc/minimal/CMakeFiles/lib__libc__minimal.dir/source/stdlib/strtoul.c.obj
[ocicat:rw] [37/374] Building C object CMakeFiles/app.dir/mnt/host/source/src/platform/ec/zephyr/subsys/pd_controller/pdc_power_mgmt.c.obj
Running `env -i PYTHONPATH=/usr/lib64/python-exec/python3.11:/mnt/host/source/src/platform/ec/zephyr/zmake:/usr/lib/python311.zip:/usr/lib/python3.11:/usr/lib/python3.11/lib-dynload:/usr/lib/python3.11/site-packages PW_PIGWEED_CIPD_INSTALL_DIR=/usr CROSTC_USER_ACKNOWLEDGES_THAT_RISCV_IS_EXPERIMENTAL=1 PATH=/mnt/host/source/chromite/bin:/usr/local/bin:/usr/bin:/bin:/opt/bin:/mnt/host/source/chromite/sdk/bin:/mnt/host/source/chromite/bin HOME=/home/jpmurphy JAVA_HOME=/etc/java-config-2/current-system-vm JDK_HOME=/etc/java-config-2/current-system-vm JAVAC=/etc/java-config-2/current-system-vm/bin/javac MAKEFLAGS=' -j16 --jobserver-auth=5,6' /usr/bin/lcov --gcov-tool /mnt/host/source/src/platform/ec/build/zephyr/hylia/build-rw/gcov.sh -q -o - -c -d /mnt/host/source/src/platform/ec/build/zephyr/hylia -t hylia --rc branch_coverage=1 --filter range --ignore-errors inconsistent,source --ignore-errors gcov,gcov -i`
[ocicat:ro] [94/374] Building C object zephyr/lib/libc/minimal/CMakeFiles/lib__libc__minimal.dir/source/stdlib/strtoll.c.obj
[ocicat:ro] [95/374] Linking C static library zephyr/arch/arch/riscv/core/libarch__riscv__core.a
[ocicat:ro] [96/374] Building C object zephyr/lib/libc/minimal/CMakeFiles/lib__libc__minimal.dir/source/stdlib/strtoull.c.obj
[ocicat:rw] [38/374] Building C object CMakeFiles/app.dir/mnt/host/source/src/platform/ec/zephyr/subsys/ucsi/ppm_console.c.obj
[ocicat:ro] [97/374] Building C object zephyr/lib/libc/minimal/CMakeFiles/lib__libc__minimal.dir/source/stdlib/bsearch.c.obj
[ocicat:rw] [39/374] Building C object CMakeFiles/app.dir/mnt/host/source/src/platform/ec/zephyr/subsys/ucsi/ppm_driver.c.obj
[mtlrvpp_npcx:rw] [1/412] Generating include/generated/zephyr/version.h
[ocicat:ro] [98/374] Building C object zephyr/lib/libc/minimal/CMakeFiles/lib__libc__minimal.dir/source/string/strncasecmp.c.obj
Running `env -i PYTHONPATH=/usr/lib64/python-exec/python3.11:/mnt/host/source/src/platform/ec/zephyr/zmake:/usr/lib/python311.zip:/usr/lib/python3.11:/usr/lib/python3.11/lib-dynload:/usr/lib/python3.11/site-packages PW_PIGWEED_CIPD_INSTALL_DIR=/usr CROSTC_USER_ACKNOWLEDGES_THAT_RISCV_IS_EXPERIMENTAL=1 PATH=/mnt/host/source/chromite/bin:/usr/local/bin:/usr/bin:/bin:/opt/bin:/mnt/host/source/chromite/sdk/bin:/mnt/host/source/chromite/bin HOME=/home/jpmurphy JAVA_HOME=/etc/java-config-2/current-system-vm JDK_HOME=/etc/java-config-2/current-system-vm JAVAC=/etc/java-config-2/current-system-vm/bin/javac MAKEFLAGS=' -j16 --jobserver-auth=5,6' /usr/bin/lcov --gcov-tool /mnt/host/source/src/platform/ec/build/zephyr/rex/build-rw/gcov.sh -q -o - -c -d /mnt/host/source/src/platform/ec/build/zephyr/rex -t rex --rc branch_coverage=1 --filter range --ignore-errors inconsistent,source --ignore-errors gcov,gcov -i`
[mtlrvpp_npcx:rw] -- git describe warned: warning: tag 'upstream/v2.7.99' is externally known as 'v2.7.99'
[mtlrvpp_npcx:rw] -- Zephyr version: 4.3.99 (/mnt/host/source/src/third_party/zephyr/main)
[mtlrvpp_npcx:rw] [2/412] Preparing syscall dependency handling
[ocicat:rw] [40/374] Building C object CMakeFiles/app.dir/mnt/host/source/src/platform/ec/zephyr/subsys/ucsi/ucsi_host_cmd.c.obj
[ocicat:ro] [99/374] Building C object zephyr/lib/libc/minimal/CMakeFiles/lib__libc__minimal.dir/source/string/strerror.c.obj
[brox:ro] [13/388] Building C object zephyr/CMakeFiles/zephyr.dir/lib/os/cbprintf_packaged.c.obj
[ocicat:ro] [100/374] Building C object zephyr/lib/libc/minimal/CMakeFiles/lib__libc__minimal.dir/source/stdlib/qsort.c.obj
[brox:rw] [16/388] Building C object CMakeFiles/app.dir/mnt/host/source/src/platform/ec/zephyr/subsys/ap_pwrseq/signal_vw.c.obj
[ocicat:ro] [101/374] Building C object zephyr/lib/libc/minimal/CMakeFiles/lib__libc__minimal.dir/source/string/strstr.c.obj
[mtlrvpp_npcx:rw] [3/412] Generating misc/generated/syscalls_subdirs.trigger
[brox:ro] [14/388] Building C object zephyr/CMakeFiles/zephyr.dir/lib/os/clock.c.obj
[ocicat:ro] [102/374] Building C object zephyr/lib/libc/minimal/CMakeFiles/lib__libc__minimal.dir/source/string/string.c.obj
[ocicat:ro] [103/374] Building C object zephyr/lib/libc/minimal/CMakeFiles/lib__libc__minimal.dir/source/string/strspn.c.obj
[ocicat:ro] [104/374] Building C object zephyr/lib/libc/minimal/CMakeFiles/lib__libc__minimal.dir/source/stdlib/exit.c.obj
[ocicat:rw] [41/374] Building C object CMakeFiles/app.dir/mnt/host/source/src/platform/ec/build/zephyr/ocicat/modules/ec/builtin/stdlib.c.obj
[/mnt/host/source/src/platform/ec/build/zephyr/riven-lcov] geninfo: WARNING: using JSON module "JSON::PP" - which is much slower than some alternatives.  Consider installing one of JSON::XS or Cpanel::JSON::XS
[ocicat:rw] [42/374] Building C object CMakeFiles/app.dir/mnt/host/source/src/platform/ec/build/zephyr/ocicat/modules/ec/common/base32.c.obj
[ocicat:ro] [105/374] Building C object zephyr/lib/libc/minimal/CMakeFiles/lib__libc__minimal.dir/source/math/sqrtf.c.obj
[ocicat:rw] [43/374] Building C object CMakeFiles/app.dir/mnt/host/source/src/platform/ec/build/zephyr/ocicat/modules/ec/common/console_output.c.obj
[brox:ro] [15/388] Building C object zephyr/CMakeFiles/zephyr.dir/lib/os/printk.c.obj
[/mnt/host/source/src/platform/ec/build/zephyr/hylia-lcov] geninfo: WARNING: using JSON module "JSON::PP" - which is much slower than some alternatives.  Consider installing one of JSON::XS or Cpanel::JSON::XS
[ocicat:ro] [106/374] Building C object zephyr/lib/libc/minimal/CMakeFiles/lib__libc__minimal.dir/source/stdout/stdout_console.c.obj
[ocicat:rw] [44/374] Building C object CMakeFiles/app.dir/mnt/host/source/src/platform/ec/build/zephyr/ocicat/modules/ec/common/gpio_commands.c.obj
[ocicat:rw] [45/374] Building C object CMakeFiles/app.dir/mnt/host/source/src/platform/ec/build/zephyr/ocicat/modules/ec/common/ec_features.c.obj
[ocicat:ro] [107/374] Building C object zephyr/lib/libc/minimal/CMakeFiles/lib__libc__minimal.dir/source/stdout/fprintf.c.obj
[ocicat:ro] [108/374] Building C object zephyr/lib/libc/minimal/CMakeFiles/lib__libc__minimal.dir/source/math/sqrt.c.obj
[brox:ro] [16/388] Building C object zephyr/CMakeFiles/zephyr.dir/lib/os/sem.c.obj
[mtlrvpp_npcx:rw] [4/412] Generating misc/generated/syscalls.json, misc/generated/struct_tags.json
[ocicat:ro] [109/374] Building C object zephyr/lib/libc/minimal/CMakeFiles/lib__libc__minimal.dir/source/stdout/sprintf.c.obj
[brox:rw] [17/388] Building C object CMakeFiles/app.dir/mnt/host/source/src/platform/ec/zephyr/subsys/ap_pwrseq/power_host_sleep.c.obj
[ocicat:rw] [46/374] Building C object CMakeFiles/app.dir/mnt/host/source/src/platform/ec/build/zephyr/ocicat/modules/ec/common/peripheral.c.obj
[/mnt/host/source/src/platform/ec/build/zephyr/rex-lcov] geninfo: WARNING: using JSON module "JSON::PP" - which is much slower than some alternatives.  Consider installing one of JSON::XS or Cpanel::JSON::XS
[ocicat:ro] [110/374] Building C object zephyr/lib/libc/common/CMakeFiles/lib__libc__common.dir/source/time/asctime.c.obj
[mtlrvpp_npcx:rw] [5/412] Generating include/generated/zephyr/syscall_dispatch.c, include/generated/zephyr/syscall_exports_llext.c, syscall_weakdefs_llext.c, include/generated/zephyr/syscall_list.h
[ocicat:ro] [111/374] Building C object zephyr/lib/libc/common/CMakeFiles/lib__libc__common.dir/source/time/gmtime_r.c.obj
[ocicat:rw] [47/374] Building C object CMakeFiles/app.dir/mnt/host/source/src/platform/ec/build/zephyr/ocicat/modules/ec/common/printf.c.obj
[mtlrvpp_npcx:rw] [6/412] Generating include/generated/zephyr/driver-validation.h
[brox:ro] [17/388] Building C object zephyr/CMakeFiles/zephyr.dir/lib/os/thread_entry.c.obj
[ocicat:ro] [112/374] Building C object zephyr/lib/libc/minimal/CMakeFiles/lib__libc__minimal.dir/source/time/gmtime.c.obj
[ocicat:ro] [113/374] Building C object zephyr/lib/libc/common/CMakeFiles/lib__libc__common.dir/source/time/localtime_r_utc.c.obj
[ocicat:rw] [48/374] Building C object CMakeFiles/app.dir/mnt/host/source/src/platform/ec/build/zephyr/ocicat/modules/ec/common/queue.c.obj
[ocicat:ro] [114/374] Building C object zephyr/lib/libc/common/CMakeFiles/lib__libc__common.dir/source/stdlib/abort.c.obj
[ocicat:ro] [115/374] Linking C static library zephyr/lib/libc/minimal/liblib__libc__minimal.a
[mtlrvpp_npcx:rw] [7/412] Generating include/generated/zephyr/kobj-types-enum.h, include/generated/zephyr/otype-to-str.h, include/generated/zephyr/otype-to-size.h
[mtlrvpp_npcx:rw] [8/412] Generating include/generated/device-api-sections.ld, include/generated/device-api-sections.cmake
[brox:ro] [18/388] Building C object zephyr/CMakeFiles/zephyr.dir/lib/os/cbprintf_nano.c.obj
[ocicat:ro] [116/374] Building C object zephyr/lib/libc/common/CMakeFiles/lib__libc__common.dir/source/time/ctime.c.obj
[ocicat:ro] [117/374] Building C object zephyr/lib/libc/common/CMakeFiles/lib__libc__common.dir/source/string/strnlen.c.obj
[/mnt/host/source/src/platform/ec/build/zephyr/riven-lcov] stderr:
[ocicat:ro] [118/374] Building C object zephyr/lib/posix/c_lib_ext/CMakeFiles/lib__posix__c_lib_ext.dir/fnmatch.c.obj
[ocicat:ro] [119/374] Building C object zephyr/lib/libc/common/CMakeFiles/lib__libc__common.dir/source/time/time.c.obj
[/mnt/host/source/src/platform/ec/build/zephyr/hylia-lcov] stderr:
[ocicat:rw] [49/374] Building C object CMakeFiles/app.dir/mnt/host/source/src/platform/ec/build/zephyr/ocicat/modules/ec/common/system_boot_time.c.obj
[/mnt/host/source/src/platform/ec/build/zephyr/riven-lcov]   /mnt/host/source/src/platform/ec/build/zephyr/riven/build-ro/modules/ec/zephyr/CMakeFiles/ec_shim.dir/shim/src/thermal.c.gcno:no functions found
[/mnt/host/source/src/platform/ec/build/zephyr/riven-lcov] stderr:
[ocicat:rw] [50/374] Building C object CMakeFiles/app.dir/mnt/host/source/src/platform/ec/build/zephyr/ocicat/modules/ec/common/system.c.obj
[ocicat:rw] [51/374] Building C object CMakeFiles/app.dir/mnt/host/source/src/platform/ec/build/zephyr/ocicat/modules/ec/common/uart_printf.c.obj
[brox:ro] [19/388] Building C object zephyr/CMakeFiles/zephyr.dir/lib/os/cbprintf.c.obj
[ocicat:ro] [120/374] Building C object zephyr/lib/libc/common/CMakeFiles/lib__libc__common.dir/source/stdlib/malloc.c.obj
[ocicat:rw] [52/374] Building C object CMakeFiles/app.dir/mnt/host/source/src/platform/ec/build/zephyr/ocicat/modules/ec/common/util.c.obj
[ocicat:ro] [121/374] Linking C static library zephyr/lib/libc/common/liblib__libc__common.a
[/mnt/host/source/src/platform/ec/build/zephyr/riven-lcov]   /mnt/host/source/src/platform/ec/build/zephyr/riven/build-ro/modules/ec/zephyr/CMakeFiles/ec_shim.dir/shim/src/battery.c.gcno:no functions found
[/mnt/host/source/src/platform/ec/build/zephyr/riven-lcov] stderr:
[/mnt/host/source/src/platform/ec/build/zephyr/riven-lcov]   /mnt/host/source/src/platform/ec/build/zephyr/riven/build-ro/modules/ec/zephyr/CMakeFiles/ec_shim.dir/shim/src/charger.c.gcno:no functions found
[/mnt/host/source/src/platform/ec/build/zephyr/riven-lcov] stderr:
[ocicat:rw] [53/374] Building C object CMakeFiles/app.dir/mnt/host/source/src/platform/ec/build/zephyr/ocicat/modules/ec/common/version.c.obj
[brox:rw] [18/388] Building C object CMakeFiles/app.dir/mnt/host/source/src/platform/ec/zephyr/subsys/ap_pwrseq/x86_non_dsx_common_pwrseq_sm_handler.c.obj
[ocicat:ro] [122/374] Building C object zephyr/lib/posix/c_lib_ext/CMakeFiles/lib__posix__c_lib_ext.dir/getentropy.c.obj
[brox:ro] [20/388] Building C object zephyr/CMakeFiles/zephyr.dir/lib/os/assert.c.obj
[ocicat:ro] [123/374] Building C object zephyr/subsys/crc/CMakeFiles/subsys__crc.dir/crc4_sw.c.obj
[ocicat:ro] [124/374] Building C object zephyr/lib/posix/c_lib_ext/CMakeFiles/lib__posix__c_lib_ext.dir/getopt_shim.c.obj
[mtlrvpp_npcx:rw] [9/412] Building C object zephyr/CMakeFiles/offsets.dir/arch/arm/core/offsets/offsets.c.obj
[/mnt/host/source/src/platform/ec/build/zephyr/hylia-lcov]   /mnt/host/source/src/platform/ec/build/zephyr/hylia/build-ro/modules/ec/zephyr/CMakeFiles/ec_shim.dir/shim/src/power.c.gcno:no functions found
[/mnt/host/source/src/platform/ec/build/zephyr/hylia-lcov] stderr:
[brox:ro] [21/388] Building C object zephyr/CMakeFiles/zephyr.dir/lib/utils/dec.c.obj
[ocicat:ro] [125/374] Linking C static library zephyr/lib/posix/c_lib_ext/liblib__posix__c_lib_ext.a
[ocicat:ro] [126/374] Building C object zephyr/subsys/crc/CMakeFiles/subsys__crc.dir/crc8_sw.c.obj
[ocicat:ro] [127/374] Building C object zephyr/subsys/crc/CMakeFiles/subsys__crc.dir/crc7_sw.c.obj
[mtlrvpp_npcx:rw] [10/412] Generating include/generated/zephyr/offsets.h
[ocicat:ro] [128/374] Building C object zephyr/subsys/crc/CMakeFiles/subsys__crc.dir/crc16_sw.c.obj
[brox:ro] [22/388] Building C object zephyr/CMakeFiles/zephyr.dir/lib/utils/hex.c.obj
[ocicat:ro] [129/374] Building C object zephyr/lib/smf/CMakeFiles/lib__smf.dir/smf.c.obj
[ocicat:ro] [130/374] Building C object zephyr/subsys/crc/CMakeFiles/subsys__crc.dir/crc24_sw.c.obj
[/mnt/host/source/src/platform/ec/build/zephyr/hylia-lcov]   /mnt/host/source/src/platform/ec/build/zephyr/hylia/build-ro/modules/ec/zephyr/CMakeFiles/ec_shim.dir/shim/src/thermal.c.gcno:no functions found
[/mnt/host/source/src/platform/ec/build/zephyr/hylia-lcov] stderr:
[ocicat:ro] [131/374] Building C object zephyr/subsys/crc/CMakeFiles/subsys__crc.dir/crc32c_sw.c.obj
[ocicat:ro] [132/374] Linking C static library zephyr/lib/smf/liblib__smf.a
[/mnt/host/source/src/platform/ec/build/zephyr/rex-lcov] stderr:
[ocicat:ro] [133/374] Building C object zephyr/subsys/crc/CMakeFiles/subsys__crc.dir/crc32_sw.c.obj
[ocicat:ro] [134/374] Building C object zephyr/subsys/crc/CMakeFiles/subsys__crc.dir/crc32k_4_2_sw.c.obj
[ocicat:rw] [54/374] Building C object CMakeFiles/app.dir/mnt/host/source/src/platform/ec/build/zephyr/ocicat/modules/ec/common/power_button_x86.c.obj
[/mnt/host/source/src/platform/ec/build/zephyr/rex-lcov]   /mnt/host/source/src/platform/ec/build/zephyr/rex/build-ro/modules/ec/zephyr/CMakeFiles/ec_shim.dir/shim/src/anx7452_usb_mux.c.gcno:no functions found
[/mnt/host/source/src/platform/ec/build/zephyr/rex-lcov] stderr:
[ocicat:rw] [55/374] Building C object CMakeFiles/app.dir/mnt/host/source/src/platform/ec/build/zephyr/ocicat/modules/ec/common/acpi.c.obj
[ocicat:ro] [135/374] Linking C static library zephyr/subsys/crc/libsubsys__crc.a
[/mnt/host/source/src/platform/ec/build/zephyr/riven-lcov]   /mnt/host/source/src/platform/ec/build/zephyr/riven/build-ro/modules/ec/zephyr/CMakeFiles/ec_shim.dir/shim/src/usb_muxes.c.gcno:no functions found
[/mnt/host/source/src/platform/ec/build/zephyr/riven-lcov] stderr:
[brox:ro] [23/388] Building C object zephyr/CMakeFiles/zephyr.dir/lib/utils/timeutil.c.obj
[/mnt/host/source/src/platform/ec/build/zephyr/hylia-lcov]   /mnt/host/source/src/platform/ec/build/zephyr/hylia/build-ro/modules/ec/zephyr/CMakeFiles/ec_shim.dir/shim/src/battery.c.gcno:no functions found
[/mnt/host/source/src/platform/ec/build/zephyr/hylia-lcov] stderr:
[ocicat:rw] [56/374] Building C object CMakeFiles/app.dir/mnt/host/source/src/platform/ec/build/zephyr/ocicat/modules/ec/common/adc.c.obj
[ocicat:ro] [136/374] Building C object zephyr/subsys/input/CMakeFiles/subsys__input.dir/input_hid.c.obj
[/mnt/host/source/src/platform/ec/build/zephyr/hylia-lcov]   /mnt/host/source/src/platform/ec/build/zephyr/hylia/build-ro/modules/ec/zephyr/CMakeFiles/ec_shim.dir/shim/src/charger.c.gcno:no functions found
[/mnt/host/source/src/platform/ec/build/zephyr/hylia-lcov] stderr:
[brox:ro] [24/388] Building C object zephyr/CMakeFiles/zephyr.dir/lib/utils/rb.c.obj
[/mnt/host/source/src/platform/ec/build/zephyr/rex-lcov]   /mnt/host/source/src/platform/ec/build/zephyr/rex/build-ro/modules/ec/zephyr/CMakeFiles/ec_shim.dir/shim/src/thermal.c.gcno:no functions found
[/mnt/host/source/src/platform/ec/build/zephyr/rex-lcov] stderr:
[ocicat:rw] [57/374] Building C object CMakeFiles/app.dir/mnt/host/source/src/platform/ec/build/zephyr/ocicat/modules/ec/common/battery_info.c.obj
[ocicat:rw] [58/374] Building C object CMakeFiles/app.dir/mnt/host/source/src/platform/ec/build/zephyr/ocicat/modules/ec/common/battery.c.obj
[brox:rw] [19/388] Building C object CMakeFiles/app.dir/mnt/host/source/src/platform/ec/zephyr/subsys/ap_pwrseq/x86_non_dsx_chipset_power_state.c.obj
[mtlrvpp_npcx:rw] [11/412] Building C object zephyr/CMakeFiles/zephyr.dir/lib/libc/validate_libc.c.obj
[ocicat:ro] [137/374] Building C object zephyr/subsys/input/CMakeFiles/subsys__input.dir/input.c.obj
[brox:ro] [25/388] Building C object zephyr/CMakeFiles/zephyr.dir/lib/utils/bitmask.c.obj
[/mnt/host/source/src/platform/ec/build/zephyr/rex-lcov]   /mnt/host/source/src/platform/ec/build/zephyr/rex/build-ro/modules/ec/zephyr/CMakeFiles/ec_shim.dir/shim/src/battery.c.gcno:no functions found
[/mnt/host/source/src/platform/ec/build/zephyr/rex-lcov] stderr:
[/mnt/host/source/src/platform/ec/build/zephyr/riven-lcov]   /mnt/host/source/src/platform/ec/build/zephyr/riven/build-ro/modules/ec/zephyr/CMakeFiles/ec_shim.dir/shim/src/usba.c.gcno:no functions found
[/mnt/host/source/src/platform/ec/build/zephyr/riven-lcov] stderr:
[ocicat:ro] [138/374] Building C object zephyr/subsys/input/CMakeFiles/subsys__input.dir/input_utils.c.obj
[ocicat:ro] [139/374] Linking C static library zephyr/subsys/input/libsubsys__input.a
[/mnt/host/source/src/platform/ec/build/zephyr/rex-lcov]   /mnt/host/source/src/platform/ec/build/zephyr/rex/build-ro/modules/ec/zephyr/CMakeFiles/ec_shim.dir/shim/src/charger.c.gcno:no functions found
[/mnt/host/source/src/platform/ec/build/zephyr/rex-lcov] stderr:
[brox:ro] [26/388] Building C object zephyr/CMakeFiles/zephyr.dir/lib/utils/bitarray.c.obj
[ocicat:ro] [140/374] Building C object zephyr/drivers/interrupt_controller/CMakeFiles/drivers__interrupt_controller.dir/intc_ite_it8xxx2_v2.c.obj
[ocicat:ro] [141/374] Building C object zephyr/drivers/interrupt_controller/CMakeFiles/drivers__interrupt_controller.dir/wuc_ite_it8xxx2.c.obj
[/mnt/host/source/src/platform/ec/build/zephyr/hylia-lcov]   /mnt/host/source/src/platform/ec/build/zephyr/hylia/build-ro/modules/ec/zephyr/CMakeFiles/ec_shim.dir/shim/src/usb_muxes.c.gcno:no functions found
[/mnt/host/source/src/platform/ec/build/zephyr/hylia-lcov] stderr:
[ocicat:ro] [142/374] Linking C static library zephyr/drivers/interrupt_controller/libdrivers__interrupt_controller.a
[ocicat:rw] [59/374] Building C object CMakeFiles/app.dir/mnt/host/source/src/platform/ec/build/zephyr/ocicat/modules/ec/common/battery_fuel_gauge.c.obj
[ocicat:rw] [60/374] Building C object CMakeFiles/app.dir/mnt/host/source/src/platform/ec/build/zephyr/ocicat/modules/ec/driver/battery/smart.c.obj
[mtlrvpp_npcx:rw] [12/412] Building C object zephyr/CMakeFiles/zephyr.dir/lib/heap/heap.c.obj
[brox:ro] [27/388] Building C object zephyr/CMakeFiles/zephyr.dir/lib/utils/getopt/getopt.c.obj
[ocicat:ro] [143/374] Building C object zephyr/drivers/adc/CMakeFiles/drivers__adc.dir/adc_common.c.obj
[ocicat:rw] [61/374] Building C object CMakeFiles/app.dir/mnt/host/source/src/platform/ec/build/zephyr/ocicat/modules/ec/driver/charger/isl923x.c.obj
[ocicat:rw] [62/374] Building C object CMakeFiles/app.dir/mnt/host/source/src/platform/ec/build/zephyr/ocicat/modules/ec/driver/charger/isl9241.c.obj
[/mnt/host/source/src/platform/ec/build/zephyr/hylia-lcov]   /mnt/host/source/src/platform/ec/build/zephyr/hylia/build-ro/modules/ec/zephyr/CMakeFiles/ec_shim.dir/shim/src/usba.c.gcno:no functions found
[/mnt/host/source/src/platform/ec/build/zephyr/hylia-lcov] stderr:
[ocicat:rw] [63/374] Building C object CMakeFiles/app.dir/mnt/host/source/src/platform/ec/build/zephyr/ocicat/modules/ec/common/charger.c.obj
[brox:rw] [20/388] Building C object CMakeFiles/app.dir/mnt/host/source/src/platform/ec/zephyr/subsys/ap_pwrseq/x86_non_dsx_common_pwrseq_host_sleep.c.obj
[brox:ro] [28/388] Building C object zephyr/CMakeFiles/zephyr.dir/lib/utils/getopt/getopt_common.c.obj
[ocicat:ro] [144/374] Building C object zephyr/drivers/bbram/CMakeFiles/drivers__bbram.dir/bbram_it8xxx2.c.obj
[/mnt/host/source/src/platform/ec/build/zephyr/rex-lcov]   /mnt/host/source/src/platform/ec/build/zephyr/rex/build-ro/modules/ec/zephyr/CMakeFiles/ec_shim.dir/shim/src/usb_muxes.c.gcno:no functions found
[/mnt/host/source/src/platform/ec/build/zephyr/rex-lcov] stderr:
[brox:ro] [29/388] Building C object zephyr/CMakeFiles/zephyr.dir/lib/utils/ring_buffer.c.obj
[ocicat:ro] [145/374] Building C object zephyr/drivers/adc/CMakeFiles/drivers__adc.dir/adc_ite_it8xxx2.c.obj
[/mnt/host/source/src/platform/ec/build/zephyr/rex-lcov]   /mnt/host/source/src/platform/ec/build/zephyr/rex/build-ro/modules/ec/zephyr/CMakeFiles/ec_shim.dir/shim/src/bb_retimer_usb_mux.c.gcno:no functions found
[/mnt/host/source/src/platform/ec/build/zephyr/rex-lcov] stderr:
[ocicat:ro] [146/374] Linking C static library zephyr/drivers/bbram/libdrivers__bbram.a
[ocicat:ro] [147/374] Linking C static library zephyr/drivers/adc/libdrivers__adc.a
[brox:ro] [30/388] Building C object zephyr/CMakeFiles/zephyr.dir/lib/utils/last_section_id.c.obj
[ocicat:ro] [148/374] Building C object zephyr/drivers/console/CMakeFiles/drivers__console.dir/uart_console.c.obj
[ocicat:ro] [149/374] Linking C static library zephyr/drivers/console/libdrivers__console.a
[mtlrvpp_npcx:rw] [13/412] Building C object zephyr/CMakeFiles/zephyr.dir/lib/os/cbprintf_packaged.c.obj
[ocicat:rw] [64/374] Building C object CMakeFiles/app.dir/mnt/host/source/src/platform/ec/build/zephyr/ocicat/modules/ec/common/cbi_common.c.obj
[brox:ro] [31/388] Building ASM object zephyr/CMakeFiles/zephyr.dir/soc/ite/ec/common/soc_irq.S.obj
[ocicat:ro] [150/374] Building C object zephyr/drivers/crypto/CMakeFiles/drivers__crypto.dir/crypto_it8xxx2_sha_v2.c.obj
[brox:ro] [32/388] Building C object zephyr/CMakeFiles/zephyr.dir/misc/generated/configs.c.obj
[ocicat:ro] [151/374] Linking C static library zephyr/drivers/crypto/libdrivers__crypto.a
[/mnt/host/source/src/platform/ec/build/zephyr/rex-lcov]   /mnt/host/source/src/platform/ec/build/zephyr/rex/build-ro/modules/ec/zephyr/CMakeFiles/ec_shim.dir/shim/src/usba.c.gcno:no functions found
[/mnt/host/source/src/platform/ec/build/zephyr/rex-lcov] stderr:
[ocicat:rw] [65/374] Building C object CMakeFiles/app.dir/mnt/host/source/src/platform/ec/build/zephyr/ocicat/modules/ec/common/cbi_config.c.obj
[ocicat:rw] [66/374] Building C object CMakeFiles/app.dir/mnt/host/source/src/platform/ec/build/zephyr/ocicat/modules/ec/common/cbi.c.obj
[brox:rw] [21/388] Building C object CMakeFiles/app.dir/mnt/host/source/src/platform/ec/zephyr/subsys/ap_pwrseq/x86_non_dsx_common_pwrseq_console.c.obj
[ocicat:rw] [67/374] Building C object CMakeFiles/app.dir/mnt/host/source/src/platform/ec/build/zephyr/ocicat/modules/ec/common/charge_manager.c.obj
[ocicat:rw] [68/374] Building C object CMakeFiles/app.dir/mnt/host/source/src/platform/ec/build/zephyr/ocicat/modules/ec/common/charge_state.c.obj
[ocicat:ro] [152/374] Building C object zephyr/drivers/flash/CMakeFiles/drivers__flash.dir/flash_ite_it8xxx2.c.obj
[ocicat:ro] [153/374] Linking C static library zephyr/drivers/flash/libdrivers__flash.a
[brox:ro] [33/388] Building C object zephyr/CMakeFiles/zephyr.dir/soc/ite/ec/common/soc_common_irq.c.obj
[mtlrvpp_npcx:rw] [14/412] Building C object zephyr/CMakeFiles/zephyr.dir/lib/os/clock.c.obj
[ocicat:ro] [154/374] Building C object zephyr/drivers/espi/CMakeFiles/drivers__espi.dir/espi_it8xxx2.c.obj
[brox:ro] [34/388] Building C object zephyr/CMakeFiles/zephyr.dir/soc/ite/ec/common/power.c.obj
[/mnt/host/source/src/platform/ec/build/zephyr/rex-lcov]   /mnt/host/source/src/platform/ec/build/zephyr/rex/build-ro/modules/ec/zephyr/CMakeFiles/ec_shim.dir/shim/src/kb8010_usb_mux.c.gcno:no functions found
[/mnt/host/source/src/platform/ec/build/zephyr/rex-lcov] stderr:
[ocicat:ro] [155/374] Linking C static library zephyr/drivers/espi/libdrivers__espi.a
[ocicat:rw] [69/374] Building C object CMakeFiles/app.dir/mnt/host/source/src/platform/ec/build/zephyr/ocicat/modules/ec/common/memory_commands.c.obj
[ocicat:ro] [156/374] Building C object zephyr/drivers/i2c/CMakeFiles/drivers__i2c.dir/i2c_common.c.obj
[ocicat:rw] [70/374] Building C object CMakeFiles/app.dir/mnt/host/source/src/platform/ec/build/zephyr/ocicat/modules/ec/common/dptf.c.obj
[ocicat:rw] [71/374] Building C object CMakeFiles/app.dir/mnt/host/source/src/platform/ec/build/zephyr/ocicat/modules/ec/common/ap_reset_log.c.obj
[ocicat:rw] [72/374] Building C object CMakeFiles/app.dir/mnt/host/source/src/platform/ec/build/zephyr/ocicat/modules/ec/common/espi.c.obj
[ocicat:ro] [157/374] Building C object zephyr/drivers/i2c/CMakeFiles/drivers__i2c.dir/i2c_bitbang.c.obj
[brox:rw] [22/388] Building C object CMakeFiles/app.dir/mnt/host/source/src/platform/ec/zephyr/subsys/ap_pwrseq/x86_non_dsx_common_pwrseq_host_command.c.obj
[ocicat:rw] [73/374] Building C object CMakeFiles/app.dir/mnt/host/source/src/platform/ec/build/zephyr/ocicat/modules/ec/common/extpower_common.c.obj
[ocicat:ro] [158/374] Building C object zephyr/drivers/gpio/CMakeFiles/drivers__gpio.dir/gpio_ite_it8xxx2_v2.c.obj
[ocicat:ro] [159/374] Linking C static library zephyr/drivers/gpio/libdrivers__gpio.a
[brox:ro] [35/388] Building C object zephyr/CMakeFiles/zephyr.dir/soc/ite/ec/common/policy.c.obj
[mtlrvpp_npcx:rw] [15/412] Building C object zephyr/CMakeFiles/zephyr.dir/lib/os/printk.c.obj
[brox:ro] [36/388] Building C object zephyr/CMakeFiles/zephyr.dir/soc/ite/ec/it8xxx2/soc.c.obj
[ocicat:ro] [160/374] Building C object zephyr/drivers/i2c/CMakeFiles/drivers__i2c.dir/i2c_shell.c.obj
[ocicat:rw] [74/374] Building C object CMakeFiles/app.dir/mnt/host/source/src/platform/ec/build/zephyr/ocicat/modules/ec/common/extpower_gpio.c.obj
[/mnt/host/source/src/platform/ec/build/zephyr/riven-lcov]   /mnt/host/source/src/platform/ec/build/zephyr/riven/build-ro/modules/ec/zephyr/CMakeFiles/ec_shim.dir/shim/src/keyscan.c.gcno:no functions found
[/mnt/host/source/src/platform/ec/build/zephyr/riven-lcov] stderr:
[brox:ro] [37/388] Building C object zephyr/CMakeFiles/zephyr.dir/soc/ite/ec/it8xxx2/check_regs.c.obj
[brox:ro] [38/388] Building ASM object zephyr/CMakeFiles/zephyr.dir/soc/ite/ec/it8xxx2/vector.S.obj
[ocicat:rw] [75/374] Building C object CMakeFiles/app.dir/mnt/host/source/src/platform/ec/build/zephyr/ocicat/modules/ec/common/fan.c.obj
[ocicat:ro] [161/374] Building C object zephyr/drivers/input/CMakeFiles/drivers__input.dir/input_ite_it8xxx2_kbd.c.obj
[ocicat:rw] [76/374] Building C object CMakeFiles/app.dir/mnt/host/source/src/platform/ec/build/zephyr/ocicat/modules/ec/common/host_command.c.obj
[ocicat:ro] [162/374] Building C object zephyr/drivers/input/CMakeFiles/drivers__input.dir/input_kbd_matrix.c.obj
[ocicat:ro] [163/374] Building C object zephyr/drivers/i2c/CMakeFiles/drivers__i2c.dir/i2c_ite_enhance.c.obj
[ocicat:rw] [77/374] Building C object CMakeFiles/app.dir/mnt/host/source/src/platform/ec/build/zephyr/ocicat/modules/ec/common/flash.c.obj
[mtlrvpp_npcx:rw] [16/412] Building C object zephyr/CMakeFiles/zephyr.dir/lib/os/sem.c.obj
[brox:rw] [23/388] Building C object CMakeFiles/app.dir/mnt/host/source/src/platform/ec/zephyr/subsys/ap_pwrseq/x86_non_dsx_adlp_pwrseq_sm.c.obj
[ocicat:ro] [164/374] Linking C static library zephyr/drivers/input/libdrivers__input.a
[ocicat:ro] [165/374] Linking C static library zephyr/drivers/i2c/libdrivers__i2c.a
[ocicat:rw] [78/374] Building C object CMakeFiles/app.dir/mnt/host/source/src/platform/ec/build/zephyr/ocicat/modules/ec/common/host_command_task.c.obj
[ocicat:ro] [166/374] Building C object zephyr/drivers/pinctrl/CMakeFiles/drivers__pinctrl.dir/common.c.obj
[ocicat:ro] [167/374] Building C object zephyr/drivers/sensor/CMakeFiles/drivers__sensor.dir/mnt/host/source/src/third_party/zephyr/main/misc/empty_file.c.obj
[ocicat:ro] [168/374] Linking C static library zephyr/drivers/sensor/libdrivers__sensor.a
[brox:ro] [39/388] Building C object zephyr/CMakeFiles/zephyr.dir/subsys/logging/log_minimal.c.obj
[brox:ro] [40/388] Building C object zephyr/CMakeFiles/zephyr.dir/soc/ite/ec/it8xxx2/ilm.c.obj
[mtlrvpp_npcx:rw] [17/412] Building C object zephyr/CMakeFiles/zephyr.dir/lib/os/thread_entry.c.obj
[ocicat:rw] [79/374] Building C object CMakeFiles/app.dir/mnt/host/source/src/platform/ec/build/zephyr/ocicat/modules/ec/common/host_event_commands.c.obj
[ocicat:rw] [80/374] Building C object CMakeFiles/app.dir/mnt/host/source/src/platform/ec/build/zephyr/ocicat/modules/ec/common/uart_hostcmd.c.obj
[ocicat:rw] [81/374] Building C object CMakeFiles/app.dir/mnt/host/source/src/platform/ec/build/zephyr/ocicat/modules/ec/common/uptime.c.obj
[brox:rw] [24/388] Building C object CMakeFiles/app.dir/mnt/host/source/src/platform/ec/zephyr/subsys/ap_pwrseq/ap_reset_log.c.obj
[ocicat:ro] [169/374] Building C object zephyr/drivers/pwm/CMakeFiles/drivers__pwm.dir/pwm_ite_it8xxx2.c.obj
[ocicat:ro] [170/374] Building C object zephyr/drivers/pinctrl/CMakeFiles/drivers__pinctrl.dir/pinctrl_ite_it8xxx2.c.obj
[ocicat:ro] [171/374] Linking C static library zephyr/drivers/pinctrl/libdrivers__pinctrl.a
[ocicat:ro] [172/374] Building C object zephyr/drivers/pwm/CMakeFiles/drivers__pwm.dir/pwm_shell.c.obj
[ocicat:rw] [82/374] Building C object CMakeFiles/app.dir/mnt/host/source/src/platform/ec/build/zephyr/ocicat/modules/ec/common/i2c_passthru.c.obj
[ocicat:ro] [173/374] Linking C static library zephyr/drivers/pwm/libdrivers__pwm.a
[ocicat:ro] [174/374] Building C object zephyr/drivers/sensor/ite/ite_tach_it8xxx2/CMakeFiles/drivers__sensor__ite__ite_tach_it8xxx2.dir/tach_ite_it8xxx2.c.obj
[ocicat:rw] [83/374] Building C object CMakeFiles/app.dir/mnt/host/source/src/platform/ec/build/zephyr/ocicat/modules/ec/common/i2c_controller.c.obj
[ocicat:ro] [175/374] Linking C static library zephyr/drivers/sensor/ite/ite_tach_it8xxx2/libdrivers__sensor__ite__ite_tach_it8xxx2.a
[ocicat:ro] [176/374] Building C object zephyr/drivers/syscon/CMakeFiles/drivers__syscon.dir/mnt/host/source/src/third_party/zephyr/main/misc/empty_file.c.obj
[brox:ro] [41/388] Building C object zephyr/CMakeFiles/zephyr.dir/subsys/pm/state.c.obj
[ocicat:ro] [177/374] Linking C static library zephyr/drivers/syscon/libdrivers__syscon.a
[brox:ro] [42/388] Building C object zephyr/CMakeFiles/zephyr.dir/subsys/pm/pm.c.obj
[mtlrvpp_npcx:rw] [18/412] Building C object zephyr/CMakeFiles/zephyr.dir/lib/os/cbprintf_nano.c.obj
[ocicat:rw] [84/374] Building C object CMakeFiles/app.dir/mnt/host/source/src/platform/ec/build/zephyr/ocicat/modules/ec/common/mkbp_fifo.c.obj
[ocicat:rw] [85/374] Building C object CMakeFiles/app.dir/mnt/host/source/src/platform/ec/build/zephyr/ocicat/modules/ec/common/keyboard_8042_sharedlib.c.obj
[ocicat:ro] [178/374] Building C object zephyr/drivers/serial/CMakeFiles/drivers__serial.dir/uart_ite_it8xxx2.c.obj
[ocicat:ro] [179/374] Building C object zephyr/drivers/timer/CMakeFiles/drivers__timer.dir/sys_clock_init.c.obj
[ocicat:rw] [86/374] Building C object CMakeFiles/app.dir/mnt/host/source/src/platform/ec/build/zephyr/ocicat/modules/ec/common/mkbp_info.c.obj
[ocicat:ro] [180/374] Building C object zephyr/drivers/serial/CMakeFiles/drivers__serial.dir/uart_ns16550.c.obj
[ocicat:ro] [181/374] Linking C static library zephyr/drivers/serial/libdrivers__serial.a
[brox:rw] [25/388] Building C object CMakeFiles/app.dir/mnt/host/source/src/platform/ec/zephyr/subsys/pd_controller/pdc_pmc_debug.c.obj
[ocicat:ro] [182/374] Building C object zephyr/drivers/timer/CMakeFiles/drivers__timer.dir/ite_it8xxx2_timer.c.obj
[ocicat:rw] [87/374] Building C object CMakeFiles/app.dir/mnt/host/source/src/platform/ec/build/zephyr/ocicat/modules/ec/common/keyboard_8042.c.obj
[ocicat:ro] [183/374] Linking C static library zephyr/drivers/timer/libdrivers__timer.a
[ocicat:rw] [88/374] Building C object CMakeFiles/app.dir/mnt/host/source/src/platform/ec/build/zephyr/ocicat/modules/ec/common/mkbp_input_devices.c.obj
[brox:ro] [43/388] Building C object zephyr/CMakeFiles/zephyr.dir/subsys/pm/policy/policy_events.c.obj
[/mnt/host/source/src/platform/ec/build/zephyr/rex-lcov]   /mnt/host/source/src/platform/ec/build/zephyr/rex/build-ro/modules/ec/zephyr/CMakeFiles/ec_shim.dir/shim/src/bc12.c.gcno:no functions found
[/mnt/host/source/src/platform/ec/build/zephyr/rex-lcov] stderr:
[brox:ro] [44/388] Building C object zephyr/CMakeFiles/zephyr.dir/subsys/pm/policy/policy_latency.c.obj
[mtlrvpp_npcx:rw] [19/412] Building C object zephyr/CMakeFiles/zephyr.dir/lib/os/cbprintf.c.obj
[ocicat:ro] [184/374] Building C object zephyr/drivers/watchdog/CMakeFiles/drivers__watchdog.dir/wdt_ite_it8xxx2.c.obj
[ocicat:rw] [89/374] Building C object CMakeFiles/app.dir/mnt/host/source/src/platform/ec/build/zephyr/ocicat/modules/ec/common/keyboard_backlight.c.obj
[ocicat:ro] [185/374] Building C object zephyr/drivers/watchdog/CMakeFiles/drivers__watchdog.dir/wdt_shell.c.obj
[ocicat:ro] [186/374] Linking C static library zephyr/drivers/watchdog/libdrivers__watchdog.a
[ocicat:rw] [90/374] Building C object CMakeFiles/app.dir/mnt/host/source/src/platform/ec/build/zephyr/ocicat/modules/ec/common/lid_switch.c.obj
[ocicat:rw] [91/374] Building C object CMakeFiles/app.dir/mnt/host/source/src/platform/ec/build/zephyr/ocicat/modules/ec/common/mkbp_event.c.obj
[brox:ro] [45/388] Building C object zephyr/CMakeFiles/zephyr.dir/subsys/pm/policy/policy_state_lock.c.obj
[ocicat:ro] [187/374] Building C object modules/ec/zephyr/CMakeFiles/ec_shim.dir/app/ec/main_shim.c.obj
[mtlrvpp_npcx:rw] [20/412] Building C object zephyr/CMakeFiles/zephyr.dir/lib/os/assert.c.obj
[ocicat:rw] [92/374] Building C object CMakeFiles/app.dir/mnt/host/source/src/platform/ec/build/zephyr/ocicat/modules/ec/common/port80.c.obj
[brox:ro] [46/388] Building C object zephyr/CMakeFiles/zephyr.dir/subsys/pm/device.c.obj
[ocicat:ro] [188/374] Building C object modules/ec/zephyr/CMakeFiles/ec_shim.dir/app/ec/ec_app_main.c.obj
[brox:rw] [26/388] Building C object CMakeFiles/app.dir/mnt/host/source/src/platform/ec/zephyr/subsys/pd_controller/retimer_fw_update.c.obj
[ocicat:rw] [93/374] Building C object CMakeFiles/app.dir/mnt/host/source/src/platform/ec/build/zephyr/ocicat/modules/ec/common/power_button.c.obj
[mtlrvpp_npcx:rw] [21/412] Building C object zephyr/CMakeFiles/zephyr.dir/lib/utils/dec.c.obj
[ocicat:ro] [189/374] Building C object modules/ec/zephyr/CMakeFiles/ec_shim.dir/app/ec/chip/riscv/riscv-ite/it8xxx2-espi.c.obj
[ocicat:rw] [94/374] Building C object CMakeFiles/app.dir/mnt/host/source/src/platform/ec/build/zephyr/ocicat/modules/ec/power/hibernate.c.obj
[mtlrvpp_npcx:rw] [22/412] Building C object zephyr/CMakeFiles/zephyr.dir/lib/utils/hex.c.obj
[ocicat:ro] [190/374] Building C object modules/ec/zephyr/CMakeFiles/ec_shim.dir/drivers/cros_flash/cros_flash_it8xxx2.c.obj
[brox:ro] [47/388] Building C object zephyr/CMakeFiles/zephyr.dir/subsys/pm/device_runtime.c.obj
[brox:ro] [48/388] Building C object zephyr/CMakeFiles/zephyr.dir/subsys/pm/device_system_managed.c.obj
[ocicat:rw] [95/374] Building C object CMakeFiles/app.dir/mnt/host/source/src/platform/ec/build/zephyr/ocicat/modules/ec/common/panic_output.c.obj
[ocicat:ro] [191/374] Building C object modules/ec/zephyr/CMakeFiles/ec_shim.dir/drivers/cros_kblight/pwm_kblight.c.obj
[ocicat:rw] [96/374] Building C object CMakeFiles/app.dir/mnt/host/source/src/platform/ec/build/zephyr/ocicat/modules/ec/common/shared_mem.c.obj
[ocicat:rw] [97/374] Building C object CMakeFiles/app.dir/mnt/host/source/src/platform/ec/build/zephyr/ocicat/modules/ec/common/switch.c.obj
[ocicat:ro] [192/374] Building C object modules/ec/zephyr/CMakeFiles/ec_shim.dir/drivers/keyboard_input/keyboard_customization_check.c.obj
[ocicat:ro] [193/374] Building C object modules/ec/zephyr/CMakeFiles/ec_shim.dir/drivers/cros_system/cros_system_it8xxx2.c.obj
[ocicat:rw] [98/374] Building C object CMakeFiles/app.dir/mnt/host/source/src/platform/ec/build/zephyr/ocicat/modules/ec/common/thermal.c.obj
[ocicat:ro] [194/374] Building C object modules/ec/zephyr/CMakeFiles/ec_shim.dir/drivers/hibernate/hibernate_z5.c.obj
[mtlrvpp_npcx:rw] [23/412] Building C object zephyr/CMakeFiles/zephyr.dir/lib/utils/rb.c.obj
[ocicat:rw] [99/374] Building C object CMakeFiles/app.dir/mnt/host/source/src/platform/ec/build/zephyr/ocicat/modules/ec/common/temp_sensor.c.obj
[/mnt/host/source/src/platform/ec/build/zephyr/riven-lcov]   /mnt/host/source/src/platform/ec/build/zephyr/riven/build-ro/CMakeFiles/app.dir/mnt/host/source/src/platform/ec/build/zephyr/riven/modules/ec/common/usb_pd_pdo.c.gcno:no functions found
[/mnt/host/source/src/platform/ec/build/zephyr/riven-lcov] stderr:
[brox:ro] [49/388] Building C object zephyr/CMakeFiles/zephyr.dir/subsys/tracing/tracing_none.c.obj
[brox:ro] [50/388] Building C object zephyr/CMakeFiles/zephyr.dir/subsys/testsuite/coverage/coverage.c.obj
[ocicat:ro] [195/374] Building C object modules/ec/zephyr/CMakeFiles/ec_shim.dir/drivers/keyboard_input/keyboard_input.c.obj
[mtlrvpp_npcx:rw] [24/412] Building C object zephyr/CMakeFiles/zephyr.dir/lib/utils/timeutil.c.obj
[ocicat:ro] [196/374] Building C object modules/ec/zephyr/CMakeFiles/ec_shim.dir/drivers/keyboard_input/col_gpio_drive.c.obj
[ocicat:rw] [100/374] Building C object CMakeFiles/app.dir/mnt/host/source/src/platform/ec/build/zephyr/ocicat/modules/ec/driver/temp_sensor/thermistor.c.obj
[ocicat:ro] [197/374] Building C object modules/ec/zephyr/CMakeFiles/ec_shim.dir/drivers/usbc/ucsi_v3.c.obj
[ocicat:rw] [101/374] Building C object CMakeFiles/app.dir/mnt/host/source/src/platform/ec/build/zephyr/ocicat/modules/ec/common/timer.c.obj
[ocicat:rw] [102/374] Building C object CMakeFiles/app.dir/mnt/host/source/src/platform/ec/build/zephyr/ocicat/modules/ec/common/usbc_utils.c.obj
[ocicat:rw] [103/374] Building C object CMakeFiles/app.dir/mnt/host/source/src/platform/ec/build/zephyr/ocicat/modules/ec/common/usb_port_power_dumb.c.obj
[/mnt/host/source/src/platform/ec/build/zephyr/hylia-lcov]   /mnt/host/source/src/platform/ec/build/zephyr/hylia/build-ro/modules/ec/zephyr/CMakeFiles/ec_shim.dir/shim/src/keyscan.c.gcno:no functions found
[/mnt/host/source/src/platform/ec/build/zephyr/hylia-lcov] stderr:
[brox:ro] [51/388] Building C object zephyr/CMakeFiles/zephyr.dir/subsys/shell/modules/kernel_service/kernel_shell.c.obj
[brox:rw] [27/388] Building C object CMakeFiles/app.dir/mnt/host/source/src/platform/ec/zephyr/subsys/pd_controller/pdc_power_mgmt.c.obj
[ocicat:rw] [104/374] Building C object CMakeFiles/app.dir/mnt/host/source/src/platform/ec/build/zephyr/ocicat/modules/ec/common/usb_common.c.obj
[brox:ro] [52/388] Building C object zephyr/CMakeFiles/zephyr.dir/subsys/shell/modules/kernel_service/cycles.c.obj
[mtlrvpp_npcx:rw] [25/412] Building C object zephyr/CMakeFiles/zephyr.dir/lib/utils/bitarray.c.obj
[ocicat:ro] [198/374] Building C object modules/ec/zephyr/CMakeFiles/ec_shim.dir/drivers/boot_keys/boot_keys.c.obj
[ocicat:ro] [199/374] Building C object modules/ec/zephyr/CMakeFiles/ec_shim.dir/drivers/runtime_keys/runtime_keys.c.obj
[mtlrvpp_npcx:rw] [26/412] Building C object zephyr/CMakeFiles/zephyr.dir/lib/utils/bitmask.c.obj
[ocicat:rw] [105/374] Building C object CMakeFiles/app.dir/mnt/host/source/src/platform/ec/build/zephyr/ocicat/modules/ec/common/vstore.c.obj
[ocicat:rw] [106/374] Building C object CMakeFiles/app.dir/mnt/host/source/src/platform/ec/build/zephyr/ocicat/modules/ec/common/vboot_hash.c.obj
[ocicat:ro] [200/374] Building C object modules/ec/zephyr/CMakeFiles/ec_shim.dir/drivers/usbc/pdc_rts54xx.c.obj
[ocicat:ro] [201/374] Building C object modules/ec/zephyr/CMakeFiles/ec_shim.dir/drivers/usbc/pdc_rts54xx_fwup.c.obj
[ocicat:rw] [107/374] Building C object CMakeFiles/app.dir/mnt/host/source/src/platform/ec/build/zephyr/ocicat/modules/ec/common/usb_pd_host_cmd_common.c.obj
[ocicat:rw] [108/374] Building C object CMakeFiles/app.dir/mnt/host/source/src/platform/ec/build/zephyr/ocicat/modules/ec/common/button.c.obj
[brox:ro] [53/388] Building C object zephyr/CMakeFiles/zephyr.dir/subsys/shell/modules/kernel_service/sleep.c.obj
[brox:ro] [54/388] Building C object zephyr/CMakeFiles/zephyr.dir/subsys/shell/modules/kernel_service/uptime.c.obj
[ocicat:rw] [109/374] Building C object CMakeFiles/app.dir/mnt/host/source/src/platform/ec/build/zephyr/ocicat/modules/ec/common/math_util.c.obj
[brox:rw] [28/388] Building C object CMakeFiles/app.dir/mnt/host/source/src/platform/ec/zephyr/subsys/pd_controller/pdc_console.c.obj
[mtlrvpp_npcx:rw] [27/412] Building C object zephyr/CMakeFiles/zephyr.dir/lib/utils/getopt/getopt.c.obj
[ocicat:ro] [202/374] Building C object modules/ec/zephyr/CMakeFiles/ec_shim.dir/drivers/vivaldi_kbd/vivaldi_kbd.c.obj
[ocicat:ro] [203/374] Building C object modules/ec/zephyr/CMakeFiles/ec_shim.dir/shim/chip/it8xxx2/clock.c.obj
[ocicat:rw] [110/374] Building C object CMakeFiles/app.dir/ocicat/src/board_power.c.obj
[ocicat:rw] [111/374] Building C object CMakeFiles/app.dir/ocicat/src/keyboard_customization.c.obj
[ocicat:ro] [204/374] Building C object modules/ec/zephyr/CMakeFiles/ec_shim.dir/shim/chip/it8xxx2/system.c.obj
[ocicat:rw] [112/374] Building C object CMakeFiles/app.dir/ocicat/src/board.c.obj
[brox:ro] [55/388] Building C object zephyr/CMakeFiles/zephyr.dir/subsys/shell/modules/kernel_service/version.c.obj
[ocicat:rw] [113/374] Building C object CMakeFiles/app.dir/ocicat/src/fan.c.obj
[brox:ro] [56/388] Building C object zephyr/CMakeFiles/zephyr.dir/subsys/shell/modules/kernel_service/thread/thread.c.obj
[ocicat:ro] [205/374] Building C object modules/ec/zephyr/CMakeFiles/ec_shim.dir/shim/src/crc.c.obj
[ocicat:rw] [114/374] Building C object zephyr/CMakeFiles/zephyr.dir/lib/libc/validate_libc.c.obj
[ocicat:rw] [115/374] Linking C static library app/libapp.a
[mtlrvpp_npcx:rw] [28/412] Building C object zephyr/CMakeFiles/zephyr.dir/lib/utils/getopt/getopt_common.c.obj
[/mnt/host/source/src/platform/ec/build/zephyr/rex-lcov]   /mnt/host/source/src/platform/ec/build/zephyr/rex/build-ro/CMakeFiles/app.dir/mnt/host/source/src/platform/ec/build/zephyr/rex/modules/ec/common/usb_pd_pdo.c.gcno:no functions found
[/mnt/host/source/src/platform/ec/build/zephyr/rex-lcov] stderr:
[brox:rw] [29/388] Building C object CMakeFiles/app.dir/mnt/host/source/src/platform/ec/zephyr/subsys/pd_controller/pdc_host_cmd.c.obj
[ocicat:ro] [206/374] Building C object modules/ec/zephyr/CMakeFiles/ec_shim.dir/shim/chip/it8xxx2/power_policy.c.obj
[ocicat:rw] [116/374] Building C object zephyr/CMakeFiles/zephyr.dir/lib/heap/heap.c.obj
[ocicat:ro] [207/374] Building C object modules/ec/zephyr/CMakeFiles/ec_shim.dir/shim/chip/it8xxx2/gpio.c.obj
[brox:ro] [57/388] Building C object zephyr/CMakeFiles/zephyr.dir/subsys/shell/modules/kernel_service/thread/stacks.c.obj
[mtlrvpp_npcx:rw] [29/412] Building C object zephyr/CMakeFiles/zephyr.dir/lib/utils/ring_buffer.c.obj
[ocicat:rw] [117/374] Building C object zephyr/CMakeFiles/zephyr.dir/lib/os/cbprintf_packaged.c.obj
[brox:ro] [58/388] Building C object zephyr/CMakeFiles/zephyr.dir/subsys/shell/modules/kernel_service/thread/list.c.obj
[ocicat:rw] [118/374] Building C object zephyr/CMakeFiles/zephyr.dir/lib/os/clock.c.obj
[ocicat:ro] [208/374] Building C object modules/ec/zephyr/CMakeFiles/ec_shim.dir/shim/src/console.c.obj
[ocicat:rw] [119/374] Building C object zephyr/CMakeFiles/zephyr.dir/lib/os/sem.c.obj
[ocicat:rw] [120/374] Building C object zephyr/CMakeFiles/zephyr.dir/lib/os/printk.c.obj
[mtlrvpp_npcx:rw] [30/412] Building C object zephyr/CMakeFiles/zephyr.dir/lib/utils/last_section_id.c.obj
[mtlrvpp_npcx:rw] [31/412] Building C object zephyr/CMakeFiles/zephyr.dir/misc/generated/configs.c.obj
[ocicat:rw] [121/374] Building C object zephyr/CMakeFiles/zephyr.dir/lib/utils/base64.c.obj
[ocicat:ro] [209/374] Building C object modules/ec/zephyr/CMakeFiles/ec_shim.dir/shim/src/gpio.c.obj
[ocicat:rw] [122/374] Building C object zephyr/CMakeFiles/zephyr.dir/lib/utils/dec.c.obj
[ocicat:ro] [210/374] Building C object modules/ec/zephyr/CMakeFiles/ec_shim.dir/shim/src/panic_utils.c.obj
[ocicat:rw] [123/374] Building C object zephyr/CMakeFiles/zephyr.dir/lib/os/cbprintf.c.obj
[ocicat:rw] [124/374] Building C object zephyr/CMakeFiles/zephyr.dir/lib/os/assert.c.obj
[brox:ro] [59/388] Building C object zephyr/CMakeFiles/zephyr.dir/subsys/shell/modules/kernel_service/thread/unwind.c.obj
[ocicat:rw] [125/374] Building C object zephyr/CMakeFiles/zephyr.dir/lib/os/thread_entry.c.obj
[brox:rw] [30/388] Building C object CMakeFiles/app.dir/mnt/host/source/src/platform/ec/zephyr/subsys/pd_controller/pdc_stub.c.obj
[ocicat:rw] [126/374] Building C object zephyr/CMakeFiles/zephyr.dir/lib/os/cbprintf_nano.c.obj
[brox:ro] [60/388] Building C object zephyr/CMakeFiles/zephyr.dir/subsys/shell/modules/kernel_service/thread/suspend.c.obj
[ocicat:ro] [211/374] Building C object modules/ec/zephyr/CMakeFiles/ec_shim.dir/shim/src/gpio_int.c.obj
[ocicat:rw] [127/374] Building C object zephyr/CMakeFiles/zephyr.dir/lib/utils/hex.c.obj
[ocicat:ro] [212/374] Building C object modules/ec/zephyr/CMakeFiles/ec_shim.dir/shim/src/pm_state.c.obj
[/mnt/host/source/src/platform/ec/build/zephyr/hylia-lcov]   /mnt/host/source/src/platform/ec/build/zephyr/hylia/build-ro/CMakeFiles/app.dir/mnt/host/source/src/platform/ec/build/zephyr/hylia/modules/ec/common/chargen.c.gcno:no functions found
[/mnt/host/source/src/platform/ec/build/zephyr/hylia-lcov] stderr:
[ocicat:rw] [128/374] Building C object zephyr/CMakeFiles/zephyr.dir/lib/utils/bitmask.c.obj
[mtlrvpp_npcx:rw] [32/412] Building C object zephyr/CMakeFiles/zephyr.dir/soc/nuvoton/npcx/common/power.c.obj
[ocicat:rw] [129/374] Building C object zephyr/CMakeFiles/zephyr.dir/lib/utils/timeutil.c.obj
[ocicat:ro] [213/374] Building C object modules/ec/zephyr/CMakeFiles/ec_shim.dir/shim/src/cbi/cros_cbi.c.obj
[ocicat:ro] [214/374] Building C object modules/ec/zephyr/CMakeFiles/ec_shim.dir/shim/src/cbi/cros_cbi_fw_config.c.obj
[ocicat:rw] [130/374] Building C object zephyr/CMakeFiles/zephyr.dir/lib/utils/rb.c.obj
[brox:ro] [61/388] Building C object zephyr/CMakeFiles/zephyr.dir/subsys/shell/modules/kernel_service/thread/kill.c.obj
[brox:ro] [62/388] Building C object zephyr/CMakeFiles/zephyr.dir/subsys/shell/modules/kernel_service/thread/resume.c.obj
[ocicat:rw] [131/374] Building C object zephyr/CMakeFiles/zephyr.dir/lib/utils/bitarray.c.obj
[ocicat:rw] [132/374] Building C object zephyr/CMakeFiles/zephyr.dir/lib/utils/ring_buffer.c.obj
[ocicat:rw] [133/374] Building C object zephyr/CMakeFiles/zephyr.dir/lib/utils/getopt/getopt.c.obj
[ocicat:rw] [134/374] Building C object zephyr/CMakeFiles/zephyr.dir/lib/utils/last_section_id.c.obj
[ocicat:ro] [215/374] Building C object modules/ec/zephyr/CMakeFiles/ec_shim.dir/shim/src/cbi/cros_cbi_ufsc.c.obj
[brox:rw] [31/388] Building C object CMakeFiles/app.dir/mnt/host/source/src/platform/ec/zephyr/subsys/pd_controller/pdc_dpm.c.obj
[ocicat:ro] [216/374] Building C object modules/ec/zephyr/CMakeFiles/ec_shim.dir/shim/src/cbi/cbi_flash.c.obj
[ocicat:rw] [135/374] Building C object zephyr/CMakeFiles/zephyr.dir/lib/utils/getopt/getopt_common.c.obj
[ocicat:rw] [136/374] Building ASM object zephyr/CMakeFiles/zephyr.dir/soc/ite/ec/common/soc_irq.S.obj
[mtlrvpp_npcx:rw] [33/412] Building C object zephyr/CMakeFiles/zephyr.dir/soc/nuvoton/npcx/common/scfg.c.obj
[ocicat:rw] [137/374] Building C object zephyr/CMakeFiles/zephyr.dir/misc/generated/configs.c.obj
[ocicat:rw] [138/374] Building C object zephyr/CMakeFiles/zephyr.dir/soc/ite/ec/common/soc_common_irq.c.obj
[ocicat:ro] [217/374] Building C object modules/ec/zephyr/CMakeFiles/ec_shim.dir/shim/src/system.c.obj
[ocicat:rw] [139/374] Building C object zephyr/CMakeFiles/zephyr.dir/soc/ite/ec/common/power.c.obj
[ocicat:ro] [218/374] Building C object modules/ec/zephyr/CMakeFiles/ec_shim.dir/shim/src/pdc_shim.c.obj
[ocicat:ro] [219/374] Building C object modules/ec/zephyr/CMakeFiles/ec_shim.dir/shim/src/adc.c.obj
[ocicat:rw] [140/374] Building ASM object zephyr/CMakeFiles/zephyr.dir/soc/ite/ec/it8xxx2/vector.S.obj
[ocicat:ro] [220/374] Building C object modules/ec/zephyr/CMakeFiles/ec_shim.dir/shim/src/battery.c.obj
[brox:ro] [63/388] Building C object zephyr/CMakeFiles/zephyr.dir/subsys/shell/backends/shell_uart.c.obj
[ocicat:rw] [141/374] Building C object zephyr/CMakeFiles/zephyr.dir/soc/ite/ec/common/policy.c.obj
[/mnt/host/source/src/platform/ec/build/zephyr/hylia-lcov]   /mnt/host/source/src/platform/ec/build/zephyr/hylia/build-ro/CMakeFiles/app.dir/mnt/host/source/src/platform/ec/build/zephyr/hylia/modules/ec/common/cbi_config.c.gcno:no functions found
[/mnt/host/source/src/platform/ec/build/zephyr/hylia-lcov] stderr:
[brox:ro] [64/388] Building C object zephyr/CMakeFiles/zephyr.dir/subsys/shell/shell.c.obj
[ocicat:rw] [142/374] Building C object zephyr/CMakeFiles/zephyr.dir/soc/ite/ec/it8xxx2/check_regs.c.obj
[brox:rw] [32/388] Building C object CMakeFiles/app.dir/mnt/host/source/src/platform/ec/zephyr/subsys/pd_controller/pdc_trace_msg.c.obj
[mtlrvpp_npcx:rw] [34/412] Building C object zephyr/CMakeFiles/zephyr.dir/soc/nuvoton/npcx/common/npcxn/registers.c.obj
[ocicat:rw] [143/374] Building C object zephyr/CMakeFiles/zephyr.dir/soc/ite/ec/it8xxx2/soc.c.obj
[ocicat:ro] [221/374] Building C object modules/ec/zephyr/CMakeFiles/ec_shim.dir/shim/src/charger.c.obj
[ocicat:rw] [144/374] Building C object zephyr/CMakeFiles/zephyr.dir/soc/ite/ec/it8xxx2/ilm.c.obj
[ocicat:rw] [145/374] Building C object zephyr/CMakeFiles/zephyr.dir/subsys/logging/log_minimal.c.obj
[brox:ro] [65/388] Building C object zephyr/CMakeFiles/zephyr.dir/subsys/shell/shell_fprintf.c.obj
[ocicat:rw] [146/374] Building C object zephyr/CMakeFiles/zephyr.dir/subsys/pm/state.c.obj
[ocicat:ro] [222/374] Building C object modules/ec/zephyr/CMakeFiles/ec_shim.dir/shim/src/chipset_api.c.obj
[ocicat:rw] [147/374] Building C object zephyr/CMakeFiles/zephyr.dir/subsys/pm/pm.c.obj
[ocicat:ro] [223/374] Building C object modules/ec/zephyr/CMakeFiles/ec_shim.dir/shim/src/espi.c.obj
[brox:ro] [66/388] Building C object zephyr/CMakeFiles/zephyr.dir/subsys/shell/shell_utils.c.obj
[mtlrvpp_npcx:rw] [35/412] Building C object zephyr/CMakeFiles/zephyr.dir/soc/nuvoton/npcx/npcx9/soc.c.obj
[ocicat:ro] [224/374] Building C object modules/ec/zephyr/CMakeFiles/ec_shim.dir/shim/src/fan.c.obj
[brox:rw] [33/388] Building C object CMakeFiles/app.dir/mnt/host/source/src/platform/ec/zephyr/subsys/pd_controller/pdc_runtime_port_config.c.obj
[ocicat:rw] [148/374] Building C object zephyr/CMakeFiles/zephyr.dir/subsys/pm/policy/policy_events.c.obj
[ocicat:rw] [149/374] Building C object zephyr/CMakeFiles/zephyr.dir/subsys/pm/policy/policy_latency.c.obj
[ocicat:rw] [150/374] Building C object zephyr/CMakeFiles/zephyr.dir/subsys/pm/policy/policy_state_lock.c.obj
[ocicat:ro] [225/374] Building C object modules/ec/zephyr/CMakeFiles/ec_shim.dir/shim/src/flash.c.obj
[ocicat:rw] [151/374] Building C object zephyr/CMakeFiles/zephyr.dir/subsys/pm/device.c.obj
[ocicat:rw] [152/374] Building C object zephyr/CMakeFiles/zephyr.dir/subsys/pm/device_runtime.c.obj
[brox:ro] [67/388] Building C object zephyr/CMakeFiles/zephyr.dir/subsys/shell/shell_ops.c.obj
[ocicat:ro] [226/374] Building C object modules/ec/zephyr/CMakeFiles/ec_shim.dir/shim/src/hooks.c.obj
[ocicat:rw] [153/374] Building C object zephyr/CMakeFiles/zephyr.dir/subsys/pm/device_system_managed.c.obj
[mtlrvpp_npcx:rw] [36/412] Building C object zephyr/CMakeFiles/zephyr.dir/subsys/logging/log_minimal.c.obj
[ocicat:ro] [227/374] Building C object modules/ec/zephyr/CMakeFiles/ec_shim.dir/shim/src/host_command.c.obj
[brox:ro] [68/388] Building C object zephyr/CMakeFiles/zephyr.dir/subsys/shell/shell_help.c.obj
[ocicat:rw] [154/374] Building C object zephyr/CMakeFiles/zephyr.dir/subsys/tracing/tracing_none.c.obj
[ocicat:ro] [228/374] Building C object modules/ec/zephyr/CMakeFiles/ec_shim.dir/shim/src/console_buffer.c.obj
[ocicat:rw] [155/374] Building C object zephyr/CMakeFiles/zephyr.dir/subsys/testsuite/coverage/coverage.c.obj
[brox:rw] [34/388] Building C object CMakeFiles/app.dir/mnt/host/source/src/platform/ec/zephyr/subsys/ucsi/ppm_common.c.obj
[ocicat:ro] [229/374] Building C object modules/ec/zephyr/CMakeFiles/ec_shim.dir/shim/src/mkbp_event.c.obj
[ocicat:rw] [156/374] Building C object zephyr/CMakeFiles/zephyr.dir/subsys/shell/modules/kernel_service/cycles.c.obj
[ocicat:rw] [157/374] Building C object zephyr/CMakeFiles/zephyr.dir/subsys/shell/modules/kernel_service/kernel_shell.c.obj
[brox:ro] [69/388] Building C object zephyr/CMakeFiles/zephyr.dir/subsys/shell/shell_history.c.obj
[ocicat:ro] [230/374] Building C object modules/ec/zephyr/CMakeFiles/ec_shim.dir/shim/src/panic.c.obj
[/mnt/host/source/src/platform/ec/build/zephyr/riven-lcov]   /mnt/host/source/src/platform/ec/build/zephyr/riven/build-ro/CMakeFiles/app.dir/mnt/host/source/src/platform/ec/build/zephyr/riven/modules/ec/common/chargen.c.gcno:no functions found
[/mnt/host/source/src/platform/ec/build/zephyr/riven-lcov] stderr:
[ocicat:rw] [158/374] Building C object zephyr/CMakeFiles/zephyr.dir/subsys/shell/modules/kernel_service/sleep.c.obj
[brox:ro] [70/388] Building C object zephyr/CMakeFiles/zephyr.dir/drivers/flash/flash_util.c.obj
[mtlrvpp_npcx:rw] [37/412] Building C object zephyr/CMakeFiles/zephyr.dir/subsys/mem_mgmt/mem_attr.c.obj
[ocicat:rw] [159/374] Building C object zephyr/CMakeFiles/zephyr.dir/subsys/shell/modules/kernel_service/uptime.c.obj
[ocicat:rw] [160/374] Building C object zephyr/CMakeFiles/zephyr.dir/subsys/shell/modules/kernel_service/version.c.obj
[brox:ro] [71/388] Linking C static library zephyr/libzephyr.a
[ocicat:ro] [231/374] Building C object modules/ec/zephyr/CMakeFiles/ec_shim.dir/shim/src/pwm_hc.c.obj
[ocicat:rw] [161/374] Building C object zephyr/CMakeFiles/zephyr.dir/subsys/shell/modules/kernel_service/thread/thread.c.obj
[ocicat:ro] [232/374] Building C object modules/ec/zephyr/CMakeFiles/ec_shim.dir/shim/src/thermal.c.obj
[/mnt/host/source/src/platform/ec/build/zephyr/hylia-lcov]   /mnt/host/source/src/platform/ec/build/zephyr/hylia/build-ro/CMakeFiles/app.dir/mnt/host/source/src/platform/ec/build/zephyr/hylia/modules/ec/zephyr/program/rauru/src/common.c.gcno:no functions found
[/mnt/host/source/src/platform/ec/build/zephyr/hylia-lcov] stderr:
[ocicat:ro] [233/374] Building C object modules/ec/zephyr/CMakeFiles/ec_shim.dir/shim/src/temp_sensors.c.obj
[brox:ro] [72/388] Building C object zephyr/arch/common/CMakeFiles/arch__common.dir/sw_isr_common.c.obj
[ocicat:rw] [162/374] Building C object zephyr/CMakeFiles/zephyr.dir/subsys/shell/modules/kernel_service/thread/list.c.obj
[ocicat:ro] [234/374] Building C object modules/ec/zephyr/CMakeFiles/ec_shim.dir/shim/src/hwtimer.c.obj
[ocicat:rw] [163/374] Building C object zephyr/CMakeFiles/zephyr.dir/subsys/shell/modules/kernel_service/thread/stacks.c.obj
[brox:rw] [35/388] Building C object CMakeFiles/app.dir/mnt/host/source/src/platform/ec/zephyr/subsys/ucsi/ppm_console.c.obj
[ocicat:rw] [164/374] Building C object zephyr/CMakeFiles/zephyr.dir/subsys/shell/modules/kernel_service/thread/unwind.c.obj
[brox:ro] [73/388] Building C object zephyr/arch/common/CMakeFiles/arch__common.dir/dynamic_isr.c.obj
[mtlrvpp_npcx:rw] [38/412] Building C object zephyr/CMakeFiles/zephyr.dir/subsys/pm/pm.c.obj
[ocicat:rw] [165/374] Building C object zephyr/CMakeFiles/zephyr.dir/subsys/shell/modules/kernel_service/thread/suspend.c.obj
[ocicat:rw] [166/374] Building C object zephyr/CMakeFiles/zephyr.dir/subsys/shell/modules/kernel_service/thread/resume.c.obj
[brox:ro] [74/388] Building C object zephyr/arch/common/CMakeFiles/arch__common.dir/init.c.obj
[/mnt/host/source/src/platform/ec/build/zephyr/hylia-lcov]   /mnt/host/source/src/platform/ec/build/zephyr/hylia/build-ro/zephyr/arch/arch/riscv/core/CMakeFiles/arch__riscv__core.dir/cpu_idle.c.gcno:no functions found
[/mnt/host/source/src/platform/ec/build/zephyr/hylia-lcov] stderr:
[ocicat:ro] [235/374] Building C object modules/ec/zephyr/CMakeFiles/ec_shim.dir/shim/src/i2c.c.obj
[ocicat:rw] [167/374] Building C object zephyr/CMakeFiles/zephyr.dir/subsys/shell/modules/kernel_service/thread/kill.c.obj
[ocicat:ro] [236/374] Building C object modules/ec/zephyr/CMakeFiles/ec_shim.dir/shim/src/watchdog.c.obj
[ocicat:ro] [237/374] Building C object modules/ec/zephyr/CMakeFiles/ec_shim.dir/shim/src/tasks.c.obj
[ocicat:ro] [238/374] Building C object modules/ec/zephyr/CMakeFiles/ec_shim.dir/shim/src/usba.c.obj
[mtlrvpp_npcx:rw] [39/412] Building C object zephyr/CMakeFiles/zephyr.dir/subsys/pm/state.c.obj
[ocicat:ro] [239/374] cd /mnt/host/source/src/platform/ec/build/zephyr/ocicat/build-ro/modules/ec/zephyr && PYTHONPATH=/mnt/host/source/src/platform/ec/build/zephyr/ocicat/modules/ec/zephyr/zmake/ /usr/bin/python3.11 /mnt/host/source/src/platform/ec/build/zephyr/ocicat/modules/ec/zephyr/zmake/zephyr_build_tools/generate_ec_version.py /mnt/host/source/src/platform/ec/build/zephyr/ocicat/build-ro/modules/ec/zephyr/include/ec_version.h --name Zephyr-Kernel --version 16543.0.0 --static
[ocicat:ro] INFO:root:Using a static version string
[ocicat:rw] [168/374] Building C object zephyr/CMakeFiles/zephyr.dir/subsys/shell/backends/shell_uart.c.obj
[brox:ro] [75/388] Building C object zephyr/arch/common/CMakeFiles/arch__common.dir/xip.c.obj
[ocicat:rw] [169/374] Building C object zephyr/CMakeFiles/zephyr.dir/subsys/shell/shell_fprintf.c.obj
[brox:ro] [76/388] Building C object zephyr/arch/common/CMakeFiles/isr_tables.dir/isr_tables.c.obj
[brox:ro] [77/388] Linking C static library zephyr/arch/common/libisr_tables.a
[brox:ro] [78/388] Linking C static library zephyr/arch/common/libarch__common.a
[brox:rw] [36/388] Building C object CMakeFiles/app.dir/mnt/host/source/src/platform/ec/zephyr/subsys/ucsi/ppm_driver.c.obj
[ocicat:rw] [170/374] Building C object zephyr/CMakeFiles/zephyr.dir/subsys/shell/shell_utils.c.obj
[ocicat:rw] [171/374] Building C object zephyr/CMakeFiles/zephyr.dir/subsys/shell/shell.c.obj
[ocicat:ro] INFO:root:Version string: Zephyr-Kernel-16543.0.0
[ocicat:ro] INFO:root:Writing header to /mnt/host/source/src/platform/ec/build/zephyr/ocicat/build-ro/modules/ec/zephyr/include/ec_version.h
[ocicat:ro] [240/374] Building C object modules/ec/zephyr/CMakeFiles/ec_shim.dir/shim/src/power_host_sleep_api.c.obj
[ocicat:ro] [241/374] Building C object zephyr/kernel/CMakeFiles/kernel.dir/main_weak.c.obj
[mtlrvpp_npcx:rw] [40/412] Building C object zephyr/CMakeFiles/zephyr.dir/subsys/pm/policy/policy_events.c.obj
[/mnt/host/source/src/platform/ec/build/zephyr/hylia-lcov]   /mnt/host/source/src/platform/ec/build/zephyr/hylia/build-ro/zephyr/arch/common/CMakeFiles/isr_tables.dir/isr_tables.c.gcno:no functions found
[/mnt/host/source/src/platform/ec/build/zephyr/hylia-lcov] stderr:
[ocicat:ro] [242/374] Building C object CMakeFiles/app.dir/mnt/host/source/src/platform/ec/zephyr/subsys/ap_pwrseq/ap_events.c.obj
[ocicat:ro] [243/374] Building C object modules/ec/zephyr/CMakeFiles/ec_shim.dir/shim/src/sha256_hw.c.obj
[ocicat:rw] [172/374] Building C object zephyr/CMakeFiles/zephyr.dir/subsys/shell/shell_ops.c.obj
[brox:ro] [79/388] Building C object zephyr/arch/arch/riscv/core/CMakeFiles/arch__riscv__core.dir/cpu_idle.c.obj
[ocicat:rw] [173/374] Building C object zephyr/CMakeFiles/zephyr.dir/subsys/shell/shell_history.c.obj
[ocicat:rw] [174/374] Building C object zephyr/CMakeFiles/zephyr.dir/subsys/shell/shell_help.c.obj
[ocicat:rw] [175/374] Building C object zephyr/arch/common/CMakeFiles/arch__common.dir/sw_isr_common.c.obj
[brox:ro] [80/388] Building C object zephyr/arch/arch/riscv/core/CMakeFiles/arch__riscv__core.dir/fatal.c.obj
[ocicat:rw] [176/374] Building C object zephyr/CMakeFiles/zephyr.dir/drivers/flash/flash_util.c.obj
[ocicat:rw] [177/374] Building C object zephyr/arch/common/CMakeFiles/arch__common.dir/dynamic_isr.c.obj
[brox:rw] [37/388] Building C object CMakeFiles/app.dir/mnt/host/source/src/platform/ec/zephyr/subsys/ucsi/ucsi_host_cmd.c.obj
[ocicat:rw] [178/374] Linking C static library zephyr/libzephyr.a
[ocicat:ro] [244/374] Building C object CMakeFiles/app.dir/mnt/host/source/src/platform/ec/zephyr/subsys/ap_pwrseq/power_signals.c.obj
[mtlrvpp_npcx:rw] [41/412] Building C object zephyr/CMakeFiles/zephyr.dir/subsys/pm/policy/policy_latency.c.obj
[ocicat:rw] [179/374] Building C object zephyr/arch/common/CMakeFiles/arch__common.dir/init.c.obj
[ocicat:ro] [245/374] Building C object CMakeFiles/app.dir/mnt/host/source/src/platform/ec/zephyr/subsys/ap_pwrseq/ap_power_interface.c.obj
[brox:ro] [81/388] Building C object zephyr/arch/arch/riscv/core/CMakeFiles/arch__riscv__core.dir/prep_c.c.obj
[ocicat:ro] [246/374] Building C object CMakeFiles/app.dir/mnt/host/source/src/platform/ec/zephyr/subsys/ap_pwrseq/signal_gpio.c.obj
[brox:ro] [82/388] Building C object zephyr/arch/arch/riscv/core/CMakeFiles/arch__riscv__core.dir/irq_manage.c.obj
[ocicat:rw] [180/374] Building C object zephyr/arch/common/CMakeFiles/arch__common.dir/xip.c.obj
[ocicat:ro] [247/374] Building C object CMakeFiles/app.dir/mnt/host/source/src/platform/ec/zephyr/subsys/ap_pwrseq/signal_vw.c.obj
[ocicat:rw] [181/374] Building C object zephyr/arch/common/CMakeFiles/isr_tables.dir/isr_tables.c.obj
[ocicat:rw] [182/374] Linking C static library zephyr/arch/common/libisr_tables.a
[ocicat:rw] [183/374] Building C object zephyr/arch/arch/riscv/core/CMakeFiles/arch__riscv__core.dir/cpu_idle.c.obj
[ocicat:rw] [184/374] Linking C static library zephyr/arch/common/libarch__common.a
[/mnt/host/source/src/platform/ec/build/zephyr/rex-lcov]   /mnt/host/source/src/platform/ec/build/zephyr/rex/build-ro/CMakeFiles/app.dir/mnt/host/source/src/platform/ec/build/zephyr/rex/modules/ec/common/chargen.c.gcno:no functions found
[/mnt/host/source/src/platform/ec/build/zephyr/rex-lcov] stderr:
[ocicat:rw] [185/374] Building C object zephyr/arch/arch/riscv/core/CMakeFiles/arch__riscv__core.dir/prep_c.c.obj
[mtlrvpp_npcx:rw] [42/412] Building C object zephyr/CMakeFiles/zephyr.dir/subsys/pm/policy/policy_state_lock.c.obj
[brox:rw] [38/388] Building C object CMakeFiles/app.dir/mnt/host/source/src/platform/ec/build/zephyr/brox/modules/ec/builtin/stdlib.c.obj
[ocicat:rw] [186/374] Building C object zephyr/arch/arch/riscv/core/CMakeFiles/arch__riscv__core.dir/fatal.c.obj
[brox:ro] [83/388] Building C object zephyr/arch/arch/riscv/core/CMakeFiles/arch__riscv__core.dir/reboot.c.obj
[ocicat:rw] [187/374] Building C object zephyr/arch/arch/riscv/core/CMakeFiles/arch__riscv__core.dir/irq_manage.c.obj
[ocicat:ro] [248/374] Building C object CMakeFiles/app.dir/mnt/host/source/src/platform/ec/zephyr/subsys/ap_pwrseq/ap_pwrseq_sm.c.obj
[ocicat:ro] [249/374] Building C object CMakeFiles/app.dir/mnt/host/source/src/platform/ec/zephyr/subsys/ap_pwrseq/ap_pwrseq.c.obj
[brox:ro] [84/388] Building ASM object zephyr/arch/arch/riscv/core/CMakeFiles/arch__riscv__core.dir/reset.S.obj
[ocicat:ro] [250/374] Building C object CMakeFiles/app.dir/mnt/host/source/src/platform/ec/zephyr/subsys/ap_pwrseq/power_host_sleep.c.obj
[ocicat:rw] [188/374] Building C object zephyr/arch/arch/riscv/core/CMakeFiles/arch__riscv__core.dir/reboot.c.obj
[ocicat:rw] [189/374] Building ASM object zephyr/arch/arch/riscv/core/CMakeFiles/arch__riscv__core.dir/reset.S.obj
[ocicat:ro] [251/374] Building C object CMakeFiles/app.dir/mnt/host/source/src/platform/ec/zephyr/subsys/ap_pwrseq/x86_non_dsx_common_pwrseq_sm_handler.c.obj
[ocicat:rw] [190/374] Building ASM object zephyr/arch/arch/riscv/core/CMakeFiles/arch__riscv__core.dir/switch.S.obj
[ocicat:rw] [191/374] Generating ../../../include/generated/libc/minimal/strerror_table.h
[ocicat:rw] [192/374] Building C object zephyr/arch/arch/riscv/core/CMakeFiles/arch__riscv__core.dir/thread.c.obj
[ocicat:rw] [193/374] Building ASM object zephyr/arch/arch/riscv/core/CMakeFiles/arch__riscv__core.dir/isr.S.obj
[mtlrvpp_npcx:rw] [43/412] Building C object zephyr/CMakeFiles/zephyr.dir/subsys/pm/device.c.obj
[ocicat:rw] [194/374] Building C object zephyr/lib/libc/minimal/CMakeFiles/lib__libc__minimal.dir/source/stdlib/atoi.c.obj
[brox:rw] [39/388] Building C object CMakeFiles/app.dir/mnt/host/source/src/platform/ec/build/zephyr/brox/modules/ec/common/base32.c.obj
[ocicat:rw] [195/374] Building C object zephyr/lib/libc/minimal/CMakeFiles/lib__libc__minimal.dir/source/stdlib/strtol.c.obj
[ocicat:rw] [196/374] Building C object zephyr/lib/libc/minimal/CMakeFiles/lib__libc__minimal.dir/source/stdlib/strtoul.c.obj
[brox:ro] [85/388] Building C object zephyr/arch/arch/riscv/core/CMakeFiles/arch__riscv__core.dir/thread.c.obj
[brox:ro] [86/388] Building ASM object zephyr/arch/arch/riscv/core/CMakeFiles/arch__riscv__core.dir/switch.S.obj
[ocicat:rw] [197/374] Building C object zephyr/lib/libc/minimal/CMakeFiles/lib__libc__minimal.dir/source/stdlib/strtoll.c.obj
[ocicat:rw] [198/374] Building C object zephyr/lib/libc/minimal/CMakeFiles/lib__libc__minimal.dir/source/stdlib/strtoull.c.obj
[ocicat:rw] [199/374] Building C object zephyr/lib/libc/minimal/CMakeFiles/lib__libc__minimal.dir/source/stdlib/bsearch.c.obj
[ocicat:ro] [252/374] Building C object CMakeFiles/app.dir/mnt/host/source/src/platform/ec/zephyr/subsys/ap_pwrseq/x86_non_dsx_chipset_power_state.c.obj
[ocicat:rw] [200/374] Building C object zephyr/arch/arch/riscv/core/CMakeFiles/arch__riscv__core.dir/stacktrace.c.obj
[ocicat:ro] [253/374] Building C object CMakeFiles/app.dir/mnt/host/source/src/platform/ec/zephyr/subsys/ap_pwrseq/x86_non_dsx_common_pwrseq_host_sleep.c.obj
[/mnt/host/source/src/platform/ec/build/zephyr/riven-lcov]   /mnt/host/source/src/platform/ec/build/zephyr/riven/build-ro/CMakeFiles/app.dir/mnt/host/source/src/platform/ec/build/zephyr/riven/modules/ec/common/cbi_config.c.gcno:no functions found
[/mnt/host/source/src/platform/ec/build/zephyr/riven-lcov] stderr:
[ocicat:rw] [201/374] Building C object zephyr/lib/libc/common/CMakeFiles/lib__libc__common.dir/source/stdlib/abort.c.obj
[ocicat:rw] [202/374] Linking C static library zephyr/arch/arch/riscv/core/libarch__riscv__core.a
[ocicat:rw] [203/374] Building C object zephyr/lib/libc/minimal/CMakeFiles/lib__libc__minimal.dir/source/string/strerror.c.obj
[ocicat:ro] [254/374] Building C object CMakeFiles/app.dir/mnt/host/source/src/platform/ec/zephyr/subsys/ap_pwrseq/x86_non_dsx_common_pwrseq_console.c.obj
[ocicat:rw] [204/374] Building C object zephyr/lib/libc/minimal/CMakeFiles/lib__libc__minimal.dir/source/stdlib/qsort.c.obj
[mtlrvpp_npcx:rw] [44/412] Building C object zephyr/CMakeFiles/zephyr.dir/subsys/pm/device_system_managed.c.obj
[ocicat:ro] [255/374] Building C object CMakeFiles/app.dir/mnt/host/source/src/platform/ec/zephyr/subsys/ap_pwrseq/x86_non_dsx_common_pwrseq_host_command.c.obj
[ocicat:rw] [205/374] Building C object zephyr/lib/libc/minimal/CMakeFiles/lib__libc__minimal.dir/source/string/strncasecmp.c.obj
[ocicat:rw] [206/374] Building C object zephyr/lib/libc/minimal/CMakeFiles/lib__libc__minimal.dir/source/string/strstr.c.obj
[ocicat:rw] [207/374] Building C object zephyr/lib/libc/minimal/CMakeFiles/lib__libc__minimal.dir/source/string/strspn.c.obj
[ocicat:rw] [208/374] Building C object zephyr/lib/libc/minimal/CMakeFiles/lib__libc__minimal.dir/source/stdlib/exit.c.obj
[brox:ro] [87/388] Building ASM object zephyr/arch/arch/riscv/core/CMakeFiles/arch__riscv__core.dir/isr.S.obj
[ocicat:rw] [209/374] Building C object zephyr/lib/libc/minimal/CMakeFiles/lib__libc__minimal.dir/source/string/string.c.obj
[brox:ro] [88/388] Generating ../../../include/generated/libc/minimal/strerror_table.h
[brox:ro] [89/388] Building C object zephyr/arch/arch/riscv/core/CMakeFiles/arch__riscv__core.dir/stacktrace.c.obj
[brox:ro] [90/388] Linking C static library zephyr/arch/arch/riscv/core/libarch__riscv__core.a
[brox:ro] [91/388] Building C object zephyr/lib/libc/minimal/CMakeFiles/lib__libc__minimal.dir/source/stdlib/atoi.c.obj
[brox:rw] [40/388] Building C object CMakeFiles/app.dir/mnt/host/source/src/platform/ec/build/zephyr/brox/modules/ec/common/console_output.c.obj
[ocicat:rw] [210/374] Building C object zephyr/lib/libc/minimal/CMakeFiles/lib__libc__minimal.dir/source/math/sqrtf.c.obj
[ocicat:ro] [256/374] Building C object CMakeFiles/app.dir/mnt/host/source/src/platform/ec/zephyr/subsys/ap_pwrseq/ap_reset_log.c.obj
[ocicat:rw] [211/374] Building C object zephyr/lib/libc/minimal/CMakeFiles/lib__libc__minimal.dir/source/math/sqrt.c.obj
[ocicat:ro] [257/374] Building C object CMakeFiles/app.dir/mnt/host/source/src/platform/ec/zephyr/subsys/ap_pwrseq/x86_non_dsx_mtl_pwrseq_sm.c.obj
[brox:ro] [92/388] Building C object zephyr/lib/libc/minimal/CMakeFiles/lib__libc__minimal.dir/source/stdlib/strtol.c.obj
[brox:ro] [93/388] Building C object zephyr/lib/libc/minimal/CMakeFiles/lib__libc__minimal.dir/source/stdlib/strtoul.c.obj
[ocicat:rw] [212/374] Building C object zephyr/lib/libc/minimal/CMakeFiles/lib__libc__minimal.dir/source/stdout/sprintf.c.obj
[ocicat:rw] [213/374] Building C object zephyr/lib/libc/minimal/CMakeFiles/lib__libc__minimal.dir/source/stdout/stdout_console.c.obj
[mtlrvpp_npcx:rw] [45/412] Building C object zephyr/CMakeFiles/zephyr.dir/subsys/testsuite/coverage/coverage.c.obj
[brox:ro] [94/388] Building C object zephyr/lib/libc/minimal/CMakeFiles/lib__libc__minimal.dir/source/stdlib/strtoll.c.obj
[ocicat:rw] [214/374] Building C object zephyr/lib/libc/common/CMakeFiles/lib__libc__common.dir/source/time/asctime.c.obj
[ocicat:ro] [258/374] Building C object CMakeFiles/app.dir/mnt/host/source/src/platform/ec/zephyr/subsys/pd_controller/pdc_pmc_debug.c.obj
[brox:ro] [95/388] Building C object zephyr/lib/libc/minimal/CMakeFiles/lib__libc__minimal.dir/source/stdlib/strtoull.c.obj
[ocicat:rw] [215/374] Building C object zephyr/lib/libc/minimal/CMakeFiles/lib__libc__minimal.dir/source/stdout/fprintf.c.obj
[ocicat:rw] [216/374] Building C object zephyr/lib/libc/common/CMakeFiles/lib__libc__common.dir/source/time/gmtime_r.c.obj
[brox:ro] [96/388] Building C object zephyr/lib/libc/minimal/CMakeFiles/lib__libc__minimal.dir/source/stdlib/bsearch.c.obj
[/mnt/host/source/src/platform/ec/build/zephyr/hylia-lcov]   /mnt/host/source/src/platform/ec/build/zephyr/hylia/build-ro/zephyr/CMakeFiles/zephyr.dir/subsys/shell/modules/kernel_service/kernel_shell.c.gcno:no functions found
[/mnt/host/source/src/platform/ec/build/zephyr/hylia-lcov] stderr:
[ocicat:rw] [217/374] Building C object zephyr/lib/libc/common/CMakeFiles/lib__libc__common.dir/source/time/ctime.c.obj
[ocicat:rw] [218/374] Building C object zephyr/lib/libc/common/CMakeFiles/lib__libc__common.dir/source/time/localtime_r_utc.c.obj
[ocicat:rw] [219/374] Building C object zephyr/lib/libc/minimal/CMakeFiles/lib__libc__minimal.dir/source/time/gmtime.c.obj
[ocicat:rw] [220/374] Building C object zephyr/lib/libc/common/CMakeFiles/lib__libc__common.dir/source/time/time.c.obj
[ocicat:rw] [221/374] Linking C static library zephyr/lib/libc/minimal/liblib__libc__minimal.a
[/mnt/host/source/src/platform/ec/build/zephyr/hylia-lcov]   /mnt/host/source/src/platform/ec/build/zephyr/hylia/build-ro/zephyr/CMakeFiles/zephyr.dir/lib/libc/validate_libc.c.gcno:no functions found
[/mnt/host/source/src/platform/ec/build/zephyr/hylia-lcov] stderr:
[ocicat:rw] [222/374] Building C object zephyr/lib/libc/common/CMakeFiles/lib__libc__common.dir/source/string/strnlen.c.obj
[ocicat:rw] [223/374] Building C object zephyr/lib/posix/c_lib_ext/CMakeFiles/lib__posix__c_lib_ext.dir/fnmatch.c.obj
[/mnt/host/source/src/platform/ec/build/zephyr/riven-lcov]   /mnt/host/source/src/platform/ec/build/zephyr/riven/build-ro/zephyr/arch/arch/arm/core/mpu/CMakeFiles/arch__arm__core__mpu.dir/arm_mpu_regions.c.gcno:no functions found
[/mnt/host/source/src/platform/ec/build/zephyr/riven-lcov] stderr:
[brox:ro] [97/388] Building C object zephyr/lib/libc/minimal/CMakeFiles/lib__libc__minimal.dir/source/stdlib/qsort.c.obj
[mtlrvpp_npcx:rw] [46/412] Building C object zephyr/CMakeFiles/zephyr.dir/subsys/tracing/tracing_none.c.obj
[brox:rw] [41/388] Building C object CMakeFiles/app.dir/mnt/host/source/src/platform/ec/build/zephyr/brox/modules/ec/common/ec_features.c.obj
[ocicat:rw] [224/374] Building C object zephyr/subsys/crc/CMakeFiles/subsys__crc.dir/crc4_sw.c.obj
[ocicat:rw] [225/374] Building C object zephyr/lib/libc/common/CMakeFiles/lib__libc__common.dir/source/stdlib/malloc.c.obj
[ocicat:ro] [259/374] Building C object CMakeFiles/app.dir/mnt/host/source/src/platform/ec/zephyr/subsys/pd_controller/pdc_host_cmd.c.obj
[brox:ro] [98/388] Building C object zephyr/lib/libc/minimal/CMakeFiles/lib__libc__minimal.dir/source/stdlib/exit.c.obj
[ocicat:rw] [226/374] Linking C static library zephyr/lib/libc/common/liblib__libc__common.a
[ocicat:ro] [260/374] Building C object CMakeFiles/app.dir/mnt/host/source/src/platform/ec/zephyr/subsys/pd_controller/pdc_console.c.obj
[brox:ro] [99/388] Building C object zephyr/lib/libc/minimal/CMakeFiles/lib__libc__minimal.dir/source/string/strerror.c.obj
[ocicat:ro] [261/374] Building C object CMakeFiles/app.dir/mnt/host/source/src/platform/ec/zephyr/subsys/pd_controller/pdc_stub.c.obj
[brox:ro] [100/388] Building C object zephyr/lib/libc/minimal/CMakeFiles/lib__libc__minimal.dir/source/string/strncasecmp.c.obj
[ocicat:rw] [227/374] Building C object zephyr/subsys/crc/CMakeFiles/subsys__crc.dir/crc8_sw.c.obj
[ocicat:rw] [228/374] Building C object zephyr/subsys/crc/CMakeFiles/subsys__crc.dir/crc16_sw.c.obj
[brox:ro] [101/388] Building C object zephyr/lib/libc/minimal/CMakeFiles/lib__libc__minimal.dir/source/string/strstr.c.obj
[ocicat:rw] [229/374] Building C object zephyr/subsys/crc/CMakeFiles/subsys__crc.dir/crc7_sw.c.obj
[ocicat:rw] [230/374] Building C object zephyr/lib/posix/c_lib_ext/CMakeFiles/lib__posix__c_lib_ext.dir/getopt_shim.c.obj
[brox:ro] [102/388] Building C object zephyr/lib/libc/minimal/CMakeFiles/lib__libc__minimal.dir/source/string/string.c.obj
[ocicat:rw] [231/374] Building C object zephyr/lib/posix/c_lib_ext/CMakeFiles/lib__posix__c_lib_ext.dir/getentropy.c.obj
[brox:ro] [103/388] Building C object zephyr/lib/libc/minimal/CMakeFiles/lib__libc__minimal.dir/source/string/strspn.c.obj
[ocicat:rw] [232/374] Building C object zephyr/subsys/crc/CMakeFiles/subsys__crc.dir/crc24_sw.c.obj
[ocicat:rw] [233/374] Linking C static library zephyr/lib/posix/c_lib_ext/liblib__posix__c_lib_ext.a
[ocicat:rw] [234/374] Building C object zephyr/subsys/crc/CMakeFiles/subsys__crc.dir/crc32_sw.c.obj
[ocicat:rw] [235/374] Building C object zephyr/subsys/crc/CMakeFiles/subsys__crc.dir/crc32c_sw.c.obj
[ocicat:rw] [236/374] Building C object zephyr/lib/smf/CMakeFiles/lib__smf.dir/smf.c.obj
[ocicat:rw] [237/374] Building C object zephyr/subsys/crc/CMakeFiles/subsys__crc.dir/crc32k_4_2_sw.c.obj
[mtlrvpp_npcx:rw] [47/412] Building C object zephyr/CMakeFiles/zephyr.dir/subsys/shell/modules/kernel_service/kernel_shell.c.obj
[ocicat:rw] [238/374] Linking C static library zephyr/subsys/crc/libsubsys__crc.a
[ocicat:rw] [239/374] Linking C static library zephyr/lib/smf/liblib__smf.a
[ocicat:ro] [262/374] Building C object CMakeFiles/app.dir/mnt/host/source/src/platform/ec/zephyr/subsys/pd_controller/pdc_power_mgmt.c.obj
[/mnt/host/source/src/platform/ec/build/zephyr/riven-lcov]   /mnt/host/source/src/platform/ec/build/zephyr/riven/build-ro/zephyr/arch/common/CMakeFiles/isr_tables.dir/isr_tables.c.gcno:no functions found
[/mnt/host/source/src/platform/ec/build/zephyr/riven-lcov] stderr:
[ocicat:rw] [240/374] Building C object zephyr/subsys/input/CMakeFiles/subsys__input.dir/input_hid.c.obj
[brox:rw] [42/388] Building C object CMakeFiles/app.dir/mnt/host/source/src/platform/ec/build/zephyr/brox/modules/ec/common/gpio_commands.c.obj
[/mnt/host/source/src/platform/ec/build/zephyr/hylia-lcov]   /mnt/host/source/src/platform/ec/build/zephyr/hylia/build-ro/zephyr/CMakeFiles/zephyr.dir/lib/utils/last_section_id.c.gcno:no functions found
[/mnt/host/source/src/platform/ec/build/zephyr/hylia-lcov] stderr:
[brox:ro] [104/388] Building C object zephyr/lib/libc/minimal/CMakeFiles/lib__libc__minimal.dir/source/stdout/stdout_console.c.obj
[brox:ro] [105/388] Building C object zephyr/lib/libc/minimal/CMakeFiles/lib__libc__minimal.dir/source/stdout/sprintf.c.obj
[ocicat:ro] [263/374] Building C object CMakeFiles/app.dir/mnt/host/source/src/platform/ec/zephyr/subsys/pd_controller/pdc_dpm.c.obj
[ocicat:ro] [264/374] Building C object CMakeFiles/app.dir/mnt/host/source/src/platform/ec/zephyr/subsys/ucsi/ppm_common.c.obj
[ocicat:ro] [265/374] Building C object CMakeFiles/app.dir/mnt/host/source/src/platform/ec/zephyr/subsys/ucsi/ppm_console.c.obj
[ocicat:rw] [241/374] Building C object zephyr/subsys/input/CMakeFiles/subsys__input.dir/input.c.obj
[mtlrvpp_npcx:rw] [48/412] Building C object zephyr/CMakeFiles/zephyr.dir/subsys/shell/modules/kernel_service/cycles.c.obj
[ocicat:rw] [242/374] Building C object zephyr/drivers/interrupt_controller/CMakeFiles/drivers__interrupt_controller.dir/intc_ite_it8xxx2_v2.c.obj
[brox:ro] [106/388] Building C object zephyr/lib/libc/minimal/CMakeFiles/lib__libc__minimal.dir/source/math/sqrtf.c.obj
[ocicat:rw] [243/374] Building C object zephyr/subsys/input/CMakeFiles/subsys__input.dir/input_utils.c.obj
[ocicat:rw] [244/374] Linking C static library zephyr/subsys/input/libsubsys__input.a
[ocicat:rw] [245/374] Building C object zephyr/drivers/adc/CMakeFiles/drivers__adc.dir/adc_common.c.obj
[ocicat:rw] [246/374] Building C object zephyr/drivers/interrupt_controller/CMakeFiles/drivers__interrupt_controller.dir/wuc_ite_it8xxx2.c.obj
[brox:ro] [107/388] Building C object zephyr/lib/libc/minimal/CMakeFiles/lib__libc__minimal.dir/source/stdout/fprintf.c.obj
[brox:ro] [108/388] Building C object zephyr/lib/libc/minimal/CMakeFiles/lib__libc__minimal.dir/source/math/sqrt.c.obj
[ocicat:rw] [247/374] Linking C static library zephyr/drivers/interrupt_controller/libdrivers__interrupt_controller.a
[ocicat:ro] [266/374] Building C object CMakeFiles/app.dir/mnt/host/source/src/platform/ec/zephyr/subsys/ucsi/ppm_driver.c.obj
[brox:rw] [43/388] Building C object CMakeFiles/app.dir/mnt/host/source/src/platform/ec/build/zephyr/brox/modules/ec/common/peripheral.c.obj
[ocicat:ro] [267/374] Building C object CMakeFiles/app.dir/mnt/host/source/src/platform/ec/zephyr/subsys/ucsi/ucsi_host_cmd.c.obj
[ocicat:ro] [268/374] Building C object CMakeFiles/app.dir/mnt/host/source/src/platform/ec/build/zephyr/ocicat/modules/ec/builtin/stdlib.c.obj
[ocicat:ro] [269/374] Building C object CMakeFiles/app.dir/mnt/host/source/src/platform/ec/build/zephyr/ocicat/modules/ec/common/base32.c.obj
[ocicat:rw] [248/374] Building C object zephyr/drivers/bbram/CMakeFiles/drivers__bbram.dir/bbram_it8xxx2.c.obj
[ocicat:rw] [249/374] Linking C static library zephyr/drivers/bbram/libdrivers__bbram.a
[mtlrvpp_npcx:rw] [49/412] Building C object zephyr/CMakeFiles/zephyr.dir/subsys/shell/modules/kernel_service/sleep.c.obj
[ocicat:rw] [250/374] Building C object zephyr/drivers/console/CMakeFiles/drivers__console.dir/uart_console.c.obj
[ocicat:rw] [251/374] Building C object zephyr/drivers/adc/CMakeFiles/drivers__adc.dir/adc_ite_it8xxx2.c.obj
[ocicat:rw] [252/374] Linking C static library zephyr/drivers/console/libdrivers__console.a
[ocicat:rw] [253/374] Linking C static library zephyr/drivers/adc/libdrivers__adc.a
[ocicat:rw] [254/374] Building C object zephyr/drivers/crypto/CMakeFiles/drivers__crypto.dir/crypto_it8xxx2_sha_v2.c.obj
[brox:ro] [109/388] Building C object zephyr/lib/libc/common/CMakeFiles/lib__libc__common.dir/source/stdlib/abort.c.obj
[brox:ro] [110/388] Building C object zephyr/lib/libc/minimal/CMakeFiles/lib__libc__minimal.dir/source/time/gmtime.c.obj
[ocicat:rw] [255/374] Linking C static library zephyr/drivers/crypto/libdrivers__crypto.a
[brox:ro] [111/388] Linking C static library zephyr/lib/libc/minimal/liblib__libc__minimal.a
[ocicat:ro] [270/374] Building C object CMakeFiles/app.dir/mnt/host/source/src/platform/ec/build/zephyr/ocicat/modules/ec/common/console_output.c.obj
[/mnt/host/source/src/platform/ec/build/zephyr/rex-lcov]   /mnt/host/source/src/platform/ec/build/zephyr/rex/build-ro/CMakeFiles/app.dir/mnt/host/source/src/platform/ec/build/zephyr/rex/modules/ec/common/cbi_config.c.gcno:no functions found
[/mnt/host/source/src/platform/ec/build/zephyr/rex-lcov] stderr:
[brox:ro] [112/388] Building C object zephyr/lib/libc/common/CMakeFiles/lib__libc__common.dir/source/time/asctime.c.obj
[brox:ro] [113/388] Building C object zephyr/lib/libc/common/CMakeFiles/lib__libc__common.dir/source/time/gmtime_r.c.obj
[brox:rw] [44/388] Building C object CMakeFiles/app.dir/mnt/host/source/src/platform/ec/build/zephyr/brox/modules/ec/common/printf.c.obj
[ocicat:rw] [256/374] Building C object zephyr/drivers/flash/CMakeFiles/drivers__flash.dir/flash_ite_it8xxx2.c.obj
[ocicat:ro] [271/374] Building C object CMakeFiles/app.dir/mnt/host/source/src/platform/ec/build/zephyr/ocicat/modules/ec/common/gpio_commands.c.obj
[ocicat:rw] [257/374] Linking C static library zephyr/drivers/flash/libdrivers__flash.a
[ocicat:rw] [258/374] Building C object zephyr/drivers/espi/CMakeFiles/drivers__espi.dir/espi_it8xxx2.c.obj
[ocicat:ro] [272/374] Building C object CMakeFiles/app.dir/mnt/host/source/src/platform/ec/build/zephyr/ocicat/modules/ec/common/ec_features.c.obj
[ocicat:ro] [273/374] Building C object CMakeFiles/app.dir/mnt/host/source/src/platform/ec/build/zephyr/ocicat/modules/ec/common/peripheral.c.obj
[ocicat:rw] [259/374] Linking C static library zephyr/drivers/espi/libdrivers__espi.a
[mtlrvpp_npcx:rw] [50/412] Building C object zephyr/CMakeFiles/zephyr.dir/subsys/shell/modules/kernel_service/uptime.c.obj
[brox:ro] [114/388] Building C object zephyr/lib/libc/common/CMakeFiles/lib__libc__common.dir/source/time/localtime_r_utc.c.obj
[brox:ro] [115/388] Building C object zephyr/lib/libc/common/CMakeFiles/lib__libc__common.dir/source/time/ctime.c.obj
[ocicat:rw] [260/374] Building C object zephyr/drivers/i2c/CMakeFiles/drivers__i2c.dir/i2c_common.c.obj
[ocicat:rw] [261/374] Building C object zephyr/drivers/i2c/CMakeFiles/drivers__i2c.dir/i2c_bitbang.c.obj
[brox:ro] [116/388] Building C object zephyr/lib/libc/common/CMakeFiles/lib__libc__common.dir/source/time/time.c.obj
[ocicat:ro] [274/374] Building C object CMakeFiles/app.dir/mnt/host/source/src/platform/ec/build/zephyr/ocicat/modules/ec/common/printf.c.obj
[brox:ro] [117/388] Building C object zephyr/lib/libc/common/CMakeFiles/lib__libc__common.dir/source/string/strnlen.c.obj
[brox:rw] [45/388] Building C object CMakeFiles/app.dir/mnt/host/source/src/platform/ec/build/zephyr/brox/modules/ec/common/queue.c.obj
[ocicat:ro] [275/374] Building C object CMakeFiles/app.dir/mnt/host/source/src/platform/ec/build/zephyr/ocicat/modules/ec/common/queue.c.obj
[ocicat:rw] [262/374] Building C object zephyr/drivers/i2c/CMakeFiles/drivers__i2c.dir/i2c_shell.c.obj
[brox:ro] [118/388] Building C object zephyr/lib/libc/common/CMakeFiles/lib__libc__common.dir/source/stdlib/malloc.c.obj
[ocicat:rw] [263/374] Building C object zephyr/drivers/gpio/CMakeFiles/drivers__gpio.dir/gpio_ite_it8xxx2_v2.c.obj
[brox:ro] [119/388] Linking C static library zephyr/lib/libc/common/liblib__libc__common.a
[ocicat:rw] [264/374] Linking C static library zephyr/drivers/gpio/libdrivers__gpio.a
[brox:ro] [120/388] Building C object zephyr/lib/posix/c_lib_ext/CMakeFiles/lib__posix__c_lib_ext.dir/fnmatch.c.obj
[mtlrvpp_npcx:rw] [51/412] Building C object zephyr/CMakeFiles/zephyr.dir/subsys/shell/modules/kernel_service/version.c.obj
[ocicat:ro] [276/374] Building C object CMakeFiles/app.dir/mnt/host/source/src/platform/ec/build/zephyr/ocicat/modules/ec/common/system_boot_time.c.obj
[ocicat:rw] [265/374] Building C object zephyr/drivers/i2c/CMakeFiles/drivers__i2c.dir/i2c_ite_enhance.c.obj
[/mnt/host/source/src/platform/ec/build/zephyr/rex-lcov]   /mnt/host/source/src/platform/ec/build/zephyr/rex/build-ro/zephyr/arch/arch/arm/core/mpu/CMakeFiles/arch__arm__core__mpu.dir/arm_mpu_regions.c.gcno:no functions found
[/mnt/host/source/src/platform/ec/build/zephyr/rex-lcov] stderr:
[ocicat:rw] [266/374] Building C object zephyr/drivers/input/CMakeFiles/drivers__input.dir/input_kbd_matrix.c.obj
[ocicat:rw] [267/374] Linking C static library zephyr/drivers/i2c/libdrivers__i2c.a
[ocicat:rw] [268/374] Building C object zephyr/drivers/input/CMakeFiles/drivers__input.dir/input_ite_it8xxx2_kbd.c.obj
[ocicat:rw] [269/374] Linking C static library zephyr/drivers/input/libdrivers__input.a
[ocicat:ro] [277/374] Building C object CMakeFiles/app.dir/mnt/host/source/src/platform/ec/build/zephyr/ocicat/modules/ec/common/system.c.obj
[ocicat:ro] [278/374] Building C object CMakeFiles/app.dir/mnt/host/source/src/platform/ec/build/zephyr/ocicat/modules/ec/common/uart_printf.c.obj
[ocicat:rw] [270/374] Building C object zephyr/drivers/pinctrl/CMakeFiles/drivers__pinctrl.dir/common.c.obj
[brox:ro] [121/388] Building C object zephyr/lib/posix/c_lib_ext/CMakeFiles/lib__posix__c_lib_ext.dir/getentropy.c.obj
[brox:ro] [122/388] Building C object zephyr/lib/posix/c_lib_ext/CMakeFiles/lib__posix__c_lib_ext.dir/getopt_shim.c.obj
[/mnt/host/source/src/platform/ec/build/zephyr/riven-lcov]   /mnt/host/source/src/platform/ec/build/zephyr/riven/build-ro/zephyr/CMakeFiles/zephyr.dir/subsys/shell/modules/kernel_service/kernel_shell.c.gcno:no functions found
[/mnt/host/source/src/platform/ec/build/zephyr/riven-lcov] stderr:
[ocicat:ro] [279/374] Building C object CMakeFiles/app.dir/mnt/host/source/src/platform/ec/build/zephyr/ocicat/modules/ec/common/util.c.obj
[brox:ro] [123/388] Linking C static library zephyr/lib/posix/c_lib_ext/liblib__posix__c_lib_ext.a
[ocicat:ro] [280/374] Building C object CMakeFiles/app.dir/mnt/host/source/src/platform/ec/build/zephyr/ocicat/modules/ec/common/version.c.obj
[ocicat:rw] [271/374] Building C object zephyr/drivers/pwm/CMakeFiles/drivers__pwm.dir/pwm_shell.c.obj
[mtlrvpp_npcx:rw] [52/412] Building C object zephyr/CMakeFiles/zephyr.dir/subsys/shell/modules/kernel_service/thread/thread.c.obj
[ocicat:rw] [272/374] Building C object zephyr/drivers/pinctrl/CMakeFiles/drivers__pinctrl.dir/pinctrl_ite_it8xxx2.c.obj
[ocicat:rw] [273/374] Linking C static library zephyr/drivers/pinctrl/libdrivers__pinctrl.a
[ocicat:rw] [274/374] Building C object zephyr/drivers/pwm/CMakeFiles/drivers__pwm.dir/pwm_ite_it8xxx2.c.obj
[brox:ro] [124/388] Building C object zephyr/subsys/crc/CMakeFiles/subsys__crc.dir/crc4_sw.c.obj
[ocicat:rw] [275/374] Linking C static library zephyr/drivers/pwm/libdrivers__pwm.a
[/mnt/host/source/src/platform/ec/build/zephyr/riven-lcov]   /mnt/host/source/src/platform/ec/build/zephyr/riven/build-ro/zephyr/CMakeFiles/zephyr.dir/lib/libc/validate_libc.c.gcno:no functions found
[/mnt/host/source/src/platform/ec/build/zephyr/riven-lcov] stderr:
[ocicat:rw] [276/374] Building C object zephyr/drivers/sensor/ite/ite_tach_it8xxx2/CMakeFiles/drivers__sensor__ite__ite_tach_it8xxx2.dir/tach_ite_it8xxx2.c.obj
[brox:rw] [46/388] Building C object CMakeFiles/app.dir/mnt/host/source/src/platform/ec/build/zephyr/brox/modules/ec/common/system.c.obj
[ocicat:rw] [277/374] Linking C static library zephyr/drivers/sensor/ite/ite_tach_it8xxx2/libdrivers__sensor__ite__ite_tach_it8xxx2.a
[brox:ro] [125/388] Building C object zephyr/subsys/crc/CMakeFiles/subsys__crc.dir/crc8_sw.c.obj
[/mnt/host/source/src/platform/ec/build/zephyr/rex-lcov]   /mnt/host/source/src/platform/ec/build/zephyr/rex/build-ro/zephyr/arch/common/CMakeFiles/isr_tables.dir/isr_tables.c.gcno:no functions found
[/mnt/host/source/src/platform/ec/build/zephyr/rex-lcov] stderr:
[ocicat:ro] [281/374] Building C object CMakeFiles/app.dir/mnt/host/source/src/platform/ec/build/zephyr/ocicat/modules/ec/common/power_button_x86.c.obj
[brox:ro] [126/388] Building C object zephyr/subsys/crc/CMakeFiles/subsys__crc.dir/crc16_sw.c.obj
[brox:ro] [127/388] Building C object zephyr/lib/smf/CMakeFiles/lib__smf.dir/smf.c.obj
[brox:ro] [128/388] Linking C static library zephyr/lib/smf/liblib__smf.a
[ocicat:rw] [278/374] Building C object zephyr/drivers/serial/CMakeFiles/drivers__serial.dir/uart_ite_it8xxx2.c.obj
[brox:ro] [129/388] Building C object zephyr/subsys/crc/CMakeFiles/subsys__crc.dir/crc7_sw.c.obj
[ocicat:ro] [282/374] Building C object CMakeFiles/app.dir/mnt/host/source/src/platform/ec/build/zephyr/ocicat/modules/ec/common/adc.c.obj
[ocicat:rw] [279/374] Building C object zephyr/drivers/timer/CMakeFiles/drivers__timer.dir/sys_clock_init.c.obj
[brox:ro] [130/388] Building C object zephyr/subsys/crc/CMakeFiles/subsys__crc.dir/crc24_sw.c.obj
[ocicat:ro] [283/374] Building C object CMakeFiles/app.dir/mnt/host/source/src/platform/ec/build/zephyr/ocicat/modules/ec/common/acpi.c.obj
[mtlrvpp_npcx:rw] [53/412] Building C object zephyr/CMakeFiles/zephyr.dir/subsys/shell/modules/kernel_service/thread/list.c.obj
[brox:ro] [131/388] Building C object zephyr/subsys/crc/CMakeFiles/subsys__crc.dir/crc32c_sw.c.obj
[ocicat:rw] [280/374] Building C object zephyr/drivers/serial/CMakeFiles/drivers__serial.dir/uart_ns16550.c.obj
[ocicat:rw] [281/374] Building C object zephyr/drivers/timer/CMakeFiles/drivers__timer.dir/ite_it8xxx2_timer.c.obj
[brox:ro] [132/388] Building C object zephyr/subsys/crc/CMakeFiles/subsys__crc.dir/crc32_sw.c.obj
[brox:rw] [47/388] Building C object CMakeFiles/app.dir/mnt/host/source/src/platform/ec/build/zephyr/brox/modules/ec/common/system_boot_time.c.obj
[ocicat:rw] [282/374] Linking C static library zephyr/drivers/serial/libdrivers__serial.a
[ocicat:rw] [283/374] Linking C static library zephyr/drivers/timer/libdrivers__timer.a
[brox:ro] [133/388] Building C object zephyr/subsys/crc/CMakeFiles/subsys__crc.dir/crc32k_4_2_sw.c.obj
[ocicat:rw] [284/374] Building C object zephyr/drivers/watchdog/CMakeFiles/drivers__watchdog.dir/wdt_ite_it8xxx2.c.obj
[ocicat:ro] [284/374] Building C object CMakeFiles/app.dir/mnt/host/source/src/platform/ec/build/zephyr/ocicat/modules/ec/common/battery.c.obj
[brox:ro] [134/388] Linking C static library zephyr/subsys/crc/libsubsys__crc.a
[ocicat:rw] [285/374] Building C object zephyr/drivers/watchdog/CMakeFiles/drivers__watchdog.dir/wdt_shell.c.obj
[ocicat:ro] [285/374] Building C object CMakeFiles/app.dir/mnt/host/source/src/platform/ec/build/zephyr/ocicat/modules/ec/common/battery_info.c.obj
[ocicat:rw] [286/374] Linking C static library zephyr/drivers/watchdog/libdrivers__watchdog.a
[brox:ro] [135/388] Building C object zephyr/subsys/input/CMakeFiles/subsys__input.dir/input_hid.c.obj
[/mnt/host/source/src/platform/ec/build/zephyr/riven-lcov]   /mnt/host/source/src/platform/ec/build/zephyr/riven/build-ro/zephyr/CMakeFiles/zephyr.dir/lib/utils/last_section_id.c.gcno:no functions found
[/mnt/host/source/src/platform/ec/build/zephyr/riven-lcov] stderr:
[ocicat:ro] [286/374] Building C object CMakeFiles/app.dir/mnt/host/source/src/platform/ec/build/zephyr/ocicat/modules/ec/common/battery_fuel_gauge.c.obj
[brox:ro] [136/388] Building C object zephyr/subsys/input/CMakeFiles/subsys__input.dir/input.c.obj
[mtlrvpp_npcx:rw] [54/412] Building C object zephyr/CMakeFiles/zephyr.dir/subsys/shell/modules/kernel_service/thread/stacks.c.obj
[ocicat:rw] [287/374] Building C object modules/ec/zephyr/CMakeFiles/ec_shim.dir/app/ec/main_shim.c.obj
[ocicat:rw] [288/374] Building C object modules/ec/zephyr/CMakeFiles/ec_shim.dir/app/ec/ec_app_main.c.obj
[ocicat:ro] [287/374] Building C object CMakeFiles/app.dir/mnt/host/source/src/platform/ec/build/zephyr/ocicat/modules/ec/driver/battery/smart.c.obj
[brox:rw] [48/388] Building C object CMakeFiles/app.dir/mnt/host/source/src/platform/ec/build/zephyr/brox/modules/ec/common/uart_printf.c.obj
[ocicat:rw] [289/374] Building C object modules/ec/zephyr/CMakeFiles/ec_shim.dir/app/ec/chip/riscv/riscv-ite/it8xxx2-espi.c.obj
[ocicat:rw] [290/374] Building C object modules/ec/zephyr/CMakeFiles/ec_shim.dir/drivers/cros_flash/cros_flash_it8xxx2.c.obj
[ocicat:ro] [288/374] Building C object CMakeFiles/app.dir/mnt/host/source/src/platform/ec/build/zephyr/ocicat/modules/ec/driver/charger/isl923x.c.obj
[ocicat:rw] [291/374] Building C object modules/ec/zephyr/CMakeFiles/ec_shim.dir/drivers/keyboard_input/keyboard_customization_check.c.obj
[ocicat:rw] [292/374] Building C object modules/ec/zephyr/CMakeFiles/ec_shim.dir/drivers/cros_kblight/pwm_kblight.c.obj
[brox:ro] [137/388] Building C object zephyr/subsys/input/CMakeFiles/subsys__input.dir/input_utils.c.obj
[brox:ro] [138/388] Linking C static library zephyr/subsys/input/libsubsys__input.a
[ocicat:ro] [289/374] Building C object CMakeFiles/app.dir/mnt/host/source/src/platform/ec/build/zephyr/ocicat/modules/ec/driver/charger/isl9241.c.obj
[mtlrvpp_npcx:rw] [55/412] Building C object zephyr/CMakeFiles/zephyr.dir/subsys/shell/modules/kernel_service/thread/suspend.c.obj
[brox:ro] [139/388] Building C object zephyr/drivers/interrupt_controller/CMakeFiles/drivers__interrupt_controller.dir/intc_ite_it8xxx2_v2.c.obj
[ocicat:rw] [293/374] Building C object modules/ec/zephyr/CMakeFiles/ec_shim.dir/drivers/hibernate/hibernate_z5.c.obj
[ocicat:rw] [294/374] Building C object modules/ec/zephyr/CMakeFiles/ec_shim.dir/drivers/cros_system/cros_system_it8xxx2.c.obj
[ocicat:ro] [290/374] Building C object CMakeFiles/app.dir/mnt/host/source/src/platform/ec/build/zephyr/ocicat/modules/ec/common/charger.c.obj
[brox:rw] [49/388] Building C object CMakeFiles/app.dir/mnt/host/source/src/platform/ec/build/zephyr/brox/modules/ec/common/util.c.obj
[ocicat:rw] [295/374] Building C object modules/ec/zephyr/CMakeFiles/ec_shim.dir/drivers/keyboard_input/keyboard_input.c.obj
[ocicat:rw] [296/374] Building C object modules/ec/zephyr/CMakeFiles/ec_shim.dir/drivers/keyboard_input/col_gpio_drive.c.obj
[ocicat:ro] [291/374] Building C object CMakeFiles/app.dir/mnt/host/source/src/platform/ec/build/zephyr/ocicat/modules/ec/common/cbi_common.c.obj
[ocicat:rw] [297/374] Building C object modules/ec/zephyr/CMakeFiles/ec_shim.dir/drivers/usbc/ucsi_v3.c.obj
[brox:ro] [140/388] Building C object zephyr/drivers/interrupt_controller/CMakeFiles/drivers__interrupt_controller.dir/wuc_ite_it8xxx2.c.obj
[ocicat:ro] [292/374] Building C object CMakeFiles/app.dir/mnt/host/source/src/platform/ec/build/zephyr/ocicat/modules/ec/common/charge_state.c.obj
[brox:ro] [141/388] Linking C static library zephyr/drivers/interrupt_controller/libdrivers__interrupt_controller.a
[brox:ro] [142/388] Building C object zephyr/drivers/adc/CMakeFiles/drivers__adc.dir/adc_common.c.obj
[mtlrvpp_npcx:rw] [56/412] Building C object zephyr/CMakeFiles/zephyr.dir/subsys/shell/modules/kernel_service/thread/resume.c.obj
[brox:rw] [50/388] Building C object CMakeFiles/app.dir/mnt/host/source/src/platform/ec/build/zephyr/brox/modules/ec/common/version.c.obj
[ocicat:ro] [293/374] Building C object CMakeFiles/app.dir/mnt/host/source/src/platform/ec/build/zephyr/ocicat/modules/ec/common/charge_manager.c.obj
[ocicat:ro] [294/374] Building C object CMakeFiles/app.dir/mnt/host/source/src/platform/ec/build/zephyr/ocicat/modules/ec/common/cbi.c.obj
[ocicat:ro] [295/374] Building C object CMakeFiles/app.dir/mnt/host/source/src/platform/ec/build/zephyr/ocicat/modules/ec/common/cbi_config.c.obj
[ocicat:rw] [298/374] Building C object modules/ec/zephyr/CMakeFiles/ec_shim.dir/drivers/boot_keys/boot_keys.c.obj
[ocicat:rw] [299/374] Building C object modules/ec/zephyr/CMakeFiles/ec_shim.dir/drivers/usbc/pdc_rts54xx.c.obj
[ocicat:rw] [300/374] Building C object modules/ec/zephyr/CMakeFiles/ec_shim.dir/drivers/vivaldi_kbd/vivaldi_kbd.c.obj
[ocicat:rw] [301/374] Building C object modules/ec/zephyr/CMakeFiles/ec_shim.dir/drivers/usbc/pdc_rts54xx_fwup.c.obj
[ocicat:rw] [302/374] Building C object modules/ec/zephyr/CMakeFiles/ec_shim.dir/drivers/runtime_keys/runtime_keys.c.obj
[brox:ro] [143/388] Building C object zephyr/drivers/bbram/CMakeFiles/drivers__bbram.dir/bbram_it8xxx2.c.obj
[ocicat:ro] [296/374] Building C object CMakeFiles/app.dir/mnt/host/source/src/platform/ec/build/zephyr/ocicat/modules/ec/common/memory_commands.c.obj
[brox:ro] [144/388] Linking C static library zephyr/drivers/bbram/libdrivers__bbram.a
[mtlrvpp_npcx:rw] [57/412] Building C object zephyr/CMakeFiles/zephyr.dir/subsys/shell/modules/kernel_service/thread/kill.c.obj
[brox:ro] [145/388] Building C object zephyr/drivers/adc/CMakeFiles/drivers__adc.dir/adc_ite_it8xxx2.c.obj
[brox:ro] [146/388] Linking C static library zephyr/drivers/adc/libdrivers__adc.a
[/mnt/host/source/src/platform/ec/build/zephyr/rex-lcov]   /mnt/host/source/src/platform/ec/build/zephyr/rex/build-ro/zephyr/CMakeFiles/zephyr.dir/subsys/shell/modules/kernel_service/kernel_shell.c.gcno:no functions found
[/mnt/host/source/src/platform/ec/build/zephyr/rex-lcov] stderr:
[brox:rw] [51/388] Building C object CMakeFiles/app.dir/mnt/host/source/src/platform/ec/build/zephyr/brox/modules/ec/common/power_button_x86.c.obj
[ocicat:ro] [297/374] Building C object CMakeFiles/app.dir/mnt/host/source/src/platform/ec/build/zephyr/ocicat/modules/ec/common/dptf.c.obj
[ocicat:rw] [303/374] Building C object modules/ec/zephyr/CMakeFiles/ec_shim.dir/shim/chip/it8xxx2/clock.c.obj
[ocicat:ro] [298/374] Building C object CMakeFiles/app.dir/mnt/host/source/src/platform/ec/build/zephyr/ocicat/modules/ec/common/ap_reset_log.c.obj
[ocicat:ro] [299/374] Building C object CMakeFiles/app.dir/mnt/host/source/src/platform/ec/build/zephyr/ocicat/modules/ec/common/espi.c.obj
[/mnt/host/source/src/platform/ec/build/zephyr/rex-lcov]   /mnt/host/source/src/platform/ec/build/zephyr/rex/build-ro/zephyr/CMakeFiles/zephyr.dir/lib/libc/validate_libc.c.gcno:no functions found
[/mnt/host/source/src/platform/ec/build/zephyr/rex-lcov] stderr:
[ocicat:rw] [304/374] Building C object modules/ec/zephyr/CMakeFiles/ec_shim.dir/shim/src/crc.c.obj
[brox:ro] [147/388] Building C object zephyr/drivers/console/CMakeFiles/drivers__console.dir/uart_console.c.obj
[ocicat:rw] [305/374] Building C object modules/ec/zephyr/CMakeFiles/ec_shim.dir/shim/chip/it8xxx2/system.c.obj
[ocicat:rw] [306/374] Building C object modules/ec/zephyr/CMakeFiles/ec_shim.dir/shim/chip/it8xxx2/power_policy.c.obj
[ocicat:ro] [300/374] Building C object CMakeFiles/app.dir/mnt/host/source/src/platform/ec/build/zephyr/ocicat/modules/ec/common/extpower_common.c.obj
[brox:ro] [148/388] Linking C static library zephyr/drivers/console/libdrivers__console.a
[ocicat:rw] [307/374] Building C object modules/ec/zephyr/CMakeFiles/ec_shim.dir/shim/src/console.c.obj
[mtlrvpp_npcx:rw] [58/412] Building C object zephyr/CMakeFiles/zephyr.dir/subsys/shell/backends/shell_uart.c.obj
[brox:ro] [149/388] Building C object zephyr/drivers/crypto/CMakeFiles/drivers__crypto.dir/crypto_it8xxx2_sha_v2.c.obj
[brox:ro] [150/388] Linking C static library zephyr/drivers/crypto/libdrivers__crypto.a
[ocicat:rw] [308/374] Building C object modules/ec/zephyr/CMakeFiles/ec_shim.dir/shim/chip/it8xxx2/gpio.c.obj
[ocicat:ro] [301/374] Building C object CMakeFiles/app.dir/mnt/host/source/src/platform/ec/build/zephyr/ocicat/modules/ec/common/extpower_gpio.c.obj
[brox:rw] [52/388] Building C object CMakeFiles/app.dir/mnt/host/source/src/platform/ec/build/zephyr/brox/modules/ec/driver/accel_bma4xx.c.obj
[ocicat:rw] [309/374] Building C object modules/ec/zephyr/CMakeFiles/ec_shim.dir/shim/src/gpio_int.c.obj
[ocicat:ro] [302/374] Building C object CMakeFiles/app.dir/mnt/host/source/src/platform/ec/build/zephyr/ocicat/modules/ec/common/host_command.c.obj
[ocicat:rw] [310/374] Building C object modules/ec/zephyr/CMakeFiles/ec_shim.dir/shim/src/panic_utils.c.obj
[ocicat:ro] [303/374] Building C object CMakeFiles/app.dir/mnt/host/source/src/platform/ec/build/zephyr/ocicat/modules/ec/common/fan.c.obj
[ocicat:rw] [311/374] Building C object modules/ec/zephyr/CMakeFiles/ec_shim.dir/shim/src/gpio.c.obj
[ocicat:rw] [312/374] Building C object modules/ec/zephyr/CMakeFiles/ec_shim.dir/shim/src/pm_state.c.obj
[ocicat:ro] [304/374] Building C object CMakeFiles/app.dir/mnt/host/source/src/platform/ec/build/zephyr/ocicat/modules/ec/common/flash.c.obj
[/mnt/host/source/src/platform/ec/build/zephyr/hylia-lcov]   /mnt/host/source/src/platform/ec/build/zephyr/hylia/build-ro/zephyr/CMakeFiles/zephyr.dir/soc/ite/ec/it8xxx2/check_regs.c.gcno:no functions found
[/mnt/host/source/src/platform/ec/build/zephyr/hylia-lcov] stderr:
[brox:ro] [151/388] Building C object zephyr/drivers/espi/CMakeFiles/drivers__espi.dir/espi_it8xxx2.c.obj
[brox:ro] [152/388] Linking C static library zephyr/drivers/espi/libdrivers__espi.a
[/mnt/host/source/src/platform/ec/build/zephyr/rex-lcov]   /mnt/host/source/src/platform/ec/build/zephyr/rex/build-ro/zephyr/CMakeFiles/zephyr.dir/lib/utils/last_section_id.c.gcno:no functions found
[/mnt/host/source/src/platform/ec/build/zephyr/rex-lcov] stderr:
[brox:ro] [153/388] Building C object zephyr/drivers/flash/CMakeFiles/drivers__flash.dir/flash_ite_it8xxx2.c.obj
[mtlrvpp_npcx:rw] [59/412] Building C object zephyr/CMakeFiles/zephyr.dir/subsys/shell/shell.c.obj
[brox:ro] [154/388] Linking C static library zephyr/drivers/flash/libdrivers__flash.a
[ocicat:rw] [313/374] Building C object modules/ec/zephyr/CMakeFiles/ec_shim.dir/shim/src/cbi/cros_cbi.c.obj
[ocicat:ro] [305/374] Building C object CMakeFiles/app.dir/mnt/host/source/src/platform/ec/build/zephyr/ocicat/modules/ec/common/host_command_task.c.obj
[ocicat:ro] [306/374] Building C object CMakeFiles/app.dir/mnt/host/source/src/platform/ec/build/zephyr/ocicat/modules/ec/common/uart_hostcmd.c.obj
[ocicat:rw] [314/374] Building C object modules/ec/zephyr/CMakeFiles/ec_shim.dir/shim/src/cbi/cbi_flash.c.obj
[ocicat:ro] [307/374] Building C object CMakeFiles/app.dir/mnt/host/source/src/platform/ec/build/zephyr/ocicat/modules/ec/common/host_event_commands.c.obj
[ocicat:ro] [308/374] Building C object CMakeFiles/app.dir/mnt/host/source/src/platform/ec/build/zephyr/ocicat/modules/ec/common/uptime.c.obj
[brox:rw] [53/388] Building C object CMakeFiles/app.dir/mnt/host/source/src/platform/ec/build/zephyr/brox/modules/ec/common/motion_sense_fifo.c.obj
[ocicat:rw] [315/374] Building C object modules/ec/zephyr/CMakeFiles/ec_shim.dir/shim/src/cbi/cros_cbi_ufsc.c.obj
[ocicat:rw] [316/374] Building C object modules/ec/zephyr/CMakeFiles/ec_shim.dir/shim/src/cbi/cros_cbi_fw_config.c.obj
[ocicat:rw] [317/374] Building C object modules/ec/zephyr/CMakeFiles/ec_shim.dir/shim/src/system.c.obj
[brox:ro] [155/388] Building C object zephyr/drivers/i2c/CMakeFiles/drivers__i2c.dir/i2c_common.c.obj
[mtlrvpp_npcx:rw] [60/412] Building C object zephyr/CMakeFiles/zephyr.dir/subsys/shell/shell_fprintf.c.obj
[/mnt/host/source/src/platform/ec/build/zephyr/hylia-lcov]   /mnt/host/source/src/platform/ec/build/zephyr/hylia/build-ro/zephyr/drivers/sensor/CMakeFiles/drivers__sensor.dir/mnt/host/source/src/third_party/zephyr/main/misc/empty_file.c.gcno:no functions found
[/mnt/host/source/src/platform/ec/build/zephyr/hylia-lcov] stderr:
[ocicat:rw] [318/374] Building C object modules/ec/zephyr/CMakeFiles/ec_shim.dir/shim/src/pdc_shim.c.obj
[ocicat:ro] [309/374] Building C object CMakeFiles/app.dir/mnt/host/source/src/platform/ec/build/zephyr/ocicat/modules/ec/common/i2c_controller.c.obj
[ocicat:rw] [319/374] Building C object modules/ec/zephyr/CMakeFiles/ec_shim.dir/shim/src/battery.c.obj
[ocicat:ro] [310/374] Building C object CMakeFiles/app.dir/mnt/host/source/src/platform/ec/build/zephyr/ocicat/modules/ec/common/i2c_passthru.c.obj
[ocicat:rw] [320/374] Building C object modules/ec/zephyr/CMakeFiles/ec_shim.dir/shim/src/adc.c.obj
[ocicat:ro] [311/374] Building C object CMakeFiles/app.dir/mnt/host/source/src/platform/ec/build/zephyr/ocicat/modules/ec/common/keyboard_8042_sharedlib.c.obj
[brox:ro] [156/388] Building C object zephyr/drivers/i2c/CMakeFiles/drivers__i2c.dir/i2c_bitbang.c.obj
[ocicat:rw] [321/374] Building C object modules/ec/zephyr/CMakeFiles/ec_shim.dir/shim/src/charger.c.obj
[brox:ro] [157/388] Building C object zephyr/drivers/gpio/CMakeFiles/drivers__gpio.dir/gpio_ite_it8xxx2_v2.c.obj
[brox:ro] [158/388] Linking C static library zephyr/drivers/gpio/libdrivers__gpio.a
[brox:rw] [54/388] Building C object CMakeFiles/app.dir/mnt/host/source/src/platform/ec/build/zephyr/brox/modules/ec/common/adc.c.obj
[mtlrvpp_npcx:rw] [61/412] Building C object zephyr/CMakeFiles/zephyr.dir/subsys/shell/shell_utils.c.obj
[ocicat:rw] [322/374] Building C object modules/ec/zephyr/CMakeFiles/ec_shim.dir/shim/src/chipset_api.c.obj
[ocicat:ro] [312/374] Building C object CMakeFiles/app.dir/mnt/host/source/src/platform/ec/build/zephyr/ocicat/modules/ec/common/keyboard_8042.c.obj
[ocicat:ro] [313/374] Building C object CMakeFiles/app.dir/mnt/host/source/src/platform/ec/build/zephyr/ocicat/modules/ec/common/mkbp_fifo.c.obj
[ocicat:ro] [314/374] Building C object CMakeFiles/app.dir/mnt/host/source/src/platform/ec/build/zephyr/ocicat/modules/ec/common/mkbp_info.c.obj
[ocicat:ro] [315/374] Building C object CMakeFiles/app.dir/mnt/host/source/src/platform/ec/build/zephyr/ocicat/modules/ec/common/mkbp_input_devices.c.obj
[ocicat:rw] [323/374] Building C object modules/ec/zephyr/CMakeFiles/ec_shim.dir/shim/src/flash.c.obj
[brox:ro] [159/388] Building C object zephyr/drivers/i2c/CMakeFiles/drivers__i2c.dir/i2c_shell.c.obj
[ocicat:rw] [324/374] Building C object modules/ec/zephyr/CMakeFiles/ec_shim.dir/shim/src/espi.c.obj
[ocicat:rw] [325/374] Building C object modules/ec/zephyr/CMakeFiles/ec_shim.dir/shim/src/hooks.c.obj
[ocicat:rw] [326/374] Building C object modules/ec/zephyr/CMakeFiles/ec_shim.dir/shim/src/fan.c.obj
[mtlrvpp_npcx:rw] [62/412] Building C object zephyr/CMakeFiles/zephyr.dir/subsys/shell/shell_ops.c.obj
[ocicat:rw] [327/374] Building C object modules/ec/zephyr/CMakeFiles/ec_shim.dir/shim/src/host_command.c.obj
[ocicat:ro] [316/374] Building C object CMakeFiles/app.dir/mnt/host/source/src/platform/ec/build/zephyr/ocicat/modules/ec/common/keyboard_backlight.c.obj
[brox:ro] [160/388] Building C object zephyr/drivers/i2c/CMakeFiles/drivers__i2c.dir/i2c_ite_enhance.c.obj
[brox:rw] [55/388] Building C object CMakeFiles/app.dir/mnt/host/source/src/platform/ec/build/zephyr/brox/modules/ec/common/acpi.c.obj
[brox:ro] [161/388] Linking C static library zephyr/drivers/i2c/libdrivers__i2c.a
[ocicat:ro] [317/374] Building C object CMakeFiles/app.dir/mnt/host/source/src/platform/ec/build/zephyr/ocicat/modules/ec/common/lid_switch.c.obj
[ocicat:rw] [328/374] Building C object modules/ec/zephyr/CMakeFiles/ec_shim.dir/shim/src/console_buffer.c.obj
[ocicat:rw] [329/374] Building C object modules/ec/zephyr/CMakeFiles/ec_shim.dir/shim/src/panic.c.obj
[ocicat:rw] [330/374] Building C object modules/ec/zephyr/CMakeFiles/ec_shim.dir/shim/src/mkbp_event.c.obj
[ocicat:ro] [318/374] Building C object CMakeFiles/app.dir/mnt/host/source/src/platform/ec/build/zephyr/ocicat/modules/ec/common/mkbp_event.c.obj
[brox:ro] [162/388] Building C object zephyr/drivers/input/CMakeFiles/drivers__input.dir/input_ite_it8xxx2_kbd.c.obj
[mtlrvpp_npcx:rw] [63/412] Building C object zephyr/CMakeFiles/zephyr.dir/subsys/shell/shell_help.c.obj
[/mnt/host/source/src/platform/ec/build/zephyr/riven-lcov]   /mnt/host/source/src/platform/ec/build/zephyr/riven/build-ro/zephyr/CMakeFiles/zephyr.dir/soc/nuvoton/npcx/common/npcxn/registers.c.gcno:no functions found
[/mnt/host/source/src/platform/ec/build/zephyr/riven-lcov] stderr:
[ocicat:ro] [319/374] Building C object CMakeFiles/app.dir/mnt/host/source/src/platform/ec/build/zephyr/ocicat/modules/ec/common/port80.c.obj
[ocicat:rw] [331/374] Building C object modules/ec/zephyr/CMakeFiles/ec_shim.dir/shim/src/pwm_hc.c.obj
[brox:rw] [56/388] Building C object CMakeFiles/app.dir/mnt/host/source/src/platform/ec/build/zephyr/brox/modules/ec/common/backlight_lid.c.obj
[ocicat:rw] [332/374] Building C object modules/ec/zephyr/CMakeFiles/ec_shim.dir/shim/src/temp_sensors.c.obj
[brox:ro] [163/388] Building C object zephyr/drivers/input/CMakeFiles/drivers__input.dir/input_kbd_matrix.c.obj
[ocicat:ro] [320/374] Building C object CMakeFiles/app.dir/mnt/host/source/src/platform/ec/build/zephyr/ocicat/modules/ec/common/power_button.c.obj
[brox:ro] [164/388] Linking C static library zephyr/drivers/input/libdrivers__input.a
[ocicat:rw] [333/374] Building C object modules/ec/zephyr/CMakeFiles/ec_shim.dir/shim/src/hwtimer.c.obj
[brox:ro] [165/388] Building C object zephyr/drivers/pinctrl/CMakeFiles/drivers__pinctrl.dir/common.c.obj
[ocicat:rw] [334/374] Building C object modules/ec/zephyr/CMakeFiles/ec_shim.dir/shim/src/thermal.c.obj
[mtlrvpp_npcx:rw] [64/412] Building C object zephyr/CMakeFiles/zephyr.dir/subsys/shell/shell_history.c.obj
[ocicat:ro] [321/374] Building C object CMakeFiles/app.dir/mnt/host/source/src/platform/ec/build/zephyr/ocicat/modules/ec/power/hibernate.c.obj
[ocicat:rw] [335/374] Building C object modules/ec/zephyr/CMakeFiles/ec_shim.dir/shim/src/i2c.c.obj
[/mnt/host/source/src/platform/ec/build/zephyr/hylia-lcov]   /mnt/host/source/src/platform/ec/build/zephyr/hylia/build-ro/zephyr/drivers/syscon/CMakeFiles/drivers__syscon.dir/mnt/host/source/src/third_party/zephyr/main/misc/empty_file.c.gcno:no functions found
[/mnt/host/source/src/platform/ec/build/zephyr/hylia-lcov] stderr:
[ocicat:ro] [322/374] Building C object CMakeFiles/app.dir/mnt/host/source/src/platform/ec/build/zephyr/ocicat/modules/ec/common/panic_output.c.obj
[ocicat:ro] [323/374] Building C object CMakeFiles/app.dir/mnt/host/source/src/platform/ec/build/zephyr/ocicat/modules/ec/common/shared_mem.c.obj
[ocicat:rw] [336/374] Building C object modules/ec/zephyr/CMakeFiles/ec_shim.dir/shim/src/tasks.c.obj
[ocicat:ro] [324/374] Building C object CMakeFiles/app.dir/mnt/host/source/src/platform/ec/build/zephyr/ocicat/modules/ec/common/switch.c.obj
[ocicat:rw] [337/374] Building C object modules/ec/zephyr/CMakeFiles/ec_shim.dir/shim/src/watchdog.c.obj
[brox:ro] [166/388] Building C object zephyr/drivers/pwm/CMakeFiles/drivers__pwm.dir/pwm_shell.c.obj
[/mnt/host/source/src/platform/ec/build/zephyr/hylia-lcov]   /mnt/host/source/src/platform/ec/build/zephyr/hylia/build-rw/modules/ec/zephyr/CMakeFiles/ec_shim.dir/shim/src/power.c.gcno:no functions found
[/mnt/host/source/src/platform/ec/build/zephyr/hylia-lcov] stderr:
[brox:rw] [57/388] Building C object CMakeFiles/app.dir/mnt/host/source/src/platform/ec/build/zephyr/brox/modules/ec/common/battery.c.obj
[brox:ro] [167/388] Building C object zephyr/drivers/pinctrl/CMakeFiles/drivers__pinctrl.dir/pinctrl_ite_it8xxx2.c.obj
[ocicat:rw] [338/374] Building C object modules/ec/zephyr/CMakeFiles/ec_shim.dir/shim/src/usba.c.obj
[brox:ro] [168/388] Linking C static library zephyr/drivers/pinctrl/libdrivers__pinctrl.a
[ocicat:rw] [339/374] Building C object modules/ec/zephyr/CMakeFiles/ec_shim.dir/shim/src/power_host_sleep_api.c.obj
[mtlrvpp_npcx:rw] [65/412] Building C object zephyr/CMakeFiles/zephyr.dir/drivers/flash/flash_util.c.obj
[brox:ro] [169/388] Building C object zephyr/drivers/sensor/CMakeFiles/drivers__sensor.dir/mnt/host/source/src/third_party/zephyr/main/misc/empty_file.c.obj
[ocicat:rw] [340/374] Building C object modules/ec/zephyr/CMakeFiles/ec_shim.dir/shim/src/sha256_hw.c.obj
[brox:ro] [170/388] Linking C static library zephyr/drivers/sensor/libdrivers__sensor.a
[/mnt/host/source/src/platform/ec/build/zephyr/hylia-lcov]   /mnt/host/source/src/platform/ec/build/zephyr/hylia/build-rw/modules/ec/zephyr/CMakeFiles/ec_shim.dir/shim/src/thermal.c.gcno:no functions found
[/mnt/host/source/src/platform/ec/build/zephyr/hylia-lcov] stderr:
[mtlrvpp_npcx:rw] [66/412] Linking C static library zephyr/libzephyr.a
[ocicat:ro] [325/374] Building C object CMakeFiles/app.dir/mnt/host/source/src/platform/ec/build/zephyr/ocicat/modules/ec/common/thermal.c.obj
[ocicat:rw] [341/374] Linking C static library modules/ec/zephyr/libec_shim.a
[ocicat:rw] [342/374] Building C object zephyr/kernel/CMakeFiles/kernel.dir/main_weak.c.obj
[ocicat:rw] [343/374] Building C object zephyr/kernel/CMakeFiles/kernel.dir/banner.c.obj
[ocicat:ro] [326/374] Building C object CMakeFiles/app.dir/mnt/host/source/src/platform/ec/build/zephyr/ocicat/modules/ec/common/temp_sensor.c.obj
[ocicat:ro] [327/374] Building C object CMakeFiles/app.dir/mnt/host/source/src/platform/ec/build/zephyr/ocicat/modules/ec/driver/temp_sensor/thermistor.c.obj
[/mnt/host/source/src/platform/ec/build/zephyr/hylia-lcov]   /mnt/host/source/src/platform/ec/build/zephyr/hylia/build-rw/modules/ec/zephyr/CMakeFiles/ec_shim.dir/shim/src/battery.c.gcno:no functions found
[/mnt/host/source/src/platform/ec/build/zephyr/hylia-lcov] stderr:
[brox:ro] [171/388] Building C object zephyr/drivers/pwm/CMakeFiles/drivers__pwm.dir/pwm_ite_it8xxx2.c.obj
[ocicat:ro] [328/374] Building C object CMakeFiles/app.dir/mnt/host/source/src/platform/ec/build/zephyr/ocicat/modules/ec/common/timer.c.obj
[/mnt/host/source/src/platform/ec/build/zephyr/hylia-lcov]   /mnt/host/source/src/platform/ec/build/zephyr/hylia/build-rw/modules/ec/zephyr/CMakeFiles/ec_shim.dir/shim/src/charger.c.gcno:no functions found
[/mnt/host/source/src/platform/ec/build/zephyr/hylia-lcov] stderr:
[ocicat:rw] [344/374] Building C object zephyr/kernel/CMakeFiles/kernel.dir/busy_wait.c.obj
[brox:ro] [172/388] Linking C static library zephyr/drivers/pwm/libdrivers__pwm.a
[ocicat:rw] [345/374] Building C object zephyr/kernel/CMakeFiles/kernel.dir/device.c.obj
[brox:rw] [58/388] Building C object CMakeFiles/app.dir/mnt/host/source/src/platform/ec/build/zephyr/brox/modules/ec/common/battery_info.c.obj
[mtlrvpp_npcx:rw] [67/412] Building C object zephyr/arch/common/CMakeFiles/arch__common.dir/sw_isr_common.c.obj
[ocicat:rw] [346/374] Building C object zephyr/kernel/CMakeFiles/kernel.dir/errno.c.obj
[brox:ro] [173/388] Building C object zephyr/drivers/sensor/ite/ite_tach_it8xxx2/CMakeFiles/drivers__sensor__ite__ite_tach_it8xxx2.dir/tach_ite_it8xxx2.c.obj
[brox:ro] [174/388] Linking C static library zephyr/drivers/sensor/ite/ite_tach_it8xxx2/libdrivers__sensor__ite__ite_tach_it8xxx2.a
[ocicat:rw] [347/374] Building C object zephyr/kernel/CMakeFiles/kernel.dir/fatal.c.obj
[ocicat:rw] [348/374] Building C object zephyr/kernel/CMakeFiles/kernel.dir/init.c.obj
[ocicat:rw] [349/374] Building C object zephyr/kernel/CMakeFiles/kernel.dir/version.c.obj
[ocicat:ro] [329/374] Building C object CMakeFiles/app.dir/mnt/host/source/src/platform/ec/build/zephyr/ocicat/modules/ec/common/usb_port_power_dumb.c.obj
[ocicat:ro] [330/374] Building C object CMakeFiles/app.dir/mnt/host/source/src/platform/ec/build/zephyr/ocicat/modules/ec/common/usbc_utils.c.obj
[mtlrvpp_npcx:rw] [68/412] Building C object zephyr/arch/common/CMakeFiles/arch__common.dir/init.c.obj
[ocicat:rw] [350/374] Building C object zephyr/kernel/CMakeFiles/kernel.dir/kheap.c.obj
[/mnt/host/source/src/platform/ec/build/zephyr/hylia-lcov]   /mnt/host/source/src/platform/ec/build/zephyr/hylia/build-rw/modules/ec/zephyr/CMakeFiles/ec_shim.dir/shim/src/usb_muxes.c.gcno:no functions found
[/mnt/host/source/src/platform/ec/build/zephyr/hylia-lcov] stderr:
[brox:ro] [175/388] Building C object zephyr/drivers/sensor/ite/ite_vcmp_it8xxx2/CMakeFiles/drivers__sensor__ite__ite_vcmp_it8xxx2.dir/vcmp_ite_it8xxx2.c.obj
[ocicat:ro] [331/374] Building C object CMakeFiles/app.dir/mnt/host/source/src/platform/ec/build/zephyr/ocicat/modules/ec/common/usb_common.c.obj
[brox:ro] [176/388] Linking C static library zephyr/drivers/sensor/ite/ite_vcmp_it8xxx2/libdrivers__sensor__ite__ite_vcmp_it8xxx2.a
[ocicat:ro] [332/374] Building C object CMakeFiles/app.dir/mnt/host/source/src/platform/ec/build/zephyr/ocicat/modules/ec/common/usb_pd_host_cmd_common.c.obj
[ocicat:rw] [351/374] Building C object zephyr/kernel/CMakeFiles/kernel.dir/mem_slab.c.obj
[ocicat:rw] [352/374] Building C object zephyr/kernel/CMakeFiles/kernel.dir/float.c.obj
[brox:ro] [177/388] Building C object zephyr/drivers/serial/CMakeFiles/drivers__serial.dir/uart_ite_it8xxx2.c.obj
[brox:rw] [59/388] Building C object CMakeFiles/app.dir/mnt/host/source/src/platform/ec/build/zephyr/brox/modules/ec/common/battery_fuel_gauge.c.obj
[ocicat:rw] [353/374] Building C object zephyr/kernel/CMakeFiles/kernel.dir/idle.c.obj
[/mnt/host/source/src/platform/ec/build/zephyr/hylia-lcov]   /mnt/host/source/src/platform/ec/build/zephyr/hylia/build-rw/modules/ec/zephyr/CMakeFiles/ec_shim.dir/shim/src/usba.c.gcno:no functions found
[/mnt/host/source/src/platform/ec/build/zephyr/hylia-lcov] stderr:
[ocicat:rw] [354/374] Building C object zephyr/kernel/CMakeFiles/kernel.dir/mailbox.c.obj
[mtlrvpp_npcx:rw] [69/412] Building C object zephyr/arch/common/CMakeFiles/arch__common.dir/xip.c.obj
[ocicat:ro] [333/374] Building C object CMakeFiles/app.dir/mnt/host/source/src/platform/ec/build/zephyr/ocicat/modules/ec/common/vboot_hash.c.obj
[ocicat:rw] [355/374] Building C object zephyr/kernel/CMakeFiles/kernel.dir/msg_q.c.obj
[ocicat:ro] [334/374] Building C object CMakeFiles/app.dir/mnt/host/source/src/platform/ec/build/zephyr/ocicat/modules/ec/common/button.c.obj
[brox:ro] [178/388] Building C object zephyr/drivers/timer/CMakeFiles/drivers__timer.dir/sys_clock_init.c.obj
[ocicat:ro] [335/374] Building C object CMakeFiles/app.dir/mnt/host/source/src/platform/ec/build/zephyr/ocicat/modules/ec/common/vstore.c.obj
[ocicat:ro] [336/374] Building C object CMakeFiles/app.dir/mnt/host/source/src/platform/ec/build/zephyr/ocicat/modules/ec/common/math_util.c.obj
[ocicat:rw] [356/374] Building C object zephyr/kernel/CMakeFiles/kernel.dir/queue.c.obj
[ocicat:rw] [357/374] Building C object zephyr/kernel/CMakeFiles/kernel.dir/mutex.c.obj
[brox:ro] [179/388] Building C object zephyr/drivers/serial/CMakeFiles/drivers__serial.dir/uart_ns16550.c.obj
[ocicat:rw] [358/374] Building C object zephyr/kernel/CMakeFiles/kernel.dir/sem.c.obj
[brox:ro] [180/388] Linking C static library zephyr/drivers/serial/libdrivers__serial.a
[ocicat:rw] [359/374] Building C object zephyr/kernel/CMakeFiles/kernel.dir/stack.c.obj
[mtlrvpp_npcx:rw] [70/412] Building C object zephyr/arch/common/CMakeFiles/isr_tables.dir/isr_tables.c.obj
[mtlrvpp_npcx:rw] [71/412] Linking C static library zephyr/arch/common/libisr_tables.a
[brox:rw] [60/388] Building C object CMakeFiles/app.dir/mnt/host/source/src/platform/ec/build/zephyr/brox/modules/ec/driver/battery/smart.c.obj
[ocicat:rw] [360/374] Building C object zephyr/kernel/CMakeFiles/kernel.dir/system_work_q.c.obj
[mtlrvpp_npcx:rw] [72/412] Linking C static library zephyr/arch/common/libarch__common.a
[ocicat:ro] [337/374] Building C object CMakeFiles/app.dir/ocicat/src/keyboard_customization.c.obj
[brox:ro] [181/388] Building C object zephyr/drivers/timer/CMakeFiles/drivers__timer.dir/ite_it8xxx2_timer.c.obj
[ocicat:ro] [338/374] Building C object CMakeFiles/app.dir/ocicat/src/board_power.c.obj
[brox:ro] [182/388] Linking C static library zephyr/drivers/timer/libdrivers__timer.a
[ocicat:rw] [361/374] Building C object zephyr/kernel/CMakeFiles/kernel.dir/condvar.c.obj
[ocicat:ro] [339/374] Building C object CMakeFiles/app.dir/ocicat/src/board.c.obj
[ocicat:ro] [340/374] Linking C static library modules/ec/zephyr/libec_shim.a
[ocicat:rw] [362/374] Building C object zephyr/kernel/CMakeFiles/kernel.dir/thread.c.obj
[ocicat:rw] [363/374] Building C object zephyr/kernel/CMakeFiles/kernel.dir/work.c.obj
[ocicat:ro] [341/374] Building C object CMakeFiles/app.dir/ocicat/src/fan.c.obj
[brox:ro] [183/388] Building C object zephyr/drivers/watchdog/CMakeFiles/drivers__watchdog.dir/wdt_ite_it8xxx2.c.obj
[ocicat:rw] [364/374] Building C object zephyr/kernel/CMakeFiles/kernel.dir/pipe.c.obj
[ocicat:ro] [342/374] Linking C static library app/libapp.a
[mtlrvpp_npcx:rw] [73/412] Building C object zephyr/arch/arch/arm/core/CMakeFiles/arch__arm__core.dir/fatal.c.obj
[/mnt/host/source/src/platform/ec/build/zephyr/rex-lcov]   /mnt/host/source/src/platform/ec/build/zephyr/rex/build-ro/zephyr/CMakeFiles/zephyr.dir/soc/nuvoton/npcx/common/npcxn/registers.c.gcno:no functions found
[/mnt/host/source/src/platform/ec/build/zephyr/rex-lcov] stderr:
[ocicat:rw] [365/374] Building C object zephyr/kernel/CMakeFiles/kernel.dir/sched.c.obj
[ocicat:ro] [343/374] Building C object zephyr/kernel/CMakeFiles/kernel.dir/banner.c.obj
[ocicat:ro] [344/374] Building C object zephyr/kernel/CMakeFiles/kernel.dir/busy_wait.c.obj
[ocicat:rw] [366/374] Building C object zephyr/kernel/CMakeFiles/kernel.dir/spinlock_validate.c.obj
[ocicat:ro] [345/374] Building C object zephyr/kernel/CMakeFiles/kernel.dir/device.c.obj
[ocicat:rw] [367/374] Building C object zephyr/kernel/CMakeFiles/kernel.dir/thread_monitor.c.obj
[brox:rw] [61/388] Building C object CMakeFiles/app.dir/mnt/host/source/src/platform/ec/build/zephyr/brox/modules/ec/driver/charger/isl923x.c.obj
[brox:ro] [184/388] Building C object zephyr/drivers/watchdog/CMakeFiles/drivers__watchdog.dir/wdt_shell.c.obj
[/mnt/host/source/src/platform/ec/build/zephyr/riven-lcov]   /mnt/host/source/src/platform/ec/build/zephyr/riven/build-ro/zephyr/drivers/sensor/CMakeFiles/drivers__sensor.dir/mnt/host/source/src/third_party/zephyr/main/misc/empty_file.c.gcno:no functions found
[/mnt/host/source/src/platform/ec/build/zephyr/riven-lcov] stderr:
[ocicat:rw] [368/374] Building C object zephyr/kernel/CMakeFiles/kernel.dir/timeout.c.obj
[brox:ro] [185/388] Linking C static library zephyr/drivers/watchdog/libdrivers__watchdog.a
[/mnt/host/source/src/platform/ec/build/zephyr/riven-lcov]   /mnt/host/source/src/platform/ec/build/zephyr/riven/build-rw/modules/ec/zephyr/CMakeFiles/ec_shim.dir/shim/src/thermal.c.gcno:no functions found
[/mnt/host/source/src/platform/ec/build/zephyr/riven-lcov] stderr:
[ocicat:rw] [369/374] Building C object zephyr/kernel/CMakeFiles/kernel.dir/timer.c.obj
[ocicat:ro] [346/374] Building C object zephyr/kernel/CMakeFiles/kernel.dir/errno.c.obj
[mtlrvpp_npcx:rw] [74/412] Building C object zephyr/arch/arch/arm/core/CMakeFiles/arch__arm__core.dir/nmi.c.obj
[brox:ro] [186/388] Building C object modules/ec/zephyr/CMakeFiles/ec_shim.dir/app/ec/ec_app_main.c.obj
[/mnt/host/source/src/platform/ec/build/zephyr/riven-lcov]   /mnt/host/source/src/platform/ec/build/zephyr/riven/build-rw/modules/ec/zephyr/CMakeFiles/ec_shim.dir/shim/src/battery.c.gcno:no functions found
[/mnt/host/source/src/platform/ec/build/zephyr/riven-lcov] stderr:
[ocicat:rw] [370/374] Building C object zephyr/kernel/CMakeFiles/kernel.dir/mempool.c.obj
[/mnt/host/source/src/platform/ec/build/zephyr/riven-lcov]   /mnt/host/source/src/platform/ec/build/zephyr/riven/build-rw/modules/ec/zephyr/CMakeFiles/ec_shim.dir/shim/src/charger.c.gcno:no functions found
[/mnt/host/source/src/platform/ec/build/zephyr/riven-lcov] stderr:
[ocicat:ro] [347/374] Building C object zephyr/kernel/CMakeFiles/kernel.dir/fatal.c.obj
[ocicat:rw] [371/374] Building C object zephyr/kernel/CMakeFiles/kernel.dir/events.c.obj
[ocicat:ro] [348/374] Building C object zephyr/kernel/CMakeFiles/kernel.dir/kheap.c.obj
[mtlrvpp_npcx:rw] [75/412] Building ASM object zephyr/arch/arch/arm/core/CMakeFiles/arch__arm__core.dir/nmi_on_reset.S.obj
Toolchain <zmake.toolchains.CorebootSdkToolchain object at 0x7f41207d7250> selected by probe function.
[pujjo] Building in /mnt/host/source/src/platform/ec/build/zephyr/pujjo.
[ocicat:rw] [372/374] Building C object zephyr/kernel/CMakeFiles/kernel.dir/dynamic_disabled.c.obj
[ocicat:ro] [349/374] Building C object zephyr/kernel/CMakeFiles/kernel.dir/init.c.obj
[ocicat:ro] [350/374] Building C object zephyr/kernel/CMakeFiles/kernel.dir/version.c.obj
[mtlrvpp_npcx:rw] [76/412] Linking C static library zephyr/arch/arch/arm/core/libarch__arm__core.a
[pujjo:rw] Configuring.
Running `env -i PYTHONPATH=/usr/lib64/python-exec/python3.11:/mnt/host/source/src/platform/ec/zephyr/zmake:/usr/lib/python311.zip:/usr/lib/python3.11:/usr/lib/python3.11/lib-dynload:/usr/lib/python3.11/site-packages PW_PIGWEED_CIPD_INSTALL_DIR=/usr CROSTC_USER_ACKNOWLEDGES_THAT_RISCV_IS_EXPERIMENTAL=1 PATH=/mnt/host/source/chromite/bin:/usr/local/bin:/usr/bin:/bin:/opt/bin:/mnt/host/source/chromite/sdk/bin:/mnt/host/source/chromite/bin HOME=/home/jpmurphy JAVA_HOME=/etc/java-config-2/current-system-vm JDK_HOME=/etc/java-config-2/current-system-vm JAVAC=/etc/java-config-2/current-system-vm/bin/javac MAKEFLAGS=' -j16 --jobserver-auth=5,6' /usr/bin/cmake -S /mnt/host/source/src/platform/ec/zephyr/program/nissa -B /mnt/host/source/src/platform/ec/build/zephyr/pujjo/build-rw -GNinja -DCMAKE_EXPORT_COMPILE_COMMANDS=ON -DZEPHYR_BASE=/mnt/host/source/src/third_party/zephyr/main -DZMAKE_INCLUDE_DIR=/mnt/host/source/src/platform/ec/build/zephyr/pujjo/include -DPython3_EXECUTABLE=/usr/bin/python3.11 -DDTS_ROOT=/mnt/host/source/src/platform/ec/zephyr -DSYSCALL_INCLUDE_DIRS=/mnt/host/source/src/platform/ec/zephyr/include/drivers -DUSER_CACHE_DIR=/mnt/host/source/src/platform/ec/build/zephyr/user-cache '-DEXTRA_EC_VERSION_FLAGS=--version 16543.0.0 --static' -DTOOLCHAIN_ROOT=/mnt/host/source/src/platform/ec/zephyr -DCOREBOOT_SDK_ROOT_x86=/home/jpmurphy/.cache/coreboot-sdk/i386-elf/dfbb0486385d938cfa9d73080b9d18d598ed4f49 -DCOREBOOT_SDK_ROOT_picolibc_x86=/home/jpmurphy/.cache/coreboot-sdk/picolibc-i386-elf/eb8e8e687b95461de8cbf278f1c2076952d0ad17 -DCOREBOOT_SDK_ROOT_riscv64=/home/jpmurphy/.cache/coreboot-sdk/riscv64-elf/96b949749225b6aaa92ed810ab769e8dfb12f000 -DCOREBOOT_SDK_ROOT_picolibc_arm=/home/jpmurphy/.cache/coreboot-sdk/picolibc-arm-eabi/422a2aa3e1ef891b5bece9a3deb696ff83840d2e -DCOREBOOT_SDK_ROOT_nds32=/home/jpmurphy/.cache/coreboot-sdk/nds32le-elf/d1a518c4a097666d86058e1444f85ca015d15511 -DCOREBOOT_SDK_ROOT_picolibc_riscv64=/home/jpmurphy/.cache/coreboot-sdk/picolibc-riscv64-elf/f571e990ef0278564b31124f8bb109d9a697eb69 -DCOREBOOT_SDK_ROOT_arm=/home/jpmurphy/.cache/coreboot-sdk/arm-eabi/ea40ddd1d190c3b48435c474c0b545719371813a -DCOREBOOT_SDK_ROOT_libstdcxx_riscv64=/home/jpmurphy/.cache/coreboot-sdk/libstdcxx-riscv64-elf/17abf22a3a252e2d5d2062ced5324f7a623689e0 -DCOREBOOT_SDK_ROOT_libstdcxx_arm=/home/jpmurphy/.cache/coreboot-sdk/libstdcxx-arm-eabi/5d7d82e150e44aa1968f1d366e267e6687b328ac -DCOREBOOT_SDK_ROOT_riscv=/home/jpmurphy/.cache/coreboot-sdk/riscv-elf/9a27b9e82341c6e9126624f516ab3f261abb3e73 -DCOREBOOT_SDK_ROOT_libstdcxx_x86=/home/jpmurphy/.cache/coreboot-sdk/libstdcxx-i386-elf/42ef9d2e87a76a37963175d7d428734e65648b87 -DZEPHYR_TOOLCHAIN_VARIANT=coreboot-sdk '-DZEPHYR_MODULES=/mnt/host/source/src/platform/ec/build/zephyr/pujjo/modules/cmsis;/mnt/host/source/src/platform/ec/build/zephyr/pujjo/modules/cmsis_6;/mnt/host/source/src/platform/ec/build/zephyr/pujjo/modules/ec' -DDTC_OVERLAY_FILE=/mnt/host/source/src/platform/ec/zephyr/program/nissa/pujjo/project.overlay -DBOARD=npcx9/npcx9m3f -DCMAKE_C_FLAGS=-DSECTION_IS_RW '-DCONF_FILE=/mnt/host/source/src/platform/ec/zephyr/program/nissa/program.conf;/mnt/host/source/src/platform/ec/zephyr/program/nissa/npcx_program.conf;/mnt/host/source/src/platform/ec/zephyr/program/nissa/pujjo/project.conf;/mnt/host/source/src/platform/ec/build/zephyr/pujjo/kconfig-rw.conf'`
[ocicat:rw] [373/374] Building C object zephyr/kernel/CMakeFiles/kernel.dir/poll.c.obj
[pujjo:rw] Loading Zephyr default modules (Zephyr base (cached)).
[pujjo:rw] -- Application: /mnt/host/source/src/platform/ec/zephyr/program/nissa
[pujjo:rw] -- CMake version: 3.31.7
[ocicat:rw] [374/374] Linking C static library zephyr/kernel/libkernel.a
[brox:ro] [187/388] Building C object modules/ec/zephyr/CMakeFiles/ec_shim.dir/app/ec/main_shim.c.obj
[mtlrvpp_npcx:rw] [77/412] Building ASM object zephyr/arch/arch/arm/core/cortex_m/CMakeFiles/arch__arm__core__cortex_m.dir/fault_s.S.obj
[brox:rw] [62/388] Building C object CMakeFiles/app.dir/mnt/host/source/src/platform/ec/build/zephyr/brox/modules/ec/common/charger.c.obj
[ocicat:ro] [351/374] Building C object zephyr/kernel/CMakeFiles/kernel.dir/mem_slab.c.obj
[ocicat:ro] [352/374] Building C object zephyr/kernel/CMakeFiles/kernel.dir/float.c.obj
[pujjo:rw] -- Found Python3: /usr/bin/python3.11 (found suitable version "3.11.11", minimum required is "3.10") found components: Interpreter
[pujjo:rw] -- Cache files will be written to: /mnt/host/source/src/platform/ec/build/zephyr/user-cache
[pujjo:rw] -- Zephyr version: 4.3.99 (/mnt/host/source/src/third_party/zephyr/main)
[mtlrvpp_npcx:rw] [78/412] Building C object zephyr/arch/arch/arm/core/cortex_m/CMakeFiles/arch__arm__core__cortex_m.dir/exc_exit.c.obj
[brox:ro] [188/388] Building C object modules/ec/zephyr/CMakeFiles/ec_shim.dir/app/ec/chip/riscv/riscv-ite/it8xxx2-espi.c.obj
[ocicat:ro] [353/374] Building C object zephyr/kernel/CMakeFiles/kernel.dir/idle.c.obj
[ocicat:ro] [354/374] Building C object zephyr/kernel/CMakeFiles/kernel.dir/mailbox.c.obj
[/mnt/host/source/src/platform/ec/build/zephyr/riven-lcov]   /mnt/host/source/src/platform/ec/build/zephyr/riven/build-rw/modules/ec/zephyr/CMakeFiles/ec_shim.dir/shim/src/usb_muxes.c.gcno:no functions found
[/mnt/host/source/src/platform/ec/build/zephyr/riven-lcov] stderr:
[brox:ro] [189/388] Building C object modules/ec/zephyr/CMakeFiles/ec_shim.dir/drivers/cros_flash/cros_flash_it8xxx2.c.obj
[mtlrvpp_npcx:rw] [79/412] Building C object zephyr/arch/arch/arm/core/cortex_m/CMakeFiles/arch__arm__core__cortex_m.dir/fpu.c.obj
[mtlrvpp_npcx:rw] [80/412] Building C object zephyr/arch/arch/arm/core/cortex_m/CMakeFiles/arch__arm__core__cortex_m.dir/fault.c.obj
[brox:ro] [190/388] Building C object modules/ec/zephyr/CMakeFiles/ec_shim.dir/drivers/cros_kblight/pwm_kblight.c.obj
[brox:ro] [191/388] Building C object modules/ec/zephyr/CMakeFiles/ec_shim.dir/drivers/cros_system/cros_system_it8xxx2.c.obj
[brox:ro] [192/388] Building C object modules/ec/zephyr/CMakeFiles/ec_shim.dir/drivers/keyboard_input/keyboard_customization_check.c.obj
[ocicat:ro] [355/374] Building C object zephyr/kernel/CMakeFiles/kernel.dir/msg_q.c.obj
[mtlrvpp_npcx:rw] [81/412] Building ASM object zephyr/arch/arch/arm/core/cortex_m/CMakeFiles/arch__arm__core__cortex_m.dir/reset.S.obj
[ocicat:ro] [356/374] Building C object zephyr/kernel/CMakeFiles/kernel.dir/mutex.c.obj
[ocicat:ro] [357/374] Building C object zephyr/kernel/CMakeFiles/kernel.dir/sem.c.obj
[brox:ro] [193/388] Building C object modules/ec/zephyr/CMakeFiles/ec_shim.dir/drivers/hibernate/hibernate_z5.c.obj
[ocicat:ro] [358/374] Building C object zephyr/kernel/CMakeFiles/kernel.dir/queue.c.obj
[mtlrvpp_npcx:rw] [82/412] Building C object zephyr/arch/arch/arm/core/cortex_m/CMakeFiles/arch__arm__core__cortex_m.dir/scb.c.obj
[/mnt/host/source/src/platform/ec/build/zephyr/riven-lcov]   /mnt/host/source/src/platform/ec/build/zephyr/riven/build-rw/modules/ec/zephyr/CMakeFiles/ec_shim.dir/shim/src/usba.c.gcno:no functions found
[/mnt/host/source/src/platform/ec/build/zephyr/riven-lcov] stderr:
[brox:rw] [63/388] Building C object CMakeFiles/app.dir/mnt/host/source/src/platform/ec/build/zephyr/brox/modules/ec/common/charge_state.c.obj
[mtlrvpp_npcx:rw] [83/412] Building ASM object zephyr/arch/arch/arm/core/cortex_m/CMakeFiles/arch__arm__core__cortex_m.dir/vector_table.S.obj
[mtlrvpp_npcx:rw] [84/412] Building C object zephyr/arch/arch/arm/core/cortex_m/CMakeFiles/arch__arm__core__cortex_m.dir/thread_abort.c.obj
[brox:ro] [194/388] Building C object modules/ec/zephyr/CMakeFiles/ec_shim.dir/drivers/keyboard_input/keyboard_input.c.obj
[brox:ro] [195/388] Building C object modules/ec/zephyr/CMakeFiles/ec_shim.dir/drivers/keyboard_input/col_gpio_drive.c.obj
[pujjo:rw] -- Board: npcx9, qualifiers: npcx9m3f
[ocicat:ro] [359/374] Building C object zephyr/kernel/CMakeFiles/kernel.dir/stack.c.obj
[ocicat:ro] [360/374] Building C object zephyr/kernel/CMakeFiles/kernel.dir/system_work_q.c.obj
[brox:ro] [196/388] Building C object modules/ec/zephyr/CMakeFiles/ec_shim.dir/drivers/keyboard_factory_test/keyboard_factory_test.c.obj
[ocicat:ro] [361/374] Building C object zephyr/kernel/CMakeFiles/kernel.dir/condvar.c.obj
[mtlrvpp_npcx:rw] [85/412] Building ASM object zephyr/arch/arch/arm/core/cortex_m/CMakeFiles/arch__arm__core__cortex_m.dir/swap_helper.S.obj
[brox:ro] [197/388] Building C object modules/ec/zephyr/CMakeFiles/ec_shim.dir/drivers/usbc/ucsi_v3.c.obj
[mtlrvpp_npcx:rw] [86/412] Building C object zephyr/arch/arch/arm/core/cortex_m/CMakeFiles/arch__arm__core__cortex_m.dir/irq_manage.c.obj
[mtlrvpp_npcx:rw] [87/412] Building C object zephyr/arch/arch/arm/core/cortex_m/CMakeFiles/arch__arm__core__cortex_m.dir/prep_c.c.obj
[ocicat:ro] [362/374] Building C object zephyr/kernel/CMakeFiles/kernel.dir/work.c.obj
[ocicat:ro] [363/374] Building C object zephyr/kernel/CMakeFiles/kernel.dir/thread.c.obj
[brox:rw] [64/388] Building C object CMakeFiles/app.dir/mnt/host/source/src/platform/ec/build/zephyr/brox/modules/ec/common/charge_manager.c.obj
[ocicat:ro] [364/374] Building C object zephyr/kernel/CMakeFiles/kernel.dir/pipe.c.obj
[ocicat:ro] [365/374] Building C object zephyr/kernel/CMakeFiles/kernel.dir/sched.c.obj
[mtlrvpp_npcx:rw] [88/412] Building C object zephyr/arch/arch/arm/core/cortex_m/CMakeFiles/arch__arm__core__cortex_m.dir/cpu_idle.c.obj
[mtlrvpp_npcx:rw] [89/412] Building C object zephyr/arch/arch/arm/core/cortex_m/CMakeFiles/arch__arm__core__cortex_m.dir/irq_init.c.obj
[mtlrvpp_npcx:rw] [90/412] Building C object zephyr/arch/arch/arm/core/cortex_m/CMakeFiles/arch__arm__core__cortex_m.dir/thread.c.obj
[brox:ro] [198/388] Building C object modules/ec/zephyr/CMakeFiles/ec_shim.dir/drivers/usbc/pdc_rts54xx.c.obj
[brox:ro] [199/388] Building C object modules/ec/zephyr/CMakeFiles/ec_shim.dir/drivers/usbc/tps6699x_cmd.c.obj
[ocicat:ro] [366/374] Building C object zephyr/kernel/CMakeFiles/kernel.dir/spinlock_validate.c.obj
[brox:ro] [200/388] Building C object modules/ec/zephyr/CMakeFiles/ec_shim.dir/drivers/boot_keys/boot_keys.c.obj
[ocicat:ro] [367/374] Building C object zephyr/kernel/CMakeFiles/kernel.dir/thread_monitor.c.obj
[brox:ro] [201/388] Building C object modules/ec/zephyr/CMakeFiles/ec_shim.dir/drivers/usbc/pdc_tps6699x.c.obj
[mtlrvpp_npcx:rw] [91/412] Building C object zephyr/arch/arch/arm/core/cortex_m/CMakeFiles/arch__arm__core__cortex_m.dir/isr_wrapper.c.obj
[ocicat:ro] [368/374] Building C object zephyr/kernel/CMakeFiles/kernel.dir/timeout.c.obj
[brox:rw] [65/388] Building C object CMakeFiles/app.dir/mnt/host/source/src/platform/ec/build/zephyr/brox/modules/ec/common/cbi_common.c.obj
[ocicat:ro] [369/374] Building C object zephyr/kernel/CMakeFiles/kernel.dir/timer.c.obj
[pujjo:rw] -- Found Dtc: /usr/bin/dtc (found suitable version "1.6.0", minimum required is "1.4.6")
[mtlrvpp_npcx:rw] [92/412] Linking C static library zephyr/arch/arch/arm/core/cortex_m/libarch__arm__core__cortex_m.a
[pujjo:rw] -- Found BOARD.dts: /mnt/host/source/src/platform/ec/zephyr/boards/google/npcx9/npcx9_npcx9m3f.dts
[pujjo:rw] -- Found devicetree overlay: /mnt/host/source/src/platform/ec/zephyr/program/nissa/pujjo/project.overlay
[mtlrvpp_npcx:rw] [93/412] Building C object zephyr/arch/arch/arm/core/mpu/CMakeFiles/arch__arm__core__mpu.dir/arm_core_mpu.c.obj
[mtlrvpp_npcx:rw] [94/412] Building C object zephyr/arch/arch/arm/core/mpu/CMakeFiles/arch__arm__core__mpu.dir/arm_mpu.c.obj
[ocicat:ro] [370/374] Building C object zephyr/kernel/CMakeFiles/kernel.dir/events.c.obj
[mtlrvpp_npcx:rw] [95/412] Generating ../../../include/generated/libc/minimal/strerror_table.h
[brox:ro] [202/388] Building C object modules/ec/zephyr/CMakeFiles/ec_shim.dir/drivers/vivaldi_kbd/vivaldi_kbd.c.obj
[ocicat:ro] [371/374] Building C object zephyr/kernel/CMakeFiles/kernel.dir/poll.c.obj
[brox:ro] [203/388] Building C object modules/ec/zephyr/CMakeFiles/ec_shim.dir/drivers/runtime_keys/runtime_keys.c.obj
[brox:ro] [204/388] Building C object modules/ec/zephyr/CMakeFiles/ec_shim.dir/drivers/prochot_vcmp/prochot_vcmp.c.obj
[mtlrvpp_npcx:rw] [96/412] Building C object zephyr/lib/libc/minimal/CMakeFiles/lib__libc__minimal.dir/source/stdlib/atoi.c.obj
[brox:ro] [205/388] Building C object modules/ec/zephyr/CMakeFiles/ec_shim.dir/shim/chip/it8xxx2/clock.c.obj
[mtlrvpp_npcx:rw] [97/412] Building C object zephyr/lib/libc/minimal/CMakeFiles/lib__libc__minimal.dir/source/stdlib/strtol.c.obj
[ocicat:ro] [372/374] Building C object zephyr/kernel/CMakeFiles/kernel.dir/dynamic_disabled.c.obj
[mtlrvpp_npcx:rw] [98/412] Building C object zephyr/arch/arch/arm/core/mpu/CMakeFiles/arch__arm__core__mpu.dir/arm_mpu_regions.c.obj
[brox:ro] [206/388] Building C object modules/ec/zephyr/CMakeFiles/ec_shim.dir/shim/src/crc.c.obj
[mtlrvpp_npcx:rw] [99/412] Building C object zephyr/lib/libc/minimal/CMakeFiles/lib__libc__minimal.dir/source/stdlib/strtoul.c.obj
[mtlrvpp_npcx:ro] Building: /usr/bin/ninja -C /mnt/host/source/src/platform/ec/build/zephyr/mtlrvpp_npcx/build-ro all.libraries
Running `env -i SHELL=/bin/bash COLORTERM=truecolor DEPOT_TOOLS_UPDATE=0 LESS='-R -M --shift 5' SUDO_GID=0 JDK_HOME=/etc/java-config-2/current-system-vm CONFIG_PROTECT_MASK='/etc/gentoo-release /etc/sandbox.d /etc/fonts/fonts.conf /etc/terminfo /etc/ca-certificates.conf /etc/revdep-rebuild' CHROMEOS_CACHEDIR=/var/cache/chromeos-cache JAVA_HOME=/etc/java-config-2/current-system-vm SSH_AUTH_SOCK=/tmp/ssh-auth-sock SUDO_COMMAND=/bin/bash SUDO_USER=root SUDO_TTY=/dev/pts/2 EDITOR=/usr/bin/vi PWD=/mnt/host/source/src/platform/ec CONFIG_PROTECT=/usr/share/gnupg/qualified.txt LOGNAME=jpmurphy MANPATH=/etc/java-config-2/current-system-vm/man:/usr/local/share/man:/usr/share/man:/usr/share/gcc-data/x86_64-pc-linux-gnu/10.2.0/man:/usr/share/binutils-data/x86_64-pc-linux-gnu/2.45/man:/etc/java-config-2/current-system-vm/man/ SUDO_HOME=/root XAUTHORITY=/run/user/944457/gdm/Xauthority HOME=/home/jpmurphy LANG=C.UTF-8 LS_COLORS='rs=0:di=01;34:ln=01;36:mh=00:pi=40;33:so=01;35:do=01;35:bd=40;33;01:cd=40;33;01:or=01;05;37;41:mi=01;05;37;41:su=37;41:sg=30;43:ca=30;41:tw=30;42:ow=34;42:st=37;44:ex=01;32:*.tar=01;31:*.tgz=01;31:*.arc=01;31:*.arj=01;31:*.taz=01;31:*.lha=01;31:*.lz4=01;31:*.lzh=01;31:*.lzma=01;31:*.tlz=01;31:*.txz=01;31:*.tzo=01;31:*.t7z=01;31:*.zip=01;31:*.z=01;31:*.dz=01;31:*.gz=01;31:*.lrz=01;31:*.lz=01;31:*.lzo=01;31:*.xz=01;31:*.zst=01;31:*.tzst=01;31:*.bz2=01;31:*.bz=01;31:*.tbz=01;31:*.tbz2=01;31:*.tz=01;31:*.deb=01;31:*.rpm=01;31:*.jar=01;31:*.war=01;31:*.ear=01;31:*.sar=01;31:*.rar=01;31:*.alz=01;31:*.ace=01;31:*.zoo=01;31:*.cpio=01;31:*.7z=01;31:*.rz=01;31:*.cab=01;31:*.wim=01;31:*.swm=01;31:*.dwm=01;31:*.esd=01;31:*.jpg=01;35:*.jpeg=01;35:*.mjpg=01;35:*.mjpeg=01;35:*.gif=01;35:*.bmp=01;35:*.pbm=01;35:*.pgm=01;35:*.ppm=01;35:*.tga=01;35:*.xbm=01;35:*.xpm=01;35:*.tif=01;35:*.tiff=01;35:*.png=01;35:*.svg=01;35:*.svgz=01;35:*.mng=01;35:*.pcx=01;35:*.mov=01;35:*.mpg=01;35:*.mpeg=01;35:*.m2v=01;35:*.mkv=01;35:*.webm=01;35:*.webp=01;35:*.ogm=01;35:*.mp4=01;35:*.m4v=01;35:*.mp4v=01;35:*.vob=01;35:*.qt=01;35:*.nuv=01;35:*.wmv=01;35:*.asf=01;35:*.rm=01;35:*.rmvb=01;35:*.flc=01;35:*.avi=01;35:*.fli=01;35:*.flv=01;35:*.gl=01;35:*.dl=01;35:*.xcf=01;35:*.xwd=01;35:*.yuv=01;35:*.cgm=01;35:*.emf=01;35:*.ogv=01;35:*.ogx=01;35:*.cfg=00;32:*.conf=00;32:*.diff=00;32:*.doc=00;32:*.ini=00;32:*.log=00;32:*.patch=00;32:*.pdf=00;32:*.ps=00;32:*.tex=00;32:*.txt=00;32:*.aac=00;36:*.au=00;36:*.flac=00;36:*.m4a=00;36:*.mid=00;36:*.midi=00;36:*.mka=00;36:*.mp3=00;36:*.mpc=00;36:*.ogg=00;36:*.ra=00;36:*.wav=00;36:*.oga=00;36:*.opus=00;36:*.spx=00;36:*.xspf=00;36:' XDG_CURRENT_DESKTOP=GNOME INFOPATH=/usr/share/info:/usr/share/gcc-data/x86_64-pc-linux-gnu/10.2.0/info:/usr/share/binutils-data/x86_64-pc-linux-gnu/2.45/info:/usr/share/automake-1.16.5/info JAVAC=/etc/java-config-2/current-system-vm/bin/javac TERM=xterm-256color LESSOPEN='|lesspipe %s' USER=jpmurphy CROS_WORKON_SRCROOT=/mnt/host/source MANPAGER=manpager DISPLAY=:1 SHLVL=1 LC_MESSAGES=C EXTERNAL_TRUNK_PATH=/mnt/8f9d649a-3721-44cc-93c0-e6bd21a9689f/chromiumos GCC_SPECS='' PATH=/mnt/host/source/chromite/bin:/usr/local/bin:/usr/bin:/bin:/opt/bin:/mnt/host/source/chromite/sdk/bin:/mnt/host/source/chromite/bin PORTAGE_USERNAME=jpmurphy SUDO_UID=0 GCC_VER=10.2.0 MAIL=/var/mail/jpmurphy OLDPWD=/mnt/host/source/src/scripts traceparent=00-e87aca51550a78635907baa6a2476181-6d684811675d2973-01 _=./zephyr/firmware_builder.py COREBOOT_SDK_ROOT_x86=/home/jpmurphy/.cache/coreboot-sdk/i386-elf/dfbb0486385d938cfa9d73080b9d18d598ed4f49 COREBOOT_SDK_ROOT_picolibc_x86=/home/jpmurphy/.cache/coreboot-sdk/picolibc-i386-elf/eb8e8e687b95461de8cbf278f1c2076952d0ad17 COREBOOT_SDK_ROOT_riscv64=/home/jpmurphy/.cache/coreboot-sdk/riscv64-elf/96b949749225b6aaa92ed810ab769e8dfb12f000 COREBOOT_SDK_ROOT_picolibc_arm=/home/jpmurphy/.cache/coreboot-sdk/picolibc-arm-eabi/422a2aa3e1ef891b5bece9a3deb696ff83840d2e COREBOOT_SDK_ROOT_nds32=/home/jpmurphy/.cache/coreboot-sdk/nds32le-elf/d1a518c4a097666d86058e1444f85ca015d15511 COREBOOT_SDK_ROOT_picolibc_riscv64=/home/jpmurphy/.cache/coreboot-sdk/picolibc-riscv64-elf/f571e990ef0278564b31124f8bb109d9a697eb69 COREBOOT_SDK_ROOT_arm=/home/jpmurphy/.cache/coreboot-sdk/arm-eabi/ea40ddd1d190c3b48435c474c0b545719371813a COREBOOT_SDK_ROOT_libstdcxx_riscv64=/home/jpmurphy/.cache/coreboot-sdk/libstdcxx-riscv64-elf/17abf22a3a252e2d5d2062ced5324f7a623689e0 COREBOOT_SDK_ROOT_libstdcxx_arm=/home/jpmurphy/.cache/coreboot-sdk/libstdcxx-arm-eabi/5d7d82e150e44aa1968f1d366e267e6687b328ac COREBOOT_SDK_ROOT_riscv=/home/jpmurphy/.cache/coreboot-sdk/riscv-elf/9a27b9e82341c6e9126624f516ab3f261abb3e73 COREBOOT_SDK_ROOT_libstdcxx_x86=/home/jpmurphy/.cache/coreboot-sdk/libstdcxx-i386-elf/42ef9d2e87a76a37963175d7d428734e65648b87 PYTHONPATH=/mnt/host/source/src/platform/ec/zephyr/zmake PW_PIGWEED_CIPD_INSTALL_DIR=/usr CROSTC_USER_ACKNOWLEDGES_THAT_RISCV_IS_EXPERIMENTAL=1 MAKEFLAGS=' -j16 --jobserver-auth=5,6' /usr/bin/ninja -C /mnt/host/source/src/platform/ec/build/zephyr/mtlrvpp_npcx/build-ro all.libraries`
[ocicat:ro] [373/374] Building C object zephyr/kernel/CMakeFiles/kernel.dir/mempool.c.obj
[mtlrvpp_npcx:ro] ninja: Entering directory `/mnt/host/source/src/platform/ec/build/zephyr/mtlrvpp_npcx/build-ro'
[mtlrvpp_npcx:rw] [100/412] Linking C static library zephyr/arch/arch/arm/core/mpu/libarch__arm__core__mpu.a
[mtlrvpp_npcx:rw] [101/412] Building C object zephyr/lib/libc/minimal/CMakeFiles/lib__libc__minimal.dir/source/stdlib/strtoll.c.obj
[ocicat:ro] [374/374] Linking C static library zephyr/kernel/libkernel.a
[mtlrvpp_npcx:rw] [102/412] Building C object zephyr/lib/libc/common/CMakeFiles/lib__libc__common.dir/source/stdlib/abort.c.obj
[mtlrvpp_npcx:rw] [103/412] Building C object zephyr/lib/libc/minimal/CMakeFiles/lib__libc__minimal.dir/source/stdlib/strtoull.c.obj
[mtlrvpp_npcx:rw] [104/412] Building C object zephyr/lib/libc/minimal/CMakeFiles/lib__libc__minimal.dir/source/stdlib/bsearch.c.obj
[mtlrvpp_npcx:rw] [105/412] Building C object zephyr/lib/libc/minimal/CMakeFiles/lib__libc__minimal.dir/source/string/strncasecmp.c.obj
[brox:ro] [207/388] Building C object modules/ec/zephyr/CMakeFiles/ec_shim.dir/shim/chip/it8xxx2/system.c.obj
[mtlrvpp_npcx:rw] [106/412] Building C object zephyr/lib/libc/minimal/CMakeFiles/lib__libc__minimal.dir/source/string/strerror.c.obj
[brox:rw] [66/388] Building C object CMakeFiles/app.dir/mnt/host/source/src/platform/ec/build/zephyr/brox/modules/ec/common/cbi.c.obj
[brox:ro] [208/388] Building C object modules/ec/zephyr/CMakeFiles/ec_shim.dir/shim/chip/it8xxx2/power_policy.c.obj
[mtlrvpp_npcx:rw] [107/412] Building C object zephyr/lib/libc/minimal/CMakeFiles/lib__libc__minimal.dir/source/string/strstr.c.obj
[mtlrvpp_npcx:rw] [108/412] Building C object zephyr/lib/libc/minimal/CMakeFiles/lib__libc__minimal.dir/source/stdlib/qsort.c.obj
[mtlrvpp_npcx:rw] [109/412] Building C object zephyr/lib/libc/minimal/CMakeFiles/lib__libc__minimal.dir/source/string/strspn.c.obj
[mtlrvpp_npcx:rw] [110/412] Building C object zephyr/lib/libc/minimal/CMakeFiles/lib__libc__minimal.dir/source/string/string.c.obj
[mtlrvpp_npcx:ro] [1/412] Generating include/generated/zephyr/version.h
[mtlrvpp_npcx:ro] -- git describe warned: warning: tag 'upstream/v2.7.99' is externally known as 'v2.7.99'
[mtlrvpp_npcx:ro] -- Zephyr version: 4.3.99 (/mnt/host/source/src/third_party/zephyr/main)
[mtlrvpp_npcx:ro] [2/412] Preparing syscall dependency handling
[brox:ro] [209/388] Building C object modules/ec/zephyr/CMakeFiles/ec_shim.dir/shim/chip/it8xxx2/gpio.c.obj
[mtlrvpp_npcx:ro] [3/412] Generating misc/generated/syscalls_subdirs.trigger
[brox:ro] [210/388] Building C object modules/ec/zephyr/CMakeFiles/ec_shim.dir/shim/src/console.c.obj
[mtlrvpp_npcx:rw] [111/412] Building C object zephyr/lib/libc/minimal/CMakeFiles/lib__libc__minimal.dir/source/stdlib/exit.c.obj
[/mnt/host/source/src/platform/ec/build/zephyr/riven-lcov]   /mnt/host/source/src/platform/ec/build/zephyr/riven/build-rw/modules/ec/zephyr/CMakeFiles/ec_shim.dir/shim/src/keyscan.c.gcno:no functions found
[/mnt/host/source/src/platform/ec/build/zephyr/riven-lcov] stderr:
[brox:ro] [211/388] Building C object modules/ec/zephyr/CMakeFiles/ec_shim.dir/shim/src/gpio.c.obj
[brox:rw] [67/388] Building C object CMakeFiles/app.dir/mnt/host/source/src/platform/ec/build/zephyr/brox/modules/ec/common/cbi_config.c.obj
[/mnt/host/source/src/platform/ec/build/zephyr/rex-lcov]   /mnt/host/source/src/platform/ec/build/zephyr/rex/build-ro/zephyr/drivers/sensor/CMakeFiles/drivers__sensor.dir/mnt/host/source/src/third_party/zephyr/main/misc/empty_file.c.gcno:no functions found
[/mnt/host/source/src/platform/ec/build/zephyr/rex-lcov] stderr:
[mtlrvpp_npcx:rw] [112/412] Building C object zephyr/lib/libc/minimal/CMakeFiles/lib__libc__minimal.dir/source/math/sqrtf.c.obj
[mtlrvpp_npcx:rw] [113/412] Building C object zephyr/lib/libc/minimal/CMakeFiles/lib__libc__minimal.dir/source/stdout/fprintf.c.obj
[mtlrvpp_npcx:rw] [114/412] Building C object zephyr/lib/libc/minimal/CMakeFiles/lib__libc__minimal.dir/source/stdout/stdout_console.c.obj
[/mnt/host/source/src/platform/ec/build/zephyr/rex-lcov]   /mnt/host/source/src/platform/ec/build/zephyr/rex/build-rw/modules/ec/zephyr/CMakeFiles/ec_shim.dir/shim/src/anx7452_usb_mux.c.gcno:no functions found
[/mnt/host/source/src/platform/ec/build/zephyr/rex-lcov] stderr:
[brox:ro] [212/388] Building C object modules/ec/zephyr/CMakeFiles/ec_shim.dir/shim/src/panic_utils.c.obj
[mtlrvpp_npcx:rw] [115/412] Building C object zephyr/lib/libc/minimal/CMakeFiles/lib__libc__minimal.dir/source/stdout/sprintf.c.obj
[mtlrvpp_npcx:rw] [116/412] Building C object zephyr/lib/libc/minimal/CMakeFiles/lib__libc__minimal.dir/source/math/sqrt.c.obj
[brox:ro] [213/388] Building C object modules/ec/zephyr/CMakeFiles/ec_shim.dir/shim/src/gpio_int.c.obj
[brox:rw] [68/388] Building C object CMakeFiles/app.dir/mnt/host/source/src/platform/ec/build/zephyr/brox/modules/ec/common/memory_commands.c.obj
[mtlrvpp_npcx:rw] [117/412] Building C object zephyr/lib/libc/common/CMakeFiles/lib__libc__common.dir/source/time/asctime.c.obj
[mtlrvpp_npcx:rw] [118/412] Building C object zephyr/lib/libc/common/CMakeFiles/lib__libc__common.dir/source/time/gmtime_r.c.obj
[brox:ro] [214/388] Building C object modules/ec/zephyr/CMakeFiles/ec_shim.dir/shim/src/pm_state.c.obj
[brox:ro] [215/388] Building C object modules/ec/zephyr/CMakeFiles/ec_shim.dir/shim/src/cbi/cros_cbi.c.obj
[mtlrvpp_npcx:rw] [119/412] Building C object zephyr/lib/libc/common/CMakeFiles/lib__libc__common.dir/source/time/localtime_r_utc.c.obj
[/mnt/host/source/src/platform/ec/build/zephyr/rex-lcov]   /mnt/host/source/src/platform/ec/build/zephyr/rex/build-rw/modules/ec/zephyr/CMakeFiles/ec_shim.dir/shim/src/thermal.c.gcno:no functions found
[/mnt/host/source/src/platform/ec/build/zephyr/rex-lcov] stderr:
[mtlrvpp_npcx:ro] [4/412] Generating misc/generated/syscalls.json, misc/generated/struct_tags.json
[mtlrvpp_npcx:rw] [120/412] Building C object zephyr/lib/libc/common/CMakeFiles/lib__libc__common.dir/source/time/ctime.c.obj
[mtlrvpp_npcx:rw] [121/412] Building C object zephyr/lib/libc/common/CMakeFiles/lib__libc__common.dir/source/time/time.c.obj
[brox:rw] [69/388] Building C object CMakeFiles/app.dir/mnt/host/source/src/platform/ec/build/zephyr/brox/modules/ec/common/dptf.c.obj
[pujjo:rw] -- Generated zephyr.dts: /mnt/host/source/src/platform/ec/build/zephyr/pujjo/build-rw/zephyr/zephyr.dts
[mtlrvpp_npcx:rw] [122/412] Building C object zephyr/lib/libc/common/CMakeFiles/lib__libc__common.dir/source/string/strnlen.c.obj
[brox:ro] [216/388] Building C object modules/ec/zephyr/CMakeFiles/ec_shim.dir/shim/src/cbi/cbi_flash.c.obj
[pujjo:rw] -- Generated pickled edt: /mnt/host/source/src/platform/ec/build/zephyr/pujjo/build-rw/zephyr/edt.pickle
[mtlrvpp_npcx:ro] [5/412] Generating include/generated/zephyr/syscall_dispatch.c, include/generated/zephyr/syscall_exports_llext.c, syscall_weakdefs_llext.c, include/generated/zephyr/syscall_list.h
[mtlrvpp_npcx:rw] [123/412] Building C object zephyr/lib/posix/c_lib_ext/CMakeFiles/lib__posix__c_lib_ext.dir/fnmatch.c.obj
[mtlrvpp_npcx:rw] [124/412] Building C object zephyr/lib/libc/minimal/CMakeFiles/lib__libc__minimal.dir/source/time/gmtime.c.obj
[mtlrvpp_npcx:rw] [125/412] Linking C static library zephyr/lib/libc/minimal/liblib__libc__minimal.a
[mtlrvpp_npcx:ro] [6/412] Generating include/generated/zephyr/driver-validation.h
[/mnt/host/source/src/platform/ec/build/zephyr/rex-lcov]   /mnt/host/source/src/platform/ec/build/zephyr/rex/build-rw/modules/ec/zephyr/CMakeFiles/ec_shim.dir/shim/src/battery.c.gcno:no functions found
[/mnt/host/source/src/platform/ec/build/zephyr/rex-lcov] stderr:
[brox:ro] [217/388] Building C object modules/ec/zephyr/CMakeFiles/ec_shim.dir/shim/src/led_driver/led.c.obj
[/mnt/host/source/src/platform/ec/build/zephyr/rex-lcov]   /mnt/host/source/src/platform/ec/build/zephyr/rex/build-rw/modules/ec/zephyr/CMakeFiles/ec_shim.dir/shim/src/charger.c.gcno:no functions found
[/mnt/host/source/src/platform/ec/build/zephyr/rex-lcov] stderr:
[mtlrvpp_npcx:rw] [126/412] Building C object zephyr/subsys/crc/CMakeFiles/subsys__crc.dir/crc4_sw.c.obj
[brox:ro] [218/388] Building C object modules/ec/zephyr/CMakeFiles/ec_shim.dir/shim/src/led_driver/led_pwm.c.obj
[mtlrvpp_npcx:ro] [7/412] Generating include/generated/zephyr/kobj-types-enum.h, include/generated/zephyr/otype-to-str.h, include/generated/zephyr/otype-to-size.h
[brox:rw] [70/388] Building C object CMakeFiles/app.dir/mnt/host/source/src/platform/ec/build/zephyr/brox/modules/ec/common/ap_reset_log.c.obj
[mtlrvpp_npcx:rw] [127/412] Building C object zephyr/subsys/crc/CMakeFiles/subsys__crc.dir/crc8_sw.c.obj
[mtlrvpp_npcx:ro] [8/412] Generating include/generated/device-api-sections.ld, include/generated/device-api-sections.cmake
[mtlrvpp_npcx:ro] [9/412] Building C object zephyr/CMakeFiles/offsets.dir/arch/arm/core/offsets/offsets.c.obj
[mtlrvpp_npcx:rw] [128/412] Building C object zephyr/lib/libc/common/CMakeFiles/lib__libc__common.dir/source/stdlib/malloc.c.obj
[pujjo:rw] -- Generated devicetree_generated.h: /mnt/host/source/src/platform/ec/build/zephyr/pujjo/build-rw/zephyr/include/generated/zephyr/devicetree_generated.h
[brox:ro] [219/388] Building C object modules/ec/zephyr/CMakeFiles/ec_shim.dir/shim/src/pdc_shim.c.obj
[mtlrvpp_npcx:rw] [129/412] Linking C static library zephyr/lib/libc/common/liblib__libc__common.a
[brox:rw] [71/388] Building C object CMakeFiles/app.dir/mnt/host/source/src/platform/ec/build/zephyr/brox/modules/ec/common/espi.c.obj
[brox:ro] [220/388] Building C object modules/ec/zephyr/CMakeFiles/ec_shim.dir/shim/src/system.c.obj
[mtlrvpp_npcx:rw] [130/412] Building C object zephyr/subsys/crc/CMakeFiles/subsys__crc.dir/crc16_sw.c.obj
[mtlrvpp_npcx:rw] [131/412] Building C object zephyr/lib/posix/c_lib_ext/CMakeFiles/lib__posix__c_lib_ext.dir/getentropy.c.obj
[mtlrvpp_npcx:ro] [10/412] Generating include/generated/zephyr/offsets.h
[mtlrvpp_npcx:ro] [11/412] Building C object zephyr/CMakeFiles/zephyr.dir/lib/libc/validate_libc.c.obj
[mtlrvpp_npcx:rw] [132/412] Building C object zephyr/subsys/crc/CMakeFiles/subsys__crc.dir/crc7_sw.c.obj
[mtlrvpp_npcx:ro] [12/412] Building C object zephyr/CMakeFiles/zephyr.dir/lib/heap/heap.c.obj
[mtlrvpp_npcx:ro] [13/412] Building C object zephyr/CMakeFiles/zephyr.dir/lib/os/cbprintf_packaged.c.obj
[mtlrvpp_npcx:rw] [133/412] Building C object zephyr/lib/posix/c_lib_ext/CMakeFiles/lib__posix__c_lib_ext.dir/getopt_shim.c.obj
[mtlrvpp_npcx:ro] [14/412] Building C object zephyr/CMakeFiles/zephyr.dir/lib/os/clock.c.obj
[mtlrvpp_npcx:rw] [134/412] Building C object zephyr/subsys/crc/CMakeFiles/subsys__crc.dir/crc24_sw.c.obj
[mtlrvpp_npcx:ro] [15/412] Building C object zephyr/CMakeFiles/zephyr.dir/lib/os/printk.c.obj
[mtlrvpp_npcx:ro] [16/412] Building C object zephyr/CMakeFiles/zephyr.dir/lib/os/sem.c.obj
[mtlrvpp_npcx:ro] [17/412] Building C object zephyr/CMakeFiles/zephyr.dir/lib/os/thread_entry.c.obj
[mtlrvpp_npcx:ro] [18/412] Building C object zephyr/CMakeFiles/zephyr.dir/lib/os/cbprintf_nano.c.obj
[mtlrvpp_npcx:rw] [135/412] Linking C static library zephyr/lib/posix/c_lib_ext/liblib__posix__c_lib_ext.a
[mtlrvpp_npcx:rw] [136/412] Building C object zephyr/subsys/crc/CMakeFiles/subsys__crc.dir/crc32c_sw.c.obj
[mtlrvpp_npcx:ro] [19/412] Building C object zephyr/CMakeFiles/zephyr.dir/lib/os/cbprintf.c.obj
[mtlrvpp_npcx:ro] [20/412] Building C object zephyr/CMakeFiles/zephyr.dir/lib/os/assert.c.obj
[brox:ro] [221/388] Building C object modules/ec/zephyr/CMakeFiles/ec_shim.dir/shim/src/adc.c.obj
[mtlrvpp_npcx:rw] [137/412] Building C object zephyr/subsys/crc/CMakeFiles/subsys__crc.dir/crc32_sw.c.obj
[mtlrvpp_npcx:ro] [21/412] Building C object zephyr/CMakeFiles/zephyr.dir/lib/utils/dec.c.obj
[mtlrvpp_npcx:ro] [22/412] Building C object zephyr/CMakeFiles/zephyr.dir/lib/utils/hex.c.obj
[mtlrvpp_npcx:ro] [23/412] Building C object zephyr/CMakeFiles/zephyr.dir/lib/utils/rb.c.obj
[mtlrvpp_npcx:ro] [24/412] Building C object zephyr/CMakeFiles/zephyr.dir/lib/utils/timeutil.c.obj
[mtlrvpp_npcx:rw] [138/412] Building C object zephyr/subsys/crc/CMakeFiles/subsys__crc.dir/crc32k_4_2_sw.c.obj
[mtlrvpp_npcx:ro] [25/412] Building C object zephyr/CMakeFiles/zephyr.dir/lib/utils/bitarray.c.obj
[mtlrvpp_npcx:ro] [26/412] Building C object zephyr/CMakeFiles/zephyr.dir/lib/utils/bitmask.c.obj
[brox:ro] [222/388] Building C object modules/ec/zephyr/CMakeFiles/ec_shim.dir/shim/src/battery.c.obj
[mtlrvpp_npcx:ro] [27/412] Building C object zephyr/CMakeFiles/zephyr.dir/lib/utils/getopt/getopt.c.obj
[mtlrvpp_npcx:ro] [28/412] Building C object zephyr/CMakeFiles/zephyr.dir/lib/utils/getopt/getopt_common.c.obj
[mtlrvpp_npcx:ro] [29/412] Building C object zephyr/CMakeFiles/zephyr.dir/lib/utils/ring_buffer.c.obj
[mtlrvpp_npcx:ro] [30/412] Building C object zephyr/CMakeFiles/zephyr.dir/lib/utils/last_section_id.c.obj
[mtlrvpp_npcx:ro] [31/412] Building C object zephyr/CMakeFiles/zephyr.dir/misc/generated/configs.c.obj
[mtlrvpp_npcx:rw] [139/412] Linking C static library zephyr/subsys/crc/libsubsys__crc.a
[mtlrvpp_npcx:ro] [32/412] Building C object zephyr/CMakeFiles/zephyr.dir/soc/nuvoton/npcx/common/power.c.obj
[mtlrvpp_npcx:ro] [33/412] Building C object zephyr/CMakeFiles/zephyr.dir/soc/nuvoton/npcx/common/scfg.c.obj
[mtlrvpp_npcx:ro] [34/412] Building C object zephyr/CMakeFiles/zephyr.dir/soc/nuvoton/npcx/common/npcxn/registers.c.obj
[mtlrvpp_npcx:ro] [35/412] Building C object zephyr/CMakeFiles/zephyr.dir/soc/nuvoton/npcx/npcx9/soc.c.obj
[mtlrvpp_npcx:ro] [36/412] Building C object zephyr/CMakeFiles/zephyr.dir/subsys/logging/log_minimal.c.obj
[brox:ro] [223/388] Building C object modules/ec/zephyr/CMakeFiles/ec_shim.dir/shim/src/charger.c.obj
[mtlrvpp_npcx:ro] [37/412] Building C object zephyr/CMakeFiles/zephyr.dir/subsys/mem_mgmt/mem_attr.c.obj
[mtlrvpp_npcx:ro] [38/412] Building C object zephyr/CMakeFiles/zephyr.dir/subsys/pm/pm.c.obj
[mtlrvpp_npcx:ro] [39/412] Building C object zephyr/CMakeFiles/zephyr.dir/subsys/pm/state.c.obj
[mtlrvpp_npcx:ro] [40/412] Building C object zephyr/CMakeFiles/zephyr.dir/subsys/pm/policy/policy_events.c.obj
[mtlrvpp_npcx:ro] [41/412] Building C object zephyr/CMakeFiles/zephyr.dir/subsys/pm/policy/policy_latency.c.obj
[mtlrvpp_npcx:ro] [42/412] Building C object zephyr/CMakeFiles/zephyr.dir/subsys/pm/policy/policy_state_lock.c.obj
[mtlrvpp_npcx:ro] [43/412] Building C object zephyr/CMakeFiles/zephyr.dir/subsys/pm/device.c.obj
[brox:rw] [72/388] Building C object CMakeFiles/app.dir/mnt/host/source/src/platform/ec/build/zephyr/brox/modules/ec/common/extpower_common.c.obj
[/mnt/host/source/src/platform/ec/build/zephyr/rex-lcov]   /mnt/host/source/src/platform/ec/build/zephyr/rex/build-rw/modules/ec/zephyr/CMakeFiles/ec_shim.dir/shim/src/usb_muxes.c.gcno:no functions found
[/mnt/host/source/src/platform/ec/build/zephyr/rex-lcov] stderr:
[brox:ro] [224/388] Building C object modules/ec/zephyr/CMakeFiles/ec_shim.dir/shim/src/chipset_api.c.obj
[/mnt/host/source/src/platform/ec/build/zephyr/rex-lcov]   /mnt/host/source/src/platform/ec/build/zephyr/rex/build-rw/modules/ec/zephyr/CMakeFiles/ec_shim.dir/shim/src/bb_retimer_usb_mux.c.gcno:no functions found
[/mnt/host/source/src/platform/ec/build/zephyr/rex-lcov] stderr:
[brox:rw] [73/388] Building C object CMakeFiles/app.dir/mnt/host/source/src/platform/ec/build/zephyr/brox/modules/ec/common/extpower_gpio.c.obj
[mtlrvpp_npcx:rw] [140/412] Building C object zephyr/drivers/adc/CMakeFiles/drivers__adc.dir/adc_common.c.obj
[mtlrvpp_npcx:rw] [141/412] Building C object zephyr/drivers/interrupt_controller/CMakeFiles/drivers__interrupt_controller.dir/intc_miwu.c.obj
[mtlrvpp_npcx:rw] [142/412] Building C object zephyr/drivers/adc/CMakeFiles/drivers__adc.dir/adc_npcx.c.obj
[mtlrvpp_npcx:rw] [143/412] Linking C static library zephyr/drivers/interrupt_controller/libdrivers__interrupt_controller.a
[mtlrvpp_npcx:rw] [144/412] Building C object zephyr/drivers/bbram/CMakeFiles/drivers__bbram.dir/bbram_npcx.c.obj
[mtlrvpp_npcx:rw] [145/412] Linking C static library zephyr/drivers/adc/libdrivers__adc.a
[mtlrvpp_npcx:rw] [146/412] Linking C static library zephyr/drivers/bbram/libdrivers__bbram.a
[brox:ro] [225/388] Building C object modules/ec/zephyr/CMakeFiles/ec_shim.dir/shim/src/espi.c.obj
[pujjo:rw] /mnt/host/source/src/platform/ec/build/zephyr/pujjo/build-rw/zephyr/zephyr.dts:4901.9-4908.5: Warning (gpios_property): /fans/fan_0: Missing property '#gpio-cells' in node /named-gpios/fan-enable or bad phandle (referred from enable-gpio[0])
[mtlrvpp_npcx:ro] [44/412] Building C object zephyr/CMakeFiles/zephyr.dir/subsys/pm/device_system_managed.c.obj
[brox:ro] [226/388] Building C object modules/ec/zephyr/CMakeFiles/ec_shim.dir/shim/src/fan.c.obj
[brox:ro] [227/388] Building C object modules/ec/zephyr/CMakeFiles/ec_shim.dir/shim/src/hooks.c.obj
[brox:ro] [228/388] Building C object modules/ec/zephyr/CMakeFiles/ec_shim.dir/shim/src/flash.c.obj
[/mnt/host/source/src/platform/ec/build/zephyr/rex-lcov]   /mnt/host/source/src/platform/ec/build/zephyr/rex/build-rw/modules/ec/zephyr/CMakeFiles/ec_shim.dir/shim/src/usba.c.gcno:no functions found
[/mnt/host/source/src/platform/ec/build/zephyr/rex-lcov] stderr:
[brox:ro] [229/388] Building C object modules/ec/zephyr/CMakeFiles/ec_shim.dir/shim/src/host_command.c.obj
[brox:rw] [74/388] Building C object CMakeFiles/app.dir/mnt/host/source/src/platform/ec/build/zephyr/brox/modules/ec/common/fan.c.obj
[mtlrvpp_npcx:rw] [147/412] Building C object zephyr/drivers/console/CMakeFiles/drivers__console.dir/uart_console.c.obj
[brox:rw] [75/388] Building C object CMakeFiles/app.dir/mnt/host/source/src/platform/ec/build/zephyr/brox/modules/ec/common/flash.c.obj
[mtlrvpp_npcx:rw] [148/412] Building C object zephyr/drivers/eeprom/CMakeFiles/drivers__eeprom.dir/eeprom_shell.c.obj
[mtlrvpp_npcx:rw] [149/412] Building C object zephyr/drivers/clock_control/CMakeFiles/drivers__clock_control.dir/clock_control_npcx.c.obj
[mtlrvpp_npcx:ro] [45/412] Building C object zephyr/CMakeFiles/zephyr.dir/subsys/testsuite/coverage/coverage.c.obj
[mtlrvpp_npcx:rw] [150/412] Building C object zephyr/drivers/eeprom/CMakeFiles/drivers__eeprom.dir/eeprom_at2x.c.obj
[mtlrvpp_npcx:rw] [151/412] Linking C static library zephyr/drivers/console/libdrivers__console.a
[mtlrvpp_npcx:rw] [152/412] Linking C static library zephyr/drivers/clock_control/libdrivers__clock_control.a
[brox:ro] [230/388] Building C object modules/ec/zephyr/CMakeFiles/ec_shim.dir/shim/src/mkbp_event.c.obj
[mtlrvpp_npcx:rw] [153/412] Linking C static library zephyr/drivers/eeprom/libdrivers__eeprom.a
[/mnt/host/source/src/platform/ec/build/zephyr/rex-lcov]   /mnt/host/source/src/platform/ec/build/zephyr/rex/build-rw/modules/ec/zephyr/CMakeFiles/ec_shim.dir/shim/src/kb8010_usb_mux.c.gcno:no functions found
[/mnt/host/source/src/platform/ec/build/zephyr/rex-lcov] stderr:
[brox:ro] [231/388] Building C object modules/ec/zephyr/CMakeFiles/ec_shim.dir/shim/src/console_buffer.c.obj
[brox:ro] [232/388] Building C object modules/ec/zephyr/CMakeFiles/ec_shim.dir/shim/src/panic.c.obj
[brox:ro] [233/388] Building C object modules/ec/zephyr/CMakeFiles/ec_shim.dir/shim/src/motionsense_sensors.c.obj
[brox:ro] [234/388] Building C object modules/ec/zephyr/CMakeFiles/ec_shim.dir/shim/src/pwm_hc.c.obj
[/mnt/host/source/src/platform/ec/build/zephyr/hylia-lcov]   /mnt/host/source/src/platform/ec/build/zephyr/hylia/build-rw/modules/ec/zephyr/CMakeFiles/ec_shim.dir/shim/src/keyscan.c.gcno:no functions found
[/mnt/host/source/src/platform/ec/build/zephyr/hylia-lcov] stderr:
[mtlrvpp_npcx:ro] [46/412] Building C object zephyr/CMakeFiles/zephyr.dir/subsys/tracing/tracing_none.c.obj
[brox:rw] [76/388] Building C object CMakeFiles/app.dir/mnt/host/source/src/platform/ec/build/zephyr/brox/modules/ec/common/host_command.c.obj
[mtlrvpp_npcx:rw] [154/412] Building C object zephyr/drivers/flash/CMakeFiles/drivers__flash.dir/jesd216.c.obj
[mtlrvpp_npcx:rw] [155/412] Building C object zephyr/drivers/flash/CMakeFiles/drivers__flash.dir/flash_npcx_fiu_nor.c.obj
[brox:rw] [77/388] Building C object CMakeFiles/app.dir/mnt/host/source/src/platform/ec/build/zephyr/brox/modules/ec/common/host_command_task.c.obj
[mtlrvpp_npcx:rw] [156/412] Building C object zephyr/drivers/espi/CMakeFiles/drivers__espi.dir/host_subs_npcx.c.obj
[brox:ro] [235/388] Building C object modules/ec/zephyr/CMakeFiles/ec_shim.dir/shim/src/thermal.c.obj
[mtlrvpp_npcx:rw] [157/412] Building C object zephyr/drivers/espi/CMakeFiles/drivers__espi.dir/espi_npcx.c.obj
[brox:ro] [236/388] Building C object modules/ec/zephyr/CMakeFiles/ec_shim.dir/shim/src/hwtimer.c.obj
[brox:ro] [237/388] Building C object modules/ec/zephyr/CMakeFiles/ec_shim.dir/shim/src/temp_sensors.c.obj
[mtlrvpp_npcx:rw] [158/412] Linking C static library zephyr/drivers/espi/libdrivers__espi.a
[brox:ro] [238/388] Building C object modules/ec/zephyr/CMakeFiles/ec_shim.dir/shim/src/i2c.c.obj
[mtlrvpp_npcx:ro] [47/412] Building C object zephyr/CMakeFiles/zephyr.dir/subsys/shell/modules/kernel_service/kernel_shell.c.obj
[mtlrvpp_npcx:rw] [159/412] Building C object zephyr/drivers/flash/CMakeFiles/drivers__flash.dir/flash_npcx_fiu_qspi.c.obj
[brox:ro] [239/388] Building C object modules/ec/zephyr/CMakeFiles/ec_shim.dir/shim/src/tasks.c.obj
[mtlrvpp_npcx:rw] [160/412] Building C object zephyr/drivers/gpio/CMakeFiles/drivers__gpio.dir/gpio_nct38xx.c.obj
[mtlrvpp_npcx:rw] [161/412] Linking C static library zephyr/drivers/flash/libdrivers__flash.a
[brox:rw] [78/388] Building C object CMakeFiles/app.dir/mnt/host/source/src/platform/ec/build/zephyr/brox/modules/ec/common/host_event_commands.c.obj
[brox:rw] [79/388] Building C object CMakeFiles/app.dir/mnt/host/source/src/platform/ec/build/zephyr/brox/modules/ec/common/uart_hostcmd.c.obj
[brox:ro] [240/388] cd /mnt/host/source/src/platform/ec/build/zephyr/brox/build-ro/modules/ec/zephyr && PYTHONPATH=/mnt/host/source/src/platform/ec/build/zephyr/brox/modules/ec/zephyr/zmake/ /usr/bin/python3.11 /mnt/host/source/src/platform/ec/build/zephyr/brox/modules/ec/zephyr/zmake/zephyr_build_tools/generate_ec_version.py /mnt/host/source/src/platform/ec/build/zephyr/brox/build-ro/modules/ec/zephyr/include/ec_version.h --name Zephyr-Kernel --version 16543.0.0 --static
[brox:ro] INFO:root:Using a static version string
[mtlrvpp_npcx:rw] [162/412] Building C object zephyr/drivers/gpio/CMakeFiles/drivers__gpio.dir/gpio_nct38xx_port.c.obj
[brox:ro] INFO:root:Version string: Zephyr-Kernel-16543.0.0
[brox:ro] INFO:root:Writing header to /mnt/host/source/src/platform/ec/build/zephyr/brox/build-ro/modules/ec/zephyr/include/ec_version.h
[brox:ro] [241/388] Building C object modules/ec/zephyr/CMakeFiles/ec_shim.dir/shim/src/power_host_sleep_api.c.obj
[brox:ro] [242/388] Building C object modules/ec/zephyr/CMakeFiles/ec_shim.dir/shim/src/usba.c.obj
[brox:ro] [243/388] Building C object modules/ec/zephyr/CMakeFiles/ec_shim.dir/shim/src/watchdog.c.obj
[mtlrvpp_npcx:rw] [163/412] Building C object zephyr/drivers/gpio/CMakeFiles/drivers__gpio.dir/gpio_npcx.c.obj
[mtlrvpp_npcx:ro] [48/412] Building C object zephyr/CMakeFiles/zephyr.dir/subsys/shell/modules/kernel_service/cycles.c.obj
[pujjo:rw] warning: PLATFORM_EC_OCPC_DEF_RBATT_MOHMS (defined at
[pujjo:rw] /mnt/host/source/src/platform/ec/zephyr/Kconfig.charger:279) was assigned the value '22' but got the
[pujjo:rw] value ''. Check these unsatisfied dependencies: PLATFORM_EC_OCPC (=n). See
[pujjo:rw] http://docs.zephyrproject.org/latest/kconfig.html#CONFIG_PLATFORM_EC_OCPC_DEF_RBATT_MOHMS and/or
[pujjo:rw] look up PLATFORM_EC_OCPC_DEF_RBATT_MOHMS in the menuconfig/guiconfig interface. The Application
[pujjo:rw] Development Primer, Setting Configuration Values, and Kconfig - Tips and Best Practices sections of
[pujjo:rw] the manual might be helpful too.
[pujjo:rw] warning: PLATFORM_EC_OCPC_DEF_DRIVELIMIT_MILLIVOLTS (defined at
[pujjo:rw] /mnt/host/source/src/platform/ec/zephyr/Kconfig.charger:288) was assigned the value '200' but got
[pujjo:rw] the value ''. Check these unsatisfied dependencies: PLATFORM_EC_OCPC (=n). See
[pujjo:rw] http://docs.zephyrproject.org/latest/kconfig.html#CONFIG_PLATFORM_EC_OCPC_DEF_DRIVELIMIT_MILLIVOLTS
[pujjo:rw] and/or look up PLATFORM_EC_OCPC_DEF_DRIVELIMIT_MILLIVOLTS in the menuconfig/guiconfig interface. The
[pujjo:rw] Application Development Primer, Setting Configuration Values, and Kconfig - Tips and Best Practices
[pujjo:rw] sections of the manual might be helpful too.
[pujjo:rw] warning: Deprecated symbol I2C_ALLOW_NO_STOP_TRANSACTIONS is enabled.
[brox:ro] [244/388] Building C object modules/ec/zephyr/CMakeFiles/ec_shim.dir/shim/src/sha256_hw.c.obj
[mtlrvpp_npcx:rw] [164/412] Building C object zephyr/drivers/i2c/CMakeFiles/drivers__i2c.dir/i2c_common.c.obj
[brox:rw] [80/388] Building C object CMakeFiles/app.dir/mnt/host/source/src/platform/ec/build/zephyr/brox/modules/ec/common/uptime.c.obj
[mtlrvpp_npcx:rw] [165/412] Building C object zephyr/drivers/gpio/CMakeFiles/drivers__gpio.dir/gpio_pca95xx.c.obj
[brox:ro] [245/388] Building C object CMakeFiles/app.dir/mnt/host/source/src/platform/ec/zephyr/subsys/ap_pwrseq/ap_events.c.obj
[/mnt/host/source/src/platform/ec/build/zephyr/hylia-lcov]   /mnt/host/source/src/platform/ec/build/zephyr/hylia/build-rw/CMakeFiles/app.dir/mnt/host/source/src/platform/ec/build/zephyr/hylia/modules/ec/common/cbi_config.c.gcno:no functions found
[/mnt/host/source/src/platform/ec/build/zephyr/hylia-lcov] stderr:
[brox:ro] [246/388] Building C object CMakeFiles/app.dir/mnt/host/source/src/platform/ec/zephyr/subsys/ap_pwrseq/power_signals.c.obj
[mtlrvpp_npcx:rw] [166/412] Building C object zephyr/drivers/i2c/CMakeFiles/drivers__i2c.dir/i2c_shell.c.obj
[mtlrvpp_npcx:rw] [167/412] Linking C static library zephyr/drivers/gpio/libdrivers__gpio.a
[pujjo:rw] Parsing /mnt/host/source/src/platform/ec/zephyr/program/nissa/Kconfig
[brox:ro] [247/388] Building C object CMakeFiles/app.dir/mnt/host/source/src/platform/ec/zephyr/subsys/ap_pwrseq/ap_power_interface.c.obj
[brox:ro] [248/388] Building C object CMakeFiles/app.dir/mnt/host/source/src/platform/ec/zephyr/subsys/ap_pwrseq/signal_gpio.c.obj
[brox:rw] [81/388] Building C object CMakeFiles/app.dir/mnt/host/source/src/platform/ec/build/zephyr/brox/modules/ec/common/i2c_controller.c.obj
[mtlrvpp_npcx:ro] [49/412] Building C object zephyr/CMakeFiles/zephyr.dir/subsys/shell/modules/kernel_service/sleep.c.obj
[mtlrvpp_npcx:rw] [168/412] Building C object zephyr/drivers/i2c/CMakeFiles/drivers__i2c.dir/i2c_npcx_controller.c.obj
[brox:ro] [249/388] Building C object CMakeFiles/app.dir/mnt/host/source/src/platform/ec/zephyr/subsys/ap_pwrseq/signal_vw.c.obj
[mtlrvpp_npcx:rw] [169/412] Building C object zephyr/drivers/i2c/CMakeFiles/drivers__i2c.dir/i2c_npcx_controller_fifo.c.obj
[brox:rw] [82/388] Building C object CMakeFiles/app.dir/mnt/host/source/src/platform/ec/build/zephyr/brox/modules/ec/common/i2c_passthru.c.obj
[mtlrvpp_npcx:rw] [170/412] Building C object zephyr/drivers/i2c/CMakeFiles/drivers__i2c.dir/i2c_npcx_port.c.obj
[mtlrvpp_npcx:rw] [171/412] Building C object zephyr/drivers/mfd/CMakeFiles/drivers__mfd.dir/mfd_nct38xx.c.obj
[mtlrvpp_npcx:rw] [172/412] Building C object zephyr/drivers/pinctrl/CMakeFiles/drivers__pinctrl.dir/common.c.obj
[mtlrvpp_npcx:rw] [173/412] Linking C static library zephyr/drivers/i2c/libdrivers__i2c.a
[brox:ro] [250/388] Building C object CMakeFiles/app.dir/mnt/host/source/src/platform/ec/zephyr/subsys/ap_pwrseq/power_host_sleep.c.obj
[mtlrvpp_npcx:rw] [174/412] Linking C static library zephyr/drivers/mfd/libdrivers__mfd.a
[pujjo:rw] Loaded configuration '/mnt/host/source/src/platform/ec/zephyr/boards/google/npcx9/npcx9_npcx9m3f_defconfig'
[pujjo:rw] Merged configuration '/mnt/host/source/src/platform/ec/zephyr/program/nissa/program.conf'
[pujjo:rw] Merged configuration '/mnt/host/source/src/platform/ec/zephyr/program/nissa/npcx_program.conf'
[pujjo:rw] Merged configuration '/mnt/host/source/src/platform/ec/zephyr/program/nissa/pujjo/project.conf'
[pujjo:rw] Merged configuration '/mnt/host/source/src/platform/ec/build/zephyr/pujjo/kconfig-rw.conf'
[pujjo:rw] Configuration saved to '/mnt/host/source/src/platform/ec/build/zephyr/pujjo/build-rw/zephyr/.config'
[pujjo:rw] Kconfig header saved to '/mnt/host/source/src/platform/ec/build/zephyr/pujjo/build-rw/zephyr/include/generated/zephyr/autoconf.h'
[pujjo:rw] -- Found GnuLd: /home/jpmurphy/.cache/coreboot-sdk/arm-eabi/ea40ddd1d190c3b48435c474c0b545719371813a/arm-eabi/bin/ld.bfd (found version "2.43.1")
[brox:ro] [251/388] Building C object CMakeFiles/app.dir/mnt/host/source/src/platform/ec/zephyr/subsys/ap_pwrseq/x86_non_dsx_chipset_power_state.c.obj
[brox:ro] [252/388] Building C object CMakeFiles/app.dir/mnt/host/source/src/platform/ec/zephyr/subsys/ap_pwrseq/x86_non_dsx_common_pwrseq_host_sleep.c.obj
[mtlrvpp_npcx:ro] [50/412] Building C object zephyr/CMakeFiles/zephyr.dir/subsys/shell/modules/kernel_service/uptime.c.obj
[mtlrvpp_npcx:rw] [175/412] Building C object zephyr/drivers/sensor/CMakeFiles/drivers__sensor.dir/mnt/host/source/src/third_party/zephyr/main/misc/empty_file.c.obj
[brox:ro] [253/388] Building C object CMakeFiles/app.dir/mnt/host/source/src/platform/ec/zephyr/subsys/ap_pwrseq/x86_non_dsx_common_pwrseq_sm_handler.c.obj
[mtlrvpp_npcx:rw] [176/412] Linking C static library zephyr/drivers/sensor/libdrivers__sensor.a
[brox:ro] [254/388] Building C object CMakeFiles/app.dir/mnt/host/source/src/platform/ec/zephyr/subsys/ap_pwrseq/x86_non_dsx_common_pwrseq_console.c.obj
[mtlrvpp_npcx:rw] [177/412] Building C object zephyr/drivers/pinctrl/CMakeFiles/drivers__pinctrl.dir/pinctrl_npcx.c.obj
[/mnt/host/source/src/platform/ec/build/zephyr/rex-lcov]   /mnt/host/source/src/platform/ec/build/zephyr/rex/build-rw/modules/ec/zephyr/CMakeFiles/ec_shim.dir/shim/src/bc12.c.gcno:no functions found
[/mnt/host/source/src/platform/ec/build/zephyr/rex-lcov] stderr:
[pujjo:rw] -- The C compiler identification is GNU 14.2.0
[mtlrvpp_npcx:rw] [178/412] Linking C static library zephyr/drivers/pinctrl/libdrivers__pinctrl.a
[brox:rw] [83/388] Building C object CMakeFiles/app.dir/mnt/host/source/src/platform/ec/build/zephyr/brox/modules/ec/common/keyboard_8042.c.obj
[mtlrvpp_npcx:rw] [179/412] Building C object zephyr/drivers/pwm/CMakeFiles/drivers__pwm.dir/pwm_shell.c.obj
[brox:rw] [84/388] Building C object CMakeFiles/app.dir/mnt/host/source/src/platform/ec/build/zephyr/brox/modules/ec/common/keyboard_8042_sharedlib.c.obj
[mtlrvpp_npcx:rw] [180/412] Building C object zephyr/drivers/pwm/CMakeFiles/drivers__pwm.dir/pwm_npcx.c.obj
[pujjo:rw] -- The CXX compiler identification is GNU 14.2.0
[mtlrvpp_npcx:rw] [181/412] Linking C static library zephyr/drivers/pwm/libdrivers__pwm.a
[pujjo:rw] -- The ASM compiler identification is GNU
[pujjo:rw] -- Found assembler: /home/jpmurphy/.cache/coreboot-sdk/arm-eabi/ea40ddd1d190c3b48435c474c0b545719371813a/bin/arm-eabi-gcc
[pujjo:rw] CMake Warning at /mnt/host/source/src/platform/ec/zephyr/cmake/linker/ld/linker_libraries.cmake:11 (message):
[pujjo:rw]   Disabling c_library
[pujjo:rw] Call Stack (most recent call first):
[pujjo:rw]   /mnt/host/source/src/third_party/zephyr/main/cmake/target_toolchain_flags.cmake:48 (include)
[pujjo:rw]   /mnt/host/source/src/third_party/zephyr/main/cmake/modules/kernel.cmake:153 (include)
[pujjo:rw]   /mnt/host/source/src/third_party/zephyr/main/cmake/modules/zephyr_default.cmake:138 (include)
[pujjo:rw]   /mnt/host/source/src/third_party/zephyr/main/share/zephyr-package/cmake/ZephyrConfig.cmake:66 (include)
[pujjo:rw]   /mnt/host/source/src/third_party/zephyr/main/share/zephyr-package/cmake/ZephyrConfig.cmake:97 (include_boilerplate)
[pujjo:rw]   CMakeLists.txt:7 (find_package)
[brox:ro] [255/388] Building C object CMakeFiles/app.dir/mnt/host/source/src/platform/ec/zephyr/subsys/ap_pwrseq/ap_reset_log.c.obj
[brox:ro] [256/388] Building C object CMakeFiles/app.dir/mnt/host/source/src/platform/ec/zephyr/subsys/ap_pwrseq/x86_non_dsx_common_pwrseq_host_command.c.obj
[brox:ro] [257/388] Building C object CMakeFiles/app.dir/mnt/host/source/src/platform/ec/zephyr/subsys/ap_pwrseq/x86_non_dsx_adlp_pwrseq_sm.c.obj
[mtlrvpp_npcx:ro] [51/412] Building C object zephyr/CMakeFiles/zephyr.dir/subsys/shell/modules/kernel_service/version.c.obj
[mtlrvpp_npcx:rw] [182/412] Building C object zephyr/drivers/sensor/nuvoton/nuvoton_tach_npcx/CMakeFiles/drivers__sensor__nuvoton__nuvoton_tach_npcx.dir/tach_nuvoton_npcx.c.obj
[brox:ro] [258/388] Building C object CMakeFiles/app.dir/mnt/host/source/src/platform/ec/zephyr/subsys/pd_controller/pdc_pmc_debug.c.obj
[mtlrvpp_npcx:rw] [183/412] Building C object zephyr/drivers/serial/CMakeFiles/drivers__serial.dir/uart_npcx.c.obj
[mtlrvpp_npcx:rw] [184/412] Linking C static library zephyr/drivers/sensor/nuvoton/nuvoton_tach_npcx/libdrivers__sensor__nuvoton__nuvoton_tach_npcx.a
[brox:ro] [259/388] Building C object CMakeFiles/app.dir/mnt/host/source/src/platform/ec/zephyr/subsys/pd_controller/retimer_fw_update.c.obj
[mtlrvpp_npcx:rw] [185/412] Linking C static library zephyr/drivers/serial/libdrivers__serial.a
[mtlrvpp_npcx:rw] [186/412] Building C object zephyr/drivers/syscon/CMakeFiles/drivers__syscon.dir/syscon.c.obj
[brox:rw] [85/388] Building C object CMakeFiles/app.dir/mnt/host/source/src/platform/ec/build/zephyr/brox/modules/ec/common/mkbp_fifo.c.obj
[mtlrvpp_npcx:rw] [187/412] Linking C static library zephyr/drivers/syscon/libdrivers__syscon.a
[brox:rw] [86/388] Building C object CMakeFiles/app.dir/mnt/host/source/src/platform/ec/build/zephyr/brox/modules/ec/common/mkbp_info.c.obj
[mtlrvpp_npcx:rw] [188/412] Building C object zephyr/drivers/timer/CMakeFiles/drivers__timer.dir/sys_clock_init.c.obj
[pujjo:rw] -- Performing EC specific devicetree checks
[mtlrvpp_npcx:ro] [52/412] Building C object zephyr/CMakeFiles/zephyr.dir/subsys/shell/modules/kernel_service/thread/thread.c.obj
[pujjo:rw] INFO: Verified 59 GPIOs, no duplicates found
[pujjo:rw] INFO: Verified 16 '*-gpios' properties, all flags match.
[/mnt/host/source/src/platform/ec/build/zephyr/hylia-lcov]   /mnt/host/source/src/platform/ec/build/zephyr/hylia/build-rw/CMakeFiles/app.dir/mnt/host/source/src/platform/ec/build/zephyr/hylia/modules/ec/zephyr/program/rauru/src/common.c.gcno:no functions found
[/mnt/host/source/src/platform/ec/build/zephyr/hylia-lcov] stderr:
[brox:ro] [260/388] Building C object CMakeFiles/app.dir/mnt/host/source/src/platform/ec/zephyr/subsys/pd_controller/pdc_host_cmd.c.obj
[brox:ro] [261/388] Building C object CMakeFiles/app.dir/mnt/host/source/src/platform/ec/zephyr/subsys/pd_controller/pdc_console.c.obj
[brox:ro] [262/388] Building C object CMakeFiles/app.dir/mnt/host/source/src/platform/ec/zephyr/subsys/pd_controller/pdc_stub.c.obj
[mtlrvpp_npcx:rw] [189/412] Building C object zephyr/drivers/timer/CMakeFiles/drivers__timer.dir/npcx_itim_timer.c.obj
[mtlrvpp_npcx:rw] [190/412] Building C object zephyr/drivers/watchdog/CMakeFiles/drivers__watchdog.dir/wdt_npcx.c.obj
[pujjo:rw] -- Generating component manifest file
[mtlrvpp_npcx:rw] [191/412] Building C object zephyr/drivers/watchdog/CMakeFiles/drivers__watchdog.dir/wdt_shell.c.obj
[mtlrvpp_npcx:rw] [192/412] Linking C static library zephyr/drivers/timer/libdrivers__timer.a
[mtlrvpp_npcx:rw] [193/412] Linking C static library zephyr/drivers/watchdog/libdrivers__watchdog.a
[brox:rw] [87/388] Building C object CMakeFiles/app.dir/mnt/host/source/src/platform/ec/build/zephyr/brox/modules/ec/common/mkbp_input_devices.c.obj
[brox:ro] [263/388] Building C object CMakeFiles/app.dir/mnt/host/source/src/platform/ec/zephyr/subsys/pd_controller/pdc_dpm.c.obj
[pujjo:rw] INFO: Skipped 18 named-gpios children.
[pujjo:rw] INFO: Running CME, outputting to /mnt/host/source/src/platform/ec/build/zephyr/pujjo/build-rw/zephyr/component_manifest.json
[pujjo:rw] INFO: Component virtual-mux-0(cros-ec,usbc-mux-virtual) not on I2C bus, skip it
[mtlrvpp_npcx:ro] [53/412] Building C object zephyr/CMakeFiles/zephyr.dir/subsys/shell/modules/kernel_service/thread/list.c.obj
[brox:rw] [88/388] Building C object CMakeFiles/app.dir/mnt/host/source/src/platform/ec/build/zephyr/brox/modules/ec/common/keyboard_backlight.c.obj
[mtlrvpp_npcx:rw] [194/412] Building C object modules/ec/zephyr/CMakeFiles/ec_shim.dir/app/ec/ec_app_main.c.obj
[pujjo:rw] -- warning_base_override: -Wall;-Wformat;-Wformat-security;-Wformat;-Wno-format-zero-length;-Wno-pointer-sign;-Wpointer-arith;-Wexpansion-to-defined
[/mnt/host/source/src/platform/ec/build/zephyr/hylia-lcov]   /mnt/host/source/src/platform/ec/build/zephyr/hylia/build-rw/zephyr/arch/arch/riscv/core/CMakeFiles/arch__riscv__core.dir/cpu_idle.c.gcno:no functions found
[/mnt/host/source/src/platform/ec/build/zephyr/hylia-lcov] stderr:
[brox:ro] [264/388] Building C object CMakeFiles/app.dir/mnt/host/source/src/platform/ec/zephyr/subsys/pd_controller/pdc_runtime_port_config.c.obj
[mtlrvpp_npcx:rw] [195/412] Building C object modules/ec/zephyr/CMakeFiles/ec_shim.dir/app/ec/main_shim.c.obj
[brox:ro] [265/388] Building C object CMakeFiles/app.dir/mnt/host/source/src/platform/ec/zephyr/subsys/pd_controller/pdc_trace_msg.c.obj
[pujjo:rw] -- Found gen_kobject_list: /mnt/host/source/src/third_party/zephyr/main/scripts/build/gen_kobject_list.py
[brox:ro] [266/388] Building C object CMakeFiles/app.dir/mnt/host/source/src/platform/ec/zephyr/subsys/ucsi/ppm_common.c.obj
[mtlrvpp_npcx:rw] [196/412] Building C object modules/ec/zephyr/CMakeFiles/ec_shim.dir/drivers/cros_rtc/cros_rtc_npcx.c.obj
[mtlrvpp_npcx:ro] [54/412] Building C object zephyr/CMakeFiles/zephyr.dir/subsys/shell/modules/kernel_service/thread/stacks.c.obj
[brox:rw] [89/388] Building C object CMakeFiles/app.dir/mnt/host/source/src/platform/ec/build/zephyr/brox/modules/ec/common/led_common.c.obj
[mtlrvpp_npcx:rw] [197/412] Building C object modules/ec/zephyr/CMakeFiles/ec_shim.dir/drivers/cros_flash/cros_flash_npcx.c.obj
[pujjo:rw] -- Configuring done (16.4s)
[brox:ro] [267/388] Building C object CMakeFiles/app.dir/mnt/host/source/src/platform/ec/zephyr/subsys/pd_controller/pdc_power_mgmt.c.obj
[brox:ro] [268/388] Building C object CMakeFiles/app.dir/mnt/host/source/src/platform/ec/zephyr/subsys/ucsi/ppm_console.c.obj
[brox:rw] [90/388] Building C object CMakeFiles/app.dir/mnt/host/source/src/platform/ec/build/zephyr/brox/modules/ec/common/motion_lid.c.obj
[mtlrvpp_npcx:rw] [198/412] Building C object modules/ec/zephyr/CMakeFiles/ec_shim.dir/drivers/cros_system/cros_system_npcx.c.obj
[brox:ro] [269/388] Building C object CMakeFiles/app.dir/mnt/host/source/src/platform/ec/build/zephyr/brox/modules/ec/builtin/stdlib.c.obj
[pujjo:rw] -- Generating done (0.5s)
[pujjo:rw] CMake Warning:
[pujjo:rw]   Manually-specified variables were not used by the project:
[pujjo:rw]     COREBOOT_SDK_ROOT_libstdcxx_riscv64
[pujjo:rw]     COREBOOT_SDK_ROOT_libstdcxx_x86
[pujjo:rw]     COREBOOT_SDK_ROOT_nds32
[pujjo:rw]     COREBOOT_SDK_ROOT_picolibc_riscv64
[pujjo:rw]     COREBOOT_SDK_ROOT_picolibc_x86
[pujjo:rw]     COREBOOT_SDK_ROOT_riscv
[pujjo:rw]     COREBOOT_SDK_ROOT_riscv64
[pujjo:rw]     COREBOOT_SDK_ROOT_x86
[pujjo:rw] -- Build files have been written to: /mnt/host/source/src/platform/ec/build/zephyr/pujjo/build-rw
[mtlrvpp_npcx:ro] [55/412] Building C object zephyr/CMakeFiles/zephyr.dir/subsys/shell/modules/kernel_service/thread/suspend.c.obj
[/mnt/host/source/src/platform/ec/build/zephyr/hylia-lcov]   /mnt/host/source/src/platform/ec/build/zephyr/hylia/build-rw/zephyr/arch/common/CMakeFiles/isr_tables.dir/isr_tables.c.gcno:no functions found
[/mnt/host/source/src/platform/ec/build/zephyr/hylia-lcov] stderr:
[brox:ro] [270/388] Building C object CMakeFiles/app.dir/mnt/host/source/src/platform/ec/zephyr/subsys/ucsi/ucsi_host_cmd.c.obj
[mtlrvpp_npcx:rw] [199/412] Building C object modules/ec/zephyr/CMakeFiles/ec_shim.dir/drivers/vivaldi_kbd/vivaldi_kbd.c.obj
[brox:ro] [271/388] Building C object CMakeFiles/app.dir/mnt/host/source/src/platform/ec/build/zephyr/brox/modules/ec/common/base32.c.obj
[mtlrvpp_npcx:rw] [200/412] Building C object modules/ec/zephyr/CMakeFiles/ec_shim.dir/shim/chip/npcx/clock.c.obj
[brox:rw] [91/388] Building C object CMakeFiles/app.dir/mnt/host/source/src/platform/ec/build/zephyr/brox/modules/ec/common/lid_angle.c.obj
[brox:ro] [272/388] Building C object CMakeFiles/app.dir/mnt/host/source/src/platform/ec/zephyr/subsys/ucsi/ppm_driver.c.obj
[mtlrvpp_npcx:rw] [201/412] Building C object modules/ec/zephyr/CMakeFiles/ec_shim.dir/shim/chip/npcx/gpio.c.obj
[brox:ro] [273/388] Building C object CMakeFiles/app.dir/mnt/host/source/src/platform/ec/build/zephyr/brox/modules/ec/common/console_output.c.obj
[brox:rw] [92/388] Building C object CMakeFiles/app.dir/mnt/host/source/src/platform/ec/build/zephyr/brox/modules/ec/common/lid_angle_keyboard_policy.c.obj
[mtlrvpp_npcx:rw] [202/412] Building C object modules/ec/zephyr/CMakeFiles/ec_shim.dir/shim/chip/npcx/rom_chip.c.obj
[mtlrvpp_npcx:ro] [56/412] Building C object zephyr/CMakeFiles/zephyr.dir/subsys/shell/modules/kernel_service/thread/resume.c.obj
[brox:ro] [274/388] Building C object CMakeFiles/app.dir/mnt/host/source/src/platform/ec/build/zephyr/brox/modules/ec/common/ec_features.c.obj
[brox:ro] [275/388] Building C object CMakeFiles/app.dir/mnt/host/source/src/platform/ec/build/zephyr/brox/modules/ec/common/gpio_commands.c.obj
[brox:rw] [93/388] Building C object CMakeFiles/app.dir/mnt/host/source/src/platform/ec/build/zephyr/brox/modules/ec/common/lid_switch.c.obj
[mtlrvpp_npcx:rw] [203/412] Building C object modules/ec/zephyr/CMakeFiles/ec_shim.dir/shim/chip/npcx/system_download_from_flash.c.obj
[brox:ro] [276/388] Building C object CMakeFiles/app.dir/mnt/host/source/src/platform/ec/build/zephyr/brox/modules/ec/common/printf.c.obj
[brox:ro] [277/388] Building C object CMakeFiles/app.dir/mnt/host/source/src/platform/ec/build/zephyr/brox/modules/ec/common/peripheral.c.obj
[mtlrvpp_npcx:rw] [204/412] Building C object modules/ec/zephyr/CMakeFiles/ec_shim.dir/shim/chip/npcx/system_external_storage.c.obj
[mtlrvpp_npcx:rw] [205/412] Building C object modules/ec/zephyr/CMakeFiles/ec_shim.dir/shim/chip/npcx/system.c.obj
[brox:rw] [94/388] Building C object CMakeFiles/app.dir/mnt/host/source/src/platform/ec/build/zephyr/brox/modules/ec/common/mkbp_event.c.obj
[brox:ro] [278/388] Building C object CMakeFiles/app.dir/mnt/host/source/src/platform/ec/build/zephyr/brox/modules/ec/common/queue.c.obj
[brox:rw] [95/388] Building C object CMakeFiles/app.dir/mnt/host/source/src/platform/ec/build/zephyr/brox/modules/ec/common/motion_sense.c.obj
[mtlrvpp_npcx:ro] [57/412] Building C object zephyr/CMakeFiles/zephyr.dir/subsys/shell/modules/kernel_service/thread/kill.c.obj
[mtlrvpp_npcx:rw] [206/412] Building C object modules/ec/zephyr/CMakeFiles/ec_shim.dir/shim/chip/npcx/power_policy.c.obj
[brox:ro] [279/388] Building C object CMakeFiles/app.dir/mnt/host/source/src/platform/ec/build/zephyr/brox/modules/ec/common/system_boot_time.c.obj
[mtlrvpp_npcx:rw] [207/412] Building C object modules/ec/zephyr/CMakeFiles/ec_shim.dir/shim/src/crc.c.obj
[brox:rw] [96/388] Building C object CMakeFiles/app.dir/mnt/host/source/src/platform/ec/build/zephyr/brox/modules/ec/common/port80.c.obj
[brox:ro] [280/388] Building C object CMakeFiles/app.dir/mnt/host/source/src/platform/ec/build/zephyr/brox/modules/ec/common/uart_printf.c.obj
[mtlrvpp_npcx:rw] [208/412] Building C object modules/ec/zephyr/CMakeFiles/ec_shim.dir/shim/core/cortex-m/mpu.c.obj
[mtlrvpp_npcx:rw] [209/412] Building C object modules/ec/zephyr/CMakeFiles/ec_shim.dir/shim/core/cortex-m/panic.c.obj
[brox:ro] [281/388] Building C object CMakeFiles/app.dir/mnt/host/source/src/platform/ec/build/zephyr/brox/modules/ec/common/util.c.obj
[brox:ro] [282/388] Building C object CMakeFiles/app.dir/mnt/host/source/src/platform/ec/build/zephyr/brox/modules/ec/common/system.c.obj
[brox:ro] [283/388] Building C object CMakeFiles/app.dir/mnt/host/source/src/platform/ec/build/zephyr/brox/modules/ec/common/version.c.obj
[brox:rw] [97/388] Building C object CMakeFiles/app.dir/mnt/host/source/src/platform/ec/build/zephyr/brox/modules/ec/common/power_button.c.obj
[mtlrvpp_npcx:rw] [210/412] Building C object modules/ec/zephyr/CMakeFiles/ec_shim.dir/shim/src/console.c.obj
[/mnt/host/source/src/platform/ec/build/zephyr/riven-lcov]   /mnt/host/source/src/platform/ec/build/zephyr/riven/build-rw/CMakeFiles/app.dir/mnt/host/source/src/platform/ec/build/zephyr/riven/modules/ec/common/usb_pd_pdo.c.gcno:no functions found
[/mnt/host/source/src/platform/ec/build/zephyr/riven-lcov] stderr:
[mtlrvpp_npcx:ro] [58/412] Building C object zephyr/CMakeFiles/zephyr.dir/subsys/shell/backends/shell_uart.c.obj
[brox:rw] [98/388] Building C object CMakeFiles/app.dir/mnt/host/source/src/platform/ec/build/zephyr/brox/modules/ec/power/hibernate.c.obj
[brox:ro] [284/388] Building C object CMakeFiles/app.dir/mnt/host/source/src/platform/ec/build/zephyr/brox/modules/ec/common/power_button_x86.c.obj
[brox:rw] [99/388] Building C object CMakeFiles/app.dir/mnt/host/source/src/platform/ec/build/zephyr/brox/modules/ec/common/panic_output.c.obj
[mtlrvpp_npcx:rw] [211/412] Building C object modules/ec/zephyr/CMakeFiles/ec_shim.dir/shim/src/panic_utils.c.obj
[mtlrvpp_npcx:rw] [212/412] Building C object modules/ec/zephyr/CMakeFiles/ec_shim.dir/shim/src/gpio.c.obj
[mtlrvpp_npcx:rw] [213/412] Building C object modules/ec/zephyr/CMakeFiles/ec_shim.dir/shim/src/gpio_int.c.obj
[brox:ro] [285/388] Building C object CMakeFiles/app.dir/mnt/host/source/src/platform/ec/build/zephyr/brox/modules/ec/driver/accel_bma4xx.c.obj
[brox:rw] [100/388] Building C object CMakeFiles/app.dir/mnt/host/source/src/platform/ec/build/zephyr/brox/modules/ec/common/shared_mem.c.obj
[brox:ro] [286/388] Building C object CMakeFiles/app.dir/mnt/host/source/src/platform/ec/build/zephyr/brox/modules/ec/common/adc.c.obj
[brox:ro] [287/388] Building C object CMakeFiles/app.dir/mnt/host/source/src/platform/ec/build/zephyr/brox/modules/ec/common/motion_sense_fifo.c.obj
[brox:ro] [288/388] Building C object CMakeFiles/app.dir/mnt/host/source/src/platform/ec/build/zephyr/brox/modules/ec/common/acpi.c.obj
[mtlrvpp_npcx:rw] [214/412] Building C object modules/ec/zephyr/CMakeFiles/ec_shim.dir/shim/src/pm_state.c.obj
[mtlrvpp_npcx:rw] [215/412] Building ASM object modules/ec/zephyr/CMakeFiles/ec_shim.dir/shim/src/libgcc_arm.S.obj
[mtlrvpp_npcx:ro] [59/412] Building C object zephyr/CMakeFiles/zephyr.dir/subsys/shell/shell.c.obj
[brox:rw] [101/388] Building C object CMakeFiles/app.dir/mnt/host/source/src/platform/ec/build/zephyr/brox/modules/ec/common/switch.c.obj
[brox:ro] [289/388] Building C object CMakeFiles/app.dir/mnt/host/source/src/platform/ec/build/zephyr/brox/modules/ec/common/backlight_lid.c.obj
[mtlrvpp_npcx:rw] [216/412] Building C object modules/ec/zephyr/CMakeFiles/ec_shim.dir/shim/src/cbi/cros_cbi.c.obj
[brox:rw] [102/388] Building C object CMakeFiles/app.dir/mnt/host/source/src/platform/ec/build/zephyr/brox/modules/ec/common/tablet_mode.c.obj
[mtlrvpp_npcx:rw] [217/412] Building C object modules/ec/zephyr/CMakeFiles/ec_shim.dir/shim/src/cbi/cbi_eeprom.c.obj
[mtlrvpp_npcx:rw] [218/412] Building C object modules/ec/zephyr/CMakeFiles/ec_shim.dir/shim/src/system.c.obj
[brox:ro] [290/388] Building C object CMakeFiles/app.dir/mnt/host/source/src/platform/ec/build/zephyr/brox/modules/ec/common/battery.c.obj
[brox:ro] [291/388] Building C object CMakeFiles/app.dir/mnt/host/source/src/platform/ec/build/zephyr/brox/modules/ec/common/battery_info.c.obj
[brox:ro] [292/388] Building C object CMakeFiles/app.dir/mnt/host/source/src/platform/ec/build/zephyr/brox/modules/ec/common/battery_fuel_gauge.c.obj
[brox:rw] [103/388] Building C object CMakeFiles/app.dir/mnt/host/source/src/platform/ec/build/zephyr/brox/modules/ec/common/thermal.c.obj
[mtlrvpp_npcx:ro] [60/412] Building C object zephyr/CMakeFiles/zephyr.dir/subsys/shell/shell_fprintf.c.obj
[/mnt/host/source/src/platform/ec/build/zephyr/hylia-lcov]   /mnt/host/source/src/platform/ec/build/zephyr/hylia/build-rw/zephyr/CMakeFiles/zephyr.dir/subsys/shell/modules/kernel_service/kernel_shell.c.gcno:no functions found
[/mnt/host/source/src/platform/ec/build/zephyr/hylia-lcov] stderr:
[brox:rw] [104/388] Building C object CMakeFiles/app.dir/mnt/host/source/src/platform/ec/build/zephyr/brox/modules/ec/common/temp_sensor.c.obj
[mtlrvpp_npcx:rw] [219/412] Building C object modules/ec/zephyr/CMakeFiles/ec_shim.dir/shim/src/adc.c.obj
[mtlrvpp_npcx:rw] [220/412] Building C object modules/ec/zephyr/CMakeFiles/ec_shim.dir/shim/src/battery.c.obj
[brox:rw] [105/388] Building C object CMakeFiles/app.dir/mnt/host/source/src/platform/ec/build/zephyr/brox/modules/ec/driver/temp_sensor/thermistor.c.obj
[mtlrvpp_npcx:rw] [221/412] Building C object modules/ec/zephyr/CMakeFiles/ec_shim.dir/shim/src/charger.c.obj
[/mnt/host/source/src/platform/ec/build/zephyr/hylia-lcov]   /mnt/host/source/src/platform/ec/build/zephyr/hylia/build-rw/zephyr/CMakeFiles/zephyr.dir/lib/libc/validate_libc.c.gcno:no functions found
[/mnt/host/source/src/platform/ec/build/zephyr/hylia-lcov] stderr:
[brox:ro] [293/388] Building C object CMakeFiles/app.dir/mnt/host/source/src/platform/ec/build/zephyr/brox/modules/ec/driver/battery/smart.c.obj
[brox:ro] [294/388] Building C object CMakeFiles/app.dir/mnt/host/source/src/platform/ec/build/zephyr/brox/modules/ec/driver/charger/isl923x.c.obj
[mtlrvpp_npcx:rw] [222/412] Building C object modules/ec/zephyr/CMakeFiles/ec_shim.dir/shim/src/chipset_api.c.obj
[brox:ro] [295/388] Building C object CMakeFiles/app.dir/mnt/host/source/src/platform/ec/build/zephyr/brox/modules/ec/common/cbi_common.c.obj
[mtlrvpp_npcx:ro] [61/412] Building C object zephyr/CMakeFiles/zephyr.dir/subsys/shell/shell_utils.c.obj
[brox:rw] [106/388] Building C object CMakeFiles/app.dir/mnt/host/source/src/platform/ec/build/zephyr/brox/modules/ec/common/timer.c.obj
[brox:ro] [296/388] Building C object CMakeFiles/app.dir/mnt/host/source/src/platform/ec/build/zephyr/brox/modules/ec/common/charger.c.obj
[brox:ro] [297/388] Building C object CMakeFiles/app.dir/mnt/host/source/src/platform/ec/build/zephyr/brox/modules/ec/common/charge_state.c.obj
[brox:rw] [107/388] Building C object CMakeFiles/app.dir/mnt/host/source/src/platform/ec/build/zephyr/brox/modules/ec/common/usb_port_power_dumb.c.obj
[brox:rw] [108/388] Building C object CMakeFiles/app.dir/mnt/host/source/src/platform/ec/build/zephyr/brox/modules/ec/common/usbc_utils.c.obj
[mtlrvpp_npcx:rw] [223/412] Building C object modules/ec/zephyr/CMakeFiles/ec_shim.dir/shim/src/espi.c.obj
[brox:ro] [298/388] Building C object CMakeFiles/app.dir/mnt/host/source/src/platform/ec/build/zephyr/brox/modules/ec/common/charge_manager.c.obj
[mtlrvpp_npcx:rw] [224/412] Building C object modules/ec/zephyr/CMakeFiles/ec_shim.dir/shim/src/flash.c.obj
[brox:ro] [299/388] Building C object CMakeFiles/app.dir/mnt/host/source/src/platform/ec/build/zephyr/brox/modules/ec/common/cbi.c.obj
[brox:ro] [300/388] Building C object CMakeFiles/app.dir/mnt/host/source/src/platform/ec/build/zephyr/brox/modules/ec/common/cbi_config.c.obj
[mtlrvpp_npcx:rw] [225/412] Building C object modules/ec/zephyr/CMakeFiles/ec_shim.dir/shim/src/hooks.c.obj
[mtlrvpp_npcx:rw] [226/412] Building C object modules/ec/zephyr/CMakeFiles/ec_shim.dir/shim/src/fan.c.obj
[/mnt/host/source/src/platform/ec/build/zephyr/hylia-lcov]   /mnt/host/source/src/platform/ec/build/zephyr/hylia/build-rw/zephyr/CMakeFiles/zephyr.dir/lib/utils/last_section_id.c.gcno:no functions found
[/mnt/host/source/src/platform/ec/build/zephyr/hylia-lcov] stderr:
[mtlrvpp_npcx:ro] [62/412] Building C object zephyr/CMakeFiles/zephyr.dir/subsys/shell/shell_ops.c.obj
[brox:ro] [301/388] Building C object CMakeFiles/app.dir/mnt/host/source/src/platform/ec/build/zephyr/brox/modules/ec/common/memory_commands.c.obj
[brox:ro] [302/388] Building C object CMakeFiles/app.dir/mnt/host/source/src/platform/ec/build/zephyr/brox/modules/ec/common/dptf.c.obj
[brox:rw] [109/388] Building C object CMakeFiles/app.dir/mnt/host/source/src/platform/ec/build/zephyr/brox/modules/ec/common/usb_common.c.obj
[brox:rw] [110/388] Building C object CMakeFiles/app.dir/mnt/host/source/src/platform/ec/build/zephyr/brox/modules/ec/common/usb_pd_host_cmd_common.c.obj
[mtlrvpp_npcx:rw] [227/412] Building C object modules/ec/zephyr/CMakeFiles/ec_shim.dir/shim/src/host_command.c.obj
[brox:ro] [303/388] Building C object CMakeFiles/app.dir/mnt/host/source/src/platform/ec/build/zephyr/brox/modules/ec/common/ap_reset_log.c.obj
[brox:rw] [111/388] Building C object CMakeFiles/app.dir/mnt/host/source/src/platform/ec/build/zephyr/brox/modules/ec/common/vboot_hash.c.obj
[brox:ro] [304/388] Building C object CMakeFiles/app.dir/mnt/host/source/src/platform/ec/build/zephyr/brox/modules/ec/common/espi.c.obj
[mtlrvpp_npcx:rw] [228/412] Building C object modules/ec/zephyr/CMakeFiles/ec_shim.dir/shim/src/console_buffer.c.obj
[mtlrvpp_npcx:rw] [229/412] Building C object modules/ec/zephyr/CMakeFiles/ec_shim.dir/shim/src/ioex.c.obj
[brox:ro] [305/388] Building C object CMakeFiles/app.dir/mnt/host/source/src/platform/ec/build/zephyr/brox/modules/ec/common/extpower_common.c.obj
[mtlrvpp_npcx:ro] [63/412] Building C object zephyr/CMakeFiles/zephyr.dir/subsys/shell/shell_help.c.obj
[brox:ro] [306/388] Building C object CMakeFiles/app.dir/mnt/host/source/src/platform/ec/build/zephyr/brox/modules/ec/common/extpower_gpio.c.obj
[mtlrvpp_npcx:rw] [230/412] Building C object modules/ec/zephyr/CMakeFiles/ec_shim.dir/shim/src/ioex_drv.c.obj
[brox:ro] [307/388] Building C object CMakeFiles/app.dir/mnt/host/source/src/platform/ec/build/zephyr/brox/modules/ec/common/fan.c.obj
[brox:rw] [112/388] Building C object CMakeFiles/app.dir/mnt/host/source/src/platform/ec/build/zephyr/brox/modules/ec/common/button.c.obj
[mtlrvpp_npcx:rw] [231/412] Building C object modules/ec/zephyr/CMakeFiles/ec_shim.dir/shim/src/keyscan.c.obj
[brox:rw] [113/388] Building C object CMakeFiles/app.dir/mnt/host/source/src/platform/ec/build/zephyr/brox/modules/ec/common/vboot/efs2.c.obj
[brox:rw] [114/388] Building C object CMakeFiles/app.dir/mnt/host/source/src/platform/ec/build/zephyr/brox/modules/ec/common/vstore.c.obj
[mtlrvpp_npcx:rw] [232/412] Building C object modules/ec/zephyr/CMakeFiles/ec_shim.dir/shim/src/mkbp_event.c.obj
[brox:ro] [308/388] Building C object CMakeFiles/app.dir/mnt/host/source/src/platform/ec/build/zephyr/brox/modules/ec/common/host_command.c.obj
[mtlrvpp_npcx:ro] [64/412] Building C object zephyr/CMakeFiles/zephyr.dir/subsys/shell/shell_history.c.obj
[mtlrvpp_npcx:rw] [233/412] Building C object modules/ec/zephyr/CMakeFiles/ec_shim.dir/shim/src/panic.c.obj
[brox:ro] [309/388] Building C object CMakeFiles/app.dir/mnt/host/source/src/platform/ec/build/zephyr/brox/modules/ec/common/flash.c.obj
[brox:ro] [310/388] Building C object CMakeFiles/app.dir/mnt/host/source/src/platform/ec/build/zephyr/brox/modules/ec/common/host_command_task.c.obj
[brox:ro] [311/388] Building C object CMakeFiles/app.dir/mnt/host/source/src/platform/ec/build/zephyr/brox/modules/ec/common/uart_hostcmd.c.obj
[brox:ro] [312/388] Building C object CMakeFiles/app.dir/mnt/host/source/src/platform/ec/build/zephyr/brox/modules/ec/common/host_event_commands.c.obj
[brox:rw] [115/388] Building C object CMakeFiles/app.dir/mnt/host/source/src/platform/ec/build/zephyr/brox/modules/ec/common/math_util.c.obj
[mtlrvpp_npcx:rw] [234/412] Building C object modules/ec/zephyr/CMakeFiles/ec_shim.dir/shim/src/rtc.c.obj
[/mnt/host/source/src/platform/ec/build/zephyr/riven-lcov]   /mnt/host/source/src/platform/ec/build/zephyr/riven/build-rw/CMakeFiles/app.dir/mnt/host/source/src/platform/ec/build/zephyr/riven/modules/ec/common/cbi_config.c.gcno:no functions found
[/mnt/host/source/src/platform/ec/build/zephyr/riven-lcov] stderr:
[brox:rw] [116/388] Building C object CMakeFiles/app.dir/brox/src/usbc_runtime.c.obj
[brox:rw] [117/388] Building C object CMakeFiles/app.dir/src/board_power.c.obj
[mtlrvpp_npcx:rw] [235/412] Building C object modules/ec/zephyr/CMakeFiles/ec_shim.dir/shim/src/hwtimer.c.obj
[mtlrvpp_npcx:rw] [236/412] Building C object modules/ec/zephyr/CMakeFiles/ec_shim.dir/shim/src/thermal.c.obj
[mtlrvpp_npcx:rw] [237/412] Building C object modules/ec/zephyr/CMakeFiles/ec_shim.dir/shim/src/temp_sensors.c.obj
[mtlrvpp_npcx:ro] [65/412] Building C object zephyr/CMakeFiles/zephyr.dir/drivers/flash/flash_util.c.obj
[brox:ro] [313/388] Building C object CMakeFiles/app.dir/mnt/host/source/src/platform/ec/build/zephyr/brox/modules/ec/common/uptime.c.obj
[mtlrvpp_npcx:ro] [66/412] Linking C static library zephyr/libzephyr.a
[brox:ro] [314/388] Building C object CMakeFiles/app.dir/mnt/host/source/src/platform/ec/build/zephyr/brox/modules/ec/common/i2c_passthru.c.obj
[brox:ro] [315/388] Building C object CMakeFiles/app.dir/mnt/host/source/src/platform/ec/build/zephyr/brox/modules/ec/common/i2c_controller.c.obj
[brox:rw] [118/388] Building C object CMakeFiles/app.dir/src/hibernate.c.obj
[brox:ro] [316/388] Building C object CMakeFiles/app.dir/mnt/host/source/src/platform/ec/build/zephyr/brox/modules/ec/common/keyboard_8042_sharedlib.c.obj
[brox:rw] [119/388] Building C object CMakeFiles/app.dir/src/suspend_resume.c.obj
[brox:ro] [317/388] Building C object CMakeFiles/app.dir/mnt/host/source/src/platform/ec/build/zephyr/brox/modules/ec/common/keyboard_8042.c.obj
[brox:rw] [120/388] Building C object CMakeFiles/app.dir/src/usbc.c.obj
[mtlrvpp_npcx:rw] [238/412] Building C object modules/ec/zephyr/CMakeFiles/ec_shim.dir/shim/src/i2c.c.obj
[brox:ro] [318/388] Building C object CMakeFiles/app.dir/mnt/host/source/src/platform/ec/build/zephyr/brox/modules/ec/common/mkbp_fifo.c.obj
[mtlrvpp_npcx:ro] [67/412] Building C object zephyr/arch/common/CMakeFiles/arch__common.dir/sw_isr_common.c.obj
[mtlrvpp_npcx:rw] [239/412] Building C object modules/ec/zephyr/CMakeFiles/ec_shim.dir/shim/src/watchdog.c.obj
[mtlrvpp_npcx:rw] [240/412] Building C object modules/ec/zephyr/CMakeFiles/ec_shim.dir/shim/src/ppc.c.obj
[brox:rw] [121/388] Linking C static library app/libapp.a
[mtlrvpp_npcx:rw] [241/412] Building C object modules/ec/zephyr/CMakeFiles/ec_shim.dir/shim/src/tasks.c.obj
[brox:ro] [319/388] Building C object CMakeFiles/app.dir/mnt/host/source/src/platform/ec/build/zephyr/brox/modules/ec/common/mkbp_info.c.obj
[brox:ro] [320/388] Building C object CMakeFiles/app.dir/mnt/host/source/src/platform/ec/build/zephyr/brox/modules/ec/common/mkbp_input_devices.c.obj
[brox:rw] [122/388] Building C object zephyr/CMakeFiles/zephyr.dir/lib/libc/validate_libc.c.obj
[/mnt/host/source/src/platform/ec/build/zephyr/riven-lcov]   /mnt/host/source/src/platform/ec/build/zephyr/riven/build-rw/zephyr/arch/arch/arm/core/mpu/CMakeFiles/arch__arm__core__mpu.dir/arm_mpu_regions.c.gcno:no functions found
[/mnt/host/source/src/platform/ec/build/zephyr/riven-lcov] stderr:
[mtlrvpp_npcx:ro] [68/412] Building C object zephyr/arch/common/CMakeFiles/arch__common.dir/init.c.obj
[brox:ro] [321/388] Building C object CMakeFiles/app.dir/mnt/host/source/src/platform/ec/build/zephyr/brox/modules/ec/common/keyboard_backlight.c.obj
[brox:rw] [123/388] Building C object zephyr/CMakeFiles/zephyr.dir/lib/heap/heap.c.obj
[brox:ro] [322/388] Building C object CMakeFiles/app.dir/mnt/host/source/src/platform/ec/build/zephyr/brox/modules/ec/common/led_common.c.obj
[mtlrvpp_npcx:rw] [242/412] Building C object modules/ec/zephyr/CMakeFiles/ec_shim.dir/shim/src/tcpc_nct38xx.c.obj
[brox:ro] [323/388] Building C object CMakeFiles/app.dir/mnt/host/source/src/platform/ec/build/zephyr/brox/modules/ec/common/motion_lid.c.obj
[brox:rw] [124/388] Building C object zephyr/CMakeFiles/zephyr.dir/lib/os/cbprintf_packaged.c.obj
[mtlrvpp_npcx:rw] [243/412] Building C object modules/ec/zephyr/CMakeFiles/ec_shim.dir/shim/src/power_host_sleep_api.c.obj
[mtlrvpp_npcx:rw] [244/412] cd /mnt/host/source/src/platform/ec/build/zephyr/mtlrvpp_npcx/build-rw/modules/ec/zephyr && PYTHONPATH=/mnt/host/source/src/platform/ec/build/zephyr/mtlrvpp_npcx/modules/ec/zephyr/zmake/ /usr/bin/python3.11 /mnt/host/source/src/platform/ec/build/zephyr/mtlrvpp_npcx/modules/ec/zephyr/zmake/zephyr_build_tools/generate_ec_version.py /mnt/host/source/src/platform/ec/build/zephyr/mtlrvpp_npcx/build-rw/modules/ec/zephyr/include/ec_version.h --name Zephyr-Kernel --version 16543.0.0 --static
[mtlrvpp_npcx:rw] INFO:root:Using a static version string
[brox:ro] [324/388] Building C object CMakeFiles/app.dir/mnt/host/source/src/platform/ec/build/zephyr/brox/modules/ec/common/lid_angle_keyboard_policy.c.obj
[brox:ro] [325/388] Building C object CMakeFiles/app.dir/mnt/host/source/src/platform/ec/build/zephyr/brox/modules/ec/common/lid_angle.c.obj
[mtlrvpp_npcx:ro] [69/412] Building C object zephyr/arch/common/CMakeFiles/arch__common.dir/xip.c.obj
[mtlrvpp_npcx:rw] INFO:root:Version string: Zephyr-Kernel-16543.0.0
[mtlrvpp_npcx:rw] INFO:root:Writing header to /mnt/host/source/src/platform/ec/build/zephyr/mtlrvpp_npcx/build-rw/modules/ec/zephyr/include/ec_version.h
[mtlrvpp_npcx:rw] [245/412] Building C object modules/ec/zephyr/CMakeFiles/ec_shim.dir/shim/src/bb_retimer_usb_mux.c.obj
[brox:rw] [125/388] Building C object zephyr/CMakeFiles/zephyr.dir/lib/os/clock.c.obj
[mtlrvpp_npcx:rw] [246/412] Building C object modules/ec/zephyr/CMakeFiles/ec_shim.dir/shim/src/usb_muxes.c.obj
[brox:rw] [126/388] Building C object zephyr/CMakeFiles/zephyr.dir/lib/os/printk.c.obj
[brox:ro] [326/388] Building C object CMakeFiles/app.dir/mnt/host/source/src/platform/ec/build/zephyr/brox/modules/ec/common/lid_switch.c.obj
[brox:rw] [127/388] Building C object zephyr/CMakeFiles/zephyr.dir/lib/os/sem.c.obj
[/mnt/host/source/src/platform/ec/build/zephyr/riven-lcov]   /mnt/host/source/src/platform/ec/build/zephyr/riven/build-rw/zephyr/arch/common/CMakeFiles/isr_tables.dir/isr_tables.c.gcno:no functions found
[/mnt/host/source/src/platform/ec/build/zephyr/riven-lcov] stderr:
[brox:ro] [327/388] Building C object CMakeFiles/app.dir/mnt/host/source/src/platform/ec/build/zephyr/brox/modules/ec/common/mkbp_event.c.obj
[mtlrvpp_npcx:rw] [247/412] Building C object zephyr/kernel/CMakeFiles/kernel.dir/main_weak.c.obj
[mtlrvpp_npcx:ro] [70/412] Building C object zephyr/arch/common/CMakeFiles/isr_tables.dir/isr_tables.c.obj
[mtlrvpp_npcx:rw] [248/412] Building C object CMakeFiles/app.dir/mnt/host/source/src/platform/ec/zephyr/subsys/ap_pwrseq/ap_events.c.obj
[mtlrvpp_npcx:ro] [71/412] Linking C static library zephyr/arch/common/libisr_tables.a
[mtlrvpp_npcx:ro] [72/412] Linking C static library zephyr/arch/common/libarch__common.a
[brox:rw] [128/388] Building C object zephyr/CMakeFiles/zephyr.dir/lib/os/thread_entry.c.obj
[brox:ro] [328/388] Building C object CMakeFiles/app.dir/mnt/host/source/src/platform/ec/build/zephyr/brox/modules/ec/common/motion_sense.c.obj
[brox:ro] [329/388] Building C object CMakeFiles/app.dir/mnt/host/source/src/platform/ec/build/zephyr/brox/modules/ec/common/port80.c.obj
[brox:rw] [129/388] Building C object zephyr/CMakeFiles/zephyr.dir/lib/os/cbprintf_nano.c.obj
[/mnt/host/source/src/platform/ec/build/zephyr/rex-lcov]   /mnt/host/source/src/platform/ec/build/zephyr/rex/build-rw/CMakeFiles/app.dir/mnt/host/source/src/platform/ec/build/zephyr/rex/modules/ec/common/usb_pd_pdo.c.gcno:no functions found
[/mnt/host/source/src/platform/ec/build/zephyr/rex-lcov] stderr:
[brox:ro] [330/388] Building C object CMakeFiles/app.dir/mnt/host/source/src/platform/ec/build/zephyr/brox/modules/ec/common/power_button.c.obj
[brox:rw] [130/388] Building C object zephyr/CMakeFiles/zephyr.dir/lib/os/cbprintf.c.obj
[mtlrvpp_npcx:rw] [249/412] Building C object CMakeFiles/app.dir/mnt/host/source/src/platform/ec/zephyr/subsys/ap_pwrseq/ap_power_interface.c.obj
[mtlrvpp_npcx:rw] [250/412] Building C object CMakeFiles/app.dir/mnt/host/source/src/platform/ec/zephyr/subsys/ap_pwrseq/power_signals.c.obj
[brox:rw] [131/388] Building C object zephyr/CMakeFiles/zephyr.dir/lib/utils/dec.c.obj
[brox:rw] [132/388] Building C object zephyr/CMakeFiles/zephyr.dir/lib/utils/hex.c.obj
[brox:ro] [331/388] Building C object CMakeFiles/app.dir/mnt/host/source/src/platform/ec/build/zephyr/brox/modules/ec/power/hibernate.c.obj
[brox:rw] [133/388] Building C object zephyr/CMakeFiles/zephyr.dir/lib/os/assert.c.obj
[brox:ro] [332/388] Building C object CMakeFiles/app.dir/mnt/host/source/src/platform/ec/build/zephyr/brox/modules/ec/common/panic_output.c.obj
[mtlrvpp_npcx:rw] [251/412] Building C object CMakeFiles/app.dir/mnt/host/source/src/platform/ec/zephyr/subsys/ap_pwrseq/signal_gpio.c.obj
[mtlrvpp_npcx:ro] [73/412] Building C object zephyr/arch/arch/arm/core/CMakeFiles/arch__arm__core.dir/fatal.c.obj
[mtlrvpp_npcx:rw] [252/412] Building C object CMakeFiles/app.dir/mnt/host/source/src/platform/ec/zephyr/subsys/ap_pwrseq/signal_vw.c.obj
[brox:rw] [134/388] Building C object zephyr/CMakeFiles/zephyr.dir/lib/utils/timeutil.c.obj
[brox:ro] [333/388] Building C object CMakeFiles/app.dir/mnt/host/source/src/platform/ec/build/zephyr/brox/modules/ec/common/switch.c.obj
[brox:ro] [334/388] Building C object CMakeFiles/app.dir/mnt/host/source/src/platform/ec/build/zephyr/brox/modules/ec/common/shared_mem.c.obj
[brox:ro] [335/388] Building C object CMakeFiles/app.dir/mnt/host/source/src/platform/ec/build/zephyr/brox/modules/ec/common/tablet_mode.c.obj
[brox:rw] [135/388] Building C object zephyr/CMakeFiles/zephyr.dir/lib/utils/rb.c.obj
[brox:rw] [136/388] Building C object zephyr/CMakeFiles/zephyr.dir/lib/utils/bitmask.c.obj
[mtlrvpp_npcx:rw] [253/412] Building C object CMakeFiles/app.dir/mnt/host/source/src/platform/ec/zephyr/subsys/ap_pwrseq/power_host_sleep.c.obj
[mtlrvpp_npcx:rw] [254/412] Building C object CMakeFiles/app.dir/mnt/host/source/src/platform/ec/zephyr/subsys/ap_pwrseq/x86_non_dsx_common_pwrseq_sm_handler.c.obj
[brox:ro] [336/388] Building C object CMakeFiles/app.dir/mnt/host/source/src/platform/ec/build/zephyr/brox/modules/ec/common/thermal.c.obj
[mtlrvpp_npcx:ro] [74/412] Building C object zephyr/arch/arch/arm/core/CMakeFiles/arch__arm__core.dir/nmi.c.obj
[brox:ro] [337/388] Building C object CMakeFiles/app.dir/mnt/host/source/src/platform/ec/build/zephyr/brox/modules/ec/common/temp_sensor.c.obj
[brox:rw] [137/388] Building C object zephyr/CMakeFiles/zephyr.dir/lib/utils/bitarray.c.obj
[mtlrvpp_npcx:ro] [75/412] Building ASM object zephyr/arch/arch/arm/core/CMakeFiles/arch__arm__core.dir/nmi_on_reset.S.obj
[mtlrvpp_npcx:rw] [255/412] Building C object CMakeFiles/app.dir/mnt/host/source/src/platform/ec/zephyr/subsys/ap_pwrseq/x86_non_dsx_chipset_power_state.c.obj
[mtlrvpp_npcx:ro] [76/412] Linking C static library zephyr/arch/arch/arm/core/libarch__arm__core.a
[brox:rw] [138/388] Building C object zephyr/CMakeFiles/zephyr.dir/lib/utils/getopt/getopt.c.obj
[mtlrvpp_npcx:rw] [256/412] Building C object CMakeFiles/app.dir/mnt/host/source/src/platform/ec/zephyr/subsys/ap_pwrseq/x86_non_dsx_common_pwrseq_host_sleep.c.obj
[brox:rw] [139/388] Building C object zephyr/CMakeFiles/zephyr.dir/lib/utils/getopt/getopt_common.c.obj
[brox:ro] [338/388] Building C object CMakeFiles/app.dir/mnt/host/source/src/platform/ec/build/zephyr/brox/modules/ec/driver/temp_sensor/thermistor.c.obj
[brox:ro] [339/388] Building C object CMakeFiles/app.dir/mnt/host/source/src/platform/ec/build/zephyr/brox/modules/ec/common/usb_port_power_dumb.c.obj
[brox:rw] [140/388] Building C object zephyr/CMakeFiles/zephyr.dir/lib/utils/last_section_id.c.obj
[brox:ro] [340/388] Building C object CMakeFiles/app.dir/mnt/host/source/src/platform/ec/build/zephyr/brox/modules/ec/common/timer.c.obj
[brox:rw] [141/388] Building C object zephyr/CMakeFiles/zephyr.dir/lib/utils/ring_buffer.c.obj
[mtlrvpp_npcx:rw] [257/412] Building C object CMakeFiles/app.dir/mnt/host/source/src/platform/ec/zephyr/subsys/ap_pwrseq/x86_non_dsx_common_pwrseq_console.c.obj
[brox:rw] [142/388] Building ASM object zephyr/CMakeFiles/zephyr.dir/soc/ite/ec/common/soc_irq.S.obj
[mtlrvpp_npcx:rw] [258/412] Building C object CMakeFiles/app.dir/mnt/host/source/src/platform/ec/zephyr/subsys/ap_pwrseq/x86_non_dsx_common_pwrseq_host_command.c.obj
[brox:ro] [341/388] Building C object CMakeFiles/app.dir/mnt/host/source/src/platform/ec/build/zephyr/brox/modules/ec/common/usbc_utils.c.obj
[brox:rw] [143/388] Building C object zephyr/CMakeFiles/zephyr.dir/misc/generated/configs.c.obj
[mtlrvpp_npcx:ro] [77/412] Building C object zephyr/arch/arch/arm/core/cortex_m/CMakeFiles/arch__arm__core__cortex_m.dir/exc_exit.c.obj
[brox:rw] [144/388] Building C object zephyr/CMakeFiles/zephyr.dir/soc/ite/ec/common/soc_common_irq.c.obj
[brox:ro] [342/388] Building C object CMakeFiles/app.dir/mnt/host/source/src/platform/ec/build/zephyr/brox/modules/ec/common/usb_common.c.obj
[mtlrvpp_npcx:rw] [259/412] Building C object CMakeFiles/app.dir/mnt/host/source/src/platform/ec/zephyr/subsys/ap_pwrseq/x86_non_dsx_mtl_pwrseq_sm.c.obj
[mtlrvpp_npcx:rw] [260/412] Building C object CMakeFiles/app.dir/mnt/host/source/src/platform/ec/zephyr/subsys/ap_pwrseq/ap_reset_log.c.obj
[brox:ro] [343/388] Building C object CMakeFiles/app.dir/mnt/host/source/src/platform/ec/build/zephyr/brox/modules/ec/common/vboot_hash.c.obj
[brox:ro] [344/388] Building C object CMakeFiles/app.dir/mnt/host/source/src/platform/ec/build/zephyr/brox/modules/ec/common/button.c.obj
[brox:rw] [145/388] Building C object zephyr/CMakeFiles/zephyr.dir/soc/ite/ec/common/power.c.obj
[brox:ro] [345/388] Building C object CMakeFiles/app.dir/mnt/host/source/src/platform/ec/build/zephyr/brox/modules/ec/common/usb_pd_host_cmd_common.c.obj
[mtlrvpp_npcx:rw] [261/412] Building C object CMakeFiles/app.dir/mnt/host/source/src/platform/ec/build/zephyr/mtlrvpp_npcx/modules/ec/builtin/stdlib.c.obj
[brox:rw] [146/388] Building C object zephyr/CMakeFiles/zephyr.dir/soc/ite/ec/common/policy.c.obj
[mtlrvpp_npcx:rw] [262/412] Building C object CMakeFiles/app.dir/mnt/host/source/src/platform/ec/build/zephyr/mtlrvpp_npcx/modules/ec/common/base32.c.obj
[brox:ro] [346/388] Building C object CMakeFiles/app.dir/mnt/host/source/src/platform/ec/build/zephyr/brox/modules/ec/common/vboot/efs2.c.obj
[mtlrvpp_npcx:ro] [78/412] Building C object zephyr/arch/arch/arm/core/cortex_m/CMakeFiles/arch__arm__core__cortex_m.dir/fault.c.obj
[brox:rw] [147/388] Building C object zephyr/CMakeFiles/zephyr.dir/soc/ite/ec/it8xxx2/soc.c.obj
[brox:rw] [148/388] Building ASM object zephyr/CMakeFiles/zephyr.dir/soc/ite/ec/it8xxx2/vector.S.obj
[mtlrvpp_npcx:ro] [79/412] Building ASM object zephyr/arch/arch/arm/core/cortex_m/CMakeFiles/arch__arm__core__cortex_m.dir/fault_s.S.obj
[mtlrvpp_npcx:rw] [263/412] Building C object CMakeFiles/app.dir/mnt/host/source/src/platform/ec/build/zephyr/mtlrvpp_npcx/modules/ec/common/console_output.c.obj
[brox:rw] [149/388] Building C object zephyr/CMakeFiles/zephyr.dir/soc/ite/ec/it8xxx2/check_regs.c.obj
[/mnt/host/source/src/platform/ec/build/zephyr/riven-lcov]   /mnt/host/source/src/platform/ec/build/zephyr/riven/build-rw/zephyr/CMakeFiles/zephyr.dir/subsys/shell/modules/kernel_service/kernel_shell.c.gcno:no functions found
[/mnt/host/source/src/platform/ec/build/zephyr/riven-lcov] stderr:
[brox:ro] [347/388] Building C object CMakeFiles/app.dir/mnt/host/source/src/platform/ec/build/zephyr/brox/modules/ec/common/vstore.c.obj
[mtlrvpp_npcx:rw] [264/412] Building C object CMakeFiles/app.dir/mnt/host/source/src/platform/ec/build/zephyr/mtlrvpp_npcx/modules/ec/common/ec_features.c.obj
[brox:ro] [348/388] Building C object CMakeFiles/app.dir/mnt/host/source/src/platform/ec/build/zephyr/brox/modules/ec/common/math_util.c.obj
[brox:ro] [349/388] Building C object CMakeFiles/app.dir/src/board_power.c.obj
[brox:ro] [350/388] Building C object CMakeFiles/app.dir/brox/src/usbc_runtime.c.obj
[brox:ro] [351/388] Linking C static library modules/ec/zephyr/libec_shim.a
[/mnt/host/source/src/platform/ec/build/zephyr/riven-lcov]   /mnt/host/source/src/platform/ec/build/zephyr/riven/build-rw/zephyr/CMakeFiles/zephyr.dir/lib/libc/validate_libc.c.gcno:no functions found
[/mnt/host/source/src/platform/ec/build/zephyr/riven-lcov] stderr:
[mtlrvpp_npcx:rw] [265/412] Building C object CMakeFiles/app.dir/mnt/host/source/src/platform/ec/build/zephyr/mtlrvpp_npcx/modules/ec/common/gpio_commands.c.obj
[brox:rw] [150/388] Building C object zephyr/CMakeFiles/zephyr.dir/soc/ite/ec/it8xxx2/ilm.c.obj
[mtlrvpp_npcx:rw] [266/412] Building C object CMakeFiles/app.dir/mnt/host/source/src/platform/ec/build/zephyr/mtlrvpp_npcx/modules/ec/common/peripheral.c.obj
[brox:rw] [151/388] Building C object zephyr/CMakeFiles/zephyr.dir/subsys/logging/log_minimal.c.obj
[brox:ro] [352/388] Building C object CMakeFiles/app.dir/src/hibernate.c.obj
[mtlrvpp_npcx:ro] [80/412] Building C object zephyr/arch/arch/arm/core/cortex_m/CMakeFiles/arch__arm__core__cortex_m.dir/fpu.c.obj
[brox:rw] [152/388] Building C object zephyr/CMakeFiles/zephyr.dir/subsys/pm/pm.c.obj
[/mnt/host/source/src/platform/ec/build/zephyr/hylia-lcov]   /mnt/host/source/src/platform/ec/build/zephyr/hylia/build-rw/zephyr/CMakeFiles/zephyr.dir/soc/ite/ec/it8xxx2/check_regs.c.gcno:no functions found
[/mnt/host/source/src/platform/ec/build/zephyr/hylia-lcov] stderr:
[brox:ro] [353/388] Building C object CMakeFiles/app.dir/src/suspend_resume.c.obj
[brox:ro] [354/388] Building C object CMakeFiles/app.dir/src/usbc.c.obj
[brox:ro] [355/388] Building C object zephyr/kernel/CMakeFiles/kernel.dir/main_weak.c.obj
[brox:ro] [356/388] Building C object zephyr/kernel/CMakeFiles/kernel.dir/banner.c.obj
[mtlrvpp_npcx:rw] [267/412] Building C object CMakeFiles/app.dir/mnt/host/source/src/platform/ec/build/zephyr/mtlrvpp_npcx/modules/ec/common/printf.c.obj
[brox:rw] [153/388] Building C object zephyr/CMakeFiles/zephyr.dir/subsys/pm/state.c.obj
[mtlrvpp_npcx:rw] [268/412] Building C object CMakeFiles/app.dir/mnt/host/source/src/platform/ec/build/zephyr/mtlrvpp_npcx/modules/ec/common/queue.c.obj
[brox:ro] [357/388] Linking C static library app/libapp.a
[brox:rw] [154/388] Building C object zephyr/CMakeFiles/zephyr.dir/subsys/pm/policy/policy_events.c.obj
[brox:ro] [358/388] Building C object zephyr/kernel/CMakeFiles/kernel.dir/busy_wait.c.obj
[mtlrvpp_npcx:rw] [269/412] Building C object CMakeFiles/app.dir/mnt/host/source/src/platform/ec/build/zephyr/mtlrvpp_npcx/modules/ec/common/system_boot_time.c.obj
[mtlrvpp_npcx:ro] [81/412] Building ASM object zephyr/arch/arch/arm/core/cortex_m/CMakeFiles/arch__arm__core__cortex_m.dir/reset.S.obj
[mtlrvpp_npcx:rw] [270/412] Building C object CMakeFiles/app.dir/mnt/host/source/src/platform/ec/build/zephyr/mtlrvpp_npcx/modules/ec/common/system.c.obj
[brox:ro] [359/388] Building C object zephyr/kernel/CMakeFiles/kernel.dir/device.c.obj
[brox:rw] [155/388] Building C object zephyr/CMakeFiles/zephyr.dir/subsys/pm/policy/policy_latency.c.obj
[brox:ro] [360/388] Building C object zephyr/kernel/CMakeFiles/kernel.dir/fatal.c.obj
[brox:ro] [361/388] Building C object zephyr/kernel/CMakeFiles/kernel.dir/errno.c.obj
[/mnt/host/source/src/platform/ec/build/zephyr/riven-lcov]   /mnt/host/source/src/platform/ec/build/zephyr/riven/build-rw/zephyr/CMakeFiles/zephyr.dir/lib/utils/last_section_id.c.gcno:no functions found
[/mnt/host/source/src/platform/ec/build/zephyr/riven-lcov] stderr:
[brox:ro] [362/388] Building C object zephyr/kernel/CMakeFiles/kernel.dir/version.c.obj
[brox:rw] [156/388] Building C object zephyr/CMakeFiles/zephyr.dir/subsys/pm/policy/policy_state_lock.c.obj
[mtlrvpp_npcx:rw] [271/412] Building C object CMakeFiles/app.dir/mnt/host/source/src/platform/ec/build/zephyr/mtlrvpp_npcx/modules/ec/common/uart_printf.c.obj
[brox:ro] [363/388] Building C object zephyr/kernel/CMakeFiles/kernel.dir/kheap.c.obj
[brox:rw] [157/388] Building C object zephyr/CMakeFiles/zephyr.dir/subsys/pm/device.c.obj
[brox:ro] [364/388] Building C object zephyr/kernel/CMakeFiles/kernel.dir/init.c.obj
[mtlrvpp_npcx:rw] [272/412] Building C object CMakeFiles/app.dir/mnt/host/source/src/platform/ec/build/zephyr/mtlrvpp_npcx/modules/ec/common/util.c.obj
[mtlrvpp_npcx:ro] [82/412] Building C object zephyr/arch/arch/arm/core/cortex_m/CMakeFiles/arch__arm__core__cortex_m.dir/scb.c.obj
[brox:ro] [365/388] Building C object zephyr/kernel/CMakeFiles/kernel.dir/mem_slab.c.obj
[mtlrvpp_npcx:rw] [273/412] Building C object CMakeFiles/app.dir/mnt/host/source/src/platform/ec/build/zephyr/mtlrvpp_npcx/modules/ec/common/version.c.obj
[/mnt/host/source/src/platform/ec/build/zephyr/hylia-lcov]   /mnt/host/source/src/platform/ec/build/zephyr/hylia/build-rw/zephyr/drivers/sensor/CMakeFiles/drivers__sensor.dir/mnt/host/source/src/third_party/zephyr/main/misc/empty_file.c.gcno:no functions found
[/mnt/host/source/src/platform/ec/build/zephyr/hylia-lcov] stderr:
[brox:ro] [366/388] Building C object zephyr/kernel/CMakeFiles/kernel.dir/float.c.obj
[mtlrvpp_npcx:rw] [274/412] Building C object CMakeFiles/app.dir/mnt/host/source/src/platform/ec/build/zephyr/mtlrvpp_npcx/modules/ec/common/power_button_x86.c.obj
[brox:rw] [158/388] Building C object zephyr/CMakeFiles/zephyr.dir/subsys/pm/device_runtime.c.obj
[brox:rw] [159/388] Building C object zephyr/CMakeFiles/zephyr.dir/subsys/pm/device_system_managed.c.obj
[brox:ro] [367/388] Building C object zephyr/kernel/CMakeFiles/kernel.dir/idle.c.obj
[brox:ro] [368/388] Building C object zephyr/kernel/CMakeFiles/kernel.dir/mailbox.c.obj
[brox:rw] [160/388] Building C object zephyr/CMakeFiles/zephyr.dir/subsys/testsuite/coverage/coverage.c.obj
[mtlrvpp_npcx:ro] [83/412] Building C object zephyr/arch/arch/arm/core/cortex_m/CMakeFiles/arch__arm__core__cortex_m.dir/thread_abort.c.obj
[brox:ro] [369/388] Building C object zephyr/kernel/CMakeFiles/kernel.dir/msg_q.c.obj
[mtlrvpp_npcx:rw] [275/412] Building C object CMakeFiles/app.dir/mnt/host/source/src/platform/ec/build/zephyr/mtlrvpp_npcx/modules/ec/common/adc.c.obj
[brox:ro] [370/388] Building C object zephyr/kernel/CMakeFiles/kernel.dir/mutex.c.obj
[brox:rw] [161/388] Building C object zephyr/CMakeFiles/zephyr.dir/subsys/shell/modules/kernel_service/kernel_shell.c.obj
[mtlrvpp_npcx:rw] [276/412] Building C object CMakeFiles/app.dir/mnt/host/source/src/platform/ec/build/zephyr/mtlrvpp_npcx/modules/ec/common/acpi.c.obj
[brox:rw] [162/388] Building C object zephyr/CMakeFiles/zephyr.dir/subsys/tracing/tracing_none.c.obj
[mtlrvpp_npcx:ro] [84/412] Building ASM object zephyr/arch/arch/arm/core/cortex_m/CMakeFiles/arch__arm__core__cortex_m.dir/vector_table.S.obj
[brox:ro] [371/388] Building C object zephyr/kernel/CMakeFiles/kernel.dir/sem.c.obj
[brox:ro] [372/388] Building C object zephyr/kernel/CMakeFiles/kernel.dir/queue.c.obj
[/mnt/host/source/src/platform/ec/build/zephyr/rex-lcov]   /mnt/host/source/src/platform/ec/build/zephyr/rex/build-rw/CMakeFiles/app.dir/mnt/host/source/src/platform/ec/build/zephyr/rex/modules/ec/common/cbi_config.c.gcno:no functions found
[/mnt/host/source/src/platform/ec/build/zephyr/rex-lcov] stderr:
[mtlrvpp_npcx:rw] [277/412] Building C object CMakeFiles/app.dir/mnt/host/source/src/platform/ec/build/zephyr/mtlrvpp_npcx/modules/ec/common/battery.c.obj
[brox:ro] [373/388] Building C object zephyr/kernel/CMakeFiles/kernel.dir/stack.c.obj
[brox:rw] [163/388] Building C object zephyr/CMakeFiles/zephyr.dir/subsys/shell/modules/kernel_service/cycles.c.obj
[mtlrvpp_npcx:rw] [278/412] Building C object CMakeFiles/app.dir/mnt/host/source/src/platform/ec/build/zephyr/mtlrvpp_npcx/modules/ec/common/battery_info.c.obj
[brox:ro] [374/388] Building C object zephyr/kernel/CMakeFiles/kernel.dir/system_work_q.c.obj
[brox:rw] [164/388] Building C object zephyr/CMakeFiles/zephyr.dir/subsys/shell/modules/kernel_service/sleep.c.obj
[mtlrvpp_npcx:ro] [85/412] Building ASM object zephyr/arch/arch/arm/core/cortex_m/CMakeFiles/arch__arm__core__cortex_m.dir/swap_helper.S.obj
[brox:rw] [165/388] Building C object zephyr/CMakeFiles/zephyr.dir/subsys/shell/modules/kernel_service/uptime.c.obj
[brox:ro] [375/388] Building C object zephyr/kernel/CMakeFiles/kernel.dir/condvar.c.obj
[brox:ro] [376/388] Building C object zephyr/kernel/CMakeFiles/kernel.dir/thread.c.obj
[mtlrvpp_npcx:rw] [279/412] Building C object CMakeFiles/app.dir/mnt/host/source/src/platform/ec/build/zephyr/mtlrvpp_npcx/modules/ec/common/battery_fuel_gauge.c.obj
[brox:rw] [166/388] Building C object zephyr/CMakeFiles/zephyr.dir/subsys/shell/modules/kernel_service/version.c.obj
[brox:ro] [377/388] Building C object zephyr/kernel/CMakeFiles/kernel.dir/work.c.obj
[mtlrvpp_npcx:rw] [280/412] Building C object CMakeFiles/app.dir/mnt/host/source/src/platform/ec/build/zephyr/mtlrvpp_npcx/modules/ec/driver/battery/smart.c.obj
[mtlrvpp_npcx:rw] [281/412] Building C object CMakeFiles/app.dir/mnt/host/source/src/platform/ec/build/zephyr/mtlrvpp_npcx/modules/ec/driver/charger/isl9241.c.obj
[brox:ro] [378/388] Building C object zephyr/kernel/CMakeFiles/kernel.dir/pipe.c.obj
[brox:ro] [379/388] Building C object zephyr/kernel/CMakeFiles/kernel.dir/sched.c.obj
[brox:rw] [167/388] Building C object zephyr/CMakeFiles/zephyr.dir/subsys/shell/modules/kernel_service/thread/thread.c.obj
[mtlrvpp_npcx:rw] [282/412] Building C object CMakeFiles/app.dir/mnt/host/source/src/platform/ec/build/zephyr/mtlrvpp_npcx/modules/ec/common/charger.c.obj
[mtlrvpp_npcx:ro] [86/412] Building C object zephyr/arch/arch/arm/core/cortex_m/CMakeFiles/arch__arm__core__cortex_m.dir/irq_manage.c.obj
[brox:rw] [168/388] Building C object zephyr/CMakeFiles/zephyr.dir/subsys/shell/modules/kernel_service/thread/list.c.obj
[brox:ro] [380/388] Building C object zephyr/kernel/CMakeFiles/kernel.dir/spinlock_validate.c.obj
[brox:ro] [381/388] Building C object zephyr/kernel/CMakeFiles/kernel.dir/thread_monitor.c.obj
[brox:rw] [169/388] Building C object zephyr/CMakeFiles/zephyr.dir/subsys/shell/modules/kernel_service/thread/stacks.c.obj
[brox:ro] [382/388] Building C object zephyr/kernel/CMakeFiles/kernel.dir/timeout.c.obj
[brox:ro] [383/388] Building C object zephyr/kernel/CMakeFiles/kernel.dir/timer.c.obj
[/mnt/host/source/src/platform/ec/build/zephyr/rex-lcov]   /mnt/host/source/src/platform/ec/build/zephyr/rex/build-rw/zephyr/arch/arch/arm/core/mpu/CMakeFiles/arch__arm__core__mpu.dir/arm_mpu_regions.c.gcno:no functions found
[/mnt/host/source/src/platform/ec/build/zephyr/rex-lcov] stderr:
[brox:rw] [170/388] Building C object zephyr/CMakeFiles/zephyr.dir/subsys/shell/modules/kernel_service/thread/unwind.c.obj
[mtlrvpp_npcx:rw] [283/412] Building C object CMakeFiles/app.dir/mnt/host/source/src/platform/ec/build/zephyr/mtlrvpp_npcx/modules/ec/common/cbi_common.c.obj
[mtlrvpp_npcx:rw] [284/412] Building C object CMakeFiles/app.dir/mnt/host/source/src/platform/ec/build/zephyr/mtlrvpp_npcx/modules/ec/common/charge_state.c.obj
[brox:ro] [384/388] Building C object zephyr/kernel/CMakeFiles/kernel.dir/poll.c.obj
[mtlrvpp_npcx:ro] [87/412] Building C object zephyr/arch/arch/arm/core/cortex_m/CMakeFiles/arch__arm__core__cortex_m.dir/prep_c.c.obj
[brox:ro] [385/388] Building C object zephyr/kernel/CMakeFiles/kernel.dir/events.c.obj
[brox:rw] [171/388] Building C object zephyr/CMakeFiles/zephyr.dir/subsys/shell/modules/kernel_service/thread/suspend.c.obj
[brox:ro] [386/388] Building C object zephyr/kernel/CMakeFiles/kernel.dir/mempool.c.obj
[mtlrvpp_npcx:rw] [285/412] Building C object CMakeFiles/app.dir/mnt/host/source/src/platform/ec/build/zephyr/mtlrvpp_npcx/modules/ec/common/cbi.c.obj
[brox:rw] [172/388] Building C object zephyr/CMakeFiles/zephyr.dir/subsys/shell/modules/kernel_service/thread/resume.c.obj
[mtlrvpp_npcx:rw] [286/412] Building C object CMakeFiles/app.dir/mnt/host/source/src/platform/ec/build/zephyr/mtlrvpp_npcx/modules/ec/common/charge_manager.c.obj
[pujjo:ro] Configuring.
[brox:ro] [387/388] Building C object zephyr/kernel/CMakeFiles/kernel.dir/dynamic_disabled.c.obj
Running `env -i PYTHONPATH=/usr/lib64/python-exec/python3.11:/mnt/host/source/src/platform/ec/zephyr/zmake:/usr/lib/python311.zip:/usr/lib/python3.11:/usr/lib/python3.11/lib-dynload:/usr/lib/python3.11/site-packages PW_PIGWEED_CIPD_INSTALL_DIR=/usr CROSTC_USER_ACKNOWLEDGES_THAT_RISCV_IS_EXPERIMENTAL=1 PATH=/mnt/host/source/chromite/bin:/usr/local/bin:/usr/bin:/bin:/opt/bin:/mnt/host/source/chromite/sdk/bin:/mnt/host/source/chromite/bin HOME=/home/jpmurphy JAVA_HOME=/etc/java-config-2/current-system-vm JDK_HOME=/etc/java-config-2/current-system-vm JAVAC=/etc/java-config-2/current-system-vm/bin/javac MAKEFLAGS=' -j16 --jobserver-auth=5,6' /usr/bin/cmake -S /mnt/host/source/src/platform/ec/zephyr/program/nissa -B /mnt/host/source/src/platform/ec/build/zephyr/pujjo/build-ro -GNinja -DCMAKE_EXPORT_COMPILE_COMMANDS=ON -DZEPHYR_BASE=/mnt/host/source/src/third_party/zephyr/main -DZMAKE_INCLUDE_DIR=/mnt/host/source/src/platform/ec/build/zephyr/pujjo/include -DPython3_EXECUTABLE=/usr/bin/python3.11 -DDTS_ROOT=/mnt/host/source/src/platform/ec/zephyr -DSYSCALL_INCLUDE_DIRS=/mnt/host/source/src/platform/ec/zephyr/include/drivers -DUSER_CACHE_DIR=/mnt/host/source/src/platform/ec/build/zephyr/user-cache '-DEXTRA_EC_VERSION_FLAGS=--version 16543.0.0 --static' -DTOOLCHAIN_ROOT=/mnt/host/source/src/platform/ec/zephyr -DCOREBOOT_SDK_ROOT_x86=/home/jpmurphy/.cache/coreboot-sdk/i386-elf/dfbb0486385d938cfa9d73080b9d18d598ed4f49 -DCOREBOOT_SDK_ROOT_picolibc_x86=/home/jpmurphy/.cache/coreboot-sdk/picolibc-i386-elf/eb8e8e687b95461de8cbf278f1c2076952d0ad17 -DCOREBOOT_SDK_ROOT_riscv64=/home/jpmurphy/.cache/coreboot-sdk/riscv64-elf/96b949749225b6aaa92ed810ab769e8dfb12f000 -DCOREBOOT_SDK_ROOT_picolibc_arm=/home/jpmurphy/.cache/coreboot-sdk/picolibc-arm-eabi/422a2aa3e1ef891b5bece9a3deb696ff83840d2e -DCOREBOOT_SDK_ROOT_nds32=/home/jpmurphy/.cache/coreboot-sdk/nds32le-elf/d1a518c4a097666d86058e1444f85ca015d15511 -DCOREBOOT_SDK_ROOT_picolibc_riscv64=/home/jpmurphy/.cache/coreboot-sdk/picolibc-riscv64-elf/f571e990ef0278564b31124f8bb109d9a697eb69 -DCOREBOOT_SDK_ROOT_arm=/home/jpmurphy/.cache/coreboot-sdk/arm-eabi/ea40ddd1d190c3b48435c474c0b545719371813a -DCOREBOOT_SDK_ROOT_libstdcxx_riscv64=/home/jpmurphy/.cache/coreboot-sdk/libstdcxx-riscv64-elf/17abf22a3a252e2d5d2062ced5324f7a623689e0 -DCOREBOOT_SDK_ROOT_libstdcxx_arm=/home/jpmurphy/.cache/coreboot-sdk/libstdcxx-arm-eabi/5d7d82e150e44aa1968f1d366e267e6687b328ac -DCOREBOOT_SDK_ROOT_riscv=/home/jpmurphy/.cache/coreboot-sdk/riscv-elf/9a27b9e82341c6e9126624f516ab3f261abb3e73 -DCOREBOOT_SDK_ROOT_libstdcxx_x86=/home/jpmurphy/.cache/coreboot-sdk/libstdcxx-i386-elf/42ef9d2e87a76a37963175d7d428734e65648b87 -DZEPHYR_TOOLCHAIN_VARIANT=coreboot-sdk '-DZEPHYR_MODULES=/mnt/host/source/src/platform/ec/build/zephyr/pujjo/modules/cmsis;/mnt/host/source/src/platform/ec/build/zephyr/pujjo/modules/cmsis_6;/mnt/host/source/src/platform/ec/build/zephyr/pujjo/modules/ec' -DDTC_OVERLAY_FILE=/mnt/host/source/src/platform/ec/zephyr/program/nissa/pujjo/project.overlay -DBOARD=npcx9/npcx9m3f -DCMAKE_C_FLAGS=-DSECTION_IS_RO '-DCONF_FILE=/mnt/host/source/src/platform/ec/zephyr/program/nissa/program.conf;/mnt/host/source/src/platform/ec/zephyr/program/nissa/npcx_program.conf;/mnt/host/source/src/platform/ec/zephyr/program/nissa/pujjo/project.conf;/mnt/host/source/src/platform/ec/build/zephyr/pujjo/kconfig-ro.conf'`
[pujjo:ro] Loading Zephyr default modules (Zephyr base (cached)).
[pujjo:ro] -- Application: /mnt/host/source/src/platform/ec/zephyr/program/nissa
[pujjo:ro] -- CMake version: 3.31.7
[brox:ro] [388/388] Linking C static library zephyr/kernel/libkernel.a
Running (initial) lcov on /mnt/host/source/src/platform/ec/build/zephyr/ocicat.
[/mnt/host/source/src/platform/ec/build/zephyr/hylia-lcov]   /mnt/host/source/src/platform/ec/build/zephyr/hylia/build-rw/zephyr/drivers/syscon/CMakeFiles/drivers__syscon.dir/mnt/host/source/src/third_party/zephyr/main/misc/empty_file.c.gcno:no functions found
[/mnt/host/source/src/platform/ec/build/zephyr/hylia-lcov] Filter suppressions 'region':
[/mnt/host/source/src/platform/ec/build/zephyr/hylia-lcov]     41 instances
[/mnt/host/source/src/platform/ec/build/zephyr/hylia-lcov]     28 coverpoints
[/mnt/host/source/src/platform/ec/build/zephyr/hylia-lcov] Message summary:
[/mnt/host/source/src/platform/ec/build/zephyr/hylia-lcov]   35 ignore messages:
[/mnt/host/source/src/platform/ec/build/zephyr/hylia-lcov]     gcov: 35
[brox:rw] [173/388] Building C object zephyr/CMakeFiles/zephyr.dir/subsys/shell/modules/kernel_service/thread/kill.c.obj
[pujjo:ro] -- Found Python3: /usr/bin/python3.11 (found suitable version "3.11.11", minimum required is "3.10") found components: Interpreter
[pujjo:ro] -- Cache files will be written to: /mnt/host/source/src/platform/ec/build/zephyr/user-cache
Running `env -i PYTHONPATH=/usr/lib64/python-exec/python3.11:/mnt/host/source/src/platform/ec/zephyr/zmake:/usr/lib/python311.zip:/usr/lib/python3.11:/usr/lib/python3.11/lib-dynload:/usr/lib/python3.11/site-packages PW_PIGWEED_CIPD_INSTALL_DIR=/usr CROSTC_USER_ACKNOWLEDGES_THAT_RISCV_IS_EXPERIMENTAL=1 PATH=/mnt/host/source/chromite/bin:/usr/local/bin:/usr/bin:/bin:/opt/bin:/mnt/host/source/chromite/sdk/bin:/mnt/host/source/chromite/bin HOME=/home/jpmurphy JAVA_HOME=/etc/java-config-2/current-system-vm JDK_HOME=/etc/java-config-2/current-system-vm JAVAC=/etc/java-config-2/current-system-vm/bin/javac MAKEFLAGS=' -j16 --jobserver-auth=5,6' /usr/bin/lcov --gcov-tool /mnt/host/source/src/platform/ec/build/zephyr/ocicat/build-rw/gcov.sh -q -o - -c -d /mnt/host/source/src/platform/ec/build/zephyr/ocicat -t ocicat --rc branch_coverage=1 --filter range --ignore-errors inconsistent,source --ignore-errors gcov,gcov -i`
[pujjo:ro] -- Zephyr version: 4.3.99 (/mnt/host/source/src/third_party/zephyr/main)
[mtlrvpp_npcx:ro] [88/412] Building C object zephyr/arch/arch/arm/core/cortex_m/CMakeFiles/arch__arm__core__cortex_m.dir/thread.c.obj
[mtlrvpp_npcx:ro] [89/412] Building C object zephyr/arch/arch/arm/core/cortex_m/CMakeFiles/arch__arm__core__cortex_m.dir/irq_init.c.obj
[/mnt/host/source/src/platform/ec/build/zephyr/rex-lcov]   /mnt/host/source/src/platform/ec/build/zephyr/rex/build-rw/zephyr/arch/common/CMakeFiles/isr_tables.dir/isr_tables.c.gcno:no functions found
[/mnt/host/source/src/platform/ec/build/zephyr/rex-lcov] stderr:
[mtlrvpp_npcx:rw] [287/412] Building C object CMakeFiles/app.dir/mnt/host/source/src/platform/ec/build/zephyr/mtlrvpp_npcx/modules/ec/common/cbi_config.c.obj
[mtlrvpp_npcx:rw] [288/412] Building C object CMakeFiles/app.dir/mnt/host/source/src/platform/ec/build/zephyr/mtlrvpp_npcx/modules/ec/common/memory_commands.c.obj
[mtlrvpp_npcx:rw] [289/412] Building C object CMakeFiles/app.dir/mnt/host/source/src/platform/ec/build/zephyr/mtlrvpp_npcx/modules/ec/common/dptf.c.obj
[mtlrvpp_npcx:ro] [90/412] Building C object zephyr/arch/arch/arm/core/cortex_m/CMakeFiles/arch__arm__core__cortex_m.dir/cpu_idle.c.obj
[brox:rw] [174/388] Building C object zephyr/CMakeFiles/zephyr.dir/subsys/shell/backends/shell_uart.c.obj
[mtlrvpp_npcx:rw] [290/412] Building C object CMakeFiles/app.dir/mnt/host/source/src/platform/ec/build/zephyr/mtlrvpp_npcx/modules/ec/common/ap_reset_log.c.obj
[mtlrvpp_npcx:rw] [291/412] Building C object CMakeFiles/app.dir/mnt/host/source/src/platform/ec/build/zephyr/mtlrvpp_npcx/modules/ec/common/espi.c.obj
[mtlrvpp_npcx:ro] [91/412] Building C object zephyr/arch/arch/arm/core/cortex_m/CMakeFiles/arch__arm__core__cortex_m.dir/isr_wrapper.c.obj
[mtlrvpp_npcx:ro] [92/412] Linking C static library zephyr/arch/arch/arm/core/cortex_m/libarch__arm__core__cortex_m.a
[brox:rw] [175/388] Building C object zephyr/CMakeFiles/zephyr.dir/subsys/shell/shell_fprintf.c.obj
[brox:rw] [176/388] Building C object zephyr/CMakeFiles/zephyr.dir/subsys/shell/shell.c.obj
[mtlrvpp_npcx:ro] [93/412] Generating ../../../include/generated/libc/minimal/strerror_table.h
[mtlrvpp_npcx:ro] [94/412] Building C object zephyr/arch/arch/arm/core/mpu/CMakeFiles/arch__arm__core__mpu.dir/arm_core_mpu.c.obj
[mtlrvpp_npcx:ro] [95/412] Building C object zephyr/arch/arch/arm/core/mpu/CMakeFiles/arch__arm__core__mpu.dir/arm_mpu.c.obj
[mtlrvpp_npcx:ro] [96/412] Building C object zephyr/lib/libc/minimal/CMakeFiles/lib__libc__minimal.dir/source/stdlib/atoi.c.obj
[mtlrvpp_npcx:ro] [97/412] Building C object zephyr/arch/arch/arm/core/mpu/CMakeFiles/arch__arm__core__mpu.dir/arm_mpu_regions.c.obj
[mtlrvpp_npcx:ro] [98/412] Building C object zephyr/lib/libc/minimal/CMakeFiles/lib__libc__minimal.dir/source/stdlib/strtol.c.obj
[brox:rw] [177/388] Building C object zephyr/CMakeFiles/zephyr.dir/subsys/shell/shell_utils.c.obj
[mtlrvpp_npcx:ro] [99/412] Building C object zephyr/lib/libc/minimal/CMakeFiles/lib__libc__minimal.dir/source/stdlib/strtoul.c.obj
[mtlrvpp_npcx:rw] [292/412] Building C object CMakeFiles/app.dir/mnt/host/source/src/platform/ec/build/zephyr/mtlrvpp_npcx/modules/ec/common/extpower_gpio.c.obj
[mtlrvpp_npcx:ro] [100/412] Building C object zephyr/lib/libc/minimal/CMakeFiles/lib__libc__minimal.dir/source/stdlib/strtoll.c.obj
[mtlrvpp_npcx:ro] [101/412] Linking C static library zephyr/arch/arch/arm/core/mpu/libarch__arm__core__mpu.a
[mtlrvpp_npcx:rw] [293/412] Building C object CMakeFiles/app.dir/mnt/host/source/src/platform/ec/build/zephyr/mtlrvpp_npcx/modules/ec/common/extpower_common.c.obj
[mtlrvpp_npcx:ro] [102/412] Building C object zephyr/lib/libc/minimal/CMakeFiles/lib__libc__minimal.dir/source/stdlib/bsearch.c.obj
[mtlrvpp_npcx:ro] [103/412] Building C object zephyr/lib/libc/minimal/CMakeFiles/lib__libc__minimal.dir/source/stdlib/strtoull.c.obj
[mtlrvpp_npcx:rw] [294/412] Building C object CMakeFiles/app.dir/mnt/host/source/src/platform/ec/build/zephyr/mtlrvpp_npcx/modules/ec/common/fan.c.obj
[pujjo:ro] -- Board: npcx9, qualifiers: npcx9m3f
[mtlrvpp_npcx:ro] [104/412] Building C object zephyr/lib/libc/minimal/CMakeFiles/lib__libc__minimal.dir/source/stdlib/qsort.c.obj
[mtlrvpp_npcx:ro] [105/412] Building C object zephyr/lib/libc/minimal/CMakeFiles/lib__libc__minimal.dir/source/string/strncasecmp.c.obj
[/mnt/host/source/src/platform/ec/build/zephyr/ocicat-lcov] geninfo: WARNING: using JSON module "JSON::PP" - which is much slower than some alternatives.  Consider installing one of JSON::XS or Cpanel::JSON::XS
[brox:rw] [178/388] Building C object zephyr/CMakeFiles/zephyr.dir/subsys/shell/shell_help.c.obj
[mtlrvpp_npcx:ro] [106/412] Building C object zephyr/lib/libc/minimal/CMakeFiles/lib__libc__minimal.dir/source/string/strerror.c.obj
[brox:rw] [179/388] Building C object zephyr/CMakeFiles/zephyr.dir/subsys/shell/shell_ops.c.obj
[mtlrvpp_npcx:ro] [107/412] Building C object zephyr/lib/libc/minimal/CMakeFiles/lib__libc__minimal.dir/source/string/strstr.c.obj
[mtlrvpp_npcx:rw] [295/412] Building C object CMakeFiles/app.dir/mnt/host/source/src/platform/ec/build/zephyr/mtlrvpp_npcx/modules/ec/common/flash.c.obj
[mtlrvpp_npcx:rw] [296/412] Building C object CMakeFiles/app.dir/mnt/host/source/src/platform/ec/build/zephyr/mtlrvpp_npcx/modules/ec/common/host_command.c.obj
[mtlrvpp_npcx:ro] [108/412] Building C object zephyr/lib/libc/minimal/CMakeFiles/lib__libc__minimal.dir/source/string/string.c.obj
[mtlrvpp_npcx:ro] [109/412] Building C object zephyr/lib/libc/minimal/CMakeFiles/lib__libc__minimal.dir/source/string/strspn.c.obj
[mtlrvpp_npcx:ro] [110/412] Building C object zephyr/lib/libc/minimal/CMakeFiles/lib__libc__minimal.dir/source/stdlib/exit.c.obj
[brox:rw] [180/388] Building C object zephyr/CMakeFiles/zephyr.dir/subsys/shell/shell_history.c.obj
[mtlrvpp_npcx:ro] [111/412] Building C object zephyr/lib/libc/minimal/CMakeFiles/lib__libc__minimal.dir/source/math/sqrtf.c.obj
[mtlrvpp_npcx:rw] [297/412] Building C object CMakeFiles/app.dir/mnt/host/source/src/platform/ec/build/zephyr/mtlrvpp_npcx/modules/ec/common/uart_hostcmd.c.obj
[mtlrvpp_npcx:rw] [298/412] Building C object CMakeFiles/app.dir/mnt/host/source/src/platform/ec/build/zephyr/mtlrvpp_npcx/modules/ec/common/host_event_commands.c.obj
[brox:rw] [181/388] Building C object zephyr/arch/common/CMakeFiles/arch__common.dir/sw_isr_common.c.obj
[brox:rw] [182/388] Building C object zephyr/CMakeFiles/zephyr.dir/drivers/flash/flash_util.c.obj
[mtlrvpp_npcx:ro] [112/412] Building C object zephyr/lib/libc/minimal/CMakeFiles/lib__libc__minimal.dir/source/stdout/fprintf.c.obj
[mtlrvpp_npcx:rw] [299/412] Building C object CMakeFiles/app.dir/mnt/host/source/src/platform/ec/build/zephyr/mtlrvpp_npcx/modules/ec/common/host_command_task.c.obj
[mtlrvpp_npcx:ro] [113/412] Building C object zephyr/lib/libc/minimal/CMakeFiles/lib__libc__minimal.dir/source/math/sqrt.c.obj
[mtlrvpp_npcx:ro] [114/412] Building C object zephyr/lib/libc/minimal/CMakeFiles/lib__libc__minimal.dir/source/stdout/stdout_console.c.obj
[brox:rw] [183/388] Building C object zephyr/arch/common/CMakeFiles/arch__common.dir/dynamic_isr.c.obj
[mtlrvpp_npcx:ro] [115/412] Building C object zephyr/lib/libc/minimal/CMakeFiles/lib__libc__minimal.dir/source/stdout/sprintf.c.obj
[brox:rw] [184/388] Linking C static library zephyr/libzephyr.a
[mtlrvpp_npcx:ro] [116/412] Building C object zephyr/lib/libc/common/CMakeFiles/lib__libc__common.dir/source/time/gmtime_r.c.obj
[mtlrvpp_npcx:rw] [300/412] Building C object CMakeFiles/app.dir/mnt/host/source/src/platform/ec/build/zephyr/mtlrvpp_npcx/modules/ec/common/uptime.c.obj
[mtlrvpp_npcx:ro] [117/412] Building C object zephyr/lib/libc/common/CMakeFiles/lib__libc__common.dir/source/time/asctime.c.obj
[/mnt/host/source/src/platform/ec/build/zephyr/ocicat-lcov] stderr:
[brox:rw] [185/388] Building C object zephyr/arch/common/CMakeFiles/arch__common.dir/init.c.obj
[mtlrvpp_npcx:ro] [118/412] Building C object zephyr/lib/libc/common/CMakeFiles/lib__libc__common.dir/source/time/localtime_r_utc.c.obj
[mtlrvpp_npcx:rw] [301/412] Building C object CMakeFiles/app.dir/mnt/host/source/src/platform/ec/build/zephyr/mtlrvpp_npcx/modules/ec/common/i2c_controller.c.obj
[mtlrvpp_npcx:ro] [119/412] Building C object zephyr/lib/libc/common/CMakeFiles/lib__libc__common.dir/source/time/ctime.c.obj
[mtlrvpp_npcx:ro] [120/412] Building C object zephyr/lib/libc/minimal/CMakeFiles/lib__libc__minimal.dir/source/time/gmtime.c.obj
[/mnt/host/source/src/platform/ec/build/zephyr/ocicat-lcov]   /mnt/host/source/src/platform/ec/build/zephyr/ocicat/build-ro/modules/ec/zephyr/CMakeFiles/ec_shim.dir/shim/src/thermal.c.gcno:no functions found
[/mnt/host/source/src/platform/ec/build/zephyr/ocicat-lcov] stderr:
[brox:rw] [186/388] Building C object zephyr/arch/common/CMakeFiles/isr_tables.dir/isr_tables.c.obj
[brox:rw] [187/388] Building C object zephyr/arch/common/CMakeFiles/arch__common.dir/xip.c.obj
[mtlrvpp_npcx:ro] [121/412] Building C object zephyr/lib/libc/common/CMakeFiles/lib__libc__common.dir/source/time/time.c.obj
[mtlrvpp_npcx:ro] [122/412] Building C object zephyr/lib/libc/common/CMakeFiles/lib__libc__common.dir/source/stdlib/abort.c.obj
[brox:rw] [188/388] Linking C static library zephyr/arch/common/libisr_tables.a
[mtlrvpp_npcx:ro] [123/412] Linking C static library zephyr/lib/libc/minimal/liblib__libc__minimal.a
[brox:rw] [189/388] Linking C static library zephyr/arch/common/libarch__common.a
[mtlrvpp_npcx:rw] [302/412] Building C object CMakeFiles/app.dir/mnt/host/source/src/platform/ec/build/zephyr/mtlrvpp_npcx/modules/ec/driver/ioexpander/ccgxxf.c.obj
[mtlrvpp_npcx:rw] [303/412] Building C object CMakeFiles/app.dir/mnt/host/source/src/platform/ec/build/zephyr/mtlrvpp_npcx/modules/ec/common/i2c_passthru.c.obj
[pujjo:ro] -- Found Dtc: /usr/bin/dtc (found suitable version "1.6.0", minimum required is "1.4.6")
[pujjo:ro] -- Found BOARD.dts: /mnt/host/source/src/platform/ec/zephyr/boards/google/npcx9/npcx9_npcx9m3f.dts
[pujjo:ro] -- Found devicetree overlay: /mnt/host/source/src/platform/ec/zephyr/program/nissa/pujjo/project.overlay
[mtlrvpp_npcx:ro] [124/412] Building C object zephyr/lib/posix/c_lib_ext/CMakeFiles/lib__posix__c_lib_ext.dir/fnmatch.c.obj
[mtlrvpp_npcx:ro] [125/412] Building C object zephyr/lib/libc/common/CMakeFiles/lib__libc__common.dir/source/string/strnlen.c.obj
[/mnt/host/source/src/platform/ec/build/zephyr/ocicat-lcov]   /mnt/host/source/src/platform/ec/build/zephyr/ocicat/build-ro/modules/ec/zephyr/CMakeFiles/ec_shim.dir/shim/src/battery.c.gcno:no functions found
[/mnt/host/source/src/platform/ec/build/zephyr/ocicat-lcov] stderr:
[mtlrvpp_npcx:rw] [304/412] Building C object CMakeFiles/app.dir/mnt/host/source/src/platform/ec/build/zephyr/mtlrvpp_npcx/modules/ec/driver/ioexpander/it8801.c.obj
[mtlrvpp_npcx:ro] [126/412] Building C object zephyr/subsys/crc/CMakeFiles/subsys__crc.dir/crc4_sw.c.obj
[brox:rw] [190/388] Building C object zephyr/arch/arch/riscv/core/CMakeFiles/arch__riscv__core.dir/cpu_idle.c.obj
[mtlrvpp_npcx:ro] [127/412] Building C object zephyr/subsys/crc/CMakeFiles/subsys__crc.dir/crc8_sw.c.obj
[mtlrvpp_npcx:ro] [128/412] Building C object zephyr/lib/libc/common/CMakeFiles/lib__libc__common.dir/source/stdlib/malloc.c.obj
[mtlrvpp_npcx:ro] [129/412] Building C object zephyr/subsys/crc/CMakeFiles/subsys__crc.dir/crc16_sw.c.obj
[brox:rw] [191/388] Building C object zephyr/arch/arch/riscv/core/CMakeFiles/arch__riscv__core.dir/prep_c.c.obj
[mtlrvpp_npcx:rw] [305/412] Building C object CMakeFiles/app.dir/mnt/host/source/src/platform/ec/build/zephyr/mtlrvpp_npcx/modules/ec/common/keyboard_scan.c.obj
[mtlrvpp_npcx:ro] [130/412] Linking C static library zephyr/lib/libc/common/liblib__libc__common.a
[mtlrvpp_npcx:ro] [131/412] Building C object zephyr/subsys/crc/CMakeFiles/subsys__crc.dir/crc7_sw.c.obj
[brox:rw] [192/388] Building C object zephyr/arch/arch/riscv/core/CMakeFiles/arch__riscv__core.dir/fatal.c.obj
[brox:rw] [193/388] Building C object zephyr/arch/arch/riscv/core/CMakeFiles/arch__riscv__core.dir/irq_manage.c.obj
[mtlrvpp_npcx:ro] [132/412] Building C object zephyr/lib/posix/c_lib_ext/CMakeFiles/lib__posix__c_lib_ext.dir/getopt_shim.c.obj
[mtlrvpp_npcx:ro] [133/412] Building C object zephyr/lib/posix/c_lib_ext/CMakeFiles/lib__posix__c_lib_ext.dir/getentropy.c.obj
[mtlrvpp_npcx:ro] [134/412] Building C object zephyr/subsys/crc/CMakeFiles/subsys__crc.dir/crc24_sw.c.obj
[mtlrvpp_npcx:rw] [306/412] Building C object CMakeFiles/app.dir/mnt/host/source/src/platform/ec/build/zephyr/mtlrvpp_npcx/modules/ec/common/keyboard_8042.c.obj
[mtlrvpp_npcx:ro] [135/412] Linking C static library zephyr/lib/posix/c_lib_ext/liblib__posix__c_lib_ext.a
[mtlrvpp_npcx:ro] [136/412] Building C object zephyr/subsys/crc/CMakeFiles/subsys__crc.dir/crc32c_sw.c.obj
[mtlrvpp_npcx:ro] [137/412] Building C object zephyr/subsys/crc/CMakeFiles/subsys__crc.dir/crc32_sw.c.obj
[mtlrvpp_npcx:rw] [307/412] Building C object CMakeFiles/app.dir/mnt/host/source/src/platform/ec/build/zephyr/mtlrvpp_npcx/modules/ec/common/keyboard_8042_sharedlib.c.obj
[mtlrvpp_npcx:rw] [308/412] Building C object CMakeFiles/app.dir/mnt/host/source/src/platform/ec/build/zephyr/mtlrvpp_npcx/modules/ec/common/mkbp_fifo.c.obj
[mtlrvpp_npcx:ro] [138/412] Building C object zephyr/subsys/crc/CMakeFiles/subsys__crc.dir/crc32k_4_2_sw.c.obj
[/mnt/host/source/src/platform/ec/build/zephyr/riven-lcov]   /mnt/host/source/src/platform/ec/build/zephyr/riven/build-rw/zephyr/CMakeFiles/zephyr.dir/soc/nuvoton/npcx/common/npcxn/registers.c.gcno:no functions found
[/mnt/host/source/src/platform/ec/build/zephyr/riven-lcov] stderr:
[/mnt/host/source/src/platform/ec/build/zephyr/ocicat-lcov]   /mnt/host/source/src/platform/ec/build/zephyr/ocicat/build-ro/modules/ec/zephyr/CMakeFiles/ec_shim.dir/shim/src/charger.c.gcno:no functions found
[/mnt/host/source/src/platform/ec/build/zephyr/ocicat-lcov] stderr:
[mtlrvpp_npcx:ro] [139/412] Linking C static library zephyr/subsys/crc/libsubsys__crc.a
[mtlrvpp_npcx:rw] [309/412] Building C object CMakeFiles/app.dir/mnt/host/source/src/platform/ec/build/zephyr/mtlrvpp_npcx/modules/ec/common/mkbp_info.c.obj
[brox:rw] [194/388] Building C object zephyr/arch/arch/riscv/core/CMakeFiles/arch__riscv__core.dir/reboot.c.obj
[/mnt/host/source/src/platform/ec/build/zephyr/rex-lcov]   /mnt/host/source/src/platform/ec/build/zephyr/rex/build-rw/zephyr/CMakeFiles/zephyr.dir/subsys/shell/modules/kernel_service/kernel_shell.c.gcno:no functions found
[/mnt/host/source/src/platform/ec/build/zephyr/rex-lcov] stderr:
[brox:rw] [195/388] Building ASM object zephyr/arch/arch/riscv/core/CMakeFiles/arch__riscv__core.dir/reset.S.obj
[brox:rw] [196/388] Building ASM object zephyr/arch/arch/riscv/core/CMakeFiles/arch__riscv__core.dir/switch.S.obj
[mtlrvpp_npcx:rw] [310/412] Building C object CMakeFiles/app.dir/mnt/host/source/src/platform/ec/build/zephyr/mtlrvpp_npcx/modules/ec/common/mkbp_input_devices.c.obj
[/mnt/host/source/src/platform/ec/build/zephyr/rex-lcov]   /mnt/host/source/src/platform/ec/build/zephyr/rex/build-rw/zephyr/CMakeFiles/zephyr.dir/lib/libc/validate_libc.c.gcno:no functions found
[/mnt/host/source/src/platform/ec/build/zephyr/rex-lcov] stderr:
[mtlrvpp_npcx:ro] [140/412] Building C object zephyr/drivers/adc/CMakeFiles/drivers__adc.dir/adc_common.c.obj
[mtlrvpp_npcx:ro] [141/412] Building C object zephyr/drivers/interrupt_controller/CMakeFiles/drivers__interrupt_controller.dir/intc_miwu.c.obj
[mtlrvpp_npcx:rw] [311/412] Building C object CMakeFiles/app.dir/mnt/host/source/src/platform/ec/build/zephyr/mtlrvpp_npcx/modules/ec/common/lid_switch.c.obj
[mtlrvpp_npcx:ro] [142/412] Linking C static library zephyr/drivers/interrupt_controller/libdrivers__interrupt_controller.a
[mtlrvpp_npcx:ro] [143/412] Building C object zephyr/drivers/adc/CMakeFiles/drivers__adc.dir/adc_npcx.c.obj
[mtlrvpp_npcx:ro] [144/412] Building C object zephyr/drivers/bbram/CMakeFiles/drivers__bbram.dir/bbram_npcx.c.obj
[mtlrvpp_npcx:rw] [312/412] Building C object CMakeFiles/app.dir/mnt/host/source/src/platform/ec/build/zephyr/mtlrvpp_npcx/modules/ec/common/mkbp_event.c.obj
[mtlrvpp_npcx:ro] [145/412] Linking C static library zephyr/drivers/adc/libdrivers__adc.a
[mtlrvpp_npcx:ro] [146/412] Linking C static library zephyr/drivers/bbram/libdrivers__bbram.a
[mtlrvpp_npcx:rw] [313/412] Building C object CMakeFiles/app.dir/mnt/host/source/src/platform/ec/build/zephyr/mtlrvpp_npcx/modules/ec/common/port80.c.obj
[brox:rw] [197/388] Building C object zephyr/arch/arch/riscv/core/CMakeFiles/arch__riscv__core.dir/thread.c.obj
[mtlrvpp_npcx:rw] [314/412] Building C object CMakeFiles/app.dir/mnt/host/source/src/platform/ec/build/zephyr/mtlrvpp_npcx/modules/ec/common/power_button.c.obj
[brox:rw] [198/388] Generating ../../../include/generated/libc/minimal/strerror_table.h
[brox:rw] [199/388] Building ASM object zephyr/arch/arch/riscv/core/CMakeFiles/arch__riscv__core.dir/isr.S.obj
[brox:rw] [200/388] Building C object zephyr/arch/arch/riscv/core/CMakeFiles/arch__riscv__core.dir/stacktrace.c.obj
[brox:rw] [201/388] Linking C static library zephyr/arch/arch/riscv/core/libarch__riscv__core.a
[brox:rw] [202/388] Building C object zephyr/lib/libc/minimal/CMakeFiles/lib__libc__minimal.dir/source/stdlib/atoi.c.obj
[brox:rw] [203/388] Building C object zephyr/lib/libc/minimal/CMakeFiles/lib__libc__minimal.dir/source/stdlib/strtol.c.obj
[mtlrvpp_npcx:ro] [147/412] Building C object zephyr/drivers/clock_control/CMakeFiles/drivers__clock_control.dir/clock_control_npcx.c.obj
[pujjo:ro] -- Generated zephyr.dts: /mnt/host/source/src/platform/ec/build/zephyr/pujjo/build-ro/zephyr/zephyr.dts
[pujjo:ro] -- Generated pickled edt: /mnt/host/source/src/platform/ec/build/zephyr/pujjo/build-ro/zephyr/edt.pickle
[mtlrvpp_npcx:ro] [148/412] Building C object zephyr/drivers/console/CMakeFiles/drivers__console.dir/uart_console.c.obj
[mtlrvpp_npcx:ro] [149/412] Linking C static library zephyr/drivers/clock_control/libdrivers__clock_control.a
[brox:rw] [204/388] Building C object zephyr/lib/libc/minimal/CMakeFiles/lib__libc__minimal.dir/source/stdlib/strtoul.c.obj
[brox:rw] [205/388] Building C object zephyr/lib/libc/minimal/CMakeFiles/lib__libc__minimal.dir/source/stdlib/strtoll.c.obj
[mtlrvpp_npcx:ro] [150/412] Linking C static library zephyr/drivers/console/libdrivers__console.a
[mtlrvpp_npcx:rw] [315/412] Building C object CMakeFiles/app.dir/mnt/host/source/src/platform/ec/build/zephyr/mtlrvpp_npcx/modules/ec/power/hibernate.c.obj
[brox:rw] [206/388] Building C object zephyr/lib/libc/minimal/CMakeFiles/lib__libc__minimal.dir/source/stdlib/strtoull.c.obj
[/mnt/host/source/src/platform/ec/build/zephyr/ocicat-lcov]   /mnt/host/source/src/platform/ec/build/zephyr/ocicat/build-ro/modules/ec/zephyr/CMakeFiles/ec_shim.dir/shim/src/usba.c.gcno:no functions found
[/mnt/host/source/src/platform/ec/build/zephyr/ocicat-lcov] stderr:
[mtlrvpp_npcx:ro] [151/412] Building C object zephyr/drivers/eeprom/CMakeFiles/drivers__eeprom.dir/eeprom_at2x.c.obj
[brox:rw] [207/388] Building C object zephyr/lib/libc/minimal/CMakeFiles/lib__libc__minimal.dir/source/stdlib/bsearch.c.obj
[mtlrvpp_npcx:rw] [316/412] Building C object CMakeFiles/app.dir/mnt/host/source/src/platform/ec/build/zephyr/mtlrvpp_npcx/modules/ec/common/panic_output.c.obj
[mtlrvpp_npcx:ro] [152/412] Building C object zephyr/drivers/eeprom/CMakeFiles/drivers__eeprom.dir/eeprom_shell.c.obj
[mtlrvpp_npcx:rw] [317/412] Building C object CMakeFiles/app.dir/mnt/host/source/src/platform/ec/build/zephyr/mtlrvpp_npcx/modules/ec/common/sha256.c.obj
[mtlrvpp_npcx:ro] [153/412] Linking C static library zephyr/drivers/eeprom/libdrivers__eeprom.a
[brox:rw] [208/388] Building C object zephyr/lib/libc/minimal/CMakeFiles/lib__libc__minimal.dir/source/stdlib/qsort.c.obj
[mtlrvpp_npcx:rw] [318/412] Building C object CMakeFiles/app.dir/mnt/host/source/src/platform/ec/build/zephyr/mtlrvpp_npcx/modules/ec/common/shared_mem.c.obj
[pujjo:ro] -- Generated devicetree_generated.h: /mnt/host/source/src/platform/ec/build/zephyr/pujjo/build-ro/zephyr/include/generated/zephyr/devicetree_generated.h
[brox:rw] [209/388] Building C object zephyr/lib/libc/minimal/CMakeFiles/lib__libc__minimal.dir/source/string/strncasecmp.c.obj
[mtlrvpp_npcx:rw] [319/412] Building C object CMakeFiles/app.dir/mnt/host/source/src/platform/ec/build/zephyr/mtlrvpp_npcx/modules/ec/common/switch.c.obj
[/mnt/host/source/src/platform/ec/build/zephyr/rex-lcov]   /mnt/host/source/src/platform/ec/build/zephyr/rex/build-rw/zephyr/CMakeFiles/zephyr.dir/lib/utils/last_section_id.c.gcno:no functions found
[/mnt/host/source/src/platform/ec/build/zephyr/rex-lcov] stderr:
[brox:rw] [210/388] Building C object zephyr/lib/libc/minimal/CMakeFiles/lib__libc__minimal.dir/source/string/strerror.c.obj
[brox:rw] [211/388] Building C object zephyr/lib/libc/minimal/CMakeFiles/lib__libc__minimal.dir/source/stdlib/exit.c.obj
[brox:rw] [212/388] Building C object zephyr/lib/libc/minimal/CMakeFiles/lib__libc__minimal.dir/source/string/strstr.c.obj
[brox:rw] [213/388] Building C object zephyr/lib/libc/minimal/CMakeFiles/lib__libc__minimal.dir/source/string/string.c.obj
[mtlrvpp_npcx:ro] [154/412] Building C object zephyr/drivers/espi/CMakeFiles/drivers__espi.dir/host_subs_npcx.c.obj
[brox:rw] [214/388] Building C object zephyr/lib/libc/minimal/CMakeFiles/lib__libc__minimal.dir/source/string/strspn.c.obj
[mtlrvpp_npcx:ro] [155/412] Building C object zephyr/drivers/espi/CMakeFiles/drivers__espi.dir/espi_npcx.c.obj
[mtlrvpp_npcx:rw] [320/412] Building C object CMakeFiles/app.dir/mnt/host/source/src/platform/ec/build/zephyr/mtlrvpp_npcx/modules/ec/common/spi_flash_reg.c.obj
[mtlrvpp_npcx:ro] [156/412] Building C object zephyr/drivers/flash/CMakeFiles/drivers__flash.dir/jesd216.c.obj
[mtlrvpp_npcx:ro] [157/412] Linking C static library zephyr/drivers/espi/libdrivers__espi.a
[mtlrvpp_npcx:ro] [158/412] Building C object zephyr/drivers/flash/CMakeFiles/drivers__flash.dir/flash_npcx_fiu_nor.c.obj
[mtlrvpp_npcx:rw] [321/412] Building C object CMakeFiles/app.dir/mnt/host/source/src/platform/ec/build/zephyr/mtlrvpp_npcx/modules/ec/common/thermal.c.obj
[mtlrvpp_npcx:rw] [322/412] Building C object CMakeFiles/app.dir/mnt/host/source/src/platform/ec/build/zephyr/mtlrvpp_npcx/modules/ec/common/tablet_mode.c.obj
[brox:rw] [215/388] Building C object zephyr/lib/libc/minimal/CMakeFiles/lib__libc__minimal.dir/source/stdout/sprintf.c.obj
[brox:rw] [216/388] Building C object zephyr/lib/libc/minimal/CMakeFiles/lib__libc__minimal.dir/source/stdout/stdout_console.c.obj
[mtlrvpp_npcx:rw] [323/412] Building C object CMakeFiles/app.dir/mnt/host/source/src/platform/ec/build/zephyr/mtlrvpp_npcx/modules/ec/common/temp_sensor.c.obj
[mtlrvpp_npcx:rw] [324/412] Building C object CMakeFiles/app.dir/mnt/host/source/src/platform/ec/build/zephyr/mtlrvpp_npcx/modules/ec/driver/temp_sensor/thermistor.c.obj
[mtlrvpp_npcx:ro] [159/412] Building C object zephyr/drivers/flash/CMakeFiles/drivers__flash.dir/flash_npcx_fiu_qspi.c.obj
[mtlrvpp_npcx:ro] [160/412] Linking C static library zephyr/drivers/flash/libdrivers__flash.a
[brox:rw] [217/388] Building C object zephyr/lib/libc/minimal/CMakeFiles/lib__libc__minimal.dir/source/stdout/fprintf.c.obj
[brox:rw] [218/388] Building C object zephyr/lib/libc/minimal/CMakeFiles/lib__libc__minimal.dir/source/math/sqrtf.c.obj
[brox:rw] [219/388] Building C object zephyr/lib/libc/minimal/CMakeFiles/lib__libc__minimal.dir/source/math/sqrt.c.obj
[mtlrvpp_npcx:ro] [161/412] Building C object zephyr/drivers/gpio/CMakeFiles/drivers__gpio.dir/gpio_nct38xx.c.obj
[mtlrvpp_npcx:rw] [325/412] Building C object CMakeFiles/app.dir/mnt/host/source/src/platform/ec/build/zephyr/mtlrvpp_npcx/modules/ec/common/timer.c.obj
[mtlrvpp_npcx:ro] [162/412] Building C object zephyr/drivers/gpio/CMakeFiles/drivers__gpio.dir/gpio_nct38xx_port.c.obj
[brox:rw] [220/388] Building C object zephyr/lib/libc/common/CMakeFiles/lib__libc__common.dir/source/time/asctime.c.obj
[pujjo:ro] /mnt/host/source/src/platform/ec/build/zephyr/pujjo/build-ro/zephyr/zephyr.dts:4901.9-4908.5: Warning (gpios_property): /fans/fan_0: Missing property '#gpio-cells' in node /named-gpios/fan-enable or bad phandle (referred from enable-gpio[0])
[mtlrvpp_npcx:ro] [163/412] Building C object zephyr/drivers/gpio/CMakeFiles/drivers__gpio.dir/gpio_npcx.c.obj
[mtlrvpp_npcx:rw] [326/412] Building C object CMakeFiles/app.dir/mnt/host/source/src/platform/ec/build/zephyr/mtlrvpp_npcx/modules/ec/common/typec_control.c.obj
[brox:rw] [221/388] Building C object zephyr/lib/libc/minimal/CMakeFiles/lib__libc__minimal.dir/source/time/gmtime.c.obj
[brox:rw] [222/388] Building C object zephyr/lib/libc/common/CMakeFiles/lib__libc__common.dir/source/time/gmtime_r.c.obj
[brox:rw] [223/388] Linking C static library zephyr/lib/libc/minimal/liblib__libc__minimal.a
[mtlrvpp_npcx:rw] [327/412] Building C object CMakeFiles/app.dir/mnt/host/source/src/platform/ec/build/zephyr/mtlrvpp_npcx/modules/ec/common/usb_pd_pdo.c.obj
[brox:rw] [224/388] Building C object zephyr/lib/libc/common/CMakeFiles/lib__libc__common.dir/source/stdlib/abort.c.obj
[mtlrvpp_npcx:rw] [328/412] Building C object CMakeFiles/app.dir/mnt/host/source/src/platform/ec/build/zephyr/mtlrvpp_npcx/modules/ec/common/usb_common.c.obj
[brox:rw] [225/388] Building C object zephyr/lib/libc/common/CMakeFiles/lib__libc__common.dir/source/time/localtime_r_utc.c.obj
[mtlrvpp_npcx:ro] [164/412] Building C object zephyr/drivers/i2c/CMakeFiles/drivers__i2c.dir/i2c_common.c.obj
[mtlrvpp_npcx:rw] [329/412] Building C object CMakeFiles/app.dir/mnt/host/source/src/platform/ec/build/zephyr/mtlrvpp_npcx/modules/ec/common/usbc/usbc_task.c.obj
[mtlrvpp_npcx:ro] [165/412] Building C object zephyr/drivers/gpio/CMakeFiles/drivers__gpio.dir/gpio_pca95xx.c.obj
[brox:rw] [226/388] Building C object zephyr/lib/libc/common/CMakeFiles/lib__libc__common.dir/source/time/ctime.c.obj
[brox:rw] [227/388] Building C object zephyr/lib/libc/common/CMakeFiles/lib__libc__common.dir/source/time/time.c.obj
[mtlrvpp_npcx:ro] [166/412] Linking C static library zephyr/drivers/gpio/libdrivers__gpio.a
[brox:rw] [228/388] Building C object zephyr/lib/libc/common/CMakeFiles/lib__libc__common.dir/source/string/strnlen.c.obj
[mtlrvpp_npcx:ro] [167/412] Building C object zephyr/drivers/i2c/CMakeFiles/drivers__i2c.dir/i2c_shell.c.obj
[mtlrvpp_npcx:rw] [330/412] Building C object CMakeFiles/app.dir/mnt/host/source/src/platform/ec/build/zephyr/mtlrvpp_npcx/modules/ec/common/usbc/usb_pd_timer.c.obj
[brox:rw] [229/388] Building C object zephyr/lib/posix/c_lib_ext/CMakeFiles/lib__posix__c_lib_ext.dir/fnmatch.c.obj
[mtlrvpp_npcx:ro] [168/412] Building C object zephyr/drivers/i2c/CMakeFiles/drivers__i2c.dir/i2c_npcx_controller.c.obj
[brox:rw] [230/388] Building C object zephyr/lib/libc/common/CMakeFiles/lib__libc__common.dir/source/stdlib/malloc.c.obj
[mtlrvpp_npcx:rw] [331/412] Building C object CMakeFiles/app.dir/mnt/host/source/src/platform/ec/build/zephyr/mtlrvpp_npcx/modules/ec/common/usbc_intr_task.c.obj
[mtlrvpp_npcx:rw] [332/412] Building C object CMakeFiles/app.dir/mnt/host/source/src/platform/ec/build/zephyr/mtlrvpp_npcx/modules/ec/common/usbc/usb_sm.c.obj
[mtlrvpp_npcx:rw] [333/412] Building C object CMakeFiles/app.dir/mnt/host/source/src/platform/ec/build/zephyr/mtlrvpp_npcx/modules/ec/common/usbc_utils.c.obj
[brox:rw] [231/388] Linking C static library zephyr/lib/libc/common/liblib__libc__common.a
[mtlrvpp_npcx:rw] [334/412] Building C object CMakeFiles/app.dir/mnt/host/source/src/platform/ec/build/zephyr/mtlrvpp_npcx/modules/ec/common/usb_pd_flags.c.obj
[mtlrvpp_npcx:ro] [169/412] Building C object zephyr/drivers/i2c/CMakeFiles/drivers__i2c.dir/i2c_npcx_controller_fifo.c.obj
[brox:rw] [232/388] Building C object zephyr/lib/posix/c_lib_ext/CMakeFiles/lib__posix__c_lib_ext.dir/getentropy.c.obj
[mtlrvpp_npcx:ro] [170/412] Building C object zephyr/drivers/i2c/CMakeFiles/drivers__i2c.dir/i2c_npcx_port.c.obj
[brox:rw] [233/388] Building C object zephyr/lib/posix/c_lib_ext/CMakeFiles/lib__posix__c_lib_ext.dir/getopt_shim.c.obj
[mtlrvpp_npcx:ro] [171/412] Building C object zephyr/drivers/pinctrl/CMakeFiles/drivers__pinctrl.dir/common.c.obj
[mtlrvpp_npcx:ro] [172/412] Linking C static library zephyr/drivers/i2c/libdrivers__i2c.a
[brox:rw] [234/388] Linking C static library zephyr/lib/posix/c_lib_ext/liblib__posix__c_lib_ext.a
[mtlrvpp_npcx:ro] [173/412] Building C object zephyr/drivers/mfd/CMakeFiles/drivers__mfd.dir/mfd_nct38xx.c.obj
[brox:rw] [235/388] Building C object zephyr/subsys/crc/CMakeFiles/subsys__crc.dir/crc4_sw.c.obj
[mtlrvpp_npcx:ro] [174/412] Linking C static library zephyr/drivers/mfd/libdrivers__mfd.a
[brox:rw] [236/388] Building C object zephyr/subsys/crc/CMakeFiles/subsys__crc.dir/crc16_sw.c.obj
[brox:rw] [237/388] Building C object zephyr/subsys/crc/CMakeFiles/subsys__crc.dir/crc8_sw.c.obj
[mtlrvpp_npcx:rw] [335/412] Building C object CMakeFiles/app.dir/mnt/host/source/src/platform/ec/build/zephyr/mtlrvpp_npcx/modules/ec/common/chargen.c.obj
[mtlrvpp_npcx:ro] [175/412] Building C object zephyr/drivers/sensor/CMakeFiles/drivers__sensor.dir/mnt/host/source/src/third_party/zephyr/main/misc/empty_file.c.obj
[mtlrvpp_npcx:ro] [176/412] Linking C static library zephyr/drivers/sensor/libdrivers__sensor.a
[brox:rw] [238/388] Building C object zephyr/subsys/crc/CMakeFiles/subsys__crc.dir/crc7_sw.c.obj
[brox:rw] [239/388] Building C object zephyr/subsys/crc/CMakeFiles/subsys__crc.dir/crc24_sw.c.obj
[mtlrvpp_npcx:ro] [177/412] Building C object zephyr/drivers/pinctrl/CMakeFiles/drivers__pinctrl.dir/pinctrl_npcx.c.obj
[brox:rw] [240/388] Building C object zephyr/subsys/crc/CMakeFiles/subsys__crc.dir/crc32c_sw.c.obj
[brox:rw] [241/388] Building C object zephyr/subsys/crc/CMakeFiles/subsys__crc.dir/crc32_sw.c.obj
[brox:rw] [242/388] Building C object zephyr/lib/smf/CMakeFiles/lib__smf.dir/smf.c.obj
[mtlrvpp_npcx:ro] [178/412] Linking C static library zephyr/drivers/pinctrl/libdrivers__pinctrl.a
[brox:rw] [243/388] Linking C static library zephyr/lib/smf/liblib__smf.a
[mtlrvpp_npcx:rw] [336/412] Building C object CMakeFiles/app.dir/mnt/host/source/src/platform/ec/build/zephyr/mtlrvpp_npcx/modules/ec/driver/usb_mux/virtual.c.obj
[mtlrvpp_npcx:ro] [179/412] Building C object zephyr/drivers/pwm/CMakeFiles/drivers__pwm.dir/pwm_shell.c.obj
[brox:rw] [244/388] Building C object zephyr/subsys/crc/CMakeFiles/subsys__crc.dir/crc32k_4_2_sw.c.obj
[mtlrvpp_npcx:rw] [337/412] Building C object CMakeFiles/app.dir/mnt/host/source/src/platform/ec/build/zephyr/mtlrvpp_npcx/modules/ec/driver/retimer/bb_retimer.c.obj
[mtlrvpp_npcx:rw] [338/412] Building C object CMakeFiles/app.dir/mnt/host/source/src/platform/ec/build/zephyr/mtlrvpp_npcx/modules/ec/common/usbc/usb_pd_console.c.obj
[brox:rw] [245/388] Linking C static library zephyr/subsys/crc/libsubsys__crc.a
[mtlrvpp_npcx:rw] [339/412] Building C object CMakeFiles/app.dir/mnt/host/source/src/platform/ec/build/zephyr/mtlrvpp_npcx/modules/ec/driver/usb_mux/usb_mux.c.obj
[brox:rw] [246/388] Building C object zephyr/subsys/input/CMakeFiles/subsys__input.dir/input_hid.c.obj
[mtlrvpp_npcx:ro] [180/412] Building C object zephyr/drivers/pwm/CMakeFiles/drivers__pwm.dir/pwm_npcx.c.obj
[mtlrvpp_npcx:ro] [181/412] Linking C static library zephyr/drivers/pwm/libdrivers__pwm.a
[mtlrvpp_npcx:ro] [182/412] Building C object zephyr/drivers/sensor/nuvoton/nuvoton_tach_npcx/CMakeFiles/drivers__sensor__nuvoton__nuvoton_tach_npcx.dir/tach_nuvoton_npcx.c.obj
[/mnt/host/source/src/platform/ec/build/zephyr/riven-lcov]   /mnt/host/source/src/platform/ec/build/zephyr/riven/build-rw/zephyr/drivers/sensor/CMakeFiles/drivers__sensor.dir/mnt/host/source/src/third_party/zephyr/main/misc/empty_file.c.gcno:no functions found
[/mnt/host/source/src/platform/ec/build/zephyr/riven-lcov] Filter suppressions 'region':
[mtlrvpp_npcx:ro] [183/412] Linking C static library zephyr/drivers/sensor/nuvoton/nuvoton_tach_npcx/libdrivers__sensor__nuvoton__nuvoton_tach_npcx.a
[brox:rw] [247/388] Building C object zephyr/subsys/input/CMakeFiles/subsys__input.dir/input.c.obj
[/mnt/host/source/src/platform/ec/build/zephyr/riven-lcov]     38 instances
[/mnt/host/source/src/platform/ec/build/zephyr/riven-lcov]     34 coverpoints
[/mnt/host/source/src/platform/ec/build/zephyr/riven-lcov] Message summary:
[/mnt/host/source/src/platform/ec/build/zephyr/riven-lcov]   31 ignore messages:
[/mnt/host/source/src/platform/ec/build/zephyr/riven-lcov]     gcov: 31
Toolchain <zmake.toolchains.LlvmToolchain object at 0x7f41207d4d50> selected by probe function.
[buccaneer] Building in /mnt/host/source/src/platform/ec/build/zephyr/buccaneer.
[mtlrvpp_npcx:ro] [184/412] Building C object zephyr/drivers/syscon/CMakeFiles/drivers__syscon.dir/syscon.c.obj
[mtlrvpp_npcx:ro] [185/412] Linking C static library zephyr/drivers/syscon/libdrivers__syscon.a
[mtlrvpp_npcx:ro] [186/412] Building C object zephyr/drivers/serial/CMakeFiles/drivers__serial.dir/uart_npcx.c.obj
[pujjo:ro] warning: PLATFORM_EC_OCPC_DEF_RBATT_MOHMS (defined at
[pujjo:ro] /mnt/host/source/src/platform/ec/zephyr/Kconfig.charger:279) was assigned the value '22' but got the
[pujjo:ro] value ''. Check these unsatisfied dependencies: PLATFORM_EC_OCPC (=n). See
[pujjo:ro] http://docs.zephyrproject.org/latest/kconfig.html#CONFIG_PLATFORM_EC_OCPC_DEF_RBATT_MOHMS and/or
[pujjo:ro] look up PLATFORM_EC_OCPC_DEF_RBATT_MOHMS in the menuconfig/guiconfig interface. The Application
[pujjo:ro] Development Primer, Setting Configuration Values, and Kconfig - Tips and Best Practices sections of
[pujjo:ro] the manual might be helpful too.
[pujjo:ro] warning: PLATFORM_EC_OCPC_DEF_DRIVELIMIT_MILLIVOLTS (defined at
[pujjo:ro] /mnt/host/source/src/platform/ec/zephyr/Kconfig.charger:288) was assigned the value '200' but got
[pujjo:ro] the value ''. Check these unsatisfied dependencies: PLATFORM_EC_OCPC (=n). See
[pujjo:ro] http://docs.zephyrproject.org/latest/kconfig.html#CONFIG_PLATFORM_EC_OCPC_DEF_DRIVELIMIT_MILLIVOLTS
[pujjo:ro] and/or look up PLATFORM_EC_OCPC_DEF_DRIVELIMIT_MILLIVOLTS in the menuconfig/guiconfig interface. The
[pujjo:ro] Application Development Primer, Setting Configuration Values, and Kconfig - Tips and Best Practices
[pujjo:ro] sections of the manual might be helpful too.
[pujjo:ro] warning: Deprecated symbol I2C_ALLOW_NO_STOP_TRANSACTIONS is enabled.
[brox:rw] [248/388] Building C object zephyr/subsys/input/CMakeFiles/subsys__input.dir/input_utils.c.obj
[mtlrvpp_npcx:rw] [340/412] Building C object CMakeFiles/app.dir/mnt/host/source/src/platform/ec/build/zephyr/mtlrvpp_npcx/modules/ec/common/usbc/usb_tc_drp_acc_trysrc_sm.c.obj
[mtlrvpp_npcx:ro] [187/412] Linking C static library zephyr/drivers/serial/libdrivers__serial.a
[brox:rw] [249/388] Linking C static library zephyr/subsys/input/libsubsys__input.a
[brox:rw] [250/388] Building C object zephyr/drivers/interrupt_controller/CMakeFiles/drivers__interrupt_controller.dir/intc_ite_it8xxx2_v2.c.obj
[mtlrvpp_npcx:ro] [188/412] Building C object zephyr/drivers/timer/CMakeFiles/drivers__timer.dir/sys_clock_init.c.obj
[mtlrvpp_npcx:rw] [341/412] Building C object CMakeFiles/app.dir/mnt/host/source/src/platform/ec/build/zephyr/mtlrvpp_npcx/modules/ec/common/usbc/usb_prl_sm.c.obj
[mtlrvpp_npcx:rw] [342/412] Building C object CMakeFiles/app.dir/mnt/host/source/src/platform/ec/build/zephyr/mtlrvpp_npcx/modules/ec/common/usbc/usbc_pd_policy.c.obj
[mtlrvpp_npcx:rw] [343/412] Building C object CMakeFiles/app.dir/mnt/host/source/src/platform/ec/build/zephyr/mtlrvpp_npcx/modules/ec/common/usbc/usb_pd_dpm.c.obj
[pujjo:ro] Parsing /mnt/host/source/src/platform/ec/zephyr/program/nissa/Kconfig
[mtlrvpp_npcx:ro] [189/412] Building C object zephyr/drivers/timer/CMakeFiles/drivers__timer.dir/npcx_itim_timer.c.obj
[brox:rw] [251/388] Building C object zephyr/drivers/interrupt_controller/CMakeFiles/drivers__interrupt_controller.dir/wuc_ite_it8xxx2.c.obj
[brox:rw] [252/388] Linking C static library zephyr/drivers/interrupt_controller/libdrivers__interrupt_controller.a
[mtlrvpp_npcx:ro] [190/412] Linking C static library zephyr/drivers/timer/libdrivers__timer.a
[mtlrvpp_npcx:rw] [344/412] Building C object CMakeFiles/app.dir/mnt/host/source/src/platform/ec/build/zephyr/mtlrvpp_npcx/modules/ec/common/usbc/usb_pe_drp_sm.c.obj
[mtlrvpp_npcx:ro] [191/412] Building C object zephyr/drivers/watchdog/CMakeFiles/drivers__watchdog.dir/wdt_npcx.c.obj
[brox:rw] [253/388] Building C object zephyr/drivers/adc/CMakeFiles/drivers__adc.dir/adc_common.c.obj
[mtlrvpp_npcx:rw] [345/412] Building C object CMakeFiles/app.dir/mnt/host/source/src/platform/ec/build/zephyr/mtlrvpp_npcx/modules/ec/common/usbc/dp_alt_mode.c.obj
[mtlrvpp_npcx:ro] [192/412] Building C object zephyr/drivers/watchdog/CMakeFiles/drivers__watchdog.dir/wdt_shell.c.obj
[mtlrvpp_npcx:rw] [346/412] Building C object CMakeFiles/app.dir/mnt/host/source/src/platform/ec/build/zephyr/mtlrvpp_npcx/modules/ec/common/usbc/usb_mode.c.obj
[mtlrvpp_npcx:ro] [193/412] Linking C static library zephyr/drivers/watchdog/libdrivers__watchdog.a
[brox:rw] [254/388] Building C object zephyr/drivers/adc/CMakeFiles/drivers__adc.dir/adc_ite_it8xxx2.c.obj
[mtlrvpp_npcx:ro] [194/412] Building C object modules/ec/zephyr/CMakeFiles/ec_shim.dir/app/ec/ec_app_main.c.obj
[brox:rw] [255/388] Linking C static library zephyr/drivers/adc/libdrivers__adc.a
[brox:rw] [256/388] Building C object zephyr/drivers/bbram/CMakeFiles/drivers__bbram.dir/bbram_it8xxx2.c.obj
[mtlrvpp_npcx:rw] [347/412] Building C object CMakeFiles/app.dir/mnt/host/source/src/platform/ec/build/zephyr/mtlrvpp_npcx/modules/ec/common/usbc/tbt_alt_mode.c.obj
[brox:rw] [257/388] Linking C static library zephyr/drivers/bbram/libdrivers__bbram.a
[mtlrvpp_npcx:rw] [348/412] Building C object CMakeFiles/app.dir/mnt/host/source/src/platform/ec/build/zephyr/mtlrvpp_npcx/modules/ec/common/usbc/usb_retimer_fw_update.c.obj
[mtlrvpp_npcx:ro] [195/412] Building C object modules/ec/zephyr/CMakeFiles/ec_shim.dir/app/ec/main_shim.c.obj
[mtlrvpp_npcx:rw] [349/412] Building C object CMakeFiles/app.dir/mnt/host/source/src/platform/ec/build/zephyr/mtlrvpp_npcx/modules/ec/common/usb_pd_console_cmd.c.obj
[pujjo:ro] Loaded configuration '/mnt/host/source/src/platform/ec/zephyr/boards/google/npcx9/npcx9_npcx9m3f_defconfig'
[pujjo:ro] Merged configuration '/mnt/host/source/src/platform/ec/zephyr/program/nissa/program.conf'
[pujjo:ro] Merged configuration '/mnt/host/source/src/platform/ec/zephyr/program/nissa/npcx_program.conf'
[pujjo:ro] Merged configuration '/mnt/host/source/src/platform/ec/zephyr/program/nissa/pujjo/project.conf'
[pujjo:ro] Merged configuration '/mnt/host/source/src/platform/ec/build/zephyr/pujjo/kconfig-ro.conf'
[pujjo:ro] Configuration saved to '/mnt/host/source/src/platform/ec/build/zephyr/pujjo/build-ro/zephyr/.config'
[pujjo:ro] Kconfig header saved to '/mnt/host/source/src/platform/ec/build/zephyr/pujjo/build-ro/zephyr/include/generated/zephyr/autoconf.h'
[pujjo:ro] -- Found GnuLd: /home/jpmurphy/.cache/coreboot-sdk/arm-eabi/ea40ddd1d190c3b48435c474c0b545719371813a/arm-eabi/bin/ld.bfd (found version "2.43.1")
[brox:rw] [258/388] Building C object zephyr/drivers/console/CMakeFiles/drivers__console.dir/uart_console.c.obj
[brox:rw] [259/388] Linking C static library zephyr/drivers/console/libdrivers__console.a
[mtlrvpp_npcx:rw] [350/412] Building C object CMakeFiles/app.dir/mnt/host/source/src/platform/ec/build/zephyr/mtlrvpp_npcx/modules/ec/common/usb_pd_host_cmd.c.obj
[pujjo:ro] -- The C compiler identification is GNU 14.2.0
[mtlrvpp_npcx:ro] [196/412] Building C object modules/ec/zephyr/CMakeFiles/ec_shim.dir/drivers/cros_flash/cros_flash_npcx.c.obj
[mtlrvpp_npcx:rw] [351/412] Building C object CMakeFiles/app.dir/mnt/host/source/src/platform/ec/build/zephyr/mtlrvpp_npcx/modules/ec/common/usbc/usb_pd_host.c.obj
[mtlrvpp_npcx:ro] [197/412] Building C object modules/ec/zephyr/CMakeFiles/ec_shim.dir/drivers/cros_rtc/cros_rtc_npcx.c.obj
[mtlrvpp_npcx:rw] [352/412] Building C object CMakeFiles/app.dir/mnt/host/source/src/platform/ec/build/zephyr/mtlrvpp_npcx/modules/ec/zephyr/shim/src/tcpc.c.obj
[brox:rw] [260/388] Building C object zephyr/drivers/crypto/CMakeFiles/drivers__crypto.dir/crypto_it8xxx2_sha_v2.c.obj
[pujjo:ro] -- The CXX compiler identification is GNU 14.2.0
[brox:rw] [261/388] Linking C static library zephyr/drivers/crypto/libdrivers__crypto.a
[mtlrvpp_npcx:ro] [198/412] Building C object modules/ec/zephyr/CMakeFiles/ec_shim.dir/drivers/cros_system/cros_system_npcx.c.obj
[pujjo:ro] -- The ASM compiler identification is GNU
[pujjo:ro] -- Found assembler: /home/jpmurphy/.cache/coreboot-sdk/arm-eabi/ea40ddd1d190c3b48435c474c0b545719371813a/bin/arm-eabi-gcc
[pujjo:ro] CMake Warning at /mnt/host/source/src/platform/ec/zephyr/cmake/linker/ld/linker_libraries.cmake:11 (message):
[pujjo:ro]   Disabling c_library
[pujjo:ro] Call Stack (most recent call first):
[pujjo:ro]   /mnt/host/source/src/third_party/zephyr/main/cmake/target_toolchain_flags.cmake:48 (include)
[pujjo:ro]   /mnt/host/source/src/third_party/zephyr/main/cmake/modules/kernel.cmake:153 (include)
[pujjo:ro]   /mnt/host/source/src/third_party/zephyr/main/cmake/modules/zephyr_default.cmake:138 (include)
[pujjo:ro]   /mnt/host/source/src/third_party/zephyr/main/share/zephyr-package/cmake/ZephyrConfig.cmake:66 (include)
[pujjo:ro]   /mnt/host/source/src/third_party/zephyr/main/share/zephyr-package/cmake/ZephyrConfig.cmake:97 (include_boilerplate)
[pujjo:ro]   CMakeLists.txt:7 (find_package)
[mtlrvpp_npcx:rw] [353/412] Building C object CMakeFiles/app.dir/mnt/host/source/src/platform/ec/build/zephyr/mtlrvpp_npcx/modules/ec/common/usbc_ocp.c.obj
[mtlrvpp_npcx:rw] [354/412] Building C object CMakeFiles/app.dir/mnt/host/source/src/platform/ec/build/zephyr/mtlrvpp_npcx/modules/ec/common/usb_pd_host_cmd_common.c.obj
[brox:rw] [262/388] Building C object zephyr/drivers/flash/CMakeFiles/drivers__flash.dir/flash_ite_it8xxx2.c.obj
[mtlrvpp_npcx:ro] [199/412] Building C object modules/ec/zephyr/CMakeFiles/ec_shim.dir/drivers/vivaldi_kbd/vivaldi_kbd.c.obj
[mtlrvpp_npcx:rw] [355/412] Building C object CMakeFiles/app.dir/mnt/host/source/src/platform/ec/build/zephyr/mtlrvpp_npcx/modules/ec/common/usb_pd_discovery.c.obj
[brox:rw] [263/388] Building C object zephyr/drivers/espi/CMakeFiles/drivers__espi.dir/espi_it8xxx2.c.obj
[brox:rw] [264/388] Linking C static library zephyr/drivers/flash/libdrivers__flash.a
[mtlrvpp_npcx:ro] [200/412] Building C object modules/ec/zephyr/CMakeFiles/ec_shim.dir/shim/chip/npcx/clock.c.obj
[brox:rw] [265/388] Linking C static library zephyr/drivers/espi/libdrivers__espi.a
[mtlrvpp_npcx:rw] [356/412] Building C object CMakeFiles/app.dir/mnt/host/source/src/platform/ec/build/zephyr/mtlrvpp_npcx/modules/ec/common/usb_pd_dual_role.c.obj
[mtlrvpp_npcx:ro] [201/412] Building C object modules/ec/zephyr/CMakeFiles/ec_shim.dir/shim/chip/npcx/gpio.c.obj
[mtlrvpp_npcx:rw] [357/412] Building C object CMakeFiles/app.dir/mnt/host/source/src/platform/ec/build/zephyr/mtlrvpp_npcx/modules/ec/driver/tcpm/ccgxxf.c.obj
[mtlrvpp_npcx:ro] [202/412] Building C object modules/ec/zephyr/CMakeFiles/ec_shim.dir/shim/chip/npcx/rom_chip.c.obj
[mtlrvpp_npcx:rw] [358/412] Building C object CMakeFiles/app.dir/mnt/host/source/src/platform/ec/build/zephyr/mtlrvpp_npcx/modules/ec/driver/tcpm/nct38xx.c.obj
[pujjo:ro] -- Performing EC specific devicetree checks
[brox:rw] [266/388] Building C object zephyr/drivers/i2c/CMakeFiles/drivers__i2c.dir/i2c_common.c.obj
[brox:rw] [267/388] Building C object zephyr/drivers/i2c/CMakeFiles/drivers__i2c.dir/i2c_bitbang.c.obj
[mtlrvpp_npcx:rw] [359/412] Building C object CMakeFiles/app.dir/mnt/host/source/src/platform/ec/build/zephyr/mtlrvpp_npcx/modules/ec/common/usbc_ppc.c.obj
[pujjo:ro] INFO: Verified 59 GPIOs, no duplicates found
[pujjo:ro] INFO: Verified 16 '*-gpios' properties, all flags match.
[pujjo:ro] INFO: Skipped 18 named-gpios children.
[mtlrvpp_npcx:rw] [360/412] Building C object CMakeFiles/app.dir/mnt/host/source/src/platform/ec/build/zephyr/mtlrvpp_npcx/modules/ec/driver/ppc/sn5s330.c.obj
[mtlrvpp_npcx:ro] [203/412] Building C object modules/ec/zephyr/CMakeFiles/ec_shim.dir/shim/chip/npcx/system.c.obj
[mtlrvpp_npcx:rw] [361/412] Building C object CMakeFiles/app.dir/mnt/host/source/src/platform/ec/build/zephyr/mtlrvpp_npcx/modules/ec/driver/tcpm/tcpci.c.obj
[mtlrvpp_npcx:ro] [204/412] Building C object modules/ec/zephyr/CMakeFiles/ec_shim.dir/shim/chip/npcx/system_external_storage.c.obj
[mtlrvpp_npcx:ro] [205/412] Building C object modules/ec/zephyr/CMakeFiles/ec_shim.dir/shim/chip/npcx/system_download_from_flash.c.obj
[pujjo:ro] -- Generating component manifest file
[brox:rw] [268/388] Building C object zephyr/drivers/gpio/CMakeFiles/drivers__gpio.dir/gpio_ite_it8xxx2_v2.c.obj
[brox:rw] [269/388] Linking C static library zephyr/drivers/gpio/libdrivers__gpio.a
[mtlrvpp_npcx:rw] [362/412] Building C object CMakeFiles/app.dir/mnt/host/source/src/platform/ec/build/zephyr/mtlrvpp_npcx/modules/ec/common/vboot_hash.c.obj
[mtlrvpp_npcx:rw] [363/412] Building C object CMakeFiles/app.dir/mnt/host/source/src/platform/ec/build/zephyr/mtlrvpp_npcx/modules/ec/common/button.c.obj
[pujjo:ro] INFO: Running CME, outputting to /mnt/host/source/src/platform/ec/build/zephyr/pujjo/build-ro/zephyr/component_manifest.json
[pujjo:ro] INFO: Component virtual-mux-0(cros-ec,usbc-mux-virtual) not on I2C bus, skip it
[pujjo:ro] -- warning_base_override: -Wall;-Wformat;-Wformat-security;-Wformat;-Wno-format-zero-length;-Wno-pointer-sign;-Wpointer-arith;-Wexpansion-to-defined
[mtlrvpp_npcx:ro] [206/412] Building C object modules/ec/zephyr/CMakeFiles/ec_shim.dir/shim/chip/npcx/power_policy.c.obj
[mtlrvpp_npcx:rw] [364/412] Building C object CMakeFiles/app.dir/mnt/host/source/src/platform/ec/build/zephyr/mtlrvpp_npcx/modules/ec/common/vboot/efs2.c.obj
[brox:rw] [270/388] Building C object zephyr/drivers/i2c/CMakeFiles/drivers__i2c.dir/i2c_shell.c.obj
[mtlrvpp_npcx:ro] [207/412] Building C object modules/ec/zephyr/CMakeFiles/ec_shim.dir/shim/src/crc.c.obj
[mtlrvpp_npcx:rw] [365/412] Building C object CMakeFiles/app.dir/mnt/host/source/src/platform/ec/build/zephyr/mtlrvpp_npcx/modules/ec/common/rtc.c.obj
[brox:rw] [271/388] Building C object zephyr/drivers/i2c/CMakeFiles/drivers__i2c.dir/i2c_ite_enhance.c.obj
[mtlrvpp_npcx:ro] [208/412] Building C object modules/ec/zephyr/CMakeFiles/ec_shim.dir/shim/core/cortex-m/mpu.c.obj
[mtlrvpp_npcx:rw] [366/412] Building C object CMakeFiles/app.dir/mnt/host/source/src/platform/ec/build/zephyr/mtlrvpp_npcx/modules/ec/common/math_util.c.obj
[mtlrvpp_npcx:rw] [367/412] Building C object CMakeFiles/app.dir/mnt/host/source/src/platform/ec/build/zephyr/mtlrvpp_npcx/modules/ec/common/vstore.c.obj
[mtlrvpp_npcx:ro] [209/412] Building C object modules/ec/zephyr/CMakeFiles/ec_shim.dir/shim/core/cortex-m/panic.c.obj
[pujjo:ro] -- Found gen_kobject_list: /mnt/host/source/src/third_party/zephyr/main/scripts/build/gen_kobject_list.py
[brox:rw] [272/388] Linking C static library zephyr/drivers/i2c/libdrivers__i2c.a
[brox:rw] [273/388] Building C object zephyr/drivers/input/CMakeFiles/drivers__input.dir/input_ite_it8xxx2_kbd.c.obj
[mtlrvpp_npcx:ro] [210/412] Building C object modules/ec/zephyr/CMakeFiles/ec_shim.dir/shim/src/console.c.obj
[/mnt/host/source/src/platform/ec/build/zephyr/rex-lcov]   /mnt/host/source/src/platform/ec/build/zephyr/rex/build-rw/zephyr/CMakeFiles/zephyr.dir/soc/nuvoton/npcx/common/npcxn/registers.c.gcno:no functions found
[/mnt/host/source/src/platform/ec/build/zephyr/rex-lcov] stderr:
[pujjo:ro] -- Configuring done (16.2s)
[mtlrvpp_npcx:rw] [368/412] Building C object CMakeFiles/app.dir/mnt/host/source/src/platform/ec/build/zephyr/mtlrvpp_npcx/modules/ec/driver/led/max695x.c.obj
[mtlrvpp_npcx:rw] [369/412] Building C object CMakeFiles/app.dir/src/intelrvp.c.obj
[mtlrvpp_npcx:rw] [370/412] Building C object CMakeFiles/app.dir/src/intel_rvp_board_id.c.obj
[brox:rw] [274/388] Building C object zephyr/drivers/input/CMakeFiles/drivers__input.dir/input_kbd_matrix.c.obj
[brox:rw] [275/388] Linking C static library zephyr/drivers/input/libdrivers__input.a
[brox:rw] [276/388] Building C object zephyr/drivers/pinctrl/CMakeFiles/drivers__pinctrl.dir/common.c.obj
[mtlrvpp_npcx:rw] [371/412] Building C object CMakeFiles/app.dir/mtlrvp/src/board_id.c.obj
[/mnt/host/source/src/platform/ec/build/zephyr/ocicat-lcov]   /mnt/host/source/src/platform/ec/build/zephyr/ocicat/build-ro/modules/ec/zephyr/CMakeFiles/ec_shim.dir/drivers/keyboard_input/keyboard_customization_check.c.gcno:no functions found
[/mnt/host/source/src/platform/ec/build/zephyr/ocicat-lcov] stderr:
[pujjo:ro] -- Generating done (0.5s)
[pujjo:ro] CMake Warning:
[pujjo:ro] -- Build files have been written to: /mnt/host/source/src/platform/ec/build/zephyr/pujjo/build-ro
[mtlrvpp_npcx:rw] [372/412] Building C object CMakeFiles/app.dir/mtlrvp/src/board_power.c.obj
[mtlrvpp_npcx:rw] [373/412] Building C object CMakeFiles/app.dir/mtlrvp/src/common.c.obj
[mtlrvpp_npcx:ro] [211/412] Building C object modules/ec/zephyr/CMakeFiles/ec_shim.dir/shim/src/gpio_int.c.obj
[mtlrvpp_npcx:ro] [212/412] Building C object modules/ec/zephyr/CMakeFiles/ec_shim.dir/shim/src/panic_utils.c.obj
[mtlrvpp_npcx:ro] [213/412] Building C object modules/ec/zephyr/CMakeFiles/ec_shim.dir/shim/src/gpio.c.obj
[pujjo:ro]   Manually-specified variables were not used by the project:
[pujjo:ro]     COREBOOT_SDK_ROOT_libstdcxx_riscv64
[pujjo:ro]     COREBOOT_SDK_ROOT_libstdcxx_x86
[mtlrvpp_npcx:rw] [374/412] Linking C static library modules/ec/zephyr/libec_shim.a
[pujjo:ro]     COREBOOT_SDK_ROOT_nds32
[pujjo:ro]     COREBOOT_SDK_ROOT_picolibc_riscv64
[pujjo:ro]     COREBOOT_SDK_ROOT_picolibc_x86
[pujjo:ro]     COREBOOT_SDK_ROOT_riscv
[pujjo:ro]     COREBOOT_SDK_ROOT_riscv64
[pujjo:ro]     COREBOOT_SDK_ROOT_x86
[mtlrvpp_npcx:ro] [214/412] Building C object modules/ec/zephyr/CMakeFiles/ec_shim.dir/shim/src/pm_state.c.obj
[brox:rw] [277/388] Building C object zephyr/drivers/pinctrl/CMakeFiles/drivers__pinctrl.dir/pinctrl_ite_it8xxx2.c.obj
[brox:rw] [278/388] Linking C static library zephyr/drivers/pinctrl/libdrivers__pinctrl.a
[mtlrvpp_npcx:ro] [215/412] Building ASM object modules/ec/zephyr/CMakeFiles/ec_shim.dir/shim/src/libgcc_arm.S.obj
[brox:rw] [279/388] Building C object zephyr/drivers/sensor/CMakeFiles/drivers__sensor.dir/mnt/host/source/src/third_party/zephyr/main/misc/empty_file.c.obj
[brox:rw] [280/388] Building C object zephyr/drivers/pwm/CMakeFiles/drivers__pwm.dir/pwm_shell.c.obj
[mtlrvpp_npcx:rw] [375/412] Building C object CMakeFiles/app.dir/mtlrvp/src/tcpc.c.obj
[brox:rw] [281/388] Building C object zephyr/drivers/pwm/CMakeFiles/drivers__pwm.dir/pwm_ite_it8xxx2.c.obj
[brox:rw] [282/388] Linking C static library zephyr/drivers/sensor/libdrivers__sensor.a
[brox:rw] [283/388] Linking C static library zephyr/drivers/pwm/libdrivers__pwm.a
[mtlrvpp_npcx:rw] [376/412] Building C object CMakeFiles/app.dir/src/usb_pd_policy_mecc_1_1.c.obj
[mtlrvpp_npcx:rw] [377/412] Building C object CMakeFiles/app.dir/src/chg_usb_pd_mecc_1_1.c.obj
[mtlrvpp_npcx:rw] [378/412] Building C object zephyr/kernel/CMakeFiles/kernel.dir/busy_wait.c.obj
[mtlrvpp_npcx:rw] [379/412] Building C object zephyr/kernel/CMakeFiles/kernel.dir/banner.c.obj
[mtlrvpp_npcx:rw] [380/412] Building C object CMakeFiles/app.dir/src/dc_jack.c.obj
[mtlrvpp_npcx:rw] [381/412] Building C object CMakeFiles/app.dir/src/chg_usb_tcpc.c.obj
[mtlrvpp_npcx:ro] [216/412] Building C object modules/ec/zephyr/CMakeFiles/ec_shim.dir/shim/src/cbi/cros_cbi.c.obj
[mtlrvpp_npcx:rw] [382/412] Linking C static library app/libapp.a
[mtlrvpp_npcx:ro] [217/412] Building C object modules/ec/zephyr/CMakeFiles/ec_shim.dir/shim/src/cbi/cbi_eeprom.c.obj
[mtlrvpp_npcx:ro] [218/412] Building C object modules/ec/zephyr/CMakeFiles/ec_shim.dir/shim/src/system.c.obj
[mtlrvpp_npcx:rw] [383/412] Building C object zephyr/kernel/CMakeFiles/kernel.dir/device.c.obj
[brox:rw] [284/388] Building C object zephyr/drivers/sensor/ite/ite_tach_it8xxx2/CMakeFiles/drivers__sensor__ite__ite_tach_it8xxx2.dir/tach_ite_it8xxx2.c.obj
[mtlrvpp_npcx:rw] [384/412] Building C object zephyr/kernel/CMakeFiles/kernel.dir/errno.c.obj
[mtlrvpp_npcx:ro] [219/412] Building C object modules/ec/zephyr/CMakeFiles/ec_shim.dir/shim/src/adc.c.obj
[brox:rw] [285/388] Linking C static library zephyr/drivers/sensor/ite/ite_tach_it8xxx2/libdrivers__sensor__ite__ite_tach_it8xxx2.a
[mtlrvpp_npcx:rw] [385/412] Building C object zephyr/kernel/CMakeFiles/kernel.dir/version.c.obj
[brox:rw] [286/388] Building C object zephyr/drivers/sensor/ite/ite_vcmp_it8xxx2/CMakeFiles/drivers__sensor__ite__ite_vcmp_it8xxx2.dir/vcmp_ite_it8xxx2.c.obj
[brox:rw] [287/388] Building C object zephyr/drivers/serial/CMakeFiles/drivers__serial.dir/uart_ite_it8xxx2.c.obj
[brox:rw] [288/388] Linking C static library zephyr/drivers/sensor/ite/ite_vcmp_it8xxx2/libdrivers__sensor__ite__ite_vcmp_it8xxx2.a
[mtlrvpp_npcx:rw] [386/412] Building C object zephyr/kernel/CMakeFiles/kernel.dir/fatal.c.obj
[mtlrvpp_npcx:rw] [387/412] Building C object zephyr/kernel/CMakeFiles/kernel.dir/init.c.obj
[mtlrvpp_npcx:rw] [388/412] Building C object zephyr/kernel/CMakeFiles/kernel.dir/mem_slab.c.obj
[mtlrvpp_npcx:rw] [389/412] Building C object zephyr/kernel/CMakeFiles/kernel.dir/float.c.obj
[mtlrvpp_npcx:rw] [390/412] Building C object zephyr/kernel/CMakeFiles/kernel.dir/kheap.c.obj
[mtlrvpp_npcx:ro] [220/412] Building C object modules/ec/zephyr/CMakeFiles/ec_shim.dir/shim/src/battery.c.obj
[mtlrvpp_npcx:ro] [221/412] Building C object modules/ec/zephyr/CMakeFiles/ec_shim.dir/shim/src/charger.c.obj
[mtlrvpp_npcx:ro] [222/412] Building C object modules/ec/zephyr/CMakeFiles/ec_shim.dir/shim/src/chipset_api.c.obj
[brox:rw] [289/388] Building C object zephyr/drivers/timer/CMakeFiles/drivers__timer.dir/sys_clock_init.c.obj
[brox:rw] [290/388] Building C object zephyr/drivers/serial/CMakeFiles/drivers__serial.dir/uart_ns16550.c.obj
[brox:rw] [291/388] Building C object zephyr/drivers/timer/CMakeFiles/drivers__timer.dir/ite_it8xxx2_timer.c.obj
[mtlrvpp_npcx:rw] [391/412] Building C object zephyr/kernel/CMakeFiles/kernel.dir/idle.c.obj
[mtlrvpp_npcx:rw] [392/412] Building C object zephyr/kernel/CMakeFiles/kernel.dir/mailbox.c.obj
[brox:rw] [292/388] Linking C static library zephyr/drivers/serial/libdrivers__serial.a
[mtlrvpp_npcx:rw] [393/412] Building C object zephyr/kernel/CMakeFiles/kernel.dir/msg_q.c.obj
[mtlrvpp_npcx:rw] [394/412] Building C object zephyr/kernel/CMakeFiles/kernel.dir/sem.c.obj
[brox:rw] [293/388] Linking C static library zephyr/drivers/timer/libdrivers__timer.a
[mtlrvpp_npcx:rw] [395/412] Building C object zephyr/kernel/CMakeFiles/kernel.dir/queue.c.obj
[mtlrvpp_npcx:rw] [396/412] Building C object zephyr/kernel/CMakeFiles/kernel.dir/mutex.c.obj
[mtlrvpp_npcx:rw] [397/412] Building C object zephyr/kernel/CMakeFiles/kernel.dir/stack.c.obj
[mtlrvpp_npcx:ro] [223/412] Building C object modules/ec/zephyr/CMakeFiles/ec_shim.dir/shim/src/espi.c.obj
[mtlrvpp_npcx:rw] [398/412] Building C object zephyr/kernel/CMakeFiles/kernel.dir/system_work_q.c.obj
[brox:rw] [294/388] Building C object zephyr/drivers/watchdog/CMakeFiles/drivers__watchdog.dir/wdt_ite_it8xxx2.c.obj
[mtlrvpp_npcx:rw] [399/412] Building C object zephyr/kernel/CMakeFiles/kernel.dir/condvar.c.obj
[mtlrvpp_npcx:ro] [224/412] Building C object modules/ec/zephyr/CMakeFiles/ec_shim.dir/shim/src/flash.c.obj
[brox:rw] [295/388] Building C object zephyr/drivers/watchdog/CMakeFiles/drivers__watchdog.dir/wdt_shell.c.obj
[mtlrvpp_npcx:ro] [225/412] Building C object modules/ec/zephyr/CMakeFiles/ec_shim.dir/shim/src/fan.c.obj
[brox:rw] [296/388] Linking C static library zephyr/drivers/watchdog/libdrivers__watchdog.a
[mtlrvpp_npcx:ro] [226/412] Building C object modules/ec/zephyr/CMakeFiles/ec_shim.dir/shim/src/hooks.c.obj
[mtlrvpp_npcx:rw] [400/412] Building C object zephyr/kernel/CMakeFiles/kernel.dir/spinlock_validate.c.obj
[mtlrvpp_npcx:rw] [401/412] Building C object zephyr/kernel/CMakeFiles/kernel.dir/thread.c.obj
[mtlrvpp_npcx:rw] [402/412] Building C object zephyr/kernel/CMakeFiles/kernel.dir/work.c.obj
[mtlrvpp_npcx:rw] [403/412] Building C object zephyr/kernel/CMakeFiles/kernel.dir/pipe.c.obj
[mtlrvpp_npcx:rw] [404/412] Building C object zephyr/kernel/CMakeFiles/kernel.dir/sched.c.obj
[brox:rw] [297/388] Building C object modules/ec/zephyr/CMakeFiles/ec_shim.dir/app/ec/ec_app_main.c.obj
[mtlrvpp_npcx:ro] [227/412] Building C object modules/ec/zephyr/CMakeFiles/ec_shim.dir/shim/src/host_command.c.obj
[mtlrvpp_npcx:rw] [405/412] Building C object zephyr/kernel/CMakeFiles/kernel.dir/thread_monitor.c.obj
[mtlrvpp_npcx:rw] [406/412] Building C object zephyr/kernel/CMakeFiles/kernel.dir/timeout.c.obj
[brox:rw] [298/388] Building C object modules/ec/zephyr/CMakeFiles/ec_shim.dir/app/ec/main_shim.c.obj
[mtlrvpp_npcx:ro] [228/412] Building C object modules/ec/zephyr/CMakeFiles/ec_shim.dir/shim/src/ioex.c.obj
[brox:rw] [299/388] Building C object modules/ec/zephyr/CMakeFiles/ec_shim.dir/app/ec/chip/riscv/riscv-ite/it8xxx2-espi.c.obj
[mtlrvpp_npcx:rw] [407/412] Building C object zephyr/kernel/CMakeFiles/kernel.dir/timer.c.obj
[mtlrvpp_npcx:rw] [408/412] Building C object zephyr/kernel/CMakeFiles/kernel.dir/events.c.obj
[mtlrvpp_npcx:ro] [229/412] Building C object modules/ec/zephyr/CMakeFiles/ec_shim.dir/shim/src/console_buffer.c.obj
[mtlrvpp_npcx:rw] [409/412] Building C object zephyr/kernel/CMakeFiles/kernel.dir/poll.c.obj
[mtlrvpp_npcx:rw] [410/412] Building C object zephyr/kernel/CMakeFiles/kernel.dir/mempool.c.obj
[mtlrvpp_npcx:rw] [411/412] Building C object zephyr/kernel/CMakeFiles/kernel.dir/dynamic_disabled.c.obj
[mtlrvpp_npcx:rw] [412/412] Linking C static library zephyr/kernel/libkernel.a
[mtlrvpp_npcx:ro] [230/412] Building C object modules/ec/zephyr/CMakeFiles/ec_shim.dir/shim/src/ioex_drv.c.obj
[brox:rw] [300/388] Building C object modules/ec/zephyr/CMakeFiles/ec_shim.dir/drivers/cros_flash/cros_flash_it8xxx2.c.obj
[brox:rw] [301/388] Building C object modules/ec/zephyr/CMakeFiles/ec_shim.dir/drivers/keyboard_input/keyboard_customization_check.c.obj
[mtlrvpp_npcx:ro] [231/412] Building C object modules/ec/zephyr/CMakeFiles/ec_shim.dir/shim/src/keyscan.c.obj
[mtlrvpp_npcx:ro] [232/412] Building C object modules/ec/zephyr/CMakeFiles/ec_shim.dir/shim/src/mkbp_event.c.obj
[mtlrvpp_npcx:ro] [233/412] Building C object modules/ec/zephyr/CMakeFiles/ec_shim.dir/shim/src/hwtimer.c.obj
[mtlrvpp_npcx:ro] [234/412] Building C object modules/ec/zephyr/CMakeFiles/ec_shim.dir/shim/src/panic.c.obj
[brox:rw] [302/388] Building C object modules/ec/zephyr/CMakeFiles/ec_shim.dir/drivers/cros_kblight/pwm_kblight.c.obj
[mtlrvpp_npcx:ro] [235/412] Building C object modules/ec/zephyr/CMakeFiles/ec_shim.dir/shim/src/thermal.c.obj
[brox:rw] [303/388] Building C object modules/ec/zephyr/CMakeFiles/ec_shim.dir/drivers/cros_system/cros_system_it8xxx2.c.obj
[brox:rw] [304/388] Building C object modules/ec/zephyr/CMakeFiles/ec_shim.dir/drivers/keyboard_input/keyboard_input.c.obj
[mtlrvpp_npcx:ro] [236/412] Building C object modules/ec/zephyr/CMakeFiles/ec_shim.dir/shim/src/rtc.c.obj
[mtlrvpp_npcx:ro] [237/412] Building C object modules/ec/zephyr/CMakeFiles/ec_shim.dir/shim/src/temp_sensors.c.obj
[brox:rw] [305/388] Building C object modules/ec/zephyr/CMakeFiles/ec_shim.dir/drivers/hibernate/hibernate_z5.c.obj
[brox:rw] [306/388] Building C object modules/ec/zephyr/CMakeFiles/ec_shim.dir/drivers/keyboard_input/col_gpio_drive.c.obj
[brox:rw] [307/388] Building C object modules/ec/zephyr/CMakeFiles/ec_shim.dir/drivers/keyboard_factory_test/keyboard_factory_test.c.obj
[mtlrvpp_npcx:ro] [238/412] Building C object modules/ec/zephyr/CMakeFiles/ec_shim.dir/shim/src/i2c.c.obj
[mtlrvpp_npcx:ro] [239/412] cd /mnt/host/source/src/platform/ec/build/zephyr/mtlrvpp_npcx/build-ro/modules/ec/zephyr && PYTHONPATH=/mnt/host/source/src/platform/ec/build/zephyr/mtlrvpp_npcx/modules/ec/zephyr/zmake/ /usr/bin/python3.11 /mnt/host/source/src/platform/ec/build/zephyr/mtlrvpp_npcx/modules/ec/zephyr/zmake/zephyr_build_tools/generate_ec_version.py /mnt/host/source/src/platform/ec/build/zephyr/mtlrvpp_npcx/build-ro/modules/ec/zephyr/include/ec_version.h --name Zephyr-Kernel --version 16543.0.0 --static
[mtlrvpp_npcx:ro] INFO:root:Using a static version string
[mtlrvpp_npcx:ro] INFO:root:Version string: Zephyr-Kernel-16543.0.0
[mtlrvpp_npcx:ro] INFO:root:Writing header to /mnt/host/source/src/platform/ec/build/zephyr/mtlrvpp_npcx/build-ro/modules/ec/zephyr/include/ec_version.h
[mtlrvpp_npcx:ro] [240/412] Building C object CMakeFiles/app.dir/mnt/host/source/src/platform/ec/zephyr/subsys/ap_pwrseq/ap_events.c.obj
[mtlrvpp_npcx:ro] [241/412] Building C object CMakeFiles/app.dir/mnt/host/source/src/platform/ec/zephyr/subsys/ap_pwrseq/ap_power_interface.c.obj
[brox:rw] [308/388] Building C object modules/ec/zephyr/CMakeFiles/ec_shim.dir/drivers/usbc/ucsi_v3.c.obj
[mtlrvpp_npcx:ro] [242/412] Building C object CMakeFiles/app.dir/mnt/host/source/src/platform/ec/zephyr/subsys/ap_pwrseq/power_signals.c.obj
[mtlrvpp_npcx:ro] [243/412] Building C object CMakeFiles/app.dir/mnt/host/source/src/platform/ec/zephyr/subsys/ap_pwrseq/signal_gpio.c.obj
[mtlrvpp_npcx:ro] [244/412] Building C object CMakeFiles/app.dir/mnt/host/source/src/platform/ec/zephyr/subsys/ap_pwrseq/signal_vw.c.obj
[mtlrvpp_npcx:ro] [245/412] Building C object CMakeFiles/app.dir/mnt/host/source/src/platform/ec/zephyr/subsys/ap_pwrseq/power_host_sleep.c.obj
[mtlrvpp_npcx:ro] [246/412] Building C object CMakeFiles/app.dir/mnt/host/source/src/platform/ec/zephyr/subsys/ap_pwrseq/x86_non_dsx_common_pwrseq_sm_handler.c.obj
[mtlrvpp_npcx:ro] [247/412] Building C object CMakeFiles/app.dir/mnt/host/source/src/platform/ec/zephyr/subsys/ap_pwrseq/x86_non_dsx_chipset_power_state.c.obj
[mtlrvpp_npcx:ro] [248/412] Building C object modules/ec/zephyr/CMakeFiles/ec_shim.dir/shim/src/tasks.c.obj
[mtlrvpp_npcx:ro] [249/412] Building C object CMakeFiles/app.dir/mnt/host/source/src/platform/ec/zephyr/subsys/ap_pwrseq/x86_non_dsx_common_pwrseq_host_sleep.c.obj
[mtlrvpp_npcx:ro] [250/412] Building C object CMakeFiles/app.dir/mnt/host/source/src/platform/ec/zephyr/subsys/ap_pwrseq/x86_non_dsx_common_pwrseq_console.c.obj
[mtlrvpp_npcx:ro] [251/412] Building C object CMakeFiles/app.dir/mnt/host/source/src/platform/ec/zephyr/subsys/ap_pwrseq/x86_non_dsx_common_pwrseq_host_command.c.obj
[mtlrvpp_npcx:ro] [252/412] Building C object CMakeFiles/app.dir/mnt/host/source/src/platform/ec/zephyr/subsys/ap_pwrseq/x86_non_dsx_mtl_pwrseq_sm.c.obj
[mtlrvpp_npcx:ro] [253/412] Building C object CMakeFiles/app.dir/mnt/host/source/src/platform/ec/zephyr/subsys/ap_pwrseq/ap_reset_log.c.obj
[mtlrvpp_npcx:ro] [254/412] Building C object CMakeFiles/app.dir/mnt/host/source/src/platform/ec/build/zephyr/mtlrvpp_npcx/modules/ec/builtin/stdlib.c.obj
[mtlrvpp_npcx:ro] [255/412] Building C object CMakeFiles/app.dir/mnt/host/source/src/platform/ec/build/zephyr/mtlrvpp_npcx/modules/ec/common/base32.c.obj
[mtlrvpp_npcx:ro] [256/412] Building C object CMakeFiles/app.dir/mnt/host/source/src/platform/ec/build/zephyr/mtlrvpp_npcx/modules/ec/common/console_output.c.obj
[mtlrvpp_npcx:ro] [257/412] Building C object CMakeFiles/app.dir/mnt/host/source/src/platform/ec/build/zephyr/mtlrvpp_npcx/modules/ec/common/ec_features.c.obj
[mtlrvpp_npcx:ro] [258/412] Building C object CMakeFiles/app.dir/mnt/host/source/src/platform/ec/build/zephyr/mtlrvpp_npcx/modules/ec/common/gpio_commands.c.obj
[mtlrvpp_npcx:ro] [259/412] Building C object CMakeFiles/app.dir/mnt/host/source/src/platform/ec/build/zephyr/mtlrvpp_npcx/modules/ec/common/peripheral.c.obj
[mtlrvpp_npcx:ro] [260/412] Building C object CMakeFiles/app.dir/mnt/host/source/src/platform/ec/build/zephyr/mtlrvpp_npcx/modules/ec/common/printf.c.obj
[mtlrvpp_npcx:ro] [261/412] Building C object modules/ec/zephyr/CMakeFiles/ec_shim.dir/shim/src/watchdog.c.obj
[mtlrvpp_npcx:ro] [262/412] Building C object CMakeFiles/app.dir/mnt/host/source/src/platform/ec/build/zephyr/mtlrvpp_npcx/modules/ec/common/queue.c.obj
[mtlrvpp_npcx:ro] [263/412] Building C object CMakeFiles/app.dir/mnt/host/source/src/platform/ec/build/zephyr/mtlrvpp_npcx/modules/ec/common/system.c.obj
[mtlrvpp_npcx:ro] [264/412] Building C object CMakeFiles/app.dir/mnt/host/source/src/platform/ec/build/zephyr/mtlrvpp_npcx/modules/ec/common/system_boot_time.c.obj
[mtlrvpp_npcx:ro] [265/412] Building C object CMakeFiles/app.dir/mnt/host/source/src/platform/ec/build/zephyr/mtlrvpp_npcx/modules/ec/common/uart_printf.c.obj
[mtlrvpp_npcx:ro] [266/412] Building C object CMakeFiles/app.dir/mnt/host/source/src/platform/ec/build/zephyr/mtlrvpp_npcx/modules/ec/common/util.c.obj
[mtlrvpp_npcx:ro] [267/412] Building C object CMakeFiles/app.dir/mnt/host/source/src/platform/ec/build/zephyr/mtlrvpp_npcx/modules/ec/common/version.c.obj
[mtlrvpp_npcx:ro] [268/412] Building C object modules/ec/zephyr/CMakeFiles/ec_shim.dir/shim/src/ppc.c.obj
[mtlrvpp_npcx:ro] [269/412] Building C object modules/ec/zephyr/CMakeFiles/ec_shim.dir/shim/src/tcpc_nct38xx.c.obj
[mtlrvpp_npcx:ro] [270/412] Building C object CMakeFiles/app.dir/mnt/host/source/src/platform/ec/build/zephyr/mtlrvpp_npcx/modules/ec/common/adc.c.obj
[/mnt/host/source/src/platform/ec/build/zephyr/ocicat-lcov]   /mnt/host/source/src/platform/ec/build/zephyr/ocicat/build-ro/CMakeFiles/app.dir/mnt/host/source/src/platform/ec/build/zephyr/ocicat/modules/ec/common/cbi_config.c.gcno:no functions found
[/mnt/host/source/src/platform/ec/build/zephyr/ocicat-lcov] stderr:
[mtlrvpp_npcx:ro] [271/412] Building C object CMakeFiles/app.dir/mnt/host/source/src/platform/ec/build/zephyr/mtlrvpp_npcx/modules/ec/common/acpi.c.obj
[mtlrvpp_npcx:ro] [272/412] Building C object CMakeFiles/app.dir/mnt/host/source/src/platform/ec/build/zephyr/mtlrvpp_npcx/modules/ec/common/power_button_x86.c.obj
[mtlrvpp_npcx:ro] [273/412] Building C object CMakeFiles/app.dir/mnt/host/source/src/platform/ec/build/zephyr/mtlrvpp_npcx/modules/ec/common/battery.c.obj
[mtlrvpp_npcx:ro] [274/412] Building C object CMakeFiles/app.dir/mnt/host/source/src/platform/ec/build/zephyr/mtlrvpp_npcx/modules/ec/common/battery_info.c.obj
[mtlrvpp_npcx:ro] [275/412] Building C object CMakeFiles/app.dir/mnt/host/source/src/platform/ec/build/zephyr/mtlrvpp_npcx/modules/ec/common/battery_fuel_gauge.c.obj
[mtlrvpp_npcx:ro] [276/412] Building C object CMakeFiles/app.dir/mnt/host/source/src/platform/ec/build/zephyr/mtlrvpp_npcx/modules/ec/common/charger.c.obj
[mtlrvpp_npcx:ro] [277/412] Building C object CMakeFiles/app.dir/mnt/host/source/src/platform/ec/build/zephyr/mtlrvpp_npcx/modules/ec/common/charge_state.c.obj
[mtlrvpp_npcx:ro] [278/412] Building C object CMakeFiles/app.dir/mnt/host/source/src/platform/ec/build/zephyr/mtlrvpp_npcx/modules/ec/driver/battery/smart.c.obj
[mtlrvpp_npcx:ro] [279/412] Building C object CMakeFiles/app.dir/mnt/host/source/src/platform/ec/build/zephyr/mtlrvpp_npcx/modules/ec/driver/charger/isl9241.c.obj
[mtlrvpp_npcx:ro] [280/412] Building C object CMakeFiles/app.dir/mnt/host/source/src/platform/ec/build/zephyr/mtlrvpp_npcx/modules/ec/common/cbi_common.c.obj
[mtlrvpp_npcx:ro] [281/412] Building C object CMakeFiles/app.dir/mnt/host/source/src/platform/ec/build/zephyr/mtlrvpp_npcx/modules/ec/common/charge_manager.c.obj
[mtlrvpp_npcx:ro] [282/412] Building C object CMakeFiles/app.dir/mnt/host/source/src/platform/ec/build/zephyr/mtlrvpp_npcx/modules/ec/common/cbi.c.obj
[mtlrvpp_npcx:ro] [283/412] Building C object CMakeFiles/app.dir/mnt/host/source/src/platform/ec/build/zephyr/mtlrvpp_npcx/modules/ec/common/cbi_config.c.obj
[mtlrvpp_npcx:ro] [284/412] Building C object CMakeFiles/app.dir/mnt/host/source/src/platform/ec/build/zephyr/mtlrvpp_npcx/modules/ec/common/memory_commands.c.obj
[mtlrvpp_npcx:ro] [285/412] Building C object CMakeFiles/app.dir/mnt/host/source/src/platform/ec/build/zephyr/mtlrvpp_npcx/modules/ec/common/dptf.c.obj
[mtlrvpp_npcx:ro] [286/412] Building C object modules/ec/zephyr/CMakeFiles/ec_shim.dir/shim/src/power_host_sleep_api.c.obj
[mtlrvpp_npcx:ro] [287/412] Building C object CMakeFiles/app.dir/mnt/host/source/src/platform/ec/build/zephyr/mtlrvpp_npcx/modules/ec/common/ap_reset_log.c.obj
[mtlrvpp_npcx:ro] [288/412] Building C object CMakeFiles/app.dir/mnt/host/source/src/platform/ec/build/zephyr/mtlrvpp_npcx/modules/ec/common/extpower_common.c.obj
[mtlrvpp_npcx:ro] [289/412] Building C object CMakeFiles/app.dir/mnt/host/source/src/platform/ec/build/zephyr/mtlrvpp_npcx/modules/ec/common/espi.c.obj
[mtlrvpp_npcx:ro] [290/412] Building C object CMakeFiles/app.dir/mnt/host/source/src/platform/ec/build/zephyr/mtlrvpp_npcx/modules/ec/common/extpower_gpio.c.obj
[mtlrvpp_npcx:ro] [291/412] Building C object CMakeFiles/app.dir/mnt/host/source/src/platform/ec/build/zephyr/mtlrvpp_npcx/modules/ec/common/fan.c.obj
[mtlrvpp_npcx:ro] [292/412] Building C object CMakeFiles/app.dir/mnt/host/source/src/platform/ec/build/zephyr/mtlrvpp_npcx/modules/ec/common/flash.c.obj
[mtlrvpp_npcx:ro] [293/412] Building C object CMakeFiles/app.dir/mnt/host/source/src/platform/ec/build/zephyr/mtlrvpp_npcx/modules/ec/common/host_command.c.obj
[mtlrvpp_npcx:ro] [294/412] Building C object CMakeFiles/app.dir/mnt/host/source/src/platform/ec/build/zephyr/mtlrvpp_npcx/modules/ec/common/host_event_commands.c.obj
[mtlrvpp_npcx:ro] [295/412] Building C object CMakeFiles/app.dir/mnt/host/source/src/platform/ec/build/zephyr/mtlrvpp_npcx/modules/ec/common/host_command_task.c.obj
[mtlrvpp_npcx:ro] [296/412] Building C object CMakeFiles/app.dir/mnt/host/source/src/platform/ec/build/zephyr/mtlrvpp_npcx/modules/ec/common/uart_hostcmd.c.obj
[mtlrvpp_npcx:ro] [297/412] Building C object CMakeFiles/app.dir/mnt/host/source/src/platform/ec/build/zephyr/mtlrvpp_npcx/modules/ec/common/uptime.c.obj
[mtlrvpp_npcx:ro] [298/412] Building C object CMakeFiles/app.dir/mnt/host/source/src/platform/ec/build/zephyr/mtlrvpp_npcx/modules/ec/common/i2c_controller.c.obj
[mtlrvpp_npcx:ro] [299/412] Building C object CMakeFiles/app.dir/mnt/host/source/src/platform/ec/build/zephyr/mtlrvpp_npcx/modules/ec/common/i2c_passthru.c.obj
[mtlrvpp_npcx:ro] [300/412] Building C object CMakeFiles/app.dir/mnt/host/source/src/platform/ec/build/zephyr/mtlrvpp_npcx/modules/ec/driver/ioexpander/ccgxxf.c.obj
[mtlrvpp_npcx:ro] [301/412] Building C object CMakeFiles/app.dir/mnt/host/source/src/platform/ec/build/zephyr/mtlrvpp_npcx/modules/ec/driver/ioexpander/it8801.c.obj
[mtlrvpp_npcx:ro] [302/412] Building C object CMakeFiles/app.dir/mnt/host/source/src/platform/ec/build/zephyr/mtlrvpp_npcx/modules/ec/common/keyboard_scan.c.obj
[mtlrvpp_npcx:ro] [303/412] Building C object CMakeFiles/app.dir/mnt/host/source/src/platform/ec/build/zephyr/mtlrvpp_npcx/modules/ec/common/keyboard_8042.c.obj
[mtlrvpp_npcx:ro] [304/412] Building C object CMakeFiles/app.dir/mnt/host/source/src/platform/ec/build/zephyr/mtlrvpp_npcx/modules/ec/common/mkbp_fifo.c.obj
[mtlrvpp_npcx:ro] [305/412] Building C object CMakeFiles/app.dir/mnt/host/source/src/platform/ec/build/zephyr/mtlrvpp_npcx/modules/ec/common/keyboard_8042_sharedlib.c.obj
[mtlrvpp_npcx:ro] [306/412] Building C object CMakeFiles/app.dir/mnt/host/source/src/platform/ec/build/zephyr/mtlrvpp_npcx/modules/ec/common/mkbp_info.c.obj
[mtlrvpp_npcx:ro] [307/412] Building C object CMakeFiles/app.dir/mnt/host/source/src/platform/ec/build/zephyr/mtlrvpp_npcx/modules/ec/common/port80.c.obj
[brox:rw] [309/388] Building C object modules/ec/zephyr/CMakeFiles/ec_shim.dir/drivers/boot_keys/boot_keys.c.obj
[mtlrvpp_npcx:ro] [308/412] Building C object CMakeFiles/app.dir/mnt/host/source/src/platform/ec/build/zephyr/mtlrvpp_npcx/modules/ec/common/mkbp_input_devices.c.obj
[mtlrvpp_npcx:ro] [309/412] Building C object CMakeFiles/app.dir/mnt/host/source/src/platform/ec/build/zephyr/mtlrvpp_npcx/modules/ec/common/lid_switch.c.obj
[mtlrvpp_npcx:ro] [310/412] Building C object CMakeFiles/app.dir/mnt/host/source/src/platform/ec/build/zephyr/mtlrvpp_npcx/modules/ec/common/mkbp_event.c.obj
[mtlrvpp_npcx:ro] [311/412] Building C object CMakeFiles/app.dir/mnt/host/source/src/platform/ec/build/zephyr/mtlrvpp_npcx/modules/ec/common/power_button.c.obj
[mtlrvpp_npcx:ro] [312/412] Building C object CMakeFiles/app.dir/mnt/host/source/src/platform/ec/build/zephyr/mtlrvpp_npcx/modules/ec/common/panic_output.c.obj
[mtlrvpp_npcx:ro] [313/412] Building C object CMakeFiles/app.dir/mnt/host/source/src/platform/ec/build/zephyr/mtlrvpp_npcx/modules/ec/power/hibernate.c.obj
[mtlrvpp_npcx:ro] [314/412] Building C object CMakeFiles/app.dir/mnt/host/source/src/platform/ec/build/zephyr/mtlrvpp_npcx/modules/ec/common/sha256.c.obj
[mtlrvpp_npcx:ro] [315/412] Building C object CMakeFiles/app.dir/mnt/host/source/src/platform/ec/build/zephyr/mtlrvpp_npcx/modules/ec/common/shared_mem.c.obj
[mtlrvpp_npcx:ro] [316/412] Building C object CMakeFiles/app.dir/mnt/host/source/src/platform/ec/build/zephyr/mtlrvpp_npcx/modules/ec/common/switch.c.obj
[mtlrvpp_npcx:ro] [317/412] Building C object CMakeFiles/app.dir/mnt/host/source/src/platform/ec/build/zephyr/mtlrvpp_npcx/modules/ec/common/spi_flash_reg.c.obj
[mtlrvpp_npcx:ro] [318/412] Building C object CMakeFiles/app.dir/mnt/host/source/src/platform/ec/build/zephyr/mtlrvpp_npcx/modules/ec/common/tablet_mode.c.obj
[mtlrvpp_npcx:ro] [319/412] Building C object CMakeFiles/app.dir/mnt/host/source/src/platform/ec/build/zephyr/mtlrvpp_npcx/modules/ec/common/thermal.c.obj
[mtlrvpp_npcx:ro] [320/412] Building C object CMakeFiles/app.dir/mnt/host/source/src/platform/ec/build/zephyr/mtlrvpp_npcx/modules/ec/common/temp_sensor.c.obj
[mtlrvpp_npcx:ro] [321/412] Building C object CMakeFiles/app.dir/mnt/host/source/src/platform/ec/build/zephyr/mtlrvpp_npcx/modules/ec/driver/temp_sensor/thermistor.c.obj
[mtlrvpp_npcx:ro] [322/412] Building C object CMakeFiles/app.dir/mnt/host/source/src/platform/ec/build/zephyr/mtlrvpp_npcx/modules/ec/common/timer.c.obj
[mtlrvpp_npcx:ro] [323/412] Building C object CMakeFiles/app.dir/mnt/host/source/src/platform/ec/build/zephyr/mtlrvpp_npcx/modules/ec/common/typec_control.c.obj
[mtlrvpp_npcx:ro] [324/412] Building C object CMakeFiles/app.dir/mnt/host/source/src/platform/ec/build/zephyr/mtlrvpp_npcx/modules/ec/common/usb_common.c.obj
[mtlrvpp_npcx:ro] [325/412] Building C object CMakeFiles/app.dir/mnt/host/source/src/platform/ec/build/zephyr/mtlrvpp_npcx/modules/ec/common/usb_pd_pdo.c.obj
[mtlrvpp_npcx:ro] [326/412] Building C object CMakeFiles/app.dir/mnt/host/source/src/platform/ec/build/zephyr/mtlrvpp_npcx/modules/ec/common/usbc/usbc_task.c.obj
[mtlrvpp_npcx:ro] [327/412] Building C object CMakeFiles/app.dir/mnt/host/source/src/platform/ec/build/zephyr/mtlrvpp_npcx/modules/ec/common/usbc/usb_sm.c.obj
[mtlrvpp_npcx:ro] [328/412] Building C object CMakeFiles/app.dir/mnt/host/source/src/platform/ec/build/zephyr/mtlrvpp_npcx/modules/ec/common/usbc_intr_task.c.obj
[mtlrvpp_npcx:ro] [329/412] Building C object CMakeFiles/app.dir/mnt/host/source/src/platform/ec/build/zephyr/mtlrvpp_npcx/modules/ec/common/usbc/usb_pd_timer.c.obj
[mtlrvpp_npcx:ro] [330/412] Building C object CMakeFiles/app.dir/mnt/host/source/src/platform/ec/build/zephyr/mtlrvpp_npcx/modules/ec/common/usb_pd_flags.c.obj
[mtlrvpp_npcx:ro] [331/412] Building C object CMakeFiles/app.dir/mnt/host/source/src/platform/ec/build/zephyr/mtlrvpp_npcx/modules/ec/common/usbc_utils.c.obj
[mtlrvpp_npcx:ro] [332/412] Building C object CMakeFiles/app.dir/mnt/host/source/src/platform/ec/build/zephyr/mtlrvpp_npcx/modules/ec/common/chargen.c.obj
[mtlrvpp_npcx:ro] [333/412] Building C object CMakeFiles/app.dir/mnt/host/source/src/platform/ec/build/zephyr/mtlrvpp_npcx/modules/ec/common/usbc/usb_pd_console.c.obj
[mtlrvpp_npcx:ro] [334/412] Building C object CMakeFiles/app.dir/mnt/host/source/src/platform/ec/build/zephyr/mtlrvpp_npcx/modules/ec/driver/retimer/bb_retimer.c.obj
[mtlrvpp_npcx:ro] [335/412] Building C object CMakeFiles/app.dir/mnt/host/source/src/platform/ec/build/zephyr/mtlrvpp_npcx/modules/ec/driver/usb_mux/usb_mux.c.obj
[mtlrvpp_npcx:ro] [336/412] Building C object CMakeFiles/app.dir/mnt/host/source/src/platform/ec/build/zephyr/mtlrvpp_npcx/modules/ec/driver/usb_mux/virtual.c.obj
[mtlrvpp_npcx:ro] [337/412] Building C object CMakeFiles/app.dir/mnt/host/source/src/platform/ec/build/zephyr/mtlrvpp_npcx/modules/ec/common/usbc/usb_tc_drp_acc_trysrc_sm.c.obj
[mtlrvpp_npcx:ro] [338/412] Building C object CMakeFiles/app.dir/mnt/host/source/src/platform/ec/build/zephyr/mtlrvpp_npcx/modules/ec/common/usbc/usb_prl_sm.c.obj
[mtlrvpp_npcx:ro] [339/412] Building C object CMakeFiles/app.dir/mnt/host/source/src/platform/ec/build/zephyr/mtlrvpp_npcx/modules/ec/common/usbc/usb_pe_drp_sm.c.obj
[mtlrvpp_npcx:ro] [340/412] Building C object CMakeFiles/app.dir/mnt/host/source/src/platform/ec/build/zephyr/mtlrvpp_npcx/modules/ec/common/usbc/usb_pd_dpm.c.obj
[mtlrvpp_npcx:ro] [341/412] Building C object CMakeFiles/app.dir/mnt/host/source/src/platform/ec/build/zephyr/mtlrvpp_npcx/modules/ec/common/usbc/dp_alt_mode.c.obj
[brox:rw] [310/388] Building C object modules/ec/zephyr/CMakeFiles/ec_shim.dir/drivers/usbc/tps6699x_cmd.c.obj
[mtlrvpp_npcx:ro] [342/412] Building C object CMakeFiles/app.dir/mnt/host/source/src/platform/ec/build/zephyr/mtlrvpp_npcx/modules/ec/common/usbc/usbc_pd_policy.c.obj
[mtlrvpp_npcx:ro] [343/412] Building C object CMakeFiles/app.dir/mnt/host/source/src/platform/ec/build/zephyr/mtlrvpp_npcx/modules/ec/common/usbc/usb_mode.c.obj
[brox:rw] [311/388] Building C object modules/ec/zephyr/CMakeFiles/ec_shim.dir/drivers/runtime_keys/runtime_keys.c.obj
[mtlrvpp_npcx:ro] [344/412] Building C object CMakeFiles/app.dir/mnt/host/source/src/platform/ec/build/zephyr/mtlrvpp_npcx/modules/ec/common/usbc/tbt_alt_mode.c.obj
[mtlrvpp_npcx:ro] [345/412] Building C object CMakeFiles/app.dir/mnt/host/source/src/platform/ec/build/zephyr/mtlrvpp_npcx/modules/ec/common/usbc/usb_retimer_fw_update.c.obj
[mtlrvpp_npcx:ro] [346/412] Building C object CMakeFiles/app.dir/mnt/host/source/src/platform/ec/build/zephyr/mtlrvpp_npcx/modules/ec/common/usb_pd_console_cmd.c.obj
[mtlrvpp_npcx:ro] [347/412] Building C object CMakeFiles/app.dir/mnt/host/source/src/platform/ec/build/zephyr/mtlrvpp_npcx/modules/ec/common/usb_pd_host_cmd.c.obj
[mtlrvpp_npcx:ro] [348/412] Building C object CMakeFiles/app.dir/mnt/host/source/src/platform/ec/build/zephyr/mtlrvpp_npcx/modules/ec/common/usbc/usb_pd_host.c.obj
[mtlrvpp_npcx:ro] [349/412] Building C object CMakeFiles/app.dir/mnt/host/source/src/platform/ec/build/zephyr/mtlrvpp_npcx/modules/ec/zephyr/shim/src/tcpc.c.obj
[mtlrvpp_npcx:ro] [350/412] Building C object CMakeFiles/app.dir/mnt/host/source/src/platform/ec/build/zephyr/mtlrvpp_npcx/modules/ec/common/usb_pd_host_cmd_common.c.obj
[mtlrvpp_npcx:ro] [351/412] Building C object CMakeFiles/app.dir/mnt/host/source/src/platform/ec/build/zephyr/mtlrvpp_npcx/modules/ec/common/usbc_ocp.c.obj
[mtlrvpp_npcx:ro] [352/412] Building C object CMakeFiles/app.dir/mnt/host/source/src/platform/ec/build/zephyr/mtlrvpp_npcx/modules/ec/common/usb_pd_discovery.c.obj
[mtlrvpp_npcx:ro] [353/412] Building C object CMakeFiles/app.dir/mnt/host/source/src/platform/ec/build/zephyr/mtlrvpp_npcx/modules/ec/common/usb_pd_dual_role.c.obj
[mtlrvpp_npcx:ro] [354/412] Building C object CMakeFiles/app.dir/mnt/host/source/src/platform/ec/build/zephyr/mtlrvpp_npcx/modules/ec/driver/tcpm/ccgxxf.c.obj
[mtlrvpp_npcx:ro] [355/412] Building C object CMakeFiles/app.dir/mnt/host/source/src/platform/ec/build/zephyr/mtlrvpp_npcx/modules/ec/driver/tcpm/nct38xx.c.obj
[mtlrvpp_npcx:ro] [356/412] Building C object CMakeFiles/app.dir/mnt/host/source/src/platform/ec/build/zephyr/mtlrvpp_npcx/modules/ec/driver/tcpm/tcpci.c.obj
[mtlrvpp_npcx:ro] [357/412] Building C object CMakeFiles/app.dir/mnt/host/source/src/platform/ec/build/zephyr/mtlrvpp_npcx/modules/ec/common/usbc_ppc.c.obj
[mtlrvpp_npcx:ro] [358/412] Building C object CMakeFiles/app.dir/mnt/host/source/src/platform/ec/build/zephyr/mtlrvpp_npcx/modules/ec/common/vboot_hash.c.obj
[mtlrvpp_npcx:ro] [359/412] Building C object CMakeFiles/app.dir/mnt/host/source/src/platform/ec/build/zephyr/mtlrvpp_npcx/modules/ec/common/button.c.obj
[mtlrvpp_npcx:ro] [360/412] Building C object CMakeFiles/app.dir/mnt/host/source/src/platform/ec/build/zephyr/mtlrvpp_npcx/modules/ec/driver/ppc/sn5s330.c.obj
[mtlrvpp_npcx:ro] [361/412] Building C object CMakeFiles/app.dir/mnt/host/source/src/platform/ec/build/zephyr/mtlrvpp_npcx/modules/ec/common/vboot/efs2.c.obj
[mtlrvpp_npcx:ro] [362/412] Building C object CMakeFiles/app.dir/mnt/host/source/src/platform/ec/build/zephyr/mtlrvpp_npcx/modules/ec/driver/led/max695x.c.obj
[mtlrvpp_npcx:ro] [363/412] Building C object CMakeFiles/app.dir/mnt/host/source/src/platform/ec/build/zephyr/mtlrvpp_npcx/modules/ec/common/vstore.c.obj
[mtlrvpp_npcx:ro] [364/412] Building C object CMakeFiles/app.dir/mnt/host/source/src/platform/ec/build/zephyr/mtlrvpp_npcx/modules/ec/common/rtc.c.obj
[mtlrvpp_npcx:ro] [365/412] Building C object CMakeFiles/app.dir/mnt/host/source/src/platform/ec/build/zephyr/mtlrvpp_npcx/modules/ec/common/math_util.c.obj
[mtlrvpp_npcx:ro] [366/412] Building C object CMakeFiles/app.dir/src/intelrvp.c.obj
[mtlrvpp_npcx:ro] [367/412] Building C object CMakeFiles/app.dir/src/intel_rvp_board_id.c.obj
[mtlrvpp_npcx:ro] [368/412] Building C object modules/ec/zephyr/CMakeFiles/ec_shim.dir/shim/src/usb_muxes.c.obj
[mtlrvpp_npcx:ro] [369/412] Building C object CMakeFiles/app.dir/mtlrvp/src/board_id.c.obj
[mtlrvpp_npcx:ro] [370/412] Building C object CMakeFiles/app.dir/mtlrvp/src/common.c.obj
[mtlrvpp_npcx:ro] [371/412] Building C object CMakeFiles/app.dir/mtlrvp/src/board_power.c.obj
[mtlrvpp_npcx:ro] [372/412] Building C object CMakeFiles/app.dir/mtlrvp/src/tcpc.c.obj
[mtlrvpp_npcx:ro] [373/412] Building C object CMakeFiles/app.dir/src/usb_pd_policy_mecc_1_1.c.obj
[mtlrvpp_npcx:ro] [374/412] Building C object CMakeFiles/app.dir/src/chg_usb_pd_mecc_1_1.c.obj
[mtlrvpp_npcx:ro] [375/412] Building C object modules/ec/zephyr/CMakeFiles/ec_shim.dir/shim/src/bb_retimer_usb_mux.c.obj
[mtlrvpp_npcx:ro] [376/412] Building C object CMakeFiles/app.dir/src/chg_usb_tcpc.c.obj
[mtlrvpp_npcx:ro] [377/412] Building C object CMakeFiles/app.dir/src/dc_jack.c.obj
[/mnt/host/source/src/platform/ec/build/zephyr/ocicat-lcov]   /mnt/host/source/src/platform/ec/build/zephyr/ocicat/build-ro/zephyr/arch/arch/riscv/core/CMakeFiles/arch__riscv__core.dir/cpu_idle.c.gcno:no functions found
[/mnt/host/source/src/platform/ec/build/zephyr/ocicat-lcov] stderr:
[brox:rw] [312/388] Building C object modules/ec/zephyr/CMakeFiles/ec_shim.dir/drivers/vivaldi_kbd/vivaldi_kbd.c.obj
[mtlrvpp_npcx:ro] [378/412] Linking C static library modules/ec/zephyr/libec_shim.a
[mtlrvpp_npcx:ro] [379/412] Linking C static library app/libapp.a
[brox:rw] [313/388] Building C object modules/ec/zephyr/CMakeFiles/ec_shim.dir/drivers/usbc/pdc_rts54xx.c.obj
[brox:rw] [314/388] Building C object modules/ec/zephyr/CMakeFiles/ec_shim.dir/drivers/usbc/pdc_tps6699x.c.obj
[/mnt/host/source/src/platform/ec/build/zephyr/rex-lcov]   /mnt/host/source/src/platform/ec/build/zephyr/rex/build-rw/zephyr/drivers/sensor/CMakeFiles/drivers__sensor.dir/mnt/host/source/src/third_party/zephyr/main/misc/empty_file.c.gcno:no functions found
[/mnt/host/source/src/platform/ec/build/zephyr/rex-lcov] Filter suppressions 'region':
[brox:rw] [315/388] Building C object modules/ec/zephyr/CMakeFiles/ec_shim.dir/drivers/prochot_vcmp/prochot_vcmp.c.obj
[/mnt/host/source/src/platform/ec/build/zephyr/rex-lcov]     35 instances
[/mnt/host/source/src/platform/ec/build/zephyr/rex-lcov]     22 coverpoints
[/mnt/host/source/src/platform/ec/build/zephyr/rex-lcov] Message summary:
[/mnt/host/source/src/platform/ec/build/zephyr/rex-lcov]   37 ignore messages:
[/mnt/host/source/src/platform/ec/build/zephyr/rex-lcov]     gcov: 37
[mtlrvpp_npcx:ro] [380/412] Building C object zephyr/kernel/CMakeFiles/kernel.dir/banner.c.obj
[mtlrvpp_npcx:ro] [381/412] Building C object zephyr/kernel/CMakeFiles/kernel.dir/main_weak.c.obj
[mtlrvpp_npcx:ro] [382/412] Building C object zephyr/kernel/CMakeFiles/kernel.dir/errno.c.obj
[brox:rw] [316/388] Building C object modules/ec/zephyr/CMakeFiles/ec_shim.dir/shim/src/crc.c.obj
[mtlrvpp_npcx:ro] [383/412] Building C object zephyr/kernel/CMakeFiles/kernel.dir/busy_wait.c.obj
[brox:rw] [317/388] Building C object modules/ec/zephyr/CMakeFiles/ec_shim.dir/shim/chip/it8xxx2/clock.c.obj
[mtlrvpp_npcx:ro] [384/412] Building C object zephyr/kernel/CMakeFiles/kernel.dir/device.c.obj
[mtlrvpp_npcx:ro] [385/412] Building C object zephyr/kernel/CMakeFiles/kernel.dir/version.c.obj
[brox:rw] [318/388] Building C object modules/ec/zephyr/CMakeFiles/ec_shim.dir/shim/chip/it8xxx2/gpio.c.obj
[mtlrvpp_npcx:ro] [386/412] Building C object zephyr/kernel/CMakeFiles/kernel.dir/init.c.obj
[mtlrvpp_npcx:ro] [387/412] Building C object zephyr/kernel/CMakeFiles/kernel.dir/fatal.c.obj
[mtlrvpp_npcx:ro] [388/412] Building C object zephyr/kernel/CMakeFiles/kernel.dir/kheap.c.obj
[brox:rw] [319/388] Building C object modules/ec/zephyr/CMakeFiles/ec_shim.dir/shim/chip/it8xxx2/system.c.obj
[/mnt/host/source/src/platform/ec/build/zephyr/ocicat-lcov]   /mnt/host/source/src/platform/ec/build/zephyr/ocicat/build-ro/zephyr/arch/common/CMakeFiles/isr_tables.dir/isr_tables.c.gcno:no functions found
[/mnt/host/source/src/platform/ec/build/zephyr/ocicat-lcov] stderr:
[brox:rw] [320/388] Building C object modules/ec/zephyr/CMakeFiles/ec_shim.dir/shim/chip/it8xxx2/power_policy.c.obj
[mtlrvpp_npcx:ro] [389/412] Building C object zephyr/kernel/CMakeFiles/kernel.dir/float.c.obj
[mtlrvpp_npcx:ro] [390/412] Building C object zephyr/kernel/CMakeFiles/kernel.dir/mem_slab.c.obj
[mtlrvpp_npcx:ro] [391/412] Building C object zephyr/kernel/CMakeFiles/kernel.dir/idle.c.obj
[brox:rw] [321/388] Building C object modules/ec/zephyr/CMakeFiles/ec_shim.dir/shim/src/console.c.obj
[mtlrvpp_npcx:ro] [392/412] Building C object zephyr/kernel/CMakeFiles/kernel.dir/mailbox.c.obj
[brox:rw] [322/388] Building C object modules/ec/zephyr/CMakeFiles/ec_shim.dir/shim/src/panic_utils.c.obj
[mtlrvpp_npcx:ro] [393/412] Building C object zephyr/kernel/CMakeFiles/kernel.dir/mutex.c.obj
[mtlrvpp_npcx:ro] [394/412] Building C object zephyr/kernel/CMakeFiles/kernel.dir/msg_q.c.obj
[mtlrvpp_npcx:ro] [395/412] Building C object zephyr/kernel/CMakeFiles/kernel.dir/sem.c.obj
[brox:rw] [323/388] Building C object modules/ec/zephyr/CMakeFiles/ec_shim.dir/shim/src/gpio_int.c.obj
[mtlrvpp_npcx:ro] [396/412] Building C object zephyr/kernel/CMakeFiles/kernel.dir/stack.c.obj
[mtlrvpp_npcx:ro] [397/412] Building C object zephyr/kernel/CMakeFiles/kernel.dir/queue.c.obj
[brox:rw] [324/388] Building C object modules/ec/zephyr/CMakeFiles/ec_shim.dir/shim/src/gpio.c.obj
[brox:rw] [325/388] Building C object modules/ec/zephyr/CMakeFiles/ec_shim.dir/shim/src/pm_state.c.obj
[brox:rw] [326/388] Building C object modules/ec/zephyr/CMakeFiles/ec_shim.dir/shim/src/cbi/cros_cbi.c.obj
[mtlrvpp_npcx:ro] [398/412] Building C object zephyr/kernel/CMakeFiles/kernel.dir/system_work_q.c.obj
[mtlrvpp_npcx:ro] [399/412] Building C object zephyr/kernel/CMakeFiles/kernel.dir/condvar.c.obj
[mtlrvpp_npcx:ro] [400/412] Building C object zephyr/kernel/CMakeFiles/kernel.dir/work.c.obj
[mtlrvpp_npcx:ro] [401/412] Building C object zephyr/kernel/CMakeFiles/kernel.dir/thread.c.obj
[brox:rw] [327/388] Building C object modules/ec/zephyr/CMakeFiles/ec_shim.dir/shim/src/cbi/cbi_flash.c.obj
[mtlrvpp_npcx:ro] [402/412] Building C object zephyr/kernel/CMakeFiles/kernel.dir/spinlock_validate.c.obj
[mtlrvpp_npcx:ro] [403/412] Building C object zephyr/kernel/CMakeFiles/kernel.dir/timeout.c.obj
[mtlrvpp_npcx:ro] [404/412] Building C object zephyr/kernel/CMakeFiles/kernel.dir/pipe.c.obj
[buccaneer:rw] Configuring.
Running `env -i PYTHONPATH=/usr/lib64/python-exec/python3.11:/mnt/host/source/src/platform/ec/zephyr/zmake:/usr/lib/python311.zip:/usr/lib/python3.11:/usr/lib/python3.11/lib-dynload:/usr/lib/python3.11/site-packages PW_PIGWEED_CIPD_INSTALL_DIR=/usr CROSTC_USER_ACKNOWLEDGES_THAT_RISCV_IS_EXPERIMENTAL=1 PATH=/mnt/host/source/chromite/bin:/usr/local/bin:/usr/bin:/bin:/opt/bin:/mnt/host/source/chromite/sdk/bin:/mnt/host/source/chromite/bin HOME=/home/jpmurphy JAVA_HOME=/etc/java-config-2/current-system-vm JDK_HOME=/etc/java-config-2/current-system-vm JAVAC=/etc/java-config-2/current-system-vm/bin/javac MAKEFLAGS=' -j16 --jobserver-auth=5,6' /usr/bin/cmake -S /mnt/host/source/src/platform/ec/zephyr/program/fpmcu -B /mnt/host/source/src/platform/ec/build/zephyr/buccaneer/build-rw -GNinja -DCMAKE_EXPORT_COMPILE_COMMANDS=ON -DZEPHYR_BASE=/mnt/host/source/src/third_party/zephyr/main -DZMAKE_INCLUDE_DIR=/mnt/host/source/src/platform/ec/build/zephyr/buccaneer/include -DPython3_EXECUTABLE=/usr/bin/python3.11 -DDTS_ROOT=/mnt/host/source/src/platform/ec/zephyr -DSYSCALL_INCLUDE_DIRS=/mnt/host/source/src/platform/ec/zephyr/include/drivers -DUSER_CACHE_DIR=/mnt/host/source/src/platform/ec/build/zephyr/user-cache '-DEXTRA_EC_VERSION_FLAGS=--version 16543.0.0 --static' -DTOOLCHAIN_ROOT=/mnt/host/source/src/platform/ec/zephyr -DZEPHYR_TOOLCHAIN_VARIANT=llvm '-DZEPHYR_MODULES=/mnt/host/source/src/platform/ec/build/zephyr/buccaneer/modules/ec;/mnt/host/source/src/platform/ec/build/zephyr/buccaneer/modules/cmsis;/mnt/host/source/src/platform/ec/build/zephyr/buccaneer/modules/cmsis_6;/mnt/host/source/src/platform/ec/build/zephyr/buccaneer/modules/elan' -DDTC_OVERLAY_FILE=/mnt/host/source/src/platform/ec/zephyr/program/fpmcu/helipilot/buccaneer.dts -DBOARD=google_quincy -DCMAKE_C_FLAGS=-DSECTION_IS_RW '-DCONF_FILE=/mnt/host/source/src/platform/ec/zephyr/program/fpmcu/prj.conf;/mnt/host/source/src/platform/ec/zephyr/program/fpmcu/helipilot/prj.conf;/mnt/host/source/src/platform/ec/zephyr/program/fpmcu/helipilot/ec_quirks.conf;/mnt/host/source/src/platform/ec/build/zephyr/buccaneer/kconfig-rw.conf'`
[buccaneer:rw] Loading Zephyr default modules (Zephyr base (cached)).
[buccaneer:rw] -- Application: /mnt/host/source/src/platform/ec/zephyr/program/fpmcu
[buccaneer:rw] -- CMake version: 3.31.7
[buccaneer:ro] Configuring.
Running `env -i PYTHONPATH=/usr/lib64/python-exec/python3.11:/mnt/host/source/src/platform/ec/zephyr/zmake:/usr/lib/python311.zip:/usr/lib/python3.11:/usr/lib/python3.11/lib-dynload:/usr/lib/python3.11/site-packages PW_PIGWEED_CIPD_INSTALL_DIR=/usr CROSTC_USER_ACKNOWLEDGES_THAT_RISCV_IS_EXPERIMENTAL=1 PATH=/mnt/host/source/chromite/bin:/usr/local/bin:/usr/bin:/bin:/opt/bin:/mnt/host/source/chromite/sdk/bin:/mnt/host/source/chromite/bin HOME=/home/jpmurphy JAVA_HOME=/etc/java-config-2/current-system-vm JDK_HOME=/etc/java-config-2/current-system-vm JAVAC=/etc/java-config-2/current-system-vm/bin/javac MAKEFLAGS=' -j16 --jobserver-auth=5,6' /usr/bin/cmake -S /mnt/host/source/src/platform/ec/zephyr/program/fpmcu -B /mnt/host/source/src/platform/ec/build/zephyr/buccaneer/build-ro -GNinja -DCMAKE_EXPORT_COMPILE_COMMANDS=ON -DZEPHYR_BASE=/mnt/host/source/src/third_party/zephyr/main -DZMAKE_INCLUDE_DIR=/mnt/host/source/src/platform/ec/build/zephyr/buccaneer/include -DPython3_EXECUTABLE=/usr/bin/python3.11 -DDTS_ROOT=/mnt/host/source/src/platform/ec/zephyr -DSYSCALL_INCLUDE_DIRS=/mnt/host/source/src/platform/ec/zephyr/include/drivers -DUSER_CACHE_DIR=/mnt/host/source/src/platform/ec/build/zephyr/user-cache '-DEXTRA_EC_VERSION_FLAGS=--version 16543.0.0 --static' -DTOOLCHAIN_ROOT=/mnt/host/source/src/platform/ec/zephyr -DZEPHYR_TOOLCHAIN_VARIANT=llvm '-DZEPHYR_MODULES=/mnt/host/source/src/platform/ec/build/zephyr/buccaneer/modules/ec;/mnt/host/source/src/platform/ec/build/zephyr/buccaneer/modules/cmsis;/mnt/host/source/src/platform/ec/build/zephyr/buccaneer/modules/cmsis_6;/mnt/host/source/src/platform/ec/build/zephyr/buccaneer/modules/elan' -DDTC_OVERLAY_FILE=/mnt/host/source/src/platform/ec/zephyr/program/fpmcu/helipilot/buccaneer.dts -DBOARD=google_quincy -DCMAKE_C_FLAGS=-DSECTION_IS_RO '-DCONF_FILE=/mnt/host/source/src/platform/ec/zephyr/program/fpmcu/prj.conf;/mnt/host/source/src/platform/ec/zephyr/program/fpmcu/helipilot/prj.conf;/mnt/host/source/src/platform/ec/zephyr/program/fpmcu/helipilot/ec_quirks.conf;/mnt/host/source/src/platform/ec/build/zephyr/buccaneer/kconfig-ro.conf'`
[mtlrvpp_npcx:ro] [405/412] Building C object zephyr/kernel/CMakeFiles/kernel.dir/sched.c.obj
[buccaneer:ro] -- Application: /mnt/host/source/src/platform/ec/zephyr/program/fpmcu
[buccaneer:ro] Loading Zephyr default modules (Zephyr base (cached)).
[brox:rw] [328/388] Building C object modules/ec/zephyr/CMakeFiles/ec_shim.dir/shim/src/led_driver/led.c.obj
[mtlrvpp_npcx:ro] [406/412] Building C object zephyr/kernel/CMakeFiles/kernel.dir/thread_monitor.c.obj
[brox:rw] [329/388] Building C object modules/ec/zephyr/CMakeFiles/ec_shim.dir/shim/src/led_driver/led_pwm.c.obj
[brox:rw] [330/388] Building C object modules/ec/zephyr/CMakeFiles/ec_shim.dir/shim/src/pdc_shim.c.obj
[brox:rw] [331/388] Building C object modules/ec/zephyr/CMakeFiles/ec_shim.dir/shim/src/system.c.obj
[buccaneer:ro] -- CMake version: 3.31.7
[buccaneer:ro] -- Found Python3: /usr/bin/python3.11 (found suitable version "3.11.11", minimum required is "3.10") found components: Interpreter
[buccaneer:ro] -- Cache files will be written to: /mnt/host/source/src/platform/ec/build/zephyr/user-cache
[buccaneer:ro] -- Zephyr version: 4.3.99 (/mnt/host/source/src/third_party/zephyr/main)
[buccaneer:rw] -- Found Python3: /usr/bin/python3.11 (found suitable version "3.11.11", minimum required is "3.10") found components: Interpreter
[buccaneer:rw] -- Cache files will be written to: /mnt/host/source/src/platform/ec/build/zephyr/user-cache
[buccaneer:rw] -- Zephyr version: 4.3.99 (/mnt/host/source/src/third_party/zephyr/main)
[mtlrvpp_npcx:ro] [407/412] Building C object zephyr/kernel/CMakeFiles/kernel.dir/timer.c.obj
[pujjo:rw] Building: /usr/bin/ninja -C /mnt/host/source/src/platform/ec/build/zephyr/pujjo/build-rw all.libraries
Running `env -i SHELL=/bin/bash COLORTERM=truecolor DEPOT_TOOLS_UPDATE=0 LESS='-R -M --shift 5' SUDO_GID=0 JDK_HOME=/etc/java-config-2/current-system-vm CONFIG_PROTECT_MASK='/etc/gentoo-release /etc/sandbox.d /etc/fonts/fonts.conf /etc/terminfo /etc/ca-certificates.conf /etc/revdep-rebuild' CHROMEOS_CACHEDIR=/var/cache/chromeos-cache JAVA_HOME=/etc/java-config-2/current-system-vm SSH_AUTH_SOCK=/tmp/ssh-auth-sock SUDO_COMMAND=/bin/bash SUDO_USER=root SUDO_TTY=/dev/pts/2 EDITOR=/usr/bin/vi PWD=/mnt/host/source/src/platform/ec CONFIG_PROTECT=/usr/share/gnupg/qualified.txt LOGNAME=jpmurphy MANPATH=/etc/java-config-2/current-system-vm/man:/usr/local/share/man:/usr/share/man:/usr/share/gcc-data/x86_64-pc-linux-gnu/10.2.0/man:/usr/share/binutils-data/x86_64-pc-linux-gnu/2.45/man:/etc/java-config-2/current-system-vm/man/ SUDO_HOME=/root XAUTHORITY=/run/user/944457/gdm/Xauthority HOME=/home/jpmurphy LANG=C.UTF-8 LS_COLORS='rs=0:di=01;34:ln=01;36:mh=00:pi=40;33:so=01;35:do=01;35:bd=40;33;01:cd=40;33;01:or=01;05;37;41:mi=01;05;37;41:su=37;41:sg=30;43:ca=30;41:tw=30;42:ow=34;42:st=37;44:ex=01;32:*.tar=01;31:*.tgz=01;31:*.arc=01;31:*.arj=01;31:*.taz=01;31:*.lha=01;31:*.lz4=01;31:*.lzh=01;31:*.lzma=01;31:*.tlz=01;31:*.txz=01;31:*.tzo=01;31:*.t7z=01;31:*.zip=01;31:*.z=01;31:*.dz=01;31:*.gz=01;31:*.lrz=01;31:*.lz=01;31:*.lzo=01;31:*.xz=01;31:*.zst=01;31:*.tzst=01;31:*.bz2=01;31:*.bz=01;31:*.tbz=01;31:*.tbz2=01;31:*.tz=01;31:*.deb=01;31:*.rpm=01;31:*.jar=01;31:*.war=01;31:*.ear=01;31:*.sar=01;31:*.rar=01;31:*.alz=01;31:*.ace=01;31:*.zoo=01;31:*.cpio=01;31:*.7z=01;31:*.rz=01;31:*.cab=01;31:*.wim=01;31:*.swm=01;31:*.dwm=01;31:*.esd=01;31:*.jpg=01;35:*.jpeg=01;35:*.mjpg=01;35:*.mjpeg=01;35:*.gif=01;35:*.bmp=01;35:*.pbm=01;35:*.pgm=01;35:*.ppm=01;35:*.tga=01;35:*.xbm=01;35:*.xpm=01;35:*.tif=01;35:*.tiff=01;35:*.png=01;35:*.svg=01;35:*.svgz=01;35:*.mng=01;35:*.pcx=01;35:*.mov=01;35:*.mpg=01;35:*.mpeg=01;35:*.m2v=01;35:*.mkv=01;35:*.webm=01;35:*.webp=01;35:*.ogm=01;35:*.mp4=01;35:*.m4v=01;35:*.mp4v=01;35:*.vob=01;35:*.qt=01;35:*.nuv=01;35:*.wmv=01;35:*.asf=01;35:*.rm=01;35:*.rmvb=01;35:*.flc=01;35:*.avi=01;35:*.fli=01;35:*.flv=01;35:*.gl=01;35:*.dl=01;35:*.xcf=01;35:*.xwd=01;35:*.yuv=01;35:*.cgm=01;35:*.emf=01;35:*.ogv=01;35:*.ogx=01;35:*.cfg=00;32:*.conf=00;32:*.diff=00;32:*.doc=00;32:*.ini=00;32:*.log=00;32:*.patch=00;32:*.pdf=00;32:*.ps=00;32:*.tex=00;32:*.txt=00;32:*.aac=00;36:*.au=00;36:*.flac=00;36:*.m4a=00;36:*.mid=00;36:*.midi=00;36:*.mka=00;36:*.mp3=00;36:*.mpc=00;36:*.ogg=00;36:*.ra=00;36:*.wav=00;36:*.oga=00;36:*.opus=00;36:*.spx=00;36:*.xspf=00;36:' XDG_CURRENT_DESKTOP=GNOME INFOPATH=/usr/share/info:/usr/share/gcc-data/x86_64-pc-linux-gnu/10.2.0/info:/usr/share/binutils-data/x86_64-pc-linux-gnu/2.45/info:/usr/share/automake-1.16.5/info JAVAC=/etc/java-config-2/current-system-vm/bin/javac TERM=xterm-256color LESSOPEN='|lesspipe %s' USER=jpmurphy CROS_WORKON_SRCROOT=/mnt/host/source MANPAGER=manpager DISPLAY=:1 SHLVL=1 LC_MESSAGES=C EXTERNAL_TRUNK_PATH=/mnt/8f9d649a-3721-44cc-93c0-e6bd21a9689f/chromiumos GCC_SPECS='' PATH=/mnt/host/source/chromite/bin:/usr/local/bin:/usr/bin:/bin:/opt/bin:/mnt/host/source/chromite/sdk/bin:/mnt/host/source/chromite/bin PORTAGE_USERNAME=jpmurphy SUDO_UID=0 GCC_VER=10.2.0 MAIL=/var/mail/jpmurphy OLDPWD=/mnt/host/source/src/scripts traceparent=00-e87aca51550a78635907baa6a2476181-6d684811675d2973-01 _=./zephyr/firmware_builder.py COREBOOT_SDK_ROOT_x86=/home/jpmurphy/.cache/coreboot-sdk/i386-elf/dfbb0486385d938cfa9d73080b9d18d598ed4f49 COREBOOT_SDK_ROOT_picolibc_x86=/home/jpmurphy/.cache/coreboot-sdk/picolibc-i386-elf/eb8e8e687b95461de8cbf278f1c2076952d0ad17 COREBOOT_SDK_ROOT_riscv64=/home/jpmurphy/.cache/coreboot-sdk/riscv64-elf/96b949749225b6aaa92ed810ab769e8dfb12f000 COREBOOT_SDK_ROOT_picolibc_arm=/home/jpmurphy/.cache/coreboot-sdk/picolibc-arm-eabi/422a2aa3e1ef891b5bece9a3deb696ff83840d2e COREBOOT_SDK_ROOT_nds32=/home/jpmurphy/.cache/coreboot-sdk/nds32le-elf/d1a518c4a097666d86058e1444f85ca015d15511 COREBOOT_SDK_ROOT_picolibc_riscv64=/home/jpmurphy/.cache/coreboot-sdk/picolibc-riscv64-elf/f571e990ef0278564b31124f8bb109d9a697eb69 COREBOOT_SDK_ROOT_arm=/home/jpmurphy/.cache/coreboot-sdk/arm-eabi/ea40ddd1d190c3b48435c474c0b545719371813a COREBOOT_SDK_ROOT_libstdcxx_riscv64=/home/jpmurphy/.cache/coreboot-sdk/libstdcxx-riscv64-elf/17abf22a3a252e2d5d2062ced5324f7a623689e0 COREBOOT_SDK_ROOT_libstdcxx_arm=/home/jpmurphy/.cache/coreboot-sdk/libstdcxx-arm-eabi/5d7d82e150e44aa1968f1d366e267e6687b328ac COREBOOT_SDK_ROOT_riscv=/home/jpmurphy/.cache/coreboot-sdk/riscv-elf/9a27b9e82341c6e9126624f516ab3f261abb3e73 COREBOOT_SDK_ROOT_libstdcxx_x86=/home/jpmurphy/.cache/coreboot-sdk/libstdcxx-i386-elf/42ef9d2e87a76a37963175d7d428734e65648b87 PYTHONPATH=/mnt/host/source/src/platform/ec/zephyr/zmake PW_PIGWEED_CIPD_INSTALL_DIR=/usr CROSTC_USER_ACKNOWLEDGES_THAT_RISCV_IS_EXPERIMENTAL=1 MAKEFLAGS=' -j16 --jobserver-auth=5,6' /usr/bin/ninja -C /mnt/host/source/src/platform/ec/build/zephyr/pujjo/build-rw all.libraries`
[pujjo:rw] ninja: Entering directory `/mnt/host/source/src/platform/ec/build/zephyr/pujjo/build-rw'
[brox:rw] [332/388] Building C object modules/ec/zephyr/CMakeFiles/ec_shim.dir/shim/src/adc.c.obj
[pujjo:ro] Building: /usr/bin/ninja -C /mnt/host/source/src/platform/ec/build/zephyr/pujjo/build-ro all.libraries
Running `env -i SHELL=/bin/bash COLORTERM=truecolor DEPOT_TOOLS_UPDATE=0 LESS='-R -M --shift 5' SUDO_GID=0 JDK_HOME=/etc/java-config-2/current-system-vm CONFIG_PROTECT_MASK='/etc/gentoo-release /etc/sandbox.d /etc/fonts/fonts.conf /etc/terminfo /etc/ca-certificates.conf /etc/revdep-rebuild' CHROMEOS_CACHEDIR=/var/cache/chromeos-cache JAVA_HOME=/etc/java-config-2/current-system-vm SSH_AUTH_SOCK=/tmp/ssh-auth-sock SUDO_COMMAND=/bin/bash SUDO_USER=root SUDO_TTY=/dev/pts/2 EDITOR=/usr/bin/vi PWD=/mnt/host/source/src/platform/ec CONFIG_PROTECT=/usr/share/gnupg/qualified.txt LOGNAME=jpmurphy MANPATH=/etc/java-config-2/current-system-vm/man:/usr/local/share/man:/usr/share/man:/usr/share/gcc-data/x86_64-pc-linux-gnu/10.2.0/man:/usr/share/binutils-data/x86_64-pc-linux-gnu/2.45/man:/etc/java-config-2/current-system-vm/man/ SUDO_HOME=/root XAUTHORITY=/run/user/944457/gdm/Xauthority HOME=/home/jpmurphy LANG=C.UTF-8 LS_COLORS='rs=0:di=01;34:ln=01;36:mh=00:pi=40;33:so=01;35:do=01;35:bd=40;33;01:cd=40;33;01:or=01;05;37;41:mi=01;05;37;41:su=37;41:sg=30;43:ca=30;41:tw=30;42:ow=34;42:st=37;44:ex=01;32:*.tar=01;31:*.tgz=01;31:*.arc=01;31:*.arj=01;31:*.taz=01;31:*.lha=01;31:*.lz4=01;31:*.lzh=01;31:*.lzma=01;31:*.tlz=01;31:*.txz=01;31:*.tzo=01;31:*.t7z=01;31:*.zip=01;31:*.z=01;31:*.dz=01;31:*.gz=01;31:*.lrz=01;31:*.lz=01;31:*.lzo=01;31:*.xz=01;31:*.zst=01;31:*.tzst=01;31:*.bz2=01;31:*.bz=01;31:*.tbz=01;31:*.tbz2=01;31:*.tz=01;31:*.deb=01;31:*.rpm=01;31:*.jar=01;31:*.war=01;31:*.ear=01;31:*.sar=01;31:*.rar=01;31:*.alz=01;31:*.ace=01;31:*.zoo=01;31:*.cpio=01;31:*.7z=01;31:*.rz=01;31:*.cab=01;31:*.wim=01;31:*.swm=01;31:*.dwm=01;31:*.esd=01;31:*.jpg=01;35:*.jpeg=01;35:*.mjpg=01;35:*.mjpeg=01;35:*.gif=01;35:*.bmp=01;35:*.pbm=01;35:*.pgm=01;35:*.ppm=01;35:*.tga=01;35:*.xbm=01;35:*.xpm=01;35:*.tif=01;35:*.tiff=01;35:*.png=01;35:*.svg=01;35:*.svgz=01;35:*.mng=01;35:*.pcx=01;35:*.mov=01;35:*.mpg=01;35:*.mpeg=01;35:*.m2v=01;35:*.mkv=01;35:*.webm=01;35:*.webp=01;35:*.ogm=01;35:*.mp4=01;35:*.m4v=01;35:*.mp4v=01;35:*.vob=01;35:*.qt=01;35:*.nuv=01;35:*.wmv=01;35:*.asf=01;35:*.rm=01;35:*.rmvb=01;35:*.flc=01;35:*.avi=01;35:*.fli=01;35:*.flv=01;35:*.gl=01;35:*.dl=01;35:*.xcf=01;35:*.xwd=01;35:*.yuv=01;35:*.cgm=01;35:*.emf=01;35:*.ogv=01;35:*.ogx=01;35:*.cfg=00;32:*.conf=00;32:*.diff=00;32:*.doc=00;32:*.ini=00;32:*.log=00;32:*.patch=00;32:*.pdf=00;32:*.ps=00;32:*.tex=00;32:*.txt=00;32:*.aac=00;36:*.au=00;36:*.flac=00;36:*.m4a=00;36:*.mid=00;36:*.midi=00;36:*.mka=00;36:*.mp3=00;36:*.mpc=00;36:*.ogg=00;36:*.ra=00;36:*.wav=00;36:*.oga=00;36:*.opus=00;36:*.spx=00;36:*.xspf=00;36:' XDG_CURRENT_DESKTOP=GNOME INFOPATH=/usr/share/info:/usr/share/gcc-data/x86_64-pc-linux-gnu/10.2.0/info:/usr/share/binutils-data/x86_64-pc-linux-gnu/2.45/info:/usr/share/automake-1.16.5/info JAVAC=/etc/java-config-2/current-system-vm/bin/javac TERM=xterm-256color LESSOPEN='|lesspipe %s' USER=jpmurphy CROS_WORKON_SRCROOT=/mnt/host/source MANPAGER=manpager DISPLAY=:1 SHLVL=1 LC_MESSAGES=C EXTERNAL_TRUNK_PATH=/mnt/8f9d649a-3721-44cc-93c0-e6bd21a9689f/chromiumos GCC_SPECS='' PATH=/mnt/host/source/chromite/bin:/usr/local/bin:/usr/bin:/bin:/opt/bin:/mnt/host/source/chromite/sdk/bin:/mnt/host/source/chromite/bin PORTAGE_USERNAME=jpmurphy SUDO_UID=0 GCC_VER=10.2.0 MAIL=/var/mail/jpmurphy OLDPWD=/mnt/host/source/src/scripts traceparent=00-e87aca51550a78635907baa6a2476181-6d684811675d2973-01 _=./zephyr/firmware_builder.py COREBOOT_SDK_ROOT_x86=/home/jpmurphy/.cache/coreboot-sdk/i386-elf/dfbb0486385d938cfa9d73080b9d18d598ed4f49 COREBOOT_SDK_ROOT_picolibc_x86=/home/jpmurphy/.cache/coreboot-sdk/picolibc-i386-elf/eb8e8e687b95461de8cbf278f1c2076952d0ad17 COREBOOT_SDK_ROOT_riscv64=/home/jpmurphy/.cache/coreboot-sdk/riscv64-elf/96b949749225b6aaa92ed810ab769e8dfb12f000 COREBOOT_SDK_ROOT_picolibc_arm=/home/jpmurphy/.cache/coreboot-sdk/picolibc-arm-eabi/422a2aa3e1ef891b5bece9a3deb696ff83840d2e COREBOOT_SDK_ROOT_nds32=/home/jpmurphy/.cache/coreboot-sdk/nds32le-elf/d1a518c4a097666d86058e1444f85ca015d15511 COREBOOT_SDK_ROOT_picolibc_riscv64=/home/jpmurphy/.cache/coreboot-sdk/picolibc-riscv64-elf/f571e990ef0278564b31124f8bb109d9a697eb69 COREBOOT_SDK_ROOT_arm=/home/jpmurphy/.cache/coreboot-sdk/arm-eabi/ea40ddd1d190c3b48435c474c0b545719371813a COREBOOT_SDK_ROOT_libstdcxx_riscv64=/home/jpmurphy/.cache/coreboot-sdk/libstdcxx-riscv64-elf/17abf22a3a252e2d5d2062ced5324f7a623689e0 COREBOOT_SDK_ROOT_libstdcxx_arm=/home/jpmurphy/.cache/coreboot-sdk/libstdcxx-arm-eabi/5d7d82e150e44aa1968f1d366e267e6687b328ac COREBOOT_SDK_ROOT_riscv=/home/jpmurphy/.cache/coreboot-sdk/riscv-elf/9a27b9e82341c6e9126624f516ab3f261abb3e73 COREBOOT_SDK_ROOT_libstdcxx_x86=/home/jpmurphy/.cache/coreboot-sdk/libstdcxx-i386-elf/42ef9d2e87a76a37963175d7d428734e65648b87 PYTHONPATH=/mnt/host/source/src/platform/ec/zephyr/zmake PW_PIGWEED_CIPD_INSTALL_DIR=/usr CROSTC_USER_ACKNOWLEDGES_THAT_RISCV_IS_EXPERIMENTAL=1 MAKEFLAGS=' -j16 --jobserver-auth=5,6' /usr/bin/ninja -C /mnt/host/source/src/platform/ec/build/zephyr/pujjo/build-ro all.libraries`
[mtlrvpp_npcx:ro] [408/412] Building C object zephyr/kernel/CMakeFiles/kernel.dir/mempool.c.obj
[pujjo:ro] ninja: Entering directory `/mnt/host/source/src/platform/ec/build/zephyr/pujjo/build-ro'
[mtlrvpp_npcx:ro] [409/412] Building C object zephyr/kernel/CMakeFiles/kernel.dir/poll.c.obj
[mtlrvpp_npcx:ro] [410/412] Building C object zephyr/kernel/CMakeFiles/kernel.dir/dynamic_disabled.c.obj
[pujjo:rw] [1/419] Preparing syscall dependency handling
[mtlrvpp_npcx:ro] [411/412] Building C object zephyr/kernel/CMakeFiles/kernel.dir/events.c.obj
[pujjo:rw] [2/419] Generating misc/generated/syscalls_subdirs.trigger
[pujjo:ro] [1/419] Preparing syscall dependency handling
[brox:rw] [333/388] Building C object modules/ec/zephyr/CMakeFiles/ec_shim.dir/shim/src/battery.c.obj
[pujjo:ro] [2/419] Generating misc/generated/syscalls_subdirs.trigger
[mtlrvpp_npcx:ro] [412/412] Linking C static library zephyr/kernel/libkernel.a
[brox:rw] [334/388] Building C object modules/ec/zephyr/CMakeFiles/ec_shim.dir/shim/src/charger.c.obj
[brox:rw] [335/388] Building C object modules/ec/zephyr/CMakeFiles/ec_shim.dir/shim/src/chipset_api.c.obj
[pujjo:ro] [3/419] cd /mnt/host/source/src/platform/ec/build/zephyr/pujjo/build-ro/modules/ec/zephyr && PYTHONPATH=/mnt/host/source/src/platform/ec/build/zephyr/pujjo/modules/ec/zephyr/zmake/ /usr/bin/python3.11 /mnt/host/source/src/platform/ec/build/zephyr/pujjo/modules/ec/zephyr/zmake/zephyr_build_tools/generate_ec_version.py /mnt/host/source/src/platform/ec/build/zephyr/pujjo/build-ro/modules/ec/zephyr/include/ec_version.h --name Zephyr-Kernel --version 16543.0.0 --static
[pujjo:ro] INFO:root:Using a static version string
[pujjo:rw] [3/419] Generating include/generated/zephyr/version.h
[pujjo:rw] -- git describe warned: warning: tag 'upstream/v2.7.99' is externally known as 'v2.7.99'
[pujjo:rw] -- Zephyr version: 4.3.99 (/mnt/host/source/src/third_party/zephyr/main)
[pujjo:rw] [4/419] cd /mnt/host/source/src/platform/ec/build/zephyr/pujjo/build-rw/modules/ec/zephyr && PYTHONPATH=/mnt/host/source/src/platform/ec/build/zephyr/pujjo/modules/ec/zephyr/zmake/ /usr/bin/python3.11 /mnt/host/source/src/platform/ec/build/zephyr/pujjo/modules/ec/zephyr/zmake/zephyr_build_tools/generate_ec_version.py /mnt/host/source/src/platform/ec/build/zephyr/pujjo/build-rw/modules/ec/zephyr/include/ec_version.h --name Zephyr-Kernel --version 16543.0.0 --static
[brox:rw] [336/388] Building C object modules/ec/zephyr/CMakeFiles/ec_shim.dir/shim/src/espi.c.obj
[pujjo:ro] INFO:root:Version string: Zephyr-Kernel-16543.0.0
[pujjo:ro] INFO:root:Writing header to /mnt/host/source/src/platform/ec/build/zephyr/pujjo/build-ro/modules/ec/zephyr/include/ec_version.h
[pujjo:ro] [4/419] Generating include/generated/zephyr/version.h
[brox:rw] [337/388] Building C object modules/ec/zephyr/CMakeFiles/ec_shim.dir/shim/src/flash.c.obj
[brox:rw] [338/388] Building C object modules/ec/zephyr/CMakeFiles/ec_shim.dir/shim/src/hooks.c.obj
[brox:rw] [339/388] Building C object modules/ec/zephyr/CMakeFiles/ec_shim.dir/shim/src/host_command.c.obj
[brox:rw] [340/388] Building C object modules/ec/zephyr/CMakeFiles/ec_shim.dir/shim/src/fan.c.obj
[brox:rw] [341/388] Building C object modules/ec/zephyr/CMakeFiles/ec_shim.dir/shim/src/mkbp_event.c.obj
[brox:rw] [342/388] Building C object modules/ec/zephyr/CMakeFiles/ec_shim.dir/shim/src/console_buffer.c.obj
[epic:ro] Configuring.
Running `env -i PYTHONPATH=/usr/lib64/python-exec/python3.11:/mnt/host/source/src/platform/ec/zephyr/zmake:/usr/lib/python311.zip:/usr/lib/python3.11:/usr/lib/python3.11/lib-dynload:/usr/lib/python3.11/site-packages PW_PIGWEED_CIPD_INSTALL_DIR=/usr CROSTC_USER_ACKNOWLEDGES_THAT_RISCV_IS_EXPERIMENTAL=1 PATH=/mnt/host/source/chromite/bin:/usr/local/bin:/usr/bin:/bin:/opt/bin:/mnt/host/source/chromite/sdk/bin:/mnt/host/source/chromite/bin HOME=/home/jpmurphy JAVA_HOME=/etc/java-config-2/current-system-vm JDK_HOME=/etc/java-config-2/current-system-vm JAVAC=/etc/java-config-2/current-system-vm/bin/javac MAKEFLAGS=' -j16 --jobserver-auth=5,6' /usr/bin/cmake -S /mnt/host/source/src/platform/ec/zephyr/program/nissa -B /mnt/host/source/src/platform/ec/build/zephyr/epic/build-ro -GNinja -DCMAKE_EXPORT_COMPILE_COMMANDS=ON -DZEPHYR_BASE=/mnt/host/source/src/third_party/zephyr/main -DZMAKE_INCLUDE_DIR=/mnt/host/source/src/platform/ec/build/zephyr/epic/include -DPython3_EXECUTABLE=/usr/bin/python3.11 -DDTS_ROOT=/mnt/host/source/src/platform/ec/zephyr -DSYSCALL_INCLUDE_DIRS=/mnt/host/source/src/platform/ec/zephyr/include/drivers -DUSER_CACHE_DIR=/mnt/host/source/src/platform/ec/build/zephyr/user-cache '-DEXTRA_EC_VERSION_FLAGS=--version 16543.0.0 --static' -DTOOLCHAIN_ROOT=/mnt/host/source/src/platform/ec/zephyr -DCOREBOOT_SDK_ROOT_x86=/home/jpmurphy/.cache/coreboot-sdk/i386-elf/dfbb0486385d938cfa9d73080b9d18d598ed4f49 -DCOREBOOT_SDK_ROOT_picolibc_x86=/home/jpmurphy/.cache/coreboot-sdk/picolibc-i386-elf/eb8e8e687b95461de8cbf278f1c2076952d0ad17 -DCOREBOOT_SDK_ROOT_riscv64=/home/jpmurphy/.cache/coreboot-sdk/riscv64-elf/96b949749225b6aaa92ed810ab769e8dfb12f000 -DCOREBOOT_SDK_ROOT_picolibc_arm=/home/jpmurphy/.cache/coreboot-sdk/picolibc-arm-eabi/422a2aa3e1ef891b5bece9a3deb696ff83840d2e -DCOREBOOT_SDK_ROOT_nds32=/home/jpmurphy/.cache/coreboot-sdk/nds32le-elf/d1a518c4a097666d86058e1444f85ca015d15511 -DCOREBOOT_SDK_ROOT_picolibc_riscv64=/home/jpmurphy/.cache/coreboot-sdk/picolibc-riscv64-elf/f571e990ef0278564b31124f8bb109d9a697eb69 -DCOREBOOT_SDK_ROOT_arm=/home/jpmurphy/.cache/coreboot-sdk/arm-eabi/ea40ddd1d190c3b48435c474c0b545719371813a -DCOREBOOT_SDK_ROOT_libstdcxx_riscv64=/home/jpmurphy/.cache/coreboot-sdk/libstdcxx-riscv64-elf/17abf22a3a252e2d5d2062ced5324f7a623689e0 -DCOREBOOT_SDK_ROOT_libstdcxx_arm=/home/jpmurphy/.cache/coreboot-sdk/libstdcxx-arm-eabi/5d7d82e150e44aa1968f1d366e267e6687b328ac -DCOREBOOT_SDK_ROOT_riscv=/home/jpmurphy/.cache/coreboot-sdk/riscv-elf/9a27b9e82341c6e9126624f516ab3f261abb3e73 -DCOREBOOT_SDK_ROOT_libstdcxx_x86=/home/jpmurphy/.cache/coreboot-sdk/libstdcxx-i386-elf/42ef9d2e87a76a37963175d7d428734e65648b87 -DZEPHYR_TOOLCHAIN_VARIANT=coreboot-sdk -DZEPHYR_MODULES=/mnt/host/source/src/platform/ec/build/zephyr/epic/modules/ec -DDTC_OVERLAY_FILE=/mnt/host/source/src/platform/ec/zephyr/program/nissa/epic/project.overlay -DBOARD=it8xxx2/it81302bx -DCMAKE_C_FLAGS=-DSECTION_IS_RO '-DCONF_FILE=/mnt/host/source/src/platform/ec/zephyr/program/nissa/program.conf;/mnt/host/source/src/platform/ec/zephyr/program/nissa/it8xxx2_program.conf;/mnt/host/source/src/platform/ec/zephyr/program/nissa/epic/project.conf;/mnt/host/source/src/platform/ec/build/zephyr/epic/kconfig-ro.conf'`
[pujjo:rw] INFO:root:Using a static version string
[pujjo:rw] INFO:root:Version string: Zephyr-Kernel-16543.0.0
[pujjo:rw] INFO:root:Writing header to /mnt/host/source/src/platform/ec/build/zephyr/pujjo/build-rw/modules/ec/zephyr/include/ec_version.h
[pujjo:rw] [5/419] Generating misc/generated/syscalls.json, misc/generated/struct_tags.json
[epic:ro] Loading Zephyr default modules (Zephyr base (cached)).
[epic:ro] -- Application: /mnt/host/source/src/platform/ec/zephyr/program/nissa
[epic:ro] -- CMake version: 3.31.7
[pujjo:ro] -- git describe warned: warning: tag 'upstream/v2.7.99' is externally known as 'v2.7.99'
[pujjo:ro] -- Zephyr version: 4.3.99 (/mnt/host/source/src/third_party/zephyr/main)
[pujjo:ro] [5/419] Generating misc/generated/syscalls.json, misc/generated/struct_tags.json
[pujjo:rw] [6/419] Generating include/generated/zephyr/syscall_dispatch.c, include/generated/zephyr/syscall_exports_llext.c, syscall_weakdefs_llext.c, include/generated/zephyr/syscall_list.h
[brox:rw] [343/388] Building C object modules/ec/zephyr/CMakeFiles/ec_shim.dir/shim/src/motionsense_sensors.c.obj
[pujjo:ro] [6/419] Generating include/generated/zephyr/syscall_dispatch.c, include/generated/zephyr/syscall_exports_llext.c, syscall_weakdefs_llext.c, include/generated/zephyr/syscall_list.h
[buccaneer:ro] -- Board: google_quincy, qualifiers: npcx9mfp
[pujjo:rw] [7/419] Generating include/generated/zephyr/driver-validation.h
[buccaneer:rw] -- Board: google_quincy, qualifiers: npcx9mfp
[pujjo:rw] [8/419] Generating include/generated/device-api-sections.ld, include/generated/device-api-sections.cmake
[pujjo:rw] [9/419] Generating include/generated/zephyr/kobj-types-enum.h, include/generated/zephyr/otype-to-str.h, include/generated/zephyr/otype-to-size.h
Running (initial) lcov on /mnt/host/source/src/platform/ec/build/zephyr/mtlrvpp_npcx.
[pujjo:ro] [7/419] Generating include/generated/zephyr/driver-validation.h
[brox:rw] [344/388] Building C object modules/ec/zephyr/CMakeFiles/ec_shim.dir/shim/src/panic.c.obj
[epic:ro] -- Found Python3: /usr/bin/python3.11 (found suitable version "3.11.11", minimum required is "3.10") found components: Interpreter
[epic:ro] -- Cache files will be written to: /mnt/host/source/src/platform/ec/build/zephyr/user-cache
[epic:ro] -- Zephyr version: 4.3.99 (/mnt/host/source/src/third_party/zephyr/main)
[brox:rw] [345/388] Building C object modules/ec/zephyr/CMakeFiles/ec_shim.dir/shim/src/thermal.c.obj
[brox:rw] [346/388] Building C object modules/ec/zephyr/CMakeFiles/ec_shim.dir/shim/src/temp_sensors.c.obj
[brox:rw] [347/388] Building C object modules/ec/zephyr/CMakeFiles/ec_shim.dir/shim/src/pwm_hc.c.obj
[brox:rw] [348/388] Building C object modules/ec/zephyr/CMakeFiles/ec_shim.dir/shim/src/hwtimer.c.obj
[pujjo:ro] [8/419] Generating include/generated/zephyr/kobj-types-enum.h, include/generated/zephyr/otype-to-str.h, include/generated/zephyr/otype-to-size.h
[pujjo:ro] [9/419] Generating include/generated/device-api-sections.ld, include/generated/device-api-sections.cmake
Running `env -i PYTHONPATH=/usr/lib64/python-exec/python3.11:/mnt/host/source/src/platform/ec/zephyr/zmake:/usr/lib/python311.zip:/usr/lib/python3.11:/usr/lib/python3.11/lib-dynload:/usr/lib/python3.11/site-packages PW_PIGWEED_CIPD_INSTALL_DIR=/usr CROSTC_USER_ACKNOWLEDGES_THAT_RISCV_IS_EXPERIMENTAL=1 PATH=/mnt/host/source/chromite/bin:/usr/local/bin:/usr/bin:/bin:/opt/bin:/mnt/host/source/chromite/sdk/bin:/mnt/host/source/chromite/bin HOME=/home/jpmurphy JAVA_HOME=/etc/java-config-2/current-system-vm JDK_HOME=/etc/java-config-2/current-system-vm JAVAC=/etc/java-config-2/current-system-vm/bin/javac MAKEFLAGS=' -j16 --jobserver-auth=5,6' /usr/bin/lcov --gcov-tool /mnt/host/source/src/platform/ec/build/zephyr/mtlrvpp_npcx/build-rw/gcov.sh -q -o - -c -d /mnt/host/source/src/platform/ec/build/zephyr/mtlrvpp_npcx -t mtlrvpp_npcx --rc branch_coverage=1 --filter range --ignore-errors inconsistent,source --ignore-errors gcov,gcov -i`
[brox:rw] [349/388] Building C object modules/ec/zephyr/CMakeFiles/ec_shim.dir/shim/src/i2c.c.obj
[brox:rw] [350/388] Building C object modules/ec/zephyr/CMakeFiles/ec_shim.dir/shim/src/tasks.c.obj
[brox:rw] [351/388] Building C object modules/ec/zephyr/CMakeFiles/ec_shim.dir/shim/src/watchdog.c.obj
[/mnt/host/source/src/platform/ec/build/zephyr/ocicat-lcov]   /mnt/host/source/src/platform/ec/build/zephyr/ocicat/build-ro/zephyr/CMakeFiles/zephyr.dir/subsys/shell/modules/kernel_service/kernel_shell.c.gcno:no functions found
[/mnt/host/source/src/platform/ec/build/zephyr/ocicat-lcov] stderr:
[brox:rw] [352/388] Building C object modules/ec/zephyr/CMakeFiles/ec_shim.dir/shim/src/usba.c.obj
[pujjo:rw] [10/419] Building C object zephyr/CMakeFiles/offsets.dir/arch/arm/core/offsets/offsets.c.obj
[brox:rw] [353/388] Building C object zephyr/kernel/CMakeFiles/kernel.dir/main_weak.c.obj
[brox:rw] [354/388] Building C object zephyr/kernel/CMakeFiles/kernel.dir/busy_wait.c.obj
[brox:rw] [355/388] Building C object modules/ec/zephyr/CMakeFiles/ec_shim.dir/shim/src/power_host_sleep_api.c.obj
[pujjo:rw] [11/419] Generating include/generated/zephyr/offsets.h
[/mnt/host/source/src/platform/ec/build/zephyr/ocicat-lcov]   /mnt/host/source/src/platform/ec/build/zephyr/ocicat/build-ro/zephyr/CMakeFiles/zephyr.dir/lib/libc/validate_libc.c.gcno:no functions found
[/mnt/host/source/src/platform/ec/build/zephyr/ocicat-lcov] stderr:
[brox:rw] [356/388] Building C object modules/ec/zephyr/CMakeFiles/ec_shim.dir/shim/src/sha256_hw.c.obj
[brox:rw] [357/388] Building C object zephyr/kernel/CMakeFiles/kernel.dir/banner.c.obj
[pujjo:ro] [10/419] Building C object zephyr/CMakeFiles/offsets.dir/arch/arm/core/offsets/offsets.c.obj
[brox:rw] [358/388] Linking C static library modules/ec/zephyr/libec_shim.a
[brox:rw] [359/388] Building C object zephyr/kernel/CMakeFiles/kernel.dir/device.c.obj
[brox:rw] [360/388] Building C object zephyr/kernel/CMakeFiles/kernel.dir/version.c.obj
[brox:rw] [361/388] Building C object zephyr/kernel/CMakeFiles/kernel.dir/errno.c.obj
[brox:rw] [362/388] Building C object zephyr/kernel/CMakeFiles/kernel.dir/fatal.c.obj
[pujjo:ro] [11/419] Generating include/generated/zephyr/offsets.h
[/mnt/host/source/src/platform/ec/build/zephyr/mtlrvpp_npcx-lcov] geninfo: WARNING: using JSON module "JSON::PP" - which is much slower than some alternatives.  Consider installing one of JSON::XS or Cpanel::JSON::XS
[epic:ro] -- Board: it8xxx2, qualifiers: it81302bx
[brox:rw] [363/388] Building C object zephyr/kernel/CMakeFiles/kernel.dir/init.c.obj
[brox:rw] [364/388] Building C object zephyr/kernel/CMakeFiles/kernel.dir/kheap.c.obj
[brox:rw] [365/388] Building C object zephyr/kernel/CMakeFiles/kernel.dir/float.c.obj
[brox:rw] [366/388] Building C object zephyr/kernel/CMakeFiles/kernel.dir/mem_slab.c.obj
[buccaneer:ro] -- Found Dtc: /usr/bin/dtc (found suitable version "1.6.0", minimum required is "1.4.6")
[buccaneer:ro] -- Found BOARD.dts: /mnt/host/source/src/third_party/zephyr/main/boards/google/quincy/google_quincy.dts
[buccaneer:ro] -- Found devicetree overlay: /mnt/host/source/src/platform/ec/zephyr/program/fpmcu/helipilot/buccaneer.dts
[pujjo:rw] [12/419] Building C object CMakeFiles/app.dir/mnt/host/source/src/platform/ec/zephyr/subsys/ap_pwrseq/ap_events.c.obj
[brox:rw] [367/388] Building C object zephyr/kernel/CMakeFiles/kernel.dir/idle.c.obj
[buccaneer:rw] -- Found Dtc: /usr/bin/dtc (found suitable version "1.6.0", minimum required is "1.4.6")
[buccaneer:rw] -- Found BOARD.dts: /mnt/host/source/src/third_party/zephyr/main/boards/google/quincy/google_quincy.dts
[buccaneer:rw] -- Found devicetree overlay: /mnt/host/source/src/platform/ec/zephyr/program/fpmcu/helipilot/buccaneer.dts
[brox:rw] [368/388] Building C object zephyr/kernel/CMakeFiles/kernel.dir/msg_q.c.obj
[brox:rw] [369/388] Building C object zephyr/kernel/CMakeFiles/kernel.dir/mutex.c.obj
[brox:rw] [370/388] Building C object zephyr/kernel/CMakeFiles/kernel.dir/mailbox.c.obj
[brox:rw] [371/388] Building C object zephyr/kernel/CMakeFiles/kernel.dir/queue.c.obj
[pujjo:ro] [12/419] Building C object CMakeFiles/app.dir/mnt/host/source/src/platform/ec/zephyr/subsys/ap_pwrseq/ap_events.c.obj
[/mnt/host/source/src/platform/ec/build/zephyr/ocicat-lcov]   /mnt/host/source/src/platform/ec/build/zephyr/ocicat/build-ro/zephyr/CMakeFiles/zephyr.dir/lib/utils/last_section_id.c.gcno:no functions found
[/mnt/host/source/src/platform/ec/build/zephyr/ocicat-lcov] stderr:
[brox:rw] [372/388] Building C object zephyr/kernel/CMakeFiles/kernel.dir/system_work_q.c.obj
[brox:rw] [373/388] Building C object zephyr/kernel/CMakeFiles/kernel.dir/sem.c.obj
[brox:rw] [374/388] Building C object zephyr/kernel/CMakeFiles/kernel.dir/stack.c.obj
[brox:rw] [375/388] Building C object zephyr/kernel/CMakeFiles/kernel.dir/condvar.c.obj
[brox:rw] [376/388] Building C object zephyr/kernel/CMakeFiles/kernel.dir/work.c.obj
[brox:rw] [377/388] Building C object zephyr/kernel/CMakeFiles/kernel.dir/thread.c.obj
[brox:rw] [378/388] Building C object zephyr/kernel/CMakeFiles/kernel.dir/pipe.c.obj
[brox:rw] [379/388] Building C object zephyr/kernel/CMakeFiles/kernel.dir/spinlock_validate.c.obj
[pujjo:rw] [13/419] Building C object CMakeFiles/app.dir/mnt/host/source/src/platform/ec/zephyr/subsys/ap_pwrseq/ap_power_interface.c.obj
[/mnt/host/source/src/platform/ec/build/zephyr/mtlrvpp_npcx-lcov] stderr:
[brox:rw] [380/388] Building C object zephyr/kernel/CMakeFiles/kernel.dir/thread_monitor.c.obj
Toolchain <zmake.toolchains.CorebootSdkToolchain object at 0x7f412074ba50> selected by probe function.
[quenbi] Building in /mnt/host/source/src/platform/ec/build/zephyr/quenbi.
[brox:rw] [381/388] Building C object zephyr/kernel/CMakeFiles/kernel.dir/sched.c.obj
[brox:rw] [382/388] Building C object zephyr/kernel/CMakeFiles/kernel.dir/timeout.c.obj
[brox:rw] [383/388] Building C object zephyr/kernel/CMakeFiles/kernel.dir/timer.c.obj
[buccaneer:ro] -- Generated zephyr.dts: /mnt/host/source/src/platform/ec/build/zephyr/buccaneer/build-ro/zephyr/zephyr.dts
[/mnt/host/source/src/platform/ec/build/zephyr/mtlrvpp_npcx-lcov]   /mnt/host/source/src/platform/ec/build/zephyr/mtlrvpp_npcx/build-ro/modules/ec/zephyr/CMakeFiles/ec_shim.dir/shim/src/thermal.c.gcno:no functions found
[/mnt/host/source/src/platform/ec/build/zephyr/mtlrvpp_npcx-lcov] stderr:
[pujjo:ro] [13/419] Building C object CMakeFiles/app.dir/mnt/host/source/src/platform/ec/zephyr/subsys/ap_pwrseq/ap_power_interface.c.obj
[epic:ro] -- Found Dtc: /usr/bin/dtc (found suitable version "1.6.0", minimum required is "1.4.6")
[epic:ro] -- Found BOARD.dts: /mnt/host/source/src/platform/ec/zephyr/boards/google/it8xxx2/it8xxx2_it81302bx.dts
[epic:ro] -- Found devicetree overlay: /mnt/host/source/src/platform/ec/zephyr/program/nissa/epic/project.overlay
[brox:rw] [384/388] Building C object zephyr/kernel/CMakeFiles/kernel.dir/poll.c.obj
[brox:rw] [385/388] Building C object zephyr/kernel/CMakeFiles/kernel.dir/events.c.obj
[brox:rw] [386/388] Building C object zephyr/kernel/CMakeFiles/kernel.dir/dynamic_disabled.c.obj
[quenbi:rw] Configuring.
Running `env -i PYTHONPATH=/usr/lib64/python-exec/python3.11:/mnt/host/source/src/platform/ec/zephyr/zmake:/usr/lib/python311.zip:/usr/lib/python3.11:/usr/lib/python3.11/lib-dynload:/usr/lib/python3.11/site-packages PW_PIGWEED_CIPD_INSTALL_DIR=/usr CROSTC_USER_ACKNOWLEDGES_THAT_RISCV_IS_EXPERIMENTAL=1 PATH=/mnt/host/source/chromite/bin:/usr/local/bin:/usr/bin:/bin:/opt/bin:/mnt/host/source/chromite/sdk/bin:/mnt/host/source/chromite/bin HOME=/home/jpmurphy JAVA_HOME=/etc/java-config-2/current-system-vm JDK_HOME=/etc/java-config-2/current-system-vm JAVAC=/etc/java-config-2/current-system-vm/bin/javac MAKEFLAGS=' -j16 --jobserver-auth=5,6' /usr/bin/cmake -S /mnt/host/source/src/platform/ec/zephyr/program/bluey -B /mnt/host/source/src/platform/ec/build/zephyr/quenbi/build-rw -GNinja -DCMAKE_EXPORT_COMPILE_COMMANDS=ON -DZEPHYR_BASE=/mnt/host/source/src/third_party/zephyr/main -DZMAKE_INCLUDE_DIR=/mnt/host/source/src/platform/ec/build/zephyr/quenbi/include -DPython3_EXECUTABLE=/usr/bin/python3.11 -DDTS_ROOT=/mnt/host/source/src/platform/ec/zephyr -DSYSCALL_INCLUDE_DIRS=/mnt/host/source/src/platform/ec/zephyr/include/drivers -DUSER_CACHE_DIR=/mnt/host/source/src/platform/ec/build/zephyr/user-cache '-DEXTRA_EC_VERSION_FLAGS=--version 16543.0.0 --static' -DTOOLCHAIN_ROOT=/mnt/host/source/src/platform/ec/zephyr -DCOREBOOT_SDK_ROOT_x86=/home/jpmurphy/.cache/coreboot-sdk/i386-elf/dfbb0486385d938cfa9d73080b9d18d598ed4f49 -DCOREBOOT_SDK_ROOT_picolibc_x86=/home/jpmurphy/.cache/coreboot-sdk/picolibc-i386-elf/eb8e8e687b95461de8cbf278f1c2076952d0ad17 -DCOREBOOT_SDK_ROOT_riscv64=/home/jpmurphy/.cache/coreboot-sdk/riscv64-elf/96b949749225b6aaa92ed810ab769e8dfb12f000 -DCOREBOOT_SDK_ROOT_picolibc_arm=/home/jpmurphy/.cache/coreboot-sdk/picolibc-arm-eabi/422a2aa3e1ef891b5bece9a3deb696ff83840d2e -DCOREBOOT_SDK_ROOT_nds32=/home/jpmurphy/.cache/coreboot-sdk/nds32le-elf/d1a518c4a097666d86058e1444f85ca015d15511 -DCOREBOOT_SDK_ROOT_picolibc_riscv64=/home/jpmurphy/.cache/coreboot-sdk/picolibc-riscv64-elf/f571e990ef0278564b31124f8bb109d9a697eb69 -DCOREBOOT_SDK_ROOT_arm=/home/jpmurphy/.cache/coreboot-sdk/arm-eabi/ea40ddd1d190c3b48435c474c0b545719371813a -DCOREBOOT_SDK_ROOT_libstdcxx_riscv64=/home/jpmurphy/.cache/coreboot-sdk/libstdcxx-riscv64-elf/17abf22a3a252e2d5d2062ced5324f7a623689e0 -DCOREBOOT_SDK_ROOT_libstdcxx_arm=/home/jpmurphy/.cache/coreboot-sdk/libstdcxx-arm-eabi/5d7d82e150e44aa1968f1d366e267e6687b328ac -DCOREBOOT_SDK_ROOT_riscv=/home/jpmurphy/.cache/coreboot-sdk/riscv-elf/9a27b9e82341c6e9126624f516ab3f261abb3e73 -DCOREBOOT_SDK_ROOT_libstdcxx_x86=/home/jpmurphy/.cache/coreboot-sdk/libstdcxx-i386-elf/42ef9d2e87a76a37963175d7d428734e65648b87 -DZEPHYR_TOOLCHAIN_VARIANT=coreboot-sdk '-DZEPHYR_MODULES=/mnt/host/source/src/platform/ec/build/zephyr/quenbi/modules/cmsis;/mnt/host/source/src/platform/ec/build/zephyr/quenbi/modules/cmsis_6;/mnt/host/source/src/platform/ec/build/zephyr/quenbi/modules/ec' -DDTC_OVERLAY_FILE=/mnt/host/source/src/platform/ec/zephyr/program/bluey/quenbi/project.overlay -DBOARD=npcx9/npcx9m7f -DCMAKE_C_FLAGS=-DSECTION_IS_RW '-DCONF_FILE=/mnt/host/source/src/platform/ec/zephyr/program/bluey/program.conf;/mnt/host/source/src/platform/ec/zephyr/program/bluey/quenbi/project.conf;/mnt/host/source/src/platform/ec/build/zephyr/quenbi/kconfig-rw.conf'`
[buccaneer:rw] -- Generated zephyr.dts: /mnt/host/source/src/platform/ec/build/zephyr/buccaneer/build-rw/zephyr/zephyr.dts
[buccaneer:rw] -- Generated pickled edt: /mnt/host/source/src/platform/ec/build/zephyr/buccaneer/build-rw/zephyr/edt.pickle
[quenbi:rw] Loading Zephyr default modules (Zephyr base (cached)).
[quenbi:rw] -- Application: /mnt/host/source/src/platform/ec/zephyr/program/bluey
[/mnt/host/source/src/platform/ec/build/zephyr/mtlrvpp_npcx-lcov]   /mnt/host/source/src/platform/ec/build/zephyr/mtlrvpp_npcx/build-ro/modules/ec/zephyr/CMakeFiles/ec_shim.dir/shim/src/battery.c.gcno:no functions found
[/mnt/host/source/src/platform/ec/build/zephyr/mtlrvpp_npcx-lcov] stderr:
[quenbi:ro] Configuring.
Running `env -i PYTHONPATH=/usr/lib64/python-exec/python3.11:/mnt/host/source/src/platform/ec/zephyr/zmake:/usr/lib/python311.zip:/usr/lib/python3.11:/usr/lib/python3.11/lib-dynload:/usr/lib/python3.11/site-packages PW_PIGWEED_CIPD_INSTALL_DIR=/usr CROSTC_USER_ACKNOWLEDGES_THAT_RISCV_IS_EXPERIMENTAL=1 PATH=/mnt/host/source/chromite/bin:/usr/local/bin:/usr/bin:/bin:/opt/bin:/mnt/host/source/chromite/sdk/bin:/mnt/host/source/chromite/bin HOME=/home/jpmurphy JAVA_HOME=/etc/java-config-2/current-system-vm JDK_HOME=/etc/java-config-2/current-system-vm JAVAC=/etc/java-config-2/current-system-vm/bin/javac MAKEFLAGS=' -j16 --jobserver-auth=5,6' /usr/bin/cmake -S /mnt/host/source/src/platform/ec/zephyr/program/bluey -B /mnt/host/source/src/platform/ec/build/zephyr/quenbi/build-ro -GNinja -DCMAKE_EXPORT_COMPILE_COMMANDS=ON -DZEPHYR_BASE=/mnt/host/source/src/third_party/zephyr/main -DZMAKE_INCLUDE_DIR=/mnt/host/source/src/platform/ec/build/zephyr/quenbi/include -DPython3_EXECUTABLE=/usr/bin/python3.11 -DDTS_ROOT=/mnt/host/source/src/platform/ec/zephyr -DSYSCALL_INCLUDE_DIRS=/mnt/host/source/src/platform/ec/zephyr/include/drivers -DUSER_CACHE_DIR=/mnt/host/source/src/platform/ec/build/zephyr/user-cache '-DEXTRA_EC_VERSION_FLAGS=--version 16543.0.0 --static' -DTOOLCHAIN_ROOT=/mnt/host/source/src/platform/ec/zephyr -DCOREBOOT_SDK_ROOT_x86=/home/jpmurphy/.cache/coreboot-sdk/i386-elf/dfbb0486385d938cfa9d73080b9d18d598ed4f49 -DCOREBOOT_SDK_ROOT_picolibc_x86=/home/jpmurphy/.cache/coreboot-sdk/picolibc-i386-elf/eb8e8e687b95461de8cbf278f1c2076952d0ad17 -DCOREBOOT_SDK_ROOT_riscv64=/home/jpmurphy/.cache/coreboot-sdk/riscv64-elf/96b949749225b6aaa92ed810ab769e8dfb12f000 -DCOREBOOT_SDK_ROOT_picolibc_arm=/home/jpmurphy/.cache/coreboot-sdk/picolibc-arm-eabi/422a2aa3e1ef891b5bece9a3deb696ff83840d2e -DCOREBOOT_SDK_ROOT_nds32=/home/jpmurphy/.cache/coreboot-sdk/nds32le-elf/d1a518c4a097666d86058e1444f85ca015d15511 -DCOREBOOT_SDK_ROOT_picolibc_riscv64=/home/jpmurphy/.cache/coreboot-sdk/picolibc-riscv64-elf/f571e990ef0278564b31124f8bb109d9a697eb69 -DCOREBOOT_SDK_ROOT_arm=/home/jpmurphy/.cache/coreboot-sdk/arm-eabi/ea40ddd1d190c3b48435c474c0b545719371813a -DCOREBOOT_SDK_ROOT_libstdcxx_riscv64=/home/jpmurphy/.cache/coreboot-sdk/libstdcxx-riscv64-elf/17abf22a3a252e2d5d2062ced5324f7a623689e0 -DCOREBOOT_SDK_ROOT_libstdcxx_arm=/home/jpmurphy/.cache/coreboot-sdk/libstdcxx-arm-eabi/5d7d82e150e44aa1968f1d366e267e6687b328ac -DCOREBOOT_SDK_ROOT_riscv=/home/jpmurphy/.cache/coreboot-sdk/riscv-elf/9a27b9e82341c6e9126624f516ab3f261abb3e73 -DCOREBOOT_SDK_ROOT_libstdcxx_x86=/home/jpmurphy/.cache/coreboot-sdk/libstdcxx-i386-elf/42ef9d2e87a76a37963175d7d428734e65648b87 -DZEPHYR_TOOLCHAIN_VARIANT=coreboot-sdk '-DZEPHYR_MODULES=/mnt/host/source/src/platform/ec/build/zephyr/quenbi/modules/cmsis;/mnt/host/source/src/platform/ec/build/zephyr/quenbi/modules/cmsis_6;/mnt/host/source/src/platform/ec/build/zephyr/quenbi/modules/ec' -DDTC_OVERLAY_FILE=/mnt/host/source/src/platform/ec/zephyr/program/bluey/quenbi/project.overlay -DBOARD=npcx9/npcx9m7f -DCMAKE_C_FLAGS=-DSECTION_IS_RO '-DCONF_FILE=/mnt/host/source/src/platform/ec/zephyr/program/bluey/program.conf;/mnt/host/source/src/platform/ec/zephyr/program/bluey/quenbi/project.conf;/mnt/host/source/src/platform/ec/build/zephyr/quenbi/kconfig-ro.conf'`
[brox:rw] [387/388] Building C object zephyr/kernel/CMakeFiles/kernel.dir/mempool.c.obj
[/mnt/host/source/src/platform/ec/build/zephyr/mtlrvpp_npcx-lcov]   /mnt/host/source/src/platform/ec/build/zephyr/mtlrvpp_npcx/build-ro/modules/ec/zephyr/CMakeFiles/ec_shim.dir/shim/src/charger.c.gcno:no functions found
[/mnt/host/source/src/platform/ec/build/zephyr/mtlrvpp_npcx-lcov] stderr:
[quenbi:ro] -- Application: /mnt/host/source/src/platform/ec/zephyr/program/bluey
[quenbi:ro] Loading Zephyr default modules (Zephyr base (cached)).
[brox:rw] [388/388] Linking C static library zephyr/kernel/libkernel.a
[pujjo:rw] [14/419] Building C object CMakeFiles/app.dir/mnt/host/source/src/platform/ec/zephyr/subsys/ap_pwrseq/power_signals.c.obj
[buccaneer:ro] -- Generated pickled edt: /mnt/host/source/src/platform/ec/build/zephyr/buccaneer/build-ro/zephyr/edt.pickle
[buccaneer:ro] -- Generated devicetree_generated.h: /mnt/host/source/src/platform/ec/build/zephyr/buccaneer/build-ro/zephyr/include/generated/zephyr/devicetree_generated.h
[pujjo:ro] [14/419] Building C object CMakeFiles/app.dir/mnt/host/source/src/platform/ec/zephyr/subsys/ap_pwrseq/power_signals.c.obj
[buccaneer:rw] -- Generated devicetree_generated.h: /mnt/host/source/src/platform/ec/build/zephyr/buccaneer/build-rw/zephyr/include/generated/zephyr/devicetree_generated.h
[quenbi:ro] -- CMake version: 3.31.7
[quenbi:ro] -- Found Python3: /usr/bin/python3.11 (found suitable version "3.11.11", minimum required is "3.10") found components: Interpreter
[quenbi:ro] -- Cache files will be written to: /mnt/host/source/src/platform/ec/build/zephyr/user-cache
[quenbi:rw] -- CMake version: 3.31.7
[quenbi:rw] -- Found Python3: /usr/bin/python3.11 (found suitable version "3.11.11", minimum required is "3.10") found components: Interpreter
[quenbi:rw] -- Cache files will be written to: /mnt/host/source/src/platform/ec/build/zephyr/user-cache
[quenbi:ro] -- Zephyr version: 4.3.99 (/mnt/host/source/src/third_party/zephyr/main)
[quenbi:rw] -- Zephyr version: 4.3.99 (/mnt/host/source/src/third_party/zephyr/main)
[pujjo:ro] [15/419] Building C object CMakeFiles/app.dir/mnt/host/source/src/platform/ec/zephyr/subsys/ap_pwrseq/signal_gpio.c.obj
[pujjo:rw] [15/419] Building C object CMakeFiles/app.dir/mnt/host/source/src/platform/ec/zephyr/subsys/ap_pwrseq/signal_gpio.c.obj
[pujjo:ro] [16/419] Building C object CMakeFiles/app.dir/mnt/host/source/src/platform/ec/zephyr/subsys/ap_pwrseq/signal_vw.c.obj
[pujjo:ro] [17/419] Building C object CMakeFiles/app.dir/mnt/host/source/src/platform/ec/zephyr/subsys/ap_pwrseq/signal_adc.c.obj
[pujjo:ro] [18/419] Building C object CMakeFiles/app.dir/mnt/host/source/src/platform/ec/zephyr/subsys/ap_pwrseq/power_host_sleep.c.obj
[/mnt/host/source/src/platform/ec/build/zephyr/mtlrvpp_npcx-lcov]   /mnt/host/source/src/platform/ec/build/zephyr/mtlrvpp_npcx/build-ro/modules/ec/zephyr/CMakeFiles/ec_shim.dir/shim/src/usb_muxes.c.gcno:no functions found
[/mnt/host/source/src/platform/ec/build/zephyr/mtlrvpp_npcx-lcov] stderr:
[pujjo:rw] [16/419] Building C object CMakeFiles/app.dir/mnt/host/source/src/platform/ec/zephyr/subsys/ap_pwrseq/signal_vw.c.obj
[pujjo:rw] [17/419] Building C object CMakeFiles/app.dir/mnt/host/source/src/platform/ec/zephyr/subsys/ap_pwrseq/signal_adc.c.obj
[pujjo:rw] [18/419] Building C object CMakeFiles/app.dir/mnt/host/source/src/platform/ec/zephyr/subsys/ap_pwrseq/power_host_sleep.c.obj
[/mnt/host/source/src/platform/ec/build/zephyr/mtlrvpp_npcx-lcov]   /mnt/host/source/src/platform/ec/build/zephyr/mtlrvpp_npcx/build-ro/modules/ec/zephyr/CMakeFiles/ec_shim.dir/shim/src/bb_retimer_usb_mux.c.gcno:no functions found
[/mnt/host/source/src/platform/ec/build/zephyr/mtlrvpp_npcx-lcov] stderr:
[pujjo:ro] [19/419] Building C object CMakeFiles/app.dir/mnt/host/source/src/platform/ec/zephyr/subsys/ap_pwrseq/x86_non_dsx_common_pwrseq_sm_handler.c.obj
[pujjo:ro] [20/419] Building C object CMakeFiles/app.dir/mnt/host/source/src/platform/ec/zephyr/subsys/ap_pwrseq/x86_non_dsx_chipset_power_state.c.obj
[pujjo:ro] [21/419] Building C object CMakeFiles/app.dir/mnt/host/source/src/platform/ec/zephyr/subsys/ap_pwrseq/x86_non_dsx_common_pwrseq_console.c.obj
[pujjo:rw] [19/419] Building C object CMakeFiles/app.dir/mnt/host/source/src/platform/ec/zephyr/subsys/ap_pwrseq/x86_non_dsx_common_pwrseq_sm_handler.c.obj
[pujjo:ro] [22/419] Building C object CMakeFiles/app.dir/mnt/host/source/src/platform/ec/zephyr/subsys/ap_pwrseq/x86_non_dsx_common_pwrseq_host_sleep.c.obj
[epic:ro] -- Generated zephyr.dts: /mnt/host/source/src/platform/ec/build/zephyr/epic/build-ro/zephyr/zephyr.dts
[epic:ro] -- Generated pickled edt: /mnt/host/source/src/platform/ec/build/zephyr/epic/build-ro/zephyr/edt.pickle
[pujjo:ro] [23/419] Building C object CMakeFiles/app.dir/mnt/host/source/src/platform/ec/zephyr/subsys/ap_pwrseq/x86_non_dsx_common_pwrseq_host_command.c.obj
[quenbi:ro] -- Board: npcx9, qualifiers: npcx9m7f
[quenbi:rw] -- Board: npcx9, qualifiers: npcx9m7f
[pujjo:rw] [20/419] Building C object CMakeFiles/app.dir/mnt/host/source/src/platform/ec/zephyr/subsys/ap_pwrseq/x86_non_dsx_chipset_power_state.c.obj
[pujjo:rw] [21/419] Building C object CMakeFiles/app.dir/mnt/host/source/src/platform/ec/zephyr/subsys/ap_pwrseq/x86_non_dsx_common_pwrseq_host_sleep.c.obj
[pujjo:rw] [22/419] Building C object CMakeFiles/app.dir/mnt/host/source/src/platform/ec/zephyr/subsys/ap_pwrseq/x86_non_dsx_common_pwrseq_console.c.obj
[pujjo:ro] [24/419] Building C object CMakeFiles/app.dir/mnt/host/source/src/platform/ec/zephyr/subsys/ap_pwrseq/x86_non_dsx_adlp_pwrseq_sm.c.obj
[epic:ro] -- Generated devicetree_generated.h: /mnt/host/source/src/platform/ec/build/zephyr/epic/build-ro/zephyr/include/generated/zephyr/devicetree_generated.h
[pujjo:ro] [25/419] Building C object CMakeFiles/app.dir/mnt/host/source/src/platform/ec/zephyr/subsys/ap_pwrseq/ap_reset_log.c.obj
[pujjo:ro] [26/419] Building C object CMakeFiles/app.dir/mnt/host/source/src/platform/ec/build/zephyr/pujjo/modules/ec/builtin/stdlib.c.obj
[pujjo:ro] [27/419] Building C object CMakeFiles/app.dir/mnt/host/source/src/platform/ec/build/zephyr/pujjo/modules/ec/common/base32.c.obj
[pujjo:rw] [23/419] Building C object CMakeFiles/app.dir/mnt/host/source/src/platform/ec/zephyr/subsys/ap_pwrseq/x86_non_dsx_common_pwrseq_host_command.c.obj
[pujjo:ro] [28/419] Building C object CMakeFiles/app.dir/mnt/host/source/src/platform/ec/build/zephyr/pujjo/modules/ec/common/console_output.c.obj
[pujjo:rw] [24/419] Building C object CMakeFiles/app.dir/mnt/host/source/src/platform/ec/zephyr/subsys/ap_pwrseq/x86_non_dsx_adlp_pwrseq_sm.c.obj
[pujjo:rw] [25/419] Building C object CMakeFiles/app.dir/mnt/host/source/src/platform/ec/zephyr/subsys/ap_pwrseq/ap_reset_log.c.obj
[pujjo:rw] [26/419] Building C object CMakeFiles/app.dir/mnt/host/source/src/platform/ec/build/zephyr/pujjo/modules/ec/builtin/stdlib.c.obj
[pujjo:ro] [29/419] Building C object CMakeFiles/app.dir/mnt/host/source/src/platform/ec/build/zephyr/pujjo/modules/ec/common/ec_features.c.obj
[pujjo:ro] [30/419] Building C object CMakeFiles/app.dir/mnt/host/source/src/platform/ec/build/zephyr/pujjo/modules/ec/common/gpio_commands.c.obj
[pujjo:ro] [31/419] Building C object CMakeFiles/app.dir/mnt/host/source/src/platform/ec/build/zephyr/pujjo/modules/ec/common/printf.c.obj
[pujjo:rw] [27/419] Building C object CMakeFiles/app.dir/mnt/host/source/src/platform/ec/build/zephyr/pujjo/modules/ec/common/base32.c.obj
[pujjo:ro] [32/419] Building C object CMakeFiles/app.dir/mnt/host/source/src/platform/ec/build/zephyr/pujjo/modules/ec/common/peripheral.c.obj
[epic:ro] /mnt/host/source/src/platform/ec/build/zephyr/epic/build-ro/zephyr/zephyr.dts:1220.27-1924.5: Warning (avoid_unnecessary_addr_size): /soc/pin-controller: unnecessary #address-cells/#size-cells without "ranges" or child "reg" property
[epic:ro] /mnt/host/source/src/platform/ec/build/zephyr/epic/build-ro/zephyr/zephyr.dts:3803.9-3810.5: Warning (gpios_property): /fans/fan_0: Missing property '#gpio-cells' in node /named-gpios/fan-enable or bad phandle (referred from enable-gpio[0])
[quenbi:ro] -- Found Dtc: /usr/bin/dtc (found suitable version "1.6.0", minimum required is "1.4.6")
[quenbi:ro] -- Found BOARD.dts: /mnt/host/source/src/platform/ec/zephyr/boards/google/npcx9/npcx9_npcx9m7f.dts
[quenbi:ro] -- Found devicetree overlay: /mnt/host/source/src/platform/ec/zephyr/program/bluey/quenbi/project.overlay
[pujjo:ro] [33/419] Building C object CMakeFiles/app.dir/mnt/host/source/src/platform/ec/build/zephyr/pujjo/modules/ec/common/queue.c.obj
[quenbi:rw] -- Found Dtc: /usr/bin/dtc (found suitable version "1.6.0", minimum required is "1.4.6")
[quenbi:rw] -- Found BOARD.dts: /mnt/host/source/src/platform/ec/zephyr/boards/google/npcx9/npcx9_npcx9m7f.dts
[quenbi:rw] -- Found devicetree overlay: /mnt/host/source/src/platform/ec/zephyr/program/bluey/quenbi/project.overlay
[pujjo:rw] [28/419] Building C object CMakeFiles/app.dir/mnt/host/source/src/platform/ec/build/zephyr/pujjo/modules/ec/common/console_output.c.obj
[pujjo:rw] [29/419] Building C object CMakeFiles/app.dir/mnt/host/source/src/platform/ec/build/zephyr/pujjo/modules/ec/common/ec_features.c.obj
[pujjo:rw] [30/419] Building C object CMakeFiles/app.dir/mnt/host/source/src/platform/ec/build/zephyr/pujjo/modules/ec/common/gpio_commands.c.obj
[pujjo:ro] [34/419] Building C object CMakeFiles/app.dir/mnt/host/source/src/platform/ec/build/zephyr/pujjo/modules/ec/common/system.c.obj
[pujjo:ro] [35/419] Building C object CMakeFiles/app.dir/mnt/host/source/src/platform/ec/build/zephyr/pujjo/modules/ec/common/system_boot_time.c.obj
[pujjo:ro] [36/419] Building C object CMakeFiles/app.dir/mnt/host/source/src/platform/ec/build/zephyr/pujjo/modules/ec/common/uart_printf.c.obj
[pujjo:ro] [37/419] Building C object CMakeFiles/app.dir/mnt/host/source/src/platform/ec/build/zephyr/pujjo/modules/ec/common/util.c.obj
[/mnt/host/source/src/platform/ec/build/zephyr/mtlrvpp_npcx-lcov]   /mnt/host/source/src/platform/ec/build/zephyr/mtlrvpp_npcx/build-ro/modules/ec/zephyr/CMakeFiles/ec_shim.dir/shim/src/keyscan.c.gcno:no functions found
[/mnt/host/source/src/platform/ec/build/zephyr/mtlrvpp_npcx-lcov] stderr:
[pujjo:rw] [31/419] Building C object CMakeFiles/app.dir/mnt/host/source/src/platform/ec/build/zephyr/pujjo/modules/ec/common/peripheral.c.obj
[buccaneer:ro] warning: Deprecated symbol POSIX_READER_WRITER_LOCKS is enabled.
[pujjo:ro] [38/419] Building C object CMakeFiles/app.dir/mnt/host/source/src/platform/ec/build/zephyr/pujjo/modules/ec/common/version.c.obj
[pujjo:rw] [32/419] Building C object CMakeFiles/app.dir/mnt/host/source/src/platform/ec/build/zephyr/pujjo/modules/ec/common/printf.c.obj
[pujjo:rw] [33/419] Building C object CMakeFiles/app.dir/mnt/host/source/src/platform/ec/build/zephyr/pujjo/modules/ec/common/queue.c.obj
[buccaneer:ro] Parsing /mnt/host/source/src/platform/ec/zephyr/program/fpmcu/Kconfig
[pujjo:rw] [34/419] Building C object CMakeFiles/app.dir/mnt/host/source/src/platform/ec/build/zephyr/pujjo/modules/ec/common/system.c.obj
[pujjo:ro] [39/419] Building C object CMakeFiles/app.dir/mnt/host/source/src/platform/ec/build/zephyr/pujjo/modules/ec/common/power_button_x86.c.obj
[pujjo:ro] [40/419] Building C object CMakeFiles/app.dir/mnt/host/source/src/platform/ec/build/zephyr/pujjo/modules/ec/driver/accel_bma4xx.c.obj
[buccaneer:rw] Parsing /mnt/host/source/src/platform/ec/zephyr/program/fpmcu/Kconfig
[quenbi:ro] -- Generated zephyr.dts: /mnt/host/source/src/platform/ec/build/zephyr/quenbi/build-ro/zephyr/zephyr.dts
[quenbi:ro] -- Generated pickled edt: /mnt/host/source/src/platform/ec/build/zephyr/quenbi/build-ro/zephyr/edt.pickle
[pujjo:ro] [41/419] Building C object CMakeFiles/app.dir/mnt/host/source/src/platform/ec/build/zephyr/pujjo/modules/ec/driver/accel_lis2dw12.c.obj
[pujjo:ro] [42/419] Building C object CMakeFiles/app.dir/mnt/host/source/src/platform/ec/build/zephyr/pujjo/modules/ec/driver/accelgyro_bmi_common.c.obj
[pujjo:rw] [35/419] Building C object CMakeFiles/app.dir/mnt/host/source/src/platform/ec/build/zephyr/pujjo/modules/ec/common/system_boot_time.c.obj
[quenbi:rw] -- Generated zephyr.dts: /mnt/host/source/src/platform/ec/build/zephyr/quenbi/build-rw/zephyr/zephyr.dts
[pujjo:rw] [36/419] Building C object CMakeFiles/app.dir/mnt/host/source/src/platform/ec/build/zephyr/pujjo/modules/ec/common/uart_printf.c.obj
[pujjo:ro] [43/419] Building C object CMakeFiles/app.dir/mnt/host/source/src/platform/ec/build/zephyr/pujjo/modules/ec/driver/accelgyro_bmi3xx.c.obj
[pujjo:rw] [37/419] Building C object CMakeFiles/app.dir/mnt/host/source/src/platform/ec/build/zephyr/pujjo/modules/ec/common/util.c.obj
[pujjo:rw] [38/419] Building C object CMakeFiles/app.dir/mnt/host/source/src/platform/ec/build/zephyr/pujjo/modules/ec/common/version.c.obj
[quenbi:ro] -- Generated devicetree_generated.h: /mnt/host/source/src/platform/ec/build/zephyr/quenbi/build-ro/zephyr/include/generated/zephyr/devicetree_generated.h
[quenbi:rw] -- Generated pickled edt: /mnt/host/source/src/platform/ec/build/zephyr/quenbi/build-rw/zephyr/edt.pickle
[quenbi:rw] -- Generated devicetree_generated.h: /mnt/host/source/src/platform/ec/build/zephyr/quenbi/build-rw/zephyr/include/generated/zephyr/devicetree_generated.h
[buccaneer:ro] Loaded configuration '/mnt/host/source/src/third_party/zephyr/main/boards/google/quincy/google_quincy_defconfig'
[buccaneer:ro] Merged configuration '/mnt/host/source/src/platform/ec/zephyr/program/fpmcu/prj.conf'
[buccaneer:ro] Merged configuration '/mnt/host/source/src/platform/ec/zephyr/program/fpmcu/helipilot/prj.conf'
[buccaneer:ro] Merged configuration '/mnt/host/source/src/platform/ec/zephyr/program/fpmcu/helipilot/ec_quirks.conf'
[buccaneer:ro] Merged configuration '/mnt/host/source/src/platform/ec/build/zephyr/buccaneer/kconfig-ro.conf'
[buccaneer:ro] Configuration saved to '/mnt/host/source/src/platform/ec/build/zephyr/buccaneer/build-ro/zephyr/.config'
[buccaneer:ro] Kconfig header saved to '/mnt/host/source/src/platform/ec/build/zephyr/buccaneer/build-ro/zephyr/include/generated/zephyr/autoconf.h'
[buccaneer:ro] -- Found LlvmLld: /usr/bin/armv7m-cros-eabi-ld.lld (found suitable version "21.0.0", minimum required is "14.0.0")
[pujjo:ro] [44/419] Building C object CMakeFiles/app.dir/mnt/host/source/src/platform/ec/build/zephyr/pujjo/modules/ec/common/motion_sense_fifo.c.obj
[pujjo:ro] [45/419] Building C object CMakeFiles/app.dir/mnt/host/source/src/platform/ec/build/zephyr/pujjo/modules/ec/driver/accelgyro_lsm6dsm.c.obj
[buccaneer:rw] Loaded configuration '/mnt/host/source/src/third_party/zephyr/main/boards/google/quincy/google_quincy_defconfig'
[buccaneer:rw] Merged configuration '/mnt/host/source/src/platform/ec/zephyr/program/fpmcu/prj.conf'
[buccaneer:rw] Merged configuration '/mnt/host/source/src/platform/ec/zephyr/program/fpmcu/helipilot/prj.conf'
[buccaneer:rw] Merged configuration '/mnt/host/source/src/platform/ec/zephyr/program/fpmcu/helipilot/ec_quirks.conf'
[buccaneer:rw] Merged configuration '/mnt/host/source/src/platform/ec/build/zephyr/buccaneer/kconfig-rw.conf'
[buccaneer:rw] Configuration saved to '/mnt/host/source/src/platform/ec/build/zephyr/buccaneer/build-rw/zephyr/.config'
[buccaneer:rw] Kconfig header saved to '/mnt/host/source/src/platform/ec/build/zephyr/buccaneer/build-rw/zephyr/include/generated/zephyr/autoconf.h'
[buccaneer:rw] -- Found LlvmLld: /usr/bin/armv7m-cros-eabi-ld.lld (found suitable version "21.0.0", minimum required is "14.0.0")
[buccaneer:ro] -- The C compiler identification is Clang 21.0.0
[buccaneer:rw] -- The C compiler identification is Clang 21.0.0
[epic:ro] warning: PLATFORM_EC_LED_COMMON (defined at /mnt/host/source/src/platform/ec/zephyr/Kconfig.led:5)
[epic:ro] was assigned the value 'y' but got the value 'n'. Check these unsatisfied dependencies:
[epic:ro] (!PLATFORM_EC_LED_DT) (=n). See
[epic:ro] http://docs.zephyrproject.org/latest/kconfig.html#CONFIG_PLATFORM_EC_LED_COMMON and/or look up
[epic:ro] PLATFORM_EC_LED_COMMON in the menuconfig/guiconfig interface. The Application Development Primer,
[epic:ro] Setting Configuration Values, and Kconfig - Tips and Best Practices sections of the manual might be
[epic:ro] helpful too.
[epic:ro] warning: PLATFORM_EC_LED_ONOFF_STATES (defined at
[epic:ro] /mnt/host/source/src/platform/ec/zephyr/Kconfig.led:157) was assigned the value 'y' but got the
[epic:ro] value 'n'. Check these unsatisfied dependencies: PLATFORM_EC_LED_COMMON (=n). See
[epic:ro] http://docs.zephyrproject.org/latest/kconfig.html#CONFIG_PLATFORM_EC_LED_ONOFF_STATES and/or look up
[epic:ro] PLATFORM_EC_LED_ONOFF_STATES in the menuconfig/guiconfig interface. The Application Development
[epic:ro] Primer, Setting Configuration Values, and Kconfig - Tips and Best Practices sections of the manual
[epic:ro] might be helpful too.
[epic:ro] warning: TASK_HOSTCMD_STACK_SIZE (defined at
[epic:ro] /mnt/host/source/src/platform/ec/zephyr/Kconfig.stacks:52,
[epic:ro] /mnt/host/source/src/platform/ec/zephyr/Kconfig.tasks:123) was assigned the value '1280' but got the
[epic:ro] value '1152'. See http://docs.zephyrproject.org/latest/kconfig.html#CONFIG_TASK_HOSTCMD_STACK_SIZE
[epic:ro] and/or look up TASK_HOSTCMD_STACK_SIZE in the menuconfig/guiconfig interface. The Application
[epic:ro] Development Primer, Setting Configuration Values, and Kconfig - Tips and Best Practices sections of
[epic:ro] the manual might be helpful too.
[epic:ro] warning: The choice symbol PLATFORM_EC_USB_PD_DISCHARGE_TCPC (defined at
[epic:ro] /mnt/host/source/src/platform/ec/zephyr/Kconfig.pd_discharge:26) was selected (set =y), but no
[epic:ro] symbol ended up as the choice selection. See
[epic:ro] http://docs.zephyrproject.org/latest/kconfig.html#CONFIG_PLATFORM_EC_USB_PD_DISCHARGE_TCPC and/or
[epic:ro] look up PLATFORM_EC_USB_PD_DISCHARGE_TCPC in the menuconfig/guiconfig interface. The Application
[epic:ro] Development Primer, Setting Configuration Values, and Kconfig - Tips and Best Practices sections of
[epic:ro] the manual might be helpful too.
[epic:ro] warning: Deprecated symbol I2C_ALLOW_NO_STOP_TRANSACTIONS is enabled.
[pujjo:ro] [46/419] Building C object CMakeFiles/app.dir/mnt/host/source/src/platform/ec/build/zephyr/pujjo/modules/ec/common/acpi.c.obj
[pujjo:rw] [39/419] Building C object CMakeFiles/app.dir/mnt/host/source/src/platform/ec/build/zephyr/pujjo/modules/ec/common/power_button_x86.c.obj
[pujjo:ro] [47/419] Building C object CMakeFiles/app.dir/mnt/host/source/src/platform/ec/build/zephyr/pujjo/modules/ec/common/adc.c.obj
[pujjo:ro] [48/419] Building C object CMakeFiles/app.dir/mnt/host/source/src/platform/ec/build/zephyr/pujjo/modules/ec/common/backlight_lid.c.obj
[pujjo:rw] [40/419] Building C object CMakeFiles/app.dir/mnt/host/source/src/platform/ec/build/zephyr/pujjo/modules/ec/driver/accel_bma4xx.c.obj
[buccaneer:ro] -- The CXX compiler identification is Clang 21.0.0
[buccaneer:rw] -- The CXX compiler identification is Clang 21.0.0
[pujjo:rw] [41/419] Building C object CMakeFiles/app.dir/mnt/host/source/src/platform/ec/build/zephyr/pujjo/modules/ec/driver/accel_lis2dw12.c.obj
[buccaneer:ro] -- The ASM compiler identification is Clang with GNU-like command-line
[buccaneer:rw] -- The ASM compiler identification is Clang with GNU-like command-line
[buccaneer:rw] -- Found assembler: /usr/bin/armv7m-cros-eabi-clang
[pujjo:rw] [42/419] Building C object CMakeFiles/app.dir/mnt/host/source/src/platform/ec/build/zephyr/pujjo/modules/ec/driver/accelgyro_bmi_common.c.obj
[buccaneer:ro] -- Found assembler: /usr/bin/armv7m-cros-eabi-clang
[epic:ro] Parsing /mnt/host/source/src/platform/ec/zephyr/program/nissa/Kconfig
[pujjo:ro] [49/419] Building C object CMakeFiles/app.dir/mnt/host/source/src/platform/ec/build/zephyr/pujjo/modules/ec/common/battery_info.c.obj
[pujjo:ro] [50/419] Building C object CMakeFiles/app.dir/mnt/host/source/src/platform/ec/build/zephyr/pujjo/modules/ec/common/battery.c.obj
[pujjo:ro] [51/419] Building C object CMakeFiles/app.dir/mnt/host/source/src/platform/ec/build/zephyr/pujjo/modules/ec/driver/battery/smart.c.obj
[pujjo:ro] [52/419] Building C object CMakeFiles/app.dir/mnt/host/source/src/platform/ec/build/zephyr/pujjo/modules/ec/driver/bc12/pi3usb9201.c.obj
[/mnt/host/source/src/platform/ec/build/zephyr/ocicat-lcov]   /mnt/host/source/src/platform/ec/build/zephyr/ocicat/build-ro/zephyr/CMakeFiles/zephyr.dir/soc/ite/ec/it8xxx2/check_regs.c.gcno:no functions found
[/mnt/host/source/src/platform/ec/build/zephyr/ocicat-lcov] stderr:
[pujjo:ro] [53/419] Building C object CMakeFiles/app.dir/mnt/host/source/src/platform/ec/build/zephyr/pujjo/modules/ec/common/battery_fuel_gauge.c.obj
[pujjo:rw] [43/419] Building C object CMakeFiles/app.dir/mnt/host/source/src/platform/ec/build/zephyr/pujjo/modules/ec/driver/accelgyro_bmi3xx.c.obj
[pujjo:rw] [44/419] Building C object CMakeFiles/app.dir/mnt/host/source/src/platform/ec/build/zephyr/pujjo/modules/ec/driver/accelgyro_lsm6dsm.c.obj
[pujjo:rw] [45/419] Building C object CMakeFiles/app.dir/mnt/host/source/src/platform/ec/build/zephyr/pujjo/modules/ec/common/motion_sense_fifo.c.obj
[pujjo:rw] [46/419] Building C object CMakeFiles/app.dir/mnt/host/source/src/platform/ec/build/zephyr/pujjo/modules/ec/common/adc.c.obj
[epic:ro] Loaded configuration '/mnt/host/source/src/platform/ec/zephyr/boards/google/it8xxx2/it8xxx2_it81302bx_defconfig'
[epic:ro] Merged configuration '/mnt/host/source/src/platform/ec/zephyr/program/nissa/program.conf'
[epic:ro] Merged configuration '/mnt/host/source/src/platform/ec/zephyr/program/nissa/it8xxx2_program.conf'
[epic:ro] Merged configuration '/mnt/host/source/src/platform/ec/zephyr/program/nissa/epic/project.conf'
[epic:ro] Merged configuration '/mnt/host/source/src/platform/ec/build/zephyr/epic/kconfig-ro.conf'
[epic:ro] Configuration saved to '/mnt/host/source/src/platform/ec/build/zephyr/epic/build-ro/zephyr/.config'
[epic:ro] Kconfig header saved to '/mnt/host/source/src/platform/ec/build/zephyr/epic/build-ro/zephyr/include/generated/zephyr/autoconf.h'
[epic:ro] -- Found GnuLd: /home/jpmurphy/.cache/coreboot-sdk/riscv64-elf/96b949749225b6aaa92ed810ab769e8dfb12f000/riscv64-elf/bin/ld.bfd (found version "2.43.1")
[pujjo:ro] [54/419] Building C object CMakeFiles/app.dir/mnt/host/source/src/platform/ec/build/zephyr/pujjo/modules/ec/common/charger.c.obj
[epic:ro] -- The C compiler identification is GNU 14.2.0
[pujjo:ro] [55/419] Building C object CMakeFiles/app.dir/mnt/host/source/src/platform/ec/build/zephyr/pujjo/modules/ec/driver/charger/isl923x.c.obj
[pujjo:ro] [56/419] Building C object CMakeFiles/app.dir/mnt/host/source/src/platform/ec/build/zephyr/pujjo/modules/ec/common/cbi_common.c.obj
[pujjo:rw] [47/419] Building C object CMakeFiles/app.dir/mnt/host/source/src/platform/ec/build/zephyr/pujjo/modules/ec/common/acpi.c.obj
[epic:ro] -- The CXX compiler identification is GNU 14.2.0
[pujjo:rw] [48/419] Building C object CMakeFiles/app.dir/mnt/host/source/src/platform/ec/build/zephyr/pujjo/modules/ec/common/backlight_lid.c.obj
[pujjo:ro] [57/419] Building C object CMakeFiles/app.dir/mnt/host/source/src/platform/ec/build/zephyr/pujjo/modules/ec/common/charge_state.c.obj
[epic:ro] -- The ASM compiler identification is GNU
[epic:ro] -- Found assembler: /home/jpmurphy/.cache/coreboot-sdk/riscv64-elf/96b949749225b6aaa92ed810ab769e8dfb12f000/bin/riscv64-elf-gcc
[epic:ro] CMake Warning at /mnt/host/source/src/platform/ec/zephyr/cmake/linker/ld/linker_libraries.cmake:11 (message):
[epic:ro]   Disabling c_library
[epic:ro] Call Stack (most recent call first):
[epic:ro]   /mnt/host/source/src/third_party/zephyr/main/cmake/target_toolchain_flags.cmake:48 (include)
[epic:ro]   /mnt/host/source/src/third_party/zephyr/main/cmake/modules/kernel.cmake:153 (include)
[epic:ro]   /mnt/host/source/src/third_party/zephyr/main/cmake/modules/zephyr_default.cmake:138 (include)
[epic:ro]   /mnt/host/source/src/third_party/zephyr/main/share/zephyr-package/cmake/ZephyrConfig.cmake:66 (include)
[epic:ro]   /mnt/host/source/src/third_party/zephyr/main/share/zephyr-package/cmake/ZephyrConfig.cmake:97 (include_boilerplate)
[epic:ro]   CMakeLists.txt:7 (find_package)
[pujjo:ro] [58/419] Building C object CMakeFiles/app.dir/mnt/host/source/src/platform/ec/build/zephyr/pujjo/modules/ec/common/charge_manager.c.obj
[/mnt/host/source/src/platform/ec/build/zephyr/mtlrvpp_npcx-lcov]   /mnt/host/source/src/platform/ec/build/zephyr/mtlrvpp_npcx/build-ro/CMakeFiles/app.dir/mnt/host/source/src/platform/ec/build/zephyr/mtlrvpp_npcx/modules/ec/common/usb_pd_pdo.c.gcno:no functions found
[/mnt/host/source/src/platform/ec/build/zephyr/mtlrvpp_npcx-lcov] stderr:
[pujjo:rw] [49/419] Building C object CMakeFiles/app.dir/mnt/host/source/src/platform/ec/build/zephyr/pujjo/modules/ec/common/battery.c.obj
[pujjo:rw] [50/419] Building C object CMakeFiles/app.dir/mnt/host/source/src/platform/ec/build/zephyr/pujjo/modules/ec/common/battery_info.c.obj
[pujjo:ro] [59/419] Building C object CMakeFiles/app.dir/mnt/host/source/src/platform/ec/build/zephyr/pujjo/modules/ec/common/cbi.c.obj
[pujjo:ro] [60/419] Building C object CMakeFiles/app.dir/mnt/host/source/src/platform/ec/build/zephyr/pujjo/modules/ec/common/cbi_config.c.obj
[/mnt/host/source/src/platform/ec/build/zephyr/ocicat-lcov]   /mnt/host/source/src/platform/ec/build/zephyr/ocicat/build-ro/zephyr/drivers/sensor/CMakeFiles/drivers__sensor.dir/mnt/host/source/src/third_party/zephyr/main/misc/empty_file.c.gcno:no functions found
[/mnt/host/source/src/platform/ec/build/zephyr/ocicat-lcov] stderr:
[pujjo:ro] [61/419] Building C object CMakeFiles/app.dir/mnt/host/source/src/platform/ec/build/zephyr/pujjo/modules/ec/common/memory_commands.c.obj
[epic:ro] -- Performing EC specific devicetree checks
[pujjo:rw] [51/419] Building C object CMakeFiles/app.dir/mnt/host/source/src/platform/ec/build/zephyr/pujjo/modules/ec/common/battery_fuel_gauge.c.obj
[pujjo:ro] [62/419] Building C object CMakeFiles/app.dir/mnt/host/source/src/platform/ec/build/zephyr/pujjo/modules/ec/common/dptf.c.obj
[pujjo:rw] [52/419] Building C object CMakeFiles/app.dir/mnt/host/source/src/platform/ec/build/zephyr/pujjo/modules/ec/driver/battery/smart.c.obj
[epic:ro] INFO: Verified 59 GPIOs, no duplicates found
[pujjo:rw] [53/419] Building C object CMakeFiles/app.dir/mnt/host/source/src/platform/ec/build/zephyr/pujjo/modules/ec/driver/bc12/pi3usb9201.c.obj
[pujjo:ro] [63/419] Building C object CMakeFiles/app.dir/mnt/host/source/src/platform/ec/build/zephyr/pujjo/modules/ec/common/ap_reset_log.c.obj
[epic:ro] -- Generating component manifest file
[quenbi:ro] warning: Deprecated symbol I2C_ALLOW_NO_STOP_TRANSACTIONS is enabled.
[pujjo:rw] [54/419] Building C object CMakeFiles/app.dir/mnt/host/source/src/platform/ec/build/zephyr/pujjo/modules/ec/driver/charger/isl923x.c.obj
[epic:ro] INFO: Verified 24 '*-gpios' properties, all flags match.
[epic:ro] INFO: Skipped 18 named-gpios children.
[epic:ro] INFO: Running CME, outputting to /mnt/host/source/src/platform/ec/build/zephyr/epic/build-ro/zephyr/component_manifest.json
[pujjo:ro] [64/419] Building C object CMakeFiles/app.dir/mnt/host/source/src/platform/ec/build/zephyr/pujjo/modules/ec/common/extpower_common.c.obj
[epic:ro] -- warning_base_override: -Wall;-Wformat;-Wformat-security;-Wformat;-Wno-format-zero-length;-Wno-pointer-sign;-Wpointer-arith;-Wexpansion-to-defined
[pujjo:ro] [65/419] Building C object CMakeFiles/app.dir/mnt/host/source/src/platform/ec/build/zephyr/pujjo/modules/ec/common/espi.c.obj
[pujjo:ro] [66/419] Building C object CMakeFiles/app.dir/mnt/host/source/src/platform/ec/build/zephyr/pujjo/modules/ec/common/fan.c.obj
[epic:ro] -- Found gen_kobject_list: /mnt/host/source/src/third_party/zephyr/main/scripts/build/gen_kobject_list.py
[pujjo:ro] [67/419] Building C object CMakeFiles/app.dir/mnt/host/source/src/platform/ec/build/zephyr/pujjo/modules/ec/common/flash.c.obj
[pujjo:rw] [55/419] Building C object CMakeFiles/app.dir/mnt/host/source/src/platform/ec/build/zephyr/pujjo/modules/ec/common/charger.c.obj
[quenbi:ro] Parsing /mnt/host/source/src/platform/ec/zephyr/program/bluey/Kconfig
[pujjo:rw] [56/419] Building C object CMakeFiles/app.dir/mnt/host/source/src/platform/ec/build/zephyr/pujjo/modules/ec/common/charge_state.c.obj
[epic:ro] -- Configuring done (15.1s)
[pujjo:ro] [68/419] Building C object CMakeFiles/app.dir/mnt/host/source/src/platform/ec/build/zephyr/pujjo/modules/ec/common/host_command.c.obj
[pujjo:rw] [57/419] Building C object CMakeFiles/app.dir/mnt/host/source/src/platform/ec/build/zephyr/pujjo/modules/ec/common/cbi_common.c.obj
[pujjo:rw] [58/419] Building C object CMakeFiles/app.dir/mnt/host/source/src/platform/ec/build/zephyr/pujjo/modules/ec/common/charge_manager.c.obj
[quenbi:rw] Parsing /mnt/host/source/src/platform/ec/zephyr/program/bluey/Kconfig
[pujjo:ro] [69/419] Building C object CMakeFiles/app.dir/mnt/host/source/src/platform/ec/build/zephyr/pujjo/modules/ec/common/host_event_commands.c.obj
[epic:ro] -- Generating done (0.5s)
[epic:ro] INFO: Component virtual-mux-0(cros-ec,usbc-mux-virtual) not on I2C bus, skip it
[epic:ro] INFO: Component virtual-mux-1(cros-ec,usbc-mux-virtual) not on I2C bus, skip it
[epic:ro] INFO: Component virtual-mux-1(cros-ec,usbc-mux-virtual) not on I2C bus, skip it
[epic:ro] INFO: No motionsense-sensor-alt node found
[epic:ro] CMake Warning:
[epic:ro] -- Build files have been written to: /mnt/host/source/src/platform/ec/build/zephyr/epic/build-ro
[pujjo:ro] [70/419] Building C object CMakeFiles/app.dir/mnt/host/source/src/platform/ec/build/zephyr/pujjo/modules/ec/common/host_command_task.c.obj
[pujjo:ro] [71/419] Building C object CMakeFiles/app.dir/mnt/host/source/src/platform/ec/build/zephyr/pujjo/modules/ec/common/uart_hostcmd.c.obj
[epic:ro]   Manually-specified variables were not used by the project:
[epic:ro]     COREBOOT_SDK_ROOT_arm
[epic:ro]     COREBOOT_SDK_ROOT_libstdcxx_arm
[epic:ro]     COREBOOT_SDK_ROOT_libstdcxx_x86
[epic:ro]     COREBOOT_SDK_ROOT_nds32
[epic:ro]     COREBOOT_SDK_ROOT_picolibc_arm
[epic:ro]     COREBOOT_SDK_ROOT_picolibc_x86
[epic:ro]     COREBOOT_SDK_ROOT_riscv
[epic:ro]     COREBOOT_SDK_ROOT_x86
[pujjo:ro] [72/419] Building C object CMakeFiles/app.dir/mnt/host/source/src/platform/ec/build/zephyr/pujjo/modules/ec/common/uptime.c.obj
[pujjo:rw] [59/419] Building C object CMakeFiles/app.dir/mnt/host/source/src/platform/ec/build/zephyr/pujjo/modules/ec/common/cbi.c.obj
[quenbi:ro] Loaded configuration '/mnt/host/source/src/platform/ec/zephyr/boards/google/npcx9/npcx9_npcx9m7f_defconfig'
[quenbi:ro] Merged configuration '/mnt/host/source/src/platform/ec/zephyr/program/bluey/program.conf'
[quenbi:ro] Merged configuration '/mnt/host/source/src/platform/ec/zephyr/program/bluey/quenbi/project.conf'
[quenbi:ro] Merged configuration '/mnt/host/source/src/platform/ec/build/zephyr/quenbi/kconfig-ro.conf'
[quenbi:ro] Configuration saved to '/mnt/host/source/src/platform/ec/build/zephyr/quenbi/build-ro/zephyr/.config'
[quenbi:ro] Kconfig header saved to '/mnt/host/source/src/platform/ec/build/zephyr/quenbi/build-ro/zephyr/include/generated/zephyr/autoconf.h'
[quenbi:ro] -- Found GnuLd: /home/jpmurphy/.cache/coreboot-sdk/arm-eabi/ea40ddd1d190c3b48435c474c0b545719371813a/arm-eabi/bin/ld.bfd (found version "2.43.1")
[pujjo:rw] [60/419] Building C object CMakeFiles/app.dir/mnt/host/source/src/platform/ec/build/zephyr/pujjo/modules/ec/common/cbi_config.c.obj
[pujjo:rw] [61/419] Building C object CMakeFiles/app.dir/mnt/host/source/src/platform/ec/build/zephyr/pujjo/modules/ec/common/memory_commands.c.obj
[quenbi:ro] -- The C compiler identification is GNU 14.2.0
[pujjo:ro] [73/419] Building C object CMakeFiles/app.dir/mnt/host/source/src/platform/ec/build/zephyr/pujjo/modules/ec/common/i2c_controller.c.obj
[pujjo:rw] [62/419] Building C object CMakeFiles/app.dir/mnt/host/source/src/platform/ec/build/zephyr/pujjo/modules/ec/common/dptf.c.obj
[quenbi:rw] Loaded configuration '/mnt/host/source/src/platform/ec/zephyr/boards/google/npcx9/npcx9_npcx9m7f_defconfig'
[quenbi:rw] Merged configuration '/mnt/host/source/src/platform/ec/zephyr/program/bluey/program.conf'
[quenbi:rw] Merged configuration '/mnt/host/source/src/platform/ec/zephyr/program/bluey/quenbi/project.conf'
[quenbi:rw] Merged configuration '/mnt/host/source/src/platform/ec/build/zephyr/quenbi/kconfig-rw.conf'
[quenbi:rw] Configuration saved to '/mnt/host/source/src/platform/ec/build/zephyr/quenbi/build-rw/zephyr/.config'
[quenbi:rw] Kconfig header saved to '/mnt/host/source/src/platform/ec/build/zephyr/quenbi/build-rw/zephyr/include/generated/zephyr/autoconf.h'
[quenbi:rw] -- Found GnuLd: /home/jpmurphy/.cache/coreboot-sdk/arm-eabi/ea40ddd1d190c3b48435c474c0b545719371813a/arm-eabi/bin/ld.bfd (found version "2.43.1")
[pujjo:ro] [74/419] Building C object CMakeFiles/app.dir/mnt/host/source/src/platform/ec/build/zephyr/pujjo/modules/ec/common/i2c_passthru.c.obj
[quenbi:ro] -- The CXX compiler identification is GNU 14.2.0
[quenbi:ro] -- The ASM compiler identification is GNU
[quenbi:ro] -- Found assembler: /home/jpmurphy/.cache/coreboot-sdk/arm-eabi/ea40ddd1d190c3b48435c474c0b545719371813a/bin/arm-eabi-gcc
[quenbi:rw] -- The C compiler identification is GNU 14.2.0
[quenbi:ro] CMake Warning at /mnt/host/source/src/platform/ec/zephyr/cmake/linker/ld/linker_libraries.cmake:11 (message):
[quenbi:ro]   Disabling c_library
[quenbi:ro] Call Stack (most recent call first):
[quenbi:ro]   /mnt/host/source/src/third_party/zephyr/main/cmake/target_toolchain_flags.cmake:48 (include)
[quenbi:ro]   /mnt/host/source/src/third_party/zephyr/main/cmake/modules/kernel.cmake:153 (include)
[quenbi:ro]   /mnt/host/source/src/third_party/zephyr/main/cmake/modules/zephyr_default.cmake:138 (include)
[quenbi:ro]   /mnt/host/source/src/third_party/zephyr/main/share/zephyr-package/cmake/ZephyrConfig.cmake:66 (include)
[quenbi:ro]   /mnt/host/source/src/third_party/zephyr/main/share/zephyr-package/cmake/ZephyrConfig.cmake:97 (include_boilerplate)
[quenbi:ro]   CMakeLists.txt:7 (find_package)
[pujjo:ro] [75/419] Building C object CMakeFiles/app.dir/mnt/host/source/src/platform/ec/build/zephyr/pujjo/modules/ec/common/keyboard_8042_sharedlib.c.obj
[pujjo:ro] [76/419] Building C object CMakeFiles/app.dir/mnt/host/source/src/platform/ec/build/zephyr/pujjo/modules/ec/common/keyboard_8042.c.obj
[pujjo:ro] [77/419] Building C object CMakeFiles/app.dir/mnt/host/source/src/platform/ec/build/zephyr/pujjo/modules/ec/common/mkbp_fifo.c.obj
[/mnt/host/source/src/platform/ec/build/zephyr/ocicat-lcov]   /mnt/host/source/src/platform/ec/build/zephyr/ocicat/build-ro/zephyr/drivers/syscon/CMakeFiles/drivers__syscon.dir/mnt/host/source/src/third_party/zephyr/main/misc/empty_file.c.gcno:no functions found
[/mnt/host/source/src/platform/ec/build/zephyr/ocicat-lcov] stderr:
[quenbi:rw] -- The CXX compiler identification is GNU 14.2.0
[pujjo:rw] [63/419] Building C object CMakeFiles/app.dir/mnt/host/source/src/platform/ec/build/zephyr/pujjo/modules/ec/common/ap_reset_log.c.obj
[quenbi:rw] -- The ASM compiler identification is GNU
[quenbi:rw] -- Found assembler: /home/jpmurphy/.cache/coreboot-sdk/arm-eabi/ea40ddd1d190c3b48435c474c0b545719371813a/bin/arm-eabi-gcc
[pujjo:rw] [64/419] Building C object CMakeFiles/app.dir/mnt/host/source/src/platform/ec/build/zephyr/pujjo/modules/ec/common/espi.c.obj
[quenbi:rw] warning: Deprecated symbol I2C_ALLOW_NO_STOP_TRANSACTIONS is enabled.
[quenbi:rw] CMake Warning at /mnt/host/source/src/platform/ec/zephyr/cmake/linker/ld/linker_libraries.cmake:11 (message):
[quenbi:rw]   Disabling c_library
[pujjo:ro] [78/419] Building C object CMakeFiles/app.dir/mnt/host/source/src/platform/ec/build/zephyr/pujjo/modules/ec/common/keyboard_scan.c.obj
[pujjo:ro] [79/419] Building C object CMakeFiles/app.dir/mnt/host/source/src/platform/ec/build/zephyr/pujjo/modules/ec/common/mkbp_info.c.obj
[pujjo:rw] [65/419] Building C object CMakeFiles/app.dir/mnt/host/source/src/platform/ec/build/zephyr/pujjo/modules/ec/common/extpower_common.c.obj
[/mnt/host/source/src/platform/ec/build/zephyr/ocicat-lcov]   /mnt/host/source/src/platform/ec/build/zephyr/ocicat/build-rw/modules/ec/zephyr/CMakeFiles/ec_shim.dir/shim/src/thermal.c.gcno:no functions found
[/mnt/host/source/src/platform/ec/build/zephyr/ocicat-lcov] stderr:
[pujjo:rw] [66/419] Building C object CMakeFiles/app.dir/mnt/host/source/src/platform/ec/build/zephyr/pujjo/modules/ec/common/fan.c.obj
[pujjo:ro] [80/419] Building C object CMakeFiles/app.dir/mnt/host/source/src/platform/ec/build/zephyr/pujjo/modules/ec/common/mkbp_input_devices.c.obj
[quenbi:ro] -- Performing EC specific devicetree checks
[/mnt/host/source/src/platform/ec/build/zephyr/ocicat-lcov]   /mnt/host/source/src/platform/ec/build/zephyr/ocicat/build-rw/modules/ec/zephyr/CMakeFiles/ec_shim.dir/shim/src/battery.c.gcno:no functions found
[/mnt/host/source/src/platform/ec/build/zephyr/ocicat-lcov] stderr:
[pujjo:ro] [81/419] Building C object CMakeFiles/app.dir/mnt/host/source/src/platform/ec/build/zephyr/pujjo/modules/ec/common/keyboard_backlight.c.obj
[pujjo:ro] [82/419] Building C object CMakeFiles/app.dir/mnt/host/source/src/platform/ec/build/zephyr/pujjo/modules/ec/common/led_onoff_states.c.obj
[quenbi:ro] INFO: Verified 55 GPIOs, no duplicates found
[quenbi:ro] INFO: Verified 1 '*-gpios' properties, all flags match.
[quenbi:rw] -- Performing EC specific devicetree checks
[pujjo:ro] [83/419] Building C object CMakeFiles/app.dir/mnt/host/source/src/platform/ec/build/zephyr/pujjo/modules/ec/common/led_common.c.obj
[pujjo:rw] [67/419] Building C object CMakeFiles/app.dir/mnt/host/source/src/platform/ec/build/zephyr/pujjo/modules/ec/common/host_command.c.obj
[pujjo:rw] [68/419] Building C object CMakeFiles/app.dir/mnt/host/source/src/platform/ec/build/zephyr/pujjo/modules/ec/common/flash.c.obj
[quenbi:ro] -- Generating component manifest file
[quenbi:rw] Call Stack (most recent call first):
[quenbi:rw]   /mnt/host/source/src/third_party/zephyr/main/cmake/target_toolchain_flags.cmake:48 (include)
[quenbi:rw]   /mnt/host/source/src/third_party/zephyr/main/cmake/modules/kernel.cmake:153 (include)
[quenbi:rw]   /mnt/host/source/src/third_party/zephyr/main/cmake/modules/zephyr_default.cmake:138 (include)
[quenbi:rw]   /mnt/host/source/src/third_party/zephyr/main/share/zephyr-package/cmake/ZephyrConfig.cmake:66 (include)
[quenbi:rw]   /mnt/host/source/src/third_party/zephyr/main/share/zephyr-package/cmake/ZephyrConfig.cmake:97 (include_boilerplate)
[quenbi:rw]   CMakeLists.txt:7 (find_package)
[quenbi:rw] INFO: Verified 55 GPIOs, no duplicates found
[quenbi:rw] INFO: Verified 1 '*-gpios' properties, all flags match.
[quenbi:rw] INFO: Skipped 1 named-gpios children.
[pujjo:ro] [84/419] Building C object CMakeFiles/app.dir/mnt/host/source/src/platform/ec/build/zephyr/pujjo/modules/ec/common/motion_lid.c.obj
[pujjo:ro] [85/419] Building C object CMakeFiles/app.dir/mnt/host/source/src/platform/ec/build/zephyr/pujjo/modules/ec/common/lid_angle.c.obj
[quenbi:ro] INFO: Skipped 1 named-gpios children.
[quenbi:ro] INFO: Running CME, outputting to /mnt/host/source/src/platform/ec/build/zephyr/quenbi/build-ro/zephyr/component_manifest.json
[quenbi:ro] INFO: Project quenbi does not support SSFC
[quenbi:ro] INFO: No usbc node found
[pujjo:rw] [69/419] Building C object CMakeFiles/app.dir/mnt/host/source/src/platform/ec/build/zephyr/pujjo/modules/ec/common/host_command_task.c.obj
[quenbi:rw] -- Generating component manifest file
[pujjo:rw] [70/419] Building C object CMakeFiles/app.dir/mnt/host/source/src/platform/ec/build/zephyr/pujjo/modules/ec/common/host_event_commands.c.obj
[pujjo:ro] [86/419] Building C object CMakeFiles/app.dir/mnt/host/source/src/platform/ec/build/zephyr/pujjo/modules/ec/common/lid_angle_keyboard_policy.c.obj
[quenbi:ro] -- warning_base_override: -Wall;-Wformat;-Wformat-security;-Wformat;-Wno-format-zero-length;-Wno-pointer-sign;-Wpointer-arith;-Wexpansion-to-defined
[/mnt/host/source/src/platform/ec/build/zephyr/ocicat-lcov]   /mnt/host/source/src/platform/ec/build/zephyr/ocicat/build-rw/modules/ec/zephyr/CMakeFiles/ec_shim.dir/shim/src/charger.c.gcno:no functions found
[/mnt/host/source/src/platform/ec/build/zephyr/ocicat-lcov] stderr:
[quenbi:rw] INFO: Running CME, outputting to /mnt/host/source/src/platform/ec/build/zephyr/quenbi/build-rw/zephyr/component_manifest.json
[quenbi:rw] INFO: Project quenbi does not support SSFC
[quenbi:rw] INFO: No usbc node found
[quenbi:rw] INFO: No motionsense-sensor node found
[quenbi:rw] -- warning_base_override: -Wall;-Wformat;-Wformat-security;-Wformat;-Wno-format-zero-length;-Wno-pointer-sign;-Wpointer-arith;-Wexpansion-to-defined
[pujjo:ro] [87/419] Building C object CMakeFiles/app.dir/mnt/host/source/src/platform/ec/build/zephyr/pujjo/modules/ec/common/lid_switch.c.obj
[pujjo:ro] [88/419] Building C object CMakeFiles/app.dir/mnt/host/source/src/platform/ec/build/zephyr/pujjo/modules/ec/common/mkbp_event.c.obj
[pujjo:rw] [71/419] Building C object CMakeFiles/app.dir/mnt/host/source/src/platform/ec/build/zephyr/pujjo/modules/ec/common/uart_hostcmd.c.obj
[pujjo:ro] [89/419] Building C object CMakeFiles/app.dir/mnt/host/source/src/platform/ec/build/zephyr/pujjo/modules/ec/common/motion_sense.c.obj
[quenbi:ro] -- Found gen_kobject_list: /mnt/host/source/src/third_party/zephyr/main/scripts/build/gen_kobject_list.py
[pujjo:ro] [90/419] Building C object CMakeFiles/app.dir/mnt/host/source/src/platform/ec/build/zephyr/pujjo/modules/ec/common/port80.c.obj
[pujjo:rw] [72/419] Building C object CMakeFiles/app.dir/mnt/host/source/src/platform/ec/build/zephyr/pujjo/modules/ec/common/uptime.c.obj
[quenbi:ro] INFO: No motionsense-sensor node found
[quenbi:ro] CMake Warning at /mnt/host/source/src/third_party/zephyr/main/CMakeLists.txt:1134 (message):
[quenbi:ro]   No SOURCES given to Zephyr library: drivers__spi
[quenbi:ro]   Excluding target from build.
[quenbi:ro] CMake Warning at /mnt/host/source/src/third_party/zephyr/main/CMakeLists.txt:2359 (message):
[quenbi:ro]   __ASSERT() statements are globally ENABLED
[quenbi:rw] -- Found gen_kobject_list: /mnt/host/source/src/third_party/zephyr/main/scripts/build/gen_kobject_list.py
[quenbi:rw] CMake Warning at /mnt/host/source/src/third_party/zephyr/main/CMakeLists.txt:1134 (message):
[quenbi:rw]   No SOURCES given to Zephyr library: drivers__spi
[quenbi:rw]   Excluding target from build.
[quenbi:rw] CMake Warning at /mnt/host/source/src/third_party/zephyr/main/CMakeLists.txt:2359 (message):
[quenbi:rw]   __ASSERT() statements are globally ENABLED
[pujjo:ro] [91/419] Building C object CMakeFiles/app.dir/mnt/host/source/src/platform/ec/build/zephyr/pujjo/modules/ec/common/power_button.c.obj
[quenbi:ro] -- Configuring done (15.4s)
[quenbi:rw] -- Configuring done (15.5s)
[pujjo:rw] [73/419] Building C object CMakeFiles/app.dir/mnt/host/source/src/platform/ec/build/zephyr/pujjo/modules/ec/common/i2c_passthru.c.obj
[pujjo:ro] [92/419] Building C object CMakeFiles/app.dir/mnt/host/source/src/platform/ec/build/zephyr/pujjo/modules/ec/power/hibernate.c.obj
[pujjo:rw] [74/419] Building C object CMakeFiles/app.dir/mnt/host/source/src/platform/ec/build/zephyr/pujjo/modules/ec/common/i2c_controller.c.obj
[quenbi:ro] -- Generating done (0.5s)
[quenbi:ro] CMake Warning:
[pujjo:ro] [93/419] Building C object CMakeFiles/app.dir/mnt/host/source/src/platform/ec/build/zephyr/pujjo/modules/ec/common/sha256.c.obj
[quenbi:rw] -- Generating done (0.5s)
[quenbi:rw] CMake Warning:
[quenbi:rw]   Manually-specified variables were not used by the project:
[quenbi:rw]     COREBOOT_SDK_ROOT_libstdcxx_riscv64
[quenbi:rw]     COREBOOT_SDK_ROOT_libstdcxx_x86
[quenbi:rw]     COREBOOT_SDK_ROOT_nds32
[quenbi:rw]     COREBOOT_SDK_ROOT_picolibc_riscv64
[quenbi:rw]     COREBOOT_SDK_ROOT_picolibc_x86
[quenbi:rw]     COREBOOT_SDK_ROOT_riscv
[quenbi:rw]     COREBOOT_SDK_ROOT_riscv64
[quenbi:rw]     COREBOOT_SDK_ROOT_x86
[quenbi:rw] -- Build files have been written to: /mnt/host/source/src/platform/ec/build/zephyr/quenbi/build-rw
[pujjo:ro] [94/419] Building C object CMakeFiles/app.dir/mnt/host/source/src/platform/ec/build/zephyr/pujjo/modules/ec/common/panic_output.c.obj
[quenbi:ro] -- Build files have been written to: /mnt/host/source/src/platform/ec/build/zephyr/quenbi/build-ro
[quenbi:ro]   Manually-specified variables were not used by the project:
[quenbi:ro]     COREBOOT_SDK_ROOT_libstdcxx_riscv64
[quenbi:ro]     COREBOOT_SDK_ROOT_libstdcxx_x86
[quenbi:ro]     COREBOOT_SDK_ROOT_nds32
[quenbi:ro]     COREBOOT_SDK_ROOT_picolibc_riscv64
[quenbi:ro]     COREBOOT_SDK_ROOT_picolibc_x86
[quenbi:ro]     COREBOOT_SDK_ROOT_riscv
[quenbi:ro]     COREBOOT_SDK_ROOT_riscv64
[quenbi:ro]     COREBOOT_SDK_ROOT_x86
[pujjo:ro] [95/419] Building C object CMakeFiles/app.dir/mnt/host/source/src/platform/ec/build/zephyr/pujjo/modules/ec/common/switch.c.obj
[pujjo:ro] [96/419] Building C object CMakeFiles/app.dir/mnt/host/source/src/platform/ec/build/zephyr/pujjo/modules/ec/common/shared_mem.c.obj
[pujjo:rw] [75/419] Building C object CMakeFiles/app.dir/mnt/host/source/src/platform/ec/build/zephyr/pujjo/modules/ec/common/keyboard_scan.c.obj
[pujjo:ro] [97/419] Building C object CMakeFiles/app.dir/mnt/host/source/src/platform/ec/build/zephyr/pujjo/modules/ec/common/spi_flash_reg.c.obj
[pujjo:rw] [76/419] Building C object CMakeFiles/app.dir/mnt/host/source/src/platform/ec/build/zephyr/pujjo/modules/ec/common/keyboard_8042.c.obj
[pujjo:rw] [77/419] Building C object CMakeFiles/app.dir/mnt/host/source/src/platform/ec/build/zephyr/pujjo/modules/ec/common/keyboard_8042_sharedlib.c.obj
[pujjo:ro] [98/419] Building C object CMakeFiles/app.dir/mnt/host/source/src/platform/ec/build/zephyr/pujjo/modules/ec/driver/stm_mems_common.c.obj
[pujjo:rw] [78/419] Building C object CMakeFiles/app.dir/mnt/host/source/src/platform/ec/build/zephyr/pujjo/modules/ec/common/mkbp_fifo.c.obj
[/mnt/host/source/src/platform/ec/build/zephyr/ocicat-lcov]   /mnt/host/source/src/platform/ec/build/zephyr/ocicat/build-rw/modules/ec/zephyr/CMakeFiles/ec_shim.dir/shim/src/usba.c.gcno:no functions found
[/mnt/host/source/src/platform/ec/build/zephyr/ocicat-lcov] stderr:
[pujjo:ro] [99/419] Building C object CMakeFiles/app.dir/mnt/host/source/src/platform/ec/build/zephyr/pujjo/modules/ec/common/tablet_mode.c.obj
[/mnt/host/source/src/platform/ec/build/zephyr/mtlrvpp_npcx-lcov]   /mnt/host/source/src/platform/ec/build/zephyr/mtlrvpp_npcx/build-ro/CMakeFiles/app.dir/mnt/host/source/src/platform/ec/build/zephyr/mtlrvpp_npcx/modules/ec/common/chargen.c.gcno:no functions found
[/mnt/host/source/src/platform/ec/build/zephyr/mtlrvpp_npcx-lcov] stderr:
[pujjo:ro] [100/419] Building C object CMakeFiles/app.dir/mnt/host/source/src/platform/ec/build/zephyr/pujjo/modules/ec/common/thermal.c.obj
[pujjo:ro] [101/419] Building C object CMakeFiles/app.dir/mnt/host/source/src/platform/ec/build/zephyr/pujjo/modules/ec/common/temp_sensor.c.obj
[pujjo:ro] [102/419] Building C object CMakeFiles/app.dir/mnt/host/source/src/platform/ec/build/zephyr/pujjo/modules/ec/driver/temp_sensor/thermistor.c.obj
[pujjo:ro] [103/419] Building C object CMakeFiles/app.dir/mnt/host/source/src/platform/ec/build/zephyr/pujjo/modules/ec/common/throttle_ap.c.obj
[pujjo:rw] [79/419] Building C object CMakeFiles/app.dir/mnt/host/source/src/platform/ec/build/zephyr/pujjo/modules/ec/common/mkbp_input_devices.c.obj
[pujjo:rw] [80/419] Building C object CMakeFiles/app.dir/mnt/host/source/src/platform/ec/build/zephyr/pujjo/modules/ec/common/mkbp_info.c.obj
[pujjo:ro] [104/419] Building C object CMakeFiles/app.dir/mnt/host/source/src/platform/ec/build/zephyr/pujjo/modules/ec/common/timer.c.obj
[pujjo:ro] [105/419] Building C object CMakeFiles/app.dir/mnt/host/source/src/platform/ec/build/zephyr/pujjo/modules/ec/common/usb_charger.c.obj
[pujjo:ro] [106/419] Building C object CMakeFiles/app.dir/mnt/host/source/src/platform/ec/build/zephyr/pujjo/modules/ec/common/usb_port_power_smart.c.obj
[pujjo:rw] [81/419] Building C object CMakeFiles/app.dir/mnt/host/source/src/platform/ec/build/zephyr/pujjo/modules/ec/common/keyboard_backlight.c.obj
[pujjo:rw] [82/419] Building C object CMakeFiles/app.dir/mnt/host/source/src/platform/ec/build/zephyr/pujjo/modules/ec/common/led_common.c.obj
[pujjo:ro] [107/419] Building C object CMakeFiles/app.dir/mnt/host/source/src/platform/ec/build/zephyr/pujjo/modules/ec/common/typec_control.c.obj
[pujjo:ro] [108/419] Building C object CMakeFiles/app.dir/mnt/host/source/src/platform/ec/build/zephyr/pujjo/modules/ec/common/usb_pd_pdo.c.obj
[pujjo:ro] [109/419] Building C object CMakeFiles/app.dir/mnt/host/source/src/platform/ec/build/zephyr/pujjo/modules/ec/common/usb_common.c.obj
[pujjo:ro] [110/419] Building C object CMakeFiles/app.dir/mnt/host/source/src/platform/ec/build/zephyr/pujjo/modules/ec/common/usbc/usbc_task.c.obj
[pujjo:rw] [83/419] Building C object CMakeFiles/app.dir/mnt/host/source/src/platform/ec/build/zephyr/pujjo/modules/ec/common/led_onoff_states.c.obj
[pujjo:ro] [111/419] Building C object CMakeFiles/app.dir/mnt/host/source/src/platform/ec/build/zephyr/pujjo/modules/ec/common/usbc/usb_pd_timer.c.obj
[pujjo:ro] [112/419] Building C object CMakeFiles/app.dir/mnt/host/source/src/platform/ec/build/zephyr/pujjo/modules/ec/common/usbc/usb_sm.c.obj
[pujjo:ro] [113/419] Building C object CMakeFiles/app.dir/mnt/host/source/src/platform/ec/build/zephyr/pujjo/modules/ec/common/usbc_utils.c.obj
[pujjo:rw] [84/419] Building C object CMakeFiles/app.dir/mnt/host/source/src/platform/ec/build/zephyr/pujjo/modules/ec/common/motion_lid.c.obj
[pujjo:rw] [85/419] Building C object CMakeFiles/app.dir/mnt/host/source/src/platform/ec/build/zephyr/pujjo/modules/ec/common/lid_angle.c.obj
[pujjo:ro] [114/419] Building C object CMakeFiles/app.dir/mnt/host/source/src/platform/ec/build/zephyr/pujjo/modules/ec/common/usbc_intr_task.c.obj
[pujjo:rw] [86/419] Building C object CMakeFiles/app.dir/mnt/host/source/src/platform/ec/build/zephyr/pujjo/modules/ec/common/lid_angle_keyboard_policy.c.obj
[pujjo:ro] [115/419] Building C object CMakeFiles/app.dir/mnt/host/source/src/platform/ec/build/zephyr/pujjo/modules/ec/common/usb_pd_flags.c.obj
[pujjo:ro] [116/419] Building C object CMakeFiles/app.dir/mnt/host/source/src/platform/ec/build/zephyr/pujjo/modules/ec/common/usbc/usb_pd_console.c.obj
[pujjo:ro] [117/419] Building C object CMakeFiles/app.dir/mnt/host/source/src/platform/ec/build/zephyr/pujjo/modules/ec/driver/usb_mux/virtual.c.obj
[pujjo:ro] [118/419] Building C object CMakeFiles/app.dir/mnt/host/source/src/platform/ec/build/zephyr/pujjo/modules/ec/common/chargen.c.obj
[pujjo:rw] [87/419] Building C object CMakeFiles/app.dir/mnt/host/source/src/platform/ec/build/zephyr/pujjo/modules/ec/common/lid_switch.c.obj
[pujjo:rw] [88/419] Building C object CMakeFiles/app.dir/mnt/host/source/src/platform/ec/build/zephyr/pujjo/modules/ec/common/mkbp_event.c.obj
[pujjo:ro] [119/419] Building C object CMakeFiles/app.dir/mnt/host/source/src/platform/ec/build/zephyr/pujjo/modules/ec/driver/usb_mux/usb_mux.c.obj
[pujjo:ro] [120/419] Building C object CMakeFiles/app.dir/mnt/host/source/src/platform/ec/build/zephyr/pujjo/modules/ec/common/usbc/usb_prl_sm.c.obj
[pujjo:ro] [121/419] Building C object CMakeFiles/app.dir/mnt/host/source/src/platform/ec/build/zephyr/pujjo/modules/ec/common/usbc/usb_tc_drp_acc_trysrc_sm.c.obj
[pujjo:rw] [89/419] Building C object CMakeFiles/app.dir/mnt/host/source/src/platform/ec/build/zephyr/pujjo/modules/ec/common/motion_sense.c.obj
[pujjo:rw] [90/419] Building C object CMakeFiles/app.dir/mnt/host/source/src/platform/ec/build/zephyr/pujjo/modules/ec/common/port80.c.obj
[pujjo:ro] [122/419] Building C object CMakeFiles/app.dir/mnt/host/source/src/platform/ec/build/zephyr/pujjo/modules/ec/common/usbc/usb_pd_dpm.c.obj
[pujjo:ro] [123/419] Building C object CMakeFiles/app.dir/mnt/host/source/src/platform/ec/build/zephyr/pujjo/modules/ec/common/usbc/usb_pe_drp_sm.c.obj
[pujjo:ro] [124/419] Building C object CMakeFiles/app.dir/mnt/host/source/src/platform/ec/build/zephyr/pujjo/modules/ec/common/usbc/usbc_pd_policy.c.obj
[pujjo:ro] [125/419] Building C object CMakeFiles/app.dir/mnt/host/source/src/platform/ec/build/zephyr/pujjo/modules/ec/common/usb_pd_console_cmd.c.obj
[pujjo:rw] [91/419] Building C object CMakeFiles/app.dir/mnt/host/source/src/platform/ec/build/zephyr/pujjo/modules/ec/common/power_button.c.obj
[pujjo:ro] [126/419] Building C object CMakeFiles/app.dir/mnt/host/source/src/platform/ec/build/zephyr/pujjo/modules/ec/common/usbc/dp_alt_mode.c.obj
[pujjo:rw] [92/419] Building C object CMakeFiles/app.dir/mnt/host/source/src/platform/ec/build/zephyr/pujjo/modules/ec/power/hibernate.c.obj
[pujjo:ro] [127/419] Building C object CMakeFiles/app.dir/mnt/host/source/src/platform/ec/build/zephyr/pujjo/modules/ec/common/usb_pd_host_cmd.c.obj
[pujjo:ro] [128/419] Building C object CMakeFiles/app.dir/mnt/host/source/src/platform/ec/build/zephyr/pujjo/modules/ec/common/usbc/usb_pd_host.c.obj
[pujjo:rw] [93/419] Building C object CMakeFiles/app.dir/mnt/host/source/src/platform/ec/build/zephyr/pujjo/modules/ec/common/sha256.c.obj
[pujjo:ro] [129/419] Building C object CMakeFiles/app.dir/mnt/host/source/src/platform/ec/build/zephyr/pujjo/modules/ec/zephyr/shim/src/tcpc.c.obj
[pujjo:rw] [94/419] Building C object CMakeFiles/app.dir/mnt/host/source/src/platform/ec/build/zephyr/pujjo/modules/ec/common/panic_output.c.obj
[pujjo:ro] [130/419] Building C object CMakeFiles/app.dir/mnt/host/source/src/platform/ec/build/zephyr/pujjo/modules/ec/common/usbc/svdm_rsp_dfp_only.c.obj
[pujjo:ro] [131/419] Building C object CMakeFiles/app.dir/mnt/host/source/src/platform/ec/build/zephyr/pujjo/modules/ec/common/usb_pd_host_cmd_common.c.obj
[/mnt/host/source/src/platform/ec/build/zephyr/mtlrvpp_npcx-lcov]   /mnt/host/source/src/platform/ec/build/zephyr/mtlrvpp_npcx/build-ro/CMakeFiles/app.dir/mnt/host/source/src/platform/ec/build/zephyr/mtlrvpp_npcx/modules/ec/common/cbi_config.c.gcno:no functions found
[/mnt/host/source/src/platform/ec/build/zephyr/mtlrvpp_npcx-lcov] stderr:
[pujjo:ro] [132/419] Building C object CMakeFiles/app.dir/mnt/host/source/src/platform/ec/build/zephyr/pujjo/modules/ec/common/usbc_ocp.c.obj
[pujjo:ro] [133/419] Building C object CMakeFiles/app.dir/mnt/host/source/src/platform/ec/build/zephyr/pujjo/modules/ec/common/usb_pd_dual_role.c.obj
[pujjo:rw] [95/419] Building C object CMakeFiles/app.dir/mnt/host/source/src/platform/ec/build/zephyr/pujjo/modules/ec/common/shared_mem.c.obj
[pujjo:rw] [96/419] Building C object CMakeFiles/app.dir/mnt/host/source/src/platform/ec/build/zephyr/pujjo/modules/ec/common/spi_flash_reg.c.obj
[pujjo:rw] [97/419] Building C object CMakeFiles/app.dir/mnt/host/source/src/platform/ec/build/zephyr/pujjo/modules/ec/common/switch.c.obj
[pujjo:ro] [134/419] Building C object CMakeFiles/app.dir/mnt/host/source/src/platform/ec/build/zephyr/pujjo/modules/ec/common/usb_pd_discovery.c.obj
[pujjo:rw] [98/419] Building C object CMakeFiles/app.dir/mnt/host/source/src/platform/ec/build/zephyr/pujjo/modules/ec/driver/stm_mems_common.c.obj
[pujjo:ro] [135/419] Building C object CMakeFiles/app.dir/mnt/host/source/src/platform/ec/build/zephyr/pujjo/modules/ec/driver/tcpm/raa489000.c.obj
[pujjo:ro] [136/419] Building C object CMakeFiles/app.dir/mnt/host/source/src/platform/ec/build/zephyr/pujjo/modules/ec/common/vboot_hash.c.obj
[pujjo:ro] [137/419] Building C object CMakeFiles/app.dir/mnt/host/source/src/platform/ec/build/zephyr/pujjo/modules/ec/driver/tcpm/tcpci.c.obj
[pujjo:ro] [138/419] Building C object CMakeFiles/app.dir/mnt/host/source/src/platform/ec/build/zephyr/pujjo/modules/ec/common/button.c.obj
[/mnt/host/source/src/platform/ec/build/zephyr/mtlrvpp_npcx-lcov]   /mnt/host/source/src/platform/ec/build/zephyr/mtlrvpp_npcx/build-ro/CMakeFiles/app.dir/src/intel_rvp_board_id.c.gcno:no functions found
[/mnt/host/source/src/platform/ec/build/zephyr/mtlrvpp_npcx-lcov] stderr:
[pujjo:ro] [139/419] Building C object CMakeFiles/app.dir/mnt/host/source/src/platform/ec/build/zephyr/pujjo/modules/ec/common/vboot/efs2.c.obj
[pujjo:ro] [140/419] Building C object CMakeFiles/app.dir/mnt/host/source/src/platform/ec/build/zephyr/pujjo/modules/ec/common/vstore.c.obj
[pujjo:ro] [141/419] Building C object CMakeFiles/app.dir/mnt/host/source/src/platform/ec/build/zephyr/pujjo/modules/ec/common/math_util.c.obj
[pujjo:rw] [99/419] Building C object CMakeFiles/app.dir/mnt/host/source/src/platform/ec/build/zephyr/pujjo/modules/ec/common/tablet_mode.c.obj
[pujjo:rw] [100/419] Building C object CMakeFiles/app.dir/mnt/host/source/src/platform/ec/build/zephyr/pujjo/modules/ec/common/thermal.c.obj
[pujjo:rw] [101/419] Building C object CMakeFiles/app.dir/mnt/host/source/src/platform/ec/build/zephyr/pujjo/modules/ec/common/temp_sensor.c.obj
[pujjo:rw] [102/419] Building C object CMakeFiles/app.dir/mnt/host/source/src/platform/ec/build/zephyr/pujjo/modules/ec/driver/temp_sensor/thermistor.c.obj
[pujjo:ro] [142/419] Building C object CMakeFiles/app.dir/src/common.c.obj
[pujjo:ro] [143/419] Building C object CMakeFiles/app.dir/src/board_power.c.obj
[pujjo:ro] [144/419] Building C object CMakeFiles/app.dir/pujjo/src/led.c.obj
[pujjo:ro] [145/419] Building C object CMakeFiles/app.dir/src/sub_board.c.obj
[pujjo:ro] [146/419] Building C object CMakeFiles/app.dir/pujjo/src/hdmi.c.obj
[pujjo:ro] [147/419] Building C object CMakeFiles/app.dir/pujjo/src/form_factor.c.obj
[pujjo:ro] [148/419] Building C object CMakeFiles/app.dir/pujjo/src/fan.c.obj
[pujjo:rw] [103/419] Building C object CMakeFiles/app.dir/mnt/host/source/src/platform/ec/build/zephyr/pujjo/modules/ec/common/timer.c.obj
[pujjo:ro] [149/419] Building C object CMakeFiles/app.dir/pujjo/src/usbc.c.obj
[pujjo:ro] [150/419] Building C object zephyr/CMakeFiles/zephyr.dir/lib/libc/validate_libc.c.obj
[pujjo:rw] [104/419] Building C object CMakeFiles/app.dir/mnt/host/source/src/platform/ec/build/zephyr/pujjo/modules/ec/common/throttle_ap.c.obj
[pujjo:rw] [105/419] Building C object CMakeFiles/app.dir/mnt/host/source/src/platform/ec/build/zephyr/pujjo/modules/ec/common/usb_port_power_smart.c.obj
[pujjo:rw] [106/419] Building C object CMakeFiles/app.dir/mnt/host/source/src/platform/ec/build/zephyr/pujjo/modules/ec/common/usb_charger.c.obj
[/mnt/host/source/src/platform/ec/build/zephyr/mtlrvpp_npcx-lcov]   /mnt/host/source/src/platform/ec/build/zephyr/mtlrvpp_npcx/build-ro/zephyr/arch/arch/arm/core/mpu/CMakeFiles/arch__arm__core__mpu.dir/arm_mpu_regions.c.gcno:no functions found
[/mnt/host/source/src/platform/ec/build/zephyr/mtlrvpp_npcx-lcov] stderr:
[pujjo:ro] [151/419] Building C object zephyr/CMakeFiles/zephyr.dir/lib/heap/heap.c.obj
[pujjo:ro] [152/419] Building C object zephyr/CMakeFiles/zephyr.dir/lib/os/cbprintf_packaged.c.obj
[pujjo:ro] [153/419] Building C object CMakeFiles/app.dir/pujjo/src/charger.c.obj
[pujjo:ro] [154/419] Building C object zephyr/CMakeFiles/zephyr.dir/lib/os/clock.c.obj
[pujjo:ro] [155/419] Linking C static library app/libapp.a
[pujjo:ro] [156/419] Building C object zephyr/CMakeFiles/zephyr.dir/lib/utils/dec.c.obj
[pujjo:ro] [157/419] Building C object zephyr/CMakeFiles/zephyr.dir/lib/os/printk.c.obj
[pujjo:ro] [158/419] Building C object zephyr/CMakeFiles/zephyr.dir/lib/os/sem.c.obj
[pujjo:ro] [159/419] Building C object zephyr/CMakeFiles/zephyr.dir/lib/os/thread_entry.c.obj
[pujjo:ro] [160/419] Building C object zephyr/CMakeFiles/zephyr.dir/lib/utils/hex.c.obj
[pujjo:ro] [161/419] Building C object zephyr/CMakeFiles/zephyr.dir/lib/os/cbprintf_nano.c.obj
[pujjo:rw] [107/419] Building C object CMakeFiles/app.dir/mnt/host/source/src/platform/ec/build/zephyr/pujjo/modules/ec/common/typec_control.c.obj
[pujjo:ro] [162/419] Building C object zephyr/CMakeFiles/zephyr.dir/lib/os/assert.c.obj
[pujjo:ro] [163/419] Building C object zephyr/CMakeFiles/zephyr.dir/lib/utils/bitmask.c.obj
[pujjo:ro] [164/419] Building C object zephyr/CMakeFiles/zephyr.dir/lib/os/cbprintf.c.obj
[pujjo:ro] [165/419] Building C object zephyr/CMakeFiles/zephyr.dir/lib/utils/timeutil.c.obj
[pujjo:ro] [166/419] Building C object zephyr/CMakeFiles/zephyr.dir/lib/utils/last_section_id.c.obj
[pujjo:rw] [108/419] Building C object CMakeFiles/app.dir/mnt/host/source/src/platform/ec/build/zephyr/pujjo/modules/ec/common/usb_pd_pdo.c.obj
[pujjo:ro] [167/419] Building C object zephyr/CMakeFiles/zephyr.dir/misc/generated/configs.c.obj
[pujjo:ro] [168/419] Building C object zephyr/CMakeFiles/zephyr.dir/lib/utils/ring_buffer.c.obj
[/mnt/host/source/src/platform/ec/build/zephyr/mtlrvpp_npcx-lcov]   /mnt/host/source/src/platform/ec/build/zephyr/mtlrvpp_npcx/build-ro/zephyr/arch/common/CMakeFiles/isr_tables.dir/isr_tables.c.gcno:no functions found
[/mnt/host/source/src/platform/ec/build/zephyr/mtlrvpp_npcx-lcov] stderr:
[pujjo:rw] [109/419] Building C object CMakeFiles/app.dir/mnt/host/source/src/platform/ec/build/zephyr/pujjo/modules/ec/common/usbc/usbc_task.c.obj
[pujjo:rw] [110/419] Building C object CMakeFiles/app.dir/mnt/host/source/src/platform/ec/build/zephyr/pujjo/modules/ec/common/usb_common.c.obj
[pujjo:ro] [169/419] Building C object zephyr/CMakeFiles/zephyr.dir/lib/utils/rb.c.obj
[pujjo:ro] [170/419] Building C object zephyr/CMakeFiles/zephyr.dir/lib/utils/bitarray.c.obj
[pujjo:ro] [171/419] Building C object zephyr/CMakeFiles/zephyr.dir/lib/utils/getopt/getopt.c.obj
[pujjo:ro] [172/419] Building C object zephyr/CMakeFiles/zephyr.dir/lib/utils/getopt/getopt_common.c.obj
[pujjo:rw] [111/419] Building C object CMakeFiles/app.dir/mnt/host/source/src/platform/ec/build/zephyr/pujjo/modules/ec/common/usbc/usb_pd_timer.c.obj
[pujjo:ro] [173/419] Building C object zephyr/CMakeFiles/zephyr.dir/soc/nuvoton/npcx/common/scfg.c.obj
[pujjo:ro] [174/419] Building C object zephyr/CMakeFiles/zephyr.dir/soc/nuvoton/npcx/common/power.c.obj
[pujjo:ro] [175/419] Building C object zephyr/CMakeFiles/zephyr.dir/soc/nuvoton/npcx/common/npcxn/registers.c.obj
[pujjo:ro] [176/419] Building C object zephyr/CMakeFiles/zephyr.dir/soc/nuvoton/npcx/npcx9/soc.c.obj
[pujjo:rw] [112/419] Building C object CMakeFiles/app.dir/mnt/host/source/src/platform/ec/build/zephyr/pujjo/modules/ec/common/usbc/usb_sm.c.obj
[pujjo:ro] [177/419] Building C object zephyr/CMakeFiles/zephyr.dir/subsys/pm/state.c.obj
[pujjo:ro] [178/419] Building C object zephyr/CMakeFiles/zephyr.dir/subsys/logging/log_minimal.c.obj
[pujjo:rw] [113/419] Building C object CMakeFiles/app.dir/mnt/host/source/src/platform/ec/build/zephyr/pujjo/modules/ec/common/usbc_utils.c.obj
[pujjo:rw] [114/419] Building C object CMakeFiles/app.dir/mnt/host/source/src/platform/ec/build/zephyr/pujjo/modules/ec/common/usbc_intr_task.c.obj
[pujjo:ro] [179/419] Building C object zephyr/CMakeFiles/zephyr.dir/subsys/mem_mgmt/mem_attr.c.obj
[pujjo:ro] [180/419] Building C object zephyr/CMakeFiles/zephyr.dir/subsys/pm/pm.c.obj
[pujjo:ro] [181/419] Building C object zephyr/CMakeFiles/zephyr.dir/subsys/pm/policy/policy_latency.c.obj
[pujjo:ro] [182/419] Building C object zephyr/CMakeFiles/zephyr.dir/subsys/pm/policy/policy_state_lock.c.obj
[pujjo:ro] [183/419] Building C object zephyr/CMakeFiles/zephyr.dir/subsys/pm/policy/policy_events.c.obj
[pujjo:rw] [115/419] Building C object CMakeFiles/app.dir/mnt/host/source/src/platform/ec/build/zephyr/pujjo/modules/ec/common/usb_pd_flags.c.obj
[pujjo:ro] [184/419] Building C object zephyr/CMakeFiles/zephyr.dir/subsys/pm/device.c.obj
[pujjo:ro] [185/419] Building C object zephyr/CMakeFiles/zephyr.dir/subsys/pm/device_system_managed.c.obj
[pujjo:ro] [186/419] Building C object zephyr/CMakeFiles/zephyr.dir/subsys/testsuite/coverage/coverage.c.obj
[pujjo:ro] [187/419] Building C object zephyr/CMakeFiles/zephyr.dir/subsys/tracing/tracing_none.c.obj
[pujjo:rw] [116/419] Building C object CMakeFiles/app.dir/mnt/host/source/src/platform/ec/build/zephyr/pujjo/modules/ec/common/chargen.c.obj
[pujjo:ro] [188/419] Building C object zephyr/CMakeFiles/zephyr.dir/subsys/shell/modules/kernel_service/kernel_shell.c.obj
[pujjo:rw] [117/419] Building C object CMakeFiles/app.dir/mnt/host/source/src/platform/ec/build/zephyr/pujjo/modules/ec/common/usbc/usb_pd_console.c.obj
[pujjo:ro] [189/419] Building C object zephyr/CMakeFiles/zephyr.dir/subsys/shell/modules/kernel_service/cycles.c.obj
[pujjo:ro] [190/419] Building C object zephyr/CMakeFiles/zephyr.dir/subsys/shell/modules/kernel_service/uptime.c.obj
[pujjo:rw] [118/419] Building C object CMakeFiles/app.dir/mnt/host/source/src/platform/ec/build/zephyr/pujjo/modules/ec/driver/usb_mux/usb_mux.c.obj
[pujjo:ro] [191/419] Building C object zephyr/CMakeFiles/zephyr.dir/subsys/shell/modules/kernel_service/sleep.c.obj
[pujjo:ro] [192/419] Building C object zephyr/CMakeFiles/zephyr.dir/subsys/shell/modules/kernel_service/thread/list.c.obj
[pujjo:ro] [193/419] Building C object zephyr/CMakeFiles/zephyr.dir/subsys/shell/modules/kernel_service/thread/thread.c.obj
[pujjo:ro] [194/419] Building C object zephyr/CMakeFiles/zephyr.dir/subsys/shell/modules/kernel_service/version.c.obj
[pujjo:rw] [119/419] Building C object CMakeFiles/app.dir/mnt/host/source/src/platform/ec/build/zephyr/pujjo/modules/ec/driver/usb_mux/virtual.c.obj
[pujjo:ro] [195/419] Building C object zephyr/CMakeFiles/zephyr.dir/subsys/shell/modules/kernel_service/thread/stacks.c.obj
[pujjo:ro] [196/419] Building C object zephyr/CMakeFiles/zephyr.dir/subsys/shell/modules/kernel_service/thread/suspend.c.obj
[pujjo:ro] [197/419] Building C object zephyr/CMakeFiles/zephyr.dir/subsys/shell/modules/kernel_service/thread/resume.c.obj
[pujjo:ro] [198/419] Building C object zephyr/CMakeFiles/zephyr.dir/subsys/shell/modules/kernel_service/thread/kill.c.obj
[pujjo:rw] [120/419] Building C object CMakeFiles/app.dir/mnt/host/source/src/platform/ec/build/zephyr/pujjo/modules/ec/common/usbc/usb_tc_drp_acc_trysrc_sm.c.obj
[pujjo:ro] [199/419] Building C object zephyr/CMakeFiles/zephyr.dir/subsys/shell/shell_fprintf.c.obj
[pujjo:ro] [200/419] Building C object zephyr/CMakeFiles/zephyr.dir/subsys/shell/backends/shell_uart.c.obj
[pujjo:rw] [121/419] Building C object CMakeFiles/app.dir/mnt/host/source/src/platform/ec/build/zephyr/pujjo/modules/ec/common/usbc/usb_prl_sm.c.obj
[/mnt/host/source/src/platform/ec/build/zephyr/ocicat-lcov]   /mnt/host/source/src/platform/ec/build/zephyr/ocicat/build-rw/modules/ec/zephyr/CMakeFiles/ec_shim.dir/drivers/keyboard_input/keyboard_customization_check.c.gcno:no functions found
[/mnt/host/source/src/platform/ec/build/zephyr/ocicat-lcov] stderr:
[pujjo:ro] [201/419] Building C object zephyr/CMakeFiles/zephyr.dir/subsys/shell/shell.c.obj
[pujjo:ro] [202/419] Building C object zephyr/CMakeFiles/zephyr.dir/subsys/shell/shell_utils.c.obj
[pujjo:ro] [203/419] Building C object zephyr/CMakeFiles/zephyr.dir/subsys/shell/shell_history.c.obj
[pujjo:ro] [204/419] Building C object zephyr/CMakeFiles/zephyr.dir/subsys/shell/shell_ops.c.obj
[pujjo:ro] [205/419] Building C object zephyr/arch/common/CMakeFiles/arch__common.dir/sw_isr_common.c.obj
[pujjo:ro] [206/419] Building ASM object zephyr/arch/arch/arm/core/CMakeFiles/arch__arm__core.dir/nmi_on_reset.S.obj
[pujjo:rw] [122/419] Building C object CMakeFiles/app.dir/mnt/host/source/src/platform/ec/build/zephyr/pujjo/modules/ec/common/usbc/usb_pe_drp_sm.c.obj
[pujjo:ro] [207/419] Building C object zephyr/CMakeFiles/zephyr.dir/drivers/flash/flash_util.c.obj
[pujjo:rw] [123/419] Building C object CMakeFiles/app.dir/mnt/host/source/src/platform/ec/build/zephyr/pujjo/modules/ec/common/usbc/usb_pd_dpm.c.obj
[pujjo:ro] [208/419] Building C object zephyr/arch/common/CMakeFiles/arch__common.dir/init.c.obj
[pujjo:ro] [209/419] Linking C static library zephyr/libzephyr.a
[pujjo:ro] [210/419] Building C object zephyr/arch/common/CMakeFiles/arch__common.dir/xip.c.obj
[pujjo:rw] [124/419] Building C object CMakeFiles/app.dir/mnt/host/source/src/platform/ec/build/zephyr/pujjo/modules/ec/common/usbc/usbc_pd_policy.c.obj
[pujjo:ro] [211/419] Building ASM object zephyr/arch/arch/arm/core/cortex_m/CMakeFiles/arch__arm__core__cortex_m.dir/fault_s.S.obj
[pujjo:ro] [212/419] Building C object zephyr/arch/common/CMakeFiles/isr_tables.dir/isr_tables.c.obj
[pujjo:ro] [213/419] Building C object zephyr/arch/arch/arm/core/CMakeFiles/arch__arm__core.dir/fatal.c.obj
[/mnt/host/source/src/platform/ec/build/zephyr/mtlrvpp_npcx-lcov]   /mnt/host/source/src/platform/ec/build/zephyr/mtlrvpp_npcx/build-ro/zephyr/CMakeFiles/zephyr.dir/subsys/shell/modules/kernel_service/kernel_shell.c.gcno:no functions found
[/mnt/host/source/src/platform/ec/build/zephyr/mtlrvpp_npcx-lcov] stderr:
[pujjo:ro] [214/419] Linking C static library zephyr/arch/common/libisr_tables.a
[pujjo:ro] [215/419] Building C object zephyr/arch/arch/arm/core/CMakeFiles/arch__arm__core.dir/nmi.c.obj
[pujjo:ro] [216/419] Linking C static library zephyr/arch/arch/arm/core/libarch__arm__core.a
[pujjo:ro] [217/419] Linking C static library zephyr/arch/common/libarch__common.a
[pujjo:rw] [125/419] Building C object CMakeFiles/app.dir/mnt/host/source/src/platform/ec/build/zephyr/pujjo/modules/ec/common/usbc/dp_alt_mode.c.obj
[pujjo:ro] [218/419] Building C object zephyr/arch/arch/arm/core/cortex_m/CMakeFiles/arch__arm__core__cortex_m.dir/exc_exit.c.obj
[/mnt/host/source/src/platform/ec/build/zephyr/mtlrvpp_npcx-lcov]   /mnt/host/source/src/platform/ec/build/zephyr/mtlrvpp_npcx/build-ro/zephyr/CMakeFiles/zephyr.dir/lib/libc/validate_libc.c.gcno:no functions found
[/mnt/host/source/src/platform/ec/build/zephyr/mtlrvpp_npcx-lcov] stderr:
[pujjo:ro] [219/419] Building C object zephyr/arch/arch/arm/core/cortex_m/CMakeFiles/arch__arm__core__cortex_m.dir/fpu.c.obj
[pujjo:ro] [220/419] Building ASM object zephyr/arch/arch/arm/core/cortex_m/CMakeFiles/arch__arm__core__cortex_m.dir/vector_table.S.obj
[pujjo:ro] [221/419] Building C object zephyr/arch/arch/arm/core/cortex_m/CMakeFiles/arch__arm__core__cortex_m.dir/fault.c.obj
[pujjo:ro] [222/419] Building ASM object zephyr/arch/arch/arm/core/cortex_m/CMakeFiles/arch__arm__core__cortex_m.dir/reset.S.obj
[pujjo:rw] [126/419] Building C object CMakeFiles/app.dir/mnt/host/source/src/platform/ec/build/zephyr/pujjo/modules/ec/common/usb_pd_console_cmd.c.obj
[pujjo:rw] [127/419] Building C object CMakeFiles/app.dir/mnt/host/source/src/platform/ec/build/zephyr/pujjo/modules/ec/common/usb_pd_host_cmd.c.obj
[pujjo:ro] [223/419] Building C object zephyr/arch/arch/arm/core/cortex_m/CMakeFiles/arch__arm__core__cortex_m.dir/scb.c.obj
[pujjo:ro] [224/419] Building C object zephyr/arch/arch/arm/core/cortex_m/CMakeFiles/arch__arm__core__cortex_m.dir/thread_abort.c.obj
[pujjo:ro] [225/419] Building ASM object zephyr/arch/arch/arm/core/cortex_m/CMakeFiles/arch__arm__core__cortex_m.dir/swap_helper.S.obj
[pujjo:rw] [128/419] Building C object CMakeFiles/app.dir/mnt/host/source/src/platform/ec/build/zephyr/pujjo/modules/ec/common/usbc/usb_pd_host.c.obj
[pujjo:ro] [226/419] Building C object zephyr/arch/arch/arm/core/cortex_m/CMakeFiles/arch__arm__core__cortex_m.dir/irq_manage.c.obj
[pujjo:ro] [227/419] Building C object zephyr/arch/arch/arm/core/cortex_m/CMakeFiles/arch__arm__core__cortex_m.dir/prep_c.c.obj
[pujjo:ro] [228/419] Building C object zephyr/arch/arch/arm/core/cortex_m/CMakeFiles/arch__arm__core__cortex_m.dir/cpu_idle.c.obj
[pujjo:ro] [229/419] Building C object zephyr/arch/arch/arm/core/cortex_m/CMakeFiles/arch__arm__core__cortex_m.dir/irq_init.c.obj
[pujjo:rw] [129/419] Building C object CMakeFiles/app.dir/mnt/host/source/src/platform/ec/build/zephyr/pujjo/modules/ec/zephyr/shim/src/tcpc.c.obj
[pujjo:ro] [230/419] Generating ../../../include/generated/libc/minimal/strerror_table.h
[pujjo:ro] [231/419] Building C object zephyr/arch/arch/arm/core/cortex_m/CMakeFiles/arch__arm__core__cortex_m.dir/thread.c.obj
[pujjo:ro] [232/419] Building C object zephyr/arch/arch/arm/core/cortex_m/CMakeFiles/arch__arm__core__cortex_m.dir/isr_wrapper.c.obj
[pujjo:ro] [233/419] Linking C static library zephyr/arch/arch/arm/core/cortex_m/libarch__arm__core__cortex_m.a
[pujjo:ro] [234/419] Building C object zephyr/lib/libc/minimal/CMakeFiles/lib__libc__minimal.dir/source/stdlib/atoi.c.obj
[pujjo:ro] [235/419] Building C object zephyr/lib/libc/minimal/CMakeFiles/lib__libc__minimal.dir/source/stdlib/strtol.c.obj
[pujjo:ro] [236/419] Building C object zephyr/lib/libc/common/CMakeFiles/lib__libc__common.dir/source/time/asctime.c.obj
[pujjo:ro] [237/419] Building C object zephyr/lib/libc/minimal/CMakeFiles/lib__libc__minimal.dir/source/stdlib/strtoul.c.obj
[pujjo:ro] [238/419] Building C object zephyr/arch/arch/arm/core/mpu/CMakeFiles/arch__arm__core__mpu.dir/arm_core_mpu.c.obj
[pujjo:rw] [130/419] Building C object CMakeFiles/app.dir/mnt/host/source/src/platform/ec/build/zephyr/pujjo/modules/ec/common/usbc/svdm_rsp_dfp_only.c.obj
[pujjo:ro] [239/419] Building C object zephyr/lib/libc/minimal/CMakeFiles/lib__libc__minimal.dir/source/stdlib/strtoll.c.obj
[pujjo:ro] [240/419] Building C object zephyr/arch/arch/arm/core/mpu/CMakeFiles/arch__arm__core__mpu.dir/arm_mpu.c.obj
[pujjo:ro] [241/419] Building C object zephyr/lib/libc/minimal/CMakeFiles/lib__libc__minimal.dir/source/stdlib/bsearch.c.obj
[pujjo:rw] [131/419] Building C object CMakeFiles/app.dir/mnt/host/source/src/platform/ec/build/zephyr/pujjo/modules/ec/common/usb_pd_host_cmd_common.c.obj
[pujjo:ro] [242/419] Building C object zephyr/arch/arch/arm/core/mpu/CMakeFiles/arch__arm__core__mpu.dir/arm_mpu_regions.c.obj
[pujjo:ro] [243/419] Building C object zephyr/lib/libc/minimal/CMakeFiles/lib__libc__minimal.dir/source/stdlib/strtoull.c.obj
[pujjo:ro] [244/419] Building C object zephyr/lib/libc/minimal/CMakeFiles/lib__libc__minimal.dir/source/string/strncasecmp.c.obj
[pujjo:ro] [245/419] Linking C static library zephyr/arch/arch/arm/core/mpu/libarch__arm__core__mpu.a
[/mnt/host/source/src/platform/ec/build/zephyr/mtlrvpp_npcx-lcov]   /mnt/host/source/src/platform/ec/build/zephyr/mtlrvpp_npcx/build-ro/zephyr/CMakeFiles/zephyr.dir/lib/utils/last_section_id.c.gcno:no functions found
[/mnt/host/source/src/platform/ec/build/zephyr/mtlrvpp_npcx-lcov] stderr:
[pujjo:ro] [246/419] Building C object zephyr/lib/libc/minimal/CMakeFiles/lib__libc__minimal.dir/source/string/strstr.c.obj
[pujjo:ro] [247/419] Building C object zephyr/lib/libc/minimal/CMakeFiles/lib__libc__minimal.dir/source/string/strerror.c.obj
[pujjo:ro] [248/419] Building C object zephyr/lib/libc/minimal/CMakeFiles/lib__libc__minimal.dir/source/stdlib/qsort.c.obj
[pujjo:ro] [249/419] Building C object zephyr/lib/libc/minimal/CMakeFiles/lib__libc__minimal.dir/source/string/string.c.obj
[pujjo:ro] [250/419] Building C object zephyr/lib/libc/minimal/CMakeFiles/lib__libc__minimal.dir/source/string/strspn.c.obj
[pujjo:rw] [132/419] Building C object CMakeFiles/app.dir/mnt/host/source/src/platform/ec/build/zephyr/pujjo/modules/ec/common/usbc_ocp.c.obj
[pujjo:ro] [251/419] Building C object zephyr/lib/libc/common/CMakeFiles/lib__libc__common.dir/source/stdlib/abort.c.obj
[pujjo:ro] [252/419] Building C object zephyr/lib/libc/minimal/CMakeFiles/lib__libc__minimal.dir/source/math/sqrtf.c.obj
[pujjo:ro] [253/419] Building C object zephyr/lib/libc/minimal/CMakeFiles/lib__libc__minimal.dir/source/math/sqrt.c.obj
[pujjo:ro] [254/419] Building C object zephyr/lib/libc/common/CMakeFiles/lib__libc__common.dir/source/time/gmtime_r.c.obj
[pujjo:ro] [255/419] Building C object zephyr/lib/libc/minimal/CMakeFiles/lib__libc__minimal.dir/source/stdlib/exit.c.obj
[pujjo:rw] [133/419] Building C object CMakeFiles/app.dir/mnt/host/source/src/platform/ec/build/zephyr/pujjo/modules/ec/common/usb_pd_discovery.c.obj
[pujjo:ro] [256/419] Building C object zephyr/lib/libc/minimal/CMakeFiles/lib__libc__minimal.dir/source/stdout/sprintf.c.obj
[pujjo:ro] [257/419] Building C object zephyr/lib/libc/minimal/CMakeFiles/lib__libc__minimal.dir/source/stdout/fprintf.c.obj
[pujjo:ro] [258/419] Building C object zephyr/lib/libc/common/CMakeFiles/lib__libc__common.dir/source/time/ctime.c.obj
[pujjo:ro] [259/419] Building C object zephyr/lib/libc/common/CMakeFiles/lib__libc__common.dir/source/time/localtime_r_utc.c.obj
[pujjo:ro] [260/419] Building C object zephyr/lib/libc/common/CMakeFiles/lib__libc__common.dir/source/time/time.c.obj
[pujjo:ro] [261/419] Building C object zephyr/lib/libc/minimal/CMakeFiles/lib__libc__minimal.dir/source/stdout/stdout_console.c.obj
[pujjo:ro] [262/419] Building C object zephyr/lib/libc/common/CMakeFiles/lib__libc__common.dir/source/string/strnlen.c.obj
[pujjo:rw] [134/419] Building C object CMakeFiles/app.dir/mnt/host/source/src/platform/ec/build/zephyr/pujjo/modules/ec/common/usb_pd_dual_role.c.obj
[pujjo:ro] [263/419] Building C object zephyr/lib/posix/c_lib_ext/CMakeFiles/lib__posix__c_lib_ext.dir/fnmatch.c.obj
[pujjo:ro] [264/419] Building C object zephyr/subsys/crc/CMakeFiles/subsys__crc.dir/crc16_sw.c.obj
[pujjo:ro] [265/419] Building C object zephyr/subsys/crc/CMakeFiles/subsys__crc.dir/crc4_sw.c.obj
[pujjo:ro] [266/419] Building C object zephyr/subsys/crc/CMakeFiles/subsys__crc.dir/crc8_sw.c.obj
[pujjo:ro] [267/419] Building C object zephyr/lib/libc/minimal/CMakeFiles/lib__libc__minimal.dir/source/time/gmtime.c.obj
[pujjo:ro] [268/419] Building C object zephyr/subsys/crc/CMakeFiles/subsys__crc.dir/crc7_sw.c.obj
[pujjo:ro] [269/419] Building C object zephyr/subsys/crc/CMakeFiles/subsys__crc.dir/crc24_sw.c.obj
[pujjo:rw] [135/419] Building C object CMakeFiles/app.dir/mnt/host/source/src/platform/ec/build/zephyr/pujjo/modules/ec/driver/tcpm/raa489000.c.obj
[pujjo:ro] [270/419] Linking C static library zephyr/lib/libc/minimal/liblib__libc__minimal.a
[pujjo:ro] [271/419] Building C object zephyr/subsys/crc/CMakeFiles/subsys__crc.dir/crc32c_sw.c.obj
[pujjo:ro] [272/419] Building C object zephyr/subsys/crc/CMakeFiles/subsys__crc.dir/crc32_sw.c.obj
[pujjo:ro] [273/419] Building C object zephyr/subsys/crc/CMakeFiles/subsys__crc.dir/crc32k_4_2_sw.c.obj
[pujjo:ro] [274/419] Linking C static library zephyr/subsys/crc/libsubsys__crc.a
[pujjo:ro] [275/419] Building C object zephyr/lib/libc/common/CMakeFiles/lib__libc__common.dir/source/stdlib/malloc.c.obj
[pujjo:ro] [276/419] Building C object zephyr/lib/posix/c_lib_ext/CMakeFiles/lib__posix__c_lib_ext.dir/getentropy.c.obj
[pujjo:rw] [136/419] Building C object CMakeFiles/app.dir/mnt/host/source/src/platform/ec/build/zephyr/pujjo/modules/ec/driver/tcpm/tcpci.c.obj
[pujjo:ro] [277/419] Linking C static library zephyr/lib/libc/common/liblib__libc__common.a
[pujjo:ro] [278/419] Building C object zephyr/lib/posix/c_lib_ext/CMakeFiles/lib__posix__c_lib_ext.dir/getopt_shim.c.obj
[pujjo:ro] [279/419] Linking C static library zephyr/lib/posix/c_lib_ext/liblib__posix__c_lib_ext.a
[pujjo:rw] [137/419] Building C object CMakeFiles/app.dir/mnt/host/source/src/platform/ec/build/zephyr/pujjo/modules/ec/common/vboot_hash.c.obj
[pujjo:ro] [280/419] Building C object zephyr/drivers/interrupt_controller/CMakeFiles/drivers__interrupt_controller.dir/intc_miwu.c.obj
[pujjo:rw] [138/419] Building C object CMakeFiles/app.dir/mnt/host/source/src/platform/ec/build/zephyr/pujjo/modules/ec/common/button.c.obj
[pujjo:ro] [281/419] Building C object zephyr/drivers/bbram/CMakeFiles/drivers__bbram.dir/bbram_npcx.c.obj
[pujjo:ro] [282/419] Building C object zephyr/drivers/adc/CMakeFiles/drivers__adc.dir/adc_common.c.obj
[pujjo:ro] [283/419] Linking C static library zephyr/drivers/interrupt_controller/libdrivers__interrupt_controller.a
[pujjo:ro] [284/419] Linking C static library zephyr/drivers/bbram/libdrivers__bbram.a
[pujjo:rw] [139/419] Building C object CMakeFiles/app.dir/mnt/host/source/src/platform/ec/build/zephyr/pujjo/modules/ec/common/vboot/efs2.c.obj
[pujjo:ro] [285/419] Building C object zephyr/drivers/console/CMakeFiles/drivers__console.dir/uart_console.c.obj
[pujjo:ro] [286/419] Building C object zephyr/drivers/adc/CMakeFiles/drivers__adc.dir/adc_npcx.c.obj
[pujjo:ro] [287/419] Building C object zephyr/drivers/clock_control/CMakeFiles/drivers__clock_control.dir/clock_control_npcx.c.obj
[pujjo:ro] [288/419] Building C object zephyr/drivers/eeprom/CMakeFiles/drivers__eeprom.dir/eeprom_shell.c.obj
[pujjo:ro] [289/419] Linking C static library zephyr/drivers/console/libdrivers__console.a
[pujjo:ro] [290/419] Linking C static library zephyr/drivers/clock_control/libdrivers__clock_control.a
[pujjo:ro] [291/419] Linking C static library zephyr/drivers/adc/libdrivers__adc.a
[pujjo:rw] [140/419] Building C object CMakeFiles/app.dir/mnt/host/source/src/platform/ec/build/zephyr/pujjo/modules/ec/common/vstore.c.obj
[pujjo:ro] [292/419] Building C object zephyr/drivers/eeprom/CMakeFiles/drivers__eeprom.dir/eeprom_at2x.c.obj
[pujjo:rw] [141/419] Building C object CMakeFiles/app.dir/mnt/host/source/src/platform/ec/build/zephyr/pujjo/modules/ec/common/math_util.c.obj
[pujjo:ro] [293/419] Linking C static library zephyr/drivers/eeprom/libdrivers__eeprom.a
[buccaneer:ro] -- Performing EC specific devicetree checks
[pujjo:ro] [294/419] Building C object zephyr/drivers/flash/CMakeFiles/drivers__flash.dir/jesd216.c.obj
[buccaneer:rw] -- Performing EC specific devicetree checks
[pujjo:ro] [295/419] Building C object zephyr/drivers/espi/CMakeFiles/drivers__espi.dir/host_subs_npcx.c.obj
[buccaneer:ro] warning: Deprecated symbol REQUIRES_STD_C99 is enabled.
[buccaneer:ro] warning: Deprecated symbol REQUIRES_STD_C11 is enabled.
[buccaneer:ro] warning: Deprecated symbol STD_C11 is enabled.
[buccaneer:ro] INFO: Verified 7 GPIOs, no duplicates found
[buccaneer:ro] INFO: Verified 3 '*-gpios' properties, all flags match.
[pujjo:rw] [142/419] Building C object CMakeFiles/app.dir/src/common.c.obj
[buccaneer:rw] warning: Deprecated symbol POSIX_READER_WRITER_LOCKS is enabled.
[buccaneer:rw] warning: Deprecated symbol REQUIRES_STD_C99 is enabled.
[buccaneer:rw] warning: Deprecated symbol REQUIRES_STD_C11 is enabled.
[buccaneer:rw] warning: Deprecated symbol STD_C11 is enabled.
[buccaneer:rw] INFO: Verified 7 GPIOs, no duplicates found
[buccaneer:rw] INFO: Verified 3 '*-gpios' properties, all flags match.
[buccaneer:rw] INFO: Skipped 1 named-gpios children.
[pujjo:ro] [296/419] Building C object zephyr/drivers/espi/CMakeFiles/drivers__espi.dir/espi_npcx.c.obj
[pujjo:ro] [297/419] Building C object zephyr/drivers/i2c/CMakeFiles/drivers__i2c.dir/i2c_common.c.obj
[pujjo:ro] [298/419] Building C object zephyr/drivers/flash/CMakeFiles/drivers__flash.dir/flash_npcx_fiu_qspi.c.obj
[pujjo:ro] [299/419] Linking C static library zephyr/drivers/espi/libdrivers__espi.a
[pujjo:ro] [300/419] Building C object zephyr/drivers/flash/CMakeFiles/drivers__flash.dir/flash_npcx_fiu_nor.c.obj
[pujjo:ro] [301/419] Linking C static library zephyr/drivers/flash/libdrivers__flash.a
[pujjo:rw] [143/419] Building C object CMakeFiles/app.dir/src/sub_board.c.obj
[pujjo:rw] [144/419] Building C object CMakeFiles/app.dir/src/board_power.c.obj
[pujjo:ro] [302/419] Building C object zephyr/drivers/gpio/CMakeFiles/drivers__gpio.dir/gpio_npcx.c.obj
[pujjo:rw] [145/419] Building C object CMakeFiles/app.dir/pujjo/src/led.c.obj
[pujjo:ro] [303/419] Building C object zephyr/drivers/i2c/CMakeFiles/drivers__i2c.dir/i2c_shell.c.obj
[pujjo:ro] [304/419] Linking C static library zephyr/drivers/gpio/libdrivers__gpio.a
[pujjo:ro] [305/419] Building C object zephyr/drivers/sensor/CMakeFiles/drivers__sensor.dir/mnt/host/source/src/third_party/zephyr/main/misc/empty_file.c.obj
[/mnt/host/source/src/platform/ec/build/zephyr/ocicat-lcov]   /mnt/host/source/src/platform/ec/build/zephyr/ocicat/build-rw/CMakeFiles/app.dir/mnt/host/source/src/platform/ec/build/zephyr/ocicat/modules/ec/common/cbi_config.c.gcno:no functions found
[/mnt/host/source/src/platform/ec/build/zephyr/ocicat-lcov] stderr:
[pujjo:ro] [306/419] Linking C static library zephyr/drivers/sensor/libdrivers__sensor.a
[pujjo:ro] [307/419] Building C object zephyr/drivers/pinctrl/CMakeFiles/drivers__pinctrl.dir/common.c.obj
[pujjo:ro] [308/419] Building C object zephyr/drivers/i2c/CMakeFiles/drivers__i2c.dir/i2c_npcx_controller_fifo.c.obj
[pujjo:ro] [309/419] Building C object zephyr/drivers/i2c/CMakeFiles/drivers__i2c.dir/i2c_npcx_controller.c.obj
[pujjo:ro] [310/419] Building C object zephyr/drivers/pinctrl/CMakeFiles/drivers__pinctrl.dir/pinctrl_npcx.c.obj
[pujjo:ro] [311/419] Building C object zephyr/drivers/i2c/CMakeFiles/drivers__i2c.dir/i2c_npcx_port.c.obj
[pujjo:ro] [312/419] Linking C static library zephyr/drivers/pinctrl/libdrivers__pinctrl.a
[pujjo:ro] [313/419] Linking C static library zephyr/drivers/i2c/libdrivers__i2c.a
[pujjo:rw] [146/419] Building C object CMakeFiles/app.dir/pujjo/src/hdmi.c.obj
[pujjo:ro] [314/419] Building C object zephyr/drivers/pwm/CMakeFiles/drivers__pwm.dir/pwm_shell.c.obj
[pujjo:ro] [315/419] Building C object zephyr/drivers/pwm/CMakeFiles/drivers__pwm.dir/pwm_npcx.c.obj
[pujjo:ro] [316/419] Linking C static library zephyr/drivers/pwm/libdrivers__pwm.a
[/mnt/host/source/src/platform/ec/build/zephyr/ocicat-lcov]   /mnt/host/source/src/platform/ec/build/zephyr/ocicat/build-rw/zephyr/arch/arch/riscv/core/CMakeFiles/arch__riscv__core.dir/cpu_idle.c.gcno:no functions found
[pujjo:rw] [147/419] Building C object CMakeFiles/app.dir/pujjo/src/form_factor.c.obj
[/mnt/host/source/src/platform/ec/build/zephyr/ocicat-lcov] stderr:
[pujjo:rw] [148/419] Building C object CMakeFiles/app.dir/pujjo/src/fan.c.obj
[pujjo:rw] [149/419] Building C object CMakeFiles/app.dir/pujjo/src/usbc.c.obj
[pujjo:ro] [317/419] Building C object zephyr/drivers/sensor/nuvoton/nuvoton_tach_npcx/CMakeFiles/drivers__sensor__nuvoton__nuvoton_tach_npcx.dir/tach_nuvoton_npcx.c.obj
[pujjo:ro] [318/419] Building C object zephyr/drivers/syscon/CMakeFiles/drivers__syscon.dir/syscon.c.obj
[pujjo:ro] [319/419] Linking C static library zephyr/drivers/sensor/nuvoton/nuvoton_tach_npcx/libdrivers__sensor__nuvoton__nuvoton_tach_npcx.a
[pujjo:ro] [320/419] Building C object zephyr/drivers/sensor/nuvoton/nuvoton_adc_cmp_npcx/CMakeFiles/drivers__sensor__nuvoton__nuvoton_adc_cmp_npcx.dir/adc_cmp_npcx.c.obj
[pujjo:ro] [321/419] Building C object zephyr/drivers/serial/CMakeFiles/drivers__serial.dir/uart_npcx.c.obj
[pujjo:ro] [322/419] Linking C static library zephyr/drivers/syscon/libdrivers__syscon.a
[pujjo:ro] [323/419] Linking C static library zephyr/drivers/sensor/nuvoton/nuvoton_adc_cmp_npcx/libdrivers__sensor__nuvoton__nuvoton_adc_cmp_npcx.a
[pujjo:ro] [324/419] Linking C static library zephyr/drivers/serial/libdrivers__serial.a
[pujjo:ro] [325/419] Building C object zephyr/drivers/timer/CMakeFiles/drivers__timer.dir/sys_clock_init.c.obj
[pujjo:ro] [326/419] Building C object zephyr/drivers/timer/CMakeFiles/drivers__timer.dir/npcx_itim_timer.c.obj
[pujjo:ro] [327/419] Linking C static library zephyr/drivers/timer/libdrivers__timer.a
[pujjo:rw] [150/419] Building C object CMakeFiles/app.dir/pujjo/src/charger.c.obj
[pujjo:ro] [328/419] Building C object zephyr/drivers/watchdog/CMakeFiles/drivers__watchdog.dir/wdt_npcx.c.obj
[pujjo:ro] [329/419] Building C object zephyr/drivers/watchdog/CMakeFiles/drivers__watchdog.dir/wdt_shell.c.obj
[pujjo:rw] [151/419] Building C object zephyr/CMakeFiles/zephyr.dir/lib/libc/validate_libc.c.obj
[pujjo:ro] [330/419] Linking C static library zephyr/drivers/watchdog/libdrivers__watchdog.a
[pujjo:rw] [152/419] Linking C static library app/libapp.a
[pujjo:rw] [153/419] Building C object zephyr/CMakeFiles/zephyr.dir/lib/heap/heap.c.obj
[pujjo:rw] [154/419] Building C object zephyr/CMakeFiles/zephyr.dir/lib/os/cbprintf_packaged.c.obj
[/mnt/host/source/src/platform/ec/build/zephyr/ocicat-lcov]   /mnt/host/source/src/platform/ec/build/zephyr/ocicat/build-rw/zephyr/arch/common/CMakeFiles/isr_tables.dir/isr_tables.c.gcno:no functions found
[/mnt/host/source/src/platform/ec/build/zephyr/ocicat-lcov] stderr:
[pujjo:ro] [331/419] Building C object modules/ec/zephyr/CMakeFiles/ec_shim.dir/app/ec/main_shim.c.obj
[pujjo:ro] [332/419] Building C object modules/ec/zephyr/CMakeFiles/ec_shim.dir/drivers/cros_kblight/pwm_kblight.c.obj
[pujjo:ro] [333/419] Building C object modules/ec/zephyr/CMakeFiles/ec_shim.dir/drivers/cros_kb_raw/cros_kb_raw_npcx.c.obj
[pujjo:ro] [334/419] Building C object modules/ec/zephyr/CMakeFiles/ec_shim.dir/drivers/cros_flash/cros_flash_npcx.c.obj
[pujjo:rw] [155/419] Building C object zephyr/CMakeFiles/zephyr.dir/lib/os/clock.c.obj
[pujjo:ro] [335/419] Building C object modules/ec/zephyr/CMakeFiles/ec_shim.dir/app/ec/ec_app_main.c.obj
[pujjo:rw] [156/419] Building C object zephyr/CMakeFiles/zephyr.dir/lib/os/printk.c.obj
[pujjo:ro] [336/419] Building C object modules/ec/zephyr/CMakeFiles/ec_shim.dir/drivers/cros_system/cros_system_npcx.c.obj
[pujjo:ro] [337/419] Building C object modules/ec/zephyr/CMakeFiles/ec_shim.dir/drivers/vivaldi_kbd/vivaldi_kbd.c.obj
[pujjo:rw] [157/419] Building C object zephyr/CMakeFiles/zephyr.dir/lib/os/sem.c.obj
[pujjo:ro] [338/419] Building C object modules/ec/zephyr/CMakeFiles/ec_shim.dir/shim/chip/npcx/clock.c.obj
[pujjo:rw] [158/419] Building C object zephyr/CMakeFiles/zephyr.dir/lib/os/thread_entry.c.obj
[pujjo:rw] [159/419] Building C object zephyr/CMakeFiles/zephyr.dir/lib/utils/dec.c.obj
[pujjo:rw] [160/419] Building C object zephyr/CMakeFiles/zephyr.dir/lib/os/cbprintf_nano.c.obj
[pujjo:ro] [339/419] Building C object modules/ec/zephyr/CMakeFiles/ec_shim.dir/shim/chip/npcx/rom_chip.c.obj
[pujjo:ro] [340/419] Building C object modules/ec/zephyr/CMakeFiles/ec_shim.dir/shim/chip/npcx/keyboard_raw.c.obj
[pujjo:rw] [161/419] Building C object zephyr/CMakeFiles/zephyr.dir/lib/os/cbprintf.c.obj
[pujjo:rw] [162/419] Building C object zephyr/CMakeFiles/zephyr.dir/lib/utils/hex.c.obj
[pujjo:ro] [341/419] Building C object modules/ec/zephyr/CMakeFiles/ec_shim.dir/shim/chip/npcx/system.c.obj
[pujjo:ro] [342/419] Building C object modules/ec/zephyr/CMakeFiles/ec_shim.dir/shim/chip/npcx/system_download_from_flash.c.obj
[pujjo:ro] [343/419] Building C object modules/ec/zephyr/CMakeFiles/ec_shim.dir/shim/src/crc.c.obj
[pujjo:rw] [163/419] Building C object zephyr/CMakeFiles/zephyr.dir/lib/os/assert.c.obj
[pujjo:ro] [344/419] Building C object modules/ec/zephyr/CMakeFiles/ec_shim.dir/shim/chip/npcx/system_external_storage.c.obj
[pujjo:rw] [164/419] Building C object zephyr/CMakeFiles/zephyr.dir/lib/utils/timeutil.c.obj
[pujjo:ro] [345/419] Building C object modules/ec/zephyr/CMakeFiles/ec_shim.dir/shim/chip/npcx/power_policy.c.obj
[pujjo:ro] [346/419] Building C object modules/ec/zephyr/CMakeFiles/ec_shim.dir/shim/core/cortex-m/mpu.c.obj
[pujjo:ro] [347/419] Building C object modules/ec/zephyr/CMakeFiles/ec_shim.dir/shim/chip/npcx/gpio.c.obj
[pujjo:rw] [165/419] Building C object zephyr/CMakeFiles/zephyr.dir/lib/utils/bitmask.c.obj
[pujjo:ro] [348/419] Building C object modules/ec/zephyr/CMakeFiles/ec_shim.dir/shim/core/cortex-m/panic.c.obj
[pujjo:rw] [166/419] Building C object zephyr/CMakeFiles/zephyr.dir/lib/utils/rb.c.obj
[pujjo:rw] [167/419] Building C object zephyr/CMakeFiles/zephyr.dir/lib/utils/bitarray.c.obj
[pujjo:rw] [168/419] Building C object zephyr/CMakeFiles/zephyr.dir/lib/utils/last_section_id.c.obj
[pujjo:ro] [349/419] Building C object modules/ec/zephyr/CMakeFiles/ec_shim.dir/shim/src/console.c.obj
[pujjo:rw] [169/419] Building C object zephyr/CMakeFiles/zephyr.dir/lib/utils/ring_buffer.c.obj
[pujjo:rw] [170/419] Building C object zephyr/CMakeFiles/zephyr.dir/lib/utils/getopt/getopt.c.obj
[pujjo:ro] [350/419] Building C object modules/ec/zephyr/CMakeFiles/ec_shim.dir/shim/src/panic_utils.c.obj
[pujjo:rw] [171/419] Building C object zephyr/CMakeFiles/zephyr.dir/misc/generated/configs.c.obj
[pujjo:ro] [351/419] Building C object modules/ec/zephyr/CMakeFiles/ec_shim.dir/shim/src/pm_state.c.obj
[pujjo:ro] [352/419] Building C object modules/ec/zephyr/CMakeFiles/ec_shim.dir/shim/src/gpio.c.obj
[pujjo:ro] [353/419] Building C object modules/ec/zephyr/CMakeFiles/ec_shim.dir/shim/src/cbi/cros_cbi.c.obj
[pujjo:rw] [172/419] Building C object zephyr/CMakeFiles/zephyr.dir/lib/utils/getopt/getopt_common.c.obj
[pujjo:ro] [354/419] Building C object modules/ec/zephyr/CMakeFiles/ec_shim.dir/shim/src/gpio_int.c.obj
[pujjo:ro] [355/419] Building ASM object modules/ec/zephyr/CMakeFiles/ec_shim.dir/shim/src/libgcc_arm.S.obj
[pujjo:ro] [356/419] Building C object modules/ec/zephyr/CMakeFiles/ec_shim.dir/shim/src/cbi/cros_cbi_fw_config.c.obj
[buccaneer:ro] -- warning_base_override: -Wall;-Wformat;-Wformat-security;-Wno-format-zero-length;-Wno-unused-but-set-variable;-Wno-typedef-redefinition;-Wno-deprecated-non-prototype;-Wno-pointer-sign;-Wpointer-arith;-Wno-main;-Wno-unknown-warning-option;-Wno-arm-interrupt-vfp-clobber;-Wno-extra
[buccaneer:rw] -- warning_base_override: -Wall;-Wformat;-Wformat-security;-Wno-format-zero-length;-Wno-unused-but-set-variable;-Wno-typedef-redefinition;-Wno-deprecated-non-prototype;-Wno-pointer-sign;-Wpointer-arith;-Wno-main;-Wno-unknown-warning-option;-Wno-arm-interrupt-vfp-clobber;-Wno-extra
[pujjo:ro] [357/419] Building C object modules/ec/zephyr/CMakeFiles/ec_shim.dir/shim/src/cbi/cros_cbi_ssfc.c.obj
[buccaneer:rw] CMake Warning (dev) at /usr/share/cmake/Modules/GNUInstallDirs.cmake:253 (message):
[buccaneer:ro] INFO: Skipped 1 named-gpios children.
[buccaneer:ro] CMake Warning (dev) at /usr/share/cmake/Modules/GNUInstallDirs.cmake:253 (message):
[pujjo:rw] [173/419] Building C object zephyr/CMakeFiles/zephyr.dir/soc/nuvoton/npcx/common/power.c.obj
[pujjo:ro] [358/419] Building C object modules/ec/zephyr/CMakeFiles/ec_shim.dir/shim/src/cbi/cbi_eeprom.c.obj
[buccaneer:ro] -- No Elan fingerprint library enabled
[pujjo:rw] [174/419] Building C object zephyr/CMakeFiles/zephyr.dir/soc/nuvoton/npcx/common/scfg.c.obj
[pujjo:rw] [175/419] Building C object zephyr/CMakeFiles/zephyr.dir/soc/nuvoton/npcx/common/npcxn/registers.c.obj
[pujjo:rw] [176/419] Building C object zephyr/CMakeFiles/zephyr.dir/soc/nuvoton/npcx/npcx9/soc.c.obj
[buccaneer:ro] -- Found gen_kobject_list: /mnt/host/source/src/third_party/zephyr/main/scripts/build/gen_kobject_list.py
[pujjo:ro] [359/419] Building C object modules/ec/zephyr/CMakeFiles/ec_shim.dir/shim/src/system.c.obj
[buccaneer:rw] -- Found gen_kobject_list: /mnt/host/source/src/third_party/zephyr/main/scripts/build/gen_kobject_list.py
[pujjo:ro] [360/419] Building C object modules/ec/zephyr/CMakeFiles/ec_shim.dir/shim/src/battery.c.obj
[pujjo:ro] [361/419] Building C object modules/ec/zephyr/CMakeFiles/ec_shim.dir/shim/src/adc.c.obj
[/mnt/host/source/src/platform/ec/build/zephyr/mtlrvpp_npcx-lcov]   /mnt/host/source/src/platform/ec/build/zephyr/mtlrvpp_npcx/build-ro/zephyr/CMakeFiles/zephyr.dir/soc/nuvoton/npcx/common/npcxn/registers.c.gcno:no functions found
[/mnt/host/source/src/platform/ec/build/zephyr/mtlrvpp_npcx-lcov] stderr:
[pujjo:ro] [362/419] Building C object modules/ec/zephyr/CMakeFiles/ec_shim.dir/shim/src/charger.c.obj
[pujjo:ro] [363/419] Building C object modules/ec/zephyr/CMakeFiles/ec_shim.dir/shim/src/chipset_api.c.obj
[buccaneer:ro] -- Configuring done (45.1s)
[buccaneer:rw] -- Configuring done (45.2s)
[pujjo:rw] [177/419] Building C object zephyr/CMakeFiles/zephyr.dir/subsys/pm/state.c.obj
[pujjo:ro] [364/419] Building C object modules/ec/zephyr/CMakeFiles/ec_shim.dir/shim/src/espi.c.obj
[pujjo:rw] [178/419] Building C object zephyr/CMakeFiles/zephyr.dir/subsys/logging/log_minimal.c.obj
[pujjo:rw] [179/419] Building C object zephyr/CMakeFiles/zephyr.dir/subsys/mem_mgmt/mem_attr.c.obj
[pujjo:rw] [180/419] Building C object zephyr/CMakeFiles/zephyr.dir/subsys/pm/pm.c.obj
[buccaneer:ro] -- Generating done (0.6s)
[buccaneer:ro] -- Build files have been written to: /mnt/host/source/src/platform/ec/build/zephyr/buccaneer/build-ro
[pujjo:ro] [365/419] Building C object modules/ec/zephyr/CMakeFiles/ec_shim.dir/shim/src/fan.c.obj
[buccaneer:rw] -- Generating done (0.6s)
[buccaneer:rw] -- Build files have been written to: /mnt/host/source/src/platform/ec/build/zephyr/buccaneer/build-rw
[pujjo:ro] [366/419] Building C object modules/ec/zephyr/CMakeFiles/ec_shim.dir/shim/src/flash.c.obj
[pujjo:ro] [367/419] Building C object modules/ec/zephyr/CMakeFiles/ec_shim.dir/shim/src/hooks.c.obj
[pujjo:ro] [368/419] Building C object modules/ec/zephyr/CMakeFiles/ec_shim.dir/shim/src/console_buffer.c.obj
[pujjo:ro] [369/419] Building C object modules/ec/zephyr/CMakeFiles/ec_shim.dir/shim/src/host_command.c.obj
[pujjo:ro] [370/419] Building C object modules/ec/zephyr/CMakeFiles/ec_shim.dir/shim/src/keyboard_raw.c.obj
[buccaneer:ro]   Unable to determine default CMAKE_INSTALL_LIBDIR directory because no
[buccaneer:ro]   target architecture is known.  Please enable at least one language before
[buccaneer:ro]   including GNUInstallDirs.
[buccaneer:ro] Call Stack (most recent call first):
[buccaneer:ro]   /mnt/host/source/src/third_party/boringssl/CMakeLists.txt:25 (include)
[buccaneer:ro] This warning is for project developers.  Use -Wno-dev to suppress it.
[buccaneer:rw]   Unable to determine default CMAKE_INSTALL_LIBDIR directory because no
[buccaneer:rw]   target architecture is known.  Please enable at least one language before
[buccaneer:rw]   including GNUInstallDirs.
[buccaneer:rw] Call Stack (most recent call first):
[pujjo:ro] [371/419] Building C object modules/ec/zephyr/CMakeFiles/ec_shim.dir/shim/src/keyscan.c.obj
[buccaneer:rw]   /mnt/host/source/src/third_party/boringssl/CMakeLists.txt:25 (include)
[buccaneer:rw] This warning is for project developers.  Use -Wno-dev to suppress it.
[pujjo:rw] [181/419] Building C object zephyr/CMakeFiles/zephyr.dir/subsys/pm/policy/policy_events.c.obj
[/mnt/host/source/src/platform/ec/build/zephyr/ocicat-lcov]   /mnt/host/source/src/platform/ec/build/zephyr/ocicat/build-rw/zephyr/CMakeFiles/zephyr.dir/subsys/shell/modules/kernel_service/kernel_shell.c.gcno:no functions found
[/mnt/host/source/src/platform/ec/build/zephyr/ocicat-lcov] stderr:
[pujjo:ro] [372/419] Building C object modules/ec/zephyr/CMakeFiles/ec_shim.dir/shim/src/mkbp_event.c.obj
[pujjo:rw] [182/419] Building C object zephyr/CMakeFiles/zephyr.dir/subsys/pm/policy/policy_latency.c.obj
[pujjo:rw] [183/419] Building C object zephyr/CMakeFiles/zephyr.dir/subsys/pm/policy/policy_state_lock.c.obj
[pujjo:rw] [184/419] Building C object zephyr/CMakeFiles/zephyr.dir/subsys/pm/device.c.obj
[/mnt/host/source/src/platform/ec/build/zephyr/ocicat-lcov]   /mnt/host/source/src/platform/ec/build/zephyr/ocicat/build-rw/zephyr/CMakeFiles/zephyr.dir/lib/libc/validate_libc.c.gcno:no functions found
[/mnt/host/source/src/platform/ec/build/zephyr/ocicat-lcov] stderr:
[pujjo:ro] [373/419] Building C object modules/ec/zephyr/CMakeFiles/ec_shim.dir/shim/src/hwtimer.c.obj
[pujjo:ro] [374/419] Building C object modules/ec/zephyr/CMakeFiles/ec_shim.dir/shim/src/pwm_hc.c.obj
[pujjo:rw] [185/419] Building C object zephyr/CMakeFiles/zephyr.dir/subsys/pm/device_system_managed.c.obj
[pujjo:ro] [375/419] Building C object modules/ec/zephyr/CMakeFiles/ec_shim.dir/shim/src/motionsense_sensors.c.obj
[pujjo:rw] [186/419] Building C object zephyr/CMakeFiles/zephyr.dir/subsys/testsuite/coverage/coverage.c.obj
[pujjo:ro] [376/419] Building C object modules/ec/zephyr/CMakeFiles/ec_shim.dir/shim/src/panic.c.obj
[pujjo:ro] [377/419] Building C object modules/ec/zephyr/CMakeFiles/ec_shim.dir/shim/src/i2c.c.obj
[pujjo:ro] [378/419] Building C object modules/ec/zephyr/CMakeFiles/ec_shim.dir/shim/src/thermal.c.obj
[pujjo:rw] [187/419] Building C object zephyr/CMakeFiles/zephyr.dir/subsys/tracing/tracing_none.c.obj
[pujjo:ro] [379/419] Building C object modules/ec/zephyr/CMakeFiles/ec_shim.dir/shim/src/tasks.c.obj
[pujjo:ro] [380/419] Building C object modules/ec/zephyr/CMakeFiles/ec_shim.dir/shim/src/temp_sensors.c.obj
[pujjo:ro] [381/419] Building C object modules/ec/zephyr/CMakeFiles/ec_shim.dir/shim/src/watchdog.c.obj
[pujjo:rw] [188/419] Building C object zephyr/CMakeFiles/zephyr.dir/subsys/shell/modules/kernel_service/cycles.c.obj
[pujjo:rw] [189/419] Building C object zephyr/CMakeFiles/zephyr.dir/subsys/shell/modules/kernel_service/kernel_shell.c.obj
[pujjo:rw] [190/419] Building C object zephyr/CMakeFiles/zephyr.dir/subsys/shell/modules/kernel_service/sleep.c.obj
[pujjo:rw] [191/419] Building C object zephyr/CMakeFiles/zephyr.dir/subsys/shell/modules/kernel_service/uptime.c.obj
[pujjo:ro] [382/419] Building C object modules/ec/zephyr/CMakeFiles/ec_shim.dir/shim/src/usba.c.obj
[pujjo:ro] [383/419] Building C object zephyr/kernel/CMakeFiles/kernel.dir/main_weak.c.obj
[pujjo:rw] [192/419] Building C object zephyr/CMakeFiles/zephyr.dir/subsys/shell/modules/kernel_service/version.c.obj
[pujjo:ro] [384/419] Building C object zephyr/kernel/CMakeFiles/kernel.dir/busy_wait.c.obj
[pujjo:ro] [385/419] Building C object modules/ec/zephyr/CMakeFiles/ec_shim.dir/shim/src/bc12.c.obj
[pujjo:ro] [386/419] Building C object zephyr/kernel/CMakeFiles/kernel.dir/banner.c.obj
[pujjo:ro] [387/419] Building C object zephyr/kernel/CMakeFiles/kernel.dir/device.c.obj
[/mnt/host/source/src/platform/ec/build/zephyr/ocicat-lcov]   /mnt/host/source/src/platform/ec/build/zephyr/ocicat/build-rw/zephyr/CMakeFiles/zephyr.dir/lib/utils/last_section_id.c.gcno:no functions found
[/mnt/host/source/src/platform/ec/build/zephyr/ocicat-lcov] stderr:
[pujjo:ro] [388/419] Building C object modules/ec/zephyr/CMakeFiles/ec_shim.dir/shim/src/power_host_sleep_api.c.obj
[pujjo:ro] [389/419] Building C object modules/ec/zephyr/CMakeFiles/ec_shim.dir/shim/src/bc12_pi3usb9201.c.obj
[pujjo:ro] [390/419] Building C object zephyr/kernel/CMakeFiles/kernel.dir/version.c.obj
[pujjo:ro] [391/419] Building C object modules/ec/zephyr/CMakeFiles/ec_shim.dir/shim/src/usb_muxes.c.obj
[pujjo:rw] [193/419] Building C object zephyr/CMakeFiles/zephyr.dir/subsys/shell/modules/kernel_service/thread/thread.c.obj
[pujjo:rw] [194/419] Building C object zephyr/CMakeFiles/zephyr.dir/subsys/shell/modules/kernel_service/thread/list.c.obj
[pujjo:ro] [392/419] Linking C static library modules/ec/zephyr/libec_shim.a
[pujjo:rw] [195/419] Building C object zephyr/CMakeFiles/zephyr.dir/subsys/shell/modules/kernel_service/thread/suspend.c.obj
[pujjo:rw] [196/419] Building C object zephyr/CMakeFiles/zephyr.dir/subsys/shell/modules/kernel_service/thread/stacks.c.obj
[pujjo:rw] [197/419] Building C object zephyr/CMakeFiles/zephyr.dir/subsys/shell/modules/kernel_service/thread/resume.c.obj
[pujjo:ro] [393/419] Building C object zephyr/kernel/CMakeFiles/kernel.dir/errno.c.obj
[pujjo:ro] [394/419] Building C object zephyr/kernel/CMakeFiles/kernel.dir/kheap.c.obj
[pujjo:ro] [395/419] Building C object zephyr/kernel/CMakeFiles/kernel.dir/mem_slab.c.obj
[pujjo:ro] [396/419] Building C object zephyr/kernel/CMakeFiles/kernel.dir/fatal.c.obj
[pujjo:ro] [397/419] Building C object zephyr/kernel/CMakeFiles/kernel.dir/float.c.obj
[pujjo:ro] [398/419] Building C object zephyr/kernel/CMakeFiles/kernel.dir/init.c.obj
[pujjo:ro] [399/419] Building C object zephyr/kernel/CMakeFiles/kernel.dir/idle.c.obj
[pujjo:ro] [400/419] Building C object zephyr/kernel/CMakeFiles/kernel.dir/mailbox.c.obj
[pujjo:rw] [198/419] Building C object zephyr/CMakeFiles/zephyr.dir/subsys/shell/modules/kernel_service/thread/kill.c.obj
[pujjo:ro] [401/419] Building C object zephyr/kernel/CMakeFiles/kernel.dir/msg_q.c.obj
[pujjo:rw] [199/419] Building C object zephyr/CMakeFiles/zephyr.dir/subsys/shell/backends/shell_uart.c.obj
[pujjo:ro] [402/419] Building C object zephyr/kernel/CMakeFiles/kernel.dir/system_work_q.c.obj
[pujjo:ro] [403/419] Building C object zephyr/kernel/CMakeFiles/kernel.dir/stack.c.obj
[pujjo:ro] [404/419] Building C object zephyr/kernel/CMakeFiles/kernel.dir/mutex.c.obj
[pujjo:rw] [200/419] Building C object zephyr/CMakeFiles/zephyr.dir/subsys/shell/shell_fprintf.c.obj
[pujjo:ro] [405/419] Building C object zephyr/kernel/CMakeFiles/kernel.dir/queue.c.obj
[pujjo:rw] [201/419] Building C object zephyr/CMakeFiles/zephyr.dir/subsys/shell/shell_utils.c.obj
[pujjo:rw] [202/419] Building C object zephyr/CMakeFiles/zephyr.dir/subsys/shell/shell.c.obj
[pujjo:ro] [406/419] Building C object zephyr/kernel/CMakeFiles/kernel.dir/sem.c.obj
[pujjo:ro] [407/419] Building C object zephyr/kernel/CMakeFiles/kernel.dir/condvar.c.obj
[pujjo:ro] [408/419] Building C object zephyr/kernel/CMakeFiles/kernel.dir/thread.c.obj
[pujjo:ro] [409/419] Building C object zephyr/kernel/CMakeFiles/kernel.dir/work.c.obj
[pujjo:rw] [203/419] Building C object zephyr/CMakeFiles/zephyr.dir/subsys/shell/shell_ops.c.obj
[pujjo:rw] [204/419] Building C object zephyr/CMakeFiles/zephyr.dir/subsys/shell/shell_history.c.obj
[pujjo:rw] [205/419] Building C object zephyr/arch/common/CMakeFiles/arch__common.dir/init.c.obj
[pujjo:ro] [410/419] Building C object zephyr/kernel/CMakeFiles/kernel.dir/sched.c.obj
[pujjo:ro] [411/419] Building C object zephyr/kernel/CMakeFiles/kernel.dir/thread_monitor.c.obj
[pujjo:ro] [412/419] Building C object zephyr/kernel/CMakeFiles/kernel.dir/timer.c.obj
[pujjo:rw] [206/419] Building C object zephyr/arch/common/CMakeFiles/arch__common.dir/sw_isr_common.c.obj
[pujjo:ro] [413/419] Building C object zephyr/kernel/CMakeFiles/kernel.dir/pipe.c.obj
[epic:rw] Building: /usr/bin/ninja -C /mnt/host/source/src/platform/ec/build/zephyr/epic/build-rw all.libraries
Running `env -i SHELL=/bin/bash COLORTERM=truecolor DEPOT_TOOLS_UPDATE=0 LESS='-R -M --shift 5' SUDO_GID=0 JDK_HOME=/etc/java-config-2/current-system-vm CONFIG_PROTECT_MASK='/etc/gentoo-release /etc/sandbox.d /etc/fonts/fonts.conf /etc/terminfo /etc/ca-certificates.conf /etc/revdep-rebuild' CHROMEOS_CACHEDIR=/var/cache/chromeos-cache JAVA_HOME=/etc/java-config-2/current-system-vm SSH_AUTH_SOCK=/tmp/ssh-auth-sock SUDO_COMMAND=/bin/bash SUDO_USER=root SUDO_TTY=/dev/pts/2 EDITOR=/usr/bin/vi PWD=/mnt/host/source/src/platform/ec CONFIG_PROTECT=/usr/share/gnupg/qualified.txt LOGNAME=jpmurphy MANPATH=/etc/java-config-2/current-system-vm/man:/usr/local/share/man:/usr/share/man:/usr/share/gcc-data/x86_64-pc-linux-gnu/10.2.0/man:/usr/share/binutils-data/x86_64-pc-linux-gnu/2.45/man:/etc/java-config-2/current-system-vm/man/ SUDO_HOME=/root XAUTHORITY=/run/user/944457/gdm/Xauthority HOME=/home/jpmurphy LANG=C.UTF-8 LS_COLORS='rs=0:di=01;34:ln=01;36:mh=00:pi=40;33:so=01;35:do=01;35:bd=40;33;01:cd=40;33;01:or=01;05;37;41:mi=01;05;37;41:su=37;41:sg=30;43:ca=30;41:tw=30;42:ow=34;42:st=37;44:ex=01;32:*.tar=01;31:*.tgz=01;31:*.arc=01;31:*.arj=01;31:*.taz=01;31:*.lha=01;31:*.lz4=01;31:*.lzh=01;31:*.lzma=01;31:*.tlz=01;31:*.txz=01;31:*.tzo=01;31:*.t7z=01;31:*.zip=01;31:*.z=01;31:*.dz=01;31:*.gz=01;31:*.lrz=01;31:*.lz=01;31:*.lzo=01;31:*.xz=01;31:*.zst=01;31:*.tzst=01;31:*.bz2=01;31:*.bz=01;31:*.tbz=01;31:*.tbz2=01;31:*.tz=01;31:*.deb=01;31:*.rpm=01;31:*.jar=01;31:*.war=01;31:*.ear=01;31:*.sar=01;31:*.rar=01;31:*.alz=01;31:*.ace=01;31:*.zoo=01;31:*.cpio=01;31:*.7z=01;31:*.rz=01;31:*.cab=01;31:*.wim=01;31:*.swm=01;31:*.dwm=01;31:*.esd=01;31:*.jpg=01;35:*.jpeg=01;35:*.mjpg=01;35:*.mjpeg=01;35:*.gif=01;35:*.bmp=01;35:*.pbm=01;35:*.pgm=01;35:*.ppm=01;35:*.tga=01;35:*.xbm=01;35:*.xpm=01;35:*.tif=01;35:*.tiff=01;35:*.png=01;35:*.svg=01;35:*.svgz=01;35:*.mng=01;35:*.pcx=01;35:*.mov=01;35:*.mpg=01;35:*.mpeg=01;35:*.m2v=01;35:*.mkv=01;35:*.webm=01;35:*.webp=01;35:*.ogm=01;35:*.mp4=01;35:*.m4v=01;35:*.mp4v=01;35:*.vob=01;35:*.qt=01;35:*.nuv=01;35:*.wmv=01;35:*.asf=01;35:*.rm=01;35:*.rmvb=01;35:*.flc=01;35:*.avi=01;35:*.fli=01;35:*.flv=01;35:*.gl=01;35:*.dl=01;35:*.xcf=01;35:*.xwd=01;35:*.yuv=01;35:*.cgm=01;35:*.emf=01;35:*.ogv=01;35:*.ogx=01;35:*.cfg=00;32:*.conf=00;32:*.diff=00;32:*.doc=00;32:*.ini=00;32:*.log=00;32:*.patch=00;32:*.pdf=00;32:*.ps=00;32:*.tex=00;32:*.txt=00;32:*.aac=00;36:*.au=00;36:*.flac=00;36:*.m4a=00;36:*.mid=00;36:*.midi=00;36:*.mka=00;36:*.mp3=00;36:*.mpc=00;36:*.ogg=00;36:*.ra=00;36:*.wav=00;36:*.oga=00;36:*.opus=00;36:*.spx=00;36:*.xspf=00;36:' XDG_CURRENT_DESKTOP=GNOME INFOPATH=/usr/share/info:/usr/share/gcc-data/x86_64-pc-linux-gnu/10.2.0/info:/usr/share/binutils-data/x86_64-pc-linux-gnu/2.45/info:/usr/share/automake-1.16.5/info JAVAC=/etc/java-config-2/current-system-vm/bin/javac TERM=xterm-256color LESSOPEN='|lesspipe %s' USER=jpmurphy CROS_WORKON_SRCROOT=/mnt/host/source MANPAGER=manpager DISPLAY=:1 SHLVL=1 LC_MESSAGES=C EXTERNAL_TRUNK_PATH=/mnt/8f9d649a-3721-44cc-93c0-e6bd21a9689f/chromiumos GCC_SPECS='' PATH=/mnt/host/source/chromite/bin:/usr/local/bin:/usr/bin:/bin:/opt/bin:/mnt/host/source/chromite/sdk/bin:/mnt/host/source/chromite/bin PORTAGE_USERNAME=jpmurphy SUDO_UID=0 GCC_VER=10.2.0 MAIL=/var/mail/jpmurphy OLDPWD=/mnt/host/source/src/scripts traceparent=00-e87aca51550a78635907baa6a2476181-6d684811675d2973-01 _=./zephyr/firmware_builder.py COREBOOT_SDK_ROOT_x86=/home/jpmurphy/.cache/coreboot-sdk/i386-elf/dfbb0486385d938cfa9d73080b9d18d598ed4f49 COREBOOT_SDK_ROOT_picolibc_x86=/home/jpmurphy/.cache/coreboot-sdk/picolibc-i386-elf/eb8e8e687b95461de8cbf278f1c2076952d0ad17 COREBOOT_SDK_ROOT_riscv64=/home/jpmurphy/.cache/coreboot-sdk/riscv64-elf/96b949749225b6aaa92ed810ab769e8dfb12f000 COREBOOT_SDK_ROOT_picolibc_arm=/home/jpmurphy/.cache/coreboot-sdk/picolibc-arm-eabi/422a2aa3e1ef891b5bece9a3deb696ff83840d2e COREBOOT_SDK_ROOT_nds32=/home/jpmurphy/.cache/coreboot-sdk/nds32le-elf/d1a518c4a097666d86058e1444f85ca015d15511 COREBOOT_SDK_ROOT_picolibc_riscv64=/home/jpmurphy/.cache/coreboot-sdk/picolibc-riscv64-elf/f571e990ef0278564b31124f8bb109d9a697eb69 COREBOOT_SDK_ROOT_arm=/home/jpmurphy/.cache/coreboot-sdk/arm-eabi/ea40ddd1d190c3b48435c474c0b545719371813a COREBOOT_SDK_ROOT_libstdcxx_riscv64=/home/jpmurphy/.cache/coreboot-sdk/libstdcxx-riscv64-elf/17abf22a3a252e2d5d2062ced5324f7a623689e0 COREBOOT_SDK_ROOT_libstdcxx_arm=/home/jpmurphy/.cache/coreboot-sdk/libstdcxx-arm-eabi/5d7d82e150e44aa1968f1d366e267e6687b328ac COREBOOT_SDK_ROOT_riscv=/home/jpmurphy/.cache/coreboot-sdk/riscv-elf/9a27b9e82341c6e9126624f516ab3f261abb3e73 COREBOOT_SDK_ROOT_libstdcxx_x86=/home/jpmurphy/.cache/coreboot-sdk/libstdcxx-i386-elf/42ef9d2e87a76a37963175d7d428734e65648b87 PYTHONPATH=/mnt/host/source/src/platform/ec/zephyr/zmake PW_PIGWEED_CIPD_INSTALL_DIR=/usr CROSTC_USER_ACKNOWLEDGES_THAT_RISCV_IS_EXPERIMENTAL=1 MAKEFLAGS=' -j16 --jobserver-auth=5,6' /usr/bin/ninja -C /mnt/host/source/src/platform/ec/build/zephyr/epic/build-rw all.libraries`
[pujjo:ro] [414/419] Building C object zephyr/kernel/CMakeFiles/kernel.dir/timeout.c.obj
[epic:rw] ninja: Entering directory `/mnt/host/source/src/platform/ec/build/zephyr/epic/build-rw'
[pujjo:rw] [207/419] Building C object zephyr/CMakeFiles/zephyr.dir/drivers/flash/flash_util.c.obj
[pujjo:rw] [208/419] Building ASM object zephyr/arch/arch/arm/core/CMakeFiles/arch__arm__core.dir/nmi_on_reset.S.obj
[pujjo:ro] [415/419] Building C object zephyr/kernel/CMakeFiles/kernel.dir/events.c.obj
[pujjo:rw] [209/419] Linking C static library zephyr/libzephyr.a
[pujjo:ro] [416/419] Building C object zephyr/kernel/CMakeFiles/kernel.dir/dynamic_disabled.c.obj
[pujjo:ro] [417/419] Building C object zephyr/kernel/CMakeFiles/kernel.dir/poll.c.obj
[epic:rw] [1/405] Preparing syscall dependency handling
[epic:rw] [2/405] Generating misc/generated/syscalls_subdirs.trigger
[pujjo:rw] [210/419] Building ASM object zephyr/arch/arch/arm/core/cortex_m/CMakeFiles/arch__arm__core__cortex_m.dir/fault_s.S.obj
[pujjo:ro] [418/419] Building C object zephyr/kernel/CMakeFiles/kernel.dir/mempool.c.obj
[pujjo:rw] [211/419] Building C object zephyr/arch/common/CMakeFiles/isr_tables.dir/isr_tables.c.obj
[pujjo:rw] [212/419] Building C object zephyr/arch/common/CMakeFiles/arch__common.dir/xip.c.obj
[pujjo:rw] [213/419] Linking C static library zephyr/arch/common/libisr_tables.a
[pujjo:ro] [419/419] Linking C static library zephyr/kernel/libkernel.a
[epic:rw] [3/405] cd /mnt/host/source/src/platform/ec/build/zephyr/epic/build-rw/modules/ec/zephyr && PYTHONPATH=/mnt/host/source/src/platform/ec/build/zephyr/epic/modules/ec/zephyr/zmake/ /usr/bin/python3.11 /mnt/host/source/src/platform/ec/build/zephyr/epic/modules/ec/zephyr/zmake/zephyr_build_tools/generate_ec_version.py /mnt/host/source/src/platform/ec/build/zephyr/epic/build-rw/modules/ec/zephyr/include/ec_version.h --name Zephyr-Kernel --version 16543.0.0 --static
[epic:rw] INFO:root:Using a static version string
[pujjo:rw] [214/419] Linking C static library zephyr/arch/common/libarch__common.a
[epic:rw] INFO:root:Version string: Zephyr-Kernel-16543.0.0
[epic:rw] INFO:root:Writing header to /mnt/host/source/src/platform/ec/build/zephyr/epic/build-rw/modules/ec/zephyr/include/ec_version.h
[epic:rw] [4/405] Generating include/generated/zephyr/version.h
[pujjo:rw] [215/419] Building C object zephyr/arch/arch/arm/core/CMakeFiles/arch__arm__core.dir/nmi.c.obj
[pujjo:rw] [216/419] Building ASM object zephyr/arch/arch/arm/core/cortex_m/CMakeFiles/arch__arm__core__cortex_m.dir/vector_table.S.obj
[pujjo:rw] [217/419] Building C object zephyr/arch/arch/arm/core/CMakeFiles/arch__arm__core.dir/fatal.c.obj
[pujjo:rw] [218/419] Building C object zephyr/arch/arch/arm/core/cortex_m/CMakeFiles/arch__arm__core__cortex_m.dir/exc_exit.c.obj
[pujjo:rw] [219/419] Building C object zephyr/arch/arch/arm/core/cortex_m/CMakeFiles/arch__arm__core__cortex_m.dir/fault.c.obj
[pujjo:rw] [220/419] Linking C static library zephyr/arch/arch/arm/core/libarch__arm__core.a
[pujjo:rw] [221/419] Building C object zephyr/arch/arch/arm/core/cortex_m/CMakeFiles/arch__arm__core__cortex_m.dir/fpu.c.obj
[pujjo:rw] [222/419] Building ASM object zephyr/arch/arch/arm/core/cortex_m/CMakeFiles/arch__arm__core__cortex_m.dir/reset.S.obj
[pujjo:rw] [223/419] Building C object zephyr/arch/arch/arm/core/cortex_m/CMakeFiles/arch__arm__core__cortex_m.dir/scb.c.obj
[pujjo:rw] [224/419] Building C object zephyr/arch/arch/arm/core/cortex_m/CMakeFiles/arch__arm__core__cortex_m.dir/thread_abort.c.obj
[pujjo:rw] [225/419] Generating ../../../include/generated/libc/minimal/strerror_table.h
[epic:rw] -- git describe warned: warning: tag 'upstream/v2.7.99' is externally known as 'v2.7.99'
[epic:rw] -- Zephyr version: 4.3.99 (/mnt/host/source/src/third_party/zephyr/main)
[epic:rw] [5/405] Generating misc/generated/syscalls.json, misc/generated/struct_tags.json
[pujjo:rw] [226/419] Building ASM object zephyr/arch/arch/arm/core/cortex_m/CMakeFiles/arch__arm__core__cortex_m.dir/swap_helper.S.obj
[pujjo:rw] [227/419] Building C object zephyr/lib/libc/minimal/CMakeFiles/lib__libc__minimal.dir/source/stdlib/strtol.c.obj
[pujjo:rw] [228/419] Building C object zephyr/lib/libc/minimal/CMakeFiles/lib__libc__minimal.dir/source/stdlib/atoi.c.obj
[epic:rw] [6/405] Generating include/generated/zephyr/syscall_dispatch.c, include/generated/zephyr/syscall_exports_llext.c, syscall_weakdefs_llext.c, include/generated/zephyr/syscall_list.h
[pujjo:rw] [229/419] Building C object zephyr/arch/arch/arm/core/cortex_m/CMakeFiles/arch__arm__core__cortex_m.dir/irq_manage.c.obj
[pujjo:rw] [230/419] Building C object zephyr/arch/arch/arm/core/cortex_m/CMakeFiles/arch__arm__core__cortex_m.dir/thread.c.obj
[pujjo:rw] [231/419] Building C object zephyr/lib/libc/minimal/CMakeFiles/lib__libc__minimal.dir/source/stdlib/strtoul.c.obj
[pujjo:rw] [232/419] Building C object zephyr/arch/arch/arm/core/cortex_m/CMakeFiles/arch__arm__core__cortex_m.dir/irq_init.c.obj
[pujjo:rw] [233/419] Building C object zephyr/lib/libc/minimal/CMakeFiles/lib__libc__minimal.dir/source/stdlib/strtoull.c.obj
[pujjo:rw] [234/419] Building C object zephyr/arch/arch/arm/core/cortex_m/CMakeFiles/arch__arm__core__cortex_m.dir/cpu_idle.c.obj
[pujjo:rw] [235/419] Building C object zephyr/arch/arch/arm/core/cortex_m/CMakeFiles/arch__arm__core__cortex_m.dir/prep_c.c.obj
[pujjo:rw] [236/419] Building C object zephyr/lib/libc/minimal/CMakeFiles/lib__libc__minimal.dir/source/stdlib/bsearch.c.obj
[pujjo:rw] [237/419] Building C object zephyr/lib/libc/minimal/CMakeFiles/lib__libc__minimal.dir/source/stdlib/strtoll.c.obj
[epic:rw] [7/405] Generating include/generated/zephyr/driver-validation.h
[pujjo:rw] [238/419] Building C object zephyr/lib/libc/minimal/CMakeFiles/lib__libc__minimal.dir/source/string/strstr.c.obj
[pujjo:rw] [239/419] Building C object zephyr/lib/libc/minimal/CMakeFiles/lib__libc__minimal.dir/source/string/strncasecmp.c.obj
[pujjo:rw] [240/419] Building C object zephyr/arch/arch/arm/core/cortex_m/CMakeFiles/arch__arm__core__cortex_m.dir/isr_wrapper.c.obj
[pujjo:rw] [241/419] Building C object zephyr/arch/arch/arm/core/mpu/CMakeFiles/arch__arm__core__mpu.dir/arm_core_mpu.c.obj
[pujjo:rw] [242/419] Building C object zephyr/lib/libc/minimal/CMakeFiles/lib__libc__minimal.dir/source/string/string.c.obj
[pujjo:rw] [243/419] Building C object zephyr/lib/libc/minimal/CMakeFiles/lib__libc__minimal.dir/source/string/strerror.c.obj
[pujjo:rw] [244/419] Building C object zephyr/lib/libc/minimal/CMakeFiles/lib__libc__minimal.dir/source/string/strspn.c.obj
[pujjo:rw] [245/419] Linking C static library zephyr/arch/arch/arm/core/cortex_m/libarch__arm__core__cortex_m.a
[pujjo:rw] [246/419] Building C object zephyr/arch/arch/arm/core/mpu/CMakeFiles/arch__arm__core__mpu.dir/arm_mpu_regions.c.obj
[epic:rw] [8/405] Generating include/generated/zephyr/kobj-types-enum.h, include/generated/zephyr/otype-to-str.h, include/generated/zephyr/otype-to-size.h
[pujjo:rw] [247/419] Building C object zephyr/lib/libc/minimal/CMakeFiles/lib__libc__minimal.dir/source/stdlib/qsort.c.obj
[/mnt/host/source/src/platform/ec/build/zephyr/mtlrvpp_npcx-lcov]   /mnt/host/source/src/platform/ec/build/zephyr/mtlrvpp_npcx/build-ro/zephyr/drivers/sensor/CMakeFiles/drivers__sensor.dir/mnt/host/source/src/third_party/zephyr/main/misc/empty_file.c.gcno:no functions found
[/mnt/host/source/src/platform/ec/build/zephyr/mtlrvpp_npcx-lcov] stderr:
[epic:rw] [9/405] Generating include/generated/device-api-sections.ld, include/generated/device-api-sections.cmake
[pujjo:rw] [248/419] Building C object zephyr/arch/arch/arm/core/mpu/CMakeFiles/arch__arm__core__mpu.dir/arm_mpu.c.obj
[pujjo:rw] [249/419] Building C object zephyr/lib/libc/common/CMakeFiles/lib__libc__common.dir/source/time/gmtime_r.c.obj
[pujjo:rw] [250/419] Building C object zephyr/lib/libc/minimal/CMakeFiles/lib__libc__minimal.dir/source/math/sqrtf.c.obj
[pujjo:rw] [251/419] Linking C static library zephyr/arch/arch/arm/core/mpu/libarch__arm__core__mpu.a
[pujjo:rw] [252/419] Building C object zephyr/lib/libc/common/CMakeFiles/lib__libc__common.dir/source/stdlib/abort.c.obj
[pujjo:rw] [253/419] Building C object zephyr/lib/libc/common/CMakeFiles/lib__libc__common.dir/source/time/asctime.c.obj
[pujjo:rw] [254/419] Building C object zephyr/lib/libc/minimal/CMakeFiles/lib__libc__minimal.dir/source/math/sqrt.c.obj
[pujjo:rw] [255/419] Building C object zephyr/lib/libc/common/CMakeFiles/lib__libc__common.dir/source/time/localtime_r_utc.c.obj
[pujjo:rw] [256/419] Building C object zephyr/lib/libc/common/CMakeFiles/lib__libc__common.dir/source/string/strnlen.c.obj
[pujjo:rw] [257/419] Building C object zephyr/lib/libc/common/CMakeFiles/lib__libc__common.dir/source/time/ctime.c.obj
[pujjo:rw] [258/419] Building C object zephyr/lib/libc/common/CMakeFiles/lib__libc__common.dir/source/time/time.c.obj
[pujjo:rw] [259/419] Building C object zephyr/lib/posix/c_lib_ext/CMakeFiles/lib__posix__c_lib_ext.dir/fnmatch.c.obj
[/mnt/host/source/src/platform/ec/build/zephyr/mtlrvpp_npcx-lcov]   /mnt/host/source/src/platform/ec/build/zephyr/mtlrvpp_npcx/build-rw/modules/ec/zephyr/CMakeFiles/ec_shim.dir/shim/src/thermal.c.gcno:no functions found
[pujjo:rw] [260/419] Building C object zephyr/lib/libc/minimal/CMakeFiles/lib__libc__minimal.dir/source/stdlib/exit.c.obj
[/mnt/host/source/src/platform/ec/build/zephyr/mtlrvpp_npcx-lcov] stderr:
[pujjo:rw] [261/419] Building C object zephyr/subsys/crc/CMakeFiles/subsys__crc.dir/crc4_sw.c.obj
[pujjo:rw] [262/419] Building C object zephyr/subsys/crc/CMakeFiles/subsys__crc.dir/crc8_sw.c.obj
[pujjo:rw] [263/419] Building C object zephyr/subsys/crc/CMakeFiles/subsys__crc.dir/crc16_sw.c.obj
[pujjo:rw] [264/419] Building C object zephyr/subsys/crc/CMakeFiles/subsys__crc.dir/crc7_sw.c.obj
[pujjo:rw] [265/419] Building C object zephyr/lib/libc/minimal/CMakeFiles/lib__libc__minimal.dir/source/stdout/stdout_console.c.obj
[pujjo:rw] [266/419] Building C object zephyr/subsys/crc/CMakeFiles/subsys__crc.dir/crc24_sw.c.obj
[pujjo:rw] [267/419] Building C object zephyr/lib/libc/minimal/CMakeFiles/lib__libc__minimal.dir/source/stdout/fprintf.c.obj
[pujjo:rw] [268/419] Building C object zephyr/lib/libc/minimal/CMakeFiles/lib__libc__minimal.dir/source/stdout/sprintf.c.obj
[pujjo:rw] [269/419] Building C object zephyr/subsys/crc/CMakeFiles/subsys__crc.dir/crc32c_sw.c.obj
[pujjo:rw] [270/419] Building C object zephyr/subsys/crc/CMakeFiles/subsys__crc.dir/crc32_sw.c.obj
[pujjo:rw] [271/419] Building C object zephyr/subsys/crc/CMakeFiles/subsys__crc.dir/crc32k_4_2_sw.c.obj
[pujjo:rw] [272/419] Linking C static library zephyr/subsys/crc/libsubsys__crc.a
[pujjo:rw] [273/419] Building C object zephyr/lib/libc/minimal/CMakeFiles/lib__libc__minimal.dir/source/time/gmtime.c.obj
[/mnt/host/source/src/platform/ec/build/zephyr/mtlrvpp_npcx-lcov]   /mnt/host/source/src/platform/ec/build/zephyr/mtlrvpp_npcx/build-rw/modules/ec/zephyr/CMakeFiles/ec_shim.dir/shim/src/battery.c.gcno:no functions found
[/mnt/host/source/src/platform/ec/build/zephyr/mtlrvpp_npcx-lcov] stderr:
[pujjo:rw] [274/419] Linking C static library zephyr/lib/libc/minimal/liblib__libc__minimal.a
[epic:rw] [10/405] Building C object zephyr/CMakeFiles/offsets.dir/arch/riscv/core/offsets/offsets.c.obj
[pujjo:rw] [275/419] Building C object zephyr/lib/posix/c_lib_ext/CMakeFiles/lib__posix__c_lib_ext.dir/getentropy.c.obj
[pujjo:rw] [276/419] Building C object zephyr/lib/posix/c_lib_ext/CMakeFiles/lib__posix__c_lib_ext.dir/getopt_shim.c.obj
[/mnt/host/source/src/platform/ec/build/zephyr/mtlrvpp_npcx-lcov]   /mnt/host/source/src/platform/ec/build/zephyr/mtlrvpp_npcx/build-rw/modules/ec/zephyr/CMakeFiles/ec_shim.dir/shim/src/charger.c.gcno:no functions found
[/mnt/host/source/src/platform/ec/build/zephyr/mtlrvpp_npcx-lcov] stderr:
[pujjo:rw] [277/419] Building C object zephyr/lib/libc/common/CMakeFiles/lib__libc__common.dir/source/stdlib/malloc.c.obj
[pujjo:rw] [278/419] Linking C static library zephyr/lib/posix/c_lib_ext/liblib__posix__c_lib_ext.a
[epic:rw] [11/405] Generating include/generated/zephyr/offsets.h
[pujjo:rw] [279/419] Linking C static library zephyr/lib/libc/common/liblib__libc__common.a
[pujjo:rw] [280/419] Building C object zephyr/drivers/bbram/CMakeFiles/drivers__bbram.dir/bbram_npcx.c.obj
[pujjo:rw] [281/419] Building C object zephyr/drivers/adc/CMakeFiles/drivers__adc.dir/adc_common.c.obj
[pujjo:rw] [282/419] Building C object zephyr/drivers/clock_control/CMakeFiles/drivers__clock_control.dir/clock_control_npcx.c.obj
[pujjo:rw] [283/419] Linking C static library zephyr/drivers/bbram/libdrivers__bbram.a
[pujjo:rw] [284/419] Building C object zephyr/drivers/eeprom/CMakeFiles/drivers__eeprom.dir/eeprom_shell.c.obj
[pujjo:rw] [285/419] Building C object zephyr/drivers/console/CMakeFiles/drivers__console.dir/uart_console.c.obj
[pujjo:rw] [286/419] Building C object zephyr/drivers/eeprom/CMakeFiles/drivers__eeprom.dir/eeprom_at2x.c.obj
[pujjo:rw] [287/419] Linking C static library zephyr/drivers/clock_control/libdrivers__clock_control.a
[pujjo:rw] [288/419] Building C object zephyr/drivers/interrupt_controller/CMakeFiles/drivers__interrupt_controller.dir/intc_miwu.c.obj
[pujjo:rw] [289/419] Linking C static library zephyr/drivers/console/libdrivers__console.a
[pujjo:rw] [290/419] Building C object zephyr/drivers/adc/CMakeFiles/drivers__adc.dir/adc_npcx.c.obj
[pujjo:rw] [291/419] Linking C static library zephyr/drivers/eeprom/libdrivers__eeprom.a
[pujjo:rw] [292/419] Linking C static library zephyr/drivers/interrupt_controller/libdrivers__interrupt_controller.a
[pujjo:rw] [293/419] Building C object zephyr/drivers/flash/CMakeFiles/drivers__flash.dir/jesd216.c.obj
[pujjo:rw] [294/419] Linking C static library zephyr/drivers/adc/libdrivers__adc.a
[pujjo:rw] [295/419] Building C object zephyr/drivers/espi/CMakeFiles/drivers__espi.dir/host_subs_npcx.c.obj
[pujjo:rw] [296/419] Building C object zephyr/drivers/espi/CMakeFiles/drivers__espi.dir/espi_npcx.c.obj
[pujjo:rw] [297/419] Linking C static library zephyr/drivers/espi/libdrivers__espi.a
[epic:rw] [12/405] Building C object CMakeFiles/app.dir/mnt/host/source/src/platform/ec/zephyr/subsys/ap_pwrseq/ap_events.c.obj
[pujjo:rw] [298/419] Building C object zephyr/drivers/sensor/CMakeFiles/drivers__sensor.dir/mnt/host/source/src/third_party/zephyr/main/misc/empty_file.c.obj
[pujjo:rw] [299/419] Building C object zephyr/drivers/flash/CMakeFiles/drivers__flash.dir/flash_npcx_fiu_nor.c.obj
[pujjo:rw] [300/419] Building C object zephyr/drivers/flash/CMakeFiles/drivers__flash.dir/flash_npcx_fiu_qspi.c.obj
[/mnt/host/source/src/platform/ec/build/zephyr/mtlrvpp_npcx-lcov]   /mnt/host/source/src/platform/ec/build/zephyr/mtlrvpp_npcx/build-rw/modules/ec/zephyr/CMakeFiles/ec_shim.dir/shim/src/usb_muxes.c.gcno:no functions found
[/mnt/host/source/src/platform/ec/build/zephyr/mtlrvpp_npcx-lcov] stderr:
[pujjo:rw] [301/419] Linking C static library zephyr/drivers/sensor/libdrivers__sensor.a
[pujjo:rw] [302/419] Linking C static library zephyr/drivers/flash/libdrivers__flash.a
[pujjo:rw] [303/419] Building C object zephyr/drivers/i2c/CMakeFiles/drivers__i2c.dir/i2c_common.c.obj
[pujjo:rw] [304/419] Building C object zephyr/drivers/pinctrl/CMakeFiles/drivers__pinctrl.dir/common.c.obj
[pujjo:rw] [305/419] Building C object zephyr/drivers/i2c/CMakeFiles/drivers__i2c.dir/i2c_shell.c.obj
[pujjo:rw] [306/419] Building C object zephyr/drivers/gpio/CMakeFiles/drivers__gpio.dir/gpio_npcx.c.obj
[pujjo:rw] [307/419] Building C object zephyr/drivers/pinctrl/CMakeFiles/drivers__pinctrl.dir/pinctrl_npcx.c.obj
[pujjo:rw] [308/419] Linking C static library zephyr/drivers/gpio/libdrivers__gpio.a
[/mnt/host/source/src/platform/ec/build/zephyr/mtlrvpp_npcx-lcov]   /mnt/host/source/src/platform/ec/build/zephyr/mtlrvpp_npcx/build-rw/modules/ec/zephyr/CMakeFiles/ec_shim.dir/shim/src/bb_retimer_usb_mux.c.gcno:no functions found
[/mnt/host/source/src/platform/ec/build/zephyr/mtlrvpp_npcx-lcov] stderr:
[pujjo:rw] [309/419] Linking C static library zephyr/drivers/pinctrl/libdrivers__pinctrl.a
[pujjo:rw] [310/419] Building C object zephyr/drivers/i2c/CMakeFiles/drivers__i2c.dir/i2c_npcx_controller_fifo.c.obj
[pujjo:rw] [311/419] Building C object zephyr/drivers/pwm/CMakeFiles/drivers__pwm.dir/pwm_shell.c.obj
[pujjo:rw] [312/419] Building C object zephyr/drivers/i2c/CMakeFiles/drivers__i2c.dir/i2c_npcx_port.c.obj
[pujjo:rw] [313/419] Building C object zephyr/drivers/i2c/CMakeFiles/drivers__i2c.dir/i2c_npcx_controller.c.obj
[pujjo:rw] [314/419] Building C object zephyr/drivers/pwm/CMakeFiles/drivers__pwm.dir/pwm_npcx.c.obj
[pujjo:rw] [315/419] Linking C static library zephyr/drivers/i2c/libdrivers__i2c.a
[pujjo:rw] [316/419] Linking C static library zephyr/drivers/pwm/libdrivers__pwm.a
[epic:rw] [13/405] Building C object CMakeFiles/app.dir/mnt/host/source/src/platform/ec/zephyr/subsys/ap_pwrseq/ap_power_interface.c.obj
[pujjo:rw] [317/419] Building C object zephyr/drivers/timer/CMakeFiles/drivers__timer.dir/sys_clock_init.c.obj
[pujjo:rw] [318/419] Building C object zephyr/drivers/sensor/nuvoton/nuvoton_adc_cmp_npcx/CMakeFiles/drivers__sensor__nuvoton__nuvoton_adc_cmp_npcx.dir/adc_cmp_npcx.c.obj
[pujjo:rw] [319/419] Building C object zephyr/drivers/syscon/CMakeFiles/drivers__syscon.dir/syscon.c.obj
[pujjo:rw] [320/419] Building C object zephyr/drivers/sensor/nuvoton/nuvoton_tach_npcx/CMakeFiles/drivers__sensor__nuvoton__nuvoton_tach_npcx.dir/tach_nuvoton_npcx.c.obj
[pujjo:rw] [321/419] Building C object zephyr/drivers/serial/CMakeFiles/drivers__serial.dir/uart_npcx.c.obj
[pujjo:rw] [322/419] Linking C static library zephyr/drivers/sensor/nuvoton/nuvoton_tach_npcx/libdrivers__sensor__nuvoton__nuvoton_tach_npcx.a
[pujjo:rw] [323/419] Linking C static library zephyr/drivers/syscon/libdrivers__syscon.a
[pujjo:rw] [324/419] Linking C static library zephyr/drivers/sensor/nuvoton/nuvoton_adc_cmp_npcx/libdrivers__sensor__nuvoton__nuvoton_adc_cmp_npcx.a
[pujjo:rw] [325/419] Linking C static library zephyr/drivers/serial/libdrivers__serial.a
[pujjo:rw] [326/419] Building C object zephyr/drivers/timer/CMakeFiles/drivers__timer.dir/npcx_itim_timer.c.obj
[pujjo:rw] [327/419] Linking C static library zephyr/drivers/timer/libdrivers__timer.a
[pujjo:rw] [328/419] Building C object zephyr/drivers/watchdog/CMakeFiles/drivers__watchdog.dir/wdt_shell.c.obj
[pujjo:rw] [329/419] Building C object zephyr/drivers/watchdog/CMakeFiles/drivers__watchdog.dir/wdt_npcx.c.obj
[pujjo:rw] [330/419] Linking C static library zephyr/drivers/watchdog/libdrivers__watchdog.a
[pujjo:rw] [331/419] Building C object modules/ec/zephyr/CMakeFiles/ec_shim.dir/app/ec/main_shim.c.obj
[pujjo:rw] [332/419] Building C object modules/ec/zephyr/CMakeFiles/ec_shim.dir/drivers/cros_flash/cros_flash_npcx.c.obj
[pujjo:rw] [333/419] Building C object modules/ec/zephyr/CMakeFiles/ec_shim.dir/drivers/cros_kblight/pwm_kblight.c.obj
[pujjo:rw] [334/419] Building C object modules/ec/zephyr/CMakeFiles/ec_shim.dir/app/ec/ec_app_main.c.obj
[epic:rw] [14/405] Building C object CMakeFiles/app.dir/mnt/host/source/src/platform/ec/zephyr/subsys/ap_pwrseq/power_signals.c.obj
[pujjo:rw] [335/419] Building C object modules/ec/zephyr/CMakeFiles/ec_shim.dir/drivers/cros_kb_raw/cros_kb_raw_npcx.c.obj
[pujjo:rw] [336/419] Building C object modules/ec/zephyr/CMakeFiles/ec_shim.dir/shim/chip/npcx/rom_chip.c.obj
[pujjo:rw] [337/419] Building C object modules/ec/zephyr/CMakeFiles/ec_shim.dir/shim/chip/npcx/clock.c.obj
[pujjo:rw] [338/419] Building C object modules/ec/zephyr/CMakeFiles/ec_shim.dir/drivers/cros_system/cros_system_npcx.c.obj
[pujjo:rw] [339/419] Building C object modules/ec/zephyr/CMakeFiles/ec_shim.dir/shim/src/crc.c.obj
[pujjo:rw] [340/419] Building C object modules/ec/zephyr/CMakeFiles/ec_shim.dir/drivers/vivaldi_kbd/vivaldi_kbd.c.obj
[pujjo:rw] [341/419] Building C object modules/ec/zephyr/CMakeFiles/ec_shim.dir/shim/chip/npcx/keyboard_raw.c.obj
[pujjo:rw] [342/419] Building C object modules/ec/zephyr/CMakeFiles/ec_shim.dir/shim/chip/npcx/system.c.obj
[pujjo:rw] [343/419] Building C object modules/ec/zephyr/CMakeFiles/ec_shim.dir/shim/chip/npcx/system_external_storage.c.obj
[pujjo:rw] [344/419] Building C object modules/ec/zephyr/CMakeFiles/ec_shim.dir/shim/core/cortex-m/mpu.c.obj
[pujjo:rw] [345/419] Building C object modules/ec/zephyr/CMakeFiles/ec_shim.dir/shim/chip/npcx/system_download_from_flash.c.obj
[pujjo:rw] [346/419] Building C object modules/ec/zephyr/CMakeFiles/ec_shim.dir/shim/chip/npcx/power_policy.c.obj
[pujjo:rw] [347/419] Building C object modules/ec/zephyr/CMakeFiles/ec_shim.dir/shim/core/cortex-m/panic.c.obj
[epic:rw] [15/405] Building C object CMakeFiles/app.dir/mnt/host/source/src/platform/ec/zephyr/subsys/ap_pwrseq/signal_gpio.c.obj
[pujjo:rw] [348/419] Building C object modules/ec/zephyr/CMakeFiles/ec_shim.dir/shim/chip/npcx/gpio.c.obj
[pujjo:rw] [349/419] Building ASM object modules/ec/zephyr/CMakeFiles/ec_shim.dir/shim/src/libgcc_arm.S.obj
[pujjo:rw] [350/419] Building C object modules/ec/zephyr/CMakeFiles/ec_shim.dir/shim/src/console.c.obj
[pujjo:rw] [351/419] Building C object modules/ec/zephyr/CMakeFiles/ec_shim.dir/shim/src/gpio_int.c.obj
[pujjo:rw] [352/419] Building C object modules/ec/zephyr/CMakeFiles/ec_shim.dir/shim/src/panic_utils.c.obj
[pujjo:rw] [353/419] Building C object modules/ec/zephyr/CMakeFiles/ec_shim.dir/shim/src/gpio.c.obj
[pujjo:rw] [354/419] Building C object modules/ec/zephyr/CMakeFiles/ec_shim.dir/shim/src/pm_state.c.obj
[pujjo:rw] [355/419] Building C object modules/ec/zephyr/CMakeFiles/ec_shim.dir/shim/src/cbi/cros_cbi.c.obj
[pujjo:rw] [356/419] Building C object modules/ec/zephyr/CMakeFiles/ec_shim.dir/shim/src/cbi/cros_cbi_fw_config.c.obj
[pujjo:rw] [357/419] Building C object modules/ec/zephyr/CMakeFiles/ec_shim.dir/shim/src/cbi/cros_cbi_ssfc.c.obj
[epic:rw] [16/405] Building C object CMakeFiles/app.dir/mnt/host/source/src/platform/ec/zephyr/subsys/ap_pwrseq/signal_vw.c.obj
[pujjo:rw] [358/419] Building C object modules/ec/zephyr/CMakeFiles/ec_shim.dir/shim/src/system.c.obj
[pujjo:rw] [359/419] Building C object modules/ec/zephyr/CMakeFiles/ec_shim.dir/shim/src/cbi/cbi_eeprom.c.obj
[pujjo:rw] [360/419] Building C object modules/ec/zephyr/CMakeFiles/ec_shim.dir/shim/src/adc.c.obj
[pujjo:rw] [361/419] Building C object modules/ec/zephyr/CMakeFiles/ec_shim.dir/shim/src/battery.c.obj
[pujjo:rw] [362/419] Building C object modules/ec/zephyr/CMakeFiles/ec_shim.dir/shim/src/charger.c.obj
[pujjo:rw] [363/419] Building C object modules/ec/zephyr/CMakeFiles/ec_shim.dir/shim/src/chipset_api.c.obj
[pujjo:rw] [364/419] Building C object modules/ec/zephyr/CMakeFiles/ec_shim.dir/shim/src/flash.c.obj
[pujjo:rw] [365/419] Building C object modules/ec/zephyr/CMakeFiles/ec_shim.dir/shim/src/host_command.c.obj
[pujjo:rw] [366/419] Building C object modules/ec/zephyr/CMakeFiles/ec_shim.dir/shim/src/hooks.c.obj
[pujjo:rw] [367/419] Building C object modules/ec/zephyr/CMakeFiles/ec_shim.dir/shim/src/espi.c.obj
[pujjo:rw] [368/419] Building C object modules/ec/zephyr/CMakeFiles/ec_shim.dir/shim/src/console_buffer.c.obj
[/mnt/host/source/src/platform/ec/build/zephyr/mtlrvpp_npcx-lcov]   /mnt/host/source/src/platform/ec/build/zephyr/mtlrvpp_npcx/build-rw/modules/ec/zephyr/CMakeFiles/ec_shim.dir/shim/src/keyscan.c.gcno:no functions found
[/mnt/host/source/src/platform/ec/build/zephyr/mtlrvpp_npcx-lcov] stderr:
[pujjo:rw] [369/419] Building C object modules/ec/zephyr/CMakeFiles/ec_shim.dir/shim/src/keyboard_raw.c.obj
[pujjo:rw] [370/419] Building C object modules/ec/zephyr/CMakeFiles/ec_shim.dir/shim/src/fan.c.obj
[pujjo:rw] [371/419] Building C object modules/ec/zephyr/CMakeFiles/ec_shim.dir/shim/src/keyscan.c.obj
[epic:rw] [17/405] Building C object CMakeFiles/app.dir/mnt/host/source/src/platform/ec/zephyr/subsys/ap_pwrseq/signal_adc.c.obj
[pujjo:rw] [372/419] Building C object modules/ec/zephyr/CMakeFiles/ec_shim.dir/shim/src/mkbp_event.c.obj
[pujjo:rw] [373/419] Building C object modules/ec/zephyr/CMakeFiles/ec_shim.dir/shim/src/panic.c.obj
[pujjo:rw] [374/419] Building C object modules/ec/zephyr/CMakeFiles/ec_shim.dir/shim/src/pwm_hc.c.obj
[pujjo:rw] [375/419] Building C object modules/ec/zephyr/CMakeFiles/ec_shim.dir/shim/src/motionsense_sensors.c.obj
[/mnt/host/source/src/platform/ec/build/zephyr/ocicat-lcov]   /mnt/host/source/src/platform/ec/build/zephyr/ocicat/build-rw/zephyr/CMakeFiles/zephyr.dir/soc/ite/ec/it8xxx2/check_regs.c.gcno:no functions found
[/mnt/host/source/src/platform/ec/build/zephyr/ocicat-lcov] stderr:
[pujjo:rw] [376/419] Building C object modules/ec/zephyr/CMakeFiles/ec_shim.dir/shim/src/temp_sensors.c.obj
[pujjo:rw] [377/419] Building C object modules/ec/zephyr/CMakeFiles/ec_shim.dir/shim/src/hwtimer.c.obj
[pujjo:rw] [378/419] Building C object modules/ec/zephyr/CMakeFiles/ec_shim.dir/shim/src/thermal.c.obj
[pujjo:rw] [379/419] Building C object modules/ec/zephyr/CMakeFiles/ec_shim.dir/shim/src/i2c.c.obj
[pujjo:rw] [380/419] Building C object modules/ec/zephyr/CMakeFiles/ec_shim.dir/shim/src/bc12.c.obj
[pujjo:rw] [381/419] Building C object modules/ec/zephyr/CMakeFiles/ec_shim.dir/shim/src/usba.c.obj
[pujjo:rw] [382/419] Building C object modules/ec/zephyr/CMakeFiles/ec_shim.dir/shim/src/tasks.c.obj
[epic:rw] [18/405] Building C object CMakeFiles/app.dir/mnt/host/source/src/platform/ec/zephyr/subsys/ap_pwrseq/power_host_sleep.c.obj
[pujjo:rw] [383/419] Building C object zephyr/kernel/CMakeFiles/kernel.dir/main_weak.c.obj
[pujjo:rw] [384/419] Building C object modules/ec/zephyr/CMakeFiles/ec_shim.dir/shim/src/watchdog.c.obj
[pujjo:rw] [385/419] Building C object modules/ec/zephyr/CMakeFiles/ec_shim.dir/shim/src/bc12_pi3usb9201.c.obj
[pujjo:rw] [386/419] Building C object zephyr/kernel/CMakeFiles/kernel.dir/busy_wait.c.obj
[pujjo:rw] [387/419] Building C object modules/ec/zephyr/CMakeFiles/ec_shim.dir/shim/src/power_host_sleep_api.c.obj
[pujjo:rw] [388/419] Building C object modules/ec/zephyr/CMakeFiles/ec_shim.dir/shim/src/usb_muxes.c.obj
[pujjo:rw] [389/419] Building C object zephyr/kernel/CMakeFiles/kernel.dir/banner.c.obj
[pujjo:rw] [390/419] Building C object zephyr/kernel/CMakeFiles/kernel.dir/errno.c.obj
[pujjo:rw] [391/419] Building C object zephyr/kernel/CMakeFiles/kernel.dir/version.c.obj
[pujjo:rw] [392/419] Linking C static library modules/ec/zephyr/libec_shim.a
[pujjo:rw] [393/419] Building C object zephyr/kernel/CMakeFiles/kernel.dir/device.c.obj
[pujjo:rw] [394/419] Building C object zephyr/kernel/CMakeFiles/kernel.dir/fatal.c.obj
[pujjo:rw] [395/419] Building C object zephyr/kernel/CMakeFiles/kernel.dir/kheap.c.obj
[pujjo:rw] [396/419] Building C object zephyr/kernel/CMakeFiles/kernel.dir/init.c.obj
[pujjo:rw] [397/419] Building C object zephyr/kernel/CMakeFiles/kernel.dir/mem_slab.c.obj
[pujjo:rw] [398/419] Building C object zephyr/kernel/CMakeFiles/kernel.dir/float.c.obj
[pujjo:rw] [399/419] Building C object zephyr/kernel/CMakeFiles/kernel.dir/mailbox.c.obj
[pujjo:rw] [400/419] Building C object zephyr/kernel/CMakeFiles/kernel.dir/idle.c.obj
[pujjo:rw] [401/419] Building C object zephyr/kernel/CMakeFiles/kernel.dir/msg_q.c.obj
[epic:rw] [19/405] Building C object CMakeFiles/app.dir/mnt/host/source/src/platform/ec/zephyr/subsys/ap_pwrseq/x86_non_dsx_common_pwrseq_sm_handler.c.obj
[pujjo:rw] [402/419] Building C object zephyr/kernel/CMakeFiles/kernel.dir/mutex.c.obj
[pujjo:rw] [403/419] Building C object zephyr/kernel/CMakeFiles/kernel.dir/sem.c.obj
[pujjo:rw] [404/419] Building C object zephyr/kernel/CMakeFiles/kernel.dir/queue.c.obj
[pujjo:rw] [405/419] Building C object zephyr/kernel/CMakeFiles/kernel.dir/system_work_q.c.obj
[pujjo:rw] [406/419] Building C object zephyr/kernel/CMakeFiles/kernel.dir/stack.c.obj
[/mnt/host/source/src/platform/ec/build/zephyr/ocicat-lcov]   /mnt/host/source/src/platform/ec/build/zephyr/ocicat/build-rw/zephyr/drivers/sensor/CMakeFiles/drivers__sensor.dir/mnt/host/source/src/third_party/zephyr/main/misc/empty_file.c.gcno:no functions found
[/mnt/host/source/src/platform/ec/build/zephyr/ocicat-lcov] stderr:
[epic:ro] Building: /usr/bin/ninja -C /mnt/host/source/src/platform/ec/build/zephyr/epic/build-ro all.libraries
Running `env -i SHELL=/bin/bash COLORTERM=truecolor DEPOT_TOOLS_UPDATE=0 LESS='-R -M --shift 5' SUDO_GID=0 JDK_HOME=/etc/java-config-2/current-system-vm CONFIG_PROTECT_MASK='/etc/gentoo-release /etc/sandbox.d /etc/fonts/fonts.conf /etc/terminfo /etc/ca-certificates.conf /etc/revdep-rebuild' CHROMEOS_CACHEDIR=/var/cache/chromeos-cache JAVA_HOME=/etc/java-config-2/current-system-vm SSH_AUTH_SOCK=/tmp/ssh-auth-sock SUDO_COMMAND=/bin/bash SUDO_USER=root SUDO_TTY=/dev/pts/2 EDITOR=/usr/bin/vi PWD=/mnt/host/source/src/platform/ec CONFIG_PROTECT=/usr/share/gnupg/qualified.txt LOGNAME=jpmurphy MANPATH=/etc/java-config-2/current-system-vm/man:/usr/local/share/man:/usr/share/man:/usr/share/gcc-data/x86_64-pc-linux-gnu/10.2.0/man:/usr/share/binutils-data/x86_64-pc-linux-gnu/2.45/man:/etc/java-config-2/current-system-vm/man/ SUDO_HOME=/root XAUTHORITY=/run/user/944457/gdm/Xauthority HOME=/home/jpmurphy LANG=C.UTF-8 LS_COLORS='rs=0:di=01;34:ln=01;36:mh=00:pi=40;33:so=01;35:do=01;35:bd=40;33;01:cd=40;33;01:or=01;05;37;41:mi=01;05;37;41:su=37;41:sg=30;43:ca=30;41:tw=30;42:ow=34;42:st=37;44:ex=01;32:*.tar=01;31:*.tgz=01;31:*.arc=01;31:*.arj=01;31:*.taz=01;31:*.lha=01;31:*.lz4=01;31:*.lzh=01;31:*.lzma=01;31:*.tlz=01;31:*.txz=01;31:*.tzo=01;31:*.t7z=01;31:*.zip=01;31:*.z=01;31:*.dz=01;31:*.gz=01;31:*.lrz=01;31:*.lz=01;31:*.lzo=01;31:*.xz=01;31:*.zst=01;31:*.tzst=01;31:*.bz2=01;31:*.bz=01;31:*.tbz=01;31:*.tbz2=01;31:*.tz=01;31:*.deb=01;31:*.rpm=01;31:*.jar=01;31:*.war=01;31:*.ear=01;31:*.sar=01;31:*.rar=01;31:*.alz=01;31:*.ace=01;31:*.zoo=01;31:*.cpio=01;31:*.7z=01;31:*.rz=01;31:*.cab=01;31:*.wim=01;31:*.swm=01;31:*.dwm=01;31:*.esd=01;31:*.jpg=01;35:*.jpeg=01;35:*.mjpg=01;35:*.mjpeg=01;35:*.gif=01;35:*.bmp=01;35:*.pbm=01;35:*.pgm=01;35:*.ppm=01;35:*.tga=01;35:*.xbm=01;35:*.xpm=01;35:*.tif=01;35:*.tiff=01;35:*.png=01;35:*.svg=01;35:*.svgz=01;35:*.mng=01;35:*.pcx=01;35:*.mov=01;35:*.mpg=01;35:*.mpeg=01;35:*.m2v=01;35:*.mkv=01;35:*.webm=01;35:*.webp=01;35:*.ogm=01;35:*.mp4=01;35:*.m4v=01;35:*.mp4v=01;35:*.vob=01;35:*.qt=01;35:*.nuv=01;35:*.wmv=01;35:*.asf=01;35:*.rm=01;35:*.rmvb=01;35:*.flc=01;35:*.avi=01;35:*.fli=01;35:*.flv=01;35:*.gl=01;35:*.dl=01;35:*.xcf=01;35:*.xwd=01;35:*.yuv=01;35:*.cgm=01;35:*.emf=01;35:*.ogv=01;35:*.ogx=01;35:*.cfg=00;32:*.conf=00;32:*.diff=00;32:*.doc=00;32:*.ini=00;32:*.log=00;32:*.patch=00;32:*.pdf=00;32:*.ps=00;32:*.tex=00;32:*.txt=00;32:*.aac=00;36:*.au=00;36:*.flac=00;36:*.m4a=00;36:*.mid=00;36:*.midi=00;36:*.mka=00;36:*.mp3=00;36:*.mpc=00;36:*.ogg=00;36:*.ra=00;36:*.wav=00;36:*.oga=00;36:*.opus=00;36:*.spx=00;36:*.xspf=00;36:' XDG_CURRENT_DESKTOP=GNOME INFOPATH=/usr/share/info:/usr/share/gcc-data/x86_64-pc-linux-gnu/10.2.0/info:/usr/share/binutils-data/x86_64-pc-linux-gnu/2.45/info:/usr/share/automake-1.16.5/info JAVAC=/etc/java-config-2/current-system-vm/bin/javac TERM=xterm-256color LESSOPEN='|lesspipe %s' USER=jpmurphy CROS_WORKON_SRCROOT=/mnt/host/source MANPAGER=manpager DISPLAY=:1 SHLVL=1 LC_MESSAGES=C EXTERNAL_TRUNK_PATH=/mnt/8f9d649a-3721-44cc-93c0-e6bd21a9689f/chromiumos GCC_SPECS='' PATH=/mnt/host/source/chromite/bin:/usr/local/bin:/usr/bin:/bin:/opt/bin:/mnt/host/source/chromite/sdk/bin:/mnt/host/source/chromite/bin PORTAGE_USERNAME=jpmurphy SUDO_UID=0 GCC_VER=10.2.0 MAIL=/var/mail/jpmurphy OLDPWD=/mnt/host/source/src/scripts traceparent=00-e87aca51550a78635907baa6a2476181-6d684811675d2973-01 _=./zephyr/firmware_builder.py COREBOOT_SDK_ROOT_x86=/home/jpmurphy/.cache/coreboot-sdk/i386-elf/dfbb0486385d938cfa9d73080b9d18d598ed4f49 COREBOOT_SDK_ROOT_picolibc_x86=/home/jpmurphy/.cache/coreboot-sdk/picolibc-i386-elf/eb8e8e687b95461de8cbf278f1c2076952d0ad17 COREBOOT_SDK_ROOT_riscv64=/home/jpmurphy/.cache/coreboot-sdk/riscv64-elf/96b949749225b6aaa92ed810ab769e8dfb12f000 COREBOOT_SDK_ROOT_picolibc_arm=/home/jpmurphy/.cache/coreboot-sdk/picolibc-arm-eabi/422a2aa3e1ef891b5bece9a3deb696ff83840d2e COREBOOT_SDK_ROOT_nds32=/home/jpmurphy/.cache/coreboot-sdk/nds32le-elf/d1a518c4a097666d86058e1444f85ca015d15511 COREBOOT_SDK_ROOT_picolibc_riscv64=/home/jpmurphy/.cache/coreboot-sdk/picolibc-riscv64-elf/f571e990ef0278564b31124f8bb109d9a697eb69 COREBOOT_SDK_ROOT_arm=/home/jpmurphy/.cache/coreboot-sdk/arm-eabi/ea40ddd1d190c3b48435c474c0b545719371813a COREBOOT_SDK_ROOT_libstdcxx_riscv64=/home/jpmurphy/.cache/coreboot-sdk/libstdcxx-riscv64-elf/17abf22a3a252e2d5d2062ced5324f7a623689e0 COREBOOT_SDK_ROOT_libstdcxx_arm=/home/jpmurphy/.cache/coreboot-sdk/libstdcxx-arm-eabi/5d7d82e150e44aa1968f1d366e267e6687b328ac COREBOOT_SDK_ROOT_riscv=/home/jpmurphy/.cache/coreboot-sdk/riscv-elf/9a27b9e82341c6e9126624f516ab3f261abb3e73 COREBOOT_SDK_ROOT_libstdcxx_x86=/home/jpmurphy/.cache/coreboot-sdk/libstdcxx-i386-elf/42ef9d2e87a76a37963175d7d428734e65648b87 PYTHONPATH=/mnt/host/source/src/platform/ec/zephyr/zmake PW_PIGWEED_CIPD_INSTALL_DIR=/usr CROSTC_USER_ACKNOWLEDGES_THAT_RISCV_IS_EXPERIMENTAL=1 MAKEFLAGS=' -j16 --jobserver-auth=5,6' /usr/bin/ninja -C /mnt/host/source/src/platform/ec/build/zephyr/epic/build-ro all.libraries`
[pujjo:rw] [407/419] Building C object zephyr/kernel/CMakeFiles/kernel.dir/work.c.obj
[epic:ro] ninja: Entering directory `/mnt/host/source/src/platform/ec/build/zephyr/epic/build-ro'
Running (initial) lcov on /mnt/host/source/src/platform/ec/build/zephyr/brox.
[pujjo:rw] [408/419] Building C object zephyr/kernel/CMakeFiles/kernel.dir/condvar.c.obj
[pujjo:rw] [409/419] Building C object zephyr/kernel/CMakeFiles/kernel.dir/thread.c.obj
[buccaneer:rw] Building: /usr/bin/ninja -C /mnt/host/source/src/platform/ec/build/zephyr/buccaneer/build-rw all.libraries
Running `env -i SHELL=/bin/bash COLORTERM=truecolor DEPOT_TOOLS_UPDATE=0 LESS='-R -M --shift 5' SUDO_GID=0 JDK_HOME=/etc/java-config-2/current-system-vm CONFIG_PROTECT_MASK='/etc/gentoo-release /etc/sandbox.d /etc/fonts/fonts.conf /etc/terminfo /etc/ca-certificates.conf /etc/revdep-rebuild' CHROMEOS_CACHEDIR=/var/cache/chromeos-cache JAVA_HOME=/etc/java-config-2/current-system-vm SSH_AUTH_SOCK=/tmp/ssh-auth-sock SUDO_COMMAND=/bin/bash SUDO_USER=root SUDO_TTY=/dev/pts/2 EDITOR=/usr/bin/vi PWD=/mnt/host/source/src/platform/ec CONFIG_PROTECT=/usr/share/gnupg/qualified.txt LOGNAME=jpmurphy MANPATH=/etc/java-config-2/current-system-vm/man:/usr/local/share/man:/usr/share/man:/usr/share/gcc-data/x86_64-pc-linux-gnu/10.2.0/man:/usr/share/binutils-data/x86_64-pc-linux-gnu/2.45/man:/etc/java-config-2/current-system-vm/man/ SUDO_HOME=/root XAUTHORITY=/run/user/944457/gdm/Xauthority HOME=/home/jpmurphy LANG=C.UTF-8 LS_COLORS='rs=0:di=01;34:ln=01;36:mh=00:pi=40;33:so=01;35:do=01;35:bd=40;33;01:cd=40;33;01:or=01;05;37;41:mi=01;05;37;41:su=37;41:sg=30;43:ca=30;41:tw=30;42:ow=34;42:st=37;44:ex=01;32:*.tar=01;31:*.tgz=01;31:*.arc=01;31:*.arj=01;31:*.taz=01;31:*.lha=01;31:*.lz4=01;31:*.lzh=01;31:*.lzma=01;31:*.tlz=01;31:*.txz=01;31:*.tzo=01;31:*.t7z=01;31:*.zip=01;31:*.z=01;31:*.dz=01;31:*.gz=01;31:*.lrz=01;31:*.lz=01;31:*.lzo=01;31:*.xz=01;31:*.zst=01;31:*.tzst=01;31:*.bz2=01;31:*.bz=01;31:*.tbz=01;31:*.tbz2=01;31:*.tz=01;31:*.deb=01;31:*.rpm=01;31:*.jar=01;31:*.war=01;31:*.ear=01;31:*.sar=01;31:*.rar=01;31:*.alz=01;31:*.ace=01;31:*.zoo=01;31:*.cpio=01;31:*.7z=01;31:*.rz=01;31:*.cab=01;31:*.wim=01;31:*.swm=01;31:*.dwm=01;31:*.esd=01;31:*.jpg=01;35:*.jpeg=01;35:*.mjpg=01;35:*.mjpeg=01;35:*.gif=01;35:*.bmp=01;35:*.pbm=01;35:*.pgm=01;35:*.ppm=01;35:*.tga=01;35:*.xbm=01;35:*.xpm=01;35:*.tif=01;35:*.tiff=01;35:*.png=01;35:*.svg=01;35:*.svgz=01;35:*.mng=01;35:*.pcx=01;35:*.mov=01;35:*.mpg=01;35:*.mpeg=01;35:*.m2v=01;35:*.mkv=01;35:*.webm=01;35:*.webp=01;35:*.ogm=01;35:*.mp4=01;35:*.m4v=01;35:*.mp4v=01;35:*.vob=01;35:*.qt=01;35:*.nuv=01;35:*.wmv=01;35:*.asf=01;35:*.rm=01;35:*.rmvb=01;35:*.flc=01;35:*.avi=01;35:*.fli=01;35:*.flv=01;35:*.gl=01;35:*.dl=01;35:*.xcf=01;35:*.xwd=01;35:*.yuv=01;35:*.cgm=01;35:*.emf=01;35:*.ogv=01;35:*.ogx=01;35:*.cfg=00;32:*.conf=00;32:*.diff=00;32:*.doc=00;32:*.ini=00;32:*.log=00;32:*.patch=00;32:*.pdf=00;32:*.ps=00;32:*.tex=00;32:*.txt=00;32:*.aac=00;36:*.au=00;36:*.flac=00;36:*.m4a=00;36:*.mid=00;36:*.midi=00;36:*.mka=00;36:*.mp3=00;36:*.mpc=00;36:*.ogg=00;36:*.ra=00;36:*.wav=00;36:*.oga=00;36:*.opus=00;36:*.spx=00;36:*.xspf=00;36:' XDG_CURRENT_DESKTOP=GNOME INFOPATH=/usr/share/info:/usr/share/gcc-data/x86_64-pc-linux-gnu/10.2.0/info:/usr/share/binutils-data/x86_64-pc-linux-gnu/2.45/info:/usr/share/automake-1.16.5/info JAVAC=/etc/java-config-2/current-system-vm/bin/javac TERM=xterm-256color LESSOPEN='|lesspipe %s' USER=jpmurphy CROS_WORKON_SRCROOT=/mnt/host/source MANPAGER=manpager DISPLAY=:1 SHLVL=1 LC_MESSAGES=C EXTERNAL_TRUNK_PATH=/mnt/8f9d649a-3721-44cc-93c0-e6bd21a9689f/chromiumos GCC_SPECS='' PATH=/mnt/host/source/chromite/bin:/usr/local/bin:/usr/bin:/bin:/opt/bin:/mnt/host/source/chromite/sdk/bin:/mnt/host/source/chromite/bin PORTAGE_USERNAME=jpmurphy SUDO_UID=0 GCC_VER=10.2.0 MAIL=/var/mail/jpmurphy OLDPWD=/mnt/host/source/src/scripts traceparent=00-e87aca51550a78635907baa6a2476181-6d684811675d2973-01 _=./zephyr/firmware_builder.py COREBOOT_SDK_ROOT_x86=/home/jpmurphy/.cache/coreboot-sdk/i386-elf/dfbb0486385d938cfa9d73080b9d18d598ed4f49 COREBOOT_SDK_ROOT_picolibc_x86=/home/jpmurphy/.cache/coreboot-sdk/picolibc-i386-elf/eb8e8e687b95461de8cbf278f1c2076952d0ad17 COREBOOT_SDK_ROOT_riscv64=/home/jpmurphy/.cache/coreboot-sdk/riscv64-elf/96b949749225b6aaa92ed810ab769e8dfb12f000 COREBOOT_SDK_ROOT_picolibc_arm=/home/jpmurphy/.cache/coreboot-sdk/picolibc-arm-eabi/422a2aa3e1ef891b5bece9a3deb696ff83840d2e COREBOOT_SDK_ROOT_nds32=/home/jpmurphy/.cache/coreboot-sdk/nds32le-elf/d1a518c4a097666d86058e1444f85ca015d15511 COREBOOT_SDK_ROOT_picolibc_riscv64=/home/jpmurphy/.cache/coreboot-sdk/picolibc-riscv64-elf/f571e990ef0278564b31124f8bb109d9a697eb69 COREBOOT_SDK_ROOT_arm=/home/jpmurphy/.cache/coreboot-sdk/arm-eabi/ea40ddd1d190c3b48435c474c0b545719371813a COREBOOT_SDK_ROOT_libstdcxx_riscv64=/home/jpmurphy/.cache/coreboot-sdk/libstdcxx-riscv64-elf/17abf22a3a252e2d5d2062ced5324f7a623689e0 COREBOOT_SDK_ROOT_libstdcxx_arm=/home/jpmurphy/.cache/coreboot-sdk/libstdcxx-arm-eabi/5d7d82e150e44aa1968f1d366e267e6687b328ac COREBOOT_SDK_ROOT_riscv=/home/jpmurphy/.cache/coreboot-sdk/riscv-elf/9a27b9e82341c6e9126624f516ab3f261abb3e73 COREBOOT_SDK_ROOT_libstdcxx_x86=/home/jpmurphy/.cache/coreboot-sdk/libstdcxx-i386-elf/42ef9d2e87a76a37963175d7d428734e65648b87 PYTHONPATH=/mnt/host/source/src/platform/ec/zephyr/zmake PW_PIGWEED_CIPD_INSTALL_DIR=/usr CROSTC_USER_ACKNOWLEDGES_THAT_RISCV_IS_EXPERIMENTAL=1 MAKEFLAGS=' -j16 --jobserver-auth=5,6' /usr/bin/ninja -C /mnt/host/source/src/platform/ec/build/zephyr/buccaneer/build-rw all.libraries`
[pujjo:rw] [410/419] Building C object zephyr/kernel/CMakeFiles/kernel.dir/pipe.c.obj
[buccaneer:rw] ninja: Entering directory `/mnt/host/source/src/platform/ec/build/zephyr/buccaneer/build-rw'
[pujjo:rw] [411/419] Building C object zephyr/kernel/CMakeFiles/kernel.dir/sched.c.obj
[pujjo:rw] [412/419] Building C object zephyr/kernel/CMakeFiles/kernel.dir/thread_monitor.c.obj
[epic:ro] [1/405] Preparing syscall dependency handling
[pujjo:rw] [413/419] Building C object zephyr/kernel/CMakeFiles/kernel.dir/timeout.c.obj
[epic:ro] [2/405] Generating misc/generated/syscalls_subdirs.trigger
[pujjo:rw] [414/419] Building C object zephyr/kernel/CMakeFiles/kernel.dir/mempool.c.obj
[pujjo:rw] [415/419] Building C object zephyr/kernel/CMakeFiles/kernel.dir/dynamic_disabled.c.obj
[quenbi:ro] Building: /usr/bin/ninja -C /mnt/host/source/src/platform/ec/build/zephyr/quenbi/build-ro all.libraries
Running `env -i SHELL=/bin/bash COLORTERM=truecolor DEPOT_TOOLS_UPDATE=0 LESS='-R -M --shift 5' SUDO_GID=0 JDK_HOME=/etc/java-config-2/current-system-vm CONFIG_PROTECT_MASK='/etc/gentoo-release /etc/sandbox.d /etc/fonts/fonts.conf /etc/terminfo /etc/ca-certificates.conf /etc/revdep-rebuild' CHROMEOS_CACHEDIR=/var/cache/chromeos-cache JAVA_HOME=/etc/java-config-2/current-system-vm SSH_AUTH_SOCK=/tmp/ssh-auth-sock SUDO_COMMAND=/bin/bash SUDO_USER=root SUDO_TTY=/dev/pts/2 EDITOR=/usr/bin/vi PWD=/mnt/host/source/src/platform/ec CONFIG_PROTECT=/usr/share/gnupg/qualified.txt LOGNAME=jpmurphy MANPATH=/etc/java-config-2/current-system-vm/man:/usr/local/share/man:/usr/share/man:/usr/share/gcc-data/x86_64-pc-linux-gnu/10.2.0/man:/usr/share/binutils-data/x86_64-pc-linux-gnu/2.45/man:/etc/java-config-2/current-system-vm/man/ SUDO_HOME=/root XAUTHORITY=/run/user/944457/gdm/Xauthority HOME=/home/jpmurphy LANG=C.UTF-8 LS_COLORS='rs=0:di=01;34:ln=01;36:mh=00:pi=40;33:so=01;35:do=01;35:bd=40;33;01:cd=40;33;01:or=01;05;37;41:mi=01;05;37;41:su=37;41:sg=30;43:ca=30;41:tw=30;42:ow=34;42:st=37;44:ex=01;32:*.tar=01;31:*.tgz=01;31:*.arc=01;31:*.arj=01;31:*.taz=01;31:*.lha=01;31:*.lz4=01;31:*.lzh=01;31:*.lzma=01;31:*.tlz=01;31:*.txz=01;31:*.tzo=01;31:*.t7z=01;31:*.zip=01;31:*.z=01;31:*.dz=01;31:*.gz=01;31:*.lrz=01;31:*.lz=01;31:*.lzo=01;31:*.xz=01;31:*.zst=01;31:*.tzst=01;31:*.bz2=01;31:*.bz=01;31:*.tbz=01;31:*.tbz2=01;31:*.tz=01;31:*.deb=01;31:*.rpm=01;31:*.jar=01;31:*.war=01;31:*.ear=01;31:*.sar=01;31:*.rar=01;31:*.alz=01;31:*.ace=01;31:*.zoo=01;31:*.cpio=01;31:*.7z=01;31:*.rz=01;31:*.cab=01;31:*.wim=01;31:*.swm=01;31:*.dwm=01;31:*.esd=01;31:*.jpg=01;35:*.jpeg=01;35:*.mjpg=01;35:*.mjpeg=01;35:*.gif=01;35:*.bmp=01;35:*.pbm=01;35:*.pgm=01;35:*.ppm=01;35:*.tga=01;35:*.xbm=01;35:*.xpm=01;35:*.tif=01;35:*.tiff=01;35:*.png=01;35:*.svg=01;35:*.svgz=01;35:*.mng=01;35:*.pcx=01;35:*.mov=01;35:*.mpg=01;35:*.mpeg=01;35:*.m2v=01;35:*.mkv=01;35:*.webm=01;35:*.webp=01;35:*.ogm=01;35:*.mp4=01;35:*.m4v=01;35:*.mp4v=01;35:*.vob=01;35:*.qt=01;35:*.nuv=01;35:*.wmv=01;35:*.asf=01;35:*.rm=01;35:*.rmvb=01;35:*.flc=01;35:*.avi=01;35:*.fli=01;35:*.flv=01;35:*.gl=01;35:*.dl=01;35:*.xcf=01;35:*.xwd=01;35:*.yuv=01;35:*.cgm=01;35:*.emf=01;35:*.ogv=01;35:*.ogx=01;35:*.cfg=00;32:*.conf=00;32:*.diff=00;32:*.doc=00;32:*.ini=00;32:*.log=00;32:*.patch=00;32:*.pdf=00;32:*.ps=00;32:*.tex=00;32:*.txt=00;32:*.aac=00;36:*.au=00;36:*.flac=00;36:*.m4a=00;36:*.mid=00;36:*.midi=00;36:*.mka=00;36:*.mp3=00;36:*.mpc=00;36:*.ogg=00;36:*.ra=00;36:*.wav=00;36:*.oga=00;36:*.opus=00;36:*.spx=00;36:*.xspf=00;36:' XDG_CURRENT_DESKTOP=GNOME INFOPATH=/usr/share/info:/usr/share/gcc-data/x86_64-pc-linux-gnu/10.2.0/info:/usr/share/binutils-data/x86_64-pc-linux-gnu/2.45/info:/usr/share/automake-1.16.5/info JAVAC=/etc/java-config-2/current-system-vm/bin/javac TERM=xterm-256color LESSOPEN='|lesspipe %s' USER=jpmurphy CROS_WORKON_SRCROOT=/mnt/host/source MANPAGER=manpager DISPLAY=:1 SHLVL=1 LC_MESSAGES=C EXTERNAL_TRUNK_PATH=/mnt/8f9d649a-3721-44cc-93c0-e6bd21a9689f/chromiumos GCC_SPECS='' PATH=/mnt/host/source/chromite/bin:/usr/local/bin:/usr/bin:/bin:/opt/bin:/mnt/host/source/chromite/sdk/bin:/mnt/host/source/chromite/bin PORTAGE_USERNAME=jpmurphy SUDO_UID=0 GCC_VER=10.2.0 MAIL=/var/mail/jpmurphy OLDPWD=/mnt/host/source/src/scripts traceparent=00-e87aca51550a78635907baa6a2476181-6d684811675d2973-01 _=./zephyr/firmware_builder.py COREBOOT_SDK_ROOT_x86=/home/jpmurphy/.cache/coreboot-sdk/i386-elf/dfbb0486385d938cfa9d73080b9d18d598ed4f49 COREBOOT_SDK_ROOT_picolibc_x86=/home/jpmurphy/.cache/coreboot-sdk/picolibc-i386-elf/eb8e8e687b95461de8cbf278f1c2076952d0ad17 COREBOOT_SDK_ROOT_riscv64=/home/jpmurphy/.cache/coreboot-sdk/riscv64-elf/96b949749225b6aaa92ed810ab769e8dfb12f000 COREBOOT_SDK_ROOT_picolibc_arm=/home/jpmurphy/.cache/coreboot-sdk/picolibc-arm-eabi/422a2aa3e1ef891b5bece9a3deb696ff83840d2e COREBOOT_SDK_ROOT_nds32=/home/jpmurphy/.cache/coreboot-sdk/nds32le-elf/d1a518c4a097666d86058e1444f85ca015d15511 COREBOOT_SDK_ROOT_picolibc_riscv64=/home/jpmurphy/.cache/coreboot-sdk/picolibc-riscv64-elf/f571e990ef0278564b31124f8bb109d9a697eb69 COREBOOT_SDK_ROOT_arm=/home/jpmurphy/.cache/coreboot-sdk/arm-eabi/ea40ddd1d190c3b48435c474c0b545719371813a COREBOOT_SDK_ROOT_libstdcxx_riscv64=/home/jpmurphy/.cache/coreboot-sdk/libstdcxx-riscv64-elf/17abf22a3a252e2d5d2062ced5324f7a623689e0 COREBOOT_SDK_ROOT_libstdcxx_arm=/home/jpmurphy/.cache/coreboot-sdk/libstdcxx-arm-eabi/5d7d82e150e44aa1968f1d366e267e6687b328ac COREBOOT_SDK_ROOT_riscv=/home/jpmurphy/.cache/coreboot-sdk/riscv-elf/9a27b9e82341c6e9126624f516ab3f261abb3e73 COREBOOT_SDK_ROOT_libstdcxx_x86=/home/jpmurphy/.cache/coreboot-sdk/libstdcxx-i386-elf/42ef9d2e87a76a37963175d7d428734e65648b87 PYTHONPATH=/mnt/host/source/src/platform/ec/zephyr/zmake PW_PIGWEED_CIPD_INSTALL_DIR=/usr CROSTC_USER_ACKNOWLEDGES_THAT_RISCV_IS_EXPERIMENTAL=1 MAKEFLAGS=' -j16 --jobserver-auth=5,6' /usr/bin/ninja -C /mnt/host/source/src/platform/ec/build/zephyr/quenbi/build-ro all.libraries`
[pujjo:rw] [416/419] Building C object zephyr/kernel/CMakeFiles/kernel.dir/events.c.obj
[buccaneer:rw] [1/526] Preparing syscall dependency handling
[quenbi:ro] ninja: Entering directory `/mnt/host/source/src/platform/ec/build/zephyr/quenbi/build-ro'
[pujjo:rw] [417/419] Building C object zephyr/kernel/CMakeFiles/kernel.dir/poll.c.obj
Running `env -i PYTHONPATH=/usr/lib64/python-exec/python3.11:/mnt/host/source/src/platform/ec/zephyr/zmake:/usr/lib/python311.zip:/usr/lib/python3.11:/usr/lib/python3.11/lib-dynload:/usr/lib/python3.11/site-packages PW_PIGWEED_CIPD_INSTALL_DIR=/usr CROSTC_USER_ACKNOWLEDGES_THAT_RISCV_IS_EXPERIMENTAL=1 PATH=/mnt/host/source/chromite/bin:/usr/local/bin:/usr/bin:/bin:/opt/bin:/mnt/host/source/chromite/sdk/bin:/mnt/host/source/chromite/bin HOME=/home/jpmurphy JAVA_HOME=/etc/java-config-2/current-system-vm JDK_HOME=/etc/java-config-2/current-system-vm JAVAC=/etc/java-config-2/current-system-vm/bin/javac MAKEFLAGS=' -j16 --jobserver-auth=5,6' /usr/bin/lcov --gcov-tool /mnt/host/source/src/platform/ec/build/zephyr/brox/build-rw/gcov.sh -q -o - -c -d /mnt/host/source/src/platform/ec/build/zephyr/brox -t brox --rc branch_coverage=1 --filter range --ignore-errors inconsistent,source --ignore-errors gcov,gcov -i`
[quenbi:rw] Building: /usr/bin/ninja -C /mnt/host/source/src/platform/ec/build/zephyr/quenbi/build-rw all.libraries
Running `env -i SHELL=/bin/bash COLORTERM=truecolor DEPOT_TOOLS_UPDATE=0 LESS='-R -M --shift 5' SUDO_GID=0 JDK_HOME=/etc/java-config-2/current-system-vm CONFIG_PROTECT_MASK='/etc/gentoo-release /etc/sandbox.d /etc/fonts/fonts.conf /etc/terminfo /etc/ca-certificates.conf /etc/revdep-rebuild' CHROMEOS_CACHEDIR=/var/cache/chromeos-cache JAVA_HOME=/etc/java-config-2/current-system-vm SSH_AUTH_SOCK=/tmp/ssh-auth-sock SUDO_COMMAND=/bin/bash SUDO_USER=root SUDO_TTY=/dev/pts/2 EDITOR=/usr/bin/vi PWD=/mnt/host/source/src/platform/ec CONFIG_PROTECT=/usr/share/gnupg/qualified.txt LOGNAME=jpmurphy MANPATH=/etc/java-config-2/current-system-vm/man:/usr/local/share/man:/usr/share/man:/usr/share/gcc-data/x86_64-pc-linux-gnu/10.2.0/man:/usr/share/binutils-data/x86_64-pc-linux-gnu/2.45/man:/etc/java-config-2/current-system-vm/man/ SUDO_HOME=/root XAUTHORITY=/run/user/944457/gdm/Xauthority HOME=/home/jpmurphy LANG=C.UTF-8 LS_COLORS='rs=0:di=01;34:ln=01;36:mh=00:pi=40;33:so=01;35:do=01;35:bd=40;33;01:cd=40;33;01:or=01;05;37;41:mi=01;05;37;41:su=37;41:sg=30;43:ca=30;41:tw=30;42:ow=34;42:st=37;44:ex=01;32:*.tar=01;31:*.tgz=01;31:*.arc=01;31:*.arj=01;31:*.taz=01;31:*.lha=01;31:*.lz4=01;31:*.lzh=01;31:*.lzma=01;31:*.tlz=01;31:*.txz=01;31:*.tzo=01;31:*.t7z=01;31:*.zip=01;31:*.z=01;31:*.dz=01;31:*.gz=01;31:*.lrz=01;31:*.lz=01;31:*.lzo=01;31:*.xz=01;31:*.zst=01;31:*.tzst=01;31:*.bz2=01;31:*.bz=01;31:*.tbz=01;31:*.tbz2=01;31:*.tz=01;31:*.deb=01;31:*.rpm=01;31:*.jar=01;31:*.war=01;31:*.ear=01;31:*.sar=01;31:*.rar=01;31:*.alz=01;31:*.ace=01;31:*.zoo=01;31:*.cpio=01;31:*.7z=01;31:*.rz=01;31:*.cab=01;31:*.wim=01;31:*.swm=01;31:*.dwm=01;31:*.esd=01;31:*.jpg=01;35:*.jpeg=01;35:*.mjpg=01;35:*.mjpeg=01;35:*.gif=01;35:*.bmp=01;35:*.pbm=01;35:*.pgm=01;35:*.ppm=01;35:*.tga=01;35:*.xbm=01;35:*.xpm=01;35:*.tif=01;35:*.tiff=01;35:*.png=01;35:*.svg=01;35:*.svgz=01;35:*.mng=01;35:*.pcx=01;35:*.mov=01;35:*.mpg=01;35:*.mpeg=01;35:*.m2v=01;35:*.mkv=01;35:*.webm=01;35:*.webp=01;35:*.ogm=01;35:*.mp4=01;35:*.m4v=01;35:*.mp4v=01;35:*.vob=01;35:*.qt=01;35:*.nuv=01;35:*.wmv=01;35:*.asf=01;35:*.rm=01;35:*.rmvb=01;35:*.flc=01;35:*.avi=01;35:*.fli=01;35:*.flv=01;35:*.gl=01;35:*.dl=01;35:*.xcf=01;35:*.xwd=01;35:*.yuv=01;35:*.cgm=01;35:*.emf=01;35:*.ogv=01;35:*.ogx=01;35:*.cfg=00;32:*.conf=00;32:*.diff=00;32:*.doc=00;32:*.ini=00;32:*.log=00;32:*.patch=00;32:*.pdf=00;32:*.ps=00;32:*.tex=00;32:*.txt=00;32:*.aac=00;36:*.au=00;36:*.flac=00;36:*.m4a=00;36:*.mid=00;36:*.midi=00;36:*.mka=00;36:*.mp3=00;36:*.mpc=00;36:*.ogg=00;36:*.ra=00;36:*.wav=00;36:*.oga=00;36:*.opus=00;36:*.spx=00;36:*.xspf=00;36:' XDG_CURRENT_DESKTOP=GNOME INFOPATH=/usr/share/info:/usr/share/gcc-data/x86_64-pc-linux-gnu/10.2.0/info:/usr/share/binutils-data/x86_64-pc-linux-gnu/2.45/info:/usr/share/automake-1.16.5/info JAVAC=/etc/java-config-2/current-system-vm/bin/javac TERM=xterm-256color LESSOPEN='|lesspipe %s' USER=jpmurphy CROS_WORKON_SRCROOT=/mnt/host/source MANPAGER=manpager DISPLAY=:1 SHLVL=1 LC_MESSAGES=C EXTERNAL_TRUNK_PATH=/mnt/8f9d649a-3721-44cc-93c0-e6bd21a9689f/chromiumos GCC_SPECS='' PATH=/mnt/host/source/chromite/bin:/usr/local/bin:/usr/bin:/bin:/opt/bin:/mnt/host/source/chromite/sdk/bin:/mnt/host/source/chromite/bin PORTAGE_USERNAME=jpmurphy SUDO_UID=0 GCC_VER=10.2.0 MAIL=/var/mail/jpmurphy OLDPWD=/mnt/host/source/src/scripts traceparent=00-e87aca51550a78635907baa6a2476181-6d684811675d2973-01 _=./zephyr/firmware_builder.py COREBOOT_SDK_ROOT_x86=/home/jpmurphy/.cache/coreboot-sdk/i386-elf/dfbb0486385d938cfa9d73080b9d18d598ed4f49 COREBOOT_SDK_ROOT_picolibc_x86=/home/jpmurphy/.cache/coreboot-sdk/picolibc-i386-elf/eb8e8e687b95461de8cbf278f1c2076952d0ad17 COREBOOT_SDK_ROOT_riscv64=/home/jpmurphy/.cache/coreboot-sdk/riscv64-elf/96b949749225b6aaa92ed810ab769e8dfb12f000 COREBOOT_SDK_ROOT_picolibc_arm=/home/jpmurphy/.cache/coreboot-sdk/picolibc-arm-eabi/422a2aa3e1ef891b5bece9a3deb696ff83840d2e COREBOOT_SDK_ROOT_nds32=/home/jpmurphy/.cache/coreboot-sdk/nds32le-elf/d1a518c4a097666d86058e1444f85ca015d15511 COREBOOT_SDK_ROOT_picolibc_riscv64=/home/jpmurphy/.cache/coreboot-sdk/picolibc-riscv64-elf/f571e990ef0278564b31124f8bb109d9a697eb69 COREBOOT_SDK_ROOT_arm=/home/jpmurphy/.cache/coreboot-sdk/arm-eabi/ea40ddd1d190c3b48435c474c0b545719371813a COREBOOT_SDK_ROOT_libstdcxx_riscv64=/home/jpmurphy/.cache/coreboot-sdk/libstdcxx-riscv64-elf/17abf22a3a252e2d5d2062ced5324f7a623689e0 COREBOOT_SDK_ROOT_libstdcxx_arm=/home/jpmurphy/.cache/coreboot-sdk/libstdcxx-arm-eabi/5d7d82e150e44aa1968f1d366e267e6687b328ac COREBOOT_SDK_ROOT_riscv=/home/jpmurphy/.cache/coreboot-sdk/riscv-elf/9a27b9e82341c6e9126624f516ab3f261abb3e73 COREBOOT_SDK_ROOT_libstdcxx_x86=/home/jpmurphy/.cache/coreboot-sdk/libstdcxx-i386-elf/42ef9d2e87a76a37963175d7d428734e65648b87 PYTHONPATH=/mnt/host/source/src/platform/ec/zephyr/zmake PW_PIGWEED_CIPD_INSTALL_DIR=/usr CROSTC_USER_ACKNOWLEDGES_THAT_RISCV_IS_EXPERIMENTAL=1 MAKEFLAGS=' -j16 --jobserver-auth=5,6' /usr/bin/ninja -C /mnt/host/source/src/platform/ec/build/zephyr/quenbi/build-rw all.libraries`
[pujjo:rw] [418/419] Building C object zephyr/kernel/CMakeFiles/kernel.dir/timer.c.obj
[quenbi:rw] ninja: Entering directory `/mnt/host/source/src/platform/ec/build/zephyr/quenbi/build-rw'
[epic:ro] [3/405] cd /mnt/host/source/src/platform/ec/build/zephyr/epic/build-ro/modules/ec/zephyr && PYTHONPATH=/mnt/host/source/src/platform/ec/build/zephyr/epic/modules/ec/zephyr/zmake/ /usr/bin/python3.11 /mnt/host/source/src/platform/ec/build/zephyr/epic/modules/ec/zephyr/zmake/zephyr_build_tools/generate_ec_version.py /mnt/host/source/src/platform/ec/build/zephyr/epic/build-ro/modules/ec/zephyr/include/ec_version.h --name Zephyr-Kernel --version 16543.0.0 --static
[epic:ro] INFO:root:Using a static version string
[epic:rw] [20/405] Building C object CMakeFiles/app.dir/mnt/host/source/src/platform/ec/zephyr/subsys/ap_pwrseq/x86_non_dsx_chipset_power_state.c.obj
[buccaneer:rw] [2/526] Generating misc/generated/syscalls_subdirs.trigger
[pujjo:rw] [419/419] Linking C static library zephyr/kernel/libkernel.a
[quenbi:ro] [1/342] Preparing syscall dependency handling
[epic:ro] INFO:root:Version string: Zephyr-Kernel-16543.0.0
[epic:ro] INFO:root:Writing header to /mnt/host/source/src/platform/ec/build/zephyr/epic/build-ro/modules/ec/zephyr/include/ec_version.h
[epic:ro] [4/405] Generating include/generated/zephyr/version.h
[epic:ro] -- git describe warned: warning: tag 'upstream/v2.7.99' is externally known as 'v2.7.99'
[quenbi:ro] [2/342] Generating misc/generated/syscalls_subdirs.trigger
[buccaneer:rw] [3/526] Generating include/generated/zephyr/version.h
[buccaneer:rw] -- git describe warned: warning: tag 'upstream/v2.7.99' is externally known as 'v2.7.99'
[quenbi:ro] [3/342] cd /mnt/host/source/src/platform/ec/build/zephyr/quenbi/build-ro/modules/ec/zephyr && PYTHONPATH=/mnt/host/source/src/platform/ec/build/zephyr/quenbi/modules/ec/zephyr/zmake/ /usr/bin/python3.11 /mnt/host/source/src/platform/ec/build/zephyr/quenbi/modules/ec/zephyr/zmake/zephyr_build_tools/generate_ec_version.py /mnt/host/source/src/platform/ec/build/zephyr/quenbi/build-ro/modules/ec/zephyr/include/ec_version.h --name Zephyr-Kernel --version 16543.0.0 --static
[quenbi:ro] INFO:root:Using a static version string
[buccaneer:rw] -- Zephyr version: 4.3.99 (/mnt/host/source/src/third_party/zephyr/main)
[buccaneer:rw] [4/526] cd /mnt/host/source/src/platform/ec/build/zephyr/buccaneer/build-rw/modules/ec/zephyr && PYTHONPATH=/mnt/host/source/src/platform/ec/build/zephyr/buccaneer/modules/ec/zephyr/zmake/ /usr/bin/python3.11 /mnt/host/source/src/platform/ec/build/zephyr/buccaneer/modules/ec/zephyr/zmake/zephyr_build_tools/generate_ec_version.py /mnt/host/source/src/platform/ec/build/zephyr/buccaneer/build-rw/modules/ec/zephyr/include/ec_version.h --name Zephyr-Kernel --version 16543.0.0 --static
[buccaneer:rw] INFO:root:Using a static version string
[epic:rw] [21/405] Building C object CMakeFiles/app.dir/mnt/host/source/src/platform/ec/zephyr/subsys/ap_pwrseq/x86_non_dsx_common_pwrseq_host_sleep.c.obj
[quenbi:ro] INFO:root:Version string: Zephyr-Kernel-16543.0.0
[quenbi:ro] INFO:root:Writing header to /mnt/host/source/src/platform/ec/build/zephyr/quenbi/build-ro/modules/ec/zephyr/include/ec_version.h
[quenbi:ro] [4/342] Generating include/generated/zephyr/version.h
[epic:rw] [22/405] Building C object CMakeFiles/app.dir/mnt/host/source/src/platform/ec/zephyr/subsys/ap_pwrseq/x86_non_dsx_common_pwrseq_console.c.obj
[epic:rw] [23/405] Building C object CMakeFiles/app.dir/mnt/host/source/src/platform/ec/zephyr/subsys/ap_pwrseq/x86_non_dsx_common_pwrseq_host_command.c.obj
[quenbi:rw] [1/342] Generating include/generated/zephyr/version.h
[quenbi:rw] -- git describe warned: warning: tag 'upstream/v2.7.99' is externally known as 'v2.7.99'
[quenbi:rw] -- Zephyr version: 4.3.99 (/mnt/host/source/src/third_party/zephyr/main)
[quenbi:rw] [2/342] Preparing syscall dependency handling
[epic:ro] -- Zephyr version: 4.3.99 (/mnt/host/source/src/third_party/zephyr/main)
[epic:ro] [5/405] Generating misc/generated/syscalls.json, misc/generated/struct_tags.json
[epic:rw] [24/405] Building C object CMakeFiles/app.dir/mnt/host/source/src/platform/ec/zephyr/subsys/ap_pwrseq/x86_non_dsx_adlp_pwrseq_sm.c.obj
[quenbi:rw] [3/342] Generating misc/generated/syscalls_subdirs.trigger
[epic:rw] [25/405] Building C object CMakeFiles/app.dir/mnt/host/source/src/platform/ec/zephyr/subsys/ap_pwrseq/ap_reset_log.c.obj
[quenbi:rw] [4/342] cd /mnt/host/source/src/platform/ec/build/zephyr/quenbi/build-rw/modules/ec/zephyr && PYTHONPATH=/mnt/host/source/src/platform/ec/build/zephyr/quenbi/modules/ec/zephyr/zmake/ /usr/bin/python3.11 /mnt/host/source/src/platform/ec/build/zephyr/quenbi/modules/ec/zephyr/zmake/zephyr_build_tools/generate_ec_version.py /mnt/host/source/src/platform/ec/build/zephyr/quenbi/build-rw/modules/ec/zephyr/include/ec_version.h --name Zephyr-Kernel --version 16543.0.0 --static
[quenbi:rw] INFO:root:Using a static version string
[epic:ro] [6/405] Generating include/generated/zephyr/syscall_dispatch.c, include/generated/zephyr/syscall_exports_llext.c, syscall_weakdefs_llext.c, include/generated/zephyr/syscall_list.h
[buccaneer:rw] INFO:root:Version string: Zephyr-Kernel-16543.0.0
[buccaneer:rw] INFO:root:Writing header to /mnt/host/source/src/platform/ec/build/zephyr/buccaneer/build-rw/modules/ec/zephyr/include/ec_version.h
[buccaneer:rw] [5/526] Generating misc/generated/syscalls.json, misc/generated/struct_tags.json
[/mnt/host/source/src/platform/ec/build/zephyr/brox-lcov] geninfo: WARNING: using JSON module "JSON::PP" - which is much slower than some alternatives.  Consider installing one of JSON::XS or Cpanel::JSON::XS
[epic:ro] [7/405] Generating include/generated/zephyr/driver-validation.h
Running (initial) lcov on /mnt/host/source/src/platform/ec/build/zephyr/pujjo.
[quenbi:ro] -- git describe warned: warning: tag 'upstream/v2.7.99' is externally known as 'v2.7.99'
[quenbi:ro] -- Zephyr version: 4.3.99 (/mnt/host/source/src/third_party/zephyr/main)
[quenbi:ro] [5/342] Generating misc/generated/syscalls.json, misc/generated/struct_tags.json
[buccaneer:rw] [6/526] Generating include/generated/zephyr/syscall_dispatch.c, include/generated/zephyr/syscall_exports_llext.c, syscall_weakdefs_llext.c, include/generated/zephyr/syscall_list.h
[epic:ro] [8/405] Generating include/generated/zephyr/kobj-types-enum.h, include/generated/zephyr/otype-to-str.h, include/generated/zephyr/otype-to-size.h
[epic:ro] [9/405] Generating include/generated/device-api-sections.ld, include/generated/device-api-sections.cmake
[quenbi:ro] [6/342] Generating include/generated/zephyr/syscall_dispatch.c, include/generated/zephyr/syscall_exports_llext.c, syscall_weakdefs_llext.c, include/generated/zephyr/syscall_list.h
[buccaneer:rw] [7/526] Generating include/generated/zephyr/driver-validation.h
[epic:rw] [26/405] Building C object CMakeFiles/app.dir/mnt/host/source/src/platform/ec/build/zephyr/epic/modules/ec/common/base32.c.obj
[epic:rw] [27/405] Building C object CMakeFiles/app.dir/mnt/host/source/src/platform/ec/build/zephyr/epic/modules/ec/builtin/stdlib.c.obj
Running `env -i PYTHONPATH=/usr/lib64/python-exec/python3.11:/mnt/host/source/src/platform/ec/zephyr/zmake:/usr/lib/python311.zip:/usr/lib/python3.11:/usr/lib/python3.11/lib-dynload:/usr/lib/python3.11/site-packages PW_PIGWEED_CIPD_INSTALL_DIR=/usr CROSTC_USER_ACKNOWLEDGES_THAT_RISCV_IS_EXPERIMENTAL=1 PATH=/mnt/host/source/chromite/bin:/usr/local/bin:/usr/bin:/bin:/opt/bin:/mnt/host/source/chromite/sdk/bin:/mnt/host/source/chromite/bin HOME=/home/jpmurphy JAVA_HOME=/etc/java-config-2/current-system-vm JDK_HOME=/etc/java-config-2/current-system-vm JAVAC=/etc/java-config-2/current-system-vm/bin/javac MAKEFLAGS=' -j16 --jobserver-auth=5,6' /usr/bin/lcov --gcov-tool /mnt/host/source/src/platform/ec/build/zephyr/pujjo/build-rw/gcov.sh -q -o - -c -d /mnt/host/source/src/platform/ec/build/zephyr/pujjo -t pujjo --rc branch_coverage=1 --filter range --ignore-errors inconsistent,source --ignore-errors gcov,gcov -i`
[epic:rw] [28/405] Building C object CMakeFiles/app.dir/mnt/host/source/src/platform/ec/build/zephyr/epic/modules/ec/common/console_output.c.obj
[quenbi:ro] [7/342] Generating include/generated/zephyr/driver-validation.h
[buccaneer:rw] [8/526] Generating include/generated/zephyr/kobj-types-enum.h, include/generated/zephyr/otype-to-str.h, include/generated/zephyr/otype-to-size.h
[buccaneer:rw] [9/526] Generating include/generated/device-api-sections.ld, include/generated/device-api-sections.cmake
[epic:rw] [29/405] Building C object CMakeFiles/app.dir/mnt/host/source/src/platform/ec/build/zephyr/epic/modules/ec/common/gpio_commands.c.obj
[epic:rw] [30/405] Building C object CMakeFiles/app.dir/mnt/host/source/src/platform/ec/build/zephyr/epic/modules/ec/common/ec_features.c.obj
[quenbi:rw] INFO:root:Version string: Zephyr-Kernel-16543.0.0
[quenbi:rw] INFO:root:Writing header to /mnt/host/source/src/platform/ec/build/zephyr/quenbi/build-rw/modules/ec/zephyr/include/ec_version.h
[quenbi:rw] [5/342] Generating misc/generated/syscalls.json, misc/generated/struct_tags.json
[quenbi:ro] [8/342] Generating include/generated/zephyr/kobj-types-enum.h, include/generated/zephyr/otype-to-str.h, include/generated/zephyr/otype-to-size.h
[epic:rw] [31/405] Building C object CMakeFiles/app.dir/mnt/host/source/src/platform/ec/build/zephyr/epic/modules/ec/common/peripheral.c.obj
[epic:ro] [10/405] Building C object zephyr/CMakeFiles/offsets.dir/arch/riscv/core/offsets/offsets.c.obj
[quenbi:ro] [9/342] Generating include/generated/device-api-sections.ld, include/generated/device-api-sections.cmake
[epic:ro] [11/405] Building C object zephyr/drivers/sensor/CMakeFiles/drivers__sensor.dir/mnt/host/source/src/third_party/zephyr/main/misc/empty_file.c.obj
[quenbi:rw] [6/342] Generating include/generated/zephyr/syscall_dispatch.c, include/generated/zephyr/syscall_exports_llext.c, syscall_weakdefs_llext.c, include/generated/zephyr/syscall_list.h
[epic:ro] [12/405] Linking C static library zephyr/drivers/sensor/libdrivers__sensor.a
[epic:rw] [32/405] Building C object CMakeFiles/app.dir/mnt/host/source/src/platform/ec/build/zephyr/epic/modules/ec/common/printf.c.obj
[quenbi:rw] [7/342] Generating include/generated/zephyr/driver-validation.h
[epic:ro] [13/405] Generating include/generated/zephyr/offsets.h
[quenbi:ro] [10/342] Building C object zephyr/drivers/sensor/CMakeFiles/drivers__sensor.dir/mnt/host/source/src/third_party/zephyr/main/misc/empty_file.c.obj
[epic:rw] [33/405] Building C object CMakeFiles/app.dir/mnt/host/source/src/platform/ec/build/zephyr/epic/modules/ec/common/queue.c.obj
[quenbi:ro] [11/342] Linking C static library zephyr/drivers/sensor/libdrivers__sensor.a
[quenbi:rw] [8/342] Generating include/generated/zephyr/kobj-types-enum.h, include/generated/zephyr/otype-to-str.h, include/generated/zephyr/otype-to-size.h
[/mnt/host/source/src/platform/ec/build/zephyr/brox-lcov] stderr:
[epic:rw] [34/405] Building C object CMakeFiles/app.dir/mnt/host/source/src/platform/ec/build/zephyr/epic/modules/ec/common/system_boot_time.c.obj
[quenbi:rw] [9/342] Generating include/generated/device-api-sections.ld, include/generated/device-api-sections.cmake
[quenbi:ro] [12/342] Building C object zephyr/drivers/spi/CMakeFiles/drivers__spi.dir/mnt/host/source/src/third_party/zephyr/main/misc/empty_file.c.obj
[epic:rw] [35/405] Building C object CMakeFiles/app.dir/mnt/host/source/src/platform/ec/build/zephyr/epic/modules/ec/common/system.c.obj
[quenbi:ro] [13/342] Linking C static library zephyr/drivers/spi/libdrivers__spi.a
[/mnt/host/source/src/platform/ec/build/zephyr/pujjo-lcov] geninfo: WARNING: using JSON module "JSON::PP" - which is much slower than some alternatives.  Consider installing one of JSON::XS or Cpanel::JSON::XS
[epic:rw] [36/405] Building C object CMakeFiles/app.dir/mnt/host/source/src/platform/ec/build/zephyr/epic/modules/ec/common/util.c.obj
[quenbi:ro] [14/342] Building C object zephyr/CMakeFiles/offsets.dir/arch/arm/core/offsets/offsets.c.obj
[epic:rw] [37/405] Building C object CMakeFiles/app.dir/mnt/host/source/src/platform/ec/build/zephyr/epic/modules/ec/common/uart_printf.c.obj
[buccaneer:rw] [10/526] Building C object zephyr/CMakeFiles/offsets.dir/arch/arm/core/offsets/offsets.c.obj
[/mnt/host/source/src/platform/ec/build/zephyr/brox-lcov]   /mnt/host/source/src/platform/ec/build/zephyr/brox/build-ro/modules/ec/zephyr/CMakeFiles/ec_shim.dir/shim/src/thermal.c.gcno:no functions found
[/mnt/host/source/src/platform/ec/build/zephyr/brox-lcov] stderr:
[quenbi:rw] [10/342] Building C object zephyr/drivers/sensor/CMakeFiles/drivers__sensor.dir/mnt/host/source/src/third_party/zephyr/main/misc/empty_file.c.obj
[quenbi:ro] [15/342] Generating include/generated/zephyr/offsets.h
[epic:rw] [38/405] Building C object CMakeFiles/app.dir/mnt/host/source/src/platform/ec/build/zephyr/epic/modules/ec/common/version.c.obj
[buccaneer:rw] [11/526] Generating include/generated/zephyr/offsets.h
[epic:ro] [14/405] Building C object CMakeFiles/app.dir/mnt/host/source/src/platform/ec/zephyr/subsys/ap_pwrseq/ap_events.c.obj
[quenbi:rw] [11/342] Linking C static library zephyr/drivers/sensor/libdrivers__sensor.a
[epic:rw] [39/405] Building C object CMakeFiles/app.dir/mnt/host/source/src/platform/ec/build/zephyr/epic/modules/ec/common/power_button_x86.c.obj
[quenbi:rw] [12/342] Building C object zephyr/drivers/spi/CMakeFiles/drivers__spi.dir/mnt/host/source/src/third_party/zephyr/main/misc/empty_file.c.obj
[quenbi:rw] [13/342] Linking C static library zephyr/drivers/spi/libdrivers__spi.a
[quenbi:rw] [14/342] Building C object zephyr/CMakeFiles/offsets.dir/arch/arm/core/offsets/offsets.c.obj
[/mnt/host/source/src/platform/ec/build/zephyr/brox-lcov]   /mnt/host/source/src/platform/ec/build/zephyr/brox/build-ro/modules/ec/zephyr/CMakeFiles/ec_shim.dir/shim/src/battery.c.gcno:no functions found
[/mnt/host/source/src/platform/ec/build/zephyr/brox-lcov] stderr:
[/mnt/host/source/src/platform/ec/build/zephyr/ocicat-lcov]   /mnt/host/source/src/platform/ec/build/zephyr/ocicat/build-rw/zephyr/drivers/syscon/CMakeFiles/drivers__syscon.dir/mnt/host/source/src/third_party/zephyr/main/misc/empty_file.c.gcno:no functions found
[/mnt/host/source/src/platform/ec/build/zephyr/ocicat-lcov] Filter suppressions 'region':
[/mnt/host/source/src/platform/ec/build/zephyr/ocicat-lcov]     144 instances
[/mnt/host/source/src/platform/ec/build/zephyr/ocicat-lcov]     232 coverpoints
[/mnt/host/source/src/platform/ec/build/zephyr/ocicat-lcov] Message summary:
[/mnt/host/source/src/platform/ec/build/zephyr/ocicat-lcov]   28 ignore messages:
[/mnt/host/source/src/platform/ec/build/zephyr/ocicat-lcov]     gcov: 28
[quenbi:rw] [15/342] Generating include/generated/zephyr/offsets.h
[epic:rw] [40/405] Building C object CMakeFiles/app.dir/mnt/host/source/src/platform/ec/build/zephyr/epic/modules/ec/driver/accel_bma4xx.c.obj
[epic:rw] [41/405] Building C object CMakeFiles/app.dir/mnt/host/source/src/platform/ec/build/zephyr/epic/modules/ec/driver/accelgyro_bmi_common.c.obj
[epic:rw] [42/405] Building C object CMakeFiles/app.dir/mnt/host/source/src/platform/ec/build/zephyr/epic/modules/ec/common/motion_sense_fifo.c.obj
[epic:rw] [43/405] Building C object CMakeFiles/app.dir/mnt/host/source/src/platform/ec/build/zephyr/epic/modules/ec/driver/accelgyro_bmi3xx.c.obj
[quenbi:ro] [16/342] Building C object CMakeFiles/app.dir/mnt/host/source/src/platform/ec/zephyr/subsys/ap_pwrseq/ap_events.c.obj
[epic:rw] [44/405] Building C object CMakeFiles/app.dir/mnt/host/source/src/platform/ec/build/zephyr/epic/modules/ec/common/adc.c.obj
[buccaneer:rw] [12/526] Building C object CMakeFiles/app.dir/mnt/host/source/src/platform/ec/zephyr/subsys/ap_pwrseq/ap_events.c.obj
[epic:ro] [15/405] Building C object CMakeFiles/app.dir/mnt/host/source/src/platform/ec/zephyr/subsys/ap_pwrseq/ap_power_interface.c.obj
[epic:rw] [45/405] Building C object CMakeFiles/app.dir/mnt/host/source/src/platform/ec/build/zephyr/epic/modules/ec/common/acpi.c.obj
[/mnt/host/source/src/platform/ec/build/zephyr/brox-lcov]   /mnt/host/source/src/platform/ec/build/zephyr/brox/build-ro/modules/ec/zephyr/CMakeFiles/ec_shim.dir/shim/src/charger.c.gcno:no functions found
[/mnt/host/source/src/platform/ec/build/zephyr/brox-lcov] stderr:
[epic:rw] [46/405] Building C object CMakeFiles/app.dir/mnt/host/source/src/platform/ec/build/zephyr/epic/modules/ec/common/backlight_lid.c.obj
[epic:ro] [16/405] Building C object CMakeFiles/app.dir/mnt/host/source/src/platform/ec/zephyr/subsys/ap_pwrseq/power_signals.c.obj
[quenbi:rw] [16/342] Building C object CMakeFiles/app.dir/mnt/host/source/src/platform/ec/zephyr/subsys/ap_pwrseq/ap_events.c.obj
[/mnt/host/source/src/platform/ec/build/zephyr/pujjo-lcov] stderr:
[buccaneer:rw] [13/526] Building C object CMakeFiles/app.dir/mnt/host/source/src/platform/ec/zephyr/subsys/fingerprint/alg/elan_elan80series_bio_alg.c.obj
[epic:rw] [47/405] Building C object CMakeFiles/app.dir/mnt/host/source/src/platform/ec/build/zephyr/epic/modules/ec/common/battery.c.obj
[epic:rw] [48/405] Building C object CMakeFiles/app.dir/mnt/host/source/src/platform/ec/build/zephyr/epic/modules/ec/common/battery_info.c.obj
[quenbi:ro] [17/342] Building C object CMakeFiles/app.dir/mnt/host/source/src/platform/ec/build/zephyr/quenbi/modules/ec/builtin/stdlib.c.obj
[/mnt/host/source/src/platform/ec/build/zephyr/pujjo-lcov]   /mnt/host/source/src/platform/ec/build/zephyr/pujjo/build-ro/modules/ec/zephyr/CMakeFiles/ec_shim.dir/shim/src/thermal.c.gcno:no functions found
[/mnt/host/source/src/platform/ec/build/zephyr/pujjo-lcov] stderr:
[epic:rw] [49/405] Building C object CMakeFiles/app.dir/mnt/host/source/src/platform/ec/build/zephyr/epic/modules/ec/common/battery_fuel_gauge.c.obj
[epic:rw] [50/405] Building C object CMakeFiles/app.dir/mnt/host/source/src/platform/ec/build/zephyr/epic/modules/ec/driver/bc12/pi3usb9201.c.obj
[epic:rw] [51/405] Building C object CMakeFiles/app.dir/mnt/host/source/src/platform/ec/build/zephyr/epic/modules/ec/driver/battery/smart.c.obj
[buccaneer:rw] [14/526] Building C object CMakeFiles/app.dir/mnt/host/source/src/platform/ec/build/zephyr/buccaneer/modules/ec/builtin/stdlib.c.obj
[epic:ro] [17/405] Building C object CMakeFiles/app.dir/mnt/host/source/src/platform/ec/zephyr/subsys/ap_pwrseq/signal_gpio.c.obj
[/mnt/host/source/src/platform/ec/build/zephyr/pujjo-lcov]   /mnt/host/source/src/platform/ec/build/zephyr/pujjo/build-ro/modules/ec/zephyr/CMakeFiles/ec_shim.dir/shim/src/battery.c.gcno:no functions found
[/mnt/host/source/src/platform/ec/build/zephyr/pujjo-lcov] stderr:
[epic:rw] [52/405] Building C object CMakeFiles/app.dir/mnt/host/source/src/platform/ec/build/zephyr/epic/modules/ec/common/charger.c.obj
[/mnt/host/source/src/platform/ec/build/zephyr/pujjo-lcov]   /mnt/host/source/src/platform/ec/build/zephyr/pujjo/build-ro/modules/ec/zephyr/CMakeFiles/ec_shim.dir/shim/src/charger.c.gcno:no functions found
[/mnt/host/source/src/platform/ec/build/zephyr/pujjo-lcov] stderr:
[buccaneer:rw] [15/526] Building C object CMakeFiles/app.dir/mnt/host/source/src/platform/ec/build/zephyr/buccaneer/modules/ec/common/base32.c.obj
[quenbi:rw] [17/342] Building C object CMakeFiles/app.dir/mnt/host/source/src/platform/ec/build/zephyr/quenbi/modules/ec/builtin/stdlib.c.obj
[epic:ro] [18/405] Building C object CMakeFiles/app.dir/mnt/host/source/src/platform/ec/zephyr/subsys/ap_pwrseq/signal_vw.c.obj
[epic:rw] [53/405] Building C object CMakeFiles/app.dir/mnt/host/source/src/platform/ec/build/zephyr/epic/modules/ec/driver/charger/isl923x.c.obj
[quenbi:ro] [18/342] Building C object CMakeFiles/app.dir/mnt/host/source/src/platform/ec/build/zephyr/quenbi/modules/ec/common/base32.c.obj
[epic:rw] [54/405] Building C object CMakeFiles/app.dir/mnt/host/source/src/platform/ec/build/zephyr/epic/modules/ec/common/cbi_common.c.obj
[epic:rw] [55/405] Building C object CMakeFiles/app.dir/mnt/host/source/src/platform/ec/build/zephyr/epic/modules/ec/common/charge_state.c.obj
[epic:rw] [56/405] Building C object CMakeFiles/app.dir/mnt/host/source/src/platform/ec/build/zephyr/epic/modules/ec/common/ocpc.c.obj
[epic:rw] [57/405] Building C object CMakeFiles/app.dir/mnt/host/source/src/platform/ec/build/zephyr/epic/modules/ec/common/cbi.c.obj
[/mnt/host/source/src/platform/ec/build/zephyr/brox-lcov]   /mnt/host/source/src/platform/ec/build/zephyr/brox/build-ro/modules/ec/zephyr/CMakeFiles/ec_shim.dir/shim/src/usba.c.gcno:no functions found
[/mnt/host/source/src/platform/ec/build/zephyr/brox-lcov] stderr:
[epic:rw] [58/405] Building C object CMakeFiles/app.dir/mnt/host/source/src/platform/ec/build/zephyr/epic/modules/ec/common/charge_manager.c.obj
[/mnt/host/source/src/platform/ec/build/zephyr/pujjo-lcov]   /mnt/host/source/src/platform/ec/build/zephyr/pujjo/build-ro/modules/ec/zephyr/CMakeFiles/ec_shim.dir/shim/src/usb_muxes.c.gcno:no functions found
[/mnt/host/source/src/platform/ec/build/zephyr/pujjo-lcov] stderr:
[epic:rw] [59/405] Building C object CMakeFiles/app.dir/mnt/host/source/src/platform/ec/build/zephyr/epic/modules/ec/common/cbi_config.c.obj
[buccaneer:rw] [16/526] Building C object CMakeFiles/app.dir/mnt/host/source/src/platform/ec/build/zephyr/buccaneer/modules/ec/common/console_output.c.obj
[epic:ro] [19/405] Building C object CMakeFiles/app.dir/mnt/host/source/src/platform/ec/zephyr/subsys/ap_pwrseq/signal_adc.c.obj
[quenbi:rw] [18/342] Building C object CMakeFiles/app.dir/mnt/host/source/src/platform/ec/build/zephyr/quenbi/modules/ec/common/base32.c.obj
[epic:ro] [20/405] Building C object CMakeFiles/app.dir/mnt/host/source/src/platform/ec/zephyr/subsys/ap_pwrseq/power_host_sleep.c.obj
[buccaneer:rw] [17/526] Building C object CMakeFiles/app.dir/mnt/host/source/src/platform/ec/build/zephyr/buccaneer/modules/ec/common/ec_features.c.obj
[epic:rw] [60/405] Building C object CMakeFiles/app.dir/mnt/host/source/src/platform/ec/build/zephyr/epic/modules/ec/common/memory_commands.c.obj
[/mnt/host/source/src/platform/ec/build/zephyr/pujjo-lcov]   /mnt/host/source/src/platform/ec/build/zephyr/pujjo/build-ro/modules/ec/zephyr/CMakeFiles/ec_shim.dir/shim/src/usba.c.gcno:no functions found
[/mnt/host/source/src/platform/ec/build/zephyr/pujjo-lcov] stderr:
[quenbi:ro] [19/342] Building C object CMakeFiles/app.dir/mnt/host/source/src/platform/ec/build/zephyr/quenbi/modules/ec/common/console_output.c.obj
[epic:rw] [61/405] Building C object CMakeFiles/app.dir/mnt/host/source/src/platform/ec/build/zephyr/epic/modules/ec/common/ap_reset_log.c.obj
[epic:rw] [62/405] Building C object CMakeFiles/app.dir/mnt/host/source/src/platform/ec/build/zephyr/epic/modules/ec/common/dptf.c.obj
[epic:rw] [63/405] Building C object CMakeFiles/app.dir/mnt/host/source/src/platform/ec/build/zephyr/epic/modules/ec/common/espi.c.obj
[epic:rw] [64/405] Building C object CMakeFiles/app.dir/mnt/host/source/src/platform/ec/build/zephyr/epic/modules/ec/common/extpower_common.c.obj
[buccaneer:rw] [18/526] Building C object CMakeFiles/app.dir/mnt/host/source/src/platform/ec/build/zephyr/buccaneer/modules/ec/common/gpio_commands.c.obj
[epic:rw] [65/405] Building C object CMakeFiles/app.dir/mnt/host/source/src/platform/ec/build/zephyr/epic/modules/ec/common/fan.c.obj
[epic:rw] [66/405] Building C object CMakeFiles/app.dir/mnt/host/source/src/platform/ec/build/zephyr/epic/modules/ec/common/flash.c.obj
[/mnt/host/source/src/platform/ec/build/zephyr/pujjo-lcov]   /mnt/host/source/src/platform/ec/build/zephyr/pujjo/build-ro/modules/ec/zephyr/CMakeFiles/ec_shim.dir/shim/src/keyscan.c.gcno:no functions found
[/mnt/host/source/src/platform/ec/build/zephyr/pujjo-lcov] stderr:
[epic:ro] [21/405] Building C object CMakeFiles/app.dir/mnt/host/source/src/platform/ec/zephyr/subsys/ap_pwrseq/x86_non_dsx_common_pwrseq_sm_handler.c.obj
[quenbi:rw] [19/342] Building C object CMakeFiles/app.dir/mnt/host/source/src/platform/ec/build/zephyr/quenbi/modules/ec/common/console_output.c.obj
[buccaneer:rw] [19/526] Building C object CMakeFiles/app.dir/mnt/host/source/src/platform/ec/build/zephyr/buccaneer/modules/ec/common/peripheral.c.obj
[epic:rw] [67/405] Building C object CMakeFiles/app.dir/mnt/host/source/src/platform/ec/build/zephyr/epic/modules/ec/common/host_command.c.obj
[epic:ro] [22/405] Building C object CMakeFiles/app.dir/mnt/host/source/src/platform/ec/zephyr/subsys/ap_pwrseq/x86_non_dsx_chipset_power_state.c.obj
[quenbi:ro] [20/342] Building C object CMakeFiles/app.dir/mnt/host/source/src/platform/ec/build/zephyr/quenbi/modules/ec/common/ec_features.c.obj
[epic:rw] [68/405] Building C object CMakeFiles/app.dir/mnt/host/source/src/platform/ec/build/zephyr/epic/modules/ec/common/host_command_task.c.obj
[epic:rw] [69/405] Building C object CMakeFiles/app.dir/mnt/host/source/src/platform/ec/build/zephyr/epic/modules/ec/common/uptime.c.obj
[epic:rw] [70/405] Building C object CMakeFiles/app.dir/mnt/host/source/src/platform/ec/build/zephyr/epic/modules/ec/common/uart_hostcmd.c.obj
[epic:rw] [71/405] Building C object CMakeFiles/app.dir/mnt/host/source/src/platform/ec/build/zephyr/epic/modules/ec/common/host_event_commands.c.obj
[buccaneer:rw] [20/526] Building C object CMakeFiles/app.dir/mnt/host/source/src/platform/ec/build/zephyr/buccaneer/modules/ec/common/printf.c.obj
[epic:rw] [72/405] Building C object CMakeFiles/app.dir/mnt/host/source/src/platform/ec/build/zephyr/epic/modules/ec/common/i2c_passthru.c.obj
[buccaneer:rw] [21/526] Building C object CMakeFiles/app.dir/mnt/host/source/src/platform/ec/build/zephyr/buccaneer/modules/ec/common/queue.c.obj
[epic:rw] [73/405] Building C object CMakeFiles/app.dir/mnt/host/source/src/platform/ec/build/zephyr/epic/modules/ec/common/i2c_controller.c.obj
[epic:ro] [23/405] Building C object CMakeFiles/app.dir/mnt/host/source/src/platform/ec/zephyr/subsys/ap_pwrseq/x86_non_dsx_common_pwrseq_host_sleep.c.obj
[quenbi:rw] [20/342] Building C object CMakeFiles/app.dir/mnt/host/source/src/platform/ec/build/zephyr/quenbi/modules/ec/common/ec_features.c.obj
[epic:ro] [24/405] Building C object CMakeFiles/app.dir/mnt/host/source/src/platform/ec/zephyr/subsys/ap_pwrseq/x86_non_dsx_common_pwrseq_console.c.obj
[epic:rw] [74/405] Building C object CMakeFiles/app.dir/mnt/host/source/src/platform/ec/build/zephyr/epic/modules/ec/common/keyboard_scan.c.obj
[epic:rw] [75/405] Building C object CMakeFiles/app.dir/mnt/host/source/src/platform/ec/build/zephyr/epic/modules/ec/common/mkbp_fifo.c.obj
[quenbi:ro] [21/342] Building C object CMakeFiles/app.dir/mnt/host/source/src/platform/ec/build/zephyr/quenbi/modules/ec/common/gpio_commands.c.obj
[epic:rw] [76/405] Building C object CMakeFiles/app.dir/mnt/host/source/src/platform/ec/build/zephyr/epic/modules/ec/common/mkbp_info.c.obj
[epic:rw] [77/405] Building C object CMakeFiles/app.dir/mnt/host/source/src/platform/ec/build/zephyr/epic/modules/ec/common/keyboard_8042_sharedlib.c.obj
[epic:rw] [78/405] Building C object CMakeFiles/app.dir/mnt/host/source/src/platform/ec/build/zephyr/epic/modules/ec/common/keyboard_8042.c.obj
[epic:rw] [79/405] Building C object CMakeFiles/app.dir/mnt/host/source/src/platform/ec/build/zephyr/epic/modules/ec/common/led_common.c.obj
[buccaneer:rw] [22/526] Building C object CMakeFiles/app.dir/mnt/host/source/src/platform/ec/build/zephyr/buccaneer/modules/ec/common/system.c.obj
[epic:rw] [80/405] Building C object CMakeFiles/app.dir/mnt/host/source/src/platform/ec/build/zephyr/epic/modules/ec/common/mkbp_input_devices.c.obj
[buccaneer:rw] [23/526] Building C object CMakeFiles/app.dir/mnt/host/source/src/platform/ec/build/zephyr/buccaneer/modules/ec/common/system_boot_time.c.obj
[epic:ro] [25/405] Building C object CMakeFiles/app.dir/mnt/host/source/src/platform/ec/zephyr/subsys/ap_pwrseq/x86_non_dsx_common_pwrseq_host_command.c.obj
[quenbi:rw] [21/342] Building C object CMakeFiles/app.dir/mnt/host/source/src/platform/ec/build/zephyr/quenbi/modules/ec/common/gpio_commands.c.obj
[epic:ro] [26/405] Building C object CMakeFiles/app.dir/mnt/host/source/src/platform/ec/zephyr/subsys/ap_pwrseq/x86_non_dsx_adlp_pwrseq_sm.c.obj
[epic:rw] [81/405] Building C object CMakeFiles/app.dir/mnt/host/source/src/platform/ec/build/zephyr/epic/modules/ec/common/lid_angle.c.obj
[epic:rw] [82/405] Building C object CMakeFiles/app.dir/mnt/host/source/src/platform/ec/build/zephyr/epic/modules/ec/common/motion_lid.c.obj
[epic:rw] [83/405] Building C object CMakeFiles/app.dir/mnt/host/source/src/platform/ec/build/zephyr/epic/modules/ec/common/lid_switch.c.obj
[quenbi:ro] [22/342] Building C object CMakeFiles/app.dir/mnt/host/source/src/platform/ec/build/zephyr/quenbi/modules/ec/common/peripheral.c.obj
[epic:rw] [84/405] Building C object CMakeFiles/app.dir/mnt/host/source/src/platform/ec/build/zephyr/epic/modules/ec/common/lid_angle_keyboard_policy.c.obj
[buccaneer:rw] [24/526] Building C object CMakeFiles/app.dir/mnt/host/source/src/platform/ec/build/zephyr/buccaneer/modules/ec/common/uart_printf.c.obj
[epic:rw] [85/405] Building C object CMakeFiles/app.dir/mnt/host/source/src/platform/ec/build/zephyr/epic/modules/ec/common/mkbp_event.c.obj
[buccaneer:rw] [25/526] Building C object CMakeFiles/app.dir/mnt/host/source/src/platform/ec/build/zephyr/buccaneer/modules/ec/common/util.c.obj
[epic:ro] [27/405] Building C object CMakeFiles/app.dir/mnt/host/source/src/platform/ec/zephyr/subsys/ap_pwrseq/ap_reset_log.c.obj
[epic:rw] [86/405] Building C object CMakeFiles/app.dir/mnt/host/source/src/platform/ec/build/zephyr/epic/modules/ec/common/port80.c.obj
[epic:rw] [87/405] Building C object CMakeFiles/app.dir/mnt/host/source/src/platform/ec/build/zephyr/epic/modules/ec/common/motion_sense.c.obj
[quenbi:rw] [22/342] Building C object CMakeFiles/app.dir/mnt/host/source/src/platform/ec/build/zephyr/quenbi/modules/ec/common/peripheral.c.obj
[epic:ro] [28/405] Building C object CMakeFiles/app.dir/mnt/host/source/src/platform/ec/build/zephyr/epic/modules/ec/builtin/stdlib.c.obj
[/mnt/host/source/src/platform/ec/build/zephyr/pujjo-lcov]   /mnt/host/source/src/platform/ec/build/zephyr/pujjo/build-ro/modules/ec/zephyr/CMakeFiles/ec_shim.dir/shim/src/bc12.c.gcno:no functions found
[/mnt/host/source/src/platform/ec/build/zephyr/pujjo-lcov] stderr:
[epic:rw] [88/405] Building C object CMakeFiles/app.dir/mnt/host/source/src/platform/ec/build/zephyr/epic/modules/ec/common/power_button.c.obj
[epic:rw] [89/405] Building C object CMakeFiles/app.dir/mnt/host/source/src/platform/ec/build/zephyr/epic/modules/ec/power/hibernate.c.obj
[quenbi:ro] [23/342] Building C object CMakeFiles/app.dir/mnt/host/source/src/platform/ec/build/zephyr/quenbi/modules/ec/common/printf.c.obj
[epic:rw] [90/405] Building C object CMakeFiles/app.dir/mnt/host/source/src/platform/ec/build/zephyr/epic/modules/ec/driver/sha256/sha256_it8xxx2.c.obj
[buccaneer:rw] [26/526] Building C object CMakeFiles/app.dir/mnt/host/source/src/platform/ec/build/zephyr/buccaneer/modules/ec/common/version.c.obj
[epic:rw] [91/405] Building C object CMakeFiles/app.dir/mnt/host/source/src/platform/ec/build/zephyr/epic/modules/ec/common/panic_output.c.obj
[epic:rw] [92/405] Building C object CMakeFiles/app.dir/mnt/host/source/src/platform/ec/build/zephyr/epic/modules/ec/common/shared_mem.c.obj
[buccaneer:rw] [27/526] Building C object CMakeFiles/app.dir/mnt/host/source/src/platform/ec/build/zephyr/buccaneer/modules/ec/common/memory_commands.c.obj
[epic:ro] [29/405] Building C object CMakeFiles/app.dir/mnt/host/source/src/platform/ec/build/zephyr/epic/modules/ec/common/base32.c.obj
[epic:rw] [93/405] Building C object CMakeFiles/app.dir/mnt/host/source/src/platform/ec/build/zephyr/epic/modules/ec/common/switch.c.obj
[quenbi:rw] [23/342] Building C object CMakeFiles/app.dir/mnt/host/source/src/platform/ec/build/zephyr/quenbi/modules/ec/common/printf.c.obj
[epic:rw] [94/405] Building C object CMakeFiles/app.dir/mnt/host/source/src/platform/ec/build/zephyr/epic/modules/ec/common/tablet_mode.c.obj
[/mnt/host/source/src/platform/ec/build/zephyr/mtlrvpp_npcx-lcov]   /mnt/host/source/src/platform/ec/build/zephyr/mtlrvpp_npcx/build-rw/CMakeFiles/app.dir/mnt/host/source/src/platform/ec/build/zephyr/mtlrvpp_npcx/modules/ec/common/usb_pd_pdo.c.gcno:no functions found
[/mnt/host/source/src/platform/ec/build/zephyr/mtlrvpp_npcx-lcov] stderr:
[epic:ro] [30/405] Building C object CMakeFiles/app.dir/mnt/host/source/src/platform/ec/build/zephyr/epic/modules/ec/common/console_output.c.obj
[epic:rw] [95/405] Building C object CMakeFiles/app.dir/mnt/host/source/src/platform/ec/build/zephyr/epic/modules/ec/common/temp_sensor.c.obj
[quenbi:ro] [24/342] Building C object CMakeFiles/app.dir/mnt/host/source/src/platform/ec/build/zephyr/quenbi/modules/ec/common/queue.c.obj
[epic:rw] [96/405] Building C object CMakeFiles/app.dir/mnt/host/source/src/platform/ec/build/zephyr/epic/modules/ec/common/thermal.c.obj
[epic:rw] [97/405] Building C object CMakeFiles/app.dir/mnt/host/source/src/platform/ec/build/zephyr/epic/modules/ec/driver/temp_sensor/thermistor.c.obj
[buccaneer:rw] [28/526] Building C object CMakeFiles/app.dir/mnt/host/source/src/platform/ec/build/zephyr/buccaneer/modules/ec/common/ap_reset_log.c.obj
[epic:rw] [98/405] Building C object CMakeFiles/app.dir/mnt/host/source/src/platform/ec/build/zephyr/epic/modules/ec/common/timer.c.obj
[epic:rw] [99/405] Building C object CMakeFiles/app.dir/mnt/host/source/src/platform/ec/build/zephyr/epic/modules/ec/common/throttle_ap.c.obj
[buccaneer:rw] [29/526] Building C object CMakeFiles/app.dir/mnt/host/source/src/platform/ec/build/zephyr/buccaneer/modules/ec/common/flash.c.obj
[epic:ro] [31/405] Building C object CMakeFiles/app.dir/mnt/host/source/src/platform/ec/build/zephyr/epic/modules/ec/common/ec_features.c.obj
[quenbi:rw] [24/342] Building C object CMakeFiles/app.dir/mnt/host/source/src/platform/ec/build/zephyr/quenbi/modules/ec/common/queue.c.obj
[epic:rw] [100/405] Building C object CMakeFiles/app.dir/mnt/host/source/src/platform/ec/build/zephyr/epic/modules/ec/common/usb_charger.c.obj
[epic:rw] [101/405] Building C object CMakeFiles/app.dir/mnt/host/source/src/platform/ec/build/zephyr/epic/modules/ec/common/usb_port_power_smart.c.obj
[epic:ro] [32/405] Building C object CMakeFiles/app.dir/mnt/host/source/src/platform/ec/build/zephyr/epic/modules/ec/common/gpio_commands.c.obj
[epic:rw] [102/405] Building C object CMakeFiles/app.dir/mnt/host/source/src/platform/ec/build/zephyr/epic/modules/ec/common/typec_control.c.obj
[quenbi:ro] [25/342] Building C object CMakeFiles/app.dir/mnt/host/source/src/platform/ec/build/zephyr/quenbi/modules/ec/common/system.c.obj
[epic:rw] [103/405] Building C object CMakeFiles/app.dir/mnt/host/source/src/platform/ec/build/zephyr/epic/modules/ec/common/usb_pd_pdo.c.obj
[epic:rw] [104/405] Building C object CMakeFiles/app.dir/mnt/host/source/src/platform/ec/build/zephyr/epic/modules/ec/common/usb_common.c.obj
[epic:rw] [105/405] Building C object CMakeFiles/app.dir/mnt/host/source/src/platform/ec/build/zephyr/epic/modules/ec/common/usbc/usbc_task.c.obj
[epic:rw] [106/405] Building C object CMakeFiles/app.dir/mnt/host/source/src/platform/ec/build/zephyr/epic/modules/ec/common/usbc/usb_pd_timer.c.obj
[epic:ro] [33/405] Building C object CMakeFiles/app.dir/mnt/host/source/src/platform/ec/build/zephyr/epic/modules/ec/common/peripheral.c.obj
[quenbi:rw] [25/342] Building C object CMakeFiles/app.dir/mnt/host/source/src/platform/ec/build/zephyr/quenbi/modules/ec/common/system.c.obj
[epic:rw] [107/405] Building C object CMakeFiles/app.dir/mnt/host/source/src/platform/ec/build/zephyr/epic/modules/ec/common/usbc_intr_task.c.obj
[epic:rw] [108/405] Building C object CMakeFiles/app.dir/mnt/host/source/src/platform/ec/build/zephyr/epic/modules/ec/common/usbc/usb_sm.c.obj
[epic:ro] [34/405] Building C object CMakeFiles/app.dir/mnt/host/source/src/platform/ec/build/zephyr/epic/modules/ec/common/printf.c.obj
[epic:rw] [109/405] Building C object CMakeFiles/app.dir/mnt/host/source/src/platform/ec/build/zephyr/epic/modules/ec/common/usbc_utils.c.obj
[epic:rw] [110/405] Building C object CMakeFiles/app.dir/mnt/host/source/src/platform/ec/build/zephyr/epic/modules/ec/common/usb_pd_flags.c.obj
[quenbi:ro] [26/342] Building C object CMakeFiles/app.dir/mnt/host/source/src/platform/ec/build/zephyr/quenbi/modules/ec/common/system_boot_time.c.obj
[epic:rw] [111/405] Building C object CMakeFiles/app.dir/mnt/host/source/src/platform/ec/build/zephyr/epic/modules/ec/common/chargen.c.obj
[epic:rw] [112/405] Building C object CMakeFiles/app.dir/mnt/host/source/src/platform/ec/build/zephyr/epic/modules/ec/common/usbc/usb_pd_console.c.obj
[epic:ro] [35/405] Building C object CMakeFiles/app.dir/mnt/host/source/src/platform/ec/build/zephyr/epic/modules/ec/common/queue.c.obj
[epic:rw] [113/405] Building C object CMakeFiles/app.dir/mnt/host/source/src/platform/ec/build/zephyr/epic/modules/ec/driver/retimer/anx7483.c.obj
[quenbi:rw] [26/342] Building C object CMakeFiles/app.dir/mnt/host/source/src/platform/ec/build/zephyr/quenbi/modules/ec/common/system_boot_time.c.obj
[epic:rw] [114/405] Building C object CMakeFiles/app.dir/mnt/host/source/src/platform/ec/build/zephyr/epic/modules/ec/driver/usb_mux/virtual.c.obj
[epic:ro] [36/405] Building C object CMakeFiles/app.dir/mnt/host/source/src/platform/ec/build/zephyr/epic/modules/ec/common/system.c.obj
[epic:rw] [115/405] Building C object CMakeFiles/app.dir/mnt/host/source/src/platform/ec/build/zephyr/epic/modules/ec/driver/usb_mux/usb_mux.c.obj
[quenbi:ro] [27/342] Building C object CMakeFiles/app.dir/mnt/host/source/src/platform/ec/build/zephyr/quenbi/modules/ec/common/uart_printf.c.obj
[epic:rw] [116/405] Building C object CMakeFiles/app.dir/mnt/host/source/src/platform/ec/build/zephyr/epic/modules/ec/common/usbc/usb_prl_sm.c.obj
[epic:rw] [117/405] Building C object CMakeFiles/app.dir/mnt/host/source/src/platform/ec/build/zephyr/epic/modules/ec/common/usbc/usb_tc_drp_acc_trysrc_sm.c.obj
[epic:ro] [37/405] Building C object CMakeFiles/app.dir/mnt/host/source/src/platform/ec/build/zephyr/epic/modules/ec/common/system_boot_time.c.obj
[quenbi:rw] [27/342] Building C object CMakeFiles/app.dir/mnt/host/source/src/platform/ec/build/zephyr/quenbi/modules/ec/common/uart_printf.c.obj
[epic:rw] [118/405] Building C object CMakeFiles/app.dir/mnt/host/source/src/platform/ec/build/zephyr/epic/modules/ec/common/usbc/usbc_pd_policy.c.obj
[epic:rw] [119/405] Building C object CMakeFiles/app.dir/mnt/host/source/src/platform/ec/build/zephyr/epic/modules/ec/common/usbc/usb_pd_dpm.c.obj
[epic:ro] [38/405] Building C object CMakeFiles/app.dir/mnt/host/source/src/platform/ec/build/zephyr/epic/modules/ec/common/uart_printf.c.obj
[epic:rw] [120/405] Building C object CMakeFiles/app.dir/mnt/host/source/src/platform/ec/build/zephyr/epic/modules/ec/common/usbc/dp_alt_mode.c.obj
[epic:rw] [121/405] Building C object CMakeFiles/app.dir/mnt/host/source/src/platform/ec/build/zephyr/epic/modules/ec/common/usbc/usb_pe_drp_sm.c.obj
[epic:rw] [122/405] Building C object CMakeFiles/app.dir/mnt/host/source/src/platform/ec/build/zephyr/epic/modules/ec/common/usb_pd_console_cmd.c.obj
[quenbi:ro] [28/342] Building C object CMakeFiles/app.dir/mnt/host/source/src/platform/ec/build/zephyr/quenbi/modules/ec/common/util.c.obj
[epic:rw] [123/405] Building C object CMakeFiles/app.dir/mnt/host/source/src/platform/ec/build/zephyr/epic/modules/ec/common/usb_pd_host_cmd.c.obj
[/mnt/host/source/src/platform/ec/build/zephyr/pujjo-lcov]   /mnt/host/source/src/platform/ec/build/zephyr/pujjo/build-ro/CMakeFiles/app.dir/mnt/host/source/src/platform/ec/build/zephyr/pujjo/modules/ec/common/usb_pd_pdo.c.gcno:no functions found
[/mnt/host/source/src/platform/ec/build/zephyr/pujjo-lcov] stderr:
[epic:ro] [39/405] Building C object CMakeFiles/app.dir/mnt/host/source/src/platform/ec/build/zephyr/epic/modules/ec/common/util.c.obj
[buccaneer:rw] [30/526] Building CXX object CMakeFiles/app.dir/mnt/host/source/src/platform/ec/build/zephyr/buccaneer/modules/ec/common/fpsensor/fpsensor.cc.obj
[epic:rw] [124/405] Building C object CMakeFiles/app.dir/mnt/host/source/src/platform/ec/build/zephyr/epic/modules/ec/common/usbc/usb_pd_host.c.obj
[buccaneer:rw] [31/526] Building CXX object CMakeFiles/app.dir/mnt/host/source/src/platform/ec/build/zephyr/buccaneer/modules/ec/common/fpsensor/fpsensor_state.cc.obj
[quenbi:rw] [28/342] Building C object CMakeFiles/app.dir/mnt/host/source/src/platform/ec/build/zephyr/quenbi/modules/ec/common/util.c.obj
[epic:ro] [40/405] Building C object CMakeFiles/app.dir/mnt/host/source/src/platform/ec/build/zephyr/epic/modules/ec/common/version.c.obj
[epic:rw] [125/405] Building C object CMakeFiles/app.dir/mnt/host/source/src/platform/ec/build/zephyr/epic/modules/ec/zephyr/shim/src/tcpc.c.obj
[epic:rw] [126/405] Building C object CMakeFiles/app.dir/mnt/host/source/src/platform/ec/build/zephyr/epic/modules/ec/common/usbc/svdm_rsp_dfp_only.c.obj
[epic:rw] [127/405] Building C object CMakeFiles/app.dir/mnt/host/source/src/platform/ec/build/zephyr/epic/modules/ec/common/usb_pd_host_cmd_common.c.obj
[epic:rw] [128/405] Building C object CMakeFiles/app.dir/mnt/host/source/src/platform/ec/build/zephyr/epic/modules/ec/common/usbc_ocp.c.obj
[/mnt/host/source/src/platform/ec/build/zephyr/mtlrvpp_npcx-lcov]   /mnt/host/source/src/platform/ec/build/zephyr/mtlrvpp_npcx/build-rw/CMakeFiles/app.dir/mnt/host/source/src/platform/ec/build/zephyr/mtlrvpp_npcx/modules/ec/common/cbi_config.c.gcno:no functions found
[/mnt/host/source/src/platform/ec/build/zephyr/mtlrvpp_npcx-lcov] stderr:
[epic:rw] [129/405] Building C object CMakeFiles/app.dir/mnt/host/source/src/platform/ec/build/zephyr/epic/modules/ec/common/usb_pd_discovery.c.obj
[quenbi:ro] [29/342] Building C object CMakeFiles/app.dir/mnt/host/source/src/platform/ec/build/zephyr/quenbi/modules/ec/common/version.c.obj
[epic:rw] [130/405] Building C object CMakeFiles/app.dir/mnt/host/source/src/platform/ec/build/zephyr/epic/modules/ec/common/usb_pd_dual_role.c.obj
[epic:ro] [41/405] Building C object CMakeFiles/app.dir/mnt/host/source/src/platform/ec/build/zephyr/epic/modules/ec/common/power_button_x86.c.obj
[epic:rw] [131/405] Building C object CMakeFiles/app.dir/mnt/host/source/src/platform/ec/build/zephyr/epic/modules/ec/driver/tcpm/raa489000.c.obj
[quenbi:rw] [29/342] Building C object CMakeFiles/app.dir/mnt/host/source/src/platform/ec/build/zephyr/quenbi/modules/ec/common/version.c.obj
[epic:rw] [132/405] Building C object CMakeFiles/app.dir/mnt/host/source/src/platform/ec/build/zephyr/epic/modules/ec/common/vboot_hash.c.obj
[epic:ro] [42/405] Building C object CMakeFiles/app.dir/mnt/host/source/src/platform/ec/build/zephyr/epic/modules/ec/driver/accel_bma4xx.c.obj
[epic:rw] [133/405] Building C object CMakeFiles/app.dir/mnt/host/source/src/platform/ec/build/zephyr/epic/modules/ec/driver/tcpm/tcpci.c.obj
[epic:rw] [134/405] Building C object CMakeFiles/app.dir/mnt/host/source/src/platform/ec/build/zephyr/epic/modules/ec/common/button.c.obj
[epic:rw] [135/405] Building C object CMakeFiles/app.dir/mnt/host/source/src/platform/ec/build/zephyr/epic/modules/ec/common/vboot/efs2.c.obj
[epic:rw] [136/405] Building C object CMakeFiles/app.dir/mnt/host/source/src/platform/ec/build/zephyr/epic/modules/ec/common/vstore.c.obj
[/mnt/host/source/src/platform/ec/build/zephyr/mtlrvpp_npcx-lcov]   /mnt/host/source/src/platform/ec/build/zephyr/mtlrvpp_npcx/build-rw/CMakeFiles/app.dir/src/intel_rvp_board_id.c.gcno:no functions found
[/mnt/host/source/src/platform/ec/build/zephyr/mtlrvpp_npcx-lcov] stderr:
[epic:rw] [137/405] Building C object CMakeFiles/app.dir/mnt/host/source/src/platform/ec/build/zephyr/epic/modules/ec/common/math_util.c.obj
[quenbi:ro] [30/342] Building C object CMakeFiles/app.dir/mnt/host/source/src/platform/ec/build/zephyr/quenbi/modules/ec/common/adc.c.obj
[epic:ro] [43/405] Building C object CMakeFiles/app.dir/mnt/host/source/src/platform/ec/build/zephyr/epic/modules/ec/driver/accelgyro_bmi_common.c.obj
[epic:rw] [138/405] Building C object CMakeFiles/app.dir/src/common.c.obj
[epic:rw] [139/405] Building C object CMakeFiles/app.dir/src/board_power.c.obj
[epic:rw] [140/405] Building C object CMakeFiles/app.dir/epic/src/hdmi.c.obj
[quenbi:rw] [30/342] Building C object CMakeFiles/app.dir/mnt/host/source/src/platform/ec/build/zephyr/quenbi/modules/ec/common/adc.c.obj
[epic:ro] [44/405] Building C object CMakeFiles/app.dir/mnt/host/source/src/platform/ec/build/zephyr/epic/modules/ec/driver/accelgyro_bmi3xx.c.obj
[epic:rw] [141/405] Building C object CMakeFiles/app.dir/epic/src/usb_mux_config.c.obj
[epic:rw] [142/405] Building C object CMakeFiles/app.dir/epic/src/form_factor.c.obj
[epic:rw] [143/405] Building C object CMakeFiles/app.dir/epic/src/thermal.c.obj
[epic:rw] [144/405] Building C object CMakeFiles/app.dir/epic/src/sub_board.c.obj
[quenbi:ro] [31/342] Building C object CMakeFiles/app.dir/mnt/host/source/src/platform/ec/build/zephyr/quenbi/modules/ec/common/battery.c.obj
[/mnt/host/source/src/platform/ec/build/zephyr/brox-lcov]   /mnt/host/source/src/platform/ec/build/zephyr/brox/build-ro/modules/ec/zephyr/CMakeFiles/ec_shim.dir/drivers/keyboard_input/keyboard_customization_check.c.gcno:no functions found
[/mnt/host/source/src/platform/ec/build/zephyr/brox-lcov] stderr:
[epic:ro] [45/405] Building C object CMakeFiles/app.dir/mnt/host/source/src/platform/ec/build/zephyr/epic/modules/ec/common/motion_sense_fifo.c.obj
[epic:rw] [145/405] Building C object CMakeFiles/app.dir/epic/src/usbc.c.obj
[epic:rw] [146/405] Building C object zephyr/CMakeFiles/zephyr.dir/lib/libc/validate_libc.c.obj
[epic:rw] [147/405] Building C object CMakeFiles/app.dir/epic/src/fan.c.obj
[epic:rw] [148/405] Building C object zephyr/CMakeFiles/zephyr.dir/lib/heap/heap.c.obj
[buccaneer:rw] [32/526] Building CXX object CMakeFiles/app.dir/mnt/host/source/src/platform/ec/build/zephyr/buccaneer/modules/ec/common/fpsensor/fpsensor_crypto.cc.obj
[/mnt/host/source/src/platform/ec/build/zephyr/mtlrvpp_npcx-lcov]   /mnt/host/source/src/platform/ec/build/zephyr/mtlrvpp_npcx/build-rw/zephyr/arch/arch/arm/core/mpu/CMakeFiles/arch__arm__core__mpu.dir/arm_mpu_regions.c.gcno:no functions found
[/mnt/host/source/src/platform/ec/build/zephyr/mtlrvpp_npcx-lcov] stderr:
[epic:rw] [149/405] Building C object CMakeFiles/app.dir/epic/src/charger.c.obj
[quenbi:rw] [31/342] Building C object CMakeFiles/app.dir/mnt/host/source/src/platform/ec/build/zephyr/quenbi/modules/ec/common/battery.c.obj
[epic:rw] [150/405] Building C object zephyr/CMakeFiles/zephyr.dir/lib/os/cbprintf_packaged.c.obj
[epic:ro] [46/405] Building C object CMakeFiles/app.dir/mnt/host/source/src/platform/ec/build/zephyr/epic/modules/ec/common/adc.c.obj
[buccaneer:rw] [33/526] Building CXX object CMakeFiles/app.dir/mnt/host/source/src/platform/ec/build/zephyr/buccaneer/modules/ec/common/fpsensor/fpsensor_debug.cc.obj
[epic:rw] [151/405] Linking C static library app/libapp.a
[epic:rw] [152/405] Building C object zephyr/CMakeFiles/zephyr.dir/lib/os/clock.c.obj
[quenbi:ro] [32/342] Building C object CMakeFiles/app.dir/mnt/host/source/src/platform/ec/build/zephyr/quenbi/modules/ec/common/battery_info.c.obj
[epic:rw] [153/405] Building C object zephyr/CMakeFiles/zephyr.dir/lib/os/sem.c.obj
[epic:rw] [154/405] Building C object zephyr/CMakeFiles/zephyr.dir/lib/os/thread_entry.c.obj
[epic:rw] [155/405] Building C object zephyr/CMakeFiles/zephyr.dir/lib/utils/dec.c.obj
[epic:rw] [156/405] Building C object zephyr/CMakeFiles/zephyr.dir/lib/os/printk.c.obj
[epic:rw] [157/405] Building C object zephyr/CMakeFiles/zephyr.dir/lib/os/cbprintf_nano.c.obj
[epic:rw] [158/405] Building C object zephyr/CMakeFiles/zephyr.dir/lib/os/cbprintf.c.obj
[epic:ro] [47/405] Building C object CMakeFiles/app.dir/mnt/host/source/src/platform/ec/build/zephyr/epic/modules/ec/common/acpi.c.obj
[epic:rw] [159/405] Building C object zephyr/CMakeFiles/zephyr.dir/lib/utils/hex.c.obj
[epic:rw] [160/405] Building C object zephyr/CMakeFiles/zephyr.dir/lib/os/assert.c.obj
[epic:rw] [161/405] Building C object zephyr/CMakeFiles/zephyr.dir/lib/utils/timeutil.c.obj
[epic:rw] [162/405] Building C object zephyr/CMakeFiles/zephyr.dir/lib/utils/bitmask.c.obj
[quenbi:rw] [32/342] Building C object CMakeFiles/app.dir/mnt/host/source/src/platform/ec/build/zephyr/quenbi/modules/ec/common/battery_info.c.obj
[epic:ro] [48/405] Building C object CMakeFiles/app.dir/mnt/host/source/src/platform/ec/build/zephyr/epic/modules/ec/common/backlight_lid.c.obj
[epic:rw] [163/405] Building C object zephyr/CMakeFiles/zephyr.dir/lib/utils/last_section_id.c.obj
[/mnt/host/source/src/platform/ec/build/zephyr/mtlrvpp_npcx-lcov]   /mnt/host/source/src/platform/ec/build/zephyr/mtlrvpp_npcx/build-rw/zephyr/arch/common/CMakeFiles/isr_tables.dir/isr_tables.c.gcno:no functions found
[/mnt/host/source/src/platform/ec/build/zephyr/mtlrvpp_npcx-lcov] stderr:
[epic:rw] [164/405] Building C object zephyr/CMakeFiles/zephyr.dir/lib/utils/ring_buffer.c.obj
[epic:rw] [165/405] Building C object zephyr/CMakeFiles/zephyr.dir/lib/utils/rb.c.obj
[epic:rw] [166/405] Building C object zephyr/CMakeFiles/zephyr.dir/misc/generated/configs.c.obj
[epic:rw] [167/405] Building C object zephyr/CMakeFiles/zephyr.dir/lib/utils/bitarray.c.obj
[epic:rw] [168/405] Building ASM object zephyr/CMakeFiles/zephyr.dir/soc/ite/ec/common/soc_irq.S.obj
[quenbi:ro] [33/342] Building C object CMakeFiles/app.dir/mnt/host/source/src/platform/ec/build/zephyr/quenbi/modules/ec/common/battery_fuel_gauge.c.obj
[epic:rw] [169/405] Building C object zephyr/CMakeFiles/zephyr.dir/lib/utils/getopt/getopt_common.c.obj
[epic:rw] [170/405] Building C object zephyr/CMakeFiles/zephyr.dir/lib/utils/getopt/getopt.c.obj
[epic:ro] [49/405] Building C object CMakeFiles/app.dir/mnt/host/source/src/platform/ec/build/zephyr/epic/modules/ec/common/battery.c.obj
[epic:rw] [171/405] Building C object zephyr/CMakeFiles/zephyr.dir/soc/ite/ec/common/soc_common_irq.c.obj
[epic:rw] [172/405] Building ASM object zephyr/CMakeFiles/zephyr.dir/soc/ite/ec/it8xxx2/__arithmetic.S.obj
[epic:rw] [173/405] Building C object zephyr/CMakeFiles/zephyr.dir/soc/ite/ec/common/power.c.obj
[epic:rw] [174/405] Building C object zephyr/CMakeFiles/zephyr.dir/soc/ite/ec/common/policy.c.obj
[epic:rw] [175/405] Building ASM object zephyr/CMakeFiles/zephyr.dir/soc/ite/ec/it8xxx2/vector.S.obj
[epic:ro] [50/405] Building C object CMakeFiles/app.dir/mnt/host/source/src/platform/ec/build/zephyr/epic/modules/ec/common/battery_info.c.obj
[quenbi:rw] [33/342] Building C object CMakeFiles/app.dir/mnt/host/source/src/platform/ec/build/zephyr/quenbi/modules/ec/common/battery_fuel_gauge.c.obj
[epic:rw] [176/405] Building C object zephyr/CMakeFiles/zephyr.dir/soc/ite/ec/it8xxx2/soc.c.obj
[epic:rw] [177/405] Building C object zephyr/CMakeFiles/zephyr.dir/soc/ite/ec/it8xxx2/check_regs.c.obj
[quenbi:ro] [34/342] Building C object CMakeFiles/app.dir/mnt/host/source/src/platform/ec/build/zephyr/quenbi/modules/ec/driver/battery/smart.c.obj
[epic:rw] [178/405] Building C object zephyr/CMakeFiles/zephyr.dir/subsys/pm/state.c.obj
[epic:rw] [179/405] Building C object zephyr/CMakeFiles/zephyr.dir/subsys/logging/log_minimal.c.obj
[epic:rw] [180/405] Building C object zephyr/CMakeFiles/zephyr.dir/soc/ite/ec/it8xxx2/ilm.c.obj
[epic:rw] [181/405] Building C object zephyr/CMakeFiles/zephyr.dir/subsys/pm/pm.c.obj
[epic:rw] [182/405] Building C object zephyr/CMakeFiles/zephyr.dir/subsys/pm/policy/policy_events.c.obj
[epic:rw] [183/405] Building C object zephyr/CMakeFiles/zephyr.dir/subsys/pm/policy/policy_state_lock.c.obj
[epic:rw] [184/405] Building C object zephyr/CMakeFiles/zephyr.dir/subsys/pm/policy/policy_latency.c.obj
[epic:ro] [51/405] Building C object CMakeFiles/app.dir/mnt/host/source/src/platform/ec/build/zephyr/epic/modules/ec/common/battery_fuel_gauge.c.obj
[epic:ro] [52/405] Building C object CMakeFiles/app.dir/mnt/host/source/src/platform/ec/build/zephyr/epic/modules/ec/driver/battery/smart.c.obj
[quenbi:rw] [34/342] Building C object CMakeFiles/app.dir/mnt/host/source/src/platform/ec/build/zephyr/quenbi/modules/ec/driver/battery/smart.c.obj
[buccaneer:rw] [34/526] Building CXX object CMakeFiles/app.dir/mnt/host/source/src/platform/ec/build/zephyr/buccaneer/modules/ec/common/fpsensor/fpsensor_auth_commands.cc.obj
[epic:rw] [185/405] Building C object zephyr/CMakeFiles/zephyr.dir/subsys/pm/device.c.obj
[quenbi:ro] [35/342] Building C object CMakeFiles/app.dir/mnt/host/source/src/platform/ec/build/zephyr/quenbi/modules/ec/common/cbi_common.c.obj
[epic:rw] [186/405] Building C object zephyr/CMakeFiles/zephyr.dir/subsys/pm/device_system_managed.c.obj
[epic:rw] [187/405] Building C object zephyr/CMakeFiles/zephyr.dir/subsys/testsuite/coverage/coverage.c.obj
[epic:rw] [188/405] Building C object zephyr/CMakeFiles/zephyr.dir/subsys/shell/modules/kernel_service/kernel_shell.c.obj
[buccaneer:rw] [35/526] Building CXX object CMakeFiles/app.dir/mnt/host/source/src/platform/ec/build/zephyr/buccaneer/modules/ec/common/fpsensor/fpsensor_auth_crypto_stateful.cc.obj
[epic:rw] [189/405] Building C object zephyr/CMakeFiles/zephyr.dir/subsys/shell/modules/kernel_service/sleep.c.obj
[epic:rw] [190/405] Building C object zephyr/CMakeFiles/zephyr.dir/subsys/tracing/tracing_none.c.obj
[epic:rw] [191/405] Building C object zephyr/CMakeFiles/zephyr.dir/subsys/shell/modules/kernel_service/cycles.c.obj
[buccaneer:rw] [36/526] Building CXX object CMakeFiles/app.dir/mnt/host/source/src/platform/ec/build/zephyr/buccaneer/modules/ec/common/fpsensor/fpsensor_detect_strings.cc.obj
[epic:ro] [53/405] Building C object CMakeFiles/app.dir/mnt/host/source/src/platform/ec/build/zephyr/epic/modules/ec/driver/bc12/pi3usb9201.c.obj
[quenbi:rw] [35/342] Building C object CMakeFiles/app.dir/mnt/host/source/src/platform/ec/build/zephyr/quenbi/modules/ec/common/cbi_common.c.obj
[epic:rw] [192/405] Building C object zephyr/CMakeFiles/zephyr.dir/subsys/shell/modules/kernel_service/version.c.obj
[epic:ro] [54/405] Building C object CMakeFiles/app.dir/mnt/host/source/src/platform/ec/build/zephyr/epic/modules/ec/driver/charger/isl923x.c.obj
[epic:rw] [193/405] Building C object zephyr/CMakeFiles/zephyr.dir/subsys/shell/modules/kernel_service/thread/thread.c.obj
[epic:rw] [194/405] Building C object zephyr/CMakeFiles/zephyr.dir/subsys/shell/modules/kernel_service/uptime.c.obj
[epic:rw] [195/405] Building C object zephyr/CMakeFiles/zephyr.dir/subsys/shell/modules/kernel_service/thread/list.c.obj
[epic:rw] [196/405] Building C object zephyr/CMakeFiles/zephyr.dir/subsys/shell/modules/kernel_service/thread/unwind.c.obj
[epic:rw] [197/405] Building C object zephyr/CMakeFiles/zephyr.dir/subsys/shell/modules/kernel_service/thread/stacks.c.obj
[epic:rw] [198/405] Building C object zephyr/CMakeFiles/zephyr.dir/subsys/shell/modules/kernel_service/thread/suspend.c.obj
[quenbi:ro] [36/342] Building C object CMakeFiles/app.dir/mnt/host/source/src/platform/ec/build/zephyr/quenbi/modules/ec/common/cbi.c.obj
[epic:ro] [55/405] Building C object CMakeFiles/app.dir/mnt/host/source/src/platform/ec/build/zephyr/epic/modules/ec/common/charger.c.obj
[epic:rw] [199/405] Building C object zephyr/CMakeFiles/zephyr.dir/subsys/shell/modules/kernel_service/thread/resume.c.obj
[epic:rw] [200/405] Building C object zephyr/CMakeFiles/zephyr.dir/subsys/shell/modules/kernel_service/thread/kill.c.obj
[epic:rw] [201/405] Building C object zephyr/CMakeFiles/zephyr.dir/subsys/shell/modules/device_service.c.obj
[/mnt/host/source/src/platform/ec/build/zephyr/pujjo-lcov]   /mnt/host/source/src/platform/ec/build/zephyr/pujjo/build-ro/CMakeFiles/app.dir/mnt/host/source/src/platform/ec/build/zephyr/pujjo/modules/ec/common/chargen.c.gcno:no functions found
[/mnt/host/source/src/platform/ec/build/zephyr/pujjo-lcov] stderr:
[quenbi:rw] [36/342] Building C object CMakeFiles/app.dir/mnt/host/source/src/platform/ec/build/zephyr/quenbi/modules/ec/common/cbi.c.obj
[epic:rw] [202/405] Building C object zephyr/CMakeFiles/zephyr.dir/subsys/shell/modules/date_service.c.obj
[epic:rw] [203/405] Building C object zephyr/CMakeFiles/zephyr.dir/subsys/shell/backends/shell_uart.c.obj
[epic:rw] [204/405] Building C object zephyr/CMakeFiles/zephyr.dir/subsys/shell/modules/devmem_service.c.obj
[epic:rw] [205/405] Building C object zephyr/CMakeFiles/zephyr.dir/subsys/shell/shell.c.obj
[epic:ro] [56/405] Building C object CMakeFiles/app.dir/mnt/host/source/src/platform/ec/build/zephyr/epic/modules/ec/common/charge_state.c.obj
[quenbi:ro] [37/342] Building C object CMakeFiles/app.dir/mnt/host/source/src/platform/ec/build/zephyr/quenbi/modules/ec/common/cbi_config.c.obj
[epic:rw] [206/405] Building C object zephyr/CMakeFiles/zephyr.dir/subsys/shell/shell_fprintf.c.obj
[/mnt/host/source/src/platform/ec/build/zephyr/mtlrvpp_npcx-lcov]   /mnt/host/source/src/platform/ec/build/zephyr/mtlrvpp_npcx/build-rw/zephyr/CMakeFiles/zephyr.dir/subsys/shell/modules/kernel_service/kernel_shell.c.gcno:no functions found
[/mnt/host/source/src/platform/ec/build/zephyr/mtlrvpp_npcx-lcov] stderr:
[epic:rw] [207/405] Building C object zephyr/CMakeFiles/zephyr.dir/subsys/shell/shell_utils.c.obj
[epic:rw] [208/405] Building C object zephyr/CMakeFiles/zephyr.dir/subsys/shell/shell_ops.c.obj
[/mnt/host/source/src/platform/ec/build/zephyr/brox-lcov]   /mnt/host/source/src/platform/ec/build/zephyr/brox/build-ro/CMakeFiles/app.dir/mnt/host/source/src/platform/ec/build/zephyr/brox/modules/ec/common/cbi_config.c.gcno:no functions found
[/mnt/host/source/src/platform/ec/build/zephyr/brox-lcov] stderr:
[epic:rw] [209/405] Building C object zephyr/CMakeFiles/zephyr.dir/subsys/shell/shell_help.c.obj
[epic:rw] [210/405] Building C object zephyr/CMakeFiles/zephyr.dir/subsys/shell/shell_history.c.obj
[/mnt/host/source/src/platform/ec/build/zephyr/mtlrvpp_npcx-lcov]   /mnt/host/source/src/platform/ec/build/zephyr/mtlrvpp_npcx/build-rw/zephyr/CMakeFiles/zephyr.dir/lib/libc/validate_libc.c.gcno:no functions found
[/mnt/host/source/src/platform/ec/build/zephyr/mtlrvpp_npcx-lcov] stderr:
[quenbi:rw] [37/342] Building C object CMakeFiles/app.dir/mnt/host/source/src/platform/ec/build/zephyr/quenbi/modules/ec/common/cbi_config.c.obj
[epic:rw] [211/405] Building C object zephyr/CMakeFiles/zephyr.dir/subsys/shell/shell_cmds.c.obj
[epic:ro] [57/405] Building C object CMakeFiles/app.dir/mnt/host/source/src/platform/ec/build/zephyr/epic/modules/ec/common/charge_manager.c.obj
[epic:rw] [212/405] Building C object zephyr/CMakeFiles/zephyr.dir/subsys/shell/shell_wildcard.c.obj
[epic:rw] [213/405] Building C object zephyr/arch/common/CMakeFiles/arch__common.dir/init.c.obj
[epic:rw] [214/405] Building C object zephyr/CMakeFiles/zephyr.dir/drivers/flash/flash_util.c.obj
[quenbi:ro] [38/342] Building C object CMakeFiles/app.dir/mnt/host/source/src/platform/ec/build/zephyr/quenbi/modules/ec/common/memory_commands.c.obj
[buccaneer:rw] [37/526] Building CXX object CMakeFiles/app.dir/mnt/host/source/src/platform/ec/build/zephyr/buccaneer/modules/ec/common/fpsensor/fpsensor_auth_crypto_stateless.cc.obj
[/mnt/host/source/src/platform/ec/build/zephyr/brox-lcov]   /mnt/host/source/src/platform/ec/build/zephyr/brox/build-ro/zephyr/arch/arch/riscv/core/CMakeFiles/arch__riscv__core.dir/cpu_idle.c.gcno:no functions found
[/mnt/host/source/src/platform/ec/build/zephyr/brox-lcov] stderr:
[epic:rw] [215/405] Building C object zephyr/arch/common/CMakeFiles/arch__common.dir/dynamic_isr.c.obj
[buccaneer:rw] [38/526] Building CXX object CMakeFiles/app.dir/mnt/host/source/src/platform/ec/build/zephyr/buccaneer/modules/ec/common/fpsensor/fpsensor_utils.cc.obj
[epic:rw] [216/405] Building C object zephyr/arch/common/CMakeFiles/arch__common.dir/sw_isr_common.c.obj
[epic:rw] [217/405] Linking C static library zephyr/libzephyr.a
[epic:ro] [58/405] Building C object CMakeFiles/app.dir/mnt/host/source/src/platform/ec/build/zephyr/epic/modules/ec/common/ocpc.c.obj
[epic:rw] [218/405] Building C object zephyr/arch/common/CMakeFiles/isr_tables.dir/isr_tables.c.obj
[epic:rw] [219/405] Building C object zephyr/arch/common/CMakeFiles/arch__common.dir/xip.c.obj
[epic:rw] [220/405] Linking C static library zephyr/arch/common/libisr_tables.a
[epic:rw] [221/405] Building C object zephyr/arch/arch/riscv/core/CMakeFiles/arch__riscv__core.dir/prep_c.c.obj
[epic:rw] [222/405] Linking C static library zephyr/arch/common/libarch__common.a
[epic:rw] [223/405] Building C object zephyr/arch/arch/riscv/core/CMakeFiles/arch__riscv__core.dir/cpu_idle.c.obj
[epic:ro] [59/405] Building C object CMakeFiles/app.dir/mnt/host/source/src/platform/ec/build/zephyr/epic/modules/ec/common/cbi_common.c.obj
[quenbi:rw] [38/342] Building C object CMakeFiles/app.dir/mnt/host/source/src/platform/ec/build/zephyr/quenbi/modules/ec/common/memory_commands.c.obj
[epic:rw] [224/405] Building C object zephyr/arch/arch/riscv/core/CMakeFiles/arch__riscv__core.dir/fatal.c.obj
[epic:rw] [225/405] Building C object zephyr/arch/arch/riscv/core/CMakeFiles/arch__riscv__core.dir/irq_manage.c.obj
[epic:rw] [226/405] Generating ../../../include/generated/libc/minimal/strerror_table.h
[epic:rw] [227/405] Building C object zephyr/arch/arch/riscv/core/CMakeFiles/arch__riscv__core.dir/reboot.c.obj
[epic:rw] [228/405] Building C object zephyr/lib/libc/minimal/CMakeFiles/lib__libc__minimal.dir/source/stdlib/atoi.c.obj
[quenbi:ro] [39/342] Building C object CMakeFiles/app.dir/mnt/host/source/src/platform/ec/build/zephyr/quenbi/modules/ec/common/chipset.c.obj
[epic:rw] [229/405] Building C object zephyr/arch/arch/riscv/core/CMakeFiles/arch__riscv__core.dir/thread.c.obj
[epic:rw] [230/405] Building C object zephyr/lib/libc/minimal/CMakeFiles/lib__libc__minimal.dir/source/stdlib/strtol.c.obj
[epic:rw] [231/405] Building ASM object zephyr/arch/arch/riscv/core/CMakeFiles/arch__riscv__core.dir/reset.S.obj
[/mnt/host/source/src/platform/ec/build/zephyr/brox-lcov]   /mnt/host/source/src/platform/ec/build/zephyr/brox/build-ro/zephyr/arch/common/CMakeFiles/isr_tables.dir/isr_tables.c.gcno:no functions found
[/mnt/host/source/src/platform/ec/build/zephyr/brox-lcov] stderr:
[epic:rw] [232/405] Building ASM object zephyr/arch/arch/riscv/core/CMakeFiles/arch__riscv__core.dir/isr.S.obj
[/mnt/host/source/src/platform/ec/build/zephyr/mtlrvpp_npcx-lcov]   /mnt/host/source/src/platform/ec/build/zephyr/mtlrvpp_npcx/build-rw/zephyr/CMakeFiles/zephyr.dir/lib/utils/last_section_id.c.gcno:no functions found
[/mnt/host/source/src/platform/ec/build/zephyr/mtlrvpp_npcx-lcov] stderr:
[epic:ro] [60/405] Building C object CMakeFiles/app.dir/mnt/host/source/src/platform/ec/build/zephyr/epic/modules/ec/common/cbi.c.obj
[epic:rw] [233/405] Building ASM object zephyr/arch/arch/riscv/core/CMakeFiles/arch__riscv__core.dir/switch.S.obj
[epic:rw] [234/405] Building C object zephyr/lib/libc/minimal/CMakeFiles/lib__libc__minimal.dir/source/stdlib/strtoul.c.obj
[epic:rw] [235/405] Building C object zephyr/lib/libc/minimal/CMakeFiles/lib__libc__minimal.dir/source/stdlib/bsearch.c.obj
[buccaneer:rw] [39/526] Building CXX object CMakeFiles/app.dir/mnt/host/source/src/platform/ec/build/zephyr/buccaneer/modules/ec/common/fpsensor/fpsensor_vendor_command.cc.obj
[epic:rw] [236/405] Building C object zephyr/lib/libc/minimal/CMakeFiles/lib__libc__minimal.dir/source/stdlib/strtoll.c.obj
[epic:rw] [237/405] Building C object zephyr/lib/libc/minimal/CMakeFiles/lib__libc__minimal.dir/source/stdlib/strtoull.c.obj
[epic:ro] [61/405] Building C object CMakeFiles/app.dir/mnt/host/source/src/platform/ec/build/zephyr/epic/modules/ec/common/cbi_config.c.obj
[epic:rw] [238/405] Building C object zephyr/lib/libc/minimal/CMakeFiles/lib__libc__minimal.dir/source/string/strncasecmp.c.obj
[quenbi:rw] [39/342] Building C object CMakeFiles/app.dir/mnt/host/source/src/platform/ec/build/zephyr/quenbi/modules/ec/common/chipset.c.obj
[epic:rw] [239/405] Building C object zephyr/lib/libc/minimal/CMakeFiles/lib__libc__minimal.dir/source/stdlib/qsort.c.obj
[epic:rw] [240/405] Building C object zephyr/lib/libc/minimal/CMakeFiles/lib__libc__minimal.dir/source/string/strerror.c.obj
[epic:rw] [241/405] Building C object zephyr/arch/arch/riscv/core/CMakeFiles/arch__riscv__core.dir/stacktrace.c.obj
[epic:rw] [242/405] Building C object zephyr/lib/libc/minimal/CMakeFiles/lib__libc__minimal.dir/source/string/strstr.c.obj
[epic:rw] [243/405] Building C object zephyr/lib/libc/minimal/CMakeFiles/lib__libc__minimal.dir/source/string/strspn.c.obj
[epic:rw] [244/405] Building C object zephyr/lib/libc/minimal/CMakeFiles/lib__libc__minimal.dir/source/string/string.c.obj
[epic:rw] [245/405] Linking C static library zephyr/arch/arch/riscv/core/libarch__riscv__core.a
[epic:rw] [246/405] Building C object zephyr/lib/libc/minimal/CMakeFiles/lib__libc__minimal.dir/source/stdlib/exit.c.obj
[epic:rw] [247/405] Building C object zephyr/lib/libc/minimal/CMakeFiles/lib__libc__minimal.dir/source/math/sqrtf.c.obj
[epic:rw] [248/405] Building C object zephyr/lib/libc/minimal/CMakeFiles/lib__libc__minimal.dir/source/math/sqrt.c.obj
[quenbi:ro] [40/342] Building C object CMakeFiles/app.dir/mnt/host/source/src/platform/ec/build/zephyr/quenbi/modules/ec/common/ap_reset_log.c.obj
[epic:rw] [249/405] Building C object zephyr/lib/libc/common/CMakeFiles/lib__libc__common.dir/source/time/gmtime_r.c.obj
[epic:rw] [250/405] Building C object zephyr/lib/libc/minimal/CMakeFiles/lib__libc__minimal.dir/source/stdout/sprintf.c.obj
[epic:ro] [62/405] Building C object CMakeFiles/app.dir/mnt/host/source/src/platform/ec/build/zephyr/epic/modules/ec/common/memory_commands.c.obj
[epic:rw] [251/405] Building C object zephyr/lib/libc/minimal/CMakeFiles/lib__libc__minimal.dir/source/stdout/stdout_console.c.obj
[epic:rw] [252/405] Building C object zephyr/lib/libc/common/CMakeFiles/lib__libc__common.dir/source/time/asctime.c.obj
[epic:rw] [253/405] Building C object zephyr/lib/libc/minimal/CMakeFiles/lib__libc__minimal.dir/source/stdout/fprintf.c.obj
[epic:rw] [254/405] Building C object zephyr/lib/libc/common/CMakeFiles/lib__libc__common.dir/source/time/ctime.c.obj
[epic:rw] [255/405] Building C object zephyr/lib/libc/minimal/CMakeFiles/lib__libc__minimal.dir/source/time/gmtime.c.obj
[epic:ro] [63/405] Building C object CMakeFiles/app.dir/mnt/host/source/src/platform/ec/build/zephyr/epic/modules/ec/common/dptf.c.obj
[quenbi:rw] [40/342] Building C object CMakeFiles/app.dir/mnt/host/source/src/platform/ec/build/zephyr/quenbi/modules/ec/common/ap_reset_log.c.obj
[epic:rw] [256/405] Building C object zephyr/lib/libc/common/CMakeFiles/lib__libc__common.dir/source/time/localtime_r_utc.c.obj
[epic:rw] [257/405] Building C object zephyr/lib/libc/common/CMakeFiles/lib__libc__common.dir/source/string/strnlen.c.obj
[epic:rw] [258/405] Linking C static library zephyr/lib/libc/minimal/liblib__libc__minimal.a
[epic:rw] [259/405] Building C object zephyr/lib/libc/common/CMakeFiles/lib__libc__common.dir/source/time/time.c.obj
[epic:rw] [260/405] Building C object zephyr/lib/posix/c_lib_ext/CMakeFiles/lib__posix__c_lib_ext.dir/fnmatch.c.obj
[epic:rw] [261/405] Building C object zephyr/lib/libc/common/CMakeFiles/lib__libc__common.dir/source/stdlib/abort.c.obj
[epic:rw] [262/405] Building C object zephyr/subsys/crc/CMakeFiles/subsys__crc.dir/crc8_sw.c.obj
[epic:rw] [263/405] Building C object zephyr/subsys/crc/CMakeFiles/subsys__crc.dir/crc4_sw.c.obj
[epic:rw] [264/405] Building C object zephyr/subsys/crc/CMakeFiles/subsys__crc.dir/crc16_sw.c.obj
[epic:rw] [265/405] Building C object zephyr/subsys/crc/CMakeFiles/subsys__crc.dir/crc7_sw.c.obj
[epic:rw] [266/405] Building C object zephyr/subsys/crc/CMakeFiles/subsys__crc.dir/crc24_sw.c.obj
[epic:rw] [267/405] Building C object zephyr/subsys/crc/CMakeFiles/subsys__crc.dir/crc32c_sw.c.obj
[quenbi:ro] [41/342] Building C object CMakeFiles/app.dir/mnt/host/source/src/platform/ec/build/zephyr/quenbi/modules/ec/common/extpower_common.c.obj
[epic:rw] [268/405] Building C object zephyr/subsys/crc/CMakeFiles/subsys__crc.dir/crc32_sw.c.obj
[epic:rw] [269/405] Building C object zephyr/lib/libc/common/CMakeFiles/lib__libc__common.dir/source/stdlib/malloc.c.obj
[epic:rw] [270/405] Building C object zephyr/subsys/crc/CMakeFiles/subsys__crc.dir/crc32k_4_2_sw.c.obj
[epic:rw] [271/405] Linking C static library zephyr/subsys/crc/libsubsys__crc.a
[epic:rw] [272/405] Linking C static library zephyr/lib/libc/common/liblib__libc__common.a
[epic:rw] [273/405] Building C object zephyr/lib/posix/c_lib_ext/CMakeFiles/lib__posix__c_lib_ext.dir/getopt_shim.c.obj
[epic:ro] [64/405] Building C object CMakeFiles/app.dir/mnt/host/source/src/platform/ec/build/zephyr/epic/modules/ec/common/ap_reset_log.c.obj
[buccaneer:rw] [40/526] Building CXX object CMakeFiles/app.dir/mnt/host/source/src/platform/ec/build/zephyr/buccaneer/modules/ec/common/fpsensor/fpsensor_frame_size.cc.obj
[buccaneer:rw] [41/526] Building CXX object CMakeFiles/app.dir/mnt/host/source/src/platform/ec/build/zephyr/buccaneer/modules/ec/crypto/elliptic_curve_key.cc.obj
[epic:ro] [65/405] Building C object CMakeFiles/app.dir/mnt/host/source/src/platform/ec/build/zephyr/epic/modules/ec/common/espi.c.obj
[epic:rw] [274/405] Building C object zephyr/lib/posix/c_lib_ext/CMakeFiles/lib__posix__c_lib_ext.dir/getentropy.c.obj
[quenbi:rw] [41/342] Building C object CMakeFiles/app.dir/mnt/host/source/src/platform/ec/build/zephyr/quenbi/modules/ec/common/extpower_common.c.obj
[epic:rw] [275/405] Linking C static library zephyr/lib/posix/c_lib_ext/liblib__posix__c_lib_ext.a
[epic:rw] [276/405] Building C object zephyr/drivers/interrupt_controller/CMakeFiles/drivers__interrupt_controller.dir/intc_ite_it8xxx2.c.obj
[epic:rw] [277/405] Building C object zephyr/drivers/interrupt_controller/CMakeFiles/drivers__interrupt_controller.dir/wuc_ite_it8xxx2.c.obj
[epic:rw] [278/405] Building C object zephyr/drivers/adc/CMakeFiles/drivers__adc.dir/adc_common.c.obj
[epic:rw] [279/405] Linking C static library zephyr/drivers/interrupt_controller/libdrivers__interrupt_controller.a
[epic:rw] [280/405] Building C object zephyr/drivers/console/CMakeFiles/drivers__console.dir/uart_console.c.obj
[quenbi:ro] [42/342] Building C object CMakeFiles/app.dir/mnt/host/source/src/platform/ec/build/zephyr/quenbi/modules/ec/common/extpower_gpio.c.obj
[epic:rw] [281/405] Linking C static library zephyr/drivers/console/libdrivers__console.a
[epic:rw] [282/405] Building C object zephyr/drivers/bbram/CMakeFiles/drivers__bbram.dir/bbram_it8xxx2.c.obj
[epic:rw] [283/405] Building C object zephyr/drivers/adc/CMakeFiles/drivers__adc.dir/adc_ite_it8xxx2.c.obj
[epic:rw] [284/405] Linking C static library zephyr/drivers/bbram/libdrivers__bbram.a
[epic:ro] [66/405] Building C object CMakeFiles/app.dir/mnt/host/source/src/platform/ec/build/zephyr/epic/modules/ec/common/extpower_common.c.obj
[buccaneer:rw] [42/526] Building C object CMakeFiles/app.dir/mnt/host/source/src/platform/ec/build/zephyr/buccaneer/modules/ec/common/host_event_commands.c.obj
[buccaneer:rw] [43/526] Building C object CMakeFiles/app.dir/mnt/host/source/src/platform/ec/build/zephyr/buccaneer/modules/ec/common/host_command.c.obj
[epic:rw] [285/405] Linking C static library zephyr/drivers/adc/libdrivers__adc.a
[quenbi:rw] [42/342] Building C object CMakeFiles/app.dir/mnt/host/source/src/platform/ec/build/zephyr/quenbi/modules/ec/common/extpower_gpio.c.obj
[epic:ro] [67/405] Building C object CMakeFiles/app.dir/mnt/host/source/src/platform/ec/build/zephyr/epic/modules/ec/common/fan.c.obj
[epic:rw] [286/405] Building C object zephyr/drivers/eeprom/CMakeFiles/drivers__eeprom.dir/eeprom_shell.c.obj
[epic:rw] [287/405] Building C object zephyr/drivers/eeprom/CMakeFiles/drivers__eeprom.dir/eeprom_at2x.c.obj
[epic:rw] [288/405] Linking C static library zephyr/drivers/eeprom/libdrivers__eeprom.a
[epic:rw] [289/405] Building C object zephyr/drivers/flash/CMakeFiles/drivers__flash.dir/flash_ite_it8xxx2.c.obj
[/mnt/host/source/src/platform/ec/build/zephyr/pujjo-lcov]   /mnt/host/source/src/platform/ec/build/zephyr/pujjo/build-ro/CMakeFiles/app.dir/mnt/host/source/src/platform/ec/build/zephyr/pujjo/modules/ec/common/cbi_config.c.gcno:no functions found
[/mnt/host/source/src/platform/ec/build/zephyr/pujjo-lcov] stderr:
[epic:rw] [290/405] Linking C static library zephyr/drivers/flash/libdrivers__flash.a
[epic:rw] [291/405] Building C object zephyr/drivers/espi/CMakeFiles/drivers__espi.dir/espi_it8xxx2.c.obj
[epic:rw] [292/405] Building C object zephyr/drivers/gpio/CMakeFiles/drivers__gpio.dir/gpio_kscan_ite_it8xxx2.c.obj
[epic:rw] [293/405] Building C object zephyr/drivers/gpio/CMakeFiles/drivers__gpio.dir/gpio_ite_it8xxx2.c.obj
[epic:rw] [294/405] Linking C static library zephyr/drivers/espi/libdrivers__espi.a
[quenbi:ro] [43/342] Building C object CMakeFiles/app.dir/mnt/host/source/src/platform/ec/build/zephyr/quenbi/modules/ec/common/fan.c.obj
[epic:rw] [295/405] Linking C static library zephyr/drivers/gpio/libdrivers__gpio.a
[epic:rw] [296/405] Building C object zephyr/drivers/i2c/CMakeFiles/drivers__i2c.dir/i2c_common.c.obj
[buccaneer:rw] [44/526] Building C object CMakeFiles/app.dir/mnt/host/source/src/platform/ec/build/zephyr/buccaneer/modules/ec/common/uart_hostcmd.c.obj
[epic:rw] [297/405] Building C object zephyr/drivers/i2c/CMakeFiles/drivers__i2c.dir/i2c_bitbang.c.obj
[buccaneer:rw] [45/526] Building C object CMakeFiles/app.dir/mnt/host/source/src/platform/ec/build/zephyr/buccaneer/modules/ec/common/uptime.c.obj
[epic:rw] [298/405] Building C object zephyr/drivers/i2c/CMakeFiles/drivers__i2c.dir/i2c_shell.c.obj
[epic:ro] [68/405] Building C object CMakeFiles/app.dir/mnt/host/source/src/platform/ec/build/zephyr/epic/modules/ec/common/host_command.c.obj
[epic:ro] [69/405] Building C object CMakeFiles/app.dir/mnt/host/source/src/platform/ec/build/zephyr/epic/modules/ec/common/flash.c.obj
[quenbi:rw] [43/342] Building C object CMakeFiles/app.dir/mnt/host/source/src/platform/ec/build/zephyr/quenbi/modules/ec/common/fan.c.obj
[epic:rw] [299/405] Building C object zephyr/drivers/sensor/CMakeFiles/drivers__sensor.dir/mnt/host/source/src/third_party/zephyr/main/misc/empty_file.c.obj
[epic:rw] [300/405] Building C object zephyr/drivers/pinctrl/CMakeFiles/drivers__pinctrl.dir/common.c.obj
[epic:rw] [301/405] Linking C static library zephyr/drivers/sensor/libdrivers__sensor.a
[/mnt/host/source/src/platform/ec/build/zephyr/brox-lcov]   /mnt/host/source/src/platform/ec/build/zephyr/brox/build-ro/zephyr/CMakeFiles/zephyr.dir/subsys/shell/modules/kernel_service/kernel_shell.c.gcno:no functions found
[/mnt/host/source/src/platform/ec/build/zephyr/brox-lcov] stderr:
[epic:rw] [302/405] Building C object zephyr/drivers/i2c/CMakeFiles/drivers__i2c.dir/i2c_ite_it8xxx2.c.obj
[epic:rw] [303/405] Building C object zephyr/drivers/i2c/CMakeFiles/drivers__i2c.dir/i2c_ite_enhance.c.obj
[epic:rw] [304/405] Building C object zephyr/drivers/pwm/CMakeFiles/drivers__pwm.dir/pwm_shell.c.obj
[/mnt/host/source/src/platform/ec/build/zephyr/brox-lcov]   /mnt/host/source/src/platform/ec/build/zephyr/brox/build-ro/zephyr/CMakeFiles/zephyr.dir/lib/libc/validate_libc.c.gcno:no functions found
[/mnt/host/source/src/platform/ec/build/zephyr/brox-lcov] stderr:
[epic:rw] [305/405] Building C object zephyr/drivers/pinctrl/CMakeFiles/drivers__pinctrl.dir/pinctrl_ite_it8xxx2.c.obj
[epic:rw] [306/405] Building C object zephyr/drivers/pwm/CMakeFiles/drivers__pwm.dir/pwm_ite_it8xxx2.c.obj
[epic:rw] [307/405] Linking C static library zephyr/drivers/i2c/libdrivers__i2c.a
[epic:rw] [308/405] Linking C static library zephyr/drivers/pinctrl/libdrivers__pinctrl.a
[epic:rw] [309/405] Linking C static library zephyr/drivers/pwm/libdrivers__pwm.a
[quenbi:ro] [44/342] Building C object CMakeFiles/app.dir/mnt/host/source/src/platform/ec/build/zephyr/quenbi/modules/ec/common/flash.c.obj
[buccaneer:rw] [46/526] Building C object CMakeFiles/app.dir/mnt/host/source/src/platform/ec/build/zephyr/buccaneer/modules/ec/common/mkbp_fifo.c.obj
[buccaneer:rw] [47/526] Building C object CMakeFiles/app.dir/mnt/host/source/src/platform/ec/build/zephyr/buccaneer/modules/ec/common/mkbp_event.c.obj
[epic:ro] [70/405] Building C object CMakeFiles/app.dir/mnt/host/source/src/platform/ec/build/zephyr/epic/modules/ec/common/host_command_task.c.obj
[quenbi:rw] [44/342] Building C object CMakeFiles/app.dir/mnt/host/source/src/platform/ec/build/zephyr/quenbi/modules/ec/common/flash.c.obj
[epic:rw] [310/405] Building C object zephyr/drivers/sensor/ite/ite_tach_it8xxx2/CMakeFiles/drivers__sensor__ite__ite_tach_it8xxx2.dir/tach_ite_it8xxx2.c.obj
[/mnt/host/source/src/platform/ec/build/zephyr/pujjo-lcov]   /mnt/host/source/src/platform/ec/build/zephyr/pujjo/build-ro/zephyr/arch/arch/arm/core/mpu/CMakeFiles/arch__arm__core__mpu.dir/arm_mpu_regions.c.gcno:no functions found
[/mnt/host/source/src/platform/ec/build/zephyr/pujjo-lcov] stderr:
[epic:ro] [71/405] Building C object CMakeFiles/app.dir/mnt/host/source/src/platform/ec/build/zephyr/epic/modules/ec/common/host_event_commands.c.obj
[epic:rw] [311/405] Building C object zephyr/drivers/sensor/ite/ite_vcmp_it8xxx2/CMakeFiles/drivers__sensor__ite__ite_vcmp_it8xxx2.dir/vcmp_ite_it8xxx2.c.obj
[epic:rw] [312/405] Linking C static library zephyr/drivers/sensor/ite/ite_tach_it8xxx2/libdrivers__sensor__ite__ite_tach_it8xxx2.a
[epic:rw] [313/405] Building C object zephyr/drivers/timer/CMakeFiles/drivers__timer.dir/sys_clock_init.c.obj
[epic:rw] [314/405] Linking C static library zephyr/drivers/sensor/ite/ite_vcmp_it8xxx2/libdrivers__sensor__ite__ite_vcmp_it8xxx2.a
[epic:rw] [315/405] Building C object zephyr/drivers/serial/CMakeFiles/drivers__serial.dir/uart_ite_it8xxx2.c.obj
[epic:rw] [316/405] Building C object zephyr/drivers/serial/CMakeFiles/drivers__serial.dir/uart_ns16550.c.obj
[epic:rw] [317/405] Building C object zephyr/drivers/watchdog/CMakeFiles/drivers__watchdog.dir/wdt_ite_it8xxx2.c.obj
[epic:rw] [318/405] Linking C static library zephyr/drivers/serial/libdrivers__serial.a
[epic:rw] [319/405] Building C object zephyr/drivers/timer/CMakeFiles/drivers__timer.dir/ite_it8xxx2_timer.c.obj
[quenbi:ro] [45/342] Building C object CMakeFiles/app.dir/mnt/host/source/src/platform/ec/build/zephyr/quenbi/modules/ec/common/host_command.c.obj
[epic:rw] [320/405] Linking C static library zephyr/drivers/timer/libdrivers__timer.a
[/mnt/host/source/src/platform/ec/build/zephyr/brox-lcov]   /mnt/host/source/src/platform/ec/build/zephyr/brox/build-ro/zephyr/CMakeFiles/zephyr.dir/lib/utils/last_section_id.c.gcno:no functions found
[/mnt/host/source/src/platform/ec/build/zephyr/brox-lcov] stderr:
[buccaneer:rw] [48/526] Building C object CMakeFiles/app.dir/mnt/host/source/src/platform/ec/build/zephyr/buccaneer/modules/ec/common/panic_output.c.obj
[epic:ro] [72/405] Building C object CMakeFiles/app.dir/mnt/host/source/src/platform/ec/build/zephyr/epic/modules/ec/common/uart_hostcmd.c.obj
[epic:rw] [321/405] Building C object zephyr/drivers/watchdog/CMakeFiles/drivers__watchdog.dir/wdt_shell.c.obj
[buccaneer:rw] [49/526] Building C object CMakeFiles/app.dir/mnt/host/source/src/platform/ec/build/zephyr/buccaneer/modules/ec/common/vboot/vb21_lib.c.obj
[quenbi:rw] [45/342] Building C object CMakeFiles/app.dir/mnt/host/source/src/platform/ec/build/zephyr/quenbi/modules/ec/common/host_command.c.obj
[/mnt/host/source/src/platform/ec/build/zephyr/pujjo-lcov]   /mnt/host/source/src/platform/ec/build/zephyr/pujjo/build-ro/zephyr/arch/common/CMakeFiles/isr_tables.dir/isr_tables.c.gcno:no functions found
[/mnt/host/source/src/platform/ec/build/zephyr/pujjo-lcov] stderr:
[epic:ro] [73/405] Building C object CMakeFiles/app.dir/mnt/host/source/src/platform/ec/build/zephyr/epic/modules/ec/common/uptime.c.obj
[epic:rw] [322/405] Linking C static library zephyr/drivers/watchdog/libdrivers__watchdog.a
[epic:rw] [323/405] Building C object modules/ec/zephyr/CMakeFiles/ec_shim.dir/app/ec/main_shim.c.obj
[epic:rw] [324/405] Building C object modules/ec/zephyr/CMakeFiles/ec_shim.dir/app/ec/chip/riscv/riscv-ite/it8xxx2-espi.c.obj
[epic:rw] [325/405] Building C object modules/ec/zephyr/CMakeFiles/ec_shim.dir/drivers/cros_kb_raw/cros_kb_raw_ite.c.obj
[epic:rw] [326/405] Building C object modules/ec/zephyr/CMakeFiles/ec_shim.dir/app/ec/ec_app_main.c.obj
[epic:rw] [327/405] Building C object modules/ec/zephyr/CMakeFiles/ec_shim.dir/drivers/cros_flash/cros_flash_it8xxx2.c.obj
[epic:rw] [328/405] Building C object modules/ec/zephyr/CMakeFiles/ec_shim.dir/drivers/cros_system/cros_system_it8xxx2.c.obj
[quenbi:ro] [46/342] Building C object CMakeFiles/app.dir/mnt/host/source/src/platform/ec/build/zephyr/quenbi/modules/ec/common/host_command_task.c.obj
[buccaneer:rw] [50/526] Building C object CMakeFiles/app.dir/mnt/host/source/src/platform/ec/build/zephyr/buccaneer/modules/ec/common/rollback.c.obj
[epic:ro] [74/405] Building C object CMakeFiles/app.dir/mnt/host/source/src/platform/ec/build/zephyr/epic/modules/ec/common/i2c_controller.c.obj
[quenbi:rw] [46/342] Building C object CMakeFiles/app.dir/mnt/host/source/src/platform/ec/build/zephyr/quenbi/modules/ec/common/host_command_task.c.obj
[buccaneer:rw] [51/526] Building C object CMakeFiles/app.dir/mnt/host/source/src/platform/ec/build/zephyr/buccaneer/modules/ec/libc/sbrk.c.obj
[epic:rw] [329/405] Building C object modules/ec/zephyr/CMakeFiles/ec_shim.dir/shim/chip/it8xxx2/clock.c.obj
[epic:ro] [75/405] Building C object CMakeFiles/app.dir/mnt/host/source/src/platform/ec/build/zephyr/epic/modules/ec/common/i2c_passthru.c.obj
[epic:rw] [330/405] Building C object modules/ec/zephyr/CMakeFiles/ec_shim.dir/drivers/vivaldi_kbd/vivaldi_kbd.c.obj
[epic:rw] [331/405] Building C object modules/ec/zephyr/CMakeFiles/ec_shim.dir/shim/src/crc.c.obj
[epic:rw] [332/405] Building C object modules/ec/zephyr/CMakeFiles/ec_shim.dir/shim/chip/it8xxx2/system.c.obj
[epic:rw] [333/405] Building C object modules/ec/zephyr/CMakeFiles/ec_shim.dir/shim/chip/it8xxx2/keyboard_raw.c.obj
[epic:rw] [334/405] Building C object modules/ec/zephyr/CMakeFiles/ec_shim.dir/shim/chip/it8xxx2/power_policy.c.obj
[epic:rw] [335/405] Building C object modules/ec/zephyr/CMakeFiles/ec_shim.dir/shim/chip/it8xxx2/gpio.c.obj
[epic:rw] [336/405] Building C object modules/ec/zephyr/CMakeFiles/ec_shim.dir/shim/src/console.c.obj
[quenbi:ro] [47/342] Building C object CMakeFiles/app.dir/mnt/host/source/src/platform/ec/build/zephyr/quenbi/modules/ec/common/host_event_commands.c.obj
[buccaneer:rw] [52/526] Building C object CMakeFiles/app.dir/mnt/host/source/src/platform/ec/build/zephyr/buccaneer/modules/ec/common/spi_flash_reg.c.obj
[buccaneer:rw] [53/526] Building C object CMakeFiles/app.dir/mnt/host/source/src/platform/ec/build/zephyr/buccaneer/modules/ec/common/shared_mem_libc.c.obj
[quenbi:rw] [47/342] Building C object CMakeFiles/app.dir/mnt/host/source/src/platform/ec/build/zephyr/quenbi/modules/ec/common/host_event_commands.c.obj
[epic:rw] [337/405] Building C object modules/ec/zephyr/CMakeFiles/ec_shim.dir/shim/src/gpio_int.c.obj
[epic:ro] [76/405] Building C object CMakeFiles/app.dir/mnt/host/source/src/platform/ec/build/zephyr/epic/modules/ec/common/keyboard_8042.c.obj
[epic:ro] [77/405] Building C object CMakeFiles/app.dir/mnt/host/source/src/platform/ec/build/zephyr/epic/modules/ec/common/keyboard_scan.c.obj
[epic:rw] [338/405] Building C object modules/ec/zephyr/CMakeFiles/ec_shim.dir/shim/src/gpio.c.obj
[epic:rw] [339/405] Building C object modules/ec/zephyr/CMakeFiles/ec_shim.dir/shim/src/panic_utils.c.obj
[epic:rw] [340/405] Building C object modules/ec/zephyr/CMakeFiles/ec_shim.dir/shim/src/cbi/cros_cbi.c.obj
[epic:rw] [341/405] Building C object modules/ec/zephyr/CMakeFiles/ec_shim.dir/shim/src/pm_state.c.obj
[epic:rw] [342/405] Building C object modules/ec/zephyr/CMakeFiles/ec_shim.dir/shim/src/cbi/cros_cbi_fw_config.c.obj
[epic:rw] [343/405] Building C object modules/ec/zephyr/CMakeFiles/ec_shim.dir/shim/src/cbi/cros_cbi_ssfc.c.obj
[buccaneer:rw] [54/526] Building C object CMakeFiles/app.dir/mnt/host/source/src/platform/ec/build/zephyr/buccaneer/modules/ec/common/timer.c.obj
[quenbi:ro] [48/342] Building C object CMakeFiles/app.dir/mnt/host/source/src/platform/ec/build/zephyr/quenbi/modules/ec/common/uart_hostcmd.c.obj
[quenbi:rw] [48/342] Building C object CMakeFiles/app.dir/mnt/host/source/src/platform/ec/build/zephyr/quenbi/modules/ec/common/uart_hostcmd.c.obj
[buccaneer:rw] [55/526] Building C object CMakeFiles/app.dir/mnt/host/source/src/platform/ec/build/zephyr/buccaneer/modules/ec/common/rtc.c.obj
[epic:rw] [344/405] Building C object modules/ec/zephyr/CMakeFiles/ec_shim.dir/shim/src/cbi/cbi_eeprom.c.obj
[epic:ro] [78/405] Building C object CMakeFiles/app.dir/mnt/host/source/src/platform/ec/build/zephyr/epic/modules/ec/common/keyboard_8042_sharedlib.c.obj
[epic:ro] [79/405] Building C object CMakeFiles/app.dir/mnt/host/source/src/platform/ec/build/zephyr/epic/modules/ec/common/mkbp_fifo.c.obj
[epic:rw] [345/405] Building C object modules/ec/zephyr/CMakeFiles/ec_shim.dir/shim/src/led_driver/led.c.obj
[epic:rw] [346/405] Building C object modules/ec/zephyr/CMakeFiles/ec_shim.dir/shim/src/led_driver/led_gpio.c.obj
[epic:rw] [347/405] Building C object modules/ec/zephyr/CMakeFiles/ec_shim.dir/shim/src/system.c.obj
[epic:rw] [348/405] Building C object modules/ec/zephyr/CMakeFiles/ec_shim.dir/shim/src/battery.c.obj
[epic:rw] [349/405] Building C object modules/ec/zephyr/CMakeFiles/ec_shim.dir/shim/src/adc.c.obj
[/mnt/host/source/src/platform/ec/build/zephyr/mtlrvpp_npcx-lcov]   /mnt/host/source/src/platform/ec/build/zephyr/mtlrvpp_npcx/build-rw/zephyr/CMakeFiles/zephyr.dir/soc/nuvoton/npcx/common/npcxn/registers.c.gcno:no functions found
[/mnt/host/source/src/platform/ec/build/zephyr/mtlrvpp_npcx-lcov] stderr:
[epic:rw] [350/405] Building C object modules/ec/zephyr/CMakeFiles/ec_shim.dir/shim/src/charger.c.obj
[quenbi:ro] [49/342] Building C object CMakeFiles/app.dir/mnt/host/source/src/platform/ec/build/zephyr/quenbi/modules/ec/common/uptime.c.obj
[buccaneer:rw] [56/526] Building C object CMakeFiles/app.dir/helipilot/src/fp_transport.c.obj
[quenbi:rw] [49/342] Building C object CMakeFiles/app.dir/mnt/host/source/src/platform/ec/build/zephyr/quenbi/modules/ec/common/uptime.c.obj
[buccaneer:rw] [57/526] Building C object CMakeFiles/app.dir/helipilot/src/ec_quirks.c.obj
[epic:rw] [351/405] Building C object modules/ec/zephyr/CMakeFiles/ec_shim.dir/shim/src/chipset_api.c.obj
[epic:ro] [80/405] Building C object CMakeFiles/app.dir/mnt/host/source/src/platform/ec/build/zephyr/epic/modules/ec/common/mkbp_info.c.obj
[epic:ro] [81/405] Building C object CMakeFiles/app.dir/mnt/host/source/src/platform/ec/build/zephyr/epic/modules/ec/common/mkbp_input_devices.c.obj
[/mnt/host/source/src/platform/ec/build/zephyr/pujjo-lcov]   /mnt/host/source/src/platform/ec/build/zephyr/pujjo/build-ro/zephyr/CMakeFiles/zephyr.dir/subsys/shell/modules/kernel_service/kernel_shell.c.gcno:no functions found
[/mnt/host/source/src/platform/ec/build/zephyr/pujjo-lcov] stderr:
[epic:rw] [352/405] Building C object modules/ec/zephyr/CMakeFiles/ec_shim.dir/shim/src/flash.c.obj
[epic:rw] [353/405] Building C object modules/ec/zephyr/CMakeFiles/ec_shim.dir/shim/src/host_command.c.obj
[epic:rw] [354/405] Building C object modules/ec/zephyr/CMakeFiles/ec_shim.dir/shim/src/espi.c.obj
[epic:rw] [355/405] Building C object modules/ec/zephyr/CMakeFiles/ec_shim.dir/shim/src/hooks.c.obj
[/mnt/host/source/src/platform/ec/build/zephyr/pujjo-lcov]   /mnt/host/source/src/platform/ec/build/zephyr/pujjo/build-ro/zephyr/CMakeFiles/zephyr.dir/lib/libc/validate_libc.c.gcno:no functions found
[/mnt/host/source/src/platform/ec/build/zephyr/pujjo-lcov] stderr:
[epic:rw] [356/405] Building C object modules/ec/zephyr/CMakeFiles/ec_shim.dir/shim/src/fan.c.obj
[epic:rw] [357/405] Building C object modules/ec/zephyr/CMakeFiles/ec_shim.dir/shim/src/console_buffer.c.obj
[buccaneer:rw] [58/526] Building C object CMakeFiles/app.dir/src/fp_transport.c.obj
[buccaneer:rw] [59/526] Building C object CMakeFiles/app.dir/helipilot/src/power.c.obj
[epic:rw] [358/405] Building C object modules/ec/zephyr/CMakeFiles/ec_shim.dir/shim/src/keyboard_raw.c.obj
[quenbi:rw] [50/342] Building C object CMakeFiles/app.dir/mnt/host/source/src/platform/ec/build/zephyr/quenbi/modules/ec/common/i2c_controller.c.obj
[buccaneer:rw] [60/526] Linking CXX static library app/libapp.a
[quenbi:ro] [50/342] Building C object CMakeFiles/app.dir/mnt/host/source/src/platform/ec/build/zephyr/quenbi/modules/ec/common/i2c_controller.c.obj
[epic:ro] [82/405] Building C object CMakeFiles/app.dir/mnt/host/source/src/platform/ec/build/zephyr/epic/modules/ec/common/led_common.c.obj
[buccaneer:rw] [61/526] Building C object zephyr/CMakeFiles/zephyr.dir/lib/cpp/abi/cpp_dtors.c.obj
[epic:ro] [83/405] Building C object CMakeFiles/app.dir/mnt/host/source/src/platform/ec/build/zephyr/epic/modules/ec/common/motion_lid.c.obj
[epic:rw] [359/405] Building C object modules/ec/zephyr/CMakeFiles/ec_shim.dir/shim/src/mkbp_event.c.obj
[epic:rw] [360/405] Building C object modules/ec/zephyr/CMakeFiles/ec_shim.dir/shim/src/hwtimer.c.obj
[epic:rw] [361/405] Building C object modules/ec/zephyr/CMakeFiles/ec_shim.dir/shim/src/panic.c.obj
[epic:rw] [362/405] Building C object modules/ec/zephyr/CMakeFiles/ec_shim.dir/shim/src/thermal.c.obj
[buccaneer:rw] [62/526] Building C object zephyr/CMakeFiles/zephyr.dir/lib/libc/validate_libc.c.obj
[epic:rw] [363/405] Building C object modules/ec/zephyr/CMakeFiles/ec_shim.dir/shim/src/motionsense_sensors.c.obj
[epic:rw] [364/405] Building C object modules/ec/zephyr/CMakeFiles/ec_shim.dir/shim/src/temp_sensors.c.obj
[buccaneer:rw] [63/526] Building C object zephyr/CMakeFiles/zephyr.dir/lib/heap/heap.c.obj
[epic:rw] [365/405] Building C object modules/ec/zephyr/CMakeFiles/ec_shim.dir/shim/src/i2c.c.obj
[quenbi:rw] [51/342] Building C object CMakeFiles/app.dir/mnt/host/source/src/platform/ec/build/zephyr/quenbi/modules/ec/common/i2c_passthru.c.obj
[/mnt/host/source/src/platform/ec/build/zephyr/pujjo-lcov]   /mnt/host/source/src/platform/ec/build/zephyr/pujjo/build-ro/zephyr/CMakeFiles/zephyr.dir/lib/utils/last_section_id.c.gcno:no functions found
[/mnt/host/source/src/platform/ec/build/zephyr/pujjo-lcov] stderr:
[epic:ro] [84/405] Building C object CMakeFiles/app.dir/mnt/host/source/src/platform/ec/build/zephyr/epic/modules/ec/common/lid_angle.c.obj
[quenbi:ro] [51/342] Building C object CMakeFiles/app.dir/mnt/host/source/src/platform/ec/build/zephyr/quenbi/modules/ec/common/i2c_passthru.c.obj
[epic:ro] [85/405] Building C object CMakeFiles/app.dir/mnt/host/source/src/platform/ec/build/zephyr/epic/modules/ec/common/lid_angle_keyboard_policy.c.obj
[epic:rw] [366/405] Building C object modules/ec/zephyr/CMakeFiles/ec_shim.dir/shim/src/tasks.c.obj
[buccaneer:rw] [64/526] Building C object zephyr/CMakeFiles/zephyr.dir/lib/os/cbprintf_packaged.c.obj
[epic:rw] [367/405] Building C object modules/ec/zephyr/CMakeFiles/ec_shim.dir/shim/src/usba.c.obj
[epic:rw] [368/405] Building C object modules/ec/zephyr/CMakeFiles/ec_shim.dir/shim/src/bc12.c.obj
[epic:rw] [369/405] Building C object modules/ec/zephyr/CMakeFiles/ec_shim.dir/shim/src/bc12_pi3usb9201.c.obj
[epic:rw] [370/405] Building C object modules/ec/zephyr/CMakeFiles/ec_shim.dir/shim/src/watchdog.c.obj
[epic:rw] [371/405] Building C object modules/ec/zephyr/CMakeFiles/ec_shim.dir/shim/src/power_host_sleep_api.c.obj
[buccaneer:rw] [65/526] Building C object zephyr/CMakeFiles/zephyr.dir/lib/os/clock.c.obj
[quenbi:rw] [52/342] Building C object CMakeFiles/app.dir/mnt/host/source/src/platform/ec/build/zephyr/quenbi/modules/ec/common/mkbp_fifo.c.obj
[epic:rw] [372/405] Building C object zephyr/kernel/CMakeFiles/kernel.dir/main_weak.c.obj
[epic:ro] [86/405] Building C object CMakeFiles/app.dir/mnt/host/source/src/platform/ec/build/zephyr/epic/modules/ec/common/lid_switch.c.obj
[quenbi:ro] [52/342] Building C object CMakeFiles/app.dir/mnt/host/source/src/platform/ec/build/zephyr/quenbi/modules/ec/common/mkbp_fifo.c.obj
[epic:rw] [373/405] Building C object zephyr/kernel/CMakeFiles/kernel.dir/banner.c.obj
[epic:rw] [374/405] Building C object zephyr/kernel/CMakeFiles/kernel.dir/device.c.obj
[epic:rw] [375/405] Building C object modules/ec/zephyr/CMakeFiles/ec_shim.dir/shim/src/usb_muxes.c.obj
[epic:rw] [376/405] Building C object zephyr/kernel/CMakeFiles/kernel.dir/busy_wait.c.obj
[epic:ro] [87/405] Building C object CMakeFiles/app.dir/mnt/host/source/src/platform/ec/build/zephyr/epic/modules/ec/common/mkbp_event.c.obj
[epic:rw] [377/405] Linking C static library modules/ec/zephyr/libec_shim.a
[epic:rw] [378/405] Building C object zephyr/kernel/CMakeFiles/kernel.dir/errno.c.obj
[buccaneer:rw] [66/526] Building C object zephyr/CMakeFiles/zephyr.dir/lib/os/printk.c.obj
[epic:rw] [379/405] Building C object zephyr/kernel/CMakeFiles/kernel.dir/version.c.obj
[epic:rw] [380/405] Building C object zephyr/kernel/CMakeFiles/kernel.dir/fatal.c.obj
[buccaneer:rw] [67/526] Building C object zephyr/CMakeFiles/zephyr.dir/lib/os/sem.c.obj
[quenbi:rw] [53/342] Building C object CMakeFiles/app.dir/mnt/host/source/src/platform/ec/build/zephyr/quenbi/modules/ec/common/mkbp_info.c.obj
[epic:rw] [381/405] Building C object zephyr/kernel/CMakeFiles/kernel.dir/kheap.c.obj
[epic:rw] [382/405] Building C object zephyr/kernel/CMakeFiles/kernel.dir/init.c.obj
[epic:rw] [383/405] Building C object zephyr/kernel/CMakeFiles/kernel.dir/float.c.obj
[epic:rw] [384/405] Building C object zephyr/kernel/CMakeFiles/kernel.dir/mem_slab.c.obj
[buccaneer:rw] [68/526] Building C object zephyr/CMakeFiles/zephyr.dir/lib/os/thread_entry.c.obj
[quenbi:ro] [53/342] Building C object CMakeFiles/app.dir/mnt/host/source/src/platform/ec/build/zephyr/quenbi/modules/ec/common/mkbp_info.c.obj
[epic:rw] [385/405] Building C object zephyr/kernel/CMakeFiles/kernel.dir/idle.c.obj
[epic:ro] [88/405] Building C object CMakeFiles/app.dir/mnt/host/source/src/platform/ec/build/zephyr/epic/modules/ec/common/port80.c.obj
[epic:rw] [386/405] Building C object zephyr/kernel/CMakeFiles/kernel.dir/msg_q.c.obj
[epic:rw] [387/405] Building C object zephyr/kernel/CMakeFiles/kernel.dir/mailbox.c.obj
[epic:ro] [89/405] Building C object CMakeFiles/app.dir/mnt/host/source/src/platform/ec/build/zephyr/epic/modules/ec/common/motion_sense.c.obj
[buccaneer:rw] [69/526] Building C object zephyr/CMakeFiles/zephyr.dir/lib/os/cbprintf_nano.c.obj
[epic:rw] [388/405] Building C object zephyr/kernel/CMakeFiles/kernel.dir/stack.c.obj
[epic:rw] [389/405] Building C object zephyr/kernel/CMakeFiles/kernel.dir/mutex.c.obj
[epic:rw] [390/405] Building C object zephyr/kernel/CMakeFiles/kernel.dir/queue.c.obj
[epic:rw] [391/405] Building C object zephyr/kernel/CMakeFiles/kernel.dir/sem.c.obj
[buccaneer:rw] [70/526] Building C object zephyr/CMakeFiles/zephyr.dir/lib/os/cbprintf.c.obj
[epic:rw] [392/405] Building C object zephyr/kernel/CMakeFiles/kernel.dir/system_work_q.c.obj
[quenbi:rw] [54/342] Building C object CMakeFiles/app.dir/mnt/host/source/src/platform/ec/build/zephyr/quenbi/modules/ec/common/keyboard_mkbp.c.obj
[epic:rw] [393/405] Building C object zephyr/kernel/CMakeFiles/kernel.dir/condvar.c.obj
[quenbi:ro] [54/342] Building C object CMakeFiles/app.dir/mnt/host/source/src/platform/ec/build/zephyr/quenbi/modules/ec/common/keyboard_mkbp.c.obj
[epic:ro] [90/405] Building C object CMakeFiles/app.dir/mnt/host/source/src/platform/ec/build/zephyr/epic/modules/ec/common/power_button.c.obj
[epic:rw] [394/405] Building C object zephyr/kernel/CMakeFiles/kernel.dir/work.c.obj
[epic:ro] [91/405] Building C object CMakeFiles/app.dir/mnt/host/source/src/platform/ec/build/zephyr/epic/modules/ec/power/hibernate.c.obj
[epic:rw] [395/405] Building C object zephyr/kernel/CMakeFiles/kernel.dir/thread.c.obj
[epic:rw] [396/405] Building C object zephyr/kernel/CMakeFiles/kernel.dir/pipe.c.obj
[epic:rw] [397/405] Building C object zephyr/kernel/CMakeFiles/kernel.dir/sched.c.obj
[buccaneer:rw] [71/526] Building C object zephyr/CMakeFiles/zephyr.dir/lib/os/assert.c.obj
[epic:rw] [398/405] Building C object zephyr/kernel/CMakeFiles/kernel.dir/thread_monitor.c.obj
[buccaneer:rw] [72/526] Building C object zephyr/CMakeFiles/zephyr.dir/lib/os/mpsc_pbuf.c.obj
[epic:rw] [399/405] Building C object zephyr/kernel/CMakeFiles/kernel.dir/timeout.c.obj
[quenbi:rw] [55/342] Building C object CMakeFiles/app.dir/mnt/host/source/src/platform/ec/build/zephyr/quenbi/modules/ec/common/mkbp_input_devices.c.obj
[epic:rw] [400/405] Building C object zephyr/kernel/CMakeFiles/kernel.dir/timer.c.obj
[buccaneer:rw] [73/526] Building C object zephyr/CMakeFiles/zephyr.dir/lib/utils/dec.c.obj
[quenbi:ro] [55/342] Building C object CMakeFiles/app.dir/mnt/host/source/src/platform/ec/build/zephyr/quenbi/modules/ec/common/mkbp_input_devices.c.obj
[buccaneer:rw] [74/526] Building C object zephyr/CMakeFiles/zephyr.dir/lib/utils/hex.c.obj
[epic:rw] [401/405] Building C object zephyr/kernel/CMakeFiles/kernel.dir/poll.c.obj
[epic:ro] [92/405] Building C object CMakeFiles/app.dir/mnt/host/source/src/platform/ec/build/zephyr/epic/modules/ec/common/panic_output.c.obj
[epic:rw] [402/405] Building C object zephyr/kernel/CMakeFiles/kernel.dir/events.c.obj
[epic:ro] [93/405] Building C object CMakeFiles/app.dir/mnt/host/source/src/platform/ec/build/zephyr/epic/modules/ec/driver/sha256/sha256_it8xxx2.c.obj
[epic:rw] [403/405] Building C object zephyr/kernel/CMakeFiles/kernel.dir/mempool.c.obj
[buccaneer:rw] [75/526] Building C object zephyr/CMakeFiles/zephyr.dir/lib/utils/timeutil.c.obj
[epic:rw] [404/405] Building C object zephyr/kernel/CMakeFiles/kernel.dir/dynamic_disabled.c.obj
[/mnt/host/source/src/platform/ec/build/zephyr/brox-lcov]   /mnt/host/source/src/platform/ec/build/zephyr/brox/build-ro/zephyr/CMakeFiles/zephyr.dir/soc/ite/ec/it8xxx2/check_regs.c.gcno:no functions found
[/mnt/host/source/src/platform/ec/build/zephyr/brox-lcov] stderr:
[buccaneer:rw] [76/526] Building C object zephyr/CMakeFiles/zephyr.dir/lib/utils/rb.c.obj
[epic:rw] [405/405] Linking C static library zephyr/kernel/libkernel.a
[buccaneer:rw] [77/526] Building C object zephyr/CMakeFiles/zephyr.dir/lib/utils/bitmask.c.obj
[quenbi:ro] [56/342] Building C object CMakeFiles/app.dir/mnt/host/source/src/platform/ec/build/zephyr/quenbi/modules/ec/common/lid_switch.c.obj
[buccaneer:rw] [78/526] Building C object zephyr/CMakeFiles/zephyr.dir/lib/utils/bitarray.c.obj
[quenbi:rw] [56/342] Building C object CMakeFiles/app.dir/mnt/host/source/src/platform/ec/build/zephyr/quenbi/modules/ec/common/lid_switch.c.obj
[quenbi:ro] [57/342] Building C object CMakeFiles/app.dir/mnt/host/source/src/platform/ec/build/zephyr/quenbi/modules/ec/common/mkbp_event.c.obj
[quenbi:rw] [57/342] Building C object CMakeFiles/app.dir/mnt/host/source/src/platform/ec/build/zephyr/quenbi/modules/ec/common/mkbp_event.c.obj
[epic:ro] [94/405] Building C object CMakeFiles/app.dir/mnt/host/source/src/platform/ec/build/zephyr/epic/modules/ec/common/shared_mem.c.obj
[quenbi:rw] [58/342] Building C object CMakeFiles/app.dir/mnt/host/source/src/platform/ec/build/zephyr/quenbi/modules/ec/common/power_button.c.obj
[buccaneer:rw] [79/526] Building C object zephyr/CMakeFiles/zephyr.dir/lib/utils/ring_buffer.c.obj
[epic:ro] [95/405] Building C object CMakeFiles/app.dir/mnt/host/source/src/platform/ec/build/zephyr/epic/modules/ec/common/tablet_mode.c.obj
[epic:ro] [96/405] Building C object CMakeFiles/app.dir/mnt/host/source/src/platform/ec/build/zephyr/epic/modules/ec/common/switch.c.obj
[buccaneer:rw] [80/526] Building C object zephyr/CMakeFiles/zephyr.dir/lib/utils/getopt/getopt.c.obj
[buccaneer:rw] [81/526] Building C object zephyr/CMakeFiles/zephyr.dir/lib/utils/last_section_id.c.obj
[/mnt/host/source/src/platform/ec/build/zephyr/mtlrvpp_npcx-lcov]   /mnt/host/source/src/platform/ec/build/zephyr/mtlrvpp_npcx/build-rw/zephyr/drivers/sensor/CMakeFiles/drivers__sensor.dir/mnt/host/source/src/third_party/zephyr/main/misc/empty_file.c.gcno:no functions found
[/mnt/host/source/src/platform/ec/build/zephyr/mtlrvpp_npcx-lcov] Filter suppressions 'region':
[quenbi:rw] [59/342] Building C object CMakeFiles/app.dir/mnt/host/source/src/platform/ec/build/zephyr/quenbi/modules/ec/power/common.c.obj
[/mnt/host/source/src/platform/ec/build/zephyr/mtlrvpp_npcx-lcov]     29 instances
[/mnt/host/source/src/platform/ec/build/zephyr/mtlrvpp_npcx-lcov]     20 coverpoints
[/mnt/host/source/src/platform/ec/build/zephyr/mtlrvpp_npcx-lcov] Message summary:
[/mnt/host/source/src/platform/ec/build/zephyr/mtlrvpp_npcx-lcov]   33 ignore messages:
[/mnt/host/source/src/platform/ec/build/zephyr/mtlrvpp_npcx-lcov]     gcov: 33
[buccaneer:rw] [82/526] Building C object zephyr/CMakeFiles/zephyr.dir/misc/generated/configs.c.obj
[epic:ro] [97/405] Building C object CMakeFiles/app.dir/mnt/host/source/src/platform/ec/build/zephyr/epic/modules/ec/common/thermal.c.obj
[buccaneer:rw] [83/526] Building C object zephyr/CMakeFiles/zephyr.dir/lib/utils/getopt/getopt_common.c.obj
[quenbi:ro] [58/342] Building C object CMakeFiles/app.dir/mnt/host/source/src/platform/ec/build/zephyr/quenbi/modules/ec/common/power_button.c.obj
[quenbi:ro] [59/342] Building C object CMakeFiles/app.dir/mnt/host/source/src/platform/ec/build/zephyr/quenbi/modules/ec/power/common.c.obj
[quenbi:rw] [60/342] Building C object CMakeFiles/app.dir/mnt/host/source/src/platform/ec/build/zephyr/quenbi/modules/ec/power/host_sleep.c.obj
[epic:ro] [98/405] Building C object CMakeFiles/app.dir/mnt/host/source/src/platform/ec/build/zephyr/epic/modules/ec/common/temp_sensor.c.obj
[quenbi:rw] [61/342] Building C object CMakeFiles/app.dir/mnt/host/source/src/platform/ec/build/zephyr/quenbi/modules/ec/common/panic_output.c.obj
[quenbi:rw] [62/342] Building C object CMakeFiles/app.dir/mnt/host/source/src/platform/ec/build/zephyr/quenbi/modules/ec/power/qcom_exp.c.obj
[epic:ro] [99/405] Building C object CMakeFiles/app.dir/mnt/host/source/src/platform/ec/build/zephyr/epic/modules/ec/driver/temp_sensor/thermistor.c.obj
[buccaneer:rw] [84/526] Building C object zephyr/CMakeFiles/zephyr.dir/soc/nuvoton/npcx/common/power.c.obj
[epic:ro] [100/405] Building C object CMakeFiles/app.dir/mnt/host/source/src/platform/ec/build/zephyr/epic/modules/ec/common/throttle_ap.c.obj
[quenbi:rw] [63/342] Building C object CMakeFiles/app.dir/mnt/host/source/src/platform/ec/build/zephyr/quenbi/modules/ec/common/sha256.c.obj
[buccaneer:rw] [85/526] Building C object zephyr/CMakeFiles/zephyr.dir/soc/nuvoton/npcx/common/scfg.c.obj
[buccaneer:rw] [86/526] Building C object zephyr/CMakeFiles/zephyr.dir/soc/nuvoton/npcx/common/npcxn/registers.c.obj
[epic:ro] [101/405] Building C object CMakeFiles/app.dir/mnt/host/source/src/platform/ec/build/zephyr/epic/modules/ec/common/usb_charger.c.obj
[epic:ro] [102/405] Building C object CMakeFiles/app.dir/mnt/host/source/src/platform/ec/build/zephyr/epic/modules/ec/common/timer.c.obj
[quenbi:rw] [64/342] Building C object CMakeFiles/app.dir/mnt/host/source/src/platform/ec/build/zephyr/quenbi/modules/ec/common/shared_mem.c.obj
[quenbi:ro] [60/342] Building C object CMakeFiles/app.dir/mnt/host/source/src/platform/ec/build/zephyr/quenbi/modules/ec/power/qcom_exp.c.obj
[quenbi:ro] [61/342] Building C object CMakeFiles/app.dir/mnt/host/source/src/platform/ec/build/zephyr/quenbi/modules/ec/power/host_sleep.c.obj
[epic:ro] [103/405] Building C object CMakeFiles/app.dir/mnt/host/source/src/platform/ec/build/zephyr/epic/modules/ec/common/usb_port_power_smart.c.obj
[buccaneer:rw] [87/526] Building C object zephyr/CMakeFiles/zephyr.dir/soc/nuvoton/npcx/npcx9/soc.c.obj
[quenbi:rw] [65/342] Building C object CMakeFiles/app.dir/mnt/host/source/src/platform/ec/build/zephyr/quenbi/modules/ec/common/spi_flash_reg.c.obj
[epic:ro] [104/405] Building C object CMakeFiles/app.dir/mnt/host/source/src/platform/ec/build/zephyr/epic/modules/ec/common/typec_control.c.obj
[quenbi:rw] [66/342] Building C object CMakeFiles/app.dir/mnt/host/source/src/platform/ec/build/zephyr/quenbi/modules/ec/common/switch.c.obj
[buccaneer:rw] [88/526] Building C object zephyr/CMakeFiles/zephyr.dir/subsys/logging/log_core.c.obj
[buccaneer:rw] [89/526] Building C object zephyr/CMakeFiles/zephyr.dir/subsys/logging/log_mgmt.c.obj
[quenbi:rw] [67/342] Building C object CMakeFiles/app.dir/mnt/host/source/src/platform/ec/build/zephyr/quenbi/modules/ec/common/thermal.c.obj
[epic:ro] [105/405] Building C object CMakeFiles/app.dir/mnt/host/source/src/platform/ec/build/zephyr/epic/modules/ec/common/usb_common.c.obj
[epic:ro] [106/405] Building C object CMakeFiles/app.dir/mnt/host/source/src/platform/ec/build/zephyr/epic/modules/ec/common/usb_pd_pdo.c.obj
[buccaneer:rw] [90/526] Building C object zephyr/CMakeFiles/zephyr.dir/subsys/logging/log_cache.c.obj
[epic:ro] [107/405] Building C object CMakeFiles/app.dir/mnt/host/source/src/platform/ec/build/zephyr/epic/modules/ec/common/usbc/usbc_task.c.obj
[quenbi:rw] [68/342] Building C object CMakeFiles/app.dir/mnt/host/source/src/platform/ec/build/zephyr/quenbi/modules/ec/common/temp_sensor.c.obj
[quenbi:ro] [62/342] Building C object CMakeFiles/app.dir/mnt/host/source/src/platform/ec/build/zephyr/quenbi/modules/ec/common/sha256.c.obj
[quenbi:ro] [63/342] Building C object CMakeFiles/app.dir/mnt/host/source/src/platform/ec/build/zephyr/quenbi/modules/ec/common/panic_output.c.obj
[epic:ro] [108/405] Building C object CMakeFiles/app.dir/mnt/host/source/src/platform/ec/build/zephyr/epic/modules/ec/common/usbc/usb_pd_timer.c.obj
[epic:ro] [109/405] Building C object CMakeFiles/app.dir/mnt/host/source/src/platform/ec/build/zephyr/epic/modules/ec/common/usbc/usb_sm.c.obj
[quenbi:rw] [69/342] Building C object CMakeFiles/app.dir/mnt/host/source/src/platform/ec/build/zephyr/quenbi/modules/ec/common/timer.c.obj
[buccaneer:rw] [91/526] Building C object zephyr/CMakeFiles/zephyr.dir/subsys/logging/log_msg.c.obj
[quenbi:rw] [70/342] Building C object CMakeFiles/app.dir/mnt/host/source/src/platform/ec/build/zephyr/quenbi/modules/ec/driver/temp_sensor/thermistor.c.obj
[buccaneer:rw] [92/526] Building C object zephyr/CMakeFiles/zephyr.dir/subsys/logging/log_output.c.obj
[buccaneer:rw] [93/526] Building C object zephyr/CMakeFiles/zephyr.dir/subsys/logging/log_output_custom.c.obj
[quenbi:rw] [71/342] Building C object CMakeFiles/app.dir/mnt/host/source/src/platform/ec/build/zephyr/quenbi/modules/ec/common/chargen.c.obj
[epic:ro] [110/405] Building C object CMakeFiles/app.dir/mnt/host/source/src/platform/ec/build/zephyr/epic/modules/ec/common/usbc_utils.c.obj
[epic:ro] [111/405] Building C object CMakeFiles/app.dir/mnt/host/source/src/platform/ec/build/zephyr/epic/modules/ec/common/usb_pd_flags.c.obj
[epic:ro] [112/405] Building C object CMakeFiles/app.dir/mnt/host/source/src/platform/ec/build/zephyr/epic/modules/ec/common/usbc_intr_task.c.obj
[/mnt/host/source/src/platform/ec/build/zephyr/pujjo-lcov]   /mnt/host/source/src/platform/ec/build/zephyr/pujjo/build-ro/zephyr/CMakeFiles/zephyr.dir/soc/nuvoton/npcx/common/npcxn/registers.c.gcno:no functions found
[/mnt/host/source/src/platform/ec/build/zephyr/pujjo-lcov] stderr:
[quenbi:ro] [64/342] Building C object CMakeFiles/app.dir/mnt/host/source/src/platform/ec/build/zephyr/quenbi/modules/ec/common/shared_mem.c.obj
[quenbi:rw] [72/342] Building C object CMakeFiles/app.dir/mnt/host/source/src/platform/ec/build/zephyr/quenbi/modules/ec/common/vboot_hash.c.obj
[buccaneer:rw] [94/526] Building C object zephyr/CMakeFiles/zephyr.dir/subsys/pm/state.c.obj
[buccaneer:rw] [95/526] Building C object zephyr/CMakeFiles/zephyr.dir/subsys/pm/pm.c.obj
[quenbi:ro] [65/342] Building C object CMakeFiles/app.dir/mnt/host/source/src/platform/ec/build/zephyr/quenbi/modules/ec/common/switch.c.obj
[epic:ro] [113/405] Building C object CMakeFiles/app.dir/mnt/host/source/src/platform/ec/build/zephyr/epic/modules/ec/common/chargen.c.obj
[epic:ro] [114/405] Building C object CMakeFiles/app.dir/mnt/host/source/src/platform/ec/build/zephyr/epic/modules/ec/common/usbc/usb_pd_console.c.obj
[buccaneer:rw] [96/526] Building C object zephyr/CMakeFiles/zephyr.dir/subsys/mem_mgmt/mem_attr.c.obj
[quenbi:rw] [73/342] Building C object CMakeFiles/app.dir/mnt/host/source/src/platform/ec/build/zephyr/quenbi/modules/ec/common/rtc.c.obj
[quenbi:rw] [74/342] Building C object CMakeFiles/app.dir/mnt/host/source/src/platform/ec/build/zephyr/quenbi/modules/ec/common/vstore.c.obj
[quenbi:rw] [75/342] Building C object CMakeFiles/app.dir/mnt/host/source/src/platform/ec/build/zephyr/quenbi/modules/ec/common/vboot/efs2.c.obj
[epic:ro] [115/405] Building C object CMakeFiles/app.dir/mnt/host/source/src/platform/ec/build/zephyr/epic/modules/ec/driver/usb_mux/virtual.c.obj
[epic:ro] [116/405] Building C object CMakeFiles/app.dir/mnt/host/source/src/platform/ec/build/zephyr/epic/modules/ec/driver/usb_mux/usb_mux.c.obj
[quenbi:ro] [66/342] Building C object CMakeFiles/app.dir/mnt/host/source/src/platform/ec/build/zephyr/quenbi/modules/ec/common/spi_flash_reg.c.obj
[epic:ro] [117/405] Building C object CMakeFiles/app.dir/mnt/host/source/src/platform/ec/build/zephyr/epic/modules/ec/driver/retimer/anx7483.c.obj
[buccaneer:rw] [97/526] Building C object zephyr/CMakeFiles/zephyr.dir/subsys/pm/policy/policy_events.c.obj
[buccaneer:rw] [98/526] Building C object zephyr/CMakeFiles/zephyr.dir/subsys/pm/policy/policy_latency.c.obj
[quenbi:rw] [76/342] Building C object CMakeFiles/app.dir/mnt/host/source/src/platform/ec/build/zephyr/quenbi/modules/ec/common/math_util.c.obj
[buccaneer:rw] [99/526] Building C object zephyr/CMakeFiles/zephyr.dir/subsys/pm/policy/policy_state_lock.c.obj
[/mnt/host/source/src/platform/ec/build/zephyr/brox-lcov]   /mnt/host/source/src/platform/ec/build/zephyr/brox/build-ro/zephyr/drivers/sensor/CMakeFiles/drivers__sensor.dir/mnt/host/source/src/third_party/zephyr/main/misc/empty_file.c.gcno:no functions found
[/mnt/host/source/src/platform/ec/build/zephyr/brox-lcov] stderr:
[quenbi:rw] [77/342] Building C object CMakeFiles/app.dir/quenbi/src/fan.c.obj
[quenbi:ro] [67/342] Building C object CMakeFiles/app.dir/mnt/host/source/src/platform/ec/build/zephyr/quenbi/modules/ec/common/thermal.c.obj
[quenbi:rw] [78/342] Building C object CMakeFiles/app.dir/quenbi/src/chipset.c.obj
[epic:ro] [118/405] Building C object CMakeFiles/app.dir/mnt/host/source/src/platform/ec/build/zephyr/epic/modules/ec/common/usbc/usb_prl_sm.c.obj
[quenbi:rw] [79/342] Building C object CMakeFiles/app.dir/src/battery.c.obj
[epic:ro] [119/405] Building C object CMakeFiles/app.dir/mnt/host/source/src/platform/ec/build/zephyr/epic/modules/ec/common/usbc/usb_tc_drp_acc_trysrc_sm.c.obj
[/mnt/host/source/src/platform/ec/build/zephyr/brox-lcov]   /mnt/host/source/src/platform/ec/build/zephyr/brox/build-rw/modules/ec/zephyr/CMakeFiles/ec_shim.dir/shim/src/thermal.c.gcno:no functions found
[/mnt/host/source/src/platform/ec/build/zephyr/brox-lcov] stderr:
[quenbi:ro] [68/342] Building C object CMakeFiles/app.dir/mnt/host/source/src/platform/ec/build/zephyr/quenbi/modules/ec/common/temp_sensor.c.obj
[buccaneer:rw] [100/526] Building C object zephyr/CMakeFiles/zephyr.dir/subsys/pm/device.c.obj
[buccaneer:rw] [101/526] Building C object zephyr/CMakeFiles/zephyr.dir/subsys/pm/device_runtime.c.obj
[epic:ro] [120/405] Building C object CMakeFiles/app.dir/mnt/host/source/src/platform/ec/build/zephyr/epic/modules/ec/common/usbc/usbc_pd_policy.c.obj
[epic:ro] [121/405] Building C object CMakeFiles/app.dir/mnt/host/source/src/platform/ec/build/zephyr/epic/modules/ec/common/usbc/usb_pd_dpm.c.obj
[buccaneer:rw] [102/526] Building C object zephyr/CMakeFiles/zephyr.dir/subsys/testsuite/coverage/coverage.c.obj
[quenbi:rw] [80/342] Building C object CMakeFiles/app.dir/src/switchcap.c.obj
[/mnt/host/source/src/platform/ec/build/zephyr/brox-lcov]   /mnt/host/source/src/platform/ec/build/zephyr/brox/build-rw/modules/ec/zephyr/CMakeFiles/ec_shim.dir/shim/src/battery.c.gcno:no functions found
[/mnt/host/source/src/platform/ec/build/zephyr/brox-lcov] stderr:
[quenbi:ro] [69/342] Building C object CMakeFiles/app.dir/mnt/host/source/src/platform/ec/build/zephyr/quenbi/modules/ec/driver/temp_sensor/thermistor.c.obj
[quenbi:rw] [81/342] Building C object CMakeFiles/app.dir/src/chipset.c.obj
[quenbi:rw] [82/342] Building C object zephyr/CMakeFiles/zephyr.dir/lib/libc/validate_libc.c.obj
[epic:ro] [122/405] Building C object CMakeFiles/app.dir/mnt/host/source/src/platform/ec/build/zephyr/epic/modules/ec/common/usbc/usb_pe_drp_sm.c.obj
[quenbi:rw] [83/342] Building C object CMakeFiles/app.dir/src/adsp_i2c_mode.c.obj
[buccaneer:rw] [103/526] Building C object zephyr/CMakeFiles/zephyr.dir/subsys/tracing/tracing_none.c.obj
[quenbi:rw] [84/342] Linking C static library app/libapp.a
[buccaneer:rw] [104/526] Building C object zephyr/CMakeFiles/zephyr.dir/subsys/shell/modules/kernel_service/kernel_shell.c.obj
[epic:ro] [123/405] Building C object CMakeFiles/app.dir/mnt/host/source/src/platform/ec/build/zephyr/epic/modules/ec/common/usbc/dp_alt_mode.c.obj
[epic:ro] [124/405] Building C object CMakeFiles/app.dir/mnt/host/source/src/platform/ec/build/zephyr/epic/modules/ec/common/usb_pd_console_cmd.c.obj
[quenbi:ro] [70/342] Building C object CMakeFiles/app.dir/mnt/host/source/src/platform/ec/build/zephyr/quenbi/modules/ec/common/timer.c.obj
[buccaneer:rw] [105/526] Building C object zephyr/CMakeFiles/zephyr.dir/subsys/shell/modules/kernel_service/cycles.c.obj
[quenbi:rw] [85/342] Building C object zephyr/CMakeFiles/zephyr.dir/lib/heap/heap.c.obj
[epic:ro] [125/405] Building C object CMakeFiles/app.dir/mnt/host/source/src/platform/ec/build/zephyr/epic/modules/ec/common/usbc/usb_pd_host.c.obj
[epic:ro] [126/405] Building C object CMakeFiles/app.dir/mnt/host/source/src/platform/ec/build/zephyr/epic/modules/ec/common/usb_pd_host_cmd.c.obj
[/mnt/host/source/src/platform/ec/build/zephyr/brox-lcov]   /mnt/host/source/src/platform/ec/build/zephyr/brox/build-rw/modules/ec/zephyr/CMakeFiles/ec_shim.dir/shim/src/charger.c.gcno:no functions found
[/mnt/host/source/src/platform/ec/build/zephyr/brox-lcov] stderr:
[quenbi:rw] [86/342] Building C object zephyr/CMakeFiles/zephyr.dir/lib/os/clock.c.obj
[quenbi:ro] [71/342] Building C object CMakeFiles/app.dir/mnt/host/source/src/platform/ec/build/zephyr/quenbi/modules/ec/common/chargen.c.obj
[quenbi:rw] [87/342] Building C object zephyr/CMakeFiles/zephyr.dir/lib/os/cbprintf_packaged.c.obj
[buccaneer:rw] [106/526] Building C object zephyr/CMakeFiles/zephyr.dir/subsys/shell/modules/kernel_service/sleep.c.obj
[quenbi:rw] [88/342] Building C object zephyr/CMakeFiles/zephyr.dir/lib/os/printk.c.obj
[buccaneer:rw] [107/526] Building C object zephyr/CMakeFiles/zephyr.dir/subsys/shell/modules/kernel_service/uptime.c.obj
[epic:ro] [127/405] Building C object CMakeFiles/app.dir/mnt/host/source/src/platform/ec/build/zephyr/epic/modules/ec/common/usbc/svdm_rsp_dfp_only.c.obj
[quenbi:rw] [89/342] Building C object zephyr/CMakeFiles/zephyr.dir/lib/os/sem.c.obj
[epic:ro] [128/405] Building C object CMakeFiles/app.dir/mnt/host/source/src/platform/ec/build/zephyr/epic/modules/ec/zephyr/shim/src/tcpc.c.obj
[buccaneer:rw] [108/526] Building C object zephyr/CMakeFiles/zephyr.dir/subsys/shell/modules/kernel_service/version.c.obj
[epic:ro] [129/405] Building C object CMakeFiles/app.dir/mnt/host/source/src/platform/ec/build/zephyr/epic/modules/ec/common/usb_pd_host_cmd_common.c.obj
[quenbi:ro] [72/342] Building C object CMakeFiles/app.dir/mnt/host/source/src/platform/ec/build/zephyr/quenbi/modules/ec/common/vboot_hash.c.obj
[quenbi:rw] [90/342] Building C object zephyr/CMakeFiles/zephyr.dir/lib/os/cbprintf_nano.c.obj
[epic:ro] [130/405] Building C object CMakeFiles/app.dir/mnt/host/source/src/platform/ec/build/zephyr/epic/modules/ec/common/usbc_ocp.c.obj
[quenbi:rw] [91/342] Building C object zephyr/CMakeFiles/zephyr.dir/lib/os/thread_entry.c.obj
[epic:ro] [131/405] Building C object CMakeFiles/app.dir/mnt/host/source/src/platform/ec/build/zephyr/epic/modules/ec/common/usb_pd_discovery.c.obj
[quenbi:rw] [92/342] Building C object zephyr/CMakeFiles/zephyr.dir/lib/os/cbprintf.c.obj
[buccaneer:rw] [109/526] Building C object zephyr/CMakeFiles/zephyr.dir/subsys/shell/backends/shell_uart.c.obj
[quenbi:rw] [93/342] Building C object zephyr/CMakeFiles/zephyr.dir/lib/utils/dec.c.obj
[quenbi:rw] [94/342] Building C object zephyr/CMakeFiles/zephyr.dir/lib/utils/hex.c.obj
[quenbi:rw] [95/342] Building C object zephyr/CMakeFiles/zephyr.dir/lib/os/assert.c.obj
[quenbi:ro] [73/342] Building C object CMakeFiles/app.dir/mnt/host/source/src/platform/ec/build/zephyr/quenbi/modules/ec/common/vboot/efs2.c.obj
[buccaneer:rw] [110/526] Building C object zephyr/CMakeFiles/zephyr.dir/subsys/shell/shell_fprintf.c.obj
[buccaneer:rw] [111/526] Building C object zephyr/CMakeFiles/zephyr.dir/subsys/shell/shell.c.obj
[epic:ro] [132/405] Building C object CMakeFiles/app.dir/mnt/host/source/src/platform/ec/build/zephyr/epic/modules/ec/common/usb_pd_dual_role.c.obj
[quenbi:rw] [96/342] Building C object zephyr/CMakeFiles/zephyr.dir/lib/utils/bitmask.c.obj
[quenbi:rw] [97/342] Building C object zephyr/CMakeFiles/zephyr.dir/lib/utils/timeutil.c.obj
[epic:ro] [133/405] Building C object CMakeFiles/app.dir/mnt/host/source/src/platform/ec/build/zephyr/epic/modules/ec/driver/tcpm/raa489000.c.obj
[quenbi:ro] [74/342] Building C object CMakeFiles/app.dir/mnt/host/source/src/platform/ec/build/zephyr/quenbi/modules/ec/common/vstore.c.obj
[quenbi:rw] [98/342] Building C object zephyr/CMakeFiles/zephyr.dir/lib/utils/rb.c.obj
[epic:ro] [134/405] Building C object CMakeFiles/app.dir/mnt/host/source/src/platform/ec/build/zephyr/epic/modules/ec/driver/tcpm/tcpci.c.obj
[epic:ro] [135/405] Building C object CMakeFiles/app.dir/mnt/host/source/src/platform/ec/build/zephyr/epic/modules/ec/common/vboot_hash.c.obj
[epic:ro] [136/405] Building C object CMakeFiles/app.dir/mnt/host/source/src/platform/ec/build/zephyr/epic/modules/ec/common/button.c.obj
[quenbi:rw] [99/342] Building C object zephyr/CMakeFiles/zephyr.dir/lib/utils/bitarray.c.obj
[buccaneer:rw] [112/526] Building C object zephyr/CMakeFiles/zephyr.dir/subsys/shell/shell_utils.c.obj
[quenbi:ro] [75/342] Building C object CMakeFiles/app.dir/mnt/host/source/src/platform/ec/build/zephyr/quenbi/modules/ec/common/rtc.c.obj
[quenbi:rw] [100/342] Building C object zephyr/CMakeFiles/zephyr.dir/lib/utils/last_section_id.c.obj
[/mnt/host/source/src/platform/ec/build/zephyr/brox-lcov]   /mnt/host/source/src/platform/ec/build/zephyr/brox/build-rw/modules/ec/zephyr/CMakeFiles/ec_shim.dir/shim/src/usba.c.gcno:no functions found
[/mnt/host/source/src/platform/ec/build/zephyr/brox-lcov] stderr:
[quenbi:rw] [101/342] Building C object zephyr/CMakeFiles/zephyr.dir/lib/utils/ring_buffer.c.obj
[quenbi:rw] [102/342] Building C object zephyr/CMakeFiles/zephyr.dir/lib/utils/getopt/getopt.c.obj
[buccaneer:rw] [113/526] Building C object zephyr/CMakeFiles/zephyr.dir/subsys/shell/shell_log_backend.c.obj
[quenbi:rw] [103/342] Building C object zephyr/CMakeFiles/zephyr.dir/lib/utils/getopt/getopt_common.c.obj
[buccaneer:rw] [114/526] Building C object zephyr/CMakeFiles/zephyr.dir/subsys/shell/shell_ops.c.obj
[epic:ro] [137/405] Building C object CMakeFiles/app.dir/mnt/host/source/src/platform/ec/build/zephyr/epic/modules/ec/common/vboot/efs2.c.obj
[quenbi:rw] [104/342] Building C object zephyr/CMakeFiles/zephyr.dir/misc/generated/configs.c.obj
[epic:ro] [138/405] Building C object CMakeFiles/app.dir/mnt/host/source/src/platform/ec/build/zephyr/epic/modules/ec/common/vstore.c.obj
[quenbi:ro] [76/342] Building C object CMakeFiles/app.dir/mnt/host/source/src/platform/ec/build/zephyr/quenbi/modules/ec/common/math_util.c.obj
[epic:ro] [139/405] Building C object CMakeFiles/app.dir/mnt/host/source/src/platform/ec/build/zephyr/epic/modules/ec/common/math_util.c.obj
[epic:ro] [140/405] Building C object CMakeFiles/app.dir/src/board_power.c.obj
[epic:ro] [141/405] Building C object CMakeFiles/app.dir/src/common.c.obj
[quenbi:ro] [77/342] Building C object CMakeFiles/app.dir/quenbi/src/chipset.c.obj
[quenbi:rw] [105/342] Building C object zephyr/CMakeFiles/zephyr.dir/soc/nuvoton/npcx/common/npcxn/registers.c.obj
[buccaneer:rw] [115/526] Building C object zephyr/CMakeFiles/zephyr.dir/subsys/shell/shell_help.c.obj
[quenbi:rw] [106/342] Building C object zephyr/CMakeFiles/zephyr.dir/soc/nuvoton/npcx/common/power.c.obj
[quenbi:rw] [107/342] Building C object zephyr/CMakeFiles/zephyr.dir/soc/nuvoton/npcx/common/scfg.c.obj
[buccaneer:rw] [116/526] Building C object zephyr/CMakeFiles/zephyr.dir/drivers/flash/flash_util.c.obj
[buccaneer:rw] [117/526] Building C object zephyr/CMakeFiles/zephyr.dir/subsys/shell/shell_history.c.obj
[quenbi:rw] [108/342] Building C object zephyr/CMakeFiles/zephyr.dir/soc/nuvoton/npcx/npcx9/soc.c.obj
[epic:ro] [142/405] Building C object CMakeFiles/app.dir/epic/src/hdmi.c.obj
[quenbi:ro] [78/342] Building C object CMakeFiles/app.dir/quenbi/src/fan.c.obj
[/mnt/host/source/src/platform/ec/build/zephyr/pujjo-lcov]   /mnt/host/source/src/platform/ec/build/zephyr/pujjo/build-ro/zephyr/drivers/sensor/CMakeFiles/drivers__sensor.dir/mnt/host/source/src/third_party/zephyr/main/misc/empty_file.c.gcno:no functions found
[/mnt/host/source/src/platform/ec/build/zephyr/pujjo-lcov] stderr:
[epic:ro] [143/405] Building C object CMakeFiles/app.dir/epic/src/usb_mux_config.c.obj
[quenbi:rw] [109/342] Building C object zephyr/CMakeFiles/zephyr.dir/subsys/pm/state.c.obj
[buccaneer:rw] [118/526] Building C object zephyr/arch/common/CMakeFiles/arch__common.dir/init.c.obj
[buccaneer:rw] [119/526] Building C object zephyr/arch/common/CMakeFiles/arch__common.dir/sw_isr_common.c.obj
[epic:ro] [144/405] Building C object CMakeFiles/app.dir/epic/src/form_factor.c.obj
[quenbi:rw] [110/342] Building C object zephyr/CMakeFiles/zephyr.dir/subsys/logging/log_minimal.c.obj
[epic:ro] [145/405] Building C object CMakeFiles/app.dir/epic/src/thermal.c.obj
[quenbi:rw] [111/342] Building C object zephyr/CMakeFiles/zephyr.dir/subsys/mem_mgmt/mem_attr.c.obj
[quenbi:rw] [112/342] Building C object zephyr/CMakeFiles/zephyr.dir/subsys/pm/pm.c.obj
[/mnt/host/source/src/platform/ec/build/zephyr/pujjo-lcov]   /mnt/host/source/src/platform/ec/build/zephyr/pujjo/build-rw/modules/ec/zephyr/CMakeFiles/ec_shim.dir/shim/src/thermal.c.gcno:no functions found
[/mnt/host/source/src/platform/ec/build/zephyr/pujjo-lcov] stderr:
[epic:ro] [146/405] Building C object CMakeFiles/app.dir/epic/src/sub_board.c.obj
[quenbi:ro] [79/342] Building C object CMakeFiles/app.dir/src/battery.c.obj
[buccaneer:rw] [120/526] Building C object zephyr/arch/common/CMakeFiles/arch__common.dir/xip.c.obj
[buccaneer:rw] [121/526] Building C object zephyr/arch/common/CMakeFiles/isr_tables.dir/isr_tables.c.obj
[epic:ro] [147/405] Building C object CMakeFiles/app.dir/epic/src/usbc.c.obj
[quenbi:rw] [113/342] Building C object zephyr/CMakeFiles/zephyr.dir/subsys/pm/policy/policy_events.c.obj
[buccaneer:rw] [122/526] Linking C static library zephyr/arch/common/libisr_tables.a
[/mnt/host/source/src/platform/ec/build/zephyr/pujjo-lcov]   /mnt/host/source/src/platform/ec/build/zephyr/pujjo/build-rw/modules/ec/zephyr/CMakeFiles/ec_shim.dir/shim/src/battery.c.gcno:no functions found
[/mnt/host/source/src/platform/ec/build/zephyr/pujjo-lcov] stderr:
[quenbi:ro] [80/342] Building C object CMakeFiles/app.dir/src/switchcap.c.obj
[buccaneer:rw] [123/526] Linking C static library zephyr/arch/common/libarch__common.a
[epic:ro] [148/405] Building C object CMakeFiles/app.dir/epic/src/charger.c.obj
[epic:ro] [149/405] Building C object zephyr/CMakeFiles/zephyr.dir/lib/libc/validate_libc.c.obj
[buccaneer:rw] [124/526] Building C object zephyr/arch/arch/arm/core/CMakeFiles/arch__arm__core.dir/fatal.c.obj
[/mnt/host/source/src/platform/ec/build/zephyr/pujjo-lcov]   /mnt/host/source/src/platform/ec/build/zephyr/pujjo/build-rw/modules/ec/zephyr/CMakeFiles/ec_shim.dir/shim/src/charger.c.gcno:no functions found
[/mnt/host/source/src/platform/ec/build/zephyr/pujjo-lcov] stderr:
[quenbi:rw] [114/342] Building C object zephyr/CMakeFiles/zephyr.dir/subsys/pm/policy/policy_latency.c.obj
[quenbi:rw] [115/342] Building C object zephyr/CMakeFiles/zephyr.dir/subsys/pm/device.c.obj
[quenbi:rw] [116/342] Building C object zephyr/CMakeFiles/zephyr.dir/subsys/pm/policy/policy_state_lock.c.obj
[buccaneer:rw] [125/526] Building C object zephyr/arch/arch/arm/core/CMakeFiles/arch__arm__core.dir/__aeabi_atexit.c.obj
[buccaneer:rw] [126/526] Building C object zephyr/arch/arch/arm/core/CMakeFiles/arch__arm__core.dir/nmi.c.obj
[epic:ro] [150/405] Building C object CMakeFiles/app.dir/epic/src/fan.c.obj
[epic:ro] [151/405] Building C object zephyr/CMakeFiles/zephyr.dir/lib/heap/heap.c.obj
[quenbi:ro] [81/342] Building C object CMakeFiles/app.dir/src/chipset.c.obj
[buccaneer:rw] [127/526] Building ASM object zephyr/arch/arch/arm/core/CMakeFiles/arch__arm__core.dir/nmi_on_reset.S.obj
[buccaneer:rw] [128/526] Linking C static library zephyr/arch/arch/arm/core/libarch__arm__core.a
[epic:ro] [152/405] Linking C static library app/libapp.a
[epic:ro] [153/405] Building C object zephyr/CMakeFiles/zephyr.dir/lib/os/cbprintf_packaged.c.obj
[epic:ro] [154/405] Building C object zephyr/CMakeFiles/zephyr.dir/lib/os/clock.c.obj
[quenbi:rw] [117/342] Building C object zephyr/CMakeFiles/zephyr.dir/subsys/testsuite/coverage/coverage.c.obj
[quenbi:rw] [118/342] Building C object zephyr/CMakeFiles/zephyr.dir/subsys/pm/device_runtime.c.obj
[epic:ro] [155/405] Building C object zephyr/CMakeFiles/zephyr.dir/lib/os/printk.c.obj
[/mnt/host/source/src/platform/ec/build/zephyr/pujjo-lcov]   /mnt/host/source/src/platform/ec/build/zephyr/pujjo/build-rw/modules/ec/zephyr/CMakeFiles/ec_shim.dir/shim/src/usb_muxes.c.gcno:no functions found
[/mnt/host/source/src/platform/ec/build/zephyr/pujjo-lcov] stderr:
[quenbi:ro] [82/342] Building C object CMakeFiles/app.dir/src/adsp_i2c_mode.c.obj
[quenbi:rw] [119/342] Building C object zephyr/CMakeFiles/zephyr.dir/subsys/tracing/tracing_none.c.obj
[buccaneer:rw] [129/526] Building ASM object zephyr/arch/arch/arm/core/cortex_m/CMakeFiles/arch__arm__core__cortex_m.dir/fault_s.S.obj
[epic:ro] [156/405] Building C object zephyr/CMakeFiles/zephyr.dir/lib/os/sem.c.obj
[quenbi:rw] [120/342] Building C object zephyr/CMakeFiles/zephyr.dir/subsys/shell/modules/kernel_service/kernel_shell.c.obj
[quenbi:ro] [83/342] Linking C static library app/libapp.a
[buccaneer:rw] [130/526] Building C object zephyr/arch/arch/arm/core/cortex_m/CMakeFiles/arch__arm__core__cortex_m.dir/exc_exit.c.obj
[quenbi:ro] [84/342] Building C object zephyr/CMakeFiles/zephyr.dir/lib/libc/validate_libc.c.obj
[buccaneer:rw] [131/526] Building C object zephyr/arch/arch/arm/core/cortex_m/CMakeFiles/arch__arm__core__cortex_m.dir/fault.c.obj
[epic:ro] [157/405] Building C object zephyr/CMakeFiles/zephyr.dir/lib/utils/dec.c.obj
[epic:ro] [158/405] Building C object zephyr/CMakeFiles/zephyr.dir/lib/os/cbprintf_nano.c.obj
[epic:ro] [159/405] Building C object zephyr/CMakeFiles/zephyr.dir/lib/os/thread_entry.c.obj
[epic:ro] [160/405] Building C object zephyr/CMakeFiles/zephyr.dir/lib/os/cbprintf.c.obj
[/mnt/host/source/src/platform/ec/build/zephyr/pujjo-lcov]   /mnt/host/source/src/platform/ec/build/zephyr/pujjo/build-rw/modules/ec/zephyr/CMakeFiles/ec_shim.dir/shim/src/usba.c.gcno:no functions found
[/mnt/host/source/src/platform/ec/build/zephyr/pujjo-lcov] stderr:
[quenbi:rw] [121/342] Building C object zephyr/CMakeFiles/zephyr.dir/subsys/shell/modules/kernel_service/cycles.c.obj
[quenbi:rw] [122/342] Building C object zephyr/CMakeFiles/zephyr.dir/subsys/shell/modules/kernel_service/sleep.c.obj
[epic:ro] [161/405] Building C object zephyr/CMakeFiles/zephyr.dir/lib/os/assert.c.obj
[epic:ro] [162/405] Building C object zephyr/CMakeFiles/zephyr.dir/lib/utils/hex.c.obj
[epic:ro] [163/405] Building C object zephyr/CMakeFiles/zephyr.dir/lib/utils/timeutil.c.obj
[quenbi:rw] [123/342] Building C object zephyr/CMakeFiles/zephyr.dir/subsys/shell/modules/kernel_service/uptime.c.obj
[buccaneer:rw] [132/526] Building C object zephyr/arch/arch/arm/core/cortex_m/CMakeFiles/arch__arm__core__cortex_m.dir/fpu.c.obj
[quenbi:ro] [85/342] Building C object zephyr/CMakeFiles/zephyr.dir/lib/heap/heap.c.obj
[quenbi:rw] [124/342] Building C object zephyr/CMakeFiles/zephyr.dir/subsys/shell/modules/kernel_service/version.c.obj
[epic:ro] [164/405] Building C object zephyr/CMakeFiles/zephyr.dir/lib/utils/bitmask.c.obj
[quenbi:ro] [86/342] Building C object zephyr/CMakeFiles/zephyr.dir/lib/os/cbprintf_packaged.c.obj
[epic:ro] [165/405] Building C object zephyr/CMakeFiles/zephyr.dir/lib/utils/rb.c.obj
[buccaneer:rw] [133/526] Building C object zephyr/arch/arch/arm/core/cortex_m/CMakeFiles/arch__arm__core__cortex_m.dir/scb.c.obj
[epic:ro] [166/405] Building C object zephyr/CMakeFiles/zephyr.dir/lib/utils/bitarray.c.obj
[/mnt/host/source/src/platform/ec/build/zephyr/pujjo-lcov]   /mnt/host/source/src/platform/ec/build/zephyr/pujjo/build-rw/modules/ec/zephyr/CMakeFiles/ec_shim.dir/shim/src/keyscan.c.gcno:no functions found
[/mnt/host/source/src/platform/ec/build/zephyr/pujjo-lcov] stderr:
[epic:ro] [167/405] Building C object zephyr/CMakeFiles/zephyr.dir/lib/utils/last_section_id.c.obj
[epic:ro] [168/405] Building C object zephyr/CMakeFiles/zephyr.dir/lib/utils/ring_buffer.c.obj
[quenbi:rw] [125/342] Building C object zephyr/CMakeFiles/zephyr.dir/subsys/shell/modules/kernel_service/thread/thread.c.obj
[buccaneer:rw] [134/526] Building ASM object zephyr/arch/arch/arm/core/cortex_m/CMakeFiles/arch__arm__core__cortex_m.dir/reset.S.obj
[epic:ro] [169/405] Building C object zephyr/CMakeFiles/zephyr.dir/misc/generated/configs.c.obj
[quenbi:rw] [126/342] Building C object zephyr/CMakeFiles/zephyr.dir/subsys/shell/modules/kernel_service/thread/list.c.obj
[epic:ro] [170/405] Building C object zephyr/CMakeFiles/zephyr.dir/lib/utils/getopt/getopt.c.obj
[epic:ro] [171/405] Building C object zephyr/CMakeFiles/zephyr.dir/lib/utils/getopt/getopt_common.c.obj
[quenbi:rw] [127/342] Building C object zephyr/CMakeFiles/zephyr.dir/subsys/shell/modules/kernel_service/thread/stacks.c.obj
[epic:ro] [172/405] Building ASM object zephyr/CMakeFiles/zephyr.dir/soc/ite/ec/common/soc_irq.S.obj
[buccaneer:rw] [135/526] Building C object zephyr/arch/arch/arm/core/cortex_m/CMakeFiles/arch__arm__core__cortex_m.dir/thread_abort.c.obj
[quenbi:rw] [128/342] Building C object zephyr/CMakeFiles/zephyr.dir/subsys/shell/modules/kernel_service/thread/suspend.c.obj
[quenbi:ro] [87/342] Building C object zephyr/CMakeFiles/zephyr.dir/lib/os/clock.c.obj
[quenbi:ro] [88/342] Building C object zephyr/CMakeFiles/zephyr.dir/lib/os/printk.c.obj
[epic:ro] [173/405] Building C object zephyr/CMakeFiles/zephyr.dir/soc/ite/ec/common/soc_common_irq.c.obj
[buccaneer:rw] [136/526] Building ASM object zephyr/arch/arch/arm/core/cortex_m/CMakeFiles/arch__arm__core__cortex_m.dir/vector_table.S.obj
[epic:ro] [174/405] Building C object zephyr/CMakeFiles/zephyr.dir/soc/ite/ec/common/power.c.obj
[quenbi:rw] [129/342] Building C object zephyr/CMakeFiles/zephyr.dir/subsys/shell/modules/kernel_service/thread/resume.c.obj
[epic:ro] [175/405] Building C object zephyr/CMakeFiles/zephyr.dir/soc/ite/ec/common/policy.c.obj
[epic:ro] [176/405] Building ASM object zephyr/CMakeFiles/zephyr.dir/soc/ite/ec/it8xxx2/vector.S.obj
[epic:ro] [177/405] Building C object zephyr/CMakeFiles/zephyr.dir/soc/ite/ec/it8xxx2/soc.c.obj
[epic:ro] [178/405] Building ASM object zephyr/CMakeFiles/zephyr.dir/soc/ite/ec/it8xxx2/__arithmetic.S.obj
[quenbi:rw] [130/342] Building C object zephyr/CMakeFiles/zephyr.dir/subsys/shell/modules/kernel_service/thread/kill.c.obj
[quenbi:ro] [89/342] Building C object zephyr/CMakeFiles/zephyr.dir/lib/os/sem.c.obj
[epic:ro] [179/405] Building C object zephyr/CMakeFiles/zephyr.dir/soc/ite/ec/it8xxx2/check_regs.c.obj
[buccaneer:rw] [137/526] Building C object zephyr/arch/arch/arm/core/cortex_m/CMakeFiles/arch__arm__core__cortex_m.dir/irq_manage.c.obj
[quenbi:ro] [90/342] Building C object zephyr/CMakeFiles/zephyr.dir/lib/os/thread_entry.c.obj
[quenbi:rw] [131/342] Building C object zephyr/CMakeFiles/zephyr.dir/subsys/shell/backends/shell_uart.c.obj
[quenbi:rw] [132/342] Building C object zephyr/CMakeFiles/zephyr.dir/subsys/shell/shell.c.obj
[buccaneer:rw] [138/526] Building ASM object zephyr/arch/arch/arm/core/cortex_m/CMakeFiles/arch__arm__core__cortex_m.dir/swap_helper.S.obj
[buccaneer:rw] [139/526] Building C object zephyr/arch/arch/arm/core/cortex_m/CMakeFiles/arch__arm__core__cortex_m.dir/prep_c.c.obj
[epic:ro] [180/405] Building C object zephyr/CMakeFiles/zephyr.dir/subsys/pm/state.c.obj
[quenbi:rw] [133/342] Building C object zephyr/CMakeFiles/zephyr.dir/subsys/shell/shell_fprintf.c.obj
[epic:ro] [181/405] Building C object zephyr/CMakeFiles/zephyr.dir/soc/ite/ec/it8xxx2/ilm.c.obj
[quenbi:ro] [91/342] Building C object zephyr/CMakeFiles/zephyr.dir/lib/os/cbprintf_nano.c.obj
[quenbi:rw] [134/342] Building C object zephyr/CMakeFiles/zephyr.dir/subsys/shell/shell_utils.c.obj
[epic:ro] [182/405] Building C object zephyr/CMakeFiles/zephyr.dir/subsys/pm/pm.c.obj
[epic:ro] [183/405] Building C object zephyr/CMakeFiles/zephyr.dir/subsys/pm/policy/policy_events.c.obj
[epic:ro] [184/405] Building C object zephyr/CMakeFiles/zephyr.dir/subsys/logging/log_minimal.c.obj
[quenbi:ro] [92/342] Building C object zephyr/CMakeFiles/zephyr.dir/lib/os/cbprintf.c.obj
[buccaneer:rw] [140/526] Building C object zephyr/arch/arch/arm/core/cortex_m/CMakeFiles/arch__arm__core__cortex_m.dir/thread.c.obj
[quenbi:rw] [135/342] Building C object zephyr/CMakeFiles/zephyr.dir/subsys/shell/shell_help.c.obj
[quenbi:rw] [136/342] Building C object zephyr/CMakeFiles/zephyr.dir/subsys/shell/shell_ops.c.obj
[buccaneer:rw] [141/526] Building C object zephyr/arch/arch/arm/core/cortex_m/CMakeFiles/arch__arm__core__cortex_m.dir/cpu_idle.c.obj
[buccaneer:rw] [142/526] Building C object zephyr/arch/arch/arm/core/cortex_m/CMakeFiles/arch__arm__core__cortex_m.dir/irq_init.c.obj
[epic:ro] [185/405] Building C object zephyr/CMakeFiles/zephyr.dir/subsys/pm/policy/policy_latency.c.obj
[quenbi:ro] [93/342] Building C object zephyr/CMakeFiles/zephyr.dir/lib/utils/dec.c.obj
[epic:ro] [186/405] Building C object zephyr/CMakeFiles/zephyr.dir/subsys/pm/policy/policy_state_lock.c.obj
[quenbi:ro] [94/342] Building C object zephyr/CMakeFiles/zephyr.dir/lib/os/assert.c.obj
[quenbi:rw] [137/342] Building C object zephyr/CMakeFiles/zephyr.dir/subsys/shell/shell_cmds.c.obj
[quenbi:ro] [95/342] Building C object zephyr/CMakeFiles/zephyr.dir/lib/utils/hex.c.obj
[epic:ro] [187/405] Building C object zephyr/CMakeFiles/zephyr.dir/subsys/pm/device_system_managed.c.obj
[epic:ro] [188/405] Building C object zephyr/CMakeFiles/zephyr.dir/subsys/testsuite/coverage/coverage.c.obj
[epic:ro] [189/405] Building C object zephyr/CMakeFiles/zephyr.dir/subsys/pm/device.c.obj
[quenbi:rw] [138/342] Building C object zephyr/arch/common/CMakeFiles/arch__common.dir/sw_isr_common.c.obj
[quenbi:rw] [139/342] Building C object zephyr/CMakeFiles/zephyr.dir/subsys/shell/shell_history.c.obj
[buccaneer:rw] [143/526] Building C object zephyr/arch/arch/arm/core/cortex_m/CMakeFiles/arch__arm__core__cortex_m.dir/isr_wrapper.c.obj
[epic:ro] [190/405] Building C object zephyr/CMakeFiles/zephyr.dir/subsys/tracing/tracing_none.c.obj
[quenbi:ro] [96/342] Building C object zephyr/CMakeFiles/zephyr.dir/lib/utils/timeutil.c.obj
[buccaneer:rw] [144/526] Building C object zephyr/arch/arch/arm/core/mpu/CMakeFiles/arch__arm__core__mpu.dir/arm_core_mpu.c.obj
[quenbi:rw] [140/342] Building C object zephyr/CMakeFiles/zephyr.dir/drivers/flash/flash_util.c.obj
[buccaneer:rw] [145/526] Building C object zephyr/arch/arch/arm/core/cortex_m/CMakeFiles/arch__arm__core__cortex_m.dir/debug.c.obj
[quenbi:rw] [141/342] Building C object zephyr/arch/common/CMakeFiles/arch__common.dir/init.c.obj
[buccaneer:rw] [146/526] Linking C static library zephyr/arch/arch/arm/core/cortex_m/libarch__arm__core__cortex_m.a
[epic:ro] [191/405] Building C object zephyr/CMakeFiles/zephyr.dir/subsys/shell/modules/kernel_service/kernel_shell.c.obj
[quenbi:rw] [142/342] Linking C static library zephyr/libzephyr.a
[quenbi:ro] [97/342] Building C object zephyr/CMakeFiles/zephyr.dir/lib/utils/rb.c.obj
[epic:ro] [192/405] Building C object zephyr/CMakeFiles/zephyr.dir/subsys/shell/modules/kernel_service/cycles.c.obj
[quenbi:rw] [143/342] Building C object zephyr/arch/common/CMakeFiles/isr_tables.dir/isr_tables.c.obj
[epic:ro] [193/405] Building C object zephyr/CMakeFiles/zephyr.dir/subsys/shell/modules/kernel_service/sleep.c.obj
[quenbi:rw] [144/342] Linking C static library zephyr/arch/common/libisr_tables.a
[epic:ro] [194/405] Building C object zephyr/CMakeFiles/zephyr.dir/subsys/shell/modules/kernel_service/uptime.c.obj
[quenbi:rw] [145/342] Building C object zephyr/arch/common/CMakeFiles/arch__common.dir/xip.c.obj
[quenbi:ro] [98/342] Building C object zephyr/CMakeFiles/zephyr.dir/lib/utils/bitmask.c.obj
[quenbi:rw] [146/342] Linking C static library zephyr/arch/common/libarch__common.a
[quenbi:rw] [147/342] Building ASM object zephyr/arch/arch/arm/core/CMakeFiles/arch__arm__core.dir/nmi_on_reset.S.obj
[epic:ro] [195/405] Building C object zephyr/CMakeFiles/zephyr.dir/subsys/shell/modules/kernel_service/version.c.obj
[/mnt/host/source/src/platform/ec/build/zephyr/pujjo-lcov]   /mnt/host/source/src/platform/ec/build/zephyr/pujjo/build-rw/modules/ec/zephyr/CMakeFiles/ec_shim.dir/shim/src/bc12.c.gcno:no functions found
[/mnt/host/source/src/platform/ec/build/zephyr/pujjo-lcov] stderr:
[buccaneer:rw] [147/526] Building C object zephyr/arch/arch/arm/core/mpu/CMakeFiles/arch__arm__core__mpu.dir/arm_mpu_regions.c.obj
[buccaneer:rw] [148/526] Building C object zephyr/arch/arch/arm/core/mpu/CMakeFiles/arch__arm__core__mpu.dir/arm_mpu.c.obj
[quenbi:ro] [99/342] Building C object zephyr/CMakeFiles/zephyr.dir/lib/utils/bitarray.c.obj
[buccaneer:rw] [149/526] Linking C static library zephyr/arch/arch/arm/core/mpu/libarch__arm__core__mpu.a
[quenbi:rw] [148/342] Building C object zephyr/arch/arch/arm/core/CMakeFiles/arch__arm__core.dir/fatal.c.obj
[epic:ro] [196/405] Building C object zephyr/CMakeFiles/zephyr.dir/subsys/shell/modules/kernel_service/thread/thread.c.obj
[quenbi:rw] [149/342] Building C object zephyr/arch/arch/arm/core/CMakeFiles/arch__arm__core.dir/nmi.c.obj
[buccaneer:rw] [150/526] Building C object zephyr/lib/libc/newlib/CMakeFiles/lib__libc__newlib.dir/libc-hooks.c.obj
[quenbi:rw] [150/342] Linking C static library zephyr/arch/arch/arm/core/libarch__arm__core.a
[buccaneer:rw] [151/526] Linking C static library zephyr/lib/libc/newlib/liblib__libc__newlib.a
[quenbi:rw] [151/342] Building ASM object zephyr/arch/arch/arm/core/cortex_m/CMakeFiles/arch__arm__core__cortex_m.dir/fault_s.S.obj
[epic:ro] [197/405] Building C object zephyr/CMakeFiles/zephyr.dir/subsys/shell/modules/kernel_service/thread/list.c.obj
[epic:ro] [198/405] Building C object zephyr/CMakeFiles/zephyr.dir/subsys/shell/modules/kernel_service/thread/stacks.c.obj
[buccaneer:rw] [152/526] Building C object zephyr/lib/posix/c_lib_ext/CMakeFiles/lib__posix__c_lib_ext.dir/fnmatch.c.obj
[epic:ro] [199/405] Building C object zephyr/CMakeFiles/zephyr.dir/subsys/shell/modules/kernel_service/thread/unwind.c.obj
[buccaneer:rw] [153/526] Building C object zephyr/lib/libc/common/CMakeFiles/lib__libc__common.dir/source/time/time.c.obj
[quenbi:ro] [100/342] Building C object zephyr/CMakeFiles/zephyr.dir/lib/utils/getopt/getopt.c.obj
[quenbi:rw] [152/342] Building C object zephyr/arch/arch/arm/core/cortex_m/CMakeFiles/arch__arm__core__cortex_m.dir/exc_exit.c.obj
[buccaneer:rw] [154/526] Building C object zephyr/lib/libc/common/CMakeFiles/lib__libc__common.dir/source/stdlib/abort.c.obj
[epic:ro] [200/405] Building C object zephyr/CMakeFiles/zephyr.dir/subsys/shell/modules/kernel_service/thread/suspend.c.obj
[quenbi:rw] [153/342] Building C object zephyr/arch/arch/arm/core/cortex_m/CMakeFiles/arch__arm__core__cortex_m.dir/fault.c.obj
[buccaneer:rw] [155/526] Linking C static library zephyr/lib/libc/common/liblib__libc__common.a
[quenbi:ro] [101/342] Building C object zephyr/CMakeFiles/zephyr.dir/lib/utils/getopt/getopt_common.c.obj
[quenbi:ro] [102/342] Building C object zephyr/CMakeFiles/zephyr.dir/lib/utils/ring_buffer.c.obj
[epic:ro] [201/405] Building C object zephyr/CMakeFiles/zephyr.dir/subsys/shell/modules/kernel_service/thread/resume.c.obj
[quenbi:ro] [103/342] Building C object zephyr/CMakeFiles/zephyr.dir/lib/utils/last_section_id.c.obj
[quenbi:rw] [154/342] Building C object zephyr/arch/arch/arm/core/cortex_m/CMakeFiles/arch__arm__core__cortex_m.dir/fpu.c.obj
[epic:ro] [202/405] Building C object zephyr/CMakeFiles/zephyr.dir/subsys/shell/modules/kernel_service/thread/kill.c.obj
[quenbi:ro] [104/342] Building C object zephyr/CMakeFiles/zephyr.dir/misc/generated/configs.c.obj
[quenbi:rw] [155/342] Building ASM object zephyr/arch/arch/arm/core/cortex_m/CMakeFiles/arch__arm__core__cortex_m.dir/reset.S.obj
[buccaneer:rw] [156/526] Building C object zephyr/lib/posix/c_lib_ext/CMakeFiles/lib__posix__c_lib_ext.dir/getentropy.c.obj
[epic:ro] [203/405] Building C object zephyr/CMakeFiles/zephyr.dir/subsys/shell/modules/device_service.c.obj
[epic:ro] [204/405] Building C object zephyr/CMakeFiles/zephyr.dir/subsys/shell/modules/date_service.c.obj
[quenbi:rw] [156/342] Building ASM object zephyr/arch/arch/arm/core/cortex_m/CMakeFiles/arch__arm__core__cortex_m.dir/vector_table.S.obj
[buccaneer:rw] [157/526] Building C object zephyr/lib/posix/c_lib_ext/CMakeFiles/lib__posix__c_lib_ext.dir/getopt_shim.c.obj
[buccaneer:rw] [158/526] Linking C static library zephyr/lib/posix/c_lib_ext/liblib__posix__c_lib_ext.a
[quenbi:rw] [157/342] Building C object zephyr/arch/arch/arm/core/cortex_m/CMakeFiles/arch__arm__core__cortex_m.dir/scb.c.obj
[quenbi:rw] [158/342] Building C object zephyr/arch/arch/arm/core/cortex_m/CMakeFiles/arch__arm__core__cortex_m.dir/thread_abort.c.obj
[buccaneer:rw] [159/526] Building C object zephyr/lib/posix/options/CMakeFiles/lib__posix__options.dir/clock.c.obj
[epic:ro] [205/405] Building C object zephyr/CMakeFiles/zephyr.dir/subsys/shell/modules/devmem_service.c.obj
[quenbi:ro] [105/342] Building C object zephyr/CMakeFiles/zephyr.dir/soc/nuvoton/npcx/common/power.c.obj
[epic:ro] [206/405] Building C object zephyr/CMakeFiles/zephyr.dir/subsys/shell/backends/shell_uart.c.obj
[buccaneer:rw] [160/526] Building C object zephyr/lib/posix/options/CMakeFiles/lib__posix__options.dir/timespec_to_timeout.c.obj
[quenbi:rw] [159/342] Building ASM object zephyr/arch/arch/arm/core/cortex_m/CMakeFiles/arch__arm__core__cortex_m.dir/swap_helper.S.obj
[quenbi:ro] [106/342] Building C object zephyr/CMakeFiles/zephyr.dir/soc/nuvoton/npcx/common/scfg.c.obj
[epic:ro] [207/405] Building C object zephyr/CMakeFiles/zephyr.dir/subsys/shell/shell_fprintf.c.obj
[epic:ro] [208/405] Building C object zephyr/CMakeFiles/zephyr.dir/subsys/shell/shell.c.obj
[buccaneer:rw] [161/526] Building C object zephyr/lib/posix/options/CMakeFiles/lib__posix__options.dir/timer.c.obj
[epic:ro] [209/405] Building C object zephyr/CMakeFiles/zephyr.dir/subsys/shell/shell_utils.c.obj
[quenbi:rw] [160/342] Building C object zephyr/arch/arch/arm/core/cortex_m/CMakeFiles/arch__arm__core__cortex_m.dir/thread.c.obj
[quenbi:rw] [161/342] Building C object zephyr/arch/arch/arm/core/cortex_m/CMakeFiles/arch__arm__core__cortex_m.dir/irq_manage.c.obj
[quenbi:rw] [162/342] Building C object zephyr/arch/arch/arm/core/cortex_m/CMakeFiles/arch__arm__core__cortex_m.dir/prep_c.c.obj
[buccaneer:rw] [162/526] Building C object zephyr/lib/posix/options/CMakeFiles/lib__posix__options.dir/rwlock.c.obj
[epic:ro] [210/405] Building C object zephyr/CMakeFiles/zephyr.dir/subsys/shell/shell_ops.c.obj
[epic:ro] [211/405] Building C object zephyr/CMakeFiles/zephyr.dir/subsys/shell/shell_help.c.obj
[quenbi:ro] [107/342] Building C object zephyr/CMakeFiles/zephyr.dir/soc/nuvoton/npcx/common/npcxn/registers.c.obj
[quenbi:rw] [163/342] Building C object zephyr/arch/arch/arm/core/cortex_m/CMakeFiles/arch__arm__core__cortex_m.dir/cpu_idle.c.obj
[epic:ro] [212/405] Building C object zephyr/CMakeFiles/zephyr.dir/subsys/shell/shell_history.c.obj
[quenbi:ro] [108/342] Building C object zephyr/CMakeFiles/zephyr.dir/soc/nuvoton/npcx/npcx9/soc.c.obj
[buccaneer:rw] [163/526] Building C object zephyr/lib/posix/options/CMakeFiles/lib__posix__options.dir/cond.c.obj
[epic:ro] [213/405] Building C object zephyr/CMakeFiles/zephyr.dir/subsys/shell/shell_cmds.c.obj
[quenbi:rw] [164/342] Building C object zephyr/arch/arch/arm/core/cortex_m/CMakeFiles/arch__arm__core__cortex_m.dir/irq_init.c.obj
[buccaneer:rw] [164/526] Building C object zephyr/lib/posix/options/CMakeFiles/lib__posix__options.dir/grp.c.obj
[epic:ro] [214/405] Building C object zephyr/CMakeFiles/zephyr.dir/subsys/shell/shell_wildcard.c.obj
[quenbi:rw] [165/342] Building C object zephyr/arch/arch/arm/core/cortex_m/CMakeFiles/arch__arm__core__cortex_m.dir/isr_wrapper.c.obj
[quenbi:rw] [166/342] Linking C static library zephyr/arch/arch/arm/core/cortex_m/libarch__arm__core__cortex_m.a
[quenbi:rw] [167/342] Building C object zephyr/arch/arch/arm/core/mpu/CMakeFiles/arch__arm__core__mpu.dir/arm_core_mpu.c.obj
[quenbi:rw] [168/342] Generating ../../../include/generated/libc/minimal/strerror_table.h
[epic:ro] [215/405] Building C object zephyr/arch/common/CMakeFiles/arch__common.dir/sw_isr_common.c.obj
[quenbi:rw] [169/342] Building C object zephyr/lib/libc/minimal/CMakeFiles/lib__libc__minimal.dir/source/stdlib/atoi.c.obj
[buccaneer:rw] [165/526] Building C object zephyr/lib/posix/options/CMakeFiles/lib__posix__options.dir/key.c.obj
[quenbi:ro] [109/342] Building C object zephyr/CMakeFiles/zephyr.dir/subsys/logging/log_minimal.c.obj
[epic:ro] [216/405] Building C object zephyr/arch/common/CMakeFiles/arch__common.dir/dynamic_isr.c.obj
[epic:ro] [217/405] Building C object zephyr/CMakeFiles/zephyr.dir/drivers/flash/flash_util.c.obj
[epic:ro] [218/405] Building C object zephyr/arch/common/CMakeFiles/arch__common.dir/init.c.obj
[quenbi:rw] [170/342] Building C object zephyr/lib/libc/minimal/CMakeFiles/lib__libc__minimal.dir/source/stdlib/strtol.c.obj
[quenbi:rw] [171/342] Building C object zephyr/arch/arch/arm/core/mpu/CMakeFiles/arch__arm__core__mpu.dir/arm_mpu.c.obj
[epic:ro] [219/405] Linking C static library zephyr/libzephyr.a
[quenbi:rw] [172/342] Building C object zephyr/arch/arch/arm/core/mpu/CMakeFiles/arch__arm__core__mpu.dir/arm_mpu_regions.c.obj
[quenbi:ro] [110/342] Building C object zephyr/CMakeFiles/zephyr.dir/subsys/mem_mgmt/mem_attr.c.obj
[epic:ro] [220/405] Building C object zephyr/arch/common/CMakeFiles/arch__common.dir/xip.c.obj
[quenbi:rw] [173/342] Building C object zephyr/lib/libc/minimal/CMakeFiles/lib__libc__minimal.dir/source/stdlib/strtoul.c.obj
[quenbi:rw] [174/342] Linking C static library zephyr/arch/arch/arm/core/mpu/libarch__arm__core__mpu.a
[buccaneer:rw] [166/526] Building C object zephyr/lib/posix/options/CMakeFiles/lib__posix__options.dir/mutex.c.obj
[quenbi:rw] [175/342] Building C object zephyr/lib/libc/minimal/CMakeFiles/lib__libc__minimal.dir/source/stdlib/strtoll.c.obj
[quenbi:rw] [176/342] Building C object zephyr/lib/libc/minimal/CMakeFiles/lib__libc__minimal.dir/source/stdlib/strtoull.c.obj
[epic:ro] [221/405] Building C object zephyr/arch/common/CMakeFiles/isr_tables.dir/isr_tables.c.obj
[epic:ro] [222/405] Linking C static library zephyr/arch/common/libisr_tables.a
[quenbi:rw] [177/342] Building C object zephyr/lib/libc/minimal/CMakeFiles/lib__libc__minimal.dir/source/stdlib/bsearch.c.obj
[epic:ro] [223/405] Linking C static library zephyr/arch/common/libarch__common.a
[quenbi:rw] [178/342] Building C object zephyr/lib/libc/common/CMakeFiles/lib__libc__common.dir/source/stdlib/abort.c.obj
[epic:ro] [224/405] Building C object zephyr/arch/arch/riscv/core/CMakeFiles/arch__riscv__core.dir/prep_c.c.obj
[epic:ro] [225/405] Building C object zephyr/arch/arch/riscv/core/CMakeFiles/arch__riscv__core.dir/cpu_idle.c.obj
[quenbi:rw] [179/342] Building C object zephyr/lib/libc/minimal/CMakeFiles/lib__libc__minimal.dir/source/string/strncasecmp.c.obj
[epic:ro] [226/405] Building C object zephyr/arch/arch/riscv/core/CMakeFiles/arch__riscv__core.dir/fatal.c.obj
[quenbi:rw] [180/342] Building C object zephyr/lib/libc/minimal/CMakeFiles/lib__libc__minimal.dir/source/stdlib/qsort.c.obj
[buccaneer:rw] [167/526] Building C object zephyr/lib/posix/options/CMakeFiles/lib__posix__options.dir/pwd.c.obj
[buccaneer:rw] [168/526] Building C object zephyr/lib/posix/options/CMakeFiles/lib__posix__options.dir/pthread.c.obj
[quenbi:ro] [111/342] Building C object zephyr/CMakeFiles/zephyr.dir/subsys/pm/state.c.obj
[quenbi:rw] [181/342] Building C object zephyr/lib/libc/minimal/CMakeFiles/lib__libc__minimal.dir/source/string/strerror.c.obj
[buccaneer:rw] [169/526] Linking C static library zephyr/lib/posix/options/liblib__posix__options.a
[quenbi:ro] [112/342] Building C object zephyr/CMakeFiles/zephyr.dir/subsys/pm/pm.c.obj
[quenbi:rw] [182/342] Building C object zephyr/lib/libc/minimal/CMakeFiles/lib__libc__minimal.dir/source/string/strstr.c.obj
[epic:ro] [227/405] Building C object zephyr/arch/arch/riscv/core/CMakeFiles/arch__riscv__core.dir/irq_manage.c.obj
[quenbi:rw] [183/342] Building C object zephyr/lib/libc/minimal/CMakeFiles/lib__libc__minimal.dir/source/string/string.c.obj
[quenbi:rw] [184/342] Building C object zephyr/lib/libc/minimal/CMakeFiles/lib__libc__minimal.dir/source/string/strspn.c.obj
[quenbi:rw] [185/342] Building C object zephyr/lib/libc/minimal/CMakeFiles/lib__libc__minimal.dir/source/stdlib/exit.c.obj
[buccaneer:rw] [170/526] Building C object zephyr/subsys/mgmt/ec_host_cmd/CMakeFiles/subsys__mgmt__ec_host_cmd.dir/ec_host_cmd_handler.c.obj
[epic:ro] [228/405] Building C object zephyr/arch/arch/riscv/core/CMakeFiles/arch__riscv__core.dir/reboot.c.obj
[buccaneer:rw] [171/526] Linking C static library zephyr/subsys/mgmt/ec_host_cmd/libsubsys__mgmt__ec_host_cmd.a
[epic:ro] [229/405] Building ASM object zephyr/arch/arch/riscv/core/CMakeFiles/arch__riscv__core.dir/reset.S.obj
[epic:ro] [230/405] Building ASM object zephyr/arch/arch/riscv/core/CMakeFiles/arch__riscv__core.dir/switch.S.obj
[epic:ro] [231/405] Generating ../../../include/generated/libc/minimal/strerror_table.h
[quenbi:rw] [186/342] Building C object zephyr/lib/libc/minimal/CMakeFiles/lib__libc__minimal.dir/source/math/sqrtf.c.obj
[epic:ro] [232/405] Building C object zephyr/arch/arch/riscv/core/CMakeFiles/arch__riscv__core.dir/thread.c.obj
[epic:ro] [233/405] Building C object zephyr/lib/libc/minimal/CMakeFiles/lib__libc__minimal.dir/source/stdlib/atoi.c.obj
[quenbi:ro] [113/342] Building C object zephyr/CMakeFiles/zephyr.dir/subsys/pm/policy/policy_events.c.obj
[quenbi:ro] [114/342] Building C object zephyr/CMakeFiles/zephyr.dir/subsys/pm/policy/policy_latency.c.obj
[buccaneer:rw] [172/526] Building C object zephyr/subsys/mgmt/ec_host_cmd/backends/CMakeFiles/subsys__mgmt__ec_host_cmd__backends.dir/ec_host_cmd_backend_shi_npcx.c.obj
[quenbi:rw] [187/342] Building C object zephyr/lib/libc/minimal/CMakeFiles/lib__libc__minimal.dir/source/math/sqrt.c.obj
[epic:ro] [234/405] Building ASM object zephyr/arch/arch/riscv/core/CMakeFiles/arch__riscv__core.dir/isr.S.obj
[quenbi:rw] [188/342] Building C object zephyr/lib/libc/minimal/CMakeFiles/lib__libc__minimal.dir/source/stdout/sprintf.c.obj
[quenbi:rw] [189/342] Building C object zephyr/lib/libc/minimal/CMakeFiles/lib__libc__minimal.dir/source/stdout/stdout_console.c.obj
[quenbi:rw] [190/342] Building C object zephyr/lib/libc/minimal/CMakeFiles/lib__libc__minimal.dir/source/stdout/fprintf.c.obj
[epic:ro] [235/405] Building C object zephyr/lib/libc/minimal/CMakeFiles/lib__libc__minimal.dir/source/stdlib/strtoul.c.obj
[buccaneer:rw] [173/526] Building C object zephyr/subsys/mgmt/ec_host_cmd/backends/CMakeFiles/subsys__mgmt__ec_host_cmd__backends.dir/ec_host_cmd_backend_uart.c.obj
[epic:ro] [236/405] Building C object zephyr/lib/libc/minimal/CMakeFiles/lib__libc__minimal.dir/source/stdlib/strtol.c.obj
[buccaneer:rw] [174/526] Building C object zephyr/subsys/crc/CMakeFiles/subsys__crc.dir/crc4_sw.c.obj
[buccaneer:rw] [175/526] Linking C static library zephyr/subsys/mgmt/ec_host_cmd/backends/libsubsys__mgmt__ec_host_cmd__backends.a
[quenbi:rw] [191/342] Building C object zephyr/lib/libc/common/CMakeFiles/lib__libc__common.dir/source/time/gmtime_r.c.obj
[buccaneer:rw] [176/526] Building C object zephyr/subsys/random/CMakeFiles/subsys__random.dir/random_entropy_device.c.obj
[epic:ro] [237/405] Building C object zephyr/lib/libc/minimal/CMakeFiles/lib__libc__minimal.dir/source/stdlib/strtoll.c.obj
[buccaneer:rw] [177/526] Linking C static library zephyr/subsys/random/libsubsys__random.a
[epic:ro] [238/405] Building C object zephyr/lib/libc/minimal/CMakeFiles/lib__libc__minimal.dir/source/stdlib/bsearch.c.obj
[quenbi:rw] [192/342] Building C object zephyr/lib/libc/common/CMakeFiles/lib__libc__common.dir/source/time/asctime.c.obj
[buccaneer:rw] [178/526] Building C object zephyr/subsys/crc/CMakeFiles/subsys__crc.dir/crc16_sw.c.obj
[epic:ro] [239/405] Building C object zephyr/lib/libc/minimal/CMakeFiles/lib__libc__minimal.dir/source/stdlib/strtoull.c.obj
[quenbi:rw] [193/342] Building C object zephyr/lib/libc/common/CMakeFiles/lib__libc__common.dir/source/time/localtime_r_utc.c.obj
[epic:ro] [240/405] Building C object zephyr/lib/libc/common/CMakeFiles/lib__libc__common.dir/source/stdlib/abort.c.obj
[buccaneer:rw] [179/526] Building C object zephyr/subsys/crc/CMakeFiles/subsys__crc.dir/crc8_sw.c.obj
[buccaneer:rw] [180/526] Building C object zephyr/subsys/crc/CMakeFiles/subsys__crc.dir/crc7_sw.c.obj
[quenbi:rw] [194/342] Building C object zephyr/lib/libc/common/CMakeFiles/lib__libc__common.dir/source/time/ctime.c.obj
[buccaneer:rw] [181/526] Building C object zephyr/subsys/crc/CMakeFiles/subsys__crc.dir/crc24_sw.c.obj
[epic:ro] [241/405] Building C object zephyr/arch/arch/riscv/core/CMakeFiles/arch__riscv__core.dir/stacktrace.c.obj
[buccaneer:rw] [182/526] Building C object zephyr/subsys/crc/CMakeFiles/subsys__crc.dir/crc32c_sw.c.obj
[quenbi:rw] [195/342] Building C object zephyr/lib/libc/common/CMakeFiles/lib__libc__common.dir/source/time/time.c.obj
[epic:ro] [242/405] Building C object zephyr/lib/libc/minimal/CMakeFiles/lib__libc__minimal.dir/source/string/strerror.c.obj
[epic:ro] [243/405] Building C object zephyr/lib/libc/minimal/CMakeFiles/lib__libc__minimal.dir/source/string/strncasecmp.c.obj
[quenbi:ro] [115/342] Building C object zephyr/CMakeFiles/zephyr.dir/subsys/pm/policy/policy_state_lock.c.obj
[epic:ro] [244/405] Linking C static library zephyr/arch/arch/riscv/core/libarch__riscv__core.a
[epic:ro] [245/405] Building C object zephyr/lib/libc/minimal/CMakeFiles/lib__libc__minimal.dir/source/stdlib/qsort.c.obj
[quenbi:ro] [116/342] Building C object zephyr/CMakeFiles/zephyr.dir/subsys/pm/device.c.obj
[quenbi:rw] [196/342] Building C object zephyr/lib/libc/common/CMakeFiles/lib__libc__common.dir/source/string/strnlen.c.obj
[buccaneer:rw] [183/526] Building C object zephyr/subsys/crc/CMakeFiles/subsys__crc.dir/crc32_sw.c.obj
[buccaneer:rw] [184/526] Building C object zephyr/subsys/crc/CMakeFiles/subsys__crc.dir/crc32k_4_2_sw.c.obj
[/mnt/host/source/src/platform/ec/build/zephyr/brox-lcov]   /mnt/host/source/src/platform/ec/build/zephyr/brox/build-rw/modules/ec/zephyr/CMakeFiles/ec_shim.dir/drivers/keyboard_input/keyboard_customization_check.c.gcno:no functions found
[/mnt/host/source/src/platform/ec/build/zephyr/brox-lcov] stderr:
[quenbi:rw] [197/342] Building C object zephyr/lib/libc/minimal/CMakeFiles/lib__libc__minimal.dir/source/time/gmtime.c.obj
[epic:ro] [246/405] Building C object zephyr/lib/libc/minimal/CMakeFiles/lib__libc__minimal.dir/source/string/strstr.c.obj
[buccaneer:rw] [185/526] Linking C static library zephyr/subsys/crc/libsubsys__crc.a
[quenbi:rw] [198/342] Building C object zephyr/lib/posix/c_lib_ext/CMakeFiles/lib__posix__c_lib_ext.dir/fnmatch.c.obj
[epic:ro] [247/405] Building C object zephyr/lib/libc/minimal/CMakeFiles/lib__libc__minimal.dir/source/string/string.c.obj
[quenbi:rw] [199/342] Linking C static library zephyr/lib/libc/minimal/liblib__libc__minimal.a
[epic:ro] [248/405] Building C object zephyr/lib/libc/minimal/CMakeFiles/lib__libc__minimal.dir/source/string/strspn.c.obj
[epic:ro] [249/405] Building C object zephyr/lib/libc/minimal/CMakeFiles/lib__libc__minimal.dir/source/stdlib/exit.c.obj
[quenbi:rw] [200/342] Building C object zephyr/subsys/crc/CMakeFiles/subsys__crc.dir/crc4_sw.c.obj
[quenbi:rw] [201/342] Building C object zephyr/subsys/crc/CMakeFiles/subsys__crc.dir/crc8_sw.c.obj
[epic:ro] [250/405] Building C object zephyr/lib/libc/minimal/CMakeFiles/lib__libc__minimal.dir/source/math/sqrtf.c.obj
[quenbi:rw] [202/342] Building C object zephyr/lib/libc/common/CMakeFiles/lib__libc__common.dir/source/stdlib/malloc.c.obj
[quenbi:rw] [203/342] Building C object zephyr/subsys/crc/CMakeFiles/subsys__crc.dir/crc16_sw.c.obj
[epic:ro] [251/405] Building C object zephyr/lib/libc/minimal/CMakeFiles/lib__libc__minimal.dir/source/math/sqrt.c.obj
[quenbi:rw] [204/342] Linking C static library zephyr/lib/libc/common/liblib__libc__common.a
[quenbi:ro] [117/342] Building C object zephyr/CMakeFiles/zephyr.dir/subsys/testsuite/coverage/coverage.c.obj
[epic:ro] [252/405] Building C object zephyr/lib/libc/minimal/CMakeFiles/lib__libc__minimal.dir/source/stdout/stdout_console.c.obj
[quenbi:rw] [205/342] Building C object zephyr/subsys/crc/CMakeFiles/subsys__crc.dir/crc7_sw.c.obj
[quenbi:rw] [206/342] Building C object zephyr/lib/posix/c_lib_ext/CMakeFiles/lib__posix__c_lib_ext.dir/getentropy.c.obj
[epic:ro] [253/405] Building C object zephyr/lib/libc/minimal/CMakeFiles/lib__libc__minimal.dir/source/stdout/fprintf.c.obj
[quenbi:rw] [207/342] Building C object zephyr/subsys/crc/CMakeFiles/subsys__crc.dir/crc24_sw.c.obj
[epic:ro] [254/405] Building C object zephyr/lib/libc/minimal/CMakeFiles/lib__libc__minimal.dir/source/stdout/sprintf.c.obj
[quenbi:ro] [118/342] Building C object zephyr/CMakeFiles/zephyr.dir/subsys/pm/device_runtime.c.obj
[buccaneer:rw] [186/526] Building C object zephyr/drivers/bbram/CMakeFiles/drivers__bbram.dir/bbram_npcx.c.obj
[epic:ro] [255/405] Building C object zephyr/lib/libc/common/CMakeFiles/lib__libc__common.dir/source/time/gmtime_r.c.obj
[buccaneer:rw] [187/526] Building C object zephyr/drivers/clock_control/CMakeFiles/drivers__clock_control.dir/clock_control_npcx.c.obj
[quenbi:rw] [208/342] Building C object zephyr/lib/posix/c_lib_ext/CMakeFiles/lib__posix__c_lib_ext.dir/getopt_shim.c.obj
[quenbi:rw] [209/342] Building C object zephyr/subsys/crc/CMakeFiles/subsys__crc.dir/crc32_sw.c.obj
[buccaneer:rw] [188/526] Linking C static library zephyr/drivers/bbram/libdrivers__bbram.a
[quenbi:rw] [210/342] Building C object zephyr/subsys/crc/CMakeFiles/subsys__crc.dir/crc32k_4_2_sw.c.obj
[buccaneer:rw] [189/526] Linking C static library zephyr/drivers/clock_control/libdrivers__clock_control.a
[quenbi:rw] [211/342] Building C object zephyr/subsys/crc/CMakeFiles/subsys__crc.dir/crc32c_sw.c.obj
[epic:ro] [256/405] Building C object zephyr/lib/libc/common/CMakeFiles/lib__libc__common.dir/source/time/asctime.c.obj
[quenbi:rw] [212/342] Linking C static library zephyr/lib/posix/c_lib_ext/liblib__posix__c_lib_ext.a
[quenbi:rw] [213/342] Linking C static library zephyr/subsys/crc/libsubsys__crc.a
[epic:ro] [257/405] Building C object zephyr/lib/libc/common/CMakeFiles/lib__libc__common.dir/source/time/localtime_r_utc.c.obj
[buccaneer:rw] [190/526] Building C object zephyr/drivers/interrupt_controller/CMakeFiles/drivers__interrupt_controller.dir/intc_miwu.c.obj
[epic:ro] [258/405] Building C object zephyr/lib/libc/common/CMakeFiles/lib__libc__common.dir/source/time/ctime.c.obj
[buccaneer:rw] [191/526] Linking C static library zephyr/drivers/interrupt_controller/libdrivers__interrupt_controller.a
[epic:ro] [259/405] Building C object zephyr/lib/libc/common/CMakeFiles/lib__libc__common.dir/source/time/time.c.obj
[quenbi:rw] [214/342] Building C object zephyr/subsys/input/CMakeFiles/subsys__input.dir/input_hid.c.obj
[epic:ro] [260/405] Building C object zephyr/lib/libc/minimal/CMakeFiles/lib__libc__minimal.dir/source/time/gmtime.c.obj
[epic:ro] [261/405] Building C object zephyr/lib/libc/common/CMakeFiles/lib__libc__common.dir/source/string/strnlen.c.obj
[epic:ro] [262/405] Building C object zephyr/lib/posix/c_lib_ext/CMakeFiles/lib__posix__c_lib_ext.dir/fnmatch.c.obj
[epic:ro] [263/405] Linking C static library zephyr/lib/libc/minimal/liblib__libc__minimal.a
[quenbi:ro] [119/342] Building C object zephyr/CMakeFiles/zephyr.dir/subsys/tracing/tracing_none.c.obj
[epic:ro] [264/405] Building C object zephyr/subsys/crc/CMakeFiles/subsys__crc.dir/crc8_sw.c.obj
[epic:ro] [265/405] Building C object zephyr/subsys/crc/CMakeFiles/subsys__crc.dir/crc4_sw.c.obj
[quenbi:ro] [120/342] Building C object zephyr/CMakeFiles/zephyr.dir/subsys/shell/modules/kernel_service/kernel_shell.c.obj
[epic:ro] [266/405] Building C object zephyr/lib/libc/common/CMakeFiles/lib__libc__common.dir/source/stdlib/malloc.c.obj
[quenbi:rw] [215/342] Building C object zephyr/subsys/input/CMakeFiles/subsys__input.dir/input.c.obj
[epic:ro] [267/405] Building C object zephyr/subsys/crc/CMakeFiles/subsys__crc.dir/crc7_sw.c.obj
[epic:ro] [268/405] Building C object zephyr/subsys/crc/CMakeFiles/subsys__crc.dir/crc16_sw.c.obj
[epic:ro] [269/405] Linking C static library zephyr/lib/libc/common/liblib__libc__common.a
[quenbi:rw] [216/342] Building C object zephyr/subsys/input/CMakeFiles/subsys__input.dir/input_utils.c.obj
[buccaneer:rw] [192/526] Building C object zephyr/drivers/crypto/CMakeFiles/drivers__crypto.dir/crypto_npcx_sha.c.obj
[buccaneer:rw] [193/526] Building C object zephyr/drivers/console/CMakeFiles/drivers__console.dir/uart_console.c.obj
[epic:ro] [270/405] Building C object zephyr/subsys/crc/CMakeFiles/subsys__crc.dir/crc32_sw.c.obj
[quenbi:rw] [217/342] Linking C static library zephyr/subsys/input/libsubsys__input.a
[buccaneer:rw] [194/526] Linking C static library zephyr/drivers/crypto/libdrivers__crypto.a
[epic:ro] [271/405] Building C object zephyr/subsys/crc/CMakeFiles/subsys__crc.dir/crc24_sw.c.obj
[epic:ro] [272/405] Building C object zephyr/subsys/crc/CMakeFiles/subsys__crc.dir/crc32c_sw.c.obj
[buccaneer:rw] [195/526] Linking C static library zephyr/drivers/console/libdrivers__console.a
[quenbi:rw] [218/342] Building C object zephyr/drivers/interrupt_controller/CMakeFiles/drivers__interrupt_controller.dir/intc_miwu.c.obj
[quenbi:rw] [219/342] Building C object zephyr/drivers/adc/CMakeFiles/drivers__adc.dir/adc_common.c.obj
[quenbi:rw] [220/342] Linking C static library zephyr/drivers/interrupt_controller/libdrivers__interrupt_controller.a
[buccaneer:rw] [196/526] Building C object zephyr/drivers/entropy/CMakeFiles/drivers__entropy.dir/entropy_npcx_drbg.c.obj
[buccaneer:rw] [197/526] Linking C static library zephyr/drivers/entropy/libdrivers__entropy.a
[epic:ro] [273/405] Building C object zephyr/lib/posix/c_lib_ext/CMakeFiles/lib__posix__c_lib_ext.dir/getopt_shim.c.obj
[epic:ro] [274/405] Building C object zephyr/lib/posix/c_lib_ext/CMakeFiles/lib__posix__c_lib_ext.dir/getentropy.c.obj
[epic:ro] [275/405] Building C object zephyr/subsys/crc/CMakeFiles/subsys__crc.dir/crc32k_4_2_sw.c.obj
[epic:ro] [276/405] Linking C static library zephyr/lib/posix/c_lib_ext/liblib__posix__c_lib_ext.a
[epic:ro] [277/405] Linking C static library zephyr/subsys/crc/libsubsys__crc.a
[quenbi:ro] [121/342] Building C object zephyr/CMakeFiles/zephyr.dir/subsys/shell/modules/kernel_service/cycles.c.obj
[quenbi:ro] [122/342] Building C object zephyr/CMakeFiles/zephyr.dir/subsys/shell/modules/kernel_service/sleep.c.obj
[epic:ro] [278/405] Building C object zephyr/drivers/interrupt_controller/CMakeFiles/drivers__interrupt_controller.dir/wuc_ite_it8xxx2.c.obj
[quenbi:rw] [221/342] Building C object zephyr/drivers/adc/CMakeFiles/drivers__adc.dir/adc_npcx.c.obj
[quenbi:rw] [222/342] Building C object zephyr/drivers/bbram/CMakeFiles/drivers__bbram.dir/bbram_npcx.c.obj
[quenbi:rw] [223/342] Linking C static library zephyr/drivers/adc/libdrivers__adc.a
[quenbi:rw] [224/342] Building C object zephyr/drivers/console/CMakeFiles/drivers__console.dir/uart_console.c.obj
[buccaneer:rw] [198/526] Building C object zephyr/drivers/flash/CMakeFiles/drivers__flash.dir/flash_npcx_fiu_nor.c.obj
[buccaneer:rw] [199/526] Building C object zephyr/drivers/flash/CMakeFiles/drivers__flash.dir/jesd216.c.obj
[quenbi:rw] [225/342] Linking C static library zephyr/drivers/console/libdrivers__console.a
[quenbi:rw] [226/342] Linking C static library zephyr/drivers/bbram/libdrivers__bbram.a
[epic:ro] [279/405] Building C object zephyr/drivers/interrupt_controller/CMakeFiles/drivers__interrupt_controller.dir/intc_ite_it8xxx2.c.obj
[epic:ro] [280/405] Building C object zephyr/drivers/adc/CMakeFiles/drivers__adc.dir/adc_common.c.obj
[quenbi:rw] [227/342] Building C object zephyr/drivers/clock_control/CMakeFiles/drivers__clock_control.dir/clock_control_npcx.c.obj
[epic:ro] [281/405] Linking C static library zephyr/drivers/interrupt_controller/libdrivers__interrupt_controller.a
[quenbi:rw] [228/342] Linking C static library zephyr/drivers/clock_control/libdrivers__clock_control.a
[buccaneer:rw] [200/526] Building C object zephyr/drivers/flash/CMakeFiles/drivers__flash.dir/flash_npcx_fiu_qspi.c.obj
[epic:ro] [282/405] Building C object zephyr/drivers/bbram/CMakeFiles/drivers__bbram.dir/bbram_it8xxx2.c.obj
[buccaneer:rw] [201/526] Linking C static library zephyr/drivers/flash/libdrivers__flash.a
[epic:ro] [283/405] Building C object zephyr/drivers/adc/CMakeFiles/drivers__adc.dir/adc_ite_it8xxx2.c.obj
[epic:ro] [284/405] Linking C static library zephyr/drivers/bbram/libdrivers__bbram.a
[quenbi:ro] [123/342] Building C object zephyr/CMakeFiles/zephyr.dir/subsys/shell/modules/kernel_service/uptime.c.obj
[epic:ro] [285/405] Linking C static library zephyr/drivers/adc/libdrivers__adc.a
[quenbi:ro] [124/342] Building C object zephyr/CMakeFiles/zephyr.dir/subsys/shell/modules/kernel_service/version.c.obj
[quenbi:rw] [229/342] Building C object zephyr/drivers/flash/CMakeFiles/drivers__flash.dir/jesd216.c.obj
[buccaneer:rw] [202/526] Building C object zephyr/drivers/pinctrl/CMakeFiles/drivers__pinctrl.dir/common.c.obj
[epic:ro] [286/405] Building C object zephyr/drivers/console/CMakeFiles/drivers__console.dir/uart_console.c.obj
[epic:ro] [287/405] Building C object zephyr/drivers/eeprom/CMakeFiles/drivers__eeprom.dir/eeprom_shell.c.obj
[epic:ro] [288/405] Linking C static library zephyr/drivers/console/libdrivers__console.a
[quenbi:rw] [230/342] Building C object zephyr/drivers/flash/CMakeFiles/drivers__flash.dir/flash_npcx_fiu_qspi.c.obj
[quenbi:rw] [231/342] Building C object zephyr/drivers/flash/CMakeFiles/drivers__flash.dir/flash_npcx_fiu_nor.c.obj
[epic:ro] [289/405] Building C object zephyr/drivers/eeprom/CMakeFiles/drivers__eeprom.dir/eeprom_at2x.c.obj
[quenbi:rw] [232/342] Linking C static library zephyr/drivers/flash/libdrivers__flash.a
[buccaneer:rw] [203/526] Building C object zephyr/drivers/pinctrl/CMakeFiles/drivers__pinctrl.dir/pinctrl_npcx.c.obj
[buccaneer:rw] [204/526] Building C object zephyr/drivers/gpio/CMakeFiles/drivers__gpio.dir/gpio_npcx.c.obj
[buccaneer:rw] [205/526] Linking C static library zephyr/drivers/pinctrl/libdrivers__pinctrl.a
[buccaneer:rw] [206/526] Linking C static library zephyr/drivers/gpio/libdrivers__gpio.a
[epic:ro] [290/405] Linking C static library zephyr/drivers/eeprom/libdrivers__eeprom.a
[quenbi:ro] [125/342] Building C object zephyr/CMakeFiles/zephyr.dir/subsys/shell/modules/kernel_service/thread/thread.c.obj
[quenbi:ro] [126/342] Building C object zephyr/CMakeFiles/zephyr.dir/subsys/shell/modules/kernel_service/thread/list.c.obj
[epic:ro] [291/405] Building C object zephyr/drivers/flash/CMakeFiles/drivers__flash.dir/flash_ite_it8xxx2.c.obj
[quenbi:rw] [233/342] Building C object zephyr/drivers/gpio/CMakeFiles/drivers__gpio.dir/gpio_npcx.c.obj
[epic:ro] [292/405] Linking C static library zephyr/drivers/flash/libdrivers__flash.a
[epic:ro] [293/405] Building C object zephyr/drivers/espi/CMakeFiles/drivers__espi.dir/espi_it8xxx2.c.obj
[quenbi:rw] [234/342] Linking C static library zephyr/drivers/gpio/libdrivers__gpio.a
[quenbi:rw] [235/342] Building C object zephyr/drivers/i2c/CMakeFiles/drivers__i2c.dir/i2c_common.c.obj
[epic:ro] [294/405] Linking C static library zephyr/drivers/espi/libdrivers__espi.a
[epic:ro] [295/405] Building C object zephyr/drivers/gpio/CMakeFiles/drivers__gpio.dir/gpio_kscan_ite_it8xxx2.c.obj
[quenbi:rw] [236/342] Building C object zephyr/drivers/i2c/CMakeFiles/drivers__i2c.dir/i2c_shell.c.obj
[epic:ro] [296/405] Building C object zephyr/drivers/gpio/CMakeFiles/drivers__gpio.dir/gpio_ite_it8xxx2.c.obj
[buccaneer:rw] [207/526] Building C object zephyr/drivers/serial/CMakeFiles/drivers__serial.dir/uart_npcx.c.obj
[epic:ro] [297/405] Linking C static library zephyr/drivers/gpio/libdrivers__gpio.a
[buccaneer:rw] [208/526] Building C object zephyr/drivers/syscon/CMakeFiles/drivers__syscon.dir/syscon.c.obj
[buccaneer:rw] [209/526] Linking C static library zephyr/drivers/syscon/libdrivers__syscon.a
[buccaneer:rw] [210/526] Linking C static library zephyr/drivers/serial/libdrivers__serial.a
[quenbi:rw] [237/342] Building C object zephyr/drivers/i2c/CMakeFiles/drivers__i2c.dir/i2c_npcx_controller.c.obj
[epic:ro] [298/405] Building C object zephyr/drivers/i2c/CMakeFiles/drivers__i2c.dir/i2c_common.c.obj
[quenbi:ro] [127/342] Building C object zephyr/CMakeFiles/zephyr.dir/subsys/shell/modules/kernel_service/thread/stacks.c.obj
[quenbi:ro] [128/342] Building C object zephyr/CMakeFiles/zephyr.dir/subsys/shell/modules/kernel_service/thread/suspend.c.obj
[epic:ro] [299/405] Building C object zephyr/drivers/i2c/CMakeFiles/drivers__i2c.dir/i2c_bitbang.c.obj
[buccaneer:rw] [211/526] Building C object zephyr/drivers/spi/CMakeFiles/drivers__spi.dir/spi_npcx_spip.c.obj
[buccaneer:rw] [212/526] Linking C static library zephyr/drivers/spi/libdrivers__spi.a
[epic:ro] [300/405] Building C object zephyr/drivers/i2c/CMakeFiles/drivers__i2c.dir/i2c_shell.c.obj
[quenbi:rw] [238/342] Building C object zephyr/drivers/i2c/CMakeFiles/drivers__i2c.dir/i2c_npcx_controller_fifo.c.obj
[quenbi:rw] [239/342] Building C object zephyr/drivers/i2c/CMakeFiles/drivers__i2c.dir/i2c_npcx_port.c.obj
[quenbi:rw] [240/342] Linking C static library zephyr/drivers/i2c/libdrivers__i2c.a
[quenbi:rw] [241/342] Building C object zephyr/drivers/input/CMakeFiles/drivers__input.dir/input_kbd_matrix.c.obj
[epic:ro] [301/405] Building C object zephyr/drivers/pinctrl/CMakeFiles/drivers__pinctrl.dir/common.c.obj
[epic:ro] [302/405] Building C object zephyr/drivers/i2c/CMakeFiles/drivers__i2c.dir/i2c_ite_enhance.c.obj
[buccaneer:rw] [213/526] Building C object zephyr/drivers/timer/CMakeFiles/drivers__timer.dir/npcx_itim_timer.c.obj
[buccaneer:rw] [214/526] Building C object zephyr/drivers/timer/CMakeFiles/drivers__timer.dir/sys_clock_init.c.obj
[buccaneer:rw] [215/526] Linking C static library zephyr/drivers/timer/libdrivers__timer.a
[epic:ro] [303/405] Building C object zephyr/drivers/i2c/CMakeFiles/drivers__i2c.dir/i2c_ite_it8xxx2.c.obj
[quenbi:ro] [129/342] Building C object zephyr/CMakeFiles/zephyr.dir/subsys/shell/modules/kernel_service/thread/kill.c.obj
[quenbi:rw] [242/342] Building C object zephyr/drivers/input/CMakeFiles/drivers__input.dir/input_npcx_kbd.c.obj
[quenbi:ro] [130/342] Building C object zephyr/CMakeFiles/zephyr.dir/subsys/shell/modules/kernel_service/thread/resume.c.obj
[epic:ro] [304/405] Linking C static library zephyr/drivers/i2c/libdrivers__i2c.a
[quenbi:rw] [243/342] Building C object zephyr/drivers/pinctrl/CMakeFiles/drivers__pinctrl.dir/common.c.obj
[quenbi:rw] [244/342] Linking C static library zephyr/drivers/input/libdrivers__input.a
[epic:ro] [305/405] Building C object zephyr/drivers/pwm/CMakeFiles/drivers__pwm.dir/pwm_shell.c.obj
[epic:ro] [306/405] Building C object zephyr/drivers/pinctrl/CMakeFiles/drivers__pinctrl.dir/pinctrl_ite_it8xxx2.c.obj
[epic:ro] [307/405] Linking C static library zephyr/drivers/pinctrl/libdrivers__pinctrl.a
[buccaneer:rw] [216/526] Building C object zephyr/drivers/watchdog/CMakeFiles/drivers__watchdog.dir/wdt_npcx.c.obj
[quenbi:rw] [245/342] Building C object zephyr/drivers/pwm/CMakeFiles/drivers__pwm.dir/pwm_shell.c.obj
[buccaneer:rw] [217/526] Linking C static library zephyr/drivers/watchdog/libdrivers__watchdog.a
[quenbi:rw] [246/342] Building C object zephyr/drivers/pinctrl/CMakeFiles/drivers__pinctrl.dir/pinctrl_npcx.c.obj
[epic:ro] [308/405] Building C object zephyr/drivers/pwm/CMakeFiles/drivers__pwm.dir/pwm_ite_it8xxx2.c.obj
[quenbi:rw] [247/342] Linking C static library zephyr/drivers/pinctrl/libdrivers__pinctrl.a
[epic:ro] [309/405] Linking C static library zephyr/drivers/pwm/libdrivers__pwm.a
[epic:ro] [310/405] Building C object zephyr/drivers/sensor/ite/ite_tach_it8xxx2/CMakeFiles/drivers__sensor__ite__ite_tach_it8xxx2.dir/tach_ite_it8xxx2.c.obj
[epic:ro] [311/405] Linking C static library zephyr/drivers/sensor/ite/ite_tach_it8xxx2/libdrivers__sensor__ite__ite_tach_it8xxx2.a
[quenbi:rw] [248/342] Building C object zephyr/drivers/pwm/CMakeFiles/drivers__pwm.dir/pwm_npcx.c.obj
[quenbi:rw] [249/342] Linking C static library zephyr/drivers/pwm/libdrivers__pwm.a
[quenbi:ro] [131/342] Building C object zephyr/CMakeFiles/zephyr.dir/subsys/shell/backends/shell_uart.c.obj
[quenbi:ro] [132/342] Building C object zephyr/CMakeFiles/zephyr.dir/subsys/shell/shell.c.obj
[epic:ro] [312/405] Building C object zephyr/drivers/serial/CMakeFiles/drivers__serial.dir/uart_ite_it8xxx2.c.obj
[quenbi:rw] [250/342] Building C object zephyr/drivers/sensor/nuvoton/nuvoton_tach_npcx/CMakeFiles/drivers__sensor__nuvoton__nuvoton_tach_npcx.dir/tach_nuvoton_npcx.c.obj
[/mnt/host/source/src/platform/ec/build/zephyr/brox-lcov]   /mnt/host/source/src/platform/ec/build/zephyr/brox/build-rw/CMakeFiles/app.dir/mnt/host/source/src/platform/ec/build/zephyr/brox/modules/ec/common/cbi_config.c.gcno:no functions found
[/mnt/host/source/src/platform/ec/build/zephyr/brox-lcov] stderr:
[epic:ro] [313/405] Building C object zephyr/drivers/serial/CMakeFiles/drivers__serial.dir/uart_ns16550.c.obj
[epic:ro] [314/405] Building C object zephyr/drivers/sensor/ite/ite_vcmp_it8xxx2/CMakeFiles/drivers__sensor__ite__ite_vcmp_it8xxx2.dir/vcmp_ite_it8xxx2.c.obj
[epic:ro] [315/405] Linking C static library zephyr/drivers/serial/libdrivers__serial.a
[epic:ro] [316/405] Linking C static library zephyr/drivers/sensor/ite/ite_vcmp_it8xxx2/libdrivers__sensor__ite__ite_vcmp_it8xxx2.a
[buccaneer:rw] [218/526] Building C object modules/ec/zephyr/CMakeFiles/ec_shim.dir/app/ec/main_shim.c.obj
[quenbi:rw] [251/342] Linking C static library zephyr/drivers/sensor/nuvoton/nuvoton_tach_npcx/libdrivers__sensor__nuvoton__nuvoton_tach_npcx.a
[quenbi:rw] [252/342] Building C object zephyr/drivers/syscon/CMakeFiles/drivers__syscon.dir/syscon.c.obj
[buccaneer:rw] [219/526] Building C object modules/ec/zephyr/CMakeFiles/ec_shim.dir/app/ec/ec_app_main.c.obj
[quenbi:rw] [253/342] Building C object zephyr/drivers/serial/CMakeFiles/drivers__serial.dir/uart_npcx.c.obj
[epic:ro] [317/405] Building C object zephyr/drivers/timer/CMakeFiles/drivers__timer.dir/sys_clock_init.c.obj
[quenbi:rw] [254/342] Linking C static library zephyr/drivers/syscon/libdrivers__syscon.a
[quenbi:rw] [255/342] Linking C static library zephyr/drivers/serial/libdrivers__serial.a
[buccaneer:rw] [220/526] Building C object modules/ec/zephyr/CMakeFiles/ec_shim.dir/drivers/cros_flash/cros_flash_npcx.c.obj
[epic:ro] [318/405] Building C object zephyr/drivers/timer/CMakeFiles/drivers__timer.dir/ite_it8xxx2_timer.c.obj
[epic:ro] [319/405] Linking C static library zephyr/drivers/timer/libdrivers__timer.a
[quenbi:rw] [256/342] Building C object zephyr/drivers/timer/CMakeFiles/drivers__timer.dir/sys_clock_init.c.obj
[quenbi:ro] [133/342] Building C object zephyr/CMakeFiles/zephyr.dir/subsys/shell/shell_utils.c.obj
[epic:ro] [320/405] Building C object zephyr/drivers/watchdog/CMakeFiles/drivers__watchdog.dir/wdt_ite_it8xxx2.c.obj
[quenbi:ro] [134/342] Building C object zephyr/CMakeFiles/zephyr.dir/subsys/shell/shell_fprintf.c.obj
[epic:ro] [321/405] Building C object zephyr/drivers/watchdog/CMakeFiles/drivers__watchdog.dir/wdt_shell.c.obj
[/mnt/host/source/src/platform/ec/build/zephyr/brox-lcov]   /mnt/host/source/src/platform/ec/build/zephyr/brox/build-rw/zephyr/arch/arch/riscv/core/CMakeFiles/arch__riscv__core.dir/cpu_idle.c.gcno:no functions found
[/mnt/host/source/src/platform/ec/build/zephyr/brox-lcov] stderr:
[quenbi:rw] [257/342] Building C object zephyr/drivers/timer/CMakeFiles/drivers__timer.dir/npcx_itim_timer.c.obj
[epic:ro] [322/405] Linking C static library zephyr/drivers/watchdog/libdrivers__watchdog.a
[quenbi:rw] [258/342] Linking C static library zephyr/drivers/timer/libdrivers__timer.a
[quenbi:rw] [259/342] Building C object zephyr/drivers/watchdog/CMakeFiles/drivers__watchdog.dir/wdt_shell.c.obj
[buccaneer:rw] [221/526] Building C object modules/ec/zephyr/CMakeFiles/ec_shim.dir/drivers/cros_rtc/cros_rtc_npcx.c.obj
[quenbi:rw] [260/342] Building C object zephyr/drivers/watchdog/CMakeFiles/drivers__watchdog.dir/wdt_npcx.c.obj
[epic:ro] [323/405] Building C object modules/ec/zephyr/CMakeFiles/ec_shim.dir/app/ec/main_shim.c.obj
[quenbi:rw] [261/342] Linking C static library zephyr/drivers/watchdog/libdrivers__watchdog.a
[buccaneer:rw] [222/526] Building C object modules/ec/zephyr/CMakeFiles/ec_shim.dir/drivers/cros_system/cros_system_npcx.c.obj
[epic:ro] [324/405] Building C object modules/ec/zephyr/CMakeFiles/ec_shim.dir/app/ec/ec_app_main.c.obj
[quenbi:ro] [135/342] Building C object zephyr/CMakeFiles/zephyr.dir/subsys/shell/shell_ops.c.obj
[quenbi:ro] [136/342] Building C object zephyr/CMakeFiles/zephyr.dir/subsys/shell/shell_help.c.obj
[epic:ro] [325/405] Building C object modules/ec/zephyr/CMakeFiles/ec_shim.dir/app/ec/chip/riscv/riscv-ite/it8xxx2-espi.c.obj
[buccaneer:rw] [223/526] Building C object modules/ec/zephyr/CMakeFiles/ec_shim.dir/drivers/fingerprint/fingerprint_elan80series.c.obj
[epic:ro] [326/405] Building C object modules/ec/zephyr/CMakeFiles/ec_shim.dir/drivers/cros_flash/cros_flash_it8xxx2.c.obj
[quenbi:rw] [262/342] Building C object modules/ec/zephyr/CMakeFiles/ec_shim.dir/app/ec/ec_app_main.c.obj
[quenbi:rw] [263/342] Building C object modules/ec/zephyr/CMakeFiles/ec_shim.dir/app/ec/main_shim.c.obj
[epic:ro] [327/405] Building C object modules/ec/zephyr/CMakeFiles/ec_shim.dir/drivers/cros_kb_raw/cros_kb_raw_ite.c.obj
[buccaneer:rw] [224/526] Building C object modules/ec/zephyr/CMakeFiles/ec_shim.dir/libc/exit.c.obj
[quenbi:rw] [264/342] Building C object modules/ec/zephyr/CMakeFiles/ec_shim.dir/drivers/cros_flash/cros_flash_npcx.c.obj
[quenbi:rw] [265/342] Building C object modules/ec/zephyr/CMakeFiles/ec_shim.dir/drivers/cros_rtc/cros_rtc_npcx.c.obj
[epic:ro] [328/405] Building C object modules/ec/zephyr/CMakeFiles/ec_shim.dir/drivers/cros_system/cros_system_it8xxx2.c.obj
[quenbi:ro] [137/342] Building C object zephyr/CMakeFiles/zephyr.dir/subsys/shell/shell_history.c.obj
[buccaneer:rw] [225/526] Building C object modules/ec/zephyr/CMakeFiles/ec_shim.dir/drivers/fingerprint/fingerprint_elan80series_pal.c.obj
[epic:ro] [329/405] Building C object modules/ec/zephyr/CMakeFiles/ec_shim.dir/drivers/vivaldi_kbd/vivaldi_kbd.c.obj
[/mnt/host/source/src/platform/ec/build/zephyr/brox-lcov]   /mnt/host/source/src/platform/ec/build/zephyr/brox/build-rw/zephyr/arch/common/CMakeFiles/isr_tables.dir/isr_tables.c.gcno:no functions found
[/mnt/host/source/src/platform/ec/build/zephyr/brox-lcov] stderr:
[quenbi:ro] [138/342] Building C object zephyr/CMakeFiles/zephyr.dir/subsys/shell/shell_cmds.c.obj
[quenbi:rw] [266/342] Building C object modules/ec/zephyr/CMakeFiles/ec_shim.dir/drivers/keyboard_input/keyboard_customization_check.c.obj
[buccaneer:rw] [226/526] Building C object modules/ec/zephyr/CMakeFiles/ec_shim.dir/shim/chip/npcx/clock.c.obj
[epic:ro] [330/405] Building C object modules/ec/zephyr/CMakeFiles/ec_shim.dir/shim/chip/it8xxx2/clock.c.obj
[epic:ro] [331/405] Building C object modules/ec/zephyr/CMakeFiles/ec_shim.dir/shim/chip/it8xxx2/system.c.obj
[quenbi:rw] [267/342] Building C object modules/ec/zephyr/CMakeFiles/ec_shim.dir/drivers/cros_shi/cros_shi_npcx.c.obj
[quenbi:rw] [268/342] Building C object modules/ec/zephyr/CMakeFiles/ec_shim.dir/drivers/cros_system/cros_system_npcx.c.obj
[quenbi:ro] [139/342] Building C object zephyr/CMakeFiles/zephyr.dir/drivers/flash/flash_util.c.obj
[epic:ro] [332/405] Building C object modules/ec/zephyr/CMakeFiles/ec_shim.dir/shim/chip/it8xxx2/gpio.c.obj
[buccaneer:rw] [227/526] Building C object modules/ec/zephyr/CMakeFiles/ec_shim.dir/shim/chip/npcx/rom_chip.c.obj
[epic:ro] [333/405] Building C object modules/ec/zephyr/CMakeFiles/ec_shim.dir/shim/chip/it8xxx2/keyboard_raw.c.obj
[epic:ro] [334/405] Building C object modules/ec/zephyr/CMakeFiles/ec_shim.dir/shim/src/crc.c.obj
[/mnt/host/source/src/platform/ec/build/zephyr/pujjo-lcov]   /mnt/host/source/src/platform/ec/build/zephyr/pujjo/build-rw/CMakeFiles/app.dir/mnt/host/source/src/platform/ec/build/zephyr/pujjo/modules/ec/common/usb_pd_pdo.c.gcno:no functions found
[/mnt/host/source/src/platform/ec/build/zephyr/pujjo-lcov] stderr:
[buccaneer:rw] [228/526] Building C object modules/ec/zephyr/CMakeFiles/ec_shim.dir/shim/chip/npcx/gpio.c.obj
[quenbi:ro] [140/342] Building C object zephyr/arch/common/CMakeFiles/arch__common.dir/sw_isr_common.c.obj
[epic:ro] [335/405] Building C object modules/ec/zephyr/CMakeFiles/ec_shim.dir/shim/chip/it8xxx2/power_policy.c.obj
[quenbi:rw] [269/342] Building C object modules/ec/zephyr/CMakeFiles/ec_shim.dir/drivers/keyboard_input/keyboard_input.c.obj
[quenbi:ro] [141/342] Linking C static library zephyr/libzephyr.a
[quenbi:rw] [270/342] Building C object modules/ec/zephyr/CMakeFiles/ec_shim.dir/drivers/boot_keys/boot_keys.c.obj
[buccaneer:rw] [229/526] Building C object modules/ec/zephyr/CMakeFiles/ec_shim.dir/shim/chip/npcx/shi.c.obj
[epic:ro] [336/405] Building C object modules/ec/zephyr/CMakeFiles/ec_shim.dir/shim/src/console.c.obj
[quenbi:ro] [142/342] Building C object zephyr/arch/common/CMakeFiles/arch__common.dir/init.c.obj
[quenbi:rw] [271/342] Building C object modules/ec/zephyr/CMakeFiles/ec_shim.dir/drivers/runtime_keys/runtime_keys.c.obj
[quenbi:rw] [272/342] Building C object modules/ec/zephyr/CMakeFiles/ec_shim.dir/shim/chip/npcx/clock.c.obj
[epic:ro] [337/405] Building C object modules/ec/zephyr/CMakeFiles/ec_shim.dir/shim/src/gpio_int.c.obj
[epic:ro] [338/405] Building C object modules/ec/zephyr/CMakeFiles/ec_shim.dir/shim/src/panic_utils.c.obj
[quenbi:rw] [273/342] Building C object modules/ec/zephyr/CMakeFiles/ec_shim.dir/shim/chip/npcx/gpio.c.obj
[quenbi:ro] [143/342] Building C object zephyr/arch/common/CMakeFiles/arch__common.dir/xip.c.obj
[buccaneer:rw] [230/526] Building C object modules/ec/zephyr/CMakeFiles/ec_shim.dir/shim/chip/npcx/system.c.obj
[buccaneer:rw] [231/526] Building C object modules/ec/zephyr/CMakeFiles/ec_shim.dir/shim/chip/npcx/otp_key.c.obj
[epic:ro] [339/405] Building C object modules/ec/zephyr/CMakeFiles/ec_shim.dir/shim/src/gpio.c.obj
[epic:ro] [340/405] Building C object modules/ec/zephyr/CMakeFiles/ec_shim.dir/shim/src/pm_state.c.obj
[quenbi:rw] [274/342] Building C object modules/ec/zephyr/CMakeFiles/ec_shim.dir/shim/chip/npcx/rom_chip.c.obj
[quenbi:ro] [144/342] Building C object zephyr/arch/common/CMakeFiles/isr_tables.dir/isr_tables.c.obj
[buccaneer:rw] [232/526] Building C object modules/ec/zephyr/CMakeFiles/ec_shim.dir/shim/chip/npcx/system_external_storage.c.obj
[quenbi:ro] [145/342] Linking C static library zephyr/arch/common/libisr_tables.a
[epic:ro] [341/405] Building C object modules/ec/zephyr/CMakeFiles/ec_shim.dir/shim/src/cbi/cros_cbi.c.obj
[quenbi:ro] [146/342] Linking C static library zephyr/arch/common/libarch__common.a
[quenbi:ro] [147/342] Building C object zephyr/arch/arch/arm/core/CMakeFiles/arch__arm__core.dir/fatal.c.obj
[epic:ro] [342/405] Building C object modules/ec/zephyr/CMakeFiles/ec_shim.dir/shim/src/cbi/cros_cbi_ssfc.c.obj
[quenbi:rw] [275/342] Building C object modules/ec/zephyr/CMakeFiles/ec_shim.dir/shim/chip/npcx/shi.c.obj
[quenbi:rw] [276/342] Building C object modules/ec/zephyr/CMakeFiles/ec_shim.dir/shim/chip/npcx/system.c.obj
[epic:ro] [343/405] Building C object modules/ec/zephyr/CMakeFiles/ec_shim.dir/shim/src/cbi/cros_cbi_fw_config.c.obj
[buccaneer:rw] [233/526] Building C object modules/ec/zephyr/CMakeFiles/ec_shim.dir/shim/chip/npcx/ram_lock.c.obj
[quenbi:ro] [148/342] Building ASM object zephyr/arch/arch/arm/core/CMakeFiles/arch__arm__core.dir/nmi_on_reset.S.obj
[epic:ro] [344/405] Building C object modules/ec/zephyr/CMakeFiles/ec_shim.dir/shim/src/cbi/cbi_eeprom.c.obj
[buccaneer:rw] [234/526] Building C object modules/ec/zephyr/CMakeFiles/ec_shim.dir/shim/chip/npcx/power_policy.c.obj
[quenbi:rw] [277/342] Building C object modules/ec/zephyr/CMakeFiles/ec_shim.dir/shim/chip/npcx/system_external_storage.c.obj
[quenbi:rw] [278/342] Building C object modules/ec/zephyr/CMakeFiles/ec_shim.dir/shim/chip/npcx/power_policy.c.obj
[buccaneer:rw] [235/526] Building C object modules/ec/zephyr/CMakeFiles/ec_shim.dir/shim/core/cortex-m/mpu.c.obj
[epic:ro] [345/405] Building C object modules/ec/zephyr/CMakeFiles/ec_shim.dir/shim/src/led_driver/led.c.obj
[quenbi:ro] [149/342] Building C object zephyr/arch/arch/arm/core/CMakeFiles/arch__arm__core.dir/nmi.c.obj
[quenbi:rw] [279/342] Building C object modules/ec/zephyr/CMakeFiles/ec_shim.dir/shim/src/crc.c.obj
[quenbi:ro] [150/342] Linking C static library zephyr/arch/arch/arm/core/libarch__arm__core.a
[epic:ro] [346/405] Building C object modules/ec/zephyr/CMakeFiles/ec_shim.dir/shim/src/led_driver/led_gpio.c.obj
[buccaneer:rw] [236/526] Building C object modules/ec/zephyr/CMakeFiles/ec_shim.dir/shim/src/crc.c.obj
[quenbi:ro] [151/342] Building C object zephyr/arch/arch/arm/core/cortex_m/CMakeFiles/arch__arm__core__cortex_m.dir/exc_exit.c.obj
[quenbi:rw] [280/342] Building C object modules/ec/zephyr/CMakeFiles/ec_shim.dir/shim/core/cortex-m/panic.c.obj
[quenbi:rw] [281/342] Building C object modules/ec/zephyr/CMakeFiles/ec_shim.dir/shim/core/cortex-m/mpu.c.obj
[epic:ro] [347/405] Building C object modules/ec/zephyr/CMakeFiles/ec_shim.dir/shim/src/system.c.obj
[buccaneer:rw] [237/526] Building C object modules/ec/zephyr/CMakeFiles/ec_shim.dir/shim/core/cortex-m/panic.c.obj
[epic:ro] [348/405] Building C object modules/ec/zephyr/CMakeFiles/ec_shim.dir/shim/src/adc.c.obj
[epic:ro] [349/405] Building C object modules/ec/zephyr/CMakeFiles/ec_shim.dir/shim/src/battery.c.obj
[quenbi:ro] [152/342] Building ASM object zephyr/arch/arch/arm/core/cortex_m/CMakeFiles/arch__arm__core__cortex_m.dir/fault_s.S.obj
[buccaneer:rw] [238/526] Building C object modules/ec/zephyr/CMakeFiles/ec_shim.dir/shim/src/console.c.obj
[quenbi:rw] [282/342] Building C object modules/ec/zephyr/CMakeFiles/ec_shim.dir/shim/src/console.c.obj
[quenbi:ro] [153/342] Building C object zephyr/arch/arch/arm/core/cortex_m/CMakeFiles/arch__arm__core__cortex_m.dir/fault.c.obj
[epic:ro] [350/405] Building C object modules/ec/zephyr/CMakeFiles/ec_shim.dir/shim/src/charger.c.obj
[epic:ro] [351/405] Building C object modules/ec/zephyr/CMakeFiles/ec_shim.dir/shim/src/chipset_api.c.obj
[quenbi:rw] [283/342] Building C object modules/ec/zephyr/CMakeFiles/ec_shim.dir/shim/src/gpio.c.obj
[buccaneer:rw] [239/526] Building C object modules/ec/zephyr/CMakeFiles/ec_shim.dir/shim/src/gpio.c.obj
[quenbi:rw] [284/342] Building C object modules/ec/zephyr/CMakeFiles/ec_shim.dir/shim/src/panic_utils.c.obj
[quenbi:rw] [285/342] Building C object modules/ec/zephyr/CMakeFiles/ec_shim.dir/shim/src/gpio_int.c.obj
[quenbi:ro] [154/342] Building C object zephyr/arch/arch/arm/core/cortex_m/CMakeFiles/arch__arm__core__cortex_m.dir/fpu.c.obj
[quenbi:ro] [155/342] Building ASM object zephyr/arch/arch/arm/core/cortex_m/CMakeFiles/arch__arm__core__cortex_m.dir/reset.S.obj
[epic:ro] [352/405] Building C object modules/ec/zephyr/CMakeFiles/ec_shim.dir/shim/src/flash.c.obj
[buccaneer:rw] [240/526] Building C object modules/ec/zephyr/CMakeFiles/ec_shim.dir/shim/src/gpio_int.c.obj
[epic:ro] [353/405] Building C object modules/ec/zephyr/CMakeFiles/ec_shim.dir/shim/src/espi.c.obj
[/mnt/host/source/src/platform/ec/build/zephyr/brox-lcov]   /mnt/host/source/src/platform/ec/build/zephyr/brox/build-rw/zephyr/CMakeFiles/zephyr.dir/subsys/shell/modules/kernel_service/kernel_shell.c.gcno:no functions found
[/mnt/host/source/src/platform/ec/build/zephyr/brox-lcov] stderr:
[epic:ro] [354/405] Building C object modules/ec/zephyr/CMakeFiles/ec_shim.dir/shim/src/fan.c.obj
[buccaneer:rw] [241/526] Building C object modules/ec/zephyr/CMakeFiles/ec_shim.dir/shim/src/panic_utils.c.obj
[quenbi:rw] [286/342] Building C object modules/ec/zephyr/CMakeFiles/ec_shim.dir/shim/src/pm_state.c.obj
[quenbi:rw] [287/342] Building ASM object modules/ec/zephyr/CMakeFiles/ec_shim.dir/shim/src/libgcc_arm.S.obj
[epic:ro] [355/405] Building C object modules/ec/zephyr/CMakeFiles/ec_shim.dir/shim/src/host_command.c.obj
[/mnt/host/source/src/platform/ec/build/zephyr/brox-lcov]   /mnt/host/source/src/platform/ec/build/zephyr/brox/build-rw/zephyr/CMakeFiles/zephyr.dir/lib/libc/validate_libc.c.gcno:no functions found
[quenbi:rw] [288/342] Building C object modules/ec/zephyr/CMakeFiles/ec_shim.dir/shim/src/popcountsi2.c.obj
[/mnt/host/source/src/platform/ec/build/zephyr/brox-lcov] stderr:
[quenbi:rw] [289/342] Building C object modules/ec/zephyr/CMakeFiles/ec_shim.dir/shim/src/cbi/cros_cbi.c.obj
[epic:ro] [356/405] Building C object modules/ec/zephyr/CMakeFiles/ec_shim.dir/shim/src/hooks.c.obj
[buccaneer:rw] [242/526] Building C object modules/ec/zephyr/CMakeFiles/ec_shim.dir/shim/src/pm_state.c.obj
[quenbi:ro] [156/342] Building C object zephyr/arch/arch/arm/core/cortex_m/CMakeFiles/arch__arm__core__cortex_m.dir/scb.c.obj
[quenbi:rw] [290/342] Building C object modules/ec/zephyr/CMakeFiles/ec_shim.dir/shim/src/cbi/cbi_flash.c.obj
[quenbi:ro] [157/342] Building C object zephyr/arch/arch/arm/core/cortex_m/CMakeFiles/arch__arm__core__cortex_m.dir/thread_abort.c.obj
[epic:ro] [357/405] Building C object modules/ec/zephyr/CMakeFiles/ec_shim.dir/shim/src/keyboard_raw.c.obj
[quenbi:rw] [291/342] Building C object modules/ec/zephyr/CMakeFiles/ec_shim.dir/shim/src/system.c.obj
[epic:ro] [358/405] Building C object modules/ec/zephyr/CMakeFiles/ec_shim.dir/shim/src/console_buffer.c.obj
[epic:ro] [359/405] Building C object modules/ec/zephyr/CMakeFiles/ec_shim.dir/shim/src/mkbp_event.c.obj
[buccaneer:rw] [243/526] Building C object modules/ec/zephyr/CMakeFiles/ec_shim.dir/shim/src/fpsensor.c.obj
[quenbi:ro] [158/342] Building ASM object zephyr/arch/arch/arm/core/cortex_m/CMakeFiles/arch__arm__core__cortex_m.dir/vector_table.S.obj
[buccaneer:rw] [244/526] Building C object modules/ec/zephyr/CMakeFiles/ec_shim.dir/shim/src/system.c.obj
[quenbi:rw] [292/342] Building C object modules/ec/zephyr/CMakeFiles/ec_shim.dir/shim/src/battery.c.obj
[quenbi:rw] [293/342] Building C object modules/ec/zephyr/CMakeFiles/ec_shim.dir/shim/src/adc.c.obj
[epic:ro] [360/405] Building C object modules/ec/zephyr/CMakeFiles/ec_shim.dir/shim/src/motionsense_sensors.c.obj
[quenbi:ro] [159/342] Building ASM object zephyr/arch/arch/arm/core/cortex_m/CMakeFiles/arch__arm__core__cortex_m.dir/swap_helper.S.obj
[epic:ro] [361/405] Building C object modules/ec/zephyr/CMakeFiles/ec_shim.dir/shim/src/panic.c.obj
[buccaneer:rw] [245/526] Building C object modules/ec/zephyr/CMakeFiles/ec_shim.dir/shim/src/flash.c.obj
[/mnt/host/source/src/platform/ec/build/zephyr/brox-lcov]   /mnt/host/source/src/platform/ec/build/zephyr/brox/build-rw/zephyr/CMakeFiles/zephyr.dir/lib/utils/last_section_id.c.gcno:no functions found
[/mnt/host/source/src/platform/ec/build/zephyr/brox-lcov] stderr:
[epic:ro] [362/405] Building C object modules/ec/zephyr/CMakeFiles/ec_shim.dir/shim/src/thermal.c.obj
[quenbi:ro] [160/342] Building C object zephyr/arch/arch/arm/core/cortex_m/CMakeFiles/arch__arm__core__cortex_m.dir/irq_manage.c.obj
[quenbi:rw] [294/342] Building C object modules/ec/zephyr/CMakeFiles/ec_shim.dir/shim/src/flash.c.obj
[quenbi:rw] [295/342] Building C object modules/ec/zephyr/CMakeFiles/ec_shim.dir/shim/src/fan.c.obj
[epic:ro] [363/405] Building C object modules/ec/zephyr/CMakeFiles/ec_shim.dir/shim/src/hwtimer.c.obj
[epic:ro] [364/405] Building C object modules/ec/zephyr/CMakeFiles/ec_shim.dir/shim/src/temp_sensors.c.obj
[buccaneer:rw] [246/526] Building C object modules/ec/zephyr/CMakeFiles/ec_shim.dir/shim/src/hooks.c.obj
[buccaneer:rw] [247/526] Building C object modules/ec/zephyr/CMakeFiles/ec_shim.dir/shim/src/host_command.c.obj
[quenbi:ro] [161/342] Building C object zephyr/arch/arch/arm/core/cortex_m/CMakeFiles/arch__arm__core__cortex_m.dir/prep_c.c.obj
[quenbi:rw] [296/342] Building C object modules/ec/zephyr/CMakeFiles/ec_shim.dir/shim/src/hooks.c.obj
[quenbi:rw] [297/342] Building C object modules/ec/zephyr/CMakeFiles/ec_shim.dir/shim/src/host_command.c.obj
[epic:ro] [365/405] Building C object modules/ec/zephyr/CMakeFiles/ec_shim.dir/shim/src/i2c.c.obj
[buccaneer:rw] [248/526] Building C object modules/ec/zephyr/CMakeFiles/ec_shim.dir/shim/src/console_buffer.c.obj
[quenbi:ro] [162/342] Building C object zephyr/arch/arch/arm/core/cortex_m/CMakeFiles/arch__arm__core__cortex_m.dir/thread.c.obj
[epic:ro] [366/405] Building C object modules/ec/zephyr/CMakeFiles/ec_shim.dir/shim/src/tasks.c.obj
[quenbi:rw] [298/342] Building C object modules/ec/zephyr/CMakeFiles/ec_shim.dir/shim/src/mkbp_event.c.obj
[epic:ro] [367/405] Building C object modules/ec/zephyr/CMakeFiles/ec_shim.dir/shim/src/bc12.c.obj
[buccaneer:rw] [249/526] Building C object modules/ec/zephyr/CMakeFiles/ec_shim.dir/shim/src/log_backend_console_buffer.c.obj
[quenbi:rw] [299/342] Building C object modules/ec/zephyr/CMakeFiles/ec_shim.dir/shim/src/console_buffer.c.obj
[buccaneer:rw] [250/526] Building C object modules/ec/zephyr/CMakeFiles/ec_shim.dir/shim/src/mkbp_event.c.obj
[epic:ro] [368/405] Building C object modules/ec/zephyr/CMakeFiles/ec_shim.dir/shim/src/bc12_pi3usb9201.c.obj
[/mnt/host/source/src/platform/ec/build/zephyr/pujjo-lcov]   /mnt/host/source/src/platform/ec/build/zephyr/pujjo/build-rw/CMakeFiles/app.dir/mnt/host/source/src/platform/ec/build/zephyr/pujjo/modules/ec/common/cbi_config.c.gcno:no functions found
[/mnt/host/source/src/platform/ec/build/zephyr/pujjo-lcov] stderr:
[quenbi:ro] [163/342] Building C object zephyr/arch/arch/arm/core/cortex_m/CMakeFiles/arch__arm__core__cortex_m.dir/cpu_idle.c.obj
[epic:ro] [369/405] Building C object modules/ec/zephyr/CMakeFiles/ec_shim.dir/shim/src/watchdog.c.obj
[quenbi:ro] [164/342] Building C object zephyr/arch/arch/arm/core/cortex_m/CMakeFiles/arch__arm__core__cortex_m.dir/irq_init.c.obj
[epic:ro] [370/405] Building C object modules/ec/zephyr/CMakeFiles/ec_shim.dir/shim/src/usba.c.obj
[quenbi:rw] [300/342] Building C object modules/ec/zephyr/CMakeFiles/ec_shim.dir/shim/src/panic.c.obj
[buccaneer:rw] [251/526] Building C object modules/ec/zephyr/CMakeFiles/ec_shim.dir/shim/src/panic.c.obj
[quenbi:rw] [301/342] Building C object modules/ec/zephyr/CMakeFiles/ec_shim.dir/shim/src/rtc.c.obj
[epic:ro] [371/405] Building C object modules/ec/zephyr/CMakeFiles/ec_shim.dir/shim/src/power_host_sleep_api.c.obj
[buccaneer:rw] [252/526] Building C object modules/ec/zephyr/CMakeFiles/ec_shim.dir/shim/src/random.c.obj
[quenbi:ro] [165/342] Building C object zephyr/arch/arch/arm/core/cortex_m/CMakeFiles/arch__arm__core__cortex_m.dir/isr_wrapper.c.obj
[epic:ro] [372/405] Building C object zephyr/kernel/CMakeFiles/kernel.dir/banner.c.obj
[quenbi:rw] [302/342] Building C object modules/ec/zephyr/CMakeFiles/ec_shim.dir/shim/src/thermal.c.obj
[quenbi:ro] [166/342] Linking C static library zephyr/arch/arch/arm/core/cortex_m/libarch__arm__core__cortex_m.a
[epic:ro] [373/405] Building C object zephyr/kernel/CMakeFiles/kernel.dir/main_weak.c.obj
[epic:ro] [374/405] Building C object modules/ec/zephyr/CMakeFiles/ec_shim.dir/shim/src/usb_muxes.c.obj
[buccaneer:rw] [253/526] Building C object modules/ec/zephyr/CMakeFiles/ec_shim.dir/shim/src/rtc.c.obj
[epic:ro] [375/405] Building C object zephyr/kernel/CMakeFiles/kernel.dir/busy_wait.c.obj
[epic:ro] [376/405] Linking C static library modules/ec/zephyr/libec_shim.a
[quenbi:rw] [303/342] Building C object modules/ec/zephyr/CMakeFiles/ec_shim.dir/shim/src/temp_sensors.c.obj
[quenbi:rw] [304/342] Building C object modules/ec/zephyr/CMakeFiles/ec_shim.dir/shim/src/hwtimer.c.obj
[quenbi:ro] [167/342] Building C object zephyr/arch/arch/arm/core/mpu/CMakeFiles/arch__arm__core__mpu.dir/arm_core_mpu.c.obj
[buccaneer:rw] [254/526] Building C object modules/ec/zephyr/CMakeFiles/ec_shim.dir/shim/src/hwtimer.c.obj
[epic:ro] [377/405] Building C object zephyr/kernel/CMakeFiles/kernel.dir/device.c.obj
[epic:ro] [378/405] Building C object zephyr/kernel/CMakeFiles/kernel.dir/errno.c.obj
[quenbi:rw] [305/342] Building C object modules/ec/zephyr/CMakeFiles/ec_shim.dir/shim/src/i2c.c.obj
[epic:ro] [379/405] Building C object zephyr/kernel/CMakeFiles/kernel.dir/fatal.c.obj
[quenbi:ro] [168/342] Building C object zephyr/arch/arch/arm/core/mpu/CMakeFiles/arch__arm__core__mpu.dir/arm_mpu.c.obj
[buccaneer:rw] [255/526] Building C object modules/ec/zephyr/CMakeFiles/ec_shim.dir/shim/src/tasks.c.obj
[epic:ro] [380/405] Building C object zephyr/kernel/CMakeFiles/kernel.dir/version.c.obj
[quenbi:ro] [169/342] Generating ../../../include/generated/libc/minimal/strerror_table.h
[quenbi:rw] [306/342] Building C object modules/ec/zephyr/CMakeFiles/ec_shim.dir/shim/src/tasks.c.obj
[epic:ro] [381/405] Building C object zephyr/kernel/CMakeFiles/kernel.dir/kheap.c.obj
[epic:ro] [382/405] Building C object zephyr/kernel/CMakeFiles/kernel.dir/init.c.obj
[/mnt/host/source/src/platform/ec/build/zephyr/pujjo-lcov]   /mnt/host/source/src/platform/ec/build/zephyr/pujjo/build-rw/zephyr/arch/arch/arm/core/mpu/CMakeFiles/arch__arm__core__mpu.dir/arm_mpu_regions.c.gcno:no functions found
[/mnt/host/source/src/platform/ec/build/zephyr/pujjo-lcov] stderr:
[quenbi:ro] [170/342] Building C object zephyr/lib/libc/minimal/CMakeFiles/lib__libc__minimal.dir/source/stdlib/atoi.c.obj
[quenbi:rw] [307/342] Building C object modules/ec/zephyr/CMakeFiles/ec_shim.dir/shim/src/usbc_stub.c.obj
[quenbi:ro] [171/342] Building C object zephyr/arch/arch/arm/core/mpu/CMakeFiles/arch__arm__core__mpu.dir/arm_mpu_regions.c.obj
[buccaneer:rw] [256/526] Building C object modules/ec/zephyr/CMakeFiles/ec_shim.dir/shim/src/watchdog.c.obj
[quenbi:rw] [308/342] Building C object modules/ec/zephyr/CMakeFiles/ec_shim.dir/shim/src/watchdog.c.obj
[quenbi:ro] [172/342] Linking C static library zephyr/arch/arch/arm/core/mpu/libarch__arm__core__mpu.a
[quenbi:ro] [173/342] Building C object zephyr/lib/libc/minimal/CMakeFiles/lib__libc__minimal.dir/source/stdlib/strtol.c.obj
[quenbi:rw] [309/342] Linking C static library modules/ec/zephyr/libec_shim.a
[epic:ro] [383/405] Building C object zephyr/kernel/CMakeFiles/kernel.dir/mem_slab.c.obj
[epic:ro] [384/405] Building C object zephyr/kernel/CMakeFiles/kernel.dir/float.c.obj
[quenbi:ro] [174/342] Building C object zephyr/lib/libc/minimal/CMakeFiles/lib__libc__minimal.dir/source/stdlib/strtoul.c.obj
[quenbi:rw] [310/342] Building C object zephyr/kernel/CMakeFiles/kernel.dir/main_weak.c.obj
[buccaneer:rw] [257/526] Building C object modules/ec/zephyr/CMakeFiles/ec_shim.dir/shim/src/sha256_hw.c.obj
[quenbi:ro] [175/342] Building C object zephyr/lib/libc/minimal/CMakeFiles/lib__libc__minimal.dir/source/stdlib/strtoll.c.obj
[quenbi:ro] [176/342] Building C object zephyr/lib/libc/minimal/CMakeFiles/lib__libc__minimal.dir/source/stdlib/bsearch.c.obj
[quenbi:ro] [177/342] Building C object zephyr/lib/libc/minimal/CMakeFiles/lib__libc__minimal.dir/source/stdlib/strtoull.c.obj
[epic:ro] [385/405] Building C object zephyr/kernel/CMakeFiles/kernel.dir/idle.c.obj
[quenbi:rw] [311/342] Building C object zephyr/kernel/CMakeFiles/kernel.dir/banner.c.obj
[epic:ro] [386/405] Building C object zephyr/kernel/CMakeFiles/kernel.dir/mailbox.c.obj
[buccaneer:rw] [258/526] Building C object modules/ec/zephyr/CMakeFiles/ec_shim.dir/shim/src/usbc_stub.c.obj
[quenbi:rw] [312/342] Building C object zephyr/kernel/CMakeFiles/kernel.dir/busy_wait.c.obj
[epic:ro] [387/405] Building C object zephyr/kernel/CMakeFiles/kernel.dir/msg_q.c.obj
[quenbi:ro] [178/342] Building C object zephyr/lib/libc/minimal/CMakeFiles/lib__libc__minimal.dir/source/stdlib/qsort.c.obj
[quenbi:rw] [313/342] Building C object zephyr/kernel/CMakeFiles/kernel.dir/device.c.obj
[buccaneer:rw] [259/526] Linking C static library modules/ec/zephyr/libec_shim.a
[quenbi:rw] [314/342] Building C object zephyr/kernel/CMakeFiles/kernel.dir/errno.c.obj
[quenbi:ro] [179/342] Building C object zephyr/lib/libc/minimal/CMakeFiles/lib__libc__minimal.dir/source/string/strerror.c.obj
[epic:ro] [388/405] Building C object zephyr/kernel/CMakeFiles/kernel.dir/queue.c.obj
[buccaneer:rw] [260/526] Building C object modules/ec/third_party/boringssl/build/CMakeFiles/crypto.dir/crypto/asn1/a_bool.c.obj
[epic:ro] [389/405] Building C object zephyr/kernel/CMakeFiles/kernel.dir/mutex.c.obj
[/mnt/host/source/src/platform/ec/build/zephyr/pujjo-lcov]   /mnt/host/source/src/platform/ec/build/zephyr/pujjo/build-rw/zephyr/arch/common/CMakeFiles/isr_tables.dir/isr_tables.c.gcno:no functions found
[/mnt/host/source/src/platform/ec/build/zephyr/pujjo-lcov] stderr:
[quenbi:ro] [180/342] Building C object zephyr/lib/libc/minimal/CMakeFiles/lib__libc__minimal.dir/source/stdlib/exit.c.obj
[quenbi:ro] [181/342] Building C object zephyr/lib/libc/minimal/CMakeFiles/lib__libc__minimal.dir/source/string/strncasecmp.c.obj
[epic:ro] [390/405] Building C object zephyr/kernel/CMakeFiles/kernel.dir/sem.c.obj
[buccaneer:rw] [261/526] Building C object modules/ec/third_party/boringssl/build/CMakeFiles/crypto.dir/crypto/asn1/a_bitstr.c.obj
[quenbi:rw] [315/342] Building C object zephyr/kernel/CMakeFiles/kernel.dir/fatal.c.obj
[quenbi:ro] [182/342] Building C object zephyr/lib/libc/minimal/CMakeFiles/lib__libc__minimal.dir/source/string/strstr.c.obj
[epic:ro] [391/405] Building C object zephyr/kernel/CMakeFiles/kernel.dir/stack.c.obj
[buccaneer:rw] [262/526] Building C object modules/ec/third_party/boringssl/build/CMakeFiles/crypto.dir/crypto/asn1/a_d2i_fp.c.obj
[epic:ro] [392/405] Building C object zephyr/kernel/CMakeFiles/kernel.dir/system_work_q.c.obj
[quenbi:rw] [316/342] Building C object zephyr/kernel/CMakeFiles/kernel.dir/init.c.obj
[quenbi:ro] [183/342] Building C object zephyr/lib/libc/minimal/CMakeFiles/lib__libc__minimal.dir/source/string/string.c.obj
[buccaneer:rw] [263/526] Building C object modules/ec/third_party/boringssl/build/CMakeFiles/crypto.dir/crypto/asn1/a_dup.c.obj
[quenbi:ro] [184/342] Building C object zephyr/lib/libc/minimal/CMakeFiles/lib__libc__minimal.dir/source/string/strspn.c.obj
[quenbi:rw] [317/342] Building C object zephyr/kernel/CMakeFiles/kernel.dir/kheap.c.obj
[quenbi:rw] [318/342] Building C object zephyr/kernel/CMakeFiles/kernel.dir/version.c.obj
[buccaneer:rw] [264/526] Building C object modules/ec/third_party/boringssl/build/CMakeFiles/crypto.dir/crypto/asn1/a_gentm.c.obj
[buccaneer:rw] [265/526] Building C object modules/ec/third_party/boringssl/build/CMakeFiles/crypto.dir/crypto/asn1/a_i2d_fp.c.obj
[epic:ro] [393/405] Building C object zephyr/kernel/CMakeFiles/kernel.dir/condvar.c.obj
[epic:ro] [394/405] Building C object zephyr/kernel/CMakeFiles/kernel.dir/work.c.obj
[quenbi:rw] [319/342] Building C object zephyr/kernel/CMakeFiles/kernel.dir/mem_slab.c.obj
[epic:ro] [395/405] Building C object zephyr/kernel/CMakeFiles/kernel.dir/thread.c.obj
[quenbi:rw] [320/342] Building C object zephyr/kernel/CMakeFiles/kernel.dir/float.c.obj
[buccaneer:rw] [266/526] Building C object modules/ec/third_party/boringssl/build/CMakeFiles/crypto.dir/crypto/asn1/a_mbstr.c.obj
[epic:ro] [396/405] Building C object zephyr/kernel/CMakeFiles/kernel.dir/pipe.c.obj
[epic:ro] [397/405] Building C object zephyr/kernel/CMakeFiles/kernel.dir/sched.c.obj
[quenbi:ro] [185/342] Building C object zephyr/lib/libc/minimal/CMakeFiles/lib__libc__minimal.dir/source/stdout/stdout_console.c.obj
[quenbi:ro] [186/342] Building C object zephyr/lib/libc/minimal/CMakeFiles/lib__libc__minimal.dir/source/stdout/sprintf.c.obj
[quenbi:rw] [321/342] Building C object zephyr/kernel/CMakeFiles/kernel.dir/idle.c.obj
[buccaneer:rw] [267/526] Building C object modules/ec/third_party/boringssl/build/CMakeFiles/fipsmodule.dir/crypto/fipsmodule/bcm.c.obj
[quenbi:rw] [322/342] Building C object zephyr/kernel/CMakeFiles/kernel.dir/mailbox.c.obj
[epic:ro] [398/405] Building C object zephyr/kernel/CMakeFiles/kernel.dir/thread_monitor.c.obj
[epic:ro] [399/405] Building C object zephyr/kernel/CMakeFiles/kernel.dir/timeout.c.obj
[buccaneer:rw] [268/526] Building C object modules/ec/third_party/boringssl/build/CMakeFiles/crypto.dir/crypto/asn1/a_int.c.obj
[quenbi:ro] [187/342] Building C object zephyr/lib/libc/minimal/CMakeFiles/lib__libc__minimal.dir/source/math/sqrtf.c.obj
[epic:ro] [400/405] Building C object zephyr/kernel/CMakeFiles/kernel.dir/timer.c.obj
[quenbi:rw] [323/342] Building C object zephyr/kernel/CMakeFiles/kernel.dir/msg_q.c.obj
[buccaneer:rw] [269/526] Building C object modules/ec/third_party/boringssl/build/CMakeFiles/crypto.dir/crypto/asn1/a_octet.c.obj
[quenbi:rw] [324/342] Building C object zephyr/kernel/CMakeFiles/kernel.dir/mutex.c.obj
[epic:ro] [401/405] Building C object zephyr/kernel/CMakeFiles/kernel.dir/events.c.obj
[quenbi:ro] [188/342] Building C object zephyr/lib/libc/minimal/CMakeFiles/lib__libc__minimal.dir/source/math/sqrt.c.obj
[epic:ro] [402/405] Building C object zephyr/kernel/CMakeFiles/kernel.dir/poll.c.obj
[buccaneer:rw] [270/526] Building C object modules/ec/third_party/boringssl/build/CMakeFiles/crypto.dir/crypto/asn1/a_object.c.obj
[quenbi:ro] [189/342] Building C object zephyr/lib/libc/minimal/CMakeFiles/lib__libc__minimal.dir/source/stdout/fprintf.c.obj
[quenbi:rw] [325/342] Building C object zephyr/kernel/CMakeFiles/kernel.dir/queue.c.obj
[quenbi:rw] [326/342] Building C object zephyr/kernel/CMakeFiles/kernel.dir/sem.c.obj
[epic:ro] [403/405] Building C object zephyr/kernel/CMakeFiles/kernel.dir/mempool.c.obj
[quenbi:ro] [190/342] Building C object zephyr/lib/libc/common/CMakeFiles/lib__libc__common.dir/source/time/gmtime_r.c.obj
[epic:ro] [404/405] Building C object zephyr/kernel/CMakeFiles/kernel.dir/dynamic_disabled.c.obj
[quenbi:ro] [191/342] Building C object zephyr/lib/libc/common/CMakeFiles/lib__libc__common.dir/source/time/asctime.c.obj
[buccaneer:rw] [271/526] Building C object modules/ec/third_party/boringssl/build/CMakeFiles/crypto.dir/crypto/asn1/a_time.c.obj
[epic:ro] [405/405] Linking C static library zephyr/kernel/libkernel.a
[quenbi:rw] [327/342] Building C object zephyr/kernel/CMakeFiles/kernel.dir/stack.c.obj
[buccaneer:rw] [272/526] Building C object modules/ec/third_party/boringssl/build/CMakeFiles/crypto.dir/crypto/asn1/a_utctm.c.obj
[quenbi:ro] [192/342] Building C object zephyr/lib/libc/common/CMakeFiles/lib__libc__common.dir/source/time/ctime.c.obj
[quenbi:ro] [193/342] Building C object zephyr/lib/libc/common/CMakeFiles/lib__libc__common.dir/source/time/localtime_r_utc.c.obj
[buccaneer:rw] [273/526] Building C object modules/ec/third_party/boringssl/build/CMakeFiles/crypto.dir/crypto/asn1/a_type.c.obj
[buccaneer:rw] [274/526] Building C object modules/ec/third_party/boringssl/build/CMakeFiles/crypto.dir/crypto/asn1/a_strex.c.obj
[buccaneer:rw] [275/526] Building C object modules/ec/third_party/boringssl/build/CMakeFiles/crypto.dir/crypto/asn1/a_strnid.c.obj
[quenbi:ro] [194/342] Building C object zephyr/lib/libc/common/CMakeFiles/lib__libc__common.dir/source/stdlib/abort.c.obj
[quenbi:rw] [328/342] Building C object zephyr/kernel/CMakeFiles/kernel.dir/system_work_q.c.obj
[quenbi:ro] [195/342] Building C object zephyr/lib/libc/minimal/CMakeFiles/lib__libc__minimal.dir/source/time/gmtime.c.obj
[buccaneer:rw] [276/526] Building C object modules/ec/third_party/boringssl/build/CMakeFiles/crypto.dir/crypto/asn1/asn1_par.c.obj
[buccaneer:rw] [277/526] Building C object modules/ec/third_party/boringssl/build/CMakeFiles/crypto.dir/crypto/asn1/asn_pack.c.obj
[quenbi:ro] [196/342] Building C object zephyr/lib/libc/common/CMakeFiles/lib__libc__common.dir/source/string/strnlen.c.obj
[quenbi:ro] [197/342] Building C object zephyr/lib/libc/common/CMakeFiles/lib__libc__common.dir/source/time/time.c.obj
[buccaneer:rw] [278/526] Building C object modules/ec/third_party/boringssl/build/CMakeFiles/crypto.dir/crypto/asn1/f_int.c.obj
[quenbi:ro] [198/342] Linking C static library zephyr/lib/libc/minimal/liblib__libc__minimal.a
[quenbi:rw] [329/342] Building C object zephyr/kernel/CMakeFiles/kernel.dir/condvar.c.obj
[buccaneer:rw] [279/526] Building C object modules/ec/third_party/boringssl/build/CMakeFiles/crypto.dir/crypto/asn1/f_string.c.obj
[quenbi:ro] [199/342] Building C object zephyr/lib/posix/c_lib_ext/CMakeFiles/lib__posix__c_lib_ext.dir/fnmatch.c.obj
[buccaneer:rw] [280/526] Building C object modules/ec/third_party/boringssl/build/CMakeFiles/crypto.dir/crypto/asn1/posix_time.c.obj
[buccaneer:rw] [281/526] Building C object modules/ec/third_party/boringssl/build/CMakeFiles/crypto.dir/crypto/asn1/asn1_lib.c.obj
[quenbi:ro] [200/342] Building C object zephyr/subsys/crc/CMakeFiles/subsys__crc.dir/crc4_sw.c.obj
[quenbi:rw] [330/342] Building C object zephyr/kernel/CMakeFiles/kernel.dir/thread.c.obj
[quenbi:rw] [331/342] Building C object zephyr/kernel/CMakeFiles/kernel.dir/work.c.obj
[buccaneer:rw] [282/526] Building C object modules/ec/third_party/boringssl/build/CMakeFiles/crypto.dir/crypto/asn1/tasn_fre.c.obj
[quenbi:ro] [201/342] Building C object zephyr/lib/libc/common/CMakeFiles/lib__libc__common.dir/source/stdlib/malloc.c.obj
[quenbi:ro] [202/342] Building C object zephyr/subsys/crc/CMakeFiles/subsys__crc.dir/crc8_sw.c.obj
[quenbi:rw] [332/342] Building C object zephyr/kernel/CMakeFiles/kernel.dir/sched.c.obj
[quenbi:ro] [203/342] Linking C static library zephyr/lib/libc/common/liblib__libc__common.a
[quenbi:rw] [333/342] Building C object zephyr/kernel/CMakeFiles/kernel.dir/pipe.c.obj
[quenbi:ro] [204/342] Building C object zephyr/subsys/crc/CMakeFiles/subsys__crc.dir/crc16_sw.c.obj
[buccaneer:rw] [283/526] Building C object modules/ec/third_party/boringssl/build/CMakeFiles/crypto.dir/crypto/asn1/tasn_typ.c.obj
[quenbi:ro] [205/342] Building C object zephyr/subsys/crc/CMakeFiles/subsys__crc.dir/crc7_sw.c.obj
[quenbi:ro] [206/342] Building C object zephyr/subsys/crc/CMakeFiles/subsys__crc.dir/crc24_sw.c.obj
[quenbi:ro] [207/342] Building C object zephyr/lib/posix/c_lib_ext/CMakeFiles/lib__posix__c_lib_ext.dir/getopt_shim.c.obj
[quenbi:ro] [208/342] Building C object zephyr/subsys/crc/CMakeFiles/subsys__crc.dir/crc32c_sw.c.obj
[quenbi:rw] [334/342] Building C object zephyr/kernel/CMakeFiles/kernel.dir/spinlock_validate.c.obj
[quenbi:ro] [209/342] Building C object zephyr/lib/posix/c_lib_ext/CMakeFiles/lib__posix__c_lib_ext.dir/getentropy.c.obj
[buccaneer:rw] [284/526] Building C object modules/ec/third_party/boringssl/build/CMakeFiles/crypto.dir/crypto/asn1/tasn_dec.c.obj
[quenbi:ro] [210/342] Building C object zephyr/subsys/crc/CMakeFiles/subsys__crc.dir/crc32_sw.c.obj
[quenbi:ro] [211/342] Building C object zephyr/subsys/crc/CMakeFiles/subsys__crc.dir/crc32k_4_2_sw.c.obj
[quenbi:ro] [212/342] Linking C static library zephyr/lib/posix/c_lib_ext/liblib__posix__c_lib_ext.a
[buccaneer:rw] [285/526] Building C object modules/ec/third_party/boringssl/build/CMakeFiles/crypto.dir/crypto/asn1/tasn_new.c.obj
[quenbi:rw] [335/342] Building C object zephyr/kernel/CMakeFiles/kernel.dir/thread_monitor.c.obj
[quenbi:ro] [213/342] Linking C static library zephyr/subsys/crc/libsubsys__crc.a
[quenbi:rw] [336/342] Building C object zephyr/kernel/CMakeFiles/kernel.dir/timeout.c.obj
[buccaneer:rw] [286/526] Building C object modules/ec/third_party/boringssl/build/CMakeFiles/crypto.dir/crypto/asn1/tasn_enc.c.obj
[quenbi:ro] [214/342] Building C object zephyr/subsys/input/CMakeFiles/subsys__input.dir/input_hid.c.obj
[quenbi:rw] [337/342] Building C object zephyr/kernel/CMakeFiles/kernel.dir/timer.c.obj
[buccaneer:rw] [287/526] Building C object modules/ec/third_party/boringssl/build/CMakeFiles/crypto.dir/crypto/bio/connect.c.obj
[buccaneer:rw] [288/526] Building C object modules/ec/third_party/boringssl/build/CMakeFiles/crypto.dir/crypto/asn1/tasn_utl.c.obj
[buccaneer:ro] Building: /usr/bin/ninja -C /mnt/host/source/src/platform/ec/build/zephyr/buccaneer/build-ro all.libraries
Running `env -i SHELL=/bin/bash COLORTERM=truecolor DEPOT_TOOLS_UPDATE=0 LESS='-R -M --shift 5' SUDO_GID=0 JDK_HOME=/etc/java-config-2/current-system-vm CONFIG_PROTECT_MASK='/etc/gentoo-release /etc/sandbox.d /etc/fonts/fonts.conf /etc/terminfo /etc/ca-certificates.conf /etc/revdep-rebuild' CHROMEOS_CACHEDIR=/var/cache/chromeos-cache JAVA_HOME=/etc/java-config-2/current-system-vm SSH_AUTH_SOCK=/tmp/ssh-auth-sock SUDO_COMMAND=/bin/bash SUDO_USER=root SUDO_TTY=/dev/pts/2 EDITOR=/usr/bin/vi PWD=/mnt/host/source/src/platform/ec CONFIG_PROTECT=/usr/share/gnupg/qualified.txt LOGNAME=jpmurphy MANPATH=/etc/java-config-2/current-system-vm/man:/usr/local/share/man:/usr/share/man:/usr/share/gcc-data/x86_64-pc-linux-gnu/10.2.0/man:/usr/share/binutils-data/x86_64-pc-linux-gnu/2.45/man:/etc/java-config-2/current-system-vm/man/ SUDO_HOME=/root XAUTHORITY=/run/user/944457/gdm/Xauthority HOME=/home/jpmurphy LANG=C.UTF-8 LS_COLORS='rs=0:di=01;34:ln=01;36:mh=00:pi=40;33:so=01;35:do=01;35:bd=40;33;01:cd=40;33;01:or=01;05;37;41:mi=01;05;37;41:su=37;41:sg=30;43:ca=30;41:tw=30;42:ow=34;42:st=37;44:ex=01;32:*.tar=01;31:*.tgz=01;31:*.arc=01;31:*.arj=01;31:*.taz=01;31:*.lha=01;31:*.lz4=01;31:*.lzh=01;31:*.lzma=01;31:*.tlz=01;31:*.txz=01;31:*.tzo=01;31:*.t7z=01;31:*.zip=01;31:*.z=01;31:*.dz=01;31:*.gz=01;31:*.lrz=01;31:*.lz=01;31:*.lzo=01;31:*.xz=01;31:*.zst=01;31:*.tzst=01;31:*.bz2=01;31:*.bz=01;31:*.tbz=01;31:*.tbz2=01;31:*.tz=01;31:*.deb=01;31:*.rpm=01;31:*.jar=01;31:*.war=01;31:*.ear=01;31:*.sar=01;31:*.rar=01;31:*.alz=01;31:*.ace=01;31:*.zoo=01;31:*.cpio=01;31:*.7z=01;31:*.rz=01;31:*.cab=01;31:*.wim=01;31:*.swm=01;31:*.dwm=01;31:*.esd=01;31:*.jpg=01;35:*.jpeg=01;35:*.mjpg=01;35:*.mjpeg=01;35:*.gif=01;35:*.bmp=01;35:*.pbm=01;35:*.pgm=01;35:*.ppm=01;35:*.tga=01;35:*.xbm=01;35:*.xpm=01;35:*.tif=01;35:*.tiff=01;35:*.png=01;35:*.svg=01;35:*.svgz=01;35:*.mng=01;35:*.pcx=01;35:*.mov=01;35:*.mpg=01;35:*.mpeg=01;35:*.m2v=01;35:*.mkv=01;35:*.webm=01;35:*.webp=01;35:*.ogm=01;35:*.mp4=01;35:*.m4v=01;35:*.mp4v=01;35:*.vob=01;35:*.qt=01;35:*.nuv=01;35:*.wmv=01;35:*.asf=01;35:*.rm=01;35:*.rmvb=01;35:*.flc=01;35:*.avi=01;35:*.fli=01;35:*.flv=01;35:*.gl=01;35:*.dl=01;35:*.xcf=01;35:*.xwd=01;35:*.yuv=01;35:*.cgm=01;35:*.emf=01;35:*.ogv=01;35:*.ogx=01;35:*.cfg=00;32:*.conf=00;32:*.diff=00;32:*.doc=00;32:*.ini=00;32:*.log=00;32:*.patch=00;32:*.pdf=00;32:*.ps=00;32:*.tex=00;32:*.txt=00;32:*.aac=00;36:*.au=00;36:*.flac=00;36:*.m4a=00;36:*.mid=00;36:*.midi=00;36:*.mka=00;36:*.mp3=00;36:*.mpc=00;36:*.ogg=00;36:*.ra=00;36:*.wav=00;36:*.oga=00;36:*.opus=00;36:*.spx=00;36:*.xspf=00;36:' XDG_CURRENT_DESKTOP=GNOME INFOPATH=/usr/share/info:/usr/share/gcc-data/x86_64-pc-linux-gnu/10.2.0/info:/usr/share/binutils-data/x86_64-pc-linux-gnu/2.45/info:/usr/share/automake-1.16.5/info JAVAC=/etc/java-config-2/current-system-vm/bin/javac TERM=xterm-256color LESSOPEN='|lesspipe %s' USER=jpmurphy CROS_WORKON_SRCROOT=/mnt/host/source MANPAGER=manpager DISPLAY=:1 SHLVL=1 LC_MESSAGES=C EXTERNAL_TRUNK_PATH=/mnt/8f9d649a-3721-44cc-93c0-e6bd21a9689f/chromiumos GCC_SPECS='' PATH=/mnt/host/source/chromite/bin:/usr/local/bin:/usr/bin:/bin:/opt/bin:/mnt/host/source/chromite/sdk/bin:/mnt/host/source/chromite/bin PORTAGE_USERNAME=jpmurphy SUDO_UID=0 GCC_VER=10.2.0 MAIL=/var/mail/jpmurphy OLDPWD=/mnt/host/source/src/scripts traceparent=00-e87aca51550a78635907baa6a2476181-6d684811675d2973-01 _=./zephyr/firmware_builder.py COREBOOT_SDK_ROOT_x86=/home/jpmurphy/.cache/coreboot-sdk/i386-elf/dfbb0486385d938cfa9d73080b9d18d598ed4f49 COREBOOT_SDK_ROOT_picolibc_x86=/home/jpmurphy/.cache/coreboot-sdk/picolibc-i386-elf/eb8e8e687b95461de8cbf278f1c2076952d0ad17 COREBOOT_SDK_ROOT_riscv64=/home/jpmurphy/.cache/coreboot-sdk/riscv64-elf/96b949749225b6aaa92ed810ab769e8dfb12f000 COREBOOT_SDK_ROOT_picolibc_arm=/home/jpmurphy/.cache/coreboot-sdk/picolibc-arm-eabi/422a2aa3e1ef891b5bece9a3deb696ff83840d2e COREBOOT_SDK_ROOT_nds32=/home/jpmurphy/.cache/coreboot-sdk/nds32le-elf/d1a518c4a097666d86058e1444f85ca015d15511 COREBOOT_SDK_ROOT_picolibc_riscv64=/home/jpmurphy/.cache/coreboot-sdk/picolibc-riscv64-elf/f571e990ef0278564b31124f8bb109d9a697eb69 COREBOOT_SDK_ROOT_arm=/home/jpmurphy/.cache/coreboot-sdk/arm-eabi/ea40ddd1d190c3b48435c474c0b545719371813a COREBOOT_SDK_ROOT_libstdcxx_riscv64=/home/jpmurphy/.cache/coreboot-sdk/libstdcxx-riscv64-elf/17abf22a3a252e2d5d2062ced5324f7a623689e0 COREBOOT_SDK_ROOT_libstdcxx_arm=/home/jpmurphy/.cache/coreboot-sdk/libstdcxx-arm-eabi/5d7d82e150e44aa1968f1d366e267e6687b328ac COREBOOT_SDK_ROOT_riscv=/home/jpmurphy/.cache/coreboot-sdk/riscv-elf/9a27b9e82341c6e9126624f516ab3f261abb3e73 COREBOOT_SDK_ROOT_libstdcxx_x86=/home/jpmurphy/.cache/coreboot-sdk/libstdcxx-i386-elf/42ef9d2e87a76a37963175d7d428734e65648b87 PYTHONPATH=/mnt/host/source/src/platform/ec/zephyr/zmake PW_PIGWEED_CIPD_INSTALL_DIR=/usr CROSTC_USER_ACKNOWLEDGES_THAT_RISCV_IS_EXPERIMENTAL=1 MAKEFLAGS=' -j16 --jobserver-auth=5,6' /usr/bin/ninja -C /mnt/host/source/src/platform/ec/build/zephyr/buccaneer/build-ro all.libraries`
[buccaneer:ro] ninja: Entering directory `/mnt/host/source/src/platform/ec/build/zephyr/buccaneer/build-ro'
[quenbi:rw] [338/342] Building C object zephyr/kernel/CMakeFiles/kernel.dir/poll.c.obj
[/mnt/host/source/src/platform/ec/build/zephyr/pujjo-lcov]   /mnt/host/source/src/platform/ec/build/zephyr/pujjo/build-rw/zephyr/CMakeFiles/zephyr.dir/subsys/shell/modules/kernel_service/kernel_shell.c.gcno:no functions found
[/mnt/host/source/src/platform/ec/build/zephyr/pujjo-lcov] stderr:
[buccaneer:rw] [289/526] Building C object modules/ec/third_party/boringssl/build/CMakeFiles/crypto.dir/crypto/base64/base64.c.obj
[buccaneer:rw] [290/526] Building C object modules/ec/third_party/boringssl/build/CMakeFiles/crypto.dir/crypto/bio/errno.c.obj
[quenbi:ro] [215/342] Building C object zephyr/subsys/input/CMakeFiles/subsys__input.dir/input.c.obj
[buccaneer:rw] [291/526] Building C object modules/ec/third_party/boringssl/build/CMakeFiles/crypto.dir/crypto/bio/fd.c.obj
[quenbi:rw] [339/342] Building C object zephyr/kernel/CMakeFiles/kernel.dir/events.c.obj
Running (initial) lcov on /mnt/host/source/src/platform/ec/build/zephyr/epic.
[quenbi:rw] [340/342] Building C object zephyr/kernel/CMakeFiles/kernel.dir/mempool.c.obj
[/mnt/host/source/src/platform/ec/build/zephyr/pujjo-lcov]   /mnt/host/source/src/platform/ec/build/zephyr/pujjo/build-rw/zephyr/CMakeFiles/zephyr.dir/lib/libc/validate_libc.c.gcno:no functions found
[/mnt/host/source/src/platform/ec/build/zephyr/pujjo-lcov] stderr:
Toolchain <zmake.toolchains.CorebootSdkToolchain object at 0x7f41439ec750> selected by probe function.
[wugtrio] Building in /mnt/host/source/src/platform/ec/build/zephyr/wugtrio.
[quenbi:rw] [341/342] Building C object zephyr/kernel/CMakeFiles/kernel.dir/dynamic_disabled.c.obj
[buccaneer:ro] [1/513] Preparing syscall dependency handling
[quenbi:ro] [216/342] Building C object zephyr/subsys/input/CMakeFiles/subsys__input.dir/input_utils.c.obj
[buccaneer:rw] [292/526] Building C object modules/ec/third_party/boringssl/build/CMakeFiles/crypto.dir/crypto/bio/bio.c.obj
[quenbi:ro] [217/342] Linking C static library zephyr/subsys/input/libsubsys__input.a
[quenbi:ro] [218/342] Building C object zephyr/drivers/adc/CMakeFiles/drivers__adc.dir/adc_common.c.obj
[quenbi:rw] [342/342] Linking C static library zephyr/kernel/libkernel.a
[buccaneer:rw] [293/526] Building C object modules/ec/third_party/boringssl/build/CMakeFiles/crypto.dir/crypto/bio/bio_mem.c.obj
[wugtrio:rw] Configuring.
Running `env -i PYTHONPATH=/usr/lib64/python-exec/python3.11:/mnt/host/source/src/platform/ec/zephyr/zmake:/usr/lib/python311.zip:/usr/lib/python3.11:/usr/lib/python3.11/lib-dynload:/usr/lib/python3.11/site-packages PW_PIGWEED_CIPD_INSTALL_DIR=/usr CROSTC_USER_ACKNOWLEDGES_THAT_RISCV_IS_EXPERIMENTAL=1 PATH=/mnt/host/source/chromite/bin:/usr/local/bin:/usr/bin:/bin:/opt/bin:/mnt/host/source/chromite/sdk/bin:/mnt/host/source/chromite/bin HOME=/home/jpmurphy JAVA_HOME=/etc/java-config-2/current-system-vm JDK_HOME=/etc/java-config-2/current-system-vm JAVAC=/etc/java-config-2/current-system-vm/bin/javac MAKEFLAGS=' -j16 --jobserver-auth=5,6' /usr/bin/cmake -S /mnt/host/source/src/platform/ec/zephyr/program/corsola -B /mnt/host/source/src/platform/ec/build/zephyr/wugtrio/build-rw -GNinja -DCMAKE_EXPORT_COMPILE_COMMANDS=ON -DZEPHYR_BASE=/mnt/host/source/src/third_party/zephyr/main -DZMAKE_INCLUDE_DIR=/mnt/host/source/src/platform/ec/build/zephyr/wugtrio/include -DPython3_EXECUTABLE=/usr/bin/python3.11 -DDTS_ROOT=/mnt/host/source/src/platform/ec/zephyr -DSYSCALL_INCLUDE_DIRS=/mnt/host/source/src/platform/ec/zephyr/include/drivers -DUSER_CACHE_DIR=/mnt/host/source/src/platform/ec/build/zephyr/user-cache '-DEXTRA_EC_VERSION_FLAGS=--version 16543.0.0 --static' -DTOOLCHAIN_ROOT=/mnt/host/source/src/platform/ec/zephyr -DCOREBOOT_SDK_ROOT_x86=/home/jpmurphy/.cache/coreboot-sdk/i386-elf/dfbb0486385d938cfa9d73080b9d18d598ed4f49 -DCOREBOOT_SDK_ROOT_picolibc_x86=/home/jpmurphy/.cache/coreboot-sdk/picolibc-i386-elf/eb8e8e687b95461de8cbf278f1c2076952d0ad17 -DCOREBOOT_SDK_ROOT_riscv64=/home/jpmurphy/.cache/coreboot-sdk/riscv64-elf/96b949749225b6aaa92ed810ab769e8dfb12f000 -DCOREBOOT_SDK_ROOT_picolibc_arm=/home/jpmurphy/.cache/coreboot-sdk/picolibc-arm-eabi/422a2aa3e1ef891b5bece9a3deb696ff83840d2e -DCOREBOOT_SDK_ROOT_nds32=/home/jpmurphy/.cache/coreboot-sdk/nds32le-elf/d1a518c4a097666d86058e1444f85ca015d15511 -DCOREBOOT_SDK_ROOT_picolibc_riscv64=/home/jpmurphy/.cache/coreboot-sdk/picolibc-riscv64-elf/f571e990ef0278564b31124f8bb109d9a697eb69 -DCOREBOOT_SDK_ROOT_arm=/home/jpmurphy/.cache/coreboot-sdk/arm-eabi/ea40ddd1d190c3b48435c474c0b545719371813a -DCOREBOOT_SDK_ROOT_libstdcxx_riscv64=/home/jpmurphy/.cache/coreboot-sdk/libstdcxx-riscv64-elf/17abf22a3a252e2d5d2062ced5324f7a623689e0 -DCOREBOOT_SDK_ROOT_libstdcxx_arm=/home/jpmurphy/.cache/coreboot-sdk/libstdcxx-arm-eabi/5d7d82e150e44aa1968f1d366e267e6687b328ac -DCOREBOOT_SDK_ROOT_riscv=/home/jpmurphy/.cache/coreboot-sdk/riscv-elf/9a27b9e82341c6e9126624f516ab3f261abb3e73 -DCOREBOOT_SDK_ROOT_libstdcxx_x86=/home/jpmurphy/.cache/coreboot-sdk/libstdcxx-i386-elf/42ef9d2e87a76a37963175d7d428734e65648b87 -DZEPHYR_TOOLCHAIN_VARIANT=coreboot-sdk -DZEPHYR_MODULES=/mnt/host/source/src/platform/ec/build/zephyr/wugtrio/modules/ec -DDTC_OVERLAY_FILE=/mnt/host/source/src/platform/ec/zephyr/program/corsola/wugtrio/project.overlay -DBOARD=it8xxx2/it81202bx -DCMAKE_C_FLAGS=-DSECTION_IS_RW '-DCONF_FILE=/mnt/host/source/src/platform/ec/zephyr/program/corsola/program.conf;/mnt/host/source/src/platform/ec/zephyr/program/corsola/ite_program.conf;/mnt/host/source/src/platform/ec/zephyr/program/corsola/wugtrio/project.conf;/mnt/host/source/src/platform/ec/build/zephyr/wugtrio/kconfig-rw.conf'`
[wugtrio:rw] Loading Zephyr default modules (Zephyr base (cached)).
[wugtrio:rw] -- Application: /mnt/host/source/src/platform/ec/zephyr/program/corsola
[wugtrio:rw] -- CMake version: 3.31.7
[quenbi:ro] [219/342] Building C object zephyr/drivers/interrupt_controller/CMakeFiles/drivers__interrupt_controller.dir/intc_miwu.c.obj
[buccaneer:ro] [2/513] Generating misc/generated/syscalls_subdirs.trigger
[buccaneer:rw] [294/526] Building C object modules/ec/third_party/boringssl/build/CMakeFiles/crypto.dir/crypto/bio/printf.c.obj
[quenbi:ro] [220/342] Linking C static library zephyr/drivers/interrupt_controller/libdrivers__interrupt_controller.a
[buccaneer:rw] [295/526] Building C object modules/ec/third_party/boringssl/build/CMakeFiles/crypto.dir/crypto/bio/socket.c.obj
Running `env -i PYTHONPATH=/usr/lib64/python-exec/python3.11:/mnt/host/source/src/platform/ec/zephyr/zmake:/usr/lib/python311.zip:/usr/lib/python3.11:/usr/lib/python3.11/lib-dynload:/usr/lib/python3.11/site-packages PW_PIGWEED_CIPD_INSTALL_DIR=/usr CROSTC_USER_ACKNOWLEDGES_THAT_RISCV_IS_EXPERIMENTAL=1 PATH=/mnt/host/source/chromite/bin:/usr/local/bin:/usr/bin:/bin:/opt/bin:/mnt/host/source/chromite/sdk/bin:/mnt/host/source/chromite/bin HOME=/home/jpmurphy JAVA_HOME=/etc/java-config-2/current-system-vm JDK_HOME=/etc/java-config-2/current-system-vm JAVAC=/etc/java-config-2/current-system-vm/bin/javac MAKEFLAGS=' -j16 --jobserver-auth=5,6' /usr/bin/lcov --gcov-tool /mnt/host/source/src/platform/ec/build/zephyr/epic/build-rw/gcov.sh -q -o - -c -d /mnt/host/source/src/platform/ec/build/zephyr/epic -t epic --rc branch_coverage=1 --filter range --ignore-errors inconsistent,source --ignore-errors gcov,gcov -i`
[buccaneer:ro] [3/513] Generating include/generated/zephyr/version.h
[buccaneer:ro] -- git describe warned: warning: tag 'upstream/v2.7.99' is externally known as 'v2.7.99'
[buccaneer:ro] -- Zephyr version: 4.3.99 (/mnt/host/source/src/third_party/zephyr/main)
[buccaneer:ro] [4/513] cd /mnt/host/source/src/platform/ec/build/zephyr/buccaneer/build-ro/modules/ec/zephyr && PYTHONPATH=/mnt/host/source/src/platform/ec/build/zephyr/buccaneer/modules/ec/zephyr/zmake/ /usr/bin/python3.11 /mnt/host/source/src/platform/ec/build/zephyr/buccaneer/modules/ec/zephyr/zmake/zephyr_build_tools/generate_ec_version.py /mnt/host/source/src/platform/ec/build/zephyr/buccaneer/build-ro/modules/ec/zephyr/include/ec_version.h --name Zephyr-Kernel --version 16543.0.0 --static
[buccaneer:ro] INFO:root:Using a static version string
[buccaneer:rw] [296/526] Building C object modules/ec/third_party/boringssl/build/CMakeFiles/crypto.dir/crypto/bio/socket_helper.c.obj
[buccaneer:rw] [297/526] Building C object modules/ec/third_party/boringssl/build/CMakeFiles/crypto.dir/crypto/bio/file.c.obj
[buccaneer:rw] [298/526] Building C object modules/ec/third_party/boringssl/build/CMakeFiles/crypto.dir/crypto/bio/hexdump.c.obj
[wugtrio:rw] -- Found Python3: /usr/bin/python3.11 (found suitable version "3.11.11", minimum required is "3.10") found components: Interpreter
[wugtrio:rw] -- Cache files will be written to: /mnt/host/source/src/platform/ec/build/zephyr/user-cache
[wugtrio:rw] -- Zephyr version: 4.3.99 (/mnt/host/source/src/third_party/zephyr/main)
[quenbi:ro] [221/342] Building C object zephyr/drivers/bbram/CMakeFiles/drivers__bbram.dir/bbram_npcx.c.obj
[buccaneer:rw] [299/526] Building C object modules/ec/third_party/boringssl/build/CMakeFiles/crypto.dir/crypto/bn_extra/bn_asn1.c.obj
[quenbi:ro] [222/342] Linking C static library zephyr/drivers/bbram/libdrivers__bbram.a
[buccaneer:rw] [300/526] Building C object modules/ec/third_party/boringssl/build/CMakeFiles/crypto.dir/crypto/bio/pair.c.obj
[quenbi:ro] [223/342] Building C object zephyr/drivers/adc/CMakeFiles/drivers__adc.dir/adc_npcx.c.obj
[quenbi:ro] [224/342] Building C object zephyr/drivers/console/CMakeFiles/drivers__console.dir/uart_console.c.obj
[quenbi:ro] [225/342] Linking C static library zephyr/drivers/adc/libdrivers__adc.a
[quenbi:ro] [226/342] Linking C static library zephyr/drivers/console/libdrivers__console.a
[quenbi:ro] [227/342] Building C object zephyr/drivers/clock_control/CMakeFiles/drivers__clock_control.dir/clock_control_npcx.c.obj
[quenbi:ro] [228/342] Linking C static library zephyr/drivers/clock_control/libdrivers__clock_control.a
[quenbi:ro] [229/342] Building C object zephyr/drivers/flash/CMakeFiles/drivers__flash.dir/jesd216.c.obj
[buccaneer:rw] [301/526] Building C object modules/ec/third_party/boringssl/build/CMakeFiles/crypto.dir/crypto/bytestring/ber.c.obj
[buccaneer:ro] INFO:root:Version string: Zephyr-Kernel-16543.0.0
[buccaneer:ro] INFO:root:Writing header to /mnt/host/source/src/platform/ec/build/zephyr/buccaneer/build-ro/modules/ec/zephyr/include/ec_version.h
[buccaneer:ro] [5/513] Generating misc/generated/syscalls.json, misc/generated/struct_tags.json
[buccaneer:rw] [302/526] Building C object modules/ec/third_party/boringssl/build/CMakeFiles/crypto.dir/crypto/blake2/blake2.c.obj
[buccaneer:ro] [6/513] Generating include/generated/zephyr/syscall_dispatch.c, include/generated/zephyr/syscall_exports_llext.c, syscall_weakdefs_llext.c, include/generated/zephyr/syscall_list.h
[/mnt/host/source/src/platform/ec/build/zephyr/pujjo-lcov]   /mnt/host/source/src/platform/ec/build/zephyr/pujjo/build-rw/zephyr/CMakeFiles/zephyr.dir/lib/utils/last_section_id.c.gcno:no functions found
[/mnt/host/source/src/platform/ec/build/zephyr/pujjo-lcov] stderr:
[buccaneer:rw] [303/526] Building C object modules/ec/third_party/boringssl/build/CMakeFiles/crypto.dir/crypto/bn_extra/convert.c.obj
[/mnt/host/source/src/platform/ec/build/zephyr/epic-lcov] geninfo: WARNING: using JSON module "JSON::PP" - which is much slower than some alternatives.  Consider installing one of JSON::XS or Cpanel::JSON::XS
[buccaneer:ro] [7/513] Generating include/generated/zephyr/driver-validation.h
[buccaneer:rw] [304/526] Building C object modules/ec/third_party/boringssl/build/CMakeFiles/crypto.dir/crypto/bytestring/asn1_compat.c.obj
[buccaneer:rw] [305/526] Building C object modules/ec/third_party/boringssl/build/CMakeFiles/crypto.dir/crypto/buf/buf.c.obj
[buccaneer:rw] [306/526] Building C object modules/ec/third_party/boringssl/build/CMakeFiles/crypto.dir/crypto/bytestring/unicode.c.obj
[quenbi:ro] [230/342] Building C object zephyr/drivers/flash/CMakeFiles/drivers__flash.dir/flash_npcx_fiu_nor.c.obj
[buccaneer:ro] [8/513] Generating include/generated/zephyr/kobj-types-enum.h, include/generated/zephyr/otype-to-str.h, include/generated/zephyr/otype-to-size.h
[buccaneer:ro] [9/513] Generating include/generated/device-api-sections.ld, include/generated/device-api-sections.cmake
[quenbi:ro] [231/342] Building C object zephyr/drivers/i2c/CMakeFiles/drivers__i2c.dir/i2c_common.c.obj
[quenbi:ro] [232/342] Building C object zephyr/drivers/flash/CMakeFiles/drivers__flash.dir/flash_npcx_fiu_qspi.c.obj
[/mnt/host/source/src/platform/ec/build/zephyr/brox-lcov]   /mnt/host/source/src/platform/ec/build/zephyr/brox/build-rw/zephyr/CMakeFiles/zephyr.dir/soc/ite/ec/it8xxx2/check_regs.c.gcno:no functions found
[/mnt/host/source/src/platform/ec/build/zephyr/brox-lcov] stderr:
[buccaneer:rw] [307/526] Building C object modules/ec/third_party/boringssl/build/CMakeFiles/crypto.dir/crypto/cipher_extra/derive_key.c.obj
[quenbi:ro] [233/342] Linking C static library zephyr/drivers/flash/libdrivers__flash.a
[quenbi:ro] [234/342] Building C object zephyr/drivers/i2c/CMakeFiles/drivers__i2c.dir/i2c_shell.c.obj
[quenbi:ro] [235/342] Building C object zephyr/drivers/gpio/CMakeFiles/drivers__gpio.dir/gpio_npcx.c.obj
[buccaneer:rw] [308/526] Building C object modules/ec/third_party/boringssl/build/CMakeFiles/crypto.dir/crypto/bytestring/cbb.c.obj
[quenbi:ro] [236/342] Building C object zephyr/drivers/i2c/CMakeFiles/drivers__i2c.dir/i2c_npcx_controller.c.obj
[quenbi:ro] [237/342] Linking C static library zephyr/drivers/gpio/libdrivers__gpio.a
[buccaneer:rw] [309/526] Building C object modules/ec/third_party/boringssl/build/CMakeFiles/crypto.dir/crypto/bytestring/cbs.c.obj
[wugtrio:rw] -- Board: it8xxx2, qualifiers: it81202bx
[buccaneer:rw] [310/526] Building C object modules/ec/third_party/boringssl/build/CMakeFiles/crypto.dir/crypto/cipher_extra/cipher_extra.c.obj
[buccaneer:rw] [311/526] Building C object modules/ec/third_party/boringssl/build/CMakeFiles/crypto.dir/crypto/chacha/chacha.c.obj
[quenbi:ro] [238/342] Building C object zephyr/drivers/i2c/CMakeFiles/drivers__i2c.dir/i2c_npcx_controller_fifo.c.obj
[buccaneer:ro] [10/513] Building C object zephyr/CMakeFiles/offsets.dir/arch/arm/core/offsets/offsets.c.obj
[quenbi:ro] [239/342] Building C object zephyr/drivers/pinctrl/CMakeFiles/drivers__pinctrl.dir/common.c.obj
[quenbi:ro] [240/342] Building C object zephyr/drivers/i2c/CMakeFiles/drivers__i2c.dir/i2c_npcx_port.c.obj
[quenbi:ro] [241/342] Building C object zephyr/drivers/input/CMakeFiles/drivers__input.dir/input_kbd_matrix.c.obj
[/mnt/host/source/src/platform/ec/build/zephyr/epic-lcov] stderr:
[quenbi:ro] [242/342] Building C object zephyr/drivers/pinctrl/CMakeFiles/drivers__pinctrl.dir/pinctrl_npcx.c.obj
[quenbi:ro] [243/342] Linking C static library zephyr/drivers/i2c/libdrivers__i2c.a
[buccaneer:ro] [11/513] Generating include/generated/zephyr/offsets.h
[buccaneer:rw] [312/526] Building C object modules/ec/third_party/boringssl/build/CMakeFiles/crypto.dir/crypto/cipher_extra/e_aesctrhmac.c.obj
[quenbi:ro] [244/342] Building C object zephyr/drivers/input/CMakeFiles/drivers__input.dir/input_npcx_kbd.c.obj
[quenbi:ro] [245/342] Linking C static library zephyr/drivers/pinctrl/libdrivers__pinctrl.a
[buccaneer:rw] [313/526] Building C object modules/ec/third_party/boringssl/build/CMakeFiles/crypto.dir/crypto/cipher_extra/e_chacha20poly1305.c.obj
[buccaneer:rw] [314/526] Building C object modules/ec/third_party/boringssl/build/CMakeFiles/crypto.dir/crypto/cipher_extra/e_aesgcmsiv.c.obj
[quenbi:ro] [246/342] Linking C static library zephyr/drivers/input/libdrivers__input.a
[/mnt/host/source/src/platform/ec/build/zephyr/epic-lcov]   /mnt/host/source/src/platform/ec/build/zephyr/epic/build-ro/modules/ec/zephyr/CMakeFiles/ec_shim.dir/shim/src/thermal.c.gcno:no functions found
[/mnt/host/source/src/platform/ec/build/zephyr/epic-lcov] stderr:
[buccaneer:rw] [315/526] Building C object modules/ec/third_party/boringssl/build/CMakeFiles/crypto.dir/crypto/cipher_extra/e_null.c.obj
[buccaneer:rw] [316/526] Building C object modules/ec/third_party/boringssl/build/CMakeFiles/crypto.dir/crypto/cipher_extra/e_des.c.obj
[quenbi:ro] [247/342] Building C object zephyr/drivers/pwm/CMakeFiles/drivers__pwm.dir/pwm_shell.c.obj
[quenbi:ro] [248/342] Building C object zephyr/drivers/pwm/CMakeFiles/drivers__pwm.dir/pwm_npcx.c.obj
[/mnt/host/source/src/platform/ec/build/zephyr/epic-lcov]   /mnt/host/source/src/platform/ec/build/zephyr/epic/build-ro/modules/ec/zephyr/CMakeFiles/ec_shim.dir/shim/src/battery.c.gcno:no functions found
[/mnt/host/source/src/platform/ec/build/zephyr/epic-lcov] stderr:
[quenbi:ro] [249/342] Linking C static library zephyr/drivers/pwm/libdrivers__pwm.a
[quenbi:ro] [250/342] Building C object zephyr/drivers/syscon/CMakeFiles/drivers__syscon.dir/syscon.c.obj
[/mnt/host/source/src/platform/ec/build/zephyr/epic-lcov]   /mnt/host/source/src/platform/ec/build/zephyr/epic/build-ro/modules/ec/zephyr/CMakeFiles/ec_shim.dir/shim/src/charger.c.gcno:no functions found
[/mnt/host/source/src/platform/ec/build/zephyr/epic-lcov] stderr:
[quenbi:ro] [251/342] Building C object zephyr/drivers/sensor/nuvoton/nuvoton_tach_npcx/CMakeFiles/drivers__sensor__nuvoton__nuvoton_tach_npcx.dir/tach_nuvoton_npcx.c.obj
[quenbi:ro] [252/342] Linking C static library zephyr/drivers/syscon/libdrivers__syscon.a
[buccaneer:ro] [12/513] Building C object CMakeFiles/app.dir/mnt/host/source/src/platform/ec/zephyr/subsys/ap_pwrseq/ap_events.c.obj
[quenbi:ro] [253/342] Linking C static library zephyr/drivers/sensor/nuvoton/nuvoton_tach_npcx/libdrivers__sensor__nuvoton__nuvoton_tach_npcx.a
[buccaneer:rw] [317/526] Building C object modules/ec/third_party/boringssl/build/CMakeFiles/crypto.dir/crypto/cipher_extra/e_rc2.c.obj
[quenbi:ro] [254/342] Building C object zephyr/drivers/timer/CMakeFiles/drivers__timer.dir/sys_clock_init.c.obj
[quenbi:ro] [255/342] Building C object zephyr/drivers/serial/CMakeFiles/drivers__serial.dir/uart_npcx.c.obj
[buccaneer:rw] [318/526] Building C object modules/ec/third_party/boringssl/build/CMakeFiles/crypto.dir/crypto/cipher_extra/e_rc4.c.obj
[buccaneer:rw] [319/526] Building C object modules/ec/third_party/boringssl/build/CMakeFiles/crypto.dir/crypto/cipher_extra/e_tls.c.obj
[quenbi:ro] [256/342] Linking C static library zephyr/drivers/serial/libdrivers__serial.a
[quenbi:ro] [257/342] Building C object zephyr/drivers/timer/CMakeFiles/drivers__timer.dir/npcx_itim_timer.c.obj
[buccaneer:rw] [320/526] Building C object modules/ec/third_party/boringssl/build/CMakeFiles/crypto.dir/crypto/conf/conf.c.obj
[quenbi:ro] [258/342] Linking C static library zephyr/drivers/timer/libdrivers__timer.a
[quenbi:ro] [259/342] Building C object zephyr/drivers/watchdog/CMakeFiles/drivers__watchdog.dir/wdt_npcx.c.obj
[buccaneer:rw] [321/526] Building C object modules/ec/third_party/boringssl/build/CMakeFiles/crypto.dir/crypto/cipher_extra/tls_cbc.c.obj
[wugtrio:rw] -- Found Dtc: /usr/bin/dtc (found suitable version "1.6.0", minimum required is "1.4.6")
[wugtrio:rw] -- Found BOARD.dts: /mnt/host/source/src/platform/ec/zephyr/boards/google/it8xxx2/it8xxx2_it81202bx.dts
[wugtrio:rw] -- Found devicetree overlay: /mnt/host/source/src/platform/ec/zephyr/program/corsola/wugtrio/project.overlay
[/mnt/host/source/src/platform/ec/build/zephyr/epic-lcov]   /mnt/host/source/src/platform/ec/build/zephyr/epic/build-ro/modules/ec/zephyr/CMakeFiles/ec_shim.dir/shim/src/usb_muxes.c.gcno:no functions found
[/mnt/host/source/src/platform/ec/build/zephyr/epic-lcov] stderr:
[buccaneer:rw] [322/526] Building C object modules/ec/third_party/boringssl/build/CMakeFiles/crypto.dir/crypto/cpu_aarch64_openbsd.c.obj
[quenbi:ro] [260/342] Building C object zephyr/drivers/watchdog/CMakeFiles/drivers__watchdog.dir/wdt_shell.c.obj
[quenbi:ro] [261/342] Building C object modules/ec/zephyr/CMakeFiles/ec_shim.dir/app/ec/main_shim.c.obj
[buccaneer:rw] [323/526] Building C object modules/ec/third_party/boringssl/build/CMakeFiles/crypto.dir/crypto/cpu_aarch64_apple.c.obj
[quenbi:ro] [262/342] Linking C static library zephyr/drivers/watchdog/libdrivers__watchdog.a
[buccaneer:ro] [13/513] Building C object CMakeFiles/app.dir/mnt/host/source/src/platform/ec/build/zephyr/buccaneer/modules/ec/builtin/stdlib.c.obj
[buccaneer:rw] [324/526] Building C object modules/ec/third_party/boringssl/build/CMakeFiles/crypto.dir/crypto/cpu_aarch64_fuchsia.c.obj
[quenbi:ro] [263/342] Building C object modules/ec/zephyr/CMakeFiles/ec_shim.dir/app/ec/ec_app_main.c.obj
[buccaneer:rw] [325/526] Building C object modules/ec/third_party/boringssl/build/CMakeFiles/crypto.dir/crypto/cpu_aarch64_linux.c.obj
[quenbi:ro] [264/342] Building C object modules/ec/zephyr/CMakeFiles/ec_shim.dir/drivers/keyboard_input/keyboard_customization_check.c.obj
[quenbi:ro] [265/342] Building C object modules/ec/zephyr/CMakeFiles/ec_shim.dir/drivers/cros_flash/cros_flash_npcx.c.obj
[buccaneer:rw] [326/526] Building C object modules/ec/third_party/boringssl/build/CMakeFiles/crypto.dir/crypto/cpu_intel.c.obj
[quenbi:ro] [266/342] Building C object modules/ec/zephyr/CMakeFiles/ec_shim.dir/drivers/cros_rtc/cros_rtc_npcx.c.obj
[buccaneer:rw] [327/526] Building C object modules/ec/third_party/boringssl/build/CMakeFiles/crypto.dir/crypto/cpu_aarch64_sysreg.c.obj
[quenbi:ro] [267/342] Building C object modules/ec/zephyr/CMakeFiles/ec_shim.dir/drivers/cros_shi/cros_shi_npcx.c.obj
[buccaneer:rw] [328/526] Building C object modules/ec/third_party/boringssl/build/CMakeFiles/crypto.dir/crypto/cpu_aarch64_win.c.obj
[buccaneer:rw] [329/526] Building C object modules/ec/third_party/boringssl/build/CMakeFiles/crypto.dir/crypto/cpu_arm_freebsd.c.obj
[/mnt/host/source/src/platform/ec/build/zephyr/epic-lcov]   /mnt/host/source/src/platform/ec/build/zephyr/epic/build-ro/modules/ec/zephyr/CMakeFiles/ec_shim.dir/shim/src/usba.c.gcno:no functions found
[/mnt/host/source/src/platform/ec/build/zephyr/epic-lcov] stderr:
[buccaneer:ro] [14/513] Building C object CMakeFiles/app.dir/mnt/host/source/src/platform/ec/build/zephyr/buccaneer/modules/ec/common/base32.c.obj
[buccaneer:rw] [330/526] Building C object modules/ec/third_party/boringssl/build/CMakeFiles/crypto.dir/crypto/cpu_arm_linux.c.obj
[quenbi:ro] [268/342] Building C object modules/ec/zephyr/CMakeFiles/ec_shim.dir/drivers/cros_system/cros_system_npcx.c.obj
[quenbi:ro] [269/342] Building C object modules/ec/zephyr/CMakeFiles/ec_shim.dir/drivers/keyboard_input/keyboard_input.c.obj
[quenbi:ro] [270/342] Building C object modules/ec/zephyr/CMakeFiles/ec_shim.dir/shim/chip/npcx/clock.c.obj
[quenbi:ro] [271/342] Building C object modules/ec/zephyr/CMakeFiles/ec_shim.dir/drivers/runtime_keys/runtime_keys.c.obj
[buccaneer:rw] [331/526] Building C object modules/ec/third_party/boringssl/build/CMakeFiles/crypto.dir/crypto/crypto.c.obj
[quenbi:ro] [272/342] Building C object modules/ec/zephyr/CMakeFiles/ec_shim.dir/drivers/boot_keys/boot_keys.c.obj
[wugtrio:rw] node '/batteries/scud_g71c000pk110' compatible 'scud,g71c000pk110' has unknown vendor prefix 'scud'
[quenbi:ro] [273/342] Building C object modules/ec/zephyr/CMakeFiles/ec_shim.dir/shim/chip/npcx/gpio.c.obj
[wugtrio:rw] -- Generated zephyr.dts: /mnt/host/source/src/platform/ec/build/zephyr/wugtrio/build-rw/zephyr/zephyr.dts
[buccaneer:rw] [332/526] Building C object modules/ec/third_party/boringssl/build/CMakeFiles/crypto.dir/crypto/curve25519/spake25519.c.obj
[buccaneer:rw] [333/526] Building C object modules/ec/third_party/boringssl/build/CMakeFiles/crypto.dir/crypto/curve25519/curve25519.c.obj
[quenbi:ro] [274/342] Building C object modules/ec/zephyr/CMakeFiles/ec_shim.dir/shim/chip/npcx/rom_chip.c.obj
[buccaneer:ro] [15/513] Building C object CMakeFiles/app.dir/mnt/host/source/src/platform/ec/build/zephyr/buccaneer/modules/ec/common/console_output.c.obj
[buccaneer:rw] [334/526] Building C object modules/ec/third_party/boringssl/build/CMakeFiles/crypto.dir/crypto/des/des.c.obj
[buccaneer:rw] [335/526] Building C object modules/ec/third_party/boringssl/build/CMakeFiles/crypto.dir/crypto/curve25519/curve25519_64_adx.c.obj
[quenbi:ro] [275/342] Building C object modules/ec/zephyr/CMakeFiles/ec_shim.dir/shim/chip/npcx/shi.c.obj
[buccaneer:rw] [336/526] Building C object modules/ec/third_party/boringssl/build/CMakeFiles/crypto.dir/crypto/dh_extra/dh_asn1.c.obj
[wugtrio:rw] -- Generated pickled edt: /mnt/host/source/src/platform/ec/build/zephyr/wugtrio/build-rw/zephyr/edt.pickle
[wugtrio:rw] -- Generated devicetree_generated.h: /mnt/host/source/src/platform/ec/build/zephyr/wugtrio/build-rw/zephyr/include/generated/zephyr/devicetree_generated.h
[quenbi:ro] [276/342] Building C object modules/ec/zephyr/CMakeFiles/ec_shim.dir/shim/chip/npcx/power_policy.c.obj
[quenbi:ro] [277/342] Building C object modules/ec/zephyr/CMakeFiles/ec_shim.dir/shim/chip/npcx/system_external_storage.c.obj
[quenbi:ro] [278/342] Building C object modules/ec/zephyr/CMakeFiles/ec_shim.dir/shim/chip/npcx/system.c.obj
[quenbi:ro] [279/342] Building C object modules/ec/zephyr/CMakeFiles/ec_shim.dir/shim/src/crc.c.obj
[quenbi:ro] [280/342] Building C object modules/ec/zephyr/CMakeFiles/ec_shim.dir/shim/core/cortex-m/mpu.c.obj
[quenbi:ro] [281/342] Building C object modules/ec/zephyr/CMakeFiles/ec_shim.dir/shim/core/cortex-m/panic.c.obj
[buccaneer:rw] [337/526] Building C object modules/ec/third_party/boringssl/build/CMakeFiles/crypto.dir/crypto/dh_extra/params.c.obj
[buccaneer:rw] [338/526] Building C object modules/ec/third_party/boringssl/build/CMakeFiles/crypto.dir/crypto/dsa/dsa.c.obj
[buccaneer:rw] [339/526] Building C object modules/ec/third_party/boringssl/build/CMakeFiles/crypto.dir/crypto/digest_extra/digest_extra.c.obj
[buccaneer:ro] [16/513] Building C object CMakeFiles/app.dir/mnt/host/source/src/platform/ec/build/zephyr/buccaneer/modules/ec/common/ec_features.c.obj
[buccaneer:rw] [340/526] Building C object modules/ec/third_party/boringssl/build/CMakeFiles/crypto.dir/crypto/dsa/dsa_asn1.c.obj
[quenbi:ro] [282/342] Building C object modules/ec/zephyr/CMakeFiles/ec_shim.dir/shim/src/console.c.obj
[buccaneer:rw] [341/526] Building C object modules/ec/third_party/boringssl/build/CMakeFiles/crypto.dir/crypto/ec_extra/ec_asn1.c.obj
[/mnt/host/source/src/platform/ec/build/zephyr/brox-lcov]   /mnt/host/source/src/platform/ec/build/zephyr/brox/build-rw/zephyr/drivers/sensor/CMakeFiles/drivers__sensor.dir/mnt/host/source/src/third_party/zephyr/main/misc/empty_file.c.gcno:no functions found
[/mnt/host/source/src/platform/ec/build/zephyr/brox-lcov] Filter suppressions 'region':
[/mnt/host/source/src/platform/ec/build/zephyr/brox-lcov]     37 instances
[/mnt/host/source/src/platform/ec/build/zephyr/brox-lcov]     28 coverpoints
[/mnt/host/source/src/platform/ec/build/zephyr/brox-lcov] Message summary:
[/mnt/host/source/src/platform/ec/build/zephyr/brox-lcov]   26 ignore messages:
[/mnt/host/source/src/platform/ec/build/zephyr/brox-lcov]     gcov: 26
[wugtrio:ro] Configuring.
Running `env -i PYTHONPATH=/usr/lib64/python-exec/python3.11:/mnt/host/source/src/platform/ec/zephyr/zmake:/usr/lib/python311.zip:/usr/lib/python3.11:/usr/lib/python3.11/lib-dynload:/usr/lib/python3.11/site-packages PW_PIGWEED_CIPD_INSTALL_DIR=/usr CROSTC_USER_ACKNOWLEDGES_THAT_RISCV_IS_EXPERIMENTAL=1 PATH=/mnt/host/source/chromite/bin:/usr/local/bin:/usr/bin:/bin:/opt/bin:/mnt/host/source/chromite/sdk/bin:/mnt/host/source/chromite/bin HOME=/home/jpmurphy JAVA_HOME=/etc/java-config-2/current-system-vm JDK_HOME=/etc/java-config-2/current-system-vm JAVAC=/etc/java-config-2/current-system-vm/bin/javac MAKEFLAGS=' -j16 --jobserver-auth=5,6' /usr/bin/cmake -S /mnt/host/source/src/platform/ec/zephyr/program/corsola -B /mnt/host/source/src/platform/ec/build/zephyr/wugtrio/build-ro -GNinja -DCMAKE_EXPORT_COMPILE_COMMANDS=ON -DZEPHYR_BASE=/mnt/host/source/src/third_party/zephyr/main -DZMAKE_INCLUDE_DIR=/mnt/host/source/src/platform/ec/build/zephyr/wugtrio/include -DPython3_EXECUTABLE=/usr/bin/python3.11 -DDTS_ROOT=/mnt/host/source/src/platform/ec/zephyr -DSYSCALL_INCLUDE_DIRS=/mnt/host/source/src/platform/ec/zephyr/include/drivers -DUSER_CACHE_DIR=/mnt/host/source/src/platform/ec/build/zephyr/user-cache '-DEXTRA_EC_VERSION_FLAGS=--version 16543.0.0 --static' -DTOOLCHAIN_ROOT=/mnt/host/source/src/platform/ec/zephyr -DCOREBOOT_SDK_ROOT_x86=/home/jpmurphy/.cache/coreboot-sdk/i386-elf/dfbb0486385d938cfa9d73080b9d18d598ed4f49 -DCOREBOOT_SDK_ROOT_picolibc_x86=/home/jpmurphy/.cache/coreboot-sdk/picolibc-i386-elf/eb8e8e687b95461de8cbf278f1c2076952d0ad17 -DCOREBOOT_SDK_ROOT_riscv64=/home/jpmurphy/.cache/coreboot-sdk/riscv64-elf/96b949749225b6aaa92ed810ab769e8dfb12f000 -DCOREBOOT_SDK_ROOT_picolibc_arm=/home/jpmurphy/.cache/coreboot-sdk/picolibc-arm-eabi/422a2aa3e1ef891b5bece9a3deb696ff83840d2e -DCOREBOOT_SDK_ROOT_nds32=/home/jpmurphy/.cache/coreboot-sdk/nds32le-elf/d1a518c4a097666d86058e1444f85ca015d15511 -DCOREBOOT_SDK_ROOT_picolibc_riscv64=/home/jpmurphy/.cache/coreboot-sdk/picolibc-riscv64-elf/f571e990ef0278564b31124f8bb109d9a697eb69 -DCOREBOOT_SDK_ROOT_arm=/home/jpmurphy/.cache/coreboot-sdk/arm-eabi/ea40ddd1d190c3b48435c474c0b545719371813a -DCOREBOOT_SDK_ROOT_libstdcxx_riscv64=/home/jpmurphy/.cache/coreboot-sdk/libstdcxx-riscv64-elf/17abf22a3a252e2d5d2062ced5324f7a623689e0 -DCOREBOOT_SDK_ROOT_libstdcxx_arm=/home/jpmurphy/.cache/coreboot-sdk/libstdcxx-arm-eabi/5d7d82e150e44aa1968f1d366e267e6687b328ac -DCOREBOOT_SDK_ROOT_riscv=/home/jpmurphy/.cache/coreboot-sdk/riscv-elf/9a27b9e82341c6e9126624f516ab3f261abb3e73 -DCOREBOOT_SDK_ROOT_libstdcxx_x86=/home/jpmurphy/.cache/coreboot-sdk/libstdcxx-i386-elf/42ef9d2e87a76a37963175d7d428734e65648b87 -DZEPHYR_TOOLCHAIN_VARIANT=coreboot-sdk -DZEPHYR_MODULES=/mnt/host/source/src/platform/ec/build/zephyr/wugtrio/modules/ec -DDTC_OVERLAY_FILE=/mnt/host/source/src/platform/ec/zephyr/program/corsola/wugtrio/project.overlay -DBOARD=it8xxx2/it81202bx -DCMAKE_C_FLAGS=-DSECTION_IS_RO '-DCONF_FILE=/mnt/host/source/src/platform/ec/zephyr/program/corsola/program.conf;/mnt/host/source/src/platform/ec/zephyr/program/corsola/ite_program.conf;/mnt/host/source/src/platform/ec/zephyr/program/corsola/wugtrio/project.conf;/mnt/host/source/src/platform/ec/build/zephyr/wugtrio/kconfig-ro.conf'`
[wugtrio:ro] Loading Zephyr default modules (Zephyr base (cached)).
[wugtrio:ro] -- Application: /mnt/host/source/src/platform/ec/zephyr/program/corsola
[wugtrio:ro] -- CMake version: 3.31.7
[quenbi:ro] [283/342] Building C object modules/ec/zephyr/CMakeFiles/ec_shim.dir/shim/src/gpio.c.obj
[quenbi:ro] [284/342] Building C object modules/ec/zephyr/CMakeFiles/ec_shim.dir/shim/src/panic_utils.c.obj
[quenbi:ro] [285/342] Building C object modules/ec/zephyr/CMakeFiles/ec_shim.dir/shim/src/gpio_int.c.obj
[quenbi:ro] [286/342] Building C object modules/ec/zephyr/CMakeFiles/ec_shim.dir/shim/src/cbi/cros_cbi.c.obj
[buccaneer:rw] [342/526] Building C object modules/ec/third_party/boringssl/build/CMakeFiles/crypto.dir/crypto/ec_extra/ec_derive.c.obj
[quenbi:ro] [287/342] Building C object modules/ec/zephyr/CMakeFiles/ec_shim.dir/shim/src/popcountsi2.c.obj
[quenbi:ro] [288/342] Building ASM object modules/ec/zephyr/CMakeFiles/ec_shim.dir/shim/src/libgcc_arm.S.obj
[/mnt/host/source/src/platform/ec/build/zephyr/epic-lcov]   /mnt/host/source/src/platform/ec/build/zephyr/epic/build-ro/modules/ec/zephyr/CMakeFiles/ec_shim.dir/shim/src/bc12.c.gcno:no functions found
[/mnt/host/source/src/platform/ec/build/zephyr/epic-lcov] stderr:
[buccaneer:rw] [343/526] Building C object modules/ec/third_party/boringssl/build/CMakeFiles/crypto.dir/crypto/ec_extra/hash_to_curve.c.obj
[quenbi:ro] [289/342] Building C object modules/ec/zephyr/CMakeFiles/ec_shim.dir/shim/src/pm_state.c.obj
[buccaneer:rw] [344/526] Building C object modules/ec/third_party/boringssl/build/CMakeFiles/crypto.dir/crypto/ecdh_extra/ecdh_extra.c.obj
[wugtrio:ro] -- Found Python3: /usr/bin/python3.11 (found suitable version "3.11.11", minimum required is "3.10") found components: Interpreter
[wugtrio:rw] /mnt/host/source/src/platform/ec/build/zephyr/wugtrio/build-rw/zephyr/zephyr.dts:1204.27-1917.5: Warning (avoid_unnecessary_addr_size): /soc/pin-controller: unnecessary #address-cells/#size-cells without "ranges" or child "reg" property
[wugtrio:ro] -- Cache files will be written to: /mnt/host/source/src/platform/ec/build/zephyr/user-cache
[wugtrio:ro] -- Zephyr version: 4.3.99 (/mnt/host/source/src/third_party/zephyr/main)
[buccaneer:rw] [345/526] Building C object modules/ec/third_party/boringssl/build/CMakeFiles/crypto.dir/crypto/ecdsa_extra/ecdsa_asn1.c.obj
[buccaneer:ro] [17/513] Building C object CMakeFiles/app.dir/mnt/host/source/src/platform/ec/build/zephyr/buccaneer/modules/ec/common/gpio_commands.c.obj
[buccaneer:rw] [346/526] Building C object modules/ec/third_party/boringssl/build/CMakeFiles/crypto.dir/crypto/engine/engine.c.obj
[quenbi:ro] [290/342] Building C object modules/ec/zephyr/CMakeFiles/ec_shim.dir/shim/src/cbi/cbi_flash.c.obj
[buccaneer:rw] [347/526] Building C object modules/ec/third_party/boringssl/build/CMakeFiles/crypto.dir/crypto/evp/p_dh.c.obj
[buccaneer:rw] [348/526] Building C object modules/ec/third_party/boringssl/build/CMakeFiles/crypto.dir/crypto/err/err.c.obj
[quenbi:ro] [291/342] Building C object modules/ec/zephyr/CMakeFiles/ec_shim.dir/shim/src/system.c.obj
[quenbi:ro] [292/342] Building C object modules/ec/zephyr/CMakeFiles/ec_shim.dir/shim/src/adc.c.obj
[buccaneer:rw] [349/526] Building C object modules/ec/third_party/boringssl/build/CMakeFiles/crypto.dir/crypto/evp/evp.c.obj
[quenbi:ro] [293/342] Building C object modules/ec/zephyr/CMakeFiles/ec_shim.dir/shim/src/battery.c.obj
[buccaneer:rw] [350/526] Building C object modules/ec/third_party/boringssl/build/CMakeFiles/crypto.dir/crypto/evp/evp_asn1.c.obj
[quenbi:ro] [294/342] Building C object modules/ec/zephyr/CMakeFiles/ec_shim.dir/shim/src/flash.c.obj
[buccaneer:rw] [351/526] Building C object modules/ec/third_party/boringssl/build/CMakeFiles/crypto.dir/crypto/evp/evp_ctx.c.obj
[quenbi:ro] [295/342] Building C object modules/ec/zephyr/CMakeFiles/ec_shim.dir/shim/src/fan.c.obj
[buccaneer:ro] [18/513] Building C object CMakeFiles/app.dir/mnt/host/source/src/platform/ec/build/zephyr/buccaneer/modules/ec/common/peripheral.c.obj
[quenbi:ro] [296/342] Building C object modules/ec/zephyr/CMakeFiles/ec_shim.dir/shim/src/hooks.c.obj
[buccaneer:rw] [352/526] Building C object modules/ec/third_party/boringssl/build/CMakeFiles/crypto.dir/crypto/evp/p_ed25519.c.obj
[buccaneer:rw] [353/526] Building C object modules/ec/third_party/boringssl/build/CMakeFiles/crypto.dir/crypto/evp/p_ec_asn1.c.obj
[buccaneer:rw] [354/526] Building C object modules/ec/third_party/boringssl/build/CMakeFiles/crypto.dir/crypto/evp/p_dh_asn1.c.obj
[wugtrio:ro] -- Board: it8xxx2, qualifiers: it81202bx
[buccaneer:rw] [355/526] Building C object modules/ec/third_party/boringssl/build/CMakeFiles/crypto.dir/crypto/evp/p_dsa_asn1.c.obj
[quenbi:ro] [297/342] Building C object modules/ec/zephyr/CMakeFiles/ec_shim.dir/shim/src/mkbp_event.c.obj
[quenbi:ro] [298/342] Building C object modules/ec/zephyr/CMakeFiles/ec_shim.dir/shim/src/console_buffer.c.obj
[buccaneer:rw] [356/526] Building C object modules/ec/third_party/boringssl/build/CMakeFiles/crypto.dir/crypto/evp/p_ec.c.obj
[quenbi:ro] [299/342] Building C object modules/ec/zephyr/CMakeFiles/ec_shim.dir/shim/src/host_command.c.obj
[quenbi:ro] [300/342] Building C object modules/ec/zephyr/CMakeFiles/ec_shim.dir/shim/src/panic.c.obj
[quenbi:ro] [301/342] Building C object modules/ec/zephyr/CMakeFiles/ec_shim.dir/shim/src/rtc.c.obj
[buccaneer:rw] [357/526] Building C object modules/ec/third_party/boringssl/build/CMakeFiles/crypto.dir/crypto/evp/p_x25519.c.obj
[buccaneer:ro] [19/513] Building C object CMakeFiles/app.dir/mnt/host/source/src/platform/ec/build/zephyr/buccaneer/modules/ec/common/printf.c.obj
[buccaneer:rw] [358/526] Building C object modules/ec/third_party/boringssl/build/CMakeFiles/crypto.dir/crypto/evp/p_ed25519_asn1.c.obj
[buccaneer:rw] [359/526] Building C object modules/ec/third_party/boringssl/build/CMakeFiles/crypto.dir/crypto/evp/p_hkdf.c.obj
[quenbi:ro] [302/342] Building C object modules/ec/zephyr/CMakeFiles/ec_shim.dir/shim/src/temp_sensors.c.obj
[/mnt/host/source/src/platform/ec/build/zephyr/pujjo-lcov]   /mnt/host/source/src/platform/ec/build/zephyr/pujjo/build-rw/zephyr/CMakeFiles/zephyr.dir/soc/nuvoton/npcx/common/npcxn/registers.c.gcno:no functions found
[/mnt/host/source/src/platform/ec/build/zephyr/pujjo-lcov] stderr:
[quenbi:ro] [303/342] Building C object modules/ec/zephyr/CMakeFiles/ec_shim.dir/shim/src/hwtimer.c.obj
[buccaneer:rw] [360/526] Building C object modules/ec/third_party/boringssl/build/CMakeFiles/crypto.dir/crypto/evp/p_rsa.c.obj
[quenbi:ro] [304/342] Building C object modules/ec/zephyr/CMakeFiles/ec_shim.dir/shim/src/thermal.c.obj
[buccaneer:rw] [361/526] Building C object modules/ec/third_party/boringssl/build/CMakeFiles/crypto.dir/crypto/evp/p_rsa_asn1.c.obj
[quenbi:ro] [305/342] Building C object modules/ec/zephyr/CMakeFiles/ec_shim.dir/shim/src/i2c.c.obj
[buccaneer:rw] [362/526] Building C object modules/ec/third_party/boringssl/build/CMakeFiles/crypto.dir/crypto/evp/sign.c.obj
[buccaneer:rw] [363/526] Building C object modules/ec/third_party/boringssl/build/CMakeFiles/crypto.dir/crypto/evp/pbkdf.c.obj
[buccaneer:rw] [364/526] Building C object modules/ec/third_party/boringssl/build/CMakeFiles/crypto.dir/crypto/evp/p_x25519_asn1.c.obj
[quenbi:ro] [306/342] Building C object modules/ec/zephyr/CMakeFiles/ec_shim.dir/shim/src/tasks.c.obj
[buccaneer:ro] [20/513] Building C object CMakeFiles/app.dir/mnt/host/source/src/platform/ec/build/zephyr/buccaneer/modules/ec/common/queue.c.obj
[quenbi:ro] [307/342] Building C object zephyr/kernel/CMakeFiles/kernel.dir/main_weak.c.obj
[quenbi:ro] [308/342] Building C object modules/ec/zephyr/CMakeFiles/ec_shim.dir/shim/src/watchdog.c.obj
[quenbi:ro] [309/342] Building C object modules/ec/zephyr/CMakeFiles/ec_shim.dir/shim/src/usbc_stub.c.obj
[buccaneer:rw] [365/526] Building C object modules/ec/third_party/boringssl/build/CMakeFiles/crypto.dir/crypto/fipsmodule/fips_shared_support.c.obj
[wugtrio:rw] warning: The choice symbol PLATFORM_EC_ACCELGYRO_ICM_COMM_I2C (defined at
[wugtrio:rw] /mnt/host/source/src/platform/ec/zephyr/Kconfig.accelgyro_icm:23) was selected (set =y), but no
[wugtrio:rw] symbol ended up as the choice selection. See
[wugtrio:rw] http://docs.zephyrproject.org/latest/kconfig.html#CONFIG_PLATFORM_EC_ACCELGYRO_ICM_COMM_I2C and/or
[wugtrio:rw] look up PLATFORM_EC_ACCELGYRO_ICM_COMM_I2C in the menuconfig/guiconfig interface. The Application
[wugtrio:rw] Development Primer, Setting Configuration Values, and Kconfig - Tips and Best Practices sections of
[wugtrio:rw] the manual might be helpful too.
[wugtrio:rw] warning: Deprecated symbol I2C_ALLOW_NO_STOP_TRANSACTIONS is enabled.
[buccaneer:rw] [366/526] Building C object modules/ec/third_party/boringssl/build/CMakeFiles/crypto.dir/crypto/evp/print.c.obj
[quenbi:ro] [310/342] Linking C static library modules/ec/zephyr/libec_shim.a
[quenbi:ro] [311/342] Building C object zephyr/kernel/CMakeFiles/kernel.dir/banner.c.obj
[buccaneer:rw] [367/526] Building C object modules/ec/third_party/boringssl/build/CMakeFiles/crypto.dir/crypto/evp/scrypt.c.obj
[quenbi:ro] [312/342] Building C object zephyr/kernel/CMakeFiles/kernel.dir/busy_wait.c.obj
[quenbi:ro] [313/342] Building C object zephyr/kernel/CMakeFiles/kernel.dir/device.c.obj
[quenbi:ro] [314/342] Building C object zephyr/kernel/CMakeFiles/kernel.dir/errno.c.obj
[buccaneer:rw] [368/526] Building C object modules/ec/third_party/boringssl/build/CMakeFiles/crypto.dir/crypto/ex_data.c.obj
[wugtrio:rw] Parsing /mnt/host/source/src/platform/ec/zephyr/program/corsola/Kconfig
[wugtrio:ro] -- Found Dtc: /usr/bin/dtc (found suitable version "1.6.0", minimum required is "1.4.6")
[wugtrio:ro] -- Found BOARD.dts: /mnt/host/source/src/platform/ec/zephyr/boards/google/it8xxx2/it8xxx2_it81202bx.dts
[wugtrio:ro] -- Found devicetree overlay: /mnt/host/source/src/platform/ec/zephyr/program/corsola/wugtrio/project.overlay
[buccaneer:rw] [369/526] Building C object modules/ec/third_party/boringssl/build/CMakeFiles/crypto.dir/crypto/hpke/hpke.c.obj
[quenbi:ro] [315/342] Building C object zephyr/kernel/CMakeFiles/kernel.dir/fatal.c.obj
[buccaneer:ro] [21/513] Building C object CMakeFiles/app.dir/mnt/host/source/src/platform/ec/build/zephyr/buccaneer/modules/ec/common/system.c.obj
[quenbi:ro] [316/342] Building C object zephyr/kernel/CMakeFiles/kernel.dir/version.c.obj
[quenbi:ro] [317/342] Building C object zephyr/kernel/CMakeFiles/kernel.dir/init.c.obj
[buccaneer:rw] [370/526] Building C object modules/ec/third_party/boringssl/build/CMakeFiles/crypto.dir/crypto/keccak/keccak.c.obj
[buccaneer:rw] [371/526] Building C object modules/ec/third_party/boringssl/build/CMakeFiles/crypto.dir/crypto/hrss/hrss.c.obj
[/mnt/host/source/src/platform/ec/build/zephyr/epic-lcov]   /mnt/host/source/src/platform/ec/build/zephyr/epic/build-ro/CMakeFiles/app.dir/mnt/host/source/src/platform/ec/build/zephyr/epic/modules/ec/common/usb_pd_pdo.c.gcno:no functions found
[/mnt/host/source/src/platform/ec/build/zephyr/epic-lcov] stderr:
[quenbi:ro] [318/342] Building C object zephyr/kernel/CMakeFiles/kernel.dir/mem_slab.c.obj
[quenbi:ro] [319/342] Building C object zephyr/kernel/CMakeFiles/kernel.dir/kheap.c.obj
[buccaneer:rw] [372/526] Building C object modules/ec/third_party/boringssl/build/CMakeFiles/crypto.dir/crypto/kyber/kyber.c.obj
[quenbi:ro] [320/342] Building C object zephyr/kernel/CMakeFiles/kernel.dir/float.c.obj
[buccaneer:rw] [373/526] Building C object modules/ec/third_party/boringssl/build/CMakeFiles/crypto.dir/crypto/lhash/lhash.c.obj
[quenbi:ro] [321/342] Building C object zephyr/kernel/CMakeFiles/kernel.dir/idle.c.obj
[buccaneer:rw] [374/526] Building C object modules/ec/third_party/boringssl/build/CMakeFiles/crypto.dir/crypto/pem/pem_all.c.obj
[quenbi:ro] [322/342] Building C object zephyr/kernel/CMakeFiles/kernel.dir/mailbox.c.obj
[buccaneer:rw] [375/526] Building C object modules/ec/third_party/boringssl/build/CMakeFiles/crypto.dir/crypto/mem.c.obj
[quenbi:ro] [323/342] Building C object zephyr/kernel/CMakeFiles/kernel.dir/msg_q.c.obj
[wugtrio:rw] Loaded configuration '/mnt/host/source/src/platform/ec/zephyr/boards/google/it8xxx2/it8xxx2_it81202bx_defconfig'
[wugtrio:rw] Merged configuration '/mnt/host/source/src/platform/ec/zephyr/program/corsola/program.conf'
[wugtrio:rw] Merged configuration '/mnt/host/source/src/platform/ec/zephyr/program/corsola/ite_program.conf'
[wugtrio:rw] Merged configuration '/mnt/host/source/src/platform/ec/zephyr/program/corsola/wugtrio/project.conf'
[wugtrio:rw] Merged configuration '/mnt/host/source/src/platform/ec/build/zephyr/wugtrio/kconfig-rw.conf'
[wugtrio:rw] Configuration saved to '/mnt/host/source/src/platform/ec/build/zephyr/wugtrio/build-rw/zephyr/.config'
[wugtrio:rw] Kconfig header saved to '/mnt/host/source/src/platform/ec/build/zephyr/wugtrio/build-rw/zephyr/include/generated/zephyr/autoconf.h'
[wugtrio:rw] -- Found GnuLd: /home/jpmurphy/.cache/coreboot-sdk/riscv64-elf/96b949749225b6aaa92ed810ab769e8dfb12f000/riscv64-elf/bin/ld.bfd (found version "2.43.1")
[buccaneer:ro] [22/513] Building C object CMakeFiles/app.dir/mnt/host/source/src/platform/ec/build/zephyr/buccaneer/modules/ec/common/system_boot_time.c.obj
[buccaneer:rw] [376/526] Building C object modules/ec/third_party/boringssl/build/CMakeFiles/crypto.dir/crypto/obj/obj_xref.c.obj
[buccaneer:rw] [377/526] Building C object modules/ec/third_party/boringssl/build/CMakeFiles/crypto.dir/crypto/pem/pem_info.c.obj
[quenbi:ro] [324/342] Building C object zephyr/kernel/CMakeFiles/kernel.dir/queue.c.obj
[buccaneer:rw] [378/526] Building C object modules/ec/third_party/boringssl/build/CMakeFiles/crypto.dir/crypto/obj/obj.c.obj
[quenbi:ro] [325/342] Building C object zephyr/kernel/CMakeFiles/kernel.dir/mutex.c.obj
[wugtrio:rw] -- The C compiler identification is GNU 14.2.0
[buccaneer:rw] [379/526] Building C object modules/ec/third_party/boringssl/build/CMakeFiles/crypto.dir/crypto/pem/pem_oth.c.obj
[quenbi:ro] [326/342] Building C object zephyr/kernel/CMakeFiles/kernel.dir/sem.c.obj
[buccaneer:rw] [380/526] Building C object modules/ec/third_party/boringssl/build/CMakeFiles/crypto.dir/crypto/pem/pem_pkey.c.obj
[buccaneer:rw] [381/526] Building C object modules/ec/third_party/boringssl/build/CMakeFiles/crypto.dir/crypto/pem/pem_pk8.c.obj
[quenbi:ro] [327/342] Building C object zephyr/kernel/CMakeFiles/kernel.dir/stack.c.obj
[wugtrio:rw] -- The CXX compiler identification is GNU 14.2.0
[buccaneer:rw] [382/526] Building C object modules/ec/third_party/boringssl/build/CMakeFiles/crypto.dir/crypto/pem/pem_x509.c.obj
[quenbi:ro] [328/342] Building C object zephyr/kernel/CMakeFiles/kernel.dir/system_work_q.c.obj
[wugtrio:rw] -- The ASM compiler identification is GNU
[wugtrio:rw] -- Found assembler: /home/jpmurphy/.cache/coreboot-sdk/riscv64-elf/96b949749225b6aaa92ed810ab769e8dfb12f000/bin/riscv64-elf-gcc
[wugtrio:rw] CMake Warning at /mnt/host/source/src/platform/ec/zephyr/cmake/linker/ld/linker_libraries.cmake:11 (message):
[wugtrio:rw]   Disabling c_library
[wugtrio:rw] Call Stack (most recent call first):
[wugtrio:rw]   /mnt/host/source/src/third_party/zephyr/main/cmake/target_toolchain_flags.cmake:48 (include)
[wugtrio:rw]   /mnt/host/source/src/third_party/zephyr/main/cmake/modules/kernel.cmake:153 (include)
[wugtrio:rw]   /mnt/host/source/src/third_party/zephyr/main/cmake/modules/zephyr_default.cmake:138 (include)
[wugtrio:rw]   /mnt/host/source/src/third_party/zephyr/main/share/zephyr-package/cmake/ZephyrConfig.cmake:66 (include)
[wugtrio:rw]   /mnt/host/source/src/third_party/zephyr/main/share/zephyr-package/cmake/ZephyrConfig.cmake:97 (include_boilerplate)
[wugtrio:rw]   CMakeLists.txt:7 (find_package)
[buccaneer:rw] [383/526] Building C object modules/ec/third_party/boringssl/build/CMakeFiles/crypto.dir/crypto/pkcs7/pkcs7.c.obj
[buccaneer:rw] [384/526] Building C object modules/ec/third_party/boringssl/build/CMakeFiles/crypto.dir/crypto/pem/pem_xaux.c.obj
[quenbi:ro] [329/342] Building C object zephyr/kernel/CMakeFiles/kernel.dir/work.c.obj
[wugtrio:ro] node '/batteries/scud_g71c000pk110' compatible 'scud,g71c000pk110' has unknown vendor prefix 'scud'
[quenbi:ro] [330/342] Building C object zephyr/kernel/CMakeFiles/kernel.dir/condvar.c.obj
[buccaneer:rw] [385/526] Building C object modules/ec/third_party/boringssl/build/CMakeFiles/crypto.dir/crypto/pem/pem_lib.c.obj
[buccaneer:ro] [23/513] Building C object CMakeFiles/app.dir/mnt/host/source/src/platform/ec/build/zephyr/buccaneer/modules/ec/common/uart_printf.c.obj
[wugtrio:ro] -- Generated zephyr.dts: /mnt/host/source/src/platform/ec/build/zephyr/wugtrio/build-ro/zephyr/zephyr.dts
[wugtrio:ro] -- Generated pickled edt: /mnt/host/source/src/platform/ec/build/zephyr/wugtrio/build-ro/zephyr/edt.pickle
[quenbi:ro] [331/342] Building C object zephyr/kernel/CMakeFiles/kernel.dir/thread.c.obj
[quenbi:ro] [332/342] Building C object zephyr/kernel/CMakeFiles/kernel.dir/sched.c.obj
[wugtrio:rw] -- Performing EC specific devicetree checks
[quenbi:ro] [333/342] Building C object zephyr/kernel/CMakeFiles/kernel.dir/pipe.c.obj
[quenbi:ro] [334/342] Building C object zephyr/kernel/CMakeFiles/kernel.dir/spinlock_validate.c.obj
[wugtrio:rw] INFO: Verified 40 GPIOs, no duplicates found
[buccaneer:rw] [386/526] Building C object modules/ec/third_party/boringssl/build/CMakeFiles/crypto.dir/crypto/pkcs7/pkcs7_x509.c.obj
[buccaneer:rw] [387/526] Building C object modules/ec/third_party/boringssl/build/CMakeFiles/crypto.dir/crypto/pkcs8/p5_pbev2.c.obj
[quenbi:ro] [335/342] Building C object zephyr/kernel/CMakeFiles/kernel.dir/thread_monitor.c.obj
[wugtrio:ro] -- Generated devicetree_generated.h: /mnt/host/source/src/platform/ec/build/zephyr/wugtrio/build-ro/zephyr/include/generated/zephyr/devicetree_generated.h
[wugtrio:rw] -- Generating component manifest file
[quenbi:ro] [336/342] Building C object zephyr/kernel/CMakeFiles/kernel.dir/timeout.c.obj
[buccaneer:rw] [388/526] Building C object modules/ec/third_party/boringssl/build/CMakeFiles/crypto.dir/crypto/pkcs8/pkcs8_x509.c.obj
[buccaneer:rw] [389/526] Building C object modules/ec/third_party/boringssl/build/CMakeFiles/crypto.dir/crypto/pkcs8/pkcs8.c.obj
[buccaneer:rw] [390/526] Building C object modules/ec/third_party/boringssl/build/CMakeFiles/crypto.dir/crypto/poly1305/poly1305.c.obj
[quenbi:ro] [337/342] Building C object zephyr/kernel/CMakeFiles/kernel.dir/timer.c.obj
[buccaneer:ro] [24/513] Building C object CMakeFiles/app.dir/mnt/host/source/src/platform/ec/build/zephyr/buccaneer/modules/ec/common/util.c.obj
[wugtrio:rw] INFO: Verified 25 '*-gpios' properties, all flags match.
[wugtrio:rw] INFO: Skipped 1 named-gpios children.
[wugtrio:rw] INFO: Running CME, outputting to /mnt/host/source/src/platform/ec/build/zephyr/wugtrio/build-rw/zephyr/component_manifest.json
[wugtrio:rw] INFO: Component usbpd@f03700(ite,it8xxx2-usbpd) not on I2C bus, skip it
[wugtrio:rw] INFO: Component virtual-mux-0(cros-ec,usbc-mux-virtual) not on I2C bus, skip it
[quenbi:ro] [338/342] Building C object zephyr/kernel/CMakeFiles/kernel.dir/poll.c.obj
[quenbi:ro] [339/342] Building C object zephyr/kernel/CMakeFiles/kernel.dir/events.c.obj
[quenbi:ro] [340/342] Building C object zephyr/kernel/CMakeFiles/kernel.dir/mempool.c.obj
Toolchain <zmake.toolchains.LlvmToolchain object at 0x7f412074ac50> selected by probe function.
[bloonchipper] Building in /mnt/host/source/src/platform/ec/build/zephyr/bloonchipper.
[wugtrio:rw] -- warning_base_override: -Wall;-Wformat;-Wformat-security;-Wformat;-Wno-format-zero-length;-Wno-pointer-sign;-Wpointer-arith;-Wexpansion-to-defined
[buccaneer:rw] [391/526] Building C object modules/ec/third_party/boringssl/build/CMakeFiles/crypto.dir/crypto/poly1305/poly1305_arm.c.obj
[quenbi:ro] [341/342] Building C object zephyr/kernel/CMakeFiles/kernel.dir/dynamic_disabled.c.obj
[buccaneer:rw] [392/526] Building C object modules/ec/third_party/boringssl/build/CMakeFiles/crypto.dir/crypto/poly1305/poly1305_vec.c.obj
[quenbi:ro] [342/342] Linking C static library zephyr/kernel/libkernel.a
[buccaneer:rw] [393/526] Building C object modules/ec/third_party/boringssl/build/CMakeFiles/crypto.dir/crypto/rand_extra/rand_extra.c.obj
[buccaneer:rw] [394/526] Building C object modules/ec/third_party/boringssl/build/CMakeFiles/crypto.dir/crypto/rand_extra/forkunsafe.c.obj
[buccaneer:rw] [395/526] Building C object modules/ec/third_party/boringssl/build/CMakeFiles/crypto.dir/crypto/pool/pool.c.obj
[wugtrio:rw] -- Found gen_kobject_list: /mnt/host/source/src/third_party/zephyr/main/scripts/build/gen_kobject_list.py
[buccaneer:rw] [396/526] Building C object modules/ec/third_party/boringssl/build/CMakeFiles/crypto.dir/crypto/rc4/rc4.c.obj
[buccaneer:rw] [397/526] Building C object modules/ec/third_party/boringssl/build/CMakeFiles/crypto.dir/crypto/rand_extra/deterministic.c.obj
[buccaneer:ro] [25/513] Building C object CMakeFiles/app.dir/mnt/host/source/src/platform/ec/build/zephyr/buccaneer/modules/ec/common/version.c.obj
[wugtrio:rw] INFO: Component usbpd@f03800(ite,it8xxx2-usbpd) not on I2C bus, skip it
[wugtrio:rw] INFO: Component virtual-mux-1(cros-ec,usbc-mux-virtual) not on I2C bus, skip it
[wugtrio:rw] INFO: Component virtual-mux-1(cros-ec,usbc-mux-virtual) not on I2C bus, skip it
[wugtrio:rw] CMake Warning at /mnt/host/source/src/third_party/zephyr/main/CMakeLists.txt:2359 (message):
[wugtrio:rw]   __ASSERT() statements are globally ENABLED
[buccaneer:ro] [26/513] Building C object CMakeFiles/app.dir/mnt/host/source/src/platform/ec/build/zephyr/buccaneer/modules/ec/common/memory_commands.c.obj
[buccaneer:rw] [398/526] Building C object modules/ec/third_party/boringssl/build/CMakeFiles/crypto.dir/crypto/rand_extra/getentropy.c.obj
[buccaneer:rw] [399/526] Building C object modules/ec/third_party/boringssl/build/CMakeFiles/crypto.dir/crypto/rand_extra/ios.c.obj
[buccaneer:rw] [400/526] Building C object modules/ec/third_party/boringssl/build/CMakeFiles/crypto.dir/crypto/rand_extra/passive.c.obj
[wugtrio:rw] -- Configuring done (15.3s)
[wugtrio:ro] /mnt/host/source/src/platform/ec/build/zephyr/wugtrio/build-ro/zephyr/zephyr.dts:1204.27-1917.5: Warning (avoid_unnecessary_addr_size): /soc/pin-controller: unnecessary #address-cells/#size-cells without "ranges" or child "reg" property
[buccaneer:rw] [401/526] Building C object modules/ec/third_party/boringssl/build/CMakeFiles/crypto.dir/crypto/rsa_extra/rsa_print.c.obj
[buccaneer:rw] [402/526] Building C object modules/ec/third_party/boringssl/build/CMakeFiles/crypto.dir/crypto/spx/fors.c.obj
[buccaneer:rw] [403/526] Building C object modules/ec/third_party/boringssl/build/CMakeFiles/crypto.dir/crypto/rand_extra/trusty.c.obj
[buccaneer:rw] [404/526] Building C object modules/ec/third_party/boringssl/build/CMakeFiles/crypto.dir/crypto/spx/merkle.c.obj
[buccaneer:rw] [405/526] Building C object modules/ec/third_party/boringssl/build/CMakeFiles/crypto.dir/crypto/spx/spx.c.obj
[buccaneer:ro] [27/513] Building C object CMakeFiles/app.dir/mnt/host/source/src/platform/ec/build/zephyr/buccaneer/modules/ec/common/ap_reset_log.c.obj
[buccaneer:rw] [406/526] Building C object modules/ec/third_party/boringssl/build/CMakeFiles/crypto.dir/crypto/rand_extra/windows.c.obj
[buccaneer:rw] [407/526] Building C object modules/ec/third_party/boringssl/build/CMakeFiles/crypto.dir/crypto/spx/spx_util.c.obj
[wugtrio:rw] -- Generating done (0.5s)
[wugtrio:rw] CMake Warning:
[wugtrio:rw]   Manually-specified variables were not used by the project:
[wugtrio:rw]     COREBOOT_SDK_ROOT_arm
[wugtrio:rw]     COREBOOT_SDK_ROOT_libstdcxx_arm
[wugtrio:rw]     COREBOOT_SDK_ROOT_libstdcxx_x86
[wugtrio:rw]     COREBOOT_SDK_ROOT_nds32
[wugtrio:rw]     COREBOOT_SDK_ROOT_picolibc_arm
[wugtrio:rw]     COREBOOT_SDK_ROOT_picolibc_x86
[wugtrio:rw]     COREBOOT_SDK_ROOT_riscv
[wugtrio:rw]     COREBOOT_SDK_ROOT_x86
[wugtrio:rw] -- Build files have been written to: /mnt/host/source/src/platform/ec/build/zephyr/wugtrio/build-rw
[buccaneer:rw] [408/526] Building C object modules/ec/third_party/boringssl/build/CMakeFiles/crypto.dir/crypto/spx/thash.c.obj
[buccaneer:rw] [409/526] Building C object modules/ec/third_party/boringssl/build/CMakeFiles/crypto.dir/crypto/spx/wots.c.obj
[buccaneer:rw] [410/526] Building C object modules/ec/third_party/boringssl/build/CMakeFiles/crypto.dir/crypto/refcount.c.obj
[buccaneer:rw] [411/526] Building C object modules/ec/third_party/boringssl/build/CMakeFiles/crypto.dir/crypto/rsa_extra/rsa_crypt.c.obj
[buccaneer:rw] [412/526] Building C object modules/ec/third_party/boringssl/build/CMakeFiles/crypto.dir/crypto/thread.c.obj
[buccaneer:rw] [413/526] Building C object modules/ec/third_party/boringssl/build/CMakeFiles/crypto.dir/crypto/rsa_extra/rsa_asn1.c.obj
[buccaneer:ro] [28/513] Building C object CMakeFiles/app.dir/mnt/host/source/src/platform/ec/build/zephyr/buccaneer/modules/ec/common/host_command.c.obj
[buccaneer:rw] [414/526] Building C object modules/ec/third_party/boringssl/build/CMakeFiles/crypto.dir/crypto/spx/address.c.obj
[buccaneer:rw] [415/526] Building C object modules/ec/third_party/boringssl/build/CMakeFiles/crypto.dir/crypto/siphash/siphash.c.obj
[buccaneer:ro] [29/513] Building C object CMakeFiles/app.dir/mnt/host/source/src/platform/ec/build/zephyr/buccaneer/modules/ec/common/flash.c.obj
[buccaneer:rw] [416/526] Building C object modules/ec/third_party/boringssl/build/CMakeFiles/crypto.dir/crypto/x509/a_digest.c.obj
[buccaneer:rw] [417/526] Building C object modules/ec/third_party/boringssl/build/CMakeFiles/crypto.dir/crypto/stack/stack.c.obj
[buccaneer:rw] [418/526] Building C object modules/ec/third_party/boringssl/build/CMakeFiles/crypto.dir/crypto/thread_none.c.obj
[buccaneer:ro] [30/513] Building C object CMakeFiles/app.dir/mnt/host/source/src/platform/ec/build/zephyr/buccaneer/modules/ec/common/host_event_commands.c.obj
[buccaneer:rw] [419/526] Building C object modules/ec/third_party/boringssl/build/CMakeFiles/crypto.dir/crypto/thread_win.c.obj
[buccaneer:rw] [420/526] Building C object modules/ec/third_party/boringssl/build/CMakeFiles/crypto.dir/crypto/thread_pthread.c.obj
[buccaneer:rw] [421/526] Building C object modules/ec/third_party/boringssl/build/CMakeFiles/crypto.dir/crypto/trust_token/trust_token.c.obj
[buccaneer:ro] [31/513] Building C object CMakeFiles/app.dir/mnt/host/source/src/platform/ec/build/zephyr/buccaneer/modules/ec/common/uart_hostcmd.c.obj
[buccaneer:rw] [422/526] Building C object modules/ec/third_party/boringssl/build/CMakeFiles/crypto.dir/crypto/trust_token/pmbtoken.c.obj
[buccaneer:rw] [423/526] Building C object modules/ec/third_party/boringssl/build/CMakeFiles/crypto.dir/crypto/trust_token/voprf.c.obj
[buccaneer:ro] [32/513] Building C object CMakeFiles/app.dir/mnt/host/source/src/platform/ec/build/zephyr/buccaneer/modules/ec/common/uptime.c.obj
[/mnt/host/source/src/platform/ec/build/zephyr/pujjo-lcov]   /mnt/host/source/src/platform/ec/build/zephyr/pujjo/build-rw/zephyr/drivers/sensor/CMakeFiles/drivers__sensor.dir/mnt/host/source/src/third_party/zephyr/main/misc/empty_file.c.gcno:no functions found
[/mnt/host/source/src/platform/ec/build/zephyr/pujjo-lcov] Filter suppressions 'region':
[buccaneer:rw] [424/526] Building C object modules/ec/third_party/boringssl/build/CMakeFiles/crypto.dir/crypto/x509/i2d_pr.c.obj
[/mnt/host/source/src/platform/ec/build/zephyr/pujjo-lcov]     38 instances
[/mnt/host/source/src/platform/ec/build/zephyr/pujjo-lcov]     34 coverpoints
[/mnt/host/source/src/platform/ec/build/zephyr/pujjo-lcov] Message summary:
[/mnt/host/source/src/platform/ec/build/zephyr/pujjo-lcov]   33 ignore messages:
[/mnt/host/source/src/platform/ec/build/zephyr/pujjo-lcov]     gcov: 33
[buccaneer:ro] [33/513] Building C object CMakeFiles/app.dir/mnt/host/source/src/platform/ec/build/zephyr/buccaneer/modules/ec/common/mkbp_event.c.obj
[buccaneer:rw] [425/526] Building C object modules/ec/third_party/boringssl/build/CMakeFiles/crypto.dir/crypto/x509/a_sign.c.obj
[buccaneer:rw] [426/526] Building C object modules/ec/third_party/boringssl/build/CMakeFiles/crypto.dir/crypto/x509/name_print.c.obj
[buccaneer:rw] [427/526] Building C object modules/ec/third_party/boringssl/build/CMakeFiles/crypto.dir/crypto/x509/a_verify.c.obj
[buccaneer:rw] [428/526] Building C object modules/ec/third_party/boringssl/build/CMakeFiles/crypto.dir/crypto/x509/asn1_gen.c.obj
[buccaneer:rw] [429/526] Building C object modules/ec/third_party/boringssl/build/CMakeFiles/crypto.dir/crypto/x509/algorithm.c.obj
[buccaneer:rw] [430/526] Building C object modules/ec/third_party/boringssl/build/CMakeFiles/crypto.dir/crypto/x509/by_file.c.obj
[buccaneer:rw] [431/526] Building C object modules/ec/third_party/boringssl/build/CMakeFiles/crypto.dir/crypto/x509/by_dir.c.obj
[buccaneer:ro] [34/513] Building C object CMakeFiles/app.dir/mnt/host/source/src/platform/ec/build/zephyr/buccaneer/modules/ec/common/mkbp_fifo.c.obj
[buccaneer:ro] [35/513] Building C object CMakeFiles/app.dir/mnt/host/source/src/platform/ec/build/zephyr/buccaneer/modules/ec/common/panic_output.c.obj
[buccaneer:rw] [432/526] Building C object modules/ec/third_party/boringssl/build/CMakeFiles/crypto.dir/crypto/x509/t_crl.c.obj
[buccaneer:ro] [36/513] Building C object CMakeFiles/app.dir/mnt/host/source/src/platform/ec/build/zephyr/buccaneer/modules/ec/common/rsa.c.obj
[buccaneer:rw] [433/526] Building C object modules/ec/third_party/boringssl/build/CMakeFiles/crypto.dir/crypto/x509/policy.c.obj
[buccaneer:rw] [434/526] Building C object modules/ec/third_party/boringssl/build/CMakeFiles/crypto.dir/crypto/x509/rsa_pss.c.obj
[buccaneer:ro] [37/513] Building C object CMakeFiles/app.dir/mnt/host/source/src/platform/ec/build/zephyr/buccaneer/modules/ec/common/vboot/vb21_lib.c.obj
[buccaneer:ro] [38/513] Building C object CMakeFiles/app.dir/mnt/host/source/src/platform/ec/build/zephyr/buccaneer/modules/ec/common/rwsig.c.obj
[buccaneer:rw] [435/526] Building C object modules/ec/third_party/boringssl/build/CMakeFiles/crypto.dir/crypto/x509/t_req.c.obj
[wugtrio:ro] warning: The choice symbol PLATFORM_EC_ACCELGYRO_ICM_COMM_I2C (defined at
[wugtrio:ro] /mnt/host/source/src/platform/ec/zephyr/Kconfig.accelgyro_icm:23) was selected (set =y), but no
[wugtrio:ro] symbol ended up as the choice selection. See
[wugtrio:ro] http://docs.zephyrproject.org/latest/kconfig.html#CONFIG_PLATFORM_EC_ACCELGYRO_ICM_COMM_I2C and/or
[wugtrio:ro] look up PLATFORM_EC_ACCELGYRO_ICM_COMM_I2C in the menuconfig/guiconfig interface. The Application
[wugtrio:ro] Development Primer, Setting Configuration Values, and Kconfig - Tips and Best Practices sections of
[wugtrio:ro] the manual might be helpful too.
[wugtrio:ro] warning: Deprecated symbol I2C_ALLOW_NO_STOP_TRANSACTIONS is enabled.
[buccaneer:rw] [436/526] Building C object modules/ec/third_party/boringssl/build/CMakeFiles/crypto.dir/crypto/x509/t_x509.c.obj
[buccaneer:rw] [437/526] Building C object modules/ec/third_party/boringssl/build/CMakeFiles/crypto.dir/crypto/x509/t_x509a.c.obj
[buccaneer:ro] [39/513] Building C object CMakeFiles/app.dir/mnt/host/source/src/platform/ec/build/zephyr/buccaneer/modules/ec/common/vboot/common.c.obj
[buccaneer:rw] [438/526] Building C object modules/ec/third_party/boringssl/build/CMakeFiles/crypto.dir/crypto/x509/v3_akeya.c.obj
[buccaneer:ro] [40/513] Building C object CMakeFiles/app.dir/mnt/host/source/src/platform/ec/build/zephyr/buccaneer/modules/ec/common/rollback.c.obj
[buccaneer:rw] [439/526] Building C object modules/ec/third_party/boringssl/build/CMakeFiles/crypto.dir/crypto/x509/v3_akey.c.obj
[buccaneer:rw] [440/526] Building C object modules/ec/third_party/boringssl/build/CMakeFiles/crypto.dir/crypto/x509/v3_alt.c.obj
[buccaneer:rw] [441/526] Building C object modules/ec/third_party/boringssl/build/CMakeFiles/crypto.dir/crypto/x509/v3_bcons.c.obj
[buccaneer:ro] [41/513] Building C object CMakeFiles/app.dir/mnt/host/source/src/platform/ec/build/zephyr/buccaneer/modules/ec/libc/sbrk.c.obj
[buccaneer:rw] [442/526] Building C object modules/ec/third_party/boringssl/build/CMakeFiles/crypto.dir/crypto/x509/v3_bitst.c.obj
[buccaneer:ro] [42/513] Building C object CMakeFiles/app.dir/mnt/host/source/src/platform/ec/build/zephyr/buccaneer/modules/ec/common/shared_mem_libc.c.obj
[wugtrio:ro] Parsing /mnt/host/source/src/platform/ec/zephyr/program/corsola/Kconfig
[buccaneer:ro] [43/513] Building C object CMakeFiles/app.dir/mnt/host/source/src/platform/ec/build/zephyr/buccaneer/modules/ec/common/spi_flash_reg.c.obj
[buccaneer:rw] [443/526] Building C object modules/ec/third_party/boringssl/build/CMakeFiles/crypto.dir/crypto/x509/v3_conf.c.obj
[buccaneer:rw] [444/526] Building C object modules/ec/third_party/boringssl/build/CMakeFiles/crypto.dir/crypto/x509/v3_int.c.obj
[buccaneer:ro] [44/513] Building C object CMakeFiles/app.dir/mnt/host/source/src/platform/ec/build/zephyr/buccaneer/modules/ec/common/rtc.c.obj
[buccaneer:rw] [445/526] Building C object modules/ec/third_party/boringssl/build/CMakeFiles/crypto.dir/crypto/x509/v3_cpols.c.obj
[buccaneer:rw] [446/526] Building C object modules/ec/third_party/boringssl/build/CMakeFiles/crypto.dir/crypto/x509/v3_crld.c.obj
[buccaneer:ro] [45/513] Building C object CMakeFiles/app.dir/mnt/host/source/src/platform/ec/build/zephyr/buccaneer/modules/ec/common/timer.c.obj
[buccaneer:rw] [447/526] Building C object modules/ec/third_party/boringssl/build/CMakeFiles/crypto.dir/crypto/x509/v3_extku.c.obj
[buccaneer:rw] [448/526] Building C object modules/ec/third_party/boringssl/build/CMakeFiles/crypto.dir/crypto/x509/v3_enum.c.obj
[buccaneer:rw] [449/526] Building C object modules/ec/third_party/boringssl/build/CMakeFiles/crypto.dir/crypto/x509/v3_ia5.c.obj
[buccaneer:ro] [46/513] Building C object CMakeFiles/app.dir/helipilot/src/ec_quirks.c.obj
[buccaneer:rw] [450/526] Building C object modules/ec/third_party/boringssl/build/CMakeFiles/crypto.dir/crypto/x509/v3_info.c.obj
[buccaneer:rw] [451/526] Building C object modules/ec/third_party/boringssl/build/CMakeFiles/crypto.dir/crypto/x509/v3_genn.c.obj
[buccaneer:ro] [47/513] Building C object CMakeFiles/app.dir/helipilot/src/fp_transport.c.obj
[buccaneer:ro] [48/513] Building C object zephyr/CMakeFiles/zephyr.dir/lib/cpp/abi/cpp_dtors.c.obj
[buccaneer:rw] [452/526] Building C object modules/ec/third_party/boringssl/build/CMakeFiles/crypto.dir/crypto/x509/v3_ocsp.c.obj
[/mnt/host/source/src/platform/ec/build/zephyr/epic-lcov]   /mnt/host/source/src/platform/ec/build/zephyr/epic/build-ro/CMakeFiles/app.dir/mnt/host/source/src/platform/ec/build/zephyr/epic/modules/ec/common/chargen.c.gcno:no functions found
[/mnt/host/source/src/platform/ec/build/zephyr/epic-lcov] stderr:
[buccaneer:ro] [49/513] Building C object CMakeFiles/app.dir/helipilot/src/power.c.obj
[buccaneer:rw] [453/526] Building C object modules/ec/third_party/boringssl/build/CMakeFiles/crypto.dir/crypto/x509/v3_lib.c.obj
[buccaneer:rw] [454/526] Building C object modules/ec/third_party/boringssl/build/CMakeFiles/crypto.dir/crypto/x509/v3_prn.c.obj
[buccaneer:ro] [50/513] Building C object CMakeFiles/app.dir/src/fp_transport.c.obj
[buccaneer:ro] [51/513] Building C object zephyr/CMakeFiles/zephyr.dir/lib/libc/validate_libc.c.obj
[wugtrio:ro] Loaded configuration '/mnt/host/source/src/platform/ec/zephyr/boards/google/it8xxx2/it8xxx2_it81202bx_defconfig'
[wugtrio:ro] Merged configuration '/mnt/host/source/src/platform/ec/zephyr/program/corsola/program.conf'
[wugtrio:ro] Merged configuration '/mnt/host/source/src/platform/ec/zephyr/program/corsola/ite_program.conf'
[wugtrio:ro] Merged configuration '/mnt/host/source/src/platform/ec/zephyr/program/corsola/wugtrio/project.conf'
[wugtrio:ro] Merged configuration '/mnt/host/source/src/platform/ec/build/zephyr/wugtrio/kconfig-ro.conf'
[wugtrio:ro] Configuration saved to '/mnt/host/source/src/platform/ec/build/zephyr/wugtrio/build-ro/zephyr/.config'
[wugtrio:ro] Kconfig header saved to '/mnt/host/source/src/platform/ec/build/zephyr/wugtrio/build-ro/zephyr/include/generated/zephyr/autoconf.h'
[wugtrio:ro] -- Found GnuLd: /home/jpmurphy/.cache/coreboot-sdk/riscv64-elf/96b949749225b6aaa92ed810ab769e8dfb12f000/riscv64-elf/bin/ld.bfd (found version "2.43.1")
[buccaneer:rw] [455/526] Building C object modules/ec/third_party/boringssl/build/CMakeFiles/crypto.dir/crypto/x509/x509.c.obj
[buccaneer:rw] [456/526] Building C object modules/ec/third_party/boringssl/build/CMakeFiles/crypto.dir/crypto/x509/v3_ncons.c.obj
[buccaneer:ro] [52/513] Linking C static library app/libapp.a
[buccaneer:rw] [457/526] Building C object modules/ec/third_party/boringssl/build/CMakeFiles/crypto.dir/crypto/x509/v3_pcons.c.obj
[buccaneer:rw] [458/526] Building C object modules/ec/third_party/boringssl/build/CMakeFiles/crypto.dir/crypto/x509/v3_pmaps.c.obj
[wugtrio:ro] -- The C compiler identification is GNU 14.2.0
[buccaneer:ro] [53/513] Building C object zephyr/CMakeFiles/zephyr.dir/lib/heap/heap.c.obj
[buccaneer:rw] [459/526] Building C object modules/ec/third_party/boringssl/build/CMakeFiles/crypto.dir/crypto/x509/x509_d2.c.obj
[buccaneer:rw] [460/526] Building C object modules/ec/third_party/boringssl/build/CMakeFiles/crypto.dir/crypto/x509/v3_purp.c.obj
[buccaneer:rw] [461/526] Building C object modules/ec/third_party/boringssl/build/CMakeFiles/crypto.dir/crypto/x509/v3_skey.c.obj
[buccaneer:ro] [54/513] Building C object zephyr/CMakeFiles/zephyr.dir/lib/os/clock.c.obj
[buccaneer:ro] [55/513] Building C object zephyr/CMakeFiles/zephyr.dir/lib/os/cbprintf_packaged.c.obj
[buccaneer:rw] [462/526] Building C object modules/ec/third_party/boringssl/build/CMakeFiles/crypto.dir/crypto/x509/x509_def.c.obj
[buccaneer:rw] [463/526] Building C object modules/ec/third_party/boringssl/build/CMakeFiles/crypto.dir/crypto/x509/v3_utl.c.obj
[buccaneer:rw] [464/526] Building C object modules/ec/third_party/boringssl/build/CMakeFiles/crypto.dir/crypto/x509/x509_att.c.obj
[buccaneer:ro] [56/513] Building C object zephyr/CMakeFiles/zephyr.dir/lib/os/printk.c.obj
[wugtrio:ro] -- The CXX compiler identification is GNU 14.2.0
[buccaneer:rw] [465/526] Building C object modules/ec/third_party/boringssl/build/CMakeFiles/crypto.dir/crypto/x509/x509_cmp.c.obj
[wugtrio:ro] -- The ASM compiler identification is GNU
[wugtrio:ro] -- Found assembler: /home/jpmurphy/.cache/coreboot-sdk/riscv64-elf/96b949749225b6aaa92ed810ab769e8dfb12f000/bin/riscv64-elf-gcc
[buccaneer:ro] [57/513] Building C object zephyr/CMakeFiles/zephyr.dir/lib/os/sem.c.obj
[wugtrio:ro] CMake Warning at /mnt/host/source/src/platform/ec/zephyr/cmake/linker/ld/linker_libraries.cmake:11 (message):
[buccaneer:rw] [466/526] Building C object modules/ec/third_party/boringssl/build/CMakeFiles/crypto.dir/crypto/x509/x509_txt.c.obj
[buccaneer:rw] [467/526] Building C object modules/ec/third_party/boringssl/build/CMakeFiles/crypto.dir/crypto/x509/x509_ext.c.obj
[buccaneer:ro] [58/513] Building C object zephyr/CMakeFiles/zephyr.dir/lib/os/thread_entry.c.obj
[buccaneer:ro] [59/513] Building C object zephyr/CMakeFiles/zephyr.dir/lib/os/cbprintf.c.obj
[buccaneer:ro] [60/513] Building C object zephyr/CMakeFiles/zephyr.dir/lib/os/cbprintf_nano.c.obj
[buccaneer:rw] [468/526] Building C object modules/ec/third_party/boringssl/build/CMakeFiles/crypto.dir/crypto/x509/x509_lu.c.obj
[buccaneer:rw] [469/526] Building C object modules/ec/third_party/boringssl/build/CMakeFiles/crypto.dir/crypto/x509/x509_obj.c.obj
[wugtrio:ro] -- Performing EC specific devicetree checks
[buccaneer:rw] [470/526] Building C object modules/ec/third_party/boringssl/build/CMakeFiles/crypto.dir/crypto/x509/x509_set.c.obj
[buccaneer:rw] [471/526] Building C object modules/ec/third_party/boringssl/build/CMakeFiles/crypto.dir/crypto/x509/x509_trs.c.obj
[buccaneer:rw] [472/526] Building C object modules/ec/third_party/boringssl/build/CMakeFiles/crypto.dir/crypto/x509/x509_req.c.obj
[buccaneer:ro] [61/513] Building C object zephyr/CMakeFiles/zephyr.dir/lib/utils/hex.c.obj
[buccaneer:ro] [62/513] Building C object zephyr/CMakeFiles/zephyr.dir/lib/utils/dec.c.obj
[buccaneer:ro] [63/513] Building C object zephyr/CMakeFiles/zephyr.dir/lib/os/assert.c.obj
[wugtrio:ro]   Disabling c_library
[wugtrio:ro] Call Stack (most recent call first):
[wugtrio:ro]   /mnt/host/source/src/third_party/zephyr/main/cmake/target_toolchain_flags.cmake:48 (include)
[wugtrio:ro]   /mnt/host/source/src/third_party/zephyr/main/cmake/modules/kernel.cmake:153 (include)
[wugtrio:ro]   /mnt/host/source/src/third_party/zephyr/main/cmake/modules/zephyr_default.cmake:138 (include)
[wugtrio:ro]   /mnt/host/source/src/third_party/zephyr/main/share/zephyr-package/cmake/ZephyrConfig.cmake:66 (include)
[wugtrio:ro]   /mnt/host/source/src/third_party/zephyr/main/share/zephyr-package/cmake/ZephyrConfig.cmake:97 (include_boilerplate)
[wugtrio:ro]   CMakeLists.txt:7 (find_package)
[wugtrio:ro] INFO: Verified 40 GPIOs, no duplicates found
[wugtrio:ro] INFO: Verified 25 '*-gpios' properties, all flags match.
[wugtrio:ro] INFO: Skipped 1 named-gpios children.
[buccaneer:rw] [473/526] Building C object modules/ec/third_party/boringssl/build/CMakeFiles/crypto.dir/crypto/x509/x509_v3.c.obj
[buccaneer:ro] [64/513] Building C object zephyr/CMakeFiles/zephyr.dir/lib/os/mpsc_pbuf.c.obj
[buccaneer:rw] [474/526] Building C object modules/ec/third_party/boringssl/build/CMakeFiles/crypto.dir/crypto/x509/x509_vfy.c.obj
[wugtrio:ro] -- Generating component manifest file
[buccaneer:rw] [475/526] Building C object modules/ec/third_party/boringssl/build/CMakeFiles/crypto.dir/crypto/x509/x509spki.c.obj
[buccaneer:ro] [65/513] Building C object zephyr/CMakeFiles/zephyr.dir/lib/utils/bitmask.c.obj
[buccaneer:rw] [476/526] Building C object modules/ec/third_party/boringssl/build/CMakeFiles/crypto.dir/crypto/x509/x509_vpm.c.obj
[buccaneer:ro] [66/513] Building C object zephyr/CMakeFiles/zephyr.dir/lib/utils/timeutil.c.obj
[buccaneer:ro] [67/513] Building C object zephyr/CMakeFiles/zephyr.dir/lib/utils/rb.c.obj
[buccaneer:rw] [477/526] Building C object modules/ec/third_party/boringssl/build/CMakeFiles/crypto.dir/crypto/x509/x_algor.c.obj
[buccaneer:ro] [68/513] Building C object zephyr/CMakeFiles/zephyr.dir/lib/utils/last_section_id.c.obj
[buccaneer:rw] [478/526] Building C object modules/ec/third_party/boringssl/build/CMakeFiles/crypto.dir/crypto/x509/x509cset.c.obj
[buccaneer:ro] [69/513] Building C object zephyr/CMakeFiles/zephyr.dir/misc/generated/configs.c.obj
[wugtrio:ro] INFO: Running CME, outputting to /mnt/host/source/src/platform/ec/build/zephyr/wugtrio/build-ro/zephyr/component_manifest.json
[wugtrio:ro] INFO: Component usbpd@f03700(ite,it8xxx2-usbpd) not on I2C bus, skip it
[wugtrio:ro] INFO: Component virtual-mux-0(cros-ec,usbc-mux-virtual) not on I2C bus, skip it
[wugtrio:ro] INFO: Component usbpd@f03800(ite,it8xxx2-usbpd) not on I2C bus, skip it
[wugtrio:ro] INFO: Component virtual-mux-1(cros-ec,usbc-mux-virtual) not on I2C bus, skip it
[wugtrio:ro] INFO: Component virtual-mux-1(cros-ec,usbc-mux-virtual) not on I2C bus, skip it
[buccaneer:rw] [479/526] Building C object modules/ec/third_party/boringssl/build/CMakeFiles/crypto.dir/crypto/x509/x509name.c.obj
[wugtrio:ro] -- warning_base_override: -Wall;-Wformat;-Wformat-security;-Wformat;-Wno-format-zero-length;-Wno-pointer-sign;-Wpointer-arith;-Wexpansion-to-defined
[buccaneer:ro] [70/513] Building C object zephyr/CMakeFiles/zephyr.dir/lib/utils/ring_buffer.c.obj
[buccaneer:ro] [71/513] Building C object zephyr/CMakeFiles/zephyr.dir/lib/utils/bitarray.c.obj
[buccaneer:rw] [480/526] Building C object modules/ec/third_party/boringssl/build/CMakeFiles/crypto.dir/crypto/x509/x509rset.c.obj
[buccaneer:ro] [72/513] Building C object zephyr/CMakeFiles/zephyr.dir/lib/utils/getopt/getopt.c.obj
[buccaneer:rw] [481/526] Building C object modules/ec/third_party/boringssl/build/CMakeFiles/crypto.dir/crypto/x509/x_all.c.obj
[buccaneer:rw] [482/526] Building C object modules/ec/third_party/boringssl/build/CMakeFiles/crypto.dir/crypto/x509/x_attrib.c.obj
[buccaneer:ro] [73/513] Building C object zephyr/CMakeFiles/zephyr.dir/lib/utils/getopt/getopt_common.c.obj
[buccaneer:rw] [483/526] Building C object modules/ec/third_party/boringssl/build/CMakeFiles/crypto.dir/crypto/x509/x_sig.c.obj
[wugtrio:ro] -- Found gen_kobject_list: /mnt/host/source/src/third_party/zephyr/main/scripts/build/gen_kobject_list.py
[buccaneer:rw] [484/526] Building C object modules/ec/third_party/boringssl/build/CMakeFiles/crypto.dir/crypto/x509/x_crl.c.obj
[wugtrio:ro] CMake Warning at /mnt/host/source/src/third_party/zephyr/main/CMakeLists.txt:2359 (message):
[wugtrio:ro]   __ASSERT() statements are globally ENABLED
[buccaneer:rw] [485/526] Building C object modules/ec/third_party/boringssl/build/CMakeFiles/crypto.dir/crypto/x509/x_pubkey.c.obj
[buccaneer:ro] [74/513] Building C object zephyr/CMakeFiles/zephyr.dir/soc/nuvoton/npcx/common/power.c.obj
[buccaneer:rw] [486/526] Building C object modules/ec/third_party/boringssl/build/CMakeFiles/crypto.dir/crypto/x509/x_exten.c.obj
[buccaneer:rw] [487/526] Building C object modules/ec/third_party/boringssl/build/CMakeFiles/crypto.dir/gen/crypto/err_data.c.obj
[buccaneer:rw] [488/526] Building C object modules/ec/third_party/boringssl/build/CMakeFiles/crypto.dir/crypto/x509/x_name.c.obj
[buccaneer:ro] [75/513] Building C object zephyr/CMakeFiles/zephyr.dir/soc/nuvoton/npcx/common/npcxn/registers.c.obj
[buccaneer:ro] [76/513] Building C object zephyr/CMakeFiles/zephyr.dir/soc/nuvoton/npcx/common/scfg.c.obj
[wugtrio:ro] -- Configuring done (15.7s)
[buccaneer:rw] [489/526] Building C object modules/ec/third_party/boringssl/build/CMakeFiles/crypto.dir/crypto/x509/x_req.c.obj
[buccaneer:ro] [77/513] Building C object zephyr/CMakeFiles/zephyr.dir/soc/nuvoton/npcx/npcx9/soc.c.obj
[buccaneer:ro] [78/513] Building C object zephyr/CMakeFiles/zephyr.dir/subsys/logging/log_cache.c.obj
[buccaneer:rw] [490/526] Building C object modules/ec/third_party/boringssl/build/CMakeFiles/crypto.dir/crypto/x509/x_spki.c.obj
[buccaneer:ro] [79/513] Building C object zephyr/CMakeFiles/zephyr.dir/subsys/logging/log_core.c.obj
[buccaneer:rw] [491/526] Building C object modules/ec/third_party/boringssl/build/CMakeFiles/crypto.dir/crypto/x509/x_x509.c.obj
[buccaneer:rw] [492/526] Building C object modules/ec/third_party/boringssl/build/CMakeFiles/crypto.dir/crypto/x509/x_val.c.obj
[buccaneer:rw] [493/526] Building C object zephyr/kernel/CMakeFiles/kernel.dir/main_weak.c.obj
[wugtrio:ro] -- Generating done (0.5s)
[wugtrio:ro] CMake Warning:
[wugtrio:ro]   Manually-specified variables were not used by the project:
[wugtrio:ro]     COREBOOT_SDK_ROOT_arm
[wugtrio:ro]     COREBOOT_SDK_ROOT_libstdcxx_arm
[wugtrio:ro]     COREBOOT_SDK_ROOT_libstdcxx_x86
[wugtrio:ro]     COREBOOT_SDK_ROOT_nds32
[wugtrio:ro]     COREBOOT_SDK_ROOT_picolibc_arm
[wugtrio:ro]     COREBOOT_SDK_ROOT_picolibc_x86
[wugtrio:ro] -- Build files have been written to: /mnt/host/source/src/platform/ec/build/zephyr/wugtrio/build-ro
[wugtrio:ro]     COREBOOT_SDK_ROOT_riscv
[wugtrio:ro]     COREBOOT_SDK_ROOT_x86
[buccaneer:rw] [494/526] Building C object modules/ec/third_party/boringssl/build/CMakeFiles/crypto.dir/crypto/x509/x_x509a.c.obj
[buccaneer:rw] [495/526] Building C object zephyr/kernel/CMakeFiles/kernel.dir/busy_wait.c.obj
[buccaneer:rw] [496/526] Building C object zephyr/kernel/CMakeFiles/kernel.dir/device.c.obj
[buccaneer:rw] [497/526] Building C object zephyr/kernel/CMakeFiles/kernel.dir/banner.c.obj
[buccaneer:ro] [80/513] Building C object zephyr/CMakeFiles/zephyr.dir/subsys/logging/log_mgmt.c.obj
[buccaneer:ro] [81/513] Building C object zephyr/CMakeFiles/zephyr.dir/subsys/logging/log_msg.c.obj
Running (initial) lcov on /mnt/host/source/src/platform/ec/build/zephyr/quenbi.
[buccaneer:rw] [498/526] Building C object zephyr/kernel/CMakeFiles/kernel.dir/errno.c.obj
[buccaneer:rw] [499/526] Building C object zephyr/kernel/CMakeFiles/kernel.dir/version.c.obj
[buccaneer:rw] [500/526] Linking C static library modules/ec/third_party/boringssl/build/libcrypto.a
[buccaneer:ro] [82/513] Building C object zephyr/CMakeFiles/zephyr.dir/subsys/logging/log_output.c.obj
[buccaneer:rw] [501/526] Linking C static library zephyr/libzephyr.a
[buccaneer:ro] [83/513] Building C object zephyr/CMakeFiles/zephyr.dir/subsys/mem_mgmt/mem_attr.c.obj
[buccaneer:ro] [84/513] Building C object zephyr/CMakeFiles/zephyr.dir/subsys/logging/log_output_custom.c.obj
Running `env -i PYTHONPATH=/usr/lib64/python-exec/python3.11:/mnt/host/source/src/platform/ec/zephyr/zmake:/usr/lib/python311.zip:/usr/lib/python3.11:/usr/lib/python3.11/lib-dynload:/usr/lib/python3.11/site-packages PW_PIGWEED_CIPD_INSTALL_DIR=/usr CROSTC_USER_ACKNOWLEDGES_THAT_RISCV_IS_EXPERIMENTAL=1 PATH=/mnt/host/source/chromite/bin:/usr/local/bin:/usr/bin:/bin:/opt/bin:/mnt/host/source/chromite/sdk/bin:/mnt/host/source/chromite/bin HOME=/home/jpmurphy JAVA_HOME=/etc/java-config-2/current-system-vm JDK_HOME=/etc/java-config-2/current-system-vm JAVAC=/etc/java-config-2/current-system-vm/bin/javac MAKEFLAGS=' -j16 --jobserver-auth=5,6' /usr/bin/lcov --gcov-tool /mnt/host/source/src/platform/ec/build/zephyr/quenbi/build-rw/gcov.sh -q -o - -c -d /mnt/host/source/src/platform/ec/build/zephyr/quenbi -t quenbi --rc branch_coverage=1 --filter range --ignore-errors inconsistent,source --ignore-errors gcov,gcov -i`
[buccaneer:rw] [502/526] Building C object zephyr/kernel/CMakeFiles/kernel.dir/fatal.c.obj
[buccaneer:rw] [503/526] Building C object zephyr/kernel/CMakeFiles/kernel.dir/mem_slab.c.obj
[buccaneer:ro] [85/513] Building C object zephyr/CMakeFiles/zephyr.dir/subsys/pm/state.c.obj
[buccaneer:rw] [504/526] Building C object zephyr/kernel/CMakeFiles/kernel.dir/kheap.c.obj
[buccaneer:rw] [505/526] Building C object zephyr/kernel/CMakeFiles/kernel.dir/float.c.obj
[buccaneer:rw] [506/526] Building C object zephyr/kernel/CMakeFiles/kernel.dir/init.c.obj
[buccaneer:ro] [86/513] Building C object zephyr/CMakeFiles/zephyr.dir/subsys/pm/pm.c.obj
[buccaneer:rw] [507/526] Building C object zephyr/kernel/CMakeFiles/kernel.dir/idle.c.obj
[buccaneer:rw] [508/526] Building C object zephyr/kernel/CMakeFiles/kernel.dir/mailbox.c.obj
[buccaneer:ro] [87/513] Building C object zephyr/CMakeFiles/zephyr.dir/subsys/pm/policy/policy_events.c.obj
[buccaneer:rw] [509/526] Building C object zephyr/kernel/CMakeFiles/kernel.dir/msg_q.c.obj
[buccaneer:ro] [88/513] Building C object zephyr/CMakeFiles/zephyr.dir/subsys/pm/policy/policy_state_lock.c.obj
[buccaneer:ro] [89/513] Building C object zephyr/CMakeFiles/zephyr.dir/subsys/pm/policy/policy_latency.c.obj
[buccaneer:rw] [510/526] Building C object zephyr/kernel/CMakeFiles/kernel.dir/mutex.c.obj
[buccaneer:rw] [511/526] Building C object zephyr/kernel/CMakeFiles/kernel.dir/sem.c.obj
[buccaneer:rw] [512/526] Building C object zephyr/kernel/CMakeFiles/kernel.dir/queue.c.obj
[buccaneer:ro] [90/513] Building C object zephyr/CMakeFiles/zephyr.dir/subsys/pm/device.c.obj
[buccaneer:rw] [513/526] Building C object zephyr/kernel/CMakeFiles/kernel.dir/stack.c.obj
[buccaneer:rw] [514/526] Building C object zephyr/kernel/CMakeFiles/kernel.dir/system_work_q.c.obj
[buccaneer:ro] [91/513] Building C object zephyr/CMakeFiles/zephyr.dir/subsys/pm/device_runtime.c.obj
[/mnt/host/source/src/platform/ec/build/zephyr/quenbi-lcov] geninfo: WARNING: using JSON module "JSON::PP" - which is much slower than some alternatives.  Consider installing one of JSON::XS or Cpanel::JSON::XS
[/mnt/host/source/src/platform/ec/build/zephyr/epic-lcov]   /mnt/host/source/src/platform/ec/build/zephyr/epic/build-ro/CMakeFiles/app.dir/mnt/host/source/src/platform/ec/build/zephyr/epic/modules/ec/common/cbi_config.c.gcno:no functions found
[/mnt/host/source/src/platform/ec/build/zephyr/epic-lcov] stderr:
[buccaneer:rw] [515/526] Building C object zephyr/kernel/CMakeFiles/kernel.dir/work.c.obj
[buccaneer:rw] [516/526] Building C object zephyr/kernel/CMakeFiles/kernel.dir/condvar.c.obj
[buccaneer:rw] [517/526] Building C object zephyr/kernel/CMakeFiles/kernel.dir/thread.c.obj
[buccaneer:ro] [92/513] Building C object zephyr/CMakeFiles/zephyr.dir/subsys/testsuite/coverage/coverage.c.obj
[buccaneer:rw] [518/526] Building C object zephyr/kernel/CMakeFiles/kernel.dir/sched.c.obj
[buccaneer:rw] [519/526] Building C object zephyr/kernel/CMakeFiles/kernel.dir/pipe.c.obj
[buccaneer:rw] [520/526] Building C object zephyr/kernel/CMakeFiles/kernel.dir/timeout.c.obj
[buccaneer:ro] [93/513] Building C object zephyr/CMakeFiles/zephyr.dir/subsys/tracing/tracing_none.c.obj
[wugtrio:ro] Building: /usr/bin/ninja -C /mnt/host/source/src/platform/ec/build/zephyr/wugtrio/build-ro all.libraries
Running `env -i SHELL=/bin/bash COLORTERM=truecolor DEPOT_TOOLS_UPDATE=0 LESS='-R -M --shift 5' SUDO_GID=0 JDK_HOME=/etc/java-config-2/current-system-vm CONFIG_PROTECT_MASK='/etc/gentoo-release /etc/sandbox.d /etc/fonts/fonts.conf /etc/terminfo /etc/ca-certificates.conf /etc/revdep-rebuild' CHROMEOS_CACHEDIR=/var/cache/chromeos-cache JAVA_HOME=/etc/java-config-2/current-system-vm SSH_AUTH_SOCK=/tmp/ssh-auth-sock SUDO_COMMAND=/bin/bash SUDO_USER=root SUDO_TTY=/dev/pts/2 EDITOR=/usr/bin/vi PWD=/mnt/host/source/src/platform/ec CONFIG_PROTECT=/usr/share/gnupg/qualified.txt LOGNAME=jpmurphy MANPATH=/etc/java-config-2/current-system-vm/man:/usr/local/share/man:/usr/share/man:/usr/share/gcc-data/x86_64-pc-linux-gnu/10.2.0/man:/usr/share/binutils-data/x86_64-pc-linux-gnu/2.45/man:/etc/java-config-2/current-system-vm/man/ SUDO_HOME=/root XAUTHORITY=/run/user/944457/gdm/Xauthority HOME=/home/jpmurphy LANG=C.UTF-8 LS_COLORS='rs=0:di=01;34:ln=01;36:mh=00:pi=40;33:so=01;35:do=01;35:bd=40;33;01:cd=40;33;01:or=01;05;37;41:mi=01;05;37;41:su=37;41:sg=30;43:ca=30;41:tw=30;42:ow=34;42:st=37;44:ex=01;32:*.tar=01;31:*.tgz=01;31:*.arc=01;31:*.arj=01;31:*.taz=01;31:*.lha=01;31:*.lz4=01;31:*.lzh=01;31:*.lzma=01;31:*.tlz=01;31:*.txz=01;31:*.tzo=01;31:*.t7z=01;31:*.zip=01;31:*.z=01;31:*.dz=01;31:*.gz=01;31:*.lrz=01;31:*.lz=01;31:*.lzo=01;31:*.xz=01;31:*.zst=01;31:*.tzst=01;31:*.bz2=01;31:*.bz=01;31:*.tbz=01;31:*.tbz2=01;31:*.tz=01;31:*.deb=01;31:*.rpm=01;31:*.jar=01;31:*.war=01;31:*.ear=01;31:*.sar=01;31:*.rar=01;31:*.alz=01;31:*.ace=01;31:*.zoo=01;31:*.cpio=01;31:*.7z=01;31:*.rz=01;31:*.cab=01;31:*.wim=01;31:*.swm=01;31:*.dwm=01;31:*.esd=01;31:*.jpg=01;35:*.jpeg=01;35:*.mjpg=01;35:*.mjpeg=01;35:*.gif=01;35:*.bmp=01;35:*.pbm=01;35:*.pgm=01;35:*.ppm=01;35:*.tga=01;35:*.xbm=01;35:*.xpm=01;35:*.tif=01;35:*.tiff=01;35:*.png=01;35:*.svg=01;35:*.svgz=01;35:*.mng=01;35:*.pcx=01;35:*.mov=01;35:*.mpg=01;35:*.mpeg=01;35:*.m2v=01;35:*.mkv=01;35:*.webm=01;35:*.webp=01;35:*.ogm=01;35:*.mp4=01;35:*.m4v=01;35:*.mp4v=01;35:*.vob=01;35:*.qt=01;35:*.nuv=01;35:*.wmv=01;35:*.asf=01;35:*.rm=01;35:*.rmvb=01;35:*.flc=01;35:*.avi=01;35:*.fli=01;35:*.flv=01;35:*.gl=01;35:*.dl=01;35:*.xcf=01;35:*.xwd=01;35:*.yuv=01;35:*.cgm=01;35:*.emf=01;35:*.ogv=01;35:*.ogx=01;35:*.cfg=00;32:*.conf=00;32:*.diff=00;32:*.doc=00;32:*.ini=00;32:*.log=00;32:*.patch=00;32:*.pdf=00;32:*.ps=00;32:*.tex=00;32:*.txt=00;32:*.aac=00;36:*.au=00;36:*.flac=00;36:*.m4a=00;36:*.mid=00;36:*.midi=00;36:*.mka=00;36:*.mp3=00;36:*.mpc=00;36:*.ogg=00;36:*.ra=00;36:*.wav=00;36:*.oga=00;36:*.opus=00;36:*.spx=00;36:*.xspf=00;36:' XDG_CURRENT_DESKTOP=GNOME INFOPATH=/usr/share/info:/usr/share/gcc-data/x86_64-pc-linux-gnu/10.2.0/info:/usr/share/binutils-data/x86_64-pc-linux-gnu/2.45/info:/usr/share/automake-1.16.5/info JAVAC=/etc/java-config-2/current-system-vm/bin/javac TERM=xterm-256color LESSOPEN='|lesspipe %s' USER=jpmurphy CROS_WORKON_SRCROOT=/mnt/host/source MANPAGER=manpager DISPLAY=:1 SHLVL=1 LC_MESSAGES=C EXTERNAL_TRUNK_PATH=/mnt/8f9d649a-3721-44cc-93c0-e6bd21a9689f/chromiumos GCC_SPECS='' PATH=/mnt/host/source/chromite/bin:/usr/local/bin:/usr/bin:/bin:/opt/bin:/mnt/host/source/chromite/sdk/bin:/mnt/host/source/chromite/bin PORTAGE_USERNAME=jpmurphy SUDO_UID=0 GCC_VER=10.2.0 MAIL=/var/mail/jpmurphy OLDPWD=/mnt/host/source/src/scripts traceparent=00-e87aca51550a78635907baa6a2476181-6d684811675d2973-01 _=./zephyr/firmware_builder.py COREBOOT_SDK_ROOT_x86=/home/jpmurphy/.cache/coreboot-sdk/i386-elf/dfbb0486385d938cfa9d73080b9d18d598ed4f49 COREBOOT_SDK_ROOT_picolibc_x86=/home/jpmurphy/.cache/coreboot-sdk/picolibc-i386-elf/eb8e8e687b95461de8cbf278f1c2076952d0ad17 COREBOOT_SDK_ROOT_riscv64=/home/jpmurphy/.cache/coreboot-sdk/riscv64-elf/96b949749225b6aaa92ed810ab769e8dfb12f000 COREBOOT_SDK_ROOT_picolibc_arm=/home/jpmurphy/.cache/coreboot-sdk/picolibc-arm-eabi/422a2aa3e1ef891b5bece9a3deb696ff83840d2e COREBOOT_SDK_ROOT_nds32=/home/jpmurphy/.cache/coreboot-sdk/nds32le-elf/d1a518c4a097666d86058e1444f85ca015d15511 COREBOOT_SDK_ROOT_picolibc_riscv64=/home/jpmurphy/.cache/coreboot-sdk/picolibc-riscv64-elf/f571e990ef0278564b31124f8bb109d9a697eb69 COREBOOT_SDK_ROOT_arm=/home/jpmurphy/.cache/coreboot-sdk/arm-eabi/ea40ddd1d190c3b48435c474c0b545719371813a COREBOOT_SDK_ROOT_libstdcxx_riscv64=/home/jpmurphy/.cache/coreboot-sdk/libstdcxx-riscv64-elf/17abf22a3a252e2d5d2062ced5324f7a623689e0 COREBOOT_SDK_ROOT_libstdcxx_arm=/home/jpmurphy/.cache/coreboot-sdk/libstdcxx-arm-eabi/5d7d82e150e44aa1968f1d366e267e6687b328ac COREBOOT_SDK_ROOT_riscv=/home/jpmurphy/.cache/coreboot-sdk/riscv-elf/9a27b9e82341c6e9126624f516ab3f261abb3e73 COREBOOT_SDK_ROOT_libstdcxx_x86=/home/jpmurphy/.cache/coreboot-sdk/libstdcxx-i386-elf/42ef9d2e87a76a37963175d7d428734e65648b87 PYTHONPATH=/mnt/host/source/src/platform/ec/zephyr/zmake PW_PIGWEED_CIPD_INSTALL_DIR=/usr CROSTC_USER_ACKNOWLEDGES_THAT_RISCV_IS_EXPERIMENTAL=1 MAKEFLAGS=' -j16 --jobserver-auth=5,6' /usr/bin/ninja -C /mnt/host/source/src/platform/ec/build/zephyr/wugtrio/build-ro all.libraries`
[wugtrio:ro] ninja: Entering directory `/mnt/host/source/src/platform/ec/build/zephyr/wugtrio/build-ro'
[buccaneer:ro] [94/513] Building C object zephyr/CMakeFiles/zephyr.dir/subsys/shell/modules/kernel_service/kernel_shell.c.obj
[buccaneer:rw] [521/526] Building C object zephyr/kernel/CMakeFiles/kernel.dir/timer.c.obj
[/mnt/host/source/src/platform/ec/build/zephyr/epic-lcov]   /mnt/host/source/src/platform/ec/build/zephyr/epic/build-ro/zephyr/arch/arch/riscv/core/CMakeFiles/arch__riscv__core.dir/cpu_idle.c.gcno:no functions found
[/mnt/host/source/src/platform/ec/build/zephyr/epic-lcov] stderr:
[wugtrio:ro] [1/384] Preparing syscall dependency handling
[buccaneer:rw] [522/526] Building C object zephyr/kernel/CMakeFiles/kernel.dir/events.c.obj
[buccaneer:ro] [95/513] Building C object zephyr/CMakeFiles/zephyr.dir/subsys/shell/modules/kernel_service/cycles.c.obj
[buccaneer:ro] [96/513] Building C object zephyr/CMakeFiles/zephyr.dir/subsys/shell/modules/kernel_service/sleep.c.obj
[buccaneer:rw] [523/526] Building C object zephyr/kernel/CMakeFiles/kernel.dir/poll.c.obj
[wugtrio:ro] [2/384] Generating misc/generated/syscalls_subdirs.trigger
[buccaneer:rw] [524/526] Building C object zephyr/kernel/CMakeFiles/kernel.dir/mempool.c.obj
[buccaneer:rw] [525/526] Building C object zephyr/kernel/CMakeFiles/kernel.dir/dynamic_disabled.c.obj
[wugtrio:ro] [3/384] cd /mnt/host/source/src/platform/ec/build/zephyr/wugtrio/build-ro/modules/ec/zephyr && PYTHONPATH=/mnt/host/source/src/platform/ec/build/zephyr/wugtrio/modules/ec/zephyr/zmake/ /usr/bin/python3.11 /mnt/host/source/src/platform/ec/build/zephyr/wugtrio/modules/ec/zephyr/zmake/zephyr_build_tools/generate_ec_version.py /mnt/host/source/src/platform/ec/build/zephyr/wugtrio/build-ro/modules/ec/zephyr/include/ec_version.h --name Zephyr-Kernel --version 16543.0.0 --static
[wugtrio:ro] INFO:root:Using a static version string
[buccaneer:rw] [526/526] Linking C static library zephyr/kernel/libkernel.a
[buccaneer:ro] [97/513] Building C object zephyr/CMakeFiles/zephyr.dir/subsys/shell/modules/kernel_service/uptime.c.obj
[wugtrio:ro] INFO:root:Version string: Zephyr-Kernel-16543.0.0
[wugtrio:ro] INFO:root:Writing header to /mnt/host/source/src/platform/ec/build/zephyr/wugtrio/build-ro/modules/ec/zephyr/include/ec_version.h
[wugtrio:ro] [4/384] Generating include/generated/zephyr/version.h
[/mnt/host/source/src/platform/ec/build/zephyr/quenbi-lcov] stderr:
[buccaneer:ro] [98/513] Building C object zephyr/CMakeFiles/zephyr.dir/subsys/shell/modules/kernel_service/version.c.obj
[buccaneer:ro] [99/513] Building C object zephyr/CMakeFiles/zephyr.dir/subsys/shell/shell.c.obj
[buccaneer:ro] [100/513] Building C object zephyr/CMakeFiles/zephyr.dir/subsys/shell/backends/shell_uart.c.obj
[buccaneer:ro] [101/513] Building C object zephyr/CMakeFiles/zephyr.dir/subsys/shell/shell_fprintf.c.obj
[buccaneer:ro] [102/513] Building C object zephyr/CMakeFiles/zephyr.dir/subsys/shell/shell_help.c.obj
[/mnt/host/source/src/platform/ec/build/zephyr/quenbi-lcov]   /mnt/host/source/src/platform/ec/build/zephyr/quenbi/build-ro/modules/ec/zephyr/CMakeFiles/ec_shim.dir/shim/src/thermal.c.gcno:no functions found
[/mnt/host/source/src/platform/ec/build/zephyr/quenbi-lcov] stderr:
[buccaneer:ro] [103/513] Building C object zephyr/CMakeFiles/zephyr.dir/subsys/shell/shell_ops.c.obj
[buccaneer:ro] [104/513] Building C object zephyr/CMakeFiles/zephyr.dir/subsys/shell/shell_utils.c.obj
[buccaneer:ro] [105/513] Building C object zephyr/CMakeFiles/zephyr.dir/subsys/shell/shell_log_backend.c.obj
[buccaneer:ro] [106/513] Building C object zephyr/CMakeFiles/zephyr.dir/subsys/shell/shell_history.c.obj
[buccaneer:ro] [107/513] Building C object zephyr/arch/arch/arm/core/CMakeFiles/arch__arm__core.dir/__aeabi_atexit.c.obj
[buccaneer:ro] [108/513] Building C object zephyr/arch/common/CMakeFiles/arch__common.dir/sw_isr_common.c.obj
[buccaneer:ro] [109/513] Building C object zephyr/arch/common/CMakeFiles/arch__common.dir/init.c.obj
[wugtrio:ro] -- git describe warned: warning: tag 'upstream/v2.7.99' is externally known as 'v2.7.99'
[wugtrio:ro] -- Zephyr version: 4.3.99 (/mnt/host/source/src/third_party/zephyr/main)
[wugtrio:ro] [5/384] Generating misc/generated/syscalls.json, misc/generated/struct_tags.json
[buccaneer:ro] [110/513] Building C object zephyr/CMakeFiles/zephyr.dir/drivers/flash/flash_util.c.obj
[buccaneer:ro] [111/513] Building ASM object zephyr/arch/arch/arm/core/CMakeFiles/arch__arm__core.dir/nmi_on_reset.S.obj
[wugtrio:ro] [6/384] Generating include/generated/zephyr/syscall_dispatch.c, include/generated/zephyr/syscall_exports_llext.c, syscall_weakdefs_llext.c, include/generated/zephyr/syscall_list.h
[buccaneer:ro] [112/513] Building ASM object zephyr/arch/arch/arm/core/cortex_m/CMakeFiles/arch__arm__core__cortex_m.dir/fault_s.S.obj
[/mnt/host/source/src/platform/ec/build/zephyr/epic-lcov]   /mnt/host/source/src/platform/ec/build/zephyr/epic/build-ro/zephyr/arch/common/CMakeFiles/isr_tables.dir/isr_tables.c.gcno:no functions found
[/mnt/host/source/src/platform/ec/build/zephyr/epic-lcov] stderr:
[wugtrio:ro] [7/384] Generating include/generated/zephyr/driver-validation.h
[buccaneer:ro] [113/513] Building C object zephyr/arch/common/CMakeFiles/isr_tables.dir/isr_tables.c.obj
[buccaneer:ro] [114/513] Building C object zephyr/arch/arch/arm/core/CMakeFiles/arch__arm__core.dir/nmi.c.obj
[buccaneer:ro] [115/513] Linking C static library zephyr/arch/common/libisr_tables.a
[buccaneer:ro] [116/513] Building C object zephyr/arch/common/CMakeFiles/arch__common.dir/xip.c.obj
[buccaneer:ro] [117/513] Linking C static library zephyr/arch/common/libarch__common.a
[wugtrio:ro] [8/384] Generating include/generated/zephyr/kobj-types-enum.h, include/generated/zephyr/otype-to-str.h, include/generated/zephyr/otype-to-size.h
[buccaneer:ro] [118/513] Building C object zephyr/arch/arch/arm/core/CMakeFiles/arch__arm__core.dir/fatal.c.obj
[wugtrio:ro] [9/384] Generating include/generated/device-api-sections.ld, include/generated/device-api-sections.cmake
[buccaneer:ro] [119/513] Building C object zephyr/arch/arch/arm/core/cortex_m/CMakeFiles/arch__arm__core__cortex_m.dir/exc_exit.c.obj
[buccaneer:ro] [120/513] Linking C static library zephyr/arch/arch/arm/core/libarch__arm__core.a
[buccaneer:ro] [121/513] Building C object zephyr/arch/arch/arm/core/cortex_m/CMakeFiles/arch__arm__core__cortex_m.dir/fpu.c.obj
[buccaneer:ro] [122/513] Building C object zephyr/arch/arch/arm/core/cortex_m/CMakeFiles/arch__arm__core__cortex_m.dir/scb.c.obj
[buccaneer:ro] [123/513] Building C object zephyr/arch/arch/arm/core/cortex_m/CMakeFiles/arch__arm__core__cortex_m.dir/fault.c.obj
[buccaneer:ro] [124/513] Building C object zephyr/arch/arch/arm/core/cortex_m/CMakeFiles/arch__arm__core__cortex_m.dir/thread_abort.c.obj
[buccaneer:ro] [125/513] Building ASM object zephyr/arch/arch/arm/core/cortex_m/CMakeFiles/arch__arm__core__cortex_m.dir/vector_table.S.obj
[buccaneer:ro] [126/513] Building C object zephyr/arch/arch/arm/core/cortex_m/CMakeFiles/arch__arm__core__cortex_m.dir/irq_manage.c.obj
[buccaneer:ro] [127/513] Building C object zephyr/arch/arch/arm/core/cortex_m/CMakeFiles/arch__arm__core__cortex_m.dir/prep_c.c.obj
[buccaneer:ro] [128/513] Building C object zephyr/arch/arch/arm/core/cortex_m/CMakeFiles/arch__arm__core__cortex_m.dir/thread.c.obj
[buccaneer:ro] [129/513] Building ASM object zephyr/arch/arch/arm/core/cortex_m/CMakeFiles/arch__arm__core__cortex_m.dir/reset.S.obj
[buccaneer:ro] [130/513] Building C object zephyr/arch/arch/arm/core/cortex_m/CMakeFiles/arch__arm__core__cortex_m.dir/cpu_idle.c.obj
[wugtrio:ro] [10/384] Building C object zephyr/CMakeFiles/offsets.dir/arch/riscv/core/offsets/offsets.c.obj
[buccaneer:ro] [131/513] Building C object zephyr/arch/arch/arm/core/cortex_m/CMakeFiles/arch__arm__core__cortex_m.dir/irq_init.c.obj
[buccaneer:ro] [132/513] Building ASM object zephyr/arch/arch/arm/core/cortex_m/CMakeFiles/arch__arm__core__cortex_m.dir/swap_helper.S.obj
[buccaneer:ro] [133/513] Building C object zephyr/lib/posix/c_lib_ext/CMakeFiles/lib__posix__c_lib_ext.dir/fnmatch.c.obj
[buccaneer:ro] [134/513] Building C object zephyr/arch/arch/arm/core/cortex_m/CMakeFiles/arch__arm__core__cortex_m.dir/isr_wrapper.c.obj
[buccaneer:ro] [135/513] Building C object zephyr/arch/arch/arm/core/mpu/CMakeFiles/arch__arm__core__mpu.dir/arm_mpu_regions.c.obj
[wugtrio:ro] [11/384] Generating include/generated/zephyr/offsets.h
[buccaneer:ro] [136/513] Building C object zephyr/lib/libc/common/CMakeFiles/lib__libc__common.dir/source/time/time.c.obj
[buccaneer:ro] [137/513] Building C object zephyr/arch/arch/arm/core/cortex_m/CMakeFiles/arch__arm__core__cortex_m.dir/debug.c.obj
[buccaneer:ro] [138/513] Building C object zephyr/arch/arch/arm/core/mpu/CMakeFiles/arch__arm__core__mpu.dir/arm_mpu.c.obj
[buccaneer:ro] [139/513] Linking C static library zephyr/arch/arch/arm/core/cortex_m/libarch__arm__core__cortex_m.a
[buccaneer:ro] [140/513] Building C object zephyr/arch/arch/arm/core/mpu/CMakeFiles/arch__arm__core__mpu.dir/arm_core_mpu.c.obj
[buccaneer:ro] [141/513] Linking C static library zephyr/arch/arch/arm/core/mpu/libarch__arm__core__mpu.a
[buccaneer:ro] [142/513] Building C object zephyr/lib/posix/options/CMakeFiles/lib__posix__options.dir/timespec_to_timeout.c.obj
[buccaneer:ro] [143/513] Building C object zephyr/lib/libc/common/CMakeFiles/lib__libc__common.dir/source/stdlib/abort.c.obj
[buccaneer:ro] [144/513] Linking C static library zephyr/lib/libc/common/liblib__libc__common.a
[buccaneer:ro] [145/513] Building C object zephyr/lib/posix/c_lib_ext/CMakeFiles/lib__posix__c_lib_ext.dir/getentropy.c.obj
[buccaneer:ro] [146/513] Building C object zephyr/lib/posix/c_lib_ext/CMakeFiles/lib__posix__c_lib_ext.dir/getopt_shim.c.obj
[buccaneer:ro] [147/513] Building C object zephyr/lib/libc/newlib/CMakeFiles/lib__libc__newlib.dir/libc-hooks.c.obj
[buccaneer:ro] [148/513] Linking C static library zephyr/lib/posix/c_lib_ext/liblib__posix__c_lib_ext.a
[buccaneer:ro] [149/513] Linking C static library zephyr/lib/libc/newlib/liblib__libc__newlib.a
[wugtrio:ro] [12/384] Building C object CMakeFiles/app.dir/mnt/host/source/src/platform/ec/zephyr/subsys/ap_pwrseq/ap_events.c.obj
[buccaneer:ro] [150/513] Building C object zephyr/lib/posix/options/CMakeFiles/lib__posix__options.dir/clock.c.obj
[buccaneer:ro] [151/513] Building C object zephyr/lib/posix/options/CMakeFiles/lib__posix__options.dir/timer.c.obj
[buccaneer:ro] [152/513] Building C object zephyr/lib/posix/options/CMakeFiles/lib__posix__options.dir/grp.c.obj
[buccaneer:ro] [153/513] Building C object zephyr/lib/posix/options/CMakeFiles/lib__posix__options.dir/rwlock.c.obj
[buccaneer:ro] [154/513] Building C object zephyr/subsys/crc/CMakeFiles/subsys__crc.dir/crc4_sw.c.obj
[/mnt/host/source/src/platform/ec/build/zephyr/quenbi-lcov]   /mnt/host/source/src/platform/ec/build/zephyr/quenbi/build-ro/modules/ec/zephyr/CMakeFiles/ec_shim.dir/shim/src/battery.c.gcno:no functions found
[/mnt/host/source/src/platform/ec/build/zephyr/quenbi-lcov] stderr:
[buccaneer:ro] [155/513] Building C object zephyr/lib/posix/options/CMakeFiles/lib__posix__options.dir/cond.c.obj
[buccaneer:ro] [156/513] Building C object zephyr/lib/posix/options/CMakeFiles/lib__posix__options.dir/key.c.obj
[buccaneer:ro] [157/513] Building C object zephyr/subsys/crc/CMakeFiles/subsys__crc.dir/crc8_sw.c.obj
[buccaneer:ro] [158/513] Building C object zephyr/lib/posix/options/CMakeFiles/lib__posix__options.dir/mutex.c.obj
[buccaneer:ro] [159/513] Building C object zephyr/subsys/crc/CMakeFiles/subsys__crc.dir/crc16_sw.c.obj
[buccaneer:ro] [160/513] Building C object zephyr/subsys/crc/CMakeFiles/subsys__crc.dir/crc7_sw.c.obj
[buccaneer:ro] [161/513] Building C object zephyr/subsys/crc/CMakeFiles/subsys__crc.dir/crc32c_sw.c.obj
[buccaneer:ro] [162/513] Building C object zephyr/subsys/crc/CMakeFiles/subsys__crc.dir/crc24_sw.c.obj
[buccaneer:ro] [163/513] Building C object zephyr/subsys/crc/CMakeFiles/subsys__crc.dir/crc32_sw.c.obj
[buccaneer:ro] [164/513] Building C object zephyr/subsys/crc/CMakeFiles/subsys__crc.dir/crc32k_4_2_sw.c.obj
[buccaneer:ro] [165/513] Building C object zephyr/lib/posix/options/CMakeFiles/lib__posix__options.dir/pwd.c.obj
[buccaneer:ro] [166/513] Linking C static library zephyr/subsys/crc/libsubsys__crc.a
[buccaneer:ro] [167/513] Building C object zephyr/subsys/mgmt/ec_host_cmd/CMakeFiles/subsys__mgmt__ec_host_cmd.dir/ec_host_cmd_handler.c.obj
[buccaneer:ro] [168/513] Linking C static library zephyr/subsys/mgmt/ec_host_cmd/libsubsys__mgmt__ec_host_cmd.a
[buccaneer:ro] [169/513] Building C object zephyr/lib/posix/options/CMakeFiles/lib__posix__options.dir/pthread.c.obj
[buccaneer:ro] [170/513] Linking C static library zephyr/lib/posix/options/liblib__posix__options.a
[buccaneer:ro] [171/513] Building C object zephyr/subsys/mgmt/ec_host_cmd/backends/CMakeFiles/subsys__mgmt__ec_host_cmd__backends.dir/ec_host_cmd_backend_uart.c.obj
[buccaneer:ro] [172/513] Building C object zephyr/subsys/random/CMakeFiles/subsys__random.dir/random_entropy_device.c.obj
[buccaneer:ro] [173/513] Building C object zephyr/subsys/mgmt/ec_host_cmd/backends/CMakeFiles/subsys__mgmt__ec_host_cmd__backends.dir/ec_host_cmd_backend_shi_npcx.c.obj
[buccaneer:ro] [174/513] Linking C static library zephyr/subsys/random/libsubsys__random.a
[buccaneer:ro] [175/513] Linking C static library zephyr/subsys/mgmt/ec_host_cmd/backends/libsubsys__mgmt__ec_host_cmd__backends.a
[wugtrio:ro] [13/384] Building C object CMakeFiles/app.dir/mnt/host/source/src/platform/ec/build/zephyr/wugtrio/modules/ec/builtin/stdlib.c.obj
[buccaneer:ro] [176/513] Building C object zephyr/drivers/console/CMakeFiles/drivers__console.dir/uart_console.c.obj
[buccaneer:ro] [177/513] Linking C static library zephyr/drivers/console/libdrivers__console.a
[buccaneer:ro] [178/513] Building C object zephyr/drivers/clock_control/CMakeFiles/drivers__clock_control.dir/clock_control_npcx.c.obj
[buccaneer:ro] [179/513] Building C object zephyr/drivers/interrupt_controller/CMakeFiles/drivers__interrupt_controller.dir/intc_miwu.c.obj
[buccaneer:ro] [180/513] Building C object zephyr/drivers/crypto/CMakeFiles/drivers__crypto.dir/crypto_npcx_sha.c.obj
[buccaneer:ro] [181/513] Building C object zephyr/drivers/entropy/CMakeFiles/drivers__entropy.dir/entropy_npcx_drbg.c.obj
[buccaneer:ro] [182/513] Linking C static library zephyr/drivers/clock_control/libdrivers__clock_control.a
[buccaneer:ro] [183/513] Linking C static library zephyr/drivers/interrupt_controller/libdrivers__interrupt_controller.a
[buccaneer:ro] [184/513] Building C object zephyr/drivers/bbram/CMakeFiles/drivers__bbram.dir/bbram_npcx.c.obj
[buccaneer:ro] [185/513] Linking C static library zephyr/drivers/bbram/libdrivers__bbram.a
[buccaneer:ro] [186/513] Linking C static library zephyr/drivers/crypto/libdrivers__crypto.a
[buccaneer:ro] [187/513] Linking C static library zephyr/drivers/entropy/libdrivers__entropy.a
[buccaneer:ro] [188/513] Building C object zephyr/drivers/flash/CMakeFiles/drivers__flash.dir/jesd216.c.obj
[buccaneer:ro] [189/513] Building C object zephyr/drivers/flash/CMakeFiles/drivers__flash.dir/flash_npcx_fiu_nor.c.obj
[buccaneer:ro] [190/513] Building C object zephyr/drivers/pinctrl/CMakeFiles/drivers__pinctrl.dir/common.c.obj
[buccaneer:ro] [191/513] Building C object zephyr/drivers/pinctrl/CMakeFiles/drivers__pinctrl.dir/pinctrl_npcx.c.obj
[buccaneer:ro] [192/513] Building C object zephyr/drivers/flash/CMakeFiles/drivers__flash.dir/flash_npcx_fiu_qspi.c.obj
[buccaneer:ro] [193/513] Linking C static library zephyr/drivers/pinctrl/libdrivers__pinctrl.a
[buccaneer:ro] [194/513] Linking C static library zephyr/drivers/flash/libdrivers__flash.a
[buccaneer:ro] [195/513] Building C object zephyr/drivers/gpio/CMakeFiles/drivers__gpio.dir/gpio_npcx.c.obj
[buccaneer:ro] [196/513] Linking C static library zephyr/drivers/gpio/libdrivers__gpio.a
[wugtrio:ro] [14/384] Building C object CMakeFiles/app.dir/mnt/host/source/src/platform/ec/build/zephyr/wugtrio/modules/ec/common/base32.c.obj
[buccaneer:ro] [197/513] Building C object zephyr/drivers/serial/CMakeFiles/drivers__serial.dir/uart_npcx.c.obj
[buccaneer:ro] [198/513] Linking C static library zephyr/drivers/serial/libdrivers__serial.a
[buccaneer:ro] [199/513] Building C object zephyr/drivers/syscon/CMakeFiles/drivers__syscon.dir/syscon.c.obj
[buccaneer:ro] [200/513] Building C object zephyr/drivers/timer/CMakeFiles/drivers__timer.dir/sys_clock_init.c.obj
[buccaneer:ro] [201/513] Linking C static library zephyr/drivers/syscon/libdrivers__syscon.a
[buccaneer:ro] [202/513] Building C object zephyr/drivers/spi/CMakeFiles/drivers__spi.dir/spi_npcx_spip.c.obj
[buccaneer:ro] [203/513] Building C object zephyr/drivers/timer/CMakeFiles/drivers__timer.dir/npcx_itim_timer.c.obj
[buccaneer:ro] [204/513] Linking C static library zephyr/drivers/spi/libdrivers__spi.a
[buccaneer:ro] [205/513] Building C object modules/ec/zephyr/CMakeFiles/ec_shim.dir/app/ec/main_shim.c.obj
[buccaneer:ro] [206/513] Building C object zephyr/drivers/watchdog/CMakeFiles/drivers__watchdog.dir/wdt_npcx.c.obj
[buccaneer:ro] [207/513] Linking C static library zephyr/drivers/timer/libdrivers__timer.a
[buccaneer:ro] [208/513] Linking C static library zephyr/drivers/watchdog/libdrivers__watchdog.a
[buccaneer:ro] [209/513] Building C object modules/ec/zephyr/CMakeFiles/ec_shim.dir/drivers/cros_rtc/cros_rtc_npcx.c.obj
[/mnt/host/source/src/platform/ec/build/zephyr/epic-lcov]   /mnt/host/source/src/platform/ec/build/zephyr/epic/build-ro/zephyr/CMakeFiles/zephyr.dir/subsys/shell/modules/kernel_service/kernel_shell.c.gcno:no functions found
[/mnt/host/source/src/platform/ec/build/zephyr/epic-lcov] stderr:
[buccaneer:ro] [210/513] Building C object modules/ec/zephyr/CMakeFiles/ec_shim.dir/app/ec/ec_app_main.c.obj
[buccaneer:ro] [211/513] Building C object modules/ec/zephyr/CMakeFiles/ec_shim.dir/drivers/cros_flash/cros_flash_npcx.c.obj
[buccaneer:ro] [212/513] Building C object modules/ec/zephyr/CMakeFiles/ec_shim.dir/shim/chip/npcx/clock.c.obj
[buccaneer:ro] [213/513] Building C object modules/ec/zephyr/CMakeFiles/ec_shim.dir/libc/exit.c.obj
[wugtrio:ro] [15/384] Building C object CMakeFiles/app.dir/mnt/host/source/src/platform/ec/build/zephyr/wugtrio/modules/ec/common/console_output.c.obj
[buccaneer:ro] [214/513] Building C object modules/ec/zephyr/CMakeFiles/ec_shim.dir/drivers/cros_system/cros_system_npcx.c.obj
[buccaneer:ro] [215/513] Building C object modules/ec/zephyr/CMakeFiles/ec_shim.dir/shim/src/crc.c.obj
[buccaneer:ro] [216/513] Building C object modules/ec/zephyr/CMakeFiles/ec_shim.dir/shim/chip/npcx/gpio.c.obj
[/mnt/host/source/src/platform/ec/build/zephyr/epic-lcov]   /mnt/host/source/src/platform/ec/build/zephyr/epic/build-ro/zephyr/CMakeFiles/zephyr.dir/lib/libc/validate_libc.c.gcno:no functions found
[/mnt/host/source/src/platform/ec/build/zephyr/epic-lcov] stderr:
[buccaneer:ro] [217/513] Building C object modules/ec/zephyr/CMakeFiles/ec_shim.dir/shim/chip/npcx/rom_chip.c.obj
[buccaneer:ro] [218/513] Building C object modules/ec/zephyr/CMakeFiles/ec_shim.dir/shim/chip/npcx/shi.c.obj
[buccaneer:ro] [219/513] Building C object modules/ec/zephyr/CMakeFiles/ec_shim.dir/shim/chip/npcx/system_external_storage.c.obj
[buccaneer:ro] [220/513] Building C object modules/ec/zephyr/CMakeFiles/ec_shim.dir/shim/chip/npcx/system.c.obj
[buccaneer:ro] [221/513] Building C object modules/ec/zephyr/CMakeFiles/ec_shim.dir/shim/chip/npcx/otp_key.c.obj
[buccaneer:ro] [222/513] Building C object modules/ec/zephyr/CMakeFiles/ec_shim.dir/shim/chip/npcx/power_policy.c.obj
[buccaneer:ro] [223/513] Building C object modules/ec/zephyr/CMakeFiles/ec_shim.dir/shim/chip/npcx/ram_lock.c.obj
[buccaneer:ro] [224/513] Building C object modules/ec/zephyr/CMakeFiles/ec_shim.dir/shim/core/cortex-m/panic.c.obj
[buccaneer:ro] [225/513] Building C object modules/ec/zephyr/CMakeFiles/ec_shim.dir/shim/core/cortex-m/mpu.c.obj
[buccaneer:ro] [226/513] Building C object modules/ec/zephyr/CMakeFiles/ec_shim.dir/shim/src/console.c.obj
[wugtrio:ro] [16/384] Building C object CMakeFiles/app.dir/mnt/host/source/src/platform/ec/build/zephyr/wugtrio/modules/ec/common/ec_features.c.obj
[buccaneer:ro] [227/513] Building C object modules/ec/zephyr/CMakeFiles/ec_shim.dir/shim/src/panic_utils.c.obj
[buccaneer:ro] [228/513] Building C object modules/ec/zephyr/CMakeFiles/ec_shim.dir/shim/src/gpio.c.obj
[buccaneer:ro] [229/513] Building C object modules/ec/zephyr/CMakeFiles/ec_shim.dir/shim/src/gpio_int.c.obj
[buccaneer:ro] [230/513] Building C object modules/ec/zephyr/CMakeFiles/ec_shim.dir/shim/src/pm_state.c.obj
[buccaneer:ro] [231/513] Building C object modules/ec/zephyr/CMakeFiles/ec_shim.dir/shim/src/host_command.c.obj
[buccaneer:ro] [232/513] Building C object modules/ec/zephyr/CMakeFiles/ec_shim.dir/shim/src/system.c.obj
[buccaneer:ro] [233/513] Building C object modules/ec/zephyr/CMakeFiles/ec_shim.dir/shim/src/mkbp_event.c.obj
[buccaneer:ro] [234/513] Building C object modules/ec/zephyr/CMakeFiles/ec_shim.dir/shim/src/hooks.c.obj
[/mnt/host/source/src/platform/ec/build/zephyr/epic-lcov]   /mnt/host/source/src/platform/ec/build/zephyr/epic/build-ro/zephyr/CMakeFiles/zephyr.dir/lib/utils/last_section_id.c.gcno:no functions found
[/mnt/host/source/src/platform/ec/build/zephyr/epic-lcov] stderr:
[buccaneer:ro] [235/513] Building C object modules/ec/zephyr/CMakeFiles/ec_shim.dir/shim/src/flash.c.obj
[buccaneer:ro] [236/513] Building C object modules/ec/zephyr/CMakeFiles/ec_shim.dir/shim/src/panic.c.obj
[buccaneer:ro] [237/513] Building C object modules/ec/zephyr/CMakeFiles/ec_shim.dir/shim/src/console_buffer.c.obj
[buccaneer:ro] [238/513] Building C object modules/ec/zephyr/CMakeFiles/ec_shim.dir/shim/src/log_backend_console_buffer.c.obj
[buccaneer:ro] [239/513] Building C object modules/ec/zephyr/CMakeFiles/ec_shim.dir/shim/src/random.c.obj
[wugtrio:ro] [17/384] Building C object CMakeFiles/app.dir/mnt/host/source/src/platform/ec/build/zephyr/wugtrio/modules/ec/common/gpio_commands.c.obj
[buccaneer:ro] [240/513] Building C object modules/ec/third_party/boringssl/build/CMakeFiles/crypto.dir/crypto/asn1/a_bool.c.obj
[buccaneer:ro] [241/513] Building C object modules/ec/third_party/boringssl/build/CMakeFiles/crypto.dir/crypto/asn1/a_dup.c.obj
[/mnt/host/source/src/platform/ec/build/zephyr/quenbi-lcov]   /mnt/host/source/src/platform/ec/build/zephyr/quenbi/build-ro/modules/ec/zephyr/CMakeFiles/ec_shim.dir/drivers/keyboard_input/keyboard_customization_check.c.gcno:no functions found
[/mnt/host/source/src/platform/ec/build/zephyr/quenbi-lcov] stderr:
[buccaneer:ro] [242/513] Building C object modules/ec/third_party/boringssl/build/CMakeFiles/crypto.dir/crypto/asn1/a_gentm.c.obj
[buccaneer:ro] [243/513] Building C object modules/ec/third_party/boringssl/build/CMakeFiles/crypto.dir/crypto/asn1/a_d2i_fp.c.obj
[buccaneer:ro] [244/513] Building C object modules/ec/zephyr/CMakeFiles/ec_shim.dir/shim/src/hwtimer.c.obj
[buccaneer:ro] [245/513] Building C object modules/ec/third_party/boringssl/build/CMakeFiles/crypto.dir/crypto/asn1/a_i2d_fp.c.obj
[buccaneer:ro] [246/513] Building C object modules/ec/zephyr/CMakeFiles/ec_shim.dir/shim/src/rtc.c.obj
[buccaneer:ro] [247/513] Building C object modules/ec/zephyr/CMakeFiles/ec_shim.dir/shim/src/tasks.c.obj
[buccaneer:ro] [248/513] Building C object modules/ec/third_party/boringssl/build/CMakeFiles/crypto.dir/crypto/asn1/a_mbstr.c.obj
[buccaneer:ro] [249/513] Building C object modules/ec/third_party/boringssl/build/CMakeFiles/crypto.dir/crypto/asn1/a_octet.c.obj
[buccaneer:ro] [250/513] Building C object modules/ec/zephyr/CMakeFiles/ec_shim.dir/shim/src/usbc_stub.c.obj
[buccaneer:ro] [251/513] Building C object modules/ec/zephyr/CMakeFiles/ec_shim.dir/shim/src/watchdog.c.obj
[buccaneer:ro] [252/513] Building C object modules/ec/third_party/boringssl/build/CMakeFiles/crypto.dir/crypto/asn1/a_time.c.obj
[buccaneer:ro] [253/513] Building C object modules/ec/third_party/boringssl/build/CMakeFiles/crypto.dir/crypto/asn1/a_type.c.obj
[buccaneer:ro] [254/513] Building C object modules/ec/zephyr/CMakeFiles/ec_shim.dir/shim/src/sha256_hw.c.obj
[buccaneer:ro] [255/513] Building C object modules/ec/third_party/boringssl/build/CMakeFiles/crypto.dir/crypto/asn1/a_utctm.c.obj
[buccaneer:ro] [256/513] Linking C static library modules/ec/zephyr/libec_shim.a
[buccaneer:ro] [257/513] Building C object modules/ec/third_party/boringssl/build/CMakeFiles/crypto.dir/crypto/asn1/asn_pack.c.obj
[buccaneer:ro] [258/513] Building C object modules/ec/third_party/boringssl/build/CMakeFiles/crypto.dir/crypto/asn1/a_bitstr.c.obj
[buccaneer:ro] [259/513] Building C object modules/ec/third_party/boringssl/build/CMakeFiles/crypto.dir/crypto/asn1/asn1_par.c.obj
[buccaneer:ro] [260/513] Building C object modules/ec/third_party/boringssl/build/CMakeFiles/crypto.dir/crypto/asn1/f_int.c.obj
[buccaneer:ro] [261/513] Building C object modules/ec/third_party/boringssl/build/CMakeFiles/crypto.dir/crypto/asn1/f_string.c.obj
[wugtrio:ro] [18/384] Building C object CMakeFiles/app.dir/mnt/host/source/src/platform/ec/build/zephyr/wugtrio/modules/ec/common/peripheral.c.obj
[buccaneer:ro] [262/513] Building C object modules/ec/third_party/boringssl/build/CMakeFiles/crypto.dir/crypto/asn1/a_int.c.obj
[buccaneer:ro] [263/513] Building C object modules/ec/third_party/boringssl/build/CMakeFiles/crypto.dir/crypto/asn1/posix_time.c.obj
[buccaneer:ro] [264/513] Building C object modules/ec/third_party/boringssl/build/CMakeFiles/crypto.dir/crypto/asn1/a_object.c.obj
[buccaneer:ro] [265/513] Building C object modules/ec/third_party/boringssl/build/CMakeFiles/crypto.dir/crypto/asn1/a_strex.c.obj
[buccaneer:ro] [266/513] Building C object modules/ec/third_party/boringssl/build/CMakeFiles/crypto.dir/crypto/asn1/tasn_fre.c.obj
[buccaneer:ro] [267/513] Building C object modules/ec/third_party/boringssl/build/CMakeFiles/crypto.dir/crypto/asn1/tasn_typ.c.obj
[buccaneer:ro] [268/513] Building C object modules/ec/third_party/boringssl/build/CMakeFiles/crypto.dir/crypto/bio/connect.c.obj
[buccaneer:ro] [269/513] Building C object modules/ec/third_party/boringssl/build/CMakeFiles/crypto.dir/crypto/bio/errno.c.obj
[buccaneer:ro] [270/513] Building C object modules/ec/third_party/boringssl/build/CMakeFiles/crypto.dir/crypto/asn1/a_strnid.c.obj
[buccaneer:ro] [271/513] Building C object modules/ec/third_party/boringssl/build/CMakeFiles/crypto.dir/crypto/bio/fd.c.obj
[buccaneer:ro] [272/513] Building C object modules/ec/third_party/boringssl/build/CMakeFiles/crypto.dir/crypto/asn1/asn1_lib.c.obj
[buccaneer:ro] [273/513] Building C object modules/ec/third_party/boringssl/build/CMakeFiles/crypto.dir/crypto/asn1/tasn_dec.c.obj
[buccaneer:ro] [274/513] Building C object modules/ec/third_party/boringssl/build/CMakeFiles/crypto.dir/crypto/bio/printf.c.obj
[buccaneer:ro] [275/513] Building C object modules/ec/third_party/boringssl/build/CMakeFiles/crypto.dir/crypto/asn1/tasn_enc.c.obj
[buccaneer:ro] [276/513] Building C object modules/ec/third_party/boringssl/build/CMakeFiles/crypto.dir/crypto/bio/socket.c.obj
[buccaneer:ro] [277/513] Building C object modules/ec/third_party/boringssl/build/CMakeFiles/crypto.dir/crypto/asn1/tasn_utl.c.obj
[buccaneer:ro] [278/513] Building C object modules/ec/third_party/boringssl/build/CMakeFiles/crypto.dir/crypto/base64/base64.c.obj
[buccaneer:ro] [279/513] Building C object modules/ec/third_party/boringssl/build/CMakeFiles/crypto.dir/crypto/asn1/tasn_new.c.obj
[wugtrio:ro] [19/384] Building C object CMakeFiles/app.dir/mnt/host/source/src/platform/ec/build/zephyr/wugtrio/modules/ec/common/printf.c.obj
[buccaneer:ro] [280/513] Building C object modules/ec/third_party/boringssl/build/CMakeFiles/crypto.dir/crypto/bio/socket_helper.c.obj
[buccaneer:ro] [281/513] Building C object modules/ec/third_party/boringssl/build/CMakeFiles/crypto.dir/crypto/bio/bio.c.obj
[buccaneer:ro] [282/513] Building C object modules/ec/third_party/boringssl/build/CMakeFiles/crypto.dir/crypto/bn_extra/bn_asn1.c.obj
[buccaneer:ro] [283/513] Building C object modules/ec/third_party/boringssl/build/CMakeFiles/crypto.dir/crypto/bio/bio_mem.c.obj
[buccaneer:ro] [284/513] Building C object modules/ec/third_party/boringssl/build/CMakeFiles/fipsmodule.dir/crypto/fipsmodule/bcm.c.obj
[buccaneer:ro] [285/513] Building C object modules/ec/third_party/boringssl/build/CMakeFiles/crypto.dir/crypto/bytestring/ber.c.obj
[buccaneer:ro] [286/513] Building C object modules/ec/third_party/boringssl/build/CMakeFiles/crypto.dir/crypto/bio/pair.c.obj
[buccaneer:ro] [287/513] Building C object modules/ec/third_party/boringssl/build/CMakeFiles/crypto.dir/crypto/bio/file.c.obj
[buccaneer:ro] [288/513] Building C object modules/ec/third_party/boringssl/build/CMakeFiles/crypto.dir/crypto/bytestring/unicode.c.obj
[buccaneer:ro] [289/513] Building C object modules/ec/third_party/boringssl/build/CMakeFiles/crypto.dir/crypto/cipher_extra/derive_key.c.obj
[buccaneer:ro] [290/513] Building C object modules/ec/third_party/boringssl/build/CMakeFiles/crypto.dir/crypto/bio/hexdump.c.obj
[buccaneer:ro] [291/513] Building C object modules/ec/third_party/boringssl/build/CMakeFiles/crypto.dir/crypto/blake2/blake2.c.obj
[/mnt/host/source/src/platform/ec/build/zephyr/quenbi-lcov]   /mnt/host/source/src/platform/ec/build/zephyr/quenbi/build-ro/CMakeFiles/app.dir/mnt/host/source/src/platform/ec/build/zephyr/quenbi/modules/ec/common/chargen.c.gcno:no functions found
[/mnt/host/source/src/platform/ec/build/zephyr/quenbi-lcov] stderr:
[buccaneer:ro] [292/513] Building C object modules/ec/third_party/boringssl/build/CMakeFiles/crypto.dir/crypto/buf/buf.c.obj
[buccaneer:ro] [293/513] Building C object modules/ec/third_party/boringssl/build/CMakeFiles/crypto.dir/crypto/bytestring/asn1_compat.c.obj
[wugtrio:ro] [20/384] Building C object CMakeFiles/app.dir/mnt/host/source/src/platform/ec/build/zephyr/wugtrio/modules/ec/common/queue.c.obj
[buccaneer:ro] [294/513] Building C object modules/ec/third_party/boringssl/build/CMakeFiles/crypto.dir/crypto/bn_extra/convert.c.obj
[buccaneer:ro] [295/513] Building C object modules/ec/third_party/boringssl/build/CMakeFiles/crypto.dir/crypto/bytestring/cbb.c.obj
[buccaneer:ro] [296/513] Building C object modules/ec/third_party/boringssl/build/CMakeFiles/crypto.dir/crypto/chacha/chacha.c.obj
[buccaneer:ro] [297/513] Building C object modules/ec/third_party/boringssl/build/CMakeFiles/crypto.dir/crypto/cipher_extra/cipher_extra.c.obj
[buccaneer:ro] [298/513] Building C object modules/ec/third_party/boringssl/build/CMakeFiles/crypto.dir/crypto/bytestring/cbs.c.obj
[buccaneer:ro] [299/513] Building C object modules/ec/third_party/boringssl/build/CMakeFiles/crypto.dir/crypto/cipher_extra/e_chacha20poly1305.c.obj
[buccaneer:ro] [300/513] Building C object modules/ec/third_party/boringssl/build/CMakeFiles/crypto.dir/crypto/cipher_extra/e_aesgcmsiv.c.obj
[buccaneer:ro] [301/513] Building C object modules/ec/third_party/boringssl/build/CMakeFiles/crypto.dir/crypto/cipher_extra/e_aesctrhmac.c.obj
[buccaneer:ro] [302/513] Building C object modules/ec/third_party/boringssl/build/CMakeFiles/crypto.dir/crypto/cipher_extra/e_des.c.obj
[buccaneer:ro] [303/513] Building C object modules/ec/third_party/boringssl/build/CMakeFiles/crypto.dir/crypto/cpu_aarch64_openbsd.c.obj
[buccaneer:ro] [304/513] Building C object modules/ec/third_party/boringssl/build/CMakeFiles/crypto.dir/crypto/cipher_extra/e_null.c.obj
[buccaneer:ro] [305/513] Building C object modules/ec/third_party/boringssl/build/CMakeFiles/crypto.dir/crypto/cpu_intel.c.obj
[buccaneer:ro] [306/513] Building C object modules/ec/third_party/boringssl/build/CMakeFiles/crypto.dir/crypto/cipher_extra/e_tls.c.obj
[buccaneer:ro] [307/513] Building C object modules/ec/third_party/boringssl/build/CMakeFiles/crypto.dir/crypto/cipher_extra/e_rc2.c.obj
[buccaneer:ro] [308/513] Building C object modules/ec/third_party/boringssl/build/CMakeFiles/crypto.dir/crypto/cipher_extra/e_rc4.c.obj
[buccaneer:ro] [309/513] Building C object modules/ec/third_party/boringssl/build/CMakeFiles/crypto.dir/crypto/cpu_aarch64_apple.c.obj
[buccaneer:ro] [310/513] Building C object modules/ec/third_party/boringssl/build/CMakeFiles/crypto.dir/crypto/cipher_extra/tls_cbc.c.obj
[buccaneer:ro] [311/513] Building C object modules/ec/third_party/boringssl/build/CMakeFiles/crypto.dir/crypto/cpu_aarch64_fuchsia.c.obj
[buccaneer:ro] [312/513] Building C object modules/ec/third_party/boringssl/build/CMakeFiles/crypto.dir/crypto/conf/conf.c.obj
[wugtrio:ro] [21/384] Building C object CMakeFiles/app.dir/mnt/host/source/src/platform/ec/build/zephyr/wugtrio/modules/ec/common/system.c.obj
[buccaneer:ro] [313/513] Building C object modules/ec/third_party/boringssl/build/CMakeFiles/crypto.dir/crypto/cpu_aarch64_linux.c.obj
[buccaneer:ro] [314/513] Building C object modules/ec/third_party/boringssl/build/CMakeFiles/crypto.dir/crypto/cpu_aarch64_sysreg.c.obj
[buccaneer:ro] [315/513] Building C object modules/ec/third_party/boringssl/build/CMakeFiles/crypto.dir/crypto/cpu_aarch64_win.c.obj
[buccaneer:ro] [316/513] Building C object modules/ec/third_party/boringssl/build/CMakeFiles/crypto.dir/crypto/cpu_arm_linux.c.obj
[buccaneer:ro] [317/513] Building C object modules/ec/third_party/boringssl/build/CMakeFiles/crypto.dir/crypto/cpu_arm_freebsd.c.obj
[buccaneer:ro] [318/513] Building C object modules/ec/third_party/boringssl/build/CMakeFiles/crypto.dir/crypto/crypto.c.obj
[buccaneer:ro] [319/513] Building C object modules/ec/third_party/boringssl/build/CMakeFiles/crypto.dir/crypto/des/des.c.obj
[buccaneer:ro] [320/513] Building C object modules/ec/third_party/boringssl/build/CMakeFiles/crypto.dir/crypto/curve25519/curve25519_64_adx.c.obj
[buccaneer:ro] [321/513] Building C object modules/ec/third_party/boringssl/build/CMakeFiles/crypto.dir/crypto/dh_extra/params.c.obj
[/mnt/host/source/src/platform/ec/build/zephyr/quenbi-lcov]   /mnt/host/source/src/platform/ec/build/zephyr/quenbi/build-ro/CMakeFiles/app.dir/mnt/host/source/src/platform/ec/build/zephyr/quenbi/modules/ec/common/cbi_config.c.gcno:no functions found
[/mnt/host/source/src/platform/ec/build/zephyr/quenbi-lcov] stderr:
[buccaneer:ro] [322/513] Building C object modules/ec/third_party/boringssl/build/CMakeFiles/crypto.dir/crypto/curve25519/spake25519.c.obj
[wugtrio:ro] [22/384] Building C object CMakeFiles/app.dir/mnt/host/source/src/platform/ec/build/zephyr/wugtrio/modules/ec/common/system_boot_time.c.obj
[buccaneer:ro] [323/513] Building C object modules/ec/third_party/boringssl/build/CMakeFiles/crypto.dir/crypto/dh_extra/dh_asn1.c.obj
[buccaneer:ro] [324/513] Building C object modules/ec/third_party/boringssl/build/CMakeFiles/crypto.dir/crypto/digest_extra/digest_extra.c.obj
[buccaneer:ro] [325/513] Building C object modules/ec/third_party/boringssl/build/CMakeFiles/crypto.dir/crypto/curve25519/curve25519.c.obj
[buccaneer:ro] [326/513] Building C object modules/ec/third_party/boringssl/build/CMakeFiles/crypto.dir/crypto/dsa/dsa.c.obj
[buccaneer:ro] [327/513] Building C object modules/ec/third_party/boringssl/build/CMakeFiles/crypto.dir/crypto/dsa/dsa_asn1.c.obj
[buccaneer:ro] [328/513] Building C object modules/ec/third_party/boringssl/build/CMakeFiles/crypto.dir/crypto/ec_extra/ec_asn1.c.obj
[buccaneer:ro] [329/513] Building C object modules/ec/third_party/boringssl/build/CMakeFiles/crypto.dir/crypto/ec_extra/ec_derive.c.obj
[buccaneer:ro] [330/513] Building C object modules/ec/third_party/boringssl/build/CMakeFiles/crypto.dir/crypto/evp/p_dh.c.obj
[buccaneer:ro] [331/513] Building C object modules/ec/third_party/boringssl/build/CMakeFiles/crypto.dir/crypto/ec_extra/hash_to_curve.c.obj
[buccaneer:ro] [332/513] Building C object modules/ec/third_party/boringssl/build/CMakeFiles/crypto.dir/crypto/ecdh_extra/ecdh_extra.c.obj
[buccaneer:ro] [333/513] Building C object modules/ec/third_party/boringssl/build/CMakeFiles/crypto.dir/crypto/engine/engine.c.obj
[buccaneer:ro] [334/513] Building C object modules/ec/third_party/boringssl/build/CMakeFiles/crypto.dir/crypto/evp/p_ed25519.c.obj
[buccaneer:ro] [335/513] Building C object modules/ec/third_party/boringssl/build/CMakeFiles/crypto.dir/crypto/ecdsa_extra/ecdsa_asn1.c.obj
[buccaneer:ro] [336/513] Building C object modules/ec/third_party/boringssl/build/CMakeFiles/crypto.dir/crypto/evp/p_ec_asn1.c.obj
[buccaneer:ro] [337/513] Building C object modules/ec/third_party/boringssl/build/CMakeFiles/crypto.dir/crypto/evp/evp_asn1.c.obj
[wugtrio:ro] [23/384] Building C object CMakeFiles/app.dir/mnt/host/source/src/platform/ec/build/zephyr/wugtrio/modules/ec/common/uart_printf.c.obj
[buccaneer:ro] [338/513] Building C object modules/ec/third_party/boringssl/build/CMakeFiles/crypto.dir/crypto/err/err.c.obj
[buccaneer:ro] [339/513] Building C object modules/ec/third_party/boringssl/build/CMakeFiles/crypto.dir/crypto/evp/evp_ctx.c.obj
[buccaneer:ro] [340/513] Building C object modules/ec/third_party/boringssl/build/CMakeFiles/crypto.dir/crypto/evp/evp.c.obj
[buccaneer:ro] [341/513] Building C object modules/ec/third_party/boringssl/build/CMakeFiles/crypto.dir/crypto/evp/p_x25519.c.obj
[buccaneer:ro] [342/513] Building C object modules/ec/third_party/boringssl/build/CMakeFiles/crypto.dir/crypto/evp/p_dh_asn1.c.obj
[buccaneer:ro] [343/513] Building C object modules/ec/third_party/boringssl/build/CMakeFiles/crypto.dir/crypto/evp/sign.c.obj
[buccaneer:ro] [344/513] Building C object modules/ec/third_party/boringssl/build/CMakeFiles/crypto.dir/crypto/fipsmodule/fips_shared_support.c.obj
[buccaneer:ro] [345/513] Building C object modules/ec/third_party/boringssl/build/CMakeFiles/crypto.dir/crypto/evp/p_ec.c.obj
[buccaneer:ro] [346/513] Building C object modules/ec/third_party/boringssl/build/CMakeFiles/crypto.dir/crypto/evp/p_dsa_asn1.c.obj
[buccaneer:ro] [347/513] Building C object modules/ec/third_party/boringssl/build/CMakeFiles/crypto.dir/crypto/evp/p_ed25519_asn1.c.obj
[/mnt/host/source/src/platform/ec/build/zephyr/quenbi-lcov]   /mnt/host/source/src/platform/ec/build/zephyr/quenbi/build-ro/zephyr/arch/arch/arm/core/mpu/CMakeFiles/arch__arm__core__mpu.dir/arm_mpu_regions.c.gcno:no functions found
[/mnt/host/source/src/platform/ec/build/zephyr/quenbi-lcov] stderr:
[buccaneer:ro] [348/513] Building C object modules/ec/third_party/boringssl/build/CMakeFiles/crypto.dir/crypto/evp/p_rsa.c.obj
[buccaneer:ro] [349/513] Building C object modules/ec/third_party/boringssl/build/CMakeFiles/crypto.dir/crypto/evp/p_hkdf.c.obj
[buccaneer:ro] [350/513] Building C object modules/ec/third_party/boringssl/build/CMakeFiles/crypto.dir/crypto/evp/pbkdf.c.obj
[buccaneer:ro] [351/513] Building C object modules/ec/third_party/boringssl/build/CMakeFiles/crypto.dir/crypto/evp/p_x25519_asn1.c.obj
[wugtrio:ro] [24/384] Building C object CMakeFiles/app.dir/mnt/host/source/src/platform/ec/build/zephyr/wugtrio/modules/ec/common/util.c.obj
[buccaneer:ro] [352/513] Building C object modules/ec/third_party/boringssl/build/CMakeFiles/crypto.dir/crypto/evp/p_rsa_asn1.c.obj
[buccaneer:ro] [353/513] Building C object modules/ec/third_party/boringssl/build/CMakeFiles/crypto.dir/crypto/evp/scrypt.c.obj
[buccaneer:ro] [354/513] Building C object modules/ec/third_party/boringssl/build/CMakeFiles/crypto.dir/crypto/evp/print.c.obj
[buccaneer:ro] [355/513] Building C object modules/ec/third_party/boringssl/build/CMakeFiles/crypto.dir/crypto/ex_data.c.obj
[buccaneer:ro] [356/513] Building C object modules/ec/third_party/boringssl/build/CMakeFiles/crypto.dir/crypto/hpke/hpke.c.obj
[buccaneer:ro] [357/513] Building C object modules/ec/third_party/boringssl/build/CMakeFiles/crypto.dir/crypto/pem/pem_info.c.obj
[buccaneer:ro] [358/513] Building C object modules/ec/third_party/boringssl/build/CMakeFiles/crypto.dir/crypto/pem/pem_all.c.obj
[buccaneer:ro] [359/513] Building C object modules/ec/third_party/boringssl/build/CMakeFiles/crypto.dir/crypto/hrss/hrss.c.obj
[buccaneer:ro] [360/513] Building C object modules/ec/third_party/boringssl/build/CMakeFiles/crypto.dir/crypto/keccak/keccak.c.obj
[buccaneer:ro] [361/513] Building C object modules/ec/third_party/boringssl/build/CMakeFiles/crypto.dir/crypto/pem/pem_oth.c.obj
[buccaneer:ro] [362/513] Building C object modules/ec/third_party/boringssl/build/CMakeFiles/crypto.dir/crypto/kyber/kyber.c.obj
[buccaneer:ro] [363/513] Building C object modules/ec/third_party/boringssl/build/CMakeFiles/crypto.dir/crypto/lhash/lhash.c.obj
[buccaneer:ro] [364/513] Building C object modules/ec/third_party/boringssl/build/CMakeFiles/crypto.dir/crypto/pem/pem_pk8.c.obj
[buccaneer:ro] [365/513] Building C object modules/ec/third_party/boringssl/build/CMakeFiles/crypto.dir/crypto/mem.c.obj
[buccaneer:ro] [366/513] Building C object modules/ec/third_party/boringssl/build/CMakeFiles/crypto.dir/crypto/pkcs7/pkcs7.c.obj
[buccaneer:ro] [367/513] Building C object modules/ec/third_party/boringssl/build/CMakeFiles/crypto.dir/crypto/pem/pem_pkey.c.obj
[buccaneer:ro] [368/513] Building C object modules/ec/third_party/boringssl/build/CMakeFiles/crypto.dir/crypto/pem/pem_x509.c.obj
[buccaneer:ro] [369/513] Building C object modules/ec/third_party/boringssl/build/CMakeFiles/crypto.dir/crypto/obj/obj_xref.c.obj
[buccaneer:ro] [370/513] Building C object modules/ec/third_party/boringssl/build/CMakeFiles/crypto.dir/crypto/obj/obj.c.obj
[buccaneer:ro] [371/513] Building C object modules/ec/third_party/boringssl/build/CMakeFiles/crypto.dir/crypto/pem/pem_xaux.c.obj
[wugtrio:ro] [25/384] Building C object CMakeFiles/app.dir/mnt/host/source/src/platform/ec/build/zephyr/wugtrio/modules/ec/common/version.c.obj
[/mnt/host/source/src/platform/ec/build/zephyr/quenbi-lcov]   /mnt/host/source/src/platform/ec/build/zephyr/quenbi/build-ro/zephyr/arch/common/CMakeFiles/isr_tables.dir/isr_tables.c.gcno:no functions found
[/mnt/host/source/src/platform/ec/build/zephyr/quenbi-lcov] stderr:
[buccaneer:ro] [372/513] Building C object modules/ec/third_party/boringssl/build/CMakeFiles/crypto.dir/crypto/pem/pem_lib.c.obj
[buccaneer:ro] [373/513] Building C object modules/ec/third_party/boringssl/build/CMakeFiles/crypto.dir/crypto/poly1305/poly1305_vec.c.obj
[buccaneer:ro] [374/513] Building C object modules/ec/third_party/boringssl/build/CMakeFiles/crypto.dir/crypto/poly1305/poly1305.c.obj
[buccaneer:ro] [375/513] Building C object modules/ec/third_party/boringssl/build/CMakeFiles/crypto.dir/crypto/pkcs7/pkcs7_x509.c.obj
[buccaneer:ro] [376/513] Building C object modules/ec/third_party/boringssl/build/CMakeFiles/crypto.dir/crypto/pkcs8/p5_pbev2.c.obj
[buccaneer:ro] [377/513] Building C object modules/ec/third_party/boringssl/build/CMakeFiles/crypto.dir/crypto/poly1305/poly1305_arm.c.obj
[buccaneer:ro] [378/513] Building C object modules/ec/third_party/boringssl/build/CMakeFiles/crypto.dir/crypto/pool/pool.c.obj
[buccaneer:ro] [379/513] Building C object modules/ec/third_party/boringssl/build/CMakeFiles/crypto.dir/crypto/pkcs8/pkcs8.c.obj
[buccaneer:ro] [380/513] Building C object modules/ec/third_party/boringssl/build/CMakeFiles/crypto.dir/crypto/rand_extra/deterministic.c.obj
[buccaneer:ro] [381/513] Building C object modules/ec/third_party/boringssl/build/CMakeFiles/crypto.dir/crypto/pkcs8/pkcs8_x509.c.obj
[buccaneer:ro] [382/513] Building C object modules/ec/third_party/boringssl/build/CMakeFiles/crypto.dir/crypto/rand_extra/getentropy.c.obj
[buccaneer:ro] [383/513] Building C object modules/ec/third_party/boringssl/build/CMakeFiles/crypto.dir/crypto/rand_extra/forkunsafe.c.obj
[buccaneer:ro] [384/513] Building C object modules/ec/third_party/boringssl/build/CMakeFiles/crypto.dir/crypto/rand_extra/rand_extra.c.obj
[buccaneer:ro] [385/513] Building C object modules/ec/third_party/boringssl/build/CMakeFiles/crypto.dir/crypto/rand_extra/ios.c.obj
[buccaneer:ro] [386/513] Building C object modules/ec/third_party/boringssl/build/CMakeFiles/crypto.dir/crypto/rc4/rc4.c.obj
[buccaneer:ro] [387/513] Building C object modules/ec/third_party/boringssl/build/CMakeFiles/crypto.dir/crypto/rand_extra/passive.c.obj
[wugtrio:ro] [26/384] Building C object CMakeFiles/app.dir/mnt/host/source/src/platform/ec/build/zephyr/wugtrio/modules/ec/driver/accelgyro_bmi_common.c.obj
[buccaneer:ro] [388/513] Building C object modules/ec/third_party/boringssl/build/CMakeFiles/crypto.dir/crypto/rsa_extra/rsa_print.c.obj
[buccaneer:ro] [389/513] Building C object modules/ec/third_party/boringssl/build/CMakeFiles/crypto.dir/crypto/spx/fors.c.obj
[buccaneer:ro] [390/513] Building C object modules/ec/third_party/boringssl/build/CMakeFiles/crypto.dir/crypto/spx/spx_util.c.obj
[buccaneer:ro] [391/513] Building C object modules/ec/third_party/boringssl/build/CMakeFiles/crypto.dir/crypto/spx/spx.c.obj
[buccaneer:ro] [392/513] Building C object modules/ec/third_party/boringssl/build/CMakeFiles/crypto.dir/crypto/spx/merkle.c.obj
[buccaneer:ro] [393/513] Building C object modules/ec/third_party/boringssl/build/CMakeFiles/crypto.dir/crypto/spx/thash.c.obj
[buccaneer:ro] [394/513] Building C object modules/ec/third_party/boringssl/build/CMakeFiles/crypto.dir/crypto/spx/wots.c.obj
[buccaneer:ro] [395/513] Building C object modules/ec/third_party/boringssl/build/CMakeFiles/crypto.dir/crypto/thread.c.obj
[buccaneer:ro] [396/513] Building C object modules/ec/third_party/boringssl/build/CMakeFiles/crypto.dir/crypto/rand_extra/trusty.c.obj
[buccaneer:ro] [397/513] Building C object modules/ec/third_party/boringssl/build/CMakeFiles/crypto.dir/crypto/rand_extra/windows.c.obj
[buccaneer:ro] [398/513] Building C object modules/ec/third_party/boringssl/build/CMakeFiles/crypto.dir/crypto/rsa_extra/rsa_asn1.c.obj
[buccaneer:ro] [399/513] Building C object modules/ec/third_party/boringssl/build/CMakeFiles/crypto.dir/crypto/refcount.c.obj
[buccaneer:ro] [400/513] Building C object modules/ec/third_party/boringssl/build/CMakeFiles/crypto.dir/crypto/spx/address.c.obj
[buccaneer:ro] [401/513] Building C object modules/ec/third_party/boringssl/build/CMakeFiles/crypto.dir/crypto/rsa_extra/rsa_crypt.c.obj
[/mnt/host/source/src/platform/ec/build/zephyr/epic-lcov]   /mnt/host/source/src/platform/ec/build/zephyr/epic/build-ro/zephyr/CMakeFiles/zephyr.dir/soc/ite/ec/it8xxx2/check_regs.c.gcno:no functions found
[/mnt/host/source/src/platform/ec/build/zephyr/epic-lcov] stderr:
[buccaneer:ro] [402/513] Building C object modules/ec/third_party/boringssl/build/CMakeFiles/crypto.dir/crypto/siphash/siphash.c.obj
[buccaneer:ro] [403/513] Building C object modules/ec/third_party/boringssl/build/CMakeFiles/crypto.dir/crypto/thread_pthread.c.obj
[wugtrio:ro] [27/384] Building C object CMakeFiles/app.dir/mnt/host/source/src/platform/ec/build/zephyr/wugtrio/modules/ec/driver/accelgyro_bmi3xx.c.obj
[buccaneer:ro] [404/513] Building C object modules/ec/third_party/boringssl/build/CMakeFiles/crypto.dir/crypto/thread_none.c.obj
[buccaneer:ro] [405/513] Building C object modules/ec/third_party/boringssl/build/CMakeFiles/crypto.dir/crypto/stack/stack.c.obj
[buccaneer:ro] [406/513] Building C object modules/ec/third_party/boringssl/build/CMakeFiles/crypto.dir/crypto/x509/a_digest.c.obj
[buccaneer:ro] [407/513] Building C object modules/ec/third_party/boringssl/build/CMakeFiles/crypto.dir/crypto/x509/i2d_pr.c.obj
[buccaneer:ro] [408/513] Building C object modules/ec/third_party/boringssl/build/CMakeFiles/crypto.dir/crypto/trust_token/pmbtoken.c.obj
[buccaneer:ro] [409/513] Building C object modules/ec/third_party/boringssl/build/CMakeFiles/crypto.dir/crypto/trust_token/trust_token.c.obj
[buccaneer:ro] [410/513] Building C object modules/ec/third_party/boringssl/build/CMakeFiles/crypto.dir/crypto/thread_win.c.obj
[buccaneer:ro] [411/513] Building C object modules/ec/third_party/boringssl/build/CMakeFiles/crypto.dir/crypto/x509/name_print.c.obj
[buccaneer:ro] [412/513] Building C object modules/ec/third_party/boringssl/build/CMakeFiles/crypto.dir/crypto/trust_token/voprf.c.obj
[buccaneer:ro] [413/513] Building C object modules/ec/third_party/boringssl/build/CMakeFiles/crypto.dir/crypto/x509/a_sign.c.obj
[buccaneer:ro] [414/513] Building C object modules/ec/third_party/boringssl/build/CMakeFiles/crypto.dir/crypto/x509/algorithm.c.obj
[buccaneer:ro] [415/513] Building C object modules/ec/third_party/boringssl/build/CMakeFiles/crypto.dir/crypto/x509/t_crl.c.obj
[buccaneer:ro] [416/513] Building C object modules/ec/third_party/boringssl/build/CMakeFiles/crypto.dir/crypto/x509/asn1_gen.c.obj
[buccaneer:ro] [417/513] Building C object modules/ec/third_party/boringssl/build/CMakeFiles/crypto.dir/crypto/x509/by_dir.c.obj
[buccaneer:ro] [418/513] Building C object modules/ec/third_party/boringssl/build/CMakeFiles/crypto.dir/crypto/x509/a_verify.c.obj
[wugtrio:ro] [28/384] Building C object CMakeFiles/app.dir/mnt/host/source/src/platform/ec/build/zephyr/wugtrio/modules/ec/driver/accelgyro_lsm6dsm.c.obj
[buccaneer:ro] [419/513] Building C object modules/ec/third_party/boringssl/build/CMakeFiles/crypto.dir/crypto/x509/by_file.c.obj
[buccaneer:ro] [420/513] Building C object modules/ec/third_party/boringssl/build/CMakeFiles/crypto.dir/crypto/x509/policy.c.obj
[buccaneer:ro] [421/513] Building C object modules/ec/third_party/boringssl/build/CMakeFiles/crypto.dir/crypto/x509/rsa_pss.c.obj
[buccaneer:ro] [422/513] Building C object modules/ec/third_party/boringssl/build/CMakeFiles/crypto.dir/crypto/x509/t_req.c.obj
[buccaneer:ro] [423/513] Building C object modules/ec/third_party/boringssl/build/CMakeFiles/crypto.dir/crypto/x509/t_x509a.c.obj
[buccaneer:ro] [424/513] Building C object modules/ec/third_party/boringssl/build/CMakeFiles/crypto.dir/crypto/x509/t_x509.c.obj
[buccaneer:ro] [425/513] Building C object modules/ec/third_party/boringssl/build/CMakeFiles/crypto.dir/crypto/x509/v3_akey.c.obj
[buccaneer:ro] [426/513] Building C object modules/ec/third_party/boringssl/build/CMakeFiles/crypto.dir/crypto/x509/v3_akeya.c.obj
[buccaneer:ro] [427/513] Building C object modules/ec/third_party/boringssl/build/CMakeFiles/crypto.dir/crypto/x509/v3_alt.c.obj
[buccaneer:ro] [428/513] Building C object modules/ec/third_party/boringssl/build/CMakeFiles/crypto.dir/crypto/x509/v3_bcons.c.obj
[buccaneer:ro] [429/513] Building C object modules/ec/third_party/boringssl/build/CMakeFiles/crypto.dir/crypto/x509/v3_cpols.c.obj
[buccaneer:ro] [430/513] Building C object modules/ec/third_party/boringssl/build/CMakeFiles/crypto.dir/crypto/x509/v3_bitst.c.obj
[wugtrio:ro] [29/384] Building C object CMakeFiles/app.dir/mnt/host/source/src/platform/ec/build/zephyr/wugtrio/modules/ec/common/motion_sense_fifo.c.obj
[buccaneer:ro] [431/513] Building C object modules/ec/third_party/boringssl/build/CMakeFiles/crypto.dir/crypto/x509/v3_int.c.obj
[buccaneer:ro] [432/513] Building C object modules/ec/third_party/boringssl/build/CMakeFiles/crypto.dir/crypto/x509/v3_crld.c.obj
[buccaneer:ro] [433/513] Building C object modules/ec/third_party/boringssl/build/CMakeFiles/crypto.dir/crypto/x509/v3_conf.c.obj
[buccaneer:ro] [434/513] Building C object modules/ec/third_party/boringssl/build/CMakeFiles/crypto.dir/crypto/x509/v3_enum.c.obj
[buccaneer:ro] [435/513] Building C object modules/ec/third_party/boringssl/build/CMakeFiles/crypto.dir/crypto/x509/v3_ocsp.c.obj
[buccaneer:ro] [436/513] Building C object modules/ec/third_party/boringssl/build/CMakeFiles/crypto.dir/crypto/x509/v3_prn.c.obj
[buccaneer:ro] [437/513] Building C object modules/ec/third_party/boringssl/build/CMakeFiles/crypto.dir/crypto/x509/v3_extku.c.obj
[buccaneer:ro] [438/513] Building C object modules/ec/third_party/boringssl/build/CMakeFiles/crypto.dir/crypto/x509/v3_genn.c.obj
[buccaneer:ro] [439/513] Building C object modules/ec/third_party/boringssl/build/CMakeFiles/crypto.dir/crypto/x509/v3_ia5.c.obj
[buccaneer:ro] [440/513] Building C object modules/ec/third_party/boringssl/build/CMakeFiles/crypto.dir/crypto/x509/v3_info.c.obj
[buccaneer:ro] [441/513] Building C object modules/ec/third_party/boringssl/build/CMakeFiles/crypto.dir/crypto/x509/x509.c.obj
[/mnt/host/source/src/platform/ec/build/zephyr/quenbi-lcov]   /mnt/host/source/src/platform/ec/build/zephyr/quenbi/build-ro/zephyr/CMakeFiles/zephyr.dir/subsys/shell/modules/kernel_service/kernel_shell.c.gcno:no functions found
[/mnt/host/source/src/platform/ec/build/zephyr/quenbi-lcov] stderr:
[buccaneer:ro] [442/513] Building C object modules/ec/third_party/boringssl/build/CMakeFiles/crypto.dir/crypto/x509/v3_lib.c.obj
[buccaneer:ro] [443/513] Building C object modules/ec/third_party/boringssl/build/CMakeFiles/crypto.dir/crypto/x509/x509_d2.c.obj
[buccaneer:ro] [444/513] Building C object modules/ec/third_party/boringssl/build/CMakeFiles/crypto.dir/crypto/x509/v3_pmaps.c.obj
[buccaneer:ro] [445/513] Building C object modules/ec/third_party/boringssl/build/CMakeFiles/crypto.dir/crypto/x509/x509_def.c.obj
[wugtrio:ro] [30/384] Building C object CMakeFiles/app.dir/mnt/host/source/src/platform/ec/build/zephyr/wugtrio/modules/ec/common/adc.c.obj
[buccaneer:ro] [446/513] Building C object modules/ec/third_party/boringssl/build/CMakeFiles/crypto.dir/crypto/x509/v3_pcons.c.obj
[buccaneer:ro] [447/513] Building C object modules/ec/third_party/boringssl/build/CMakeFiles/crypto.dir/crypto/x509/v3_ncons.c.obj
[buccaneer:ro] [448/513] Building C object modules/ec/third_party/boringssl/build/CMakeFiles/crypto.dir/crypto/x509/v3_purp.c.obj
[/mnt/host/source/src/platform/ec/build/zephyr/quenbi-lcov]   /mnt/host/source/src/platform/ec/build/zephyr/quenbi/build-ro/zephyr/CMakeFiles/zephyr.dir/lib/libc/validate_libc.c.gcno:no functions found
[/mnt/host/source/src/platform/ec/build/zephyr/quenbi-lcov] stderr:
[buccaneer:ro] [449/513] Building C object modules/ec/third_party/boringssl/build/CMakeFiles/crypto.dir/crypto/x509/v3_skey.c.obj
[buccaneer:ro] [450/513] Building C object modules/ec/third_party/boringssl/build/CMakeFiles/crypto.dir/crypto/x509/v3_utl.c.obj
[buccaneer:ro] [451/513] Building C object modules/ec/third_party/boringssl/build/CMakeFiles/crypto.dir/crypto/x509/x509_att.c.obj
[buccaneer:ro] [452/513] Building C object modules/ec/third_party/boringssl/build/CMakeFiles/crypto.dir/crypto/x509/x509_cmp.c.obj
[buccaneer:ro] [453/513] Building C object modules/ec/third_party/boringssl/build/CMakeFiles/crypto.dir/crypto/x509/x509_txt.c.obj
[buccaneer:ro] [454/513] Building C object modules/ec/third_party/boringssl/build/CMakeFiles/crypto.dir/crypto/x509/x509_lu.c.obj
[buccaneer:ro] [455/513] Building C object modules/ec/third_party/boringssl/build/CMakeFiles/crypto.dir/crypto/x509/x509_ext.c.obj
[wugtrio:ro] [31/384] Building C object CMakeFiles/app.dir/mnt/host/source/src/platform/ec/build/zephyr/wugtrio/modules/ec/common/base_state.c.obj
[buccaneer:ro] [456/513] Building C object modules/ec/third_party/boringssl/build/CMakeFiles/crypto.dir/crypto/x509/x509_trs.c.obj
[buccaneer:ro] [457/513] Building C object modules/ec/third_party/boringssl/build/CMakeFiles/crypto.dir/crypto/x509/x509_obj.c.obj
[buccaneer:ro] [458/513] Building C object modules/ec/third_party/boringssl/build/CMakeFiles/crypto.dir/crypto/x509/x509_set.c.obj
[buccaneer:ro] [459/513] Building C object modules/ec/third_party/boringssl/build/CMakeFiles/crypto.dir/crypto/x509/x509spki.c.obj
[buccaneer:ro] [460/513] Building C object modules/ec/third_party/boringssl/build/CMakeFiles/crypto.dir/crypto/x509/x509_req.c.obj
[buccaneer:ro] [461/513] Building C object modules/ec/third_party/boringssl/build/CMakeFiles/crypto.dir/crypto/x509/x_algor.c.obj
[buccaneer:ro] [462/513] Building C object modules/ec/third_party/boringssl/build/CMakeFiles/crypto.dir/crypto/x509/x509_vpm.c.obj
[buccaneer:ro] [463/513] Building C object modules/ec/third_party/boringssl/build/CMakeFiles/crypto.dir/crypto/x509/x509_v3.c.obj
[buccaneer:ro] [464/513] Building C object modules/ec/third_party/boringssl/build/CMakeFiles/crypto.dir/crypto/x509/x509_vfy.c.obj
[buccaneer:ro] [465/513] Building C object modules/ec/third_party/boringssl/build/CMakeFiles/crypto.dir/crypto/x509/x509cset.c.obj
[buccaneer:ro] [466/513] Building C object modules/ec/third_party/boringssl/build/CMakeFiles/crypto.dir/crypto/x509/x509name.c.obj
[buccaneer:ro] [467/513] Building C object modules/ec/third_party/boringssl/build/CMakeFiles/crypto.dir/crypto/x509/x509rset.c.obj
[buccaneer:ro] [468/513] Building C object modules/ec/third_party/boringssl/build/CMakeFiles/crypto.dir/crypto/x509/x_sig.c.obj
[/mnt/host/source/src/platform/ec/build/zephyr/quenbi-lcov]   /mnt/host/source/src/platform/ec/build/zephyr/quenbi/build-ro/zephyr/CMakeFiles/zephyr.dir/lib/utils/last_section_id.c.gcno:no functions found
[/mnt/host/source/src/platform/ec/build/zephyr/quenbi-lcov] stderr:
[buccaneer:ro] [469/513] Building C object modules/ec/third_party/boringssl/build/CMakeFiles/crypto.dir/gen/crypto/err_data.c.obj
[buccaneer:ro] [470/513] Building C object modules/ec/third_party/boringssl/build/CMakeFiles/crypto.dir/crypto/x509/x_all.c.obj
[wugtrio:ro] [32/384] Building C object CMakeFiles/app.dir/mnt/host/source/src/platform/ec/build/zephyr/wugtrio/modules/ec/common/battery.c.obj
[buccaneer:ro] [471/513] Building C object modules/ec/third_party/boringssl/build/CMakeFiles/crypto.dir/crypto/x509/x_exten.c.obj
[buccaneer:ro] [472/513] Building C object modules/ec/third_party/boringssl/build/CMakeFiles/crypto.dir/crypto/x509/x_name.c.obj
[buccaneer:ro] [473/513] Building C object modules/ec/third_party/boringssl/build/CMakeFiles/crypto.dir/crypto/x509/x_crl.c.obj
[buccaneer:ro] [474/513] Building C object modules/ec/third_party/boringssl/build/CMakeFiles/crypto.dir/crypto/x509/x_req.c.obj
[buccaneer:ro] [475/513] Building C object modules/ec/third_party/boringssl/build/CMakeFiles/crypto.dir/crypto/x509/x_attrib.c.obj
[buccaneer:ro] [476/513] Building C object modules/ec/third_party/boringssl/build/CMakeFiles/crypto.dir/crypto/x509/x_spki.c.obj
[buccaneer:ro] [477/513] Building C object modules/ec/third_party/boringssl/build/CMakeFiles/crypto.dir/crypto/x509/x_pubkey.c.obj
[buccaneer:ro] [478/513] Building C object modules/ec/third_party/boringssl/build/CMakeFiles/crypto.dir/crypto/x509/x_val.c.obj
[buccaneer:ro] [479/513] Building C object modules/ec/third_party/boringssl/build/CMakeFiles/crypto.dir/crypto/x509/x_x509.c.obj
[buccaneer:ro] [480/513] Building C object zephyr/kernel/CMakeFiles/kernel.dir/main_weak.c.obj
[buccaneer:ro] [481/513] Building C object modules/ec/third_party/boringssl/build/CMakeFiles/crypto.dir/crypto/x509/x_x509a.c.obj
[buccaneer:ro] [482/513] Building C object zephyr/kernel/CMakeFiles/kernel.dir/version.c.obj
[buccaneer:ro] [483/513] Building C object zephyr/kernel/CMakeFiles/kernel.dir/banner.c.obj
[buccaneer:ro] [484/513] Building C object zephyr/kernel/CMakeFiles/kernel.dir/busy_wait.c.obj
[buccaneer:ro] [485/513] Linking C static library modules/ec/third_party/boringssl/build/libcrypto.a
[buccaneer:ro] [486/513] Building C object zephyr/kernel/CMakeFiles/kernel.dir/device.c.obj
[buccaneer:ro] [487/513] Building C object zephyr/kernel/CMakeFiles/kernel.dir/errno.c.obj
[buccaneer:ro] [488/513] Linking C static library zephyr/libzephyr.a
[wugtrio:ro] [33/384] Building C object CMakeFiles/app.dir/mnt/host/source/src/platform/ec/build/zephyr/wugtrio/modules/ec/common/battery_info.c.obj
[buccaneer:ro] [489/513] Building C object zephyr/kernel/CMakeFiles/kernel.dir/float.c.obj
[buccaneer:ro] [490/513] Building C object zephyr/kernel/CMakeFiles/kernel.dir/fatal.c.obj
[buccaneer:ro] [491/513] Building C object zephyr/kernel/CMakeFiles/kernel.dir/kheap.c.obj
[buccaneer:ro] [492/513] Building C object zephyr/kernel/CMakeFiles/kernel.dir/init.c.obj
[/mnt/host/source/src/platform/ec/build/zephyr/epic-lcov]   /mnt/host/source/src/platform/ec/build/zephyr/epic/build-ro/zephyr/drivers/sensor/CMakeFiles/drivers__sensor.dir/mnt/host/source/src/third_party/zephyr/main/misc/empty_file.c.gcno:no functions found
[/mnt/host/source/src/platform/ec/build/zephyr/epic-lcov] stderr:
[buccaneer:ro] [493/513] Building C object zephyr/kernel/CMakeFiles/kernel.dir/idle.c.obj
[buccaneer:ro] [494/513] Building C object zephyr/kernel/CMakeFiles/kernel.dir/mem_slab.c.obj
[buccaneer:ro] [495/513] Building C object zephyr/kernel/CMakeFiles/kernel.dir/mailbox.c.obj
[buccaneer:ro] [496/513] Building C object zephyr/kernel/CMakeFiles/kernel.dir/msg_q.c.obj
[buccaneer:ro] [497/513] Building C object zephyr/kernel/CMakeFiles/kernel.dir/mutex.c.obj
[/mnt/host/source/src/platform/ec/build/zephyr/epic-lcov]   /mnt/host/source/src/platform/ec/build/zephyr/epic/build-rw/modules/ec/zephyr/CMakeFiles/ec_shim.dir/shim/src/thermal.c.gcno:no functions found
[/mnt/host/source/src/platform/ec/build/zephyr/epic-lcov] stderr:
[buccaneer:ro] [498/513] Building C object zephyr/kernel/CMakeFiles/kernel.dir/queue.c.obj
[buccaneer:ro] [499/513] Building C object zephyr/kernel/CMakeFiles/kernel.dir/system_work_q.c.obj
[buccaneer:ro] [500/513] Building C object zephyr/kernel/CMakeFiles/kernel.dir/stack.c.obj
[buccaneer:ro] [501/513] Building C object zephyr/kernel/CMakeFiles/kernel.dir/sem.c.obj
[buccaneer:ro] [502/513] Building C object zephyr/kernel/CMakeFiles/kernel.dir/condvar.c.obj
Toolchain <zmake.toolchains.CorebootSdkToolchain object at 0x7f41207eda90> selected by probe function.
[uldrenite-ish] Building in /mnt/host/source/src/platform/ec/build/zephyr/uldrenite-ish.
[buccaneer:ro] [503/513] Building C object zephyr/kernel/CMakeFiles/kernel.dir/work.c.obj
Toolchain <zmake.toolchains.CorebootSdkToolchain object at 0x7f41207eff90> selected by probe function.
[buccaneer:ro] [504/513] Building C object zephyr/kernel/CMakeFiles/kernel.dir/sched.c.obj
[/mnt/host/source/src/platform/ec/build/zephyr/epic-lcov]   /mnt/host/source/src/platform/ec/build/zephyr/epic/build-rw/modules/ec/zephyr/CMakeFiles/ec_shim.dir/shim/src/battery.c.gcno:no functions found
[buccaneer:ro] [505/513] Building C object zephyr/kernel/CMakeFiles/kernel.dir/pipe.c.obj
[/mnt/host/source/src/platform/ec/build/zephyr/epic-lcov] stderr:
[buccaneer:ro] [506/513] Building C object zephyr/kernel/CMakeFiles/kernel.dir/thread.c.obj
[jubilant] Building in /mnt/host/source/src/platform/ec/build/zephyr/jubilant.
[uldrenite-ish:singleimage] Configuring.
Running `env -i PYTHONPATH=/usr/lib64/python-exec/python3.11:/mnt/host/source/src/platform/ec/zephyr/zmake:/usr/lib/python311.zip:/usr/lib/python3.11:/usr/lib/python3.11/lib-dynload:/usr/lib/python3.11/site-packages PW_PIGWEED_CIPD_INSTALL_DIR=/usr CROSTC_USER_ACKNOWLEDGES_THAT_RISCV_IS_EXPERIMENTAL=1 PATH=/mnt/host/source/chromite/bin:/usr/local/bin:/usr/bin:/bin:/opt/bin:/mnt/host/source/chromite/sdk/bin:/mnt/host/source/chromite/bin HOME=/home/jpmurphy JAVA_HOME=/etc/java-config-2/current-system-vm JDK_HOME=/etc/java-config-2/current-system-vm JAVAC=/etc/java-config-2/current-system-vm/bin/javac MAKEFLAGS=' -j16 --jobserver-auth=5,6' /usr/bin/cmake -S /mnt/host/source/src/platform/ec/zephyr/program/trulo -B /mnt/host/source/src/platform/ec/build/zephyr/uldrenite-ish/build-singleimage -GNinja -DCMAKE_EXPORT_COMPILE_COMMANDS=ON -DZEPHYR_BASE=/mnt/host/source/src/third_party/zephyr/main -DZMAKE_INCLUDE_DIR=/mnt/host/source/src/platform/ec/build/zephyr/uldrenite-ish/include -DPython3_EXECUTABLE=/usr/bin/python3.11 -DDTS_ROOT=/mnt/host/source/src/platform/ec/zephyr -DSYSCALL_INCLUDE_DIRS=/mnt/host/source/src/platform/ec/zephyr/include/drivers -DUSER_CACHE_DIR=/mnt/host/source/src/platform/ec/build/zephyr/user-cache -DPW_ROOT=/mnt/host/source/src/third_party/pigweed -DNANOPB_DIR=/mnt/host/source/src/third_party/zephyr/nanopb '-DEXTRA_EC_VERSION_FLAGS=--version 16543.0.0 --static' -DTOOLCHAIN_ROOT=/mnt/host/source/src/platform/ec/zephyr -DCOREBOOT_SDK_ROOT_x86=/home/jpmurphy/.cache/coreboot-sdk/i386-elf/dfbb0486385d938cfa9d73080b9d18d598ed4f49 -DCOREBOOT_SDK_ROOT_picolibc_x86=/home/jpmurphy/.cache/coreboot-sdk/picolibc-i386-elf/eb8e8e687b95461de8cbf278f1c2076952d0ad17 -DCOREBOOT_SDK_ROOT_riscv64=/home/jpmurphy/.cache/coreboot-sdk/riscv64-elf/96b949749225b6aaa92ed810ab769e8dfb12f000 -DCOREBOOT_SDK_ROOT_picolibc_arm=/home/jpmurphy/.cache/coreboot-sdk/picolibc-arm-eabi/422a2aa3e1ef891b5bece9a3deb696ff83840d2e -DCOREBOOT_SDK_ROOT_nds32=/home/jpmurphy/.cache/coreboot-sdk/nds32le-elf/d1a518c4a097666d86058e1444f85ca015d15511 -DCOREBOOT_SDK_ROOT_picolibc_riscv64=/home/jpmurphy/.cache/coreboot-sdk/picolibc-riscv64-elf/f571e990ef0278564b31124f8bb109d9a697eb69 -DCOREBOOT_SDK_ROOT_arm=/home/jpmurphy/.cache/coreboot-sdk/arm-eabi/ea40ddd1d190c3b48435c474c0b545719371813a -DCOREBOOT_SDK_ROOT_libstdcxx_riscv64=/home/jpmurphy/.cache/coreboot-sdk/libstdcxx-riscv64-elf/17abf22a3a252e2d5d2062ced5324f7a623689e0 -DCOREBOOT_SDK_ROOT_libstdcxx_arm=/home/jpmurphy/.cache/coreboot-sdk/libstdcxx-arm-eabi/5d7d82e150e44aa1968f1d366e267e6687b328ac -DCOREBOOT_SDK_ROOT_riscv=/home/jpmurphy/.cache/coreboot-sdk/riscv-elf/9a27b9e82341c6e9126624f516ab3f261abb3e73 -DCOREBOOT_SDK_ROOT_libstdcxx_x86=/home/jpmurphy/.cache/coreboot-sdk/libstdcxx-i386-elf/42ef9d2e87a76a37963175d7d428734e65648b87 -DZEPHYR_TOOLCHAIN_VARIANT=coreboot-sdk '-DZEPHYR_MODULES=/mnt/host/source/src/platform/ec/build/zephyr/uldrenite-ish/modules/ec;/mnt/host/source/src/platform/ec/build/zephyr/uldrenite-ish/modules/cmsis;/mnt/host/source/src/platform/ec/build/zephyr/uldrenite-ish/modules/cmsis_6;/mnt/host/source/src/platform/ec/build/zephyr/uldrenite-ish/modules/hal_intel_public;/mnt/host/source/src/platform/ec/build/zephyr/uldrenite-ish/modules/pigweed;/mnt/host/source/src/platform/ec/build/zephyr/uldrenite-ish/modules/nanopb' -DDTC_OVERLAY_FILE=/mnt/host/source/src/platform/ec/zephyr/program/trulo/uldrenite-ish/project.overlay -DBOARD=intel_ish_5_4_1 '-DCONF_FILE=/mnt/host/source/src/platform/ec/zephyr/program/trulo/uldrenite-ish/project.conf;/mnt/host/source/src/platform/ec/zephyr/program/trulo/dsp_comms.conf;/mnt/host/source/src/platform/ec/build/zephyr/uldrenite-ish/kconfig-singleimage.conf'`
[uldrenite-ish:singleimage] Loading Zephyr default modules (Zephyr base (cached)).
[uldrenite-ish:singleimage] -- Application: /mnt/host/source/src/platform/ec/zephyr/program/trulo
[buccaneer:ro] [507/513] Building C object zephyr/kernel/CMakeFiles/kernel.dir/timeout.c.obj
[jubilant:rw] Configuring.
Running `env -i PYTHONPATH=/usr/lib64/python-exec/python3.11:/mnt/host/source/src/platform/ec/zephyr/zmake:/usr/lib/python311.zip:/usr/lib/python3.11:/usr/lib/python3.11/lib-dynload:/usr/lib/python3.11/site-packages PW_PIGWEED_CIPD_INSTALL_DIR=/usr CROSTC_USER_ACKNOWLEDGES_THAT_RISCV_IS_EXPERIMENTAL=1 PATH=/mnt/host/source/chromite/bin:/usr/local/bin:/usr/bin:/bin:/opt/bin:/mnt/host/source/chromite/sdk/bin:/mnt/host/source/chromite/bin HOME=/home/jpmurphy JAVA_HOME=/etc/java-config-2/current-system-vm JDK_HOME=/etc/java-config-2/current-system-vm JAVAC=/etc/java-config-2/current-system-vm/bin/javac MAKEFLAGS=' -j16 --jobserver-auth=5,6' /usr/bin/cmake -S /mnt/host/source/src/platform/ec/zephyr/program/brox -B /mnt/host/source/src/platform/ec/build/zephyr/jubilant/build-rw -GNinja -DCMAKE_EXPORT_COMPILE_COMMANDS=ON -DZEPHYR_BASE=/mnt/host/source/src/third_party/zephyr/main -DZMAKE_INCLUDE_DIR=/mnt/host/source/src/platform/ec/build/zephyr/jubilant/include -DPython3_EXECUTABLE=/usr/bin/python3.11 -DDTS_ROOT=/mnt/host/source/src/platform/ec/zephyr -DSYSCALL_INCLUDE_DIRS=/mnt/host/source/src/platform/ec/zephyr/include/drivers -DUSER_CACHE_DIR=/mnt/host/source/src/platform/ec/build/zephyr/user-cache '-DEXTRA_EC_VERSION_FLAGS=--version 16543.0.0 --static' -DTOOLCHAIN_ROOT=/mnt/host/source/src/platform/ec/zephyr -DCOREBOOT_SDK_ROOT_x86=/home/jpmurphy/.cache/coreboot-sdk/i386-elf/dfbb0486385d938cfa9d73080b9d18d598ed4f49 -DCOREBOOT_SDK_ROOT_picolibc_x86=/home/jpmurphy/.cache/coreboot-sdk/picolibc-i386-elf/eb8e8e687b95461de8cbf278f1c2076952d0ad17 -DCOREBOOT_SDK_ROOT_riscv64=/home/jpmurphy/.cache/coreboot-sdk/riscv64-elf/96b949749225b6aaa92ed810ab769e8dfb12f000 -DCOREBOOT_SDK_ROOT_picolibc_arm=/home/jpmurphy/.cache/coreboot-sdk/picolibc-arm-eabi/422a2aa3e1ef891b5bece9a3deb696ff83840d2e -DCOREBOOT_SDK_ROOT_nds32=/home/jpmurphy/.cache/coreboot-sdk/nds32le-elf/d1a518c4a097666d86058e1444f85ca015d15511 -DCOREBOOT_SDK_ROOT_picolibc_riscv64=/home/jpmurphy/.cache/coreboot-sdk/picolibc-riscv64-elf/f571e990ef0278564b31124f8bb109d9a697eb69 -DCOREBOOT_SDK_ROOT_arm=/home/jpmurphy/.cache/coreboot-sdk/arm-eabi/ea40ddd1d190c3b48435c474c0b545719371813a -DCOREBOOT_SDK_ROOT_libstdcxx_riscv64=/home/jpmurphy/.cache/coreboot-sdk/libstdcxx-riscv64-elf/17abf22a3a252e2d5d2062ced5324f7a623689e0 -DCOREBOOT_SDK_ROOT_libstdcxx_arm=/home/jpmurphy/.cache/coreboot-sdk/libstdcxx-arm-eabi/5d7d82e150e44aa1968f1d366e267e6687b328ac -DCOREBOOT_SDK_ROOT_riscv=/home/jpmurphy/.cache/coreboot-sdk/riscv-elf/9a27b9e82341c6e9126624f516ab3f261abb3e73 -DCOREBOOT_SDK_ROOT_libstdcxx_x86=/home/jpmurphy/.cache/coreboot-sdk/libstdcxx-i386-elf/42ef9d2e87a76a37963175d7d428734e65648b87 -DZEPHYR_TOOLCHAIN_VARIANT=coreboot-sdk -DZEPHYR_MODULES=/mnt/host/source/src/platform/ec/build/zephyr/jubilant/modules/ec -DDTC_OVERLAY_FILE=/mnt/host/source/src/platform/ec/zephyr/program/brox/jubilant/project.overlay -DBOARD=it8xxx2/it82002aw -DCMAKE_C_FLAGS=-DSECTION_IS_RW '-DCONF_FILE=/mnt/host/source/src/platform/ec/zephyr/program/brox/program.conf;/mnt/host/source/src/platform/ec/zephyr/program/brox/ite.conf;/mnt/host/source/src/platform/ec/zephyr/program/brox/jubilant/project.conf;/mnt/host/source/src/platform/ec/zephyr/program/brox/motionsense.conf;/mnt/host/source/src/platform/ec/build/zephyr/jubilant/kconfig-rw.conf'`
[jubilant:rw] Loading Zephyr default modules (Zephyr base (cached)).
[jubilant:rw] -- Application: /mnt/host/source/src/platform/ec/zephyr/program/brox
[wugtrio:ro] [34/384] Building C object CMakeFiles/app.dir/mnt/host/source/src/platform/ec/build/zephyr/wugtrio/modules/ec/common/battery_fuel_gauge.c.obj
[buccaneer:ro] [508/513] Building C object zephyr/kernel/CMakeFiles/kernel.dir/timer.c.obj
[/mnt/host/source/src/platform/ec/build/zephyr/epic-lcov]   /mnt/host/source/src/platform/ec/build/zephyr/epic/build-rw/modules/ec/zephyr/CMakeFiles/ec_shim.dir/shim/src/charger.c.gcno:no functions found
[/mnt/host/source/src/platform/ec/build/zephyr/epic-lcov] stderr:
[buccaneer:ro] [509/513] Building C object zephyr/kernel/CMakeFiles/kernel.dir/poll.c.obj
[buccaneer:ro] [510/513] Building C object zephyr/kernel/CMakeFiles/kernel.dir/events.c.obj
[uldrenite-ish:singleimage] -- CMake version: 3.31.7
[uldrenite-ish:singleimage] -- Found Python3: /usr/bin/python3.11 (found suitable version "3.11.11", minimum required is "3.10") found components: Interpreter
[buccaneer:ro] [511/513] Building C object zephyr/kernel/CMakeFiles/kernel.dir/mempool.c.obj
[bloonchipper:rw] Configuring.
Running `env -i PYTHONPATH=/usr/lib64/python-exec/python3.11:/mnt/host/source/src/platform/ec/zephyr/zmake:/usr/lib/python311.zip:/usr/lib/python3.11:/usr/lib/python3.11/lib-dynload:/usr/lib/python3.11/site-packages PW_PIGWEED_CIPD_INSTALL_DIR=/usr CROSTC_USER_ACKNOWLEDGES_THAT_RISCV_IS_EXPERIMENTAL=1 PATH=/mnt/host/source/chromite/bin:/usr/local/bin:/usr/bin:/bin:/opt/bin:/mnt/host/source/chromite/sdk/bin:/mnt/host/source/chromite/bin HOME=/home/jpmurphy JAVA_HOME=/etc/java-config-2/current-system-vm JDK_HOME=/etc/java-config-2/current-system-vm JAVAC=/etc/java-config-2/current-system-vm/bin/javac MAKEFLAGS=' -j16 --jobserver-auth=5,6' /usr/bin/cmake -S /mnt/host/source/src/platform/ec/zephyr/program/fpmcu -B /mnt/host/source/src/platform/ec/build/zephyr/bloonchipper/build-rw -GNinja -DCMAKE_EXPORT_COMPILE_COMMANDS=ON -DZEPHYR_BASE=/mnt/host/source/src/third_party/zephyr/main -DZMAKE_INCLUDE_DIR=/mnt/host/source/src/platform/ec/build/zephyr/bloonchipper/include -DPython3_EXECUTABLE=/usr/bin/python3.11 -DDTS_ROOT=/mnt/host/source/src/platform/ec/zephyr -DSYSCALL_INCLUDE_DIRS=/mnt/host/source/src/platform/ec/zephyr/include/drivers -DUSER_CACHE_DIR=/mnt/host/source/src/platform/ec/build/zephyr/user-cache '-DEXTRA_EC_VERSION_FLAGS=--version 16543.0.0 --static' -DTOOLCHAIN_ROOT=/mnt/host/source/src/platform/ec/zephyr -DZEPHYR_TOOLCHAIN_VARIANT=llvm '-DZEPHYR_MODULES=/mnt/host/source/src/platform/ec/build/zephyr/bloonchipper/modules/ec;/mnt/host/source/src/platform/ec/build/zephyr/bloonchipper/modules/hal_stm32;/mnt/host/source/src/platform/ec/build/zephyr/bloonchipper/modules/cmsis;/mnt/host/source/src/platform/ec/build/zephyr/bloonchipper/modules/cmsis_6;/mnt/host/source/src/platform/ec/build/zephyr/bloonchipper/modules/fpc' '-DDTC_OVERLAY_FILE=/mnt/host/source/src/platform/ec/zephyr/program/fpmcu/bloonchipper/bloonchipper.dts;/mnt/host/source/src/platform/ec/zephyr/program/fpmcu/bloonchipper/ec_quirks.dts' -DBOARD=google_dragonclaw -DCMAKE_C_FLAGS=-DSECTION_IS_RW '-DCONF_FILE=/mnt/host/source/src/platform/ec/zephyr/program/fpmcu/prj.conf;/mnt/host/source/src/platform/ec/zephyr/program/fpmcu/bloonchipper/prj.conf;/mnt/host/source/src/platform/ec/zephyr/program/fpmcu/bloonchipper/ec_quirks.conf;/mnt/host/source/src/platform/ec/build/zephyr/bloonchipper/kconfig-rw.conf'`
[uldrenite-ish:singleimage] -- Cache files will be written to: /mnt/host/source/src/platform/ec/build/zephyr/user-cache
[uldrenite-ish:singleimage] -- Zephyr version: 4.3.99 (/mnt/host/source/src/third_party/zephyr/main)
[bloonchipper:rw] Loading Zephyr default modules (Zephyr base (cached)).
[bloonchipper:rw] -- Application: /mnt/host/source/src/platform/ec/zephyr/program/fpmcu
[bloonchipper:rw] -- CMake version: 3.31.7
[jubilant:rw] -- CMake version: 3.31.7
[jubilant:rw] -- Found Python3: /usr/bin/python3.11 (found suitable version "3.11.11", minimum required is "3.10") found components: Interpreter
[jubilant:rw] -- Cache files will be written to: /mnt/host/source/src/platform/ec/build/zephyr/user-cache
[buccaneer:ro] [512/513] Building C object zephyr/kernel/CMakeFiles/kernel.dir/dynamic_disabled.c.obj
[jubilant:rw] -- Zephyr version: 4.3.99 (/mnt/host/source/src/third_party/zephyr/main)
[buccaneer:ro] [513/513] Linking C static library zephyr/kernel/libkernel.a
[wugtrio:ro] [35/384] Building C object CMakeFiles/app.dir/mnt/host/source/src/platform/ec/build/zephyr/wugtrio/modules/ec/driver/battery/smart.c.obj
[bloonchipper:rw] -- Found Python3: /usr/bin/python3.11 (found suitable version "3.11.11", minimum required is "3.10") found components: Interpreter
[bloonchipper:rw] -- Cache files will be written to: /mnt/host/source/src/platform/ec/build/zephyr/user-cache
[bloonchipper:rw] -- Zephyr version: 4.3.99 (/mnt/host/source/src/third_party/zephyr/main)
[wugtrio:ro] [36/384] Building C object CMakeFiles/app.dir/mnt/host/source/src/platform/ec/build/zephyr/wugtrio/modules/ec/driver/charger/rt9490.c.obj
[wugtrio:ro] [37/384] Building C object CMakeFiles/app.dir/mnt/host/source/src/platform/ec/build/zephyr/wugtrio/modules/ec/common/charge_ramp.c.obj
[wugtrio:ro] [38/384] Building C object CMakeFiles/app.dir/mnt/host/source/src/platform/ec/build/zephyr/wugtrio/modules/ec/common/charger.c.obj
[/mnt/host/source/src/platform/ec/build/zephyr/epic-lcov]   /mnt/host/source/src/platform/ec/build/zephyr/epic/build-rw/modules/ec/zephyr/CMakeFiles/ec_shim.dir/shim/src/usb_muxes.c.gcno:no functions found
[/mnt/host/source/src/platform/ec/build/zephyr/epic-lcov] stderr:
[wugtrio:ro] [39/384] Building C object CMakeFiles/app.dir/mnt/host/source/src/platform/ec/build/zephyr/wugtrio/modules/ec/common/charge_state.c.obj
[wugtrio:ro] [40/384] Building C object CMakeFiles/app.dir/mnt/host/source/src/platform/ec/build/zephyr/wugtrio/modules/ec/common/cbi_common.c.obj
[wugtrio:ro] [41/384] Building C object CMakeFiles/app.dir/mnt/host/source/src/platform/ec/build/zephyr/wugtrio/modules/ec/common/cbi_config.c.obj
[wugtrio:ro] [42/384] Building C object CMakeFiles/app.dir/mnt/host/source/src/platform/ec/build/zephyr/wugtrio/modules/ec/common/cbi.c.obj
[wugtrio:ro] [43/384] Building C object CMakeFiles/app.dir/mnt/host/source/src/platform/ec/build/zephyr/wugtrio/modules/ec/common/charge_manager.c.obj
[wugtrio:ro] [44/384] Building C object CMakeFiles/app.dir/mnt/host/source/src/platform/ec/build/zephyr/wugtrio/modules/ec/common/memory_commands.c.obj
[wugtrio:ro] [45/384] Building C object CMakeFiles/app.dir/mnt/host/source/src/platform/ec/build/zephyr/wugtrio/modules/ec/common/chipset.c.obj
[wugtrio:ro] [46/384] Building C object CMakeFiles/app.dir/mnt/host/source/src/platform/ec/build/zephyr/wugtrio/modules/ec/common/ap_reset_log.c.obj
[wugtrio:ro] [47/384] Building C object CMakeFiles/app.dir/mnt/host/source/src/platform/ec/build/zephyr/wugtrio/modules/ec/common/extpower_gpio.c.obj
[wugtrio:ro] [48/384] Building C object CMakeFiles/app.dir/mnt/host/source/src/platform/ec/build/zephyr/wugtrio/modules/ec/common/extpower_common.c.obj
[uldrenite-ish:singleimage] -- Board: intel_ish_5_4_1, qualifiers: intel_ish_5_4_1
[wugtrio:ro] [49/384] Building C object CMakeFiles/app.dir/mnt/host/source/src/platform/ec/build/zephyr/wugtrio/modules/ec/common/host_event_commands.c.obj
[wugtrio:ro] [50/384] Building C object CMakeFiles/app.dir/mnt/host/source/src/platform/ec/build/zephyr/wugtrio/modules/ec/common/host_command.c.obj
[wugtrio:ro] [51/384] Building C object CMakeFiles/app.dir/mnt/host/source/src/platform/ec/build/zephyr/wugtrio/modules/ec/common/flash.c.obj
[wugtrio:ro] [52/384] Building C object CMakeFiles/app.dir/mnt/host/source/src/platform/ec/build/zephyr/wugtrio/modules/ec/common/uart_hostcmd.c.obj
[wugtrio:ro] [53/384] Building C object CMakeFiles/app.dir/mnt/host/source/src/platform/ec/build/zephyr/wugtrio/modules/ec/common/uptime.c.obj
[jubilant:rw] -- Board: it8xxx2, qualifiers: it82002aw
[wugtrio:ro] [54/384] Building C object CMakeFiles/app.dir/mnt/host/source/src/platform/ec/build/zephyr/wugtrio/modules/ec/common/host_command_task.c.obj
[/mnt/host/source/src/platform/ec/build/zephyr/epic-lcov]   /mnt/host/source/src/platform/ec/build/zephyr/epic/build-rw/modules/ec/zephyr/CMakeFiles/ec_shim.dir/shim/src/usba.c.gcno:no functions found
[/mnt/host/source/src/platform/ec/build/zephyr/epic-lcov] stderr:
[bloonchipper:rw] -- Board: google_dragonclaw, qualifiers: stm32f412cx
[wugtrio:ro] [55/384] Building C object CMakeFiles/app.dir/mnt/host/source/src/platform/ec/build/zephyr/wugtrio/modules/ec/common/i2c_controller.c.obj
[wugtrio:ro] [56/384] Building C object CMakeFiles/app.dir/mnt/host/source/src/platform/ec/build/zephyr/wugtrio/modules/ec/common/i2c_passthru.c.obj
[wugtrio:ro] [57/384] Building C object CMakeFiles/app.dir/mnt/host/source/src/platform/ec/build/zephyr/wugtrio/modules/ec/common/virtual_battery.c.obj
[wugtrio:ro] [58/384] Building C object CMakeFiles/app.dir/mnt/host/source/src/platform/ec/build/zephyr/wugtrio/modules/ec/common/mkbp_fifo.c.obj
[wugtrio:ro] [59/384] Building C object CMakeFiles/app.dir/mnt/host/source/src/platform/ec/build/zephyr/wugtrio/modules/ec/common/keyboard_scan.c.obj
[wugtrio:ro] [60/384] Building C object CMakeFiles/app.dir/mnt/host/source/src/platform/ec/build/zephyr/wugtrio/modules/ec/common/keyboard_mkbp.c.obj
[wugtrio:ro] [61/384] Building C object CMakeFiles/app.dir/mnt/host/source/src/platform/ec/build/zephyr/wugtrio/modules/ec/common/mkbp_info.c.obj
[wugtrio:ro] [62/384] Building C object CMakeFiles/app.dir/mnt/host/source/src/platform/ec/build/zephyr/wugtrio/modules/ec/common/mkbp_input_devices.c.obj
[wugtrio:ro] [63/384] Building C object CMakeFiles/app.dir/mnt/host/source/src/platform/ec/build/zephyr/wugtrio/modules/ec/common/led_common.c.obj
[wugtrio:ro] [64/384] Building C object CMakeFiles/app.dir/mnt/host/source/src/platform/ec/build/zephyr/wugtrio/modules/ec/common/lid_switch.c.obj
[wugtrio:ro] [65/384] Building C object CMakeFiles/app.dir/mnt/host/source/src/platform/ec/build/zephyr/wugtrio/modules/ec/common/mkbp_event.c.obj
[wugtrio:ro] [66/384] Building C object CMakeFiles/app.dir/mnt/host/source/src/platform/ec/build/zephyr/wugtrio/modules/ec/common/power_button.c.obj
[wugtrio:ro] [67/384] Building C object CMakeFiles/app.dir/mnt/host/source/src/platform/ec/build/zephyr/wugtrio/modules/ec/common/motion_sense.c.obj
[wugtrio:ro] [68/384] Building C object CMakeFiles/app.dir/mnt/host/source/src/platform/ec/build/zephyr/wugtrio/modules/ec/power/common.c.obj
[wugtrio:ro] [69/384] Building C object CMakeFiles/app.dir/mnt/host/source/src/platform/ec/build/zephyr/wugtrio/modules/ec/power/host_sleep.c.obj
[wugtrio:ro] [70/384] Building C object CMakeFiles/app.dir/mnt/host/source/src/platform/ec/build/zephyr/wugtrio/modules/ec/common/shared_mem.c.obj
[wugtrio:ro] [71/384] Building C object CMakeFiles/app.dir/mnt/host/source/src/platform/ec/build/zephyr/wugtrio/modules/ec/driver/sha256/sha256_it8xxx2.c.obj
[wugtrio:ro] [72/384] Building C object CMakeFiles/app.dir/mnt/host/source/src/platform/ec/build/zephyr/wugtrio/modules/ec/common/panic_output.c.obj
[wugtrio:ro] [73/384] Building C object CMakeFiles/app.dir/mnt/host/source/src/platform/ec/build/zephyr/wugtrio/modules/ec/common/switch.c.obj
[uldrenite-ish:singleimage] -- Found Dtc: /usr/bin/dtc (found suitable version "1.6.0", minimum required is "1.4.6")
[uldrenite-ish:singleimage] -- Found BOARD.dts: /mnt/host/source/src/third_party/zephyr/main/boards/intel/ish/intel_ish_5_4_1.dts
[wugtrio:ro] [74/384] Building C object CMakeFiles/app.dir/mnt/host/source/src/platform/ec/build/zephyr/wugtrio/modules/ec/power/mt8186.c.obj
[wugtrio:ro] [75/384] Building C object CMakeFiles/app.dir/mnt/host/source/src/platform/ec/build/zephyr/wugtrio/modules/ec/driver/stm_mems_common.c.obj
[wugtrio:ro] [76/384] Building C object CMakeFiles/app.dir/mnt/host/source/src/platform/ec/build/zephyr/wugtrio/modules/ec/common/tablet_mode.c.obj
[jubilant:rw] -- Found Dtc: /usr/bin/dtc (found suitable version "1.6.0", minimum required is "1.4.6")
[jubilant:rw] -- Found BOARD.dts: /mnt/host/source/src/platform/ec/zephyr/boards/google/it8xxx2/it8xxx2_it82002aw.dts
[jubilant:rw] -- Found devicetree overlay: /mnt/host/source/src/platform/ec/zephyr/program/brox/jubilant/project.overlay
[bloonchipper:rw] -- Found Dtc: /usr/bin/dtc (found suitable version "1.6.0", minimum required is "1.4.6")
[bloonchipper:rw] -- Found BOARD.dts: /mnt/host/source/src/third_party/zephyr/main/boards/google/dragonclaw/google_dragonclaw.dts
[bloonchipper:rw] -- Found devicetree overlay: /mnt/host/source/src/platform/ec/zephyr/program/fpmcu/bloonchipper/bloonchipper.dts
[bloonchipper:rw] -- Found devicetree overlay: /mnt/host/source/src/platform/ec/zephyr/program/fpmcu/bloonchipper/ec_quirks.dts
[wugtrio:ro] [77/384] Building C object CMakeFiles/app.dir/mnt/host/source/src/platform/ec/build/zephyr/wugtrio/modules/ec/common/thermal.c.obj
[wugtrio:ro] [78/384] Building C object CMakeFiles/app.dir/mnt/host/source/src/platform/ec/build/zephyr/wugtrio/modules/ec/driver/temp_sensor/thermistor.c.obj
[wugtrio:ro] [79/384] Building C object CMakeFiles/app.dir/mnt/host/source/src/platform/ec/build/zephyr/wugtrio/modules/ec/common/temp_sensor.c.obj
[uldrenite-ish:singleimage] -- Found devicetree overlay: /mnt/host/source/src/platform/ec/zephyr/program/trulo/uldrenite-ish/project.overlay
[uldrenite-ish:singleimage] -- Generated zephyr.dts: /mnt/host/source/src/platform/ec/build/zephyr/uldrenite-ish/build-singleimage/zephyr/zephyr.dts
[wugtrio:ro] [80/384] Building C object CMakeFiles/app.dir/mnt/host/source/src/platform/ec/build/zephyr/wugtrio/modules/ec/common/timer.c.obj
[wugtrio:ro] [81/384] Building C object CMakeFiles/app.dir/mnt/host/source/src/platform/ec/build/zephyr/wugtrio/modules/ec/common/typec_control.c.obj
[wugtrio:ro] [82/384] Building C object CMakeFiles/app.dir/mnt/host/source/src/platform/ec/build/zephyr/wugtrio/modules/ec/common/usb_port_power_dumb.c.obj
[wugtrio:ro] [83/384] Building C object CMakeFiles/app.dir/mnt/host/source/src/platform/ec/build/zephyr/wugtrio/modules/ec/common/usb_pd_pdo.c.obj
[wugtrio:ro] [84/384] Building C object CMakeFiles/app.dir/mnt/host/source/src/platform/ec/build/zephyr/wugtrio/modules/ec/common/usbc/usb_pd_timer.c.obj
[uldrenite-ish:singleimage] -- Generated pickled edt: /mnt/host/source/src/platform/ec/build/zephyr/uldrenite-ish/build-singleimage/zephyr/edt.pickle
[uldrenite-ish:singleimage] -- Generated devicetree_generated.h: /mnt/host/source/src/platform/ec/build/zephyr/uldrenite-ish/build-singleimage/zephyr/include/generated/zephyr/devicetree_generated.h
[wugtrio:ro] [85/384] Building C object CMakeFiles/app.dir/mnt/host/source/src/platform/ec/build/zephyr/wugtrio/modules/ec/common/usb_common.c.obj
[wugtrio:ro] [86/384] Building C object CMakeFiles/app.dir/mnt/host/source/src/platform/ec/build/zephyr/wugtrio/modules/ec/common/usbc/usbc_task.c.obj
[wugtrio:ro] [87/384] Building C object CMakeFiles/app.dir/mnt/host/source/src/platform/ec/build/zephyr/wugtrio/modules/ec/common/usbc/usb_sm.c.obj
[wugtrio:ro] [88/384] Building C object CMakeFiles/app.dir/mnt/host/source/src/platform/ec/build/zephyr/wugtrio/modules/ec/common/usb_pd_flags.c.obj
[wugtrio:ro] [89/384] Building C object CMakeFiles/app.dir/mnt/host/source/src/platform/ec/build/zephyr/wugtrio/modules/ec/common/usbc_utils.c.obj
[wugtrio:ro] [90/384] Building C object CMakeFiles/app.dir/mnt/host/source/src/platform/ec/build/zephyr/wugtrio/modules/ec/common/usbc_intr_task.c.obj
[wugtrio:ro] [91/384] Building C object CMakeFiles/app.dir/mnt/host/source/src/platform/ec/build/zephyr/wugtrio/modules/ec/common/chargen.c.obj
[/mnt/host/source/src/platform/ec/build/zephyr/epic-lcov]   /mnt/host/source/src/platform/ec/build/zephyr/epic/build-rw/modules/ec/zephyr/CMakeFiles/ec_shim.dir/shim/src/bc12.c.gcno:no functions found
[/mnt/host/source/src/platform/ec/build/zephyr/epic-lcov] stderr:
[wugtrio:ro] [92/384] Building C object CMakeFiles/app.dir/mnt/host/source/src/platform/ec/build/zephyr/wugtrio/modules/ec/common/usbc/usb_pd_console.c.obj
[wugtrio:ro] [93/384] Building C object CMakeFiles/app.dir/mnt/host/source/src/platform/ec/build/zephyr/wugtrio/modules/ec/driver/usb_mux/ps8743.c.obj
[bloonchipper:rw] -- Generated zephyr.dts: /mnt/host/source/src/platform/ec/build/zephyr/bloonchipper/build-rw/zephyr/zephyr.dts
[wugtrio:ro] [94/384] Building C object CMakeFiles/app.dir/mnt/host/source/src/platform/ec/build/zephyr/wugtrio/modules/ec/driver/usb_mux/usb_mux.c.obj
[wugtrio:ro] [95/384] Building C object CMakeFiles/app.dir/mnt/host/source/src/platform/ec/build/zephyr/wugtrio/modules/ec/driver/usb_mux/virtual.c.obj
[wugtrio:ro] [96/384] Building C object CMakeFiles/app.dir/mnt/host/source/src/platform/ec/build/zephyr/wugtrio/modules/ec/common/event_log.c.obj
[wugtrio:ro] [97/384] Building C object CMakeFiles/app.dir/mnt/host/source/src/platform/ec/build/zephyr/wugtrio/modules/ec/common/dps.c.obj
[wugtrio:ro] [98/384] Building C object CMakeFiles/app.dir/mnt/host/source/src/platform/ec/build/zephyr/wugtrio/modules/ec/common/pd_log.c.obj
[bloonchipper:rw] -- Generated pickled edt: /mnt/host/source/src/platform/ec/build/zephyr/bloonchipper/build-rw/zephyr/edt.pickle
[bloonchipper:rw] -- Generated devicetree_generated.h: /mnt/host/source/src/platform/ec/build/zephyr/bloonchipper/build-rw/zephyr/include/generated/zephyr/devicetree_generated.h
[jubilant:rw] -- Generated zephyr.dts: /mnt/host/source/src/platform/ec/build/zephyr/jubilant/build-rw/zephyr/zephyr.dts
[jubilant:rw] -- Generated pickled edt: /mnt/host/source/src/platform/ec/build/zephyr/jubilant/build-rw/zephyr/edt.pickle
[wugtrio:ro] [99/384] Building C object CMakeFiles/app.dir/mnt/host/source/src/platform/ec/build/zephyr/wugtrio/modules/ec/common/usbc/usb_tc_drp_acc_trysrc_sm.c.obj
[wugtrio:ro] [100/384] Building C object CMakeFiles/app.dir/mnt/host/source/src/platform/ec/build/zephyr/wugtrio/modules/ec/common/usbc/usbc_pd_policy.c.obj
[wugtrio:ro] [101/384] Building C object CMakeFiles/app.dir/mnt/host/source/src/platform/ec/build/zephyr/wugtrio/modules/ec/common/usbc/usb_prl_sm.c.obj
[wugtrio:ro] [102/384] Building C object CMakeFiles/app.dir/mnt/host/source/src/platform/ec/build/zephyr/wugtrio/modules/ec/common/usbc/usb_pd_dpm.c.obj
[wugtrio:ro] [103/384] Building C object CMakeFiles/app.dir/mnt/host/source/src/platform/ec/build/zephyr/wugtrio/modules/ec/common/usbc/dp_alt_mode.c.obj
[wugtrio:ro] [104/384] Building C object CMakeFiles/app.dir/mnt/host/source/src/platform/ec/build/zephyr/wugtrio/modules/ec/common/usb_pd_console_cmd.c.obj
[jubilant:rw] -- Generated devicetree_generated.h: /mnt/host/source/src/platform/ec/build/zephyr/jubilant/build-rw/zephyr/include/generated/zephyr/devicetree_generated.h
[wugtrio:ro] [105/384] Building C object CMakeFiles/app.dir/mnt/host/source/src/platform/ec/build/zephyr/wugtrio/modules/ec/common/usbc/usb_pd_host.c.obj
[wugtrio:ro] [106/384] Building C object CMakeFiles/app.dir/mnt/host/source/src/platform/ec/build/zephyr/wugtrio/modules/ec/common/usb_pd_host_cmd.c.obj
[wugtrio:ro] [107/384] Building C object CMakeFiles/app.dir/mnt/host/source/src/platform/ec/build/zephyr/wugtrio/modules/ec/zephyr/shim/src/tcpc.c.obj
[wugtrio:ro] [108/384] Building C object CMakeFiles/app.dir/mnt/host/source/src/platform/ec/build/zephyr/wugtrio/modules/ec/common/usbc/usb_pe_drp_sm.c.obj
[wugtrio:ro] [109/384] Building C object CMakeFiles/app.dir/mnt/host/source/src/platform/ec/build/zephyr/wugtrio/modules/ec/common/usb_pd_host_cmd_common.c.obj
[/mnt/host/source/src/platform/ec/build/zephyr/quenbi-lcov]   /mnt/host/source/src/platform/ec/build/zephyr/quenbi/build-ro/zephyr/CMakeFiles/zephyr.dir/soc/nuvoton/npcx/common/npcxn/registers.c.gcno:no functions found
[/mnt/host/source/src/platform/ec/build/zephyr/quenbi-lcov] stderr:
[wugtrio:ro] [110/384] Building C object CMakeFiles/app.dir/mnt/host/source/src/platform/ec/build/zephyr/wugtrio/modules/ec/common/usbc/svdm_rsp_dfp_only.c.obj
[wugtrio:ro] [111/384] Building C object CMakeFiles/app.dir/mnt/host/source/src/platform/ec/build/zephyr/wugtrio/modules/ec/common/usbc_ocp.c.obj
[wugtrio:ro] [112/384] Building C object CMakeFiles/app.dir/mnt/host/source/src/platform/ec/build/zephyr/wugtrio/modules/ec/common/usb_pd_dual_role.c.obj
[wugtrio:ro] [113/384] Building C object CMakeFiles/app.dir/mnt/host/source/src/platform/ec/build/zephyr/wugtrio/modules/ec/common/usbc/dp_hpd_gpio.c.obj
[bloonchipper:rw] /mnt/host/source/src/platform/ec/build/zephyr/bloonchipper/build-rw/zephyr/zephyr.dts:1293.32-1295.5: Warning (simple_bus_reg): /soc/cros-flash: missing or empty reg/ranges property
[wugtrio:ro] [114/384] Building C object CMakeFiles/app.dir/mnt/host/source/src/platform/ec/build/zephyr/wugtrio/modules/ec/common/usb_pd_discovery.c.obj
[wugtrio:ro] [115/384] Building C object CMakeFiles/app.dir/mnt/host/source/src/platform/ec/build/zephyr/wugtrio/modules/ec/driver/tcpm/ite_pd_intc.c.obj
[wugtrio:ro] [116/384] Building C object CMakeFiles/app.dir/mnt/host/source/src/platform/ec/build/zephyr/wugtrio/modules/ec/driver/tcpm/tcpci.c.obj
[wugtrio:ro] [117/384] Building C object CMakeFiles/app.dir/mnt/host/source/src/platform/ec/build/zephyr/wugtrio/modules/ec/driver/ppc/syv682x.c.obj
[wugtrio:ro] [118/384] Building C object CMakeFiles/app.dir/mnt/host/source/src/platform/ec/build/zephyr/wugtrio/modules/ec/common/vboot_hash.c.obj
[wugtrio:ro] [119/384] Building C object CMakeFiles/app.dir/mnt/host/source/src/platform/ec/build/zephyr/wugtrio/modules/ec/common/usbc_ppc.c.obj
[wugtrio:ro] [120/384] Building C object CMakeFiles/app.dir/mnt/host/source/src/platform/ec/build/zephyr/wugtrio/modules/ec/driver/tcpm/it8xxx2.c.obj
[jubilant:rw] /mnt/host/source/src/platform/ec/build/zephyr/jubilant/build-rw/zephyr/zephyr.dts:1352.27-2076.5: Warning (avoid_unnecessary_addr_size): /soc/pin-controller: unnecessary #address-cells/#size-cells without "ranges" or child "reg" property
[wugtrio:ro] [121/384] Building C object CMakeFiles/app.dir/mnt/host/source/src/platform/ec/build/zephyr/wugtrio/modules/ec/common/button.c.obj
[wugtrio:ro] [122/384] Building C object CMakeFiles/app.dir/mnt/host/source/src/platform/ec/build/zephyr/wugtrio/modules/ec/common/math_util.c.obj
[wugtrio:ro] [123/384] Building C object CMakeFiles/app.dir/mnt/host/source/src/platform/ec/build/zephyr/wugtrio/modules/ec/common/vstore.c.obj
[wugtrio:ro] [124/384] Building C object CMakeFiles/app.dir/mnt/host/source/src/platform/ec/build/zephyr/wugtrio/modules/ec/common/vboot/efs2.c.obj
[wugtrio:ro] [125/384] Building C object CMakeFiles/app.dir/src/hibernate.c.obj
[wugtrio:ro] [126/384] Building C object CMakeFiles/app.dir/src/board.c.obj
[wugtrio:ro] [127/384] Building C object CMakeFiles/app.dir/src/board_chipset.c.obj
[wugtrio:ro] [128/384] Building C object CMakeFiles/app.dir/src/usbc.c.obj
[wugtrio:ro] [129/384] Building C object CMakeFiles/app.dir/src/usb_pd_policy.c.obj
[wugtrio:ro] [130/384] Building C object CMakeFiles/app.dir/src/variant_db_detection.c.obj
[wugtrio:ro] [131/384] Building C object CMakeFiles/app.dir/src/ite_hooks.c.obj
[wugtrio:ro] [132/384] Building C object CMakeFiles/app.dir/src/ite_i2c.c.obj
[wugtrio:ro] [133/384] Building C object CMakeFiles/app.dir/src/ite_usb_pd_policy.c.obj
[wugtrio:ro] [134/384] Building C object zephyr/CMakeFiles/zephyr.dir/lib/libc/validate_libc.c.obj
[wugtrio:ro] [135/384] Building C object CMakeFiles/app.dir/src/ite_usbc.c.obj
[wugtrio:ro] [136/384] Building C object CMakeFiles/app.dir/wugtrio/src/ppc.c.obj
[wugtrio:ro] [137/384] Building C object CMakeFiles/app.dir/wugtrio/src/alt_motionsense.c.obj
[wugtrio:ro] [138/384] Building C object CMakeFiles/app.dir/wugtrio/src/base_detect.c.obj
[/mnt/host/source/src/platform/ec/build/zephyr/quenbi-lcov]   /mnt/host/source/src/platform/ec/build/zephyr/quenbi/build-ro/zephyr/drivers/sensor/CMakeFiles/drivers__sensor.dir/mnt/host/source/src/third_party/zephyr/main/misc/empty_file.c.gcno:no functions found
[/mnt/host/source/src/platform/ec/build/zephyr/quenbi-lcov] stderr:
[wugtrio:ro] [139/384] Building C object zephyr/CMakeFiles/zephyr.dir/lib/os/cbprintf_packaged.c.obj
[wugtrio:ro] [140/384] Building C object zephyr/CMakeFiles/zephyr.dir/lib/heap/heap.c.obj
[wugtrio:ro] [141/384] Building C object zephyr/CMakeFiles/zephyr.dir/lib/os/printk.c.obj
[wugtrio:ro] [142/384] Building C object CMakeFiles/app.dir/wugtrio/src/thermal.c.obj
[wugtrio:ro] [143/384] Building C object zephyr/CMakeFiles/zephyr.dir/lib/os/clock.c.obj
[uldrenite-ish:singleimage] Parsing /mnt/host/source/src/platform/ec/zephyr/program/trulo/Kconfig
[wugtrio:ro] [144/384] Building C object zephyr/CMakeFiles/zephyr.dir/lib/utils/dec.c.obj
[wugtrio:ro] [145/384] Building C object zephyr/CMakeFiles/zephyr.dir/lib/utils/hex.c.obj
[wugtrio:ro] [146/384] Linking C static library app/libapp.a
[wugtrio:ro] [147/384] Building C object zephyr/CMakeFiles/zephyr.dir/lib/utils/timeutil.c.obj
[wugtrio:ro] [148/384] Building C object zephyr/CMakeFiles/zephyr.dir/lib/os/sem.c.obj
[wugtrio:ro] [149/384] Building C object zephyr/CMakeFiles/zephyr.dir/lib/utils/bitmask.c.obj
[wugtrio:ro] [150/384] Building C object zephyr/CMakeFiles/zephyr.dir/lib/utils/last_section_id.c.obj
[wugtrio:ro] [151/384] Building C object zephyr/CMakeFiles/zephyr.dir/lib/os/cbprintf.c.obj
[wugtrio:ro] [152/384] Building C object zephyr/CMakeFiles/zephyr.dir/lib/os/cbprintf_nano.c.obj
[wugtrio:ro] [153/384] Building C object zephyr/CMakeFiles/zephyr.dir/lib/utils/rb.c.obj
[wugtrio:ro] [154/384] Building C object zephyr/CMakeFiles/zephyr.dir/lib/utils/ring_buffer.c.obj
[wugtrio:ro] [155/384] Building C object zephyr/CMakeFiles/zephyr.dir/lib/os/thread_entry.c.obj
[wugtrio:ro] [156/384] Building C object zephyr/CMakeFiles/zephyr.dir/lib/os/assert.c.obj
[wugtrio:ro] [157/384] Building C object zephyr/CMakeFiles/zephyr.dir/misc/generated/configs.c.obj
[wugtrio:ro] [158/384] Building C object zephyr/CMakeFiles/zephyr.dir/lib/utils/bitarray.c.obj
[wugtrio:ro] [159/384] Building ASM object zephyr/CMakeFiles/zephyr.dir/soc/ite/ec/common/soc_irq.S.obj
[wugtrio:ro] [160/384] Building ASM object zephyr/CMakeFiles/zephyr.dir/soc/ite/ec/it8xxx2/__arithmetic.S.obj
[wugtrio:ro] [161/384] Building C object zephyr/CMakeFiles/zephyr.dir/lib/utils/getopt/getopt.c.obj
[uldrenite-ish:singleimage] warning: Deprecated symbol I2C_ALLOW_NO_STOP_TRANSACTIONS is enabled.
[uldrenite-ish:singleimage] INFOSetting TOOLCHAIN_HAS_PICOLIBC to support full build.
[uldrenite-ish:singleimage] INFOSetting TOOLCHAIN_HAS_NEWLIB to support full build.
[wugtrio:ro] [162/384] Building C object zephyr/CMakeFiles/zephyr.dir/lib/utils/getopt/getopt_common.c.obj
[wugtrio:ro] [163/384] Building ASM object zephyr/CMakeFiles/zephyr.dir/soc/ite/ec/it8xxx2/vector.S.obj
[uldrenite-ish:singleimage] Loaded configuration '/mnt/host/source/src/third_party/zephyr/main/boards/intel/ish/intel_ish_5_4_1_defconfig'
[uldrenite-ish:singleimage] Merged configuration '/mnt/host/source/src/platform/ec/zephyr/program/trulo/uldrenite-ish/project.conf'
[uldrenite-ish:singleimage] Merged configuration '/mnt/host/source/src/platform/ec/zephyr/program/trulo/dsp_comms.conf'
[uldrenite-ish:singleimage] Merged configuration '/mnt/host/source/src/platform/ec/build/zephyr/uldrenite-ish/kconfig-singleimage.conf'
[uldrenite-ish:singleimage] Configuration saved to '/mnt/host/source/src/platform/ec/build/zephyr/uldrenite-ish/build-singleimage/zephyr/.config'
[uldrenite-ish:singleimage] Kconfig header saved to '/mnt/host/source/src/platform/ec/build/zephyr/uldrenite-ish/build-singleimage/zephyr/include/generated/zephyr/autoconf.h'
[uldrenite-ish:singleimage] -- Found GnuLd: /home/jpmurphy/.cache/coreboot-sdk/i386-elf/dfbb0486385d938cfa9d73080b9d18d598ed4f49/i386-elf/bin/ld.bfd (found version "2.43.1")
[wugtrio:ro] [164/384] Building C object zephyr/CMakeFiles/zephyr.dir/soc/ite/ec/common/soc_common_irq.c.obj
[wugtrio:ro] [165/384] Building C object zephyr/CMakeFiles/zephyr.dir/soc/ite/ec/common/policy.c.obj
[wugtrio:ro] [166/384] Building C object zephyr/CMakeFiles/zephyr.dir/soc/ite/ec/it8xxx2/soc.c.obj
[uldrenite-ish:singleimage] -- The C compiler identification is GNU 14.2.0
[wugtrio:ro] [167/384] Building C object zephyr/CMakeFiles/zephyr.dir/soc/ite/ec/it8xxx2/check_regs.c.obj
[wugtrio:ro] [168/384] Building C object zephyr/CMakeFiles/zephyr.dir/soc/ite/ec/common/power.c.obj
[wugtrio:ro] [169/384] Building C object zephyr/CMakeFiles/zephyr.dir/subsys/logging/log_minimal.c.obj
[wugtrio:ro] [170/384] Building C object zephyr/CMakeFiles/zephyr.dir/subsys/pm/state.c.obj
[uldrenite-ish:singleimage] -- The CXX compiler identification is GNU 14.2.0
[wugtrio:ro] [171/384] Building C object zephyr/CMakeFiles/zephyr.dir/soc/ite/ec/it8xxx2/ilm.c.obj
[uldrenite-ish:singleimage] -- The ASM compiler identification is GNU
[uldrenite-ish:singleimage] -- Found assembler: /home/jpmurphy/.cache/coreboot-sdk/i386-elf/dfbb0486385d938cfa9d73080b9d18d598ed4f49/bin/i386-elf-gcc
[uldrenite-ish:singleimage] CMake Warning at /mnt/host/source/src/platform/ec/zephyr/cmake/linker/ld/linker_libraries.cmake:11 (message):
[uldrenite-ish:singleimage]   Disabling c_library
[jubilant:rw] /mnt/host/source/src/platform/ec/build/zephyr/jubilant/build-rw/zephyr/zephyr.dts:3570.9-3578.5: Warning (gpios_property): /fans/fan_0: Missing property '#gpio-cells' in node /named-gpios/en_pp5000_fan or bad phandle (referred from enable-gpio[0])
[jubilant:rw] warning: PLATFORM_EC_SENSOR_EC_RATE_FORCE_MODE (defined at
[jubilant:rw] /mnt/host/source/src/platform/ec/zephyr/Kconfig.motionsense:21) was assigned the value 'y' but got
[jubilant:rw] the value 'n'. Check these unsatisfied dependencies: PLATFORM_EC_MOTIONSENSE (=n). See
[jubilant:rw] http://docs.zephyrproject.org/latest/kconfig.html#CONFIG_PLATFORM_EC_SENSOR_EC_RATE_FORCE_MODE
[jubilant:rw] and/or look up PLATFORM_EC_SENSOR_EC_RATE_FORCE_MODE in the menuconfig/guiconfig interface. The
[jubilant:rw] Application Development Primer, Setting Configuration Values, and Kconfig - Tips and Best Practices
[jubilant:rw] sections of the manual might be helpful too.
[jubilant:rw] warning: PLATFORM_EC_ACCEL_FIFO (defined at
[jubilant:rw] /mnt/host/source/src/platform/ec/zephyr/Kconfig.motionsense:46) was assigned the value 'y' but got
[jubilant:rw] the value 'n'. Check these unsatisfied dependencies: PLATFORM_EC_MOTIONSENSE (=n). See
[jubilant:rw] http://docs.zephyrproject.org/latest/kconfig.html#CONFIG_PLATFORM_EC_ACCEL_FIFO and/or look up
[jubilant:rw] PLATFORM_EC_ACCEL_FIFO in the menuconfig/guiconfig interface. The Application Development Primer,
[jubilant:rw] Setting Configuration Values, and Kconfig - Tips and Best Practices sections of the manual might be
[jubilant:rw] helpful too.
[wugtrio:ro] [172/384] Building C object zephyr/CMakeFiles/zephyr.dir/subsys/pm/policy/policy_latency.c.obj
[jubilant:rw] warning: PLATFORM_EC_SENSOR_TIGHT_TIMESTAMPS (defined at
[jubilant:rw] /mnt/host/source/src/platform/ec/zephyr/Kconfig.motionsense:69) was assigned the value 'y' but got
[jubilant:rw] the value 'n'. Check these unsatisfied dependencies: PLATFORM_EC_MOTIONSENSE (=n). See
[jubilant:rw] http://docs.zephyrproject.org/latest/kconfig.html#CONFIG_PLATFORM_EC_SENSOR_TIGHT_TIMESTAMPS and/or
[jubilant:rw] look up PLATFORM_EC_SENSOR_TIGHT_TIMESTAMPS in the menuconfig/guiconfig interface. The Application
[jubilant:rw] Development Primer, Setting Configuration Values, and Kconfig - Tips and Best Practices sections of
[jubilant:rw] the manual might be helpful too.
[jubilant:rw] warning: PLATFORM_EC_DYNAMIC_MOTION_SENSOR_COUNT (defined at
[jubilant:rw] /mnt/host/source/src/platform/ec/zephyr/Kconfig.motionsense:111) was assigned the value 'y' but got
[jubilant:rw] the value 'n'. Check these unsatisfied dependencies: PLATFORM_EC_MOTIONSENSE (=n). See
[jubilant:rw] http://docs.zephyrproject.org/latest/kconfig.html#CONFIG_PLATFORM_EC_DYNAMIC_MOTION_SENSOR_COUNT
[jubilant:rw] and/or look up PLATFORM_EC_DYNAMIC_MOTION_SENSOR_COUNT in the menuconfig/guiconfig interface. The
[jubilant:rw] Application Development Primer, Setting Configuration Values, and Kconfig - Tips and Best Practices
[jubilant:rw] sections of the manual might be helpful too.
[jubilant:rw] warning: PLATFORM_EC_LID_ANGLE (defined at
[jubilant:rw] /mnt/host/source/src/platform/ec/zephyr/Kconfig.motionsense:116) was assigned the value 'y' but got
[jubilant:rw] the value 'n'. Check these unsatisfied dependencies: PLATFORM_EC_MOTIONSENSE (=n). See
[jubilant:rw] http://docs.zephyrproject.org/latest/kconfig.html#CONFIG_PLATFORM_EC_LID_ANGLE and/or look up
[jubilant:rw] PLATFORM_EC_LID_ANGLE in the menuconfig/guiconfig interface. The Application Development Primer,
[jubilant:rw] Setting Configuration Values, and Kconfig - Tips and Best Practices sections of the manual might be
[jubilant:rw] helpful too.
[jubilant:rw] warning: PLATFORM_EC_LID_ANGLE_UPDATE (defined at
[jubilant:rw] /mnt/host/source/src/platform/ec/zephyr/Kconfig.motionsense:127) was assigned the value 'y' but got
[jubilant:rw] the value 'n'. Check these unsatisfied dependencies: PLATFORM_EC_LID_ANGLE (=n),
[jubilant:rw] PLATFORM_EC_MOTIONSENSE (=n). See
[jubilant:rw] http://docs.zephyrproject.org/latest/kconfig.html#CONFIG_PLATFORM_EC_LID_ANGLE_UPDATE and/or look up
[jubilant:rw] PLATFORM_EC_LID_ANGLE_UPDATE in the menuconfig/guiconfig interface. The Application Development
[jubilant:rw] Primer, Setting Configuration Values, and Kconfig - Tips and Best Practices sections of the manual
[jubilant:rw] might be helpful too.
[jubilant:rw] warning: PLATFORM_EC_CONSOLE_CMD_ACCELS (defined at
[jubilant:rw] /mnt/host/source/src/platform/ec/zephyr/Kconfig.motionsense:143) was assigned the value 'y' but got
[jubilant:rw] the value 'n'. Check these unsatisfied dependencies: PLATFORM_EC_MOTIONSENSE (=n). See
[jubilant:rw] http://docs.zephyrproject.org/latest/kconfig.html#CONFIG_PLATFORM_EC_CONSOLE_CMD_ACCELS and/or look
[jubilant:rw] up PLATFORM_EC_CONSOLE_CMD_ACCELS in the menuconfig/guiconfig interface. The Application Development
[jubilant:rw] Primer, Setting Configuration Values, and Kconfig - Tips and Best Practices sections of the manual
[jubilant:rw] might be helpful too.
[jubilant:rw] warning: PLATFORM_EC_CONSOLE_CMD_ACCEL_INFO (defined at
[jubilant:rw] /mnt/host/source/src/platform/ec/zephyr/Kconfig.motionsense:159) was assigned the value 'y' but got
[jubilant:rw] the value 'n'. Check these unsatisfied dependencies: PLATFORM_EC_CONSOLE_CMD_ACCELS (=n),
[jubilant:rw] PLATFORM_EC_MOTIONSENSE (=n). See
[jubilant:rw] http://docs.zephyrproject.org/latest/kconfig.html#CONFIG_PLATFORM_EC_CONSOLE_CMD_ACCEL_INFO and/or
[jubilant:rw] look up PLATFORM_EC_CONSOLE_CMD_ACCEL_INFO in the menuconfig/guiconfig interface. The Application
[jubilant:rw] Development Primer, Setting Configuration Values, and Kconfig - Tips and Best Practices sections of
[jubilant:rw] the manual might be helpful too.
[jubilant:rw] warning: Deprecated symbol I2C_ALLOW_NO_STOP_TRANSACTIONS is enabled.
[wugtrio:ro] [173/384] Building C object zephyr/CMakeFiles/zephyr.dir/subsys/pm/pm.c.obj
[bloonchipper:rw] Parsing /mnt/host/source/src/platform/ec/zephyr/program/fpmcu/Kconfig
[wugtrio:ro] [174/384] Building C object zephyr/CMakeFiles/zephyr.dir/subsys/pm/policy/policy_events.c.obj
[wugtrio:ro] [175/384] Building C object zephyr/CMakeFiles/zephyr.dir/subsys/pm/policy/policy_state_lock.c.obj
[wugtrio:ro] [176/384] Building C object zephyr/CMakeFiles/zephyr.dir/subsys/pm/device_system_managed.c.obj
[wugtrio:ro] [177/384] Building C object zephyr/CMakeFiles/zephyr.dir/subsys/tracing/tracing_none.c.obj
[wugtrio:ro] [178/384] Building C object zephyr/CMakeFiles/zephyr.dir/subsys/pm/device.c.obj
[wugtrio:ro] [179/384] Building C object zephyr/CMakeFiles/zephyr.dir/subsys/testsuite/coverage/coverage.c.obj
[uldrenite-ish:singleimage] -- Performing EC specific devicetree checks
[wugtrio:ro] [180/384] Building C object zephyr/CMakeFiles/zephyr.dir/subsys/shell/modules/kernel_service/sleep.c.obj
[uldrenite-ish:singleimage] Call Stack (most recent call first):
[uldrenite-ish:singleimage]   /mnt/host/source/src/third_party/zephyr/main/cmake/target_toolchain_flags.cmake:48 (include)
[uldrenite-ish:singleimage]   /mnt/host/source/src/third_party/zephyr/main/cmake/modules/kernel.cmake:153 (include)
[uldrenite-ish:singleimage]   /mnt/host/source/src/third_party/zephyr/main/cmake/modules/zephyr_default.cmake:138 (include)
[uldrenite-ish:singleimage]   /mnt/host/source/src/third_party/zephyr/main/share/zephyr-package/cmake/ZephyrConfig.cmake:66 (include)
[uldrenite-ish:singleimage]   /mnt/host/source/src/third_party/zephyr/main/share/zephyr-package/cmake/ZephyrConfig.cmake:97 (include_boilerplate)
[uldrenite-ish:singleimage]   CMakeLists.txt:6 (find_package)
[uldrenite-ish:singleimage] INFOSetting c++_library to libstdc++ install path
[uldrenite-ish:singleimage] INFOSetting c_library to picolibc install path
[uldrenite-ish:singleimage] INFO: Verified 2 GPIOs, no duplicates found
[uldrenite-ish:singleimage] INFO: Verified 1 '*-gpios' properties, all flags match.
[jubilant:rw] Parsing /mnt/host/source/src/platform/ec/zephyr/program/brox/Kconfig
[wugtrio:ro] [181/384] Building C object zephyr/CMakeFiles/zephyr.dir/subsys/shell/modules/kernel_service/kernel_shell.c.obj
[wugtrio:ro] [182/384] Building C object zephyr/CMakeFiles/zephyr.dir/subsys/shell/modules/kernel_service/cycles.c.obj
[wugtrio:ro] [183/384] Building C object zephyr/CMakeFiles/zephyr.dir/subsys/shell/modules/kernel_service/uptime.c.obj
[wugtrio:ro] [184/384] Building C object zephyr/CMakeFiles/zephyr.dir/subsys/shell/modules/kernel_service/version.c.obj
[uldrenite-ish:singleimage] -- Generating component manifest file
[wugtrio:ro] [185/384] Building C object zephyr/CMakeFiles/zephyr.dir/subsys/shell/modules/kernel_service/thread/thread.c.obj
[wugtrio:ro] [186/384] Building C object zephyr/CMakeFiles/zephyr.dir/subsys/shell/modules/kernel_service/thread/list.c.obj
[uldrenite-ish:singleimage] INFO: Skipped 1 named-gpios children.
[uldrenite-ish:singleimage] INFO: Running CME, outputting to /mnt/host/source/src/platform/ec/build/zephyr/uldrenite-ish/build-singleimage/zephyr/component_manifest.json
[wugtrio:ro] [187/384] Building C object zephyr/CMakeFiles/zephyr.dir/subsys/shell/modules/kernel_service/thread/stacks.c.obj
[bloonchipper:rw] Loaded configuration '/mnt/host/source/src/third_party/zephyr/main/boards/google/dragonclaw/google_dragonclaw_defconfig'
[bloonchipper:rw] Merged configuration '/mnt/host/source/src/platform/ec/zephyr/program/fpmcu/prj.conf'
[bloonchipper:rw] Merged configuration '/mnt/host/source/src/platform/ec/zephyr/program/fpmcu/bloonchipper/prj.conf'
[bloonchipper:rw] Merged configuration '/mnt/host/source/src/platform/ec/zephyr/program/fpmcu/bloonchipper/ec_quirks.conf'
[bloonchipper:rw] Merged configuration '/mnt/host/source/src/platform/ec/build/zephyr/bloonchipper/kconfig-rw.conf'
[bloonchipper:rw] Configuration saved to '/mnt/host/source/src/platform/ec/build/zephyr/bloonchipper/build-rw/zephyr/.config'
[bloonchipper:rw] Kconfig header saved to '/mnt/host/source/src/platform/ec/build/zephyr/bloonchipper/build-rw/zephyr/include/generated/zephyr/autoconf.h'
[bloonchipper:rw] -- Found LlvmLld: /usr/bin/armv7m-cros-eabi-ld.lld (found suitable version "21.0.0", minimum required is "14.0.0")
[wugtrio:ro] [188/384] Building C object zephyr/CMakeFiles/zephyr.dir/subsys/shell/modules/kernel_service/thread/unwind.c.obj
[wugtrio:ro] [189/384] Building C object zephyr/CMakeFiles/zephyr.dir/subsys/shell/modules/kernel_service/thread/suspend.c.obj
[wugtrio:ro] [190/384] Building C object zephyr/CMakeFiles/zephyr.dir/subsys/shell/modules/kernel_service/thread/resume.c.obj
[/mnt/host/source/src/platform/ec/build/zephyr/quenbi-lcov]   /mnt/host/source/src/platform/ec/build/zephyr/quenbi/build-ro/zephyr/drivers/spi/CMakeFiles/drivers__spi.dir/mnt/host/source/src/third_party/zephyr/main/misc/empty_file.c.gcno:no functions found
[/mnt/host/source/src/platform/ec/build/zephyr/quenbi-lcov] stderr:
[bloonchipper:rw] -- The C compiler identification is Clang 21.0.0
[wugtrio:ro] [191/384] Building C object zephyr/CMakeFiles/zephyr.dir/subsys/shell/modules/kernel_service/thread/kill.c.obj
[bloonchipper:rw] -- The CXX compiler identification is Clang 21.0.0
[wugtrio:ro] [192/384] Building C object zephyr/CMakeFiles/zephyr.dir/subsys/shell/backends/shell_uart.c.obj
[wugtrio:ro] [193/384] Building C object zephyr/CMakeFiles/zephyr.dir/subsys/shell/shell_fprintf.c.obj
[uldrenite-ish:singleimage] -- warning_base_override: -Wall;-Wformat;-Wformat-security;-Wformat;-Wno-format-zero-length;-Wno-pointer-sign;-Wpointer-arith;-Wexpansion-to-defined
[uldrenite-ish:singleimage] INFO: No usbc node found
[uldrenite-ish:singleimage] The PW_ROOT environment variable is not set; using /mnt/host/source/src/platform/ec/build/zephyr/uldrenite-ish/modules/pigweed within CMake
[wugtrio:ro] [194/384] Building C object zephyr/CMakeFiles/zephyr.dir/subsys/shell/shell_utils.c.obj
[/mnt/host/source/src/platform/ec/build/zephyr/quenbi-lcov]   /mnt/host/source/src/platform/ec/build/zephyr/quenbi/build-rw/modules/ec/zephyr/CMakeFiles/ec_shim.dir/shim/src/thermal.c.gcno:no functions found
[bloonchipper:rw] -- The ASM compiler identification is Clang with GNU-like command-line
[/mnt/host/source/src/platform/ec/build/zephyr/quenbi-lcov] stderr:
[bloonchipper:rw] -- Found assembler: /usr/bin/armv7m-cros-eabi-clang
[wugtrio:ro] [195/384] Building C object zephyr/CMakeFiles/zephyr.dir/subsys/shell/shell.c.obj
[wugtrio:ro] [196/384] Building C object zephyr/CMakeFiles/zephyr.dir/subsys/shell/shell_help.c.obj
[jubilant:rw] Loaded configuration '/mnt/host/source/src/platform/ec/zephyr/boards/google/it8xxx2/it8xxx2_it82002aw_defconfig'
[jubilant:rw] Merged configuration '/mnt/host/source/src/platform/ec/zephyr/program/brox/program.conf'
[jubilant:rw] Merged configuration '/mnt/host/source/src/platform/ec/zephyr/program/brox/ite.conf'
[jubilant:rw] Merged configuration '/mnt/host/source/src/platform/ec/zephyr/program/brox/jubilant/project.conf'
[jubilant:rw] Merged configuration '/mnt/host/source/src/platform/ec/zephyr/program/brox/motionsense.conf'
[jubilant:rw] Merged configuration '/mnt/host/source/src/platform/ec/build/zephyr/jubilant/kconfig-rw.conf'
[jubilant:rw] Configuration saved to '/mnt/host/source/src/platform/ec/build/zephyr/jubilant/build-rw/zephyr/.config'
[jubilant:rw] Kconfig header saved to '/mnt/host/source/src/platform/ec/build/zephyr/jubilant/build-rw/zephyr/include/generated/zephyr/autoconf.h'
[jubilant:rw] -- Found GnuLd: /home/jpmurphy/.cache/coreboot-sdk/riscv64-elf/96b949749225b6aaa92ed810ab769e8dfb12f000/riscv64-elf/bin/ld.bfd (found version "2.43.1")
[wugtrio:ro] [197/384] Building C object zephyr/CMakeFiles/zephyr.dir/subsys/shell/shell_history.c.obj
[wugtrio:ro] [198/384] Building C object zephyr/CMakeFiles/zephyr.dir/subsys/shell/shell_ops.c.obj
[wugtrio:ro] [199/384] Building C object zephyr/arch/common/CMakeFiles/arch__common.dir/dynamic_isr.c.obj
[wugtrio:ro] [200/384] Building C object zephyr/arch/common/CMakeFiles/arch__common.dir/sw_isr_common.c.obj
[wugtrio:ro] [201/384] Building C object zephyr/arch/common/CMakeFiles/arch__common.dir/init.c.obj
[wugtrio:ro] [202/384] Building C object zephyr/CMakeFiles/zephyr.dir/drivers/flash/flash_util.c.obj
[jubilant:rw] -- The C compiler identification is GNU 14.2.0
[wugtrio:ro] [203/384] Building C object zephyr/arch/arch/riscv/core/CMakeFiles/arch__riscv__core.dir/prep_c.c.obj
[wugtrio:ro] [204/384] Building C object zephyr/arch/common/CMakeFiles/isr_tables.dir/isr_tables.c.obj
[wugtrio:ro] [205/384] Linking C static library zephyr/libzephyr.a
[wugtrio:ro] [206/384] Building C object zephyr/arch/common/CMakeFiles/arch__common.dir/xip.c.obj
[wugtrio:ro] [207/384] Linking C static library zephyr/arch/common/libisr_tables.a
[wugtrio:ro] [208/384] Building C object zephyr/arch/arch/riscv/core/CMakeFiles/arch__riscv__core.dir/cpu_idle.c.obj
[wugtrio:ro] [209/384] Linking C static library zephyr/arch/common/libarch__common.a
[wugtrio:ro] [210/384] Building C object zephyr/arch/arch/riscv/core/CMakeFiles/arch__riscv__core.dir/irq_manage.c.obj
[wugtrio:ro] [211/384] Generating ../../../include/generated/libc/minimal/strerror_table.h
[wugtrio:ro] [212/384] Building C object zephyr/arch/arch/riscv/core/CMakeFiles/arch__riscv__core.dir/fatal.c.obj
[jubilant:rw] -- The CXX compiler identification is GNU 14.2.0
[wugtrio:ro] [213/384] Building C object zephyr/arch/arch/riscv/core/CMakeFiles/arch__riscv__core.dir/reboot.c.obj
[jubilant:rw] -- The ASM compiler identification is GNU
[jubilant:rw] -- Found assembler: /home/jpmurphy/.cache/coreboot-sdk/riscv64-elf/96b949749225b6aaa92ed810ab769e8dfb12f000/bin/riscv64-elf-gcc
[wugtrio:ro] [214/384] Building ASM object zephyr/arch/arch/riscv/core/CMakeFiles/arch__riscv__core.dir/reset.S.obj
[bloonchipper:rw] -- Performing EC specific devicetree checks
[jubilant:rw] CMake Warning at /mnt/host/source/src/platform/ec/zephyr/cmake/linker/ld/linker_libraries.cmake:11 (message):
[jubilant:rw]   Disabling c_library
[jubilant:rw] Call Stack (most recent call first):
[jubilant:rw]   /mnt/host/source/src/third_party/zephyr/main/cmake/target_toolchain_flags.cmake:48 (include)
[jubilant:rw]   /mnt/host/source/src/third_party/zephyr/main/cmake/modules/kernel.cmake:153 (include)
[jubilant:rw]   /mnt/host/source/src/third_party/zephyr/main/cmake/modules/zephyr_default.cmake:138 (include)
[jubilant:rw]   /mnt/host/source/src/third_party/zephyr/main/share/zephyr-package/cmake/ZephyrConfig.cmake:66 (include)
[jubilant:rw]   /mnt/host/source/src/third_party/zephyr/main/share/zephyr-package/cmake/ZephyrConfig.cmake:97 (include_boilerplate)
[jubilant:rw]   CMakeLists.txt:6 (find_package)
[wugtrio:ro] [215/384] Building ASM object zephyr/arch/arch/riscv/core/CMakeFiles/arch__riscv__core.dir/switch.S.obj
[wugtrio:ro] [216/384] Building C object zephyr/lib/libc/minimal/CMakeFiles/lib__libc__minimal.dir/source/stdlib/atoi.c.obj
[wugtrio:ro] [217/384] Building C object zephyr/arch/arch/riscv/core/CMakeFiles/arch__riscv__core.dir/thread.c.obj
[wugtrio:ro] [218/384] Building C object zephyr/lib/libc/minimal/CMakeFiles/lib__libc__minimal.dir/source/stdlib/strtol.c.obj
[wugtrio:ro] [219/384] Building C object zephyr/lib/libc/minimal/CMakeFiles/lib__libc__minimal.dir/source/stdlib/strtoul.c.obj
[bloonchipper:rw] warning: Deprecated symbol POSIX_READER_WRITER_LOCKS is enabled.
[bloonchipper:rw] warning: Deprecated symbol REQUIRES_STD_C99 is enabled.
[bloonchipper:rw] warning: Deprecated symbol REQUIRES_STD_C11 is enabled.
[bloonchipper:rw] warning: Deprecated symbol STD_C11 is enabled.
[bloonchipper:rw] INFO: Verified 8 GPIOs, no duplicates found
[bloonchipper:rw] INFO: Verified 5 '*-gpios' properties, all flags match.
[wugtrio:ro] [220/384] Building C object zephyr/lib/libc/minimal/CMakeFiles/lib__libc__minimal.dir/source/stdlib/strtoull.c.obj
[wugtrio:ro] [221/384] Building C object zephyr/lib/libc/minimal/CMakeFiles/lib__libc__minimal.dir/source/stdlib/bsearch.c.obj
[wugtrio:ro] [222/384] Building ASM object zephyr/arch/arch/riscv/core/CMakeFiles/arch__riscv__core.dir/isr.S.obj
[wugtrio:ro] [223/384] Building C object zephyr/lib/libc/minimal/CMakeFiles/lib__libc__minimal.dir/source/stdlib/strtoll.c.obj
[wugtrio:ro] [224/384] Building ASM object zephyr/arch/arch/riscv/core/CMakeFiles/arch__riscv__core.dir/pmp.S.obj
[wugtrio:ro] [225/384] Building C object zephyr/lib/libc/minimal/CMakeFiles/lib__libc__minimal.dir/source/string/strncasecmp.c.obj
[wugtrio:ro] [226/384] Building C object zephyr/arch/arch/riscv/core/CMakeFiles/arch__riscv__core.dir/pmp.c.obj
[wugtrio:ro] [227/384] Building C object zephyr/lib/libc/minimal/CMakeFiles/lib__libc__minimal.dir/source/stdlib/qsort.c.obj
[wugtrio:ro] [228/384] Building C object zephyr/lib/libc/minimal/CMakeFiles/lib__libc__minimal.dir/source/string/strstr.c.obj
[wugtrio:ro] [229/384] Building C object zephyr/lib/libc/minimal/CMakeFiles/lib__libc__minimal.dir/source/string/strerror.c.obj
[wugtrio:ro] [230/384] Building C object zephyr/lib/libc/minimal/CMakeFiles/lib__libc__minimal.dir/source/string/strspn.c.obj
[wugtrio:ro] [231/384] Building C object zephyr/arch/arch/riscv/core/CMakeFiles/arch__riscv__core.dir/stacktrace.c.obj
[wugtrio:ro] [232/384] Building C object zephyr/lib/libc/minimal/CMakeFiles/lib__libc__minimal.dir/source/string/string.c.obj
[wugtrio:ro] [233/384] Linking C static library zephyr/arch/arch/riscv/core/libarch__riscv__core.a
[wugtrio:ro] [234/384] Building C object zephyr/lib/libc/common/CMakeFiles/lib__libc__common.dir/source/stdlib/abort.c.obj
[jubilant:rw] -- Performing EC specific devicetree checks
[wugtrio:ro] [235/384] Building C object zephyr/lib/libc/minimal/CMakeFiles/lib__libc__minimal.dir/source/math/sqrt.c.obj
[wugtrio:ro] [236/384] Building C object zephyr/lib/libc/common/CMakeFiles/lib__libc__common.dir/source/time/gmtime_r.c.obj
[wugtrio:ro] [237/384] Building C object zephyr/lib/libc/minimal/CMakeFiles/lib__libc__minimal.dir/source/stdlib/exit.c.obj
[wugtrio:ro] [238/384] Building C object zephyr/lib/libc/minimal/CMakeFiles/lib__libc__minimal.dir/source/math/sqrtf.c.obj
[wugtrio:ro] [239/384] Building C object zephyr/lib/libc/common/CMakeFiles/lib__libc__common.dir/source/time/asctime.c.obj
[wugtrio:ro] [240/384] Building C object zephyr/lib/libc/common/CMakeFiles/lib__libc__common.dir/source/time/localtime_r_utc.c.obj
[jubilant:rw] INFO: Verified 46 GPIOs, no duplicates found
[jubilant:rw] INFO: Verified 50 '*-gpios' properties, all flags match.
[jubilant:rw] INFO: Skipped 15 named-gpios children.
[wugtrio:ro] [241/384] Building C object zephyr/lib/libc/common/CMakeFiles/lib__libc__common.dir/source/string/strnlen.c.obj
[bloonchipper:rw] -- warning_base_override: -Wall;-Wformat;-Wformat-security;-Wno-format-zero-length;-Wno-unused-but-set-variable;-Wno-typedef-redefinition;-Wno-deprecated-non-prototype;-Wno-pointer-sign;-Wpointer-arith;-Wno-main;-Wno-unknown-warning-option;-Wno-arm-interrupt-vfp-clobber;-Wno-extra
[wugtrio:ro] [242/384] Building C object zephyr/lib/libc/common/CMakeFiles/lib__libc__common.dir/source/time/ctime.c.obj
[wugtrio:ro] [243/384] Building C object zephyr/lib/libc/common/CMakeFiles/lib__libc__common.dir/source/time/time.c.obj
[wugtrio:ro] [244/384] Building C object zephyr/lib/libc/minimal/CMakeFiles/lib__libc__minimal.dir/source/stdout/sprintf.c.obj
[wugtrio:ro] [245/384] Building C object zephyr/lib/posix/c_lib_ext/CMakeFiles/lib__posix__c_lib_ext.dir/fnmatch.c.obj
[wugtrio:ro] [246/384] Building C object zephyr/subsys/crc/CMakeFiles/subsys__crc.dir/crc4_sw.c.obj
[wugtrio:ro] [247/384] Building C object zephyr/subsys/crc/CMakeFiles/subsys__crc.dir/crc8_sw.c.obj
[wugtrio:ro] [248/384] Building C object zephyr/lib/libc/minimal/CMakeFiles/lib__libc__minimal.dir/source/stdout/stdout_console.c.obj
[wugtrio:ro] [249/384] Building C object zephyr/lib/libc/minimal/CMakeFiles/lib__libc__minimal.dir/source/stdout/fprintf.c.obj
[wugtrio:ro] [250/384] Building C object zephyr/subsys/crc/CMakeFiles/subsys__crc.dir/crc16_sw.c.obj
[wugtrio:ro] [251/384] Building C object zephyr/subsys/crc/CMakeFiles/subsys__crc.dir/crc7_sw.c.obj
[wugtrio:ro] [252/384] Building C object zephyr/subsys/crc/CMakeFiles/subsys__crc.dir/crc24_sw.c.obj
[jubilant:rw] -- Generating component manifest file
[wugtrio:ro] [253/384] Building C object zephyr/lib/libc/minimal/CMakeFiles/lib__libc__minimal.dir/source/time/gmtime.c.obj
[bloonchipper:rw] INFO: Skipped 1 named-gpios children.
[bloonchipper:rw] CMake Warning (dev) at /usr/share/cmake/Modules/GNUInstallDirs.cmake:253 (message):
[wugtrio:ro] [254/384] Building C object zephyr/subsys/crc/CMakeFiles/subsys__crc.dir/crc32c_sw.c.obj
[wugtrio:ro] [255/384] Building C object zephyr/subsys/crc/CMakeFiles/subsys__crc.dir/crc32k_4_2_sw.c.obj
[wugtrio:ro] [256/384] Building C object zephyr/subsys/crc/CMakeFiles/subsys__crc.dir/crc32_sw.c.obj
[wugtrio:ro] [257/384] Linking C static library zephyr/lib/libc/minimal/liblib__libc__minimal.a
[wugtrio:ro] [258/384] Linking C static library zephyr/subsys/crc/libsubsys__crc.a
[jubilant:rw] INFO: Running CME, outputting to /mnt/host/source/src/platform/ec/build/zephyr/jubilant/build-rw/zephyr/component_manifest.json
[bloonchipper:rw] -- Found gen_kobject_list: /mnt/host/source/src/third_party/zephyr/main/scripts/build/gen_kobject_list.py
[wugtrio:ro] [259/384] Building C object zephyr/lib/libc/common/CMakeFiles/lib__libc__common.dir/source/stdlib/malloc.c.obj
[wugtrio:ro] [260/384] Building C object zephyr/lib/posix/c_lib_ext/CMakeFiles/lib__posix__c_lib_ext.dir/getentropy.c.obj
[wugtrio:ro] [261/384] Linking C static library zephyr/lib/libc/common/liblib__libc__common.a
[wugtrio:ro] [262/384] Building C object zephyr/lib/posix/c_lib_ext/CMakeFiles/lib__posix__c_lib_ext.dir/getopt_shim.c.obj
[bloonchipper:rw] -- Configuring done (14.7s)
[jubilant:rw] -- warning_base_override: -Wall;-Wformat;-Wformat-security;-Wformat;-Wno-format-zero-length;-Wno-pointer-sign;-Wpointer-arith;-Wexpansion-to-defined
[wugtrio:ro] [263/384] Linking C static library zephyr/lib/posix/c_lib_ext/liblib__posix__c_lib_ext.a
[wugtrio:ro] [264/384] Building C object zephyr/drivers/adc/CMakeFiles/drivers__adc.dir/adc_common.c.obj
[wugtrio:ro] [265/384] Building C object zephyr/drivers/interrupt_controller/CMakeFiles/drivers__interrupt_controller.dir/wuc_ite_it8xxx2.c.obj
[wugtrio:ro] [266/384] Building C object zephyr/drivers/console/CMakeFiles/drivers__console.dir/uart_console.c.obj
[wugtrio:ro] [267/384] Building C object zephyr/drivers/interrupt_controller/CMakeFiles/drivers__interrupt_controller.dir/intc_ite_it8xxx2.c.obj
[wugtrio:ro] [268/384] Building C object zephyr/drivers/bbram/CMakeFiles/drivers__bbram.dir/bbram_it8xxx2.c.obj
[wugtrio:ro] [269/384] Linking C static library zephyr/drivers/console/libdrivers__console.a
[wugtrio:ro] [270/384] Linking C static library zephyr/drivers/interrupt_controller/libdrivers__interrupt_controller.a
[wugtrio:ro] [271/384] Building C object zephyr/drivers/adc/CMakeFiles/drivers__adc.dir/adc_ite_it8xxx2.c.obj
[wugtrio:ro] [272/384] Linking C static library zephyr/drivers/bbram/libdrivers__bbram.a
[wugtrio:ro] [273/384] Building C object zephyr/drivers/eeprom/CMakeFiles/drivers__eeprom.dir/eeprom_at2x.c.obj
[wugtrio:ro] [274/384] Linking C static library zephyr/drivers/adc/libdrivers__adc.a
[wugtrio:ro] [275/384] Building C object zephyr/drivers/eeprom/CMakeFiles/drivers__eeprom.dir/eeprom_shell.c.obj
[jubilant:rw] -- Found gen_kobject_list: /mnt/host/source/src/third_party/zephyr/main/scripts/build/gen_kobject_list.py
[/mnt/host/source/src/platform/ec/build/zephyr/quenbi-lcov]   /mnt/host/source/src/platform/ec/build/zephyr/quenbi/build-rw/modules/ec/zephyr/CMakeFiles/ec_shim.dir/shim/src/battery.c.gcno:no functions found
[/mnt/host/source/src/platform/ec/build/zephyr/quenbi-lcov] stderr:
[jubilant:rw] WARNING: Unknown or disabled I2C port: i2c@f04480(i2c_ec_pmc_pd)
[jubilant:rw] INFO: Project jubilant does not support SSFC
[jubilant:rw] INFO: No motionsense-sensor node found
[jubilant:rw] CMake Warning at /mnt/host/source/src/third_party/zephyr/main/CMakeLists.txt:2359 (message):
[jubilant:rw]   __ASSERT() statements are globally ENABLED
[wugtrio:ro] [276/384] Linking C static library zephyr/drivers/eeprom/libdrivers__eeprom.a
[bloonchipper:rw] -- Generating done (0.7s)
[bloonchipper:rw] -- Build files have been written to: /mnt/host/source/src/platform/ec/build/zephyr/bloonchipper/build-rw
[wugtrio:ro] [277/384] Building C object zephyr/drivers/gpio/CMakeFiles/drivers__gpio.dir/gpio_ite_it8xxx2.c.obj
[wugtrio:ro] [278/384] Building C object zephyr/drivers/flash/CMakeFiles/drivers__flash.dir/flash_ite_it8xxx2.c.obj
[jubilant:rw] -- Configuring done (15.9s)
[wugtrio:ro] [279/384] Building C object zephyr/drivers/gpio/CMakeFiles/drivers__gpio.dir/gpio_kscan_ite_it8xxx2.c.obj
[wugtrio:ro] [280/384] Building C object zephyr/drivers/i2c/CMakeFiles/drivers__i2c.dir/i2c_bitbang.c.obj
[wugtrio:ro] [281/384] Building C object zephyr/drivers/i2c/CMakeFiles/drivers__i2c.dir/i2c_common.c.obj
[wugtrio:ro] [282/384] Linking C static library zephyr/drivers/flash/libdrivers__flash.a
[wugtrio:ro] [283/384] Linking C static library zephyr/drivers/gpio/libdrivers__gpio.a
[bloonchipper:rw]   Unable to determine default CMAKE_INSTALL_LIBDIR directory because no
[bloonchipper:rw]   target architecture is known.  Please enable at least one language before
[bloonchipper:rw]   including GNUInstallDirs.
[bloonchipper:rw] Call Stack (most recent call first):
[bloonchipper:rw]   /mnt/host/source/src/third_party/boringssl/CMakeLists.txt:25 (include)
[bloonchipper:rw] This warning is for project developers.  Use -Wno-dev to suppress it.
[wugtrio:ro] [284/384] Building C object zephyr/drivers/pinctrl/CMakeFiles/drivers__pinctrl.dir/common.c.obj
[wugtrio:ro] [285/384] Building C object zephyr/drivers/i2c/CMakeFiles/drivers__i2c.dir/i2c_shell.c.obj
[wugtrio:ro] [286/384] Building C object zephyr/drivers/i2c/CMakeFiles/drivers__i2c.dir/i2c_ite_it8xxx2.c.obj
[wugtrio:ro] [287/384] Building C object zephyr/drivers/pwm/CMakeFiles/drivers__pwm.dir/pwm_shell.c.obj
[wugtrio:ro] [288/384] Building C object zephyr/drivers/i2c/CMakeFiles/drivers__i2c.dir/i2c_ite_enhance.c.obj
[jubilant:rw] -- Generating done (0.5s)
[jubilant:rw] CMake Warning:
[wugtrio:ro] [289/384] Building C object zephyr/drivers/pinctrl/CMakeFiles/drivers__pinctrl.dir/pinctrl_ite_it8xxx2.c.obj
[uldrenite-ish:singleimage] -- Found gen_kobject_list: /mnt/host/source/src/third_party/zephyr/main/scripts/build/gen_kobject_list.py
[uldrenite-ish:singleimage] CMake Warning at /mnt/host/source/src/third_party/zephyr/main/CMakeLists.txt:1134 (message):
[uldrenite-ish:singleimage]   No SOURCES given to Zephyr library: drivers__syscon
[uldrenite-ish:singleimage]   Excluding target from build.
[wugtrio:ro] [290/384] Linking C static library zephyr/drivers/i2c/libdrivers__i2c.a
[wugtrio:ro] [291/384] Linking C static library zephyr/drivers/pinctrl/libdrivers__pinctrl.a
[uldrenite-ish:singleimage] CMake Warning at /mnt/host/source/src/third_party/zephyr/main/CMakeLists.txt:2359 (message):
[uldrenite-ish:singleimage]   __ASSERT() statements are globally ENABLED
[wugtrio:ro] [292/384] Building C object zephyr/drivers/timer/CMakeFiles/drivers__timer.dir/sys_clock_init.c.obj
[jubilant:rw] -- Build files have been written to: /mnt/host/source/src/platform/ec/build/zephyr/jubilant/build-rw
[jubilant:rw]   Manually-specified variables were not used by the project:
[jubilant:rw]     COREBOOT_SDK_ROOT_arm
[jubilant:rw]     COREBOOT_SDK_ROOT_libstdcxx_arm
[jubilant:rw]     COREBOOT_SDK_ROOT_libstdcxx_x86
[jubilant:rw]     COREBOOT_SDK_ROOT_nds32
[jubilant:rw]     COREBOOT_SDK_ROOT_picolibc_arm
[jubilant:rw]     COREBOOT_SDK_ROOT_picolibc_x86
[jubilant:rw]     COREBOOT_SDK_ROOT_riscv
[jubilant:rw]     COREBOOT_SDK_ROOT_x86
Toolchain <zmake.toolchains.CorebootSdkToolchain object at 0x7f41439ecd10> selected by probe function.
[kodkod] Building in /mnt/host/source/src/platform/ec/build/zephyr/kodkod.
[kodkod:rw] Configuring.
Running `env -i PYTHONPATH=/usr/lib64/python-exec/python3.11:/mnt/host/source/src/platform/ec/zephyr/zmake:/usr/lib/python311.zip:/usr/lib/python3.11:/usr/lib/python3.11/lib-dynload:/usr/lib/python3.11/site-packages PW_PIGWEED_CIPD_INSTALL_DIR=/usr CROSTC_USER_ACKNOWLEDGES_THAT_RISCV_IS_EXPERIMENTAL=1 PATH=/mnt/host/source/chromite/bin:/usr/local/bin:/usr/bin:/bin:/opt/bin:/mnt/host/source/chromite/sdk/bin:/mnt/host/source/chromite/bin HOME=/home/jpmurphy JAVA_HOME=/etc/java-config-2/current-system-vm JDK_HOME=/etc/java-config-2/current-system-vm JAVAC=/etc/java-config-2/current-system-vm/bin/javac MAKEFLAGS=' -j16 --jobserver-auth=5,6' /usr/bin/cmake -S /mnt/host/source/src/platform/ec/zephyr/program/ocelot -B /mnt/host/source/src/platform/ec/build/zephyr/kodkod/build-rw -GNinja -DCMAKE_EXPORT_COMPILE_COMMANDS=ON -DZEPHYR_BASE=/mnt/host/source/src/third_party/zephyr/main -DZMAKE_INCLUDE_DIR=/mnt/host/source/src/platform/ec/build/zephyr/kodkod/include -DPython3_EXECUTABLE=/usr/bin/python3.11 -DDTS_ROOT=/mnt/host/source/src/platform/ec/zephyr -DSYSCALL_INCLUDE_DIRS=/mnt/host/source/src/platform/ec/zephyr/include/drivers -DUSER_CACHE_DIR=/mnt/host/source/src/platform/ec/build/zephyr/user-cache '-DEXTRA_EC_VERSION_FLAGS=--version 16543.0.0 --static' -DTOOLCHAIN_ROOT=/mnt/host/source/src/platform/ec/zephyr -DCOREBOOT_SDK_ROOT_x86=/home/jpmurphy/.cache/coreboot-sdk/i386-elf/dfbb0486385d938cfa9d73080b9d18d598ed4f49 -DCOREBOOT_SDK_ROOT_picolibc_x86=/home/jpmurphy/.cache/coreboot-sdk/picolibc-i386-elf/eb8e8e687b95461de8cbf278f1c2076952d0ad17 -DCOREBOOT_SDK_ROOT_riscv64=/home/jpmurphy/.cache/coreboot-sdk/riscv64-elf/96b949749225b6aaa92ed810ab769e8dfb12f000 -DCOREBOOT_SDK_ROOT_picolibc_arm=/home/jpmurphy/.cache/coreboot-sdk/picolibc-arm-eabi/422a2aa3e1ef891b5bece9a3deb696ff83840d2e -DCOREBOOT_SDK_ROOT_nds32=/home/jpmurphy/.cache/coreboot-sdk/nds32le-elf/d1a518c4a097666d86058e1444f85ca015d15511 -DCOREBOOT_SDK_ROOT_picolibc_riscv64=/home/jpmurphy/.cache/coreboot-sdk/picolibc-riscv64-elf/f571e990ef0278564b31124f8bb109d9a697eb69 -DCOREBOOT_SDK_ROOT_arm=/home/jpmurphy/.cache/coreboot-sdk/arm-eabi/ea40ddd1d190c3b48435c474c0b545719371813a -DCOREBOOT_SDK_ROOT_libstdcxx_riscv64=/home/jpmurphy/.cache/coreboot-sdk/libstdcxx-riscv64-elf/17abf22a3a252e2d5d2062ced5324f7a623689e0 -DCOREBOOT_SDK_ROOT_libstdcxx_arm=/home/jpmurphy/.cache/coreboot-sdk/libstdcxx-arm-eabi/5d7d82e150e44aa1968f1d366e267e6687b328ac -DCOREBOOT_SDK_ROOT_riscv=/home/jpmurphy/.cache/coreboot-sdk/riscv-elf/9a27b9e82341c6e9126624f516ab3f261abb3e73 -DCOREBOOT_SDK_ROOT_libstdcxx_x86=/home/jpmurphy/.cache/coreboot-sdk/libstdcxx-i386-elf/42ef9d2e87a76a37963175d7d428734e65648b87 -DZEPHYR_TOOLCHAIN_VARIANT=coreboot-sdk '-DZEPHYR_MODULES=/mnt/host/source/src/platform/ec/build/zephyr/kodkod/modules/cmsis;/mnt/host/source/src/platform/ec/build/zephyr/kodkod/modules/cmsis_6;/mnt/host/source/src/platform/ec/build/zephyr/kodkod/modules/ec' -DDTC_OVERLAY_FILE=/mnt/host/source/src/platform/ec/zephyr/program/ocelot/kodkod/project.overlay -DBOARD=realtek/rts5912 -DCMAKE_C_FLAGS=-DSECTION_IS_RW '-DCONF_FILE=/mnt/host/source/src/platform/ec/zephyr/program/ocelot/program.conf;/mnt/host/source/src/platform/ec/zephyr/program/ocelot/kodkod/project.conf;/mnt/host/source/src/platform/ec/build/zephyr/kodkod/kconfig-rw.conf'`
[wugtrio:ro] [293/384] Building C object zephyr/drivers/pwm/CMakeFiles/drivers__pwm.dir/pwm_ite_it8xxx2.c.obj
[wugtrio:ro] [294/384] Building C object zephyr/drivers/serial/CMakeFiles/drivers__serial.dir/uart_ns16550.c.obj
[kodkod:rw] Loading Zephyr default modules (Zephyr base (cached)).
[kodkod:rw] -- Application: /mnt/host/source/src/platform/ec/zephyr/program/ocelot
[kodkod:rw] -- CMake version: 3.31.7
[wugtrio:ro] [295/384] Building C object zephyr/drivers/serial/CMakeFiles/drivers__serial.dir/uart_ite_it8xxx2.c.obj
[wugtrio:ro] [296/384] Building C object zephyr/drivers/timer/CMakeFiles/drivers__timer.dir/ite_it8xxx2_timer.c.obj
[wugtrio:ro] [297/384] Building C object zephyr/drivers/watchdog/CMakeFiles/drivers__watchdog.dir/wdt_ite_it8xxx2.c.obj
[wugtrio:ro] [298/384] Linking C static library zephyr/drivers/serial/libdrivers__serial.a
[wugtrio:ro] [299/384] Linking C static library zephyr/drivers/timer/libdrivers__timer.a
[wugtrio:ro] [300/384] Linking C static library zephyr/drivers/pwm/libdrivers__pwm.a
[wugtrio:ro] [301/384] Building C object zephyr/drivers/watchdog/CMakeFiles/drivers__watchdog.dir/wdt_shell.c.obj
[uldrenite-ish:singleimage] -- Configuring done (16.9s)
[wugtrio:ro] [302/384] Linking C static library zephyr/drivers/watchdog/libdrivers__watchdog.a
[wugtrio:ro] [303/384] Building C object modules/ec/zephyr/CMakeFiles/ec_shim.dir/shim/chip/it8xxx2/mpu.c.obj
[kodkod:rw] -- Found Python3: /usr/bin/python3.11 (found suitable version "3.11.11", minimum required is "3.10") found components: Interpreter
[kodkod:rw] -- Cache files will be written to: /mnt/host/source/src/platform/ec/build/zephyr/user-cache
[kodkod:rw] -- Zephyr version: 4.3.99 (/mnt/host/source/src/third_party/zephyr/main)
[wugtrio:ro] [304/384] Building C object modules/ec/zephyr/CMakeFiles/ec_shim.dir/app/ec/main_shim.c.obj
[wugtrio:ro] [305/384] Building C object modules/ec/zephyr/CMakeFiles/ec_shim.dir/app/ec/ec_app_main.c.obj
[wugtrio:ro] [306/384] Building C object modules/ec/zephyr/CMakeFiles/ec_shim.dir/drivers/cros_flash/cros_flash_it8xxx2.c.obj
[wugtrio:ro] [307/384] Building C object modules/ec/zephyr/CMakeFiles/ec_shim.dir/drivers/cros_kb_raw/cros_kb_raw_ite.c.obj
[wugtrio:ro] [308/384] Building C object modules/ec/zephyr/CMakeFiles/ec_shim.dir/shim/src/crc.c.obj
[wugtrio:ro] [309/384] Building C object modules/ec/zephyr/CMakeFiles/ec_shim.dir/drivers/cros_shi/cros_shi_it8xxx2.c.obj
[wugtrio:ro] [310/384] Building C object modules/ec/zephyr/CMakeFiles/ec_shim.dir/shim/chip/it8xxx2/clock.c.obj
[wugtrio:ro] [311/384] Building C object modules/ec/zephyr/CMakeFiles/ec_shim.dir/drivers/cros_system/cros_system_it8xxx2.c.obj
[wugtrio:ro] [312/384] Building C object modules/ec/zephyr/CMakeFiles/ec_shim.dir/shim/chip/it8xxx2/keyboard_raw.c.obj
[wugtrio:ro] [313/384] Building C object modules/ec/zephyr/CMakeFiles/ec_shim.dir/shim/chip/it8xxx2/system.c.obj
[wugtrio:ro] [314/384] Building C object modules/ec/zephyr/CMakeFiles/ec_shim.dir/shim/chip/it8xxx2/power_policy.c.obj
[wugtrio:ro] [315/384] Building C object modules/ec/zephyr/CMakeFiles/ec_shim.dir/shim/chip/it8xxx2/shi.c.obj
[wugtrio:ro] [316/384] Building C object modules/ec/zephyr/CMakeFiles/ec_shim.dir/shim/chip/it8xxx2/gpio.c.obj
[wugtrio:ro] [317/384] Building C object modules/ec/zephyr/CMakeFiles/ec_shim.dir/shim/core/riscv/mpu.c.obj
[wugtrio:ro] [318/384] Building C object modules/ec/zephyr/CMakeFiles/ec_shim.dir/shim/src/console.c.obj
[wugtrio:ro] [319/384] Building C object modules/ec/zephyr/CMakeFiles/ec_shim.dir/shim/src/panic_utils.c.obj
[wugtrio:ro] [320/384] Building C object modules/ec/zephyr/CMakeFiles/ec_shim.dir/shim/src/gpio_int.c.obj
[wugtrio:ro] [321/384] Building C object modules/ec/zephyr/CMakeFiles/ec_shim.dir/shim/src/pm_state.c.obj
[wugtrio:ro] [322/384] Building C object modules/ec/zephyr/CMakeFiles/ec_shim.dir/shim/src/cbi/cros_cbi.c.obj
[wugtrio:ro] [323/384] Building C object modules/ec/zephyr/CMakeFiles/ec_shim.dir/shim/src/gpio.c.obj
[wugtrio:ro] [324/384] Building C object modules/ec/zephyr/CMakeFiles/ec_shim.dir/shim/src/cbi/cros_cbi_ssfc.c.obj
[kodkod:rw] -- Board: realtek, qualifiers: rts5912
[wugtrio:ro] [325/384] Building C object modules/ec/zephyr/CMakeFiles/ec_shim.dir/shim/src/cbi/cbi_eeprom.c.obj
[wugtrio:ro] [326/384] Building C object modules/ec/zephyr/CMakeFiles/ec_shim.dir/shim/src/led_driver/led_pwm.c.obj
[wugtrio:ro] [327/384] Building C object modules/ec/zephyr/CMakeFiles/ec_shim.dir/shim/src/led_driver/led.c.obj
[wugtrio:ro] [328/384] Building C object modules/ec/zephyr/CMakeFiles/ec_shim.dir/shim/src/battery.c.obj
[wugtrio:ro] [329/384] Building C object modules/ec/zephyr/CMakeFiles/ec_shim.dir/shim/src/system.c.obj
[wugtrio:ro] [330/384] Building C object modules/ec/zephyr/CMakeFiles/ec_shim.dir/shim/src/chg_rt9490.c.obj
[wugtrio:ro] [331/384] Building C object modules/ec/zephyr/CMakeFiles/ec_shim.dir/shim/src/adc.c.obj
[wugtrio:ro] [332/384] Building C object modules/ec/zephyr/CMakeFiles/ec_shim.dir/shim/src/charger.c.obj
[wugtrio:ro] [333/384] Building C object modules/ec/zephyr/CMakeFiles/ec_shim.dir/shim/src/host_command.c.obj
[wugtrio:ro] [334/384] Building C object modules/ec/zephyr/CMakeFiles/ec_shim.dir/shim/src/console_buffer.c.obj
[wugtrio:ro] [335/384] Building C object modules/ec/zephyr/CMakeFiles/ec_shim.dir/shim/src/flash.c.obj
[wugtrio:ro] [336/384] Building C object modules/ec/zephyr/CMakeFiles/ec_shim.dir/shim/src/hooks.c.obj
[wugtrio:ro] [337/384] Building C object modules/ec/zephyr/CMakeFiles/ec_shim.dir/shim/src/keyboard_raw.c.obj
[wugtrio:ro] [338/384] Building C object modules/ec/zephyr/CMakeFiles/ec_shim.dir/shim/src/panic.c.obj
[wugtrio:ro] [339/384] Building C object modules/ec/zephyr/CMakeFiles/ec_shim.dir/shim/src/mkbp_event.c.obj
[wugtrio:ro] [340/384] Building C object modules/ec/zephyr/CMakeFiles/ec_shim.dir/shim/src/power.c.obj
[wugtrio:ro] [341/384] Building C object modules/ec/zephyr/CMakeFiles/ec_shim.dir/shim/src/thermal.c.obj
[/mnt/host/source/src/platform/ec/build/zephyr/epic-lcov]   /mnt/host/source/src/platform/ec/build/zephyr/epic/build-rw/CMakeFiles/app.dir/mnt/host/source/src/platform/ec/build/zephyr/epic/modules/ec/common/usb_pd_pdo.c.gcno:no functions found
[/mnt/host/source/src/platform/ec/build/zephyr/epic-lcov] stderr:
[wugtrio:ro] [342/384] Building C object modules/ec/zephyr/CMakeFiles/ec_shim.dir/shim/src/hwtimer.c.obj
[wugtrio:ro] [343/384] Building C object modules/ec/zephyr/CMakeFiles/ec_shim.dir/shim/src/motionsense_sensors.c.obj
[wugtrio:ro] [344/384] Building C object modules/ec/zephyr/CMakeFiles/ec_shim.dir/shim/src/temp_sensors.c.obj
[wugtrio:ro] [345/384] Building C object modules/ec/zephyr/CMakeFiles/ec_shim.dir/shim/src/i2c.c.obj
[wugtrio:ro] [346/384] Building C object zephyr/kernel/CMakeFiles/kernel.dir/main_weak.c.obj
[wugtrio:ro] [347/384] Building C object modules/ec/zephyr/CMakeFiles/ec_shim.dir/shim/src/tasks.c.obj
[wugtrio:ro] [348/384] Building C object zephyr/kernel/CMakeFiles/kernel.dir/banner.c.obj
[wugtrio:ro] [349/384] Building C object zephyr/kernel/CMakeFiles/kernel.dir/busy_wait.c.obj
[wugtrio:ro] [350/384] Building C object modules/ec/zephyr/CMakeFiles/ec_shim.dir/shim/src/ppc.c.obj
[wugtrio:ro] [351/384] Building C object modules/ec/zephyr/CMakeFiles/ec_shim.dir/shim/src/watchdog.c.obj
[wugtrio:ro] [352/384] Building C object modules/ec/zephyr/CMakeFiles/ec_shim.dir/shim/src/usba.c.obj
[wugtrio:ro] [353/384] Building C object zephyr/kernel/CMakeFiles/kernel.dir/device.c.obj
[wugtrio:ro] [354/384] Building C object modules/ec/zephyr/CMakeFiles/ec_shim.dir/shim/src/usb_muxes.c.obj
[wugtrio:ro] [355/384] Building C object zephyr/kernel/CMakeFiles/kernel.dir/errno.c.obj
[wugtrio:ro] [356/384] Building C object zephyr/kernel/CMakeFiles/kernel.dir/version.c.obj
[kodkod:rw] -- Found Dtc: /usr/bin/dtc (found suitable version "1.6.0", minimum required is "1.4.6")
[kodkod:rw] -- Found BOARD.dts: /mnt/host/source/src/platform/ec/zephyr/boards/google/realtek/realtek_rts5912.dts
[kodkod:rw] -- Found devicetree overlay: /mnt/host/source/src/platform/ec/zephyr/program/ocelot/kodkod/project.overlay
[wugtrio:ro] [357/384] Linking C static library modules/ec/zephyr/libec_shim.a
[wugtrio:ro] [358/384] Building C object zephyr/kernel/CMakeFiles/kernel.dir/fatal.c.obj
[wugtrio:ro] [359/384] Building C object zephyr/kernel/CMakeFiles/kernel.dir/kheap.c.obj
[wugtrio:ro] [360/384] Building C object zephyr/kernel/CMakeFiles/kernel.dir/float.c.obj
[wugtrio:ro] [361/384] Building C object zephyr/kernel/CMakeFiles/kernel.dir/init.c.obj
[wugtrio:ro] [362/384] Building C object zephyr/kernel/CMakeFiles/kernel.dir/mem_slab.c.obj
[wugtrio:ro] [363/384] Building C object zephyr/kernel/CMakeFiles/kernel.dir/idle.c.obj
[wugtrio:ro] [364/384] Building C object zephyr/kernel/CMakeFiles/kernel.dir/mailbox.c.obj
[wugtrio:ro] [365/384] Building C object zephyr/kernel/CMakeFiles/kernel.dir/msg_q.c.obj
[wugtrio:ro] [366/384] Building C object zephyr/kernel/CMakeFiles/kernel.dir/queue.c.obj
[wugtrio:ro] [367/384] Building C object zephyr/kernel/CMakeFiles/kernel.dir/sem.c.obj
[wugtrio:ro] [368/384] Building C object zephyr/kernel/CMakeFiles/kernel.dir/mutex.c.obj
[wugtrio:ro] [369/384] Building C object zephyr/kernel/CMakeFiles/kernel.dir/stack.c.obj
[wugtrio:ro] [370/384] Building C object zephyr/kernel/CMakeFiles/kernel.dir/system_work_q.c.obj
[wugtrio:ro] [371/384] Building C object zephyr/kernel/CMakeFiles/kernel.dir/condvar.c.obj
[wugtrio:ro] [372/384] Building C object zephyr/kernel/CMakeFiles/kernel.dir/pipe.c.obj
[wugtrio:rw] Building: /usr/bin/ninja -C /mnt/host/source/src/platform/ec/build/zephyr/wugtrio/build-rw all.libraries
Running `env -i SHELL=/bin/bash COLORTERM=truecolor DEPOT_TOOLS_UPDATE=0 LESS='-R -M --shift 5' SUDO_GID=0 JDK_HOME=/etc/java-config-2/current-system-vm CONFIG_PROTECT_MASK='/etc/gentoo-release /etc/sandbox.d /etc/fonts/fonts.conf /etc/terminfo /etc/ca-certificates.conf /etc/revdep-rebuild' CHROMEOS_CACHEDIR=/var/cache/chromeos-cache JAVA_HOME=/etc/java-config-2/current-system-vm SSH_AUTH_SOCK=/tmp/ssh-auth-sock SUDO_COMMAND=/bin/bash SUDO_USER=root SUDO_TTY=/dev/pts/2 EDITOR=/usr/bin/vi PWD=/mnt/host/source/src/platform/ec CONFIG_PROTECT=/usr/share/gnupg/qualified.txt LOGNAME=jpmurphy MANPATH=/etc/java-config-2/current-system-vm/man:/usr/local/share/man:/usr/share/man:/usr/share/gcc-data/x86_64-pc-linux-gnu/10.2.0/man:/usr/share/binutils-data/x86_64-pc-linux-gnu/2.45/man:/etc/java-config-2/current-system-vm/man/ SUDO_HOME=/root XAUTHORITY=/run/user/944457/gdm/Xauthority HOME=/home/jpmurphy LANG=C.UTF-8 LS_COLORS='rs=0:di=01;34:ln=01;36:mh=00:pi=40;33:so=01;35:do=01;35:bd=40;33;01:cd=40;33;01:or=01;05;37;41:mi=01;05;37;41:su=37;41:sg=30;43:ca=30;41:tw=30;42:ow=34;42:st=37;44:ex=01;32:*.tar=01;31:*.tgz=01;31:*.arc=01;31:*.arj=01;31:*.taz=01;31:*.lha=01;31:*.lz4=01;31:*.lzh=01;31:*.lzma=01;31:*.tlz=01;31:*.txz=01;31:*.tzo=01;31:*.t7z=01;31:*.zip=01;31:*.z=01;31:*.dz=01;31:*.gz=01;31:*.lrz=01;31:*.lz=01;31:*.lzo=01;31:*.xz=01;31:*.zst=01;31:*.tzst=01;31:*.bz2=01;31:*.bz=01;31:*.tbz=01;31:*.tbz2=01;31:*.tz=01;31:*.deb=01;31:*.rpm=01;31:*.jar=01;31:*.war=01;31:*.ear=01;31:*.sar=01;31:*.rar=01;31:*.alz=01;31:*.ace=01;31:*.zoo=01;31:*.cpio=01;31:*.7z=01;31:*.rz=01;31:*.cab=01;31:*.wim=01;31:*.swm=01;31:*.dwm=01;31:*.esd=01;31:*.jpg=01;35:*.jpeg=01;35:*.mjpg=01;35:*.mjpeg=01;35:*.gif=01;35:*.bmp=01;35:*.pbm=01;35:*.pgm=01;35:*.ppm=01;35:*.tga=01;35:*.xbm=01;35:*.xpm=01;35:*.tif=01;35:*.tiff=01;35:*.png=01;35:*.svg=01;35:*.svgz=01;35:*.mng=01;35:*.pcx=01;35:*.mov=01;35:*.mpg=01;35:*.mpeg=01;35:*.m2v=01;35:*.mkv=01;35:*.webm=01;35:*.webp=01;35:*.ogm=01;35:*.mp4=01;35:*.m4v=01;35:*.mp4v=01;35:*.vob=01;35:*.qt=01;35:*.nuv=01;35:*.wmv=01;35:*.asf=01;35:*.rm=01;35:*.rmvb=01;35:*.flc=01;35:*.avi=01;35:*.fli=01;35:*.flv=01;35:*.gl=01;35:*.dl=01;35:*.xcf=01;35:*.xwd=01;35:*.yuv=01;35:*.cgm=01;35:*.emf=01;35:*.ogv=01;35:*.ogx=01;35:*.cfg=00;32:*.conf=00;32:*.diff=00;32:*.doc=00;32:*.ini=00;32:*.log=00;32:*.patch=00;32:*.pdf=00;32:*.ps=00;32:*.tex=00;32:*.txt=00;32:*.aac=00;36:*.au=00;36:*.flac=00;36:*.m4a=00;36:*.mid=00;36:*.midi=00;36:*.mka=00;36:*.mp3=00;36:*.mpc=00;36:*.ogg=00;36:*.ra=00;36:*.wav=00;36:*.oga=00;36:*.opus=00;36:*.spx=00;36:*.xspf=00;36:' XDG_CURRENT_DESKTOP=GNOME INFOPATH=/usr/share/info:/usr/share/gcc-data/x86_64-pc-linux-gnu/10.2.0/info:/usr/share/binutils-data/x86_64-pc-linux-gnu/2.45/info:/usr/share/automake-1.16.5/info JAVAC=/etc/java-config-2/current-system-vm/bin/javac TERM=xterm-256color LESSOPEN='|lesspipe %s' USER=jpmurphy CROS_WORKON_SRCROOT=/mnt/host/source MANPAGER=manpager DISPLAY=:1 SHLVL=1 LC_MESSAGES=C EXTERNAL_TRUNK_PATH=/mnt/8f9d649a-3721-44cc-93c0-e6bd21a9689f/chromiumos GCC_SPECS='' PATH=/mnt/host/source/chromite/bin:/usr/local/bin:/usr/bin:/bin:/opt/bin:/mnt/host/source/chromite/sdk/bin:/mnt/host/source/chromite/bin PORTAGE_USERNAME=jpmurphy SUDO_UID=0 GCC_VER=10.2.0 MAIL=/var/mail/jpmurphy OLDPWD=/mnt/host/source/src/scripts traceparent=00-e87aca51550a78635907baa6a2476181-6d684811675d2973-01 _=./zephyr/firmware_builder.py COREBOOT_SDK_ROOT_x86=/home/jpmurphy/.cache/coreboot-sdk/i386-elf/dfbb0486385d938cfa9d73080b9d18d598ed4f49 COREBOOT_SDK_ROOT_picolibc_x86=/home/jpmurphy/.cache/coreboot-sdk/picolibc-i386-elf/eb8e8e687b95461de8cbf278f1c2076952d0ad17 COREBOOT_SDK_ROOT_riscv64=/home/jpmurphy/.cache/coreboot-sdk/riscv64-elf/96b949749225b6aaa92ed810ab769e8dfb12f000 COREBOOT_SDK_ROOT_picolibc_arm=/home/jpmurphy/.cache/coreboot-sdk/picolibc-arm-eabi/422a2aa3e1ef891b5bece9a3deb696ff83840d2e COREBOOT_SDK_ROOT_nds32=/home/jpmurphy/.cache/coreboot-sdk/nds32le-elf/d1a518c4a097666d86058e1444f85ca015d15511 COREBOOT_SDK_ROOT_picolibc_riscv64=/home/jpmurphy/.cache/coreboot-sdk/picolibc-riscv64-elf/f571e990ef0278564b31124f8bb109d9a697eb69 COREBOOT_SDK_ROOT_arm=/home/jpmurphy/.cache/coreboot-sdk/arm-eabi/ea40ddd1d190c3b48435c474c0b545719371813a COREBOOT_SDK_ROOT_libstdcxx_riscv64=/home/jpmurphy/.cache/coreboot-sdk/libstdcxx-riscv64-elf/17abf22a3a252e2d5d2062ced5324f7a623689e0 COREBOOT_SDK_ROOT_libstdcxx_arm=/home/jpmurphy/.cache/coreboot-sdk/libstdcxx-arm-eabi/5d7d82e150e44aa1968f1d366e267e6687b328ac COREBOOT_SDK_ROOT_riscv=/home/jpmurphy/.cache/coreboot-sdk/riscv-elf/9a27b9e82341c6e9126624f516ab3f261abb3e73 COREBOOT_SDK_ROOT_libstdcxx_x86=/home/jpmurphy/.cache/coreboot-sdk/libstdcxx-i386-elf/42ef9d2e87a76a37963175d7d428734e65648b87 PYTHONPATH=/mnt/host/source/src/platform/ec/zephyr/zmake PW_PIGWEED_CIPD_INSTALL_DIR=/usr CROSTC_USER_ACKNOWLEDGES_THAT_RISCV_IS_EXPERIMENTAL=1 MAKEFLAGS=' -j16 --jobserver-auth=5,6' /usr/bin/ninja -C /mnt/host/source/src/platform/ec/build/zephyr/wugtrio/build-rw all.libraries`
Toolchain <zmake.toolchains.CorebootSdkToolchain object at 0x7f4120446290> selected by probe function.
[wugtrio:ro] [373/384] Building C object zephyr/kernel/CMakeFiles/kernel.dir/thread_monitor.c.obj
[navi] Building in /mnt/host/source/src/platform/ec/build/zephyr/navi.
[wugtrio:rw] ninja: Entering directory `/mnt/host/source/src/platform/ec/build/zephyr/wugtrio/build-rw'
[jubilant:ro] Configuring.
Running `env -i PYTHONPATH=/usr/lib64/python-exec/python3.11:/mnt/host/source/src/platform/ec/zephyr/zmake:/usr/lib/python311.zip:/usr/lib/python3.11:/usr/lib/python3.11/lib-dynload:/usr/lib/python3.11/site-packages PW_PIGWEED_CIPD_INSTALL_DIR=/usr CROSTC_USER_ACKNOWLEDGES_THAT_RISCV_IS_EXPERIMENTAL=1 PATH=/mnt/host/source/chromite/bin:/usr/local/bin:/usr/bin:/bin:/opt/bin:/mnt/host/source/chromite/sdk/bin:/mnt/host/source/chromite/bin HOME=/home/jpmurphy JAVA_HOME=/etc/java-config-2/current-system-vm JDK_HOME=/etc/java-config-2/current-system-vm JAVAC=/etc/java-config-2/current-system-vm/bin/javac MAKEFLAGS=' -j16 --jobserver-auth=5,6' /usr/bin/cmake -S /mnt/host/source/src/platform/ec/zephyr/program/brox -B /mnt/host/source/src/platform/ec/build/zephyr/jubilant/build-ro -GNinja -DCMAKE_EXPORT_COMPILE_COMMANDS=ON -DZEPHYR_BASE=/mnt/host/source/src/third_party/zephyr/main -DZMAKE_INCLUDE_DIR=/mnt/host/source/src/platform/ec/build/zephyr/jubilant/include -DPython3_EXECUTABLE=/usr/bin/python3.11 -DDTS_ROOT=/mnt/host/source/src/platform/ec/zephyr -DSYSCALL_INCLUDE_DIRS=/mnt/host/source/src/platform/ec/zephyr/include/drivers -DUSER_CACHE_DIR=/mnt/host/source/src/platform/ec/build/zephyr/user-cache '-DEXTRA_EC_VERSION_FLAGS=--version 16543.0.0 --static' -DTOOLCHAIN_ROOT=/mnt/host/source/src/platform/ec/zephyr -DCOREBOOT_SDK_ROOT_x86=/home/jpmurphy/.cache/coreboot-sdk/i386-elf/dfbb0486385d938cfa9d73080b9d18d598ed4f49 -DCOREBOOT_SDK_ROOT_picolibc_x86=/home/jpmurphy/.cache/coreboot-sdk/picolibc-i386-elf/eb8e8e687b95461de8cbf278f1c2076952d0ad17 -DCOREBOOT_SDK_ROOT_riscv64=/home/jpmurphy/.cache/coreboot-sdk/riscv64-elf/96b949749225b6aaa92ed810ab769e8dfb12f000 -DCOREBOOT_SDK_ROOT_picolibc_arm=/home/jpmurphy/.cache/coreboot-sdk/picolibc-arm-eabi/422a2aa3e1ef891b5bece9a3deb696ff83840d2e -DCOREBOOT_SDK_ROOT_nds32=/home/jpmurphy/.cache/coreboot-sdk/nds32le-elf/d1a518c4a097666d86058e1444f85ca015d15511 -DCOREBOOT_SDK_ROOT_picolibc_riscv64=/home/jpmurphy/.cache/coreboot-sdk/picolibc-riscv64-elf/f571e990ef0278564b31124f8bb109d9a697eb69 -DCOREBOOT_SDK_ROOT_arm=/home/jpmurphy/.cache/coreboot-sdk/arm-eabi/ea40ddd1d190c3b48435c474c0b545719371813a -DCOREBOOT_SDK_ROOT_libstdcxx_riscv64=/home/jpmurphy/.cache/coreboot-sdk/libstdcxx-riscv64-elf/17abf22a3a252e2d5d2062ced5324f7a623689e0 -DCOREBOOT_SDK_ROOT_libstdcxx_arm=/home/jpmurphy/.cache/coreboot-sdk/libstdcxx-arm-eabi/5d7d82e150e44aa1968f1d366e267e6687b328ac -DCOREBOOT_SDK_ROOT_riscv=/home/jpmurphy/.cache/coreboot-sdk/riscv-elf/9a27b9e82341c6e9126624f516ab3f261abb3e73 -DCOREBOOT_SDK_ROOT_libstdcxx_x86=/home/jpmurphy/.cache/coreboot-sdk/libstdcxx-i386-elf/42ef9d2e87a76a37963175d7d428734e65648b87 -DZEPHYR_TOOLCHAIN_VARIANT=coreboot-sdk -DZEPHYR_MODULES=/mnt/host/source/src/platform/ec/build/zephyr/jubilant/modules/ec -DDTC_OVERLAY_FILE=/mnt/host/source/src/platform/ec/zephyr/program/brox/jubilant/project.overlay -DBOARD=it8xxx2/it82002aw -DCMAKE_C_FLAGS=-DSECTION_IS_RO '-DCONF_FILE=/mnt/host/source/src/platform/ec/zephyr/program/brox/program.conf;/mnt/host/source/src/platform/ec/zephyr/program/brox/ite.conf;/mnt/host/source/src/platform/ec/zephyr/program/brox/jubilant/project.conf;/mnt/host/source/src/platform/ec/zephyr/program/brox/motionsense.conf;/mnt/host/source/src/platform/ec/build/zephyr/jubilant/kconfig-ro.conf'`
[wugtrio:ro] [374/384] Building C object zephyr/kernel/CMakeFiles/kernel.dir/work.c.obj
[wugtrio:ro] [375/384] Building C object zephyr/kernel/CMakeFiles/kernel.dir/thread.c.obj
[navi:rw] Configuring.
Running `env -i PYTHONPATH=/usr/lib64/python-exec/python3.11:/mnt/host/source/src/platform/ec/zephyr/zmake:/usr/lib/python311.zip:/usr/lib/python3.11:/usr/lib/python3.11/lib-dynload:/usr/lib/python3.11/site-packages PW_PIGWEED_CIPD_INSTALL_DIR=/usr CROSTC_USER_ACKNOWLEDGES_THAT_RISCV_IS_EXPERIMENTAL=1 PATH=/mnt/host/source/chromite/bin:/usr/local/bin:/usr/bin:/bin:/opt/bin:/mnt/host/source/chromite/sdk/bin:/mnt/host/source/chromite/bin HOME=/home/jpmurphy JAVA_HOME=/etc/java-config-2/current-system-vm JDK_HOME=/etc/java-config-2/current-system-vm JAVAC=/etc/java-config-2/current-system-vm/bin/javac MAKEFLAGS=' -j16 --jobserver-auth=5,6' /usr/bin/cmake -S /mnt/host/source/src/platform/ec/zephyr/program/rauru -B /mnt/host/source/src/platform/ec/build/zephyr/navi/build-rw -GNinja -DCMAKE_EXPORT_COMPILE_COMMANDS=ON -DZEPHYR_BASE=/mnt/host/source/src/third_party/zephyr/main -DZMAKE_INCLUDE_DIR=/mnt/host/source/src/platform/ec/build/zephyr/navi/include -DPython3_EXECUTABLE=/usr/bin/python3.11 -DDTS_ROOT=/mnt/host/source/src/platform/ec/zephyr -DSYSCALL_INCLUDE_DIRS=/mnt/host/source/src/platform/ec/zephyr/include/drivers -DUSER_CACHE_DIR=/mnt/host/source/src/platform/ec/build/zephyr/user-cache '-DEXTRA_EC_VERSION_FLAGS=--version 16543.0.0 --static' -DTOOLCHAIN_ROOT=/mnt/host/source/src/platform/ec/zephyr -DCOREBOOT_SDK_ROOT_x86=/home/jpmurphy/.cache/coreboot-sdk/i386-elf/dfbb0486385d938cfa9d73080b9d18d598ed4f49 -DCOREBOOT_SDK_ROOT_picolibc_x86=/home/jpmurphy/.cache/coreboot-sdk/picolibc-i386-elf/eb8e8e687b95461de8cbf278f1c2076952d0ad17 -DCOREBOOT_SDK_ROOT_riscv64=/home/jpmurphy/.cache/coreboot-sdk/riscv64-elf/96b949749225b6aaa92ed810ab769e8dfb12f000 -DCOREBOOT_SDK_ROOT_picolibc_arm=/home/jpmurphy/.cache/coreboot-sdk/picolibc-arm-eabi/422a2aa3e1ef891b5bece9a3deb696ff83840d2e -DCOREBOOT_SDK_ROOT_nds32=/home/jpmurphy/.cache/coreboot-sdk/nds32le-elf/d1a518c4a097666d86058e1444f85ca015d15511 -DCOREBOOT_SDK_ROOT_picolibc_riscv64=/home/jpmurphy/.cache/coreboot-sdk/picolibc-riscv64-elf/f571e990ef0278564b31124f8bb109d9a697eb69 -DCOREBOOT_SDK_ROOT_arm=/home/jpmurphy/.cache/coreboot-sdk/arm-eabi/ea40ddd1d190c3b48435c474c0b545719371813a -DCOREBOOT_SDK_ROOT_libstdcxx_riscv64=/home/jpmurphy/.cache/coreboot-sdk/libstdcxx-riscv64-elf/17abf22a3a252e2d5d2062ced5324f7a623689e0 -DCOREBOOT_SDK_ROOT_libstdcxx_arm=/home/jpmurphy/.cache/coreboot-sdk/libstdcxx-arm-eabi/5d7d82e150e44aa1968f1d366e267e6687b328ac -DCOREBOOT_SDK_ROOT_riscv=/home/jpmurphy/.cache/coreboot-sdk/riscv-elf/9a27b9e82341c6e9126624f516ab3f261abb3e73 -DCOREBOOT_SDK_ROOT_libstdcxx_x86=/home/jpmurphy/.cache/coreboot-sdk/libstdcxx-i386-elf/42ef9d2e87a76a37963175d7d428734e65648b87 -DZEPHYR_TOOLCHAIN_VARIANT=coreboot-sdk -DZEPHYR_MODULES=/mnt/host/source/src/platform/ec/build/zephyr/navi/modules/ec -DDTC_OVERLAY_FILE=/mnt/host/source/src/platform/ec/zephyr/program/rauru/navi/project.overlay -DBOARD=it8xxx2/it82202ax -DCMAKE_C_FLAGS=-DSECTION_IS_RW '-DCONF_FILE=/mnt/host/source/src/platform/ec/zephyr/program/rauru/program.conf;/mnt/host/source/src/platform/ec/zephyr/program/rauru/navi/project.conf;/mnt/host/source/src/platform/ec/build/zephyr/navi/kconfig-rw.conf'`
[jubilant:ro] Loading Zephyr default modules (Zephyr base (cached)).
[jubilant:ro] -- Application: /mnt/host/source/src/platform/ec/zephyr/program/brox
[jubilant:ro] -- CMake version: 3.31.7
[navi:rw] Loading Zephyr default modules (Zephyr base (cached)).
[navi:rw] -- Application: /mnt/host/source/src/platform/ec/zephyr/program/rauru
[navi:ro] Configuring.
Running `env -i PYTHONPATH=/usr/lib64/python-exec/python3.11:/mnt/host/source/src/platform/ec/zephyr/zmake:/usr/lib/python311.zip:/usr/lib/python3.11:/usr/lib/python3.11/lib-dynload:/usr/lib/python3.11/site-packages PW_PIGWEED_CIPD_INSTALL_DIR=/usr CROSTC_USER_ACKNOWLEDGES_THAT_RISCV_IS_EXPERIMENTAL=1 PATH=/mnt/host/source/chromite/bin:/usr/local/bin:/usr/bin:/bin:/opt/bin:/mnt/host/source/chromite/sdk/bin:/mnt/host/source/chromite/bin HOME=/home/jpmurphy JAVA_HOME=/etc/java-config-2/current-system-vm JDK_HOME=/etc/java-config-2/current-system-vm JAVAC=/etc/java-config-2/current-system-vm/bin/javac MAKEFLAGS=' -j16 --jobserver-auth=5,6' /usr/bin/cmake -S /mnt/host/source/src/platform/ec/zephyr/program/rauru -B /mnt/host/source/src/platform/ec/build/zephyr/navi/build-ro -GNinja -DCMAKE_EXPORT_COMPILE_COMMANDS=ON -DZEPHYR_BASE=/mnt/host/source/src/third_party/zephyr/main -DZMAKE_INCLUDE_DIR=/mnt/host/source/src/platform/ec/build/zephyr/navi/include -DPython3_EXECUTABLE=/usr/bin/python3.11 -DDTS_ROOT=/mnt/host/source/src/platform/ec/zephyr -DSYSCALL_INCLUDE_DIRS=/mnt/host/source/src/platform/ec/zephyr/include/drivers -DUSER_CACHE_DIR=/mnt/host/source/src/platform/ec/build/zephyr/user-cache '-DEXTRA_EC_VERSION_FLAGS=--version 16543.0.0 --static' -DTOOLCHAIN_ROOT=/mnt/host/source/src/platform/ec/zephyr -DCOREBOOT_SDK_ROOT_x86=/home/jpmurphy/.cache/coreboot-sdk/i386-elf/dfbb0486385d938cfa9d73080b9d18d598ed4f49 -DCOREBOOT_SDK_ROOT_picolibc_x86=/home/jpmurphy/.cache/coreboot-sdk/picolibc-i386-elf/eb8e8e687b95461de8cbf278f1c2076952d0ad17 -DCOREBOOT_SDK_ROOT_riscv64=/home/jpmurphy/.cache/coreboot-sdk/riscv64-elf/96b949749225b6aaa92ed810ab769e8dfb12f000 -DCOREBOOT_SDK_ROOT_picolibc_arm=/home/jpmurphy/.cache/coreboot-sdk/picolibc-arm-eabi/422a2aa3e1ef891b5bece9a3deb696ff83840d2e -DCOREBOOT_SDK_ROOT_nds32=/home/jpmurphy/.cache/coreboot-sdk/nds32le-elf/d1a518c4a097666d86058e1444f85ca015d15511 -DCOREBOOT_SDK_ROOT_picolibc_riscv64=/home/jpmurphy/.cache/coreboot-sdk/picolibc-riscv64-elf/f571e990ef0278564b31124f8bb109d9a697eb69 -DCOREBOOT_SDK_ROOT_arm=/home/jpmurphy/.cache/coreboot-sdk/arm-eabi/ea40ddd1d190c3b48435c474c0b545719371813a -DCOREBOOT_SDK_ROOT_libstdcxx_riscv64=/home/jpmurphy/.cache/coreboot-sdk/libstdcxx-riscv64-elf/17abf22a3a252e2d5d2062ced5324f7a623689e0 -DCOREBOOT_SDK_ROOT_libstdcxx_arm=/home/jpmurphy/.cache/coreboot-sdk/libstdcxx-arm-eabi/5d7d82e150e44aa1968f1d366e267e6687b328ac -DCOREBOOT_SDK_ROOT_riscv=/home/jpmurphy/.cache/coreboot-sdk/riscv-elf/9a27b9e82341c6e9126624f516ab3f261abb3e73 -DCOREBOOT_SDK_ROOT_libstdcxx_x86=/home/jpmurphy/.cache/coreboot-sdk/libstdcxx-i386-elf/42ef9d2e87a76a37963175d7d428734e65648b87 -DZEPHYR_TOOLCHAIN_VARIANT=coreboot-sdk -DZEPHYR_MODULES=/mnt/host/source/src/platform/ec/build/zephyr/navi/modules/ec -DDTC_OVERLAY_FILE=/mnt/host/source/src/platform/ec/zephyr/program/rauru/navi/project.overlay -DBOARD=it8xxx2/it82202ax -DCMAKE_C_FLAGS=-DSECTION_IS_RO '-DCONF_FILE=/mnt/host/source/src/platform/ec/zephyr/program/rauru/program.conf;/mnt/host/source/src/platform/ec/zephyr/program/rauru/navi/project.conf;/mnt/host/source/src/platform/ec/build/zephyr/navi/kconfig-ro.conf'`
[wugtrio:ro] [376/384] Building C object zephyr/kernel/CMakeFiles/kernel.dir/timeout.c.obj
[navi:ro] Loading Zephyr default modules (Zephyr base (cached)).
[navi:ro] -- Application: /mnt/host/source/src/platform/ec/zephyr/program/rauru
[navi:ro] -- CMake version: 3.31.7
[bloonchipper:ro] Configuring.
[wugtrio:ro] [377/384] Building C object zephyr/kernel/CMakeFiles/kernel.dir/timer.c.obj
Running `env -i PYTHONPATH=/usr/lib64/python-exec/python3.11:/mnt/host/source/src/platform/ec/zephyr/zmake:/usr/lib/python311.zip:/usr/lib/python3.11:/usr/lib/python3.11/lib-dynload:/usr/lib/python3.11/site-packages PW_PIGWEED_CIPD_INSTALL_DIR=/usr CROSTC_USER_ACKNOWLEDGES_THAT_RISCV_IS_EXPERIMENTAL=1 PATH=/mnt/host/source/chromite/bin:/usr/local/bin:/usr/bin:/bin:/opt/bin:/mnt/host/source/chromite/sdk/bin:/mnt/host/source/chromite/bin HOME=/home/jpmurphy JAVA_HOME=/etc/java-config-2/current-system-vm JDK_HOME=/etc/java-config-2/current-system-vm JAVAC=/etc/java-config-2/current-system-vm/bin/javac MAKEFLAGS=' -j16 --jobserver-auth=5,6' /usr/bin/cmake -S /mnt/host/source/src/platform/ec/zephyr/program/fpmcu -B /mnt/host/source/src/platform/ec/build/zephyr/bloonchipper/build-ro -GNinja -DCMAKE_EXPORT_COMPILE_COMMANDS=ON -DZEPHYR_BASE=/mnt/host/source/src/third_party/zephyr/main -DZMAKE_INCLUDE_DIR=/mnt/host/source/src/platform/ec/build/zephyr/bloonchipper/include -DPython3_EXECUTABLE=/usr/bin/python3.11 -DDTS_ROOT=/mnt/host/source/src/platform/ec/zephyr -DSYSCALL_INCLUDE_DIRS=/mnt/host/source/src/platform/ec/zephyr/include/drivers -DUSER_CACHE_DIR=/mnt/host/source/src/platform/ec/build/zephyr/user-cache '-DEXTRA_EC_VERSION_FLAGS=--version 16543.0.0 --static' -DTOOLCHAIN_ROOT=/mnt/host/source/src/platform/ec/zephyr -DZEPHYR_TOOLCHAIN_VARIANT=llvm '-DZEPHYR_MODULES=/mnt/host/source/src/platform/ec/build/zephyr/bloonchipper/modules/ec;/mnt/host/source/src/platform/ec/build/zephyr/bloonchipper/modules/hal_stm32;/mnt/host/source/src/platform/ec/build/zephyr/bloonchipper/modules/cmsis;/mnt/host/source/src/platform/ec/build/zephyr/bloonchipper/modules/cmsis_6;/mnt/host/source/src/platform/ec/build/zephyr/bloonchipper/modules/fpc' '-DDTC_OVERLAY_FILE=/mnt/host/source/src/platform/ec/zephyr/program/fpmcu/bloonchipper/bloonchipper.dts;/mnt/host/source/src/platform/ec/zephyr/program/fpmcu/bloonchipper/ec_quirks.dts' -DBOARD=google_dragonclaw -DCMAKE_C_FLAGS=-DSECTION_IS_RO '-DCONF_FILE=/mnt/host/source/src/platform/ec/zephyr/program/fpmcu/prj.conf;/mnt/host/source/src/platform/ec/zephyr/program/fpmcu/bloonchipper/prj.conf;/mnt/host/source/src/platform/ec/zephyr/program/fpmcu/bloonchipper/ec_quirks.conf;/mnt/host/source/src/platform/ec/build/zephyr/bloonchipper/kconfig-ro.conf'`
Running (initial) lcov on /mnt/host/source/src/platform/ec/build/zephyr/buccaneer.
[wugtrio:ro] [378/384] Building C object zephyr/kernel/CMakeFiles/kernel.dir/sched.c.obj
[bloonchipper:ro] Loading Zephyr default modules (Zephyr base (cached)).
[bloonchipper:ro] -- Application: /mnt/host/source/src/platform/ec/zephyr/program/fpmcu
[bloonchipper:ro] -- CMake version: 3.31.7
[kodkod:ro] Configuring.
Running `env -i PYTHONPATH=/usr/lib64/python-exec/python3.11:/mnt/host/source/src/platform/ec/zephyr/zmake:/usr/lib/python311.zip:/usr/lib/python3.11:/usr/lib/python3.11/lib-dynload:/usr/lib/python3.11/site-packages PW_PIGWEED_CIPD_INSTALL_DIR=/usr CROSTC_USER_ACKNOWLEDGES_THAT_RISCV_IS_EXPERIMENTAL=1 PATH=/mnt/host/source/chromite/bin:/usr/local/bin:/usr/bin:/bin:/opt/bin:/mnt/host/source/chromite/sdk/bin:/mnt/host/source/chromite/bin HOME=/home/jpmurphy JAVA_HOME=/etc/java-config-2/current-system-vm JDK_HOME=/etc/java-config-2/current-system-vm JAVAC=/etc/java-config-2/current-system-vm/bin/javac MAKEFLAGS=' -j16 --jobserver-auth=5,6' /usr/bin/cmake -S /mnt/host/source/src/platform/ec/zephyr/program/ocelot -B /mnt/host/source/src/platform/ec/build/zephyr/kodkod/build-ro -GNinja -DCMAKE_EXPORT_COMPILE_COMMANDS=ON -DZEPHYR_BASE=/mnt/host/source/src/third_party/zephyr/main -DZMAKE_INCLUDE_DIR=/mnt/host/source/src/platform/ec/build/zephyr/kodkod/include -DPython3_EXECUTABLE=/usr/bin/python3.11 -DDTS_ROOT=/mnt/host/source/src/platform/ec/zephyr -DSYSCALL_INCLUDE_DIRS=/mnt/host/source/src/platform/ec/zephyr/include/drivers -DUSER_CACHE_DIR=/mnt/host/source/src/platform/ec/build/zephyr/user-cache '-DEXTRA_EC_VERSION_FLAGS=--version 16543.0.0 --static' -DTOOLCHAIN_ROOT=/mnt/host/source/src/platform/ec/zephyr -DCOREBOOT_SDK_ROOT_x86=/home/jpmurphy/.cache/coreboot-sdk/i386-elf/dfbb0486385d938cfa9d73080b9d18d598ed4f49 -DCOREBOOT_SDK_ROOT_picolibc_x86=/home/jpmurphy/.cache/coreboot-sdk/picolibc-i386-elf/eb8e8e687b95461de8cbf278f1c2076952d0ad17 -DCOREBOOT_SDK_ROOT_riscv64=/home/jpmurphy/.cache/coreboot-sdk/riscv64-elf/96b949749225b6aaa92ed810ab769e8dfb12f000 -DCOREBOOT_SDK_ROOT_picolibc_arm=/home/jpmurphy/.cache/coreboot-sdk/picolibc-arm-eabi/422a2aa3e1ef891b5bece9a3deb696ff83840d2e -DCOREBOOT_SDK_ROOT_nds32=/home/jpmurphy/.cache/coreboot-sdk/nds32le-elf/d1a518c4a097666d86058e1444f85ca015d15511 -DCOREBOOT_SDK_ROOT_picolibc_riscv64=/home/jpmurphy/.cache/coreboot-sdk/picolibc-riscv64-elf/f571e990ef0278564b31124f8bb109d9a697eb69 -DCOREBOOT_SDK_ROOT_arm=/home/jpmurphy/.cache/coreboot-sdk/arm-eabi/ea40ddd1d190c3b48435c474c0b545719371813a -DCOREBOOT_SDK_ROOT_libstdcxx_riscv64=/home/jpmurphy/.cache/coreboot-sdk/libstdcxx-riscv64-elf/17abf22a3a252e2d5d2062ced5324f7a623689e0 -DCOREBOOT_SDK_ROOT_libstdcxx_arm=/home/jpmurphy/.cache/coreboot-sdk/libstdcxx-arm-eabi/5d7d82e150e44aa1968f1d366e267e6687b328ac -DCOREBOOT_SDK_ROOT_riscv=/home/jpmurphy/.cache/coreboot-sdk/riscv-elf/9a27b9e82341c6e9126624f516ab3f261abb3e73 -DCOREBOOT_SDK_ROOT_libstdcxx_x86=/home/jpmurphy/.cache/coreboot-sdk/libstdcxx-i386-elf/42ef9d2e87a76a37963175d7d428734e65648b87 -DZEPHYR_TOOLCHAIN_VARIANT=coreboot-sdk '-DZEPHYR_MODULES=/mnt/host/source/src/platform/ec/build/zephyr/kodkod/modules/cmsis;/mnt/host/source/src/platform/ec/build/zephyr/kodkod/modules/cmsis_6;/mnt/host/source/src/platform/ec/build/zephyr/kodkod/modules/ec' -DDTC_OVERLAY_FILE=/mnt/host/source/src/platform/ec/zephyr/program/ocelot/kodkod/project.overlay -DBOARD=realtek/rts5912 -DCMAKE_C_FLAGS=-DSECTION_IS_RO '-DCONF_FILE=/mnt/host/source/src/platform/ec/zephyr/program/ocelot/program.conf;/mnt/host/source/src/platform/ec/zephyr/program/ocelot/kodkod/project.conf;/mnt/host/source/src/platform/ec/build/zephyr/kodkod/kconfig-ro.conf'`
[wugtrio:ro] [379/384] Building C object zephyr/kernel/CMakeFiles/kernel.dir/spinlock_validate.c.obj
[kodkod:ro] Loading Zephyr default modules (Zephyr base (cached)).
[kodkod:ro] -- Application: /mnt/host/source/src/platform/ec/zephyr/program/ocelot
[kodkod:ro] -- CMake version: 3.31.7
Toolchain <zmake.toolchains.CorebootSdkToolchain object at 0x7f4120443a50> selected by probe function.
[yavista] Building in /mnt/host/source/src/platform/ec/build/zephyr/yavista.
[wugtrio:ro] [380/384] Building C object zephyr/kernel/CMakeFiles/kernel.dir/poll.c.obj
[wugtrio:rw] [1/384] Preparing syscall dependency handling
[wugtrio:ro] [381/384] Building C object zephyr/kernel/CMakeFiles/kernel.dir/mempool.c.obj
[wugtrio:rw] [2/384] Generating misc/generated/syscalls_subdirs.trigger
[yavista:ro] Configuring.
[wugtrio:ro] [382/384] Building C object zephyr/kernel/CMakeFiles/kernel.dir/events.c.obj
Running `env -i PYTHONPATH=/usr/lib64/python-exec/python3.11:/mnt/host/source/src/platform/ec/zephyr/zmake:/usr/lib/python311.zip:/usr/lib/python3.11:/usr/lib/python3.11/lib-dynload:/usr/lib/python3.11/site-packages PW_PIGWEED_CIPD_INSTALL_DIR=/usr CROSTC_USER_ACKNOWLEDGES_THAT_RISCV_IS_EXPERIMENTAL=1 PATH=/mnt/host/source/chromite/bin:/usr/local/bin:/usr/bin:/bin:/opt/bin:/mnt/host/source/chromite/sdk/bin:/mnt/host/source/chromite/bin HOME=/home/jpmurphy JAVA_HOME=/etc/java-config-2/current-system-vm JDK_HOME=/etc/java-config-2/current-system-vm JAVAC=/etc/java-config-2/current-system-vm/bin/javac MAKEFLAGS=' -j16 --jobserver-auth=5,6' /usr/bin/cmake -S /mnt/host/source/src/platform/ec/zephyr/program/nissa -B /mnt/host/source/src/platform/ec/build/zephyr/yavista/build-ro -GNinja -DCMAKE_EXPORT_COMPILE_COMMANDS=ON -DZEPHYR_BASE=/mnt/host/source/src/third_party/zephyr/main -DZMAKE_INCLUDE_DIR=/mnt/host/source/src/platform/ec/build/zephyr/yavista/include -DPython3_EXECUTABLE=/usr/bin/python3.11 -DDTS_ROOT=/mnt/host/source/src/platform/ec/zephyr -DSYSCALL_INCLUDE_DIRS=/mnt/host/source/src/platform/ec/zephyr/include/drivers -DUSER_CACHE_DIR=/mnt/host/source/src/platform/ec/build/zephyr/user-cache '-DEXTRA_EC_VERSION_FLAGS=--version 16543.0.0 --static' -DTOOLCHAIN_ROOT=/mnt/host/source/src/platform/ec/zephyr -DCOREBOOT_SDK_ROOT_x86=/home/jpmurphy/.cache/coreboot-sdk/i386-elf/dfbb0486385d938cfa9d73080b9d18d598ed4f49 -DCOREBOOT_SDK_ROOT_picolibc_x86=/home/jpmurphy/.cache/coreboot-sdk/picolibc-i386-elf/eb8e8e687b95461de8cbf278f1c2076952d0ad17 -DCOREBOOT_SDK_ROOT_riscv64=/home/jpmurphy/.cache/coreboot-sdk/riscv64-elf/96b949749225b6aaa92ed810ab769e8dfb12f000 -DCOREBOOT_SDK_ROOT_picolibc_arm=/home/jpmurphy/.cache/coreboot-sdk/picolibc-arm-eabi/422a2aa3e1ef891b5bece9a3deb696ff83840d2e -DCOREBOOT_SDK_ROOT_nds32=/home/jpmurphy/.cache/coreboot-sdk/nds32le-elf/d1a518c4a097666d86058e1444f85ca015d15511 -DCOREBOOT_SDK_ROOT_picolibc_riscv64=/home/jpmurphy/.cache/coreboot-sdk/picolibc-riscv64-elf/f571e990ef0278564b31124f8bb109d9a697eb69 -DCOREBOOT_SDK_ROOT_arm=/home/jpmurphy/.cache/coreboot-sdk/arm-eabi/ea40ddd1d190c3b48435c474c0b545719371813a -DCOREBOOT_SDK_ROOT_libstdcxx_riscv64=/home/jpmurphy/.cache/coreboot-sdk/libstdcxx-riscv64-elf/17abf22a3a252e2d5d2062ced5324f7a623689e0 -DCOREBOOT_SDK_ROOT_libstdcxx_arm=/home/jpmurphy/.cache/coreboot-sdk/libstdcxx-arm-eabi/5d7d82e150e44aa1968f1d366e267e6687b328ac -DCOREBOOT_SDK_ROOT_riscv=/home/jpmurphy/.cache/coreboot-sdk/riscv-elf/9a27b9e82341c6e9126624f516ab3f261abb3e73 -DCOREBOOT_SDK_ROOT_libstdcxx_x86=/home/jpmurphy/.cache/coreboot-sdk/libstdcxx-i386-elf/42ef9d2e87a76a37963175d7d428734e65648b87 -DZEPHYR_TOOLCHAIN_VARIANT=coreboot-sdk -DZEPHYR_MODULES=/mnt/host/source/src/platform/ec/build/zephyr/yavista/modules/ec -DDTC_OVERLAY_FILE=/mnt/host/source/src/platform/ec/zephyr/program/nissa/yavista/project.overlay -DBOARD=it8xxx2/it81302bx -DCMAKE_C_FLAGS=-DSECTION_IS_RO '-DCONF_FILE=/mnt/host/source/src/platform/ec/zephyr/program/nissa/program.conf;/mnt/host/source/src/platform/ec/zephyr/program/nissa/it8xxx2_program.conf;/mnt/host/source/src/platform/ec/zephyr/program/nissa/yavista/project.conf;/mnt/host/source/src/platform/ec/build/zephyr/yavista/kconfig-ro.conf'`
[yavista:ro] Loading Zephyr default modules (Zephyr base (cached)).
[yavista:ro] -- Application: /mnt/host/source/src/platform/ec/zephyr/program/nissa
[yavista:ro] -- CMake version: 3.31.7
[wugtrio:rw] [3/384] cd /mnt/host/source/src/platform/ec/build/zephyr/wugtrio/build-rw/modules/ec/zephyr && PYTHONPATH=/mnt/host/source/src/platform/ec/build/zephyr/wugtrio/modules/ec/zephyr/zmake/ /usr/bin/python3.11 /mnt/host/source/src/platform/ec/build/zephyr/wugtrio/modules/ec/zephyr/zmake/zephyr_build_tools/generate_ec_version.py /mnt/host/source/src/platform/ec/build/zephyr/wugtrio/build-rw/modules/ec/zephyr/include/ec_version.h --name Zephyr-Kernel --version 16543.0.0 --static
[wugtrio:rw] INFO:root:Using a static version string
[jubilant:ro] -- Found Python3: /usr/bin/python3.11 (found suitable version "3.11.11", minimum required is "3.10") found components: Interpreter
[kodkod:rw] -- Generated zephyr.dts: /mnt/host/source/src/platform/ec/build/zephyr/kodkod/build-rw/zephyr/zephyr.dts
[jubilant:ro] -- Cache files will be written to: /mnt/host/source/src/platform/ec/build/zephyr/user-cache
[jubilant:ro] -- Zephyr version: 4.3.99 (/mnt/host/source/src/third_party/zephyr/main)
[navi:rw] -- CMake version: 3.31.7
[navi:rw] -- Found Python3: /usr/bin/python3.11 (found suitable version "3.11.11", minimum required is "3.10") found components: Interpreter
[navi:rw] -- Cache files will be written to: /mnt/host/source/src/platform/ec/build/zephyr/user-cache
[navi:rw] -- Zephyr version: 4.3.99 (/mnt/host/source/src/third_party/zephyr/main)
[navi:ro] -- Found Python3: /usr/bin/python3.11 (found suitable version "3.11.11", minimum required is "3.10") found components: Interpreter
[navi:ro] -- Cache files will be written to: /mnt/host/source/src/platform/ec/build/zephyr/user-cache
Running `env -i PYTHONPATH=/usr/lib64/python-exec/python3.11:/mnt/host/source/src/platform/ec/zephyr/zmake:/usr/lib/python311.zip:/usr/lib/python3.11:/usr/lib/python3.11/lib-dynload:/usr/lib/python3.11/site-packages PW_PIGWEED_CIPD_INSTALL_DIR=/usr CROSTC_USER_ACKNOWLEDGES_THAT_RISCV_IS_EXPERIMENTAL=1 PATH=/mnt/host/source/chromite/bin:/usr/local/bin:/usr/bin:/bin:/opt/bin:/mnt/host/source/chromite/sdk/bin:/mnt/host/source/chromite/bin HOME=/home/jpmurphy JAVA_HOME=/etc/java-config-2/current-system-vm JDK_HOME=/etc/java-config-2/current-system-vm JAVAC=/etc/java-config-2/current-system-vm/bin/javac MAKEFLAGS=' -j16 --jobserver-auth=5,6' /usr/bin/lcov --gcov-tool /mnt/host/source/src/platform/ec/build/zephyr/buccaneer/build-rw/gcov.sh -q -o - -c -d /mnt/host/source/src/platform/ec/build/zephyr/buccaneer -t buccaneer --rc branch_coverage=1 --filter range --ignore-errors inconsistent,source --ignore-errors gcov,gcov -i`
[navi:ro] -- Zephyr version: 4.3.99 (/mnt/host/source/src/third_party/zephyr/main)
[bloonchipper:ro] -- Found Python3: /usr/bin/python3.11 (found suitable version "3.11.11", minimum required is "3.10") found components: Interpreter
[bloonchipper:ro] -- Cache files will be written to: /mnt/host/source/src/platform/ec/build/zephyr/user-cache
[yavista:rw] Configuring.
Running `env -i PYTHONPATH=/usr/lib64/python-exec/python3.11:/mnt/host/source/src/platform/ec/zephyr/zmake:/usr/lib/python311.zip:/usr/lib/python3.11:/usr/lib/python3.11/lib-dynload:/usr/lib/python3.11/site-packages PW_PIGWEED_CIPD_INSTALL_DIR=/usr CROSTC_USER_ACKNOWLEDGES_THAT_RISCV_IS_EXPERIMENTAL=1 PATH=/mnt/host/source/chromite/bin:/usr/local/bin:/usr/bin:/bin:/opt/bin:/mnt/host/source/chromite/sdk/bin:/mnt/host/source/chromite/bin HOME=/home/jpmurphy JAVA_HOME=/etc/java-config-2/current-system-vm JDK_HOME=/etc/java-config-2/current-system-vm JAVAC=/etc/java-config-2/current-system-vm/bin/javac MAKEFLAGS=' -j16 --jobserver-auth=5,6' /usr/bin/cmake -S /mnt/host/source/src/platform/ec/zephyr/program/nissa -B /mnt/host/source/src/platform/ec/build/zephyr/yavista/build-rw -GNinja -DCMAKE_EXPORT_COMPILE_COMMANDS=ON -DZEPHYR_BASE=/mnt/host/source/src/third_party/zephyr/main -DZMAKE_INCLUDE_DIR=/mnt/host/source/src/platform/ec/build/zephyr/yavista/include -DPython3_EXECUTABLE=/usr/bin/python3.11 -DDTS_ROOT=/mnt/host/source/src/platform/ec/zephyr -DSYSCALL_INCLUDE_DIRS=/mnt/host/source/src/platform/ec/zephyr/include/drivers -DUSER_CACHE_DIR=/mnt/host/source/src/platform/ec/build/zephyr/user-cache '-DEXTRA_EC_VERSION_FLAGS=--version 16543.0.0 --static' -DTOOLCHAIN_ROOT=/mnt/host/source/src/platform/ec/zephyr -DCOREBOOT_SDK_ROOT_x86=/home/jpmurphy/.cache/coreboot-sdk/i386-elf/dfbb0486385d938cfa9d73080b9d18d598ed4f49 -DCOREBOOT_SDK_ROOT_picolibc_x86=/home/jpmurphy/.cache/coreboot-sdk/picolibc-i386-elf/eb8e8e687b95461de8cbf278f1c2076952d0ad17 -DCOREBOOT_SDK_ROOT_riscv64=/home/jpmurphy/.cache/coreboot-sdk/riscv64-elf/96b949749225b6aaa92ed810ab769e8dfb12f000 -DCOREBOOT_SDK_ROOT_picolibc_arm=/home/jpmurphy/.cache/coreboot-sdk/picolibc-arm-eabi/422a2aa3e1ef891b5bece9a3deb696ff83840d2e -DCOREBOOT_SDK_ROOT_nds32=/home/jpmurphy/.cache/coreboot-sdk/nds32le-elf/d1a518c4a097666d86058e1444f85ca015d15511 -DCOREBOOT_SDK_ROOT_picolibc_riscv64=/home/jpmurphy/.cache/coreboot-sdk/picolibc-riscv64-elf/f571e990ef0278564b31124f8bb109d9a697eb69 -DCOREBOOT_SDK_ROOT_arm=/home/jpmurphy/.cache/coreboot-sdk/arm-eabi/ea40ddd1d190c3b48435c474c0b545719371813a -DCOREBOOT_SDK_ROOT_libstdcxx_riscv64=/home/jpmurphy/.cache/coreboot-sdk/libstdcxx-riscv64-elf/17abf22a3a252e2d5d2062ced5324f7a623689e0 -DCOREBOOT_SDK_ROOT_libstdcxx_arm=/home/jpmurphy/.cache/coreboot-sdk/libstdcxx-arm-eabi/5d7d82e150e44aa1968f1d366e267e6687b328ac -DCOREBOOT_SDK_ROOT_riscv=/home/jpmurphy/.cache/coreboot-sdk/riscv-elf/9a27b9e82341c6e9126624f516ab3f261abb3e73 -DCOREBOOT_SDK_ROOT_libstdcxx_x86=/home/jpmurphy/.cache/coreboot-sdk/libstdcxx-i386-elf/42ef9d2e87a76a37963175d7d428734e65648b87 -DZEPHYR_TOOLCHAIN_VARIANT=coreboot-sdk -DZEPHYR_MODULES=/mnt/host/source/src/platform/ec/build/zephyr/yavista/modules/ec -DDTC_OVERLAY_FILE=/mnt/host/source/src/platform/ec/zephyr/program/nissa/yavista/project.overlay -DBOARD=it8xxx2/it81302bx -DCMAKE_C_FLAGS=-DSECTION_IS_RW '-DCONF_FILE=/mnt/host/source/src/platform/ec/zephyr/program/nissa/program.conf;/mnt/host/source/src/platform/ec/zephyr/program/nissa/it8xxx2_program.conf;/mnt/host/source/src/platform/ec/zephyr/program/nissa/yavista/project.conf;/mnt/host/source/src/platform/ec/build/zephyr/yavista/kconfig-rw.conf'`
[wugtrio:ro] [383/384] Building C object zephyr/kernel/CMakeFiles/kernel.dir/dynamic_disabled.c.obj
[yavista:rw] Loading Zephyr default modules (Zephyr base (cached)).
[bloonchipper:ro] -- Zephyr version: 4.3.99 (/mnt/host/source/src/third_party/zephyr/main)
[yavista:rw] -- Application: /mnt/host/source/src/platform/ec/zephyr/program/nissa
[kodkod:ro] -- Found Python3: /usr/bin/python3.11 (found suitable version "3.11.11", minimum required is "3.10") found components: Interpreter
[kodkod:ro] -- Cache files will be written to: /mnt/host/source/src/platform/ec/build/zephyr/user-cache
[kodkod:ro] -- Zephyr version: 4.3.99 (/mnt/host/source/src/third_party/zephyr/main)
[wugtrio:ro] [384/384] Linking C static library zephyr/kernel/libkernel.a
Toolchain <zmake.toolchains.CorebootSdkToolchain object at 0x7f412074b010> selected by probe function.
[ciri] Building in /mnt/host/source/src/platform/ec/build/zephyr/ciri.
Toolchain <zmake.toolchains.CorebootSdkToolchain object at 0x7f4120749bd0> selected by probe function.
[obiwan] Building in /mnt/host/source/src/platform/ec/build/zephyr/obiwan.
[obiwan:rw] Configuring.
Running `env -i PYTHONPATH=/usr/lib64/python-exec/python3.11:/mnt/host/source/src/platform/ec/zephyr/zmake:/usr/lib/python311.zip:/usr/lib/python3.11:/usr/lib/python3.11/lib-dynload:/usr/lib/python3.11/site-packages PW_PIGWEED_CIPD_INSTALL_DIR=/usr CROSTC_USER_ACKNOWLEDGES_THAT_RISCV_IS_EXPERIMENTAL=1 PATH=/mnt/host/source/chromite/bin:/usr/local/bin:/usr/bin:/bin:/opt/bin:/mnt/host/source/chromite/sdk/bin:/mnt/host/source/chromite/bin HOME=/home/jpmurphy JAVA_HOME=/etc/java-config-2/current-system-vm JDK_HOME=/etc/java-config-2/current-system-vm JAVAC=/etc/java-config-2/current-system-vm/bin/javac MAKEFLAGS=' -j16 --jobserver-auth=5,6' /usr/bin/cmake -S /mnt/host/source/src/platform/ec/zephyr/program/skywalker -B /mnt/host/source/src/platform/ec/build/zephyr/obiwan/build-rw -GNinja -DCMAKE_EXPORT_COMPILE_COMMANDS=ON -DZEPHYR_BASE=/mnt/host/source/src/third_party/zephyr/main -DZMAKE_INCLUDE_DIR=/mnt/host/source/src/platform/ec/build/zephyr/obiwan/include -DPython3_EXECUTABLE=/usr/bin/python3.11 -DDTS_ROOT=/mnt/host/source/src/platform/ec/zephyr -DSYSCALL_INCLUDE_DIRS=/mnt/host/source/src/platform/ec/zephyr/include/drivers -DUSER_CACHE_DIR=/mnt/host/source/src/platform/ec/build/zephyr/user-cache '-DEXTRA_EC_VERSION_FLAGS=--version 16543.0.0 --static' -DTOOLCHAIN_ROOT=/mnt/host/source/src/platform/ec/zephyr -DCOREBOOT_SDK_ROOT_x86=/home/jpmurphy/.cache/coreboot-sdk/i386-elf/dfbb0486385d938cfa9d73080b9d18d598ed4f49 -DCOREBOOT_SDK_ROOT_picolibc_x86=/home/jpmurphy/.cache/coreboot-sdk/picolibc-i386-elf/eb8e8e687b95461de8cbf278f1c2076952d0ad17 -DCOREBOOT_SDK_ROOT_riscv64=/home/jpmurphy/.cache/coreboot-sdk/riscv64-elf/96b949749225b6aaa92ed810ab769e8dfb12f000 -DCOREBOOT_SDK_ROOT_picolibc_arm=/home/jpmurphy/.cache/coreboot-sdk/picolibc-arm-eabi/422a2aa3e1ef891b5bece9a3deb696ff83840d2e -DCOREBOOT_SDK_ROOT_nds32=/home/jpmurphy/.cache/coreboot-sdk/nds32le-elf/d1a518c4a097666d86058e1444f85ca015d15511 -DCOREBOOT_SDK_ROOT_picolibc_riscv64=/home/jpmurphy/.cache/coreboot-sdk/picolibc-riscv64-elf/f571e990ef0278564b31124f8bb109d9a697eb69 -DCOREBOOT_SDK_ROOT_arm=/home/jpmurphy/.cache/coreboot-sdk/arm-eabi/ea40ddd1d190c3b48435c474c0b545719371813a -DCOREBOOT_SDK_ROOT_libstdcxx_riscv64=/home/jpmurphy/.cache/coreboot-sdk/libstdcxx-riscv64-elf/17abf22a3a252e2d5d2062ced5324f7a623689e0 -DCOREBOOT_SDK_ROOT_libstdcxx_arm=/home/jpmurphy/.cache/coreboot-sdk/libstdcxx-arm-eabi/5d7d82e150e44aa1968f1d366e267e6687b328ac -DCOREBOOT_SDK_ROOT_riscv=/home/jpmurphy/.cache/coreboot-sdk/riscv-elf/9a27b9e82341c6e9126624f516ab3f261abb3e73 -DCOREBOOT_SDK_ROOT_libstdcxx_x86=/home/jpmurphy/.cache/coreboot-sdk/libstdcxx-i386-elf/42ef9d2e87a76a37963175d7d428734e65648b87 -DZEPHYR_TOOLCHAIN_VARIANT=coreboot-sdk '-DZEPHYR_MODULES=/mnt/host/source/src/platform/ec/build/zephyr/obiwan/modules/cmsis;/mnt/host/source/src/platform/ec/build/zephyr/obiwan/modules/cmsis_6;/mnt/host/source/src/platform/ec/build/zephyr/obiwan/modules/ec' -DDTC_OVERLAY_FILE=/mnt/host/source/src/platform/ec/zephyr/program/skywalker/obiwan/project.overlay -DBOARD=npcx9/npcx9m7fb -DCMAKE_C_FLAGS=-DSECTION_IS_RW '-DCONF_FILE=/mnt/host/source/src/platform/ec/zephyr/program/skywalker/program.conf;/mnt/host/source/src/platform/ec/zephyr/program/skywalker/obiwan/project.conf;/mnt/host/source/src/platform/ec/build/zephyr/obiwan/kconfig-rw.conf'`
[obiwan:rw] Loading Zephyr default modules (Zephyr base (cached)).
[obiwan:rw] -- Application: /mnt/host/source/src/platform/ec/zephyr/program/skywalker
[obiwan:rw] -- CMake version: 3.31.7
[wugtrio:rw] INFO:root:Version string: Zephyr-Kernel-16543.0.0
[wugtrio:rw] INFO:root:Writing header to /mnt/host/source/src/platform/ec/build/zephyr/wugtrio/build-rw/modules/ec/zephyr/include/ec_version.h
[wugtrio:rw] [4/384] Generating include/generated/zephyr/version.h
[ciri:ro] Configuring.
Running `env -i PYTHONPATH=/usr/lib64/python-exec/python3.11:/mnt/host/source/src/platform/ec/zephyr/zmake:/usr/lib/python311.zip:/usr/lib/python3.11:/usr/lib/python3.11/lib-dynload:/usr/lib/python3.11/site-packages PW_PIGWEED_CIPD_INSTALL_DIR=/usr CROSTC_USER_ACKNOWLEDGES_THAT_RISCV_IS_EXPERIMENTAL=1 PATH=/mnt/host/source/chromite/bin:/usr/local/bin:/usr/bin:/bin:/opt/bin:/mnt/host/source/chromite/sdk/bin:/mnt/host/source/chromite/bin HOME=/home/jpmurphy JAVA_HOME=/etc/java-config-2/current-system-vm JDK_HOME=/etc/java-config-2/current-system-vm JAVAC=/etc/java-config-2/current-system-vm/bin/javac MAKEFLAGS=' -j16 --jobserver-auth=5,6' /usr/bin/cmake -S /mnt/host/source/src/platform/ec/zephyr/program/geralt -B /mnt/host/source/src/platform/ec/build/zephyr/ciri/build-ro -GNinja -DCMAKE_EXPORT_COMPILE_COMMANDS=ON -DZEPHYR_BASE=/mnt/host/source/src/third_party/zephyr/main -DZMAKE_INCLUDE_DIR=/mnt/host/source/src/platform/ec/build/zephyr/ciri/include -DPython3_EXECUTABLE=/usr/bin/python3.11 -DDTS_ROOT=/mnt/host/source/src/platform/ec/zephyr -DSYSCALL_INCLUDE_DIRS=/mnt/host/source/src/platform/ec/zephyr/include/drivers -DUSER_CACHE_DIR=/mnt/host/source/src/platform/ec/build/zephyr/user-cache '-DEXTRA_EC_VERSION_FLAGS=--version 16543.0.0 --static' -DTOOLCHAIN_ROOT=/mnt/host/source/src/platform/ec/zephyr -DCOREBOOT_SDK_ROOT_x86=/home/jpmurphy/.cache/coreboot-sdk/i386-elf/dfbb0486385d938cfa9d73080b9d18d598ed4f49 -DCOREBOOT_SDK_ROOT_picolibc_x86=/home/jpmurphy/.cache/coreboot-sdk/picolibc-i386-elf/eb8e8e687b95461de8cbf278f1c2076952d0ad17 -DCOREBOOT_SDK_ROOT_riscv64=/home/jpmurphy/.cache/coreboot-sdk/riscv64-elf/96b949749225b6aaa92ed810ab769e8dfb12f000 -DCOREBOOT_SDK_ROOT_picolibc_arm=/home/jpmurphy/.cache/coreboot-sdk/picolibc-arm-eabi/422a2aa3e1ef891b5bece9a3deb696ff83840d2e -DCOREBOOT_SDK_ROOT_nds32=/home/jpmurphy/.cache/coreboot-sdk/nds32le-elf/d1a518c4a097666d86058e1444f85ca015d15511 -DCOREBOOT_SDK_ROOT_picolibc_riscv64=/home/jpmurphy/.cache/coreboot-sdk/picolibc-riscv64-elf/f571e990ef0278564b31124f8bb109d9a697eb69 -DCOREBOOT_SDK_ROOT_arm=/home/jpmurphy/.cache/coreboot-sdk/arm-eabi/ea40ddd1d190c3b48435c474c0b545719371813a -DCOREBOOT_SDK_ROOT_libstdcxx_riscv64=/home/jpmurphy/.cache/coreboot-sdk/libstdcxx-riscv64-elf/17abf22a3a252e2d5d2062ced5324f7a623689e0 -DCOREBOOT_SDK_ROOT_libstdcxx_arm=/home/jpmurphy/.cache/coreboot-sdk/libstdcxx-arm-eabi/5d7d82e150e44aa1968f1d366e267e6687b328ac -DCOREBOOT_SDK_ROOT_riscv=/home/jpmurphy/.cache/coreboot-sdk/riscv-elf/9a27b9e82341c6e9126624f516ab3f261abb3e73 -DCOREBOOT_SDK_ROOT_libstdcxx_x86=/home/jpmurphy/.cache/coreboot-sdk/libstdcxx-i386-elf/42ef9d2e87a76a37963175d7d428734e65648b87 -DZEPHYR_TOOLCHAIN_VARIANT=coreboot-sdk -DZEPHYR_MODULES=/mnt/host/source/src/platform/ec/build/zephyr/ciri/modules/ec -DDTC_OVERLAY_FILE=/mnt/host/source/src/platform/ec/zephyr/program/geralt/ciri/project.overlay -DBOARD=it8xxx2/it81202cx -DCMAKE_C_FLAGS=-DSECTION_IS_RO '-DCONF_FILE=/mnt/host/source/src/platform/ec/zephyr/program/geralt/program.conf;/mnt/host/source/src/platform/ec/zephyr/program/geralt/ciri/project.conf;/mnt/host/source/src/platform/ec/build/zephyr/ciri/kconfig-ro.conf'`
[ciri:ro] -- Application: /mnt/host/source/src/platform/ec/zephyr/program/geralt
[ciri:ro] Loading Zephyr default modules (Zephyr base (cached)).
[yavista:ro] -- Found Python3: /usr/bin/python3.11 (found suitable version "3.11.11", minimum required is "3.10") found components: Interpreter
[yavista:ro] -- Cache files will be written to: /mnt/host/source/src/platform/ec/build/zephyr/user-cache
[yavista:ro] -- Zephyr version: 4.3.99 (/mnt/host/source/src/third_party/zephyr/main)
[kodkod:rw] -- Generated pickled edt: /mnt/host/source/src/platform/ec/build/zephyr/kodkod/build-rw/zephyr/edt.pickle
[kodkod:rw] -- Generated devicetree_generated.h: /mnt/host/source/src/platform/ec/build/zephyr/kodkod/build-rw/zephyr/include/generated/zephyr/devicetree_generated.h
[yavista:rw] -- CMake version: 3.31.7
[yavista:rw] -- Found Python3: /usr/bin/python3.11 (found suitable version "3.11.11", minimum required is "3.10") found components: Interpreter
[yavista:rw] -- Cache files will be written to: /mnt/host/source/src/platform/ec/build/zephyr/user-cache
[yavista:rw] -- Zephyr version: 4.3.99 (/mnt/host/source/src/third_party/zephyr/main)
[/mnt/host/source/src/platform/ec/build/zephyr/quenbi-lcov]   /mnt/host/source/src/platform/ec/build/zephyr/quenbi/build-rw/modules/ec/zephyr/CMakeFiles/ec_shim.dir/drivers/keyboard_input/keyboard_customization_check.c.gcno:no functions found
[/mnt/host/source/src/platform/ec/build/zephyr/quenbi-lcov] stderr:
[obiwan:rw] -- Found Python3: /usr/bin/python3.11 (found suitable version "3.11.11", minimum required is "3.10") found components: Interpreter
[obiwan:rw] -- Cache files will be written to: /mnt/host/source/src/platform/ec/build/zephyr/user-cache
[obiwan:rw] -- Zephyr version: 4.3.99 (/mnt/host/source/src/third_party/zephyr/main)
[ciri:ro] -- CMake version: 3.31.7
[ciri:ro] -- Found Python3: /usr/bin/python3.11 (found suitable version "3.11.11", minimum required is "3.10") found components: Interpreter
[ciri:ro] -- Cache files will be written to: /mnt/host/source/src/platform/ec/build/zephyr/user-cache
[ciri:ro] -- Zephyr version: 4.3.99 (/mnt/host/source/src/third_party/zephyr/main)
[wugtrio:rw] -- git describe warned: warning: tag 'upstream/v2.7.99' is externally known as 'v2.7.99'
[wugtrio:rw] -- Zephyr version: 4.3.99 (/mnt/host/source/src/third_party/zephyr/main)
[wugtrio:rw] [5/384] Generating misc/generated/syscalls.json, misc/generated/struct_tags.json
[ciri:rw] Configuring.
Running `env -i PYTHONPATH=/usr/lib64/python-exec/python3.11:/mnt/host/source/src/platform/ec/zephyr/zmake:/usr/lib/python311.zip:/usr/lib/python3.11:/usr/lib/python3.11/lib-dynload:/usr/lib/python3.11/site-packages PW_PIGWEED_CIPD_INSTALL_DIR=/usr CROSTC_USER_ACKNOWLEDGES_THAT_RISCV_IS_EXPERIMENTAL=1 PATH=/mnt/host/source/chromite/bin:/usr/local/bin:/usr/bin:/bin:/opt/bin:/mnt/host/source/chromite/sdk/bin:/mnt/host/source/chromite/bin HOME=/home/jpmurphy JAVA_HOME=/etc/java-config-2/current-system-vm JDK_HOME=/etc/java-config-2/current-system-vm JAVAC=/etc/java-config-2/current-system-vm/bin/javac MAKEFLAGS=' -j16 --jobserver-auth=5,6' /usr/bin/cmake -S /mnt/host/source/src/platform/ec/zephyr/program/geralt -B /mnt/host/source/src/platform/ec/build/zephyr/ciri/build-rw -GNinja -DCMAKE_EXPORT_COMPILE_COMMANDS=ON -DZEPHYR_BASE=/mnt/host/source/src/third_party/zephyr/main -DZMAKE_INCLUDE_DIR=/mnt/host/source/src/platform/ec/build/zephyr/ciri/include -DPython3_EXECUTABLE=/usr/bin/python3.11 -DDTS_ROOT=/mnt/host/source/src/platform/ec/zephyr -DSYSCALL_INCLUDE_DIRS=/mnt/host/source/src/platform/ec/zephyr/include/drivers -DUSER_CACHE_DIR=/mnt/host/source/src/platform/ec/build/zephyr/user-cache '-DEXTRA_EC_VERSION_FLAGS=--version 16543.0.0 --static' -DTOOLCHAIN_ROOT=/mnt/host/source/src/platform/ec/zephyr -DCOREBOOT_SDK_ROOT_x86=/home/jpmurphy/.cache/coreboot-sdk/i386-elf/dfbb0486385d938cfa9d73080b9d18d598ed4f49 -DCOREBOOT_SDK_ROOT_picolibc_x86=/home/jpmurphy/.cache/coreboot-sdk/picolibc-i386-elf/eb8e8e687b95461de8cbf278f1c2076952d0ad17 -DCOREBOOT_SDK_ROOT_riscv64=/home/jpmurphy/.cache/coreboot-sdk/riscv64-elf/96b949749225b6aaa92ed810ab769e8dfb12f000 -DCOREBOOT_SDK_ROOT_picolibc_arm=/home/jpmurphy/.cache/coreboot-sdk/picolibc-arm-eabi/422a2aa3e1ef891b5bece9a3deb696ff83840d2e -DCOREBOOT_SDK_ROOT_nds32=/home/jpmurphy/.cache/coreboot-sdk/nds32le-elf/d1a518c4a097666d86058e1444f85ca015d15511 -DCOREBOOT_SDK_ROOT_picolibc_riscv64=/home/jpmurphy/.cache/coreboot-sdk/picolibc-riscv64-elf/f571e990ef0278564b31124f8bb109d9a697eb69 -DCOREBOOT_SDK_ROOT_arm=/home/jpmurphy/.cache/coreboot-sdk/arm-eabi/ea40ddd1d190c3b48435c474c0b545719371813a -DCOREBOOT_SDK_ROOT_libstdcxx_riscv64=/home/jpmurphy/.cache/coreboot-sdk/libstdcxx-riscv64-elf/17abf22a3a252e2d5d2062ced5324f7a623689e0 -DCOREBOOT_SDK_ROOT_libstdcxx_arm=/home/jpmurphy/.cache/coreboot-sdk/libstdcxx-arm-eabi/5d7d82e150e44aa1968f1d366e267e6687b328ac -DCOREBOOT_SDK_ROOT_riscv=/home/jpmurphy/.cache/coreboot-sdk/riscv-elf/9a27b9e82341c6e9126624f516ab3f261abb3e73 -DCOREBOOT_SDK_ROOT_libstdcxx_x86=/home/jpmurphy/.cache/coreboot-sdk/libstdcxx-i386-elf/42ef9d2e87a76a37963175d7d428734e65648b87 -DZEPHYR_TOOLCHAIN_VARIANT=coreboot-sdk -DZEPHYR_MODULES=/mnt/host/source/src/platform/ec/build/zephyr/ciri/modules/ec -DDTC_OVERLAY_FILE=/mnt/host/source/src/platform/ec/zephyr/program/geralt/ciri/project.overlay -DBOARD=it8xxx2/it81202cx -DCMAKE_C_FLAGS=-DSECTION_IS_RW '-DCONF_FILE=/mnt/host/source/src/platform/ec/zephyr/program/geralt/program.conf;/mnt/host/source/src/platform/ec/zephyr/program/geralt/ciri/project.conf;/mnt/host/source/src/platform/ec/build/zephyr/ciri/kconfig-rw.conf'`
[ciri:rw] Loading Zephyr default modules (Zephyr base (cached)).
[ciri:rw] -- Application: /mnt/host/source/src/platform/ec/zephyr/program/geralt
[ciri:rw] -- CMake version: 3.31.7
[uldrenite-ish:singleimage] -- Generating done (6.1s)
[uldrenite-ish:singleimage] CMake Warning:
[uldrenite-ish:singleimage]   Manually-specified variables were not used by the project:
[uldrenite-ish:singleimage]     COREBOOT_SDK_ROOT_arm
[uldrenite-ish:singleimage]     COREBOOT_SDK_ROOT_libstdcxx_arm
[uldrenite-ish:singleimage]     COREBOOT_SDK_ROOT_libstdcxx_riscv64
[uldrenite-ish:singleimage]     COREBOOT_SDK_ROOT_nds32
[uldrenite-ish:singleimage]     COREBOOT_SDK_ROOT_picolibc_arm
[uldrenite-ish:singleimage]     COREBOOT_SDK_ROOT_picolibc_riscv64
[uldrenite-ish:singleimage]     COREBOOT_SDK_ROOT_riscv
[uldrenite-ish:singleimage]     COREBOOT_SDK_ROOT_riscv64
[uldrenite-ish:singleimage]     PW_ROOT
[uldrenite-ish:singleimage] -- Build files have been written to: /mnt/host/source/src/platform/ec/build/zephyr/uldrenite-ish/build-singleimage
[wugtrio:rw] [6/384] Generating include/generated/zephyr/syscall_dispatch.c, include/generated/zephyr/syscall_exports_llext.c, syscall_weakdefs_llext.c, include/generated/zephyr/syscall_list.h
[wugtrio:rw] [7/384] Generating include/generated/zephyr/driver-validation.h
[ciri:rw] -- Found Python3: /usr/bin/python3.11 (found suitable version "3.11.11", minimum required is "3.10") found components: Interpreter
[ciri:rw] -- Cache files will be written to: /mnt/host/source/src/platform/ec/build/zephyr/user-cache
[ciri:rw] -- Zephyr version: 4.3.99 (/mnt/host/source/src/third_party/zephyr/main)
[wugtrio:rw] [8/384] Generating include/generated/zephyr/kobj-types-enum.h, include/generated/zephyr/otype-to-str.h, include/generated/zephyr/otype-to-size.h
[navi:rw] -- Board: it8xxx2, qualifiers: it82202ax
[wugtrio:rw] [9/384] Generating include/generated/device-api-sections.ld, include/generated/device-api-sections.cmake
[jubilant:ro] -- Board: it8xxx2, qualifiers: it82002aw
[bloonchipper:ro] -- Board: google_dragonclaw, qualifiers: stm32f412cx
[obiwan:ro] Configuring.
Running `env -i PYTHONPATH=/usr/lib64/python-exec/python3.11:/mnt/host/source/src/platform/ec/zephyr/zmake:/usr/lib/python311.zip:/usr/lib/python3.11:/usr/lib/python3.11/lib-dynload:/usr/lib/python3.11/site-packages PW_PIGWEED_CIPD_INSTALL_DIR=/usr CROSTC_USER_ACKNOWLEDGES_THAT_RISCV_IS_EXPERIMENTAL=1 PATH=/mnt/host/source/chromite/bin:/usr/local/bin:/usr/bin:/bin:/opt/bin:/mnt/host/source/chromite/sdk/bin:/mnt/host/source/chromite/bin HOME=/home/jpmurphy JAVA_HOME=/etc/java-config-2/current-system-vm JDK_HOME=/etc/java-config-2/current-system-vm JAVAC=/etc/java-config-2/current-system-vm/bin/javac MAKEFLAGS=' -j16 --jobserver-auth=5,6' /usr/bin/cmake -S /mnt/host/source/src/platform/ec/zephyr/program/skywalker -B /mnt/host/source/src/platform/ec/build/zephyr/obiwan/build-ro -GNinja -DCMAKE_EXPORT_COMPILE_COMMANDS=ON -DZEPHYR_BASE=/mnt/host/source/src/third_party/zephyr/main -DZMAKE_INCLUDE_DIR=/mnt/host/source/src/platform/ec/build/zephyr/obiwan/include -DPython3_EXECUTABLE=/usr/bin/python3.11 -DDTS_ROOT=/mnt/host/source/src/platform/ec/zephyr -DSYSCALL_INCLUDE_DIRS=/mnt/host/source/src/platform/ec/zephyr/include/drivers -DUSER_CACHE_DIR=/mnt/host/source/src/platform/ec/build/zephyr/user-cache '-DEXTRA_EC_VERSION_FLAGS=--version 16543.0.0 --static' -DTOOLCHAIN_ROOT=/mnt/host/source/src/platform/ec/zephyr -DCOREBOOT_SDK_ROOT_x86=/home/jpmurphy/.cache/coreboot-sdk/i386-elf/dfbb0486385d938cfa9d73080b9d18d598ed4f49 -DCOREBOOT_SDK_ROOT_picolibc_x86=/home/jpmurphy/.cache/coreboot-sdk/picolibc-i386-elf/eb8e8e687b95461de8cbf278f1c2076952d0ad17 -DCOREBOOT_SDK_ROOT_riscv64=/home/jpmurphy/.cache/coreboot-sdk/riscv64-elf/96b949749225b6aaa92ed810ab769e8dfb12f000 -DCOREBOOT_SDK_ROOT_picolibc_arm=/home/jpmurphy/.cache/coreboot-sdk/picolibc-arm-eabi/422a2aa3e1ef891b5bece9a3deb696ff83840d2e -DCOREBOOT_SDK_ROOT_nds32=/home/jpmurphy/.cache/coreboot-sdk/nds32le-elf/d1a518c4a097666d86058e1444f85ca015d15511 -DCOREBOOT_SDK_ROOT_picolibc_riscv64=/home/jpmurphy/.cache/coreboot-sdk/picolibc-riscv64-elf/f571e990ef0278564b31124f8bb109d9a697eb69 -DCOREBOOT_SDK_ROOT_arm=/home/jpmurphy/.cache/coreboot-sdk/arm-eabi/ea40ddd1d190c3b48435c474c0b545719371813a -DCOREBOOT_SDK_ROOT_libstdcxx_riscv64=/home/jpmurphy/.cache/coreboot-sdk/libstdcxx-riscv64-elf/17abf22a3a252e2d5d2062ced5324f7a623689e0 -DCOREBOOT_SDK_ROOT_libstdcxx_arm=/home/jpmurphy/.cache/coreboot-sdk/libstdcxx-arm-eabi/5d7d82e150e44aa1968f1d366e267e6687b328ac -DCOREBOOT_SDK_ROOT_riscv=/home/jpmurphy/.cache/coreboot-sdk/riscv-elf/9a27b9e82341c6e9126624f516ab3f261abb3e73 -DCOREBOOT_SDK_ROOT_libstdcxx_x86=/home/jpmurphy/.cache/coreboot-sdk/libstdcxx-i386-elf/42ef9d2e87a76a37963175d7d428734e65648b87 -DZEPHYR_TOOLCHAIN_VARIANT=coreboot-sdk '-DZEPHYR_MODULES=/mnt/host/source/src/platform/ec/build/zephyr/obiwan/modules/cmsis;/mnt/host/source/src/platform/ec/build/zephyr/obiwan/modules/cmsis_6;/mnt/host/source/src/platform/ec/build/zephyr/obiwan/modules/ec' -DDTC_OVERLAY_FILE=/mnt/host/source/src/platform/ec/zephyr/program/skywalker/obiwan/project.overlay -DBOARD=npcx9/npcx9m7fb -DCMAKE_C_FLAGS=-DSECTION_IS_RO '-DCONF_FILE=/mnt/host/source/src/platform/ec/zephyr/program/skywalker/program.conf;/mnt/host/source/src/platform/ec/zephyr/program/skywalker/obiwan/project.conf;/mnt/host/source/src/platform/ec/build/zephyr/obiwan/kconfig-ro.conf'`
[obiwan:ro] Loading Zephyr default modules (Zephyr base (cached)).
[obiwan:ro] -- Application: /mnt/host/source/src/platform/ec/zephyr/program/skywalker
[obiwan:ro] -- CMake version: 3.31.7
[navi:ro] -- Board: it8xxx2, qualifiers: it82202ax
[kodkod:ro] -- Board: realtek, qualifiers: rts5912
[yavista:ro] -- Board: it8xxx2, qualifiers: it81302bx
[kodkod:rw] /mnt/host/source/src/platform/ec/build/zephyr/kodkod/build-rw/zephyr/zephyr.dts:1457.20-1459.5: Warning (simple_bus_reg): /soc/cros-flash: missing or empty reg/ranges property
[kodkod:rw] /mnt/host/source/src/platform/ec/build/zephyr/kodkod/build-rw/zephyr/zephyr.dts:373.40-384.5: Warning (unique_unit_address_if_enabled): /soc/uart_wrapper@40010200: duplicate unit-address (also used in node /soc/flash-controller@40010200)
[yavista:rw] -- Board: it8xxx2, qualifiers: it81302bx
[obiwan:ro] -- Found Python3: /usr/bin/python3.11 (found suitable version "3.11.11", minimum required is "3.10") found components: Interpreter
[obiwan:ro] -- Cache files will be written to: /mnt/host/source/src/platform/ec/build/zephyr/user-cache
[obiwan:ro] -- Zephyr version: 4.3.99 (/mnt/host/source/src/third_party/zephyr/main)
[obiwan:rw] -- Board: npcx9, qualifiers: npcx9m7fb
[wugtrio:rw] [10/384] Building C object zephyr/CMakeFiles/offsets.dir/arch/riscv/core/offsets/offsets.c.obj
[ciri:ro] -- Board: it8xxx2, qualifiers: it81202cx
[/mnt/host/source/src/platform/ec/build/zephyr/quenbi-lcov]   /mnt/host/source/src/platform/ec/build/zephyr/quenbi/build-rw/CMakeFiles/app.dir/mnt/host/source/src/platform/ec/build/zephyr/quenbi/modules/ec/common/cbi_config.c.gcno:no functions found
[/mnt/host/source/src/platform/ec/build/zephyr/quenbi-lcov] stderr:
[wugtrio:rw] [11/384] Generating include/generated/zephyr/offsets.h
[ciri:rw] -- Board: it8xxx2, qualifiers: it81202cx
[wugtrio:rw] [12/384] Building C object CMakeFiles/app.dir/mnt/host/source/src/platform/ec/zephyr/subsys/ap_pwrseq/ap_events.c.obj
[navi:rw] -- Found Dtc: /usr/bin/dtc (found suitable version "1.6.0", minimum required is "1.4.6")
[navi:rw] -- Found BOARD.dts: /mnt/host/source/src/platform/ec/zephyr/boards/google/it8xxx2/it8xxx2_it82202ax.dts
[navi:rw] -- Found devicetree overlay: /mnt/host/source/src/platform/ec/zephyr/program/rauru/navi/project.overlay
[jubilant:ro] -- Found Dtc: /usr/bin/dtc (found suitable version "1.6.0", minimum required is "1.4.6")
[jubilant:ro] -- Found BOARD.dts: /mnt/host/source/src/platform/ec/zephyr/boards/google/it8xxx2/it8xxx2_it82002aw.dts
[jubilant:ro] -- Found devicetree overlay: /mnt/host/source/src/platform/ec/zephyr/program/brox/jubilant/project.overlay
[bloonchipper:ro] -- Found Dtc: /usr/bin/dtc (found suitable version "1.6.0", minimum required is "1.4.6")
[bloonchipper:ro] -- Found BOARD.dts: /mnt/host/source/src/third_party/zephyr/main/boards/google/dragonclaw/google_dragonclaw.dts
[bloonchipper:ro] -- Found devicetree overlay: /mnt/host/source/src/platform/ec/zephyr/program/fpmcu/bloonchipper/bloonchipper.dts
[bloonchipper:ro] -- Found devicetree overlay: /mnt/host/source/src/platform/ec/zephyr/program/fpmcu/bloonchipper/ec_quirks.dts
[kodkod:ro] -- Found Dtc: /usr/bin/dtc (found suitable version "1.6.0", minimum required is "1.4.6")
[kodkod:ro] -- Found BOARD.dts: /mnt/host/source/src/platform/ec/zephyr/boards/google/realtek/realtek_rts5912.dts
[obiwan:ro] -- Board: npcx9, qualifiers: npcx9m7fb
[/mnt/host/source/src/platform/ec/build/zephyr/epic-lcov]   /mnt/host/source/src/platform/ec/build/zephyr/epic/build-rw/CMakeFiles/app.dir/mnt/host/source/src/platform/ec/build/zephyr/epic/modules/ec/common/cbi_config.c.gcno:no functions found
[/mnt/host/source/src/platform/ec/build/zephyr/epic-lcov] stderr:
[navi:ro] -- Found Dtc: /usr/bin/dtc (found suitable version "1.6.0", minimum required is "1.4.6")
[navi:ro] -- Found BOARD.dts: /mnt/host/source/src/platform/ec/zephyr/boards/google/it8xxx2/it8xxx2_it82202ax.dts
[navi:ro] -- Found devicetree overlay: /mnt/host/source/src/platform/ec/zephyr/program/rauru/navi/project.overlay
[/mnt/host/source/src/platform/ec/build/zephyr/quenbi-lcov]   /mnt/host/source/src/platform/ec/build/zephyr/quenbi/build-rw/zephyr/arch/arch/arm/core/mpu/CMakeFiles/arch__arm__core__mpu.dir/arm_mpu_regions.c.gcno:no functions found
[/mnt/host/source/src/platform/ec/build/zephyr/quenbi-lcov] stderr:
[yavista:rw] -- Found Dtc: /usr/bin/dtc (found suitable version "1.6.0", minimum required is "1.4.6")
[yavista:ro] -- Found Dtc: /usr/bin/dtc (found suitable version "1.6.0", minimum required is "1.4.6")
[yavista:rw] -- Found BOARD.dts: /mnt/host/source/src/platform/ec/zephyr/boards/google/it8xxx2/it8xxx2_it81302bx.dts
[yavista:rw] -- Found devicetree overlay: /mnt/host/source/src/platform/ec/zephyr/program/nissa/yavista/project.overlay
[yavista:ro] -- Found BOARD.dts: /mnt/host/source/src/platform/ec/zephyr/boards/google/it8xxx2/it8xxx2_it81302bx.dts
[yavista:ro] -- Found devicetree overlay: /mnt/host/source/src/platform/ec/zephyr/program/nissa/yavista/project.overlay
[wugtrio:rw] [13/384] Building C object CMakeFiles/app.dir/mnt/host/source/src/platform/ec/build/zephyr/wugtrio/modules/ec/builtin/stdlib.c.obj
[obiwan:rw] -- Found Dtc: /usr/bin/dtc (found suitable version "1.6.0", minimum required is "1.4.6")
[obiwan:rw] -- Found BOARD.dts: /mnt/host/source/src/platform/ec/zephyr/boards/google/npcx9/npcx9_npcx9m7fb.dts
[obiwan:rw] -- Found devicetree overlay: /mnt/host/source/src/platform/ec/zephyr/program/skywalker/obiwan/project.overlay
[/mnt/host/source/src/platform/ec/build/zephyr/epic-lcov]   /mnt/host/source/src/platform/ec/build/zephyr/epic/build-rw/zephyr/arch/arch/riscv/core/CMakeFiles/arch__riscv__core.dir/cpu_idle.c.gcno:no functions found
[/mnt/host/source/src/platform/ec/build/zephyr/epic-lcov] stderr:
[ciri:ro] -- Found Dtc: /usr/bin/dtc (found suitable version "1.6.0", minimum required is "1.4.6")
[ciri:ro] -- Found BOARD.dts: /mnt/host/source/src/platform/ec/zephyr/boards/google/it8xxx2/it8xxx2_it81202cx.dts
[ciri:ro] -- Found devicetree overlay: /mnt/host/source/src/platform/ec/zephyr/program/geralt/ciri/project.overlay
[ciri:rw] -- Found Dtc: /usr/bin/dtc (found suitable version "1.6.0", minimum required is "1.4.6")
[ciri:rw] -- Found BOARD.dts: /mnt/host/source/src/platform/ec/zephyr/boards/google/it8xxx2/it8xxx2_it81202cx.dts
[ciri:rw] -- Found devicetree overlay: /mnt/host/source/src/platform/ec/zephyr/program/geralt/ciri/project.overlay
[wugtrio:rw] [14/384] Building C object CMakeFiles/app.dir/mnt/host/source/src/platform/ec/build/zephyr/wugtrio/modules/ec/common/base32.c.obj
[/mnt/host/source/src/platform/ec/build/zephyr/quenbi-lcov]   /mnt/host/source/src/platform/ec/build/zephyr/quenbi/build-rw/zephyr/arch/common/CMakeFiles/isr_tables.dir/isr_tables.c.gcno:no functions found
[/mnt/host/source/src/platform/ec/build/zephyr/quenbi-lcov] stderr:
[kodkod:rw] warning: Deprecated symbol I2C_ALLOW_NO_STOP_TRANSACTIONS is enabled.
[bloonchipper:ro] -- Generated zephyr.dts: /mnt/host/source/src/platform/ec/build/zephyr/bloonchipper/build-ro/zephyr/zephyr.dts
[bloonchipper:ro] -- Generated pickled edt: /mnt/host/source/src/platform/ec/build/zephyr/bloonchipper/build-ro/zephyr/edt.pickle
[kodkod:ro] -- Found devicetree overlay: /mnt/host/source/src/platform/ec/zephyr/program/ocelot/kodkod/project.overlay
[kodkod:ro] -- Generated zephyr.dts: /mnt/host/source/src/platform/ec/build/zephyr/kodkod/build-ro/zephyr/zephyr.dts
[jubilant:ro] -- Generated zephyr.dts: /mnt/host/source/src/platform/ec/build/zephyr/jubilant/build-ro/zephyr/zephyr.dts
[navi:rw] -- Generated zephyr.dts: /mnt/host/source/src/platform/ec/build/zephyr/navi/build-rw/zephyr/zephyr.dts
[bloonchipper:ro] -- Generated devicetree_generated.h: /mnt/host/source/src/platform/ec/build/zephyr/bloonchipper/build-ro/zephyr/include/generated/zephyr/devicetree_generated.h
[obiwan:ro] -- Found Dtc: /usr/bin/dtc (found suitable version "1.6.0", minimum required is "1.4.6")
[obiwan:ro] -- Found BOARD.dts: /mnt/host/source/src/platform/ec/zephyr/boards/google/npcx9/npcx9_npcx9m7fb.dts
[obiwan:ro] -- Found devicetree overlay: /mnt/host/source/src/platform/ec/zephyr/program/skywalker/obiwan/project.overlay
[/mnt/host/source/src/platform/ec/build/zephyr/epic-lcov]   /mnt/host/source/src/platform/ec/build/zephyr/epic/build-rw/zephyr/arch/common/CMakeFiles/isr_tables.dir/isr_tables.c.gcno:no functions found
[/mnt/host/source/src/platform/ec/build/zephyr/epic-lcov] stderr:
[kodkod:rw] Parsing /mnt/host/source/src/platform/ec/zephyr/program/ocelot/Kconfig
[kodkod:ro] -- Generated pickled edt: /mnt/host/source/src/platform/ec/build/zephyr/kodkod/build-ro/zephyr/edt.pickle
[kodkod:ro] -- Generated devicetree_generated.h: /mnt/host/source/src/platform/ec/build/zephyr/kodkod/build-ro/zephyr/include/generated/zephyr/devicetree_generated.h
[wugtrio:rw] [15/384] Building C object CMakeFiles/app.dir/mnt/host/source/src/platform/ec/build/zephyr/wugtrio/modules/ec/common/console_output.c.obj
[navi:ro] -- Generated zephyr.dts: /mnt/host/source/src/platform/ec/build/zephyr/navi/build-ro/zephyr/zephyr.dts
[navi:ro] -- Generated pickled edt: /mnt/host/source/src/platform/ec/build/zephyr/navi/build-ro/zephyr/edt.pickle
[jubilant:ro] -- Generated pickled edt: /mnt/host/source/src/platform/ec/build/zephyr/jubilant/build-ro/zephyr/edt.pickle
[jubilant:ro] -- Generated devicetree_generated.h: /mnt/host/source/src/platform/ec/build/zephyr/jubilant/build-ro/zephyr/include/generated/zephyr/devicetree_generated.h
[yavista:rw] -- Generated zephyr.dts: /mnt/host/source/src/platform/ec/build/zephyr/yavista/build-rw/zephyr/zephyr.dts
[yavista:rw] -- Generated pickled edt: /mnt/host/source/src/platform/ec/build/zephyr/yavista/build-rw/zephyr/edt.pickle
[navi:rw] -- Generated pickled edt: /mnt/host/source/src/platform/ec/build/zephyr/navi/build-rw/zephyr/edt.pickle
[navi:rw] -- Generated devicetree_generated.h: /mnt/host/source/src/platform/ec/build/zephyr/navi/build-rw/zephyr/include/generated/zephyr/devicetree_generated.h
[yavista:ro] -- Generated zephyr.dts: /mnt/host/source/src/platform/ec/build/zephyr/yavista/build-ro/zephyr/zephyr.dts
[yavista:ro] -- Generated pickled edt: /mnt/host/source/src/platform/ec/build/zephyr/yavista/build-ro/zephyr/edt.pickle
[ciri:ro] -- Generated zephyr.dts: /mnt/host/source/src/platform/ec/build/zephyr/ciri/build-ro/zephyr/zephyr.dts
[navi:ro] -- Generated devicetree_generated.h: /mnt/host/source/src/platform/ec/build/zephyr/navi/build-ro/zephyr/include/generated/zephyr/devicetree_generated.h
[obiwan:rw] -- Generated zephyr.dts: /mnt/host/source/src/platform/ec/build/zephyr/obiwan/build-rw/zephyr/zephyr.dts
[yavista:rw] -- Generated devicetree_generated.h: /mnt/host/source/src/platform/ec/build/zephyr/yavista/build-rw/zephyr/include/generated/zephyr/devicetree_generated.h
[kodkod:rw] Loaded configuration '/mnt/host/source/src/platform/ec/zephyr/boards/google/realtek/realtek_rts5912_defconfig'
[kodkod:rw] Merged configuration '/mnt/host/source/src/platform/ec/zephyr/program/ocelot/program.conf'
[kodkod:rw] Merged configuration '/mnt/host/source/src/platform/ec/zephyr/program/ocelot/kodkod/project.conf'
[kodkod:rw] Merged configuration '/mnt/host/source/src/platform/ec/build/zephyr/kodkod/kconfig-rw.conf'
[kodkod:rw] Configuration saved to '/mnt/host/source/src/platform/ec/build/zephyr/kodkod/build-rw/zephyr/.config'
[kodkod:rw] Kconfig header saved to '/mnt/host/source/src/platform/ec/build/zephyr/kodkod/build-rw/zephyr/include/generated/zephyr/autoconf.h'
[kodkod:rw] -- Found GnuLd: /home/jpmurphy/.cache/coreboot-sdk/arm-eabi/ea40ddd1d190c3b48435c474c0b545719371813a/arm-eabi/bin/ld.bfd (found version "2.43.1")
[wugtrio:rw] [16/384] Building C object CMakeFiles/app.dir/mnt/host/source/src/platform/ec/build/zephyr/wugtrio/modules/ec/common/ec_features.c.obj
[yavista:ro] -- Generated devicetree_generated.h: /mnt/host/source/src/platform/ec/build/zephyr/yavista/build-ro/zephyr/include/generated/zephyr/devicetree_generated.h
[kodkod:rw] -- The C compiler identification is GNU 14.2.0
[bloonchipper:ro] /mnt/host/source/src/platform/ec/build/zephyr/bloonchipper/build-ro/zephyr/zephyr.dts:1293.32-1295.5: Warning (simple_bus_reg): /soc/cros-flash: missing or empty reg/ranges property
[ciri:rw] -- Generated zephyr.dts: /mnt/host/source/src/platform/ec/build/zephyr/ciri/build-rw/zephyr/zephyr.dts
[ciri:ro] -- Generated pickled edt: /mnt/host/source/src/platform/ec/build/zephyr/ciri/build-ro/zephyr/edt.pickle
[ciri:ro] -- Generated devicetree_generated.h: /mnt/host/source/src/platform/ec/build/zephyr/ciri/build-ro/zephyr/include/generated/zephyr/devicetree_generated.h
[kodkod:rw] -- The CXX compiler identification is GNU 14.2.0
[kodkod:ro] /mnt/host/source/src/platform/ec/build/zephyr/kodkod/build-ro/zephyr/zephyr.dts:1457.20-1459.5: Warning (simple_bus_reg): /soc/cros-flash: missing or empty reg/ranges property
[kodkod:ro] /mnt/host/source/src/platform/ec/build/zephyr/kodkod/build-ro/zephyr/zephyr.dts:373.40-384.5: Warning (unique_unit_address_if_enabled): /soc/uart_wrapper@40010200: duplicate unit-address (also used in node /soc/flash-controller@40010200)
[obiwan:rw] -- Generated pickled edt: /mnt/host/source/src/platform/ec/build/zephyr/obiwan/build-rw/zephyr/edt.pickle
[obiwan:rw] -- Generated devicetree_generated.h: /mnt/host/source/src/platform/ec/build/zephyr/obiwan/build-rw/zephyr/include/generated/zephyr/devicetree_generated.h
[kodkod:rw] -- The ASM compiler identification is GNU
[kodkod:rw] -- Found assembler: /home/jpmurphy/.cache/coreboot-sdk/arm-eabi/ea40ddd1d190c3b48435c474c0b545719371813a/bin/arm-eabi-gcc
[kodkod:rw] CMake Warning at /mnt/host/source/src/platform/ec/zephyr/cmake/linker/ld/linker_libraries.cmake:11 (message):
[kodkod:rw]   Disabling c_library
[kodkod:rw] Call Stack (most recent call first):
[kodkod:rw]   /mnt/host/source/src/third_party/zephyr/main/cmake/target_toolchain_flags.cmake:48 (include)
[kodkod:rw]   /mnt/host/source/src/third_party/zephyr/main/cmake/modules/kernel.cmake:153 (include)
[kodkod:rw]   /mnt/host/source/src/third_party/zephyr/main/cmake/modules/zephyr_default.cmake:138 (include)
[kodkod:rw]   /mnt/host/source/src/third_party/zephyr/main/share/zephyr-package/cmake/ZephyrConfig.cmake:66 (include)
[jubilant:ro] /mnt/host/source/src/platform/ec/build/zephyr/jubilant/build-ro/zephyr/zephyr.dts:1352.27-2076.5: Warning (avoid_unnecessary_addr_size): /soc/pin-controller: unnecessary #address-cells/#size-cells without "ranges" or child "reg" property
[jubilant:ro] /mnt/host/source/src/platform/ec/build/zephyr/jubilant/build-ro/zephyr/zephyr.dts:3570.9-3578.5: Warning (gpios_property): /fans/fan_0: Missing property '#gpio-cells' in node /named-gpios/en_pp5000_fan or bad phandle (referred from enable-gpio[0])
[navi:rw] /mnt/host/source/src/platform/ec/build/zephyr/navi/build-rw/zephyr/zephyr.dts:1257.27-1989.5: Warning (avoid_unnecessary_addr_size): /soc/pin-controller: unnecessary #address-cells/#size-cells without "ranges" or child "reg" property
[ciri:rw] -- Generated pickled edt: /mnt/host/source/src/platform/ec/build/zephyr/ciri/build-rw/zephyr/edt.pickle
[ciri:rw] -- Generated devicetree_generated.h: /mnt/host/source/src/platform/ec/build/zephyr/ciri/build-rw/zephyr/include/generated/zephyr/devicetree_generated.h
[wugtrio:rw] [17/384] Building C object CMakeFiles/app.dir/mnt/host/source/src/platform/ec/build/zephyr/wugtrio/modules/ec/common/gpio_commands.c.obj
[navi:ro] /mnt/host/source/src/platform/ec/build/zephyr/navi/build-ro/zephyr/zephyr.dts:1257.27-1989.5: Warning (avoid_unnecessary_addr_size): /soc/pin-controller: unnecessary #address-cells/#size-cells without "ranges" or child "reg" property
[obiwan:ro] -- Generated zephyr.dts: /mnt/host/source/src/platform/ec/build/zephyr/obiwan/build-ro/zephyr/zephyr.dts
[obiwan:ro] -- Generated pickled edt: /mnt/host/source/src/platform/ec/build/zephyr/obiwan/build-ro/zephyr/edt.pickle
[kodkod:rw] -- Performing EC specific devicetree checks
[yavista:rw] /mnt/host/source/src/platform/ec/build/zephyr/yavista/build-rw/zephyr/zephyr.dts:1224.27-1953.5: Warning (avoid_unnecessary_addr_size): /soc/pin-controller: unnecessary #address-cells/#size-cells without "ranges" or child "reg" property
[yavista:rw] /mnt/host/source/src/platform/ec/build/zephyr/yavista/build-rw/zephyr/zephyr.dts:2875.9-2883.5: Warning (gpios_property): /fans/fan_0: Missing property '#gpio-cells' in node /named-gpios/fan-enable or bad phandle (referred from enable-gpio[0])
[yavista:ro] /mnt/host/source/src/platform/ec/build/zephyr/yavista/build-ro/zephyr/zephyr.dts:1224.27-1953.5: Warning (avoid_unnecessary_addr_size): /soc/pin-controller: unnecessary #address-cells/#size-cells without "ranges" or child "reg" property
[kodkod:rw]   /mnt/host/source/src/third_party/zephyr/main/share/zephyr-package/cmake/ZephyrConfig.cmake:97 (include_boilerplate)
[kodkod:rw]   CMakeLists.txt:7 (find_package)
[kodkod:rw] INFO: Verified 27 GPIOs, no duplicates found
[kodkod:rw] INFO: Verified 28 '*-gpios' properties, all flags match.
[ciri:ro] /mnt/host/source/src/platform/ec/build/zephyr/ciri/build-ro/zephyr/zephyr.dts:1208.27-1935.5: Warning (avoid_unnecessary_addr_size): /soc/pin-controller: unnecessary #address-cells/#size-cells without "ranges" or child "reg" property
[wugtrio:rw] [18/384] Building C object CMakeFiles/app.dir/mnt/host/source/src/platform/ec/build/zephyr/wugtrio/modules/ec/common/peripheral.c.obj
[obiwan:ro] -- Generated devicetree_generated.h: /mnt/host/source/src/platform/ec/build/zephyr/obiwan/build-ro/zephyr/include/generated/zephyr/devicetree_generated.h
[kodkod:rw] -- Generating component manifest file
[kodkod:rw] INFO: Skipped 4 named-gpios children.
[kodkod:rw] INFO: Running CME, outputting to /mnt/host/source/src/platform/ec/build/zephyr/kodkod/build-rw/zephyr/component_manifest.json
[kodkod:rw] INFO: Project kodkod does not support SSFC
[kodkod:rw] INFO: No motionsense-sensor node found
[ciri:rw] /mnt/host/source/src/platform/ec/build/zephyr/ciri/build-rw/zephyr/zephyr.dts:1208.27-1935.5: Warning (avoid_unnecessary_addr_size): /soc/pin-controller: unnecessary #address-cells/#size-cells without "ranges" or child "reg" property
[kodkod:rw] -- warning_base_override: -Wall;-Wformat;-Wformat-security;-Wformat;-Wno-format-zero-length;-Wno-pointer-sign;-Wpointer-arith;-Wexpansion-to-defined
[/mnt/host/source/src/platform/ec/build/zephyr/quenbi-lcov]   /mnt/host/source/src/platform/ec/build/zephyr/quenbi/build-rw/zephyr/CMakeFiles/zephyr.dir/subsys/shell/modules/kernel_service/kernel_shell.c.gcno:no functions found
[/mnt/host/source/src/platform/ec/build/zephyr/quenbi-lcov] stderr:
[wugtrio:rw] [19/384] Building C object CMakeFiles/app.dir/mnt/host/source/src/platform/ec/build/zephyr/wugtrio/modules/ec/common/printf.c.obj
[/mnt/host/source/src/platform/ec/build/zephyr/quenbi-lcov]   /mnt/host/source/src/platform/ec/build/zephyr/quenbi/build-rw/zephyr/CMakeFiles/zephyr.dir/lib/libc/validate_libc.c.gcno:no functions found
[/mnt/host/source/src/platform/ec/build/zephyr/quenbi-lcov] stderr:
[kodkod:rw] -- Found gen_kobject_list: /mnt/host/source/src/third_party/zephyr/main/scripts/build/gen_kobject_list.py
[kodkod:rw] CMake Warning at /mnt/host/source/src/third_party/zephyr/main/CMakeLists.txt:1134 (message):
[kodkod:rw]   No SOURCES given to Zephyr library: drivers__syscon
[kodkod:rw]   Excluding target from build.
[kodkod:rw] CMake Warning at /mnt/host/source/src/third_party/zephyr/main/CMakeLists.txt:2359 (message):
[kodkod:rw]   __ASSERT() statements are globally ENABLED
[kodkod:rw] -- Configuring done (14.6s)
[bloonchipper:ro] warning: Deprecated symbol POSIX_READER_WRITER_LOCKS is enabled.
[bloonchipper:ro] warning: Deprecated symbol REQUIRES_STD_C99 is enabled.
[bloonchipper:ro] warning: Deprecated symbol REQUIRES_STD_C11 is enabled.
[bloonchipper:ro] warning: Deprecated symbol STD_C11 is enabled.
[kodkod:ro] warning: Deprecated symbol I2C_ALLOW_NO_STOP_TRANSACTIONS is enabled.
[/mnt/host/source/src/platform/ec/build/zephyr/epic-lcov]   /mnt/host/source/src/platform/ec/build/zephyr/epic/build-rw/zephyr/CMakeFiles/zephyr.dir/subsys/shell/modules/kernel_service/kernel_shell.c.gcno:no functions found
[/mnt/host/source/src/platform/ec/build/zephyr/epic-lcov] stderr:
[wugtrio:rw] [20/384] Building C object CMakeFiles/app.dir/mnt/host/source/src/platform/ec/build/zephyr/wugtrio/modules/ec/common/queue.c.obj
[kodkod:rw] -- Generating done (0.5s)
[kodkod:rw] CMake Warning:
[kodkod:rw]   Manually-specified variables were not used by the project:
[kodkod:rw]     COREBOOT_SDK_ROOT_libstdcxx_riscv64
[kodkod:rw]     COREBOOT_SDK_ROOT_libstdcxx_x86
[kodkod:rw]     COREBOOT_SDK_ROOT_nds32
[kodkod:rw]     COREBOOT_SDK_ROOT_picolibc_riscv64
[kodkod:rw]     COREBOOT_SDK_ROOT_picolibc_x86
[kodkod:rw]     COREBOOT_SDK_ROOT_riscv
[kodkod:rw]     COREBOOT_SDK_ROOT_riscv64
[kodkod:rw]     COREBOOT_SDK_ROOT_x86
[kodkod:rw] -- Build files have been written to: /mnt/host/source/src/platform/ec/build/zephyr/kodkod/build-rw
[/mnt/host/source/src/platform/ec/build/zephyr/epic-lcov]   /mnt/host/source/src/platform/ec/build/zephyr/epic/build-rw/zephyr/CMakeFiles/zephyr.dir/lib/libc/validate_libc.c.gcno:no functions found
[/mnt/host/source/src/platform/ec/build/zephyr/epic-lcov] stderr:
[jubilant:ro] warning: PLATFORM_EC_SENSOR_EC_RATE_FORCE_MODE (defined at
[jubilant:ro] /mnt/host/source/src/platform/ec/zephyr/Kconfig.motionsense:21) was assigned the value 'y' but got
[jubilant:ro] the value 'n'. Check these unsatisfied dependencies: PLATFORM_EC_MOTIONSENSE (=n). See
[jubilant:ro] http://docs.zephyrproject.org/latest/kconfig.html#CONFIG_PLATFORM_EC_SENSOR_EC_RATE_FORCE_MODE
[jubilant:ro] and/or look up PLATFORM_EC_SENSOR_EC_RATE_FORCE_MODE in the menuconfig/guiconfig interface. The
[jubilant:ro] Application Development Primer, Setting Configuration Values, and Kconfig - Tips and Best Practices
[jubilant:ro] sections of the manual might be helpful too.
[jubilant:ro] warning: PLATFORM_EC_ACCEL_FIFO (defined at
[jubilant:ro] /mnt/host/source/src/platform/ec/zephyr/Kconfig.motionsense:46) was assigned the value 'y' but got
[jubilant:ro] the value 'n'. Check these unsatisfied dependencies: PLATFORM_EC_MOTIONSENSE (=n). See
[jubilant:ro] http://docs.zephyrproject.org/latest/kconfig.html#CONFIG_PLATFORM_EC_ACCEL_FIFO and/or look up
[jubilant:ro] PLATFORM_EC_ACCEL_FIFO in the menuconfig/guiconfig interface. The Application Development Primer,
[jubilant:ro] Setting Configuration Values, and Kconfig - Tips and Best Practices sections of the manual might be
[jubilant:ro] helpful too.
[jubilant:ro] warning: PLATFORM_EC_SENSOR_TIGHT_TIMESTAMPS (defined at
[jubilant:ro] /mnt/host/source/src/platform/ec/zephyr/Kconfig.motionsense:69) was assigned the value 'y' but got
[jubilant:ro] the value 'n'. Check these unsatisfied dependencies: PLATFORM_EC_MOTIONSENSE (=n). See
[jubilant:ro] http://docs.zephyrproject.org/latest/kconfig.html#CONFIG_PLATFORM_EC_SENSOR_TIGHT_TIMESTAMPS and/or
[jubilant:ro] look up PLATFORM_EC_SENSOR_TIGHT_TIMESTAMPS in the menuconfig/guiconfig interface. The Application
[jubilant:ro] Development Primer, Setting Configuration Values, and Kconfig - Tips and Best Practices sections of
[jubilant:ro] the manual might be helpful too.
[jubilant:ro] warning: PLATFORM_EC_DYNAMIC_MOTION_SENSOR_COUNT (defined at
[jubilant:ro] /mnt/host/source/src/platform/ec/zephyr/Kconfig.motionsense:111) was assigned the value 'y' but got
[jubilant:ro] the value 'n'. Check these unsatisfied dependencies: PLATFORM_EC_MOTIONSENSE (=n). See
[jubilant:ro] http://docs.zephyrproject.org/latest/kconfig.html#CONFIG_PLATFORM_EC_DYNAMIC_MOTION_SENSOR_COUNT
[jubilant:ro] and/or look up PLATFORM_EC_DYNAMIC_MOTION_SENSOR_COUNT in the menuconfig/guiconfig interface. The
[jubilant:ro] Application Development Primer, Setting Configuration Values, and Kconfig - Tips and Best Practices
[jubilant:ro] sections of the manual might be helpful too.
[jubilant:ro] warning: PLATFORM_EC_LID_ANGLE (defined at
[jubilant:ro] /mnt/host/source/src/platform/ec/zephyr/Kconfig.motionsense:116) was assigned the value 'y' but got
[jubilant:ro] the value 'n'. Check these unsatisfied dependencies: PLATFORM_EC_MOTIONSENSE (=n). See
[jubilant:ro] http://docs.zephyrproject.org/latest/kconfig.html#CONFIG_PLATFORM_EC_LID_ANGLE and/or look up
[jubilant:ro] PLATFORM_EC_LID_ANGLE in the menuconfig/guiconfig interface. The Application Development Primer,
[jubilant:ro] Setting Configuration Values, and Kconfig - Tips and Best Practices sections of the manual might be
[jubilant:ro] helpful too.
[jubilant:ro] warning: PLATFORM_EC_LID_ANGLE_UPDATE (defined at
[jubilant:ro] /mnt/host/source/src/platform/ec/zephyr/Kconfig.motionsense:127) was assigned the value 'y' but got
[jubilant:ro] the value 'n'. Check these unsatisfied dependencies: PLATFORM_EC_LID_ANGLE (=n),
[jubilant:ro] PLATFORM_EC_MOTIONSENSE (=n). See
[jubilant:ro] http://docs.zephyrproject.org/latest/kconfig.html#CONFIG_PLATFORM_EC_LID_ANGLE_UPDATE and/or look up
[jubilant:ro] PLATFORM_EC_LID_ANGLE_UPDATE in the menuconfig/guiconfig interface. The Application Development
[jubilant:ro] Primer, Setting Configuration Values, and Kconfig - Tips and Best Practices sections of the manual
[jubilant:ro] might be helpful too.
[jubilant:ro] warning: PLATFORM_EC_CONSOLE_CMD_ACCELS (defined at
[jubilant:ro] /mnt/host/source/src/platform/ec/zephyr/Kconfig.motionsense:143) was assigned the value 'y' but got
[jubilant:ro] the value 'n'. Check these unsatisfied dependencies: PLATFORM_EC_MOTIONSENSE (=n). See
[jubilant:ro] http://docs.zephyrproject.org/latest/kconfig.html#CONFIG_PLATFORM_EC_CONSOLE_CMD_ACCELS and/or look
[jubilant:ro] up PLATFORM_EC_CONSOLE_CMD_ACCELS in the menuconfig/guiconfig interface. The Application Development
[jubilant:ro] Primer, Setting Configuration Values, and Kconfig - Tips and Best Practices sections of the manual
[jubilant:ro] might be helpful too.
[jubilant:ro] warning: PLATFORM_EC_CONSOLE_CMD_ACCEL_INFO (defined at
[jubilant:ro] /mnt/host/source/src/platform/ec/zephyr/Kconfig.motionsense:159) was assigned the value 'y' but got
[jubilant:ro] the value 'n'. Check these unsatisfied dependencies: PLATFORM_EC_CONSOLE_CMD_ACCELS (=n),
[jubilant:ro] PLATFORM_EC_MOTIONSENSE (=n). See
[jubilant:ro] http://docs.zephyrproject.org/latest/kconfig.html#CONFIG_PLATFORM_EC_CONSOLE_CMD_ACCEL_INFO and/or
[jubilant:ro] look up PLATFORM_EC_CONSOLE_CMD_ACCEL_INFO in the menuconfig/guiconfig interface. The Application
[jubilant:ro] Development Primer, Setting Configuration Values, and Kconfig - Tips and Best Practices sections of
[jubilant:ro] the manual might be helpful too.
Toolchain <zmake.toolchains.CorebootSdkToolchain object at 0x7f412047d390> selected by probe function.
[felino] Building in /mnt/host/source/src/platform/ec/build/zephyr/felino.
[bloonchipper:ro] Parsing /mnt/host/source/src/platform/ec/zephyr/program/fpmcu/Kconfig
[kodkod:ro] Parsing /mnt/host/source/src/platform/ec/zephyr/program/ocelot/Kconfig
[/mnt/host/source/src/platform/ec/build/zephyr/quenbi-lcov]   /mnt/host/source/src/platform/ec/build/zephyr/quenbi/build-rw/zephyr/CMakeFiles/zephyr.dir/lib/utils/last_section_id.c.gcno:no functions found
[/mnt/host/source/src/platform/ec/build/zephyr/quenbi-lcov] stderr:
[jubilant:ro] Parsing /mnt/host/source/src/platform/ec/zephyr/program/brox/Kconfig
[yavista:rw] warning: THREAD_MAX_NAME_LEN (defined at
[yavista:rw] /mnt/host/source/src/platform/ec/zephyr/Kconfig.defaults:19, kernel/Kconfig:504) was assigned the
[yavista:rw] value '12' but got the value '16'. See
[yavista:rw] http://docs.zephyrproject.org/latest/kconfig.html#CONFIG_THREAD_MAX_NAME_LEN and/or look up
[yavista:rw] THREAD_MAX_NAME_LEN in the menuconfig/guiconfig interface. The Application Development Primer,
[yavista:rw] Setting Configuration Values, and Kconfig - Tips and Best Practices sections of the manual might be
[yavista:rw] helpful too.
[yavista:rw] warning: PLATFORM_EC_ACCEL_FIFO (defined at
[yavista:rw] /mnt/host/source/src/platform/ec/zephyr/Kconfig.motionsense:46) was assigned the value 'y' but got
[yavista:rw] the value 'n'. Check these unsatisfied dependencies: PLATFORM_EC_MOTIONSENSE (=n). See
[yavista:rw] http://docs.zephyrproject.org/latest/kconfig.html#CONFIG_PLATFORM_EC_ACCEL_FIFO and/or look up
[yavista:rw] PLATFORM_EC_ACCEL_FIFO in the menuconfig/guiconfig interface. The Application Development Primer,
[yavista:rw] Setting Configuration Values, and Kconfig - Tips and Best Practices sections of the manual might be
[yavista:rw] helpful too.
[yavista:rw] warning: PLATFORM_EC_SENSOR_TIGHT_TIMESTAMPS (defined at
[yavista:rw] /mnt/host/source/src/platform/ec/zephyr/Kconfig.motionsense:69) was assigned the value 'y' but got
[yavista:rw] the value 'n'. Check these unsatisfied dependencies: PLATFORM_EC_MOTIONSENSE (=n). See
[yavista:rw] http://docs.zephyrproject.org/latest/kconfig.html#CONFIG_PLATFORM_EC_SENSOR_TIGHT_TIMESTAMPS and/or
[yavista:rw] look up PLATFORM_EC_SENSOR_TIGHT_TIMESTAMPS in the menuconfig/guiconfig interface. The Application
[yavista:rw] Development Primer, Setting Configuration Values, and Kconfig - Tips and Best Practices sections of
[yavista:rw] the manual might be helpful too.
[yavista:rw] warning: PLATFORM_EC_MAX_SENSOR_FREQ_MILLIHZ (defined at
[yavista:rw] /mnt/host/source/src/platform/ec/zephyr/Kconfig.motionsense:96) was assigned the value '100000' but
[yavista:rw] got the value ''. Check these unsatisfied dependencies: PLATFORM_EC_MOTIONSENSE (=n). See
[yavista:rw] http://docs.zephyrproject.org/latest/kconfig.html#CONFIG_PLATFORM_EC_MAX_SENSOR_FREQ_MILLIHZ and/or
[yavista:rw] look up PLATFORM_EC_MAX_SENSOR_FREQ_MILLIHZ in the menuconfig/guiconfig interface. The Application
[yavista:rw] Development Primer, Setting Configuration Values, and Kconfig - Tips and Best Practices sections of
[yavista:rw] the manual might be helpful too.
[yavista:rw] warning: PLATFORM_EC_LID_ANGLE (defined at
[yavista:rw] /mnt/host/source/src/platform/ec/zephyr/Kconfig.motionsense:116) was assigned the value 'y' but got
[yavista:rw] the value 'n'. Check these unsatisfied dependencies: PLATFORM_EC_MOTIONSENSE (=n). See
[yavista:rw] http://docs.zephyrproject.org/latest/kconfig.html#CONFIG_PLATFORM_EC_LID_ANGLE and/or look up
[yavista:rw] PLATFORM_EC_LID_ANGLE in the menuconfig/guiconfig interface. The Application Development Primer,
[yavista:rw] Setting Configuration Values, and Kconfig - Tips and Best Practices sections of the manual might be
[yavista:rw] helpful too.
[yavista:rw] warning: PLATFORM_EC_LID_ANGLE_UPDATE (defined at
[yavista:rw] /mnt/host/source/src/platform/ec/zephyr/Kconfig.motionsense:127) was assigned the value 'y' but got
[yavista:rw] the value 'n'. Check these unsatisfied dependencies: PLATFORM_EC_LID_ANGLE (=n),
[yavista:rw] PLATFORM_EC_MOTIONSENSE (=n). See
[yavista:rw] http://docs.zephyrproject.org/latest/kconfig.html#CONFIG_PLATFORM_EC_LID_ANGLE_UPDATE and/or look up
[yavista:rw] PLATFORM_EC_LID_ANGLE_UPDATE in the menuconfig/guiconfig interface. The Application Development
[yavista:rw] Primer, Setting Configuration Values, and Kconfig - Tips and Best Practices sections of the manual
[yavista:rw] might be helpful too.
[yavista:rw] warning: PLATFORM_EC_CONSOLE_CMD_ACCELS (defined at
[yavista:rw] /mnt/host/source/src/platform/ec/zephyr/Kconfig.motionsense:143) was assigned the value 'y' but got
[yavista:rw] the value 'n'. Check these unsatisfied dependencies: PLATFORM_EC_MOTIONSENSE (=n). See
[yavista:rw] http://docs.zephyrproject.org/latest/kconfig.html#CONFIG_PLATFORM_EC_CONSOLE_CMD_ACCELS and/or look
[yavista:rw] up PLATFORM_EC_CONSOLE_CMD_ACCELS in the menuconfig/guiconfig interface. The Application Development
[yavista:rw] Primer, Setting Configuration Values, and Kconfig - Tips and Best Practices sections of the manual
[yavista:rw] might be helpful too.
[yavista:rw] warning: PLATFORM_EC_CONSOLE_CMD_ACCEL_INFO (defined at
[yavista:rw] /mnt/host/source/src/platform/ec/zephyr/Kconfig.motionsense:159) was assigned the value 'y' but got
[yavista:rw] the value 'n'. Check these unsatisfied dependencies: PLATFORM_EC_CONSOLE_CMD_ACCELS (=n),
[yavista:rw] PLATFORM_EC_MOTIONSENSE (=n). See
[yavista:rw] http://docs.zephyrproject.org/latest/kconfig.html#CONFIG_PLATFORM_EC_CONSOLE_CMD_ACCEL_INFO and/or
[yavista:rw] look up PLATFORM_EC_CONSOLE_CMD_ACCEL_INFO in the menuconfig/guiconfig interface. The Application
[yavista:rw] Development Primer, Setting Configuration Values, and Kconfig - Tips and Best Practices sections of
[yavista:rw] the manual might be helpful too.
[yavista:rw] warning: TASK_HOSTCMD_STACK_SIZE (defined at
[yavista:rw] /mnt/host/source/src/platform/ec/zephyr/Kconfig.stacks:52,
[yavista:rw] /mnt/host/source/src/platform/ec/zephyr/Kconfig.tasks:123) was assigned the value '1280' but got the
[yavista:rw] value '1152'. See http://docs.zephyrproject.org/latest/kconfig.html#CONFIG_TASK_HOSTCMD_STACK_SIZE
[yavista:rw] and/or look up TASK_HOSTCMD_STACK_SIZE in the menuconfig/guiconfig interface. The Application
[yavista:rw] Development Primer, Setting Configuration Values, and Kconfig - Tips and Best Practices sections of
[yavista:rw] the manual might be helpful too.
[yavista:rw] warning: PLATFORM_EC_TABLET_MODE_SWITCH (defined at
[yavista:rw] /mnt/host/source/src/platform/ec/zephyr/Kconfig.tabletmode:15) was assigned the value 'y' but got
[yavista:rw] the value 'n'. Check these unsatisfied dependencies: PLATFORM_EC_TABLET_MODE (=n). See
[yavista:rw] http://docs.zephyrproject.org/latest/kconfig.html#CONFIG_PLATFORM_EC_TABLET_MODE_SWITCH and/or look
[yavista:rw] up PLATFORM_EC_TABLET_MODE_SWITCH in the menuconfig/guiconfig interface. The Application Development
[yavista:rw] Primer, Setting Configuration Values, and Kconfig - Tips and Best Practices sections of the manual
[yavista:rw] might be helpful too.
[yavista:rw] warning: PLATFORM_EC_GMR_TABLET_MODE (defined at
[yavista:rw] /mnt/host/source/src/platform/ec/zephyr/Kconfig.tabletmode:22) was assigned the value 'y' but got
[yavista:rw] the value 'n'. Check these unsatisfied dependencies: PLATFORM_EC_TABLET_MODE (=n). See
[yavista:rw] http://docs.zephyrproject.org/latest/kconfig.html#CONFIG_PLATFORM_EC_GMR_TABLET_MODE and/or look up
[yavista:rw] PLATFORM_EC_GMR_TABLET_MODE in the menuconfig/guiconfig interface. The Application Development
[yavista:rw] Primer, Setting Configuration Values, and Kconfig - Tips and Best Practices sections of the manual
[yavista:rw] might be helpful too.
[navi:rw] Parsing /mnt/host/source/src/platform/ec/zephyr/program/rauru/Kconfig
[yavista:ro] /mnt/host/source/src/platform/ec/build/zephyr/yavista/build-ro/zephyr/zephyr.dts:2875.9-2883.5: Warning (gpios_property): /fans/fan_0: Missing property '#gpio-cells' in node /named-gpios/fan-enable or bad phandle (referred from enable-gpio[0])
[yavista:ro] warning: THREAD_MAX_NAME_LEN (defined at
[yavista:ro] /mnt/host/source/src/platform/ec/zephyr/Kconfig.defaults:19, kernel/Kconfig:504) was assigned the
[yavista:ro] value '12' but got the value '16'. See
[yavista:ro] http://docs.zephyrproject.org/latest/kconfig.html#CONFIG_THREAD_MAX_NAME_LEN and/or look up
[yavista:ro] THREAD_MAX_NAME_LEN in the menuconfig/guiconfig interface. The Application Development Primer,
[yavista:ro] Setting Configuration Values, and Kconfig - Tips and Best Practices sections of the manual might be
[yavista:ro] helpful too.
[yavista:ro] warning: PLATFORM_EC_ACCEL_FIFO (defined at
[yavista:ro] /mnt/host/source/src/platform/ec/zephyr/Kconfig.motionsense:46) was assigned the value 'y' but got
[yavista:ro] the value 'n'. Check these unsatisfied dependencies: PLATFORM_EC_MOTIONSENSE (=n). See
[yavista:ro] http://docs.zephyrproject.org/latest/kconfig.html#CONFIG_PLATFORM_EC_ACCEL_FIFO and/or look up
[yavista:ro] PLATFORM_EC_ACCEL_FIFO in the menuconfig/guiconfig interface. The Application Development Primer,
[yavista:ro] Setting Configuration Values, and Kconfig - Tips and Best Practices sections of the manual might be
[yavista:ro] helpful too.
[yavista:ro] warning: PLATFORM_EC_SENSOR_TIGHT_TIMESTAMPS (defined at
[yavista:ro] /mnt/host/source/src/platform/ec/zephyr/Kconfig.motionsense:69) was assigned the value 'y' but got
[yavista:ro] the value 'n'. Check these unsatisfied dependencies: PLATFORM_EC_MOTIONSENSE (=n). See
[yavista:ro] http://docs.zephyrproject.org/latest/kconfig.html#CONFIG_PLATFORM_EC_SENSOR_TIGHT_TIMESTAMPS and/or
[yavista:ro] look up PLATFORM_EC_SENSOR_TIGHT_TIMESTAMPS in the menuconfig/guiconfig interface. The Application
[yavista:ro] Development Primer, Setting Configuration Values, and Kconfig - Tips and Best Practices sections of
[yavista:ro] the manual might be helpful too.
[yavista:ro] warning: PLATFORM_EC_MAX_SENSOR_FREQ_MILLIHZ (defined at
[yavista:ro] /mnt/host/source/src/platform/ec/zephyr/Kconfig.motionsense:96) was assigned the value '100000' but
[yavista:ro] got the value ''. Check these unsatisfied dependencies: PLATFORM_EC_MOTIONSENSE (=n). See
[yavista:ro] http://docs.zephyrproject.org/latest/kconfig.html#CONFIG_PLATFORM_EC_MAX_SENSOR_FREQ_MILLIHZ and/or
[yavista:ro] look up PLATFORM_EC_MAX_SENSOR_FREQ_MILLIHZ in the menuconfig/guiconfig interface. The Application
[yavista:ro] Development Primer, Setting Configuration Values, and Kconfig - Tips and Best Practices sections of
[yavista:ro] the manual might be helpful too.
[yavista:ro] warning: PLATFORM_EC_LID_ANGLE (defined at
[yavista:ro] /mnt/host/source/src/platform/ec/zephyr/Kconfig.motionsense:116) was assigned the value 'y' but got
[yavista:ro] the value 'n'. Check these unsatisfied dependencies: PLATFORM_EC_MOTIONSENSE (=n). See
[yavista:ro] http://docs.zephyrproject.org/latest/kconfig.html#CONFIG_PLATFORM_EC_LID_ANGLE and/or look up
[yavista:ro] PLATFORM_EC_LID_ANGLE in the menuconfig/guiconfig interface. The Application Development Primer,
[yavista:ro] Setting Configuration Values, and Kconfig - Tips and Best Practices sections of the manual might be
[yavista:ro] helpful too.
[yavista:ro] warning: PLATFORM_EC_LID_ANGLE_UPDATE (defined at
[yavista:ro] /mnt/host/source/src/platform/ec/zephyr/Kconfig.motionsense:127) was assigned the value 'y' but got
[yavista:ro] the value 'n'. Check these unsatisfied dependencies: PLATFORM_EC_LID_ANGLE (=n),
[yavista:ro] PLATFORM_EC_MOTIONSENSE (=n). See
[yavista:ro] http://docs.zephyrproject.org/latest/kconfig.html#CONFIG_PLATFORM_EC_LID_ANGLE_UPDATE and/or look up
[yavista:ro] PLATFORM_EC_LID_ANGLE_UPDATE in the menuconfig/guiconfig interface. The Application Development
[yavista:ro] Primer, Setting Configuration Values, and Kconfig - Tips and Best Practices sections of the manual
[yavista:ro] might be helpful too.
[yavista:ro] warning: PLATFORM_EC_CONSOLE_CMD_ACCELS (defined at
[yavista:ro] /mnt/host/source/src/platform/ec/zephyr/Kconfig.motionsense:143) was assigned the value 'y' but got
[yavista:ro] the value 'n'. Check these unsatisfied dependencies: PLATFORM_EC_MOTIONSENSE (=n). See
[yavista:ro] http://docs.zephyrproject.org/latest/kconfig.html#CONFIG_PLATFORM_EC_CONSOLE_CMD_ACCELS and/or look
[yavista:ro] up PLATFORM_EC_CONSOLE_CMD_ACCELS in the menuconfig/guiconfig interface. The Application Development
[yavista:ro] Primer, Setting Configuration Values, and Kconfig - Tips and Best Practices sections of the manual
[yavista:ro] might be helpful too.
[yavista:ro] warning: PLATFORM_EC_CONSOLE_CMD_ACCEL_INFO (defined at
[yavista:ro] /mnt/host/source/src/platform/ec/zephyr/Kconfig.motionsense:159) was assigned the value 'y' but got
[yavista:ro] the value 'n'. Check these unsatisfied dependencies: PLATFORM_EC_CONSOLE_CMD_ACCELS (=n),
[yavista:ro] PLATFORM_EC_MOTIONSENSE (=n). See
[yavista:ro] http://docs.zephyrproject.org/latest/kconfig.html#CONFIG_PLATFORM_EC_CONSOLE_CMD_ACCEL_INFO and/or
[yavista:ro] look up PLATFORM_EC_CONSOLE_CMD_ACCEL_INFO in the menuconfig/guiconfig interface. The Application
[yavista:ro] Development Primer, Setting Configuration Values, and Kconfig - Tips and Best Practices sections of
[yavista:ro] the manual might be helpful too.
[yavista:ro] warning: TASK_HOSTCMD_STACK_SIZE (defined at
[yavista:ro] /mnt/host/source/src/platform/ec/zephyr/Kconfig.stacks:52,
[yavista:ro] /mnt/host/source/src/platform/ec/zephyr/Kconfig.tasks:123) was assigned the value '1280' but got the
[yavista:ro] value '1152'. See http://docs.zephyrproject.org/latest/kconfig.html#CONFIG_TASK_HOSTCMD_STACK_SIZE
[yavista:ro] and/or look up TASK_HOSTCMD_STACK_SIZE in the menuconfig/guiconfig interface. The Application
[yavista:ro] Development Primer, Setting Configuration Values, and Kconfig - Tips and Best Practices sections of
[yavista:ro] the manual might be helpful too.
[yavista:ro] warning: PLATFORM_EC_TABLET_MODE_SWITCH (defined at
[yavista:ro] /mnt/host/source/src/platform/ec/zephyr/Kconfig.tabletmode:15) was assigned the value 'y' but got
[yavista:ro] the value 'n'. Check these unsatisfied dependencies: PLATFORM_EC_TABLET_MODE (=n). See
[yavista:ro] http://docs.zephyrproject.org/latest/kconfig.html#CONFIG_PLATFORM_EC_TABLET_MODE_SWITCH and/or look
[yavista:ro] up PLATFORM_EC_TABLET_MODE_SWITCH in the menuconfig/guiconfig interface. The Application Development
[yavista:ro] Primer, Setting Configuration Values, and Kconfig - Tips and Best Practices sections of the manual
[yavista:ro] might be helpful too.
[yavista:ro] warning: PLATFORM_EC_GMR_TABLET_MODE (defined at
[yavista:ro] /mnt/host/source/src/platform/ec/zephyr/Kconfig.tabletmode:22) was assigned the value 'y' but got
[yavista:ro] the value 'n'. Check these unsatisfied dependencies: PLATFORM_EC_TABLET_MODE (=n). See
[yavista:ro] http://docs.zephyrproject.org/latest/kconfig.html#CONFIG_PLATFORM_EC_GMR_TABLET_MODE and/or look up
[yavista:ro] PLATFORM_EC_GMR_TABLET_MODE in the menuconfig/guiconfig interface. The Application Development
[yavista:ro] Primer, Setting Configuration Values, and Kconfig - Tips and Best Practices sections of the manual
[yavista:ro] might be helpful too.
[yavista:ro] warning: Deprecated symbol I2C_ALLOW_NO_STOP_TRANSACTIONS is enabled.
[wugtrio:rw] [21/384] Building C object CMakeFiles/app.dir/mnt/host/source/src/platform/ec/build/zephyr/wugtrio/modules/ec/common/system.c.obj
[ciri:ro] warning: Deprecated symbol I2C_ALLOW_NO_STOP_TRANSACTIONS is enabled.
[wugtrio:rw] [22/384] Building C object CMakeFiles/app.dir/mnt/host/source/src/platform/ec/build/zephyr/wugtrio/modules/ec/common/system_boot_time.c.obj
[/mnt/host/source/src/platform/ec/build/zephyr/epic-lcov]   /mnt/host/source/src/platform/ec/build/zephyr/epic/build-rw/zephyr/CMakeFiles/zephyr.dir/lib/utils/last_section_id.c.gcno:no functions found
[/mnt/host/source/src/platform/ec/build/zephyr/epic-lcov] stderr:
[bloonchipper:ro] Loaded configuration '/mnt/host/source/src/third_party/zephyr/main/boards/google/dragonclaw/google_dragonclaw_defconfig'
[bloonchipper:ro] Merged configuration '/mnt/host/source/src/platform/ec/zephyr/program/fpmcu/prj.conf'
[bloonchipper:ro] Merged configuration '/mnt/host/source/src/platform/ec/zephyr/program/fpmcu/bloonchipper/prj.conf'
[bloonchipper:ro] Merged configuration '/mnt/host/source/src/platform/ec/zephyr/program/fpmcu/bloonchipper/ec_quirks.conf'
[bloonchipper:ro] Merged configuration '/mnt/host/source/src/platform/ec/build/zephyr/bloonchipper/kconfig-ro.conf'
[bloonchipper:ro] Configuration saved to '/mnt/host/source/src/platform/ec/build/zephyr/bloonchipper/build-ro/zephyr/.config'
[bloonchipper:ro] Kconfig header saved to '/mnt/host/source/src/platform/ec/build/zephyr/bloonchipper/build-ro/zephyr/include/generated/zephyr/autoconf.h'
[bloonchipper:ro] -- Found LlvmLld: /usr/bin/armv7m-cros-eabi-ld.lld (found suitable version "21.0.0", minimum required is "14.0.0")
[obiwan:rw] warning: Deprecated symbol I2C_ALLOW_NO_STOP_TRANSACTIONS is enabled.
[yavista:rw] Parsing /mnt/host/source/src/platform/ec/zephyr/program/nissa/Kconfig
[navi:ro] Parsing /mnt/host/source/src/platform/ec/zephyr/program/rauru/Kconfig
[bloonchipper:ro] -- The C compiler identification is Clang 21.0.0
[kodkod:ro] Loaded configuration '/mnt/host/source/src/platform/ec/zephyr/boards/google/realtek/realtek_rts5912_defconfig'
[kodkod:ro] Merged configuration '/mnt/host/source/src/platform/ec/zephyr/program/ocelot/program.conf'
[kodkod:ro] Merged configuration '/mnt/host/source/src/platform/ec/zephyr/program/ocelot/kodkod/project.conf'
[kodkod:ro] Merged configuration '/mnt/host/source/src/platform/ec/build/zephyr/kodkod/kconfig-ro.conf'
[kodkod:ro] Configuration saved to '/mnt/host/source/src/platform/ec/build/zephyr/kodkod/build-ro/zephyr/.config'
[kodkod:ro] Kconfig header saved to '/mnt/host/source/src/platform/ec/build/zephyr/kodkod/build-ro/zephyr/include/generated/zephyr/autoconf.h'
[kodkod:ro] -- Found GnuLd: /home/jpmurphy/.cache/coreboot-sdk/arm-eabi/ea40ddd1d190c3b48435c474c0b545719371813a/arm-eabi/bin/ld.bfd (found version "2.43.1")
[yavista:ro] Parsing /mnt/host/source/src/platform/ec/zephyr/program/nissa/Kconfig
[ciri:ro] Parsing /mnt/host/source/src/platform/ec/zephyr/program/geralt/Kconfig
[bloonchipper:ro] -- The CXX compiler identification is Clang 21.0.0
[ciri:rw] warning: Deprecated symbol I2C_ALLOW_NO_STOP_TRANSACTIONS is enabled.
[kodkod:ro] -- The C compiler identification is GNU 14.2.0
[wugtrio:rw] [23/384] Building C object CMakeFiles/app.dir/mnt/host/source/src/platform/ec/build/zephyr/wugtrio/modules/ec/common/uart_printf.c.obj
[bloonchipper:ro] -- The ASM compiler identification is Clang with GNU-like command-line
[bloonchipper:ro] -- Found assembler: /usr/bin/armv7m-cros-eabi-clang
[jubilant:ro] Loaded configuration '/mnt/host/source/src/platform/ec/zephyr/boards/google/it8xxx2/it8xxx2_it82002aw_defconfig'
[jubilant:ro] Merged configuration '/mnt/host/source/src/platform/ec/zephyr/program/brox/program.conf'
[jubilant:ro] Merged configuration '/mnt/host/source/src/platform/ec/zephyr/program/brox/ite.conf'
[jubilant:ro] Merged configuration '/mnt/host/source/src/platform/ec/zephyr/program/brox/jubilant/project.conf'
[jubilant:ro] Merged configuration '/mnt/host/source/src/platform/ec/zephyr/program/brox/motionsense.conf'
[jubilant:ro] Merged configuration '/mnt/host/source/src/platform/ec/build/zephyr/jubilant/kconfig-ro.conf'
[jubilant:ro] Configuration saved to '/mnt/host/source/src/platform/ec/build/zephyr/jubilant/build-ro/zephyr/.config'
[jubilant:ro] Kconfig header saved to '/mnt/host/source/src/platform/ec/build/zephyr/jubilant/build-ro/zephyr/include/generated/zephyr/autoconf.h'
[jubilant:ro] -- Found GnuLd: /home/jpmurphy/.cache/coreboot-sdk/riscv64-elf/96b949749225b6aaa92ed810ab769e8dfb12f000/riscv64-elf/bin/ld.bfd (found version "2.43.1")
[navi:rw] Loaded configuration '/mnt/host/source/src/platform/ec/zephyr/boards/google/it8xxx2/it8xxx2_it82202ax_defconfig'
[navi:rw] Merged configuration '/mnt/host/source/src/platform/ec/zephyr/program/rauru/program.conf'
[navi:rw] Merged configuration '/mnt/host/source/src/platform/ec/zephyr/program/rauru/navi/project.conf'
[navi:rw] Merged configuration '/mnt/host/source/src/platform/ec/build/zephyr/navi/kconfig-rw.conf'
[navi:rw] Configuration saved to '/mnt/host/source/src/platform/ec/build/zephyr/navi/build-rw/zephyr/.config'
[navi:rw] Kconfig header saved to '/mnt/host/source/src/platform/ec/build/zephyr/navi/build-rw/zephyr/include/generated/zephyr/autoconf.h'
[navi:rw] -- Found GnuLd: /home/jpmurphy/.cache/coreboot-sdk/riscv64-elf/96b949749225b6aaa92ed810ab769e8dfb12f000/riscv64-elf/bin/ld.bfd (found version "2.43.1")
[obiwan:rw] Parsing /mnt/host/source/src/platform/ec/zephyr/program/skywalker/Kconfig
[wugtrio:rw] [24/384] Building C object CMakeFiles/app.dir/mnt/host/source/src/platform/ec/build/zephyr/wugtrio/modules/ec/common/util.c.obj
[kodkod:ro] -- The CXX compiler identification is GNU 14.2.0
[kodkod:ro] -- The ASM compiler identification is GNU
[kodkod:ro] -- Found assembler: /home/jpmurphy/.cache/coreboot-sdk/arm-eabi/ea40ddd1d190c3b48435c474c0b545719371813a/bin/arm-eabi-gcc
[navi:rw] -- The C compiler identification is GNU 14.2.0
[kodkod:ro] CMake Warning at /mnt/host/source/src/platform/ec/zephyr/cmake/linker/ld/linker_libraries.cmake:11 (message):
[kodkod:ro]   Disabling c_library
[kodkod:ro] Call Stack (most recent call first):
[kodkod:ro]   /mnt/host/source/src/third_party/zephyr/main/cmake/target_toolchain_flags.cmake:48 (include)
[kodkod:ro]   /mnt/host/source/src/third_party/zephyr/main/cmake/modules/kernel.cmake:153 (include)
[kodkod:ro]   /mnt/host/source/src/third_party/zephyr/main/cmake/modules/zephyr_default.cmake:138 (include)
[kodkod:ro]   /mnt/host/source/src/third_party/zephyr/main/share/zephyr-package/cmake/ZephyrConfig.cmake:66 (include)
[kodkod:ro]   /mnt/host/source/src/third_party/zephyr/main/share/zephyr-package/cmake/ZephyrConfig.cmake:97 (include_boilerplate)
[kodkod:ro]   CMakeLists.txt:7 (find_package)
[jubilant:ro] -- The C compiler identification is GNU 14.2.0
[ciri:rw] Parsing /mnt/host/source/src/platform/ec/zephyr/program/geralt/Kconfig
[yavista:rw] Loaded configuration '/mnt/host/source/src/platform/ec/zephyr/boards/google/it8xxx2/it8xxx2_it81302bx_defconfig'
[yavista:rw] Merged configuration '/mnt/host/source/src/platform/ec/zephyr/program/nissa/program.conf'
[yavista:rw] Merged configuration '/mnt/host/source/src/platform/ec/zephyr/program/nissa/it8xxx2_program.conf'
[yavista:rw] Merged configuration '/mnt/host/source/src/platform/ec/zephyr/program/nissa/yavista/project.conf'
[yavista:rw] Merged configuration '/mnt/host/source/src/platform/ec/build/zephyr/yavista/kconfig-rw.conf'
[yavista:rw] Configuration saved to '/mnt/host/source/src/platform/ec/build/zephyr/yavista/build-rw/zephyr/.config'
[yavista:rw] Kconfig header saved to '/mnt/host/source/src/platform/ec/build/zephyr/yavista/build-rw/zephyr/include/generated/zephyr/autoconf.h'
[yavista:rw] -- Found GnuLd: /home/jpmurphy/.cache/coreboot-sdk/riscv64-elf/96b949749225b6aaa92ed810ab769e8dfb12f000/riscv64-elf/bin/ld.bfd (found version "2.43.1")
[navi:ro] Loaded configuration '/mnt/host/source/src/platform/ec/zephyr/boards/google/it8xxx2/it8xxx2_it82202ax_defconfig'
[navi:ro] Merged configuration '/mnt/host/source/src/platform/ec/zephyr/program/rauru/program.conf'
[navi:ro] Merged configuration '/mnt/host/source/src/platform/ec/zephyr/program/rauru/navi/project.conf'
[navi:ro] Merged configuration '/mnt/host/source/src/platform/ec/build/zephyr/navi/kconfig-ro.conf'
[navi:ro] Configuration saved to '/mnt/host/source/src/platform/ec/build/zephyr/navi/build-ro/zephyr/.config'
[navi:ro] Kconfig header saved to '/mnt/host/source/src/platform/ec/build/zephyr/navi/build-ro/zephyr/include/generated/zephyr/autoconf.h'
[navi:ro] -- Found GnuLd: /home/jpmurphy/.cache/coreboot-sdk/riscv64-elf/96b949749225b6aaa92ed810ab769e8dfb12f000/riscv64-elf/bin/ld.bfd (found version "2.43.1")
[navi:rw] -- The CXX compiler identification is GNU 14.2.0
[bloonchipper:ro] -- Performing EC specific devicetree checks
[jubilant:ro] -- The CXX compiler identification is GNU 14.2.0
[navi:rw] -- The ASM compiler identification is GNU
[navi:rw] -- Found assembler: /home/jpmurphy/.cache/coreboot-sdk/riscv64-elf/96b949749225b6aaa92ed810ab769e8dfb12f000/bin/riscv64-elf-gcc
[yavista:ro] Loaded configuration '/mnt/host/source/src/platform/ec/zephyr/boards/google/it8xxx2/it8xxx2_it81302bx_defconfig'
[yavista:ro] Merged configuration '/mnt/host/source/src/platform/ec/zephyr/program/nissa/program.conf'
[yavista:ro] Merged configuration '/mnt/host/source/src/platform/ec/zephyr/program/nissa/it8xxx2_program.conf'
[yavista:ro] Merged configuration '/mnt/host/source/src/platform/ec/zephyr/program/nissa/yavista/project.conf'
[yavista:ro] Merged configuration '/mnt/host/source/src/platform/ec/build/zephyr/yavista/kconfig-ro.conf'
[yavista:ro] Configuration saved to '/mnt/host/source/src/platform/ec/build/zephyr/yavista/build-ro/zephyr/.config'
[yavista:ro] Kconfig header saved to '/mnt/host/source/src/platform/ec/build/zephyr/yavista/build-ro/zephyr/include/generated/zephyr/autoconf.h'
[yavista:ro] -- Found GnuLd: /home/jpmurphy/.cache/coreboot-sdk/riscv64-elf/96b949749225b6aaa92ed810ab769e8dfb12f000/riscv64-elf/bin/ld.bfd (found version "2.43.1")
[navi:rw] warning: Deprecated symbol I2C_ALLOW_NO_STOP_TRANSACTIONS is enabled.
[navi:rw] CMake Warning at /mnt/host/source/src/platform/ec/zephyr/cmake/linker/ld/linker_libraries.cmake:11 (message):
[ciri:ro] Loaded configuration '/mnt/host/source/src/platform/ec/zephyr/boards/google/it8xxx2/it8xxx2_it81202cx_defconfig'
[ciri:ro] Merged configuration '/mnt/host/source/src/platform/ec/zephyr/program/geralt/program.conf'
[ciri:ro] Merged configuration '/mnt/host/source/src/platform/ec/zephyr/program/geralt/ciri/project.conf'
[ciri:ro] Merged configuration '/mnt/host/source/src/platform/ec/build/zephyr/ciri/kconfig-ro.conf'
[ciri:ro] Configuration saved to '/mnt/host/source/src/platform/ec/build/zephyr/ciri/build-ro/zephyr/.config'
[ciri:ro] Kconfig header saved to '/mnt/host/source/src/platform/ec/build/zephyr/ciri/build-ro/zephyr/include/generated/zephyr/autoconf.h'
[ciri:ro] -- Found GnuLd: /home/jpmurphy/.cache/coreboot-sdk/riscv64-elf/96b949749225b6aaa92ed810ab769e8dfb12f000/riscv64-elf/bin/ld.bfd (found version "2.43.1")
[jubilant:ro] -- The ASM compiler identification is GNU
[jubilant:ro] -- Found assembler: /home/jpmurphy/.cache/coreboot-sdk/riscv64-elf/96b949749225b6aaa92ed810ab769e8dfb12f000/bin/riscv64-elf-gcc
[yavista:rw] -- The C compiler identification is GNU 14.2.0
[jubilant:ro] warning: Deprecated symbol I2C_ALLOW_NO_STOP_TRANSACTIONS is enabled.
[jubilant:ro] CMake Warning at /mnt/host/source/src/platform/ec/zephyr/cmake/linker/ld/linker_libraries.cmake:11 (message):
[jubilant:ro]   Disabling c_library
[jubilant:ro] Call Stack (most recent call first):
[jubilant:ro]   /mnt/host/source/src/third_party/zephyr/main/cmake/target_toolchain_flags.cmake:48 (include)
[jubilant:ro]   /mnt/host/source/src/third_party/zephyr/main/cmake/modules/kernel.cmake:153 (include)
[jubilant:ro]   /mnt/host/source/src/third_party/zephyr/main/cmake/modules/zephyr_default.cmake:138 (include)
[jubilant:ro]   /mnt/host/source/src/third_party/zephyr/main/share/zephyr-package/cmake/ZephyrConfig.cmake:66 (include)
[jubilant:ro]   /mnt/host/source/src/third_party/zephyr/main/share/zephyr-package/cmake/ZephyrConfig.cmake:97 (include_boilerplate)
[wugtrio:rw] [25/384] Building C object CMakeFiles/app.dir/mnt/host/source/src/platform/ec/build/zephyr/wugtrio/modules/ec/common/version.c.obj
[bloonchipper:ro] INFO: Verified 8 GPIOs, no duplicates found
[obiwan:ro] warning: Deprecated symbol I2C_ALLOW_NO_STOP_TRANSACTIONS is enabled.
[navi:ro] -- The C compiler identification is GNU 14.2.0
[ciri:ro] -- The C compiler identification is GNU 14.2.0
[yavista:ro] -- The C compiler identification is GNU 14.2.0
[yavista:rw] -- The CXX compiler identification is GNU 14.2.0
[bloonchipper:ro] -- warning_base_override: -Wall;-Wformat;-Wformat-security;-Wno-format-zero-length;-Wno-unused-but-set-variable;-Wno-typedef-redefinition;-Wno-deprecated-non-prototype;-Wno-pointer-sign;-Wpointer-arith;-Wno-main;-Wno-unknown-warning-option;-Wno-arm-interrupt-vfp-clobber;-Wno-extra
[wugtrio:rw] [26/384] Building C object CMakeFiles/app.dir/mnt/host/source/src/platform/ec/build/zephyr/wugtrio/modules/ec/driver/accelgyro_bmi_common.c.obj
[yavista:rw] -- The ASM compiler identification is GNU
[yavista:rw] -- Found assembler: /home/jpmurphy/.cache/coreboot-sdk/riscv64-elf/96b949749225b6aaa92ed810ab769e8dfb12f000/bin/riscv64-elf-gcc
[yavista:rw] warning: Deprecated symbol I2C_ALLOW_NO_STOP_TRANSACTIONS is enabled.
[yavista:rw] CMake Warning at /mnt/host/source/src/platform/ec/zephyr/cmake/linker/ld/linker_libraries.cmake:11 (message):
[yavista:rw]   Disabling c_library
[navi:ro] -- The CXX compiler identification is GNU 14.2.0
[kodkod:ro] -- Performing EC specific devicetree checks
[obiwan:rw] Loaded configuration '/mnt/host/source/src/platform/ec/zephyr/boards/google/npcx9/npcx9_npcx9m7fb_defconfig'
[obiwan:rw] Merged configuration '/mnt/host/source/src/platform/ec/zephyr/program/skywalker/program.conf'
[obiwan:rw] Merged configuration '/mnt/host/source/src/platform/ec/zephyr/program/skywalker/obiwan/project.conf'
[obiwan:rw] Merged configuration '/mnt/host/source/src/platform/ec/build/zephyr/obiwan/kconfig-rw.conf'
[obiwan:rw] Configuration saved to '/mnt/host/source/src/platform/ec/build/zephyr/obiwan/build-rw/zephyr/.config'
[obiwan:rw] Kconfig header saved to '/mnt/host/source/src/platform/ec/build/zephyr/obiwan/build-rw/zephyr/include/generated/zephyr/autoconf.h'
[obiwan:rw] -- Found GnuLd: /home/jpmurphy/.cache/coreboot-sdk/arm-eabi/ea40ddd1d190c3b48435c474c0b545719371813a/arm-eabi/bin/ld.bfd (found version "2.43.1")
[navi:ro] -- The ASM compiler identification is GNU
[navi:ro] -- Found assembler: /home/jpmurphy/.cache/coreboot-sdk/riscv64-elf/96b949749225b6aaa92ed810ab769e8dfb12f000/bin/riscv64-elf-gcc
[navi:rw] -- Performing EC specific devicetree checks
[ciri:ro] -- The CXX compiler identification is GNU 14.2.0
[navi:ro] warning: Deprecated symbol I2C_ALLOW_NO_STOP_TRANSACTIONS is enabled.
[navi:ro] CMake Warning at /mnt/host/source/src/platform/ec/zephyr/cmake/linker/ld/linker_libraries.cmake:11 (message):
[navi:ro]   Disabling c_library
[bloonchipper:ro] INFO: Verified 5 '*-gpios' properties, all flags match.
[bloonchipper:ro] INFO: Skipped 1 named-gpios children.
[bloonchipper:ro] CMake Warning (dev) at /usr/share/cmake/Modules/GNUInstallDirs.cmake:253 (message):
[bloonchipper:ro]   Unable to determine default CMAKE_INSTALL_LIBDIR directory because no
[bloonchipper:ro]   target architecture is known.  Please enable at least one language before
[bloonchipper:ro]   including GNUInstallDirs.
[ciri:ro] -- The ASM compiler identification is GNU
[ciri:ro] -- Found assembler: /home/jpmurphy/.cache/coreboot-sdk/riscv64-elf/96b949749225b6aaa92ed810ab769e8dfb12f000/bin/riscv64-elf-gcc
[yavista:ro] -- The CXX compiler identification is GNU 14.2.0
[ciri:ro] CMake Warning at /mnt/host/source/src/platform/ec/zephyr/cmake/linker/ld/linker_libraries.cmake:11 (message):
[ciri:ro]   Disabling c_library
[ciri:ro] Call Stack (most recent call first):
[ciri:ro]   /mnt/host/source/src/third_party/zephyr/main/cmake/target_toolchain_flags.cmake:48 (include)
[ciri:ro]   /mnt/host/source/src/third_party/zephyr/main/cmake/modules/kernel.cmake:153 (include)
[ciri:ro]   /mnt/host/source/src/third_party/zephyr/main/cmake/modules/zephyr_default.cmake:138 (include)
[ciri:ro]   /mnt/host/source/src/third_party/zephyr/main/share/zephyr-package/cmake/ZephyrConfig.cmake:66 (include)
[ciri:ro]   /mnt/host/source/src/third_party/zephyr/main/share/zephyr-package/cmake/ZephyrConfig.cmake:97 (include_boilerplate)
[ciri:ro]   CMakeLists.txt:7 (find_package)
[kodkod:ro] INFO: Verified 27 GPIOs, no duplicates found
[kodkod:ro] INFO: Verified 28 '*-gpios' properties, all flags match.
[obiwan:rw] -- The C compiler identification is GNU 14.2.0
[yavista:ro] -- The ASM compiler identification is GNU
[navi:rw]   Disabling c_library
[navi:rw] Call Stack (most recent call first):
[navi:rw]   /mnt/host/source/src/third_party/zephyr/main/cmake/target_toolchain_flags.cmake:48 (include)
[navi:rw]   /mnt/host/source/src/third_party/zephyr/main/cmake/modules/kernel.cmake:153 (include)
[navi:rw]   /mnt/host/source/src/third_party/zephyr/main/cmake/modules/zephyr_default.cmake:138 (include)
[navi:rw]   /mnt/host/source/src/third_party/zephyr/main/share/zephyr-package/cmake/ZephyrConfig.cmake:66 (include)
[navi:rw]   /mnt/host/source/src/third_party/zephyr/main/share/zephyr-package/cmake/ZephyrConfig.cmake:97 (include_boilerplate)
[navi:rw]   CMakeLists.txt:6 (find_package)
[navi:rw] INFO: Verified 39 GPIOs, no duplicates found
[navi:rw] INFO: Verified 15 '*-gpios' properties, all flags match.
[navi:rw] INFO: Skipped 1 named-gpios children.
[yavista:ro] CMake Warning at /mnt/host/source/src/platform/ec/zephyr/cmake/linker/ld/linker_libraries.cmake:11 (message):
[yavista:ro]   Disabling c_library
[yavista:ro] Call Stack (most recent call first):
[yavista:ro]   /mnt/host/source/src/third_party/zephyr/main/cmake/target_toolchain_flags.cmake:48 (include)
[yavista:ro]   /mnt/host/source/src/third_party/zephyr/main/cmake/modules/kernel.cmake:153 (include)
[yavista:ro]   /mnt/host/source/src/third_party/zephyr/main/cmake/modules/zephyr_default.cmake:138 (include)
[yavista:ro]   /mnt/host/source/src/third_party/zephyr/main/share/zephyr-package/cmake/ZephyrConfig.cmake:66 (include)
[yavista:ro]   /mnt/host/source/src/third_party/zephyr/main/share/zephyr-package/cmake/ZephyrConfig.cmake:97 (include_boilerplate)
[yavista:ro]   CMakeLists.txt:7 (find_package)
[obiwan:ro] Parsing /mnt/host/source/src/platform/ec/zephyr/program/skywalker/Kconfig
[ciri:rw] Loaded configuration '/mnt/host/source/src/platform/ec/zephyr/boards/google/it8xxx2/it8xxx2_it81202cx_defconfig'
[ciri:rw] Merged configuration '/mnt/host/source/src/platform/ec/zephyr/program/geralt/program.conf'
[ciri:rw] Merged configuration '/mnt/host/source/src/platform/ec/zephyr/program/geralt/ciri/project.conf'
[ciri:rw] Merged configuration '/mnt/host/source/src/platform/ec/build/zephyr/ciri/kconfig-rw.conf'
[ciri:rw] Configuration saved to '/mnt/host/source/src/platform/ec/build/zephyr/ciri/build-rw/zephyr/.config'
[ciri:rw] Kconfig header saved to '/mnt/host/source/src/platform/ec/build/zephyr/ciri/build-rw/zephyr/include/generated/zephyr/autoconf.h'
[ciri:rw] -- Found GnuLd: /home/jpmurphy/.cache/coreboot-sdk/riscv64-elf/96b949749225b6aaa92ed810ab769e8dfb12f000/riscv64-elf/bin/ld.bfd (found version "2.43.1")
[bloonchipper:ro] -- Found gen_kobject_list: /mnt/host/source/src/third_party/zephyr/main/scripts/build/gen_kobject_list.py
[jubilant:ro] -- Performing EC specific devicetree checks
[kodkod:ro] -- Generating component manifest file
[obiwan:rw] -- The CXX compiler identification is GNU 14.2.0
[jubilant:ro]   CMakeLists.txt:6 (find_package)
[jubilant:ro] INFO: Verified 46 GPIOs, no duplicates found
[jubilant:ro] INFO: Verified 50 '*-gpios' properties, all flags match.
[jubilant:ro] INFO: Skipped 15 named-gpios children.
[navi:rw] -- Generating component manifest file
[bloonchipper:ro] -- Configuring done (13.5s)
[obiwan:rw] -- The ASM compiler identification is GNU
[obiwan:rw] -- Found assembler: /home/jpmurphy/.cache/coreboot-sdk/arm-eabi/ea40ddd1d190c3b48435c474c0b545719371813a/bin/arm-eabi-gcc
[ciri:rw] -- The C compiler identification is GNU 14.2.0
[obiwan:rw] CMake Warning at /mnt/host/source/src/platform/ec/zephyr/cmake/linker/ld/linker_libraries.cmake:11 (message):
[obiwan:rw]   Disabling c_library
[obiwan:rw] Call Stack (most recent call first):
[obiwan:rw]   /mnt/host/source/src/third_party/zephyr/main/cmake/target_toolchain_flags.cmake:48 (include)
[obiwan:rw]   /mnt/host/source/src/third_party/zephyr/main/cmake/modules/kernel.cmake:153 (include)
[obiwan:rw]   /mnt/host/source/src/third_party/zephyr/main/cmake/modules/zephyr_default.cmake:138 (include)
[obiwan:rw]   /mnt/host/source/src/third_party/zephyr/main/share/zephyr-package/cmake/ZephyrConfig.cmake:66 (include)
[obiwan:rw]   /mnt/host/source/src/third_party/zephyr/main/share/zephyr-package/cmake/ZephyrConfig.cmake:97 (include_boilerplate)
[obiwan:rw]   CMakeLists.txt:6 (find_package)
[wugtrio:rw] [27/384] Building C object CMakeFiles/app.dir/mnt/host/source/src/platform/ec/build/zephyr/wugtrio/modules/ec/driver/accelgyro_bmi3xx.c.obj
[yavista:rw] -- Performing EC specific devicetree checks
[navi:ro] -- Performing EC specific devicetree checks
[kodkod:ro] INFO: Skipped 4 named-gpios children.
[kodkod:ro] INFO: Running CME, outputting to /mnt/host/source/src/platform/ec/build/zephyr/kodkod/build-ro/zephyr/component_manifest.json
[kodkod:ro] INFO: Project kodkod does not support SSFC
[kodkod:ro] INFO: No motionsense-sensor node found
[kodkod:ro] -- warning_base_override: -Wall;-Wformat;-Wformat-security;-Wformat;-Wno-format-zero-length;-Wno-pointer-sign;-Wpointer-arith;-Wexpansion-to-defined
[navi:rw] INFO: Running CME, outputting to /mnt/host/source/src/platform/ec/build/zephyr/navi/build-rw/zephyr/component_manifest.json
[jubilant:ro] -- Generating component manifest file
[navi:ro] Call Stack (most recent call first):
[navi:ro]   /mnt/host/source/src/third_party/zephyr/main/cmake/target_toolchain_flags.cmake:48 (include)
[navi:ro]   /mnt/host/source/src/third_party/zephyr/main/cmake/modules/kernel.cmake:153 (include)
[navi:ro]   /mnt/host/source/src/third_party/zephyr/main/cmake/modules/zephyr_default.cmake:138 (include)
[navi:ro]   /mnt/host/source/src/third_party/zephyr/main/share/zephyr-package/cmake/ZephyrConfig.cmake:66 (include)
[navi:ro]   /mnt/host/source/src/third_party/zephyr/main/share/zephyr-package/cmake/ZephyrConfig.cmake:97 (include_boilerplate)
[navi:ro]   CMakeLists.txt:6 (find_package)
[navi:ro] INFO: Verified 39 GPIOs, no duplicates found
[navi:ro] INFO: Verified 15 '*-gpios' properties, all flags match.
[navi:ro] INFO: Skipped 1 named-gpios children.
[yavista:rw] Call Stack (most recent call first):
[yavista:rw]   /mnt/host/source/src/third_party/zephyr/main/cmake/target_toolchain_flags.cmake:48 (include)
[yavista:rw]   /mnt/host/source/src/third_party/zephyr/main/cmake/modules/kernel.cmake:153 (include)
[yavista:rw]   /mnt/host/source/src/third_party/zephyr/main/cmake/modules/zephyr_default.cmake:138 (include)
[yavista:rw]   /mnt/host/source/src/third_party/zephyr/main/share/zephyr-package/cmake/ZephyrConfig.cmake:66 (include)
[yavista:rw]   /mnt/host/source/src/third_party/zephyr/main/share/zephyr-package/cmake/ZephyrConfig.cmake:97 (include_boilerplate)
[yavista:rw]   CMakeLists.txt:7 (find_package)
[yavista:rw] INFO: Verified 53 GPIOs, no duplicates found
[yavista:rw] INFO: Verified 20 '*-gpios' properties, all flags match.
[yavista:rw] INFO: Skipped 14 named-gpios children.
[wugtrio:rw] [28/384] Building C object CMakeFiles/app.dir/mnt/host/source/src/platform/ec/build/zephyr/wugtrio/modules/ec/driver/accelgyro_lsm6dsm.c.obj
[ciri:rw] -- The CXX compiler identification is GNU 14.2.0
[ciri:ro] -- Performing EC specific devicetree checks
[ciri:rw] -- The ASM compiler identification is GNU
[ciri:rw] -- Found assembler: /home/jpmurphy/.cache/coreboot-sdk/riscv64-elf/96b949749225b6aaa92ed810ab769e8dfb12f000/bin/riscv64-elf-gcc
[navi:rw] -- warning_base_override: -Wall;-Wformat;-Wformat-security;-Wformat;-Wno-format-zero-length;-Wno-pointer-sign;-Wpointer-arith;-Wexpansion-to-defined
[jubilant:ro] INFO: Running CME, outputting to /mnt/host/source/src/platform/ec/build/zephyr/jubilant/build-ro/zephyr/component_manifest.json
[jubilant:ro] WARNING: Unknown or disabled I2C port: i2c@f04480(i2c_ec_pmc_pd)
[jubilant:ro] INFO: Project jubilant does not support SSFC
[jubilant:ro] INFO: No motionsense-sensor node found
[ciri:rw] CMake Warning at /mnt/host/source/src/platform/ec/zephyr/cmake/linker/ld/linker_libraries.cmake:11 (message):
[jubilant:ro] -- warning_base_override: -Wall;-Wformat;-Wformat-security;-Wformat;-Wno-format-zero-length;-Wno-pointer-sign;-Wpointer-arith;-Wexpansion-to-defined
[yavista:ro] -- Found assembler: /home/jpmurphy/.cache/coreboot-sdk/riscv64-elf/96b949749225b6aaa92ed810ab769e8dfb12f000/bin/riscv64-elf-gcc
[yavista:ro] -- Performing EC specific devicetree checks
[navi:ro] -- Generating component manifest file
[kodkod:ro] -- Found gen_kobject_list: /mnt/host/source/src/third_party/zephyr/main/scripts/build/gen_kobject_list.py
[yavista:rw] -- Generating component manifest file
[ciri:ro] INFO: Verified 40 GPIOs, no duplicates found
[ciri:ro] INFO: Verified 26 '*-gpios' properties, all flags match.
[ciri:ro] INFO: Skipped 1 named-gpios children.
[kodkod:ro] CMake Warning at /mnt/host/source/src/third_party/zephyr/main/CMakeLists.txt:1134 (message):
[kodkod:ro]   No SOURCES given to Zephyr library: drivers__syscon
[kodkod:ro]   Excluding target from build.
[obiwan:rw] -- Performing EC specific devicetree checks
[kodkod:ro] CMake Warning at /mnt/host/source/src/third_party/zephyr/main/CMakeLists.txt:2359 (message):
[kodkod:ro]   __ASSERT() statements are globally ENABLED
[obiwan:ro] Loaded configuration '/mnt/host/source/src/platform/ec/zephyr/boards/google/npcx9/npcx9_npcx9m7fb_defconfig'
[obiwan:ro] Merged configuration '/mnt/host/source/src/platform/ec/zephyr/program/skywalker/program.conf'
[obiwan:ro] Merged configuration '/mnt/host/source/src/platform/ec/zephyr/program/skywalker/obiwan/project.conf'
[obiwan:ro] Merged configuration '/mnt/host/source/src/platform/ec/build/zephyr/obiwan/kconfig-ro.conf'
[obiwan:ro] Configuration saved to '/mnt/host/source/src/platform/ec/build/zephyr/obiwan/build-ro/zephyr/.config'
[obiwan:ro] Kconfig header saved to '/mnt/host/source/src/platform/ec/build/zephyr/obiwan/build-ro/zephyr/include/generated/zephyr/autoconf.h'
[obiwan:ro] -- Found GnuLd: /home/jpmurphy/.cache/coreboot-sdk/arm-eabi/ea40ddd1d190c3b48435c474c0b545719371813a/arm-eabi/bin/ld.bfd (found version "2.43.1")
[bloonchipper:ro] -- Generating done (0.7s)
[bloonchipper:ro] -- Build files have been written to: /mnt/host/source/src/platform/ec/build/zephyr/bloonchipper/build-ro
[yavista:ro] INFO: Verified 53 GPIOs, no duplicates found
[yavista:ro] INFO: Verified 20 '*-gpios' properties, all flags match.
[yavista:ro] INFO: Skipped 14 named-gpios children.
[navi:ro] INFO: Running CME, outputting to /mnt/host/source/src/platform/ec/build/zephyr/navi/build-ro/zephyr/component_manifest.json
[navi:ro] INFO: Project navi does not support SSFC
[navi:ro] INFO: Component usbpd@f03700(ite,it8xxx2-usbpd) not on I2C bus, skip it
[navi:ro] INFO: Component virtual-mux-0(cros-ec,usbc-mux-virtual) not on I2C bus, skip it
[navi:ro] INFO: Component usbpd@f03800(ite,it8xxx2-usbpd) not on I2C bus, skip it
[navi:ro] INFO: Component virtual-mux-1(cros-ec,usbc-mux-virtual) not on I2C bus, skip it
[navi:ro] INFO: Component base-als-rgb(cros-ec,tcs3400-rgb) not on I2C bus, skip it
[navi:ro] INFO: Component alt-base-als-rgb(cros-ec,tcs3400-rgb) not on I2C bus, skip it
[yavista:rw] INFO: Running CME, outputting to /mnt/host/source/src/platform/ec/build/zephyr/yavista/build-rw/zephyr/component_manifest.json
[yavista:rw] INFO: Project yavista does not support SSFC
[yavista:rw] INFO: Component usbpd@f03700(ite,it8xxx2-usbpd) not on I2C bus, skip it
[yavista:rw] INFO: Component virtual-mux-0(cros-ec,usbc-mux-virtual) not on I2C bus, skip it
[yavista:rw] INFO: Component virtual-mux-1(cros-ec,usbc-mux-virtual) not on I2C bus, skip it
[navi:ro] -- warning_base_override: -Wall;-Wformat;-Wformat-security;-Wformat;-Wno-format-zero-length;-Wno-pointer-sign;-Wpointer-arith;-Wexpansion-to-defined
[kodkod:ro] -- Configuring done (14.3s)
[obiwan:rw] INFO: Verified 41 GPIOs, no duplicates found
[obiwan:rw] INFO: Verified 26 '*-gpios' properties, all flags match.
[obiwan:rw] INFO: Skipped 1 named-gpios children.
[navi:rw] -- Found gen_kobject_list: /mnt/host/source/src/third_party/zephyr/main/scripts/build/gen_kobject_list.py
[jubilant:ro] -- Found gen_kobject_list: /mnt/host/source/src/third_party/zephyr/main/scripts/build/gen_kobject_list.py
[navi:rw] INFO: Project navi does not support SSFC
[navi:rw] INFO: Component usbpd@f03700(ite,it8xxx2-usbpd) not on I2C bus, skip it
[navi:rw] INFO: Component virtual-mux-0(cros-ec,usbc-mux-virtual) not on I2C bus, skip it
[navi:rw] INFO: Component usbpd@f03800(ite,it8xxx2-usbpd) not on I2C bus, skip it
[navi:rw] INFO: Component virtual-mux-1(cros-ec,usbc-mux-virtual) not on I2C bus, skip it
[navi:rw] INFO: Component base-als-rgb(cros-ec,tcs3400-rgb) not on I2C bus, skip it
[navi:rw] INFO: Component alt-base-als-rgb(cros-ec,tcs3400-rgb) not on I2C bus, skip it
[navi:rw] CMake Warning at /mnt/host/source/src/third_party/zephyr/main/CMakeLists.txt:1134 (message):
[bloonchipper:ro] Call Stack (most recent call first):
[bloonchipper:ro]   /mnt/host/source/src/third_party/boringssl/CMakeLists.txt:25 (include)
[bloonchipper:ro] This warning is for project developers.  Use -Wno-dev to suppress it.
[ciri:ro] -- Generating component manifest file
Toolchain <zmake.toolchains.CorebootSdkToolchain object at 0x7f412047dd50> selected by probe function.
[krabby] Building in /mnt/host/source/src/platform/ec/build/zephyr/krabby.
[navi:rw]   No SOURCES given to Zephyr library: drivers__syscon
[navi:rw]   Excluding target from build.
[navi:rw] CMake Warning at /mnt/host/source/src/third_party/zephyr/main/CMakeLists.txt:2359 (message):
[navi:rw]   __ASSERT() statements are globally ENABLED
[jubilant:ro] CMake Warning at /mnt/host/source/src/third_party/zephyr/main/CMakeLists.txt:2359 (message):
[jubilant:ro]   __ASSERT() statements are globally ENABLED
[wugtrio:rw] [29/384] Building C object CMakeFiles/app.dir/mnt/host/source/src/platform/ec/build/zephyr/wugtrio/modules/ec/common/motion_sense_fifo.c.obj
[obiwan:ro] -- The C compiler identification is GNU 14.2.0
[yavista:ro] -- Generating component manifest file
[ciri:rw] -- Performing EC specific devicetree checks
[obiwan:rw] -- Generating component manifest file
[navi:rw] -- Configuring done (14.7s)
[yavista:rw] -- warning_base_override: -Wall;-Wformat;-Wformat-security;-Wformat;-Wno-format-zero-length;-Wno-pointer-sign;-Wpointer-arith;-Wexpansion-to-defined
[jubilant:ro] -- Configuring done (14.7s)
[ciri:ro] INFO: Running CME, outputting to /mnt/host/source/src/platform/ec/build/zephyr/ciri/build-ro/zephyr/component_manifest.json
[navi:ro] -- Found gen_kobject_list: /mnt/host/source/src/third_party/zephyr/main/scripts/build/gen_kobject_list.py
[ciri:rw]   Disabling c_library
[ciri:rw] Call Stack (most recent call first):
[ciri:rw]   /mnt/host/source/src/third_party/zephyr/main/cmake/target_toolchain_flags.cmake:48 (include)
[ciri:rw]   /mnt/host/source/src/third_party/zephyr/main/cmake/modules/kernel.cmake:153 (include)
[ciri:rw]   /mnt/host/source/src/third_party/zephyr/main/cmake/modules/zephyr_default.cmake:138 (include)
[ciri:rw]   /mnt/host/source/src/third_party/zephyr/main/share/zephyr-package/cmake/ZephyrConfig.cmake:66 (include)
[ciri:rw]   /mnt/host/source/src/third_party/zephyr/main/share/zephyr-package/cmake/ZephyrConfig.cmake:97 (include_boilerplate)
[ciri:rw]   CMakeLists.txt:7 (find_package)
[ciri:rw] INFO: Verified 40 GPIOs, no duplicates found
[ciri:rw] INFO: Verified 26 '*-gpios' properties, all flags match.
[wugtrio:rw] [30/384] Building C object CMakeFiles/app.dir/mnt/host/source/src/platform/ec/build/zephyr/wugtrio/modules/ec/common/adc.c.obj
[navi:ro] CMake Warning at /mnt/host/source/src/third_party/zephyr/main/CMakeLists.txt:1134 (message):
[navi:ro]   No SOURCES given to Zephyr library: drivers__syscon
[navi:ro]   Excluding target from build.
[kodkod:ro] -- Generating done (0.5s)
[kodkod:ro] CMake Warning:
[obiwan:ro] -- The CXX compiler identification is GNU 14.2.0
[obiwan:rw] INFO: Running CME, outputting to /mnt/host/source/src/platform/ec/build/zephyr/obiwan/build-rw/zephyr/component_manifest.json
[obiwan:rw] INFO: Project obiwan does not support SSFC
[navi:ro] CMake Warning at /mnt/host/source/src/third_party/zephyr/main/CMakeLists.txt:2359 (message):
[obiwan:rw] INFO: No motionsense-sensor node found
[yavista:ro] INFO: Running CME, outputting to /mnt/host/source/src/platform/ec/build/zephyr/yavista/build-ro/zephyr/component_manifest.json
[yavista:ro] INFO: Project yavista does not support SSFC
[yavista:ro] INFO: Component usbpd@f03700(ite,it8xxx2-usbpd) not on I2C bus, skip it
[yavista:ro] INFO: Component virtual-mux-0(cros-ec,usbc-mux-virtual) not on I2C bus, skip it
[yavista:ro] INFO: Component virtual-mux-1(cros-ec,usbc-mux-virtual) not on I2C bus, skip it
[yavista:ro] INFO: Component tcpci-mux-1(parade,usbc-mux-ps8xxx) not on I2C bus, skip it
[yavista:ro] INFO: Component virtual-mux-1(cros-ec,usbc-mux-virtual) not on I2C bus, skip it
[yavista:ro] INFO: No motionsense-sensor node found
[obiwan:ro] -- The ASM compiler identification is GNU
[obiwan:ro] -- Found assembler: /home/jpmurphy/.cache/coreboot-sdk/arm-eabi/ea40ddd1d190c3b48435c474c0b545719371813a/bin/arm-eabi-gcc
[yavista:ro] -- warning_base_override: -Wall;-Wformat;-Wformat-security;-Wformat;-Wno-format-zero-length;-Wno-pointer-sign;-Wpointer-arith;-Wexpansion-to-defined
[obiwan:ro] CMake Warning at /mnt/host/source/src/platform/ec/zephyr/cmake/linker/ld/linker_libraries.cmake:11 (message):
[obiwan:ro]   Disabling c_library
[obiwan:ro] Call Stack (most recent call first):
[obiwan:ro]   /mnt/host/source/src/third_party/zephyr/main/cmake/target_toolchain_flags.cmake:48 (include)
[obiwan:ro]   /mnt/host/source/src/third_party/zephyr/main/cmake/modules/kernel.cmake:153 (include)
[obiwan:ro]   /mnt/host/source/src/third_party/zephyr/main/cmake/modules/zephyr_default.cmake:138 (include)
[obiwan:ro]   /mnt/host/source/src/third_party/zephyr/main/share/zephyr-package/cmake/ZephyrConfig.cmake:66 (include)
[obiwan:ro]   /mnt/host/source/src/third_party/zephyr/main/share/zephyr-package/cmake/ZephyrConfig.cmake:97 (include_boilerplate)
[obiwan:ro]   CMakeLists.txt:6 (find_package)
[navi:ro] -- Configuring done (15.0s)
[ciri:ro] -- warning_base_override: -Wall;-Wformat;-Wformat-security;-Wformat;-Wno-format-zero-length;-Wno-pointer-sign;-Wpointer-arith;-Wexpansion-to-defined
[ciri:rw] -- Generating component manifest file
[navi:rw] -- Generating done (0.4s)
[navi:rw] CMake Warning:
[navi:rw] -- Build files have been written to: /mnt/host/source/src/platform/ec/build/zephyr/navi/build-rw
[jubilant:ro] -- Generating done (0.4s)
[jubilant:ro] CMake Warning:
[jubilant:ro] -- Build files have been written to: /mnt/host/source/src/platform/ec/build/zephyr/jubilant/build-ro
[yavista:rw] -- Found gen_kobject_list: /mnt/host/source/src/third_party/zephyr/main/scripts/build/gen_kobject_list.py
[obiwan:rw] -- warning_base_override: -Wall;-Wformat;-Wformat-security;-Wformat;-Wno-format-zero-length;-Wno-pointer-sign;-Wpointer-arith;-Wexpansion-to-defined
[navi:rw]   Manually-specified variables were not used by the project:
[navi:rw]     COREBOOT_SDK_ROOT_arm
[navi:rw]     COREBOOT_SDK_ROOT_libstdcxx_arm
[navi:rw]     COREBOOT_SDK_ROOT_libstdcxx_x86
[navi:rw]     COREBOOT_SDK_ROOT_nds32
[navi:rw]     COREBOOT_SDK_ROOT_picolibc_arm
[navi:rw]     COREBOOT_SDK_ROOT_picolibc_x86
[navi:rw]     COREBOOT_SDK_ROOT_riscv
[navi:rw]     COREBOOT_SDK_ROOT_x86
[felino:rw] Configuring.
Running `env -i PYTHONPATH=/usr/lib64/python-exec/python3.11:/mnt/host/source/src/platform/ec/zephyr/zmake:/usr/lib/python311.zip:/usr/lib/python3.11:/usr/lib/python3.11/lib-dynload:/usr/lib/python3.11/site-packages PW_PIGWEED_CIPD_INSTALL_DIR=/usr CROSTC_USER_ACKNOWLEDGES_THAT_RISCV_IS_EXPERIMENTAL=1 PATH=/mnt/host/source/chromite/bin:/usr/local/bin:/usr/bin:/bin:/opt/bin:/mnt/host/source/chromite/sdk/bin:/mnt/host/source/chromite/bin HOME=/home/jpmurphy JAVA_HOME=/etc/java-config-2/current-system-vm JDK_HOME=/etc/java-config-2/current-system-vm JAVAC=/etc/java-config-2/current-system-vm/bin/javac MAKEFLAGS=' -j16 --jobserver-auth=5,6' /usr/bin/cmake -S /mnt/host/source/src/platform/ec/zephyr/program/fatcat -B /mnt/host/source/src/platform/ec/build/zephyr/felino/build-rw -GNinja -DCMAKE_EXPORT_COMPILE_COMMANDS=ON -DZEPHYR_BASE=/mnt/host/source/src/third_party/zephyr/main -DZMAKE_INCLUDE_DIR=/mnt/host/source/src/platform/ec/build/zephyr/felino/include -DPython3_EXECUTABLE=/usr/bin/python3.11 -DDTS_ROOT=/mnt/host/source/src/platform/ec/zephyr -DSYSCALL_INCLUDE_DIRS=/mnt/host/source/src/platform/ec/zephyr/include/drivers -DUSER_CACHE_DIR=/mnt/host/source/src/platform/ec/build/zephyr/user-cache '-DEXTRA_EC_VERSION_FLAGS=--version 16543.0.0 --static' -DTOOLCHAIN_ROOT=/mnt/host/source/src/platform/ec/zephyr -DCOREBOOT_SDK_ROOT_x86=/home/jpmurphy/.cache/coreboot-sdk/i386-elf/dfbb0486385d938cfa9d73080b9d18d598ed4f49 -DCOREBOOT_SDK_ROOT_picolibc_x86=/home/jpmurphy/.cache/coreboot-sdk/picolibc-i386-elf/eb8e8e687b95461de8cbf278f1c2076952d0ad17 -DCOREBOOT_SDK_ROOT_riscv64=/home/jpmurphy/.cache/coreboot-sdk/riscv64-elf/96b949749225b6aaa92ed810ab769e8dfb12f000 -DCOREBOOT_SDK_ROOT_picolibc_arm=/home/jpmurphy/.cache/coreboot-sdk/picolibc-arm-eabi/422a2aa3e1ef891b5bece9a3deb696ff83840d2e -DCOREBOOT_SDK_ROOT_nds32=/home/jpmurphy/.cache/coreboot-sdk/nds32le-elf/d1a518c4a097666d86058e1444f85ca015d15511 -DCOREBOOT_SDK_ROOT_picolibc_riscv64=/home/jpmurphy/.cache/coreboot-sdk/picolibc-riscv64-elf/f571e990ef0278564b31124f8bb109d9a697eb69 -DCOREBOOT_SDK_ROOT_arm=/home/jpmurphy/.cache/coreboot-sdk/arm-eabi/ea40ddd1d190c3b48435c474c0b545719371813a -DCOREBOOT_SDK_ROOT_libstdcxx_riscv64=/home/jpmurphy/.cache/coreboot-sdk/libstdcxx-riscv64-elf/17abf22a3a252e2d5d2062ced5324f7a623689e0 -DCOREBOOT_SDK_ROOT_libstdcxx_arm=/home/jpmurphy/.cache/coreboot-sdk/libstdcxx-arm-eabi/5d7d82e150e44aa1968f1d366e267e6687b328ac -DCOREBOOT_SDK_ROOT_riscv=/home/jpmurphy/.cache/coreboot-sdk/riscv-elf/9a27b9e82341c6e9126624f516ab3f261abb3e73 -DCOREBOOT_SDK_ROOT_libstdcxx_x86=/home/jpmurphy/.cache/coreboot-sdk/libstdcxx-i386-elf/42ef9d2e87a76a37963175d7d428734e65648b87 -DZEPHYR_TOOLCHAIN_VARIANT=coreboot-sdk -DZEPHYR_MODULES=/mnt/host/source/src/platform/ec/build/zephyr/felino/modules/ec -DDTC_OVERLAY_FILE=/mnt/host/source/src/platform/ec/zephyr/program/fatcat/felino/project.overlay -DBOARD=it8xxx2/it82002aw -DCMAKE_C_FLAGS=-DSECTION_IS_RW '-DCONF_FILE=/mnt/host/source/src/platform/ec/zephyr/program/fatcat/program.conf;/mnt/host/source/src/platform/ec/zephyr/program/fatcat/felino/project.conf;/mnt/host/source/src/platform/ec/build/zephyr/felino/kconfig-rw.conf'`
[felino:rw] Loading Zephyr default modules (Zephyr base (cached)).
[felino:rw] -- Application: /mnt/host/source/src/platform/ec/zephyr/program/fatcat
[yavista:rw] -- Configuring done (14.8s)
[kodkod:ro] -- Build files have been written to: /mnt/host/source/src/platform/ec/build/zephyr/kodkod/build-ro
[kodkod:ro]   Manually-specified variables were not used by the project:
[yavista:ro] -- Found gen_kobject_list: /mnt/host/source/src/third_party/zephyr/main/scripts/build/gen_kobject_list.py
[kodkod:ro]     COREBOOT_SDK_ROOT_libstdcxx_riscv64
[kodkod:ro]     COREBOOT_SDK_ROOT_libstdcxx_x86
[kodkod:ro]     COREBOOT_SDK_ROOT_nds32
[kodkod:ro]     COREBOOT_SDK_ROOT_picolibc_riscv64
[kodkod:ro]     COREBOOT_SDK_ROOT_picolibc_x86
[kodkod:ro]     COREBOOT_SDK_ROOT_riscv
[kodkod:ro]     COREBOOT_SDK_ROOT_riscv64
[kodkod:ro]     COREBOOT_SDK_ROOT_x86
[ciri:rw] INFO: Skipped 1 named-gpios children.
[ciri:rw] INFO: Running CME, outputting to /mnt/host/source/src/platform/ec/build/zephyr/ciri/build-rw/zephyr/component_manifest.json
[ciri:rw] INFO: Component usbpd@f03700(ite,it8xxx2-usbpd) not on I2C bus, skip it
[ciri:rw] INFO: Component virtual-mux-0(cros-ec,usbc-mux-virtual) not on I2C bus, skip it
[ciri:rw] INFO: Component usbpd@f03800(ite,it8xxx2-usbpd) not on I2C bus, skip it
[ciri:rw] INFO: Component virtual-mux-1(cros-ec,usbc-mux-virtual) not on I2C bus, skip it
[ciri:rw] INFO: Component virtual-mux-1(cros-ec,usbc-mux-virtual) not on I2C bus, skip it
[jubilant:ro]   Manually-specified variables were not used by the project:
[jubilant:ro]     COREBOOT_SDK_ROOT_arm
[jubilant:ro]     COREBOOT_SDK_ROOT_libstdcxx_arm
[jubilant:ro]     COREBOOT_SDK_ROOT_libstdcxx_x86
[jubilant:ro]     COREBOOT_SDK_ROOT_nds32
[jubilant:ro]     COREBOOT_SDK_ROOT_picolibc_arm
[jubilant:ro]     COREBOOT_SDK_ROOT_picolibc_x86
[jubilant:ro]     COREBOOT_SDK_ROOT_riscv
[jubilant:ro]     COREBOOT_SDK_ROOT_x86
[krabby:ro] Configuring.
Running `env -i PYTHONPATH=/usr/lib64/python-exec/python3.11:/mnt/host/source/src/platform/ec/zephyr/zmake:/usr/lib/python311.zip:/usr/lib/python3.11:/usr/lib/python3.11/lib-dynload:/usr/lib/python3.11/site-packages PW_PIGWEED_CIPD_INSTALL_DIR=/usr CROSTC_USER_ACKNOWLEDGES_THAT_RISCV_IS_EXPERIMENTAL=1 PATH=/mnt/host/source/chromite/bin:/usr/local/bin:/usr/bin:/bin:/opt/bin:/mnt/host/source/chromite/sdk/bin:/mnt/host/source/chromite/bin HOME=/home/jpmurphy JAVA_HOME=/etc/java-config-2/current-system-vm JDK_HOME=/etc/java-config-2/current-system-vm JAVAC=/etc/java-config-2/current-system-vm/bin/javac MAKEFLAGS=' -j16 --jobserver-auth=5,6' /usr/bin/cmake -S /mnt/host/source/src/platform/ec/zephyr/program/corsola -B /mnt/host/source/src/platform/ec/build/zephyr/krabby/build-ro -GNinja -DCMAKE_EXPORT_COMPILE_COMMANDS=ON -DZEPHYR_BASE=/mnt/host/source/src/third_party/zephyr/main -DZMAKE_INCLUDE_DIR=/mnt/host/source/src/platform/ec/build/zephyr/krabby/include -DPython3_EXECUTABLE=/usr/bin/python3.11 -DDTS_ROOT=/mnt/host/source/src/platform/ec/zephyr -DSYSCALL_INCLUDE_DIRS=/mnt/host/source/src/platform/ec/zephyr/include/drivers -DUSER_CACHE_DIR=/mnt/host/source/src/platform/ec/build/zephyr/user-cache '-DEXTRA_EC_VERSION_FLAGS=--version 16543.0.0 --static' -DTOOLCHAIN_ROOT=/mnt/host/source/src/platform/ec/zephyr -DCOREBOOT_SDK_ROOT_x86=/home/jpmurphy/.cache/coreboot-sdk/i386-elf/dfbb0486385d938cfa9d73080b9d18d598ed4f49 -DCOREBOOT_SDK_ROOT_picolibc_x86=/home/jpmurphy/.cache/coreboot-sdk/picolibc-i386-elf/eb8e8e687b95461de8cbf278f1c2076952d0ad17 -DCOREBOOT_SDK_ROOT_riscv64=/home/jpmurphy/.cache/coreboot-sdk/riscv64-elf/96b949749225b6aaa92ed810ab769e8dfb12f000 -DCOREBOOT_SDK_ROOT_picolibc_arm=/home/jpmurphy/.cache/coreboot-sdk/picolibc-arm-eabi/422a2aa3e1ef891b5bece9a3deb696ff83840d2e -DCOREBOOT_SDK_ROOT_nds32=/home/jpmurphy/.cache/coreboot-sdk/nds32le-elf/d1a518c4a097666d86058e1444f85ca015d15511 -DCOREBOOT_SDK_ROOT_picolibc_riscv64=/home/jpmurphy/.cache/coreboot-sdk/picolibc-riscv64-elf/f571e990ef0278564b31124f8bb109d9a697eb69 -DCOREBOOT_SDK_ROOT_arm=/home/jpmurphy/.cache/coreboot-sdk/arm-eabi/ea40ddd1d190c3b48435c474c0b545719371813a -DCOREBOOT_SDK_ROOT_libstdcxx_riscv64=/home/jpmurphy/.cache/coreboot-sdk/libstdcxx-riscv64-elf/17abf22a3a252e2d5d2062ced5324f7a623689e0 -DCOREBOOT_SDK_ROOT_libstdcxx_arm=/home/jpmurphy/.cache/coreboot-sdk/libstdcxx-arm-eabi/5d7d82e150e44aa1968f1d366e267e6687b328ac -DCOREBOOT_SDK_ROOT_riscv=/home/jpmurphy/.cache/coreboot-sdk/riscv-elf/9a27b9e82341c6e9126624f516ab3f261abb3e73 -DCOREBOOT_SDK_ROOT_libstdcxx_x86=/home/jpmurphy/.cache/coreboot-sdk/libstdcxx-i386-elf/42ef9d2e87a76a37963175d7d428734e65648b87 -DZEPHYR_TOOLCHAIN_VARIANT=coreboot-sdk -DZEPHYR_MODULES=/mnt/host/source/src/platform/ec/build/zephyr/krabby/modules/ec -DDTC_OVERLAY_FILE=/mnt/host/source/src/platform/ec/zephyr/program/corsola/krabby/project.overlay -DBOARD=it8xxx2/it81202bx -DCMAKE_C_FLAGS=-DSECTION_IS_RO '-DCONF_FILE=/mnt/host/source/src/platform/ec/zephyr/program/corsola/program.conf;/mnt/host/source/src/platform/ec/zephyr/program/corsola/ite_program.conf;/mnt/host/source/src/platform/ec/zephyr/program/corsola/krabby/project.conf;/mnt/host/source/src/platform/ec/build/zephyr/krabby/kconfig-ro.conf'`
[ciri:rw] -- warning_base_override: -Wall;-Wformat;-Wformat-security;-Wformat;-Wno-format-zero-length;-Wno-pointer-sign;-Wpointer-arith;-Wexpansion-to-defined
[krabby:ro] -- Application: /mnt/host/source/src/platform/ec/zephyr/program/corsola
[krabby:ro] Loading Zephyr default modules (Zephyr base (cached)).
[wugtrio:rw] [31/384] Building C object CMakeFiles/app.dir/mnt/host/source/src/platform/ec/build/zephyr/wugtrio/modules/ec/common/base_state.c.obj
[navi:ro] -- Generating done (0.5s)
[navi:ro]   __ASSERT() statements are globally ENABLED
[navi:ro] CMake Warning:
[ciri:ro] -- Found gen_kobject_list: /mnt/host/source/src/third_party/zephyr/main/scripts/build/gen_kobject_list.py
[yavista:ro] -- Configuring done (15.3s)
[obiwan:rw] -- Found gen_kobject_list: /mnt/host/source/src/third_party/zephyr/main/scripts/build/gen_kobject_list.py
[wugtrio:rw] [32/384] Building C object CMakeFiles/app.dir/mnt/host/source/src/platform/ec/build/zephyr/wugtrio/modules/ec/common/battery.c.obj
[felino:rw] -- CMake version: 3.31.7
[felino:rw] -- Found Python3: /usr/bin/python3.11 (found suitable version "3.11.11", minimum required is "3.10") found components: Interpreter
[felino:rw] -- Cache files will be written to: /mnt/host/source/src/platform/ec/build/zephyr/user-cache
[ciri:ro] INFO: Component usbpd@f03700(ite,it8xxx2-usbpd) not on I2C bus, skip it
[ciri:ro] INFO: Component virtual-mux-0(cros-ec,usbc-mux-virtual) not on I2C bus, skip it
[ciri:ro] INFO: Component usbpd@f03800(ite,it8xxx2-usbpd) not on I2C bus, skip it
[ciri:ro] INFO: Component virtual-mux-1(cros-ec,usbc-mux-virtual) not on I2C bus, skip it
[ciri:ro] INFO: Component virtual-mux-1(cros-ec,usbc-mux-virtual) not on I2C bus, skip it
[ciri:ro] CMake Warning at /mnt/host/source/src/third_party/zephyr/main/CMakeLists.txt:2359 (message):
[ciri:ro]   __ASSERT() statements are globally ENABLED
[felino:rw] -- Zephyr version: 4.3.99 (/mnt/host/source/src/third_party/zephyr/main)
[obiwan:rw] CMake Warning at /mnt/host/source/src/third_party/zephyr/main/CMakeLists.txt:2359 (message):
[obiwan:rw]   __ASSERT() statements are globally ENABLED
[navi:ro] -- Build files have been written to: /mnt/host/source/src/platform/ec/build/zephyr/navi/build-ro
[navi:ro]   Manually-specified variables were not used by the project:
[navi:ro]     COREBOOT_SDK_ROOT_arm
[navi:ro]     COREBOOT_SDK_ROOT_libstdcxx_arm
[navi:ro]     COREBOOT_SDK_ROOT_libstdcxx_x86
[navi:ro]     COREBOOT_SDK_ROOT_nds32
[navi:ro]     COREBOOT_SDK_ROOT_picolibc_arm
[navi:ro]     COREBOOT_SDK_ROOT_picolibc_x86
[navi:ro]     COREBOOT_SDK_ROOT_riscv
[navi:ro]     COREBOOT_SDK_ROOT_x86
[obiwan:ro] -- Performing EC specific devicetree checks
[ciri:ro] Loading Zephyr default modules (Zephyr base (cached)).
[krabby:ro] -- CMake version: 3.31.7
[krabby:ro] -- Found Python3: /usr/bin/python3.11 (found suitable version "3.11.11", minimum required is "3.10") found components: Interpreter
[krabby:ro] -- Cache files will be written to: /mnt/host/source/src/platform/ec/build/zephyr/user-cache
[krabby:ro] -- Zephyr version: 4.3.99 (/mnt/host/source/src/third_party/zephyr/main)
[wugtrio:rw] [33/384] Building C object CMakeFiles/app.dir/mnt/host/source/src/platform/ec/build/zephyr/wugtrio/modules/ec/common/battery_info.c.obj
[yavista:rw] -- Generating done (0.5s)
[yavista:rw] INFO: Component tcpci-mux-1(parade,usbc-mux-ps8xxx) not on I2C bus, skip it
[yavista:rw] INFO: Component virtual-mux-1(cros-ec,usbc-mux-virtual) not on I2C bus, skip it
[yavista:rw] INFO: No motionsense-sensor node found
[ciri:ro] -- Configuring done (15.1s)
[yavista:rw] CMake Warning:
[yavista:rw]   Manually-specified variables were not used by the project:
[yavista:rw]     COREBOOT_SDK_ROOT_arm
[yavista:rw]     COREBOOT_SDK_ROOT_libstdcxx_arm
[yavista:rw] -- Build files have been written to: /mnt/host/source/src/platform/ec/build/zephyr/yavista/build-rw
[ciri:rw] -- Found gen_kobject_list: /mnt/host/source/src/third_party/zephyr/main/scripts/build/gen_kobject_list.py
[obiwan:rw] -- Configuring done (15.2s)
[ciri:rw] CMake Warning at /mnt/host/source/src/third_party/zephyr/main/CMakeLists.txt:2359 (message):
[ciri:rw]   __ASSERT() statements are globally ENABLED
[yavista:ro] -- Generating done (0.4s)
[yavista:ro] CMake Warning:
[yavista:ro]   Manually-specified variables were not used by the project:
[yavista:ro]     COREBOOT_SDK_ROOT_arm
[yavista:ro]     COREBOOT_SDK_ROOT_libstdcxx_arm
[yavista:ro]     COREBOOT_SDK_ROOT_libstdcxx_x86
[yavista:ro]     COREBOOT_SDK_ROOT_nds32
[yavista:ro]     COREBOOT_SDK_ROOT_picolibc_arm
[yavista:ro]     COREBOOT_SDK_ROOT_picolibc_x86
[yavista:ro]     COREBOOT_SDK_ROOT_riscv
[yavista:ro]     COREBOOT_SDK_ROOT_x86
[yavista:ro] -- Build files have been written to: /mnt/host/source/src/platform/ec/build/zephyr/yavista/build-ro
[yavista:rw]     COREBOOT_SDK_ROOT_libstdcxx_x86
[yavista:rw]     COREBOOT_SDK_ROOT_nds32
[yavista:rw]     COREBOOT_SDK_ROOT_picolibc_arm
[yavista:rw]     COREBOOT_SDK_ROOT_picolibc_x86
[yavista:rw]     COREBOOT_SDK_ROOT_riscv
[yavista:rw]     COREBOOT_SDK_ROOT_x86
[obiwan:ro] INFO: Verified 41 GPIOs, no duplicates found
[ciri:rw] Loading Zephyr default modules (Zephyr base (cached)).
[ciri:ro] -- Generating done (0.3s)
[ciri:ro] CMake Warning:
[ciri:ro] -- Build files have been written to: /mnt/host/source/src/platform/ec/build/zephyr/ciri/build-ro
[ciri:rw] -- Configuring done (15.0s)
[wugtrio:rw] [34/384] Building C object CMakeFiles/app.dir/mnt/host/source/src/platform/ec/build/zephyr/wugtrio/modules/ec/common/battery_fuel_gauge.c.obj
[ciri:ro]   Manually-specified variables were not used by the project:
[ciri:ro]     COREBOOT_SDK_ROOT_arm
[ciri:ro]     COREBOOT_SDK_ROOT_libstdcxx_arm
[ciri:ro]     COREBOOT_SDK_ROOT_libstdcxx_x86
[ciri:ro]     COREBOOT_SDK_ROOT_nds32
[ciri:ro]     COREBOOT_SDK_ROOT_picolibc_arm
[ciri:ro]     COREBOOT_SDK_ROOT_picolibc_x86
[ciri:ro]     COREBOOT_SDK_ROOT_riscv
[ciri:ro]     COREBOOT_SDK_ROOT_x86
[obiwan:rw] -- Generating done (0.5s)
[obiwan:rw] CMake Warning:
[obiwan:rw]   Manually-specified variables were not used by the project:
[obiwan:rw]     COREBOOT_SDK_ROOT_libstdcxx_riscv64
[obiwan:rw]     COREBOOT_SDK_ROOT_libstdcxx_x86
[obiwan:rw]     COREBOOT_SDK_ROOT_nds32
[obiwan:rw]     COREBOOT_SDK_ROOT_picolibc_riscv64
[obiwan:rw]     COREBOOT_SDK_ROOT_picolibc_x86
[obiwan:rw]     COREBOOT_SDK_ROOT_riscv
[obiwan:rw]     COREBOOT_SDK_ROOT_riscv64
[obiwan:rw]     COREBOOT_SDK_ROOT_x86
[obiwan:rw] -- Build files have been written to: /mnt/host/source/src/platform/ec/build/zephyr/obiwan/build-rw
[obiwan:ro] -- Generating component manifest file
[wugtrio:rw] [35/384] Building C object CMakeFiles/app.dir/mnt/host/source/src/platform/ec/build/zephyr/wugtrio/modules/ec/driver/battery/smart.c.obj
[navi:rw] Building: /usr/bin/ninja -C /mnt/host/source/src/platform/ec/build/zephyr/navi/build-rw all.libraries
Running `env -i SHELL=/bin/bash COLORTERM=truecolor DEPOT_TOOLS_UPDATE=0 LESS='-R -M --shift 5' SUDO_GID=0 JDK_HOME=/etc/java-config-2/current-system-vm CONFIG_PROTECT_MASK='/etc/gentoo-release /etc/sandbox.d /etc/fonts/fonts.conf /etc/terminfo /etc/ca-certificates.conf /etc/revdep-rebuild' CHROMEOS_CACHEDIR=/var/cache/chromeos-cache JAVA_HOME=/etc/java-config-2/current-system-vm SSH_AUTH_SOCK=/tmp/ssh-auth-sock SUDO_COMMAND=/bin/bash SUDO_USER=root SUDO_TTY=/dev/pts/2 EDITOR=/usr/bin/vi PWD=/mnt/host/source/src/platform/ec CONFIG_PROTECT=/usr/share/gnupg/qualified.txt LOGNAME=jpmurphy MANPATH=/etc/java-config-2/current-system-vm/man:/usr/local/share/man:/usr/share/man:/usr/share/gcc-data/x86_64-pc-linux-gnu/10.2.0/man:/usr/share/binutils-data/x86_64-pc-linux-gnu/2.45/man:/etc/java-config-2/current-system-vm/man/ SUDO_HOME=/root XAUTHORITY=/run/user/944457/gdm/Xauthority HOME=/home/jpmurphy LANG=C.UTF-8 LS_COLORS='rs=0:di=01;34:ln=01;36:mh=00:pi=40;33:so=01;35:do=01;35:bd=40;33;01:cd=40;33;01:or=01;05;37;41:mi=01;05;37;41:su=37;41:sg=30;43:ca=30;41:tw=30;42:ow=34;42:st=37;44:ex=01;32:*.tar=01;31:*.tgz=01;31:*.arc=01;31:*.arj=01;31:*.taz=01;31:*.lha=01;31:*.lz4=01;31:*.lzh=01;31:*.lzma=01;31:*.tlz=01;31:*.txz=01;31:*.tzo=01;31:*.t7z=01;31:*.zip=01;31:*.z=01;31:*.dz=01;31:*.gz=01;31:*.lrz=01;31:*.lz=01;31:*.lzo=01;31:*.xz=01;31:*.zst=01;31:*.tzst=01;31:*.bz2=01;31:*.bz=01;31:*.tbz=01;31:*.tbz2=01;31:*.tz=01;31:*.deb=01;31:*.rpm=01;31:*.jar=01;31:*.war=01;31:*.ear=01;31:*.sar=01;31:*.rar=01;31:*.alz=01;31:*.ace=01;31:*.zoo=01;31:*.cpio=01;31:*.7z=01;31:*.rz=01;31:*.cab=01;31:*.wim=01;31:*.swm=01;31:*.dwm=01;31:*.esd=01;31:*.jpg=01;35:*.jpeg=01;35:*.mjpg=01;35:*.mjpeg=01;35:*.gif=01;35:*.bmp=01;35:*.pbm=01;35:*.pgm=01;35:*.ppm=01;35:*.tga=01;35:*.xbm=01;35:*.xpm=01;35:*.tif=01;35:*.tiff=01;35:*.png=01;35:*.svg=01;35:*.svgz=01;35:*.mng=01;35:*.pcx=01;35:*.mov=01;35:*.mpg=01;35:*.mpeg=01;35:*.m2v=01;35:*.mkv=01;35:*.webm=01;35:*.webp=01;35:*.ogm=01;35:*.mp4=01;35:*.m4v=01;35:*.mp4v=01;35:*.vob=01;35:*.qt=01;35:*.nuv=01;35:*.wmv=01;35:*.asf=01;35:*.rm=01;35:*.rmvb=01;35:*.flc=01;35:*.avi=01;35:*.fli=01;35:*.flv=01;35:*.gl=01;35:*.dl=01;35:*.xcf=01;35:*.xwd=01;35:*.yuv=01;35:*.cgm=01;35:*.emf=01;35:*.ogv=01;35:*.ogx=01;35:*.cfg=00;32:*.conf=00;32:*.diff=00;32:*.doc=00;32:*.ini=00;32:*.log=00;32:*.patch=00;32:*.pdf=00;32:*.ps=00;32:*.tex=00;32:*.txt=00;32:*.aac=00;36:*.au=00;36:*.flac=00;36:*.m4a=00;36:*.mid=00;36:*.midi=00;36:*.mka=00;36:*.mp3=00;36:*.mpc=00;36:*.ogg=00;36:*.ra=00;36:*.wav=00;36:*.oga=00;36:*.opus=00;36:*.spx=00;36:*.xspf=00;36:' XDG_CURRENT_DESKTOP=GNOME INFOPATH=/usr/share/info:/usr/share/gcc-data/x86_64-pc-linux-gnu/10.2.0/info:/usr/share/binutils-data/x86_64-pc-linux-gnu/2.45/info:/usr/share/automake-1.16.5/info JAVAC=/etc/java-config-2/current-system-vm/bin/javac TERM=xterm-256color LESSOPEN='|lesspipe %s' USER=jpmurphy CROS_WORKON_SRCROOT=/mnt/host/source MANPAGER=manpager DISPLAY=:1 SHLVL=1 LC_MESSAGES=C EXTERNAL_TRUNK_PATH=/mnt/8f9d649a-3721-44cc-93c0-e6bd21a9689f/chromiumos GCC_SPECS='' PATH=/mnt/host/source/chromite/bin:/usr/local/bin:/usr/bin:/bin:/opt/bin:/mnt/host/source/chromite/sdk/bin:/mnt/host/source/chromite/bin PORTAGE_USERNAME=jpmurphy SUDO_UID=0 GCC_VER=10.2.0 MAIL=/var/mail/jpmurphy OLDPWD=/mnt/host/source/src/scripts traceparent=00-e87aca51550a78635907baa6a2476181-6d684811675d2973-01 _=./zephyr/firmware_builder.py COREBOOT_SDK_ROOT_x86=/home/jpmurphy/.cache/coreboot-sdk/i386-elf/dfbb0486385d938cfa9d73080b9d18d598ed4f49 COREBOOT_SDK_ROOT_picolibc_x86=/home/jpmurphy/.cache/coreboot-sdk/picolibc-i386-elf/eb8e8e687b95461de8cbf278f1c2076952d0ad17 COREBOOT_SDK_ROOT_riscv64=/home/jpmurphy/.cache/coreboot-sdk/riscv64-elf/96b949749225b6aaa92ed810ab769e8dfb12f000 COREBOOT_SDK_ROOT_picolibc_arm=/home/jpmurphy/.cache/coreboot-sdk/picolibc-arm-eabi/422a2aa3e1ef891b5bece9a3deb696ff83840d2e COREBOOT_SDK_ROOT_nds32=/home/jpmurphy/.cache/coreboot-sdk/nds32le-elf/d1a518c4a097666d86058e1444f85ca015d15511 COREBOOT_SDK_ROOT_picolibc_riscv64=/home/jpmurphy/.cache/coreboot-sdk/picolibc-riscv64-elf/f571e990ef0278564b31124f8bb109d9a697eb69 COREBOOT_SDK_ROOT_arm=/home/jpmurphy/.cache/coreboot-sdk/arm-eabi/ea40ddd1d190c3b48435c474c0b545719371813a COREBOOT_SDK_ROOT_libstdcxx_riscv64=/home/jpmurphy/.cache/coreboot-sdk/libstdcxx-riscv64-elf/17abf22a3a252e2d5d2062ced5324f7a623689e0 COREBOOT_SDK_ROOT_libstdcxx_arm=/home/jpmurphy/.cache/coreboot-sdk/libstdcxx-arm-eabi/5d7d82e150e44aa1968f1d366e267e6687b328ac COREBOOT_SDK_ROOT_riscv=/home/jpmurphy/.cache/coreboot-sdk/riscv-elf/9a27b9e82341c6e9126624f516ab3f261abb3e73 COREBOOT_SDK_ROOT_libstdcxx_x86=/home/jpmurphy/.cache/coreboot-sdk/libstdcxx-i386-elf/42ef9d2e87a76a37963175d7d428734e65648b87 PYTHONPATH=/mnt/host/source/src/platform/ec/zephyr/zmake PW_PIGWEED_CIPD_INSTALL_DIR=/usr CROSTC_USER_ACKNOWLEDGES_THAT_RISCV_IS_EXPERIMENTAL=1 MAKEFLAGS=' -j16 --jobserver-auth=5,6' /usr/bin/ninja -C /mnt/host/source/src/platform/ec/build/zephyr/navi/build-rw all.libraries`
[navi:rw] ninja: Entering directory `/mnt/host/source/src/platform/ec/build/zephyr/navi/build-rw'
[wugtrio:rw] [36/384] Building C object CMakeFiles/app.dir/mnt/host/source/src/platform/ec/build/zephyr/wugtrio/modules/ec/driver/charger/rt9490.c.obj
[ciri:rw] -- Generating done (0.5s)
[ciri:rw] CMake Warning:
[obiwan:ro] INFO: Verified 26 '*-gpios' properties, all flags match.
[obiwan:ro] INFO: Skipped 1 named-gpios children.
[obiwan:ro] INFO: Running CME, outputting to /mnt/host/source/src/platform/ec/build/zephyr/obiwan/build-ro/zephyr/component_manifest.json
[obiwan:ro] INFO: Project obiwan does not support SSFC
[obiwan:ro] INFO: No motionsense-sensor node found
[wugtrio:rw] [37/384] Building C object CMakeFiles/app.dir/mnt/host/source/src/platform/ec/build/zephyr/wugtrio/modules/ec/common/charger.c.obj
[obiwan:ro] -- warning_base_override: -Wall;-Wformat;-Wformat-security;-Wformat;-Wno-format-zero-length;-Wno-pointer-sign;-Wpointer-arith;-Wexpansion-to-defined
[ciri:rw] -- Build files have been written to: /mnt/host/source/src/platform/ec/build/zephyr/ciri/build-rw
[ciri:rw]   Manually-specified variables were not used by the project:
[ciri:rw]     COREBOOT_SDK_ROOT_arm
[ciri:rw]     COREBOOT_SDK_ROOT_libstdcxx_arm
[ciri:rw]     COREBOOT_SDK_ROOT_libstdcxx_x86
[ciri:rw]     COREBOOT_SDK_ROOT_nds32
[ciri:rw]     COREBOOT_SDK_ROOT_picolibc_arm
[ciri:rw]     COREBOOT_SDK_ROOT_picolibc_x86
[ciri:rw]     COREBOOT_SDK_ROOT_riscv
[ciri:rw]     COREBOOT_SDK_ROOT_x86
[navi:rw] [1/379] Preparing syscall dependency handling
[wugtrio:rw] [38/384] Building C object CMakeFiles/app.dir/mnt/host/source/src/platform/ec/build/zephyr/wugtrio/modules/ec/common/charge_state.c.obj
[navi:rw] [2/379] Generating misc/generated/syscalls_subdirs.trigger
[wugtrio:rw] [39/384] Building C object CMakeFiles/app.dir/mnt/host/source/src/platform/ec/build/zephyr/wugtrio/modules/ec/common/charge_ramp.c.obj
[felino:rw] -- Board: it8xxx2, qualifiers: it82002aw
[navi:rw] [3/379] Generating include/generated/zephyr/version.h
[wugtrio:rw] [40/384] Building C object CMakeFiles/app.dir/mnt/host/source/src/platform/ec/build/zephyr/wugtrio/modules/ec/common/cbi_common.c.obj
[wugtrio:rw] [41/384] Building C object CMakeFiles/app.dir/mnt/host/source/src/platform/ec/build/zephyr/wugtrio/modules/ec/common/cbi_config.c.obj
[krabby:ro] -- Board: it8xxx2, qualifiers: it81202bx
[obiwan:ro] -- Found gen_kobject_list: /mnt/host/source/src/third_party/zephyr/main/scripts/build/gen_kobject_list.py
[wugtrio:rw] [42/384] Building C object CMakeFiles/app.dir/mnt/host/source/src/platform/ec/build/zephyr/wugtrio/modules/ec/common/cbi.c.obj
[wugtrio:rw] [43/384] Building C object CMakeFiles/app.dir/mnt/host/source/src/platform/ec/build/zephyr/wugtrio/modules/ec/common/charge_manager.c.obj
[obiwan:ro] CMake Warning at /mnt/host/source/src/third_party/zephyr/main/CMakeLists.txt:2359 (message):
[navi:rw] -- git describe warned: warning: tag 'upstream/v2.7.99' is externally known as 'v2.7.99'
[navi:rw] -- Zephyr version: 4.3.99 (/mnt/host/source/src/third_party/zephyr/main)
[navi:rw] [4/379] cd /mnt/host/source/src/platform/ec/build/zephyr/navi/build-rw/modules/ec/zephyr && PYTHONPATH=/mnt/host/source/src/platform/ec/build/zephyr/navi/modules/ec/zephyr/zmake/ /usr/bin/python3.11 /mnt/host/source/src/platform/ec/build/zephyr/navi/modules/ec/zephyr/zmake/zephyr_build_tools/generate_ec_version.py /mnt/host/source/src/platform/ec/build/zephyr/navi/build-rw/modules/ec/zephyr/include/ec_version.h --name Zephyr-Kernel --version 16543.0.0 --static
[navi:rw] INFO:root:Using a static version string
[wugtrio:rw] [44/384] Building C object CMakeFiles/app.dir/mnt/host/source/src/platform/ec/build/zephyr/wugtrio/modules/ec/common/memory_commands.c.obj
[obiwan:ro] -- Configuring done (15.5s)
[wugtrio:rw] [45/384] Building C object CMakeFiles/app.dir/mnt/host/source/src/platform/ec/build/zephyr/wugtrio/modules/ec/common/chipset.c.obj
[wugtrio:rw] [46/384] Building C object CMakeFiles/app.dir/mnt/host/source/src/platform/ec/build/zephyr/wugtrio/modules/ec/common/ap_reset_log.c.obj
[navi:rw] INFO:root:Version string: Zephyr-Kernel-16543.0.0
[navi:rw] INFO:root:Writing header to /mnt/host/source/src/platform/ec/build/zephyr/navi/build-rw/modules/ec/zephyr/include/ec_version.h
[navi:rw] [5/379] Generating misc/generated/syscalls.json, misc/generated/struct_tags.json
[wugtrio:rw] [47/384] Building C object CMakeFiles/app.dir/mnt/host/source/src/platform/ec/build/zephyr/wugtrio/modules/ec/common/extpower_common.c.obj
[obiwan:ro] -- Generating done (0.5s)
[obiwan:ro]   __ASSERT() statements are globally ENABLED
[obiwan:ro] CMake Warning:
[obiwan:ro]   Manually-specified variables were not used by the project:
[obiwan:ro]     COREBOOT_SDK_ROOT_libstdcxx_riscv64
[obiwan:ro]     COREBOOT_SDK_ROOT_libstdcxx_x86
[obiwan:ro]     COREBOOT_SDK_ROOT_nds32
[obiwan:ro]     COREBOOT_SDK_ROOT_picolibc_riscv64
[obiwan:ro]     COREBOOT_SDK_ROOT_picolibc_x86
[obiwan:ro]     COREBOOT_SDK_ROOT_riscv
[obiwan:ro]     COREBOOT_SDK_ROOT_riscv64
[obiwan:ro]     COREBOOT_SDK_ROOT_x86
[obiwan:ro] -- Build files have been written to: /mnt/host/source/src/platform/ec/build/zephyr/obiwan/build-ro
[wugtrio:rw] [48/384] Building C object CMakeFiles/app.dir/mnt/host/source/src/platform/ec/build/zephyr/wugtrio/modules/ec/common/extpower_gpio.c.obj
[navi:rw] [6/379] Generating include/generated/zephyr/syscall_dispatch.c, include/generated/zephyr/syscall_exports_llext.c, syscall_weakdefs_llext.c, include/generated/zephyr/syscall_list.h
[wugtrio:rw] [49/384] Building C object CMakeFiles/app.dir/mnt/host/source/src/platform/ec/build/zephyr/wugtrio/modules/ec/common/host_command.c.obj
[wugtrio:rw] [50/384] Building C object CMakeFiles/app.dir/mnt/host/source/src/platform/ec/build/zephyr/wugtrio/modules/ec/common/host_command_task.c.obj
[wugtrio:rw] [51/384] Building C object CMakeFiles/app.dir/mnt/host/source/src/platform/ec/build/zephyr/wugtrio/modules/ec/common/flash.c.obj
[navi:rw] [7/379] Generating include/generated/zephyr/driver-validation.h
[navi:rw] [8/379] Generating include/generated/device-api-sections.ld, include/generated/device-api-sections.cmake
[navi:rw] [9/379] Generating include/generated/zephyr/kobj-types-enum.h, include/generated/zephyr/otype-to-str.h, include/generated/zephyr/otype-to-size.h
[wugtrio:rw] [52/384] Building C object CMakeFiles/app.dir/mnt/host/source/src/platform/ec/build/zephyr/wugtrio/modules/ec/common/host_event_commands.c.obj
[wugtrio:rw] [53/384] Building C object CMakeFiles/app.dir/mnt/host/source/src/platform/ec/build/zephyr/wugtrio/modules/ec/common/uart_hostcmd.c.obj
[navi:rw] [10/379] Building C object zephyr/drivers/syscon/CMakeFiles/drivers__syscon.dir/mnt/host/source/src/third_party/zephyr/main/misc/empty_file.c.obj
[wugtrio:rw] [54/384] Building C object CMakeFiles/app.dir/mnt/host/source/src/platform/ec/build/zephyr/wugtrio/modules/ec/common/uptime.c.obj
[navi:rw] [11/379] Linking C static library zephyr/drivers/syscon/libdrivers__syscon.a
[wugtrio:rw] [55/384] Building C object CMakeFiles/app.dir/mnt/host/source/src/platform/ec/build/zephyr/wugtrio/modules/ec/common/i2c_controller.c.obj
[wugtrio:rw] [56/384] Building C object CMakeFiles/app.dir/mnt/host/source/src/platform/ec/build/zephyr/wugtrio/modules/ec/common/i2c_passthru.c.obj
[wugtrio:rw] [57/384] Building C object CMakeFiles/app.dir/mnt/host/source/src/platform/ec/build/zephyr/wugtrio/modules/ec/common/virtual_battery.c.obj
[krabby:ro] -- Found Dtc: /usr/bin/dtc (found suitable version "1.6.0", minimum required is "1.4.6")
[krabby:ro] -- Found BOARD.dts: /mnt/host/source/src/platform/ec/zephyr/boards/google/it8xxx2/it8xxx2_it81202bx.dts
[krabby:ro] -- Found devicetree overlay: /mnt/host/source/src/platform/ec/zephyr/program/corsola/krabby/project.overlay
[wugtrio:rw] [58/384] Building C object CMakeFiles/app.dir/mnt/host/source/src/platform/ec/build/zephyr/wugtrio/modules/ec/common/mkbp_info.c.obj
[navi:rw] [12/379] Building C object zephyr/CMakeFiles/offsets.dir/arch/riscv/core/offsets/offsets.c.obj
[wugtrio:rw] [59/384] Building C object CMakeFiles/app.dir/mnt/host/source/src/platform/ec/build/zephyr/wugtrio/modules/ec/common/mkbp_fifo.c.obj
[wugtrio:rw] [60/384] Building C object CMakeFiles/app.dir/mnt/host/source/src/platform/ec/build/zephyr/wugtrio/modules/ec/common/keyboard_scan.c.obj
[navi:rw] [13/379] Generating include/generated/zephyr/offsets.h
[felino:rw] -- Found Dtc: /usr/bin/dtc (found suitable version "1.6.0", minimum required is "1.4.6")
[felino:rw] -- Found BOARD.dts: /mnt/host/source/src/platform/ec/zephyr/boards/google/it8xxx2/it8xxx2_it82002aw.dts
[felino:rw] -- Found devicetree overlay: /mnt/host/source/src/platform/ec/zephyr/program/fatcat/felino/project.overlay
[wugtrio:rw] [61/384] Building C object CMakeFiles/app.dir/mnt/host/source/src/platform/ec/build/zephyr/wugtrio/modules/ec/common/mkbp_input_devices.c.obj
[wugtrio:rw] [62/384] Building C object CMakeFiles/app.dir/mnt/host/source/src/platform/ec/build/zephyr/wugtrio/modules/ec/common/keyboard_mkbp.c.obj
[/mnt/host/source/src/platform/ec/build/zephyr/quenbi-lcov]   /mnt/host/source/src/platform/ec/build/zephyr/quenbi/build-rw/zephyr/CMakeFiles/zephyr.dir/soc/nuvoton/npcx/common/npcxn/registers.c.gcno:no functions found
[/mnt/host/source/src/platform/ec/build/zephyr/quenbi-lcov] stderr:
[wugtrio:rw] [63/384] Building C object CMakeFiles/app.dir/mnt/host/source/src/platform/ec/build/zephyr/wugtrio/modules/ec/common/led_common.c.obj
[wugtrio:rw] [64/384] Building C object CMakeFiles/app.dir/mnt/host/source/src/platform/ec/build/zephyr/wugtrio/modules/ec/common/lid_switch.c.obj
[wugtrio:rw] [65/384] Building C object CMakeFiles/app.dir/mnt/host/source/src/platform/ec/build/zephyr/wugtrio/modules/ec/common/mkbp_event.c.obj
[wugtrio:rw] [66/384] Building C object CMakeFiles/app.dir/mnt/host/source/src/platform/ec/build/zephyr/wugtrio/modules/ec/common/power_button.c.obj
[wugtrio:rw] [67/384] Building C object CMakeFiles/app.dir/mnt/host/source/src/platform/ec/build/zephyr/wugtrio/modules/ec/power/host_sleep.c.obj
[wugtrio:rw] [68/384] Building C object CMakeFiles/app.dir/mnt/host/source/src/platform/ec/build/zephyr/wugtrio/modules/ec/common/motion_sense.c.obj
[wugtrio:rw] [69/384] Building C object CMakeFiles/app.dir/mnt/host/source/src/platform/ec/build/zephyr/wugtrio/modules/ec/power/common.c.obj
[navi:rw] [14/379] Building C object CMakeFiles/app.dir/mnt/host/source/src/platform/ec/zephyr/subsys/ap_pwrseq/ap_events.c.obj
[wugtrio:rw] [70/384] Building C object CMakeFiles/app.dir/mnt/host/source/src/platform/ec/build/zephyr/wugtrio/modules/ec/power/mt8186.c.obj
[wugtrio:rw] [71/384] Building C object CMakeFiles/app.dir/mnt/host/source/src/platform/ec/build/zephyr/wugtrio/modules/ec/driver/sha256/sha256_it8xxx2.c.obj
[wugtrio:rw] [72/384] Building C object CMakeFiles/app.dir/mnt/host/source/src/platform/ec/build/zephyr/wugtrio/modules/ec/common/panic_output.c.obj
[wugtrio:rw] [73/384] Building C object CMakeFiles/app.dir/mnt/host/source/src/platform/ec/build/zephyr/wugtrio/modules/ec/common/shared_mem.c.obj
[/mnt/host/source/src/platform/ec/build/zephyr/epic-lcov]   /mnt/host/source/src/platform/ec/build/zephyr/epic/build-rw/zephyr/CMakeFiles/zephyr.dir/soc/ite/ec/it8xxx2/check_regs.c.gcno:no functions found
[/mnt/host/source/src/platform/ec/build/zephyr/epic-lcov] stderr:
[wugtrio:rw] [74/384] Building C object CMakeFiles/app.dir/mnt/host/source/src/platform/ec/build/zephyr/wugtrio/modules/ec/common/switch.c.obj
[wugtrio:rw] [75/384] Building C object CMakeFiles/app.dir/mnt/host/source/src/platform/ec/build/zephyr/wugtrio/modules/ec/driver/stm_mems_common.c.obj
[wugtrio:rw] [76/384] Building C object CMakeFiles/app.dir/mnt/host/source/src/platform/ec/build/zephyr/wugtrio/modules/ec/common/tablet_mode.c.obj
[wugtrio:rw] [77/384] Building C object CMakeFiles/app.dir/mnt/host/source/src/platform/ec/build/zephyr/wugtrio/modules/ec/common/thermal.c.obj
[navi:rw] [15/379] Building C object CMakeFiles/app.dir/mnt/host/source/src/platform/ec/build/zephyr/navi/modules/ec/builtin/stdlib.c.obj
[wugtrio:rw] [78/384] Building C object CMakeFiles/app.dir/mnt/host/source/src/platform/ec/build/zephyr/wugtrio/modules/ec/common/temp_sensor.c.obj
[wugtrio:rw] [79/384] Building C object CMakeFiles/app.dir/mnt/host/source/src/platform/ec/build/zephyr/wugtrio/modules/ec/common/timer.c.obj
[krabby:ro] -- Generated zephyr.dts: /mnt/host/source/src/platform/ec/build/zephyr/krabby/build-ro/zephyr/zephyr.dts
[wugtrio:rw] [80/384] Building C object CMakeFiles/app.dir/mnt/host/source/src/platform/ec/build/zephyr/wugtrio/modules/ec/driver/temp_sensor/thermistor.c.obj
[wugtrio:rw] [81/384] Building C object CMakeFiles/app.dir/mnt/host/source/src/platform/ec/build/zephyr/wugtrio/modules/ec/common/usb_port_power_dumb.c.obj
[felino:rw] -- Generated zephyr.dts: /mnt/host/source/src/platform/ec/build/zephyr/felino/build-rw/zephyr/zephyr.dts
[felino:rw] -- Generated pickled edt: /mnt/host/source/src/platform/ec/build/zephyr/felino/build-rw/zephyr/edt.pickle
[wugtrio:rw] [82/384] Building C object CMakeFiles/app.dir/mnt/host/source/src/platform/ec/build/zephyr/wugtrio/modules/ec/common/typec_control.c.obj
[wugtrio:rw] [83/384] Building C object CMakeFiles/app.dir/mnt/host/source/src/platform/ec/build/zephyr/wugtrio/modules/ec/common/usb_common.c.obj
[wugtrio:rw] [84/384] Building C object CMakeFiles/app.dir/mnt/host/source/src/platform/ec/build/zephyr/wugtrio/modules/ec/common/usb_pd_pdo.c.obj
[krabby:ro] -- Generated pickled edt: /mnt/host/source/src/platform/ec/build/zephyr/krabby/build-ro/zephyr/edt.pickle
[krabby:ro] -- Generated devicetree_generated.h: /mnt/host/source/src/platform/ec/build/zephyr/krabby/build-ro/zephyr/include/generated/zephyr/devicetree_generated.h
[wugtrio:rw] [85/384] Building C object CMakeFiles/app.dir/mnt/host/source/src/platform/ec/build/zephyr/wugtrio/modules/ec/common/usbc/usbc_task.c.obj
[/mnt/host/source/src/platform/ec/build/zephyr/quenbi-lcov]   /mnt/host/source/src/platform/ec/build/zephyr/quenbi/build-rw/zephyr/drivers/sensor/CMakeFiles/drivers__sensor.dir/mnt/host/source/src/third_party/zephyr/main/misc/empty_file.c.gcno:no functions found
[/mnt/host/source/src/platform/ec/build/zephyr/quenbi-lcov] stderr:
[wugtrio:rw] [86/384] Building C object CMakeFiles/app.dir/mnt/host/source/src/platform/ec/build/zephyr/wugtrio/modules/ec/common/usb_pd_flags.c.obj
[felino:rw] -- Generated devicetree_generated.h: /mnt/host/source/src/platform/ec/build/zephyr/felino/build-rw/zephyr/include/generated/zephyr/devicetree_generated.h
[wugtrio:rw] [87/384] Building C object CMakeFiles/app.dir/mnt/host/source/src/platform/ec/build/zephyr/wugtrio/modules/ec/common/usbc/usb_sm.c.obj
[navi:rw] [16/379] Building C object CMakeFiles/app.dir/mnt/host/source/src/platform/ec/build/zephyr/navi/modules/ec/common/base32.c.obj
[wugtrio:rw] [88/384] Building C object CMakeFiles/app.dir/mnt/host/source/src/platform/ec/build/zephyr/wugtrio/modules/ec/common/usbc/usb_pd_timer.c.obj
[wugtrio:rw] [89/384] Building C object CMakeFiles/app.dir/mnt/host/source/src/platform/ec/build/zephyr/wugtrio/modules/ec/common/usbc_utils.c.obj
[wugtrio:rw] [90/384] Building C object CMakeFiles/app.dir/mnt/host/source/src/platform/ec/build/zephyr/wugtrio/modules/ec/common/usbc_intr_task.c.obj
[wugtrio:rw] [91/384] Building C object CMakeFiles/app.dir/mnt/host/source/src/platform/ec/build/zephyr/wugtrio/modules/ec/common/chargen.c.obj
[wugtrio:rw] [92/384] Building C object CMakeFiles/app.dir/mnt/host/source/src/platform/ec/build/zephyr/wugtrio/modules/ec/common/usbc/usb_pd_console.c.obj
[wugtrio:rw] [93/384] Building C object CMakeFiles/app.dir/mnt/host/source/src/platform/ec/build/zephyr/wugtrio/modules/ec/driver/usb_mux/usb_mux.c.obj
[wugtrio:rw] [94/384] Building C object CMakeFiles/app.dir/mnt/host/source/src/platform/ec/build/zephyr/wugtrio/modules/ec/driver/usb_mux/ps8743.c.obj
[wugtrio:rw] [95/384] Building C object CMakeFiles/app.dir/mnt/host/source/src/platform/ec/build/zephyr/wugtrio/modules/ec/driver/usb_mux/virtual.c.obj
[wugtrio:rw] [96/384] Building C object CMakeFiles/app.dir/mnt/host/source/src/platform/ec/build/zephyr/wugtrio/modules/ec/common/event_log.c.obj
[navi:rw] [17/379] Building C object CMakeFiles/app.dir/mnt/host/source/src/platform/ec/build/zephyr/navi/modules/ec/common/console_output.c.obj
[wugtrio:rw] [97/384] Building C object CMakeFiles/app.dir/mnt/host/source/src/platform/ec/build/zephyr/wugtrio/modules/ec/common/dps.c.obj
[wugtrio:rw] [98/384] Building C object CMakeFiles/app.dir/mnt/host/source/src/platform/ec/build/zephyr/wugtrio/modules/ec/common/pd_log.c.obj
[krabby:ro] /mnt/host/source/src/platform/ec/build/zephyr/krabby/build-ro/zephyr/zephyr.dts:1204.27-1917.5: Warning (avoid_unnecessary_addr_size): /soc/pin-controller: unnecessary #address-cells/#size-cells without "ranges" or child "reg" property
[wugtrio:rw] [99/384] Building C object CMakeFiles/app.dir/mnt/host/source/src/platform/ec/build/zephyr/wugtrio/modules/ec/common/usbc/usb_prl_sm.c.obj
[wugtrio:rw] [100/384] Building C object CMakeFiles/app.dir/mnt/host/source/src/platform/ec/build/zephyr/wugtrio/modules/ec/common/usbc/usb_pd_dpm.c.obj
[wugtrio:rw] [101/384] Building C object CMakeFiles/app.dir/mnt/host/source/src/platform/ec/build/zephyr/wugtrio/modules/ec/common/usbc/usb_tc_drp_acc_trysrc_sm.c.obj
[wugtrio:rw] [102/384] Building C object CMakeFiles/app.dir/mnt/host/source/src/platform/ec/build/zephyr/wugtrio/modules/ec/common/usbc/usbc_pd_policy.c.obj
[felino:rw] /mnt/host/source/src/platform/ec/build/zephyr/felino/build-rw/zephyr/zephyr.dts:1300.27-1998.5: Warning (avoid_unnecessary_addr_size): /soc/pin-controller: unnecessary #address-cells/#size-cells without "ranges" or child "reg" property
[felino:rw] /mnt/host/source/src/platform/ec/build/zephyr/felino/build-rw/zephyr/zephyr.dts:3136.9-3144.5: Warning (gpios_property): /fans/fan_0: Missing property '#gpio-cells' in node /named-gpios/vccprim_io_pgood or bad phandle (referred from pgood-gpio[0])
[wugtrio:rw] [103/384] Building C object CMakeFiles/app.dir/mnt/host/source/src/platform/ec/build/zephyr/wugtrio/modules/ec/common/usbc/dp_alt_mode.c.obj
[wugtrio:rw] [104/384] Building C object CMakeFiles/app.dir/mnt/host/source/src/platform/ec/build/zephyr/wugtrio/modules/ec/common/usb_pd_console_cmd.c.obj
[wugtrio:rw] [105/384] Building C object CMakeFiles/app.dir/mnt/host/source/src/platform/ec/build/zephyr/wugtrio/modules/ec/common/usb_pd_host_cmd.c.obj
[wugtrio:rw] [106/384] Building C object CMakeFiles/app.dir/mnt/host/source/src/platform/ec/build/zephyr/wugtrio/modules/ec/common/usbc/usb_pe_drp_sm.c.obj
[navi:rw] [18/379] Building C object CMakeFiles/app.dir/mnt/host/source/src/platform/ec/build/zephyr/navi/modules/ec/common/ec_features.c.obj
[wugtrio:rw] [107/384] Building C object CMakeFiles/app.dir/mnt/host/source/src/platform/ec/build/zephyr/wugtrio/modules/ec/common/usbc/usb_pd_host.c.obj
[wugtrio:rw] [108/384] Building C object CMakeFiles/app.dir/mnt/host/source/src/platform/ec/build/zephyr/wugtrio/modules/ec/zephyr/shim/src/tcpc.c.obj
[wugtrio:rw] [109/384] Building C object CMakeFiles/app.dir/mnt/host/source/src/platform/ec/build/zephyr/wugtrio/modules/ec/common/usb_pd_host_cmd_common.c.obj
[wugtrio:rw] [110/384] Building C object CMakeFiles/app.dir/mnt/host/source/src/platform/ec/build/zephyr/wugtrio/modules/ec/common/usbc/svdm_rsp_dfp_only.c.obj
[wugtrio:rw] [111/384] Building C object CMakeFiles/app.dir/mnt/host/source/src/platform/ec/build/zephyr/wugtrio/modules/ec/common/usbc_ocp.c.obj
[wugtrio:rw] [112/384] Building C object CMakeFiles/app.dir/mnt/host/source/src/platform/ec/build/zephyr/wugtrio/modules/ec/common/usb_pd_discovery.c.obj
[wugtrio:rw] [113/384] Building C object CMakeFiles/app.dir/mnt/host/source/src/platform/ec/build/zephyr/wugtrio/modules/ec/common/usb_pd_dual_role.c.obj
[wugtrio:rw] [114/384] Building C object CMakeFiles/app.dir/mnt/host/source/src/platform/ec/build/zephyr/wugtrio/modules/ec/common/usbc/dp_hpd_gpio.c.obj
[wugtrio:rw] [115/384] Building C object CMakeFiles/app.dir/mnt/host/source/src/platform/ec/build/zephyr/wugtrio/modules/ec/driver/tcpm/ite_pd_intc.c.obj
[/mnt/host/source/src/platform/ec/build/zephyr/quenbi-lcov]   /mnt/host/source/src/platform/ec/build/zephyr/quenbi/build-rw/zephyr/drivers/spi/CMakeFiles/drivers__spi.dir/mnt/host/source/src/third_party/zephyr/main/misc/empty_file.c.gcno:no functions found
[/mnt/host/source/src/platform/ec/build/zephyr/quenbi-lcov] Filter suppressions 'region':
[/mnt/host/source/src/platform/ec/build/zephyr/quenbi-lcov]     30 instances
[/mnt/host/source/src/platform/ec/build/zephyr/quenbi-lcov]     20 coverpoints
[/mnt/host/source/src/platform/ec/build/zephyr/quenbi-lcov] Message summary:
[/mnt/host/source/src/platform/ec/build/zephyr/quenbi-lcov]   25 ignore messages:
[/mnt/host/source/src/platform/ec/build/zephyr/quenbi-lcov]     gcov: 25
[wugtrio:rw] [116/384] Building C object CMakeFiles/app.dir/mnt/host/source/src/platform/ec/build/zephyr/wugtrio/modules/ec/driver/tcpm/tcpci.c.obj
[wugtrio:rw] [117/384] Building C object CMakeFiles/app.dir/mnt/host/source/src/platform/ec/build/zephyr/wugtrio/modules/ec/driver/tcpm/it8xxx2.c.obj
[navi:rw] [19/379] Building C object CMakeFiles/app.dir/mnt/host/source/src/platform/ec/build/zephyr/navi/modules/ec/common/gpio_commands.c.obj
[wugtrio:rw] [118/384] Building C object CMakeFiles/app.dir/mnt/host/source/src/platform/ec/build/zephyr/wugtrio/modules/ec/common/vboot_hash.c.obj
[wugtrio:rw] [119/384] Building C object CMakeFiles/app.dir/mnt/host/source/src/platform/ec/build/zephyr/wugtrio/modules/ec/common/usbc_ppc.c.obj
[wugtrio:rw] [120/384] Building C object CMakeFiles/app.dir/mnt/host/source/src/platform/ec/build/zephyr/wugtrio/modules/ec/driver/ppc/syv682x.c.obj
[wugtrio:rw] [121/384] Building C object CMakeFiles/app.dir/mnt/host/source/src/platform/ec/build/zephyr/wugtrio/modules/ec/common/math_util.c.obj
[wugtrio:rw] [122/384] Building C object CMakeFiles/app.dir/mnt/host/source/src/platform/ec/build/zephyr/wugtrio/modules/ec/common/button.c.obj
[wugtrio:rw] [123/384] Building C object CMakeFiles/app.dir/mnt/host/source/src/platform/ec/build/zephyr/wugtrio/modules/ec/common/vboot/efs2.c.obj
[wugtrio:rw] [124/384] Building C object CMakeFiles/app.dir/mnt/host/source/src/platform/ec/build/zephyr/wugtrio/modules/ec/common/vstore.c.obj
[wugtrio:rw] [125/384] Building C object CMakeFiles/app.dir/src/hibernate.c.obj
[wugtrio:rw] [126/384] Building C object CMakeFiles/app.dir/src/board.c.obj
[wugtrio:rw] [127/384] Building C object CMakeFiles/app.dir/src/usbc.c.obj
[wugtrio:rw] [128/384] Building C object CMakeFiles/app.dir/src/usb_pd_policy.c.obj
[wugtrio:rw] [129/384] Building C object CMakeFiles/app.dir/src/board_chipset.c.obj
[navi:rw] [20/379] Building C object CMakeFiles/app.dir/mnt/host/source/src/platform/ec/build/zephyr/navi/modules/ec/common/peripheral.c.obj
[wugtrio:rw] [130/384] Building C object CMakeFiles/app.dir/src/ite_hooks.c.obj
[wugtrio:rw] [131/384] Building C object CMakeFiles/app.dir/src/variant_db_detection.c.obj
[wugtrio:rw] [132/384] Building C object CMakeFiles/app.dir/src/ite_i2c.c.obj
[krabby:ro] warning: PLATFORM_EC_BC12_CLIENT_MODE_ONLY_PI3USB9201 (defined at
[krabby:ro] /mnt/host/source/src/platform/ec/zephyr/Kconfig.usb_charger:53) was assigned the value 'y' but got
[krabby:ro] the value 'n'. Check these unsatisfied dependencies: PLATFORM_EC_BC12_DETECT_PI3USB9201 (=n). See ht
[krabby:ro] tp://docs.zephyrproject.org/latest/kconfig.html#CONFIG_PLATFORM_EC_BC12_CLIENT_MODE_ONLY_PI3USB9201
[krabby:ro] and/or look up PLATFORM_EC_BC12_CLIENT_MODE_ONLY_PI3USB9201 in the menuconfig/guiconfig interface.
[krabby:ro] The Application Development Primer, Setting Configuration Values, and Kconfig - Tips and Best
[krabby:ro] Practices sections of the manual might be helpful too.
[krabby:ro] warning: Deprecated symbol I2C_ALLOW_NO_STOP_TRANSACTIONS is enabled.
[wugtrio:rw] [133/384] Building C object CMakeFiles/app.dir/src/ite_usb_pd_policy.c.obj
[wugtrio:rw] [134/384] Building C object CMakeFiles/app.dir/src/ite_usbc.c.obj
[felino:rw] /mnt/host/source/src/platform/ec/build/zephyr/felino/build-rw/zephyr/zephyr.dts:3147.9-3155.5: Warning (gpios_property): /fans/fan_1: Missing property '#gpio-cells' in node /named-gpios/vccprim_io_pgood or bad phandle (referred from pgood-gpio[0])
[felino:rw] warning: Deprecated symbol I2C_ALLOW_NO_STOP_TRANSACTIONS is enabled.
[wugtrio:rw] [135/384] Building C object CMakeFiles/app.dir/wugtrio/src/base_detect.c.obj
[wugtrio:rw] [136/384] Building C object zephyr/CMakeFiles/zephyr.dir/lib/libc/validate_libc.c.obj
[wugtrio:rw] [137/384] Building C object zephyr/CMakeFiles/zephyr.dir/lib/heap/heap.c.obj
[wugtrio:rw] [138/384] Building C object CMakeFiles/app.dir/wugtrio/src/ppc.c.obj
[wugtrio:rw] [139/384] Building C object CMakeFiles/app.dir/wugtrio/src/alt_motionsense.c.obj
[wugtrio:rw] [140/384] Building C object zephyr/CMakeFiles/zephyr.dir/lib/os/cbprintf_packaged.c.obj
[krabby:ro] Parsing /mnt/host/source/src/platform/ec/zephyr/program/corsola/Kconfig
[wugtrio:rw] [141/384] Building C object zephyr/CMakeFiles/zephyr.dir/lib/os/printk.c.obj
[wugtrio:rw] [142/384] Building C object CMakeFiles/app.dir/wugtrio/src/thermal.c.obj
[wugtrio:rw] [143/384] Building C object zephyr/CMakeFiles/zephyr.dir/lib/os/clock.c.obj
[wugtrio:rw] [144/384] Building C object zephyr/CMakeFiles/zephyr.dir/lib/utils/dec.c.obj
[navi:rw] [21/379] Building C object CMakeFiles/app.dir/mnt/host/source/src/platform/ec/build/zephyr/navi/modules/ec/common/printf.c.obj
[wugtrio:rw] [145/384] Building C object zephyr/CMakeFiles/zephyr.dir/lib/utils/hex.c.obj
[wugtrio:rw] [146/384] Building C object zephyr/CMakeFiles/zephyr.dir/lib/os/sem.c.obj
[wugtrio:rw] [147/384] Linking C static library app/libapp.a
[/mnt/host/source/src/platform/ec/build/zephyr/epic-lcov]   /mnt/host/source/src/platform/ec/build/zephyr/epic/build-rw/zephyr/drivers/sensor/CMakeFiles/drivers__sensor.dir/mnt/host/source/src/third_party/zephyr/main/misc/empty_file.c.gcno:no functions found
[/mnt/host/source/src/platform/ec/build/zephyr/epic-lcov] Filter suppressions 'region':
[felino:rw] Parsing /mnt/host/source/src/platform/ec/zephyr/program/fatcat/Kconfig
[wugtrio:rw] [148/384] Building C object zephyr/CMakeFiles/zephyr.dir/lib/os/thread_entry.c.obj
[wugtrio:rw] [149/384] Building C object zephyr/CMakeFiles/zephyr.dir/lib/os/cbprintf.c.obj
[wugtrio:rw] [150/384] Building C object zephyr/CMakeFiles/zephyr.dir/lib/utils/timeutil.c.obj
[wugtrio:rw] [151/384] Building C object zephyr/CMakeFiles/zephyr.dir/lib/os/cbprintf_nano.c.obj
[/mnt/host/source/src/platform/ec/build/zephyr/epic-lcov]     42 instances
[/mnt/host/source/src/platform/ec/build/zephyr/epic-lcov]     36 coverpoints
[/mnt/host/source/src/platform/ec/build/zephyr/epic-lcov] Message summary:
[/mnt/host/source/src/platform/ec/build/zephyr/epic-lcov]   31 ignore messages:
[/mnt/host/source/src/platform/ec/build/zephyr/epic-lcov]     gcov: 31
[obiwan:ro] Building: /usr/bin/ninja -C /mnt/host/source/src/platform/ec/build/zephyr/obiwan/build-ro all.libraries
Running `env -i SHELL=/bin/bash COLORTERM=truecolor DEPOT_TOOLS_UPDATE=0 LESS='-R -M --shift 5' SUDO_GID=0 JDK_HOME=/etc/java-config-2/current-system-vm CONFIG_PROTECT_MASK='/etc/gentoo-release /etc/sandbox.d /etc/fonts/fonts.conf /etc/terminfo /etc/ca-certificates.conf /etc/revdep-rebuild' CHROMEOS_CACHEDIR=/var/cache/chromeos-cache JAVA_HOME=/etc/java-config-2/current-system-vm SSH_AUTH_SOCK=/tmp/ssh-auth-sock SUDO_COMMAND=/bin/bash SUDO_USER=root SUDO_TTY=/dev/pts/2 EDITOR=/usr/bin/vi PWD=/mnt/host/source/src/platform/ec CONFIG_PROTECT=/usr/share/gnupg/qualified.txt LOGNAME=jpmurphy MANPATH=/etc/java-config-2/current-system-vm/man:/usr/local/share/man:/usr/share/man:/usr/share/gcc-data/x86_64-pc-linux-gnu/10.2.0/man:/usr/share/binutils-data/x86_64-pc-linux-gnu/2.45/man:/etc/java-config-2/current-system-vm/man/ SUDO_HOME=/root XAUTHORITY=/run/user/944457/gdm/Xauthority HOME=/home/jpmurphy LANG=C.UTF-8 LS_COLORS='rs=0:di=01;34:ln=01;36:mh=00:pi=40;33:so=01;35:do=01;35:bd=40;33;01:cd=40;33;01:or=01;05;37;41:mi=01;05;37;41:su=37;41:sg=30;43:ca=30;41:tw=30;42:ow=34;42:st=37;44:ex=01;32:*.tar=01;31:*.tgz=01;31:*.arc=01;31:*.arj=01;31:*.taz=01;31:*.lha=01;31:*.lz4=01;31:*.lzh=01;31:*.lzma=01;31:*.tlz=01;31:*.txz=01;31:*.tzo=01;31:*.t7z=01;31:*.zip=01;31:*.z=01;31:*.dz=01;31:*.gz=01;31:*.lrz=01;31:*.lz=01;31:*.lzo=01;31:*.xz=01;31:*.zst=01;31:*.tzst=01;31:*.bz2=01;31:*.bz=01;31:*.tbz=01;31:*.tbz2=01;31:*.tz=01;31:*.deb=01;31:*.rpm=01;31:*.jar=01;31:*.war=01;31:*.ear=01;31:*.sar=01;31:*.rar=01;31:*.alz=01;31:*.ace=01;31:*.zoo=01;31:*.cpio=01;31:*.7z=01;31:*.rz=01;31:*.cab=01;31:*.wim=01;31:*.swm=01;31:*.dwm=01;31:*.esd=01;31:*.jpg=01;35:*.jpeg=01;35:*.mjpg=01;35:*.mjpeg=01;35:*.gif=01;35:*.bmp=01;35:*.pbm=01;35:*.pgm=01;35:*.ppm=01;35:*.tga=01;35:*.xbm=01;35:*.xpm=01;35:*.tif=01;35:*.tiff=01;35:*.png=01;35:*.svg=01;35:*.svgz=01;35:*.mng=01;35:*.pcx=01;35:*.mov=01;35:*.mpg=01;35:*.mpeg=01;35:*.m2v=01;35:*.mkv=01;35:*.webm=01;35:*.webp=01;35:*.ogm=01;35:*.mp4=01;35:*.m4v=01;35:*.mp4v=01;35:*.vob=01;35:*.qt=01;35:*.nuv=01;35:*.wmv=01;35:*.asf=01;35:*.rm=01;35:*.rmvb=01;35:*.flc=01;35:*.avi=01;35:*.fli=01;35:*.flv=01;35:*.gl=01;35:*.dl=01;35:*.xcf=01;35:*.xwd=01;35:*.yuv=01;35:*.cgm=01;35:*.emf=01;35:*.ogv=01;35:*.ogx=01;35:*.cfg=00;32:*.conf=00;32:*.diff=00;32:*.doc=00;32:*.ini=00;32:*.log=00;32:*.patch=00;32:*.pdf=00;32:*.ps=00;32:*.tex=00;32:*.txt=00;32:*.aac=00;36:*.au=00;36:*.flac=00;36:*.m4a=00;36:*.mid=00;36:*.midi=00;36:*.mka=00;36:*.mp3=00;36:*.mpc=00;36:*.ogg=00;36:*.ra=00;36:*.wav=00;36:*.oga=00;36:*.opus=00;36:*.spx=00;36:*.xspf=00;36:' XDG_CURRENT_DESKTOP=GNOME INFOPATH=/usr/share/info:/usr/share/gcc-data/x86_64-pc-linux-gnu/10.2.0/info:/usr/share/binutils-data/x86_64-pc-linux-gnu/2.45/info:/usr/share/automake-1.16.5/info JAVAC=/etc/java-config-2/current-system-vm/bin/javac TERM=xterm-256color LESSOPEN='|lesspipe %s' USER=jpmurphy CROS_WORKON_SRCROOT=/mnt/host/source MANPAGER=manpager DISPLAY=:1 SHLVL=1 LC_MESSAGES=C EXTERNAL_TRUNK_PATH=/mnt/8f9d649a-3721-44cc-93c0-e6bd21a9689f/chromiumos GCC_SPECS='' PATH=/mnt/host/source/chromite/bin:/usr/local/bin:/usr/bin:/bin:/opt/bin:/mnt/host/source/chromite/sdk/bin:/mnt/host/source/chromite/bin PORTAGE_USERNAME=jpmurphy SUDO_UID=0 GCC_VER=10.2.0 MAIL=/var/mail/jpmurphy OLDPWD=/mnt/host/source/src/scripts traceparent=00-e87aca51550a78635907baa6a2476181-6d684811675d2973-01 _=./zephyr/firmware_builder.py COREBOOT_SDK_ROOT_x86=/home/jpmurphy/.cache/coreboot-sdk/i386-elf/dfbb0486385d938cfa9d73080b9d18d598ed4f49 COREBOOT_SDK_ROOT_picolibc_x86=/home/jpmurphy/.cache/coreboot-sdk/picolibc-i386-elf/eb8e8e687b95461de8cbf278f1c2076952d0ad17 COREBOOT_SDK_ROOT_riscv64=/home/jpmurphy/.cache/coreboot-sdk/riscv64-elf/96b949749225b6aaa92ed810ab769e8dfb12f000 COREBOOT_SDK_ROOT_picolibc_arm=/home/jpmurphy/.cache/coreboot-sdk/picolibc-arm-eabi/422a2aa3e1ef891b5bece9a3deb696ff83840d2e COREBOOT_SDK_ROOT_nds32=/home/jpmurphy/.cache/coreboot-sdk/nds32le-elf/d1a518c4a097666d86058e1444f85ca015d15511 COREBOOT_SDK_ROOT_picolibc_riscv64=/home/jpmurphy/.cache/coreboot-sdk/picolibc-riscv64-elf/f571e990ef0278564b31124f8bb109d9a697eb69 COREBOOT_SDK_ROOT_arm=/home/jpmurphy/.cache/coreboot-sdk/arm-eabi/ea40ddd1d190c3b48435c474c0b545719371813a COREBOOT_SDK_ROOT_libstdcxx_riscv64=/home/jpmurphy/.cache/coreboot-sdk/libstdcxx-riscv64-elf/17abf22a3a252e2d5d2062ced5324f7a623689e0 COREBOOT_SDK_ROOT_libstdcxx_arm=/home/jpmurphy/.cache/coreboot-sdk/libstdcxx-arm-eabi/5d7d82e150e44aa1968f1d366e267e6687b328ac COREBOOT_SDK_ROOT_riscv=/home/jpmurphy/.cache/coreboot-sdk/riscv-elf/9a27b9e82341c6e9126624f516ab3f261abb3e73 COREBOOT_SDK_ROOT_libstdcxx_x86=/home/jpmurphy/.cache/coreboot-sdk/libstdcxx-i386-elf/42ef9d2e87a76a37963175d7d428734e65648b87 PYTHONPATH=/mnt/host/source/src/platform/ec/zephyr/zmake PW_PIGWEED_CIPD_INSTALL_DIR=/usr CROSTC_USER_ACKNOWLEDGES_THAT_RISCV_IS_EXPERIMENTAL=1 MAKEFLAGS=' -j16 --jobserver-auth=5,6' /usr/bin/ninja -C /mnt/host/source/src/platform/ec/build/zephyr/obiwan/build-ro all.libraries`
[obiwan:ro] ninja: Entering directory `/mnt/host/source/src/platform/ec/build/zephyr/obiwan/build-ro'
[wugtrio:rw] [152/384] Building C object zephyr/CMakeFiles/zephyr.dir/lib/utils/bitmask.c.obj
[wugtrio:rw] [153/384] Building C object zephyr/CMakeFiles/zephyr.dir/lib/utils/last_section_id.c.obj
[wugtrio:rw] [154/384] Building C object zephyr/CMakeFiles/zephyr.dir/lib/os/assert.c.obj
[wugtrio:rw] [155/384] Building C object zephyr/CMakeFiles/zephyr.dir/lib/utils/ring_buffer.c.obj
[wugtrio:rw] [156/384] Building C object zephyr/CMakeFiles/zephyr.dir/lib/utils/rb.c.obj
[wugtrio:rw] [157/384] Building C object zephyr/CMakeFiles/zephyr.dir/misc/generated/configs.c.obj
[wugtrio:rw] [158/384] Building ASM object zephyr/CMakeFiles/zephyr.dir/soc/ite/ec/common/soc_irq.S.obj
[wugtrio:rw] [159/384] Building ASM object zephyr/CMakeFiles/zephyr.dir/soc/ite/ec/it8xxx2/__arithmetic.S.obj
[wugtrio:rw] [160/384] Building C object zephyr/CMakeFiles/zephyr.dir/lib/utils/getopt/getopt_common.c.obj
[wugtrio:rw] [161/384] Building C object zephyr/CMakeFiles/zephyr.dir/lib/utils/getopt/getopt.c.obj
[wugtrio:rw] [162/384] Building C object zephyr/CMakeFiles/zephyr.dir/lib/utils/bitarray.c.obj
[krabby:ro] Loaded configuration '/mnt/host/source/src/platform/ec/zephyr/boards/google/it8xxx2/it8xxx2_it81202bx_defconfig'
[krabby:ro] Merged configuration '/mnt/host/source/src/platform/ec/zephyr/program/corsola/program.conf'
[krabby:ro] Merged configuration '/mnt/host/source/src/platform/ec/zephyr/program/corsola/ite_program.conf'
[krabby:ro] Merged configuration '/mnt/host/source/src/platform/ec/zephyr/program/corsola/krabby/project.conf'
[krabby:ro] Merged configuration '/mnt/host/source/src/platform/ec/build/zephyr/krabby/kconfig-ro.conf'
[krabby:ro] Configuration saved to '/mnt/host/source/src/platform/ec/build/zephyr/krabby/build-ro/zephyr/.config'
[krabby:ro] Kconfig header saved to '/mnt/host/source/src/platform/ec/build/zephyr/krabby/build-ro/zephyr/include/generated/zephyr/autoconf.h'
[krabby:ro] -- Found GnuLd: /home/jpmurphy/.cache/coreboot-sdk/riscv64-elf/96b949749225b6aaa92ed810ab769e8dfb12f000/riscv64-elf/bin/ld.bfd (found version "2.43.1")
[wugtrio:rw] [163/384] Building ASM object zephyr/CMakeFiles/zephyr.dir/soc/ite/ec/it8xxx2/vector.S.obj
[wugtrio:rw] [164/384] Building C object zephyr/CMakeFiles/zephyr.dir/soc/ite/ec/common/soc_common_irq.c.obj
[obiwan:ro] [1/361] Generating include/generated/zephyr/version.h
[obiwan:ro] -- git describe warned: warning: tag 'upstream/v2.7.99' is externally known as 'v2.7.99'
[obiwan:ro] -- Zephyr version: 4.3.99 (/mnt/host/source/src/third_party/zephyr/main)
[obiwan:ro] [2/361] Preparing syscall dependency handling
[navi:rw] [22/379] Building C object CMakeFiles/app.dir/mnt/host/source/src/platform/ec/build/zephyr/navi/modules/ec/common/queue.c.obj
[wugtrio:rw] [165/384] Building C object zephyr/CMakeFiles/zephyr.dir/soc/ite/ec/common/power.c.obj
[wugtrio:rw] [166/384] Building C object zephyr/CMakeFiles/zephyr.dir/soc/ite/ec/it8xxx2/check_regs.c.obj
[wugtrio:rw] [167/384] Building C object zephyr/CMakeFiles/zephyr.dir/soc/ite/ec/common/policy.c.obj
[obiwan:ro] [3/361] Generating misc/generated/syscalls_subdirs.trigger
[wugtrio:rw] [168/384] Building C object zephyr/CMakeFiles/zephyr.dir/soc/ite/ec/it8xxx2/soc.c.obj
[krabby:ro] -- The C compiler identification is GNU 14.2.0
[wugtrio:rw] [169/384] Building C object zephyr/CMakeFiles/zephyr.dir/subsys/pm/state.c.obj
[felino:rw] Loaded configuration '/mnt/host/source/src/platform/ec/zephyr/boards/google/it8xxx2/it8xxx2_it82002aw_defconfig'
[felino:rw] Merged configuration '/mnt/host/source/src/platform/ec/zephyr/program/fatcat/program.conf'
[felino:rw] Merged configuration '/mnt/host/source/src/platform/ec/zephyr/program/fatcat/felino/project.conf'
[felino:rw] Merged configuration '/mnt/host/source/src/platform/ec/build/zephyr/felino/kconfig-rw.conf'
[felino:rw] Configuration saved to '/mnt/host/source/src/platform/ec/build/zephyr/felino/build-rw/zephyr/.config'
[felino:rw] Kconfig header saved to '/mnt/host/source/src/platform/ec/build/zephyr/felino/build-rw/zephyr/include/generated/zephyr/autoconf.h'
[felino:rw] -- Found GnuLd: /home/jpmurphy/.cache/coreboot-sdk/riscv64-elf/96b949749225b6aaa92ed810ab769e8dfb12f000/riscv64-elf/bin/ld.bfd (found version "2.43.1")
[wugtrio:rw] [170/384] Building C object zephyr/CMakeFiles/zephyr.dir/soc/ite/ec/it8xxx2/ilm.c.obj
[wugtrio:rw] [171/384] Building C object zephyr/CMakeFiles/zephyr.dir/subsys/logging/log_minimal.c.obj
[wugtrio:rw] [172/384] Building C object zephyr/CMakeFiles/zephyr.dir/subsys/pm/pm.c.obj
[krabby:ro] -- The CXX compiler identification is GNU 14.2.0
[krabby:ro] -- The ASM compiler identification is GNU
[wugtrio:rw] [173/384] Building C object zephyr/CMakeFiles/zephyr.dir/subsys/pm/policy/policy_state_lock.c.obj
[krabby:ro] -- Found assembler: /home/jpmurphy/.cache/coreboot-sdk/riscv64-elf/96b949749225b6aaa92ed810ab769e8dfb12f000/bin/riscv64-elf-gcc
[wugtrio:rw] [174/384] Building C object zephyr/CMakeFiles/zephyr.dir/subsys/pm/policy/policy_latency.c.obj
[wugtrio:rw] [175/384] Building C object zephyr/CMakeFiles/zephyr.dir/subsys/pm/policy/policy_events.c.obj
[krabby:ro] CMake Warning at /mnt/host/source/src/platform/ec/zephyr/cmake/linker/ld/linker_libraries.cmake:11 (message):
[krabby:ro]   Disabling c_library
[krabby:ro] Call Stack (most recent call first):
[krabby:ro]   /mnt/host/source/src/third_party/zephyr/main/cmake/target_toolchain_flags.cmake:48 (include)
[krabby:ro]   /mnt/host/source/src/third_party/zephyr/main/cmake/modules/kernel.cmake:153 (include)
[krabby:ro]   /mnt/host/source/src/third_party/zephyr/main/cmake/modules/zephyr_default.cmake:138 (include)
[krabby:ro]   /mnt/host/source/src/third_party/zephyr/main/share/zephyr-package/cmake/ZephyrConfig.cmake:66 (include)
[krabby:ro]   /mnt/host/source/src/third_party/zephyr/main/share/zephyr-package/cmake/ZephyrConfig.cmake:97 (include_boilerplate)
[krabby:ro]   CMakeLists.txt:7 (find_package)
[wugtrio:rw] [176/384] Building C object zephyr/CMakeFiles/zephyr.dir/subsys/pm/device.c.obj
[felino:rw] -- The C compiler identification is GNU 14.2.0
[wugtrio:rw] [177/384] Building C object zephyr/CMakeFiles/zephyr.dir/subsys/testsuite/coverage/coverage.c.obj
[wugtrio:rw] [178/384] Building C object zephyr/CMakeFiles/zephyr.dir/subsys/pm/device_system_managed.c.obj
[wugtrio:rw] [179/384] Building C object zephyr/CMakeFiles/zephyr.dir/subsys/tracing/tracing_none.c.obj
[wugtrio:rw] [180/384] Building C object zephyr/CMakeFiles/zephyr.dir/subsys/shell/modules/kernel_service/kernel_shell.c.obj
[obiwan:ro] [4/361] Generating misc/generated/syscalls.json, misc/generated/struct_tags.json
[wugtrio:rw] [181/384] Building C object zephyr/CMakeFiles/zephyr.dir/subsys/shell/modules/kernel_service/cycles.c.obj
[felino:rw] -- The CXX compiler identification is GNU 14.2.0
[krabby:ro] -- Performing EC specific devicetree checks
[wugtrio:rw] [182/384] Building C object zephyr/CMakeFiles/zephyr.dir/subsys/shell/modules/kernel_service/sleep.c.obj
[wugtrio:rw] [183/384] Building C object zephyr/CMakeFiles/zephyr.dir/subsys/shell/modules/kernel_service/uptime.c.obj
[obiwan:ro] [5/361] Generating include/generated/zephyr/syscall_dispatch.c, include/generated/zephyr/syscall_exports_llext.c, syscall_weakdefs_llext.c, include/generated/zephyr/syscall_list.h
[felino:rw] -- The ASM compiler identification is GNU
[felino:rw] CMake Warning at /mnt/host/source/src/platform/ec/zephyr/cmake/linker/ld/linker_libraries.cmake:11 (message):
[felino:rw]   Disabling c_library
[felino:rw] Call Stack (most recent call first):
[felino:rw]   /mnt/host/source/src/third_party/zephyr/main/cmake/target_toolchain_flags.cmake:48 (include)
[felino:rw]   /mnt/host/source/src/third_party/zephyr/main/cmake/modules/kernel.cmake:153 (include)
[felino:rw]   /mnt/host/source/src/third_party/zephyr/main/cmake/modules/zephyr_default.cmake:138 (include)
[felino:rw]   /mnt/host/source/src/third_party/zephyr/main/share/zephyr-package/cmake/ZephyrConfig.cmake:66 (include)
[felino:rw]   /mnt/host/source/src/third_party/zephyr/main/share/zephyr-package/cmake/ZephyrConfig.cmake:97 (include_boilerplate)
[felino:rw]   CMakeLists.txt:7 (find_package)
[wugtrio:rw] [184/384] Building C object zephyr/CMakeFiles/zephyr.dir/subsys/shell/modules/kernel_service/version.c.obj
[krabby:ro] INFO: Verified 39 GPIOs, no duplicates found
[krabby:ro] INFO: Verified 29 '*-gpios' properties, all flags match.
[krabby:ro] INFO: Skipped 0 named-gpios children.
[wugtrio:rw] [185/384] Building C object zephyr/CMakeFiles/zephyr.dir/subsys/shell/modules/kernel_service/thread/thread.c.obj
[wugtrio:rw] [186/384] Building C object zephyr/CMakeFiles/zephyr.dir/subsys/shell/modules/kernel_service/thread/list.c.obj
[navi:rw] [23/379] Building C object CMakeFiles/app.dir/mnt/host/source/src/platform/ec/build/zephyr/navi/modules/ec/common/system.c.obj
[obiwan:ro] [6/361] Generating include/generated/zephyr/driver-validation.h
[wugtrio:rw] [187/384] Building C object zephyr/CMakeFiles/zephyr.dir/subsys/shell/modules/kernel_service/thread/suspend.c.obj
[wugtrio:rw] [188/384] Building C object zephyr/CMakeFiles/zephyr.dir/subsys/shell/modules/kernel_service/thread/stacks.c.obj
[wugtrio:rw] [189/384] Building C object zephyr/CMakeFiles/zephyr.dir/subsys/shell/modules/kernel_service/thread/unwind.c.obj
[obiwan:ro] [7/361] Generating include/generated/zephyr/kobj-types-enum.h, include/generated/zephyr/otype-to-str.h, include/generated/zephyr/otype-to-size.h
[krabby:ro] -- Generating component manifest file
[wugtrio:rw] [190/384] Building C object zephyr/CMakeFiles/zephyr.dir/subsys/shell/modules/kernel_service/thread/resume.c.obj
[obiwan:ro] [8/361] Generating include/generated/device-api-sections.ld, include/generated/device-api-sections.cmake
[wugtrio:rw] [191/384] Building C object zephyr/CMakeFiles/zephyr.dir/subsys/shell/modules/kernel_service/thread/kill.c.obj
[krabby:ro] INFO: Running CME, outputting to /mnt/host/source/src/platform/ec/build/zephyr/krabby/build-ro/zephyr/component_manifest.json
[wugtrio:rw] [192/384] Building C object zephyr/CMakeFiles/zephyr.dir/subsys/shell/shell_fprintf.c.obj
[felino:rw] -- Found assembler: /home/jpmurphy/.cache/coreboot-sdk/riscv64-elf/96b949749225b6aaa92ed810ab769e8dfb12f000/bin/riscv64-elf-gcc
[felino:rw] -- Performing EC specific devicetree checks
[wugtrio:rw] [193/384] Building C object zephyr/CMakeFiles/zephyr.dir/subsys/shell/backends/shell_uart.c.obj
[wugtrio:rw] [194/384] Building C object zephyr/CMakeFiles/zephyr.dir/subsys/shell/shell.c.obj
[wugtrio:rw] [195/384] Building C object zephyr/CMakeFiles/zephyr.dir/subsys/shell/shell_utils.c.obj
[wugtrio:rw] [196/384] Building C object zephyr/CMakeFiles/zephyr.dir/subsys/shell/shell_ops.c.obj
[wugtrio:rw] [197/384] Building C object zephyr/CMakeFiles/zephyr.dir/subsys/shell/shell_history.c.obj
[felino:rw] INFO: Verified 51 GPIOs, no duplicates found
[felino:rw] INFO: Verified 14 '*-gpios' properties, all flags match.
[felino:rw] INFO: Skipped 10 named-gpios children.
[wugtrio:rw] [198/384] Building C object zephyr/arch/common/CMakeFiles/arch__common.dir/sw_isr_common.c.obj
[krabby:ro] -- warning_base_override: -Wall;-Wformat;-Wformat-security;-Wformat;-Wno-format-zero-length;-Wno-pointer-sign;-Wpointer-arith;-Wexpansion-to-defined
[wugtrio:rw] [199/384] Building C object zephyr/CMakeFiles/zephyr.dir/drivers/flash/flash_util.c.obj
[wugtrio:rw] [200/384] Building C object zephyr/arch/common/CMakeFiles/arch__common.dir/init.c.obj
[wugtrio:rw] [201/384] Building C object zephyr/CMakeFiles/zephyr.dir/subsys/shell/shell_help.c.obj
[wugtrio:rw] [202/384] Building C object zephyr/arch/common/CMakeFiles/arch__common.dir/dynamic_isr.c.obj
[navi:rw] [24/379] Building C object CMakeFiles/app.dir/mnt/host/source/src/platform/ec/build/zephyr/navi/modules/ec/common/system_boot_time.c.obj
[wugtrio:rw] [203/384] Building C object zephyr/arch/arch/riscv/core/CMakeFiles/arch__riscv__core.dir/prep_c.c.obj
[wugtrio:rw] [204/384] Linking C static library zephyr/libzephyr.a
[felino:rw] -- Generating component manifest file
[obiwan:ro] [9/361] Building C object zephyr/CMakeFiles/offsets.dir/arch/arm/core/offsets/offsets.c.obj
[wugtrio:rw] [205/384] Building C object zephyr/arch/common/CMakeFiles/arch__common.dir/xip.c.obj
[wugtrio:rw] [206/384] Building C object zephyr/arch/common/CMakeFiles/isr_tables.dir/isr_tables.c.obj
[obiwan:ro] [10/361] Generating include/generated/zephyr/offsets.h
[felino:rw] INFO: Running CME, outputting to /mnt/host/source/src/platform/ec/build/zephyr/felino/build-rw/zephyr/component_manifest.json
[felino:rw] INFO: Project felino does not support SSFC
[felino:rw] INFO: No motionsense-sensor node found
[krabby:ro] -- Found gen_kobject_list: /mnt/host/source/src/third_party/zephyr/main/scripts/build/gen_kobject_list.py
[wugtrio:rw] [207/384] Building C object zephyr/arch/arch/riscv/core/CMakeFiles/arch__riscv__core.dir/cpu_idle.c.obj
[wugtrio:rw] [208/384] Linking C static library zephyr/arch/common/libisr_tables.a
[wugtrio:rw] [209/384] Building C object zephyr/arch/arch/riscv/core/CMakeFiles/arch__riscv__core.dir/reboot.c.obj
[wugtrio:rw] [210/384] Linking C static library zephyr/arch/common/libarch__common.a
[wugtrio:rw] [211/384] Building C object zephyr/arch/arch/riscv/core/CMakeFiles/arch__riscv__core.dir/irq_manage.c.obj
[krabby:ro] INFO: Project krabby does not support SSFC
[krabby:ro] INFO: Component usbpd@f03700(ite,it8xxx2-usbpd) not on I2C bus, skip it
[krabby:ro] INFO: Component virtual-mux-0(cros-ec,usbc-mux-virtual) not on I2C bus, skip it
[krabby:ro] INFO: Component usbpd@f03800(ite,it8xxx2-usbpd) not on I2C bus, skip it
[krabby:ro] INFO: Component virtual-mux-1(cros-ec,usbc-mux-virtual) not on I2C bus, skip it
[krabby:ro] INFO: Component virtual-mux-1(cros-ec,usbc-mux-virtual) not on I2C bus, skip it
[krabby:ro] INFO: No motionsense-sensor-alt node found
[krabby:ro] CMake Warning at /mnt/host/source/src/third_party/zephyr/main/CMakeLists.txt:2359 (message):
[wugtrio:rw] [212/384] Generating ../../../include/generated/libc/minimal/strerror_table.h
[wugtrio:rw] [213/384] Building C object zephyr/arch/arch/riscv/core/CMakeFiles/arch__riscv__core.dir/fatal.c.obj
[wugtrio:rw] [214/384] Building ASM object zephyr/arch/arch/riscv/core/CMakeFiles/arch__riscv__core.dir/reset.S.obj
[wugtrio:rw] [215/384] Building ASM object zephyr/arch/arch/riscv/core/CMakeFiles/arch__riscv__core.dir/switch.S.obj
[felino:rw] -- warning_base_override: -Wall;-Wformat;-Wformat-security;-Wformat;-Wno-format-zero-length;-Wno-pointer-sign;-Wpointer-arith;-Wexpansion-to-defined
[wugtrio:rw] [216/384] Building C object zephyr/lib/libc/minimal/CMakeFiles/lib__libc__minimal.dir/source/stdlib/atoi.c.obj
[wugtrio:rw] [217/384] Building C object zephyr/arch/arch/riscv/core/CMakeFiles/arch__riscv__core.dir/thread.c.obj
[krabby:ro] -- Configuring done (14.9s)
[wugtrio:rw] [218/384] Building C object zephyr/lib/libc/common/CMakeFiles/lib__libc__common.dir/source/time/asctime.c.obj
[wugtrio:rw] [219/384] Building C object zephyr/lib/libc/minimal/CMakeFiles/lib__libc__minimal.dir/source/stdlib/strtoul.c.obj
[wugtrio:rw] [220/384] Building ASM object zephyr/arch/arch/riscv/core/CMakeFiles/arch__riscv__core.dir/isr.S.obj
[wugtrio:rw] [221/384] Building C object zephyr/lib/libc/minimal/CMakeFiles/lib__libc__minimal.dir/source/stdlib/strtol.c.obj
[navi:rw] [25/379] Building C object CMakeFiles/app.dir/mnt/host/source/src/platform/ec/build/zephyr/navi/modules/ec/common/uart_printf.c.obj
[wugtrio:rw] [222/384] Building C object zephyr/lib/libc/minimal/CMakeFiles/lib__libc__minimal.dir/source/stdlib/strtoll.c.obj
[wugtrio:rw] [223/384] Building ASM object zephyr/arch/arch/riscv/core/CMakeFiles/arch__riscv__core.dir/pmp.S.obj
[wugtrio:rw] [224/384] Building C object zephyr/lib/libc/minimal/CMakeFiles/lib__libc__minimal.dir/source/stdlib/bsearch.c.obj
[wugtrio:rw] [225/384] Building C object zephyr/lib/libc/minimal/CMakeFiles/lib__libc__minimal.dir/source/stdlib/strtoull.c.obj
[wugtrio:rw] [226/384] Building C object zephyr/arch/arch/riscv/core/CMakeFiles/arch__riscv__core.dir/pmp.c.obj
[wugtrio:rw] [227/384] Building C object zephyr/lib/libc/minimal/CMakeFiles/lib__libc__minimal.dir/source/string/strncasecmp.c.obj
[wugtrio:rw] [228/384] Building C object zephyr/lib/libc/minimal/CMakeFiles/lib__libc__minimal.dir/source/string/strerror.c.obj
[wugtrio:rw] [229/384] Building C object zephyr/arch/arch/riscv/core/CMakeFiles/arch__riscv__core.dir/stacktrace.c.obj
[wugtrio:rw] [230/384] Building C object zephyr/lib/libc/minimal/CMakeFiles/lib__libc__minimal.dir/source/string/strstr.c.obj
[wugtrio:rw] [231/384] Building C object zephyr/lib/libc/minimal/CMakeFiles/lib__libc__minimal.dir/source/stdlib/qsort.c.obj
[wugtrio:rw] [232/384] Building C object zephyr/lib/libc/minimal/CMakeFiles/lib__libc__minimal.dir/source/string/strspn.c.obj
[wugtrio:rw] [233/384] Building C object zephyr/lib/libc/minimal/CMakeFiles/lib__libc__minimal.dir/source/string/string.c.obj
[obiwan:ro] [11/361] Building C object zephyr/CMakeFiles/zephyr.dir/lib/libc/validate_libc.c.obj
[felino:rw] -- Found gen_kobject_list: /mnt/host/source/src/third_party/zephyr/main/scripts/build/gen_kobject_list.py
[wugtrio:rw] [234/384] Building C object zephyr/lib/libc/common/CMakeFiles/lib__libc__common.dir/source/stdlib/abort.c.obj
[wugtrio:rw] [235/384] Linking C static library zephyr/arch/arch/riscv/core/libarch__riscv__core.a
[felino:rw] CMake Warning at /mnt/host/source/src/third_party/zephyr/main/CMakeLists.txt:1134 (message):
[felino:rw]   No SOURCES given to Zephyr library: drivers__syscon
[felino:rw]   Excluding target from build.
[felino:rw] CMake Warning at /mnt/host/source/src/third_party/zephyr/main/CMakeLists.txt:2359 (message):
[felino:rw]   __ASSERT() statements are globally ENABLED
[wugtrio:rw] [236/384] Building C object zephyr/lib/libc/common/CMakeFiles/lib__libc__common.dir/source/time/gmtime_r.c.obj
[krabby:ro] -- Generating done (0.6s)
[krabby:ro]   __ASSERT() statements are globally ENABLED
[krabby:ro] CMake Warning:
[krabby:ro] -- Build files have been written to: /mnt/host/source/src/platform/ec/build/zephyr/krabby/build-ro
[wugtrio:rw] [237/384] Building C object zephyr/lib/libc/minimal/CMakeFiles/lib__libc__minimal.dir/source/math/sqrt.c.obj
[wugtrio:rw] [238/384] Building C object zephyr/lib/libc/minimal/CMakeFiles/lib__libc__minimal.dir/source/math/sqrtf.c.obj
[felino:rw] -- Configuring done (15.7s)
[wugtrio:rw] [239/384] Building C object zephyr/lib/libc/minimal/CMakeFiles/lib__libc__minimal.dir/source/stdlib/exit.c.obj
[wugtrio:rw] [240/384] Building C object zephyr/lib/libc/common/CMakeFiles/lib__libc__common.dir/source/time/localtime_r_utc.c.obj
[wugtrio:rw] [241/384] Building C object zephyr/lib/libc/common/CMakeFiles/lib__libc__common.dir/source/time/ctime.c.obj
[wugtrio:rw] [242/384] Building C object zephyr/lib/libc/common/CMakeFiles/lib__libc__common.dir/source/string/strnlen.c.obj
[wugtrio:rw] [243/384] Building C object zephyr/lib/libc/common/CMakeFiles/lib__libc__common.dir/source/time/time.c.obj
[krabby:ro]   Manually-specified variables were not used by the project:
[krabby:ro]     COREBOOT_SDK_ROOT_arm
[krabby:ro]     COREBOOT_SDK_ROOT_libstdcxx_arm
[krabby:ro]     COREBOOT_SDK_ROOT_libstdcxx_x86
[krabby:ro]     COREBOOT_SDK_ROOT_nds32
[krabby:ro]     COREBOOT_SDK_ROOT_picolibc_arm
[krabby:ro]     COREBOOT_SDK_ROOT_picolibc_x86
[krabby:ro]     COREBOOT_SDK_ROOT_riscv
[krabby:ro]     COREBOOT_SDK_ROOT_x86
[obiwan:rw] Building: /usr/bin/ninja -C /mnt/host/source/src/platform/ec/build/zephyr/obiwan/build-rw all.libraries
Running `env -i SHELL=/bin/bash COLORTERM=truecolor DEPOT_TOOLS_UPDATE=0 LESS='-R -M --shift 5' SUDO_GID=0 JDK_HOME=/etc/java-config-2/current-system-vm CONFIG_PROTECT_MASK='/etc/gentoo-release /etc/sandbox.d /etc/fonts/fonts.conf /etc/terminfo /etc/ca-certificates.conf /etc/revdep-rebuild' CHROMEOS_CACHEDIR=/var/cache/chromeos-cache JAVA_HOME=/etc/java-config-2/current-system-vm SSH_AUTH_SOCK=/tmp/ssh-auth-sock SUDO_COMMAND=/bin/bash SUDO_USER=root SUDO_TTY=/dev/pts/2 EDITOR=/usr/bin/vi PWD=/mnt/host/source/src/platform/ec CONFIG_PROTECT=/usr/share/gnupg/qualified.txt LOGNAME=jpmurphy MANPATH=/etc/java-config-2/current-system-vm/man:/usr/local/share/man:/usr/share/man:/usr/share/gcc-data/x86_64-pc-linux-gnu/10.2.0/man:/usr/share/binutils-data/x86_64-pc-linux-gnu/2.45/man:/etc/java-config-2/current-system-vm/man/ SUDO_HOME=/root XAUTHORITY=/run/user/944457/gdm/Xauthority HOME=/home/jpmurphy LANG=C.UTF-8 LS_COLORS='rs=0:di=01;34:ln=01;36:mh=00:pi=40;33:so=01;35:do=01;35:bd=40;33;01:cd=40;33;01:or=01;05;37;41:mi=01;05;37;41:su=37;41:sg=30;43:ca=30;41:tw=30;42:ow=34;42:st=37;44:ex=01;32:*.tar=01;31:*.tgz=01;31:*.arc=01;31:*.arj=01;31:*.taz=01;31:*.lha=01;31:*.lz4=01;31:*.lzh=01;31:*.lzma=01;31:*.tlz=01;31:*.txz=01;31:*.tzo=01;31:*.t7z=01;31:*.zip=01;31:*.z=01;31:*.dz=01;31:*.gz=01;31:*.lrz=01;31:*.lz=01;31:*.lzo=01;31:*.xz=01;31:*.zst=01;31:*.tzst=01;31:*.bz2=01;31:*.bz=01;31:*.tbz=01;31:*.tbz2=01;31:*.tz=01;31:*.deb=01;31:*.rpm=01;31:*.jar=01;31:*.war=01;31:*.ear=01;31:*.sar=01;31:*.rar=01;31:*.alz=01;31:*.ace=01;31:*.zoo=01;31:*.cpio=01;31:*.7z=01;31:*.rz=01;31:*.cab=01;31:*.wim=01;31:*.swm=01;31:*.dwm=01;31:*.esd=01;31:*.jpg=01;35:*.jpeg=01;35:*.mjpg=01;35:*.mjpeg=01;35:*.gif=01;35:*.bmp=01;35:*.pbm=01;35:*.pgm=01;35:*.ppm=01;35:*.tga=01;35:*.xbm=01;35:*.xpm=01;35:*.tif=01;35:*.tiff=01;35:*.png=01;35:*.svg=01;35:*.svgz=01;35:*.mng=01;35:*.pcx=01;35:*.mov=01;35:*.mpg=01;35:*.mpeg=01;35:*.m2v=01;35:*.mkv=01;35:*.webm=01;35:*.webp=01;35:*.ogm=01;35:*.mp4=01;35:*.m4v=01;35:*.mp4v=01;35:*.vob=01;35:*.qt=01;35:*.nuv=01;35:*.wmv=01;35:*.asf=01;35:*.rm=01;35:*.rmvb=01;35:*.flc=01;35:*.avi=01;35:*.fli=01;35:*.flv=01;35:*.gl=01;35:*.dl=01;35:*.xcf=01;35:*.xwd=01;35:*.yuv=01;35:*.cgm=01;35:*.emf=01;35:*.ogv=01;35:*.ogx=01;35:*.cfg=00;32:*.conf=00;32:*.diff=00;32:*.doc=00;32:*.ini=00;32:*.log=00;32:*.patch=00;32:*.pdf=00;32:*.ps=00;32:*.tex=00;32:*.txt=00;32:*.aac=00;36:*.au=00;36:*.flac=00;36:*.m4a=00;36:*.mid=00;36:*.midi=00;36:*.mka=00;36:*.mp3=00;36:*.mpc=00;36:*.ogg=00;36:*.ra=00;36:*.wav=00;36:*.oga=00;36:*.opus=00;36:*.spx=00;36:*.xspf=00;36:' XDG_CURRENT_DESKTOP=GNOME INFOPATH=/usr/share/info:/usr/share/gcc-data/x86_64-pc-linux-gnu/10.2.0/info:/usr/share/binutils-data/x86_64-pc-linux-gnu/2.45/info:/usr/share/automake-1.16.5/info JAVAC=/etc/java-config-2/current-system-vm/bin/javac TERM=xterm-256color LESSOPEN='|lesspipe %s' USER=jpmurphy CROS_WORKON_SRCROOT=/mnt/host/source MANPAGER=manpager DISPLAY=:1 SHLVL=1 LC_MESSAGES=C EXTERNAL_TRUNK_PATH=/mnt/8f9d649a-3721-44cc-93c0-e6bd21a9689f/chromiumos GCC_SPECS='' PATH=/mnt/host/source/chromite/bin:/usr/local/bin:/usr/bin:/bin:/opt/bin:/mnt/host/source/chromite/sdk/bin:/mnt/host/source/chromite/bin PORTAGE_USERNAME=jpmurphy SUDO_UID=0 GCC_VER=10.2.0 MAIL=/var/mail/jpmurphy OLDPWD=/mnt/host/source/src/scripts traceparent=00-e87aca51550a78635907baa6a2476181-6d684811675d2973-01 _=./zephyr/firmware_builder.py COREBOOT_SDK_ROOT_x86=/home/jpmurphy/.cache/coreboot-sdk/i386-elf/dfbb0486385d938cfa9d73080b9d18d598ed4f49 COREBOOT_SDK_ROOT_picolibc_x86=/home/jpmurphy/.cache/coreboot-sdk/picolibc-i386-elf/eb8e8e687b95461de8cbf278f1c2076952d0ad17 COREBOOT_SDK_ROOT_riscv64=/home/jpmurphy/.cache/coreboot-sdk/riscv64-elf/96b949749225b6aaa92ed810ab769e8dfb12f000 COREBOOT_SDK_ROOT_picolibc_arm=/home/jpmurphy/.cache/coreboot-sdk/picolibc-arm-eabi/422a2aa3e1ef891b5bece9a3deb696ff83840d2e COREBOOT_SDK_ROOT_nds32=/home/jpmurphy/.cache/coreboot-sdk/nds32le-elf/d1a518c4a097666d86058e1444f85ca015d15511 COREBOOT_SDK_ROOT_picolibc_riscv64=/home/jpmurphy/.cache/coreboot-sdk/picolibc-riscv64-elf/f571e990ef0278564b31124f8bb109d9a697eb69 COREBOOT_SDK_ROOT_arm=/home/jpmurphy/.cache/coreboot-sdk/arm-eabi/ea40ddd1d190c3b48435c474c0b545719371813a COREBOOT_SDK_ROOT_libstdcxx_riscv64=/home/jpmurphy/.cache/coreboot-sdk/libstdcxx-riscv64-elf/17abf22a3a252e2d5d2062ced5324f7a623689e0 COREBOOT_SDK_ROOT_libstdcxx_arm=/home/jpmurphy/.cache/coreboot-sdk/libstdcxx-arm-eabi/5d7d82e150e44aa1968f1d366e267e6687b328ac COREBOOT_SDK_ROOT_riscv=/home/jpmurphy/.cache/coreboot-sdk/riscv-elf/9a27b9e82341c6e9126624f516ab3f261abb3e73 COREBOOT_SDK_ROOT_libstdcxx_x86=/home/jpmurphy/.cache/coreboot-sdk/libstdcxx-i386-elf/42ef9d2e87a76a37963175d7d428734e65648b87 PYTHONPATH=/mnt/host/source/src/platform/ec/zephyr/zmake PW_PIGWEED_CIPD_INSTALL_DIR=/usr CROSTC_USER_ACKNOWLEDGES_THAT_RISCV_IS_EXPERIMENTAL=1 MAKEFLAGS=' -j16 --jobserver-auth=5,6' /usr/bin/ninja -C /mnt/host/source/src/platform/ec/build/zephyr/obiwan/build-rw all.libraries`
[obiwan:rw] ninja: Entering directory `/mnt/host/source/src/platform/ec/build/zephyr/obiwan/build-rw'
[wugtrio:rw] [244/384] Building C object zephyr/lib/posix/c_lib_ext/CMakeFiles/lib__posix__c_lib_ext.dir/fnmatch.c.obj
[wugtrio:rw] [245/384] Building C object zephyr/lib/libc/minimal/CMakeFiles/lib__libc__minimal.dir/source/stdout/sprintf.c.obj
[wugtrio:rw] [246/384] Building C object zephyr/subsys/crc/CMakeFiles/subsys__crc.dir/crc8_sw.c.obj
[wugtrio:rw] [247/384] Building C object zephyr/lib/libc/minimal/CMakeFiles/lib__libc__minimal.dir/source/stdout/stdout_console.c.obj
[wugtrio:rw] [248/384] Building C object zephyr/subsys/crc/CMakeFiles/subsys__crc.dir/crc4_sw.c.obj
[wugtrio:rw] [249/384] Building C object zephyr/subsys/crc/CMakeFiles/subsys__crc.dir/crc16_sw.c.obj
[wugtrio:rw] [250/384] Building C object zephyr/subsys/crc/CMakeFiles/subsys__crc.dir/crc7_sw.c.obj
[wugtrio:rw] [251/384] Building C object zephyr/lib/libc/minimal/CMakeFiles/lib__libc__minimal.dir/source/stdout/fprintf.c.obj
[wugtrio:rw] [252/384] Building C object zephyr/subsys/crc/CMakeFiles/subsys__crc.dir/crc32_sw.c.obj
[wugtrio:rw] [253/384] Building C object zephyr/subsys/crc/CMakeFiles/subsys__crc.dir/crc32c_sw.c.obj
[wugtrio:rw] [254/384] Building C object zephyr/subsys/crc/CMakeFiles/subsys__crc.dir/crc24_sw.c.obj
[wugtrio:rw] [255/384] Building C object zephyr/lib/libc/minimal/CMakeFiles/lib__libc__minimal.dir/source/time/gmtime.c.obj
[wugtrio:rw] [256/384] Building C object zephyr/subsys/crc/CMakeFiles/subsys__crc.dir/crc32k_4_2_sw.c.obj
[navi:rw] [26/379] Building C object CMakeFiles/app.dir/mnt/host/source/src/platform/ec/build/zephyr/navi/modules/ec/common/util.c.obj
[felino:rw] -- Generating done (0.5s)
[felino:rw] CMake Warning:
[felino:rw]   Manually-specified variables were not used by the project:
[felino:rw]     COREBOOT_SDK_ROOT_arm
[felino:rw]     COREBOOT_SDK_ROOT_libstdcxx_arm
[felino:rw]     COREBOOT_SDK_ROOT_libstdcxx_x86
[felino:rw]     COREBOOT_SDK_ROOT_nds32
[felino:rw]     COREBOOT_SDK_ROOT_picolibc_arm
[felino:rw]     COREBOOT_SDK_ROOT_picolibc_x86
[felino:rw]     COREBOOT_SDK_ROOT_riscv
[felino:rw]     COREBOOT_SDK_ROOT_x86
[felino:rw] -- Build files have been written to: /mnt/host/source/src/platform/ec/build/zephyr/felino/build-rw
[obiwan:ro] [12/361] Building C object zephyr/CMakeFiles/zephyr.dir/lib/heap/heap.c.obj
[wugtrio:rw] [257/384] Linking C static library zephyr/subsys/crc/libsubsys__crc.a
[wugtrio:rw] [258/384] Linking C static library zephyr/lib/libc/minimal/liblib__libc__minimal.a
[wugtrio:rw] [259/384] Building C object zephyr/lib/libc/common/CMakeFiles/lib__libc__common.dir/source/stdlib/malloc.c.obj
[wugtrio:rw] [260/384] Building C object zephyr/lib/posix/c_lib_ext/CMakeFiles/lib__posix__c_lib_ext.dir/getentropy.c.obj
[wugtrio:rw] [261/384] Linking C static library zephyr/lib/libc/common/liblib__libc__common.a
[obiwan:rw] [1/361] Generating include/generated/zephyr/version.h
[obiwan:rw] -- git describe warned: warning: tag 'upstream/v2.7.99' is externally known as 'v2.7.99'
[obiwan:rw] -- Zephyr version: 4.3.99 (/mnt/host/source/src/third_party/zephyr/main)
[obiwan:rw] [2/361] Preparing syscall dependency handling
[wugtrio:rw] [262/384] Building C object zephyr/lib/posix/c_lib_ext/CMakeFiles/lib__posix__c_lib_ext.dir/getopt_shim.c.obj
[wugtrio:rw] [263/384] Linking C static library zephyr/lib/posix/c_lib_ext/liblib__posix__c_lib_ext.a
[wugtrio:rw] [264/384] Building C object zephyr/drivers/interrupt_controller/CMakeFiles/drivers__interrupt_controller.dir/intc_ite_it8xxx2.c.obj
[obiwan:rw] [3/361] Generating misc/generated/syscalls_subdirs.trigger
[wugtrio:rw] [265/384] Building C object zephyr/drivers/interrupt_controller/CMakeFiles/drivers__interrupt_controller.dir/wuc_ite_it8xxx2.c.obj
[wugtrio:rw] [266/384] Building C object zephyr/drivers/bbram/CMakeFiles/drivers__bbram.dir/bbram_it8xxx2.c.obj
[wugtrio:rw] [267/384] Building C object zephyr/drivers/adc/CMakeFiles/drivers__adc.dir/adc_common.c.obj
[wugtrio:rw] [268/384] Building C object zephyr/drivers/console/CMakeFiles/drivers__console.dir/uart_console.c.obj
[wugtrio:rw] [269/384] Linking C static library zephyr/drivers/interrupt_controller/libdrivers__interrupt_controller.a
[wugtrio:rw] [270/384] Building C object zephyr/drivers/eeprom/CMakeFiles/drivers__eeprom.dir/eeprom_shell.c.obj
[wugtrio:rw] [271/384] Linking C static library zephyr/drivers/bbram/libdrivers__bbram.a
[wugtrio:rw] [272/384] Building C object zephyr/drivers/eeprom/CMakeFiles/drivers__eeprom.dir/eeprom_at2x.c.obj
[navi:rw] [27/379] Building C object CMakeFiles/app.dir/mnt/host/source/src/platform/ec/build/zephyr/navi/modules/ec/common/version.c.obj
[wugtrio:rw] [273/384] Linking C static library zephyr/drivers/console/libdrivers__console.a
[wugtrio:rw] [274/384] Building C object zephyr/drivers/adc/CMakeFiles/drivers__adc.dir/adc_ite_it8xxx2.c.obj
[wugtrio:rw] [275/384] Linking C static library zephyr/drivers/eeprom/libdrivers__eeprom.a
[obiwan:ro] [13/361] Building C object zephyr/CMakeFiles/zephyr.dir/lib/os/cbprintf_packaged.c.obj
[wugtrio:rw] [276/384] Linking C static library zephyr/drivers/adc/libdrivers__adc.a
[wugtrio:rw] [277/384] Building C object zephyr/drivers/gpio/CMakeFiles/drivers__gpio.dir/gpio_kscan_ite_it8xxx2.c.obj
[wugtrio:rw] [278/384] Building C object zephyr/drivers/flash/CMakeFiles/drivers__flash.dir/flash_ite_it8xxx2.c.obj
[wugtrio:rw] [279/384] Building C object zephyr/drivers/gpio/CMakeFiles/drivers__gpio.dir/gpio_ite_it8xxx2.c.obj
[wugtrio:rw] [280/384] Building C object zephyr/drivers/pinctrl/CMakeFiles/drivers__pinctrl.dir/common.c.obj
[wugtrio:rw] [281/384] Linking C static library zephyr/drivers/flash/libdrivers__flash.a
[wugtrio:rw] [282/384] Building C object zephyr/drivers/i2c/CMakeFiles/drivers__i2c.dir/i2c_bitbang.c.obj
[obiwan:rw] [4/361] Generating misc/generated/syscalls.json, misc/generated/struct_tags.json
[wugtrio:rw] [283/384] Linking C static library zephyr/drivers/gpio/libdrivers__gpio.a
[wugtrio:rw] [284/384] Building C object zephyr/drivers/i2c/CMakeFiles/drivers__i2c.dir/i2c_common.c.obj
[wugtrio:rw] [285/384] Building C object zephyr/drivers/i2c/CMakeFiles/drivers__i2c.dir/i2c_shell.c.obj
[wugtrio:rw] [286/384] Building C object zephyr/drivers/i2c/CMakeFiles/drivers__i2c.dir/i2c_ite_enhance.c.obj
[wugtrio:rw] [287/384] Building C object zephyr/drivers/pwm/CMakeFiles/drivers__pwm.dir/pwm_shell.c.obj
[obiwan:rw] [5/361] Generating include/generated/zephyr/syscall_dispatch.c, include/generated/zephyr/syscall_exports_llext.c, syscall_weakdefs_llext.c, include/generated/zephyr/syscall_list.h
[wugtrio:rw] [288/384] Building C object zephyr/drivers/pinctrl/CMakeFiles/drivers__pinctrl.dir/pinctrl_ite_it8xxx2.c.obj
[wugtrio:rw] [289/384] Building C object zephyr/drivers/i2c/CMakeFiles/drivers__i2c.dir/i2c_ite_it8xxx2.c.obj
[obiwan:ro] [14/361] Building C object zephyr/CMakeFiles/zephyr.dir/lib/os/clock.c.obj
[wugtrio:rw] [290/384] Building C object zephyr/drivers/serial/CMakeFiles/drivers__serial.dir/uart_ite_it8xxx2.c.obj
[wugtrio:rw] [291/384] Linking C static library zephyr/drivers/pinctrl/libdrivers__pinctrl.a
[wugtrio:rw] [292/384] Building C object zephyr/drivers/pwm/CMakeFiles/drivers__pwm.dir/pwm_ite_it8xxx2.c.obj
[navi:rw] [28/379] Building C object CMakeFiles/app.dir/mnt/host/source/src/platform/ec/build/zephyr/navi/modules/ec/common/motion_sense_fifo.c.obj
[wugtrio:rw] [293/384] Linking C static library zephyr/drivers/i2c/libdrivers__i2c.a
[obiwan:rw] [6/361] Generating include/generated/zephyr/driver-validation.h
[wugtrio:rw] [294/384] Linking C static library zephyr/drivers/pwm/libdrivers__pwm.a
[wugtrio:rw] [295/384] Building C object zephyr/drivers/timer/CMakeFiles/drivers__timer.dir/ite_it8xxx2_timer.c.obj
[wugtrio:rw] [296/384] Building C object zephyr/drivers/timer/CMakeFiles/drivers__timer.dir/sys_clock_init.c.obj
[wugtrio:rw] [297/384] Building C object zephyr/drivers/watchdog/CMakeFiles/drivers__watchdog.dir/wdt_shell.c.obj
[wugtrio:rw] [298/384] Building C object zephyr/drivers/serial/CMakeFiles/drivers__serial.dir/uart_ns16550.c.obj
[wugtrio:rw] [299/384] Building C object zephyr/drivers/watchdog/CMakeFiles/drivers__watchdog.dir/wdt_ite_it8xxx2.c.obj
[obiwan:rw] [7/361] Generating include/generated/zephyr/kobj-types-enum.h, include/generated/zephyr/otype-to-str.h, include/generated/zephyr/otype-to-size.h
[wugtrio:rw] [300/384] Linking C static library zephyr/drivers/serial/libdrivers__serial.a
[wugtrio:rw] [301/384] Linking C static library zephyr/drivers/watchdog/libdrivers__watchdog.a
[wugtrio:rw] [302/384] Linking C static library zephyr/drivers/timer/libdrivers__timer.a
[obiwan:rw] [8/361] Generating include/generated/device-api-sections.ld, include/generated/device-api-sections.cmake
[wugtrio:rw] [303/384] Building C object modules/ec/zephyr/CMakeFiles/ec_shim.dir/shim/chip/it8xxx2/mpu.c.obj
[wugtrio:rw] [304/384] Building C object modules/ec/zephyr/CMakeFiles/ec_shim.dir/app/ec/ec_app_main.c.obj
[wugtrio:rw] [305/384] Building C object modules/ec/zephyr/CMakeFiles/ec_shim.dir/app/ec/main_shim.c.obj
[obiwan:ro] [15/361] Building C object zephyr/CMakeFiles/zephyr.dir/lib/os/printk.c.obj
[wugtrio:rw] [306/384] Building C object modules/ec/zephyr/CMakeFiles/ec_shim.dir/drivers/cros_kb_raw/cros_kb_raw_ite.c.obj
[wugtrio:rw] [307/384] Building C object modules/ec/zephyr/CMakeFiles/ec_shim.dir/drivers/cros_flash/cros_flash_it8xxx2.c.obj
[wugtrio:rw] [308/384] Building C object modules/ec/zephyr/CMakeFiles/ec_shim.dir/shim/chip/it8xxx2/clock.c.obj
[wugtrio:rw] [309/384] Building C object modules/ec/zephyr/CMakeFiles/ec_shim.dir/shim/src/crc.c.obj
[wugtrio:rw] [310/384] Building C object modules/ec/zephyr/CMakeFiles/ec_shim.dir/drivers/cros_system/cros_system_it8xxx2.c.obj
[wugtrio:rw] [311/384] Building C object modules/ec/zephyr/CMakeFiles/ec_shim.dir/drivers/cros_shi/cros_shi_it8xxx2.c.obj
[navi:rw] [29/379] Building C object CMakeFiles/app.dir/mnt/host/source/src/platform/ec/build/zephyr/navi/modules/ec/common/adc.c.obj
[wugtrio:rw] [312/384] Building C object modules/ec/zephyr/CMakeFiles/ec_shim.dir/shim/chip/it8xxx2/system.c.obj
[wugtrio:rw] [313/384] Building C object modules/ec/zephyr/CMakeFiles/ec_shim.dir/shim/chip/it8xxx2/keyboard_raw.c.obj
[obiwan:rw] [9/361] Building C object zephyr/CMakeFiles/offsets.dir/arch/arm/core/offsets/offsets.c.obj
[wugtrio:rw] [314/384] Building C object modules/ec/zephyr/CMakeFiles/ec_shim.dir/shim/chip/it8xxx2/power_policy.c.obj
[wugtrio:rw] [315/384] Building C object modules/ec/zephyr/CMakeFiles/ec_shim.dir/shim/chip/it8xxx2/shi.c.obj
[obiwan:rw] [10/361] Generating include/generated/zephyr/offsets.h
[wugtrio:rw] [316/384] Building C object modules/ec/zephyr/CMakeFiles/ec_shim.dir/shim/core/riscv/mpu.c.obj
[wugtrio:rw] [317/384] Building C object modules/ec/zephyr/CMakeFiles/ec_shim.dir/shim/chip/it8xxx2/gpio.c.obj
[obiwan:ro] [16/361] Building C object zephyr/CMakeFiles/zephyr.dir/lib/os/sem.c.obj
[wugtrio:rw] [318/384] Building C object modules/ec/zephyr/CMakeFiles/ec_shim.dir/shim/src/console.c.obj
[wugtrio:rw] [319/384] Building C object modules/ec/zephyr/CMakeFiles/ec_shim.dir/shim/src/panic_utils.c.obj
[wugtrio:rw] [320/384] Building C object modules/ec/zephyr/CMakeFiles/ec_shim.dir/shim/src/gpio_int.c.obj
[wugtrio:rw] [321/384] Building C object modules/ec/zephyr/CMakeFiles/ec_shim.dir/shim/src/pm_state.c.obj
[wugtrio:rw] [322/384] Building C object modules/ec/zephyr/CMakeFiles/ec_shim.dir/shim/src/gpio.c.obj
[wugtrio:rw] [323/384] Building C object modules/ec/zephyr/CMakeFiles/ec_shim.dir/shim/src/cbi/cros_cbi.c.obj
[wugtrio:rw] [324/384] Building C object modules/ec/zephyr/CMakeFiles/ec_shim.dir/shim/src/cbi/cros_cbi_ssfc.c.obj
[wugtrio:rw] [325/384] Building C object modules/ec/zephyr/CMakeFiles/ec_shim.dir/shim/src/cbi/cbi_eeprom.c.obj
[obiwan:rw] [11/361] Building C object zephyr/CMakeFiles/zephyr.dir/lib/libc/validate_libc.c.obj
[navi:rw] [30/379] Building C object CMakeFiles/app.dir/mnt/host/source/src/platform/ec/build/zephyr/navi/modules/ec/driver/als_tcs3400.c.obj
[wugtrio:rw] [326/384] Building C object modules/ec/zephyr/CMakeFiles/ec_shim.dir/shim/src/led_driver/led_pwm.c.obj
[wugtrio:rw] [327/384] Building C object modules/ec/zephyr/CMakeFiles/ec_shim.dir/shim/src/led_driver/led.c.obj
[wugtrio:rw] [328/384] Building C object modules/ec/zephyr/CMakeFiles/ec_shim.dir/shim/src/adc.c.obj
[wugtrio:rw] [329/384] Building C object modules/ec/zephyr/CMakeFiles/ec_shim.dir/shim/src/system.c.obj
[obiwan:ro] [17/361] Building C object zephyr/CMakeFiles/zephyr.dir/lib/os/thread_entry.c.obj
[wugtrio:rw] [330/384] Building C object modules/ec/zephyr/CMakeFiles/ec_shim.dir/shim/src/chg_rt9490.c.obj
[wugtrio:rw] [331/384] Building C object modules/ec/zephyr/CMakeFiles/ec_shim.dir/shim/src/battery.c.obj
[wugtrio:rw] [332/384] Building C object modules/ec/zephyr/CMakeFiles/ec_shim.dir/shim/src/charger.c.obj
[wugtrio:rw] [333/384] Building C object modules/ec/zephyr/CMakeFiles/ec_shim.dir/shim/src/hooks.c.obj
[wugtrio:rw] [334/384] Building C object modules/ec/zephyr/CMakeFiles/ec_shim.dir/shim/src/mkbp_event.c.obj
[wugtrio:rw] [335/384] Building C object modules/ec/zephyr/CMakeFiles/ec_shim.dir/shim/src/host_command.c.obj
[wugtrio:rw] [336/384] Building C object modules/ec/zephyr/CMakeFiles/ec_shim.dir/shim/src/keyboard_raw.c.obj
[wugtrio:rw] [337/384] Building C object modules/ec/zephyr/CMakeFiles/ec_shim.dir/shim/src/console_buffer.c.obj
[obiwan:rw] [12/361] Building C object zephyr/CMakeFiles/zephyr.dir/lib/heap/heap.c.obj
[obiwan:ro] [18/361] Building C object zephyr/CMakeFiles/zephyr.dir/lib/os/cbprintf_nano.c.obj
[wugtrio:rw] [338/384] Building C object modules/ec/zephyr/CMakeFiles/ec_shim.dir/shim/src/flash.c.obj
[navi:rw] [31/379] Building C object CMakeFiles/app.dir/mnt/host/source/src/platform/ec/build/zephyr/navi/modules/ec/common/battery.c.obj
[wugtrio:rw] [339/384] Building C object modules/ec/zephyr/CMakeFiles/ec_shim.dir/shim/src/motionsense_sensors.c.obj
[wugtrio:rw] [340/384] Building C object modules/ec/zephyr/CMakeFiles/ec_shim.dir/shim/src/panic.c.obj
[wugtrio:rw] [341/384] Building C object modules/ec/zephyr/CMakeFiles/ec_shim.dir/shim/src/hwtimer.c.obj
[wugtrio:rw] [342/384] Building C object modules/ec/zephyr/CMakeFiles/ec_shim.dir/shim/src/thermal.c.obj
[wugtrio:rw] [343/384] Building C object modules/ec/zephyr/CMakeFiles/ec_shim.dir/shim/src/power.c.obj
[wugtrio:rw] [344/384] Building C object modules/ec/zephyr/CMakeFiles/ec_shim.dir/shim/src/temp_sensors.c.obj
[obiwan:ro] [19/361] Building C object zephyr/CMakeFiles/zephyr.dir/lib/os/cbprintf.c.obj
[wugtrio:rw] [345/384] Building C object modules/ec/zephyr/CMakeFiles/ec_shim.dir/shim/src/tasks.c.obj
[wugtrio:rw] [346/384] Building C object modules/ec/zephyr/CMakeFiles/ec_shim.dir/shim/src/watchdog.c.obj
[wugtrio:rw] [347/384] Building C object modules/ec/zephyr/CMakeFiles/ec_shim.dir/shim/src/ppc.c.obj
[obiwan:rw] [13/361] Building C object zephyr/CMakeFiles/zephyr.dir/lib/os/cbprintf_packaged.c.obj
[wugtrio:rw] [348/384] Building C object modules/ec/zephyr/CMakeFiles/ec_shim.dir/shim/src/i2c.c.obj
[wugtrio:rw] [349/384] Building C object modules/ec/zephyr/CMakeFiles/ec_shim.dir/shim/src/usba.c.obj
[wugtrio:rw] [350/384] Building C object zephyr/kernel/CMakeFiles/kernel.dir/banner.c.obj
[wugtrio:rw] [351/384] Building C object zephyr/kernel/CMakeFiles/kernel.dir/busy_wait.c.obj
[wugtrio:rw] [352/384] Building C object zephyr/kernel/CMakeFiles/kernel.dir/errno.c.obj
[wugtrio:rw] [353/384] Building C object zephyr/kernel/CMakeFiles/kernel.dir/device.c.obj
[wugtrio:rw] [354/384] Building C object zephyr/kernel/CMakeFiles/kernel.dir/main_weak.c.obj
[wugtrio:rw] [355/384] Building C object zephyr/kernel/CMakeFiles/kernel.dir/version.c.obj
[wugtrio:rw] [356/384] Building C object modules/ec/zephyr/CMakeFiles/ec_shim.dir/shim/src/usb_muxes.c.obj
[navi:rw] [32/379] Building C object CMakeFiles/app.dir/mnt/host/source/src/platform/ec/build/zephyr/navi/modules/ec/common/battery_info.c.obj
[wugtrio:rw] [357/384] Linking C static library modules/ec/zephyr/libec_shim.a
[wugtrio:rw] [358/384] Building C object zephyr/kernel/CMakeFiles/kernel.dir/fatal.c.obj
[wugtrio:rw] [359/384] Building C object zephyr/kernel/CMakeFiles/kernel.dir/kheap.c.obj
[obiwan:ro] [20/361] Building C object zephyr/CMakeFiles/zephyr.dir/lib/os/assert.c.obj
[wugtrio:rw] [360/384] Building C object zephyr/kernel/CMakeFiles/kernel.dir/init.c.obj
[wugtrio:rw] [361/384] Building C object zephyr/kernel/CMakeFiles/kernel.dir/float.c.obj
[wugtrio:rw] [362/384] Building C object zephyr/kernel/CMakeFiles/kernel.dir/mem_slab.c.obj
[wugtrio:rw] [363/384] Building C object zephyr/kernel/CMakeFiles/kernel.dir/msg_q.c.obj
[wugtrio:rw] [364/384] Building C object zephyr/kernel/CMakeFiles/kernel.dir/mailbox.c.obj
[wugtrio:rw] [365/384] Building C object zephyr/kernel/CMakeFiles/kernel.dir/idle.c.obj
[obiwan:rw] [14/361] Building C object zephyr/CMakeFiles/zephyr.dir/lib/os/clock.c.obj
[wugtrio:rw] [366/384] Building C object zephyr/kernel/CMakeFiles/kernel.dir/queue.c.obj
[wugtrio:rw] [367/384] Building C object zephyr/kernel/CMakeFiles/kernel.dir/mutex.c.obj
[wugtrio:rw] [368/384] Building C object zephyr/kernel/CMakeFiles/kernel.dir/sem.c.obj
[obiwan:ro] [21/361] Building C object zephyr/CMakeFiles/zephyr.dir/lib/utils/dec.c.obj
[wugtrio:rw] [369/384] Building C object zephyr/kernel/CMakeFiles/kernel.dir/system_work_q.c.obj
[wugtrio:rw] [370/384] Building C object zephyr/kernel/CMakeFiles/kernel.dir/stack.c.obj
[obiwan:ro] [22/361] Building C object zephyr/CMakeFiles/zephyr.dir/lib/utils/hex.c.obj
[wugtrio:rw] [371/384] Building C object zephyr/kernel/CMakeFiles/kernel.dir/condvar.c.obj
[navi:rw] [33/379] Building C object CMakeFiles/app.dir/mnt/host/source/src/platform/ec/build/zephyr/navi/modules/ec/common/battery_fuel_gauge.c.obj
[wugtrio:rw] [372/384] Building C object zephyr/kernel/CMakeFiles/kernel.dir/work.c.obj
[wugtrio:rw] [373/384] Building C object zephyr/kernel/CMakeFiles/kernel.dir/thread.c.obj
[wugtrio:rw] [374/384] Building C object zephyr/kernel/CMakeFiles/kernel.dir/spinlock_validate.c.obj
[wugtrio:rw] [375/384] Building C object zephyr/kernel/CMakeFiles/kernel.dir/pipe.c.obj
[yavista:rw] Building: /usr/bin/ninja -C /mnt/host/source/src/platform/ec/build/zephyr/yavista/build-rw all.libraries
Running `env -i SHELL=/bin/bash COLORTERM=truecolor DEPOT_TOOLS_UPDATE=0 LESS='-R -M --shift 5' SUDO_GID=0 JDK_HOME=/etc/java-config-2/current-system-vm CONFIG_PROTECT_MASK='/etc/gentoo-release /etc/sandbox.d /etc/fonts/fonts.conf /etc/terminfo /etc/ca-certificates.conf /etc/revdep-rebuild' CHROMEOS_CACHEDIR=/var/cache/chromeos-cache JAVA_HOME=/etc/java-config-2/current-system-vm SSH_AUTH_SOCK=/tmp/ssh-auth-sock SUDO_COMMAND=/bin/bash SUDO_USER=root SUDO_TTY=/dev/pts/2 EDITOR=/usr/bin/vi PWD=/mnt/host/source/src/platform/ec CONFIG_PROTECT=/usr/share/gnupg/qualified.txt LOGNAME=jpmurphy MANPATH=/etc/java-config-2/current-system-vm/man:/usr/local/share/man:/usr/share/man:/usr/share/gcc-data/x86_64-pc-linux-gnu/10.2.0/man:/usr/share/binutils-data/x86_64-pc-linux-gnu/2.45/man:/etc/java-config-2/current-system-vm/man/ SUDO_HOME=/root XAUTHORITY=/run/user/944457/gdm/Xauthority HOME=/home/jpmurphy LANG=C.UTF-8 LS_COLORS='rs=0:di=01;34:ln=01;36:mh=00:pi=40;33:so=01;35:do=01;35:bd=40;33;01:cd=40;33;01:or=01;05;37;41:mi=01;05;37;41:su=37;41:sg=30;43:ca=30;41:tw=30;42:ow=34;42:st=37;44:ex=01;32:*.tar=01;31:*.tgz=01;31:*.arc=01;31:*.arj=01;31:*.taz=01;31:*.lha=01;31:*.lz4=01;31:*.lzh=01;31:*.lzma=01;31:*.tlz=01;31:*.txz=01;31:*.tzo=01;31:*.t7z=01;31:*.zip=01;31:*.z=01;31:*.dz=01;31:*.gz=01;31:*.lrz=01;31:*.lz=01;31:*.lzo=01;31:*.xz=01;31:*.zst=01;31:*.tzst=01;31:*.bz2=01;31:*.bz=01;31:*.tbz=01;31:*.tbz2=01;31:*.tz=01;31:*.deb=01;31:*.rpm=01;31:*.jar=01;31:*.war=01;31:*.ear=01;31:*.sar=01;31:*.rar=01;31:*.alz=01;31:*.ace=01;31:*.zoo=01;31:*.cpio=01;31:*.7z=01;31:*.rz=01;31:*.cab=01;31:*.wim=01;31:*.swm=01;31:*.dwm=01;31:*.esd=01;31:*.jpg=01;35:*.jpeg=01;35:*.mjpg=01;35:*.mjpeg=01;35:*.gif=01;35:*.bmp=01;35:*.pbm=01;35:*.pgm=01;35:*.ppm=01;35:*.tga=01;35:*.xbm=01;35:*.xpm=01;35:*.tif=01;35:*.tiff=01;35:*.png=01;35:*.svg=01;35:*.svgz=01;35:*.mng=01;35:*.pcx=01;35:*.mov=01;35:*.mpg=01;35:*.mpeg=01;35:*.m2v=01;35:*.mkv=01;35:*.webm=01;35:*.webp=01;35:*.ogm=01;35:*.mp4=01;35:*.m4v=01;35:*.mp4v=01;35:*.vob=01;35:*.qt=01;35:*.nuv=01;35:*.wmv=01;35:*.asf=01;35:*.rm=01;35:*.rmvb=01;35:*.flc=01;35:*.avi=01;35:*.fli=01;35:*.flv=01;35:*.gl=01;35:*.dl=01;35:*.xcf=01;35:*.xwd=01;35:*.yuv=01;35:*.cgm=01;35:*.emf=01;35:*.ogv=01;35:*.ogx=01;35:*.cfg=00;32:*.conf=00;32:*.diff=00;32:*.doc=00;32:*.ini=00;32:*.log=00;32:*.patch=00;32:*.pdf=00;32:*.ps=00;32:*.tex=00;32:*.txt=00;32:*.aac=00;36:*.au=00;36:*.flac=00;36:*.m4a=00;36:*.mid=00;36:*.midi=00;36:*.mka=00;36:*.mp3=00;36:*.mpc=00;36:*.ogg=00;36:*.ra=00;36:*.wav=00;36:*.oga=00;36:*.opus=00;36:*.spx=00;36:*.xspf=00;36:' XDG_CURRENT_DESKTOP=GNOME INFOPATH=/usr/share/info:/usr/share/gcc-data/x86_64-pc-linux-gnu/10.2.0/info:/usr/share/binutils-data/x86_64-pc-linux-gnu/2.45/info:/usr/share/automake-1.16.5/info JAVAC=/etc/java-config-2/current-system-vm/bin/javac TERM=xterm-256color LESSOPEN='|lesspipe %s' USER=jpmurphy CROS_WORKON_SRCROOT=/mnt/host/source MANPAGER=manpager DISPLAY=:1 SHLVL=1 LC_MESSAGES=C EXTERNAL_TRUNK_PATH=/mnt/8f9d649a-3721-44cc-93c0-e6bd21a9689f/chromiumos GCC_SPECS='' PATH=/mnt/host/source/chromite/bin:/usr/local/bin:/usr/bin:/bin:/opt/bin:/mnt/host/source/chromite/sdk/bin:/mnt/host/source/chromite/bin PORTAGE_USERNAME=jpmurphy SUDO_UID=0 GCC_VER=10.2.0 MAIL=/var/mail/jpmurphy OLDPWD=/mnt/host/source/src/scripts traceparent=00-e87aca51550a78635907baa6a2476181-6d684811675d2973-01 _=./zephyr/firmware_builder.py COREBOOT_SDK_ROOT_x86=/home/jpmurphy/.cache/coreboot-sdk/i386-elf/dfbb0486385d938cfa9d73080b9d18d598ed4f49 COREBOOT_SDK_ROOT_picolibc_x86=/home/jpmurphy/.cache/coreboot-sdk/picolibc-i386-elf/eb8e8e687b95461de8cbf278f1c2076952d0ad17 COREBOOT_SDK_ROOT_riscv64=/home/jpmurphy/.cache/coreboot-sdk/riscv64-elf/96b949749225b6aaa92ed810ab769e8dfb12f000 COREBOOT_SDK_ROOT_picolibc_arm=/home/jpmurphy/.cache/coreboot-sdk/picolibc-arm-eabi/422a2aa3e1ef891b5bece9a3deb696ff83840d2e COREBOOT_SDK_ROOT_nds32=/home/jpmurphy/.cache/coreboot-sdk/nds32le-elf/d1a518c4a097666d86058e1444f85ca015d15511 COREBOOT_SDK_ROOT_picolibc_riscv64=/home/jpmurphy/.cache/coreboot-sdk/picolibc-riscv64-elf/f571e990ef0278564b31124f8bb109d9a697eb69 COREBOOT_SDK_ROOT_arm=/home/jpmurphy/.cache/coreboot-sdk/arm-eabi/ea40ddd1d190c3b48435c474c0b545719371813a COREBOOT_SDK_ROOT_libstdcxx_riscv64=/home/jpmurphy/.cache/coreboot-sdk/libstdcxx-riscv64-elf/17abf22a3a252e2d5d2062ced5324f7a623689e0 COREBOOT_SDK_ROOT_libstdcxx_arm=/home/jpmurphy/.cache/coreboot-sdk/libstdcxx-arm-eabi/5d7d82e150e44aa1968f1d366e267e6687b328ac COREBOOT_SDK_ROOT_riscv=/home/jpmurphy/.cache/coreboot-sdk/riscv-elf/9a27b9e82341c6e9126624f516ab3f261abb3e73 COREBOOT_SDK_ROOT_libstdcxx_x86=/home/jpmurphy/.cache/coreboot-sdk/libstdcxx-i386-elf/42ef9d2e87a76a37963175d7d428734e65648b87 PYTHONPATH=/mnt/host/source/src/platform/ec/zephyr/zmake PW_PIGWEED_CIPD_INSTALL_DIR=/usr CROSTC_USER_ACKNOWLEDGES_THAT_RISCV_IS_EXPERIMENTAL=1 MAKEFLAGS=' -j16 --jobserver-auth=5,6' /usr/bin/ninja -C /mnt/host/source/src/platform/ec/build/zephyr/yavista/build-rw all.libraries`
[yavista:rw] ninja: Entering directory `/mnt/host/source/src/platform/ec/build/zephyr/yavista/build-rw'
[wugtrio:rw] [376/384] Building C object zephyr/kernel/CMakeFiles/kernel.dir/sched.c.obj
[yavista:ro] Building: /usr/bin/ninja -C /mnt/host/source/src/platform/ec/build/zephyr/yavista/build-ro all.libraries
Running `env -i SHELL=/bin/bash COLORTERM=truecolor DEPOT_TOOLS_UPDATE=0 LESS='-R -M --shift 5' SUDO_GID=0 JDK_HOME=/etc/java-config-2/current-system-vm CONFIG_PROTECT_MASK='/etc/gentoo-release /etc/sandbox.d /etc/fonts/fonts.conf /etc/terminfo /etc/ca-certificates.conf /etc/revdep-rebuild' CHROMEOS_CACHEDIR=/var/cache/chromeos-cache JAVA_HOME=/etc/java-config-2/current-system-vm SSH_AUTH_SOCK=/tmp/ssh-auth-sock SUDO_COMMAND=/bin/bash SUDO_USER=root SUDO_TTY=/dev/pts/2 EDITOR=/usr/bin/vi PWD=/mnt/host/source/src/platform/ec CONFIG_PROTECT=/usr/share/gnupg/qualified.txt LOGNAME=jpmurphy MANPATH=/etc/java-config-2/current-system-vm/man:/usr/local/share/man:/usr/share/man:/usr/share/gcc-data/x86_64-pc-linux-gnu/10.2.0/man:/usr/share/binutils-data/x86_64-pc-linux-gnu/2.45/man:/etc/java-config-2/current-system-vm/man/ SUDO_HOME=/root XAUTHORITY=/run/user/944457/gdm/Xauthority HOME=/home/jpmurphy LANG=C.UTF-8 LS_COLORS='rs=0:di=01;34:ln=01;36:mh=00:pi=40;33:so=01;35:do=01;35:bd=40;33;01:cd=40;33;01:or=01;05;37;41:mi=01;05;37;41:su=37;41:sg=30;43:ca=30;41:tw=30;42:ow=34;42:st=37;44:ex=01;32:*.tar=01;31:*.tgz=01;31:*.arc=01;31:*.arj=01;31:*.taz=01;31:*.lha=01;31:*.lz4=01;31:*.lzh=01;31:*.lzma=01;31:*.tlz=01;31:*.txz=01;31:*.tzo=01;31:*.t7z=01;31:*.zip=01;31:*.z=01;31:*.dz=01;31:*.gz=01;31:*.lrz=01;31:*.lz=01;31:*.lzo=01;31:*.xz=01;31:*.zst=01;31:*.tzst=01;31:*.bz2=01;31:*.bz=01;31:*.tbz=01;31:*.tbz2=01;31:*.tz=01;31:*.deb=01;31:*.rpm=01;31:*.jar=01;31:*.war=01;31:*.ear=01;31:*.sar=01;31:*.rar=01;31:*.alz=01;31:*.ace=01;31:*.zoo=01;31:*.cpio=01;31:*.7z=01;31:*.rz=01;31:*.cab=01;31:*.wim=01;31:*.swm=01;31:*.dwm=01;31:*.esd=01;31:*.jpg=01;35:*.jpeg=01;35:*.mjpg=01;35:*.mjpeg=01;35:*.gif=01;35:*.bmp=01;35:*.pbm=01;35:*.pgm=01;35:*.ppm=01;35:*.tga=01;35:*.xbm=01;35:*.xpm=01;35:*.tif=01;35:*.tiff=01;35:*.png=01;35:*.svg=01;35:*.svgz=01;35:*.mng=01;35:*.pcx=01;35:*.mov=01;35:*.mpg=01;35:*.mpeg=01;35:*.m2v=01;35:*.mkv=01;35:*.webm=01;35:*.webp=01;35:*.ogm=01;35:*.mp4=01;35:*.m4v=01;35:*.mp4v=01;35:*.vob=01;35:*.qt=01;35:*.nuv=01;35:*.wmv=01;35:*.asf=01;35:*.rm=01;35:*.rmvb=01;35:*.flc=01;35:*.avi=01;35:*.fli=01;35:*.flv=01;35:*.gl=01;35:*.dl=01;35:*.xcf=01;35:*.xwd=01;35:*.yuv=01;35:*.cgm=01;35:*.emf=01;35:*.ogv=01;35:*.ogx=01;35:*.cfg=00;32:*.conf=00;32:*.diff=00;32:*.doc=00;32:*.ini=00;32:*.log=00;32:*.patch=00;32:*.pdf=00;32:*.ps=00;32:*.tex=00;32:*.txt=00;32:*.aac=00;36:*.au=00;36:*.flac=00;36:*.m4a=00;36:*.mid=00;36:*.midi=00;36:*.mka=00;36:*.mp3=00;36:*.mpc=00;36:*.ogg=00;36:*.ra=00;36:*.wav=00;36:*.oga=00;36:*.opus=00;36:*.spx=00;36:*.xspf=00;36:' XDG_CURRENT_DESKTOP=GNOME INFOPATH=/usr/share/info:/usr/share/gcc-data/x86_64-pc-linux-gnu/10.2.0/info:/usr/share/binutils-data/x86_64-pc-linux-gnu/2.45/info:/usr/share/automake-1.16.5/info JAVAC=/etc/java-config-2/current-system-vm/bin/javac TERM=xterm-256color LESSOPEN='|lesspipe %s' USER=jpmurphy CROS_WORKON_SRCROOT=/mnt/host/source MANPAGER=manpager DISPLAY=:1 SHLVL=1 LC_MESSAGES=C EXTERNAL_TRUNK_PATH=/mnt/8f9d649a-3721-44cc-93c0-e6bd21a9689f/chromiumos GCC_SPECS='' PATH=/mnt/host/source/chromite/bin:/usr/local/bin:/usr/bin:/bin:/opt/bin:/mnt/host/source/chromite/sdk/bin:/mnt/host/source/chromite/bin PORTAGE_USERNAME=jpmurphy SUDO_UID=0 GCC_VER=10.2.0 MAIL=/var/mail/jpmurphy OLDPWD=/mnt/host/source/src/scripts traceparent=00-e87aca51550a78635907baa6a2476181-6d684811675d2973-01 _=./zephyr/firmware_builder.py COREBOOT_SDK_ROOT_x86=/home/jpmurphy/.cache/coreboot-sdk/i386-elf/dfbb0486385d938cfa9d73080b9d18d598ed4f49 COREBOOT_SDK_ROOT_picolibc_x86=/home/jpmurphy/.cache/coreboot-sdk/picolibc-i386-elf/eb8e8e687b95461de8cbf278f1c2076952d0ad17 COREBOOT_SDK_ROOT_riscv64=/home/jpmurphy/.cache/coreboot-sdk/riscv64-elf/96b949749225b6aaa92ed810ab769e8dfb12f000 COREBOOT_SDK_ROOT_picolibc_arm=/home/jpmurphy/.cache/coreboot-sdk/picolibc-arm-eabi/422a2aa3e1ef891b5bece9a3deb696ff83840d2e COREBOOT_SDK_ROOT_nds32=/home/jpmurphy/.cache/coreboot-sdk/nds32le-elf/d1a518c4a097666d86058e1444f85ca015d15511 COREBOOT_SDK_ROOT_picolibc_riscv64=/home/jpmurphy/.cache/coreboot-sdk/picolibc-riscv64-elf/f571e990ef0278564b31124f8bb109d9a697eb69 COREBOOT_SDK_ROOT_arm=/home/jpmurphy/.cache/coreboot-sdk/arm-eabi/ea40ddd1d190c3b48435c474c0b545719371813a COREBOOT_SDK_ROOT_libstdcxx_riscv64=/home/jpmurphy/.cache/coreboot-sdk/libstdcxx-riscv64-elf/17abf22a3a252e2d5d2062ced5324f7a623689e0 COREBOOT_SDK_ROOT_libstdcxx_arm=/home/jpmurphy/.cache/coreboot-sdk/libstdcxx-arm-eabi/5d7d82e150e44aa1968f1d366e267e6687b328ac COREBOOT_SDK_ROOT_riscv=/home/jpmurphy/.cache/coreboot-sdk/riscv-elf/9a27b9e82341c6e9126624f516ab3f261abb3e73 COREBOOT_SDK_ROOT_libstdcxx_x86=/home/jpmurphy/.cache/coreboot-sdk/libstdcxx-i386-elf/42ef9d2e87a76a37963175d7d428734e65648b87 PYTHONPATH=/mnt/host/source/src/platform/ec/zephyr/zmake PW_PIGWEED_CIPD_INSTALL_DIR=/usr CROSTC_USER_ACKNOWLEDGES_THAT_RISCV_IS_EXPERIMENTAL=1 MAKEFLAGS=' -j16 --jobserver-auth=5,6' /usr/bin/ninja -C /mnt/host/source/src/platform/ec/build/zephyr/yavista/build-ro all.libraries`
[wugtrio:rw] [377/384] Building C object zephyr/kernel/CMakeFiles/kernel.dir/thread_monitor.c.obj
[yavista:ro] ninja: Entering directory `/mnt/host/source/src/platform/ec/build/zephyr/yavista/build-ro'
[obiwan:rw] [15/361] Building C object zephyr/CMakeFiles/zephyr.dir/lib/os/printk.c.obj
[wugtrio:rw] [378/384] Building C object zephyr/kernel/CMakeFiles/kernel.dir/timer.c.obj
[yavista:rw] [1/378] Preparing syscall dependency handling
[wugtrio:rw] [379/384] Building C object zephyr/kernel/CMakeFiles/kernel.dir/poll.c.obj
[wugtrio:rw] [380/384] Building C object zephyr/kernel/CMakeFiles/kernel.dir/timeout.c.obj
[wugtrio:rw] [381/384] Building C object zephyr/kernel/CMakeFiles/kernel.dir/mempool.c.obj
[obiwan:ro] [23/361] Building C object zephyr/CMakeFiles/zephyr.dir/lib/utils/timeutil.c.obj
[yavista:rw] [2/378] Generating misc/generated/syscalls_subdirs.trigger
[wugtrio:rw] [382/384] Building C object zephyr/kernel/CMakeFiles/kernel.dir/events.c.obj
[yavista:rw] [3/378] cd /mnt/host/source/src/platform/ec/build/zephyr/yavista/build-rw/modules/ec/zephyr && PYTHONPATH=/mnt/host/source/src/platform/ec/build/zephyr/yavista/modules/ec/zephyr/zmake/ /usr/bin/python3.11 /mnt/host/source/src/platform/ec/build/zephyr/yavista/modules/ec/zephyr/zmake/zephyr_build_tools/generate_ec_version.py /mnt/host/source/src/platform/ec/build/zephyr/yavista/build-rw/modules/ec/zephyr/include/ec_version.h --name Zephyr-Kernel --version 16543.0.0 --static
[yavista:rw] INFO:root:Using a static version string
[obiwan:ro] [24/361] Building C object zephyr/CMakeFiles/zephyr.dir/lib/utils/bitmask.c.obj
[obiwan:ro] [25/361] Building C object zephyr/CMakeFiles/zephyr.dir/lib/utils/rb.c.obj
[wugtrio:rw] [383/384] Building C object zephyr/kernel/CMakeFiles/kernel.dir/dynamic_disabled.c.obj
[obiwan:rw] [16/361] Building C object zephyr/CMakeFiles/zephyr.dir/lib/os/sem.c.obj
[ciri:rw] Building: /usr/bin/ninja -C /mnt/host/source/src/platform/ec/build/zephyr/ciri/build-rw all.libraries
Running `env -i SHELL=/bin/bash COLORTERM=truecolor DEPOT_TOOLS_UPDATE=0 LESS='-R -M --shift 5' SUDO_GID=0 JDK_HOME=/etc/java-config-2/current-system-vm CONFIG_PROTECT_MASK='/etc/gentoo-release /etc/sandbox.d /etc/fonts/fonts.conf /etc/terminfo /etc/ca-certificates.conf /etc/revdep-rebuild' CHROMEOS_CACHEDIR=/var/cache/chromeos-cache JAVA_HOME=/etc/java-config-2/current-system-vm SSH_AUTH_SOCK=/tmp/ssh-auth-sock SUDO_COMMAND=/bin/bash SUDO_USER=root SUDO_TTY=/dev/pts/2 EDITOR=/usr/bin/vi PWD=/mnt/host/source/src/platform/ec CONFIG_PROTECT=/usr/share/gnupg/qualified.txt LOGNAME=jpmurphy MANPATH=/etc/java-config-2/current-system-vm/man:/usr/local/share/man:/usr/share/man:/usr/share/gcc-data/x86_64-pc-linux-gnu/10.2.0/man:/usr/share/binutils-data/x86_64-pc-linux-gnu/2.45/man:/etc/java-config-2/current-system-vm/man/ SUDO_HOME=/root XAUTHORITY=/run/user/944457/gdm/Xauthority HOME=/home/jpmurphy LANG=C.UTF-8 LS_COLORS='rs=0:di=01;34:ln=01;36:mh=00:pi=40;33:so=01;35:do=01;35:bd=40;33;01:cd=40;33;01:or=01;05;37;41:mi=01;05;37;41:su=37;41:sg=30;43:ca=30;41:tw=30;42:ow=34;42:st=37;44:ex=01;32:*.tar=01;31:*.tgz=01;31:*.arc=01;31:*.arj=01;31:*.taz=01;31:*.lha=01;31:*.lz4=01;31:*.lzh=01;31:*.lzma=01;31:*.tlz=01;31:*.txz=01;31:*.tzo=01;31:*.t7z=01;31:*.zip=01;31:*.z=01;31:*.dz=01;31:*.gz=01;31:*.lrz=01;31:*.lz=01;31:*.lzo=01;31:*.xz=01;31:*.zst=01;31:*.tzst=01;31:*.bz2=01;31:*.bz=01;31:*.tbz=01;31:*.tbz2=01;31:*.tz=01;31:*.deb=01;31:*.rpm=01;31:*.jar=01;31:*.war=01;31:*.ear=01;31:*.sar=01;31:*.rar=01;31:*.alz=01;31:*.ace=01;31:*.zoo=01;31:*.cpio=01;31:*.7z=01;31:*.rz=01;31:*.cab=01;31:*.wim=01;31:*.swm=01;31:*.dwm=01;31:*.esd=01;31:*.jpg=01;35:*.jpeg=01;35:*.mjpg=01;35:*.mjpeg=01;35:*.gif=01;35:*.bmp=01;35:*.pbm=01;35:*.pgm=01;35:*.ppm=01;35:*.tga=01;35:*.xbm=01;35:*.xpm=01;35:*.tif=01;35:*.tiff=01;35:*.png=01;35:*.svg=01;35:*.svgz=01;35:*.mng=01;35:*.pcx=01;35:*.mov=01;35:*.mpg=01;35:*.mpeg=01;35:*.m2v=01;35:*.mkv=01;35:*.webm=01;35:*.webp=01;35:*.ogm=01;35:*.mp4=01;35:*.m4v=01;35:*.mp4v=01;35:*.vob=01;35:*.qt=01;35:*.nuv=01;35:*.wmv=01;35:*.asf=01;35:*.rm=01;35:*.rmvb=01;35:*.flc=01;35:*.avi=01;35:*.fli=01;35:*.flv=01;35:*.gl=01;35:*.dl=01;35:*.xcf=01;35:*.xwd=01;35:*.yuv=01;35:*.cgm=01;35:*.emf=01;35:*.ogv=01;35:*.ogx=01;35:*.cfg=00;32:*.conf=00;32:*.diff=00;32:*.doc=00;32:*.ini=00;32:*.log=00;32:*.patch=00;32:*.pdf=00;32:*.ps=00;32:*.tex=00;32:*.txt=00;32:*.aac=00;36:*.au=00;36:*.flac=00;36:*.m4a=00;36:*.mid=00;36:*.midi=00;36:*.mka=00;36:*.mp3=00;36:*.mpc=00;36:*.ogg=00;36:*.ra=00;36:*.wav=00;36:*.oga=00;36:*.opus=00;36:*.spx=00;36:*.xspf=00;36:' XDG_CURRENT_DESKTOP=GNOME INFOPATH=/usr/share/info:/usr/share/gcc-data/x86_64-pc-linux-gnu/10.2.0/info:/usr/share/binutils-data/x86_64-pc-linux-gnu/2.45/info:/usr/share/automake-1.16.5/info JAVAC=/etc/java-config-2/current-system-vm/bin/javac TERM=xterm-256color LESSOPEN='|lesspipe %s' USER=jpmurphy CROS_WORKON_SRCROOT=/mnt/host/source MANPAGER=manpager DISPLAY=:1 SHLVL=1 LC_MESSAGES=C EXTERNAL_TRUNK_PATH=/mnt/8f9d649a-3721-44cc-93c0-e6bd21a9689f/chromiumos GCC_SPECS='' PATH=/mnt/host/source/chromite/bin:/usr/local/bin:/usr/bin:/bin:/opt/bin:/mnt/host/source/chromite/sdk/bin:/mnt/host/source/chromite/bin PORTAGE_USERNAME=jpmurphy SUDO_UID=0 GCC_VER=10.2.0 MAIL=/var/mail/jpmurphy OLDPWD=/mnt/host/source/src/scripts traceparent=00-e87aca51550a78635907baa6a2476181-6d684811675d2973-01 _=./zephyr/firmware_builder.py COREBOOT_SDK_ROOT_x86=/home/jpmurphy/.cache/coreboot-sdk/i386-elf/dfbb0486385d938cfa9d73080b9d18d598ed4f49 COREBOOT_SDK_ROOT_picolibc_x86=/home/jpmurphy/.cache/coreboot-sdk/picolibc-i386-elf/eb8e8e687b95461de8cbf278f1c2076952d0ad17 COREBOOT_SDK_ROOT_riscv64=/home/jpmurphy/.cache/coreboot-sdk/riscv64-elf/96b949749225b6aaa92ed810ab769e8dfb12f000 COREBOOT_SDK_ROOT_picolibc_arm=/home/jpmurphy/.cache/coreboot-sdk/picolibc-arm-eabi/422a2aa3e1ef891b5bece9a3deb696ff83840d2e COREBOOT_SDK_ROOT_nds32=/home/jpmurphy/.cache/coreboot-sdk/nds32le-elf/d1a518c4a097666d86058e1444f85ca015d15511 COREBOOT_SDK_ROOT_picolibc_riscv64=/home/jpmurphy/.cache/coreboot-sdk/picolibc-riscv64-elf/f571e990ef0278564b31124f8bb109d9a697eb69 COREBOOT_SDK_ROOT_arm=/home/jpmurphy/.cache/coreboot-sdk/arm-eabi/ea40ddd1d190c3b48435c474c0b545719371813a COREBOOT_SDK_ROOT_libstdcxx_riscv64=/home/jpmurphy/.cache/coreboot-sdk/libstdcxx-riscv64-elf/17abf22a3a252e2d5d2062ced5324f7a623689e0 COREBOOT_SDK_ROOT_libstdcxx_arm=/home/jpmurphy/.cache/coreboot-sdk/libstdcxx-arm-eabi/5d7d82e150e44aa1968f1d366e267e6687b328ac COREBOOT_SDK_ROOT_riscv=/home/jpmurphy/.cache/coreboot-sdk/riscv-elf/9a27b9e82341c6e9126624f516ab3f261abb3e73 COREBOOT_SDK_ROOT_libstdcxx_x86=/home/jpmurphy/.cache/coreboot-sdk/libstdcxx-i386-elf/42ef9d2e87a76a37963175d7d428734e65648b87 PYTHONPATH=/mnt/host/source/src/platform/ec/zephyr/zmake PW_PIGWEED_CIPD_INSTALL_DIR=/usr CROSTC_USER_ACKNOWLEDGES_THAT_RISCV_IS_EXPERIMENTAL=1 MAKEFLAGS=' -j16 --jobserver-auth=5,6' /usr/bin/ninja -C /mnt/host/source/src/platform/ec/build/zephyr/ciri/build-rw all.libraries`
[yavista:rw] INFO:root:Version string: Zephyr-Kernel-16543.0.0
[yavista:rw] INFO:root:Writing header to /mnt/host/source/src/platform/ec/build/zephyr/yavista/build-rw/modules/ec/zephyr/include/ec_version.h
[yavista:rw] [4/378] Generating include/generated/zephyr/version.h
[yavista:rw] -- git describe warned: warning: tag 'upstream/v2.7.99' is externally known as 'v2.7.99'
[ciri:rw] ninja: Entering directory `/mnt/host/source/src/platform/ec/build/zephyr/ciri/build-rw'
[wugtrio:rw] [384/384] Linking C static library zephyr/kernel/libkernel.a
[yavista:ro] [1/378] Generating include/generated/zephyr/version.h
[yavista:ro] -- git describe warned: warning: tag 'upstream/v2.7.99' is externally known as 'v2.7.99'
[yavista:ro] -- Zephyr version: 4.3.99 (/mnt/host/source/src/third_party/zephyr/main)
[yavista:ro] [2/378] Preparing syscall dependency handling
[obiwan:ro] [26/361] Building C object zephyr/CMakeFiles/zephyr.dir/lib/utils/bitarray.c.obj
[obiwan:rw] [17/361] Building C object zephyr/CMakeFiles/zephyr.dir/lib/utils/dec.c.obj
[yavista:ro] [3/378] Generating misc/generated/syscalls_subdirs.trigger
[obiwan:rw] [18/361] Building C object zephyr/CMakeFiles/zephyr.dir/lib/os/thread_entry.c.obj
[obiwan:rw] [19/361] Building C object zephyr/CMakeFiles/zephyr.dir/lib/os/cbprintf_nano.c.obj
[navi:rw] [34/379] Building C object CMakeFiles/app.dir/mnt/host/source/src/platform/ec/build/zephyr/navi/modules/ec/driver/battery/smart.c.obj
[obiwan:rw] [20/361] Building C object zephyr/CMakeFiles/zephyr.dir/lib/utils/hex.c.obj
[obiwan:rw] [21/361] Building C object zephyr/CMakeFiles/zephyr.dir/lib/os/cbprintf.c.obj
[obiwan:rw] [22/361] Building C object zephyr/CMakeFiles/zephyr.dir/lib/os/assert.c.obj
[obiwan:rw] [23/361] Building C object zephyr/CMakeFiles/zephyr.dir/lib/utils/timeutil.c.obj
[obiwan:ro] [27/361] Building C object zephyr/CMakeFiles/zephyr.dir/lib/utils/getopt/getopt.c.obj
[obiwan:ro] [28/361] Building C object zephyr/CMakeFiles/zephyr.dir/lib/utils/ring_buffer.c.obj
[yavista:rw] -- Zephyr version: 4.3.99 (/mnt/host/source/src/third_party/zephyr/main)
[yavista:rw] [5/378] Generating misc/generated/syscalls.json, misc/generated/struct_tags.json
[ciri:rw] [1/377] Preparing syscall dependency handling
[obiwan:rw] [24/361] Building C object zephyr/CMakeFiles/zephyr.dir/lib/utils/bitmask.c.obj
[ciri:rw] [2/377] Generating include/generated/zephyr/version.h
[ciri:rw] -- git describe warned: warning: tag 'upstream/v2.7.99' is externally known as 'v2.7.99'
[obiwan:ro] [29/361] Building C object zephyr/CMakeFiles/zephyr.dir/lib/utils/getopt/getopt_common.c.obj
[obiwan:ro] [30/361] Building C object zephyr/CMakeFiles/zephyr.dir/lib/utils/last_section_id.c.obj
[yavista:rw] [6/378] Generating include/generated/zephyr/syscall_dispatch.c, include/generated/zephyr/syscall_exports_llext.c, syscall_weakdefs_llext.c, include/generated/zephyr/syscall_list.h
[ciri:rw] -- Zephyr version: 4.3.99 (/mnt/host/source/src/third_party/zephyr/main)
[ciri:rw] [3/377] Generating misc/generated/syscalls_subdirs.trigger
[obiwan:rw] [25/361] Building C object zephyr/CMakeFiles/zephyr.dir/lib/utils/ring_buffer.c.obj
[obiwan:rw] [26/361] Building C object zephyr/CMakeFiles/zephyr.dir/lib/utils/last_section_id.c.obj
[ciri:rw] [4/377] cd /mnt/host/source/src/platform/ec/build/zephyr/ciri/build-rw/modules/ec/zephyr && PYTHONPATH=/mnt/host/source/src/platform/ec/build/zephyr/ciri/modules/ec/zephyr/zmake/ /usr/bin/python3.11 /mnt/host/source/src/platform/ec/build/zephyr/ciri/modules/ec/zephyr/zmake/zephyr_build_tools/generate_ec_version.py /mnt/host/source/src/platform/ec/build/zephyr/ciri/build-rw/modules/ec/zephyr/include/ec_version.h --name Zephyr-Kernel --version 16543.0.0 --static
[ciri:rw] INFO:root:Using a static version string
[obiwan:ro] [31/361] Building C object zephyr/CMakeFiles/zephyr.dir/misc/generated/configs.c.obj
[obiwan:rw] [27/361] Building C object zephyr/CMakeFiles/zephyr.dir/misc/generated/configs.c.obj
[obiwan:rw] [28/361] Building C object zephyr/CMakeFiles/zephyr.dir/lib/utils/rb.c.obj
[obiwan:rw] [29/361] Building C object zephyr/CMakeFiles/zephyr.dir/lib/utils/bitarray.c.obj
[yavista:rw] [7/378] Generating include/generated/zephyr/driver-validation.h
[obiwan:rw] [30/361] Building C object zephyr/CMakeFiles/zephyr.dir/lib/utils/getopt/getopt.c.obj
[yavista:ro] [4/378] Generating misc/generated/syscalls.json, misc/generated/struct_tags.json
[navi:rw] [35/379] Building C object CMakeFiles/app.dir/mnt/host/source/src/platform/ec/build/zephyr/navi/modules/ec/driver/charger/bq25710.c.obj
[obiwan:rw] [31/361] Building C object zephyr/CMakeFiles/zephyr.dir/lib/utils/getopt/getopt_common.c.obj
[yavista:ro] [5/378] Generating include/generated/zephyr/syscall_dispatch.c, include/generated/zephyr/syscall_exports_llext.c, syscall_weakdefs_llext.c, include/generated/zephyr/syscall_list.h
[yavista:rw] [8/378] Generating include/generated/zephyr/kobj-types-enum.h, include/generated/zephyr/otype-to-str.h, include/generated/zephyr/otype-to-size.h
[yavista:rw] [9/378] Generating include/generated/device-api-sections.ld, include/generated/device-api-sections.cmake
[obiwan:ro] [32/361] Building C object zephyr/CMakeFiles/zephyr.dir/soc/nuvoton/npcx/common/power.c.obj
[yavista:ro] [6/378] Generating include/generated/zephyr/driver-validation.h
[navi:rw] [36/379] Building C object CMakeFiles/app.dir/mnt/host/source/src/platform/ec/build/zephyr/navi/modules/ec/common/charger.c.obj
[obiwan:ro] [33/361] Building C object zephyr/CMakeFiles/zephyr.dir/soc/nuvoton/npcx/common/scfg.c.obj
[obiwan:rw] [32/361] Building C object zephyr/CMakeFiles/zephyr.dir/soc/nuvoton/npcx/common/power.c.obj
[obiwan:ro] [34/361] Building C object zephyr/CMakeFiles/zephyr.dir/soc/nuvoton/npcx/common/npcxn/registers.c.obj
[yavista:ro] [7/378] Generating include/generated/zephyr/kobj-types-enum.h, include/generated/zephyr/otype-to-str.h, include/generated/zephyr/otype-to-size.h
[obiwan:rw] [33/361] Building C object zephyr/CMakeFiles/zephyr.dir/soc/nuvoton/npcx/common/npcxn/registers.c.obj
[yavista:ro] [8/378] Generating include/generated/device-api-sections.ld, include/generated/device-api-sections.cmake
[obiwan:rw] [34/361] Building C object zephyr/CMakeFiles/zephyr.dir/soc/nuvoton/npcx/common/scfg.c.obj
[obiwan:rw] [35/361] Building C object zephyr/CMakeFiles/zephyr.dir/soc/nuvoton/npcx/npcx9/soc.c.obj
[ciri:rw] INFO:root:Version string: Zephyr-Kernel-16543.0.0
[ciri:rw] INFO:root:Writing header to /mnt/host/source/src/platform/ec/build/zephyr/ciri/build-rw/modules/ec/zephyr/include/ec_version.h
[ciri:rw] [5/377] Generating misc/generated/syscalls.json, misc/generated/struct_tags.json
[obiwan:rw] [36/361] Building C object zephyr/CMakeFiles/zephyr.dir/subsys/logging/log_minimal.c.obj
[ciri:rw] [6/377] Generating include/generated/zephyr/syscall_dispatch.c, include/generated/zephyr/syscall_exports_llext.c, syscall_weakdefs_llext.c, include/generated/zephyr/syscall_list.h
[obiwan:rw] [37/361] Building C object zephyr/CMakeFiles/zephyr.dir/subsys/mem_mgmt/mem_attr.c.obj
[ciri:rw] [7/377] Generating include/generated/zephyr/driver-validation.h
[obiwan:rw] [38/361] Building C object zephyr/CMakeFiles/zephyr.dir/subsys/pm/state.c.obj
[yavista:rw] [10/378] Building C object zephyr/CMakeFiles/offsets.dir/arch/riscv/core/offsets/offsets.c.obj
[obiwan:ro] [35/361] Building C object zephyr/CMakeFiles/zephyr.dir/soc/nuvoton/npcx/npcx9/soc.c.obj
[obiwan:ro] [36/361] Building C object zephyr/CMakeFiles/zephyr.dir/subsys/logging/log_minimal.c.obj
[ciri:rw] [8/377] Generating include/generated/zephyr/kobj-types-enum.h, include/generated/zephyr/otype-to-str.h, include/generated/zephyr/otype-to-size.h
[obiwan:rw] [39/361] Building C object zephyr/CMakeFiles/zephyr.dir/subsys/pm/pm.c.obj
[yavista:rw] [11/378] Generating include/generated/zephyr/offsets.h
[obiwan:rw] [40/361] Building C object zephyr/CMakeFiles/zephyr.dir/subsys/pm/policy/policy_latency.c.obj
[ciri:rw] [9/377] Generating include/generated/device-api-sections.ld, include/generated/device-api-sections.cmake
[yavista:ro] [9/378] Building C object zephyr/CMakeFiles/offsets.dir/arch/riscv/core/offsets/offsets.c.obj
[obiwan:ro] [37/361] Building C object zephyr/CMakeFiles/zephyr.dir/subsys/mem_mgmt/mem_attr.c.obj
[obiwan:rw] [41/361] Building C object zephyr/CMakeFiles/zephyr.dir/subsys/pm/policy/policy_events.c.obj
[obiwan:rw] [42/361] Building C object zephyr/CMakeFiles/zephyr.dir/subsys/pm/policy/policy_state_lock.c.obj
[yavista:ro] [10/378] Generating include/generated/zephyr/offsets.h
[navi:rw] [37/379] Building C object CMakeFiles/app.dir/mnt/host/source/src/platform/ec/build/zephyr/navi/modules/ec/common/charge_state.c.obj
[navi:rw] [38/379] Building C object CMakeFiles/app.dir/mnt/host/source/src/platform/ec/build/zephyr/navi/modules/ec/common/cbi_common.c.obj
[obiwan:rw] [43/361] Building C object zephyr/CMakeFiles/zephyr.dir/subsys/pm/device.c.obj
[obiwan:ro] [38/361] Building C object zephyr/CMakeFiles/zephyr.dir/subsys/pm/state.c.obj
[navi:rw] [39/379] Building C object CMakeFiles/app.dir/mnt/host/source/src/platform/ec/build/zephyr/navi/modules/ec/common/charge_manager.c.obj
[obiwan:rw] [44/361] Building C object zephyr/CMakeFiles/zephyr.dir/subsys/pm/device_runtime.c.obj
[obiwan:ro] [39/361] Building C object zephyr/CMakeFiles/zephyr.dir/subsys/pm/pm.c.obj
[obiwan:rw] [45/361] Building C object zephyr/CMakeFiles/zephyr.dir/subsys/testsuite/coverage/coverage.c.obj
[yavista:rw] [12/378] Building C object CMakeFiles/app.dir/mnt/host/source/src/platform/ec/zephyr/subsys/ap_pwrseq/ap_events.c.obj
[obiwan:rw] [46/361] Building C object zephyr/CMakeFiles/zephyr.dir/subsys/tracing/tracing_none.c.obj
[ciri:rw] [10/377] Building C object zephyr/CMakeFiles/offsets.dir/arch/riscv/core/offsets/offsets.c.obj
[yavista:ro] [11/378] Building C object zephyr/CMakeFiles/zephyr.dir/lib/libc/validate_libc.c.obj
[obiwan:ro] [40/361] Building C object zephyr/CMakeFiles/zephyr.dir/subsys/pm/policy/policy_events.c.obj
[obiwan:rw] [47/361] Building C object zephyr/CMakeFiles/zephyr.dir/subsys/shell/modules/kernel_service/kernel_shell.c.obj
[ciri:rw] [11/377] Generating include/generated/zephyr/offsets.h
[obiwan:ro] [41/361] Building C object zephyr/CMakeFiles/zephyr.dir/subsys/pm/policy/policy_latency.c.obj
[obiwan:rw] [48/361] Building C object zephyr/CMakeFiles/zephyr.dir/subsys/shell/modules/kernel_service/cycles.c.obj
[navi:rw] [40/379] Building C object CMakeFiles/app.dir/mnt/host/source/src/platform/ec/build/zephyr/navi/modules/ec/common/cbi_config.c.obj
[obiwan:rw] [49/361] Building C object zephyr/CMakeFiles/zephyr.dir/subsys/shell/modules/kernel_service/sleep.c.obj
[obiwan:rw] [50/361] Building C object zephyr/CMakeFiles/zephyr.dir/subsys/shell/modules/kernel_service/uptime.c.obj
[navi:rw] [41/379] Building C object CMakeFiles/app.dir/mnt/host/source/src/platform/ec/build/zephyr/navi/modules/ec/common/cbi.c.obj
[obiwan:ro] [42/361] Building C object zephyr/CMakeFiles/zephyr.dir/subsys/pm/policy/policy_state_lock.c.obj
[obiwan:rw] [51/361] Building C object zephyr/CMakeFiles/zephyr.dir/subsys/shell/modules/kernel_service/version.c.obj
[yavista:ro] [12/378] Building C object zephyr/CMakeFiles/zephyr.dir/lib/heap/heap.c.obj
[navi:rw] [42/379] Building C object CMakeFiles/app.dir/mnt/host/source/src/platform/ec/build/zephyr/navi/modules/ec/common/memory_commands.c.obj
[obiwan:rw] [52/361] Building C object zephyr/CMakeFiles/zephyr.dir/subsys/shell/modules/kernel_service/thread/thread.c.obj
[obiwan:ro] [43/361] Building C object zephyr/CMakeFiles/zephyr.dir/subsys/pm/device.c.obj
[yavista:rw] [13/378] Building C object CMakeFiles/app.dir/mnt/host/source/src/platform/ec/zephyr/subsys/ap_pwrseq/ap_power_interface.c.obj
[obiwan:rw] [53/361] Building C object zephyr/CMakeFiles/zephyr.dir/subsys/shell/modules/kernel_service/thread/list.c.obj
[ciri:rw] [12/377] Building C object CMakeFiles/app.dir/mnt/host/source/src/platform/ec/zephyr/subsys/ap_pwrseq/ap_events.c.obj
[obiwan:ro] [44/361] Building C object zephyr/CMakeFiles/zephyr.dir/subsys/pm/device_runtime.c.obj
[obiwan:rw] [54/361] Building C object zephyr/CMakeFiles/zephyr.dir/subsys/shell/modules/kernel_service/thread/suspend.c.obj
[obiwan:rw] [55/361] Building C object zephyr/CMakeFiles/zephyr.dir/subsys/shell/modules/kernel_service/thread/resume.c.obj
[obiwan:rw] [56/361] Building C object zephyr/CMakeFiles/zephyr.dir/subsys/shell/modules/kernel_service/thread/stacks.c.obj
[obiwan:ro] [45/361] Building C object zephyr/CMakeFiles/zephyr.dir/subsys/testsuite/coverage/coverage.c.obj
[navi:rw] [43/379] Building C object CMakeFiles/app.dir/mnt/host/source/src/platform/ec/build/zephyr/navi/modules/ec/common/chipset.c.obj
[navi:rw] [44/379] Building C object CMakeFiles/app.dir/mnt/host/source/src/platform/ec/build/zephyr/navi/modules/ec/common/ap_reset_log.c.obj
[obiwan:rw] [57/361] Building C object zephyr/CMakeFiles/zephyr.dir/subsys/shell/modules/kernel_service/thread/kill.c.obj
[yavista:ro] [13/378] Building C object zephyr/CMakeFiles/zephyr.dir/lib/os/cbprintf_packaged.c.obj
[obiwan:ro] [46/361] Building C object zephyr/CMakeFiles/zephyr.dir/subsys/tracing/tracing_none.c.obj
[navi:rw] [45/379] Building C object CMakeFiles/app.dir/mnt/host/source/src/platform/ec/build/zephyr/navi/modules/ec/common/extpower_common.c.obj
[obiwan:rw] [58/361] Building C object zephyr/CMakeFiles/zephyr.dir/subsys/shell/backends/shell_uart.c.obj
[yavista:rw] [14/378] Building C object CMakeFiles/app.dir/mnt/host/source/src/platform/ec/zephyr/subsys/ap_pwrseq/power_signals.c.obj
[obiwan:rw] [59/361] Building C object zephyr/CMakeFiles/zephyr.dir/subsys/shell/shell.c.obj
[ciri:rw] [13/377] Building C object CMakeFiles/app.dir/mnt/host/source/src/platform/ec/build/zephyr/ciri/modules/ec/builtin/stdlib.c.obj
[obiwan:rw] [60/361] Building C object zephyr/CMakeFiles/zephyr.dir/subsys/shell/shell_fprintf.c.obj
[obiwan:rw] [61/361] Building C object zephyr/CMakeFiles/zephyr.dir/subsys/shell/shell_utils.c.obj
[obiwan:ro] [47/361] Building C object zephyr/CMakeFiles/zephyr.dir/subsys/shell/modules/kernel_service/kernel_shell.c.obj
[obiwan:ro] [48/361] Building C object zephyr/CMakeFiles/zephyr.dir/subsys/shell/modules/kernel_service/cycles.c.obj
[obiwan:rw] [62/361] Building C object zephyr/CMakeFiles/zephyr.dir/subsys/shell/shell_ops.c.obj
[yavista:ro] [14/378] Building C object zephyr/CMakeFiles/zephyr.dir/lib/os/clock.c.obj
[obiwan:rw] [63/361] Building C object zephyr/CMakeFiles/zephyr.dir/subsys/shell/shell_help.c.obj
[obiwan:ro] [49/361] Building C object zephyr/CMakeFiles/zephyr.dir/subsys/shell/modules/kernel_service/sleep.c.obj
[navi:rw] [46/379] Building C object CMakeFiles/app.dir/mnt/host/source/src/platform/ec/build/zephyr/navi/modules/ec/common/extpower_gpio.c.obj
[navi:rw] [47/379] Building C object CMakeFiles/app.dir/mnt/host/source/src/platform/ec/build/zephyr/navi/modules/ec/common/flash.c.obj
[obiwan:rw] [64/361] Building C object zephyr/CMakeFiles/zephyr.dir/subsys/shell/shell_history.c.obj
[navi:rw] [48/379] Building C object CMakeFiles/app.dir/mnt/host/source/src/platform/ec/build/zephyr/navi/modules/ec/common/host_command.c.obj
[obiwan:rw] [65/361] Building C object zephyr/arch/common/CMakeFiles/arch__common.dir/init.c.obj
[yavista:rw] [15/378] Building C object CMakeFiles/app.dir/mnt/host/source/src/platform/ec/zephyr/subsys/ap_pwrseq/signal_gpio.c.obj
[obiwan:rw] [66/361] Building C object zephyr/arch/common/CMakeFiles/arch__common.dir/sw_isr_common.c.obj
[obiwan:rw] [67/361] Building C object zephyr/CMakeFiles/zephyr.dir/drivers/flash/flash_util.c.obj
[obiwan:ro] [50/361] Building C object zephyr/CMakeFiles/zephyr.dir/subsys/shell/modules/kernel_service/version.c.obj
[ciri:rw] [14/377] Building C object CMakeFiles/app.dir/mnt/host/source/src/platform/ec/build/zephyr/ciri/modules/ec/common/base32.c.obj
[yavista:ro] [15/378] Building C object zephyr/CMakeFiles/zephyr.dir/lib/os/printk.c.obj
[obiwan:rw] [68/361] Building ASM object zephyr/arch/arch/arm/core/CMakeFiles/arch__arm__core.dir/nmi_on_reset.S.obj
[obiwan:rw] [69/361] Building C object zephyr/arch/common/CMakeFiles/isr_tables.dir/isr_tables.c.obj
[obiwan:rw] [70/361] Building C object zephyr/arch/common/CMakeFiles/arch__common.dir/xip.c.obj
[obiwan:rw] [71/361] Linking C static library zephyr/libzephyr.a
[obiwan:ro] [51/361] Building C object zephyr/CMakeFiles/zephyr.dir/subsys/shell/modules/kernel_service/uptime.c.obj
[obiwan:rw] [72/361] Linking C static library zephyr/arch/common/libisr_tables.a
[obiwan:rw] [73/361] Building ASM object zephyr/arch/arch/arm/core/cortex_m/CMakeFiles/arch__arm__core__cortex_m.dir/fault_s.S.obj
[obiwan:rw] [74/361] Linking C static library zephyr/arch/common/libarch__common.a
[obiwan:ro] [52/361] Building C object zephyr/CMakeFiles/zephyr.dir/subsys/shell/modules/kernel_service/thread/thread.c.obj
[obiwan:rw] [75/361] Building C object zephyr/arch/arch/arm/core/CMakeFiles/arch__arm__core.dir/nmi.c.obj
[obiwan:rw] [76/361] Building C object zephyr/arch/arch/arm/core/CMakeFiles/arch__arm__core.dir/fatal.c.obj
[obiwan:rw] [77/361] Linking C static library zephyr/arch/arch/arm/core/libarch__arm__core.a
[navi:rw] [49/379] Building C object CMakeFiles/app.dir/mnt/host/source/src/platform/ec/build/zephyr/navi/modules/ec/common/uart_hostcmd.c.obj
[navi:rw] [50/379] Building C object CMakeFiles/app.dir/mnt/host/source/src/platform/ec/build/zephyr/navi/modules/ec/common/uptime.c.obj
[navi:rw] [51/379] Building C object CMakeFiles/app.dir/mnt/host/source/src/platform/ec/build/zephyr/navi/modules/ec/common/host_event_commands.c.obj
[yavista:rw] [16/378] Building C object CMakeFiles/app.dir/mnt/host/source/src/platform/ec/zephyr/subsys/ap_pwrseq/signal_vw.c.obj
[yavista:ro] [16/378] Building C object zephyr/CMakeFiles/zephyr.dir/lib/os/sem.c.obj
[obiwan:ro] [53/361] Building C object zephyr/CMakeFiles/zephyr.dir/subsys/shell/modules/kernel_service/thread/list.c.obj
[obiwan:rw] [78/361] Building C object zephyr/arch/arch/arm/core/cortex_m/CMakeFiles/arch__arm__core__cortex_m.dir/fault.c.obj
[obiwan:rw] [79/361] Building C object zephyr/arch/arch/arm/core/cortex_m/CMakeFiles/arch__arm__core__cortex_m.dir/exc_exit.c.obj
[obiwan:ro] [54/361] Building C object zephyr/CMakeFiles/zephyr.dir/subsys/shell/modules/kernel_service/thread/stacks.c.obj
[obiwan:rw] [80/361] Building C object zephyr/arch/arch/arm/core/cortex_m/CMakeFiles/arch__arm__core__cortex_m.dir/fpu.c.obj
[ciri:rw] [15/377] Building C object CMakeFiles/app.dir/mnt/host/source/src/platform/ec/build/zephyr/ciri/modules/ec/common/console_output.c.obj
[/mnt/host/source/src/platform/ec/build/zephyr/buccaneer-lcov] geninfo: WARNING: (inconsistent) "/usr/armv7m-cros-eabi/usr/include/c++/v1/optional":357: function _ZNSt3__123__optional_storage_baseINS_4spanIKhLj32EEELb0EEC2Ev end line 340 less than start line 357.  Cannot derive function end line.  See lcovrc man entry for 'derive_function_end_line'.
[obiwan:rw] [81/361] Building ASM object zephyr/arch/arch/arm/core/cortex_m/CMakeFiles/arch__arm__core__cortex_m.dir/reset.S.obj
[obiwan:rw] [82/361] Building C object zephyr/arch/arch/arm/core/cortex_m/CMakeFiles/arch__arm__core__cortex_m.dir/scb.c.obj
[/mnt/host/source/src/platform/ec/build/zephyr/buccaneer-lcov] 	(use "geninfo --ignore-errors inconsistent,inconsistent ..." to suppress this warning)
[/mnt/host/source/src/platform/ec/build/zephyr/buccaneer-lcov] geninfo: WARNING: (inconsistent) "/usr/armv7m-cros-eabi/usr/include/c++/v1/optional":357: failed to set end line for function _ZNSt3__123__optional_storage_baseINS_4spanIKhLj32EEELb0EEC2Ev.
[/mnt/host/source/src/platform/ec/build/zephyr/buccaneer-lcov] 	(use "geninfo --ignore-errors inconsistent,inconsistent ..." to suppress this warning)
[/mnt/host/source/src/platform/ec/build/zephyr/buccaneer-lcov] geninfo: WARNING: (inconsistent) "/usr/armv7m-cros-eabi/usr/include/c++/v1/optional":360: function _ZNSt3__123__optional_storage_baseI28fp_elliptic_curve_public_keyLb0EECI2NS_24__optional_destruct_baseIS1_Lb1EEEIJS1_EEENS_10in_place_tEDpOT_ end line 340 less than start line 360.  Cannot derive function end line.
[/mnt/host/source/src/platform/ec/build/zephyr/buccaneer-lcov] 	(use "geninfo --ignore-errors inconsistent,inconsistent ..." to suppress this warning)
[/mnt/host/source/src/platform/ec/build/zephyr/buccaneer-lcov] geninfo: WARNING: (inconsistent) "/usr/armv7m-cros-eabi/usr/include/c++/v1/optional":360: failed to set end line for function _ZNSt3__123__optional_storage_baseI28fp_elliptic_curve_public_keyLb0EECI2NS_24__optional_destruct_baseIS1_Lb1EEEIJS1_EEENS_10in_place_tEDpOT_.
[/mnt/host/source/src/platform/ec/build/zephyr/buccaneer-lcov] 	(use "geninfo --ignore-errors inconsistent,inconsistent ..." to suppress this warning)
[/mnt/host/source/src/platform/ec/build/zephyr/buccaneer-lcov] geninfo: WARNING: (inconsistent) "/usr/armv7m-cros-eabi/usr/include/c++/v1/optional":469: function _ZNSt3__120__optional_copy_baseINS_4spanIKhLj32EEELb1EEC2Ev end line 374 less than start line 469.  Cannot derive function end line.
[/mnt/host/source/src/platform/ec/build/zephyr/buccaneer-lcov] 	(use "geninfo --ignore-errors inconsistent,inconsistent ..." to suppress this warning)
[/mnt/host/source/src/platform/ec/build/zephyr/buccaneer-lcov] geninfo: WARNING: (inconsistent) "/usr/armv7m-cros-eabi/usr/include/c++/v1/optional":469: failed to set end line for function _ZNSt3__120__optional_copy_baseINS_4spanIKhLj32EEELb1EEC2Ev.
[/mnt/host/source/src/platform/ec/build/zephyr/buccaneer-lcov] 	(use "geninfo --ignore-errors inconsistent,inconsistent ..." to suppress this warning)
[/mnt/host/source/src/platform/ec/build/zephyr/buccaneer-lcov] geninfo: WARNING: (inconsistent) "/usr/armv7m-cros-eabi/usr/include/c++/v1/optional":470: function _ZNSt3__120__optional_copy_baseI28fp_elliptic_curve_public_keyLb1EECI2NS_24__optional_destruct_baseIS1_Lb1EEEIJS1_EEENS_10in_place_tEDpOT_ end line 374 less than start line 470.  Cannot derive function end line.
[/mnt/host/source/src/platform/ec/build/zephyr/buccaneer-lcov] 	(use "geninfo --ignore-errors inconsistent,inconsistent ..." to suppress this warning)
[/mnt/host/source/src/platform/ec/build/zephyr/buccaneer-lcov] geninfo: WARNING: (inconsistent) "/usr/armv7m-cros-eabi/usr/include/c++/v1/optional":470: failed to set end line for function _ZNSt3__120__optional_copy_baseI28fp_elliptic_curve_public_keyLb1EECI2NS_24__optional_destruct_baseIS1_Lb1EEEIJS1_EEENS_10in_place_tEDpOT_.
[/mnt/host/source/src/platform/ec/build/zephyr/buccaneer-lcov] 	(use "geninfo --ignore-errors inconsistent,inconsistent ..." to suppress this warning)
[/mnt/host/source/src/platform/ec/build/zephyr/buccaneer-lcov] geninfo: WARNING: (inconsistent) "/usr/armv7m-cros-eabi/usr/include/c++/v1/optional":489: function _ZNSt3__120__optional_move_baseINS_4spanIKhLj32EEELb1EEC2Ev end line 374 less than start line 489.  Cannot derive function end line.
[/mnt/host/source/src/platform/ec/build/zephyr/buccaneer-lcov] 	(use "geninfo --ignore-errors inconsistent,inconsistent ..." to suppress this warning)
[/mnt/host/source/src/platform/ec/build/zephyr/buccaneer-lcov] geninfo: WARNING: (inconsistent) "/usr/armv7m-cros-eabi/usr/include/c++/v1/optional":489: failed to set end line for function _ZNSt3__120__optional_move_baseINS_4spanIKhLj32EEELb1EEC2Ev.
[/mnt/host/source/src/platform/ec/build/zephyr/buccaneer-lcov] 	(use "geninfo --ignore-errors inconsistent,inconsistent ..." to suppress this warning)
[/mnt/host/source/src/platform/ec/build/zephyr/buccaneer-lcov] geninfo: WARNING: (inconsistent) "/usr/armv7m-cros-eabi/usr/include/c++/v1/optional":490: function _ZNSt3__120__optional_move_baseI28fp_elliptic_curve_public_keyLb1EECI2NS_24__optional_destruct_baseIS1_Lb1EEEIJS1_EEENS_10in_place_tEDpOT_ end line 374 less than start line 490.  Cannot derive function end line.
[/mnt/host/source/src/platform/ec/build/zephyr/buccaneer-lcov] 	(use "geninfo --ignore-errors inconsistent,inconsistent ..." to suppress this warning)
[/mnt/host/source/src/platform/ec/build/zephyr/buccaneer-lcov] geninfo: WARNING: (inconsistent) "/usr/armv7m-cros-eabi/usr/include/c++/v1/optional":490: failed to set end line for function _ZNSt3__120__optional_move_baseI28fp_elliptic_curve_public_keyLb1EECI2NS_24__optional_destruct_baseIS1_Lb1EEEIJS1_EEENS_10in_place_tEDpOT_.
[/mnt/host/source/src/platform/ec/build/zephyr/buccaneer-lcov] 	(use "geninfo --ignore-errors inconsistent,inconsistent ..." to suppress this warning)
[/mnt/host/source/src/platform/ec/build/zephyr/buccaneer-lcov] geninfo: WARNING: (inconsistent) "/usr/armv7m-cros-eabi/usr/include/c++/v1/optional":513: function _ZNSt3__127__optional_copy_assign_baseINS_4spanIKhLj32EEELb1EEC2Ev end line 374 less than start line 513.  Cannot derive function end line.
[/mnt/host/source/src/platform/ec/build/zephyr/buccaneer-lcov] 	(use "geninfo --ignore-errors inconsistent,inconsistent ..." to suppress this warning)
[/mnt/host/source/src/platform/ec/build/zephyr/buccaneer-lcov] geninfo: WARNING: (inconsistent) "/usr/armv7m-cros-eabi/usr/include/c++/v1/optional":513: failed to set end line for function _ZNSt3__127__optional_copy_assign_baseINS_4spanIKhLj32EEELb1EEC2Ev.
[/mnt/host/source/src/platform/ec/build/zephyr/buccaneer-lcov] 	(use "geninfo --ignore-errors inconsistent,inconsistent ..." to suppress this warning)
[/mnt/host/source/src/platform/ec/build/zephyr/buccaneer-lcov] geninfo: WARNING: (inconsistent) "/usr/armv7m-cros-eabi/usr/include/c++/v1/optional":514: function _ZNSt3__127__optional_copy_assign_baseI28fp_elliptic_curve_public_keyLb1EECI2NS_24__optional_destruct_baseIS1_Lb1EEEIJS1_EEENS_10in_place_tEDpOT_ end line 374 less than start line 514.  Cannot derive function end line.
[/mnt/host/source/src/platform/ec/build/zephyr/buccaneer-lcov] 	(use "geninfo --ignore-errors inconsistent,inconsistent ..." to suppress this warning)
[/mnt/host/source/src/platform/ec/build/zephyr/buccaneer-lcov] geninfo: WARNING: (inconsistent) "/usr/armv7m-cros-eabi/usr/include/c++/v1/optional":514: failed to set end line for function _ZNSt3__127__optional_copy_assign_baseI28fp_elliptic_curve_public_keyLb1EECI2NS_24__optional_destruct_baseIS1_Lb1EEEIJS1_EEENS_10in_place_tEDpOT_.
[/mnt/host/source/src/platform/ec/build/zephyr/buccaneer-lcov] 	(use "geninfo --ignore-errors inconsistent,inconsistent ..." to suppress this warning)
[/mnt/host/source/src/platform/ec/build/zephyr/buccaneer-lcov] geninfo: WARNING: (inconsistent) "/usr/armv7m-cros-eabi/usr/include/c++/v1/optional":537: function _ZNSt3__127__optional_move_assign_baseINS_4spanIKhLj32EEELb1EEC2Ev end line 374 less than start line 537.  Cannot derive function end line.
[/mnt/host/source/src/platform/ec/build/zephyr/buccaneer-lcov] 	(use "geninfo --ignore-errors inconsistent,inconsistent ..." to suppress this warning)
[/mnt/host/source/src/platform/ec/build/zephyr/buccaneer-lcov] geninfo: WARNING: (inconsistent) "/usr/armv7m-cros-eabi/usr/include/c++/v1/optional":537: failed to set end line for function _ZNSt3__127__optional_move_assign_baseINS_4spanIKhLj32EEELb1EEC2Ev.
[/mnt/host/source/src/platform/ec/build/zephyr/buccaneer-lcov] 	(use "geninfo --ignore-errors inconsistent,inconsistent ..." to suppress this warning)
[/mnt/host/source/src/platform/ec/build/zephyr/buccaneer-lcov] geninfo: WARNING: (inconsistent) "/usr/armv7m-cros-eabi/usr/include/c++/v1/optional":538: function _ZNSt3__127__optional_move_assign_baseI28fp_elliptic_curve_public_keyLb1EECI2NS_24__optional_destruct_baseIS1_Lb1EEEIJS1_EEENS_10in_place_tEDpOT_ end line 374 less than start line 538.  Cannot derive function end line.
[/mnt/host/source/src/platform/ec/build/zephyr/buccaneer-lcov] 	(use "geninfo --ignore-errors inconsistent,inconsistent ..." to suppress this warning)
[/mnt/host/source/src/platform/ec/build/zephyr/buccaneer-lcov] geninfo: WARNING: (inconsistent) "/usr/armv7m-cros-eabi/usr/include/c++/v1/optional":538: failed to set end line for function _ZNSt3__127__optional_move_assign_baseI28fp_elliptic_curve_public_keyLb1EECI2NS_24__optional_destruct_baseIS1_Lb1EEEIJS1_EEENS_10in_place_tEDpOT_.
[/mnt/host/source/src/platform/ec/build/zephyr/buccaneer-lcov] 	(use "geninfo --ignore-errors inconsistent,inconsistent ..." to suppress this warning)
[/mnt/host/source/src/platform/ec/build/zephyr/buccaneer-lcov] Filter suppressions 'region':
[/mnt/host/source/src/platform/ec/build/zephyr/buccaneer-lcov]     25 instances
[/mnt/host/source/src/platform/ec/build/zephyr/buccaneer-lcov]     8 coverpoints
[/mnt/host/source/src/platform/ec/build/zephyr/buccaneer-lcov] Message summary:
[/mnt/host/source/src/platform/ec/build/zephyr/buccaneer-lcov]   20 warning messages:
[/mnt/host/source/src/platform/ec/build/zephyr/buccaneer-lcov]     inconsistent: 20
[/mnt/host/source/src/platform/ec/build/zephyr/buccaneer-lcov]   17 ignore messages:
[/mnt/host/source/src/platform/ec/build/zephyr/buccaneer-lcov]     gcov: 17
[obiwan:ro] [55/361] Building C object zephyr/CMakeFiles/zephyr.dir/subsys/shell/modules/kernel_service/thread/suspend.c.obj
[obiwan:rw] [83/361] Building ASM object zephyr/arch/arch/arm/core/cortex_m/CMakeFiles/arch__arm__core__cortex_m.dir/vector_table.S.obj
[obiwan:rw] [84/361] Building C object zephyr/arch/arch/arm/core/cortex_m/CMakeFiles/arch__arm__core__cortex_m.dir/thread_abort.c.obj
[yavista:ro] [17/378] Building C object zephyr/CMakeFiles/zephyr.dir/lib/os/thread_entry.c.obj
[navi:rw] [52/379] Building C object CMakeFiles/app.dir/mnt/host/source/src/platform/ec/build/zephyr/navi/modules/ec/common/i2c_passthru.c.obj
[obiwan:ro] [56/361] Building C object zephyr/CMakeFiles/zephyr.dir/subsys/shell/modules/kernel_service/thread/resume.c.obj
[obiwan:rw] [85/361] Building ASM object zephyr/arch/arch/arm/core/cortex_m/CMakeFiles/arch__arm__core__cortex_m.dir/swap_helper.S.obj
[yavista:rw] [17/378] Building C object CMakeFiles/app.dir/mnt/host/source/src/platform/ec/zephyr/subsys/ap_pwrseq/signal_adc.c.obj
[obiwan:rw] [86/361] Building C object zephyr/arch/arch/arm/core/cortex_m/CMakeFiles/arch__arm__core__cortex_m.dir/prep_c.c.obj
[obiwan:rw] [87/361] Building C object zephyr/arch/arch/arm/core/cortex_m/CMakeFiles/arch__arm__core__cortex_m.dir/irq_manage.c.obj
[navi:rw] [53/379] Building C object CMakeFiles/app.dir/mnt/host/source/src/platform/ec/build/zephyr/navi/modules/ec/common/virtual_battery.c.obj
[obiwan:ro] [57/361] Building C object zephyr/CMakeFiles/zephyr.dir/subsys/shell/modules/kernel_service/thread/kill.c.obj
[navi:rw] [54/379] Building C object CMakeFiles/app.dir/mnt/host/source/src/platform/ec/build/zephyr/navi/modules/ec/common/i2c_controller.c.obj
[ciri:rw] [16/377] Building C object CMakeFiles/app.dir/mnt/host/source/src/platform/ec/build/zephyr/ciri/modules/ec/common/ec_features.c.obj
[obiwan:rw] [88/361] Building C object zephyr/arch/arch/arm/core/cortex_m/CMakeFiles/arch__arm__core__cortex_m.dir/irq_init.c.obj
[obiwan:rw] [89/361] Building C object zephyr/arch/arch/arm/core/cortex_m/CMakeFiles/arch__arm__core__cortex_m.dir/thread.c.obj
[yavista:ro] [18/378] Building C object zephyr/CMakeFiles/zephyr.dir/lib/os/cbprintf_nano.c.obj
[obiwan:rw] [90/361] Building C object zephyr/arch/arch/arm/core/cortex_m/CMakeFiles/arch__arm__core__cortex_m.dir/cpu_idle.c.obj
[obiwan:rw] [91/361] Generating ../../../include/generated/libc/minimal/strerror_table.h
[yavista:rw] [18/378] Building C object CMakeFiles/app.dir/mnt/host/source/src/platform/ec/zephyr/subsys/ap_pwrseq/power_host_sleep.c.obj
[obiwan:ro] [58/361] Building C object zephyr/CMakeFiles/zephyr.dir/subsys/shell/backends/shell_uart.c.obj
[obiwan:rw] [92/361] Building C object zephyr/arch/arch/arm/core/cortex_m/CMakeFiles/arch__arm__core__cortex_m.dir/isr_wrapper.c.obj
[obiwan:rw] [93/361] Building C object zephyr/lib/libc/minimal/CMakeFiles/lib__libc__minimal.dir/source/stdlib/atoi.c.obj
[obiwan:rw] [94/361] Linking C static library zephyr/arch/arch/arm/core/cortex_m/libarch__arm__core__cortex_m.a
[obiwan:ro] [59/361] Building C object zephyr/CMakeFiles/zephyr.dir/subsys/shell/shell.c.obj
[obiwan:rw] [95/361] Building C object zephyr/lib/libc/minimal/CMakeFiles/lib__libc__minimal.dir/source/stdlib/strtol.c.obj
[obiwan:rw] [96/361] Building C object zephyr/arch/arch/arm/core/mpu/CMakeFiles/arch__arm__core__mpu.dir/arm_core_mpu.c.obj
[yavista:ro] [19/378] Building C object zephyr/CMakeFiles/zephyr.dir/lib/os/cbprintf.c.obj
[obiwan:rw] [97/361] Building C object zephyr/lib/libc/minimal/CMakeFiles/lib__libc__minimal.dir/source/stdlib/strtoul.c.obj
[obiwan:rw] [98/361] Building C object zephyr/arch/arch/arm/core/mpu/CMakeFiles/arch__arm__core__mpu.dir/arm_mpu.c.obj
[obiwan:ro] [60/361] Building C object zephyr/CMakeFiles/zephyr.dir/subsys/shell/shell_fprintf.c.obj
[navi:rw] [55/379] Building C object CMakeFiles/app.dir/mnt/host/source/src/platform/ec/build/zephyr/navi/modules/ec/common/keyboard_scan.c.obj
[yavista:rw] [19/378] Building C object CMakeFiles/app.dir/mnt/host/source/src/platform/ec/zephyr/subsys/ap_pwrseq/x86_non_dsx_common_pwrseq_sm_handler.c.obj
[obiwan:rw] [99/361] Building C object zephyr/lib/libc/minimal/CMakeFiles/lib__libc__minimal.dir/source/stdlib/strtoull.c.obj
[obiwan:rw] [100/361] Building C object zephyr/arch/arch/arm/core/mpu/CMakeFiles/arch__arm__core__mpu.dir/arm_mpu_regions.c.obj
[obiwan:rw] [101/361] Building C object zephyr/lib/libc/minimal/CMakeFiles/lib__libc__minimal.dir/source/stdlib/strtoll.c.obj
[navi:rw] [56/379] Building C object CMakeFiles/app.dir/mnt/host/source/src/platform/ec/build/zephyr/navi/modules/ec/common/mkbp_fifo.c.obj
[navi:rw] [57/379] Building C object CMakeFiles/app.dir/mnt/host/source/src/platform/ec/build/zephyr/navi/modules/ec/common/mkbp_info.c.obj
[obiwan:rw] [102/361] Linking C static library zephyr/arch/arch/arm/core/mpu/libarch__arm__core__mpu.a
[obiwan:rw] [103/361] Building C object zephyr/lib/libc/minimal/CMakeFiles/lib__libc__minimal.dir/source/stdlib/bsearch.c.obj
[ciri:rw] [17/377] Building C object CMakeFiles/app.dir/mnt/host/source/src/platform/ec/build/zephyr/ciri/modules/ec/common/gpio_commands.c.obj
[obiwan:rw] [104/361] Building C object zephyr/lib/libc/common/CMakeFiles/lib__libc__common.dir/source/stdlib/abort.c.obj
[obiwan:rw] [105/361] Building C object zephyr/lib/libc/minimal/CMakeFiles/lib__libc__minimal.dir/source/string/strncasecmp.c.obj
[obiwan:ro] [61/361] Building C object zephyr/CMakeFiles/zephyr.dir/subsys/shell/shell_utils.c.obj
[obiwan:rw] [106/361] Building C object zephyr/lib/libc/minimal/CMakeFiles/lib__libc__minimal.dir/source/string/strerror.c.obj
[obiwan:rw] [107/361] Building C object zephyr/lib/libc/minimal/CMakeFiles/lib__libc__minimal.dir/source/stdlib/qsort.c.obj
[obiwan:rw] [108/361] Building C object zephyr/lib/libc/minimal/CMakeFiles/lib__libc__minimal.dir/source/string/strstr.c.obj
[obiwan:rw] [109/361] Building C object zephyr/lib/libc/minimal/CMakeFiles/lib__libc__minimal.dir/source/string/strspn.c.obj
[yavista:ro] [20/378] Building C object zephyr/CMakeFiles/zephyr.dir/lib/os/assert.c.obj
[obiwan:rw] [110/361] Building C object zephyr/lib/libc/minimal/CMakeFiles/lib__libc__minimal.dir/source/string/string.c.obj
[yavista:rw] [20/378] Building C object CMakeFiles/app.dir/mnt/host/source/src/platform/ec/zephyr/subsys/ap_pwrseq/x86_non_dsx_chipset_power_state.c.obj
[obiwan:ro] [62/361] Building C object zephyr/CMakeFiles/zephyr.dir/subsys/shell/shell_ops.c.obj
[obiwan:rw] [111/361] Building C object zephyr/lib/libc/minimal/CMakeFiles/lib__libc__minimal.dir/source/math/sqrtf.c.obj
[yavista:ro] [21/378] Building C object zephyr/CMakeFiles/zephyr.dir/lib/utils/dec.c.obj
[obiwan:rw] [112/361] Building C object zephyr/lib/libc/minimal/CMakeFiles/lib__libc__minimal.dir/source/stdlib/exit.c.obj
[yavista:rw] [21/378] Building C object CMakeFiles/app.dir/mnt/host/source/src/platform/ec/zephyr/subsys/ap_pwrseq/x86_non_dsx_common_pwrseq_host_sleep.c.obj
[obiwan:ro] [63/361] Building C object zephyr/CMakeFiles/zephyr.dir/subsys/shell/shell_help.c.obj
[obiwan:rw] [113/361] Building C object zephyr/lib/libc/minimal/CMakeFiles/lib__libc__minimal.dir/source/math/sqrt.c.obj
[obiwan:rw] [114/361] Building C object zephyr/lib/libc/common/CMakeFiles/lib__libc__common.dir/source/time/gmtime_r.c.obj
[navi:rw] [58/379] Building C object CMakeFiles/app.dir/mnt/host/source/src/platform/ec/build/zephyr/navi/modules/ec/common/mkbp_input_devices.c.obj
[navi:rw] [59/379] Building C object CMakeFiles/app.dir/mnt/host/source/src/platform/ec/build/zephyr/navi/modules/ec/common/keyboard_mkbp.c.obj
[obiwan:rw] [115/361] Building C object zephyr/lib/libc/minimal/CMakeFiles/lib__libc__minimal.dir/source/stdout/sprintf.c.obj
[yavista:ro] [22/378] Building C object zephyr/CMakeFiles/zephyr.dir/lib/utils/hex.c.obj
[obiwan:rw] [116/361] Building C object zephyr/lib/libc/minimal/CMakeFiles/lib__libc__minimal.dir/source/stdout/stdout_console.c.obj
[ciri:rw] [18/377] Building C object CMakeFiles/app.dir/mnt/host/source/src/platform/ec/build/zephyr/ciri/modules/ec/common/peripheral.c.obj
[obiwan:rw] [117/361] Building C object zephyr/lib/libc/minimal/CMakeFiles/lib__libc__minimal.dir/source/stdout/fprintf.c.obj
[navi:rw] [60/379] Building C object CMakeFiles/app.dir/mnt/host/source/src/platform/ec/build/zephyr/navi/modules/ec/common/keyboard_backlight.c.obj
[obiwan:rw] [118/361] Building C object zephyr/lib/libc/common/CMakeFiles/lib__libc__common.dir/source/time/asctime.c.obj
[obiwan:ro] [64/361] Building C object zephyr/CMakeFiles/zephyr.dir/subsys/shell/shell_history.c.obj
[obiwan:rw] [119/361] Building C object zephyr/lib/libc/common/CMakeFiles/lib__libc__common.dir/source/time/localtime_r_utc.c.obj
[obiwan:rw] [120/361] Building C object zephyr/lib/libc/minimal/CMakeFiles/lib__libc__minimal.dir/source/time/gmtime.c.obj
[obiwan:rw] [121/361] Building C object zephyr/lib/libc/common/CMakeFiles/lib__libc__common.dir/source/time/ctime.c.obj
[obiwan:rw] [122/361] Building C object zephyr/lib/libc/common/CMakeFiles/lib__libc__common.dir/source/time/time.c.obj
[obiwan:rw] [123/361] Building C object zephyr/lib/libc/common/CMakeFiles/lib__libc__common.dir/source/string/strnlen.c.obj
[yavista:rw] [22/378] Building C object CMakeFiles/app.dir/mnt/host/source/src/platform/ec/zephyr/subsys/ap_pwrseq/x86_non_dsx_common_pwrseq_console.c.obj
[obiwan:rw] [124/361] Building C object zephyr/lib/posix/c_lib_ext/CMakeFiles/lib__posix__c_lib_ext.dir/fnmatch.c.obj
[obiwan:ro] [65/361] Building C object zephyr/arch/common/CMakeFiles/arch__common.dir/sw_isr_common.c.obj
[obiwan:rw] [125/361] Linking C static library zephyr/lib/libc/minimal/liblib__libc__minimal.a
[obiwan:ro] [66/361] Building C object zephyr/CMakeFiles/zephyr.dir/drivers/flash/flash_util.c.obj
[yavista:rw] [23/378] Building C object CMakeFiles/app.dir/mnt/host/source/src/platform/ec/zephyr/subsys/ap_pwrseq/x86_non_dsx_common_pwrseq_host_command.c.obj
[obiwan:ro] [67/361] Building C object zephyr/arch/common/CMakeFiles/arch__common.dir/init.c.obj
[obiwan:ro] [68/361] Linking C static library zephyr/libzephyr.a
[yavista:ro] [23/378] Building C object zephyr/CMakeFiles/zephyr.dir/lib/utils/rb.c.obj
[obiwan:rw] [126/361] Building C object zephyr/lib/libc/common/CMakeFiles/lib__libc__common.dir/source/stdlib/malloc.c.obj
[navi:rw] [61/379] Building C object CMakeFiles/app.dir/mnt/host/source/src/platform/ec/build/zephyr/navi/modules/ec/common/led_common.c.obj
[navi:rw] [62/379] Building C object CMakeFiles/app.dir/mnt/host/source/src/platform/ec/build/zephyr/navi/modules/ec/common/led_onoff_states.c.obj
[obiwan:rw] [127/361] Building C object zephyr/lib/posix/c_lib_ext/CMakeFiles/lib__posix__c_lib_ext.dir/getopt_shim.c.obj
[obiwan:rw] [128/361] Linking C static library zephyr/lib/libc/common/liblib__libc__common.a
[obiwan:rw] [129/361] Building C object zephyr/lib/posix/c_lib_ext/CMakeFiles/lib__posix__c_lib_ext.dir/getentropy.c.obj
[ciri:rw] [19/377] Building C object CMakeFiles/app.dir/mnt/host/source/src/platform/ec/build/zephyr/ciri/modules/ec/common/printf.c.obj
[obiwan:rw] [130/361] Linking C static library zephyr/lib/posix/c_lib_ext/liblib__posix__c_lib_ext.a
[obiwan:ro] [69/361] Building C object zephyr/arch/common/CMakeFiles/arch__common.dir/xip.c.obj
[navi:rw] [63/379] Building C object CMakeFiles/app.dir/mnt/host/source/src/platform/ec/build/zephyr/navi/modules/ec/common/lid_switch.c.obj
[obiwan:rw] [131/361] Building C object zephyr/subsys/crc/CMakeFiles/subsys__crc.dir/crc16_sw.c.obj
[obiwan:rw] [132/361] Building C object zephyr/subsys/crc/CMakeFiles/subsys__crc.dir/crc8_sw.c.obj
[obiwan:rw] [133/361] Building C object zephyr/subsys/crc/CMakeFiles/subsys__crc.dir/crc4_sw.c.obj
[yavista:ro] [24/378] Building C object zephyr/CMakeFiles/zephyr.dir/lib/utils/timeutil.c.obj
[obiwan:rw] [134/361] Building C object zephyr/lib/smf/CMakeFiles/lib__smf.dir/smf.c.obj
[obiwan:rw] [135/361] Building C object zephyr/subsys/mgmt/ec_host_cmd/CMakeFiles/subsys__mgmt__ec_host_cmd.dir/ec_host_cmd_handler.c.obj
[yavista:rw] [24/378] Building C object CMakeFiles/app.dir/mnt/host/source/src/platform/ec/zephyr/subsys/ap_pwrseq/x86_non_dsx_adlp_pwrseq_sm.c.obj
[obiwan:rw] [136/361] Building C object zephyr/subsys/crc/CMakeFiles/subsys__crc.dir/crc7_sw.c.obj
[obiwan:rw] [137/361] Linking C static library zephyr/lib/smf/liblib__smf.a
[obiwan:rw] [138/361] Linking C static library zephyr/subsys/mgmt/ec_host_cmd/libsubsys__mgmt__ec_host_cmd.a
[obiwan:rw] [139/361] Building C object zephyr/subsys/crc/CMakeFiles/subsys__crc.dir/crc24_sw.c.obj
[obiwan:rw] [140/361] Building C object zephyr/subsys/crc/CMakeFiles/subsys__crc.dir/crc32c_sw.c.obj
[obiwan:ro] [70/361] Building C object zephyr/arch/common/CMakeFiles/isr_tables.dir/isr_tables.c.obj
[obiwan:rw] [141/361] Building C object zephyr/subsys/crc/CMakeFiles/subsys__crc.dir/crc32_sw.c.obj
[obiwan:rw] [142/361] Building C object zephyr/subsys/mgmt/ec_host_cmd/backends/CMakeFiles/subsys__mgmt__ec_host_cmd__backends.dir/ec_host_cmd_backend_shi_npcx.c.obj
[obiwan:rw] [143/361] Building C object zephyr/subsys/crc/CMakeFiles/subsys__crc.dir/crc32k_4_2_sw.c.obj
[obiwan:ro] [71/361] Linking C static library zephyr/arch/common/libisr_tables.a
[obiwan:ro] [72/361] Building C object zephyr/arch/arch/arm/core/CMakeFiles/arch__arm__core.dir/fatal.c.obj
[yavista:rw] [25/378] Building C object CMakeFiles/app.dir/mnt/host/source/src/platform/ec/zephyr/subsys/ap_pwrseq/ap_reset_log.c.obj
[obiwan:rw] [144/361] Linking C static library zephyr/subsys/mgmt/ec_host_cmd/backends/libsubsys__mgmt__ec_host_cmd__backends.a
[obiwan:rw] [145/361] Linking C static library zephyr/subsys/crc/libsubsys__crc.a
[obiwan:ro] [73/361] Linking C static library zephyr/arch/common/libarch__common.a
[obiwan:ro] [74/361] Building ASM object zephyr/arch/arch/arm/core/CMakeFiles/arch__arm__core.dir/nmi_on_reset.S.obj
[obiwan:ro] [75/361] Building C object zephyr/arch/arch/arm/core/CMakeFiles/arch__arm__core.dir/nmi.c.obj
[ciri:rw] [20/377] Building C object CMakeFiles/app.dir/mnt/host/source/src/platform/ec/build/zephyr/ciri/modules/ec/common/queue.c.obj
[navi:rw] [64/379] Building C object CMakeFiles/app.dir/mnt/host/source/src/platform/ec/build/zephyr/navi/modules/ec/common/mkbp_event.c.obj
[obiwan:ro] [76/361] Linking C static library zephyr/arch/arch/arm/core/libarch__arm__core.a
[yavista:ro] [25/378] Building C object zephyr/CMakeFiles/zephyr.dir/lib/utils/bitarray.c.obj
[navi:rw] [65/379] Building C object CMakeFiles/app.dir/mnt/host/source/src/platform/ec/build/zephyr/navi/modules/ec/common/power_button.c.obj
[obiwan:ro] [77/361] Building ASM object zephyr/arch/arch/arm/core/cortex_m/CMakeFiles/arch__arm__core__cortex_m.dir/fault_s.S.obj
[obiwan:rw] [146/361] Building C object zephyr/drivers/adc/CMakeFiles/drivers__adc.dir/adc_common.c.obj
[navi:rw] [66/379] Building C object CMakeFiles/app.dir/mnt/host/source/src/platform/ec/build/zephyr/navi/modules/ec/common/motion_sense.c.obj
[obiwan:rw] [147/361] Building C object zephyr/drivers/interrupt_controller/CMakeFiles/drivers__interrupt_controller.dir/intc_miwu.c.obj
[yavista:ro] [26/378] Building C object zephyr/CMakeFiles/zephyr.dir/lib/utils/bitmask.c.obj
[yavista:rw] [26/378] Building C object CMakeFiles/app.dir/mnt/host/source/src/platform/ec/build/zephyr/yavista/modules/ec/builtin/stdlib.c.obj
[yavista:rw] [27/378] Building C object CMakeFiles/app.dir/mnt/host/source/src/platform/ec/build/zephyr/yavista/modules/ec/common/base32.c.obj
[obiwan:rw] [148/361] Building C object zephyr/drivers/bbram/CMakeFiles/drivers__bbram.dir/bbram_npcx.c.obj
[obiwan:rw] [149/361] Building C object zephyr/drivers/clock_control/CMakeFiles/drivers__clock_control.dir/clock_control_npcx.c.obj
[obiwan:rw] [150/361] Linking C static library zephyr/drivers/interrupt_controller/libdrivers__interrupt_controller.a
[obiwan:ro] [78/361] Building C object zephyr/arch/arch/arm/core/cortex_m/CMakeFiles/arch__arm__core__cortex_m.dir/exc_exit.c.obj
[obiwan:rw] [151/361] Building C object zephyr/drivers/console/CMakeFiles/drivers__console.dir/uart_console.c.obj
[obiwan:rw] [152/361] Linking C static library zephyr/drivers/bbram/libdrivers__bbram.a
[obiwan:rw] [153/361] Building C object zephyr/drivers/adc/CMakeFiles/drivers__adc.dir/adc_npcx.c.obj
[obiwan:rw] [154/361] Linking C static library zephyr/drivers/console/libdrivers__console.a
[obiwan:rw] [155/361] Linking C static library zephyr/drivers/clock_control/libdrivers__clock_control.a
[obiwan:rw] [156/361] Linking C static library zephyr/drivers/adc/libdrivers__adc.a
[obiwan:ro] [79/361] Building C object zephyr/arch/arch/arm/core/cortex_m/CMakeFiles/arch__arm__core__cortex_m.dir/fault.c.obj
[yavista:ro] [27/378] Building C object zephyr/CMakeFiles/zephyr.dir/lib/utils/getopt/getopt.c.obj
[obiwan:ro] [80/361] Building C object zephyr/arch/arch/arm/core/cortex_m/CMakeFiles/arch__arm__core__cortex_m.dir/fpu.c.obj
[obiwan:rw] [157/361] Building C object zephyr/drivers/flash/CMakeFiles/drivers__flash.dir/jesd216.c.obj
[ciri:rw] [21/377] Building C object CMakeFiles/app.dir/mnt/host/source/src/platform/ec/build/zephyr/ciri/modules/ec/common/system.c.obj
[obiwan:ro] [81/361] Building ASM object zephyr/arch/arch/arm/core/cortex_m/CMakeFiles/arch__arm__core__cortex_m.dir/reset.S.obj
[navi:rw] [67/379] Building C object CMakeFiles/app.dir/mnt/host/source/src/platform/ec/build/zephyr/navi/modules/ec/power/common.c.obj
[yavista:rw] [28/378] Building C object CMakeFiles/app.dir/mnt/host/source/src/platform/ec/build/zephyr/yavista/modules/ec/common/console_output.c.obj
[obiwan:rw] [158/361] Building C object zephyr/drivers/i2c/CMakeFiles/drivers__i2c.dir/i2c_common.c.obj
[obiwan:rw] [159/361] Building C object zephyr/drivers/flash/CMakeFiles/drivers__flash.dir/flash_npcx_fiu_nor.c.obj
[navi:rw] [68/379] Building C object CMakeFiles/app.dir/mnt/host/source/src/platform/ec/build/zephyr/navi/modules/ec/power/host_sleep.c.obj
[yavista:rw] [29/378] Building C object CMakeFiles/app.dir/mnt/host/source/src/platform/ec/build/zephyr/yavista/modules/ec/common/ec_features.c.obj
[navi:rw] [69/379] Building C object CMakeFiles/app.dir/mnt/host/source/src/platform/ec/build/zephyr/navi/modules/ec/power/mt8186.c.obj
[obiwan:ro] [82/361] Building C object zephyr/arch/arch/arm/core/cortex_m/CMakeFiles/arch__arm__core__cortex_m.dir/scb.c.obj
[obiwan:rw] [160/361] Building C object zephyr/drivers/flash/CMakeFiles/drivers__flash.dir/flash_npcx_fiu_qspi.c.obj
[obiwan:rw] [161/361] Building C object zephyr/drivers/gpio/CMakeFiles/drivers__gpio.dir/gpio_npcx.c.obj
[obiwan:rw] [162/361] Linking C static library zephyr/drivers/flash/libdrivers__flash.a
[obiwan:ro] [83/361] Building ASM object zephyr/arch/arch/arm/core/cortex_m/CMakeFiles/arch__arm__core__cortex_m.dir/vector_table.S.obj
[obiwan:rw] [163/361] Linking C static library zephyr/drivers/gpio/libdrivers__gpio.a
[obiwan:rw] [164/361] Building C object zephyr/drivers/i2c/CMakeFiles/drivers__i2c.dir/i2c_shell.c.obj
[yavista:ro] [28/378] Building C object zephyr/CMakeFiles/zephyr.dir/lib/utils/getopt/getopt_common.c.obj
[obiwan:ro] [84/361] Building C object zephyr/arch/arch/arm/core/cortex_m/CMakeFiles/arch__arm__core__cortex_m.dir/thread_abort.c.obj
[yavista:ro] [29/378] Building C object zephyr/CMakeFiles/zephyr.dir/lib/utils/ring_buffer.c.obj
[obiwan:rw] [165/361] Building C object zephyr/drivers/i2c/CMakeFiles/drivers__i2c.dir/i2c_npcx_controller.c.obj
[ciri:rw] [22/377] Building C object CMakeFiles/app.dir/mnt/host/source/src/platform/ec/build/zephyr/ciri/modules/ec/common/system_boot_time.c.obj
[obiwan:rw] [166/361] Building C object zephyr/drivers/i2c/CMakeFiles/drivers__i2c.dir/i2c_npcx_controller_fifo.c.obj
[yavista:ro] [30/378] Building C object zephyr/CMakeFiles/zephyr.dir/lib/utils/last_section_id.c.obj
[yavista:rw] [30/378] Building C object CMakeFiles/app.dir/mnt/host/source/src/platform/ec/build/zephyr/yavista/modules/ec/common/gpio_commands.c.obj
[obiwan:rw] [167/361] Building C object zephyr/drivers/pinctrl/CMakeFiles/drivers__pinctrl.dir/common.c.obj
[yavista:rw] [31/378] Building C object CMakeFiles/app.dir/mnt/host/source/src/platform/ec/build/zephyr/yavista/modules/ec/common/peripheral.c.obj
[navi:rw] [70/379] Building C object CMakeFiles/app.dir/mnt/host/source/src/platform/ec/build/zephyr/navi/modules/ec/common/shared_mem.c.obj
[navi:rw] [71/379] Building C object CMakeFiles/app.dir/mnt/host/source/src/platform/ec/build/zephyr/navi/modules/ec/common/switch.c.obj
[obiwan:ro] [85/361] Building C object zephyr/arch/arch/arm/core/cortex_m/CMakeFiles/arch__arm__core__cortex_m.dir/irq_manage.c.obj
[navi:rw] [72/379] Building C object CMakeFiles/app.dir/mnt/host/source/src/platform/ec/build/zephyr/navi/modules/ec/common/panic_output.c.obj
[obiwan:rw] [168/361] Building C object zephyr/drivers/pinctrl/CMakeFiles/drivers__pinctrl.dir/pinctrl_npcx.c.obj
[obiwan:ro] [86/361] Building ASM object zephyr/arch/arch/arm/core/cortex_m/CMakeFiles/arch__arm__core__cortex_m.dir/swap_helper.S.obj
[obiwan:rw] [169/361] Building C object zephyr/drivers/i2c/CMakeFiles/drivers__i2c.dir/i2c_npcx_port.c.obj
[yavista:ro] [31/378] Building C object zephyr/CMakeFiles/zephyr.dir/misc/generated/configs.c.obj
[obiwan:rw] [170/361] Building C object zephyr/drivers/pwm/CMakeFiles/drivers__pwm.dir/pwm_shell.c.obj
[obiwan:rw] [171/361] Linking C static library zephyr/drivers/pinctrl/libdrivers__pinctrl.a
[obiwan:rw] [172/361] Linking C static library zephyr/drivers/i2c/libdrivers__i2c.a
[yavista:ro] [32/378] Building ASM object zephyr/CMakeFiles/zephyr.dir/soc/ite/ec/common/soc_irq.S.obj
[obiwan:ro] [87/361] Building C object zephyr/arch/arch/arm/core/cortex_m/CMakeFiles/arch__arm__core__cortex_m.dir/prep_c.c.obj
[ciri:rw] [23/377] Building C object CMakeFiles/app.dir/mnt/host/source/src/platform/ec/build/zephyr/ciri/modules/ec/common/uart_printf.c.obj
[obiwan:rw] [173/361] Building C object zephyr/drivers/syscon/CMakeFiles/drivers__syscon.dir/syscon.c.obj
[obiwan:rw] [174/361] Building C object zephyr/drivers/pwm/CMakeFiles/drivers__pwm.dir/pwm_npcx.c.obj
[yavista:rw] [32/378] Building C object CMakeFiles/app.dir/mnt/host/source/src/platform/ec/build/zephyr/yavista/modules/ec/common/printf.c.obj
[obiwan:rw] [175/361] Linking C static library zephyr/drivers/syscon/libdrivers__syscon.a
[yavista:rw] [33/378] Building C object CMakeFiles/app.dir/mnt/host/source/src/platform/ec/build/zephyr/yavista/modules/ec/common/queue.c.obj
[obiwan:rw] [176/361] Building C object zephyr/drivers/serial/CMakeFiles/drivers__serial.dir/uart_npcx.c.obj
[obiwan:ro] [88/361] Building C object zephyr/arch/arch/arm/core/cortex_m/CMakeFiles/arch__arm__core__cortex_m.dir/cpu_idle.c.obj
[obiwan:rw] [177/361] Linking C static library zephyr/drivers/pwm/libdrivers__pwm.a
[obiwan:ro] [89/361] Building C object zephyr/arch/arch/arm/core/cortex_m/CMakeFiles/arch__arm__core__cortex_m.dir/thread.c.obj
[navi:rw] [73/379] Building C object CMakeFiles/app.dir/mnt/host/source/src/platform/ec/build/zephyr/navi/modules/ec/common/temp_sensor.c.obj
[obiwan:rw] [178/361] Linking C static library zephyr/drivers/serial/libdrivers__serial.a
[obiwan:rw] [179/361] Building C object zephyr/drivers/watchdog/CMakeFiles/drivers__watchdog.dir/wdt_npcx.c.obj
[obiwan:rw] [180/361] Building C object zephyr/drivers/timer/CMakeFiles/drivers__timer.dir/sys_clock_init.c.obj
[obiwan:rw] [181/361] Building C object zephyr/drivers/timer/CMakeFiles/drivers__timer.dir/npcx_itim_timer.c.obj
[yavista:ro] [33/378] Building C object zephyr/CMakeFiles/zephyr.dir/soc/ite/ec/common/soc_common_irq.c.obj
[navi:rw] [74/379] Building C object CMakeFiles/app.dir/mnt/host/source/src/platform/ec/build/zephyr/navi/modules/ec/common/thermal.c.obj
[navi:rw] [75/379] Building C object CMakeFiles/app.dir/mnt/host/source/src/platform/ec/build/zephyr/navi/modules/ec/driver/temp_sensor/thermistor.c.obj
[obiwan:rw] [182/361] Linking C static library zephyr/drivers/timer/libdrivers__timer.a
[obiwan:ro] [90/361] Building C object zephyr/arch/arch/arm/core/cortex_m/CMakeFiles/arch__arm__core__cortex_m.dir/irq_init.c.obj
[obiwan:ro] [91/361] Building C object zephyr/arch/arch/arm/core/cortex_m/CMakeFiles/arch__arm__core__cortex_m.dir/isr_wrapper.c.obj
[obiwan:ro] [92/361] Building C object zephyr/arch/arch/arm/core/mpu/CMakeFiles/arch__arm__core__mpu.dir/arm_core_mpu.c.obj
[ciri:rw] [24/377] Building C object CMakeFiles/app.dir/mnt/host/source/src/platform/ec/build/zephyr/ciri/modules/ec/common/util.c.obj
[obiwan:ro] [93/361] Linking C static library zephyr/arch/arch/arm/core/cortex_m/libarch__arm__core__cortex_m.a
[yavista:rw] [34/378] Building C object CMakeFiles/app.dir/mnt/host/source/src/platform/ec/build/zephyr/yavista/modules/ec/common/system_boot_time.c.obj
[obiwan:rw] [183/361] Building C object zephyr/drivers/watchdog/CMakeFiles/drivers__watchdog.dir/wdt_shell.c.obj
[obiwan:ro] [94/361] Generating ../../../include/generated/libc/minimal/strerror_table.h
[yavista:ro] [34/378] Building C object zephyr/CMakeFiles/zephyr.dir/soc/ite/ec/common/power.c.obj
[yavista:rw] [35/378] Building C object CMakeFiles/app.dir/mnt/host/source/src/platform/ec/build/zephyr/yavista/modules/ec/common/system.c.obj
[obiwan:rw] [184/361] Building C object modules/ec/zephyr/CMakeFiles/ec_shim.dir/app/ec/main_shim.c.obj
[obiwan:rw] [185/361] Linking C static library zephyr/drivers/watchdog/libdrivers__watchdog.a
[navi:rw] [76/379] Building C object CMakeFiles/app.dir/mnt/host/source/src/platform/ec/build/zephyr/navi/modules/ec/common/timer.c.obj
[obiwan:ro] [95/361] Building C object zephyr/lib/libc/minimal/CMakeFiles/lib__libc__minimal.dir/source/stdlib/atoi.c.obj
[navi:rw] [77/379] Building C object CMakeFiles/app.dir/mnt/host/source/src/platform/ec/build/zephyr/navi/modules/ec/common/typec_control.c.obj
[obiwan:rw] [186/361] Building C object modules/ec/zephyr/CMakeFiles/ec_shim.dir/app/ec/ec_app_main.c.obj
[obiwan:rw] [187/361] Building C object modules/ec/zephyr/CMakeFiles/ec_shim.dir/drivers/cros_flash/cros_flash_npcx.c.obj
[obiwan:ro] [96/361] Building C object zephyr/arch/arch/arm/core/mpu/CMakeFiles/arch__arm__core__mpu.dir/arm_mpu.c.obj
[obiwan:rw] [188/361] Building C object modules/ec/zephyr/CMakeFiles/ec_shim.dir/drivers/cros_kb_raw/cros_kb_raw_npcx.c.obj
[obiwan:rw] [189/361] Building C object modules/ec/zephyr/CMakeFiles/ec_shim.dir/drivers/cros_kblight/pwm_kblight.c.obj
[navi:rw] [78/379] Building C object CMakeFiles/app.dir/mnt/host/source/src/platform/ec/build/zephyr/navi/modules/ec/common/usb_port_power_dumb.c.obj
[obiwan:ro] [97/361] Building C object zephyr/lib/libc/minimal/CMakeFiles/lib__libc__minimal.dir/source/stdlib/strtol.c.obj
[obiwan:ro] [98/361] Building C object zephyr/arch/arch/arm/core/mpu/CMakeFiles/arch__arm__core__mpu.dir/arm_mpu_regions.c.obj
[obiwan:ro] [99/361] Linking C static library zephyr/arch/arch/arm/core/mpu/libarch__arm__core__mpu.a
[obiwan:ro] [100/361] Building C object zephyr/lib/libc/minimal/CMakeFiles/lib__libc__minimal.dir/source/stdlib/strtoul.c.obj
[yavista:rw] [36/378] Building C object CMakeFiles/app.dir/mnt/host/source/src/platform/ec/build/zephyr/yavista/modules/ec/common/uart_printf.c.obj
[obiwan:ro] [101/361] Building C object zephyr/lib/libc/minimal/CMakeFiles/lib__libc__minimal.dir/source/stdlib/strtoll.c.obj
[ciri:rw] [25/377] Building C object CMakeFiles/app.dir/mnt/host/source/src/platform/ec/build/zephyr/ciri/modules/ec/common/version.c.obj
[obiwan:ro] [102/361] Building C object zephyr/lib/libc/minimal/CMakeFiles/lib__libc__minimal.dir/source/stdlib/bsearch.c.obj
[obiwan:ro] [103/361] Building C object zephyr/lib/libc/minimal/CMakeFiles/lib__libc__minimal.dir/source/stdlib/strtoull.c.obj
[yavista:ro] [35/378] Building C object zephyr/CMakeFiles/zephyr.dir/soc/ite/ec/common/policy.c.obj
[yavista:rw] [37/378] Building C object CMakeFiles/app.dir/mnt/host/source/src/platform/ec/build/zephyr/yavista/modules/ec/common/util.c.obj
[obiwan:rw] [190/361] Building C object modules/ec/zephyr/CMakeFiles/ec_shim.dir/drivers/usbc/ucsi_v3.c.obj
[obiwan:ro] [104/361] Building C object zephyr/lib/libc/minimal/CMakeFiles/lib__libc__minimal.dir/source/stdlib/qsort.c.obj
[navi:rw] [79/379] Building C object CMakeFiles/app.dir/mnt/host/source/src/platform/ec/build/zephyr/navi/modules/ec/common/usb_pd_pdo.c.obj
[obiwan:ro] [105/361] Building C object zephyr/lib/libc/minimal/CMakeFiles/lib__libc__minimal.dir/source/string/strerror.c.obj
[obiwan:rw] [191/361] Building C object modules/ec/zephyr/CMakeFiles/ec_shim.dir/shim/chip/npcx/clock.c.obj
[obiwan:ro] [106/361] Building C object zephyr/lib/libc/minimal/CMakeFiles/lib__libc__minimal.dir/source/string/strncasecmp.c.obj
[obiwan:rw] [192/361] Building C object modules/ec/zephyr/CMakeFiles/ec_shim.dir/shim/chip/npcx/rom_chip.c.obj
[navi:rw] [80/379] Building C object CMakeFiles/app.dir/mnt/host/source/src/platform/ec/build/zephyr/navi/modules/ec/common/usb_common.c.obj
[obiwan:ro] [107/361] Building C object zephyr/lib/libc/minimal/CMakeFiles/lib__libc__minimal.dir/source/string/strstr.c.obj
[obiwan:rw] [193/361] Building C object modules/ec/zephyr/CMakeFiles/ec_shim.dir/drivers/cros_system/cros_system_npcx.c.obj
[obiwan:ro] [108/361] Building C object zephyr/lib/libc/minimal/CMakeFiles/lib__libc__minimal.dir/source/string/string.c.obj
[obiwan:ro] [109/361] Building C object zephyr/lib/libc/minimal/CMakeFiles/lib__libc__minimal.dir/source/stdlib/exit.c.obj
[obiwan:rw] [194/361] Building C object modules/ec/zephyr/CMakeFiles/ec_shim.dir/drivers/usbc/pdc_rts54xx.c.obj
[obiwan:ro] [110/361] Building C object zephyr/lib/libc/minimal/CMakeFiles/lib__libc__minimal.dir/source/string/strspn.c.obj
[yavista:ro] [36/378] Building C object zephyr/CMakeFiles/zephyr.dir/soc/ite/ec/it8xxx2/soc.c.obj
[navi:rw] [81/379] Building C object CMakeFiles/app.dir/mnt/host/source/src/platform/ec/build/zephyr/navi/modules/ec/common/usbc/usbc_task.c.obj
[yavista:rw] [38/378] Building C object CMakeFiles/app.dir/mnt/host/source/src/platform/ec/build/zephyr/yavista/modules/ec/common/version.c.obj
[ciri:rw] [26/377] Building C object CMakeFiles/app.dir/mnt/host/source/src/platform/ec/build/zephyr/ciri/modules/ec/driver/accelgyro_bmi_common.c.obj
[obiwan:rw] [195/361] Building C object modules/ec/zephyr/CMakeFiles/ec_shim.dir/shim/chip/npcx/keyboard_raw.c.obj
[yavista:rw] [39/378] Building C object CMakeFiles/app.dir/mnt/host/source/src/platform/ec/build/zephyr/yavista/modules/ec/common/power_button_x86.c.obj
[obiwan:ro] [111/361] Building C object zephyr/lib/libc/minimal/CMakeFiles/lib__libc__minimal.dir/source/stdout/fprintf.c.obj
[navi:rw] [82/379] Building C object CMakeFiles/app.dir/mnt/host/source/src/platform/ec/build/zephyr/navi/modules/ec/common/usbc/usb_pd_timer.c.obj
[obiwan:ro] [112/361] Building C object zephyr/lib/libc/minimal/CMakeFiles/lib__libc__minimal.dir/source/stdout/sprintf.c.obj
[obiwan:rw] [196/361] Building C object modules/ec/zephyr/CMakeFiles/ec_shim.dir/shim/chip/npcx/shi.c.obj
[yavista:ro] [37/378] Building C object zephyr/CMakeFiles/zephyr.dir/soc/ite/ec/it8xxx2/check_regs.c.obj
[obiwan:rw] [197/361] Building C object modules/ec/zephyr/CMakeFiles/ec_shim.dir/shim/chip/npcx/system.c.obj
[obiwan:rw] [198/361] Building C object modules/ec/zephyr/CMakeFiles/ec_shim.dir/shim/chip/npcx/system_external_storage.c.obj
[obiwan:rw] [199/361] Building C object modules/ec/zephyr/CMakeFiles/ec_shim.dir/shim/chip/npcx/gpio.c.obj
[obiwan:ro] [113/361] Building C object zephyr/lib/libc/minimal/CMakeFiles/lib__libc__minimal.dir/source/stdout/stdout_console.c.obj
[obiwan:rw] [200/361] Building C object modules/ec/zephyr/CMakeFiles/ec_shim.dir/shim/chip/npcx/power_policy.c.obj
[obiwan:ro] [114/361] Building C object zephyr/lib/libc/minimal/CMakeFiles/lib__libc__minimal.dir/source/math/sqrtf.c.obj
[navi:rw] [83/379] Building C object CMakeFiles/app.dir/mnt/host/source/src/platform/ec/build/zephyr/navi/modules/ec/common/usbc/usb_sm.c.obj
[obiwan:ro] [115/361] Building C object zephyr/lib/libc/minimal/CMakeFiles/lib__libc__minimal.dir/source/math/sqrt.c.obj
[obiwan:rw] [201/361] Building C object modules/ec/zephyr/CMakeFiles/ec_shim.dir/shim/src/crc.c.obj
[yavista:ro] [38/378] Building ASM object zephyr/CMakeFiles/zephyr.dir/soc/ite/ec/it8xxx2/vector.S.obj
[yavista:rw] [40/378] Building C object CMakeFiles/app.dir/mnt/host/source/src/platform/ec/build/zephyr/yavista/modules/ec/common/adc.c.obj
[navi:rw] [84/379] Building C object CMakeFiles/app.dir/mnt/host/source/src/platform/ec/build/zephyr/navi/modules/ec/common/usbc_intr_task.c.obj
[yavista:ro] [39/378] Building ASM object zephyr/CMakeFiles/zephyr.dir/soc/ite/ec/it8xxx2/__arithmetic.S.obj
[obiwan:rw] [202/361] Building C object modules/ec/zephyr/CMakeFiles/ec_shim.dir/shim/core/cortex-m/mpu.c.obj
[obiwan:ro] [116/361] Building C object zephyr/lib/libc/common/CMakeFiles/lib__libc__common.dir/source/time/asctime.c.obj
[yavista:rw] [41/378] Building C object CMakeFiles/app.dir/mnt/host/source/src/platform/ec/build/zephyr/yavista/modules/ec/common/acpi.c.obj
[obiwan:ro] [117/361] Building C object zephyr/lib/libc/common/CMakeFiles/lib__libc__common.dir/source/time/gmtime_r.c.obj
[obiwan:rw] [203/361] Building C object modules/ec/zephyr/CMakeFiles/ec_shim.dir/shim/core/cortex-m/panic.c.obj
[obiwan:ro] [118/361] Building C object zephyr/lib/libc/minimal/CMakeFiles/lib__libc__minimal.dir/source/time/gmtime.c.obj
[ciri:rw] [27/377] Building C object CMakeFiles/app.dir/mnt/host/source/src/platform/ec/build/zephyr/ciri/modules/ec/driver/accelgyro_bmi3xx.c.obj
[obiwan:ro] [119/361] Building C object zephyr/lib/libc/common/CMakeFiles/lib__libc__common.dir/source/stdlib/abort.c.obj
[navi:rw] [85/379] Building C object CMakeFiles/app.dir/mnt/host/source/src/platform/ec/build/zephyr/navi/modules/ec/common/usbc_utils.c.obj
[obiwan:ro] [120/361] Linking C static library zephyr/lib/libc/minimal/liblib__libc__minimal.a
[obiwan:rw] [204/361] Building C object modules/ec/zephyr/CMakeFiles/ec_shim.dir/shim/src/console.c.obj
[obiwan:ro] [121/361] Building C object zephyr/lib/libc/common/CMakeFiles/lib__libc__common.dir/source/time/localtime_r_utc.c.obj
[navi:rw] [86/379] Building C object CMakeFiles/app.dir/mnt/host/source/src/platform/ec/build/zephyr/navi/modules/ec/common/usb_pd_flags.c.obj
[obiwan:rw] [205/361] Building C object modules/ec/zephyr/CMakeFiles/ec_shim.dir/shim/src/gpio_int.c.obj
[obiwan:ro] [122/361] Building C object zephyr/lib/libc/common/CMakeFiles/lib__libc__common.dir/source/time/ctime.c.obj
[obiwan:rw] [206/361] Building C object modules/ec/zephyr/CMakeFiles/ec_shim.dir/shim/src/panic_utils.c.obj
[obiwan:rw] [207/361] Building C object modules/ec/zephyr/CMakeFiles/ec_shim.dir/shim/src/gpio.c.obj
[yavista:ro] [40/378] Building C object zephyr/CMakeFiles/zephyr.dir/soc/ite/ec/it8xxx2/ilm.c.obj
[obiwan:ro] [123/361] Building C object zephyr/lib/libc/common/CMakeFiles/lib__libc__common.dir/source/time/time.c.obj
[obiwan:ro] [124/361] Building C object zephyr/lib/libc/common/CMakeFiles/lib__libc__common.dir/source/string/strnlen.c.obj
[yavista:rw] [42/378] Building C object CMakeFiles/app.dir/mnt/host/source/src/platform/ec/build/zephyr/yavista/modules/ec/common/backlight_lid.c.obj
[navi:rw] [87/379] Building C object CMakeFiles/app.dir/mnt/host/source/src/platform/ec/build/zephyr/navi/modules/ec/common/chargen.c.obj
[obiwan:ro] [125/361] Building C object zephyr/lib/posix/c_lib_ext/CMakeFiles/lib__posix__c_lib_ext.dir/fnmatch.c.obj
[obiwan:rw] [208/361] Building C object modules/ec/zephyr/CMakeFiles/ec_shim.dir/shim/src/pm_state.c.obj
[obiwan:rw] [209/361] Building C object modules/ec/zephyr/CMakeFiles/ec_shim.dir/shim/src/cbi/cros_cbi.c.obj
[yavista:rw] [43/378] Building C object CMakeFiles/app.dir/mnt/host/source/src/platform/ec/build/zephyr/yavista/modules/ec/common/battery.c.obj
[obiwan:ro] [126/361] Building C object zephyr/lib/libc/common/CMakeFiles/lib__libc__common.dir/source/stdlib/malloc.c.obj
[yavista:ro] [41/378] Building C object zephyr/CMakeFiles/zephyr.dir/subsys/logging/log_minimal.c.obj
[obiwan:ro] [127/361] Linking C static library zephyr/lib/libc/common/liblib__libc__common.a
[obiwan:rw] [210/361] Building ASM object modules/ec/zephyr/CMakeFiles/ec_shim.dir/shim/src/libgcc_arm.S.obj
[obiwan:rw] [211/361] Building C object modules/ec/zephyr/CMakeFiles/ec_shim.dir/shim/src/cbi/cros_cbi_fw_config.c.obj
[navi:rw] [88/379] Building C object CMakeFiles/app.dir/mnt/host/source/src/platform/ec/build/zephyr/navi/modules/ec/common/usbc/usb_pd_console.c.obj
[obiwan:rw] [212/361] Building C object modules/ec/zephyr/CMakeFiles/ec_shim.dir/shim/src/cbi/cbi_flash.c.obj
[ciri:rw] [28/377] Building C object CMakeFiles/app.dir/mnt/host/source/src/platform/ec/build/zephyr/ciri/modules/ec/driver/accelgyro_lsm6dsm.c.obj
[obiwan:ro] [128/361] Building C object zephyr/lib/posix/c_lib_ext/CMakeFiles/lib__posix__c_lib_ext.dir/getentropy.c.obj
[navi:rw] [89/379] Building C object CMakeFiles/app.dir/mnt/host/source/src/platform/ec/build/zephyr/navi/modules/ec/driver/retimer/ps8802.c.obj
[yavista:rw] [44/378] Building C object CMakeFiles/app.dir/mnt/host/source/src/platform/ec/build/zephyr/yavista/modules/ec/common/battery_info.c.obj
[obiwan:rw] [213/361] Building C object modules/ec/zephyr/CMakeFiles/ec_shim.dir/shim/src/led_driver/led_pwm.c.obj
[obiwan:ro] [129/361] Building C object zephyr/lib/posix/c_lib_ext/CMakeFiles/lib__posix__c_lib_ext.dir/getopt_shim.c.obj
[obiwan:ro] [130/361] Linking C static library zephyr/lib/posix/c_lib_ext/liblib__posix__c_lib_ext.a
[obiwan:rw] [214/361] Building C object modules/ec/zephyr/CMakeFiles/ec_shim.dir/shim/src/led_driver/led.c.obj
[navi:rw] [90/379] Building C object CMakeFiles/app.dir/mnt/host/source/src/platform/ec/build/zephyr/navi/modules/ec/driver/usb_mux/anx3443.c.obj
[obiwan:rw] [215/361] Building C object modules/ec/zephyr/CMakeFiles/ec_shim.dir/shim/src/system.c.obj
[yavista:ro] [42/378] Building C object zephyr/CMakeFiles/zephyr.dir/subsys/pm/pm.c.obj
[obiwan:ro] [131/361] Building C object zephyr/lib/smf/CMakeFiles/lib__smf.dir/smf.c.obj
[yavista:rw] [45/378] Building C object CMakeFiles/app.dir/mnt/host/source/src/platform/ec/build/zephyr/yavista/modules/ec/common/battery_fuel_gauge.c.obj
[obiwan:ro] [132/361] Linking C static library zephyr/lib/smf/liblib__smf.a
[obiwan:ro] [133/361] Building C object zephyr/subsys/crc/CMakeFiles/subsys__crc.dir/crc4_sw.c.obj
[obiwan:rw] [216/361] Building C object modules/ec/zephyr/CMakeFiles/ec_shim.dir/shim/src/pdc_shim.c.obj
[obiwan:ro] [134/361] Building C object zephyr/subsys/mgmt/ec_host_cmd/CMakeFiles/subsys__mgmt__ec_host_cmd.dir/ec_host_cmd_handler.c.obj
[obiwan:rw] [217/361] Building C object modules/ec/zephyr/CMakeFiles/ec_shim.dir/shim/src/battery.c.obj
[obiwan:rw] [218/361] Building C object modules/ec/zephyr/CMakeFiles/ec_shim.dir/shim/src/adc.c.obj
[yavista:ro] [43/378] Building C object zephyr/CMakeFiles/zephyr.dir/subsys/pm/state.c.obj
[obiwan:ro] [135/361] Linking C static library zephyr/subsys/mgmt/ec_host_cmd/libsubsys__mgmt__ec_host_cmd.a
[ciri:rw] [29/377] Building C object CMakeFiles/app.dir/mnt/host/source/src/platform/ec/build/zephyr/ciri/modules/ec/common/motion_sense_fifo.c.obj
[obiwan:rw] [219/361] Building C object modules/ec/zephyr/CMakeFiles/ec_shim.dir/shim/src/charger.c.obj
[navi:rw] [91/379] Building C object CMakeFiles/app.dir/mnt/host/source/src/platform/ec/build/zephyr/navi/modules/ec/driver/usb_mux/it5205.c.obj
[obiwan:ro] [136/361] Building C object zephyr/subsys/crc/CMakeFiles/subsys__crc.dir/crc8_sw.c.obj
[yavista:rw] [46/378] Building C object CMakeFiles/app.dir/mnt/host/source/src/platform/ec/build/zephyr/yavista/modules/ec/driver/battery/smart.c.obj
[obiwan:ro] [137/361] Building C object zephyr/subsys/mgmt/ec_host_cmd/backends/CMakeFiles/subsys__mgmt__ec_host_cmd__backends.dir/ec_host_cmd_backend_shi_npcx.c.obj
[obiwan:ro] [138/361] Building C object zephyr/subsys/crc/CMakeFiles/subsys__crc.dir/crc16_sw.c.obj
[obiwan:ro] [139/361] Building C object zephyr/subsys/crc/CMakeFiles/subsys__crc.dir/crc7_sw.c.obj
[navi:rw] [92/379] Building C object CMakeFiles/app.dir/mnt/host/source/src/platform/ec/build/zephyr/navi/modules/ec/driver/usb_mux/virtual.c.obj
[obiwan:rw] [220/361] Building C object modules/ec/zephyr/CMakeFiles/ec_shim.dir/shim/src/flash.c.obj
[obiwan:ro] [140/361] Linking C static library zephyr/subsys/mgmt/ec_host_cmd/backends/libsubsys__mgmt__ec_host_cmd__backends.a
[navi:rw] [93/379] Building C object CMakeFiles/app.dir/mnt/host/source/src/platform/ec/build/zephyr/navi/modules/ec/driver/usb_mux/usb_mux.c.obj
[obiwan:ro] [141/361] Building C object zephyr/subsys/crc/CMakeFiles/subsys__crc.dir/crc32c_sw.c.obj
[obiwan:ro] [142/361] Building C object zephyr/subsys/crc/CMakeFiles/subsys__crc.dir/crc24_sw.c.obj
[obiwan:ro] [143/361] Building C object zephyr/subsys/crc/CMakeFiles/subsys__crc.dir/crc32_sw.c.obj
[obiwan:ro] [144/361] Building C object zephyr/subsys/crc/CMakeFiles/subsys__crc.dir/crc32k_4_2_sw.c.obj
[obiwan:rw] [221/361] Building C object modules/ec/zephyr/CMakeFiles/ec_shim.dir/shim/src/hooks.c.obj
[obiwan:ro] [145/361] Linking C static library zephyr/subsys/crc/libsubsys__crc.a
[yavista:ro] [44/378] Building C object zephyr/CMakeFiles/zephyr.dir/subsys/pm/policy/policy_events.c.obj
[yavista:rw] [47/378] Building C object CMakeFiles/app.dir/mnt/host/source/src/platform/ec/build/zephyr/yavista/modules/ec/driver/bc12/pi3usb9201.c.obj
[obiwan:rw] [222/361] Building C object modules/ec/zephyr/CMakeFiles/ec_shim.dir/shim/src/host_command.c.obj
[obiwan:rw] [223/361] Building C object modules/ec/zephyr/CMakeFiles/ec_shim.dir/shim/src/keyboard_raw.c.obj
[obiwan:rw] [224/361] Building C object modules/ec/zephyr/CMakeFiles/ec_shim.dir/shim/src/keyscan.c.obj
[obiwan:rw] [225/361] Building C object modules/ec/zephyr/CMakeFiles/ec_shim.dir/shim/src/console_buffer.c.obj
[ciri:rw] [30/377] Building C object CMakeFiles/app.dir/mnt/host/source/src/platform/ec/build/zephyr/ciri/modules/ec/common/adc.c.obj
[obiwan:rw] [226/361] Building C object modules/ec/zephyr/CMakeFiles/ec_shim.dir/shim/src/mkbp_event.c.obj
[navi:rw] [94/379] Building C object CMakeFiles/app.dir/mnt/host/source/src/platform/ec/build/zephyr/navi/modules/ec/common/event_log.c.obj
[yavista:rw] [48/378] Building C object CMakeFiles/app.dir/mnt/host/source/src/platform/ec/build/zephyr/yavista/modules/ec/driver/charger/sm5803.c.obj
[navi:rw] [95/379] Building C object CMakeFiles/app.dir/mnt/host/source/src/platform/ec/build/zephyr/navi/modules/ec/common/dps.c.obj
[yavista:ro] [45/378] Building C object zephyr/CMakeFiles/zephyr.dir/subsys/pm/policy/policy_latency.c.obj
[obiwan:ro] [146/361] Building C object zephyr/drivers/interrupt_controller/CMakeFiles/drivers__interrupt_controller.dir/intc_miwu.c.obj
[obiwan:ro] [147/361] Building C object zephyr/drivers/adc/CMakeFiles/drivers__adc.dir/adc_common.c.obj
[obiwan:ro] [148/361] Linking C static library zephyr/drivers/interrupt_controller/libdrivers__interrupt_controller.a
[navi:rw] [96/379] Building C object CMakeFiles/app.dir/mnt/host/source/src/platform/ec/build/zephyr/navi/modules/ec/common/pd_log.c.obj
[obiwan:rw] [227/361] Building C object modules/ec/zephyr/CMakeFiles/ec_shim.dir/shim/src/panic.c.obj
[obiwan:rw] [228/361] Building C object modules/ec/zephyr/CMakeFiles/ec_shim.dir/shim/src/power.c.obj
[yavista:rw] [49/378] Building C object CMakeFiles/app.dir/mnt/host/source/src/platform/ec/build/zephyr/yavista/modules/ec/common/charger.c.obj
[obiwan:ro] [149/361] Building C object zephyr/drivers/adc/CMakeFiles/drivers__adc.dir/adc_npcx.c.obj
[obiwan:rw] [229/361] Building C object modules/ec/zephyr/CMakeFiles/ec_shim.dir/shim/src/pwm_hc.c.obj
[obiwan:rw] [230/361] Building C object modules/ec/zephyr/CMakeFiles/ec_shim.dir/shim/src/hwtimer.c.obj
[obiwan:rw] [231/361] Building C object modules/ec/zephyr/CMakeFiles/ec_shim.dir/shim/src/temp_sensors.c.obj
[obiwan:ro] [150/361] Linking C static library zephyr/drivers/adc/libdrivers__adc.a
[yavista:ro] [46/378] Building C object zephyr/CMakeFiles/zephyr.dir/subsys/pm/policy/policy_state_lock.c.obj
[obiwan:rw] [232/361] cd /mnt/host/source/src/platform/ec/build/zephyr/obiwan/build-rw/modules/ec/zephyr && PYTHONPATH=/mnt/host/source/src/platform/ec/build/zephyr/obiwan/modules/ec/zephyr/zmake/ /usr/bin/python3.11 /mnt/host/source/src/platform/ec/build/zephyr/obiwan/modules/ec/zephyr/zmake/zephyr_build_tools/generate_ec_version.py /mnt/host/source/src/platform/ec/build/zephyr/obiwan/build-rw/modules/ec/zephyr/include/ec_version.h --name Zephyr-Kernel --version 16543.0.0 --static
[ciri:rw] [31/377] Building C object CMakeFiles/app.dir/mnt/host/source/src/platform/ec/build/zephyr/ciri/modules/ec/common/base_state.c.obj
[obiwan:rw] INFO:root:Using a static version string
[obiwan:rw] INFO:root:Version string: Zephyr-Kernel-16543.0.0
[obiwan:rw] INFO:root:Writing header to /mnt/host/source/src/platform/ec/build/zephyr/obiwan/build-rw/modules/ec/zephyr/include/ec_version.h
[obiwan:rw] [233/361] Building C object modules/ec/zephyr/CMakeFiles/ec_shim.dir/shim/src/thermal.c.obj
[obiwan:ro] [151/361] Building C object zephyr/drivers/clock_control/CMakeFiles/drivers__clock_control.dir/clock_control_npcx.c.obj
[obiwan:ro] [152/361] Building C object zephyr/drivers/bbram/CMakeFiles/drivers__bbram.dir/bbram_npcx.c.obj
[obiwan:ro] [153/361] Linking C static library zephyr/drivers/clock_control/libdrivers__clock_control.a
[yavista:rw] [50/378] Building C object CMakeFiles/app.dir/mnt/host/source/src/platform/ec/build/zephyr/yavista/modules/ec/common/charge_state.c.obj
[obiwan:ro] [154/361] Linking C static library zephyr/drivers/bbram/libdrivers__bbram.a
[obiwan:rw] [234/361] Building C object modules/ec/zephyr/CMakeFiles/ec_shim.dir/shim/src/i2c.c.obj
[yavista:ro] [47/378] Building C object zephyr/CMakeFiles/zephyr.dir/subsys/pm/device.c.obj
[navi:rw] [97/379] Building C object CMakeFiles/app.dir/mnt/host/source/src/platform/ec/build/zephyr/navi/modules/ec/common/usbc/usb_prl_sm.c.obj
[obiwan:ro] [155/361] Building C object zephyr/drivers/console/CMakeFiles/drivers__console.dir/uart_console.c.obj
[obiwan:rw] [235/361] Building C object modules/ec/zephyr/CMakeFiles/ec_shim.dir/shim/src/tasks.c.obj
[obiwan:rw] [236/361] Building C object modules/ec/zephyr/CMakeFiles/ec_shim.dir/shim/src/usba.c.obj
[obiwan:rw] [237/361] Building C object CMakeFiles/app.dir/mnt/host/source/src/platform/ec/zephyr/subsys/ap_pwrseq/ap_events.c.obj
[obiwan:ro] [156/361] Linking C static library zephyr/drivers/console/libdrivers__console.a
[navi:rw] [98/379] Building C object CMakeFiles/app.dir/mnt/host/source/src/platform/ec/build/zephyr/navi/modules/ec/common/usbc/usb_tc_drp_acc_trysrc_sm.c.obj
[obiwan:rw] [238/361] Building C object modules/ec/zephyr/CMakeFiles/ec_shim.dir/shim/src/watchdog.c.obj
[ciri:rw] [32/377] Building C object CMakeFiles/app.dir/mnt/host/source/src/platform/ec/build/zephyr/ciri/modules/ec/common/battery.c.obj
[obiwan:rw] [239/361] Building C object CMakeFiles/app.dir/mnt/host/source/src/platform/ec/zephyr/subsys/pd_controller/pdc_pmc_debug.c.obj
[obiwan:ro] [157/361] Building C object zephyr/drivers/flash/CMakeFiles/drivers__flash.dir/jesd216.c.obj
[yavista:rw] [51/378] Building C object CMakeFiles/app.dir/mnt/host/source/src/platform/ec/build/zephyr/yavista/modules/ec/common/charge_manager.c.obj
[obiwan:ro] [158/361] Building C object zephyr/drivers/flash/CMakeFiles/drivers__flash.dir/flash_npcx_fiu_nor.c.obj
[yavista:ro] [48/378] Building C object zephyr/CMakeFiles/zephyr.dir/subsys/pm/device_system_managed.c.obj
[yavista:rw] [52/378] Building C object CMakeFiles/app.dir/mnt/host/source/src/platform/ec/build/zephyr/yavista/modules/ec/common/ocpc.c.obj
[obiwan:rw] [240/361] Building C object CMakeFiles/app.dir/mnt/host/source/src/platform/ec/zephyr/subsys/pd_controller/pdc_stub.c.obj
[navi:rw] [99/379] Building C object CMakeFiles/app.dir/mnt/host/source/src/platform/ec/build/zephyr/navi/modules/ec/common/usbc/usb_pe_drp_sm.c.obj
[obiwan:ro] [159/361] Building C object zephyr/drivers/flash/CMakeFiles/drivers__flash.dir/flash_npcx_fiu_qspi.c.obj
[obiwan:rw] [241/361] Building C object CMakeFiles/app.dir/mnt/host/source/src/platform/ec/zephyr/subsys/pd_controller/pdc_console.c.obj
[obiwan:ro] [160/361] Linking C static library zephyr/drivers/flash/libdrivers__flash.a
[obiwan:rw] [242/361] Building C object CMakeFiles/app.dir/mnt/host/source/src/platform/ec/zephyr/subsys/pd_controller/pdc_host_cmd.c.obj
[navi:rw] [100/379] Building C object CMakeFiles/app.dir/mnt/host/source/src/platform/ec/build/zephyr/navi/modules/ec/common/usbc/usbc_pd_policy.c.obj
[navi:rw] [101/379] Building C object CMakeFiles/app.dir/mnt/host/source/src/platform/ec/build/zephyr/navi/modules/ec/common/usbc/usb_pd_dpm.c.obj
[yavista:rw] [53/378] Building C object CMakeFiles/app.dir/mnt/host/source/src/platform/ec/build/zephyr/yavista/modules/ec/common/cbi_common.c.obj
[ciri:rw] [33/377] Building C object CMakeFiles/app.dir/mnt/host/source/src/platform/ec/build/zephyr/ciri/modules/ec/common/battery_info.c.obj
[yavista:ro] [49/378] Building C object zephyr/CMakeFiles/zephyr.dir/subsys/testsuite/coverage/coverage.c.obj
[obiwan:rw] [243/361] Building C object CMakeFiles/app.dir/mnt/host/source/src/platform/ec/zephyr/subsys/pd_controller/pdc_dpm.c.obj
[obiwan:ro] [161/361] Building C object zephyr/drivers/gpio/CMakeFiles/drivers__gpio.dir/gpio_npcx.c.obj
[obiwan:rw] [244/361] Building C object CMakeFiles/app.dir/mnt/host/source/src/platform/ec/zephyr/subsys/ucsi/ppm_common.c.obj
[obiwan:ro] [162/361] Building C object zephyr/drivers/i2c/CMakeFiles/drivers__i2c.dir/i2c_common.c.obj
[obiwan:ro] [163/361] Linking C static library zephyr/drivers/gpio/libdrivers__gpio.a
[obiwan:rw] [245/361] Building C object CMakeFiles/app.dir/mnt/host/source/src/platform/ec/zephyr/subsys/pd_controller/pdc_power_mgmt.c.obj
[yavista:rw] [54/378] Building C object CMakeFiles/app.dir/mnt/host/source/src/platform/ec/build/zephyr/yavista/modules/ec/common/cbi.c.obj
[yavista:ro] [50/378] Building C object zephyr/CMakeFiles/zephyr.dir/subsys/tracing/tracing_none.c.obj
[yavista:rw] [55/378] Building C object CMakeFiles/app.dir/mnt/host/source/src/platform/ec/build/zephyr/yavista/modules/ec/common/cbi_config.c.obj
[obiwan:rw] [246/361] Building C object CMakeFiles/app.dir/mnt/host/source/src/platform/ec/zephyr/subsys/ucsi/ppm_console.c.obj
[obiwan:ro] [164/361] Building C object zephyr/drivers/i2c/CMakeFiles/drivers__i2c.dir/i2c_shell.c.obj
[obiwan:rw] [247/361] Building C object CMakeFiles/app.dir/mnt/host/source/src/platform/ec/zephyr/subsys/ucsi/ucsi_host_cmd.c.obj
[navi:rw] [102/379] Building C object CMakeFiles/app.dir/mnt/host/source/src/platform/ec/build/zephyr/navi/modules/ec/common/usb_pd_host_cmd.c.obj
[ciri:rw] [34/377] Building C object CMakeFiles/app.dir/mnt/host/source/src/platform/ec/build/zephyr/ciri/modules/ec/common/battery_fuel_gauge.c.obj
[obiwan:rw] [248/361] Building C object CMakeFiles/app.dir/mnt/host/source/src/platform/ec/build/zephyr/obiwan/modules/ec/builtin/stdlib.c.obj
[navi:rw] [103/379] Building C object CMakeFiles/app.dir/mnt/host/source/src/platform/ec/build/zephyr/navi/modules/ec/common/usb_pd_console_cmd.c.obj
[obiwan:rw] [249/361] Building C object CMakeFiles/app.dir/mnt/host/source/src/platform/ec/build/zephyr/obiwan/modules/ec/common/base32.c.obj
[navi:rw] [104/379] Building C object CMakeFiles/app.dir/mnt/host/source/src/platform/ec/build/zephyr/navi/modules/ec/common/usbc/dp_alt_mode.c.obj
[obiwan:ro] [165/361] Building C object zephyr/drivers/i2c/CMakeFiles/drivers__i2c.dir/i2c_npcx_controller.c.obj
[obiwan:ro] [166/361] Building C object zephyr/drivers/i2c/CMakeFiles/drivers__i2c.dir/i2c_npcx_controller_fifo.c.obj
[obiwan:rw] [250/361] Building C object CMakeFiles/app.dir/mnt/host/source/src/platform/ec/zephyr/subsys/ucsi/ppm_driver.c.obj
[yavista:rw] [56/378] Building C object CMakeFiles/app.dir/mnt/host/source/src/platform/ec/build/zephyr/yavista/modules/ec/common/dptf.c.obj
[yavista:ro] [51/378] Building C object zephyr/CMakeFiles/zephyr.dir/subsys/shell/modules/device_service.c.obj
[obiwan:rw] [251/361] Building C object CMakeFiles/app.dir/mnt/host/source/src/platform/ec/build/zephyr/obiwan/modules/ec/common/console_output.c.obj
[yavista:rw] [57/378] Building C object CMakeFiles/app.dir/mnt/host/source/src/platform/ec/build/zephyr/yavista/modules/ec/common/ap_reset_log.c.obj
[obiwan:ro] [167/361] Building C object zephyr/drivers/i2c/CMakeFiles/drivers__i2c.dir/i2c_npcx_port.c.obj
[obiwan:rw] [252/361] Building C object CMakeFiles/app.dir/mnt/host/source/src/platform/ec/build/zephyr/obiwan/modules/ec/common/ec_features.c.obj
[obiwan:ro] [168/361] Building C object zephyr/drivers/pinctrl/CMakeFiles/drivers__pinctrl.dir/common.c.obj
[obiwan:ro] [169/361] Building C object zephyr/drivers/pinctrl/CMakeFiles/drivers__pinctrl.dir/pinctrl_npcx.c.obj
[obiwan:rw] [253/361] Building C object CMakeFiles/app.dir/mnt/host/source/src/platform/ec/build/zephyr/obiwan/modules/ec/common/gpio_commands.c.obj
[obiwan:ro] [170/361] Linking C static library zephyr/drivers/i2c/libdrivers__i2c.a
[obiwan:ro] [171/361] Linking C static library zephyr/drivers/pinctrl/libdrivers__pinctrl.a
[navi:rw] [105/379] Building C object CMakeFiles/app.dir/mnt/host/source/src/platform/ec/build/zephyr/navi/modules/ec/common/usbc/usb_pd_host.c.obj
[obiwan:rw] [254/361] Building C object CMakeFiles/app.dir/mnt/host/source/src/platform/ec/build/zephyr/obiwan/modules/ec/common/printf.c.obj
[obiwan:rw] [255/361] Building C object CMakeFiles/app.dir/mnt/host/source/src/platform/ec/build/zephyr/obiwan/modules/ec/common/peripheral.c.obj
[yavista:ro] [52/378] Building C object zephyr/CMakeFiles/zephyr.dir/subsys/shell/modules/date_service.c.obj
[obiwan:rw] [256/361] Building C object CMakeFiles/app.dir/mnt/host/source/src/platform/ec/build/zephyr/obiwan/modules/ec/common/queue.c.obj
[ciri:rw] [35/377] Building C object CMakeFiles/app.dir/mnt/host/source/src/platform/ec/build/zephyr/ciri/modules/ec/driver/battery/smart.c.obj
[navi:rw] [106/379] Building C object CMakeFiles/app.dir/mnt/host/source/src/platform/ec/build/zephyr/navi/modules/ec/common/usb_pd_host_cmd_common.c.obj
[navi:rw] [107/379] Building C object CMakeFiles/app.dir/mnt/host/source/src/platform/ec/build/zephyr/navi/modules/ec/zephyr/shim/src/tcpc.c.obj
[yavista:rw] [58/378] Building C object CMakeFiles/app.dir/mnt/host/source/src/platform/ec/build/zephyr/yavista/modules/ec/common/espi.c.obj
[obiwan:rw] [257/361] Building C object CMakeFiles/app.dir/mnt/host/source/src/platform/ec/build/zephyr/obiwan/modules/ec/common/system.c.obj
[obiwan:ro] [172/361] Building C object zephyr/drivers/pwm/CMakeFiles/drivers__pwm.dir/pwm_shell.c.obj
[yavista:rw] [59/378] Building C object CMakeFiles/app.dir/mnt/host/source/src/platform/ec/build/zephyr/yavista/modules/ec/common/extpower_common.c.obj
[obiwan:rw] [258/361] Building C object CMakeFiles/app.dir/mnt/host/source/src/platform/ec/build/zephyr/obiwan/modules/ec/common/system_boot_time.c.obj
[obiwan:rw] [259/361] Building C object CMakeFiles/app.dir/mnt/host/source/src/platform/ec/build/zephyr/obiwan/modules/ec/common/uart_printf.c.obj
[navi:rw] [108/379] Building C object CMakeFiles/app.dir/mnt/host/source/src/platform/ec/build/zephyr/navi/modules/ec/common/usbc/svdm_rsp_dfp_only.c.obj
[obiwan:ro] [173/361] Building C object zephyr/drivers/serial/CMakeFiles/drivers__serial.dir/uart_npcx.c.obj
[obiwan:rw] [260/361] Building C object CMakeFiles/app.dir/mnt/host/source/src/platform/ec/build/zephyr/obiwan/modules/ec/common/version.c.obj
[obiwan:ro] [174/361] Building C object zephyr/drivers/pwm/CMakeFiles/drivers__pwm.dir/pwm_npcx.c.obj
[obiwan:rw] [261/361] Building C object CMakeFiles/app.dir/mnt/host/source/src/platform/ec/build/zephyr/obiwan/modules/ec/common/util.c.obj
[yavista:ro] [53/378] Building C object zephyr/CMakeFiles/zephyr.dir/subsys/shell/backends/shell_uart.c.obj
[obiwan:ro] [175/361] Linking C static library zephyr/drivers/serial/libdrivers__serial.a
[obiwan:ro] [176/361] Linking C static library zephyr/drivers/pwm/libdrivers__pwm.a
[obiwan:rw] [262/361] Building C object CMakeFiles/app.dir/mnt/host/source/src/platform/ec/build/zephyr/obiwan/modules/ec/common/adc.c.obj
[navi:rw] [109/379] Building C object CMakeFiles/app.dir/mnt/host/source/src/platform/ec/build/zephyr/navi/modules/ec/common/usbc_ocp.c.obj
[navi:rw] [110/379] Building C object CMakeFiles/app.dir/mnt/host/source/src/platform/ec/build/zephyr/navi/modules/ec/common/usb_pd_discovery.c.obj
[yavista:rw] [60/378] Building C object CMakeFiles/app.dir/mnt/host/source/src/platform/ec/build/zephyr/yavista/modules/ec/common/fan.c.obj
[ciri:rw] [36/377] Building C object CMakeFiles/app.dir/mnt/host/source/src/platform/ec/build/zephyr/ciri/modules/ec/driver/charger/rt9490.c.obj
[obiwan:ro] [177/361] Building C object zephyr/drivers/syscon/CMakeFiles/drivers__syscon.dir/syscon.c.obj
[obiwan:ro] [178/361] Linking C static library zephyr/drivers/syscon/libdrivers__syscon.a
[obiwan:ro] [179/361] Building C object zephyr/drivers/timer/CMakeFiles/drivers__timer.dir/sys_clock_init.c.obj
[obiwan:rw] [263/361] Building C object CMakeFiles/app.dir/mnt/host/source/src/platform/ec/build/zephyr/obiwan/modules/ec/common/battery.c.obj
[obiwan:rw] [264/361] Building C object CMakeFiles/app.dir/mnt/host/source/src/platform/ec/build/zephyr/obiwan/modules/ec/common/battery_fuel_gauge.c.obj
[navi:rw] [111/379] Building C object CMakeFiles/app.dir/mnt/host/source/src/platform/ec/build/zephyr/navi/modules/ec/common/usb_pd_dual_role.c.obj
[yavista:rw] [61/378] Building C object CMakeFiles/app.dir/mnt/host/source/src/platform/ec/build/zephyr/yavista/modules/ec/common/flash.c.obj
[yavista:ro] [54/378] Building C object zephyr/CMakeFiles/zephyr.dir/subsys/shell/shell.c.obj
[obiwan:ro] [180/361] Building C object zephyr/drivers/timer/CMakeFiles/drivers__timer.dir/npcx_itim_timer.c.obj
[obiwan:rw] [265/361] Building C object CMakeFiles/app.dir/mnt/host/source/src/platform/ec/build/zephyr/obiwan/modules/ec/common/battery_info.c.obj
[obiwan:rw] [266/361] Building C object CMakeFiles/app.dir/mnt/host/source/src/platform/ec/build/zephyr/obiwan/modules/ec/driver/battery/smart.c.obj
[obiwan:ro] [181/361] Linking C static library zephyr/drivers/timer/libdrivers__timer.a
[obiwan:rw] [267/361] Building C object CMakeFiles/app.dir/mnt/host/source/src/platform/ec/build/zephyr/obiwan/modules/ec/driver/charger/bq25710.c.obj
[navi:rw] [112/379] Building C object CMakeFiles/app.dir/mnt/host/source/src/platform/ec/build/zephyr/navi/modules/ec/common/usbc/dp_hpd_gpio.c.obj
[obiwan:rw] [268/361] Building C object CMakeFiles/app.dir/mnt/host/source/src/platform/ec/build/zephyr/obiwan/modules/ec/common/charger.c.obj
[yavista:rw] [62/378] Building C object CMakeFiles/app.dir/mnt/host/source/src/platform/ec/build/zephyr/yavista/modules/ec/common/host_command.c.obj
[obiwan:ro] [182/361] Building C object zephyr/drivers/watchdog/CMakeFiles/drivers__watchdog.dir/wdt_npcx.c.obj
[navi:rw] [113/379] Building C object CMakeFiles/app.dir/mnt/host/source/src/platform/ec/build/zephyr/navi/modules/ec/driver/tcpm/tcpci.c.obj
[ciri:rw] [37/377] Building C object CMakeFiles/app.dir/mnt/host/source/src/platform/ec/build/zephyr/ciri/modules/ec/common/charger.c.obj
[obiwan:ro] [183/361] Building C object zephyr/drivers/watchdog/CMakeFiles/drivers__watchdog.dir/wdt_shell.c.obj
[yavista:ro] [55/378] Building C object zephyr/CMakeFiles/zephyr.dir/subsys/shell/shell_fprintf.c.obj
[obiwan:ro] [184/361] Linking C static library zephyr/drivers/watchdog/libdrivers__watchdog.a
[navi:rw] [114/379] Building C object CMakeFiles/app.dir/mnt/host/source/src/platform/ec/build/zephyr/navi/modules/ec/driver/tcpm/ite_pd_intc.c.obj
[yavista:rw] [63/378] Building C object CMakeFiles/app.dir/mnt/host/source/src/platform/ec/build/zephyr/yavista/modules/ec/common/host_command_task.c.obj
[obiwan:rw] [269/361] Building C object CMakeFiles/app.dir/mnt/host/source/src/platform/ec/build/zephyr/obiwan/modules/ec/common/cbi.c.obj
[obiwan:rw] [270/361] Building C object CMakeFiles/app.dir/mnt/host/source/src/platform/ec/build/zephyr/obiwan/modules/ec/common/cbi_config.c.obj
[obiwan:rw] [271/361] Building C object CMakeFiles/app.dir/mnt/host/source/src/platform/ec/build/zephyr/obiwan/modules/ec/common/charge_state.c.obj
[obiwan:rw] [272/361] Building C object CMakeFiles/app.dir/mnt/host/source/src/platform/ec/build/zephyr/obiwan/modules/ec/common/cbi_common.c.obj
[obiwan:rw] [273/361] Building C object CMakeFiles/app.dir/mnt/host/source/src/platform/ec/build/zephyr/obiwan/modules/ec/common/charge_manager.c.obj
[obiwan:ro] [185/361] Building C object modules/ec/zephyr/CMakeFiles/ec_shim.dir/app/ec/ec_app_main.c.obj
[yavista:rw] [64/378] Building C object CMakeFiles/app.dir/mnt/host/source/src/platform/ec/build/zephyr/yavista/modules/ec/common/host_event_commands.c.obj
[obiwan:rw] [274/361] Building C object CMakeFiles/app.dir/mnt/host/source/src/platform/ec/build/zephyr/obiwan/modules/ec/common/memory_commands.c.obj
[obiwan:ro] [186/361] Building C object modules/ec/zephyr/CMakeFiles/ec_shim.dir/app/ec/main_shim.c.obj
[navi:rw] [115/379] Building C object CMakeFiles/app.dir/mnt/host/source/src/platform/ec/build/zephyr/navi/modules/ec/driver/tcpm/it8xxx2.c.obj
[yavista:ro] [56/378] Building C object zephyr/CMakeFiles/zephyr.dir/subsys/shell/shell_utils.c.obj
[navi:rw] [116/379] Building C object CMakeFiles/app.dir/mnt/host/source/src/platform/ec/build/zephyr/navi/modules/ec/common/usbc_ppc.c.obj
[yavista:rw] [65/378] Building C object CMakeFiles/app.dir/mnt/host/source/src/platform/ec/build/zephyr/yavista/modules/ec/common/uart_hostcmd.c.obj
[obiwan:ro] [187/361] Building C object modules/ec/zephyr/CMakeFiles/ec_shim.dir/drivers/cros_flash/cros_flash_npcx.c.obj
[navi:rw] [117/379] Building C object CMakeFiles/app.dir/mnt/host/source/src/platform/ec/build/zephyr/navi/modules/ec/driver/ppc/syv682x.c.obj
[ciri:rw] [38/377] Building C object CMakeFiles/app.dir/mnt/host/source/src/platform/ec/build/zephyr/ciri/modules/ec/common/charge_state.c.obj
[obiwan:rw] [275/361] Building C object CMakeFiles/app.dir/mnt/host/source/src/platform/ec/build/zephyr/obiwan/modules/ec/common/chipset.c.obj
[obiwan:rw] [276/361] Building C object CMakeFiles/app.dir/mnt/host/source/src/platform/ec/build/zephyr/obiwan/modules/ec/common/extpower_gpio.c.obj
[obiwan:rw] [277/361] Building C object CMakeFiles/app.dir/mnt/host/source/src/platform/ec/build/zephyr/obiwan/modules/ec/common/ap_reset_log.c.obj
[obiwan:rw] [278/361] Building C object CMakeFiles/app.dir/mnt/host/source/src/platform/ec/build/zephyr/obiwan/modules/ec/common/extpower_common.c.obj
[yavista:rw] [66/378] Building C object CMakeFiles/app.dir/mnt/host/source/src/platform/ec/build/zephyr/yavista/modules/ec/common/uptime.c.obj
[obiwan:ro] [188/361] Building C object modules/ec/zephyr/CMakeFiles/ec_shim.dir/drivers/cros_kb_raw/cros_kb_raw_npcx.c.obj
[obiwan:rw] [279/361] Building C object CMakeFiles/app.dir/mnt/host/source/src/platform/ec/build/zephyr/obiwan/modules/ec/common/flash.c.obj
[obiwan:ro] [189/361] Building C object modules/ec/zephyr/CMakeFiles/ec_shim.dir/drivers/cros_kblight/pwm_kblight.c.obj
[obiwan:rw] [280/361] Building C object CMakeFiles/app.dir/mnt/host/source/src/platform/ec/build/zephyr/obiwan/modules/ec/common/host_command.c.obj
[yavista:ro] [57/378] Building C object zephyr/CMakeFiles/zephyr.dir/subsys/shell/shell_ops.c.obj
[navi:rw] [118/379] Building C object CMakeFiles/app.dir/mnt/host/source/src/platform/ec/build/zephyr/navi/modules/ec/common/vboot_hash.c.obj
[navi:rw] [119/379] Building C object CMakeFiles/app.dir/mnt/host/source/src/platform/ec/build/zephyr/navi/modules/ec/common/button.c.obj
[yavista:rw] [67/378] Building C object CMakeFiles/app.dir/mnt/host/source/src/platform/ec/build/zephyr/yavista/modules/ec/common/i2c_controller.c.obj
[obiwan:ro] [190/361] Building C object modules/ec/zephyr/CMakeFiles/ec_shim.dir/drivers/usbc/ucsi_v3.c.obj
[obiwan:ro] [191/361] Building C object modules/ec/zephyr/CMakeFiles/ec_shim.dir/drivers/cros_system/cros_system_npcx.c.obj
[obiwan:rw] [281/361] Building C object CMakeFiles/app.dir/mnt/host/source/src/platform/ec/build/zephyr/obiwan/modules/ec/common/uart_hostcmd.c.obj
[obiwan:rw] [282/361] Building C object CMakeFiles/app.dir/mnt/host/source/src/platform/ec/build/zephyr/obiwan/modules/ec/common/host_event_commands.c.obj
[navi:rw] [120/379] Building C object CMakeFiles/app.dir/mnt/host/source/src/platform/ec/build/zephyr/navi/modules/ec/common/vboot/efs2.c.obj
[yavista:ro] [58/378] Building C object zephyr/CMakeFiles/zephyr.dir/subsys/shell/shell_cmds.c.obj
[obiwan:rw] [283/361] Building C object CMakeFiles/app.dir/mnt/host/source/src/platform/ec/build/zephyr/obiwan/modules/ec/common/uptime.c.obj
[yavista:rw] [68/378] Building C object CMakeFiles/app.dir/mnt/host/source/src/platform/ec/build/zephyr/yavista/modules/ec/common/i2c_passthru.c.obj
[obiwan:rw] [284/361] Building C object CMakeFiles/app.dir/mnt/host/source/src/platform/ec/build/zephyr/obiwan/modules/ec/common/i2c_controller.c.obj
[obiwan:rw] [285/361] Building C object CMakeFiles/app.dir/mnt/host/source/src/platform/ec/build/zephyr/obiwan/modules/ec/common/i2c_passthru.c.obj
[obiwan:rw] [286/361] Building C object CMakeFiles/app.dir/mnt/host/source/src/platform/ec/build/zephyr/obiwan/modules/ec/common/virtual_battery.c.obj
[ciri:rw] [39/377] Building C object CMakeFiles/app.dir/mnt/host/source/src/platform/ec/build/zephyr/ciri/modules/ec/common/charge_manager.c.obj
[navi:rw] [121/379] Building C object CMakeFiles/app.dir/mnt/host/source/src/platform/ec/build/zephyr/navi/modules/ec/common/vstore.c.obj
[yavista:ro] [59/378] Building C object zephyr/CMakeFiles/zephyr.dir/subsys/shell/shell_history.c.obj
[obiwan:ro] [192/361] Building C object modules/ec/zephyr/CMakeFiles/ec_shim.dir/drivers/usbc/pdc_rts54xx.c.obj
[navi:rw] [122/379] Building C object CMakeFiles/app.dir/mnt/host/source/src/platform/ec/build/zephyr/navi/modules/ec/common/math_util.c.obj
[yavista:rw] [69/378] Building C object CMakeFiles/app.dir/mnt/host/source/src/platform/ec/build/zephyr/yavista/modules/ec/common/keyboard_scan.c.obj
[obiwan:ro] [193/361] Building C object modules/ec/zephyr/CMakeFiles/ec_shim.dir/shim/chip/npcx/clock.c.obj
[navi:rw] [123/379] Building C object CMakeFiles/app.dir/mnt/host/source/src/platform/ec/build/zephyr/navi/modules/ec/zephyr/program/rauru/src/common.c.obj
[obiwan:rw] [287/361] Building C object CMakeFiles/app.dir/mnt/host/source/src/platform/ec/build/zephyr/obiwan/modules/ec/common/mkbp_fifo.c.obj
[obiwan:rw] [288/361] Building C object CMakeFiles/app.dir/mnt/host/source/src/platform/ec/build/zephyr/obiwan/modules/ec/common/keyboard_scan.c.obj
[obiwan:rw] [289/361] Building C object CMakeFiles/app.dir/mnt/host/source/src/platform/ec/build/zephyr/obiwan/modules/ec/common/mkbp_info.c.obj
[yavista:rw] [70/378] Building C object CMakeFiles/app.dir/mnt/host/source/src/platform/ec/build/zephyr/yavista/modules/ec/common/keyboard_8042.c.obj
[obiwan:rw] [290/361] Building C object CMakeFiles/app.dir/mnt/host/source/src/platform/ec/build/zephyr/obiwan/modules/ec/common/mkbp_input_devices.c.obj
[obiwan:rw] [291/361] Building C object CMakeFiles/app.dir/mnt/host/source/src/platform/ec/build/zephyr/obiwan/modules/ec/common/keyboard_backlight.c.obj
[ciri:rw] [40/377] Building C object CMakeFiles/app.dir/mnt/host/source/src/platform/ec/build/zephyr/ciri/modules/ec/common/charge_ramp.c.obj
[obiwan:rw] [292/361] Building C object CMakeFiles/app.dir/mnt/host/source/src/platform/ec/build/zephyr/obiwan/modules/ec/common/keyboard_mkbp.c.obj
[navi:rw] [124/379] Building C object CMakeFiles/app.dir/mnt/host/source/src/platform/ec/build/zephyr/navi/modules/ec/zephyr/program/rauru/src/i2c.c.obj
[yavista:ro] [60/378] Building C object zephyr/CMakeFiles/zephyr.dir/subsys/shell/shell_wildcard.c.obj
[obiwan:ro] [194/361] Building C object modules/ec/zephyr/CMakeFiles/ec_shim.dir/shim/chip/npcx/rom_chip.c.obj
[yavista:rw] [71/378] Building C object CMakeFiles/app.dir/mnt/host/source/src/platform/ec/build/zephyr/yavista/modules/ec/common/keyboard_8042_sharedlib.c.obj
[navi:rw] [125/379] Building C object CMakeFiles/app.dir/mnt/host/source/src/platform/ec/build/zephyr/navi/modules/ec/zephyr/program/rauru/src/hibernate.c.obj
[obiwan:ro] [195/361] Building C object modules/ec/zephyr/CMakeFiles/ec_shim.dir/shim/chip/npcx/keyboard_raw.c.obj
[obiwan:ro] [196/361] Building C object modules/ec/zephyr/CMakeFiles/ec_shim.dir/shim/chip/npcx/gpio.c.obj
[obiwan:rw] [293/361] Building C object CMakeFiles/app.dir/mnt/host/source/src/platform/ec/build/zephyr/obiwan/modules/ec/common/lid_switch.c.obj
[navi:rw] [126/379] Building C object CMakeFiles/app.dir/mnt/host/source/src/platform/ec/build/zephyr/navi/modules/ec/zephyr/program/rauru/src/hooks.c.obj
[obiwan:rw] [294/361] Building C object CMakeFiles/app.dir/mnt/host/source/src/platform/ec/build/zephyr/obiwan/modules/ec/common/mkbp_event.c.obj
[obiwan:rw] [295/361] Building C object CMakeFiles/app.dir/mnt/host/source/src/platform/ec/build/zephyr/obiwan/modules/ec/common/led_common.c.obj
[yavista:rw] [72/378] Building C object CMakeFiles/app.dir/mnt/host/source/src/platform/ec/build/zephyr/yavista/modules/ec/common/mkbp_fifo.c.obj
[ciri:rw] [41/377] Building C object CMakeFiles/app.dir/mnt/host/source/src/platform/ec/build/zephyr/ciri/modules/ec/common/cbi_common.c.obj
[obiwan:rw] [296/361] Building C object CMakeFiles/app.dir/mnt/host/source/src/platform/ec/build/zephyr/obiwan/modules/ec/common/power_button.c.obj
[yavista:ro] [61/378] Building C object zephyr/CMakeFiles/zephyr.dir/drivers/flash/flash_util.c.obj
[obiwan:rw] [297/361] Building C object CMakeFiles/app.dir/mnt/host/source/src/platform/ec/build/zephyr/obiwan/modules/ec/power/host_sleep.c.obj
[navi:rw] [127/379] Building C object CMakeFiles/app.dir/mnt/host/source/src/platform/ec/build/zephyr/navi/modules/ec/zephyr/program/rauru/src/sub_board.c.obj
[yavista:ro] [62/378] Linking C static library zephyr/libzephyr.a
[obiwan:rw] [298/361] Building C object CMakeFiles/app.dir/mnt/host/source/src/platform/ec/build/zephyr/obiwan/modules/ec/power/common.c.obj
[navi:rw] [128/379] Building C object CMakeFiles/app.dir/mnt/host/source/src/platform/ec/build/zephyr/navi/modules/ec/zephyr/program/rauru/src/backlight.c.obj
[obiwan:ro] [197/361] Building C object modules/ec/zephyr/CMakeFiles/ec_shim.dir/shim/chip/npcx/shi.c.obj
[yavista:rw] [73/378] Building C object CMakeFiles/app.dir/mnt/host/source/src/platform/ec/build/zephyr/yavista/modules/ec/common/mkbp_info.c.obj
[obiwan:ro] [198/361] Building C object modules/ec/zephyr/CMakeFiles/ec_shim.dir/shim/chip/npcx/system.c.obj
[obiwan:ro] [199/361] Building C object modules/ec/zephyr/CMakeFiles/ec_shim.dir/shim/chip/npcx/system_external_storage.c.obj
[obiwan:rw] [299/361] Building C object CMakeFiles/app.dir/mnt/host/source/src/platform/ec/build/zephyr/obiwan/modules/ec/common/sha256.c.obj
[navi:rw] [129/379] Building C object CMakeFiles/app.dir/mnt/host/source/src/platform/ec/build/zephyr/navi/modules/ec/zephyr/program/rauru/src/usbc.c.obj
[yavista:rw] [74/378] Building C object CMakeFiles/app.dir/mnt/host/source/src/platform/ec/build/zephyr/yavista/modules/ec/common/mkbp_input_devices.c.obj
[obiwan:rw] [300/361] Building C object CMakeFiles/app.dir/mnt/host/source/src/platform/ec/build/zephyr/obiwan/modules/ec/power/mt8186.c.obj
[yavista:ro] [63/378] Building C object zephyr/arch/common/CMakeFiles/arch__common.dir/sw_isr_common.c.obj
[obiwan:rw] [301/361] Building C object CMakeFiles/app.dir/mnt/host/source/src/platform/ec/build/zephyr/obiwan/modules/ec/common/panic_output.c.obj
[obiwan:rw] [302/361] Building C object CMakeFiles/app.dir/mnt/host/source/src/platform/ec/build/zephyr/obiwan/modules/ec/common/shared_mem.c.obj
[ciri:rw] [42/377] Building C object CMakeFiles/app.dir/mnt/host/source/src/platform/ec/build/zephyr/ciri/modules/ec/common/cbi.c.obj
[obiwan:rw] [303/361] Building C object CMakeFiles/app.dir/mnt/host/source/src/platform/ec/build/zephyr/obiwan/modules/ec/common/spi_flash_reg.c.obj
[navi:rw] [130/379] Building C object CMakeFiles/app.dir/navi/src/led.c.obj
[obiwan:ro] [200/361] Building C object modules/ec/zephyr/CMakeFiles/ec_shim.dir/shim/chip/npcx/power_policy.c.obj
[navi:rw] [131/379] Building C object CMakeFiles/app.dir/navi/src/dp_alt_mode.c.obj
[yavista:rw] [75/378] Building C object CMakeFiles/app.dir/mnt/host/source/src/platform/ec/build/zephyr/yavista/modules/ec/common/keyboard_backlight.c.obj
[obiwan:rw] [304/361] Building C object CMakeFiles/app.dir/mnt/host/source/src/platform/ec/build/zephyr/obiwan/modules/ec/common/switch.c.obj
[obiwan:ro] [201/361] Building C object modules/ec/zephyr/CMakeFiles/ec_shim.dir/shim/core/cortex-m/mpu.c.obj
[obiwan:ro] [202/361] Building C object modules/ec/zephyr/CMakeFiles/ec_shim.dir/shim/core/cortex-m/panic.c.obj
[obiwan:ro] [203/361] Building C object modules/ec/zephyr/CMakeFiles/ec_shim.dir/shim/src/crc.c.obj
[obiwan:rw] [305/361] Building C object CMakeFiles/app.dir/mnt/host/source/src/platform/ec/build/zephyr/obiwan/modules/ec/common/thermal.c.obj
[yavista:ro] [64/378] Building C object zephyr/arch/common/CMakeFiles/arch__common.dir/dynamic_isr.c.obj
[yavista:rw] [76/378] Building C object CMakeFiles/app.dir/mnt/host/source/src/platform/ec/build/zephyr/yavista/modules/ec/common/led_common.c.obj
[navi:rw] [132/379] Building C object CMakeFiles/app.dir/navi/src/usbc.c.obj
[obiwan:rw] [306/361] Building C object CMakeFiles/app.dir/mnt/host/source/src/platform/ec/build/zephyr/obiwan/modules/ec/common/temp_sensor.c.obj
[ciri:rw] [43/377] Building C object CMakeFiles/app.dir/mnt/host/source/src/platform/ec/build/zephyr/ciri/modules/ec/common/cbi_config.c.obj
[obiwan:rw] [307/361] Building C object CMakeFiles/app.dir/mnt/host/source/src/platform/ec/build/zephyr/obiwan/modules/ec/driver/temp_sensor/thermistor.c.obj
[obiwan:rw] [308/361] Building C object CMakeFiles/app.dir/mnt/host/source/src/platform/ec/build/zephyr/obiwan/modules/ec/common/usb_port_power_dumb.c.obj
[obiwan:rw] [309/361] Building C object CMakeFiles/app.dir/mnt/host/source/src/platform/ec/build/zephyr/obiwan/modules/ec/common/timer.c.obj
[yavista:ro] [65/378] Building C object zephyr/arch/common/CMakeFiles/arch__common.dir/init.c.obj
[obiwan:ro] [204/361] Building C object modules/ec/zephyr/CMakeFiles/ec_shim.dir/shim/src/console.c.obj
[yavista:rw] [77/378] Building C object CMakeFiles/app.dir/mnt/host/source/src/platform/ec/build/zephyr/yavista/modules/ec/common/led_onoff_states.c.obj
[navi:rw] [133/379] Building C object CMakeFiles/app.dir/navi/src/usb_mux.c.obj
[navi:rw] [134/379] Building C object CMakeFiles/app.dir/navi/src/touch.c.obj
[obiwan:rw] [310/361] Building C object CMakeFiles/app.dir/mnt/host/source/src/platform/ec/build/zephyr/obiwan/modules/ec/common/usbc_utils.c.obj
[obiwan:ro] [205/361] Building C object modules/ec/zephyr/CMakeFiles/ec_shim.dir/shim/src/gpio.c.obj
[yavista:rw] [78/378] Building C object CMakeFiles/app.dir/mnt/host/source/src/platform/ec/build/zephyr/yavista/modules/ec/common/lid_switch.c.obj
[obiwan:ro] [206/361] Building C object modules/ec/zephyr/CMakeFiles/ec_shim.dir/shim/src/gpio_int.c.obj
[obiwan:rw] [311/361] Building C object CMakeFiles/app.dir/mnt/host/source/src/platform/ec/build/zephyr/obiwan/modules/ec/common/usb_common.c.obj
[ciri:rw] [44/377] Building C object CMakeFiles/app.dir/mnt/host/source/src/platform/ec/build/zephyr/ciri/modules/ec/common/memory_commands.c.obj
[yavista:ro] [66/378] Building C object zephyr/arch/common/CMakeFiles/arch__common.dir/xip.c.obj
[obiwan:rw] [312/361] Building C object CMakeFiles/app.dir/mnt/host/source/src/platform/ec/build/zephyr/obiwan/modules/ec/common/chargen.c.obj
[navi:rw] [135/379] Building C object CMakeFiles/app.dir/navi/src/suspend_resume.c.obj
[obiwan:rw] [313/361] Building C object CMakeFiles/app.dir/mnt/host/source/src/platform/ec/build/zephyr/obiwan/modules/ec/common/usb_pd_host_cmd_common.c.obj
[obiwan:ro] [207/361] Building C object modules/ec/zephyr/CMakeFiles/ec_shim.dir/shim/src/panic_utils.c.obj
[obiwan:rw] [314/361] Building C object CMakeFiles/app.dir/mnt/host/source/src/platform/ec/build/zephyr/obiwan/modules/ec/common/button.c.obj
[yavista:rw] [79/378] Building C object CMakeFiles/app.dir/mnt/host/source/src/platform/ec/build/zephyr/yavista/modules/ec/common/mkbp_event.c.obj
[obiwan:rw] [315/361] Building C object CMakeFiles/app.dir/mnt/host/source/src/platform/ec/build/zephyr/obiwan/modules/ec/common/vboot_hash.c.obj
[navi:rw] [136/379] Building C object CMakeFiles/app.dir/navi/src/thermal.c.obj
[navi:rw] [137/379] Building C object CMakeFiles/app.dir/navi/src/power_config.c.obj
[obiwan:rw] [316/361] Building C object CMakeFiles/app.dir/mnt/host/source/src/platform/ec/build/zephyr/obiwan/modules/ec/common/vboot/efs2.c.obj
[yavista:ro] [67/378] Building C object zephyr/arch/common/CMakeFiles/isr_tables.dir/isr_tables.c.obj
[yavista:rw] [80/378] Building C object CMakeFiles/app.dir/mnt/host/source/src/platform/ec/build/zephyr/yavista/modules/ec/common/port80.c.obj
[obiwan:ro] [208/361] Building C object modules/ec/zephyr/CMakeFiles/ec_shim.dir/shim/src/pm_state.c.obj
[yavista:ro] [68/378] Linking C static library zephyr/arch/common/libisr_tables.a
[navi:rw] [138/379] Linking C static library app/libapp.a
[navi:rw] [139/379] Building C object zephyr/CMakeFiles/zephyr.dir/lib/libc/validate_libc.c.obj
[yavista:ro] [69/378] Linking C static library zephyr/arch/common/libarch__common.a
[obiwan:rw] [317/361] Building C object CMakeFiles/app.dir/mnt/host/source/src/platform/ec/build/zephyr/obiwan/modules/ec/common/math_util.c.obj
[obiwan:ro] [209/361] Building C object modules/ec/zephyr/CMakeFiles/ec_shim.dir/shim/src/cbi/cros_cbi.c.obj
[ciri:rw] [45/377] Building C object CMakeFiles/app.dir/mnt/host/source/src/platform/ec/build/zephyr/ciri/modules/ec/common/chipset.c.obj
[obiwan:rw] [318/361] Building C object CMakeFiles/app.dir/mnt/host/source/src/platform/ec/build/zephyr/obiwan/modules/ec/common/vstore.c.obj
[obiwan:rw] [319/361] Building C object CMakeFiles/app.dir/mnt/host/source/src/platform/ec/build/zephyr/obiwan/modules/ec/zephyr/program/skywalker/src/i2c.c.obj
[obiwan:rw] [320/361] Building C object CMakeFiles/app.dir/mnt/host/source/src/platform/ec/build/zephyr/obiwan/modules/ec/zephyr/program/skywalker/src/hibernate.c.obj
[obiwan:ro] [210/361] Building C object modules/ec/zephyr/CMakeFiles/ec_shim.dir/shim/src/cbi/cros_cbi_fw_config.c.obj
[yavista:rw] [81/378] Building C object CMakeFiles/app.dir/mnt/host/source/src/platform/ec/build/zephyr/yavista/modules/ec/common/power_button.c.obj
[navi:rw] [140/379] Building C object zephyr/CMakeFiles/zephyr.dir/lib/heap/heap.c.obj
[yavista:ro] [70/378] Building C object zephyr/arch/arch/riscv/core/CMakeFiles/arch__riscv__core.dir/cpu_idle.c.obj
[yavista:rw] [82/378] Building C object CMakeFiles/app.dir/mnt/host/source/src/platform/ec/build/zephyr/yavista/modules/ec/power/hibernate.c.obj
[obiwan:rw] [321/361] Building C object CMakeFiles/app.dir/mnt/host/source/src/platform/ec/build/zephyr/obiwan/modules/ec/zephyr/program/skywalker/src/hooks.c.obj
[obiwan:rw] [322/361] Building C object CMakeFiles/app.dir/mnt/host/source/src/platform/ec/build/zephyr/obiwan/modules/ec/zephyr/program/skywalker/src/backlight.c.obj
[navi:rw] [141/379] Building C object zephyr/CMakeFiles/zephyr.dir/lib/os/clock.c.obj
[obiwan:rw] [323/361] Linking C static library modules/ec/zephyr/libec_shim.a
[obiwan:ro] [211/361] Building C object modules/ec/zephyr/CMakeFiles/ec_shim.dir/shim/src/cbi/cbi_flash.c.obj
[navi:rw] [142/379] Building C object zephyr/CMakeFiles/zephyr.dir/lib/os/cbprintf_packaged.c.obj
[obiwan:ro] [212/361] Building C object modules/ec/zephyr/CMakeFiles/ec_shim.dir/shim/src/led_driver/led.c.obj
[obiwan:rw] [324/361] Building C object CMakeFiles/app.dir/obiwan/src/kb_backlight.c.obj
[ciri:rw] [46/377] Building C object CMakeFiles/app.dir/mnt/host/source/src/platform/ec/build/zephyr/ciri/modules/ec/common/ap_reset_log.c.obj
[obiwan:rw] [325/361] Building C object CMakeFiles/app.dir/mnt/host/source/src/platform/ec/build/zephyr/obiwan/modules/ec/zephyr/program/skywalker/src/dp_alt_mode.c.obj
[obiwan:ro] [213/361] Building ASM object modules/ec/zephyr/CMakeFiles/ec_shim.dir/shim/src/libgcc_arm.S.obj
[yavista:ro] [71/378] Building C object zephyr/arch/arch/riscv/core/CMakeFiles/arch__riscv__core.dir/fatal.c.obj
[navi:rw] [143/379] Building C object zephyr/CMakeFiles/zephyr.dir/lib/os/printk.c.obj
[obiwan:rw] [326/361] Building C object CMakeFiles/app.dir/obiwan/src/thermal_policy.c.obj
[yavista:rw] [83/378] Building C object CMakeFiles/app.dir/mnt/host/source/src/platform/ec/build/zephyr/yavista/modules/ec/common/panic_output.c.obj
[yavista:rw] [84/378] Building C object CMakeFiles/app.dir/mnt/host/source/src/platform/ec/build/zephyr/yavista/modules/ec/driver/sha256/sha256_it8xxx2.c.obj
[obiwan:rw] [327/361] Building C object CMakeFiles/app.dir/obiwan/src/touchpanel.c.obj
[obiwan:rw] [328/361] Building C object zephyr/kernel/CMakeFiles/kernel.dir/main_weak.c.obj
[navi:rw] [144/379] Building C object zephyr/CMakeFiles/zephyr.dir/lib/os/sem.c.obj
[obiwan:rw] [329/361] Building C object zephyr/kernel/CMakeFiles/kernel.dir/banner.c.obj
[obiwan:ro] [214/361] Building C object modules/ec/zephyr/CMakeFiles/ec_shim.dir/shim/src/led_driver/led_pwm.c.obj
[navi:rw] [145/379] Building C object zephyr/CMakeFiles/zephyr.dir/lib/os/thread_entry.c.obj
[obiwan:rw] [330/361] Linking C static library app/libapp.a
[obiwan:rw] [331/361] Building C object zephyr/kernel/CMakeFiles/kernel.dir/busy_wait.c.obj
[ciri:rw] [47/377] Building C object CMakeFiles/app.dir/mnt/host/source/src/platform/ec/build/zephyr/ciri/modules/ec/common/extpower_common.c.obj
[obiwan:rw] [332/361] Building C object zephyr/kernel/CMakeFiles/kernel.dir/device.c.obj
[obiwan:ro] [215/361] Building C object modules/ec/zephyr/CMakeFiles/ec_shim.dir/shim/src/system.c.obj
[navi:rw] [146/379] Building C object zephyr/CMakeFiles/zephyr.dir/lib/os/cbprintf_nano.c.obj
[obiwan:rw] [333/361] Building C object zephyr/kernel/CMakeFiles/kernel.dir/errno.c.obj
[yavista:ro] [72/378] Building C object zephyr/arch/arch/riscv/core/CMakeFiles/arch__riscv__core.dir/irq_manage.c.obj
[obiwan:ro] [216/361] Building C object modules/ec/zephyr/CMakeFiles/ec_shim.dir/shim/src/pdc_shim.c.obj
[obiwan:rw] [334/361] Building C object zephyr/kernel/CMakeFiles/kernel.dir/fatal.c.obj
[navi:rw] [147/379] Building C object zephyr/CMakeFiles/zephyr.dir/lib/os/assert.c.obj
[obiwan:rw] [335/361] Building C object zephyr/kernel/CMakeFiles/kernel.dir/version.c.obj
[navi:rw] [148/379] Building C object zephyr/CMakeFiles/zephyr.dir/lib/os/cbprintf.c.obj
[yavista:rw] [85/378] Building C object CMakeFiles/app.dir/mnt/host/source/src/platform/ec/build/zephyr/yavista/modules/ec/common/switch.c.obj
[yavista:rw] [86/378] Building C object CMakeFiles/app.dir/mnt/host/source/src/platform/ec/build/zephyr/yavista/modules/ec/common/shared_mem.c.obj
[navi:rw] [149/379] Building C object zephyr/CMakeFiles/zephyr.dir/lib/utils/dec.c.obj
[obiwan:rw] [336/361] Building C object zephyr/kernel/CMakeFiles/kernel.dir/init.c.obj
[obiwan:rw] [337/361] Building C object zephyr/kernel/CMakeFiles/kernel.dir/kheap.c.obj
[navi:rw] [150/379] Building C object zephyr/CMakeFiles/zephyr.dir/lib/utils/hex.c.obj
[obiwan:rw] [338/361] Building C object zephyr/kernel/CMakeFiles/kernel.dir/mem_slab.c.obj
[yavista:ro] [73/378] Building C object zephyr/arch/arch/riscv/core/CMakeFiles/arch__riscv__core.dir/prep_c.c.obj
[navi:rw] [151/379] Building C object zephyr/CMakeFiles/zephyr.dir/lib/utils/timeutil.c.obj
[obiwan:rw] [339/361] Building C object zephyr/kernel/CMakeFiles/kernel.dir/float.c.obj
[obiwan:ro] [217/361] Building C object modules/ec/zephyr/CMakeFiles/ec_shim.dir/shim/src/adc.c.obj
[ciri:rw] [48/377] Building C object CMakeFiles/app.dir/mnt/host/source/src/platform/ec/build/zephyr/ciri/modules/ec/common/extpower_gpio.c.obj
[obiwan:ro] [218/361] Building C object modules/ec/zephyr/CMakeFiles/ec_shim.dir/shim/src/battery.c.obj
[obiwan:rw] [340/361] Building C object zephyr/kernel/CMakeFiles/kernel.dir/mailbox.c.obj
[navi:rw] [152/379] Building C object zephyr/CMakeFiles/zephyr.dir/lib/utils/bitmask.c.obj
[obiwan:rw] [341/361] Building C object zephyr/kernel/CMakeFiles/kernel.dir/idle.c.obj
[obiwan:ro] [219/361] Building C object modules/ec/zephyr/CMakeFiles/ec_shim.dir/shim/src/charger.c.obj
[obiwan:rw] [342/361] Building C object zephyr/kernel/CMakeFiles/kernel.dir/msg_q.c.obj
[yavista:rw] [87/378] Building C object CMakeFiles/app.dir/mnt/host/source/src/platform/ec/build/zephyr/yavista/modules/ec/common/temp_sensor.c.obj
[yavista:rw] [88/378] Building C object CMakeFiles/app.dir/mnt/host/source/src/platform/ec/build/zephyr/yavista/modules/ec/common/thermal.c.obj
[obiwan:rw] [343/361] Building C object zephyr/kernel/CMakeFiles/kernel.dir/mutex.c.obj
[obiwan:rw] [344/361] Building C object zephyr/kernel/CMakeFiles/kernel.dir/queue.c.obj
[yavista:ro] [74/378] Building C object zephyr/arch/arch/riscv/core/CMakeFiles/arch__riscv__core.dir/reboot.c.obj
[navi:rw] [153/379] Building C object zephyr/CMakeFiles/zephyr.dir/lib/utils/rb.c.obj
[navi:rw] [154/379] Building C object zephyr/CMakeFiles/zephyr.dir/lib/utils/bitarray.c.obj
[obiwan:rw] [345/361] Building C object zephyr/kernel/CMakeFiles/kernel.dir/sem.c.obj
[obiwan:ro] [220/361] Building C object modules/ec/zephyr/CMakeFiles/ec_shim.dir/shim/src/flash.c.obj
[navi:rw] [155/379] Building C object zephyr/CMakeFiles/zephyr.dir/lib/utils/getopt/getopt.c.obj
[obiwan:rw] [346/361] Building C object zephyr/kernel/CMakeFiles/kernel.dir/stack.c.obj
[navi:rw] [156/379] Building C object zephyr/CMakeFiles/zephyr.dir/lib/utils/ring_buffer.c.obj
[obiwan:rw] [347/361] Building C object zephyr/kernel/CMakeFiles/kernel.dir/system_work_q.c.obj
[navi:rw] [157/379] Building C object zephyr/CMakeFiles/zephyr.dir/lib/utils/last_section_id.c.obj
[obiwan:ro] [221/361] Building C object modules/ec/zephyr/CMakeFiles/ec_shim.dir/shim/src/hooks.c.obj
[yavista:ro] [75/378] Building ASM object zephyr/arch/arch/riscv/core/CMakeFiles/arch__riscv__core.dir/reset.S.obj
[ciri:rw] [49/377] Building C object CMakeFiles/app.dir/mnt/host/source/src/platform/ec/build/zephyr/ciri/modules/ec/common/flash.c.obj
[navi:rw] [158/379] Building C object zephyr/CMakeFiles/zephyr.dir/lib/utils/getopt/getopt_common.c.obj
[obiwan:rw] [348/361] Building C object zephyr/kernel/CMakeFiles/kernel.dir/work.c.obj
[obiwan:rw] [349/361] Building C object zephyr/kernel/CMakeFiles/kernel.dir/condvar.c.obj
[obiwan:rw] [350/361] Building C object zephyr/kernel/CMakeFiles/kernel.dir/thread.c.obj
[yavista:rw] [89/378] Building C object CMakeFiles/app.dir/mnt/host/source/src/platform/ec/build/zephyr/yavista/modules/ec/common/throttle_ap.c.obj
[yavista:rw] [90/378] Building C object CMakeFiles/app.dir/mnt/host/source/src/platform/ec/build/zephyr/yavista/modules/ec/driver/temp_sensor/thermistor.c.obj
[obiwan:ro] [222/361] Building C object modules/ec/zephyr/CMakeFiles/ec_shim.dir/shim/src/host_command.c.obj
[navi:rw] [159/379] Building ASM object zephyr/CMakeFiles/zephyr.dir/soc/ite/ec/common/soc_irq.S.obj
[navi:rw] [160/379] Building C object zephyr/CMakeFiles/zephyr.dir/misc/generated/configs.c.obj
[obiwan:rw] [351/361] Building C object zephyr/kernel/CMakeFiles/kernel.dir/sched.c.obj
[obiwan:rw] [352/361] Building C object zephyr/kernel/CMakeFiles/kernel.dir/pipe.c.obj
[obiwan:rw] [353/361] Building C object zephyr/kernel/CMakeFiles/kernel.dir/spinlock_validate.c.obj
[navi:rw] [161/379] Building C object zephyr/CMakeFiles/zephyr.dir/soc/ite/ec/common/soc_common_irq.c.obj
[yavista:ro] [76/378] Building ASM object zephyr/arch/arch/riscv/core/CMakeFiles/arch__riscv__core.dir/switch.S.obj
[obiwan:ro] [223/361] Building C object modules/ec/zephyr/CMakeFiles/ec_shim.dir/shim/src/console_buffer.c.obj
[obiwan:rw] [354/361] Building C object zephyr/kernel/CMakeFiles/kernel.dir/thread_monitor.c.obj
[obiwan:rw] [355/361] Building C object zephyr/kernel/CMakeFiles/kernel.dir/timeout.c.obj
[obiwan:ro] [224/361] Building C object modules/ec/zephyr/CMakeFiles/ec_shim.dir/shim/src/keyboard_raw.c.obj
[ciri:rw] [50/377] Building C object CMakeFiles/app.dir/mnt/host/source/src/platform/ec/build/zephyr/ciri/modules/ec/common/host_command.c.obj
[obiwan:rw] [356/361] Building C object zephyr/kernel/CMakeFiles/kernel.dir/timer.c.obj
[obiwan:ro] [225/361] Building C object modules/ec/zephyr/CMakeFiles/ec_shim.dir/shim/src/keyscan.c.obj
[yavista:rw] [91/378] Building C object CMakeFiles/app.dir/mnt/host/source/src/platform/ec/build/zephyr/yavista/modules/ec/common/usb_charger.c.obj
[yavista:rw] [92/378] Building C object CMakeFiles/app.dir/mnt/host/source/src/platform/ec/build/zephyr/yavista/modules/ec/common/timer.c.obj
[navi:rw] [162/379] Building C object zephyr/CMakeFiles/zephyr.dir/soc/ite/ec/common/power.c.obj
[navi:rw] [163/379] Building C object zephyr/CMakeFiles/zephyr.dir/soc/ite/ec/common/policy.c.obj
[obiwan:rw] [357/361] Building C object zephyr/kernel/CMakeFiles/kernel.dir/poll.c.obj
[obiwan:rw] [358/361] Building C object zephyr/kernel/CMakeFiles/kernel.dir/events.c.obj
[obiwan:rw] [359/361] Building C object zephyr/kernel/CMakeFiles/kernel.dir/mempool.c.obj
[navi:rw] [164/379] Building C object zephyr/CMakeFiles/zephyr.dir/soc/ite/ec/it8xxx2/soc.c.obj
Running (initial) lcov on /mnt/host/source/src/platform/ec/build/zephyr/wugtrio.
[obiwan:rw] [360/361] Building C object zephyr/kernel/CMakeFiles/kernel.dir/dynamic_disabled.c.obj
[yavista:ro] [77/378] Building C object zephyr/arch/arch/riscv/core/CMakeFiles/arch__riscv__core.dir/thread.c.obj
[obiwan:ro] [226/361] Building C object modules/ec/zephyr/CMakeFiles/ec_shim.dir/shim/src/mkbp_event.c.obj
[navi:rw] [165/379] Building C object zephyr/CMakeFiles/zephyr.dir/soc/ite/ec/it8xxx2/check_regs.c.obj
[navi:rw] [166/379] Building ASM object zephyr/CMakeFiles/zephyr.dir/soc/ite/ec/it8xxx2/vector.S.obj
[obiwan:rw] [361/361] Linking C static library zephyr/kernel/libkernel.a
[obiwan:ro] [227/361] Building C object modules/ec/zephyr/CMakeFiles/ec_shim.dir/shim/src/panic.c.obj
[obiwan:ro] [228/361] Building C object modules/ec/zephyr/CMakeFiles/ec_shim.dir/shim/src/power.c.obj
[ciri:rw] [51/377] Building C object CMakeFiles/app.dir/mnt/host/source/src/platform/ec/build/zephyr/ciri/modules/ec/common/host_command_task.c.obj
Running `env -i PYTHONPATH=/usr/lib64/python-exec/python3.11:/mnt/host/source/src/platform/ec/zephyr/zmake:/usr/lib/python311.zip:/usr/lib/python3.11:/usr/lib/python3.11/lib-dynload:/usr/lib/python3.11/site-packages PW_PIGWEED_CIPD_INSTALL_DIR=/usr CROSTC_USER_ACKNOWLEDGES_THAT_RISCV_IS_EXPERIMENTAL=1 PATH=/mnt/host/source/chromite/bin:/usr/local/bin:/usr/bin:/bin:/opt/bin:/mnt/host/source/chromite/sdk/bin:/mnt/host/source/chromite/bin HOME=/home/jpmurphy JAVA_HOME=/etc/java-config-2/current-system-vm JDK_HOME=/etc/java-config-2/current-system-vm JAVAC=/etc/java-config-2/current-system-vm/bin/javac MAKEFLAGS=' -j16 --jobserver-auth=5,6' /usr/bin/lcov --gcov-tool /mnt/host/source/src/platform/ec/build/zephyr/wugtrio/build-rw/gcov.sh -q -o - -c -d /mnt/host/source/src/platform/ec/build/zephyr/wugtrio -t wugtrio --rc branch_coverage=1 --filter range --ignore-errors inconsistent,source --ignore-errors gcov,gcov -i`
[obiwan:ro] [229/361] Building C object modules/ec/zephyr/CMakeFiles/ec_shim.dir/shim/src/pwm_hc.c.obj
[yavista:rw] [93/378] Building C object CMakeFiles/app.dir/mnt/host/source/src/platform/ec/build/zephyr/yavista/modules/ec/common/typec_control.c.obj
[yavista:rw] [94/378] Building C object CMakeFiles/app.dir/mnt/host/source/src/platform/ec/build/zephyr/yavista/modules/ec/common/usb_port_power_smart.c.obj
[yavista:ro] [78/378] Building ASM object zephyr/arch/arch/riscv/core/CMakeFiles/arch__riscv__core.dir/isr.S.obj
[navi:rw] [167/379] Building C object zephyr/CMakeFiles/zephyr.dir/soc/ite/ec/it8xxx2/ilm.c.obj
[yavista:rw] [95/378] Building C object CMakeFiles/app.dir/mnt/host/source/src/platform/ec/build/zephyr/yavista/modules/ec/common/usb_common.c.obj
[navi:rw] [168/379] Building C object zephyr/CMakeFiles/zephyr.dir/subsys/logging/log_minimal.c.obj
[yavista:ro] [79/378] Generating ../../../include/generated/libc/minimal/strerror_table.h
[yavista:rw] [96/378] Building C object CMakeFiles/app.dir/mnt/host/source/src/platform/ec/build/zephyr/yavista/modules/ec/common/usb_pd_pdo.c.obj
[yavista:rw] [97/378] Building C object CMakeFiles/app.dir/mnt/host/source/src/platform/ec/build/zephyr/yavista/modules/ec/common/usbc/usbc_task.c.obj
[yavista:ro] [80/378] Building C object zephyr/arch/arch/riscv/core/CMakeFiles/arch__riscv__core.dir/stacktrace.c.obj
[navi:rw] [169/379] Building C object zephyr/CMakeFiles/zephyr.dir/subsys/pm/pm.c.obj
[yavista:ro] [81/378] Building C object zephyr/lib/libc/minimal/CMakeFiles/lib__libc__minimal.dir/source/stdlib/atoi.c.obj
[yavista:ro] [82/378] Linking C static library zephyr/arch/arch/riscv/core/libarch__riscv__core.a
[obiwan:ro] [230/361] Building C object modules/ec/zephyr/CMakeFiles/ec_shim.dir/shim/src/hwtimer.c.obj
[obiwan:ro] [231/361] Building C object modules/ec/zephyr/CMakeFiles/ec_shim.dir/shim/src/thermal.c.obj
[yavista:ro] [83/378] Building C object zephyr/lib/libc/minimal/CMakeFiles/lib__libc__minimal.dir/source/stdlib/strtol.c.obj
[yavista:ro] [84/378] Building C object zephyr/lib/libc/minimal/CMakeFiles/lib__libc__minimal.dir/source/stdlib/strtoul.c.obj
[obiwan:ro] [232/361] Building C object modules/ec/zephyr/CMakeFiles/ec_shim.dir/shim/src/temp_sensors.c.obj
[navi:rw] [170/379] Building C object zephyr/CMakeFiles/zephyr.dir/subsys/pm/state.c.obj
[yavista:rw] [98/378] Building C object CMakeFiles/app.dir/mnt/host/source/src/platform/ec/build/zephyr/yavista/modules/ec/common/usbc/usb_sm.c.obj
[yavista:rw] [99/378] Building C object CMakeFiles/app.dir/mnt/host/source/src/platform/ec/build/zephyr/yavista/modules/ec/common/usbc/usb_pd_timer.c.obj
[yavista:ro] [85/378] Building C object zephyr/lib/libc/minimal/CMakeFiles/lib__libc__minimal.dir/source/stdlib/strtoll.c.obj
[obiwan:ro] [233/361] Building C object modules/ec/zephyr/CMakeFiles/ec_shim.dir/shim/src/i2c.c.obj
[yavista:ro] [86/378] Building C object zephyr/lib/libc/minimal/CMakeFiles/lib__libc__minimal.dir/source/stdlib/strtoull.c.obj
[/mnt/host/source/src/platform/ec/build/zephyr/wugtrio-lcov] geninfo: WARNING: using JSON module "JSON::PP" - which is much slower than some alternatives.  Consider installing one of JSON::XS or Cpanel::JSON::XS
[obiwan:ro] [234/361] cd /mnt/host/source/src/platform/ec/build/zephyr/obiwan/build-ro/modules/ec/zephyr && PYTHONPATH=/mnt/host/source/src/platform/ec/build/zephyr/obiwan/modules/ec/zephyr/zmake/ /usr/bin/python3.11 /mnt/host/source/src/platform/ec/build/zephyr/obiwan/modules/ec/zephyr/zmake/zephyr_build_tools/generate_ec_version.py /mnt/host/source/src/platform/ec/build/zephyr/obiwan/build-ro/modules/ec/zephyr/include/ec_version.h --name Zephyr-Kernel --version 16543.0.0 --static
[obiwan:ro] INFO:root:Using a static version string
[yavista:ro] [87/378] Building C object zephyr/lib/libc/minimal/CMakeFiles/lib__libc__minimal.dir/source/stdlib/bsearch.c.obj
[navi:rw] [171/379] Building C object zephyr/CMakeFiles/zephyr.dir/subsys/pm/policy/policy_events.c.obj
[ciri:rw] [52/377] Building C object CMakeFiles/app.dir/mnt/host/source/src/platform/ec/build/zephyr/ciri/modules/ec/common/host_event_commands.c.obj
[yavista:rw] [100/378] Building C object CMakeFiles/app.dir/mnt/host/source/src/platform/ec/build/zephyr/yavista/modules/ec/common/usbc_intr_task.c.obj
[yavista:rw] [101/378] Building C object CMakeFiles/app.dir/mnt/host/source/src/platform/ec/build/zephyr/yavista/modules/ec/common/usbc_utils.c.obj
[yavista:rw] [102/378] Building C object CMakeFiles/app.dir/mnt/host/source/src/platform/ec/build/zephyr/yavista/modules/ec/common/usb_pd_flags.c.obj
[navi:rw] [172/379] Building C object zephyr/CMakeFiles/zephyr.dir/subsys/pm/policy/policy_latency.c.obj
[yavista:ro] [88/378] Building C object zephyr/lib/libc/minimal/CMakeFiles/lib__libc__minimal.dir/source/stdlib/qsort.c.obj
[obiwan:ro] INFO:root:Version string: Zephyr-Kernel-16543.0.0
[obiwan:ro] INFO:root:Writing header to /mnt/host/source/src/platform/ec/build/zephyr/obiwan/build-ro/modules/ec/zephyr/include/ec_version.h
[obiwan:ro] [235/361] Building C object modules/ec/zephyr/CMakeFiles/ec_shim.dir/shim/src/tasks.c.obj
[yavista:ro] [89/378] Building C object zephyr/lib/libc/minimal/CMakeFiles/lib__libc__minimal.dir/source/stdlib/exit.c.obj
[navi:rw] [173/379] Building C object zephyr/CMakeFiles/zephyr.dir/subsys/pm/policy/policy_state_lock.c.obj
[obiwan:ro] [236/361] Building C object modules/ec/zephyr/CMakeFiles/ec_shim.dir/shim/src/watchdog.c.obj
[obiwan:ro] [237/361] Building C object modules/ec/zephyr/CMakeFiles/ec_shim.dir/shim/src/usba.c.obj
[yavista:rw] [103/378] Building C object CMakeFiles/app.dir/mnt/host/source/src/platform/ec/build/zephyr/yavista/modules/ec/common/usbc/usb_pd_console.c.obj
[yavista:ro] [90/378] Building C object zephyr/lib/libc/minimal/CMakeFiles/lib__libc__minimal.dir/source/string/strncasecmp.c.obj
[obiwan:ro] [238/361] Building C object CMakeFiles/app.dir/mnt/host/source/src/platform/ec/zephyr/subsys/ap_pwrseq/ap_events.c.obj
[yavista:rw] [104/378] Building C object CMakeFiles/app.dir/mnt/host/source/src/platform/ec/build/zephyr/yavista/modules/ec/common/chargen.c.obj
[yavista:ro] [91/378] Building C object zephyr/lib/libc/minimal/CMakeFiles/lib__libc__minimal.dir/source/string/strerror.c.obj
[navi:rw] [174/379] Building C object zephyr/CMakeFiles/zephyr.dir/subsys/pm/device.c.obj
[yavista:ro] [92/378] Building C object zephyr/lib/libc/minimal/CMakeFiles/lib__libc__minimal.dir/source/string/strstr.c.obj
[ciri:rw] [53/377] Building C object CMakeFiles/app.dir/mnt/host/source/src/platform/ec/build/zephyr/ciri/modules/ec/common/uart_hostcmd.c.obj
[navi:rw] [175/379] Building C object zephyr/CMakeFiles/zephyr.dir/subsys/pm/device_system_managed.c.obj
[yavista:ro] [93/378] Building C object zephyr/lib/libc/minimal/CMakeFiles/lib__libc__minimal.dir/source/string/string.c.obj
[yavista:rw] [105/378] Building C object CMakeFiles/app.dir/mnt/host/source/src/platform/ec/build/zephyr/yavista/modules/ec/driver/usb_mux/usb_mux.c.obj
[/mnt/host/source/src/platform/ec/build/zephyr/wugtrio-lcov] stderr:
[yavista:rw] [106/378] Building C object CMakeFiles/app.dir/mnt/host/source/src/platform/ec/build/zephyr/yavista/modules/ec/driver/usb_mux/virtual.c.obj
[yavista:ro] [94/378] Building C object zephyr/lib/libc/minimal/CMakeFiles/lib__libc__minimal.dir/source/string/strspn.c.obj
[navi:rw] [176/379] Building C object zephyr/CMakeFiles/zephyr.dir/subsys/testsuite/coverage/coverage.c.obj
[yavista:rw] [107/378] Building C object CMakeFiles/app.dir/mnt/host/source/src/platform/ec/build/zephyr/yavista/modules/ec/common/usbc/usb_tc_drp_acc_trysrc_sm.c.obj
[/mnt/host/source/src/platform/ec/build/zephyr/wugtrio-lcov]   /mnt/host/source/src/platform/ec/build/zephyr/wugtrio/build-ro/modules/ec/zephyr/CMakeFiles/ec_shim.dir/shim/src/power.c.gcno:no functions found
[/mnt/host/source/src/platform/ec/build/zephyr/wugtrio-lcov] stderr:
[navi:rw] [177/379] Building C object zephyr/CMakeFiles/zephyr.dir/subsys/tracing/tracing_none.c.obj
[navi:rw] [178/379] Building C object zephyr/CMakeFiles/zephyr.dir/subsys/shell/modules/kernel_service/kernel_shell.c.obj
[/mnt/host/source/src/platform/ec/build/zephyr/wugtrio-lcov]   /mnt/host/source/src/platform/ec/build/zephyr/wugtrio/build-ro/modules/ec/zephyr/CMakeFiles/ec_shim.dir/shim/src/thermal.c.gcno:no functions found
[/mnt/host/source/src/platform/ec/build/zephyr/wugtrio-lcov] stderr:
[obiwan:ro] [239/361] Building C object CMakeFiles/app.dir/mnt/host/source/src/platform/ec/zephyr/subsys/pd_controller/pdc_pmc_debug.c.obj
[yavista:ro] [95/378] Building C object zephyr/lib/libc/minimal/CMakeFiles/lib__libc__minimal.dir/source/stdout/stdout_console.c.obj
[obiwan:ro] [240/361] Building C object CMakeFiles/app.dir/mnt/host/source/src/platform/ec/zephyr/subsys/pd_controller/pdc_console.c.obj
[ciri:rw] [54/377] Building C object CMakeFiles/app.dir/mnt/host/source/src/platform/ec/build/zephyr/ciri/modules/ec/common/uptime.c.obj
[obiwan:ro] [241/361] Building C object CMakeFiles/app.dir/mnt/host/source/src/platform/ec/zephyr/subsys/pd_controller/pdc_host_cmd.c.obj
[yavista:rw] [108/378] Building C object CMakeFiles/app.dir/mnt/host/source/src/platform/ec/build/zephyr/yavista/modules/ec/common/usbc/usb_prl_sm.c.obj
[/mnt/host/source/src/platform/ec/build/zephyr/wugtrio-lcov]   /mnt/host/source/src/platform/ec/build/zephyr/wugtrio/build-ro/modules/ec/zephyr/CMakeFiles/ec_shim.dir/shim/src/battery.c.gcno:no functions found
[/mnt/host/source/src/platform/ec/build/zephyr/wugtrio-lcov] stderr:
[yavista:rw] [109/378] Building C object CMakeFiles/app.dir/mnt/host/source/src/platform/ec/build/zephyr/yavista/modules/ec/common/usbc/usbc_pd_policy.c.obj
[yavista:ro] [96/378] Building C object zephyr/lib/libc/minimal/CMakeFiles/lib__libc__minimal.dir/source/stdout/sprintf.c.obj
[/mnt/host/source/src/platform/ec/build/zephyr/wugtrio-lcov]   /mnt/host/source/src/platform/ec/build/zephyr/wugtrio/build-ro/modules/ec/zephyr/CMakeFiles/ec_shim.dir/shim/src/charger.c.gcno:no functions found
[/mnt/host/source/src/platform/ec/build/zephyr/wugtrio-lcov] stderr:
[/mnt/host/source/src/platform/ec/build/zephyr/wugtrio-lcov]   /mnt/host/source/src/platform/ec/build/zephyr/wugtrio/build-ro/modules/ec/zephyr/CMakeFiles/ec_shim.dir/shim/src/usb_muxes.c.gcno:no functions found
[/mnt/host/source/src/platform/ec/build/zephyr/wugtrio-lcov] stderr:
[navi:rw] [179/379] Building C object zephyr/CMakeFiles/zephyr.dir/subsys/shell/modules/kernel_service/cycles.c.obj
[yavista:rw] [110/378] Building C object CMakeFiles/app.dir/mnt/host/source/src/platform/ec/build/zephyr/yavista/modules/ec/common/usbc/usb_pe_drp_sm.c.obj
[yavista:rw] [111/378] Building C object CMakeFiles/app.dir/mnt/host/source/src/platform/ec/build/zephyr/yavista/modules/ec/common/usbc/usb_pd_dpm.c.obj
[yavista:ro] [97/378] Building C object zephyr/lib/libc/minimal/CMakeFiles/lib__libc__minimal.dir/source/math/sqrtf.c.obj
[navi:rw] [180/379] Building C object zephyr/CMakeFiles/zephyr.dir/subsys/shell/modules/kernel_service/sleep.c.obj
[obiwan:ro] [242/361] Building C object CMakeFiles/app.dir/mnt/host/source/src/platform/ec/zephyr/subsys/pd_controller/pdc_power_mgmt.c.obj
[navi:rw] [181/379] Building C object zephyr/CMakeFiles/zephyr.dir/subsys/shell/modules/kernel_service/uptime.c.obj
[yavista:ro] [98/378] Building C object zephyr/lib/libc/minimal/CMakeFiles/lib__libc__minimal.dir/source/stdout/fprintf.c.obj
[yavista:rw] [112/378] Building C object CMakeFiles/app.dir/mnt/host/source/src/platform/ec/build/zephyr/yavista/modules/ec/common/usbc/dp_alt_mode.c.obj
[yavista:ro] [99/378] Building C object zephyr/lib/libc/minimal/CMakeFiles/lib__libc__minimal.dir/source/math/sqrt.c.obj
[obiwan:ro] [243/361] Building C object CMakeFiles/app.dir/mnt/host/source/src/platform/ec/zephyr/subsys/pd_controller/pdc_stub.c.obj
[yavista:rw] [113/378] Building C object CMakeFiles/app.dir/mnt/host/source/src/platform/ec/build/zephyr/yavista/modules/ec/common/usb_pd_console_cmd.c.obj
[obiwan:ro] [244/361] Building C object CMakeFiles/app.dir/mnt/host/source/src/platform/ec/zephyr/subsys/ucsi/ppm_common.c.obj
[ciri:rw] [55/377] Building C object CMakeFiles/app.dir/mnt/host/source/src/platform/ec/build/zephyr/ciri/modules/ec/common/i2c_controller.c.obj
[obiwan:ro] [245/361] Building C object CMakeFiles/app.dir/mnt/host/source/src/platform/ec/zephyr/subsys/pd_controller/pdc_dpm.c.obj
[navi:rw] [182/379] Building C object zephyr/CMakeFiles/zephyr.dir/subsys/shell/modules/kernel_service/version.c.obj
[yavista:rw] [114/378] Building C object CMakeFiles/app.dir/mnt/host/source/src/platform/ec/build/zephyr/yavista/modules/ec/common/usb_pd_host_cmd.c.obj
[/mnt/host/source/src/platform/ec/build/zephyr/wugtrio-lcov]   /mnt/host/source/src/platform/ec/build/zephyr/wugtrio/build-ro/modules/ec/zephyr/CMakeFiles/ec_shim.dir/shim/src/chg_rt9490.c.gcno:no functions found
[/mnt/host/source/src/platform/ec/build/zephyr/wugtrio-lcov] stderr:
[yavista:rw] [115/378] Building C object CMakeFiles/app.dir/mnt/host/source/src/platform/ec/build/zephyr/yavista/modules/ec/common/usbc/usb_pd_host.c.obj
[yavista:ro] [100/378] Building C object zephyr/lib/libc/minimal/CMakeFiles/lib__libc__minimal.dir/source/time/gmtime.c.obj
[navi:rw] [183/379] Building C object zephyr/CMakeFiles/zephyr.dir/subsys/shell/modules/kernel_service/thread/thread.c.obj
[yavista:rw] [116/378] Building C object CMakeFiles/app.dir/mnt/host/source/src/platform/ec/build/zephyr/yavista/modules/ec/zephyr/shim/src/tcpc.c.obj
[yavista:ro] [101/378] Building C object zephyr/lib/libc/common/CMakeFiles/lib__libc__common.dir/source/stdlib/abort.c.obj
[navi:rw] [184/379] Building C object zephyr/CMakeFiles/zephyr.dir/subsys/shell/modules/kernel_service/thread/list.c.obj
[yavista:ro] [102/378] Linking C static library zephyr/lib/libc/minimal/liblib__libc__minimal.a
[yavista:ro] [103/378] Building C object zephyr/lib/libc/common/CMakeFiles/lib__libc__common.dir/source/time/gmtime_r.c.obj
[yavista:ro] [104/378] Building C object zephyr/lib/libc/common/CMakeFiles/lib__libc__common.dir/source/time/asctime.c.obj
[yavista:rw] [117/378] Building C object CMakeFiles/app.dir/mnt/host/source/src/platform/ec/build/zephyr/yavista/modules/ec/common/usb_pd_host_cmd_common.c.obj
[obiwan:ro] [246/361] Building C object CMakeFiles/app.dir/mnt/host/source/src/platform/ec/zephyr/subsys/ucsi/ppm_console.c.obj
[obiwan:ro] [247/361] Building C object CMakeFiles/app.dir/mnt/host/source/src/platform/ec/zephyr/subsys/ucsi/ppm_driver.c.obj
[yavista:rw] [118/378] Building C object CMakeFiles/app.dir/mnt/host/source/src/platform/ec/build/zephyr/yavista/modules/ec/common/usbc/svdm_rsp_dfp_only.c.obj
[navi:rw] [185/379] Building C object zephyr/CMakeFiles/zephyr.dir/subsys/shell/modules/kernel_service/thread/stacks.c.obj
[ciri:rw] [56/377] Building C object CMakeFiles/app.dir/mnt/host/source/src/platform/ec/build/zephyr/ciri/modules/ec/common/i2c_passthru.c.obj
[yavista:rw] [119/378] Building C object CMakeFiles/app.dir/mnt/host/source/src/platform/ec/build/zephyr/yavista/modules/ec/common/usbc_ocp.c.obj
[yavista:ro] [105/378] Building C object zephyr/lib/libc/common/CMakeFiles/lib__libc__common.dir/source/time/localtime_r_utc.c.obj
[yavista:ro] [106/378] Building C object zephyr/lib/libc/common/CMakeFiles/lib__libc__common.dir/source/time/ctime.c.obj
[obiwan:ro] [248/361] Building C object CMakeFiles/app.dir/mnt/host/source/src/platform/ec/zephyr/subsys/ucsi/ucsi_host_cmd.c.obj
[navi:rw] [186/379] Building C object zephyr/CMakeFiles/zephyr.dir/subsys/shell/modules/kernel_service/thread/suspend.c.obj
[obiwan:ro] [249/361] Building C object CMakeFiles/app.dir/mnt/host/source/src/platform/ec/build/zephyr/obiwan/modules/ec/builtin/stdlib.c.obj
[navi:rw] [187/379] Building C object zephyr/CMakeFiles/zephyr.dir/subsys/shell/modules/kernel_service/thread/unwind.c.obj
[yavista:rw] [120/378] Building C object CMakeFiles/app.dir/mnt/host/source/src/platform/ec/build/zephyr/yavista/modules/ec/common/usb_pd_discovery.c.obj
[yavista:rw] [121/378] Building C object CMakeFiles/app.dir/mnt/host/source/src/platform/ec/build/zephyr/yavista/modules/ec/common/usb_pd_dual_role.c.obj
[yavista:ro] [107/378] Building C object zephyr/lib/libc/common/CMakeFiles/lib__libc__common.dir/source/time/time.c.obj
[yavista:ro] [108/378] Building C object zephyr/lib/libc/common/CMakeFiles/lib__libc__common.dir/source/string/strnlen.c.obj
[yavista:ro] [109/378] Building C object zephyr/lib/posix/c_lib_ext/CMakeFiles/lib__posix__c_lib_ext.dir/fnmatch.c.obj
[obiwan:ro] [250/361] Building C object CMakeFiles/app.dir/mnt/host/source/src/platform/ec/build/zephyr/obiwan/modules/ec/common/base32.c.obj
[navi:rw] [188/379] Building C object zephyr/CMakeFiles/zephyr.dir/subsys/shell/modules/kernel_service/thread/resume.c.obj
[yavista:rw] [122/378] Building C object CMakeFiles/app.dir/mnt/host/source/src/platform/ec/build/zephyr/yavista/modules/ec/driver/tcpm/ps8xxx.c.obj
[yavista:ro] [110/378] Building C object zephyr/lib/libc/common/CMakeFiles/lib__libc__common.dir/source/stdlib/malloc.c.obj
[obiwan:ro] [251/361] Building C object CMakeFiles/app.dir/mnt/host/source/src/platform/ec/build/zephyr/obiwan/modules/ec/common/console_output.c.obj
[yavista:ro] [111/378] Linking C static library zephyr/lib/libc/common/liblib__libc__common.a
[ciri:rw] [57/377] Building C object CMakeFiles/app.dir/mnt/host/source/src/platform/ec/build/zephyr/ciri/modules/ec/common/virtual_battery.c.obj
[yavista:rw] [123/378] Building C object CMakeFiles/app.dir/mnt/host/source/src/platform/ec/build/zephyr/yavista/modules/ec/driver/tcpm/ite_pd_intc.c.obj
[navi:rw] [189/379] Building C object zephyr/CMakeFiles/zephyr.dir/subsys/shell/modules/kernel_service/thread/kill.c.obj
[obiwan:ro] [252/361] Building C object CMakeFiles/app.dir/mnt/host/source/src/platform/ec/build/zephyr/obiwan/modules/ec/common/gpio_commands.c.obj
[obiwan:ro] [253/361] Building C object CMakeFiles/app.dir/mnt/host/source/src/platform/ec/build/zephyr/obiwan/modules/ec/common/ec_features.c.obj
[yavista:rw] [124/378] Building C object CMakeFiles/app.dir/mnt/host/source/src/platform/ec/build/zephyr/yavista/modules/ec/driver/tcpm/tcpci.c.obj
[yavista:rw] [125/378] Building C object CMakeFiles/app.dir/mnt/host/source/src/platform/ec/build/zephyr/yavista/modules/ec/common/vboot_hash.c.obj
[navi:rw] [190/379] Building C object zephyr/CMakeFiles/zephyr.dir/subsys/shell/backends/shell_uart.c.obj
[yavista:ro] [112/378] Building C object zephyr/lib/posix/c_lib_ext/CMakeFiles/lib__posix__c_lib_ext.dir/getentropy.c.obj
[yavista:rw] [126/378] Building C object CMakeFiles/app.dir/mnt/host/source/src/platform/ec/build/zephyr/yavista/modules/ec/driver/tcpm/it8xxx2.c.obj
[yavista:ro] [113/378] Building C object zephyr/subsys/crc/CMakeFiles/subsys__crc.dir/crc4_sw.c.obj
[yavista:ro] [114/378] Building C object zephyr/lib/posix/c_lib_ext/CMakeFiles/lib__posix__c_lib_ext.dir/getopt_shim.c.obj
[yavista:rw] [127/378] Building C object CMakeFiles/app.dir/mnt/host/source/src/platform/ec/build/zephyr/yavista/modules/ec/common/vboot/efs2.c.obj
[yavista:ro] [115/378] Building C object zephyr/subsys/crc/CMakeFiles/subsys__crc.dir/crc8_sw.c.obj
[obiwan:ro] [254/361] Building C object CMakeFiles/app.dir/mnt/host/source/src/platform/ec/build/zephyr/obiwan/modules/ec/common/peripheral.c.obj
[yavista:ro] [116/378] Linking C static library zephyr/lib/posix/c_lib_ext/liblib__posix__c_lib_ext.a
[navi:rw] [191/379] Building C object zephyr/CMakeFiles/zephyr.dir/subsys/shell/shell_fprintf.c.obj
[yavista:rw] [128/378] Building C object CMakeFiles/app.dir/mnt/host/source/src/platform/ec/build/zephyr/yavista/modules/ec/common/vstore.c.obj
[yavista:ro] [117/378] Building C object zephyr/subsys/crc/CMakeFiles/subsys__crc.dir/crc16_sw.c.obj
[yavista:ro] [118/378] Building C object zephyr/subsys/crc/CMakeFiles/subsys__crc.dir/crc7_sw.c.obj
[obiwan:ro] [255/361] Building C object CMakeFiles/app.dir/mnt/host/source/src/platform/ec/build/zephyr/obiwan/modules/ec/common/printf.c.obj
[yavista:ro] [119/378] Building C object zephyr/subsys/crc/CMakeFiles/subsys__crc.dir/crc24_sw.c.obj
[navi:rw] [192/379] Building C object zephyr/CMakeFiles/zephyr.dir/subsys/shell/shell.c.obj
[yavista:rw] [129/378] Building C object CMakeFiles/app.dir/mnt/host/source/src/platform/ec/build/zephyr/yavista/modules/ec/common/math_util.c.obj
[yavista:ro] [120/378] Building C object zephyr/subsys/crc/CMakeFiles/subsys__crc.dir/crc32c_sw.c.obj
[ciri:rw] [58/377] Building C object CMakeFiles/app.dir/mnt/host/source/src/platform/ec/build/zephyr/ciri/modules/ec/common/keyboard_scan.c.obj
[yavista:ro] [121/378] Building C object zephyr/subsys/crc/CMakeFiles/subsys__crc.dir/crc32_sw.c.obj
[yavista:ro] [122/378] Building C object zephyr/subsys/crc/CMakeFiles/subsys__crc.dir/crc32k_4_2_sw.c.obj
[yavista:rw] [130/378] Building C object CMakeFiles/app.dir/src/common.c.obj
[obiwan:ro] [256/361] Building C object CMakeFiles/app.dir/mnt/host/source/src/platform/ec/build/zephyr/obiwan/modules/ec/common/queue.c.obj
[navi:rw] [193/379] Building C object zephyr/CMakeFiles/zephyr.dir/subsys/shell/shell_utils.c.obj
[yavista:ro] [123/378] Linking C static library zephyr/subsys/crc/libsubsys__crc.a
[yavista:rw] [131/378] Building C object CMakeFiles/app.dir/src/board_power.c.obj
[obiwan:ro] [257/361] Building C object CMakeFiles/app.dir/mnt/host/source/src/platform/ec/build/zephyr/obiwan/modules/ec/common/system.c.obj
[yavista:rw] [132/378] Building C object CMakeFiles/app.dir/yavista/src/led.c.obj
[obiwan:ro] [258/361] Building C object CMakeFiles/app.dir/mnt/host/source/src/platform/ec/build/zephyr/obiwan/modules/ec/common/system_boot_time.c.obj
[navi:rw] [194/379] Building C object zephyr/CMakeFiles/zephyr.dir/subsys/shell/shell_ops.c.obj
[yavista:ro] [124/378] Building C object zephyr/drivers/interrupt_controller/CMakeFiles/drivers__interrupt_controller.dir/intc_ite_it8xxx2.c.obj
[/mnt/host/source/src/platform/ec/build/zephyr/wugtrio-lcov]   /mnt/host/source/src/platform/ec/build/zephyr/wugtrio/build-ro/modules/ec/zephyr/CMakeFiles/ec_shim.dir/shim/src/usba.c.gcno:no functions found
[/mnt/host/source/src/platform/ec/build/zephyr/wugtrio-lcov] stderr:
[yavista:rw] [133/378] Building C object CMakeFiles/app.dir/yavista/src/keyboard.c.obj
[navi:rw] [195/379] Building C object zephyr/CMakeFiles/zephyr.dir/subsys/shell/shell_help.c.obj
[yavista:rw] [134/378] Building C object CMakeFiles/app.dir/yavista/src/board.c.obj
[obiwan:ro] [259/361] Building C object CMakeFiles/app.dir/mnt/host/source/src/platform/ec/build/zephyr/obiwan/modules/ec/common/uart_printf.c.obj
[yavista:ro] [125/378] Building C object zephyr/drivers/interrupt_controller/CMakeFiles/drivers__interrupt_controller.dir/wuc_ite_it8xxx2.c.obj
[yavista:ro] [126/378] Linking C static library zephyr/drivers/interrupt_controller/libdrivers__interrupt_controller.a
[navi:rw] [196/379] Building C object zephyr/CMakeFiles/zephyr.dir/subsys/shell/shell_history.c.obj
[obiwan:ro] [260/361] Building C object CMakeFiles/app.dir/mnt/host/source/src/platform/ec/build/zephyr/obiwan/modules/ec/common/util.c.obj
[yavista:rw] [135/378] Building C object CMakeFiles/app.dir/yavista/src/sub_board.c.obj
[ciri:rw] [59/377] Building C object CMakeFiles/app.dir/mnt/host/source/src/platform/ec/build/zephyr/ciri/modules/ec/common/mkbp_fifo.c.obj
[yavista:rw] [136/378] Building C object CMakeFiles/app.dir/yavista/src/thermal.c.obj
[obiwan:ro] [261/361] Building C object CMakeFiles/app.dir/mnt/host/source/src/platform/ec/build/zephyr/obiwan/modules/ec/common/version.c.obj
[navi:rw] [197/379] Building C object zephyr/arch/common/CMakeFiles/arch__common.dir/sw_isr_common.c.obj
[yavista:ro] [127/378] Building C object zephyr/drivers/adc/CMakeFiles/drivers__adc.dir/adc_common.c.obj
[navi:rw] [198/379] Building C object zephyr/CMakeFiles/zephyr.dir/drivers/flash/flash_util.c.obj
[yavista:rw] [137/378] Building C object CMakeFiles/app.dir/yavista/src/fan.c.obj
[obiwan:ro] [262/361] Building C object CMakeFiles/app.dir/mnt/host/source/src/platform/ec/build/zephyr/obiwan/modules/ec/common/adc.c.obj
[yavista:rw] [138/378] Building C object CMakeFiles/app.dir/yavista/src/charger.c.obj
[navi:rw] [199/379] Linking C static library zephyr/libzephyr.a
[yavista:rw] [139/378] Building C object CMakeFiles/app.dir/yavista/src/usbc.c.obj
[navi:rw] [200/379] Building C object zephyr/arch/common/CMakeFiles/arch__common.dir/dynamic_isr.c.obj
[yavista:rw] [140/378] Building C object zephyr/CMakeFiles/zephyr.dir/lib/libc/validate_libc.c.obj
[yavista:rw] [141/378] Building C object zephyr/CMakeFiles/zephyr.dir/lib/heap/heap.c.obj
[navi:rw] [201/379] Building C object zephyr/arch/common/CMakeFiles/arch__common.dir/init.c.obj
[obiwan:ro] [263/361] Building C object CMakeFiles/app.dir/mnt/host/source/src/platform/ec/build/zephyr/obiwan/modules/ec/common/battery.c.obj
[yavista:rw] [142/378] Linking C static library app/libapp.a
[yavista:ro] [128/378] Building C object zephyr/drivers/adc/CMakeFiles/drivers__adc.dir/adc_ite_it8xxx2.c.obj
[yavista:ro] [129/378] Linking C static library zephyr/drivers/adc/libdrivers__adc.a
[ciri:rw] [60/377] Building C object CMakeFiles/app.dir/mnt/host/source/src/platform/ec/build/zephyr/ciri/modules/ec/common/mkbp_info.c.obj
[obiwan:ro] [264/361] Building C object CMakeFiles/app.dir/mnt/host/source/src/platform/ec/build/zephyr/obiwan/modules/ec/common/battery_info.c.obj
[yavista:ro] [130/378] Building C object zephyr/drivers/bbram/CMakeFiles/drivers__bbram.dir/bbram_it8xxx2.c.obj
[obiwan:ro] [265/361] Building C object CMakeFiles/app.dir/mnt/host/source/src/platform/ec/build/zephyr/obiwan/modules/ec/common/battery_fuel_gauge.c.obj
[yavista:rw] [143/378] Building C object zephyr/CMakeFiles/zephyr.dir/lib/os/cbprintf_packaged.c.obj
[yavista:rw] [144/378] Building C object zephyr/CMakeFiles/zephyr.dir/lib/os/clock.c.obj
[navi:rw] [202/379] Building C object zephyr/arch/common/CMakeFiles/isr_tables.dir/isr_tables.c.obj
[yavista:ro] [131/378] Linking C static library zephyr/drivers/bbram/libdrivers__bbram.a
[navi:rw] [203/379] Linking C static library zephyr/arch/common/libisr_tables.a
[navi:rw] [204/379] Building C object zephyr/arch/common/CMakeFiles/arch__common.dir/xip.c.obj
[yavista:rw] [145/378] Building C object zephyr/CMakeFiles/zephyr.dir/lib/os/sem.c.obj
[yavista:rw] [146/378] Building C object zephyr/CMakeFiles/zephyr.dir/lib/os/printk.c.obj
[yavista:rw] [147/378] Building C object zephyr/CMakeFiles/zephyr.dir/lib/os/thread_entry.c.obj
[navi:rw] [205/379] Linking C static library zephyr/arch/common/libarch__common.a
[navi:rw] [206/379] Building C object zephyr/arch/arch/riscv/core/CMakeFiles/arch__riscv__core.dir/cpu_idle.c.obj
[obiwan:ro] [266/361] Building C object CMakeFiles/app.dir/mnt/host/source/src/platform/ec/build/zephyr/obiwan/modules/ec/driver/battery/smart.c.obj
[yavista:ro] [132/378] Building C object zephyr/drivers/console/CMakeFiles/drivers__console.dir/uart_console.c.obj
[yavista:ro] [133/378] Linking C static library zephyr/drivers/console/libdrivers__console.a
[yavista:rw] [148/378] Building C object zephyr/CMakeFiles/zephyr.dir/lib/utils/hex.c.obj
[navi:rw] [207/379] Building C object zephyr/arch/arch/riscv/core/CMakeFiles/arch__riscv__core.dir/prep_c.c.obj
[yavista:rw] [149/378] Building C object zephyr/CMakeFiles/zephyr.dir/lib/utils/dec.c.obj
[ciri:rw] [61/377] Building C object CMakeFiles/app.dir/mnt/host/source/src/platform/ec/build/zephyr/ciri/modules/ec/common/keyboard_mkbp.c.obj
[yavista:rw] [150/378] Building C object zephyr/CMakeFiles/zephyr.dir/lib/os/cbprintf_nano.c.obj
[obiwan:ro] [267/361] Building C object CMakeFiles/app.dir/mnt/host/source/src/platform/ec/build/zephyr/obiwan/modules/ec/driver/charger/bq25710.c.obj
[yavista:rw] [151/378] Building C object zephyr/CMakeFiles/zephyr.dir/lib/os/cbprintf.c.obj
[yavista:rw] [152/378] Building C object zephyr/CMakeFiles/zephyr.dir/lib/os/assert.c.obj
[yavista:ro] [134/378] Building C object zephyr/drivers/eeprom/CMakeFiles/drivers__eeprom.dir/eeprom_at2x.c.obj
[obiwan:ro] [268/361] Building C object CMakeFiles/app.dir/mnt/host/source/src/platform/ec/build/zephyr/obiwan/modules/ec/common/charger.c.obj
[yavista:rw] [153/378] Building C object zephyr/CMakeFiles/zephyr.dir/lib/utils/timeutil.c.obj
[yavista:ro] [135/378] Linking C static library zephyr/drivers/eeprom/libdrivers__eeprom.a
[navi:rw] [208/379] Building C object zephyr/arch/arch/riscv/core/CMakeFiles/arch__riscv__core.dir/irq_manage.c.obj
[yavista:rw] [154/378] Building C object zephyr/CMakeFiles/zephyr.dir/lib/utils/bitmask.c.obj
[navi:rw] [209/379] Building C object zephyr/arch/arch/riscv/core/CMakeFiles/arch__riscv__core.dir/fatal.c.obj
[yavista:rw] [155/378] Building C object zephyr/CMakeFiles/zephyr.dir/lib/utils/rb.c.obj
[navi:rw] [210/379] Building C object zephyr/arch/arch/riscv/core/CMakeFiles/arch__riscv__core.dir/reboot.c.obj
[yavista:rw] [156/378] Building C object zephyr/CMakeFiles/zephyr.dir/lib/utils/ring_buffer.c.obj
[yavista:rw] [157/378] Building C object zephyr/CMakeFiles/zephyr.dir/lib/utils/last_section_id.c.obj
[obiwan:ro] [269/361] Building C object CMakeFiles/app.dir/mnt/host/source/src/platform/ec/build/zephyr/obiwan/modules/ec/common/charge_state.c.obj
[yavista:rw] [158/378] Building C object zephyr/CMakeFiles/zephyr.dir/lib/utils/bitarray.c.obj
[yavista:ro] [136/378] Building C object zephyr/drivers/espi/CMakeFiles/drivers__espi.dir/espi_it8xxx2.c.obj
[ciri:rw] [62/377] Building C object CMakeFiles/app.dir/mnt/host/source/src/platform/ec/build/zephyr/ciri/modules/ec/common/mkbp_input_devices.c.obj
[yavista:rw] [159/378] Building C object zephyr/CMakeFiles/zephyr.dir/lib/utils/getopt/getopt.c.obj
[yavista:rw] [160/378] Building C object zephyr/CMakeFiles/zephyr.dir/misc/generated/configs.c.obj
[yavista:ro] [137/378] Linking C static library zephyr/drivers/espi/libdrivers__espi.a
[obiwan:ro] [270/361] Building C object CMakeFiles/app.dir/mnt/host/source/src/platform/ec/build/zephyr/obiwan/modules/ec/common/charge_manager.c.obj
[yavista:rw] [161/378] Building C object zephyr/CMakeFiles/zephyr.dir/lib/utils/getopt/getopt_common.c.obj
[yavista:ro] [138/378] Building C object zephyr/drivers/flash/CMakeFiles/drivers__flash.dir/flash_ite_it8xxx2.c.obj
[yavista:rw] [162/378] Building ASM object zephyr/CMakeFiles/zephyr.dir/soc/ite/ec/common/soc_irq.S.obj
[obiwan:ro] [271/361] Building C object CMakeFiles/app.dir/mnt/host/source/src/platform/ec/build/zephyr/obiwan/modules/ec/common/cbi_common.c.obj
[navi:rw] [211/379] Building ASM object zephyr/arch/arch/riscv/core/CMakeFiles/arch__riscv__core.dir/reset.S.obj
[yavista:ro] [139/378] Linking C static library zephyr/drivers/flash/libdrivers__flash.a
[obiwan:ro] [272/361] Building C object CMakeFiles/app.dir/mnt/host/source/src/platform/ec/build/zephyr/obiwan/modules/ec/common/cbi.c.obj
[navi:rw] [212/379] Building ASM object zephyr/arch/arch/riscv/core/CMakeFiles/arch__riscv__core.dir/switch.S.obj
[navi:rw] [213/379] Building C object zephyr/arch/arch/riscv/core/CMakeFiles/arch__riscv__core.dir/thread.c.obj
[navi:rw] [214/379] Generating ../../../include/generated/libc/minimal/strerror_table.h
[yavista:rw] [163/378] Building C object zephyr/CMakeFiles/zephyr.dir/soc/ite/ec/common/soc_common_irq.c.obj
[yavista:rw] [164/378] Building C object zephyr/CMakeFiles/zephyr.dir/soc/ite/ec/common/power.c.obj
[yavista:rw] [165/378] Building C object zephyr/CMakeFiles/zephyr.dir/soc/ite/ec/common/policy.c.obj
[obiwan:ro] [273/361] Building C object CMakeFiles/app.dir/mnt/host/source/src/platform/ec/build/zephyr/obiwan/modules/ec/common/cbi_config.c.obj
[navi:rw] [215/379] Building C object zephyr/lib/libc/minimal/CMakeFiles/lib__libc__minimal.dir/source/stdlib/atoi.c.obj
[yavista:rw] [166/378] Building C object zephyr/CMakeFiles/zephyr.dir/soc/ite/ec/it8xxx2/check_regs.c.obj
[yavista:rw] [167/378] Building ASM object zephyr/CMakeFiles/zephyr.dir/soc/ite/ec/it8xxx2/__arithmetic.S.obj
[yavista:rw] [168/378] Building C object zephyr/CMakeFiles/zephyr.dir/soc/ite/ec/it8xxx2/soc.c.obj
[yavista:ro] [140/378] Building C object zephyr/drivers/gpio/CMakeFiles/drivers__gpio.dir/gpio_ite_it8xxx2.c.obj
[navi:rw] [216/379] Building C object zephyr/lib/libc/minimal/CMakeFiles/lib__libc__minimal.dir/source/stdlib/strtol.c.obj
[obiwan:ro] [274/361] Building C object CMakeFiles/app.dir/mnt/host/source/src/platform/ec/build/zephyr/obiwan/modules/ec/common/memory_commands.c.obj
[ciri:rw] [63/377] Building C object CMakeFiles/app.dir/mnt/host/source/src/platform/ec/build/zephyr/ciri/modules/ec/common/led_common.c.obj
[yavista:rw] [169/378] Building ASM object zephyr/CMakeFiles/zephyr.dir/soc/ite/ec/it8xxx2/vector.S.obj
[yavista:ro] [141/378] Building C object zephyr/drivers/gpio/CMakeFiles/drivers__gpio.dir/gpio_kscan_ite_it8xxx2.c.obj
[yavista:ro] [142/378] Linking C static library zephyr/drivers/gpio/libdrivers__gpio.a
[navi:rw] [217/379] Building ASM object zephyr/arch/arch/riscv/core/CMakeFiles/arch__riscv__core.dir/isr.S.obj
[navi:rw] [218/379] Building C object zephyr/lib/libc/minimal/CMakeFiles/lib__libc__minimal.dir/source/stdlib/strtoul.c.obj
[navi:rw] [219/379] Building C object zephyr/arch/arch/riscv/core/CMakeFiles/arch__riscv__core.dir/stacktrace.c.obj
[navi:rw] [220/379] Linking C static library zephyr/arch/arch/riscv/core/libarch__riscv__core.a
[obiwan:ro] [275/361] Building C object CMakeFiles/app.dir/mnt/host/source/src/platform/ec/build/zephyr/obiwan/modules/ec/common/chipset.c.obj
[obiwan:ro] [276/361] Building C object CMakeFiles/app.dir/mnt/host/source/src/platform/ec/build/zephyr/obiwan/modules/ec/common/ap_reset_log.c.obj
[navi:rw] [221/379] Building C object zephyr/lib/libc/minimal/CMakeFiles/lib__libc__minimal.dir/source/stdlib/strtoull.c.obj
[navi:rw] [222/379] Building C object zephyr/lib/libc/minimal/CMakeFiles/lib__libc__minimal.dir/source/stdlib/bsearch.c.obj
[yavista:rw] [170/378] Building C object zephyr/CMakeFiles/zephyr.dir/subsys/pm/state.c.obj
[navi:rw] [223/379] Building C object zephyr/lib/libc/minimal/CMakeFiles/lib__libc__minimal.dir/source/stdlib/strtoll.c.obj
[yavista:rw] [171/378] Building C object zephyr/CMakeFiles/zephyr.dir/soc/ite/ec/it8xxx2/ilm.c.obj
[yavista:rw] [172/378] Building C object zephyr/CMakeFiles/zephyr.dir/subsys/pm/pm.c.obj
[yavista:rw] [173/378] Building C object zephyr/CMakeFiles/zephyr.dir/subsys/logging/log_minimal.c.obj
[yavista:rw] [174/378] Building C object zephyr/CMakeFiles/zephyr.dir/subsys/pm/policy/policy_events.c.obj
[navi:rw] [224/379] Building C object zephyr/lib/libc/minimal/CMakeFiles/lib__libc__minimal.dir/source/string/strerror.c.obj
[yavista:ro] [143/378] Building C object zephyr/drivers/i2c/CMakeFiles/drivers__i2c.dir/i2c_common.c.obj
[obiwan:ro] [277/361] Building C object CMakeFiles/app.dir/mnt/host/source/src/platform/ec/build/zephyr/obiwan/modules/ec/common/extpower_common.c.obj
[navi:rw] [225/379] Building C object zephyr/lib/libc/minimal/CMakeFiles/lib__libc__minimal.dir/source/stdlib/qsort.c.obj
[yavista:ro] [144/378] Building C object zephyr/drivers/i2c/CMakeFiles/drivers__i2c.dir/i2c_bitbang.c.obj
[/mnt/host/source/src/platform/ec/build/zephyr/wugtrio-lcov]   /mnt/host/source/src/platform/ec/build/zephyr/wugtrio/build-ro/CMakeFiles/app.dir/mnt/host/source/src/platform/ec/build/zephyr/wugtrio/modules/ec/common/usb_pd_pdo.c.gcno:no functions found
[/mnt/host/source/src/platform/ec/build/zephyr/wugtrio-lcov] stderr:
[ciri:rw] [64/377] Building C object CMakeFiles/app.dir/mnt/host/source/src/platform/ec/build/zephyr/ciri/modules/ec/common/lid_switch.c.obj
[navi:rw] [226/379] Building C object zephyr/lib/libc/minimal/CMakeFiles/lib__libc__minimal.dir/source/string/strstr.c.obj
[navi:rw] [227/379] Building C object zephyr/lib/libc/minimal/CMakeFiles/lib__libc__minimal.dir/source/string/strncasecmp.c.obj
[navi:rw] [228/379] Building C object zephyr/lib/libc/minimal/CMakeFiles/lib__libc__minimal.dir/source/stdlib/exit.c.obj
[yavista:rw] [175/378] Building C object zephyr/CMakeFiles/zephyr.dir/subsys/pm/policy/policy_state_lock.c.obj
[yavista:rw] [176/378] Building C object zephyr/CMakeFiles/zephyr.dir/subsys/pm/policy/policy_latency.c.obj
[obiwan:ro] [278/361] Building C object CMakeFiles/app.dir/mnt/host/source/src/platform/ec/build/zephyr/obiwan/modules/ec/common/extpower_gpio.c.obj
[navi:rw] [229/379] Building C object zephyr/lib/libc/minimal/CMakeFiles/lib__libc__minimal.dir/source/string/strspn.c.obj
[obiwan:ro] [279/361] Building C object CMakeFiles/app.dir/mnt/host/source/src/platform/ec/build/zephyr/obiwan/modules/ec/common/host_command.c.obj
[navi:rw] [230/379] Building C object zephyr/lib/libc/minimal/CMakeFiles/lib__libc__minimal.dir/source/string/string.c.obj
[yavista:rw] [177/378] Building C object zephyr/CMakeFiles/zephyr.dir/subsys/pm/device.c.obj
[yavista:rw] [178/378] Building C object zephyr/CMakeFiles/zephyr.dir/subsys/pm/device_system_managed.c.obj
[obiwan:ro] [280/361] Building C object CMakeFiles/app.dir/mnt/host/source/src/platform/ec/build/zephyr/obiwan/modules/ec/common/flash.c.obj
[yavista:rw] [179/378] Building C object zephyr/CMakeFiles/zephyr.dir/subsys/testsuite/coverage/coverage.c.obj
[yavista:ro] [145/378] Building C object zephyr/drivers/i2c/CMakeFiles/drivers__i2c.dir/i2c_shell.c.obj
[yavista:rw] [180/378] Building C object zephyr/CMakeFiles/zephyr.dir/subsys/tracing/tracing_none.c.obj
[navi:rw] [231/379] Building C object zephyr/lib/libc/minimal/CMakeFiles/lib__libc__minimal.dir/source/stdout/sprintf.c.obj
[navi:rw] [232/379] Building C object zephyr/lib/libc/minimal/CMakeFiles/lib__libc__minimal.dir/source/stdout/stdout_console.c.obj
[yavista:rw] [181/378] Building C object zephyr/CMakeFiles/zephyr.dir/subsys/shell/modules/device_service.c.obj
[obiwan:ro] [281/361] Building C object CMakeFiles/app.dir/mnt/host/source/src/platform/ec/build/zephyr/obiwan/modules/ec/common/host_event_commands.c.obj
[navi:rw] [233/379] Building C object zephyr/lib/libc/minimal/CMakeFiles/lib__libc__minimal.dir/source/stdout/fprintf.c.obj
[yavista:ro] [146/378] Building C object zephyr/drivers/i2c/CMakeFiles/drivers__i2c.dir/i2c_ite_enhance.c.obj
[ciri:rw] [65/377] Building C object CMakeFiles/app.dir/mnt/host/source/src/platform/ec/build/zephyr/ciri/modules/ec/common/mkbp_event.c.obj
[obiwan:ro] [282/361] Building C object CMakeFiles/app.dir/mnt/host/source/src/platform/ec/build/zephyr/obiwan/modules/ec/common/uart_hostcmd.c.obj
[yavista:rw] [182/378] Building C object zephyr/CMakeFiles/zephyr.dir/subsys/shell/modules/date_service.c.obj
[navi:rw] [234/379] Building C object zephyr/lib/libc/minimal/CMakeFiles/lib__libc__minimal.dir/source/math/sqrtf.c.obj
[obiwan:ro] [283/361] Building C object CMakeFiles/app.dir/mnt/host/source/src/platform/ec/build/zephyr/obiwan/modules/ec/common/uptime.c.obj
[navi:rw] [235/379] Building C object zephyr/lib/libc/minimal/CMakeFiles/lib__libc__minimal.dir/source/math/sqrt.c.obj
[yavista:rw] [183/378] Building C object zephyr/CMakeFiles/zephyr.dir/subsys/shell/backends/shell_uart.c.obj
[yavista:rw] [184/378] Building C object zephyr/CMakeFiles/zephyr.dir/subsys/shell/shell.c.obj
[yavista:ro] [147/378] Building C object zephyr/drivers/i2c/CMakeFiles/drivers__i2c.dir/i2c_ite_it8xxx2.c.obj
[yavista:rw] [185/378] Building C object zephyr/CMakeFiles/zephyr.dir/subsys/shell/shell_fprintf.c.obj
[yavista:ro] [148/378] Building C object zephyr/drivers/pinctrl/CMakeFiles/drivers__pinctrl.dir/common.c.obj
[yavista:ro] [149/378] Linking C static library zephyr/drivers/i2c/libdrivers__i2c.a
[obiwan:ro] [284/361] Building C object CMakeFiles/app.dir/mnt/host/source/src/platform/ec/build/zephyr/obiwan/modules/ec/common/i2c_controller.c.obj
[yavista:rw] [186/378] Building C object zephyr/CMakeFiles/zephyr.dir/subsys/shell/shell_utils.c.obj
[navi:rw] [236/379] Building C object zephyr/lib/libc/common/CMakeFiles/lib__libc__common.dir/source/time/asctime.c.obj
[navi:rw] [237/379] Building C object zephyr/lib/libc/minimal/CMakeFiles/lib__libc__minimal.dir/source/time/gmtime.c.obj
[navi:rw] [238/379] Linking C static library zephyr/lib/libc/minimal/liblib__libc__minimal.a
[navi:rw] [239/379] Building C object zephyr/lib/libc/common/CMakeFiles/lib__libc__common.dir/source/time/gmtime_r.c.obj
[navi:rw] [240/379] Building C object zephyr/lib/libc/common/CMakeFiles/lib__libc__common.dir/source/stdlib/abort.c.obj
[yavista:rw] [187/378] Building C object zephyr/CMakeFiles/zephyr.dir/subsys/shell/shell_ops.c.obj
[obiwan:ro] [285/361] Building C object CMakeFiles/app.dir/mnt/host/source/src/platform/ec/build/zephyr/obiwan/modules/ec/common/i2c_passthru.c.obj
[yavista:rw] [188/378] Building C object zephyr/CMakeFiles/zephyr.dir/subsys/shell/shell_history.c.obj
[navi:rw] [241/379] Building C object zephyr/lib/libc/common/CMakeFiles/lib__libc__common.dir/source/time/localtime_r_utc.c.obj
[yavista:rw] [189/378] Building C object zephyr/CMakeFiles/zephyr.dir/subsys/shell/shell_cmds.c.obj
[yavista:rw] [190/378] Building C object zephyr/CMakeFiles/zephyr.dir/subsys/shell/shell_wildcard.c.obj
[ciri:rw] [66/377] Building C object CMakeFiles/app.dir/mnt/host/source/src/platform/ec/build/zephyr/ciri/modules/ec/common/motion_sense.c.obj
[navi:rw] [242/379] Building C object zephyr/lib/libc/common/CMakeFiles/lib__libc__common.dir/source/time/ctime.c.obj
[obiwan:ro] [286/361] Building C object CMakeFiles/app.dir/mnt/host/source/src/platform/ec/build/zephyr/obiwan/modules/ec/common/virtual_battery.c.obj
[navi:rw] [243/379] Building C object zephyr/lib/libc/common/CMakeFiles/lib__libc__common.dir/source/time/time.c.obj
[yavista:ro] [150/378] Building C object zephyr/drivers/pwm/CMakeFiles/drivers__pwm.dir/pwm_ite_it8xxx2.c.obj
[navi:rw] [244/379] Building C object zephyr/lib/libc/common/CMakeFiles/lib__libc__common.dir/source/string/strnlen.c.obj
[yavista:ro] [151/378] Building C object zephyr/drivers/pinctrl/CMakeFiles/drivers__pinctrl.dir/pinctrl_ite_it8xxx2.c.obj
[yavista:rw] [191/378] Building C object zephyr/CMakeFiles/zephyr.dir/drivers/flash/flash_util.c.obj
[obiwan:ro] [287/361] Building C object CMakeFiles/app.dir/mnt/host/source/src/platform/ec/build/zephyr/obiwan/modules/ec/common/mkbp_fifo.c.obj
[yavista:ro] [152/378] Linking C static library zephyr/drivers/pwm/libdrivers__pwm.a
[yavista:ro] [153/378] Linking C static library zephyr/drivers/pinctrl/libdrivers__pinctrl.a
[navi:rw] [245/379] Building C object zephyr/lib/posix/c_lib_ext/CMakeFiles/lib__posix__c_lib_ext.dir/fnmatch.c.obj
[yavista:rw] [192/378] Linking C static library zephyr/libzephyr.a
[yavista:rw] [193/378] Building C object zephyr/arch/common/CMakeFiles/arch__common.dir/sw_isr_common.c.obj
[yavista:rw] [194/378] Building C object zephyr/arch/common/CMakeFiles/arch__common.dir/dynamic_isr.c.obj
[yavista:ro] [154/378] Building C object zephyr/drivers/sensor/CMakeFiles/drivers__sensor.dir/mnt/host/source/src/third_party/zephyr/main/misc/empty_file.c.obj
[obiwan:ro] [288/361] Building C object CMakeFiles/app.dir/mnt/host/source/src/platform/ec/build/zephyr/obiwan/modules/ec/common/keyboard_scan.c.obj
[yavista:rw] [195/378] Building C object zephyr/arch/common/CMakeFiles/arch__common.dir/init.c.obj
[yavista:ro] [155/378] Linking C static library zephyr/drivers/sensor/libdrivers__sensor.a
[yavista:rw] [196/378] Building C object zephyr/arch/common/CMakeFiles/arch__common.dir/xip.c.obj
[navi:rw] [246/379] Building C object zephyr/lib/libc/common/CMakeFiles/lib__libc__common.dir/source/stdlib/malloc.c.obj
[navi:rw] [247/379] Linking C static library zephyr/lib/libc/common/liblib__libc__common.a
[yavista:rw] [197/378] Building C object zephyr/arch/arch/riscv/core/CMakeFiles/arch__riscv__core.dir/prep_c.c.obj
[obiwan:ro] [289/361] Building C object CMakeFiles/app.dir/mnt/host/source/src/platform/ec/build/zephyr/obiwan/modules/ec/common/keyboard_mkbp.c.obj
[obiwan:ro] [290/361] Building C object CMakeFiles/app.dir/mnt/host/source/src/platform/ec/build/zephyr/obiwan/modules/ec/common/mkbp_info.c.obj
[yavista:rw] [198/378] Building C object zephyr/arch/arch/riscv/core/CMakeFiles/arch__riscv__core.dir/cpu_idle.c.obj
[yavista:rw] [199/378] Building C object zephyr/arch/common/CMakeFiles/isr_tables.dir/isr_tables.c.obj
[ciri:rw] [67/377] Building C object CMakeFiles/app.dir/mnt/host/source/src/platform/ec/build/zephyr/ciri/modules/ec/common/power_button.c.obj
[navi:rw] [248/379] Building C object zephyr/lib/posix/c_lib_ext/CMakeFiles/lib__posix__c_lib_ext.dir/getopt_shim.c.obj
[navi:rw] [249/379] Building C object zephyr/lib/posix/c_lib_ext/CMakeFiles/lib__posix__c_lib_ext.dir/getentropy.c.obj
[yavista:ro] [156/378] Building C object zephyr/drivers/sensor/ite/ite_tach_it8xxx2/CMakeFiles/drivers__sensor__ite__ite_tach_it8xxx2.dir/tach_ite_it8xxx2.c.obj
[yavista:rw] [200/378] Linking C static library zephyr/arch/common/libisr_tables.a
[navi:rw] [250/379] Linking C static library zephyr/lib/posix/c_lib_ext/liblib__posix__c_lib_ext.a
[yavista:rw] [201/378] Building C object zephyr/arch/arch/riscv/core/CMakeFiles/arch__riscv__core.dir/irq_manage.c.obj
[yavista:ro] [157/378] Linking C static library zephyr/drivers/sensor/ite/ite_tach_it8xxx2/libdrivers__sensor__ite__ite_tach_it8xxx2.a
[yavista:rw] [202/378] Linking C static library zephyr/arch/common/libarch__common.a
[obiwan:ro] [291/361] Building C object CMakeFiles/app.dir/mnt/host/source/src/platform/ec/build/zephyr/obiwan/modules/ec/common/mkbp_input_devices.c.obj
[navi:rw] [251/379] Building C object zephyr/subsys/crc/CMakeFiles/subsys__crc.dir/crc4_sw.c.obj
[yavista:rw] [203/378] Building C object zephyr/arch/arch/riscv/core/CMakeFiles/arch__riscv__core.dir/fatal.c.obj
[obiwan:ro] [292/361] Building C object CMakeFiles/app.dir/mnt/host/source/src/platform/ec/build/zephyr/obiwan/modules/ec/common/keyboard_backlight.c.obj
[navi:rw] [252/379] Building C object zephyr/subsys/crc/CMakeFiles/subsys__crc.dir/crc8_sw.c.obj
[yavista:ro] [158/378] Building C object zephyr/drivers/sensor/ite/ite_vcmp_it8xxx2/CMakeFiles/drivers__sensor__ite__ite_vcmp_it8xxx2.dir/vcmp_ite_it8xxx2.c.obj
[navi:rw] [253/379] Building C object zephyr/subsys/mgmt/ec_host_cmd/CMakeFiles/subsys__mgmt__ec_host_cmd.dir/ec_host_cmd_handler.c.obj
[yavista:rw] [204/378] Building C object zephyr/arch/arch/riscv/core/CMakeFiles/arch__riscv__core.dir/reboot.c.obj
[navi:rw] [254/379] Building C object zephyr/subsys/crc/CMakeFiles/subsys__crc.dir/crc16_sw.c.obj
[navi:rw] [255/379] Linking C static library zephyr/subsys/mgmt/ec_host_cmd/libsubsys__mgmt__ec_host_cmd.a
[yavista:rw] [205/378] Building ASM object zephyr/arch/arch/riscv/core/CMakeFiles/arch__riscv__core.dir/reset.S.obj
[navi:rw] [256/379] Building C object zephyr/subsys/crc/CMakeFiles/subsys__crc.dir/crc7_sw.c.obj
[yavista:ro] [159/378] Linking C static library zephyr/drivers/sensor/ite/ite_vcmp_it8xxx2/libdrivers__sensor__ite__ite_vcmp_it8xxx2.a
[yavista:rw] [206/378] Generating ../../../include/generated/libc/minimal/strerror_table.h
[navi:rw] [257/379] Building C object zephyr/subsys/crc/CMakeFiles/subsys__crc.dir/crc24_sw.c.obj
[obiwan:ro] [293/361] Building C object CMakeFiles/app.dir/mnt/host/source/src/platform/ec/build/zephyr/obiwan/modules/ec/common/led_common.c.obj
[navi:rw] [258/379] Building C object zephyr/subsys/crc/CMakeFiles/subsys__crc.dir/crc32c_sw.c.obj
[yavista:rw] [207/378] Building C object zephyr/arch/arch/riscv/core/CMakeFiles/arch__riscv__core.dir/thread.c.obj
[yavista:ro] [160/378] Building C object zephyr/drivers/serial/CMakeFiles/drivers__serial.dir/uart_ite_it8xxx2.c.obj
[yavista:rw] [208/378] Building C object zephyr/lib/libc/minimal/CMakeFiles/lib__libc__minimal.dir/source/stdlib/atoi.c.obj
[navi:rw] [259/379] Building C object zephyr/subsys/mgmt/ec_host_cmd/backends/CMakeFiles/subsys__mgmt__ec_host_cmd__backends.dir/ec_host_cmd_backend_shi_ite.c.obj
[yavista:rw] [209/378] Building ASM object zephyr/arch/arch/riscv/core/CMakeFiles/arch__riscv__core.dir/switch.S.obj
[obiwan:ro] [294/361] Building C object CMakeFiles/app.dir/mnt/host/source/src/platform/ec/build/zephyr/obiwan/modules/ec/common/lid_switch.c.obj
[navi:rw] [260/379] Linking C static library zephyr/subsys/mgmt/ec_host_cmd/backends/libsubsys__mgmt__ec_host_cmd__backends.a
[navi:rw] [261/379] Building C object zephyr/subsys/crc/CMakeFiles/subsys__crc.dir/crc32_sw.c.obj
[ciri:rw] [68/377] Building C object CMakeFiles/app.dir/mnt/host/source/src/platform/ec/build/zephyr/ciri/modules/ec/power/common.c.obj
[navi:rw] [262/379] Building C object zephyr/subsys/crc/CMakeFiles/subsys__crc.dir/crc32k_4_2_sw.c.obj
[navi:rw] [263/379] Linking C static library zephyr/subsys/crc/libsubsys__crc.a
[yavista:rw] [210/378] Building C object zephyr/lib/libc/minimal/CMakeFiles/lib__libc__minimal.dir/source/stdlib/strtoul.c.obj
[yavista:rw] [211/378] Building C object zephyr/lib/libc/minimal/CMakeFiles/lib__libc__minimal.dir/source/stdlib/strtol.c.obj
[yavista:rw] [212/378] Building ASM object zephyr/arch/arch/riscv/core/CMakeFiles/arch__riscv__core.dir/isr.S.obj
[yavista:rw] [213/378] Building C object zephyr/lib/libc/minimal/CMakeFiles/lib__libc__minimal.dir/source/stdlib/strtoll.c.obj
[yavista:rw] [214/378] Building C object zephyr/arch/arch/riscv/core/CMakeFiles/arch__riscv__core.dir/stacktrace.c.obj
[obiwan:ro] [295/361] Building C object CMakeFiles/app.dir/mnt/host/source/src/platform/ec/build/zephyr/obiwan/modules/ec/common/power_button.c.obj
[obiwan:ro] [296/361] Building C object CMakeFiles/app.dir/mnt/host/source/src/platform/ec/build/zephyr/obiwan/modules/ec/common/mkbp_event.c.obj
[yavista:rw] [215/378] Building C object zephyr/lib/libc/minimal/CMakeFiles/lib__libc__minimal.dir/source/stdlib/strtoull.c.obj
[yavista:rw] [216/378] Building C object zephyr/lib/libc/minimal/CMakeFiles/lib__libc__minimal.dir/source/stdlib/bsearch.c.obj
[yavista:rw] [217/378] Linking C static library zephyr/arch/arch/riscv/core/libarch__riscv__core.a
[yavista:rw] [218/378] Building C object zephyr/lib/libc/minimal/CMakeFiles/lib__libc__minimal.dir/source/string/strncasecmp.c.obj
[yavista:rw] [219/378] Building C object zephyr/lib/libc/minimal/CMakeFiles/lib__libc__minimal.dir/source/string/strstr.c.obj
[yavista:ro] [161/378] Building C object zephyr/drivers/serial/CMakeFiles/drivers__serial.dir/uart_ns16550.c.obj
[yavista:rw] [220/378] Building C object zephyr/lib/libc/minimal/CMakeFiles/lib__libc__minimal.dir/source/stdlib/qsort.c.obj
[yavista:ro] [162/378] Building C object zephyr/drivers/timer/CMakeFiles/drivers__timer.dir/sys_clock_init.c.obj
[yavista:ro] [163/378] Linking C static library zephyr/drivers/serial/libdrivers__serial.a
[yavista:rw] [221/378] Building C object zephyr/lib/libc/minimal/CMakeFiles/lib__libc__minimal.dir/source/string/string.c.obj
[yavista:rw] [222/378] Building C object zephyr/lib/libc/minimal/CMakeFiles/lib__libc__minimal.dir/source/string/strerror.c.obj
[yavista:rw] [223/378] Building C object zephyr/lib/libc/minimal/CMakeFiles/lib__libc__minimal.dir/source/string/strspn.c.obj
[navi:rw] [264/379] Building C object zephyr/drivers/interrupt_controller/CMakeFiles/drivers__interrupt_controller.dir/wuc_ite_it8xxx2.c.obj
[navi:rw] [265/379] Building C object zephyr/drivers/interrupt_controller/CMakeFiles/drivers__interrupt_controller.dir/intc_ite_it8xxx2_v2.c.obj
[obiwan:ro] [297/361] Building C object CMakeFiles/app.dir/mnt/host/source/src/platform/ec/build/zephyr/obiwan/modules/ec/power/common.c.obj
[navi:rw] [266/379] Building C object zephyr/drivers/adc/CMakeFiles/drivers__adc.dir/adc_common.c.obj
[yavista:rw] [224/378] Building C object zephyr/lib/libc/minimal/CMakeFiles/lib__libc__minimal.dir/source/stdlib/exit.c.obj
[navi:rw] [267/379] Linking C static library zephyr/drivers/interrupt_controller/libdrivers__interrupt_controller.a
[yavista:rw] [225/378] Building C object zephyr/lib/libc/minimal/CMakeFiles/lib__libc__minimal.dir/source/math/sqrtf.c.obj
[ciri:rw] [69/377] Building C object CMakeFiles/app.dir/mnt/host/source/src/platform/ec/build/zephyr/ciri/modules/ec/power/host_sleep.c.obj
[obiwan:ro] [298/361] Building C object CMakeFiles/app.dir/mnt/host/source/src/platform/ec/build/zephyr/obiwan/modules/ec/power/host_sleep.c.obj
[yavista:rw] [226/378] Building C object zephyr/lib/libc/minimal/CMakeFiles/lib__libc__minimal.dir/source/stdout/sprintf.c.obj
[yavista:rw] [227/378] Building C object zephyr/lib/libc/minimal/CMakeFiles/lib__libc__minimal.dir/source/math/sqrt.c.obj
[yavista:rw] [228/378] Building C object zephyr/lib/libc/minimal/CMakeFiles/lib__libc__minimal.dir/source/stdout/fprintf.c.obj
[yavista:ro] [164/378] Building C object zephyr/drivers/timer/CMakeFiles/drivers__timer.dir/ite_it8xxx2_timer.c.obj
[yavista:rw] [229/378] Building C object zephyr/lib/libc/minimal/CMakeFiles/lib__libc__minimal.dir/source/stdout/stdout_console.c.obj
[obiwan:ro] [299/361] Building C object CMakeFiles/app.dir/mnt/host/source/src/platform/ec/build/zephyr/obiwan/modules/ec/common/panic_output.c.obj
[obiwan:ro] [300/361] Building C object CMakeFiles/app.dir/mnt/host/source/src/platform/ec/build/zephyr/obiwan/modules/ec/power/mt8186.c.obj
[yavista:ro] [165/378] Building C object zephyr/drivers/watchdog/CMakeFiles/drivers__watchdog.dir/wdt_ite_it8xxx2.c.obj
[yavista:ro] [166/378] Linking C static library zephyr/drivers/timer/libdrivers__timer.a
[yavista:rw] [230/378] Building C object zephyr/lib/libc/common/CMakeFiles/lib__libc__common.dir/source/time/gmtime_r.c.obj
[yavista:ro] [167/378] Linking C static library zephyr/drivers/watchdog/libdrivers__watchdog.a
[yavista:rw] [231/378] Building C object zephyr/lib/libc/common/CMakeFiles/lib__libc__common.dir/source/time/asctime.c.obj
[yavista:rw] [232/378] Building C object zephyr/lib/libc/common/CMakeFiles/lib__libc__common.dir/source/time/localtime_r_utc.c.obj
[obiwan:ro] [301/361] Building C object CMakeFiles/app.dir/mnt/host/source/src/platform/ec/build/zephyr/obiwan/modules/ec/common/sha256.c.obj
[navi:rw] [268/379] Building C object zephyr/drivers/adc/CMakeFiles/drivers__adc.dir/adc_ite_it8xxx2.c.obj
[yavista:rw] [233/378] Building C object zephyr/lib/libc/minimal/CMakeFiles/lib__libc__minimal.dir/source/time/gmtime.c.obj
[navi:rw] [269/379] Building C object zephyr/drivers/bbram/CMakeFiles/drivers__bbram.dir/bbram_it8xxx2.c.obj
[yavista:rw] [234/378] Building C object zephyr/lib/libc/common/CMakeFiles/lib__libc__common.dir/source/time/ctime.c.obj
[navi:rw] [270/379] Building C object zephyr/drivers/console/CMakeFiles/drivers__console.dir/uart_console.c.obj
[navi:rw] [271/379] Linking C static library zephyr/drivers/adc/libdrivers__adc.a
[yavista:rw] [235/378] Building C object zephyr/lib/libc/common/CMakeFiles/lib__libc__common.dir/source/time/time.c.obj
[navi:rw] [272/379] Linking C static library zephyr/drivers/console/libdrivers__console.a
[navi:rw] [273/379] Linking C static library zephyr/drivers/bbram/libdrivers__bbram.a
[yavista:rw] [236/378] Linking C static library zephyr/lib/libc/minimal/liblib__libc__minimal.a
[yavista:rw] [237/378] Building C object zephyr/lib/libc/common/CMakeFiles/lib__libc__common.dir/source/string/strnlen.c.obj
[yavista:rw] [238/378] Building C object zephyr/lib/libc/common/CMakeFiles/lib__libc__common.dir/source/stdlib/abort.c.obj
[obiwan:ro] [302/361] Building C object CMakeFiles/app.dir/mnt/host/source/src/platform/ec/build/zephyr/obiwan/modules/ec/common/shared_mem.c.obj
[yavista:rw] [239/378] Building C object zephyr/lib/posix/c_lib_ext/CMakeFiles/lib__posix__c_lib_ext.dir/fnmatch.c.obj
[yavista:rw] [240/378] Building C object zephyr/subsys/crc/CMakeFiles/subsys__crc.dir/crc8_sw.c.obj
[yavista:rw] [241/378] Building C object zephyr/subsys/crc/CMakeFiles/subsys__crc.dir/crc4_sw.c.obj
[ciri:rw] [70/377] Building C object CMakeFiles/app.dir/mnt/host/source/src/platform/ec/build/zephyr/ciri/modules/ec/power/mt8186.c.obj
[yavista:rw] [242/378] Building C object zephyr/subsys/crc/CMakeFiles/subsys__crc.dir/crc16_sw.c.obj
[yavista:rw] [243/378] Building C object zephyr/subsys/crc/CMakeFiles/subsys__crc.dir/crc7_sw.c.obj
[obiwan:ro] [303/361] Building C object CMakeFiles/app.dir/mnt/host/source/src/platform/ec/build/zephyr/obiwan/modules/ec/common/switch.c.obj
[yavista:rw] [244/378] Building C object zephyr/lib/libc/common/CMakeFiles/lib__libc__common.dir/source/stdlib/malloc.c.obj
[obiwan:ro] [304/361] Building C object CMakeFiles/app.dir/mnt/host/source/src/platform/ec/build/zephyr/obiwan/modules/ec/common/spi_flash_reg.c.obj
[yavista:ro] [168/378] Building C object modules/ec/zephyr/CMakeFiles/ec_shim.dir/app/ec/main_shim.c.obj
[yavista:rw] [245/378] Linking C static library zephyr/lib/libc/common/liblib__libc__common.a
[yavista:rw] [246/378] Building C object zephyr/subsys/crc/CMakeFiles/subsys__crc.dir/crc24_sw.c.obj
[yavista:rw] [247/378] Building C object zephyr/subsys/crc/CMakeFiles/subsys__crc.dir/crc32c_sw.c.obj
[yavista:rw] [248/378] Building C object zephyr/lib/posix/c_lib_ext/CMakeFiles/lib__posix__c_lib_ext.dir/getentropy.c.obj
[navi:rw] [274/379] Building C object zephyr/drivers/crypto/CMakeFiles/drivers__crypto.dir/crypto_it8xxx2_sha_v2.c.obj
[yavista:ro] [169/378] Building C object modules/ec/zephyr/CMakeFiles/ec_shim.dir/app/ec/ec_app_main.c.obj
[yavista:rw] [249/378] Building C object zephyr/subsys/crc/CMakeFiles/subsys__crc.dir/crc32_sw.c.obj
[yavista:rw] [250/378] Building C object zephyr/subsys/crc/CMakeFiles/subsys__crc.dir/crc32k_4_2_sw.c.obj
[navi:rw] [275/379] Linking C static library zephyr/drivers/crypto/libdrivers__crypto.a
[yavista:rw] [251/378] Building C object zephyr/lib/posix/c_lib_ext/CMakeFiles/lib__posix__c_lib_ext.dir/getopt_shim.c.obj
[yavista:rw] [252/378] Linking C static library zephyr/subsys/crc/libsubsys__crc.a
[navi:rw] [276/379] Building C object zephyr/drivers/flash/CMakeFiles/drivers__flash.dir/flash_ite_it8xxx2.c.obj
[yavista:rw] [253/378] Linking C static library zephyr/lib/posix/c_lib_ext/liblib__posix__c_lib_ext.a
[navi:rw] [277/379] Linking C static library zephyr/drivers/flash/libdrivers__flash.a
[obiwan:ro] [305/361] Building C object CMakeFiles/app.dir/mnt/host/source/src/platform/ec/build/zephyr/obiwan/modules/ec/common/thermal.c.obj
[obiwan:ro] [306/361] Building C object CMakeFiles/app.dir/mnt/host/source/src/platform/ec/build/zephyr/obiwan/modules/ec/common/temp_sensor.c.obj
[yavista:rw] [254/378] Building C object zephyr/drivers/interrupt_controller/CMakeFiles/drivers__interrupt_controller.dir/intc_ite_it8xxx2.c.obj
[yavista:rw] [255/378] Building C object zephyr/drivers/interrupt_controller/CMakeFiles/drivers__interrupt_controller.dir/wuc_ite_it8xxx2.c.obj
[yavista:rw] [256/378] Building C object zephyr/drivers/adc/CMakeFiles/drivers__adc.dir/adc_common.c.obj
[obiwan:ro] [307/361] Building C object CMakeFiles/app.dir/mnt/host/source/src/platform/ec/build/zephyr/obiwan/modules/ec/common/timer.c.obj
[yavista:rw] [257/378] Linking C static library zephyr/drivers/interrupt_controller/libdrivers__interrupt_controller.a
[yavista:ro] [170/378] Building C object modules/ec/zephyr/CMakeFiles/ec_shim.dir/app/ec/chip/riscv/riscv-ite/it8xxx2-espi.c.obj
[obiwan:ro] [308/361] Building C object CMakeFiles/app.dir/mnt/host/source/src/platform/ec/build/zephyr/obiwan/modules/ec/driver/temp_sensor/thermistor.c.obj
[ciri:rw] [71/377] Building C object CMakeFiles/app.dir/mnt/host/source/src/platform/ec/build/zephyr/ciri/modules/ec/common/panic_output.c.obj
[yavista:ro] [171/378] Building C object modules/ec/zephyr/CMakeFiles/ec_shim.dir/drivers/cros_flash/cros_flash_it8xxx2.c.obj
[navi:rw] [278/379] Building C object zephyr/drivers/i2c/CMakeFiles/drivers__i2c.dir/i2c_common.c.obj
[navi:rw] [279/379] Building C object zephyr/drivers/gpio/CMakeFiles/drivers__gpio.dir/gpio_ite_it8xxx2_v2.c.obj
[yavista:rw] [258/378] Building C object zephyr/drivers/bbram/CMakeFiles/drivers__bbram.dir/bbram_it8xxx2.c.obj
[yavista:rw] [259/378] Building C object zephyr/drivers/adc/CMakeFiles/drivers__adc.dir/adc_ite_it8xxx2.c.obj
[navi:rw] [280/379] Building C object zephyr/drivers/i2c/CMakeFiles/drivers__i2c.dir/i2c_bitbang.c.obj
[navi:rw] [281/379] Linking C static library zephyr/drivers/gpio/libdrivers__gpio.a
[yavista:rw] [260/378] Linking C static library zephyr/drivers/bbram/libdrivers__bbram.a
[yavista:rw] [261/378] Linking C static library zephyr/drivers/adc/libdrivers__adc.a
[/mnt/host/source/src/platform/ec/build/zephyr/wugtrio-lcov]   /mnt/host/source/src/platform/ec/build/zephyr/wugtrio/build-ro/CMakeFiles/app.dir/mnt/host/source/src/platform/ec/build/zephyr/wugtrio/modules/ec/common/chargen.c.gcno:no functions found
[/mnt/host/source/src/platform/ec/build/zephyr/wugtrio-lcov] stderr:
[obiwan:ro] [309/361] Building C object CMakeFiles/app.dir/mnt/host/source/src/platform/ec/build/zephyr/obiwan/modules/ec/common/usb_port_power_dumb.c.obj
[obiwan:ro] [310/361] Building C object CMakeFiles/app.dir/mnt/host/source/src/platform/ec/build/zephyr/obiwan/modules/ec/common/usbc_utils.c.obj
[yavista:rw] [262/378] Building C object zephyr/drivers/console/CMakeFiles/drivers__console.dir/uart_console.c.obj
[yavista:rw] [263/378] Linking C static library zephyr/drivers/console/libdrivers__console.a
[navi:rw] [282/379] Building C object zephyr/drivers/pinctrl/CMakeFiles/drivers__pinctrl.dir/common.c.obj
[yavista:rw] [264/378] Building C object zephyr/drivers/eeprom/CMakeFiles/drivers__eeprom.dir/eeprom_at2x.c.obj
[yavista:ro] [172/378] Building C object modules/ec/zephyr/CMakeFiles/ec_shim.dir/drivers/cros_kblight/pwm_kblight.c.obj
[obiwan:ro] [311/361] Building C object CMakeFiles/app.dir/mnt/host/source/src/platform/ec/build/zephyr/obiwan/modules/ec/common/chargen.c.obj
[yavista:rw] [265/378] Linking C static library zephyr/drivers/eeprom/libdrivers__eeprom.a
[yavista:ro] [173/378] Building C object modules/ec/zephyr/CMakeFiles/ec_shim.dir/drivers/cros_kb_raw/cros_kb_raw_ite.c.obj
[yavista:rw] [266/378] Building C object zephyr/drivers/espi/CMakeFiles/drivers__espi.dir/espi_it8xxx2.c.obj
[ciri:rw] [72/377] Building C object CMakeFiles/app.dir/mnt/host/source/src/platform/ec/build/zephyr/ciri/modules/ec/driver/sha256/sha256_it8xxx2.c.obj
[navi:rw] [283/379] Building C object zephyr/drivers/i2c/CMakeFiles/drivers__i2c.dir/i2c_shell.c.obj
[obiwan:ro] [312/361] Building C object CMakeFiles/app.dir/mnt/host/source/src/platform/ec/build/zephyr/obiwan/modules/ec/common/usb_common.c.obj
[yavista:rw] [267/378] Linking C static library zephyr/drivers/espi/libdrivers__espi.a
[yavista:rw] [268/378] Building C object zephyr/drivers/flash/CMakeFiles/drivers__flash.dir/flash_ite_it8xxx2.c.obj
[yavista:rw] [269/378] Building C object zephyr/drivers/gpio/CMakeFiles/drivers__gpio.dir/gpio_ite_it8xxx2.c.obj
[yavista:rw] [270/378] Linking C static library zephyr/drivers/flash/libdrivers__flash.a
[navi:rw] [284/379] Building C object zephyr/drivers/i2c/CMakeFiles/drivers__i2c.dir/i2c_ite_enhance.c.obj
[yavista:rw] [271/378] Building C object zephyr/drivers/gpio/CMakeFiles/drivers__gpio.dir/gpio_kscan_ite_it8xxx2.c.obj
[navi:rw] [285/379] Linking C static library zephyr/drivers/i2c/libdrivers__i2c.a
[yavista:rw] [272/378] Linking C static library zephyr/drivers/gpio/libdrivers__gpio.a
[obiwan:ro] [313/361] Building C object CMakeFiles/app.dir/mnt/host/source/src/platform/ec/build/zephyr/obiwan/modules/ec/common/vboot_hash.c.obj
[yavista:rw] [273/378] Building C object zephyr/drivers/i2c/CMakeFiles/drivers__i2c.dir/i2c_common.c.obj
[obiwan:ro] [314/361] Building C object CMakeFiles/app.dir/mnt/host/source/src/platform/ec/build/zephyr/obiwan/modules/ec/common/usb_pd_host_cmd_common.c.obj
[yavista:rw] [274/378] Building C object zephyr/drivers/i2c/CMakeFiles/drivers__i2c.dir/i2c_bitbang.c.obj
[yavista:ro] [174/378] Building C object modules/ec/zephyr/CMakeFiles/ec_shim.dir/drivers/cros_system/cros_system_it8xxx2.c.obj
[yavista:ro] [175/378] Building C object modules/ec/zephyr/CMakeFiles/ec_shim.dir/drivers/vivaldi_kbd/vivaldi_kbd.c.obj
[navi:rw] [286/379] Building C object zephyr/drivers/pwm/CMakeFiles/drivers__pwm.dir/pwm_shell.c.obj
[navi:rw] [287/379] Building C object zephyr/drivers/pinctrl/CMakeFiles/drivers__pinctrl.dir/pinctrl_ite_it8xxx2.c.obj
[ciri:rw] [73/377] Building C object CMakeFiles/app.dir/mnt/host/source/src/platform/ec/build/zephyr/ciri/modules/ec/common/shared_mem.c.obj
[yavista:rw] [275/378] Building C object zephyr/drivers/i2c/CMakeFiles/drivers__i2c.dir/i2c_shell.c.obj
[navi:rw] [288/379] Linking C static library zephyr/drivers/pinctrl/libdrivers__pinctrl.a
[obiwan:ro] [315/361] Building C object CMakeFiles/app.dir/mnt/host/source/src/platform/ec/build/zephyr/obiwan/modules/ec/common/button.c.obj
[yavista:rw] [276/378] Building C object zephyr/drivers/i2c/CMakeFiles/drivers__i2c.dir/i2c_ite_enhance.c.obj
[obiwan:ro] [316/361] Building C object CMakeFiles/app.dir/mnt/host/source/src/platform/ec/build/zephyr/obiwan/modules/ec/common/vboot/efs2.c.obj
[yavista:rw] [277/378] Building C object zephyr/drivers/pinctrl/CMakeFiles/drivers__pinctrl.dir/common.c.obj
[navi:rw] [289/379] Building C object zephyr/drivers/pwm/CMakeFiles/drivers__pwm.dir/pwm_ite_it8xxx2.c.obj
[navi:rw] [290/379] Linking C static library zephyr/drivers/pwm/libdrivers__pwm.a
[yavista:rw] [278/378] Building C object zephyr/drivers/sensor/CMakeFiles/drivers__sensor.dir/mnt/host/source/src/third_party/zephyr/main/misc/empty_file.c.obj
[yavista:rw] [279/378] Building C object zephyr/drivers/i2c/CMakeFiles/drivers__i2c.dir/i2c_ite_it8xxx2.c.obj
[yavista:rw] [280/378] Linking C static library zephyr/drivers/sensor/libdrivers__sensor.a
[yavista:ro] [176/378] Building C object modules/ec/zephyr/CMakeFiles/ec_shim.dir/shim/chip/it8xxx2/clock.c.obj
[yavista:rw] [281/378] Linking C static library zephyr/drivers/i2c/libdrivers__i2c.a
[yavista:rw] [282/378] Building C object zephyr/drivers/pinctrl/CMakeFiles/drivers__pinctrl.dir/pinctrl_ite_it8xxx2.c.obj
[obiwan:ro] [317/361] Building C object CMakeFiles/app.dir/mnt/host/source/src/platform/ec/build/zephyr/obiwan/modules/ec/common/vstore.c.obj
[yavista:rw] [283/378] Linking C static library zephyr/drivers/pinctrl/libdrivers__pinctrl.a
[obiwan:ro] [318/361] Building C object CMakeFiles/app.dir/mnt/host/source/src/platform/ec/build/zephyr/obiwan/modules/ec/common/math_util.c.obj
[yavista:rw] [284/378] Building C object zephyr/drivers/pwm/CMakeFiles/drivers__pwm.dir/pwm_ite_it8xxx2.c.obj
[navi:rw] [291/379] Building C object zephyr/drivers/serial/CMakeFiles/drivers__serial.dir/uart_ite_it8xxx2.c.obj
[ciri:rw] [74/377] Building C object CMakeFiles/app.dir/mnt/host/source/src/platform/ec/build/zephyr/ciri/modules/ec/common/switch.c.obj
[navi:rw] [292/379] Building C object zephyr/drivers/serial/CMakeFiles/drivers__serial.dir/uart_ns16550.c.obj
[obiwan:ro] [319/361] Building C object CMakeFiles/app.dir/mnt/host/source/src/platform/ec/build/zephyr/obiwan/modules/ec/zephyr/program/skywalker/src/i2c.c.obj
[yavista:rw] [285/378] Linking C static library zephyr/drivers/pwm/libdrivers__pwm.a
[navi:rw] [293/379] Linking C static library zephyr/drivers/serial/libdrivers__serial.a
[navi:rw] [294/379] Building C object zephyr/drivers/timer/CMakeFiles/drivers__timer.dir/sys_clock_init.c.obj
[yavista:ro] [177/378] Building C object modules/ec/zephyr/CMakeFiles/ec_shim.dir/shim/chip/it8xxx2/gpio.c.obj
[yavista:rw] [286/378] Building C object zephyr/drivers/sensor/ite/ite_tach_it8xxx2/CMakeFiles/drivers__sensor__ite__ite_tach_it8xxx2.dir/tach_ite_it8xxx2.c.obj
[yavista:rw] [287/378] Linking C static library zephyr/drivers/sensor/ite/ite_tach_it8xxx2/libdrivers__sensor__ite__ite_tach_it8xxx2.a
[yavista:rw] [288/378] Building C object zephyr/drivers/serial/CMakeFiles/drivers__serial.dir/uart_ite_it8xxx2.c.obj
[obiwan:ro] [320/361] Building C object CMakeFiles/app.dir/mnt/host/source/src/platform/ec/build/zephyr/obiwan/modules/ec/zephyr/program/skywalker/src/hibernate.c.obj
[yavista:rw] [289/378] Building C object zephyr/drivers/sensor/ite/ite_vcmp_it8xxx2/CMakeFiles/drivers__sensor__ite__ite_vcmp_it8xxx2.dir/vcmp_ite_it8xxx2.c.obj
[yavista:ro] [178/378] Building C object modules/ec/zephyr/CMakeFiles/ec_shim.dir/shim/chip/it8xxx2/system.c.obj
[yavista:rw] [290/378] Building C object zephyr/drivers/serial/CMakeFiles/drivers__serial.dir/uart_ns16550.c.obj
[yavista:rw] [291/378] Linking C static library zephyr/drivers/sensor/ite/ite_vcmp_it8xxx2/libdrivers__sensor__ite__ite_vcmp_it8xxx2.a
[yavista:rw] [292/378] Building C object zephyr/drivers/timer/CMakeFiles/drivers__timer.dir/sys_clock_init.c.obj
[yavista:rw] [293/378] Linking C static library zephyr/drivers/serial/libdrivers__serial.a
[navi:rw] [295/379] Building C object zephyr/drivers/timer/CMakeFiles/drivers__timer.dir/ite_it8xxx2_timer.c.obj
[obiwan:ro] [321/361] Building C object CMakeFiles/app.dir/mnt/host/source/src/platform/ec/build/zephyr/obiwan/modules/ec/zephyr/program/skywalker/src/hooks.c.obj
[navi:rw] [296/379] Linking C static library zephyr/drivers/timer/libdrivers__timer.a
[ciri:rw] [75/377] Building C object CMakeFiles/app.dir/mnt/host/source/src/platform/ec/build/zephyr/ciri/modules/ec/driver/stm_mems_common.c.obj
[obiwan:ro] [322/361] Building C object CMakeFiles/app.dir/mnt/host/source/src/platform/ec/build/zephyr/obiwan/modules/ec/zephyr/program/skywalker/src/backlight.c.obj
[navi:rw] [297/379] Building C object zephyr/drivers/watchdog/CMakeFiles/drivers__watchdog.dir/wdt_ite_it8xxx2.c.obj
[yavista:ro] [179/378] Building C object modules/ec/zephyr/CMakeFiles/ec_shim.dir/shim/chip/it8xxx2/keyboard_raw.c.obj
[navi:rw] [298/379] Building C object zephyr/drivers/watchdog/CMakeFiles/drivers__watchdog.dir/wdt_shell.c.obj
[navi:rw] [299/379] Linking C static library zephyr/drivers/watchdog/libdrivers__watchdog.a
[yavista:rw] [294/378] Building C object zephyr/drivers/timer/CMakeFiles/drivers__timer.dir/ite_it8xxx2_timer.c.obj
[obiwan:ro] [323/361] Building C object CMakeFiles/app.dir/mnt/host/source/src/platform/ec/build/zephyr/obiwan/modules/ec/zephyr/program/skywalker/src/dp_alt_mode.c.obj
[yavista:rw] [295/378] Building C object zephyr/drivers/watchdog/CMakeFiles/drivers__watchdog.dir/wdt_ite_it8xxx2.c.obj
[yavista:rw] [296/378] Linking C static library zephyr/drivers/timer/libdrivers__timer.a
[yavista:rw] [297/378] Linking C static library zephyr/drivers/watchdog/libdrivers__watchdog.a
[obiwan:ro] [324/361] Linking C static library modules/ec/zephyr/libec_shim.a
[obiwan:ro] [325/361] Building C object CMakeFiles/app.dir/obiwan/src/kb_backlight.c.obj
[yavista:ro] [180/378] Building C object modules/ec/zephyr/CMakeFiles/ec_shim.dir/shim/chip/it8xxx2/power_policy.c.obj
[yavista:rw] [298/378] Building C object modules/ec/zephyr/CMakeFiles/ec_shim.dir/app/ec/main_shim.c.obj
[yavista:rw] [299/378] Building C object modules/ec/zephyr/CMakeFiles/ec_shim.dir/app/ec/chip/riscv/riscv-ite/it8xxx2-espi.c.obj
[yavista:ro] [181/378] Building C object modules/ec/zephyr/CMakeFiles/ec_shim.dir/shim/src/crc.c.obj
[navi:rw] [300/379] Building C object modules/ec/zephyr/CMakeFiles/ec_shim.dir/app/ec/main_shim.c.obj
[yavista:rw] [300/378] Building C object modules/ec/zephyr/CMakeFiles/ec_shim.dir/app/ec/ec_app_main.c.obj
[ciri:rw] [76/377] Building C object CMakeFiles/app.dir/mnt/host/source/src/platform/ec/build/zephyr/ciri/modules/ec/common/tablet_mode.c.obj
[obiwan:ro] [326/361] Building C object CMakeFiles/app.dir/obiwan/src/thermal_policy.c.obj
[obiwan:ro] [327/361] Building C object CMakeFiles/app.dir/obiwan/src/touchpanel.c.obj
[navi:rw] [301/379] Building C object modules/ec/zephyr/CMakeFiles/ec_shim.dir/app/ec/ec_app_main.c.obj
[yavista:ro] [182/378] Building C object modules/ec/zephyr/CMakeFiles/ec_shim.dir/shim/src/console.c.obj
[obiwan:ro] [328/361] Building C object zephyr/kernel/CMakeFiles/kernel.dir/main_weak.c.obj
[obiwan:ro] [329/361] Linking C static library app/libapp.a
[obiwan:ro] [330/361] Building C object zephyr/kernel/CMakeFiles/kernel.dir/banner.c.obj
[yavista:rw] [301/378] Building C object modules/ec/zephyr/CMakeFiles/ec_shim.dir/drivers/cros_flash/cros_flash_it8xxx2.c.obj
[yavista:rw] [302/378] Building C object modules/ec/zephyr/CMakeFiles/ec_shim.dir/drivers/cros_kb_raw/cros_kb_raw_ite.c.obj
[navi:rw] [302/379] Building C object modules/ec/zephyr/CMakeFiles/ec_shim.dir/drivers/cros_flash/cros_flash_it8xxx2.c.obj
[yavista:rw] [303/378] Building C object modules/ec/zephyr/CMakeFiles/ec_shim.dir/drivers/cros_kblight/pwm_kblight.c.obj
[yavista:rw] [304/378] Building C object modules/ec/zephyr/CMakeFiles/ec_shim.dir/drivers/cros_system/cros_system_it8xxx2.c.obj
[obiwan:ro] [331/361] Building C object zephyr/kernel/CMakeFiles/kernel.dir/busy_wait.c.obj
[yavista:rw] [305/378] Building C object modules/ec/zephyr/CMakeFiles/ec_shim.dir/drivers/vivaldi_kbd/vivaldi_kbd.c.obj
[navi:rw] [303/379] Building C object modules/ec/zephyr/CMakeFiles/ec_shim.dir/drivers/cros_kb_raw/cros_kb_raw_ite.c.obj
[yavista:ro] [183/378] Building C object modules/ec/zephyr/CMakeFiles/ec_shim.dir/shim/src/gpio.c.obj
[obiwan:ro] [332/361] Building C object zephyr/kernel/CMakeFiles/kernel.dir/errno.c.obj
[yavista:ro] [184/378] Building C object modules/ec/zephyr/CMakeFiles/ec_shim.dir/shim/src/gpio_int.c.obj
[obiwan:ro] [333/361] Building C object zephyr/kernel/CMakeFiles/kernel.dir/device.c.obj
[ciri:rw] [77/377] Building C object CMakeFiles/app.dir/mnt/host/source/src/platform/ec/build/zephyr/ciri/modules/ec/common/thermal.c.obj
[obiwan:ro] [334/361] Building C object zephyr/kernel/CMakeFiles/kernel.dir/fatal.c.obj
[yavista:rw] [306/378] Building C object modules/ec/zephyr/CMakeFiles/ec_shim.dir/shim/chip/it8xxx2/clock.c.obj
[navi:rw] [304/379] Building C object modules/ec/zephyr/CMakeFiles/ec_shim.dir/drivers/cros_kblight/pwm_kblight.c.obj
[/mnt/host/source/src/platform/ec/build/zephyr/wugtrio-lcov]   /mnt/host/source/src/platform/ec/build/zephyr/wugtrio/build-ro/CMakeFiles/app.dir/mnt/host/source/src/platform/ec/build/zephyr/wugtrio/modules/ec/common/cbi_config.c.gcno:no functions found
[/mnt/host/source/src/platform/ec/build/zephyr/wugtrio-lcov] stderr:
[yavista:rw] [307/378] Building C object modules/ec/zephyr/CMakeFiles/ec_shim.dir/shim/chip/it8xxx2/system.c.obj
[navi:rw] [305/379] Building C object modules/ec/zephyr/CMakeFiles/ec_shim.dir/drivers/cros_system/cros_system_it8xxx2.c.obj
[yavista:rw] [308/378] Building C object modules/ec/zephyr/CMakeFiles/ec_shim.dir/shim/chip/it8xxx2/keyboard_raw.c.obj
[yavista:rw] [309/378] Building C object modules/ec/zephyr/CMakeFiles/ec_shim.dir/shim/chip/it8xxx2/gpio.c.obj
[yavista:rw] [310/378] Building C object modules/ec/zephyr/CMakeFiles/ec_shim.dir/shim/src/crc.c.obj
[obiwan:ro] [335/361] Building C object zephyr/kernel/CMakeFiles/kernel.dir/init.c.obj
[yavista:ro] [185/378] Building C object modules/ec/zephyr/CMakeFiles/ec_shim.dir/shim/src/panic_utils.c.obj
[yavista:rw] [311/378] Building C object modules/ec/zephyr/CMakeFiles/ec_shim.dir/shim/chip/it8xxx2/power_policy.c.obj
[obiwan:ro] [336/361] Building C object zephyr/kernel/CMakeFiles/kernel.dir/kheap.c.obj
[obiwan:ro] [337/361] Building C object zephyr/kernel/CMakeFiles/kernel.dir/float.c.obj
[obiwan:ro] [338/361] Building C object zephyr/kernel/CMakeFiles/kernel.dir/version.c.obj
[navi:rw] [306/379] Building C object modules/ec/zephyr/CMakeFiles/ec_shim.dir/shim/chip/it8xxx2/clock.c.obj
[yavista:ro] [186/378] Building C object modules/ec/zephyr/CMakeFiles/ec_shim.dir/shim/src/pm_state.c.obj
[obiwan:ro] [339/361] Building C object zephyr/kernel/CMakeFiles/kernel.dir/mem_slab.c.obj
[ciri:rw] [78/377] Building C object CMakeFiles/app.dir/mnt/host/source/src/platform/ec/build/zephyr/ciri/modules/ec/common/temp_sensor.c.obj
[yavista:rw] [312/378] Building C object modules/ec/zephyr/CMakeFiles/ec_shim.dir/shim/src/console.c.obj
[/mnt/host/source/src/platform/ec/build/zephyr/wugtrio-lcov]   /mnt/host/source/src/platform/ec/build/zephyr/wugtrio/build-ro/zephyr/arch/arch/riscv/core/CMakeFiles/arch__riscv__core.dir/cpu_idle.c.gcno:no functions found
[/mnt/host/source/src/platform/ec/build/zephyr/wugtrio-lcov] stderr:
[navi:rw] [307/379] Building C object modules/ec/zephyr/CMakeFiles/ec_shim.dir/shim/chip/it8xxx2/gpio.c.obj
[yavista:rw] [313/378] Building C object modules/ec/zephyr/CMakeFiles/ec_shim.dir/shim/src/gpio_int.c.obj
[yavista:rw] [314/378] Building C object modules/ec/zephyr/CMakeFiles/ec_shim.dir/shim/src/panic_utils.c.obj
[navi:rw] [308/379] Building C object modules/ec/zephyr/CMakeFiles/ec_shim.dir/shim/chip/it8xxx2/system.c.obj
[yavista:ro] [187/378] Building C object modules/ec/zephyr/CMakeFiles/ec_shim.dir/shim/src/cbi/cros_cbi.c.obj
[obiwan:ro] [340/361] Building C object zephyr/kernel/CMakeFiles/kernel.dir/idle.c.obj
[yavista:rw] [315/378] Building C object modules/ec/zephyr/CMakeFiles/ec_shim.dir/shim/src/gpio.c.obj
[obiwan:ro] [341/361] Building C object zephyr/kernel/CMakeFiles/kernel.dir/mailbox.c.obj
[navi:rw] [309/379] Building C object modules/ec/zephyr/CMakeFiles/ec_shim.dir/shim/chip/it8xxx2/keyboard_raw.c.obj
[obiwan:ro] [342/361] Building C object zephyr/kernel/CMakeFiles/kernel.dir/msg_q.c.obj
[yavista:rw] [316/378] Building C object modules/ec/zephyr/CMakeFiles/ec_shim.dir/shim/src/pm_state.c.obj
[yavista:ro] [188/378] Building C object modules/ec/zephyr/CMakeFiles/ec_shim.dir/shim/src/cbi/cros_cbi_fw_config.c.obj
[obiwan:ro] [343/361] Building C object zephyr/kernel/CMakeFiles/kernel.dir/mutex.c.obj
[yavista:rw] [317/378] Building C object modules/ec/zephyr/CMakeFiles/ec_shim.dir/shim/src/cbi/cros_cbi.c.obj
[ciri:rw] [79/377] Building C object CMakeFiles/app.dir/mnt/host/source/src/platform/ec/build/zephyr/ciri/modules/ec/driver/temp_sensor/thermistor.c.obj
[navi:rw] [310/379] Building C object modules/ec/zephyr/CMakeFiles/ec_shim.dir/shim/chip/it8xxx2/power_policy.c.obj
[navi:rw] [311/379] Building C object modules/ec/zephyr/CMakeFiles/ec_shim.dir/shim/src/crc.c.obj
[yavista:ro] [189/378] Building C object modules/ec/zephyr/CMakeFiles/ec_shim.dir/shim/src/cbi/cbi_eeprom.c.obj
[/mnt/host/source/src/platform/ec/build/zephyr/wugtrio-lcov]   /mnt/host/source/src/platform/ec/build/zephyr/wugtrio/build-ro/zephyr/arch/common/CMakeFiles/isr_tables.dir/isr_tables.c.gcno:no functions found
[/mnt/host/source/src/platform/ec/build/zephyr/wugtrio-lcov] stderr:
[yavista:rw] [318/378] Building C object modules/ec/zephyr/CMakeFiles/ec_shim.dir/shim/src/cbi/cbi_eeprom.c.obj
[obiwan:ro] [344/361] Building C object zephyr/kernel/CMakeFiles/kernel.dir/stack.c.obj
[yavista:rw] [319/378] Building C object modules/ec/zephyr/CMakeFiles/ec_shim.dir/shim/src/cbi/cros_cbi_fw_config.c.obj
[navi:rw] [312/379] Building C object modules/ec/zephyr/CMakeFiles/ec_shim.dir/shim/chip/it8xxx2/shi.c.obj
[yavista:rw] [320/378] Building C object modules/ec/zephyr/CMakeFiles/ec_shim.dir/shim/src/system.c.obj
[obiwan:ro] [345/361] Building C object zephyr/kernel/CMakeFiles/kernel.dir/queue.c.obj
[obiwan:ro] [346/361] Building C object zephyr/kernel/CMakeFiles/kernel.dir/sem.c.obj
[obiwan:ro] [347/361] Building C object zephyr/kernel/CMakeFiles/kernel.dir/system_work_q.c.obj
[yavista:ro] [190/378] Building C object modules/ec/zephyr/CMakeFiles/ec_shim.dir/shim/src/system.c.obj
[yavista:rw] [321/378] Building C object modules/ec/zephyr/CMakeFiles/ec_shim.dir/shim/src/battery.c.obj
[yavista:rw] [322/378] Building C object modules/ec/zephyr/CMakeFiles/ec_shim.dir/shim/src/adc.c.obj
[navi:rw] [313/379] Building C object modules/ec/zephyr/CMakeFiles/ec_shim.dir/shim/src/console.c.obj
[ciri:rw] [80/377] Building C object CMakeFiles/app.dir/mnt/host/source/src/platform/ec/build/zephyr/ciri/modules/ec/common/timer.c.obj
[yavista:ro] [191/378] Building C object modules/ec/zephyr/CMakeFiles/ec_shim.dir/shim/src/adc.c.obj
[yavista:rw] [323/378] Building C object modules/ec/zephyr/CMakeFiles/ec_shim.dir/shim/src/chipset_api.c.obj
[obiwan:ro] [348/361] Building C object zephyr/kernel/CMakeFiles/kernel.dir/condvar.c.obj
[obiwan:ro] [349/361] Building C object zephyr/kernel/CMakeFiles/kernel.dir/work.c.obj
[yavista:rw] [324/378] Building C object modules/ec/zephyr/CMakeFiles/ec_shim.dir/shim/src/charger.c.obj
[obiwan:ro] [350/361] Building C object zephyr/kernel/CMakeFiles/kernel.dir/thread.c.obj
[navi:rw] [314/379] Building C object modules/ec/zephyr/CMakeFiles/ec_shim.dir/shim/src/gpio.c.obj
[navi:rw] [315/379] Building C object modules/ec/zephyr/CMakeFiles/ec_shim.dir/shim/src/gpio_int.c.obj
[navi:rw] [316/379] Building C object modules/ec/zephyr/CMakeFiles/ec_shim.dir/shim/src/panic_utils.c.obj
[yavista:ro] [192/378] Building C object modules/ec/zephyr/CMakeFiles/ec_shim.dir/shim/src/battery.c.obj
[yavista:rw] [325/378] Building C object modules/ec/zephyr/CMakeFiles/ec_shim.dir/shim/src/espi.c.obj
[obiwan:ro] [351/361] Building C object zephyr/kernel/CMakeFiles/kernel.dir/sched.c.obj
[yavista:rw] [326/378] Building C object modules/ec/zephyr/CMakeFiles/ec_shim.dir/shim/src/flash.c.obj
[yavista:rw] [327/378] Building C object modules/ec/zephyr/CMakeFiles/ec_shim.dir/shim/src/fan.c.obj
[ciri:rw] [81/377] Building C object CMakeFiles/app.dir/mnt/host/source/src/platform/ec/build/zephyr/ciri/modules/ec/common/typec_control.c.obj
[obiwan:ro] [352/361] Building C object zephyr/kernel/CMakeFiles/kernel.dir/pipe.c.obj
[obiwan:ro] [353/361] Building C object zephyr/kernel/CMakeFiles/kernel.dir/spinlock_validate.c.obj
[yavista:rw] [328/378] Building C object modules/ec/zephyr/CMakeFiles/ec_shim.dir/shim/src/hooks.c.obj
[yavista:ro] [193/378] Building C object modules/ec/zephyr/CMakeFiles/ec_shim.dir/shim/src/charger.c.obj
[obiwan:ro] [354/361] Building C object zephyr/kernel/CMakeFiles/kernel.dir/thread_monitor.c.obj
[yavista:rw] [329/378] Building C object modules/ec/zephyr/CMakeFiles/ec_shim.dir/shim/src/host_command.c.obj
[yavista:rw] [330/378] Building C object modules/ec/zephyr/CMakeFiles/ec_shim.dir/shim/src/console_buffer.c.obj
[navi:rw] [317/379] Building C object modules/ec/zephyr/CMakeFiles/ec_shim.dir/shim/src/pm_state.c.obj
[obiwan:ro] [355/361] Building C object zephyr/kernel/CMakeFiles/kernel.dir/timeout.c.obj
[navi:rw] [318/379] Building C object modules/ec/zephyr/CMakeFiles/ec_shim.dir/shim/src/cbi/cros_cbi.c.obj
[yavista:ro] [194/378] Building C object modules/ec/zephyr/CMakeFiles/ec_shim.dir/shim/src/chipset_api.c.obj
[yavista:rw] [331/378] Building C object modules/ec/zephyr/CMakeFiles/ec_shim.dir/shim/src/keyboard_raw.c.obj
[yavista:rw] [332/378] Building C object modules/ec/zephyr/CMakeFiles/ec_shim.dir/shim/src/keyscan.c.obj
[navi:rw] [319/379] Building C object modules/ec/zephyr/CMakeFiles/ec_shim.dir/shim/src/cbi/cros_cbi_fw_config.c.obj
[obiwan:ro] [356/361] Building C object zephyr/kernel/CMakeFiles/kernel.dir/timer.c.obj
[obiwan:ro] [357/361] Building C object zephyr/kernel/CMakeFiles/kernel.dir/poll.c.obj
[yavista:rw] [333/378] Building C object modules/ec/zephyr/CMakeFiles/ec_shim.dir/shim/src/mkbp_event.c.obj
[obiwan:ro] [358/361] Building C object zephyr/kernel/CMakeFiles/kernel.dir/events.c.obj
[yavista:rw] [334/378] Building C object modules/ec/zephyr/CMakeFiles/ec_shim.dir/shim/src/panic.c.obj
[ciri:rw] [82/377] Building C object CMakeFiles/app.dir/mnt/host/source/src/platform/ec/build/zephyr/ciri/modules/ec/common/usb_common.c.obj
[yavista:ro] [195/378] Building C object modules/ec/zephyr/CMakeFiles/ec_shim.dir/shim/src/espi.c.obj
[obiwan:ro] [359/361] Building C object zephyr/kernel/CMakeFiles/kernel.dir/mempool.c.obj
[yavista:rw] [335/378] Building C object modules/ec/zephyr/CMakeFiles/ec_shim.dir/shim/src/pwm_hc.c.obj
[navi:rw] [320/379] Building C object modules/ec/zephyr/CMakeFiles/ec_shim.dir/shim/src/cbi/cbi_flash.c.obj
[yavista:rw] [336/378] Building C object modules/ec/zephyr/CMakeFiles/ec_shim.dir/shim/src/thermal.c.obj
[yavista:rw] [337/378] Building C object modules/ec/zephyr/CMakeFiles/ec_shim.dir/shim/src/temp_sensors.c.obj
[navi:rw] [321/379] Building C object modules/ec/zephyr/CMakeFiles/ec_shim.dir/shim/src/adc.c.obj
[yavista:ro] [196/378] Building C object modules/ec/zephyr/CMakeFiles/ec_shim.dir/shim/src/fan.c.obj
[navi:rw] [322/379] Building C object modules/ec/zephyr/CMakeFiles/ec_shim.dir/shim/src/system.c.obj
[obiwan:ro] [360/361] Building C object zephyr/kernel/CMakeFiles/kernel.dir/dynamic_disabled.c.obj
[yavista:rw] [338/378] Building C object modules/ec/zephyr/CMakeFiles/ec_shim.dir/shim/src/hwtimer.c.obj
[obiwan:ro] [361/361] Linking C static library zephyr/kernel/libkernel.a
[yavista:rw] [339/378] Building C object modules/ec/zephyr/CMakeFiles/ec_shim.dir/shim/src/i2c.c.obj
[yavista:ro] [197/378] Building C object modules/ec/zephyr/CMakeFiles/ec_shim.dir/shim/src/flash.c.obj
[ciri:rw] [83/377] Building C object CMakeFiles/app.dir/mnt/host/source/src/platform/ec/build/zephyr/ciri/modules/ec/common/usb_pd_pdo.c.obj
[yavista:ro] [198/378] Building C object modules/ec/zephyr/CMakeFiles/ec_shim.dir/shim/src/hooks.c.obj
[yavista:rw] [340/378] Building C object modules/ec/zephyr/CMakeFiles/ec_shim.dir/shim/src/bc12.c.obj
[navi:rw] [323/379] Building C object modules/ec/zephyr/CMakeFiles/ec_shim.dir/shim/src/battery.c.obj
[yavista:rw] [341/378] Building C object modules/ec/zephyr/CMakeFiles/ec_shim.dir/shim/src/tasks.c.obj
[ciri:rw] [84/377] Building C object CMakeFiles/app.dir/mnt/host/source/src/platform/ec/build/zephyr/ciri/modules/ec/common/usbc/usbc_task.c.obj
[navi:rw] [324/379] Building C object modules/ec/zephyr/CMakeFiles/ec_shim.dir/shim/src/charger.c.obj
[yavista:rw] [342/378] Building C object modules/ec/zephyr/CMakeFiles/ec_shim.dir/shim/src/watchdog.c.obj
[yavista:ro] [199/378] Building C object modules/ec/zephyr/CMakeFiles/ec_shim.dir/shim/src/host_command.c.obj
[yavista:rw] [343/378] Building C object modules/ec/zephyr/CMakeFiles/ec_shim.dir/shim/src/bc12_pi3usb9201.c.obj
[yavista:ro] [200/378] Building C object modules/ec/zephyr/CMakeFiles/ec_shim.dir/shim/src/keyboard_raw.c.obj
[yavista:ro] [201/378] Building C object modules/ec/zephyr/CMakeFiles/ec_shim.dir/shim/src/console_buffer.c.obj
[navi:rw] [325/379] Building C object modules/ec/zephyr/CMakeFiles/ec_shim.dir/shim/src/flash.c.obj
[/mnt/host/source/src/platform/ec/build/zephyr/wugtrio-lcov]   /mnt/host/source/src/platform/ec/build/zephyr/wugtrio/build-ro/zephyr/CMakeFiles/zephyr.dir/subsys/shell/modules/kernel_service/kernel_shell.c.gcno:no functions found
[/mnt/host/source/src/platform/ec/build/zephyr/wugtrio-lcov] stderr:
[yavista:ro] [202/378] Building C object modules/ec/zephyr/CMakeFiles/ec_shim.dir/shim/src/keyscan.c.obj
[yavista:ro] [203/378] Building C object modules/ec/zephyr/CMakeFiles/ec_shim.dir/shim/src/mkbp_event.c.obj
[yavista:rw] [344/378] Building C object modules/ec/zephyr/CMakeFiles/ec_shim.dir/shim/src/usba.c.obj
[yavista:rw] [345/378] Building C object zephyr/kernel/CMakeFiles/kernel.dir/main_weak.c.obj
[/mnt/host/source/src/platform/ec/build/zephyr/wugtrio-lcov]   /mnt/host/source/src/platform/ec/build/zephyr/wugtrio/build-ro/zephyr/CMakeFiles/zephyr.dir/lib/libc/validate_libc.c.gcno:no functions found
[/mnt/host/source/src/platform/ec/build/zephyr/wugtrio-lcov] stderr:
[yavista:rw] [346/378] Building C object modules/ec/zephyr/CMakeFiles/ec_shim.dir/shim/src/power_host_sleep_api.c.obj
[ciri:rw] [85/377] Building C object CMakeFiles/app.dir/mnt/host/source/src/platform/ec/build/zephyr/ciri/modules/ec/common/usbc/usb_pd_timer.c.obj
[yavista:ro] [204/378] Building C object modules/ec/zephyr/CMakeFiles/ec_shim.dir/shim/src/panic.c.obj
[yavista:rw] [347/378] Building C object zephyr/kernel/CMakeFiles/kernel.dir/banner.c.obj
[navi:rw] [326/379] Building C object modules/ec/zephyr/CMakeFiles/ec_shim.dir/shim/src/hooks.c.obj
[navi:rw] [327/379] Building C object modules/ec/zephyr/CMakeFiles/ec_shim.dir/shim/src/host_command.c.obj
[ciri:rw] [86/377] Building C object CMakeFiles/app.dir/mnt/host/source/src/platform/ec/build/zephyr/ciri/modules/ec/common/usbc/usb_sm.c.obj
[yavista:rw] [348/378] Building C object modules/ec/zephyr/CMakeFiles/ec_shim.dir/shim/src/usb_muxes.c.obj
[yavista:ro] [205/378] Building C object modules/ec/zephyr/CMakeFiles/ec_shim.dir/shim/src/pwm_hc.c.obj
[yavista:rw] [349/378] Linking C static library modules/ec/zephyr/libec_shim.a
[yavista:ro] [206/378] Building C object modules/ec/zephyr/CMakeFiles/ec_shim.dir/shim/src/hwtimer.c.obj
[navi:rw] [328/379] Building C object modules/ec/zephyr/CMakeFiles/ec_shim.dir/shim/src/console_buffer.c.obj
[yavista:rw] [350/378] Building C object zephyr/kernel/CMakeFiles/kernel.dir/busy_wait.c.obj
[yavista:ro] [207/378] Building C object modules/ec/zephyr/CMakeFiles/ec_shim.dir/shim/src/temp_sensors.c.obj
[yavista:rw] [351/378] Building C object zephyr/kernel/CMakeFiles/kernel.dir/errno.c.obj
[yavista:ro] [208/378] Building C object modules/ec/zephyr/CMakeFiles/ec_shim.dir/shim/src/thermal.c.obj
[yavista:rw] [352/378] Building C object zephyr/kernel/CMakeFiles/kernel.dir/device.c.obj
[navi:rw] [329/379] Building C object modules/ec/zephyr/CMakeFiles/ec_shim.dir/shim/src/keyscan.c.obj
[ciri:rw] [87/377] Building C object CMakeFiles/app.dir/mnt/host/source/src/platform/ec/build/zephyr/ciri/modules/ec/common/usbc_intr_task.c.obj
[navi:rw] [330/379] Building C object modules/ec/zephyr/CMakeFiles/ec_shim.dir/shim/src/keyboard_raw.c.obj
[yavista:rw] [353/378] Building C object zephyr/kernel/CMakeFiles/kernel.dir/fatal.c.obj
[yavista:rw] [354/378] Building C object zephyr/kernel/CMakeFiles/kernel.dir/init.c.obj
[yavista:ro] [209/378] Building C object modules/ec/zephyr/CMakeFiles/ec_shim.dir/shim/src/i2c.c.obj
[yavista:rw] [355/378] Building C object zephyr/kernel/CMakeFiles/kernel.dir/version.c.obj
[ciri:rw] [88/377] Building C object CMakeFiles/app.dir/mnt/host/source/src/platform/ec/build/zephyr/ciri/modules/ec/common/usbc_utils.c.obj
[/mnt/host/source/src/platform/ec/build/zephyr/wugtrio-lcov]   /mnt/host/source/src/platform/ec/build/zephyr/wugtrio/build-ro/zephyr/CMakeFiles/zephyr.dir/lib/utils/last_section_id.c.gcno:no functions found
[/mnt/host/source/src/platform/ec/build/zephyr/wugtrio-lcov] stderr:
[yavista:rw] [356/378] Building C object zephyr/kernel/CMakeFiles/kernel.dir/kheap.c.obj
[yavista:ro] [210/378] Building C object modules/ec/zephyr/CMakeFiles/ec_shim.dir/shim/src/tasks.c.obj
[navi:rw] [331/379] Building C object modules/ec/zephyr/CMakeFiles/ec_shim.dir/shim/src/mkbp_event.c.obj
[yavista:ro] [211/378] Building C object modules/ec/zephyr/CMakeFiles/ec_shim.dir/shim/src/watchdog.c.obj
[yavista:ro] [212/378] Building C object modules/ec/zephyr/CMakeFiles/ec_shim.dir/shim/src/bc12.c.obj
[yavista:rw] [357/378] Building C object zephyr/kernel/CMakeFiles/kernel.dir/float.c.obj
[yavista:rw] [358/378] Building C object zephyr/kernel/CMakeFiles/kernel.dir/mem_slab.c.obj
[yavista:ro] [213/378] cd /mnt/host/source/src/platform/ec/build/zephyr/yavista/build-ro/modules/ec/zephyr && PYTHONPATH=/mnt/host/source/src/platform/ec/build/zephyr/yavista/modules/ec/zephyr/zmake/ /usr/bin/python3.11 /mnt/host/source/src/platform/ec/build/zephyr/yavista/modules/ec/zephyr/zmake/zephyr_build_tools/generate_ec_version.py /mnt/host/source/src/platform/ec/build/zephyr/yavista/build-ro/modules/ec/zephyr/include/ec_version.h --name Zephyr-Kernel --version 16543.0.0 --static
[yavista:ro] INFO:root:Using a static version string
[yavista:ro] INFO:root:Version string: Zephyr-Kernel-16543.0.0
[yavista:ro] INFO:root:Writing header to /mnt/host/source/src/platform/ec/build/zephyr/yavista/build-ro/modules/ec/zephyr/include/ec_version.h
[yavista:ro] [214/378] Building C object modules/ec/zephyr/CMakeFiles/ec_shim.dir/shim/src/bc12_pi3usb9201.c.obj
[ciri:rw] [89/377] Building C object CMakeFiles/app.dir/mnt/host/source/src/platform/ec/build/zephyr/ciri/modules/ec/common/usb_pd_flags.c.obj
[navi:rw] [332/379] Building C object modules/ec/zephyr/CMakeFiles/ec_shim.dir/shim/src/motionsense_sensors.c.obj
[navi:rw] [333/379] Building C object modules/ec/zephyr/CMakeFiles/ec_shim.dir/shim/src/panic.c.obj
[yavista:rw] [359/378] Building C object zephyr/kernel/CMakeFiles/kernel.dir/idle.c.obj
[yavista:rw] [360/378] Building C object zephyr/kernel/CMakeFiles/kernel.dir/msg_q.c.obj
[yavista:rw] [361/378] Building C object zephyr/kernel/CMakeFiles/kernel.dir/mailbox.c.obj
[yavista:ro] [215/378] Building C object modules/ec/zephyr/CMakeFiles/ec_shim.dir/shim/src/usba.c.obj
[yavista:ro] [216/378] Building C object modules/ec/zephyr/CMakeFiles/ec_shim.dir/shim/src/power_host_sleep_api.c.obj
[ciri:rw] [90/377] Building C object CMakeFiles/app.dir/mnt/host/source/src/platform/ec/build/zephyr/ciri/modules/ec/common/chargen.c.obj
[yavista:rw] [362/378] Building C object zephyr/kernel/CMakeFiles/kernel.dir/queue.c.obj
[yavista:ro] [217/378] Building C object CMakeFiles/app.dir/mnt/host/source/src/platform/ec/zephyr/subsys/ap_pwrseq/ap_events.c.obj
[navi:rw] [334/379] Building C object modules/ec/zephyr/CMakeFiles/ec_shim.dir/shim/src/power.c.obj
[yavista:rw] [363/378] Building C object zephyr/kernel/CMakeFiles/kernel.dir/mutex.c.obj
[yavista:ro] [218/378] Building C object modules/ec/zephyr/CMakeFiles/ec_shim.dir/shim/src/usb_muxes.c.obj
[yavista:ro] [219/378] Building C object CMakeFiles/app.dir/mnt/host/source/src/platform/ec/zephyr/subsys/ap_pwrseq/ap_power_interface.c.obj
[yavista:rw] [364/378] Building C object zephyr/kernel/CMakeFiles/kernel.dir/sem.c.obj
[yavista:rw] [365/378] Building C object zephyr/kernel/CMakeFiles/kernel.dir/system_work_q.c.obj
[yavista:rw] [366/378] Building C object zephyr/kernel/CMakeFiles/kernel.dir/stack.c.obj
[navi:rw] [335/379] Building C object modules/ec/zephyr/CMakeFiles/ec_shim.dir/shim/src/pwm_hc.c.obj
[ciri:rw] [91/377] Building C object CMakeFiles/app.dir/mnt/host/source/src/platform/ec/build/zephyr/ciri/modules/ec/common/usbc/usb_pd_console.c.obj
[yavista:rw] [367/378] Building C object zephyr/kernel/CMakeFiles/kernel.dir/condvar.c.obj
[yavista:ro] [220/378] Building C object CMakeFiles/app.dir/mnt/host/source/src/platform/ec/zephyr/subsys/ap_pwrseq/power_signals.c.obj
[navi:rw] [336/379] Building C object modules/ec/zephyr/CMakeFiles/ec_shim.dir/shim/src/temp_sensors.c.obj
[yavista:ro] [221/378] Building C object CMakeFiles/app.dir/mnt/host/source/src/platform/ec/zephyr/subsys/ap_pwrseq/signal_gpio.c.obj
[navi:rw] [337/379] Building C object modules/ec/zephyr/CMakeFiles/ec_shim.dir/shim/src/thermal.c.obj
[yavista:ro] [222/378] Building C object CMakeFiles/app.dir/mnt/host/source/src/platform/ec/zephyr/subsys/ap_pwrseq/signal_vw.c.obj
[yavista:rw] [368/378] Building C object zephyr/kernel/CMakeFiles/kernel.dir/work.c.obj
[yavista:rw] [369/378] Building C object zephyr/kernel/CMakeFiles/kernel.dir/thread.c.obj
[ciri:rw] [92/377] Building C object CMakeFiles/app.dir/mnt/host/source/src/platform/ec/build/zephyr/ciri/modules/ec/driver/usb_mux/usb_mux.c.obj
[yavista:ro] [223/378] Building C object CMakeFiles/app.dir/mnt/host/source/src/platform/ec/zephyr/subsys/ap_pwrseq/signal_adc.c.obj
[yavista:rw] [370/378] Building C object zephyr/kernel/CMakeFiles/kernel.dir/pipe.c.obj
[yavista:ro] [224/378] Building C object CMakeFiles/app.dir/mnt/host/source/src/platform/ec/zephyr/subsys/ap_pwrseq/power_host_sleep.c.obj
[navi:rw] [338/379] Building C object modules/ec/zephyr/CMakeFiles/ec_shim.dir/shim/src/hwtimer.c.obj
[yavista:rw] [371/378] Building C object zephyr/kernel/CMakeFiles/kernel.dir/timeout.c.obj
[yavista:rw] [372/378] Building C object zephyr/kernel/CMakeFiles/kernel.dir/sched.c.obj
[ciri:rw] [93/377] Building C object CMakeFiles/app.dir/mnt/host/source/src/platform/ec/build/zephyr/ciri/modules/ec/driver/usb_mux/ps8743.c.obj
[yavista:rw] [373/378] Building C object zephyr/kernel/CMakeFiles/kernel.dir/timer.c.obj
[yavista:ro] [225/378] Building C object CMakeFiles/app.dir/mnt/host/source/src/platform/ec/zephyr/subsys/ap_pwrseq/x86_non_dsx_common_pwrseq_sm_handler.c.obj
[navi:rw] [339/379] Building C object modules/ec/zephyr/CMakeFiles/ec_shim.dir/shim/src/i2c.c.obj
[yavista:ro] [226/378] Building C object CMakeFiles/app.dir/mnt/host/source/src/platform/ec/zephyr/subsys/ap_pwrseq/x86_non_dsx_chipset_power_state.c.obj
[yavista:ro] [227/378] Building C object CMakeFiles/app.dir/mnt/host/source/src/platform/ec/zephyr/subsys/ap_pwrseq/x86_non_dsx_common_pwrseq_host_sleep.c.obj
[ciri:rw] [94/377] Building C object CMakeFiles/app.dir/mnt/host/source/src/platform/ec/build/zephyr/ciri/modules/ec/driver/usb_mux/virtual.c.obj
[navi:rw] [340/379] Building C object modules/ec/zephyr/CMakeFiles/ec_shim.dir/shim/src/tasks.c.obj
[yavista:rw] [374/378] Building C object zephyr/kernel/CMakeFiles/kernel.dir/events.c.obj
[yavista:rw] [375/378] Building C object zephyr/kernel/CMakeFiles/kernel.dir/poll.c.obj
[yavista:ro] [228/378] Building C object CMakeFiles/app.dir/mnt/host/source/src/platform/ec/zephyr/subsys/ap_pwrseq/x86_non_dsx_common_pwrseq_console.c.obj
[yavista:rw] [376/378] Building C object zephyr/kernel/CMakeFiles/kernel.dir/dynamic_disabled.c.obj
[yavista:rw] [377/378] Building C object zephyr/kernel/CMakeFiles/kernel.dir/mempool.c.obj
[yavista:ro] [229/378] Building C object CMakeFiles/app.dir/mnt/host/source/src/platform/ec/zephyr/subsys/ap_pwrseq/x86_non_dsx_common_pwrseq_host_command.c.obj
[yavista:rw] [378/378] Linking C static library zephyr/kernel/libkernel.a
[navi:rw] [341/379] Building C object modules/ec/zephyr/CMakeFiles/ec_shim.dir/shim/src/watchdog.c.obj
[yavista:ro] [230/378] Building C object CMakeFiles/app.dir/mnt/host/source/src/platform/ec/zephyr/subsys/ap_pwrseq/x86_non_dsx_adlp_pwrseq_sm.c.obj
[yavista:ro] [231/378] Building C object CMakeFiles/app.dir/mnt/host/source/src/platform/ec/zephyr/subsys/ap_pwrseq/ap_reset_log.c.obj
[navi:rw] [342/379] Building C object modules/ec/zephyr/CMakeFiles/ec_shim.dir/shim/src/ppc.c.obj
[yavista:ro] [232/378] Building C object CMakeFiles/app.dir/mnt/host/source/src/platform/ec/build/zephyr/yavista/modules/ec/builtin/stdlib.c.obj
[yavista:ro] [233/378] Building C object CMakeFiles/app.dir/mnt/host/source/src/platform/ec/build/zephyr/yavista/modules/ec/common/base32.c.obj
[ciri:rw] [95/377] Building C object CMakeFiles/app.dir/mnt/host/source/src/platform/ec/build/zephyr/ciri/modules/ec/common/dps.c.obj
[ciri:rw] [96/377] Building C object CMakeFiles/app.dir/mnt/host/source/src/platform/ec/build/zephyr/ciri/modules/ec/common/event_log.c.obj
[ciri:rw] [97/377] Building C object CMakeFiles/app.dir/mnt/host/source/src/platform/ec/build/zephyr/ciri/modules/ec/common/pd_log.c.obj
[navi:rw] [343/379] Building C object modules/ec/zephyr/CMakeFiles/ec_shim.dir/shim/src/usba.c.obj
[yavista:ro] [234/378] Building C object CMakeFiles/app.dir/mnt/host/source/src/platform/ec/build/zephyr/yavista/modules/ec/common/console_output.c.obj
[navi:rw] [344/379] Building C object modules/ec/zephyr/CMakeFiles/ec_shim.dir/shim/src/usb_muxes.c.obj
[yavista:ro] [235/378] Building C object CMakeFiles/app.dir/mnt/host/source/src/platform/ec/build/zephyr/yavista/modules/ec/common/ec_features.c.obj
[navi:rw] [345/379] Building C object modules/ec/zephyr/CMakeFiles/ec_shim.dir/shim/src/sha256_hw.c.obj
[yavista:ro] [236/378] Building C object CMakeFiles/app.dir/mnt/host/source/src/platform/ec/build/zephyr/yavista/modules/ec/common/gpio_commands.c.obj
[navi:rw] [346/379] Linking C static library modules/ec/zephyr/libec_shim.a
[yavista:ro] [237/378] Building C object CMakeFiles/app.dir/mnt/host/source/src/platform/ec/build/zephyr/yavista/modules/ec/common/peripheral.c.obj
[yavista:ro] [238/378] Building C object CMakeFiles/app.dir/mnt/host/source/src/platform/ec/build/zephyr/yavista/modules/ec/common/queue.c.obj
[yavista:ro] [239/378] Building C object CMakeFiles/app.dir/mnt/host/source/src/platform/ec/build/zephyr/yavista/modules/ec/common/printf.c.obj
[navi:rw] [347/379] Building C object zephyr/kernel/CMakeFiles/kernel.dir/main_weak.c.obj
[navi:rw] [348/379] Building C object zephyr/kernel/CMakeFiles/kernel.dir/banner.c.obj
[ciri:rw] [98/377] Building C object CMakeFiles/app.dir/mnt/host/source/src/platform/ec/build/zephyr/ciri/modules/ec/common/usbc/usb_tc_drp_acc_trysrc_sm.c.obj
[navi:rw] [349/379] Building C object zephyr/kernel/CMakeFiles/kernel.dir/busy_wait.c.obj
[yavista:ro] [240/378] Building C object CMakeFiles/app.dir/mnt/host/source/src/platform/ec/build/zephyr/yavista/modules/ec/common/system.c.obj
[yavista:ro] [241/378] Building C object CMakeFiles/app.dir/mnt/host/source/src/platform/ec/build/zephyr/yavista/modules/ec/common/system_boot_time.c.obj
[yavista:ro] [242/378] Building C object CMakeFiles/app.dir/mnt/host/source/src/platform/ec/build/zephyr/yavista/modules/ec/common/uart_printf.c.obj
[yavista:ro] [243/378] Building C object CMakeFiles/app.dir/mnt/host/source/src/platform/ec/build/zephyr/yavista/modules/ec/common/util.c.obj
[ciri:rw] [99/377] Building C object CMakeFiles/app.dir/mnt/host/source/src/platform/ec/build/zephyr/ciri/modules/ec/common/usbc/usb_pd_dpm.c.obj
[navi:rw] [350/379] Building C object zephyr/kernel/CMakeFiles/kernel.dir/device.c.obj
[ciri:rw] [100/377] Building C object CMakeFiles/app.dir/mnt/host/source/src/platform/ec/build/zephyr/ciri/modules/ec/common/usbc/usb_prl_sm.c.obj
[yavista:ro] [244/378] Building C object CMakeFiles/app.dir/mnt/host/source/src/platform/ec/build/zephyr/yavista/modules/ec/common/version.c.obj
[navi:rw] [351/379] Building C object zephyr/kernel/CMakeFiles/kernel.dir/errno.c.obj
[yavista:ro] [245/378] Building C object CMakeFiles/app.dir/mnt/host/source/src/platform/ec/build/zephyr/yavista/modules/ec/common/adc.c.obj
[yavista:ro] [246/378] Building C object CMakeFiles/app.dir/mnt/host/source/src/platform/ec/build/zephyr/yavista/modules/ec/common/power_button_x86.c.obj
[navi:rw] [352/379] Building C object zephyr/kernel/CMakeFiles/kernel.dir/fatal.c.obj
[ciri:rw] [101/377] Building C object CMakeFiles/app.dir/mnt/host/source/src/platform/ec/build/zephyr/ciri/modules/ec/common/usbc/usbc_pd_policy.c.obj
[navi:rw] [353/379] Building C object zephyr/kernel/CMakeFiles/kernel.dir/init.c.obj
[yavista:ro] [247/378] Building C object CMakeFiles/app.dir/mnt/host/source/src/platform/ec/build/zephyr/yavista/modules/ec/common/acpi.c.obj
[yavista:ro] [248/378] Building C object CMakeFiles/app.dir/mnt/host/source/src/platform/ec/build/zephyr/yavista/modules/ec/common/backlight_lid.c.obj
[navi:rw] [354/379] Building C object zephyr/kernel/CMakeFiles/kernel.dir/version.c.obj
[yavista:ro] [249/378] Building C object CMakeFiles/app.dir/mnt/host/source/src/platform/ec/build/zephyr/yavista/modules/ec/common/battery.c.obj
[yavista:ro] [250/378] Building C object CMakeFiles/app.dir/mnt/host/source/src/platform/ec/build/zephyr/yavista/modules/ec/common/battery_info.c.obj
[navi:rw] [355/379] Building C object zephyr/kernel/CMakeFiles/kernel.dir/kheap.c.obj
[navi:rw] [356/379] Building C object zephyr/kernel/CMakeFiles/kernel.dir/mem_slab.c.obj
[ciri:rw] [102/377] Building C object CMakeFiles/app.dir/mnt/host/source/src/platform/ec/build/zephyr/ciri/modules/ec/common/usb_pd_console_cmd.c.obj
[yavista:ro] [251/378] Building C object CMakeFiles/app.dir/mnt/host/source/src/platform/ec/build/zephyr/yavista/modules/ec/common/battery_fuel_gauge.c.obj
[ciri:rw] [103/377] Building C object CMakeFiles/app.dir/mnt/host/source/src/platform/ec/build/zephyr/ciri/modules/ec/common/usbc/dp_alt_mode.c.obj
[ciri:rw] [104/377] Building C object CMakeFiles/app.dir/mnt/host/source/src/platform/ec/build/zephyr/ciri/modules/ec/common/usbc/usb_pe_drp_sm.c.obj
[navi:rw] [357/379] Building C object zephyr/kernel/CMakeFiles/kernel.dir/float.c.obj
[yavista:ro] [252/378] Building C object CMakeFiles/app.dir/mnt/host/source/src/platform/ec/build/zephyr/yavista/modules/ec/driver/battery/smart.c.obj
[yavista:ro] [253/378] Building C object CMakeFiles/app.dir/mnt/host/source/src/platform/ec/build/zephyr/yavista/modules/ec/driver/bc12/pi3usb9201.c.obj
[ciri:rw] [105/377] Building C object CMakeFiles/app.dir/mnt/host/source/src/platform/ec/build/zephyr/ciri/modules/ec/common/usb_pd_host_cmd.c.obj
[navi:rw] [358/379] Building C object zephyr/kernel/CMakeFiles/kernel.dir/idle.c.obj
[yavista:ro] [254/378] Building C object CMakeFiles/app.dir/mnt/host/source/src/platform/ec/build/zephyr/yavista/modules/ec/common/charger.c.obj
[navi:rw] [359/379] Building C object zephyr/kernel/CMakeFiles/kernel.dir/mailbox.c.obj
[yavista:ro] [255/378] Building C object CMakeFiles/app.dir/mnt/host/source/src/platform/ec/build/zephyr/yavista/modules/ec/driver/charger/sm5803.c.obj
[yavista:ro] [256/378] Building C object CMakeFiles/app.dir/mnt/host/source/src/platform/ec/build/zephyr/yavista/modules/ec/common/charge_state.c.obj
[navi:rw] [360/379] Building C object zephyr/kernel/CMakeFiles/kernel.dir/msg_q.c.obj
[ciri:rw] [106/377] Building C object CMakeFiles/app.dir/mnt/host/source/src/platform/ec/build/zephyr/ciri/modules/ec/common/usbc/usb_pd_host.c.obj
[yavista:ro] [257/378] Building C object CMakeFiles/app.dir/mnt/host/source/src/platform/ec/build/zephyr/yavista/modules/ec/common/ocpc.c.obj
[navi:rw] [361/379] Building C object zephyr/kernel/CMakeFiles/kernel.dir/mutex.c.obj
[yavista:ro] [258/378] Building C object CMakeFiles/app.dir/mnt/host/source/src/platform/ec/build/zephyr/yavista/modules/ec/common/charge_manager.c.obj
[yavista:ro] [259/378] Building C object CMakeFiles/app.dir/mnt/host/source/src/platform/ec/build/zephyr/yavista/modules/ec/common/cbi_common.c.obj
[ciri:rw] [107/377] Building C object CMakeFiles/app.dir/mnt/host/source/src/platform/ec/build/zephyr/ciri/modules/ec/zephyr/shim/src/tcpc.c.obj
[ciri:rw] [108/377] Building C object CMakeFiles/app.dir/mnt/host/source/src/platform/ec/build/zephyr/ciri/modules/ec/common/usb_pd_host_cmd_common.c.obj
[ciri:rw] [109/377] Building C object CMakeFiles/app.dir/mnt/host/source/src/platform/ec/build/zephyr/ciri/modules/ec/common/usbc/svdm_rsp_dfp_only.c.obj
[yavista:ro] [260/378] Building C object CMakeFiles/app.dir/mnt/host/source/src/platform/ec/build/zephyr/yavista/modules/ec/common/cbi.c.obj
[yavista:ro] [261/378] Building C object CMakeFiles/app.dir/mnt/host/source/src/platform/ec/build/zephyr/yavista/modules/ec/common/cbi_config.c.obj
[navi:rw] [362/379] Building C object zephyr/kernel/CMakeFiles/kernel.dir/queue.c.obj
[yavista:ro] [262/378] Building C object CMakeFiles/app.dir/mnt/host/source/src/platform/ec/build/zephyr/yavista/modules/ec/common/dptf.c.obj
[navi:rw] [363/379] Building C object zephyr/kernel/CMakeFiles/kernel.dir/sem.c.obj
[yavista:ro] [263/378] Building C object CMakeFiles/app.dir/mnt/host/source/src/platform/ec/build/zephyr/yavista/modules/ec/common/ap_reset_log.c.obj
[navi:rw] [364/379] Building C object zephyr/kernel/CMakeFiles/kernel.dir/system_work_q.c.obj
[yavista:ro] [264/378] Building C object CMakeFiles/app.dir/mnt/host/source/src/platform/ec/build/zephyr/yavista/modules/ec/common/espi.c.obj
[navi:rw] [365/379] Building C object zephyr/kernel/CMakeFiles/kernel.dir/stack.c.obj
[ciri:rw] [110/377] Building C object CMakeFiles/app.dir/mnt/host/source/src/platform/ec/build/zephyr/ciri/modules/ec/common/usbc_ocp.c.obj
[yavista:ro] [265/378] Building C object CMakeFiles/app.dir/mnt/host/source/src/platform/ec/build/zephyr/yavista/modules/ec/common/extpower_common.c.obj
[yavista:ro] [266/378] Building C object CMakeFiles/app.dir/mnt/host/source/src/platform/ec/build/zephyr/yavista/modules/ec/common/fan.c.obj
[ciri:rw] [111/377] Building C object CMakeFiles/app.dir/mnt/host/source/src/platform/ec/build/zephyr/ciri/modules/ec/common/usb_pd_dual_role.c.obj
[ciri:rw] [112/377] Building C object CMakeFiles/app.dir/mnt/host/source/src/platform/ec/build/zephyr/ciri/modules/ec/common/usbc/dp_hpd_gpio.c.obj
[ciri:rw] [113/377] Building C object CMakeFiles/app.dir/mnt/host/source/src/platform/ec/build/zephyr/ciri/modules/ec/common/usb_pd_discovery.c.obj
[yavista:ro] [267/378] Building C object CMakeFiles/app.dir/mnt/host/source/src/platform/ec/build/zephyr/yavista/modules/ec/common/flash.c.obj
[yavista:ro] [268/378] Building C object CMakeFiles/app.dir/mnt/host/source/src/platform/ec/build/zephyr/yavista/modules/ec/common/host_command.c.obj
[navi:rw] [366/379] Building C object zephyr/kernel/CMakeFiles/kernel.dir/condvar.c.obj
[yavista:ro] [269/378] Building C object CMakeFiles/app.dir/mnt/host/source/src/platform/ec/build/zephyr/yavista/modules/ec/common/uart_hostcmd.c.obj
[navi:rw] [367/379] Building C object zephyr/kernel/CMakeFiles/kernel.dir/thread.c.obj
[yavista:ro] [270/378] Building C object CMakeFiles/app.dir/mnt/host/source/src/platform/ec/build/zephyr/yavista/modules/ec/common/host_command_task.c.obj
[navi:rw] [368/379] Building C object zephyr/kernel/CMakeFiles/kernel.dir/work.c.obj
[yavista:ro] [271/378] Building C object CMakeFiles/app.dir/mnt/host/source/src/platform/ec/build/zephyr/yavista/modules/ec/common/host_event_commands.c.obj
[yavista:ro] [272/378] Building C object CMakeFiles/app.dir/mnt/host/source/src/platform/ec/build/zephyr/yavista/modules/ec/common/uptime.c.obj
[navi:rw] [369/379] Building C object zephyr/kernel/CMakeFiles/kernel.dir/sched.c.obj
[yavista:ro] [273/378] Building C object CMakeFiles/app.dir/mnt/host/source/src/platform/ec/build/zephyr/yavista/modules/ec/common/i2c_controller.c.obj
[yavista:ro] [274/378] Building C object CMakeFiles/app.dir/mnt/host/source/src/platform/ec/build/zephyr/yavista/modules/ec/common/i2c_passthru.c.obj
[ciri:rw] [114/377] Building C object CMakeFiles/app.dir/mnt/host/source/src/platform/ec/build/zephyr/ciri/modules/ec/driver/tcpm/ite_pd_intc.c.obj
[ciri:rw] [115/377] Building C object CMakeFiles/app.dir/mnt/host/source/src/platform/ec/build/zephyr/ciri/modules/ec/common/usbc_ppc.c.obj
[navi:rw] [370/379] Building C object zephyr/kernel/CMakeFiles/kernel.dir/pipe.c.obj
[ciri:rw] [116/377] Building C object CMakeFiles/app.dir/mnt/host/source/src/platform/ec/build/zephyr/ciri/modules/ec/driver/tcpm/tcpci.c.obj
[yavista:ro] [275/378] Building C object CMakeFiles/app.dir/mnt/host/source/src/platform/ec/build/zephyr/yavista/modules/ec/common/keyboard_scan.c.obj
[navi:rw] [371/379] Building C object zephyr/kernel/CMakeFiles/kernel.dir/spinlock_validate.c.obj
[yavista:ro] [276/378] Building C object CMakeFiles/app.dir/mnt/host/source/src/platform/ec/build/zephyr/yavista/modules/ec/common/keyboard_8042_sharedlib.c.obj
[yavista:ro] [277/378] Building C object CMakeFiles/app.dir/mnt/host/source/src/platform/ec/build/zephyr/yavista/modules/ec/common/keyboard_8042.c.obj
[navi:rw] [372/379] Building C object zephyr/kernel/CMakeFiles/kernel.dir/thread_monitor.c.obj
[ciri:rw] [117/377] Building C object CMakeFiles/app.dir/mnt/host/source/src/platform/ec/build/zephyr/ciri/modules/ec/driver/tcpm/it8xxx2.c.obj
[yavista:ro] [278/378] Building C object CMakeFiles/app.dir/mnt/host/source/src/platform/ec/build/zephyr/yavista/modules/ec/common/mkbp_fifo.c.obj
[yavista:ro] [279/378] Building C object CMakeFiles/app.dir/mnt/host/source/src/platform/ec/build/zephyr/yavista/modules/ec/common/mkbp_info.c.obj
[navi:rw] [373/379] Building C object zephyr/kernel/CMakeFiles/kernel.dir/timeout.c.obj
[navi:rw] [374/379] Building C object zephyr/kernel/CMakeFiles/kernel.dir/timer.c.obj
[yavista:ro] [280/378] Building C object CMakeFiles/app.dir/mnt/host/source/src/platform/ec/build/zephyr/yavista/modules/ec/common/mkbp_input_devices.c.obj
[yavista:ro] [281/378] Building C object CMakeFiles/app.dir/mnt/host/source/src/platform/ec/build/zephyr/yavista/modules/ec/common/keyboard_backlight.c.obj
[ciri:rw] [118/377] Building C object CMakeFiles/app.dir/mnt/host/source/src/platform/ec/build/zephyr/ciri/modules/ec/common/vboot_hash.c.obj
[navi:rw] [375/379] Building C object zephyr/kernel/CMakeFiles/kernel.dir/events.c.obj
[yavista:ro] [282/378] Building C object CMakeFiles/app.dir/mnt/host/source/src/platform/ec/build/zephyr/yavista/modules/ec/common/led_common.c.obj
[ciri:rw] [119/377] Building C object CMakeFiles/app.dir/mnt/host/source/src/platform/ec/build/zephyr/ciri/modules/ec/driver/ppc/syv682x.c.obj
[yavista:ro] [283/378] Building C object CMakeFiles/app.dir/mnt/host/source/src/platform/ec/build/zephyr/yavista/modules/ec/common/lid_switch.c.obj
[ciri:rw] [120/377] Building C object CMakeFiles/app.dir/mnt/host/source/src/platform/ec/build/zephyr/ciri/modules/ec/common/button.c.obj
Running (initial) lcov on /mnt/host/source/src/platform/ec/build/zephyr/obiwan.
[navi:rw] [376/379] Building C object zephyr/kernel/CMakeFiles/kernel.dir/poll.c.obj
[yavista:ro] [284/378] Building C object CMakeFiles/app.dir/mnt/host/source/src/platform/ec/build/zephyr/yavista/modules/ec/common/mkbp_event.c.obj
[yavista:ro] [285/378] Building C object CMakeFiles/app.dir/mnt/host/source/src/platform/ec/build/zephyr/yavista/modules/ec/common/led_onoff_states.c.obj
[ciri:rw] [121/377] Building C object CMakeFiles/app.dir/mnt/host/source/src/platform/ec/build/zephyr/ciri/modules/ec/common/vboot/efs2.c.obj
[navi:rw] [377/379] Building C object zephyr/kernel/CMakeFiles/kernel.dir/mempool.c.obj
[ciri:ro] Building: /usr/bin/ninja -C /mnt/host/source/src/platform/ec/build/zephyr/ciri/build-ro all.libraries
Running `env -i SHELL=/bin/bash COLORTERM=truecolor DEPOT_TOOLS_UPDATE=0 LESS='-R -M --shift 5' SUDO_GID=0 JDK_HOME=/etc/java-config-2/current-system-vm CONFIG_PROTECT_MASK='/etc/gentoo-release /etc/sandbox.d /etc/fonts/fonts.conf /etc/terminfo /etc/ca-certificates.conf /etc/revdep-rebuild' CHROMEOS_CACHEDIR=/var/cache/chromeos-cache JAVA_HOME=/etc/java-config-2/current-system-vm SSH_AUTH_SOCK=/tmp/ssh-auth-sock SUDO_COMMAND=/bin/bash SUDO_USER=root SUDO_TTY=/dev/pts/2 EDITOR=/usr/bin/vi PWD=/mnt/host/source/src/platform/ec CONFIG_PROTECT=/usr/share/gnupg/qualified.txt LOGNAME=jpmurphy MANPATH=/etc/java-config-2/current-system-vm/man:/usr/local/share/man:/usr/share/man:/usr/share/gcc-data/x86_64-pc-linux-gnu/10.2.0/man:/usr/share/binutils-data/x86_64-pc-linux-gnu/2.45/man:/etc/java-config-2/current-system-vm/man/ SUDO_HOME=/root XAUTHORITY=/run/user/944457/gdm/Xauthority HOME=/home/jpmurphy LANG=C.UTF-8 LS_COLORS='rs=0:di=01;34:ln=01;36:mh=00:pi=40;33:so=01;35:do=01;35:bd=40;33;01:cd=40;33;01:or=01;05;37;41:mi=01;05;37;41:su=37;41:sg=30;43:ca=30;41:tw=30;42:ow=34;42:st=37;44:ex=01;32:*.tar=01;31:*.tgz=01;31:*.arc=01;31:*.arj=01;31:*.taz=01;31:*.lha=01;31:*.lz4=01;31:*.lzh=01;31:*.lzma=01;31:*.tlz=01;31:*.txz=01;31:*.tzo=01;31:*.t7z=01;31:*.zip=01;31:*.z=01;31:*.dz=01;31:*.gz=01;31:*.lrz=01;31:*.lz=01;31:*.lzo=01;31:*.xz=01;31:*.zst=01;31:*.tzst=01;31:*.bz2=01;31:*.bz=01;31:*.tbz=01;31:*.tbz2=01;31:*.tz=01;31:*.deb=01;31:*.rpm=01;31:*.jar=01;31:*.war=01;31:*.ear=01;31:*.sar=01;31:*.rar=01;31:*.alz=01;31:*.ace=01;31:*.zoo=01;31:*.cpio=01;31:*.7z=01;31:*.rz=01;31:*.cab=01;31:*.wim=01;31:*.swm=01;31:*.dwm=01;31:*.esd=01;31:*.jpg=01;35:*.jpeg=01;35:*.mjpg=01;35:*.mjpeg=01;35:*.gif=01;35:*.bmp=01;35:*.pbm=01;35:*.pgm=01;35:*.ppm=01;35:*.tga=01;35:*.xbm=01;35:*.xpm=01;35:*.tif=01;35:*.tiff=01;35:*.png=01;35:*.svg=01;35:*.svgz=01;35:*.mng=01;35:*.pcx=01;35:*.mov=01;35:*.mpg=01;35:*.mpeg=01;35:*.m2v=01;35:*.mkv=01;35:*.webm=01;35:*.webp=01;35:*.ogm=01;35:*.mp4=01;35:*.m4v=01;35:*.mp4v=01;35:*.vob=01;35:*.qt=01;35:*.nuv=01;35:*.wmv=01;35:*.asf=01;35:*.rm=01;35:*.rmvb=01;35:*.flc=01;35:*.avi=01;35:*.fli=01;35:*.flv=01;35:*.gl=01;35:*.dl=01;35:*.xcf=01;35:*.xwd=01;35:*.yuv=01;35:*.cgm=01;35:*.emf=01;35:*.ogv=01;35:*.ogx=01;35:*.cfg=00;32:*.conf=00;32:*.diff=00;32:*.doc=00;32:*.ini=00;32:*.log=00;32:*.patch=00;32:*.pdf=00;32:*.ps=00;32:*.tex=00;32:*.txt=00;32:*.aac=00;36:*.au=00;36:*.flac=00;36:*.m4a=00;36:*.mid=00;36:*.midi=00;36:*.mka=00;36:*.mp3=00;36:*.mpc=00;36:*.ogg=00;36:*.ra=00;36:*.wav=00;36:*.oga=00;36:*.opus=00;36:*.spx=00;36:*.xspf=00;36:' XDG_CURRENT_DESKTOP=GNOME INFOPATH=/usr/share/info:/usr/share/gcc-data/x86_64-pc-linux-gnu/10.2.0/info:/usr/share/binutils-data/x86_64-pc-linux-gnu/2.45/info:/usr/share/automake-1.16.5/info JAVAC=/etc/java-config-2/current-system-vm/bin/javac TERM=xterm-256color LESSOPEN='|lesspipe %s' USER=jpmurphy CROS_WORKON_SRCROOT=/mnt/host/source MANPAGER=manpager DISPLAY=:1 SHLVL=1 LC_MESSAGES=C EXTERNAL_TRUNK_PATH=/mnt/8f9d649a-3721-44cc-93c0-e6bd21a9689f/chromiumos GCC_SPECS='' PATH=/mnt/host/source/chromite/bin:/usr/local/bin:/usr/bin:/bin:/opt/bin:/mnt/host/source/chromite/sdk/bin:/mnt/host/source/chromite/bin PORTAGE_USERNAME=jpmurphy SUDO_UID=0 GCC_VER=10.2.0 MAIL=/var/mail/jpmurphy OLDPWD=/mnt/host/source/src/scripts traceparent=00-e87aca51550a78635907baa6a2476181-6d684811675d2973-01 _=./zephyr/firmware_builder.py COREBOOT_SDK_ROOT_x86=/home/jpmurphy/.cache/coreboot-sdk/i386-elf/dfbb0486385d938cfa9d73080b9d18d598ed4f49 COREBOOT_SDK_ROOT_picolibc_x86=/home/jpmurphy/.cache/coreboot-sdk/picolibc-i386-elf/eb8e8e687b95461de8cbf278f1c2076952d0ad17 COREBOOT_SDK_ROOT_riscv64=/home/jpmurphy/.cache/coreboot-sdk/riscv64-elf/96b949749225b6aaa92ed810ab769e8dfb12f000 COREBOOT_SDK_ROOT_picolibc_arm=/home/jpmurphy/.cache/coreboot-sdk/picolibc-arm-eabi/422a2aa3e1ef891b5bece9a3deb696ff83840d2e COREBOOT_SDK_ROOT_nds32=/home/jpmurphy/.cache/coreboot-sdk/nds32le-elf/d1a518c4a097666d86058e1444f85ca015d15511 COREBOOT_SDK_ROOT_picolibc_riscv64=/home/jpmurphy/.cache/coreboot-sdk/picolibc-riscv64-elf/f571e990ef0278564b31124f8bb109d9a697eb69 COREBOOT_SDK_ROOT_arm=/home/jpmurphy/.cache/coreboot-sdk/arm-eabi/ea40ddd1d190c3b48435c474c0b545719371813a COREBOOT_SDK_ROOT_libstdcxx_riscv64=/home/jpmurphy/.cache/coreboot-sdk/libstdcxx-riscv64-elf/17abf22a3a252e2d5d2062ced5324f7a623689e0 COREBOOT_SDK_ROOT_libstdcxx_arm=/home/jpmurphy/.cache/coreboot-sdk/libstdcxx-arm-eabi/5d7d82e150e44aa1968f1d366e267e6687b328ac COREBOOT_SDK_ROOT_riscv=/home/jpmurphy/.cache/coreboot-sdk/riscv-elf/9a27b9e82341c6e9126624f516ab3f261abb3e73 COREBOOT_SDK_ROOT_libstdcxx_x86=/home/jpmurphy/.cache/coreboot-sdk/libstdcxx-i386-elf/42ef9d2e87a76a37963175d7d428734e65648b87 PYTHONPATH=/mnt/host/source/src/platform/ec/zephyr/zmake PW_PIGWEED_CIPD_INSTALL_DIR=/usr CROSTC_USER_ACKNOWLEDGES_THAT_RISCV_IS_EXPERIMENTAL=1 MAKEFLAGS=' -j16 --jobserver-auth=5,6' /usr/bin/ninja -C /mnt/host/source/src/platform/ec/build/zephyr/ciri/build-ro all.libraries`
[navi:rw] [378/379] Building C object zephyr/kernel/CMakeFiles/kernel.dir/dynamic_disabled.c.obj
[ciri:ro] ninja: Entering directory `/mnt/host/source/src/platform/ec/build/zephyr/ciri/build-ro'
Running `env -i PYTHONPATH=/usr/lib64/python-exec/python3.11:/mnt/host/source/src/platform/ec/zephyr/zmake:/usr/lib/python311.zip:/usr/lib/python3.11:/usr/lib/python3.11/lib-dynload:/usr/lib/python3.11/site-packages PW_PIGWEED_CIPD_INSTALL_DIR=/usr CROSTC_USER_ACKNOWLEDGES_THAT_RISCV_IS_EXPERIMENTAL=1 PATH=/mnt/host/source/chromite/bin:/usr/local/bin:/usr/bin:/bin:/opt/bin:/mnt/host/source/chromite/sdk/bin:/mnt/host/source/chromite/bin HOME=/home/jpmurphy JAVA_HOME=/etc/java-config-2/current-system-vm JDK_HOME=/etc/java-config-2/current-system-vm JAVAC=/etc/java-config-2/current-system-vm/bin/javac MAKEFLAGS=' -j16 --jobserver-auth=5,6' /usr/bin/lcov --gcov-tool /mnt/host/source/src/platform/ec/build/zephyr/obiwan/build-rw/gcov.sh -q -o - -c -d /mnt/host/source/src/platform/ec/build/zephyr/obiwan -t obiwan --rc branch_coverage=1 --filter range --ignore-errors inconsistent,source --ignore-errors gcov,gcov -i`
[navi:rw] [379/379] Linking C static library zephyr/kernel/libkernel.a
Toolchain <zmake.toolchains.CorebootSdkToolchain object at 0x7f41207d4b50> selected by probe function.
[mtlrvpp_mchp] Building in /mnt/host/source/src/platform/ec/build/zephyr/mtlrvpp_mchp.
[yavista:ro] [286/378] Building C object CMakeFiles/app.dir/mnt/host/source/src/platform/ec/build/zephyr/yavista/modules/ec/common/port80.c.obj
[yavista:ro] [287/378] Building C object CMakeFiles/app.dir/mnt/host/source/src/platform/ec/build/zephyr/yavista/modules/ec/common/power_button.c.obj
[yavista:ro] [288/378] Building C object CMakeFiles/app.dir/mnt/host/source/src/platform/ec/build/zephyr/yavista/modules/ec/power/hibernate.c.obj
[ciri:rw] [122/377] Building C object CMakeFiles/app.dir/mnt/host/source/src/platform/ec/build/zephyr/ciri/modules/ec/common/math_util.c.obj
[yavista:ro] [289/378] Building C object CMakeFiles/app.dir/mnt/host/source/src/platform/ec/build/zephyr/yavista/modules/ec/driver/sha256/sha256_it8xxx2.c.obj
[ciri:rw] [123/377] Building C object CMakeFiles/app.dir/mnt/host/source/src/platform/ec/build/zephyr/ciri/modules/ec/common/vstore.c.obj
[yavista:ro] [290/378] Building C object CMakeFiles/app.dir/mnt/host/source/src/platform/ec/build/zephyr/yavista/modules/ec/common/panic_output.c.obj
[ciri:rw] [124/377] Building C object CMakeFiles/app.dir/src/ccd_mode.c.obj
[yavista:ro] [291/378] Building C object CMakeFiles/app.dir/mnt/host/source/src/platform/ec/build/zephyr/yavista/modules/ec/common/shared_mem.c.obj
[ciri:rw] [125/377] Building C object CMakeFiles/app.dir/src/backlight.c.obj
[yavista:ro] [292/378] Building C object CMakeFiles/app.dir/mnt/host/source/src/platform/ec/build/zephyr/yavista/modules/ec/common/switch.c.obj
[ciri:ro] [1/377] Generating include/generated/zephyr/version.h
[ciri:ro] -- git describe warned: warning: tag 'upstream/v2.7.99' is externally known as 'v2.7.99'
[ciri:ro] -- Zephyr version: 4.3.99 (/mnt/host/source/src/third_party/zephyr/main)
[ciri:ro] [2/377] Preparing syscall dependency handling
[ciri:ro] [3/377] Generating misc/generated/syscalls_subdirs.trigger
[yavista:ro] [293/378] Building C object CMakeFiles/app.dir/mnt/host/source/src/platform/ec/build/zephyr/yavista/modules/ec/common/thermal.c.obj
[/mnt/host/source/src/platform/ec/build/zephyr/obiwan-lcov] geninfo: WARNING: using JSON module "JSON::PP" - which is much slower than some alternatives.  Consider installing one of JSON::XS or Cpanel::JSON::XS
[yavista:ro] [294/378] Building C object CMakeFiles/app.dir/mnt/host/source/src/platform/ec/build/zephyr/yavista/modules/ec/common/temp_sensor.c.obj
[ciri:rw] [126/377] Building C object CMakeFiles/app.dir/src/hibernate.c.obj
[ciri:rw] [127/377] Building C object CMakeFiles/app.dir/src/i2c.c.obj
[yavista:ro] [295/378] Building C object CMakeFiles/app.dir/mnt/host/source/src/platform/ec/build/zephyr/yavista/modules/ec/driver/temp_sensor/thermistor.c.obj
[yavista:ro] [296/378] Building C object CMakeFiles/app.dir/mnt/host/source/src/platform/ec/build/zephyr/yavista/modules/ec/common/throttle_ap.c.obj
[yavista:ro] [297/378] Building C object CMakeFiles/app.dir/mnt/host/source/src/platform/ec/build/zephyr/yavista/modules/ec/common/timer.c.obj
[ciri:rw] [128/377] Building C object CMakeFiles/app.dir/src/hooks.c.obj
[yavista:ro] [298/378] Building C object CMakeFiles/app.dir/mnt/host/source/src/platform/ec/build/zephyr/yavista/modules/ec/common/usb_charger.c.obj
[yavista:ro] [299/378] Building C object CMakeFiles/app.dir/mnt/host/source/src/platform/ec/build/zephyr/yavista/modules/ec/common/typec_control.c.obj
[yavista:ro] [300/378] Building C object CMakeFiles/app.dir/mnt/host/source/src/platform/ec/build/zephyr/yavista/modules/ec/common/usb_port_power_smart.c.obj
[ciri:rw] [129/377] Building C object CMakeFiles/app.dir/src/dp_alt_mode.c.obj
[ciri:rw] [130/377] Building C object CMakeFiles/app.dir/src/usbc_config.c.obj
[ciri:ro] [4/377] Generating misc/generated/syscalls.json, misc/generated/struct_tags.json
[yavista:ro] [301/378] Building C object CMakeFiles/app.dir/mnt/host/source/src/platform/ec/build/zephyr/yavista/modules/ec/common/usb_pd_pdo.c.obj
[yavista:ro] [302/378] Building C object CMakeFiles/app.dir/mnt/host/source/src/platform/ec/build/zephyr/yavista/modules/ec/common/usb_common.c.obj
[ciri:ro] [5/377] Generating include/generated/zephyr/syscall_dispatch.c, include/generated/zephyr/syscall_exports_llext.c, syscall_weakdefs_llext.c, include/generated/zephyr/syscall_list.h
[ciri:rw] [131/377] Building C object CMakeFiles/app.dir/src/usb_pd_policy.c.obj
[yavista:ro] [303/378] Building C object CMakeFiles/app.dir/mnt/host/source/src/platform/ec/build/zephyr/yavista/modules/ec/common/usbc/usbc_task.c.obj
[yavista:ro] [304/378] Building C object CMakeFiles/app.dir/mnt/host/source/src/platform/ec/build/zephyr/yavista/modules/ec/common/usbc/usb_sm.c.obj
[yavista:ro] [305/378] Building C object CMakeFiles/app.dir/mnt/host/source/src/platform/ec/build/zephyr/yavista/modules/ec/common/usbc/usb_pd_timer.c.obj
[ciri:ro] [6/377] Generating include/generated/zephyr/driver-validation.h
[ciri:rw] [132/377] Building C object CMakeFiles/app.dir/src/base_detect.c.obj
[ciri:rw] [133/377] Building C object CMakeFiles/app.dir/ciri/src/board_config.c.obj
[yavista:ro] [306/378] Building C object CMakeFiles/app.dir/mnt/host/source/src/platform/ec/build/zephyr/yavista/modules/ec/common/usb_pd_flags.c.obj
[yavista:ro] [307/378] Building C object CMakeFiles/app.dir/mnt/host/source/src/platform/ec/build/zephyr/yavista/modules/ec/common/usbc_intr_task.c.obj
[yavista:ro] [308/378] Building C object CMakeFiles/app.dir/mnt/host/source/src/platform/ec/build/zephyr/yavista/modules/ec/common/usbc_utils.c.obj
[ciri:ro] [7/377] Generating include/generated/zephyr/kobj-types-enum.h, include/generated/zephyr/otype-to-str.h, include/generated/zephyr/otype-to-size.h
[ciri:ro] [8/377] Generating include/generated/device-api-sections.ld, include/generated/device-api-sections.cmake
[ciri:rw] [134/377] Building C object zephyr/CMakeFiles/zephyr.dir/lib/libc/validate_libc.c.obj
[/mnt/host/source/src/platform/ec/build/zephyr/obiwan-lcov] stderr:
[ciri:rw] [135/377] Building C object CMakeFiles/app.dir/ciri/src/power_config.c.obj
[yavista:ro] [309/378] Building C object CMakeFiles/app.dir/mnt/host/source/src/platform/ec/build/zephyr/yavista/modules/ec/common/chargen.c.obj
[ciri:rw] [136/377] Building C object zephyr/CMakeFiles/zephyr.dir/lib/heap/heap.c.obj
[yavista:ro] [310/378] Building C object CMakeFiles/app.dir/mnt/host/source/src/platform/ec/build/zephyr/yavista/modules/ec/common/usbc/usb_pd_console.c.obj
[ciri:rw] [137/377] Linking C static library app/libapp.a
[/mnt/host/source/src/platform/ec/build/zephyr/obiwan-lcov]   /mnt/host/source/src/platform/ec/build/zephyr/obiwan/build-ro/modules/ec/zephyr/CMakeFiles/ec_shim.dir/shim/src/power.c.gcno:no functions found
[/mnt/host/source/src/platform/ec/build/zephyr/obiwan-lcov] stderr:
[yavista:ro] [311/378] Building C object CMakeFiles/app.dir/mnt/host/source/src/platform/ec/build/zephyr/yavista/modules/ec/driver/usb_mux/virtual.c.obj
[ciri:rw] [138/377] Building C object zephyr/CMakeFiles/zephyr.dir/lib/os/clock.c.obj
[yavista:ro] [312/378] Building C object CMakeFiles/app.dir/mnt/host/source/src/platform/ec/build/zephyr/yavista/modules/ec/driver/usb_mux/usb_mux.c.obj
[ciri:rw] [139/377] Building C object zephyr/CMakeFiles/zephyr.dir/lib/os/cbprintf_packaged.c.obj
[/mnt/host/source/src/platform/ec/build/zephyr/obiwan-lcov]   /mnt/host/source/src/platform/ec/build/zephyr/obiwan/build-ro/modules/ec/zephyr/CMakeFiles/ec_shim.dir/shim/src/thermal.c.gcno:no functions found
[/mnt/host/source/src/platform/ec/build/zephyr/obiwan-lcov] stderr:
[ciri:rw] [140/377] Building C object zephyr/CMakeFiles/zephyr.dir/lib/os/printk.c.obj
[ciri:ro] [9/377] Building C object zephyr/CMakeFiles/offsets.dir/arch/riscv/core/offsets/offsets.c.obj
[yavista:ro] [313/378] Building C object CMakeFiles/app.dir/mnt/host/source/src/platform/ec/build/zephyr/yavista/modules/ec/common/usbc/usb_prl_sm.c.obj
[ciri:ro] [10/377] Generating include/generated/zephyr/offsets.h
[yavista:ro] [314/378] Building C object CMakeFiles/app.dir/mnt/host/source/src/platform/ec/build/zephyr/yavista/modules/ec/common/usbc/usb_pd_dpm.c.obj
[/mnt/host/source/src/platform/ec/build/zephyr/obiwan-lcov]   /mnt/host/source/src/platform/ec/build/zephyr/obiwan/build-ro/modules/ec/zephyr/CMakeFiles/ec_shim.dir/shim/src/battery.c.gcno:no functions found
[/mnt/host/source/src/platform/ec/build/zephyr/obiwan-lcov] stderr:
[yavista:ro] [315/378] Building C object CMakeFiles/app.dir/mnt/host/source/src/platform/ec/build/zephyr/yavista/modules/ec/common/usbc/usb_tc_drp_acc_trysrc_sm.c.obj
[ciri:rw] [141/377] Building C object zephyr/CMakeFiles/zephyr.dir/lib/os/sem.c.obj
[ciri:rw] [142/377] Building C object zephyr/CMakeFiles/zephyr.dir/lib/os/thread_entry.c.obj
[yavista:ro] [316/378] Building C object CMakeFiles/app.dir/mnt/host/source/src/platform/ec/build/zephyr/yavista/modules/ec/common/usbc/usbc_pd_policy.c.obj
[/mnt/host/source/src/platform/ec/build/zephyr/wugtrio-lcov]   /mnt/host/source/src/platform/ec/build/zephyr/wugtrio/build-ro/zephyr/CMakeFiles/zephyr.dir/soc/ite/ec/it8xxx2/check_regs.c.gcno:no functions found
[/mnt/host/source/src/platform/ec/build/zephyr/wugtrio-lcov] stderr:
[yavista:ro] [317/378] Building C object CMakeFiles/app.dir/mnt/host/source/src/platform/ec/build/zephyr/yavista/modules/ec/common/usbc/usb_pe_drp_sm.c.obj
[ciri:rw] [143/377] Building C object zephyr/CMakeFiles/zephyr.dir/lib/os/cbprintf.c.obj
[ciri:rw] [144/377] Building C object zephyr/CMakeFiles/zephyr.dir/lib/os/cbprintf_nano.c.obj
[yavista:ro] [318/378] Building C object CMakeFiles/app.dir/mnt/host/source/src/platform/ec/build/zephyr/yavista/modules/ec/common/usbc/dp_alt_mode.c.obj
[ciri:rw] [145/377] Building C object zephyr/CMakeFiles/zephyr.dir/lib/utils/dec.c.obj
[ciri:rw] [146/377] Building C object zephyr/CMakeFiles/zephyr.dir/lib/os/assert.c.obj
[ciri:rw] [147/377] Building C object zephyr/CMakeFiles/zephyr.dir/lib/utils/hex.c.obj
[yavista:ro] [319/378] Building C object CMakeFiles/app.dir/mnt/host/source/src/platform/ec/build/zephyr/yavista/modules/ec/common/usb_pd_console_cmd.c.obj
[yavista:ro] [320/378] Building C object CMakeFiles/app.dir/mnt/host/source/src/platform/ec/build/zephyr/yavista/modules/ec/common/usb_pd_host_cmd.c.obj
[ciri:rw] [148/377] Building C object zephyr/CMakeFiles/zephyr.dir/lib/utils/timeutil.c.obj
[ciri:ro] [11/377] Building C object zephyr/CMakeFiles/zephyr.dir/lib/libc/validate_libc.c.obj
[/mnt/host/source/src/platform/ec/build/zephyr/wugtrio-lcov]   /mnt/host/source/src/platform/ec/build/zephyr/wugtrio/build-rw/modules/ec/zephyr/CMakeFiles/ec_shim.dir/shim/src/power.c.gcno:no functions found
[/mnt/host/source/src/platform/ec/build/zephyr/wugtrio-lcov] stderr:
[ciri:rw] [149/377] Building C object zephyr/CMakeFiles/zephyr.dir/lib/utils/bitmask.c.obj
[/mnt/host/source/src/platform/ec/build/zephyr/wugtrio-lcov]   /mnt/host/source/src/platform/ec/build/zephyr/wugtrio/build-rw/modules/ec/zephyr/CMakeFiles/ec_shim.dir/shim/src/thermal.c.gcno:no functions found
[/mnt/host/source/src/platform/ec/build/zephyr/wugtrio-lcov] stderr:
[/mnt/host/source/src/platform/ec/build/zephyr/obiwan-lcov]   /mnt/host/source/src/platform/ec/build/zephyr/obiwan/build-ro/modules/ec/zephyr/CMakeFiles/ec_shim.dir/shim/src/charger.c.gcno:no functions found
[/mnt/host/source/src/platform/ec/build/zephyr/obiwan-lcov] stderr:
[yavista:ro] [321/378] Building C object CMakeFiles/app.dir/mnt/host/source/src/platform/ec/build/zephyr/yavista/modules/ec/common/usbc/usb_pd_host.c.obj
[ciri:rw] [150/377] Building C object zephyr/CMakeFiles/zephyr.dir/lib/utils/rb.c.obj
[yavista:ro] [322/378] Building C object CMakeFiles/app.dir/mnt/host/source/src/platform/ec/build/zephyr/yavista/modules/ec/zephyr/shim/src/tcpc.c.obj
[yavista:ro] [323/378] Building C object CMakeFiles/app.dir/mnt/host/source/src/platform/ec/build/zephyr/yavista/modules/ec/common/usb_pd_host_cmd_common.c.obj
[yavista:ro] [324/378] Building C object CMakeFiles/app.dir/mnt/host/source/src/platform/ec/build/zephyr/yavista/modules/ec/common/usbc/svdm_rsp_dfp_only.c.obj
[ciri:rw] [151/377] Building C object zephyr/CMakeFiles/zephyr.dir/lib/utils/last_section_id.c.obj
[ciri:rw] [152/377] Building C object zephyr/CMakeFiles/zephyr.dir/lib/utils/ring_buffer.c.obj
[/mnt/host/source/src/platform/ec/build/zephyr/wugtrio-lcov]   /mnt/host/source/src/platform/ec/build/zephyr/wugtrio/build-rw/modules/ec/zephyr/CMakeFiles/ec_shim.dir/shim/src/battery.c.gcno:no functions found
[/mnt/host/source/src/platform/ec/build/zephyr/wugtrio-lcov] stderr:
[yavista:ro] [325/378] Building C object CMakeFiles/app.dir/mnt/host/source/src/platform/ec/build/zephyr/yavista/modules/ec/common/usbc_ocp.c.obj
[ciri:rw] [153/377] Building C object zephyr/CMakeFiles/zephyr.dir/lib/utils/getopt/getopt_common.c.obj
[ciri:rw] [154/377] Building C object zephyr/CMakeFiles/zephyr.dir/lib/utils/getopt/getopt.c.obj
[/mnt/host/source/src/platform/ec/build/zephyr/wugtrio-lcov]   /mnt/host/source/src/platform/ec/build/zephyr/wugtrio/build-rw/modules/ec/zephyr/CMakeFiles/ec_shim.dir/shim/src/charger.c.gcno:no functions found
[/mnt/host/source/src/platform/ec/build/zephyr/wugtrio-lcov] stderr:
[/mnt/host/source/src/platform/ec/build/zephyr/obiwan-lcov]   /mnt/host/source/src/platform/ec/build/zephyr/obiwan/build-ro/modules/ec/zephyr/CMakeFiles/ec_shim.dir/shim/src/usba.c.gcno:no functions found
[/mnt/host/source/src/platform/ec/build/zephyr/obiwan-lcov] stderr:
[yavista:ro] [326/378] Building C object CMakeFiles/app.dir/mnt/host/source/src/platform/ec/build/zephyr/yavista/modules/ec/common/usb_pd_discovery.c.obj
[/mnt/host/source/src/platform/ec/build/zephyr/wugtrio-lcov]   /mnt/host/source/src/platform/ec/build/zephyr/wugtrio/build-rw/modules/ec/zephyr/CMakeFiles/ec_shim.dir/shim/src/usb_muxes.c.gcno:no functions found
[/mnt/host/source/src/platform/ec/build/zephyr/wugtrio-lcov] stderr:
[ciri:rw] [155/377] Building C object zephyr/CMakeFiles/zephyr.dir/lib/utils/bitarray.c.obj
[ciri:rw] [156/377] Building ASM object zephyr/CMakeFiles/zephyr.dir/soc/ite/ec/common/soc_irq.S.obj
[yavista:ro] [327/378] Building C object CMakeFiles/app.dir/mnt/host/source/src/platform/ec/build/zephyr/yavista/modules/ec/common/usb_pd_dual_role.c.obj
[yavista:ro] [328/378] Building C object CMakeFiles/app.dir/mnt/host/source/src/platform/ec/build/zephyr/yavista/modules/ec/driver/tcpm/ps8xxx.c.obj
[ciri:rw] [157/377] Building C object zephyr/CMakeFiles/zephyr.dir/misc/generated/configs.c.obj
[ciri:ro] [12/377] Building C object zephyr/CMakeFiles/zephyr.dir/lib/heap/heap.c.obj
[ciri:rw] [158/377] Building C object zephyr/CMakeFiles/zephyr.dir/soc/ite/ec/common/soc_common_irq.c.obj
[yavista:ro] [329/378] Building C object CMakeFiles/app.dir/mnt/host/source/src/platform/ec/build/zephyr/yavista/modules/ec/driver/tcpm/ite_pd_intc.c.obj
[yavista:ro] [330/378] Building C object CMakeFiles/app.dir/mnt/host/source/src/platform/ec/build/zephyr/yavista/modules/ec/common/vboot_hash.c.obj
[ciri:rw] [159/377] Building C object zephyr/CMakeFiles/zephyr.dir/soc/ite/ec/common/power.c.obj
[yavista:ro] [331/378] Building C object CMakeFiles/app.dir/mnt/host/source/src/platform/ec/build/zephyr/yavista/modules/ec/driver/tcpm/tcpci.c.obj
[yavista:ro] [332/378] Building C object CMakeFiles/app.dir/mnt/host/source/src/platform/ec/build/zephyr/yavista/modules/ec/driver/tcpm/it8xxx2.c.obj
[yavista:ro] [333/378] Building C object CMakeFiles/app.dir/mnt/host/source/src/platform/ec/build/zephyr/yavista/modules/ec/common/vstore.c.obj
[ciri:rw] [160/377] Building C object zephyr/CMakeFiles/zephyr.dir/soc/ite/ec/it8xxx2/soc.c.obj
[ciri:rw] [161/377] Building C object zephyr/CMakeFiles/zephyr.dir/soc/ite/ec/common/policy.c.obj
[ciri:rw] [162/377] Building ASM object zephyr/CMakeFiles/zephyr.dir/soc/ite/ec/it8xxx2/vector.S.obj
[yavista:ro] [334/378] Building C object CMakeFiles/app.dir/mnt/host/source/src/platform/ec/build/zephyr/yavista/modules/ec/common/vboot/efs2.c.obj
[ciri:rw] [163/377] Building C object zephyr/CMakeFiles/zephyr.dir/soc/ite/ec/it8xxx2/check_regs.c.obj
[yavista:ro] [335/378] Building C object CMakeFiles/app.dir/mnt/host/source/src/platform/ec/build/zephyr/yavista/modules/ec/common/math_util.c.obj
[/mnt/host/source/src/platform/ec/build/zephyr/wugtrio-lcov]   /mnt/host/source/src/platform/ec/build/zephyr/wugtrio/build-rw/modules/ec/zephyr/CMakeFiles/ec_shim.dir/shim/src/chg_rt9490.c.gcno:no functions found
[/mnt/host/source/src/platform/ec/build/zephyr/wugtrio-lcov] stderr:
[ciri:ro] [13/377] Building C object zephyr/CMakeFiles/zephyr.dir/lib/os/cbprintf_packaged.c.obj
[yavista:ro] [336/378] Building C object CMakeFiles/app.dir/src/common.c.obj
[ciri:rw] [164/377] Building C object zephyr/CMakeFiles/zephyr.dir/soc/ite/ec/it8xxx2/ilm.c.obj
[ciri:rw] [165/377] Building C object zephyr/CMakeFiles/zephyr.dir/subsys/pm/state.c.obj
[yavista:ro] [337/378] Building C object CMakeFiles/app.dir/src/board_power.c.obj
[yavista:ro] [338/378] Building C object CMakeFiles/app.dir/yavista/src/board.c.obj
[yavista:ro] [339/378] Building C object CMakeFiles/app.dir/yavista/src/keyboard.c.obj
[ciri:rw] [166/377] Building C object zephyr/CMakeFiles/zephyr.dir/subsys/logging/log_minimal.c.obj
[yavista:ro] [340/378] Building C object CMakeFiles/app.dir/yavista/src/led.c.obj
[yavista:ro] [341/378] Linking C static library modules/ec/zephyr/libec_shim.a
[ciri:rw] [167/377] Building C object zephyr/CMakeFiles/zephyr.dir/subsys/pm/policy/policy_events.c.obj
[ciri:rw] [168/377] Building C object zephyr/CMakeFiles/zephyr.dir/subsys/pm/pm.c.obj
[yavista:ro] [342/378] Building C object CMakeFiles/app.dir/yavista/src/thermal.c.obj
[yavista:ro] [343/378] Building C object CMakeFiles/app.dir/yavista/src/sub_board.c.obj
[ciri:rw] [169/377] Building C object zephyr/CMakeFiles/zephyr.dir/subsys/pm/policy/policy_latency.c.obj
[yavista:ro] [344/378] Building C object CMakeFiles/app.dir/yavista/src/usbc.c.obj
[ciri:ro] [14/377] Building C object zephyr/CMakeFiles/zephyr.dir/lib/os/clock.c.obj
[ciri:rw] [170/377] Building C object zephyr/CMakeFiles/zephyr.dir/subsys/pm/policy/policy_state_lock.c.obj
[yavista:ro] [345/378] Building C object CMakeFiles/app.dir/yavista/src/charger.c.obj
[yavista:ro] [346/378] Building C object zephyr/kernel/CMakeFiles/kernel.dir/main_weak.c.obj
[yavista:ro] [347/378] Building C object zephyr/kernel/CMakeFiles/kernel.dir/banner.c.obj
[yavista:ro] [348/378] Building C object zephyr/kernel/CMakeFiles/kernel.dir/busy_wait.c.obj
[ciri:rw] [171/377] Building C object zephyr/CMakeFiles/zephyr.dir/subsys/pm/device.c.obj
[yavista:ro] [349/378] Building C object CMakeFiles/app.dir/yavista/src/fan.c.obj
[ciri:rw] [172/377] Building C object zephyr/CMakeFiles/zephyr.dir/subsys/pm/device_system_managed.c.obj
[yavista:ro] [350/378] Building C object zephyr/kernel/CMakeFiles/kernel.dir/errno.c.obj
[yavista:ro] [351/378] Building C object zephyr/kernel/CMakeFiles/kernel.dir/device.c.obj
[ciri:rw] [173/377] Building C object zephyr/CMakeFiles/zephyr.dir/subsys/testsuite/coverage/coverage.c.obj
[yavista:ro] [352/378] Linking C static library app/libapp.a
[yavista:ro] [353/378] Building C object zephyr/kernel/CMakeFiles/kernel.dir/version.c.obj
[ciri:rw] [174/377] Building C object zephyr/CMakeFiles/zephyr.dir/subsys/tracing/tracing_none.c.obj
[ciri:rw] [175/377] Building C object zephyr/CMakeFiles/zephyr.dir/subsys/shell/modules/kernel_service/kernel_shell.c.obj
[ciri:ro] [15/377] Building C object zephyr/CMakeFiles/zephyr.dir/lib/os/printk.c.obj
[yavista:ro] [354/378] Building C object zephyr/kernel/CMakeFiles/kernel.dir/fatal.c.obj
[yavista:ro] [355/378] Building C object zephyr/kernel/CMakeFiles/kernel.dir/mem_slab.c.obj
[yavista:ro] [356/378] Building C object zephyr/kernel/CMakeFiles/kernel.dir/init.c.obj
[yavista:ro] [357/378] Building C object zephyr/kernel/CMakeFiles/kernel.dir/kheap.c.obj
[yavista:ro] [358/378] Building C object zephyr/kernel/CMakeFiles/kernel.dir/float.c.obj
[ciri:rw] [176/377] Building C object zephyr/CMakeFiles/zephyr.dir/subsys/shell/modules/kernel_service/cycles.c.obj
[ciri:rw] [177/377] Building C object zephyr/CMakeFiles/zephyr.dir/subsys/shell/modules/kernel_service/sleep.c.obj
[yavista:ro] [359/378] Building C object zephyr/kernel/CMakeFiles/kernel.dir/idle.c.obj
[ciri:rw] [178/377] Building C object zephyr/CMakeFiles/zephyr.dir/subsys/shell/modules/kernel_service/uptime.c.obj
[yavista:ro] [360/378] Building C object zephyr/kernel/CMakeFiles/kernel.dir/mailbox.c.obj
[yavista:ro] [361/378] Building C object zephyr/kernel/CMakeFiles/kernel.dir/msg_q.c.obj
[ciri:rw] [179/377] Building C object zephyr/CMakeFiles/zephyr.dir/subsys/shell/modules/kernel_service/version.c.obj
[ciri:ro] [16/377] Building C object zephyr/CMakeFiles/zephyr.dir/lib/os/sem.c.obj
[yavista:ro] [362/378] Building C object zephyr/kernel/CMakeFiles/kernel.dir/queue.c.obj
[yavista:ro] [363/378] Building C object zephyr/kernel/CMakeFiles/kernel.dir/system_work_q.c.obj
[yavista:ro] [364/378] Building C object zephyr/kernel/CMakeFiles/kernel.dir/sem.c.obj
[yavista:ro] [365/378] Building C object zephyr/kernel/CMakeFiles/kernel.dir/stack.c.obj
[ciri:rw] [180/377] Building C object zephyr/CMakeFiles/zephyr.dir/subsys/shell/modules/kernel_service/thread/thread.c.obj
[yavista:ro] [366/378] Building C object zephyr/kernel/CMakeFiles/kernel.dir/mutex.c.obj
[ciri:rw] [181/377] Building C object zephyr/CMakeFiles/zephyr.dir/subsys/shell/modules/kernel_service/thread/list.c.obj
[ciri:rw] [182/377] Building C object zephyr/CMakeFiles/zephyr.dir/subsys/shell/modules/kernel_service/thread/stacks.c.obj
[yavista:ro] [367/378] Building C object zephyr/kernel/CMakeFiles/kernel.dir/condvar.c.obj
[ciri:rw] [183/377] Building C object zephyr/CMakeFiles/zephyr.dir/subsys/shell/modules/kernel_service/thread/unwind.c.obj
[ciri:rw] [184/377] Building C object zephyr/CMakeFiles/zephyr.dir/subsys/shell/modules/kernel_service/thread/suspend.c.obj
[yavista:ro] [368/378] Building C object zephyr/kernel/CMakeFiles/kernel.dir/thread.c.obj
[ciri:ro] [17/377] Building C object zephyr/CMakeFiles/zephyr.dir/lib/os/thread_entry.c.obj
[yavista:ro] [369/378] Building C object zephyr/kernel/CMakeFiles/kernel.dir/work.c.obj
[yavista:ro] [370/378] Building C object zephyr/kernel/CMakeFiles/kernel.dir/timeout.c.obj
[yavista:ro] [371/378] Building C object zephyr/kernel/CMakeFiles/kernel.dir/pipe.c.obj
[yavista:ro] [372/378] Building C object zephyr/kernel/CMakeFiles/kernel.dir/timer.c.obj
[mtlrvpp_mchp:ro] Configuring.
[yavista:ro] [373/378] Building C object zephyr/kernel/CMakeFiles/kernel.dir/sched.c.obj
Running `env -i PYTHONPATH=/usr/lib64/python-exec/python3.11:/mnt/host/source/src/platform/ec/zephyr/zmake:/usr/lib/python311.zip:/usr/lib/python3.11:/usr/lib/python3.11/lib-dynload:/usr/lib/python3.11/site-packages PW_PIGWEED_CIPD_INSTALL_DIR=/usr CROSTC_USER_ACKNOWLEDGES_THAT_RISCV_IS_EXPERIMENTAL=1 PATH=/mnt/host/source/chromite/bin:/usr/local/bin:/usr/bin:/bin:/opt/bin:/mnt/host/source/chromite/sdk/bin:/mnt/host/source/chromite/bin HOME=/home/jpmurphy JAVA_HOME=/etc/java-config-2/current-system-vm JDK_HOME=/etc/java-config-2/current-system-vm JAVAC=/etc/java-config-2/current-system-vm/bin/javac MAKEFLAGS=' -j16 --jobserver-auth=5,6' /usr/bin/cmake -S /mnt/host/source/src/platform/ec/zephyr/program/intelrvp -B /mnt/host/source/src/platform/ec/build/zephyr/mtlrvpp_mchp/build-ro -GNinja -DCMAKE_EXPORT_COMPILE_COMMANDS=ON -DZEPHYR_BASE=/mnt/host/source/src/third_party/zephyr/main -DZMAKE_INCLUDE_DIR=/mnt/host/source/src/platform/ec/build/zephyr/mtlrvpp_mchp/include -DPython3_EXECUTABLE=/usr/bin/python3.11 -DDTS_ROOT=/mnt/host/source/src/platform/ec/zephyr -DSYSCALL_INCLUDE_DIRS=/mnt/host/source/src/platform/ec/zephyr/include/drivers -DUSER_CACHE_DIR=/mnt/host/source/src/platform/ec/build/zephyr/user-cache '-DEXTRA_EC_VERSION_FLAGS=--version 16543.0.0 --static' -DTOOLCHAIN_ROOT=/mnt/host/source/src/platform/ec/zephyr -DCOREBOOT_SDK_ROOT_x86=/home/jpmurphy/.cache/coreboot-sdk/i386-elf/dfbb0486385d938cfa9d73080b9d18d598ed4f49 -DCOREBOOT_SDK_ROOT_picolibc_x86=/home/jpmurphy/.cache/coreboot-sdk/picolibc-i386-elf/eb8e8e687b95461de8cbf278f1c2076952d0ad17 -DCOREBOOT_SDK_ROOT_riscv64=/home/jpmurphy/.cache/coreboot-sdk/riscv64-elf/96b949749225b6aaa92ed810ab769e8dfb12f000 -DCOREBOOT_SDK_ROOT_picolibc_arm=/home/jpmurphy/.cache/coreboot-sdk/picolibc-arm-eabi/422a2aa3e1ef891b5bece9a3deb696ff83840d2e -DCOREBOOT_SDK_ROOT_nds32=/home/jpmurphy/.cache/coreboot-sdk/nds32le-elf/d1a518c4a097666d86058e1444f85ca015d15511 -DCOREBOOT_SDK_ROOT_picolibc_riscv64=/home/jpmurphy/.cache/coreboot-sdk/picolibc-riscv64-elf/f571e990ef0278564b31124f8bb109d9a697eb69 -DCOREBOOT_SDK_ROOT_arm=/home/jpmurphy/.cache/coreboot-sdk/arm-eabi/ea40ddd1d190c3b48435c474c0b545719371813a -DCOREBOOT_SDK_ROOT_libstdcxx_riscv64=/home/jpmurphy/.cache/coreboot-sdk/libstdcxx-riscv64-elf/17abf22a3a252e2d5d2062ced5324f7a623689e0 -DCOREBOOT_SDK_ROOT_libstdcxx_arm=/home/jpmurphy/.cache/coreboot-sdk/libstdcxx-arm-eabi/5d7d82e150e44aa1968f1d366e267e6687b328ac -DCOREBOOT_SDK_ROOT_riscv=/home/jpmurphy/.cache/coreboot-sdk/riscv-elf/9a27b9e82341c6e9126624f516ab3f261abb3e73 -DCOREBOOT_SDK_ROOT_libstdcxx_x86=/home/jpmurphy/.cache/coreboot-sdk/libstdcxx-i386-elf/42ef9d2e87a76a37963175d7d428734e65648b87 -DZEPHYR_TOOLCHAIN_VARIANT=coreboot-sdk '-DZEPHYR_MODULES=/mnt/host/source/src/platform/ec/build/zephyr/mtlrvpp_mchp/modules/cmsis;/mnt/host/source/src/platform/ec/build/zephyr/mtlrvpp_mchp/modules/cmsis_6;/mnt/host/source/src/platform/ec/build/zephyr/mtlrvpp_mchp/modules/ec' '-DDTC_OVERLAY_FILE=/mnt/host/source/src/platform/ec/zephyr/program/intelrvp/adlrvp/battery.dts;/mnt/host/source/src/platform/ec/zephyr/program/intelrvp/mtlrvp/mtlrvpp_mchp/fan.dts;/mnt/host/source/src/platform/ec/zephyr/program/intelrvp/mtlrvp/mtlrvpp_mchp/gpio.dts;/mnt/host/source/src/platform/ec/zephyr/program/intelrvp/mtlrvp/mtlrvpp_mchp/keyboard.dts;/mnt/host/source/src/platform/ec/zephyr/program/intelrvp/mtlrvp/mtlrvpp_npcx/interrupts.dts;/mnt/host/source/src/platform/ec/zephyr/program/intelrvp/mtlrvp/mtlrvpp_npcx/tcpc_interrupts.dts;/mnt/host/source/src/platform/ec/zephyr/program/intelrvp/mtlrvp/ioex.dts;/mnt/host/source/src/platform/ec/zephyr/program/intelrvp/mtlrvp/tcpc_ioex.dts;/mnt/host/source/src/platform/ec/zephyr/program/intelrvp/mtlrvp/mtlrvpp_mchp/mtlrvp_mchp.dts;/mnt/host/source/src/platform/ec/zephyr/program/intelrvp/mtlrvp/mtlrvpp_mchp/mtlrvp_mchp_power_signals.dts;/mnt/host/source/src/platform/ec/zephyr/program/intelrvp/adlrvp/adlrvp_npcx/temp_sensor.dts;/mnt/host/source/src/platform/ec/zephyr/program/intelrvp/mtlrvp/usbc.dts' -DBOARD=mec172x/mec172x_nsz/mec1727 -DCMAKE_C_FLAGS=-DSECTION_IS_RO '-DCONF_FILE=/mnt/host/source/src/platform/ec/zephyr/program/intelrvp/program.conf;/mnt/host/source/src/platform/ec/zephyr/program/intelrvp/mtlrvp/prj.conf;/mnt/host/source/src/platform/ec/zephyr/program/intelrvp/zephyr_ap_pwrseq.conf;/mnt/host/source/src/platform/ec/zephyr/program/intelrvp/mtlrvp/mtlrvpp_mchp/prj.conf;/mnt/host/source/src/platform/ec/zephyr/program/intelrvp/mtlrvp/mtlrvpp_mchp/board_mchp.conf;/mnt/host/source/src/platform/ec/zephyr/program/intelrvp/mtlrvp/tcpc.conf;/mnt/host/source/src/platform/ec/build/zephyr/mtlrvpp_mchp/kconfig-ro.conf'`
[yavista:ro] [374/378] Building C object zephyr/kernel/CMakeFiles/kernel.dir/poll.c.obj
[mtlrvpp_mchp:ro] Loading Zephyr default modules (Zephyr base (cached)).
[mtlrvpp_mchp:ro] -- Application: /mnt/host/source/src/platform/ec/zephyr/program/intelrvp
[mtlrvpp_mchp:ro] -- CMake version: 3.31.7
[ciri:rw] [185/377] Building C object zephyr/CMakeFiles/zephyr.dir/subsys/shell/modules/kernel_service/thread/resume.c.obj
[ciri:rw] [186/377] Building C object zephyr/CMakeFiles/zephyr.dir/subsys/shell/modules/kernel_service/thread/kill.c.obj
[mtlrvpp_mchp:rw] Configuring.
[yavista:ro] [375/378] Building C object zephyr/kernel/CMakeFiles/kernel.dir/events.c.obj
Running `env -i PYTHONPATH=/usr/lib64/python-exec/python3.11:/mnt/host/source/src/platform/ec/zephyr/zmake:/usr/lib/python311.zip:/usr/lib/python3.11:/usr/lib/python3.11/lib-dynload:/usr/lib/python3.11/site-packages PW_PIGWEED_CIPD_INSTALL_DIR=/usr CROSTC_USER_ACKNOWLEDGES_THAT_RISCV_IS_EXPERIMENTAL=1 PATH=/mnt/host/source/chromite/bin:/usr/local/bin:/usr/bin:/bin:/opt/bin:/mnt/host/source/chromite/sdk/bin:/mnt/host/source/chromite/bin HOME=/home/jpmurphy JAVA_HOME=/etc/java-config-2/current-system-vm JDK_HOME=/etc/java-config-2/current-system-vm JAVAC=/etc/java-config-2/current-system-vm/bin/javac MAKEFLAGS=' -j16 --jobserver-auth=5,6' /usr/bin/cmake -S /mnt/host/source/src/platform/ec/zephyr/program/intelrvp -B /mnt/host/source/src/platform/ec/build/zephyr/mtlrvpp_mchp/build-rw -GNinja -DCMAKE_EXPORT_COMPILE_COMMANDS=ON -DZEPHYR_BASE=/mnt/host/source/src/third_party/zephyr/main -DZMAKE_INCLUDE_DIR=/mnt/host/source/src/platform/ec/build/zephyr/mtlrvpp_mchp/include -DPython3_EXECUTABLE=/usr/bin/python3.11 -DDTS_ROOT=/mnt/host/source/src/platform/ec/zephyr -DSYSCALL_INCLUDE_DIRS=/mnt/host/source/src/platform/ec/zephyr/include/drivers -DUSER_CACHE_DIR=/mnt/host/source/src/platform/ec/build/zephyr/user-cache '-DEXTRA_EC_VERSION_FLAGS=--version 16543.0.0 --static' -DTOOLCHAIN_ROOT=/mnt/host/source/src/platform/ec/zephyr -DCOREBOOT_SDK_ROOT_x86=/home/jpmurphy/.cache/coreboot-sdk/i386-elf/dfbb0486385d938cfa9d73080b9d18d598ed4f49 -DCOREBOOT_SDK_ROOT_picolibc_x86=/home/jpmurphy/.cache/coreboot-sdk/picolibc-i386-elf/eb8e8e687b95461de8cbf278f1c2076952d0ad17 -DCOREBOOT_SDK_ROOT_riscv64=/home/jpmurphy/.cache/coreboot-sdk/riscv64-elf/96b949749225b6aaa92ed810ab769e8dfb12f000 -DCOREBOOT_SDK_ROOT_picolibc_arm=/home/jpmurphy/.cache/coreboot-sdk/picolibc-arm-eabi/422a2aa3e1ef891b5bece9a3deb696ff83840d2e -DCOREBOOT_SDK_ROOT_nds32=/home/jpmurphy/.cache/coreboot-sdk/nds32le-elf/d1a518c4a097666d86058e1444f85ca015d15511 -DCOREBOOT_SDK_ROOT_picolibc_riscv64=/home/jpmurphy/.cache/coreboot-sdk/picolibc-riscv64-elf/f571e990ef0278564b31124f8bb109d9a697eb69 -DCOREBOOT_SDK_ROOT_arm=/home/jpmurphy/.cache/coreboot-sdk/arm-eabi/ea40ddd1d190c3b48435c474c0b545719371813a -DCOREBOOT_SDK_ROOT_libstdcxx_riscv64=/home/jpmurphy/.cache/coreboot-sdk/libstdcxx-riscv64-elf/17abf22a3a252e2d5d2062ced5324f7a623689e0 -DCOREBOOT_SDK_ROOT_libstdcxx_arm=/home/jpmurphy/.cache/coreboot-sdk/libstdcxx-arm-eabi/5d7d82e150e44aa1968f1d366e267e6687b328ac -DCOREBOOT_SDK_ROOT_riscv=/home/jpmurphy/.cache/coreboot-sdk/riscv-elf/9a27b9e82341c6e9126624f516ab3f261abb3e73 -DCOREBOOT_SDK_ROOT_libstdcxx_x86=/home/jpmurphy/.cache/coreboot-sdk/libstdcxx-i386-elf/42ef9d2e87a76a37963175d7d428734e65648b87 -DZEPHYR_TOOLCHAIN_VARIANT=coreboot-sdk '-DZEPHYR_MODULES=/mnt/host/source/src/platform/ec/build/zephyr/mtlrvpp_mchp/modules/cmsis;/mnt/host/source/src/platform/ec/build/zephyr/mtlrvpp_mchp/modules/cmsis_6;/mnt/host/source/src/platform/ec/build/zephyr/mtlrvpp_mchp/modules/ec' '-DDTC_OVERLAY_FILE=/mnt/host/source/src/platform/ec/zephyr/program/intelrvp/adlrvp/battery.dts;/mnt/host/source/src/platform/ec/zephyr/program/intelrvp/mtlrvp/mtlrvpp_mchp/fan.dts;/mnt/host/source/src/platform/ec/zephyr/program/intelrvp/mtlrvp/mtlrvpp_mchp/gpio.dts;/mnt/host/source/src/platform/ec/zephyr/program/intelrvp/mtlrvp/mtlrvpp_mchp/keyboard.dts;/mnt/host/source/src/platform/ec/zephyr/program/intelrvp/mtlrvp/mtlrvpp_npcx/interrupts.dts;/mnt/host/source/src/platform/ec/zephyr/program/intelrvp/mtlrvp/mtlrvpp_npcx/tcpc_interrupts.dts;/mnt/host/source/src/platform/ec/zephyr/program/intelrvp/mtlrvp/ioex.dts;/mnt/host/source/src/platform/ec/zephyr/program/intelrvp/mtlrvp/tcpc_ioex.dts;/mnt/host/source/src/platform/ec/zephyr/program/intelrvp/mtlrvp/mtlrvpp_mchp/mtlrvp_mchp.dts;/mnt/host/source/src/platform/ec/zephyr/program/intelrvp/mtlrvp/mtlrvpp_mchp/mtlrvp_mchp_power_signals.dts;/mnt/host/source/src/platform/ec/zephyr/program/intelrvp/adlrvp/adlrvp_npcx/temp_sensor.dts;/mnt/host/source/src/platform/ec/zephyr/program/intelrvp/mtlrvp/usbc.dts' -DBOARD=mec172x/mec172x_nsz/mec1727 -DCMAKE_C_FLAGS=-DSECTION_IS_RW '-DCONF_FILE=/mnt/host/source/src/platform/ec/zephyr/program/intelrvp/program.conf;/mnt/host/source/src/platform/ec/zephyr/program/intelrvp/mtlrvp/prj.conf;/mnt/host/source/src/platform/ec/zephyr/program/intelrvp/zephyr_ap_pwrseq.conf;/mnt/host/source/src/platform/ec/zephyr/program/intelrvp/mtlrvp/mtlrvpp_mchp/prj.conf;/mnt/host/source/src/platform/ec/zephyr/program/intelrvp/mtlrvp/mtlrvpp_mchp/board_mchp.conf;/mnt/host/source/src/platform/ec/zephyr/program/intelrvp/mtlrvp/tcpc.conf;/mnt/host/source/src/platform/ec/build/zephyr/mtlrvpp_mchp/kconfig-rw.conf'`
[mtlrvpp_mchp:rw] -- Application: /mnt/host/source/src/platform/ec/zephyr/program/intelrvp
[mtlrvpp_mchp:rw] Loading Zephyr default modules (Zephyr base (cached)).
[mtlrvpp_mchp:ro] -- Found Python3: /usr/bin/python3.11 (found suitable version "3.11.11", minimum required is "3.10") found components: Interpreter
[mtlrvpp_mchp:ro] -- Cache files will be written to: /mnt/host/source/src/platform/ec/build/zephyr/user-cache
[mtlrvpp_mchp:ro] -- Zephyr version: 4.3.99 (/mnt/host/source/src/third_party/zephyr/main)
[ciri:ro] [18/377] Building C object zephyr/CMakeFiles/zephyr.dir/lib/os/cbprintf_nano.c.obj
[yavista:ro] [376/378] Building C object zephyr/kernel/CMakeFiles/kernel.dir/mempool.c.obj
[ciri:ro] [19/377] Building C object zephyr/CMakeFiles/zephyr.dir/lib/os/cbprintf.c.obj
[ciri:rw] [187/377] Building C object zephyr/CMakeFiles/zephyr.dir/subsys/shell/shell_fprintf.c.obj
[ciri:rw] [188/377] Building C object zephyr/CMakeFiles/zephyr.dir/subsys/shell/backends/shell_uart.c.obj
[yavista:ro] [377/378] Building C object zephyr/kernel/CMakeFiles/kernel.dir/dynamic_disabled.c.obj
[kodkod:ro] Building: /usr/bin/ninja -C /mnt/host/source/src/platform/ec/build/zephyr/kodkod/build-ro all.libraries
Running `env -i SHELL=/bin/bash COLORTERM=truecolor DEPOT_TOOLS_UPDATE=0 LESS='-R -M --shift 5' SUDO_GID=0 JDK_HOME=/etc/java-config-2/current-system-vm CONFIG_PROTECT_MASK='/etc/gentoo-release /etc/sandbox.d /etc/fonts/fonts.conf /etc/terminfo /etc/ca-certificates.conf /etc/revdep-rebuild' CHROMEOS_CACHEDIR=/var/cache/chromeos-cache JAVA_HOME=/etc/java-config-2/current-system-vm SSH_AUTH_SOCK=/tmp/ssh-auth-sock SUDO_COMMAND=/bin/bash SUDO_USER=root SUDO_TTY=/dev/pts/2 EDITOR=/usr/bin/vi PWD=/mnt/host/source/src/platform/ec CONFIG_PROTECT=/usr/share/gnupg/qualified.txt LOGNAME=jpmurphy MANPATH=/etc/java-config-2/current-system-vm/man:/usr/local/share/man:/usr/share/man:/usr/share/gcc-data/x86_64-pc-linux-gnu/10.2.0/man:/usr/share/binutils-data/x86_64-pc-linux-gnu/2.45/man:/etc/java-config-2/current-system-vm/man/ SUDO_HOME=/root XAUTHORITY=/run/user/944457/gdm/Xauthority HOME=/home/jpmurphy LANG=C.UTF-8 LS_COLORS='rs=0:di=01;34:ln=01;36:mh=00:pi=40;33:so=01;35:do=01;35:bd=40;33;01:cd=40;33;01:or=01;05;37;41:mi=01;05;37;41:su=37;41:sg=30;43:ca=30;41:tw=30;42:ow=34;42:st=37;44:ex=01;32:*.tar=01;31:*.tgz=01;31:*.arc=01;31:*.arj=01;31:*.taz=01;31:*.lha=01;31:*.lz4=01;31:*.lzh=01;31:*.lzma=01;31:*.tlz=01;31:*.txz=01;31:*.tzo=01;31:*.t7z=01;31:*.zip=01;31:*.z=01;31:*.dz=01;31:*.gz=01;31:*.lrz=01;31:*.lz=01;31:*.lzo=01;31:*.xz=01;31:*.zst=01;31:*.tzst=01;31:*.bz2=01;31:*.bz=01;31:*.tbz=01;31:*.tbz2=01;31:*.tz=01;31:*.deb=01;31:*.rpm=01;31:*.jar=01;31:*.war=01;31:*.ear=01;31:*.sar=01;31:*.rar=01;31:*.alz=01;31:*.ace=01;31:*.zoo=01;31:*.cpio=01;31:*.7z=01;31:*.rz=01;31:*.cab=01;31:*.wim=01;31:*.swm=01;31:*.dwm=01;31:*.esd=01;31:*.jpg=01;35:*.jpeg=01;35:*.mjpg=01;35:*.mjpeg=01;35:*.gif=01;35:*.bmp=01;35:*.pbm=01;35:*.pgm=01;35:*.ppm=01;35:*.tga=01;35:*.xbm=01;35:*.xpm=01;35:*.tif=01;35:*.tiff=01;35:*.png=01;35:*.svg=01;35:*.svgz=01;35:*.mng=01;35:*.pcx=01;35:*.mov=01;35:*.mpg=01;35:*.mpeg=01;35:*.m2v=01;35:*.mkv=01;35:*.webm=01;35:*.webp=01;35:*.ogm=01;35:*.mp4=01;35:*.m4v=01;35:*.mp4v=01;35:*.vob=01;35:*.qt=01;35:*.nuv=01;35:*.wmv=01;35:*.asf=01;35:*.rm=01;35:*.rmvb=01;35:*.flc=01;35:*.avi=01;35:*.fli=01;35:*.flv=01;35:*.gl=01;35:*.dl=01;35:*.xcf=01;35:*.xwd=01;35:*.yuv=01;35:*.cgm=01;35:*.emf=01;35:*.ogv=01;35:*.ogx=01;35:*.cfg=00;32:*.conf=00;32:*.diff=00;32:*.doc=00;32:*.ini=00;32:*.log=00;32:*.patch=00;32:*.pdf=00;32:*.ps=00;32:*.tex=00;32:*.txt=00;32:*.aac=00;36:*.au=00;36:*.flac=00;36:*.m4a=00;36:*.mid=00;36:*.midi=00;36:*.mka=00;36:*.mp3=00;36:*.mpc=00;36:*.ogg=00;36:*.ra=00;36:*.wav=00;36:*.oga=00;36:*.opus=00;36:*.spx=00;36:*.xspf=00;36:' XDG_CURRENT_DESKTOP=GNOME INFOPATH=/usr/share/info:/usr/share/gcc-data/x86_64-pc-linux-gnu/10.2.0/info:/usr/share/binutils-data/x86_64-pc-linux-gnu/2.45/info:/usr/share/automake-1.16.5/info JAVAC=/etc/java-config-2/current-system-vm/bin/javac TERM=xterm-256color LESSOPEN='|lesspipe %s' USER=jpmurphy CROS_WORKON_SRCROOT=/mnt/host/source MANPAGER=manpager DISPLAY=:1 SHLVL=1 LC_MESSAGES=C EXTERNAL_TRUNK_PATH=/mnt/8f9d649a-3721-44cc-93c0-e6bd21a9689f/chromiumos GCC_SPECS='' PATH=/mnt/host/source/chromite/bin:/usr/local/bin:/usr/bin:/bin:/opt/bin:/mnt/host/source/chromite/sdk/bin:/mnt/host/source/chromite/bin PORTAGE_USERNAME=jpmurphy SUDO_UID=0 GCC_VER=10.2.0 MAIL=/var/mail/jpmurphy OLDPWD=/mnt/host/source/src/scripts traceparent=00-e87aca51550a78635907baa6a2476181-6d684811675d2973-01 _=./zephyr/firmware_builder.py COREBOOT_SDK_ROOT_x86=/home/jpmurphy/.cache/coreboot-sdk/i386-elf/dfbb0486385d938cfa9d73080b9d18d598ed4f49 COREBOOT_SDK_ROOT_picolibc_x86=/home/jpmurphy/.cache/coreboot-sdk/picolibc-i386-elf/eb8e8e687b95461de8cbf278f1c2076952d0ad17 COREBOOT_SDK_ROOT_riscv64=/home/jpmurphy/.cache/coreboot-sdk/riscv64-elf/96b949749225b6aaa92ed810ab769e8dfb12f000 COREBOOT_SDK_ROOT_picolibc_arm=/home/jpmurphy/.cache/coreboot-sdk/picolibc-arm-eabi/422a2aa3e1ef891b5bece9a3deb696ff83840d2e COREBOOT_SDK_ROOT_nds32=/home/jpmurphy/.cache/coreboot-sdk/nds32le-elf/d1a518c4a097666d86058e1444f85ca015d15511 COREBOOT_SDK_ROOT_picolibc_riscv64=/home/jpmurphy/.cache/coreboot-sdk/picolibc-riscv64-elf/f571e990ef0278564b31124f8bb109d9a697eb69 COREBOOT_SDK_ROOT_arm=/home/jpmurphy/.cache/coreboot-sdk/arm-eabi/ea40ddd1d190c3b48435c474c0b545719371813a COREBOOT_SDK_ROOT_libstdcxx_riscv64=/home/jpmurphy/.cache/coreboot-sdk/libstdcxx-riscv64-elf/17abf22a3a252e2d5d2062ced5324f7a623689e0 COREBOOT_SDK_ROOT_libstdcxx_arm=/home/jpmurphy/.cache/coreboot-sdk/libstdcxx-arm-eabi/5d7d82e150e44aa1968f1d366e267e6687b328ac COREBOOT_SDK_ROOT_riscv=/home/jpmurphy/.cache/coreboot-sdk/riscv-elf/9a27b9e82341c6e9126624f516ab3f261abb3e73 COREBOOT_SDK_ROOT_libstdcxx_x86=/home/jpmurphy/.cache/coreboot-sdk/libstdcxx-i386-elf/42ef9d2e87a76a37963175d7d428734e65648b87 PYTHONPATH=/mnt/host/source/src/platform/ec/zephyr/zmake PW_PIGWEED_CIPD_INSTALL_DIR=/usr CROSTC_USER_ACKNOWLEDGES_THAT_RISCV_IS_EXPERIMENTAL=1 MAKEFLAGS=' -j16 --jobserver-auth=5,6' /usr/bin/ninja -C /mnt/host/source/src/platform/ec/build/zephyr/kodkod/build-ro all.libraries`
[kodkod:ro] ninja: Entering directory `/mnt/host/source/src/platform/ec/build/zephyr/kodkod/build-ro'
[ciri:ro] [20/377] Building C object zephyr/CMakeFiles/zephyr.dir/lib/os/assert.c.obj
[yavista:ro] [378/378] Linking C static library zephyr/kernel/libkernel.a
[/mnt/host/source/src/platform/ec/build/zephyr/wugtrio-lcov]   /mnt/host/source/src/platform/ec/build/zephyr/wugtrio/build-rw/modules/ec/zephyr/CMakeFiles/ec_shim.dir/shim/src/usba.c.gcno:no functions found
[/mnt/host/source/src/platform/ec/build/zephyr/wugtrio-lcov] stderr:
[kodkod:ro] [1/382] Preparing syscall dependency handling
[ciri:ro] [21/377] Building C object zephyr/CMakeFiles/zephyr.dir/lib/utils/dec.c.obj
[mtlrvpp_mchp:rw] -- CMake version: 3.31.7
[mtlrvpp_mchp:rw] -- Found Python3: /usr/bin/python3.11 (found suitable version "3.11.11", minimum required is "3.10") found components: Interpreter
[mtlrvpp_mchp:rw] -- Cache files will be written to: /mnt/host/source/src/platform/ec/build/zephyr/user-cache
[mtlrvpp_mchp:rw] -- Zephyr version: 4.3.99 (/mnt/host/source/src/third_party/zephyr/main)
[kodkod:ro] [2/382] Generating misc/generated/syscalls_subdirs.trigger
[ciri:rw] [189/377] Building C object zephyr/CMakeFiles/zephyr.dir/subsys/shell/shell.c.obj
[ciri:ro] [22/377] Building C object zephyr/CMakeFiles/zephyr.dir/lib/utils/hex.c.obj
[ciri:rw] [190/377] Building C object zephyr/CMakeFiles/zephyr.dir/subsys/shell/shell_utils.c.obj
[ciri:rw] [191/377] Building C object zephyr/CMakeFiles/zephyr.dir/subsys/shell/shell_help.c.obj
[ciri:rw] [192/377] Building C object zephyr/arch/common/CMakeFiles/arch__common.dir/sw_isr_common.c.obj
[ciri:rw] [193/377] Building C object zephyr/CMakeFiles/zephyr.dir/subsys/shell/shell_ops.c.obj
[ciri:ro] [23/377] Building C object zephyr/CMakeFiles/zephyr.dir/lib/utils/timeutil.c.obj
[ciri:rw] [194/377] Building C object zephyr/CMakeFiles/zephyr.dir/subsys/shell/shell_history.c.obj
[kodkod:ro] [3/382] Generating include/generated/zephyr/version.h
[ciri:rw] [195/377] Building C object zephyr/arch/common/CMakeFiles/arch__common.dir/init.c.obj
[ciri:rw] [196/377] Building C object zephyr/CMakeFiles/zephyr.dir/drivers/flash/flash_util.c.obj
[ciri:ro] [24/377] Building C object zephyr/CMakeFiles/zephyr.dir/lib/utils/bitmask.c.obj
[kodkod:ro] -- git describe warned: warning: tag 'upstream/v2.7.99' is externally known as 'v2.7.99'
[kodkod:ro] -- Zephyr version: 4.3.99 (/mnt/host/source/src/third_party/zephyr/main)
[kodkod:ro] [4/382] cd /mnt/host/source/src/platform/ec/build/zephyr/kodkod/build-ro/modules/ec/zephyr && PYTHONPATH=/mnt/host/source/src/platform/ec/build/zephyr/kodkod/modules/ec/zephyr/zmake/ /usr/bin/python3.11 /mnt/host/source/src/platform/ec/build/zephyr/kodkod/modules/ec/zephyr/zmake/zephyr_build_tools/generate_ec_version.py /mnt/host/source/src/platform/ec/build/zephyr/kodkod/build-ro/modules/ec/zephyr/include/ec_version.h --name Zephyr-Kernel --version 16543.0.0 --static
[kodkod:ro] INFO:root:Using a static version string
[ciri:ro] [25/377] Building C object zephyr/CMakeFiles/zephyr.dir/lib/utils/rb.c.obj
[ciri:rw] [197/377] Linking C static library zephyr/libzephyr.a
[ciri:rw] [198/377] Building C object zephyr/arch/common/CMakeFiles/arch__common.dir/dynamic_isr.c.obj
[ciri:ro] [26/377] Building C object zephyr/CMakeFiles/zephyr.dir/lib/utils/bitarray.c.obj
[ciri:rw] [199/377] Building C object zephyr/arch/arch/riscv/core/CMakeFiles/arch__riscv__core.dir/cpu_idle.c.obj
[ciri:rw] [200/377] Building C object zephyr/arch/common/CMakeFiles/arch__common.dir/xip.c.obj
[kodkod:ro] INFO:root:Version string: Zephyr-Kernel-16543.0.0
[kodkod:ro] INFO:root:Writing header to /mnt/host/source/src/platform/ec/build/zephyr/kodkod/build-ro/modules/ec/zephyr/include/ec_version.h
[kodkod:ro] [5/382] Generating misc/generated/syscalls.json, misc/generated/struct_tags.json
[bloonchipper:rw] Building: /usr/bin/ninja -C /mnt/host/source/src/platform/ec/build/zephyr/bloonchipper/build-rw all.libraries
Running `env -i SHELL=/bin/bash COLORTERM=truecolor DEPOT_TOOLS_UPDATE=0 LESS='-R -M --shift 5' SUDO_GID=0 JDK_HOME=/etc/java-config-2/current-system-vm CONFIG_PROTECT_MASK='/etc/gentoo-release /etc/sandbox.d /etc/fonts/fonts.conf /etc/terminfo /etc/ca-certificates.conf /etc/revdep-rebuild' CHROMEOS_CACHEDIR=/var/cache/chromeos-cache JAVA_HOME=/etc/java-config-2/current-system-vm SSH_AUTH_SOCK=/tmp/ssh-auth-sock SUDO_COMMAND=/bin/bash SUDO_USER=root SUDO_TTY=/dev/pts/2 EDITOR=/usr/bin/vi PWD=/mnt/host/source/src/platform/ec CONFIG_PROTECT=/usr/share/gnupg/qualified.txt LOGNAME=jpmurphy MANPATH=/etc/java-config-2/current-system-vm/man:/usr/local/share/man:/usr/share/man:/usr/share/gcc-data/x86_64-pc-linux-gnu/10.2.0/man:/usr/share/binutils-data/x86_64-pc-linux-gnu/2.45/man:/etc/java-config-2/current-system-vm/man/ SUDO_HOME=/root XAUTHORITY=/run/user/944457/gdm/Xauthority HOME=/home/jpmurphy LANG=C.UTF-8 LS_COLORS='rs=0:di=01;34:ln=01;36:mh=00:pi=40;33:so=01;35:do=01;35:bd=40;33;01:cd=40;33;01:or=01;05;37;41:mi=01;05;37;41:su=37;41:sg=30;43:ca=30;41:tw=30;42:ow=34;42:st=37;44:ex=01;32:*.tar=01;31:*.tgz=01;31:*.arc=01;31:*.arj=01;31:*.taz=01;31:*.lha=01;31:*.lz4=01;31:*.lzh=01;31:*.lzma=01;31:*.tlz=01;31:*.txz=01;31:*.tzo=01;31:*.t7z=01;31:*.zip=01;31:*.z=01;31:*.dz=01;31:*.gz=01;31:*.lrz=01;31:*.lz=01;31:*.lzo=01;31:*.xz=01;31:*.zst=01;31:*.tzst=01;31:*.bz2=01;31:*.bz=01;31:*.tbz=01;31:*.tbz2=01;31:*.tz=01;31:*.deb=01;31:*.rpm=01;31:*.jar=01;31:*.war=01;31:*.ear=01;31:*.sar=01;31:*.rar=01;31:*.alz=01;31:*.ace=01;31:*.zoo=01;31:*.cpio=01;31:*.7z=01;31:*.rz=01;31:*.cab=01;31:*.wim=01;31:*.swm=01;31:*.dwm=01;31:*.esd=01;31:*.jpg=01;35:*.jpeg=01;35:*.mjpg=01;35:*.mjpeg=01;35:*.gif=01;35:*.bmp=01;35:*.pbm=01;35:*.pgm=01;35:*.ppm=01;35:*.tga=01;35:*.xbm=01;35:*.xpm=01;35:*.tif=01;35:*.tiff=01;35:*.png=01;35:*.svg=01;35:*.svgz=01;35:*.mng=01;35:*.pcx=01;35:*.mov=01;35:*.mpg=01;35:*.mpeg=01;35:*.m2v=01;35:*.mkv=01;35:*.webm=01;35:*.webp=01;35:*.ogm=01;35:*.mp4=01;35:*.m4v=01;35:*.mp4v=01;35:*.vob=01;35:*.qt=01;35:*.nuv=01;35:*.wmv=01;35:*.asf=01;35:*.rm=01;35:*.rmvb=01;35:*.flc=01;35:*.avi=01;35:*.fli=01;35:*.flv=01;35:*.gl=01;35:*.dl=01;35:*.xcf=01;35:*.xwd=01;35:*.yuv=01;35:*.cgm=01;35:*.emf=01;35:*.ogv=01;35:*.ogx=01;35:*.cfg=00;32:*.conf=00;32:*.diff=00;32:*.doc=00;32:*.ini=00;32:*.log=00;32:*.patch=00;32:*.pdf=00;32:*.ps=00;32:*.tex=00;32:*.txt=00;32:*.aac=00;36:*.au=00;36:*.flac=00;36:*.m4a=00;36:*.mid=00;36:*.midi=00;36:*.mka=00;36:*.mp3=00;36:*.mpc=00;36:*.ogg=00;36:*.ra=00;36:*.wav=00;36:*.oga=00;36:*.opus=00;36:*.spx=00;36:*.xspf=00;36:' XDG_CURRENT_DESKTOP=GNOME INFOPATH=/usr/share/info:/usr/share/gcc-data/x86_64-pc-linux-gnu/10.2.0/info:/usr/share/binutils-data/x86_64-pc-linux-gnu/2.45/info:/usr/share/automake-1.16.5/info JAVAC=/etc/java-config-2/current-system-vm/bin/javac TERM=xterm-256color LESSOPEN='|lesspipe %s' USER=jpmurphy CROS_WORKON_SRCROOT=/mnt/host/source MANPAGER=manpager DISPLAY=:1 SHLVL=1 LC_MESSAGES=C EXTERNAL_TRUNK_PATH=/mnt/8f9d649a-3721-44cc-93c0-e6bd21a9689f/chromiumos GCC_SPECS='' PATH=/mnt/host/source/chromite/bin:/usr/local/bin:/usr/bin:/bin:/opt/bin:/mnt/host/source/chromite/sdk/bin:/mnt/host/source/chromite/bin PORTAGE_USERNAME=jpmurphy SUDO_UID=0 GCC_VER=10.2.0 MAIL=/var/mail/jpmurphy OLDPWD=/mnt/host/source/src/scripts traceparent=00-e87aca51550a78635907baa6a2476181-6d684811675d2973-01 _=./zephyr/firmware_builder.py COREBOOT_SDK_ROOT_x86=/home/jpmurphy/.cache/coreboot-sdk/i386-elf/dfbb0486385d938cfa9d73080b9d18d598ed4f49 COREBOOT_SDK_ROOT_picolibc_x86=/home/jpmurphy/.cache/coreboot-sdk/picolibc-i386-elf/eb8e8e687b95461de8cbf278f1c2076952d0ad17 COREBOOT_SDK_ROOT_riscv64=/home/jpmurphy/.cache/coreboot-sdk/riscv64-elf/96b949749225b6aaa92ed810ab769e8dfb12f000 COREBOOT_SDK_ROOT_picolibc_arm=/home/jpmurphy/.cache/coreboot-sdk/picolibc-arm-eabi/422a2aa3e1ef891b5bece9a3deb696ff83840d2e COREBOOT_SDK_ROOT_nds32=/home/jpmurphy/.cache/coreboot-sdk/nds32le-elf/d1a518c4a097666d86058e1444f85ca015d15511 COREBOOT_SDK_ROOT_picolibc_riscv64=/home/jpmurphy/.cache/coreboot-sdk/picolibc-riscv64-elf/f571e990ef0278564b31124f8bb109d9a697eb69 COREBOOT_SDK_ROOT_arm=/home/jpmurphy/.cache/coreboot-sdk/arm-eabi/ea40ddd1d190c3b48435c474c0b545719371813a COREBOOT_SDK_ROOT_libstdcxx_riscv64=/home/jpmurphy/.cache/coreboot-sdk/libstdcxx-riscv64-elf/17abf22a3a252e2d5d2062ced5324f7a623689e0 COREBOOT_SDK_ROOT_libstdcxx_arm=/home/jpmurphy/.cache/coreboot-sdk/libstdcxx-arm-eabi/5d7d82e150e44aa1968f1d366e267e6687b328ac COREBOOT_SDK_ROOT_riscv=/home/jpmurphy/.cache/coreboot-sdk/riscv-elf/9a27b9e82341c6e9126624f516ab3f261abb3e73 COREBOOT_SDK_ROOT_libstdcxx_x86=/home/jpmurphy/.cache/coreboot-sdk/libstdcxx-i386-elf/42ef9d2e87a76a37963175d7d428734e65648b87 PYTHONPATH=/mnt/host/source/src/platform/ec/zephyr/zmake PW_PIGWEED_CIPD_INSTALL_DIR=/usr CROSTC_USER_ACKNOWLEDGES_THAT_RISCV_IS_EXPERIMENTAL=1 MAKEFLAGS=' -j16 --jobserver-auth=5,6' /usr/bin/ninja -C /mnt/host/source/src/platform/ec/build/zephyr/bloonchipper/build-rw all.libraries`
[bloonchipper:rw] ninja: Entering directory `/mnt/host/source/src/platform/ec/build/zephyr/bloonchipper/build-rw'
[ciri:rw] [201/377] Building C object zephyr/arch/common/CMakeFiles/isr_tables.dir/isr_tables.c.obj
[ciri:rw] [202/377] Building C object zephyr/arch/arch/riscv/core/CMakeFiles/arch__riscv__core.dir/prep_c.c.obj
[ciri:rw] [203/377] Linking C static library zephyr/arch/common/libisr_tables.a
[mtlrvpp_mchp:ro] -- Board: mec172x, qualifiers: mec172x_nsz/mec1727
[ciri:rw] [204/377] Linking C static library zephyr/arch/common/libarch__common.a
[kodkod:ro] [6/382] Generating include/generated/zephyr/syscall_dispatch.c, include/generated/zephyr/syscall_exports_llext.c, syscall_weakdefs_llext.c, include/generated/zephyr/syscall_list.h
[ciri:ro] [27/377] Building C object zephyr/CMakeFiles/zephyr.dir/lib/utils/ring_buffer.c.obj
[ciri:rw] [205/377] Building C object zephyr/arch/arch/riscv/core/CMakeFiles/arch__riscv__core.dir/fatal.c.obj
[kodkod:ro] [7/382] Generating include/generated/zephyr/driver-validation.h
[ciri:rw] [206/377] Building C object zephyr/arch/arch/riscv/core/CMakeFiles/arch__riscv__core.dir/irq_manage.c.obj
[ciri:ro] [28/377] Building C object zephyr/CMakeFiles/zephyr.dir/lib/utils/last_section_id.c.obj
[ciri:ro] [29/377] Building C object zephyr/CMakeFiles/zephyr.dir/lib/utils/getopt/getopt.c.obj
[ciri:ro] [30/377] Building C object zephyr/CMakeFiles/zephyr.dir/lib/utils/getopt/getopt_common.c.obj
[ciri:rw] [207/377] Generating ../../../include/generated/libc/minimal/strerror_table.h
[ciri:rw] [208/377] Building C object zephyr/arch/arch/riscv/core/CMakeFiles/arch__riscv__core.dir/reboot.c.obj
[kodkod:ro] [8/382] Generating include/generated/zephyr/kobj-types-enum.h, include/generated/zephyr/otype-to-str.h, include/generated/zephyr/otype-to-size.h
[mtlrvpp_mchp:rw] -- Board: mec172x, qualifiers: mec172x_nsz/mec1727
[ciri:rw] [209/377] Building ASM object zephyr/arch/arch/riscv/core/CMakeFiles/arch__riscv__core.dir/reset.S.obj
[ciri:rw] [210/377] Building ASM object zephyr/arch/arch/riscv/core/CMakeFiles/arch__riscv__core.dir/switch.S.obj
[kodkod:ro] [9/382] Generating include/generated/device-api-sections.ld, include/generated/device-api-sections.cmake
[ciri:rw] [211/377] Building C object zephyr/lib/libc/minimal/CMakeFiles/lib__libc__minimal.dir/source/stdlib/atoi.c.obj
[/mnt/host/source/src/platform/ec/build/zephyr/obiwan-lcov]   /mnt/host/source/src/platform/ec/build/zephyr/obiwan/build-ro/modules/ec/zephyr/CMakeFiles/ec_shim.dir/shim/src/keyscan.c.gcno:no functions found
[/mnt/host/source/src/platform/ec/build/zephyr/obiwan-lcov] stderr:
[ciri:rw] [212/377] Building C object zephyr/lib/libc/minimal/CMakeFiles/lib__libc__minimal.dir/source/stdlib/strtol.c.obj
[ciri:rw] [213/377] Building C object zephyr/lib/libc/minimal/CMakeFiles/lib__libc__minimal.dir/source/stdlib/strtoll.c.obj
[bloonchipper:rw] [1/532] Generating include/generated/zephyr/version.h
[ciri:ro] [31/377] Building ASM object zephyr/CMakeFiles/zephyr.dir/soc/ite/ec/common/soc_irq.S.obj
[bloonchipper:rw] -- git describe warned: warning: tag 'upstream/v2.7.99' is externally known as 'v2.7.99'
[bloonchipper:rw] -- Zephyr version: 4.3.99 (/mnt/host/source/src/third_party/zephyr/main)
[bloonchipper:rw] [2/532] Preparing syscall dependency handling
[ciri:rw] [214/377] Building C object zephyr/lib/libc/minimal/CMakeFiles/lib__libc__minimal.dir/source/stdlib/strtoul.c.obj
[ciri:rw] [215/377] Building C object zephyr/arch/arch/riscv/core/CMakeFiles/arch__riscv__core.dir/thread.c.obj
[ciri:rw] [216/377] Building C object zephyr/lib/libc/minimal/CMakeFiles/lib__libc__minimal.dir/source/stdlib/strtoull.c.obj
[ciri:rw] [217/377] Building ASM object zephyr/arch/arch/riscv/core/CMakeFiles/arch__riscv__core.dir/isr.S.obj
[ciri:rw] [218/377] Building C object zephyr/lib/libc/minimal/CMakeFiles/lib__libc__minimal.dir/source/stdlib/bsearch.c.obj
[bloonchipper:rw] [3/532] Generating misc/generated/syscalls_subdirs.trigger
[ciri:ro] [32/377] Building C object zephyr/CMakeFiles/zephyr.dir/misc/generated/configs.c.obj
[ciri:rw] [219/377] Building C object zephyr/lib/libc/minimal/CMakeFiles/lib__libc__minimal.dir/source/string/strstr.c.obj
[ciri:rw] [220/377] Building C object zephyr/arch/arch/riscv/core/CMakeFiles/arch__riscv__core.dir/stacktrace.c.obj
[ciri:rw] [221/377] Building C object zephyr/lib/libc/minimal/CMakeFiles/lib__libc__minimal.dir/source/stdlib/qsort.c.obj
[ciri:ro] [33/377] Building C object zephyr/CMakeFiles/zephyr.dir/soc/ite/ec/common/soc_common_irq.c.obj
[ciri:rw] [222/377] Building C object zephyr/lib/libc/minimal/CMakeFiles/lib__libc__minimal.dir/source/string/strncasecmp.c.obj
[ciri:rw] [223/377] Linking C static library zephyr/arch/arch/riscv/core/libarch__riscv__core.a
[ciri:rw] [224/377] Building C object zephyr/lib/libc/minimal/CMakeFiles/lib__libc__minimal.dir/source/string/string.c.obj
[ciri:rw] [225/377] Building C object zephyr/lib/libc/minimal/CMakeFiles/lib__libc__minimal.dir/source/string/strerror.c.obj
[ciri:rw] [226/377] Building C object zephyr/lib/libc/minimal/CMakeFiles/lib__libc__minimal.dir/source/string/strspn.c.obj
[kodkod:ro] [10/382] Building C object zephyr/CMakeFiles/offsets.dir/arch/arm/core/offsets/offsets.c.obj
[ciri:rw] [227/377] Building C object zephyr/lib/libc/minimal/CMakeFiles/lib__libc__minimal.dir/source/stdlib/exit.c.obj
[kodkod:ro] [11/382] Generating include/generated/zephyr/offsets.h
[ciri:rw] [228/377] Building C object zephyr/lib/libc/minimal/CMakeFiles/lib__libc__minimal.dir/source/math/sqrtf.c.obj
[ciri:ro] [34/377] Building C object zephyr/CMakeFiles/zephyr.dir/soc/ite/ec/common/power.c.obj
[ciri:rw] [229/377] Building C object zephyr/lib/libc/minimal/CMakeFiles/lib__libc__minimal.dir/source/math/sqrt.c.obj
[ciri:ro] [35/377] Building C object zephyr/CMakeFiles/zephyr.dir/soc/ite/ec/common/policy.c.obj
[ciri:rw] [230/377] Building C object zephyr/lib/libc/common/CMakeFiles/lib__libc__common.dir/source/time/gmtime_r.c.obj
[ciri:rw] [231/377] Building C object zephyr/lib/libc/common/CMakeFiles/lib__libc__common.dir/source/time/asctime.c.obj
[ciri:rw] [232/377] Building C object zephyr/lib/libc/minimal/CMakeFiles/lib__libc__minimal.dir/source/stdout/fprintf.c.obj
[ciri:rw] [233/377] Building C object zephyr/lib/libc/minimal/CMakeFiles/lib__libc__minimal.dir/source/stdout/sprintf.c.obj
[ciri:rw] [234/377] Building C object zephyr/lib/libc/minimal/CMakeFiles/lib__libc__minimal.dir/source/stdout/stdout_console.c.obj
[kodkod:ro] [12/382] Building C object CMakeFiles/app.dir/mnt/host/source/src/platform/ec/zephyr/subsys/ap_pwrseq/ap_events.c.obj
[bloonchipper:rw] [4/532] Generating misc/generated/syscalls.json, misc/generated/struct_tags.json
[ciri:rw] [235/377] Building C object zephyr/lib/libc/minimal/CMakeFiles/lib__libc__minimal.dir/source/time/gmtime.c.obj
[ciri:ro] [36/377] Building C object zephyr/CMakeFiles/zephyr.dir/soc/ite/ec/it8xxx2/soc.c.obj
[mtlrvpp_mchp:ro] -- Found Dtc: /usr/bin/dtc (found suitable version "1.6.0", minimum required is "1.4.6")
[ciri:rw] [236/377] Building C object zephyr/lib/libc/common/CMakeFiles/lib__libc__common.dir/source/stdlib/abort.c.obj
[mtlrvpp_mchp:ro] -- Found BOARD.dts: /mnt/host/source/src/platform/ec/zephyr/boards/google/mec172x/mec172x_mec172x_nsz_mec1727.dts
[mtlrvpp_mchp:ro] -- Found devicetree overlay: /mnt/host/source/src/platform/ec/zephyr/program/intelrvp/adlrvp/battery.dts
[mtlrvpp_mchp:ro] -- Found devicetree overlay: /mnt/host/source/src/platform/ec/zephyr/program/intelrvp/mtlrvp/mtlrvpp_mchp/fan.dts
[ciri:ro] [37/377] Building ASM object zephyr/CMakeFiles/zephyr.dir/soc/ite/ec/it8xxx2/vector.S.obj
[ciri:rw] [237/377] Linking C static library zephyr/lib/libc/minimal/liblib__libc__minimal.a
[ciri:rw] [238/377] Building C object zephyr/lib/libc/common/CMakeFiles/lib__libc__common.dir/source/time/localtime_r_utc.c.obj
[ciri:rw] [239/377] Building C object zephyr/lib/libc/common/CMakeFiles/lib__libc__common.dir/source/string/strnlen.c.obj
[ciri:rw] [240/377] Building C object zephyr/lib/libc/common/CMakeFiles/lib__libc__common.dir/source/time/time.c.obj
[ciri:rw] [241/377] Building C object zephyr/lib/libc/common/CMakeFiles/lib__libc__common.dir/source/time/ctime.c.obj
[bloonchipper:rw] [5/532] Generating include/generated/zephyr/syscall_dispatch.c, include/generated/zephyr/syscall_exports_llext.c, syscall_weakdefs_llext.c, include/generated/zephyr/syscall_list.h
[ciri:ro] [38/377] Building C object zephyr/CMakeFiles/zephyr.dir/soc/ite/ec/it8xxx2/check_regs.c.obj
[ciri:rw] [242/377] Building C object zephyr/subsys/crc/CMakeFiles/subsys__crc.dir/crc4_sw.c.obj
[ciri:rw] [243/377] Building C object zephyr/subsys/crc/CMakeFiles/subsys__crc.dir/crc8_sw.c.obj
[ciri:rw] [244/377] Building C object zephyr/subsys/crc/CMakeFiles/subsys__crc.dir/crc16_sw.c.obj
[ciri:rw] [245/377] Building C object zephyr/lib/posix/c_lib_ext/CMakeFiles/lib__posix__c_lib_ext.dir/fnmatch.c.obj
[mtlrvpp_mchp:rw] -- Found Dtc: /usr/bin/dtc (found suitable version "1.6.0", minimum required is "1.4.6")
[mtlrvpp_mchp:rw] -- Found BOARD.dts: /mnt/host/source/src/platform/ec/zephyr/boards/google/mec172x/mec172x_mec172x_nsz_mec1727.dts
[mtlrvpp_mchp:rw] -- Found devicetree overlay: /mnt/host/source/src/platform/ec/zephyr/program/intelrvp/adlrvp/battery.dts
[mtlrvpp_mchp:rw] -- Found devicetree overlay: /mnt/host/source/src/platform/ec/zephyr/program/intelrvp/mtlrvp/mtlrvpp_mchp/fan.dts
[mtlrvpp_mchp:rw] -- Found devicetree overlay: /mnt/host/source/src/platform/ec/zephyr/program/intelrvp/mtlrvp/mtlrvpp_mchp/gpio.dts
[mtlrvpp_mchp:rw] -- Found devicetree overlay: /mnt/host/source/src/platform/ec/zephyr/program/intelrvp/mtlrvp/mtlrvpp_mchp/keyboard.dts
[mtlrvpp_mchp:rw] -- Found devicetree overlay: /mnt/host/source/src/platform/ec/zephyr/program/intelrvp/mtlrvp/mtlrvpp_npcx/interrupts.dts
[mtlrvpp_mchp:rw] -- Found devicetree overlay: /mnt/host/source/src/platform/ec/zephyr/program/intelrvp/mtlrvp/mtlrvpp_npcx/tcpc_interrupts.dts
[mtlrvpp_mchp:rw] -- Found devicetree overlay: /mnt/host/source/src/platform/ec/zephyr/program/intelrvp/mtlrvp/ioex.dts
[mtlrvpp_mchp:rw] -- Found devicetree overlay: /mnt/host/source/src/platform/ec/zephyr/program/intelrvp/mtlrvp/tcpc_ioex.dts
[mtlrvpp_mchp:rw] -- Found devicetree overlay: /mnt/host/source/src/platform/ec/zephyr/program/intelrvp/mtlrvp/mtlrvpp_mchp/mtlrvp_mchp.dts
[mtlrvpp_mchp:rw] -- Found devicetree overlay: /mnt/host/source/src/platform/ec/zephyr/program/intelrvp/mtlrvp/mtlrvpp_mchp/mtlrvp_mchp_power_signals.dts
[mtlrvpp_mchp:rw] -- Found devicetree overlay: /mnt/host/source/src/platform/ec/zephyr/program/intelrvp/adlrvp/adlrvp_npcx/temp_sensor.dts
[mtlrvpp_mchp:rw] -- Found devicetree overlay: /mnt/host/source/src/platform/ec/zephyr/program/intelrvp/mtlrvp/usbc.dts
[bloonchipper:rw] [6/532] Generating include/generated/zephyr/driver-validation.h
[ciri:rw] [246/377] Building C object zephyr/subsys/crc/CMakeFiles/subsys__crc.dir/crc24_sw.c.obj
[ciri:rw] [247/377] Building C object zephyr/subsys/crc/CMakeFiles/subsys__crc.dir/crc32c_sw.c.obj
[ciri:rw] [248/377] Building C object zephyr/subsys/crc/CMakeFiles/subsys__crc.dir/crc7_sw.c.obj
[ciri:rw] [249/377] Building C object zephyr/subsys/crc/CMakeFiles/subsys__crc.dir/crc32_sw.c.obj
[ciri:rw] [250/377] Building C object zephyr/lib/libc/common/CMakeFiles/lib__libc__common.dir/source/stdlib/malloc.c.obj
[ciri:rw] [251/377] Building C object zephyr/subsys/crc/CMakeFiles/subsys__crc.dir/crc32k_4_2_sw.c.obj
[ciri:ro] [39/377] Building C object zephyr/CMakeFiles/zephyr.dir/soc/ite/ec/it8xxx2/ilm.c.obj
[bloonchipper:rw] [7/532] Generating include/generated/zephyr/kobj-types-enum.h, include/generated/zephyr/otype-to-str.h, include/generated/zephyr/otype-to-size.h
[ciri:rw] [252/377] Linking C static library zephyr/lib/libc/common/liblib__libc__common.a
[bloonchipper:rw] [8/532] Generating include/generated/device-api-sections.ld, include/generated/device-api-sections.cmake
[ciri:rw] [253/377] Linking C static library zephyr/subsys/crc/libsubsys__crc.a
[ciri:rw] [254/377] Building C object zephyr/lib/posix/c_lib_ext/CMakeFiles/lib__posix__c_lib_ext.dir/getopt_shim.c.obj
[kodkod:ro] [13/382] Building C object CMakeFiles/app.dir/mnt/host/source/src/platform/ec/zephyr/subsys/ap_pwrseq/ap_power_interface.c.obj
[ciri:ro] [40/377] Building C object zephyr/CMakeFiles/zephyr.dir/subsys/logging/log_minimal.c.obj
[ciri:rw] [255/377] Building C object zephyr/lib/posix/c_lib_ext/CMakeFiles/lib__posix__c_lib_ext.dir/getentropy.c.obj
[ciri:rw] [256/377] Linking C static library zephyr/lib/posix/c_lib_ext/liblib__posix__c_lib_ext.a
[ciri:ro] [41/377] Building C object zephyr/CMakeFiles/zephyr.dir/subsys/pm/pm.c.obj
[ciri:ro] [42/377] Building C object zephyr/CMakeFiles/zephyr.dir/subsys/pm/state.c.obj
[ciri:rw] [257/377] Building C object zephyr/drivers/interrupt_controller/CMakeFiles/drivers__interrupt_controller.dir/intc_ite_it8xxx2.c.obj
[ciri:rw] [258/377] Building C object zephyr/drivers/interrupt_controller/CMakeFiles/drivers__interrupt_controller.dir/wuc_ite_it8xxx2.c.obj
[ciri:rw] [259/377] Building C object zephyr/drivers/adc/CMakeFiles/drivers__adc.dir/adc_common.c.obj
[ciri:rw] [260/377] Linking C static library zephyr/drivers/interrupt_controller/libdrivers__interrupt_controller.a
[ciri:rw] [261/377] Building C object zephyr/drivers/bbram/CMakeFiles/drivers__bbram.dir/bbram_it8xxx2.c.obj
[ciri:rw] [262/377] Linking C static library zephyr/drivers/bbram/libdrivers__bbram.a
[ciri:rw] [263/377] Building C object zephyr/drivers/console/CMakeFiles/drivers__console.dir/uart_console.c.obj
[ciri:ro] [43/377] Building C object zephyr/CMakeFiles/zephyr.dir/subsys/pm/policy/policy_events.c.obj
[bloonchipper:rw] [9/532] Building C object zephyr/CMakeFiles/offsets.dir/arch/arm/core/offsets/offsets.c.obj
[ciri:rw] [264/377] Linking C static library zephyr/drivers/console/libdrivers__console.a
[kodkod:ro] [14/382] Building C object CMakeFiles/app.dir/mnt/host/source/src/platform/ec/zephyr/subsys/ap_pwrseq/power_signals.c.obj
[ciri:rw] [265/377] Building C object zephyr/drivers/adc/CMakeFiles/drivers__adc.dir/adc_ite_it8xxx2.c.obj
[ciri:rw] [266/377] Building C object zephyr/drivers/eeprom/CMakeFiles/drivers__eeprom.dir/eeprom_shell.c.obj
[ciri:rw] [267/377] Linking C static library zephyr/drivers/adc/libdrivers__adc.a
[ciri:ro] [44/377] Building C object zephyr/CMakeFiles/zephyr.dir/subsys/pm/policy/policy_latency.c.obj
[bloonchipper:rw] [10/532] Generating include/generated/zephyr/offsets.h
[ciri:ro] [45/377] Building C object zephyr/CMakeFiles/zephyr.dir/subsys/pm/policy/policy_state_lock.c.obj
[/mnt/host/source/src/platform/ec/build/zephyr/obiwan-lcov]   /mnt/host/source/src/platform/ec/build/zephyr/obiwan/build-ro/CMakeFiles/app.dir/mnt/host/source/src/platform/ec/build/zephyr/obiwan/modules/ec/common/chargen.c.gcno:no functions found
[/mnt/host/source/src/platform/ec/build/zephyr/obiwan-lcov] stderr:
[ciri:rw] [268/377] Building C object zephyr/drivers/eeprom/CMakeFiles/drivers__eeprom.dir/eeprom_at2x.c.obj
[ciri:rw] [269/377] Linking C static library zephyr/drivers/eeprom/libdrivers__eeprom.a
[ciri:rw] [270/377] Building C object zephyr/drivers/flash/CMakeFiles/drivers__flash.dir/flash_ite_it8xxx2.c.obj
[ciri:rw] [271/377] Linking C static library zephyr/drivers/flash/libdrivers__flash.a
[mtlrvpp_mchp:ro] -- Found devicetree overlay: /mnt/host/source/src/platform/ec/zephyr/program/intelrvp/mtlrvp/mtlrvpp_mchp/gpio.dts
[mtlrvpp_mchp:ro] -- Found devicetree overlay: /mnt/host/source/src/platform/ec/zephyr/program/intelrvp/mtlrvp/mtlrvpp_mchp/keyboard.dts
[mtlrvpp_mchp:ro] -- Found devicetree overlay: /mnt/host/source/src/platform/ec/zephyr/program/intelrvp/mtlrvp/mtlrvpp_npcx/interrupts.dts
[mtlrvpp_mchp:ro] -- Found devicetree overlay: /mnt/host/source/src/platform/ec/zephyr/program/intelrvp/mtlrvp/mtlrvpp_npcx/tcpc_interrupts.dts
[mtlrvpp_mchp:ro] -- Found devicetree overlay: /mnt/host/source/src/platform/ec/zephyr/program/intelrvp/mtlrvp/ioex.dts
[mtlrvpp_mchp:ro] -- Found devicetree overlay: /mnt/host/source/src/platform/ec/zephyr/program/intelrvp/mtlrvp/tcpc_ioex.dts
[mtlrvpp_mchp:ro] -- Found devicetree overlay: /mnt/host/source/src/platform/ec/zephyr/program/intelrvp/mtlrvp/mtlrvpp_mchp/mtlrvp_mchp.dts
[mtlrvpp_mchp:ro] -- Found devicetree overlay: /mnt/host/source/src/platform/ec/zephyr/program/intelrvp/mtlrvp/mtlrvpp_mchp/mtlrvp_mchp_power_signals.dts
[mtlrvpp_mchp:ro] -- Found devicetree overlay: /mnt/host/source/src/platform/ec/zephyr/program/intelrvp/adlrvp/adlrvp_npcx/temp_sensor.dts
[mtlrvpp_mchp:ro] -- Found devicetree overlay: /mnt/host/source/src/platform/ec/zephyr/program/intelrvp/mtlrvp/usbc.dts
[mtlrvpp_mchp:ro] -- Generated zephyr.dts: /mnt/host/source/src/platform/ec/build/zephyr/mtlrvpp_mchp/build-ro/zephyr/zephyr.dts
[mtlrvpp_mchp:ro] -- Generated pickled edt: /mnt/host/source/src/platform/ec/build/zephyr/mtlrvpp_mchp/build-ro/zephyr/edt.pickle
[ciri:rw] [272/377] Building C object zephyr/drivers/gpio/CMakeFiles/drivers__gpio.dir/gpio_kscan_ite_it8xxx2.c.obj
[ciri:rw] [273/377] Building C object zephyr/drivers/gpio/CMakeFiles/drivers__gpio.dir/gpio_ite_it8xxx2.c.obj
[ciri:ro] [46/377] Building C object zephyr/CMakeFiles/zephyr.dir/subsys/pm/device.c.obj
[ciri:rw] [274/377] Building C object zephyr/drivers/i2c/CMakeFiles/drivers__i2c.dir/i2c_common.c.obj
[ciri:rw] [275/377] Linking C static library zephyr/drivers/gpio/libdrivers__gpio.a
[kodkod:ro] [15/382] Building C object CMakeFiles/app.dir/mnt/host/source/src/platform/ec/zephyr/subsys/ap_pwrseq/signal_gpio.c.obj
[mtlrvpp_mchp:rw] -- Generated zephyr.dts: /mnt/host/source/src/platform/ec/build/zephyr/mtlrvpp_mchp/build-rw/zephyr/zephyr.dts
[mtlrvpp_mchp:rw] -- Generated pickled edt: /mnt/host/source/src/platform/ec/build/zephyr/mtlrvpp_mchp/build-rw/zephyr/edt.pickle
[ciri:rw] [276/377] Building C object zephyr/drivers/i2c/CMakeFiles/drivers__i2c.dir/i2c_bitbang.c.obj
[ciri:ro] [47/377] Building C object zephyr/CMakeFiles/zephyr.dir/subsys/pm/device_system_managed.c.obj
[ciri:ro] [48/377] Building C object zephyr/CMakeFiles/zephyr.dir/subsys/testsuite/coverage/coverage.c.obj
[bloonchipper:rw] [11/532] Building C object zephyr/CMakeFiles/zephyr.dir/lib/libc/validate_libc.c.obj
[ciri:rw] [277/377] Building C object zephyr/drivers/i2c/CMakeFiles/drivers__i2c.dir/i2c_shell.c.obj
[mtlrvpp_mchp:ro] -- Generated devicetree_generated.h: /mnt/host/source/src/platform/ec/build/zephyr/mtlrvpp_mchp/build-ro/zephyr/include/generated/zephyr/devicetree_generated.h
[bloonchipper:rw] [12/532] Building C object zephyr/CMakeFiles/zephyr.dir/lib/cpp/abi/cpp_dtors.c.obj
[ciri:rw] [278/377] Building C object zephyr/drivers/pinctrl/CMakeFiles/drivers__pinctrl.dir/common.c.obj
[ciri:ro] [49/377] Building C object zephyr/CMakeFiles/zephyr.dir/subsys/tracing/tracing_none.c.obj
[mtlrvpp_mchp:rw] -- Generated devicetree_generated.h: /mnt/host/source/src/platform/ec/build/zephyr/mtlrvpp_mchp/build-rw/zephyr/include/generated/zephyr/devicetree_generated.h
[ciri:rw] [279/377] Building C object zephyr/drivers/i2c/CMakeFiles/drivers__i2c.dir/i2c_ite_enhance.c.obj
[ciri:rw] [280/377] Building C object zephyr/drivers/pwm/CMakeFiles/drivers__pwm.dir/pwm_shell.c.obj
[ciri:ro] [50/377] Building C object zephyr/CMakeFiles/zephyr.dir/subsys/shell/modules/kernel_service/cycles.c.obj
[ciri:rw] [281/377] Building C object zephyr/drivers/pinctrl/CMakeFiles/drivers__pinctrl.dir/pinctrl_ite_it8xxx2.c.obj
[ciri:ro] [51/377] Building C object zephyr/CMakeFiles/zephyr.dir/subsys/shell/modules/kernel_service/kernel_shell.c.obj
[kodkod:ro] [16/382] Building C object CMakeFiles/app.dir/mnt/host/source/src/platform/ec/zephyr/subsys/ap_pwrseq/signal_vw.c.obj
[ciri:rw] [282/377] Building C object zephyr/drivers/i2c/CMakeFiles/drivers__i2c.dir/i2c_ite_it8xxx2.c.obj
[ciri:rw] [283/377] Linking C static library zephyr/drivers/pinctrl/libdrivers__pinctrl.a
[ciri:rw] [284/377] Building C object zephyr/drivers/pwm/CMakeFiles/drivers__pwm.dir/pwm_ite_it8xxx2.c.obj
[ciri:rw] [285/377] Linking C static library zephyr/drivers/i2c/libdrivers__i2c.a
[ciri:rw] [286/377] Linking C static library zephyr/drivers/pwm/libdrivers__pwm.a
[ciri:rw] [287/377] Building C object zephyr/drivers/serial/CMakeFiles/drivers__serial.dir/uart_ite_it8xxx2.c.obj
[bloonchipper:rw] [13/532] Building C object zephyr/CMakeFiles/zephyr.dir/lib/heap/heap.c.obj
[ciri:rw] [288/377] Building C object zephyr/drivers/timer/CMakeFiles/drivers__timer.dir/sys_clock_init.c.obj
[ciri:ro] [52/377] Building C object zephyr/CMakeFiles/zephyr.dir/subsys/shell/modules/kernel_service/sleep.c.obj
[ciri:rw] [289/377] Building C object zephyr/drivers/timer/CMakeFiles/drivers__timer.dir/ite_it8xxx2_timer.c.obj
[ciri:rw] [290/377] Building C object zephyr/drivers/serial/CMakeFiles/drivers__serial.dir/uart_ns16550.c.obj
[ciri:rw] [291/377] Linking C static library zephyr/drivers/timer/libdrivers__timer.a
[ciri:ro] [53/377] Building C object zephyr/CMakeFiles/zephyr.dir/subsys/shell/modules/kernel_service/uptime.c.obj
[ciri:ro] [54/377] Building C object zephyr/CMakeFiles/zephyr.dir/subsys/shell/modules/kernel_service/version.c.obj
[kodkod:ro] [17/382] Building C object CMakeFiles/app.dir/mnt/host/source/src/platform/ec/zephyr/subsys/ap_pwrseq/ap_pwrseq.c.obj
[ciri:rw] [292/377] Linking C static library zephyr/drivers/serial/libdrivers__serial.a
[ciri:rw] [293/377] Building C object zephyr/drivers/watchdog/CMakeFiles/drivers__watchdog.dir/wdt_shell.c.obj
[ciri:rw] [294/377] Building C object zephyr/drivers/watchdog/CMakeFiles/drivers__watchdog.dir/wdt_ite_it8xxx2.c.obj
[ciri:rw] [295/377] Linking C static library zephyr/drivers/watchdog/libdrivers__watchdog.a
[mtlrvpp_mchp:ro] /mnt/host/source/src/platform/ec/build/zephyr/mtlrvpp_mchp/build-ro/zephyr/zephyr.dts:1215.31-1228.6: Warning (i2c_bus_reg): /soc/i2c@40004000/rvp-board-id: missing or empty reg property
[mtlrvpp_mchp:ro] /mnt/host/source/src/platform/ec/build/zephyr/mtlrvpp_mchp/build-ro/zephyr/zephyr.dts:2743.9-2751.5: Warning (gpios_property): /fans/fan_0: Missing property '#gpio-cells' in node /named-gpios/all-sys-pwrgd or bad phandle (referred from pgood-gpio[0])
[ciri:rw] [296/377] Building C object modules/ec/zephyr/CMakeFiles/ec_shim.dir/app/ec/main_shim.c.obj
[ciri:rw] [297/377] Building C object modules/ec/zephyr/CMakeFiles/ec_shim.dir/app/ec/ec_app_main.c.obj
[mtlrvpp_mchp:rw] /mnt/host/source/src/platform/ec/build/zephyr/mtlrvpp_mchp/build-rw/zephyr/zephyr.dts:1215.31-1228.6: Warning (i2c_bus_reg): /soc/i2c@40004000/rvp-board-id: missing or empty reg property
[mtlrvpp_mchp:rw] /mnt/host/source/src/platform/ec/build/zephyr/mtlrvpp_mchp/build-rw/zephyr/zephyr.dts:2743.9-2751.5: Warning (gpios_property): /fans/fan_0: Missing property '#gpio-cells' in node /named-gpios/all-sys-pwrgd or bad phandle (referred from pgood-gpio[0])
[bloonchipper:rw] [14/532] Building C object zephyr/CMakeFiles/zephyr.dir/lib/os/cbprintf_packaged.c.obj
[ciri:ro] [55/377] Building C object zephyr/CMakeFiles/zephyr.dir/subsys/shell/modules/kernel_service/thread/thread.c.obj
[kodkod:ro] [18/382] Building C object CMakeFiles/app.dir/mnt/host/source/src/platform/ec/zephyr/subsys/ap_pwrseq/ap_pwrseq_sm.c.obj
[ciri:ro] [56/377] Building C object zephyr/CMakeFiles/zephyr.dir/subsys/shell/modules/kernel_service/thread/stacks.c.obj
[ciri:rw] [298/377] Building C object modules/ec/zephyr/CMakeFiles/ec_shim.dir/drivers/cros_flash/cros_flash_it8xxx2.c.obj
[ciri:ro] [57/377] Building C object zephyr/CMakeFiles/zephyr.dir/subsys/shell/modules/kernel_service/thread/list.c.obj
[ciri:rw] [299/377] Building C object modules/ec/zephyr/CMakeFiles/ec_shim.dir/drivers/cros_kb_raw/cros_kb_raw_ite.c.obj
[ciri:rw] [300/377] Building C object modules/ec/zephyr/CMakeFiles/ec_shim.dir/drivers/cros_shi/cros_shi_it8xxx2.c.obj
[ciri:rw] [301/377] Building C object modules/ec/zephyr/CMakeFiles/ec_shim.dir/drivers/cros_system/cros_system_it8xxx2.c.obj
[ciri:ro] [58/377] Building C object zephyr/CMakeFiles/zephyr.dir/subsys/shell/modules/kernel_service/thread/unwind.c.obj
[ciri:rw] [302/377] Building C object modules/ec/zephyr/CMakeFiles/ec_shim.dir/drivers/one_wire_uart/one_wire_uart.c.obj
[ciri:rw] [303/377] Building C object modules/ec/zephyr/CMakeFiles/ec_shim.dir/drivers/one_wire_uart/hid_over_i2c_target.c.obj
[kodkod:ro] [19/382] Building C object CMakeFiles/app.dir/mnt/host/source/src/platform/ec/zephyr/subsys/ap_pwrseq/power_host_sleep.c.obj
[bloonchipper:rw] [15/532] Building C object zephyr/CMakeFiles/zephyr.dir/lib/os/clock.c.obj
[ciri:rw] [304/377] Building C object modules/ec/zephyr/CMakeFiles/ec_shim.dir/drivers/one_wire_uart/tablet.c.obj
[ciri:ro] [59/377] Building C object zephyr/CMakeFiles/zephyr.dir/subsys/shell/modules/kernel_service/thread/suspend.c.obj
[ciri:ro] [60/377] Building C object zephyr/CMakeFiles/zephyr.dir/subsys/shell/modules/kernel_service/thread/resume.c.obj
[ciri:rw] [305/377] Building C object modules/ec/zephyr/CMakeFiles/ec_shim.dir/shim/chip/it8xxx2/clock.c.obj
[ciri:rw] [306/377] Building C object modules/ec/zephyr/CMakeFiles/ec_shim.dir/shim/chip/it8xxx2/system.c.obj
[ciri:rw] [307/377] Building C object modules/ec/zephyr/CMakeFiles/ec_shim.dir/shim/src/crc.c.obj
[ciri:rw] [308/377] Building C object modules/ec/zephyr/CMakeFiles/ec_shim.dir/shim/chip/it8xxx2/keyboard_raw.c.obj
[ciri:ro] [61/377] Building C object zephyr/CMakeFiles/zephyr.dir/subsys/shell/modules/kernel_service/thread/kill.c.obj
[ciri:rw] [309/377] Building C object modules/ec/zephyr/CMakeFiles/ec_shim.dir/shim/chip/it8xxx2/power_policy.c.obj
[ciri:rw] [310/377] Building C object modules/ec/zephyr/CMakeFiles/ec_shim.dir/shim/chip/it8xxx2/gpio.c.obj
[bloonchipper:rw] [16/532] Building C object zephyr/CMakeFiles/zephyr.dir/lib/os/printk.c.obj
[ciri:rw] [311/377] Building C object modules/ec/zephyr/CMakeFiles/ec_shim.dir/shim/chip/it8xxx2/shi.c.obj
[kodkod:ro] [20/382] Building C object CMakeFiles/app.dir/mnt/host/source/src/platform/ec/zephyr/subsys/ap_pwrseq/x86_non_dsx_common_pwrseq_sm_handler.c.obj
[ciri:rw] [312/377] Building C object modules/ec/zephyr/CMakeFiles/ec_shim.dir/shim/src/console.c.obj
[/mnt/host/source/src/platform/ec/build/zephyr/obiwan-lcov]   /mnt/host/source/src/platform/ec/build/zephyr/obiwan/build-ro/CMakeFiles/app.dir/mnt/host/source/src/platform/ec/build/zephyr/obiwan/modules/ec/common/cbi_config.c.gcno:no functions found
[/mnt/host/source/src/platform/ec/build/zephyr/obiwan-lcov] stderr:
[ciri:ro] [62/377] Building C object zephyr/CMakeFiles/zephyr.dir/subsys/shell/backends/shell_uart.c.obj
[ciri:ro] [63/377] Building C object zephyr/CMakeFiles/zephyr.dir/subsys/shell/shell_fprintf.c.obj
[ciri:rw] [313/377] Building C object modules/ec/zephyr/CMakeFiles/ec_shim.dir/shim/src/gpio_int.c.obj
[ciri:rw] [314/377] Building C object modules/ec/zephyr/CMakeFiles/ec_shim.dir/shim/src/panic_utils.c.obj
[ciri:ro] [64/377] Building C object zephyr/CMakeFiles/zephyr.dir/subsys/shell/shell.c.obj
[ciri:rw] [315/377] Building C object modules/ec/zephyr/CMakeFiles/ec_shim.dir/shim/src/cbi/cros_cbi.c.obj
[ciri:rw] [316/377] Building C object modules/ec/zephyr/CMakeFiles/ec_shim.dir/shim/src/pm_state.c.obj
[bloonchipper:rw] [17/532] Building C object zephyr/CMakeFiles/zephyr.dir/lib/os/sem.c.obj
[ciri:rw] [317/377] Building C object modules/ec/zephyr/CMakeFiles/ec_shim.dir/shim/src/gpio.c.obj
[ciri:rw] [318/377] Building C object modules/ec/zephyr/CMakeFiles/ec_shim.dir/shim/src/cbi/cros_cbi_ssfc.c.obj
[kodkod:ro] [21/382] Building C object CMakeFiles/app.dir/mnt/host/source/src/platform/ec/zephyr/subsys/ap_pwrseq/x86_non_dsx_chipset_power_state.c.obj
[mtlrvpp_mchp:ro] /mnt/host/source/src/platform/ec/build/zephyr/mtlrvpp_mchp/build-ro/zephyr/zephyr.dts:2743.9-2751.5: Warning (gpios_property): /fans/fan_0: Missing property '#gpio-cells' in node /named-gpios/therm-sen-mecc-r or bad phandle (referred from enable-gpio[0])
[ciri:rw] [319/377] Building C object modules/ec/zephyr/CMakeFiles/ec_shim.dir/shim/src/cbi/cbi_eeprom.c.obj
[ciri:ro] [65/377] Building C object zephyr/CMakeFiles/zephyr.dir/subsys/shell/shell_utils.c.obj
[mtlrvpp_mchp:rw] /mnt/host/source/src/platform/ec/build/zephyr/mtlrvpp_mchp/build-rw/zephyr/zephyr.dts:2743.9-2751.5: Warning (gpios_property): /fans/fan_0: Missing property '#gpio-cells' in node /named-gpios/therm-sen-mecc-r or bad phandle (referred from enable-gpio[0])
[mtlrvpp_mchp:rw] warning: PLATFORM_EC_HOSTCMD_AP_RESET (defined at
[mtlrvpp_mchp:rw] /mnt/host/source/src/platform/ec/zephyr/Kconfig.powerseq:60) was assigned the value 'y' but got the
[mtlrvpp_mchp:rw] value 'n'. Check these unsatisfied dependencies: PLATFORM_EC_POWERSEQ (=n). See
[mtlrvpp_mchp:rw] http://docs.zephyrproject.org/latest/kconfig.html#CONFIG_PLATFORM_EC_HOSTCMD_AP_RESET and/or look up
[mtlrvpp_mchp:rw] PLATFORM_EC_HOSTCMD_AP_RESET in the menuconfig/guiconfig interface. The Application Development
[mtlrvpp_mchp:rw] Primer, Setting Configuration Values, and Kconfig - Tips and Best Practices sections of the manual
[mtlrvpp_mchp:rw] might be helpful too.
[mtlrvpp_mchp:rw] warning: Deprecated symbol I2C_ALLOW_NO_STOP_TRANSACTIONS is enabled.
[ciri:ro] [66/377] Building C object zephyr/CMakeFiles/zephyr.dir/subsys/shell/shell_ops.c.obj
[ciri:rw] [320/377] Building C object modules/ec/zephyr/CMakeFiles/ec_shim.dir/shim/src/led_driver/led_pwm.c.obj
[ciri:ro] [67/377] Building C object zephyr/CMakeFiles/zephyr.dir/subsys/shell/shell_help.c.obj
[ciri:rw] [321/377] Building C object modules/ec/zephyr/CMakeFiles/ec_shim.dir/shim/src/chg_rt9490.c.obj
[ciri:rw] [322/377] Building C object modules/ec/zephyr/CMakeFiles/ec_shim.dir/shim/src/battery.c.obj
[bloonchipper:rw] [18/532] Building C object zephyr/CMakeFiles/zephyr.dir/lib/os/thread_entry.c.obj
[ciri:rw] [323/377] Building C object modules/ec/zephyr/CMakeFiles/ec_shim.dir/shim/src/led_driver/led.c.obj
[mtlrvpp_mchp:ro] Parsing /mnt/host/source/src/platform/ec/zephyr/program/intelrvp/Kconfig
[ciri:rw] [324/377] Building C object modules/ec/zephyr/CMakeFiles/ec_shim.dir/shim/src/system.c.obj
[ciri:rw] [325/377] Building C object modules/ec/zephyr/CMakeFiles/ec_shim.dir/shim/src/adc.c.obj
[kodkod:ro] [22/382] Building C object CMakeFiles/app.dir/mnt/host/source/src/platform/ec/zephyr/subsys/ap_pwrseq/x86_non_dsx_common_pwrseq_host_sleep.c.obj
[/mnt/host/source/src/platform/ec/build/zephyr/obiwan-lcov]   /mnt/host/source/src/platform/ec/build/zephyr/obiwan/build-ro/zephyr/arch/arch/arm/core/mpu/CMakeFiles/arch__arm__core__mpu.dir/arm_mpu_regions.c.gcno:no functions found
[/mnt/host/source/src/platform/ec/build/zephyr/obiwan-lcov] stderr:
[mtlrvpp_mchp:rw] Parsing /mnt/host/source/src/platform/ec/zephyr/program/intelrvp/Kconfig
[ciri:rw] [326/377] Building C object modules/ec/zephyr/CMakeFiles/ec_shim.dir/shim/src/charger.c.obj
[ciri:ro] [68/377] Building C object zephyr/CMakeFiles/zephyr.dir/subsys/shell/shell_history.c.obj
[ciri:ro] [69/377] Building C object zephyr/CMakeFiles/zephyr.dir/drivers/flash/flash_util.c.obj
[ciri:ro] [70/377] Building C object zephyr/arch/common/CMakeFiles/arch__common.dir/sw_isr_common.c.obj
[ciri:ro] [71/377] Linking C static library zephyr/libzephyr.a
[ciri:rw] [327/377] Building C object modules/ec/zephyr/CMakeFiles/ec_shim.dir/shim/src/flash.c.obj
[kodkod:ro] [23/382] Building C object CMakeFiles/app.dir/mnt/host/source/src/platform/ec/zephyr/subsys/ap_pwrseq/x86_non_dsx_common_pwrseq_console.c.obj
[ciri:rw] [328/377] Building C object modules/ec/zephyr/CMakeFiles/ec_shim.dir/shim/src/host_command.c.obj
[ciri:rw] [329/377] Building C object modules/ec/zephyr/CMakeFiles/ec_shim.dir/shim/src/mkbp_event.c.obj
[ciri:rw] [330/377] Building C object modules/ec/zephyr/CMakeFiles/ec_shim.dir/shim/src/keyboard_raw.c.obj
[bloonchipper:rw] [19/532] Building C object zephyr/CMakeFiles/zephyr.dir/lib/os/cbprintf_nano.c.obj
[ciri:ro] [72/377] Building C object zephyr/arch/common/CMakeFiles/arch__common.dir/dynamic_isr.c.obj
[ciri:rw] [331/377] Building C object modules/ec/zephyr/CMakeFiles/ec_shim.dir/shim/src/hooks.c.obj
[ciri:rw] [332/377] Building C object modules/ec/zephyr/CMakeFiles/ec_shim.dir/shim/src/console_buffer.c.obj
[mtlrvpp_mchp:ro] Loaded configuration '/mnt/host/source/src/platform/ec/zephyr/boards/google/mec172x/mec172x_mec172x_nsz_mec1727_defconfig'
[mtlrvpp_mchp:ro] Merged configuration '/mnt/host/source/src/platform/ec/zephyr/program/intelrvp/program.conf'
[mtlrvpp_mchp:ro] Merged configuration '/mnt/host/source/src/platform/ec/zephyr/program/intelrvp/mtlrvp/prj.conf'
[mtlrvpp_mchp:ro] Merged configuration '/mnt/host/source/src/platform/ec/zephyr/program/intelrvp/zephyr_ap_pwrseq.conf'
[mtlrvpp_mchp:ro] Merged configuration '/mnt/host/source/src/platform/ec/zephyr/program/intelrvp/mtlrvp/mtlrvpp_mchp/prj.conf'
[mtlrvpp_mchp:ro] Merged configuration '/mnt/host/source/src/platform/ec/zephyr/program/intelrvp/mtlrvp/mtlrvpp_mchp/board_mchp.conf'
[mtlrvpp_mchp:ro] Merged configuration '/mnt/host/source/src/platform/ec/zephyr/program/intelrvp/mtlrvp/tcpc.conf'
[mtlrvpp_mchp:ro] Merged configuration '/mnt/host/source/src/platform/ec/build/zephyr/mtlrvpp_mchp/kconfig-ro.conf'
[mtlrvpp_mchp:ro] Configuration saved to '/mnt/host/source/src/platform/ec/build/zephyr/mtlrvpp_mchp/build-ro/zephyr/.config'
[mtlrvpp_mchp:ro] Kconfig header saved to '/mnt/host/source/src/platform/ec/build/zephyr/mtlrvpp_mchp/build-ro/zephyr/include/generated/zephyr/autoconf.h'
[mtlrvpp_mchp:ro] -- Found GnuLd: /home/jpmurphy/.cache/coreboot-sdk/arm-eabi/ea40ddd1d190c3b48435c474c0b545719371813a/arm-eabi/bin/ld.bfd (found version "2.43.1")
[ciri:ro] [73/377] Building C object zephyr/arch/common/CMakeFiles/arch__common.dir/init.c.obj
[/mnt/host/source/src/platform/ec/build/zephyr/obiwan-lcov]   /mnt/host/source/src/platform/ec/build/zephyr/obiwan/build-ro/zephyr/arch/common/CMakeFiles/isr_tables.dir/isr_tables.c.gcno:no functions found
[/mnt/host/source/src/platform/ec/build/zephyr/obiwan-lcov] stderr:
[mtlrvpp_mchp:ro] -- The C compiler identification is GNU 14.2.0
[ciri:rw] [333/377] Building C object modules/ec/zephyr/CMakeFiles/ec_shim.dir/shim/src/motionsense_sensors.c.obj
[ciri:ro] [74/377] Building C object zephyr/arch/common/CMakeFiles/arch__common.dir/xip.c.obj
[mtlrvpp_mchp:rw] Loaded configuration '/mnt/host/source/src/platform/ec/zephyr/boards/google/mec172x/mec172x_mec172x_nsz_mec1727_defconfig'
[mtlrvpp_mchp:rw] Merged configuration '/mnt/host/source/src/platform/ec/zephyr/program/intelrvp/program.conf'
[mtlrvpp_mchp:rw] Merged configuration '/mnt/host/source/src/platform/ec/zephyr/program/intelrvp/mtlrvp/prj.conf'
[mtlrvpp_mchp:rw] Merged configuration '/mnt/host/source/src/platform/ec/zephyr/program/intelrvp/zephyr_ap_pwrseq.conf'
[mtlrvpp_mchp:rw] Merged configuration '/mnt/host/source/src/platform/ec/zephyr/program/intelrvp/mtlrvp/mtlrvpp_mchp/prj.conf'
[mtlrvpp_mchp:rw] Merged configuration '/mnt/host/source/src/platform/ec/zephyr/program/intelrvp/mtlrvp/mtlrvpp_mchp/board_mchp.conf'
[mtlrvpp_mchp:rw] Merged configuration '/mnt/host/source/src/platform/ec/zephyr/program/intelrvp/mtlrvp/tcpc.conf'
[mtlrvpp_mchp:rw] Merged configuration '/mnt/host/source/src/platform/ec/build/zephyr/mtlrvpp_mchp/kconfig-rw.conf'
[mtlrvpp_mchp:rw] Configuration saved to '/mnt/host/source/src/platform/ec/build/zephyr/mtlrvpp_mchp/build-rw/zephyr/.config'
[mtlrvpp_mchp:rw] Kconfig header saved to '/mnt/host/source/src/platform/ec/build/zephyr/mtlrvpp_mchp/build-rw/zephyr/include/generated/zephyr/autoconf.h'
[mtlrvpp_mchp:rw] -- Found GnuLd: /home/jpmurphy/.cache/coreboot-sdk/arm-eabi/ea40ddd1d190c3b48435c474c0b545719371813a/arm-eabi/bin/ld.bfd (found version "2.43.1")
[mtlrvpp_mchp:ro] -- The CXX compiler identification is GNU 14.2.0
[ciri:ro] [75/377] Building C object zephyr/arch/common/CMakeFiles/isr_tables.dir/isr_tables.c.obj
[mtlrvpp_mchp:ro] -- The ASM compiler identification is GNU
[mtlrvpp_mchp:ro] -- Found assembler: /home/jpmurphy/.cache/coreboot-sdk/arm-eabi/ea40ddd1d190c3b48435c474c0b545719371813a/bin/arm-eabi-gcc
[mtlrvpp_mchp:rw] -- The C compiler identification is GNU 14.2.0
[kodkod:ro] [24/382] Building C object CMakeFiles/app.dir/mnt/host/source/src/platform/ec/zephyr/subsys/ap_pwrseq/x86_non_dsx_common_pwrseq_host_command.c.obj
[ciri:rw] [334/377] Building C object modules/ec/zephyr/CMakeFiles/ec_shim.dir/shim/src/power.c.obj
[mtlrvpp_mchp:ro] warning: PLATFORM_EC_HOSTCMD_AP_RESET (defined at
[mtlrvpp_mchp:ro] /mnt/host/source/src/platform/ec/zephyr/Kconfig.powerseq:60) was assigned the value 'y' but got the
[mtlrvpp_mchp:ro] value 'n'. Check these unsatisfied dependencies: PLATFORM_EC_POWERSEQ (=n). See
[mtlrvpp_mchp:ro] http://docs.zephyrproject.org/latest/kconfig.html#CONFIG_PLATFORM_EC_HOSTCMD_AP_RESET and/or look up
[mtlrvpp_mchp:ro] PLATFORM_EC_HOSTCMD_AP_RESET in the menuconfig/guiconfig interface. The Application Development
[mtlrvpp_mchp:ro] Primer, Setting Configuration Values, and Kconfig - Tips and Best Practices sections of the manual
[mtlrvpp_mchp:ro] might be helpful too.
[mtlrvpp_mchp:ro] warning: Deprecated symbol I2C_ALLOW_NO_STOP_TRANSACTIONS is enabled.
[mtlrvpp_mchp:ro] CMake Warning at /mnt/host/source/src/platform/ec/zephyr/cmake/linker/ld/linker_libraries.cmake:11 (message):
[mtlrvpp_mchp:ro]   Disabling c_library
[mtlrvpp_mchp:ro] Call Stack (most recent call first):
[mtlrvpp_mchp:ro]   /mnt/host/source/src/third_party/zephyr/main/cmake/target_toolchain_flags.cmake:48 (include)
[mtlrvpp_mchp:ro]   /mnt/host/source/src/third_party/zephyr/main/cmake/modules/kernel.cmake:153 (include)
[mtlrvpp_mchp:ro]   /mnt/host/source/src/third_party/zephyr/main/cmake/modules/zephyr_default.cmake:138 (include)
[mtlrvpp_mchp:ro]   /mnt/host/source/src/third_party/zephyr/main/share/zephyr-package/cmake/ZephyrConfig.cmake:66 (include)
[mtlrvpp_mchp:ro]   /mnt/host/source/src/third_party/zephyr/main/share/zephyr-package/cmake/ZephyrConfig.cmake:97 (include_boilerplate)
[mtlrvpp_mchp:ro]   CMakeLists.txt:7 (find_package)
[ciri:ro] [76/377] Linking C static library zephyr/arch/common/libisr_tables.a
[ciri:rw] [335/377] Building C object modules/ec/zephyr/CMakeFiles/ec_shim.dir/shim/src/panic.c.obj
[ciri:ro] [77/377] Linking C static library zephyr/arch/common/libarch__common.a
[bloonchipper:rw] [20/532] Building C object zephyr/CMakeFiles/zephyr.dir/lib/os/cbprintf.c.obj
[ciri:ro] [78/377] Building C object zephyr/arch/arch/riscv/core/CMakeFiles/arch__riscv__core.dir/cpu_idle.c.obj
[ciri:rw] [336/377] Building C object modules/ec/zephyr/CMakeFiles/ec_shim.dir/shim/src/hwtimer.c.obj
[ciri:rw] [337/377] Building C object modules/ec/zephyr/CMakeFiles/ec_shim.dir/shim/src/thermal.c.obj
[ciri:rw] [338/377] Building C object modules/ec/zephyr/CMakeFiles/ec_shim.dir/shim/src/temp_sensors.c.obj
[mtlrvpp_mchp:rw] -- The CXX compiler identification is GNU 14.2.0
[mtlrvpp_mchp:rw] -- The ASM compiler identification is GNU
[mtlrvpp_mchp:rw] -- Found assembler: /home/jpmurphy/.cache/coreboot-sdk/arm-eabi/ea40ddd1d190c3b48435c474c0b545719371813a/bin/arm-eabi-gcc
[mtlrvpp_mchp:rw] CMake Warning at /mnt/host/source/src/platform/ec/zephyr/cmake/linker/ld/linker_libraries.cmake:11 (message):
[mtlrvpp_mchp:rw]   Disabling c_library
[mtlrvpp_mchp:rw] Call Stack (most recent call first):
[mtlrvpp_mchp:rw]   /mnt/host/source/src/third_party/zephyr/main/cmake/target_toolchain_flags.cmake:48 (include)
[mtlrvpp_mchp:rw]   /mnt/host/source/src/third_party/zephyr/main/cmake/modules/kernel.cmake:153 (include)
[mtlrvpp_mchp:rw]   /mnt/host/source/src/third_party/zephyr/main/cmake/modules/zephyr_default.cmake:138 (include)
[mtlrvpp_mchp:rw]   /mnt/host/source/src/third_party/zephyr/main/share/zephyr-package/cmake/ZephyrConfig.cmake:66 (include)
[mtlrvpp_mchp:rw]   /mnt/host/source/src/third_party/zephyr/main/share/zephyr-package/cmake/ZephyrConfig.cmake:97 (include_boilerplate)
[mtlrvpp_mchp:rw]   CMakeLists.txt:7 (find_package)
[ciri:ro] [79/377] Building C object zephyr/arch/arch/riscv/core/CMakeFiles/arch__riscv__core.dir/prep_c.c.obj
[ciri:rw] [339/377] Building C object modules/ec/zephyr/CMakeFiles/ec_shim.dir/shim/src/i2c.c.obj
[ciri:ro] [80/377] Building C object zephyr/arch/arch/riscv/core/CMakeFiles/arch__riscv__core.dir/fatal.c.obj
[kodkod:ro] [25/382] Building C object CMakeFiles/app.dir/mnt/host/source/src/platform/ec/zephyr/subsys/ap_pwrseq/x86_non_dsx_mtl_pwrseq_sm.c.obj
[ciri:rw] [340/377] Building C object modules/ec/zephyr/CMakeFiles/ec_shim.dir/shim/src/tasks.c.obj
[ciri:ro] [81/377] Building C object zephyr/arch/arch/riscv/core/CMakeFiles/arch__riscv__core.dir/irq_manage.c.obj
[mtlrvpp_mchp:ro] -- Performing EC specific devicetree checks
[ciri:rw] [341/377] Building C object zephyr/kernel/CMakeFiles/kernel.dir/banner.c.obj
[bloonchipper:rw] [21/532] Building C object zephyr/CMakeFiles/zephyr.dir/lib/os/assert.c.obj
[ciri:rw] [342/377] Building C object zephyr/kernel/CMakeFiles/kernel.dir/main_weak.c.obj
[ciri:rw] [343/377] Building C object modules/ec/zephyr/CMakeFiles/ec_shim.dir/shim/src/ppc.c.obj
[mtlrvpp_mchp:ro] INFO: Verified 64 GPIOs, no duplicates found
[mtlrvpp_mchp:ro] INFO: Verified 13 '*-gpios' properties, all flags match.
[mtlrvpp_mchp:ro] INFO: Skipped 23 named-gpios children.
[ciri:ro] [82/377] Building C object zephyr/arch/arch/riscv/core/CMakeFiles/arch__riscv__core.dir/reboot.c.obj
[ciri:rw] [344/377] Building C object modules/ec/zephyr/CMakeFiles/ec_shim.dir/shim/src/watchdog.c.obj
[ciri:rw] [345/377] Building C object modules/ec/zephyr/CMakeFiles/ec_shim.dir/shim/src/usb_muxes.c.obj
[/mnt/host/source/src/platform/ec/build/zephyr/wugtrio-lcov]   /mnt/host/source/src/platform/ec/build/zephyr/wugtrio/build-rw/CMakeFiles/app.dir/mnt/host/source/src/platform/ec/build/zephyr/wugtrio/modules/ec/common/usb_pd_pdo.c.gcno:no functions found
[/mnt/host/source/src/platform/ec/build/zephyr/wugtrio-lcov] stderr:
[ciri:rw] [346/377] Building C object zephyr/kernel/CMakeFiles/kernel.dir/busy_wait.c.obj
[ciri:rw] [347/377] Linking C static library modules/ec/zephyr/libec_shim.a
[mtlrvpp_mchp:ro] -- Generating component manifest file
[ciri:ro] [83/377] Building ASM object zephyr/arch/arch/riscv/core/CMakeFiles/arch__riscv__core.dir/reset.S.obj
[mtlrvpp_mchp:rw] -- Performing EC specific devicetree checks
[ciri:rw] [348/377] Building C object zephyr/kernel/CMakeFiles/kernel.dir/device.c.obj
[kodkod:ro] [26/382] Building C object CMakeFiles/app.dir/mnt/host/source/src/platform/ec/zephyr/subsys/ap_pwrseq/ap_reset_log.c.obj
[ciri:ro] [84/377] Building ASM object zephyr/arch/arch/riscv/core/CMakeFiles/arch__riscv__core.dir/switch.S.obj
[mtlrvpp_mchp:rw] INFO: Verified 64 GPIOs, no duplicates found
[mtlrvpp_mchp:rw] INFO: Verified 13 '*-gpios' properties, all flags match.
[mtlrvpp_mchp:rw] INFO: Skipped 23 named-gpios children.
[mtlrvpp_mchp:ro] INFO: Running CME, outputting to /mnt/host/source/src/platform/ec/build/zephyr/mtlrvpp_mchp/build-ro/zephyr/component_manifest.json
[mtlrvpp_mchp:ro] INFO: Project mtlrvpp_mchp does not support SSFC
[mtlrvpp_mchp:ro] INFO: Component virtual-mux-c0(cros-ec,usbc-mux-virtual) not on I2C bus, skip it
[mtlrvpp_mchp:ro] INFO: Component virtual-mux-c0(cros-ec,usbc-mux-virtual) not on I2C bus, skip it
[mtlrvpp_mchp:ro] INFO: Component virtual-mux-c1(cros-ec,usbc-mux-virtual) not on I2C bus, skip it
[mtlrvpp_mchp:ro] INFO: Component virtual-mux-c1(cros-ec,usbc-mux-virtual) not on I2C bus, skip it
[mtlrvpp_mchp:ro] INFO: Component virtual-mux-c2(cros-ec,usbc-mux-virtual) not on I2C bus, skip it
[mtlrvpp_mchp:ro] INFO: Component virtual-mux-c2(cros-ec,usbc-mux-virtual) not on I2C bus, skip it
[mtlrvpp_mchp:ro] INFO: Component virtual-mux-c3(cros-ec,usbc-mux-virtual) not on I2C bus, skip it
[ciri:rw] [349/377] Building C object zephyr/kernel/CMakeFiles/kernel.dir/version.c.obj
[ciri:rw] [350/377] Building C object zephyr/kernel/CMakeFiles/kernel.dir/errno.c.obj
[ciri:rw] [351/377] Building C object zephyr/kernel/CMakeFiles/kernel.dir/fatal.c.obj
[ciri:ro] [85/377] Building C object zephyr/arch/arch/riscv/core/CMakeFiles/arch__riscv__core.dir/thread.c.obj
[bloonchipper:rw] [22/532] Building C object zephyr/CMakeFiles/zephyr.dir/lib/os/mpsc_pbuf.c.obj
[ciri:ro] [86/377] Generating ../../../include/generated/libc/minimal/strerror_table.h
[mtlrvpp_mchp:ro] -- warning_base_override: -Wall;-Wformat;-Wformat-security;-Wformat;-Wno-format-zero-length;-Wno-pointer-sign;-Wpointer-arith;-Wexpansion-to-defined
[mtlrvpp_mchp:rw] -- Generating component manifest file
[ciri:rw] [352/377] Building C object zephyr/kernel/CMakeFiles/kernel.dir/kheap.c.obj
[ciri:rw] [353/377] Building C object zephyr/kernel/CMakeFiles/kernel.dir/float.c.obj
[ciri:rw] [354/377] Building C object zephyr/kernel/CMakeFiles/kernel.dir/init.c.obj
[ciri:rw] [355/377] Building C object zephyr/kernel/CMakeFiles/kernel.dir/mem_slab.c.obj
[ciri:ro] [87/377] Building C object zephyr/lib/libc/minimal/CMakeFiles/lib__libc__minimal.dir/source/stdlib/atoi.c.obj
[mtlrvpp_mchp:rw] INFO: Running CME, outputting to /mnt/host/source/src/platform/ec/build/zephyr/mtlrvpp_mchp/build-rw/zephyr/component_manifest.json
[mtlrvpp_mchp:rw] INFO: Project mtlrvpp_mchp does not support SSFC
[mtlrvpp_mchp:rw] INFO: Component virtual-mux-c0(cros-ec,usbc-mux-virtual) not on I2C bus, skip it
[mtlrvpp_mchp:rw] INFO: Component virtual-mux-c0(cros-ec,usbc-mux-virtual) not on I2C bus, skip it
[mtlrvpp_mchp:rw] INFO: Component virtual-mux-c1(cros-ec,usbc-mux-virtual) not on I2C bus, skip it
[mtlrvpp_mchp:rw] INFO: Component virtual-mux-c1(cros-ec,usbc-mux-virtual) not on I2C bus, skip it
[mtlrvpp_mchp:rw] INFO: Component virtual-mux-c2(cros-ec,usbc-mux-virtual) not on I2C bus, skip it
[mtlrvpp_mchp:rw] INFO: Component virtual-mux-c2(cros-ec,usbc-mux-virtual) not on I2C bus, skip it
[mtlrvpp_mchp:rw] INFO: Component virtual-mux-c3(cros-ec,usbc-mux-virtual) not on I2C bus, skip it
[mtlrvpp_mchp:rw] INFO: Component virtual-mux-c3(cros-ec,usbc-mux-virtual) not on I2C bus, skip it
[mtlrvpp_mchp:rw] INFO: No motionsense-sensor node found
[mtlrvpp_mchp:rw] -- warning_base_override: -Wall;-Wformat;-Wformat-security;-Wformat;-Wno-format-zero-length;-Wno-pointer-sign;-Wpointer-arith;-Wexpansion-to-defined
[ciri:ro] [88/377] Building ASM object zephyr/arch/arch/riscv/core/CMakeFiles/arch__riscv__core.dir/isr.S.obj
[ciri:ro] [89/377] Building C object zephyr/arch/arch/riscv/core/CMakeFiles/arch__riscv__core.dir/stacktrace.c.obj
[mtlrvpp_mchp:ro] -- Found gen_kobject_list: /mnt/host/source/src/third_party/zephyr/main/scripts/build/gen_kobject_list.py
[ciri:ro] [90/377] Building C object zephyr/lib/libc/minimal/CMakeFiles/lib__libc__minimal.dir/source/stdlib/strtol.c.obj
[ciri:ro] [91/377] Building C object zephyr/lib/libc/minimal/CMakeFiles/lib__libc__minimal.dir/source/stdlib/strtoul.c.obj
[ciri:ro] [92/377] Linking C static library zephyr/arch/arch/riscv/core/libarch__riscv__core.a
[mtlrvpp_mchp:ro] INFO: Component virtual-mux-c3(cros-ec,usbc-mux-virtual) not on I2C bus, skip it
[mtlrvpp_mchp:ro] INFO: No motionsense-sensor node found
[mtlrvpp_mchp:ro] CMake Warning at /mnt/host/source/src/third_party/zephyr/main/CMakeLists.txt:2359 (message):
[mtlrvpp_mchp:ro]   __ASSERT() statements are globally ENABLED
[ciri:rw] [356/377] Building C object zephyr/kernel/CMakeFiles/kernel.dir/idle.c.obj
[ciri:ro] [93/377] Building C object zephyr/lib/libc/minimal/CMakeFiles/lib__libc__minimal.dir/source/stdlib/strtoll.c.obj
[kodkod:ro] [27/382] Building C object CMakeFiles/app.dir/mnt/host/source/src/platform/ec/zephyr/subsys/pd_controller/pdc_pmc_debug.c.obj
[ciri:rw] [357/377] Building C object zephyr/kernel/CMakeFiles/kernel.dir/mailbox.c.obj
[mtlrvpp_mchp:rw] -- Found gen_kobject_list: /mnt/host/source/src/third_party/zephyr/main/scripts/build/gen_kobject_list.py
[ciri:ro] [94/377] Building C object zephyr/lib/libc/minimal/CMakeFiles/lib__libc__minimal.dir/source/stdlib/strtoull.c.obj
[ciri:ro] [95/377] Building C object zephyr/lib/libc/minimal/CMakeFiles/lib__libc__minimal.dir/source/stdlib/bsearch.c.obj
[bloonchipper:rw] [23/532] Building C object zephyr/CMakeFiles/zephyr.dir/lib/os/reboot.c.obj
[mtlrvpp_mchp:rw] CMake Warning at /mnt/host/source/src/third_party/zephyr/main/CMakeLists.txt:2359 (message):
[mtlrvpp_mchp:rw]   __ASSERT() statements are globally ENABLED
[ciri:rw] [358/377] Building C object zephyr/kernel/CMakeFiles/kernel.dir/msg_q.c.obj
[mtlrvpp_mchp:ro] -- Configuring done (15.6s)
[ciri:rw] [359/377] Building C object zephyr/kernel/CMakeFiles/kernel.dir/mutex.c.obj
[ciri:rw] [360/377] Building C object zephyr/kernel/CMakeFiles/kernel.dir/stack.c.obj
[ciri:rw] [361/377] Building C object zephyr/kernel/CMakeFiles/kernel.dir/sem.c.obj
[mtlrvpp_mchp:rw] -- Configuring done (15.5s)
[ciri:ro] [96/377] Building C object zephyr/lib/libc/minimal/CMakeFiles/lib__libc__minimal.dir/source/stdlib/qsort.c.obj
[ciri:ro] [97/377] Building C object zephyr/lib/libc/minimal/CMakeFiles/lib__libc__minimal.dir/source/string/strerror.c.obj
[bloonchipper:rw] [24/532] Building C object zephyr/CMakeFiles/zephyr.dir/lib/utils/dec.c.obj
[ciri:rw] [362/377] Building C object zephyr/kernel/CMakeFiles/kernel.dir/queue.c.obj
[ciri:ro] [98/377] Building C object zephyr/lib/libc/minimal/CMakeFiles/lib__libc__minimal.dir/source/string/strncasecmp.c.obj
[ciri:ro] [99/377] Building C object zephyr/lib/libc/minimal/CMakeFiles/lib__libc__minimal.dir/source/string/strstr.c.obj
[ciri:rw] [363/377] Building C object zephyr/kernel/CMakeFiles/kernel.dir/system_work_q.c.obj
[mtlrvpp_mchp:ro] -- Generating done (0.5s)
[mtlrvpp_mchp:ro] CMake Warning:
[ciri:ro] [100/377] Building C object zephyr/lib/libc/minimal/CMakeFiles/lib__libc__minimal.dir/source/stdlib/exit.c.obj
[ciri:ro] [101/377] Building C object zephyr/lib/libc/minimal/CMakeFiles/lib__libc__minimal.dir/source/string/strspn.c.obj
[bloonchipper:rw] [25/532] Building C object zephyr/CMakeFiles/zephyr.dir/lib/utils/hex.c.obj
[mtlrvpp_mchp:rw] -- Generating done (0.5s)
[mtlrvpp_mchp:rw] CMake Warning:
[mtlrvpp_mchp:ro] -- Build files have been written to: /mnt/host/source/src/platform/ec/build/zephyr/mtlrvpp_mchp/build-ro
[mtlrvpp_mchp:ro]   Manually-specified variables were not used by the project:
[mtlrvpp_mchp:ro]     COREBOOT_SDK_ROOT_libstdcxx_riscv64
[mtlrvpp_mchp:ro]     COREBOOT_SDK_ROOT_libstdcxx_x86
[mtlrvpp_mchp:ro]     COREBOOT_SDK_ROOT_nds32
[mtlrvpp_mchp:ro]     COREBOOT_SDK_ROOT_picolibc_riscv64
[mtlrvpp_mchp:ro]     COREBOOT_SDK_ROOT_picolibc_x86
[mtlrvpp_mchp:ro]     COREBOOT_SDK_ROOT_riscv
[mtlrvpp_mchp:ro]     COREBOOT_SDK_ROOT_riscv64
[mtlrvpp_mchp:ro]     COREBOOT_SDK_ROOT_x86
[ciri:ro] [102/377] Building C object zephyr/lib/libc/minimal/CMakeFiles/lib__libc__minimal.dir/source/string/string.c.obj
[ciri:rw] [364/377] Building C object zephyr/kernel/CMakeFiles/kernel.dir/condvar.c.obj
[ciri:rw] [365/377] Building C object zephyr/kernel/CMakeFiles/kernel.dir/pipe.c.obj
[ciri:rw] [366/377] Building C object zephyr/kernel/CMakeFiles/kernel.dir/spinlock_validate.c.obj
[mtlrvpp_mchp:rw] -- Build files have been written to: /mnt/host/source/src/platform/ec/build/zephyr/mtlrvpp_mchp/build-rw
[mtlrvpp_mchp:rw]   Manually-specified variables were not used by the project:
[mtlrvpp_mchp:rw]     COREBOOT_SDK_ROOT_libstdcxx_riscv64
[mtlrvpp_mchp:rw]     COREBOOT_SDK_ROOT_libstdcxx_x86
[mtlrvpp_mchp:rw]     COREBOOT_SDK_ROOT_nds32
[mtlrvpp_mchp:rw]     COREBOOT_SDK_ROOT_picolibc_riscv64
[mtlrvpp_mchp:rw]     COREBOOT_SDK_ROOT_picolibc_x86
[mtlrvpp_mchp:rw]     COREBOOT_SDK_ROOT_riscv
[mtlrvpp_mchp:rw]     COREBOOT_SDK_ROOT_riscv64
[mtlrvpp_mchp:rw]     COREBOOT_SDK_ROOT_x86
[ciri:rw] [367/377] Building C object zephyr/kernel/CMakeFiles/kernel.dir/work.c.obj
[ciri:rw] [368/377] Building C object zephyr/kernel/CMakeFiles/kernel.dir/thread.c.obj
[bloonchipper:rw] [26/532] Building C object zephyr/CMakeFiles/zephyr.dir/lib/utils/timeutil.c.obj
[ciri:ro] [103/377] Building C object zephyr/lib/libc/minimal/CMakeFiles/lib__libc__minimal.dir/source/stdout/sprintf.c.obj
[ciri:rw] [369/377] Building C object zephyr/kernel/CMakeFiles/kernel.dir/sched.c.obj
[ciri:rw] [370/377] Building C object zephyr/kernel/CMakeFiles/kernel.dir/thread_monitor.c.obj
[ciri:ro] [104/377] Building C object zephyr/lib/libc/minimal/CMakeFiles/lib__libc__minimal.dir/source/math/sqrtf.c.obj
[ciri:ro] [105/377] Building C object zephyr/lib/libc/minimal/CMakeFiles/lib__libc__minimal.dir/source/stdout/stdout_console.c.obj
[ciri:ro] [106/377] Building C object zephyr/lib/libc/minimal/CMakeFiles/lib__libc__minimal.dir/source/stdout/fprintf.c.obj
[kodkod:ro] [28/382] Building C object CMakeFiles/app.dir/mnt/host/source/src/platform/ec/zephyr/subsys/pd_controller/pdc_power_mgmt.c.obj
[ciri:ro] [107/377] Building C object zephyr/lib/libc/minimal/CMakeFiles/lib__libc__minimal.dir/source/math/sqrt.c.obj
[ciri:rw] [371/377] Building C object zephyr/kernel/CMakeFiles/kernel.dir/timeout.c.obj
[bloonchipper:rw] [27/532] Building C object zephyr/CMakeFiles/zephyr.dir/lib/utils/rb.c.obj
[/mnt/host/source/src/platform/ec/build/zephyr/obiwan-lcov]   /mnt/host/source/src/platform/ec/build/zephyr/obiwan/build-ro/zephyr/CMakeFiles/zephyr.dir/subsys/shell/modules/kernel_service/kernel_shell.c.gcno:no functions found
[/mnt/host/source/src/platform/ec/build/zephyr/obiwan-lcov] stderr:
[ciri:ro] [108/377] Building C object zephyr/lib/libc/common/CMakeFiles/lib__libc__common.dir/source/time/gmtime_r.c.obj
[ciri:ro] [109/377] Building C object zephyr/lib/libc/common/CMakeFiles/lib__libc__common.dir/source/time/asctime.c.obj
[ciri:rw] [372/377] Building C object zephyr/kernel/CMakeFiles/kernel.dir/timer.c.obj
[ciri:rw] [373/377] Building C object zephyr/kernel/CMakeFiles/kernel.dir/events.c.obj
[ciri:rw] [374/377] Building C object zephyr/kernel/CMakeFiles/kernel.dir/mempool.c.obj
[mtlrvpp_mchp:ro] Building: /usr/bin/ninja -C /mnt/host/source/src/platform/ec/build/zephyr/mtlrvpp_mchp/build-ro all.libraries
Running `env -i SHELL=/bin/bash COLORTERM=truecolor DEPOT_TOOLS_UPDATE=0 LESS='-R -M --shift 5' SUDO_GID=0 JDK_HOME=/etc/java-config-2/current-system-vm CONFIG_PROTECT_MASK='/etc/gentoo-release /etc/sandbox.d /etc/fonts/fonts.conf /etc/terminfo /etc/ca-certificates.conf /etc/revdep-rebuild' CHROMEOS_CACHEDIR=/var/cache/chromeos-cache JAVA_HOME=/etc/java-config-2/current-system-vm SSH_AUTH_SOCK=/tmp/ssh-auth-sock SUDO_COMMAND=/bin/bash SUDO_USER=root SUDO_TTY=/dev/pts/2 EDITOR=/usr/bin/vi PWD=/mnt/host/source/src/platform/ec CONFIG_PROTECT=/usr/share/gnupg/qualified.txt LOGNAME=jpmurphy MANPATH=/etc/java-config-2/current-system-vm/man:/usr/local/share/man:/usr/share/man:/usr/share/gcc-data/x86_64-pc-linux-gnu/10.2.0/man:/usr/share/binutils-data/x86_64-pc-linux-gnu/2.45/man:/etc/java-config-2/current-system-vm/man/ SUDO_HOME=/root XAUTHORITY=/run/user/944457/gdm/Xauthority HOME=/home/jpmurphy LANG=C.UTF-8 LS_COLORS='rs=0:di=01;34:ln=01;36:mh=00:pi=40;33:so=01;35:do=01;35:bd=40;33;01:cd=40;33;01:or=01;05;37;41:mi=01;05;37;41:su=37;41:sg=30;43:ca=30;41:tw=30;42:ow=34;42:st=37;44:ex=01;32:*.tar=01;31:*.tgz=01;31:*.arc=01;31:*.arj=01;31:*.taz=01;31:*.lha=01;31:*.lz4=01;31:*.lzh=01;31:*.lzma=01;31:*.tlz=01;31:*.txz=01;31:*.tzo=01;31:*.t7z=01;31:*.zip=01;31:*.z=01;31:*.dz=01;31:*.gz=01;31:*.lrz=01;31:*.lz=01;31:*.lzo=01;31:*.xz=01;31:*.zst=01;31:*.tzst=01;31:*.bz2=01;31:*.bz=01;31:*.tbz=01;31:*.tbz2=01;31:*.tz=01;31:*.deb=01;31:*.rpm=01;31:*.jar=01;31:*.war=01;31:*.ear=01;31:*.sar=01;31:*.rar=01;31:*.alz=01;31:*.ace=01;31:*.zoo=01;31:*.cpio=01;31:*.7z=01;31:*.rz=01;31:*.cab=01;31:*.wim=01;31:*.swm=01;31:*.dwm=01;31:*.esd=01;31:*.jpg=01;35:*.jpeg=01;35:*.mjpg=01;35:*.mjpeg=01;35:*.gif=01;35:*.bmp=01;35:*.pbm=01;35:*.pgm=01;35:*.ppm=01;35:*.tga=01;35:*.xbm=01;35:*.xpm=01;35:*.tif=01;35:*.tiff=01;35:*.png=01;35:*.svg=01;35:*.svgz=01;35:*.mng=01;35:*.pcx=01;35:*.mov=01;35:*.mpg=01;35:*.mpeg=01;35:*.m2v=01;35:*.mkv=01;35:*.webm=01;35:*.webp=01;35:*.ogm=01;35:*.mp4=01;35:*.m4v=01;35:*.mp4v=01;35:*.vob=01;35:*.qt=01;35:*.nuv=01;35:*.wmv=01;35:*.asf=01;35:*.rm=01;35:*.rmvb=01;35:*.flc=01;35:*.avi=01;35:*.fli=01;35:*.flv=01;35:*.gl=01;35:*.dl=01;35:*.xcf=01;35:*.xwd=01;35:*.yuv=01;35:*.cgm=01;35:*.emf=01;35:*.ogv=01;35:*.ogx=01;35:*.cfg=00;32:*.conf=00;32:*.diff=00;32:*.doc=00;32:*.ini=00;32:*.log=00;32:*.patch=00;32:*.pdf=00;32:*.ps=00;32:*.tex=00;32:*.txt=00;32:*.aac=00;36:*.au=00;36:*.flac=00;36:*.m4a=00;36:*.mid=00;36:*.midi=00;36:*.mka=00;36:*.mp3=00;36:*.mpc=00;36:*.ogg=00;36:*.ra=00;36:*.wav=00;36:*.oga=00;36:*.opus=00;36:*.spx=00;36:*.xspf=00;36:' XDG_CURRENT_DESKTOP=GNOME INFOPATH=/usr/share/info:/usr/share/gcc-data/x86_64-pc-linux-gnu/10.2.0/info:/usr/share/binutils-data/x86_64-pc-linux-gnu/2.45/info:/usr/share/automake-1.16.5/info JAVAC=/etc/java-config-2/current-system-vm/bin/javac TERM=xterm-256color LESSOPEN='|lesspipe %s' USER=jpmurphy CROS_WORKON_SRCROOT=/mnt/host/source MANPAGER=manpager DISPLAY=:1 SHLVL=1 LC_MESSAGES=C EXTERNAL_TRUNK_PATH=/mnt/8f9d649a-3721-44cc-93c0-e6bd21a9689f/chromiumos GCC_SPECS='' PATH=/mnt/host/source/chromite/bin:/usr/local/bin:/usr/bin:/bin:/opt/bin:/mnt/host/source/chromite/sdk/bin:/mnt/host/source/chromite/bin PORTAGE_USERNAME=jpmurphy SUDO_UID=0 GCC_VER=10.2.0 MAIL=/var/mail/jpmurphy OLDPWD=/mnt/host/source/src/scripts traceparent=00-e87aca51550a78635907baa6a2476181-6d684811675d2973-01 _=./zephyr/firmware_builder.py COREBOOT_SDK_ROOT_x86=/home/jpmurphy/.cache/coreboot-sdk/i386-elf/dfbb0486385d938cfa9d73080b9d18d598ed4f49 COREBOOT_SDK_ROOT_picolibc_x86=/home/jpmurphy/.cache/coreboot-sdk/picolibc-i386-elf/eb8e8e687b95461de8cbf278f1c2076952d0ad17 COREBOOT_SDK_ROOT_riscv64=/home/jpmurphy/.cache/coreboot-sdk/riscv64-elf/96b949749225b6aaa92ed810ab769e8dfb12f000 COREBOOT_SDK_ROOT_picolibc_arm=/home/jpmurphy/.cache/coreboot-sdk/picolibc-arm-eabi/422a2aa3e1ef891b5bece9a3deb696ff83840d2e COREBOOT_SDK_ROOT_nds32=/home/jpmurphy/.cache/coreboot-sdk/nds32le-elf/d1a518c4a097666d86058e1444f85ca015d15511 COREBOOT_SDK_ROOT_picolibc_riscv64=/home/jpmurphy/.cache/coreboot-sdk/picolibc-riscv64-elf/f571e990ef0278564b31124f8bb109d9a697eb69 COREBOOT_SDK_ROOT_arm=/home/jpmurphy/.cache/coreboot-sdk/arm-eabi/ea40ddd1d190c3b48435c474c0b545719371813a COREBOOT_SDK_ROOT_libstdcxx_riscv64=/home/jpmurphy/.cache/coreboot-sdk/libstdcxx-riscv64-elf/17abf22a3a252e2d5d2062ced5324f7a623689e0 COREBOOT_SDK_ROOT_libstdcxx_arm=/home/jpmurphy/.cache/coreboot-sdk/libstdcxx-arm-eabi/5d7d82e150e44aa1968f1d366e267e6687b328ac COREBOOT_SDK_ROOT_riscv=/home/jpmurphy/.cache/coreboot-sdk/riscv-elf/9a27b9e82341c6e9126624f516ab3f261abb3e73 COREBOOT_SDK_ROOT_libstdcxx_x86=/home/jpmurphy/.cache/coreboot-sdk/libstdcxx-i386-elf/42ef9d2e87a76a37963175d7d428734e65648b87 PYTHONPATH=/mnt/host/source/src/platform/ec/zephyr/zmake PW_PIGWEED_CIPD_INSTALL_DIR=/usr CROSTC_USER_ACKNOWLEDGES_THAT_RISCV_IS_EXPERIMENTAL=1 MAKEFLAGS=' -j16 --jobserver-auth=5,6' /usr/bin/ninja -C /mnt/host/source/src/platform/ec/build/zephyr/mtlrvpp_mchp/build-ro all.libraries`
[ciri:rw] [375/377] Building C object zephyr/kernel/CMakeFiles/kernel.dir/dynamic_disabled.c.obj
[ciri:rw] [376/377] Building C object zephyr/kernel/CMakeFiles/kernel.dir/poll.c.obj
[mtlrvpp_mchp:ro] ninja: Entering directory `/mnt/host/source/src/platform/ec/build/zephyr/mtlrvpp_mchp/build-ro'
[/mnt/host/source/src/platform/ec/build/zephyr/obiwan-lcov]   /mnt/host/source/src/platform/ec/build/zephyr/obiwan/build-ro/zephyr/CMakeFiles/zephyr.dir/lib/libc/validate_libc.c.gcno:no functions found
[/mnt/host/source/src/platform/ec/build/zephyr/obiwan-lcov] stderr:
[ciri:ro] [110/377] Building C object zephyr/lib/libc/minimal/CMakeFiles/lib__libc__minimal.dir/source/time/gmtime.c.obj
[ciri:ro] [111/377] Building C object zephyr/lib/libc/common/CMakeFiles/lib__libc__common.dir/source/time/localtime_r_utc.c.obj
[bloonchipper:rw] [28/532] Building C object zephyr/CMakeFiles/zephyr.dir/lib/utils/bitmask.c.obj
[bloonchipper:rw] [29/532] Building C object zephyr/CMakeFiles/zephyr.dir/lib/utils/bitarray.c.obj
[ciri:ro] [112/377] Building C object zephyr/lib/libc/common/CMakeFiles/lib__libc__common.dir/source/time/ctime.c.obj
[ciri:ro] [113/377] Building C object zephyr/lib/libc/common/CMakeFiles/lib__libc__common.dir/source/stdlib/abort.c.obj
[ciri:rw] [377/377] Linking C static library zephyr/kernel/libkernel.a
[mtlrvpp_mchp:rw] Building: /usr/bin/ninja -C /mnt/host/source/src/platform/ec/build/zephyr/mtlrvpp_mchp/build-rw all.libraries
Running `env -i SHELL=/bin/bash COLORTERM=truecolor DEPOT_TOOLS_UPDATE=0 LESS='-R -M --shift 5' SUDO_GID=0 JDK_HOME=/etc/java-config-2/current-system-vm CONFIG_PROTECT_MASK='/etc/gentoo-release /etc/sandbox.d /etc/fonts/fonts.conf /etc/terminfo /etc/ca-certificates.conf /etc/revdep-rebuild' CHROMEOS_CACHEDIR=/var/cache/chromeos-cache JAVA_HOME=/etc/java-config-2/current-system-vm SSH_AUTH_SOCK=/tmp/ssh-auth-sock SUDO_COMMAND=/bin/bash SUDO_USER=root SUDO_TTY=/dev/pts/2 EDITOR=/usr/bin/vi PWD=/mnt/host/source/src/platform/ec CONFIG_PROTECT=/usr/share/gnupg/qualified.txt LOGNAME=jpmurphy MANPATH=/etc/java-config-2/current-system-vm/man:/usr/local/share/man:/usr/share/man:/usr/share/gcc-data/x86_64-pc-linux-gnu/10.2.0/man:/usr/share/binutils-data/x86_64-pc-linux-gnu/2.45/man:/etc/java-config-2/current-system-vm/man/ SUDO_HOME=/root XAUTHORITY=/run/user/944457/gdm/Xauthority HOME=/home/jpmurphy LANG=C.UTF-8 LS_COLORS='rs=0:di=01;34:ln=01;36:mh=00:pi=40;33:so=01;35:do=01;35:bd=40;33;01:cd=40;33;01:or=01;05;37;41:mi=01;05;37;41:su=37;41:sg=30;43:ca=30;41:tw=30;42:ow=34;42:st=37;44:ex=01;32:*.tar=01;31:*.tgz=01;31:*.arc=01;31:*.arj=01;31:*.taz=01;31:*.lha=01;31:*.lz4=01;31:*.lzh=01;31:*.lzma=01;31:*.tlz=01;31:*.txz=01;31:*.tzo=01;31:*.t7z=01;31:*.zip=01;31:*.z=01;31:*.dz=01;31:*.gz=01;31:*.lrz=01;31:*.lz=01;31:*.lzo=01;31:*.xz=01;31:*.zst=01;31:*.tzst=01;31:*.bz2=01;31:*.bz=01;31:*.tbz=01;31:*.tbz2=01;31:*.tz=01;31:*.deb=01;31:*.rpm=01;31:*.jar=01;31:*.war=01;31:*.ear=01;31:*.sar=01;31:*.rar=01;31:*.alz=01;31:*.ace=01;31:*.zoo=01;31:*.cpio=01;31:*.7z=01;31:*.rz=01;31:*.cab=01;31:*.wim=01;31:*.swm=01;31:*.dwm=01;31:*.esd=01;31:*.jpg=01;35:*.jpeg=01;35:*.mjpg=01;35:*.mjpeg=01;35:*.gif=01;35:*.bmp=01;35:*.pbm=01;35:*.pgm=01;35:*.ppm=01;35:*.tga=01;35:*.xbm=01;35:*.xpm=01;35:*.tif=01;35:*.tiff=01;35:*.png=01;35:*.svg=01;35:*.svgz=01;35:*.mng=01;35:*.pcx=01;35:*.mov=01;35:*.mpg=01;35:*.mpeg=01;35:*.m2v=01;35:*.mkv=01;35:*.webm=01;35:*.webp=01;35:*.ogm=01;35:*.mp4=01;35:*.m4v=01;35:*.mp4v=01;35:*.vob=01;35:*.qt=01;35:*.nuv=01;35:*.wmv=01;35:*.asf=01;35:*.rm=01;35:*.rmvb=01;35:*.flc=01;35:*.avi=01;35:*.fli=01;35:*.flv=01;35:*.gl=01;35:*.dl=01;35:*.xcf=01;35:*.xwd=01;35:*.yuv=01;35:*.cgm=01;35:*.emf=01;35:*.ogv=01;35:*.ogx=01;35:*.cfg=00;32:*.conf=00;32:*.diff=00;32:*.doc=00;32:*.ini=00;32:*.log=00;32:*.patch=00;32:*.pdf=00;32:*.ps=00;32:*.tex=00;32:*.txt=00;32:*.aac=00;36:*.au=00;36:*.flac=00;36:*.m4a=00;36:*.mid=00;36:*.midi=00;36:*.mka=00;36:*.mp3=00;36:*.mpc=00;36:*.ogg=00;36:*.ra=00;36:*.wav=00;36:*.oga=00;36:*.opus=00;36:*.spx=00;36:*.xspf=00;36:' XDG_CURRENT_DESKTOP=GNOME INFOPATH=/usr/share/info:/usr/share/gcc-data/x86_64-pc-linux-gnu/10.2.0/info:/usr/share/binutils-data/x86_64-pc-linux-gnu/2.45/info:/usr/share/automake-1.16.5/info JAVAC=/etc/java-config-2/current-system-vm/bin/javac TERM=xterm-256color LESSOPEN='|lesspipe %s' USER=jpmurphy CROS_WORKON_SRCROOT=/mnt/host/source MANPAGER=manpager DISPLAY=:1 SHLVL=1 LC_MESSAGES=C EXTERNAL_TRUNK_PATH=/mnt/8f9d649a-3721-44cc-93c0-e6bd21a9689f/chromiumos GCC_SPECS='' PATH=/mnt/host/source/chromite/bin:/usr/local/bin:/usr/bin:/bin:/opt/bin:/mnt/host/source/chromite/sdk/bin:/mnt/host/source/chromite/bin PORTAGE_USERNAME=jpmurphy SUDO_UID=0 GCC_VER=10.2.0 MAIL=/var/mail/jpmurphy OLDPWD=/mnt/host/source/src/scripts traceparent=00-e87aca51550a78635907baa6a2476181-6d684811675d2973-01 _=./zephyr/firmware_builder.py COREBOOT_SDK_ROOT_x86=/home/jpmurphy/.cache/coreboot-sdk/i386-elf/dfbb0486385d938cfa9d73080b9d18d598ed4f49 COREBOOT_SDK_ROOT_picolibc_x86=/home/jpmurphy/.cache/coreboot-sdk/picolibc-i386-elf/eb8e8e687b95461de8cbf278f1c2076952d0ad17 COREBOOT_SDK_ROOT_riscv64=/home/jpmurphy/.cache/coreboot-sdk/riscv64-elf/96b949749225b6aaa92ed810ab769e8dfb12f000 COREBOOT_SDK_ROOT_picolibc_arm=/home/jpmurphy/.cache/coreboot-sdk/picolibc-arm-eabi/422a2aa3e1ef891b5bece9a3deb696ff83840d2e COREBOOT_SDK_ROOT_nds32=/home/jpmurphy/.cache/coreboot-sdk/nds32le-elf/d1a518c4a097666d86058e1444f85ca015d15511 COREBOOT_SDK_ROOT_picolibc_riscv64=/home/jpmurphy/.cache/coreboot-sdk/picolibc-riscv64-elf/f571e990ef0278564b31124f8bb109d9a697eb69 COREBOOT_SDK_ROOT_arm=/home/jpmurphy/.cache/coreboot-sdk/arm-eabi/ea40ddd1d190c3b48435c474c0b545719371813a COREBOOT_SDK_ROOT_libstdcxx_riscv64=/home/jpmurphy/.cache/coreboot-sdk/libstdcxx-riscv64-elf/17abf22a3a252e2d5d2062ced5324f7a623689e0 COREBOOT_SDK_ROOT_libstdcxx_arm=/home/jpmurphy/.cache/coreboot-sdk/libstdcxx-arm-eabi/5d7d82e150e44aa1968f1d366e267e6687b328ac COREBOOT_SDK_ROOT_riscv=/home/jpmurphy/.cache/coreboot-sdk/riscv-elf/9a27b9e82341c6e9126624f516ab3f261abb3e73 COREBOOT_SDK_ROOT_libstdcxx_x86=/home/jpmurphy/.cache/coreboot-sdk/libstdcxx-i386-elf/42ef9d2e87a76a37963175d7d428734e65648b87 PYTHONPATH=/mnt/host/source/src/platform/ec/zephyr/zmake PW_PIGWEED_CIPD_INSTALL_DIR=/usr CROSTC_USER_ACKNOWLEDGES_THAT_RISCV_IS_EXPERIMENTAL=1 MAKEFLAGS=' -j16 --jobserver-auth=5,6' /usr/bin/ninja -C /mnt/host/source/src/platform/ec/build/zephyr/mtlrvpp_mchp/build-rw all.libraries`
[ciri:ro] [114/377] Linking C static library zephyr/lib/libc/minimal/liblib__libc__minimal.a
[mtlrvpp_mchp:rw] ninja: Entering directory `/mnt/host/source/src/platform/ec/build/zephyr/mtlrvpp_mchp/build-rw'
[ciri:ro] [115/377] Building C object zephyr/lib/libc/common/CMakeFiles/lib__libc__common.dir/source/string/strnlen.c.obj
[bloonchipper:rw] [30/532] Building C object zephyr/CMakeFiles/zephyr.dir/misc/generated/configs.c.obj
[bloonchipper:rw] [31/532] Building C object zephyr/CMakeFiles/zephyr.dir/lib/utils/last_section_id.c.obj
[bloonchipper:rw] [32/532] Building C object zephyr/CMakeFiles/zephyr.dir/lib/utils/ring_buffer.c.obj
[ciri:ro] [116/377] Building C object zephyr/lib/posix/c_lib_ext/CMakeFiles/lib__posix__c_lib_ext.dir/fnmatch.c.obj
[ciri:ro] [117/377] Building C object zephyr/lib/libc/common/CMakeFiles/lib__libc__common.dir/source/time/time.c.obj
[kodkod:ro] [29/382] Building C object CMakeFiles/app.dir/mnt/host/source/src/platform/ec/zephyr/subsys/pd_controller/pdc_console.c.obj
[ciri:ro] [118/377] Building C object zephyr/subsys/crc/CMakeFiles/subsys__crc.dir/crc4_sw.c.obj
[mtlrvpp_mchp:ro] [1/393] Generating include/generated/zephyr/version.h
[mtlrvpp_mchp:ro] -- git describe warned: warning: tag 'upstream/v2.7.99' is externally known as 'v2.7.99'
[mtlrvpp_mchp:ro] -- Zephyr version: 4.3.99 (/mnt/host/source/src/third_party/zephyr/main)
[mtlrvpp_mchp:ro] [2/393] Preparing syscall dependency handling
[kodkod:ro] [30/382] Building C object CMakeFiles/app.dir/mnt/host/source/src/platform/ec/zephyr/subsys/pd_controller/pdc_host_cmd.c.obj
[bloonchipper:rw] [33/532] Building C object zephyr/CMakeFiles/zephyr.dir/lib/utils/getopt/getopt_common.c.obj
[mtlrvpp_mchp:ro] [3/393] Generating misc/generated/syscalls_subdirs.trigger
[ciri:ro] [119/377] Building C object zephyr/subsys/crc/CMakeFiles/subsys__crc.dir/crc8_sw.c.obj
[ciri:ro] [120/377] Building C object zephyr/lib/libc/common/CMakeFiles/lib__libc__common.dir/source/stdlib/malloc.c.obj
[bloonchipper:rw] [34/532] Building C object zephyr/CMakeFiles/zephyr.dir/lib/utils/getopt/getopt.c.obj
[kodkod:ro] [31/382] Building C object CMakeFiles/app.dir/mnt/host/source/src/platform/ec/zephyr/subsys/pd_controller/pdc_stub.c.obj
[ciri:ro] [121/377] Linking C static library zephyr/lib/libc/common/liblib__libc__common.a
[mtlrvpp_mchp:rw] [1/393] Generating include/generated/zephyr/version.h
[mtlrvpp_mchp:rw] -- git describe warned: warning: tag 'upstream/v2.7.99' is externally known as 'v2.7.99'
[mtlrvpp_mchp:rw] -- Zephyr version: 4.3.99 (/mnt/host/source/src/third_party/zephyr/main)
[mtlrvpp_mchp:rw] [2/393] Preparing syscall dependency handling
[ciri:ro] [122/377] Building C object zephyr/lib/posix/c_lib_ext/CMakeFiles/lib__posix__c_lib_ext.dir/getentropy.c.obj
[ciri:ro] [123/377] Building C object zephyr/subsys/crc/CMakeFiles/subsys__crc.dir/crc16_sw.c.obj
[mtlrvpp_mchp:rw] [3/393] Generating misc/generated/syscalls_subdirs.trigger
[ciri:ro] [124/377] Building C object zephyr/subsys/crc/CMakeFiles/subsys__crc.dir/crc7_sw.c.obj
[ciri:ro] [125/377] Building C object zephyr/subsys/crc/CMakeFiles/subsys__crc.dir/crc32c_sw.c.obj
[bloonchipper:rw] [35/532] Building C object zephyr/CMakeFiles/zephyr.dir/soc/st/stm32/common/stm32cube_hal.c.obj
[ciri:ro] [126/377] Building C object zephyr/subsys/crc/CMakeFiles/subsys__crc.dir/crc24_sw.c.obj
[ciri:ro] [127/377] Building C object zephyr/lib/posix/c_lib_ext/CMakeFiles/lib__posix__c_lib_ext.dir/getopt_shim.c.obj
[ciri:ro] [128/377] Linking C static library zephyr/lib/posix/c_lib_ext/liblib__posix__c_lib_ext.a
[bloonchipper:rw] [36/532] Building C object zephyr/CMakeFiles/zephyr.dir/soc/st/stm32/common/soc_config.c.obj
[ciri:ro] [129/377] Building C object zephyr/subsys/crc/CMakeFiles/subsys__crc.dir/crc32_sw.c.obj
[ciri:ro] [130/377] Building C object zephyr/subsys/crc/CMakeFiles/subsys__crc.dir/crc32k_4_2_sw.c.obj
[kodkod:ro] [32/382] Building C object CMakeFiles/app.dir/mnt/host/source/src/platform/ec/zephyr/subsys/pd_controller/pdc_dpm.c.obj
[ciri:ro] [131/377] Linking C static library zephyr/subsys/crc/libsubsys__crc.a
[bloonchipper:rw] [37/532] Building C object zephyr/CMakeFiles/zephyr.dir/soc/st/stm32/common/stm32_backup_domain.c.obj
[kodkod:ro] [33/382] Building C object CMakeFiles/app.dir/mnt/host/source/src/platform/ec/zephyr/subsys/ucsi/ppm_common.c.obj
[/mnt/host/source/src/platform/ec/build/zephyr/obiwan-lcov]   /mnt/host/source/src/platform/ec/build/zephyr/obiwan/build-ro/zephyr/CMakeFiles/zephyr.dir/lib/utils/last_section_id.c.gcno:no functions found
[/mnt/host/source/src/platform/ec/build/zephyr/obiwan-lcov] stderr:
[mtlrvpp_mchp:ro] [4/393] Generating misc/generated/syscalls.json, misc/generated/struct_tags.json
[bloonchipper:rw] [38/532] Building C object zephyr/CMakeFiles/zephyr.dir/soc/st/stm32/stm32f4x/soc.c.obj
[kodkod:ro] [34/382] Building C object CMakeFiles/app.dir/mnt/host/source/src/platform/ec/zephyr/subsys/ucsi/ppm_console.c.obj
[mtlrvpp_mchp:ro] [5/393] Generating include/generated/zephyr/syscall_dispatch.c, include/generated/zephyr/syscall_exports_llext.c, syscall_weakdefs_llext.c, include/generated/zephyr/syscall_list.h
[bloonchipper:rw] [39/532] Building C object zephyr/CMakeFiles/zephyr.dir/soc/st/stm32/stm32f4x/power.c.obj
[bloonchipper:rw] [40/532] Building C object zephyr/CMakeFiles/zephyr.dir/subsys/logging/log_cache.c.obj
[mtlrvpp_mchp:ro] [6/393] Generating include/generated/zephyr/driver-validation.h
[ciri:ro] [132/377] Building C object zephyr/drivers/interrupt_controller/CMakeFiles/drivers__interrupt_controller.dir/intc_ite_it8xxx2.c.obj
[ciri:ro] [133/377] Building C object zephyr/drivers/interrupt_controller/CMakeFiles/drivers__interrupt_controller.dir/wuc_ite_it8xxx2.c.obj
[ciri:ro] [134/377] Linking C static library zephyr/drivers/interrupt_controller/libdrivers__interrupt_controller.a
[ciri:ro] [135/377] Building C object zephyr/drivers/adc/CMakeFiles/drivers__adc.dir/adc_common.c.obj
[bloonchipper:rw] [41/532] Building C object zephyr/CMakeFiles/zephyr.dir/subsys/logging/log_core.c.obj
[mtlrvpp_mchp:rw] [4/393] Generating misc/generated/syscalls.json, misc/generated/struct_tags.json
[mtlrvpp_mchp:ro] [7/393] Generating include/generated/zephyr/kobj-types-enum.h, include/generated/zephyr/otype-to-str.h, include/generated/zephyr/otype-to-size.h
[bloonchipper:rw] [42/532] Building C object zephyr/CMakeFiles/zephyr.dir/subsys/logging/log_mgmt.c.obj
[kodkod:ro] [35/382] Building C object CMakeFiles/app.dir/mnt/host/source/src/platform/ec/zephyr/subsys/ucsi/ppm_driver.c.obj
[mtlrvpp_mchp:ro] [8/393] Generating include/generated/device-api-sections.ld, include/generated/device-api-sections.cmake
[mtlrvpp_mchp:rw] [5/393] Generating include/generated/zephyr/syscall_dispatch.c, include/generated/zephyr/syscall_exports_llext.c, syscall_weakdefs_llext.c, include/generated/zephyr/syscall_list.h
[kodkod:ro] [36/382] Building C object CMakeFiles/app.dir/mnt/host/source/src/platform/ec/zephyr/subsys/ucsi/ucsi_host_cmd.c.obj
[kodkod:ro] [37/382] Building C object CMakeFiles/app.dir/mnt/host/source/src/platform/ec/build/zephyr/kodkod/modules/ec/builtin/stdlib.c.obj
[ciri:ro] [136/377] Building C object zephyr/drivers/adc/CMakeFiles/drivers__adc.dir/adc_ite_it8xxx2.c.obj
[bloonchipper:rw] [43/532] Building C object zephyr/CMakeFiles/zephyr.dir/subsys/logging/log_msg.c.obj
[mtlrvpp_mchp:rw] [6/393] Generating include/generated/zephyr/driver-validation.h
[ciri:ro] [137/377] Linking C static library zephyr/drivers/adc/libdrivers__adc.a
[/mnt/host/source/src/platform/ec/build/zephyr/wugtrio-lcov]   /mnt/host/source/src/platform/ec/build/zephyr/wugtrio/build-rw/CMakeFiles/app.dir/mnt/host/source/src/platform/ec/build/zephyr/wugtrio/modules/ec/common/cbi_config.c.gcno:no functions found
[/mnt/host/source/src/platform/ec/build/zephyr/wugtrio-lcov] stderr:
[ciri:ro] [138/377] Building C object zephyr/drivers/console/CMakeFiles/drivers__console.dir/uart_console.c.obj
[mtlrvpp_mchp:rw] [7/393] Generating include/generated/zephyr/kobj-types-enum.h, include/generated/zephyr/otype-to-str.h, include/generated/zephyr/otype-to-size.h
[ciri:ro] [139/377] Linking C static library zephyr/drivers/console/libdrivers__console.a
[ciri:ro] [140/377] Building C object zephyr/drivers/bbram/CMakeFiles/drivers__bbram.dir/bbram_it8xxx2.c.obj
[mtlrvpp_mchp:rw] [8/393] Generating include/generated/device-api-sections.ld, include/generated/device-api-sections.cmake
[bloonchipper:rw] [44/532] Building C object zephyr/CMakeFiles/zephyr.dir/subsys/logging/log_output_custom.c.obj
[ciri:ro] [141/377] Linking C static library zephyr/drivers/bbram/libdrivers__bbram.a
[bloonchipper:rw] [45/532] Building C object zephyr/CMakeFiles/zephyr.dir/subsys/logging/log_output.c.obj
[ciri:ro] [142/377] Building C object zephyr/drivers/eeprom/CMakeFiles/drivers__eeprom.dir/eeprom_shell.c.obj
[kodkod:ro] [38/382] Building C object CMakeFiles/app.dir/mnt/host/source/src/platform/ec/build/zephyr/kodkod/modules/ec/common/base32.c.obj
[bloonchipper:rw] [46/532] Building C object zephyr/CMakeFiles/zephyr.dir/subsys/mem_mgmt/mem_attr.c.obj
[mtlrvpp_mchp:ro] [9/393] Building C object zephyr/CMakeFiles/offsets.dir/arch/arm/core/offsets/offsets.c.obj
[bloonchipper:rw] [47/532] Building C object zephyr/CMakeFiles/zephyr.dir/subsys/pm/state.c.obj
[kodkod:ro] [39/382] Building C object CMakeFiles/app.dir/mnt/host/source/src/platform/ec/build/zephyr/kodkod/modules/ec/common/ec_features.c.obj
[kodkod:ro] [40/382] Building C object CMakeFiles/app.dir/mnt/host/source/src/platform/ec/build/zephyr/kodkod/modules/ec/common/console_output.c.obj
[bloonchipper:rw] [48/532] Building C object zephyr/CMakeFiles/zephyr.dir/subsys/pm/pm.c.obj
[mtlrvpp_mchp:ro] [10/393] Generating include/generated/zephyr/offsets.h
[mtlrvpp_mchp:rw] [9/393] Building C object zephyr/CMakeFiles/offsets.dir/arch/arm/core/offsets/offsets.c.obj
[ciri:ro] [143/377] Building C object zephyr/drivers/eeprom/CMakeFiles/drivers__eeprom.dir/eeprom_at2x.c.obj
[ciri:ro] [144/377] Linking C static library zephyr/drivers/eeprom/libdrivers__eeprom.a
[ciri:ro] [145/377] Building C object zephyr/drivers/flash/CMakeFiles/drivers__flash.dir/flash_ite_it8xxx2.c.obj
[bloonchipper:rw] [49/532] Building C object zephyr/CMakeFiles/zephyr.dir/subsys/pm/policy/policy_latency.c.obj
[kodkod:ro] [41/382] Building C object CMakeFiles/app.dir/mnt/host/source/src/platform/ec/build/zephyr/kodkod/modules/ec/common/gpio_commands.c.obj
[ciri:ro] [146/377] Linking C static library zephyr/drivers/flash/libdrivers__flash.a
[ciri:ro] [147/377] Building C object zephyr/drivers/gpio/CMakeFiles/drivers__gpio.dir/gpio_kscan_ite_it8xxx2.c.obj
[/mnt/host/source/src/platform/ec/build/zephyr/wugtrio-lcov]   /mnt/host/source/src/platform/ec/build/zephyr/wugtrio/build-rw/zephyr/arch/arch/riscv/core/CMakeFiles/arch__riscv__core.dir/cpu_idle.c.gcno:no functions found
[/mnt/host/source/src/platform/ec/build/zephyr/wugtrio-lcov] stderr:
[bloonchipper:rw] [50/532] Building C object zephyr/CMakeFiles/zephyr.dir/subsys/pm/policy/policy_state_lock.c.obj
[bloonchipper:rw] [51/532] Building C object zephyr/CMakeFiles/zephyr.dir/subsys/pm/policy/policy_events.c.obj
[mtlrvpp_mchp:rw] [10/393] Generating include/generated/zephyr/offsets.h
[kodkod:ro] [42/382] Building C object CMakeFiles/app.dir/mnt/host/source/src/platform/ec/build/zephyr/kodkod/modules/ec/common/peripheral.c.obj
[mtlrvpp_mchp:ro] [11/393] Building C object zephyr/CMakeFiles/zephyr.dir/lib/libc/validate_libc.c.obj
[ciri:ro] [148/377] Building C object zephyr/drivers/gpio/CMakeFiles/drivers__gpio.dir/gpio_ite_it8xxx2.c.obj
[ciri:ro] [149/377] Linking C static library zephyr/drivers/gpio/libdrivers__gpio.a
[kodkod:ro] [43/382] Building C object CMakeFiles/app.dir/mnt/host/source/src/platform/ec/build/zephyr/kodkod/modules/ec/common/printf.c.obj
[bloonchipper:rw] [52/532] Building C object zephyr/CMakeFiles/zephyr.dir/subsys/pm/device.c.obj
[bloonchipper:rw] [53/532] Building C object zephyr/CMakeFiles/zephyr.dir/subsys/pm/policy/policy_default.c.obj
[ciri:ro] [150/377] Building C object zephyr/drivers/i2c/CMakeFiles/drivers__i2c.dir/i2c_common.c.obj
[mtlrvpp_mchp:rw] [11/393] Building C object zephyr/CMakeFiles/zephyr.dir/lib/libc/validate_libc.c.obj
[kodkod:ro] [44/382] Building C object CMakeFiles/app.dir/mnt/host/source/src/platform/ec/build/zephyr/kodkod/modules/ec/common/queue.c.obj
[ciri:ro] [151/377] Building C object zephyr/drivers/i2c/CMakeFiles/drivers__i2c.dir/i2c_bitbang.c.obj
[bloonchipper:rw] [54/532] Building C object zephyr/CMakeFiles/zephyr.dir/subsys/pm/device_system_managed.c.obj
[bloonchipper:rw] [55/532] Building C object zephyr/CMakeFiles/zephyr.dir/subsys/tracing/tracing_none.c.obj
[ciri:ro] [152/377] Building C object zephyr/drivers/i2c/CMakeFiles/drivers__i2c.dir/i2c_shell.c.obj
[kodkod:ro] [45/382] Building C object CMakeFiles/app.dir/mnt/host/source/src/platform/ec/build/zephyr/kodkod/modules/ec/common/system_boot_time.c.obj
[bloonchipper:rw] [56/532] Building C object zephyr/CMakeFiles/zephyr.dir/subsys/testsuite/coverage/coverage.c.obj
[kodkod:ro] [46/382] Building C object CMakeFiles/app.dir/mnt/host/source/src/platform/ec/build/zephyr/kodkod/modules/ec/common/system.c.obj
[mtlrvpp_mchp:ro] [12/393] Building C object zephyr/CMakeFiles/zephyr.dir/lib/heap/heap.c.obj
[bloonchipper:rw] [57/532] Building C object zephyr/CMakeFiles/zephyr.dir/subsys/shell/modules/kernel_service/kernel_shell.c.obj
[/mnt/host/source/src/platform/ec/build/zephyr/wugtrio-lcov]   /mnt/host/source/src/platform/ec/build/zephyr/wugtrio/build-rw/zephyr/arch/common/CMakeFiles/isr_tables.dir/isr_tables.c.gcno:no functions found
[/mnt/host/source/src/platform/ec/build/zephyr/wugtrio-lcov] stderr:
[bloonchipper:rw] [58/532] Building C object zephyr/CMakeFiles/zephyr.dir/subsys/shell/modules/kernel_service/cycles.c.obj
[ciri:ro] [153/377] Building C object zephyr/drivers/i2c/CMakeFiles/drivers__i2c.dir/i2c_ite_enhance.c.obj
[kodkod:ro] [47/382] Building C object CMakeFiles/app.dir/mnt/host/source/src/platform/ec/build/zephyr/kodkod/modules/ec/common/uart_printf.c.obj
[mtlrvpp_mchp:rw] [12/393] Building C object zephyr/CMakeFiles/zephyr.dir/lib/heap/heap.c.obj
[ciri:ro] [154/377] Building C object zephyr/drivers/pinctrl/CMakeFiles/drivers__pinctrl.dir/common.c.obj
[kodkod:ro] [48/382] Building C object CMakeFiles/app.dir/mnt/host/source/src/platform/ec/build/zephyr/kodkod/modules/ec/common/util.c.obj
[kodkod:ro] [49/382] Building C object CMakeFiles/app.dir/mnt/host/source/src/platform/ec/build/zephyr/kodkod/modules/ec/common/version.c.obj
[bloonchipper:rw] [59/532] Building C object zephyr/CMakeFiles/zephyr.dir/subsys/shell/modules/kernel_service/sleep.c.obj
[bloonchipper:rw] [60/532] Building C object zephyr/CMakeFiles/zephyr.dir/subsys/shell/modules/kernel_service/uptime.c.obj
[bloonchipper:rw] [61/532] Building C object zephyr/CMakeFiles/zephyr.dir/subsys/shell/modules/kernel_service/version.c.obj
[ciri:ro] [155/377] Building C object zephyr/drivers/i2c/CMakeFiles/drivers__i2c.dir/i2c_ite_it8xxx2.c.obj
[mtlrvpp_mchp:ro] [13/393] Building C object zephyr/CMakeFiles/zephyr.dir/lib/os/cbprintf_packaged.c.obj
[ciri:ro] [156/377] Building C object zephyr/drivers/pinctrl/CMakeFiles/drivers__pinctrl.dir/pinctrl_ite_it8xxx2.c.obj
[ciri:ro] [157/377] Linking C static library zephyr/drivers/i2c/libdrivers__i2c.a
[ciri:ro] [158/377] Linking C static library zephyr/drivers/pinctrl/libdrivers__pinctrl.a
[bloonchipper:rw] [62/532] Building C object zephyr/CMakeFiles/zephyr.dir/subsys/shell/modules/kernel_service/reboot.c.obj
[ciri:ro] [159/377] Building C object zephyr/drivers/pwm/CMakeFiles/drivers__pwm.dir/pwm_shell.c.obj
[kodkod:ro] [50/382] Building C object CMakeFiles/app.dir/mnt/host/source/src/platform/ec/build/zephyr/kodkod/modules/ec/common/power_button_x86.c.obj
[bloonchipper:rw] [63/532] Building C object zephyr/CMakeFiles/zephyr.dir/subsys/shell/backends/shell_uart.c.obj
[mtlrvpp_mchp:rw] [13/393] Building C object zephyr/CMakeFiles/zephyr.dir/lib/os/cbprintf_packaged.c.obj
[ciri:ro] [160/377] Building C object zephyr/drivers/pwm/CMakeFiles/drivers__pwm.dir/pwm_ite_it8xxx2.c.obj
[kodkod:ro] [51/382] Building C object CMakeFiles/app.dir/mnt/host/source/src/platform/ec/build/zephyr/kodkod/modules/ec/common/adc.c.obj
[ciri:ro] [161/377] Linking C static library zephyr/drivers/pwm/libdrivers__pwm.a
[kodkod:ro] [52/382] Building C object CMakeFiles/app.dir/mnt/host/source/src/platform/ec/build/zephyr/kodkod/modules/ec/common/acpi.c.obj
[bloonchipper:rw] [64/532] Building C object zephyr/CMakeFiles/zephyr.dir/subsys/shell/shell_fprintf.c.obj
[bloonchipper:rw] [65/532] Building C object zephyr/CMakeFiles/zephyr.dir/subsys/shell/shell.c.obj
[bloonchipper:rw] [66/532] Building C object zephyr/CMakeFiles/zephyr.dir/subsys/shell/shell_utils.c.obj
[mtlrvpp_mchp:ro] [14/393] Building C object zephyr/CMakeFiles/zephyr.dir/lib/os/clock.c.obj
[ciri:ro] [162/377] Building C object zephyr/drivers/timer/CMakeFiles/drivers__timer.dir/sys_clock_init.c.obj
[ciri:ro] [163/377] Building C object zephyr/drivers/serial/CMakeFiles/drivers__serial.dir/uart_ite_it8xxx2.c.obj
[ciri:ro] [164/377] Building C object zephyr/drivers/serial/CMakeFiles/drivers__serial.dir/uart_ns16550.c.obj
[bloonchipper:rw] [67/532] Building C object zephyr/CMakeFiles/zephyr.dir/subsys/shell/shell_ops.c.obj
[ciri:ro] [165/377] Linking C static library zephyr/drivers/serial/libdrivers__serial.a
[kodkod:ro] [53/382] Building C object CMakeFiles/app.dir/mnt/host/source/src/platform/ec/build/zephyr/kodkod/modules/ec/common/battery.c.obj
[mtlrvpp_mchp:rw] [14/393] Building C object zephyr/CMakeFiles/zephyr.dir/lib/os/clock.c.obj
[kodkod:ro] [54/382] Building C object CMakeFiles/app.dir/mnt/host/source/src/platform/ec/build/zephyr/kodkod/modules/ec/common/battery_info.c.obj
[bloonchipper:rw] [68/532] Building C object zephyr/CMakeFiles/zephyr.dir/subsys/shell/shell_log_backend.c.obj
[kodkod:ro] [55/382] Building C object CMakeFiles/app.dir/mnt/host/source/src/platform/ec/build/zephyr/kodkod/modules/ec/common/battery_fuel_gauge.c.obj
[ciri:ro] [166/377] Building C object zephyr/drivers/timer/CMakeFiles/drivers__timer.dir/ite_it8xxx2_timer.c.obj
[ciri:ro] [167/377] Linking C static library zephyr/drivers/timer/libdrivers__timer.a
[mtlrvpp_mchp:ro] [15/393] Building C object zephyr/CMakeFiles/zephyr.dir/lib/os/printk.c.obj
[bloonchipper:rw] [69/532] Building C object zephyr/CMakeFiles/zephyr.dir/subsys/shell/shell_history.c.obj
[bloonchipper:rw] [70/532] Building C object zephyr/CMakeFiles/zephyr.dir/subsys/shell/shell_help.c.obj
[bloonchipper:rw] [71/532] Building C object zephyr/CMakeFiles/zephyr.dir/drivers/flash/flash_util.c.obj
[ciri:ro] [168/377] Building C object zephyr/drivers/watchdog/CMakeFiles/drivers__watchdog.dir/wdt_ite_it8xxx2.c.obj
[ciri:ro] [169/377] Building C object zephyr/drivers/watchdog/CMakeFiles/drivers__watchdog.dir/wdt_shell.c.obj
[bloonchipper:rw] [72/532] Building C object zephyr/arch/common/CMakeFiles/arch__common.dir/init.c.obj
[ciri:ro] [170/377] Linking C static library zephyr/drivers/watchdog/libdrivers__watchdog.a
[bloonchipper:rw] [73/532] Building C object zephyr/arch/common/CMakeFiles/arch__common.dir/sw_isr_common.c.obj
[mtlrvpp_mchp:rw] [15/393] Building C object zephyr/CMakeFiles/zephyr.dir/lib/os/printk.c.obj
[kodkod:ro] [56/382] Building C object CMakeFiles/app.dir/mnt/host/source/src/platform/ec/build/zephyr/kodkod/modules/ec/driver/battery/smart.c.obj
[kodkod:ro] [57/382] Building C object CMakeFiles/app.dir/mnt/host/source/src/platform/ec/build/zephyr/kodkod/modules/ec/driver/charger/bq25710.c.obj
[kodkod:ro] [58/382] Building C object CMakeFiles/app.dir/mnt/host/source/src/platform/ec/build/zephyr/kodkod/modules/ec/common/charger.c.obj
[ciri:ro] [171/377] Building C object modules/ec/zephyr/CMakeFiles/ec_shim.dir/app/ec/ec_app_main.c.obj
[bloonchipper:rw] [74/532] Building C object zephyr/arch/common/CMakeFiles/arch__common.dir/xip.c.obj
[mtlrvpp_mchp:ro] [16/393] Building C object zephyr/CMakeFiles/zephyr.dir/lib/os/sem.c.obj
[ciri:ro] [172/377] Building C object modules/ec/zephyr/CMakeFiles/ec_shim.dir/app/ec/main_shim.c.obj
[bloonchipper:rw] [75/532] Building ASM object zephyr/arch/arch/arm/core/CMakeFiles/arch__arm__core.dir/nmi_on_reset.S.obj
[bloonchipper:rw] [76/532] Building C object zephyr/arch/common/CMakeFiles/isr_tables.dir/isr_tables.c.obj
[bloonchipper:rw] [77/532] Building C object zephyr/arch/arch/arm/core/CMakeFiles/arch__arm__core.dir/__aeabi_atexit.c.obj
[bloonchipper:rw] [78/532] Linking C static library zephyr/arch/common/libisr_tables.a
[bloonchipper:rw] [79/532] Building C object zephyr/arch/arch/arm/core/CMakeFiles/arch__arm__core.dir/fatal.c.obj
[bloonchipper:rw] [80/532] Linking C static library zephyr/arch/common/libarch__common.a
[bloonchipper:rw] [81/532] Building C object zephyr/arch/arch/arm/core/CMakeFiles/arch__arm__core.dir/nmi.c.obj
[bloonchipper:rw] [82/532] Linking C static library zephyr/arch/arch/arm/core/libarch__arm__core.a
[ciri:ro] [173/377] Building C object modules/ec/zephyr/CMakeFiles/ec_shim.dir/drivers/cros_kb_raw/cros_kb_raw_ite.c.obj
[ciri:ro] [174/377] Building C object modules/ec/zephyr/CMakeFiles/ec_shim.dir/drivers/cros_flash/cros_flash_it8xxx2.c.obj
[mtlrvpp_mchp:rw] [16/393] Building C object zephyr/CMakeFiles/zephyr.dir/lib/os/sem.c.obj
[kodkod:ro] [59/382] Building C object CMakeFiles/app.dir/mnt/host/source/src/platform/ec/build/zephyr/kodkod/modules/ec/common/charge_state.c.obj
[bloonchipper:rw] [83/532] Building ASM object zephyr/arch/arch/arm/core/cortex_m/CMakeFiles/arch__arm__core__cortex_m.dir/fault_s.S.obj
[kodkod:ro] [60/382] Building C object CMakeFiles/app.dir/mnt/host/source/src/platform/ec/build/zephyr/kodkod/modules/ec/common/cbi_common.c.obj
[mtlrvpp_mchp:ro] [17/393] Building C object zephyr/CMakeFiles/zephyr.dir/lib/os/thread_entry.c.obj
[kodkod:ro] [61/382] Building C object CMakeFiles/app.dir/mnt/host/source/src/platform/ec/build/zephyr/kodkod/modules/ec/common/charge_manager.c.obj
[bloonchipper:rw] [84/532] Building C object zephyr/arch/arch/arm/core/cortex_m/CMakeFiles/arch__arm__core__cortex_m.dir/exc_exit.c.obj
[ciri:ro] [175/377] Building C object modules/ec/zephyr/CMakeFiles/ec_shim.dir/drivers/cros_system/cros_system_it8xxx2.c.obj
[ciri:ro] [176/377] Building C object modules/ec/zephyr/CMakeFiles/ec_shim.dir/drivers/cros_shi/cros_shi_it8xxx2.c.obj
[bloonchipper:rw] [85/532] Building C object zephyr/arch/arch/arm/core/cortex_m/CMakeFiles/arch__arm__core__cortex_m.dir/fpu.c.obj
[bloonchipper:rw] [86/532] Building C object zephyr/arch/arch/arm/core/cortex_m/CMakeFiles/arch__arm__core__cortex_m.dir/fault.c.obj
[kodkod:ro] [62/382] Building C object CMakeFiles/app.dir/mnt/host/source/src/platform/ec/build/zephyr/kodkod/modules/ec/common/cbi.c.obj
[mtlrvpp_mchp:rw] [17/393] Building C object zephyr/CMakeFiles/zephyr.dir/lib/os/thread_entry.c.obj
[kodkod:ro] [63/382] Building C object CMakeFiles/app.dir/mnt/host/source/src/platform/ec/build/zephyr/kodkod/modules/ec/common/cbi_config.c.obj
[mtlrvpp_mchp:ro] [18/393] Building C object zephyr/CMakeFiles/zephyr.dir/lib/os/cbprintf_nano.c.obj
[bloonchipper:rw] [87/532] Building ASM object zephyr/arch/arch/arm/core/cortex_m/CMakeFiles/arch__arm__core__cortex_m.dir/reset.S.obj
[bloonchipper:rw] [88/532] Building C object zephyr/arch/arch/arm/core/cortex_m/CMakeFiles/arch__arm__core__cortex_m.dir/scb.c.obj
[/mnt/host/source/src/platform/ec/build/zephyr/wugtrio-lcov]   /mnt/host/source/src/platform/ec/build/zephyr/wugtrio/build-rw/zephyr/CMakeFiles/zephyr.dir/subsys/shell/modules/kernel_service/kernel_shell.c.gcno:no functions found
[/mnt/host/source/src/platform/ec/build/zephyr/wugtrio-lcov] stderr:
[ciri:ro] [177/377] Building C object modules/ec/zephyr/CMakeFiles/ec_shim.dir/drivers/one_wire_uart/one_wire_uart.c.obj
[ciri:ro] [178/377] Building C object modules/ec/zephyr/CMakeFiles/ec_shim.dir/drivers/one_wire_uart/hid_over_i2c_target.c.obj
[kodkod:ro] [64/382] Building C object CMakeFiles/app.dir/mnt/host/source/src/platform/ec/build/zephyr/kodkod/modules/ec/common/memory_commands.c.obj
[bloonchipper:rw] [89/532] Building C object zephyr/arch/arch/arm/core/cortex_m/CMakeFiles/arch__arm__core__cortex_m.dir/thread_abort.c.obj
[bloonchipper:rw] [90/532] Building ASM object zephyr/arch/arch/arm/core/cortex_m/CMakeFiles/arch__arm__core__cortex_m.dir/vector_table.S.obj
[ciri:ro] [179/377] Building C object modules/ec/zephyr/CMakeFiles/ec_shim.dir/shim/chip/it8xxx2/clock.c.obj
[/mnt/host/source/src/platform/ec/build/zephyr/wugtrio-lcov]   /mnt/host/source/src/platform/ec/build/zephyr/wugtrio/build-rw/zephyr/CMakeFiles/zephyr.dir/lib/libc/validate_libc.c.gcno:no functions found
[/mnt/host/source/src/platform/ec/build/zephyr/wugtrio-lcov] stderr:
[mtlrvpp_mchp:ro] [19/393] Building C object zephyr/CMakeFiles/zephyr.dir/lib/os/cbprintf.c.obj
[mtlrvpp_mchp:rw] [18/393] Building C object zephyr/CMakeFiles/zephyr.dir/lib/os/cbprintf_nano.c.obj
[ciri:ro] [180/377] Building C object modules/ec/zephyr/CMakeFiles/ec_shim.dir/drivers/one_wire_uart/tablet.c.obj
[kodkod:ro] [65/382] Building C object CMakeFiles/app.dir/mnt/host/source/src/platform/ec/build/zephyr/kodkod/modules/ec/common/dptf.c.obj
[kodkod:ro] [66/382] Building C object CMakeFiles/app.dir/mnt/host/source/src/platform/ec/build/zephyr/kodkod/modules/ec/common/ap_reset_log.c.obj
[bloonchipper:rw] [91/532] Building C object zephyr/arch/arch/arm/core/cortex_m/CMakeFiles/arch__arm__core__cortex_m.dir/irq_manage.c.obj
[bloonchipper:rw] [92/532] Building C object zephyr/arch/arch/arm/core/cortex_m/CMakeFiles/arch__arm__core__cortex_m.dir/prep_c.c.obj
[kodkod:ro] [67/382] Building C object CMakeFiles/app.dir/mnt/host/source/src/platform/ec/build/zephyr/kodkod/modules/ec/common/espi.c.obj
[ciri:ro] [181/377] Building C object modules/ec/zephyr/CMakeFiles/ec_shim.dir/shim/chip/it8xxx2/system.c.obj
[bloonchipper:rw] [93/532] Building ASM object zephyr/arch/arch/arm/core/cortex_m/CMakeFiles/arch__arm__core__cortex_m.dir/swap_helper.S.obj
[bloonchipper:rw] [94/532] Building C object zephyr/arch/arch/arm/core/cortex_m/CMakeFiles/arch__arm__core__cortex_m.dir/cpu_idle.c.obj
[ciri:ro] [182/377] Building C object modules/ec/zephyr/CMakeFiles/ec_shim.dir/shim/chip/it8xxx2/keyboard_raw.c.obj
[bloonchipper:rw] [95/532] Building C object zephyr/arch/arch/arm/core/cortex_m/CMakeFiles/arch__arm__core__cortex_m.dir/thread.c.obj
[mtlrvpp_mchp:ro] [20/393] Building C object zephyr/CMakeFiles/zephyr.dir/lib/os/assert.c.obj
[mtlrvpp_mchp:rw] [19/393] Building C object zephyr/CMakeFiles/zephyr.dir/lib/os/cbprintf.c.obj
[kodkod:ro] [68/382] Building C object CMakeFiles/app.dir/mnt/host/source/src/platform/ec/build/zephyr/kodkod/modules/ec/common/extpower_gpio.c.obj
[ciri:ro] [183/377] Building C object modules/ec/zephyr/CMakeFiles/ec_shim.dir/shim/chip/it8xxx2/gpio.c.obj
[kodkod:ro] [69/382] Building C object CMakeFiles/app.dir/mnt/host/source/src/platform/ec/build/zephyr/kodkod/modules/ec/common/extpower_common.c.obj
[bloonchipper:rw] [96/532] Building C object zephyr/arch/arch/arm/core/cortex_m/CMakeFiles/arch__arm__core__cortex_m.dir/irq_init.c.obj
[ciri:ro] [184/377] Building C object modules/ec/zephyr/CMakeFiles/ec_shim.dir/shim/chip/it8xxx2/power_policy.c.obj
[ciri:ro] [185/377] Building C object modules/ec/zephyr/CMakeFiles/ec_shim.dir/shim/src/crc.c.obj
[mtlrvpp_mchp:ro] [21/393] Building C object zephyr/CMakeFiles/zephyr.dir/lib/utils/dec.c.obj
[/mnt/host/source/src/platform/ec/build/zephyr/wugtrio-lcov]   /mnt/host/source/src/platform/ec/build/zephyr/wugtrio/build-rw/zephyr/CMakeFiles/zephyr.dir/lib/utils/last_section_id.c.gcno:no functions found
[/mnt/host/source/src/platform/ec/build/zephyr/wugtrio-lcov] stderr:
[bloonchipper:rw] [97/532] Building C object zephyr/arch/arch/arm/core/cortex_m/CMakeFiles/arch__arm__core__cortex_m.dir/isr_wrapper.c.obj
[bloonchipper:rw] [98/532] Linking C static library zephyr/arch/arch/arm/core/cortex_m/libarch__arm__core__cortex_m.a
[ciri:ro] [186/377] Building C object modules/ec/zephyr/CMakeFiles/ec_shim.dir/shim/chip/it8xxx2/shi.c.obj
[kodkod:ro] [70/382] Building C object CMakeFiles/app.dir/mnt/host/source/src/platform/ec/build/zephyr/kodkod/modules/ec/common/fan.c.obj
[mtlrvpp_mchp:ro] [22/393] Building C object zephyr/CMakeFiles/zephyr.dir/lib/utils/hex.c.obj
[bloonchipper:rw] [99/532] Building C object zephyr/arch/arch/arm/core/mpu/CMakeFiles/arch__arm__core__mpu.dir/arm_core_mpu.c.obj
[bloonchipper:rw] [100/532] Building C object zephyr/arch/arch/arm/core/mpu/CMakeFiles/arch__arm__core__mpu.dir/arm_mpu_regions.c.obj
[mtlrvpp_mchp:rw] [20/393] Building C object zephyr/CMakeFiles/zephyr.dir/lib/os/assert.c.obj
[bloonchipper:rw] [101/532] Building C object zephyr/lib/posix/c_lib_ext/CMakeFiles/lib__posix__c_lib_ext.dir/fnmatch.c.obj
[bloonchipper:rw] [102/532] Building C object zephyr/arch/arch/arm/core/mpu/CMakeFiles/arch__arm__core__mpu.dir/arm_mpu.c.obj
[kodkod:ro] [71/382] Building C object CMakeFiles/app.dir/mnt/host/source/src/platform/ec/build/zephyr/kodkod/modules/ec/common/flash.c.obj
[bloonchipper:rw] [103/532] Linking C static library zephyr/arch/arch/arm/core/mpu/libarch__arm__core__mpu.a
[mtlrvpp_mchp:rw] [21/393] Building C object zephyr/CMakeFiles/zephyr.dir/lib/utils/dec.c.obj
[kodkod:ro] [72/382] Building C object CMakeFiles/app.dir/mnt/host/source/src/platform/ec/build/zephyr/kodkod/modules/ec/common/host_command.c.obj
[bloonchipper:rw] [104/532] Building C object zephyr/lib/libc/common/CMakeFiles/lib__libc__common.dir/source/time/time.c.obj
[ciri:ro] [187/377] Building C object modules/ec/zephyr/CMakeFiles/ec_shim.dir/shim/src/console.c.obj
[bloonchipper:rw] [105/532] Building C object zephyr/lib/libc/newlib/CMakeFiles/lib__libc__newlib.dir/libc-hooks.c.obj
[bloonchipper:rw] [106/532] Linking C static library zephyr/lib/libc/newlib/liblib__libc__newlib.a
[ciri:ro] [188/377] Building C object modules/ec/zephyr/CMakeFiles/ec_shim.dir/shim/src/gpio_int.c.obj
[mtlrvpp_mchp:rw] [22/393] Building C object zephyr/CMakeFiles/zephyr.dir/lib/utils/hex.c.obj
[kodkod:ro] [73/382] Building C object CMakeFiles/app.dir/mnt/host/source/src/platform/ec/build/zephyr/kodkod/modules/ec/common/host_command_task.c.obj
[ciri:ro] [189/377] Building C object modules/ec/zephyr/CMakeFiles/ec_shim.dir/shim/src/panic_utils.c.obj
[mtlrvpp_mchp:ro] [23/393] Building C object zephyr/CMakeFiles/zephyr.dir/lib/utils/rb.c.obj
[bloonchipper:rw] [107/532] Building C object zephyr/lib/libc/common/CMakeFiles/lib__libc__common.dir/source/stdlib/abort.c.obj
[bloonchipper:rw] [108/532] Linking C static library zephyr/lib/libc/common/liblib__libc__common.a
[ciri:ro] [190/377] Building C object modules/ec/zephyr/CMakeFiles/ec_shim.dir/shim/src/gpio.c.obj
[kodkod:ro] [74/382] Building C object CMakeFiles/app.dir/mnt/host/source/src/platform/ec/build/zephyr/kodkod/modules/ec/common/host_event_commands.c.obj
[kodkod:ro] [75/382] Building C object CMakeFiles/app.dir/mnt/host/source/src/platform/ec/build/zephyr/kodkod/modules/ec/common/uart_hostcmd.c.obj
[bloonchipper:rw] [109/532] Building C object zephyr/lib/posix/c_lib_ext/CMakeFiles/lib__posix__c_lib_ext.dir/getentropy.c.obj
[bloonchipper:rw] [110/532] Building C object zephyr/lib/posix/c_lib_ext/CMakeFiles/lib__posix__c_lib_ext.dir/getopt_shim.c.obj
[mtlrvpp_mchp:ro] [24/393] Building C object zephyr/CMakeFiles/zephyr.dir/lib/utils/timeutil.c.obj
[bloonchipper:rw] [111/532] Linking C static library zephyr/lib/posix/c_lib_ext/liblib__posix__c_lib_ext.a
[bloonchipper:rw] [112/532] Building C object zephyr/lib/posix/options/CMakeFiles/lib__posix__options.dir/timespec_to_timeout.c.obj
[bloonchipper:rw] [113/532] Building C object zephyr/lib/posix/options/CMakeFiles/lib__posix__options.dir/clock.c.obj
[ciri:ro] [191/377] Building C object modules/ec/zephyr/CMakeFiles/ec_shim.dir/shim/src/pm_state.c.obj
[kodkod:ro] [76/382] Building C object CMakeFiles/app.dir/mnt/host/source/src/platform/ec/build/zephyr/kodkod/modules/ec/common/uptime.c.obj
[mtlrvpp_mchp:rw] [23/393] Building C object zephyr/CMakeFiles/zephyr.dir/lib/utils/rb.c.obj
[ciri:ro] [192/377] Building C object modules/ec/zephyr/CMakeFiles/ec_shim.dir/shim/src/cbi/cros_cbi.c.obj
[bloonchipper:rw] [114/532] Building C object zephyr/lib/posix/options/CMakeFiles/lib__posix__options.dir/timer.c.obj
[ciri:ro] [193/377] Building C object modules/ec/zephyr/CMakeFiles/ec_shim.dir/shim/src/cbi/cros_cbi_ssfc.c.obj
[mtlrvpp_mchp:rw] [24/393] Building C object zephyr/CMakeFiles/zephyr.dir/lib/utils/timeutil.c.obj
[ciri:ro] [194/377] Building C object modules/ec/zephyr/CMakeFiles/ec_shim.dir/shim/src/cbi/cbi_eeprom.c.obj
[kodkod:ro] [77/382] Building C object CMakeFiles/app.dir/mnt/host/source/src/platform/ec/build/zephyr/kodkod/modules/ec/common/i2c_controller.c.obj
[kodkod:ro] [78/382] Building C object CMakeFiles/app.dir/mnt/host/source/src/platform/ec/build/zephyr/kodkod/modules/ec/common/i2c_passthru.c.obj
[mtlrvpp_mchp:ro] [25/393] Building C object zephyr/CMakeFiles/zephyr.dir/lib/utils/bitarray.c.obj
[kodkod:ro] [79/382] Building C object CMakeFiles/app.dir/mnt/host/source/src/platform/ec/build/zephyr/kodkod/modules/ec/common/keyboard_8042.c.obj
[bloonchipper:rw] [115/532] Building C object zephyr/lib/posix/options/CMakeFiles/lib__posix__options.dir/cond.c.obj
[bloonchipper:rw] [116/532] Building C object zephyr/lib/posix/options/CMakeFiles/lib__posix__options.dir/rwlock.c.obj
[bloonchipper:rw] [117/532] Building C object zephyr/lib/posix/options/CMakeFiles/lib__posix__options.dir/grp.c.obj
[bloonchipper:rw] [118/532] Building C object zephyr/lib/posix/options/CMakeFiles/lib__posix__options.dir/key.c.obj
[mtlrvpp_mchp:ro] [26/393] Building C object zephyr/CMakeFiles/zephyr.dir/lib/utils/bitmask.c.obj
[ciri:ro] [195/377] Building C object modules/ec/zephyr/CMakeFiles/ec_shim.dir/shim/src/led_driver/led.c.obj
[mtlrvpp_mchp:rw] [25/393] Building C object zephyr/CMakeFiles/zephyr.dir/lib/utils/bitarray.c.obj
[ciri:ro] [196/377] Building C object modules/ec/zephyr/CMakeFiles/ec_shim.dir/shim/src/led_driver/led_pwm.c.obj
[bloonchipper:rw] [119/532] Building C object zephyr/lib/posix/options/CMakeFiles/lib__posix__options.dir/mutex.c.obj
[ciri:ro] [197/377] Building C object modules/ec/zephyr/CMakeFiles/ec_shim.dir/shim/src/adc.c.obj
[kodkod:ro] [80/382] Building C object CMakeFiles/app.dir/mnt/host/source/src/platform/ec/build/zephyr/kodkod/modules/ec/common/keyboard_8042_sharedlib.c.obj
[ciri:ro] [198/377] Building C object modules/ec/zephyr/CMakeFiles/ec_shim.dir/shim/src/system.c.obj
[mtlrvpp_mchp:rw] [26/393] Building C object zephyr/CMakeFiles/zephyr.dir/lib/utils/bitmask.c.obj
[kodkod:ro] [81/382] Building C object CMakeFiles/app.dir/mnt/host/source/src/platform/ec/build/zephyr/kodkod/modules/ec/common/mkbp_fifo.c.obj
[kodkod:ro] [82/382] Building C object CMakeFiles/app.dir/mnt/host/source/src/platform/ec/build/zephyr/kodkod/modules/ec/common/mkbp_info.c.obj
[mtlrvpp_mchp:ro] [27/393] Building C object zephyr/CMakeFiles/zephyr.dir/lib/utils/getopt/getopt.c.obj
[bloonchipper:rw] [120/532] Building C object zephyr/lib/posix/options/CMakeFiles/lib__posix__options.dir/pwd.c.obj
[ciri:ro] [199/377] Building C object modules/ec/zephyr/CMakeFiles/ec_shim.dir/shim/src/battery.c.obj
[bloonchipper:rw] [121/532] Building C object zephyr/subsys/mgmt/ec_host_cmd/CMakeFiles/subsys__mgmt__ec_host_cmd.dir/ec_host_cmd_handler.c.obj
[bloonchipper:rw] [122/532] Building C object zephyr/subsys/mgmt/ec_host_cmd/backends/CMakeFiles/subsys__mgmt__ec_host_cmd__backends.dir/ec_host_cmd_backend_uart.c.obj
[bloonchipper:rw] [123/532] Linking C static library zephyr/subsys/mgmt/ec_host_cmd/libsubsys__mgmt__ec_host_cmd.a
[ciri:ro] [200/377] Building C object modules/ec/zephyr/CMakeFiles/ec_shim.dir/shim/src/chg_rt9490.c.obj
[bloonchipper:rw] [124/532] Building C object zephyr/lib/posix/options/CMakeFiles/lib__posix__options.dir/pthread.c.obj
[bloonchipper:rw] [125/532] Building C object zephyr/subsys/crc/CMakeFiles/subsys__crc.dir/crc4_sw.c.obj
[ciri:ro] [201/377] Building C object modules/ec/zephyr/CMakeFiles/ec_shim.dir/shim/src/charger.c.obj
[kodkod:ro] [83/382] Building C object CMakeFiles/app.dir/mnt/host/source/src/platform/ec/build/zephyr/kodkod/modules/ec/common/led_common.c.obj
[bloonchipper:rw] [126/532] Building C object zephyr/subsys/crc/CMakeFiles/subsys__crc.dir/crc8_sw.c.obj
[kodkod:ro] [84/382] Building C object CMakeFiles/app.dir/mnt/host/source/src/platform/ec/build/zephyr/kodkod/modules/ec/common/mkbp_input_devices.c.obj
[bloonchipper:rw] [127/532] Linking C static library zephyr/lib/posix/options/liblib__posix__options.a
[mtlrvpp_mchp:rw] [27/393] Building C object zephyr/CMakeFiles/zephyr.dir/lib/utils/getopt/getopt.c.obj
[bloonchipper:rw] [128/532] Building C object zephyr/subsys/mgmt/ec_host_cmd/backends/CMakeFiles/subsys__mgmt__ec_host_cmd__backends.dir/ec_host_cmd_backend_spi_stm32.c.obj
[bloonchipper:rw] [129/532] Building C object zephyr/subsys/crc/CMakeFiles/subsys__crc.dir/crc16_sw.c.obj
[kodkod:ro] [85/382] Building C object CMakeFiles/app.dir/mnt/host/source/src/platform/ec/build/zephyr/kodkod/modules/ec/common/lid_switch.c.obj
[bloonchipper:rw] [130/532] Linking C static library zephyr/subsys/mgmt/ec_host_cmd/backends/libsubsys__mgmt__ec_host_cmd__backends.a
[bloonchipper:rw] [131/532] Building C object zephyr/subsys/crc/CMakeFiles/subsys__crc.dir/crc7_sw.c.obj
[ciri:ro] [202/377] Building C object modules/ec/zephyr/CMakeFiles/ec_shim.dir/shim/src/flash.c.obj
[bloonchipper:rw] [132/532] Building C object zephyr/subsys/crc/CMakeFiles/subsys__crc.dir/crc24_sw.c.obj
[mtlrvpp_mchp:ro] [28/393] Building C object zephyr/CMakeFiles/zephyr.dir/lib/utils/getopt/getopt_common.c.obj
[bloonchipper:rw] [133/532] Building C object zephyr/subsys/crc/CMakeFiles/subsys__crc.dir/crc32c_sw.c.obj
[bloonchipper:rw] [134/532] Building C object zephyr/subsys/crc/CMakeFiles/subsys__crc.dir/crc32k_4_2_sw.c.obj
[bloonchipper:rw] [135/532] Building C object zephyr/subsys/crc/CMakeFiles/subsys__crc.dir/crc32_sw.c.obj
[bloonchipper:rw] [136/532] Linking C static library zephyr/subsys/crc/libsubsys__crc.a
[bloonchipper:rw] [137/532] Building C object zephyr/subsys/random/CMakeFiles/subsys__random.dir/random_entropy_device.c.obj
[bloonchipper:rw] [138/532] Linking C static library zephyr/subsys/random/libsubsys__random.a
[mtlrvpp_mchp:ro] [29/393] Building C object zephyr/CMakeFiles/zephyr.dir/lib/utils/ring_buffer.c.obj
[ciri:ro] [203/377] Building C object modules/ec/zephyr/CMakeFiles/ec_shim.dir/shim/src/hooks.c.obj
[mtlrvpp_mchp:ro] [30/393] Building C object zephyr/CMakeFiles/zephyr.dir/lib/utils/last_section_id.c.obj
[mtlrvpp_mchp:rw] [28/393] Building C object zephyr/CMakeFiles/zephyr.dir/lib/utils/getopt/getopt_common.c.obj
[kodkod:ro] [86/382] Building C object CMakeFiles/app.dir/mnt/host/source/src/platform/ec/build/zephyr/kodkod/modules/ec/common/port80.c.obj
[ciri:ro] [204/377] Building C object modules/ec/zephyr/CMakeFiles/ec_shim.dir/shim/src/host_command.c.obj
[kodkod:ro] [87/382] Building C object CMakeFiles/app.dir/mnt/host/source/src/platform/ec/build/zephyr/kodkod/modules/ec/common/mkbp_event.c.obj
[ciri:ro] [205/377] Building C object modules/ec/zephyr/CMakeFiles/ec_shim.dir/shim/src/console_buffer.c.obj
[kodkod:ro] [88/382] Building C object CMakeFiles/app.dir/mnt/host/source/src/platform/ec/build/zephyr/kodkod/modules/ec/common/power_button.c.obj
[mtlrvpp_mchp:ro] [31/393] Building C object zephyr/CMakeFiles/zephyr.dir/misc/generated/configs.c.obj
[ciri:ro] [206/377] Building C object modules/ec/zephyr/CMakeFiles/ec_shim.dir/shim/src/keyboard_raw.c.obj
[mtlrvpp_mchp:rw] [29/393] Building C object zephyr/CMakeFiles/zephyr.dir/lib/utils/ring_buffer.c.obj
[bloonchipper:rw] [139/532] Building C object zephyr/drivers/interrupt_controller/CMakeFiles/drivers__interrupt_controller.dir/intc_exti_stm32.c.obj
[mtlrvpp_mchp:rw] [30/393] Building C object zephyr/CMakeFiles/zephyr.dir/lib/utils/last_section_id.c.obj
[/mnt/host/source/src/platform/ec/build/zephyr/obiwan-lcov]   /mnt/host/source/src/platform/ec/build/zephyr/obiwan/build-ro/zephyr/CMakeFiles/zephyr.dir/soc/nuvoton/npcx/common/npcxn/registers.c.gcno:no functions found
[/mnt/host/source/src/platform/ec/build/zephyr/obiwan-lcov] stderr:
[bloonchipper:rw] [140/532] Building C object zephyr/drivers/bbram/CMakeFiles/drivers__bbram.dir/bbram_stm32.c.obj
[bloonchipper:rw] [141/532] Building C object zephyr/drivers/clock_control/CMakeFiles/drivers__clock_control.dir/clock_stm32f2_f4_f7.c.obj
[bloonchipper:rw] [142/532] Linking C static library zephyr/drivers/bbram/libdrivers__bbram.a
[bloonchipper:rw] [143/532] Building C object zephyr/drivers/interrupt_controller/CMakeFiles/drivers__interrupt_controller.dir/intc_gpio_stm32.c.obj
[bloonchipper:rw] [144/532] Linking C static library zephyr/drivers/interrupt_controller/libdrivers__interrupt_controller.a
[ciri:ro] [207/377] Building C object modules/ec/zephyr/CMakeFiles/ec_shim.dir/shim/src/mkbp_event.c.obj
[mtlrvpp_mchp:rw] [31/393] Building C object zephyr/CMakeFiles/zephyr.dir/misc/generated/configs.c.obj
[bloonchipper:rw] [145/532] Building C object zephyr/drivers/clock_control/CMakeFiles/drivers__clock_control.dir/clock_stm32_ll_common.c.obj
[bloonchipper:rw] [146/532] Linking C static library zephyr/drivers/clock_control/libdrivers__clock_control.a
[kodkod:ro] [89/382] Building C object CMakeFiles/app.dir/mnt/host/source/src/platform/ec/build/zephyr/kodkod/modules/ec/power/hibernate.c.obj
[kodkod:ro] [90/382] Building C object CMakeFiles/app.dir/mnt/host/source/src/platform/ec/build/zephyr/kodkod/modules/ec/common/panic_output.c.obj
[mtlrvpp_mchp:ro] [32/393] Building C object zephyr/CMakeFiles/zephyr.dir/soc/microchip/mec/mec172x/soc.c.obj
[kodkod:ro] [91/382] Building C object CMakeFiles/app.dir/mnt/host/source/src/platform/ec/build/zephyr/kodkod/modules/ec/common/shared_mem.c.obj
[ciri:ro] [208/377] Building C object modules/ec/zephyr/CMakeFiles/ec_shim.dir/shim/src/panic.c.obj
[/mnt/host/source/src/platform/ec/build/zephyr/obiwan-lcov]   /mnt/host/source/src/platform/ec/build/zephyr/obiwan/build-rw/modules/ec/zephyr/CMakeFiles/ec_shim.dir/shim/src/power.c.gcno:no functions found
[/mnt/host/source/src/platform/ec/build/zephyr/obiwan-lcov] stderr:
[ciri:ro] [209/377] Building C object modules/ec/zephyr/CMakeFiles/ec_shim.dir/shim/src/motionsense_sensors.c.obj
[/mnt/host/source/src/platform/ec/build/zephyr/obiwan-lcov]   /mnt/host/source/src/platform/ec/build/zephyr/obiwan/build-rw/modules/ec/zephyr/CMakeFiles/ec_shim.dir/shim/src/thermal.c.gcno:no functions found
[/mnt/host/source/src/platform/ec/build/zephyr/obiwan-lcov] stderr:
[ciri:ro] [210/377] Building C object modules/ec/zephyr/CMakeFiles/ec_shim.dir/shim/src/power.c.obj
[mtlrvpp_mchp:rw] [32/393] Building C object zephyr/CMakeFiles/zephyr.dir/soc/microchip/mec/mec172x/soc.c.obj
[/mnt/host/source/src/platform/ec/build/zephyr/obiwan-lcov]   /mnt/host/source/src/platform/ec/build/zephyr/obiwan/build-rw/modules/ec/zephyr/CMakeFiles/ec_shim.dir/shim/src/battery.c.gcno:no functions found
[/mnt/host/source/src/platform/ec/build/zephyr/obiwan-lcov] stderr:
[kodkod:ro] [92/382] Building C object CMakeFiles/app.dir/mnt/host/source/src/platform/ec/build/zephyr/kodkod/modules/ec/common/switch.c.obj
[mtlrvpp_mchp:ro] [33/393] Building C object zephyr/CMakeFiles/zephyr.dir/soc/microchip/mec/common/soc_ecia.c.obj
[bloonchipper:rw] [147/532] Building C object zephyr/drivers/console/CMakeFiles/drivers__console.dir/uart_console.c.obj
[bloonchipper:rw] [148/532] Building C object zephyr/drivers/counter/CMakeFiles/drivers__counter.dir/counter_stm32_rtc.c.obj
[bloonchipper:rw] [149/532] Linking C static library zephyr/drivers/console/libdrivers__console.a
[ciri:ro] [211/377] Building C object modules/ec/zephyr/CMakeFiles/ec_shim.dir/shim/src/temp_sensors.c.obj
[kodkod:ro] [93/382] Building C object CMakeFiles/app.dir/mnt/host/source/src/platform/ec/build/zephyr/kodkod/modules/ec/common/spi_flash_reg.c.obj
[bloonchipper:rw] [150/532] Building C object zephyr/drivers/counter/CMakeFiles/drivers__counter.dir/counter_stm32_timer.c.obj
[ciri:ro] [212/377] Building C object modules/ec/zephyr/CMakeFiles/ec_shim.dir/shim/src/hwtimer.c.obj
[kodkod:ro] [94/382] Building C object CMakeFiles/app.dir/mnt/host/source/src/platform/ec/build/zephyr/kodkod/modules/ec/common/thermal.c.obj
[bloonchipper:rw] [151/532] Linking C static library zephyr/drivers/counter/libdrivers__counter.a
[bloonchipper:rw] [152/532] Building C object zephyr/drivers/dma/CMakeFiles/drivers__dma.dir/dma_stm32.c.obj
[ciri:ro] [213/377] Building C object modules/ec/zephyr/CMakeFiles/ec_shim.dir/shim/src/thermal.c.obj
[bloonchipper:rw] [153/532] Building C object zephyr/drivers/dma/CMakeFiles/drivers__dma.dir/dma_stm32_v1.c.obj
[bloonchipper:rw] [154/532] Linking C static library zephyr/drivers/dma/libdrivers__dma.a
[bloonchipper:rw] [155/532] Building C object zephyr/drivers/flash/CMakeFiles/drivers__flash.dir/flash_page_layout.c.obj
[ciri:ro] [214/377] Building C object modules/ec/zephyr/CMakeFiles/ec_shim.dir/shim/src/i2c.c.obj
[mtlrvpp_mchp:rw] [33/393] Building C object zephyr/CMakeFiles/zephyr.dir/soc/microchip/mec/common/soc_ecia.c.obj
[mtlrvpp_mchp:ro] [34/393] Building C object zephyr/CMakeFiles/zephyr.dir/soc/microchip/mec/common/soc_i2c.c.obj
[kodkod:ro] [95/382] Building C object CMakeFiles/app.dir/mnt/host/source/src/platform/ec/build/zephyr/kodkod/modules/ec/common/temp_sensor.c.obj
[/mnt/host/source/src/platform/ec/build/zephyr/obiwan-lcov]   /mnt/host/source/src/platform/ec/build/zephyr/obiwan/build-rw/modules/ec/zephyr/CMakeFiles/ec_shim.dir/shim/src/charger.c.gcno:no functions found
[/mnt/host/source/src/platform/ec/build/zephyr/obiwan-lcov] stderr:
[kodkod:ro] [96/382] Building C object CMakeFiles/app.dir/mnt/host/source/src/platform/ec/build/zephyr/kodkod/modules/ec/driver/temp_sensor/thermistor.c.obj
[bloonchipper:rw] [156/532] Building C object zephyr/drivers/entropy/CMakeFiles/drivers__entropy.dir/entropy_stm32.c.obj
[kodkod:ro] [97/382] Building C object CMakeFiles/app.dir/mnt/host/source/src/platform/ec/build/zephyr/kodkod/modules/ec/common/timer.c.obj
[ciri:ro] [215/377] Building C object modules/ec/zephyr/CMakeFiles/ec_shim.dir/shim/src/tasks.c.obj
[bloonchipper:rw] [157/532] Linking C static library zephyr/drivers/entropy/libdrivers__entropy.a
[bloonchipper:rw] [158/532] Building C object zephyr/drivers/flash/CMakeFiles/drivers__flash.dir/flash_stm32_ex_op.c.obj
[ciri:ro] [216/377] cd /mnt/host/source/src/platform/ec/build/zephyr/ciri/build-ro/modules/ec/zephyr && PYTHONPATH=/mnt/host/source/src/platform/ec/build/zephyr/ciri/modules/ec/zephyr/zmake/ /usr/bin/python3.11 /mnt/host/source/src/platform/ec/build/zephyr/ciri/modules/ec/zephyr/zmake/zephyr_build_tools/generate_ec_version.py /mnt/host/source/src/platform/ec/build/zephyr/ciri/build-ro/modules/ec/zephyr/include/ec_version.h --name Zephyr-Kernel --version 16543.0.0 --static
[ciri:ro] INFO:root:Using a static version string
[bloonchipper:rw] [159/532] Building C object zephyr/drivers/flash/CMakeFiles/drivers__flash.dir/flash_shell.c.obj
[ciri:ro] INFO:root:Version string: Zephyr-Kernel-16543.0.0
[ciri:ro] INFO:root:Writing header to /mnt/host/source/src/platform/ec/build/zephyr/ciri/build-ro/modules/ec/zephyr/include/ec_version.h
[ciri:ro] [217/377] Building C object modules/ec/zephyr/CMakeFiles/ec_shim.dir/shim/src/watchdog.c.obj
[bloonchipper:rw] [160/532] Building C object zephyr/drivers/flash/CMakeFiles/drivers__flash.dir/flash_stm32.c.obj
[ciri:ro] [218/377] Building C object modules/ec/zephyr/CMakeFiles/ec_shim.dir/shim/src/ppc.c.obj
[/mnt/host/source/src/platform/ec/build/zephyr/obiwan-lcov]   /mnt/host/source/src/platform/ec/build/zephyr/obiwan/build-rw/modules/ec/zephyr/CMakeFiles/ec_shim.dir/shim/src/usba.c.gcno:no functions found
[/mnt/host/source/src/platform/ec/build/zephyr/obiwan-lcov] stderr:
[mtlrvpp_mchp:rw] [34/393] Building C object zephyr/CMakeFiles/zephyr.dir/soc/microchip/mec/common/soc_i2c.c.obj
[mtlrvpp_mchp:ro] [35/393] Building C object zephyr/CMakeFiles/zephyr.dir/subsys/logging/log_minimal.c.obj
[bloonchipper:rw] [161/532] Building C object zephyr/drivers/flash/CMakeFiles/drivers__flash.dir/flash_stm32f4x.c.obj
[kodkod:ro] [98/382] Building C object CMakeFiles/app.dir/mnt/host/source/src/platform/ec/build/zephyr/kodkod/modules/ec/common/usb_port_power_dumb.c.obj
[bloonchipper:rw] [162/532] Linking C static library zephyr/drivers/flash/libdrivers__flash.a
[ciri:ro] [219/377] Building C object modules/ec/zephyr/CMakeFiles/ec_shim.dir/shim/src/usb_muxes.c.obj
[kodkod:ro] [99/382] Building C object CMakeFiles/app.dir/mnt/host/source/src/platform/ec/build/zephyr/kodkod/modules/ec/common/usbc_utils.c.obj
[kodkod:ro] [100/382] Building C object CMakeFiles/app.dir/mnt/host/source/src/platform/ec/build/zephyr/kodkod/modules/ec/common/usb_common.c.obj
[ciri:ro] [220/377] Building C object CMakeFiles/app.dir/mnt/host/source/src/platform/ec/zephyr/subsys/ap_pwrseq/ap_events.c.obj
[bloonchipper:rw] [163/532] Building C object zephyr/drivers/hwinfo/CMakeFiles/drivers__hwinfo.dir/hwinfo_weak_impl.c.obj
[ciri:ro] [221/377] Building C object CMakeFiles/app.dir/mnt/host/source/src/platform/ec/build/zephyr/ciri/modules/ec/builtin/stdlib.c.obj
[bloonchipper:rw] [164/532] Building C object zephyr/drivers/pinctrl/CMakeFiles/drivers__pinctrl.dir/common.c.obj
[bloonchipper:rw] [165/532] Building C object zephyr/drivers/hwinfo/CMakeFiles/drivers__hwinfo.dir/hwinfo_stm32.c.obj
[mtlrvpp_mchp:rw] [35/393] Building C object zephyr/CMakeFiles/zephyr.dir/subsys/logging/log_minimal.c.obj
[bloonchipper:rw] [166/532] Building C object zephyr/drivers/gpio/CMakeFiles/drivers__gpio.dir/gpio_stm32.c.obj
[bloonchipper:rw] [167/532] Building C object zephyr/drivers/gpio/CMakeFiles/drivers__gpio.dir/gpio_hogs.c.obj
[ciri:ro] [222/377] Building C object CMakeFiles/app.dir/mnt/host/source/src/platform/ec/build/zephyr/ciri/modules/ec/common/base32.c.obj
[bloonchipper:rw] [168/532] Linking C static library zephyr/drivers/hwinfo/libdrivers__hwinfo.a
[bloonchipper:rw] [169/532] Linking C static library zephyr/drivers/gpio/libdrivers__gpio.a
[mtlrvpp_mchp:ro] [36/393] Building C object zephyr/CMakeFiles/zephyr.dir/subsys/mem_mgmt/mem_attr.c.obj
[kodkod:ro] [101/382] Building C object CMakeFiles/app.dir/mnt/host/source/src/platform/ec/build/zephyr/kodkod/modules/ec/common/usb_pd_host_cmd_common.c.obj
[kodkod:ro] [102/382] Building C object CMakeFiles/app.dir/mnt/host/source/src/platform/ec/build/zephyr/kodkod/modules/ec/common/vboot_hash.c.obj
[ciri:ro] [223/377] Building C object CMakeFiles/app.dir/mnt/host/source/src/platform/ec/build/zephyr/ciri/modules/ec/common/console_output.c.obj
[ciri:ro] [224/377] Building C object CMakeFiles/app.dir/mnt/host/source/src/platform/ec/build/zephyr/ciri/modules/ec/common/ec_features.c.obj
[kodkod:ro] [103/382] Building C object CMakeFiles/app.dir/mnt/host/source/src/platform/ec/build/zephyr/kodkod/modules/ec/common/button.c.obj
[bloonchipper:rw] [170/532] Building C object zephyr/drivers/reset/CMakeFiles/drivers__reset.dir/reset_stm32.c.obj
[bloonchipper:rw] [171/532] Building C object zephyr/drivers/pinctrl/CMakeFiles/drivers__pinctrl.dir/pinctrl_stm32.c.obj
[bloonchipper:rw] [172/532] Linking C static library zephyr/drivers/reset/libdrivers__reset.a
[mtlrvpp_mchp:rw] [36/393] Building C object zephyr/CMakeFiles/zephyr.dir/subsys/mem_mgmt/mem_attr.c.obj
[ciri:ro] [225/377] Building C object CMakeFiles/app.dir/mnt/host/source/src/platform/ec/build/zephyr/ciri/modules/ec/common/gpio_commands.c.obj
[bloonchipper:rw] [173/532] Linking C static library zephyr/drivers/pinctrl/libdrivers__pinctrl.a
[ciri:ro] [226/377] Building C object CMakeFiles/app.dir/mnt/host/source/src/platform/ec/build/zephyr/ciri/modules/ec/common/peripheral.c.obj
[mtlrvpp_mchp:ro] [37/393] Building C object zephyr/CMakeFiles/zephyr.dir/subsys/testsuite/coverage/coverage.c.obj
[bloonchipper:rw] [174/532] Building C object zephyr/drivers/timer/CMakeFiles/drivers__timer.dir/sys_clock_init.c.obj
[kodkod:ro] [104/382] Building C object CMakeFiles/app.dir/mnt/host/source/src/platform/ec/build/zephyr/kodkod/modules/ec/common/vstore.c.obj
[kodkod:ro] [105/382] Building C object CMakeFiles/app.dir/mnt/host/source/src/platform/ec/build/zephyr/kodkod/modules/ec/common/math_util.c.obj
[bloonchipper:rw] [175/532] Building C object zephyr/drivers/serial/CMakeFiles/drivers__serial.dir/uart_stm32.c.obj
[bloonchipper:rw] [176/532] Building C object zephyr/drivers/spi/CMakeFiles/drivers__spi.dir/spi_stm32.c.obj
[bloonchipper:rw] [177/532] Linking C static library zephyr/drivers/serial/libdrivers__serial.a
[bloonchipper:rw] [178/532] Linking C static library zephyr/drivers/spi/libdrivers__spi.a
[kodkod:ro] [106/382] Building C object CMakeFiles/app.dir/kodkod/src/board_power.c.obj
[ciri:ro] [227/377] Building C object CMakeFiles/app.dir/mnt/host/source/src/platform/ec/build/zephyr/ciri/modules/ec/common/printf.c.obj
[bloonchipper:rw] [179/532] Building C object zephyr/drivers/timer/CMakeFiles/drivers__timer.dir/cortex_m_systick.c.obj
[bloonchipper:rw] [180/532] Linking C static library zephyr/drivers/timer/libdrivers__timer.a
[ciri:ro] [228/377] Building C object CMakeFiles/app.dir/mnt/host/source/src/platform/ec/build/zephyr/ciri/modules/ec/common/queue.c.obj
[mtlrvpp_mchp:rw] [37/393] Building C object zephyr/CMakeFiles/zephyr.dir/subsys/testsuite/coverage/coverage.c.obj
[mtlrvpp_mchp:ro] [38/393] Building C object zephyr/CMakeFiles/zephyr.dir/subsys/tracing/tracing_none.c.obj
[kodkod:ro] [107/382] Building C object CMakeFiles/app.dir/kodkod/src/suspend_resume.c.obj
[kodkod:ro] [108/382] Building C object CMakeFiles/app.dir/kodkod/src/keyboard_customization.c.obj
[ciri:ro] [229/377] Building C object CMakeFiles/app.dir/mnt/host/source/src/platform/ec/build/zephyr/ciri/modules/ec/common/system_boot_time.c.obj
[bloonchipper:rw] [181/532] Building C object zephyr/drivers/watchdog/CMakeFiles/drivers__watchdog.dir/wdt_iwdg_stm32.c.obj
[kodkod:ro] [109/382] Building C object zephyr/CMakeFiles/zephyr.dir/lib/libc/validate_libc.c.obj
[bloonchipper:rw] [182/532] Building C object zephyr/drivers/watchdog/CMakeFiles/drivers__watchdog.dir/wdt_counter.c.obj
[kodkod:ro] [110/382] Linking C static library app/libapp.a
[bloonchipper:rw] [183/532] Linking C static library zephyr/drivers/watchdog/libdrivers__watchdog.a
[ciri:ro] [230/377] Building C object CMakeFiles/app.dir/mnt/host/source/src/platform/ec/build/zephyr/ciri/modules/ec/common/system.c.obj
[bloonchipper:rw] [184/532] Building C object modules/ec/zephyr/CMakeFiles/ec_shim.dir/app/ec/main_shim.c.obj
[kodkod:ro] [111/382] Building C object zephyr/CMakeFiles/zephyr.dir/lib/heap/heap.c.obj
[mtlrvpp_mchp:rw] [38/393] Building C object zephyr/CMakeFiles/zephyr.dir/subsys/tracing/tracing_none.c.obj
[mtlrvpp_mchp:ro] [39/393] Building C object zephyr/CMakeFiles/zephyr.dir/subsys/shell/modules/kernel_service/kernel_shell.c.obj
[ciri:ro] [231/377] Building C object CMakeFiles/app.dir/mnt/host/source/src/platform/ec/build/zephyr/ciri/modules/ec/common/uart_printf.c.obj
[bloonchipper:rw] [185/532] Building C object modules/ec/zephyr/CMakeFiles/ec_shim.dir/app/ec/ec_app_main.c.obj
[kodkod:ro] [112/382] Building C object zephyr/CMakeFiles/zephyr.dir/lib/os/cbprintf_packaged.c.obj
[ciri:ro] [232/377] Building C object CMakeFiles/app.dir/mnt/host/source/src/platform/ec/build/zephyr/ciri/modules/ec/common/util.c.obj
[kodkod:ro] [113/382] Building C object zephyr/CMakeFiles/zephyr.dir/lib/os/clock.c.obj
[ciri:ro] [233/377] Building C object CMakeFiles/app.dir/mnt/host/source/src/platform/ec/build/zephyr/ciri/modules/ec/common/version.c.obj
[bloonchipper:rw] [186/532] Building C object modules/ec/zephyr/CMakeFiles/ec_shim.dir/drivers/cros_flash/cros_flash.c.obj
[bloonchipper:rw] [187/532] Building C object modules/ec/zephyr/CMakeFiles/ec_shim.dir/drivers/cros_flash/cros_flash_stm32_backend.c.obj
[kodkod:ro] [114/382] Building C object zephyr/CMakeFiles/zephyr.dir/lib/os/printk.c.obj
[bloonchipper:rw] [188/532] Building C object modules/ec/zephyr/CMakeFiles/ec_shim.dir/drivers/cros_system/cros_system_stm32.c.obj
[kodkod:ro] [115/382] Building C object zephyr/CMakeFiles/zephyr.dir/lib/os/sem.c.obj
[mtlrvpp_mchp:rw] [39/393] Building C object zephyr/CMakeFiles/zephyr.dir/subsys/shell/modules/kernel_service/kernel_shell.c.obj
[mtlrvpp_mchp:ro] [40/393] Building C object zephyr/CMakeFiles/zephyr.dir/subsys/shell/modules/kernel_service/cycles.c.obj
[ciri:ro] [234/377] Building C object CMakeFiles/app.dir/mnt/host/source/src/platform/ec/build/zephyr/ciri/modules/ec/driver/accelgyro_bmi_common.c.obj
[kodkod:ro] [116/382] Building C object zephyr/CMakeFiles/zephyr.dir/lib/os/thread_entry.c.obj
[bloonchipper:rw] [189/532] Building C object modules/ec/zephyr/CMakeFiles/ec_shim.dir/drivers/fingerprint/fingerprint_fpc1025.c.obj
[kodkod:ro] [117/382] Building C object zephyr/CMakeFiles/zephyr.dir/lib/os/cbprintf_nano.c.obj
[bloonchipper:rw] [190/532] Building C object modules/ec/zephyr/CMakeFiles/ec_shim.dir/drivers/fingerprint/fingerprint_fpc1025_pal.c.obj
[bloonchipper:rw] [191/532] Building C object modules/ec/zephyr/CMakeFiles/ec_shim.dir/libc/exit.c.obj
[ciri:ro] [235/377] Building C object CMakeFiles/app.dir/mnt/host/source/src/platform/ec/build/zephyr/ciri/modules/ec/driver/accelgyro_bmi3xx.c.obj
[kodkod:ro] [118/382] Building C object zephyr/CMakeFiles/zephyr.dir/lib/os/cbprintf.c.obj
[ciri:ro] [236/377] Building C object CMakeFiles/app.dir/mnt/host/source/src/platform/ec/build/zephyr/ciri/modules/ec/driver/accelgyro_lsm6dsm.c.obj
[mtlrvpp_mchp:rw] [40/393] Building C object zephyr/CMakeFiles/zephyr.dir/subsys/shell/modules/kernel_service/cycles.c.obj
[bloonchipper:rw] [192/532] Building C object modules/ec/zephyr/CMakeFiles/ec_shim.dir/shim/src/crc.c.obj
[kodkod:ro] [119/382] Building C object zephyr/CMakeFiles/zephyr.dir/lib/utils/base64.c.obj
[ciri:ro] [237/377] Building C object CMakeFiles/app.dir/mnt/host/source/src/platform/ec/build/zephyr/ciri/modules/ec/common/motion_sense_fifo.c.obj
[bloonchipper:rw] [193/532] Building C object modules/ec/zephyr/CMakeFiles/ec_shim.dir/shim/chip/stm32/clock.c.obj
[mtlrvpp_mchp:ro] [41/393] Building C object zephyr/CMakeFiles/zephyr.dir/subsys/shell/modules/kernel_service/sleep.c.obj
[kodkod:ro] [120/382] Building C object zephyr/CMakeFiles/zephyr.dir/lib/os/assert.c.obj
[bloonchipper:rw] [194/532] Building C object modules/ec/zephyr/CMakeFiles/ec_shim.dir/shim/core/cortex-m/mpu.c.obj
[kodkod:ro] [121/382] Building C object zephyr/CMakeFiles/zephyr.dir/lib/os/reboot.c.obj
[kodkod:ro] [122/382] Building C object zephyr/CMakeFiles/zephyr.dir/lib/utils/dec.c.obj
[kodkod:ro] [123/382] Building C object zephyr/CMakeFiles/zephyr.dir/lib/utils/hex.c.obj
[ciri:ro] [238/377] Building C object CMakeFiles/app.dir/mnt/host/source/src/platform/ec/build/zephyr/ciri/modules/ec/common/adc.c.obj
[bloonchipper:rw] [195/532] Building C object modules/ec/zephyr/CMakeFiles/ec_shim.dir/shim/core/cortex-m/panic.c.obj
[kodkod:ro] [124/382] Building C object zephyr/CMakeFiles/zephyr.dir/lib/utils/timeutil.c.obj
[mtlrvpp_mchp:rw] [41/393] Building C object zephyr/CMakeFiles/zephyr.dir/subsys/shell/modules/kernel_service/sleep.c.obj
[mtlrvpp_mchp:ro] [42/393] Building C object zephyr/CMakeFiles/zephyr.dir/subsys/shell/modules/kernel_service/uptime.c.obj
[ciri:ro] [239/377] Building C object CMakeFiles/app.dir/mnt/host/source/src/platform/ec/build/zephyr/ciri/modules/ec/common/base_state.c.obj
[bloonchipper:rw] [196/532] Building C object modules/ec/zephyr/CMakeFiles/ec_shim.dir/shim/src/console.c.obj
[kodkod:ro] [125/382] Building C object zephyr/CMakeFiles/zephyr.dir/lib/utils/rb.c.obj
[kodkod:ro] [126/382] Building C object zephyr/CMakeFiles/zephyr.dir/lib/utils/bitmask.c.obj
[ciri:ro] [240/377] Building C object CMakeFiles/app.dir/mnt/host/source/src/platform/ec/build/zephyr/ciri/modules/ec/common/battery.c.obj
[bloonchipper:rw] [197/532] Building C object modules/ec/zephyr/CMakeFiles/ec_shim.dir/shim/src/gpio.c.obj
[kodkod:ro] [127/382] Building C object zephyr/CMakeFiles/zephyr.dir/lib/utils/bitarray.c.obj
[bloonchipper:rw] [198/532] Building C object modules/ec/zephyr/CMakeFiles/ec_shim.dir/shim/src/panic_utils.c.obj
[bloonchipper:rw] [199/532] Building C object modules/ec/zephyr/CMakeFiles/ec_shim.dir/shim/src/gpio_int.c.obj
[ciri:ro] [241/377] Building C object CMakeFiles/app.dir/mnt/host/source/src/platform/ec/build/zephyr/ciri/modules/ec/common/battery_info.c.obj
[kodkod:ro] [128/382] Building C object zephyr/CMakeFiles/zephyr.dir/lib/utils/ring_buffer.c.obj
[mtlrvpp_mchp:rw] [42/393] Building C object zephyr/CMakeFiles/zephyr.dir/subsys/shell/modules/kernel_service/uptime.c.obj
[kodkod:ro] [129/382] Building C object zephyr/CMakeFiles/zephyr.dir/lib/utils/getopt/getopt.c.obj
[mtlrvpp_mchp:ro] [43/393] Building C object zephyr/CMakeFiles/zephyr.dir/subsys/shell/modules/kernel_service/version.c.obj
[kodkod:ro] [130/382] Building C object zephyr/CMakeFiles/zephyr.dir/lib/utils/getopt/getopt_common.c.obj
[bloonchipper:rw] [200/532] Building C object modules/ec/zephyr/CMakeFiles/ec_shim.dir/shim/src/pm_state.c.obj
[kodkod:ro] [131/382] Building C object zephyr/CMakeFiles/zephyr.dir/lib/utils/last_section_id.c.obj
[ciri:ro] [242/377] Building C object CMakeFiles/app.dir/mnt/host/source/src/platform/ec/build/zephyr/ciri/modules/ec/common/battery_fuel_gauge.c.obj
[kodkod:ro] [132/382] Building C object zephyr/CMakeFiles/zephyr.dir/misc/generated/configs.c.obj
[ciri:ro] [243/377] Building C object CMakeFiles/app.dir/mnt/host/source/src/platform/ec/build/zephyr/ciri/modules/ec/driver/battery/smart.c.obj
[bloonchipper:rw] [201/532] Building C object modules/ec/zephyr/CMakeFiles/ec_shim.dir/shim/src/system.c.obj
[bloonchipper:rw] [202/532] Building C object modules/ec/zephyr/CMakeFiles/ec_shim.dir/shim/src/fpsensor.c.obj
[bloonchipper:rw] [203/532] Building C object modules/ec/zephyr/CMakeFiles/ec_shim.dir/shim/src/hooks.c.obj
[kodkod:ro] [133/382] Building C object zephyr/CMakeFiles/zephyr.dir/soc/realtek/ec/rts5912/soc.c.obj
[bloonchipper:rw] [204/532] Building C object modules/ec/zephyr/CMakeFiles/ec_shim.dir/shim/src/flash.c.obj
[mtlrvpp_mchp:rw] [43/393] Building C object zephyr/CMakeFiles/zephyr.dir/subsys/shell/modules/kernel_service/version.c.obj
[kodkod:ro] [134/382] Building C object zephyr/CMakeFiles/zephyr.dir/soc/realtek/ec/rts5912/power.c.obj
[mtlrvpp_mchp:ro] [44/393] Building C object zephyr/CMakeFiles/zephyr.dir/subsys/shell/modules/kernel_service/thread/thread.c.obj
[kodkod:ro] [135/382] Building C object zephyr/CMakeFiles/zephyr.dir/soc/realtek/ec/rts5912/device_power.c.obj
[ciri:ro] [244/377] Building C object CMakeFiles/app.dir/mnt/host/source/src/platform/ec/build/zephyr/ciri/modules/ec/driver/charger/rt9490.c.obj
[bloonchipper:rw] [205/532] Building C object modules/ec/zephyr/CMakeFiles/ec_shim.dir/shim/src/host_command.c.obj
[ciri:ro] [245/377] Building C object CMakeFiles/app.dir/mnt/host/source/src/platform/ec/build/zephyr/ciri/modules/ec/common/charger.c.obj
[kodkod:ro] [136/382] Building C object zephyr/CMakeFiles/zephyr.dir/soc/realtek/ec/rts5912/debug_swj.c.obj
[bloonchipper:rw] [206/532] Building C object modules/ec/zephyr/CMakeFiles/ec_shim.dir/shim/src/console_buffer.c.obj
[kodkod:ro] [137/382] Building C object zephyr/CMakeFiles/zephyr.dir/subsys/pm/state.c.obj
[kodkod:ro] [138/382] Building C object zephyr/CMakeFiles/zephyr.dir/subsys/logging/log_minimal.c.obj
[bloonchipper:rw] [207/532] Building C object modules/ec/zephyr/CMakeFiles/ec_shim.dir/shim/src/log_backend_console_buffer.c.obj
[kodkod:ro] [139/382] Building C object zephyr/CMakeFiles/zephyr.dir/subsys/pm/pm.c.obj
[mtlrvpp_mchp:rw] [44/393] Building C object zephyr/CMakeFiles/zephyr.dir/subsys/shell/modules/kernel_service/thread/thread.c.obj
[bloonchipper:rw] [208/532] Building C object modules/ec/zephyr/CMakeFiles/ec_shim.dir/shim/src/mkbp_event.c.obj
[ciri:ro] [246/377] Building C object CMakeFiles/app.dir/mnt/host/source/src/platform/ec/build/zephyr/ciri/modules/ec/common/charge_state.c.obj
[bloonchipper:rw] [209/532] Building C object modules/ec/zephyr/CMakeFiles/ec_shim.dir/shim/src/panic.c.obj
[mtlrvpp_mchp:ro] [45/393] Building C object zephyr/CMakeFiles/zephyr.dir/subsys/shell/modules/kernel_service/thread/list.c.obj
[ciri:ro] [247/377] Building C object CMakeFiles/app.dir/mnt/host/source/src/platform/ec/build/zephyr/ciri/modules/ec/common/charge_ramp.c.obj
[ciri:ro] [248/377] Building C object CMakeFiles/app.dir/mnt/host/source/src/platform/ec/build/zephyr/ciri/modules/ec/common/charge_manager.c.obj
[ciri:ro] [249/377] Building C object CMakeFiles/app.dir/mnt/host/source/src/platform/ec/build/zephyr/ciri/modules/ec/common/cbi_common.c.obj
[kodkod:ro] [140/382] Building C object zephyr/CMakeFiles/zephyr.dir/subsys/pm/policy/policy_events.c.obj
[kodkod:ro] [141/382] Building C object zephyr/CMakeFiles/zephyr.dir/subsys/pm/policy/policy_latency.c.obj
[kodkod:ro] [142/382] Building C object zephyr/CMakeFiles/zephyr.dir/subsys/pm/policy/policy_state_lock.c.obj
[bloonchipper:rw] [210/532] Building C object modules/ec/zephyr/CMakeFiles/ec_shim.dir/shim/src/random.c.obj
[bloonchipper:rw] [211/532] Building C object modules/ec/zephyr/CMakeFiles/ec_shim.dir/shim/src/hwtimer.c.obj
[bloonchipper:rw] [212/532] cd /mnt/host/source/src/platform/ec/build/zephyr/bloonchipper/build-rw/modules/ec/zephyr && PYTHONPATH=/mnt/host/source/src/platform/ec/build/zephyr/bloonchipper/modules/ec/zephyr/zmake/ /usr/bin/python3.11 /mnt/host/source/src/platform/ec/build/zephyr/bloonchipper/modules/ec/zephyr/zmake/zephyr_build_tools/generate_ec_version.py /mnt/host/source/src/platform/ec/build/zephyr/bloonchipper/build-rw/modules/ec/zephyr/include/ec_version.h --name Zephyr-Kernel --version 16543.0.0 --static
[mtlrvpp_mchp:rw] [45/393] Building C object zephyr/CMakeFiles/zephyr.dir/subsys/shell/modules/kernel_service/thread/list.c.obj
[mtlrvpp_mchp:ro] [46/393] Building C object zephyr/CMakeFiles/zephyr.dir/subsys/shell/modules/kernel_service/thread/stacks.c.obj
[bloonchipper:rw] INFO:root:Using a static version string
[bloonchipper:rw] INFO:root:Version string: Zephyr-Kernel-16543.0.0
[bloonchipper:rw] INFO:root:Writing header to /mnt/host/source/src/platform/ec/build/zephyr/bloonchipper/build-rw/modules/ec/zephyr/include/ec_version.h
[bloonchipper:rw] [213/532] Building C object modules/ec/zephyr/CMakeFiles/ec_shim.dir/shim/src/tasks.c.obj
[ciri:ro] [250/377] Building C object CMakeFiles/app.dir/mnt/host/source/src/platform/ec/build/zephyr/ciri/modules/ec/common/cbi_config.c.obj
[kodkod:ro] [143/382] Building C object zephyr/CMakeFiles/zephyr.dir/subsys/pm/device.c.obj
[ciri:ro] [251/377] Building C object CMakeFiles/app.dir/mnt/host/source/src/platform/ec/build/zephyr/ciri/modules/ec/common/cbi.c.obj
[kodkod:ro] [144/382] Building C object zephyr/CMakeFiles/zephyr.dir/subsys/pm/device_system_managed.c.obj
[bloonchipper:rw] [214/532] Building C object modules/ec/zephyr/CMakeFiles/ec_shim.dir/shim/src/watchdog.c.obj
[bloonchipper:rw] [215/532] Building C object modules/ec/zephyr/CMakeFiles/ec_shim.dir/shim/src/usbc_stub.c.obj
[kodkod:ro] [145/382] Building C object zephyr/CMakeFiles/zephyr.dir/subsys/pm/device_runtime.c.obj
[ciri:ro] [252/377] Building C object CMakeFiles/app.dir/mnt/host/source/src/platform/ec/build/zephyr/ciri/modules/ec/common/chipset.c.obj
[/mnt/host/source/src/platform/ec/build/zephyr/wugtrio-lcov]   /mnt/host/source/src/platform/ec/build/zephyr/wugtrio/build-rw/zephyr/CMakeFiles/zephyr.dir/soc/ite/ec/it8xxx2/check_regs.c.gcno:no functions found
[/mnt/host/source/src/platform/ec/build/zephyr/wugtrio-lcov] Filter suppressions 'region':
[ciri:ro] [253/377] Building C object CMakeFiles/app.dir/mnt/host/source/src/platform/ec/build/zephyr/ciri/modules/ec/common/memory_commands.c.obj
[/mnt/host/source/src/platform/ec/build/zephyr/wugtrio-lcov]     35 instances
[/mnt/host/source/src/platform/ec/build/zephyr/wugtrio-lcov]     20 coverpoints
[/mnt/host/source/src/platform/ec/build/zephyr/wugtrio-lcov] Message summary:
[/mnt/host/source/src/platform/ec/build/zephyr/wugtrio-lcov]   31 ignore messages:
[/mnt/host/source/src/platform/ec/build/zephyr/wugtrio-lcov]     gcov: 31
[bloonchipper:rw] [216/532] Building C object CMakeFiles/app.dir/mnt/host/source/src/platform/ec/zephyr/subsys/ap_pwrseq/ap_events.c.obj
[mtlrvpp_mchp:rw] [46/393] Building C object zephyr/CMakeFiles/zephyr.dir/subsys/shell/modules/kernel_service/thread/stacks.c.obj
[mtlrvpp_mchp:ro] [47/393] Building C object zephyr/CMakeFiles/zephyr.dir/subsys/shell/modules/kernel_service/thread/suspend.c.obj
[kodkod:ro] [146/382] Building C object zephyr/CMakeFiles/zephyr.dir/subsys/testsuite/coverage/coverage.c.obj
[kodkod:ro] [147/382] Building C object zephyr/CMakeFiles/zephyr.dir/subsys/tracing/tracing_none.c.obj
[kodkod:ro] [148/382] Building C object zephyr/CMakeFiles/zephyr.dir/subsys/shell/modules/kernel_service/kernel_shell.c.obj
[bloonchipper:rw] [217/532] Building C object CMakeFiles/app.dir/mnt/host/source/src/platform/ec/zephyr/subsys/fingerprint/alg/fpc_bep_bio_alg.c.obj
[ciri:ro] [254/377] Building C object CMakeFiles/app.dir/mnt/host/source/src/platform/ec/build/zephyr/ciri/modules/ec/common/extpower_common.c.obj
[kodkod:ro] [149/382] Building C object zephyr/CMakeFiles/zephyr.dir/subsys/shell/modules/kernel_service/cycles.c.obj
[bloonchipper:rw] [218/532] Building C object CMakeFiles/app.dir/mnt/host/source/src/platform/ec/build/zephyr/bloonchipper/modules/ec/builtin/stdlib.c.obj
[ciri:ro] [255/377] Building C object CMakeFiles/app.dir/mnt/host/source/src/platform/ec/build/zephyr/ciri/modules/ec/common/ap_reset_log.c.obj
[bloonchipper:rw] [219/532] Building C object CMakeFiles/app.dir/mnt/host/source/src/platform/ec/build/zephyr/bloonchipper/modules/ec/common/base32.c.obj
[ciri:ro] [256/377] Building C object CMakeFiles/app.dir/mnt/host/source/src/platform/ec/build/zephyr/ciri/modules/ec/common/extpower_gpio.c.obj
[kodkod:ro] [150/382] Building C object zephyr/CMakeFiles/zephyr.dir/subsys/shell/modules/kernel_service/uptime.c.obj
[kodkod:ro] [151/382] Building C object zephyr/CMakeFiles/zephyr.dir/subsys/shell/modules/kernel_service/version.c.obj
[kodkod:ro] [152/382] Building C object zephyr/CMakeFiles/zephyr.dir/subsys/shell/modules/kernel_service/sleep.c.obj
[mtlrvpp_mchp:rw] [47/393] Building C object zephyr/CMakeFiles/zephyr.dir/subsys/shell/modules/kernel_service/thread/suspend.c.obj
[ciri:ro] [257/377] Building C object CMakeFiles/app.dir/mnt/host/source/src/platform/ec/build/zephyr/ciri/modules/ec/common/flash.c.obj
[mtlrvpp_mchp:ro] [48/393] Building C object zephyr/CMakeFiles/zephyr.dir/subsys/shell/modules/kernel_service/thread/resume.c.obj
[bloonchipper:rw] [220/532] Building C object CMakeFiles/app.dir/mnt/host/source/src/platform/ec/build/zephyr/bloonchipper/modules/ec/common/console_output.c.obj
[kodkod:ro] [153/382] Building C object zephyr/CMakeFiles/zephyr.dir/subsys/shell/modules/kernel_service/reboot.c.obj
[bloonchipper:rw] [221/532] Building C object CMakeFiles/app.dir/mnt/host/source/src/platform/ec/build/zephyr/bloonchipper/modules/ec/common/ec_features.c.obj
[kodkod:ro] [154/382] Building C object zephyr/CMakeFiles/zephyr.dir/subsys/shell/modules/kernel_service/thread/list.c.obj
[kodkod:ro] [155/382] Building C object zephyr/CMakeFiles/zephyr.dir/subsys/shell/modules/kernel_service/thread/thread.c.obj
[ciri:ro] [258/377] Building C object CMakeFiles/app.dir/mnt/host/source/src/platform/ec/build/zephyr/ciri/modules/ec/common/host_command.c.obj
[bloonchipper:rw] [222/532] Building C object CMakeFiles/app.dir/mnt/host/source/src/platform/ec/build/zephyr/bloonchipper/modules/ec/common/gpio_commands.c.obj
[kodkod:ro] [156/382] Building C object zephyr/CMakeFiles/zephyr.dir/subsys/shell/modules/kernel_service/thread/stacks.c.obj
[bloonchipper:rw] [223/532] Building C object modules/ec/third_party/boringssl/build/CMakeFiles/fipsmodule.dir/crypto/fipsmodule/bcm.c.obj
[mtlrvpp_mchp:rw] [48/393] Building C object zephyr/CMakeFiles/zephyr.dir/subsys/shell/modules/kernel_service/thread/resume.c.obj
[bloonchipper:rw] [224/532] Building C object CMakeFiles/app.dir/mnt/host/source/src/platform/ec/build/zephyr/bloonchipper/modules/ec/common/peripheral.c.obj
[mtlrvpp_mchp:ro] [49/393] Building C object zephyr/CMakeFiles/zephyr.dir/subsys/shell/modules/kernel_service/thread/kill.c.obj
[ciri:ro] [259/377] Building C object CMakeFiles/app.dir/mnt/host/source/src/platform/ec/build/zephyr/ciri/modules/ec/common/uart_hostcmd.c.obj
[ciri:ro] [260/377] Building C object CMakeFiles/app.dir/mnt/host/source/src/platform/ec/build/zephyr/ciri/modules/ec/common/host_command_task.c.obj
[ciri:ro] [261/377] Building C object CMakeFiles/app.dir/mnt/host/source/src/platform/ec/build/zephyr/ciri/modules/ec/common/host_event_commands.c.obj
[kodkod:ro] [157/382] Building C object zephyr/CMakeFiles/zephyr.dir/subsys/shell/modules/kernel_service/thread/suspend.c.obj
[bloonchipper:rw] [225/532] Building C object CMakeFiles/app.dir/mnt/host/source/src/platform/ec/build/zephyr/bloonchipper/modules/ec/common/printf.c.obj
[kodkod:ro] [158/382] Building C object zephyr/CMakeFiles/zephyr.dir/subsys/shell/modules/kernel_service/thread/kill.c.obj
[kodkod:ro] [159/382] Building C object zephyr/CMakeFiles/zephyr.dir/subsys/shell/modules/kernel_service/thread/resume.c.obj
[kodkod:ro] [160/382] Building C object zephyr/CMakeFiles/zephyr.dir/subsys/shell/backends/shell_uart.c.obj
[ciri:ro] [262/377] Building C object CMakeFiles/app.dir/mnt/host/source/src/platform/ec/build/zephyr/ciri/modules/ec/common/uptime.c.obj
[mtlrvpp_mchp:rw] [49/393] Building C object zephyr/CMakeFiles/zephyr.dir/subsys/shell/modules/kernel_service/thread/kill.c.obj
[bloonchipper:rw] [226/532] Building C object CMakeFiles/app.dir/mnt/host/source/src/platform/ec/build/zephyr/bloonchipper/modules/ec/common/queue.c.obj
[bloonchipper:rw] [227/532] Building C object CMakeFiles/app.dir/mnt/host/source/src/platform/ec/build/zephyr/bloonchipper/modules/ec/common/system_boot_time.c.obj
[mtlrvpp_mchp:ro] [50/393] Building C object zephyr/CMakeFiles/zephyr.dir/subsys/shell/backends/shell_uart.c.obj
[bloonchipper:rw] [228/532] Building C object CMakeFiles/app.dir/mnt/host/source/src/platform/ec/build/zephyr/bloonchipper/modules/ec/common/uart_printf.c.obj
[kodkod:ro] [161/382] Building C object zephyr/CMakeFiles/zephyr.dir/subsys/shell/shell.c.obj
[bloonchipper:rw] [229/532] Building C object CMakeFiles/app.dir/mnt/host/source/src/platform/ec/build/zephyr/bloonchipper/modules/ec/common/system.c.obj
[ciri:ro] [263/377] Building C object CMakeFiles/app.dir/mnt/host/source/src/platform/ec/build/zephyr/ciri/modules/ec/common/i2c_passthru.c.obj
[ciri:ro] [264/377] Building C object CMakeFiles/app.dir/mnt/host/source/src/platform/ec/build/zephyr/ciri/modules/ec/common/virtual_battery.c.obj
[kodkod:ro] [162/382] Building C object zephyr/CMakeFiles/zephyr.dir/subsys/shell/shell_fprintf.c.obj
[ciri:ro] [265/377] Building C object CMakeFiles/app.dir/mnt/host/source/src/platform/ec/build/zephyr/ciri/modules/ec/common/i2c_controller.c.obj
[kodkod:ro] [163/382] Building C object zephyr/CMakeFiles/zephyr.dir/subsys/shell/shell_utils.c.obj
[bloonchipper:rw] [230/532] Building C object CMakeFiles/app.dir/mnt/host/source/src/platform/ec/build/zephyr/bloonchipper/modules/ec/common/util.c.obj
[kodkod:ro] [164/382] Building C object zephyr/CMakeFiles/zephyr.dir/subsys/shell/shell_ops.c.obj
[/mnt/host/source/src/platform/ec/build/zephyr/obiwan-lcov]   /mnt/host/source/src/platform/ec/build/zephyr/obiwan/build-rw/modules/ec/zephyr/CMakeFiles/ec_shim.dir/shim/src/keyscan.c.gcno:no functions found
[/mnt/host/source/src/platform/ec/build/zephyr/obiwan-lcov] stderr:
[mtlrvpp_mchp:rw] [50/393] Building C object zephyr/CMakeFiles/zephyr.dir/subsys/shell/backends/shell_uart.c.obj
[kodkod:ro] [165/382] Building C object zephyr/CMakeFiles/zephyr.dir/subsys/shell/shell_help.c.obj
[mtlrvpp_mchp:ro] [51/393] Building C object zephyr/CMakeFiles/zephyr.dir/subsys/shell/shell.c.obj
[kodkod:ro] [166/382] Building C object zephyr/CMakeFiles/zephyr.dir/subsys/shell/shell_history.c.obj
[kodkod:ro] [167/382] Building C object zephyr/arch/common/CMakeFiles/arch__common.dir/sw_isr_common.c.obj
[bloonchipper:rw] [231/532] Building C object CMakeFiles/app.dir/mnt/host/source/src/platform/ec/build/zephyr/bloonchipper/modules/ec/common/memory_commands.c.obj
[bloonchipper:rw] [232/532] Building C object CMakeFiles/app.dir/mnt/host/source/src/platform/ec/build/zephyr/bloonchipper/modules/ec/common/ap_reset_log.c.obj
[bloonchipper:rw] [233/532] Building C object CMakeFiles/app.dir/mnt/host/source/src/platform/ec/build/zephyr/bloonchipper/modules/ec/common/version.c.obj
[ciri:ro] [266/377] Building C object CMakeFiles/app.dir/mnt/host/source/src/platform/ec/build/zephyr/ciri/modules/ec/common/keyboard_scan.c.obj
[kodkod:ro] [168/382] Building C object zephyr/CMakeFiles/zephyr.dir/drivers/flash/flash_util.c.obj
[ciri:ro] [267/377] Building C object CMakeFiles/app.dir/mnt/host/source/src/platform/ec/build/zephyr/ciri/modules/ec/common/mkbp_info.c.obj
[ciri:ro] [268/377] Building C object CMakeFiles/app.dir/mnt/host/source/src/platform/ec/build/zephyr/ciri/modules/ec/common/mkbp_fifo.c.obj
[ciri:ro] [269/377] Building C object CMakeFiles/app.dir/mnt/host/source/src/platform/ec/build/zephyr/ciri/modules/ec/common/keyboard_mkbp.c.obj
[kodkod:ro] [169/382] Linking C static library zephyr/libzephyr.a
[kodkod:ro] [170/382] Building C object zephyr/arch/common/CMakeFiles/arch__common.dir/dynamic_isr.c.obj
[kodkod:ro] [171/382] Building C object zephyr/arch/common/CMakeFiles/arch__common.dir/init.c.obj
[bloonchipper:rw] [234/532] Building C object CMakeFiles/app.dir/mnt/host/source/src/platform/ec/build/zephyr/bloonchipper/modules/ec/common/flash.c.obj
[kodkod:ro] [172/382] Building C object zephyr/arch/common/CMakeFiles/arch__common.dir/xip.c.obj
[mtlrvpp_mchp:rw] [51/393] Building C object zephyr/CMakeFiles/zephyr.dir/subsys/shell/shell.c.obj
[mtlrvpp_mchp:ro] [52/393] Building C object zephyr/CMakeFiles/zephyr.dir/subsys/shell/shell_fprintf.c.obj
[kodkod:ro] [173/382] Building ASM object zephyr/arch/arch/arm/core/CMakeFiles/arch__arm__core.dir/nmi_on_reset.S.obj
[kodkod:ro] [174/382] Building C object zephyr/arch/common/CMakeFiles/isr_tables.dir/isr_tables.c.obj
[kodkod:ro] [175/382] Building C object zephyr/arch/arch/arm/core/CMakeFiles/arch__arm__core.dir/nmi.c.obj
[kodkod:ro] [176/382] Building C object zephyr/arch/arch/arm/core/CMakeFiles/arch__arm__core.dir/fatal.c.obj
[kodkod:ro] [177/382] Linking C static library zephyr/arch/common/libisr_tables.a
[ciri:ro] [270/377] Building C object CMakeFiles/app.dir/mnt/host/source/src/platform/ec/build/zephyr/ciri/modules/ec/common/mkbp_input_devices.c.obj
[kodkod:ro] [178/382] Linking C static library zephyr/arch/common/libarch__common.a
[kodkod:ro] [179/382] Linking C static library zephyr/arch/arch/arm/core/libarch__arm__core.a
[ciri:ro] [271/377] Building C object CMakeFiles/app.dir/mnt/host/source/src/platform/ec/build/zephyr/ciri/modules/ec/common/lid_switch.c.obj
[ciri:ro] [272/377] Building C object CMakeFiles/app.dir/mnt/host/source/src/platform/ec/build/zephyr/ciri/modules/ec/common/led_common.c.obj
[kodkod:ro] [180/382] Building ASM object zephyr/arch/arch/arm/core/cortex_m/CMakeFiles/arch__arm__core__cortex_m.dir/fault_s.S.obj
[ciri:ro] [273/377] Building C object CMakeFiles/app.dir/mnt/host/source/src/platform/ec/build/zephyr/ciri/modules/ec/common/mkbp_event.c.obj
[kodkod:ro] [181/382] Building C object zephyr/arch/arch/arm/core/cortex_m/CMakeFiles/arch__arm__core__cortex_m.dir/exc_exit.c.obj
[mtlrvpp_mchp:rw] [52/393] Building C object zephyr/CMakeFiles/zephyr.dir/subsys/shell/shell_fprintf.c.obj
[mtlrvpp_mchp:ro] [53/393] Building C object zephyr/CMakeFiles/zephyr.dir/subsys/shell/shell_utils.c.obj
[kodkod:ro] [182/382] Building C object zephyr/arch/arch/arm/core/cortex_m/CMakeFiles/arch__arm__core__cortex_m.dir/fpu.c.obj
[kodkod:ro] [183/382] Building C object zephyr/arch/arch/arm/core/cortex_m/CMakeFiles/arch__arm__core__cortex_m.dir/fault.c.obj
[kodkod:ro] [184/382] Building ASM object zephyr/arch/arch/arm/core/cortex_m/CMakeFiles/arch__arm__core__cortex_m.dir/reset.S.obj
[ciri:ro] [274/377] Building C object CMakeFiles/app.dir/mnt/host/source/src/platform/ec/build/zephyr/ciri/modules/ec/common/power_button.c.obj
[kodkod:ro] [185/382] Building C object zephyr/arch/arch/arm/core/cortex_m/CMakeFiles/arch__arm__core__cortex_m.dir/scb.c.obj
[kodkod:ro] [186/382] Building ASM object zephyr/arch/arch/arm/core/cortex_m/CMakeFiles/arch__arm__core__cortex_m.dir/vector_table.S.obj
[kodkod:ro] [187/382] Building C object zephyr/arch/arch/arm/core/cortex_m/CMakeFiles/arch__arm__core__cortex_m.dir/thread_abort.c.obj
[ciri:ro] [275/377] Building C object CMakeFiles/app.dir/mnt/host/source/src/platform/ec/build/zephyr/ciri/modules/ec/power/common.c.obj
[mtlrvpp_mchp:ro] [54/393] Building C object zephyr/CMakeFiles/zephyr.dir/subsys/shell/shell_ops.c.obj
[mtlrvpp_mchp:rw] [53/393] Building C object zephyr/CMakeFiles/zephyr.dir/subsys/shell/shell_utils.c.obj
[ciri:ro] [276/377] Building C object CMakeFiles/app.dir/mnt/host/source/src/platform/ec/build/zephyr/ciri/modules/ec/common/motion_sense.c.obj
[ciri:ro] [277/377] Building C object CMakeFiles/app.dir/mnt/host/source/src/platform/ec/build/zephyr/ciri/modules/ec/power/host_sleep.c.obj
[kodkod:ro] [188/382] Building ASM object zephyr/arch/arch/arm/core/cortex_m/CMakeFiles/arch__arm__core__cortex_m.dir/swap_helper.S.obj
[kodkod:ro] [189/382] Building C object zephyr/arch/arch/arm/core/cortex_m/CMakeFiles/arch__arm__core__cortex_m.dir/prep_c.c.obj
[kodkod:ro] [190/382] Building C object zephyr/arch/arch/arm/core/cortex_m/CMakeFiles/arch__arm__core__cortex_m.dir/irq_manage.c.obj
[kodkod:ro] [191/382] Building C object zephyr/arch/arch/arm/core/cortex_m/CMakeFiles/arch__arm__core__cortex_m.dir/thread.c.obj
[mtlrvpp_mchp:ro] [55/393] Building C object zephyr/CMakeFiles/zephyr.dir/subsys/shell/shell_help.c.obj
[ciri:ro] [278/377] Building C object CMakeFiles/app.dir/mnt/host/source/src/platform/ec/build/zephyr/ciri/modules/ec/power/mt8186.c.obj
[mtlrvpp_mchp:rw] [54/393] Building C object zephyr/CMakeFiles/zephyr.dir/subsys/shell/shell_ops.c.obj
[kodkod:ro] [192/382] Building C object zephyr/arch/arch/arm/core/cortex_m/CMakeFiles/arch__arm__core__cortex_m.dir/cpu_idle.c.obj
[ciri:ro] [279/377] Building C object CMakeFiles/app.dir/mnt/host/source/src/platform/ec/build/zephyr/ciri/modules/ec/driver/sha256/sha256_it8xxx2.c.obj
[bloonchipper:rw] [235/532] Building CXX object CMakeFiles/app.dir/mnt/host/source/src/platform/ec/build/zephyr/bloonchipper/modules/ec/common/fpsensor/fpsensor_crypto.cc.obj
[ciri:ro] [280/377] Building C object CMakeFiles/app.dir/mnt/host/source/src/platform/ec/build/zephyr/ciri/modules/ec/common/panic_output.c.obj
[bloonchipper:rw] [236/532] Building CXX object CMakeFiles/app.dir/mnt/host/source/src/platform/ec/build/zephyr/bloonchipper/modules/ec/common/fpsensor/fpsensor.cc.obj
[kodkod:ro] [193/382] Building C object zephyr/arch/arch/arm/core/cortex_m/CMakeFiles/arch__arm__core__cortex_m.dir/irq_init.c.obj
[bloonchipper:rw] [237/532] Building CXX object CMakeFiles/app.dir/mnt/host/source/src/platform/ec/build/zephyr/bloonchipper/modules/ec/common/fpsensor/fpsensor_state.cc.obj
[kodkod:ro] [194/382] Generating ../../../include/generated/libc/minimal/strerror_table.h
[kodkod:ro] [195/382] Building C object zephyr/arch/arch/arm/core/cortex_m/CMakeFiles/arch__arm__core__cortex_m.dir/isr_wrapper.c.obj
[ciri:ro] [281/377] Building C object CMakeFiles/app.dir/mnt/host/source/src/platform/ec/build/zephyr/ciri/modules/ec/common/shared_mem.c.obj
[bloonchipper:rw] [238/532] Building CXX object CMakeFiles/app.dir/mnt/host/source/src/platform/ec/build/zephyr/bloonchipper/modules/ec/common/fpsensor/fpsensor_debug.cc.obj
[bloonchipper:rw] [239/532] Building CXX object CMakeFiles/app.dir/mnt/host/source/src/platform/ec/build/zephyr/bloonchipper/modules/ec/common/fpsensor/fpsensor_detect_strings.cc.obj
[kodkod:ro] [196/382] Linking C static library zephyr/arch/arch/arm/core/cortex_m/libarch__arm__core__cortex_m.a
[kodkod:ro] [197/382] Building C object zephyr/arch/arch/arm/core/cortex_m/cmse/CMakeFiles/arch__arm__core__cortex_m__cmse.dir/arm_core_cmse.c.obj
[kodkod:ro] [198/382] Building C object zephyr/lib/libc/minimal/CMakeFiles/lib__libc__minimal.dir/source/stdlib/atoi.c.obj
[bloonchipper:rw] [240/532] Building CXX object CMakeFiles/app.dir/mnt/host/source/src/platform/ec/build/zephyr/bloonchipper/modules/ec/common/fpsensor/fpsensor_auth_commands.cc.obj
[kodkod:ro] [199/382] Linking C static library zephyr/arch/arch/arm/core/cortex_m/cmse/libarch__arm__core__cortex_m__cmse.a
[kodkod:ro] [200/382] Building C object zephyr/lib/libc/minimal/CMakeFiles/lib__libc__minimal.dir/source/stdlib/strtol.c.obj
[kodkod:ro] [201/382] Building C object zephyr/lib/libc/minimal/CMakeFiles/lib__libc__minimal.dir/source/stdlib/strtoul.c.obj
[kodkod:ro] [202/382] Building C object zephyr/lib/libc/minimal/CMakeFiles/lib__libc__minimal.dir/source/stdlib/strtoll.c.obj
[mtlrvpp_mchp:ro] [56/393] Building C object zephyr/CMakeFiles/zephyr.dir/subsys/shell/shell_history.c.obj
[mtlrvpp_mchp:rw] [55/393] Building C object zephyr/CMakeFiles/zephyr.dir/subsys/shell/shell_help.c.obj
[kodkod:ro] [203/382] Building C object zephyr/lib/libc/common/CMakeFiles/lib__libc__common.dir/source/stdlib/abort.c.obj
[kodkod:ro] [204/382] Building C object zephyr/lib/libc/minimal/CMakeFiles/lib__libc__minimal.dir/source/stdlib/bsearch.c.obj
[kodkod:ro] [205/382] Building C object zephyr/lib/libc/minimal/CMakeFiles/lib__libc__minimal.dir/source/stdlib/strtoull.c.obj
[ciri:ro] [282/377] Building C object CMakeFiles/app.dir/mnt/host/source/src/platform/ec/build/zephyr/ciri/modules/ec/driver/stm_mems_common.c.obj
[ciri:ro] [283/377] Building C object CMakeFiles/app.dir/mnt/host/source/src/platform/ec/build/zephyr/ciri/modules/ec/common/switch.c.obj
[kodkod:ro] [206/382] Building C object zephyr/lib/libc/minimal/CMakeFiles/lib__libc__minimal.dir/source/string/strncasecmp.c.obj
[kodkod:ro] [207/382] Building C object zephyr/lib/libc/minimal/CMakeFiles/lib__libc__minimal.dir/source/string/strerror.c.obj
[kodkod:ro] [208/382] Building C object zephyr/lib/libc/minimal/CMakeFiles/lib__libc__minimal.dir/source/stdlib/qsort.c.obj
[ciri:ro] [284/377] Building C object CMakeFiles/app.dir/mnt/host/source/src/platform/ec/build/zephyr/ciri/modules/ec/common/tablet_mode.c.obj
[kodkod:ro] [209/382] Building C object zephyr/lib/libc/minimal/CMakeFiles/lib__libc__minimal.dir/source/string/strstr.c.obj
[kodkod:ro] [210/382] Building C object zephyr/lib/libc/minimal/CMakeFiles/lib__libc__minimal.dir/source/string/strspn.c.obj
[kodkod:ro] [211/382] Building C object zephyr/lib/libc/minimal/CMakeFiles/lib__libc__minimal.dir/source/stdlib/exit.c.obj
[kodkod:ro] [212/382] Building C object zephyr/lib/libc/minimal/CMakeFiles/lib__libc__minimal.dir/source/string/string.c.obj
[ciri:ro] [285/377] Building C object CMakeFiles/app.dir/mnt/host/source/src/platform/ec/build/zephyr/ciri/modules/ec/common/thermal.c.obj
[mtlrvpp_mchp:rw] [56/393] Building C object zephyr/CMakeFiles/zephyr.dir/subsys/shell/shell_history.c.obj
[mtlrvpp_mchp:ro] [57/393] Building C object zephyr/CMakeFiles/zephyr.dir/drivers/flash/flash_util.c.obj
[kodkod:ro] [213/382] Building C object zephyr/lib/libc/minimal/CMakeFiles/lib__libc__minimal.dir/source/math/sqrtf.c.obj
[bloonchipper:rw] [241/532] Building CXX object CMakeFiles/app.dir/mnt/host/source/src/platform/ec/build/zephyr/bloonchipper/modules/ec/common/fpsensor/fpsensor_vendor_command.cc.obj
[kodkod:ro] [214/382] Building C object zephyr/lib/libc/minimal/CMakeFiles/lib__libc__minimal.dir/source/stdout/fprintf.c.obj
[mtlrvpp_mchp:ro] [58/393] Linking C static library zephyr/libzephyr.a
[kodkod:ro] [215/382] Building C object zephyr/lib/libc/minimal/CMakeFiles/lib__libc__minimal.dir/source/stdout/sprintf.c.obj
[/mnt/host/source/src/platform/ec/build/zephyr/obiwan-lcov]   /mnt/host/source/src/platform/ec/build/zephyr/obiwan/build-rw/CMakeFiles/app.dir/mnt/host/source/src/platform/ec/build/zephyr/obiwan/modules/ec/common/cbi_config.c.gcno:no functions found
[/mnt/host/source/src/platform/ec/build/zephyr/obiwan-lcov] stderr:
[kodkod:ro] [216/382] Building C object zephyr/lib/libc/minimal/CMakeFiles/lib__libc__minimal.dir/source/stdout/stdout_console.c.obj
[ciri:ro] [286/377] Building C object CMakeFiles/app.dir/mnt/host/source/src/platform/ec/build/zephyr/ciri/modules/ec/common/temp_sensor.c.obj
[kodkod:ro] [217/382] Building C object zephyr/lib/libc/minimal/CMakeFiles/lib__libc__minimal.dir/source/math/sqrt.c.obj
[ciri:ro] [287/377] Building C object CMakeFiles/app.dir/mnt/host/source/src/platform/ec/build/zephyr/ciri/modules/ec/driver/temp_sensor/thermistor.c.obj
[kodkod:ro] [218/382] Building C object zephyr/lib/libc/common/CMakeFiles/lib__libc__common.dir/source/time/gmtime_r.c.obj
[ciri:ro] [288/377] Building C object CMakeFiles/app.dir/mnt/host/source/src/platform/ec/build/zephyr/ciri/modules/ec/common/timer.c.obj
[kodkod:ro] [219/382] Building C object zephyr/lib/libc/common/CMakeFiles/lib__libc__common.dir/source/time/asctime.c.obj
[mtlrvpp_mchp:rw] [57/393] Building C object zephyr/CMakeFiles/zephyr.dir/drivers/flash/flash_util.c.obj
[ciri:ro] [289/377] Building C object CMakeFiles/app.dir/mnt/host/source/src/platform/ec/build/zephyr/ciri/modules/ec/common/typec_control.c.obj
[kodkod:ro] [220/382] Building C object zephyr/lib/libc/common/CMakeFiles/lib__libc__common.dir/source/time/localtime_r_utc.c.obj
[kodkod:ro] [221/382] Building C object zephyr/lib/libc/minimal/CMakeFiles/lib__libc__minimal.dir/source/time/gmtime.c.obj
[kodkod:ro] [222/382] Building C object zephyr/lib/libc/common/CMakeFiles/lib__libc__common.dir/source/time/ctime.c.obj
[mtlrvpp_mchp:ro] [59/393] Building C object zephyr/arch/common/CMakeFiles/arch__common.dir/sw_isr_common.c.obj
[mtlrvpp_mchp:rw] [58/393] Linking C static library zephyr/libzephyr.a
[kodkod:ro] [223/382] Linking C static library zephyr/lib/libc/minimal/liblib__libc__minimal.a
[kodkod:ro] [224/382] Building C object zephyr/lib/libc/common/CMakeFiles/lib__libc__common.dir/source/time/time.c.obj
[kodkod:ro] [225/382] Building C object zephyr/lib/libc/common/CMakeFiles/lib__libc__common.dir/source/string/strnlen.c.obj
[kodkod:ro] [226/382] Building C object zephyr/lib/posix/c_lib_ext/CMakeFiles/lib__posix__c_lib_ext.dir/fnmatch.c.obj
[mtlrvpp_mchp:ro] [60/393] Building C object zephyr/arch/common/CMakeFiles/arch__common.dir/init.c.obj
[ciri:ro] [290/377] Building C object CMakeFiles/app.dir/mnt/host/source/src/platform/ec/build/zephyr/ciri/modules/ec/common/usb_pd_pdo.c.obj
[kodkod:ro] [227/382] Building C object zephyr/lib/libc/common/CMakeFiles/lib__libc__common.dir/source/stdlib/malloc.c.obj
[bloonchipper:rw] [242/532] Building CXX object CMakeFiles/app.dir/mnt/host/source/src/platform/ec/build/zephyr/bloonchipper/modules/ec/common/fpsensor/fpsensor_utils.cc.obj
[ciri:ro] [291/377] Building C object CMakeFiles/app.dir/mnt/host/source/src/platform/ec/build/zephyr/ciri/modules/ec/common/usb_common.c.obj
[kodkod:ro] [228/382] Linking C static library zephyr/lib/libc/common/liblib__libc__common.a
[mtlrvpp_mchp:rw] [59/393] Building C object zephyr/arch/common/CMakeFiles/arch__common.dir/sw_isr_common.c.obj
[kodkod:ro] [229/382] Building C object zephyr/lib/posix/c_lib_ext/CMakeFiles/lib__posix__c_lib_ext.dir/getentropy.c.obj
[kodkod:ro] [230/382] Building C object zephyr/lib/posix/c_lib_ext/CMakeFiles/lib__posix__c_lib_ext.dir/getopt_shim.c.obj
[ciri:ro] [292/377] Building C object CMakeFiles/app.dir/mnt/host/source/src/platform/ec/build/zephyr/ciri/modules/ec/common/usbc/usb_pd_timer.c.obj
[ciri:ro] [293/377] Building C object CMakeFiles/app.dir/mnt/host/source/src/platform/ec/build/zephyr/ciri/modules/ec/common/usbc/usbc_task.c.obj
[kodkod:ro] [231/382] Building C object zephyr/lib/smf/CMakeFiles/lib__smf.dir/smf.c.obj
[kodkod:ro] [232/382] Linking C static library zephyr/lib/posix/c_lib_ext/liblib__posix__c_lib_ext.a
[kodkod:ro] [233/382] Building C object zephyr/subsys/crc/CMakeFiles/subsys__crc.dir/crc4_sw.c.obj
[kodkod:ro] [234/382] Building C object zephyr/subsys/crc/CMakeFiles/subsys__crc.dir/crc8_sw.c.obj
[kodkod:ro] [235/382] Linking C static library zephyr/lib/smf/liblib__smf.a
[kodkod:ro] [236/382] Building C object zephyr/subsys/crc/CMakeFiles/subsys__crc.dir/crc16_sw.c.obj
[kodkod:ro] [237/382] Building C object zephyr/subsys/crc/CMakeFiles/subsys__crc.dir/crc24_sw.c.obj
[kodkod:ro] [238/382] Building C object zephyr/subsys/crc/CMakeFiles/subsys__crc.dir/crc7_sw.c.obj
[bloonchipper:rw] [243/532] Building CXX object CMakeFiles/app.dir/mnt/host/source/src/platform/ec/build/zephyr/bloonchipper/modules/ec/common/fpsensor/fpsensor_auth_crypto_stateful.cc.obj
[mtlrvpp_mchp:ro] [61/393] Building C object zephyr/arch/common/CMakeFiles/arch__common.dir/xip.c.obj
[kodkod:ro] [239/382] Building C object zephyr/subsys/crc/CMakeFiles/subsys__crc.dir/crc32c_sw.c.obj
[kodkod:ro] [240/382] Building C object zephyr/subsys/crc/CMakeFiles/subsys__crc.dir/crc32k_4_2_sw.c.obj
[bloonchipper:rw] [244/532] Building CXX object CMakeFiles/app.dir/mnt/host/source/src/platform/ec/build/zephyr/bloonchipper/modules/ec/crypto/elliptic_curve_key.cc.obj
[kodkod:ro] [241/382] Building C object zephyr/subsys/crc/CMakeFiles/subsys__crc.dir/crc32_sw.c.obj
[mtlrvpp_mchp:rw] [60/393] Building C object zephyr/arch/common/CMakeFiles/arch__common.dir/init.c.obj
[bloonchipper:rw] [245/532] Building CXX object CMakeFiles/app.dir/mnt/host/source/src/platform/ec/build/zephyr/bloonchipper/modules/ec/common/fpsensor/fpsensor_auth_crypto_stateless.cc.obj
[bloonchipper:rw] [246/532] Building CXX object CMakeFiles/app.dir/mnt/host/source/src/platform/ec/build/zephyr/bloonchipper/modules/ec/common/fpsensor/fpsensor_frame_size.cc.obj
[kodkod:ro] [242/382] Linking C static library zephyr/subsys/crc/libsubsys__crc.a
[kodkod:ro] [243/382] Building C object zephyr/drivers/interrupt_controller/CMakeFiles/drivers__interrupt_controller.dir/mnt/host/source/src/third_party/zephyr/main/misc/empty_file.c.obj
[kodkod:ro] [244/382] Building C object zephyr/subsys/input/CMakeFiles/subsys__input.dir/input_hid.c.obj
[/mnt/host/source/src/platform/ec/build/zephyr/obiwan-lcov]   /mnt/host/source/src/platform/ec/build/zephyr/obiwan/build-rw/zephyr/arch/arch/arm/core/mpu/CMakeFiles/arch__arm__core__mpu.dir/arm_mpu_regions.c.gcno:no functions found
[/mnt/host/source/src/platform/ec/build/zephyr/obiwan-lcov] stderr:
[kodkod:ro] [245/382] Linking C static library zephyr/drivers/interrupt_controller/libdrivers__interrupt_controller.a
[ciri:ro] [294/377] Building C object CMakeFiles/app.dir/mnt/host/source/src/platform/ec/build/zephyr/ciri/modules/ec/common/usbc/usb_sm.c.obj
[ciri:ro] [295/377] Building C object CMakeFiles/app.dir/mnt/host/source/src/platform/ec/build/zephyr/ciri/modules/ec/common/usbc_intr_task.c.obj
[ciri:ro] [296/377] Building C object CMakeFiles/app.dir/mnt/host/source/src/platform/ec/build/zephyr/ciri/modules/ec/common/usb_pd_flags.c.obj
[ciri:ro] [297/377] Building C object CMakeFiles/app.dir/mnt/host/source/src/platform/ec/build/zephyr/ciri/modules/ec/common/usbc_utils.c.obj
[bloonchipper:rw] [247/532] Building C object CMakeFiles/app.dir/mnt/host/source/src/platform/ec/build/zephyr/bloonchipper/modules/ec/common/host_command.c.obj
[mtlrvpp_mchp:ro] [62/393] Building C object zephyr/arch/common/CMakeFiles/isr_tables.dir/isr_tables.c.obj
[kodkod:ro] [246/382] Building C object zephyr/subsys/input/CMakeFiles/subsys__input.dir/input.c.obj
[mtlrvpp_mchp:ro] [63/393] Linking C static library zephyr/arch/common/libisr_tables.a
[kodkod:ro] [247/382] Building C object zephyr/subsys/input/CMakeFiles/subsys__input.dir/input_utils.c.obj
[mtlrvpp_mchp:ro] [64/393] Linking C static library zephyr/arch/common/libarch__common.a
[kodkod:ro] [248/382] Linking C static library zephyr/subsys/input/libsubsys__input.a
[mtlrvpp_mchp:rw] [61/393] Building C object zephyr/arch/common/CMakeFiles/arch__common.dir/xip.c.obj
[kodkod:ro] [249/382] Building C object zephyr/drivers/adc/CMakeFiles/drivers__adc.dir/adc_common.c.obj
[kodkod:ro] [250/382] Building C object zephyr/drivers/adc/CMakeFiles/drivers__adc.dir/adc_realtek_rts5912.c.obj
[bloonchipper:rw] [248/532] Building C object CMakeFiles/app.dir/mnt/host/source/src/platform/ec/build/zephyr/bloonchipper/modules/ec/common/uptime.c.obj
[bloonchipper:rw] [249/532] Building C object CMakeFiles/app.dir/mnt/host/source/src/platform/ec/build/zephyr/bloonchipper/modules/ec/common/uart_hostcmd.c.obj
[kodkod:ro] [251/382] Linking C static library zephyr/drivers/adc/libdrivers__adc.a
[bloonchipper:rw] [250/532] Building C object CMakeFiles/app.dir/mnt/host/source/src/platform/ec/build/zephyr/bloonchipper/modules/ec/common/host_event_commands.c.obj
[bloonchipper:rw] [251/532] Building C object CMakeFiles/app.dir/mnt/host/source/src/platform/ec/build/zephyr/bloonchipper/modules/ec/common/mkbp_event.c.obj
[ciri:ro] [298/377] Building C object CMakeFiles/app.dir/mnt/host/source/src/platform/ec/build/zephyr/ciri/modules/ec/common/chargen.c.obj
[kodkod:ro] [252/382] Building C object zephyr/drivers/bbram/CMakeFiles/drivers__bbram.dir/bbram_rts5912.c.obj
[kodkod:ro] [253/382] Building C object zephyr/drivers/clock_control/CMakeFiles/drivers__clock_control.dir/clock_control_rts5912_sccon.c.obj
[kodkod:ro] [254/382] Linking C static library zephyr/drivers/bbram/libdrivers__bbram.a
[ciri:ro] [299/377] Building C object CMakeFiles/app.dir/mnt/host/source/src/platform/ec/build/zephyr/ciri/modules/ec/common/usbc/usb_pd_console.c.obj
[/mnt/host/source/src/platform/ec/build/zephyr/obiwan-lcov]   /mnt/host/source/src/platform/ec/build/zephyr/obiwan/build-rw/zephyr/arch/common/CMakeFiles/isr_tables.dir/isr_tables.c.gcno:no functions found
[/mnt/host/source/src/platform/ec/build/zephyr/obiwan-lcov] stderr:
[kodkod:ro] [255/382] Linking C static library zephyr/drivers/clock_control/libdrivers__clock_control.a
[mtlrvpp_mchp:rw] [62/393] Building C object zephyr/arch/common/CMakeFiles/isr_tables.dir/isr_tables.c.obj
[mtlrvpp_mchp:ro] [65/393] Building C object zephyr/arch/arch/arm/core/CMakeFiles/arch__arm__core.dir/fatal.c.obj
[kodkod:ro] [256/382] Building C object zephyr/drivers/console/CMakeFiles/drivers__console.dir/uart_console.c.obj
[bloonchipper:rw] [252/532] Building C object CMakeFiles/app.dir/mnt/host/source/src/platform/ec/build/zephyr/bloonchipper/modules/ec/common/mkbp_fifo.c.obj
[mtlrvpp_mchp:rw] [63/393] Linking C static library zephyr/arch/common/libisr_tables.a
[kodkod:ro] [257/382] Linking C static library zephyr/drivers/console/libdrivers__console.a
[ciri:ro] [300/377] Building C object CMakeFiles/app.dir/mnt/host/source/src/platform/ec/build/zephyr/ciri/modules/ec/driver/usb_mux/ps8743.c.obj
[mtlrvpp_mchp:rw] [64/393] Linking C static library zephyr/arch/common/libarch__common.a
[ciri:ro] [301/377] Building C object CMakeFiles/app.dir/mnt/host/source/src/platform/ec/build/zephyr/ciri/modules/ec/driver/usb_mux/usb_mux.c.obj
[kodkod:ro] [258/382] Building C object zephyr/drivers/counter/CMakeFiles/drivers__counter.dir/counter_realtek_rts5912.c.obj
[kodkod:ro] [259/382] Linking C static library zephyr/drivers/counter/libdrivers__counter.a
[kodkod:ro] [260/382] Building C object zephyr/drivers/crypto/CMakeFiles/drivers__crypto.dir/crypto_rts5912_sha.c.obj
[bloonchipper:rw] [253/532] Building C object CMakeFiles/app.dir/mnt/host/source/src/platform/ec/build/zephyr/bloonchipper/modules/ec/common/rollback.c.obj
[bloonchipper:rw] [254/532] Building C object CMakeFiles/app.dir/mnt/host/source/src/platform/ec/build/zephyr/bloonchipper/modules/ec/common/panic_output.c.obj
[bloonchipper:rw] [255/532] Building C object CMakeFiles/app.dir/mnt/host/source/src/platform/ec/build/zephyr/bloonchipper/modules/ec/common/vboot/vb21_lib.c.obj
[bloonchipper:rw] [256/532] Building C object CMakeFiles/app.dir/mnt/host/source/src/platform/ec/build/zephyr/bloonchipper/modules/ec/libc/sbrk.c.obj
[kodkod:ro] [261/382] Linking C static library zephyr/drivers/crypto/libdrivers__crypto.a
[ciri:ro] [302/377] Building C object CMakeFiles/app.dir/mnt/host/source/src/platform/ec/build/zephyr/ciri/modules/ec/driver/usb_mux/virtual.c.obj
[kodkod:ro] [262/382] Building C object zephyr/drivers/flash/CMakeFiles/drivers__flash.dir/flash_realtek_rts5912.c.obj
[mtlrvpp_mchp:ro] [66/393] Building C object zephyr/arch/arch/arm/core/CMakeFiles/arch__arm__core.dir/nmi.c.obj
[mtlrvpp_mchp:rw] [65/393] Building C object zephyr/arch/arch/arm/core/CMakeFiles/arch__arm__core.dir/fatal.c.obj
[kodkod:ro] [263/382] Building C object zephyr/drivers/espi/CMakeFiles/drivers__espi.dir/espi_realtek_rts5912.c.obj
[kodkod:ro] [264/382] Linking C static library zephyr/drivers/flash/libdrivers__flash.a
[ciri:ro] [303/377] Building C object CMakeFiles/app.dir/mnt/host/source/src/platform/ec/build/zephyr/ciri/modules/ec/common/dps.c.obj
[kodkod:ro] [265/382] Linking C static library zephyr/drivers/espi/libdrivers__espi.a
[bloonchipper:rw] [257/532] Building C object CMakeFiles/app.dir/mnt/host/source/src/platform/ec/build/zephyr/bloonchipper/modules/ec/common/sha256.c.obj
[ciri:ro] [304/377] Building C object CMakeFiles/app.dir/mnt/host/source/src/platform/ec/build/zephyr/ciri/modules/ec/common/event_log.c.obj
[mtlrvpp_mchp:ro] [67/393] Building ASM object zephyr/arch/arch/arm/core/CMakeFiles/arch__arm__core.dir/nmi_on_reset.S.obj
[ciri:ro] [305/377] Building C object CMakeFiles/app.dir/mnt/host/source/src/platform/ec/build/zephyr/ciri/modules/ec/common/pd_log.c.obj
[kodkod:ro] [266/382] Building C object zephyr/drivers/i2c/CMakeFiles/drivers__i2c.dir/i2c_common.c.obj
[mtlrvpp_mchp:ro] [68/393] Linking C static library zephyr/arch/arch/arm/core/libarch__arm__core.a
[kodkod:ro] [267/382] Building C object zephyr/drivers/gpio/CMakeFiles/drivers__gpio.dir/gpio_rts5912.c.obj
[kodkod:ro] [268/382] Linking C static library zephyr/drivers/gpio/libdrivers__gpio.a
[bloonchipper:rw] [258/532] Building C object CMakeFiles/app.dir/mnt/host/source/src/platform/ec/build/zephyr/bloonchipper/modules/ec/common/timer.c.obj
[bloonchipper:rw] [259/532] Building C object CMakeFiles/app.dir/mnt/host/source/src/platform/ec/build/zephyr/bloonchipper/modules/ec/common/shared_mem_libc.c.obj
[bloonchipper:rw] [260/532] Building C object CMakeFiles/app.dir/mnt/host/source/src/platform/ec/build/zephyr/bloonchipper/modules/ec/common/math_util.c.obj
[mtlrvpp_mchp:rw] [66/393] Building C object zephyr/arch/arch/arm/core/CMakeFiles/arch__arm__core.dir/nmi.c.obj
[kodkod:ro] [269/382] Building C object zephyr/drivers/i2c/CMakeFiles/drivers__i2c.dir/i2c_shell.c.obj
[bloonchipper:rw] [261/532] Linking C static library modules/ec/zephyr/libec_shim.a
[bloonchipper:rw] [262/532] Building C object CMakeFiles/app.dir/bloonchipper/src/power.c.obj
[mtlrvpp_mchp:rw] [67/393] Building ASM object zephyr/arch/arch/arm/core/CMakeFiles/arch__arm__core.dir/nmi_on_reset.S.obj
[kodkod:ro] [270/382] Building C object zephyr/drivers/i2c/CMakeFiles/drivers__i2c.dir/i2c_dw.c.obj
[kodkod:ro] [271/382] Building C object zephyr/drivers/i2c/CMakeFiles/drivers__i2c.dir/i2c_realtek_rts5912.c.obj
[mtlrvpp_mchp:rw] [68/393] Linking C static library zephyr/arch/arch/arm/core/libarch__arm__core.a
[mtlrvpp_mchp:ro] [69/393] Building C object zephyr/arch/arch/arm/core/cortex_m/CMakeFiles/arch__arm__core__cortex_m.dir/exc_exit.c.obj
[kodkod:ro] [272/382] Linking C static library zephyr/drivers/i2c/libdrivers__i2c.a
[bloonchipper:rw] [263/532] Building C object modules/ec/third_party/boringssl/build/CMakeFiles/crypto.dir/crypto/asn1/a_bool.c.obj
[bloonchipper:rw] [264/532] Building C object CMakeFiles/app.dir/bloonchipper/src/ec_quirks.c.obj
[kodkod:ro] [273/382] Building C object zephyr/drivers/input/CMakeFiles/drivers__input.dir/input_kbd_matrix.c.obj
[ciri:ro] [306/377] Building C object CMakeFiles/app.dir/mnt/host/source/src/platform/ec/build/zephyr/ciri/modules/ec/common/usbc/usb_prl_sm.c.obj
[bloonchipper:rw] [265/532] Building C object modules/ec/third_party/boringssl/build/CMakeFiles/crypto.dir/crypto/asn1/a_dup.c.obj
[bloonchipper:rw] [266/532] Building C object modules/ec/third_party/boringssl/build/CMakeFiles/crypto.dir/crypto/asn1/a_d2i_fp.c.obj
[kodkod:ro] [274/382] Building C object zephyr/drivers/pinctrl/CMakeFiles/drivers__pinctrl.dir/common.c.obj
[ciri:ro] [307/377] Building C object CMakeFiles/app.dir/mnt/host/source/src/platform/ec/build/zephyr/ciri/modules/ec/common/usbc/usb_tc_drp_acc_trysrc_sm.c.obj
[bloonchipper:rw] [267/532] Building C object CMakeFiles/app.dir/src/fp_transport.c.obj
[bloonchipper:rw] [268/532] Building C object CMakeFiles/app.dir/bloonchipper/src/fp_transport.c.obj
[ciri:ro] [308/377] Building C object CMakeFiles/app.dir/mnt/host/source/src/platform/ec/build/zephyr/ciri/modules/ec/common/usbc/usb_pd_dpm.c.obj
[kodkod:ro] [275/382] Building C object zephyr/drivers/input/CMakeFiles/drivers__input.dir/input_realtek_rts5912_kbd.c.obj
[bloonchipper:rw] [269/532] Linking CXX static library app/libapp.a
[kodkod:ro] [276/382] Building C object zephyr/drivers/pinctrl/CMakeFiles/drivers__pinctrl.dir/pinctrl_realtek_rts5912.c.obj
[bloonchipper:rw] [270/532] Building C object modules/ec/third_party/boringssl/build/CMakeFiles/crypto.dir/crypto/asn1/a_i2d_fp.c.obj
[kodkod:ro] [277/382] Linking C static library zephyr/drivers/input/libdrivers__input.a
[mtlrvpp_mchp:rw] [69/393] Building C object zephyr/arch/arch/arm/core/cortex_m/CMakeFiles/arch__arm__core__cortex_m.dir/exc_exit.c.obj
[bloonchipper:rw] [271/532] Building C object modules/ec/third_party/boringssl/build/CMakeFiles/crypto.dir/crypto/asn1/a_bitstr.c.obj
[kodkod:ro] [278/382] Linking C static library zephyr/drivers/pinctrl/libdrivers__pinctrl.a
[bloonchipper:rw] [272/532] Building C object modules/ec/third_party/boringssl/build/CMakeFiles/crypto.dir/crypto/asn1/a_gentm.c.obj
[mtlrvpp_mchp:ro] [70/393] Building C object zephyr/arch/arch/arm/core/cortex_m/CMakeFiles/arch__arm__core__cortex_m.dir/fault.c.obj
[kodkod:ro] [279/382] Building C object zephyr/drivers/sensor/CMakeFiles/drivers__sensor.dir/mnt/host/source/src/third_party/zephyr/main/misc/empty_file.c.obj
[kodkod:ro] [280/382] Building C object zephyr/drivers/pwm/CMakeFiles/drivers__pwm.dir/pwm_shell.c.obj
[kodkod:ro] [281/382] Linking C static library zephyr/drivers/sensor/libdrivers__sensor.a
[bloonchipper:rw] [273/532] Building C object modules/ec/third_party/boringssl/build/CMakeFiles/crypto.dir/crypto/asn1/a_mbstr.c.obj
[bloonchipper:rw] [274/532] Building C object modules/ec/third_party/boringssl/build/CMakeFiles/crypto.dir/crypto/asn1/a_octet.c.obj
[mtlrvpp_mchp:ro] [71/393] Building ASM object zephyr/arch/arch/arm/core/cortex_m/CMakeFiles/arch__arm__core__cortex_m.dir/fault_s.S.obj
[kodkod:ro] [282/382] Building C object zephyr/drivers/pwm/CMakeFiles/drivers__pwm.dir/pwm_realtek_rts5912.c.obj
[kodkod:ro] [283/382] Linking C static library zephyr/drivers/pwm/libdrivers__pwm.a
[bloonchipper:rw] [275/532] Building C object modules/ec/third_party/boringssl/build/CMakeFiles/crypto.dir/crypto/asn1/a_time.c.obj
[kodkod:ro] [284/382] Building C object zephyr/drivers/syscon/CMakeFiles/drivers__syscon.dir/mnt/host/source/src/third_party/zephyr/main/misc/empty_file.c.obj
[ciri:ro] [309/377] Building C object CMakeFiles/app.dir/mnt/host/source/src/platform/ec/build/zephyr/ciri/modules/ec/common/usbc/usb_pe_drp_sm.c.obj
[ciri:ro] [310/377] Building C object CMakeFiles/app.dir/mnt/host/source/src/platform/ec/build/zephyr/ciri/modules/ec/common/usbc/usbc_pd_policy.c.obj
[kodkod:ro] [285/382] Building C object zephyr/drivers/sensor/realtek/rts5912/CMakeFiles/drivers__sensor__realtek__rts5912.dir/rts5912.c.obj
[kodkod:ro] [286/382] Linking C static library zephyr/drivers/syscon/libdrivers__syscon.a
[bloonchipper:rw] [276/532] Building C object modules/ec/third_party/boringssl/build/CMakeFiles/crypto.dir/crypto/asn1/a_int.c.obj
[kodkod:ro] [287/382] Building C object zephyr/drivers/serial/CMakeFiles/drivers__serial.dir/uart_realtek_rts5912.c.obj
[mtlrvpp_mchp:rw] [70/393] Building C object zephyr/arch/arch/arm/core/cortex_m/CMakeFiles/arch__arm__core__cortex_m.dir/fault.c.obj
[bloonchipper:rw] [277/532] Building C object modules/ec/third_party/boringssl/build/CMakeFiles/crypto.dir/crypto/asn1/a_type.c.obj
[kodkod:ro] [288/382] Building C object zephyr/drivers/serial/CMakeFiles/drivers__serial.dir/uart_ns16550.c.obj
[kodkod:ro] [289/382] Linking C static library zephyr/drivers/sensor/realtek/rts5912/libdrivers__sensor__realtek__rts5912.a
[ciri:ro] [311/377] Building C object CMakeFiles/app.dir/mnt/host/source/src/platform/ec/build/zephyr/ciri/modules/ec/common/usb_pd_console_cmd.c.obj
[ciri:ro] [312/377] Building C object CMakeFiles/app.dir/mnt/host/source/src/platform/ec/build/zephyr/ciri/modules/ec/common/usbc/dp_alt_mode.c.obj
[kodkod:ro] [290/382] Linking C static library zephyr/drivers/serial/libdrivers__serial.a
[bloonchipper:rw] [278/532] Building C object modules/ec/third_party/boringssl/build/CMakeFiles/crypto.dir/crypto/asn1/a_object.c.obj
[mtlrvpp_mchp:rw] [71/393] Building ASM object zephyr/arch/arch/arm/core/cortex_m/CMakeFiles/arch__arm__core__cortex_m.dir/fault_s.S.obj
[bloonchipper:rw] [279/532] Building C object modules/ec/third_party/boringssl/build/CMakeFiles/crypto.dir/crypto/asn1/a_strex.c.obj
[mtlrvpp_mchp:ro] [72/393] Building C object zephyr/arch/arch/arm/core/cortex_m/CMakeFiles/arch__arm__core__cortex_m.dir/fpu.c.obj
[bloonchipper:rw] [280/532] Building C object modules/ec/third_party/boringssl/build/CMakeFiles/crypto.dir/crypto/asn1/a_utctm.c.obj
[bloonchipper:rw] [281/532] Building C object modules/ec/third_party/boringssl/build/CMakeFiles/crypto.dir/crypto/asn1/asn1_par.c.obj
[bloonchipper:rw] [282/532] Building C object modules/ec/third_party/boringssl/build/CMakeFiles/crypto.dir/crypto/asn1/a_strnid.c.obj
[bloonchipper:rw] [283/532] Building C object modules/ec/third_party/boringssl/build/CMakeFiles/crypto.dir/crypto/asn1/asn_pack.c.obj
[bloonchipper:rw] [284/532] Building C object modules/ec/third_party/boringssl/build/CMakeFiles/crypto.dir/crypto/asn1/f_int.c.obj
[bloonchipper:rw] [285/532] Building C object modules/ec/third_party/boringssl/build/CMakeFiles/crypto.dir/crypto/asn1/f_string.c.obj
[kodkod:ro] [291/382] Building C object zephyr/drivers/timer/CMakeFiles/drivers__timer.dir/realtek_rts5912_rtmr.c.obj
[kodkod:ro] [292/382] Building C object zephyr/drivers/timer/CMakeFiles/drivers__timer.dir/sys_clock_init.c.obj
[bloonchipper:rw] [286/532] Building C object modules/ec/third_party/boringssl/build/CMakeFiles/crypto.dir/crypto/asn1/posix_time.c.obj
[kodkod:ro] [293/382] Building C object zephyr/drivers/watchdog/CMakeFiles/drivers__watchdog.dir/wdt_rts5912.c.obj
[kodkod:ro] [294/382] Linking C static library zephyr/drivers/timer/libdrivers__timer.a
[kodkod:ro] [295/382] Building C object zephyr/drivers/watchdog/CMakeFiles/drivers__watchdog.dir/wdt_counter.c.obj
[mtlrvpp_mchp:rw] [72/393] Building C object zephyr/arch/arch/arm/core/cortex_m/CMakeFiles/arch__arm__core__cortex_m.dir/fpu.c.obj
[ciri:ro] [313/377] Building C object CMakeFiles/app.dir/mnt/host/source/src/platform/ec/build/zephyr/ciri/modules/ec/common/usbc/usb_pd_host.c.obj
[bloonchipper:rw] [287/532] Building C object modules/ec/third_party/boringssl/build/CMakeFiles/crypto.dir/crypto/asn1/tasn_fre.c.obj
[mtlrvpp_mchp:ro] [73/393] Building ASM object zephyr/arch/arch/arm/core/cortex_m/CMakeFiles/arch__arm__core__cortex_m.dir/reset.S.obj
[ciri:ro] [314/377] Building C object CMakeFiles/app.dir/mnt/host/source/src/platform/ec/build/zephyr/ciri/modules/ec/common/usb_pd_host_cmd.c.obj
[/mnt/host/source/src/platform/ec/build/zephyr/obiwan-lcov]   /mnt/host/source/src/platform/ec/build/zephyr/obiwan/build-rw/zephyr/CMakeFiles/zephyr.dir/subsys/shell/modules/kernel_service/kernel_shell.c.gcno:no functions found
[/mnt/host/source/src/platform/ec/build/zephyr/obiwan-lcov] stderr:
[bloonchipper:rw] [288/532] Building C object modules/ec/third_party/boringssl/build/CMakeFiles/crypto.dir/crypto/asn1/asn1_lib.c.obj
[bloonchipper:rw] [289/532] Building C object modules/ec/third_party/boringssl/build/CMakeFiles/crypto.dir/crypto/asn1/tasn_typ.c.obj
[ciri:ro] [315/377] Building C object CMakeFiles/app.dir/mnt/host/source/src/platform/ec/build/zephyr/ciri/modules/ec/zephyr/shim/src/tcpc.c.obj
[ciri:ro] [316/377] Building C object CMakeFiles/app.dir/mnt/host/source/src/platform/ec/build/zephyr/ciri/modules/ec/common/usb_pd_host_cmd_common.c.obj
[/mnt/host/source/src/platform/ec/build/zephyr/obiwan-lcov]   /mnt/host/source/src/platform/ec/build/zephyr/obiwan/build-rw/zephyr/CMakeFiles/zephyr.dir/lib/libc/validate_libc.c.gcno:no functions found
[/mnt/host/source/src/platform/ec/build/zephyr/obiwan-lcov] stderr:
[kodkod:ro] [296/382] Building C object zephyr/drivers/watchdog/CMakeFiles/drivers__watchdog.dir/wdt_shell.c.obj
[kodkod:ro] [297/382] Building C object modules/ec/zephyr/CMakeFiles/ec_shim.dir/app/ec/main_shim.c.obj
[kodkod:ro] [298/382] Linking C static library zephyr/drivers/watchdog/libdrivers__watchdog.a
[bloonchipper:rw] [290/532] Building C object modules/ec/third_party/boringssl/build/CMakeFiles/crypto.dir/crypto/asn1/tasn_dec.c.obj
[bloonchipper:rw] [291/532] Building C object modules/ec/third_party/boringssl/build/CMakeFiles/crypto.dir/crypto/asn1/tasn_enc.c.obj
[mtlrvpp_mchp:rw] [73/393] Building ASM object zephyr/arch/arch/arm/core/cortex_m/CMakeFiles/arch__arm__core__cortex_m.dir/reset.S.obj
[kodkod:ro] [299/382] Building C object modules/ec/zephyr/CMakeFiles/ec_shim.dir/app/ec/ec_app_main.c.obj
[bloonchipper:rw] [292/532] Building C object modules/ec/third_party/boringssl/build/CMakeFiles/crypto.dir/crypto/asn1/tasn_new.c.obj
[kodkod:ro] [300/382] Building C object modules/ec/zephyr/CMakeFiles/ec_shim.dir/drivers/cros_flash/cros_flash_rtk.c.obj
[mtlrvpp_mchp:ro] [74/393] Building C object zephyr/arch/arch/arm/core/cortex_m/CMakeFiles/arch__arm__core__cortex_m.dir/scb.c.obj
[kodkod:ro] [301/382] Building C object modules/ec/zephyr/CMakeFiles/ec_shim.dir/drivers/keyboard_input/keyboard_customization_check.c.obj
[ciri:ro] [317/377] Building C object CMakeFiles/app.dir/mnt/host/source/src/platform/ec/build/zephyr/ciri/modules/ec/common/usbc/svdm_rsp_dfp_only.c.obj
[bloonchipper:rw] [293/532] Building C object modules/ec/third_party/boringssl/build/CMakeFiles/crypto.dir/crypto/bio/connect.c.obj
[ciri:ro] [318/377] Building C object CMakeFiles/app.dir/mnt/host/source/src/platform/ec/build/zephyr/ciri/modules/ec/common/usbc_ocp.c.obj
[bloonchipper:rw] [294/532] Building C object modules/ec/third_party/boringssl/build/CMakeFiles/crypto.dir/crypto/base64/base64.c.obj
[bloonchipper:rw] [295/532] Building C object modules/ec/third_party/boringssl/build/CMakeFiles/crypto.dir/crypto/bio/errno.c.obj
[bloonchipper:rw] [296/532] Building C object modules/ec/third_party/boringssl/build/CMakeFiles/crypto.dir/crypto/asn1/tasn_utl.c.obj
[kodkod:ro] [302/382] Building C object modules/ec/zephyr/CMakeFiles/ec_shim.dir/drivers/keyboard_input/keyboard_input.c.obj
[ciri:ro] [319/377] Building C object CMakeFiles/app.dir/mnt/host/source/src/platform/ec/build/zephyr/ciri/modules/ec/common/usb_pd_dual_role.c.obj
[kodkod:ro] [303/382] Building C object modules/ec/zephyr/CMakeFiles/ec_shim.dir/drivers/cros_system/cros_system_rtk.c.obj
[kodkod:ro] [304/382] Building C object modules/ec/zephyr/CMakeFiles/ec_shim.dir/drivers/usbc/ucsi_v3.c.obj
[bloonchipper:rw] [297/532] Building C object modules/ec/third_party/boringssl/build/CMakeFiles/crypto.dir/crypto/bio/fd.c.obj
[mtlrvpp_mchp:rw] [74/393] Building C object zephyr/arch/arch/arm/core/cortex_m/CMakeFiles/arch__arm__core__cortex_m.dir/scb.c.obj
[ciri:ro] [320/377] Building C object CMakeFiles/app.dir/mnt/host/source/src/platform/ec/build/zephyr/ciri/modules/ec/common/usb_pd_discovery.c.obj
[bloonchipper:rw] [298/532] Building C object modules/ec/third_party/boringssl/build/CMakeFiles/crypto.dir/crypto/bio/bio.c.obj
[mtlrvpp_mchp:ro] [75/393] Building C object zephyr/arch/arch/arm/core/cortex_m/CMakeFiles/arch__arm__core__cortex_m.dir/thread_abort.c.obj
[bloonchipper:rw] [299/532] Building C object modules/ec/third_party/boringssl/build/CMakeFiles/crypto.dir/crypto/bio/bio_mem.c.obj
[bloonchipper:rw] [300/532] Building C object modules/ec/third_party/boringssl/build/CMakeFiles/crypto.dir/crypto/bio/printf.c.obj
[bloonchipper:rw] [301/532] Building C object modules/ec/third_party/boringssl/build/CMakeFiles/crypto.dir/crypto/bio/socket.c.obj
[ciri:ro] [321/377] Building C object CMakeFiles/app.dir/mnt/host/source/src/platform/ec/build/zephyr/ciri/modules/ec/common/usbc/dp_hpd_gpio.c.obj
[mtlrvpp_mchp:ro] [76/393] Building ASM object zephyr/arch/arch/arm/core/cortex_m/CMakeFiles/arch__arm__core__cortex_m.dir/vector_table.S.obj
[bloonchipper:rw] [302/532] Building C object modules/ec/third_party/boringssl/build/CMakeFiles/crypto.dir/crypto/bio/socket_helper.c.obj
[kodkod:ro] [305/382] Building C object modules/ec/zephyr/CMakeFiles/ec_shim.dir/drivers/usbc/pdc_rts54xx.c.obj
[/mnt/host/source/src/platform/ec/build/zephyr/obiwan-lcov]   /mnt/host/source/src/platform/ec/build/zephyr/obiwan/build-rw/zephyr/CMakeFiles/zephyr.dir/lib/utils/last_section_id.c.gcno:no functions found
[/mnt/host/source/src/platform/ec/build/zephyr/obiwan-lcov] stderr:
[kodkod:ro] [306/382] Building C object modules/ec/zephyr/CMakeFiles/ec_shim.dir/drivers/boot_keys/boot_keys.c.obj
[bloonchipper:rw] [303/532] Building C object modules/ec/third_party/boringssl/build/CMakeFiles/crypto.dir/crypto/bio/file.c.obj
[bloonchipper:rw] [304/532] Building C object modules/ec/third_party/boringssl/build/CMakeFiles/crypto.dir/crypto/bio/hexdump.c.obj
[mtlrvpp_mchp:rw] [75/393] Building C object zephyr/arch/arch/arm/core/cortex_m/CMakeFiles/arch__arm__core__cortex_m.dir/thread_abort.c.obj
[kodkod:ro] [307/382] Building C object modules/ec/zephyr/CMakeFiles/ec_shim.dir/drivers/vivaldi_kbd/vivaldi_kbd.c.obj
[ciri:ro] [322/377] Building C object CMakeFiles/app.dir/mnt/host/source/src/platform/ec/build/zephyr/ciri/modules/ec/driver/tcpm/ite_pd_intc.c.obj
[bloonchipper:rw] [305/532] Building C object modules/ec/third_party/boringssl/build/CMakeFiles/crypto.dir/crypto/bn_extra/bn_asn1.c.obj
[bloonchipper:rw] [306/532] Building C object modules/ec/third_party/boringssl/build/CMakeFiles/crypto.dir/crypto/bio/pair.c.obj
[ciri:ro] [323/377] Building C object CMakeFiles/app.dir/mnt/host/source/src/platform/ec/build/zephyr/ciri/modules/ec/driver/tcpm/tcpci.c.obj
[kodkod:ro] [308/382] Building C object modules/ec/zephyr/CMakeFiles/ec_shim.dir/drivers/usbc/pdc_rts54xx_fwup.c.obj
[mtlrvpp_mchp:rw] [76/393] Building ASM object zephyr/arch/arch/arm/core/cortex_m/CMakeFiles/arch__arm__core__cortex_m.dir/vector_table.S.obj
[bloonchipper:rw] [307/532] Building C object modules/ec/third_party/boringssl/build/CMakeFiles/crypto.dir/crypto/bytestring/ber.c.obj
[kodkod:ro] [309/382] Building C object modules/ec/zephyr/CMakeFiles/ec_shim.dir/shim/chip/rtk/clock.c.obj
[ciri:ro] [324/377] Building C object CMakeFiles/app.dir/mnt/host/source/src/platform/ec/build/zephyr/ciri/modules/ec/driver/tcpm/it8xxx2.c.obj
[mtlrvpp_mchp:ro] [77/393] Building ASM object zephyr/arch/arch/arm/core/cortex_m/CMakeFiles/arch__arm__core__cortex_m.dir/swap_helper.S.obj
[bloonchipper:rw] [308/532] Building C object modules/ec/third_party/boringssl/build/CMakeFiles/crypto.dir/crypto/blake2/blake2.c.obj
[kodkod:ro] [310/382] Building C object modules/ec/zephyr/CMakeFiles/ec_shim.dir/shim/chip/rtk/system_external_storage.c.obj
[kodkod:ro] [311/382] Building C object modules/ec/zephyr/CMakeFiles/ec_shim.dir/shim/chip/rtk/system_download_from_flash.c.obj
[ciri:ro] [325/377] Building C object CMakeFiles/app.dir/mnt/host/source/src/platform/ec/build/zephyr/ciri/modules/ec/common/usbc_ppc.c.obj
[bloonchipper:rw] [309/532] Building C object modules/ec/third_party/boringssl/build/CMakeFiles/crypto.dir/crypto/buf/buf.c.obj
[bloonchipper:rw] [310/532] Building C object modules/ec/third_party/boringssl/build/CMakeFiles/crypto.dir/crypto/bytestring/asn1_compat.c.obj
[kodkod:ro] [312/382] Building C object modules/ec/zephyr/CMakeFiles/ec_shim.dir/shim/src/crc.c.obj
[mtlrvpp_mchp:rw] [77/393] Building ASM object zephyr/arch/arch/arm/core/cortex_m/CMakeFiles/arch__arm__core__cortex_m.dir/swap_helper.S.obj
[kodkod:ro] [313/382] Building C object modules/ec/zephyr/CMakeFiles/ec_shim.dir/shim/chip/rtk/power_policy.c.obj
[bloonchipper:rw] [311/532] Building C object modules/ec/third_party/boringssl/build/CMakeFiles/crypto.dir/crypto/bn_extra/convert.c.obj
[bloonchipper:rw] [312/532] Building C object modules/ec/third_party/boringssl/build/CMakeFiles/crypto.dir/crypto/bytestring/unicode.c.obj
[mtlrvpp_mchp:ro] [78/393] Building C object zephyr/arch/arch/arm/core/cortex_m/CMakeFiles/arch__arm__core__cortex_m.dir/irq_manage.c.obj
[ciri:ro] [326/377] Building C object CMakeFiles/app.dir/mnt/host/source/src/platform/ec/build/zephyr/ciri/modules/ec/common/vboot_hash.c.obj
[kodkod:ro] [314/382] Building C object modules/ec/zephyr/CMakeFiles/ec_shim.dir/shim/core/cortex-m/panic.c.obj
[ciri:ro] [327/377] Building C object CMakeFiles/app.dir/mnt/host/source/src/platform/ec/build/zephyr/ciri/modules/ec/driver/ppc/syv682x.c.obj
[bloonchipper:rw] [313/532] Building C object modules/ec/third_party/boringssl/build/CMakeFiles/crypto.dir/crypto/cipher_extra/derive_key.c.obj
[bloonchipper:rw] [314/532] Building C object modules/ec/third_party/boringssl/build/CMakeFiles/crypto.dir/crypto/bytestring/cbb.c.obj
[kodkod:ro] [315/382] Building C object modules/ec/zephyr/CMakeFiles/ec_shim.dir/shim/src/console.c.obj
[bloonchipper:rw] [315/532] Building C object modules/ec/third_party/boringssl/build/CMakeFiles/crypto.dir/crypto/bytestring/cbs.c.obj
[ciri:ro] [328/377] Building C object CMakeFiles/app.dir/mnt/host/source/src/platform/ec/build/zephyr/ciri/modules/ec/common/button.c.obj
[kodkod:ro] [316/382] Building C object modules/ec/zephyr/CMakeFiles/ec_shim.dir/shim/src/gpio.c.obj
[mtlrvpp_mchp:rw] [78/393] Building C object zephyr/arch/arch/arm/core/cortex_m/CMakeFiles/arch__arm__core__cortex_m.dir/irq_manage.c.obj
[kodkod:ro] [317/382] Building C object modules/ec/zephyr/CMakeFiles/ec_shim.dir/shim/src/gpio_int.c.obj
[mtlrvpp_mchp:ro] [79/393] Building C object zephyr/arch/arch/arm/core/cortex_m/CMakeFiles/arch__arm__core__cortex_m.dir/prep_c.c.obj
[ciri:ro] [329/377] Building C object CMakeFiles/app.dir/mnt/host/source/src/platform/ec/build/zephyr/ciri/modules/ec/common/vboot/efs2.c.obj
[bloonchipper:rw] [316/532] Building C object modules/ec/third_party/boringssl/build/CMakeFiles/crypto.dir/crypto/chacha/chacha.c.obj
[kodkod:ro] [318/382] Building C object modules/ec/zephyr/CMakeFiles/ec_shim.dir/shim/src/panic_utils.c.obj
[bloonchipper:rw] [317/532] Building C object modules/ec/third_party/boringssl/build/CMakeFiles/crypto.dir/crypto/cipher_extra/cipher_extra.c.obj
[ciri:ro] [330/377] Building C object CMakeFiles/app.dir/mnt/host/source/src/platform/ec/build/zephyr/ciri/modules/ec/common/vstore.c.obj
[kodkod:ro] [319/382] Building C object modules/ec/zephyr/CMakeFiles/ec_shim.dir/shim/src/pm_state.c.obj
[ciri:ro] [331/377] Building C object CMakeFiles/app.dir/mnt/host/source/src/platform/ec/build/zephyr/ciri/modules/ec/common/math_util.c.obj
[bloonchipper:rw] [318/532] Building C object modules/ec/third_party/boringssl/build/CMakeFiles/crypto.dir/crypto/cipher_extra/e_aesctrhmac.c.obj
[bloonchipper:rw] [319/532] Building C object modules/ec/third_party/boringssl/build/CMakeFiles/crypto.dir/crypto/cipher_extra/e_aesgcmsiv.c.obj
[kodkod:ro] [320/382] Building C object modules/ec/zephyr/CMakeFiles/ec_shim.dir/shim/src/cbi/cros_cbi.c.obj
[kodkod:ro] [321/382] Building C object modules/ec/zephyr/CMakeFiles/ec_shim.dir/shim/src/cbi/cbi_flash.c.obj
[mtlrvpp_mchp:rw] [79/393] Building C object zephyr/arch/arch/arm/core/cortex_m/CMakeFiles/arch__arm__core__cortex_m.dir/prep_c.c.obj
[mtlrvpp_mchp:ro] [80/393] Building C object zephyr/arch/arch/arm/core/cortex_m/CMakeFiles/arch__arm__core__cortex_m.dir/thread.c.obj
[bloonchipper:rw] [320/532] Building C object modules/ec/third_party/boringssl/build/CMakeFiles/crypto.dir/crypto/cipher_extra/e_chacha20poly1305.c.obj
[ciri:ro] [332/377] Building C object CMakeFiles/app.dir/src/ccd_mode.c.obj
[kodkod:ro] [322/382] Building C object modules/ec/zephyr/CMakeFiles/ec_shim.dir/shim/src/led_driver/led.c.obj
[kodkod:ro] [323/382] Building ASM object modules/ec/zephyr/CMakeFiles/ec_shim.dir/shim/src/libgcc_arm.S.obj
[ciri:ro] [333/377] Building C object CMakeFiles/app.dir/src/backlight.c.obj
[bloonchipper:rw] [321/532] Building C object modules/ec/third_party/boringssl/build/CMakeFiles/crypto.dir/crypto/cipher_extra/e_des.c.obj
[kodkod:ro] [324/382] Building C object modules/ec/zephyr/CMakeFiles/ec_shim.dir/shim/src/led_driver/led_gpio.c.obj
[kodkod:ro] [325/382] Building C object modules/ec/zephyr/CMakeFiles/ec_shim.dir/shim/src/popcountsi2.c.obj
[bloonchipper:rw] [322/532] Building C object modules/ec/third_party/boringssl/build/CMakeFiles/crypto.dir/crypto/cipher_extra/e_null.c.obj
[ciri:ro] [334/377] Building C object CMakeFiles/app.dir/src/hibernate.c.obj
[ciri:ro] [335/377] Building C object CMakeFiles/app.dir/src/hooks.c.obj
[mtlrvpp_mchp:rw] [80/393] Building C object zephyr/arch/arch/arm/core/cortex_m/CMakeFiles/arch__arm__core__cortex_m.dir/thread.c.obj
[mtlrvpp_mchp:ro] [81/393] Building C object zephyr/arch/arch/arm/core/cortex_m/CMakeFiles/arch__arm__core__cortex_m.dir/cpu_idle.c.obj
[kodkod:ro] [326/382] Building C object modules/ec/zephyr/CMakeFiles/ec_shim.dir/shim/src/system.c.obj
[bloonchipper:rw] [323/532] Building C object modules/ec/third_party/boringssl/build/CMakeFiles/crypto.dir/crypto/cipher_extra/e_rc4.c.obj
[bloonchipper:rw] [324/532] Building C object modules/ec/third_party/boringssl/build/CMakeFiles/crypto.dir/crypto/cipher_extra/e_rc2.c.obj
[ciri:ro] [336/377] Building C object CMakeFiles/app.dir/src/i2c.c.obj
[kodkod:ro] [327/382] Building C object modules/ec/zephyr/CMakeFiles/ec_shim.dir/shim/src/battery.c.obj
[kodkod:ro] [328/382] Building C object modules/ec/zephyr/CMakeFiles/ec_shim.dir/shim/src/pdc_shim.c.obj
[bloonchipper:rw] [325/532] Building C object modules/ec/third_party/boringssl/build/CMakeFiles/crypto.dir/crypto/cipher_extra/e_tls.c.obj
[kodkod:ro] [329/382] Building C object modules/ec/zephyr/CMakeFiles/ec_shim.dir/shim/src/adc.c.obj
[ciri:ro] [337/377] Building C object CMakeFiles/app.dir/src/dp_alt_mode.c.obj
[bloonchipper:rw] [326/532] Building C object modules/ec/third_party/boringssl/build/CMakeFiles/crypto.dir/crypto/cipher_extra/tls_cbc.c.obj
[mtlrvpp_mchp:ro] [82/393] Building C object zephyr/arch/arch/arm/core/cortex_m/CMakeFiles/arch__arm__core__cortex_m.dir/irq_init.c.obj
[mtlrvpp_mchp:rw] [81/393] Building C object zephyr/arch/arch/arm/core/cortex_m/CMakeFiles/arch__arm__core__cortex_m.dir/cpu_idle.c.obj
[bloonchipper:rw] [327/532] Building C object modules/ec/third_party/boringssl/build/CMakeFiles/crypto.dir/crypto/conf/conf.c.obj
[bloonchipper:rw] [328/532] Building C object modules/ec/third_party/boringssl/build/CMakeFiles/crypto.dir/crypto/cpu_aarch64_openbsd.c.obj
[kodkod:ro] [330/382] Building C object modules/ec/zephyr/CMakeFiles/ec_shim.dir/shim/src/charger.c.obj
[ciri:ro] [338/377] Building C object CMakeFiles/app.dir/src/usbc_config.c.obj
[kodkod:ro] [331/382] Building C object modules/ec/zephyr/CMakeFiles/ec_shim.dir/shim/src/chipset_api.c.obj
[bloonchipper:rw] [329/532] Building C object modules/ec/third_party/boringssl/build/CMakeFiles/crypto.dir/crypto/cpu_aarch64_apple.c.obj
[ciri:ro] [339/377] Building C object CMakeFiles/app.dir/src/usb_pd_policy.c.obj
[bloonchipper:rw] [330/532] Building C object modules/ec/third_party/boringssl/build/CMakeFiles/crypto.dir/crypto/cpu_aarch64_fuchsia.c.obj
[ciri:ro] [340/377] Linking C static library modules/ec/zephyr/libec_shim.a
[ciri:ro] [341/377] Building C object CMakeFiles/app.dir/src/base_detect.c.obj
[kodkod:ro] [332/382] Building C object modules/ec/zephyr/CMakeFiles/ec_shim.dir/shim/src/espi.c.obj
[bloonchipper:rw] [331/532] Building C object modules/ec/third_party/boringssl/build/CMakeFiles/crypto.dir/crypto/cpu_aarch64_linux.c.obj
[kodkod:ro] [333/382] Building C object modules/ec/zephyr/CMakeFiles/ec_shim.dir/shim/src/fan.c.obj
[mtlrvpp_mchp:ro] [83/393] Building C object zephyr/arch/arch/arm/core/cortex_m/CMakeFiles/arch__arm__core__cortex_m.dir/isr_wrapper.c.obj
[bloonchipper:rw] [332/532] Building C object modules/ec/third_party/boringssl/build/CMakeFiles/crypto.dir/crypto/cpu_intel.c.obj
[mtlrvpp_mchp:rw] [82/393] Building C object zephyr/arch/arch/arm/core/cortex_m/CMakeFiles/arch__arm__core__cortex_m.dir/irq_init.c.obj
[ciri:ro] [342/377] Building C object CMakeFiles/app.dir/ciri/src/board_config.c.obj
[mtlrvpp_mchp:ro] [84/393] Linking C static library zephyr/arch/arch/arm/core/cortex_m/libarch__arm__core__cortex_m.a
[kodkod:ro] [334/382] Building C object modules/ec/zephyr/CMakeFiles/ec_shim.dir/shim/src/flash.c.obj
[bloonchipper:rw] [333/532] Building C object modules/ec/third_party/boringssl/build/CMakeFiles/crypto.dir/crypto/cpu_aarch64_sysreg.c.obj
[kodkod:ro] [335/382] Building C object modules/ec/zephyr/CMakeFiles/ec_shim.dir/shim/src/hooks.c.obj
[bloonchipper:rw] [334/532] Building C object modules/ec/third_party/boringssl/build/CMakeFiles/crypto.dir/crypto/cpu_aarch64_win.c.obj
[ciri:ro] [343/377] Building C object zephyr/kernel/CMakeFiles/kernel.dir/main_weak.c.obj
[ciri:ro] [344/377] Building C object CMakeFiles/app.dir/ciri/src/power_config.c.obj
[bloonchipper:rw] [335/532] Building C object modules/ec/third_party/boringssl/build/CMakeFiles/crypto.dir/crypto/cpu_arm_freebsd.c.obj
[kodkod:ro] [336/382] Building C object modules/ec/zephyr/CMakeFiles/ec_shim.dir/shim/src/host_command.c.obj
[ciri:ro] [345/377] Building C object zephyr/kernel/CMakeFiles/kernel.dir/banner.c.obj
[bloonchipper:rw] [336/532] Building C object modules/ec/third_party/boringssl/build/CMakeFiles/crypto.dir/crypto/cpu_arm_linux.c.obj
[kodkod:ro] [337/382] Building C object modules/ec/zephyr/CMakeFiles/ec_shim.dir/shim/src/console_buffer.c.obj
[ciri:ro] [346/377] Building C object zephyr/kernel/CMakeFiles/kernel.dir/busy_wait.c.obj
[ciri:ro] [347/377] Linking C static library app/libapp.a
[kodkod:ro] [338/382] Building C object modules/ec/zephyr/CMakeFiles/ec_shim.dir/shim/src/mkbp_event.c.obj
[mtlrvpp_mchp:rw] [83/393] Building C object zephyr/arch/arch/arm/core/cortex_m/CMakeFiles/arch__arm__core__cortex_m.dir/isr_wrapper.c.obj
[mtlrvpp_mchp:ro] [85/393] Building C object zephyr/arch/arch/arm/core/mpu/CMakeFiles/arch__arm__core__mpu.dir/arm_core_mpu.c.obj
[mtlrvpp_mchp:rw] [84/393] Linking C static library zephyr/arch/arch/arm/core/cortex_m/libarch__arm__core__cortex_m.a
[bloonchipper:rw] [337/532] Building C object modules/ec/third_party/boringssl/build/CMakeFiles/crypto.dir/crypto/crypto.c.obj
[kodkod:ro] [339/382] Building C object modules/ec/zephyr/CMakeFiles/ec_shim.dir/shim/src/panic.c.obj
[ciri:ro] [348/377] Building C object zephyr/kernel/CMakeFiles/kernel.dir/device.c.obj
[bloonchipper:rw] [338/532] Building C object modules/ec/third_party/boringssl/build/CMakeFiles/crypto.dir/crypto/curve25519/curve25519_64_adx.c.obj
[kodkod:ro] [340/382] Building C object modules/ec/zephyr/CMakeFiles/ec_shim.dir/shim/src/hwtimer.c.obj
[ciri:ro] [349/377] Building C object zephyr/kernel/CMakeFiles/kernel.dir/errno.c.obj
[bloonchipper:rw] [339/532] Building C object modules/ec/third_party/boringssl/build/CMakeFiles/crypto.dir/crypto/curve25519/spake25519.c.obj
[kodkod:ro] [341/382] Building C object modules/ec/zephyr/CMakeFiles/ec_shim.dir/shim/src/thermal.c.obj
[bloonchipper:rw] [340/532] Building C object modules/ec/third_party/boringssl/build/CMakeFiles/crypto.dir/crypto/curve25519/curve25519.c.obj
[kodkod:ro] [342/382] Building C object modules/ec/zephyr/CMakeFiles/ec_shim.dir/shim/src/temp_sensors.c.obj
[ciri:ro] [350/377] Building C object zephyr/kernel/CMakeFiles/kernel.dir/fatal.c.obj
[ciri:ro] [351/377] Building C object zephyr/kernel/CMakeFiles/kernel.dir/init.c.obj
[mtlrvpp_mchp:rw] [85/393] Building C object zephyr/arch/arch/arm/core/mpu/CMakeFiles/arch__arm__core__mpu.dir/arm_core_mpu.c.obj
[bloonchipper:rw] [341/532] Building C object modules/ec/third_party/boringssl/build/CMakeFiles/crypto.dir/crypto/des/des.c.obj
[kodkod:ro] [343/382] Building C object modules/ec/zephyr/CMakeFiles/ec_shim.dir/shim/src/i2c.c.obj
[mtlrvpp_mchp:ro] [86/393] Building C object zephyr/arch/arch/arm/core/mpu/CMakeFiles/arch__arm__core__mpu.dir/arm_mpu.c.obj
[ciri:ro] [352/377] Building C object zephyr/kernel/CMakeFiles/kernel.dir/version.c.obj
[bloonchipper:rw] [342/532] Building C object modules/ec/third_party/boringssl/build/CMakeFiles/crypto.dir/crypto/dh_extra/dh_asn1.c.obj
[ciri:ro] [353/377] Building C object zephyr/kernel/CMakeFiles/kernel.dir/kheap.c.obj
[kodkod:ro] [344/382] Building C object modules/ec/zephyr/CMakeFiles/ec_shim.dir/shim/src/usba.c.obj
[bloonchipper:rw] [343/532] Building C object modules/ec/third_party/boringssl/build/CMakeFiles/crypto.dir/crypto/dh_extra/params.c.obj
[kodkod:ro] [345/382] Building C object modules/ec/zephyr/CMakeFiles/ec_shim.dir/shim/src/tasks.c.obj
[ciri:ro] [354/377] Building C object zephyr/kernel/CMakeFiles/kernel.dir/mem_slab.c.obj
[ciri:ro] [355/377] Building C object zephyr/kernel/CMakeFiles/kernel.dir/float.c.obj
[mtlrvpp_mchp:ro] [87/393] Building C object zephyr/arch/arch/arm/core/mpu/CMakeFiles/arch__arm__core__mpu.dir/arm_mpu_regions.c.obj
[bloonchipper:rw] [344/532] Building C object modules/ec/third_party/boringssl/build/CMakeFiles/crypto.dir/crypto/digest_extra/digest_extra.c.obj
[kodkod:ro] [346/382] Building C object modules/ec/zephyr/CMakeFiles/ec_shim.dir/shim/src/watchdog.c.obj
[mtlrvpp_mchp:ro] [88/393] Linking C static library zephyr/arch/arch/arm/core/mpu/libarch__arm__core__mpu.a
[bloonchipper:rw] [345/532] Building C object modules/ec/third_party/boringssl/build/CMakeFiles/crypto.dir/crypto/dsa/dsa.c.obj
[kodkod:ro] [347/382] Building C object modules/ec/zephyr/CMakeFiles/ec_shim.dir/shim/src/power_host_sleep_api.c.obj
[mtlrvpp_mchp:ro] [89/393] Generating ../../../include/generated/libc/minimal/strerror_table.h
[mtlrvpp_mchp:rw] [86/393] Building C object zephyr/arch/arch/arm/core/mpu/CMakeFiles/arch__arm__core__mpu.dir/arm_mpu.c.obj
[ciri:ro] [356/377] Building C object zephyr/kernel/CMakeFiles/kernel.dir/idle.c.obj
[mtlrvpp_mchp:ro] [90/393] Building C object zephyr/lib/libc/minimal/CMakeFiles/lib__libc__minimal.dir/source/stdlib/atoi.c.obj
[bloonchipper:rw] [346/532] Building C object modules/ec/third_party/boringssl/build/CMakeFiles/crypto.dir/crypto/dsa/dsa_asn1.c.obj
[ciri:ro] [357/377] Building C object zephyr/kernel/CMakeFiles/kernel.dir/mailbox.c.obj
[mtlrvpp_mchp:ro] [91/393] Building C object zephyr/lib/libc/minimal/CMakeFiles/lib__libc__minimal.dir/source/stdlib/strtol.c.obj
[kodkod:ro] [348/382] Building C object zephyr/kernel/CMakeFiles/kernel.dir/main_weak.c.obj
[kodkod:ro] [349/382] Building C object zephyr/kernel/CMakeFiles/kernel.dir/banner.c.obj
[kodkod:ro] [350/382] Building C object modules/ec/zephyr/CMakeFiles/ec_shim.dir/shim/src/sha256_hw.c.obj
[bloonchipper:rw] [347/532] Building C object modules/ec/third_party/boringssl/build/CMakeFiles/crypto.dir/crypto/ec_extra/ec_asn1.c.obj
[mtlrvpp_mchp:ro] [92/393] Building C object zephyr/lib/libc/minimal/CMakeFiles/lib__libc__minimal.dir/source/stdlib/strtoul.c.obj
[ciri:ro] [358/377] Building C object zephyr/kernel/CMakeFiles/kernel.dir/msg_q.c.obj
[kodkod:ro] [351/382] Building C object zephyr/kernel/CMakeFiles/kernel.dir/busy_wait.c.obj
[kodkod:ro] [352/382] Linking C static library modules/ec/zephyr/libec_shim.a
[mtlrvpp_mchp:rw] [87/393] Building C object zephyr/arch/arch/arm/core/mpu/CMakeFiles/arch__arm__core__mpu.dir/arm_mpu_regions.c.obj
[bloonchipper:rw] [348/532] Building C object modules/ec/third_party/boringssl/build/CMakeFiles/crypto.dir/crypto/ec_extra/ec_derive.c.obj
[ciri:ro] [359/377] Building C object zephyr/kernel/CMakeFiles/kernel.dir/mutex.c.obj
[mtlrvpp_mchp:ro] [93/393] Building C object zephyr/lib/libc/minimal/CMakeFiles/lib__libc__minimal.dir/source/stdlib/strtoll.c.obj
[mtlrvpp_mchp:rw] [88/393] Linking C static library zephyr/arch/arch/arm/core/mpu/libarch__arm__core__mpu.a
[bloonchipper:rw] [349/532] Building C object modules/ec/third_party/boringssl/build/CMakeFiles/crypto.dir/crypto/ec_extra/hash_to_curve.c.obj
[mtlrvpp_mchp:rw] [89/393] Generating ../../../include/generated/libc/minimal/strerror_table.h
[ciri:ro] [360/377] Building C object zephyr/kernel/CMakeFiles/kernel.dir/queue.c.obj
[bloonchipper:rw] [350/532] Building C object modules/ec/third_party/boringssl/build/CMakeFiles/crypto.dir/crypto/ecdh_extra/ecdh_extra.c.obj
[mtlrvpp_mchp:ro] [94/393] Building C object zephyr/lib/libc/minimal/CMakeFiles/lib__libc__minimal.dir/source/stdlib/strtoull.c.obj
[ciri:ro] [361/377] Building C object zephyr/kernel/CMakeFiles/kernel.dir/sem.c.obj
[kodkod:ro] [353/382] Building C object zephyr/kernel/CMakeFiles/kernel.dir/device.c.obj
[mtlrvpp_mchp:rw] [90/393] Building C object zephyr/lib/libc/minimal/CMakeFiles/lib__libc__minimal.dir/source/stdlib/atoi.c.obj
[kodkod:ro] [354/382] Building C object zephyr/kernel/CMakeFiles/kernel.dir/errno.c.obj
[mtlrvpp_mchp:rw] [91/393] Building C object zephyr/lib/libc/minimal/CMakeFiles/lib__libc__minimal.dir/source/stdlib/strtol.c.obj
[mtlrvpp_mchp:ro] [95/393] Building C object zephyr/lib/libc/minimal/CMakeFiles/lib__libc__minimal.dir/source/stdlib/bsearch.c.obj
[kodkod:ro] [355/382] Building C object zephyr/kernel/CMakeFiles/kernel.dir/fatal.c.obj
[bloonchipper:rw] [351/532] Building C object modules/ec/third_party/boringssl/build/CMakeFiles/crypto.dir/crypto/ecdsa_extra/ecdsa_asn1.c.obj
[ciri:ro] [362/377] Building C object zephyr/kernel/CMakeFiles/kernel.dir/stack.c.obj
[kodkod:ro] [356/382] Building C object zephyr/kernel/CMakeFiles/kernel.dir/init.c.obj
[mtlrvpp_mchp:rw] [92/393] Building C object zephyr/lib/libc/minimal/CMakeFiles/lib__libc__minimal.dir/source/stdlib/strtoul.c.obj
[ciri:ro] [363/377] Building C object zephyr/kernel/CMakeFiles/kernel.dir/system_work_q.c.obj
[bloonchipper:rw] [352/532] Building C object modules/ec/third_party/boringssl/build/CMakeFiles/crypto.dir/crypto/engine/engine.c.obj
[kodkod:ro] [357/382] Building C object zephyr/kernel/CMakeFiles/kernel.dir/version.c.obj
[bloonchipper:rw] [353/532] Building C object modules/ec/third_party/boringssl/build/CMakeFiles/crypto.dir/crypto/err/err.c.obj
[bloonchipper:rw] [354/532] Building C object modules/ec/third_party/boringssl/build/CMakeFiles/crypto.dir/crypto/evp/evp.c.obj
[mtlrvpp_mchp:rw] [93/393] Building C object zephyr/lib/libc/minimal/CMakeFiles/lib__libc__minimal.dir/source/stdlib/strtoll.c.obj
[kodkod:ro] [358/382] Building C object zephyr/kernel/CMakeFiles/kernel.dir/mem_slab.c.obj
[bloonchipper:rw] [355/532] Building C object modules/ec/third_party/boringssl/build/CMakeFiles/crypto.dir/crypto/evp/p_dh.c.obj
[kodkod:ro] [359/382] Building C object zephyr/kernel/CMakeFiles/kernel.dir/kheap.c.obj
[mtlrvpp_mchp:rw] [94/393] Building C object zephyr/lib/libc/minimal/CMakeFiles/lib__libc__minimal.dir/source/stdlib/strtoull.c.obj
[ciri:ro] [364/377] Building C object zephyr/kernel/CMakeFiles/kernel.dir/condvar.c.obj
[kodkod:ro] [360/382] Building C object zephyr/kernel/CMakeFiles/kernel.dir/float.c.obj
[bloonchipper:rw] [356/532] Building C object modules/ec/third_party/boringssl/build/CMakeFiles/crypto.dir/crypto/evp/evp_asn1.c.obj
[mtlrvpp_mchp:rw] [95/393] Building C object zephyr/lib/libc/minimal/CMakeFiles/lib__libc__minimal.dir/source/stdlib/bsearch.c.obj
[ciri:ro] [365/377] Building C object zephyr/kernel/CMakeFiles/kernel.dir/work.c.obj
[mtlrvpp_mchp:ro] [96/393] Building C object zephyr/lib/libc/minimal/CMakeFiles/lib__libc__minimal.dir/source/stdlib/exit.c.obj
[ciri:ro] [366/377] Building C object zephyr/kernel/CMakeFiles/kernel.dir/thread.c.obj
[bloonchipper:rw] [357/532] Building C object modules/ec/third_party/boringssl/build/CMakeFiles/crypto.dir/crypto/evp/p_ec_asn1.c.obj
[kodkod:ro] [361/382] Building C object zephyr/kernel/CMakeFiles/kernel.dir/idle.c.obj
[kodkod:ro] [362/382] Building C object zephyr/kernel/CMakeFiles/kernel.dir/mailbox.c.obj
[kodkod:ro] [363/382] Building C object zephyr/kernel/CMakeFiles/kernel.dir/msg_q.c.obj
[mtlrvpp_mchp:ro] [97/393] Building C object zephyr/lib/libc/minimal/CMakeFiles/lib__libc__minimal.dir/source/stdlib/qsort.c.obj
[bloonchipper:rw] [358/532] Building C object modules/ec/third_party/boringssl/build/CMakeFiles/crypto.dir/crypto/evp/evp_ctx.c.obj
[bloonchipper:rw] [359/532] Building C object modules/ec/third_party/boringssl/build/CMakeFiles/crypto.dir/crypto/evp/p_ed25519.c.obj
[bloonchipper:rw] [360/532] Building C object modules/ec/third_party/boringssl/build/CMakeFiles/crypto.dir/crypto/evp/p_dh_asn1.c.obj
[kodkod:ro] [364/382] Building C object zephyr/kernel/CMakeFiles/kernel.dir/mutex.c.obj
[mtlrvpp_mchp:rw] [96/393] Building C object zephyr/lib/libc/minimal/CMakeFiles/lib__libc__minimal.dir/source/stdlib/exit.c.obj
[ciri:ro] [367/377] Building C object zephyr/kernel/CMakeFiles/kernel.dir/sched.c.obj
[bloonchipper:rw] [361/532] Building C object modules/ec/third_party/boringssl/build/CMakeFiles/crypto.dir/crypto/evp/p_dsa_asn1.c.obj
[mtlrvpp_mchp:ro] [98/393] Building C object zephyr/lib/libc/minimal/CMakeFiles/lib__libc__minimal.dir/source/string/strerror.c.obj
[ciri:ro] [368/377] Building C object zephyr/kernel/CMakeFiles/kernel.dir/pipe.c.obj
[bloonchipper:rw] [362/532] Building C object modules/ec/third_party/boringssl/build/CMakeFiles/crypto.dir/crypto/evp/p_ec.c.obj
[ciri:ro] [369/377] Building C object zephyr/kernel/CMakeFiles/kernel.dir/spinlock_validate.c.obj
[kodkod:ro] [365/382] Building C object zephyr/kernel/CMakeFiles/kernel.dir/sem.c.obj
[mtlrvpp_mchp:ro] [99/393] Building C object zephyr/lib/libc/minimal/CMakeFiles/lib__libc__minimal.dir/source/string/strncasecmp.c.obj
[kodkod:ro] [366/382] Building C object zephyr/kernel/CMakeFiles/kernel.dir/queue.c.obj
[mtlrvpp_mchp:ro] [100/393] Building C object zephyr/lib/libc/minimal/CMakeFiles/lib__libc__minimal.dir/source/string/strstr.c.obj
[mtlrvpp_mchp:rw] [97/393] Building C object zephyr/lib/libc/minimal/CMakeFiles/lib__libc__minimal.dir/source/stdlib/qsort.c.obj
[ciri:ro] [370/377] Building C object zephyr/kernel/CMakeFiles/kernel.dir/thread_monitor.c.obj
[kodkod:ro] [367/382] Building C object zephyr/kernel/CMakeFiles/kernel.dir/stack.c.obj
[bloonchipper:rw] [363/532] Building C object modules/ec/third_party/boringssl/build/CMakeFiles/crypto.dir/crypto/evp/p_x25519.c.obj
[mtlrvpp_mchp:ro] [101/393] Building C object zephyr/lib/libc/minimal/CMakeFiles/lib__libc__minimal.dir/source/string/string.c.obj
[kodkod:ro] [368/382] Building C object zephyr/kernel/CMakeFiles/kernel.dir/system_work_q.c.obj
[mtlrvpp_mchp:rw] [98/393] Building C object zephyr/lib/libc/minimal/CMakeFiles/lib__libc__minimal.dir/source/string/strerror.c.obj
[mtlrvpp_mchp:ro] [102/393] Building C object zephyr/lib/libc/minimal/CMakeFiles/lib__libc__minimal.dir/source/string/strspn.c.obj
[mtlrvpp_mchp:rw] [99/393] Building C object zephyr/lib/libc/minimal/CMakeFiles/lib__libc__minimal.dir/source/string/strncasecmp.c.obj
[bloonchipper:rw] [364/532] Building C object modules/ec/third_party/boringssl/build/CMakeFiles/crypto.dir/crypto/evp/p_hkdf.c.obj
[bloonchipper:rw] [365/532] Building C object modules/ec/third_party/boringssl/build/CMakeFiles/crypto.dir/crypto/evp/p_ed25519_asn1.c.obj
[bloonchipper:rw] [366/532] Building C object modules/ec/third_party/boringssl/build/CMakeFiles/crypto.dir/crypto/evp/p_rsa.c.obj
[ciri:ro] [371/377] Building C object zephyr/kernel/CMakeFiles/kernel.dir/timeout.c.obj
[mtlrvpp_mchp:rw] [100/393] Building C object zephyr/lib/libc/minimal/CMakeFiles/lib__libc__minimal.dir/source/string/strstr.c.obj
[ciri:ro] [372/377] Building C object zephyr/kernel/CMakeFiles/kernel.dir/timer.c.obj
[kodkod:ro] [369/382] Building C object zephyr/kernel/CMakeFiles/kernel.dir/work.c.obj
[kodkod:ro] [370/382] Building C object zephyr/kernel/CMakeFiles/kernel.dir/condvar.c.obj
[bloonchipper:rw] [367/532] Building C object modules/ec/third_party/boringssl/build/CMakeFiles/crypto.dir/crypto/evp/p_rsa_asn1.c.obj
[mtlrvpp_mchp:rw] [101/393] Building C object zephyr/lib/libc/minimal/CMakeFiles/lib__libc__minimal.dir/source/string/string.c.obj
[kodkod:ro] [371/382] Building C object zephyr/kernel/CMakeFiles/kernel.dir/thread.c.obj
[ciri:ro] [373/377] Building C object zephyr/kernel/CMakeFiles/kernel.dir/events.c.obj
[ciri:ro] [374/377] Building C object zephyr/kernel/CMakeFiles/kernel.dir/poll.c.obj
[mtlrvpp_mchp:rw] [102/393] Building C object zephyr/lib/libc/minimal/CMakeFiles/lib__libc__minimal.dir/source/string/strspn.c.obj
[bloonchipper:rw] [368/532] Building C object modules/ec/third_party/boringssl/build/CMakeFiles/crypto.dir/crypto/evp/sign.c.obj
[kodkod:ro] [372/382] Building C object zephyr/kernel/CMakeFiles/kernel.dir/sched.c.obj
[mtlrvpp_mchp:ro] [103/393] Building C object zephyr/lib/libc/minimal/CMakeFiles/lib__libc__minimal.dir/source/stdout/stdout_console.c.obj
[ciri:ro] [375/377] Building C object zephyr/kernel/CMakeFiles/kernel.dir/mempool.c.obj
[kodkod:ro] [373/382] Building C object zephyr/kernel/CMakeFiles/kernel.dir/spinlock_validate.c.obj
[bloonchipper:rw] [369/532] Building C object modules/ec/third_party/boringssl/build/CMakeFiles/crypto.dir/crypto/evp/p_x25519_asn1.c.obj
[ciri:ro] [376/377] Building C object zephyr/kernel/CMakeFiles/kernel.dir/dynamic_disabled.c.obj
[bloonchipper:rw] [370/532] Building C object modules/ec/third_party/boringssl/build/CMakeFiles/crypto.dir/crypto/evp/print.c.obj
[kodkod:ro] [374/382] Building C object zephyr/kernel/CMakeFiles/kernel.dir/thread_monitor.c.obj
[bloonchipper:rw] [371/532] Building C object modules/ec/third_party/boringssl/build/CMakeFiles/crypto.dir/crypto/evp/scrypt.c.obj
[kodkod:ro] [375/382] Building C object zephyr/kernel/CMakeFiles/kernel.dir/pipe.c.obj
[ciri:ro] [377/377] Linking C static library zephyr/kernel/libkernel.a
[bloonchipper:rw] [372/532] Building C object modules/ec/third_party/boringssl/build/CMakeFiles/crypto.dir/crypto/evp/pbkdf.c.obj
[kodkod:rw] Building: /usr/bin/ninja -C /mnt/host/source/src/platform/ec/build/zephyr/kodkod/build-rw all.libraries
Running `env -i SHELL=/bin/bash COLORTERM=truecolor DEPOT_TOOLS_UPDATE=0 LESS='-R -M --shift 5' SUDO_GID=0 JDK_HOME=/etc/java-config-2/current-system-vm CONFIG_PROTECT_MASK='/etc/gentoo-release /etc/sandbox.d /etc/fonts/fonts.conf /etc/terminfo /etc/ca-certificates.conf /etc/revdep-rebuild' CHROMEOS_CACHEDIR=/var/cache/chromeos-cache JAVA_HOME=/etc/java-config-2/current-system-vm SSH_AUTH_SOCK=/tmp/ssh-auth-sock SUDO_COMMAND=/bin/bash SUDO_USER=root SUDO_TTY=/dev/pts/2 EDITOR=/usr/bin/vi PWD=/mnt/host/source/src/platform/ec CONFIG_PROTECT=/usr/share/gnupg/qualified.txt LOGNAME=jpmurphy MANPATH=/etc/java-config-2/current-system-vm/man:/usr/local/share/man:/usr/share/man:/usr/share/gcc-data/x86_64-pc-linux-gnu/10.2.0/man:/usr/share/binutils-data/x86_64-pc-linux-gnu/2.45/man:/etc/java-config-2/current-system-vm/man/ SUDO_HOME=/root XAUTHORITY=/run/user/944457/gdm/Xauthority HOME=/home/jpmurphy LANG=C.UTF-8 LS_COLORS='rs=0:di=01;34:ln=01;36:mh=00:pi=40;33:so=01;35:do=01;35:bd=40;33;01:cd=40;33;01:or=01;05;37;41:mi=01;05;37;41:su=37;41:sg=30;43:ca=30;41:tw=30;42:ow=34;42:st=37;44:ex=01;32:*.tar=01;31:*.tgz=01;31:*.arc=01;31:*.arj=01;31:*.taz=01;31:*.lha=01;31:*.lz4=01;31:*.lzh=01;31:*.lzma=01;31:*.tlz=01;31:*.txz=01;31:*.tzo=01;31:*.t7z=01;31:*.zip=01;31:*.z=01;31:*.dz=01;31:*.gz=01;31:*.lrz=01;31:*.lz=01;31:*.lzo=01;31:*.xz=01;31:*.zst=01;31:*.tzst=01;31:*.bz2=01;31:*.bz=01;31:*.tbz=01;31:*.tbz2=01;31:*.tz=01;31:*.deb=01;31:*.rpm=01;31:*.jar=01;31:*.war=01;31:*.ear=01;31:*.sar=01;31:*.rar=01;31:*.alz=01;31:*.ace=01;31:*.zoo=01;31:*.cpio=01;31:*.7z=01;31:*.rz=01;31:*.cab=01;31:*.wim=01;31:*.swm=01;31:*.dwm=01;31:*.esd=01;31:*.jpg=01;35:*.jpeg=01;35:*.mjpg=01;35:*.mjpeg=01;35:*.gif=01;35:*.bmp=01;35:*.pbm=01;35:*.pgm=01;35:*.ppm=01;35:*.tga=01;35:*.xbm=01;35:*.xpm=01;35:*.tif=01;35:*.tiff=01;35:*.png=01;35:*.svg=01;35:*.svgz=01;35:*.mng=01;35:*.pcx=01;35:*.mov=01;35:*.mpg=01;35:*.mpeg=01;35:*.m2v=01;35:*.mkv=01;35:*.webm=01;35:*.webp=01;35:*.ogm=01;35:*.mp4=01;35:*.m4v=01;35:*.mp4v=01;35:*.vob=01;35:*.qt=01;35:*.nuv=01;35:*.wmv=01;35:*.asf=01;35:*.rm=01;35:*.rmvb=01;35:*.flc=01;35:*.avi=01;35:*.fli=01;35:*.flv=01;35:*.gl=01;35:*.dl=01;35:*.xcf=01;35:*.xwd=01;35:*.yuv=01;35:*.cgm=01;35:*.emf=01;35:*.ogv=01;35:*.ogx=01;35:*.cfg=00;32:*.conf=00;32:*.diff=00;32:*.doc=00;32:*.ini=00;32:*.log=00;32:*.patch=00;32:*.pdf=00;32:*.ps=00;32:*.tex=00;32:*.txt=00;32:*.aac=00;36:*.au=00;36:*.flac=00;36:*.m4a=00;36:*.mid=00;36:*.midi=00;36:*.mka=00;36:*.mp3=00;36:*.mpc=00;36:*.ogg=00;36:*.ra=00;36:*.wav=00;36:*.oga=00;36:*.opus=00;36:*.spx=00;36:*.xspf=00;36:' XDG_CURRENT_DESKTOP=GNOME INFOPATH=/usr/share/info:/usr/share/gcc-data/x86_64-pc-linux-gnu/10.2.0/info:/usr/share/binutils-data/x86_64-pc-linux-gnu/2.45/info:/usr/share/automake-1.16.5/info JAVAC=/etc/java-config-2/current-system-vm/bin/javac TERM=xterm-256color LESSOPEN='|lesspipe %s' USER=jpmurphy CROS_WORKON_SRCROOT=/mnt/host/source MANPAGER=manpager DISPLAY=:1 SHLVL=1 LC_MESSAGES=C EXTERNAL_TRUNK_PATH=/mnt/8f9d649a-3721-44cc-93c0-e6bd21a9689f/chromiumos GCC_SPECS='' PATH=/mnt/host/source/chromite/bin:/usr/local/bin:/usr/bin:/bin:/opt/bin:/mnt/host/source/chromite/sdk/bin:/mnt/host/source/chromite/bin PORTAGE_USERNAME=jpmurphy SUDO_UID=0 GCC_VER=10.2.0 MAIL=/var/mail/jpmurphy OLDPWD=/mnt/host/source/src/scripts traceparent=00-e87aca51550a78635907baa6a2476181-6d684811675d2973-01 _=./zephyr/firmware_builder.py COREBOOT_SDK_ROOT_x86=/home/jpmurphy/.cache/coreboot-sdk/i386-elf/dfbb0486385d938cfa9d73080b9d18d598ed4f49 COREBOOT_SDK_ROOT_picolibc_x86=/home/jpmurphy/.cache/coreboot-sdk/picolibc-i386-elf/eb8e8e687b95461de8cbf278f1c2076952d0ad17 COREBOOT_SDK_ROOT_riscv64=/home/jpmurphy/.cache/coreboot-sdk/riscv64-elf/96b949749225b6aaa92ed810ab769e8dfb12f000 COREBOOT_SDK_ROOT_picolibc_arm=/home/jpmurphy/.cache/coreboot-sdk/picolibc-arm-eabi/422a2aa3e1ef891b5bece9a3deb696ff83840d2e COREBOOT_SDK_ROOT_nds32=/home/jpmurphy/.cache/coreboot-sdk/nds32le-elf/d1a518c4a097666d86058e1444f85ca015d15511 COREBOOT_SDK_ROOT_picolibc_riscv64=/home/jpmurphy/.cache/coreboot-sdk/picolibc-riscv64-elf/f571e990ef0278564b31124f8bb109d9a697eb69 COREBOOT_SDK_ROOT_arm=/home/jpmurphy/.cache/coreboot-sdk/arm-eabi/ea40ddd1d190c3b48435c474c0b545719371813a COREBOOT_SDK_ROOT_libstdcxx_riscv64=/home/jpmurphy/.cache/coreboot-sdk/libstdcxx-riscv64-elf/17abf22a3a252e2d5d2062ced5324f7a623689e0 COREBOOT_SDK_ROOT_libstdcxx_arm=/home/jpmurphy/.cache/coreboot-sdk/libstdcxx-arm-eabi/5d7d82e150e44aa1968f1d366e267e6687b328ac COREBOOT_SDK_ROOT_riscv=/home/jpmurphy/.cache/coreboot-sdk/riscv-elf/9a27b9e82341c6e9126624f516ab3f261abb3e73 COREBOOT_SDK_ROOT_libstdcxx_x86=/home/jpmurphy/.cache/coreboot-sdk/libstdcxx-i386-elf/42ef9d2e87a76a37963175d7d428734e65648b87 PYTHONPATH=/mnt/host/source/src/platform/ec/zephyr/zmake PW_PIGWEED_CIPD_INSTALL_DIR=/usr CROSTC_USER_ACKNOWLEDGES_THAT_RISCV_IS_EXPERIMENTAL=1 MAKEFLAGS=' -j16 --jobserver-auth=5,6' /usr/bin/ninja -C /mnt/host/source/src/platform/ec/build/zephyr/kodkod/build-rw all.libraries`
[kodkod:rw] ninja: Entering directory `/mnt/host/source/src/platform/ec/build/zephyr/kodkod/build-rw'
[bloonchipper:rw] [373/532] Building C object modules/ec/third_party/boringssl/build/CMakeFiles/crypto.dir/crypto/fipsmodule/fips_shared_support.c.obj
[mtlrvpp_mchp:rw] [103/393] Building C object zephyr/lib/libc/minimal/CMakeFiles/lib__libc__minimal.dir/source/stdout/sprintf.c.obj
[mtlrvpp_mchp:rw] [104/393] Building C object zephyr/lib/libc/minimal/CMakeFiles/lib__libc__minimal.dir/source/stdout/stdout_console.c.obj
[kodkod:ro] [376/382] Building C object zephyr/kernel/CMakeFiles/kernel.dir/timeout.c.obj
[mtlrvpp_mchp:ro] [104/393] Building C object zephyr/lib/libc/minimal/CMakeFiles/lib__libc__minimal.dir/source/stdout/sprintf.c.obj
[kodkod:ro] [377/382] Building C object zephyr/kernel/CMakeFiles/kernel.dir/timer.c.obj
[bloonchipper:rw] [374/532] Building C object modules/ec/third_party/boringssl/build/CMakeFiles/crypto.dir/crypto/ex_data.c.obj
Running (initial) lcov on /mnt/host/source/src/platform/ec/build/zephyr/ciri.
[kodkod:ro] [378/382] Building C object zephyr/kernel/CMakeFiles/kernel.dir/poll.c.obj
[mtlrvpp_mchp:rw] [105/393] Building C object zephyr/lib/libc/minimal/CMakeFiles/lib__libc__minimal.dir/source/math/sqrtf.c.obj
[kodkod:ro] [379/382] Building C object zephyr/kernel/CMakeFiles/kernel.dir/events.c.obj
[felino:ro] Configuring.
Running `env -i PYTHONPATH=/usr/lib64/python-exec/python3.11:/mnt/host/source/src/platform/ec/zephyr/zmake:/usr/lib/python311.zip:/usr/lib/python3.11:/usr/lib/python3.11/lib-dynload:/usr/lib/python3.11/site-packages PW_PIGWEED_CIPD_INSTALL_DIR=/usr CROSTC_USER_ACKNOWLEDGES_THAT_RISCV_IS_EXPERIMENTAL=1 PATH=/mnt/host/source/chromite/bin:/usr/local/bin:/usr/bin:/bin:/opt/bin:/mnt/host/source/chromite/sdk/bin:/mnt/host/source/chromite/bin HOME=/home/jpmurphy JAVA_HOME=/etc/java-config-2/current-system-vm JDK_HOME=/etc/java-config-2/current-system-vm JAVAC=/etc/java-config-2/current-system-vm/bin/javac MAKEFLAGS=' -j16 --jobserver-auth=5,6' /usr/bin/cmake -S /mnt/host/source/src/platform/ec/zephyr/program/fatcat -B /mnt/host/source/src/platform/ec/build/zephyr/felino/build-ro -GNinja -DCMAKE_EXPORT_COMPILE_COMMANDS=ON -DZEPHYR_BASE=/mnt/host/source/src/third_party/zephyr/main -DZMAKE_INCLUDE_DIR=/mnt/host/source/src/platform/ec/build/zephyr/felino/include -DPython3_EXECUTABLE=/usr/bin/python3.11 -DDTS_ROOT=/mnt/host/source/src/platform/ec/zephyr -DSYSCALL_INCLUDE_DIRS=/mnt/host/source/src/platform/ec/zephyr/include/drivers -DUSER_CACHE_DIR=/mnt/host/source/src/platform/ec/build/zephyr/user-cache '-DEXTRA_EC_VERSION_FLAGS=--version 16543.0.0 --static' -DTOOLCHAIN_ROOT=/mnt/host/source/src/platform/ec/zephyr -DCOREBOOT_SDK_ROOT_x86=/home/jpmurphy/.cache/coreboot-sdk/i386-elf/dfbb0486385d938cfa9d73080b9d18d598ed4f49 -DCOREBOOT_SDK_ROOT_picolibc_x86=/home/jpmurphy/.cache/coreboot-sdk/picolibc-i386-elf/eb8e8e687b95461de8cbf278f1c2076952d0ad17 -DCOREBOOT_SDK_ROOT_riscv64=/home/jpmurphy/.cache/coreboot-sdk/riscv64-elf/96b949749225b6aaa92ed810ab769e8dfb12f000 -DCOREBOOT_SDK_ROOT_picolibc_arm=/home/jpmurphy/.cache/coreboot-sdk/picolibc-arm-eabi/422a2aa3e1ef891b5bece9a3deb696ff83840d2e -DCOREBOOT_SDK_ROOT_nds32=/home/jpmurphy/.cache/coreboot-sdk/nds32le-elf/d1a518c4a097666d86058e1444f85ca015d15511 -DCOREBOOT_SDK_ROOT_picolibc_riscv64=/home/jpmurphy/.cache/coreboot-sdk/picolibc-riscv64-elf/f571e990ef0278564b31124f8bb109d9a697eb69 -DCOREBOOT_SDK_ROOT_arm=/home/jpmurphy/.cache/coreboot-sdk/arm-eabi/ea40ddd1d190c3b48435c474c0b545719371813a -DCOREBOOT_SDK_ROOT_libstdcxx_riscv64=/home/jpmurphy/.cache/coreboot-sdk/libstdcxx-riscv64-elf/17abf22a3a252e2d5d2062ced5324f7a623689e0 -DCOREBOOT_SDK_ROOT_libstdcxx_arm=/home/jpmurphy/.cache/coreboot-sdk/libstdcxx-arm-eabi/5d7d82e150e44aa1968f1d366e267e6687b328ac -DCOREBOOT_SDK_ROOT_riscv=/home/jpmurphy/.cache/coreboot-sdk/riscv-elf/9a27b9e82341c6e9126624f516ab3f261abb3e73 -DCOREBOOT_SDK_ROOT_libstdcxx_x86=/home/jpmurphy/.cache/coreboot-sdk/libstdcxx-i386-elf/42ef9d2e87a76a37963175d7d428734e65648b87 -DZEPHYR_TOOLCHAIN_VARIANT=coreboot-sdk -DZEPHYR_MODULES=/mnt/host/source/src/platform/ec/build/zephyr/felino/modules/ec -DDTC_OVERLAY_FILE=/mnt/host/source/src/platform/ec/zephyr/program/fatcat/felino/project.overlay -DBOARD=it8xxx2/it82002aw -DCMAKE_C_FLAGS=-DSECTION_IS_RO '-DCONF_FILE=/mnt/host/source/src/platform/ec/zephyr/program/fatcat/program.conf;/mnt/host/source/src/platform/ec/zephyr/program/fatcat/felino/project.conf;/mnt/host/source/src/platform/ec/build/zephyr/felino/kconfig-ro.conf'`
[kodkod:ro] [380/382] Building C object zephyr/kernel/CMakeFiles/kernel.dir/mempool.c.obj
[felino:ro] Loading Zephyr default modules (Zephyr base (cached)).
[felino:ro] -- Application: /mnt/host/source/src/platform/ec/zephyr/program/fatcat
[felino:ro] -- CMake version: 3.31.7
[kodkod:rw] [1/382] Generating include/generated/zephyr/version.h
[kodkod:rw] -- git describe warned: warning: tag 'upstream/v2.7.99' is externally known as 'v2.7.99'
[kodkod:rw] -- Zephyr version: 4.3.99 (/mnt/host/source/src/third_party/zephyr/main)
[kodkod:rw] [2/382] Preparing syscall dependency handling
[mtlrvpp_mchp:rw] [106/393] Building C object zephyr/lib/libc/minimal/CMakeFiles/lib__libc__minimal.dir/source/stdout/fprintf.c.obj
[bloonchipper:rw] [375/532] Building C object modules/ec/third_party/boringssl/build/CMakeFiles/crypto.dir/crypto/hpke/hpke.c.obj
[kodkod:ro] [381/382] Building C object zephyr/kernel/CMakeFiles/kernel.dir/dynamic_disabled.c.obj
[mtlrvpp_mchp:rw] [107/393] Building C object zephyr/lib/libc/minimal/CMakeFiles/lib__libc__minimal.dir/source/math/sqrt.c.obj
[kodkod:rw] [3/382] Generating misc/generated/syscalls_subdirs.trigger
[bloonchipper:rw] [376/532] Building C object modules/ec/third_party/boringssl/build/CMakeFiles/crypto.dir/crypto/hrss/hrss.c.obj
Running `env -i PYTHONPATH=/usr/lib64/python-exec/python3.11:/mnt/host/source/src/platform/ec/zephyr/zmake:/usr/lib/python311.zip:/usr/lib/python3.11:/usr/lib/python3.11/lib-dynload:/usr/lib/python3.11/site-packages PW_PIGWEED_CIPD_INSTALL_DIR=/usr CROSTC_USER_ACKNOWLEDGES_THAT_RISCV_IS_EXPERIMENTAL=1 PATH=/mnt/host/source/chromite/bin:/usr/local/bin:/usr/bin:/bin:/opt/bin:/mnt/host/source/chromite/sdk/bin:/mnt/host/source/chromite/bin HOME=/home/jpmurphy JAVA_HOME=/etc/java-config-2/current-system-vm JDK_HOME=/etc/java-config-2/current-system-vm JAVAC=/etc/java-config-2/current-system-vm/bin/javac MAKEFLAGS=' -j16 --jobserver-auth=5,6' /usr/bin/lcov --gcov-tool /mnt/host/source/src/platform/ec/build/zephyr/ciri/build-rw/gcov.sh -q -o - -c -d /mnt/host/source/src/platform/ec/build/zephyr/ciri -t ciri --rc branch_coverage=1 --filter range --ignore-errors inconsistent,source --ignore-errors gcov,gcov -i`
[bloonchipper:rw] [377/532] Building C object modules/ec/third_party/boringssl/build/CMakeFiles/crypto.dir/crypto/keccak/keccak.c.obj
[kodkod:ro] [382/382] Linking C static library zephyr/kernel/libkernel.a
[mtlrvpp_mchp:ro] [105/393] Building C object zephyr/lib/libc/minimal/CMakeFiles/lib__libc__minimal.dir/source/stdout/fprintf.c.obj
[bloonchipper:rw] [378/532] Building C object modules/ec/third_party/boringssl/build/CMakeFiles/crypto.dir/crypto/kyber/kyber.c.obj
[bloonchipper:rw] [379/532] Building C object modules/ec/third_party/boringssl/build/CMakeFiles/crypto.dir/crypto/lhash/lhash.c.obj
[felino:ro] -- Found Python3: /usr/bin/python3.11 (found suitable version "3.11.11", minimum required is "3.10") found components: Interpreter
[felino:ro] -- Cache files will be written to: /mnt/host/source/src/platform/ec/build/zephyr/user-cache
[felino:ro] -- Zephyr version: 4.3.99 (/mnt/host/source/src/third_party/zephyr/main)
[mtlrvpp_mchp:rw] [108/393] Building C object zephyr/lib/libc/common/CMakeFiles/lib__libc__common.dir/source/time/asctime.c.obj
[mtlrvpp_mchp:rw] [109/393] Building C object zephyr/lib/libc/common/CMakeFiles/lib__libc__common.dir/source/time/gmtime_r.c.obj
[mtlrvpp_mchp:ro] [106/393] Building C object zephyr/lib/libc/minimal/CMakeFiles/lib__libc__minimal.dir/source/math/sqrtf.c.obj
[bloonchipper:rw] [380/532] Building C object modules/ec/third_party/boringssl/build/CMakeFiles/crypto.dir/crypto/mem.c.obj
[bloonchipper:rw] [381/532] Building C object modules/ec/third_party/boringssl/build/CMakeFiles/crypto.dir/crypto/pem/pem_all.c.obj
[bloonchipper:rw] [382/532] Building C object modules/ec/third_party/boringssl/build/CMakeFiles/crypto.dir/crypto/pem/pem_info.c.obj
[mtlrvpp_mchp:rw] [110/393] Building C object zephyr/lib/libc/minimal/CMakeFiles/lib__libc__minimal.dir/source/time/gmtime.c.obj
[mtlrvpp_mchp:rw] [111/393] Building C object zephyr/lib/libc/common/CMakeFiles/lib__libc__common.dir/source/stdlib/abort.c.obj
[bloonchipper:rw] [383/532] Building C object modules/ec/third_party/boringssl/build/CMakeFiles/crypto.dir/crypto/pem/pem_oth.c.obj
[mtlrvpp_mchp:rw] [112/393] Linking C static library zephyr/lib/libc/minimal/liblib__libc__minimal.a
[bloonchipper:rw] [384/532] Building C object modules/ec/third_party/boringssl/build/CMakeFiles/crypto.dir/crypto/pem/pem_pk8.c.obj
[mtlrvpp_mchp:ro] [107/393] Building C object zephyr/lib/libc/minimal/CMakeFiles/lib__libc__minimal.dir/source/math/sqrt.c.obj
[mtlrvpp_mchp:rw] [113/393] Building C object zephyr/lib/libc/common/CMakeFiles/lib__libc__common.dir/source/time/localtime_r_utc.c.obj
[mtlrvpp_mchp:rw] [114/393] Building C object zephyr/lib/libc/common/CMakeFiles/lib__libc__common.dir/source/time/ctime.c.obj
[bloonchipper:rw] [385/532] Building C object modules/ec/third_party/boringssl/build/CMakeFiles/crypto.dir/crypto/pkcs7/pkcs7.c.obj
[bloonchipper:rw] [386/532] Building C object modules/ec/third_party/boringssl/build/CMakeFiles/crypto.dir/crypto/obj/obj_xref.c.obj
[bloonchipper:rw] [387/532] Building C object modules/ec/third_party/boringssl/build/CMakeFiles/crypto.dir/crypto/pem/pem_x509.c.obj
[bloonchipper:rw] [388/532] Building C object modules/ec/third_party/boringssl/build/CMakeFiles/crypto.dir/crypto/pem/pem_pkey.c.obj
[mtlrvpp_mchp:rw] [115/393] Building C object zephyr/lib/libc/common/CMakeFiles/lib__libc__common.dir/source/time/time.c.obj
[kodkod:rw] [4/382] Generating misc/generated/syscalls.json, misc/generated/struct_tags.json
[mtlrvpp_mchp:rw] [116/393] Building C object zephyr/lib/libc/common/CMakeFiles/lib__libc__common.dir/source/string/strnlen.c.obj
[bloonchipper:rw] [389/532] Building C object modules/ec/third_party/boringssl/build/CMakeFiles/crypto.dir/crypto/obj/obj.c.obj
[/mnt/host/source/src/platform/ec/build/zephyr/ciri-lcov] geninfo: WARNING: using JSON module "JSON::PP" - which is much slower than some alternatives.  Consider installing one of JSON::XS or Cpanel::JSON::XS
[bloonchipper:rw] [390/532] Building C object modules/ec/third_party/boringssl/build/CMakeFiles/crypto.dir/crypto/pem/pem_xaux.c.obj
[kodkod:rw] [5/382] Generating include/generated/zephyr/syscall_dispatch.c, include/generated/zephyr/syscall_exports_llext.c, syscall_weakdefs_llext.c, include/generated/zephyr/syscall_list.h
[mtlrvpp_mchp:rw] [117/393] Building C object zephyr/lib/posix/c_lib_ext/CMakeFiles/lib__posix__c_lib_ext.dir/fnmatch.c.obj
[bloonchipper:rw] [391/532] Building C object modules/ec/third_party/boringssl/build/CMakeFiles/crypto.dir/crypto/pem/pem_lib.c.obj
[kodkod:rw] [6/382] Generating include/generated/zephyr/driver-validation.h
[mtlrvpp_mchp:rw] [118/393] Building C object zephyr/lib/libc/common/CMakeFiles/lib__libc__common.dir/source/stdlib/malloc.c.obj
[mtlrvpp_mchp:ro] [108/393] Building C object zephyr/lib/libc/minimal/CMakeFiles/lib__libc__minimal.dir/source/time/gmtime.c.obj
[mtlrvpp_mchp:rw] [119/393] Linking C static library zephyr/lib/libc/common/liblib__libc__common.a
[mtlrvpp_mchp:ro] [109/393] Linking C static library zephyr/lib/libc/minimal/liblib__libc__minimal.a
[kodkod:rw] [7/382] Generating include/generated/zephyr/kobj-types-enum.h, include/generated/zephyr/otype-to-str.h, include/generated/zephyr/otype-to-size.h
[kodkod:rw] [8/382] Generating include/generated/device-api-sections.ld, include/generated/device-api-sections.cmake
[mtlrvpp_mchp:rw] [120/393] Building C object zephyr/subsys/crc/CMakeFiles/subsys__crc.dir/crc4_sw.c.obj
[bloonchipper:rw] [392/532] Building C object modules/ec/third_party/boringssl/build/CMakeFiles/crypto.dir/crypto/pkcs7/pkcs7_x509.c.obj
[mtlrvpp_mchp:rw] [121/393] Building C object zephyr/lib/posix/c_lib_ext/CMakeFiles/lib__posix__c_lib_ext.dir/getentropy.c.obj
[felino:ro] -- Board: it8xxx2, qualifiers: it82002aw
[bloonchipper:rw] [393/532] Building C object modules/ec/third_party/boringssl/build/CMakeFiles/crypto.dir/crypto/poly1305/poly1305.c.obj
[mtlrvpp_mchp:rw] [122/393] Building C object zephyr/lib/posix/c_lib_ext/CMakeFiles/lib__posix__c_lib_ext.dir/getopt_shim.c.obj
[bloonchipper:rw] [394/532] Building C object modules/ec/third_party/boringssl/build/CMakeFiles/crypto.dir/crypto/poly1305/poly1305_arm.c.obj
[mtlrvpp_mchp:rw] [123/393] Building C object zephyr/subsys/crc/CMakeFiles/subsys__crc.dir/crc8_sw.c.obj
[bloonchipper:rw] [395/532] Building C object modules/ec/third_party/boringssl/build/CMakeFiles/crypto.dir/crypto/pkcs8/pkcs8_x509.c.obj
[/mnt/host/source/src/platform/ec/build/zephyr/ciri-lcov] stderr:
[bloonchipper:rw] [396/532] Building C object modules/ec/third_party/boringssl/build/CMakeFiles/crypto.dir/crypto/pkcs8/p5_pbev2.c.obj
[mtlrvpp_mchp:rw] [124/393] Building C object zephyr/subsys/crc/CMakeFiles/subsys__crc.dir/crc16_sw.c.obj
[bloonchipper:rw] [397/532] Building C object modules/ec/third_party/boringssl/build/CMakeFiles/crypto.dir/crypto/pkcs8/pkcs8.c.obj
[bloonchipper:rw] [398/532] Building C object modules/ec/third_party/boringssl/build/CMakeFiles/crypto.dir/crypto/pool/pool.c.obj
[mtlrvpp_mchp:rw] [125/393] Linking C static library zephyr/lib/posix/c_lib_ext/liblib__posix__c_lib_ext.a
[mtlrvpp_mchp:rw] [126/393] Building C object zephyr/subsys/crc/CMakeFiles/subsys__crc.dir/crc7_sw.c.obj
[bloonchipper:rw] [399/532] Building C object modules/ec/third_party/boringssl/build/CMakeFiles/crypto.dir/crypto/poly1305/poly1305_vec.c.obj
[mtlrvpp_mchp:ro] [110/393] Building C object zephyr/lib/libc/common/CMakeFiles/lib__libc__common.dir/source/stdlib/abort.c.obj
[mtlrvpp_mchp:rw] [127/393] Building C object zephyr/subsys/crc/CMakeFiles/subsys__crc.dir/crc24_sw.c.obj
[mtlrvpp_mchp:rw] [128/393] Building C object zephyr/subsys/crc/CMakeFiles/subsys__crc.dir/crc32_sw.c.obj
[bloonchipper:rw] [400/532] Building C object modules/ec/third_party/boringssl/build/CMakeFiles/crypto.dir/crypto/rand_extra/rand_extra.c.obj
[mtlrvpp_mchp:rw] [129/393] Building C object zephyr/subsys/crc/CMakeFiles/subsys__crc.dir/crc32c_sw.c.obj
[mtlrvpp_mchp:rw] [130/393] Building C object zephyr/subsys/crc/CMakeFiles/subsys__crc.dir/crc32k_4_2_sw.c.obj
[kodkod:rw] [9/382] Building C object zephyr/CMakeFiles/offsets.dir/arch/arm/core/offsets/offsets.c.obj
[mtlrvpp_mchp:rw] [131/393] Linking C static library zephyr/subsys/crc/libsubsys__crc.a
[/mnt/host/source/src/platform/ec/build/zephyr/ciri-lcov]   /mnt/host/source/src/platform/ec/build/zephyr/ciri/build-ro/modules/ec/zephyr/CMakeFiles/ec_shim.dir/shim/src/power.c.gcno:no functions found
[/mnt/host/source/src/platform/ec/build/zephyr/ciri-lcov] stderr:
[mtlrvpp_mchp:ro] [111/393] Building C object zephyr/lib/libc/common/CMakeFiles/lib__libc__common.dir/source/time/asctime.c.obj
[bloonchipper:rw] [401/532] Building C object modules/ec/third_party/boringssl/build/CMakeFiles/crypto.dir/crypto/rc4/rc4.c.obj
[kodkod:rw] [10/382] Generating include/generated/zephyr/offsets.h
[/mnt/host/source/src/platform/ec/build/zephyr/ciri-lcov]   /mnt/host/source/src/platform/ec/build/zephyr/ciri/build-ro/modules/ec/zephyr/CMakeFiles/ec_shim.dir/shim/src/thermal.c.gcno:no functions found
[/mnt/host/source/src/platform/ec/build/zephyr/ciri-lcov] stderr:
[mtlrvpp_mchp:ro] [112/393] Building C object zephyr/lib/libc/common/CMakeFiles/lib__libc__common.dir/source/time/gmtime_r.c.obj
[bloonchipper:rw] [402/532] Building C object modules/ec/third_party/boringssl/build/CMakeFiles/crypto.dir/crypto/rand_extra/deterministic.c.obj
[bloonchipper:rw] [403/532] Building C object modules/ec/third_party/boringssl/build/CMakeFiles/crypto.dir/crypto/rand_extra/forkunsafe.c.obj
[bloonchipper:rw] [404/532] Building C object modules/ec/third_party/boringssl/build/CMakeFiles/crypto.dir/crypto/rand_extra/getentropy.c.obj
[bloonchipper:rw] [405/532] Building C object modules/ec/third_party/boringssl/build/CMakeFiles/crypto.dir/crypto/rand_extra/ios.c.obj
[mtlrvpp_mchp:rw] [132/393] Building C object zephyr/drivers/interrupt_controller/CMakeFiles/drivers__interrupt_controller.dir/intc_mchp_ecia_xec.c.obj
[/mnt/host/source/src/platform/ec/build/zephyr/ciri-lcov]   /mnt/host/source/src/platform/ec/build/zephyr/ciri/build-ro/modules/ec/zephyr/CMakeFiles/ec_shim.dir/shim/src/battery.c.gcno:no functions found
[/mnt/host/source/src/platform/ec/build/zephyr/ciri-lcov] stderr:
[bloonchipper:rw] [406/532] Building C object modules/ec/third_party/boringssl/build/CMakeFiles/crypto.dir/crypto/rand_extra/passive.c.obj
[bloonchipper:rw] [407/532] Building C object modules/ec/third_party/boringssl/build/CMakeFiles/crypto.dir/crypto/rand_extra/windows.c.obj
[/mnt/host/source/src/platform/ec/build/zephyr/obiwan-lcov]   /mnt/host/source/src/platform/ec/build/zephyr/obiwan/build-rw/zephyr/CMakeFiles/zephyr.dir/soc/nuvoton/npcx/common/npcxn/registers.c.gcno:no functions found
[/mnt/host/source/src/platform/ec/build/zephyr/obiwan-lcov] Filter suppressions 'region':
[mtlrvpp_mchp:rw] [133/393] Building C object zephyr/drivers/adc/CMakeFiles/drivers__adc.dir/adc_common.c.obj
[mtlrvpp_mchp:rw] [134/393] Linking C static library zephyr/drivers/interrupt_controller/libdrivers__interrupt_controller.a
[mtlrvpp_mchp:ro] [113/393] Building C object zephyr/lib/libc/common/CMakeFiles/lib__libc__common.dir/source/time/localtime_r_utc.c.obj
[/mnt/host/source/src/platform/ec/build/zephyr/ciri-lcov]   /mnt/host/source/src/platform/ec/build/zephyr/ciri/build-ro/modules/ec/zephyr/CMakeFiles/ec_shim.dir/shim/src/charger.c.gcno:no functions found
[/mnt/host/source/src/platform/ec/build/zephyr/ciri-lcov] stderr:
[bloonchipper:rw] [408/532] Building C object modules/ec/third_party/boringssl/build/CMakeFiles/crypto.dir/crypto/rand_extra/trusty.c.obj
[/mnt/host/source/src/platform/ec/build/zephyr/obiwan-lcov]     38 instances
[/mnt/host/source/src/platform/ec/build/zephyr/obiwan-lcov]     26 coverpoints
[/mnt/host/source/src/platform/ec/build/zephyr/obiwan-lcov] Message summary:
[/mnt/host/source/src/platform/ec/build/zephyr/obiwan-lcov]   27 ignore messages:
[/mnt/host/source/src/platform/ec/build/zephyr/obiwan-lcov]     gcov: 27
Running (initial) lcov on /mnt/host/source/src/platform/ec/build/zephyr/yavista.
[/mnt/host/source/src/platform/ec/build/zephyr/ciri-lcov]   /mnt/host/source/src/platform/ec/build/zephyr/ciri/build-ro/modules/ec/zephyr/CMakeFiles/ec_shim.dir/shim/src/usb_muxes.c.gcno:no functions found
[/mnt/host/source/src/platform/ec/build/zephyr/ciri-lcov] stderr:
[bloonchipper:rw] [409/532] Building C object modules/ec/third_party/boringssl/build/CMakeFiles/crypto.dir/crypto/rsa_extra/rsa_print.c.obj
[kodkod:rw] [11/382] Building C object zephyr/CMakeFiles/zephyr.dir/lib/libc/validate_libc.c.obj
[bloonchipper:rw] [410/532] Building C object modules/ec/third_party/boringssl/build/CMakeFiles/crypto.dir/crypto/spx/merkle.c.obj
[bloonchipper:rw] [411/532] Building C object modules/ec/third_party/boringssl/build/CMakeFiles/crypto.dir/crypto/spx/spx.c.obj
[bloonchipper:rw] [412/532] Building C object modules/ec/third_party/boringssl/build/CMakeFiles/crypto.dir/crypto/spx/fors.c.obj
[mtlrvpp_mchp:rw] [135/393] Building C object zephyr/drivers/adc/CMakeFiles/drivers__adc.dir/adc_mchp_xec.c.obj
[mtlrvpp_mchp:ro] [114/393] Building C object zephyr/lib/libc/common/CMakeFiles/lib__libc__common.dir/source/time/ctime.c.obj
[mtlrvpp_mchp:rw] [136/393] Linking C static library zephyr/drivers/adc/libdrivers__adc.a
[bloonchipper:rw] [413/532] Building C object modules/ec/third_party/boringssl/build/CMakeFiles/crypto.dir/crypto/spx/spx_util.c.obj
[bloonchipper:rw] [414/532] Building C object modules/ec/third_party/boringssl/build/CMakeFiles/crypto.dir/crypto/rsa_extra/rsa_asn1.c.obj
[bloonchipper:rw] [415/532] Building C object modules/ec/third_party/boringssl/build/CMakeFiles/crypto.dir/crypto/refcount.c.obj
Running `env -i PYTHONPATH=/usr/lib64/python-exec/python3.11:/mnt/host/source/src/platform/ec/zephyr/zmake:/usr/lib/python311.zip:/usr/lib/python3.11:/usr/lib/python3.11/lib-dynload:/usr/lib/python3.11/site-packages PW_PIGWEED_CIPD_INSTALL_DIR=/usr CROSTC_USER_ACKNOWLEDGES_THAT_RISCV_IS_EXPERIMENTAL=1 PATH=/mnt/host/source/chromite/bin:/usr/local/bin:/usr/bin:/bin:/opt/bin:/mnt/host/source/chromite/sdk/bin:/mnt/host/source/chromite/bin HOME=/home/jpmurphy JAVA_HOME=/etc/java-config-2/current-system-vm JDK_HOME=/etc/java-config-2/current-system-vm JAVAC=/etc/java-config-2/current-system-vm/bin/javac MAKEFLAGS=' -j16 --jobserver-auth=5,6' /usr/bin/lcov --gcov-tool /mnt/host/source/src/platform/ec/build/zephyr/yavista/build-rw/gcov.sh -q -o - -c -d /mnt/host/source/src/platform/ec/build/zephyr/yavista -t yavista --rc branch_coverage=1 --filter range --ignore-errors inconsistent,source --ignore-errors gcov,gcov -i`
[bloonchipper:rw] [416/532] Building C object modules/ec/third_party/boringssl/build/CMakeFiles/crypto.dir/crypto/spx/thash.c.obj
[mtlrvpp_mchp:ro] [115/393] Building C object zephyr/lib/libc/common/CMakeFiles/lib__libc__common.dir/source/time/time.c.obj
[bloonchipper:rw] [417/532] Building C object modules/ec/third_party/boringssl/build/CMakeFiles/crypto.dir/crypto/spx/wots.c.obj
[bloonchipper:rw] [418/532] Building C object modules/ec/third_party/boringssl/build/CMakeFiles/crypto.dir/crypto/thread.c.obj
[bloonchipper:rw] [419/532] Building C object modules/ec/third_party/boringssl/build/CMakeFiles/crypto.dir/crypto/rsa_extra/rsa_crypt.c.obj
[kodkod:rw] [12/382] Building C object zephyr/CMakeFiles/zephyr.dir/lib/heap/heap.c.obj
[bloonchipper:rw] [420/532] Building C object modules/ec/third_party/boringssl/build/CMakeFiles/crypto.dir/crypto/siphash/siphash.c.obj
[mtlrvpp_mchp:rw] [137/393] Building C object zephyr/drivers/bbram/CMakeFiles/drivers__bbram.dir/bbram_xec.c.obj
[mtlrvpp_mchp:rw] [138/393] Building C object zephyr/drivers/clock_control/CMakeFiles/drivers__clock_control.dir/clock_control_mchp_xec.c.obj
[bloonchipper:rw] [421/532] Building C object modules/ec/third_party/boringssl/build/CMakeFiles/crypto.dir/crypto/spx/address.c.obj
[mtlrvpp_mchp:rw] [139/393] Linking C static library zephyr/drivers/bbram/libdrivers__bbram.a
[felino:ro] -- Found Dtc: /usr/bin/dtc (found suitable version "1.6.0", minimum required is "1.4.6")
[felino:ro] -- Found BOARD.dts: /mnt/host/source/src/platform/ec/zephyr/boards/google/it8xxx2/it8xxx2_it82002aw.dts
[felino:ro] -- Found devicetree overlay: /mnt/host/source/src/platform/ec/zephyr/program/fatcat/felino/project.overlay
[mtlrvpp_mchp:rw] [140/393] Linking C static library zephyr/drivers/clock_control/libdrivers__clock_control.a
[mtlrvpp_mchp:rw] [141/393] Building C object zephyr/drivers/console/CMakeFiles/drivers__console.dir/uart_console.c.obj
[mtlrvpp_mchp:rw] [142/393] Linking C static library zephyr/drivers/console/libdrivers__console.a
[bloonchipper:rw] [422/532] Building C object modules/ec/third_party/boringssl/build/CMakeFiles/crypto.dir/crypto/x509/a_digest.c.obj
[bloonchipper:rw] [423/532] Building C object modules/ec/third_party/boringssl/build/CMakeFiles/crypto.dir/crypto/thread_none.c.obj
[kodkod:rw] [13/382] Building C object zephyr/CMakeFiles/zephyr.dir/lib/os/cbprintf_packaged.c.obj
[bloonchipper:rw] [424/532] Building C object modules/ec/third_party/boringssl/build/CMakeFiles/crypto.dir/crypto/stack/stack.c.obj
[mtlrvpp_mchp:ro] [116/393] Building C object zephyr/lib/libc/common/CMakeFiles/lib__libc__common.dir/source/stdlib/malloc.c.obj
[bloonchipper:rw] [425/532] Building C object modules/ec/third_party/boringssl/build/CMakeFiles/crypto.dir/crypto/thread_win.c.obj
[bloonchipper:rw] [426/532] Building C object modules/ec/third_party/boringssl/build/CMakeFiles/crypto.dir/crypto/thread_pthread.c.obj
[/mnt/host/source/src/platform/ec/build/zephyr/yavista-lcov] geninfo: WARNING: using JSON module "JSON::PP" - which is much slower than some alternatives.  Consider installing one of JSON::XS or Cpanel::JSON::XS
[mtlrvpp_mchp:rw] [143/393] Building C object zephyr/drivers/eeprom/CMakeFiles/drivers__eeprom.dir/eeprom_shell.c.obj
[mtlrvpp_mchp:ro] [117/393] Building C object zephyr/lib/libc/common/CMakeFiles/lib__libc__common.dir/source/string/strnlen.c.obj
[mtlrvpp_mchp:rw] [144/393] Building C object zephyr/drivers/eeprom/CMakeFiles/drivers__eeprom.dir/eeprom_at2x.c.obj
[bloonchipper:rw] [427/532] Building C object modules/ec/third_party/boringssl/build/CMakeFiles/crypto.dir/crypto/trust_token/voprf.c.obj
[mtlrvpp_mchp:ro] [118/393] Linking C static library zephyr/lib/libc/common/liblib__libc__common.a
[mtlrvpp_mchp:rw] [145/393] Linking C static library zephyr/drivers/eeprom/libdrivers__eeprom.a
[bloonchipper:rw] [428/532] Building C object modules/ec/third_party/boringssl/build/CMakeFiles/crypto.dir/crypto/trust_token/pmbtoken.c.obj
[bloonchipper:rw] [429/532] Building C object modules/ec/third_party/boringssl/build/CMakeFiles/crypto.dir/crypto/trust_token/trust_token.c.obj
[mtlrvpp_mchp:ro] [119/393] Building C object zephyr/lib/posix/c_lib_ext/CMakeFiles/lib__posix__c_lib_ext.dir/fnmatch.c.obj
[kodkod:rw] [14/382] Building C object zephyr/CMakeFiles/zephyr.dir/lib/os/clock.c.obj
[mtlrvpp_mchp:rw] [146/393] Building C object zephyr/drivers/espi/CMakeFiles/drivers__espi.dir/espi_mchp_xec_host_v2.c.obj
[bloonchipper:rw] [430/532] Building C object modules/ec/third_party/boringssl/build/CMakeFiles/crypto.dir/crypto/x509/i2d_pr.c.obj
[bloonchipper:rw] [431/532] Building C object modules/ec/third_party/boringssl/build/CMakeFiles/crypto.dir/crypto/x509/name_print.c.obj
[bloonchipper:rw] [432/532] Building C object modules/ec/third_party/boringssl/build/CMakeFiles/crypto.dir/crypto/x509/a_sign.c.obj
[bloonchipper:rw] [433/532] Building C object modules/ec/third_party/boringssl/build/CMakeFiles/crypto.dir/crypto/x509/a_verify.c.obj
[mtlrvpp_mchp:rw] [147/393] Building C object zephyr/drivers/flash/CMakeFiles/drivers__flash.dir/jesd216.c.obj
[bloonchipper:rw] [434/532] Building C object modules/ec/third_party/boringssl/build/CMakeFiles/crypto.dir/crypto/x509/algorithm.c.obj
[bloonchipper:rw] [435/532] Building C object modules/ec/third_party/boringssl/build/CMakeFiles/crypto.dir/crypto/x509/by_dir.c.obj
[bloonchipper:rw] [436/532] Building C object modules/ec/third_party/boringssl/build/CMakeFiles/crypto.dir/crypto/x509/asn1_gen.c.obj
[mtlrvpp_mchp:rw] [148/393] Building C object zephyr/drivers/espi/CMakeFiles/drivers__espi.dir/espi_mchp_xec_v2.c.obj
[/mnt/host/source/src/platform/ec/build/zephyr/yavista-lcov] stderr:
[mtlrvpp_mchp:rw] [149/393] Linking C static library zephyr/drivers/espi/libdrivers__espi.a
[kodkod:rw] [15/382] Building C object zephyr/CMakeFiles/zephyr.dir/lib/os/printk.c.obj
[mtlrvpp_mchp:ro] [120/393] Building C object zephyr/lib/posix/c_lib_ext/CMakeFiles/lib__posix__c_lib_ext.dir/getentropy.c.obj
[bloonchipper:rw] [437/532] Building C object modules/ec/third_party/boringssl/build/CMakeFiles/crypto.dir/crypto/x509/t_crl.c.obj
[felino:ro] -- Generated zephyr.dts: /mnt/host/source/src/platform/ec/build/zephyr/felino/build-ro/zephyr/zephyr.dts
[felino:ro] -- Generated pickled edt: /mnt/host/source/src/platform/ec/build/zephyr/felino/build-ro/zephyr/edt.pickle
[bloonchipper:rw] [438/532] Building C object modules/ec/third_party/boringssl/build/CMakeFiles/crypto.dir/crypto/x509/by_file.c.obj
[mtlrvpp_mchp:rw] [150/393] Building C object zephyr/drivers/flash/CMakeFiles/drivers__flash.dir/spi_nor.c.obj
[mtlrvpp_mchp:rw] [151/393] Linking C static library zephyr/drivers/flash/libdrivers__flash.a
[/mnt/host/source/src/platform/ec/build/zephyr/yavista-lcov]   /mnt/host/source/src/platform/ec/build/zephyr/yavista/build-ro/modules/ec/zephyr/CMakeFiles/ec_shim.dir/shim/src/thermal.c.gcno:no functions found
[/mnt/host/source/src/platform/ec/build/zephyr/yavista-lcov] stderr:
[kodkod:rw] [16/382] Building C object zephyr/CMakeFiles/zephyr.dir/lib/os/sem.c.obj
[bloonchipper:rw] [439/532] Building C object modules/ec/third_party/boringssl/build/CMakeFiles/crypto.dir/crypto/x509/policy.c.obj
[mtlrvpp_mchp:rw] [152/393] Building C object zephyr/drivers/gpio/CMakeFiles/drivers__gpio.dir/gpio_nct38xx.c.obj
[mtlrvpp_mchp:ro] [121/393] Building C object zephyr/lib/posix/c_lib_ext/CMakeFiles/lib__posix__c_lib_ext.dir/getopt_shim.c.obj
[bloonchipper:rw] [440/532] Building C object modules/ec/third_party/boringssl/build/CMakeFiles/crypto.dir/crypto/x509/rsa_pss.c.obj
[bloonchipper:rw] [441/532] Building C object modules/ec/third_party/boringssl/build/CMakeFiles/crypto.dir/crypto/x509/t_req.c.obj
[/mnt/host/source/src/platform/ec/build/zephyr/yavista-lcov]   /mnt/host/source/src/platform/ec/build/zephyr/yavista/build-ro/modules/ec/zephyr/CMakeFiles/ec_shim.dir/shim/src/battery.c.gcno:no functions found
[/mnt/host/source/src/platform/ec/build/zephyr/yavista-lcov] stderr:
[felino:ro] -- Generated devicetree_generated.h: /mnt/host/source/src/platform/ec/build/zephyr/felino/build-ro/zephyr/include/generated/zephyr/devicetree_generated.h
[mtlrvpp_mchp:ro] [122/393] Linking C static library zephyr/lib/posix/c_lib_ext/liblib__posix__c_lib_ext.a
[/mnt/host/source/src/platform/ec/build/zephyr/yavista-lcov]   /mnt/host/source/src/platform/ec/build/zephyr/yavista/build-ro/modules/ec/zephyr/CMakeFiles/ec_shim.dir/shim/src/charger.c.gcno:no functions found
[/mnt/host/source/src/platform/ec/build/zephyr/yavista-lcov] stderr:
[mtlrvpp_mchp:rw] [153/393] Building C object zephyr/drivers/gpio/CMakeFiles/drivers__gpio.dir/gpio_nct38xx_port.c.obj
[mtlrvpp_mchp:ro] [123/393] Building C object zephyr/subsys/crc/CMakeFiles/subsys__crc.dir/crc4_sw.c.obj
[bloonchipper:rw] [442/532] Building C object modules/ec/third_party/boringssl/build/CMakeFiles/crypto.dir/crypto/x509/t_x509a.c.obj
[bloonchipper:rw] [443/532] Building C object modules/ec/third_party/boringssl/build/CMakeFiles/crypto.dir/crypto/x509/v3_akey.c.obj
[mtlrvpp_mchp:ro] [124/393] Building C object zephyr/subsys/crc/CMakeFiles/subsys__crc.dir/crc8_sw.c.obj
[bloonchipper:rw] [444/532] Building C object modules/ec/third_party/boringssl/build/CMakeFiles/crypto.dir/crypto/x509/t_x509.c.obj
[kodkod:rw] [17/382] Building C object zephyr/CMakeFiles/zephyr.dir/lib/os/thread_entry.c.obj
[mtlrvpp_mchp:ro] [125/393] Building C object zephyr/subsys/crc/CMakeFiles/subsys__crc.dir/crc16_sw.c.obj
[bloonchipper:rw] [445/532] Building C object modules/ec/third_party/boringssl/build/CMakeFiles/crypto.dir/crypto/x509/v3_akeya.c.obj
[mtlrvpp_mchp:rw] [154/393] Building C object zephyr/drivers/gpio/CMakeFiles/drivers__gpio.dir/gpio_pca95xx.c.obj
[mtlrvpp_mchp:ro] [126/393] Building C object zephyr/subsys/crc/CMakeFiles/subsys__crc.dir/crc7_sw.c.obj
[bloonchipper:rw] [446/532] Building C object modules/ec/third_party/boringssl/build/CMakeFiles/crypto.dir/crypto/x509/v3_alt.c.obj
[mtlrvpp_mchp:ro] [127/393] Building C object zephyr/subsys/crc/CMakeFiles/subsys__crc.dir/crc24_sw.c.obj
[mtlrvpp_mchp:ro] [128/393] Building C object zephyr/subsys/crc/CMakeFiles/subsys__crc.dir/crc32c_sw.c.obj
[mtlrvpp_mchp:rw] [155/393] Building C object zephyr/drivers/i2c/CMakeFiles/drivers__i2c.dir/i2c_common.c.obj
[mtlrvpp_mchp:ro] [129/393] Building C object zephyr/subsys/crc/CMakeFiles/subsys__crc.dir/crc32_sw.c.obj
[/mnt/host/source/src/platform/ec/build/zephyr/yavista-lcov]   /mnt/host/source/src/platform/ec/build/zephyr/yavista/build-ro/modules/ec/zephyr/CMakeFiles/ec_shim.dir/shim/src/usb_muxes.c.gcno:no functions found
[/mnt/host/source/src/platform/ec/build/zephyr/yavista-lcov] stderr:
[mtlrvpp_mchp:rw] [156/393] Building C object zephyr/drivers/gpio/CMakeFiles/drivers__gpio.dir/gpio_mchp_xec.c.obj
[bloonchipper:rw] [447/532] Building C object modules/ec/third_party/boringssl/build/CMakeFiles/crypto.dir/crypto/x509/v3_conf.c.obj
[kodkod:rw] [18/382] Building C object zephyr/CMakeFiles/zephyr.dir/lib/os/cbprintf_nano.c.obj
[mtlrvpp_mchp:rw] [157/393] Linking C static library zephyr/drivers/gpio/libdrivers__gpio.a
[bloonchipper:rw] [448/532] Building C object modules/ec/third_party/boringssl/build/CMakeFiles/crypto.dir/crypto/x509/v3_bcons.c.obj
[bloonchipper:rw] [449/532] Building C object modules/ec/third_party/boringssl/build/CMakeFiles/crypto.dir/crypto/x509/v3_bitst.c.obj
[mtlrvpp_mchp:ro] [130/393] Building C object zephyr/subsys/crc/CMakeFiles/subsys__crc.dir/crc32k_4_2_sw.c.obj
[bloonchipper:rw] [450/532] Building C object modules/ec/third_party/boringssl/build/CMakeFiles/crypto.dir/crypto/x509/v3_crld.c.obj
[mtlrvpp_mchp:ro] [131/393] Linking C static library zephyr/subsys/crc/libsubsys__crc.a
[bloonchipper:rw] [451/532] Building C object modules/ec/third_party/boringssl/build/CMakeFiles/crypto.dir/crypto/x509/v3_cpols.c.obj
[/mnt/host/source/src/platform/ec/build/zephyr/ciri-lcov]   /mnt/host/source/src/platform/ec/build/zephyr/ciri/build-ro/modules/ec/zephyr/CMakeFiles/ec_shim.dir/shim/src/chg_rt9490.c.gcno:no functions found
[/mnt/host/source/src/platform/ec/build/zephyr/ciri-lcov] stderr:
[mtlrvpp_mchp:rw] [158/393] Building C object zephyr/drivers/i2c/CMakeFiles/drivers__i2c.dir/i2c_shell.c.obj
[bloonchipper:rw] [452/532] Building C object modules/ec/third_party/boringssl/build/CMakeFiles/crypto.dir/crypto/x509/v3_enum.c.obj
[bloonchipper:rw] [453/532] Building C object modules/ec/third_party/boringssl/build/CMakeFiles/crypto.dir/crypto/x509/v3_int.c.obj
[bloonchipper:rw] [454/532] Building C object modules/ec/third_party/boringssl/build/CMakeFiles/crypto.dir/crypto/x509/v3_extku.c.obj
[kodkod:rw] [19/382] Building C object zephyr/CMakeFiles/zephyr.dir/lib/os/cbprintf.c.obj
[felino:ro] /mnt/host/source/src/platform/ec/build/zephyr/felino/build-ro/zephyr/zephyr.dts:1300.27-1998.5: Warning (avoid_unnecessary_addr_size): /soc/pin-controller: unnecessary #address-cells/#size-cells without "ranges" or child "reg" property
[felino:ro] /mnt/host/source/src/platform/ec/build/zephyr/felino/build-ro/zephyr/zephyr.dts:3136.9-3144.5: Warning (gpios_property): /fans/fan_0: Missing property '#gpio-cells' in node /named-gpios/vccprim_io_pgood or bad phandle (referred from pgood-gpio[0])
[/mnt/host/source/src/platform/ec/build/zephyr/yavista-lcov]   /mnt/host/source/src/platform/ec/build/zephyr/yavista/build-ro/modules/ec/zephyr/CMakeFiles/ec_shim.dir/shim/src/usba.c.gcno:no functions found
[/mnt/host/source/src/platform/ec/build/zephyr/yavista-lcov] stderr:
[bloonchipper:rw] [455/532] Building C object modules/ec/third_party/boringssl/build/CMakeFiles/crypto.dir/crypto/x509/v3_genn.c.obj
[mtlrvpp_mchp:rw] [159/393] Building C object zephyr/drivers/mfd/CMakeFiles/drivers__mfd.dir/mfd_nct38xx.c.obj
[bloonchipper:rw] [456/532] Building C object modules/ec/third_party/boringssl/build/CMakeFiles/crypto.dir/crypto/x509/v3_ocsp.c.obj
[mtlrvpp_mchp:rw] [160/393] Building C object zephyr/drivers/i2c/CMakeFiles/drivers__i2c.dir/i2c_mchp_xec_v2.c.obj
[mtlrvpp_mchp:rw] [161/393] Linking C static library zephyr/drivers/mfd/libdrivers__mfd.a
[mtlrvpp_mchp:rw] [162/393] Linking C static library zephyr/drivers/i2c/libdrivers__i2c.a
[mtlrvpp_mchp:ro] [132/393] Building C object zephyr/drivers/interrupt_controller/CMakeFiles/drivers__interrupt_controller.dir/intc_mchp_ecia_xec.c.obj
[/mnt/host/source/src/platform/ec/build/zephyr/yavista-lcov]   /mnt/host/source/src/platform/ec/build/zephyr/yavista/build-ro/modules/ec/zephyr/CMakeFiles/ec_shim.dir/shim/src/keyscan.c.gcno:no functions found
[/mnt/host/source/src/platform/ec/build/zephyr/yavista-lcov] stderr:
[bloonchipper:rw] [457/532] Building C object modules/ec/third_party/boringssl/build/CMakeFiles/crypto.dir/crypto/x509/v3_prn.c.obj
[kodkod:rw] [20/382] Building C object zephyr/CMakeFiles/zephyr.dir/lib/os/assert.c.obj
[mtlrvpp_mchp:rw] [163/393] Building C object zephyr/drivers/pinctrl/CMakeFiles/drivers__pinctrl.dir/common.c.obj
[bloonchipper:rw] [458/532] Building C object modules/ec/third_party/boringssl/build/CMakeFiles/crypto.dir/crypto/x509/v3_ia5.c.obj
[mtlrvpp_mchp:ro] [133/393] Linking C static library zephyr/drivers/interrupt_controller/libdrivers__interrupt_controller.a
[bloonchipper:rw] [459/532] Building C object modules/ec/third_party/boringssl/build/CMakeFiles/crypto.dir/crypto/x509/v3_info.c.obj
[bloonchipper:rw] [460/532] Building C object modules/ec/third_party/boringssl/build/CMakeFiles/crypto.dir/crypto/x509/v3_lib.c.obj
[bloonchipper:rw] [461/532] Building C object modules/ec/third_party/boringssl/build/CMakeFiles/crypto.dir/crypto/x509/x509.c.obj
[bloonchipper:rw] [462/532] Building C object modules/ec/third_party/boringssl/build/CMakeFiles/crypto.dir/crypto/x509/v3_pcons.c.obj
[mtlrvpp_mchp:rw] [164/393] Building C object zephyr/drivers/pinctrl/CMakeFiles/drivers__pinctrl.dir/pinctrl_mchp_xec.c.obj
[bloonchipper:rw] [463/532] Building C object modules/ec/third_party/boringssl/build/CMakeFiles/crypto.dir/crypto/x509/v3_ncons.c.obj
[mtlrvpp_mchp:rw] [165/393] Linking C static library zephyr/drivers/pinctrl/libdrivers__pinctrl.a
[mtlrvpp_mchp:rw] [166/393] Building C object zephyr/drivers/pwm/CMakeFiles/drivers__pwm.dir/pwm_shell.c.obj
[kodkod:rw] [21/382] Building C object zephyr/CMakeFiles/zephyr.dir/lib/os/reboot.c.obj
[bloonchipper:rw] [464/532] Building C object modules/ec/third_party/boringssl/build/CMakeFiles/crypto.dir/crypto/x509/v3_pmaps.c.obj
[mtlrvpp_mchp:rw] [167/393] Building C object zephyr/drivers/sensor/CMakeFiles/drivers__sensor.dir/mnt/host/source/src/third_party/zephyr/main/misc/empty_file.c.obj
[kodkod:rw] [22/382] Building C object zephyr/CMakeFiles/zephyr.dir/lib/utils/base64.c.obj
[mtlrvpp_mchp:rw] [168/393] Linking C static library zephyr/drivers/sensor/libdrivers__sensor.a
[bloonchipper:rw] [465/532] Building C object modules/ec/third_party/boringssl/build/CMakeFiles/crypto.dir/crypto/x509/v3_purp.c.obj
[mtlrvpp_mchp:rw] [169/393] Building C object zephyr/drivers/pwm/CMakeFiles/drivers__pwm.dir/pwm_mchp_xec.c.obj
[bloonchipper:rw] [466/532] Building C object modules/ec/third_party/boringssl/build/CMakeFiles/crypto.dir/crypto/x509/x509_d2.c.obj
[mtlrvpp_mchp:rw] [170/393] Linking C static library zephyr/drivers/pwm/libdrivers__pwm.a
[bloonchipper:rw] [467/532] Building C object modules/ec/third_party/boringssl/build/CMakeFiles/crypto.dir/crypto/x509/x509_def.c.obj
[kodkod:rw] [23/382] Building C object zephyr/CMakeFiles/zephyr.dir/lib/utils/dec.c.obj
[mtlrvpp_mchp:ro] [134/393] Building C object zephyr/drivers/adc/CMakeFiles/drivers__adc.dir/adc_common.c.obj
[bloonchipper:rw] [468/532] Building C object modules/ec/third_party/boringssl/build/CMakeFiles/crypto.dir/crypto/x509/v3_utl.c.obj
[bloonchipper:rw] [469/532] Building C object modules/ec/third_party/boringssl/build/CMakeFiles/crypto.dir/crypto/x509/v3_skey.c.obj
[kodkod:rw] [24/382] Building C object zephyr/CMakeFiles/zephyr.dir/lib/utils/hex.c.obj
[mtlrvpp_mchp:rw] [171/393] Building C object zephyr/drivers/sensor/microchip/mchp_tach_xec/CMakeFiles/drivers__sensor__microchip__mchp_tach_xec.dir/tach_mchp_xec.c.obj
[bloonchipper:rw] [470/532] Building C object modules/ec/third_party/boringssl/build/CMakeFiles/crypto.dir/crypto/x509/x509_att.c.obj
[mtlrvpp_mchp:rw] [172/393] Linking C static library zephyr/drivers/sensor/microchip/mchp_tach_xec/libdrivers__sensor__microchip__mchp_tach_xec.a
[bloonchipper:rw] [471/532] Building C object modules/ec/third_party/boringssl/build/CMakeFiles/crypto.dir/crypto/x509/x509_cmp.c.obj
[mtlrvpp_mchp:rw] [173/393] Building C object zephyr/drivers/serial/CMakeFiles/drivers__serial.dir/uart_mchp_xec.c.obj
[bloonchipper:rw] [472/532] Building C object modules/ec/third_party/boringssl/build/CMakeFiles/crypto.dir/crypto/x509/x509_ext.c.obj
[mtlrvpp_mchp:rw] [174/393] Linking C static library zephyr/drivers/serial/libdrivers__serial.a
[bloonchipper:rw] [473/532] Building C object modules/ec/third_party/boringssl/build/CMakeFiles/crypto.dir/crypto/x509/x509_txt.c.obj
[mtlrvpp_mchp:ro] [135/393] Building C object zephyr/drivers/adc/CMakeFiles/drivers__adc.dir/adc_mchp_xec.c.obj
[mtlrvpp_mchp:rw] [175/393] Building C object zephyr/drivers/spi/CMakeFiles/drivers__spi.dir/spi_xec_qmspi_ldma.c.obj
[mtlrvpp_mchp:ro] [136/393] Linking C static library zephyr/drivers/adc/libdrivers__adc.a
[bloonchipper:rw] [474/532] Building C object modules/ec/third_party/boringssl/build/CMakeFiles/crypto.dir/crypto/x509/x509_obj.c.obj
[bloonchipper:rw] [475/532] Building C object modules/ec/third_party/boringssl/build/CMakeFiles/crypto.dir/crypto/x509/x509_lu.c.obj
[mtlrvpp_mchp:rw] [176/393] Linking C static library zephyr/drivers/spi/libdrivers__spi.a
[kodkod:rw] [25/382] Building C object zephyr/CMakeFiles/zephyr.dir/lib/utils/rb.c.obj
[bloonchipper:rw] [476/532] Building C object modules/ec/third_party/boringssl/build/CMakeFiles/crypto.dir/crypto/x509/x509_req.c.obj
[mtlrvpp_mchp:rw] [177/393] Building C object zephyr/drivers/timer/CMakeFiles/drivers__timer.dir/sys_clock_init.c.obj
[bloonchipper:rw] [477/532] Building C object modules/ec/third_party/boringssl/build/CMakeFiles/crypto.dir/crypto/x509/x509_set.c.obj
[bloonchipper:rw] [478/532] Building C object modules/ec/third_party/boringssl/build/CMakeFiles/crypto.dir/crypto/x509/x509_trs.c.obj
[kodkod:rw] [26/382] Building C object zephyr/CMakeFiles/zephyr.dir/lib/utils/timeutil.c.obj
[mtlrvpp_mchp:rw] [178/393] Building C object zephyr/drivers/timer/CMakeFiles/drivers__timer.dir/mchp_xec_rtos_timer.c.obj
[felino:ro] /mnt/host/source/src/platform/ec/build/zephyr/felino/build-ro/zephyr/zephyr.dts:3147.9-3155.5: Warning (gpios_property): /fans/fan_1: Missing property '#gpio-cells' in node /named-gpios/vccprim_io_pgood or bad phandle (referred from pgood-gpio[0])
[mtlrvpp_mchp:rw] [179/393] Linking C static library zephyr/drivers/timer/libdrivers__timer.a
[bloonchipper:rw] [479/532] Building C object modules/ec/third_party/boringssl/build/CMakeFiles/crypto.dir/crypto/x509/x509spki.c.obj
[mtlrvpp_mchp:ro] [137/393] Building C object zephyr/drivers/bbram/CMakeFiles/drivers__bbram.dir/bbram_xec.c.obj
[bloonchipper:rw] [480/532] Building C object modules/ec/third_party/boringssl/build/CMakeFiles/crypto.dir/crypto/x509/x_algor.c.obj
[bloonchipper:rw] [481/532] Building C object modules/ec/third_party/boringssl/build/CMakeFiles/crypto.dir/crypto/x509/x509_v3.c.obj
[mtlrvpp_mchp:ro] [138/393] Linking C static library zephyr/drivers/bbram/libdrivers__bbram.a
[mtlrvpp_mchp:rw] [180/393] Building C object zephyr/drivers/watchdog/CMakeFiles/drivers__watchdog.dir/wdt_shell.c.obj
[bloonchipper:rw] [482/532] Building C object modules/ec/third_party/boringssl/build/CMakeFiles/crypto.dir/crypto/x509/x509_vpm.c.obj
[mtlrvpp_mchp:rw] [181/393] Building C object zephyr/drivers/watchdog/CMakeFiles/drivers__watchdog.dir/wdt_mchp_xec.c.obj
[/mnt/host/source/src/platform/ec/build/zephyr/yavista-lcov]   /mnt/host/source/src/platform/ec/build/zephyr/yavista/build-ro/modules/ec/zephyr/CMakeFiles/ec_shim.dir/shim/src/bc12.c.gcno:no functions found
[/mnt/host/source/src/platform/ec/build/zephyr/yavista-lcov] stderr:
[bloonchipper:rw] [483/532] Building C object modules/ec/third_party/boringssl/build/CMakeFiles/crypto.dir/crypto/x509/x509_vfy.c.obj
[kodkod:rw] [27/382] Building C object zephyr/CMakeFiles/zephyr.dir/lib/utils/bitarray.c.obj
[mtlrvpp_mchp:rw] [182/393] Linking C static library zephyr/drivers/watchdog/libdrivers__watchdog.a
[felino:ro] Parsing /mnt/host/source/src/platform/ec/zephyr/program/fatcat/Kconfig
[bloonchipper:rw] [484/532] Building C object modules/ec/third_party/boringssl/build/CMakeFiles/crypto.dir/crypto/x509/x509cset.c.obj
[bloonchipper:rw] [485/532] Building C object modules/ec/third_party/boringssl/build/CMakeFiles/crypto.dir/crypto/x509/x509name.c.obj
[bloonchipper:rw] [486/532] Building C object modules/ec/third_party/boringssl/build/CMakeFiles/crypto.dir/crypto/x509/x509rset.c.obj
[kodkod:rw] [28/382] Building C object zephyr/CMakeFiles/zephyr.dir/lib/utils/bitmask.c.obj
[mtlrvpp_mchp:rw] [183/393] Building C object modules/ec/zephyr/CMakeFiles/ec_shim.dir/app/ec/ec_app_main.c.obj
[bloonchipper:rw] [487/532] Building C object modules/ec/third_party/boringssl/build/CMakeFiles/crypto.dir/crypto/x509/x_sig.c.obj
[mtlrvpp_mchp:ro] [139/393] Building C object zephyr/drivers/clock_control/CMakeFiles/drivers__clock_control.dir/clock_control_mchp_xec.c.obj
[mtlrvpp_mchp:ro] [140/393] Linking C static library zephyr/drivers/clock_control/libdrivers__clock_control.a
[mtlrvpp_mchp:rw] [184/393] Building C object modules/ec/zephyr/CMakeFiles/ec_shim.dir/app/ec/main_shim.c.obj
[bloonchipper:rw] [488/532] Building C object modules/ec/third_party/boringssl/build/CMakeFiles/crypto.dir/crypto/x509/x_all.c.obj
[kodkod:rw] [29/382] Building C object zephyr/CMakeFiles/zephyr.dir/lib/utils/getopt/getopt.c.obj
[bloonchipper:rw] [489/532] Building C object modules/ec/third_party/boringssl/build/CMakeFiles/crypto.dir/crypto/x509/x_attrib.c.obj
[bloonchipper:rw] [490/532] Building C object modules/ec/third_party/boringssl/build/CMakeFiles/crypto.dir/crypto/x509/x_crl.c.obj
[bloonchipper:rw] [491/532] Building C object modules/ec/third_party/boringssl/build/CMakeFiles/crypto.dir/crypto/x509/x_exten.c.obj
[felino:ro] Loaded configuration '/mnt/host/source/src/platform/ec/zephyr/boards/google/it8xxx2/it8xxx2_it82002aw_defconfig'
[felino:ro] Merged configuration '/mnt/host/source/src/platform/ec/zephyr/program/fatcat/program.conf'
[felino:ro] Merged configuration '/mnt/host/source/src/platform/ec/zephyr/program/fatcat/felino/project.conf'
[felino:ro] Merged configuration '/mnt/host/source/src/platform/ec/build/zephyr/felino/kconfig-ro.conf'
[felino:ro] Configuration saved to '/mnt/host/source/src/platform/ec/build/zephyr/felino/build-ro/zephyr/.config'
[felino:ro] Kconfig header saved to '/mnt/host/source/src/platform/ec/build/zephyr/felino/build-ro/zephyr/include/generated/zephyr/autoconf.h'
[felino:ro] -- Found GnuLd: /home/jpmurphy/.cache/coreboot-sdk/riscv64-elf/96b949749225b6aaa92ed810ab769e8dfb12f000/riscv64-elf/bin/ld.bfd (found version "2.43.1")
[bloonchipper:rw] [492/532] Building C object modules/ec/third_party/boringssl/build/CMakeFiles/crypto.dir/crypto/x509/x_name.c.obj
[mtlrvpp_mchp:rw] [185/393] Building C object modules/ec/zephyr/CMakeFiles/ec_shim.dir/drivers/cros_flash/cros_flash_xec.c.obj
[/mnt/host/source/src/platform/ec/build/zephyr/ciri-lcov]   /mnt/host/source/src/platform/ec/build/zephyr/ciri/build-ro/CMakeFiles/app.dir/mnt/host/source/src/platform/ec/build/zephyr/ciri/modules/ec/common/usb_pd_pdo.c.gcno:no functions found
[/mnt/host/source/src/platform/ec/build/zephyr/ciri-lcov] stderr:
[bloonchipper:rw] [493/532] Building C object modules/ec/third_party/boringssl/build/CMakeFiles/crypto.dir/crypto/x509/x_req.c.obj
[bloonchipper:rw] [494/532] Building C object modules/ec/third_party/boringssl/build/CMakeFiles/crypto.dir/gen/crypto/err_data.c.obj
[bloonchipper:rw] [495/532] Building C object modules/ec/third_party/boringssl/build/CMakeFiles/crypto.dir/crypto/x509/x_pubkey.c.obj
[felino:ro] -- The C compiler identification is GNU 14.2.0
[kodkod:rw] [30/382] Building C object zephyr/CMakeFiles/zephyr.dir/lib/utils/getopt/getopt_common.c.obj
[mtlrvpp_mchp:ro] [141/393] Building C object zephyr/drivers/console/CMakeFiles/drivers__console.dir/uart_console.c.obj
[mtlrvpp_mchp:ro] [142/393] Linking C static library zephyr/drivers/console/libdrivers__console.a
[mtlrvpp_mchp:rw] [186/393] Building C object modules/ec/zephyr/CMakeFiles/ec_shim.dir/drivers/cros_system/cros_system_xec.c.obj
[felino:ro] -- The CXX compiler identification is GNU 14.2.0
[mtlrvpp_mchp:rw] [187/393] Building C object modules/ec/zephyr/CMakeFiles/ec_shim.dir/drivers/vivaldi_kbd/vivaldi_kbd.c.obj
[bloonchipper:rw] [496/532] Building C object modules/ec/third_party/boringssl/build/CMakeFiles/crypto.dir/crypto/x509/x_spki.c.obj
[felino:ro] -- The ASM compiler identification is GNU
[felino:ro] -- Found assembler: /home/jpmurphy/.cache/coreboot-sdk/riscv64-elf/96b949749225b6aaa92ed810ab769e8dfb12f000/bin/riscv64-elf-gcc
[kodkod:rw] [31/382] Building C object zephyr/CMakeFiles/zephyr.dir/lib/utils/ring_buffer.c.obj
[felino:ro] warning: Deprecated symbol I2C_ALLOW_NO_STOP_TRANSACTIONS is enabled.
[felino:ro] CMake Warning at /mnt/host/source/src/platform/ec/zephyr/cmake/linker/ld/linker_libraries.cmake:11 (message):
[felino:ro]   Disabling c_library
[felino:ro] Call Stack (most recent call first):
[felino:ro]   /mnt/host/source/src/third_party/zephyr/main/cmake/target_toolchain_flags.cmake:48 (include)
[felino:ro]   /mnt/host/source/src/third_party/zephyr/main/cmake/modules/kernel.cmake:153 (include)
[felino:ro]   /mnt/host/source/src/third_party/zephyr/main/cmake/modules/zephyr_default.cmake:138 (include)
[felino:ro]   /mnt/host/source/src/third_party/zephyr/main/share/zephyr-package/cmake/ZephyrConfig.cmake:66 (include)
[felino:ro]   /mnt/host/source/src/third_party/zephyr/main/share/zephyr-package/cmake/ZephyrConfig.cmake:97 (include_boilerplate)
[felino:ro]   CMakeLists.txt:7 (find_package)
[bloonchipper:rw] [497/532] Building C object modules/ec/third_party/boringssl/build/CMakeFiles/crypto.dir/crypto/x509/x_val.c.obj
[bloonchipper:rw] [498/532] Building C object zephyr/kernel/CMakeFiles/kernel.dir/main_weak.c.obj
[kodkod:rw] [32/382] Building C object zephyr/CMakeFiles/zephyr.dir/lib/utils/last_section_id.c.obj
[bloonchipper:rw] [499/532] Building C object modules/ec/third_party/boringssl/build/CMakeFiles/crypto.dir/crypto/x509/x_x509a.c.obj
[bloonchipper:rw] [500/532] Building C object zephyr/kernel/CMakeFiles/kernel.dir/banner.c.obj
[bloonchipper:rw] [501/532] Building C object zephyr/kernel/CMakeFiles/kernel.dir/busy_wait.c.obj
[bloonchipper:rw] [502/532] Building C object modules/ec/third_party/boringssl/build/CMakeFiles/crypto.dir/crypto/x509/x_x509.c.obj
[bloonchipper:rw] [503/532] Building C object zephyr/kernel/CMakeFiles/kernel.dir/device.c.obj
[mtlrvpp_mchp:rw] [188/393] Building C object modules/ec/zephyr/CMakeFiles/ec_shim.dir/shim/chip/mchp/clock.c.obj
[kodkod:rw] [33/382] Building C object zephyr/CMakeFiles/zephyr.dir/misc/generated/configs.c.obj
[bloonchipper:rw] [504/532] Building C object zephyr/kernel/CMakeFiles/kernel.dir/version.c.obj
[mtlrvpp_mchp:rw] [189/393] Building C object modules/ec/zephyr/CMakeFiles/ec_shim.dir/shim/chip/mchp/gpio.c.obj
[mtlrvpp_mchp:ro] [143/393] Building C object zephyr/drivers/eeprom/CMakeFiles/drivers__eeprom.dir/eeprom_shell.c.obj
[bloonchipper:rw] [505/532] Linking C static library modules/ec/third_party/boringssl/build/libcrypto.a
[bloonchipper:rw] [506/532] Linking C static library zephyr/libzephyr.a
[felino:ro] -- Performing EC specific devicetree checks
[bloonchipper:rw] [507/532] Building C object zephyr/kernel/CMakeFiles/kernel.dir/errno.c.obj
[mtlrvpp_mchp:rw] [190/393] Building C object modules/ec/zephyr/CMakeFiles/ec_shim.dir/shim/chip/mchp/system.c.obj
[kodkod:rw] [34/382] Building C object zephyr/CMakeFiles/zephyr.dir/soc/realtek/ec/rts5912/soc.c.obj
[felino:ro] INFO: Verified 51 GPIOs, no duplicates found
[felino:ro] INFO: Verified 14 '*-gpios' properties, all flags match.
[felino:ro] INFO: Skipped 10 named-gpios children.
[bloonchipper:rw] [508/532] Building C object zephyr/kernel/CMakeFiles/kernel.dir/float.c.obj
[bloonchipper:rw] [509/532] Building C object zephyr/kernel/CMakeFiles/kernel.dir/kheap.c.obj
[bloonchipper:rw] [510/532] Building C object zephyr/kernel/CMakeFiles/kernel.dir/fatal.c.obj
[bloonchipper:rw] [511/532] Building C object zephyr/kernel/CMakeFiles/kernel.dir/mem_slab.c.obj
[bloonchipper:rw] [512/532] Building C object zephyr/kernel/CMakeFiles/kernel.dir/init.c.obj
[bloonchipper:rw] [513/532] Building C object zephyr/kernel/CMakeFiles/kernel.dir/idle.c.obj
[felino:ro] -- Generating component manifest file
[mtlrvpp_mchp:rw] [191/393] Building C object modules/ec/zephyr/CMakeFiles/ec_shim.dir/shim/chip/mchp/system_external_storage.c.obj
[mtlrvpp_mchp:rw] [192/393] Building C object modules/ec/zephyr/CMakeFiles/ec_shim.dir/shim/chip/mchp/system_download_from_flash.c.obj
[mtlrvpp_mchp:ro] [144/393] Building C object zephyr/drivers/eeprom/CMakeFiles/drivers__eeprom.dir/eeprom_at2x.c.obj
[kodkod:rw] [35/382] Building C object zephyr/CMakeFiles/zephyr.dir/soc/realtek/ec/rts5912/device_power.c.obj
[bloonchipper:rw] [514/532] Building C object zephyr/kernel/CMakeFiles/kernel.dir/mailbox.c.obj
[mtlrvpp_mchp:ro] [145/393] Linking C static library zephyr/drivers/eeprom/libdrivers__eeprom.a
[felino:ro] INFO: Running CME, outputting to /mnt/host/source/src/platform/ec/build/zephyr/felino/build-ro/zephyr/component_manifest.json
[bloonchipper:rw] [515/532] Building C object zephyr/kernel/CMakeFiles/kernel.dir/msg_q.c.obj
[felino:ro] -- warning_base_override: -Wall;-Wformat;-Wformat-security;-Wformat;-Wno-format-zero-length;-Wno-pointer-sign;-Wpointer-arith;-Wexpansion-to-defined
[mtlrvpp_mchp:rw] [193/393] Building C object modules/ec/zephyr/CMakeFiles/ec_shim.dir/shim/core/cortex-m/mpu.c.obj
[bloonchipper:rw] [516/532] Building C object zephyr/kernel/CMakeFiles/kernel.dir/system_work_q.c.obj
[bloonchipper:rw] [517/532] Building C object zephyr/kernel/CMakeFiles/kernel.dir/stack.c.obj
[mtlrvpp_mchp:rw] [194/393] Building C object modules/ec/zephyr/CMakeFiles/ec_shim.dir/shim/src/crc.c.obj
[bloonchipper:rw] [518/532] Building C object zephyr/kernel/CMakeFiles/kernel.dir/queue.c.obj
[bloonchipper:rw] [519/532] Building C object zephyr/kernel/CMakeFiles/kernel.dir/mutex.c.obj
[bloonchipper:rw] [520/532] Building C object zephyr/kernel/CMakeFiles/kernel.dir/sem.c.obj
[felino:ro] -- Found gen_kobject_list: /mnt/host/source/src/third_party/zephyr/main/scripts/build/gen_kobject_list.py
[felino:ro] INFO: Project felino does not support SSFC
[felino:ro] INFO: No motionsense-sensor node found
[mtlrvpp_mchp:rw] [195/393] Building C object modules/ec/zephyr/CMakeFiles/ec_shim.dir/shim/core/cortex-m/panic.c.obj
[felino:ro] CMake Warning at /mnt/host/source/src/third_party/zephyr/main/CMakeLists.txt:1134 (message):
[felino:ro]   No SOURCES given to Zephyr library: drivers__syscon
[felino:ro]   Excluding target from build.
[bloonchipper:rw] [521/532] Building C object zephyr/kernel/CMakeFiles/kernel.dir/work.c.obj
[felino:ro] CMake Warning at /mnt/host/source/src/third_party/zephyr/main/CMakeLists.txt:2359 (message):
[kodkod:rw] [36/382] Building C object zephyr/CMakeFiles/zephyr.dir/soc/realtek/ec/rts5912/power.c.obj
[felino:ro]   __ASSERT() statements are globally ENABLED
[felino:ro] -- Configuring done (15.3s)
[mtlrvpp_mchp:rw] [196/393] Building C object modules/ec/zephyr/CMakeFiles/ec_shim.dir/shim/src/console.c.obj
[bloonchipper:rw] [522/532] Building C object zephyr/kernel/CMakeFiles/kernel.dir/condvar.c.obj
[mtlrvpp_mchp:ro] [146/393] Building C object zephyr/drivers/espi/CMakeFiles/drivers__espi.dir/espi_mchp_xec_host_v2.c.obj
[bloonchipper:rw] [523/532] Building C object zephyr/kernel/CMakeFiles/kernel.dir/thread.c.obj
[/mnt/host/source/src/platform/ec/build/zephyr/yavista-lcov]   /mnt/host/source/src/platform/ec/build/zephyr/yavista/build-ro/CMakeFiles/app.dir/mnt/host/source/src/platform/ec/build/zephyr/yavista/modules/ec/common/usb_pd_pdo.c.gcno:no functions found
[/mnt/host/source/src/platform/ec/build/zephyr/yavista-lcov] stderr:
[kodkod:rw] [37/382] Building C object zephyr/CMakeFiles/zephyr.dir/soc/realtek/ec/rts5912/debug_swj.c.obj
[bloonchipper:rw] [524/532] Building C object zephyr/kernel/CMakeFiles/kernel.dir/sched.c.obj
[bloonchipper:rw] [525/532] Building C object zephyr/kernel/CMakeFiles/kernel.dir/pipe.c.obj
[felino:ro] -- Generating done (0.4s)
[felino:ro] CMake Warning:
[felino:ro]   Manually-specified variables were not used by the project:
[felino:ro]     COREBOOT_SDK_ROOT_arm
[felino:ro]     COREBOOT_SDK_ROOT_libstdcxx_arm
[felino:ro]     COREBOOT_SDK_ROOT_libstdcxx_x86
[felino:ro]     COREBOOT_SDK_ROOT_nds32
[felino:ro]     COREBOOT_SDK_ROOT_picolibc_arm
[felino:ro]     COREBOOT_SDK_ROOT_picolibc_x86
[felino:ro]     COREBOOT_SDK_ROOT_riscv
[felino:ro]     COREBOOT_SDK_ROOT_x86
[felino:ro] -- Build files have been written to: /mnt/host/source/src/platform/ec/build/zephyr/felino/build-ro
[bloonchipper:rw] [526/532] Building C object zephyr/kernel/CMakeFiles/kernel.dir/timeout.c.obj
[bloonchipper:rw] [527/532] Building C object zephyr/kernel/CMakeFiles/kernel.dir/timer.c.obj
[bloonchipper:rw] [528/532] Building C object zephyr/kernel/CMakeFiles/kernel.dir/poll.c.obj
[mtlrvpp_mchp:rw] [197/393] Building C object modules/ec/zephyr/CMakeFiles/ec_shim.dir/shim/src/gpio.c.obj
[bloonchipper:rw] [529/532] Building C object zephyr/kernel/CMakeFiles/kernel.dir/events.c.obj
[mtlrvpp_mchp:rw] [198/393] Building C object modules/ec/zephyr/CMakeFiles/ec_shim.dir/shim/src/gpio_int.c.obj
[bloonchipper:ro] Building: /usr/bin/ninja -C /mnt/host/source/src/platform/ec/build/zephyr/bloonchipper/build-ro all.libraries
Running `env -i SHELL=/bin/bash COLORTERM=truecolor DEPOT_TOOLS_UPDATE=0 LESS='-R -M --shift 5' SUDO_GID=0 JDK_HOME=/etc/java-config-2/current-system-vm CONFIG_PROTECT_MASK='/etc/gentoo-release /etc/sandbox.d /etc/fonts/fonts.conf /etc/terminfo /etc/ca-certificates.conf /etc/revdep-rebuild' CHROMEOS_CACHEDIR=/var/cache/chromeos-cache JAVA_HOME=/etc/java-config-2/current-system-vm SSH_AUTH_SOCK=/tmp/ssh-auth-sock SUDO_COMMAND=/bin/bash SUDO_USER=root SUDO_TTY=/dev/pts/2 EDITOR=/usr/bin/vi PWD=/mnt/host/source/src/platform/ec CONFIG_PROTECT=/usr/share/gnupg/qualified.txt LOGNAME=jpmurphy MANPATH=/etc/java-config-2/current-system-vm/man:/usr/local/share/man:/usr/share/man:/usr/share/gcc-data/x86_64-pc-linux-gnu/10.2.0/man:/usr/share/binutils-data/x86_64-pc-linux-gnu/2.45/man:/etc/java-config-2/current-system-vm/man/ SUDO_HOME=/root XAUTHORITY=/run/user/944457/gdm/Xauthority HOME=/home/jpmurphy LANG=C.UTF-8 LS_COLORS='rs=0:di=01;34:ln=01;36:mh=00:pi=40;33:so=01;35:do=01;35:bd=40;33;01:cd=40;33;01:or=01;05;37;41:mi=01;05;37;41:su=37;41:sg=30;43:ca=30;41:tw=30;42:ow=34;42:st=37;44:ex=01;32:*.tar=01;31:*.tgz=01;31:*.arc=01;31:*.arj=01;31:*.taz=01;31:*.lha=01;31:*.lz4=01;31:*.lzh=01;31:*.lzma=01;31:*.tlz=01;31:*.txz=01;31:*.tzo=01;31:*.t7z=01;31:*.zip=01;31:*.z=01;31:*.dz=01;31:*.gz=01;31:*.lrz=01;31:*.lz=01;31:*.lzo=01;31:*.xz=01;31:*.zst=01;31:*.tzst=01;31:*.bz2=01;31:*.bz=01;31:*.tbz=01;31:*.tbz2=01;31:*.tz=01;31:*.deb=01;31:*.rpm=01;31:*.jar=01;31:*.war=01;31:*.ear=01;31:*.sar=01;31:*.rar=01;31:*.alz=01;31:*.ace=01;31:*.zoo=01;31:*.cpio=01;31:*.7z=01;31:*.rz=01;31:*.cab=01;31:*.wim=01;31:*.swm=01;31:*.dwm=01;31:*.esd=01;31:*.jpg=01;35:*.jpeg=01;35:*.mjpg=01;35:*.mjpeg=01;35:*.gif=01;35:*.bmp=01;35:*.pbm=01;35:*.pgm=01;35:*.ppm=01;35:*.tga=01;35:*.xbm=01;35:*.xpm=01;35:*.tif=01;35:*.tiff=01;35:*.png=01;35:*.svg=01;35:*.svgz=01;35:*.mng=01;35:*.pcx=01;35:*.mov=01;35:*.mpg=01;35:*.mpeg=01;35:*.m2v=01;35:*.mkv=01;35:*.webm=01;35:*.webp=01;35:*.ogm=01;35:*.mp4=01;35:*.m4v=01;35:*.mp4v=01;35:*.vob=01;35:*.qt=01;35:*.nuv=01;35:*.wmv=01;35:*.asf=01;35:*.rm=01;35:*.rmvb=01;35:*.flc=01;35:*.avi=01;35:*.fli=01;35:*.flv=01;35:*.gl=01;35:*.dl=01;35:*.xcf=01;35:*.xwd=01;35:*.yuv=01;35:*.cgm=01;35:*.emf=01;35:*.ogv=01;35:*.ogx=01;35:*.cfg=00;32:*.conf=00;32:*.diff=00;32:*.doc=00;32:*.ini=00;32:*.log=00;32:*.patch=00;32:*.pdf=00;32:*.ps=00;32:*.tex=00;32:*.txt=00;32:*.aac=00;36:*.au=00;36:*.flac=00;36:*.m4a=00;36:*.mid=00;36:*.midi=00;36:*.mka=00;36:*.mp3=00;36:*.mpc=00;36:*.ogg=00;36:*.ra=00;36:*.wav=00;36:*.oga=00;36:*.opus=00;36:*.spx=00;36:*.xspf=00;36:' XDG_CURRENT_DESKTOP=GNOME INFOPATH=/usr/share/info:/usr/share/gcc-data/x86_64-pc-linux-gnu/10.2.0/info:/usr/share/binutils-data/x86_64-pc-linux-gnu/2.45/info:/usr/share/automake-1.16.5/info JAVAC=/etc/java-config-2/current-system-vm/bin/javac TERM=xterm-256color LESSOPEN='|lesspipe %s' USER=jpmurphy CROS_WORKON_SRCROOT=/mnt/host/source MANPAGER=manpager DISPLAY=:1 SHLVL=1 LC_MESSAGES=C EXTERNAL_TRUNK_PATH=/mnt/8f9d649a-3721-44cc-93c0-e6bd21a9689f/chromiumos GCC_SPECS='' PATH=/mnt/host/source/chromite/bin:/usr/local/bin:/usr/bin:/bin:/opt/bin:/mnt/host/source/chromite/sdk/bin:/mnt/host/source/chromite/bin PORTAGE_USERNAME=jpmurphy SUDO_UID=0 GCC_VER=10.2.0 MAIL=/var/mail/jpmurphy OLDPWD=/mnt/host/source/src/scripts traceparent=00-e87aca51550a78635907baa6a2476181-6d684811675d2973-01 _=./zephyr/firmware_builder.py COREBOOT_SDK_ROOT_x86=/home/jpmurphy/.cache/coreboot-sdk/i386-elf/dfbb0486385d938cfa9d73080b9d18d598ed4f49 COREBOOT_SDK_ROOT_picolibc_x86=/home/jpmurphy/.cache/coreboot-sdk/picolibc-i386-elf/eb8e8e687b95461de8cbf278f1c2076952d0ad17 COREBOOT_SDK_ROOT_riscv64=/home/jpmurphy/.cache/coreboot-sdk/riscv64-elf/96b949749225b6aaa92ed810ab769e8dfb12f000 COREBOOT_SDK_ROOT_picolibc_arm=/home/jpmurphy/.cache/coreboot-sdk/picolibc-arm-eabi/422a2aa3e1ef891b5bece9a3deb696ff83840d2e COREBOOT_SDK_ROOT_nds32=/home/jpmurphy/.cache/coreboot-sdk/nds32le-elf/d1a518c4a097666d86058e1444f85ca015d15511 COREBOOT_SDK_ROOT_picolibc_riscv64=/home/jpmurphy/.cache/coreboot-sdk/picolibc-riscv64-elf/f571e990ef0278564b31124f8bb109d9a697eb69 COREBOOT_SDK_ROOT_arm=/home/jpmurphy/.cache/coreboot-sdk/arm-eabi/ea40ddd1d190c3b48435c474c0b545719371813a COREBOOT_SDK_ROOT_libstdcxx_riscv64=/home/jpmurphy/.cache/coreboot-sdk/libstdcxx-riscv64-elf/17abf22a3a252e2d5d2062ced5324f7a623689e0 COREBOOT_SDK_ROOT_libstdcxx_arm=/home/jpmurphy/.cache/coreboot-sdk/libstdcxx-arm-eabi/5d7d82e150e44aa1968f1d366e267e6687b328ac COREBOOT_SDK_ROOT_riscv=/home/jpmurphy/.cache/coreboot-sdk/riscv-elf/9a27b9e82341c6e9126624f516ab3f261abb3e73 COREBOOT_SDK_ROOT_libstdcxx_x86=/home/jpmurphy/.cache/coreboot-sdk/libstdcxx-i386-elf/42ef9d2e87a76a37963175d7d428734e65648b87 PYTHONPATH=/mnt/host/source/src/platform/ec/zephyr/zmake PW_PIGWEED_CIPD_INSTALL_DIR=/usr CROSTC_USER_ACKNOWLEDGES_THAT_RISCV_IS_EXPERIMENTAL=1 MAKEFLAGS=' -j16 --jobserver-auth=5,6' /usr/bin/ninja -C /mnt/host/source/src/platform/ec/build/zephyr/bloonchipper/build-ro all.libraries`
[bloonchipper:ro] ninja: Entering directory `/mnt/host/source/src/platform/ec/build/zephyr/bloonchipper/build-ro'
[mtlrvpp_mchp:rw] [199/393] Building C object modules/ec/zephyr/CMakeFiles/ec_shim.dir/shim/src/panic_utils.c.obj
[kodkod:rw] [38/382] Building C object zephyr/CMakeFiles/zephyr.dir/subsys/logging/log_minimal.c.obj
[bloonchipper:rw] [530/532] Building C object zephyr/kernel/CMakeFiles/kernel.dir/dynamic_disabled.c.obj
[bloonchipper:rw] [531/532] Building C object zephyr/kernel/CMakeFiles/kernel.dir/mempool.c.obj
[kodkod:rw] [39/382] Building C object zephyr/CMakeFiles/zephyr.dir/subsys/pm/state.c.obj
[mtlrvpp_mchp:rw] [200/393] Building ASM object modules/ec/zephyr/CMakeFiles/ec_shim.dir/shim/src/libgcc_arm.S.obj
[bloonchipper:rw] [532/532] Linking C static library zephyr/kernel/libkernel.a
[navi:ro] Building: /usr/bin/ninja -C /mnt/host/source/src/platform/ec/build/zephyr/navi/build-ro all.libraries
Running `env -i SHELL=/bin/bash COLORTERM=truecolor DEPOT_TOOLS_UPDATE=0 LESS='-R -M --shift 5' SUDO_GID=0 JDK_HOME=/etc/java-config-2/current-system-vm CONFIG_PROTECT_MASK='/etc/gentoo-release /etc/sandbox.d /etc/fonts/fonts.conf /etc/terminfo /etc/ca-certificates.conf /etc/revdep-rebuild' CHROMEOS_CACHEDIR=/var/cache/chromeos-cache JAVA_HOME=/etc/java-config-2/current-system-vm SSH_AUTH_SOCK=/tmp/ssh-auth-sock SUDO_COMMAND=/bin/bash SUDO_USER=root SUDO_TTY=/dev/pts/2 EDITOR=/usr/bin/vi PWD=/mnt/host/source/src/platform/ec CONFIG_PROTECT=/usr/share/gnupg/qualified.txt LOGNAME=jpmurphy MANPATH=/etc/java-config-2/current-system-vm/man:/usr/local/share/man:/usr/share/man:/usr/share/gcc-data/x86_64-pc-linux-gnu/10.2.0/man:/usr/share/binutils-data/x86_64-pc-linux-gnu/2.45/man:/etc/java-config-2/current-system-vm/man/ SUDO_HOME=/root XAUTHORITY=/run/user/944457/gdm/Xauthority HOME=/home/jpmurphy LANG=C.UTF-8 LS_COLORS='rs=0:di=01;34:ln=01;36:mh=00:pi=40;33:so=01;35:do=01;35:bd=40;33;01:cd=40;33;01:or=01;05;37;41:mi=01;05;37;41:su=37;41:sg=30;43:ca=30;41:tw=30;42:ow=34;42:st=37;44:ex=01;32:*.tar=01;31:*.tgz=01;31:*.arc=01;31:*.arj=01;31:*.taz=01;31:*.lha=01;31:*.lz4=01;31:*.lzh=01;31:*.lzma=01;31:*.tlz=01;31:*.txz=01;31:*.tzo=01;31:*.t7z=01;31:*.zip=01;31:*.z=01;31:*.dz=01;31:*.gz=01;31:*.lrz=01;31:*.lz=01;31:*.lzo=01;31:*.xz=01;31:*.zst=01;31:*.tzst=01;31:*.bz2=01;31:*.bz=01;31:*.tbz=01;31:*.tbz2=01;31:*.tz=01;31:*.deb=01;31:*.rpm=01;31:*.jar=01;31:*.war=01;31:*.ear=01;31:*.sar=01;31:*.rar=01;31:*.alz=01;31:*.ace=01;31:*.zoo=01;31:*.cpio=01;31:*.7z=01;31:*.rz=01;31:*.cab=01;31:*.wim=01;31:*.swm=01;31:*.dwm=01;31:*.esd=01;31:*.jpg=01;35:*.jpeg=01;35:*.mjpg=01;35:*.mjpeg=01;35:*.gif=01;35:*.bmp=01;35:*.pbm=01;35:*.pgm=01;35:*.ppm=01;35:*.tga=01;35:*.xbm=01;35:*.xpm=01;35:*.tif=01;35:*.tiff=01;35:*.png=01;35:*.svg=01;35:*.svgz=01;35:*.mng=01;35:*.pcx=01;35:*.mov=01;35:*.mpg=01;35:*.mpeg=01;35:*.m2v=01;35:*.mkv=01;35:*.webm=01;35:*.webp=01;35:*.ogm=01;35:*.mp4=01;35:*.m4v=01;35:*.mp4v=01;35:*.vob=01;35:*.qt=01;35:*.nuv=01;35:*.wmv=01;35:*.asf=01;35:*.rm=01;35:*.rmvb=01;35:*.flc=01;35:*.avi=01;35:*.fli=01;35:*.flv=01;35:*.gl=01;35:*.dl=01;35:*.xcf=01;35:*.xwd=01;35:*.yuv=01;35:*.cgm=01;35:*.emf=01;35:*.ogv=01;35:*.ogx=01;35:*.cfg=00;32:*.conf=00;32:*.diff=00;32:*.doc=00;32:*.ini=00;32:*.log=00;32:*.patch=00;32:*.pdf=00;32:*.ps=00;32:*.tex=00;32:*.txt=00;32:*.aac=00;36:*.au=00;36:*.flac=00;36:*.m4a=00;36:*.mid=00;36:*.midi=00;36:*.mka=00;36:*.mp3=00;36:*.mpc=00;36:*.ogg=00;36:*.ra=00;36:*.wav=00;36:*.oga=00;36:*.opus=00;36:*.spx=00;36:*.xspf=00;36:' XDG_CURRENT_DESKTOP=GNOME INFOPATH=/usr/share/info:/usr/share/gcc-data/x86_64-pc-linux-gnu/10.2.0/info:/usr/share/binutils-data/x86_64-pc-linux-gnu/2.45/info:/usr/share/automake-1.16.5/info JAVAC=/etc/java-config-2/current-system-vm/bin/javac TERM=xterm-256color LESSOPEN='|lesspipe %s' USER=jpmurphy CROS_WORKON_SRCROOT=/mnt/host/source MANPAGER=manpager DISPLAY=:1 SHLVL=1 LC_MESSAGES=C EXTERNAL_TRUNK_PATH=/mnt/8f9d649a-3721-44cc-93c0-e6bd21a9689f/chromiumos GCC_SPECS='' PATH=/mnt/host/source/chromite/bin:/usr/local/bin:/usr/bin:/bin:/opt/bin:/mnt/host/source/chromite/sdk/bin:/mnt/host/source/chromite/bin PORTAGE_USERNAME=jpmurphy SUDO_UID=0 GCC_VER=10.2.0 MAIL=/var/mail/jpmurphy OLDPWD=/mnt/host/source/src/scripts traceparent=00-e87aca51550a78635907baa6a2476181-6d684811675d2973-01 _=./zephyr/firmware_builder.py COREBOOT_SDK_ROOT_x86=/home/jpmurphy/.cache/coreboot-sdk/i386-elf/dfbb0486385d938cfa9d73080b9d18d598ed4f49 COREBOOT_SDK_ROOT_picolibc_x86=/home/jpmurphy/.cache/coreboot-sdk/picolibc-i386-elf/eb8e8e687b95461de8cbf278f1c2076952d0ad17 COREBOOT_SDK_ROOT_riscv64=/home/jpmurphy/.cache/coreboot-sdk/riscv64-elf/96b949749225b6aaa92ed810ab769e8dfb12f000 COREBOOT_SDK_ROOT_picolibc_arm=/home/jpmurphy/.cache/coreboot-sdk/picolibc-arm-eabi/422a2aa3e1ef891b5bece9a3deb696ff83840d2e COREBOOT_SDK_ROOT_nds32=/home/jpmurphy/.cache/coreboot-sdk/nds32le-elf/d1a518c4a097666d86058e1444f85ca015d15511 COREBOOT_SDK_ROOT_picolibc_riscv64=/home/jpmurphy/.cache/coreboot-sdk/picolibc-riscv64-elf/f571e990ef0278564b31124f8bb109d9a697eb69 COREBOOT_SDK_ROOT_arm=/home/jpmurphy/.cache/coreboot-sdk/arm-eabi/ea40ddd1d190c3b48435c474c0b545719371813a COREBOOT_SDK_ROOT_libstdcxx_riscv64=/home/jpmurphy/.cache/coreboot-sdk/libstdcxx-riscv64-elf/17abf22a3a252e2d5d2062ced5324f7a623689e0 COREBOOT_SDK_ROOT_libstdcxx_arm=/home/jpmurphy/.cache/coreboot-sdk/libstdcxx-arm-eabi/5d7d82e150e44aa1968f1d366e267e6687b328ac COREBOOT_SDK_ROOT_riscv=/home/jpmurphy/.cache/coreboot-sdk/riscv-elf/9a27b9e82341c6e9126624f516ab3f261abb3e73 COREBOOT_SDK_ROOT_libstdcxx_x86=/home/jpmurphy/.cache/coreboot-sdk/libstdcxx-i386-elf/42ef9d2e87a76a37963175d7d428734e65648b87 PYTHONPATH=/mnt/host/source/src/platform/ec/zephyr/zmake PW_PIGWEED_CIPD_INSTALL_DIR=/usr CROSTC_USER_ACKNOWLEDGES_THAT_RISCV_IS_EXPERIMENTAL=1 MAKEFLAGS=' -j16 --jobserver-auth=5,6' /usr/bin/ninja -C /mnt/host/source/src/platform/ec/build/zephyr/navi/build-ro all.libraries`
[navi:ro] ninja: Entering directory `/mnt/host/source/src/platform/ec/build/zephyr/navi/build-ro'
[kodkod:rw] [40/382] Building C object zephyr/CMakeFiles/zephyr.dir/subsys/pm/pm.c.obj
[mtlrvpp_mchp:ro] [147/393] Building C object zephyr/drivers/flash/CMakeFiles/drivers__flash.dir/jesd216.c.obj
[mtlrvpp_mchp:ro] [148/393] Building C object zephyr/drivers/espi/CMakeFiles/drivers__espi.dir/espi_mchp_xec_v2.c.obj
[mtlrvpp_mchp:rw] [201/393] Building C object modules/ec/zephyr/CMakeFiles/ec_shim.dir/shim/src/cbi/cros_cbi.c.obj
[mtlrvpp_mchp:ro] [149/393] Building C object zephyr/drivers/flash/CMakeFiles/drivers__flash.dir/spi_nor.c.obj
[mtlrvpp_mchp:ro] [150/393] Linking C static library zephyr/drivers/flash/libdrivers__flash.a
[mtlrvpp_mchp:ro] [151/393] Linking C static library zephyr/drivers/espi/libdrivers__espi.a
[bloonchipper:ro] [1/519] Generating include/generated/zephyr/version.h
[bloonchipper:ro] -- git describe warned: warning: tag 'upstream/v2.7.99' is externally known as 'v2.7.99'
[bloonchipper:ro] -- Zephyr version: 4.3.99 (/mnt/host/source/src/third_party/zephyr/main)
[bloonchipper:ro] [2/519] Preparing syscall dependency handling
[bloonchipper:ro] [3/519] Generating misc/generated/syscalls_subdirs.trigger
[kodkod:rw] [41/382] Building C object zephyr/CMakeFiles/zephyr.dir/subsys/pm/policy/policy_latency.c.obj
[mtlrvpp_mchp:rw] [202/393] Building C object modules/ec/zephyr/CMakeFiles/ec_shim.dir/shim/src/cbi/cbi_eeprom.c.obj
[kodkod:rw] [42/382] Building C object zephyr/CMakeFiles/zephyr.dir/subsys/pm/policy/policy_state_lock.c.obj
[kodkod:rw] [43/382] Building C object zephyr/CMakeFiles/zephyr.dir/subsys/pm/policy/policy_events.c.obj
[mtlrvpp_mchp:rw] [203/393] Building C object modules/ec/zephyr/CMakeFiles/ec_shim.dir/shim/src/system.c.obj
[navi:ro] [1/379] Generating include/generated/zephyr/version.h
[navi:ro] -- git describe warned: warning: tag 'upstream/v2.7.99' is externally known as 'v2.7.99'
[navi:ro] -- Zephyr version: 4.3.99 (/mnt/host/source/src/third_party/zephyr/main)
[navi:ro] [2/379] Preparing syscall dependency handling
[kodkod:rw] [44/382] Building C object zephyr/CMakeFiles/zephyr.dir/subsys/pm/device.c.obj
[mtlrvpp_mchp:ro] [152/393] Building C object zephyr/drivers/gpio/CMakeFiles/drivers__gpio.dir/gpio_nct38xx.c.obj
[navi:ro] [3/379] Generating misc/generated/syscalls_subdirs.trigger
[mtlrvpp_mchp:rw] [204/393] Building C object modules/ec/zephyr/CMakeFiles/ec_shim.dir/shim/src/adc.c.obj
[kodkod:rw] [45/382] Building C object zephyr/CMakeFiles/zephyr.dir/subsys/pm/device_runtime.c.obj
[mtlrvpp_mchp:rw] [205/393] Building C object modules/ec/zephyr/CMakeFiles/ec_shim.dir/shim/src/battery.c.obj
[mtlrvpp_mchp:ro] [153/393] Building C object zephyr/drivers/gpio/CMakeFiles/drivers__gpio.dir/gpio_nct38xx_port.c.obj
[mtlrvpp_mchp:ro] [154/393] Building C object zephyr/drivers/gpio/CMakeFiles/drivers__gpio.dir/gpio_pca95xx.c.obj
[kodkod:rw] [46/382] Building C object zephyr/CMakeFiles/zephyr.dir/subsys/pm/device_system_managed.c.obj
[kodkod:rw] [47/382] Building C object zephyr/CMakeFiles/zephyr.dir/subsys/testsuite/coverage/coverage.c.obj
[mtlrvpp_mchp:ro] [155/393] Building C object zephyr/drivers/gpio/CMakeFiles/drivers__gpio.dir/gpio_mchp_xec.c.obj
[bloonchipper:ro] [4/519] Generating misc/generated/syscalls.json, misc/generated/struct_tags.json
[kodkod:rw] [48/382] Building C object zephyr/CMakeFiles/zephyr.dir/subsys/tracing/tracing_none.c.obj
[mtlrvpp_mchp:rw] [206/393] Building C object modules/ec/zephyr/CMakeFiles/ec_shim.dir/shim/src/charger.c.obj
[mtlrvpp_mchp:ro] [156/393] Linking C static library zephyr/drivers/gpio/libdrivers__gpio.a
[bloonchipper:ro] [5/519] Generating include/generated/zephyr/syscall_dispatch.c, include/generated/zephyr/syscall_exports_llext.c, syscall_weakdefs_llext.c, include/generated/zephyr/syscall_list.h
[mtlrvpp_mchp:rw] [207/393] Building C object modules/ec/zephyr/CMakeFiles/ec_shim.dir/shim/src/chipset_api.c.obj
[mtlrvpp_mchp:ro] [157/393] Building C object zephyr/drivers/i2c/CMakeFiles/drivers__i2c.dir/i2c_common.c.obj
[kodkod:rw] [49/382] Building C object zephyr/CMakeFiles/zephyr.dir/subsys/shell/modules/kernel_service/kernel_shell.c.obj
[kodkod:rw] [50/382] Building C object zephyr/CMakeFiles/zephyr.dir/subsys/shell/modules/kernel_service/sleep.c.obj
[bloonchipper:ro] [6/519] Generating include/generated/zephyr/driver-validation.h
[kodkod:rw] [51/382] Building C object zephyr/CMakeFiles/zephyr.dir/subsys/shell/modules/kernel_service/cycles.c.obj
[navi:ro] [4/379] Generating misc/generated/syscalls.json, misc/generated/struct_tags.json
[mtlrvpp_mchp:ro] [158/393] Building C object zephyr/drivers/i2c/CMakeFiles/drivers__i2c.dir/i2c_mchp_xec_v2.c.obj
[mtlrvpp_mchp:rw] [208/393] Building C object modules/ec/zephyr/CMakeFiles/ec_shim.dir/shim/src/espi.c.obj
[navi:ro] [5/379] Generating include/generated/zephyr/syscall_dispatch.c, include/generated/zephyr/syscall_exports_llext.c, syscall_weakdefs_llext.c, include/generated/zephyr/syscall_list.h
[bloonchipper:ro] [7/519] Generating include/generated/zephyr/kobj-types-enum.h, include/generated/zephyr/otype-to-str.h, include/generated/zephyr/otype-to-size.h
[mtlrvpp_mchp:ro] [159/393] Building C object zephyr/drivers/i2c/CMakeFiles/drivers__i2c.dir/i2c_shell.c.obj
[kodkod:rw] [52/382] Building C object zephyr/CMakeFiles/zephyr.dir/subsys/shell/modules/kernel_service/uptime.c.obj
[bloonchipper:ro] [8/519] Generating include/generated/device-api-sections.ld, include/generated/device-api-sections.cmake
[mtlrvpp_mchp:ro] [160/393] Building C object zephyr/drivers/pinctrl/CMakeFiles/drivers__pinctrl.dir/common.c.obj
[mtlrvpp_mchp:ro] [161/393] Linking C static library zephyr/drivers/i2c/libdrivers__i2c.a
[mtlrvpp_mchp:ro] [162/393] Building C object zephyr/drivers/mfd/CMakeFiles/drivers__mfd.dir/mfd_nct38xx.c.obj
[kodkod:rw] [53/382] Building C object zephyr/CMakeFiles/zephyr.dir/subsys/shell/modules/kernel_service/version.c.obj
[mtlrvpp_mchp:rw] [209/393] Building C object modules/ec/zephyr/CMakeFiles/ec_shim.dir/shim/src/fan.c.obj
[navi:ro] [6/379] Generating include/generated/zephyr/driver-validation.h
[mtlrvpp_mchp:ro] [163/393] Linking C static library zephyr/drivers/mfd/libdrivers__mfd.a
[kodkod:rw] [54/382] Building C object zephyr/CMakeFiles/zephyr.dir/subsys/shell/modules/kernel_service/reboot.c.obj
[mtlrvpp_mchp:rw] [210/393] Building C object modules/ec/zephyr/CMakeFiles/ec_shim.dir/shim/src/flash.c.obj
[mtlrvpp_mchp:ro] [164/393] Building C object zephyr/drivers/sensor/CMakeFiles/drivers__sensor.dir/mnt/host/source/src/third_party/zephyr/main/misc/empty_file.c.obj
[kodkod:rw] [55/382] Building C object zephyr/CMakeFiles/zephyr.dir/subsys/shell/modules/kernel_service/thread/thread.c.obj
[navi:ro] [7/379] Generating include/generated/zephyr/kobj-types-enum.h, include/generated/zephyr/otype-to-str.h, include/generated/zephyr/otype-to-size.h
[mtlrvpp_mchp:ro] [165/393] Linking C static library zephyr/drivers/sensor/libdrivers__sensor.a
[navi:ro] [8/379] Generating include/generated/device-api-sections.ld, include/generated/device-api-sections.cmake
[mtlrvpp_mchp:rw] [211/393] Building C object modules/ec/zephyr/CMakeFiles/ec_shim.dir/shim/src/hooks.c.obj
[mtlrvpp_mchp:ro] [166/393] Building C object zephyr/drivers/pinctrl/CMakeFiles/drivers__pinctrl.dir/pinctrl_mchp_xec.c.obj
[kodkod:rw] [56/382] Building C object zephyr/CMakeFiles/zephyr.dir/subsys/shell/modules/kernel_service/thread/list.c.obj
[mtlrvpp_mchp:ro] [167/393] Linking C static library zephyr/drivers/pinctrl/libdrivers__pinctrl.a
[kodkod:rw] [57/382] Building C object zephyr/CMakeFiles/zephyr.dir/subsys/shell/modules/kernel_service/thread/stacks.c.obj
[mtlrvpp_mchp:rw] [212/393] Building C object modules/ec/zephyr/CMakeFiles/ec_shim.dir/shim/src/host_command.c.obj
[bloonchipper:ro] [9/519] Building C object zephyr/CMakeFiles/offsets.dir/arch/arm/core/offsets/offsets.c.obj
[mtlrvpp_mchp:ro] [168/393] Building C object zephyr/drivers/pwm/CMakeFiles/drivers__pwm.dir/pwm_shell.c.obj
[kodkod:rw] [58/382] Building C object zephyr/CMakeFiles/zephyr.dir/subsys/shell/modules/kernel_service/thread/suspend.c.obj
[mtlrvpp_mchp:ro] [169/393] Building C object zephyr/drivers/pwm/CMakeFiles/drivers__pwm.dir/pwm_mchp_xec.c.obj
[bloonchipper:ro] [10/519] Generating include/generated/zephyr/offsets.h
[mtlrvpp_mchp:rw] [213/393] Building C object modules/ec/zephyr/CMakeFiles/ec_shim.dir/shim/src/console_buffer.c.obj
[kodkod:rw] [59/382] Building C object zephyr/CMakeFiles/zephyr.dir/subsys/shell/modules/kernel_service/thread/resume.c.obj
[mtlrvpp_mchp:ro] [170/393] Linking C static library zephyr/drivers/pwm/libdrivers__pwm.a
[mtlrvpp_mchp:rw] [214/393] Building C object modules/ec/zephyr/CMakeFiles/ec_shim.dir/shim/src/ioex.c.obj
[kodkod:rw] [60/382] Building C object zephyr/CMakeFiles/zephyr.dir/subsys/shell/modules/kernel_service/thread/kill.c.obj
[navi:ro] [9/379] Building C object zephyr/CMakeFiles/offsets.dir/arch/riscv/core/offsets/offsets.c.obj
[mtlrvpp_mchp:ro] [171/393] Building C object zephyr/drivers/sensor/microchip/mchp_tach_xec/CMakeFiles/drivers__sensor__microchip__mchp_tach_xec.dir/tach_mchp_xec.c.obj
[kodkod:rw] [61/382] Building C object zephyr/CMakeFiles/zephyr.dir/subsys/shell/backends/shell_uart.c.obj
[navi:ro] [10/379] Generating include/generated/zephyr/offsets.h
[mtlrvpp_mchp:ro] [172/393] Linking C static library zephyr/drivers/sensor/microchip/mchp_tach_xec/libdrivers__sensor__microchip__mchp_tach_xec.a
[mtlrvpp_mchp:ro] [173/393] Building C object zephyr/drivers/serial/CMakeFiles/drivers__serial.dir/uart_mchp_xec.c.obj
[mtlrvpp_mchp:ro] [174/393] Linking C static library zephyr/drivers/serial/libdrivers__serial.a
[kodkod:rw] [62/382] Building C object zephyr/CMakeFiles/zephyr.dir/subsys/shell/shell.c.obj
[mtlrvpp_mchp:rw] [215/393] Building C object modules/ec/zephyr/CMakeFiles/ec_shim.dir/shim/src/ioex_drv.c.obj
[/mnt/host/source/src/platform/ec/build/zephyr/ciri-lcov]   /mnt/host/source/src/platform/ec/build/zephyr/ciri/build-ro/CMakeFiles/app.dir/mnt/host/source/src/platform/ec/build/zephyr/ciri/modules/ec/common/chargen.c.gcno:no functions found
[/mnt/host/source/src/platform/ec/build/zephyr/ciri-lcov] stderr:
[kodkod:rw] [63/382] Building C object zephyr/CMakeFiles/zephyr.dir/subsys/shell/shell_fprintf.c.obj
[mtlrvpp_mchp:rw] [216/393] Building C object modules/ec/zephyr/CMakeFiles/ec_shim.dir/shim/src/mkbp_event.c.obj
[mtlrvpp_mchp:ro] [175/393] Building C object zephyr/drivers/spi/CMakeFiles/drivers__spi.dir/spi_xec_qmspi_ldma.c.obj
[mtlrvpp_mchp:ro] [176/393] Building C object zephyr/drivers/timer/CMakeFiles/drivers__timer.dir/sys_clock_init.c.obj
[bloonchipper:ro] [11/519] Building C object zephyr/CMakeFiles/zephyr.dir/lib/libc/validate_libc.c.obj
[mtlrvpp_mchp:ro] [177/393] Linking C static library zephyr/drivers/spi/libdrivers__spi.a
[kodkod:rw] [64/382] Building C object zephyr/CMakeFiles/zephyr.dir/subsys/shell/shell_utils.c.obj
[bloonchipper:ro] [12/519] Building C object zephyr/CMakeFiles/zephyr.dir/lib/cpp/abi/cpp_dtors.c.obj
[mtlrvpp_mchp:rw] [217/393] Building C object modules/ec/zephyr/CMakeFiles/ec_shim.dir/shim/src/panic.c.obj
[mtlrvpp_mchp:ro] [178/393] Building C object zephyr/drivers/timer/CMakeFiles/drivers__timer.dir/mchp_xec_rtos_timer.c.obj
[kodkod:rw] [65/382] Building C object zephyr/CMakeFiles/zephyr.dir/subsys/shell/shell_ops.c.obj
[mtlrvpp_mchp:ro] [179/393] Linking C static library zephyr/drivers/timer/libdrivers__timer.a
[navi:ro] [11/379] Building C object zephyr/CMakeFiles/zephyr.dir/lib/libc/validate_libc.c.obj
[mtlrvpp_mchp:rw] [218/393] Building C object modules/ec/zephyr/CMakeFiles/ec_shim.dir/shim/src/temp_sensors.c.obj
[kodkod:rw] [66/382] Building C object zephyr/CMakeFiles/zephyr.dir/subsys/shell/shell_history.c.obj
[kodkod:rw] [67/382] Building C object zephyr/CMakeFiles/zephyr.dir/subsys/shell/shell_help.c.obj
[mtlrvpp_mchp:ro] [180/393] Building C object zephyr/drivers/watchdog/CMakeFiles/drivers__watchdog.dir/wdt_shell.c.obj
[mtlrvpp_mchp:rw] [219/393] Building C object modules/ec/zephyr/CMakeFiles/ec_shim.dir/shim/src/hwtimer.c.obj
[kodkod:rw] [68/382] Building C object zephyr/CMakeFiles/zephyr.dir/drivers/flash/flash_util.c.obj
[kodkod:rw] [69/382] Building C object zephyr/arch/common/CMakeFiles/arch__common.dir/sw_isr_common.c.obj
[mtlrvpp_mchp:ro] [181/393] Building C object zephyr/drivers/watchdog/CMakeFiles/drivers__watchdog.dir/wdt_mchp_xec.c.obj
[mtlrvpp_mchp:rw] [220/393] Building C object modules/ec/zephyr/CMakeFiles/ec_shim.dir/shim/src/thermal.c.obj
[kodkod:rw] [70/382] Building C object zephyr/arch/common/CMakeFiles/arch__common.dir/init.c.obj
[mtlrvpp_mchp:ro] [182/393] Linking C static library zephyr/drivers/watchdog/libdrivers__watchdog.a
[bloonchipper:ro] [13/519] Building C object zephyr/CMakeFiles/zephyr.dir/lib/heap/heap.c.obj
[mtlrvpp_mchp:rw] [221/393] Building C object modules/ec/zephyr/CMakeFiles/ec_shim.dir/shim/src/i2c.c.obj
[mtlrvpp_mchp:ro] [183/393] Building C object modules/ec/zephyr/CMakeFiles/ec_shim.dir/app/ec/ec_app_main.c.obj
[kodkod:rw] [71/382] Linking C static library zephyr/libzephyr.a
[kodkod:rw] [72/382] Building C object zephyr/arch/common/CMakeFiles/arch__common.dir/dynamic_isr.c.obj
[navi:ro] [12/379] Building C object zephyr/CMakeFiles/zephyr.dir/lib/heap/heap.c.obj
[mtlrvpp_mchp:ro] [184/393] Building C object modules/ec/zephyr/CMakeFiles/ec_shim.dir/app/ec/main_shim.c.obj
[kodkod:rw] [73/382] Building C object zephyr/arch/common/CMakeFiles/arch__common.dir/xip.c.obj
[kodkod:rw] [74/382] Building C object zephyr/arch/common/CMakeFiles/isr_tables.dir/isr_tables.c.obj
[mtlrvpp_mchp:rw] [222/393] Building C object modules/ec/zephyr/CMakeFiles/ec_shim.dir/shim/src/tasks.c.obj
[kodkod:rw] [75/382] Linking C static library zephyr/arch/common/libisr_tables.a
[mtlrvpp_mchp:ro] [185/393] Building C object modules/ec/zephyr/CMakeFiles/ec_shim.dir/drivers/cros_flash/cros_flash_xec.c.obj
[kodkod:rw] [76/382] Building C object zephyr/arch/arch/arm/core/CMakeFiles/arch__arm__core.dir/fatal.c.obj
[kodkod:rw] [77/382] Building ASM object zephyr/arch/arch/arm/core/CMakeFiles/arch__arm__core.dir/nmi_on_reset.S.obj
[mtlrvpp_mchp:rw] [223/393] Building C object modules/ec/zephyr/CMakeFiles/ec_shim.dir/shim/src/watchdog.c.obj
[kodkod:rw] [78/382] Linking C static library zephyr/arch/common/libarch__common.a
[kodkod:rw] [79/382] Building C object zephyr/arch/arch/arm/core/CMakeFiles/arch__arm__core.dir/nmi.c.obj
[kodkod:rw] [80/382] Building ASM object zephyr/arch/arch/arm/core/cortex_m/CMakeFiles/arch__arm__core__cortex_m.dir/fault_s.S.obj
[kodkod:rw] [81/382] Linking C static library zephyr/arch/arch/arm/core/libarch__arm__core.a
[mtlrvpp_mchp:rw] [224/393] Building C object modules/ec/zephyr/CMakeFiles/ec_shim.dir/shim/src/ppc.c.obj
[mtlrvpp_mchp:rw] [225/393] Building C object modules/ec/zephyr/CMakeFiles/ec_shim.dir/shim/src/tcpc_nct38xx.c.obj
[bloonchipper:ro] [14/519] Building C object zephyr/CMakeFiles/zephyr.dir/lib/os/cbprintf_packaged.c.obj
[mtlrvpp_mchp:ro] [186/393] Building C object modules/ec/zephyr/CMakeFiles/ec_shim.dir/drivers/cros_system/cros_system_xec.c.obj
[mtlrvpp_mchp:ro] [187/393] Building C object modules/ec/zephyr/CMakeFiles/ec_shim.dir/shim/chip/mchp/clock.c.obj
[mtlrvpp_mchp:rw] [226/393] cd /mnt/host/source/src/platform/ec/build/zephyr/mtlrvpp_mchp/build-rw/modules/ec/zephyr && PYTHONPATH=/mnt/host/source/src/platform/ec/build/zephyr/mtlrvpp_mchp/modules/ec/zephyr/zmake/ /usr/bin/python3.11 /mnt/host/source/src/platform/ec/build/zephyr/mtlrvpp_mchp/modules/ec/zephyr/zmake/zephyr_build_tools/generate_ec_version.py /mnt/host/source/src/platform/ec/build/zephyr/mtlrvpp_mchp/build-rw/modules/ec/zephyr/include/ec_version.h --name Zephyr-Kernel --version 16543.0.0 --static
[mtlrvpp_mchp:rw] INFO:root:Using a static version string
[navi:ro] [13/379] Building C object zephyr/CMakeFiles/zephyr.dir/lib/os/cbprintf_packaged.c.obj
[kodkod:rw] [82/382] Building C object zephyr/arch/arch/arm/core/cortex_m/CMakeFiles/arch__arm__core__cortex_m.dir/exc_exit.c.obj
[mtlrvpp_mchp:ro] [188/393] Building C object modules/ec/zephyr/CMakeFiles/ec_shim.dir/drivers/vivaldi_kbd/vivaldi_kbd.c.obj
[kodkod:rw] [83/382] Building C object zephyr/arch/arch/arm/core/cortex_m/CMakeFiles/arch__arm__core__cortex_m.dir/fault.c.obj
[mtlrvpp_mchp:ro] [189/393] Building C object modules/ec/zephyr/CMakeFiles/ec_shim.dir/shim/chip/mchp/gpio.c.obj
[kodkod:rw] [84/382] Building C object zephyr/arch/arch/arm/core/cortex_m/CMakeFiles/arch__arm__core__cortex_m.dir/fpu.c.obj
[kodkod:rw] [85/382] Building ASM object zephyr/arch/arch/arm/core/cortex_m/CMakeFiles/arch__arm__core__cortex_m.dir/reset.S.obj
[mtlrvpp_mchp:rw] INFO:root:Version string: Zephyr-Kernel-16543.0.0
[mtlrvpp_mchp:rw] INFO:root:Writing header to /mnt/host/source/src/platform/ec/build/zephyr/mtlrvpp_mchp/build-rw/modules/ec/zephyr/include/ec_version.h
[mtlrvpp_mchp:rw] [227/393] Building C object modules/ec/zephyr/CMakeFiles/ec_shim.dir/shim/src/power_host_sleep_api.c.obj
[kodkod:rw] [86/382] Building C object zephyr/arch/arch/arm/core/cortex_m/CMakeFiles/arch__arm__core__cortex_m.dir/scb.c.obj
[mtlrvpp_mchp:rw] [228/393] Building C object CMakeFiles/app.dir/mnt/host/source/src/platform/ec/zephyr/subsys/ap_pwrseq/ap_events.c.obj
[kodkod:rw] [87/382] Building ASM object zephyr/arch/arch/arm/core/cortex_m/CMakeFiles/arch__arm__core__cortex_m.dir/vector_table.S.obj
[bloonchipper:ro] [15/519] Building C object zephyr/CMakeFiles/zephyr.dir/lib/os/clock.c.obj
[mtlrvpp_mchp:ro] [190/393] Building C object modules/ec/zephyr/CMakeFiles/ec_shim.dir/shim/chip/mchp/system_external_storage.c.obj
[mtlrvpp_mchp:rw] [229/393] Building C object modules/ec/zephyr/CMakeFiles/ec_shim.dir/shim/src/usb_muxes.c.obj
[kodkod:rw] [88/382] Building C object zephyr/arch/arch/arm/core/cortex_m/CMakeFiles/arch__arm__core__cortex_m.dir/thread_abort.c.obj
[mtlrvpp_mchp:rw] [230/393] Building C object modules/ec/zephyr/CMakeFiles/ec_shim.dir/shim/src/bb_retimer_usb_mux.c.obj
[navi:ro] [14/379] Building C object zephyr/CMakeFiles/zephyr.dir/lib/os/clock.c.obj
[mtlrvpp_mchp:ro] [191/393] Building C object modules/ec/zephyr/CMakeFiles/ec_shim.dir/shim/chip/mchp/system_download_from_flash.c.obj
[kodkod:rw] [89/382] Building ASM object zephyr/arch/arch/arm/core/cortex_m/CMakeFiles/arch__arm__core__cortex_m.dir/swap_helper.S.obj
[mtlrvpp_mchp:ro] [192/393] Building C object modules/ec/zephyr/CMakeFiles/ec_shim.dir/shim/chip/mchp/system.c.obj
[kodkod:rw] [90/382] Building C object zephyr/arch/arch/arm/core/cortex_m/CMakeFiles/arch__arm__core__cortex_m.dir/irq_manage.c.obj
[mtlrvpp_mchp:ro] [193/393] Building C object modules/ec/zephyr/CMakeFiles/ec_shim.dir/shim/src/crc.c.obj
[mtlrvpp_mchp:ro] [194/393] Building C object modules/ec/zephyr/CMakeFiles/ec_shim.dir/shim/core/cortex-m/mpu.c.obj
[/mnt/host/source/src/platform/ec/build/zephyr/yavista-lcov]   /mnt/host/source/src/platform/ec/build/zephyr/yavista/build-ro/CMakeFiles/app.dir/mnt/host/source/src/platform/ec/build/zephyr/yavista/modules/ec/common/chargen.c.gcno:no functions found
[/mnt/host/source/src/platform/ec/build/zephyr/yavista-lcov] stderr:
[kodkod:rw] [91/382] Building C object zephyr/arch/arch/arm/core/cortex_m/CMakeFiles/arch__arm__core__cortex_m.dir/prep_c.c.obj
[mtlrvpp_mchp:rw] [231/393] Building C object CMakeFiles/app.dir/mnt/host/source/src/platform/ec/zephyr/subsys/ap_pwrseq/ap_power_interface.c.obj
[kodkod:rw] [92/382] Building C object zephyr/arch/arch/arm/core/cortex_m/CMakeFiles/arch__arm__core__cortex_m.dir/thread.c.obj
[kodkod:rw] [93/382] Building C object zephyr/arch/arch/arm/core/cortex_m/CMakeFiles/arch__arm__core__cortex_m.dir/irq_init.c.obj
[kodkod:rw] [94/382] Building C object zephyr/arch/arch/arm/core/cortex_m/CMakeFiles/arch__arm__core__cortex_m.dir/cpu_idle.c.obj
[mtlrvpp_mchp:rw] [232/393] Building C object CMakeFiles/app.dir/mnt/host/source/src/platform/ec/zephyr/subsys/ap_pwrseq/power_signals.c.obj
[bloonchipper:ro] [16/519] Building C object zephyr/CMakeFiles/zephyr.dir/lib/os/printk.c.obj
[kodkod:rw] [95/382] Generating ../../../include/generated/libc/minimal/strerror_table.h
[mtlrvpp_mchp:ro] [195/393] Building C object modules/ec/zephyr/CMakeFiles/ec_shim.dir/shim/core/cortex-m/panic.c.obj
[navi:ro] [15/379] Building C object zephyr/CMakeFiles/zephyr.dir/lib/os/printk.c.obj
[kodkod:rw] [96/382] Building C object zephyr/lib/libc/minimal/CMakeFiles/lib__libc__minimal.dir/source/stdlib/atoi.c.obj
[mtlrvpp_mchp:rw] [233/393] Building C object CMakeFiles/app.dir/mnt/host/source/src/platform/ec/zephyr/subsys/ap_pwrseq/signal_vw.c.obj
[mtlrvpp_mchp:rw] [234/393] Building C object CMakeFiles/app.dir/mnt/host/source/src/platform/ec/zephyr/subsys/ap_pwrseq/signal_gpio.c.obj
[kodkod:rw] [97/382] Building C object zephyr/arch/arch/arm/core/cortex_m/CMakeFiles/arch__arm__core__cortex_m.dir/isr_wrapper.c.obj
[kodkod:rw] [98/382] Building C object zephyr/lib/libc/minimal/CMakeFiles/lib__libc__minimal.dir/source/stdlib/strtol.c.obj
[mtlrvpp_mchp:ro] [196/393] Building C object modules/ec/zephyr/CMakeFiles/ec_shim.dir/shim/src/console.c.obj
[kodkod:rw] [99/382] Linking C static library zephyr/arch/arch/arm/core/cortex_m/libarch__arm__core__cortex_m.a
[kodkod:rw] [100/382] Building C object zephyr/lib/libc/minimal/CMakeFiles/lib__libc__minimal.dir/source/stdlib/strtoul.c.obj
[kodkod:rw] [101/382] Building C object zephyr/lib/libc/common/CMakeFiles/lib__libc__common.dir/source/stdlib/abort.c.obj
[kodkod:rw] [102/382] Building C object zephyr/arch/arch/arm/core/cortex_m/cmse/CMakeFiles/arch__arm__core__cortex_m__cmse.dir/arm_core_cmse.c.obj
[kodkod:rw] [103/382] Building C object zephyr/lib/libc/minimal/CMakeFiles/lib__libc__minimal.dir/source/stdlib/strtoll.c.obj
[mtlrvpp_mchp:ro] [197/393] Building C object modules/ec/zephyr/CMakeFiles/ec_shim.dir/shim/src/gpio.c.obj
[kodkod:rw] [104/382] Linking C static library zephyr/arch/arch/arm/core/cortex_m/cmse/libarch__arm__core__cortex_m__cmse.a
[mtlrvpp_mchp:ro] [198/393] Building C object modules/ec/zephyr/CMakeFiles/ec_shim.dir/shim/src/gpio_int.c.obj
[kodkod:rw] [105/382] Building C object zephyr/lib/libc/minimal/CMakeFiles/lib__libc__minimal.dir/source/stdlib/strtoull.c.obj
[kodkod:rw] [106/382] Building C object zephyr/lib/libc/minimal/CMakeFiles/lib__libc__minimal.dir/source/stdlib/bsearch.c.obj
[kodkod:rw] [107/382] Building C object zephyr/lib/libc/minimal/CMakeFiles/lib__libc__minimal.dir/source/string/strncasecmp.c.obj
[navi:ro] [16/379] Building C object zephyr/CMakeFiles/zephyr.dir/lib/os/sem.c.obj
[mtlrvpp_mchp:ro] [199/393] Building C object modules/ec/zephyr/CMakeFiles/ec_shim.dir/shim/src/panic_utils.c.obj
[mtlrvpp_mchp:rw] [235/393] Building C object CMakeFiles/app.dir/mnt/host/source/src/platform/ec/zephyr/subsys/ap_pwrseq/power_host_sleep.c.obj
[kodkod:rw] [108/382] Building C object zephyr/lib/libc/minimal/CMakeFiles/lib__libc__minimal.dir/source/string/strerror.c.obj
[kodkod:rw] [109/382] Building C object zephyr/lib/libc/minimal/CMakeFiles/lib__libc__minimal.dir/source/string/strstr.c.obj
[mtlrvpp_mchp:rw] [236/393] Building C object CMakeFiles/app.dir/mnt/host/source/src/platform/ec/zephyr/subsys/ap_pwrseq/x86_non_dsx_common_pwrseq_sm_handler.c.obj
[kodkod:rw] [110/382] Building C object zephyr/lib/libc/minimal/CMakeFiles/lib__libc__minimal.dir/source/stdlib/qsort.c.obj
[mtlrvpp_mchp:ro] [200/393] Building ASM object modules/ec/zephyr/CMakeFiles/ec_shim.dir/shim/src/libgcc_arm.S.obj
[kodkod:rw] [111/382] Building C object zephyr/lib/libc/minimal/CMakeFiles/lib__libc__minimal.dir/source/string/strspn.c.obj
[mtlrvpp_mchp:rw] [237/393] Building C object CMakeFiles/app.dir/mnt/host/source/src/platform/ec/zephyr/subsys/ap_pwrseq/x86_non_dsx_common_pwrseq_host_sleep.c.obj
[bloonchipper:ro] [17/519] Building C object zephyr/CMakeFiles/zephyr.dir/lib/os/sem.c.obj
[kodkod:rw] [112/382] Building C object zephyr/lib/libc/minimal/CMakeFiles/lib__libc__minimal.dir/source/stdlib/exit.c.obj
[/mnt/host/source/src/platform/ec/build/zephyr/ciri-lcov]   /mnt/host/source/src/platform/ec/build/zephyr/ciri/build-ro/CMakeFiles/app.dir/mnt/host/source/src/platform/ec/build/zephyr/ciri/modules/ec/common/cbi_config.c.gcno:no functions found
[/mnt/host/source/src/platform/ec/build/zephyr/ciri-lcov] stderr:
[kodkod:rw] [113/382] Building C object zephyr/lib/libc/minimal/CMakeFiles/lib__libc__minimal.dir/source/string/string.c.obj
[mtlrvpp_mchp:rw] [238/393] Building C object CMakeFiles/app.dir/mnt/host/source/src/platform/ec/zephyr/subsys/ap_pwrseq/x86_non_dsx_chipset_power_state.c.obj
[mtlrvpp_mchp:ro] [201/393] Building C object modules/ec/zephyr/CMakeFiles/ec_shim.dir/shim/src/cbi/cros_cbi.c.obj
[navi:ro] [17/379] Building C object zephyr/CMakeFiles/zephyr.dir/lib/os/thread_entry.c.obj
[kodkod:rw] [114/382] Building C object zephyr/lib/libc/minimal/CMakeFiles/lib__libc__minimal.dir/source/math/sqrtf.c.obj
[mtlrvpp_mchp:ro] [202/393] Building C object modules/ec/zephyr/CMakeFiles/ec_shim.dir/shim/src/cbi/cbi_eeprom.c.obj
[kodkod:rw] [115/382] Building C object zephyr/lib/libc/minimal/CMakeFiles/lib__libc__minimal.dir/source/stdout/sprintf.c.obj
[mtlrvpp_mchp:ro] [203/393] Building C object modules/ec/zephyr/CMakeFiles/ec_shim.dir/shim/src/system.c.obj
[kodkod:rw] [116/382] Building C object zephyr/lib/libc/minimal/CMakeFiles/lib__libc__minimal.dir/source/stdout/stdout_console.c.obj
[kodkod:rw] [117/382] Building C object zephyr/lib/libc/minimal/CMakeFiles/lib__libc__minimal.dir/source/stdout/fprintf.c.obj
[kodkod:rw] [118/382] Building C object zephyr/lib/libc/minimal/CMakeFiles/lib__libc__minimal.dir/source/math/sqrt.c.obj
[/mnt/host/source/src/platform/ec/build/zephyr/ciri-lcov]   /mnt/host/source/src/platform/ec/build/zephyr/ciri/build-ro/zephyr/arch/arch/riscv/core/CMakeFiles/arch__riscv__core.dir/cpu_idle.c.gcno:no functions found
[/mnt/host/source/src/platform/ec/build/zephyr/ciri-lcov] stderr:
[mtlrvpp_mchp:rw] [239/393] Building C object CMakeFiles/app.dir/mnt/host/source/src/platform/ec/zephyr/subsys/ap_pwrseq/x86_non_dsx_common_pwrseq_host_command.c.obj
[kodkod:rw] [119/382] Building C object zephyr/lib/libc/common/CMakeFiles/lib__libc__common.dir/source/time/gmtime_r.c.obj
[bloonchipper:ro] [18/519] Building C object zephyr/CMakeFiles/zephyr.dir/lib/os/thread_entry.c.obj
[mtlrvpp_mchp:rw] [240/393] Building C object CMakeFiles/app.dir/mnt/host/source/src/platform/ec/zephyr/subsys/ap_pwrseq/x86_non_dsx_mtl_pwrseq_sm.c.obj
[kodkod:rw] [120/382] Building C object zephyr/lib/libc/common/CMakeFiles/lib__libc__common.dir/source/time/asctime.c.obj
[mtlrvpp_mchp:rw] [241/393] Building C object CMakeFiles/app.dir/mnt/host/source/src/platform/ec/zephyr/subsys/ap_pwrseq/ap_reset_log.c.obj
[mtlrvpp_mchp:rw] [242/393] Building C object CMakeFiles/app.dir/mnt/host/source/src/platform/ec/zephyr/subsys/ap_pwrseq/x86_non_dsx_common_pwrseq_console.c.obj
[mtlrvpp_mchp:ro] [204/393] Building C object modules/ec/zephyr/CMakeFiles/ec_shim.dir/shim/src/adc.c.obj
[kodkod:rw] [121/382] Building C object zephyr/lib/libc/common/CMakeFiles/lib__libc__common.dir/source/time/localtime_r_utc.c.obj
[mtlrvpp_mchp:ro] [205/393] Building C object modules/ec/zephyr/CMakeFiles/ec_shim.dir/shim/src/battery.c.obj
[navi:ro] [18/379] Building C object zephyr/CMakeFiles/zephyr.dir/lib/os/cbprintf_nano.c.obj
[kodkod:rw] [122/382] Building C object zephyr/lib/libc/minimal/CMakeFiles/lib__libc__minimal.dir/source/time/gmtime.c.obj
[kodkod:rw] [123/382] Building C object zephyr/lib/libc/common/CMakeFiles/lib__libc__common.dir/source/time/ctime.c.obj
[kodkod:rw] [124/382] Building C object zephyr/lib/libc/common/CMakeFiles/lib__libc__common.dir/source/time/time.c.obj
[kodkod:rw] [125/382] Linking C static library zephyr/lib/libc/minimal/liblib__libc__minimal.a
[kodkod:rw] [126/382] Building C object zephyr/lib/posix/c_lib_ext/CMakeFiles/lib__posix__c_lib_ext.dir/fnmatch.c.obj
[kodkod:rw] [127/382] Building C object zephyr/lib/libc/common/CMakeFiles/lib__libc__common.dir/source/string/strnlen.c.obj
[mtlrvpp_mchp:ro] [206/393] Building C object modules/ec/zephyr/CMakeFiles/ec_shim.dir/shim/src/charger.c.obj
[mtlrvpp_mchp:ro] [207/393] Building C object modules/ec/zephyr/CMakeFiles/ec_shim.dir/shim/src/chipset_api.c.obj
[kodkod:rw] [128/382] Building C object zephyr/lib/libc/common/CMakeFiles/lib__libc__common.dir/source/stdlib/malloc.c.obj
[kodkod:rw] [129/382] Linking C static library zephyr/lib/libc/common/liblib__libc__common.a
[mtlrvpp_mchp:rw] [243/393] Building C object CMakeFiles/app.dir/mnt/host/source/src/platform/ec/build/zephyr/mtlrvpp_mchp/modules/ec/builtin/stdlib.c.obj
[mtlrvpp_mchp:rw] [244/393] Building C object CMakeFiles/app.dir/mnt/host/source/src/platform/ec/build/zephyr/mtlrvpp_mchp/modules/ec/common/base32.c.obj
[bloonchipper:ro] [19/519] Building C object zephyr/CMakeFiles/zephyr.dir/lib/os/cbprintf_nano.c.obj
[navi:ro] [19/379] Building C object zephyr/CMakeFiles/zephyr.dir/lib/os/cbprintf.c.obj
[kodkod:rw] [130/382] Building C object zephyr/subsys/crc/CMakeFiles/subsys__crc.dir/crc4_sw.c.obj
[mtlrvpp_mchp:rw] [245/393] Building C object CMakeFiles/app.dir/mnt/host/source/src/platform/ec/build/zephyr/mtlrvpp_mchp/modules/ec/common/console_output.c.obj
[kodkod:rw] [131/382] Building C object zephyr/lib/posix/c_lib_ext/CMakeFiles/lib__posix__c_lib_ext.dir/getopt_shim.c.obj
[kodkod:rw] [132/382] Building C object zephyr/lib/posix/c_lib_ext/CMakeFiles/lib__posix__c_lib_ext.dir/getentropy.c.obj
[kodkod:rw] [133/382] Building C object zephyr/lib/smf/CMakeFiles/lib__smf.dir/smf.c.obj
[kodkod:rw] [134/382] Building C object zephyr/subsys/crc/CMakeFiles/subsys__crc.dir/crc8_sw.c.obj
[mtlrvpp_mchp:rw] [246/393] Building C object CMakeFiles/app.dir/mnt/host/source/src/platform/ec/build/zephyr/mtlrvpp_mchp/modules/ec/common/ec_features.c.obj
[kodkod:rw] [135/382] Linking C static library zephyr/lib/posix/c_lib_ext/liblib__posix__c_lib_ext.a
[kodkod:rw] [136/382] Linking C static library zephyr/lib/smf/liblib__smf.a
[kodkod:rw] [137/382] Building C object zephyr/subsys/crc/CMakeFiles/subsys__crc.dir/crc16_sw.c.obj
[/mnt/host/source/src/platform/ec/build/zephyr/ciri-lcov]   /mnt/host/source/src/platform/ec/build/zephyr/ciri/build-ro/zephyr/arch/common/CMakeFiles/isr_tables.dir/isr_tables.c.gcno:no functions found
[/mnt/host/source/src/platform/ec/build/zephyr/ciri-lcov] stderr:
[kodkod:rw] [138/382] Building C object zephyr/subsys/crc/CMakeFiles/subsys__crc.dir/crc7_sw.c.obj
[kodkod:rw] [139/382] Building C object zephyr/subsys/crc/CMakeFiles/subsys__crc.dir/crc24_sw.c.obj
[kodkod:rw] [140/382] Building C object zephyr/subsys/crc/CMakeFiles/subsys__crc.dir/crc32c_sw.c.obj
[mtlrvpp_mchp:ro] [208/393] Building C object modules/ec/zephyr/CMakeFiles/ec_shim.dir/shim/src/espi.c.obj
[kodkod:rw] [141/382] Building C object zephyr/subsys/crc/CMakeFiles/subsys__crc.dir/crc32k_4_2_sw.c.obj
[mtlrvpp_mchp:ro] [209/393] Building C object modules/ec/zephyr/CMakeFiles/ec_shim.dir/shim/src/fan.c.obj
[kodkod:rw] [142/382] Building C object zephyr/subsys/crc/CMakeFiles/subsys__crc.dir/crc32_sw.c.obj
[kodkod:rw] [143/382] Linking C static library zephyr/subsys/crc/libsubsys__crc.a
[kodkod:rw] [144/382] Building C object zephyr/subsys/input/CMakeFiles/subsys__input.dir/input_hid.c.obj
[mtlrvpp_mchp:ro] [210/393] Building C object modules/ec/zephyr/CMakeFiles/ec_shim.dir/shim/src/flash.c.obj
[navi:ro] [20/379] Building C object zephyr/CMakeFiles/zephyr.dir/lib/os/assert.c.obj
[mtlrvpp_mchp:ro] [211/393] Building C object modules/ec/zephyr/CMakeFiles/ec_shim.dir/shim/src/hooks.c.obj
[kodkod:rw] [145/382] Building C object zephyr/drivers/interrupt_controller/CMakeFiles/drivers__interrupt_controller.dir/mnt/host/source/src/third_party/zephyr/main/misc/empty_file.c.obj
[kodkod:rw] [146/382] Linking C static library zephyr/drivers/interrupt_controller/libdrivers__interrupt_controller.a
[bloonchipper:ro] [20/519] Building C object zephyr/CMakeFiles/zephyr.dir/lib/os/cbprintf.c.obj
[mtlrvpp_mchp:rw] [247/393] Building C object CMakeFiles/app.dir/mnt/host/source/src/platform/ec/build/zephyr/mtlrvpp_mchp/modules/ec/common/gpio_commands.c.obj
[mtlrvpp_mchp:rw] [248/393] Building C object CMakeFiles/app.dir/mnt/host/source/src/platform/ec/build/zephyr/mtlrvpp_mchp/modules/ec/common/printf.c.obj
[navi:ro] [21/379] Building C object zephyr/CMakeFiles/zephyr.dir/lib/utils/dec.c.obj
[kodkod:rw] [147/382] Building C object zephyr/subsys/input/CMakeFiles/subsys__input.dir/input_utils.c.obj
[mtlrvpp_mchp:rw] [249/393] Building C object CMakeFiles/app.dir/mnt/host/source/src/platform/ec/build/zephyr/mtlrvpp_mchp/modules/ec/common/peripheral.c.obj
[kodkod:rw] [148/382] Building C object zephyr/subsys/input/CMakeFiles/subsys__input.dir/input.c.obj
[mtlrvpp_mchp:rw] [250/393] Building C object CMakeFiles/app.dir/mnt/host/source/src/platform/ec/build/zephyr/mtlrvpp_mchp/modules/ec/common/queue.c.obj
[kodkod:rw] [149/382] Linking C static library zephyr/subsys/input/libsubsys__input.a
[kodkod:rw] [150/382] Building C object zephyr/drivers/adc/CMakeFiles/drivers__adc.dir/adc_common.c.obj
[navi:ro] [22/379] Building C object zephyr/CMakeFiles/zephyr.dir/lib/utils/hex.c.obj
[mtlrvpp_mchp:ro] [212/393] Building C object modules/ec/zephyr/CMakeFiles/ec_shim.dir/shim/src/console_buffer.c.obj
[mtlrvpp_mchp:ro] [213/393] Building C object modules/ec/zephyr/CMakeFiles/ec_shim.dir/shim/src/host_command.c.obj
[kodkod:rw] [151/382] Building C object zephyr/drivers/adc/CMakeFiles/drivers__adc.dir/adc_realtek_rts5912.c.obj
[mtlrvpp_mchp:ro] [214/393] Building C object modules/ec/zephyr/CMakeFiles/ec_shim.dir/shim/src/ioex.c.obj
[kodkod:rw] [152/382] Linking C static library zephyr/drivers/adc/libdrivers__adc.a
[kodkod:rw] [153/382] Building C object zephyr/drivers/bbram/CMakeFiles/drivers__bbram.dir/bbram_rts5912.c.obj
[mtlrvpp_mchp:ro] [215/393] Building C object modules/ec/zephyr/CMakeFiles/ec_shim.dir/shim/src/ioex_drv.c.obj
[bloonchipper:ro] [21/519] Building C object zephyr/CMakeFiles/zephyr.dir/lib/os/assert.c.obj
[kodkod:rw] [154/382] Linking C static library zephyr/drivers/bbram/libdrivers__bbram.a
[kodkod:rw] [155/382] Building C object zephyr/drivers/console/CMakeFiles/drivers__console.dir/uart_console.c.obj
[mtlrvpp_mchp:rw] [251/393] Building C object CMakeFiles/app.dir/mnt/host/source/src/platform/ec/build/zephyr/mtlrvpp_mchp/modules/ec/common/system_boot_time.c.obj
[kodkod:rw] [156/382] Building C object zephyr/drivers/clock_control/CMakeFiles/drivers__clock_control.dir/clock_control_rts5912_sccon.c.obj
[kodkod:rw] [157/382] Linking C static library zephyr/drivers/console/libdrivers__console.a
[mtlrvpp_mchp:rw] [252/393] Building C object CMakeFiles/app.dir/mnt/host/source/src/platform/ec/build/zephyr/mtlrvpp_mchp/modules/ec/common/system.c.obj
[mtlrvpp_mchp:rw] [253/393] Building C object CMakeFiles/app.dir/mnt/host/source/src/platform/ec/build/zephyr/mtlrvpp_mchp/modules/ec/common/uart_printf.c.obj
[kodkod:rw] [158/382] Linking C static library zephyr/drivers/clock_control/libdrivers__clock_control.a
[/mnt/host/source/src/platform/ec/build/zephyr/yavista-lcov]   /mnt/host/source/src/platform/ec/build/zephyr/yavista/build-ro/CMakeFiles/app.dir/mnt/host/source/src/platform/ec/build/zephyr/yavista/modules/ec/common/cbi_config.c.gcno:no functions found
[/mnt/host/source/src/platform/ec/build/zephyr/yavista-lcov] stderr:
[navi:ro] [23/379] Building C object zephyr/CMakeFiles/zephyr.dir/lib/utils/rb.c.obj
[mtlrvpp_mchp:ro] [216/393] Building C object modules/ec/zephyr/CMakeFiles/ec_shim.dir/shim/src/mkbp_event.c.obj
[mtlrvpp_mchp:rw] [254/393] Building C object CMakeFiles/app.dir/mnt/host/source/src/platform/ec/build/zephyr/mtlrvpp_mchp/modules/ec/common/util.c.obj
[kodkod:rw] [159/382] Building C object zephyr/drivers/counter/CMakeFiles/drivers__counter.dir/counter_realtek_rts5912.c.obj
[mtlrvpp_mchp:ro] [217/393] Building C object modules/ec/zephyr/CMakeFiles/ec_shim.dir/shim/src/panic.c.obj
[kodkod:rw] [160/382] Linking C static library zephyr/drivers/counter/libdrivers__counter.a
[navi:ro] [24/379] Building C object zephyr/CMakeFiles/zephyr.dir/lib/utils/timeutil.c.obj
[kodkod:rw] [161/382] Building C object zephyr/drivers/crypto/CMakeFiles/drivers__crypto.dir/crypto_rts5912_sha.c.obj
[mtlrvpp_mchp:ro] [218/393] Building C object modules/ec/zephyr/CMakeFiles/ec_shim.dir/shim/src/temp_sensors.c.obj
[kodkod:rw] [162/382] Linking C static library zephyr/drivers/crypto/libdrivers__crypto.a
[kodkod:rw] [163/382] Building C object zephyr/drivers/flash/CMakeFiles/drivers__flash.dir/flash_realtek_rts5912.c.obj
[/mnt/host/source/src/platform/ec/build/zephyr/yavista-lcov]   /mnt/host/source/src/platform/ec/build/zephyr/yavista/build-ro/zephyr/arch/arch/riscv/core/CMakeFiles/arch__riscv__core.dir/cpu_idle.c.gcno:no functions found
[/mnt/host/source/src/platform/ec/build/zephyr/yavista-lcov] stderr:
[bloonchipper:ro] [22/519] Building C object zephyr/CMakeFiles/zephyr.dir/lib/os/mpsc_pbuf.c.obj
[mtlrvpp_mchp:ro] [219/393] Building C object modules/ec/zephyr/CMakeFiles/ec_shim.dir/shim/src/thermal.c.obj
[kodkod:rw] [164/382] Linking C static library zephyr/drivers/flash/libdrivers__flash.a
[mtlrvpp_mchp:rw] [255/393] Building C object CMakeFiles/app.dir/mnt/host/source/src/platform/ec/build/zephyr/mtlrvpp_mchp/modules/ec/common/version.c.obj
[mtlrvpp_mchp:rw] [256/393] Building C object CMakeFiles/app.dir/mnt/host/source/src/platform/ec/build/zephyr/mtlrvpp_mchp/modules/ec/common/power_button_x86.c.obj
[kodkod:rw] [165/382] Building C object zephyr/drivers/espi/CMakeFiles/drivers__espi.dir/espi_realtek_rts5912.c.obj
[mtlrvpp_mchp:rw] [257/393] Building C object CMakeFiles/app.dir/mnt/host/source/src/platform/ec/build/zephyr/mtlrvpp_mchp/modules/ec/common/adc.c.obj
[mtlrvpp_mchp:ro] [220/393] Building C object modules/ec/zephyr/CMakeFiles/ec_shim.dir/shim/src/hwtimer.c.obj
[kodkod:rw] [166/382] Linking C static library zephyr/drivers/espi/libdrivers__espi.a
[kodkod:rw] [167/382] Building C object zephyr/drivers/i2c/CMakeFiles/drivers__i2c.dir/i2c_common.c.obj
[mtlrvpp_mchp:rw] [258/393] Building C object CMakeFiles/app.dir/mnt/host/source/src/platform/ec/build/zephyr/mtlrvpp_mchp/modules/ec/common/acpi.c.obj
[navi:ro] [25/379] Building C object zephyr/CMakeFiles/zephyr.dir/lib/utils/bitarray.c.obj
[mtlrvpp_mchp:ro] [221/393] Building C object modules/ec/zephyr/CMakeFiles/ec_shim.dir/shim/src/i2c.c.obj
[kodkod:rw] [168/382] Building C object zephyr/drivers/i2c/CMakeFiles/drivers__i2c.dir/i2c_shell.c.obj
[bloonchipper:ro] [23/519] Building C object zephyr/CMakeFiles/zephyr.dir/lib/os/reboot.c.obj
[kodkod:rw] [169/382] Building C object zephyr/drivers/gpio/CMakeFiles/drivers__gpio.dir/gpio_rts5912.c.obj
[mtlrvpp_mchp:ro] [222/393] Building C object modules/ec/zephyr/CMakeFiles/ec_shim.dir/shim/src/tasks.c.obj
[mtlrvpp_mchp:ro] [223/393] Building C object modules/ec/zephyr/CMakeFiles/ec_shim.dir/shim/src/watchdog.c.obj
[navi:ro] [26/379] Building C object zephyr/CMakeFiles/zephyr.dir/lib/utils/bitmask.c.obj
[kodkod:rw] [170/382] Linking C static library zephyr/drivers/gpio/libdrivers__gpio.a
[mtlrvpp_mchp:rw] [259/393] Building C object CMakeFiles/app.dir/mnt/host/source/src/platform/ec/build/zephyr/mtlrvpp_mchp/modules/ec/common/battery.c.obj
[kodkod:rw] [171/382] Building C object zephyr/drivers/i2c/CMakeFiles/drivers__i2c.dir/i2c_dw.c.obj
[bloonchipper:ro] [24/519] Building C object zephyr/CMakeFiles/zephyr.dir/lib/utils/dec.c.obj
[mtlrvpp_mchp:rw] [260/393] Building C object CMakeFiles/app.dir/mnt/host/source/src/platform/ec/build/zephyr/mtlrvpp_mchp/modules/ec/common/battery_info.c.obj
[kodkod:rw] [172/382] Building C object zephyr/drivers/i2c/CMakeFiles/drivers__i2c.dir/i2c_realtek_rts5912.c.obj
[kodkod:rw] [173/382] Linking C static library zephyr/drivers/i2c/libdrivers__i2c.a
[mtlrvpp_mchp:rw] [261/393] Building C object CMakeFiles/app.dir/mnt/host/source/src/platform/ec/build/zephyr/mtlrvpp_mchp/modules/ec/common/battery_fuel_gauge.c.obj
[mtlrvpp_mchp:ro] [224/393] Building C object modules/ec/zephyr/CMakeFiles/ec_shim.dir/shim/src/ppc.c.obj
[kodkod:rw] [174/382] Building C object zephyr/drivers/input/CMakeFiles/drivers__input.dir/input_kbd_matrix.c.obj
[mtlrvpp_mchp:rw] [262/393] Building C object CMakeFiles/app.dir/mnt/host/source/src/platform/ec/build/zephyr/mtlrvpp_mchp/modules/ec/driver/battery/smart.c.obj
[navi:ro] [27/379] Building C object zephyr/CMakeFiles/zephyr.dir/lib/utils/getopt/getopt.c.obj
[bloonchipper:ro] [25/519] Building C object zephyr/CMakeFiles/zephyr.dir/lib/utils/hex.c.obj
[kodkod:rw] [175/382] Building C object zephyr/drivers/input/CMakeFiles/drivers__input.dir/input_realtek_rts5912_kbd.c.obj
[mtlrvpp_mchp:ro] [225/393] Building C object modules/ec/zephyr/CMakeFiles/ec_shim.dir/shim/src/tcpc_nct38xx.c.obj
[kodkod:rw] [176/382] Building C object zephyr/drivers/pinctrl/CMakeFiles/drivers__pinctrl.dir/common.c.obj
[kodkod:rw] [177/382] Building C object zephyr/drivers/pinctrl/CMakeFiles/drivers__pinctrl.dir/pinctrl_realtek_rts5912.c.obj
[kodkod:rw] [178/382] Linking C static library zephyr/drivers/input/libdrivers__input.a
[mtlrvpp_mchp:ro] [226/393] Building C object modules/ec/zephyr/CMakeFiles/ec_shim.dir/shim/src/power_host_sleep_api.c.obj
[mtlrvpp_mchp:ro] [227/393] cd /mnt/host/source/src/platform/ec/build/zephyr/mtlrvpp_mchp/build-ro/modules/ec/zephyr && PYTHONPATH=/mnt/host/source/src/platform/ec/build/zephyr/mtlrvpp_mchp/modules/ec/zephyr/zmake/ /usr/bin/python3.11 /mnt/host/source/src/platform/ec/build/zephyr/mtlrvpp_mchp/modules/ec/zephyr/zmake/zephyr_build_tools/generate_ec_version.py /mnt/host/source/src/platform/ec/build/zephyr/mtlrvpp_mchp/build-ro/modules/ec/zephyr/include/ec_version.h --name Zephyr-Kernel --version 16543.0.0 --static
[mtlrvpp_mchp:ro] INFO:root:Using a static version string
[kodkod:rw] [179/382] Building C object zephyr/drivers/sensor/CMakeFiles/drivers__sensor.dir/mnt/host/source/src/third_party/zephyr/main/misc/empty_file.c.obj
[kodkod:rw] [180/382] Linking C static library zephyr/drivers/pinctrl/libdrivers__pinctrl.a
[/mnt/host/source/src/platform/ec/build/zephyr/ciri-lcov]   /mnt/host/source/src/platform/ec/build/zephyr/ciri/build-ro/zephyr/CMakeFiles/zephyr.dir/subsys/shell/modules/kernel_service/kernel_shell.c.gcno:no functions found
[/mnt/host/source/src/platform/ec/build/zephyr/ciri-lcov] stderr:
[kodkod:rw] [181/382] Linking C static library zephyr/drivers/sensor/libdrivers__sensor.a
[kodkod:rw] [182/382] Building C object zephyr/drivers/pwm/CMakeFiles/drivers__pwm.dir/pwm_shell.c.obj
[mtlrvpp_mchp:ro] INFO:root:Version string: Zephyr-Kernel-16543.0.0
[mtlrvpp_mchp:ro] INFO:root:Writing header to /mnt/host/source/src/platform/ec/build/zephyr/mtlrvpp_mchp/build-ro/modules/ec/zephyr/include/ec_version.h
[mtlrvpp_mchp:ro] [228/393] Building C object modules/ec/zephyr/CMakeFiles/ec_shim.dir/shim/src/usb_muxes.c.obj
[mtlrvpp_mchp:rw] [263/393] Building C object CMakeFiles/app.dir/mnt/host/source/src/platform/ec/build/zephyr/mtlrvpp_mchp/modules/ec/driver/charger/isl9241.c.obj
[/mnt/host/source/src/platform/ec/build/zephyr/ciri-lcov]   /mnt/host/source/src/platform/ec/build/zephyr/ciri/build-ro/zephyr/CMakeFiles/zephyr.dir/lib/libc/validate_libc.c.gcno:no functions found
[/mnt/host/source/src/platform/ec/build/zephyr/ciri-lcov] stderr:
[mtlrvpp_mchp:rw] [264/393] Building C object CMakeFiles/app.dir/mnt/host/source/src/platform/ec/build/zephyr/mtlrvpp_mchp/modules/ec/common/charger.c.obj
[navi:ro] [28/379] Building C object zephyr/CMakeFiles/zephyr.dir/lib/utils/getopt/getopt_common.c.obj
[kodkod:rw] [183/382] Building C object zephyr/drivers/pwm/CMakeFiles/drivers__pwm.dir/pwm_realtek_rts5912.c.obj
[mtlrvpp_mchp:ro] [229/393] Building C object zephyr/kernel/CMakeFiles/kernel.dir/main_weak.c.obj
[mtlrvpp_mchp:rw] [265/393] Building C object CMakeFiles/app.dir/mnt/host/source/src/platform/ec/build/zephyr/mtlrvpp_mchp/modules/ec/common/charge_state.c.obj
[mtlrvpp_mchp:ro] [230/393] Building C object modules/ec/zephyr/CMakeFiles/ec_shim.dir/shim/src/bb_retimer_usb_mux.c.obj
[kodkod:rw] [184/382] Linking C static library zephyr/drivers/pwm/libdrivers__pwm.a
[mtlrvpp_mchp:ro] [231/393] Building C object CMakeFiles/app.dir/mnt/host/source/src/platform/ec/zephyr/subsys/ap_pwrseq/ap_events.c.obj
[bloonchipper:ro] [26/519] Building C object zephyr/CMakeFiles/zephyr.dir/lib/utils/rb.c.obj
[kodkod:rw] [185/382] Building C object zephyr/drivers/serial/CMakeFiles/drivers__serial.dir/uart_ns16550.c.obj
[kodkod:rw] [186/382] Building C object zephyr/drivers/sensor/realtek/rts5912/CMakeFiles/drivers__sensor__realtek__rts5912.dir/rts5912.c.obj
[kodkod:rw] [187/382] Building C object zephyr/drivers/syscon/CMakeFiles/drivers__syscon.dir/mnt/host/source/src/third_party/zephyr/main/misc/empty_file.c.obj
[kodkod:rw] [188/382] Building C object zephyr/drivers/serial/CMakeFiles/drivers__serial.dir/uart_realtek_rts5912.c.obj
[navi:ro] [29/379] Building C object zephyr/CMakeFiles/zephyr.dir/lib/utils/ring_buffer.c.obj
[kodkod:rw] [189/382] Linking C static library zephyr/drivers/syscon/libdrivers__syscon.a
[kodkod:rw] [190/382] Linking C static library zephyr/drivers/sensor/realtek/rts5912/libdrivers__sensor__realtek__rts5912.a
[kodkod:rw] [191/382] Linking C static library zephyr/drivers/serial/libdrivers__serial.a
[navi:ro] [30/379] Building C object zephyr/CMakeFiles/zephyr.dir/lib/utils/last_section_id.c.obj
[mtlrvpp_mchp:rw] [266/393] Building C object CMakeFiles/app.dir/mnt/host/source/src/platform/ec/build/zephyr/mtlrvpp_mchp/modules/ec/common/charge_manager.c.obj
[bloonchipper:ro] [27/519] Building C object zephyr/CMakeFiles/zephyr.dir/lib/utils/timeutil.c.obj
[mtlrvpp_mchp:rw] [267/393] Building C object CMakeFiles/app.dir/mnt/host/source/src/platform/ec/build/zephyr/mtlrvpp_mchp/modules/ec/common/cbi_common.c.obj
[mtlrvpp_mchp:ro] [232/393] Building C object CMakeFiles/app.dir/mnt/host/source/src/platform/ec/zephyr/subsys/ap_pwrseq/ap_power_interface.c.obj
[kodkod:rw] [192/382] Building C object zephyr/drivers/timer/CMakeFiles/drivers__timer.dir/sys_clock_init.c.obj
[mtlrvpp_mchp:ro] [233/393] Building C object CMakeFiles/app.dir/mnt/host/source/src/platform/ec/zephyr/subsys/ap_pwrseq/power_signals.c.obj
[mtlrvpp_mchp:rw] [268/393] Building C object CMakeFiles/app.dir/mnt/host/source/src/platform/ec/build/zephyr/mtlrvpp_mchp/modules/ec/common/cbi.c.obj
[kodkod:rw] [193/382] Building C object zephyr/drivers/timer/CMakeFiles/drivers__timer.dir/realtek_rts5912_rtmr.c.obj
[mtlrvpp_mchp:rw] [269/393] Building C object CMakeFiles/app.dir/mnt/host/source/src/platform/ec/build/zephyr/mtlrvpp_mchp/modules/ec/common/cbi_config.c.obj
[mtlrvpp_mchp:ro] [234/393] Building C object CMakeFiles/app.dir/mnt/host/source/src/platform/ec/zephyr/subsys/ap_pwrseq/signal_gpio.c.obj
[navi:ro] [31/379] Building C object zephyr/CMakeFiles/zephyr.dir/misc/generated/configs.c.obj
[kodkod:rw] [194/382] Building C object zephyr/drivers/watchdog/CMakeFiles/drivers__watchdog.dir/wdt_counter.c.obj
[kodkod:rw] [195/382] Linking C static library zephyr/drivers/timer/libdrivers__timer.a
[kodkod:rw] [196/382] Building C object zephyr/drivers/watchdog/CMakeFiles/drivers__watchdog.dir/wdt_rts5912.c.obj
[/mnt/host/source/src/platform/ec/build/zephyr/ciri-lcov]   /mnt/host/source/src/platform/ec/build/zephyr/ciri/build-ro/zephyr/CMakeFiles/zephyr.dir/lib/utils/last_section_id.c.gcno:no functions found
[/mnt/host/source/src/platform/ec/build/zephyr/ciri-lcov] stderr:
[mtlrvpp_mchp:ro] [235/393] Building C object CMakeFiles/app.dir/mnt/host/source/src/platform/ec/zephyr/subsys/ap_pwrseq/signal_vw.c.obj
[navi:ro] [32/379] Building ASM object zephyr/CMakeFiles/zephyr.dir/soc/ite/ec/common/soc_irq.S.obj
[kodkod:rw] [197/382] Building C object zephyr/drivers/watchdog/CMakeFiles/drivers__watchdog.dir/wdt_shell.c.obj
[mtlrvpp_mchp:rw] [270/393] Building C object CMakeFiles/app.dir/mnt/host/source/src/platform/ec/build/zephyr/mtlrvpp_mchp/modules/ec/common/memory_commands.c.obj
[bloonchipper:ro] [28/519] Building C object zephyr/CMakeFiles/zephyr.dir/lib/utils/bitarray.c.obj
[kodkod:rw] [198/382] Linking C static library zephyr/drivers/watchdog/libdrivers__watchdog.a
[mtlrvpp_mchp:rw] [271/393] Building C object CMakeFiles/app.dir/mnt/host/source/src/platform/ec/build/zephyr/mtlrvpp_mchp/modules/ec/common/dptf.c.obj
[mtlrvpp_mchp:ro] [236/393] Building C object CMakeFiles/app.dir/mnt/host/source/src/platform/ec/zephyr/subsys/ap_pwrseq/power_host_sleep.c.obj
[kodkod:rw] [199/382] Building C object modules/ec/zephyr/CMakeFiles/ec_shim.dir/app/ec/main_shim.c.obj
[bloonchipper:ro] [29/519] Building C object zephyr/CMakeFiles/zephyr.dir/lib/utils/bitmask.c.obj
[kodkod:rw] [200/382] Building C object modules/ec/zephyr/CMakeFiles/ec_shim.dir/app/ec/ec_app_main.c.obj
[mtlrvpp_mchp:ro] [237/393] Building C object CMakeFiles/app.dir/mnt/host/source/src/platform/ec/zephyr/subsys/ap_pwrseq/x86_non_dsx_common_pwrseq_sm_handler.c.obj
[mtlrvpp_mchp:rw] [272/393] Building C object CMakeFiles/app.dir/mnt/host/source/src/platform/ec/build/zephyr/mtlrvpp_mchp/modules/ec/common/espi.c.obj
[/mnt/host/source/src/platform/ec/build/zephyr/yavista-lcov]   /mnt/host/source/src/platform/ec/build/zephyr/yavista/build-ro/zephyr/arch/common/CMakeFiles/isr_tables.dir/isr_tables.c.gcno:no functions found
[/mnt/host/source/src/platform/ec/build/zephyr/yavista-lcov] stderr:
[navi:ro] [33/379] Building C object zephyr/CMakeFiles/zephyr.dir/soc/ite/ec/common/soc_common_irq.c.obj
[mtlrvpp_mchp:ro] [238/393] Building C object CMakeFiles/app.dir/mnt/host/source/src/platform/ec/zephyr/subsys/ap_pwrseq/x86_non_dsx_chipset_power_state.c.obj
[mtlrvpp_mchp:rw] [273/393] Building C object CMakeFiles/app.dir/mnt/host/source/src/platform/ec/build/zephyr/mtlrvpp_mchp/modules/ec/common/ap_reset_log.c.obj
[kodkod:rw] [201/382] Building C object modules/ec/zephyr/CMakeFiles/ec_shim.dir/drivers/keyboard_input/keyboard_customization_check.c.obj
[kodkod:rw] [202/382] Building C object modules/ec/zephyr/CMakeFiles/ec_shim.dir/drivers/cros_flash/cros_flash_rtk.c.obj
[/mnt/host/source/src/platform/ec/build/zephyr/yavista-lcov]   /mnt/host/source/src/platform/ec/build/zephyr/yavista/build-ro/zephyr/CMakeFiles/zephyr.dir/lib/libc/validate_libc.c.gcno:no functions found
[/mnt/host/source/src/platform/ec/build/zephyr/yavista-lcov] stderr:
[mtlrvpp_mchp:ro] [239/393] Building C object CMakeFiles/app.dir/mnt/host/source/src/platform/ec/zephyr/subsys/ap_pwrseq/x86_non_dsx_common_pwrseq_host_sleep.c.obj
[kodkod:rw] [203/382] Building C object modules/ec/zephyr/CMakeFiles/ec_shim.dir/drivers/cros_system/cros_system_rtk.c.obj
[mtlrvpp_mchp:rw] [274/393] Building C object CMakeFiles/app.dir/mnt/host/source/src/platform/ec/build/zephyr/mtlrvpp_mchp/modules/ec/common/extpower_gpio.c.obj
[kodkod:rw] [204/382] Building C object modules/ec/zephyr/CMakeFiles/ec_shim.dir/drivers/keyboard_input/keyboard_input.c.obj
[mtlrvpp_mchp:rw] [275/393] Building C object CMakeFiles/app.dir/mnt/host/source/src/platform/ec/build/zephyr/mtlrvpp_mchp/modules/ec/common/extpower_common.c.obj
[mtlrvpp_mchp:ro] [240/393] Building C object CMakeFiles/app.dir/mnt/host/source/src/platform/ec/zephyr/subsys/ap_pwrseq/x86_non_dsx_common_pwrseq_console.c.obj
[kodkod:rw] [205/382] Building C object modules/ec/zephyr/CMakeFiles/ec_shim.dir/drivers/usbc/ucsi_v3.c.obj
[bloonchipper:ro] [30/519] Building C object zephyr/CMakeFiles/zephyr.dir/lib/utils/getopt/getopt.c.obj
[navi:ro] [34/379] Building C object zephyr/CMakeFiles/zephyr.dir/soc/ite/ec/common/power.c.obj
[mtlrvpp_mchp:rw] [276/393] Building C object CMakeFiles/app.dir/mnt/host/source/src/platform/ec/build/zephyr/mtlrvpp_mchp/modules/ec/common/fan.c.obj
[mtlrvpp_mchp:ro] [241/393] Building C object CMakeFiles/app.dir/mnt/host/source/src/platform/ec/zephyr/subsys/ap_pwrseq/x86_non_dsx_common_pwrseq_host_command.c.obj
[mtlrvpp_mchp:rw] [277/393] Building C object CMakeFiles/app.dir/mnt/host/source/src/platform/ec/build/zephyr/mtlrvpp_mchp/modules/ec/common/flash.c.obj
[mtlrvpp_mchp:ro] [242/393] Building C object CMakeFiles/app.dir/mnt/host/source/src/platform/ec/zephyr/subsys/ap_pwrseq/x86_non_dsx_mtl_pwrseq_sm.c.obj
[mtlrvpp_mchp:ro] [243/393] Building C object CMakeFiles/app.dir/mnt/host/source/src/platform/ec/zephyr/subsys/ap_pwrseq/ap_reset_log.c.obj
[kodkod:rw] [206/382] Building C object modules/ec/zephyr/CMakeFiles/ec_shim.dir/drivers/usbc/pdc_rts54xx.c.obj
[kodkod:rw] [207/382] Building C object modules/ec/zephyr/CMakeFiles/ec_shim.dir/drivers/boot_keys/boot_keys.c.obj
[kodkod:rw] [208/382] Building C object modules/ec/zephyr/CMakeFiles/ec_shim.dir/drivers/usbc/pdc_rts54xx_fwup.c.obj
[kodkod:rw] [209/382] Building C object modules/ec/zephyr/CMakeFiles/ec_shim.dir/drivers/vivaldi_kbd/vivaldi_kbd.c.obj
[navi:ro] [35/379] Building C object zephyr/CMakeFiles/zephyr.dir/soc/ite/ec/common/policy.c.obj
[bloonchipper:ro] [31/519] Building C object zephyr/CMakeFiles/zephyr.dir/lib/utils/getopt/getopt_common.c.obj
[mtlrvpp_mchp:rw] [278/393] Building C object CMakeFiles/app.dir/mnt/host/source/src/platform/ec/build/zephyr/mtlrvpp_mchp/modules/ec/common/host_command.c.obj
[/mnt/host/source/src/platform/ec/build/zephyr/yavista-lcov]   /mnt/host/source/src/platform/ec/build/zephyr/yavista/build-ro/zephyr/CMakeFiles/zephyr.dir/lib/utils/last_section_id.c.gcno:no functions found
[/mnt/host/source/src/platform/ec/build/zephyr/yavista-lcov] stderr:
[mtlrvpp_mchp:ro] [244/393] Building C object CMakeFiles/app.dir/mnt/host/source/src/platform/ec/build/zephyr/mtlrvpp_mchp/modules/ec/builtin/stdlib.c.obj
[mtlrvpp_mchp:ro] [245/393] Building C object CMakeFiles/app.dir/mnt/host/source/src/platform/ec/build/zephyr/mtlrvpp_mchp/modules/ec/common/base32.c.obj
[mtlrvpp_mchp:rw] [279/393] Building C object CMakeFiles/app.dir/mnt/host/source/src/platform/ec/build/zephyr/mtlrvpp_mchp/modules/ec/common/host_command_task.c.obj
[kodkod:rw] [210/382] Building C object modules/ec/zephyr/CMakeFiles/ec_shim.dir/shim/chip/rtk/clock.c.obj
[mtlrvpp_mchp:rw] [280/393] Building C object CMakeFiles/app.dir/mnt/host/source/src/platform/ec/build/zephyr/mtlrvpp_mchp/modules/ec/common/host_event_commands.c.obj
[mtlrvpp_mchp:rw] [281/393] Building C object CMakeFiles/app.dir/mnt/host/source/src/platform/ec/build/zephyr/mtlrvpp_mchp/modules/ec/common/uart_hostcmd.c.obj
[bloonchipper:ro] [32/519] Building C object zephyr/CMakeFiles/zephyr.dir/lib/utils/ring_buffer.c.obj
[mtlrvpp_mchp:ro] [246/393] Building C object CMakeFiles/app.dir/mnt/host/source/src/platform/ec/build/zephyr/mtlrvpp_mchp/modules/ec/common/console_output.c.obj
[kodkod:rw] [211/382] Building C object modules/ec/zephyr/CMakeFiles/ec_shim.dir/shim/chip/rtk/power_policy.c.obj
[kodkod:rw] [212/382] Building C object modules/ec/zephyr/CMakeFiles/ec_shim.dir/shim/chip/rtk/system_download_from_flash.c.obj
[bloonchipper:ro] [33/519] Building C object zephyr/CMakeFiles/zephyr.dir/lib/utils/last_section_id.c.obj
[kodkod:rw] [213/382] Building C object modules/ec/zephyr/CMakeFiles/ec_shim.dir/shim/chip/rtk/system_external_storage.c.obj
[kodkod:rw] [214/382] Building C object modules/ec/zephyr/CMakeFiles/ec_shim.dir/shim/src/crc.c.obj
[bloonchipper:ro] [34/519] Building C object zephyr/CMakeFiles/zephyr.dir/misc/generated/configs.c.obj
[mtlrvpp_mchp:ro] [247/393] Building C object CMakeFiles/app.dir/mnt/host/source/src/platform/ec/build/zephyr/mtlrvpp_mchp/modules/ec/common/ec_features.c.obj
[navi:ro] [36/379] Building C object zephyr/CMakeFiles/zephyr.dir/soc/ite/ec/it8xxx2/soc.c.obj
[mtlrvpp_mchp:rw] [282/393] Building C object CMakeFiles/app.dir/mnt/host/source/src/platform/ec/build/zephyr/mtlrvpp_mchp/modules/ec/common/uptime.c.obj
[kodkod:rw] [215/382] Building C object modules/ec/zephyr/CMakeFiles/ec_shim.dir/shim/core/cortex-m/panic.c.obj
[mtlrvpp_mchp:ro] [248/393] Building C object CMakeFiles/app.dir/mnt/host/source/src/platform/ec/build/zephyr/mtlrvpp_mchp/modules/ec/common/peripheral.c.obj
[mtlrvpp_mchp:ro] [249/393] Building C object CMakeFiles/app.dir/mnt/host/source/src/platform/ec/build/zephyr/mtlrvpp_mchp/modules/ec/common/gpio_commands.c.obj
[kodkod:rw] [216/382] Building C object modules/ec/zephyr/CMakeFiles/ec_shim.dir/shim/src/console.c.obj
[mtlrvpp_mchp:rw] [283/393] Building C object CMakeFiles/app.dir/mnt/host/source/src/platform/ec/build/zephyr/mtlrvpp_mchp/modules/ec/common/i2c_passthru.c.obj
[mtlrvpp_mchp:rw] [284/393] Building C object CMakeFiles/app.dir/mnt/host/source/src/platform/ec/build/zephyr/mtlrvpp_mchp/modules/ec/common/i2c_controller.c.obj
[mtlrvpp_mchp:rw] [285/393] Building C object CMakeFiles/app.dir/mnt/host/source/src/platform/ec/build/zephyr/mtlrvpp_mchp/modules/ec/driver/ioexpander/ccgxxf.c.obj
[mtlrvpp_mchp:ro] [250/393] Building C object CMakeFiles/app.dir/mnt/host/source/src/platform/ec/build/zephyr/mtlrvpp_mchp/modules/ec/common/printf.c.obj
[kodkod:rw] [217/382] Building C object modules/ec/zephyr/CMakeFiles/ec_shim.dir/shim/src/gpio_int.c.obj
[kodkod:rw] [218/382] Building C object modules/ec/zephyr/CMakeFiles/ec_shim.dir/shim/src/gpio.c.obj
[navi:ro] [37/379] Building C object zephyr/CMakeFiles/zephyr.dir/soc/ite/ec/it8xxx2/check_regs.c.obj
[bloonchipper:ro] [35/519] Building C object zephyr/CMakeFiles/zephyr.dir/soc/st/stm32/common/stm32cube_hal.c.obj
[mtlrvpp_mchp:ro] [251/393] Building C object CMakeFiles/app.dir/mnt/host/source/src/platform/ec/build/zephyr/mtlrvpp_mchp/modules/ec/common/queue.c.obj
[kodkod:rw] [219/382] Building C object modules/ec/zephyr/CMakeFiles/ec_shim.dir/shim/src/panic_utils.c.obj
[kodkod:rw] [220/382] Building C object modules/ec/zephyr/CMakeFiles/ec_shim.dir/shim/src/pm_state.c.obj
[navi:ro] [38/379] Building ASM object zephyr/CMakeFiles/zephyr.dir/soc/ite/ec/it8xxx2/vector.S.obj
[mtlrvpp_mchp:rw] [286/393] Building C object CMakeFiles/app.dir/mnt/host/source/src/platform/ec/build/zephyr/mtlrvpp_mchp/modules/ec/driver/ioexpander/it8801.c.obj
[mtlrvpp_mchp:ro] [252/393] Building C object CMakeFiles/app.dir/mnt/host/source/src/platform/ec/build/zephyr/mtlrvpp_mchp/modules/ec/common/system_boot_time.c.obj
[kodkod:rw] [221/382] Building C object modules/ec/zephyr/CMakeFiles/ec_shim.dir/shim/src/cbi/cros_cbi.c.obj
[kodkod:rw] [222/382] Building C object modules/ec/zephyr/CMakeFiles/ec_shim.dir/shim/src/cbi/cbi_flash.c.obj
[mtlrvpp_mchp:ro] [253/393] Building C object CMakeFiles/app.dir/mnt/host/source/src/platform/ec/build/zephyr/mtlrvpp_mchp/modules/ec/common/uart_printf.c.obj
[mtlrvpp_mchp:rw] [287/393] Building C object CMakeFiles/app.dir/mnt/host/source/src/platform/ec/build/zephyr/mtlrvpp_mchp/modules/ec/common/keyboard_8042.c.obj
[mtlrvpp_mchp:ro] [254/393] Building C object CMakeFiles/app.dir/mnt/host/source/src/platform/ec/build/zephyr/mtlrvpp_mchp/modules/ec/common/system.c.obj
[bloonchipper:ro] [36/519] Building C object zephyr/CMakeFiles/zephyr.dir/soc/st/stm32/common/soc_config.c.obj
[kodkod:rw] [223/382] Building ASM object modules/ec/zephyr/CMakeFiles/ec_shim.dir/shim/src/libgcc_arm.S.obj
[mtlrvpp_mchp:rw] [288/393] Building C object CMakeFiles/app.dir/mnt/host/source/src/platform/ec/build/zephyr/mtlrvpp_mchp/modules/ec/common/keyboard_scan.c.obj
[mtlrvpp_mchp:rw] [289/393] Building C object CMakeFiles/app.dir/mnt/host/source/src/platform/ec/build/zephyr/mtlrvpp_mchp/modules/ec/common/keyboard_8042_sharedlib.c.obj
[kodkod:rw] [224/382] Building C object modules/ec/zephyr/CMakeFiles/ec_shim.dir/shim/src/popcountsi2.c.obj
[kodkod:rw] [225/382] Building C object modules/ec/zephyr/CMakeFiles/ec_shim.dir/shim/src/led_driver/led_gpio.c.obj
[kodkod:rw] [226/382] Building C object modules/ec/zephyr/CMakeFiles/ec_shim.dir/shim/src/led_driver/led.c.obj
[mtlrvpp_mchp:ro] [255/393] Building C object CMakeFiles/app.dir/mnt/host/source/src/platform/ec/build/zephyr/mtlrvpp_mchp/modules/ec/common/util.c.obj
[navi:ro] [39/379] Building C object zephyr/CMakeFiles/zephyr.dir/soc/ite/ec/it8xxx2/ilm.c.obj
[mtlrvpp_mchp:rw] [290/393] Building C object CMakeFiles/app.dir/mnt/host/source/src/platform/ec/build/zephyr/mtlrvpp_mchp/modules/ec/common/mkbp_fifo.c.obj
[kodkod:rw] [227/382] Building C object modules/ec/zephyr/CMakeFiles/ec_shim.dir/shim/src/system.c.obj
[mtlrvpp_mchp:ro] [256/393] Building C object CMakeFiles/app.dir/mnt/host/source/src/platform/ec/build/zephyr/mtlrvpp_mchp/modules/ec/common/version.c.obj
[mtlrvpp_mchp:rw] [291/393] Building C object CMakeFiles/app.dir/mnt/host/source/src/platform/ec/build/zephyr/mtlrvpp_mchp/modules/ec/common/mkbp_info.c.obj
[mtlrvpp_mchp:ro] [257/393] Building C object CMakeFiles/app.dir/mnt/host/source/src/platform/ec/build/zephyr/mtlrvpp_mchp/modules/ec/common/power_button_x86.c.obj
[kodkod:rw] [228/382] Building C object modules/ec/zephyr/CMakeFiles/ec_shim.dir/shim/src/pdc_shim.c.obj
[kodkod:rw] [229/382] Building C object modules/ec/zephyr/CMakeFiles/ec_shim.dir/shim/src/adc.c.obj
[kodkod:rw] [230/382] Building C object modules/ec/zephyr/CMakeFiles/ec_shim.dir/shim/src/battery.c.obj
[bloonchipper:ro] [37/519] Building C object zephyr/CMakeFiles/zephyr.dir/soc/st/stm32/common/stm32_backup_domain.c.obj
[mtlrvpp_mchp:rw] [292/393] Building C object CMakeFiles/app.dir/mnt/host/source/src/platform/ec/build/zephyr/mtlrvpp_mchp/modules/ec/common/mkbp_input_devices.c.obj
[mtlrvpp_mchp:ro] [258/393] Building C object CMakeFiles/app.dir/mnt/host/source/src/platform/ec/build/zephyr/mtlrvpp_mchp/modules/ec/common/adc.c.obj
[mtlrvpp_mchp:rw] [293/393] Building C object CMakeFiles/app.dir/mnt/host/source/src/platform/ec/build/zephyr/mtlrvpp_mchp/modules/ec/common/lid_switch.c.obj
[navi:ro] [40/379] Building C object zephyr/CMakeFiles/zephyr.dir/subsys/logging/log_minimal.c.obj
[kodkod:rw] [231/382] Building C object modules/ec/zephyr/CMakeFiles/ec_shim.dir/shim/src/charger.c.obj
[mtlrvpp_mchp:ro] [259/393] Building C object CMakeFiles/app.dir/mnt/host/source/src/platform/ec/build/zephyr/mtlrvpp_mchp/modules/ec/common/acpi.c.obj
[mtlrvpp_mchp:rw] [294/393] Building C object CMakeFiles/app.dir/mnt/host/source/src/platform/ec/build/zephyr/mtlrvpp_mchp/modules/ec/common/mkbp_event.c.obj
[bloonchipper:ro] [38/519] Building C object zephyr/CMakeFiles/zephyr.dir/soc/st/stm32/stm32f4x/soc.c.obj
[mtlrvpp_mchp:rw] [295/393] Building C object CMakeFiles/app.dir/mnt/host/source/src/platform/ec/build/zephyr/mtlrvpp_mchp/modules/ec/common/port80.c.obj
[mtlrvpp_mchp:ro] [260/393] Building C object CMakeFiles/app.dir/mnt/host/source/src/platform/ec/build/zephyr/mtlrvpp_mchp/modules/ec/common/battery.c.obj
[kodkod:rw] [232/382] Building C object modules/ec/zephyr/CMakeFiles/ec_shim.dir/shim/src/chipset_api.c.obj
[mtlrvpp_mchp:ro] [261/393] Building C object CMakeFiles/app.dir/mnt/host/source/src/platform/ec/build/zephyr/mtlrvpp_mchp/modules/ec/common/battery_info.c.obj
[kodkod:rw] [233/382] Building C object modules/ec/zephyr/CMakeFiles/ec_shim.dir/shim/src/espi.c.obj
[kodkod:rw] [234/382] Building C object modules/ec/zephyr/CMakeFiles/ec_shim.dir/shim/src/fan.c.obj
[mtlrvpp_mchp:rw] [296/393] Building C object CMakeFiles/app.dir/mnt/host/source/src/platform/ec/build/zephyr/mtlrvpp_mchp/modules/ec/common/power_button.c.obj
[mtlrvpp_mchp:ro] [262/393] Building C object CMakeFiles/app.dir/mnt/host/source/src/platform/ec/build/zephyr/mtlrvpp_mchp/modules/ec/common/battery_fuel_gauge.c.obj
[mtlrvpp_mchp:rw] [297/393] Building C object CMakeFiles/app.dir/mnt/host/source/src/platform/ec/build/zephyr/mtlrvpp_mchp/modules/ec/power/hibernate.c.obj
[kodkod:rw] [235/382] Building C object modules/ec/zephyr/CMakeFiles/ec_shim.dir/shim/src/flash.c.obj
[navi:ro] [41/379] Building C object zephyr/CMakeFiles/zephyr.dir/subsys/pm/pm.c.obj
[kodkod:rw] [236/382] Building C object modules/ec/zephyr/CMakeFiles/ec_shim.dir/shim/src/host_command.c.obj
[mtlrvpp_mchp:rw] [298/393] Building C object CMakeFiles/app.dir/mnt/host/source/src/platform/ec/build/zephyr/mtlrvpp_mchp/modules/ec/common/sha256.c.obj
[mtlrvpp_mchp:ro] [263/393] Building C object CMakeFiles/app.dir/mnt/host/source/src/platform/ec/build/zephyr/mtlrvpp_mchp/modules/ec/driver/battery/smart.c.obj
[kodkod:rw] [237/382] Building C object modules/ec/zephyr/CMakeFiles/ec_shim.dir/shim/src/hooks.c.obj
[bloonchipper:ro] [39/519] Building C object zephyr/CMakeFiles/zephyr.dir/soc/st/stm32/stm32f4x/power.c.obj
[kodkod:rw] [238/382] Building C object modules/ec/zephyr/CMakeFiles/ec_shim.dir/shim/src/console_buffer.c.obj
[mtlrvpp_mchp:rw] [299/393] Building C object CMakeFiles/app.dir/mnt/host/source/src/platform/ec/build/zephyr/mtlrvpp_mchp/modules/ec/common/panic_output.c.obj
[mtlrvpp_mchp:ro] [264/393] Building C object CMakeFiles/app.dir/mnt/host/source/src/platform/ec/build/zephyr/mtlrvpp_mchp/modules/ec/driver/charger/isl9241.c.obj
[navi:ro] [42/379] Building C object zephyr/CMakeFiles/zephyr.dir/subsys/pm/state.c.obj
[mtlrvpp_mchp:ro] [265/393] Building C object CMakeFiles/app.dir/mnt/host/source/src/platform/ec/build/zephyr/mtlrvpp_mchp/modules/ec/common/charger.c.obj
[kodkod:rw] [239/382] Building C object modules/ec/zephyr/CMakeFiles/ec_shim.dir/shim/src/mkbp_event.c.obj
[mtlrvpp_mchp:rw] [300/393] Building C object CMakeFiles/app.dir/mnt/host/source/src/platform/ec/build/zephyr/mtlrvpp_mchp/modules/ec/common/shared_mem.c.obj
[mtlrvpp_mchp:rw] [301/393] Building C object CMakeFiles/app.dir/mnt/host/source/src/platform/ec/build/zephyr/mtlrvpp_mchp/modules/ec/common/switch.c.obj
[kodkod:rw] [240/382] Building C object modules/ec/zephyr/CMakeFiles/ec_shim.dir/shim/src/thermal.c.obj
[kodkod:rw] [241/382] Building C object modules/ec/zephyr/CMakeFiles/ec_shim.dir/shim/src/panic.c.obj
[mtlrvpp_mchp:ro] [266/393] Building C object CMakeFiles/app.dir/mnt/host/source/src/platform/ec/build/zephyr/mtlrvpp_mchp/modules/ec/common/charge_state.c.obj
[mtlrvpp_mchp:rw] [302/393] Building C object CMakeFiles/app.dir/mnt/host/source/src/platform/ec/build/zephyr/mtlrvpp_mchp/modules/ec/common/spi_flash_reg.c.obj
[navi:ro] [43/379] Building C object zephyr/CMakeFiles/zephyr.dir/subsys/pm/policy/policy_events.c.obj
[bloonchipper:ro] [40/519] Building C object zephyr/CMakeFiles/zephyr.dir/subsys/logging/log_core.c.obj
[kodkod:rw] [242/382] Building C object modules/ec/zephyr/CMakeFiles/ec_shim.dir/shim/src/hwtimer.c.obj
[kodkod:rw] [243/382] Building C object modules/ec/zephyr/CMakeFiles/ec_shim.dir/shim/src/temp_sensors.c.obj
[mtlrvpp_mchp:ro] [267/393] Building C object CMakeFiles/app.dir/mnt/host/source/src/platform/ec/build/zephyr/mtlrvpp_mchp/modules/ec/common/cbi_common.c.obj
[mtlrvpp_mchp:rw] [303/393] Building C object CMakeFiles/app.dir/mnt/host/source/src/platform/ec/build/zephyr/mtlrvpp_mchp/modules/ec/common/tablet_mode.c.obj
[mtlrvpp_mchp:ro] [268/393] Building C object CMakeFiles/app.dir/mnt/host/source/src/platform/ec/build/zephyr/mtlrvpp_mchp/modules/ec/common/cbi.c.obj
[mtlrvpp_mchp:ro] [269/393] Building C object CMakeFiles/app.dir/mnt/host/source/src/platform/ec/build/zephyr/mtlrvpp_mchp/modules/ec/common/charge_manager.c.obj
[kodkod:rw] [244/382] Building C object modules/ec/zephyr/CMakeFiles/ec_shim.dir/shim/src/i2c.c.obj
[mtlrvpp_mchp:rw] [304/393] Building C object CMakeFiles/app.dir/mnt/host/source/src/platform/ec/build/zephyr/mtlrvpp_mchp/modules/ec/common/thermal.c.obj
[mtlrvpp_mchp:rw] [305/393] Building C object CMakeFiles/app.dir/mnt/host/source/src/platform/ec/build/zephyr/mtlrvpp_mchp/modules/ec/common/temp_sensor.c.obj
[kodkod:rw] [245/382] Building C object modules/ec/zephyr/CMakeFiles/ec_shim.dir/shim/src/tasks.c.obj
[navi:ro] [44/379] Building C object zephyr/CMakeFiles/zephyr.dir/subsys/pm/policy/policy_latency.c.obj
[mtlrvpp_mchp:ro] [270/393] Building C object CMakeFiles/app.dir/mnt/host/source/src/platform/ec/build/zephyr/mtlrvpp_mchp/modules/ec/common/cbi_config.c.obj
[kodkod:rw] [246/382] Building C object modules/ec/zephyr/CMakeFiles/ec_shim.dir/shim/src/usba.c.obj
[kodkod:rw] [247/382] Building C object modules/ec/zephyr/CMakeFiles/ec_shim.dir/shim/src/watchdog.c.obj
[bloonchipper:ro] [41/519] Building C object zephyr/CMakeFiles/zephyr.dir/subsys/logging/log_mgmt.c.obj
[kodkod:rw] [248/382] cd /mnt/host/source/src/platform/ec/build/zephyr/kodkod/build-rw/modules/ec/zephyr && PYTHONPATH=/mnt/host/source/src/platform/ec/build/zephyr/kodkod/modules/ec/zephyr/zmake/ /usr/bin/python3.11 /mnt/host/source/src/platform/ec/build/zephyr/kodkod/modules/ec/zephyr/zmake/zephyr_build_tools/generate_ec_version.py /mnt/host/source/src/platform/ec/build/zephyr/kodkod/build-rw/modules/ec/zephyr/include/ec_version.h --name Zephyr-Kernel --version 16543.0.0 --static
[kodkod:rw] INFO:root:Using a static version string
[mtlrvpp_mchp:rw] [306/393] Building C object CMakeFiles/app.dir/mnt/host/source/src/platform/ec/build/zephyr/mtlrvpp_mchp/modules/ec/driver/temp_sensor/thermistor.c.obj
[mtlrvpp_mchp:rw] [307/393] Building C object CMakeFiles/app.dir/mnt/host/source/src/platform/ec/build/zephyr/mtlrvpp_mchp/modules/ec/common/timer.c.obj
[mtlrvpp_mchp:ro] [271/393] Building C object CMakeFiles/app.dir/mnt/host/source/src/platform/ec/build/zephyr/mtlrvpp_mchp/modules/ec/common/memory_commands.c.obj
[kodkod:rw] INFO:root:Version string: Zephyr-Kernel-16543.0.0
[kodkod:rw] INFO:root:Writing header to /mnt/host/source/src/platform/ec/build/zephyr/kodkod/build-rw/modules/ec/zephyr/include/ec_version.h
[kodkod:rw] [249/382] Building C object modules/ec/zephyr/CMakeFiles/ec_shim.dir/shim/src/sha256_hw.c.obj
[bloonchipper:ro] [42/519] Building C object zephyr/CMakeFiles/zephyr.dir/subsys/logging/log_cache.c.obj
[kodkod:rw] [250/382] Building C object modules/ec/zephyr/CMakeFiles/ec_shim.dir/shim/src/power_host_sleep_api.c.obj
[mtlrvpp_mchp:ro] [272/393] Building C object CMakeFiles/app.dir/mnt/host/source/src/platform/ec/build/zephyr/mtlrvpp_mchp/modules/ec/common/dptf.c.obj
[mtlrvpp_mchp:ro] [273/393] Building C object CMakeFiles/app.dir/mnt/host/source/src/platform/ec/build/zephyr/mtlrvpp_mchp/modules/ec/common/ap_reset_log.c.obj
[navi:ro] [45/379] Building C object zephyr/CMakeFiles/zephyr.dir/subsys/pm/policy/policy_state_lock.c.obj
[kodkod:rw] [251/382] Building C object zephyr/kernel/CMakeFiles/kernel.dir/main_weak.c.obj
[mtlrvpp_mchp:rw] [308/393] Building C object CMakeFiles/app.dir/mnt/host/source/src/platform/ec/build/zephyr/mtlrvpp_mchp/modules/ec/common/typec_control.c.obj
[mtlrvpp_mchp:ro] [274/393] Building C object CMakeFiles/app.dir/mnt/host/source/src/platform/ec/build/zephyr/mtlrvpp_mchp/modules/ec/common/espi.c.obj
[kodkod:rw] [252/382] Building C object CMakeFiles/app.dir/mnt/host/source/src/platform/ec/zephyr/subsys/ap_pwrseq/ap_events.c.obj
[mtlrvpp_mchp:rw] [309/393] Building C object CMakeFiles/app.dir/mnt/host/source/src/platform/ec/build/zephyr/mtlrvpp_mchp/modules/ec/common/usb_common.c.obj
[kodkod:rw] [253/382] Building C object CMakeFiles/app.dir/mnt/host/source/src/platform/ec/zephyr/subsys/ap_pwrseq/power_signals.c.obj
[mtlrvpp_mchp:rw] [310/393] Building C object CMakeFiles/app.dir/mnt/host/source/src/platform/ec/build/zephyr/mtlrvpp_mchp/modules/ec/common/usb_pd_pdo.c.obj
[kodkod:rw] [254/382] Building C object CMakeFiles/app.dir/mnt/host/source/src/platform/ec/zephyr/subsys/ap_pwrseq/ap_power_interface.c.obj
[bloonchipper:ro] [43/519] Building C object zephyr/CMakeFiles/zephyr.dir/subsys/logging/log_msg.c.obj
[kodkod:rw] [255/382] Building C object CMakeFiles/app.dir/mnt/host/source/src/platform/ec/zephyr/subsys/ap_pwrseq/signal_gpio.c.obj
[mtlrvpp_mchp:rw] [311/393] Building C object CMakeFiles/app.dir/mnt/host/source/src/platform/ec/build/zephyr/mtlrvpp_mchp/modules/ec/common/usbc/usbc_task.c.obj
[navi:ro] [46/379] Building C object zephyr/CMakeFiles/zephyr.dir/subsys/pm/device.c.obj
[mtlrvpp_mchp:ro] [275/393] Building C object CMakeFiles/app.dir/mnt/host/source/src/platform/ec/build/zephyr/mtlrvpp_mchp/modules/ec/common/extpower_common.c.obj
[mtlrvpp_mchp:ro] [276/393] Building C object CMakeFiles/app.dir/mnt/host/source/src/platform/ec/build/zephyr/mtlrvpp_mchp/modules/ec/common/extpower_gpio.c.obj
[kodkod:rw] [256/382] Building C object CMakeFiles/app.dir/mnt/host/source/src/platform/ec/zephyr/subsys/ap_pwrseq/signal_vw.c.obj
[mtlrvpp_mchp:ro] [277/393] Building C object CMakeFiles/app.dir/mnt/host/source/src/platform/ec/build/zephyr/mtlrvpp_mchp/modules/ec/common/fan.c.obj
[mtlrvpp_mchp:rw] [312/393] Building C object CMakeFiles/app.dir/mnt/host/source/src/platform/ec/build/zephyr/mtlrvpp_mchp/modules/ec/common/usbc/usb_pd_timer.c.obj
[kodkod:rw] [257/382] Building C object CMakeFiles/app.dir/mnt/host/source/src/platform/ec/zephyr/subsys/ap_pwrseq/ap_pwrseq_sm.c.obj
[mtlrvpp_mchp:ro] [278/393] Building C object CMakeFiles/app.dir/mnt/host/source/src/platform/ec/build/zephyr/mtlrvpp_mchp/modules/ec/common/flash.c.obj
[kodkod:rw] [258/382] Building C object CMakeFiles/app.dir/mnt/host/source/src/platform/ec/zephyr/subsys/ap_pwrseq/ap_pwrseq.c.obj
[mtlrvpp_mchp:rw] [313/393] Building C object CMakeFiles/app.dir/mnt/host/source/src/platform/ec/build/zephyr/mtlrvpp_mchp/modules/ec/common/usbc/usb_sm.c.obj
[kodkod:rw] [259/382] Building C object CMakeFiles/app.dir/mnt/host/source/src/platform/ec/zephyr/subsys/ap_pwrseq/power_host_sleep.c.obj
[mtlrvpp_mchp:rw] [314/393] Building C object CMakeFiles/app.dir/mnt/host/source/src/platform/ec/build/zephyr/mtlrvpp_mchp/modules/ec/common/usbc_intr_task.c.obj
[bloonchipper:ro] [44/519] Building C object zephyr/CMakeFiles/zephyr.dir/subsys/logging/log_output.c.obj
[mtlrvpp_mchp:rw] [315/393] Building C object CMakeFiles/app.dir/mnt/host/source/src/platform/ec/build/zephyr/mtlrvpp_mchp/modules/ec/common/usbc_utils.c.obj
[navi:ro] [47/379] Building C object zephyr/CMakeFiles/zephyr.dir/subsys/pm/device_system_managed.c.obj
[/mnt/host/source/src/platform/ec/build/zephyr/yavista-lcov]   /mnt/host/source/src/platform/ec/build/zephyr/yavista/build-ro/zephyr/CMakeFiles/zephyr.dir/soc/ite/ec/it8xxx2/check_regs.c.gcno:no functions found
[/mnt/host/source/src/platform/ec/build/zephyr/yavista-lcov] stderr:
[kodkod:rw] [260/382] Building C object CMakeFiles/app.dir/mnt/host/source/src/platform/ec/zephyr/subsys/ap_pwrseq/x86_non_dsx_common_pwrseq_sm_handler.c.obj
[mtlrvpp_mchp:ro] [279/393] Building C object CMakeFiles/app.dir/mnt/host/source/src/platform/ec/build/zephyr/mtlrvpp_mchp/modules/ec/common/host_command.c.obj
[mtlrvpp_mchp:ro] [280/393] Building C object CMakeFiles/app.dir/mnt/host/source/src/platform/ec/build/zephyr/mtlrvpp_mchp/modules/ec/common/host_command_task.c.obj
[kodkod:rw] [261/382] Building C object CMakeFiles/app.dir/mnt/host/source/src/platform/ec/zephyr/subsys/ap_pwrseq/x86_non_dsx_chipset_power_state.c.obj
[mtlrvpp_mchp:rw] [316/393] Building C object CMakeFiles/app.dir/mnt/host/source/src/platform/ec/build/zephyr/mtlrvpp_mchp/modules/ec/common/usb_pd_flags.c.obj
[kodkod:rw] [262/382] Building C object CMakeFiles/app.dir/mnt/host/source/src/platform/ec/zephyr/subsys/ap_pwrseq/x86_non_dsx_common_pwrseq_host_sleep.c.obj
[mtlrvpp_mchp:ro] [281/393] Building C object CMakeFiles/app.dir/mnt/host/source/src/platform/ec/build/zephyr/mtlrvpp_mchp/modules/ec/common/uart_hostcmd.c.obj
[mtlrvpp_mchp:ro] [282/393] Building C object CMakeFiles/app.dir/mnt/host/source/src/platform/ec/build/zephyr/mtlrvpp_mchp/modules/ec/common/host_event_commands.c.obj
[kodkod:rw] [263/382] Building C object CMakeFiles/app.dir/mnt/host/source/src/platform/ec/zephyr/subsys/ap_pwrseq/x86_non_dsx_common_pwrseq_console.c.obj
[mtlrvpp_mchp:rw] [317/393] Building C object CMakeFiles/app.dir/mnt/host/source/src/platform/ec/build/zephyr/mtlrvpp_mchp/modules/ec/common/chargen.c.obj
[bloonchipper:ro] [45/519] Building C object zephyr/CMakeFiles/zephyr.dir/subsys/logging/log_output_custom.c.obj
[mtlrvpp_mchp:rw] [318/393] Building C object CMakeFiles/app.dir/mnt/host/source/src/platform/ec/build/zephyr/mtlrvpp_mchp/modules/ec/common/usbc/usb_pd_console.c.obj
[kodkod:rw] [264/382] Building C object CMakeFiles/app.dir/mnt/host/source/src/platform/ec/zephyr/subsys/ap_pwrseq/x86_non_dsx_common_pwrseq_host_command.c.obj
[navi:ro] [48/379] Building C object zephyr/CMakeFiles/zephyr.dir/subsys/testsuite/coverage/coverage.c.obj
[mtlrvpp_mchp:rw] [319/393] Building C object CMakeFiles/app.dir/mnt/host/source/src/platform/ec/build/zephyr/mtlrvpp_mchp/modules/ec/driver/retimer/bb_retimer.c.obj
[kodkod:rw] [265/382] Building C object CMakeFiles/app.dir/mnt/host/source/src/platform/ec/zephyr/subsys/ap_pwrseq/ap_reset_log.c.obj
[kodkod:rw] [266/382] Building C object CMakeFiles/app.dir/mnt/host/source/src/platform/ec/zephyr/subsys/ap_pwrseq/x86_non_dsx_mtl_pwrseq_sm.c.obj
[mtlrvpp_mchp:ro] [283/393] Building C object CMakeFiles/app.dir/mnt/host/source/src/platform/ec/build/zephyr/mtlrvpp_mchp/modules/ec/common/uptime.c.obj
[mtlrvpp_mchp:ro] [284/393] Building C object CMakeFiles/app.dir/mnt/host/source/src/platform/ec/build/zephyr/mtlrvpp_mchp/modules/ec/common/i2c_controller.c.obj
[mtlrvpp_mchp:rw] [320/393] Building C object CMakeFiles/app.dir/mnt/host/source/src/platform/ec/build/zephyr/mtlrvpp_mchp/modules/ec/driver/usb_mux/usb_mux.c.obj
[kodkod:rw] [267/382] Building C object CMakeFiles/app.dir/mnt/host/source/src/platform/ec/zephyr/subsys/pd_controller/pdc_pmc_debug.c.obj
[mtlrvpp_mchp:ro] [285/393] Building C object CMakeFiles/app.dir/mnt/host/source/src/platform/ec/build/zephyr/mtlrvpp_mchp/modules/ec/driver/ioexpander/ccgxxf.c.obj
[mtlrvpp_mchp:ro] [286/393] Building C object CMakeFiles/app.dir/mnt/host/source/src/platform/ec/build/zephyr/mtlrvpp_mchp/modules/ec/common/i2c_passthru.c.obj
[bloonchipper:ro] [46/519] Building C object zephyr/CMakeFiles/zephyr.dir/subsys/mem_mgmt/mem_attr.c.obj
[navi:ro] [49/379] Building C object zephyr/CMakeFiles/zephyr.dir/subsys/tracing/tracing_none.c.obj
[mtlrvpp_mchp:rw] [321/393] Building C object CMakeFiles/app.dir/mnt/host/source/src/platform/ec/build/zephyr/mtlrvpp_mchp/modules/ec/driver/usb_mux/virtual.c.obj
[kodkod:rw] [268/382] Building C object CMakeFiles/app.dir/mnt/host/source/src/platform/ec/zephyr/subsys/pd_controller/pdc_host_cmd.c.obj
[kodkod:rw] [269/382] Building C object CMakeFiles/app.dir/mnt/host/source/src/platform/ec/zephyr/subsys/pd_controller/pdc_console.c.obj
[mtlrvpp_mchp:rw] [322/393] Building C object CMakeFiles/app.dir/mnt/host/source/src/platform/ec/build/zephyr/mtlrvpp_mchp/modules/ec/common/usbc/usb_tc_drp_acc_trysrc_sm.c.obj
[kodkod:rw] [270/382] Building C object CMakeFiles/app.dir/mnt/host/source/src/platform/ec/zephyr/subsys/pd_controller/pdc_stub.c.obj
[mtlrvpp_mchp:ro] [287/393] Building C object CMakeFiles/app.dir/mnt/host/source/src/platform/ec/build/zephyr/mtlrvpp_mchp/modules/ec/driver/ioexpander/it8801.c.obj
[mtlrvpp_mchp:rw] [323/393] Building C object CMakeFiles/app.dir/mnt/host/source/src/platform/ec/build/zephyr/mtlrvpp_mchp/modules/ec/common/usbc/usb_prl_sm.c.obj
[navi:ro] [50/379] Building C object zephyr/CMakeFiles/zephyr.dir/subsys/shell/modules/kernel_service/kernel_shell.c.obj
[bloonchipper:ro] [47/519] Building C object zephyr/CMakeFiles/zephyr.dir/subsys/pm/pm.c.obj
[kodkod:rw] [271/382] Building C object CMakeFiles/app.dir/mnt/host/source/src/platform/ec/zephyr/subsys/pd_controller/pdc_power_mgmt.c.obj
[mtlrvpp_mchp:ro] [288/393] Building C object CMakeFiles/app.dir/mnt/host/source/src/platform/ec/build/zephyr/mtlrvpp_mchp/modules/ec/common/keyboard_scan.c.obj
[mtlrvpp_mchp:ro] [289/393] Building C object CMakeFiles/app.dir/mnt/host/source/src/platform/ec/build/zephyr/mtlrvpp_mchp/modules/ec/common/keyboard_8042.c.obj
[mtlrvpp_mchp:ro] [290/393] Building C object CMakeFiles/app.dir/mnt/host/source/src/platform/ec/build/zephyr/mtlrvpp_mchp/modules/ec/common/keyboard_8042_sharedlib.c.obj
[kodkod:rw] [272/382] Building C object CMakeFiles/app.dir/mnt/host/source/src/platform/ec/zephyr/subsys/pd_controller/pdc_dpm.c.obj
[mtlrvpp_mchp:rw] [324/393] Building C object CMakeFiles/app.dir/mnt/host/source/src/platform/ec/build/zephyr/mtlrvpp_mchp/modules/ec/common/usbc/usb_pd_dpm.c.obj
[mtlrvpp_mchp:rw] [325/393] Building C object CMakeFiles/app.dir/mnt/host/source/src/platform/ec/build/zephyr/mtlrvpp_mchp/modules/ec/common/usbc/usb_pe_drp_sm.c.obj
[kodkod:rw] [273/382] Building C object CMakeFiles/app.dir/mnt/host/source/src/platform/ec/zephyr/subsys/ucsi/ppm_common.c.obj
[kodkod:rw] [274/382] Building C object CMakeFiles/app.dir/mnt/host/source/src/platform/ec/zephyr/subsys/ucsi/ppm_console.c.obj
[mtlrvpp_mchp:rw] [326/393] Building C object CMakeFiles/app.dir/mnt/host/source/src/platform/ec/build/zephyr/mtlrvpp_mchp/modules/ec/common/usbc/usbc_pd_policy.c.obj
[bloonchipper:ro] [48/519] Building C object zephyr/CMakeFiles/zephyr.dir/subsys/pm/state.c.obj
[navi:ro] [51/379] Building C object zephyr/CMakeFiles/zephyr.dir/subsys/shell/modules/kernel_service/cycles.c.obj
[mtlrvpp_mchp:ro] [291/393] Building C object CMakeFiles/app.dir/mnt/host/source/src/platform/ec/build/zephyr/mtlrvpp_mchp/modules/ec/common/mkbp_fifo.c.obj
[/mnt/host/source/src/platform/ec/build/zephyr/ciri-lcov]   /mnt/host/source/src/platform/ec/build/zephyr/ciri/build-ro/zephyr/CMakeFiles/zephyr.dir/soc/ite/ec/it8xxx2/check_regs.c.gcno:no functions found
[/mnt/host/source/src/platform/ec/build/zephyr/ciri-lcov] stderr:
[mtlrvpp_mchp:rw] [327/393] Building C object CMakeFiles/app.dir/mnt/host/source/src/platform/ec/build/zephyr/mtlrvpp_mchp/modules/ec/common/usbc/dp_alt_mode.c.obj
[kodkod:rw] [275/382] Building C object CMakeFiles/app.dir/mnt/host/source/src/platform/ec/zephyr/subsys/ucsi/ucsi_host_cmd.c.obj
[kodkod:rw] [276/382] Building C object CMakeFiles/app.dir/mnt/host/source/src/platform/ec/zephyr/subsys/ucsi/ppm_driver.c.obj
[mtlrvpp_mchp:ro] [292/393] Building C object CMakeFiles/app.dir/mnt/host/source/src/platform/ec/build/zephyr/mtlrvpp_mchp/modules/ec/common/mkbp_info.c.obj
[kodkod:rw] [277/382] Building C object CMakeFiles/app.dir/mnt/host/source/src/platform/ec/build/zephyr/kodkod/modules/ec/builtin/stdlib.c.obj
[mtlrvpp_mchp:ro] [293/393] Building C object CMakeFiles/app.dir/mnt/host/source/src/platform/ec/build/zephyr/mtlrvpp_mchp/modules/ec/common/lid_switch.c.obj
[kodkod:rw] [278/382] Building C object CMakeFiles/app.dir/mnt/host/source/src/platform/ec/build/zephyr/kodkod/modules/ec/common/base32.c.obj
[mtlrvpp_mchp:ro] [294/393] Building C object CMakeFiles/app.dir/mnt/host/source/src/platform/ec/build/zephyr/mtlrvpp_mchp/modules/ec/common/mkbp_input_devices.c.obj
[/mnt/host/source/src/platform/ec/build/zephyr/ciri-lcov]   /mnt/host/source/src/platform/ec/build/zephyr/ciri/build-rw/modules/ec/zephyr/CMakeFiles/ec_shim.dir/shim/src/power.c.gcno:no functions found
[/mnt/host/source/src/platform/ec/build/zephyr/ciri-lcov] stderr:
[mtlrvpp_mchp:rw] [328/393] Building C object CMakeFiles/app.dir/mnt/host/source/src/platform/ec/build/zephyr/mtlrvpp_mchp/modules/ec/common/usbc/usb_mode.c.obj
[bloonchipper:ro] [49/519] Building C object zephyr/CMakeFiles/zephyr.dir/subsys/pm/policy/policy_events.c.obj
[navi:ro] [52/379] Building C object zephyr/CMakeFiles/zephyr.dir/subsys/shell/modules/kernel_service/sleep.c.obj
[mtlrvpp_mchp:rw] [329/393] Building C object CMakeFiles/app.dir/mnt/host/source/src/platform/ec/build/zephyr/mtlrvpp_mchp/modules/ec/common/usbc/tbt_alt_mode.c.obj
[/mnt/host/source/src/platform/ec/build/zephyr/ciri-lcov]   /mnt/host/source/src/platform/ec/build/zephyr/ciri/build-rw/modules/ec/zephyr/CMakeFiles/ec_shim.dir/shim/src/thermal.c.gcno:no functions found
[/mnt/host/source/src/platform/ec/build/zephyr/ciri-lcov] stderr:
[kodkod:rw] [279/382] Building C object CMakeFiles/app.dir/mnt/host/source/src/platform/ec/build/zephyr/kodkod/modules/ec/common/ec_features.c.obj
[mtlrvpp_mchp:rw] [330/393] Building C object CMakeFiles/app.dir/mnt/host/source/src/platform/ec/build/zephyr/mtlrvpp_mchp/modules/ec/common/usbc/usb_retimer_fw_update.c.obj
[kodkod:rw] [280/382] Building C object CMakeFiles/app.dir/mnt/host/source/src/platform/ec/build/zephyr/kodkod/modules/ec/common/console_output.c.obj
[kodkod:rw] [281/382] Building C object CMakeFiles/app.dir/mnt/host/source/src/platform/ec/build/zephyr/kodkod/modules/ec/common/gpio_commands.c.obj
[mtlrvpp_mchp:ro] [295/393] Building C object CMakeFiles/app.dir/mnt/host/source/src/platform/ec/build/zephyr/mtlrvpp_mchp/modules/ec/common/mkbp_event.c.obj
[/mnt/host/source/src/platform/ec/build/zephyr/ciri-lcov]   /mnt/host/source/src/platform/ec/build/zephyr/ciri/build-rw/modules/ec/zephyr/CMakeFiles/ec_shim.dir/shim/src/battery.c.gcno:no functions found
[/mnt/host/source/src/platform/ec/build/zephyr/ciri-lcov] stderr:
[mtlrvpp_mchp:rw] [331/393] Building C object CMakeFiles/app.dir/mnt/host/source/src/platform/ec/build/zephyr/mtlrvpp_mchp/modules/ec/common/usb_pd_console_cmd.c.obj
[/mnt/host/source/src/platform/ec/build/zephyr/ciri-lcov]   /mnt/host/source/src/platform/ec/build/zephyr/ciri/build-rw/modules/ec/zephyr/CMakeFiles/ec_shim.dir/shim/src/charger.c.gcno:no functions found
[/mnt/host/source/src/platform/ec/build/zephyr/ciri-lcov] stderr:
[kodkod:rw] [282/382] Building C object CMakeFiles/app.dir/mnt/host/source/src/platform/ec/build/zephyr/kodkod/modules/ec/common/peripheral.c.obj
[/mnt/host/source/src/platform/ec/build/zephyr/ciri-lcov]   /mnt/host/source/src/platform/ec/build/zephyr/ciri/build-rw/modules/ec/zephyr/CMakeFiles/ec_shim.dir/shim/src/usb_muxes.c.gcno:no functions found
[/mnt/host/source/src/platform/ec/build/zephyr/ciri-lcov] stderr:
[mtlrvpp_mchp:ro] [296/393] Building C object CMakeFiles/app.dir/mnt/host/source/src/platform/ec/build/zephyr/mtlrvpp_mchp/modules/ec/common/port80.c.obj
[mtlrvpp_mchp:ro] [297/393] Building C object CMakeFiles/app.dir/mnt/host/source/src/platform/ec/build/zephyr/mtlrvpp_mchp/modules/ec/common/power_button.c.obj
[mtlrvpp_mchp:ro] [298/393] Building C object CMakeFiles/app.dir/mnt/host/source/src/platform/ec/build/zephyr/mtlrvpp_mchp/modules/ec/power/hibernate.c.obj
[navi:ro] [53/379] Building C object zephyr/CMakeFiles/zephyr.dir/subsys/shell/modules/kernel_service/uptime.c.obj
[bloonchipper:ro] [50/519] Building C object zephyr/CMakeFiles/zephyr.dir/subsys/pm/policy/policy_latency.c.obj
[mtlrvpp_mchp:rw] [332/393] Building C object CMakeFiles/app.dir/mnt/host/source/src/platform/ec/build/zephyr/mtlrvpp_mchp/modules/ec/common/usb_pd_host_cmd.c.obj
[kodkod:rw] [283/382] Building C object CMakeFiles/app.dir/mnt/host/source/src/platform/ec/build/zephyr/kodkod/modules/ec/common/printf.c.obj
[kodkod:rw] [284/382] Building C object CMakeFiles/app.dir/mnt/host/source/src/platform/ec/build/zephyr/kodkod/modules/ec/common/queue.c.obj
[mtlrvpp_mchp:rw] [333/393] Building C object CMakeFiles/app.dir/mnt/host/source/src/platform/ec/build/zephyr/mtlrvpp_mchp/modules/ec/common/usbc/usb_pd_host.c.obj
[kodkod:rw] [285/382] Building C object CMakeFiles/app.dir/mnt/host/source/src/platform/ec/build/zephyr/kodkod/modules/ec/common/system_boot_time.c.obj
[kodkod:rw] [286/382] Building C object CMakeFiles/app.dir/mnt/host/source/src/platform/ec/build/zephyr/kodkod/modules/ec/common/system.c.obj
[mtlrvpp_mchp:rw] [334/393] Building C object CMakeFiles/app.dir/mnt/host/source/src/platform/ec/build/zephyr/mtlrvpp_mchp/modules/ec/zephyr/shim/src/tcpc.c.obj
[mtlrvpp_mchp:ro] [299/393] Building C object CMakeFiles/app.dir/mnt/host/source/src/platform/ec/build/zephyr/mtlrvpp_mchp/modules/ec/common/panic_output.c.obj
[mtlrvpp_mchp:ro] [300/393] Building C object CMakeFiles/app.dir/mnt/host/source/src/platform/ec/build/zephyr/mtlrvpp_mchp/modules/ec/common/sha256.c.obj
[bloonchipper:ro] [51/519] Building C object zephyr/CMakeFiles/zephyr.dir/subsys/pm/policy/policy_state_lock.c.obj
[mtlrvpp_mchp:rw] [335/393] Building C object CMakeFiles/app.dir/mnt/host/source/src/platform/ec/build/zephyr/mtlrvpp_mchp/modules/ec/common/usb_pd_host_cmd_common.c.obj
[navi:ro] [54/379] Building C object zephyr/CMakeFiles/zephyr.dir/subsys/shell/modules/kernel_service/version.c.obj
[/mnt/host/source/src/platform/ec/build/zephyr/yavista-lcov]   /mnt/host/source/src/platform/ec/build/zephyr/yavista/build-ro/zephyr/drivers/sensor/CMakeFiles/drivers__sensor.dir/mnt/host/source/src/third_party/zephyr/main/misc/empty_file.c.gcno:no functions found
[/mnt/host/source/src/platform/ec/build/zephyr/yavista-lcov] stderr:
[mtlrvpp_mchp:ro] [301/393] Building C object CMakeFiles/app.dir/mnt/host/source/src/platform/ec/build/zephyr/mtlrvpp_mchp/modules/ec/common/shared_mem.c.obj
[kodkod:rw] [287/382] Building C object CMakeFiles/app.dir/mnt/host/source/src/platform/ec/build/zephyr/kodkod/modules/ec/common/uart_printf.c.obj
[mtlrvpp_mchp:ro] [302/393] Building C object CMakeFiles/app.dir/mnt/host/source/src/platform/ec/build/zephyr/mtlrvpp_mchp/modules/ec/common/switch.c.obj
[mtlrvpp_mchp:rw] [336/393] Building C object CMakeFiles/app.dir/mnt/host/source/src/platform/ec/build/zephyr/mtlrvpp_mchp/modules/ec/common/usbc_ocp.c.obj
[kodkod:rw] [288/382] Building C object CMakeFiles/app.dir/mnt/host/source/src/platform/ec/build/zephyr/kodkod/modules/ec/common/util.c.obj
[kodkod:rw] [289/382] Building C object CMakeFiles/app.dir/mnt/host/source/src/platform/ec/build/zephyr/kodkod/modules/ec/common/power_button_x86.c.obj
[kodkod:rw] [290/382] Building C object CMakeFiles/app.dir/mnt/host/source/src/platform/ec/build/zephyr/kodkod/modules/ec/common/version.c.obj
[/mnt/host/source/src/platform/ec/build/zephyr/yavista-lcov]   /mnt/host/source/src/platform/ec/build/zephyr/yavista/build-rw/modules/ec/zephyr/CMakeFiles/ec_shim.dir/shim/src/thermal.c.gcno:no functions found
[/mnt/host/source/src/platform/ec/build/zephyr/yavista-lcov] stderr:
[mtlrvpp_mchp:rw] [337/393] Building C object CMakeFiles/app.dir/mnt/host/source/src/platform/ec/build/zephyr/mtlrvpp_mchp/modules/ec/common/usb_pd_discovery.c.obj
[mtlrvpp_mchp:ro] [303/393] Building C object CMakeFiles/app.dir/mnt/host/source/src/platform/ec/build/zephyr/mtlrvpp_mchp/modules/ec/common/spi_flash_reg.c.obj
[bloonchipper:ro] [52/519] Building C object zephyr/CMakeFiles/zephyr.dir/subsys/pm/policy/policy_default.c.obj
[navi:ro] [55/379] Building C object zephyr/CMakeFiles/zephyr.dir/subsys/shell/modules/kernel_service/thread/thread.c.obj
[mtlrvpp_mchp:ro] [304/393] Building C object CMakeFiles/app.dir/mnt/host/source/src/platform/ec/build/zephyr/mtlrvpp_mchp/modules/ec/common/tablet_mode.c.obj
[mtlrvpp_mchp:rw] [338/393] Building C object CMakeFiles/app.dir/mnt/host/source/src/platform/ec/build/zephyr/mtlrvpp_mchp/modules/ec/common/usb_pd_dual_role.c.obj
[/mnt/host/source/src/platform/ec/build/zephyr/yavista-lcov]   /mnt/host/source/src/platform/ec/build/zephyr/yavista/build-rw/modules/ec/zephyr/CMakeFiles/ec_shim.dir/shim/src/battery.c.gcno:no functions found
[/mnt/host/source/src/platform/ec/build/zephyr/yavista-lcov] stderr:
[kodkod:rw] [291/382] Building C object CMakeFiles/app.dir/mnt/host/source/src/platform/ec/build/zephyr/kodkod/modules/ec/common/adc.c.obj
[/mnt/host/source/src/platform/ec/build/zephyr/yavista-lcov]   /mnt/host/source/src/platform/ec/build/zephyr/yavista/build-rw/modules/ec/zephyr/CMakeFiles/ec_shim.dir/shim/src/charger.c.gcno:no functions found
[/mnt/host/source/src/platform/ec/build/zephyr/yavista-lcov] stderr:
[mtlrvpp_mchp:ro] [305/393] Building C object CMakeFiles/app.dir/mnt/host/source/src/platform/ec/build/zephyr/mtlrvpp_mchp/modules/ec/common/temp_sensor.c.obj
[mtlrvpp_mchp:ro] [306/393] Building C object CMakeFiles/app.dir/mnt/host/source/src/platform/ec/build/zephyr/mtlrvpp_mchp/modules/ec/common/thermal.c.obj
[mtlrvpp_mchp:rw] [339/393] Building C object CMakeFiles/app.dir/mnt/host/source/src/platform/ec/build/zephyr/mtlrvpp_mchp/modules/ec/driver/tcpm/ccgxxf.c.obj
[kodkod:rw] [292/382] Building C object CMakeFiles/app.dir/mnt/host/source/src/platform/ec/build/zephyr/kodkod/modules/ec/common/acpi.c.obj
[kodkod:rw] [293/382] Building C object CMakeFiles/app.dir/mnt/host/source/src/platform/ec/build/zephyr/kodkod/modules/ec/common/battery_info.c.obj
[kodkod:rw] [294/382] Building C object CMakeFiles/app.dir/mnt/host/source/src/platform/ec/build/zephyr/kodkod/modules/ec/common/battery.c.obj
[mtlrvpp_mchp:rw] [340/393] Building C object CMakeFiles/app.dir/mnt/host/source/src/platform/ec/build/zephyr/mtlrvpp_mchp/modules/ec/driver/tcpm/nct38xx.c.obj
[navi:ro] [56/379] Building C object zephyr/CMakeFiles/zephyr.dir/subsys/shell/modules/kernel_service/thread/list.c.obj
[mtlrvpp_mchp:ro] [307/393] Building C object CMakeFiles/app.dir/mnt/host/source/src/platform/ec/build/zephyr/mtlrvpp_mchp/modules/ec/driver/temp_sensor/thermistor.c.obj
[bloonchipper:ro] [53/519] Building C object zephyr/CMakeFiles/zephyr.dir/subsys/pm/device.c.obj
[kodkod:rw] [295/382] Building C object CMakeFiles/app.dir/mnt/host/source/src/platform/ec/build/zephyr/kodkod/modules/ec/common/battery_fuel_gauge.c.obj
[mtlrvpp_mchp:ro] [308/393] Building C object CMakeFiles/app.dir/mnt/host/source/src/platform/ec/build/zephyr/mtlrvpp_mchp/modules/ec/common/timer.c.obj
[mtlrvpp_mchp:rw] [341/393] Building C object CMakeFiles/app.dir/mnt/host/source/src/platform/ec/build/zephyr/mtlrvpp_mchp/modules/ec/driver/tcpm/tcpci.c.obj
[mtlrvpp_mchp:rw] [342/393] Building C object CMakeFiles/app.dir/mnt/host/source/src/platform/ec/build/zephyr/mtlrvpp_mchp/modules/ec/common/usbc_ppc.c.obj
[/mnt/host/source/src/platform/ec/build/zephyr/yavista-lcov]   /mnt/host/source/src/platform/ec/build/zephyr/yavista/build-rw/modules/ec/zephyr/CMakeFiles/ec_shim.dir/shim/src/usb_muxes.c.gcno:no functions found
[/mnt/host/source/src/platform/ec/build/zephyr/yavista-lcov] stderr:
[kodkod:rw] [296/382] Building C object CMakeFiles/app.dir/mnt/host/source/src/platform/ec/build/zephyr/kodkod/modules/ec/driver/battery/smart.c.obj
[mtlrvpp_mchp:ro] [309/393] Building C object CMakeFiles/app.dir/mnt/host/source/src/platform/ec/build/zephyr/mtlrvpp_mchp/modules/ec/common/typec_control.c.obj
[kodkod:rw] [297/382] Building C object CMakeFiles/app.dir/mnt/host/source/src/platform/ec/build/zephyr/kodkod/modules/ec/driver/charger/bq25710.c.obj
[mtlrvpp_mchp:rw] [343/393] Building C object CMakeFiles/app.dir/mnt/host/source/src/platform/ec/build/zephyr/mtlrvpp_mchp/modules/ec/driver/ppc/sn5s330.c.obj
[kodkod:rw] [298/382] Building C object CMakeFiles/app.dir/mnt/host/source/src/platform/ec/build/zephyr/kodkod/modules/ec/common/charger.c.obj
[mtlrvpp_mchp:ro] [310/393] Building C object CMakeFiles/app.dir/mnt/host/source/src/platform/ec/build/zephyr/mtlrvpp_mchp/modules/ec/common/usb_common.c.obj
[/mnt/host/source/src/platform/ec/build/zephyr/yavista-lcov]   /mnt/host/source/src/platform/ec/build/zephyr/yavista/build-rw/modules/ec/zephyr/CMakeFiles/ec_shim.dir/shim/src/usba.c.gcno:no functions found
[/mnt/host/source/src/platform/ec/build/zephyr/yavista-lcov] stderr:
[navi:ro] [57/379] Building C object zephyr/CMakeFiles/zephyr.dir/subsys/shell/modules/kernel_service/thread/stacks.c.obj
[mtlrvpp_mchp:rw] [344/393] Building C object CMakeFiles/app.dir/mnt/host/source/src/platform/ec/build/zephyr/mtlrvpp_mchp/modules/ec/common/vboot_hash.c.obj
[mtlrvpp_mchp:ro] [311/393] Building C object CMakeFiles/app.dir/mnt/host/source/src/platform/ec/build/zephyr/mtlrvpp_mchp/modules/ec/common/usb_pd_pdo.c.obj
[kodkod:rw] [299/382] Building C object CMakeFiles/app.dir/mnt/host/source/src/platform/ec/build/zephyr/kodkod/modules/ec/common/charge_state.c.obj
[mtlrvpp_mchp:ro] [312/393] Building C object CMakeFiles/app.dir/mnt/host/source/src/platform/ec/build/zephyr/mtlrvpp_mchp/modules/ec/common/usbc/usbc_task.c.obj
[mtlrvpp_mchp:rw] [345/393] Building C object CMakeFiles/app.dir/mnt/host/source/src/platform/ec/build/zephyr/mtlrvpp_mchp/modules/ec/common/button.c.obj
[kodkod:rw] [300/382] Building C object CMakeFiles/app.dir/mnt/host/source/src/platform/ec/build/zephyr/kodkod/modules/ec/common/cbi_common.c.obj
[bloonchipper:ro] [54/519] Building C object zephyr/CMakeFiles/zephyr.dir/subsys/pm/device_system_managed.c.obj
[mtlrvpp_mchp:rw] [346/393] Building C object CMakeFiles/app.dir/mnt/host/source/src/platform/ec/build/zephyr/mtlrvpp_mchp/modules/ec/common/vboot/efs2.c.obj
[mtlrvpp_mchp:ro] [313/393] Building C object CMakeFiles/app.dir/mnt/host/source/src/platform/ec/build/zephyr/mtlrvpp_mchp/modules/ec/common/usbc/usb_pd_timer.c.obj
[/mnt/host/source/src/platform/ec/build/zephyr/yavista-lcov]   /mnt/host/source/src/platform/ec/build/zephyr/yavista/build-rw/modules/ec/zephyr/CMakeFiles/ec_shim.dir/shim/src/keyscan.c.gcno:no functions found
[/mnt/host/source/src/platform/ec/build/zephyr/yavista-lcov] stderr:
[kodkod:rw] [301/382] Building C object CMakeFiles/app.dir/mnt/host/source/src/platform/ec/build/zephyr/kodkod/modules/ec/common/cbi.c.obj
[kodkod:rw] [302/382] Building C object CMakeFiles/app.dir/mnt/host/source/src/platform/ec/build/zephyr/kodkod/modules/ec/common/charge_manager.c.obj
[mtlrvpp_mchp:rw] [347/393] Building C object CMakeFiles/app.dir/mnt/host/source/src/platform/ec/build/zephyr/mtlrvpp_mchp/modules/ec/common/vstore.c.obj
[kodkod:rw] [303/382] Building C object CMakeFiles/app.dir/mnt/host/source/src/platform/ec/build/zephyr/kodkod/modules/ec/common/cbi_config.c.obj
[navi:ro] [58/379] Building C object zephyr/CMakeFiles/zephyr.dir/subsys/shell/modules/kernel_service/thread/unwind.c.obj
[mtlrvpp_mchp:ro] [314/393] Building C object CMakeFiles/app.dir/mnt/host/source/src/platform/ec/build/zephyr/mtlrvpp_mchp/modules/ec/common/usbc/usb_sm.c.obj
[mtlrvpp_mchp:rw] [348/393] Building C object CMakeFiles/app.dir/mnt/host/source/src/platform/ec/build/zephyr/mtlrvpp_mchp/modules/ec/common/math_util.c.obj
[mtlrvpp_mchp:ro] [315/393] Building C object CMakeFiles/app.dir/mnt/host/source/src/platform/ec/build/zephyr/mtlrvpp_mchp/modules/ec/common/usbc_intr_task.c.obj
[bloonchipper:ro] [55/519] Building C object zephyr/CMakeFiles/zephyr.dir/subsys/testsuite/coverage/coverage.c.obj
[mtlrvpp_mchp:ro] [316/393] Building C object CMakeFiles/app.dir/mnt/host/source/src/platform/ec/build/zephyr/mtlrvpp_mchp/modules/ec/common/usbc_utils.c.obj
[kodkod:rw] [304/382] Building C object CMakeFiles/app.dir/mnt/host/source/src/platform/ec/build/zephyr/kodkod/modules/ec/common/memory_commands.c.obj
[mtlrvpp_mchp:rw] [349/393] Building C object CMakeFiles/app.dir/src/intel_rvp_board_id.c.obj
[mtlrvpp_mchp:rw] [350/393] Building C object CMakeFiles/app.dir/src/intelrvp.c.obj
[mtlrvpp_mchp:ro] [317/393] Building C object CMakeFiles/app.dir/mnt/host/source/src/platform/ec/build/zephyr/mtlrvpp_mchp/modules/ec/common/usb_pd_flags.c.obj
[kodkod:rw] [305/382] Building C object CMakeFiles/app.dir/mnt/host/source/src/platform/ec/build/zephyr/kodkod/modules/ec/common/ap_reset_log.c.obj
[mtlrvpp_mchp:rw] [351/393] Building C object CMakeFiles/app.dir/mtlrvp/src/board_id.c.obj
[kodkod:rw] [306/382] Building C object CMakeFiles/app.dir/mnt/host/source/src/platform/ec/build/zephyr/kodkod/modules/ec/common/dptf.c.obj
[kodkod:rw] [307/382] Building C object CMakeFiles/app.dir/mnt/host/source/src/platform/ec/build/zephyr/kodkod/modules/ec/common/espi.c.obj
[navi:ro] [59/379] Building C object zephyr/CMakeFiles/zephyr.dir/subsys/shell/modules/kernel_service/thread/suspend.c.obj
[mtlrvpp_mchp:rw] [352/393] Building C object CMakeFiles/app.dir/mtlrvp/src/common.c.obj
[mtlrvpp_mchp:ro] [318/393] Building C object CMakeFiles/app.dir/mnt/host/source/src/platform/ec/build/zephyr/mtlrvpp_mchp/modules/ec/common/chargen.c.obj
[kodkod:rw] [308/382] Building C object CMakeFiles/app.dir/mnt/host/source/src/platform/ec/build/zephyr/kodkod/modules/ec/common/extpower_common.c.obj
[mtlrvpp_mchp:ro] [319/393] Building C object CMakeFiles/app.dir/mnt/host/source/src/platform/ec/build/zephyr/mtlrvpp_mchp/modules/ec/common/usbc/usb_pd_console.c.obj
[kodkod:rw] [309/382] Building C object CMakeFiles/app.dir/mnt/host/source/src/platform/ec/build/zephyr/kodkod/modules/ec/common/extpower_gpio.c.obj
[bloonchipper:ro] [56/519] Building C object zephyr/CMakeFiles/zephyr.dir/subsys/tracing/tracing_none.c.obj
[mtlrvpp_mchp:rw] [353/393] Building C object CMakeFiles/app.dir/mtlrvp/src/board_power.c.obj
[mtlrvpp_mchp:ro] [320/393] Building C object CMakeFiles/app.dir/mnt/host/source/src/platform/ec/build/zephyr/mtlrvpp_mchp/modules/ec/driver/retimer/bb_retimer.c.obj
[kodkod:rw] [310/382] Building C object CMakeFiles/app.dir/mnt/host/source/src/platform/ec/build/zephyr/kodkod/modules/ec/common/fan.c.obj
[mtlrvpp_mchp:rw] [354/393] Building C object CMakeFiles/app.dir/mtlrvp/src/tcpc.c.obj
[/mnt/host/source/src/platform/ec/build/zephyr/ciri-lcov]   /mnt/host/source/src/platform/ec/build/zephyr/ciri/build-rw/modules/ec/zephyr/CMakeFiles/ec_shim.dir/shim/src/chg_rt9490.c.gcno:no functions found
[/mnt/host/source/src/platform/ec/build/zephyr/ciri-lcov] stderr:
[kodkod:rw] [311/382] Building C object CMakeFiles/app.dir/mnt/host/source/src/platform/ec/build/zephyr/kodkod/modules/ec/common/flash.c.obj
[mtlrvpp_mchp:ro] [321/393] Building C object CMakeFiles/app.dir/mnt/host/source/src/platform/ec/build/zephyr/mtlrvpp_mchp/modules/ec/driver/usb_mux/usb_mux.c.obj
[mtlrvpp_mchp:rw] [355/393] Building C object CMakeFiles/app.dir/src/usb_pd_policy_mecc_1_1.c.obj
[navi:ro] [60/379] Building C object zephyr/CMakeFiles/zephyr.dir/subsys/shell/modules/kernel_service/thread/resume.c.obj
[mtlrvpp_mchp:rw] [356/393] Linking C static library modules/ec/zephyr/libec_shim.a
[kodkod:rw] [312/382] Building C object CMakeFiles/app.dir/mnt/host/source/src/platform/ec/build/zephyr/kodkod/modules/ec/common/host_command.c.obj
[mtlrvpp_mchp:rw] [357/393] Building C object CMakeFiles/app.dir/src/chg_usb_pd_mecc_1_1.c.obj
[kodkod:rw] [313/382] Building C object CMakeFiles/app.dir/mnt/host/source/src/platform/ec/build/zephyr/kodkod/modules/ec/common/host_event_commands.c.obj
[mtlrvpp_mchp:ro] [322/393] Building C object CMakeFiles/app.dir/mnt/host/source/src/platform/ec/build/zephyr/mtlrvpp_mchp/modules/ec/driver/usb_mux/virtual.c.obj
[kodkod:rw] [314/382] Building C object CMakeFiles/app.dir/mnt/host/source/src/platform/ec/build/zephyr/kodkod/modules/ec/common/host_command_task.c.obj
[bloonchipper:ro] [57/519] Building C object zephyr/CMakeFiles/zephyr.dir/subsys/shell/modules/kernel_service/kernel_shell.c.obj
[kodkod:rw] [315/382] Building C object CMakeFiles/app.dir/mnt/host/source/src/platform/ec/build/zephyr/kodkod/modules/ec/common/uart_hostcmd.c.obj
[mtlrvpp_mchp:rw] [358/393] Building C object CMakeFiles/app.dir/src/chg_usb_tcpc.c.obj
[kodkod:rw] [316/382] Building C object CMakeFiles/app.dir/mnt/host/source/src/platform/ec/build/zephyr/kodkod/modules/ec/common/uptime.c.obj
[mtlrvpp_mchp:ro] [323/393] Building C object CMakeFiles/app.dir/mnt/host/source/src/platform/ec/build/zephyr/mtlrvpp_mchp/modules/ec/common/usbc/usb_tc_drp_acc_trysrc_sm.c.obj
[navi:ro] [61/379] Building C object zephyr/CMakeFiles/zephyr.dir/subsys/shell/modules/kernel_service/thread/kill.c.obj
[mtlrvpp_mchp:ro] [324/393] Building C object CMakeFiles/app.dir/mnt/host/source/src/platform/ec/build/zephyr/mtlrvpp_mchp/modules/ec/common/usbc/usb_prl_sm.c.obj
[mtlrvpp_mchp:rw] [359/393] Building C object zephyr/kernel/CMakeFiles/kernel.dir/main_weak.c.obj
[mtlrvpp_mchp:rw] [360/393] Building C object CMakeFiles/app.dir/src/dc_jack.c.obj
[mtlrvpp_mchp:rw] [361/393] Building C object zephyr/kernel/CMakeFiles/kernel.dir/banner.c.obj
[kodkod:rw] [317/382] Building C object CMakeFiles/app.dir/mnt/host/source/src/platform/ec/build/zephyr/kodkod/modules/ec/common/i2c_controller.c.obj
[mtlrvpp_mchp:rw] [362/393] Linking C static library app/libapp.a
[kodkod:rw] [318/382] Building C object CMakeFiles/app.dir/mnt/host/source/src/platform/ec/build/zephyr/kodkod/modules/ec/common/i2c_passthru.c.obj
[bloonchipper:ro] [58/519] Building C object zephyr/CMakeFiles/zephyr.dir/subsys/shell/modules/kernel_service/cycles.c.obj
[/mnt/host/source/src/platform/ec/build/zephyr/yavista-lcov]   /mnt/host/source/src/platform/ec/build/zephyr/yavista/build-rw/modules/ec/zephyr/CMakeFiles/ec_shim.dir/shim/src/bc12.c.gcno:no functions found
[/mnt/host/source/src/platform/ec/build/zephyr/yavista-lcov] stderr:
[mtlrvpp_mchp:rw] [363/393] Building C object zephyr/kernel/CMakeFiles/kernel.dir/busy_wait.c.obj
[kodkod:rw] [319/382] Building C object CMakeFiles/app.dir/mnt/host/source/src/platform/ec/build/zephyr/kodkod/modules/ec/common/keyboard_8042.c.obj
[mtlrvpp_mchp:ro] [325/393] Building C object CMakeFiles/app.dir/mnt/host/source/src/platform/ec/build/zephyr/mtlrvpp_mchp/modules/ec/common/usbc/usb_pe_drp_sm.c.obj
[kodkod:rw] [320/382] Building C object CMakeFiles/app.dir/mnt/host/source/src/platform/ec/build/zephyr/kodkod/modules/ec/common/keyboard_8042_sharedlib.c.obj
[mtlrvpp_mchp:rw] [364/393] Building C object zephyr/kernel/CMakeFiles/kernel.dir/device.c.obj
[mtlrvpp_mchp:ro] [326/393] Building C object CMakeFiles/app.dir/mnt/host/source/src/platform/ec/build/zephyr/mtlrvpp_mchp/modules/ec/common/usbc/usb_pd_dpm.c.obj
[mtlrvpp_mchp:ro] [327/393] Building C object CMakeFiles/app.dir/mnt/host/source/src/platform/ec/build/zephyr/mtlrvpp_mchp/modules/ec/common/usbc/usbc_pd_policy.c.obj
[mtlrvpp_mchp:rw] [365/393] Building C object zephyr/kernel/CMakeFiles/kernel.dir/errno.c.obj
[kodkod:rw] [321/382] Building C object CMakeFiles/app.dir/mnt/host/source/src/platform/ec/build/zephyr/kodkod/modules/ec/common/mkbp_fifo.c.obj
[mtlrvpp_mchp:rw] [366/393] Building C object zephyr/kernel/CMakeFiles/kernel.dir/fatal.c.obj
[mtlrvpp_mchp:ro] [328/393] Building C object CMakeFiles/app.dir/mnt/host/source/src/platform/ec/build/zephyr/mtlrvpp_mchp/modules/ec/common/usbc/dp_alt_mode.c.obj
[navi:ro] [62/379] Building C object zephyr/CMakeFiles/zephyr.dir/subsys/shell/backends/shell_uart.c.obj
[kodkod:rw] [322/382] Building C object CMakeFiles/app.dir/mnt/host/source/src/platform/ec/build/zephyr/kodkod/modules/ec/common/mkbp_info.c.obj
[kodkod:rw] [323/382] Building C object CMakeFiles/app.dir/mnt/host/source/src/platform/ec/build/zephyr/kodkod/modules/ec/common/mkbp_input_devices.c.obj
[bloonchipper:ro] [59/519] Building C object zephyr/CMakeFiles/zephyr.dir/subsys/shell/modules/kernel_service/sleep.c.obj
[mtlrvpp_mchp:rw] [367/393] Building C object zephyr/kernel/CMakeFiles/kernel.dir/kheap.c.obj
[mtlrvpp_mchp:rw] [368/393] Building C object zephyr/kernel/CMakeFiles/kernel.dir/init.c.obj
[mtlrvpp_mchp:rw] [369/393] Building C object zephyr/kernel/CMakeFiles/kernel.dir/version.c.obj
[kodkod:rw] [324/382] Building C object CMakeFiles/app.dir/mnt/host/source/src/platform/ec/build/zephyr/kodkod/modules/ec/common/led_common.c.obj
[mtlrvpp_mchp:rw] [370/393] Building C object zephyr/kernel/CMakeFiles/kernel.dir/mem_slab.c.obj
[mtlrvpp_mchp:ro] [329/393] Building C object CMakeFiles/app.dir/mnt/host/source/src/platform/ec/build/zephyr/mtlrvpp_mchp/modules/ec/common/usbc/usb_mode.c.obj
[kodkod:rw] [325/382] Building C object CMakeFiles/app.dir/mnt/host/source/src/platform/ec/build/zephyr/kodkod/modules/ec/common/lid_switch.c.obj
[mtlrvpp_mchp:ro] [330/393] Building C object CMakeFiles/app.dir/mnt/host/source/src/platform/ec/build/zephyr/mtlrvpp_mchp/modules/ec/common/usbc/tbt_alt_mode.c.obj
[mtlrvpp_mchp:rw] [371/393] Building C object zephyr/kernel/CMakeFiles/kernel.dir/float.c.obj
[mtlrvpp_mchp:ro] [331/393] Building C object CMakeFiles/app.dir/mnt/host/source/src/platform/ec/build/zephyr/mtlrvpp_mchp/modules/ec/common/usbc/usb_retimer_fw_update.c.obj
[kodkod:rw] [326/382] Building C object CMakeFiles/app.dir/mnt/host/source/src/platform/ec/build/zephyr/kodkod/modules/ec/common/mkbp_event.c.obj
[kodkod:rw] [327/382] Building C object CMakeFiles/app.dir/mnt/host/source/src/platform/ec/build/zephyr/kodkod/modules/ec/common/port80.c.obj
[mtlrvpp_mchp:rw] [372/393] Building C object zephyr/kernel/CMakeFiles/kernel.dir/idle.c.obj
[kodkod:rw] [328/382] Building C object CMakeFiles/app.dir/mnt/host/source/src/platform/ec/build/zephyr/kodkod/modules/ec/common/power_button.c.obj
[mtlrvpp_mchp:rw] [373/393] Building C object zephyr/kernel/CMakeFiles/kernel.dir/mailbox.c.obj
[mtlrvpp_mchp:ro] [332/393] Building C object CMakeFiles/app.dir/mnt/host/source/src/platform/ec/build/zephyr/mtlrvpp_mchp/modules/ec/common/usb_pd_console_cmd.c.obj
[navi:ro] [63/379] Building C object zephyr/CMakeFiles/zephyr.dir/subsys/shell/shell.c.obj
[mtlrvpp_mchp:rw] [374/393] Building C object zephyr/kernel/CMakeFiles/kernel.dir/msg_q.c.obj
[kodkod:rw] [329/382] Building C object CMakeFiles/app.dir/mnt/host/source/src/platform/ec/build/zephyr/kodkod/modules/ec/power/hibernate.c.obj
[bloonchipper:ro] [60/519] Building C object zephyr/CMakeFiles/zephyr.dir/subsys/shell/modules/kernel_service/uptime.c.obj
[mtlrvpp_mchp:rw] [375/393] Building C object zephyr/kernel/CMakeFiles/kernel.dir/mutex.c.obj
[mtlrvpp_mchp:ro] [333/393] Building C object CMakeFiles/app.dir/mnt/host/source/src/platform/ec/build/zephyr/mtlrvpp_mchp/modules/ec/common/usb_pd_host_cmd.c.obj
[kodkod:rw] [330/382] Building C object CMakeFiles/app.dir/mnt/host/source/src/platform/ec/build/zephyr/kodkod/modules/ec/common/panic_output.c.obj
[mtlrvpp_mchp:ro] [334/393] Building C object CMakeFiles/app.dir/mnt/host/source/src/platform/ec/build/zephyr/mtlrvpp_mchp/modules/ec/common/usbc/usb_pd_host.c.obj
[kodkod:rw] [331/382] Building C object CMakeFiles/app.dir/mnt/host/source/src/platform/ec/build/zephyr/kodkod/modules/ec/common/shared_mem.c.obj
[mtlrvpp_mchp:rw] [376/393] Building C object zephyr/kernel/CMakeFiles/kernel.dir/queue.c.obj
[mtlrvpp_mchp:ro] [335/393] Building C object CMakeFiles/app.dir/mnt/host/source/src/platform/ec/build/zephyr/mtlrvpp_mchp/modules/ec/zephyr/shim/src/tcpc.c.obj
[mtlrvpp_mchp:rw] [377/393] Building C object zephyr/kernel/CMakeFiles/kernel.dir/sem.c.obj
[kodkod:rw] [332/382] Building C object CMakeFiles/app.dir/mnt/host/source/src/platform/ec/build/zephyr/kodkod/modules/ec/common/switch.c.obj
[mtlrvpp_mchp:rw] [378/393] Building C object zephyr/kernel/CMakeFiles/kernel.dir/stack.c.obj
[kodkod:rw] [333/382] Building C object CMakeFiles/app.dir/mnt/host/source/src/platform/ec/build/zephyr/kodkod/modules/ec/common/spi_flash_reg.c.obj
[navi:ro] [64/379] Building C object zephyr/CMakeFiles/zephyr.dir/subsys/shell/shell_fprintf.c.obj
[mtlrvpp_mchp:rw] [379/393] Building C object zephyr/kernel/CMakeFiles/kernel.dir/system_work_q.c.obj
[mtlrvpp_mchp:ro] [336/393] Building C object CMakeFiles/app.dir/mnt/host/source/src/platform/ec/build/zephyr/mtlrvpp_mchp/modules/ec/common/usb_pd_host_cmd_common.c.obj
[bloonchipper:ro] [61/519] Building C object zephyr/CMakeFiles/zephyr.dir/subsys/shell/modules/kernel_service/version.c.obj
[kodkod:rw] [334/382] Building C object CMakeFiles/app.dir/mnt/host/source/src/platform/ec/build/zephyr/kodkod/modules/ec/common/temp_sensor.c.obj
[kodkod:rw] [335/382] Building C object CMakeFiles/app.dir/mnt/host/source/src/platform/ec/build/zephyr/kodkod/modules/ec/common/thermal.c.obj
[mtlrvpp_mchp:rw] [380/393] Building C object zephyr/kernel/CMakeFiles/kernel.dir/condvar.c.obj
[kodkod:rw] [336/382] Building C object CMakeFiles/app.dir/mnt/host/source/src/platform/ec/build/zephyr/kodkod/modules/ec/driver/temp_sensor/thermistor.c.obj
[mtlrvpp_mchp:rw] [381/393] Building C object zephyr/kernel/CMakeFiles/kernel.dir/work.c.obj
[mtlrvpp_mchp:ro] [337/393] Building C object CMakeFiles/app.dir/mnt/host/source/src/platform/ec/build/zephyr/mtlrvpp_mchp/modules/ec/common/usb_pd_discovery.c.obj
[mtlrvpp_mchp:ro] [338/393] Building C object CMakeFiles/app.dir/mnt/host/source/src/platform/ec/build/zephyr/mtlrvpp_mchp/modules/ec/common/usbc_ocp.c.obj
[mtlrvpp_mchp:ro] [339/393] Building C object CMakeFiles/app.dir/mnt/host/source/src/platform/ec/build/zephyr/mtlrvpp_mchp/modules/ec/common/usb_pd_dual_role.c.obj
[mtlrvpp_mchp:rw] [382/393] Building C object zephyr/kernel/CMakeFiles/kernel.dir/thread.c.obj
[kodkod:rw] [337/382] Building C object CMakeFiles/app.dir/mnt/host/source/src/platform/ec/build/zephyr/kodkod/modules/ec/common/timer.c.obj
[navi:ro] [65/379] Building C object zephyr/CMakeFiles/zephyr.dir/subsys/shell/shell_utils.c.obj
[bloonchipper:ro] [62/519] Building C object zephyr/CMakeFiles/zephyr.dir/subsys/shell/modules/kernel_service/reboot.c.obj
[mtlrvpp_mchp:rw] [383/393] Building C object zephyr/kernel/CMakeFiles/kernel.dir/sched.c.obj
[kodkod:rw] [338/382] Building C object CMakeFiles/app.dir/mnt/host/source/src/platform/ec/build/zephyr/kodkod/modules/ec/common/usb_port_power_dumb.c.obj
[mtlrvpp_mchp:rw] [384/393] Building C object zephyr/kernel/CMakeFiles/kernel.dir/spinlock_validate.c.obj
[kodkod:rw] [339/382] Building C object CMakeFiles/app.dir/mnt/host/source/src/platform/ec/build/zephyr/kodkod/modules/ec/common/usbc_utils.c.obj
[mtlrvpp_mchp:ro] [340/393] Building C object CMakeFiles/app.dir/mnt/host/source/src/platform/ec/build/zephyr/mtlrvpp_mchp/modules/ec/driver/tcpm/ccgxxf.c.obj
[mtlrvpp_mchp:rw] [385/393] Building C object zephyr/kernel/CMakeFiles/kernel.dir/pipe.c.obj
[kodkod:rw] [340/382] Building C object CMakeFiles/app.dir/mnt/host/source/src/platform/ec/build/zephyr/kodkod/modules/ec/common/usb_common.c.obj
[mtlrvpp_mchp:rw] [386/393] Building C object zephyr/kernel/CMakeFiles/kernel.dir/thread_monitor.c.obj
[kodkod:rw] [341/382] Building C object CMakeFiles/app.dir/mnt/host/source/src/platform/ec/build/zephyr/kodkod/modules/ec/common/usb_pd_host_cmd_common.c.obj
[mtlrvpp_mchp:ro] [341/393] Building C object CMakeFiles/app.dir/mnt/host/source/src/platform/ec/build/zephyr/mtlrvpp_mchp/modules/ec/driver/tcpm/nct38xx.c.obj
[mtlrvpp_mchp:ro] [342/393] Building C object CMakeFiles/app.dir/mnt/host/source/src/platform/ec/build/zephyr/mtlrvpp_mchp/modules/ec/common/usbc_ppc.c.obj
[navi:ro] [66/379] Building C object zephyr/CMakeFiles/zephyr.dir/subsys/shell/shell_ops.c.obj
[mtlrvpp_mchp:ro] [343/393] Building C object CMakeFiles/app.dir/mnt/host/source/src/platform/ec/build/zephyr/mtlrvpp_mchp/modules/ec/driver/tcpm/tcpci.c.obj
[kodkod:rw] [342/382] Building C object CMakeFiles/app.dir/mnt/host/source/src/platform/ec/build/zephyr/kodkod/modules/ec/common/vboot_hash.c.obj
[mtlrvpp_mchp:rw] [387/393] Building C object zephyr/kernel/CMakeFiles/kernel.dir/timeout.c.obj
[mtlrvpp_mchp:rw] [388/393] Building C object zephyr/kernel/CMakeFiles/kernel.dir/timer.c.obj
[bloonchipper:ro] [63/519] Building C object zephyr/CMakeFiles/zephyr.dir/subsys/shell/backends/shell_uart.c.obj
[kodkod:rw] [343/382] Building C object CMakeFiles/app.dir/mnt/host/source/src/platform/ec/build/zephyr/kodkod/modules/ec/common/button.c.obj
[kodkod:rw] [344/382] Building C object CMakeFiles/app.dir/mnt/host/source/src/platform/ec/build/zephyr/kodkod/modules/ec/common/vstore.c.obj
[mtlrvpp_mchp:rw] [389/393] Building C object zephyr/kernel/CMakeFiles/kernel.dir/poll.c.obj
[kodkod:rw] [345/382] Building C object CMakeFiles/app.dir/mnt/host/source/src/platform/ec/build/zephyr/kodkod/modules/ec/common/math_util.c.obj
[mtlrvpp_mchp:rw] [390/393] Building C object zephyr/kernel/CMakeFiles/kernel.dir/events.c.obj
[mtlrvpp_mchp:ro] [344/393] Building C object CMakeFiles/app.dir/mnt/host/source/src/platform/ec/build/zephyr/mtlrvpp_mchp/modules/ec/driver/ppc/sn5s330.c.obj
[kodkod:rw] [346/382] Linking C static library modules/ec/zephyr/libec_shim.a
[mtlrvpp_mchp:ro] [345/393] Building C object CMakeFiles/app.dir/mnt/host/source/src/platform/ec/build/zephyr/mtlrvpp_mchp/modules/ec/common/vboot_hash.c.obj
[kodkod:rw] [347/382] Building C object CMakeFiles/app.dir/kodkod/src/board_power.c.obj
[felino:rw] Building: /usr/bin/ninja -C /mnt/host/source/src/platform/ec/build/zephyr/felino/build-rw all.libraries
Running `env -i SHELL=/bin/bash COLORTERM=truecolor DEPOT_TOOLS_UPDATE=0 LESS='-R -M --shift 5' SUDO_GID=0 JDK_HOME=/etc/java-config-2/current-system-vm CONFIG_PROTECT_MASK='/etc/gentoo-release /etc/sandbox.d /etc/fonts/fonts.conf /etc/terminfo /etc/ca-certificates.conf /etc/revdep-rebuild' CHROMEOS_CACHEDIR=/var/cache/chromeos-cache JAVA_HOME=/etc/java-config-2/current-system-vm SSH_AUTH_SOCK=/tmp/ssh-auth-sock SUDO_COMMAND=/bin/bash SUDO_USER=root SUDO_TTY=/dev/pts/2 EDITOR=/usr/bin/vi PWD=/mnt/host/source/src/platform/ec CONFIG_PROTECT=/usr/share/gnupg/qualified.txt LOGNAME=jpmurphy MANPATH=/etc/java-config-2/current-system-vm/man:/usr/local/share/man:/usr/share/man:/usr/share/gcc-data/x86_64-pc-linux-gnu/10.2.0/man:/usr/share/binutils-data/x86_64-pc-linux-gnu/2.45/man:/etc/java-config-2/current-system-vm/man/ SUDO_HOME=/root XAUTHORITY=/run/user/944457/gdm/Xauthority HOME=/home/jpmurphy LANG=C.UTF-8 LS_COLORS='rs=0:di=01;34:ln=01;36:mh=00:pi=40;33:so=01;35:do=01;35:bd=40;33;01:cd=40;33;01:or=01;05;37;41:mi=01;05;37;41:su=37;41:sg=30;43:ca=30;41:tw=30;42:ow=34;42:st=37;44:ex=01;32:*.tar=01;31:*.tgz=01;31:*.arc=01;31:*.arj=01;31:*.taz=01;31:*.lha=01;31:*.lz4=01;31:*.lzh=01;31:*.lzma=01;31:*.tlz=01;31:*.txz=01;31:*.tzo=01;31:*.t7z=01;31:*.zip=01;31:*.z=01;31:*.dz=01;31:*.gz=01;31:*.lrz=01;31:*.lz=01;31:*.lzo=01;31:*.xz=01;31:*.zst=01;31:*.tzst=01;31:*.bz2=01;31:*.bz=01;31:*.tbz=01;31:*.tbz2=01;31:*.tz=01;31:*.deb=01;31:*.rpm=01;31:*.jar=01;31:*.war=01;31:*.ear=01;31:*.sar=01;31:*.rar=01;31:*.alz=01;31:*.ace=01;31:*.zoo=01;31:*.cpio=01;31:*.7z=01;31:*.rz=01;31:*.cab=01;31:*.wim=01;31:*.swm=01;31:*.dwm=01;31:*.esd=01;31:*.jpg=01;35:*.jpeg=01;35:*.mjpg=01;35:*.mjpeg=01;35:*.gif=01;35:*.bmp=01;35:*.pbm=01;35:*.pgm=01;35:*.ppm=01;35:*.tga=01;35:*.xbm=01;35:*.xpm=01;35:*.tif=01;35:*.tiff=01;35:*.png=01;35:*.svg=01;35:*.svgz=01;35:*.mng=01;35:*.pcx=01;35:*.mov=01;35:*.mpg=01;35:*.mpeg=01;35:*.m2v=01;35:*.mkv=01;35:*.webm=01;35:*.webp=01;35:*.ogm=01;35:*.mp4=01;35:*.m4v=01;35:*.mp4v=01;35:*.vob=01;35:*.qt=01;35:*.nuv=01;35:*.wmv=01;35:*.asf=01;35:*.rm=01;35:*.rmvb=01;35:*.flc=01;35:*.avi=01;35:*.fli=01;35:*.flv=01;35:*.gl=01;35:*.dl=01;35:*.xcf=01;35:*.xwd=01;35:*.yuv=01;35:*.cgm=01;35:*.emf=01;35:*.ogv=01;35:*.ogx=01;35:*.cfg=00;32:*.conf=00;32:*.diff=00;32:*.doc=00;32:*.ini=00;32:*.log=00;32:*.patch=00;32:*.pdf=00;32:*.ps=00;32:*.tex=00;32:*.txt=00;32:*.aac=00;36:*.au=00;36:*.flac=00;36:*.m4a=00;36:*.mid=00;36:*.midi=00;36:*.mka=00;36:*.mp3=00;36:*.mpc=00;36:*.ogg=00;36:*.ra=00;36:*.wav=00;36:*.oga=00;36:*.opus=00;36:*.spx=00;36:*.xspf=00;36:' XDG_CURRENT_DESKTOP=GNOME INFOPATH=/usr/share/info:/usr/share/gcc-data/x86_64-pc-linux-gnu/10.2.0/info:/usr/share/binutils-data/x86_64-pc-linux-gnu/2.45/info:/usr/share/automake-1.16.5/info JAVAC=/etc/java-config-2/current-system-vm/bin/javac TERM=xterm-256color LESSOPEN='|lesspipe %s' USER=jpmurphy CROS_WORKON_SRCROOT=/mnt/host/source MANPAGER=manpager DISPLAY=:1 SHLVL=1 LC_MESSAGES=C EXTERNAL_TRUNK_PATH=/mnt/8f9d649a-3721-44cc-93c0-e6bd21a9689f/chromiumos GCC_SPECS='' PATH=/mnt/host/source/chromite/bin:/usr/local/bin:/usr/bin:/bin:/opt/bin:/mnt/host/source/chromite/sdk/bin:/mnt/host/source/chromite/bin PORTAGE_USERNAME=jpmurphy SUDO_UID=0 GCC_VER=10.2.0 MAIL=/var/mail/jpmurphy OLDPWD=/mnt/host/source/src/scripts traceparent=00-e87aca51550a78635907baa6a2476181-6d684811675d2973-01 _=./zephyr/firmware_builder.py COREBOOT_SDK_ROOT_x86=/home/jpmurphy/.cache/coreboot-sdk/i386-elf/dfbb0486385d938cfa9d73080b9d18d598ed4f49 COREBOOT_SDK_ROOT_picolibc_x86=/home/jpmurphy/.cache/coreboot-sdk/picolibc-i386-elf/eb8e8e687b95461de8cbf278f1c2076952d0ad17 COREBOOT_SDK_ROOT_riscv64=/home/jpmurphy/.cache/coreboot-sdk/riscv64-elf/96b949749225b6aaa92ed810ab769e8dfb12f000 COREBOOT_SDK_ROOT_picolibc_arm=/home/jpmurphy/.cache/coreboot-sdk/picolibc-arm-eabi/422a2aa3e1ef891b5bece9a3deb696ff83840d2e COREBOOT_SDK_ROOT_nds32=/home/jpmurphy/.cache/coreboot-sdk/nds32le-elf/d1a518c4a097666d86058e1444f85ca015d15511 COREBOOT_SDK_ROOT_picolibc_riscv64=/home/jpmurphy/.cache/coreboot-sdk/picolibc-riscv64-elf/f571e990ef0278564b31124f8bb109d9a697eb69 COREBOOT_SDK_ROOT_arm=/home/jpmurphy/.cache/coreboot-sdk/arm-eabi/ea40ddd1d190c3b48435c474c0b545719371813a COREBOOT_SDK_ROOT_libstdcxx_riscv64=/home/jpmurphy/.cache/coreboot-sdk/libstdcxx-riscv64-elf/17abf22a3a252e2d5d2062ced5324f7a623689e0 COREBOOT_SDK_ROOT_libstdcxx_arm=/home/jpmurphy/.cache/coreboot-sdk/libstdcxx-arm-eabi/5d7d82e150e44aa1968f1d366e267e6687b328ac COREBOOT_SDK_ROOT_riscv=/home/jpmurphy/.cache/coreboot-sdk/riscv-elf/9a27b9e82341c6e9126624f516ab3f261abb3e73 COREBOOT_SDK_ROOT_libstdcxx_x86=/home/jpmurphy/.cache/coreboot-sdk/libstdcxx-i386-elf/42ef9d2e87a76a37963175d7d428734e65648b87 PYTHONPATH=/mnt/host/source/src/platform/ec/zephyr/zmake PW_PIGWEED_CIPD_INSTALL_DIR=/usr CROSTC_USER_ACKNOWLEDGES_THAT_RISCV_IS_EXPERIMENTAL=1 MAKEFLAGS=' -j16 --jobserver-auth=5,6' /usr/bin/ninja -C /mnt/host/source/src/platform/ec/build/zephyr/felino/build-rw all.libraries`
[mtlrvpp_mchp:rw] [391/393] Building C object zephyr/kernel/CMakeFiles/kernel.dir/mempool.c.obj
[felino:rw] ninja: Entering directory `/mnt/host/source/src/platform/ec/build/zephyr/felino/build-rw'
[navi:ro] [67/379] Building C object zephyr/CMakeFiles/zephyr.dir/subsys/shell/shell_help.c.obj
[mtlrvpp_mchp:rw] [392/393] Building C object zephyr/kernel/CMakeFiles/kernel.dir/dynamic_disabled.c.obj
[kodkod:rw] [348/382] Building C object CMakeFiles/app.dir/kodkod/src/keyboard_customization.c.obj
[mtlrvpp_mchp:rw] [393/393] Linking C static library zephyr/kernel/libkernel.a
[bloonchipper:ro] [64/519] Building C object zephyr/CMakeFiles/zephyr.dir/subsys/shell/shell.c.obj
[kodkod:rw] [349/382] Building C object CMakeFiles/app.dir/kodkod/src/suspend_resume.c.obj
[mtlrvpp_mchp:ro] [346/393] Building C object CMakeFiles/app.dir/mnt/host/source/src/platform/ec/build/zephyr/mtlrvpp_mchp/modules/ec/common/button.c.obj
[kodkod:rw] [350/382] Building C object zephyr/kernel/CMakeFiles/kernel.dir/banner.c.obj
[mtlrvpp_mchp:ro] [347/393] Building C object CMakeFiles/app.dir/mnt/host/source/src/platform/ec/build/zephyr/mtlrvpp_mchp/modules/ec/common/vboot/efs2.c.obj
[kodkod:rw] [351/382] Linking C static library app/libapp.a
[mtlrvpp_mchp:ro] [348/393] Building C object CMakeFiles/app.dir/mnt/host/source/src/platform/ec/build/zephyr/mtlrvpp_mchp/modules/ec/common/math_util.c.obj
[kodkod:rw] [352/382] Building C object zephyr/kernel/CMakeFiles/kernel.dir/busy_wait.c.obj
[felino:rw] [1/372] Generating include/generated/zephyr/version.h
[felino:rw] -- git describe warned: warning: tag 'upstream/v2.7.99' is externally known as 'v2.7.99'
[felino:rw] -- Zephyr version: 4.3.99 (/mnt/host/source/src/third_party/zephyr/main)
[felino:rw] [2/372] Preparing syscall dependency handling
[mtlrvpp_mchp:ro] [349/393] Building C object CMakeFiles/app.dir/mnt/host/source/src/platform/ec/build/zephyr/mtlrvpp_mchp/modules/ec/common/vstore.c.obj
[felino:rw] [3/372] Generating misc/generated/syscalls_subdirs.trigger
[navi:ro] [68/379] Building C object zephyr/CMakeFiles/zephyr.dir/subsys/shell/shell_history.c.obj
[kodkod:rw] [353/382] Building C object zephyr/kernel/CMakeFiles/kernel.dir/device.c.obj
[mtlrvpp_mchp:ro] [350/393] Building C object CMakeFiles/app.dir/src/intelrvp.c.obj
[kodkod:rw] [354/382] Building C object zephyr/kernel/CMakeFiles/kernel.dir/errno.c.obj
[navi:ro] [69/379] Building C object zephyr/CMakeFiles/zephyr.dir/drivers/flash/flash_util.c.obj
[mtlrvpp_mchp:ro] [351/393] Building C object CMakeFiles/app.dir/src/intel_rvp_board_id.c.obj
[kodkod:rw] [355/382] Building C object zephyr/kernel/CMakeFiles/kernel.dir/fatal.c.obj
[navi:ro] [70/379] Linking C static library zephyr/libzephyr.a
[kodkod:rw] [356/382] Building C object zephyr/kernel/CMakeFiles/kernel.dir/version.c.obj
[kodkod:rw] [357/382] Building C object zephyr/kernel/CMakeFiles/kernel.dir/init.c.obj
[bloonchipper:ro] [65/519] Building C object zephyr/CMakeFiles/zephyr.dir/subsys/shell/shell_fprintf.c.obj
[kodkod:rw] [358/382] Building C object zephyr/kernel/CMakeFiles/kernel.dir/kheap.c.obj
[mtlrvpp_mchp:ro] [352/393] Building C object CMakeFiles/app.dir/mtlrvp/src/board_id.c.obj
[mtlrvpp_mchp:ro] [353/393] Building C object CMakeFiles/app.dir/mtlrvp/src/common.c.obj
[kodkod:rw] [359/382] Building C object zephyr/kernel/CMakeFiles/kernel.dir/float.c.obj
[navi:ro] [71/379] Building C object zephyr/arch/common/CMakeFiles/arch__common.dir/sw_isr_common.c.obj
[kodkod:rw] [360/382] Building C object zephyr/kernel/CMakeFiles/kernel.dir/mem_slab.c.obj
[mtlrvpp_mchp:ro] [354/393] Building C object CMakeFiles/app.dir/mtlrvp/src/board_power.c.obj
[felino:rw] [4/372] Generating misc/generated/syscalls.json, misc/generated/struct_tags.json
[navi:ro] [72/379] Building C object zephyr/arch/common/CMakeFiles/arch__common.dir/dynamic_isr.c.obj
[kodkod:rw] [361/382] Building C object zephyr/kernel/CMakeFiles/kernel.dir/idle.c.obj
[kodkod:rw] [362/382] Building C object zephyr/kernel/CMakeFiles/kernel.dir/mailbox.c.obj
[felino:rw] [5/372] Generating include/generated/zephyr/syscall_dispatch.c, include/generated/zephyr/syscall_exports_llext.c, syscall_weakdefs_llext.c, include/generated/zephyr/syscall_list.h
[mtlrvpp_mchp:ro] [355/393] Building C object CMakeFiles/app.dir/mtlrvp/src/tcpc.c.obj
[kodkod:rw] [363/382] Building C object zephyr/kernel/CMakeFiles/kernel.dir/msg_q.c.obj
[mtlrvpp_mchp:ro] [356/393] Building C object CMakeFiles/app.dir/src/usb_pd_policy_mecc_1_1.c.obj
[mtlrvpp_mchp:ro] [357/393] Linking C static library modules/ec/zephyr/libec_shim.a
[navi:ro] [73/379] Building C object zephyr/arch/common/CMakeFiles/arch__common.dir/init.c.obj
[kodkod:rw] [364/382] Building C object zephyr/kernel/CMakeFiles/kernel.dir/mutex.c.obj
[felino:rw] [6/372] Generating include/generated/zephyr/driver-validation.h
[bloonchipper:ro] [66/519] Building C object zephyr/CMakeFiles/zephyr.dir/subsys/shell/shell_utils.c.obj
[kodkod:rw] [365/382] Building C object zephyr/kernel/CMakeFiles/kernel.dir/queue.c.obj
[felino:rw] [7/372] Generating include/generated/zephyr/kobj-types-enum.h, include/generated/zephyr/otype-to-str.h, include/generated/zephyr/otype-to-size.h
[felino:rw] [8/372] Generating include/generated/device-api-sections.ld, include/generated/device-api-sections.cmake
[mtlrvpp_mchp:ro] [358/393] Building C object CMakeFiles/app.dir/src/chg_usb_pd_mecc_1_1.c.obj
[kodkod:rw] [366/382] Building C object zephyr/kernel/CMakeFiles/kernel.dir/sem.c.obj
[kodkod:rw] [367/382] Building C object zephyr/kernel/CMakeFiles/kernel.dir/stack.c.obj
[navi:ro] [74/379] Building C object zephyr/arch/common/CMakeFiles/arch__common.dir/xip.c.obj
[mtlrvpp_mchp:ro] [359/393] Building C object CMakeFiles/app.dir/src/chg_usb_tcpc.c.obj
[kodkod:rw] [368/382] Building C object zephyr/kernel/CMakeFiles/kernel.dir/system_work_q.c.obj
[navi:ro] [75/379] Building C object zephyr/arch/common/CMakeFiles/isr_tables.dir/isr_tables.c.obj
[mtlrvpp_mchp:ro] [360/393] Building C object zephyr/kernel/CMakeFiles/kernel.dir/banner.c.obj
[navi:ro] [76/379] Linking C static library zephyr/arch/common/libisr_tables.a
[mtlrvpp_mchp:ro] [361/393] Building C object zephyr/kernel/CMakeFiles/kernel.dir/busy_wait.c.obj
[mtlrvpp_mchp:ro] [362/393] Building C object CMakeFiles/app.dir/src/dc_jack.c.obj
[navi:ro] [77/379] Linking C static library zephyr/arch/common/libarch__common.a
[kodkod:rw] [369/382] Building C object zephyr/kernel/CMakeFiles/kernel.dir/condvar.c.obj
[kodkod:rw] [370/382] Building C object zephyr/kernel/CMakeFiles/kernel.dir/work.c.obj
[mtlrvpp_mchp:ro] [363/393] Linking C static library app/libapp.a
[felino:rw] [9/372] Building C object zephyr/CMakeFiles/offsets.dir/arch/riscv/core/offsets/offsets.c.obj
[mtlrvpp_mchp:ro] [364/393] Building C object zephyr/kernel/CMakeFiles/kernel.dir/device.c.obj
[navi:ro] [78/379] Building C object zephyr/arch/arch/riscv/core/CMakeFiles/arch__riscv__core.dir/cpu_idle.c.obj
[kodkod:rw] [371/382] Building C object zephyr/kernel/CMakeFiles/kernel.dir/pipe.c.obj
[bloonchipper:ro] [67/519] Building C object zephyr/CMakeFiles/zephyr.dir/subsys/shell/shell_ops.c.obj
[mtlrvpp_mchp:ro] [365/393] Building C object zephyr/kernel/CMakeFiles/kernel.dir/errno.c.obj
[kodkod:rw] [372/382] Building C object zephyr/kernel/CMakeFiles/kernel.dir/thread.c.obj
[felino:rw] [10/372] Generating include/generated/zephyr/offsets.h
[kodkod:rw] [373/382] Building C object zephyr/kernel/CMakeFiles/kernel.dir/sched.c.obj
[kodkod:rw] [374/382] Building C object zephyr/kernel/CMakeFiles/kernel.dir/spinlock_validate.c.obj
[kodkod:rw] [375/382] Building C object zephyr/kernel/CMakeFiles/kernel.dir/thread_monitor.c.obj
[mtlrvpp_mchp:ro] [366/393] Building C object zephyr/kernel/CMakeFiles/kernel.dir/fatal.c.obj
[navi:ro] [79/379] Building C object zephyr/arch/arch/riscv/core/CMakeFiles/arch__riscv__core.dir/fatal.c.obj
[mtlrvpp_mchp:ro] [367/393] Building C object zephyr/kernel/CMakeFiles/kernel.dir/init.c.obj
[mtlrvpp_mchp:ro] [368/393] Building C object zephyr/kernel/CMakeFiles/kernel.dir/version.c.obj
[mtlrvpp_mchp:ro] [369/393] Building C object zephyr/kernel/CMakeFiles/kernel.dir/kheap.c.obj
[kodkod:rw] [376/382] Building C object zephyr/kernel/CMakeFiles/kernel.dir/timeout.c.obj
[mtlrvpp_mchp:ro] [370/393] Building C object zephyr/kernel/CMakeFiles/kernel.dir/float.c.obj
[navi:ro] [80/379] Building C object zephyr/arch/arch/riscv/core/CMakeFiles/arch__riscv__core.dir/prep_c.c.obj
[navi:ro] [81/379] Building C object zephyr/arch/arch/riscv/core/CMakeFiles/arch__riscv__core.dir/irq_manage.c.obj
[mtlrvpp_mchp:ro] [371/393] Building C object zephyr/kernel/CMakeFiles/kernel.dir/mem_slab.c.obj
[felino:rw] [11/372] Building C object zephyr/CMakeFiles/zephyr.dir/lib/libc/validate_libc.c.obj
[kodkod:rw] [377/382] Building C object zephyr/kernel/CMakeFiles/kernel.dir/timer.c.obj
[kodkod:rw] [378/382] Building C object zephyr/kernel/CMakeFiles/kernel.dir/events.c.obj
[kodkod:rw] [379/382] Building C object zephyr/kernel/CMakeFiles/kernel.dir/poll.c.obj
[felino:ro] Building: /usr/bin/ninja -C /mnt/host/source/src/platform/ec/build/zephyr/felino/build-ro all.libraries
Running `env -i SHELL=/bin/bash COLORTERM=truecolor DEPOT_TOOLS_UPDATE=0 LESS='-R -M --shift 5' SUDO_GID=0 JDK_HOME=/etc/java-config-2/current-system-vm CONFIG_PROTECT_MASK='/etc/gentoo-release /etc/sandbox.d /etc/fonts/fonts.conf /etc/terminfo /etc/ca-certificates.conf /etc/revdep-rebuild' CHROMEOS_CACHEDIR=/var/cache/chromeos-cache JAVA_HOME=/etc/java-config-2/current-system-vm SSH_AUTH_SOCK=/tmp/ssh-auth-sock SUDO_COMMAND=/bin/bash SUDO_USER=root SUDO_TTY=/dev/pts/2 EDITOR=/usr/bin/vi PWD=/mnt/host/source/src/platform/ec CONFIG_PROTECT=/usr/share/gnupg/qualified.txt LOGNAME=jpmurphy MANPATH=/etc/java-config-2/current-system-vm/man:/usr/local/share/man:/usr/share/man:/usr/share/gcc-data/x86_64-pc-linux-gnu/10.2.0/man:/usr/share/binutils-data/x86_64-pc-linux-gnu/2.45/man:/etc/java-config-2/current-system-vm/man/ SUDO_HOME=/root XAUTHORITY=/run/user/944457/gdm/Xauthority HOME=/home/jpmurphy LANG=C.UTF-8 LS_COLORS='rs=0:di=01;34:ln=01;36:mh=00:pi=40;33:so=01;35:do=01;35:bd=40;33;01:cd=40;33;01:or=01;05;37;41:mi=01;05;37;41:su=37;41:sg=30;43:ca=30;41:tw=30;42:ow=34;42:st=37;44:ex=01;32:*.tar=01;31:*.tgz=01;31:*.arc=01;31:*.arj=01;31:*.taz=01;31:*.lha=01;31:*.lz4=01;31:*.lzh=01;31:*.lzma=01;31:*.tlz=01;31:*.txz=01;31:*.tzo=01;31:*.t7z=01;31:*.zip=01;31:*.z=01;31:*.dz=01;31:*.gz=01;31:*.lrz=01;31:*.lz=01;31:*.lzo=01;31:*.xz=01;31:*.zst=01;31:*.tzst=01;31:*.bz2=01;31:*.bz=01;31:*.tbz=01;31:*.tbz2=01;31:*.tz=01;31:*.deb=01;31:*.rpm=01;31:*.jar=01;31:*.war=01;31:*.ear=01;31:*.sar=01;31:*.rar=01;31:*.alz=01;31:*.ace=01;31:*.zoo=01;31:*.cpio=01;31:*.7z=01;31:*.rz=01;31:*.cab=01;31:*.wim=01;31:*.swm=01;31:*.dwm=01;31:*.esd=01;31:*.jpg=01;35:*.jpeg=01;35:*.mjpg=01;35:*.mjpeg=01;35:*.gif=01;35:*.bmp=01;35:*.pbm=01;35:*.pgm=01;35:*.ppm=01;35:*.tga=01;35:*.xbm=01;35:*.xpm=01;35:*.tif=01;35:*.tiff=01;35:*.png=01;35:*.svg=01;35:*.svgz=01;35:*.mng=01;35:*.pcx=01;35:*.mov=01;35:*.mpg=01;35:*.mpeg=01;35:*.m2v=01;35:*.mkv=01;35:*.webm=01;35:*.webp=01;35:*.ogm=01;35:*.mp4=01;35:*.m4v=01;35:*.mp4v=01;35:*.vob=01;35:*.qt=01;35:*.nuv=01;35:*.wmv=01;35:*.asf=01;35:*.rm=01;35:*.rmvb=01;35:*.flc=01;35:*.avi=01;35:*.fli=01;35:*.flv=01;35:*.gl=01;35:*.dl=01;35:*.xcf=01;35:*.xwd=01;35:*.yuv=01;35:*.cgm=01;35:*.emf=01;35:*.ogv=01;35:*.ogx=01;35:*.cfg=00;32:*.conf=00;32:*.diff=00;32:*.doc=00;32:*.ini=00;32:*.log=00;32:*.patch=00;32:*.pdf=00;32:*.ps=00;32:*.tex=00;32:*.txt=00;32:*.aac=00;36:*.au=00;36:*.flac=00;36:*.m4a=00;36:*.mid=00;36:*.midi=00;36:*.mka=00;36:*.mp3=00;36:*.mpc=00;36:*.ogg=00;36:*.ra=00;36:*.wav=00;36:*.oga=00;36:*.opus=00;36:*.spx=00;36:*.xspf=00;36:' XDG_CURRENT_DESKTOP=GNOME INFOPATH=/usr/share/info:/usr/share/gcc-data/x86_64-pc-linux-gnu/10.2.0/info:/usr/share/binutils-data/x86_64-pc-linux-gnu/2.45/info:/usr/share/automake-1.16.5/info JAVAC=/etc/java-config-2/current-system-vm/bin/javac TERM=xterm-256color LESSOPEN='|lesspipe %s' USER=jpmurphy CROS_WORKON_SRCROOT=/mnt/host/source MANPAGER=manpager DISPLAY=:1 SHLVL=1 LC_MESSAGES=C EXTERNAL_TRUNK_PATH=/mnt/8f9d649a-3721-44cc-93c0-e6bd21a9689f/chromiumos GCC_SPECS='' PATH=/mnt/host/source/chromite/bin:/usr/local/bin:/usr/bin:/bin:/opt/bin:/mnt/host/source/chromite/sdk/bin:/mnt/host/source/chromite/bin PORTAGE_USERNAME=jpmurphy SUDO_UID=0 GCC_VER=10.2.0 MAIL=/var/mail/jpmurphy OLDPWD=/mnt/host/source/src/scripts traceparent=00-e87aca51550a78635907baa6a2476181-6d684811675d2973-01 _=./zephyr/firmware_builder.py COREBOOT_SDK_ROOT_x86=/home/jpmurphy/.cache/coreboot-sdk/i386-elf/dfbb0486385d938cfa9d73080b9d18d598ed4f49 COREBOOT_SDK_ROOT_picolibc_x86=/home/jpmurphy/.cache/coreboot-sdk/picolibc-i386-elf/eb8e8e687b95461de8cbf278f1c2076952d0ad17 COREBOOT_SDK_ROOT_riscv64=/home/jpmurphy/.cache/coreboot-sdk/riscv64-elf/96b949749225b6aaa92ed810ab769e8dfb12f000 COREBOOT_SDK_ROOT_picolibc_arm=/home/jpmurphy/.cache/coreboot-sdk/picolibc-arm-eabi/422a2aa3e1ef891b5bece9a3deb696ff83840d2e COREBOOT_SDK_ROOT_nds32=/home/jpmurphy/.cache/coreboot-sdk/nds32le-elf/d1a518c4a097666d86058e1444f85ca015d15511 COREBOOT_SDK_ROOT_picolibc_riscv64=/home/jpmurphy/.cache/coreboot-sdk/picolibc-riscv64-elf/f571e990ef0278564b31124f8bb109d9a697eb69 COREBOOT_SDK_ROOT_arm=/home/jpmurphy/.cache/coreboot-sdk/arm-eabi/ea40ddd1d190c3b48435c474c0b545719371813a COREBOOT_SDK_ROOT_libstdcxx_riscv64=/home/jpmurphy/.cache/coreboot-sdk/libstdcxx-riscv64-elf/17abf22a3a252e2d5d2062ced5324f7a623689e0 COREBOOT_SDK_ROOT_libstdcxx_arm=/home/jpmurphy/.cache/coreboot-sdk/libstdcxx-arm-eabi/5d7d82e150e44aa1968f1d366e267e6687b328ac COREBOOT_SDK_ROOT_riscv=/home/jpmurphy/.cache/coreboot-sdk/riscv-elf/9a27b9e82341c6e9126624f516ab3f261abb3e73 COREBOOT_SDK_ROOT_libstdcxx_x86=/home/jpmurphy/.cache/coreboot-sdk/libstdcxx-i386-elf/42ef9d2e87a76a37963175d7d428734e65648b87 PYTHONPATH=/mnt/host/source/src/platform/ec/zephyr/zmake PW_PIGWEED_CIPD_INSTALL_DIR=/usr CROSTC_USER_ACKNOWLEDGES_THAT_RISCV_IS_EXPERIMENTAL=1 MAKEFLAGS=' -j16 --jobserver-auth=5,6' /usr/bin/ninja -C /mnt/host/source/src/platform/ec/build/zephyr/felino/build-ro all.libraries`
[kodkod:rw] [380/382] Building C object zephyr/kernel/CMakeFiles/kernel.dir/mempool.c.obj
[felino:ro] ninja: Entering directory `/mnt/host/source/src/platform/ec/build/zephyr/felino/build-ro'
[bloonchipper:ro] [68/519] Building C object zephyr/CMakeFiles/zephyr.dir/subsys/shell/shell_log_backend.c.obj
[mtlrvpp_mchp:ro] [372/393] Building C object zephyr/kernel/CMakeFiles/kernel.dir/idle.c.obj
[kodkod:rw] [381/382] Building C object zephyr/kernel/CMakeFiles/kernel.dir/dynamic_disabled.c.obj
[felino:ro] [1/372] Preparing syscall dependency handling
[mtlrvpp_mchp:ro] [373/393] Building C object zephyr/kernel/CMakeFiles/kernel.dir/mailbox.c.obj
[mtlrvpp_mchp:ro] [374/393] Building C object zephyr/kernel/CMakeFiles/kernel.dir/msg_q.c.obj
[kodkod:rw] [382/382] Linking C static library zephyr/kernel/libkernel.a
[felino:ro] [2/372] Generating misc/generated/syscalls_subdirs.trigger
[navi:ro] [82/379] Building ASM object zephyr/arch/arch/riscv/core/CMakeFiles/arch__riscv__core.dir/reset.S.obj
[mtlrvpp_mchp:ro] [375/393] Building C object zephyr/kernel/CMakeFiles/kernel.dir/mutex.c.obj
[navi:ro] [83/379] Building C object zephyr/arch/arch/riscv/core/CMakeFiles/arch__riscv__core.dir/reboot.c.obj
[felino:ro] [3/372] Generating include/generated/zephyr/version.h
[felino:ro] -- git describe warned: warning: tag 'upstream/v2.7.99' is externally known as 'v2.7.99'
[mtlrvpp_mchp:ro] [376/393] Building C object zephyr/kernel/CMakeFiles/kernel.dir/sem.c.obj
[felino:ro] -- Zephyr version: 4.3.99 (/mnt/host/source/src/third_party/zephyr/main)
[felino:ro] [4/372] cd /mnt/host/source/src/platform/ec/build/zephyr/felino/build-ro/modules/ec/zephyr && PYTHONPATH=/mnt/host/source/src/platform/ec/build/zephyr/felino/modules/ec/zephyr/zmake/ /usr/bin/python3.11 /mnt/host/source/src/platform/ec/build/zephyr/felino/modules/ec/zephyr/zmake/zephyr_build_tools/generate_ec_version.py /mnt/host/source/src/platform/ec/build/zephyr/felino/build-ro/modules/ec/zephyr/include/ec_version.h --name Zephyr-Kernel --version 16543.0.0 --static
[felino:ro] INFO:root:Using a static version string
[felino:rw] [12/372] Building C object zephyr/CMakeFiles/zephyr.dir/lib/os/cbprintf_packaged.c.obj
[mtlrvpp_mchp:ro] [377/393] Building C object zephyr/kernel/CMakeFiles/kernel.dir/queue.c.obj
[felino:rw] [13/372] Building C object zephyr/CMakeFiles/zephyr.dir/lib/heap/heap.c.obj
[mtlrvpp_mchp:ro] [378/393] Building C object zephyr/kernel/CMakeFiles/kernel.dir/stack.c.obj
[mtlrvpp_mchp:ro] [379/393] Building C object zephyr/kernel/CMakeFiles/kernel.dir/system_work_q.c.obj
[bloonchipper:ro] [69/519] Building C object zephyr/CMakeFiles/zephyr.dir/subsys/shell/shell_help.c.obj
[mtlrvpp_mchp:ro] [380/393] Building C object zephyr/kernel/CMakeFiles/kernel.dir/work.c.obj
[navi:ro] [84/379] Building ASM object zephyr/arch/arch/riscv/core/CMakeFiles/arch__riscv__core.dir/switch.S.obj
[navi:ro] [85/379] Building C object zephyr/arch/arch/riscv/core/CMakeFiles/arch__riscv__core.dir/thread.c.obj
[mtlrvpp_mchp:ro] [381/393] Building C object zephyr/kernel/CMakeFiles/kernel.dir/condvar.c.obj
[felino:ro] INFO:root:Version string: Zephyr-Kernel-16543.0.0
[felino:ro] INFO:root:Writing header to /mnt/host/source/src/platform/ec/build/zephyr/felino/build-ro/modules/ec/zephyr/include/ec_version.h
[felino:ro] [5/372] Generating misc/generated/syscalls.json, misc/generated/struct_tags.json
[mtlrvpp_mchp:ro] [382/393] Building C object zephyr/kernel/CMakeFiles/kernel.dir/sched.c.obj
[felino:rw] [14/372] Building C object zephyr/CMakeFiles/zephyr.dir/lib/os/clock.c.obj
[mtlrvpp_mchp:ro] [383/393] Building C object zephyr/kernel/CMakeFiles/kernel.dir/thread.c.obj
[felino:rw] [15/372] Building C object zephyr/CMakeFiles/zephyr.dir/lib/os/printk.c.obj
[mtlrvpp_mchp:ro] [384/393] Building C object zephyr/kernel/CMakeFiles/kernel.dir/pipe.c.obj
[mtlrvpp_mchp:ro] [385/393] Building C object zephyr/kernel/CMakeFiles/kernel.dir/spinlock_validate.c.obj
[felino:ro] [6/372] Generating include/generated/zephyr/syscall_dispatch.c, include/generated/zephyr/syscall_exports_llext.c, syscall_weakdefs_llext.c, include/generated/zephyr/syscall_list.h
[mtlrvpp_mchp:ro] [386/393] Building C object zephyr/kernel/CMakeFiles/kernel.dir/thread_monitor.c.obj
[felino:ro] [7/372] Generating include/generated/zephyr/driver-validation.h
[bloonchipper:ro] [70/519] Building C object zephyr/CMakeFiles/zephyr.dir/subsys/shell/shell_history.c.obj
[mtlrvpp_mchp:ro] [387/393] Building C object zephyr/kernel/CMakeFiles/kernel.dir/timeout.c.obj
[krabby:rw] Configuring.
Running `env -i PYTHONPATH=/usr/lib64/python-exec/python3.11:/mnt/host/source/src/platform/ec/zephyr/zmake:/usr/lib/python311.zip:/usr/lib/python3.11:/usr/lib/python3.11/lib-dynload:/usr/lib/python3.11/site-packages PW_PIGWEED_CIPD_INSTALL_DIR=/usr CROSTC_USER_ACKNOWLEDGES_THAT_RISCV_IS_EXPERIMENTAL=1 PATH=/mnt/host/source/chromite/bin:/usr/local/bin:/usr/bin:/bin:/opt/bin:/mnt/host/source/chromite/sdk/bin:/mnt/host/source/chromite/bin HOME=/home/jpmurphy JAVA_HOME=/etc/java-config-2/current-system-vm JDK_HOME=/etc/java-config-2/current-system-vm JAVAC=/etc/java-config-2/current-system-vm/bin/javac MAKEFLAGS=' -j16 --jobserver-auth=5,6' /usr/bin/cmake -S /mnt/host/source/src/platform/ec/zephyr/program/corsola -B /mnt/host/source/src/platform/ec/build/zephyr/krabby/build-rw -GNinja -DCMAKE_EXPORT_COMPILE_COMMANDS=ON -DZEPHYR_BASE=/mnt/host/source/src/third_party/zephyr/main -DZMAKE_INCLUDE_DIR=/mnt/host/source/src/platform/ec/build/zephyr/krabby/include -DPython3_EXECUTABLE=/usr/bin/python3.11 -DDTS_ROOT=/mnt/host/source/src/platform/ec/zephyr -DSYSCALL_INCLUDE_DIRS=/mnt/host/source/src/platform/ec/zephyr/include/drivers -DUSER_CACHE_DIR=/mnt/host/source/src/platform/ec/build/zephyr/user-cache '-DEXTRA_EC_VERSION_FLAGS=--version 16543.0.0 --static' -DTOOLCHAIN_ROOT=/mnt/host/source/src/platform/ec/zephyr -DCOREBOOT_SDK_ROOT_x86=/home/jpmurphy/.cache/coreboot-sdk/i386-elf/dfbb0486385d938cfa9d73080b9d18d598ed4f49 -DCOREBOOT_SDK_ROOT_picolibc_x86=/home/jpmurphy/.cache/coreboot-sdk/picolibc-i386-elf/eb8e8e687b95461de8cbf278f1c2076952d0ad17 -DCOREBOOT_SDK_ROOT_riscv64=/home/jpmurphy/.cache/coreboot-sdk/riscv64-elf/96b949749225b6aaa92ed810ab769e8dfb12f000 -DCOREBOOT_SDK_ROOT_picolibc_arm=/home/jpmurphy/.cache/coreboot-sdk/picolibc-arm-eabi/422a2aa3e1ef891b5bece9a3deb696ff83840d2e -DCOREBOOT_SDK_ROOT_nds32=/home/jpmurphy/.cache/coreboot-sdk/nds32le-elf/d1a518c4a097666d86058e1444f85ca015d15511 -DCOREBOOT_SDK_ROOT_picolibc_riscv64=/home/jpmurphy/.cache/coreboot-sdk/picolibc-riscv64-elf/f571e990ef0278564b31124f8bb109d9a697eb69 -DCOREBOOT_SDK_ROOT_arm=/home/jpmurphy/.cache/coreboot-sdk/arm-eabi/ea40ddd1d190c3b48435c474c0b545719371813a -DCOREBOOT_SDK_ROOT_libstdcxx_riscv64=/home/jpmurphy/.cache/coreboot-sdk/libstdcxx-riscv64-elf/17abf22a3a252e2d5d2062ced5324f7a623689e0 -DCOREBOOT_SDK_ROOT_libstdcxx_arm=/home/jpmurphy/.cache/coreboot-sdk/libstdcxx-arm-eabi/5d7d82e150e44aa1968f1d366e267e6687b328ac -DCOREBOOT_SDK_ROOT_riscv=/home/jpmurphy/.cache/coreboot-sdk/riscv-elf/9a27b9e82341c6e9126624f516ab3f261abb3e73 -DCOREBOOT_SDK_ROOT_libstdcxx_x86=/home/jpmurphy/.cache/coreboot-sdk/libstdcxx-i386-elf/42ef9d2e87a76a37963175d7d428734e65648b87 -DZEPHYR_TOOLCHAIN_VARIANT=coreboot-sdk -DZEPHYR_MODULES=/mnt/host/source/src/platform/ec/build/zephyr/krabby/modules/ec -DDTC_OVERLAY_FILE=/mnt/host/source/src/platform/ec/zephyr/program/corsola/krabby/project.overlay -DBOARD=it8xxx2/it81202bx -DCMAKE_C_FLAGS=-DSECTION_IS_RW '-DCONF_FILE=/mnt/host/source/src/platform/ec/zephyr/program/corsola/program.conf;/mnt/host/source/src/platform/ec/zephyr/program/corsola/ite_program.conf;/mnt/host/source/src/platform/ec/zephyr/program/corsola/krabby/project.conf;/mnt/host/source/src/platform/ec/build/zephyr/krabby/kconfig-rw.conf'`
[krabby:rw] Loading Zephyr default modules (Zephyr base (cached)).
[krabby:rw] -- Application: /mnt/host/source/src/platform/ec/zephyr/program/corsola
[krabby:rw] -- CMake version: 3.31.7
[navi:ro] [86/379] Building C object zephyr/arch/arch/riscv/core/CMakeFiles/arch__riscv__core.dir/stacktrace.c.obj
[mtlrvpp_mchp:ro] [388/393] Building C object zephyr/kernel/CMakeFiles/kernel.dir/timer.c.obj
[navi:ro] [87/379] Building ASM object zephyr/arch/arch/riscv/core/CMakeFiles/arch__riscv__core.dir/isr.S.obj
[navi:ro] [88/379] Generating ../../../include/generated/libc/minimal/strerror_table.h
[felino:ro] [8/372] Generating include/generated/device-api-sections.ld, include/generated/device-api-sections.cmake
[navi:ro] [89/379] Linking C static library zephyr/arch/arch/riscv/core/libarch__riscv__core.a
[felino:rw] [16/372] Building C object zephyr/CMakeFiles/zephyr.dir/lib/os/thread_entry.c.obj
[felino:ro] [9/372] Generating include/generated/zephyr/kobj-types-enum.h, include/generated/zephyr/otype-to-str.h, include/generated/zephyr/otype-to-size.h
[mtlrvpp_mchp:ro] [389/393] Building C object zephyr/kernel/CMakeFiles/kernel.dir/poll.c.obj
[felino:rw] [17/372] Building C object zephyr/CMakeFiles/zephyr.dir/lib/os/sem.c.obj
[mtlrvpp_mchp:ro] [390/393] Building C object zephyr/kernel/CMakeFiles/kernel.dir/mempool.c.obj
[mtlrvpp_mchp:ro] [391/393] Building C object zephyr/kernel/CMakeFiles/kernel.dir/events.c.obj
[navi:ro] [90/379] Building C object zephyr/lib/libc/minimal/CMakeFiles/lib__libc__minimal.dir/source/stdlib/atoi.c.obj
[bloonchipper:ro] [71/519] Building C object zephyr/CMakeFiles/zephyr.dir/drivers/flash/flash_util.c.obj
[mtlrvpp_mchp:ro] [392/393] Building C object zephyr/kernel/CMakeFiles/kernel.dir/dynamic_disabled.c.obj
[navi:ro] [91/379] Building C object zephyr/lib/libc/minimal/CMakeFiles/lib__libc__minimal.dir/source/stdlib/strtol.c.obj
[navi:ro] [92/379] Building C object zephyr/lib/libc/minimal/CMakeFiles/lib__libc__minimal.dir/source/stdlib/strtoul.c.obj
[krabby:rw] -- Found Python3: /usr/bin/python3.11 (found suitable version "3.11.11", minimum required is "3.10") found components: Interpreter
[mtlrvpp_mchp:ro] [393/393] Linking C static library zephyr/kernel/libkernel.a
[krabby:rw] -- Cache files will be written to: /mnt/host/source/src/platform/ec/build/zephyr/user-cache
[krabby:rw] -- Zephyr version: 4.3.99 (/mnt/host/source/src/third_party/zephyr/main)
[navi:ro] [93/379] Building C object zephyr/lib/libc/minimal/CMakeFiles/lib__libc__minimal.dir/source/stdlib/strtoll.c.obj
[felino:rw] [18/372] Building C object zephyr/CMakeFiles/zephyr.dir/lib/utils/hex.c.obj
[felino:ro] [10/372] Building C object zephyr/drivers/sensor/CMakeFiles/drivers__sensor.dir/mnt/host/source/src/third_party/zephyr/main/misc/empty_file.c.obj
[navi:ro] [94/379] Building C object zephyr/lib/libc/minimal/CMakeFiles/lib__libc__minimal.dir/source/stdlib/bsearch.c.obj
[navi:ro] [95/379] Building C object zephyr/lib/libc/minimal/CMakeFiles/lib__libc__minimal.dir/source/stdlib/strtoull.c.obj
[felino:rw] [19/372] Building C object zephyr/CMakeFiles/zephyr.dir/lib/utils/dec.c.obj
[felino:ro] [11/372] Linking C static library zephyr/drivers/sensor/libdrivers__sensor.a
[bloonchipper:ro] [72/519] Building C object zephyr/arch/common/CMakeFiles/arch__common.dir/sw_isr_common.c.obj
[bloonchipper:ro] [73/519] Building C object zephyr/arch/common/CMakeFiles/arch__common.dir/init.c.obj
[felino:ro] [12/372] Building C object zephyr/drivers/syscon/CMakeFiles/drivers__syscon.dir/mnt/host/source/src/third_party/zephyr/main/misc/empty_file.c.obj
[felino:ro] [13/372] Linking C static library zephyr/drivers/syscon/libdrivers__syscon.a
[felino:rw] [20/372] Building C object zephyr/CMakeFiles/zephyr.dir/lib/os/cbprintf.c.obj
[felino:rw] [21/372] Building C object zephyr/CMakeFiles/zephyr.dir/lib/os/cbprintf_nano.c.obj
[felino:rw] [22/372] Building C object zephyr/CMakeFiles/zephyr.dir/lib/os/assert.c.obj
[navi:ro] [96/379] Building C object zephyr/lib/libc/minimal/CMakeFiles/lib__libc__minimal.dir/source/string/strerror.c.obj
[felino:ro] [14/372] Building C object zephyr/CMakeFiles/offsets.dir/arch/riscv/core/offsets/offsets.c.obj
[felino:rw] [23/372] Building C object zephyr/CMakeFiles/zephyr.dir/lib/utils/timeutil.c.obj
[navi:ro] [97/379] Building C object zephyr/lib/libc/minimal/CMakeFiles/lib__libc__minimal.dir/source/stdlib/qsort.c.obj
[navi:ro] [98/379] Building C object zephyr/lib/libc/minimal/CMakeFiles/lib__libc__minimal.dir/source/string/strncasecmp.c.obj
[felino:rw] [24/372] Building C object zephyr/CMakeFiles/zephyr.dir/lib/utils/last_section_id.c.obj
[navi:ro] [99/379] Building C object zephyr/lib/libc/minimal/CMakeFiles/lib__libc__minimal.dir/source/stdlib/exit.c.obj
[felino:rw] [25/372] Building C object zephyr/CMakeFiles/zephyr.dir/lib/utils/bitmask.c.obj
[felino:ro] [15/372] Generating include/generated/zephyr/offsets.h
[/mnt/host/source/src/platform/ec/build/zephyr/ciri-lcov]   /mnt/host/source/src/platform/ec/build/zephyr/ciri/build-rw/CMakeFiles/app.dir/mnt/host/source/src/platform/ec/build/zephyr/ciri/modules/ec/common/usb_pd_pdo.c.gcno:no functions found
[felino:rw] [26/372] Building C object zephyr/CMakeFiles/zephyr.dir/lib/utils/rb.c.obj
[/mnt/host/source/src/platform/ec/build/zephyr/ciri-lcov] stderr:
[navi:ro] [100/379] Building C object zephyr/lib/libc/minimal/CMakeFiles/lib__libc__minimal.dir/source/string/strstr.c.obj
[felino:rw] [27/372] Building C object zephyr/CMakeFiles/zephyr.dir/lib/utils/ring_buffer.c.obj
[navi:ro] [101/379] Building C object zephyr/lib/libc/minimal/CMakeFiles/lib__libc__minimal.dir/source/string/string.c.obj
[navi:ro] [102/379] Building C object zephyr/lib/libc/minimal/CMakeFiles/lib__libc__minimal.dir/source/string/strspn.c.obj
[felino:rw] [28/372] Building C object zephyr/CMakeFiles/zephyr.dir/lib/utils/getopt/getopt.c.obj
[felino:rw] [29/372] Building C object zephyr/CMakeFiles/zephyr.dir/lib/utils/bitarray.c.obj
[bloonchipper:ro] [74/519] Building C object zephyr/arch/common/CMakeFiles/isr_tables.dir/isr_tables.c.obj
[felino:rw] [30/372] Building ASM object zephyr/CMakeFiles/zephyr.dir/soc/ite/ec/common/soc_irq.S.obj
[bloonchipper:ro] [75/519] Building C object zephyr/arch/common/CMakeFiles/arch__common.dir/xip.c.obj
[bloonchipper:ro] [76/519] Linking C static library zephyr/arch/common/libisr_tables.a
[felino:rw] [31/372] Building C object zephyr/CMakeFiles/zephyr.dir/misc/generated/configs.c.obj
[felino:rw] [32/372] Building C object zephyr/CMakeFiles/zephyr.dir/lib/utils/getopt/getopt_common.c.obj
[bloonchipper:ro] [77/519] Linking C static library zephyr/arch/common/libarch__common.a
[felino:rw] [33/372] Building C object zephyr/CMakeFiles/zephyr.dir/soc/ite/ec/common/soc_common_irq.c.obj
[felino:rw] [34/372] Building C object zephyr/CMakeFiles/zephyr.dir/soc/ite/ec/common/power.c.obj
[navi:ro] [103/379] Building C object zephyr/lib/libc/minimal/CMakeFiles/lib__libc__minimal.dir/source/stdout/stdout_console.c.obj
[felino:rw] [35/372] Building ASM object zephyr/CMakeFiles/zephyr.dir/soc/ite/ec/it8xxx2/vector.S.obj
[krabby:rw] -- Board: it8xxx2, qualifiers: it81202bx
[navi:ro] [104/379] Building C object zephyr/lib/libc/minimal/CMakeFiles/lib__libc__minimal.dir/source/stdout/sprintf.c.obj
[felino:rw] [36/372] Building C object zephyr/CMakeFiles/zephyr.dir/soc/ite/ec/it8xxx2/check_regs.c.obj
[felino:ro] [16/372] Building C object CMakeFiles/app.dir/mnt/host/source/src/platform/ec/zephyr/subsys/ap_pwrseq/ap_events.c.obj
[navi:ro] [105/379] Building C object zephyr/lib/libc/minimal/CMakeFiles/lib__libc__minimal.dir/source/stdout/fprintf.c.obj
[felino:rw] [37/372] Building C object zephyr/CMakeFiles/zephyr.dir/soc/ite/ec/common/policy.c.obj
[felino:rw] [38/372] Building C object zephyr/CMakeFiles/zephyr.dir/soc/ite/ec/it8xxx2/soc.c.obj
[navi:ro] [106/379] Building C object zephyr/lib/libc/minimal/CMakeFiles/lib__libc__minimal.dir/source/math/sqrtf.c.obj
[navi:ro] [107/379] Building C object zephyr/lib/libc/minimal/CMakeFiles/lib__libc__minimal.dir/source/math/sqrt.c.obj
[felino:rw] [39/372] Building C object zephyr/CMakeFiles/zephyr.dir/soc/ite/ec/it8xxx2/ilm.c.obj
[felino:rw] [40/372] Building C object zephyr/CMakeFiles/zephyr.dir/subsys/pm/state.c.obj
[bloonchipper:ro] [78/519] Building C object zephyr/arch/arch/arm/core/CMakeFiles/arch__arm__core.dir/fatal.c.obj
[felino:rw] [41/372] Building C object zephyr/CMakeFiles/zephyr.dir/subsys/logging/log_minimal.c.obj
[bloonchipper:ro] [79/519] Building C object zephyr/arch/arch/arm/core/CMakeFiles/arch__arm__core.dir/nmi.c.obj
[navi:ro] [108/379] Building C object zephyr/lib/libc/common/CMakeFiles/lib__libc__common.dir/source/time/asctime.c.obj
[bloonchipper:ro] [80/519] Building C object zephyr/arch/arch/arm/core/CMakeFiles/arch__arm__core.dir/__aeabi_atexit.c.obj
[felino:rw] [42/372] Building C object zephyr/CMakeFiles/zephyr.dir/subsys/pm/pm.c.obj
[felino:rw] [43/372] Building C object zephyr/CMakeFiles/zephyr.dir/subsys/pm/policy/policy_latency.c.obj
[bloonchipper:ro] [81/519] Building ASM object zephyr/arch/arch/arm/core/CMakeFiles/arch__arm__core.dir/nmi_on_reset.S.obj
[navi:ro] [109/379] Building C object zephyr/lib/libc/common/CMakeFiles/lib__libc__common.dir/source/time/gmtime_r.c.obj
[felino:rw] [44/372] Building C object zephyr/CMakeFiles/zephyr.dir/subsys/pm/policy/policy_events.c.obj
[bloonchipper:ro] [82/519] Linking C static library zephyr/arch/arch/arm/core/libarch__arm__core.a
[navi:ro] [110/379] Building C object zephyr/lib/libc/common/CMakeFiles/lib__libc__common.dir/source/stdlib/abort.c.obj
[felino:rw] [45/372] Building C object zephyr/CMakeFiles/zephyr.dir/subsys/pm/policy/policy_state_lock.c.obj
[navi:ro] [111/379] Building C object zephyr/lib/libc/minimal/CMakeFiles/lib__libc__minimal.dir/source/time/gmtime.c.obj
[/mnt/host/source/src/platform/ec/build/zephyr/yavista-lcov]   /mnt/host/source/src/platform/ec/build/zephyr/yavista/build-rw/CMakeFiles/app.dir/mnt/host/source/src/platform/ec/build/zephyr/yavista/modules/ec/common/usb_pd_pdo.c.gcno:no functions found
[/mnt/host/source/src/platform/ec/build/zephyr/yavista-lcov] stderr:
[navi:ro] [112/379] Linking C static library zephyr/lib/libc/minimal/liblib__libc__minimal.a
[felino:ro] [17/372] Building C object CMakeFiles/app.dir/mnt/host/source/src/platform/ec/zephyr/subsys/ap_pwrseq/ap_power_interface.c.obj
[felino:rw] [46/372] Building C object zephyr/CMakeFiles/zephyr.dir/subsys/pm/device.c.obj
[navi:ro] [113/379] Building C object zephyr/lib/libc/common/CMakeFiles/lib__libc__common.dir/source/time/localtime_r_utc.c.obj
[navi:ro] [114/379] Building C object zephyr/lib/libc/common/CMakeFiles/lib__libc__common.dir/source/time/ctime.c.obj
[navi:ro] [115/379] Building C object zephyr/lib/libc/common/CMakeFiles/lib__libc__common.dir/source/time/time.c.obj
[felino:rw] [47/372] Building C object zephyr/CMakeFiles/zephyr.dir/subsys/pm/device_runtime.c.obj
[felino:rw] [48/372] Building C object zephyr/CMakeFiles/zephyr.dir/subsys/pm/device_system_managed.c.obj
[felino:rw] [49/372] Building C object zephyr/CMakeFiles/zephyr.dir/subsys/testsuite/coverage/coverage.c.obj
[navi:ro] [116/379] Building C object zephyr/lib/libc/common/CMakeFiles/lib__libc__common.dir/source/string/strnlen.c.obj
[felino:rw] [50/372] Building C object zephyr/CMakeFiles/zephyr.dir/subsys/tracing/tracing_none.c.obj
[bloonchipper:ro] [83/519] Building C object zephyr/arch/arch/arm/core/cortex_m/CMakeFiles/arch__arm__core__cortex_m.dir/exc_exit.c.obj
[felino:rw] [51/372] Building C object zephyr/CMakeFiles/zephyr.dir/subsys/shell/modules/kernel_service/cycles.c.obj
[felino:rw] [52/372] Building C object zephyr/CMakeFiles/zephyr.dir/subsys/shell/modules/kernel_service/kernel_shell.c.obj
[navi:ro] [117/379] Building C object zephyr/lib/posix/c_lib_ext/CMakeFiles/lib__posix__c_lib_ext.dir/fnmatch.c.obj
[krabby:rw] -- Found Dtc: /usr/bin/dtc (found suitable version "1.6.0", minimum required is "1.4.6")
[krabby:rw] -- Found BOARD.dts: /mnt/host/source/src/platform/ec/zephyr/boards/google/it8xxx2/it8xxx2_it81202bx.dts
[krabby:rw] -- Found devicetree overlay: /mnt/host/source/src/platform/ec/zephyr/program/corsola/krabby/project.overlay
[bloonchipper:ro] [84/519] Building C object zephyr/arch/arch/arm/core/cortex_m/CMakeFiles/arch__arm__core__cortex_m.dir/fault.c.obj
[felino:rw] [53/372] Building C object zephyr/CMakeFiles/zephyr.dir/subsys/shell/modules/kernel_service/sleep.c.obj
[bloonchipper:ro] [85/519] Building ASM object zephyr/arch/arch/arm/core/cortex_m/CMakeFiles/arch__arm__core__cortex_m.dir/fault_s.S.obj
[felino:ro] [18/372] Building C object CMakeFiles/app.dir/mnt/host/source/src/platform/ec/zephyr/subsys/ap_pwrseq/power_signals.c.obj
[navi:ro] [118/379] Building C object zephyr/lib/libc/common/CMakeFiles/lib__libc__common.dir/source/stdlib/malloc.c.obj
[navi:ro] [119/379] Linking C static library zephyr/lib/libc/common/liblib__libc__common.a
[felino:rw] [54/372] Building C object zephyr/CMakeFiles/zephyr.dir/subsys/shell/modules/kernel_service/uptime.c.obj
[navi:ro] [120/379] Building C object zephyr/lib/posix/c_lib_ext/CMakeFiles/lib__posix__c_lib_ext.dir/getentropy.c.obj
[felino:rw] [55/372] Building C object zephyr/CMakeFiles/zephyr.dir/subsys/shell/modules/kernel_service/version.c.obj
[felino:rw] [56/372] Building C object zephyr/CMakeFiles/zephyr.dir/subsys/shell/modules/kernel_service/thread/stacks.c.obj
[felino:rw] [57/372] Building C object zephyr/CMakeFiles/zephyr.dir/subsys/shell/modules/kernel_service/thread/list.c.obj
[felino:rw] [58/372] Building C object zephyr/CMakeFiles/zephyr.dir/subsys/shell/modules/kernel_service/thread/thread.c.obj
[navi:ro] [121/379] Building C object zephyr/lib/posix/c_lib_ext/CMakeFiles/lib__posix__c_lib_ext.dir/getopt_shim.c.obj
[felino:rw] [59/372] Building C object zephyr/CMakeFiles/zephyr.dir/subsys/shell/modules/kernel_service/thread/unwind.c.obj
[navi:ro] [122/379] Linking C static library zephyr/lib/posix/c_lib_ext/liblib__posix__c_lib_ext.a
[navi:ro] [123/379] Building C object zephyr/subsys/crc/CMakeFiles/subsys__crc.dir/crc4_sw.c.obj
[felino:rw] [60/372] Building C object zephyr/CMakeFiles/zephyr.dir/subsys/shell/modules/kernel_service/thread/suspend.c.obj
[bloonchipper:ro] [86/519] Building C object zephyr/arch/arch/arm/core/cortex_m/CMakeFiles/arch__arm__core__cortex_m.dir/fpu.c.obj
[navi:ro] [124/379] Building C object zephyr/subsys/crc/CMakeFiles/subsys__crc.dir/crc8_sw.c.obj
[felino:ro] [19/372] Building C object CMakeFiles/app.dir/mnt/host/source/src/platform/ec/zephyr/subsys/ap_pwrseq/signal_gpio.c.obj
[navi:ro] [125/379] Building C object zephyr/subsys/mgmt/ec_host_cmd/CMakeFiles/subsys__mgmt__ec_host_cmd.dir/ec_host_cmd_handler.c.obj
[felino:rw] [61/372] Building C object zephyr/CMakeFiles/zephyr.dir/subsys/shell/modules/kernel_service/thread/kill.c.obj
[felino:rw] [62/372] Building C object zephyr/CMakeFiles/zephyr.dir/subsys/shell/modules/kernel_service/thread/resume.c.obj
[navi:ro] [126/379] Building C object zephyr/subsys/crc/CMakeFiles/subsys__crc.dir/crc16_sw.c.obj
[felino:rw] [63/372] Building C object zephyr/CMakeFiles/zephyr.dir/subsys/shell/shell_fprintf.c.obj
[navi:ro] [127/379] Linking C static library zephyr/subsys/mgmt/ec_host_cmd/libsubsys__mgmt__ec_host_cmd.a
[bloonchipper:ro] [87/519] Building ASM object zephyr/arch/arch/arm/core/cortex_m/CMakeFiles/arch__arm__core__cortex_m.dir/reset.S.obj
[navi:ro] [128/379] Building C object zephyr/subsys/mgmt/ec_host_cmd/backends/CMakeFiles/subsys__mgmt__ec_host_cmd__backends.dir/ec_host_cmd_backend_shi_ite.c.obj
[navi:ro] [129/379] Building C object zephyr/subsys/crc/CMakeFiles/subsys__crc.dir/crc7_sw.c.obj
[navi:ro] [130/379] Building C object zephyr/subsys/crc/CMakeFiles/subsys__crc.dir/crc24_sw.c.obj
[navi:ro] [131/379] Linking C static library zephyr/subsys/mgmt/ec_host_cmd/backends/libsubsys__mgmt__ec_host_cmd__backends.a
[navi:ro] [132/379] Building C object zephyr/subsys/crc/CMakeFiles/subsys__crc.dir/crc32c_sw.c.obj
[felino:rw] [64/372] Building C object zephyr/CMakeFiles/zephyr.dir/subsys/shell/backends/shell_uart.c.obj
[felino:rw] [65/372] Building C object zephyr/CMakeFiles/zephyr.dir/subsys/shell/shell_utils.c.obj
[navi:ro] [133/379] Building C object zephyr/subsys/crc/CMakeFiles/subsys__crc.dir/crc32k_4_2_sw.c.obj
[navi:ro] [134/379] Building C object zephyr/subsys/crc/CMakeFiles/subsys__crc.dir/crc32_sw.c.obj
[navi:ro] [135/379] Linking C static library zephyr/subsys/crc/libsubsys__crc.a
[felino:rw] [66/372] Building C object zephyr/CMakeFiles/zephyr.dir/subsys/shell/shell_ops.c.obj
[bloonchipper:ro] [88/519] Building C object zephyr/arch/arch/arm/core/cortex_m/CMakeFiles/arch__arm__core__cortex_m.dir/scb.c.obj
[felino:rw] [67/372] Building C object zephyr/CMakeFiles/zephyr.dir/subsys/shell/shell.c.obj
[krabby:rw] -- Generated zephyr.dts: /mnt/host/source/src/platform/ec/build/zephyr/krabby/build-rw/zephyr/zephyr.dts
[krabby:rw] -- Generated pickled edt: /mnt/host/source/src/platform/ec/build/zephyr/krabby/build-rw/zephyr/edt.pickle
[felino:rw] [68/372] Building C object zephyr/CMakeFiles/zephyr.dir/subsys/shell/shell_help.c.obj
[felino:rw] [69/372] Building C object zephyr/CMakeFiles/zephyr.dir/subsys/shell/shell_history.c.obj
[felino:ro] [20/372] Building C object CMakeFiles/app.dir/mnt/host/source/src/platform/ec/zephyr/subsys/ap_pwrseq/signal_vw.c.obj
[felino:rw] [70/372] Building C object zephyr/CMakeFiles/zephyr.dir/drivers/flash/flash_util.c.obj
[felino:rw] [71/372] Building C object zephyr/arch/common/CMakeFiles/arch__common.dir/sw_isr_common.c.obj
[felino:rw] [72/372] Building C object zephyr/arch/common/CMakeFiles/arch__common.dir/dynamic_isr.c.obj
[felino:rw] [73/372] Building C object zephyr/arch/common/CMakeFiles/arch__common.dir/init.c.obj
[bloonchipper:ro] [89/519] Building C object zephyr/arch/arch/arm/core/cortex_m/CMakeFiles/arch__arm__core__cortex_m.dir/thread_abort.c.obj
[navi:ro] [136/379] Building C object zephyr/drivers/interrupt_controller/CMakeFiles/drivers__interrupt_controller.dir/intc_ite_it8xxx2_v2.c.obj
[felino:rw] [74/372] Linking C static library zephyr/libzephyr.a
[navi:ro] [137/379] Building C object zephyr/drivers/adc/CMakeFiles/drivers__adc.dir/adc_common.c.obj
[navi:ro] [138/379] Building C object zephyr/drivers/interrupt_controller/CMakeFiles/drivers__interrupt_controller.dir/wuc_ite_it8xxx2.c.obj
[bloonchipper:ro] [90/519] Building ASM object zephyr/arch/arch/arm/core/cortex_m/CMakeFiles/arch__arm__core__cortex_m.dir/vector_table.S.obj
[felino:rw] [75/372] Building C object zephyr/arch/arch/riscv/core/CMakeFiles/arch__riscv__core.dir/prep_c.c.obj
[navi:ro] [139/379] Linking C static library zephyr/drivers/interrupt_controller/libdrivers__interrupt_controller.a
[krabby:rw] -- Generated devicetree_generated.h: /mnt/host/source/src/platform/ec/build/zephyr/krabby/build-rw/zephyr/include/generated/zephyr/devicetree_generated.h
[felino:rw] [76/372] Building C object zephyr/arch/common/CMakeFiles/isr_tables.dir/isr_tables.c.obj
[felino:rw] [77/372] Linking C static library zephyr/arch/common/libisr_tables.a
[felino:rw] [78/372] Building C object zephyr/arch/common/CMakeFiles/arch__common.dir/xip.c.obj
[felino:rw] [79/372] Linking C static library zephyr/arch/common/libarch__common.a
[felino:rw] [80/372] Building C object zephyr/arch/arch/riscv/core/CMakeFiles/arch__riscv__core.dir/cpu_idle.c.obj
[felino:rw] [81/372] Building C object zephyr/arch/arch/riscv/core/CMakeFiles/arch__riscv__core.dir/irq_manage.c.obj
[felino:rw] [82/372] Building C object zephyr/arch/arch/riscv/core/CMakeFiles/arch__riscv__core.dir/reboot.c.obj
[felino:rw] [83/372] Building C object zephyr/arch/arch/riscv/core/CMakeFiles/arch__riscv__core.dir/fatal.c.obj
[felino:rw] [84/372] Generating ../../../include/generated/libc/minimal/strerror_table.h
[navi:ro] [140/379] Building C object zephyr/drivers/bbram/CMakeFiles/drivers__bbram.dir/bbram_it8xxx2.c.obj
[navi:ro] [141/379] Linking C static library zephyr/drivers/bbram/libdrivers__bbram.a
[/mnt/host/source/src/platform/ec/build/zephyr/ciri-lcov]   /mnt/host/source/src/platform/ec/build/zephyr/ciri/build-rw/CMakeFiles/app.dir/mnt/host/source/src/platform/ec/build/zephyr/ciri/modules/ec/common/cbi_config.c.gcno:no functions found
[/mnt/host/source/src/platform/ec/build/zephyr/ciri-lcov] stderr:
[felino:ro] [21/372] Building C object CMakeFiles/app.dir/mnt/host/source/src/platform/ec/zephyr/subsys/ap_pwrseq/ap_pwrseq.c.obj
[navi:ro] [142/379] Building C object zephyr/drivers/adc/CMakeFiles/drivers__adc.dir/adc_ite_it8xxx2.c.obj
[felino:rw] [85/372] Building ASM object zephyr/arch/arch/riscv/core/CMakeFiles/arch__riscv__core.dir/reset.S.obj
[felino:rw] [86/372] Building C object zephyr/lib/libc/minimal/CMakeFiles/lib__libc__minimal.dir/source/stdlib/atoi.c.obj
[navi:ro] [143/379] Linking C static library zephyr/drivers/adc/libdrivers__adc.a
[navi:ro] [144/379] Building C object zephyr/drivers/console/CMakeFiles/drivers__console.dir/uart_console.c.obj
[navi:ro] [145/379] Linking C static library zephyr/drivers/console/libdrivers__console.a
[bloonchipper:ro] [91/519] Building C object zephyr/arch/arch/arm/core/cortex_m/CMakeFiles/arch__arm__core__cortex_m.dir/irq_manage.c.obj
[felino:rw] [87/372] Building ASM object zephyr/arch/arch/riscv/core/CMakeFiles/arch__riscv__core.dir/switch.S.obj
[bloonchipper:ro] [92/519] Building ASM object zephyr/arch/arch/arm/core/cortex_m/CMakeFiles/arch__arm__core__cortex_m.dir/swap_helper.S.obj
[felino:rw] [88/372] Building C object zephyr/lib/libc/minimal/CMakeFiles/lib__libc__minimal.dir/source/stdlib/strtoul.c.obj
[felino:rw] [89/372] Building C object zephyr/lib/libc/minimal/CMakeFiles/lib__libc__minimal.dir/source/stdlib/strtol.c.obj
[felino:rw] [90/372] Building ASM object zephyr/arch/arch/riscv/core/CMakeFiles/arch__riscv__core.dir/isr.S.obj
[felino:rw] [91/372] Building C object zephyr/arch/arch/riscv/core/CMakeFiles/arch__riscv__core.dir/thread.c.obj
[felino:rw] [92/372] Building C object zephyr/lib/libc/minimal/CMakeFiles/lib__libc__minimal.dir/source/stdlib/bsearch.c.obj
[felino:rw] [93/372] Building C object zephyr/lib/libc/common/CMakeFiles/lib__libc__common.dir/source/stdlib/abort.c.obj
[felino:rw] [94/372] Building C object zephyr/lib/libc/minimal/CMakeFiles/lib__libc__minimal.dir/source/stdlib/strtoull.c.obj
[felino:rw] [95/372] Building C object zephyr/lib/libc/minimal/CMakeFiles/lib__libc__minimal.dir/source/stdlib/strtoll.c.obj
[felino:rw] [96/372] Building C object zephyr/arch/arch/riscv/core/CMakeFiles/arch__riscv__core.dir/stacktrace.c.obj
[felino:rw] [97/372] Linking C static library zephyr/arch/arch/riscv/core/libarch__riscv__core.a
[felino:rw] [98/372] Building C object zephyr/lib/libc/minimal/CMakeFiles/lib__libc__minimal.dir/source/string/strncasecmp.c.obj
[felino:rw] [99/372] Building C object zephyr/lib/libc/minimal/CMakeFiles/lib__libc__minimal.dir/source/string/strstr.c.obj
[felino:rw] [100/372] Building C object zephyr/lib/libc/minimal/CMakeFiles/lib__libc__minimal.dir/source/string/strerror.c.obj
[felino:rw] [101/372] Building C object zephyr/lib/libc/minimal/CMakeFiles/lib__libc__minimal.dir/source/stdlib/qsort.c.obj
[felino:rw] [102/372] Building C object zephyr/lib/libc/minimal/CMakeFiles/lib__libc__minimal.dir/source/string/string.c.obj
[felino:rw] [103/372] Building C object zephyr/lib/libc/minimal/CMakeFiles/lib__libc__minimal.dir/source/string/strspn.c.obj
[navi:ro] [146/379] Building C object zephyr/drivers/crypto/CMakeFiles/drivers__crypto.dir/crypto_it8xxx2_sha_v2.c.obj
[/mnt/host/source/src/platform/ec/build/zephyr/ciri-lcov]   /mnt/host/source/src/platform/ec/build/zephyr/ciri/build-rw/zephyr/arch/arch/riscv/core/CMakeFiles/arch__riscv__core.dir/cpu_idle.c.gcno:no functions found
[/mnt/host/source/src/platform/ec/build/zephyr/ciri-lcov] stderr:
[navi:ro] [147/379] Linking C static library zephyr/drivers/crypto/libdrivers__crypto.a
[felino:ro] [22/372] Building C object CMakeFiles/app.dir/mnt/host/source/src/platform/ec/zephyr/subsys/ap_pwrseq/ap_pwrseq_sm.c.obj
[navi:ro] [148/379] Building C object zephyr/drivers/flash/CMakeFiles/drivers__flash.dir/flash_ite_it8xxx2.c.obj
[krabby:rw] /mnt/host/source/src/platform/ec/build/zephyr/krabby/build-rw/zephyr/zephyr.dts:1204.27-1917.5: Warning (avoid_unnecessary_addr_size): /soc/pin-controller: unnecessary #address-cells/#size-cells without "ranges" or child "reg" property
[bloonchipper:ro] [93/519] Building C object zephyr/arch/arch/arm/core/cortex_m/CMakeFiles/arch__arm__core__cortex_m.dir/prep_c.c.obj
[bloonchipper:ro] [94/519] Building C object zephyr/arch/arch/arm/core/cortex_m/CMakeFiles/arch__arm__core__cortex_m.dir/thread.c.obj
[felino:rw] [104/372] Building C object zephyr/lib/libc/minimal/CMakeFiles/lib__libc__minimal.dir/source/math/sqrtf.c.obj
[navi:ro] [149/379] Linking C static library zephyr/drivers/flash/libdrivers__flash.a
[felino:rw] [105/372] Building C object zephyr/lib/libc/minimal/CMakeFiles/lib__libc__minimal.dir/source/math/sqrt.c.obj
[felino:rw] [106/372] Building C object zephyr/lib/libc/minimal/CMakeFiles/lib__libc__minimal.dir/source/stdlib/exit.c.obj
[felino:rw] [107/372] Building C object zephyr/lib/libc/common/CMakeFiles/lib__libc__common.dir/source/time/gmtime_r.c.obj
[felino:rw] [108/372] Building C object zephyr/lib/libc/minimal/CMakeFiles/lib__libc__minimal.dir/source/stdout/fprintf.c.obj
[felino:rw] [109/372] Building C object zephyr/lib/libc/minimal/CMakeFiles/lib__libc__minimal.dir/source/stdout/sprintf.c.obj
[felino:rw] [110/372] Building C object zephyr/lib/libc/minimal/CMakeFiles/lib__libc__minimal.dir/source/stdout/stdout_console.c.obj
[felino:rw] [111/372] Building C object zephyr/lib/libc/common/CMakeFiles/lib__libc__common.dir/source/time/asctime.c.obj
[felino:rw] [112/372] Building C object zephyr/lib/libc/common/CMakeFiles/lib__libc__common.dir/source/time/localtime_r_utc.c.obj
[felino:rw] [113/372] Building C object zephyr/lib/libc/minimal/CMakeFiles/lib__libc__minimal.dir/source/time/gmtime.c.obj
[felino:rw] [114/372] Building C object zephyr/lib/libc/common/CMakeFiles/lib__libc__common.dir/source/string/strnlen.c.obj
[felino:rw] [115/372] Building C object zephyr/lib/libc/common/CMakeFiles/lib__libc__common.dir/source/time/ctime.c.obj
[felino:rw] [116/372] Linking C static library zephyr/lib/libc/minimal/liblib__libc__minimal.a
[felino:rw] [117/372] Building C object zephyr/lib/posix/c_lib_ext/CMakeFiles/lib__posix__c_lib_ext.dir/fnmatch.c.obj
[navi:ro] [150/379] Building C object zephyr/drivers/i2c/CMakeFiles/drivers__i2c.dir/i2c_common.c.obj
[felino:rw] [118/372] Building C object zephyr/lib/libc/common/CMakeFiles/lib__libc__common.dir/source/time/time.c.obj
[felino:ro] [23/372] Building C object CMakeFiles/app.dir/mnt/host/source/src/platform/ec/zephyr/subsys/ap_pwrseq/power_host_sleep.c.obj
[felino:rw] [119/372] Building C object zephyr/subsys/crc/CMakeFiles/subsys__crc.dir/crc4_sw.c.obj
[bloonchipper:ro] [95/519] Building C object zephyr/arch/arch/arm/core/cortex_m/CMakeFiles/arch__arm__core__cortex_m.dir/irq_init.c.obj
[felino:rw] [120/372] Building C object zephyr/subsys/crc/CMakeFiles/subsys__crc.dir/crc8_sw.c.obj
[bloonchipper:ro] [96/519] Building C object zephyr/arch/arch/arm/core/cortex_m/CMakeFiles/arch__arm__core__cortex_m.dir/cpu_idle.c.obj
[felino:rw] [121/372] Building C object zephyr/subsys/crc/CMakeFiles/subsys__crc.dir/crc16_sw.c.obj
[navi:ro] [151/379] Building C object zephyr/drivers/gpio/CMakeFiles/drivers__gpio.dir/gpio_ite_it8xxx2_v2.c.obj
[felino:rw] [122/372] Building C object zephyr/subsys/crc/CMakeFiles/subsys__crc.dir/crc7_sw.c.obj
[navi:ro] [152/379] Building C object zephyr/drivers/i2c/CMakeFiles/drivers__i2c.dir/i2c_bitbang.c.obj
[navi:ro] [153/379] Linking C static library zephyr/drivers/gpio/libdrivers__gpio.a
[felino:rw] [123/372] Building C object zephyr/subsys/crc/CMakeFiles/subsys__crc.dir/crc24_sw.c.obj
[felino:rw] [124/372] Building C object zephyr/lib/libc/common/CMakeFiles/lib__libc__common.dir/source/stdlib/malloc.c.obj
[felino:rw] [125/372] Building C object zephyr/subsys/crc/CMakeFiles/subsys__crc.dir/crc32c_sw.c.obj
[felino:rw] [126/372] Building C object zephyr/subsys/crc/CMakeFiles/subsys__crc.dir/crc32_sw.c.obj
[felino:rw] [127/372] Linking C static library zephyr/lib/libc/common/liblib__libc__common.a
[/mnt/host/source/src/platform/ec/build/zephyr/ciri-lcov]   /mnt/host/source/src/platform/ec/build/zephyr/ciri/build-rw/zephyr/arch/common/CMakeFiles/isr_tables.dir/isr_tables.c.gcno:no functions found
[/mnt/host/source/src/platform/ec/build/zephyr/ciri-lcov] stderr:
[felino:rw] [128/372] Building C object zephyr/lib/posix/c_lib_ext/CMakeFiles/lib__posix__c_lib_ext.dir/getentropy.c.obj
[felino:rw] [129/372] Building C object zephyr/lib/posix/c_lib_ext/CMakeFiles/lib__posix__c_lib_ext.dir/getopt_shim.c.obj
[felino:rw] [130/372] Building C object zephyr/subsys/crc/CMakeFiles/subsys__crc.dir/crc32k_4_2_sw.c.obj
[felino:rw] [131/372] Building C object zephyr/lib/smf/CMakeFiles/lib__smf.dir/smf.c.obj
[felino:rw] [132/372] Linking C static library zephyr/lib/smf/liblib__smf.a
[felino:rw] [133/372] Linking C static library zephyr/subsys/crc/libsubsys__crc.a
[felino:rw] [134/372] Linking C static library zephyr/lib/posix/c_lib_ext/liblib__posix__c_lib_ext.a
[felino:rw] [135/372] Building C object zephyr/subsys/input/CMakeFiles/subsys__input.dir/input_hid.c.obj
[/mnt/host/source/src/platform/ec/build/zephyr/yavista-lcov]   /mnt/host/source/src/platform/ec/build/zephyr/yavista/build-rw/CMakeFiles/app.dir/mnt/host/source/src/platform/ec/build/zephyr/yavista/modules/ec/common/cbi_config.c.gcno:no functions found
[/mnt/host/source/src/platform/ec/build/zephyr/yavista-lcov] stderr:
[bloonchipper:ro] [97/519] Building C object zephyr/arch/arch/arm/core/cortex_m/CMakeFiles/arch__arm__core__cortex_m.dir/isr_wrapper.c.obj
[navi:ro] [154/379] Building C object zephyr/drivers/pinctrl/CMakeFiles/drivers__pinctrl.dir/common.c.obj
[bloonchipper:ro] [98/519] Linking C static library zephyr/arch/arch/arm/core/cortex_m/libarch__arm__core__cortex_m.a
[navi:ro] [155/379] Building C object zephyr/drivers/i2c/CMakeFiles/drivers__i2c.dir/i2c_shell.c.obj
[felino:rw] [136/372] Building C object zephyr/subsys/input/CMakeFiles/subsys__input.dir/input.c.obj
[bloonchipper:ro] [99/519] Building C object zephyr/arch/arch/arm/core/mpu/CMakeFiles/arch__arm__core__mpu.dir/arm_core_mpu.c.obj
[felino:ro] [24/372] Building C object CMakeFiles/app.dir/mnt/host/source/src/platform/ec/zephyr/subsys/ap_pwrseq/x86_non_dsx_common_pwrseq_sm_handler.c.obj
[felino:rw] [137/372] Building C object zephyr/drivers/interrupt_controller/CMakeFiles/drivers__interrupt_controller.dir/intc_ite_it8xxx2_v2.c.obj
[felino:rw] [138/372] Building C object zephyr/subsys/input/CMakeFiles/subsys__input.dir/input_utils.c.obj
[felino:rw] [139/372] Building C object zephyr/drivers/interrupt_controller/CMakeFiles/drivers__interrupt_controller.dir/wuc_ite_it8xxx2.c.obj
[felino:rw] [140/372] Linking C static library zephyr/subsys/input/libsubsys__input.a
[felino:rw] [141/372] Building C object zephyr/drivers/adc/CMakeFiles/drivers__adc.dir/adc_common.c.obj
[navi:ro] [156/379] Building C object zephyr/drivers/i2c/CMakeFiles/drivers__i2c.dir/i2c_ite_enhance.c.obj
[felino:rw] [142/372] Linking C static library zephyr/drivers/interrupt_controller/libdrivers__interrupt_controller.a
[felino:rw] [143/372] Building C object zephyr/drivers/bbram/CMakeFiles/drivers__bbram.dir/bbram_it8xxx2.c.obj
[navi:ro] [157/379] Linking C static library zephyr/drivers/i2c/libdrivers__i2c.a
[felino:rw] [144/372] Building C object zephyr/drivers/adc/CMakeFiles/drivers__adc.dir/adc_ite_it8xxx2.c.obj
[felino:rw] [145/372] Linking C static library zephyr/drivers/bbram/libdrivers__bbram.a
[felino:rw] [146/372] Linking C static library zephyr/drivers/adc/libdrivers__adc.a
[/mnt/host/source/src/platform/ec/build/zephyr/yavista-lcov]   /mnt/host/source/src/platform/ec/build/zephyr/yavista/build-rw/zephyr/arch/arch/riscv/core/CMakeFiles/arch__riscv__core.dir/cpu_idle.c.gcno:no functions found
[/mnt/host/source/src/platform/ec/build/zephyr/yavista-lcov] stderr:
[felino:rw] [147/372] Building C object zephyr/drivers/console/CMakeFiles/drivers__console.dir/uart_console.c.obj
[felino:rw] [148/372] Linking C static library zephyr/drivers/console/libdrivers__console.a
[bloonchipper:ro] [100/519] Building C object zephyr/arch/arch/arm/core/mpu/CMakeFiles/arch__arm__core__mpu.dir/arm_mpu_regions.c.obj
[navi:ro] [158/379] Building C object zephyr/drivers/pwm/CMakeFiles/drivers__pwm.dir/pwm_shell.c.obj
[navi:ro] [159/379] Building C object zephyr/drivers/pinctrl/CMakeFiles/drivers__pinctrl.dir/pinctrl_ite_it8xxx2.c.obj
[felino:rw] [149/372] Building C object zephyr/drivers/crypto/CMakeFiles/drivers__crypto.dir/crypto_it8xxx2_sha_v2.c.obj
[felino:rw] [150/372] Linking C static library zephyr/drivers/crypto/libdrivers__crypto.a
[navi:ro] [160/379] Linking C static library zephyr/drivers/pinctrl/libdrivers__pinctrl.a
[bloonchipper:ro] [101/519] Building C object zephyr/arch/arch/arm/core/mpu/CMakeFiles/arch__arm__core__mpu.dir/arm_mpu.c.obj
[felino:rw] [151/372] Building C object zephyr/drivers/flash/CMakeFiles/drivers__flash.dir/flash_ite_it8xxx2.c.obj
[bloonchipper:ro] [102/519] Linking C static library zephyr/arch/arch/arm/core/mpu/libarch__arm__core__mpu.a
[felino:rw] [152/372] Linking C static library zephyr/drivers/flash/libdrivers__flash.a
[felino:ro] [25/372] Building C object CMakeFiles/app.dir/mnt/host/source/src/platform/ec/zephyr/subsys/ap_pwrseq/x86_non_dsx_chipset_power_state.c.obj
[felino:rw] [153/372] Building C object zephyr/drivers/i2c/CMakeFiles/drivers__i2c.dir/i2c_common.c.obj
[navi:ro] [161/379] Building C object zephyr/drivers/pwm/CMakeFiles/drivers__pwm.dir/pwm_ite_it8xxx2.c.obj
[navi:ro] [162/379] Linking C static library zephyr/drivers/pwm/libdrivers__pwm.a
[felino:rw] [154/372] Building C object zephyr/drivers/i2c/CMakeFiles/drivers__i2c.dir/i2c_bitbang.c.obj
[navi:ro] [163/379] Building C object zephyr/drivers/syscon/CMakeFiles/drivers__syscon.dir/mnt/host/source/src/third_party/zephyr/main/misc/empty_file.c.obj
[felino:rw] [155/372] Building C object zephyr/drivers/espi/CMakeFiles/drivers__espi.dir/espi_it8xxx2.c.obj
[navi:ro] [164/379] Linking C static library zephyr/drivers/syscon/libdrivers__syscon.a
[krabby:rw] warning: PLATFORM_EC_BC12_CLIENT_MODE_ONLY_PI3USB9201 (defined at
[krabby:rw] /mnt/host/source/src/platform/ec/zephyr/Kconfig.usb_charger:53) was assigned the value 'y' but got
[krabby:rw] the value 'n'. Check these unsatisfied dependencies: PLATFORM_EC_BC12_DETECT_PI3USB9201 (=n). See ht
[krabby:rw] tp://docs.zephyrproject.org/latest/kconfig.html#CONFIG_PLATFORM_EC_BC12_CLIENT_MODE_ONLY_PI3USB9201
[krabby:rw] and/or look up PLATFORM_EC_BC12_CLIENT_MODE_ONLY_PI3USB9201 in the menuconfig/guiconfig interface.
[krabby:rw] The Application Development Primer, Setting Configuration Values, and Kconfig - Tips and Best
[krabby:rw] Practices sections of the manual might be helpful too.
[krabby:rw] warning: Deprecated symbol I2C_ALLOW_NO_STOP_TRANSACTIONS is enabled.
[felino:rw] [156/372] Linking C static library zephyr/drivers/espi/libdrivers__espi.a
[navi:ro] [165/379] Building C object zephyr/drivers/serial/CMakeFiles/drivers__serial.dir/uart_ite_it8xxx2.c.obj
[bloonchipper:ro] [103/519] Building C object zephyr/lib/libc/newlib/CMakeFiles/lib__libc__newlib.dir/libc-hooks.c.obj
[felino:rw] [157/372] Building C object zephyr/drivers/i2c/CMakeFiles/drivers__i2c.dir/i2c_shell.c.obj
[bloonchipper:ro] [104/519] Linking C static library zephyr/lib/libc/newlib/liblib__libc__newlib.a
[felino:rw] [158/372] Building C object zephyr/drivers/gpio/CMakeFiles/drivers__gpio.dir/gpio_ite_it8xxx2_v2.c.obj
[bloonchipper:ro] [105/519] Building C object zephyr/lib/libc/common/CMakeFiles/lib__libc__common.dir/source/stdlib/abort.c.obj
[felino:rw] [159/372] Linking C static library zephyr/drivers/gpio/libdrivers__gpio.a
[felino:rw] [160/372] Building C object zephyr/drivers/input/CMakeFiles/drivers__input.dir/input_ite_it8xxx2_kbd.c.obj
[felino:rw] [161/372] Building C object zephyr/drivers/pinctrl/CMakeFiles/drivers__pinctrl.dir/common.c.obj
[felino:rw] [162/372] Building C object zephyr/drivers/input/CMakeFiles/drivers__input.dir/input_kbd_matrix.c.obj
[navi:ro] [166/379] Building C object zephyr/drivers/serial/CMakeFiles/drivers__serial.dir/uart_ns16550.c.obj
[felino:rw] [163/372] Building C object zephyr/drivers/i2c/CMakeFiles/drivers__i2c.dir/i2c_ite_enhance.c.obj
[felino:rw] [164/372] Building C object zephyr/drivers/sensor/CMakeFiles/drivers__sensor.dir/mnt/host/source/src/third_party/zephyr/main/misc/empty_file.c.obj
[felino:rw] [165/372] Linking C static library zephyr/drivers/input/libdrivers__input.a
[navi:ro] [167/379] Linking C static library zephyr/drivers/serial/libdrivers__serial.a
[felino:ro] [26/372] Building C object CMakeFiles/app.dir/mnt/host/source/src/platform/ec/zephyr/subsys/ap_pwrseq/x86_non_dsx_common_pwrseq_host_sleep.c.obj
[felino:rw] [166/372] Linking C static library zephyr/drivers/sensor/libdrivers__sensor.a
[felino:rw] [167/372] Linking C static library zephyr/drivers/i2c/libdrivers__i2c.a
[krabby:rw] Parsing /mnt/host/source/src/platform/ec/zephyr/program/corsola/Kconfig
[bloonchipper:ro] [106/519] Building C object zephyr/lib/posix/c_lib_ext/CMakeFiles/lib__posix__c_lib_ext.dir/fnmatch.c.obj
[navi:ro] [168/379] Building C object zephyr/drivers/timer/CMakeFiles/drivers__timer.dir/sys_clock_init.c.obj
[bloonchipper:ro] [107/519] Building C object zephyr/lib/libc/common/CMakeFiles/lib__libc__common.dir/source/time/time.c.obj
[felino:rw] [168/372] Building C object zephyr/drivers/syscon/CMakeFiles/drivers__syscon.dir/mnt/host/source/src/third_party/zephyr/main/misc/empty_file.c.obj
[bloonchipper:ro] [108/519] Linking C static library zephyr/lib/libc/common/liblib__libc__common.a
[felino:rw] [169/372] Linking C static library zephyr/drivers/syscon/libdrivers__syscon.a
[felino:rw] [170/372] Building C object zephyr/drivers/pinctrl/CMakeFiles/drivers__pinctrl.dir/pinctrl_ite_it8xxx2.c.obj
[felino:rw] [171/372] Linking C static library zephyr/drivers/pinctrl/libdrivers__pinctrl.a
[navi:ro] [169/379] Building C object zephyr/drivers/timer/CMakeFiles/drivers__timer.dir/ite_it8xxx2_timer.c.obj
[felino:rw] [172/372] Building C object zephyr/drivers/pwm/CMakeFiles/drivers__pwm.dir/pwm_shell.c.obj
[navi:ro] [170/379] Linking C static library zephyr/drivers/timer/libdrivers__timer.a
[felino:rw] [173/372] Building C object zephyr/drivers/pwm/CMakeFiles/drivers__pwm.dir/pwm_ite_it8xxx2.c.obj
[felino:rw] [174/372] Building C object zephyr/drivers/serial/CMakeFiles/drivers__serial.dir/uart_ite_it8xxx2.c.obj
[felino:rw] [175/372] Linking C static library zephyr/drivers/pwm/libdrivers__pwm.a
[felino:rw] [176/372] Building C object zephyr/drivers/sensor/ite/ite_tach_it8xxx2/CMakeFiles/drivers__sensor__ite__ite_tach_it8xxx2.dir/tach_ite_it8xxx2.c.obj
[navi:ro] [171/379] Building C object zephyr/drivers/watchdog/CMakeFiles/drivers__watchdog.dir/wdt_ite_it8xxx2.c.obj
[navi:ro] [172/379] Building C object zephyr/drivers/watchdog/CMakeFiles/drivers__watchdog.dir/wdt_shell.c.obj
[felino:rw] [177/372] Linking C static library zephyr/drivers/sensor/ite/ite_tach_it8xxx2/libdrivers__sensor__ite__ite_tach_it8xxx2.a
[bloonchipper:ro] [109/519] Building C object zephyr/lib/posix/c_lib_ext/CMakeFiles/lib__posix__c_lib_ext.dir/getopt_shim.c.obj
[felino:rw] [178/372] Building C object zephyr/drivers/timer/CMakeFiles/drivers__timer.dir/sys_clock_init.c.obj
[navi:ro] [173/379] Linking C static library zephyr/drivers/watchdog/libdrivers__watchdog.a
[bloonchipper:ro] [110/519] Building C object zephyr/lib/posix/c_lib_ext/CMakeFiles/lib__posix__c_lib_ext.dir/getentropy.c.obj
[bloonchipper:ro] [111/519] Linking C static library zephyr/lib/posix/c_lib_ext/liblib__posix__c_lib_ext.a
[felino:rw] [179/372] Building C object zephyr/drivers/serial/CMakeFiles/drivers__serial.dir/uart_ns16550.c.obj
[felino:ro] [27/372] Building C object CMakeFiles/app.dir/mnt/host/source/src/platform/ec/zephyr/subsys/ap_pwrseq/x86_non_dsx_common_pwrseq_console.c.obj
[krabby:rw] Loaded configuration '/mnt/host/source/src/platform/ec/zephyr/boards/google/it8xxx2/it8xxx2_it81202bx_defconfig'
[krabby:rw] Merged configuration '/mnt/host/source/src/platform/ec/zephyr/program/corsola/program.conf'
[krabby:rw] Merged configuration '/mnt/host/source/src/platform/ec/zephyr/program/corsola/ite_program.conf'
[krabby:rw] Merged configuration '/mnt/host/source/src/platform/ec/zephyr/program/corsola/krabby/project.conf'
[krabby:rw] Merged configuration '/mnt/host/source/src/platform/ec/build/zephyr/krabby/kconfig-rw.conf'
[krabby:rw] Configuration saved to '/mnt/host/source/src/platform/ec/build/zephyr/krabby/build-rw/zephyr/.config'
[krabby:rw] Kconfig header saved to '/mnt/host/source/src/platform/ec/build/zephyr/krabby/build-rw/zephyr/include/generated/zephyr/autoconf.h'
[krabby:rw] -- Found GnuLd: /home/jpmurphy/.cache/coreboot-sdk/riscv64-elf/96b949749225b6aaa92ed810ab769e8dfb12f000/riscv64-elf/bin/ld.bfd (found version "2.43.1")
[felino:rw] [180/372] Linking C static library zephyr/drivers/serial/libdrivers__serial.a
[felino:rw] [181/372] Building C object zephyr/drivers/timer/CMakeFiles/drivers__timer.dir/ite_it8xxx2_timer.c.obj
[felino:rw] [182/372] Building C object zephyr/drivers/watchdog/CMakeFiles/drivers__watchdog.dir/wdt_ite_it8xxx2.c.obj
[felino:rw] [183/372] Linking C static library zephyr/drivers/timer/libdrivers__timer.a
[krabby:rw] -- The C compiler identification is GNU 14.2.0
[/mnt/host/source/src/platform/ec/build/zephyr/ciri-lcov]   /mnt/host/source/src/platform/ec/build/zephyr/ciri/build-rw/zephyr/CMakeFiles/zephyr.dir/subsys/shell/modules/kernel_service/kernel_shell.c.gcno:no functions found
[/mnt/host/source/src/platform/ec/build/zephyr/ciri-lcov] stderr:
[navi:ro] [174/379] Building C object modules/ec/zephyr/CMakeFiles/ec_shim.dir/app/ec/ec_app_main.c.obj
[felino:rw] [184/372] Building C object zephyr/drivers/watchdog/CMakeFiles/drivers__watchdog.dir/wdt_shell.c.obj
[felino:rw] [185/372] Linking C static library zephyr/drivers/watchdog/libdrivers__watchdog.a
[krabby:rw] -- The CXX compiler identification is GNU 14.2.0
[bloonchipper:ro] [112/519] Building C object zephyr/lib/posix/options/CMakeFiles/lib__posix__options.dir/clock.c.obj
[navi:ro] [175/379] Building C object modules/ec/zephyr/CMakeFiles/ec_shim.dir/app/ec/main_shim.c.obj
[felino:rw] [186/372] Building C object modules/ec/zephyr/CMakeFiles/ec_shim.dir/app/ec/main_shim.c.obj
[krabby:rw] -- The ASM compiler identification is GNU
[krabby:rw] CMake Warning at /mnt/host/source/src/platform/ec/zephyr/cmake/linker/ld/linker_libraries.cmake:11 (message):
[krabby:rw]   Disabling c_library
[felino:rw] [187/372] Building C object modules/ec/zephyr/CMakeFiles/ec_shim.dir/app/ec/ec_app_main.c.obj
[/mnt/host/source/src/platform/ec/build/zephyr/ciri-lcov]   /mnt/host/source/src/platform/ec/build/zephyr/ciri/build-rw/zephyr/CMakeFiles/zephyr.dir/lib/libc/validate_libc.c.gcno:no functions found
[/mnt/host/source/src/platform/ec/build/zephyr/ciri-lcov] stderr:
[felino:rw] [188/372] Building C object modules/ec/zephyr/CMakeFiles/ec_shim.dir/app/ec/chip/riscv/riscv-ite/it8xxx2-espi.c.obj
[felino:rw] [189/372] Building C object modules/ec/zephyr/CMakeFiles/ec_shim.dir/drivers/keyboard_input/keyboard_customization_check.c.obj
[felino:ro] [28/372] Building C object CMakeFiles/app.dir/mnt/host/source/src/platform/ec/zephyr/subsys/ap_pwrseq/x86_non_dsx_common_pwrseq_host_command.c.obj
[navi:ro] [176/379] Building C object modules/ec/zephyr/CMakeFiles/ec_shim.dir/drivers/cros_flash/cros_flash_it8xxx2.c.obj
[felino:rw] [190/372] Building C object modules/ec/zephyr/CMakeFiles/ec_shim.dir/drivers/cros_flash/cros_flash_it8xxx2.c.obj
[bloonchipper:ro] [113/519] Building C object zephyr/lib/posix/options/CMakeFiles/lib__posix__options.dir/timer.c.obj
[bloonchipper:ro] [114/519] Building C object zephyr/lib/posix/options/CMakeFiles/lib__posix__options.dir/timespec_to_timeout.c.obj
[felino:rw] [191/372] Building C object modules/ec/zephyr/CMakeFiles/ec_shim.dir/drivers/hibernate/hibernate_z5.c.obj
[felino:rw] [192/372] Building C object modules/ec/zephyr/CMakeFiles/ec_shim.dir/drivers/cros_system/cros_system_it8xxx2.c.obj
[krabby:rw] -- Found assembler: /home/jpmurphy/.cache/coreboot-sdk/riscv64-elf/96b949749225b6aaa92ed810ab769e8dfb12f000/bin/riscv64-elf-gcc
[krabby:rw] -- Performing EC specific devicetree checks
[navi:ro] [177/379] Building C object modules/ec/zephyr/CMakeFiles/ec_shim.dir/drivers/cros_kb_raw/cros_kb_raw_ite.c.obj
[felino:rw] [193/372] Building C object modules/ec/zephyr/CMakeFiles/ec_shim.dir/drivers/usbc/ucsi_v3.c.obj
[felino:rw] [194/372] Building C object modules/ec/zephyr/CMakeFiles/ec_shim.dir/drivers/keyboard_input/keyboard_input.c.obj
[krabby:rw] Call Stack (most recent call first):
[krabby:rw]   /mnt/host/source/src/third_party/zephyr/main/cmake/target_toolchain_flags.cmake:48 (include)
[krabby:rw]   /mnt/host/source/src/third_party/zephyr/main/cmake/modules/kernel.cmake:153 (include)
[krabby:rw]   /mnt/host/source/src/third_party/zephyr/main/cmake/modules/zephyr_default.cmake:138 (include)
[krabby:rw]   /mnt/host/source/src/third_party/zephyr/main/share/zephyr-package/cmake/ZephyrConfig.cmake:66 (include)
[krabby:rw]   /mnt/host/source/src/third_party/zephyr/main/share/zephyr-package/cmake/ZephyrConfig.cmake:97 (include_boilerplate)
[krabby:rw]   CMakeLists.txt:7 (find_package)
[krabby:rw] INFO: Verified 39 GPIOs, no duplicates found
[navi:ro] [178/379] Building C object modules/ec/zephyr/CMakeFiles/ec_shim.dir/drivers/cros_kblight/pwm_kblight.c.obj
[krabby:rw] INFO: Verified 29 '*-gpios' properties, all flags match.
[felino:rw] [195/372] Building C object modules/ec/zephyr/CMakeFiles/ec_shim.dir/drivers/keyboard_input/col_gpio_drive.c.obj
[krabby:rw] -- Generating component manifest file
[felino:ro] [29/372] Building C object CMakeFiles/app.dir/mnt/host/source/src/platform/ec/zephyr/subsys/ap_pwrseq/x86_non_dsx_mtl_pwrseq_sm.c.obj
[felino:rw] [196/372] Building C object modules/ec/zephyr/CMakeFiles/ec_shim.dir/drivers/usbc/tps6699x_cmd.c.obj
[bloonchipper:ro] [115/519] Building C object zephyr/lib/posix/options/CMakeFiles/lib__posix__options.dir/rwlock.c.obj
[navi:ro] [179/379] Building C object modules/ec/zephyr/CMakeFiles/ec_shim.dir/drivers/cros_system/cros_system_it8xxx2.c.obj
[bloonchipper:ro] [116/519] Building C object zephyr/lib/posix/options/CMakeFiles/lib__posix__options.dir/cond.c.obj
[krabby:rw] INFO: Skipped 0 named-gpios children.
[krabby:rw] INFO: Running CME, outputting to /mnt/host/source/src/platform/ec/build/zephyr/krabby/build-rw/zephyr/component_manifest.json
[krabby:rw] INFO: Project krabby does not support SSFC
[krabby:rw] INFO: Component usbpd@f03700(ite,it8xxx2-usbpd) not on I2C bus, skip it
[krabby:rw] INFO: Component virtual-mux-0(cros-ec,usbc-mux-virtual) not on I2C bus, skip it
[krabby:rw] INFO: Component usbpd@f03800(ite,it8xxx2-usbpd) not on I2C bus, skip it
[krabby:rw] INFO: Component virtual-mux-1(cros-ec,usbc-mux-virtual) not on I2C bus, skip it
[krabby:rw] -- warning_base_override: -Wall;-Wformat;-Wformat-security;-Wformat;-Wno-format-zero-length;-Wno-pointer-sign;-Wpointer-arith;-Wexpansion-to-defined
[felino:rw] [197/372] Building C object modules/ec/zephyr/CMakeFiles/ec_shim.dir/drivers/boot_keys/boot_keys.c.obj
[felino:rw] [198/372] Building C object modules/ec/zephyr/CMakeFiles/ec_shim.dir/drivers/runtime_keys/runtime_keys.c.obj
[/mnt/host/source/src/platform/ec/build/zephyr/ciri-lcov]   /mnt/host/source/src/platform/ec/build/zephyr/ciri/build-rw/zephyr/CMakeFiles/zephyr.dir/lib/utils/last_section_id.c.gcno:no functions found
[/mnt/host/source/src/platform/ec/build/zephyr/ciri-lcov] stderr:
[navi:ro] [180/379] Building C object modules/ec/zephyr/CMakeFiles/ec_shim.dir/shim/chip/it8xxx2/clock.c.obj
[felino:rw] [199/372] Building C object modules/ec/zephyr/CMakeFiles/ec_shim.dir/shim/chip/it8xxx2/clock.c.obj
[navi:ro] [181/379] Building C object modules/ec/zephyr/CMakeFiles/ec_shim.dir/shim/chip/it8xxx2/gpio.c.obj
[/mnt/host/source/src/platform/ec/build/zephyr/yavista-lcov]   /mnt/host/source/src/platform/ec/build/zephyr/yavista/build-rw/zephyr/arch/common/CMakeFiles/isr_tables.dir/isr_tables.c.gcno:no functions found
[/mnt/host/source/src/platform/ec/build/zephyr/yavista-lcov] stderr:
[felino:rw] [200/372] Building C object modules/ec/zephyr/CMakeFiles/ec_shim.dir/shim/chip/it8xxx2/gpio.c.obj
[felino:rw] [201/372] Building C object modules/ec/zephyr/CMakeFiles/ec_shim.dir/shim/src/crc.c.obj
[krabby:rw] -- Found gen_kobject_list: /mnt/host/source/src/third_party/zephyr/main/scripts/build/gen_kobject_list.py
[felino:rw] [202/372] Building C object modules/ec/zephyr/CMakeFiles/ec_shim.dir/drivers/vivaldi_kbd/vivaldi_kbd.c.obj
[krabby:rw] INFO: Component virtual-mux-1(cros-ec,usbc-mux-virtual) not on I2C bus, skip it
[krabby:rw] INFO: No motionsense-sensor-alt node found
[krabby:rw] CMake Warning at /mnt/host/source/src/third_party/zephyr/main/CMakeLists.txt:2359 (message):
[krabby:rw]   __ASSERT() statements are globally ENABLED
[felino:ro] [30/372] Building C object CMakeFiles/app.dir/mnt/host/source/src/platform/ec/zephyr/subsys/ap_pwrseq/ap_reset_log.c.obj
[felino:rw] [203/372] Building C object modules/ec/zephyr/CMakeFiles/ec_shim.dir/drivers/usbc/pdc_tps6699x.c.obj
[/mnt/host/source/src/platform/ec/build/zephyr/yavista-lcov]   /mnt/host/source/src/platform/ec/build/zephyr/yavista/build-rw/zephyr/CMakeFiles/zephyr.dir/lib/libc/validate_libc.c.gcno:no functions found
[/mnt/host/source/src/platform/ec/build/zephyr/yavista-lcov] stderr:
[krabby:rw] -- Configuring done (15.3s)
[felino:rw] [204/372] Building C object modules/ec/zephyr/CMakeFiles/ec_shim.dir/shim/chip/it8xxx2/system.c.obj
[bloonchipper:ro] [117/519] Building C object zephyr/lib/posix/options/CMakeFiles/lib__posix__options.dir/grp.c.obj
[bloonchipper:ro] [118/519] Building C object zephyr/lib/posix/options/CMakeFiles/lib__posix__options.dir/key.c.obj
[navi:ro] [182/379] Building C object modules/ec/zephyr/CMakeFiles/ec_shim.dir/shim/chip/it8xxx2/system.c.obj
[navi:ro] [183/379] Building C object modules/ec/zephyr/CMakeFiles/ec_shim.dir/shim/chip/it8xxx2/keyboard_raw.c.obj
[felino:rw] [205/372] Building C object modules/ec/zephyr/CMakeFiles/ec_shim.dir/shim/chip/it8xxx2/power_policy.c.obj
[krabby:rw] -- Generating done (0.4s)
[krabby:rw] CMake Warning:
[krabby:rw]   Manually-specified variables were not used by the project:
[krabby:rw]     COREBOOT_SDK_ROOT_arm
[krabby:rw]     COREBOOT_SDK_ROOT_libstdcxx_arm
[krabby:rw] -- Build files have been written to: /mnt/host/source/src/platform/ec/build/zephyr/krabby/build-rw
[felino:rw] [206/372] Building C object modules/ec/zephyr/CMakeFiles/ec_shim.dir/shim/src/console.c.obj
[felino:rw] [207/372] Building C object modules/ec/zephyr/CMakeFiles/ec_shim.dir/shim/src/panic_utils.c.obj
[krabby:rw]     COREBOOT_SDK_ROOT_libstdcxx_x86
[krabby:rw]     COREBOOT_SDK_ROOT_nds32
[krabby:rw]     COREBOOT_SDK_ROOT_picolibc_arm
[krabby:rw]     COREBOOT_SDK_ROOT_picolibc_x86
[krabby:rw]     COREBOOT_SDK_ROOT_riscv
[krabby:rw]     COREBOOT_SDK_ROOT_x86
[navi:ro] [184/379] Building C object modules/ec/zephyr/CMakeFiles/ec_shim.dir/shim/chip/it8xxx2/power_policy.c.obj
[felino:rw] [208/372] Building C object modules/ec/zephyr/CMakeFiles/ec_shim.dir/shim/src/gpio_int.c.obj
[felino:rw] [209/372] Building C object modules/ec/zephyr/CMakeFiles/ec_shim.dir/shim/src/cbi/cros_cbi.c.obj
[felino:rw] [210/372] Building C object modules/ec/zephyr/CMakeFiles/ec_shim.dir/shim/src/gpio.c.obj
[navi:ro] [185/379] Building C object modules/ec/zephyr/CMakeFiles/ec_shim.dir/shim/src/crc.c.obj
[felino:rw] [211/372] Building C object modules/ec/zephyr/CMakeFiles/ec_shim.dir/shim/src/pm_state.c.obj
[navi:ro] [186/379] Building C object modules/ec/zephyr/CMakeFiles/ec_shim.dir/shim/chip/it8xxx2/shi.c.obj
[felino:ro] [31/372] Building C object CMakeFiles/app.dir/mnt/host/source/src/platform/ec/zephyr/subsys/pd_controller/pdc_pmc_debug.c.obj
[bloonchipper:ro] [119/519] Building C object zephyr/lib/posix/options/CMakeFiles/lib__posix__options.dir/mutex.c.obj
[felino:rw] [212/372] Building C object modules/ec/zephyr/CMakeFiles/ec_shim.dir/shim/src/cbi/cbi_flash.c.obj
[bloonchipper:ro] [120/519] Building C object zephyr/lib/posix/options/CMakeFiles/lib__posix__options.dir/pthread.c.obj
[navi:ro] [187/379] Building C object modules/ec/zephyr/CMakeFiles/ec_shim.dir/shim/src/console.c.obj
[/mnt/host/source/src/platform/ec/build/zephyr/yavista-lcov]   /mnt/host/source/src/platform/ec/build/zephyr/yavista/build-rw/zephyr/CMakeFiles/zephyr.dir/lib/utils/last_section_id.c.gcno:no functions found
[/mnt/host/source/src/platform/ec/build/zephyr/yavista-lcov] stderr:
[bloonchipper:ro] [121/519] Building C object zephyr/lib/posix/options/CMakeFiles/lib__posix__options.dir/pwd.c.obj
[felino:rw] [213/372] Building C object modules/ec/zephyr/CMakeFiles/ec_shim.dir/shim/src/led_driver/led_gpio.c.obj
[bloonchipper:ro] [122/519] Linking C static library zephyr/lib/posix/options/liblib__posix__options.a
[felino:rw] [214/372] Building C object modules/ec/zephyr/CMakeFiles/ec_shim.dir/shim/src/led_driver/led.c.obj
[felino:rw] [215/372] Building C object modules/ec/zephyr/CMakeFiles/ec_shim.dir/shim/src/system.c.obj
[felino:rw] [216/372] Building C object modules/ec/zephyr/CMakeFiles/ec_shim.dir/shim/src/adc.c.obj
[felino:rw] [217/372] Building C object modules/ec/zephyr/CMakeFiles/ec_shim.dir/shim/src/battery.c.obj
[felino:rw] [218/372] Building C object modules/ec/zephyr/CMakeFiles/ec_shim.dir/shim/src/pdc_shim.c.obj
[navi:ro] [188/379] Building C object modules/ec/zephyr/CMakeFiles/ec_shim.dir/shim/src/gpio_int.c.obj
[navi:ro] [189/379] Building C object modules/ec/zephyr/CMakeFiles/ec_shim.dir/shim/src/gpio.c.obj
[felino:ro] [32/372] Building C object CMakeFiles/app.dir/mnt/host/source/src/platform/ec/zephyr/subsys/pd_controller/retimer_fw_update.c.obj
[bloonchipper:ro] [123/519] Building C object zephyr/subsys/mgmt/ec_host_cmd/CMakeFiles/subsys__mgmt__ec_host_cmd.dir/ec_host_cmd_handler.c.obj
[bloonchipper:ro] [124/519] Linking C static library zephyr/subsys/mgmt/ec_host_cmd/libsubsys__mgmt__ec_host_cmd.a
[felino:rw] [219/372] Building C object modules/ec/zephyr/CMakeFiles/ec_shim.dir/shim/src/charger.c.obj
[navi:ro] [190/379] Building C object modules/ec/zephyr/CMakeFiles/ec_shim.dir/shim/src/panic_utils.c.obj
[bloonchipper:ro] [125/519] Building C object zephyr/subsys/mgmt/ec_host_cmd/backends/CMakeFiles/subsys__mgmt__ec_host_cmd__backends.dir/ec_host_cmd_backend_uart.c.obj
[felino:rw] [220/372] Building C object modules/ec/zephyr/CMakeFiles/ec_shim.dir/shim/src/chipset_api.c.obj
[bloonchipper:ro] [126/519] Building C object zephyr/subsys/crc/CMakeFiles/subsys__crc.dir/crc4_sw.c.obj
[bloonchipper:ro] [127/519] Building C object zephyr/subsys/mgmt/ec_host_cmd/backends/CMakeFiles/subsys__mgmt__ec_host_cmd__backends.dir/ec_host_cmd_backend_spi_stm32.c.obj
[bloonchipper:ro] [128/519] Linking C static library zephyr/subsys/mgmt/ec_host_cmd/backends/libsubsys__mgmt__ec_host_cmd__backends.a
[bloonchipper:ro] [129/519] Building C object zephyr/subsys/crc/CMakeFiles/subsys__crc.dir/crc8_sw.c.obj
[felino:rw] [221/372] Building C object modules/ec/zephyr/CMakeFiles/ec_shim.dir/shim/src/hooks.c.obj
[felino:rw] [222/372] Building C object modules/ec/zephyr/CMakeFiles/ec_shim.dir/shim/src/host_command.c.obj
[felino:rw] [223/372] Building C object modules/ec/zephyr/CMakeFiles/ec_shim.dir/shim/src/espi.c.obj
[bloonchipper:ro] [130/519] Building C object zephyr/subsys/crc/CMakeFiles/subsys__crc.dir/crc16_sw.c.obj
[bloonchipper:ro] [131/519] Building C object zephyr/subsys/crc/CMakeFiles/subsys__crc.dir/crc7_sw.c.obj
[felino:rw] [224/372] Building C object modules/ec/zephyr/CMakeFiles/ec_shim.dir/shim/src/fan.c.obj
[navi:ro] [191/379] Building C object modules/ec/zephyr/CMakeFiles/ec_shim.dir/shim/src/pm_state.c.obj
[navi:ro] [192/379] Building C object modules/ec/zephyr/CMakeFiles/ec_shim.dir/shim/src/cbi/cros_cbi.c.obj
[felino:rw] [225/372] Building C object modules/ec/zephyr/CMakeFiles/ec_shim.dir/shim/src/flash.c.obj
[bloonchipper:ro] [132/519] Building C object zephyr/subsys/random/CMakeFiles/subsys__random.dir/random_entropy_device.c.obj
[bloonchipper:ro] [133/519] Linking C static library zephyr/subsys/random/libsubsys__random.a
[bloonchipper:ro] [134/519] Building C object zephyr/subsys/crc/CMakeFiles/subsys__crc.dir/crc32c_sw.c.obj
[bloonchipper:ro] [135/519] Building C object zephyr/subsys/crc/CMakeFiles/subsys__crc.dir/crc24_sw.c.obj
[felino:rw] [226/372] Building C object modules/ec/zephyr/CMakeFiles/ec_shim.dir/shim/src/console_buffer.c.obj
[felino:rw] [227/372] Building C object modules/ec/zephyr/CMakeFiles/ec_shim.dir/shim/src/mkbp_event.c.obj
[bloonchipper:ro] [136/519] Building C object zephyr/subsys/crc/CMakeFiles/subsys__crc.dir/crc32_sw.c.obj
[bloonchipper:ro] [137/519] Building C object zephyr/subsys/crc/CMakeFiles/subsys__crc.dir/crc32k_4_2_sw.c.obj
[navi:ro] [193/379] Building C object modules/ec/zephyr/CMakeFiles/ec_shim.dir/shim/src/cbi/cros_cbi_fw_config.c.obj
[bloonchipper:ro] [138/519] Linking C static library zephyr/subsys/crc/libsubsys__crc.a
[felino:rw] [228/372] Building C object modules/ec/zephyr/CMakeFiles/ec_shim.dir/shim/src/hwtimer.c.obj
[felino:rw] [229/372] Building C object modules/ec/zephyr/CMakeFiles/ec_shim.dir/shim/src/panic.c.obj
[felino:rw] [230/372] Building C object modules/ec/zephyr/CMakeFiles/ec_shim.dir/shim/src/thermal.c.obj
[felino:rw] [231/372] Building C object modules/ec/zephyr/CMakeFiles/ec_shim.dir/shim/src/temp_sensors.c.obj
[navi:ro] [194/379] Building C object modules/ec/zephyr/CMakeFiles/ec_shim.dir/shim/src/cbi/cbi_flash.c.obj
[felino:rw] [232/372] cd /mnt/host/source/src/platform/ec/build/zephyr/felino/build-rw/modules/ec/zephyr && PYTHONPATH=/mnt/host/source/src/platform/ec/build/zephyr/felino/modules/ec/zephyr/zmake/ /usr/bin/python3.11 /mnt/host/source/src/platform/ec/build/zephyr/felino/modules/ec/zephyr/zmake/zephyr_build_tools/generate_ec_version.py /mnt/host/source/src/platform/ec/build/zephyr/felino/build-rw/modules/ec/zephyr/include/ec_version.h --name Zephyr-Kernel --version 16543.0.0 --static
[felino:rw] INFO:root:Using a static version string
[felino:rw] INFO:root:Version string: Zephyr-Kernel-16543.0.0
[felino:rw] INFO:root:Writing header to /mnt/host/source/src/platform/ec/build/zephyr/felino/build-rw/modules/ec/zephyr/include/ec_version.h
[felino:rw] [233/372] Building C object modules/ec/zephyr/CMakeFiles/ec_shim.dir/shim/src/i2c.c.obj
[bloonchipper:ro] [139/519] Building C object zephyr/drivers/interrupt_controller/CMakeFiles/drivers__interrupt_controller.dir/intc_exti_stm32.c.obj
[navi:ro] [195/379] Building C object modules/ec/zephyr/CMakeFiles/ec_shim.dir/shim/src/system.c.obj
[bloonchipper:ro] [140/519] Building C object zephyr/drivers/interrupt_controller/CMakeFiles/drivers__interrupt_controller.dir/intc_gpio_stm32.c.obj
[felino:rw] [234/372] Building C object modules/ec/zephyr/CMakeFiles/ec_shim.dir/shim/src/tasks.c.obj
[bloonchipper:ro] [141/519] Linking C static library zephyr/drivers/interrupt_controller/libdrivers__interrupt_controller.a
[felino:rw] [235/372] Building C object modules/ec/zephyr/CMakeFiles/ec_shim.dir/shim/src/watchdog.c.obj
[navi:ro] [196/379] Building C object modules/ec/zephyr/CMakeFiles/ec_shim.dir/shim/src/adc.c.obj
[bloonchipper:ro] [142/519] Building C object zephyr/drivers/bbram/CMakeFiles/drivers__bbram.dir/bbram_stm32.c.obj
[felino:rw] [236/372] Building C object modules/ec/zephyr/CMakeFiles/ec_shim.dir/shim/src/usba.c.obj
[felino:rw] [237/372] Building C object modules/ec/zephyr/CMakeFiles/ec_shim.dir/shim/src/power_host_sleep_api.c.obj
[bloonchipper:ro] [143/519] Linking C static library zephyr/drivers/bbram/libdrivers__bbram.a
[felino:rw] [238/372] Building C object modules/ec/zephyr/CMakeFiles/ec_shim.dir/shim/src/sha256_hw.c.obj
[felino:ro] [33/372] Building C object CMakeFiles/app.dir/mnt/host/source/src/platform/ec/zephyr/subsys/pd_controller/pdc_power_mgmt.c.obj
[felino:rw] [239/372] Building C object CMakeFiles/app.dir/mnt/host/source/src/platform/ec/zephyr/subsys/ap_pwrseq/ap_events.c.obj
[navi:ro] [197/379] Building C object modules/ec/zephyr/CMakeFiles/ec_shim.dir/shim/src/battery.c.obj
[felino:rw] [240/372] Building C object CMakeFiles/app.dir/mnt/host/source/src/platform/ec/zephyr/subsys/ap_pwrseq/ap_power_interface.c.obj
[navi:ro] [198/379] Building C object modules/ec/zephyr/CMakeFiles/ec_shim.dir/shim/src/charger.c.obj
[bloonchipper:ro] [144/519] Building C object zephyr/drivers/clock_control/CMakeFiles/drivers__clock_control.dir/clock_stm32_ll_common.c.obj
[felino:rw] [241/372] Building C object CMakeFiles/app.dir/mnt/host/source/src/platform/ec/zephyr/subsys/ap_pwrseq/power_signals.c.obj
[bloonchipper:ro] [145/519] Building C object zephyr/drivers/clock_control/CMakeFiles/drivers__clock_control.dir/clock_stm32f2_f4_f7.c.obj
[bloonchipper:ro] [146/519] Linking C static library zephyr/drivers/clock_control/libdrivers__clock_control.a
[felino:rw] [242/372] Building C object CMakeFiles/app.dir/mnt/host/source/src/platform/ec/zephyr/subsys/ap_pwrseq/signal_gpio.c.obj
[felino:rw] [243/372] Building C object CMakeFiles/app.dir/mnt/host/source/src/platform/ec/zephyr/subsys/ap_pwrseq/ap_pwrseq_sm.c.obj
[bloonchipper:ro] [147/519] Building C object zephyr/drivers/console/CMakeFiles/drivers__console.dir/uart_console.c.obj
[bloonchipper:ro] [148/519] Linking C static library zephyr/drivers/console/libdrivers__console.a
[felino:rw] [244/372] Building C object CMakeFiles/app.dir/mnt/host/source/src/platform/ec/zephyr/subsys/ap_pwrseq/signal_vw.c.obj
[navi:ro] [199/379] Building C object modules/ec/zephyr/CMakeFiles/ec_shim.dir/shim/src/flash.c.obj
[felino:rw] [245/372] Building C object CMakeFiles/app.dir/mnt/host/source/src/platform/ec/zephyr/subsys/ap_pwrseq/ap_pwrseq.c.obj
[felino:rw] [246/372] Building C object CMakeFiles/app.dir/mnt/host/source/src/platform/ec/zephyr/subsys/ap_pwrseq/power_host_sleep.c.obj
[navi:ro] [200/379] Building C object modules/ec/zephyr/CMakeFiles/ec_shim.dir/shim/src/hooks.c.obj
[felino:ro] [34/372] Building C object CMakeFiles/app.dir/mnt/host/source/src/platform/ec/zephyr/subsys/pd_controller/pdc_console.c.obj
[navi:ro] [201/379] Building C object modules/ec/zephyr/CMakeFiles/ec_shim.dir/shim/src/host_command.c.obj
[felino:rw] [247/372] Building C object CMakeFiles/app.dir/mnt/host/source/src/platform/ec/zephyr/subsys/ap_pwrseq/x86_non_dsx_common_pwrseq_sm_handler.c.obj
[bloonchipper:ro] [149/519] Building C object zephyr/drivers/counter/CMakeFiles/drivers__counter.dir/counter_stm32_rtc.c.obj
[felino:rw] [248/372] Building C object CMakeFiles/app.dir/mnt/host/source/src/platform/ec/zephyr/subsys/ap_pwrseq/x86_non_dsx_chipset_power_state.c.obj
[felino:rw] [249/372] Building C object CMakeFiles/app.dir/mnt/host/source/src/platform/ec/zephyr/subsys/ap_pwrseq/x86_non_dsx_common_pwrseq_host_sleep.c.obj
[bloonchipper:ro] [150/519] Building C object zephyr/drivers/counter/CMakeFiles/drivers__counter.dir/counter_stm32_timer.c.obj
[felino:rw] [250/372] Building C object CMakeFiles/app.dir/mnt/host/source/src/platform/ec/zephyr/subsys/ap_pwrseq/x86_non_dsx_common_pwrseq_console.c.obj
[bloonchipper:ro] [151/519] Linking C static library zephyr/drivers/counter/libdrivers__counter.a
[bloonchipper:ro] [152/519] Building C object zephyr/drivers/dma/CMakeFiles/drivers__dma.dir/dma_stm32.c.obj
[felino:rw] [251/372] Building C object CMakeFiles/app.dir/mnt/host/source/src/platform/ec/zephyr/subsys/ap_pwrseq/x86_non_dsx_common_pwrseq_host_command.c.obj
[navi:ro] [202/379] Building C object modules/ec/zephyr/CMakeFiles/ec_shim.dir/shim/src/console_buffer.c.obj
[felino:rw] [252/372] Building C object CMakeFiles/app.dir/mnt/host/source/src/platform/ec/zephyr/subsys/ap_pwrseq/ap_reset_log.c.obj
[felino:rw] [253/372] Building C object CMakeFiles/app.dir/mnt/host/source/src/platform/ec/zephyr/subsys/ap_pwrseq/x86_non_dsx_mtl_pwrseq_sm.c.obj
[navi:ro] [203/379] Building C object modules/ec/zephyr/CMakeFiles/ec_shim.dir/shim/src/keyboard_raw.c.obj
[navi:ro] [204/379] Building C object modules/ec/zephyr/CMakeFiles/ec_shim.dir/shim/src/keyscan.c.obj
[felino:ro] [35/372] Building C object CMakeFiles/app.dir/mnt/host/source/src/platform/ec/zephyr/subsys/pd_controller/pdc_host_cmd.c.obj
[bloonchipper:ro] [153/519] Building C object zephyr/drivers/flash/CMakeFiles/drivers__flash.dir/flash_page_layout.c.obj
[bloonchipper:ro] [154/519] Building C object zephyr/drivers/dma/CMakeFiles/drivers__dma.dir/dma_stm32_v1.c.obj
[felino:rw] [254/372] Building C object CMakeFiles/app.dir/mnt/host/source/src/platform/ec/zephyr/subsys/pd_controller/pdc_pmc_debug.c.obj
[bloonchipper:ro] [155/519] Linking C static library zephyr/drivers/dma/libdrivers__dma.a
[felino:rw] [255/372] Building C object CMakeFiles/app.dir/mnt/host/source/src/platform/ec/zephyr/subsys/pd_controller/retimer_fw_update.c.obj
[bloonchipper:ro] [156/519] Building C object zephyr/drivers/entropy/CMakeFiles/drivers__entropy.dir/entropy_stm32.c.obj
[navi:ro] [205/379] Building C object modules/ec/zephyr/CMakeFiles/ec_shim.dir/shim/src/mkbp_event.c.obj
[bloonchipper:ro] [157/519] Linking C static library zephyr/drivers/entropy/libdrivers__entropy.a
[felino:rw] [256/372] Building C object CMakeFiles/app.dir/mnt/host/source/src/platform/ec/zephyr/subsys/pd_controller/pdc_stub.c.obj
[felino:rw] [257/372] Building C object CMakeFiles/app.dir/mnt/host/source/src/platform/ec/zephyr/subsys/pd_controller/pdc_console.c.obj
[felino:rw] [258/372] Building C object CMakeFiles/app.dir/mnt/host/source/src/platform/ec/zephyr/subsys/pd_controller/pdc_host_cmd.c.obj
[felino:rw] [259/372] Building C object CMakeFiles/app.dir/mnt/host/source/src/platform/ec/zephyr/subsys/pd_controller/pdc_dpm.c.obj
[navi:ro] [206/379] Building C object modules/ec/zephyr/CMakeFiles/ec_shim.dir/shim/src/panic.c.obj
[navi:ro] [207/379] Building C object modules/ec/zephyr/CMakeFiles/ec_shim.dir/shim/src/motionsense_sensors.c.obj
[felino:ro] [36/372] Building C object CMakeFiles/app.dir/mnt/host/source/src/platform/ec/zephyr/subsys/pd_controller/pdc_stub.c.obj
[bloonchipper:ro] [158/519] Building C object zephyr/drivers/flash/CMakeFiles/drivers__flash.dir/flash_shell.c.obj
[bloonchipper:ro] [159/519] Building C object zephyr/drivers/flash/CMakeFiles/drivers__flash.dir/flash_stm32_ex_op.c.obj
[felino:rw] [260/372] Building C object CMakeFiles/app.dir/mnt/host/source/src/platform/ec/zephyr/subsys/ucsi/ppm_common.c.obj
[navi:ro] [208/379] Building C object modules/ec/zephyr/CMakeFiles/ec_shim.dir/shim/src/power.c.obj
[felino:rw] [261/372] Building C object CMakeFiles/app.dir/mnt/host/source/src/platform/ec/build/zephyr/felino/modules/ec/builtin/stdlib.c.obj
[bloonchipper:ro] [160/519] Building C object zephyr/drivers/flash/CMakeFiles/drivers__flash.dir/flash_stm32.c.obj
[felino:rw] [262/372] Building C object CMakeFiles/app.dir/mnt/host/source/src/platform/ec/zephyr/subsys/ucsi/ppm_console.c.obj
[felino:rw] [263/372] Building C object CMakeFiles/app.dir/mnt/host/source/src/platform/ec/zephyr/subsys/ucsi/ucsi_host_cmd.c.obj
[felino:rw] [264/372] Building C object CMakeFiles/app.dir/mnt/host/source/src/platform/ec/build/zephyr/felino/modules/ec/common/base32.c.obj
[felino:rw] [265/372] Building C object CMakeFiles/app.dir/mnt/host/source/src/platform/ec/zephyr/subsys/ucsi/ppm_driver.c.obj
[navi:ro] [209/379] Building C object modules/ec/zephyr/CMakeFiles/ec_shim.dir/shim/src/pwm_hc.c.obj
[felino:rw] [266/372] Building C object CMakeFiles/app.dir/mnt/host/source/src/platform/ec/zephyr/subsys/pd_controller/pdc_power_mgmt.c.obj
[bloonchipper:ro] [161/519] Building C object zephyr/drivers/flash/CMakeFiles/drivers__flash.dir/flash_stm32f4x.c.obj
[felino:ro] [37/372] Building C object CMakeFiles/app.dir/mnt/host/source/src/platform/ec/zephyr/subsys/pd_controller/pdc_dpm.c.obj
[bloonchipper:ro] [162/519] Linking C static library zephyr/drivers/flash/libdrivers__flash.a
[navi:ro] [210/379] Building C object modules/ec/zephyr/CMakeFiles/ec_shim.dir/shim/src/temp_sensors.c.obj
[navi:ro] [211/379] Building C object modules/ec/zephyr/CMakeFiles/ec_shim.dir/shim/src/thermal.c.obj
[felino:rw] [267/372] Building C object CMakeFiles/app.dir/mnt/host/source/src/platform/ec/build/zephyr/felino/modules/ec/common/console_output.c.obj
[bloonchipper:ro] [163/519] Building C object zephyr/drivers/gpio/CMakeFiles/drivers__gpio.dir/gpio_stm32.c.obj
[felino:rw] [268/372] Building C object CMakeFiles/app.dir/mnt/host/source/src/platform/ec/build/zephyr/felino/modules/ec/common/ec_features.c.obj
[felino:rw] [269/372] Building C object CMakeFiles/app.dir/mnt/host/source/src/platform/ec/build/zephyr/felino/modules/ec/common/gpio_commands.c.obj
[felino:rw] [270/372] Building C object CMakeFiles/app.dir/mnt/host/source/src/platform/ec/build/zephyr/felino/modules/ec/common/peripheral.c.obj
[felino:rw] [271/372] Building C object CMakeFiles/app.dir/mnt/host/source/src/platform/ec/build/zephyr/felino/modules/ec/common/printf.c.obj
[bloonchipper:ro] [164/519] Building C object zephyr/drivers/gpio/CMakeFiles/drivers__gpio.dir/gpio_hogs.c.obj
[bloonchipper:ro] [165/519] Linking C static library zephyr/drivers/gpio/libdrivers__gpio.a
[navi:ro] [212/379] Building C object modules/ec/zephyr/CMakeFiles/ec_shim.dir/shim/src/hwtimer.c.obj
[felino:rw] [272/372] Building C object CMakeFiles/app.dir/mnt/host/source/src/platform/ec/build/zephyr/felino/modules/ec/common/queue.c.obj
[bloonchipper:ro] [166/519] Building C object zephyr/drivers/hwinfo/CMakeFiles/drivers__hwinfo.dir/hwinfo_weak_impl.c.obj
[felino:ro] [38/372] Building C object CMakeFiles/app.dir/mnt/host/source/src/platform/ec/zephyr/subsys/ucsi/ppm_common.c.obj
[navi:ro] [213/379] Building C object modules/ec/zephyr/CMakeFiles/ec_shim.dir/shim/src/i2c.c.obj
[felino:rw] [273/372] Building C object CMakeFiles/app.dir/mnt/host/source/src/platform/ec/build/zephyr/felino/modules/ec/common/system_boot_time.c.obj
[bloonchipper:ro] [167/519] Building C object zephyr/drivers/pinctrl/CMakeFiles/drivers__pinctrl.dir/common.c.obj
[felino:rw] [274/372] Building C object CMakeFiles/app.dir/mnt/host/source/src/platform/ec/build/zephyr/felino/modules/ec/common/system.c.obj
[bloonchipper:ro] [168/519] Building C object zephyr/drivers/hwinfo/CMakeFiles/drivers__hwinfo.dir/hwinfo_stm32.c.obj
[bloonchipper:ro] [169/519] Linking C static library zephyr/drivers/hwinfo/libdrivers__hwinfo.a
[felino:rw] [275/372] Building C object CMakeFiles/app.dir/mnt/host/source/src/platform/ec/build/zephyr/felino/modules/ec/common/uart_printf.c.obj
[navi:ro] [214/379] Building C object modules/ec/zephyr/CMakeFiles/ec_shim.dir/shim/src/tasks.c.obj
[felino:rw] [276/372] Building C object CMakeFiles/app.dir/mnt/host/source/src/platform/ec/build/zephyr/felino/modules/ec/common/util.c.obj
[felino:rw] [277/372] Building C object CMakeFiles/app.dir/mnt/host/source/src/platform/ec/build/zephyr/felino/modules/ec/common/version.c.obj
[felino:rw] [278/372] Building C object CMakeFiles/app.dir/mnt/host/source/src/platform/ec/build/zephyr/felino/modules/ec/common/power_button_x86.c.obj
[navi:ro] [215/379] Building C object modules/ec/zephyr/CMakeFiles/ec_shim.dir/shim/src/watchdog.c.obj
[felino:rw] [279/372] Building C object CMakeFiles/app.dir/mnt/host/source/src/platform/ec/build/zephyr/felino/modules/ec/common/adc.c.obj
[bloonchipper:ro] [170/519] Building C object zephyr/drivers/pinctrl/CMakeFiles/drivers__pinctrl.dir/pinctrl_stm32.c.obj
[bloonchipper:ro] [171/519] Linking C static library zephyr/drivers/pinctrl/libdrivers__pinctrl.a
[bloonchipper:ro] [172/519] Building C object zephyr/drivers/reset/CMakeFiles/drivers__reset.dir/reset_stm32.c.obj
[bloonchipper:ro] [173/519] Linking C static library zephyr/drivers/reset/libdrivers__reset.a
[navi:ro] [216/379] Building C object modules/ec/zephyr/CMakeFiles/ec_shim.dir/shim/src/ppc.c.obj
[felino:rw] [280/372] Building C object CMakeFiles/app.dir/mnt/host/source/src/platform/ec/build/zephyr/felino/modules/ec/common/acpi.c.obj
[felino:ro] [39/372] Building C object CMakeFiles/app.dir/mnt/host/source/src/platform/ec/zephyr/subsys/ucsi/ppm_console.c.obj
[felino:rw] [281/372] Building C object CMakeFiles/app.dir/mnt/host/source/src/platform/ec/build/zephyr/felino/modules/ec/common/battery_info.c.obj
[navi:ro] [217/379] Building C object modules/ec/zephyr/CMakeFiles/ec_shim.dir/shim/src/usba.c.obj
[/mnt/host/source/src/platform/ec/build/zephyr/yavista-lcov]   /mnt/host/source/src/platform/ec/build/zephyr/yavista/build-rw/zephyr/CMakeFiles/zephyr.dir/soc/ite/ec/it8xxx2/check_regs.c.gcno:no functions found
[/mnt/host/source/src/platform/ec/build/zephyr/yavista-lcov] stderr:
[felino:rw] [282/372] Building C object CMakeFiles/app.dir/mnt/host/source/src/platform/ec/build/zephyr/felino/modules/ec/common/battery.c.obj
[bloonchipper:ro] [174/519] Building C object zephyr/drivers/serial/CMakeFiles/drivers__serial.dir/uart_stm32.c.obj
[felino:rw] [283/372] Building C object CMakeFiles/app.dir/mnt/host/source/src/platform/ec/build/zephyr/felino/modules/ec/common/battery_fuel_gauge.c.obj
[navi:ro] [218/379] cd /mnt/host/source/src/platform/ec/build/zephyr/navi/build-ro/modules/ec/zephyr && PYTHONPATH=/mnt/host/source/src/platform/ec/build/zephyr/navi/modules/ec/zephyr/zmake/ /usr/bin/python3.11 /mnt/host/source/src/platform/ec/build/zephyr/navi/modules/ec/zephyr/zmake/zephyr_build_tools/generate_ec_version.py /mnt/host/source/src/platform/ec/build/zephyr/navi/build-ro/modules/ec/zephyr/include/ec_version.h --name Zephyr-Kernel --version 16543.0.0 --static
[navi:ro] INFO:root:Using a static version string
[bloonchipper:ro] [175/519] Linking C static library zephyr/drivers/serial/libdrivers__serial.a
[felino:rw] [284/372] Building C object CMakeFiles/app.dir/mnt/host/source/src/platform/ec/build/zephyr/felino/modules/ec/driver/battery/smart.c.obj
[felino:rw] [285/372] Building C object CMakeFiles/app.dir/mnt/host/source/src/platform/ec/build/zephyr/felino/modules/ec/driver/charger/bq25710.c.obj
[felino:rw] [286/372] Building C object CMakeFiles/app.dir/mnt/host/source/src/platform/ec/build/zephyr/felino/modules/ec/common/charger.c.obj
[navi:ro] INFO:root:Version string: Zephyr-Kernel-16543.0.0
[navi:ro] INFO:root:Writing header to /mnt/host/source/src/platform/ec/build/zephyr/navi/build-ro/modules/ec/zephyr/include/ec_version.h
[navi:ro] [219/379] Building C object modules/ec/zephyr/CMakeFiles/ec_shim.dir/shim/src/usb_muxes.c.obj
[bloonchipper:ro] [176/519] Building C object zephyr/drivers/timer/CMakeFiles/drivers__timer.dir/sys_clock_init.c.obj
[navi:ro] [220/379] Building C object modules/ec/zephyr/CMakeFiles/ec_shim.dir/shim/src/sha256_hw.c.obj
[bloonchipper:ro] [177/519] Building C object zephyr/drivers/spi/CMakeFiles/drivers__spi.dir/spi_stm32.c.obj
[bloonchipper:ro] [178/519] Linking C static library zephyr/drivers/spi/libdrivers__spi.a
[felino:rw] [287/372] Building C object CMakeFiles/app.dir/mnt/host/source/src/platform/ec/build/zephyr/felino/modules/ec/common/cbi_common.c.obj
[bloonchipper:ro] [179/519] Building C object zephyr/drivers/timer/CMakeFiles/drivers__timer.dir/cortex_m_systick.c.obj
[felino:ro] [40/372] Building C object CMakeFiles/app.dir/mnt/host/source/src/platform/ec/zephyr/subsys/ucsi/ppm_driver.c.obj
[felino:rw] [288/372] Building C object CMakeFiles/app.dir/mnt/host/source/src/platform/ec/build/zephyr/felino/modules/ec/common/cbi_config.c.obj
[bloonchipper:ro] [180/519] Linking C static library zephyr/drivers/timer/libdrivers__timer.a
[navi:ro] [221/379] Building C object CMakeFiles/app.dir/mnt/host/source/src/platform/ec/zephyr/subsys/ap_pwrseq/ap_events.c.obj
[felino:rw] [289/372] Building C object CMakeFiles/app.dir/mnt/host/source/src/platform/ec/build/zephyr/felino/modules/ec/common/charge_state.c.obj
[felino:rw] [290/372] Building C object CMakeFiles/app.dir/mnt/host/source/src/platform/ec/build/zephyr/felino/modules/ec/common/cbi.c.obj
[felino:rw] [291/372] Building C object CMakeFiles/app.dir/mnt/host/source/src/platform/ec/build/zephyr/felino/modules/ec/common/memory_commands.c.obj
[navi:ro] [222/379] Building C object CMakeFiles/app.dir/mnt/host/source/src/platform/ec/build/zephyr/navi/modules/ec/builtin/stdlib.c.obj
[felino:rw] [292/372] Building C object CMakeFiles/app.dir/mnt/host/source/src/platform/ec/build/zephyr/felino/modules/ec/common/dptf.c.obj
[felino:rw] [293/372] Building C object CMakeFiles/app.dir/mnt/host/source/src/platform/ec/build/zephyr/felino/modules/ec/common/charge_manager.c.obj
[bloonchipper:ro] [181/519] Building C object zephyr/drivers/watchdog/CMakeFiles/drivers__watchdog.dir/wdt_iwdg_stm32.c.obj
[navi:ro] [223/379] Building C object CMakeFiles/app.dir/mnt/host/source/src/platform/ec/build/zephyr/navi/modules/ec/common/base32.c.obj
[bloonchipper:ro] [182/519] Building C object zephyr/drivers/watchdog/CMakeFiles/drivers__watchdog.dir/wdt_counter.c.obj
[felino:rw] [294/372] Building C object CMakeFiles/app.dir/mnt/host/source/src/platform/ec/build/zephyr/felino/modules/ec/common/espi.c.obj
[bloonchipper:ro] [183/519] Linking C static library zephyr/drivers/watchdog/libdrivers__watchdog.a
[felino:rw] [295/372] Building C object CMakeFiles/app.dir/mnt/host/source/src/platform/ec/build/zephyr/felino/modules/ec/common/ap_reset_log.c.obj
[felino:ro] [41/372] Building C object CMakeFiles/app.dir/mnt/host/source/src/platform/ec/zephyr/subsys/ucsi/ucsi_host_cmd.c.obj
[navi:ro] [224/379] Building C object CMakeFiles/app.dir/mnt/host/source/src/platform/ec/build/zephyr/navi/modules/ec/common/console_output.c.obj
[bloonchipper:ro] [184/519] Building C object modules/ec/zephyr/CMakeFiles/ec_shim.dir/app/ec/ec_app_main.c.obj
[felino:rw] [296/372] Building C object CMakeFiles/app.dir/mnt/host/source/src/platform/ec/build/zephyr/felino/modules/ec/common/extpower_common.c.obj
[felino:rw] [297/372] Building C object CMakeFiles/app.dir/mnt/host/source/src/platform/ec/build/zephyr/felino/modules/ec/common/extpower_gpio.c.obj
[navi:ro] [225/379] Building C object CMakeFiles/app.dir/mnt/host/source/src/platform/ec/build/zephyr/navi/modules/ec/common/ec_features.c.obj
[bloonchipper:ro] [185/519] Building C object modules/ec/zephyr/CMakeFiles/ec_shim.dir/app/ec/main_shim.c.obj
[felino:rw] [298/372] Building C object CMakeFiles/app.dir/mnt/host/source/src/platform/ec/build/zephyr/felino/modules/ec/common/host_command.c.obj
[felino:rw] [299/372] Building C object CMakeFiles/app.dir/mnt/host/source/src/platform/ec/build/zephyr/felino/modules/ec/common/fan.c.obj
[navi:ro] [226/379] Building C object CMakeFiles/app.dir/mnt/host/source/src/platform/ec/build/zephyr/navi/modules/ec/common/gpio_commands.c.obj
[felino:rw] [300/372] Building C object CMakeFiles/app.dir/mnt/host/source/src/platform/ec/build/zephyr/felino/modules/ec/common/flash.c.obj
[felino:rw] [301/372] Building C object CMakeFiles/app.dir/mnt/host/source/src/platform/ec/build/zephyr/felino/modules/ec/common/host_command_task.c.obj
[bloonchipper:ro] [186/519] Building C object modules/ec/zephyr/CMakeFiles/ec_shim.dir/drivers/cros_flash/cros_flash.c.obj
[felino:ro] [42/372] Building C object CMakeFiles/app.dir/mnt/host/source/src/platform/ec/build/zephyr/felino/modules/ec/builtin/stdlib.c.obj
[navi:ro] [227/379] Building C object CMakeFiles/app.dir/mnt/host/source/src/platform/ec/build/zephyr/navi/modules/ec/common/peripheral.c.obj
[felino:rw] [302/372] Building C object CMakeFiles/app.dir/mnt/host/source/src/platform/ec/build/zephyr/felino/modules/ec/common/uart_hostcmd.c.obj
[felino:rw] [303/372] Building C object CMakeFiles/app.dir/mnt/host/source/src/platform/ec/build/zephyr/felino/modules/ec/common/host_event_commands.c.obj
[bloonchipper:ro] [187/519] Building C object modules/ec/zephyr/CMakeFiles/ec_shim.dir/drivers/cros_flash/cros_flash_stm32_backend.c.obj
[felino:rw] [304/372] Building C object CMakeFiles/app.dir/mnt/host/source/src/platform/ec/build/zephyr/felino/modules/ec/common/uptime.c.obj
[navi:ro] [228/379] Building C object CMakeFiles/app.dir/mnt/host/source/src/platform/ec/build/zephyr/navi/modules/ec/common/printf.c.obj
[bloonchipper:ro] [188/519] Building C object modules/ec/zephyr/CMakeFiles/ec_shim.dir/drivers/cros_system/cros_system_stm32.c.obj
[felino:rw] [305/372] Building C object CMakeFiles/app.dir/mnt/host/source/src/platform/ec/build/zephyr/felino/modules/ec/common/i2c_passthru.c.obj
[felino:rw] [306/372] Building C object CMakeFiles/app.dir/mnt/host/source/src/platform/ec/build/zephyr/felino/modules/ec/common/keyboard_8042_sharedlib.c.obj
[felino:rw] [307/372] Building C object CMakeFiles/app.dir/mnt/host/source/src/platform/ec/build/zephyr/felino/modules/ec/common/i2c_controller.c.obj
[navi:ro] [229/379] Building C object CMakeFiles/app.dir/mnt/host/source/src/platform/ec/build/zephyr/navi/modules/ec/common/queue.c.obj
[felino:ro] [43/372] Building C object CMakeFiles/app.dir/mnt/host/source/src/platform/ec/build/zephyr/felino/modules/ec/common/base32.c.obj
[bloonchipper:ro] [189/519] Building C object modules/ec/zephyr/CMakeFiles/ec_shim.dir/libc/exit.c.obj
[felino:rw] [308/372] Building C object CMakeFiles/app.dir/mnt/host/source/src/platform/ec/build/zephyr/felino/modules/ec/common/mkbp_fifo.c.obj
[bloonchipper:ro] [190/519] Building C object modules/ec/zephyr/CMakeFiles/ec_shim.dir/shim/chip/stm32/clock.c.obj
[felino:rw] [309/372] Building C object CMakeFiles/app.dir/mnt/host/source/src/platform/ec/build/zephyr/felino/modules/ec/common/mkbp_info.c.obj
[felino:rw] [310/372] Building C object CMakeFiles/app.dir/mnt/host/source/src/platform/ec/build/zephyr/felino/modules/ec/common/keyboard_8042.c.obj
[felino:rw] [311/372] Building C object CMakeFiles/app.dir/mnt/host/source/src/platform/ec/build/zephyr/felino/modules/ec/common/mkbp_input_devices.c.obj
[navi:ro] [230/379] Building C object CMakeFiles/app.dir/mnt/host/source/src/platform/ec/build/zephyr/navi/modules/ec/common/system.c.obj
[navi:ro] [231/379] Building C object CMakeFiles/app.dir/mnt/host/source/src/platform/ec/build/zephyr/navi/modules/ec/common/system_boot_time.c.obj
[bloonchipper:ro] [191/519] Building C object modules/ec/zephyr/CMakeFiles/ec_shim.dir/shim/core/cortex-m/mpu.c.obj
[felino:rw] [312/372] Building C object CMakeFiles/app.dir/mnt/host/source/src/platform/ec/build/zephyr/felino/modules/ec/common/led_common.c.obj
[bloonchipper:ro] [192/519] Building C object modules/ec/zephyr/CMakeFiles/ec_shim.dir/shim/src/crc.c.obj
[felino:ro] [44/372] Building C object CMakeFiles/app.dir/mnt/host/source/src/platform/ec/build/zephyr/felino/modules/ec/common/console_output.c.obj
[felino:rw] [313/372] Building C object CMakeFiles/app.dir/mnt/host/source/src/platform/ec/build/zephyr/felino/modules/ec/common/lid_switch.c.obj
[bloonchipper:ro] [193/519] Building C object modules/ec/zephyr/CMakeFiles/ec_shim.dir/shim/core/cortex-m/panic.c.obj
[felino:rw] [314/372] Building C object CMakeFiles/app.dir/mnt/host/source/src/platform/ec/build/zephyr/felino/modules/ec/common/mkbp_event.c.obj
[/mnt/host/source/src/platform/ec/build/zephyr/ciri-lcov]   /mnt/host/source/src/platform/ec/build/zephyr/ciri/build-rw/zephyr/CMakeFiles/zephyr.dir/soc/ite/ec/it8xxx2/check_regs.c.gcno:no functions found
[/mnt/host/source/src/platform/ec/build/zephyr/ciri-lcov] Filter suppressions 'region':
[navi:ro] [232/379] Building C object CMakeFiles/app.dir/mnt/host/source/src/platform/ec/build/zephyr/navi/modules/ec/common/uart_printf.c.obj
[/mnt/host/source/src/platform/ec/build/zephyr/ciri-lcov]     35 instances
[/mnt/host/source/src/platform/ec/build/zephyr/ciri-lcov]     20 coverpoints
[/mnt/host/source/src/platform/ec/build/zephyr/ciri-lcov] Message summary:
[/mnt/host/source/src/platform/ec/build/zephyr/ciri-lcov]   29 ignore messages:
[/mnt/host/source/src/platform/ec/build/zephyr/ciri-lcov]     gcov: 29
[felino:rw] [315/372] Building C object CMakeFiles/app.dir/mnt/host/source/src/platform/ec/build/zephyr/felino/modules/ec/common/port80.c.obj
[felino:rw] [316/372] Building C object CMakeFiles/app.dir/mnt/host/source/src/platform/ec/build/zephyr/felino/modules/ec/common/power_button.c.obj
[felino:rw] [317/372] Building C object CMakeFiles/app.dir/mnt/host/source/src/platform/ec/build/zephyr/felino/modules/ec/power/hibernate.c.obj
[felino:rw] [318/372] Building C object CMakeFiles/app.dir/mnt/host/source/src/platform/ec/build/zephyr/felino/modules/ec/common/panic_output.c.obj
[navi:ro] [233/379] Building C object CMakeFiles/app.dir/mnt/host/source/src/platform/ec/build/zephyr/navi/modules/ec/common/util.c.obj
[bloonchipper:ro] [194/519] Building C object modules/ec/zephyr/CMakeFiles/ec_shim.dir/shim/src/console.c.obj
[navi:ro] [234/379] Building C object CMakeFiles/app.dir/mnt/host/source/src/platform/ec/build/zephyr/navi/modules/ec/common/version.c.obj
[felino:rw] [319/372] Building C object CMakeFiles/app.dir/mnt/host/source/src/platform/ec/build/zephyr/felino/modules/ec/common/shared_mem.c.obj
[felino:rw] [320/372] Building C object CMakeFiles/app.dir/mnt/host/source/src/platform/ec/build/zephyr/felino/modules/ec/common/switch.c.obj
[bloonchipper:ro] [195/519] Building C object modules/ec/zephyr/CMakeFiles/ec_shim.dir/shim/src/gpio_int.c.obj
[bloonchipper:ro] [196/519] Building C object modules/ec/zephyr/CMakeFiles/ec_shim.dir/shim/src/gpio.c.obj
[felino:ro] [45/372] Building C object CMakeFiles/app.dir/mnt/host/source/src/platform/ec/build/zephyr/felino/modules/ec/common/ec_features.c.obj
[navi:ro] [235/379] Building C object CMakeFiles/app.dir/mnt/host/source/src/platform/ec/build/zephyr/navi/modules/ec/common/motion_sense_fifo.c.obj
[navi:ro] [236/379] Building C object CMakeFiles/app.dir/mnt/host/source/src/platform/ec/build/zephyr/navi/modules/ec/common/adc.c.obj
[felino:rw] [321/372] Building C object CMakeFiles/app.dir/mnt/host/source/src/platform/ec/build/zephyr/felino/modules/ec/common/thermal.c.obj
[felino:rw] [322/372] Building C object CMakeFiles/app.dir/mnt/host/source/src/platform/ec/build/zephyr/felino/modules/ec/common/temp_sensor.c.obj
[felino:rw] [323/372] Building C object CMakeFiles/app.dir/mnt/host/source/src/platform/ec/build/zephyr/felino/modules/ec/driver/temp_sensor/thermistor.c.obj
[felino:rw] [324/372] Building C object CMakeFiles/app.dir/mnt/host/source/src/platform/ec/build/zephyr/felino/modules/ec/common/timer.c.obj
[felino:rw] [325/372] Building C object CMakeFiles/app.dir/mnt/host/source/src/platform/ec/build/zephyr/felino/modules/ec/common/usb_port_power_dumb.c.obj
[/mnt/host/source/src/platform/ec/build/zephyr/yavista-lcov]   /mnt/host/source/src/platform/ec/build/zephyr/yavista/build-rw/zephyr/drivers/sensor/CMakeFiles/drivers__sensor.dir/mnt/host/source/src/third_party/zephyr/main/misc/empty_file.c.gcno:no functions found
[/mnt/host/source/src/platform/ec/build/zephyr/yavista-lcov] Filter suppressions 'region':
[bloonchipper:ro] [197/519] Building C object modules/ec/zephyr/CMakeFiles/ec_shim.dir/shim/src/panic_utils.c.obj
[felino:rw] [326/372] Building C object CMakeFiles/app.dir/mnt/host/source/src/platform/ec/build/zephyr/felino/modules/ec/common/usbc_utils.c.obj
[/mnt/host/source/src/platform/ec/build/zephyr/yavista-lcov]     37 instances
[/mnt/host/source/src/platform/ec/build/zephyr/yavista-lcov]     32 coverpoints
[/mnt/host/source/src/platform/ec/build/zephyr/yavista-lcov] Message summary:
[/mnt/host/source/src/platform/ec/build/zephyr/yavista-lcov]   31 ignore messages:
[/mnt/host/source/src/platform/ec/build/zephyr/yavista-lcov]     gcov: 31
[navi:ro] [237/379] Building C object CMakeFiles/app.dir/mnt/host/source/src/platform/ec/build/zephyr/navi/modules/ec/driver/als_tcs3400.c.obj
[bloonchipper:ro] [198/519] Building C object modules/ec/zephyr/CMakeFiles/ec_shim.dir/shim/src/pm_state.c.obj
[navi:ro] [238/379] Building C object CMakeFiles/app.dir/mnt/host/source/src/platform/ec/build/zephyr/navi/modules/ec/common/battery.c.obj
[felino:rw] [327/372] Building C object CMakeFiles/app.dir/mnt/host/source/src/platform/ec/build/zephyr/felino/modules/ec/common/usb_common.c.obj
[felino:ro] [46/372] Building C object CMakeFiles/app.dir/mnt/host/source/src/platform/ec/build/zephyr/felino/modules/ec/common/gpio_commands.c.obj
[bloonchipper:ro] [199/519] Building C object modules/ec/zephyr/CMakeFiles/ec_shim.dir/shim/src/system.c.obj
[felino:rw] [328/372] Building C object CMakeFiles/app.dir/mnt/host/source/src/platform/ec/build/zephyr/felino/modules/ec/common/button.c.obj
[navi:ro] [239/379] Building C object CMakeFiles/app.dir/mnt/host/source/src/platform/ec/build/zephyr/navi/modules/ec/common/battery_fuel_gauge.c.obj
[navi:ro] [240/379] Building C object CMakeFiles/app.dir/mnt/host/source/src/platform/ec/build/zephyr/navi/modules/ec/common/battery_info.c.obj
[felino:rw] [329/372] Building C object CMakeFiles/app.dir/mnt/host/source/src/platform/ec/build/zephyr/felino/modules/ec/common/usb_pd_host_cmd_common.c.obj
[felino:rw] [330/372] Building C object CMakeFiles/app.dir/mnt/host/source/src/platform/ec/build/zephyr/felino/modules/ec/common/vboot/efs2.c.obj
[felino:rw] [331/372] Building C object CMakeFiles/app.dir/mnt/host/source/src/platform/ec/build/zephyr/felino/modules/ec/common/vboot_hash.c.obj
[felino:rw] [332/372] Building C object CMakeFiles/app.dir/mnt/host/source/src/platform/ec/build/zephyr/felino/modules/ec/common/vstore.c.obj
[felino:rw] [333/372] Building C object CMakeFiles/app.dir/mnt/host/source/src/platform/ec/build/zephyr/felino/modules/ec/common/math_util.c.obj
[felino:rw] [334/372] Linking C static library modules/ec/zephyr/libec_shim.a
[felino:ro] [47/372] Building C object CMakeFiles/app.dir/mnt/host/source/src/platform/ec/build/zephyr/felino/modules/ec/common/peripheral.c.obj
[bloonchipper:ro] [200/519] Building C object modules/ec/zephyr/CMakeFiles/ec_shim.dir/shim/src/flash.c.obj
[navi:ro] [241/379] Building C object CMakeFiles/app.dir/mnt/host/source/src/platform/ec/build/zephyr/navi/modules/ec/driver/battery/smart.c.obj
[felino:rw] [335/372] Building C object CMakeFiles/app.dir/felino/src/board.c.obj
[bloonchipper:ro] [201/519] Building C object modules/ec/zephyr/CMakeFiles/ec_shim.dir/shim/src/hooks.c.obj
[navi:ro] [242/379] Building C object CMakeFiles/app.dir/mnt/host/source/src/platform/ec/build/zephyr/navi/modules/ec/driver/charger/bq25710.c.obj
[felino:ro] [48/372] Building C object CMakeFiles/app.dir/mnt/host/source/src/platform/ec/build/zephyr/felino/modules/ec/common/printf.c.obj
[bloonchipper:ro] [202/519] Building C object modules/ec/zephyr/CMakeFiles/ec_shim.dir/shim/src/host_command.c.obj
[felino:rw] [336/372] Building C object CMakeFiles/app.dir/felino/src/board_power.c.obj
[felino:rw] [337/372] Building C object CMakeFiles/app.dir/felino/src/keyboard_customization.c.obj
[felino:rw] [338/372] Building C object zephyr/kernel/CMakeFiles/kernel.dir/busy_wait.c.obj
[felino:rw] [339/372] Building C object zephyr/kernel/CMakeFiles/kernel.dir/banner.c.obj
[felino:rw] [340/372] Building C object zephyr/kernel/CMakeFiles/kernel.dir/main_weak.c.obj
[felino:rw] [341/372] Building C object CMakeFiles/app.dir/felino/src/charger.c.obj
[navi:ro] [243/379] Building C object CMakeFiles/app.dir/mnt/host/source/src/platform/ec/build/zephyr/navi/modules/ec/common/charger.c.obj
[felino:rw] [342/372] Linking C static library app/libapp.a
[felino:rw] [343/372] Building C object zephyr/kernel/CMakeFiles/kernel.dir/device.c.obj
[felino:ro] [49/372] Building C object CMakeFiles/app.dir/mnt/host/source/src/platform/ec/build/zephyr/felino/modules/ec/common/queue.c.obj
[bloonchipper:ro] [203/519] Building C object modules/ec/zephyr/CMakeFiles/ec_shim.dir/shim/src/console_buffer.c.obj
[navi:ro] [244/379] Building C object CMakeFiles/app.dir/mnt/host/source/src/platform/ec/build/zephyr/navi/modules/ec/common/charge_state.c.obj
[felino:rw] [344/372] Building C object zephyr/kernel/CMakeFiles/kernel.dir/version.c.obj
[navi:ro] [245/379] Building C object CMakeFiles/app.dir/mnt/host/source/src/platform/ec/build/zephyr/navi/modules/ec/common/cbi_common.c.obj
[felino:rw] [345/372] Building C object zephyr/kernel/CMakeFiles/kernel.dir/errno.c.obj
[bloonchipper:ro] [204/519] Building C object modules/ec/zephyr/CMakeFiles/ec_shim.dir/shim/src/log_backend_console_buffer.c.obj
[bloonchipper:ro] [205/519] Building C object modules/ec/zephyr/CMakeFiles/ec_shim.dir/shim/src/mkbp_event.c.obj
[felino:rw] [346/372] Building C object zephyr/kernel/CMakeFiles/kernel.dir/kheap.c.obj
[felino:rw] [347/372] Building C object zephyr/kernel/CMakeFiles/kernel.dir/mem_slab.c.obj
[felino:rw] [348/372] Building C object zephyr/kernel/CMakeFiles/kernel.dir/fatal.c.obj
[felino:rw] [349/372] Building C object zephyr/kernel/CMakeFiles/kernel.dir/init.c.obj
[felino:rw] [350/372] Building C object zephyr/kernel/CMakeFiles/kernel.dir/float.c.obj
[navi:ro] [246/379] Building C object CMakeFiles/app.dir/mnt/host/source/src/platform/ec/build/zephyr/navi/modules/ec/common/charge_manager.c.obj
[felino:ro] [50/372] Building C object CMakeFiles/app.dir/mnt/host/source/src/platform/ec/build/zephyr/felino/modules/ec/common/system.c.obj
[navi:ro] [247/379] Building C object CMakeFiles/app.dir/mnt/host/source/src/platform/ec/build/zephyr/navi/modules/ec/common/cbi.c.obj
[felino:ro] [51/372] Building C object CMakeFiles/app.dir/mnt/host/source/src/platform/ec/build/zephyr/felino/modules/ec/common/system_boot_time.c.obj
[bloonchipper:ro] [206/519] Building C object modules/ec/zephyr/CMakeFiles/ec_shim.dir/shim/src/panic.c.obj
[felino:rw] [351/372] Building C object zephyr/kernel/CMakeFiles/kernel.dir/idle.c.obj
[navi:ro] [248/379] Building C object CMakeFiles/app.dir/mnt/host/source/src/platform/ec/build/zephyr/navi/modules/ec/common/cbi_config.c.obj
[bloonchipper:ro] [207/519] Building C object modules/ec/zephyr/CMakeFiles/ec_shim.dir/shim/src/hwtimer.c.obj
[felino:rw] [352/372] Building C object zephyr/kernel/CMakeFiles/kernel.dir/mailbox.c.obj
[navi:ro] [249/379] Building C object CMakeFiles/app.dir/mnt/host/source/src/platform/ec/build/zephyr/navi/modules/ec/common/memory_commands.c.obj
[felino:rw] [353/372] Building C object zephyr/kernel/CMakeFiles/kernel.dir/msg_q.c.obj
[bloonchipper:ro] [208/519] Building C object modules/ec/zephyr/CMakeFiles/ec_shim.dir/shim/src/random.c.obj
[felino:rw] [354/372] Building C object zephyr/kernel/CMakeFiles/kernel.dir/mutex.c.obj
[felino:rw] [355/372] Building C object zephyr/kernel/CMakeFiles/kernel.dir/sem.c.obj
[felino:rw] [356/372] Building C object zephyr/kernel/CMakeFiles/kernel.dir/stack.c.obj
[felino:rw] [357/372] Building C object zephyr/kernel/CMakeFiles/kernel.dir/queue.c.obj
[felino:rw] [358/372] Building C object zephyr/kernel/CMakeFiles/kernel.dir/system_work_q.c.obj
[felino:ro] [52/372] Building C object CMakeFiles/app.dir/mnt/host/source/src/platform/ec/build/zephyr/felino/modules/ec/common/uart_printf.c.obj
[navi:ro] [250/379] Building C object CMakeFiles/app.dir/mnt/host/source/src/platform/ec/build/zephyr/navi/modules/ec/common/chipset.c.obj
[felino:ro] [53/372] Building C object CMakeFiles/app.dir/mnt/host/source/src/platform/ec/build/zephyr/felino/modules/ec/common/util.c.obj
[navi:ro] [251/379] Building C object CMakeFiles/app.dir/mnt/host/source/src/platform/ec/build/zephyr/navi/modules/ec/common/ap_reset_log.c.obj
[navi:ro] [252/379] Building C object CMakeFiles/app.dir/mnt/host/source/src/platform/ec/build/zephyr/navi/modules/ec/common/extpower_common.c.obj
[navi:ro] [253/379] Building C object CMakeFiles/app.dir/mnt/host/source/src/platform/ec/build/zephyr/navi/modules/ec/common/extpower_gpio.c.obj
[felino:rw] [359/372] Building C object zephyr/kernel/CMakeFiles/kernel.dir/condvar.c.obj
[felino:rw] [360/372] Building C object zephyr/kernel/CMakeFiles/kernel.dir/spinlock_validate.c.obj
[felino:rw] [361/372] Building C object zephyr/kernel/CMakeFiles/kernel.dir/thread.c.obj
[bloonchipper:ro] [209/519] Building C object modules/ec/zephyr/CMakeFiles/ec_shim.dir/shim/src/tasks.c.obj
[bloonchipper:ro] [210/519] Building C object modules/ec/zephyr/CMakeFiles/ec_shim.dir/shim/src/usbc_stub.c.obj
[felino:rw] [362/372] Building C object zephyr/kernel/CMakeFiles/kernel.dir/pipe.c.obj
[bloonchipper:ro] [211/519] Building C object modules/ec/zephyr/CMakeFiles/ec_shim.dir/shim/src/watchdog.c.obj
[felino:rw] [363/372] Building C object zephyr/kernel/CMakeFiles/kernel.dir/work.c.obj
[bloonchipper:ro] [212/519] cd /mnt/host/source/src/platform/ec/build/zephyr/bloonchipper/build-ro/modules/ec/zephyr && PYTHONPATH=/mnt/host/source/src/platform/ec/build/zephyr/bloonchipper/modules/ec/zephyr/zmake/ /usr/bin/python3.11 /mnt/host/source/src/platform/ec/build/zephyr/bloonchipper/modules/ec/zephyr/zmake/zephyr_build_tools/generate_ec_version.py /mnt/host/source/src/platform/ec/build/zephyr/bloonchipper/build-ro/modules/ec/zephyr/include/ec_version.h --name Zephyr-Kernel --version 16543.0.0 --static
[bloonchipper:ro] INFO:root:Using a static version string
[bloonchipper:ro] INFO:root:Version string: Zephyr-Kernel-16543.0.0
[bloonchipper:ro] INFO:root:Writing header to /mnt/host/source/src/platform/ec/build/zephyr/bloonchipper/build-ro/modules/ec/zephyr/include/ec_version.h
[bloonchipper:ro] [213/519] Linking C static library modules/ec/zephyr/libec_shim.a
[felino:rw] [364/372] Building C object zephyr/kernel/CMakeFiles/kernel.dir/thread_monitor.c.obj
[felino:rw] [365/372] Building C object zephyr/kernel/CMakeFiles/kernel.dir/sched.c.obj
[felino:ro] [54/372] Building C object CMakeFiles/app.dir/mnt/host/source/src/platform/ec/build/zephyr/felino/modules/ec/common/version.c.obj
[felino:ro] [55/372] Building C object CMakeFiles/app.dir/mnt/host/source/src/platform/ec/build/zephyr/felino/modules/ec/common/power_button_x86.c.obj
[navi:ro] [254/379] Building C object CMakeFiles/app.dir/mnt/host/source/src/platform/ec/build/zephyr/navi/modules/ec/common/host_command.c.obj
[felino:rw] [366/372] Building C object zephyr/kernel/CMakeFiles/kernel.dir/events.c.obj
[felino:rw] [367/372] Building C object zephyr/kernel/CMakeFiles/kernel.dir/timer.c.obj
[navi:ro] [255/379] Building C object CMakeFiles/app.dir/mnt/host/source/src/platform/ec/build/zephyr/navi/modules/ec/common/uart_hostcmd.c.obj
[navi:ro] [256/379] Building C object CMakeFiles/app.dir/mnt/host/source/src/platform/ec/build/zephyr/navi/modules/ec/common/flash.c.obj
[felino:rw] [368/372] Building C object zephyr/kernel/CMakeFiles/kernel.dir/timeout.c.obj
[felino:rw] [369/372] Building C object zephyr/kernel/CMakeFiles/kernel.dir/mempool.c.obj
[navi:ro] [257/379] Building C object CMakeFiles/app.dir/mnt/host/source/src/platform/ec/build/zephyr/navi/modules/ec/common/host_event_commands.c.obj
[felino:rw] [370/372] Building C object zephyr/kernel/CMakeFiles/kernel.dir/dynamic_disabled.c.obj
[bloonchipper:ro] [214/519] Building C object CMakeFiles/app.dir/mnt/host/source/src/platform/ec/zephyr/subsys/ap_pwrseq/ap_events.c.obj
[felino:rw] [371/372] Building C object zephyr/kernel/CMakeFiles/kernel.dir/poll.c.obj
[felino:rw] [372/372] Linking C static library zephyr/kernel/libkernel.a
[bloonchipper:ro] [215/519] Building C object CMakeFiles/app.dir/mnt/host/source/src/platform/ec/build/zephyr/bloonchipper/modules/ec/builtin/stdlib.c.obj
[felino:ro] [56/372] Building C object CMakeFiles/app.dir/mnt/host/source/src/platform/ec/build/zephyr/felino/modules/ec/common/adc.c.obj
[felino:ro] [57/372] Building C object CMakeFiles/app.dir/mnt/host/source/src/platform/ec/build/zephyr/felino/modules/ec/common/acpi.c.obj
[navi:ro] [258/379] Building C object CMakeFiles/app.dir/mnt/host/source/src/platform/ec/build/zephyr/navi/modules/ec/common/uptime.c.obj
[bloonchipper:ro] [216/519] Building C object CMakeFiles/app.dir/mnt/host/source/src/platform/ec/build/zephyr/bloonchipper/modules/ec/common/base32.c.obj
[bloonchipper:ro] [217/519] Building C object CMakeFiles/app.dir/mnt/host/source/src/platform/ec/build/zephyr/bloonchipper/modules/ec/common/ec_features.c.obj
[bloonchipper:ro] [218/519] Building C object CMakeFiles/app.dir/mnt/host/source/src/platform/ec/build/zephyr/bloonchipper/modules/ec/common/console_output.c.obj
[bloonchipper:ro] [219/519] Building C object CMakeFiles/app.dir/mnt/host/source/src/platform/ec/build/zephyr/bloonchipper/modules/ec/common/printf.c.obj
[navi:ro] [259/379] Building C object CMakeFiles/app.dir/mnt/host/source/src/platform/ec/build/zephyr/navi/modules/ec/common/virtual_battery.c.obj
[navi:ro] [260/379] Building C object CMakeFiles/app.dir/mnt/host/source/src/platform/ec/build/zephyr/navi/modules/ec/common/i2c_controller.c.obj
[bloonchipper:ro] [220/519] Building C object CMakeFiles/app.dir/mnt/host/source/src/platform/ec/build/zephyr/bloonchipper/modules/ec/common/gpio_commands.c.obj
[navi:ro] [261/379] Building C object CMakeFiles/app.dir/mnt/host/source/src/platform/ec/build/zephyr/navi/modules/ec/common/i2c_passthru.c.obj
[bloonchipper:ro] [221/519] Building C object CMakeFiles/app.dir/mnt/host/source/src/platform/ec/build/zephyr/bloonchipper/modules/ec/common/peripheral.c.obj
[bloonchipper:ro] [222/519] Building C object CMakeFiles/app.dir/mnt/host/source/src/platform/ec/build/zephyr/bloonchipper/modules/ec/common/queue.c.obj
[felino:ro] [58/372] Building C object CMakeFiles/app.dir/mnt/host/source/src/platform/ec/build/zephyr/felino/modules/ec/common/battery.c.obj
[navi:ro] [262/379] Building C object CMakeFiles/app.dir/mnt/host/source/src/platform/ec/build/zephyr/navi/modules/ec/common/keyboard_scan.c.obj
[felino:ro] [59/372] Building C object CMakeFiles/app.dir/mnt/host/source/src/platform/ec/build/zephyr/felino/modules/ec/common/battery_info.c.obj
[bloonchipper:ro] [223/519] Building C object modules/ec/third_party/boringssl/build/CMakeFiles/fipsmodule.dir/crypto/fipsmodule/bcm.c.obj
[felino:ro] [60/372] Building C object CMakeFiles/app.dir/mnt/host/source/src/platform/ec/build/zephyr/felino/modules/ec/common/battery_fuel_gauge.c.obj
[navi:ro] [263/379] Building C object CMakeFiles/app.dir/mnt/host/source/src/platform/ec/build/zephyr/navi/modules/ec/common/mkbp_fifo.c.obj
[bloonchipper:ro] [224/519] Building C object CMakeFiles/app.dir/mnt/host/source/src/platform/ec/build/zephyr/bloonchipper/modules/ec/common/uart_printf.c.obj
[bloonchipper:ro] [225/519] Building C object CMakeFiles/app.dir/mnt/host/source/src/platform/ec/build/zephyr/bloonchipper/modules/ec/common/system.c.obj
[navi:ro] [264/379] Building C object CMakeFiles/app.dir/mnt/host/source/src/platform/ec/build/zephyr/navi/modules/ec/common/mkbp_info.c.obj
[navi:ro] [265/379] Building C object CMakeFiles/app.dir/mnt/host/source/src/platform/ec/build/zephyr/navi/modules/ec/common/keyboard_mkbp.c.obj
[bloonchipper:ro] [226/519] Building C object CMakeFiles/app.dir/mnt/host/source/src/platform/ec/build/zephyr/bloonchipper/modules/ec/common/util.c.obj
[bloonchipper:ro] [227/519] Building C object CMakeFiles/app.dir/mnt/host/source/src/platform/ec/build/zephyr/bloonchipper/modules/ec/common/version.c.obj
[bloonchipper:ro] [228/519] Building C object CMakeFiles/app.dir/mnt/host/source/src/platform/ec/build/zephyr/bloonchipper/modules/ec/common/system_boot_time.c.obj
[navi:ro] [266/379] Building C object CMakeFiles/app.dir/mnt/host/source/src/platform/ec/build/zephyr/navi/modules/ec/common/mkbp_input_devices.c.obj
[bloonchipper:ro] [229/519] Building C object CMakeFiles/app.dir/mnt/host/source/src/platform/ec/build/zephyr/bloonchipper/modules/ec/common/ap_reset_log.c.obj
[bloonchipper:ro] [230/519] Building C object CMakeFiles/app.dir/mnt/host/source/src/platform/ec/build/zephyr/bloonchipper/modules/ec/common/memory_commands.c.obj
[navi:ro] [267/379] Building C object CMakeFiles/app.dir/mnt/host/source/src/platform/ec/build/zephyr/navi/modules/ec/common/keyboard_backlight.c.obj
[felino:ro] [61/372] Building C object CMakeFiles/app.dir/mnt/host/source/src/platform/ec/build/zephyr/felino/modules/ec/driver/battery/smart.c.obj
[felino:ro] [62/372] Building C object CMakeFiles/app.dir/mnt/host/source/src/platform/ec/build/zephyr/felino/modules/ec/driver/charger/bq25710.c.obj
[navi:ro] [268/379] Building C object CMakeFiles/app.dir/mnt/host/source/src/platform/ec/build/zephyr/navi/modules/ec/common/led_common.c.obj
[bloonchipper:ro] [231/519] Building C object CMakeFiles/app.dir/mnt/host/source/src/platform/ec/build/zephyr/bloonchipper/modules/ec/common/flash.c.obj
[bloonchipper:ro] [232/519] Building C object CMakeFiles/app.dir/mnt/host/source/src/platform/ec/build/zephyr/bloonchipper/modules/ec/common/host_command.c.obj
[felino:ro] [63/372] Building C object CMakeFiles/app.dir/mnt/host/source/src/platform/ec/build/zephyr/felino/modules/ec/common/charger.c.obj
[navi:ro] [269/379] Building C object CMakeFiles/app.dir/mnt/host/source/src/platform/ec/build/zephyr/navi/modules/ec/common/led_onoff_states.c.obj
[bloonchipper:ro] [233/519] Building C object CMakeFiles/app.dir/mnt/host/source/src/platform/ec/build/zephyr/bloonchipper/modules/ec/common/host_event_commands.c.obj
[navi:ro] [270/379] Building C object CMakeFiles/app.dir/mnt/host/source/src/platform/ec/build/zephyr/navi/modules/ec/common/lid_switch.c.obj
[bloonchipper:ro] [234/519] Building C object CMakeFiles/app.dir/mnt/host/source/src/platform/ec/build/zephyr/bloonchipper/modules/ec/common/uart_hostcmd.c.obj
[bloonchipper:ro] [235/519] Building C object CMakeFiles/app.dir/mnt/host/source/src/platform/ec/build/zephyr/bloonchipper/modules/ec/common/mkbp_event.c.obj
[bloonchipper:ro] [236/519] Building C object CMakeFiles/app.dir/mnt/host/source/src/platform/ec/build/zephyr/bloonchipper/modules/ec/common/uptime.c.obj
[navi:ro] [271/379] Building C object CMakeFiles/app.dir/mnt/host/source/src/platform/ec/build/zephyr/navi/modules/ec/common/mkbp_event.c.obj
[bloonchipper:ro] [237/519] Building C object CMakeFiles/app.dir/mnt/host/source/src/platform/ec/build/zephyr/bloonchipper/modules/ec/common/mkbp_fifo.c.obj
[bloonchipper:ro] [238/519] Building C object CMakeFiles/app.dir/mnt/host/source/src/platform/ec/build/zephyr/bloonchipper/modules/ec/common/panic_output.c.obj
[navi:ro] [272/379] Building C object CMakeFiles/app.dir/mnt/host/source/src/platform/ec/build/zephyr/navi/modules/ec/common/motion_sense.c.obj
[navi:ro] [273/379] Building C object CMakeFiles/app.dir/mnt/host/source/src/platform/ec/build/zephyr/navi/modules/ec/common/power_button.c.obj
[bloonchipper:ro] [239/519] Building C object CMakeFiles/app.dir/mnt/host/source/src/platform/ec/build/zephyr/bloonchipper/modules/ec/common/rsa.c.obj
[felino:ro] [64/372] Building C object CMakeFiles/app.dir/mnt/host/source/src/platform/ec/build/zephyr/felino/modules/ec/common/cbi_common.c.obj
[felino:ro] [65/372] Building C object CMakeFiles/app.dir/mnt/host/source/src/platform/ec/build/zephyr/felino/modules/ec/common/charge_state.c.obj
[felino:ro] [66/372] Building C object CMakeFiles/app.dir/mnt/host/source/src/platform/ec/build/zephyr/felino/modules/ec/common/charge_manager.c.obj
[bloonchipper:ro] [240/519] Building C object CMakeFiles/app.dir/mnt/host/source/src/platform/ec/build/zephyr/bloonchipper/modules/ec/common/vboot/vb21_lib.c.obj
[bloonchipper:ro] [241/519] Building C object CMakeFiles/app.dir/mnt/host/source/src/platform/ec/build/zephyr/bloonchipper/modules/ec/libc/sbrk.c.obj
[bloonchipper:ro] [242/519] Building C object CMakeFiles/app.dir/mnt/host/source/src/platform/ec/build/zephyr/bloonchipper/modules/ec/common/rollback.c.obj
[bloonchipper:ro] [243/519] Building C object CMakeFiles/app.dir/mnt/host/source/src/platform/ec/build/zephyr/bloonchipper/modules/ec/common/rwsig.c.obj
[navi:ro] [274/379] Building C object CMakeFiles/app.dir/mnt/host/source/src/platform/ec/build/zephyr/navi/modules/ec/power/common.c.obj
[navi:ro] [275/379] Building C object CMakeFiles/app.dir/mnt/host/source/src/platform/ec/build/zephyr/navi/modules/ec/power/host_sleep.c.obj
[bloonchipper:ro] [244/519] Building C object CMakeFiles/app.dir/mnt/host/source/src/platform/ec/build/zephyr/bloonchipper/modules/ec/common/vboot/common.c.obj
[bloonchipper:ro] [245/519] Building C object CMakeFiles/app.dir/mnt/host/source/src/platform/ec/build/zephyr/bloonchipper/modules/ec/common/sha256.c.obj
[bloonchipper:ro] [246/519] Building C object CMakeFiles/app.dir/mnt/host/source/src/platform/ec/build/zephyr/bloonchipper/modules/ec/common/shared_mem_libc.c.obj
[navi:ro] [276/379] Building C object CMakeFiles/app.dir/mnt/host/source/src/platform/ec/build/zephyr/navi/modules/ec/power/mt8186.c.obj
[navi:ro] [277/379] Building C object CMakeFiles/app.dir/mnt/host/source/src/platform/ec/build/zephyr/navi/modules/ec/common/panic_output.c.obj
[bloonchipper:ro] [247/519] Building C object modules/ec/third_party/boringssl/build/CMakeFiles/crypto.dir/crypto/asn1/a_bool.c.obj
[felino:ro] [67/372] Building C object CMakeFiles/app.dir/mnt/host/source/src/platform/ec/build/zephyr/felino/modules/ec/common/cbi_config.c.obj
[navi:ro] [278/379] Building C object CMakeFiles/app.dir/mnt/host/source/src/platform/ec/build/zephyr/navi/modules/ec/common/shared_mem.c.obj
[bloonchipper:ro] [248/519] Building C object CMakeFiles/app.dir/mnt/host/source/src/platform/ec/build/zephyr/bloonchipper/modules/ec/common/timer.c.obj
[felino:ro] [68/372] Building C object CMakeFiles/app.dir/mnt/host/source/src/platform/ec/build/zephyr/felino/modules/ec/common/cbi.c.obj
[bloonchipper:ro] [249/519] Building C object CMakeFiles/app.dir/mnt/host/source/src/platform/ec/build/zephyr/bloonchipper/modules/ec/common/math_util.c.obj
[bloonchipper:ro] [250/519] Building C object modules/ec/third_party/boringssl/build/CMakeFiles/crypto.dir/crypto/asn1/a_d2i_fp.c.obj
[felino:ro] [69/372] Building C object CMakeFiles/app.dir/mnt/host/source/src/platform/ec/build/zephyr/felino/modules/ec/common/memory_commands.c.obj
[bloonchipper:ro] [251/519] Building C object CMakeFiles/app.dir/bloonchipper/src/power.c.obj
[bloonchipper:ro] [252/519] Building C object CMakeFiles/app.dir/bloonchipper/src/fp_transport.c.obj
[bloonchipper:ro] [253/519] Building C object modules/ec/third_party/boringssl/build/CMakeFiles/crypto.dir/crypto/asn1/a_dup.c.obj
[navi:ro] [279/379] Building C object CMakeFiles/app.dir/mnt/host/source/src/platform/ec/build/zephyr/navi/modules/ec/common/switch.c.obj
[navi:ro] [280/379] Building C object CMakeFiles/app.dir/mnt/host/source/src/platform/ec/build/zephyr/navi/modules/ec/common/thermal.c.obj
[bloonchipper:ro] [254/519] Building C object modules/ec/third_party/boringssl/build/CMakeFiles/crypto.dir/crypto/asn1/a_gentm.c.obj
[bloonchipper:ro] [255/519] Building C object CMakeFiles/app.dir/src/fp_transport.c.obj
[bloonchipper:ro] [256/519] Building C object CMakeFiles/app.dir/bloonchipper/src/ec_quirks.c.obj
[bloonchipper:ro] [257/519] Building C object modules/ec/third_party/boringssl/build/CMakeFiles/crypto.dir/crypto/asn1/a_bitstr.c.obj
[bloonchipper:ro] [258/519] Building C object modules/ec/third_party/boringssl/build/CMakeFiles/crypto.dir/crypto/asn1/a_i2d_fp.c.obj
[bloonchipper:ro] [259/519] Building C object modules/ec/third_party/boringssl/build/CMakeFiles/crypto.dir/crypto/asn1/a_mbstr.c.obj
[bloonchipper:ro] [260/519] Linking C static library app/libapp.a
[navi:ro] [281/379] Building C object CMakeFiles/app.dir/mnt/host/source/src/platform/ec/build/zephyr/navi/modules/ec/common/temp_sensor.c.obj
[bloonchipper:ro] [261/519] Building C object modules/ec/third_party/boringssl/build/CMakeFiles/crypto.dir/crypto/asn1/a_octet.c.obj
[bloonchipper:ro] [262/519] Building C object modules/ec/third_party/boringssl/build/CMakeFiles/crypto.dir/crypto/asn1/a_time.c.obj
[bloonchipper:ro] [263/519] Building C object modules/ec/third_party/boringssl/build/CMakeFiles/crypto.dir/crypto/asn1/a_type.c.obj
[bloonchipper:ro] [264/519] Building C object modules/ec/third_party/boringssl/build/CMakeFiles/crypto.dir/crypto/asn1/a_utctm.c.obj
[navi:ro] [282/379] Building C object CMakeFiles/app.dir/mnt/host/source/src/platform/ec/build/zephyr/navi/modules/ec/driver/temp_sensor/thermistor.c.obj
[felino:ro] [70/372] Building C object CMakeFiles/app.dir/mnt/host/source/src/platform/ec/build/zephyr/felino/modules/ec/common/dptf.c.obj
[navi:ro] [283/379] Building C object CMakeFiles/app.dir/mnt/host/source/src/platform/ec/build/zephyr/navi/modules/ec/common/timer.c.obj
[bloonchipper:ro] [265/519] Building C object modules/ec/third_party/boringssl/build/CMakeFiles/crypto.dir/crypto/asn1/asn1_par.c.obj
[bloonchipper:ro] [266/519] Building C object modules/ec/third_party/boringssl/build/CMakeFiles/crypto.dir/crypto/asn1/asn_pack.c.obj
[felino:ro] [71/372] Building C object CMakeFiles/app.dir/mnt/host/source/src/platform/ec/build/zephyr/felino/modules/ec/common/espi.c.obj
[felino:ro] [72/372] Building C object CMakeFiles/app.dir/mnt/host/source/src/platform/ec/build/zephyr/felino/modules/ec/common/ap_reset_log.c.obj
[bloonchipper:ro] [267/519] Building C object modules/ec/third_party/boringssl/build/CMakeFiles/crypto.dir/crypto/asn1/f_int.c.obj
[bloonchipper:ro] [268/519] Building C object modules/ec/third_party/boringssl/build/CMakeFiles/crypto.dir/crypto/asn1/a_int.c.obj
[navi:ro] [284/379] Building C object CMakeFiles/app.dir/mnt/host/source/src/platform/ec/build/zephyr/navi/modules/ec/common/usb_port_power_dumb.c.obj
[bloonchipper:ro] [269/519] Building C object modules/ec/third_party/boringssl/build/CMakeFiles/crypto.dir/crypto/asn1/f_string.c.obj
[bloonchipper:ro] [270/519] Building C object modules/ec/third_party/boringssl/build/CMakeFiles/crypto.dir/crypto/asn1/a_object.c.obj
[bloonchipper:ro] [271/519] Building C object modules/ec/third_party/boringssl/build/CMakeFiles/crypto.dir/crypto/asn1/a_strex.c.obj
[navi:ro] [285/379] Building C object CMakeFiles/app.dir/mnt/host/source/src/platform/ec/build/zephyr/navi/modules/ec/common/typec_control.c.obj
[bloonchipper:ro] [272/519] Building C object modules/ec/third_party/boringssl/build/CMakeFiles/crypto.dir/crypto/asn1/a_strnid.c.obj
[bloonchipper:ro] [273/519] Building C object modules/ec/third_party/boringssl/build/CMakeFiles/crypto.dir/crypto/asn1/posix_time.c.obj
[bloonchipper:ro] [274/519] Building C object modules/ec/third_party/boringssl/build/CMakeFiles/crypto.dir/crypto/asn1/asn1_lib.c.obj
[bloonchipper:ro] [275/519] Building C object modules/ec/third_party/boringssl/build/CMakeFiles/crypto.dir/crypto/asn1/tasn_fre.c.obj
[bloonchipper:ro] [276/519] Building C object modules/ec/third_party/boringssl/build/CMakeFiles/crypto.dir/crypto/asn1/tasn_typ.c.obj
[navi:ro] [286/379] Building C object CMakeFiles/app.dir/mnt/host/source/src/platform/ec/build/zephyr/navi/modules/ec/common/usb_pd_pdo.c.obj
[felino:ro] [73/372] Building C object CMakeFiles/app.dir/mnt/host/source/src/platform/ec/build/zephyr/felino/modules/ec/common/extpower_common.c.obj
[bloonchipper:ro] [277/519] Building C object modules/ec/third_party/boringssl/build/CMakeFiles/crypto.dir/crypto/bio/connect.c.obj
[navi:ro] [287/379] Building C object CMakeFiles/app.dir/mnt/host/source/src/platform/ec/build/zephyr/navi/modules/ec/common/usb_common.c.obj
[felino:ro] [74/372] Building C object CMakeFiles/app.dir/mnt/host/source/src/platform/ec/build/zephyr/felino/modules/ec/common/extpower_gpio.c.obj
[navi:ro] [288/379] Building C object CMakeFiles/app.dir/mnt/host/source/src/platform/ec/build/zephyr/navi/modules/ec/common/usbc/usbc_task.c.obj
[bloonchipper:ro] [278/519] Building C object modules/ec/third_party/boringssl/build/CMakeFiles/crypto.dir/crypto/bio/errno.c.obj
[felino:ro] [75/372] Building C object CMakeFiles/app.dir/mnt/host/source/src/platform/ec/build/zephyr/felino/modules/ec/common/fan.c.obj
[bloonchipper:ro] [279/519] Building C object modules/ec/third_party/boringssl/build/CMakeFiles/crypto.dir/crypto/asn1/tasn_dec.c.obj
[bloonchipper:ro] [280/519] Building C object modules/ec/third_party/boringssl/build/CMakeFiles/crypto.dir/crypto/asn1/tasn_enc.c.obj
[navi:ro] [289/379] Building C object CMakeFiles/app.dir/mnt/host/source/src/platform/ec/build/zephyr/navi/modules/ec/common/usbc/usb_sm.c.obj
[bloonchipper:ro] [281/519] Building C object modules/ec/third_party/boringssl/build/CMakeFiles/crypto.dir/crypto/asn1/tasn_new.c.obj
[bloonchipper:ro] [282/519] Building C object modules/ec/third_party/boringssl/build/CMakeFiles/crypto.dir/crypto/bio/fd.c.obj
[bloonchipper:ro] [283/519] Building C object modules/ec/third_party/boringssl/build/CMakeFiles/crypto.dir/crypto/asn1/tasn_utl.c.obj
[navi:ro] [290/379] Building C object CMakeFiles/app.dir/mnt/host/source/src/platform/ec/build/zephyr/navi/modules/ec/common/usbc/usb_pd_timer.c.obj
[bloonchipper:ro] [284/519] Building C object modules/ec/third_party/boringssl/build/CMakeFiles/crypto.dir/crypto/base64/base64.c.obj
[bloonchipper:ro] [285/519] Building C object modules/ec/third_party/boringssl/build/CMakeFiles/crypto.dir/crypto/bio/bio.c.obj
[bloonchipper:ro] [286/519] Building C object modules/ec/third_party/boringssl/build/CMakeFiles/crypto.dir/crypto/bio/socket.c.obj
[bloonchipper:ro] [287/519] Building C object modules/ec/third_party/boringssl/build/CMakeFiles/crypto.dir/crypto/bio/printf.c.obj
[bloonchipper:ro] [288/519] Building C object modules/ec/third_party/boringssl/build/CMakeFiles/crypto.dir/crypto/bio/bio_mem.c.obj
[bloonchipper:ro] [289/519] Building C object modules/ec/third_party/boringssl/build/CMakeFiles/crypto.dir/crypto/bio/socket_helper.c.obj
[bloonchipper:ro] [290/519] Building C object modules/ec/third_party/boringssl/build/CMakeFiles/crypto.dir/crypto/bn_extra/bn_asn1.c.obj
[navi:ro] [291/379] Building C object CMakeFiles/app.dir/mnt/host/source/src/platform/ec/build/zephyr/navi/modules/ec/common/usbc_intr_task.c.obj
[felino:ro] [76/372] Building C object CMakeFiles/app.dir/mnt/host/source/src/platform/ec/build/zephyr/felino/modules/ec/common/host_command.c.obj
[navi:ro] [292/379] Building C object CMakeFiles/app.dir/mnt/host/source/src/platform/ec/build/zephyr/navi/modules/ec/common/usbc_utils.c.obj
[bloonchipper:ro] [291/519] Building C object modules/ec/third_party/boringssl/build/CMakeFiles/crypto.dir/crypto/bytestring/ber.c.obj
[navi:ro] [293/379] Building C object CMakeFiles/app.dir/mnt/host/source/src/platform/ec/build/zephyr/navi/modules/ec/common/usb_pd_flags.c.obj
[felino:ro] [77/372] Building C object CMakeFiles/app.dir/mnt/host/source/src/platform/ec/build/zephyr/felino/modules/ec/common/flash.c.obj
[bloonchipper:ro] [292/519] Building C object modules/ec/third_party/boringssl/build/CMakeFiles/crypto.dir/crypto/bio/hexdump.c.obj
[bloonchipper:ro] [293/519] Building C object modules/ec/third_party/boringssl/build/CMakeFiles/crypto.dir/crypto/bio/file.c.obj
[bloonchipper:ro] [294/519] Building C object modules/ec/third_party/boringssl/build/CMakeFiles/crypto.dir/crypto/bio/pair.c.obj
[felino:ro] [78/372] Building C object CMakeFiles/app.dir/mnt/host/source/src/platform/ec/build/zephyr/felino/modules/ec/common/host_command_task.c.obj
[navi:ro] [294/379] Building C object CMakeFiles/app.dir/mnt/host/source/src/platform/ec/build/zephyr/navi/modules/ec/common/chargen.c.obj
[bloonchipper:ro] [295/519] Building C object modules/ec/third_party/boringssl/build/CMakeFiles/crypto.dir/crypto/bytestring/unicode.c.obj
[bloonchipper:ro] [296/519] Building C object modules/ec/third_party/boringssl/build/CMakeFiles/crypto.dir/crypto/blake2/blake2.c.obj
[navi:ro] [295/379] Building C object CMakeFiles/app.dir/mnt/host/source/src/platform/ec/build/zephyr/navi/modules/ec/common/usbc/usb_pd_console.c.obj
[bloonchipper:ro] [297/519] Building C object modules/ec/third_party/boringssl/build/CMakeFiles/crypto.dir/crypto/bytestring/asn1_compat.c.obj
[bloonchipper:ro] [298/519] Building C object modules/ec/third_party/boringssl/build/CMakeFiles/crypto.dir/crypto/bn_extra/convert.c.obj
[bloonchipper:ro] [299/519] Building C object modules/ec/third_party/boringssl/build/CMakeFiles/crypto.dir/crypto/cipher_extra/derive_key.c.obj
[bloonchipper:ro] [300/519] Building C object modules/ec/third_party/boringssl/build/CMakeFiles/crypto.dir/crypto/buf/buf.c.obj
[felino:ro] [79/372] Building C object CMakeFiles/app.dir/mnt/host/source/src/platform/ec/build/zephyr/felino/modules/ec/common/host_event_commands.c.obj
[navi:ro] [296/379] Building C object CMakeFiles/app.dir/mnt/host/source/src/platform/ec/build/zephyr/navi/modules/ec/driver/retimer/ps8802.c.obj
[navi:ro] [297/379] Building C object CMakeFiles/app.dir/mnt/host/source/src/platform/ec/build/zephyr/navi/modules/ec/driver/usb_mux/anx3443.c.obj
[felino:ro] [80/372] Building C object CMakeFiles/app.dir/mnt/host/source/src/platform/ec/build/zephyr/felino/modules/ec/common/uart_hostcmd.c.obj
[bloonchipper:ro] [301/519] Building C object modules/ec/third_party/boringssl/build/CMakeFiles/crypto.dir/crypto/bytestring/cbb.c.obj
[bloonchipper:ro] [302/519] Building C object modules/ec/third_party/boringssl/build/CMakeFiles/crypto.dir/crypto/bytestring/cbs.c.obj
[felino:ro] [81/372] Building C object CMakeFiles/app.dir/mnt/host/source/src/platform/ec/build/zephyr/felino/modules/ec/common/uptime.c.obj
[navi:ro] [298/379] Building C object CMakeFiles/app.dir/mnt/host/source/src/platform/ec/build/zephyr/navi/modules/ec/driver/usb_mux/usb_mux.c.obj
[bloonchipper:ro] [303/519] Building C object modules/ec/third_party/boringssl/build/CMakeFiles/crypto.dir/crypto/chacha/chacha.c.obj
[bloonchipper:ro] [304/519] Building C object modules/ec/third_party/boringssl/build/CMakeFiles/crypto.dir/crypto/cipher_extra/cipher_extra.c.obj
[navi:ro] [299/379] Building C object CMakeFiles/app.dir/mnt/host/source/src/platform/ec/build/zephyr/navi/modules/ec/driver/usb_mux/it5205.c.obj
[bloonchipper:ro] [305/519] Building C object modules/ec/third_party/boringssl/build/CMakeFiles/crypto.dir/crypto/cipher_extra/e_aesctrhmac.c.obj
[bloonchipper:ro] [306/519] Building C object modules/ec/third_party/boringssl/build/CMakeFiles/crypto.dir/crypto/cipher_extra/e_chacha20poly1305.c.obj
[navi:ro] [300/379] Building C object CMakeFiles/app.dir/mnt/host/source/src/platform/ec/build/zephyr/navi/modules/ec/driver/usb_mux/virtual.c.obj
[bloonchipper:ro] [307/519] Building C object modules/ec/third_party/boringssl/build/CMakeFiles/crypto.dir/crypto/cipher_extra/e_aesgcmsiv.c.obj
[bloonchipper:ro] [308/519] Building C object modules/ec/third_party/boringssl/build/CMakeFiles/crypto.dir/crypto/cipher_extra/e_des.c.obj
[felino:ro] [82/372] Building C object CMakeFiles/app.dir/mnt/host/source/src/platform/ec/build/zephyr/felino/modules/ec/common/i2c_passthru.c.obj
[felino:ro] [83/372] Building C object CMakeFiles/app.dir/mnt/host/source/src/platform/ec/build/zephyr/felino/modules/ec/common/i2c_controller.c.obj
[navi:ro] [301/379] Building C object CMakeFiles/app.dir/mnt/host/source/src/platform/ec/build/zephyr/navi/modules/ec/common/event_log.c.obj
[bloonchipper:ro] [309/519] Building C object modules/ec/third_party/boringssl/build/CMakeFiles/crypto.dir/crypto/cipher_extra/e_null.c.obj
[bloonchipper:ro] [310/519] Building C object modules/ec/third_party/boringssl/build/CMakeFiles/crypto.dir/crypto/cipher_extra/e_rc4.c.obj
[navi:ro] [302/379] Building C object CMakeFiles/app.dir/mnt/host/source/src/platform/ec/build/zephyr/navi/modules/ec/common/pd_log.c.obj
[bloonchipper:ro] [311/519] Building C object modules/ec/third_party/boringssl/build/CMakeFiles/crypto.dir/crypto/cipher_extra/e_rc2.c.obj
[navi:ro] [303/379] Building C object CMakeFiles/app.dir/mnt/host/source/src/platform/ec/build/zephyr/navi/modules/ec/common/dps.c.obj
[bloonchipper:ro] [312/519] Building C object modules/ec/third_party/boringssl/build/CMakeFiles/crypto.dir/crypto/cipher_extra/e_tls.c.obj
[bloonchipper:ro] [313/519] Building C object modules/ec/third_party/boringssl/build/CMakeFiles/crypto.dir/crypto/cpu_aarch64_openbsd.c.obj
[felino:ro] [84/372] Building C object CMakeFiles/app.dir/mnt/host/source/src/platform/ec/build/zephyr/felino/modules/ec/common/keyboard_8042.c.obj
[bloonchipper:ro] [314/519] Building C object modules/ec/third_party/boringssl/build/CMakeFiles/crypto.dir/crypto/cipher_extra/tls_cbc.c.obj
[bloonchipper:ro] [315/519] Building C object modules/ec/third_party/boringssl/build/CMakeFiles/crypto.dir/crypto/conf/conf.c.obj
[bloonchipper:ro] [316/519] Building C object modules/ec/third_party/boringssl/build/CMakeFiles/crypto.dir/crypto/cpu_aarch64_apple.c.obj
[bloonchipper:ro] [317/519] Building C object modules/ec/third_party/boringssl/build/CMakeFiles/crypto.dir/crypto/cpu_aarch64_fuchsia.c.obj
[bloonchipper:ro] [318/519] Building C object modules/ec/third_party/boringssl/build/CMakeFiles/crypto.dir/crypto/cpu_intel.c.obj
[bloonchipper:ro] [319/519] Building C object modules/ec/third_party/boringssl/build/CMakeFiles/crypto.dir/crypto/cpu_aarch64_linux.c.obj
[felino:ro] [85/372] Building C object CMakeFiles/app.dir/mnt/host/source/src/platform/ec/build/zephyr/felino/modules/ec/common/keyboard_8042_sharedlib.c.obj
[felino:ro] [86/372] Building C object CMakeFiles/app.dir/mnt/host/source/src/platform/ec/build/zephyr/felino/modules/ec/common/mkbp_fifo.c.obj
[bloonchipper:ro] [320/519] Building C object modules/ec/third_party/boringssl/build/CMakeFiles/crypto.dir/crypto/cpu_aarch64_sysreg.c.obj
[navi:ro] [304/379] Building C object CMakeFiles/app.dir/mnt/host/source/src/platform/ec/build/zephyr/navi/modules/ec/common/usbc/usb_prl_sm.c.obj
[navi:ro] [305/379] Building C object CMakeFiles/app.dir/mnt/host/source/src/platform/ec/build/zephyr/navi/modules/ec/common/usbc/usbc_pd_policy.c.obj
[bloonchipper:ro] [321/519] Building C object modules/ec/third_party/boringssl/build/CMakeFiles/crypto.dir/crypto/cpu_arm_freebsd.c.obj
[bloonchipper:ro] [322/519] Building C object modules/ec/third_party/boringssl/build/CMakeFiles/crypto.dir/crypto/cpu_aarch64_win.c.obj
[felino:ro] [87/372] Building C object CMakeFiles/app.dir/mnt/host/source/src/platform/ec/build/zephyr/felino/modules/ec/common/mkbp_info.c.obj
[navi:ro] [306/379] Building C object CMakeFiles/app.dir/mnt/host/source/src/platform/ec/build/zephyr/navi/modules/ec/common/usbc/usb_tc_drp_acc_trysrc_sm.c.obj
[bloonchipper:ro] [323/519] Building C object modules/ec/third_party/boringssl/build/CMakeFiles/crypto.dir/crypto/cpu_arm_linux.c.obj
[navi:ro] [307/379] Building C object CMakeFiles/app.dir/mnt/host/source/src/platform/ec/build/zephyr/navi/modules/ec/common/usbc/usb_pd_dpm.c.obj
[bloonchipper:ro] [324/519] Building C object modules/ec/third_party/boringssl/build/CMakeFiles/crypto.dir/crypto/crypto.c.obj
[felino:ro] [88/372] Building C object CMakeFiles/app.dir/mnt/host/source/src/platform/ec/build/zephyr/felino/modules/ec/common/mkbp_input_devices.c.obj
[bloonchipper:ro] [325/519] Building C object modules/ec/third_party/boringssl/build/CMakeFiles/crypto.dir/crypto/curve25519/curve25519_64_adx.c.obj
[bloonchipper:ro] [326/519] Building C object modules/ec/third_party/boringssl/build/CMakeFiles/crypto.dir/crypto/curve25519/spake25519.c.obj
[bloonchipper:ro] [327/519] Building C object modules/ec/third_party/boringssl/build/CMakeFiles/crypto.dir/crypto/curve25519/curve25519.c.obj
[felino:ro] [89/372] Building C object CMakeFiles/app.dir/mnt/host/source/src/platform/ec/build/zephyr/felino/modules/ec/common/led_common.c.obj
[bloonchipper:ro] [328/519] Building C object modules/ec/third_party/boringssl/build/CMakeFiles/crypto.dir/crypto/des/des.c.obj
[navi:ro] [308/379] Building C object CMakeFiles/app.dir/mnt/host/source/src/platform/ec/build/zephyr/navi/modules/ec/common/usb_pd_console_cmd.c.obj
[navi:ro] [309/379] Building C object CMakeFiles/app.dir/mnt/host/source/src/platform/ec/build/zephyr/navi/modules/ec/common/usb_pd_host_cmd.c.obj
[bloonchipper:ro] [329/519] Building C object modules/ec/third_party/boringssl/build/CMakeFiles/crypto.dir/crypto/dh_extra/dh_asn1.c.obj
[bloonchipper:ro] [330/519] Building C object modules/ec/third_party/boringssl/build/CMakeFiles/crypto.dir/crypto/dh_extra/params.c.obj
[navi:ro] [310/379] Building C object CMakeFiles/app.dir/mnt/host/source/src/platform/ec/build/zephyr/navi/modules/ec/common/usbc/dp_alt_mode.c.obj
[felino:ro] [90/372] Building C object CMakeFiles/app.dir/mnt/host/source/src/platform/ec/build/zephyr/felino/modules/ec/common/lid_switch.c.obj
[bloonchipper:ro] [331/519] Building C object modules/ec/third_party/boringssl/build/CMakeFiles/crypto.dir/crypto/digest_extra/digest_extra.c.obj
[navi:ro] [311/379] Building C object CMakeFiles/app.dir/mnt/host/source/src/platform/ec/build/zephyr/navi/modules/ec/common/usbc/usb_pe_drp_sm.c.obj
[navi:ro] [312/379] Building C object CMakeFiles/app.dir/mnt/host/source/src/platform/ec/build/zephyr/navi/modules/ec/common/usbc/usb_pd_host.c.obj
[bloonchipper:ro] [332/519] Building C object modules/ec/third_party/boringssl/build/CMakeFiles/crypto.dir/crypto/dsa/dsa.c.obj
[felino:ro] [91/372] Building C object CMakeFiles/app.dir/mnt/host/source/src/platform/ec/build/zephyr/felino/modules/ec/common/mkbp_event.c.obj
[bloonchipper:ro] [333/519] Building C object modules/ec/third_party/boringssl/build/CMakeFiles/crypto.dir/crypto/ec_extra/ec_asn1.c.obj
[bloonchipper:ro] [334/519] Building C object modules/ec/third_party/boringssl/build/CMakeFiles/crypto.dir/crypto/dsa/dsa_asn1.c.obj
[bloonchipper:ro] [335/519] Building C object modules/ec/third_party/boringssl/build/CMakeFiles/crypto.dir/crypto/ec_extra/ec_derive.c.obj
[felino:ro] [92/372] Building C object CMakeFiles/app.dir/mnt/host/source/src/platform/ec/build/zephyr/felino/modules/ec/common/port80.c.obj
[bloonchipper:ro] [336/519] Building C object modules/ec/third_party/boringssl/build/CMakeFiles/crypto.dir/crypto/ec_extra/hash_to_curve.c.obj
[bloonchipper:ro] [337/519] Building C object modules/ec/third_party/boringssl/build/CMakeFiles/crypto.dir/crypto/ecdsa_extra/ecdsa_asn1.c.obj
[bloonchipper:ro] [338/519] Building C object modules/ec/third_party/boringssl/build/CMakeFiles/crypto.dir/crypto/engine/engine.c.obj
[felino:ro] [93/372] Building C object CMakeFiles/app.dir/mnt/host/source/src/platform/ec/build/zephyr/felino/modules/ec/common/power_button.c.obj
[bloonchipper:ro] [339/519] Building C object modules/ec/third_party/boringssl/build/CMakeFiles/crypto.dir/crypto/ecdh_extra/ecdh_extra.c.obj
[bloonchipper:ro] [340/519] Building C object modules/ec/third_party/boringssl/build/CMakeFiles/crypto.dir/crypto/evp/p_dh.c.obj
[navi:ro] [313/379] Building C object CMakeFiles/app.dir/mnt/host/source/src/platform/ec/build/zephyr/navi/modules/ec/common/usbc/svdm_rsp_dfp_only.c.obj
[navi:ro] [314/379] Building C object CMakeFiles/app.dir/mnt/host/source/src/platform/ec/build/zephyr/navi/modules/ec/zephyr/shim/src/tcpc.c.obj
[navi:ro] [315/379] Building C object CMakeFiles/app.dir/mnt/host/source/src/platform/ec/build/zephyr/navi/modules/ec/common/usb_pd_host_cmd_common.c.obj
[navi:ro] [316/379] Building C object CMakeFiles/app.dir/mnt/host/source/src/platform/ec/build/zephyr/navi/modules/ec/common/usbc_ocp.c.obj
[bloonchipper:ro] [341/519] Building C object modules/ec/third_party/boringssl/build/CMakeFiles/crypto.dir/crypto/err/err.c.obj
[navi:ro] [317/379] Building C object CMakeFiles/app.dir/mnt/host/source/src/platform/ec/build/zephyr/navi/modules/ec/common/usb_pd_discovery.c.obj
[bloonchipper:ro] [342/519] Building C object modules/ec/third_party/boringssl/build/CMakeFiles/crypto.dir/crypto/evp/p_ec_asn1.c.obj
[felino:ro] [94/372] Building C object CMakeFiles/app.dir/mnt/host/source/src/platform/ec/build/zephyr/felino/modules/ec/power/hibernate.c.obj
[bloonchipper:ro] [343/519] Building C object modules/ec/third_party/boringssl/build/CMakeFiles/crypto.dir/crypto/evp/evp_asn1.c.obj
[bloonchipper:ro] [344/519] Building C object modules/ec/third_party/boringssl/build/CMakeFiles/crypto.dir/crypto/evp/evp.c.obj
[bloonchipper:ro] [345/519] Building C object modules/ec/third_party/boringssl/build/CMakeFiles/crypto.dir/crypto/evp/evp_ctx.c.obj
[bloonchipper:ro] [346/519] Building C object modules/ec/third_party/boringssl/build/CMakeFiles/crypto.dir/crypto/evp/p_ed25519.c.obj
[felino:ro] [95/372] Building C object CMakeFiles/app.dir/mnt/host/source/src/platform/ec/build/zephyr/felino/modules/ec/common/panic_output.c.obj
[bloonchipper:ro] [347/519] Building C object modules/ec/third_party/boringssl/build/CMakeFiles/crypto.dir/crypto/evp/p_dh_asn1.c.obj
[bloonchipper:ro] [348/519] Building C object modules/ec/third_party/boringssl/build/CMakeFiles/crypto.dir/crypto/evp/p_x25519.c.obj
[bloonchipper:ro] [349/519] Building C object modules/ec/third_party/boringssl/build/CMakeFiles/crypto.dir/crypto/evp/p_ec.c.obj
[felino:ro] [96/372] Building C object CMakeFiles/app.dir/mnt/host/source/src/platform/ec/build/zephyr/felino/modules/ec/common/shared_mem.c.obj
[navi:ro] [318/379] Building C object CMakeFiles/app.dir/mnt/host/source/src/platform/ec/build/zephyr/navi/modules/ec/common/usb_pd_dual_role.c.obj
[bloonchipper:ro] [350/519] Building C object modules/ec/third_party/boringssl/build/CMakeFiles/crypto.dir/crypto/evp/p_dsa_asn1.c.obj
[navi:ro] [319/379] Building C object CMakeFiles/app.dir/mnt/host/source/src/platform/ec/build/zephyr/navi/modules/ec/common/usbc/dp_hpd_gpio.c.obj
[navi:ro] [320/379] Building C object CMakeFiles/app.dir/mnt/host/source/src/platform/ec/build/zephyr/navi/modules/ec/driver/tcpm/ite_pd_intc.c.obj
[felino:ro] [97/372] Building C object CMakeFiles/app.dir/mnt/host/source/src/platform/ec/build/zephyr/felino/modules/ec/common/switch.c.obj
[navi:ro] [321/379] Building C object CMakeFiles/app.dir/mnt/host/source/src/platform/ec/build/zephyr/navi/modules/ec/driver/tcpm/tcpci.c.obj
[bloonchipper:ro] [351/519] Building C object modules/ec/third_party/boringssl/build/CMakeFiles/crypto.dir/crypto/evp/p_ed25519_asn1.c.obj
[bloonchipper:ro] [352/519] Building C object modules/ec/third_party/boringssl/build/CMakeFiles/crypto.dir/crypto/evp/p_hkdf.c.obj
[bloonchipper:ro] [353/519] Building C object modules/ec/third_party/boringssl/build/CMakeFiles/crypto.dir/crypto/evp/p_rsa_asn1.c.obj
[bloonchipper:ro] [354/519] Building C object modules/ec/third_party/boringssl/build/CMakeFiles/crypto.dir/crypto/evp/p_rsa.c.obj
[navi:ro] [322/379] Building C object CMakeFiles/app.dir/mnt/host/source/src/platform/ec/build/zephyr/navi/modules/ec/driver/tcpm/it8xxx2.c.obj
[bloonchipper:ro] [355/519] Building C object modules/ec/third_party/boringssl/build/CMakeFiles/crypto.dir/crypto/evp/sign.c.obj
[bloonchipper:ro] [356/519] Building C object modules/ec/third_party/boringssl/build/CMakeFiles/crypto.dir/crypto/fipsmodule/fips_shared_support.c.obj
[felino:ro] [98/372] Building C object CMakeFiles/app.dir/mnt/host/source/src/platform/ec/build/zephyr/felino/modules/ec/common/thermal.c.obj
[bloonchipper:ro] [357/519] Building C object modules/ec/third_party/boringssl/build/CMakeFiles/crypto.dir/crypto/evp/pbkdf.c.obj
[bloonchipper:ro] [358/519] Building C object modules/ec/third_party/boringssl/build/CMakeFiles/crypto.dir/crypto/evp/p_x25519_asn1.c.obj
[felino:ro] [99/372] Building C object CMakeFiles/app.dir/mnt/host/source/src/platform/ec/build/zephyr/felino/modules/ec/common/temp_sensor.c.obj
[bloonchipper:ro] [359/519] Building C object modules/ec/third_party/boringssl/build/CMakeFiles/crypto.dir/crypto/evp/print.c.obj
[navi:ro] [323/379] Building C object CMakeFiles/app.dir/mnt/host/source/src/platform/ec/build/zephyr/navi/modules/ec/common/usbc_ppc.c.obj
[bloonchipper:ro] [360/519] Building C object modules/ec/third_party/boringssl/build/CMakeFiles/crypto.dir/crypto/evp/scrypt.c.obj
[navi:ro] [324/379] Building C object CMakeFiles/app.dir/mnt/host/source/src/platform/ec/build/zephyr/navi/modules/ec/common/vboot_hash.c.obj
[felino:ro] [100/372] Building C object CMakeFiles/app.dir/mnt/host/source/src/platform/ec/build/zephyr/felino/modules/ec/driver/temp_sensor/thermistor.c.obj
[bloonchipper:ro] [361/519] Building C object modules/ec/third_party/boringssl/build/CMakeFiles/crypto.dir/crypto/ex_data.c.obj
[navi:ro] [325/379] Building C object CMakeFiles/app.dir/mnt/host/source/src/platform/ec/build/zephyr/navi/modules/ec/driver/ppc/syv682x.c.obj
[navi:ro] [326/379] Building C object CMakeFiles/app.dir/mnt/host/source/src/platform/ec/build/zephyr/navi/modules/ec/common/button.c.obj
[bloonchipper:ro] [362/519] Building C object modules/ec/third_party/boringssl/build/CMakeFiles/crypto.dir/crypto/hpke/hpke.c.obj
[bloonchipper:ro] [363/519] Building C object modules/ec/third_party/boringssl/build/CMakeFiles/crypto.dir/crypto/keccak/keccak.c.obj
[bloonchipper:ro] [364/519] Building C object modules/ec/third_party/boringssl/build/CMakeFiles/crypto.dir/crypto/hrss/hrss.c.obj
[navi:ro] [327/379] Building C object CMakeFiles/app.dir/mnt/host/source/src/platform/ec/build/zephyr/navi/modules/ec/common/vboot/efs2.c.obj
[bloonchipper:ro] [365/519] Building C object modules/ec/third_party/boringssl/build/CMakeFiles/crypto.dir/crypto/lhash/lhash.c.obj
[felino:ro] [101/372] Building C object CMakeFiles/app.dir/mnt/host/source/src/platform/ec/build/zephyr/felino/modules/ec/common/timer.c.obj
[felino:ro] [102/372] Building C object CMakeFiles/app.dir/mnt/host/source/src/platform/ec/build/zephyr/felino/modules/ec/common/usb_port_power_dumb.c.obj
[bloonchipper:ro] [366/519] Building C object modules/ec/third_party/boringssl/build/CMakeFiles/crypto.dir/crypto/mem.c.obj
[bloonchipper:ro] [367/519] Building C object modules/ec/third_party/boringssl/build/CMakeFiles/crypto.dir/crypto/kyber/kyber.c.obj
[navi:ro] [328/379] Building C object CMakeFiles/app.dir/mnt/host/source/src/platform/ec/build/zephyr/navi/modules/ec/zephyr/program/rauru/src/common.c.obj
[navi:ro] [329/379] Building C object CMakeFiles/app.dir/mnt/host/source/src/platform/ec/build/zephyr/navi/modules/ec/common/math_util.c.obj
[bloonchipper:ro] [368/519] Building C object modules/ec/third_party/boringssl/build/CMakeFiles/crypto.dir/crypto/pem/pem_info.c.obj
[navi:ro] [330/379] Building C object CMakeFiles/app.dir/mnt/host/source/src/platform/ec/build/zephyr/navi/modules/ec/common/vstore.c.obj
[bloonchipper:ro] [369/519] Building C object modules/ec/third_party/boringssl/build/CMakeFiles/crypto.dir/crypto/pem/pem_all.c.obj
[bloonchipper:ro] [370/519] Building C object modules/ec/third_party/boringssl/build/CMakeFiles/crypto.dir/crypto/obj/obj_xref.c.obj
[bloonchipper:ro] [371/519] Building C object modules/ec/third_party/boringssl/build/CMakeFiles/crypto.dir/crypto/obj/obj.c.obj
[felino:ro] [103/372] Building C object CMakeFiles/app.dir/mnt/host/source/src/platform/ec/build/zephyr/felino/modules/ec/common/usbc_utils.c.obj
[bloonchipper:ro] [372/519] Building C object modules/ec/third_party/boringssl/build/CMakeFiles/crypto.dir/crypto/pem/pem_oth.c.obj
[navi:ro] [331/379] Building C object CMakeFiles/app.dir/mnt/host/source/src/platform/ec/build/zephyr/navi/modules/ec/zephyr/program/rauru/src/i2c.c.obj
[bloonchipper:ro] [373/519] Building C object modules/ec/third_party/boringssl/build/CMakeFiles/crypto.dir/crypto/pem/pem_pkey.c.obj
[bloonchipper:ro] [374/519] Building C object modules/ec/third_party/boringssl/build/CMakeFiles/crypto.dir/crypto/pkcs7/pkcs7.c.obj
[bloonchipper:ro] [375/519] Building C object modules/ec/third_party/boringssl/build/CMakeFiles/crypto.dir/crypto/pem/pem_pk8.c.obj
[bloonchipper:ro] [376/519] Building C object modules/ec/third_party/boringssl/build/CMakeFiles/crypto.dir/crypto/pem/pem_x509.c.obj
[bloonchipper:ro] [377/519] Building C object modules/ec/third_party/boringssl/build/CMakeFiles/crypto.dir/crypto/pem/pem_xaux.c.obj
[navi:ro] [332/379] Building C object CMakeFiles/app.dir/mnt/host/source/src/platform/ec/build/zephyr/navi/modules/ec/zephyr/program/rauru/src/hibernate.c.obj
[bloonchipper:ro] [378/519] Building C object modules/ec/third_party/boringssl/build/CMakeFiles/crypto.dir/crypto/pem/pem_lib.c.obj
[navi:ro] [333/379] Building C object CMakeFiles/app.dir/mnt/host/source/src/platform/ec/build/zephyr/navi/modules/ec/zephyr/program/rauru/src/backlight.c.obj
[felino:ro] [104/372] Building C object CMakeFiles/app.dir/mnt/host/source/src/platform/ec/build/zephyr/felino/modules/ec/common/usb_common.c.obj
[felino:ro] [105/372] Building C object CMakeFiles/app.dir/mnt/host/source/src/platform/ec/build/zephyr/felino/modules/ec/common/usb_pd_host_cmd_common.c.obj
[navi:ro] [334/379] Building C object CMakeFiles/app.dir/mnt/host/source/src/platform/ec/build/zephyr/navi/modules/ec/zephyr/program/rauru/src/sub_board.c.obj
[navi:ro] [335/379] Building C object CMakeFiles/app.dir/mnt/host/source/src/platform/ec/build/zephyr/navi/modules/ec/zephyr/program/rauru/src/hooks.c.obj
[felino:ro] [106/372] Building C object CMakeFiles/app.dir/mnt/host/source/src/platform/ec/build/zephyr/felino/modules/ec/common/vboot_hash.c.obj
[bloonchipper:ro] [379/519] Building C object modules/ec/third_party/boringssl/build/CMakeFiles/crypto.dir/crypto/poly1305/poly1305.c.obj
[bloonchipper:ro] [380/519] Building C object modules/ec/third_party/boringssl/build/CMakeFiles/crypto.dir/crypto/pkcs8/p5_pbev2.c.obj
[bloonchipper:ro] [381/519] Building C object modules/ec/third_party/boringssl/build/CMakeFiles/crypto.dir/crypto/poly1305/poly1305_vec.c.obj
[navi:ro] [336/379] Building C object CMakeFiles/app.dir/mnt/host/source/src/platform/ec/build/zephyr/navi/modules/ec/zephyr/program/rauru/src/usbc.c.obj
[bloonchipper:ro] [382/519] Building C object modules/ec/third_party/boringssl/build/CMakeFiles/crypto.dir/crypto/poly1305/poly1305_arm.c.obj
[bloonchipper:ro] [383/519] Building C object modules/ec/third_party/boringssl/build/CMakeFiles/crypto.dir/crypto/pkcs7/pkcs7_x509.c.obj
[bloonchipper:ro] [384/519] Building C object modules/ec/third_party/boringssl/build/CMakeFiles/crypto.dir/crypto/pkcs8/pkcs8.c.obj
[bloonchipper:ro] [385/519] Building C object modules/ec/third_party/boringssl/build/CMakeFiles/crypto.dir/crypto/pkcs8/pkcs8_x509.c.obj
[bloonchipper:ro] [386/519] Building C object modules/ec/third_party/boringssl/build/CMakeFiles/crypto.dir/crypto/pool/pool.c.obj
[bloonchipper:ro] [387/519] Building C object modules/ec/third_party/boringssl/build/CMakeFiles/crypto.dir/crypto/rand_extra/rand_extra.c.obj
[navi:ro] [337/379] Building C object CMakeFiles/app.dir/navi/src/led.c.obj
[felino:ro] [107/372] Building C object CMakeFiles/app.dir/mnt/host/source/src/platform/ec/build/zephyr/felino/modules/ec/common/button.c.obj
[navi:ro] [338/379] Building C object CMakeFiles/app.dir/navi/src/dp_alt_mode.c.obj
[felino:ro] [108/372] Building C object CMakeFiles/app.dir/mnt/host/source/src/platform/ec/build/zephyr/felino/modules/ec/common/vboot/efs2.c.obj
[bloonchipper:ro] [388/519] Building C object modules/ec/third_party/boringssl/build/CMakeFiles/crypto.dir/crypto/rc4/rc4.c.obj
[navi:ro] [339/379] Building C object CMakeFiles/app.dir/navi/src/usbc.c.obj
[felino:ro] [109/372] Building C object CMakeFiles/app.dir/mnt/host/source/src/platform/ec/build/zephyr/felino/modules/ec/common/vstore.c.obj
[navi:ro] [340/379] Building C object CMakeFiles/app.dir/navi/src/usb_mux.c.obj
[bloonchipper:ro] [389/519] Building C object modules/ec/third_party/boringssl/build/CMakeFiles/crypto.dir/crypto/rand_extra/forkunsafe.c.obj
[bloonchipper:ro] [390/519] Building C object modules/ec/third_party/boringssl/build/CMakeFiles/crypto.dir/crypto/rand_extra/deterministic.c.obj
[navi:ro] [341/379] Linking C static library modules/ec/zephyr/libec_shim.a
[bloonchipper:ro] [391/519] Building C object modules/ec/third_party/boringssl/build/CMakeFiles/crypto.dir/crypto/rand_extra/ios.c.obj
[bloonchipper:ro] [392/519] Building C object modules/ec/third_party/boringssl/build/CMakeFiles/crypto.dir/crypto/rand_extra/getentropy.c.obj
[navi:ro] [342/379] Building C object CMakeFiles/app.dir/navi/src/touch.c.obj
[bloonchipper:ro] [393/519] Building C object modules/ec/third_party/boringssl/build/CMakeFiles/crypto.dir/crypto/rand_extra/trusty.c.obj
[bloonchipper:ro] [394/519] Building C object modules/ec/third_party/boringssl/build/CMakeFiles/crypto.dir/crypto/rand_extra/passive.c.obj
[bloonchipper:ro] [395/519] Building C object modules/ec/third_party/boringssl/build/CMakeFiles/crypto.dir/crypto/rsa_extra/rsa_print.c.obj
[bloonchipper:ro] [396/519] Building C object modules/ec/third_party/boringssl/build/CMakeFiles/crypto.dir/crypto/rand_extra/windows.c.obj
[bloonchipper:ro] [397/519] Building C object modules/ec/third_party/boringssl/build/CMakeFiles/crypto.dir/crypto/spx/fors.c.obj
[felino:ro] [110/372] Building C object CMakeFiles/app.dir/mnt/host/source/src/platform/ec/build/zephyr/felino/modules/ec/common/math_util.c.obj
[bloonchipper:ro] [398/519] Building C object modules/ec/third_party/boringssl/build/CMakeFiles/crypto.dir/crypto/spx/merkle.c.obj
[bloonchipper:ro] [399/519] Building C object modules/ec/third_party/boringssl/build/CMakeFiles/crypto.dir/crypto/spx/spx.c.obj
[bloonchipper:ro] [400/519] Building C object modules/ec/third_party/boringssl/build/CMakeFiles/crypto.dir/crypto/refcount.c.obj
[navi:ro] [343/379] Building C object CMakeFiles/app.dir/navi/src/thermal.c.obj
[bloonchipper:ro] [401/519] Building C object modules/ec/third_party/boringssl/build/CMakeFiles/crypto.dir/crypto/spx/spx_util.c.obj
[felino:ro] [111/372] Building C object CMakeFiles/app.dir/felino/src/board.c.obj
[navi:ro] [344/379] Building C object CMakeFiles/app.dir/navi/src/suspend_resume.c.obj
[navi:ro] [345/379] Building C object zephyr/kernel/CMakeFiles/kernel.dir/banner.c.obj
[navi:ro] [346/379] Building C object CMakeFiles/app.dir/navi/src/power_config.c.obj
[bloonchipper:ro] [402/519] Building C object modules/ec/third_party/boringssl/build/CMakeFiles/crypto.dir/crypto/spx/wots.c.obj
[bloonchipper:ro] [403/519] Building C object modules/ec/third_party/boringssl/build/CMakeFiles/crypto.dir/crypto/spx/thash.c.obj
[bloonchipper:ro] [404/519] Building C object modules/ec/third_party/boringssl/build/CMakeFiles/crypto.dir/crypto/thread.c.obj
[navi:ro] [347/379] Building C object zephyr/kernel/CMakeFiles/kernel.dir/main_weak.c.obj
[bloonchipper:ro] [405/519] Building C object modules/ec/third_party/boringssl/build/CMakeFiles/crypto.dir/crypto/rsa_extra/rsa_crypt.c.obj
[bloonchipper:ro] [406/519] Building C object modules/ec/third_party/boringssl/build/CMakeFiles/crypto.dir/crypto/rsa_extra/rsa_asn1.c.obj
[felino:ro] [112/372] Building C object CMakeFiles/app.dir/felino/src/board_power.c.obj
[bloonchipper:ro] [407/519] Building C object modules/ec/third_party/boringssl/build/CMakeFiles/crypto.dir/crypto/spx/address.c.obj
[navi:ro] [348/379] Linking C static library app/libapp.a
[bloonchipper:ro] [408/519] Building C object modules/ec/third_party/boringssl/build/CMakeFiles/crypto.dir/crypto/siphash/siphash.c.obj
[navi:ro] [349/379] Building C object zephyr/kernel/CMakeFiles/kernel.dir/busy_wait.c.obj
[felino:ro] [113/372] Building C object CMakeFiles/app.dir/felino/src/keyboard_customization.c.obj
[felino:ro] [114/372] Building C object CMakeFiles/app.dir/felino/src/charger.c.obj
[navi:ro] [350/379] Building C object zephyr/kernel/CMakeFiles/kernel.dir/device.c.obj
[bloonchipper:ro] [409/519] Building C object modules/ec/third_party/boringssl/build/CMakeFiles/crypto.dir/crypto/stack/stack.c.obj
[navi:ro] [351/379] Building C object zephyr/kernel/CMakeFiles/kernel.dir/errno.c.obj
[bloonchipper:ro] [410/519] Building C object modules/ec/third_party/boringssl/build/CMakeFiles/crypto.dir/crypto/x509/a_digest.c.obj
[navi:ro] [352/379] Building C object zephyr/kernel/CMakeFiles/kernel.dir/fatal.c.obj
[felino:ro] [115/372] Building C object zephyr/CMakeFiles/zephyr.dir/lib/libc/validate_libc.c.obj
[felino:ro] [116/372] Linking C static library app/libapp.a
[bloonchipper:ro] [411/519] Building C object modules/ec/third_party/boringssl/build/CMakeFiles/crypto.dir/crypto/thread_none.c.obj
[bloonchipper:ro] [412/519] Building C object modules/ec/third_party/boringssl/build/CMakeFiles/crypto.dir/crypto/thread_pthread.c.obj
[bloonchipper:ro] [413/519] Building C object modules/ec/third_party/boringssl/build/CMakeFiles/crypto.dir/crypto/thread_win.c.obj
[navi:ro] [353/379] Building C object zephyr/kernel/CMakeFiles/kernel.dir/version.c.obj
[bloonchipper:ro] [414/519] Building C object modules/ec/third_party/boringssl/build/CMakeFiles/crypto.dir/crypto/trust_token/trust_token.c.obj
[bloonchipper:ro] [415/519] Building C object modules/ec/third_party/boringssl/build/CMakeFiles/crypto.dir/crypto/trust_token/pmbtoken.c.obj
[bloonchipper:ro] [416/519] Building C object modules/ec/third_party/boringssl/build/CMakeFiles/crypto.dir/crypto/trust_token/voprf.c.obj
[navi:ro] [354/379] Building C object zephyr/kernel/CMakeFiles/kernel.dir/kheap.c.obj
[navi:ro] [355/379] Building C object zephyr/kernel/CMakeFiles/kernel.dir/init.c.obj
[navi:ro] [356/379] Building C object zephyr/kernel/CMakeFiles/kernel.dir/float.c.obj
[felino:ro] [117/372] Building C object zephyr/CMakeFiles/zephyr.dir/lib/heap/heap.c.obj
[navi:ro] [357/379] Building C object zephyr/kernel/CMakeFiles/kernel.dir/mem_slab.c.obj
[bloonchipper:ro] [417/519] Building C object modules/ec/third_party/boringssl/build/CMakeFiles/crypto.dir/crypto/x509/i2d_pr.c.obj
[bloonchipper:ro] [418/519] Building C object modules/ec/third_party/boringssl/build/CMakeFiles/crypto.dir/crypto/x509/a_sign.c.obj
[bloonchipper:ro] [419/519] Building C object modules/ec/third_party/boringssl/build/CMakeFiles/crypto.dir/crypto/x509/name_print.c.obj
[felino:ro] [118/372] Building C object zephyr/CMakeFiles/zephyr.dir/lib/os/clock.c.obj
[navi:ro] [358/379] Building C object zephyr/kernel/CMakeFiles/kernel.dir/idle.c.obj
[bloonchipper:ro] [420/519] Building C object modules/ec/third_party/boringssl/build/CMakeFiles/crypto.dir/crypto/x509/algorithm.c.obj
[bloonchipper:ro] [421/519] Building C object modules/ec/third_party/boringssl/build/CMakeFiles/crypto.dir/crypto/x509/a_verify.c.obj
[felino:ro] [119/372] Building C object zephyr/CMakeFiles/zephyr.dir/lib/os/cbprintf_packaged.c.obj
[bloonchipper:ro] [422/519] Building C object modules/ec/third_party/boringssl/build/CMakeFiles/crypto.dir/crypto/x509/by_dir.c.obj
[bloonchipper:ro] [423/519] Building C object modules/ec/third_party/boringssl/build/CMakeFiles/crypto.dir/crypto/x509/asn1_gen.c.obj
[felino:ro] [120/372] Building C object zephyr/CMakeFiles/zephyr.dir/lib/os/printk.c.obj
[bloonchipper:ro] [424/519] Building C object modules/ec/third_party/boringssl/build/CMakeFiles/crypto.dir/crypto/x509/t_crl.c.obj
[bloonchipper:ro] [425/519] Building C object modules/ec/third_party/boringssl/build/CMakeFiles/crypto.dir/crypto/x509/by_file.c.obj
[navi:ro] [359/379] Building C object zephyr/kernel/CMakeFiles/kernel.dir/msg_q.c.obj
[navi:ro] [360/379] Building C object zephyr/kernel/CMakeFiles/kernel.dir/mailbox.c.obj
[navi:ro] [361/379] Building C object zephyr/kernel/CMakeFiles/kernel.dir/mutex.c.obj
[navi:ro] [362/379] Building C object zephyr/kernel/CMakeFiles/kernel.dir/queue.c.obj
[felino:ro] [121/372] Building C object zephyr/CMakeFiles/zephyr.dir/lib/os/sem.c.obj
[felino:ro] [122/372] Building C object zephyr/CMakeFiles/zephyr.dir/lib/os/thread_entry.c.obj
[navi:ro] [363/379] Building C object zephyr/kernel/CMakeFiles/kernel.dir/sem.c.obj
[bloonchipper:ro] [426/519] Building C object modules/ec/third_party/boringssl/build/CMakeFiles/crypto.dir/crypto/x509/policy.c.obj
[felino:ro] [123/372] Building C object zephyr/CMakeFiles/zephyr.dir/lib/os/cbprintf_nano.c.obj
[bloonchipper:ro] [427/519] Building C object modules/ec/third_party/boringssl/build/CMakeFiles/crypto.dir/crypto/x509/rsa_pss.c.obj
[bloonchipper:ro] [428/519] Building C object modules/ec/third_party/boringssl/build/CMakeFiles/crypto.dir/crypto/x509/t_x509.c.obj
[navi:ro] [364/379] Building C object zephyr/kernel/CMakeFiles/kernel.dir/system_work_q.c.obj
[bloonchipper:ro] [429/519] Building C object modules/ec/third_party/boringssl/build/CMakeFiles/crypto.dir/crypto/x509/t_req.c.obj
[navi:ro] [365/379] Building C object zephyr/kernel/CMakeFiles/kernel.dir/stack.c.obj
[bloonchipper:ro] [430/519] Building C object modules/ec/third_party/boringssl/build/CMakeFiles/crypto.dir/crypto/x509/t_x509a.c.obj
[felino:ro] [124/372] Building C object zephyr/CMakeFiles/zephyr.dir/lib/utils/dec.c.obj
[bloonchipper:ro] [431/519] Building C object modules/ec/third_party/boringssl/build/CMakeFiles/crypto.dir/crypto/x509/v3_akeya.c.obj
[bloonchipper:ro] [432/519] Building C object modules/ec/third_party/boringssl/build/CMakeFiles/crypto.dir/crypto/x509/v3_alt.c.obj
[felino:ro] [125/372] Building C object zephyr/CMakeFiles/zephyr.dir/lib/os/cbprintf.c.obj
[navi:ro] [366/379] Building C object zephyr/kernel/CMakeFiles/kernel.dir/condvar.c.obj
[felino:ro] [126/372] Building C object zephyr/CMakeFiles/zephyr.dir/lib/os/assert.c.obj
[bloonchipper:ro] [433/519] Building C object modules/ec/third_party/boringssl/build/CMakeFiles/crypto.dir/crypto/x509/v3_akey.c.obj
[navi:ro] [367/379] Building C object zephyr/kernel/CMakeFiles/kernel.dir/work.c.obj
[navi:ro] [368/379] Building C object zephyr/kernel/CMakeFiles/kernel.dir/thread.c.obj
[felino:ro] [127/372] Building C object zephyr/CMakeFiles/zephyr.dir/lib/utils/hex.c.obj
[felino:ro] [128/372] Building C object zephyr/CMakeFiles/zephyr.dir/lib/utils/timeutil.c.obj
[bloonchipper:ro] [434/519] Building C object modules/ec/third_party/boringssl/build/CMakeFiles/crypto.dir/crypto/x509/v3_bcons.c.obj
[navi:ro] [369/379] Building C object zephyr/kernel/CMakeFiles/kernel.dir/spinlock_validate.c.obj
[felino:ro] [129/372] Building C object zephyr/CMakeFiles/zephyr.dir/lib/utils/bitmask.c.obj
[felino:ro] [130/372] Building C object zephyr/CMakeFiles/zephyr.dir/lib/utils/rb.c.obj
[bloonchipper:ro] [435/519] Building C object modules/ec/third_party/boringssl/build/CMakeFiles/crypto.dir/crypto/x509/v3_bitst.c.obj
[navi:ro] [370/379] Building C object zephyr/kernel/CMakeFiles/kernel.dir/pipe.c.obj
[navi:ro] [371/379] Building C object zephyr/kernel/CMakeFiles/kernel.dir/sched.c.obj
[bloonchipper:ro] [436/519] Building C object modules/ec/third_party/boringssl/build/CMakeFiles/crypto.dir/crypto/x509/v3_conf.c.obj
[bloonchipper:ro] [437/519] Building C object modules/ec/third_party/boringssl/build/CMakeFiles/crypto.dir/crypto/x509/v3_enum.c.obj
[bloonchipper:ro] [438/519] Building C object modules/ec/third_party/boringssl/build/CMakeFiles/crypto.dir/crypto/x509/v3_extku.c.obj
[bloonchipper:ro] [439/519] Building C object modules/ec/third_party/boringssl/build/CMakeFiles/crypto.dir/crypto/x509/v3_cpols.c.obj
[navi:ro] [372/379] Building C object zephyr/kernel/CMakeFiles/kernel.dir/thread_monitor.c.obj
[bloonchipper:ro] [440/519] Building C object modules/ec/third_party/boringssl/build/CMakeFiles/crypto.dir/crypto/x509/v3_crld.c.obj
[bloonchipper:ro] [441/519] Building C object modules/ec/third_party/boringssl/build/CMakeFiles/crypto.dir/crypto/x509/v3_genn.c.obj
[navi:ro] [373/379] Building C object zephyr/kernel/CMakeFiles/kernel.dir/timeout.c.obj
[felino:ro] [131/372] Building C object zephyr/CMakeFiles/zephyr.dir/lib/utils/bitarray.c.obj
[bloonchipper:ro] [442/519] Building C object modules/ec/third_party/boringssl/build/CMakeFiles/crypto.dir/crypto/x509/v3_int.c.obj
[bloonchipper:ro] [443/519] Building C object modules/ec/third_party/boringssl/build/CMakeFiles/crypto.dir/crypto/x509/v3_ocsp.c.obj
[navi:ro] [374/379] Building C object zephyr/kernel/CMakeFiles/kernel.dir/timer.c.obj
[felino:ro] [132/372] Building C object zephyr/CMakeFiles/zephyr.dir/lib/utils/getopt/getopt.c.obj
[felino:ro] [133/372] Building C object zephyr/CMakeFiles/zephyr.dir/lib/utils/ring_buffer.c.obj
[felino:ro] [134/372] Building C object zephyr/CMakeFiles/zephyr.dir/lib/utils/getopt/getopt_common.c.obj
[krabby:rw] Building: /usr/bin/ninja -C /mnt/host/source/src/platform/ec/build/zephyr/krabby/build-rw all.libraries
[navi:ro] [375/379] Building C object zephyr/kernel/CMakeFiles/kernel.dir/poll.c.obj
Running `env -i SHELL=/bin/bash COLORTERM=truecolor DEPOT_TOOLS_UPDATE=0 LESS='-R -M --shift 5' SUDO_GID=0 JDK_HOME=/etc/java-config-2/current-system-vm CONFIG_PROTECT_MASK='/etc/gentoo-release /etc/sandbox.d /etc/fonts/fonts.conf /etc/terminfo /etc/ca-certificates.conf /etc/revdep-rebuild' CHROMEOS_CACHEDIR=/var/cache/chromeos-cache JAVA_HOME=/etc/java-config-2/current-system-vm SSH_AUTH_SOCK=/tmp/ssh-auth-sock SUDO_COMMAND=/bin/bash SUDO_USER=root SUDO_TTY=/dev/pts/2 EDITOR=/usr/bin/vi PWD=/mnt/host/source/src/platform/ec CONFIG_PROTECT=/usr/share/gnupg/qualified.txt LOGNAME=jpmurphy MANPATH=/etc/java-config-2/current-system-vm/man:/usr/local/share/man:/usr/share/man:/usr/share/gcc-data/x86_64-pc-linux-gnu/10.2.0/man:/usr/share/binutils-data/x86_64-pc-linux-gnu/2.45/man:/etc/java-config-2/current-system-vm/man/ SUDO_HOME=/root XAUTHORITY=/run/user/944457/gdm/Xauthority HOME=/home/jpmurphy LANG=C.UTF-8 LS_COLORS='rs=0:di=01;34:ln=01;36:mh=00:pi=40;33:so=01;35:do=01;35:bd=40;33;01:cd=40;33;01:or=01;05;37;41:mi=01;05;37;41:su=37;41:sg=30;43:ca=30;41:tw=30;42:ow=34;42:st=37;44:ex=01;32:*.tar=01;31:*.tgz=01;31:*.arc=01;31:*.arj=01;31:*.taz=01;31:*.lha=01;31:*.lz4=01;31:*.lzh=01;31:*.lzma=01;31:*.tlz=01;31:*.txz=01;31:*.tzo=01;31:*.t7z=01;31:*.zip=01;31:*.z=01;31:*.dz=01;31:*.gz=01;31:*.lrz=01;31:*.lz=01;31:*.lzo=01;31:*.xz=01;31:*.zst=01;31:*.tzst=01;31:*.bz2=01;31:*.bz=01;31:*.tbz=01;31:*.tbz2=01;31:*.tz=01;31:*.deb=01;31:*.rpm=01;31:*.jar=01;31:*.war=01;31:*.ear=01;31:*.sar=01;31:*.rar=01;31:*.alz=01;31:*.ace=01;31:*.zoo=01;31:*.cpio=01;31:*.7z=01;31:*.rz=01;31:*.cab=01;31:*.wim=01;31:*.swm=01;31:*.dwm=01;31:*.esd=01;31:*.jpg=01;35:*.jpeg=01;35:*.mjpg=01;35:*.mjpeg=01;35:*.gif=01;35:*.bmp=01;35:*.pbm=01;35:*.pgm=01;35:*.ppm=01;35:*.tga=01;35:*.xbm=01;35:*.xpm=01;35:*.tif=01;35:*.tiff=01;35:*.png=01;35:*.svg=01;35:*.svgz=01;35:*.mng=01;35:*.pcx=01;35:*.mov=01;35:*.mpg=01;35:*.mpeg=01;35:*.m2v=01;35:*.mkv=01;35:*.webm=01;35:*.webp=01;35:*.ogm=01;35:*.mp4=01;35:*.m4v=01;35:*.mp4v=01;35:*.vob=01;35:*.qt=01;35:*.nuv=01;35:*.wmv=01;35:*.asf=01;35:*.rm=01;35:*.rmvb=01;35:*.flc=01;35:*.avi=01;35:*.fli=01;35:*.flv=01;35:*.gl=01;35:*.dl=01;35:*.xcf=01;35:*.xwd=01;35:*.yuv=01;35:*.cgm=01;35:*.emf=01;35:*.ogv=01;35:*.ogx=01;35:*.cfg=00;32:*.conf=00;32:*.diff=00;32:*.doc=00;32:*.ini=00;32:*.log=00;32:*.patch=00;32:*.pdf=00;32:*.ps=00;32:*.tex=00;32:*.txt=00;32:*.aac=00;36:*.au=00;36:*.flac=00;36:*.m4a=00;36:*.mid=00;36:*.midi=00;36:*.mka=00;36:*.mp3=00;36:*.mpc=00;36:*.ogg=00;36:*.ra=00;36:*.wav=00;36:*.oga=00;36:*.opus=00;36:*.spx=00;36:*.xspf=00;36:' XDG_CURRENT_DESKTOP=GNOME INFOPATH=/usr/share/info:/usr/share/gcc-data/x86_64-pc-linux-gnu/10.2.0/info:/usr/share/binutils-data/x86_64-pc-linux-gnu/2.45/info:/usr/share/automake-1.16.5/info JAVAC=/etc/java-config-2/current-system-vm/bin/javac TERM=xterm-256color LESSOPEN='|lesspipe %s' USER=jpmurphy CROS_WORKON_SRCROOT=/mnt/host/source MANPAGER=manpager DISPLAY=:1 SHLVL=1 LC_MESSAGES=C EXTERNAL_TRUNK_PATH=/mnt/8f9d649a-3721-44cc-93c0-e6bd21a9689f/chromiumos GCC_SPECS='' PATH=/mnt/host/source/chromite/bin:/usr/local/bin:/usr/bin:/bin:/opt/bin:/mnt/host/source/chromite/sdk/bin:/mnt/host/source/chromite/bin PORTAGE_USERNAME=jpmurphy SUDO_UID=0 GCC_VER=10.2.0 MAIL=/var/mail/jpmurphy OLDPWD=/mnt/host/source/src/scripts traceparent=00-e87aca51550a78635907baa6a2476181-6d684811675d2973-01 _=./zephyr/firmware_builder.py COREBOOT_SDK_ROOT_x86=/home/jpmurphy/.cache/coreboot-sdk/i386-elf/dfbb0486385d938cfa9d73080b9d18d598ed4f49 COREBOOT_SDK_ROOT_picolibc_x86=/home/jpmurphy/.cache/coreboot-sdk/picolibc-i386-elf/eb8e8e687b95461de8cbf278f1c2076952d0ad17 COREBOOT_SDK_ROOT_riscv64=/home/jpmurphy/.cache/coreboot-sdk/riscv64-elf/96b949749225b6aaa92ed810ab769e8dfb12f000 COREBOOT_SDK_ROOT_picolibc_arm=/home/jpmurphy/.cache/coreboot-sdk/picolibc-arm-eabi/422a2aa3e1ef891b5bece9a3deb696ff83840d2e COREBOOT_SDK_ROOT_nds32=/home/jpmurphy/.cache/coreboot-sdk/nds32le-elf/d1a518c4a097666d86058e1444f85ca015d15511 COREBOOT_SDK_ROOT_picolibc_riscv64=/home/jpmurphy/.cache/coreboot-sdk/picolibc-riscv64-elf/f571e990ef0278564b31124f8bb109d9a697eb69 COREBOOT_SDK_ROOT_arm=/home/jpmurphy/.cache/coreboot-sdk/arm-eabi/ea40ddd1d190c3b48435c474c0b545719371813a COREBOOT_SDK_ROOT_libstdcxx_riscv64=/home/jpmurphy/.cache/coreboot-sdk/libstdcxx-riscv64-elf/17abf22a3a252e2d5d2062ced5324f7a623689e0 COREBOOT_SDK_ROOT_libstdcxx_arm=/home/jpmurphy/.cache/coreboot-sdk/libstdcxx-arm-eabi/5d7d82e150e44aa1968f1d366e267e6687b328ac COREBOOT_SDK_ROOT_riscv=/home/jpmurphy/.cache/coreboot-sdk/riscv-elf/9a27b9e82341c6e9126624f516ab3f261abb3e73 COREBOOT_SDK_ROOT_libstdcxx_x86=/home/jpmurphy/.cache/coreboot-sdk/libstdcxx-i386-elf/42ef9d2e87a76a37963175d7d428734e65648b87 PYTHONPATH=/mnt/host/source/src/platform/ec/zephyr/zmake PW_PIGWEED_CIPD_INSTALL_DIR=/usr CROSTC_USER_ACKNOWLEDGES_THAT_RISCV_IS_EXPERIMENTAL=1 MAKEFLAGS=' -j16 --jobserver-auth=5,6' /usr/bin/ninja -C /mnt/host/source/src/platform/ec/build/zephyr/krabby/build-rw all.libraries`
[krabby:rw] ninja: Entering directory `/mnt/host/source/src/platform/ec/build/zephyr/krabby/build-rw'
[bloonchipper:ro] [444/519] Building C object modules/ec/third_party/boringssl/build/CMakeFiles/crypto.dir/crypto/x509/v3_ia5.c.obj
[bloonchipper:ro] [445/519] Building C object modules/ec/third_party/boringssl/build/CMakeFiles/crypto.dir/crypto/x509/v3_prn.c.obj
[navi:ro] [376/379] Building C object zephyr/kernel/CMakeFiles/kernel.dir/mempool.c.obj
[felino:ro] [135/372] Building C object zephyr/CMakeFiles/zephyr.dir/lib/utils/last_section_id.c.obj
[navi:ro] [377/379] Building C object zephyr/kernel/CMakeFiles/kernel.dir/events.c.obj
[felino:ro] [136/372] Building ASM object zephyr/CMakeFiles/zephyr.dir/soc/ite/ec/common/soc_irq.S.obj
[bloonchipper:ro] [446/519] Building C object modules/ec/third_party/boringssl/build/CMakeFiles/crypto.dir/crypto/x509/v3_info.c.obj
[navi:ro] [378/379] Building C object zephyr/kernel/CMakeFiles/kernel.dir/dynamic_disabled.c.obj
[bloonchipper:ro] [447/519] Building C object modules/ec/third_party/boringssl/build/CMakeFiles/crypto.dir/crypto/x509/v3_lib.c.obj
[bloonchipper:ro] [448/519] Building C object modules/ec/third_party/boringssl/build/CMakeFiles/crypto.dir/crypto/x509/v3_ncons.c.obj
[felino:ro] [137/372] Building C object zephyr/CMakeFiles/zephyr.dir/misc/generated/configs.c.obj
[navi:ro] [379/379] Linking C static library zephyr/kernel/libkernel.a
[bloonchipper:ro] [449/519] Building C object modules/ec/third_party/boringssl/build/CMakeFiles/crypto.dir/crypto/x509/v3_pmaps.c.obj
[bloonchipper:ro] [450/519] Building C object modules/ec/third_party/boringssl/build/CMakeFiles/crypto.dir/crypto/x509/v3_pcons.c.obj
[bloonchipper:ro] [451/519] Building C object modules/ec/third_party/boringssl/build/CMakeFiles/crypto.dir/crypto/x509/x509.c.obj
[bloonchipper:ro] [452/519] Building C object modules/ec/third_party/boringssl/build/CMakeFiles/crypto.dir/crypto/x509/x509_d2.c.obj
[krabby:rw] [1/380] Generating include/generated/zephyr/version.h
[krabby:rw] -- git describe warned: warning: tag 'upstream/v2.7.99' is externally known as 'v2.7.99'
[krabby:rw] -- Zephyr version: 4.3.99 (/mnt/host/source/src/third_party/zephyr/main)
[krabby:rw] [2/380] Preparing syscall dependency handling
[felino:ro] [138/372] Building C object zephyr/CMakeFiles/zephyr.dir/soc/ite/ec/common/soc_common_irq.c.obj
[bloonchipper:ro] [453/519] Building C object modules/ec/third_party/boringssl/build/CMakeFiles/crypto.dir/crypto/x509/x509_def.c.obj
[krabby:rw] [3/380] Generating misc/generated/syscalls_subdirs.trigger
[bloonchipper:ro] [454/519] Building C object modules/ec/third_party/boringssl/build/CMakeFiles/crypto.dir/crypto/x509/v3_purp.c.obj
[felino:ro] [139/372] Building C object zephyr/CMakeFiles/zephyr.dir/soc/ite/ec/common/power.c.obj
[felino:ro] [140/372] Building C object zephyr/CMakeFiles/zephyr.dir/soc/ite/ec/common/policy.c.obj
[bloonchipper:ro] [455/519] Building C object modules/ec/third_party/boringssl/build/CMakeFiles/crypto.dir/crypto/x509/v3_skey.c.obj
[bloonchipper:ro] [456/519] Building C object modules/ec/third_party/boringssl/build/CMakeFiles/crypto.dir/crypto/x509/v3_utl.c.obj
[felino:ro] [141/372] Building ASM object zephyr/CMakeFiles/zephyr.dir/soc/ite/ec/it8xxx2/vector.S.obj
[bloonchipper:ro] [457/519] Building C object modules/ec/third_party/boringssl/build/CMakeFiles/crypto.dir/crypto/x509/x509_att.c.obj
[felino:ro] [142/372] Building C object zephyr/CMakeFiles/zephyr.dir/soc/ite/ec/it8xxx2/check_regs.c.obj
[bloonchipper:ro] [458/519] Building C object modules/ec/third_party/boringssl/build/CMakeFiles/crypto.dir/crypto/x509/x509_txt.c.obj
[felino:ro] [143/372] Building C object zephyr/CMakeFiles/zephyr.dir/soc/ite/ec/it8xxx2/soc.c.obj
[bloonchipper:ro] [459/519] Building C object modules/ec/third_party/boringssl/build/CMakeFiles/crypto.dir/crypto/x509/x509_cmp.c.obj
[bloonchipper:ro] [460/519] Building C object modules/ec/third_party/boringssl/build/CMakeFiles/crypto.dir/crypto/x509/x509_ext.c.obj
[bloonchipper:ro] [461/519] Building C object modules/ec/third_party/boringssl/build/CMakeFiles/crypto.dir/crypto/x509/x509_obj.c.obj
[bloonchipper:ro] [462/519] Building C object modules/ec/third_party/boringssl/build/CMakeFiles/crypto.dir/crypto/x509/x509_req.c.obj
[bloonchipper:ro] [463/519] Building C object modules/ec/third_party/boringssl/build/CMakeFiles/crypto.dir/crypto/x509/x509_lu.c.obj
[bloonchipper:ro] [464/519] Building C object modules/ec/third_party/boringssl/build/CMakeFiles/crypto.dir/crypto/x509/x509_set.c.obj
[krabby:rw] [4/380] Generating misc/generated/syscalls.json, misc/generated/struct_tags.json
[felino:ro] [144/372] Building C object zephyr/CMakeFiles/zephyr.dir/soc/ite/ec/it8xxx2/ilm.c.obj
[felino:ro] [145/372] Building C object zephyr/CMakeFiles/zephyr.dir/subsys/logging/log_minimal.c.obj
[felino:ro] [146/372] Building C object zephyr/CMakeFiles/zephyr.dir/subsys/pm/state.c.obj
[bloonchipper:ro] [465/519] Building C object modules/ec/third_party/boringssl/build/CMakeFiles/crypto.dir/crypto/x509/x509spki.c.obj
[krabby:rw] [5/380] Generating include/generated/zephyr/syscall_dispatch.c, include/generated/zephyr/syscall_exports_llext.c, syscall_weakdefs_llext.c, include/generated/zephyr/syscall_list.h
[bloonchipper:ro] [466/519] Building C object modules/ec/third_party/boringssl/build/CMakeFiles/crypto.dir/crypto/x509/x509_trs.c.obj
[bloonchipper:ro] [467/519] Building C object modules/ec/third_party/boringssl/build/CMakeFiles/crypto.dir/crypto/x509/x_algor.c.obj
[felino:ro] [147/372] Building C object zephyr/CMakeFiles/zephyr.dir/subsys/pm/pm.c.obj
[krabby:rw] [6/380] Generating include/generated/zephyr/driver-validation.h
[bloonchipper:ro] [468/519] Building C object modules/ec/third_party/boringssl/build/CMakeFiles/crypto.dir/crypto/x509/x509_v3.c.obj
[bloonchipper:ro] [469/519] Building C object modules/ec/third_party/boringssl/build/CMakeFiles/crypto.dir/crypto/x509/x509_vpm.c.obj
[bloonchipper:ro] [470/519] Building C object modules/ec/third_party/boringssl/build/CMakeFiles/crypto.dir/crypto/x509/x509cset.c.obj
[bloonchipper:ro] [471/519] Building C object modules/ec/third_party/boringssl/build/CMakeFiles/crypto.dir/crypto/x509/x509rset.c.obj
[bloonchipper:ro] [472/519] Building C object modules/ec/third_party/boringssl/build/CMakeFiles/crypto.dir/crypto/x509/x509_vfy.c.obj
[krabby:rw] [7/380] Generating include/generated/zephyr/kobj-types-enum.h, include/generated/zephyr/otype-to-str.h, include/generated/zephyr/otype-to-size.h
[bloonchipper:ro] [473/519] Building C object modules/ec/third_party/boringssl/build/CMakeFiles/crypto.dir/crypto/x509/x509name.c.obj
[krabby:rw] [8/380] Generating include/generated/device-api-sections.ld, include/generated/device-api-sections.cmake
[felino:ro] [148/372] Building C object zephyr/CMakeFiles/zephyr.dir/subsys/pm/policy/policy_events.c.obj
[felino:ro] [149/372] Building C object zephyr/CMakeFiles/zephyr.dir/subsys/pm/policy/policy_latency.c.obj
[bloonchipper:ro] [474/519] Building C object modules/ec/third_party/boringssl/build/CMakeFiles/crypto.dir/crypto/x509/x_attrib.c.obj
[bloonchipper:ro] [475/519] Building C object modules/ec/third_party/boringssl/build/CMakeFiles/crypto.dir/crypto/x509/x_all.c.obj
[bloonchipper:ro] [476/519] Building C object modules/ec/third_party/boringssl/build/CMakeFiles/crypto.dir/crypto/x509/x_sig.c.obj
[felino:ro] [150/372] Building C object zephyr/CMakeFiles/zephyr.dir/subsys/pm/policy/policy_state_lock.c.obj
[felino:ro] [151/372] Building C object zephyr/CMakeFiles/zephyr.dir/subsys/pm/device.c.obj
[bloonchipper:ro] [477/519] Building C object modules/ec/third_party/boringssl/build/CMakeFiles/crypto.dir/crypto/x509/x_crl.c.obj
[bloonchipper:ro] [478/519] Building C object modules/ec/third_party/boringssl/build/CMakeFiles/crypto.dir/gen/crypto/err_data.c.obj
[bloonchipper:ro] [479/519] Building C object modules/ec/third_party/boringssl/build/CMakeFiles/crypto.dir/crypto/x509/x_exten.c.obj
[bloonchipper:ro] [480/519] Building C object modules/ec/third_party/boringssl/build/CMakeFiles/crypto.dir/crypto/x509/x_name.c.obj
[krabby:rw] [9/380] Building C object zephyr/CMakeFiles/offsets.dir/arch/riscv/core/offsets/offsets.c.obj
[bloonchipper:ro] [481/519] Building C object modules/ec/third_party/boringssl/build/CMakeFiles/crypto.dir/crypto/x509/x_req.c.obj
[felino:ro] [152/372] Building C object zephyr/CMakeFiles/zephyr.dir/subsys/pm/device_system_managed.c.obj
[bloonchipper:ro] [482/519] Building C object modules/ec/third_party/boringssl/build/CMakeFiles/crypto.dir/crypto/x509/x_pubkey.c.obj
[felino:ro] [153/372] Building C object zephyr/CMakeFiles/zephyr.dir/subsys/testsuite/coverage/coverage.c.obj
[bloonchipper:ro] [483/519] Building C object modules/ec/third_party/boringssl/build/CMakeFiles/crypto.dir/crypto/x509/x_val.c.obj
[bloonchipper:ro] [484/519] Building C object modules/ec/third_party/boringssl/build/CMakeFiles/crypto.dir/crypto/x509/x_spki.c.obj
[krabby:rw] [10/380] Generating include/generated/zephyr/offsets.h
[felino:ro] [154/372] Building C object zephyr/CMakeFiles/zephyr.dir/subsys/tracing/tracing_none.c.obj
[felino:ro] [155/372] Building C object zephyr/CMakeFiles/zephyr.dir/subsys/pm/device_runtime.c.obj
[bloonchipper:ro] [485/519] Building C object modules/ec/third_party/boringssl/build/CMakeFiles/crypto.dir/crypto/x509/x_x509.c.obj
[bloonchipper:ro] [486/519] Building C object zephyr/kernel/CMakeFiles/kernel.dir/main_weak.c.obj
[bloonchipper:ro] [487/519] Building C object zephyr/kernel/CMakeFiles/kernel.dir/banner.c.obj
[bloonchipper:ro] [488/519] Building C object modules/ec/third_party/boringssl/build/CMakeFiles/crypto.dir/crypto/x509/x_x509a.c.obj
[bloonchipper:ro] [489/519] Building C object zephyr/kernel/CMakeFiles/kernel.dir/busy_wait.c.obj
[bloonchipper:ro] [490/519] Building C object zephyr/kernel/CMakeFiles/kernel.dir/device.c.obj
[bloonchipper:ro] [491/519] Building C object zephyr/kernel/CMakeFiles/kernel.dir/version.c.obj
[felino:ro] [156/372] Building C object zephyr/CMakeFiles/zephyr.dir/subsys/shell/modules/kernel_service/kernel_shell.c.obj
[bloonchipper:ro] [492/519] Building C object zephyr/kernel/CMakeFiles/kernel.dir/errno.c.obj
[felino:ro] [157/372] Building C object zephyr/CMakeFiles/zephyr.dir/subsys/shell/modules/kernel_service/cycles.c.obj
[bloonchipper:ro] [493/519] Building C object zephyr/kernel/CMakeFiles/kernel.dir/fatal.c.obj
[felino:ro] [158/372] Building C object zephyr/CMakeFiles/zephyr.dir/subsys/shell/modules/kernel_service/sleep.c.obj
[krabby:rw] [11/380] Building C object zephyr/CMakeFiles/zephyr.dir/lib/libc/validate_libc.c.obj
[bloonchipper:ro] [494/519] Linking C static library modules/ec/third_party/boringssl/build/libcrypto.a
[bloonchipper:ro] [495/519] Building C object zephyr/kernel/CMakeFiles/kernel.dir/kheap.c.obj
[bloonchipper:ro] [496/519] Building C object zephyr/kernel/CMakeFiles/kernel.dir/init.c.obj
[felino:ro] [159/372] Building C object zephyr/CMakeFiles/zephyr.dir/subsys/shell/modules/kernel_service/uptime.c.obj
[bloonchipper:ro] [497/519] Building C object zephyr/kernel/CMakeFiles/kernel.dir/mem_slab.c.obj
[bloonchipper:ro] [498/519] Linking C static library zephyr/libzephyr.a
[bloonchipper:ro] [499/519] Building C object zephyr/kernel/CMakeFiles/kernel.dir/float.c.obj
[bloonchipper:ro] [500/519] Building C object zephyr/kernel/CMakeFiles/kernel.dir/idle.c.obj
[felino:ro] [160/372] Building C object zephyr/CMakeFiles/zephyr.dir/subsys/shell/modules/kernel_service/version.c.obj
[bloonchipper:ro] [501/519] Building C object zephyr/kernel/CMakeFiles/kernel.dir/mailbox.c.obj
[bloonchipper:ro] [502/519] Building C object zephyr/kernel/CMakeFiles/kernel.dir/msg_q.c.obj
[krabby:rw] [12/380] Building C object zephyr/CMakeFiles/zephyr.dir/lib/heap/heap.c.obj
[bloonchipper:ro] [503/519] Building C object zephyr/kernel/CMakeFiles/kernel.dir/mutex.c.obj
[felino:ro] [161/372] Building C object zephyr/CMakeFiles/zephyr.dir/subsys/shell/modules/kernel_service/thread/list.c.obj
[felino:ro] [162/372] Building C object zephyr/CMakeFiles/zephyr.dir/subsys/shell/modules/kernel_service/thread/thread.c.obj
[bloonchipper:ro] [504/519] Building C object zephyr/kernel/CMakeFiles/kernel.dir/sem.c.obj
[bloonchipper:ro] [505/519] Building C object zephyr/kernel/CMakeFiles/kernel.dir/queue.c.obj
[felino:ro] [163/372] Building C object zephyr/CMakeFiles/zephyr.dir/subsys/shell/modules/kernel_service/thread/stacks.c.obj
[bloonchipper:ro] [506/519] Building C object zephyr/kernel/CMakeFiles/kernel.dir/system_work_q.c.obj
[bloonchipper:ro] [507/519] Building C object zephyr/kernel/CMakeFiles/kernel.dir/stack.c.obj
[bloonchipper:ro] [508/519] Building C object zephyr/kernel/CMakeFiles/kernel.dir/condvar.c.obj
[bloonchipper:ro] [509/519] Building C object zephyr/kernel/CMakeFiles/kernel.dir/work.c.obj
[felino:ro] [164/372] Building C object zephyr/CMakeFiles/zephyr.dir/subsys/shell/modules/kernel_service/thread/unwind.c.obj
Running (initial) lcov on /mnt/host/source/src/platform/ec/build/zephyr/navi.
[bloonchipper:ro] [510/519] Building C object zephyr/kernel/CMakeFiles/kernel.dir/thread.c.obj
[krabby:rw] [13/380] Building C object zephyr/CMakeFiles/zephyr.dir/lib/os/cbprintf_packaged.c.obj
[bloonchipper:ro] [511/519] Building C object zephyr/kernel/CMakeFiles/kernel.dir/pipe.c.obj
[bloonchipper:ro] [512/519] Building C object zephyr/kernel/CMakeFiles/kernel.dir/sched.c.obj
[felino:ro] [165/372] Building C object zephyr/CMakeFiles/zephyr.dir/subsys/shell/modules/kernel_service/thread/suspend.c.obj
[felino:ro] [166/372] Building C object zephyr/CMakeFiles/zephyr.dir/subsys/shell/modules/kernel_service/thread/resume.c.obj
[bloonchipper:ro] [513/519] Building C object zephyr/kernel/CMakeFiles/kernel.dir/timeout.c.obj
[bloonchipper:ro] [514/519] Building C object zephyr/kernel/CMakeFiles/kernel.dir/timer.c.obj
Running `env -i PYTHONPATH=/usr/lib64/python-exec/python3.11:/mnt/host/source/src/platform/ec/zephyr/zmake:/usr/lib/python311.zip:/usr/lib/python3.11:/usr/lib/python3.11/lib-dynload:/usr/lib/python3.11/site-packages PW_PIGWEED_CIPD_INSTALL_DIR=/usr CROSTC_USER_ACKNOWLEDGES_THAT_RISCV_IS_EXPERIMENTAL=1 PATH=/mnt/host/source/chromite/bin:/usr/local/bin:/usr/bin:/bin:/opt/bin:/mnt/host/source/chromite/sdk/bin:/mnt/host/source/chromite/bin HOME=/home/jpmurphy JAVA_HOME=/etc/java-config-2/current-system-vm JDK_HOME=/etc/java-config-2/current-system-vm JAVAC=/etc/java-config-2/current-system-vm/bin/javac MAKEFLAGS=' -j16 --jobserver-auth=5,6' /usr/bin/lcov --gcov-tool /mnt/host/source/src/platform/ec/build/zephyr/navi/build-rw/gcov.sh -q -o - -c -d /mnt/host/source/src/platform/ec/build/zephyr/navi -t navi --rc branch_coverage=1 --filter range --ignore-errors inconsistent,source --ignore-errors gcov,gcov -i`
[jubilant:rw] Building: /usr/bin/ninja -C /mnt/host/source/src/platform/ec/build/zephyr/jubilant/build-rw all.libraries
[bloonchipper:ro] [515/519] Building C object zephyr/kernel/CMakeFiles/kernel.dir/poll.c.obj
Running `env -i SHELL=/bin/bash COLORTERM=truecolor DEPOT_TOOLS_UPDATE=0 LESS='-R -M --shift 5' SUDO_GID=0 JDK_HOME=/etc/java-config-2/current-system-vm CONFIG_PROTECT_MASK='/etc/gentoo-release /etc/sandbox.d /etc/fonts/fonts.conf /etc/terminfo /etc/ca-certificates.conf /etc/revdep-rebuild' CHROMEOS_CACHEDIR=/var/cache/chromeos-cache JAVA_HOME=/etc/java-config-2/current-system-vm SSH_AUTH_SOCK=/tmp/ssh-auth-sock SUDO_COMMAND=/bin/bash SUDO_USER=root SUDO_TTY=/dev/pts/2 EDITOR=/usr/bin/vi PWD=/mnt/host/source/src/platform/ec CONFIG_PROTECT=/usr/share/gnupg/qualified.txt LOGNAME=jpmurphy MANPATH=/etc/java-config-2/current-system-vm/man:/usr/local/share/man:/usr/share/man:/usr/share/gcc-data/x86_64-pc-linux-gnu/10.2.0/man:/usr/share/binutils-data/x86_64-pc-linux-gnu/2.45/man:/etc/java-config-2/current-system-vm/man/ SUDO_HOME=/root XAUTHORITY=/run/user/944457/gdm/Xauthority HOME=/home/jpmurphy LANG=C.UTF-8 LS_COLORS='rs=0:di=01;34:ln=01;36:mh=00:pi=40;33:so=01;35:do=01;35:bd=40;33;01:cd=40;33;01:or=01;05;37;41:mi=01;05;37;41:su=37;41:sg=30;43:ca=30;41:tw=30;42:ow=34;42:st=37;44:ex=01;32:*.tar=01;31:*.tgz=01;31:*.arc=01;31:*.arj=01;31:*.taz=01;31:*.lha=01;31:*.lz4=01;31:*.lzh=01;31:*.lzma=01;31:*.tlz=01;31:*.txz=01;31:*.tzo=01;31:*.t7z=01;31:*.zip=01;31:*.z=01;31:*.dz=01;31:*.gz=01;31:*.lrz=01;31:*.lz=01;31:*.lzo=01;31:*.xz=01;31:*.zst=01;31:*.tzst=01;31:*.bz2=01;31:*.bz=01;31:*.tbz=01;31:*.tbz2=01;31:*.tz=01;31:*.deb=01;31:*.rpm=01;31:*.jar=01;31:*.war=01;31:*.ear=01;31:*.sar=01;31:*.rar=01;31:*.alz=01;31:*.ace=01;31:*.zoo=01;31:*.cpio=01;31:*.7z=01;31:*.rz=01;31:*.cab=01;31:*.wim=01;31:*.swm=01;31:*.dwm=01;31:*.esd=01;31:*.jpg=01;35:*.jpeg=01;35:*.mjpg=01;35:*.mjpeg=01;35:*.gif=01;35:*.bmp=01;35:*.pbm=01;35:*.pgm=01;35:*.ppm=01;35:*.tga=01;35:*.xbm=01;35:*.xpm=01;35:*.tif=01;35:*.tiff=01;35:*.png=01;35:*.svg=01;35:*.svgz=01;35:*.mng=01;35:*.pcx=01;35:*.mov=01;35:*.mpg=01;35:*.mpeg=01;35:*.m2v=01;35:*.mkv=01;35:*.webm=01;35:*.webp=01;35:*.ogm=01;35:*.mp4=01;35:*.m4v=01;35:*.mp4v=01;35:*.vob=01;35:*.qt=01;35:*.nuv=01;35:*.wmv=01;35:*.asf=01;35:*.rm=01;35:*.rmvb=01;35:*.flc=01;35:*.avi=01;35:*.fli=01;35:*.flv=01;35:*.gl=01;35:*.dl=01;35:*.xcf=01;35:*.xwd=01;35:*.yuv=01;35:*.cgm=01;35:*.emf=01;35:*.ogv=01;35:*.ogx=01;35:*.cfg=00;32:*.conf=00;32:*.diff=00;32:*.doc=00;32:*.ini=00;32:*.log=00;32:*.patch=00;32:*.pdf=00;32:*.ps=00;32:*.tex=00;32:*.txt=00;32:*.aac=00;36:*.au=00;36:*.flac=00;36:*.m4a=00;36:*.mid=00;36:*.midi=00;36:*.mka=00;36:*.mp3=00;36:*.mpc=00;36:*.ogg=00;36:*.ra=00;36:*.wav=00;36:*.oga=00;36:*.opus=00;36:*.spx=00;36:*.xspf=00;36:' XDG_CURRENT_DESKTOP=GNOME INFOPATH=/usr/share/info:/usr/share/gcc-data/x86_64-pc-linux-gnu/10.2.0/info:/usr/share/binutils-data/x86_64-pc-linux-gnu/2.45/info:/usr/share/automake-1.16.5/info JAVAC=/etc/java-config-2/current-system-vm/bin/javac TERM=xterm-256color LESSOPEN='|lesspipe %s' USER=jpmurphy CROS_WORKON_SRCROOT=/mnt/host/source MANPAGER=manpager DISPLAY=:1 SHLVL=1 LC_MESSAGES=C EXTERNAL_TRUNK_PATH=/mnt/8f9d649a-3721-44cc-93c0-e6bd21a9689f/chromiumos GCC_SPECS='' PATH=/mnt/host/source/chromite/bin:/usr/local/bin:/usr/bin:/bin:/opt/bin:/mnt/host/source/chromite/sdk/bin:/mnt/host/source/chromite/bin PORTAGE_USERNAME=jpmurphy SUDO_UID=0 GCC_VER=10.2.0 MAIL=/var/mail/jpmurphy OLDPWD=/mnt/host/source/src/scripts traceparent=00-e87aca51550a78635907baa6a2476181-6d684811675d2973-01 _=./zephyr/firmware_builder.py COREBOOT_SDK_ROOT_x86=/home/jpmurphy/.cache/coreboot-sdk/i386-elf/dfbb0486385d938cfa9d73080b9d18d598ed4f49 COREBOOT_SDK_ROOT_picolibc_x86=/home/jpmurphy/.cache/coreboot-sdk/picolibc-i386-elf/eb8e8e687b95461de8cbf278f1c2076952d0ad17 COREBOOT_SDK_ROOT_riscv64=/home/jpmurphy/.cache/coreboot-sdk/riscv64-elf/96b949749225b6aaa92ed810ab769e8dfb12f000 COREBOOT_SDK_ROOT_picolibc_arm=/home/jpmurphy/.cache/coreboot-sdk/picolibc-arm-eabi/422a2aa3e1ef891b5bece9a3deb696ff83840d2e COREBOOT_SDK_ROOT_nds32=/home/jpmurphy/.cache/coreboot-sdk/nds32le-elf/d1a518c4a097666d86058e1444f85ca015d15511 COREBOOT_SDK_ROOT_picolibc_riscv64=/home/jpmurphy/.cache/coreboot-sdk/picolibc-riscv64-elf/f571e990ef0278564b31124f8bb109d9a697eb69 COREBOOT_SDK_ROOT_arm=/home/jpmurphy/.cache/coreboot-sdk/arm-eabi/ea40ddd1d190c3b48435c474c0b545719371813a COREBOOT_SDK_ROOT_libstdcxx_riscv64=/home/jpmurphy/.cache/coreboot-sdk/libstdcxx-riscv64-elf/17abf22a3a252e2d5d2062ced5324f7a623689e0 COREBOOT_SDK_ROOT_libstdcxx_arm=/home/jpmurphy/.cache/coreboot-sdk/libstdcxx-arm-eabi/5d7d82e150e44aa1968f1d366e267e6687b328ac COREBOOT_SDK_ROOT_riscv=/home/jpmurphy/.cache/coreboot-sdk/riscv-elf/9a27b9e82341c6e9126624f516ab3f261abb3e73 COREBOOT_SDK_ROOT_libstdcxx_x86=/home/jpmurphy/.cache/coreboot-sdk/libstdcxx-i386-elf/42ef9d2e87a76a37963175d7d428734e65648b87 PYTHONPATH=/mnt/host/source/src/platform/ec/zephyr/zmake PW_PIGWEED_CIPD_INSTALL_DIR=/usr CROSTC_USER_ACKNOWLEDGES_THAT_RISCV_IS_EXPERIMENTAL=1 MAKEFLAGS=' -j16 --jobserver-auth=5,6' /usr/bin/ninja -C /mnt/host/source/src/platform/ec/build/zephyr/jubilant/build-rw all.libraries`
[jubilant:rw] ninja: Entering directory `/mnt/host/source/src/platform/ec/build/zephyr/jubilant/build-rw'
[felino:ro] [167/372] Building C object zephyr/CMakeFiles/zephyr.dir/subsys/shell/modules/kernel_service/thread/kill.c.obj
[uldrenite-ish:singleimage] Building: /usr/bin/ninja -C /mnt/host/source/src/platform/ec/build/zephyr/uldrenite-ish/build-singleimage all.libraries
Running `env -i SHELL=/bin/bash COLORTERM=truecolor DEPOT_TOOLS_UPDATE=0 LESS='-R -M --shift 5' SUDO_GID=0 JDK_HOME=/etc/java-config-2/current-system-vm CONFIG_PROTECT_MASK='/etc/gentoo-release /etc/sandbox.d /etc/fonts/fonts.conf /etc/terminfo /etc/ca-certificates.conf /etc/revdep-rebuild' CHROMEOS_CACHEDIR=/var/cache/chromeos-cache JAVA_HOME=/etc/java-config-2/current-system-vm SSH_AUTH_SOCK=/tmp/ssh-auth-sock SUDO_COMMAND=/bin/bash SUDO_USER=root SUDO_TTY=/dev/pts/2 EDITOR=/usr/bin/vi PWD=/mnt/host/source/src/platform/ec CONFIG_PROTECT=/usr/share/gnupg/qualified.txt LOGNAME=jpmurphy MANPATH=/etc/java-config-2/current-system-vm/man:/usr/local/share/man:/usr/share/man:/usr/share/gcc-data/x86_64-pc-linux-gnu/10.2.0/man:/usr/share/binutils-data/x86_64-pc-linux-gnu/2.45/man:/etc/java-config-2/current-system-vm/man/ SUDO_HOME=/root XAUTHORITY=/run/user/944457/gdm/Xauthority HOME=/home/jpmurphy LANG=C.UTF-8 LS_COLORS='rs=0:di=01;34:ln=01;36:mh=00:pi=40;33:so=01;35:do=01;35:bd=40;33;01:cd=40;33;01:or=01;05;37;41:mi=01;05;37;41:su=37;41:sg=30;43:ca=30;41:tw=30;42:ow=34;42:st=37;44:ex=01;32:*.tar=01;31:*.tgz=01;31:*.arc=01;31:*.arj=01;31:*.taz=01;31:*.lha=01;31:*.lz4=01;31:*.lzh=01;31:*.lzma=01;31:*.tlz=01;31:*.txz=01;31:*.tzo=01;31:*.t7z=01;31:*.zip=01;31:*.z=01;31:*.dz=01;31:*.gz=01;31:*.lrz=01;31:*.lz=01;31:*.lzo=01;31:*.xz=01;31:*.zst=01;31:*.tzst=01;31:*.bz2=01;31:*.bz=01;31:*.tbz=01;31:*.tbz2=01;31:*.tz=01;31:*.deb=01;31:*.rpm=01;31:*.jar=01;31:*.war=01;31:*.ear=01;31:*.sar=01;31:*.rar=01;31:*.alz=01;31:*.ace=01;31:*.zoo=01;31:*.cpio=01;31:*.7z=01;31:*.rz=01;31:*.cab=01;31:*.wim=01;31:*.swm=01;31:*.dwm=01;31:*.esd=01;31:*.jpg=01;35:*.jpeg=01;35:*.mjpg=01;35:*.mjpeg=01;35:*.gif=01;35:*.bmp=01;35:*.pbm=01;35:*.pgm=01;35:*.ppm=01;35:*.tga=01;35:*.xbm=01;35:*.xpm=01;35:*.tif=01;35:*.tiff=01;35:*.png=01;35:*.svg=01;35:*.svgz=01;35:*.mng=01;35:*.pcx=01;35:*.mov=01;35:*.mpg=01;35:*.mpeg=01;35:*.m2v=01;35:*.mkv=01;35:*.webm=01;35:*.webp=01;35:*.ogm=01;35:*.mp4=01;35:*.m4v=01;35:*.mp4v=01;35:*.vob=01;35:*.qt=01;35:*.nuv=01;35:*.wmv=01;35:*.asf=01;35:*.rm=01;35:*.rmvb=01;35:*.flc=01;35:*.avi=01;35:*.fli=01;35:*.flv=01;35:*.gl=01;35:*.dl=01;35:*.xcf=01;35:*.xwd=01;35:*.yuv=01;35:*.cgm=01;35:*.emf=01;35:*.ogv=01;35:*.ogx=01;35:*.cfg=00;32:*.conf=00;32:*.diff=00;32:*.doc=00;32:*.ini=00;32:*.log=00;32:*.patch=00;32:*.pdf=00;32:*.ps=00;32:*.tex=00;32:*.txt=00;32:*.aac=00;36:*.au=00;36:*.flac=00;36:*.m4a=00;36:*.mid=00;36:*.midi=00;36:*.mka=00;36:*.mp3=00;36:*.mpc=00;36:*.ogg=00;36:*.ra=00;36:*.wav=00;36:*.oga=00;36:*.opus=00;36:*.spx=00;36:*.xspf=00;36:' XDG_CURRENT_DESKTOP=GNOME INFOPATH=/usr/share/info:/usr/share/gcc-data/x86_64-pc-linux-gnu/10.2.0/info:/usr/share/binutils-data/x86_64-pc-linux-gnu/2.45/info:/usr/share/automake-1.16.5/info JAVAC=/etc/java-config-2/current-system-vm/bin/javac TERM=xterm-256color LESSOPEN='|lesspipe %s' USER=jpmurphy CROS_WORKON_SRCROOT=/mnt/host/source MANPAGER=manpager DISPLAY=:1 SHLVL=1 LC_MESSAGES=C EXTERNAL_TRUNK_PATH=/mnt/8f9d649a-3721-44cc-93c0-e6bd21a9689f/chromiumos GCC_SPECS='' PATH=/mnt/host/source/chromite/bin:/usr/local/bin:/usr/bin:/bin:/opt/bin:/mnt/host/source/chromite/sdk/bin:/mnt/host/source/chromite/bin PORTAGE_USERNAME=jpmurphy SUDO_UID=0 GCC_VER=10.2.0 MAIL=/var/mail/jpmurphy OLDPWD=/mnt/host/source/src/scripts traceparent=00-e87aca51550a78635907baa6a2476181-6d684811675d2973-01 _=./zephyr/firmware_builder.py COREBOOT_SDK_ROOT_x86=/home/jpmurphy/.cache/coreboot-sdk/i386-elf/dfbb0486385d938cfa9d73080b9d18d598ed4f49 COREBOOT_SDK_ROOT_picolibc_x86=/home/jpmurphy/.cache/coreboot-sdk/picolibc-i386-elf/eb8e8e687b95461de8cbf278f1c2076952d0ad17 COREBOOT_SDK_ROOT_riscv64=/home/jpmurphy/.cache/coreboot-sdk/riscv64-elf/96b949749225b6aaa92ed810ab769e8dfb12f000 COREBOOT_SDK_ROOT_picolibc_arm=/home/jpmurphy/.cache/coreboot-sdk/picolibc-arm-eabi/422a2aa3e1ef891b5bece9a3deb696ff83840d2e COREBOOT_SDK_ROOT_nds32=/home/jpmurphy/.cache/coreboot-sdk/nds32le-elf/d1a518c4a097666d86058e1444f85ca015d15511 COREBOOT_SDK_ROOT_picolibc_riscv64=/home/jpmurphy/.cache/coreboot-sdk/picolibc-riscv64-elf/f571e990ef0278564b31124f8bb109d9a697eb69 COREBOOT_SDK_ROOT_arm=/home/jpmurphy/.cache/coreboot-sdk/arm-eabi/ea40ddd1d190c3b48435c474c0b545719371813a COREBOOT_SDK_ROOT_libstdcxx_riscv64=/home/jpmurphy/.cache/coreboot-sdk/libstdcxx-riscv64-elf/17abf22a3a252e2d5d2062ced5324f7a623689e0 COREBOOT_SDK_ROOT_libstdcxx_arm=/home/jpmurphy/.cache/coreboot-sdk/libstdcxx-arm-eabi/5d7d82e150e44aa1968f1d366e267e6687b328ac COREBOOT_SDK_ROOT_riscv=/home/jpmurphy/.cache/coreboot-sdk/riscv-elf/9a27b9e82341c6e9126624f516ab3f261abb3e73 COREBOOT_SDK_ROOT_libstdcxx_x86=/home/jpmurphy/.cache/coreboot-sdk/libstdcxx-i386-elf/42ef9d2e87a76a37963175d7d428734e65648b87 PYTHONPATH=/mnt/host/source/src/platform/ec/zephyr/zmake PW_PIGWEED_CIPD_INSTALL_DIR=/usr CROSTC_USER_ACKNOWLEDGES_THAT_RISCV_IS_EXPERIMENTAL=1 MAKEFLAGS=' -j16 --jobserver-auth=5,6' /usr/bin/ninja -C /mnt/host/source/src/platform/ec/build/zephyr/uldrenite-ish/build-singleimage all.libraries`
[bloonchipper:ro] [516/519] Building C object zephyr/kernel/CMakeFiles/kernel.dir/events.c.obj
[uldrenite-ish:singleimage] ninja: Entering directory `/mnt/host/source/src/platform/ec/build/zephyr/uldrenite-ish/build-singleimage'
[jubilant:rw] [1/381] Preparing syscall dependency handling
[bloonchipper:ro] [517/519] Building C object zephyr/kernel/CMakeFiles/kernel.dir/dynamic_disabled.c.obj
[bloonchipper:ro] [518/519] Building C object zephyr/kernel/CMakeFiles/kernel.dir/mempool.c.obj
[jubilant:rw] [2/381] Generating misc/generated/syscalls_subdirs.trigger
[krabby:rw] [14/380] Building C object zephyr/CMakeFiles/zephyr.dir/lib/os/clock.c.obj
[bloonchipper:ro] [519/519] Linking C static library zephyr/kernel/libkernel.a
[felino:ro] [168/372] Building C object zephyr/CMakeFiles/zephyr.dir/subsys/shell/shell_fprintf.c.obj
[krabby:rw] [15/380] Building C object zephyr/CMakeFiles/zephyr.dir/lib/os/printk.c.obj
[krabby:rw] [16/380] Building C object zephyr/CMakeFiles/zephyr.dir/lib/os/sem.c.obj
[felino:ro] [169/372] Building C object zephyr/CMakeFiles/zephyr.dir/subsys/shell/backends/shell_uart.c.obj
[felino:ro] [170/372] Building C object zephyr/CMakeFiles/zephyr.dir/subsys/shell/shell_utils.c.obj
[krabby:rw] [17/380] Building C object zephyr/CMakeFiles/zephyr.dir/lib/os/thread_entry.c.obj
[jubilant:rw] [3/381] Generating include/generated/zephyr/version.h
[felino:ro] [171/372] Building C object zephyr/CMakeFiles/zephyr.dir/subsys/shell/shell_ops.c.obj
[krabby:rw] [18/380] Building C object zephyr/CMakeFiles/zephyr.dir/lib/utils/dec.c.obj
[jubilant:rw] -- git describe warned: warning: tag 'upstream/v2.7.99' is externally known as 'v2.7.99'
[jubilant:rw] -- Zephyr version: 4.3.99 (/mnt/host/source/src/third_party/zephyr/main)
[jubilant:rw] [4/381] cd /mnt/host/source/src/platform/ec/build/zephyr/jubilant/build-rw/modules/ec/zephyr && PYTHONPATH=/mnt/host/source/src/platform/ec/build/zephyr/jubilant/modules/ec/zephyr/zmake/ /usr/bin/python3.11 /mnt/host/source/src/platform/ec/build/zephyr/jubilant/modules/ec/zephyr/zmake/zephyr_build_tools/generate_ec_version.py /mnt/host/source/src/platform/ec/build/zephyr/jubilant/build-rw/modules/ec/zephyr/include/ec_version.h --name Zephyr-Kernel --version 16543.0.0 --static
[jubilant:rw] INFO:root:Using a static version string
[krabby:rw] [19/380] Building C object zephyr/CMakeFiles/zephyr.dir/lib/os/cbprintf_nano.c.obj
[felino:ro] [172/372] Building C object zephyr/CMakeFiles/zephyr.dir/subsys/shell/shell_help.c.obj
[krabby:rw] [20/380] Building C object zephyr/CMakeFiles/zephyr.dir/lib/utils/hex.c.obj
[felino:ro] [173/372] Building C object zephyr/CMakeFiles/zephyr.dir/subsys/shell/shell_history.c.obj
[felino:ro] [174/372] Building C object zephyr/CMakeFiles/zephyr.dir/subsys/shell/shell.c.obj
[/mnt/host/source/src/platform/ec/build/zephyr/navi-lcov] geninfo: WARNING: using JSON module "JSON::PP" - which is much slower than some alternatives.  Consider installing one of JSON::XS or Cpanel::JSON::XS
[krabby:rw] [21/380] Building C object zephyr/CMakeFiles/zephyr.dir/lib/os/cbprintf.c.obj
[krabby:rw] [22/380] Building C object zephyr/CMakeFiles/zephyr.dir/lib/os/assert.c.obj
[felino:ro] [175/372] Building C object zephyr/arch/common/CMakeFiles/arch__common.dir/sw_isr_common.c.obj
[jubilant:rw] INFO:root:Version string: Zephyr-Kernel-16543.0.0
[jubilant:rw] INFO:root:Writing header to /mnt/host/source/src/platform/ec/build/zephyr/jubilant/build-rw/modules/ec/zephyr/include/ec_version.h
[jubilant:rw] [5/381] Generating misc/generated/syscalls.json, misc/generated/struct_tags.json
[felino:ro] [176/372] Building C object zephyr/arch/common/CMakeFiles/arch__common.dir/dynamic_isr.c.obj
[uldrenite-ish:singleimage] [1/273] Preparing syscall dependency handling
[felino:ro] [177/372] Building C object zephyr/CMakeFiles/zephyr.dir/drivers/flash/flash_util.c.obj
[felino:ro] [178/372] Building C object zephyr/arch/common/CMakeFiles/arch__common.dir/init.c.obj
[krabby:rw] [23/380] Building C object zephyr/CMakeFiles/zephyr.dir/lib/utils/timeutil.c.obj
[uldrenite-ish:singleimage] [2/273] Generating include/generated/zephyr/version.h
[uldrenite-ish:singleimage] -- git describe warned: warning: tag 'upstream/v2.7.99' is externally known as 'v2.7.99'
[uldrenite-ish:singleimage] -- Zephyr version: 4.3.99 (/mnt/host/source/src/third_party/zephyr/main)
[uldrenite-ish:singleimage] [3/273] Generating misc/generated/syscalls_subdirs.trigger
[krabby:rw] [24/380] Building C object zephyr/CMakeFiles/zephyr.dir/lib/utils/bitmask.c.obj
[uldrenite-ish:singleimage] [4/273] cd /mnt/host/source/src/platform/ec/build/zephyr/uldrenite-ish/build-singleimage/modules/ec/zephyr && PYTHONPATH=/mnt/host/source/src/platform/ec/build/zephyr/uldrenite-ish/modules/ec/zephyr/zmake/ /usr/bin/python3.11 /mnt/host/source/src/platform/ec/build/zephyr/uldrenite-ish/modules/ec/zephyr/zmake/zephyr_build_tools/generate_ec_version.py /mnt/host/source/src/platform/ec/build/zephyr/uldrenite-ish/build-singleimage/modules/ec/zephyr/include/ec_version.h --name Zephyr-Kernel --version 16543.0.0 --static
[uldrenite-ish:singleimage] INFO:root:Using a static version string
[felino:ro] [179/372] Linking C static library zephyr/libzephyr.a
[jubilant:rw] [6/381] Generating include/generated/zephyr/syscall_dispatch.c, include/generated/zephyr/syscall_exports_llext.c, syscall_weakdefs_llext.c, include/generated/zephyr/syscall_list.h
[uldrenite-ish:singleimage] INFO:root:Version string: Zephyr-Kernel-16543.0.0
[uldrenite-ish:singleimage] INFO:root:Writing header to /mnt/host/source/src/platform/ec/build/zephyr/uldrenite-ish/build-singleimage/modules/ec/zephyr/include/ec_version.h
[uldrenite-ish:singleimage] [5/273] Building CXX object modules/pigweed/pw_build/CMakeFiles/pw_build.empty.dir/empty_file.cc.obj
[uldrenite-ish:singleimage] [6/273] Generating pw_third_party.nanopb.proto/sources/nanopb.proto
[felino:ro] [180/372] Building C object zephyr/arch/arch/riscv/core/CMakeFiles/arch__riscv__core.dir/prep_c.c.obj
[jubilant:rw] [7/381] Generating include/generated/zephyr/driver-validation.h
[uldrenite-ish:singleimage] [7/273] Generating dsp_comms.proto/sources/proto/ec_dsp.proto, dsp_comms.proto/sources/proto/ec_dsp.options
[felino:ro] [181/372] Building C object zephyr/arch/common/CMakeFiles/isr_tables.dir/isr_tables.c.obj
[krabby:rw] [25/380] Building C object zephyr/CMakeFiles/zephyr.dir/lib/utils/ring_buffer.c.obj
[felino:ro] [182/372] Building C object zephyr/arch/common/CMakeFiles/arch__common.dir/xip.c.obj
[krabby:rw] [26/380] Building C object zephyr/CMakeFiles/zephyr.dir/lib/utils/rb.c.obj
[felino:ro] [183/372] Linking C static library zephyr/arch/common/libisr_tables.a
[uldrenite-ish:singleimage] [8/273] Generating pw_transport.proto/sources/pw_transport/proto/transport.proto, pw_transport.proto/sources/pw_transport/proto/transport.options
[felino:ro] [184/372] Building C object zephyr/arch/arch/riscv/core/CMakeFiles/arch__riscv__core.dir/cpu_idle.c.obj
[krabby:rw] [27/380] Building C object zephyr/CMakeFiles/zephyr.dir/lib/utils/bitarray.c.obj
[felino:ro] [185/372] Linking C static library zephyr/arch/common/libarch__common.a
[krabby:rw] [28/380] Building C object zephyr/CMakeFiles/zephyr.dir/lib/utils/getopt/getopt.c.obj
[krabby:rw] [29/380] Building C object zephyr/CMakeFiles/zephyr.dir/lib/utils/last_section_id.c.obj
[krabby:rw] [30/380] Building C object zephyr/CMakeFiles/zephyr.dir/misc/generated/configs.c.obj
[jubilant:rw] [8/381] Generating include/generated/zephyr/kobj-types-enum.h, include/generated/zephyr/otype-to-str.h, include/generated/zephyr/otype-to-size.h
[jubilant:rw] [9/381] Generating include/generated/device-api-sections.ld, include/generated/device-api-sections.cmake
[/mnt/host/source/src/platform/ec/build/zephyr/navi-lcov] stderr:
[felino:ro] [186/372] Building C object zephyr/arch/arch/riscv/core/CMakeFiles/arch__riscv__core.dir/irq_manage.c.obj
[krabby:rw] [31/380] Building C object zephyr/CMakeFiles/zephyr.dir/lib/utils/getopt/getopt_common.c.obj
[felino:ro] [187/372] Building C object zephyr/arch/arch/riscv/core/CMakeFiles/arch__riscv__core.dir/fatal.c.obj
[felino:ro] [188/372] Building C object zephyr/arch/arch/riscv/core/CMakeFiles/arch__riscv__core.dir/reboot.c.obj
[uldrenite-ish:singleimage] [9/273] Generating /mnt/host/source/src/platform/ec/build/zephyr/uldrenite-ish/modules/nanopb/generator/proto/nanopb_pb2.py
[felino:ro] [189/372] Generating ../../../include/generated/libc/minimal/strerror_table.h
[krabby:rw] [32/380] Building ASM object zephyr/CMakeFiles/zephyr.dir/soc/ite/ec/common/soc_irq.S.obj
[felino:ro] [190/372] Building ASM object zephyr/arch/arch/riscv/core/CMakeFiles/arch__riscv__core.dir/reset.S.obj
[uldrenite-ish:singleimage] [10/273] Generating misc/generated/syscalls.json, misc/generated/struct_tags.json
[felino:ro] [191/372] Building C object zephyr/lib/libc/minimal/CMakeFiles/lib__libc__minimal.dir/source/stdlib/atoi.c.obj
[krabby:rw] [33/380] Building C object zephyr/CMakeFiles/zephyr.dir/soc/ite/ec/common/soc_common_irq.c.obj
[felino:ro] [192/372] Building ASM object zephyr/arch/arch/riscv/core/CMakeFiles/arch__riscv__core.dir/switch.S.obj
[felino:ro] [193/372] Building C object zephyr/arch/arch/riscv/core/CMakeFiles/arch__riscv__core.dir/thread.c.obj
[felino:ro] [194/372] Building C object zephyr/lib/libc/minimal/CMakeFiles/lib__libc__minimal.dir/source/stdlib/strtol.c.obj
[uldrenite-ish:singleimage] [11/273] Generating include/generated/zephyr/syscall_dispatch.c, include/generated/zephyr/syscall_exports_llext.c, syscall_weakdefs_llext.c, include/generated/zephyr/syscall_list.h
[felino:ro] [195/372] Building ASM object zephyr/arch/arch/riscv/core/CMakeFiles/arch__riscv__core.dir/isr.S.obj
[felino:ro] [196/372] Building C object zephyr/lib/libc/minimal/CMakeFiles/lib__libc__minimal.dir/source/stdlib/bsearch.c.obj
[krabby:rw] [34/380] Building C object zephyr/CMakeFiles/zephyr.dir/soc/ite/ec/common/policy.c.obj
[felino:ro] [197/372] Building C object zephyr/lib/libc/minimal/CMakeFiles/lib__libc__minimal.dir/source/stdlib/strtoull.c.obj
[/mnt/host/source/src/platform/ec/build/zephyr/navi-lcov]   /mnt/host/source/src/platform/ec/build/zephyr/navi/build-ro/modules/ec/zephyr/CMakeFiles/ec_shim.dir/shim/src/power.c.gcno:no functions found
[/mnt/host/source/src/platform/ec/build/zephyr/navi-lcov] stderr:
[krabby:rw] [35/380] Building C object zephyr/CMakeFiles/zephyr.dir/soc/ite/ec/common/power.c.obj
[felino:ro] [198/372] Building C object zephyr/arch/arch/riscv/core/CMakeFiles/arch__riscv__core.dir/stacktrace.c.obj
[felino:ro] [199/372] Building C object zephyr/lib/libc/minimal/CMakeFiles/lib__libc__minimal.dir/source/stdlib/strtoul.c.obj
[felino:ro] [200/372] Building C object zephyr/lib/libc/minimal/CMakeFiles/lib__libc__minimal.dir/source/stdlib/strtoll.c.obj
[uldrenite-ish:singleimage] [12/273] Generating include/generated/zephyr/driver-validation.h
[krabby:rw] [36/380] Building ASM object zephyr/CMakeFiles/zephyr.dir/soc/ite/ec/it8xxx2/__arithmetic.S.obj
[/mnt/host/source/src/platform/ec/build/zephyr/navi-lcov]   /mnt/host/source/src/platform/ec/build/zephyr/navi/build-ro/modules/ec/zephyr/CMakeFiles/ec_shim.dir/shim/src/thermal.c.gcno:no functions found
[/mnt/host/source/src/platform/ec/build/zephyr/navi-lcov] stderr:
[felino:ro] [201/372] Linking C static library zephyr/arch/arch/riscv/core/libarch__riscv__core.a
[krabby:rw] [37/380] Building ASM object zephyr/CMakeFiles/zephyr.dir/soc/ite/ec/it8xxx2/vector.S.obj
[jubilant:rw] [10/381] Building C object zephyr/CMakeFiles/offsets.dir/arch/riscv/core/offsets/offsets.c.obj
[felino:ro] [202/372] Building C object zephyr/lib/libc/minimal/CMakeFiles/lib__libc__minimal.dir/source/string/strncasecmp.c.obj
[krabby:rw] [38/380] Building C object zephyr/CMakeFiles/zephyr.dir/soc/ite/ec/it8xxx2/check_regs.c.obj
[felino:ro] [203/372] Building C object zephyr/lib/libc/common/CMakeFiles/lib__libc__common.dir/source/stdlib/abort.c.obj
[felino:ro] [204/372] Building C object zephyr/lib/libc/minimal/CMakeFiles/lib__libc__minimal.dir/source/stdlib/qsort.c.obj
[felino:ro] [205/372] Building C object zephyr/lib/libc/minimal/CMakeFiles/lib__libc__minimal.dir/source/string/strstr.c.obj
[uldrenite-ish:singleimage] [13/273] Generating dsp_comms.proto/nanopb/proto/ec_dsp.pb.h, dsp_comms.proto/nanopb/proto/ec_dsp.pb.c
[krabby:rw] [39/380] Building C object zephyr/CMakeFiles/zephyr.dir/soc/ite/ec/it8xxx2/soc.c.obj
[felino:ro] [206/372] Building C object zephyr/lib/libc/minimal/CMakeFiles/lib__libc__minimal.dir/source/string/strerror.c.obj
[jubilant:rw] [11/381] Generating include/generated/zephyr/offsets.h
[uldrenite-ish:singleimage] [14/273] Generating include/generated/zephyr/kobj-types-enum.h, include/generated/zephyr/otype-to-str.h, include/generated/zephyr/otype-to-size.h
[felino:ro] [207/372] Building C object zephyr/lib/libc/minimal/CMakeFiles/lib__libc__minimal.dir/source/string/strspn.c.obj
[felino:ro] [208/372] Building C object zephyr/lib/libc/minimal/CMakeFiles/lib__libc__minimal.dir/source/string/string.c.obj
[uldrenite-ish:singleimage] [15/273] Generating include/generated/device-api-sections.ld, include/generated/device-api-sections.cmake
[felino:ro] [209/372] Building C object zephyr/lib/libc/minimal/CMakeFiles/lib__libc__minimal.dir/source/stdlib/exit.c.obj
[/mnt/host/source/src/platform/ec/build/zephyr/navi-lcov]   /mnt/host/source/src/platform/ec/build/zephyr/navi/build-ro/modules/ec/zephyr/CMakeFiles/ec_shim.dir/shim/src/battery.c.gcno:no functions found
[/mnt/host/source/src/platform/ec/build/zephyr/navi-lcov] stderr:
[felino:ro] [210/372] Building C object zephyr/lib/libc/minimal/CMakeFiles/lib__libc__minimal.dir/source/math/sqrtf.c.obj
[krabby:rw] [40/380] Building C object zephyr/CMakeFiles/zephyr.dir/soc/ite/ec/it8xxx2/ilm.c.obj
[/mnt/host/source/src/platform/ec/build/zephyr/navi-lcov]   /mnt/host/source/src/platform/ec/build/zephyr/navi/build-ro/modules/ec/zephyr/CMakeFiles/ec_shim.dir/shim/src/charger.c.gcno:no functions found
[/mnt/host/source/src/platform/ec/build/zephyr/navi-lcov] stderr:
[krabby:rw] [41/380] Building C object zephyr/CMakeFiles/zephyr.dir/subsys/logging/log_minimal.c.obj
[krabby:rw] [42/380] Building C object zephyr/CMakeFiles/zephyr.dir/subsys/pm/state.c.obj
[felino:ro] [211/372] Building C object zephyr/lib/libc/minimal/CMakeFiles/lib__libc__minimal.dir/source/math/sqrt.c.obj
[felino:ro] [212/372] Building C object zephyr/lib/libc/minimal/CMakeFiles/lib__libc__minimal.dir/source/stdout/fprintf.c.obj
[felino:ro] [213/372] Building C object zephyr/lib/libc/common/CMakeFiles/lib__libc__common.dir/source/time/asctime.c.obj
[felino:ro] [214/372] Building C object zephyr/lib/libc/common/CMakeFiles/lib__libc__common.dir/source/time/gmtime_r.c.obj
[felino:ro] [215/372] Building C object zephyr/lib/libc/minimal/CMakeFiles/lib__libc__minimal.dir/source/stdout/stdout_console.c.obj
[felino:ro] [216/372] Building C object zephyr/lib/libc/minimal/CMakeFiles/lib__libc__minimal.dir/source/stdout/sprintf.c.obj
[krabby:rw] [43/380] Building C object zephyr/CMakeFiles/zephyr.dir/subsys/pm/pm.c.obj
[felino:ro] [217/372] Building C object zephyr/lib/libc/common/CMakeFiles/lib__libc__common.dir/source/time/ctime.c.obj
[felino:ro] [218/372] Building C object zephyr/lib/libc/common/CMakeFiles/lib__libc__common.dir/source/string/strnlen.c.obj
[felino:ro] [219/372] Building C object zephyr/lib/libc/common/CMakeFiles/lib__libc__common.dir/source/time/localtime_r_utc.c.obj
[uldrenite-ish:singleimage] [16/273] Generating pw_transport.proto/nanopb/pw_transport/proto/transport.pb.h, pw_transport.proto/nanopb/pw_transport/proto/transport.pb.c
[jubilant:rw] [12/381] Building C object CMakeFiles/app.dir/mnt/host/source/src/platform/ec/zephyr/subsys/ap_pwrseq/ap_events.c.obj
[felino:ro] [220/372] Building C object zephyr/lib/libc/minimal/CMakeFiles/lib__libc__minimal.dir/source/time/gmtime.c.obj
[felino:ro] [221/372] Building C object zephyr/lib/posix/c_lib_ext/CMakeFiles/lib__posix__c_lib_ext.dir/fnmatch.c.obj
[felino:ro] [222/372] Linking C static library zephyr/lib/libc/minimal/liblib__libc__minimal.a
[felino:ro] [223/372] Building C object zephyr/lib/libc/common/CMakeFiles/lib__libc__common.dir/source/time/time.c.obj
[krabby:rw] [44/380] Building C object zephyr/CMakeFiles/zephyr.dir/subsys/pm/policy/policy_events.c.obj
[krabby:rw] [45/380] Building C object zephyr/CMakeFiles/zephyr.dir/subsys/pm/policy/policy_latency.c.obj
[krabby:rw] [46/380] Building C object zephyr/CMakeFiles/zephyr.dir/subsys/pm/policy/policy_state_lock.c.obj
[felino:ro] [224/372] Building C object zephyr/subsys/crc/CMakeFiles/subsys__crc.dir/crc8_sw.c.obj
[felino:ro] [225/372] Building C object zephyr/subsys/crc/CMakeFiles/subsys__crc.dir/crc4_sw.c.obj
[felino:ro] [226/372] Building C object zephyr/subsys/crc/CMakeFiles/subsys__crc.dir/crc16_sw.c.obj
[uldrenite-ish:singleimage] [17/273] Building C object zephyr/CMakeFiles/offsets.dir/arch/x86/core/offsets/offsets.c.obj
[felino:ro] [227/372] Building C object zephyr/subsys/crc/CMakeFiles/subsys__crc.dir/crc7_sw.c.obj
[felino:ro] [228/372] Building C object zephyr/lib/libc/common/CMakeFiles/lib__libc__common.dir/source/stdlib/malloc.c.obj
[felino:ro] [229/372] Building C object zephyr/subsys/crc/CMakeFiles/subsys__crc.dir/crc32c_sw.c.obj
[uldrenite-ish:singleimage] [18/273] Building C object zephyr/drivers/syscon/CMakeFiles/drivers__syscon.dir/mnt/host/source/src/third_party/zephyr/main/misc/empty_file.c.obj
[felino:ro] [230/372] Building C object zephyr/subsys/crc/CMakeFiles/subsys__crc.dir/crc24_sw.c.obj
[/mnt/host/source/src/platform/ec/build/zephyr/navi-lcov]   /mnt/host/source/src/platform/ec/build/zephyr/navi/build-ro/modules/ec/zephyr/CMakeFiles/ec_shim.dir/shim/src/usb_muxes.c.gcno:no functions found
[/mnt/host/source/src/platform/ec/build/zephyr/navi-lcov] stderr:
[felino:ro] [231/372] Linking C static library zephyr/lib/libc/common/liblib__libc__common.a
[krabby:rw] [47/380] Building C object zephyr/CMakeFiles/zephyr.dir/subsys/pm/device.c.obj
[felino:ro] [232/372] Building C object zephyr/lib/posix/c_lib_ext/CMakeFiles/lib__posix__c_lib_ext.dir/getentropy.c.obj
[krabby:rw] [48/380] Building C object zephyr/CMakeFiles/zephyr.dir/subsys/pm/device_system_managed.c.obj
[krabby:rw] [49/380] Building C object zephyr/CMakeFiles/zephyr.dir/subsys/testsuite/coverage/coverage.c.obj
[felino:ro] [233/372] Building C object zephyr/lib/smf/CMakeFiles/lib__smf.dir/smf.c.obj
[felino:ro] [234/372] Building C object zephyr/subsys/crc/CMakeFiles/subsys__crc.dir/crc32_sw.c.obj
[felino:ro] [235/372] Building C object zephyr/lib/posix/c_lib_ext/CMakeFiles/lib__posix__c_lib_ext.dir/getopt_shim.c.obj
[felino:ro] [236/372] Building C object zephyr/subsys/crc/CMakeFiles/subsys__crc.dir/crc32k_4_2_sw.c.obj
[felino:ro] [237/372] Linking C static library zephyr/lib/smf/liblib__smf.a
[felino:ro] [238/372] Linking C static library zephyr/lib/posix/c_lib_ext/liblib__posix__c_lib_ext.a
[krabby:rw] [50/380] Building C object zephyr/CMakeFiles/zephyr.dir/subsys/tracing/tracing_none.c.obj
[felino:ro] [239/372] Linking C static library zephyr/subsys/crc/libsubsys__crc.a
[felino:ro] [240/372] Building C object zephyr/subsys/input/CMakeFiles/subsys__input.dir/input_hid.c.obj
[krabby:rw] [51/380] Building C object zephyr/CMakeFiles/zephyr.dir/subsys/shell/modules/kernel_service/cycles.c.obj
[krabby:rw] [52/380] Building C object zephyr/CMakeFiles/zephyr.dir/subsys/shell/modules/kernel_service/kernel_shell.c.obj
[/mnt/host/source/src/platform/ec/build/zephyr/navi-lcov]   /mnt/host/source/src/platform/ec/build/zephyr/navi/build-ro/modules/ec/zephyr/CMakeFiles/ec_shim.dir/shim/src/usba.c.gcno:no functions found
[/mnt/host/source/src/platform/ec/build/zephyr/navi-lcov] stderr:
[jubilant:rw] [13/381] Building C object CMakeFiles/app.dir/mnt/host/source/src/platform/ec/zephyr/subsys/ap_pwrseq/ap_power_interface.c.obj
[uldrenite-ish:singleimage] [19/273] Building C object modules/ec/zephyr/lib/math/CMakeFiles/math.iir_filter.dir/iir_filter.c.obj
[krabby:rw] [53/380] Building C object zephyr/CMakeFiles/zephyr.dir/subsys/shell/modules/kernel_service/version.c.obj
[krabby:rw] [54/380] Building C object zephyr/CMakeFiles/zephyr.dir/subsys/shell/modules/kernel_service/sleep.c.obj
[krabby:rw] [55/380] Building C object zephyr/CMakeFiles/zephyr.dir/subsys/shell/modules/kernel_service/uptime.c.obj
[felino:ro] [241/372] Building C object zephyr/subsys/input/CMakeFiles/subsys__input.dir/input.c.obj
[felino:ro] [242/372] Building C object zephyr/subsys/input/CMakeFiles/subsys__input.dir/input_utils.c.obj
[felino:ro] [243/372] Linking C static library zephyr/subsys/input/libsubsys__input.a
[krabby:rw] [56/380] Building C object zephyr/CMakeFiles/zephyr.dir/subsys/shell/modules/kernel_service/thread/thread.c.obj
[felino:ro] [244/372] Building C object zephyr/drivers/adc/CMakeFiles/drivers__adc.dir/adc_common.c.obj
[felino:ro] [245/372] Building C object zephyr/drivers/interrupt_controller/CMakeFiles/drivers__interrupt_controller.dir/intc_ite_it8xxx2_v2.c.obj
[felino:ro] [246/372] Building C object zephyr/drivers/bbram/CMakeFiles/drivers__bbram.dir/bbram_it8xxx2.c.obj
[felino:ro] [247/372] Building C object zephyr/drivers/interrupt_controller/CMakeFiles/drivers__interrupt_controller.dir/wuc_ite_it8xxx2.c.obj
[uldrenite-ish:singleimage] [20/273] Building C object modules/ec/zephyr/lib/math/CMakeFiles/math.iir_decimator.dir/iir_decimator.c.obj
[felino:ro] [248/372] Linking C static library zephyr/drivers/bbram/libdrivers__bbram.a
[krabby:rw] [57/380] Building C object zephyr/CMakeFiles/zephyr.dir/subsys/shell/modules/kernel_service/thread/stacks.c.obj
[felino:ro] [249/372] Linking C static library zephyr/drivers/interrupt_controller/libdrivers__interrupt_controller.a
[felino:ro] [250/372] Building C object zephyr/drivers/adc/CMakeFiles/drivers__adc.dir/adc_ite_it8xxx2.c.obj
[krabby:rw] [58/380] Building C object zephyr/CMakeFiles/zephyr.dir/subsys/shell/modules/kernel_service/thread/list.c.obj
[felino:ro] [251/372] Linking C static library zephyr/drivers/adc/libdrivers__adc.a
[jubilant:rw] [14/381] Building C object CMakeFiles/app.dir/mnt/host/source/src/platform/ec/zephyr/subsys/ap_pwrseq/power_signals.c.obj
[krabby:rw] [59/380] Building C object zephyr/CMakeFiles/zephyr.dir/subsys/shell/modules/kernel_service/thread/unwind.c.obj
[krabby:rw] [60/380] Building C object zephyr/CMakeFiles/zephyr.dir/subsys/shell/modules/kernel_service/thread/resume.c.obj
[krabby:rw] [61/380] Building C object zephyr/CMakeFiles/zephyr.dir/subsys/shell/modules/kernel_service/thread/suspend.c.obj
[felino:ro] [252/372] Building C object zephyr/drivers/console/CMakeFiles/drivers__console.dir/uart_console.c.obj
[felino:ro] [253/372] Linking C static library zephyr/drivers/console/libdrivers__console.a
[krabby:rw] [62/380] Building C object zephyr/CMakeFiles/zephyr.dir/subsys/shell/modules/kernel_service/thread/kill.c.obj
[felino:ro] [254/372] Building C object zephyr/drivers/flash/CMakeFiles/drivers__flash.dir/flash_ite_it8xxx2.c.obj
[felino:ro] [255/372] Building C object zephyr/drivers/crypto/CMakeFiles/drivers__crypto.dir/crypto_it8xxx2_sha_v2.c.obj
[felino:ro] [256/372] Linking C static library zephyr/drivers/flash/libdrivers__flash.a
[felino:ro] [257/372] Linking C static library zephyr/drivers/crypto/libdrivers__crypto.a
[uldrenite-ish:singleimage] [21/273] Building C object modules/ec/zephyr/lib/vsensor/body_detection/CMakeFiles/vsensor.body_detection.dir/body_detection.c.obj
[krabby:rw] [63/380] Building C object zephyr/CMakeFiles/zephyr.dir/subsys/shell/backends/shell_uart.c.obj
[felino:ro] [258/372] Building C object zephyr/drivers/i2c/CMakeFiles/drivers__i2c.dir/i2c_common.c.obj
[krabby:rw] [64/380] Building C object zephyr/CMakeFiles/zephyr.dir/subsys/shell/shell_fprintf.c.obj
[krabby:rw] [65/380] Building C object zephyr/CMakeFiles/zephyr.dir/subsys/shell/shell.c.obj
[felino:ro] [259/372] Building C object zephyr/drivers/i2c/CMakeFiles/drivers__i2c.dir/i2c_bitbang.c.obj
[felino:ro] [260/372] Building C object zephyr/drivers/espi/CMakeFiles/drivers__espi.dir/espi_it8xxx2.c.obj
[felino:ro] [261/372] Linking C static library zephyr/drivers/espi/libdrivers__espi.a
[krabby:rw] [66/380] Building C object zephyr/CMakeFiles/zephyr.dir/subsys/shell/shell_ops.c.obj
[krabby:rw] [67/380] Building C object zephyr/CMakeFiles/zephyr.dir/subsys/shell/shell_utils.c.obj
[jubilant:rw] [15/381] Building C object CMakeFiles/app.dir/mnt/host/source/src/platform/ec/zephyr/subsys/ap_pwrseq/signal_gpio.c.obj
[krabby:rw] [68/380] Building C object zephyr/CMakeFiles/zephyr.dir/subsys/shell/shell_help.c.obj
[felino:ro] [262/372] Building C object zephyr/drivers/i2c/CMakeFiles/drivers__i2c.dir/i2c_shell.c.obj
[uldrenite-ish:singleimage] [22/273] Building C object modules/ec/zephyr/lib/vsensor/body_detection/CMakeFiles/vsensor.body_detection.dir/mnt/host/source/src/platform/ec/build/zephyr/uldrenite-ish/modules/ec/common/body_detect_client.c.obj
[felino:ro] [263/372] Building C object zephyr/drivers/gpio/CMakeFiles/drivers__gpio.dir/gpio_ite_it8xxx2_v2.c.obj
[felino:ro] [264/372] Building C object zephyr/drivers/pinctrl/CMakeFiles/drivers__pinctrl.dir/common.c.obj
[krabby:rw] [69/380] Building C object zephyr/CMakeFiles/zephyr.dir/subsys/shell/shell_history.c.obj
[felino:ro] [265/372] Linking C static library zephyr/drivers/gpio/libdrivers__gpio.a
[krabby:rw] [70/380] Building C object zephyr/CMakeFiles/zephyr.dir/drivers/flash/flash_util.c.obj
[krabby:rw] [71/380] Building C object zephyr/arch/common/CMakeFiles/arch__common.dir/init.c.obj
[krabby:rw] [72/380] Building C object zephyr/arch/common/CMakeFiles/arch__common.dir/sw_isr_common.c.obj
[felino:ro] [266/372] Building C object zephyr/drivers/input/CMakeFiles/drivers__input.dir/input_ite_it8xxx2_kbd.c.obj
[krabby:rw] [73/380] Linking C static library zephyr/libzephyr.a
[felino:ro] [267/372] Building C object zephyr/drivers/input/CMakeFiles/drivers__input.dir/input_kbd_matrix.c.obj
[krabby:rw] [74/380] Building C object zephyr/arch/common/CMakeFiles/arch__common.dir/dynamic_isr.c.obj
[felino:ro] [268/372] Linking C static library zephyr/drivers/input/libdrivers__input.a
[felino:ro] [269/372] Building C object zephyr/drivers/i2c/CMakeFiles/drivers__i2c.dir/i2c_ite_enhance.c.obj
[felino:ro] [270/372] Linking C static library zephyr/drivers/i2c/libdrivers__i2c.a
[krabby:rw] [75/380] Building C object zephyr/arch/common/CMakeFiles/arch__common.dir/xip.c.obj
[felino:ro] [271/372] Building C object zephyr/drivers/pinctrl/CMakeFiles/drivers__pinctrl.dir/pinctrl_ite_it8xxx2.c.obj
[felino:ro] [272/372] Linking C static library zephyr/drivers/pinctrl/libdrivers__pinctrl.a
[krabby:rw] [76/380] Building C object zephyr/arch/arch/riscv/core/CMakeFiles/arch__riscv__core.dir/prep_c.c.obj
[uldrenite-ish:singleimage] [23/273] Building C object modules/ec/zephyr/lib/vsensor/body_detection/CMakeFiles/vsensor.body_detection.dir/mnt/host/source/src/platform/ec/build/zephyr/uldrenite-ish/modules/ec/common/body_detect_common.c.obj
[krabby:rw] [77/380] Building C object zephyr/arch/common/CMakeFiles/isr_tables.dir/isr_tables.c.obj
[jubilant:rw] [16/381] Building C object CMakeFiles/app.dir/mnt/host/source/src/platform/ec/zephyr/subsys/ap_pwrseq/signal_vw.c.obj
[krabby:rw] [78/380] Linking C static library zephyr/arch/common/libisr_tables.a
[krabby:rw] [79/380] Building C object zephyr/arch/arch/riscv/core/CMakeFiles/arch__riscv__core.dir/cpu_idle.c.obj
[felino:ro] [273/372] Building C object zephyr/drivers/pwm/CMakeFiles/drivers__pwm.dir/pwm_shell.c.obj
[uldrenite-ish:singleimage] [24/273] Building C object modules/ec/zephyr/drivers/dsp_comms/CMakeFiles/dsp_comms.proto.nanopb.dir/dsp_comms.proto/nanopb/proto/ec_dsp.pb.c.obj
[krabby:rw] [80/380] Linking C static library zephyr/arch/common/libarch__common.a
[/mnt/host/source/src/platform/ec/build/zephyr/navi-lcov]   /mnt/host/source/src/platform/ec/build/zephyr/navi/build-ro/modules/ec/zephyr/CMakeFiles/ec_shim.dir/shim/src/keyscan.c.gcno:no functions found
[/mnt/host/source/src/platform/ec/build/zephyr/navi-lcov] stderr:
[krabby:rw] [81/380] Building C object zephyr/arch/arch/riscv/core/CMakeFiles/arch__riscv__core.dir/irq_manage.c.obj
[felino:ro] [274/372] Building C object zephyr/drivers/serial/CMakeFiles/drivers__serial.dir/uart_ite_it8xxx2.c.obj
[krabby:rw] [82/380] Building C object zephyr/arch/arch/riscv/core/CMakeFiles/arch__riscv__core.dir/fatal.c.obj
[uldrenite-ish:singleimage] [25/273] Building C object modules/ec/zephyr/drivers/pw_transport/CMakeFiles/pw_transport.proto.nanopb.dir/pw_transport.proto/nanopb/pw_transport/proto/transport.pb.c.obj
[felino:ro] [275/372] Building C object zephyr/drivers/sensor/ite/ite_tach_it8xxx2/CMakeFiles/drivers__sensor__ite__ite_tach_it8xxx2.dir/tach_ite_it8xxx2.c.obj
[felino:ro] [276/372] Building C object zephyr/drivers/timer/CMakeFiles/drivers__timer.dir/sys_clock_init.c.obj
[felino:ro] [277/372] Linking C static library zephyr/drivers/sensor/ite/ite_tach_it8xxx2/libdrivers__sensor__ite__ite_tach_it8xxx2.a
[felino:ro] [278/372] Building C object zephyr/drivers/pwm/CMakeFiles/drivers__pwm.dir/pwm_ite_it8xxx2.c.obj
[krabby:rw] [83/380] Building C object zephyr/arch/arch/riscv/core/CMakeFiles/arch__riscv__core.dir/reboot.c.obj
[felino:ro] [279/372] Building C object zephyr/drivers/serial/CMakeFiles/drivers__serial.dir/uart_ns16550.c.obj
[krabby:rw] [84/380] Building ASM object zephyr/arch/arch/riscv/core/CMakeFiles/arch__riscv__core.dir/reset.S.obj
[felino:ro] [280/372] Linking C static library zephyr/drivers/pwm/libdrivers__pwm.a
[felino:ro] [281/372] Linking C static library zephyr/drivers/serial/libdrivers__serial.a
[krabby:rw] [85/380] Generating ../../../include/generated/libc/minimal/strerror_table.h
[felino:ro] [282/372] Building C object zephyr/drivers/timer/CMakeFiles/drivers__timer.dir/ite_it8xxx2_timer.c.obj
[felino:ro] [283/372] Linking C static library zephyr/drivers/timer/libdrivers__timer.a
[krabby:rw] [86/380] Building C object zephyr/arch/arch/riscv/core/CMakeFiles/arch__riscv__core.dir/thread.c.obj
[uldrenite-ish:singleimage] [26/273] Building CXX object modules/pigweed/pw_log_zephyr/CMakeFiles/pw_log_zephyr.dir/log_zephyr.cc.obj
[krabby:rw] [87/380] Building C object zephyr/lib/libc/minimal/CMakeFiles/lib__libc__minimal.dir/source/stdlib/atoi.c.obj
[krabby:rw] [88/380] Building ASM object zephyr/arch/arch/riscv/core/CMakeFiles/arch__riscv__core.dir/isr.S.obj
[felino:ro] [284/372] Building C object zephyr/drivers/watchdog/CMakeFiles/drivers__watchdog.dir/wdt_ite_it8xxx2.c.obj
[uldrenite-ish:singleimage] [27/273] Linking CXX static library modules/pigweed/pw_log_zephyr/libpw_log_zephyr.a
[uldrenite-ish:singleimage] [28/273] Linking CXX static library modules/ec/zephyr/drivers/pw_transport/libpw_transport.proto.nanopb.a
[krabby:rw] [89/380] Building ASM object zephyr/arch/arch/riscv/core/CMakeFiles/arch__riscv__core.dir/switch.S.obj
[krabby:rw] [90/380] Building C object zephyr/lib/libc/minimal/CMakeFiles/lib__libc__minimal.dir/source/stdlib/strtoul.c.obj
[krabby:rw] [91/380] Building C object zephyr/lib/libc/minimal/CMakeFiles/lib__libc__minimal.dir/source/stdlib/strtol.c.obj
[jubilant:rw] [17/381] Building C object CMakeFiles/app.dir/mnt/host/source/src/platform/ec/zephyr/subsys/ap_pwrseq/power_host_sleep.c.obj
[uldrenite-ish:singleimage] [29/273] Linking CXX static library modules/ec/zephyr/drivers/dsp_comms/libdsp_comms.proto.nanopb.a
[krabby:rw] [92/380] Building C object zephyr/lib/libc/minimal/CMakeFiles/lib__libc__minimal.dir/source/stdlib/strtoll.c.obj
[krabby:rw] [93/380] Building C object zephyr/arch/arch/riscv/core/CMakeFiles/arch__riscv__core.dir/stacktrace.c.obj
[felino:ro] [285/372] Building C object zephyr/drivers/watchdog/CMakeFiles/drivers__watchdog.dir/wdt_shell.c.obj
[krabby:rw] [94/380] Linking C static library zephyr/arch/arch/riscv/core/libarch__riscv__core.a
[felino:ro] [286/372] Linking C static library zephyr/drivers/watchdog/libdrivers__watchdog.a
[krabby:rw] [95/380] Building C object zephyr/lib/libc/minimal/CMakeFiles/lib__libc__minimal.dir/source/stdlib/strtoull.c.obj
[krabby:rw] [96/380] Building C object zephyr/lib/libc/minimal/CMakeFiles/lib__libc__minimal.dir/source/stdlib/bsearch.c.obj
[krabby:rw] [97/380] Building C object zephyr/lib/libc/common/CMakeFiles/lib__libc__common.dir/source/stdlib/abort.c.obj
[uldrenite-ish:singleimage] [30/273] Generating include/generated/zephyr/offsets.h
[felino:ro] [287/372] Building C object modules/ec/zephyr/CMakeFiles/ec_shim.dir/app/ec/main_shim.c.obj
[krabby:rw] [98/380] Building C object zephyr/lib/libc/minimal/CMakeFiles/lib__libc__minimal.dir/source/string/strncasecmp.c.obj
[krabby:rw] [99/380] Building C object zephyr/lib/libc/minimal/CMakeFiles/lib__libc__minimal.dir/source/stdlib/qsort.c.obj
[felino:ro] [288/372] Building C object modules/ec/zephyr/CMakeFiles/ec_shim.dir/app/ec/chip/riscv/riscv-ite/it8xxx2-espi.c.obj
[krabby:rw] [100/380] Building C object zephyr/lib/libc/minimal/CMakeFiles/lib__libc__minimal.dir/source/string/strstr.c.obj
[krabby:rw] [101/380] Building C object zephyr/lib/libc/minimal/CMakeFiles/lib__libc__minimal.dir/source/string/strerror.c.obj
[krabby:rw] [102/380] Building C object zephyr/lib/libc/minimal/CMakeFiles/lib__libc__minimal.dir/source/string/string.c.obj
[felino:ro] [289/372] Building C object modules/ec/zephyr/CMakeFiles/ec_shim.dir/app/ec/ec_app_main.c.obj
[krabby:rw] [103/380] Building C object zephyr/lib/libc/minimal/CMakeFiles/lib__libc__minimal.dir/source/string/strspn.c.obj
[felino:ro] [290/372] Building C object modules/ec/zephyr/CMakeFiles/ec_shim.dir/drivers/keyboard_input/keyboard_customization_check.c.obj
[felino:ro] [291/372] Building C object modules/ec/zephyr/CMakeFiles/ec_shim.dir/drivers/cros_flash/cros_flash_it8xxx2.c.obj
[krabby:rw] [104/380] Building C object zephyr/lib/libc/minimal/CMakeFiles/lib__libc__minimal.dir/source/stdlib/exit.c.obj
[felino:ro] [292/372] Building C object modules/ec/zephyr/CMakeFiles/ec_shim.dir/drivers/cros_system/cros_system_it8xxx2.c.obj
[krabby:rw] [105/380] Building C object zephyr/lib/libc/minimal/CMakeFiles/lib__libc__minimal.dir/source/math/sqrtf.c.obj
[krabby:rw] [106/380] Building C object zephyr/lib/libc/minimal/CMakeFiles/lib__libc__minimal.dir/source/math/sqrt.c.obj
[uldrenite-ish:singleimage] [31/273] Building C object CMakeFiles/app.dir/mnt/host/source/src/platform/ec/zephyr/subsys/ap_pwrseq/ap_events.c.obj
[felino:ro] [293/372] Building C object modules/ec/zephyr/CMakeFiles/ec_shim.dir/drivers/hibernate/hibernate_z5.c.obj
[krabby:rw] [107/380] Building C object zephyr/lib/libc/minimal/CMakeFiles/lib__libc__minimal.dir/source/stdout/stdout_console.c.obj
[krabby:rw] [108/380] Building C object zephyr/lib/libc/minimal/CMakeFiles/lib__libc__minimal.dir/source/stdout/fprintf.c.obj
[krabby:rw] [109/380] Building C object zephyr/lib/libc/minimal/CMakeFiles/lib__libc__minimal.dir/source/stdout/sprintf.c.obj
[felino:ro] [294/372] Building C object modules/ec/zephyr/CMakeFiles/ec_shim.dir/drivers/keyboard_input/keyboard_input.c.obj
[jubilant:rw] [18/381] Building C object CMakeFiles/app.dir/mnt/host/source/src/platform/ec/zephyr/subsys/ap_pwrseq/x86_non_dsx_common_pwrseq_sm_handler.c.obj
[krabby:rw] [110/380] Building C object zephyr/lib/libc/common/CMakeFiles/lib__libc__common.dir/source/time/asctime.c.obj
[krabby:rw] [111/380] Building C object zephyr/lib/libc/common/CMakeFiles/lib__libc__common.dir/source/time/gmtime_r.c.obj
[felino:ro] [295/372] Building C object modules/ec/zephyr/CMakeFiles/ec_shim.dir/drivers/keyboard_input/col_gpio_drive.c.obj
[felino:ro] [296/372] Building C object modules/ec/zephyr/CMakeFiles/ec_shim.dir/drivers/usbc/ucsi_v3.c.obj
[krabby:rw] [112/380] Building C object zephyr/lib/libc/common/CMakeFiles/lib__libc__common.dir/source/string/strnlen.c.obj
[krabby:rw] [113/380] Building C object zephyr/lib/libc/common/CMakeFiles/lib__libc__common.dir/source/time/ctime.c.obj
[krabby:rw] [114/380] Building C object zephyr/lib/libc/common/CMakeFiles/lib__libc__common.dir/source/time/localtime_r_utc.c.obj
[krabby:rw] [115/380] Building C object zephyr/lib/libc/common/CMakeFiles/lib__libc__common.dir/source/time/time.c.obj
[krabby:rw] [116/380] Building C object zephyr/lib/libc/minimal/CMakeFiles/lib__libc__minimal.dir/source/time/gmtime.c.obj
[uldrenite-ish:singleimage] [32/273] Building C object CMakeFiles/app.dir/mnt/host/source/src/platform/ec/build/zephyr/uldrenite-ish/modules/ec/builtin/stdlib.c.obj
[krabby:rw] [117/380] Building C object zephyr/lib/posix/c_lib_ext/CMakeFiles/lib__posix__c_lib_ext.dir/fnmatch.c.obj
[krabby:rw] [118/380] Building C object zephyr/subsys/crc/CMakeFiles/subsys__crc.dir/crc4_sw.c.obj
[krabby:rw] [119/380] Building C object zephyr/subsys/crc/CMakeFiles/subsys__crc.dir/crc16_sw.c.obj
[krabby:rw] [120/380] Building C object zephyr/subsys/crc/CMakeFiles/subsys__crc.dir/crc8_sw.c.obj
[krabby:rw] [121/380] Linking C static library zephyr/lib/libc/minimal/liblib__libc__minimal.a
[krabby:rw] [122/380] Building C object zephyr/lib/libc/common/CMakeFiles/lib__libc__common.dir/source/stdlib/malloc.c.obj
[felino:ro] [297/372] Building C object modules/ec/zephyr/CMakeFiles/ec_shim.dir/drivers/usbc/tps6699x_cmd.c.obj
[krabby:rw] [123/380] Building C object zephyr/subsys/crc/CMakeFiles/subsys__crc.dir/crc7_sw.c.obj
[felino:ro] [298/372] Building C object modules/ec/zephyr/CMakeFiles/ec_shim.dir/drivers/boot_keys/boot_keys.c.obj
[krabby:rw] [124/380] Linking C static library zephyr/lib/libc/common/liblib__libc__common.a
[krabby:rw] [125/380] Building C object zephyr/subsys/crc/CMakeFiles/subsys__crc.dir/crc24_sw.c.obj
[krabby:rw] [126/380] Building C object zephyr/subsys/crc/CMakeFiles/subsys__crc.dir/crc32c_sw.c.obj
[felino:ro] [299/372] Building C object modules/ec/zephyr/CMakeFiles/ec_shim.dir/drivers/runtime_keys/runtime_keys.c.obj
[felino:ro] [300/372] Building C object modules/ec/zephyr/CMakeFiles/ec_shim.dir/shim/chip/it8xxx2/gpio.c.obj
[krabby:rw] [127/380] Building C object zephyr/subsys/crc/CMakeFiles/subsys__crc.dir/crc32k_4_2_sw.c.obj
[jubilant:rw] [19/381] Building C object CMakeFiles/app.dir/mnt/host/source/src/platform/ec/zephyr/subsys/ap_pwrseq/x86_non_dsx_chipset_power_state.c.obj
[krabby:rw] [128/380] Building C object zephyr/subsys/crc/CMakeFiles/subsys__crc.dir/crc32_sw.c.obj
[krabby:rw] [129/380] Linking C static library zephyr/subsys/crc/libsubsys__crc.a
[felino:ro] [301/372] Building C object modules/ec/zephyr/CMakeFiles/ec_shim.dir/shim/chip/it8xxx2/clock.c.obj
[uldrenite-ish:singleimage] [33/273] Building C object CMakeFiles/app.dir/mnt/host/source/src/platform/ec/build/zephyr/uldrenite-ish/modules/ec/common/base32.c.obj
[krabby:rw] [130/380] Building C object zephyr/lib/posix/c_lib_ext/CMakeFiles/lib__posix__c_lib_ext.dir/getentropy.c.obj
[krabby:rw] [131/380] Building C object zephyr/lib/posix/c_lib_ext/CMakeFiles/lib__posix__c_lib_ext.dir/getopt_shim.c.obj
[felino:ro] [302/372] Building C object modules/ec/zephyr/CMakeFiles/ec_shim.dir/shim/src/crc.c.obj
[felino:ro] [303/372] Building C object modules/ec/zephyr/CMakeFiles/ec_shim.dir/drivers/vivaldi_kbd/vivaldi_kbd.c.obj
[krabby:rw] [132/380] Linking C static library zephyr/lib/posix/c_lib_ext/liblib__posix__c_lib_ext.a
[felino:ro] [304/372] Building C object modules/ec/zephyr/CMakeFiles/ec_shim.dir/drivers/usbc/pdc_tps6699x.c.obj
[krabby:rw] [133/380] Building C object zephyr/drivers/interrupt_controller/CMakeFiles/drivers__interrupt_controller.dir/intc_ite_it8xxx2.c.obj
[krabby:rw] [134/380] Building C object zephyr/drivers/adc/CMakeFiles/drivers__adc.dir/adc_common.c.obj
[krabby:rw] [135/380] Building C object zephyr/drivers/interrupt_controller/CMakeFiles/drivers__interrupt_controller.dir/wuc_ite_it8xxx2.c.obj
[felino:ro] [305/372] Building C object modules/ec/zephyr/CMakeFiles/ec_shim.dir/shim/chip/it8xxx2/system.c.obj
[felino:ro] [306/372] Building C object modules/ec/zephyr/CMakeFiles/ec_shim.dir/shim/chip/it8xxx2/power_policy.c.obj
[krabby:rw] [136/380] Linking C static library zephyr/drivers/interrupt_controller/libdrivers__interrupt_controller.a
[krabby:rw] [137/380] Building C object zephyr/drivers/console/CMakeFiles/drivers__console.dir/uart_console.c.obj
[uldrenite-ish:singleimage] [34/273] Building C object CMakeFiles/app.dir/mnt/host/source/src/platform/ec/build/zephyr/uldrenite-ish/modules/ec/common/console_output.c.obj
[krabby:rw] [138/380] Building C object zephyr/drivers/adc/CMakeFiles/drivers__adc.dir/adc_ite_it8xxx2.c.obj
[felino:ro] [307/372] Building C object modules/ec/zephyr/CMakeFiles/ec_shim.dir/shim/src/console.c.obj
[jubilant:rw] [20/381] Building C object CMakeFiles/app.dir/mnt/host/source/src/platform/ec/zephyr/subsys/ap_pwrseq/x86_non_dsx_common_pwrseq_host_sleep.c.obj
[krabby:rw] [139/380] Building C object zephyr/drivers/bbram/CMakeFiles/drivers__bbram.dir/bbram_it8xxx2.c.obj
[krabby:rw] [140/380] Linking C static library zephyr/drivers/console/libdrivers__console.a
[felino:ro] [308/372] Building C object modules/ec/zephyr/CMakeFiles/ec_shim.dir/shim/src/panic_utils.c.obj
[krabby:rw] [141/380] Linking C static library zephyr/drivers/adc/libdrivers__adc.a
[krabby:rw] [142/380] Linking C static library zephyr/drivers/bbram/libdrivers__bbram.a
[felino:ro] [309/372] Building C object modules/ec/zephyr/CMakeFiles/ec_shim.dir/shim/src/gpio_int.c.obj
[felino:ro] [310/372] Building C object modules/ec/zephyr/CMakeFiles/ec_shim.dir/shim/src/gpio.c.obj
[felino:ro] [311/372] Building C object modules/ec/zephyr/CMakeFiles/ec_shim.dir/shim/src/pm_state.c.obj
[krabby:rw] [143/380] Building C object zephyr/drivers/eeprom/CMakeFiles/drivers__eeprom.dir/eeprom_shell.c.obj
[krabby:rw] [144/380] Building C object zephyr/drivers/eeprom/CMakeFiles/drivers__eeprom.dir/eeprom_at2x.c.obj
[krabby:rw] [145/380] Building C object zephyr/drivers/flash/CMakeFiles/drivers__flash.dir/flash_ite_it8xxx2.c.obj
[felino:ro] [312/372] Building C object modules/ec/zephyr/CMakeFiles/ec_shim.dir/shim/src/cbi/cros_cbi.c.obj
[uldrenite-ish:singleimage] [35/273] Building C object CMakeFiles/app.dir/mnt/host/source/src/platform/ec/build/zephyr/uldrenite-ish/modules/ec/common/ec_features.c.obj
[krabby:rw] [146/380] Linking C static library zephyr/drivers/flash/libdrivers__flash.a
[krabby:rw] [147/380] Linking C static library zephyr/drivers/eeprom/libdrivers__eeprom.a
[felino:ro] [313/372] Building C object modules/ec/zephyr/CMakeFiles/ec_shim.dir/shim/src/cbi/cbi_flash.c.obj
[krabby:rw] [148/380] Building C object zephyr/drivers/i2c/CMakeFiles/drivers__i2c.dir/i2c_common.c.obj
[krabby:rw] [149/380] Building C object zephyr/drivers/gpio/CMakeFiles/drivers__gpio.dir/gpio_ite_it8xxx2.c.obj
[krabby:rw] [150/380] Building C object zephyr/drivers/gpio/CMakeFiles/drivers__gpio.dir/gpio_kscan_ite_it8xxx2.c.obj
[jubilant:rw] [21/381] Building C object CMakeFiles/app.dir/mnt/host/source/src/platform/ec/zephyr/subsys/ap_pwrseq/x86_non_dsx_common_pwrseq_console.c.obj
[/mnt/host/source/src/platform/ec/build/zephyr/navi-lcov]   /mnt/host/source/src/platform/ec/build/zephyr/navi/build-ro/CMakeFiles/app.dir/mnt/host/source/src/platform/ec/build/zephyr/navi/modules/ec/common/usb_pd_pdo.c.gcno:no functions found
[/mnt/host/source/src/platform/ec/build/zephyr/navi-lcov] stderr:
[krabby:rw] [151/380] Linking C static library zephyr/drivers/gpio/libdrivers__gpio.a
[felino:ro] [314/372] Building C object modules/ec/zephyr/CMakeFiles/ec_shim.dir/shim/src/led_driver/led_gpio.c.obj
[krabby:rw] [152/380] Building C object zephyr/drivers/i2c/CMakeFiles/drivers__i2c.dir/i2c_bitbang.c.obj
[felino:ro] [315/372] Building C object modules/ec/zephyr/CMakeFiles/ec_shim.dir/shim/src/system.c.obj
[felino:ro] [316/372] Building C object modules/ec/zephyr/CMakeFiles/ec_shim.dir/shim/src/led_driver/led.c.obj
[felino:ro] [317/372] Building C object modules/ec/zephyr/CMakeFiles/ec_shim.dir/shim/src/adc.c.obj
[uldrenite-ish:singleimage] [36/273] Building C object CMakeFiles/app.dir/mnt/host/source/src/platform/ec/build/zephyr/uldrenite-ish/modules/ec/common/gpio_commands.c.obj
[felino:ro] [318/372] Building C object modules/ec/zephyr/CMakeFiles/ec_shim.dir/shim/src/pdc_shim.c.obj
[felino:ro] [319/372] Building C object modules/ec/zephyr/CMakeFiles/ec_shim.dir/shim/src/battery.c.obj
[krabby:rw] [153/380] Building C object zephyr/drivers/pinctrl/CMakeFiles/drivers__pinctrl.dir/common.c.obj
[krabby:rw] [154/380] Building C object zephyr/drivers/i2c/CMakeFiles/drivers__i2c.dir/i2c_ite_enhance.c.obj
[felino:ro] [320/372] Building C object modules/ec/zephyr/CMakeFiles/ec_shim.dir/shim/src/charger.c.obj
[krabby:rw] [155/380] Building C object zephyr/drivers/i2c/CMakeFiles/drivers__i2c.dir/i2c_shell.c.obj
[krabby:rw] [156/380] Building C object zephyr/drivers/i2c/CMakeFiles/drivers__i2c.dir/i2c_ite_it8xxx2.c.obj
[krabby:rw] [157/380] Linking C static library zephyr/drivers/i2c/libdrivers__i2c.a
[krabby:rw] [158/380] Building C object zephyr/drivers/pwm/CMakeFiles/drivers__pwm.dir/pwm_shell.c.obj
[krabby:rw] [159/380] Building C object zephyr/drivers/pinctrl/CMakeFiles/drivers__pinctrl.dir/pinctrl_ite_it8xxx2.c.obj
[uldrenite-ish:singleimage] [37/273] Building C object CMakeFiles/app.dir/mnt/host/source/src/platform/ec/build/zephyr/uldrenite-ish/modules/ec/common/peripheral.c.obj
[jubilant:rw] [22/381] Building C object CMakeFiles/app.dir/mnt/host/source/src/platform/ec/zephyr/subsys/ap_pwrseq/x86_non_dsx_common_pwrseq_host_command.c.obj
[felino:ro] [321/372] Building C object modules/ec/zephyr/CMakeFiles/ec_shim.dir/shim/src/chipset_api.c.obj
[krabby:rw] [160/380] Linking C static library zephyr/drivers/pinctrl/libdrivers__pinctrl.a
[felino:ro] [322/372] Building C object modules/ec/zephyr/CMakeFiles/ec_shim.dir/shim/src/espi.c.obj
[felino:ro] [323/372] Building C object modules/ec/zephyr/CMakeFiles/ec_shim.dir/shim/src/fan.c.obj
[felino:ro] [324/372] Building C object modules/ec/zephyr/CMakeFiles/ec_shim.dir/shim/src/flash.c.obj
[krabby:rw] [161/380] Building C object zephyr/drivers/pwm/CMakeFiles/drivers__pwm.dir/pwm_ite_it8xxx2.c.obj
[krabby:rw] [162/380] Building C object zephyr/drivers/serial/CMakeFiles/drivers__serial.dir/uart_ite_it8xxx2.c.obj
[felino:ro] [325/372] Building C object modules/ec/zephyr/CMakeFiles/ec_shim.dir/shim/src/hooks.c.obj
[krabby:rw] [163/380] Linking C static library zephyr/drivers/pwm/libdrivers__pwm.a
[felino:ro] [326/372] Building C object modules/ec/zephyr/CMakeFiles/ec_shim.dir/shim/src/host_command.c.obj
[krabby:rw] [164/380] Building C object zephyr/drivers/serial/CMakeFiles/drivers__serial.dir/uart_ns16550.c.obj
[felino:ro] [327/372] Building C object modules/ec/zephyr/CMakeFiles/ec_shim.dir/shim/src/console_buffer.c.obj
[krabby:rw] [165/380] Building C object zephyr/drivers/timer/CMakeFiles/drivers__timer.dir/sys_clock_init.c.obj
[krabby:rw] [166/380] Linking C static library zephyr/drivers/serial/libdrivers__serial.a
[krabby:rw] [167/380] Building C object zephyr/drivers/timer/CMakeFiles/drivers__timer.dir/ite_it8xxx2_timer.c.obj
[krabby:rw] [168/380] Linking C static library zephyr/drivers/timer/libdrivers__timer.a
[uldrenite-ish:singleimage] [38/273] Building C object CMakeFiles/app.dir/mnt/host/source/src/platform/ec/build/zephyr/uldrenite-ish/modules/ec/common/printf.c.obj
[felino:ro] [328/372] Building C object modules/ec/zephyr/CMakeFiles/ec_shim.dir/shim/src/mkbp_event.c.obj
[krabby:rw] [169/380] Building C object zephyr/drivers/watchdog/CMakeFiles/drivers__watchdog.dir/wdt_ite_it8xxx2.c.obj
[jubilant:rw] [23/381] Building C object CMakeFiles/app.dir/mnt/host/source/src/platform/ec/zephyr/subsys/ap_pwrseq/x86_non_dsx_adlp_pwrseq_sm.c.obj
[felino:ro] [329/372] Building C object modules/ec/zephyr/CMakeFiles/ec_shim.dir/shim/src/hwtimer.c.obj
[felino:ro] [330/372] Building C object modules/ec/zephyr/CMakeFiles/ec_shim.dir/shim/src/thermal.c.obj
[krabby:rw] [170/380] Building C object zephyr/drivers/watchdog/CMakeFiles/drivers__watchdog.dir/wdt_shell.c.obj
[krabby:rw] [171/380] Linking C static library zephyr/drivers/watchdog/libdrivers__watchdog.a
[krabby:rw] [172/380] Building C object modules/ec/zephyr/CMakeFiles/ec_shim.dir/app/ec/main_shim.c.obj
[felino:ro] [331/372] Building C object modules/ec/zephyr/CMakeFiles/ec_shim.dir/shim/src/panic.c.obj
[krabby:rw] [173/380] Building C object modules/ec/zephyr/CMakeFiles/ec_shim.dir/app/ec/ec_app_main.c.obj
[krabby:rw] [174/380] Building C object modules/ec/zephyr/CMakeFiles/ec_shim.dir/drivers/cros_flash/cros_flash_it8xxx2.c.obj
[uldrenite-ish:singleimage] [39/273] Building C object CMakeFiles/app.dir/mnt/host/source/src/platform/ec/build/zephyr/uldrenite-ish/modules/ec/common/queue.c.obj
[felino:ro] [332/372] Building C object modules/ec/zephyr/CMakeFiles/ec_shim.dir/shim/src/tasks.c.obj
[felino:ro] [333/372] Building C object modules/ec/zephyr/CMakeFiles/ec_shim.dir/shim/src/temp_sensors.c.obj
[felino:ro] [334/372] Building C object modules/ec/zephyr/CMakeFiles/ec_shim.dir/shim/src/i2c.c.obj
[krabby:rw] [175/380] Building C object modules/ec/zephyr/CMakeFiles/ec_shim.dir/drivers/cros_kb_raw/cros_kb_raw_ite.c.obj
[krabby:rw] [176/380] Building C object modules/ec/zephyr/CMakeFiles/ec_shim.dir/drivers/cros_shi/cros_shi_it8xxx2.c.obj
[felino:ro] [335/372] Building C object modules/ec/zephyr/CMakeFiles/ec_shim.dir/shim/src/watchdog.c.obj
[jubilant:rw] [24/381] Building C object CMakeFiles/app.dir/mnt/host/source/src/platform/ec/zephyr/subsys/ap_pwrseq/ap_reset_log.c.obj
[felino:ro] [336/372] Building C object modules/ec/zephyr/CMakeFiles/ec_shim.dir/shim/src/usba.c.obj
[felino:ro] [337/372] Building C object modules/ec/zephyr/CMakeFiles/ec_shim.dir/shim/src/power_host_sleep_api.c.obj
[krabby:rw] [177/380] Building C object modules/ec/zephyr/CMakeFiles/ec_shim.dir/shim/chip/it8xxx2/clock.c.obj
[felino:ro] [338/372] Building C object zephyr/kernel/CMakeFiles/kernel.dir/main_weak.c.obj
[felino:ro] [339/372] Building C object zephyr/kernel/CMakeFiles/kernel.dir/banner.c.obj
[felino:ro] [340/372] Building C object zephyr/kernel/CMakeFiles/kernel.dir/busy_wait.c.obj
[felino:ro] [341/372] Building C object modules/ec/zephyr/CMakeFiles/ec_shim.dir/shim/src/sha256_hw.c.obj
[krabby:rw] [178/380] Building C object modules/ec/zephyr/CMakeFiles/ec_shim.dir/shim/chip/it8xxx2/system.c.obj
[krabby:rw] [179/380] Building C object modules/ec/zephyr/CMakeFiles/ec_shim.dir/drivers/cros_system/cros_system_it8xxx2.c.obj
[uldrenite-ish:singleimage] [40/273] Building C object CMakeFiles/app.dir/mnt/host/source/src/platform/ec/build/zephyr/uldrenite-ish/modules/ec/common/system.c.obj
[felino:ro] [342/372] Linking C static library modules/ec/zephyr/libec_shim.a
[krabby:rw] [180/380] Building C object modules/ec/zephyr/CMakeFiles/ec_shim.dir/shim/chip/it8xxx2/keyboard_raw.c.obj
[krabby:rw] [181/380] Building C object modules/ec/zephyr/CMakeFiles/ec_shim.dir/shim/src/crc.c.obj
[felino:ro] [343/372] Building C object zephyr/kernel/CMakeFiles/kernel.dir/device.c.obj
[felino:ro] [344/372] Building C object zephyr/kernel/CMakeFiles/kernel.dir/errno.c.obj
[krabby:rw] [182/380] Building C object modules/ec/zephyr/CMakeFiles/ec_shim.dir/shim/chip/it8xxx2/power_policy.c.obj
[felino:ro] [345/372] Building C object zephyr/kernel/CMakeFiles/kernel.dir/version.c.obj
[felino:ro] [346/372] Building C object zephyr/kernel/CMakeFiles/kernel.dir/fatal.c.obj
[krabby:rw] [183/380] Building C object modules/ec/zephyr/CMakeFiles/ec_shim.dir/shim/chip/it8xxx2/shi.c.obj
[krabby:rw] [184/380] Building C object modules/ec/zephyr/CMakeFiles/ec_shim.dir/shim/chip/it8xxx2/gpio.c.obj
[felino:ro] [347/372] Building C object zephyr/kernel/CMakeFiles/kernel.dir/kheap.c.obj
[felino:ro] [348/372] Building C object zephyr/kernel/CMakeFiles/kernel.dir/mem_slab.c.obj
[uldrenite-ish:singleimage] [41/273] Building C object CMakeFiles/app.dir/mnt/host/source/src/platform/ec/build/zephyr/uldrenite-ish/modules/ec/common/system_boot_time.c.obj
[felino:ro] [349/372] Building C object zephyr/kernel/CMakeFiles/kernel.dir/init.c.obj
[felino:ro] [350/372] Building C object zephyr/kernel/CMakeFiles/kernel.dir/float.c.obj
[jubilant:rw] [25/381] Building C object CMakeFiles/app.dir/mnt/host/source/src/platform/ec/zephyr/subsys/pd_controller/pdc_pmc_debug.c.obj
[krabby:rw] [185/380] Building C object modules/ec/zephyr/CMakeFiles/ec_shim.dir/shim/src/console.c.obj
[krabby:rw] [186/380] Building C object modules/ec/zephyr/CMakeFiles/ec_shim.dir/shim/src/gpio_int.c.obj
[krabby:rw] [187/380] Building C object modules/ec/zephyr/CMakeFiles/ec_shim.dir/shim/src/gpio.c.obj
[felino:ro] [351/372] Building C object zephyr/kernel/CMakeFiles/kernel.dir/idle.c.obj
[uldrenite-ish:singleimage] [42/273] Building C object CMakeFiles/app.dir/mnt/host/source/src/platform/ec/build/zephyr/uldrenite-ish/modules/ec/common/uart_printf.c.obj
[krabby:rw] [188/380] Building C object modules/ec/zephyr/CMakeFiles/ec_shim.dir/shim/src/panic_utils.c.obj
[felino:ro] [352/372] Building C object zephyr/kernel/CMakeFiles/kernel.dir/mailbox.c.obj
[krabby:rw] [189/380] Building C object modules/ec/zephyr/CMakeFiles/ec_shim.dir/shim/src/cbi/cros_cbi.c.obj
[felino:ro] [353/372] Building C object zephyr/kernel/CMakeFiles/kernel.dir/msg_q.c.obj
[krabby:rw] [190/380] Building C object modules/ec/zephyr/CMakeFiles/ec_shim.dir/shim/src/pm_state.c.obj
[felino:ro] [354/372] Building C object zephyr/kernel/CMakeFiles/kernel.dir/sem.c.obj
[felino:ro] [355/372] Building C object zephyr/kernel/CMakeFiles/kernel.dir/stack.c.obj
[felino:ro] [356/372] Building C object zephyr/kernel/CMakeFiles/kernel.dir/queue.c.obj
[felino:ro] [357/372] Building C object zephyr/kernel/CMakeFiles/kernel.dir/mutex.c.obj
[uldrenite-ish:singleimage] [43/273] Building C object CMakeFiles/app.dir/mnt/host/source/src/platform/ec/build/zephyr/uldrenite-ish/modules/ec/common/util.c.obj
[jubilant:rw] [26/381] Building C object CMakeFiles/app.dir/mnt/host/source/src/platform/ec/zephyr/subsys/pd_controller/retimer_fw_update.c.obj
[felino:ro] [358/372] Building C object zephyr/kernel/CMakeFiles/kernel.dir/system_work_q.c.obj
[krabby:rw] [191/380] Building C object modules/ec/zephyr/CMakeFiles/ec_shim.dir/shim/src/cbi/cbi_eeprom.c.obj
[krabby:rw] [192/380] Building C object modules/ec/zephyr/CMakeFiles/ec_shim.dir/shim/src/led_driver/led_pwm.c.obj
[krabby:rw] [193/380] Building C object modules/ec/zephyr/CMakeFiles/ec_shim.dir/shim/src/led_driver/led.c.obj
[krabby:rw] [194/380] Building C object modules/ec/zephyr/CMakeFiles/ec_shim.dir/shim/src/system.c.obj
[krabby:rw] [195/380] Building C object modules/ec/zephyr/CMakeFiles/ec_shim.dir/shim/src/adc.c.obj
[felino:ro] [359/372] Building C object zephyr/kernel/CMakeFiles/kernel.dir/pipe.c.obj
[felino:ro] [360/372] Building C object zephyr/kernel/CMakeFiles/kernel.dir/condvar.c.obj
[krabby:rw] [196/380] Building C object modules/ec/zephyr/CMakeFiles/ec_shim.dir/shim/src/battery.c.obj
[felino:ro] [361/372] Building C object zephyr/kernel/CMakeFiles/kernel.dir/spinlock_validate.c.obj
[felino:ro] [362/372] Building C object zephyr/kernel/CMakeFiles/kernel.dir/work.c.obj
[felino:ro] [363/372] Building C object zephyr/kernel/CMakeFiles/kernel.dir/thread.c.obj
[uldrenite-ish:singleimage] [44/273] Building C object CMakeFiles/app.dir/mnt/host/source/src/platform/ec/build/zephyr/uldrenite-ish/modules/ec/common/version.c.obj
[felino:ro] [364/372] Building C object zephyr/kernel/CMakeFiles/kernel.dir/thread_monitor.c.obj
[felino:ro] [365/372] Building C object zephyr/kernel/CMakeFiles/kernel.dir/sched.c.obj
[krabby:rw] [197/380] Building C object modules/ec/zephyr/CMakeFiles/ec_shim.dir/shim/src/charger.c.obj
[krabby:rw] [198/380] Building C object modules/ec/zephyr/CMakeFiles/ec_shim.dir/shim/src/bc12_rt9490.c.obj
[krabby:rw] [199/380] Building C object modules/ec/zephyr/CMakeFiles/ec_shim.dir/shim/src/chg_rt9490.c.obj
[felino:ro] [366/372] Building C object zephyr/kernel/CMakeFiles/kernel.dir/timeout.c.obj
[krabby:rw] [200/380] Building C object modules/ec/zephyr/CMakeFiles/ec_shim.dir/shim/src/host_command.c.obj
[krabby:rw] [201/380] Building C object modules/ec/zephyr/CMakeFiles/ec_shim.dir/shim/src/hooks.c.obj
[felino:ro] [367/372] Building C object zephyr/kernel/CMakeFiles/kernel.dir/timer.c.obj
Running (initial) lcov on /mnt/host/source/src/platform/ec/build/zephyr/bloonchipper.
[felino:ro] [368/372] Building C object zephyr/kernel/CMakeFiles/kernel.dir/events.c.obj
[felino:ro] [369/372] Building C object zephyr/kernel/CMakeFiles/kernel.dir/mempool.c.obj
[jubilant:ro] Building: /usr/bin/ninja -C /mnt/host/source/src/platform/ec/build/zephyr/jubilant/build-ro all.libraries
Running `env -i SHELL=/bin/bash COLORTERM=truecolor DEPOT_TOOLS_UPDATE=0 LESS='-R -M --shift 5' SUDO_GID=0 JDK_HOME=/etc/java-config-2/current-system-vm CONFIG_PROTECT_MASK='/etc/gentoo-release /etc/sandbox.d /etc/fonts/fonts.conf /etc/terminfo /etc/ca-certificates.conf /etc/revdep-rebuild' CHROMEOS_CACHEDIR=/var/cache/chromeos-cache JAVA_HOME=/etc/java-config-2/current-system-vm SSH_AUTH_SOCK=/tmp/ssh-auth-sock SUDO_COMMAND=/bin/bash SUDO_USER=root SUDO_TTY=/dev/pts/2 EDITOR=/usr/bin/vi PWD=/mnt/host/source/src/platform/ec CONFIG_PROTECT=/usr/share/gnupg/qualified.txt LOGNAME=jpmurphy MANPATH=/etc/java-config-2/current-system-vm/man:/usr/local/share/man:/usr/share/man:/usr/share/gcc-data/x86_64-pc-linux-gnu/10.2.0/man:/usr/share/binutils-data/x86_64-pc-linux-gnu/2.45/man:/etc/java-config-2/current-system-vm/man/ SUDO_HOME=/root XAUTHORITY=/run/user/944457/gdm/Xauthority HOME=/home/jpmurphy LANG=C.UTF-8 LS_COLORS='rs=0:di=01;34:ln=01;36:mh=00:pi=40;33:so=01;35:do=01;35:bd=40;33;01:cd=40;33;01:or=01;05;37;41:mi=01;05;37;41:su=37;41:sg=30;43:ca=30;41:tw=30;42:ow=34;42:st=37;44:ex=01;32:*.tar=01;31:*.tgz=01;31:*.arc=01;31:*.arj=01;31:*.taz=01;31:*.lha=01;31:*.lz4=01;31:*.lzh=01;31:*.lzma=01;31:*.tlz=01;31:*.txz=01;31:*.tzo=01;31:*.t7z=01;31:*.zip=01;31:*.z=01;31:*.dz=01;31:*.gz=01;31:*.lrz=01;31:*.lz=01;31:*.lzo=01;31:*.xz=01;31:*.zst=01;31:*.tzst=01;31:*.bz2=01;31:*.bz=01;31:*.tbz=01;31:*.tbz2=01;31:*.tz=01;31:*.deb=01;31:*.rpm=01;31:*.jar=01;31:*.war=01;31:*.ear=01;31:*.sar=01;31:*.rar=01;31:*.alz=01;31:*.ace=01;31:*.zoo=01;31:*.cpio=01;31:*.7z=01;31:*.rz=01;31:*.cab=01;31:*.wim=01;31:*.swm=01;31:*.dwm=01;31:*.esd=01;31:*.jpg=01;35:*.jpeg=01;35:*.mjpg=01;35:*.mjpeg=01;35:*.gif=01;35:*.bmp=01;35:*.pbm=01;35:*.pgm=01;35:*.ppm=01;35:*.tga=01;35:*.xbm=01;35:*.xpm=01;35:*.tif=01;35:*.tiff=01;35:*.png=01;35:*.svg=01;35:*.svgz=01;35:*.mng=01;35:*.pcx=01;35:*.mov=01;35:*.mpg=01;35:*.mpeg=01;35:*.m2v=01;35:*.mkv=01;35:*.webm=01;35:*.webp=01;35:*.ogm=01;35:*.mp4=01;35:*.m4v=01;35:*.mp4v=01;35:*.vob=01;35:*.qt=01;35:*.nuv=01;35:*.wmv=01;35:*.asf=01;35:*.rm=01;35:*.rmvb=01;35:*.flc=01;35:*.avi=01;35:*.fli=01;35:*.flv=01;35:*.gl=01;35:*.dl=01;35:*.xcf=01;35:*.xwd=01;35:*.yuv=01;35:*.cgm=01;35:*.emf=01;35:*.ogv=01;35:*.ogx=01;35:*.cfg=00;32:*.conf=00;32:*.diff=00;32:*.doc=00;32:*.ini=00;32:*.log=00;32:*.patch=00;32:*.pdf=00;32:*.ps=00;32:*.tex=00;32:*.txt=00;32:*.aac=00;36:*.au=00;36:*.flac=00;36:*.m4a=00;36:*.mid=00;36:*.midi=00;36:*.mka=00;36:*.mp3=00;36:*.mpc=00;36:*.ogg=00;36:*.ra=00;36:*.wav=00;36:*.oga=00;36:*.opus=00;36:*.spx=00;36:*.xspf=00;36:' XDG_CURRENT_DESKTOP=GNOME INFOPATH=/usr/share/info:/usr/share/gcc-data/x86_64-pc-linux-gnu/10.2.0/info:/usr/share/binutils-data/x86_64-pc-linux-gnu/2.45/info:/usr/share/automake-1.16.5/info JAVAC=/etc/java-config-2/current-system-vm/bin/javac TERM=xterm-256color LESSOPEN='|lesspipe %s' USER=jpmurphy CROS_WORKON_SRCROOT=/mnt/host/source MANPAGER=manpager DISPLAY=:1 SHLVL=1 LC_MESSAGES=C EXTERNAL_TRUNK_PATH=/mnt/8f9d649a-3721-44cc-93c0-e6bd21a9689f/chromiumos GCC_SPECS='' PATH=/mnt/host/source/chromite/bin:/usr/local/bin:/usr/bin:/bin:/opt/bin:/mnt/host/source/chromite/sdk/bin:/mnt/host/source/chromite/bin PORTAGE_USERNAME=jpmurphy SUDO_UID=0 GCC_VER=10.2.0 MAIL=/var/mail/jpmurphy OLDPWD=/mnt/host/source/src/scripts traceparent=00-e87aca51550a78635907baa6a2476181-6d684811675d2973-01 _=./zephyr/firmware_builder.py COREBOOT_SDK_ROOT_x86=/home/jpmurphy/.cache/coreboot-sdk/i386-elf/dfbb0486385d938cfa9d73080b9d18d598ed4f49 COREBOOT_SDK_ROOT_picolibc_x86=/home/jpmurphy/.cache/coreboot-sdk/picolibc-i386-elf/eb8e8e687b95461de8cbf278f1c2076952d0ad17 COREBOOT_SDK_ROOT_riscv64=/home/jpmurphy/.cache/coreboot-sdk/riscv64-elf/96b949749225b6aaa92ed810ab769e8dfb12f000 COREBOOT_SDK_ROOT_picolibc_arm=/home/jpmurphy/.cache/coreboot-sdk/picolibc-arm-eabi/422a2aa3e1ef891b5bece9a3deb696ff83840d2e COREBOOT_SDK_ROOT_nds32=/home/jpmurphy/.cache/coreboot-sdk/nds32le-elf/d1a518c4a097666d86058e1444f85ca015d15511 COREBOOT_SDK_ROOT_picolibc_riscv64=/home/jpmurphy/.cache/coreboot-sdk/picolibc-riscv64-elf/f571e990ef0278564b31124f8bb109d9a697eb69 COREBOOT_SDK_ROOT_arm=/home/jpmurphy/.cache/coreboot-sdk/arm-eabi/ea40ddd1d190c3b48435c474c0b545719371813a COREBOOT_SDK_ROOT_libstdcxx_riscv64=/home/jpmurphy/.cache/coreboot-sdk/libstdcxx-riscv64-elf/17abf22a3a252e2d5d2062ced5324f7a623689e0 COREBOOT_SDK_ROOT_libstdcxx_arm=/home/jpmurphy/.cache/coreboot-sdk/libstdcxx-arm-eabi/5d7d82e150e44aa1968f1d366e267e6687b328ac COREBOOT_SDK_ROOT_riscv=/home/jpmurphy/.cache/coreboot-sdk/riscv-elf/9a27b9e82341c6e9126624f516ab3f261abb3e73 COREBOOT_SDK_ROOT_libstdcxx_x86=/home/jpmurphy/.cache/coreboot-sdk/libstdcxx-i386-elf/42ef9d2e87a76a37963175d7d428734e65648b87 PYTHONPATH=/mnt/host/source/src/platform/ec/zephyr/zmake PW_PIGWEED_CIPD_INSTALL_DIR=/usr CROSTC_USER_ACKNOWLEDGES_THAT_RISCV_IS_EXPERIMENTAL=1 MAKEFLAGS=' -j16 --jobserver-auth=5,6' /usr/bin/ninja -C /mnt/host/source/src/platform/ec/build/zephyr/jubilant/build-ro all.libraries`
[felino:ro] [370/372] Building C object zephyr/kernel/CMakeFiles/kernel.dir/poll.c.obj
[jubilant:ro] ninja: Entering directory `/mnt/host/source/src/platform/ec/build/zephyr/jubilant/build-ro'
[krabby:rw] [202/380] Building C object modules/ec/zephyr/CMakeFiles/ec_shim.dir/shim/src/flash.c.obj
[felino:ro] [371/372] Building C object zephyr/kernel/CMakeFiles/kernel.dir/dynamic_disabled.c.obj
[uldrenite-ish:singleimage] [45/273] Building C object CMakeFiles/app.dir/mnt/host/source/src/platform/ec/build/zephyr/uldrenite-ish/modules/ec/driver/accel_bma4xx.c.obj
[felino:ro] [372/372] Linking C static library zephyr/kernel/libkernel.a
[krabby:rw] [203/380] Building C object modules/ec/zephyr/CMakeFiles/ec_shim.dir/shim/src/keyscan.c.obj
[krabby:rw] [204/380] Building C object modules/ec/zephyr/CMakeFiles/ec_shim.dir/shim/src/keyboard_raw.c.obj
[krabby:rw] [205/380] Building C object modules/ec/zephyr/CMakeFiles/ec_shim.dir/shim/src/console_buffer.c.obj
Running `env -i PYTHONPATH=/usr/lib64/python-exec/python3.11:/mnt/host/source/src/platform/ec/zephyr/zmake:/usr/lib/python311.zip:/usr/lib/python3.11:/usr/lib/python3.11/lib-dynload:/usr/lib/python3.11/site-packages PW_PIGWEED_CIPD_INSTALL_DIR=/usr CROSTC_USER_ACKNOWLEDGES_THAT_RISCV_IS_EXPERIMENTAL=1 PATH=/mnt/host/source/chromite/bin:/usr/local/bin:/usr/bin:/bin:/opt/bin:/mnt/host/source/chromite/sdk/bin:/mnt/host/source/chromite/bin HOME=/home/jpmurphy JAVA_HOME=/etc/java-config-2/current-system-vm JDK_HOME=/etc/java-config-2/current-system-vm JAVAC=/etc/java-config-2/current-system-vm/bin/javac MAKEFLAGS=' -j16 --jobserver-auth=5,6' /usr/bin/lcov --gcov-tool /mnt/host/source/src/platform/ec/build/zephyr/bloonchipper/build-rw/gcov.sh -q -o - -c -d /mnt/host/source/src/platform/ec/build/zephyr/bloonchipper -t bloonchipper --rc branch_coverage=1 --filter range --ignore-errors inconsistent,source --ignore-errors gcov,gcov -i`
[jubilant:ro] [1/381] Generating include/generated/zephyr/version.h
[jubilant:ro] -- git describe warned: warning: tag 'upstream/v2.7.99' is externally known as 'v2.7.99'
[jubilant:ro] -- Zephyr version: 4.3.99 (/mnt/host/source/src/third_party/zephyr/main)
[jubilant:ro] [2/381] Preparing syscall dependency handling
[uldrenite-ish:singleimage] [46/273] Building C object CMakeFiles/app.dir/mnt/host/source/src/platform/ec/build/zephyr/uldrenite-ish/modules/ec/driver/accelgyro_lsm6dsm.c.obj
[uldrenite-ish:singleimage] [47/273] Building C object CMakeFiles/app.dir/mnt/host/source/src/platform/ec/build/zephyr/uldrenite-ish/modules/ec/driver/accel_lis2dw12.c.obj
[krabby:rw] [206/380] Building C object modules/ec/zephyr/CMakeFiles/ec_shim.dir/shim/src/mkbp_event.c.obj
[jubilant:ro] [3/381] Generating misc/generated/syscalls_subdirs.trigger
[uldrenite-ish:singleimage] [48/273] Building C object CMakeFiles/app.dir/mnt/host/source/src/platform/ec/build/zephyr/uldrenite-ish/modules/ec/common/motion_sense_fifo.c.obj
[uldrenite-ish:singleimage] [49/273] Building C object CMakeFiles/app.dir/mnt/host/source/src/platform/ec/build/zephyr/uldrenite-ish/modules/ec/common/cbi_common.c.obj
[krabby:rw] [207/380] Building C object modules/ec/zephyr/CMakeFiles/ec_shim.dir/shim/src/panic.c.obj
[krabby:rw] [208/380] Building C object modules/ec/zephyr/CMakeFiles/ec_shim.dir/shim/src/motionsense_sensors.c.obj
[krabby:rw] [209/380] Building C object modules/ec/zephyr/CMakeFiles/ec_shim.dir/shim/src/hwtimer.c.obj
[krabby:rw] [210/380] Building C object modules/ec/zephyr/CMakeFiles/ec_shim.dir/shim/src/power.c.obj
[jubilant:rw] [27/381] Building C object CMakeFiles/app.dir/mnt/host/source/src/platform/ec/zephyr/subsys/pd_controller/pdc_power_mgmt.c.obj
[jubilant:rw] [28/381] Building C object CMakeFiles/app.dir/mnt/host/source/src/platform/ec/zephyr/subsys/pd_controller/pdc_host_cmd.c.obj
[jubilant:rw] [29/381] Building C object CMakeFiles/app.dir/mnt/host/source/src/platform/ec/zephyr/subsys/pd_controller/pdc_console.c.obj
[krabby:rw] [211/380] Building C object modules/ec/zephyr/CMakeFiles/ec_shim.dir/shim/src/i2c.c.obj
[uldrenite-ish:singleimage] [50/273] Building C object CMakeFiles/app.dir/mnt/host/source/src/platform/ec/build/zephyr/uldrenite-ish/modules/ec/common/cbi_gpio.c.obj
[uldrenite-ish:singleimage] [51/273] Building C object CMakeFiles/app.dir/mnt/host/source/src/platform/ec/build/zephyr/uldrenite-ish/modules/ec/common/memory_commands.c.obj
[uldrenite-ish:singleimage] [52/273] Building C object CMakeFiles/app.dir/mnt/host/source/src/platform/ec/build/zephyr/uldrenite-ish/modules/ec/common/ap_reset_log.c.obj
[/mnt/host/source/src/platform/ec/build/zephyr/navi-lcov]   /mnt/host/source/src/platform/ec/build/zephyr/navi/build-ro/CMakeFiles/app.dir/mnt/host/source/src/platform/ec/build/zephyr/navi/modules/ec/common/chargen.c.gcno:no functions found
[/mnt/host/source/src/platform/ec/build/zephyr/navi-lcov] stderr:
[uldrenite-ish:singleimage] [53/273] Building C object CMakeFiles/app.dir/mnt/host/source/src/platform/ec/build/zephyr/uldrenite-ish/modules/ec/common/host_command.c.obj
[jubilant:ro] [4/381] Generating misc/generated/syscalls.json, misc/generated/struct_tags.json
[krabby:rw] [212/380] Building C object modules/ec/zephyr/CMakeFiles/ec_shim.dir/shim/src/bc12.c.obj
[krabby:rw] [213/380] Building C object modules/ec/zephyr/CMakeFiles/ec_shim.dir/shim/src/watchdog.c.obj
[jubilant:ro] [5/381] Generating include/generated/zephyr/syscall_dispatch.c, include/generated/zephyr/syscall_exports_llext.c, syscall_weakdefs_llext.c, include/generated/zephyr/syscall_list.h
[krabby:rw] [214/380] Building C object modules/ec/zephyr/CMakeFiles/ec_shim.dir/shim/src/tasks.c.obj
[krabby:rw] [215/380] cd /mnt/host/source/src/platform/ec/build/zephyr/krabby/build-rw/modules/ec/zephyr && PYTHONPATH=/mnt/host/source/src/platform/ec/build/zephyr/krabby/modules/ec/zephyr/zmake/ /usr/bin/python3.11 /mnt/host/source/src/platform/ec/build/zephyr/krabby/modules/ec/zephyr/zmake/zephyr_build_tools/generate_ec_version.py /mnt/host/source/src/platform/ec/build/zephyr/krabby/build-rw/modules/ec/zephyr/include/ec_version.h --name Zephyr-Kernel --version 16543.0.0 --static
[krabby:rw] INFO:root:Using a static version string
[krabby:rw] INFO:root:Version string: Zephyr-Kernel-16543.0.0
[krabby:rw] INFO:root:Writing header to /mnt/host/source/src/platform/ec/build/zephyr/krabby/build-rw/modules/ec/zephyr/include/ec_version.h
[krabby:rw] [216/380] Building C object modules/ec/zephyr/CMakeFiles/ec_shim.dir/shim/src/usba.c.obj
[krabby:rw] [217/380] Building C object modules/ec/zephyr/CMakeFiles/ec_shim.dir/shim/src/ppc.c.obj
[jubilant:ro] [6/381] Generating include/generated/zephyr/driver-validation.h
[jubilant:rw] [30/381] Building C object CMakeFiles/app.dir/mnt/host/source/src/platform/ec/zephyr/subsys/pd_controller/pdc_stub.c.obj
[uldrenite-ish:singleimage] [54/273] Building C object CMakeFiles/app.dir/mnt/host/source/src/platform/ec/build/zephyr/uldrenite-ish/modules/ec/common/uart_hostcmd.c.obj
[uldrenite-ish:singleimage] [55/273] Building C object CMakeFiles/app.dir/mnt/host/source/src/platform/ec/build/zephyr/uldrenite-ish/modules/ec/common/host_command_task.c.obj
[uldrenite-ish:singleimage] [56/273] Building C object CMakeFiles/app.dir/mnt/host/source/src/platform/ec/build/zephyr/uldrenite-ish/modules/ec/common/host_event_commands.c.obj
[uldrenite-ish:singleimage] [57/273] Building C object CMakeFiles/app.dir/mnt/host/source/src/platform/ec/build/zephyr/uldrenite-ish/modules/ec/common/uptime.c.obj
[jubilant:ro] [7/381] Generating include/generated/zephyr/kobj-types-enum.h, include/generated/zephyr/otype-to-str.h, include/generated/zephyr/otype-to-size.h
[krabby:rw] [218/380] Building C object modules/ec/zephyr/CMakeFiles/ec_shim.dir/shim/src/usb_muxes.c.obj
[jubilant:rw] [31/381] Building C object CMakeFiles/app.dir/mnt/host/source/src/platform/ec/zephyr/subsys/ucsi/ppm_common.c.obj
[jubilant:ro] [8/381] Generating include/generated/device-api-sections.ld, include/generated/device-api-sections.cmake
[jubilant:rw] [32/381] Building C object CMakeFiles/app.dir/mnt/host/source/src/platform/ec/zephyr/subsys/pd_controller/pdc_dpm.c.obj
[krabby:rw] [219/380] Building C object zephyr/kernel/CMakeFiles/kernel.dir/banner.c.obj
[krabby:rw] [220/380] Building C object zephyr/kernel/CMakeFiles/kernel.dir/main_weak.c.obj
[krabby:rw] [221/380] Building C object CMakeFiles/app.dir/mnt/host/source/src/platform/ec/zephyr/subsys/ap_pwrseq/ap_events.c.obj
[krabby:rw] [222/380] Building C object CMakeFiles/app.dir/mnt/host/source/src/platform/ec/build/zephyr/krabby/modules/ec/builtin/stdlib.c.obj
[krabby:rw] [223/380] Building C object CMakeFiles/app.dir/mnt/host/source/src/platform/ec/build/zephyr/krabby/modules/ec/common/base32.c.obj
[uldrenite-ish:singleimage] [58/273] Building C object CMakeFiles/app.dir/mnt/host/source/src/platform/ec/build/zephyr/uldrenite-ish/modules/ec/common/i2c_passthru.c.obj
[uldrenite-ish:singleimage] [59/273] Building C object CMakeFiles/app.dir/mnt/host/source/src/platform/ec/build/zephyr/uldrenite-ish/modules/ec/common/motion_lid.c.obj
[uldrenite-ish:singleimage] [60/273] Building C object CMakeFiles/app.dir/mnt/host/source/src/platform/ec/build/zephyr/uldrenite-ish/modules/ec/common/lid_angle.c.obj
[uldrenite-ish:singleimage] [61/273] Building C object CMakeFiles/app.dir/mnt/host/source/src/platform/ec/build/zephyr/uldrenite-ish/modules/ec/common/i2c_controller.c.obj
[jubilant:ro] [9/381] Building C object zephyr/CMakeFiles/offsets.dir/arch/riscv/core/offsets/offsets.c.obj
[jubilant:rw] [33/381] Building C object CMakeFiles/app.dir/mnt/host/source/src/platform/ec/zephyr/subsys/ucsi/ppm_console.c.obj
[krabby:rw] [224/380] Building C object CMakeFiles/app.dir/mnt/host/source/src/platform/ec/build/zephyr/krabby/modules/ec/common/console_output.c.obj
[jubilant:rw] [34/381] Building C object CMakeFiles/app.dir/mnt/host/source/src/platform/ec/zephyr/subsys/ucsi/ucsi_host_cmd.c.obj
[jubilant:ro] [10/381] Generating include/generated/zephyr/offsets.h
[krabby:rw] [225/380] Building C object CMakeFiles/app.dir/mnt/host/source/src/platform/ec/build/zephyr/krabby/modules/ec/common/gpio_commands.c.obj
[jubilant:rw] [35/381] Building C object CMakeFiles/app.dir/mnt/host/source/src/platform/ec/zephyr/subsys/ucsi/ppm_driver.c.obj
[krabby:rw] [226/380] Building C object CMakeFiles/app.dir/mnt/host/source/src/platform/ec/build/zephyr/krabby/modules/ec/common/ec_features.c.obj
[krabby:rw] [227/380] Building C object CMakeFiles/app.dir/mnt/host/source/src/platform/ec/build/zephyr/krabby/modules/ec/common/peripheral.c.obj
[uldrenite-ish:singleimage] [62/273] Building C object CMakeFiles/app.dir/mnt/host/source/src/platform/ec/build/zephyr/uldrenite-ish/modules/ec/common/mkbp_event.c.obj
[krabby:rw] [228/380] Building C object CMakeFiles/app.dir/mnt/host/source/src/platform/ec/build/zephyr/krabby/modules/ec/common/printf.c.obj
[krabby:rw] [229/380] Building C object CMakeFiles/app.dir/mnt/host/source/src/platform/ec/build/zephyr/krabby/modules/ec/common/queue.c.obj
[uldrenite-ish:singleimage] [63/273] Building C object CMakeFiles/app.dir/mnt/host/source/src/platform/ec/build/zephyr/uldrenite-ish/modules/ec/common/panic_output.c.obj
[uldrenite-ish:singleimage] [64/273] Building C object CMakeFiles/app.dir/mnt/host/source/src/platform/ec/build/zephyr/uldrenite-ish/modules/ec/common/mkbp_fifo.c.obj
[uldrenite-ish:singleimage] [65/273] Building C object CMakeFiles/app.dir/mnt/host/source/src/platform/ec/build/zephyr/uldrenite-ish/modules/ec/common/motion_sense.c.obj
[jubilant:ro] [11/381] Building C object zephyr/CMakeFiles/zephyr.dir/lib/libc/validate_libc.c.obj
[jubilant:rw] [36/381] Building C object CMakeFiles/app.dir/mnt/host/source/src/platform/ec/build/zephyr/jubilant/modules/ec/builtin/stdlib.c.obj
[jubilant:rw] [37/381] Building C object CMakeFiles/app.dir/mnt/host/source/src/platform/ec/build/zephyr/jubilant/modules/ec/common/base32.c.obj
[uldrenite-ish:singleimage] [66/273] Building C object CMakeFiles/app.dir/mnt/host/source/src/platform/ec/build/zephyr/uldrenite-ish/modules/ec/common/sha256.c.obj
[krabby:rw] [230/380] Building C object CMakeFiles/app.dir/mnt/host/source/src/platform/ec/build/zephyr/krabby/modules/ec/common/util.c.obj
[krabby:rw] [231/380] Building C object CMakeFiles/app.dir/mnt/host/source/src/platform/ec/build/zephyr/krabby/modules/ec/common/system.c.obj
[krabby:rw] [232/380] Building C object CMakeFiles/app.dir/mnt/host/source/src/platform/ec/build/zephyr/krabby/modules/ec/common/uart_printf.c.obj
[krabby:rw] [233/380] Building C object CMakeFiles/app.dir/mnt/host/source/src/platform/ec/build/zephyr/krabby/modules/ec/common/system_boot_time.c.obj
[jubilant:rw] [38/381] Building C object CMakeFiles/app.dir/mnt/host/source/src/platform/ec/build/zephyr/jubilant/modules/ec/common/console_output.c.obj
[krabby:rw] [234/380] Building C object CMakeFiles/app.dir/mnt/host/source/src/platform/ec/build/zephyr/krabby/modules/ec/common/version.c.obj
[uldrenite-ish:singleimage] [67/273] Building C object CMakeFiles/app.dir/mnt/host/source/src/platform/ec/build/zephyr/uldrenite-ish/modules/ec/common/shared_mem.c.obj
[uldrenite-ish:singleimage] [68/273] Building C object CMakeFiles/app.dir/mnt/host/source/src/platform/ec/build/zephyr/uldrenite-ish/modules/ec/driver/stm_mems_common.c.obj
[uldrenite-ish:singleimage] [69/273] Building C object CMakeFiles/app.dir/mnt/host/source/src/platform/ec/build/zephyr/uldrenite-ish/modules/ec/common/tablet_mode.c.obj
[/mnt/host/source/src/platform/ec/build/zephyr/navi-lcov]   /mnt/host/source/src/platform/ec/build/zephyr/navi/build-ro/CMakeFiles/app.dir/mnt/host/source/src/platform/ec/build/zephyr/navi/modules/ec/common/cbi_config.c.gcno:no functions found
[/mnt/host/source/src/platform/ec/build/zephyr/navi-lcov] stderr:
[krabby:rw] [235/380] Building C object CMakeFiles/app.dir/mnt/host/source/src/platform/ec/build/zephyr/krabby/modules/ec/driver/accel_lis2dw12.c.obj
[jubilant:ro] [12/381] Building C object zephyr/CMakeFiles/zephyr.dir/lib/heap/heap.c.obj
[uldrenite-ish:singleimage] [70/273] Building C object CMakeFiles/app.dir/mnt/host/source/src/platform/ec/build/zephyr/uldrenite-ish/modules/ec/common/timer.c.obj
[jubilant:rw] [39/381] Building C object CMakeFiles/app.dir/mnt/host/source/src/platform/ec/build/zephyr/jubilant/modules/ec/common/ec_features.c.obj
[jubilant:rw] [40/381] Building C object CMakeFiles/app.dir/mnt/host/source/src/platform/ec/build/zephyr/jubilant/modules/ec/common/gpio_commands.c.obj
[krabby:rw] [236/380] Building C object CMakeFiles/app.dir/mnt/host/source/src/platform/ec/build/zephyr/krabby/modules/ec/driver/accelgyro_icm_common.c.obj
[uldrenite-ish:singleimage] [71/273] Building C object CMakeFiles/app.dir/mnt/host/source/src/platform/ec/build/zephyr/uldrenite-ish/modules/ec/common/math_util.c.obj
[uldrenite-ish:singleimage] [72/273] Building C object CMakeFiles/app.dir/mnt/host/source/src/platform/ec/build/zephyr/uldrenite-ish/modules/ec/common/vstore.c.obj
[krabby:rw] [237/380] Building C object CMakeFiles/app.dir/mnt/host/source/src/platform/ec/build/zephyr/krabby/modules/ec/common/motion_sense_fifo.c.obj
[krabby:rw] [238/380] Building C object CMakeFiles/app.dir/mnt/host/source/src/platform/ec/build/zephyr/krabby/modules/ec/common/adc.c.obj
[uldrenite-ish:singleimage] [73/273] Building C object CMakeFiles/app.dir/uldrenite-ish/src/sensor.c.obj
[krabby:rw] [239/380] Building C object CMakeFiles/app.dir/mnt/host/source/src/platform/ec/build/zephyr/krabby/modules/ec/driver/accelgyro_icm42607.c.obj
[krabby:rw] [240/380] Building C object CMakeFiles/app.dir/mnt/host/source/src/platform/ec/build/zephyr/krabby/modules/ec/common/battery.c.obj
[uldrenite-ish:singleimage] [74/273] Building C object zephyr/CMakeFiles/zephyr.dir/lib/cpp/abi/cpp_dtors.c.obj
[jubilant:rw] [41/381] Building C object CMakeFiles/app.dir/mnt/host/source/src/platform/ec/build/zephyr/jubilant/modules/ec/common/peripheral.c.obj
[uldrenite-ish:singleimage] [75/273] Building C object zephyr/CMakeFiles/zephyr.dir/lib/libc/validate_libc.c.obj
[krabby:rw] [241/380] Building C object CMakeFiles/app.dir/mnt/host/source/src/platform/ec/build/zephyr/krabby/modules/ec/common/battery_info.c.obj
[jubilant:ro] [13/381] Building C object zephyr/CMakeFiles/zephyr.dir/lib/os/cbprintf_packaged.c.obj
[uldrenite-ish:singleimage] [76/273] Building C object zephyr/CMakeFiles/zephyr.dir/lib/heap/heap.c.obj
[uldrenite-ish:singleimage] [77/273] Building C object zephyr/CMakeFiles/zephyr.dir/lib/os/cbprintf_packaged.c.obj
[uldrenite-ish:singleimage] [78/273] Building C object zephyr/CMakeFiles/zephyr.dir/lib/os/printk.c.obj
[/mnt/host/source/src/platform/ec/build/zephyr/navi-lcov]   /mnt/host/source/src/platform/ec/build/zephyr/navi/build-ro/CMakeFiles/app.dir/mnt/host/source/src/platform/ec/build/zephyr/navi/modules/ec/zephyr/program/rauru/src/common.c.gcno:no functions found
[uldrenite-ish:singleimage] [79/273] Building C object zephyr/CMakeFiles/zephyr.dir/lib/os/clock.c.obj
[/mnt/host/source/src/platform/ec/build/zephyr/navi-lcov] stderr:
[jubilant:rw] [42/381] Building C object CMakeFiles/app.dir/mnt/host/source/src/platform/ec/build/zephyr/jubilant/modules/ec/common/queue.c.obj
[krabby:rw] [242/380] Building C object CMakeFiles/app.dir/mnt/host/source/src/platform/ec/build/zephyr/krabby/modules/ec/common/battery_fuel_gauge.c.obj
[jubilant:rw] [43/381] Building C object CMakeFiles/app.dir/mnt/host/source/src/platform/ec/build/zephyr/jubilant/modules/ec/common/printf.c.obj
[krabby:rw] [243/380] Building C object CMakeFiles/app.dir/mnt/host/source/src/platform/ec/build/zephyr/krabby/modules/ec/common/charger.c.obj
[krabby:rw] [244/380] Building C object CMakeFiles/app.dir/mnt/host/source/src/platform/ec/build/zephyr/krabby/modules/ec/driver/charger/rt9490.c.obj
[uldrenite-ish:singleimage] [80/273] Building C object zephyr/CMakeFiles/zephyr.dir/lib/os/sem.c.obj
[krabby:rw] [245/380] Building C object CMakeFiles/app.dir/mnt/host/source/src/platform/ec/build/zephyr/krabby/modules/ec/driver/battery/smart.c.obj
[uldrenite-ish:singleimage] [81/273] Building C object zephyr/CMakeFiles/zephyr.dir/lib/os/assert.c.obj
[uldrenite-ish:singleimage] [82/273] Building C object zephyr/CMakeFiles/zephyr.dir/lib/os/cbprintf_nano.c.obj
[krabby:rw] [246/380] Building C object CMakeFiles/app.dir/mnt/host/source/src/platform/ec/build/zephyr/krabby/modules/ec/common/charge_state.c.obj
[uldrenite-ish:singleimage] [83/273] Building C object zephyr/CMakeFiles/zephyr.dir/lib/os/thread_entry.c.obj
[jubilant:ro] [14/381] Building C object zephyr/CMakeFiles/zephyr.dir/lib/os/clock.c.obj
[/mnt/host/source/src/platform/ec/build/zephyr/navi-lcov]   /mnt/host/source/src/platform/ec/build/zephyr/navi/build-ro/zephyr/arch/arch/riscv/core/CMakeFiles/arch__riscv__core.dir/cpu_idle.c.gcno:no functions found
[/mnt/host/source/src/platform/ec/build/zephyr/navi-lcov] stderr:
[uldrenite-ish:singleimage] [84/273] Building C object zephyr/CMakeFiles/zephyr.dir/lib/os/reboot.c.obj
[jubilant:rw] [44/381] Building C object CMakeFiles/app.dir/mnt/host/source/src/platform/ec/build/zephyr/jubilant/modules/ec/common/system.c.obj
[uldrenite-ish:singleimage] [85/273] Building C object zephyr/CMakeFiles/zephyr.dir/lib/utils/hex.c.obj
[uldrenite-ish:singleimage] [86/273] Building C object zephyr/CMakeFiles/zephyr.dir/lib/utils/dec.c.obj
[krabby:rw] [247/380] Building C object CMakeFiles/app.dir/mnt/host/source/src/platform/ec/build/zephyr/krabby/modules/ec/common/charge_ramp.c.obj
[jubilant:rw] [45/381] Building C object CMakeFiles/app.dir/mnt/host/source/src/platform/ec/build/zephyr/jubilant/modules/ec/common/uart_printf.c.obj
[jubilant:rw] [46/381] Building C object CMakeFiles/app.dir/mnt/host/source/src/platform/ec/build/zephyr/jubilant/modules/ec/common/system_boot_time.c.obj
[krabby:rw] [248/380] Building C object CMakeFiles/app.dir/mnt/host/source/src/platform/ec/build/zephyr/krabby/modules/ec/common/charge_manager.c.obj
[uldrenite-ish:singleimage] [87/273] Building C object zephyr/CMakeFiles/zephyr.dir/lib/utils/rb.c.obj
[uldrenite-ish:singleimage] [88/273] Building C object zephyr/CMakeFiles/zephyr.dir/lib/utils/bitmask.c.obj
[uldrenite-ish:singleimage] [89/273] Building C object zephyr/CMakeFiles/zephyr.dir/lib/utils/timeutil.c.obj
[krabby:rw] [249/380] Building C object CMakeFiles/app.dir/mnt/host/source/src/platform/ec/build/zephyr/krabby/modules/ec/common/cbi_common.c.obj
[krabby:rw] [250/380] Building C object CMakeFiles/app.dir/mnt/host/source/src/platform/ec/build/zephyr/krabby/modules/ec/common/cbi.c.obj
[krabby:rw] [251/380] Building C object CMakeFiles/app.dir/mnt/host/source/src/platform/ec/build/zephyr/krabby/modules/ec/common/cbi_config.c.obj
[uldrenite-ish:singleimage] [90/273] Building C object zephyr/CMakeFiles/zephyr.dir/lib/utils/bitarray.c.obj
[uldrenite-ish:singleimage] [91/273] Building C object zephyr/CMakeFiles/zephyr.dir/lib/utils/ring_buffer.c.obj
[jubilant:ro] [15/381] Building C object zephyr/CMakeFiles/zephyr.dir/lib/os/printk.c.obj
[krabby:rw] [252/380] Building C object CMakeFiles/app.dir/mnt/host/source/src/platform/ec/build/zephyr/krabby/modules/ec/common/memory_commands.c.obj
[uldrenite-ish:singleimage] [92/273] Building C object zephyr/CMakeFiles/zephyr.dir/lib/utils/getopt/getopt_common.c.obj
[uldrenite-ish:singleimage] [93/273] Building C object zephyr/CMakeFiles/zephyr.dir/misc/generated/configs.c.obj
[uldrenite-ish:singleimage] [94/273] Building C object zephyr/CMakeFiles/zephyr.dir/lib/utils/getopt/getopt.c.obj
[jubilant:rw] [47/381] Building C object CMakeFiles/app.dir/mnt/host/source/src/platform/ec/build/zephyr/jubilant/modules/ec/common/util.c.obj
[jubilant:rw] [48/381] Building C object CMakeFiles/app.dir/mnt/host/source/src/platform/ec/build/zephyr/jubilant/modules/ec/common/version.c.obj
[krabby:rw] [253/380] Building C object CMakeFiles/app.dir/mnt/host/source/src/platform/ec/build/zephyr/krabby/modules/ec/common/chipset.c.obj
[uldrenite-ish:singleimage] [95/273] Building C object zephyr/CMakeFiles/zephyr.dir/soc/intel/intel_ish/intel_ish5/soc.c.obj
[krabby:rw] [254/380] Building C object CMakeFiles/app.dir/mnt/host/source/src/platform/ec/build/zephyr/krabby/modules/ec/common/ap_reset_log.c.obj
[krabby:rw] [255/380] Building C object CMakeFiles/app.dir/mnt/host/source/src/platform/ec/build/zephyr/krabby/modules/ec/common/extpower_common.c.obj
[jubilant:rw] [49/381] Building C object CMakeFiles/app.dir/mnt/host/source/src/platform/ec/build/zephyr/jubilant/modules/ec/common/power_button_x86.c.obj
[/mnt/host/source/src/platform/ec/build/zephyr/navi-lcov]   /mnt/host/source/src/platform/ec/build/zephyr/navi/build-ro/zephyr/arch/common/CMakeFiles/isr_tables.dir/isr_tables.c.gcno:no functions found
[/mnt/host/source/src/platform/ec/build/zephyr/navi-lcov] stderr:
[uldrenite-ish:singleimage] [96/273] Building C object zephyr/CMakeFiles/zephyr.dir/subsys/logging/log_minimal.c.obj
[uldrenite-ish:singleimage] [97/273] Building C object zephyr/CMakeFiles/zephyr.dir/soc/intel/intel_ish/intel_ish5/pm/power.c.obj
[krabby:rw] [256/380] Building C object CMakeFiles/app.dir/mnt/host/source/src/platform/ec/build/zephyr/krabby/modules/ec/common/extpower_gpio.c.obj
[jubilant:ro] [16/381] Building C object zephyr/CMakeFiles/zephyr.dir/lib/os/sem.c.obj
[krabby:rw] [257/380] Building C object CMakeFiles/app.dir/mnt/host/source/src/platform/ec/build/zephyr/krabby/modules/ec/common/flash.c.obj
[uldrenite-ish:singleimage] [98/273] Building C object zephyr/CMakeFiles/zephyr.dir/subsys/pm/pm.c.obj
[uldrenite-ish:singleimage] [99/273] Building C object zephyr/CMakeFiles/zephyr.dir/subsys/pm/state.c.obj
[krabby:rw] [258/380] Building C object CMakeFiles/app.dir/mnt/host/source/src/platform/ec/build/zephyr/krabby/modules/ec/common/host_command.c.obj
[uldrenite-ish:singleimage] [100/273] Building C object zephyr/CMakeFiles/zephyr.dir/subsys/pm/policy/policy_events.c.obj
[uldrenite-ish:singleimage] [101/273] Building C object zephyr/CMakeFiles/zephyr.dir/subsys/pm/policy/policy_latency.c.obj
[krabby:rw] [259/380] Building C object CMakeFiles/app.dir/mnt/host/source/src/platform/ec/build/zephyr/krabby/modules/ec/common/host_command_task.c.obj
[jubilant:rw] [50/381] Building C object CMakeFiles/app.dir/mnt/host/source/src/platform/ec/build/zephyr/jubilant/modules/ec/common/adc.c.obj
[uldrenite-ish:singleimage] [102/273] Building C object zephyr/CMakeFiles/zephyr.dir/subsys/pm/policy/policy_default.c.obj
[uldrenite-ish:singleimage] [103/273] Building C object zephyr/CMakeFiles/zephyr.dir/subsys/pm/policy/policy_state_lock.c.obj
[jubilant:rw] [51/381] Building C object CMakeFiles/app.dir/mnt/host/source/src/platform/ec/build/zephyr/jubilant/modules/ec/common/acpi.c.obj
[jubilant:ro] [17/381] Building C object zephyr/CMakeFiles/zephyr.dir/lib/os/thread_entry.c.obj
[krabby:rw] [260/380] Building C object CMakeFiles/app.dir/mnt/host/source/src/platform/ec/build/zephyr/krabby/modules/ec/common/host_event_commands.c.obj
[jubilant:rw] [52/381] Building C object CMakeFiles/app.dir/mnt/host/source/src/platform/ec/build/zephyr/jubilant/modules/ec/common/backlight_lid.c.obj
[krabby:rw] [261/380] Building C object CMakeFiles/app.dir/mnt/host/source/src/platform/ec/build/zephyr/krabby/modules/ec/common/uptime.c.obj
[krabby:rw] [262/380] Building C object CMakeFiles/app.dir/mnt/host/source/src/platform/ec/build/zephyr/krabby/modules/ec/common/uart_hostcmd.c.obj
[uldrenite-ish:singleimage] [104/273] Building C object zephyr/CMakeFiles/zephyr.dir/subsys/pm/device.c.obj
[uldrenite-ish:singleimage] [105/273] Building C object zephyr/CMakeFiles/zephyr.dir/subsys/pm/device_system_managed.c.obj
[uldrenite-ish:singleimage] [106/273] Building C object zephyr/CMakeFiles/zephyr.dir/subsys/tracing/tracing_none.c.obj
[krabby:rw] [263/380] Building C object CMakeFiles/app.dir/mnt/host/source/src/platform/ec/build/zephyr/krabby/modules/ec/common/i2c_controller.c.obj
[uldrenite-ish:singleimage] [107/273] Building C object zephyr/CMakeFiles/zephyr.dir/subsys/testsuite/coverage/coverage.c.obj
[krabby:rw] [264/380] Building C object CMakeFiles/app.dir/mnt/host/source/src/platform/ec/build/zephyr/krabby/modules/ec/common/i2c_passthru.c.obj
[jubilant:ro] [18/381] Building C object zephyr/CMakeFiles/zephyr.dir/lib/os/cbprintf_nano.c.obj
[uldrenite-ish:singleimage] [108/273] Building C object zephyr/CMakeFiles/zephyr.dir/subsys/shell/modules/kernel_service/kernel_shell.c.obj
[uldrenite-ish:singleimage] [109/273] Building C object zephyr/CMakeFiles/zephyr.dir/subsys/shell/modules/kernel_service/cycles.c.obj
[jubilant:rw] [53/381] Building C object CMakeFiles/app.dir/mnt/host/source/src/platform/ec/build/zephyr/jubilant/modules/ec/common/battery.c.obj
[krabby:rw] [265/380] Building C object CMakeFiles/app.dir/mnt/host/source/src/platform/ec/build/zephyr/krabby/modules/ec/common/virtual_battery.c.obj
[jubilant:rw] [54/381] Building C object CMakeFiles/app.dir/mnt/host/source/src/platform/ec/build/zephyr/jubilant/modules/ec/common/battery_info.c.obj
[uldrenite-ish:singleimage] [110/273] Building C object zephyr/CMakeFiles/zephyr.dir/subsys/shell/modules/kernel_service/uptime.c.obj
[krabby:rw] [266/380] Building C object CMakeFiles/app.dir/mnt/host/source/src/platform/ec/build/zephyr/krabby/modules/ec/common/mkbp_fifo.c.obj
[uldrenite-ish:singleimage] [111/273] Building C object zephyr/CMakeFiles/zephyr.dir/subsys/shell/modules/kernel_service/sleep.c.obj
[krabby:rw] [267/380] Building C object CMakeFiles/app.dir/mnt/host/source/src/platform/ec/build/zephyr/krabby/modules/ec/common/mkbp_info.c.obj
[uldrenite-ish:singleimage] [112/273] Building C object zephyr/CMakeFiles/zephyr.dir/subsys/shell/modules/kernel_service/version.c.obj
[krabby:rw] [268/380] Building C object CMakeFiles/app.dir/mnt/host/source/src/platform/ec/build/zephyr/krabby/modules/ec/common/keyboard_scan.c.obj
[jubilant:rw] [55/381] Building C object CMakeFiles/app.dir/mnt/host/source/src/platform/ec/build/zephyr/jubilant/modules/ec/common/battery_fuel_gauge.c.obj
[krabby:rw] [269/380] Building C object CMakeFiles/app.dir/mnt/host/source/src/platform/ec/build/zephyr/krabby/modules/ec/common/keyboard_mkbp.c.obj
[uldrenite-ish:singleimage] [113/273] Building C object zephyr/CMakeFiles/zephyr.dir/subsys/shell/modules/kernel_service/reboot.c.obj
[jubilant:ro] [19/381] Building C object zephyr/CMakeFiles/zephyr.dir/lib/os/cbprintf.c.obj
[uldrenite-ish:singleimage] [114/273] Building C object zephyr/CMakeFiles/zephyr.dir/subsys/shell/modules/kernel_service/thread/thread.c.obj
[krabby:rw] [270/380] Building C object CMakeFiles/app.dir/mnt/host/source/src/platform/ec/build/zephyr/krabby/modules/ec/common/mkbp_input_devices.c.obj
[uldrenite-ish:singleimage] [115/273] Building C object zephyr/CMakeFiles/zephyr.dir/subsys/shell/modules/kernel_service/thread/list.c.obj
[uldrenite-ish:singleimage] [116/273] Building C object zephyr/CMakeFiles/zephyr.dir/subsys/shell/modules/kernel_service/thread/stacks.c.obj
[krabby:rw] [271/380] Building C object CMakeFiles/app.dir/mnt/host/source/src/platform/ec/build/zephyr/krabby/modules/ec/common/led_common.c.obj
[uldrenite-ish:singleimage] [117/273] Building C object zephyr/CMakeFiles/zephyr.dir/subsys/shell/modules/kernel_service/thread/unwind.c.obj
[krabby:rw] [272/380] Building C object CMakeFiles/app.dir/mnt/host/source/src/platform/ec/build/zephyr/krabby/modules/ec/common/motion_lid.c.obj
[jubilant:rw] [56/381] Building C object CMakeFiles/app.dir/mnt/host/source/src/platform/ec/build/zephyr/jubilant/modules/ec/driver/battery/smart.c.obj
[uldrenite-ish:singleimage] [118/273] Building C object zephyr/CMakeFiles/zephyr.dir/subsys/shell/modules/kernel_service/thread/suspend.c.obj
[jubilant:ro] [20/381] Building C object zephyr/CMakeFiles/zephyr.dir/lib/os/assert.c.obj
[krabby:rw] [273/380] Building C object CMakeFiles/app.dir/mnt/host/source/src/platform/ec/build/zephyr/krabby/modules/ec/common/lid_angle_keyboard_policy.c.obj
[krabby:rw] [274/380] Building C object CMakeFiles/app.dir/mnt/host/source/src/platform/ec/build/zephyr/krabby/modules/ec/common/lid_angle.c.obj
[krabby:rw] [275/380] Building C object CMakeFiles/app.dir/mnt/host/source/src/platform/ec/build/zephyr/krabby/modules/ec/common/lid_switch.c.obj
[uldrenite-ish:singleimage] [119/273] Building C object zephyr/CMakeFiles/zephyr.dir/subsys/shell/modules/kernel_service/thread/resume.c.obj
[uldrenite-ish:singleimage] [120/273] Building C object zephyr/CMakeFiles/zephyr.dir/subsys/shell/modules/kernel_service/thread/kill.c.obj
[jubilant:rw] [57/381] Building C object CMakeFiles/app.dir/mnt/host/source/src/platform/ec/build/zephyr/jubilant/modules/ec/driver/charger/isl923x.c.obj
[jubilant:rw] [58/381] Building C object CMakeFiles/app.dir/mnt/host/source/src/platform/ec/build/zephyr/jubilant/modules/ec/common/charger.c.obj
[jubilant:ro] [21/381] Building C object zephyr/CMakeFiles/zephyr.dir/lib/utils/dec.c.obj
[krabby:rw] [276/380] Building C object CMakeFiles/app.dir/mnt/host/source/src/platform/ec/build/zephyr/krabby/modules/ec/common/mkbp_event.c.obj
[uldrenite-ish:singleimage] [121/273] Building C object zephyr/CMakeFiles/zephyr.dir/subsys/shell/backends/shell_uart.c.obj
[uldrenite-ish:singleimage] [122/273] Building C object zephyr/CMakeFiles/zephyr.dir/subsys/shell/shell_fprintf.c.obj
[jubilant:ro] [22/381] Building C object zephyr/CMakeFiles/zephyr.dir/lib/utils/hex.c.obj
[uldrenite-ish:singleimage] [123/273] Building C object zephyr/CMakeFiles/zephyr.dir/subsys/shell/shell_utils.c.obj
[krabby:rw] [277/380] Building C object CMakeFiles/app.dir/mnt/host/source/src/platform/ec/build/zephyr/krabby/modules/ec/common/motion_sense.c.obj
[uldrenite-ish:singleimage] [124/273] Building C object zephyr/CMakeFiles/zephyr.dir/subsys/shell/shell.c.obj
[krabby:rw] [278/380] Building C object CMakeFiles/app.dir/mnt/host/source/src/platform/ec/build/zephyr/krabby/modules/ec/common/power_button.c.obj
[krabby:rw] [279/380] Building C object CMakeFiles/app.dir/mnt/host/source/src/platform/ec/build/zephyr/krabby/modules/ec/power/common.c.obj
[krabby:rw] [280/380] Building C object CMakeFiles/app.dir/mnt/host/source/src/platform/ec/build/zephyr/krabby/modules/ec/power/mt8186.c.obj
[krabby:rw] [281/380] Building C object CMakeFiles/app.dir/mnt/host/source/src/platform/ec/build/zephyr/krabby/modules/ec/power/host_sleep.c.obj
[jubilant:rw] [59/381] Building C object CMakeFiles/app.dir/mnt/host/source/src/platform/ec/build/zephyr/jubilant/modules/ec/common/charge_state.c.obj
[uldrenite-ish:singleimage] [125/273] Building C object zephyr/CMakeFiles/zephyr.dir/subsys/shell/shell_ops.c.obj
[uldrenite-ish:singleimage] [126/273] Building C object zephyr/CMakeFiles/zephyr.dir/mnt/host/source/src/third_party/zephyrproject/modules/hal/intel/zephyr/bsp_sedi/bsp_sedi_rtos_utils.c.obj
[jubilant:rw] [60/381] Building C object CMakeFiles/app.dir/mnt/host/source/src/platform/ec/build/zephyr/jubilant/modules/ec/common/cbi_common.c.obj
[uldrenite-ish:singleimage] [127/273] Building C object zephyr/CMakeFiles/zephyr.dir/subsys/shell/shell_help.c.obj
[jubilant:rw] [61/381] Building C object CMakeFiles/app.dir/mnt/host/source/src/platform/ec/build/zephyr/jubilant/modules/ec/common/charge_manager.c.obj
[uldrenite-ish:singleimage] [128/273] Building C object zephyr/CMakeFiles/zephyr.dir/subsys/shell/shell_history.c.obj
[/mnt/host/source/src/platform/ec/build/zephyr/navi-lcov]   /mnt/host/source/src/platform/ec/build/zephyr/navi/build-ro/zephyr/CMakeFiles/zephyr.dir/subsys/shell/modules/kernel_service/kernel_shell.c.gcno:no functions found
[/mnt/host/source/src/platform/ec/build/zephyr/navi-lcov] stderr:
[uldrenite-ish:singleimage] [129/273] Linking CXX static library zephyr/libzephyr.a
[krabby:rw] [282/380] Building C object CMakeFiles/app.dir/mnt/host/source/src/platform/ec/build/zephyr/krabby/modules/ec/common/panic_output.c.obj
[uldrenite-ish:singleimage] [130/273] Building C object zephyr/arch/common/CMakeFiles/arch__common.dir/init.c.obj
[jubilant:ro] [23/381] Building C object zephyr/CMakeFiles/zephyr.dir/lib/utils/rb.c.obj
[uldrenite-ish:singleimage] [131/273] Linking CXX static library zephyr/arch/common/libarch__common.a
[/mnt/host/source/src/platform/ec/build/zephyr/navi-lcov]   /mnt/host/source/src/platform/ec/build/zephyr/navi/build-ro/zephyr/CMakeFiles/zephyr.dir/lib/libc/validate_libc.c.gcno:no functions found
[/mnt/host/source/src/platform/ec/build/zephyr/navi-lcov] stderr:
[krabby:rw] [283/380] Building C object CMakeFiles/app.dir/mnt/host/source/src/platform/ec/build/zephyr/krabby/modules/ec/driver/sha256/sha256_it8xxx2.c.obj
[uldrenite-ish:singleimage] [132/273] Building C object zephyr/arch/arch/x86/core/CMakeFiles/arch__x86__core.dir/cpuhalt.c.obj
[uldrenite-ish:singleimage] [133/273] Building C object zephyr/arch/arch/x86/core/CMakeFiles/arch__x86__core.dir/prep_c.c.obj
[krabby:rw] [284/380] Building C object CMakeFiles/app.dir/mnt/host/source/src/platform/ec/build/zephyr/krabby/modules/ec/common/switch.c.obj
[krabby:rw] [285/380] Building C object CMakeFiles/app.dir/mnt/host/source/src/platform/ec/build/zephyr/krabby/modules/ec/driver/stm_mems_common.c.obj
[krabby:rw] [286/380] Building C object CMakeFiles/app.dir/mnt/host/source/src/platform/ec/build/zephyr/krabby/modules/ec/common/shared_mem.c.obj
[jubilant:rw] [62/381] Building C object CMakeFiles/app.dir/mnt/host/source/src/platform/ec/build/zephyr/jubilant/modules/ec/common/cbi_config.c.obj
[krabby:rw] [287/380] Building C object CMakeFiles/app.dir/mnt/host/source/src/platform/ec/build/zephyr/krabby/modules/ec/common/tablet_mode.c.obj
[jubilant:ro] [24/381] Building C object zephyr/CMakeFiles/zephyr.dir/lib/utils/timeutil.c.obj
[uldrenite-ish:singleimage] [134/273] Building C object zephyr/arch/arch/x86/core/CMakeFiles/arch__x86__core.dir/cpuid.c.obj
[uldrenite-ish:singleimage] [135/273] Building C object zephyr/arch/arch/x86/core/CMakeFiles/arch__x86__core.dir/fatal.c.obj
[uldrenite-ish:singleimage] [136/273] Building C object zephyr/arch/arch/x86/core/CMakeFiles/arch__x86__core.dir/spec_ctrl.c.obj
[uldrenite-ish:singleimage] [137/273] Building C object zephyr/arch/arch/x86/core/CMakeFiles/arch__x86__core.dir/reboot_rst_cnt.c.obj
[jubilant:rw] [63/381] Building C object CMakeFiles/app.dir/mnt/host/source/src/platform/ec/build/zephyr/jubilant/modules/ec/common/cbi.c.obj
[jubilant:rw] [64/381] Building C object CMakeFiles/app.dir/mnt/host/source/src/platform/ec/build/zephyr/jubilant/modules/ec/common/memory_commands.c.obj
[krabby:rw] [288/380] Building C object CMakeFiles/app.dir/mnt/host/source/src/platform/ec/build/zephyr/krabby/modules/ec/common/timer.c.obj
[krabby:rw] [289/380] Building C object CMakeFiles/app.dir/mnt/host/source/src/platform/ec/build/zephyr/krabby/modules/ec/common/typec_control.c.obj
[uldrenite-ish:singleimage] [138/273] Building ASM object zephyr/arch/arch/x86/core/CMakeFiles/arch__x86__core.dir/ia32/excstub.S.obj
[krabby:rw] [290/380] Building C object CMakeFiles/app.dir/mnt/host/source/src/platform/ec/build/zephyr/krabby/modules/ec/common/usb_charger.c.obj
[uldrenite-ish:singleimage] [139/273] Building ASM object zephyr/arch/arch/x86/core/CMakeFiles/arch__x86__core.dir/ia32/crt0.S.obj
[uldrenite-ish:singleimage] [140/273] Building C object zephyr/arch/arch/x86/core/CMakeFiles/arch__x86__core.dir/tls.c.obj
[krabby:rw] [291/380] Building C object CMakeFiles/app.dir/mnt/host/source/src/platform/ec/build/zephyr/krabby/modules/ec/common/usb_port_power_dumb.c.obj
[krabby:rw] [292/380] Building C object CMakeFiles/app.dir/mnt/host/source/src/platform/ec/build/zephyr/krabby/modules/ec/common/usb_pd_pdo.c.obj
[uldrenite-ish:singleimage] [141/273] Building ASM object zephyr/arch/arch/x86/core/CMakeFiles/arch__x86__core.dir/ia32/intstub.S.obj
[krabby:rw] [293/380] Building C object CMakeFiles/app.dir/mnt/host/source/src/platform/ec/build/zephyr/krabby/modules/ec/common/usb_common.c.obj
[jubilant:rw] [65/381] Building C object CMakeFiles/app.dir/mnt/host/source/src/platform/ec/build/zephyr/jubilant/modules/ec/common/dptf.c.obj
[/mnt/host/source/src/platform/ec/build/zephyr/navi-lcov]   /mnt/host/source/src/platform/ec/build/zephyr/navi/build-ro/zephyr/CMakeFiles/zephyr.dir/lib/utils/last_section_id.c.gcno:no functions found
[/mnt/host/source/src/platform/ec/build/zephyr/navi-lcov] stderr:
[jubilant:ro] [25/381] Building C object zephyr/CMakeFiles/zephyr.dir/lib/utils/bitarray.c.obj
[jubilant:rw] [66/381] Building C object CMakeFiles/app.dir/mnt/host/source/src/platform/ec/build/zephyr/jubilant/modules/ec/common/ap_reset_log.c.obj
[uldrenite-ish:singleimage] [142/273] Building ASM object zephyr/arch/arch/x86/core/CMakeFiles/arch__x86__core.dir/ia32/swap.S.obj
[uldrenite-ish:singleimage] [143/273] Building C object zephyr/arch/arch/x86/core/CMakeFiles/arch__x86__core.dir/ia32/thread.c.obj
[uldrenite-ish:singleimage] [144/273] Building C object zephyr/arch/arch/x86/core/CMakeFiles/arch__x86__core.dir/ia32/irq_manage.c.obj
[jubilant:rw] [67/381] Building C object CMakeFiles/app.dir/mnt/host/source/src/platform/ec/build/zephyr/jubilant/modules/ec/common/espi.c.obj
[krabby:rw] [294/380] Building C object CMakeFiles/app.dir/mnt/host/source/src/platform/ec/build/zephyr/krabby/modules/ec/common/usbc/usbc_task.c.obj
[uldrenite-ish:singleimage] [145/273] Building C object zephyr/arch/arch/x86/core/CMakeFiles/arch__x86__core.dir/ia32/tls.c.obj
[jubilant:ro] [26/381] Building C object zephyr/CMakeFiles/zephyr.dir/lib/utils/bitmask.c.obj
[krabby:rw] [295/380] Building C object CMakeFiles/app.dir/mnt/host/source/src/platform/ec/build/zephyr/krabby/modules/ec/common/usbc/usb_sm.c.obj
[krabby:rw] [296/380] Building C object CMakeFiles/app.dir/mnt/host/source/src/platform/ec/build/zephyr/krabby/modules/ec/common/usbc/usb_pd_timer.c.obj
[krabby:rw] [297/380] Building C object CMakeFiles/app.dir/mnt/host/source/src/platform/ec/build/zephyr/krabby/modules/ec/common/usbc_utils.c.obj
[uldrenite-ish:singleimage] [146/273] Building C object zephyr/arch/arch/x86/core/CMakeFiles/arch__x86__core.dir/ia32/fatal.c.obj
[krabby:rw] [298/380] Building C object CMakeFiles/app.dir/mnt/host/source/src/platform/ec/build/zephyr/krabby/modules/ec/common/usb_pd_flags.c.obj
[uldrenite-ish:singleimage] [147/273] Building C object zephyr/lib/libc/picolibc/CMakeFiles/lib__libc__picolibc.dir/assert.c.obj
[uldrenite-ish:singleimage] [148/273] Building C object zephyr/lib/libc/picolibc/CMakeFiles/lib__libc__picolibc.dir/cbprintf.c.obj
[uldrenite-ish:singleimage] [149/273] Linking CXX static library zephyr/arch/arch/x86/core/libarch__x86__core.a
[uldrenite-ish:singleimage] [150/273] Building C object zephyr/lib/libc/picolibc/CMakeFiles/lib__libc__picolibc.dir/chk_fail.c.obj
[krabby:rw] [299/380] Building C object CMakeFiles/app.dir/mnt/host/source/src/platform/ec/build/zephyr/krabby/modules/ec/common/usbc_intr_task.c.obj
[jubilant:rw] [68/381] Building C object CMakeFiles/app.dir/mnt/host/source/src/platform/ec/build/zephyr/jubilant/modules/ec/common/extpower_common.c.obj
[jubilant:rw] [69/381] Building C object CMakeFiles/app.dir/mnt/host/source/src/platform/ec/build/zephyr/jubilant/modules/ec/common/extpower_gpio.c.obj
[jubilant:ro] [27/381] Building C object zephyr/CMakeFiles/zephyr.dir/lib/utils/getopt/getopt.c.obj
[uldrenite-ish:singleimage] [151/273] Building C object zephyr/lib/libc/picolibc/CMakeFiles/lib__libc__picolibc.dir/stdio.c.obj
[uldrenite-ish:singleimage] [152/273] Building C object zephyr/lib/libc/picolibc/CMakeFiles/lib__libc__picolibc.dir/errno_wrap.c.obj
[krabby:rw] [300/380] Building C object CMakeFiles/app.dir/mnt/host/source/src/platform/ec/build/zephyr/krabby/modules/ec/common/chargen.c.obj
[jubilant:rw] [70/381] Building C object CMakeFiles/app.dir/mnt/host/source/src/platform/ec/build/zephyr/jubilant/modules/ec/common/fan.c.obj
[uldrenite-ish:singleimage] [153/273] Building C object zephyr/lib/libc/picolibc/CMakeFiles/lib__libc__picolibc.dir/exit.c.obj
[krabby:rw] [301/380] Building C object CMakeFiles/app.dir/mnt/host/source/src/platform/ec/build/zephyr/krabby/modules/ec/common/usbc/usb_pd_console.c.obj
[uldrenite-ish:singleimage] [154/273] Building C object zephyr/lib/libc/picolibc/CMakeFiles/lib__libc__picolibc.dir/locks.c.obj
[krabby:rw] [302/380] Building C object CMakeFiles/app.dir/mnt/host/source/src/platform/ec/build/zephyr/krabby/modules/ec/driver/usb_mux/usb_mux.c.obj
[krabby:rw] [303/380] Building C object CMakeFiles/app.dir/mnt/host/source/src/platform/ec/build/zephyr/krabby/modules/ec/driver/usb_mux/it5205.c.obj
[uldrenite-ish:singleimage] [155/273] Linking CXX static library zephyr/lib/libc/picolibc/liblib__libc__picolibc.a
[uldrenite-ish:singleimage] [156/273] Building C object zephyr/lib/libc/common/CMakeFiles/lib__libc__common.dir/source/time/time.c.obj
[krabby:rw] [304/380] Building C object CMakeFiles/app.dir/mnt/host/source/src/platform/ec/build/zephyr/krabby/modules/ec/driver/usb_mux/tusb1064.c.obj
[uldrenite-ish:singleimage] [157/273] Building C object zephyr/lib/posix/c_lib_ext/CMakeFiles/lib__posix__c_lib_ext.dir/fnmatch.c.obj
[uldrenite-ish:singleimage] [158/273] Building C object zephyr/lib/libc/common/CMakeFiles/lib__libc__common.dir/source/stdlib/abort.c.obj
[uldrenite-ish:singleimage] [159/273] Linking CXX static library zephyr/lib/libc/common/liblib__libc__common.a
[jubilant:ro] [28/381] Building C object zephyr/CMakeFiles/zephyr.dir/lib/utils/getopt/getopt_common.c.obj
[krabby:rw] [305/380] Building C object CMakeFiles/app.dir/mnt/host/source/src/platform/ec/build/zephyr/krabby/modules/ec/driver/usb_mux/virtual.c.obj
[uldrenite-ish:singleimage] [160/273] Building C object zephyr/subsys/crc/CMakeFiles/subsys__crc.dir/crc4_sw.c.obj
[uldrenite-ish:singleimage] [161/273] Building C object zephyr/subsys/crc/CMakeFiles/subsys__crc.dir/crc8_sw.c.obj
[uldrenite-ish:singleimage] [162/273] Building C object zephyr/lib/posix/c_lib_ext/CMakeFiles/lib__posix__c_lib_ext.dir/getopt_shim.c.obj
[jubilant:rw] [71/381] Building C object CMakeFiles/app.dir/mnt/host/source/src/platform/ec/build/zephyr/jubilant/modules/ec/common/flash.c.obj
[uldrenite-ish:singleimage] [163/273] Building C object zephyr/lib/posix/c_lib_ext/CMakeFiles/lib__posix__c_lib_ext.dir/getentropy.c.obj
[jubilant:rw] [72/381] Building C object CMakeFiles/app.dir/mnt/host/source/src/platform/ec/build/zephyr/jubilant/modules/ec/common/host_command.c.obj
[uldrenite-ish:singleimage] [164/273] Linking CXX static library zephyr/lib/posix/c_lib_ext/liblib__posix__c_lib_ext.a
[uldrenite-ish:singleimage] [165/273] Building C object zephyr/subsys/crc/CMakeFiles/subsys__crc.dir/crc7_sw.c.obj
[uldrenite-ish:singleimage] [166/273] Building C object zephyr/subsys/crc/CMakeFiles/subsys__crc.dir/crc24_sw.c.obj
[uldrenite-ish:singleimage] [167/273] Building C object zephyr/subsys/crc/CMakeFiles/subsys__crc.dir/crc16_sw.c.obj
[krabby:rw] [306/380] Building C object CMakeFiles/app.dir/mnt/host/source/src/platform/ec/build/zephyr/krabby/modules/ec/common/event_log.c.obj
[uldrenite-ish:singleimage] [168/273] Building C object zephyr/subsys/crc/CMakeFiles/subsys__crc.dir/crc32c_sw.c.obj
[uldrenite-ish:singleimage] [169/273] Building C object zephyr/subsys/crc/CMakeFiles/subsys__crc.dir/crc32_sw.c.obj
[jubilant:ro] [29/381] Building C object zephyr/CMakeFiles/zephyr.dir/lib/utils/ring_buffer.c.obj
[krabby:rw] [307/380] Building C object CMakeFiles/app.dir/mnt/host/source/src/platform/ec/build/zephyr/krabby/modules/ec/common/dps.c.obj
[uldrenite-ish:singleimage] [170/273] Building C object zephyr/subsys/crc/CMakeFiles/subsys__crc.dir/crc32k_4_2_sw.c.obj
[jubilant:ro] [30/381] Building C object zephyr/CMakeFiles/zephyr.dir/lib/utils/last_section_id.c.obj
[uldrenite-ish:singleimage] [171/273] Linking CXX static library zephyr/subsys/crc/libsubsys__crc.a
[jubilant:rw] [73/381] Building C object CMakeFiles/app.dir/mnt/host/source/src/platform/ec/build/zephyr/jubilant/modules/ec/common/host_command_task.c.obj
[krabby:rw] [308/380] Building C object CMakeFiles/app.dir/mnt/host/source/src/platform/ec/build/zephyr/krabby/modules/ec/common/pd_log.c.obj
[uldrenite-ish:singleimage] [172/273] Building C object zephyr/drivers/interrupt_controller/CMakeFiles/drivers__interrupt_controller.dir/intc_ioapic.c.obj
[uldrenite-ish:singleimage] [173/273] Building C object zephyr/drivers/interrupt_controller/CMakeFiles/drivers__interrupt_controller.dir/intc_system_apic.c.obj
[uldrenite-ish:singleimage] [174/273] Building C object zephyr/drivers/interrupt_controller/CMakeFiles/drivers__interrupt_controller.dir/intc_loapic.c.obj
[krabby:rw] [309/380] Building C object CMakeFiles/app.dir/mnt/host/source/src/platform/ec/build/zephyr/krabby/modules/ec/common/usbc/usb_prl_sm.c.obj
[krabby:rw] [310/380] Building C object CMakeFiles/app.dir/mnt/host/source/src/platform/ec/build/zephyr/krabby/modules/ec/common/usbc/usb_tc_drp_acc_trysrc_sm.c.obj
[uldrenite-ish:singleimage] [175/273] Linking CXX static library zephyr/drivers/interrupt_controller/libdrivers__interrupt_controller.a
[jubilant:rw] [74/381] Building C object CMakeFiles/app.dir/mnt/host/source/src/platform/ec/build/zephyr/jubilant/modules/ec/common/uart_hostcmd.c.obj
[jubilant:ro] [31/381] Building C object zephyr/CMakeFiles/zephyr.dir/misc/generated/configs.c.obj
[uldrenite-ish:singleimage] [176/273] Building C object zephyr/drivers/console/CMakeFiles/drivers__console.dir/uart_console.c.obj
[uldrenite-ish:singleimage] [177/273] Building C object zephyr/drivers/gpio/CMakeFiles/drivers__gpio.dir/mnt/host/source/src/third_party/zephyrproject/modules/hal/intel/bsp_sedi/drivers/gpio/sedi_gpio.c.obj
[uldrenite-ish:singleimage] [178/273] Linking CXX static library zephyr/drivers/console/libdrivers__console.a
[jubilant:rw] [75/381] Building C object CMakeFiles/app.dir/mnt/host/source/src/platform/ec/build/zephyr/jubilant/modules/ec/common/host_event_commands.c.obj
[krabby:rw] [311/380] Building C object CMakeFiles/app.dir/mnt/host/source/src/platform/ec/build/zephyr/krabby/modules/ec/common/usbc/usb_pd_dpm.c.obj
[krabby:rw] [312/380] Building C object CMakeFiles/app.dir/mnt/host/source/src/platform/ec/build/zephyr/krabby/modules/ec/common/usbc/usbc_pd_policy.c.obj
[jubilant:ro] [32/381] Building ASM object zephyr/CMakeFiles/zephyr.dir/soc/ite/ec/common/soc_irq.S.obj
[uldrenite-ish:singleimage] [179/273] Building C object zephyr/drivers/gpio/CMakeFiles/drivers__gpio.dir/gpio_sedi.c.obj
[krabby:rw] [313/380] Building C object CMakeFiles/app.dir/mnt/host/source/src/platform/ec/build/zephyr/krabby/modules/ec/common/usbc/usb_pe_drp_sm.c.obj
[uldrenite-ish:singleimage] [180/273] Linking CXX static library zephyr/drivers/gpio/libdrivers__gpio.a
[uldrenite-ish:singleimage] [181/273] Building C object zephyr/drivers/i2c/CMakeFiles/drivers__i2c.dir/i2c_common.c.obj
[krabby:rw] [314/380] Building C object CMakeFiles/app.dir/mnt/host/source/src/platform/ec/build/zephyr/krabby/modules/ec/common/usbc/dp_alt_mode.c.obj
[jubilant:rw] [76/381] Building C object CMakeFiles/app.dir/mnt/host/source/src/platform/ec/build/zephyr/jubilant/modules/ec/common/uptime.c.obj
[uldrenite-ish:singleimage] [182/273] Building C object zephyr/drivers/i2c/CMakeFiles/drivers__i2c.dir/i2c_sedi.c.obj
[uldrenite-ish:singleimage] [183/273] Building C object zephyr/drivers/i2c/CMakeFiles/drivers__i2c.dir/i2c_shell.c.obj
[krabby:rw] [315/380] Building C object CMakeFiles/app.dir/mnt/host/source/src/platform/ec/build/zephyr/krabby/modules/ec/common/usb_pd_host_cmd.c.obj
[krabby:rw] [316/380] Building C object CMakeFiles/app.dir/mnt/host/source/src/platform/ec/build/zephyr/krabby/modules/ec/common/usb_pd_console_cmd.c.obj
[uldrenite-ish:singleimage] [184/273] Building C object zephyr/drivers/ipm/CMakeFiles/drivers__ipm.dir/mnt/host/source/src/third_party/zephyrproject/modules/hal/intel/bsp_sedi/drivers/ipc/sedi_ipc.c.obj
[uldrenite-ish:singleimage] [185/273] Building C object zephyr/drivers/i2c/CMakeFiles/drivers__i2c.dir/mnt/host/source/src/third_party/zephyrproject/modules/hal/intel/bsp_sedi/drivers/i2c/sedi_i2c_dw_apb_200a.c.obj
[uldrenite-ish:singleimage] [186/273] Linking CXX static library zephyr/drivers/i2c/libdrivers__i2c.a
[uldrenite-ish:singleimage] [187/273] Building C object zephyr/drivers/ipm/CMakeFiles/drivers__ipm.dir/ipm_sedi.c.obj
[jubilant:rw] [77/381] Building C object CMakeFiles/app.dir/mnt/host/source/src/platform/ec/build/zephyr/jubilant/modules/ec/common/i2c_passthru.c.obj
[uldrenite-ish:singleimage] [188/273] Linking CXX static library zephyr/drivers/syscon/libdrivers__syscon.a
[uldrenite-ish:singleimage] [189/273] Linking CXX static library zephyr/drivers/ipm/libdrivers__ipm.a
[jubilant:rw] [78/381] Building C object CMakeFiles/app.dir/mnt/host/source/src/platform/ec/build/zephyr/jubilant/modules/ec/common/i2c_controller.c.obj
[jubilant:ro] [33/381] Building C object zephyr/CMakeFiles/zephyr.dir/soc/ite/ec/common/soc_common_irq.c.obj
[krabby:rw] [317/380] Building C object CMakeFiles/app.dir/mnt/host/source/src/platform/ec/build/zephyr/krabby/modules/ec/zephyr/shim/src/tcpc.c.obj
[uldrenite-ish:singleimage] [190/273] Building C object zephyr/drivers/serial/CMakeFiles/drivers__serial.dir/uart_sedi.c.obj
[krabby:rw] [318/380] Building C object CMakeFiles/app.dir/mnt/host/source/src/platform/ec/build/zephyr/krabby/modules/ec/common/usbc/usb_pd_host.c.obj
[krabby:rw] [319/380] Building C object CMakeFiles/app.dir/mnt/host/source/src/platform/ec/build/zephyr/krabby/modules/ec/common/usbc/svdm_rsp_dfp_only.c.obj
[krabby:rw] [320/380] Building C object CMakeFiles/app.dir/mnt/host/source/src/platform/ec/build/zephyr/krabby/modules/ec/common/usb_pd_host_cmd_common.c.obj
[uldrenite-ish:singleimage] [191/273] Building C object zephyr/drivers/serial/CMakeFiles/drivers__serial.dir/mnt/host/source/src/third_party/zephyrproject/modules/hal/intel/bsp_sedi/drivers/usart/sedi_dw_uart.c.obj
[uldrenite-ish:singleimage] [192/273] Linking CXX static library zephyr/drivers/serial/libdrivers__serial.a
[uldrenite-ish:singleimage] [193/273] Building C object zephyr/drivers/timer/CMakeFiles/drivers__timer.dir/sys_clock_init.c.obj
[uldrenite-ish:singleimage] [194/273] Building C object zephyr/drivers/timer/CMakeFiles/drivers__timer.dir/hpet.c.obj
[uldrenite-ish:singleimage] [195/273] Linking CXX static library zephyr/drivers/timer/libdrivers__timer.a
[jubilant:rw] [79/381] Building C object CMakeFiles/app.dir/mnt/host/source/src/platform/ec/build/zephyr/jubilant/modules/ec/common/keyboard_8042.c.obj
[krabby:rw] [321/380] Building C object CMakeFiles/app.dir/mnt/host/source/src/platform/ec/build/zephyr/krabby/modules/ec/common/usb_pd_discovery.c.obj
[jubilant:ro] [34/381] Building C object zephyr/CMakeFiles/zephyr.dir/soc/ite/ec/common/power.c.obj
[krabby:rw] [322/380] Building C object CMakeFiles/app.dir/mnt/host/source/src/platform/ec/build/zephyr/krabby/modules/ec/common/usbc_ocp.c.obj
[uldrenite-ish:singleimage] [196/273] Building C object modules/ec/zephyr/CMakeFiles/ec_shim.dir/shim/chip/stub/clock.c.obj
[uldrenite-ish:singleimage] [197/273] Building C object modules/ec/zephyr/CMakeFiles/ec_shim.dir/app/ec/ec_app_main.c.obj
[jubilant:rw] [80/381] Building C object CMakeFiles/app.dir/mnt/host/source/src/platform/ec/build/zephyr/jubilant/modules/ec/common/keyboard_8042_sharedlib.c.obj
[uldrenite-ish:singleimage] [198/273] Building C object modules/ec/zephyr/CMakeFiles/ec_shim.dir/app/ec/main_shim.c.obj
[krabby:rw] [323/380] Building C object CMakeFiles/app.dir/mnt/host/source/src/platform/ec/build/zephyr/krabby/modules/ec/driver/tcpm/ite_pd_intc.c.obj
[jubilant:rw] [81/381] Building C object CMakeFiles/app.dir/mnt/host/source/src/platform/ec/build/zephyr/jubilant/modules/ec/common/mkbp_fifo.c.obj
[uldrenite-ish:singleimage] [199/273] Building C object modules/ec/zephyr/CMakeFiles/ec_shim.dir/shim/src/crc.c.obj
[krabby:rw] [324/380] Building C object CMakeFiles/app.dir/mnt/host/source/src/platform/ec/build/zephyr/krabby/modules/ec/common/usbc/dp_hpd_gpio.c.obj
[krabby:rw] [325/380] Building C object CMakeFiles/app.dir/mnt/host/source/src/platform/ec/build/zephyr/krabby/modules/ec/common/usb_pd_dual_role.c.obj
[uldrenite-ish:singleimage] [200/273] Building C object modules/ec/zephyr/CMakeFiles/ec_shim.dir/shim/src/console.c.obj
[krabby:rw] [326/380] Building C object CMakeFiles/app.dir/mnt/host/source/src/platform/ec/build/zephyr/krabby/modules/ec/driver/tcpm/tcpci.c.obj
[jubilant:ro] [35/381] Building C object zephyr/CMakeFiles/zephyr.dir/soc/ite/ec/common/policy.c.obj
[uldrenite-ish:singleimage] [201/273] Building C object modules/ec/zephyr/CMakeFiles/ec_shim.dir/shim/src/gpio_int.c.obj
[jubilant:rw] [82/381] Building C object CMakeFiles/app.dir/mnt/host/source/src/platform/ec/build/zephyr/jubilant/modules/ec/common/mkbp_info.c.obj
[krabby:rw] [327/380] Building C object CMakeFiles/app.dir/mnt/host/source/src/platform/ec/build/zephyr/krabby/modules/ec/common/usbc_ppc.c.obj
[uldrenite-ish:singleimage] [202/273] Building C object modules/ec/zephyr/CMakeFiles/ec_shim.dir/shim/src/panic_utils.c.obj
[uldrenite-ish:singleimage] [203/273] Building C object modules/ec/zephyr/CMakeFiles/ec_shim.dir/shim/src/gpio.c.obj
[krabby:rw] [328/380] Building C object CMakeFiles/app.dir/mnt/host/source/src/platform/ec/build/zephyr/krabby/modules/ec/driver/tcpm/it8xxx2.c.obj
[uldrenite-ish:singleimage] [204/273] Building C object modules/ec/zephyr/CMakeFiles/ec_shim.dir/shim/src/pm_state.c.obj
[krabby:rw] [329/380] Building C object CMakeFiles/app.dir/mnt/host/source/src/platform/ec/build/zephyr/krabby/modules/ec/driver/ppc/syv682x.c.obj
[krabby:rw] [330/380] Building C object CMakeFiles/app.dir/mnt/host/source/src/platform/ec/build/zephyr/krabby/modules/ec/driver/ppc/rt1739.c.obj
[krabby:rw] [331/380] Building C object CMakeFiles/app.dir/mnt/host/source/src/platform/ec/build/zephyr/krabby/modules/ec/common/vboot_hash.c.obj
[jubilant:rw] [83/381] Building C object CMakeFiles/app.dir/mnt/host/source/src/platform/ec/build/zephyr/jubilant/modules/ec/common/mkbp_input_devices.c.obj
[uldrenite-ish:singleimage] [205/273] Building C object modules/ec/zephyr/CMakeFiles/ec_shim.dir/shim/src/cbi/cros_cbi.c.obj
[jubilant:rw] [84/381] Building C object CMakeFiles/app.dir/mnt/host/source/src/platform/ec/build/zephyr/jubilant/modules/ec/common/keyboard_backlight.c.obj
[jubilant:ro] [36/381] Building C object zephyr/CMakeFiles/zephyr.dir/soc/ite/ec/it8xxx2/soc.c.obj
[krabby:rw] [332/380] Building C object CMakeFiles/app.dir/mnt/host/source/src/platform/ec/build/zephyr/krabby/modules/ec/common/button.c.obj
[uldrenite-ish:singleimage] [206/273] Building C object modules/ec/zephyr/CMakeFiles/ec_shim.dir/shim/src/cbi/cros_cbi_ssfc.c.obj
[uldrenite-ish:singleimage] [207/273] Building C object modules/ec/zephyr/CMakeFiles/ec_shim.dir/shim/src/cbi/cros_cbi_fw_config.c.obj
[krabby:rw] [333/380] Building C object CMakeFiles/app.dir/mnt/host/source/src/platform/ec/build/zephyr/krabby/modules/ec/common/vboot/efs2.c.obj
[jubilant:rw] [85/381] Building C object CMakeFiles/app.dir/mnt/host/source/src/platform/ec/build/zephyr/jubilant/modules/ec/common/led_common.c.obj
[uldrenite-ish:singleimage] [208/273] Building C object modules/ec/zephyr/CMakeFiles/ec_shim.dir/shim/src/ish_system.c.obj
[krabby:rw] [334/380] Building C object CMakeFiles/app.dir/mnt/host/source/src/platform/ec/build/zephyr/krabby/modules/ec/common/vstore.c.obj
[uldrenite-ish:singleimage] [209/273] Building C object modules/ec/zephyr/CMakeFiles/ec_shim.dir/shim/src/hooks.c.obj
[krabby:rw] [335/380] Building C object CMakeFiles/app.dir/mnt/host/source/src/platform/ec/build/zephyr/krabby/modules/ec/common/math_util.c.obj
[jubilant:ro] [37/381] Building C object zephyr/CMakeFiles/zephyr.dir/soc/ite/ec/it8xxx2/check_regs.c.obj
[krabby:rw] [336/380] Building C object CMakeFiles/app.dir/src/hibernate.c.obj
[uldrenite-ish:singleimage] [210/273] Building C object modules/ec/zephyr/CMakeFiles/ec_shim.dir/shim/src/host_command.c.obj
[uldrenite-ish:singleimage] [211/273] Building C object modules/ec/zephyr/CMakeFiles/ec_shim.dir/shim/src/console_buffer.c.obj
[jubilant:rw] [86/381] Building C object CMakeFiles/app.dir/mnt/host/source/src/platform/ec/build/zephyr/jubilant/modules/ec/common/lid_switch.c.obj
[krabby:rw] [337/380] Building C object CMakeFiles/app.dir/src/board.c.obj
[uldrenite-ish:singleimage] [212/273] Building C object modules/ec/zephyr/CMakeFiles/ec_shim.dir/shim/src/mkbp_event.c.obj
[jubilant:ro] [38/381] Building ASM object zephyr/CMakeFiles/zephyr.dir/soc/ite/ec/it8xxx2/vector.S.obj
[krabby:rw] [338/380] Building C object CMakeFiles/app.dir/src/usbc.c.obj
[jubilant:rw] [87/381] Building C object CMakeFiles/app.dir/mnt/host/source/src/platform/ec/build/zephyr/jubilant/modules/ec/common/mkbp_event.c.obj
[uldrenite-ish:singleimage] [213/273] Building C object modules/ec/zephyr/CMakeFiles/ec_shim.dir/shim/src/hwtimer.c.obj
[krabby:rw] [339/380] Building C object CMakeFiles/app.dir/src/board_chipset.c.obj
[uldrenite-ish:singleimage] [214/273] Building C object modules/ec/zephyr/CMakeFiles/ec_shim.dir/shim/src/motionsense_sensors.c.obj
[uldrenite-ish:singleimage] [215/273] Building C object modules/ec/zephyr/CMakeFiles/ec_shim.dir/shim/src/panic.c.obj
[krabby:rw] [340/380] Building C object CMakeFiles/app.dir/src/usb_pd_policy.c.obj
[jubilant:rw] [88/381] Building C object CMakeFiles/app.dir/mnt/host/source/src/platform/ec/build/zephyr/jubilant/modules/ec/common/port80.c.obj
[krabby:rw] [341/380] Building C object CMakeFiles/app.dir/src/ite_hooks.c.obj
[uldrenite-ish:singleimage] [216/273] Building C object modules/ec/zephyr/CMakeFiles/ec_shim.dir/shim/src/i2c.c.obj
[krabby:rw] [342/380] Building C object CMakeFiles/app.dir/src/variant_db_detection.c.obj
[krabby:rw] [343/380] Building C object CMakeFiles/app.dir/src/ite_charger_workaround.c.obj
[uldrenite-ish:singleimage] [217/273] Linking CXX static library modules/ec/zephyr/lib/math/libmath.iir_filter.a
[jubilant:ro] [39/381] Building C object zephyr/CMakeFiles/zephyr.dir/soc/ite/ec/it8xxx2/ilm.c.obj
[uldrenite-ish:singleimage] [218/273] Linking CXX static library modules/ec/zephyr/lib/math/libmath.iir_decimator.a
[krabby:rw] [344/380] Linking C static library modules/ec/zephyr/libec_shim.a
[jubilant:rw] [89/381] Building C object CMakeFiles/app.dir/mnt/host/source/src/platform/ec/build/zephyr/jubilant/modules/ec/common/power_button.c.obj
[krabby:rw] [345/380] Building C object CMakeFiles/app.dir/src/ite_i2c.c.obj
[uldrenite-ish:singleimage] [219/273] Linking CXX static library modules/ec/zephyr/lib/vsensor/body_detection/libvsensor.body_detection.a
[uldrenite-ish:singleimage] [220/273] Building C object modules/ec/zephyr/CMakeFiles/ec_shim.dir/shim/src/tasks.c.obj
[uldrenite-ish:singleimage] [221/273] Building C object modules/ec/zephyr/CMakeFiles/ec_shim.dir/shim/src/usbc_stub.c.obj
[uldrenite-ish:singleimage] [222/273] Linking CXX static library app/libapp.a
[uldrenite-ish:singleimage] [223/273] Building C object modules/ec/zephyr/CMakeFiles/ec_shim.dir/shim/src/host_command_heci.c.obj
[uldrenite-ish:singleimage] [224/273] Linking CXX static library modules/ec/zephyr/libec_shim.a
[jubilant:rw] [90/381] Building C object CMakeFiles/app.dir/mnt/host/source/src/platform/ec/build/zephyr/jubilant/modules/ec/power/hibernate.c.obj
[krabby:rw] [346/380] Building C object CMakeFiles/app.dir/src/ite_usb_pd_policy.c.obj
[krabby:rw] [347/380] Building C object zephyr/kernel/CMakeFiles/kernel.dir/busy_wait.c.obj
[krabby:rw] [348/380] Building C object CMakeFiles/app.dir/src/ite_usbc.c.obj
[krabby:rw] [349/380] Building C object zephyr/kernel/CMakeFiles/kernel.dir/errno.c.obj
[jubilant:rw] [91/381] Building C object CMakeFiles/app.dir/mnt/host/source/src/platform/ec/build/zephyr/jubilant/modules/ec/common/panic_output.c.obj
[jubilant:ro] [40/381] Building C object zephyr/CMakeFiles/zephyr.dir/subsys/logging/log_minimal.c.obj
[uldrenite-ish:singleimage] [225/273] Building C object modules/ec/zephyr/subsys/host_service/CMakeFiles/..__..__..__platform__ec__zephyr__subsys__host_service.dir/sys_mng.c.obj
[uldrenite-ish:singleimage] [226/273] Building C object modules/ec/zephyr/subsys/host_service/CMakeFiles/..__..__..__platform__ec__zephyr__subsys__host_service.dir/zephyr_host_service.c.obj
[krabby:rw] [350/380] Building C object CMakeFiles/app.dir/krabby/src/ppc.c.obj
[uldrenite-ish:singleimage] [227/273] Linking CXX static library modules/ec/zephyr/subsys/host_service/lib..__..__..__platform__ec__zephyr__subsys__host_service.a
[uldrenite-ish:singleimage] [228/273] Building C object modules/ec/zephyr/subsys/host_service/heci/CMakeFiles/..__..__..__platform__ec__zephyr__subsys__host_service__heci.dir/heci_intf.c.obj
[krabby:rw] [351/380] Building C object zephyr/kernel/CMakeFiles/kernel.dir/device.c.obj
[krabby:rw] [352/380] Linking C static library app/libapp.a
[krabby:rw] [353/380] Building C object zephyr/kernel/CMakeFiles/kernel.dir/version.c.obj
[jubilant:rw] [92/381] Building C object CMakeFiles/app.dir/mnt/host/source/src/platform/ec/build/zephyr/jubilant/modules/ec/common/shared_mem.c.obj
[uldrenite-ish:singleimage] [229/273] Building C object modules/ec/zephyr/subsys/host_service/heci/CMakeFiles/..__..__..__platform__ec__zephyr__subsys__host_service__heci.dir/heci_core.c.obj
[uldrenite-ish:singleimage] [230/273] Building C object modules/ec/zephyr/subsys/host_service/heci/CMakeFiles/..__..__..__platform__ec__zephyr__subsys__host_service__heci.dir/heci_system_state.c.obj
[krabby:rw] [354/380] Building C object zephyr/kernel/CMakeFiles/kernel.dir/fatal.c.obj
[uldrenite-ish:singleimage] [231/273] Building C object modules/ec/zephyr/subsys/host_service/heci/CMakeFiles/..__..__..__platform__ec__zephyr__subsys__host_service__heci.dir/intfs/ipm_intf.c.obj
[krabby:rw] [355/380] Building C object zephyr/kernel/CMakeFiles/kernel.dir/init.c.obj
[uldrenite-ish:singleimage] [232/273] Linking CXX static library modules/ec/zephyr/subsys/host_service/heci/lib..__..__..__platform__ec__zephyr__subsys__host_service__heci.a
[krabby:rw] [356/380] Building C object zephyr/kernel/CMakeFiles/kernel.dir/kheap.c.obj
[jubilant:rw] [93/381] Building C object CMakeFiles/app.dir/mnt/host/source/src/platform/ec/build/zephyr/jubilant/modules/ec/common/switch.c.obj
[krabby:rw] [357/380] Building C object zephyr/kernel/CMakeFiles/kernel.dir/mem_slab.c.obj
[krabby:rw] [358/380] Building C object zephyr/kernel/CMakeFiles/kernel.dir/float.c.obj
[jubilant:ro] [41/381] Building C object zephyr/CMakeFiles/zephyr.dir/subsys/pm/pm.c.obj
[uldrenite-ish:singleimage] [233/273] Building C object modules/ec/zephyr/drivers/dsp_comms/client/CMakeFiles/dsp.client.dir/dsp_client.c.obj
[uldrenite-ish:singleimage] [234/273] Building C object modules/ec/zephyr/drivers/dsp_comms/client/CMakeFiles/dsp.client.dir/dsp_client_transport.c.obj
[jubilant:rw] [94/381] Building C object CMakeFiles/app.dir/mnt/host/source/src/platform/ec/build/zephyr/jubilant/modules/ec/common/tablet_mode.c.obj
[krabby:rw] [359/380] Building C object zephyr/kernel/CMakeFiles/kernel.dir/idle.c.obj
[uldrenite-ish:singleimage] [235/273] Building C object modules/ec/zephyr/drivers/dsp_comms/client/CMakeFiles/dsp.client.dir/remote_body_detection.c.obj
[uldrenite-ish:singleimage] [236/273] Building C object modules/ec/zephyr/drivers/dsp_comms/client/CMakeFiles/dsp.client.dir/remote_cbi.c.obj
[krabby:rw] [360/380] Building C object zephyr/kernel/CMakeFiles/kernel.dir/mailbox.c.obj
[krabby:rw] [361/380] Building C object zephyr/kernel/CMakeFiles/kernel.dir/msg_q.c.obj
[krabby:rw] [362/380] Building C object zephyr/kernel/CMakeFiles/kernel.dir/mutex.c.obj
[jubilant:rw] [95/381] Building C object CMakeFiles/app.dir/mnt/host/source/src/platform/ec/build/zephyr/jubilant/modules/ec/common/thermal.c.obj
[krabby:rw] [363/380] Building C object zephyr/kernel/CMakeFiles/kernel.dir/queue.c.obj
[jubilant:ro] [42/381] Building C object zephyr/CMakeFiles/zephyr.dir/subsys/pm/state.c.obj
[krabby:rw] [364/380] Building C object zephyr/kernel/CMakeFiles/kernel.dir/sem.c.obj
[uldrenite-ish:singleimage] [237/273] Building C object modules/ec/zephyr/drivers/dsp_comms/client/CMakeFiles/dsp.client.dir/remote_lid_switch.c.obj
[uldrenite-ish:singleimage] [238/273] Building C object modules/ec/zephyr/drivers/dsp_comms/client/CMakeFiles/dsp.client.dir/remote_lid_angle.c.obj
[uldrenite-ish:singleimage] [239/273] Building C object zephyr/kernel/CMakeFiles/kernel.dir/main_weak.c.obj
[jubilant:rw] [96/381] Building C object CMakeFiles/app.dir/mnt/host/source/src/platform/ec/build/zephyr/jubilant/modules/ec/common/temp_sensor.c.obj
[krabby:rw] [365/380] Building C object zephyr/kernel/CMakeFiles/kernel.dir/stack.c.obj
[uldrenite-ish:singleimage] [240/273] Building C object modules/ec/zephyr/drivers/dsp_comms/client/CMakeFiles/dsp.client.dir/remote_tablet_switch.c.obj
[uldrenite-ish:singleimage] [241/273] Linking CXX static library modules/ec/zephyr/drivers/dsp_comms/client/libdsp.client.a
[krabby:rw] [366/380] Building C object zephyr/kernel/CMakeFiles/kernel.dir/system_work_q.c.obj
[krabby:rw] [367/380] Building C object zephyr/kernel/CMakeFiles/kernel.dir/condvar.c.obj
[krabby:rw] [368/380] Building C object zephyr/kernel/CMakeFiles/kernel.dir/work.c.obj
[jubilant:rw] [97/381] Building C object CMakeFiles/app.dir/mnt/host/source/src/platform/ec/build/zephyr/jubilant/modules/ec/driver/temp_sensor/thermistor.c.obj
[uldrenite-ish:singleimage] [242/273] Building C object zephyr/kernel/CMakeFiles/kernel.dir/banner.c.obj
[uldrenite-ish:singleimage] [243/273] Building C object zephyr/kernel/CMakeFiles/kernel.dir/busy_wait.c.obj
[uldrenite-ish:singleimage] [244/273] Building C object zephyr/kernel/CMakeFiles/kernel.dir/device.c.obj
[krabby:rw] [369/380] Building C object zephyr/kernel/CMakeFiles/kernel.dir/thread.c.obj
[jubilant:ro] [43/381] Building C object zephyr/CMakeFiles/zephyr.dir/subsys/pm/policy/policy_events.c.obj
[jubilant:rw] [98/381] Building C object CMakeFiles/app.dir/mnt/host/source/src/platform/ec/build/zephyr/jubilant/modules/ec/common/timer.c.obj
[uldrenite-ish:singleimage] [245/273] Building C object zephyr/kernel/CMakeFiles/kernel.dir/errno.c.obj
[krabby:rw] [370/380] Building C object zephyr/kernel/CMakeFiles/kernel.dir/sched.c.obj
[krabby:rw] [371/380] Building C object zephyr/kernel/CMakeFiles/kernel.dir/pipe.c.obj
[jubilant:rw] [99/381] Building C object CMakeFiles/app.dir/mnt/host/source/src/platform/ec/build/zephyr/jubilant/modules/ec/common/usb_port_power_dumb.c.obj
[krabby:rw] [372/380] Building C object zephyr/kernel/CMakeFiles/kernel.dir/spinlock_validate.c.obj
[uldrenite-ish:singleimage] [246/273] Building C object zephyr/kernel/CMakeFiles/kernel.dir/fatal.c.obj
[/mnt/host/source/src/platform/ec/build/zephyr/navi-lcov]   /mnt/host/source/src/platform/ec/build/zephyr/navi/build-ro/zephyr/CMakeFiles/zephyr.dir/soc/ite/ec/it8xxx2/check_regs.c.gcno:no functions found
[/mnt/host/source/src/platform/ec/build/zephyr/navi-lcov] stderr:
[uldrenite-ish:singleimage] [247/273] Building C object zephyr/kernel/CMakeFiles/kernel.dir/init.c.obj
[krabby:rw] [373/380] Building C object zephyr/kernel/CMakeFiles/kernel.dir/timeout.c.obj
[uldrenite-ish:singleimage] [248/273] Building C object zephyr/kernel/CMakeFiles/kernel.dir/kheap.c.obj
[krabby:rw] [374/380] Building C object zephyr/kernel/CMakeFiles/kernel.dir/thread_monitor.c.obj
Running (initial) lcov on /mnt/host/source/src/platform/ec/build/zephyr/felino.
[krabby:rw] [375/380] Building C object zephyr/kernel/CMakeFiles/kernel.dir/timer.c.obj
[uldrenite-ish:singleimage] [249/273] Building C object zephyr/kernel/CMakeFiles/kernel.dir/version.c.obj
[jubilant:rw] [100/381] Building C object CMakeFiles/app.dir/mnt/host/source/src/platform/ec/build/zephyr/jubilant/modules/ec/common/usbc_utils.c.obj
[jubilant:ro] [44/381] Building C object zephyr/CMakeFiles/zephyr.dir/subsys/pm/policy/policy_latency.c.obj
[uldrenite-ish:singleimage] [250/273] Building C object zephyr/kernel/CMakeFiles/kernel.dir/mem_slab.c.obj
Running `env -i PYTHONPATH=/usr/lib64/python-exec/python3.11:/mnt/host/source/src/platform/ec/zephyr/zmake:/usr/lib/python311.zip:/usr/lib/python3.11:/usr/lib/python3.11/lib-dynload:/usr/lib/python3.11/site-packages PW_PIGWEED_CIPD_INSTALL_DIR=/usr CROSTC_USER_ACKNOWLEDGES_THAT_RISCV_IS_EXPERIMENTAL=1 PATH=/mnt/host/source/chromite/bin:/usr/local/bin:/usr/bin:/bin:/opt/bin:/mnt/host/source/chromite/sdk/bin:/mnt/host/source/chromite/bin HOME=/home/jpmurphy JAVA_HOME=/etc/java-config-2/current-system-vm JDK_HOME=/etc/java-config-2/current-system-vm JAVAC=/etc/java-config-2/current-system-vm/bin/javac MAKEFLAGS=' -j16 --jobserver-auth=5,6' /usr/bin/lcov --gcov-tool /mnt/host/source/src/platform/ec/build/zephyr/felino/build-rw/gcov.sh -q -o - -c -d /mnt/host/source/src/platform/ec/build/zephyr/felino -t felino --rc branch_coverage=1 --filter range --ignore-errors inconsistent,source --ignore-errors gcov,gcov -i`
[uldrenite-ish:singleimage] [251/273] Building C object zephyr/kernel/CMakeFiles/kernel.dir/float.c.obj
Running (initial) lcov on /mnt/host/source/src/platform/ec/build/zephyr/mtlrvpp_mchp.
[krabby:rw] [376/380] Building C object zephyr/kernel/CMakeFiles/kernel.dir/mempool.c.obj
Toolchain <zmake.toolchains.CorebootSdkToolchain object at 0x7f4120749dd0> selected by probe function.
[meliks] Building in /mnt/host/source/src/platform/ec/build/zephyr/meliks.
[krabby:rw] [377/380] Building C object zephyr/kernel/CMakeFiles/kernel.dir/events.c.obj
[uldrenite-ish:singleimage] [252/273] Building C object zephyr/kernel/CMakeFiles/kernel.dir/idle.c.obj
[krabby:rw] [378/380] Building C object zephyr/kernel/CMakeFiles/kernel.dir/poll.c.obj
[krabby:rw] [379/380] Building C object zephyr/kernel/CMakeFiles/kernel.dir/dynamic_disabled.c.obj
[uldrenite-ish:singleimage] [253/273] Building C object zephyr/kernel/CMakeFiles/kernel.dir/mailbox.c.obj
[jubilant:rw] [101/381] Building C object CMakeFiles/app.dir/mnt/host/source/src/platform/ec/build/zephyr/jubilant/modules/ec/common/usb_common.c.obj
[krabby:rw] [380/380] Linking C static library zephyr/kernel/libkernel.a
Running `env -i PYTHONPATH=/usr/lib64/python-exec/python3.11:/mnt/host/source/src/platform/ec/zephyr/zmake:/usr/lib/python311.zip:/usr/lib/python3.11:/usr/lib/python3.11/lib-dynload:/usr/lib/python3.11/site-packages PW_PIGWEED_CIPD_INSTALL_DIR=/usr CROSTC_USER_ACKNOWLEDGES_THAT_RISCV_IS_EXPERIMENTAL=1 PATH=/mnt/host/source/chromite/bin:/usr/local/bin:/usr/bin:/bin:/opt/bin:/mnt/host/source/chromite/sdk/bin:/mnt/host/source/chromite/bin HOME=/home/jpmurphy JAVA_HOME=/etc/java-config-2/current-system-vm JDK_HOME=/etc/java-config-2/current-system-vm JAVAC=/etc/java-config-2/current-system-vm/bin/javac MAKEFLAGS=' -j16 --jobserver-auth=5,6' /usr/bin/lcov --gcov-tool /mnt/host/source/src/platform/ec/build/zephyr/mtlrvpp_mchp/build-rw/gcov.sh -q -o - -c -d /mnt/host/source/src/platform/ec/build/zephyr/mtlrvpp_mchp -t mtlrvpp_mchp --rc branch_coverage=1 --filter range --ignore-errors inconsistent,source --ignore-errors gcov,gcov -i`
[uldrenite-ish:singleimage] [254/273] Building C object zephyr/kernel/CMakeFiles/kernel.dir/msg_q.c.obj
[jubilant:ro] [45/381] Building C object zephyr/CMakeFiles/zephyr.dir/subsys/pm/policy/policy_state_lock.c.obj
[jubilant:rw] [102/381] Building C object CMakeFiles/app.dir/mnt/host/source/src/platform/ec/build/zephyr/jubilant/modules/ec/common/usb_pd_host_cmd_common.c.obj
[uldrenite-ish:singleimage] [255/273] Building C object zephyr/kernel/CMakeFiles/kernel.dir/queue.c.obj
[uldrenite-ish:singleimage] [256/273] Building C object zephyr/kernel/CMakeFiles/kernel.dir/mutex.c.obj
[uldrenite-ish:singleimage] [257/273] Building C object zephyr/kernel/CMakeFiles/kernel.dir/sem.c.obj
[uldrenite-ish:singleimage] [258/273] Building C object zephyr/kernel/CMakeFiles/kernel.dir/system_work_q.c.obj
[uldrenite-ish:singleimage] [259/273] Building C object zephyr/kernel/CMakeFiles/kernel.dir/stack.c.obj
[/mnt/host/source/src/platform/ec/build/zephyr/felino-lcov] geninfo: WARNING: using JSON module "JSON::PP" - which is much slower than some alternatives.  Consider installing one of JSON::XS or Cpanel::JSON::XS
[jubilant:rw] [103/381] Building C object CMakeFiles/app.dir/mnt/host/source/src/platform/ec/build/zephyr/jubilant/modules/ec/common/vboot_hash.c.obj
[jubilant:rw] [104/381] Building C object CMakeFiles/app.dir/mnt/host/source/src/platform/ec/build/zephyr/jubilant/modules/ec/common/button.c.obj
[jubilant:ro] [46/381] Building C object zephyr/CMakeFiles/zephyr.dir/subsys/pm/device.c.obj
[jubilant:rw] [105/381] Building C object CMakeFiles/app.dir/mnt/host/source/src/platform/ec/build/zephyr/jubilant/modules/ec/common/vboot/efs2.c.obj
[uldrenite-ish:singleimage] [260/273] Building C object zephyr/kernel/CMakeFiles/kernel.dir/condvar.c.obj
[jubilant:rw] [106/381] Building C object CMakeFiles/app.dir/mnt/host/source/src/platform/ec/build/zephyr/jubilant/modules/ec/common/vstore.c.obj
[uldrenite-ish:singleimage] [261/273] Building C object zephyr/kernel/CMakeFiles/kernel.dir/work.c.obj
[uldrenite-ish:singleimage] [262/273] Building C object zephyr/kernel/CMakeFiles/kernel.dir/thread.c.obj
[jubilant:ro] [47/381] Building C object zephyr/CMakeFiles/zephyr.dir/subsys/pm/device_runtime.c.obj
[uldrenite-ish:singleimage] [263/273] Building C object zephyr/kernel/CMakeFiles/kernel.dir/pipe.c.obj
[jubilant:rw] [107/381] Building C object CMakeFiles/app.dir/mnt/host/source/src/platform/ec/build/zephyr/jubilant/modules/ec/common/math_util.c.obj
[/mnt/host/source/src/platform/ec/build/zephyr/mtlrvpp_mchp-lcov] geninfo: WARNING: using JSON module "JSON::PP" - which is much slower than some alternatives.  Consider installing one of JSON::XS or Cpanel::JSON::XS
[uldrenite-ish:singleimage] [264/273] Building C object zephyr/kernel/CMakeFiles/kernel.dir/sched.c.obj
[jubilant:ro] [48/381] Building C object zephyr/CMakeFiles/zephyr.dir/subsys/pm/device_system_managed.c.obj
[uldrenite-ish:singleimage] [265/273] Building C object zephyr/kernel/CMakeFiles/kernel.dir/spinlock_validate.c.obj
[uldrenite-ish:singleimage] [266/273] Building C object zephyr/kernel/CMakeFiles/kernel.dir/thread_monitor.c.obj
[uldrenite-ish:singleimage] [267/273] Building C object zephyr/kernel/CMakeFiles/kernel.dir/timeout.c.obj
[jubilant:rw] [108/381] Building C object CMakeFiles/app.dir/src/board_power.c.obj
[jubilant:rw] [109/381] Building C object CMakeFiles/app.dir/jubilant/src/keyboard.c.obj
[uldrenite-ish:singleimage] [268/273] Building C object zephyr/kernel/CMakeFiles/kernel.dir/timer.c.obj
[jubilant:rw] [110/381] Building C object CMakeFiles/app.dir/jubilant/src/touch_panel.c.obj
[jubilant:rw] [111/381] Building C object CMakeFiles/app.dir/src/hibernate.c.obj
[meliks:rw] Configuring.
Running `env -i PYTHONPATH=/usr/lib64/python-exec/python3.11:/mnt/host/source/src/platform/ec/zephyr/zmake:/usr/lib/python311.zip:/usr/lib/python3.11:/usr/lib/python3.11/lib-dynload:/usr/lib/python3.11/site-packages PW_PIGWEED_CIPD_INSTALL_DIR=/usr CROSTC_USER_ACKNOWLEDGES_THAT_RISCV_IS_EXPERIMENTAL=1 PATH=/mnt/host/source/chromite/bin:/usr/local/bin:/usr/bin:/bin:/opt/bin:/mnt/host/source/chromite/sdk/bin:/mnt/host/source/chromite/bin HOME=/home/jpmurphy JAVA_HOME=/etc/java-config-2/current-system-vm JDK_HOME=/etc/java-config-2/current-system-vm JAVAC=/etc/java-config-2/current-system-vm/bin/javac MAKEFLAGS=' -j16 --jobserver-auth=5,6' /usr/bin/cmake -S /mnt/host/source/src/platform/ec/zephyr/program/nissa -B /mnt/host/source/src/platform/ec/build/zephyr/meliks/build-rw -GNinja -DCMAKE_EXPORT_COMPILE_COMMANDS=ON -DZEPHYR_BASE=/mnt/host/source/src/third_party/zephyr/main -DZMAKE_INCLUDE_DIR=/mnt/host/source/src/platform/ec/build/zephyr/meliks/include -DPython3_EXECUTABLE=/usr/bin/python3.11 -DDTS_ROOT=/mnt/host/source/src/platform/ec/zephyr -DSYSCALL_INCLUDE_DIRS=/mnt/host/source/src/platform/ec/zephyr/include/drivers -DUSER_CACHE_DIR=/mnt/host/source/src/platform/ec/build/zephyr/user-cache '-DEXTRA_EC_VERSION_FLAGS=--version 16543.0.0 --static' -DTOOLCHAIN_ROOT=/mnt/host/source/src/platform/ec/zephyr -DCOREBOOT_SDK_ROOT_x86=/home/jpmurphy/.cache/coreboot-sdk/i386-elf/dfbb0486385d938cfa9d73080b9d18d598ed4f49 -DCOREBOOT_SDK_ROOT_picolibc_x86=/home/jpmurphy/.cache/coreboot-sdk/picolibc-i386-elf/eb8e8e687b95461de8cbf278f1c2076952d0ad17 -DCOREBOOT_SDK_ROOT_riscv64=/home/jpmurphy/.cache/coreboot-sdk/riscv64-elf/96b949749225b6aaa92ed810ab769e8dfb12f000 -DCOREBOOT_SDK_ROOT_picolibc_arm=/home/jpmurphy/.cache/coreboot-sdk/picolibc-arm-eabi/422a2aa3e1ef891b5bece9a3deb696ff83840d2e -DCOREBOOT_SDK_ROOT_nds32=/home/jpmurphy/.cache/coreboot-sdk/nds32le-elf/d1a518c4a097666d86058e1444f85ca015d15511 -DCOREBOOT_SDK_ROOT_picolibc_riscv64=/home/jpmurphy/.cache/coreboot-sdk/picolibc-riscv64-elf/f571e990ef0278564b31124f8bb109d9a697eb69 -DCOREBOOT_SDK_ROOT_arm=/home/jpmurphy/.cache/coreboot-sdk/arm-eabi/ea40ddd1d190c3b48435c474c0b545719371813a -DCOREBOOT_SDK_ROOT_libstdcxx_riscv64=/home/jpmurphy/.cache/coreboot-sdk/libstdcxx-riscv64-elf/17abf22a3a252e2d5d2062ced5324f7a623689e0 -DCOREBOOT_SDK_ROOT_libstdcxx_arm=/home/jpmurphy/.cache/coreboot-sdk/libstdcxx-arm-eabi/5d7d82e150e44aa1968f1d366e267e6687b328ac -DCOREBOOT_SDK_ROOT_riscv=/home/jpmurphy/.cache/coreboot-sdk/riscv-elf/9a27b9e82341c6e9126624f516ab3f261abb3e73 -DCOREBOOT_SDK_ROOT_libstdcxx_x86=/home/jpmurphy/.cache/coreboot-sdk/libstdcxx-i386-elf/42ef9d2e87a76a37963175d7d428734e65648b87 -DZEPHYR_TOOLCHAIN_VARIANT=coreboot-sdk '-DZEPHYR_MODULES=/mnt/host/source/src/platform/ec/build/zephyr/meliks/modules/cmsis;/mnt/host/source/src/platform/ec/build/zephyr/meliks/modules/cmsis_6;/mnt/host/source/src/platform/ec/build/zephyr/meliks/modules/ec' -DDTC_OVERLAY_FILE=/mnt/host/source/src/platform/ec/zephyr/program/nissa/meliks/project.overlay -DBOARD=npcx9/npcx9m3f -DCMAKE_C_FLAGS=-DSECTION_IS_RW '-DCONF_FILE=/mnt/host/source/src/platform/ec/zephyr/program/nissa/program.conf;/mnt/host/source/src/platform/ec/zephyr/program/nissa/npcx_program.conf;/mnt/host/source/src/platform/ec/zephyr/program/nissa/meliks/project.conf;/mnt/host/source/src/platform/ec/build/zephyr/meliks/kconfig-rw.conf'`
[uldrenite-ish:singleimage] [269/273] Building C object zephyr/kernel/CMakeFiles/kernel.dir/events.c.obj
[meliks:rw] Loading Zephyr default modules (Zephyr base (cached)).
[meliks:rw] -- Application: /mnt/host/source/src/platform/ec/zephyr/program/nissa
[meliks:rw] -- CMake version: 3.31.7
[jubilant:ro] [49/381] Building C object zephyr/CMakeFiles/zephyr.dir/subsys/testsuite/coverage/coverage.c.obj
[/mnt/host/source/src/platform/ec/build/zephyr/felino-lcov] stderr:
[jubilant:ro] [50/381] Building C object zephyr/CMakeFiles/zephyr.dir/subsys/tracing/tracing_none.c.obj
[jubilant:rw] [112/381] Building C object CMakeFiles/app.dir/src/suspend_resume.c.obj
[meliks:ro] Configuring.
[uldrenite-ish:singleimage] [270/273] Building C object zephyr/kernel/CMakeFiles/kernel.dir/mempool.c.obj
Running `env -i PYTHONPATH=/usr/lib64/python-exec/python3.11:/mnt/host/source/src/platform/ec/zephyr/zmake:/usr/lib/python311.zip:/usr/lib/python3.11:/usr/lib/python3.11/lib-dynload:/usr/lib/python3.11/site-packages PW_PIGWEED_CIPD_INSTALL_DIR=/usr CROSTC_USER_ACKNOWLEDGES_THAT_RISCV_IS_EXPERIMENTAL=1 PATH=/mnt/host/source/chromite/bin:/usr/local/bin:/usr/bin:/bin:/opt/bin:/mnt/host/source/chromite/sdk/bin:/mnt/host/source/chromite/bin HOME=/home/jpmurphy JAVA_HOME=/etc/java-config-2/current-system-vm JDK_HOME=/etc/java-config-2/current-system-vm JAVAC=/etc/java-config-2/current-system-vm/bin/javac MAKEFLAGS=' -j16 --jobserver-auth=5,6' /usr/bin/cmake -S /mnt/host/source/src/platform/ec/zephyr/program/nissa -B /mnt/host/source/src/platform/ec/build/zephyr/meliks/build-ro -GNinja -DCMAKE_EXPORT_COMPILE_COMMANDS=ON -DZEPHYR_BASE=/mnt/host/source/src/third_party/zephyr/main -DZMAKE_INCLUDE_DIR=/mnt/host/source/src/platform/ec/build/zephyr/meliks/include -DPython3_EXECUTABLE=/usr/bin/python3.11 -DDTS_ROOT=/mnt/host/source/src/platform/ec/zephyr -DSYSCALL_INCLUDE_DIRS=/mnt/host/source/src/platform/ec/zephyr/include/drivers -DUSER_CACHE_DIR=/mnt/host/source/src/platform/ec/build/zephyr/user-cache '-DEXTRA_EC_VERSION_FLAGS=--version 16543.0.0 --static' -DTOOLCHAIN_ROOT=/mnt/host/source/src/platform/ec/zephyr -DCOREBOOT_SDK_ROOT_x86=/home/jpmurphy/.cache/coreboot-sdk/i386-elf/dfbb0486385d938cfa9d73080b9d18d598ed4f49 -DCOREBOOT_SDK_ROOT_picolibc_x86=/home/jpmurphy/.cache/coreboot-sdk/picolibc-i386-elf/eb8e8e687b95461de8cbf278f1c2076952d0ad17 -DCOREBOOT_SDK_ROOT_riscv64=/home/jpmurphy/.cache/coreboot-sdk/riscv64-elf/96b949749225b6aaa92ed810ab769e8dfb12f000 -DCOREBOOT_SDK_ROOT_picolibc_arm=/home/jpmurphy/.cache/coreboot-sdk/picolibc-arm-eabi/422a2aa3e1ef891b5bece9a3deb696ff83840d2e -DCOREBOOT_SDK_ROOT_nds32=/home/jpmurphy/.cache/coreboot-sdk/nds32le-elf/d1a518c4a097666d86058e1444f85ca015d15511 -DCOREBOOT_SDK_ROOT_picolibc_riscv64=/home/jpmurphy/.cache/coreboot-sdk/picolibc-riscv64-elf/f571e990ef0278564b31124f8bb109d9a697eb69 -DCOREBOOT_SDK_ROOT_arm=/home/jpmurphy/.cache/coreboot-sdk/arm-eabi/ea40ddd1d190c3b48435c474c0b545719371813a -DCOREBOOT_SDK_ROOT_libstdcxx_riscv64=/home/jpmurphy/.cache/coreboot-sdk/libstdcxx-riscv64-elf/17abf22a3a252e2d5d2062ced5324f7a623689e0 -DCOREBOOT_SDK_ROOT_libstdcxx_arm=/home/jpmurphy/.cache/coreboot-sdk/libstdcxx-arm-eabi/5d7d82e150e44aa1968f1d366e267e6687b328ac -DCOREBOOT_SDK_ROOT_riscv=/home/jpmurphy/.cache/coreboot-sdk/riscv-elf/9a27b9e82341c6e9126624f516ab3f261abb3e73 -DCOREBOOT_SDK_ROOT_libstdcxx_x86=/home/jpmurphy/.cache/coreboot-sdk/libstdcxx-i386-elf/42ef9d2e87a76a37963175d7d428734e65648b87 -DZEPHYR_TOOLCHAIN_VARIANT=coreboot-sdk '-DZEPHYR_MODULES=/mnt/host/source/src/platform/ec/build/zephyr/meliks/modules/cmsis;/mnt/host/source/src/platform/ec/build/zephyr/meliks/modules/cmsis_6;/mnt/host/source/src/platform/ec/build/zephyr/meliks/modules/ec' -DDTC_OVERLAY_FILE=/mnt/host/source/src/platform/ec/zephyr/program/nissa/meliks/project.overlay -DBOARD=npcx9/npcx9m3f -DCMAKE_C_FLAGS=-DSECTION_IS_RO '-DCONF_FILE=/mnt/host/source/src/platform/ec/zephyr/program/nissa/program.conf;/mnt/host/source/src/platform/ec/zephyr/program/nissa/npcx_program.conf;/mnt/host/source/src/platform/ec/zephyr/program/nissa/meliks/project.conf;/mnt/host/source/src/platform/ec/build/zephyr/meliks/kconfig-ro.conf'`
[krabby:ro] Building: /usr/bin/ninja -C /mnt/host/source/src/platform/ec/build/zephyr/krabby/build-ro all.libraries
Running `env -i SHELL=/bin/bash COLORTERM=truecolor DEPOT_TOOLS_UPDATE=0 LESS='-R -M --shift 5' SUDO_GID=0 JDK_HOME=/etc/java-config-2/current-system-vm CONFIG_PROTECT_MASK='/etc/gentoo-release /etc/sandbox.d /etc/fonts/fonts.conf /etc/terminfo /etc/ca-certificates.conf /etc/revdep-rebuild' CHROMEOS_CACHEDIR=/var/cache/chromeos-cache JAVA_HOME=/etc/java-config-2/current-system-vm SSH_AUTH_SOCK=/tmp/ssh-auth-sock SUDO_COMMAND=/bin/bash SUDO_USER=root SUDO_TTY=/dev/pts/2 EDITOR=/usr/bin/vi PWD=/mnt/host/source/src/platform/ec CONFIG_PROTECT=/usr/share/gnupg/qualified.txt LOGNAME=jpmurphy MANPATH=/etc/java-config-2/current-system-vm/man:/usr/local/share/man:/usr/share/man:/usr/share/gcc-data/x86_64-pc-linux-gnu/10.2.0/man:/usr/share/binutils-data/x86_64-pc-linux-gnu/2.45/man:/etc/java-config-2/current-system-vm/man/ SUDO_HOME=/root XAUTHORITY=/run/user/944457/gdm/Xauthority HOME=/home/jpmurphy LANG=C.UTF-8 LS_COLORS='rs=0:di=01;34:ln=01;36:mh=00:pi=40;33:so=01;35:do=01;35:bd=40;33;01:cd=40;33;01:or=01;05;37;41:mi=01;05;37;41:su=37;41:sg=30;43:ca=30;41:tw=30;42:ow=34;42:st=37;44:ex=01;32:*.tar=01;31:*.tgz=01;31:*.arc=01;31:*.arj=01;31:*.taz=01;31:*.lha=01;31:*.lz4=01;31:*.lzh=01;31:*.lzma=01;31:*.tlz=01;31:*.txz=01;31:*.tzo=01;31:*.t7z=01;31:*.zip=01;31:*.z=01;31:*.dz=01;31:*.gz=01;31:*.lrz=01;31:*.lz=01;31:*.lzo=01;31:*.xz=01;31:*.zst=01;31:*.tzst=01;31:*.bz2=01;31:*.bz=01;31:*.tbz=01;31:*.tbz2=01;31:*.tz=01;31:*.deb=01;31:*.rpm=01;31:*.jar=01;31:*.war=01;31:*.ear=01;31:*.sar=01;31:*.rar=01;31:*.alz=01;31:*.ace=01;31:*.zoo=01;31:*.cpio=01;31:*.7z=01;31:*.rz=01;31:*.cab=01;31:*.wim=01;31:*.swm=01;31:*.dwm=01;31:*.esd=01;31:*.jpg=01;35:*.jpeg=01;35:*.mjpg=01;35:*.mjpeg=01;35:*.gif=01;35:*.bmp=01;35:*.pbm=01;35:*.pgm=01;35:*.ppm=01;35:*.tga=01;35:*.xbm=01;35:*.xpm=01;35:*.tif=01;35:*.tiff=01;35:*.png=01;35:*.svg=01;35:*.svgz=01;35:*.mng=01;35:*.pcx=01;35:*.mov=01;35:*.mpg=01;35:*.mpeg=01;35:*.m2v=01;35:*.mkv=01;35:*.webm=01;35:*.webp=01;35:*.ogm=01;35:*.mp4=01;35:*.m4v=01;35:*.mp4v=01;35:*.vob=01;35:*.qt=01;35:*.nuv=01;35:*.wmv=01;35:*.asf=01;35:*.rm=01;35:*.rmvb=01;35:*.flc=01;35:*.avi=01;35:*.fli=01;35:*.flv=01;35:*.gl=01;35:*.dl=01;35:*.xcf=01;35:*.xwd=01;35:*.yuv=01;35:*.cgm=01;35:*.emf=01;35:*.ogv=01;35:*.ogx=01;35:*.cfg=00;32:*.conf=00;32:*.diff=00;32:*.doc=00;32:*.ini=00;32:*.log=00;32:*.patch=00;32:*.pdf=00;32:*.ps=00;32:*.tex=00;32:*.txt=00;32:*.aac=00;36:*.au=00;36:*.flac=00;36:*.m4a=00;36:*.mid=00;36:*.midi=00;36:*.mka=00;36:*.mp3=00;36:*.mpc=00;36:*.ogg=00;36:*.ra=00;36:*.wav=00;36:*.oga=00;36:*.opus=00;36:*.spx=00;36:*.xspf=00;36:' XDG_CURRENT_DESKTOP=GNOME INFOPATH=/usr/share/info:/usr/share/gcc-data/x86_64-pc-linux-gnu/10.2.0/info:/usr/share/binutils-data/x86_64-pc-linux-gnu/2.45/info:/usr/share/automake-1.16.5/info JAVAC=/etc/java-config-2/current-system-vm/bin/javac TERM=xterm-256color LESSOPEN='|lesspipe %s' USER=jpmurphy CROS_WORKON_SRCROOT=/mnt/host/source MANPAGER=manpager DISPLAY=:1 SHLVL=1 LC_MESSAGES=C EXTERNAL_TRUNK_PATH=/mnt/8f9d649a-3721-44cc-93c0-e6bd21a9689f/chromiumos GCC_SPECS='' PATH=/mnt/host/source/chromite/bin:/usr/local/bin:/usr/bin:/bin:/opt/bin:/mnt/host/source/chromite/sdk/bin:/mnt/host/source/chromite/bin PORTAGE_USERNAME=jpmurphy SUDO_UID=0 GCC_VER=10.2.0 MAIL=/var/mail/jpmurphy OLDPWD=/mnt/host/source/src/scripts traceparent=00-e87aca51550a78635907baa6a2476181-6d684811675d2973-01 _=./zephyr/firmware_builder.py COREBOOT_SDK_ROOT_x86=/home/jpmurphy/.cache/coreboot-sdk/i386-elf/dfbb0486385d938cfa9d73080b9d18d598ed4f49 COREBOOT_SDK_ROOT_picolibc_x86=/home/jpmurphy/.cache/coreboot-sdk/picolibc-i386-elf/eb8e8e687b95461de8cbf278f1c2076952d0ad17 COREBOOT_SDK_ROOT_riscv64=/home/jpmurphy/.cache/coreboot-sdk/riscv64-elf/96b949749225b6aaa92ed810ab769e8dfb12f000 COREBOOT_SDK_ROOT_picolibc_arm=/home/jpmurphy/.cache/coreboot-sdk/picolibc-arm-eabi/422a2aa3e1ef891b5bece9a3deb696ff83840d2e COREBOOT_SDK_ROOT_nds32=/home/jpmurphy/.cache/coreboot-sdk/nds32le-elf/d1a518c4a097666d86058e1444f85ca015d15511 COREBOOT_SDK_ROOT_picolibc_riscv64=/home/jpmurphy/.cache/coreboot-sdk/picolibc-riscv64-elf/f571e990ef0278564b31124f8bb109d9a697eb69 COREBOOT_SDK_ROOT_arm=/home/jpmurphy/.cache/coreboot-sdk/arm-eabi/ea40ddd1d190c3b48435c474c0b545719371813a COREBOOT_SDK_ROOT_libstdcxx_riscv64=/home/jpmurphy/.cache/coreboot-sdk/libstdcxx-riscv64-elf/17abf22a3a252e2d5d2062ced5324f7a623689e0 COREBOOT_SDK_ROOT_libstdcxx_arm=/home/jpmurphy/.cache/coreboot-sdk/libstdcxx-arm-eabi/5d7d82e150e44aa1968f1d366e267e6687b328ac COREBOOT_SDK_ROOT_riscv=/home/jpmurphy/.cache/coreboot-sdk/riscv-elf/9a27b9e82341c6e9126624f516ab3f261abb3e73 COREBOOT_SDK_ROOT_libstdcxx_x86=/home/jpmurphy/.cache/coreboot-sdk/libstdcxx-i386-elf/42ef9d2e87a76a37963175d7d428734e65648b87 PYTHONPATH=/mnt/host/source/src/platform/ec/zephyr/zmake PW_PIGWEED_CIPD_INSTALL_DIR=/usr CROSTC_USER_ACKNOWLEDGES_THAT_RISCV_IS_EXPERIMENTAL=1 MAKEFLAGS=' -j16 --jobserver-auth=5,6' /usr/bin/ninja -C /mnt/host/source/src/platform/ec/build/zephyr/krabby/build-ro all.libraries`
[uldrenite-ish:singleimage] [271/273] Building C object zephyr/kernel/CMakeFiles/kernel.dir/poll.c.obj
[krabby:ro] ninja: Entering directory `/mnt/host/source/src/platform/ec/build/zephyr/krabby/build-ro'
[meliks:ro] Loading Zephyr default modules (Zephyr base (cached)).
[meliks:ro] -- Application: /mnt/host/source/src/platform/ec/zephyr/program/nissa
[meliks:ro] -- CMake version: 3.31.7
[uldrenite-ish:singleimage] [272/273] Building C object zephyr/kernel/CMakeFiles/kernel.dir/dynamic_disabled.c.obj
[/mnt/host/source/src/platform/ec/build/zephyr/navi-lcov]   /mnt/host/source/src/platform/ec/build/zephyr/navi/build-ro/zephyr/drivers/syscon/CMakeFiles/drivers__syscon.dir/mnt/host/source/src/third_party/zephyr/main/misc/empty_file.c.gcno:no functions found
[/mnt/host/source/src/platform/ec/build/zephyr/navi-lcov] stderr:
[uldrenite-ish:singleimage] [273/273] Linking CXX static library zephyr/kernel/libkernel.a
[meliks:rw] -- Found Python3: /usr/bin/python3.11 (found suitable version "3.11.11", minimum required is "3.10") found components: Interpreter
[meliks:rw] -- Cache files will be written to: /mnt/host/source/src/platform/ec/build/zephyr/user-cache
[meliks:rw] -- Zephyr version: 4.3.99 (/mnt/host/source/src/third_party/zephyr/main)
[/mnt/host/source/src/platform/ec/build/zephyr/felino-lcov]   /mnt/host/source/src/platform/ec/build/zephyr/felino/build-ro/modules/ec/zephyr/CMakeFiles/ec_shim.dir/shim/src/thermal.c.gcno:no functions found
[/mnt/host/source/src/platform/ec/build/zephyr/felino-lcov] stderr:
[jubilant:rw] [113/381] Building C object zephyr/CMakeFiles/zephyr.dir/lib/libc/validate_libc.c.obj
[/mnt/host/source/src/platform/ec/build/zephyr/mtlrvpp_mchp-lcov] stderr:
[meliks:ro] -- Found Python3: /usr/bin/python3.11 (found suitable version "3.11.11", minimum required is "3.10") found components: Interpreter
[meliks:ro] -- Cache files will be written to: /mnt/host/source/src/platform/ec/build/zephyr/user-cache
[meliks:ro] -- Zephyr version: 4.3.99 (/mnt/host/source/src/third_party/zephyr/main)
[jubilant:rw] [114/381] Building C object CMakeFiles/app.dir/src/usbc.c.obj
[jubilant:ro] [51/381] Building C object zephyr/CMakeFiles/zephyr.dir/subsys/shell/modules/kernel_service/kernel_shell.c.obj
[/mnt/host/source/src/platform/ec/build/zephyr/felino-lcov]   /mnt/host/source/src/platform/ec/build/zephyr/felino/build-ro/modules/ec/zephyr/CMakeFiles/ec_shim.dir/shim/src/battery.c.gcno:no functions found
[/mnt/host/source/src/platform/ec/build/zephyr/felino-lcov] stderr:
[/mnt/host/source/src/platform/ec/build/zephyr/navi-lcov]   /mnt/host/source/src/platform/ec/build/zephyr/navi/build-rw/modules/ec/zephyr/CMakeFiles/ec_shim.dir/shim/src/power.c.gcno:no functions found
[/mnt/host/source/src/platform/ec/build/zephyr/navi-lcov] stderr:
[jubilant:rw] [115/381] Building C object CMakeFiles/app.dir/jubilant/src/keyboard_customization.c.obj
[jubilant:rw] [116/381] Building C object CMakeFiles/app.dir/jubilant/src/thermal.c.obj
[krabby:ro] [1/380] Generating include/generated/zephyr/version.h
[/mnt/host/source/src/platform/ec/build/zephyr/navi-lcov]   /mnt/host/source/src/platform/ec/build/zephyr/navi/build-rw/modules/ec/zephyr/CMakeFiles/ec_shim.dir/shim/src/thermal.c.gcno:no functions found
[/mnt/host/source/src/platform/ec/build/zephyr/navi-lcov] stderr:
[jubilant:ro] [52/381] Building C object zephyr/CMakeFiles/zephyr.dir/subsys/shell/modules/kernel_service/cycles.c.obj
[/mnt/host/source/src/platform/ec/build/zephyr/mtlrvpp_mchp-lcov]   /mnt/host/source/src/platform/ec/build/zephyr/mtlrvpp_mchp/build-ro/modules/ec/zephyr/CMakeFiles/ec_shim.dir/shim/src/thermal.c.gcno:no functions found
[/mnt/host/source/src/platform/ec/build/zephyr/mtlrvpp_mchp-lcov] stderr:
[krabby:ro] -- git describe warned: warning: tag 'upstream/v2.7.99' is externally known as 'v2.7.99'
[krabby:ro] -- Zephyr version: 4.3.99 (/mnt/host/source/src/third_party/zephyr/main)
[krabby:ro] [2/380] Preparing syscall dependency handling
[jubilant:rw] [117/381] Building C object zephyr/CMakeFiles/zephyr.dir/lib/os/cbprintf_packaged.c.obj
[jubilant:ro] [53/381] Building C object zephyr/CMakeFiles/zephyr.dir/subsys/shell/modules/kernel_service/sleep.c.obj
[krabby:ro] [3/380] Generating misc/generated/syscalls_subdirs.trigger
[jubilant:rw] [118/381] Building C object zephyr/CMakeFiles/zephyr.dir/lib/heap/heap.c.obj
[jubilant:rw] [119/381] Linking C static library app/libapp.a
[jubilant:rw] [120/381] Building C object zephyr/CMakeFiles/zephyr.dir/lib/os/clock.c.obj
[/mnt/host/source/src/platform/ec/build/zephyr/mtlrvpp_mchp-lcov]   /mnt/host/source/src/platform/ec/build/zephyr/mtlrvpp_mchp/build-ro/modules/ec/zephyr/CMakeFiles/ec_shim.dir/shim/src/battery.c.gcno:no functions found
[/mnt/host/source/src/platform/ec/build/zephyr/mtlrvpp_mchp-lcov] stderr:
[/mnt/host/source/src/platform/ec/build/zephyr/mtlrvpp_mchp-lcov]   /mnt/host/source/src/platform/ec/build/zephyr/mtlrvpp_mchp/build-ro/modules/ec/zephyr/CMakeFiles/ec_shim.dir/shim/src/charger.c.gcno:no functions found
[/mnt/host/source/src/platform/ec/build/zephyr/mtlrvpp_mchp-lcov] stderr:
[/mnt/host/source/src/platform/ec/build/zephyr/navi-lcov]   /mnt/host/source/src/platform/ec/build/zephyr/navi/build-rw/modules/ec/zephyr/CMakeFiles/ec_shim.dir/shim/src/battery.c.gcno:no functions found
[/mnt/host/source/src/platform/ec/build/zephyr/navi-lcov] stderr:
[/mnt/host/source/src/platform/ec/build/zephyr/navi-lcov]   /mnt/host/source/src/platform/ec/build/zephyr/navi/build-rw/modules/ec/zephyr/CMakeFiles/ec_shim.dir/shim/src/charger.c.gcno:no functions found
[/mnt/host/source/src/platform/ec/build/zephyr/navi-lcov] stderr:
[jubilant:rw] [121/381] Building C object zephyr/CMakeFiles/zephyr.dir/lib/os/printk.c.obj
[jubilant:ro] [54/381] Building C object zephyr/CMakeFiles/zephyr.dir/subsys/shell/modules/kernel_service/uptime.c.obj
[jubilant:rw] [122/381] Building C object zephyr/CMakeFiles/zephyr.dir/lib/os/sem.c.obj
[/mnt/host/source/src/platform/ec/build/zephyr/felino-lcov]   /mnt/host/source/src/platform/ec/build/zephyr/felino/build-ro/modules/ec/zephyr/CMakeFiles/ec_shim.dir/shim/src/charger.c.gcno:no functions found
[/mnt/host/source/src/platform/ec/build/zephyr/felino-lcov] stderr:
[jubilant:ro] [55/381] Building C object zephyr/CMakeFiles/zephyr.dir/subsys/shell/modules/kernel_service/version.c.obj
[jubilant:rw] [123/381] Building C object zephyr/CMakeFiles/zephyr.dir/lib/utils/dec.c.obj
[jubilant:rw] [124/381] Building C object zephyr/CMakeFiles/zephyr.dir/lib/os/cbprintf.c.obj
[jubilant:rw] [125/381] Building C object zephyr/CMakeFiles/zephyr.dir/lib/os/thread_entry.c.obj
[jubilant:rw] [126/381] Building C object zephyr/CMakeFiles/zephyr.dir/lib/os/cbprintf_nano.c.obj
[jubilant:ro] [56/381] Building C object zephyr/CMakeFiles/zephyr.dir/subsys/shell/modules/kernel_service/thread/thread.c.obj
[meliks:rw] -- Board: npcx9, qualifiers: npcx9m3f
[jubilant:rw] [127/381] Building C object zephyr/CMakeFiles/zephyr.dir/lib/utils/hex.c.obj
[jubilant:rw] [128/381] Building C object zephyr/CMakeFiles/zephyr.dir/lib/os/assert.c.obj
[krabby:ro] [4/380] Generating misc/generated/syscalls.json, misc/generated/struct_tags.json
[jubilant:rw] [129/381] Building C object zephyr/CMakeFiles/zephyr.dir/lib/utils/bitmask.c.obj
[krabby:ro] [5/380] Generating include/generated/zephyr/syscall_dispatch.c, include/generated/zephyr/syscall_exports_llext.c, syscall_weakdefs_llext.c, include/generated/zephyr/syscall_list.h
[jubilant:rw] [130/381] Building C object zephyr/CMakeFiles/zephyr.dir/lib/utils/timeutil.c.obj
[jubilant:ro] [57/381] Building C object zephyr/CMakeFiles/zephyr.dir/subsys/shell/modules/kernel_service/thread/list.c.obj
[/mnt/host/source/src/platform/ec/build/zephyr/mtlrvpp_mchp-lcov]   /mnt/host/source/src/platform/ec/build/zephyr/mtlrvpp_mchp/build-ro/modules/ec/zephyr/CMakeFiles/ec_shim.dir/shim/src/usb_muxes.c.gcno:no functions found
[/mnt/host/source/src/platform/ec/build/zephyr/mtlrvpp_mchp-lcov] stderr:
[jubilant:rw] [131/381] Building C object zephyr/CMakeFiles/zephyr.dir/lib/utils/last_section_id.c.obj
[meliks:ro] -- Board: npcx9, qualifiers: npcx9m3f
[/mnt/host/source/src/platform/ec/build/zephyr/navi-lcov]   /mnt/host/source/src/platform/ec/build/zephyr/navi/build-rw/modules/ec/zephyr/CMakeFiles/ec_shim.dir/shim/src/usb_muxes.c.gcno:no functions found
[/mnt/host/source/src/platform/ec/build/zephyr/navi-lcov] stderr:
[krabby:ro] [6/380] Generating include/generated/zephyr/driver-validation.h
[jubilant:ro] [58/381] Building C object zephyr/CMakeFiles/zephyr.dir/subsys/shell/modules/kernel_service/thread/stacks.c.obj
[jubilant:rw] [132/381] Building C object zephyr/CMakeFiles/zephyr.dir/lib/utils/ring_buffer.c.obj
[krabby:ro] [7/380] Generating include/generated/zephyr/kobj-types-enum.h, include/generated/zephyr/otype-to-str.h, include/generated/zephyr/otype-to-size.h
[jubilant:rw] [133/381] Building C object zephyr/CMakeFiles/zephyr.dir/lib/utils/rb.c.obj
[jubilant:rw] [134/381] Building C object zephyr/CMakeFiles/zephyr.dir/lib/utils/getopt/getopt.c.obj
[jubilant:rw] [135/381] Building C object zephyr/CMakeFiles/zephyr.dir/lib/utils/bitarray.c.obj
[krabby:ro] [8/380] Generating include/generated/device-api-sections.ld, include/generated/device-api-sections.cmake
[jubilant:ro] [59/381] Building C object zephyr/CMakeFiles/zephyr.dir/subsys/shell/modules/kernel_service/thread/unwind.c.obj
[/mnt/host/source/src/platform/ec/build/zephyr/navi-lcov]   /mnt/host/source/src/platform/ec/build/zephyr/navi/build-rw/modules/ec/zephyr/CMakeFiles/ec_shim.dir/shim/src/usba.c.gcno:no functions found
[/mnt/host/source/src/platform/ec/build/zephyr/navi-lcov] stderr:
[jubilant:rw] [136/381] Building C object zephyr/CMakeFiles/zephyr.dir/misc/generated/configs.c.obj
[jubilant:rw] [137/381] Building C object zephyr/CMakeFiles/zephyr.dir/lib/utils/getopt/getopt_common.c.obj
[jubilant:rw] [138/381] Building ASM object zephyr/CMakeFiles/zephyr.dir/soc/ite/ec/common/soc_irq.S.obj
[jubilant:ro] [60/381] Building C object zephyr/CMakeFiles/zephyr.dir/subsys/shell/modules/kernel_service/thread/suspend.c.obj
[/mnt/host/source/src/platform/ec/build/zephyr/felino-lcov]   /mnt/host/source/src/platform/ec/build/zephyr/felino/build-ro/modules/ec/zephyr/CMakeFiles/ec_shim.dir/shim/src/usba.c.gcno:no functions found
[/mnt/host/source/src/platform/ec/build/zephyr/felino-lcov] stderr:
[jubilant:ro] [61/381] Building C object zephyr/CMakeFiles/zephyr.dir/subsys/shell/modules/kernel_service/thread/resume.c.obj
[jubilant:rw] [139/381] Building C object zephyr/CMakeFiles/zephyr.dir/soc/ite/ec/common/soc_common_irq.c.obj
[jubilant:rw] [140/381] Building C object zephyr/CMakeFiles/zephyr.dir/soc/ite/ec/common/power.c.obj
[jubilant:rw] [141/381] Building ASM object zephyr/CMakeFiles/zephyr.dir/soc/ite/ec/it8xxx2/vector.S.obj
[jubilant:rw] [142/381] Building C object zephyr/CMakeFiles/zephyr.dir/soc/ite/ec/common/policy.c.obj
[krabby:ro] [9/380] Building C object zephyr/CMakeFiles/offsets.dir/arch/riscv/core/offsets/offsets.c.obj
[jubilant:rw] [143/381] Building C object zephyr/CMakeFiles/zephyr.dir/soc/ite/ec/it8xxx2/check_regs.c.obj
[jubilant:ro] [62/381] Building C object zephyr/CMakeFiles/zephyr.dir/subsys/shell/modules/kernel_service/thread/kill.c.obj
[krabby:ro] [10/380] Generating include/generated/zephyr/offsets.h
[jubilant:rw] [144/381] Building C object zephyr/CMakeFiles/zephyr.dir/soc/ite/ec/it8xxx2/soc.c.obj
[meliks:rw] -- Found Dtc: /usr/bin/dtc (found suitable version "1.6.0", minimum required is "1.4.6")
[meliks:rw] -- Found BOARD.dts: /mnt/host/source/src/platform/ec/zephyr/boards/google/npcx9/npcx9_npcx9m3f.dts
[jubilant:rw] [145/381] Building C object zephyr/CMakeFiles/zephyr.dir/subsys/pm/state.c.obj
[jubilant:rw] [146/381] Building C object zephyr/CMakeFiles/zephyr.dir/soc/ite/ec/it8xxx2/ilm.c.obj
[jubilant:ro] [63/381] Building C object zephyr/CMakeFiles/zephyr.dir/subsys/shell/backends/shell_uart.c.obj
[jubilant:rw] [147/381] Building C object zephyr/CMakeFiles/zephyr.dir/subsys/logging/log_minimal.c.obj
[meliks:ro] -- Found Dtc: /usr/bin/dtc (found suitable version "1.6.0", minimum required is "1.4.6")
[meliks:ro] -- Found BOARD.dts: /mnt/host/source/src/platform/ec/zephyr/boards/google/npcx9/npcx9_npcx9m3f.dts
[jubilant:rw] [148/381] Building C object zephyr/CMakeFiles/zephyr.dir/subsys/pm/policy/policy_events.c.obj
[krabby:ro] [11/380] Building C object zephyr/CMakeFiles/zephyr.dir/lib/libc/validate_libc.c.obj
[jubilant:ro] [64/381] Building C object zephyr/CMakeFiles/zephyr.dir/subsys/shell/shell_fprintf.c.obj
[jubilant:rw] [149/381] Building C object zephyr/CMakeFiles/zephyr.dir/subsys/pm/pm.c.obj
[jubilant:rw] [150/381] Building C object zephyr/CMakeFiles/zephyr.dir/subsys/pm/policy/policy_latency.c.obj
[jubilant:ro] [65/381] Building C object zephyr/CMakeFiles/zephyr.dir/subsys/shell/shell.c.obj
[jubilant:rw] [151/381] Building C object zephyr/CMakeFiles/zephyr.dir/subsys/pm/policy/policy_state_lock.c.obj
[jubilant:rw] [152/381] Building C object zephyr/CMakeFiles/zephyr.dir/subsys/pm/device.c.obj
[jubilant:rw] [153/381] Building C object zephyr/CMakeFiles/zephyr.dir/subsys/pm/device_system_managed.c.obj
[krabby:ro] [12/380] Building C object zephyr/CMakeFiles/zephyr.dir/lib/heap/heap.c.obj
[jubilant:ro] [66/381] Building C object zephyr/CMakeFiles/zephyr.dir/subsys/shell/shell_utils.c.obj
[jubilant:rw] [154/381] Building C object zephyr/CMakeFiles/zephyr.dir/subsys/pm/device_runtime.c.obj
[jubilant:rw] [155/381] Building C object zephyr/CMakeFiles/zephyr.dir/subsys/tracing/tracing_none.c.obj
[jubilant:rw] [156/381] Building C object zephyr/CMakeFiles/zephyr.dir/subsys/testsuite/coverage/coverage.c.obj
[jubilant:ro] [67/381] Building C object zephyr/CMakeFiles/zephyr.dir/subsys/shell/shell_ops.c.obj
[jubilant:ro] [68/381] Building C object zephyr/CMakeFiles/zephyr.dir/subsys/shell/shell_help.c.obj
[jubilant:rw] [157/381] Building C object zephyr/CMakeFiles/zephyr.dir/subsys/shell/modules/kernel_service/kernel_shell.c.obj
[krabby:ro] [13/380] Building C object zephyr/CMakeFiles/zephyr.dir/lib/os/cbprintf_packaged.c.obj
[/mnt/host/source/src/platform/ec/build/zephyr/navi-lcov]   /mnt/host/source/src/platform/ec/build/zephyr/navi/build-rw/modules/ec/zephyr/CMakeFiles/ec_shim.dir/shim/src/keyscan.c.gcno:no functions found
[/mnt/host/source/src/platform/ec/build/zephyr/navi-lcov] stderr:
[jubilant:ro] [69/381] Building C object zephyr/CMakeFiles/zephyr.dir/subsys/shell/shell_history.c.obj
[jubilant:rw] [158/381] Building C object zephyr/CMakeFiles/zephyr.dir/subsys/shell/modules/kernel_service/cycles.c.obj
[jubilant:rw] [159/381] Building C object zephyr/CMakeFiles/zephyr.dir/subsys/shell/modules/kernel_service/version.c.obj
[jubilant:rw] [160/381] Building C object zephyr/CMakeFiles/zephyr.dir/subsys/shell/modules/kernel_service/sleep.c.obj
[jubilant:rw] [161/381] Building C object zephyr/CMakeFiles/zephyr.dir/subsys/shell/modules/kernel_service/thread/thread.c.obj
[jubilant:ro] [70/381] Building C object zephyr/arch/common/CMakeFiles/arch__common.dir/sw_isr_common.c.obj
[jubilant:rw] [162/381] Building C object zephyr/CMakeFiles/zephyr.dir/subsys/shell/modules/kernel_service/uptime.c.obj
[/mnt/host/source/src/platform/ec/build/zephyr/mtlrvpp_mchp-lcov]   /mnt/host/source/src/platform/ec/build/zephyr/mtlrvpp_mchp/build-ro/modules/ec/zephyr/CMakeFiles/ec_shim.dir/shim/src/bb_retimer_usb_mux.c.gcno:no functions found
[/mnt/host/source/src/platform/ec/build/zephyr/mtlrvpp_mchp-lcov] stderr:
[jubilant:ro] [71/381] Building C object zephyr/CMakeFiles/zephyr.dir/drivers/flash/flash_util.c.obj
[jubilant:rw] [163/381] Building C object zephyr/CMakeFiles/zephyr.dir/subsys/shell/modules/kernel_service/thread/list.c.obj
[jubilant:ro] [72/381] Linking C static library zephyr/libzephyr.a
[krabby:ro] [14/380] Building C object zephyr/CMakeFiles/zephyr.dir/lib/os/clock.c.obj
[meliks:rw] -- Found devicetree overlay: /mnt/host/source/src/platform/ec/zephyr/program/nissa/meliks/project.overlay
[meliks:rw] -- Generated zephyr.dts: /mnt/host/source/src/platform/ec/build/zephyr/meliks/build-rw/zephyr/zephyr.dts
[meliks:rw] -- Generated pickled edt: /mnt/host/source/src/platform/ec/build/zephyr/meliks/build-rw/zephyr/edt.pickle
[jubilant:ro] [73/381] Building C object zephyr/arch/common/CMakeFiles/arch__common.dir/dynamic_isr.c.obj
[jubilant:rw] [164/381] Building C object zephyr/CMakeFiles/zephyr.dir/subsys/shell/modules/kernel_service/thread/suspend.c.obj
[jubilant:rw] [165/381] Building C object zephyr/CMakeFiles/zephyr.dir/subsys/shell/modules/kernel_service/thread/stacks.c.obj
[jubilant:ro] [74/381] Building C object zephyr/arch/common/CMakeFiles/arch__common.dir/init.c.obj
[meliks:ro] -- Found devicetree overlay: /mnt/host/source/src/platform/ec/zephyr/program/nissa/meliks/project.overlay
[meliks:ro] -- Generated zephyr.dts: /mnt/host/source/src/platform/ec/build/zephyr/meliks/build-ro/zephyr/zephyr.dts
[meliks:ro] -- Generated pickled edt: /mnt/host/source/src/platform/ec/build/zephyr/meliks/build-ro/zephyr/edt.pickle
[jubilant:rw] [166/381] Building C object zephyr/CMakeFiles/zephyr.dir/subsys/shell/modules/kernel_service/thread/unwind.c.obj
[jubilant:rw] [167/381] Building C object zephyr/CMakeFiles/zephyr.dir/subsys/shell/modules/kernel_service/thread/resume.c.obj
[jubilant:rw] [168/381] Building C object zephyr/CMakeFiles/zephyr.dir/subsys/shell/modules/kernel_service/thread/kill.c.obj
[jubilant:ro] [75/381] Building C object zephyr/arch/common/CMakeFiles/arch__common.dir/xip.c.obj
[meliks:rw] -- Generated devicetree_generated.h: /mnt/host/source/src/platform/ec/build/zephyr/meliks/build-rw/zephyr/include/generated/zephyr/devicetree_generated.h
[krabby:ro] [15/380] Building C object zephyr/CMakeFiles/zephyr.dir/lib/os/printk.c.obj
[jubilant:ro] [76/381] Building C object zephyr/arch/common/CMakeFiles/isr_tables.dir/isr_tables.c.obj
[jubilant:ro] [77/381] Linking C static library zephyr/arch/common/libisr_tables.a
[jubilant:ro] [78/381] Building C object zephyr/arch/arch/riscv/core/CMakeFiles/arch__riscv__core.dir/cpu_idle.c.obj
[jubilant:ro] [79/381] Linking C static library zephyr/arch/common/libarch__common.a
[meliks:ro] -- Generated devicetree_generated.h: /mnt/host/source/src/platform/ec/build/zephyr/meliks/build-ro/zephyr/include/generated/zephyr/devicetree_generated.h
[jubilant:rw] [169/381] Building C object zephyr/CMakeFiles/zephyr.dir/subsys/shell/backends/shell_uart.c.obj
[jubilant:rw] [170/381] Building C object zephyr/CMakeFiles/zephyr.dir/subsys/shell/shell_fprintf.c.obj
[jubilant:rw] [171/381] Building C object zephyr/CMakeFiles/zephyr.dir/subsys/shell/shell_utils.c.obj
[jubilant:rw] [172/381] Building C object zephyr/CMakeFiles/zephyr.dir/subsys/shell/shell_ops.c.obj
[jubilant:ro] [80/381] Building C object zephyr/arch/arch/riscv/core/CMakeFiles/arch__riscv__core.dir/prep_c.c.obj
[jubilant:rw] [173/381] Building C object zephyr/CMakeFiles/zephyr.dir/subsys/shell/shell.c.obj
[jubilant:ro] [81/381] Building C object zephyr/arch/arch/riscv/core/CMakeFiles/arch__riscv__core.dir/fatal.c.obj
[jubilant:rw] [174/381] Building C object zephyr/CMakeFiles/zephyr.dir/subsys/shell/shell_help.c.obj
[krabby:ro] [16/380] Building C object zephyr/CMakeFiles/zephyr.dir/lib/os/sem.c.obj
[jubilant:ro] [82/381] Building C object zephyr/arch/arch/riscv/core/CMakeFiles/arch__riscv__core.dir/irq_manage.c.obj
[jubilant:rw] [175/381] Building C object zephyr/CMakeFiles/zephyr.dir/subsys/shell/shell_history.c.obj
[jubilant:rw] [176/381] Building C object zephyr/CMakeFiles/zephyr.dir/drivers/flash/flash_util.c.obj
[jubilant:rw] [177/381] Building C object zephyr/arch/common/CMakeFiles/arch__common.dir/dynamic_isr.c.obj
[jubilant:ro] [83/381] Building C object zephyr/arch/arch/riscv/core/CMakeFiles/arch__riscv__core.dir/reboot.c.obj
[jubilant:rw] [178/381] Linking C static library zephyr/libzephyr.a
[jubilant:rw] [179/381] Building C object zephyr/arch/common/CMakeFiles/arch__common.dir/sw_isr_common.c.obj
[jubilant:rw] [180/381] Building C object zephyr/arch/common/CMakeFiles/arch__common.dir/init.c.obj
[jubilant:rw] [181/381] Building C object zephyr/arch/common/CMakeFiles/arch__common.dir/xip.c.obj
[krabby:ro] [17/380] Building C object zephyr/CMakeFiles/zephyr.dir/lib/os/thread_entry.c.obj
[jubilant:ro] [84/381] Building ASM object zephyr/arch/arch/riscv/core/CMakeFiles/arch__riscv__core.dir/reset.S.obj
[jubilant:rw] [182/381] Building C object zephyr/arch/arch/riscv/core/CMakeFiles/arch__riscv__core.dir/prep_c.c.obj
[jubilant:rw] [183/381] Building C object zephyr/arch/common/CMakeFiles/isr_tables.dir/isr_tables.c.obj
[jubilant:ro] [85/381] Building ASM object zephyr/arch/arch/riscv/core/CMakeFiles/arch__riscv__core.dir/switch.S.obj
[jubilant:rw] [184/381] Linking C static library zephyr/arch/common/libisr_tables.a
[jubilant:rw] [185/381] Building C object zephyr/arch/arch/riscv/core/CMakeFiles/arch__riscv__core.dir/cpu_idle.c.obj
[jubilant:rw] [186/381] Linking C static library zephyr/arch/common/libarch__common.a
[jubilant:ro] [86/381] Building C object zephyr/arch/arch/riscv/core/CMakeFiles/arch__riscv__core.dir/thread.c.obj
[jubilant:rw] [187/381] Building C object zephyr/arch/arch/riscv/core/CMakeFiles/arch__riscv__core.dir/irq_manage.c.obj
[jubilant:ro] [87/381] Generating ../../../include/generated/libc/minimal/strerror_table.h
[jubilant:rw] [188/381] Building C object zephyr/arch/arch/riscv/core/CMakeFiles/arch__riscv__core.dir/reboot.c.obj
[jubilant:rw] [189/381] Building C object zephyr/arch/arch/riscv/core/CMakeFiles/arch__riscv__core.dir/fatal.c.obj
[krabby:ro] [18/380] Building C object zephyr/CMakeFiles/zephyr.dir/lib/os/cbprintf_nano.c.obj
[jubilant:ro] [88/381] Building C object zephyr/lib/libc/minimal/CMakeFiles/lib__libc__minimal.dir/source/stdlib/atoi.c.obj
[jubilant:rw] [190/381] Generating ../../../include/generated/libc/minimal/strerror_table.h
[jubilant:rw] [191/381] Building ASM object zephyr/arch/arch/riscv/core/CMakeFiles/arch__riscv__core.dir/reset.S.obj
[jubilant:ro] [89/381] Building C object zephyr/lib/libc/minimal/CMakeFiles/lib__libc__minimal.dir/source/stdlib/strtol.c.obj
[jubilant:rw] [192/381] Building C object zephyr/lib/libc/minimal/CMakeFiles/lib__libc__minimal.dir/source/stdlib/atoi.c.obj
[jubilant:ro] [90/381] Building ASM object zephyr/arch/arch/riscv/core/CMakeFiles/arch__riscv__core.dir/isr.S.obj
[jubilant:rw] [193/381] Building C object zephyr/lib/libc/minimal/CMakeFiles/lib__libc__minimal.dir/source/stdlib/strtol.c.obj
[jubilant:ro] [91/381] Building C object zephyr/arch/arch/riscv/core/CMakeFiles/arch__riscv__core.dir/stacktrace.c.obj
[jubilant:rw] [194/381] Building C object zephyr/arch/arch/riscv/core/CMakeFiles/arch__riscv__core.dir/thread.c.obj
[jubilant:rw] [195/381] Building ASM object zephyr/arch/arch/riscv/core/CMakeFiles/arch__riscv__core.dir/switch.S.obj
[jubilant:ro] [92/381] Linking C static library zephyr/arch/arch/riscv/core/libarch__riscv__core.a
[jubilant:rw] [196/381] Building C object zephyr/lib/libc/minimal/CMakeFiles/lib__libc__minimal.dir/source/stdlib/strtoul.c.obj
[jubilant:ro] [93/381] Building C object zephyr/lib/libc/minimal/CMakeFiles/lib__libc__minimal.dir/source/stdlib/strtoul.c.obj
[jubilant:ro] [94/381] Building C object zephyr/lib/libc/minimal/CMakeFiles/lib__libc__minimal.dir/source/stdlib/strtoll.c.obj
[jubilant:rw] [197/381] Building C object zephyr/lib/libc/minimal/CMakeFiles/lib__libc__minimal.dir/source/stdlib/strtoll.c.obj
[jubilant:rw] [198/381] Building ASM object zephyr/arch/arch/riscv/core/CMakeFiles/arch__riscv__core.dir/isr.S.obj
[jubilant:rw] [199/381] Building C object zephyr/lib/libc/minimal/CMakeFiles/lib__libc__minimal.dir/source/stdlib/bsearch.c.obj
[krabby:ro] [19/380] Building C object zephyr/CMakeFiles/zephyr.dir/lib/os/cbprintf.c.obj
[jubilant:rw] [200/381] Building C object zephyr/lib/libc/minimal/CMakeFiles/lib__libc__minimal.dir/source/stdlib/strtoull.c.obj
[jubilant:ro] [95/381] Building C object zephyr/lib/libc/minimal/CMakeFiles/lib__libc__minimal.dir/source/stdlib/strtoull.c.obj
[jubilant:ro] [96/381] Building C object zephyr/lib/libc/minimal/CMakeFiles/lib__libc__minimal.dir/source/stdlib/bsearch.c.obj
[jubilant:rw] [201/381] Building C object zephyr/lib/libc/minimal/CMakeFiles/lib__libc__minimal.dir/source/string/strncasecmp.c.obj
[jubilant:rw] [202/381] Building C object zephyr/arch/arch/riscv/core/CMakeFiles/arch__riscv__core.dir/stacktrace.c.obj
[jubilant:rw] [203/381] Building C object zephyr/lib/libc/minimal/CMakeFiles/lib__libc__minimal.dir/source/string/strstr.c.obj
[jubilant:rw] [204/381] Linking C static library zephyr/arch/arch/riscv/core/libarch__riscv__core.a
[jubilant:rw] [205/381] Building C object zephyr/lib/libc/minimal/CMakeFiles/lib__libc__minimal.dir/source/stdlib/qsort.c.obj
[jubilant:rw] [206/381] Building C object zephyr/lib/libc/minimal/CMakeFiles/lib__libc__minimal.dir/source/string/strerror.c.obj
[jubilant:ro] [97/381] Building C object zephyr/lib/libc/minimal/CMakeFiles/lib__libc__minimal.dir/source/stdlib/qsort.c.obj
[jubilant:rw] [207/381] Building C object zephyr/lib/libc/minimal/CMakeFiles/lib__libc__minimal.dir/source/string/strspn.c.obj
[jubilant:ro] [98/381] Building C object zephyr/lib/libc/minimal/CMakeFiles/lib__libc__minimal.dir/source/string/strerror.c.obj
[jubilant:rw] [208/381] Building C object zephyr/lib/libc/minimal/CMakeFiles/lib__libc__minimal.dir/source/string/string.c.obj
[jubilant:ro] [99/381] Building C object zephyr/lib/libc/minimal/CMakeFiles/lib__libc__minimal.dir/source/string/strncasecmp.c.obj
[jubilant:rw] [209/381] Building C object zephyr/lib/libc/minimal/CMakeFiles/lib__libc__minimal.dir/source/stdlib/exit.c.obj
[jubilant:ro] [100/381] Building C object zephyr/lib/libc/minimal/CMakeFiles/lib__libc__minimal.dir/source/string/strstr.c.obj
[jubilant:ro] [101/381] Building C object zephyr/lib/libc/minimal/CMakeFiles/lib__libc__minimal.dir/source/stdlib/exit.c.obj
[jubilant:rw] [210/381] Building C object zephyr/lib/libc/minimal/CMakeFiles/lib__libc__minimal.dir/source/math/sqrtf.c.obj
[krabby:ro] [20/380] Building C object zephyr/CMakeFiles/zephyr.dir/lib/os/assert.c.obj
[jubilant:ro] [102/381] Building C object zephyr/lib/libc/minimal/CMakeFiles/lib__libc__minimal.dir/source/string/string.c.obj
[/mnt/host/source/src/platform/ec/build/zephyr/mtlrvpp_mchp-lcov]   /mnt/host/source/src/platform/ec/build/zephyr/mtlrvpp_mchp/build-ro/CMakeFiles/app.dir/mnt/host/source/src/platform/ec/build/zephyr/mtlrvpp_mchp/modules/ec/common/usb_pd_pdo.c.gcno:no functions found
[/mnt/host/source/src/platform/ec/build/zephyr/mtlrvpp_mchp-lcov] stderr:
[jubilant:ro] [103/381] Building C object zephyr/lib/libc/minimal/CMakeFiles/lib__libc__minimal.dir/source/string/strspn.c.obj
[jubilant:rw] [211/381] Building C object zephyr/lib/libc/minimal/CMakeFiles/lib__libc__minimal.dir/source/math/sqrt.c.obj
[jubilant:rw] [212/381] Building C object zephyr/lib/libc/minimal/CMakeFiles/lib__libc__minimal.dir/source/stdout/sprintf.c.obj
[jubilant:rw] [213/381] Building C object zephyr/lib/libc/minimal/CMakeFiles/lib__libc__minimal.dir/source/stdout/stdout_console.c.obj
[krabby:ro] [21/380] Building C object zephyr/CMakeFiles/zephyr.dir/lib/utils/dec.c.obj
[jubilant:rw] [214/381] Building C object zephyr/lib/libc/minimal/CMakeFiles/lib__libc__minimal.dir/source/stdout/fprintf.c.obj
[jubilant:rw] [215/381] Building C object zephyr/lib/libc/common/CMakeFiles/lib__libc__common.dir/source/time/gmtime_r.c.obj
[jubilant:rw] [216/381] Building C object zephyr/lib/libc/common/CMakeFiles/lib__libc__common.dir/source/time/asctime.c.obj
[jubilant:rw] [217/381] Building C object zephyr/lib/libc/common/CMakeFiles/lib__libc__common.dir/source/time/localtime_r_utc.c.obj
[krabby:ro] [22/380] Building C object zephyr/CMakeFiles/zephyr.dir/lib/utils/hex.c.obj
[jubilant:rw] [218/381] Building C object zephyr/lib/libc/minimal/CMakeFiles/lib__libc__minimal.dir/source/time/gmtime.c.obj
[jubilant:rw] [219/381] Building C object zephyr/lib/libc/common/CMakeFiles/lib__libc__common.dir/source/stdlib/abort.c.obj
[jubilant:rw] [220/381] Building C object zephyr/lib/libc/common/CMakeFiles/lib__libc__common.dir/source/time/ctime.c.obj
[jubilant:rw] [221/381] Linking C static library zephyr/lib/libc/minimal/liblib__libc__minimal.a
[jubilant:rw] [222/381] Building C object zephyr/lib/libc/common/CMakeFiles/lib__libc__common.dir/source/time/time.c.obj
[jubilant:ro] [104/381] Building C object zephyr/lib/libc/minimal/CMakeFiles/lib__libc__minimal.dir/source/stdout/stdout_console.c.obj
[jubilant:rw] [223/381] Building C object zephyr/lib/libc/common/CMakeFiles/lib__libc__common.dir/source/string/strnlen.c.obj
[jubilant:ro] [105/381] Building C object zephyr/lib/libc/minimal/CMakeFiles/lib__libc__minimal.dir/source/stdout/sprintf.c.obj
[jubilant:ro] [106/381] Building C object zephyr/lib/libc/minimal/CMakeFiles/lib__libc__minimal.dir/source/stdout/fprintf.c.obj
[jubilant:rw] [224/381] Building C object zephyr/lib/posix/c_lib_ext/CMakeFiles/lib__posix__c_lib_ext.dir/fnmatch.c.obj
[jubilant:rw] [225/381] Building C object zephyr/subsys/crc/CMakeFiles/subsys__crc.dir/crc4_sw.c.obj
[jubilant:ro] [107/381] Building C object zephyr/lib/libc/minimal/CMakeFiles/lib__libc__minimal.dir/source/math/sqrt.c.obj
[jubilant:rw] [226/381] Building C object zephyr/lib/libc/common/CMakeFiles/lib__libc__common.dir/source/stdlib/malloc.c.obj
[jubilant:ro] [108/381] Building C object zephyr/lib/libc/minimal/CMakeFiles/lib__libc__minimal.dir/source/math/sqrtf.c.obj
[meliks:rw] warning: PWM_SHELL (defined at /mnt/host/source/src/platform/ec/zephyr/app/ec/Kconfig:200,
[meliks:rw] drivers/pwm/Kconfig:23) was assigned the value 'y' but got the value 'n'. See
[meliks:rw] http://docs.zephyrproject.org/latest/kconfig.html#CONFIG_PWM_SHELL and/or look up PWM_SHELL in the
[meliks:rw] menuconfig/guiconfig interface. The Application Development Primer, Setting Configuration Values,
[meliks:rw] and Kconfig - Tips and Best Practices sections of the manual might be helpful too.
[meliks:rw] warning: PLATFORM_EC_USB_PORT_ENABLE_DYNAMIC (defined at
[meliks:rw] /mnt/host/source/src/platform/ec/zephyr/Kconfig.usba:20) was assigned the value 'y' but got the
[meliks:rw] value 'n'. Check these unsatisfied dependencies: PLATFORM_EC_USBA (=n). See
[meliks:rw] http://docs.zephyrproject.org/latest/kconfig.html#CONFIG_PLATFORM_EC_USB_PORT_ENABLE_DYNAMIC and/or
[meliks:rw] look up PLATFORM_EC_USB_PORT_ENABLE_DYNAMIC in the menuconfig/guiconfig interface. The Application
[meliks:rw] Development Primer, Setting Configuration Values, and Kconfig - Tips and Best Practices sections of
[meliks:rw] the manual might be helpful too.
[meliks:rw] warning: PLATFORM_EC_USB_PORT_POWER_SMART_CDP_SDP_ONLY (defined at
[meliks:rw] /mnt/host/source/src/platform/ec/zephyr/Kconfig.usba:58) was assigned the value 'y' but got the
[meliks:rw] value 'n'. Check these unsatisfied dependencies: PLATFORM_EC_USB_PORT_POWER_SMART (=n),
[meliks:rw] PLATFORM_EC_USBA (=n). See http://docs.zephyrproject.org/latest/kconfig.html#CONFIG_PLATFORM_EC_USB_
[meliks:rw] PORT_POWER_SMART_CDP_SDP_ONLY and/or look up PLATFORM_EC_USB_PORT_POWER_SMART_CDP_SDP_ONLY in the
[meliks:rw] menuconfig/guiconfig interface. The Application Development Primer, Setting Configuration Values,
[meliks:rw] and Kconfig - Tips and Best Practices sections of the manual might be helpful too.
[meliks:rw] warning: PLATFORM_EC_USB_PORT_POWER_SMART_INVERTED (defined at
[meliks:rw] /mnt/host/source/src/platform/ec/zephyr/Kconfig.usba:79) was assigned the value 'y' but got the
[meliks:rw] value 'n'. Check these unsatisfied dependencies: PLATFORM_EC_USB_PORT_POWER_SMART (=n),
[meliks:rw] PLATFORM_EC_USBA (=n). See
[meliks:rw] http://docs.zephyrproject.org/latest/kconfig.html#CONFIG_PLATFORM_EC_USB_PORT_POWER_SMART_INVERTED
[meliks:rw] and/or look up PLATFORM_EC_USB_PORT_POWER_SMART_INVERTED in the menuconfig/guiconfig interface. The
[meliks:rw] Application Development Primer, Setting Configuration Values, and Kconfig - Tips and Best Practices
[meliks:rw] sections of the manual might be helpful too.
[meliks:rw] warning: The choice symbol PLATFORM_EC_USB_PORT_POWER_SMART (defined at
[meliks:rw] /mnt/host/source/src/platform/ec/zephyr/Kconfig.usba:40) was selected (set =y), but no symbol ended
[meliks:rw] up as the choice selection. See
[meliks:rw] http://docs.zephyrproject.org/latest/kconfig.html#CONFIG_PLATFORM_EC_USB_PORT_POWER_SMART and/or
[meliks:rw] look up PLATFORM_EC_USB_PORT_POWER_SMART in the menuconfig/guiconfig interface. The Application
[meliks:rw] Development Primer, Setting Configuration Values, and Kconfig - Tips and Best Practices sections of
[meliks:rw] the manual might be helpful too.
[meliks:rw] warning: The choice symbol PLATFORM_EC_USB_PORT_POWER_SMART_DEFAULT_CDP (defined at
[meliks:rw] /mnt/host/source/src/platform/ec/zephyr/Kconfig.usba:102) was selected (set =y), but no symbol ended
[meliks:rw] up as the choice selection. See http://docs.zephyrproject.org/latest/kconfig.html#CONFIG_PLATFORM_EC
[meliks:rw] _USB_PORT_POWER_SMART_DEFAULT_CDP and/or look up PLATFORM_EC_USB_PORT_POWER_SMART_DEFAULT_CDP in the
[meliks:rw] menuconfig/guiconfig interface. The Application Development Primer, Setting Configuration Values,
[meliks:rw] and Kconfig - Tips and Best Practices sections of the manual might be helpful too.
[jubilant:rw] [227/381] Linking C static library zephyr/lib/libc/common/liblib__libc__common.a
[jubilant:rw] [228/381] Building C object zephyr/subsys/crc/CMakeFiles/subsys__crc.dir/crc8_sw.c.obj
[jubilant:rw] [229/381] Building C object zephyr/subsys/crc/CMakeFiles/subsys__crc.dir/crc16_sw.c.obj
[meliks:ro] warning: PWM_SHELL (defined at /mnt/host/source/src/platform/ec/zephyr/app/ec/Kconfig:200,
[meliks:ro] drivers/pwm/Kconfig:23) was assigned the value 'y' but got the value 'n'. See
[meliks:ro] http://docs.zephyrproject.org/latest/kconfig.html#CONFIG_PWM_SHELL and/or look up PWM_SHELL in the
[meliks:ro] menuconfig/guiconfig interface. The Application Development Primer, Setting Configuration Values,
[meliks:ro] and Kconfig - Tips and Best Practices sections of the manual might be helpful too.
[meliks:ro] warning: PLATFORM_EC_USB_PORT_ENABLE_DYNAMIC (defined at
[krabby:ro] [23/380] Building C object zephyr/CMakeFiles/zephyr.dir/lib/utils/rb.c.obj
[meliks:ro] /mnt/host/source/src/platform/ec/zephyr/Kconfig.usba:20) was assigned the value 'y' but got the
[meliks:ro] value 'n'. Check these unsatisfied dependencies: PLATFORM_EC_USBA (=n). See
[meliks:ro] http://docs.zephyrproject.org/latest/kconfig.html#CONFIG_PLATFORM_EC_USB_PORT_ENABLE_DYNAMIC and/or
[meliks:ro] look up PLATFORM_EC_USB_PORT_ENABLE_DYNAMIC in the menuconfig/guiconfig interface. The Application
[meliks:ro] Development Primer, Setting Configuration Values, and Kconfig - Tips and Best Practices sections of
[meliks:ro] the manual might be helpful too.
[meliks:ro] warning: PLATFORM_EC_USB_PORT_POWER_SMART_CDP_SDP_ONLY (defined at
[meliks:ro] /mnt/host/source/src/platform/ec/zephyr/Kconfig.usba:58) was assigned the value 'y' but got the
[meliks:ro] value 'n'. Check these unsatisfied dependencies: PLATFORM_EC_USB_PORT_POWER_SMART (=n),
[meliks:ro] PLATFORM_EC_USBA (=n). See http://docs.zephyrproject.org/latest/kconfig.html#CONFIG_PLATFORM_EC_USB_
[meliks:ro] PORT_POWER_SMART_CDP_SDP_ONLY and/or look up PLATFORM_EC_USB_PORT_POWER_SMART_CDP_SDP_ONLY in the
[meliks:ro] menuconfig/guiconfig interface. The Application Development Primer, Setting Configuration Values,
[meliks:ro] and Kconfig - Tips and Best Practices sections of the manual might be helpful too.
[meliks:ro] warning: PLATFORM_EC_USB_PORT_POWER_SMART_INVERTED (defined at
[meliks:ro] /mnt/host/source/src/platform/ec/zephyr/Kconfig.usba:79) was assigned the value 'y' but got the
[meliks:ro] value 'n'. Check these unsatisfied dependencies: PLATFORM_EC_USB_PORT_POWER_SMART (=n),
[meliks:ro] PLATFORM_EC_USBA (=n). See
[meliks:ro] http://docs.zephyrproject.org/latest/kconfig.html#CONFIG_PLATFORM_EC_USB_PORT_POWER_SMART_INVERTED
[meliks:ro] and/or look up PLATFORM_EC_USB_PORT_POWER_SMART_INVERTED in the menuconfig/guiconfig interface. The
[meliks:ro] Application Development Primer, Setting Configuration Values, and Kconfig - Tips and Best Practices
[meliks:ro] sections of the manual might be helpful too.
[meliks:ro] warning: The choice symbol PLATFORM_EC_USB_PORT_POWER_SMART (defined at
[meliks:ro] /mnt/host/source/src/platform/ec/zephyr/Kconfig.usba:40) was selected (set =y), but no symbol ended
[meliks:ro] up as the choice selection. See
[meliks:ro] http://docs.zephyrproject.org/latest/kconfig.html#CONFIG_PLATFORM_EC_USB_PORT_POWER_SMART and/or
[meliks:ro] look up PLATFORM_EC_USB_PORT_POWER_SMART in the menuconfig/guiconfig interface. The Application
[meliks:ro] Development Primer, Setting Configuration Values, and Kconfig - Tips and Best Practices sections of
[meliks:ro] the manual might be helpful too.
[meliks:ro] warning: The choice symbol PLATFORM_EC_USB_PORT_POWER_SMART_DEFAULT_CDP (defined at
[meliks:ro] /mnt/host/source/src/platform/ec/zephyr/Kconfig.usba:102) was selected (set =y), but no symbol ended
[meliks:ro] up as the choice selection. See http://docs.zephyrproject.org/latest/kconfig.html#CONFIG_PLATFORM_EC
[meliks:ro] _USB_PORT_POWER_SMART_DEFAULT_CDP and/or look up PLATFORM_EC_USB_PORT_POWER_SMART_DEFAULT_CDP in the
[meliks:ro] menuconfig/guiconfig interface. The Application Development Primer, Setting Configuration Values,
[meliks:ro] and Kconfig - Tips and Best Practices sections of the manual might be helpful too.
[jubilant:rw] [230/381] Building C object zephyr/subsys/crc/CMakeFiles/subsys__crc.dir/crc32c_sw.c.obj
[jubilant:rw] [231/381] Building C object zephyr/subsys/crc/CMakeFiles/subsys__crc.dir/crc7_sw.c.obj
[jubilant:rw] [232/381] Building C object zephyr/lib/posix/c_lib_ext/CMakeFiles/lib__posix__c_lib_ext.dir/getentropy.c.obj
[jubilant:rw] [233/381] Building C object zephyr/subsys/crc/CMakeFiles/subsys__crc.dir/crc24_sw.c.obj
[jubilant:rw] [234/381] Building C object zephyr/lib/posix/c_lib_ext/CMakeFiles/lib__posix__c_lib_ext.dir/getopt_shim.c.obj
[jubilant:ro] [109/381] Building C object zephyr/lib/libc/common/CMakeFiles/lib__libc__common.dir/source/time/asctime.c.obj
[jubilant:rw] [235/381] Linking C static library zephyr/lib/posix/c_lib_ext/liblib__posix__c_lib_ext.a
[jubilant:rw] [236/381] Building C object zephyr/subsys/crc/CMakeFiles/subsys__crc.dir/crc32_sw.c.obj
[jubilant:rw] [237/381] Building C object zephyr/subsys/crc/CMakeFiles/subsys__crc.dir/crc32k_4_2_sw.c.obj
[jubilant:ro] [110/381] Building C object zephyr/lib/libc/minimal/CMakeFiles/lib__libc__minimal.dir/source/time/gmtime.c.obj
[jubilant:rw] [238/381] Linking C static library zephyr/subsys/crc/libsubsys__crc.a
[jubilant:ro] [111/381] Linking C static library zephyr/lib/libc/minimal/liblib__libc__minimal.a
[jubilant:rw] [239/381] Building C object zephyr/lib/smf/CMakeFiles/lib__smf.dir/smf.c.obj
[jubilant:rw] [240/381] Building C object zephyr/subsys/input/CMakeFiles/subsys__input.dir/input_hid.c.obj
[krabby:ro] [24/380] Building C object zephyr/CMakeFiles/zephyr.dir/lib/utils/timeutil.c.obj
[jubilant:ro] [112/381] Building C object zephyr/lib/libc/common/CMakeFiles/lib__libc__common.dir/source/time/gmtime_r.c.obj
[jubilant:rw] [241/381] Linking C static library zephyr/lib/smf/liblib__smf.a
[meliks:rw] Parsing /mnt/host/source/src/platform/ec/zephyr/program/nissa/Kconfig
[jubilant:ro] [113/381] Building C object zephyr/lib/libc/common/CMakeFiles/lib__libc__common.dir/source/stdlib/abort.c.obj
[meliks:ro] Parsing /mnt/host/source/src/platform/ec/zephyr/program/nissa/Kconfig
[jubilant:ro] [114/381] Building C object zephyr/lib/libc/common/CMakeFiles/lib__libc__common.dir/source/time/localtime_r_utc.c.obj
[jubilant:ro] [115/381] Building C object zephyr/lib/libc/common/CMakeFiles/lib__libc__common.dir/source/time/ctime.c.obj
[jubilant:rw] [242/381] Building C object zephyr/subsys/input/CMakeFiles/subsys__input.dir/input.c.obj
[jubilant:ro] [116/381] Building C object zephyr/lib/libc/common/CMakeFiles/lib__libc__common.dir/source/time/time.c.obj
[jubilant:ro] [117/381] Building C object zephyr/lib/libc/common/CMakeFiles/lib__libc__common.dir/source/string/strnlen.c.obj
[jubilant:rw] [243/381] Building C object zephyr/subsys/input/CMakeFiles/subsys__input.dir/input_utils.c.obj
[jubilant:rw] [244/381] Linking C static library zephyr/subsys/input/libsubsys__input.a
[jubilant:rw] [245/381] Building C object zephyr/drivers/interrupt_controller/CMakeFiles/drivers__interrupt_controller.dir/intc_ite_it8xxx2_v2.c.obj
[jubilant:ro] [118/381] Building C object zephyr/lib/posix/c_lib_ext/CMakeFiles/lib__posix__c_lib_ext.dir/fnmatch.c.obj
[jubilant:rw] [246/381] Building C object zephyr/drivers/adc/CMakeFiles/drivers__adc.dir/adc_common.c.obj
[krabby:ro] [25/380] Building C object zephyr/CMakeFiles/zephyr.dir/lib/utils/bitarray.c.obj
[jubilant:rw] [247/381] Building C object zephyr/drivers/interrupt_controller/CMakeFiles/drivers__interrupt_controller.dir/wuc_ite_it8xxx2.c.obj
[jubilant:rw] [248/381] Linking C static library zephyr/drivers/interrupt_controller/libdrivers__interrupt_controller.a
[jubilant:rw] [249/381] Building C object zephyr/drivers/adc/CMakeFiles/drivers__adc.dir/adc_ite_it8xxx2.c.obj
[jubilant:rw] [250/381] Linking C static library zephyr/drivers/adc/libdrivers__adc.a
[jubilant:ro] [119/381] Building C object zephyr/lib/libc/common/CMakeFiles/lib__libc__common.dir/source/stdlib/malloc.c.obj
[krabby:ro] [26/380] Building C object zephyr/CMakeFiles/zephyr.dir/lib/utils/bitmask.c.obj
[meliks:rw] Loaded configuration '/mnt/host/source/src/platform/ec/zephyr/boards/google/npcx9/npcx9_npcx9m3f_defconfig'
[meliks:rw] Merged configuration '/mnt/host/source/src/platform/ec/zephyr/program/nissa/program.conf'
[meliks:rw] Merged configuration '/mnt/host/source/src/platform/ec/zephyr/program/nissa/npcx_program.conf'
[meliks:rw] Merged configuration '/mnt/host/source/src/platform/ec/zephyr/program/nissa/meliks/project.conf'
[meliks:rw] Merged configuration '/mnt/host/source/src/platform/ec/build/zephyr/meliks/kconfig-rw.conf'
[meliks:rw] Configuration saved to '/mnt/host/source/src/platform/ec/build/zephyr/meliks/build-rw/zephyr/.config'
[meliks:rw] Kconfig header saved to '/mnt/host/source/src/platform/ec/build/zephyr/meliks/build-rw/zephyr/include/generated/zephyr/autoconf.h'
[meliks:rw] -- Found GnuLd: /home/jpmurphy/.cache/coreboot-sdk/arm-eabi/ea40ddd1d190c3b48435c474c0b545719371813a/arm-eabi/bin/ld.bfd (found version "2.43.1")
[jubilant:ro] [120/381] Linking C static library zephyr/lib/libc/common/liblib__libc__common.a
[jubilant:rw] [251/381] Building C object zephyr/drivers/bbram/CMakeFiles/drivers__bbram.dir/bbram_it8xxx2.c.obj
[/mnt/host/source/src/platform/ec/build/zephyr/felino-lcov]   /mnt/host/source/src/platform/ec/build/zephyr/felino/build-ro/modules/ec/zephyr/CMakeFiles/ec_shim.dir/drivers/keyboard_input/keyboard_customization_check.c.gcno:no functions found
[/mnt/host/source/src/platform/ec/build/zephyr/felino-lcov] stderr:
[jubilant:rw] [252/381] Linking C static library zephyr/drivers/bbram/libdrivers__bbram.a
[jubilant:ro] [121/381] Building C object zephyr/lib/posix/c_lib_ext/CMakeFiles/lib__posix__c_lib_ext.dir/getentropy.c.obj
[meliks:ro] Loaded configuration '/mnt/host/source/src/platform/ec/zephyr/boards/google/npcx9/npcx9_npcx9m3f_defconfig'
[meliks:ro] Merged configuration '/mnt/host/source/src/platform/ec/zephyr/program/nissa/program.conf'
[meliks:ro] Merged configuration '/mnt/host/source/src/platform/ec/zephyr/program/nissa/npcx_program.conf'
[meliks:ro] Merged configuration '/mnt/host/source/src/platform/ec/zephyr/program/nissa/meliks/project.conf'
[meliks:ro] Merged configuration '/mnt/host/source/src/platform/ec/build/zephyr/meliks/kconfig-ro.conf'
[meliks:ro] Configuration saved to '/mnt/host/source/src/platform/ec/build/zephyr/meliks/build-ro/zephyr/.config'
[meliks:ro] Kconfig header saved to '/mnt/host/source/src/platform/ec/build/zephyr/meliks/build-ro/zephyr/include/generated/zephyr/autoconf.h'
[meliks:ro] -- Found GnuLd: /home/jpmurphy/.cache/coreboot-sdk/arm-eabi/ea40ddd1d190c3b48435c474c0b545719371813a/arm-eabi/bin/ld.bfd (found version "2.43.1")
[meliks:rw] -- The C compiler identification is GNU 14.2.0
[jubilant:ro] [122/381] Building C object zephyr/subsys/crc/CMakeFiles/subsys__crc.dir/crc4_sw.c.obj
[jubilant:ro] [123/381] Building C object zephyr/lib/posix/c_lib_ext/CMakeFiles/lib__posix__c_lib_ext.dir/getopt_shim.c.obj
[jubilant:rw] [253/381] Building C object zephyr/drivers/console/CMakeFiles/drivers__console.dir/uart_console.c.obj
[jubilant:rw] [254/381] Building C object zephyr/drivers/crypto/CMakeFiles/drivers__crypto.dir/crypto_it8xxx2_sha_v2.c.obj
[jubilant:rw] [255/381] Linking C static library zephyr/drivers/crypto/libdrivers__crypto.a
[jubilant:ro] [124/381] Linking C static library zephyr/lib/posix/c_lib_ext/liblib__posix__c_lib_ext.a
[jubilant:rw] [256/381] Linking C static library zephyr/drivers/console/libdrivers__console.a
[meliks:rw] -- The CXX compiler identification is GNU 14.2.0
[jubilant:ro] [125/381] Building C object zephyr/subsys/crc/CMakeFiles/subsys__crc.dir/crc8_sw.c.obj
[meliks:ro] -- The C compiler identification is GNU 14.2.0
[jubilant:rw] [257/381] Building C object zephyr/drivers/flash/CMakeFiles/drivers__flash.dir/flash_ite_it8xxx2.c.obj
[jubilant:ro] [126/381] Building C object zephyr/subsys/crc/CMakeFiles/subsys__crc.dir/crc16_sw.c.obj
[meliks:rw] -- The ASM compiler identification is GNU
[meliks:rw] -- Found assembler: /home/jpmurphy/.cache/coreboot-sdk/arm-eabi/ea40ddd1d190c3b48435c474c0b545719371813a/bin/arm-eabi-gcc
[jubilant:rw] [258/381] Linking C static library zephyr/drivers/flash/libdrivers__flash.a
[krabby:ro] [27/380] Building C object zephyr/CMakeFiles/zephyr.dir/lib/utils/getopt/getopt.c.obj
[meliks:rw] warning: Deprecated symbol I2C_ALLOW_NO_STOP_TRANSACTIONS is enabled.
[meliks:rw] CMake Warning at /mnt/host/source/src/platform/ec/zephyr/cmake/linker/ld/linker_libraries.cmake:11 (message):
[jubilant:ro] [127/381] Building C object zephyr/subsys/crc/CMakeFiles/subsys__crc.dir/crc7_sw.c.obj
[jubilant:ro] [128/381] Building C object zephyr/subsys/crc/CMakeFiles/subsys__crc.dir/crc24_sw.c.obj
[meliks:ro] -- The CXX compiler identification is GNU 14.2.0
[meliks:ro] -- The ASM compiler identification is GNU
[jubilant:rw] [259/381] Building C object zephyr/drivers/espi/CMakeFiles/drivers__espi.dir/espi_it8xxx2.c.obj
[meliks:ro] warning: Deprecated symbol I2C_ALLOW_NO_STOP_TRANSACTIONS is enabled.
[meliks:ro] CMake Warning at /mnt/host/source/src/platform/ec/zephyr/cmake/linker/ld/linker_libraries.cmake:11 (message):
[meliks:ro]   Disabling c_library
[meliks:ro] Call Stack (most recent call first):
[meliks:ro]   /mnt/host/source/src/third_party/zephyr/main/cmake/target_toolchain_flags.cmake:48 (include)
[meliks:ro]   /mnt/host/source/src/third_party/zephyr/main/cmake/modules/kernel.cmake:153 (include)
[meliks:ro]   /mnt/host/source/src/third_party/zephyr/main/cmake/modules/zephyr_default.cmake:138 (include)
[meliks:ro]   /mnt/host/source/src/third_party/zephyr/main/share/zephyr-package/cmake/ZephyrConfig.cmake:66 (include)
[meliks:ro]   /mnt/host/source/src/third_party/zephyr/main/share/zephyr-package/cmake/ZephyrConfig.cmake:97 (include_boilerplate)
[meliks:ro]   CMakeLists.txt:7 (find_package)
[jubilant:ro] [129/381] Building C object zephyr/subsys/crc/CMakeFiles/subsys__crc.dir/crc32_sw.c.obj
[jubilant:ro] [130/381] Building C object zephyr/subsys/crc/CMakeFiles/subsys__crc.dir/crc32c_sw.c.obj
[jubilant:rw] [260/381] Linking C static library zephyr/drivers/espi/libdrivers__espi.a
[jubilant:rw] [261/381] Building C object zephyr/drivers/i2c/CMakeFiles/drivers__i2c.dir/i2c_common.c.obj
[jubilant:ro] [131/381] Building C object zephyr/lib/smf/CMakeFiles/lib__smf.dir/smf.c.obj
[jubilant:ro] [132/381] Building C object zephyr/subsys/crc/CMakeFiles/subsys__crc.dir/crc32k_4_2_sw.c.obj
[jubilant:ro] [133/381] Linking C static library zephyr/lib/smf/liblib__smf.a
[jubilant:ro] [134/381] Linking C static library zephyr/subsys/crc/libsubsys__crc.a
[jubilant:rw] [262/381] Building C object zephyr/drivers/i2c/CMakeFiles/drivers__i2c.dir/i2c_bitbang.c.obj
[jubilant:rw] [263/381] Building C object zephyr/drivers/i2c/CMakeFiles/drivers__i2c.dir/i2c_shell.c.obj
[krabby:ro] [28/380] Building C object zephyr/CMakeFiles/zephyr.dir/lib/utils/getopt/getopt_common.c.obj
[jubilant:ro] [135/381] Building C object zephyr/subsys/input/CMakeFiles/subsys__input.dir/input_hid.c.obj
[meliks:rw] -- Performing EC specific devicetree checks
[jubilant:rw] [264/381] Building C object zephyr/drivers/gpio/CMakeFiles/drivers__gpio.dir/gpio_ite_it8xxx2_v2.c.obj
[jubilant:rw] [265/381] Linking C static library zephyr/drivers/gpio/libdrivers__gpio.a
[krabby:ro] [29/380] Building C object zephyr/CMakeFiles/zephyr.dir/lib/utils/ring_buffer.c.obj
[jubilant:ro] [136/381] Building C object zephyr/subsys/input/CMakeFiles/subsys__input.dir/input.c.obj
[meliks:rw]   Disabling c_library
[meliks:rw] Call Stack (most recent call first):
[meliks:rw]   /mnt/host/source/src/third_party/zephyr/main/cmake/target_toolchain_flags.cmake:48 (include)
[meliks:rw]   /mnt/host/source/src/third_party/zephyr/main/cmake/modules/kernel.cmake:153 (include)
[meliks:rw]   /mnt/host/source/src/third_party/zephyr/main/cmake/modules/zephyr_default.cmake:138 (include)
[meliks:rw]   /mnt/host/source/src/third_party/zephyr/main/share/zephyr-package/cmake/ZephyrConfig.cmake:66 (include)
[meliks:rw]   /mnt/host/source/src/third_party/zephyr/main/share/zephyr-package/cmake/ZephyrConfig.cmake:97 (include_boilerplate)
[meliks:rw]   CMakeLists.txt:7 (find_package)
[meliks:rw] INFO: Verified 55 GPIOs, no duplicates found
[meliks:rw] INFO: Verified 21 '*-gpios' properties, all flags match.
[krabby:ro] [30/380] Building C object zephyr/CMakeFiles/zephyr.dir/lib/utils/last_section_id.c.obj
[jubilant:rw] [266/381] Building C object zephyr/drivers/input/CMakeFiles/drivers__input.dir/input_kbd_matrix.c.obj
[jubilant:rw] [267/381] Building C object zephyr/drivers/i2c/CMakeFiles/drivers__i2c.dir/i2c_ite_enhance.c.obj
[jubilant:rw] [268/381] Building C object zephyr/drivers/pinctrl/CMakeFiles/drivers__pinctrl.dir/common.c.obj
[jubilant:rw] [269/381] Building C object zephyr/drivers/input/CMakeFiles/drivers__input.dir/input_ite_it8xxx2_kbd.c.obj
[meliks:ro] -- Found assembler: /home/jpmurphy/.cache/coreboot-sdk/arm-eabi/ea40ddd1d190c3b48435c474c0b545719371813a/bin/arm-eabi-gcc
[jubilant:rw] [270/381] Linking C static library zephyr/drivers/i2c/libdrivers__i2c.a
[meliks:ro] -- Performing EC specific devicetree checks
[jubilant:rw] [271/381] Linking C static library zephyr/drivers/input/libdrivers__input.a
[meliks:rw] -- Generating component manifest file
[krabby:ro] [31/380] Building C object zephyr/CMakeFiles/zephyr.dir/misc/generated/configs.c.obj
[jubilant:rw] [272/381] Building C object zephyr/drivers/sensor/CMakeFiles/drivers__sensor.dir/mnt/host/source/src/third_party/zephyr/main/misc/empty_file.c.obj
[jubilant:ro] [137/381] Building C object zephyr/subsys/input/CMakeFiles/subsys__input.dir/input_utils.c.obj
[jubilant:rw] [273/381] Linking C static library zephyr/drivers/sensor/libdrivers__sensor.a
[meliks:ro] INFO: Verified 55 GPIOs, no duplicates found
[jubilant:ro] [138/381] Linking C static library zephyr/subsys/input/libsubsys__input.a
[meliks:rw] INFO: Skipped 17 named-gpios children.
[meliks:rw] INFO: Running CME, outputting to /mnt/host/source/src/platform/ec/build/zephyr/meliks/build-rw/zephyr/component_manifest.json
[meliks:rw] INFO: Project meliks does not support SSFC
[meliks:rw] INFO: Component virtual-mux-0(cros-ec,usbc-mux-virtual) not on I2C bus, skip it
[meliks:rw] INFO: Component virtual-mux-1(cros-ec,usbc-mux-virtual) not on I2C bus, skip it
[meliks:rw] INFO: Component virtual-mux-1(cros-ec,usbc-mux-virtual) not on I2C bus, skip it
[meliks:rw] INFO: No motionsense-sensor-alt node found
[jubilant:ro] [139/381] Building C object zephyr/drivers/interrupt_controller/CMakeFiles/drivers__interrupt_controller.dir/intc_ite_it8xxx2_v2.c.obj
[krabby:ro] [32/380] Building ASM object zephyr/CMakeFiles/zephyr.dir/soc/ite/ec/common/soc_irq.S.obj
[jubilant:rw] [274/381] Building C object zephyr/drivers/pinctrl/CMakeFiles/drivers__pinctrl.dir/pinctrl_ite_it8xxx2.c.obj
[meliks:ro] -- Generating component manifest file
[jubilant:rw] [275/381] Building C object zephyr/drivers/pwm/CMakeFiles/drivers__pwm.dir/pwm_shell.c.obj
[jubilant:rw] [276/381] Linking C static library zephyr/drivers/pinctrl/libdrivers__pinctrl.a
[jubilant:ro] [140/381] Building C object zephyr/drivers/interrupt_controller/CMakeFiles/drivers__interrupt_controller.dir/wuc_ite_it8xxx2.c.obj
[meliks:rw] -- warning_base_override: -Wall;-Wformat;-Wformat-security;-Wformat;-Wno-format-zero-length;-Wno-pointer-sign;-Wpointer-arith;-Wexpansion-to-defined
[jubilant:ro] [141/381] Linking C static library zephyr/drivers/interrupt_controller/libdrivers__interrupt_controller.a
[jubilant:rw] [277/381] Building C object zephyr/drivers/pwm/CMakeFiles/drivers__pwm.dir/pwm_ite_it8xxx2.c.obj
[meliks:ro] INFO: Verified 21 '*-gpios' properties, all flags match.
[meliks:ro] INFO: Skipped 17 named-gpios children.
[meliks:ro] INFO: Running CME, outputting to /mnt/host/source/src/platform/ec/build/zephyr/meliks/build-ro/zephyr/component_manifest.json
[meliks:ro] INFO: Project meliks does not support SSFC
[meliks:ro] INFO: Component virtual-mux-0(cros-ec,usbc-mux-virtual) not on I2C bus, skip it
[meliks:ro] INFO: Component virtual-mux-1(cros-ec,usbc-mux-virtual) not on I2C bus, skip it
[meliks:ro] INFO: Component virtual-mux-1(cros-ec,usbc-mux-virtual) not on I2C bus, skip it
[meliks:ro] INFO: No motionsense-sensor-alt node found
[jubilant:rw] [278/381] Linking C static library zephyr/drivers/pwm/libdrivers__pwm.a
[meliks:ro] -- warning_base_override: -Wall;-Wformat;-Wformat-security;-Wformat;-Wno-format-zero-length;-Wno-pointer-sign;-Wpointer-arith;-Wexpansion-to-defined
[jubilant:rw] [279/381] Building C object zephyr/drivers/sensor/ite/ite_tach_it8xxx2/CMakeFiles/drivers__sensor__ite__ite_tach_it8xxx2.dir/tach_ite_it8xxx2.c.obj
[jubilant:rw] [280/381] Linking C static library zephyr/drivers/sensor/ite/ite_tach_it8xxx2/libdrivers__sensor__ite__ite_tach_it8xxx2.a
[jubilant:rw] [281/381] Building C object zephyr/drivers/sensor/ite/ite_vcmp_it8xxx2/CMakeFiles/drivers__sensor__ite__ite_vcmp_it8xxx2.dir/vcmp_ite_it8xxx2.c.obj
[jubilant:ro] [142/381] Building C object zephyr/drivers/adc/CMakeFiles/drivers__adc.dir/adc_common.c.obj
[jubilant:rw] [282/381] Building C object zephyr/drivers/serial/CMakeFiles/drivers__serial.dir/uart_ite_it8xxx2.c.obj
[meliks:rw] -- Found gen_kobject_list: /mnt/host/source/src/third_party/zephyr/main/scripts/build/gen_kobject_list.py
[jubilant:rw] [283/381] Linking C static library zephyr/drivers/sensor/ite/ite_vcmp_it8xxx2/libdrivers__sensor__ite__ite_vcmp_it8xxx2.a
[krabby:ro] [33/380] Building C object zephyr/CMakeFiles/zephyr.dir/soc/ite/ec/common/soc_common_irq.c.obj
[meliks:ro] -- Found gen_kobject_list: /mnt/host/source/src/third_party/zephyr/main/scripts/build/gen_kobject_list.py
[jubilant:rw] [284/381] Building C object zephyr/drivers/timer/CMakeFiles/drivers__timer.dir/sys_clock_init.c.obj
[meliks:rw] -- Configuring done (15.9s)
[meliks:ro] -- Configuring done (15.8s)
[jubilant:ro] [143/381] Building C object zephyr/drivers/adc/CMakeFiles/drivers__adc.dir/adc_ite_it8xxx2.c.obj
[jubilant:ro] [144/381] Linking C static library zephyr/drivers/adc/libdrivers__adc.a
[jubilant:ro] [145/381] Building C object zephyr/drivers/bbram/CMakeFiles/drivers__bbram.dir/bbram_it8xxx2.c.obj
[jubilant:ro] [146/381] Linking C static library zephyr/drivers/bbram/libdrivers__bbram.a
[jubilant:rw] [285/381] Building C object zephyr/drivers/serial/CMakeFiles/drivers__serial.dir/uart_ns16550.c.obj
[jubilant:rw] [286/381] Building C object zephyr/drivers/timer/CMakeFiles/drivers__timer.dir/ite_it8xxx2_timer.c.obj
[jubilant:rw] [287/381] Linking C static library zephyr/drivers/serial/libdrivers__serial.a
[jubilant:ro] [147/381] Building C object zephyr/drivers/console/CMakeFiles/drivers__console.dir/uart_console.c.obj
[jubilant:rw] [288/381] Building C object zephyr/drivers/watchdog/CMakeFiles/drivers__watchdog.dir/wdt_ite_it8xxx2.c.obj
[jubilant:ro] [148/381] Linking C static library zephyr/drivers/console/libdrivers__console.a
[jubilant:rw] [289/381] Linking C static library zephyr/drivers/timer/libdrivers__timer.a
[krabby:ro] [34/380] Building C object zephyr/CMakeFiles/zephyr.dir/soc/ite/ec/common/power.c.obj
[meliks:ro] -- Generating done (0.4s)
[meliks:ro] CMake Warning:
[meliks:ro]   Manually-specified variables were not used by the project:
[meliks:ro]     COREBOOT_SDK_ROOT_libstdcxx_riscv64
[meliks:ro]     COREBOOT_SDK_ROOT_libstdcxx_x86
[meliks:ro]     COREBOOT_SDK_ROOT_nds32
[meliks:ro]     COREBOOT_SDK_ROOT_picolibc_riscv64
[meliks:ro]     COREBOOT_SDK_ROOT_picolibc_x86
[meliks:ro]     COREBOOT_SDK_ROOT_riscv
[meliks:ro]     COREBOOT_SDK_ROOT_riscv64
[meliks:ro]     COREBOOT_SDK_ROOT_x86
[meliks:ro] -- Build files have been written to: /mnt/host/source/src/platform/ec/build/zephyr/meliks/build-ro
[meliks:rw] -- Generating done (0.5s)
[meliks:rw] CMake Warning:
[jubilant:rw] [290/381] Building C object zephyr/drivers/watchdog/CMakeFiles/drivers__watchdog.dir/wdt_shell.c.obj
[meliks:rw] -- Build files have been written to: /mnt/host/source/src/platform/ec/build/zephyr/meliks/build-rw
[jubilant:rw] [291/381] Linking C static library zephyr/drivers/watchdog/libdrivers__watchdog.a
[jubilant:rw] [292/381] Building C object modules/ec/zephyr/CMakeFiles/ec_shim.dir/app/ec/main_shim.c.obj
[meliks:rw]   Manually-specified variables were not used by the project:
[meliks:rw]     COREBOOT_SDK_ROOT_libstdcxx_riscv64
[meliks:rw]     COREBOOT_SDK_ROOT_libstdcxx_x86
[meliks:rw]     COREBOOT_SDK_ROOT_nds32
[meliks:rw]     COREBOOT_SDK_ROOT_picolibc_riscv64
[meliks:rw]     COREBOOT_SDK_ROOT_picolibc_x86
[meliks:rw]     COREBOOT_SDK_ROOT_riscv
[meliks:rw]     COREBOOT_SDK_ROOT_riscv64
[meliks:rw]     COREBOOT_SDK_ROOT_x86
Running (initial) lcov on /mnt/host/source/src/platform/ec/build/zephyr/kodkod.
[jubilant:rw] [293/381] Building C object modules/ec/zephyr/CMakeFiles/ec_shim.dir/app/ec/ec_app_main.c.obj
[jubilant:ro] [149/381] Building C object zephyr/drivers/crypto/CMakeFiles/drivers__crypto.dir/crypto_it8xxx2_sha_v2.c.obj
[jubilant:ro] [150/381] Linking C static library zephyr/drivers/crypto/libdrivers__crypto.a
[krabby:ro] [35/380] Building C object zephyr/CMakeFiles/zephyr.dir/soc/ite/ec/common/policy.c.obj
[jubilant:rw] [294/381] Building C object modules/ec/zephyr/CMakeFiles/ec_shim.dir/app/ec/chip/riscv/riscv-ite/it8xxx2-espi.c.obj
Running `env -i PYTHONPATH=/usr/lib64/python-exec/python3.11:/mnt/host/source/src/platform/ec/zephyr/zmake:/usr/lib/python311.zip:/usr/lib/python3.11:/usr/lib/python3.11/lib-dynload:/usr/lib/python3.11/site-packages PW_PIGWEED_CIPD_INSTALL_DIR=/usr CROSTC_USER_ACKNOWLEDGES_THAT_RISCV_IS_EXPERIMENTAL=1 PATH=/mnt/host/source/chromite/bin:/usr/local/bin:/usr/bin:/bin:/opt/bin:/mnt/host/source/chromite/sdk/bin:/mnt/host/source/chromite/bin HOME=/home/jpmurphy JAVA_HOME=/etc/java-config-2/current-system-vm JDK_HOME=/etc/java-config-2/current-system-vm JAVAC=/etc/java-config-2/current-system-vm/bin/javac MAKEFLAGS=' -j16 --jobserver-auth=5,6' /usr/bin/lcov --gcov-tool /mnt/host/source/src/platform/ec/build/zephyr/kodkod/build-rw/gcov.sh -q -o - -c -d /mnt/host/source/src/platform/ec/build/zephyr/kodkod -t kodkod --rc branch_coverage=1 --filter range --ignore-errors inconsistent,source --ignore-errors gcov,gcov -i`
[jubilant:ro] [151/381] Building C object zephyr/drivers/flash/CMakeFiles/drivers__flash.dir/flash_ite_it8xxx2.c.obj
[jubilant:ro] [152/381] Linking C static library zephyr/drivers/flash/libdrivers__flash.a
[jubilant:rw] [295/381] Building C object modules/ec/zephyr/CMakeFiles/ec_shim.dir/drivers/cros_kblight/pwm_kblight.c.obj
[jubilant:rw] [296/381] Building C object modules/ec/zephyr/CMakeFiles/ec_shim.dir/drivers/cros_flash/cros_flash_it8xxx2.c.obj
[jubilant:ro] [153/381] Building C object zephyr/drivers/espi/CMakeFiles/drivers__espi.dir/espi_it8xxx2.c.obj
[jubilant:ro] [154/381] Linking C static library zephyr/drivers/espi/libdrivers__espi.a
[jubilant:rw] [297/381] Building C object modules/ec/zephyr/CMakeFiles/ec_shim.dir/drivers/keyboard_input/keyboard_customization_check.c.obj
[jubilant:rw] [298/381] Building C object modules/ec/zephyr/CMakeFiles/ec_shim.dir/drivers/cros_system/cros_system_it8xxx2.c.obj
[jubilant:rw] [299/381] Building C object modules/ec/zephyr/CMakeFiles/ec_shim.dir/drivers/hibernate/hibernate_z5.c.obj
[krabby:ro] [36/380] Building C object zephyr/CMakeFiles/zephyr.dir/soc/ite/ec/it8xxx2/soc.c.obj
[jubilant:rw] [300/381] Building C object modules/ec/zephyr/CMakeFiles/ec_shim.dir/drivers/keyboard_input/keyboard_input.c.obj
[jubilant:ro] [155/381] Building C object zephyr/drivers/i2c/CMakeFiles/drivers__i2c.dir/i2c_common.c.obj
[jubilant:ro] [156/381] Building C object zephyr/drivers/i2c/CMakeFiles/drivers__i2c.dir/i2c_bitbang.c.obj
[jubilant:rw] [301/381] Building C object modules/ec/zephyr/CMakeFiles/ec_shim.dir/drivers/keyboard_input/col_gpio_drive.c.obj
[/mnt/host/source/src/platform/ec/build/zephyr/mtlrvpp_mchp-lcov]   /mnt/host/source/src/platform/ec/build/zephyr/mtlrvpp_mchp/build-ro/CMakeFiles/app.dir/mnt/host/source/src/platform/ec/build/zephyr/mtlrvpp_mchp/modules/ec/common/chargen.c.gcno:no functions found
[/mnt/host/source/src/platform/ec/build/zephyr/mtlrvpp_mchp-lcov] stderr:
[/mnt/host/source/src/platform/ec/build/zephyr/kodkod-lcov] geninfo: WARNING: using JSON module "JSON::PP" - which is much slower than some alternatives.  Consider installing one of JSON::XS or Cpanel::JSON::XS
[jubilant:rw] [302/381] Building C object modules/ec/zephyr/CMakeFiles/ec_shim.dir/drivers/usbc/ucsi_v3.c.obj
[jubilant:ro] [157/381] Building C object zephyr/drivers/gpio/CMakeFiles/drivers__gpio.dir/gpio_ite_it8xxx2_v2.c.obj
[jubilant:rw] [303/381] Building C object modules/ec/zephyr/CMakeFiles/ec_shim.dir/drivers/keyboard_factory_test/keyboard_factory_test.c.obj
[krabby:ro] [37/380] Building C object zephyr/CMakeFiles/zephyr.dir/soc/ite/ec/it8xxx2/check_regs.c.obj
[jubilant:ro] [158/381] Building C object zephyr/drivers/i2c/CMakeFiles/drivers__i2c.dir/i2c_shell.c.obj
[jubilant:rw] [304/381] Building C object modules/ec/zephyr/CMakeFiles/ec_shim.dir/drivers/boot_keys/boot_keys.c.obj
[krabby:ro] [38/380] Building ASM object zephyr/CMakeFiles/zephyr.dir/soc/ite/ec/it8xxx2/vector.S.obj
[jubilant:rw] [305/381] Building C object modules/ec/zephyr/CMakeFiles/ec_shim.dir/drivers/runtime_keys/runtime_keys.c.obj
[krabby:ro] [39/380] Building ASM object zephyr/CMakeFiles/zephyr.dir/soc/ite/ec/it8xxx2/__arithmetic.S.obj
[/mnt/host/source/src/platform/ec/build/zephyr/felino-lcov]   /mnt/host/source/src/platform/ec/build/zephyr/felino/build-ro/CMakeFiles/app.dir/mnt/host/source/src/platform/ec/build/zephyr/felino/modules/ec/common/cbi_config.c.gcno:no functions found
[/mnt/host/source/src/platform/ec/build/zephyr/felino-lcov] stderr:
[jubilant:ro] [159/381] Linking C static library zephyr/drivers/gpio/libdrivers__gpio.a
[jubilant:ro] [160/381] Building C object zephyr/drivers/input/CMakeFiles/drivers__input.dir/input_ite_it8xxx2_kbd.c.obj
[jubilant:rw] [306/381] Building C object modules/ec/zephyr/CMakeFiles/ec_shim.dir/drivers/vivaldi_kbd/vivaldi_kbd.c.obj
[/mnt/host/source/src/platform/ec/build/zephyr/navi-lcov]   /mnt/host/source/src/platform/ec/build/zephyr/navi/build-rw/CMakeFiles/app.dir/mnt/host/source/src/platform/ec/build/zephyr/navi/modules/ec/common/usb_pd_pdo.c.gcno:no functions found
[/mnt/host/source/src/platform/ec/build/zephyr/navi-lcov] stderr:
[jubilant:ro] [161/381] Building C object zephyr/drivers/i2c/CMakeFiles/drivers__i2c.dir/i2c_ite_enhance.c.obj
[jubilant:ro] [162/381] Building C object zephyr/drivers/pinctrl/CMakeFiles/drivers__pinctrl.dir/common.c.obj
[jubilant:ro] [163/381] Linking C static library zephyr/drivers/i2c/libdrivers__i2c.a
[jubilant:rw] [307/381] Building C object modules/ec/zephyr/CMakeFiles/ec_shim.dir/drivers/usbc/pdc_rts54xx.c.obj
[jubilant:rw] [308/381] Building C object modules/ec/zephyr/CMakeFiles/ec_shim.dir/shim/chip/it8xxx2/clock.c.obj
[jubilant:rw] [309/381] Building C object modules/ec/zephyr/CMakeFiles/ec_shim.dir/drivers/prochot_vcmp/prochot_vcmp.c.obj
[jubilant:ro] [164/381] Building C object zephyr/drivers/input/CMakeFiles/drivers__input.dir/input_kbd_matrix.c.obj
[jubilant:ro] [165/381] Linking C static library zephyr/drivers/input/libdrivers__input.a
[jubilant:rw] [310/381] Building C object modules/ec/zephyr/CMakeFiles/ec_shim.dir/shim/src/crc.c.obj
[/mnt/host/source/src/platform/ec/build/zephyr/kodkod-lcov] stderr:
[jubilant:ro] [166/381] Building C object zephyr/drivers/sensor/CMakeFiles/drivers__sensor.dir/mnt/host/source/src/third_party/zephyr/main/misc/empty_file.c.obj
[krabby:ro] [40/380] Building C object zephyr/CMakeFiles/zephyr.dir/soc/ite/ec/it8xxx2/ilm.c.obj
[jubilant:ro] [167/381] Linking C static library zephyr/drivers/sensor/libdrivers__sensor.a
[jubilant:rw] [311/381] Building C object modules/ec/zephyr/CMakeFiles/ec_shim.dir/shim/chip/it8xxx2/system.c.obj
[/mnt/host/source/src/platform/ec/build/zephyr/felino-lcov]   /mnt/host/source/src/platform/ec/build/zephyr/felino/build-ro/zephyr/arch/arch/riscv/core/CMakeFiles/arch__riscv__core.dir/cpu_idle.c.gcno:no functions found
[/mnt/host/source/src/platform/ec/build/zephyr/felino-lcov] stderr:
[jubilant:ro] [168/381] Building C object zephyr/drivers/pwm/CMakeFiles/drivers__pwm.dir/pwm_shell.c.obj
[jubilant:rw] [312/381] Building C object modules/ec/zephyr/CMakeFiles/ec_shim.dir/shim/chip/it8xxx2/power_policy.c.obj
[/mnt/host/source/src/platform/ec/build/zephyr/kodkod-lcov]   /mnt/host/source/src/platform/ec/build/zephyr/kodkod/build-ro/modules/ec/zephyr/CMakeFiles/ec_shim.dir/shim/src/thermal.c.gcno:no functions found
[/mnt/host/source/src/platform/ec/build/zephyr/kodkod-lcov] stderr:
[jubilant:rw] [313/381] Building C object modules/ec/zephyr/CMakeFiles/ec_shim.dir/shim/chip/it8xxx2/gpio.c.obj
[jubilant:ro] [169/381] Building C object zephyr/drivers/pwm/CMakeFiles/drivers__pwm.dir/pwm_ite_it8xxx2.c.obj
[jubilant:ro] [170/381] Building C object zephyr/drivers/pinctrl/CMakeFiles/drivers__pinctrl.dir/pinctrl_ite_it8xxx2.c.obj
[jubilant:ro] [171/381] Linking C static library zephyr/drivers/pwm/libdrivers__pwm.a
[jubilant:ro] [172/381] Linking C static library zephyr/drivers/pinctrl/libdrivers__pinctrl.a
[/mnt/host/source/src/platform/ec/build/zephyr/kodkod-lcov]   /mnt/host/source/src/platform/ec/build/zephyr/kodkod/build-ro/modules/ec/zephyr/CMakeFiles/ec_shim.dir/shim/src/battery.c.gcno:no functions found
[/mnt/host/source/src/platform/ec/build/zephyr/kodkod-lcov] stderr:
[jubilant:rw] [314/381] Building C object modules/ec/zephyr/CMakeFiles/ec_shim.dir/shim/src/console.c.obj
[krabby:ro] [41/380] Building C object zephyr/CMakeFiles/zephyr.dir/subsys/logging/log_minimal.c.obj
[jubilant:rw] [315/381] Building C object modules/ec/zephyr/CMakeFiles/ec_shim.dir/shim/src/gpio_int.c.obj
[jubilant:rw] [316/381] Building C object modules/ec/zephyr/CMakeFiles/ec_shim.dir/shim/src/gpio.c.obj
[jubilant:ro] [173/381] Building C object zephyr/drivers/sensor/ite/ite_tach_it8xxx2/CMakeFiles/drivers__sensor__ite__ite_tach_it8xxx2.dir/tach_ite_it8xxx2.c.obj
[jubilant:ro] [174/381] Linking C static library zephyr/drivers/sensor/ite/ite_tach_it8xxx2/libdrivers__sensor__ite__ite_tach_it8xxx2.a
[jubilant:rw] [317/381] Building C object modules/ec/zephyr/CMakeFiles/ec_shim.dir/shim/src/panic_utils.c.obj
[/mnt/host/source/src/platform/ec/build/zephyr/felino-lcov]   /mnt/host/source/src/platform/ec/build/zephyr/felino/build-ro/zephyr/arch/common/CMakeFiles/isr_tables.dir/isr_tables.c.gcno:no functions found
[/mnt/host/source/src/platform/ec/build/zephyr/felino-lcov] stderr:
[jubilant:ro] [175/381] Building C object zephyr/drivers/sensor/ite/ite_vcmp_it8xxx2/CMakeFiles/drivers__sensor__ite__ite_vcmp_it8xxx2.dir/vcmp_ite_it8xxx2.c.obj
[jubilant:rw] [318/381] Building C object modules/ec/zephyr/CMakeFiles/ec_shim.dir/shim/src/pm_state.c.obj
[jubilant:rw] [319/381] Building C object modules/ec/zephyr/CMakeFiles/ec_shim.dir/shim/src/cbi/cros_cbi.c.obj
[jubilant:ro] [176/381] Linking C static library zephyr/drivers/sensor/ite/ite_vcmp_it8xxx2/libdrivers__sensor__ite__ite_vcmp_it8xxx2.a
[jubilant:ro] [177/381] Building C object zephyr/drivers/serial/CMakeFiles/drivers__serial.dir/uart_ite_it8xxx2.c.obj
[krabby:ro] [42/380] Building C object zephyr/CMakeFiles/zephyr.dir/subsys/pm/pm.c.obj
[jubilant:ro] [178/381] Building C object zephyr/drivers/serial/CMakeFiles/drivers__serial.dir/uart_ns16550.c.obj
[/mnt/host/source/src/platform/ec/build/zephyr/kodkod-lcov]   /mnt/host/source/src/platform/ec/build/zephyr/kodkod/build-ro/modules/ec/zephyr/CMakeFiles/ec_shim.dir/shim/src/charger.c.gcno:no functions found
[/mnt/host/source/src/platform/ec/build/zephyr/kodkod-lcov] stderr:
[jubilant:rw] [320/381] Building C object modules/ec/zephyr/CMakeFiles/ec_shim.dir/shim/src/cbi/cros_cbi_fw_config.c.obj
[jubilant:rw] [321/381] Building C object modules/ec/zephyr/CMakeFiles/ec_shim.dir/shim/src/cbi/cbi_flash.c.obj
[jubilant:ro] [179/381] Linking C static library zephyr/drivers/serial/libdrivers__serial.a
[jubilant:ro] [180/381] Building C object zephyr/drivers/timer/CMakeFiles/drivers__timer.dir/sys_clock_init.c.obj
[jubilant:rw] [322/381] Building C object modules/ec/zephyr/CMakeFiles/ec_shim.dir/shim/src/led_driver/led.c.obj
[krabby:ro] [43/380] Building C object zephyr/CMakeFiles/zephyr.dir/subsys/pm/state.c.obj
[jubilant:rw] [323/381] Building C object modules/ec/zephyr/CMakeFiles/ec_shim.dir/shim/src/led_driver/led_pwm.c.obj
[jubilant:ro] [181/381] Building C object zephyr/drivers/watchdog/CMakeFiles/drivers__watchdog.dir/wdt_ite_it8xxx2.c.obj
[jubilant:ro] [182/381] Building C object zephyr/drivers/timer/CMakeFiles/drivers__timer.dir/ite_it8xxx2_timer.c.obj
[jubilant:ro] [183/381] Linking C static library zephyr/drivers/timer/libdrivers__timer.a
[jubilant:rw] [324/381] Building C object modules/ec/zephyr/CMakeFiles/ec_shim.dir/shim/src/pdc_shim.c.obj
[jubilant:rw] [325/381] Building C object modules/ec/zephyr/CMakeFiles/ec_shim.dir/shim/src/system.c.obj
[jubilant:ro] [184/381] Building C object zephyr/drivers/watchdog/CMakeFiles/drivers__watchdog.dir/wdt_shell.c.obj
[jubilant:rw] [326/381] Building C object modules/ec/zephyr/CMakeFiles/ec_shim.dir/shim/src/adc.c.obj
[jubilant:ro] [185/381] Linking C static library zephyr/drivers/watchdog/libdrivers__watchdog.a
[jubilant:rw] [327/381] Building C object modules/ec/zephyr/CMakeFiles/ec_shim.dir/shim/src/battery.c.obj
[krabby:ro] [44/380] Building C object zephyr/CMakeFiles/zephyr.dir/subsys/pm/policy/policy_events.c.obj
[/mnt/host/source/src/platform/ec/build/zephyr/mtlrvpp_mchp-lcov]   /mnt/host/source/src/platform/ec/build/zephyr/mtlrvpp_mchp/build-ro/CMakeFiles/app.dir/mnt/host/source/src/platform/ec/build/zephyr/mtlrvpp_mchp/modules/ec/common/cbi_config.c.gcno:no functions found
[/mnt/host/source/src/platform/ec/build/zephyr/mtlrvpp_mchp-lcov] stderr:
[jubilant:ro] [186/381] Building C object modules/ec/zephyr/CMakeFiles/ec_shim.dir/app/ec/ec_app_main.c.obj
[jubilant:rw] [328/381] Building C object modules/ec/zephyr/CMakeFiles/ec_shim.dir/shim/src/charger.c.obj
[jubilant:rw] [329/381] Building C object modules/ec/zephyr/CMakeFiles/ec_shim.dir/shim/src/chipset_api.c.obj
[jubilant:ro] [187/381] Building C object modules/ec/zephyr/CMakeFiles/ec_shim.dir/app/ec/main_shim.c.obj
[jubilant:ro] [188/381] Building C object modules/ec/zephyr/CMakeFiles/ec_shim.dir/app/ec/chip/riscv/riscv-ite/it8xxx2-espi.c.obj
[/mnt/host/source/src/platform/ec/build/zephyr/kodkod-lcov]   /mnt/host/source/src/platform/ec/build/zephyr/kodkod/build-ro/modules/ec/zephyr/CMakeFiles/ec_shim.dir/shim/src/usba.c.gcno:no functions found
[/mnt/host/source/src/platform/ec/build/zephyr/kodkod-lcov] stderr:
[/mnt/host/source/src/platform/ec/build/zephyr/navi-lcov]   /mnt/host/source/src/platform/ec/build/zephyr/navi/build-rw/CMakeFiles/app.dir/mnt/host/source/src/platform/ec/build/zephyr/navi/modules/ec/common/cbi_config.c.gcno:no functions found
[/mnt/host/source/src/platform/ec/build/zephyr/navi-lcov] stderr:
[krabby:ro] [45/380] Building C object zephyr/CMakeFiles/zephyr.dir/subsys/pm/policy/policy_latency.c.obj
[jubilant:ro] [189/381] Building C object modules/ec/zephyr/CMakeFiles/ec_shim.dir/drivers/cros_flash/cros_flash_it8xxx2.c.obj
[jubilant:rw] [330/381] Building C object modules/ec/zephyr/CMakeFiles/ec_shim.dir/shim/src/espi.c.obj
[jubilant:rw] [331/381] Building C object modules/ec/zephyr/CMakeFiles/ec_shim.dir/shim/src/flash.c.obj
[/mnt/host/source/src/platform/ec/build/zephyr/mtlrvpp_mchp-lcov]   /mnt/host/source/src/platform/ec/build/zephyr/mtlrvpp_mchp/build-ro/CMakeFiles/app.dir/src/intel_rvp_board_id.c.gcno:no functions found
[/mnt/host/source/src/platform/ec/build/zephyr/mtlrvpp_mchp-lcov] stderr:
[jubilant:rw] [332/381] Building C object modules/ec/zephyr/CMakeFiles/ec_shim.dir/shim/src/hooks.c.obj
[jubilant:ro] [190/381] Building C object modules/ec/zephyr/CMakeFiles/ec_shim.dir/drivers/cros_kblight/pwm_kblight.c.obj
[jubilant:rw] [333/381] Building C object modules/ec/zephyr/CMakeFiles/ec_shim.dir/shim/src/fan.c.obj
[jubilant:ro] [191/381] Building C object modules/ec/zephyr/CMakeFiles/ec_shim.dir/drivers/keyboard_input/keyboard_customization_check.c.obj
[jubilant:rw] [334/381] Building C object modules/ec/zephyr/CMakeFiles/ec_shim.dir/shim/src/host_command.c.obj
[jubilant:rw] [335/381] Building C object modules/ec/zephyr/CMakeFiles/ec_shim.dir/shim/src/console_buffer.c.obj
[krabby:ro] [46/380] Building C object zephyr/CMakeFiles/zephyr.dir/subsys/pm/policy/policy_state_lock.c.obj
[jubilant:ro] [192/381] Building C object modules/ec/zephyr/CMakeFiles/ec_shim.dir/drivers/cros_system/cros_system_it8xxx2.c.obj
[jubilant:ro] [193/381] Building C object modules/ec/zephyr/CMakeFiles/ec_shim.dir/drivers/hibernate/hibernate_z5.c.obj
[jubilant:rw] [336/381] Building C object modules/ec/zephyr/CMakeFiles/ec_shim.dir/shim/src/mkbp_event.c.obj
[jubilant:ro] [194/381] Building C object modules/ec/zephyr/CMakeFiles/ec_shim.dir/drivers/keyboard_input/keyboard_input.c.obj
[jubilant:rw] [337/381] Building C object modules/ec/zephyr/CMakeFiles/ec_shim.dir/shim/src/panic.c.obj
[jubilant:rw] [338/381] Building C object modules/ec/zephyr/CMakeFiles/ec_shim.dir/shim/src/pwm_hc.c.obj
[jubilant:ro] [195/381] Building C object modules/ec/zephyr/CMakeFiles/ec_shim.dir/drivers/keyboard_input/col_gpio_drive.c.obj
[jubilant:rw] [339/381] Building C object modules/ec/zephyr/CMakeFiles/ec_shim.dir/shim/src/thermal.c.obj
[/mnt/host/source/src/platform/ec/build/zephyr/bloonchipper-lcov] geninfo: WARNING: (inconsistent) "/usr/armv7m-cros-eabi/usr/include/c++/v1/optional":357: function _ZNSt3__123__optional_storage_baseINS_4spanIKhLj32EEELb0EEC2Ev end line 340 less than start line 357.  Cannot derive function end line.  See lcovrc man entry for 'derive_function_end_line'.
[jubilant:rw] [340/381] Building C object modules/ec/zephyr/CMakeFiles/ec_shim.dir/shim/src/hwtimer.c.obj
[krabby:ro] [47/380] Building C object zephyr/CMakeFiles/zephyr.dir/subsys/pm/device.c.obj
[jubilant:rw] [341/381] Building C object modules/ec/zephyr/CMakeFiles/ec_shim.dir/shim/src/temp_sensors.c.obj
[/mnt/host/source/src/platform/ec/build/zephyr/navi-lcov]   /mnt/host/source/src/platform/ec/build/zephyr/navi/build-rw/CMakeFiles/app.dir/mnt/host/source/src/platform/ec/build/zephyr/navi/modules/ec/zephyr/program/rauru/src/common.c.gcno:no functions found
[/mnt/host/source/src/platform/ec/build/zephyr/navi-lcov] stderr:
[/mnt/host/source/src/platform/ec/build/zephyr/bloonchipper-lcov] 	(use "geninfo --ignore-errors inconsistent,inconsistent ..." to suppress this warning)
[/mnt/host/source/src/platform/ec/build/zephyr/bloonchipper-lcov] geninfo: WARNING: (inconsistent) "/usr/armv7m-cros-eabi/usr/include/c++/v1/optional":357: failed to set end line for function _ZNSt3__123__optional_storage_baseINS_4spanIKhLj32EEELb0EEC2Ev.
[/mnt/host/source/src/platform/ec/build/zephyr/bloonchipper-lcov] 	(use "geninfo --ignore-errors inconsistent,inconsistent ..." to suppress this warning)
[/mnt/host/source/src/platform/ec/build/zephyr/bloonchipper-lcov] geninfo: WARNING: (inconsistent) "/usr/armv7m-cros-eabi/usr/include/c++/v1/optional":360: function _ZNSt3__123__optional_storage_baseI28fp_elliptic_curve_public_keyLb0EECI2NS_24__optional_destruct_baseIS1_Lb1EEEIJS1_EEENS_10in_place_tEDpOT_ end line 340 less than start line 360.  Cannot derive function end line.
[/mnt/host/source/src/platform/ec/build/zephyr/bloonchipper-lcov] 	(use "geninfo --ignore-errors inconsistent,inconsistent ..." to suppress this warning)
[/mnt/host/source/src/platform/ec/build/zephyr/bloonchipper-lcov] geninfo: WARNING: (inconsistent) "/usr/armv7m-cros-eabi/usr/include/c++/v1/optional":360: failed to set end line for function _ZNSt3__123__optional_storage_baseI28fp_elliptic_curve_public_keyLb0EECI2NS_24__optional_destruct_baseIS1_Lb1EEEIJS1_EEENS_10in_place_tEDpOT_.
[/mnt/host/source/src/platform/ec/build/zephyr/bloonchipper-lcov] 	(use "geninfo --ignore-errors inconsistent,inconsistent ..." to suppress this warning)
[/mnt/host/source/src/platform/ec/build/zephyr/bloonchipper-lcov] geninfo: WARNING: (inconsistent) "/usr/armv7m-cros-eabi/usr/include/c++/v1/optional":469: function _ZNSt3__120__optional_copy_baseINS_4spanIKhLj32EEELb1EEC2Ev end line 374 less than start line 469.  Cannot derive function end line.
[/mnt/host/source/src/platform/ec/build/zephyr/bloonchipper-lcov] 	(use "geninfo --ignore-errors inconsistent,inconsistent ..." to suppress this warning)
[/mnt/host/source/src/platform/ec/build/zephyr/bloonchipper-lcov] geninfo: WARNING: (inconsistent) "/usr/armv7m-cros-eabi/usr/include/c++/v1/optional":469: failed to set end line for function _ZNSt3__120__optional_copy_baseINS_4spanIKhLj32EEELb1EEC2Ev.
[/mnt/host/source/src/platform/ec/build/zephyr/bloonchipper-lcov] 	(use "geninfo --ignore-errors inconsistent,inconsistent ..." to suppress this warning)
[/mnt/host/source/src/platform/ec/build/zephyr/bloonchipper-lcov] geninfo: WARNING: (inconsistent) "/usr/armv7m-cros-eabi/usr/include/c++/v1/optional":470: function _ZNSt3__120__optional_copy_baseI28fp_elliptic_curve_public_keyLb1EECI2NS_24__optional_destruct_baseIS1_Lb1EEEIJS1_EEENS_10in_place_tEDpOT_ end line 374 less than start line 470.  Cannot derive function end line.
[/mnt/host/source/src/platform/ec/build/zephyr/bloonchipper-lcov] 	(use "geninfo --ignore-errors inconsistent,inconsistent ..." to suppress this warning)
[/mnt/host/source/src/platform/ec/build/zephyr/bloonchipper-lcov] geninfo: WARNING: (inconsistent) "/usr/armv7m-cros-eabi/usr/include/c++/v1/optional":470: failed to set end line for function _ZNSt3__120__optional_copy_baseI28fp_elliptic_curve_public_keyLb1EECI2NS_24__optional_destruct_baseIS1_Lb1EEEIJS1_EEENS_10in_place_tEDpOT_.
[/mnt/host/source/src/platform/ec/build/zephyr/bloonchipper-lcov] 	(use "geninfo --ignore-errors inconsistent,inconsistent ..." to suppress this warning)
[/mnt/host/source/src/platform/ec/build/zephyr/bloonchipper-lcov] geninfo: WARNING: (inconsistent) "/usr/armv7m-cros-eabi/usr/include/c++/v1/optional":489: function _ZNSt3__120__optional_move_baseINS_4spanIKhLj32EEELb1EEC2Ev end line 374 less than start line 489.  Cannot derive function end line.
[/mnt/host/source/src/platform/ec/build/zephyr/bloonchipper-lcov] 	(use "geninfo --ignore-errors inconsistent,inconsistent ..." to suppress this warning)
[/mnt/host/source/src/platform/ec/build/zephyr/bloonchipper-lcov] geninfo: WARNING: (inconsistent) "/usr/armv7m-cros-eabi/usr/include/c++/v1/optional":489: failed to set end line for function _ZNSt3__120__optional_move_baseINS_4spanIKhLj32EEELb1EEC2Ev.
[/mnt/host/source/src/platform/ec/build/zephyr/bloonchipper-lcov] 	(use "geninfo --ignore-errors inconsistent,inconsistent ..." to suppress this warning)
[/mnt/host/source/src/platform/ec/build/zephyr/bloonchipper-lcov] geninfo: WARNING: (inconsistent) "/usr/armv7m-cros-eabi/usr/include/c++/v1/optional":490: function _ZNSt3__120__optional_move_baseI28fp_elliptic_curve_public_keyLb1EECI2NS_24__optional_destruct_baseIS1_Lb1EEEIJS1_EEENS_10in_place_tEDpOT_ end line 374 less than start line 490.  Cannot derive function end line.
[/mnt/host/source/src/platform/ec/build/zephyr/bloonchipper-lcov] 	(use "geninfo --ignore-errors inconsistent,inconsistent ..." to suppress this warning)
[/mnt/host/source/src/platform/ec/build/zephyr/bloonchipper-lcov] geninfo: WARNING: (inconsistent) "/usr/armv7m-cros-eabi/usr/include/c++/v1/optional":490: failed to set end line for function _ZNSt3__120__optional_move_baseI28fp_elliptic_curve_public_keyLb1EECI2NS_24__optional_destruct_baseIS1_Lb1EEEIJS1_EEENS_10in_place_tEDpOT_.
[/mnt/host/source/src/platform/ec/build/zephyr/bloonchipper-lcov] 	(use "geninfo --ignore-errors inconsistent,inconsistent ..." to suppress this warning)
[/mnt/host/source/src/platform/ec/build/zephyr/bloonchipper-lcov] geninfo: WARNING: (inconsistent) "/usr/armv7m-cros-eabi/usr/include/c++/v1/optional":513: function _ZNSt3__127__optional_copy_assign_baseINS_4spanIKhLj32EEELb1EEC2Ev end line 374 less than start line 513.  Cannot derive function end line.
[/mnt/host/source/src/platform/ec/build/zephyr/bloonchipper-lcov] 	(use "geninfo --ignore-errors inconsistent,inconsistent ..." to suppress this warning)
[/mnt/host/source/src/platform/ec/build/zephyr/bloonchipper-lcov] geninfo: WARNING: (inconsistent) "/usr/armv7m-cros-eabi/usr/include/c++/v1/optional":513: failed to set end line for function _ZNSt3__127__optional_copy_assign_baseINS_4spanIKhLj32EEELb1EEC2Ev.
[/mnt/host/source/src/platform/ec/build/zephyr/bloonchipper-lcov] 	(use "geninfo --ignore-errors inconsistent,inconsistent ..." to suppress this warning)
[/mnt/host/source/src/platform/ec/build/zephyr/bloonchipper-lcov] geninfo: WARNING: (inconsistent) "/usr/armv7m-cros-eabi/usr/include/c++/v1/optional":514: function _ZNSt3__127__optional_copy_assign_baseI28fp_elliptic_curve_public_keyLb1EECI2NS_24__optional_destruct_baseIS1_Lb1EEEIJS1_EEENS_10in_place_tEDpOT_ end line 374 less than start line 514.  Cannot derive function end line.
[/mnt/host/source/src/platform/ec/build/zephyr/bloonchipper-lcov] 	(use "geninfo --ignore-errors inconsistent,inconsistent ..." to suppress this warning)
[/mnt/host/source/src/platform/ec/build/zephyr/bloonchipper-lcov] geninfo: WARNING: (inconsistent) "/usr/armv7m-cros-eabi/usr/include/c++/v1/optional":514: failed to set end line for function _ZNSt3__127__optional_copy_assign_baseI28fp_elliptic_curve_public_keyLb1EECI2NS_24__optional_destruct_baseIS1_Lb1EEEIJS1_EEENS_10in_place_tEDpOT_.
[/mnt/host/source/src/platform/ec/build/zephyr/bloonchipper-lcov] 	(use "geninfo --ignore-errors inconsistent,inconsistent ..." to suppress this warning)
[/mnt/host/source/src/platform/ec/build/zephyr/bloonchipper-lcov] geninfo: WARNING: (inconsistent) "/usr/armv7m-cros-eabi/usr/include/c++/v1/optional":537: function _ZNSt3__127__optional_move_assign_baseINS_4spanIKhLj32EEELb1EEC2Ev end line 374 less than start line 537.  Cannot derive function end line.
[/mnt/host/source/src/platform/ec/build/zephyr/bloonchipper-lcov] 	(use "geninfo --ignore-errors inconsistent,inconsistent ..." to suppress this warning)
[/mnt/host/source/src/platform/ec/build/zephyr/bloonchipper-lcov] geninfo: WARNING: (inconsistent) "/usr/armv7m-cros-eabi/usr/include/c++/v1/optional":537: failed to set end line for function _ZNSt3__127__optional_move_assign_baseINS_4spanIKhLj32EEELb1EEC2Ev.
[/mnt/host/source/src/platform/ec/build/zephyr/bloonchipper-lcov] 	(use "geninfo --ignore-errors inconsistent,inconsistent ..." to suppress this warning)
[/mnt/host/source/src/platform/ec/build/zephyr/bloonchipper-lcov] geninfo: WARNING: (inconsistent) "/usr/armv7m-cros-eabi/usr/include/c++/v1/optional":538: function _ZNSt3__127__optional_move_assign_baseI28fp_elliptic_curve_public_keyLb1EECI2NS_24__optional_destruct_baseIS1_Lb1EEEIJS1_EEENS_10in_place_tEDpOT_ end line 374 less than start line 538.  Cannot derive function end line.
[/mnt/host/source/src/platform/ec/build/zephyr/bloonchipper-lcov] 	(use "geninfo --ignore-errors inconsistent,inconsistent ..." to suppress this warning)
[/mnt/host/source/src/platform/ec/build/zephyr/bloonchipper-lcov] geninfo: WARNING: (inconsistent) "/usr/armv7m-cros-eabi/usr/include/c++/v1/optional":538: failed to set end line for function _ZNSt3__127__optional_move_assign_baseI28fp_elliptic_curve_public_keyLb1EECI2NS_24__optional_destruct_baseIS1_Lb1EEEIJS1_EEENS_10in_place_tEDpOT_.
[/mnt/host/source/src/platform/ec/build/zephyr/bloonchipper-lcov] 	(use "geninfo --ignore-errors inconsistent,inconsistent ..." to suppress this warning)
[/mnt/host/source/src/platform/ec/build/zephyr/bloonchipper-lcov] Filter suppressions 'region':
[/mnt/host/source/src/platform/ec/build/zephyr/bloonchipper-lcov]     28 instances
[/mnt/host/source/src/platform/ec/build/zephyr/bloonchipper-lcov]     8 coverpoints
[/mnt/host/source/src/platform/ec/build/zephyr/bloonchipper-lcov] Message summary:
[/mnt/host/source/src/platform/ec/build/zephyr/bloonchipper-lcov]   20 warning messages:
[/mnt/host/source/src/platform/ec/build/zephyr/bloonchipper-lcov]     inconsistent: 20
[/mnt/host/source/src/platform/ec/build/zephyr/bloonchipper-lcov]   19 ignore messages:
[/mnt/host/source/src/platform/ec/build/zephyr/bloonchipper-lcov]     gcov: 19
[jubilant:ro] [196/381] Building C object modules/ec/zephyr/CMakeFiles/ec_shim.dir/drivers/usbc/ucsi_v3.c.obj
[jubilant:ro] [197/381] Building C object modules/ec/zephyr/CMakeFiles/ec_shim.dir/drivers/keyboard_factory_test/keyboard_factory_test.c.obj
[jubilant:rw] [342/381] Building C object modules/ec/zephyr/CMakeFiles/ec_shim.dir/shim/src/i2c.c.obj
[/mnt/host/source/src/platform/ec/build/zephyr/mtlrvpp_mchp-lcov]   /mnt/host/source/src/platform/ec/build/zephyr/mtlrvpp_mchp/build-ro/zephyr/arch/arch/arm/core/mpu/CMakeFiles/arch__arm__core__mpu.dir/arm_mpu_regions.c.gcno:no functions found
[/mnt/host/source/src/platform/ec/build/zephyr/mtlrvpp_mchp-lcov] stderr:
[krabby:ro] [48/380] Building C object zephyr/CMakeFiles/zephyr.dir/subsys/pm/device_system_managed.c.obj
[/mnt/host/source/src/platform/ec/build/zephyr/felino-lcov]   /mnt/host/source/src/platform/ec/build/zephyr/felino/build-ro/zephyr/CMakeFiles/zephyr.dir/subsys/shell/modules/kernel_service/kernel_shell.c.gcno:no functions found
[/mnt/host/source/src/platform/ec/build/zephyr/felino-lcov] stderr:
[jubilant:rw] [343/381] Building C object modules/ec/zephyr/CMakeFiles/ec_shim.dir/shim/src/usba.c.obj
[jubilant:ro] [198/381] Building C object modules/ec/zephyr/CMakeFiles/ec_shim.dir/drivers/boot_keys/boot_keys.c.obj
[jubilant:rw] [344/381] Building C object modules/ec/zephyr/CMakeFiles/ec_shim.dir/shim/src/power_host_sleep_api.c.obj
[jubilant:rw] [345/381] Building C object zephyr/kernel/CMakeFiles/kernel.dir/main_weak.c.obj
[jubilant:rw] [346/381] Building C object modules/ec/zephyr/CMakeFiles/ec_shim.dir/shim/src/sha256_hw.c.obj
[/mnt/host/source/src/platform/ec/build/zephyr/navi-lcov]   /mnt/host/source/src/platform/ec/build/zephyr/navi/build-rw/zephyr/arch/arch/riscv/core/CMakeFiles/arch__riscv__core.dir/cpu_idle.c.gcno:no functions found
[/mnt/host/source/src/platform/ec/build/zephyr/navi-lcov] stderr:
[jubilant:rw] [347/381] Building C object modules/ec/zephyr/CMakeFiles/ec_shim.dir/shim/src/watchdog.c.obj
[/mnt/host/source/src/platform/ec/build/zephyr/felino-lcov]   /mnt/host/source/src/platform/ec/build/zephyr/felino/build-ro/zephyr/CMakeFiles/zephyr.dir/lib/libc/validate_libc.c.gcno:no functions found
[/mnt/host/source/src/platform/ec/build/zephyr/felino-lcov] stderr:
[jubilant:ro] [199/381] Building C object modules/ec/zephyr/CMakeFiles/ec_shim.dir/drivers/usbc/pdc_rts54xx.c.obj
[jubilant:rw] [348/381] Building C object modules/ec/zephyr/CMakeFiles/ec_shim.dir/shim/src/tasks.c.obj
[jubilant:rw] [349/381] Linking C static library modules/ec/zephyr/libec_shim.a
[jubilant:rw] [350/381] Building C object zephyr/kernel/CMakeFiles/kernel.dir/banner.c.obj
[jubilant:ro] [200/381] Building C object modules/ec/zephyr/CMakeFiles/ec_shim.dir/drivers/runtime_keys/runtime_keys.c.obj
[krabby:ro] [49/380] Building C object zephyr/CMakeFiles/zephyr.dir/subsys/testsuite/coverage/coverage.c.obj
[jubilant:rw] [351/381] Building C object zephyr/kernel/CMakeFiles/kernel.dir/busy_wait.c.obj
[jubilant:ro] [201/381] Building C object modules/ec/zephyr/CMakeFiles/ec_shim.dir/drivers/vivaldi_kbd/vivaldi_kbd.c.obj
[/mnt/host/source/src/platform/ec/build/zephyr/mtlrvpp_mchp-lcov]   /mnt/host/source/src/platform/ec/build/zephyr/mtlrvpp_mchp/build-ro/zephyr/arch/common/CMakeFiles/isr_tables.dir/isr_tables.c.gcno:no functions found
[/mnt/host/source/src/platform/ec/build/zephyr/mtlrvpp_mchp-lcov] stderr:
[jubilant:rw] [352/381] Building C object zephyr/kernel/CMakeFiles/kernel.dir/fatal.c.obj
[jubilant:rw] [353/381] Building C object zephyr/kernel/CMakeFiles/kernel.dir/errno.c.obj
[jubilant:rw] [354/381] Building C object zephyr/kernel/CMakeFiles/kernel.dir/device.c.obj
[jubilant:rw] [355/381] Building C object zephyr/kernel/CMakeFiles/kernel.dir/init.c.obj
[jubilant:rw] [356/381] Building C object zephyr/kernel/CMakeFiles/kernel.dir/version.c.obj
[jubilant:rw] [357/381] Building C object zephyr/kernel/CMakeFiles/kernel.dir/kheap.c.obj
[jubilant:ro] [202/381] Building C object modules/ec/zephyr/CMakeFiles/ec_shim.dir/drivers/prochot_vcmp/prochot_vcmp.c.obj
[jubilant:rw] [358/381] Building C object zephyr/kernel/CMakeFiles/kernel.dir/mem_slab.c.obj
[jubilant:ro] [203/381] Building C object modules/ec/zephyr/CMakeFiles/ec_shim.dir/shim/chip/it8xxx2/clock.c.obj
[jubilant:rw] [359/381] Building C object zephyr/kernel/CMakeFiles/kernel.dir/float.c.obj
[krabby:ro] [50/380] Building C object zephyr/CMakeFiles/zephyr.dir/subsys/tracing/tracing_none.c.obj
[/mnt/host/source/src/platform/ec/build/zephyr/navi-lcov]   /mnt/host/source/src/platform/ec/build/zephyr/navi/build-rw/zephyr/arch/common/CMakeFiles/isr_tables.dir/isr_tables.c.gcno:no functions found
[/mnt/host/source/src/platform/ec/build/zephyr/navi-lcov] stderr:
[/mnt/host/source/src/platform/ec/build/zephyr/felino-lcov]   /mnt/host/source/src/platform/ec/build/zephyr/felino/build-ro/zephyr/CMakeFiles/zephyr.dir/lib/utils/last_section_id.c.gcno:no functions found
[/mnt/host/source/src/platform/ec/build/zephyr/felino-lcov] stderr:
[jubilant:ro] [204/381] Building C object modules/ec/zephyr/CMakeFiles/ec_shim.dir/shim/chip/it8xxx2/system.c.obj
[jubilant:rw] [360/381] Building C object zephyr/kernel/CMakeFiles/kernel.dir/idle.c.obj
[jubilant:ro] [205/381] Building C object modules/ec/zephyr/CMakeFiles/ec_shim.dir/shim/src/crc.c.obj
[jubilant:rw] [361/381] Building C object zephyr/kernel/CMakeFiles/kernel.dir/mailbox.c.obj
[jubilant:rw] [362/381] Building C object zephyr/kernel/CMakeFiles/kernel.dir/mutex.c.obj
[jubilant:ro] [206/381] Building C object modules/ec/zephyr/CMakeFiles/ec_shim.dir/shim/chip/it8xxx2/gpio.c.obj
[jubilant:rw] [363/381] Building C object zephyr/kernel/CMakeFiles/kernel.dir/sem.c.obj
[jubilant:rw] [364/381] Building C object zephyr/kernel/CMakeFiles/kernel.dir/queue.c.obj
[jubilant:rw] [365/381] Building C object zephyr/kernel/CMakeFiles/kernel.dir/msg_q.c.obj
[jubilant:ro] [207/381] Building C object modules/ec/zephyr/CMakeFiles/ec_shim.dir/shim/chip/it8xxx2/power_policy.c.obj
[krabby:ro] [51/380] Building C object zephyr/CMakeFiles/zephyr.dir/subsys/shell/modules/kernel_service/kernel_shell.c.obj
[jubilant:rw] [366/381] Building C object zephyr/kernel/CMakeFiles/kernel.dir/stack.c.obj
[jubilant:ro] [208/381] Building C object modules/ec/zephyr/CMakeFiles/ec_shim.dir/shim/src/console.c.obj
[jubilant:rw] [367/381] Building C object zephyr/kernel/CMakeFiles/kernel.dir/system_work_q.c.obj
[jubilant:rw] [368/381] Building C object zephyr/kernel/CMakeFiles/kernel.dir/condvar.c.obj
[jubilant:rw] [369/381] Building C object zephyr/kernel/CMakeFiles/kernel.dir/pipe.c.obj
[jubilant:ro] [209/381] Building C object modules/ec/zephyr/CMakeFiles/ec_shim.dir/shim/src/gpio.c.obj
[jubilant:ro] [210/381] Building C object modules/ec/zephyr/CMakeFiles/ec_shim.dir/shim/src/gpio_int.c.obj
[jubilant:rw] [370/381] Building C object zephyr/kernel/CMakeFiles/kernel.dir/work.c.obj
[jubilant:rw] [371/381] Building C object zephyr/kernel/CMakeFiles/kernel.dir/thread.c.obj
[krabby:ro] [52/380] Building C object zephyr/CMakeFiles/zephyr.dir/subsys/shell/modules/kernel_service/cycles.c.obj
[jubilant:rw] [372/381] Building C object zephyr/kernel/CMakeFiles/kernel.dir/spinlock_validate.c.obj
[jubilant:ro] [211/381] Building C object modules/ec/zephyr/CMakeFiles/ec_shim.dir/shim/src/panic_utils.c.obj
[jubilant:rw] [373/381] Building C object zephyr/kernel/CMakeFiles/kernel.dir/thread_monitor.c.obj
[jubilant:ro] [212/381] Building C object modules/ec/zephyr/CMakeFiles/ec_shim.dir/shim/src/pm_state.c.obj
[jubilant:rw] [374/381] Building C object zephyr/kernel/CMakeFiles/kernel.dir/sched.c.obj
[jubilant:rw] [375/381] Building C object zephyr/kernel/CMakeFiles/kernel.dir/timeout.c.obj
[jubilant:ro] [213/381] Building C object modules/ec/zephyr/CMakeFiles/ec_shim.dir/shim/src/cbi/cros_cbi.c.obj
[jubilant:rw] [376/381] Building C object zephyr/kernel/CMakeFiles/kernel.dir/timer.c.obj
[krabby:ro] [53/380] Building C object zephyr/CMakeFiles/zephyr.dir/subsys/shell/modules/kernel_service/sleep.c.obj
[jubilant:rw] [377/381] Building C object zephyr/kernel/CMakeFiles/kernel.dir/events.c.obj
[jubilant:ro] [214/381] Building C object modules/ec/zephyr/CMakeFiles/ec_shim.dir/shim/src/cbi/cros_cbi_fw_config.c.obj
[jubilant:rw] [378/381] Building C object zephyr/kernel/CMakeFiles/kernel.dir/mempool.c.obj
[jubilant:rw] [379/381] Building C object zephyr/kernel/CMakeFiles/kernel.dir/poll.c.obj
[meliks:rw] Building: /usr/bin/ninja -C /mnt/host/source/src/platform/ec/build/zephyr/meliks/build-rw all.libraries
Running `env -i SHELL=/bin/bash COLORTERM=truecolor DEPOT_TOOLS_UPDATE=0 LESS='-R -M --shift 5' SUDO_GID=0 JDK_HOME=/etc/java-config-2/current-system-vm CONFIG_PROTECT_MASK='/etc/gentoo-release /etc/sandbox.d /etc/fonts/fonts.conf /etc/terminfo /etc/ca-certificates.conf /etc/revdep-rebuild' CHROMEOS_CACHEDIR=/var/cache/chromeos-cache JAVA_HOME=/etc/java-config-2/current-system-vm SSH_AUTH_SOCK=/tmp/ssh-auth-sock SUDO_COMMAND=/bin/bash SUDO_USER=root SUDO_TTY=/dev/pts/2 EDITOR=/usr/bin/vi PWD=/mnt/host/source/src/platform/ec CONFIG_PROTECT=/usr/share/gnupg/qualified.txt LOGNAME=jpmurphy MANPATH=/etc/java-config-2/current-system-vm/man:/usr/local/share/man:/usr/share/man:/usr/share/gcc-data/x86_64-pc-linux-gnu/10.2.0/man:/usr/share/binutils-data/x86_64-pc-linux-gnu/2.45/man:/etc/java-config-2/current-system-vm/man/ SUDO_HOME=/root XAUTHORITY=/run/user/944457/gdm/Xauthority HOME=/home/jpmurphy LANG=C.UTF-8 LS_COLORS='rs=0:di=01;34:ln=01;36:mh=00:pi=40;33:so=01;35:do=01;35:bd=40;33;01:cd=40;33;01:or=01;05;37;41:mi=01;05;37;41:su=37;41:sg=30;43:ca=30;41:tw=30;42:ow=34;42:st=37;44:ex=01;32:*.tar=01;31:*.tgz=01;31:*.arc=01;31:*.arj=01;31:*.taz=01;31:*.lha=01;31:*.lz4=01;31:*.lzh=01;31:*.lzma=01;31:*.tlz=01;31:*.txz=01;31:*.tzo=01;31:*.t7z=01;31:*.zip=01;31:*.z=01;31:*.dz=01;31:*.gz=01;31:*.lrz=01;31:*.lz=01;31:*.lzo=01;31:*.xz=01;31:*.zst=01;31:*.tzst=01;31:*.bz2=01;31:*.bz=01;31:*.tbz=01;31:*.tbz2=01;31:*.tz=01;31:*.deb=01;31:*.rpm=01;31:*.jar=01;31:*.war=01;31:*.ear=01;31:*.sar=01;31:*.rar=01;31:*.alz=01;31:*.ace=01;31:*.zoo=01;31:*.cpio=01;31:*.7z=01;31:*.rz=01;31:*.cab=01;31:*.wim=01;31:*.swm=01;31:*.dwm=01;31:*.esd=01;31:*.jpg=01;35:*.jpeg=01;35:*.mjpg=01;35:*.mjpeg=01;35:*.gif=01;35:*.bmp=01;35:*.pbm=01;35:*.pgm=01;35:*.ppm=01;35:*.tga=01;35:*.xbm=01;35:*.xpm=01;35:*.tif=01;35:*.tiff=01;35:*.png=01;35:*.svg=01;35:*.svgz=01;35:*.mng=01;35:*.pcx=01;35:*.mov=01;35:*.mpg=01;35:*.mpeg=01;35:*.m2v=01;35:*.mkv=01;35:*.webm=01;35:*.webp=01;35:*.ogm=01;35:*.mp4=01;35:*.m4v=01;35:*.mp4v=01;35:*.vob=01;35:*.qt=01;35:*.nuv=01;35:*.wmv=01;35:*.asf=01;35:*.rm=01;35:*.rmvb=01;35:*.flc=01;35:*.avi=01;35:*.fli=01;35:*.flv=01;35:*.gl=01;35:*.dl=01;35:*.xcf=01;35:*.xwd=01;35:*.yuv=01;35:*.cgm=01;35:*.emf=01;35:*.ogv=01;35:*.ogx=01;35:*.cfg=00;32:*.conf=00;32:*.diff=00;32:*.doc=00;32:*.ini=00;32:*.log=00;32:*.patch=00;32:*.pdf=00;32:*.ps=00;32:*.tex=00;32:*.txt=00;32:*.aac=00;36:*.au=00;36:*.flac=00;36:*.m4a=00;36:*.mid=00;36:*.midi=00;36:*.mka=00;36:*.mp3=00;36:*.mpc=00;36:*.ogg=00;36:*.ra=00;36:*.wav=00;36:*.oga=00;36:*.opus=00;36:*.spx=00;36:*.xspf=00;36:' XDG_CURRENT_DESKTOP=GNOME INFOPATH=/usr/share/info:/usr/share/gcc-data/x86_64-pc-linux-gnu/10.2.0/info:/usr/share/binutils-data/x86_64-pc-linux-gnu/2.45/info:/usr/share/automake-1.16.5/info JAVAC=/etc/java-config-2/current-system-vm/bin/javac TERM=xterm-256color LESSOPEN='|lesspipe %s' USER=jpmurphy CROS_WORKON_SRCROOT=/mnt/host/source MANPAGER=manpager DISPLAY=:1 SHLVL=1 LC_MESSAGES=C EXTERNAL_TRUNK_PATH=/mnt/8f9d649a-3721-44cc-93c0-e6bd21a9689f/chromiumos GCC_SPECS='' PATH=/mnt/host/source/chromite/bin:/usr/local/bin:/usr/bin:/bin:/opt/bin:/mnt/host/source/chromite/sdk/bin:/mnt/host/source/chromite/bin PORTAGE_USERNAME=jpmurphy SUDO_UID=0 GCC_VER=10.2.0 MAIL=/var/mail/jpmurphy OLDPWD=/mnt/host/source/src/scripts traceparent=00-e87aca51550a78635907baa6a2476181-6d684811675d2973-01 _=./zephyr/firmware_builder.py COREBOOT_SDK_ROOT_x86=/home/jpmurphy/.cache/coreboot-sdk/i386-elf/dfbb0486385d938cfa9d73080b9d18d598ed4f49 COREBOOT_SDK_ROOT_picolibc_x86=/home/jpmurphy/.cache/coreboot-sdk/picolibc-i386-elf/eb8e8e687b95461de8cbf278f1c2076952d0ad17 COREBOOT_SDK_ROOT_riscv64=/home/jpmurphy/.cache/coreboot-sdk/riscv64-elf/96b949749225b6aaa92ed810ab769e8dfb12f000 COREBOOT_SDK_ROOT_picolibc_arm=/home/jpmurphy/.cache/coreboot-sdk/picolibc-arm-eabi/422a2aa3e1ef891b5bece9a3deb696ff83840d2e COREBOOT_SDK_ROOT_nds32=/home/jpmurphy/.cache/coreboot-sdk/nds32le-elf/d1a518c4a097666d86058e1444f85ca015d15511 COREBOOT_SDK_ROOT_picolibc_riscv64=/home/jpmurphy/.cache/coreboot-sdk/picolibc-riscv64-elf/f571e990ef0278564b31124f8bb109d9a697eb69 COREBOOT_SDK_ROOT_arm=/home/jpmurphy/.cache/coreboot-sdk/arm-eabi/ea40ddd1d190c3b48435c474c0b545719371813a COREBOOT_SDK_ROOT_libstdcxx_riscv64=/home/jpmurphy/.cache/coreboot-sdk/libstdcxx-riscv64-elf/17abf22a3a252e2d5d2062ced5324f7a623689e0 COREBOOT_SDK_ROOT_libstdcxx_arm=/home/jpmurphy/.cache/coreboot-sdk/libstdcxx-arm-eabi/5d7d82e150e44aa1968f1d366e267e6687b328ac COREBOOT_SDK_ROOT_riscv=/home/jpmurphy/.cache/coreboot-sdk/riscv-elf/9a27b9e82341c6e9126624f516ab3f261abb3e73 COREBOOT_SDK_ROOT_libstdcxx_x86=/home/jpmurphy/.cache/coreboot-sdk/libstdcxx-i386-elf/42ef9d2e87a76a37963175d7d428734e65648b87 PYTHONPATH=/mnt/host/source/src/platform/ec/zephyr/zmake PW_PIGWEED_CIPD_INSTALL_DIR=/usr CROSTC_USER_ACKNOWLEDGES_THAT_RISCV_IS_EXPERIMENTAL=1 MAKEFLAGS=' -j16 --jobserver-auth=5,6' /usr/bin/ninja -C /mnt/host/source/src/platform/ec/build/zephyr/meliks/build-rw all.libraries`
[jubilant:rw] [380/381] Building C object zephyr/kernel/CMakeFiles/kernel.dir/dynamic_disabled.c.obj
[meliks:rw] ninja: Entering directory `/mnt/host/source/src/platform/ec/build/zephyr/meliks/build-rw'
[jubilant:ro] [215/381] Building C object modules/ec/zephyr/CMakeFiles/ec_shim.dir/shim/src/cbi/cbi_flash.c.obj
[jubilant:rw] [381/381] Linking C static library zephyr/kernel/libkernel.a
[/mnt/host/source/src/platform/ec/build/zephyr/mtlrvpp_mchp-lcov]   /mnt/host/source/src/platform/ec/build/zephyr/mtlrvpp_mchp/build-ro/zephyr/CMakeFiles/zephyr.dir/subsys/shell/modules/kernel_service/kernel_shell.c.gcno:no functions found
[/mnt/host/source/src/platform/ec/build/zephyr/mtlrvpp_mchp-lcov] stderr:
[krabby:ro] [54/380] Building C object zephyr/CMakeFiles/zephyr.dir/subsys/shell/modules/kernel_service/uptime.c.obj
[jubilant:ro] [216/381] Building C object modules/ec/zephyr/CMakeFiles/ec_shim.dir/shim/src/led_driver/led.c.obj
[krabby:ro] [55/380] Building C object zephyr/CMakeFiles/zephyr.dir/subsys/shell/modules/kernel_service/version.c.obj
[krabby:ro] [56/380] Building C object zephyr/CMakeFiles/zephyr.dir/subsys/shell/modules/kernel_service/thread/thread.c.obj
[/mnt/host/source/src/platform/ec/build/zephyr/mtlrvpp_mchp-lcov]   /mnt/host/source/src/platform/ec/build/zephyr/mtlrvpp_mchp/build-ro/zephyr/CMakeFiles/zephyr.dir/lib/libc/validate_libc.c.gcno:no functions found
[/mnt/host/source/src/platform/ec/build/zephyr/mtlrvpp_mchp-lcov] stderr:
[meliks:rw] [1/406] Generating include/generated/zephyr/version.h
[meliks:rw] -- git describe warned: warning: tag 'upstream/v2.7.99' is externally known as 'v2.7.99'
[meliks:rw] -- Zephyr version: 4.3.99 (/mnt/host/source/src/third_party/zephyr/main)
[meliks:rw] [2/406] Preparing syscall dependency handling
[krabby:ro] [57/380] Building C object zephyr/CMakeFiles/zephyr.dir/subsys/shell/modules/kernel_service/thread/list.c.obj
[jubilant:ro] [217/381] Building C object modules/ec/zephyr/CMakeFiles/ec_shim.dir/shim/src/led_driver/led_pwm.c.obj
[meliks:rw] [3/406] Generating misc/generated/syscalls_subdirs.trigger
[krabby:ro] [58/380] Building C object zephyr/CMakeFiles/zephyr.dir/subsys/shell/modules/kernel_service/thread/stacks.c.obj
[jubilant:ro] [218/381] Building C object modules/ec/zephyr/CMakeFiles/ec_shim.dir/shim/src/system.c.obj
[jubilant:ro] [219/381] Building C object modules/ec/zephyr/CMakeFiles/ec_shim.dir/shim/src/pdc_shim.c.obj
[jubilant:ro] [220/381] Building C object modules/ec/zephyr/CMakeFiles/ec_shim.dir/shim/src/battery.c.obj
[jubilant:ro] [221/381] Building C object modules/ec/zephyr/CMakeFiles/ec_shim.dir/shim/src/adc.c.obj
[krabby:ro] [59/380] Building C object zephyr/CMakeFiles/zephyr.dir/subsys/shell/modules/kernel_service/thread/unwind.c.obj
[krabby:ro] [60/380] Building C object zephyr/CMakeFiles/zephyr.dir/subsys/shell/modules/kernel_service/thread/suspend.c.obj
[krabby:ro] [61/380] Building C object zephyr/CMakeFiles/zephyr.dir/subsys/shell/modules/kernel_service/thread/resume.c.obj
[jubilant:ro] [222/381] Building C object modules/ec/zephyr/CMakeFiles/ec_shim.dir/shim/src/charger.c.obj
[krabby:ro] [62/380] Building C object zephyr/CMakeFiles/zephyr.dir/subsys/shell/modules/kernel_service/thread/kill.c.obj
[meliks:rw] [4/406] Generating misc/generated/syscalls.json, misc/generated/struct_tags.json
[jubilant:ro] [223/381] Building C object modules/ec/zephyr/CMakeFiles/ec_shim.dir/shim/src/chipset_api.c.obj
[krabby:ro] [63/380] Building C object zephyr/CMakeFiles/zephyr.dir/subsys/shell/backends/shell_uart.c.obj
[meliks:rw] [5/406] Generating include/generated/zephyr/syscall_dispatch.c, include/generated/zephyr/syscall_exports_llext.c, syscall_weakdefs_llext.c, include/generated/zephyr/syscall_list.h
[krabby:ro] [64/380] Building C object zephyr/CMakeFiles/zephyr.dir/subsys/shell/shell_fprintf.c.obj
[jubilant:ro] [224/381] Building C object modules/ec/zephyr/CMakeFiles/ec_shim.dir/shim/src/hooks.c.obj
[krabby:ro] [65/380] Building C object zephyr/CMakeFiles/zephyr.dir/subsys/shell/shell.c.obj
[jubilant:ro] [225/381] Building C object modules/ec/zephyr/CMakeFiles/ec_shim.dir/shim/src/flash.c.obj
[krabby:ro] [66/380] Building C object zephyr/CMakeFiles/zephyr.dir/subsys/shell/shell_utils.c.obj
[jubilant:ro] [226/381] Building C object modules/ec/zephyr/CMakeFiles/ec_shim.dir/shim/src/fan.c.obj
[/mnt/host/source/src/platform/ec/build/zephyr/navi-lcov]   /mnt/host/source/src/platform/ec/build/zephyr/navi/build-rw/zephyr/CMakeFiles/zephyr.dir/subsys/shell/modules/kernel_service/kernel_shell.c.gcno:no functions found
[/mnt/host/source/src/platform/ec/build/zephyr/navi-lcov] stderr:
[meliks:rw] [6/406] Generating include/generated/zephyr/driver-validation.h
[jubilant:ro] [227/381] Building C object modules/ec/zephyr/CMakeFiles/ec_shim.dir/shim/src/espi.c.obj
[jubilant:ro] [228/381] Building C object modules/ec/zephyr/CMakeFiles/ec_shim.dir/shim/src/host_command.c.obj
[meliks:rw] [7/406] Generating include/generated/zephyr/kobj-types-enum.h, include/generated/zephyr/otype-to-str.h, include/generated/zephyr/otype-to-size.h
[/mnt/host/source/src/platform/ec/build/zephyr/navi-lcov]   /mnt/host/source/src/platform/ec/build/zephyr/navi/build-rw/zephyr/CMakeFiles/zephyr.dir/lib/libc/validate_libc.c.gcno:no functions found
[/mnt/host/source/src/platform/ec/build/zephyr/navi-lcov] stderr:
[krabby:ro] [67/380] Building C object zephyr/CMakeFiles/zephyr.dir/subsys/shell/shell_ops.c.obj
[meliks:rw] [8/406] Generating include/generated/device-api-sections.ld, include/generated/device-api-sections.cmake
[krabby:ro] [68/380] Building C object zephyr/CMakeFiles/zephyr.dir/subsys/shell/shell_help.c.obj
[krabby:ro] [69/380] Building C object zephyr/CMakeFiles/zephyr.dir/subsys/shell/shell_history.c.obj
[krabby:ro] [70/380] Building C object zephyr/arch/common/CMakeFiles/arch__common.dir/sw_isr_common.c.obj
[jubilant:ro] [229/381] Building C object modules/ec/zephyr/CMakeFiles/ec_shim.dir/shim/src/console_buffer.c.obj
[krabby:ro] [71/380] Building C object zephyr/CMakeFiles/zephyr.dir/drivers/flash/flash_util.c.obj
[jubilant:ro] [230/381] Building C object modules/ec/zephyr/CMakeFiles/ec_shim.dir/shim/src/mkbp_event.c.obj
[krabby:ro] [72/380] Linking C static library zephyr/libzephyr.a
[jubilant:ro] [231/381] Building C object modules/ec/zephyr/CMakeFiles/ec_shim.dir/shim/src/panic.c.obj
[krabby:ro] [73/380] Building C object zephyr/arch/common/CMakeFiles/arch__common.dir/dynamic_isr.c.obj
[krabby:ro] [74/380] Building C object zephyr/arch/common/CMakeFiles/arch__common.dir/init.c.obj
[jubilant:ro] [232/381] Building C object modules/ec/zephyr/CMakeFiles/ec_shim.dir/shim/src/pwm_hc.c.obj
[jubilant:ro] [233/381] Building C object modules/ec/zephyr/CMakeFiles/ec_shim.dir/shim/src/thermal.c.obj
[krabby:ro] [75/380] Building C object zephyr/arch/common/CMakeFiles/isr_tables.dir/isr_tables.c.obj
[krabby:ro] [76/380] Building C object zephyr/arch/common/CMakeFiles/arch__common.dir/xip.c.obj
[krabby:ro] [77/380] Linking C static library zephyr/arch/common/libisr_tables.a
[meliks:rw] [9/406] Building C object zephyr/CMakeFiles/offsets.dir/arch/arm/core/offsets/offsets.c.obj
[jubilant:ro] [234/381] Building C object modules/ec/zephyr/CMakeFiles/ec_shim.dir/shim/src/temp_sensors.c.obj
[krabby:ro] [78/380] Linking C static library zephyr/arch/common/libarch__common.a
[krabby:ro] [79/380] Building C object zephyr/arch/arch/riscv/core/CMakeFiles/arch__riscv__core.dir/cpu_idle.c.obj
[jubilant:ro] [235/381] Building C object modules/ec/zephyr/CMakeFiles/ec_shim.dir/shim/src/hwtimer.c.obj
[meliks:rw] [10/406] Generating include/generated/zephyr/offsets.h
[krabby:ro] [80/380] Building C object zephyr/arch/arch/riscv/core/CMakeFiles/arch__riscv__core.dir/prep_c.c.obj
[/mnt/host/source/src/platform/ec/build/zephyr/navi-lcov]   /mnt/host/source/src/platform/ec/build/zephyr/navi/build-rw/zephyr/CMakeFiles/zephyr.dir/lib/utils/last_section_id.c.gcno:no functions found
[/mnt/host/source/src/platform/ec/build/zephyr/navi-lcov] stderr:
[jubilant:ro] [236/381] Building C object modules/ec/zephyr/CMakeFiles/ec_shim.dir/shim/src/i2c.c.obj
[krabby:ro] [81/380] Building C object zephyr/arch/arch/riscv/core/CMakeFiles/arch__riscv__core.dir/irq_manage.c.obj
[krabby:ro] [82/380] Building C object zephyr/arch/arch/riscv/core/CMakeFiles/arch__riscv__core.dir/fatal.c.obj
[jubilant:ro] [237/381] cd /mnt/host/source/src/platform/ec/build/zephyr/jubilant/build-ro/modules/ec/zephyr && PYTHONPATH=/mnt/host/source/src/platform/ec/build/zephyr/jubilant/modules/ec/zephyr/zmake/ /usr/bin/python3.11 /mnt/host/source/src/platform/ec/build/zephyr/jubilant/modules/ec/zephyr/zmake/zephyr_build_tools/generate_ec_version.py /mnt/host/source/src/platform/ec/build/zephyr/jubilant/build-ro/modules/ec/zephyr/include/ec_version.h --name Zephyr-Kernel --version 16543.0.0 --static
[krabby:ro] [83/380] Building C object zephyr/arch/arch/riscv/core/CMakeFiles/arch__riscv__core.dir/reboot.c.obj
[jubilant:ro] INFO:root:Using a static version string
[jubilant:ro] INFO:root:Version string: Zephyr-Kernel-16543.0.0
[jubilant:ro] INFO:root:Writing header to /mnt/host/source/src/platform/ec/build/zephyr/jubilant/build-ro/modules/ec/zephyr/include/ec_version.h
[jubilant:ro] [238/381] Building C object modules/ec/zephyr/CMakeFiles/ec_shim.dir/shim/src/usba.c.obj
[jubilant:ro] [239/381] Building C object modules/ec/zephyr/CMakeFiles/ec_shim.dir/shim/src/watchdog.c.obj
[jubilant:ro] [240/381] Building C object modules/ec/zephyr/CMakeFiles/ec_shim.dir/shim/src/tasks.c.obj
[krabby:ro] [84/380] Building ASM object zephyr/arch/arch/riscv/core/CMakeFiles/arch__riscv__core.dir/reset.S.obj
[jubilant:ro] [241/381] Building C object modules/ec/zephyr/CMakeFiles/ec_shim.dir/shim/src/power_host_sleep_api.c.obj
[krabby:ro] [85/380] Generating ../../../include/generated/libc/minimal/strerror_table.h
[meliks:rw] [11/406] Building C object zephyr/CMakeFiles/zephyr.dir/lib/libc/validate_libc.c.obj
[krabby:ro] [86/380] Building ASM object zephyr/arch/arch/riscv/core/CMakeFiles/arch__riscv__core.dir/switch.S.obj
[krabby:ro] [87/380] Building C object zephyr/lib/libc/minimal/CMakeFiles/lib__libc__minimal.dir/source/stdlib/atoi.c.obj
[krabby:ro] [88/380] Building C object zephyr/arch/arch/riscv/core/CMakeFiles/arch__riscv__core.dir/thread.c.obj
[jubilant:ro] [242/381] Building C object modules/ec/zephyr/CMakeFiles/ec_shim.dir/shim/src/sha256_hw.c.obj
[krabby:ro] [89/380] Building ASM object zephyr/arch/arch/riscv/core/CMakeFiles/arch__riscv__core.dir/isr.S.obj
[/mnt/host/source/src/platform/ec/build/zephyr/kodkod-lcov]   /mnt/host/source/src/platform/ec/build/zephyr/kodkod/build-ro/modules/ec/zephyr/CMakeFiles/ec_shim.dir/drivers/keyboard_input/keyboard_customization_check.c.gcno:no functions found
[/mnt/host/source/src/platform/ec/build/zephyr/kodkod-lcov] stderr:
[krabby:ro] [90/380] Building C object zephyr/lib/libc/minimal/CMakeFiles/lib__libc__minimal.dir/source/stdlib/strtol.c.obj
[jubilant:ro] [243/381] Building C object CMakeFiles/app.dir/mnt/host/source/src/platform/ec/zephyr/subsys/ap_pwrseq/ap_events.c.obj
[krabby:ro] [91/380] Building C object zephyr/lib/libc/minimal/CMakeFiles/lib__libc__minimal.dir/source/stdlib/strtoul.c.obj
[krabby:ro] [92/380] Building C object zephyr/lib/libc/minimal/CMakeFiles/lib__libc__minimal.dir/source/stdlib/strtoll.c.obj
[krabby:ro] [93/380] Building C object zephyr/lib/libc/minimal/CMakeFiles/lib__libc__minimal.dir/source/stdlib/strtoull.c.obj
[krabby:ro] [94/380] Building C object zephyr/arch/arch/riscv/core/CMakeFiles/arch__riscv__core.dir/stacktrace.c.obj
[krabby:ro] [95/380] Building C object zephyr/lib/libc/minimal/CMakeFiles/lib__libc__minimal.dir/source/stdlib/bsearch.c.obj
[krabby:ro] [96/380] Linking C static library zephyr/arch/arch/riscv/core/libarch__riscv__core.a
[jubilant:ro] [244/381] Building C object CMakeFiles/app.dir/mnt/host/source/src/platform/ec/zephyr/subsys/ap_pwrseq/ap_power_interface.c.obj
[krabby:ro] [97/380] Building C object zephyr/lib/libc/minimal/CMakeFiles/lib__libc__minimal.dir/source/string/strncasecmp.c.obj
[krabby:ro] [98/380] Building C object zephyr/lib/libc/minimal/CMakeFiles/lib__libc__minimal.dir/source/string/strstr.c.obj
[krabby:ro] [99/380] Building C object zephyr/lib/libc/minimal/CMakeFiles/lib__libc__minimal.dir/source/stdlib/qsort.c.obj
[krabby:ro] [100/380] Building C object zephyr/lib/libc/minimal/CMakeFiles/lib__libc__minimal.dir/source/string/strerror.c.obj
[jubilant:ro] [245/381] Building C object CMakeFiles/app.dir/mnt/host/source/src/platform/ec/zephyr/subsys/ap_pwrseq/power_signals.c.obj
[jubilant:ro] [246/381] Building C object CMakeFiles/app.dir/mnt/host/source/src/platform/ec/zephyr/subsys/ap_pwrseq/signal_vw.c.obj
[krabby:ro] [101/380] Building C object zephyr/lib/libc/minimal/CMakeFiles/lib__libc__minimal.dir/source/string/strspn.c.obj
[meliks:rw] [12/406] Building C object zephyr/CMakeFiles/zephyr.dir/lib/heap/heap.c.obj
[jubilant:ro] [247/381] Building C object CMakeFiles/app.dir/mnt/host/source/src/platform/ec/zephyr/subsys/ap_pwrseq/signal_gpio.c.obj
[krabby:ro] [102/380] Building C object zephyr/lib/libc/minimal/CMakeFiles/lib__libc__minimal.dir/source/string/string.c.obj
[krabby:ro] [103/380] Building C object zephyr/lib/libc/minimal/CMakeFiles/lib__libc__minimal.dir/source/stdlib/exit.c.obj
[jubilant:ro] [248/381] Building C object CMakeFiles/app.dir/mnt/host/source/src/platform/ec/zephyr/subsys/ap_pwrseq/power_host_sleep.c.obj
[krabby:ro] [104/380] Building C object zephyr/lib/libc/minimal/CMakeFiles/lib__libc__minimal.dir/source/math/sqrtf.c.obj
[krabby:ro] [105/380] Building C object zephyr/lib/libc/minimal/CMakeFiles/lib__libc__minimal.dir/source/math/sqrt.c.obj
[krabby:ro] [106/380] Building C object zephyr/lib/libc/minimal/CMakeFiles/lib__libc__minimal.dir/source/stdout/stdout_console.c.obj
[krabby:ro] [107/380] Building C object zephyr/lib/libc/minimal/CMakeFiles/lib__libc__minimal.dir/source/stdout/sprintf.c.obj
[jubilant:ro] [249/381] Building C object CMakeFiles/app.dir/mnt/host/source/src/platform/ec/zephyr/subsys/ap_pwrseq/x86_non_dsx_common_pwrseq_sm_handler.c.obj
[krabby:ro] [108/380] Building C object zephyr/lib/libc/minimal/CMakeFiles/lib__libc__minimal.dir/source/stdout/fprintf.c.obj
[jubilant:ro] [250/381] Building C object CMakeFiles/app.dir/mnt/host/source/src/platform/ec/zephyr/subsys/ap_pwrseq/x86_non_dsx_common_pwrseq_host_sleep.c.obj
[krabby:ro] [109/380] Building C object zephyr/lib/libc/common/CMakeFiles/lib__libc__common.dir/source/time/gmtime_r.c.obj
[jubilant:ro] [251/381] Building C object CMakeFiles/app.dir/mnt/host/source/src/platform/ec/zephyr/subsys/ap_pwrseq/x86_non_dsx_chipset_power_state.c.obj
[meliks:rw] [13/406] Building C object zephyr/CMakeFiles/zephyr.dir/lib/os/cbprintf_packaged.c.obj
[jubilant:ro] [252/381] Building C object CMakeFiles/app.dir/mnt/host/source/src/platform/ec/zephyr/subsys/ap_pwrseq/x86_non_dsx_common_pwrseq_console.c.obj
[krabby:ro] [110/380] Building C object zephyr/lib/libc/common/CMakeFiles/lib__libc__common.dir/source/time/asctime.c.obj
[krabby:ro] [111/380] Building C object zephyr/lib/libc/common/CMakeFiles/lib__libc__common.dir/source/time/localtime_r_utc.c.obj
[jubilant:ro] [253/381] Building C object CMakeFiles/app.dir/mnt/host/source/src/platform/ec/zephyr/subsys/ap_pwrseq/x86_non_dsx_common_pwrseq_host_command.c.obj
[krabby:ro] [112/380] Building C object zephyr/lib/libc/minimal/CMakeFiles/lib__libc__minimal.dir/source/time/gmtime.c.obj
[krabby:ro] [113/380] Building C object zephyr/lib/libc/common/CMakeFiles/lib__libc__common.dir/source/time/ctime.c.obj
[krabby:ro] [114/380] Building C object zephyr/lib/libc/common/CMakeFiles/lib__libc__common.dir/source/stdlib/abort.c.obj
[krabby:ro] [115/380] Building C object zephyr/lib/libc/common/CMakeFiles/lib__libc__common.dir/source/time/time.c.obj
[krabby:ro] [116/380] Linking C static library zephyr/lib/libc/minimal/liblib__libc__minimal.a
[krabby:ro] [117/380] Building C object zephyr/lib/libc/common/CMakeFiles/lib__libc__common.dir/source/string/strnlen.c.obj
[jubilant:ro] [254/381] Building C object CMakeFiles/app.dir/mnt/host/source/src/platform/ec/zephyr/subsys/ap_pwrseq/x86_non_dsx_adlp_pwrseq_sm.c.obj
[krabby:ro] [118/380] Building C object zephyr/lib/posix/c_lib_ext/CMakeFiles/lib__posix__c_lib_ext.dir/fnmatch.c.obj
[krabby:ro] [119/380] Building C object zephyr/subsys/crc/CMakeFiles/subsys__crc.dir/crc8_sw.c.obj
[krabby:ro] [120/380] Building C object zephyr/subsys/crc/CMakeFiles/subsys__crc.dir/crc4_sw.c.obj
[jubilant:ro] [255/381] Building C object CMakeFiles/app.dir/mnt/host/source/src/platform/ec/zephyr/subsys/ap_pwrseq/ap_reset_log.c.obj
[krabby:ro] [121/380] Building C object zephyr/lib/libc/common/CMakeFiles/lib__libc__common.dir/source/stdlib/malloc.c.obj
[krabby:ro] [122/380] Building C object zephyr/subsys/crc/CMakeFiles/subsys__crc.dir/crc16_sw.c.obj
[krabby:ro] [123/380] Building C object zephyr/subsys/crc/CMakeFiles/subsys__crc.dir/crc7_sw.c.obj
[krabby:ro] [124/380] Linking C static library zephyr/lib/libc/common/liblib__libc__common.a
[meliks:rw] [14/406] Building C object zephyr/CMakeFiles/zephyr.dir/lib/os/clock.c.obj
[krabby:ro] [125/380] Building C object zephyr/subsys/crc/CMakeFiles/subsys__crc.dir/crc32c_sw.c.obj
[krabby:ro] [126/380] Building C object zephyr/lib/posix/c_lib_ext/CMakeFiles/lib__posix__c_lib_ext.dir/getopt_shim.c.obj
[krabby:ro] [127/380] Building C object zephyr/subsys/crc/CMakeFiles/subsys__crc.dir/crc24_sw.c.obj
[krabby:ro] [128/380] Building C object zephyr/lib/posix/c_lib_ext/CMakeFiles/lib__posix__c_lib_ext.dir/getentropy.c.obj
[jubilant:ro] [256/381] Building C object CMakeFiles/app.dir/mnt/host/source/src/platform/ec/zephyr/subsys/pd_controller/pdc_pmc_debug.c.obj
[krabby:ro] [129/380] Building C object zephyr/subsys/crc/CMakeFiles/subsys__crc.dir/crc32_sw.c.obj
[jubilant:ro] [257/381] Building C object CMakeFiles/app.dir/mnt/host/source/src/platform/ec/zephyr/subsys/pd_controller/retimer_fw_update.c.obj
[krabby:ro] [130/380] Building C object zephyr/subsys/crc/CMakeFiles/subsys__crc.dir/crc32k_4_2_sw.c.obj
[krabby:ro] [131/380] Linking C static library zephyr/lib/posix/c_lib_ext/liblib__posix__c_lib_ext.a
[krabby:ro] [132/380] Linking C static library zephyr/subsys/crc/libsubsys__crc.a
[jubilant:ro] [258/381] Building C object CMakeFiles/app.dir/mnt/host/source/src/platform/ec/zephyr/subsys/pd_controller/pdc_console.c.obj
[jubilant:ro] [259/381] Building C object CMakeFiles/app.dir/mnt/host/source/src/platform/ec/zephyr/subsys/pd_controller/pdc_host_cmd.c.obj
[/mnt/host/source/src/platform/ec/build/zephyr/felino-lcov]   /mnt/host/source/src/platform/ec/build/zephyr/felino/build-ro/zephyr/CMakeFiles/zephyr.dir/soc/ite/ec/it8xxx2/check_regs.c.gcno:no functions found
[/mnt/host/source/src/platform/ec/build/zephyr/felino-lcov] stderr:
[meliks:rw] [15/406] Building C object zephyr/CMakeFiles/zephyr.dir/lib/os/printk.c.obj
[jubilant:ro] [260/381] Building C object CMakeFiles/app.dir/mnt/host/source/src/platform/ec/zephyr/subsys/pd_controller/pdc_stub.c.obj
[krabby:ro] [133/380] Building C object zephyr/drivers/interrupt_controller/CMakeFiles/drivers__interrupt_controller.dir/intc_ite_it8xxx2.c.obj
[krabby:ro] [134/380] Building C object zephyr/drivers/adc/CMakeFiles/drivers__adc.dir/adc_common.c.obj
[krabby:ro] [135/380] Building C object zephyr/drivers/interrupt_controller/CMakeFiles/drivers__interrupt_controller.dir/wuc_ite_it8xxx2.c.obj
[krabby:ro] [136/380] Linking C static library zephyr/drivers/interrupt_controller/libdrivers__interrupt_controller.a
[krabby:ro] [137/380] Building C object zephyr/drivers/bbram/CMakeFiles/drivers__bbram.dir/bbram_it8xxx2.c.obj
[krabby:ro] [138/380] Linking C static library zephyr/drivers/bbram/libdrivers__bbram.a
[jubilant:ro] [261/381] Building C object CMakeFiles/app.dir/mnt/host/source/src/platform/ec/zephyr/subsys/pd_controller/pdc_dpm.c.obj
[krabby:ro] [139/380] Building C object zephyr/drivers/adc/CMakeFiles/drivers__adc.dir/adc_ite_it8xxx2.c.obj
[krabby:ro] [140/380] Linking C static library zephyr/drivers/adc/libdrivers__adc.a
[jubilant:ro] [262/381] Building C object CMakeFiles/app.dir/mnt/host/source/src/platform/ec/zephyr/subsys/ucsi/ppm_common.c.obj
[meliks:rw] [16/406] Building C object zephyr/CMakeFiles/zephyr.dir/lib/os/sem.c.obj
[jubilant:ro] [263/381] Building C object CMakeFiles/app.dir/mnt/host/source/src/platform/ec/zephyr/subsys/pd_controller/pdc_power_mgmt.c.obj
[krabby:ro] [141/380] Building C object zephyr/drivers/console/CMakeFiles/drivers__console.dir/uart_console.c.obj
[jubilant:ro] [264/381] Building C object CMakeFiles/app.dir/mnt/host/source/src/platform/ec/zephyr/subsys/ucsi/ppm_console.c.obj
[krabby:ro] [142/380] Building C object zephyr/drivers/eeprom/CMakeFiles/drivers__eeprom.dir/eeprom_shell.c.obj
[krabby:ro] [143/380] Linking C static library zephyr/drivers/console/libdrivers__console.a
[jubilant:ro] [265/381] Building C object CMakeFiles/app.dir/mnt/host/source/src/platform/ec/zephyr/subsys/ucsi/ppm_driver.c.obj
[jubilant:ro] [266/381] Building C object CMakeFiles/app.dir/mnt/host/source/src/platform/ec/zephyr/subsys/ucsi/ucsi_host_cmd.c.obj
[krabby:ro] [144/380] Building C object zephyr/drivers/flash/CMakeFiles/drivers__flash.dir/flash_ite_it8xxx2.c.obj
[krabby:ro] [145/380] Linking C static library zephyr/drivers/flash/libdrivers__flash.a
[krabby:ro] [146/380] Building C object zephyr/drivers/eeprom/CMakeFiles/drivers__eeprom.dir/eeprom_at2x.c.obj
[jubilant:ro] [267/381] Building C object CMakeFiles/app.dir/mnt/host/source/src/platform/ec/build/zephyr/jubilant/modules/ec/builtin/stdlib.c.obj
[krabby:ro] [147/380] Linking C static library zephyr/drivers/eeprom/libdrivers__eeprom.a
[krabby:ro] [148/380] Building C object zephyr/drivers/gpio/CMakeFiles/drivers__gpio.dir/gpio_ite_it8xxx2.c.obj
[meliks:rw] [17/406] Building C object zephyr/CMakeFiles/zephyr.dir/lib/os/thread_entry.c.obj
[jubilant:ro] [268/381] Building C object CMakeFiles/app.dir/mnt/host/source/src/platform/ec/build/zephyr/jubilant/modules/ec/common/base32.c.obj
[krabby:ro] [149/380] Building C object zephyr/drivers/gpio/CMakeFiles/drivers__gpio.dir/gpio_kscan_ite_it8xxx2.c.obj
[krabby:ro] [150/380] Building C object zephyr/drivers/i2c/CMakeFiles/drivers__i2c.dir/i2c_common.c.obj
[krabby:ro] [151/380] Linking C static library zephyr/drivers/gpio/libdrivers__gpio.a
[jubilant:ro] [269/381] Building C object CMakeFiles/app.dir/mnt/host/source/src/platform/ec/build/zephyr/jubilant/modules/ec/common/console_output.c.obj
[/mnt/host/source/src/platform/ec/build/zephyr/felino-lcov]   /mnt/host/source/src/platform/ec/build/zephyr/felino/build-ro/zephyr/drivers/sensor/CMakeFiles/drivers__sensor.dir/mnt/host/source/src/third_party/zephyr/main/misc/empty_file.c.gcno:no functions found
[/mnt/host/source/src/platform/ec/build/zephyr/felino-lcov] stderr:
[krabby:ro] [152/380] Building C object zephyr/drivers/i2c/CMakeFiles/drivers__i2c.dir/i2c_bitbang.c.obj
[jubilant:ro] [270/381] Building C object CMakeFiles/app.dir/mnt/host/source/src/platform/ec/build/zephyr/jubilant/modules/ec/common/ec_features.c.obj
[jubilant:ro] [271/381] Building C object CMakeFiles/app.dir/mnt/host/source/src/platform/ec/build/zephyr/jubilant/modules/ec/common/gpio_commands.c.obj
[krabby:ro] [153/380] Building C object zephyr/drivers/i2c/CMakeFiles/drivers__i2c.dir/i2c_shell.c.obj
[jubilant:ro] [272/381] Building C object CMakeFiles/app.dir/mnt/host/source/src/platform/ec/build/zephyr/jubilant/modules/ec/common/peripheral.c.obj
[krabby:ro] [154/380] Building C object zephyr/drivers/i2c/CMakeFiles/drivers__i2c.dir/i2c_ite_enhance.c.obj
[krabby:ro] [155/380] Building C object zephyr/drivers/pinctrl/CMakeFiles/drivers__pinctrl.dir/common.c.obj
[meliks:rw] [18/406] Building C object zephyr/CMakeFiles/zephyr.dir/lib/os/cbprintf_nano.c.obj
[jubilant:ro] [273/381] Building C object CMakeFiles/app.dir/mnt/host/source/src/platform/ec/build/zephyr/jubilant/modules/ec/common/printf.c.obj
[jubilant:ro] [274/381] Building C object CMakeFiles/app.dir/mnt/host/source/src/platform/ec/build/zephyr/jubilant/modules/ec/common/queue.c.obj
[krabby:ro] [156/380] Building C object zephyr/drivers/i2c/CMakeFiles/drivers__i2c.dir/i2c_ite_it8xxx2.c.obj
[krabby:ro] [157/380] Linking C static library zephyr/drivers/i2c/libdrivers__i2c.a
[krabby:ro] [158/380] Building C object zephyr/drivers/pinctrl/CMakeFiles/drivers__pinctrl.dir/pinctrl_ite_it8xxx2.c.obj
[krabby:ro] [159/380] Building C object zephyr/drivers/pwm/CMakeFiles/drivers__pwm.dir/pwm_shell.c.obj
[jubilant:ro] [275/381] Building C object CMakeFiles/app.dir/mnt/host/source/src/platform/ec/build/zephyr/jubilant/modules/ec/common/uart_printf.c.obj
[krabby:ro] [160/380] Linking C static library zephyr/drivers/pinctrl/libdrivers__pinctrl.a
[jubilant:ro] [276/381] Building C object CMakeFiles/app.dir/mnt/host/source/src/platform/ec/build/zephyr/jubilant/modules/ec/common/system_boot_time.c.obj
[krabby:ro] [161/380] Building C object zephyr/drivers/serial/CMakeFiles/drivers__serial.dir/uart_ite_it8xxx2.c.obj
[/mnt/host/source/src/platform/ec/build/zephyr/mtlrvpp_mchp-lcov]   /mnt/host/source/src/platform/ec/build/zephyr/mtlrvpp_mchp/build-ro/zephyr/CMakeFiles/zephyr.dir/lib/utils/last_section_id.c.gcno:no functions found
[/mnt/host/source/src/platform/ec/build/zephyr/mtlrvpp_mchp-lcov] stderr:
[meliks:rw] [19/406] Building C object zephyr/CMakeFiles/zephyr.dir/lib/os/cbprintf.c.obj
[jubilant:ro] [277/381] Building C object CMakeFiles/app.dir/mnt/host/source/src/platform/ec/build/zephyr/jubilant/modules/ec/common/system.c.obj
[jubilant:ro] [278/381] Building C object CMakeFiles/app.dir/mnt/host/source/src/platform/ec/build/zephyr/jubilant/modules/ec/common/util.c.obj
[krabby:ro] [162/380] Building C object zephyr/drivers/pwm/CMakeFiles/drivers__pwm.dir/pwm_ite_it8xxx2.c.obj
[krabby:ro] [163/380] Linking C static library zephyr/drivers/pwm/libdrivers__pwm.a
[jubilant:ro] [279/381] Building C object CMakeFiles/app.dir/mnt/host/source/src/platform/ec/build/zephyr/jubilant/modules/ec/common/version.c.obj
[jubilant:ro] [280/381] Building C object CMakeFiles/app.dir/mnt/host/source/src/platform/ec/build/zephyr/jubilant/modules/ec/common/power_button_x86.c.obj
[/mnt/host/source/src/platform/ec/build/zephyr/kodkod-lcov]   /mnt/host/source/src/platform/ec/build/zephyr/kodkod/build-ro/CMakeFiles/app.dir/mnt/host/source/src/platform/ec/build/zephyr/kodkod/modules/ec/common/cbi_config.c.gcno:no functions found
[/mnt/host/source/src/platform/ec/build/zephyr/kodkod-lcov] stderr:
[krabby:ro] [164/380] Building C object zephyr/drivers/serial/CMakeFiles/drivers__serial.dir/uart_ns16550.c.obj
[krabby:ro] [165/380] Building C object zephyr/drivers/timer/CMakeFiles/drivers__timer.dir/sys_clock_init.c.obj
[krabby:ro] [166/380] Linking C static library zephyr/drivers/serial/libdrivers__serial.a
[krabby:ro] [167/380] Building C object zephyr/drivers/timer/CMakeFiles/drivers__timer.dir/ite_it8xxx2_timer.c.obj
[krabby:ro] [168/380] Building C object zephyr/drivers/watchdog/CMakeFiles/drivers__watchdog.dir/wdt_ite_it8xxx2.c.obj
[krabby:ro] [169/380] Linking C static library zephyr/drivers/timer/libdrivers__timer.a
[meliks:rw] [20/406] Building C object zephyr/CMakeFiles/zephyr.dir/lib/os/assert.c.obj
[jubilant:ro] [281/381] Building C object CMakeFiles/app.dir/mnt/host/source/src/platform/ec/build/zephyr/jubilant/modules/ec/common/adc.c.obj
[jubilant:ro] [282/381] Building C object CMakeFiles/app.dir/mnt/host/source/src/platform/ec/build/zephyr/jubilant/modules/ec/common/acpi.c.obj
[krabby:ro] [170/380] Building C object zephyr/drivers/watchdog/CMakeFiles/drivers__watchdog.dir/wdt_shell.c.obj
[jubilant:ro] [283/381] Building C object CMakeFiles/app.dir/mnt/host/source/src/platform/ec/build/zephyr/jubilant/modules/ec/common/backlight_lid.c.obj
[krabby:ro] [171/380] Linking C static library zephyr/drivers/watchdog/libdrivers__watchdog.a
[meliks:rw] [21/406] Building C object zephyr/CMakeFiles/zephyr.dir/lib/utils/dec.c.obj
[jubilant:ro] [284/381] Building C object CMakeFiles/app.dir/mnt/host/source/src/platform/ec/build/zephyr/jubilant/modules/ec/common/battery.c.obj
[krabby:ro] [172/380] Building C object modules/ec/zephyr/CMakeFiles/ec_shim.dir/app/ec/main_shim.c.obj
[jubilant:ro] [285/381] Building C object CMakeFiles/app.dir/mnt/host/source/src/platform/ec/build/zephyr/jubilant/modules/ec/common/battery_info.c.obj
[meliks:rw] [22/406] Building C object zephyr/CMakeFiles/zephyr.dir/lib/utils/hex.c.obj
[jubilant:ro] [286/381] Building C object CMakeFiles/app.dir/mnt/host/source/src/platform/ec/build/zephyr/jubilant/modules/ec/common/battery_fuel_gauge.c.obj
[krabby:ro] [173/380] Building C object modules/ec/zephyr/CMakeFiles/ec_shim.dir/app/ec/ec_app_main.c.obj
[krabby:ro] [174/380] Building C object modules/ec/zephyr/CMakeFiles/ec_shim.dir/drivers/cros_kb_raw/cros_kb_raw_ite.c.obj
[/mnt/host/source/src/platform/ec/build/zephyr/kodkod-lcov]   /mnt/host/source/src/platform/ec/build/zephyr/kodkod/build-ro/zephyr/arch/common/CMakeFiles/isr_tables.dir/isr_tables.c.gcno:no functions found
[/mnt/host/source/src/platform/ec/build/zephyr/kodkod-lcov] stderr:
[krabby:ro] [175/380] Building C object modules/ec/zephyr/CMakeFiles/ec_shim.dir/drivers/cros_flash/cros_flash_it8xxx2.c.obj
[krabby:ro] [176/380] Building C object modules/ec/zephyr/CMakeFiles/ec_shim.dir/drivers/cros_shi/cros_shi_it8xxx2.c.obj
[jubilant:ro] [287/381] Building C object CMakeFiles/app.dir/mnt/host/source/src/platform/ec/build/zephyr/jubilant/modules/ec/driver/battery/smart.c.obj
[jubilant:ro] [288/381] Building C object CMakeFiles/app.dir/mnt/host/source/src/platform/ec/build/zephyr/jubilant/modules/ec/common/charger.c.obj
[meliks:rw] [23/406] Building C object zephyr/CMakeFiles/zephyr.dir/lib/utils/rb.c.obj
[jubilant:ro] [289/381] Building C object CMakeFiles/app.dir/mnt/host/source/src/platform/ec/build/zephyr/jubilant/modules/ec/driver/charger/isl923x.c.obj
[jubilant:ro] [290/381] Building C object CMakeFiles/app.dir/mnt/host/source/src/platform/ec/build/zephyr/jubilant/modules/ec/common/cbi_common.c.obj
[/mnt/host/source/src/platform/ec/build/zephyr/felino-lcov]   /mnt/host/source/src/platform/ec/build/zephyr/felino/build-ro/zephyr/drivers/syscon/CMakeFiles/drivers__syscon.dir/mnt/host/source/src/third_party/zephyr/main/misc/empty_file.c.gcno:no functions found
[/mnt/host/source/src/platform/ec/build/zephyr/felino-lcov] stderr:
[krabby:ro] [177/380] Building C object modules/ec/zephyr/CMakeFiles/ec_shim.dir/shim/chip/it8xxx2/clock.c.obj
[krabby:ro] [178/380] Building C object modules/ec/zephyr/CMakeFiles/ec_shim.dir/drivers/cros_system/cros_system_it8xxx2.c.obj
[meliks:rw] [24/406] Building C object zephyr/CMakeFiles/zephyr.dir/lib/utils/timeutil.c.obj
[krabby:ro] [179/380] Building C object modules/ec/zephyr/CMakeFiles/ec_shim.dir/shim/chip/it8xxx2/system.c.obj
[jubilant:ro] [291/381] Building C object CMakeFiles/app.dir/mnt/host/source/src/platform/ec/build/zephyr/jubilant/modules/ec/common/charge_state.c.obj
[krabby:ro] [180/380] Building C object modules/ec/zephyr/CMakeFiles/ec_shim.dir/shim/chip/it8xxx2/keyboard_raw.c.obj
[jubilant:ro] [292/381] Building C object CMakeFiles/app.dir/mnt/host/source/src/platform/ec/build/zephyr/jubilant/modules/ec/common/charge_manager.c.obj
[jubilant:ro] [293/381] Building C object CMakeFiles/app.dir/mnt/host/source/src/platform/ec/build/zephyr/jubilant/modules/ec/common/cbi_config.c.obj
[krabby:ro] [181/380] Building C object modules/ec/zephyr/CMakeFiles/ec_shim.dir/shim/src/crc.c.obj
[/mnt/host/source/src/platform/ec/build/zephyr/felino-lcov]   /mnt/host/source/src/platform/ec/build/zephyr/felino/build-rw/modules/ec/zephyr/CMakeFiles/ec_shim.dir/shim/src/thermal.c.gcno:no functions found
[/mnt/host/source/src/platform/ec/build/zephyr/felino-lcov] stderr:
[krabby:ro] [182/380] Building C object modules/ec/zephyr/CMakeFiles/ec_shim.dir/shim/chip/it8xxx2/gpio.c.obj
[jubilant:ro] [294/381] Building C object CMakeFiles/app.dir/mnt/host/source/src/platform/ec/build/zephyr/jubilant/modules/ec/common/memory_commands.c.obj
[jubilant:ro] [295/381] Building C object CMakeFiles/app.dir/mnt/host/source/src/platform/ec/build/zephyr/jubilant/modules/ec/common/cbi.c.obj
[krabby:ro] [183/380] Building C object modules/ec/zephyr/CMakeFiles/ec_shim.dir/shim/chip/it8xxx2/power_policy.c.obj
[/mnt/host/source/src/platform/ec/build/zephyr/felino-lcov]   /mnt/host/source/src/platform/ec/build/zephyr/felino/build-rw/modules/ec/zephyr/CMakeFiles/ec_shim.dir/shim/src/battery.c.gcno:no functions found
[/mnt/host/source/src/platform/ec/build/zephyr/felino-lcov] stderr:
[meliks:rw] [25/406] Building C object zephyr/CMakeFiles/zephyr.dir/lib/utils/bitarray.c.obj
[krabby:ro] [184/380] Building C object modules/ec/zephyr/CMakeFiles/ec_shim.dir/shim/chip/it8xxx2/shi.c.obj
[jubilant:ro] [296/381] Building C object CMakeFiles/app.dir/mnt/host/source/src/platform/ec/build/zephyr/jubilant/modules/ec/common/dptf.c.obj
[krabby:ro] [185/380] Building C object modules/ec/zephyr/CMakeFiles/ec_shim.dir/shim/src/console.c.obj
[jubilant:ro] [297/381] Building C object CMakeFiles/app.dir/mnt/host/source/src/platform/ec/build/zephyr/jubilant/modules/ec/common/espi.c.obj
[jubilant:ro] [298/381] Building C object CMakeFiles/app.dir/mnt/host/source/src/platform/ec/build/zephyr/jubilant/modules/ec/common/ap_reset_log.c.obj
[meliks:rw] [26/406] Building C object zephyr/CMakeFiles/zephyr.dir/lib/utils/bitmask.c.obj
[jubilant:ro] [299/381] Building C object CMakeFiles/app.dir/mnt/host/source/src/platform/ec/build/zephyr/jubilant/modules/ec/common/extpower_common.c.obj
[krabby:ro] [186/380] Building C object modules/ec/zephyr/CMakeFiles/ec_shim.dir/shim/src/gpio.c.obj
[krabby:ro] [187/380] Building C object modules/ec/zephyr/CMakeFiles/ec_shim.dir/shim/src/gpio_int.c.obj
[krabby:ro] [188/380] Building C object modules/ec/zephyr/CMakeFiles/ec_shim.dir/shim/src/panic_utils.c.obj
[jubilant:ro] [300/381] Building C object CMakeFiles/app.dir/mnt/host/source/src/platform/ec/build/zephyr/jubilant/modules/ec/common/extpower_gpio.c.obj
[krabby:ro] [189/380] Building C object modules/ec/zephyr/CMakeFiles/ec_shim.dir/shim/src/pm_state.c.obj
[krabby:ro] [190/380] Building C object modules/ec/zephyr/CMakeFiles/ec_shim.dir/shim/src/cbi/cros_cbi.c.obj
[/mnt/host/source/src/platform/ec/build/zephyr/felino-lcov]   /mnt/host/source/src/platform/ec/build/zephyr/felino/build-rw/modules/ec/zephyr/CMakeFiles/ec_shim.dir/shim/src/charger.c.gcno:no functions found
[/mnt/host/source/src/platform/ec/build/zephyr/felino-lcov] stderr:
[jubilant:ro] [301/381] Building C object CMakeFiles/app.dir/mnt/host/source/src/platform/ec/build/zephyr/jubilant/modules/ec/common/fan.c.obj
[meliks:rw] [27/406] Building C object zephyr/CMakeFiles/zephyr.dir/lib/utils/getopt/getopt.c.obj
[jubilant:ro] [302/381] Building C object CMakeFiles/app.dir/mnt/host/source/src/platform/ec/build/zephyr/jubilant/modules/ec/common/flash.c.obj
[jubilant:ro] [303/381] Building C object CMakeFiles/app.dir/mnt/host/source/src/platform/ec/build/zephyr/jubilant/modules/ec/common/host_command.c.obj
[jubilant:ro] [304/381] Building C object CMakeFiles/app.dir/mnt/host/source/src/platform/ec/build/zephyr/jubilant/modules/ec/common/host_command_task.c.obj
[/mnt/host/source/src/platform/ec/build/zephyr/navi-lcov]   /mnt/host/source/src/platform/ec/build/zephyr/navi/build-rw/zephyr/CMakeFiles/zephyr.dir/soc/ite/ec/it8xxx2/check_regs.c.gcno:no functions found
[/mnt/host/source/src/platform/ec/build/zephyr/navi-lcov] stderr:
[krabby:ro] [191/380] Building C object modules/ec/zephyr/CMakeFiles/ec_shim.dir/shim/src/cbi/cbi_eeprom.c.obj
[jubilant:ro] [305/381] Building C object CMakeFiles/app.dir/mnt/host/source/src/platform/ec/build/zephyr/jubilant/modules/ec/common/host_event_commands.c.obj
[jubilant:ro] [306/381] Building C object CMakeFiles/app.dir/mnt/host/source/src/platform/ec/build/zephyr/jubilant/modules/ec/common/uart_hostcmd.c.obj
[krabby:ro] [192/380] Building C object modules/ec/zephyr/CMakeFiles/ec_shim.dir/shim/src/led_driver/led.c.obj
[krabby:ro] [193/380] Building C object modules/ec/zephyr/CMakeFiles/ec_shim.dir/shim/src/system.c.obj
[krabby:ro] [194/380] Building C object modules/ec/zephyr/CMakeFiles/ec_shim.dir/shim/src/adc.c.obj
[krabby:ro] [195/380] Building C object modules/ec/zephyr/CMakeFiles/ec_shim.dir/shim/src/led_driver/led_pwm.c.obj
[meliks:rw] [28/406] Building C object zephyr/CMakeFiles/zephyr.dir/lib/utils/getopt/getopt_common.c.obj
[jubilant:ro] [307/381] Building C object CMakeFiles/app.dir/mnt/host/source/src/platform/ec/build/zephyr/jubilant/modules/ec/common/uptime.c.obj
[meliks:rw] [29/406] Building C object zephyr/CMakeFiles/zephyr.dir/lib/utils/ring_buffer.c.obj
[jubilant:ro] [308/381] Building C object CMakeFiles/app.dir/mnt/host/source/src/platform/ec/build/zephyr/jubilant/modules/ec/common/i2c_controller.c.obj
[jubilant:ro] [309/381] Building C object CMakeFiles/app.dir/mnt/host/source/src/platform/ec/build/zephyr/jubilant/modules/ec/common/i2c_passthru.c.obj
[meliks:rw] [30/406] Building C object zephyr/CMakeFiles/zephyr.dir/lib/utils/last_section_id.c.obj
[krabby:ro] [196/380] Building C object modules/ec/zephyr/CMakeFiles/ec_shim.dir/shim/src/battery.c.obj
[krabby:ro] [197/380] Building C object modules/ec/zephyr/CMakeFiles/ec_shim.dir/shim/src/chg_rt9490.c.obj
[jubilant:ro] [310/381] Building C object CMakeFiles/app.dir/mnt/host/source/src/platform/ec/build/zephyr/jubilant/modules/ec/common/keyboard_8042.c.obj
[meliks:rw] [31/406] Building C object zephyr/CMakeFiles/zephyr.dir/misc/generated/configs.c.obj
[krabby:ro] [198/380] Building C object modules/ec/zephyr/CMakeFiles/ec_shim.dir/shim/src/bc12_rt9490.c.obj
[jubilant:ro] [311/381] Building C object CMakeFiles/app.dir/mnt/host/source/src/platform/ec/build/zephyr/jubilant/modules/ec/common/keyboard_8042_sharedlib.c.obj
[krabby:ro] [199/380] Building C object modules/ec/zephyr/CMakeFiles/ec_shim.dir/shim/src/flash.c.obj
[krabby:ro] [200/380] Building C object modules/ec/zephyr/CMakeFiles/ec_shim.dir/shim/src/charger.c.obj
[/mnt/host/source/src/platform/ec/build/zephyr/felino-lcov]   /mnt/host/source/src/platform/ec/build/zephyr/felino/build-rw/modules/ec/zephyr/CMakeFiles/ec_shim.dir/shim/src/usba.c.gcno:no functions found
[/mnt/host/source/src/platform/ec/build/zephyr/felino-lcov] stderr:
[jubilant:ro] [312/381] Building C object CMakeFiles/app.dir/mnt/host/source/src/platform/ec/build/zephyr/jubilant/modules/ec/common/mkbp_fifo.c.obj
[/mnt/host/source/src/platform/ec/build/zephyr/kodkod-lcov]   /mnt/host/source/src/platform/ec/build/zephyr/kodkod/build-ro/zephyr/CMakeFiles/zephyr.dir/subsys/shell/modules/kernel_service/kernel_shell.c.gcno:no functions found
[/mnt/host/source/src/platform/ec/build/zephyr/kodkod-lcov] stderr:
[jubilant:ro] [313/381] Building C object CMakeFiles/app.dir/mnt/host/source/src/platform/ec/build/zephyr/jubilant/modules/ec/common/mkbp_info.c.obj
[jubilant:ro] [314/381] Building C object CMakeFiles/app.dir/mnt/host/source/src/platform/ec/build/zephyr/jubilant/modules/ec/common/mkbp_input_devices.c.obj
[/mnt/host/source/src/platform/ec/build/zephyr/kodkod-lcov]   /mnt/host/source/src/platform/ec/build/zephyr/kodkod/build-ro/zephyr/CMakeFiles/zephyr.dir/lib/libc/validate_libc.c.gcno:no functions found
[/mnt/host/source/src/platform/ec/build/zephyr/kodkod-lcov] stderr:
[jubilant:ro] [315/381] Building C object CMakeFiles/app.dir/mnt/host/source/src/platform/ec/build/zephyr/jubilant/modules/ec/common/keyboard_backlight.c.obj
[krabby:ro] [201/380] Building C object modules/ec/zephyr/CMakeFiles/ec_shim.dir/shim/src/console_buffer.c.obj
[meliks:rw] [32/406] Building C object zephyr/CMakeFiles/zephyr.dir/soc/nuvoton/npcx/common/power.c.obj
[/mnt/host/source/src/platform/ec/build/zephyr/mtlrvpp_mchp-lcov]   /mnt/host/source/src/platform/ec/build/zephyr/mtlrvpp_mchp/build-ro/zephyr/drivers/sensor/CMakeFiles/drivers__sensor.dir/mnt/host/source/src/third_party/zephyr/main/misc/empty_file.c.gcno:no functions found
[/mnt/host/source/src/platform/ec/build/zephyr/mtlrvpp_mchp-lcov] stderr:
[krabby:ro] [202/380] Building C object modules/ec/zephyr/CMakeFiles/ec_shim.dir/shim/src/host_command.c.obj
[krabby:ro] [203/380] Building C object modules/ec/zephyr/CMakeFiles/ec_shim.dir/shim/src/keyscan.c.obj
[krabby:ro] [204/380] Building C object modules/ec/zephyr/CMakeFiles/ec_shim.dir/shim/src/hooks.c.obj
[jubilant:ro] [316/381] Building C object CMakeFiles/app.dir/mnt/host/source/src/platform/ec/build/zephyr/jubilant/modules/ec/common/led_common.c.obj
[krabby:ro] [205/380] Building C object modules/ec/zephyr/CMakeFiles/ec_shim.dir/shim/src/keyboard_raw.c.obj
[jubilant:ro] [317/381] Building C object CMakeFiles/app.dir/mnt/host/source/src/platform/ec/build/zephyr/jubilant/modules/ec/common/lid_switch.c.obj
[jubilant:ro] [318/381] Building C object CMakeFiles/app.dir/mnt/host/source/src/platform/ec/build/zephyr/jubilant/modules/ec/common/mkbp_event.c.obj
[/mnt/host/source/src/platform/ec/build/zephyr/mtlrvpp_mchp-lcov]   /mnt/host/source/src/platform/ec/build/zephyr/mtlrvpp_mchp/build-rw/modules/ec/zephyr/CMakeFiles/ec_shim.dir/shim/src/thermal.c.gcno:no functions found
[/mnt/host/source/src/platform/ec/build/zephyr/mtlrvpp_mchp-lcov] stderr:
[jubilant:ro] [319/381] Building C object CMakeFiles/app.dir/mnt/host/source/src/platform/ec/build/zephyr/jubilant/modules/ec/common/port80.c.obj
[krabby:ro] [206/380] Building C object modules/ec/zephyr/CMakeFiles/ec_shim.dir/shim/src/mkbp_event.c.obj
[krabby:ro] [207/380] Building C object modules/ec/zephyr/CMakeFiles/ec_shim.dir/shim/src/hwtimer.c.obj
[krabby:ro] [208/380] Building C object modules/ec/zephyr/CMakeFiles/ec_shim.dir/shim/src/panic.c.obj
[meliks:rw] [33/406] Building C object zephyr/CMakeFiles/zephyr.dir/soc/nuvoton/npcx/common/scfg.c.obj
[jubilant:ro] [320/381] Building C object CMakeFiles/app.dir/mnt/host/source/src/platform/ec/build/zephyr/jubilant/modules/ec/power/hibernate.c.obj
[jubilant:ro] [321/381] Building C object CMakeFiles/app.dir/mnt/host/source/src/platform/ec/build/zephyr/jubilant/modules/ec/common/power_button.c.obj
[/mnt/host/source/src/platform/ec/build/zephyr/mtlrvpp_mchp-lcov]   /mnt/host/source/src/platform/ec/build/zephyr/mtlrvpp_mchp/build-rw/modules/ec/zephyr/CMakeFiles/ec_shim.dir/shim/src/battery.c.gcno:no functions found
[/mnt/host/source/src/platform/ec/build/zephyr/mtlrvpp_mchp-lcov] stderr:
[krabby:ro] [209/380] Building C object modules/ec/zephyr/CMakeFiles/ec_shim.dir/shim/src/power.c.obj
[/mnt/host/source/src/platform/ec/build/zephyr/mtlrvpp_mchp-lcov]   /mnt/host/source/src/platform/ec/build/zephyr/mtlrvpp_mchp/build-rw/modules/ec/zephyr/CMakeFiles/ec_shim.dir/shim/src/charger.c.gcno:no functions found
[/mnt/host/source/src/platform/ec/build/zephyr/mtlrvpp_mchp-lcov] stderr:
[krabby:ro] [210/380] Building C object modules/ec/zephyr/CMakeFiles/ec_shim.dir/shim/src/motionsense_sensors.c.obj
[jubilant:ro] [322/381] Building C object CMakeFiles/app.dir/mnt/host/source/src/platform/ec/build/zephyr/jubilant/modules/ec/common/panic_output.c.obj
[jubilant:ro] [323/381] Building C object CMakeFiles/app.dir/mnt/host/source/src/platform/ec/build/zephyr/jubilant/modules/ec/common/shared_mem.c.obj
[jubilant:ro] [324/381] Building C object CMakeFiles/app.dir/mnt/host/source/src/platform/ec/build/zephyr/jubilant/modules/ec/common/switch.c.obj
[meliks:rw] [34/406] Building C object zephyr/CMakeFiles/zephyr.dir/soc/nuvoton/npcx/common/npcxn/registers.c.obj
[jubilant:ro] [325/381] Building C object CMakeFiles/app.dir/mnt/host/source/src/platform/ec/build/zephyr/jubilant/modules/ec/common/tablet_mode.c.obj
[krabby:ro] [211/380] Building C object modules/ec/zephyr/CMakeFiles/ec_shim.dir/shim/src/i2c.c.obj
[krabby:ro] [212/380] Building C object modules/ec/zephyr/CMakeFiles/ec_shim.dir/shim/src/bc12.c.obj
[krabby:ro] [213/380] Building C object modules/ec/zephyr/CMakeFiles/ec_shim.dir/shim/src/tasks.c.obj
[krabby:ro] [214/380] Building C object modules/ec/zephyr/CMakeFiles/ec_shim.dir/shim/src/watchdog.c.obj
[krabby:ro] [215/380] cd /mnt/host/source/src/platform/ec/build/zephyr/krabby/build-ro/modules/ec/zephyr && PYTHONPATH=/mnt/host/source/src/platform/ec/build/zephyr/krabby/modules/ec/zephyr/zmake/ /usr/bin/python3.11 /mnt/host/source/src/platform/ec/build/zephyr/krabby/modules/ec/zephyr/zmake/zephyr_build_tools/generate_ec_version.py /mnt/host/source/src/platform/ec/build/zephyr/krabby/build-ro/modules/ec/zephyr/include/ec_version.h --name Zephyr-Kernel --version 16543.0.0 --static
[jubilant:ro] [326/381] Building C object CMakeFiles/app.dir/mnt/host/source/src/platform/ec/build/zephyr/jubilant/modules/ec/common/thermal.c.obj
[jubilant:ro] [327/381] Building C object CMakeFiles/app.dir/mnt/host/source/src/platform/ec/build/zephyr/jubilant/modules/ec/common/temp_sensor.c.obj
[krabby:ro] INFO:root:Using a static version string
[krabby:ro] INFO:root:Version string: Zephyr-Kernel-16543.0.0
[krabby:ro] INFO:root:Writing header to /mnt/host/source/src/platform/ec/build/zephyr/krabby/build-ro/modules/ec/zephyr/include/ec_version.h
[krabby:ro] [216/380] Building C object modules/ec/zephyr/CMakeFiles/ec_shim.dir/shim/src/ppc.c.obj
[/mnt/host/source/src/platform/ec/build/zephyr/navi-lcov]   /mnt/host/source/src/platform/ec/build/zephyr/navi/build-rw/zephyr/drivers/syscon/CMakeFiles/drivers__syscon.dir/mnt/host/source/src/third_party/zephyr/main/misc/empty_file.c.gcno:no functions found
[/mnt/host/source/src/platform/ec/build/zephyr/navi-lcov] Filter suppressions 'region':
[jubilant:ro] [328/381] Building C object CMakeFiles/app.dir/mnt/host/source/src/platform/ec/build/zephyr/jubilant/modules/ec/driver/temp_sensor/thermistor.c.obj
[/mnt/host/source/src/platform/ec/build/zephyr/navi-lcov]     34 instances
[/mnt/host/source/src/platform/ec/build/zephyr/navi-lcov]     20 coverpoints
[/mnt/host/source/src/platform/ec/build/zephyr/navi-lcov] Message summary:
[/mnt/host/source/src/platform/ec/build/zephyr/navi-lcov]   35 ignore messages:
[/mnt/host/source/src/platform/ec/build/zephyr/navi-lcov]     gcov: 35
[/mnt/host/source/src/platform/ec/build/zephyr/mtlrvpp_mchp-lcov]   /mnt/host/source/src/platform/ec/build/zephyr/mtlrvpp_mchp/build-rw/modules/ec/zephyr/CMakeFiles/ec_shim.dir/shim/src/usb_muxes.c.gcno:no functions found
[/mnt/host/source/src/platform/ec/build/zephyr/mtlrvpp_mchp-lcov] stderr:
[jubilant:ro] [329/381] Building C object CMakeFiles/app.dir/mnt/host/source/src/platform/ec/build/zephyr/jubilant/modules/ec/common/usb_port_power_dumb.c.obj
[jubilant:ro] [330/381] Building C object CMakeFiles/app.dir/mnt/host/source/src/platform/ec/build/zephyr/jubilant/modules/ec/common/timer.c.obj
[meliks:rw] [35/406] Building C object zephyr/CMakeFiles/zephyr.dir/soc/nuvoton/npcx/npcx9/soc.c.obj
[krabby:ro] [217/380] Building C object zephyr/kernel/CMakeFiles/kernel.dir/main_weak.c.obj
[jubilant:ro] [331/381] Building C object CMakeFiles/app.dir/mnt/host/source/src/platform/ec/build/zephyr/jubilant/modules/ec/common/usbc_utils.c.obj
[krabby:ro] [218/380] Building C object CMakeFiles/app.dir/mnt/host/source/src/platform/ec/zephyr/subsys/ap_pwrseq/ap_events.c.obj
[krabby:ro] [219/380] Building C object modules/ec/zephyr/CMakeFiles/ec_shim.dir/shim/src/usba.c.obj
[krabby:ro] [220/380] Building C object modules/ec/zephyr/CMakeFiles/ec_shim.dir/shim/src/usb_muxes.c.obj
[krabby:ro] [221/380] Building C object CMakeFiles/app.dir/mnt/host/source/src/platform/ec/build/zephyr/krabby/modules/ec/builtin/stdlib.c.obj
[meliks:rw] [36/406] Building C object zephyr/CMakeFiles/zephyr.dir/subsys/logging/log_minimal.c.obj
[jubilant:ro] [332/381] Building C object CMakeFiles/app.dir/mnt/host/source/src/platform/ec/build/zephyr/jubilant/modules/ec/common/usb_pd_host_cmd_common.c.obj
[jubilant:ro] [333/381] Building C object CMakeFiles/app.dir/mnt/host/source/src/platform/ec/build/zephyr/jubilant/modules/ec/common/usb_common.c.obj
[jubilant:ro] [334/381] Building C object CMakeFiles/app.dir/mnt/host/source/src/platform/ec/build/zephyr/jubilant/modules/ec/common/vboot_hash.c.obj
[krabby:ro] [222/380] Building C object CMakeFiles/app.dir/mnt/host/source/src/platform/ec/build/zephyr/krabby/modules/ec/common/base32.c.obj
[jubilant:ro] [335/381] Building C object CMakeFiles/app.dir/mnt/host/source/src/platform/ec/build/zephyr/jubilant/modules/ec/common/vboot/efs2.c.obj
[meliks:rw] [37/406] Building C object zephyr/CMakeFiles/zephyr.dir/subsys/mem_mgmt/mem_attr.c.obj
[jubilant:ro] [336/381] Building C object CMakeFiles/app.dir/mnt/host/source/src/platform/ec/build/zephyr/jubilant/modules/ec/common/button.c.obj
[krabby:ro] [223/380] Building C object CMakeFiles/app.dir/mnt/host/source/src/platform/ec/build/zephyr/krabby/modules/ec/common/console_output.c.obj
[jubilant:ro] [337/381] Building C object CMakeFiles/app.dir/mnt/host/source/src/platform/ec/build/zephyr/jubilant/modules/ec/common/vstore.c.obj
[krabby:ro] [224/380] Building C object CMakeFiles/app.dir/mnt/host/source/src/platform/ec/build/zephyr/krabby/modules/ec/common/ec_features.c.obj
[krabby:ro] [225/380] Building C object CMakeFiles/app.dir/mnt/host/source/src/platform/ec/build/zephyr/krabby/modules/ec/common/peripheral.c.obj
[krabby:ro] [226/380] Building C object CMakeFiles/app.dir/mnt/host/source/src/platform/ec/build/zephyr/krabby/modules/ec/common/gpio_commands.c.obj
[meliks:rw] [38/406] Building C object zephyr/CMakeFiles/zephyr.dir/subsys/pm/pm.c.obj
[jubilant:ro] [338/381] Building C object CMakeFiles/app.dir/mnt/host/source/src/platform/ec/build/zephyr/jubilant/modules/ec/common/math_util.c.obj
[meliks:rw] [39/406] Building C object zephyr/CMakeFiles/zephyr.dir/subsys/pm/state.c.obj
[jubilant:ro] [339/381] Building C object CMakeFiles/app.dir/src/board_power.c.obj
[jubilant:ro] [340/381] Building C object CMakeFiles/app.dir/jubilant/src/keyboard.c.obj
[krabby:ro] [227/380] Building C object CMakeFiles/app.dir/mnt/host/source/src/platform/ec/build/zephyr/krabby/modules/ec/common/printf.c.obj
[jubilant:ro] [341/381] Building C object CMakeFiles/app.dir/src/hibernate.c.obj
[jubilant:ro] [342/381] Building C object CMakeFiles/app.dir/jubilant/src/touch_panel.c.obj
[jubilant:ro] [343/381] Building C object CMakeFiles/app.dir/src/suspend_resume.c.obj
[krabby:ro] [228/380] Building C object CMakeFiles/app.dir/mnt/host/source/src/platform/ec/build/zephyr/krabby/modules/ec/common/queue.c.obj
[jubilant:ro] [344/381] Linking C static library modules/ec/zephyr/libec_shim.a
[krabby:ro] [229/380] Building C object CMakeFiles/app.dir/mnt/host/source/src/platform/ec/build/zephyr/krabby/modules/ec/common/uart_printf.c.obj
[krabby:ro] [230/380] Building C object CMakeFiles/app.dir/mnt/host/source/src/platform/ec/build/zephyr/krabby/modules/ec/common/system.c.obj
[meliks:rw] [40/406] Building C object zephyr/CMakeFiles/zephyr.dir/subsys/pm/policy/policy_events.c.obj
[meliks:rw] [41/406] Building C object zephyr/CMakeFiles/zephyr.dir/subsys/pm/policy/policy_latency.c.obj
[krabby:ro] [231/380] Building C object CMakeFiles/app.dir/mnt/host/source/src/platform/ec/build/zephyr/krabby/modules/ec/common/system_boot_time.c.obj
[jubilant:ro] [345/381] Building C object CMakeFiles/app.dir/src/usbc.c.obj
[jubilant:ro] [346/381] Building C object CMakeFiles/app.dir/jubilant/src/keyboard_customization.c.obj
[jubilant:ro] [347/381] Building C object CMakeFiles/app.dir/jubilant/src/thermal.c.obj
[jubilant:ro] [348/381] Building C object zephyr/kernel/CMakeFiles/kernel.dir/main_weak.c.obj
[jubilant:ro] [349/381] Building C object zephyr/kernel/CMakeFiles/kernel.dir/banner.c.obj
[jubilant:ro] [350/381] Building C object zephyr/kernel/CMakeFiles/kernel.dir/busy_wait.c.obj
[krabby:ro] [232/380] Building C object CMakeFiles/app.dir/mnt/host/source/src/platform/ec/build/zephyr/krabby/modules/ec/common/util.c.obj
[krabby:ro] [233/380] Building C object CMakeFiles/app.dir/mnt/host/source/src/platform/ec/build/zephyr/krabby/modules/ec/common/version.c.obj
[jubilant:ro] [351/381] Linking C static library app/libapp.a
[meliks:rw] [42/406] Building C object zephyr/CMakeFiles/zephyr.dir/subsys/pm/policy/policy_state_lock.c.obj
[krabby:ro] [234/380] Building C object CMakeFiles/app.dir/mnt/host/source/src/platform/ec/build/zephyr/krabby/modules/ec/driver/accelgyro_icm_common.c.obj
[jubilant:ro] [352/381] Building C object zephyr/kernel/CMakeFiles/kernel.dir/device.c.obj
[krabby:ro] [235/380] Building C object CMakeFiles/app.dir/mnt/host/source/src/platform/ec/build/zephyr/krabby/modules/ec/driver/accel_lis2dw12.c.obj
[meliks:rw] [43/406] Building C object zephyr/CMakeFiles/zephyr.dir/subsys/pm/device.c.obj
[jubilant:ro] [353/381] Building C object zephyr/kernel/CMakeFiles/kernel.dir/errno.c.obj
[krabby:ro] [236/380] Building C object CMakeFiles/app.dir/mnt/host/source/src/platform/ec/build/zephyr/krabby/modules/ec/driver/accelgyro_icm42607.c.obj
[jubilant:ro] [354/381] Building C object zephyr/kernel/CMakeFiles/kernel.dir/version.c.obj
[jubilant:ro] [355/381] Building C object zephyr/kernel/CMakeFiles/kernel.dir/fatal.c.obj
[jubilant:ro] [356/381] Building C object zephyr/kernel/CMakeFiles/kernel.dir/kheap.c.obj
[jubilant:ro] [357/381] Building C object zephyr/kernel/CMakeFiles/kernel.dir/mem_slab.c.obj
[jubilant:ro] [358/381] Building C object zephyr/kernel/CMakeFiles/kernel.dir/init.c.obj
[meliks:rw] [44/406] Building C object zephyr/CMakeFiles/zephyr.dir/subsys/pm/device_system_managed.c.obj
[krabby:ro] [237/380] Building C object CMakeFiles/app.dir/mnt/host/source/src/platform/ec/build/zephyr/krabby/modules/ec/common/motion_sense_fifo.c.obj
[jubilant:ro] [359/381] Building C object zephyr/kernel/CMakeFiles/kernel.dir/float.c.obj
[krabby:ro] [238/380] Building C object CMakeFiles/app.dir/mnt/host/source/src/platform/ec/build/zephyr/krabby/modules/ec/common/adc.c.obj
[krabby:ro] [239/380] Building C object CMakeFiles/app.dir/mnt/host/source/src/platform/ec/build/zephyr/krabby/modules/ec/common/battery.c.obj
[krabby:ro] [240/380] Building C object CMakeFiles/app.dir/mnt/host/source/src/platform/ec/build/zephyr/krabby/modules/ec/common/battery_info.c.obj
[/mnt/host/source/src/platform/ec/build/zephyr/mtlrvpp_mchp-lcov]   /mnt/host/source/src/platform/ec/build/zephyr/mtlrvpp_mchp/build-rw/modules/ec/zephyr/CMakeFiles/ec_shim.dir/shim/src/bb_retimer_usb_mux.c.gcno:no functions found
[/mnt/host/source/src/platform/ec/build/zephyr/mtlrvpp_mchp-lcov] stderr:
[meliks:rw] [45/406] Building C object zephyr/CMakeFiles/zephyr.dir/subsys/testsuite/coverage/coverage.c.obj
[krabby:ro] [241/380] Building C object CMakeFiles/app.dir/mnt/host/source/src/platform/ec/build/zephyr/krabby/modules/ec/common/battery_fuel_gauge.c.obj
[jubilant:ro] [360/381] Building C object zephyr/kernel/CMakeFiles/kernel.dir/idle.c.obj
[jubilant:ro] [361/381] Building C object zephyr/kernel/CMakeFiles/kernel.dir/mailbox.c.obj
[jubilant:ro] [362/381] Building C object zephyr/kernel/CMakeFiles/kernel.dir/msg_q.c.obj
[meliks:rw] [46/406] Building C object zephyr/CMakeFiles/zephyr.dir/subsys/tracing/tracing_none.c.obj
[jubilant:ro] [363/381] Building C object zephyr/kernel/CMakeFiles/kernel.dir/mutex.c.obj
[jubilant:ro] [364/381] Building C object zephyr/kernel/CMakeFiles/kernel.dir/queue.c.obj
[krabby:ro] [242/380] Building C object CMakeFiles/app.dir/mnt/host/source/src/platform/ec/build/zephyr/krabby/modules/ec/driver/battery/smart.c.obj
[jubilant:ro] [365/381] Building C object zephyr/kernel/CMakeFiles/kernel.dir/sem.c.obj
[jubilant:ro] [366/381] Building C object zephyr/kernel/CMakeFiles/kernel.dir/system_work_q.c.obj
[jubilant:ro] [367/381] Building C object zephyr/kernel/CMakeFiles/kernel.dir/stack.c.obj
[meliks:rw] [47/406] Building C object zephyr/CMakeFiles/zephyr.dir/subsys/shell/modules/kernel_service/kernel_shell.c.obj
[krabby:ro] [243/380] Building C object CMakeFiles/app.dir/mnt/host/source/src/platform/ec/build/zephyr/krabby/modules/ec/driver/charger/rt9490.c.obj
[krabby:ro] [244/380] Building C object CMakeFiles/app.dir/mnt/host/source/src/platform/ec/build/zephyr/krabby/modules/ec/common/charge_state.c.obj
[krabby:ro] [245/380] Building C object CMakeFiles/app.dir/mnt/host/source/src/platform/ec/build/zephyr/krabby/modules/ec/common/charger.c.obj
[meliks:rw] [48/406] Building C object zephyr/CMakeFiles/zephyr.dir/subsys/shell/modules/kernel_service/cycles.c.obj
[jubilant:ro] [368/381] Building C object zephyr/kernel/CMakeFiles/kernel.dir/condvar.c.obj
[jubilant:ro] [369/381] Building C object zephyr/kernel/CMakeFiles/kernel.dir/work.c.obj
[jubilant:ro] [370/381] Building C object zephyr/kernel/CMakeFiles/kernel.dir/thread.c.obj
[krabby:ro] [246/380] Building C object CMakeFiles/app.dir/mnt/host/source/src/platform/ec/build/zephyr/krabby/modules/ec/common/charge_manager.c.obj
[krabby:ro] [247/380] Building C object CMakeFiles/app.dir/mnt/host/source/src/platform/ec/build/zephyr/krabby/modules/ec/common/charge_ramp.c.obj
[meliks:rw] [49/406] Building C object zephyr/CMakeFiles/zephyr.dir/subsys/shell/modules/kernel_service/sleep.c.obj
[jubilant:ro] [371/381] Building C object zephyr/kernel/CMakeFiles/kernel.dir/spinlock_validate.c.obj
[jubilant:ro] [372/381] Building C object zephyr/kernel/CMakeFiles/kernel.dir/pipe.c.obj
[krabby:ro] [248/380] Building C object CMakeFiles/app.dir/mnt/host/source/src/platform/ec/build/zephyr/krabby/modules/ec/common/cbi_common.c.obj
[jubilant:ro] [373/381] Building C object zephyr/kernel/CMakeFiles/kernel.dir/sched.c.obj
[krabby:ro] [249/380] Building C object CMakeFiles/app.dir/mnt/host/source/src/platform/ec/build/zephyr/krabby/modules/ec/common/cbi_config.c.obj
[jubilant:ro] [374/381] Building C object zephyr/kernel/CMakeFiles/kernel.dir/thread_monitor.c.obj
[krabby:ro] [250/380] Building C object CMakeFiles/app.dir/mnt/host/source/src/platform/ec/build/zephyr/krabby/modules/ec/common/cbi.c.obj
[meliks:rw] [50/406] Building C object zephyr/CMakeFiles/zephyr.dir/subsys/shell/modules/kernel_service/uptime.c.obj
[jubilant:ro] [375/381] Building C object zephyr/kernel/CMakeFiles/kernel.dir/timeout.c.obj
[jubilant:ro] [376/381] Building C object zephyr/kernel/CMakeFiles/kernel.dir/timer.c.obj
[krabby:ro] [251/380] Building C object CMakeFiles/app.dir/mnt/host/source/src/platform/ec/build/zephyr/krabby/modules/ec/common/chipset.c.obj
[meliks:rw] [51/406] Building C object zephyr/CMakeFiles/zephyr.dir/subsys/shell/modules/kernel_service/version.c.obj
[jubilant:ro] [377/381] Building C object zephyr/kernel/CMakeFiles/kernel.dir/events.c.obj
[krabby:ro] [252/380] Building C object CMakeFiles/app.dir/mnt/host/source/src/platform/ec/build/zephyr/krabby/modules/ec/common/memory_commands.c.obj
[jubilant:ro] [378/381] Building C object zephyr/kernel/CMakeFiles/kernel.dir/poll.c.obj
[jubilant:ro] [379/381] Building C object zephyr/kernel/CMakeFiles/kernel.dir/mempool.c.obj
[krabby:ro] [253/380] Building C object CMakeFiles/app.dir/mnt/host/source/src/platform/ec/build/zephyr/krabby/modules/ec/common/ap_reset_log.c.obj
[krabby:ro] [254/380] Building C object CMakeFiles/app.dir/mnt/host/source/src/platform/ec/build/zephyr/krabby/modules/ec/common/extpower_common.c.obj
[jubilant:ro] [380/381] Building C object zephyr/kernel/CMakeFiles/kernel.dir/dynamic_disabled.c.obj
[jubilant:ro] [381/381] Linking C static library zephyr/kernel/libkernel.a
[krabby:ro] [255/380] Building C object CMakeFiles/app.dir/mnt/host/source/src/platform/ec/build/zephyr/krabby/modules/ec/common/extpower_gpio.c.obj
[meliks:rw] [52/406] Building C object zephyr/CMakeFiles/zephyr.dir/subsys/shell/modules/kernel_service/thread/thread.c.obj
[krabby:ro] [256/380] Building C object CMakeFiles/app.dir/mnt/host/source/src/platform/ec/build/zephyr/krabby/modules/ec/common/flash.c.obj
[krabby:ro] [257/380] Building C object CMakeFiles/app.dir/mnt/host/source/src/platform/ec/build/zephyr/krabby/modules/ec/common/host_command.c.obj
[meliks:rw] [53/406] Building C object zephyr/CMakeFiles/zephyr.dir/subsys/shell/modules/kernel_service/thread/list.c.obj
[meliks:rw] [54/406] Building C object zephyr/CMakeFiles/zephyr.dir/subsys/shell/modules/kernel_service/thread/stacks.c.obj
[krabby:ro] [258/380] Building C object CMakeFiles/app.dir/mnt/host/source/src/platform/ec/build/zephyr/krabby/modules/ec/common/host_command_task.c.obj
[meliks:rw] [55/406] Building C object zephyr/CMakeFiles/zephyr.dir/subsys/shell/modules/kernel_service/thread/suspend.c.obj
[krabby:ro] [259/380] Building C object CMakeFiles/app.dir/mnt/host/source/src/platform/ec/build/zephyr/krabby/modules/ec/common/uart_hostcmd.c.obj
[krabby:ro] [260/380] Building C object CMakeFiles/app.dir/mnt/host/source/src/platform/ec/build/zephyr/krabby/modules/ec/common/host_event_commands.c.obj
[meliks:rw] [56/406] Building C object zephyr/CMakeFiles/zephyr.dir/subsys/shell/modules/kernel_service/thread/resume.c.obj
[krabby:ro] [261/380] Building C object CMakeFiles/app.dir/mnt/host/source/src/platform/ec/build/zephyr/krabby/modules/ec/common/uptime.c.obj
[meliks:rw] [57/406] Building C object zephyr/CMakeFiles/zephyr.dir/subsys/shell/modules/kernel_service/thread/kill.c.obj
[krabby:ro] [262/380] Building C object CMakeFiles/app.dir/mnt/host/source/src/platform/ec/build/zephyr/krabby/modules/ec/common/i2c_controller.c.obj
[krabby:ro] [263/380] Building C object CMakeFiles/app.dir/mnt/host/source/src/platform/ec/build/zephyr/krabby/modules/ec/common/i2c_passthru.c.obj
[krabby:ro] [264/380] Building C object CMakeFiles/app.dir/mnt/host/source/src/platform/ec/build/zephyr/krabby/modules/ec/common/virtual_battery.c.obj
[meliks:rw] [58/406] Building C object zephyr/CMakeFiles/zephyr.dir/subsys/shell/backends/shell_uart.c.obj
[krabby:ro] [265/380] Building C object CMakeFiles/app.dir/mnt/host/source/src/platform/ec/build/zephyr/krabby/modules/ec/common/mkbp_fifo.c.obj
[meliks:rw] [59/406] Building C object zephyr/CMakeFiles/zephyr.dir/subsys/shell/shell_fprintf.c.obj
[meliks:rw] [60/406] Building C object zephyr/CMakeFiles/zephyr.dir/subsys/shell/shell.c.obj
[krabby:ro] [266/380] Building C object CMakeFiles/app.dir/mnt/host/source/src/platform/ec/build/zephyr/krabby/modules/ec/common/keyboard_scan.c.obj
[meliks:rw] [61/406] Building C object zephyr/CMakeFiles/zephyr.dir/subsys/shell/shell_utils.c.obj
[krabby:ro] [267/380] Building C object CMakeFiles/app.dir/mnt/host/source/src/platform/ec/build/zephyr/krabby/modules/ec/common/keyboard_mkbp.c.obj
[krabby:ro] [268/380] Building C object CMakeFiles/app.dir/mnt/host/source/src/platform/ec/build/zephyr/krabby/modules/ec/common/mkbp_info.c.obj
[krabby:ro] [269/380] Building C object CMakeFiles/app.dir/mnt/host/source/src/platform/ec/build/zephyr/krabby/modules/ec/common/mkbp_input_devices.c.obj
[krabby:ro] [270/380] Building C object CMakeFiles/app.dir/mnt/host/source/src/platform/ec/build/zephyr/krabby/modules/ec/common/led_common.c.obj
[meliks:rw] [62/406] Building C object zephyr/CMakeFiles/zephyr.dir/subsys/shell/shell_ops.c.obj
[/mnt/host/source/src/platform/ec/build/zephyr/kodkod-lcov]   /mnt/host/source/src/platform/ec/build/zephyr/kodkod/build-ro/zephyr/CMakeFiles/zephyr.dir/lib/utils/last_section_id.c.gcno:no functions found
[/mnt/host/source/src/platform/ec/build/zephyr/kodkod-lcov] stderr:
[krabby:ro] [271/380] Building C object CMakeFiles/app.dir/mnt/host/source/src/platform/ec/build/zephyr/krabby/modules/ec/common/motion_lid.c.obj
[meliks:rw] [63/406] Building C object zephyr/CMakeFiles/zephyr.dir/subsys/shell/shell_help.c.obj
[krabby:ro] [272/380] Building C object CMakeFiles/app.dir/mnt/host/source/src/platform/ec/build/zephyr/krabby/modules/ec/common/lid_angle.c.obj
[meliks:rw] [64/406] Building C object zephyr/CMakeFiles/zephyr.dir/subsys/shell/shell_history.c.obj
[krabby:ro] [273/380] Building C object CMakeFiles/app.dir/mnt/host/source/src/platform/ec/build/zephyr/krabby/modules/ec/common/lid_angle_keyboard_policy.c.obj
[/mnt/host/source/src/platform/ec/build/zephyr/felino-lcov]   /mnt/host/source/src/platform/ec/build/zephyr/felino/build-rw/modules/ec/zephyr/CMakeFiles/ec_shim.dir/drivers/keyboard_input/keyboard_customization_check.c.gcno:no functions found
[/mnt/host/source/src/platform/ec/build/zephyr/felino-lcov] stderr:
[meliks:rw] [65/406] Building C object zephyr/arch/common/CMakeFiles/arch__common.dir/sw_isr_common.c.obj
[meliks:rw] [66/406] Building C object zephyr/CMakeFiles/zephyr.dir/drivers/flash/flash_util.c.obj
[meliks:rw] [67/406] Building C object zephyr/arch/common/CMakeFiles/arch__common.dir/init.c.obj
[krabby:ro] [274/380] Building C object CMakeFiles/app.dir/mnt/host/source/src/platform/ec/build/zephyr/krabby/modules/ec/common/lid_switch.c.obj
[meliks:rw] [68/406] Linking C static library zephyr/libzephyr.a
[krabby:ro] [275/380] Building C object CMakeFiles/app.dir/mnt/host/source/src/platform/ec/build/zephyr/krabby/modules/ec/common/mkbp_event.c.obj
[meliks:rw] [69/406] Building ASM object zephyr/arch/arch/arm/core/CMakeFiles/arch__arm__core.dir/nmi_on_reset.S.obj
[krabby:ro] [276/380] Building C object CMakeFiles/app.dir/mnt/host/source/src/platform/ec/build/zephyr/krabby/modules/ec/common/power_button.c.obj
[krabby:ro] [277/380] Building C object CMakeFiles/app.dir/mnt/host/source/src/platform/ec/build/zephyr/krabby/modules/ec/common/motion_sense.c.obj
[krabby:ro] [278/380] Building C object CMakeFiles/app.dir/mnt/host/source/src/platform/ec/build/zephyr/krabby/modules/ec/power/common.c.obj
[meliks:rw] [70/406] Building C object zephyr/arch/common/CMakeFiles/arch__common.dir/xip.c.obj
[krabby:ro] [279/380] Building C object CMakeFiles/app.dir/mnt/host/source/src/platform/ec/build/zephyr/krabby/modules/ec/power/host_sleep.c.obj
[meliks:rw] [71/406] Building C object zephyr/arch/common/CMakeFiles/isr_tables.dir/isr_tables.c.obj
[meliks:rw] [72/406] Linking C static library zephyr/arch/common/libisr_tables.a
[meliks:rw] [73/406] Building C object zephyr/arch/arch/arm/core/CMakeFiles/arch__arm__core.dir/nmi.c.obj
[meliks:rw] [74/406] Linking C static library zephyr/arch/common/libarch__common.a
[krabby:ro] [280/380] Building C object CMakeFiles/app.dir/mnt/host/source/src/platform/ec/build/zephyr/krabby/modules/ec/common/panic_output.c.obj
[meliks:rw] [75/406] Building C object zephyr/arch/arch/arm/core/CMakeFiles/arch__arm__core.dir/fatal.c.obj
[krabby:ro] [281/380] Building C object CMakeFiles/app.dir/mnt/host/source/src/platform/ec/build/zephyr/krabby/modules/ec/power/mt8186.c.obj
[meliks:rw] [76/406] Linking C static library zephyr/arch/arch/arm/core/libarch__arm__core.a
[krabby:ro] [282/380] Building C object CMakeFiles/app.dir/mnt/host/source/src/platform/ec/build/zephyr/krabby/modules/ec/driver/sha256/sha256_it8xxx2.c.obj
[meliks:rw] [77/406] Building ASM object zephyr/arch/arch/arm/core/cortex_m/CMakeFiles/arch__arm__core__cortex_m.dir/fault_s.S.obj
[meliks:rw] [78/406] Building C object zephyr/arch/arch/arm/core/cortex_m/CMakeFiles/arch__arm__core__cortex_m.dir/exc_exit.c.obj
[krabby:ro] [283/380] Building C object CMakeFiles/app.dir/mnt/host/source/src/platform/ec/build/zephyr/krabby/modules/ec/common/shared_mem.c.obj
[krabby:ro] [284/380] Building C object CMakeFiles/app.dir/mnt/host/source/src/platform/ec/build/zephyr/krabby/modules/ec/common/switch.c.obj
[krabby:ro] [285/380] Building C object CMakeFiles/app.dir/mnt/host/source/src/platform/ec/build/zephyr/krabby/modules/ec/driver/stm_mems_common.c.obj
[krabby:ro] [286/380] Building C object CMakeFiles/app.dir/mnt/host/source/src/platform/ec/build/zephyr/krabby/modules/ec/common/tablet_mode.c.obj
[meliks:rw] [79/406] Building C object zephyr/arch/arch/arm/core/cortex_m/CMakeFiles/arch__arm__core__cortex_m.dir/fault.c.obj
[meliks:rw] [80/406] Building C object zephyr/arch/arch/arm/core/cortex_m/CMakeFiles/arch__arm__core__cortex_m.dir/fpu.c.obj
[krabby:ro] [287/380] Building C object CMakeFiles/app.dir/mnt/host/source/src/platform/ec/build/zephyr/krabby/modules/ec/common/timer.c.obj
[meliks:rw] [81/406] Building ASM object zephyr/arch/arch/arm/core/cortex_m/CMakeFiles/arch__arm__core__cortex_m.dir/reset.S.obj
[meliks:rw] [82/406] Building ASM object zephyr/arch/arch/arm/core/cortex_m/CMakeFiles/arch__arm__core__cortex_m.dir/vector_table.S.obj
[krabby:ro] [288/380] Building C object CMakeFiles/app.dir/mnt/host/source/src/platform/ec/build/zephyr/krabby/modules/ec/common/usb_port_power_dumb.c.obj
[krabby:ro] [289/380] Building C object CMakeFiles/app.dir/mnt/host/source/src/platform/ec/build/zephyr/krabby/modules/ec/common/usb_charger.c.obj
[krabby:ro] [290/380] Building C object CMakeFiles/app.dir/mnt/host/source/src/platform/ec/build/zephyr/krabby/modules/ec/common/typec_control.c.obj
[meliks:rw] [83/406] Building C object zephyr/arch/arch/arm/core/cortex_m/CMakeFiles/arch__arm__core__cortex_m.dir/thread_abort.c.obj
[meliks:rw] [84/406] Building C object zephyr/arch/arch/arm/core/cortex_m/CMakeFiles/arch__arm__core__cortex_m.dir/scb.c.obj
[krabby:ro] [291/380] Building C object CMakeFiles/app.dir/mnt/host/source/src/platform/ec/build/zephyr/krabby/modules/ec/common/usb_pd_pdo.c.obj
[/mnt/host/source/src/platform/ec/build/zephyr/kodkod-lcov]   /mnt/host/source/src/platform/ec/build/zephyr/kodkod/build-ro/zephyr/drivers/sensor/CMakeFiles/drivers__sensor.dir/mnt/host/source/src/third_party/zephyr/main/misc/empty_file.c.gcno:no functions found
[/mnt/host/source/src/platform/ec/build/zephyr/kodkod-lcov] stderr:
[meliks:rw] [85/406] Building ASM object zephyr/arch/arch/arm/core/cortex_m/CMakeFiles/arch__arm__core__cortex_m.dir/swap_helper.S.obj
[krabby:ro] [292/380] Building C object CMakeFiles/app.dir/mnt/host/source/src/platform/ec/build/zephyr/krabby/modules/ec/common/usb_common.c.obj
[krabby:ro] [293/380] Building C object CMakeFiles/app.dir/mnt/host/source/src/platform/ec/build/zephyr/krabby/modules/ec/common/usbc/usbc_task.c.obj
[krabby:ro] [294/380] Building C object CMakeFiles/app.dir/mnt/host/source/src/platform/ec/build/zephyr/krabby/modules/ec/common/usbc/usb_pd_timer.c.obj
[krabby:ro] [295/380] Building C object CMakeFiles/app.dir/mnt/host/source/src/platform/ec/build/zephyr/krabby/modules/ec/common/usbc/usb_sm.c.obj
[meliks:rw] [86/406] Building C object zephyr/arch/arch/arm/core/cortex_m/CMakeFiles/arch__arm__core__cortex_m.dir/irq_manage.c.obj
[krabby:ro] [296/380] Building C object CMakeFiles/app.dir/mnt/host/source/src/platform/ec/build/zephyr/krabby/modules/ec/common/usb_pd_flags.c.obj
[meliks:rw] [87/406] Building C object zephyr/arch/arch/arm/core/cortex_m/CMakeFiles/arch__arm__core__cortex_m.dir/prep_c.c.obj
[meliks:rw] [88/406] Building C object zephyr/arch/arch/arm/core/cortex_m/CMakeFiles/arch__arm__core__cortex_m.dir/cpu_idle.c.obj
[krabby:ro] [297/380] Building C object CMakeFiles/app.dir/mnt/host/source/src/platform/ec/build/zephyr/krabby/modules/ec/common/usbc_utils.c.obj
[meliks:rw] [89/406] Building C object zephyr/arch/arch/arm/core/cortex_m/CMakeFiles/arch__arm__core__cortex_m.dir/thread.c.obj
[krabby:ro] [298/380] Building C object CMakeFiles/app.dir/mnt/host/source/src/platform/ec/build/zephyr/krabby/modules/ec/common/usbc_intr_task.c.obj
[krabby:ro] [299/380] Building C object CMakeFiles/app.dir/mnt/host/source/src/platform/ec/build/zephyr/krabby/modules/ec/common/chargen.c.obj
[meliks:rw] [90/406] Building C object zephyr/arch/arch/arm/core/cortex_m/CMakeFiles/arch__arm__core__cortex_m.dir/irq_init.c.obj
[meliks:rw] [91/406] Generating ../../../include/generated/libc/minimal/strerror_table.h
[krabby:ro] [300/380] Building C object CMakeFiles/app.dir/mnt/host/source/src/platform/ec/build/zephyr/krabby/modules/ec/common/usbc/usb_pd_console.c.obj
[meliks:rw] [92/406] Building C object zephyr/lib/libc/minimal/CMakeFiles/lib__libc__minimal.dir/source/stdlib/atoi.c.obj
[meliks:rw] [93/406] Building C object zephyr/arch/arch/arm/core/cortex_m/CMakeFiles/arch__arm__core__cortex_m.dir/isr_wrapper.c.obj
[meliks:rw] [94/406] Building C object zephyr/lib/libc/minimal/CMakeFiles/lib__libc__minimal.dir/source/stdlib/strtol.c.obj
[/mnt/host/source/src/platform/ec/build/zephyr/kodkod-lcov]   /mnt/host/source/src/platform/ec/build/zephyr/kodkod/build-ro/zephyr/drivers/syscon/CMakeFiles/drivers__syscon.dir/mnt/host/source/src/third_party/zephyr/main/misc/empty_file.c.gcno:no functions found
[/mnt/host/source/src/platform/ec/build/zephyr/kodkod-lcov] stderr:
[krabby:ro] [301/380] Building C object CMakeFiles/app.dir/mnt/host/source/src/platform/ec/build/zephyr/krabby/modules/ec/driver/usb_mux/usb_mux.c.obj
[krabby:ro] [302/380] Building C object CMakeFiles/app.dir/mnt/host/source/src/platform/ec/build/zephyr/krabby/modules/ec/driver/usb_mux/tusb1064.c.obj
[meliks:rw] [95/406] Linking C static library zephyr/arch/arch/arm/core/cortex_m/libarch__arm__core__cortex_m.a
[krabby:ro] [303/380] Building C object CMakeFiles/app.dir/mnt/host/source/src/platform/ec/build/zephyr/krabby/modules/ec/driver/usb_mux/it5205.c.obj
[meliks:rw] [96/406] Building C object zephyr/arch/arch/arm/core/mpu/CMakeFiles/arch__arm__core__mpu.dir/arm_core_mpu.c.obj
[krabby:ro] [304/380] Building C object CMakeFiles/app.dir/mnt/host/source/src/platform/ec/build/zephyr/krabby/modules/ec/driver/usb_mux/virtual.c.obj
[meliks:rw] [97/406] Building C object zephyr/arch/arch/arm/core/mpu/CMakeFiles/arch__arm__core__mpu.dir/arm_mpu_regions.c.obj
[meliks:rw] [98/406] Building C object zephyr/lib/libc/minimal/CMakeFiles/lib__libc__minimal.dir/source/stdlib/strtoul.c.obj
[meliks:rw] [99/406] Building C object zephyr/lib/libc/minimal/CMakeFiles/lib__libc__minimal.dir/source/stdlib/strtoll.c.obj
[meliks:rw] [100/406] Building C object zephyr/lib/libc/minimal/CMakeFiles/lib__libc__minimal.dir/source/stdlib/bsearch.c.obj
[meliks:rw] [101/406] Building C object zephyr/arch/arch/arm/core/mpu/CMakeFiles/arch__arm__core__mpu.dir/arm_mpu.c.obj
[krabby:ro] [305/380] Building C object CMakeFiles/app.dir/mnt/host/source/src/platform/ec/build/zephyr/krabby/modules/ec/common/event_log.c.obj
[meliks:rw] [102/406] Building C object zephyr/lib/libc/minimal/CMakeFiles/lib__libc__minimal.dir/source/stdlib/strtoull.c.obj
[meliks:rw] [103/406] Linking C static library zephyr/arch/arch/arm/core/mpu/libarch__arm__core__mpu.a
[krabby:ro] [306/380] Building C object CMakeFiles/app.dir/mnt/host/source/src/platform/ec/build/zephyr/krabby/modules/ec/common/pd_log.c.obj
[krabby:ro] [307/380] Building C object CMakeFiles/app.dir/mnt/host/source/src/platform/ec/build/zephyr/krabby/modules/ec/common/dps.c.obj
[meliks:rw] [104/406] Building C object zephyr/lib/libc/minimal/CMakeFiles/lib__libc__minimal.dir/source/string/strncasecmp.c.obj
[meliks:rw] [105/406] Building C object zephyr/lib/libc/minimal/CMakeFiles/lib__libc__minimal.dir/source/stdlib/qsort.c.obj
[meliks:rw] [106/406] Building C object zephyr/lib/libc/minimal/CMakeFiles/lib__libc__minimal.dir/source/string/strstr.c.obj
[meliks:rw] [107/406] Building C object zephyr/lib/libc/minimal/CMakeFiles/lib__libc__minimal.dir/source/string/strerror.c.obj
[meliks:rw] [108/406] Building C object zephyr/lib/libc/minimal/CMakeFiles/lib__libc__minimal.dir/source/string/strspn.c.obj
[meliks:rw] [109/406] Building C object zephyr/lib/libc/minimal/CMakeFiles/lib__libc__minimal.dir/source/string/string.c.obj
[krabby:ro] [308/380] Building C object CMakeFiles/app.dir/mnt/host/source/src/platform/ec/build/zephyr/krabby/modules/ec/common/usbc/usb_prl_sm.c.obj
[krabby:ro] [309/380] Building C object CMakeFiles/app.dir/mnt/host/source/src/platform/ec/build/zephyr/krabby/modules/ec/common/usbc/usb_pd_dpm.c.obj
[meliks:rw] [110/406] Building C object zephyr/lib/libc/minimal/CMakeFiles/lib__libc__minimal.dir/source/stdlib/exit.c.obj
[krabby:ro] [310/380] Building C object CMakeFiles/app.dir/mnt/host/source/src/platform/ec/build/zephyr/krabby/modules/ec/common/usbc/usb_tc_drp_acc_trysrc_sm.c.obj
[meliks:rw] [111/406] Building C object zephyr/lib/libc/minimal/CMakeFiles/lib__libc__minimal.dir/source/math/sqrtf.c.obj
[krabby:ro] [311/380] Building C object CMakeFiles/app.dir/mnt/host/source/src/platform/ec/build/zephyr/krabby/modules/ec/common/usbc/usbc_pd_policy.c.obj
[krabby:ro] [312/380] Building C object CMakeFiles/app.dir/mnt/host/source/src/platform/ec/build/zephyr/krabby/modules/ec/common/usb_pd_host_cmd.c.obj
[meliks:rw] [112/406] Building C object zephyr/lib/libc/minimal/CMakeFiles/lib__libc__minimal.dir/source/stdout/sprintf.c.obj
[meliks:rw] [113/406] Building C object zephyr/lib/libc/minimal/CMakeFiles/lib__libc__minimal.dir/source/math/sqrt.c.obj
[krabby:ro] [313/380] Building C object CMakeFiles/app.dir/mnt/host/source/src/platform/ec/build/zephyr/krabby/modules/ec/common/usbc/dp_alt_mode.c.obj
[meliks:rw] [114/406] Building C object zephyr/lib/libc/minimal/CMakeFiles/lib__libc__minimal.dir/source/stdout/stdout_console.c.obj
[krabby:ro] [314/380] Building C object CMakeFiles/app.dir/mnt/host/source/src/platform/ec/build/zephyr/krabby/modules/ec/common/usb_pd_console_cmd.c.obj
[meliks:rw] [115/406] Building C object zephyr/lib/libc/minimal/CMakeFiles/lib__libc__minimal.dir/source/stdout/fprintf.c.obj
[meliks:rw] [116/406] Building C object zephyr/lib/libc/common/CMakeFiles/lib__libc__common.dir/source/time/gmtime_r.c.obj
[meliks:rw] [117/406] Building C object zephyr/lib/libc/common/CMakeFiles/lib__libc__common.dir/source/time/asctime.c.obj
[krabby:ro] [315/380] Building C object CMakeFiles/app.dir/mnt/host/source/src/platform/ec/build/zephyr/krabby/modules/ec/common/usbc/usb_pe_drp_sm.c.obj
[meliks:rw] [118/406] Building C object zephyr/lib/libc/common/CMakeFiles/lib__libc__common.dir/source/time/localtime_r_utc.c.obj
[meliks:rw] [119/406] Building C object zephyr/lib/libc/common/CMakeFiles/lib__libc__common.dir/source/time/ctime.c.obj
[krabby:ro] [316/380] Building C object CMakeFiles/app.dir/mnt/host/source/src/platform/ec/build/zephyr/krabby/modules/ec/common/usbc/usb_pd_host.c.obj
[meliks:rw] [120/406] Building C object zephyr/lib/libc/common/CMakeFiles/lib__libc__common.dir/source/time/time.c.obj
[krabby:ro] [317/380] Building C object CMakeFiles/app.dir/mnt/host/source/src/platform/ec/build/zephyr/krabby/modules/ec/common/usb_pd_host_cmd_common.c.obj
[/mnt/host/source/src/platform/ec/build/zephyr/kodkod-lcov]   /mnt/host/source/src/platform/ec/build/zephyr/kodkod/build-ro/zephyr/drivers/interrupt_controller/CMakeFiles/drivers__interrupt_controller.dir/mnt/host/source/src/third_party/zephyr/main/misc/empty_file.c.gcno:no functions found
[/mnt/host/source/src/platform/ec/build/zephyr/kodkod-lcov] stderr:
[meliks:rw] [121/406] Building C object zephyr/lib/libc/minimal/CMakeFiles/lib__libc__minimal.dir/source/time/gmtime.c.obj
[meliks:rw] [122/406] Building C object zephyr/lib/libc/common/CMakeFiles/lib__libc__common.dir/source/string/strnlen.c.obj
[meliks:rw] [123/406] Building C object zephyr/lib/libc/common/CMakeFiles/lib__libc__common.dir/source/stdlib/abort.c.obj
[krabby:ro] [318/380] Building C object CMakeFiles/app.dir/mnt/host/source/src/platform/ec/build/zephyr/krabby/modules/ec/zephyr/shim/src/tcpc.c.obj
[meliks:rw] [124/406] Building C object zephyr/lib/posix/c_lib_ext/CMakeFiles/lib__posix__c_lib_ext.dir/fnmatch.c.obj
[krabby:ro] [319/380] Building C object CMakeFiles/app.dir/mnt/host/source/src/platform/ec/build/zephyr/krabby/modules/ec/common/usbc/svdm_rsp_dfp_only.c.obj
[meliks:rw] [125/406] Linking C static library zephyr/lib/libc/minimal/liblib__libc__minimal.a
[meliks:rw] [126/406] Building C object zephyr/subsys/crc/CMakeFiles/subsys__crc.dir/crc4_sw.c.obj
[meliks:rw] [127/406] Building C object zephyr/subsys/crc/CMakeFiles/subsys__crc.dir/crc8_sw.c.obj
[krabby:ro] [320/380] Building C object CMakeFiles/app.dir/mnt/host/source/src/platform/ec/build/zephyr/krabby/modules/ec/common/usbc_ocp.c.obj
[krabby:ro] [321/380] Building C object CMakeFiles/app.dir/mnt/host/source/src/platform/ec/build/zephyr/krabby/modules/ec/common/usb_pd_discovery.c.obj
[meliks:rw] [128/406] Building C object zephyr/subsys/crc/CMakeFiles/subsys__crc.dir/crc16_sw.c.obj
[meliks:rw] [129/406] Building C object zephyr/subsys/crc/CMakeFiles/subsys__crc.dir/crc7_sw.c.obj
[krabby:ro] [322/380] Building C object CMakeFiles/app.dir/mnt/host/source/src/platform/ec/build/zephyr/krabby/modules/ec/common/usb_pd_dual_role.c.obj
[/mnt/host/source/src/platform/ec/build/zephyr/kodkod-lcov]   /mnt/host/source/src/platform/ec/build/zephyr/kodkod/build-rw/modules/ec/zephyr/CMakeFiles/ec_shim.dir/shim/src/thermal.c.gcno:no functions found
[/mnt/host/source/src/platform/ec/build/zephyr/kodkod-lcov] stderr:
[meliks:rw] [130/406] Building C object zephyr/subsys/crc/CMakeFiles/subsys__crc.dir/crc24_sw.c.obj
[krabby:ro] [323/380] Building C object CMakeFiles/app.dir/mnt/host/source/src/platform/ec/build/zephyr/krabby/modules/ec/common/usbc/dp_hpd_gpio.c.obj
[meliks:rw] [131/406] Building C object zephyr/subsys/crc/CMakeFiles/subsys__crc.dir/crc32c_sw.c.obj
[meliks:rw] [132/406] Building C object zephyr/lib/libc/common/CMakeFiles/lib__libc__common.dir/source/stdlib/malloc.c.obj
[meliks:rw] [133/406] Building C object zephyr/subsys/crc/CMakeFiles/subsys__crc.dir/crc32_sw.c.obj
[meliks:rw] [134/406] Building C object zephyr/subsys/crc/CMakeFiles/subsys__crc.dir/crc32k_4_2_sw.c.obj
[meliks:rw] [135/406] Linking C static library zephyr/lib/libc/common/liblib__libc__common.a
[krabby:ro] [324/380] Building C object CMakeFiles/app.dir/mnt/host/source/src/platform/ec/build/zephyr/krabby/modules/ec/driver/tcpm/ite_pd_intc.c.obj
[meliks:rw] [136/406] Linking C static library zephyr/subsys/crc/libsubsys__crc.a
[meliks:rw] [137/406] Building C object zephyr/lib/posix/c_lib_ext/CMakeFiles/lib__posix__c_lib_ext.dir/getentropy.c.obj
[meliks:rw] [138/406] Building C object zephyr/lib/posix/c_lib_ext/CMakeFiles/lib__posix__c_lib_ext.dir/getopt_shim.c.obj
[/mnt/host/source/src/platform/ec/build/zephyr/felino-lcov]   /mnt/host/source/src/platform/ec/build/zephyr/felino/build-rw/CMakeFiles/app.dir/mnt/host/source/src/platform/ec/build/zephyr/felino/modules/ec/common/cbi_config.c.gcno:no functions found
[/mnt/host/source/src/platform/ec/build/zephyr/felino-lcov] stderr:
[krabby:ro] [325/380] Building C object CMakeFiles/app.dir/mnt/host/source/src/platform/ec/build/zephyr/krabby/modules/ec/driver/tcpm/tcpci.c.obj
[/mnt/host/source/src/platform/ec/build/zephyr/kodkod-lcov]   /mnt/host/source/src/platform/ec/build/zephyr/kodkod/build-rw/modules/ec/zephyr/CMakeFiles/ec_shim.dir/shim/src/battery.c.gcno:no functions found
[/mnt/host/source/src/platform/ec/build/zephyr/kodkod-lcov] stderr:
[meliks:rw] [139/406] Linking C static library zephyr/lib/posix/c_lib_ext/liblib__posix__c_lib_ext.a
[krabby:ro] [326/380] Building C object CMakeFiles/app.dir/mnt/host/source/src/platform/ec/build/zephyr/krabby/modules/ec/common/usbc_ppc.c.obj
[krabby:ro] [327/380] Building C object CMakeFiles/app.dir/mnt/host/source/src/platform/ec/build/zephyr/krabby/modules/ec/driver/tcpm/it8xxx2.c.obj
[krabby:ro] [328/380] Building C object CMakeFiles/app.dir/mnt/host/source/src/platform/ec/build/zephyr/krabby/modules/ec/driver/ppc/rt1739.c.obj
[krabby:ro] [329/380] Building C object CMakeFiles/app.dir/mnt/host/source/src/platform/ec/build/zephyr/krabby/modules/ec/driver/ppc/syv682x.c.obj
[krabby:ro] [330/380] Building C object CMakeFiles/app.dir/mnt/host/source/src/platform/ec/build/zephyr/krabby/modules/ec/common/vboot_hash.c.obj
[meliks:rw] [140/406] Building C object zephyr/drivers/interrupt_controller/CMakeFiles/drivers__interrupt_controller.dir/intc_miwu.c.obj
[meliks:rw] [141/406] Building C object zephyr/drivers/adc/CMakeFiles/drivers__adc.dir/adc_common.c.obj
[/mnt/host/source/src/platform/ec/build/zephyr/felino-lcov]   /mnt/host/source/src/platform/ec/build/zephyr/felino/build-rw/zephyr/arch/arch/riscv/core/CMakeFiles/arch__riscv__core.dir/cpu_idle.c.gcno:no functions found
[krabby:ro] [331/380] Building C object CMakeFiles/app.dir/mnt/host/source/src/platform/ec/build/zephyr/krabby/modules/ec/common/button.c.obj
[/mnt/host/source/src/platform/ec/build/zephyr/felino-lcov] stderr:
[meliks:rw] [142/406] Building C object zephyr/drivers/bbram/CMakeFiles/drivers__bbram.dir/bbram_npcx.c.obj
[meliks:rw] [143/406] Linking C static library zephyr/drivers/interrupt_controller/libdrivers__interrupt_controller.a
[meliks:rw] [144/406] Building C object zephyr/drivers/clock_control/CMakeFiles/drivers__clock_control.dir/clock_control_npcx.c.obj
[meliks:rw] [145/406] Linking C static library zephyr/drivers/bbram/libdrivers__bbram.a
[krabby:ro] [332/380] Building C object CMakeFiles/app.dir/mnt/host/source/src/platform/ec/build/zephyr/krabby/modules/ec/common/vboot/efs2.c.obj
[meliks:rw] [146/406] Linking C static library zephyr/drivers/clock_control/libdrivers__clock_control.a
[krabby:ro] [333/380] Building C object CMakeFiles/app.dir/mnt/host/source/src/platform/ec/build/zephyr/krabby/modules/ec/common/math_util.c.obj
[krabby:ro] [334/380] Building C object CMakeFiles/app.dir/mnt/host/source/src/platform/ec/build/zephyr/krabby/modules/ec/common/vstore.c.obj
[meliks:rw] [147/406] Building C object zephyr/drivers/adc/CMakeFiles/drivers__adc.dir/adc_npcx.c.obj
[/mnt/host/source/src/platform/ec/build/zephyr/kodkod-lcov]   /mnt/host/source/src/platform/ec/build/zephyr/kodkod/build-rw/modules/ec/zephyr/CMakeFiles/ec_shim.dir/shim/src/charger.c.gcno:no functions found
[/mnt/host/source/src/platform/ec/build/zephyr/kodkod-lcov] stderr:
[meliks:rw] [148/406] Linking C static library zephyr/drivers/adc/libdrivers__adc.a
[krabby:ro] [335/380] Building C object CMakeFiles/app.dir/src/board.c.obj
[krabby:ro] [336/380] Building C object CMakeFiles/app.dir/src/hibernate.c.obj
[meliks:rw] [149/406] Building C object zephyr/drivers/console/CMakeFiles/drivers__console.dir/uart_console.c.obj
[krabby:ro] [337/380] Building C object CMakeFiles/app.dir/src/usbc.c.obj
[meliks:rw] [150/406] Building C object zephyr/drivers/eeprom/CMakeFiles/drivers__eeprom.dir/eeprom_shell.c.obj
[krabby:ro] [338/380] Building C object CMakeFiles/app.dir/src/usb_pd_policy.c.obj
[meliks:rw] [151/406] Linking C static library zephyr/drivers/console/libdrivers__console.a
[krabby:ro] [339/380] Building C object CMakeFiles/app.dir/src/variant_db_detection.c.obj
[krabby:ro] [340/380] Building C object CMakeFiles/app.dir/src/board_chipset.c.obj
[krabby:ro] [341/380] Building C object CMakeFiles/app.dir/src/ite_charger_workaround.c.obj
[krabby:ro] [342/380] Linking C static library modules/ec/zephyr/libec_shim.a
[krabby:ro] [343/380] Building C object CMakeFiles/app.dir/src/ite_hooks.c.obj
[/mnt/host/source/src/platform/ec/build/zephyr/felino-lcov]   /mnt/host/source/src/platform/ec/build/zephyr/felino/build-rw/zephyr/arch/common/CMakeFiles/isr_tables.dir/isr_tables.c.gcno:no functions found
[/mnt/host/source/src/platform/ec/build/zephyr/felino-lcov] stderr:
[meliks:rw] [152/406] Building C object zephyr/drivers/eeprom/CMakeFiles/drivers__eeprom.dir/eeprom_at2x.c.obj
[meliks:rw] [153/406] Linking C static library zephyr/drivers/eeprom/libdrivers__eeprom.a
[krabby:ro] [344/380] Building C object CMakeFiles/app.dir/src/ite_i2c.c.obj
[meliks:rw] [154/406] Building C object zephyr/drivers/espi/CMakeFiles/drivers__espi.dir/espi_npcx.c.obj
[krabby:ro] [345/380] Building C object CMakeFiles/app.dir/src/ite_usb_pd_policy.c.obj
[meliks:rw] [155/406] Building C object zephyr/drivers/espi/CMakeFiles/drivers__espi.dir/host_subs_npcx.c.obj
[meliks:rw] [156/406] Linking C static library zephyr/drivers/espi/libdrivers__espi.a
[krabby:ro] [346/380] Building C object zephyr/kernel/CMakeFiles/kernel.dir/errno.c.obj
[krabby:ro] [347/380] Building C object zephyr/kernel/CMakeFiles/kernel.dir/banner.c.obj
[meliks:rw] [157/406] Building C object zephyr/drivers/flash/CMakeFiles/drivers__flash.dir/flash_npcx_fiu_nor.c.obj
[meliks:rw] [158/406] Building C object zephyr/drivers/flash/CMakeFiles/drivers__flash.dir/jesd216.c.obj
[krabby:ro] [348/380] Building C object CMakeFiles/app.dir/krabby/src/ppc.c.obj
[krabby:ro] [349/380] Building C object CMakeFiles/app.dir/src/ite_usbc.c.obj
[/mnt/host/source/src/platform/ec/build/zephyr/mtlrvpp_mchp-lcov]   /mnt/host/source/src/platform/ec/build/zephyr/mtlrvpp_mchp/build-rw/CMakeFiles/app.dir/mnt/host/source/src/platform/ec/build/zephyr/mtlrvpp_mchp/modules/ec/common/usb_pd_pdo.c.gcno:no functions found
[krabby:ro] [350/380] Building C object zephyr/kernel/CMakeFiles/kernel.dir/busy_wait.c.obj
[/mnt/host/source/src/platform/ec/build/zephyr/mtlrvpp_mchp-lcov] stderr:
[/mnt/host/source/src/platform/ec/build/zephyr/kodkod-lcov]   /mnt/host/source/src/platform/ec/build/zephyr/kodkod/build-rw/modules/ec/zephyr/CMakeFiles/ec_shim.dir/shim/src/usba.c.gcno:no functions found
[/mnt/host/source/src/platform/ec/build/zephyr/kodkod-lcov] stderr:
[krabby:ro] [351/380] Building C object zephyr/kernel/CMakeFiles/kernel.dir/device.c.obj
[krabby:ro] [352/380] Building C object zephyr/kernel/CMakeFiles/kernel.dir/fatal.c.obj
[krabby:ro] [353/380] Linking C static library app/libapp.a
[krabby:ro] [354/380] Building C object zephyr/kernel/CMakeFiles/kernel.dir/version.c.obj
[krabby:ro] [355/380] Building C object zephyr/kernel/CMakeFiles/kernel.dir/init.c.obj
[meliks:rw] [159/406] Building C object zephyr/drivers/flash/CMakeFiles/drivers__flash.dir/flash_npcx_fiu_qspi.c.obj
[meliks:rw] [160/406] Linking C static library zephyr/drivers/flash/libdrivers__flash.a
[meliks:rw] [161/406] Building C object zephyr/drivers/i2c/CMakeFiles/drivers__i2c.dir/i2c_common.c.obj
[krabby:ro] [356/380] Building C object zephyr/kernel/CMakeFiles/kernel.dir/kheap.c.obj
[krabby:ro] [357/380] Building C object zephyr/kernel/CMakeFiles/kernel.dir/mem_slab.c.obj
[meliks:rw] [162/406] Building C object zephyr/drivers/gpio/CMakeFiles/drivers__gpio.dir/gpio_npcx.c.obj
[meliks:rw] [163/406] Linking C static library zephyr/drivers/gpio/libdrivers__gpio.a
[krabby:ro] [358/380] Building C object zephyr/kernel/CMakeFiles/kernel.dir/float.c.obj
[meliks:rw] [164/406] Building C object zephyr/drivers/i2c/CMakeFiles/drivers__i2c.dir/i2c_shell.c.obj
[krabby:ro] [359/380] Building C object zephyr/kernel/CMakeFiles/kernel.dir/idle.c.obj
[krabby:ro] [360/380] Building C object zephyr/kernel/CMakeFiles/kernel.dir/mailbox.c.obj
[meliks:rw] [165/406] Building C object zephyr/drivers/i2c/CMakeFiles/drivers__i2c.dir/i2c_npcx_controller.c.obj
[krabby:ro] [361/380] Building C object zephyr/kernel/CMakeFiles/kernel.dir/msg_q.c.obj
[krabby:ro] [362/380] Building C object zephyr/kernel/CMakeFiles/kernel.dir/queue.c.obj
[meliks:rw] [166/406] Building C object zephyr/drivers/sensor/CMakeFiles/drivers__sensor.dir/mnt/host/source/src/third_party/zephyr/main/misc/empty_file.c.obj
[krabby:ro] [363/380] Building C object zephyr/kernel/CMakeFiles/kernel.dir/mutex.c.obj
[meliks:rw] [167/406] Linking C static library zephyr/drivers/sensor/libdrivers__sensor.a
[krabby:ro] [364/380] Building C object zephyr/kernel/CMakeFiles/kernel.dir/stack.c.obj
[meliks:rw] [168/406] Building C object zephyr/drivers/pinctrl/CMakeFiles/drivers__pinctrl.dir/common.c.obj
[meliks:rw] [169/406] Building C object zephyr/drivers/i2c/CMakeFiles/drivers__i2c.dir/i2c_npcx_controller_fifo.c.obj
[krabby:ro] [365/380] Building C object zephyr/kernel/CMakeFiles/kernel.dir/sem.c.obj
[krabby:ro] [366/380] Building C object zephyr/kernel/CMakeFiles/kernel.dir/system_work_q.c.obj
[meliks:rw] [170/406] Building C object zephyr/drivers/i2c/CMakeFiles/drivers__i2c.dir/i2c_npcx_port.c.obj
[meliks:rw] [171/406] Building C object zephyr/drivers/pinctrl/CMakeFiles/drivers__pinctrl.dir/pinctrl_npcx.c.obj
[meliks:rw] [172/406] Linking C static library zephyr/drivers/i2c/libdrivers__i2c.a
[krabby:ro] [367/380] Building C object zephyr/kernel/CMakeFiles/kernel.dir/condvar.c.obj
[meliks:rw] [173/406] Linking C static library zephyr/drivers/pinctrl/libdrivers__pinctrl.a
[krabby:ro] [368/380] Building C object zephyr/kernel/CMakeFiles/kernel.dir/work.c.obj
[krabby:ro] [369/380] Building C object zephyr/kernel/CMakeFiles/kernel.dir/thread.c.obj
[krabby:ro] [370/380] Building C object zephyr/kernel/CMakeFiles/kernel.dir/pipe.c.obj
[krabby:ro] [371/380] Building C object zephyr/kernel/CMakeFiles/kernel.dir/spinlock_validate.c.obj
[krabby:ro] [372/380] Building C object zephyr/kernel/CMakeFiles/kernel.dir/sched.c.obj
[meliks:rw] [174/406] Building C object zephyr/drivers/syscon/CMakeFiles/drivers__syscon.dir/syscon.c.obj
[meliks:rw] [175/406] Building C object zephyr/drivers/sensor/nuvoton/nuvoton_adc_cmp_npcx/CMakeFiles/drivers__sensor__nuvoton__nuvoton_adc_cmp_npcx.dir/adc_cmp_npcx.c.obj
[meliks:rw] [176/406] Linking C static library zephyr/drivers/syscon/libdrivers__syscon.a
[meliks:rw] [177/406] Linking C static library zephyr/drivers/sensor/nuvoton/nuvoton_adc_cmp_npcx/libdrivers__sensor__nuvoton__nuvoton_adc_cmp_npcx.a
[krabby:ro] [373/380] Building C object zephyr/kernel/CMakeFiles/kernel.dir/thread_monitor.c.obj
[krabby:ro] [374/380] Building C object zephyr/kernel/CMakeFiles/kernel.dir/timeout.c.obj
[meliks:rw] [178/406] Building C object zephyr/drivers/serial/CMakeFiles/drivers__serial.dir/uart_npcx.c.obj
[krabby:ro] [375/380] Building C object zephyr/kernel/CMakeFiles/kernel.dir/timer.c.obj
[meliks:rw] [179/406] Linking C static library zephyr/drivers/serial/libdrivers__serial.a
[meliks:rw] [180/406] Building C object zephyr/drivers/timer/CMakeFiles/drivers__timer.dir/sys_clock_init.c.obj
[krabby:ro] [376/380] Building C object zephyr/kernel/CMakeFiles/kernel.dir/poll.c.obj
[meliks:rw] [181/406] Building C object zephyr/drivers/timer/CMakeFiles/drivers__timer.dir/npcx_itim_timer.c.obj
[krabby:ro] [377/380] Building C object zephyr/kernel/CMakeFiles/kernel.dir/events.c.obj
[krabby:ro] [378/380] Building C object zephyr/kernel/CMakeFiles/kernel.dir/dynamic_disabled.c.obj
[meliks:rw] [182/406] Linking C static library zephyr/drivers/timer/libdrivers__timer.a
[krabby:ro] [379/380] Building C object zephyr/kernel/CMakeFiles/kernel.dir/mempool.c.obj
Running (initial) lcov on /mnt/host/source/src/platform/ec/build/zephyr/jubilant.
[krabby:ro] [380/380] Linking C static library zephyr/kernel/libkernel.a
[meliks:rw] [183/406] Building C object zephyr/drivers/watchdog/CMakeFiles/drivers__watchdog.dir/wdt_npcx.c.obj
[meliks:rw] [184/406] Building C object zephyr/drivers/watchdog/CMakeFiles/drivers__watchdog.dir/wdt_shell.c.obj
Running `env -i PYTHONPATH=/usr/lib64/python-exec/python3.11:/mnt/host/source/src/platform/ec/zephyr/zmake:/usr/lib/python311.zip:/usr/lib/python3.11:/usr/lib/python3.11/lib-dynload:/usr/lib/python3.11/site-packages PW_PIGWEED_CIPD_INSTALL_DIR=/usr CROSTC_USER_ACKNOWLEDGES_THAT_RISCV_IS_EXPERIMENTAL=1 PATH=/mnt/host/source/chromite/bin:/usr/local/bin:/usr/bin:/bin:/opt/bin:/mnt/host/source/chromite/sdk/bin:/mnt/host/source/chromite/bin HOME=/home/jpmurphy JAVA_HOME=/etc/java-config-2/current-system-vm JDK_HOME=/etc/java-config-2/current-system-vm JAVAC=/etc/java-config-2/current-system-vm/bin/javac MAKEFLAGS=' -j16 --jobserver-auth=5,6' /usr/bin/lcov --gcov-tool /mnt/host/source/src/platform/ec/build/zephyr/jubilant/build-rw/gcov.sh -q -o - -c -d /mnt/host/source/src/platform/ec/build/zephyr/jubilant -t jubilant --rc branch_coverage=1 --filter range --ignore-errors inconsistent,source --ignore-errors gcov,gcov -i`
[meliks:rw] [185/406] Linking C static library zephyr/drivers/watchdog/libdrivers__watchdog.a
[meliks:rw] [186/406] Building C object modules/ec/zephyr/CMakeFiles/ec_shim.dir/app/ec/main_shim.c.obj
[meliks:rw] [187/406] Building C object modules/ec/zephyr/CMakeFiles/ec_shim.dir/app/ec/ec_app_main.c.obj
[meliks:rw] [188/406] Building C object modules/ec/zephyr/CMakeFiles/ec_shim.dir/drivers/cros_flash/cros_flash_npcx.c.obj
[meliks:rw] [189/406] Building C object modules/ec/zephyr/CMakeFiles/ec_shim.dir/shim/chip/npcx/rom_chip.c.obj
[meliks:rw] [190/406] Building C object modules/ec/zephyr/CMakeFiles/ec_shim.dir/drivers/vivaldi_kbd/vivaldi_kbd.c.obj
[meliks:rw] [191/406] Building C object modules/ec/zephyr/CMakeFiles/ec_shim.dir/shim/chip/npcx/clock.c.obj
[meliks:rw] [192/406] Building C object modules/ec/zephyr/CMakeFiles/ec_shim.dir/drivers/cros_system/cros_system_npcx.c.obj
[meliks:rw] [193/406] Building C object modules/ec/zephyr/CMakeFiles/ec_shim.dir/drivers/cros_kb_raw/cros_kb_raw_npcx.c.obj
[meliks:rw] [194/406] Building C object modules/ec/zephyr/CMakeFiles/ec_shim.dir/shim/src/crc.c.obj
[meliks:rw] [195/406] Building C object modules/ec/zephyr/CMakeFiles/ec_shim.dir/shim/chip/npcx/keyboard_raw.c.obj
[meliks:rw] [196/406] Building C object modules/ec/zephyr/CMakeFiles/ec_shim.dir/shim/chip/npcx/system.c.obj
[meliks:rw] [197/406] Building C object modules/ec/zephyr/CMakeFiles/ec_shim.dir/shim/chip/npcx/system_download_from_flash.c.obj
[/mnt/host/source/src/platform/ec/build/zephyr/jubilant-lcov] geninfo: WARNING: using JSON module "JSON::PP" - which is much slower than some alternatives.  Consider installing one of JSON::XS or Cpanel::JSON::XS
[meliks:rw] [198/406] Building C object modules/ec/zephyr/CMakeFiles/ec_shim.dir/shim/chip/npcx/system_external_storage.c.obj
[meliks:rw] [199/406] Building C object modules/ec/zephyr/CMakeFiles/ec_shim.dir/shim/chip/npcx/gpio.c.obj
[meliks:rw] [200/406] Building C object modules/ec/zephyr/CMakeFiles/ec_shim.dir/shim/chip/npcx/power_policy.c.obj
[meliks:rw] [201/406] Building C object modules/ec/zephyr/CMakeFiles/ec_shim.dir/shim/core/cortex-m/panic.c.obj
[/mnt/host/source/src/platform/ec/build/zephyr/felino-lcov]   /mnt/host/source/src/platform/ec/build/zephyr/felino/build-rw/zephyr/CMakeFiles/zephyr.dir/subsys/shell/modules/kernel_service/kernel_shell.c.gcno:no functions found
[/mnt/host/source/src/platform/ec/build/zephyr/felino-lcov] stderr:
[meliks:rw] [202/406] Building C object modules/ec/zephyr/CMakeFiles/ec_shim.dir/shim/core/cortex-m/mpu.c.obj
[meliks:rw] [203/406] Building ASM object modules/ec/zephyr/CMakeFiles/ec_shim.dir/shim/src/libgcc_arm.S.obj
[meliks:rw] [204/406] Building C object modules/ec/zephyr/CMakeFiles/ec_shim.dir/shim/src/gpio_int.c.obj
[meliks:rw] [205/406] Building C object modules/ec/zephyr/CMakeFiles/ec_shim.dir/shim/src/panic_utils.c.obj
[meliks:rw] [206/406] Building C object modules/ec/zephyr/CMakeFiles/ec_shim.dir/shim/src/gpio.c.obj
[/mnt/host/source/src/platform/ec/build/zephyr/mtlrvpp_mchp-lcov]   /mnt/host/source/src/platform/ec/build/zephyr/mtlrvpp_mchp/build-rw/CMakeFiles/app.dir/mnt/host/source/src/platform/ec/build/zephyr/mtlrvpp_mchp/modules/ec/common/cbi_config.c.gcno:no functions found
[/mnt/host/source/src/platform/ec/build/zephyr/mtlrvpp_mchp-lcov] stderr:
[meliks:rw] [207/406] Building C object modules/ec/zephyr/CMakeFiles/ec_shim.dir/shim/src/console.c.obj
[/mnt/host/source/src/platform/ec/build/zephyr/felino-lcov]   /mnt/host/source/src/platform/ec/build/zephyr/felino/build-rw/zephyr/CMakeFiles/zephyr.dir/lib/libc/validate_libc.c.gcno:no functions found
[/mnt/host/source/src/platform/ec/build/zephyr/felino-lcov] stderr:
[meliks:rw] [208/406] Building C object modules/ec/zephyr/CMakeFiles/ec_shim.dir/shim/src/pm_state.c.obj
[meliks:rw] [209/406] Building C object modules/ec/zephyr/CMakeFiles/ec_shim.dir/shim/src/cbi/cros_cbi.c.obj
[meliks:rw] [210/406] Building C object modules/ec/zephyr/CMakeFiles/ec_shim.dir/shim/src/cbi/cros_cbi_fw_config.c.obj
[meliks:rw] [211/406] Building C object modules/ec/zephyr/CMakeFiles/ec_shim.dir/shim/src/cbi/cbi_eeprom.c.obj
[meliks:rw] [212/406] Building C object modules/ec/zephyr/CMakeFiles/ec_shim.dir/shim/src/battery.c.obj
[meliks:rw] [213/406] Building C object modules/ec/zephyr/CMakeFiles/ec_shim.dir/shim/src/system.c.obj
[meliks:rw] [214/406] Building C object modules/ec/zephyr/CMakeFiles/ec_shim.dir/shim/src/adc.c.obj
[meliks:rw] [215/406] Building C object modules/ec/zephyr/CMakeFiles/ec_shim.dir/shim/src/chipset_api.c.obj
[meliks:rw] [216/406] Building C object modules/ec/zephyr/CMakeFiles/ec_shim.dir/shim/src/charger.c.obj
[meliks:rw] [217/406] Building C object modules/ec/zephyr/CMakeFiles/ec_shim.dir/shim/src/hooks.c.obj
[meliks:rw] [218/406] Building C object modules/ec/zephyr/CMakeFiles/ec_shim.dir/shim/src/espi.c.obj
[meliks:rw] [219/406] Building C object modules/ec/zephyr/CMakeFiles/ec_shim.dir/shim/src/flash.c.obj
[/mnt/host/source/src/platform/ec/build/zephyr/mtlrvpp_mchp-lcov]   /mnt/host/source/src/platform/ec/build/zephyr/mtlrvpp_mchp/build-rw/CMakeFiles/app.dir/src/intel_rvp_board_id.c.gcno:no functions found
[/mnt/host/source/src/platform/ec/build/zephyr/mtlrvpp_mchp-lcov] stderr:
[/mnt/host/source/src/platform/ec/build/zephyr/jubilant-lcov] stderr:
[meliks:rw] [220/406] Building C object modules/ec/zephyr/CMakeFiles/ec_shim.dir/shim/src/host_command.c.obj
[/mnt/host/source/src/platform/ec/build/zephyr/felino-lcov]   /mnt/host/source/src/platform/ec/build/zephyr/felino/build-rw/zephyr/CMakeFiles/zephyr.dir/lib/utils/last_section_id.c.gcno:no functions found
[/mnt/host/source/src/platform/ec/build/zephyr/felino-lcov] stderr:
[meliks:rw] [221/406] Building C object modules/ec/zephyr/CMakeFiles/ec_shim.dir/shim/src/keyboard_raw.c.obj
[meliks:rw] [222/406] Building C object modules/ec/zephyr/CMakeFiles/ec_shim.dir/shim/src/console_buffer.c.obj
[meliks:rw] [223/406] Building C object modules/ec/zephyr/CMakeFiles/ec_shim.dir/shim/src/mkbp_event.c.obj
[meliks:rw] [224/406] Building C object modules/ec/zephyr/CMakeFiles/ec_shim.dir/shim/src/panic.c.obj
[/mnt/host/source/src/platform/ec/build/zephyr/jubilant-lcov]   /mnt/host/source/src/platform/ec/build/zephyr/jubilant/build-ro/modules/ec/zephyr/CMakeFiles/ec_shim.dir/shim/src/thermal.c.gcno:no functions found
[/mnt/host/source/src/platform/ec/build/zephyr/jubilant-lcov] stderr:
[meliks:rw] [225/406] Building C object modules/ec/zephyr/CMakeFiles/ec_shim.dir/shim/src/thermal.c.obj
[meliks:rw] [226/406] Building C object modules/ec/zephyr/CMakeFiles/ec_shim.dir/shim/src/hwtimer.c.obj
[meliks:rw] [227/406] cd /mnt/host/source/src/platform/ec/build/zephyr/meliks/build-rw/modules/ec/zephyr && PYTHONPATH=/mnt/host/source/src/platform/ec/build/zephyr/meliks/modules/ec/zephyr/zmake/ /usr/bin/python3.11 /mnt/host/source/src/platform/ec/build/zephyr/meliks/modules/ec/zephyr/zmake/zephyr_build_tools/generate_ec_version.py /mnt/host/source/src/platform/ec/build/zephyr/meliks/build-rw/modules/ec/zephyr/include/ec_version.h --name Zephyr-Kernel --version 16543.0.0 --static
[meliks:rw] INFO:root:Using a static version string
[meliks:rw] INFO:root:Version string: Zephyr-Kernel-16543.0.0
[meliks:rw] INFO:root:Writing header to /mnt/host/source/src/platform/ec/build/zephyr/meliks/build-rw/modules/ec/zephyr/include/ec_version.h
[meliks:rw] [228/406] Building C object modules/ec/zephyr/CMakeFiles/ec_shim.dir/shim/src/motionsense_sensors.c.obj
[meliks:rw] [229/406] Building C object modules/ec/zephyr/CMakeFiles/ec_shim.dir/shim/src/temp_sensors.c.obj
[meliks:rw] [230/406] Building C object modules/ec/zephyr/CMakeFiles/ec_shim.dir/shim/src/i2c.c.obj
[/mnt/host/source/src/platform/ec/build/zephyr/jubilant-lcov]   /mnt/host/source/src/platform/ec/build/zephyr/jubilant/build-ro/modules/ec/zephyr/CMakeFiles/ec_shim.dir/shim/src/battery.c.gcno:no functions found
[/mnt/host/source/src/platform/ec/build/zephyr/jubilant-lcov] stderr:
[meliks:rw] [231/406] Building C object modules/ec/zephyr/CMakeFiles/ec_shim.dir/shim/src/watchdog.c.obj
[meliks:rw] [232/406] Building C object modules/ec/zephyr/CMakeFiles/ec_shim.dir/shim/src/tasks.c.obj
[meliks:rw] [233/406] Building C object modules/ec/zephyr/CMakeFiles/ec_shim.dir/shim/src/bc12.c.obj
[meliks:rw] [234/406] Building C object modules/ec/zephyr/CMakeFiles/ec_shim.dir/shim/src/bc12_pi3usb9201.c.obj
[meliks:rw] [235/406] Building C object modules/ec/zephyr/CMakeFiles/ec_shim.dir/shim/src/power_host_sleep_api.c.obj
[meliks:rw] [236/406] Building C object zephyr/kernel/CMakeFiles/kernel.dir/banner.c.obj
[meliks:rw] [237/406] Building C object zephyr/kernel/CMakeFiles/kernel.dir/main_weak.c.obj
[meliks:rw] [238/406] Building C object modules/ec/zephyr/CMakeFiles/ec_shim.dir/shim/src/usb_muxes.c.obj
[meliks:rw] [239/406] Building C object CMakeFiles/app.dir/mnt/host/source/src/platform/ec/zephyr/subsys/ap_pwrseq/ap_events.c.obj
[meliks:rw] [240/406] Building C object CMakeFiles/app.dir/mnt/host/source/src/platform/ec/zephyr/subsys/ap_pwrseq/ap_power_interface.c.obj
[/mnt/host/source/src/platform/ec/build/zephyr/jubilant-lcov]   /mnt/host/source/src/platform/ec/build/zephyr/jubilant/build-ro/modules/ec/zephyr/CMakeFiles/ec_shim.dir/shim/src/charger.c.gcno:no functions found
[/mnt/host/source/src/platform/ec/build/zephyr/jubilant-lcov] stderr:
[meliks:rw] [241/406] Building C object CMakeFiles/app.dir/mnt/host/source/src/platform/ec/zephyr/subsys/ap_pwrseq/power_signals.c.obj
[/mnt/host/source/src/platform/ec/build/zephyr/mtlrvpp_mchp-lcov]   /mnt/host/source/src/platform/ec/build/zephyr/mtlrvpp_mchp/build-rw/zephyr/arch/arch/arm/core/mpu/CMakeFiles/arch__arm__core__mpu.dir/arm_mpu_regions.c.gcno:no functions found
[/mnt/host/source/src/platform/ec/build/zephyr/mtlrvpp_mchp-lcov] stderr:
[meliks:rw] [242/406] Building C object CMakeFiles/app.dir/mnt/host/source/src/platform/ec/zephyr/subsys/ap_pwrseq/signal_gpio.c.obj
[meliks:rw] [243/406] Building C object CMakeFiles/app.dir/mnt/host/source/src/platform/ec/zephyr/subsys/ap_pwrseq/signal_adc.c.obj
[meliks:rw] [244/406] Building C object CMakeFiles/app.dir/mnt/host/source/src/platform/ec/zephyr/subsys/ap_pwrseq/signal_vw.c.obj
[meliks:rw] [245/406] Building C object CMakeFiles/app.dir/mnt/host/source/src/platform/ec/zephyr/subsys/ap_pwrseq/power_host_sleep.c.obj
[meliks:rw] [246/406] Building C object CMakeFiles/app.dir/mnt/host/source/src/platform/ec/zephyr/subsys/ap_pwrseq/x86_non_dsx_common_pwrseq_host_sleep.c.obj
[meliks:rw] [247/406] Building C object CMakeFiles/app.dir/mnt/host/source/src/platform/ec/zephyr/subsys/ap_pwrseq/x86_non_dsx_chipset_power_state.c.obj
[meliks:rw] [248/406] Building C object CMakeFiles/app.dir/mnt/host/source/src/platform/ec/zephyr/subsys/ap_pwrseq/x86_non_dsx_common_pwrseq_sm_handler.c.obj
[meliks:rw] [249/406] Building C object CMakeFiles/app.dir/mnt/host/source/src/platform/ec/zephyr/subsys/ap_pwrseq/x86_non_dsx_common_pwrseq_console.c.obj
[meliks:rw] [250/406] Building C object CMakeFiles/app.dir/mnt/host/source/src/platform/ec/zephyr/subsys/ap_pwrseq/x86_non_dsx_common_pwrseq_host_command.c.obj
[meliks:rw] [251/406] Building C object CMakeFiles/app.dir/mnt/host/source/src/platform/ec/zephyr/subsys/ap_pwrseq/ap_reset_log.c.obj
[meliks:rw] [252/406] Building C object CMakeFiles/app.dir/mnt/host/source/src/platform/ec/zephyr/subsys/ap_pwrseq/x86_non_dsx_adlp_pwrseq_sm.c.obj
[meliks:rw] [253/406] Building C object CMakeFiles/app.dir/mnt/host/source/src/platform/ec/build/zephyr/meliks/modules/ec/builtin/stdlib.c.obj
[meliks:rw] [254/406] Building C object CMakeFiles/app.dir/mnt/host/source/src/platform/ec/build/zephyr/meliks/modules/ec/common/base32.c.obj
[/mnt/host/source/src/platform/ec/build/zephyr/mtlrvpp_mchp-lcov]   /mnt/host/source/src/platform/ec/build/zephyr/mtlrvpp_mchp/build-rw/zephyr/arch/common/CMakeFiles/isr_tables.dir/isr_tables.c.gcno:no functions found
[/mnt/host/source/src/platform/ec/build/zephyr/mtlrvpp_mchp-lcov] stderr:
[meliks:rw] [255/406] Building C object CMakeFiles/app.dir/mnt/host/source/src/platform/ec/build/zephyr/meliks/modules/ec/common/console_output.c.obj
[meliks:rw] [256/406] Building C object CMakeFiles/app.dir/mnt/host/source/src/platform/ec/build/zephyr/meliks/modules/ec/common/gpio_commands.c.obj
[meliks:rw] [257/406] Building C object CMakeFiles/app.dir/mnt/host/source/src/platform/ec/build/zephyr/meliks/modules/ec/common/ec_features.c.obj
[meliks:rw] [258/406] Building C object CMakeFiles/app.dir/mnt/host/source/src/platform/ec/build/zephyr/meliks/modules/ec/common/peripheral.c.obj
[meliks:rw] [259/406] Building C object CMakeFiles/app.dir/mnt/host/source/src/platform/ec/build/zephyr/meliks/modules/ec/common/printf.c.obj
[meliks:rw] [260/406] Building C object CMakeFiles/app.dir/mnt/host/source/src/platform/ec/build/zephyr/meliks/modules/ec/common/queue.c.obj
[/mnt/host/source/src/platform/ec/build/zephyr/jubilant-lcov]   /mnt/host/source/src/platform/ec/build/zephyr/jubilant/build-ro/modules/ec/zephyr/CMakeFiles/ec_shim.dir/shim/src/usba.c.gcno:no functions found
[/mnt/host/source/src/platform/ec/build/zephyr/jubilant-lcov] stderr:
[meliks:rw] [261/406] Building C object CMakeFiles/app.dir/mnt/host/source/src/platform/ec/build/zephyr/meliks/modules/ec/common/system_boot_time.c.obj
[meliks:rw] [262/406] Building C object CMakeFiles/app.dir/mnt/host/source/src/platform/ec/build/zephyr/meliks/modules/ec/common/uart_printf.c.obj
[meliks:rw] [263/406] Building C object CMakeFiles/app.dir/mnt/host/source/src/platform/ec/build/zephyr/meliks/modules/ec/common/util.c.obj
[meliks:rw] [264/406] Building C object CMakeFiles/app.dir/mnt/host/source/src/platform/ec/build/zephyr/meliks/modules/ec/common/system.c.obj
[meliks:rw] [265/406] Building C object CMakeFiles/app.dir/mnt/host/source/src/platform/ec/build/zephyr/meliks/modules/ec/common/version.c.obj
[meliks:rw] [266/406] Building C object CMakeFiles/app.dir/mnt/host/source/src/platform/ec/build/zephyr/meliks/modules/ec/common/power_button_x86.c.obj
[meliks:rw] [267/406] Building C object CMakeFiles/app.dir/mnt/host/source/src/platform/ec/build/zephyr/meliks/modules/ec/driver/accel_lis2ds.c.obj
[meliks:rw] [268/406] Building C object CMakeFiles/app.dir/mnt/host/source/src/platform/ec/build/zephyr/meliks/modules/ec/common/motion_sense_fifo.c.obj
[meliks:rw] [269/406] Building C object CMakeFiles/app.dir/mnt/host/source/src/platform/ec/build/zephyr/meliks/modules/ec/driver/accel_lis2dw12.c.obj
[meliks:rw] [270/406] Building C object CMakeFiles/app.dir/mnt/host/source/src/platform/ec/build/zephyr/meliks/modules/ec/common/acpi.c.obj
[meliks:rw] [271/406] Building C object CMakeFiles/app.dir/mnt/host/source/src/platform/ec/build/zephyr/meliks/modules/ec/driver/accelgyro_lsm6dsm.c.obj
[meliks:rw] [272/406] Building C object CMakeFiles/app.dir/mnt/host/source/src/platform/ec/build/zephyr/meliks/modules/ec/common/adc.c.obj
[meliks:rw] [273/406] Building C object CMakeFiles/app.dir/mnt/host/source/src/platform/ec/build/zephyr/meliks/modules/ec/common/backlight_lid.c.obj
[meliks:rw] [274/406] Building C object CMakeFiles/app.dir/mnt/host/source/src/platform/ec/build/zephyr/meliks/modules/ec/common/battery_fuel_gauge.c.obj
[meliks:rw] [275/406] Building C object CMakeFiles/app.dir/mnt/host/source/src/platform/ec/build/zephyr/meliks/modules/ec/common/battery_info.c.obj
[meliks:rw] [276/406] Building C object CMakeFiles/app.dir/mnt/host/source/src/platform/ec/build/zephyr/meliks/modules/ec/driver/battery/smart.c.obj
[meliks:rw] [277/406] Building C object CMakeFiles/app.dir/mnt/host/source/src/platform/ec/build/zephyr/meliks/modules/ec/common/battery.c.obj
[meliks:rw] [278/406] Building C object CMakeFiles/app.dir/mnt/host/source/src/platform/ec/build/zephyr/meliks/modules/ec/driver/bc12/pi3usb9201.c.obj
[meliks:rw] [279/406] Building C object CMakeFiles/app.dir/mnt/host/source/src/platform/ec/build/zephyr/meliks/modules/ec/common/charger.c.obj
[meliks:rw] [280/406] Building C object CMakeFiles/app.dir/mnt/host/source/src/platform/ec/build/zephyr/meliks/modules/ec/common/cbi_common.c.obj
[meliks:rw] [281/406] Building C object CMakeFiles/app.dir/mnt/host/source/src/platform/ec/build/zephyr/meliks/modules/ec/driver/charger/isl923x.c.obj
[meliks:rw] [282/406] Building C object CMakeFiles/app.dir/mnt/host/source/src/platform/ec/build/zephyr/meliks/modules/ec/common/charge_state.c.obj
[meliks:rw] [283/406] Building C object CMakeFiles/app.dir/mnt/host/source/src/platform/ec/build/zephyr/meliks/modules/ec/common/cbi_config.c.obj
[meliks:rw] [284/406] Building C object CMakeFiles/app.dir/mnt/host/source/src/platform/ec/build/zephyr/meliks/modules/ec/common/ocpc.c.obj
[/mnt/host/source/src/platform/ec/build/zephyr/kodkod-lcov]   /mnt/host/source/src/platform/ec/build/zephyr/kodkod/build-rw/modules/ec/zephyr/CMakeFiles/ec_shim.dir/drivers/keyboard_input/keyboard_customization_check.c.gcno:no functions found
[/mnt/host/source/src/platform/ec/build/zephyr/kodkod-lcov] stderr:
[meliks:rw] [285/406] Building C object CMakeFiles/app.dir/mnt/host/source/src/platform/ec/build/zephyr/meliks/modules/ec/common/cbi.c.obj
[meliks:rw] [286/406] Building C object CMakeFiles/app.dir/mnt/host/source/src/platform/ec/build/zephyr/meliks/modules/ec/common/memory_commands.c.obj
[meliks:rw] [287/406] Building C object CMakeFiles/app.dir/mnt/host/source/src/platform/ec/build/zephyr/meliks/modules/ec/common/dptf.c.obj
[meliks:rw] [288/406] Building C object CMakeFiles/app.dir/mnt/host/source/src/platform/ec/build/zephyr/meliks/modules/ec/common/charge_manager.c.obj
[meliks:rw] [289/406] Building C object CMakeFiles/app.dir/mnt/host/source/src/platform/ec/build/zephyr/meliks/modules/ec/common/ap_reset_log.c.obj
[meliks:rw] [290/406] Building C object CMakeFiles/app.dir/mnt/host/source/src/platform/ec/build/zephyr/meliks/modules/ec/common/espi.c.obj
[meliks:rw] [291/406] Building C object CMakeFiles/app.dir/mnt/host/source/src/platform/ec/build/zephyr/meliks/modules/ec/common/extpower_common.c.obj
[meliks:rw] [292/406] Building C object CMakeFiles/app.dir/mnt/host/source/src/platform/ec/build/zephyr/meliks/modules/ec/common/host_command.c.obj
[meliks:rw] [293/406] Building C object CMakeFiles/app.dir/mnt/host/source/src/platform/ec/build/zephyr/meliks/modules/ec/common/uart_hostcmd.c.obj
[meliks:rw] [294/406] Building C object CMakeFiles/app.dir/mnt/host/source/src/platform/ec/build/zephyr/meliks/modules/ec/common/host_command_task.c.obj
[meliks:rw] [295/406] Building C object CMakeFiles/app.dir/mnt/host/source/src/platform/ec/build/zephyr/meliks/modules/ec/common/host_event_commands.c.obj
[/mnt/host/source/src/platform/ec/build/zephyr/mtlrvpp_mchp-lcov]   /mnt/host/source/src/platform/ec/build/zephyr/mtlrvpp_mchp/build-rw/zephyr/CMakeFiles/zephyr.dir/subsys/shell/modules/kernel_service/kernel_shell.c.gcno:no functions found
[/mnt/host/source/src/platform/ec/build/zephyr/mtlrvpp_mchp-lcov] stderr:
[meliks:rw] [296/406] Building C object CMakeFiles/app.dir/mnt/host/source/src/platform/ec/build/zephyr/meliks/modules/ec/common/flash.c.obj
[meliks:rw] [297/406] Building C object CMakeFiles/app.dir/mnt/host/source/src/platform/ec/build/zephyr/meliks/modules/ec/common/uptime.c.obj
[meliks:rw] [298/406] Building C object CMakeFiles/app.dir/mnt/host/source/src/platform/ec/build/zephyr/meliks/modules/ec/common/keyboard_8042.c.obj
[meliks:rw] [299/406] Building C object CMakeFiles/app.dir/mnt/host/source/src/platform/ec/build/zephyr/meliks/modules/ec/common/i2c_passthru.c.obj
[meliks:rw] [300/406] Building C object CMakeFiles/app.dir/mnt/host/source/src/platform/ec/build/zephyr/meliks/modules/ec/common/i2c_controller.c.obj
[/mnt/host/source/src/platform/ec/build/zephyr/mtlrvpp_mchp-lcov]   /mnt/host/source/src/platform/ec/build/zephyr/mtlrvpp_mchp/build-rw/zephyr/CMakeFiles/zephyr.dir/lib/libc/validate_libc.c.gcno:no functions found
[/mnt/host/source/src/platform/ec/build/zephyr/mtlrvpp_mchp-lcov] stderr:
[meliks:rw] [301/406] Building C object CMakeFiles/app.dir/mnt/host/source/src/platform/ec/build/zephyr/meliks/modules/ec/common/keyboard_scan.c.obj
[meliks:rw] [302/406] Building C object CMakeFiles/app.dir/mnt/host/source/src/platform/ec/build/zephyr/meliks/modules/ec/common/keyboard_8042_sharedlib.c.obj
[meliks:rw] [303/406] Building C object CMakeFiles/app.dir/mnt/host/source/src/platform/ec/build/zephyr/meliks/modules/ec/common/mkbp_fifo.c.obj
[meliks:rw] [304/406] Building C object CMakeFiles/app.dir/mnt/host/source/src/platform/ec/build/zephyr/meliks/modules/ec/common/mkbp_info.c.obj
[meliks:rw] [305/406] Building C object CMakeFiles/app.dir/mnt/host/source/src/platform/ec/build/zephyr/meliks/modules/ec/common/mkbp_input_devices.c.obj
[meliks:rw] [306/406] Building C object CMakeFiles/app.dir/mnt/host/source/src/platform/ec/build/zephyr/meliks/modules/ec/common/led_common.c.obj
[meliks:rw] [307/406] Building C object CMakeFiles/app.dir/mnt/host/source/src/platform/ec/build/zephyr/meliks/modules/ec/common/motion_lid.c.obj
[meliks:rw] [308/406] Building C object CMakeFiles/app.dir/mnt/host/source/src/platform/ec/build/zephyr/meliks/modules/ec/common/led_onoff_states.c.obj
[meliks:rw] [309/406] Building C object CMakeFiles/app.dir/mnt/host/source/src/platform/ec/build/zephyr/meliks/modules/ec/common/lid_angle.c.obj
[meliks:rw] [310/406] Building C object CMakeFiles/app.dir/mnt/host/source/src/platform/ec/build/zephyr/meliks/modules/ec/common/lid_angle_keyboard_policy.c.obj
[meliks:rw] [311/406] Building C object CMakeFiles/app.dir/mnt/host/source/src/platform/ec/build/zephyr/meliks/modules/ec/common/mkbp_event.c.obj
[meliks:rw] [312/406] Building C object CMakeFiles/app.dir/mnt/host/source/src/platform/ec/build/zephyr/meliks/modules/ec/driver/mp2964.c.obj
[meliks:rw] [313/406] Building C object CMakeFiles/app.dir/mnt/host/source/src/platform/ec/build/zephyr/meliks/modules/ec/common/lid_switch.c.obj
[meliks:rw] [314/406] Building C object CMakeFiles/app.dir/mnt/host/source/src/platform/ec/build/zephyr/meliks/modules/ec/common/port80.c.obj
[meliks:rw] [315/406] Building C object CMakeFiles/app.dir/mnt/host/source/src/platform/ec/build/zephyr/meliks/modules/ec/common/motion_sense.c.obj
[meliks:rw] [316/406] Building C object CMakeFiles/app.dir/mnt/host/source/src/platform/ec/build/zephyr/meliks/modules/ec/common/sha256.c.obj
[meliks:rw] [317/406] Building C object CMakeFiles/app.dir/mnt/host/source/src/platform/ec/build/zephyr/meliks/modules/ec/common/power_button.c.obj
[meliks:rw] [318/406] Building C object CMakeFiles/app.dir/mnt/host/source/src/platform/ec/build/zephyr/meliks/modules/ec/power/hibernate.c.obj
[meliks:rw] [319/406] Building C object CMakeFiles/app.dir/mnt/host/source/src/platform/ec/build/zephyr/meliks/modules/ec/common/panic_output.c.obj
[meliks:rw] [320/406] Building C object CMakeFiles/app.dir/mnt/host/source/src/platform/ec/build/zephyr/meliks/modules/ec/common/switch.c.obj
[meliks:rw] [321/406] Building C object CMakeFiles/app.dir/mnt/host/source/src/platform/ec/build/zephyr/meliks/modules/ec/driver/stm_mems_common.c.obj
[meliks:rw] [322/406] Building C object CMakeFiles/app.dir/mnt/host/source/src/platform/ec/build/zephyr/meliks/modules/ec/common/spi_flash_reg.c.obj
[meliks:rw] [323/406] Building C object CMakeFiles/app.dir/mnt/host/source/src/platform/ec/build/zephyr/meliks/modules/ec/common/tablet_mode.c.obj
[meliks:rw] [324/406] Building C object CMakeFiles/app.dir/mnt/host/source/src/platform/ec/build/zephyr/meliks/modules/ec/common/temp_sensor.c.obj
[meliks:rw] [325/406] Building C object CMakeFiles/app.dir/mnt/host/source/src/platform/ec/build/zephyr/meliks/modules/ec/common/shared_mem.c.obj
[meliks:rw] [326/406] Building C object CMakeFiles/app.dir/mnt/host/source/src/platform/ec/build/zephyr/meliks/modules/ec/common/throttle_ap.c.obj
[meliks:rw] [327/406] Building C object CMakeFiles/app.dir/mnt/host/source/src/platform/ec/build/zephyr/meliks/modules/ec/common/thermal.c.obj
[meliks:rw] [328/406] Building C object CMakeFiles/app.dir/mnt/host/source/src/platform/ec/build/zephyr/meliks/modules/ec/driver/temp_sensor/thermistor.c.obj
[meliks:rw] [329/406] Building C object CMakeFiles/app.dir/mnt/host/source/src/platform/ec/build/zephyr/meliks/modules/ec/common/usb_charger.c.obj
[meliks:rw] [330/406] Building C object CMakeFiles/app.dir/mnt/host/source/src/platform/ec/build/zephyr/meliks/modules/ec/common/timer.c.obj
[meliks:rw] [331/406] Building C object CMakeFiles/app.dir/mnt/host/source/src/platform/ec/build/zephyr/meliks/modules/ec/common/usbc/usb_pd_timer.c.obj
[meliks:rw] [332/406] Building C object CMakeFiles/app.dir/mnt/host/source/src/platform/ec/build/zephyr/meliks/modules/ec/common/usbc/usbc_task.c.obj
[meliks:rw] [333/406] Building C object CMakeFiles/app.dir/mnt/host/source/src/platform/ec/build/zephyr/meliks/modules/ec/common/typec_control.c.obj
[meliks:rw] [334/406] Building C object CMakeFiles/app.dir/mnt/host/source/src/platform/ec/build/zephyr/meliks/modules/ec/common/usbc/usb_sm.c.obj
[meliks:rw] [335/406] Building C object CMakeFiles/app.dir/mnt/host/source/src/platform/ec/build/zephyr/meliks/modules/ec/common/usbc_intr_task.c.obj
[meliks:rw] [336/406] Building C object CMakeFiles/app.dir/mnt/host/source/src/platform/ec/build/zephyr/meliks/modules/ec/common/usb_common.c.obj
[meliks:rw] [337/406] Building C object CMakeFiles/app.dir/mnt/host/source/src/platform/ec/build/zephyr/meliks/modules/ec/common/usb_pd_pdo.c.obj
[meliks:rw] [338/406] Building C object CMakeFiles/app.dir/mnt/host/source/src/platform/ec/build/zephyr/meliks/modules/ec/common/usb_pd_flags.c.obj
[meliks:rw] [339/406] Building C object CMakeFiles/app.dir/mnt/host/source/src/platform/ec/build/zephyr/meliks/modules/ec/common/usbc_utils.c.obj
[meliks:rw] [340/406] Building C object CMakeFiles/app.dir/mnt/host/source/src/platform/ec/build/zephyr/meliks/modules/ec/common/chargen.c.obj
[meliks:rw] [341/406] Building C object CMakeFiles/app.dir/mnt/host/source/src/platform/ec/build/zephyr/meliks/modules/ec/driver/retimer/anx7483.c.obj
[meliks:rw] [342/406] Building C object CMakeFiles/app.dir/mnt/host/source/src/platform/ec/build/zephyr/meliks/modules/ec/common/usbc/usb_pd_console.c.obj
[meliks:rw] [343/406] Building C object CMakeFiles/app.dir/mnt/host/source/src/platform/ec/build/zephyr/meliks/modules/ec/driver/usb_mux/virtual.c.obj
[meliks:rw] [344/406] Building C object CMakeFiles/app.dir/mnt/host/source/src/platform/ec/build/zephyr/meliks/modules/ec/driver/usb_mux/usb_mux.c.obj
[meliks:rw] [345/406] Building C object CMakeFiles/app.dir/mnt/host/source/src/platform/ec/build/zephyr/meliks/modules/ec/common/usbc/usb_prl_sm.c.obj
[meliks:rw] [346/406] Building C object CMakeFiles/app.dir/mnt/host/source/src/platform/ec/build/zephyr/meliks/modules/ec/common/usbc/usbc_pd_policy.c.obj
[/mnt/host/source/src/platform/ec/build/zephyr/felino-lcov]   /mnt/host/source/src/platform/ec/build/zephyr/felino/build-rw/zephyr/CMakeFiles/zephyr.dir/soc/ite/ec/it8xxx2/check_regs.c.gcno:no functions found
[/mnt/host/source/src/platform/ec/build/zephyr/felino-lcov] stderr:
[meliks:rw] [347/406] Building C object CMakeFiles/app.dir/mnt/host/source/src/platform/ec/build/zephyr/meliks/modules/ec/common/usbc/usb_tc_drp_acc_trysrc_sm.c.obj
[meliks:rw] [348/406] Building C object CMakeFiles/app.dir/mnt/host/source/src/platform/ec/build/zephyr/meliks/modules/ec/common/usbc/dp_alt_mode.c.obj
[meliks:rw] [349/406] Building C object CMakeFiles/app.dir/mnt/host/source/src/platform/ec/build/zephyr/meliks/modules/ec/common/usbc/usb_pd_dpm.c.obj
[meliks:rw] [350/406] Building C object CMakeFiles/app.dir/mnt/host/source/src/platform/ec/build/zephyr/meliks/modules/ec/common/usb_pd_console_cmd.c.obj
[meliks:rw] [351/406] Building C object CMakeFiles/app.dir/mnt/host/source/src/platform/ec/build/zephyr/meliks/modules/ec/common/usb_pd_host_cmd.c.obj
[meliks:rw] [352/406] Building C object CMakeFiles/app.dir/mnt/host/source/src/platform/ec/build/zephyr/meliks/modules/ec/common/usbc/usb_pd_host.c.obj
[meliks:rw] [353/406] Building C object CMakeFiles/app.dir/mnt/host/source/src/platform/ec/build/zephyr/meliks/modules/ec/common/usbc/usb_pe_drp_sm.c.obj
[meliks:rw] [354/406] Building C object CMakeFiles/app.dir/mnt/host/source/src/platform/ec/build/zephyr/meliks/modules/ec/zephyr/shim/src/tcpc.c.obj
[meliks:rw] [355/406] Building C object CMakeFiles/app.dir/mnt/host/source/src/platform/ec/build/zephyr/meliks/modules/ec/common/usbc/svdm_rsp_dfp_only.c.obj
[meliks:rw] [356/406] Building C object CMakeFiles/app.dir/mnt/host/source/src/platform/ec/build/zephyr/meliks/modules/ec/common/usb_pd_host_cmd_common.c.obj
[meliks:rw] [357/406] Building C object CMakeFiles/app.dir/mnt/host/source/src/platform/ec/build/zephyr/meliks/modules/ec/common/usbc_ocp.c.obj
[meliks:rw] [358/406] Building C object CMakeFiles/app.dir/mnt/host/source/src/platform/ec/build/zephyr/meliks/modules/ec/common/usb_pd_discovery.c.obj
[meliks:rw] [359/406] Building C object CMakeFiles/app.dir/mnt/host/source/src/platform/ec/build/zephyr/meliks/modules/ec/common/usb_pd_dual_role.c.obj
[meliks:rw] [360/406] Building C object CMakeFiles/app.dir/mnt/host/source/src/platform/ec/build/zephyr/meliks/modules/ec/driver/tcpm/raa489000.c.obj
[meliks:rw] [361/406] Building C object CMakeFiles/app.dir/mnt/host/source/src/platform/ec/build/zephyr/meliks/modules/ec/driver/tcpm/tcpci.c.obj
[meliks:rw] [362/406] Building C object CMakeFiles/app.dir/mnt/host/source/src/platform/ec/build/zephyr/meliks/modules/ec/common/button.c.obj
[meliks:rw] [363/406] Building C object CMakeFiles/app.dir/mnt/host/source/src/platform/ec/build/zephyr/meliks/modules/ec/common/math_util.c.obj
[meliks:rw] [364/406] Building C object CMakeFiles/app.dir/mnt/host/source/src/platform/ec/build/zephyr/meliks/modules/ec/common/vstore.c.obj
[meliks:rw] [365/406] Building C object CMakeFiles/app.dir/mnt/host/source/src/platform/ec/build/zephyr/meliks/modules/ec/common/vboot_hash.c.obj
[meliks:rw] [366/406] Building C object CMakeFiles/app.dir/mnt/host/source/src/platform/ec/build/zephyr/meliks/modules/ec/common/vboot/efs2.c.obj
[meliks:rw] [367/406] Linking C static library modules/ec/zephyr/libec_shim.a
[meliks:rw] [368/406] Building C object CMakeFiles/app.dir/src/common.c.obj
[meliks:rw] [369/406] Building C object CMakeFiles/app.dir/src/sub_board.c.obj
[meliks:rw] [370/406] Building C object CMakeFiles/app.dir/src/board_power.c.obj
[/mnt/host/source/src/platform/ec/build/zephyr/kodkod-lcov]   /mnt/host/source/src/platform/ec/build/zephyr/kodkod/build-rw/CMakeFiles/app.dir/mnt/host/source/src/platform/ec/build/zephyr/kodkod/modules/ec/common/cbi_config.c.gcno:no functions found
[/mnt/host/source/src/platform/ec/build/zephyr/kodkod-lcov] stderr:
[meliks:rw] [371/406] Building C object CMakeFiles/app.dir/meliks/src/led.c.obj
[meliks:rw] [372/406] Building C object CMakeFiles/app.dir/meliks/src/battery.c.obj
[meliks:rw] [373/406] Building C object zephyr/kernel/CMakeFiles/kernel.dir/errno.c.obj
[meliks:rw] [374/406] Building C object CMakeFiles/app.dir/meliks/src/usbc.c.obj
[/mnt/host/source/src/platform/ec/build/zephyr/felino-lcov]   /mnt/host/source/src/platform/ec/build/zephyr/felino/build-rw/zephyr/drivers/sensor/CMakeFiles/drivers__sensor.dir/mnt/host/source/src/third_party/zephyr/main/misc/empty_file.c.gcno:no functions found
[/mnt/host/source/src/platform/ec/build/zephyr/felino-lcov] stderr:
[meliks:rw] [375/406] Building C object zephyr/kernel/CMakeFiles/kernel.dir/busy_wait.c.obj
[meliks:rw] [376/406] Building C object zephyr/kernel/CMakeFiles/kernel.dir/version.c.obj
[meliks:rw] [377/406] Building C object zephyr/kernel/CMakeFiles/kernel.dir/fatal.c.obj
[meliks:rw] [378/406] Building C object CMakeFiles/app.dir/meliks/src/board.c.obj
[meliks:rw] [379/406] Building C object zephyr/kernel/CMakeFiles/kernel.dir/device.c.obj
[meliks:rw] [380/406] Building C object zephyr/kernel/CMakeFiles/kernel.dir/init.c.obj
[meliks:rw] [381/406] Building C object CMakeFiles/app.dir/meliks/src/charger.c.obj
[meliks:rw] [382/406] Building C object zephyr/kernel/CMakeFiles/kernel.dir/mem_slab.c.obj
[meliks:rw] [383/406] Building C object zephyr/kernel/CMakeFiles/kernel.dir/kheap.c.obj
[meliks:rw] [384/406] Linking C static library app/libapp.a
[meliks:rw] [385/406] Building C object zephyr/kernel/CMakeFiles/kernel.dir/float.c.obj
[meliks:rw] [386/406] Building C object zephyr/kernel/CMakeFiles/kernel.dir/idle.c.obj
[meliks:rw] [387/406] Building C object zephyr/kernel/CMakeFiles/kernel.dir/mailbox.c.obj
[/mnt/host/source/src/platform/ec/build/zephyr/kodkod-lcov]   /mnt/host/source/src/platform/ec/build/zephyr/kodkod/build-rw/zephyr/arch/common/CMakeFiles/isr_tables.dir/isr_tables.c.gcno:no functions found
[/mnt/host/source/src/platform/ec/build/zephyr/kodkod-lcov] stderr:
[meliks:rw] [388/406] Building C object zephyr/kernel/CMakeFiles/kernel.dir/sem.c.obj
[meliks:rw] [389/406] Building C object zephyr/kernel/CMakeFiles/kernel.dir/mutex.c.obj
[meliks:rw] [390/406] Building C object zephyr/kernel/CMakeFiles/kernel.dir/stack.c.obj
[meliks:rw] [391/406] Building C object zephyr/kernel/CMakeFiles/kernel.dir/msg_q.c.obj
[meliks:rw] [392/406] Building C object zephyr/kernel/CMakeFiles/kernel.dir/queue.c.obj
[meliks:rw] [393/406] Building C object zephyr/kernel/CMakeFiles/kernel.dir/system_work_q.c.obj
[meliks:rw] [394/406] Building C object zephyr/kernel/CMakeFiles/kernel.dir/condvar.c.obj
Running (initial) lcov on /mnt/host/source/src/platform/ec/build/zephyr/krabby.
[meliks:rw] [395/406] Building C object zephyr/kernel/CMakeFiles/kernel.dir/thread.c.obj
[/mnt/host/source/src/platform/ec/build/zephyr/jubilant-lcov]   /mnt/host/source/src/platform/ec/build/zephyr/jubilant/build-ro/modules/ec/zephyr/CMakeFiles/ec_shim.dir/drivers/keyboard_input/keyboard_customization_check.c.gcno:no functions found
[/mnt/host/source/src/platform/ec/build/zephyr/jubilant-lcov] stderr:
Running (initial) lcov on /mnt/host/source/src/platform/ec/build/zephyr/uldrenite-ish.
[meliks:rw] [396/406] Building C object zephyr/kernel/CMakeFiles/kernel.dir/work.c.obj
[meliks:ro] Building: /usr/bin/ninja -C /mnt/host/source/src/platform/ec/build/zephyr/meliks/build-ro all.libraries
Running `env -i SHELL=/bin/bash COLORTERM=truecolor DEPOT_TOOLS_UPDATE=0 LESS='-R -M --shift 5' SUDO_GID=0 JDK_HOME=/etc/java-config-2/current-system-vm CONFIG_PROTECT_MASK='/etc/gentoo-release /etc/sandbox.d /etc/fonts/fonts.conf /etc/terminfo /etc/ca-certificates.conf /etc/revdep-rebuild' CHROMEOS_CACHEDIR=/var/cache/chromeos-cache JAVA_HOME=/etc/java-config-2/current-system-vm SSH_AUTH_SOCK=/tmp/ssh-auth-sock SUDO_COMMAND=/bin/bash SUDO_USER=root SUDO_TTY=/dev/pts/2 EDITOR=/usr/bin/vi PWD=/mnt/host/source/src/platform/ec CONFIG_PROTECT=/usr/share/gnupg/qualified.txt LOGNAME=jpmurphy MANPATH=/etc/java-config-2/current-system-vm/man:/usr/local/share/man:/usr/share/man:/usr/share/gcc-data/x86_64-pc-linux-gnu/10.2.0/man:/usr/share/binutils-data/x86_64-pc-linux-gnu/2.45/man:/etc/java-config-2/current-system-vm/man/ SUDO_HOME=/root XAUTHORITY=/run/user/944457/gdm/Xauthority HOME=/home/jpmurphy LANG=C.UTF-8 LS_COLORS='rs=0:di=01;34:ln=01;36:mh=00:pi=40;33:so=01;35:do=01;35:bd=40;33;01:cd=40;33;01:or=01;05;37;41:mi=01;05;37;41:su=37;41:sg=30;43:ca=30;41:tw=30;42:ow=34;42:st=37;44:ex=01;32:*.tar=01;31:*.tgz=01;31:*.arc=01;31:*.arj=01;31:*.taz=01;31:*.lha=01;31:*.lz4=01;31:*.lzh=01;31:*.lzma=01;31:*.tlz=01;31:*.txz=01;31:*.tzo=01;31:*.t7z=01;31:*.zip=01;31:*.z=01;31:*.dz=01;31:*.gz=01;31:*.lrz=01;31:*.lz=01;31:*.lzo=01;31:*.xz=01;31:*.zst=01;31:*.tzst=01;31:*.bz2=01;31:*.bz=01;31:*.tbz=01;31:*.tbz2=01;31:*.tz=01;31:*.deb=01;31:*.rpm=01;31:*.jar=01;31:*.war=01;31:*.ear=01;31:*.sar=01;31:*.rar=01;31:*.alz=01;31:*.ace=01;31:*.zoo=01;31:*.cpio=01;31:*.7z=01;31:*.rz=01;31:*.cab=01;31:*.wim=01;31:*.swm=01;31:*.dwm=01;31:*.esd=01;31:*.jpg=01;35:*.jpeg=01;35:*.mjpg=01;35:*.mjpeg=01;35:*.gif=01;35:*.bmp=01;35:*.pbm=01;35:*.pgm=01;35:*.ppm=01;35:*.tga=01;35:*.xbm=01;35:*.xpm=01;35:*.tif=01;35:*.tiff=01;35:*.png=01;35:*.svg=01;35:*.svgz=01;35:*.mng=01;35:*.pcx=01;35:*.mov=01;35:*.mpg=01;35:*.mpeg=01;35:*.m2v=01;35:*.mkv=01;35:*.webm=01;35:*.webp=01;35:*.ogm=01;35:*.mp4=01;35:*.m4v=01;35:*.mp4v=01;35:*.vob=01;35:*.qt=01;35:*.nuv=01;35:*.wmv=01;35:*.asf=01;35:*.rm=01;35:*.rmvb=01;35:*.flc=01;35:*.avi=01;35:*.fli=01;35:*.flv=01;35:*.gl=01;35:*.dl=01;35:*.xcf=01;35:*.xwd=01;35:*.yuv=01;35:*.cgm=01;35:*.emf=01;35:*.ogv=01;35:*.ogx=01;35:*.cfg=00;32:*.conf=00;32:*.diff=00;32:*.doc=00;32:*.ini=00;32:*.log=00;32:*.patch=00;32:*.pdf=00;32:*.ps=00;32:*.tex=00;32:*.txt=00;32:*.aac=00;36:*.au=00;36:*.flac=00;36:*.m4a=00;36:*.mid=00;36:*.midi=00;36:*.mka=00;36:*.mp3=00;36:*.mpc=00;36:*.ogg=00;36:*.ra=00;36:*.wav=00;36:*.oga=00;36:*.opus=00;36:*.spx=00;36:*.xspf=00;36:' XDG_CURRENT_DESKTOP=GNOME INFOPATH=/usr/share/info:/usr/share/gcc-data/x86_64-pc-linux-gnu/10.2.0/info:/usr/share/binutils-data/x86_64-pc-linux-gnu/2.45/info:/usr/share/automake-1.16.5/info JAVAC=/etc/java-config-2/current-system-vm/bin/javac TERM=xterm-256color LESSOPEN='|lesspipe %s' USER=jpmurphy CROS_WORKON_SRCROOT=/mnt/host/source MANPAGER=manpager DISPLAY=:1 SHLVL=1 LC_MESSAGES=C EXTERNAL_TRUNK_PATH=/mnt/8f9d649a-3721-44cc-93c0-e6bd21a9689f/chromiumos GCC_SPECS='' PATH=/mnt/host/source/chromite/bin:/usr/local/bin:/usr/bin:/bin:/opt/bin:/mnt/host/source/chromite/sdk/bin:/mnt/host/source/chromite/bin PORTAGE_USERNAME=jpmurphy SUDO_UID=0 GCC_VER=10.2.0 MAIL=/var/mail/jpmurphy OLDPWD=/mnt/host/source/src/scripts traceparent=00-e87aca51550a78635907baa6a2476181-6d684811675d2973-01 _=./zephyr/firmware_builder.py COREBOOT_SDK_ROOT_x86=/home/jpmurphy/.cache/coreboot-sdk/i386-elf/dfbb0486385d938cfa9d73080b9d18d598ed4f49 COREBOOT_SDK_ROOT_picolibc_x86=/home/jpmurphy/.cache/coreboot-sdk/picolibc-i386-elf/eb8e8e687b95461de8cbf278f1c2076952d0ad17 COREBOOT_SDK_ROOT_riscv64=/home/jpmurphy/.cache/coreboot-sdk/riscv64-elf/96b949749225b6aaa92ed810ab769e8dfb12f000 COREBOOT_SDK_ROOT_picolibc_arm=/home/jpmurphy/.cache/coreboot-sdk/picolibc-arm-eabi/422a2aa3e1ef891b5bece9a3deb696ff83840d2e COREBOOT_SDK_ROOT_nds32=/home/jpmurphy/.cache/coreboot-sdk/nds32le-elf/d1a518c4a097666d86058e1444f85ca015d15511 COREBOOT_SDK_ROOT_picolibc_riscv64=/home/jpmurphy/.cache/coreboot-sdk/picolibc-riscv64-elf/f571e990ef0278564b31124f8bb109d9a697eb69 COREBOOT_SDK_ROOT_arm=/home/jpmurphy/.cache/coreboot-sdk/arm-eabi/ea40ddd1d190c3b48435c474c0b545719371813a COREBOOT_SDK_ROOT_libstdcxx_riscv64=/home/jpmurphy/.cache/coreboot-sdk/libstdcxx-riscv64-elf/17abf22a3a252e2d5d2062ced5324f7a623689e0 COREBOOT_SDK_ROOT_libstdcxx_arm=/home/jpmurphy/.cache/coreboot-sdk/libstdcxx-arm-eabi/5d7d82e150e44aa1968f1d366e267e6687b328ac COREBOOT_SDK_ROOT_riscv=/home/jpmurphy/.cache/coreboot-sdk/riscv-elf/9a27b9e82341c6e9126624f516ab3f261abb3e73 COREBOOT_SDK_ROOT_libstdcxx_x86=/home/jpmurphy/.cache/coreboot-sdk/libstdcxx-i386-elf/42ef9d2e87a76a37963175d7d428734e65648b87 PYTHONPATH=/mnt/host/source/src/platform/ec/zephyr/zmake PW_PIGWEED_CIPD_INSTALL_DIR=/usr CROSTC_USER_ACKNOWLEDGES_THAT_RISCV_IS_EXPERIMENTAL=1 MAKEFLAGS=' -j16 --jobserver-auth=5,6' /usr/bin/ninja -C /mnt/host/source/src/platform/ec/build/zephyr/meliks/build-ro all.libraries`
[meliks:rw] [397/406] Building C object zephyr/kernel/CMakeFiles/kernel.dir/pipe.c.obj
[meliks:ro] ninja: Entering directory `/mnt/host/source/src/platform/ec/build/zephyr/meliks/build-ro'
Toolchain <zmake.toolchains.CorebootSdkToolchain object at 0x7f412047eb50> selected by probe function.
[sundance] Building in /mnt/host/source/src/platform/ec/build/zephyr/sundance.
Toolchain <zmake.toolchains.CorebootSdkToolchain object at 0x7f412047fdd0> selected by probe function.
[chinchou] Building in /mnt/host/source/src/platform/ec/build/zephyr/chinchou.
[meliks:rw] [398/406] Building C object zephyr/kernel/CMakeFiles/kernel.dir/timeout.c.obj
[sundance:ro] Configuring.
Running `env -i PYTHONPATH=/usr/lib64/python-exec/python3.11:/mnt/host/source/src/platform/ec/zephyr/zmake:/usr/lib/python311.zip:/usr/lib/python3.11:/usr/lib/python3.11/lib-dynload:/usr/lib/python3.11/site-packages PW_PIGWEED_CIPD_INSTALL_DIR=/usr CROSTC_USER_ACKNOWLEDGES_THAT_RISCV_IS_EXPERIMENTAL=1 PATH=/mnt/host/source/chromite/bin:/usr/local/bin:/usr/bin:/bin:/opt/bin:/mnt/host/source/chromite/sdk/bin:/mnt/host/source/chromite/bin HOME=/home/jpmurphy JAVA_HOME=/etc/java-config-2/current-system-vm JDK_HOME=/etc/java-config-2/current-system-vm JAVAC=/etc/java-config-2/current-system-vm/bin/javac MAKEFLAGS=' -j16 --jobserver-auth=5,6' /usr/bin/cmake -S /mnt/host/source/src/platform/ec/zephyr/program/nissa -B /mnt/host/source/src/platform/ec/build/zephyr/sundance/build-ro -GNinja -DCMAKE_EXPORT_COMPILE_COMMANDS=ON -DZEPHYR_BASE=/mnt/host/source/src/third_party/zephyr/main -DZMAKE_INCLUDE_DIR=/mnt/host/source/src/platform/ec/build/zephyr/sundance/include -DPython3_EXECUTABLE=/usr/bin/python3.11 -DDTS_ROOT=/mnt/host/source/src/platform/ec/zephyr -DSYSCALL_INCLUDE_DIRS=/mnt/host/source/src/platform/ec/zephyr/include/drivers -DUSER_CACHE_DIR=/mnt/host/source/src/platform/ec/build/zephyr/user-cache '-DEXTRA_EC_VERSION_FLAGS=--version 16543.0.0 --static' -DTOOLCHAIN_ROOT=/mnt/host/source/src/platform/ec/zephyr -DCOREBOOT_SDK_ROOT_x86=/home/jpmurphy/.cache/coreboot-sdk/i386-elf/dfbb0486385d938cfa9d73080b9d18d598ed4f49 -DCOREBOOT_SDK_ROOT_picolibc_x86=/home/jpmurphy/.cache/coreboot-sdk/picolibc-i386-elf/eb8e8e687b95461de8cbf278f1c2076952d0ad17 -DCOREBOOT_SDK_ROOT_riscv64=/home/jpmurphy/.cache/coreboot-sdk/riscv64-elf/96b949749225b6aaa92ed810ab769e8dfb12f000 -DCOREBOOT_SDK_ROOT_picolibc_arm=/home/jpmurphy/.cache/coreboot-sdk/picolibc-arm-eabi/422a2aa3e1ef891b5bece9a3deb696ff83840d2e -DCOREBOOT_SDK_ROOT_nds32=/home/jpmurphy/.cache/coreboot-sdk/nds32le-elf/d1a518c4a097666d86058e1444f85ca015d15511 -DCOREBOOT_SDK_ROOT_picolibc_riscv64=/home/jpmurphy/.cache/coreboot-sdk/picolibc-riscv64-elf/f571e990ef0278564b31124f8bb109d9a697eb69 -DCOREBOOT_SDK_ROOT_arm=/home/jpmurphy/.cache/coreboot-sdk/arm-eabi/ea40ddd1d190c3b48435c474c0b545719371813a -DCOREBOOT_SDK_ROOT_libstdcxx_riscv64=/home/jpmurphy/.cache/coreboot-sdk/libstdcxx-riscv64-elf/17abf22a3a252e2d5d2062ced5324f7a623689e0 -DCOREBOOT_SDK_ROOT_libstdcxx_arm=/home/jpmurphy/.cache/coreboot-sdk/libstdcxx-arm-eabi/5d7d82e150e44aa1968f1d366e267e6687b328ac -DCOREBOOT_SDK_ROOT_riscv=/home/jpmurphy/.cache/coreboot-sdk/riscv-elf/9a27b9e82341c6e9126624f516ab3f261abb3e73 -DCOREBOOT_SDK_ROOT_libstdcxx_x86=/home/jpmurphy/.cache/coreboot-sdk/libstdcxx-i386-elf/42ef9d2e87a76a37963175d7d428734e65648b87 -DZEPHYR_TOOLCHAIN_VARIANT=coreboot-sdk '-DZEPHYR_MODULES=/mnt/host/source/src/platform/ec/build/zephyr/sundance/modules/cmsis;/mnt/host/source/src/platform/ec/build/zephyr/sundance/modules/cmsis_6;/mnt/host/source/src/platform/ec/build/zephyr/sundance/modules/ec' -DDTC_OVERLAY_FILE=/mnt/host/source/src/platform/ec/zephyr/program/nissa/sundance/project.overlay -DBOARD=npcx9/npcx9m3f -DCMAKE_C_FLAGS=-DSECTION_IS_RO '-DCONF_FILE=/mnt/host/source/src/platform/ec/zephyr/program/nissa/program.conf;/mnt/host/source/src/platform/ec/zephyr/program/nissa/npcx_program.conf;/mnt/host/source/src/platform/ec/zephyr/program/nissa/sundance/project.conf;/mnt/host/source/src/platform/ec/build/zephyr/sundance/kconfig-ro.conf'`
[sundance:ro] Loading Zephyr default modules (Zephyr base (cached)).
[sundance:ro] -- Application: /mnt/host/source/src/platform/ec/zephyr/program/nissa
[sundance:ro] -- CMake version: 3.31.7
[meliks:rw] [399/406] Building C object zephyr/kernel/CMakeFiles/kernel.dir/sched.c.obj
[meliks:ro] [1/406] Preparing syscall dependency handling
[meliks:rw] [400/406] Building C object zephyr/kernel/CMakeFiles/kernel.dir/mempool.c.obj
[chinchou:rw] Configuring.
Running `env -i PYTHONPATH=/usr/lib64/python-exec/python3.11:/mnt/host/source/src/platform/ec/zephyr/zmake:/usr/lib/python311.zip:/usr/lib/python3.11:/usr/lib/python3.11/lib-dynload:/usr/lib/python3.11/site-packages PW_PIGWEED_CIPD_INSTALL_DIR=/usr CROSTC_USER_ACKNOWLEDGES_THAT_RISCV_IS_EXPERIMENTAL=1 PATH=/mnt/host/source/chromite/bin:/usr/local/bin:/usr/bin:/bin:/opt/bin:/mnt/host/source/chromite/sdk/bin:/mnt/host/source/chromite/bin HOME=/home/jpmurphy JAVA_HOME=/etc/java-config-2/current-system-vm JDK_HOME=/etc/java-config-2/current-system-vm JAVAC=/etc/java-config-2/current-system-vm/bin/javac MAKEFLAGS=' -j16 --jobserver-auth=5,6' /usr/bin/cmake -S /mnt/host/source/src/platform/ec/zephyr/program/corsola -B /mnt/host/source/src/platform/ec/build/zephyr/chinchou/build-rw -GNinja -DCMAKE_EXPORT_COMPILE_COMMANDS=ON -DZEPHYR_BASE=/mnt/host/source/src/third_party/zephyr/main -DZMAKE_INCLUDE_DIR=/mnt/host/source/src/platform/ec/build/zephyr/chinchou/include -DPython3_EXECUTABLE=/usr/bin/python3.11 -DDTS_ROOT=/mnt/host/source/src/platform/ec/zephyr -DSYSCALL_INCLUDE_DIRS=/mnt/host/source/src/platform/ec/zephyr/include/drivers -DUSER_CACHE_DIR=/mnt/host/source/src/platform/ec/build/zephyr/user-cache '-DEXTRA_EC_VERSION_FLAGS=--version 16543.0.0 --static' -DTOOLCHAIN_ROOT=/mnt/host/source/src/platform/ec/zephyr -DCOREBOOT_SDK_ROOT_x86=/home/jpmurphy/.cache/coreboot-sdk/i386-elf/dfbb0486385d938cfa9d73080b9d18d598ed4f49 -DCOREBOOT_SDK_ROOT_picolibc_x86=/home/jpmurphy/.cache/coreboot-sdk/picolibc-i386-elf/eb8e8e687b95461de8cbf278f1c2076952d0ad17 -DCOREBOOT_SDK_ROOT_riscv64=/home/jpmurphy/.cache/coreboot-sdk/riscv64-elf/96b949749225b6aaa92ed810ab769e8dfb12f000 -DCOREBOOT_SDK_ROOT_picolibc_arm=/home/jpmurphy/.cache/coreboot-sdk/picolibc-arm-eabi/422a2aa3e1ef891b5bece9a3deb696ff83840d2e -DCOREBOOT_SDK_ROOT_nds32=/home/jpmurphy/.cache/coreboot-sdk/nds32le-elf/d1a518c4a097666d86058e1444f85ca015d15511 -DCOREBOOT_SDK_ROOT_picolibc_riscv64=/home/jpmurphy/.cache/coreboot-sdk/picolibc-riscv64-elf/f571e990ef0278564b31124f8bb109d9a697eb69 -DCOREBOOT_SDK_ROOT_arm=/home/jpmurphy/.cache/coreboot-sdk/arm-eabi/ea40ddd1d190c3b48435c474c0b545719371813a -DCOREBOOT_SDK_ROOT_libstdcxx_riscv64=/home/jpmurphy/.cache/coreboot-sdk/libstdcxx-riscv64-elf/17abf22a3a252e2d5d2062ced5324f7a623689e0 -DCOREBOOT_SDK_ROOT_libstdcxx_arm=/home/jpmurphy/.cache/coreboot-sdk/libstdcxx-arm-eabi/5d7d82e150e44aa1968f1d366e267e6687b328ac -DCOREBOOT_SDK_ROOT_riscv=/home/jpmurphy/.cache/coreboot-sdk/riscv-elf/9a27b9e82341c6e9126624f516ab3f261abb3e73 -DCOREBOOT_SDK_ROOT_libstdcxx_x86=/home/jpmurphy/.cache/coreboot-sdk/libstdcxx-i386-elf/42ef9d2e87a76a37963175d7d428734e65648b87 -DZEPHYR_TOOLCHAIN_VARIANT=coreboot-sdk -DZEPHYR_MODULES=/mnt/host/source/src/platform/ec/build/zephyr/chinchou/modules/ec -DDTC_OVERLAY_FILE=/mnt/host/source/src/platform/ec/zephyr/program/corsola/chinchou/project.overlay -DBOARD=it8xxx2/it81202bx -DCMAKE_C_FLAGS=-DSECTION_IS_RW '-DCONF_FILE=/mnt/host/source/src/platform/ec/zephyr/program/corsola/program.conf;/mnt/host/source/src/platform/ec/zephyr/program/corsola/ite_program.conf;/mnt/host/source/src/platform/ec/zephyr/program/corsola/chinchou/project.conf;/mnt/host/source/src/platform/ec/build/zephyr/chinchou/kconfig-rw.conf'`
[meliks:rw] [401/406] Building C object zephyr/kernel/CMakeFiles/kernel.dir/poll.c.obj
[chinchou:rw] Loading Zephyr default modules (Zephyr base (cached)).
[chinchou:rw] -- Application: /mnt/host/source/src/platform/ec/zephyr/program/corsola
[chinchou:rw] -- CMake version: 3.31.7
[meliks:rw] [402/406] Building C object zephyr/kernel/CMakeFiles/kernel.dir/thread_monitor.c.obj
[sundance:rw] Configuring.
Running `env -i PYTHONPATH=/usr/lib64/python-exec/python3.11:/mnt/host/source/src/platform/ec/zephyr/zmake:/usr/lib/python311.zip:/usr/lib/python3.11:/usr/lib/python3.11/lib-dynload:/usr/lib/python3.11/site-packages PW_PIGWEED_CIPD_INSTALL_DIR=/usr CROSTC_USER_ACKNOWLEDGES_THAT_RISCV_IS_EXPERIMENTAL=1 PATH=/mnt/host/source/chromite/bin:/usr/local/bin:/usr/bin:/bin:/opt/bin:/mnt/host/source/chromite/sdk/bin:/mnt/host/source/chromite/bin HOME=/home/jpmurphy JAVA_HOME=/etc/java-config-2/current-system-vm JDK_HOME=/etc/java-config-2/current-system-vm JAVAC=/etc/java-config-2/current-system-vm/bin/javac MAKEFLAGS=' -j16 --jobserver-auth=5,6' /usr/bin/cmake -S /mnt/host/source/src/platform/ec/zephyr/program/nissa -B /mnt/host/source/src/platform/ec/build/zephyr/sundance/build-rw -GNinja -DCMAKE_EXPORT_COMPILE_COMMANDS=ON -DZEPHYR_BASE=/mnt/host/source/src/third_party/zephyr/main -DZMAKE_INCLUDE_DIR=/mnt/host/source/src/platform/ec/build/zephyr/sundance/include -DPython3_EXECUTABLE=/usr/bin/python3.11 -DDTS_ROOT=/mnt/host/source/src/platform/ec/zephyr -DSYSCALL_INCLUDE_DIRS=/mnt/host/source/src/platform/ec/zephyr/include/drivers -DUSER_CACHE_DIR=/mnt/host/source/src/platform/ec/build/zephyr/user-cache '-DEXTRA_EC_VERSION_FLAGS=--version 16543.0.0 --static' -DTOOLCHAIN_ROOT=/mnt/host/source/src/platform/ec/zephyr -DCOREBOOT_SDK_ROOT_x86=/home/jpmurphy/.cache/coreboot-sdk/i386-elf/dfbb0486385d938cfa9d73080b9d18d598ed4f49 -DCOREBOOT_SDK_ROOT_picolibc_x86=/home/jpmurphy/.cache/coreboot-sdk/picolibc-i386-elf/eb8e8e687b95461de8cbf278f1c2076952d0ad17 -DCOREBOOT_SDK_ROOT_riscv64=/home/jpmurphy/.cache/coreboot-sdk/riscv64-elf/96b949749225b6aaa92ed810ab769e8dfb12f000 -DCOREBOOT_SDK_ROOT_picolibc_arm=/home/jpmurphy/.cache/coreboot-sdk/picolibc-arm-eabi/422a2aa3e1ef891b5bece9a3deb696ff83840d2e -DCOREBOOT_SDK_ROOT_nds32=/home/jpmurphy/.cache/coreboot-sdk/nds32le-elf/d1a518c4a097666d86058e1444f85ca015d15511 -DCOREBOOT_SDK_ROOT_picolibc_riscv64=/home/jpmurphy/.cache/coreboot-sdk/picolibc-riscv64-elf/f571e990ef0278564b31124f8bb109d9a697eb69 -DCOREBOOT_SDK_ROOT_arm=/home/jpmurphy/.cache/coreboot-sdk/arm-eabi/ea40ddd1d190c3b48435c474c0b545719371813a -DCOREBOOT_SDK_ROOT_libstdcxx_riscv64=/home/jpmurphy/.cache/coreboot-sdk/libstdcxx-riscv64-elf/17abf22a3a252e2d5d2062ced5324f7a623689e0 -DCOREBOOT_SDK_ROOT_libstdcxx_arm=/home/jpmurphy/.cache/coreboot-sdk/libstdcxx-arm-eabi/5d7d82e150e44aa1968f1d366e267e6687b328ac -DCOREBOOT_SDK_ROOT_riscv=/home/jpmurphy/.cache/coreboot-sdk/riscv-elf/9a27b9e82341c6e9126624f516ab3f261abb3e73 -DCOREBOOT_SDK_ROOT_libstdcxx_x86=/home/jpmurphy/.cache/coreboot-sdk/libstdcxx-i386-elf/42ef9d2e87a76a37963175d7d428734e65648b87 -DZEPHYR_TOOLCHAIN_VARIANT=coreboot-sdk '-DZEPHYR_MODULES=/mnt/host/source/src/platform/ec/build/zephyr/sundance/modules/cmsis;/mnt/host/source/src/platform/ec/build/zephyr/sundance/modules/cmsis_6;/mnt/host/source/src/platform/ec/build/zephyr/sundance/modules/ec' -DDTC_OVERLAY_FILE=/mnt/host/source/src/platform/ec/zephyr/program/nissa/sundance/project.overlay -DBOARD=npcx9/npcx9m3f -DCMAKE_C_FLAGS=-DSECTION_IS_RW '-DCONF_FILE=/mnt/host/source/src/platform/ec/zephyr/program/nissa/program.conf;/mnt/host/source/src/platform/ec/zephyr/program/nissa/npcx_program.conf;/mnt/host/source/src/platform/ec/zephyr/program/nissa/sundance/project.conf;/mnt/host/source/src/platform/ec/build/zephyr/sundance/kconfig-rw.conf'`
[sundance:rw] Loading Zephyr default modules (Zephyr base (cached)).
[sundance:rw] -- Application: /mnt/host/source/src/platform/ec/zephyr/program/nissa
[sundance:rw] -- CMake version: 3.31.7
[meliks:ro] [2/406] Generating misc/generated/syscalls_subdirs.trigger
[meliks:rw] [403/406] Building C object zephyr/kernel/CMakeFiles/kernel.dir/timer.c.obj
[chinchou:ro] Configuring.
Running `env -i PYTHONPATH=/usr/lib64/python-exec/python3.11:/mnt/host/source/src/platform/ec/zephyr/zmake:/usr/lib/python311.zip:/usr/lib/python3.11:/usr/lib/python3.11/lib-dynload:/usr/lib/python3.11/site-packages PW_PIGWEED_CIPD_INSTALL_DIR=/usr CROSTC_USER_ACKNOWLEDGES_THAT_RISCV_IS_EXPERIMENTAL=1 PATH=/mnt/host/source/chromite/bin:/usr/local/bin:/usr/bin:/bin:/opt/bin:/mnt/host/source/chromite/sdk/bin:/mnt/host/source/chromite/bin HOME=/home/jpmurphy JAVA_HOME=/etc/java-config-2/current-system-vm JDK_HOME=/etc/java-config-2/current-system-vm JAVAC=/etc/java-config-2/current-system-vm/bin/javac MAKEFLAGS=' -j16 --jobserver-auth=5,6' /usr/bin/cmake -S /mnt/host/source/src/platform/ec/zephyr/program/corsola -B /mnt/host/source/src/platform/ec/build/zephyr/chinchou/build-ro -GNinja -DCMAKE_EXPORT_COMPILE_COMMANDS=ON -DZEPHYR_BASE=/mnt/host/source/src/third_party/zephyr/main -DZMAKE_INCLUDE_DIR=/mnt/host/source/src/platform/ec/build/zephyr/chinchou/include -DPython3_EXECUTABLE=/usr/bin/python3.11 -DDTS_ROOT=/mnt/host/source/src/platform/ec/zephyr -DSYSCALL_INCLUDE_DIRS=/mnt/host/source/src/platform/ec/zephyr/include/drivers -DUSER_CACHE_DIR=/mnt/host/source/src/platform/ec/build/zephyr/user-cache '-DEXTRA_EC_VERSION_FLAGS=--version 16543.0.0 --static' -DTOOLCHAIN_ROOT=/mnt/host/source/src/platform/ec/zephyr -DCOREBOOT_SDK_ROOT_x86=/home/jpmurphy/.cache/coreboot-sdk/i386-elf/dfbb0486385d938cfa9d73080b9d18d598ed4f49 -DCOREBOOT_SDK_ROOT_picolibc_x86=/home/jpmurphy/.cache/coreboot-sdk/picolibc-i386-elf/eb8e8e687b95461de8cbf278f1c2076952d0ad17 -DCOREBOOT_SDK_ROOT_riscv64=/home/jpmurphy/.cache/coreboot-sdk/riscv64-elf/96b949749225b6aaa92ed810ab769e8dfb12f000 -DCOREBOOT_SDK_ROOT_picolibc_arm=/home/jpmurphy/.cache/coreboot-sdk/picolibc-arm-eabi/422a2aa3e1ef891b5bece9a3deb696ff83840d2e -DCOREBOOT_SDK_ROOT_nds32=/home/jpmurphy/.cache/coreboot-sdk/nds32le-elf/d1a518c4a097666d86058e1444f85ca015d15511 -DCOREBOOT_SDK_ROOT_picolibc_riscv64=/home/jpmurphy/.cache/coreboot-sdk/picolibc-riscv64-elf/f571e990ef0278564b31124f8bb109d9a697eb69 -DCOREBOOT_SDK_ROOT_arm=/home/jpmurphy/.cache/coreboot-sdk/arm-eabi/ea40ddd1d190c3b48435c474c0b545719371813a -DCOREBOOT_SDK_ROOT_libstdcxx_riscv64=/home/jpmurphy/.cache/coreboot-sdk/libstdcxx-riscv64-elf/17abf22a3a252e2d5d2062ced5324f7a623689e0 -DCOREBOOT_SDK_ROOT_libstdcxx_arm=/home/jpmurphy/.cache/coreboot-sdk/libstdcxx-arm-eabi/5d7d82e150e44aa1968f1d366e267e6687b328ac -DCOREBOOT_SDK_ROOT_riscv=/home/jpmurphy/.cache/coreboot-sdk/riscv-elf/9a27b9e82341c6e9126624f516ab3f261abb3e73 -DCOREBOOT_SDK_ROOT_libstdcxx_x86=/home/jpmurphy/.cache/coreboot-sdk/libstdcxx-i386-elf/42ef9d2e87a76a37963175d7d428734e65648b87 -DZEPHYR_TOOLCHAIN_VARIANT=coreboot-sdk -DZEPHYR_MODULES=/mnt/host/source/src/platform/ec/build/zephyr/chinchou/modules/ec -DDTC_OVERLAY_FILE=/mnt/host/source/src/platform/ec/zephyr/program/corsola/chinchou/project.overlay -DBOARD=it8xxx2/it81202bx -DCMAKE_C_FLAGS=-DSECTION_IS_RO '-DCONF_FILE=/mnt/host/source/src/platform/ec/zephyr/program/corsola/program.conf;/mnt/host/source/src/platform/ec/zephyr/program/corsola/ite_program.conf;/mnt/host/source/src/platform/ec/zephyr/program/corsola/chinchou/project.conf;/mnt/host/source/src/platform/ec/build/zephyr/chinchou/kconfig-ro.conf'`
[chinchou:ro] Loading Zephyr default modules (Zephyr base (cached)).
[chinchou:ro] -- Application: /mnt/host/source/src/platform/ec/zephyr/program/corsola
[chinchou:ro] -- CMake version: 3.31.7
[meliks:ro] [3/406] cd /mnt/host/source/src/platform/ec/build/zephyr/meliks/build-ro/modules/ec/zephyr && PYTHONPATH=/mnt/host/source/src/platform/ec/build/zephyr/meliks/modules/ec/zephyr/zmake/ /usr/bin/python3.11 /mnt/host/source/src/platform/ec/build/zephyr/meliks/modules/ec/zephyr/zmake/zephyr_build_tools/generate_ec_version.py /mnt/host/source/src/platform/ec/build/zephyr/meliks/build-ro/modules/ec/zephyr/include/ec_version.h --name Zephyr-Kernel --version 16543.0.0 --static
[meliks:ro] INFO:root:Using a static version string
Toolchain <zmake.toolchains.CorebootSdkToolchain object at 0x7f4120447c10> selected by probe function.
[markarth] Building in /mnt/host/source/src/platform/ec/build/zephyr/markarth.
[meliks:rw] [404/406] Building C object zephyr/kernel/CMakeFiles/kernel.dir/events.c.obj
Running `env -i PYTHONPATH=/usr/lib64/python-exec/python3.11:/mnt/host/source/src/platform/ec/zephyr/zmake:/usr/lib/python311.zip:/usr/lib/python3.11:/usr/lib/python3.11/lib-dynload:/usr/lib/python3.11/site-packages PW_PIGWEED_CIPD_INSTALL_DIR=/usr CROSTC_USER_ACKNOWLEDGES_THAT_RISCV_IS_EXPERIMENTAL=1 PATH=/mnt/host/source/chromite/bin:/usr/local/bin:/usr/bin:/bin:/opt/bin:/mnt/host/source/chromite/sdk/bin:/mnt/host/source/chromite/bin HOME=/home/jpmurphy JAVA_HOME=/etc/java-config-2/current-system-vm JDK_HOME=/etc/java-config-2/current-system-vm JAVAC=/etc/java-config-2/current-system-vm/bin/javac MAKEFLAGS=' -j16 --jobserver-auth=5,6' /usr/bin/lcov --gcov-tool /mnt/host/source/src/platform/ec/build/zephyr/uldrenite-ish/build-singleimage/gcov.sh -q -o - -c -d /mnt/host/source/src/platform/ec/build/zephyr/uldrenite-ish -t uldrenite-ish --rc branch_coverage=1 --filter range --ignore-errors inconsistent,source --ignore-errors gcov,gcov -i`
[markarth:rw] Configuring.
Running `env -i PYTHONPATH=/usr/lib64/python-exec/python3.11:/mnt/host/source/src/platform/ec/zephyr/zmake:/usr/lib/python311.zip:/usr/lib/python3.11:/usr/lib/python3.11/lib-dynload:/usr/lib/python3.11/site-packages PW_PIGWEED_CIPD_INSTALL_DIR=/usr CROSTC_USER_ACKNOWLEDGES_THAT_RISCV_IS_EXPERIMENTAL=1 PATH=/mnt/host/source/chromite/bin:/usr/local/bin:/usr/bin:/bin:/opt/bin:/mnt/host/source/chromite/sdk/bin:/mnt/host/source/chromite/bin HOME=/home/jpmurphy JAVA_HOME=/etc/java-config-2/current-system-vm JDK_HOME=/etc/java-config-2/current-system-vm JAVAC=/etc/java-config-2/current-system-vm/bin/javac MAKEFLAGS=' -j16 --jobserver-auth=5,6' /usr/bin/cmake -S /mnt/host/source/src/platform/ec/zephyr/program/skyrim -B /mnt/host/source/src/platform/ec/build/zephyr/markarth/build-rw -GNinja -DCMAKE_EXPORT_COMPILE_COMMANDS=ON -DZEPHYR_BASE=/mnt/host/source/src/third_party/zephyr/main -DZMAKE_INCLUDE_DIR=/mnt/host/source/src/platform/ec/build/zephyr/markarth/include -DPython3_EXECUTABLE=/usr/bin/python3.11 -DDTS_ROOT=/mnt/host/source/src/platform/ec/zephyr -DSYSCALL_INCLUDE_DIRS=/mnt/host/source/src/platform/ec/zephyr/include/drivers -DUSER_CACHE_DIR=/mnt/host/source/src/platform/ec/build/zephyr/user-cache '-DEXTRA_EC_VERSION_FLAGS=--version 16543.0.0 --static' -DTOOLCHAIN_ROOT=/mnt/host/source/src/platform/ec/zephyr -DCOREBOOT_SDK_ROOT_x86=/home/jpmurphy/.cache/coreboot-sdk/i386-elf/dfbb0486385d938cfa9d73080b9d18d598ed4f49 -DCOREBOOT_SDK_ROOT_picolibc_x86=/home/jpmurphy/.cache/coreboot-sdk/picolibc-i386-elf/eb8e8e687b95461de8cbf278f1c2076952d0ad17 -DCOREBOOT_SDK_ROOT_riscv64=/home/jpmurphy/.cache/coreboot-sdk/riscv64-elf/96b949749225b6aaa92ed810ab769e8dfb12f000 -DCOREBOOT_SDK_ROOT_picolibc_arm=/home/jpmurphy/.cache/coreboot-sdk/picolibc-arm-eabi/422a2aa3e1ef891b5bece9a3deb696ff83840d2e -DCOREBOOT_SDK_ROOT_nds32=/home/jpmurphy/.cache/coreboot-sdk/nds32le-elf/d1a518c4a097666d86058e1444f85ca015d15511 -DCOREBOOT_SDK_ROOT_picolibc_riscv64=/home/jpmurphy/.cache/coreboot-sdk/picolibc-riscv64-elf/f571e990ef0278564b31124f8bb109d9a697eb69 -DCOREBOOT_SDK_ROOT_arm=/home/jpmurphy/.cache/coreboot-sdk/arm-eabi/ea40ddd1d190c3b48435c474c0b545719371813a -DCOREBOOT_SDK_ROOT_libstdcxx_riscv64=/home/jpmurphy/.cache/coreboot-sdk/libstdcxx-riscv64-elf/17abf22a3a252e2d5d2062ced5324f7a623689e0 -DCOREBOOT_SDK_ROOT_libstdcxx_arm=/home/jpmurphy/.cache/coreboot-sdk/libstdcxx-arm-eabi/5d7d82e150e44aa1968f1d366e267e6687b328ac -DCOREBOOT_SDK_ROOT_riscv=/home/jpmurphy/.cache/coreboot-sdk/riscv-elf/9a27b9e82341c6e9126624f516ab3f261abb3e73 -DCOREBOOT_SDK_ROOT_libstdcxx_x86=/home/jpmurphy/.cache/coreboot-sdk/libstdcxx-i386-elf/42ef9d2e87a76a37963175d7d428734e65648b87 -DZEPHYR_TOOLCHAIN_VARIANT=coreboot-sdk '-DZEPHYR_MODULES=/mnt/host/source/src/platform/ec/build/zephyr/markarth/modules/cmsis;/mnt/host/source/src/platform/ec/build/zephyr/markarth/modules/cmsis_6;/mnt/host/source/src/platform/ec/build/zephyr/markarth/modules/ec' -DDTC_OVERLAY_FILE=/mnt/host/source/src/platform/ec/zephyr/program/skyrim/markarth/project.overlay -DBOARD=npcx9/npcx9m3f -DCMAKE_C_FLAGS=-DSECTION_IS_RW '-DCONF_FILE=/mnt/host/source/src/platform/ec/zephyr/program/skyrim/program.conf;/mnt/host/source/src/platform/ec/zephyr/program/skyrim/markarth/project.conf;/mnt/host/source/src/platform/ec/build/zephyr/markarth/kconfig-rw.conf'`
[markarth:rw] Loading Zephyr default modules (Zephyr base (cached)).
[markarth:rw] -- Application: /mnt/host/source/src/platform/ec/zephyr/program/skyrim
[markarth:rw] -- CMake version: 3.31.7
Running `env -i PYTHONPATH=/usr/lib64/python-exec/python3.11:/mnt/host/source/src/platform/ec/zephyr/zmake:/usr/lib/python311.zip:/usr/lib/python3.11:/usr/lib/python3.11/lib-dynload:/usr/lib/python3.11/site-packages PW_PIGWEED_CIPD_INSTALL_DIR=/usr CROSTC_USER_ACKNOWLEDGES_THAT_RISCV_IS_EXPERIMENTAL=1 PATH=/mnt/host/source/chromite/bin:/usr/local/bin:/usr/bin:/bin:/opt/bin:/mnt/host/source/chromite/sdk/bin:/mnt/host/source/chromite/bin HOME=/home/jpmurphy JAVA_HOME=/etc/java-config-2/current-system-vm JDK_HOME=/etc/java-config-2/current-system-vm JAVAC=/etc/java-config-2/current-system-vm/bin/javac MAKEFLAGS=' -j16 --jobserver-auth=5,6' /usr/bin/lcov --gcov-tool /mnt/host/source/src/platform/ec/build/zephyr/krabby/build-rw/gcov.sh -q -o - -c -d /mnt/host/source/src/platform/ec/build/zephyr/krabby -t krabby --rc branch_coverage=1 --filter range --ignore-errors inconsistent,source --ignore-errors gcov,gcov -i`
[markarth:ro] Configuring.
Running `env -i PYTHONPATH=/usr/lib64/python-exec/python3.11:/mnt/host/source/src/platform/ec/zephyr/zmake:/usr/lib/python311.zip:/usr/lib/python3.11:/usr/lib/python3.11/lib-dynload:/usr/lib/python3.11/site-packages PW_PIGWEED_CIPD_INSTALL_DIR=/usr CROSTC_USER_ACKNOWLEDGES_THAT_RISCV_IS_EXPERIMENTAL=1 PATH=/mnt/host/source/chromite/bin:/usr/local/bin:/usr/bin:/bin:/opt/bin:/mnt/host/source/chromite/sdk/bin:/mnt/host/source/chromite/bin HOME=/home/jpmurphy JAVA_HOME=/etc/java-config-2/current-system-vm JDK_HOME=/etc/java-config-2/current-system-vm JAVAC=/etc/java-config-2/current-system-vm/bin/javac MAKEFLAGS=' -j16 --jobserver-auth=5,6' /usr/bin/cmake -S /mnt/host/source/src/platform/ec/zephyr/program/skyrim -B /mnt/host/source/src/platform/ec/build/zephyr/markarth/build-ro -GNinja -DCMAKE_EXPORT_COMPILE_COMMANDS=ON -DZEPHYR_BASE=/mnt/host/source/src/third_party/zephyr/main -DZMAKE_INCLUDE_DIR=/mnt/host/source/src/platform/ec/build/zephyr/markarth/include -DPython3_EXECUTABLE=/usr/bin/python3.11 -DDTS_ROOT=/mnt/host/source/src/platform/ec/zephyr -DSYSCALL_INCLUDE_DIRS=/mnt/host/source/src/platform/ec/zephyr/include/drivers -DUSER_CACHE_DIR=/mnt/host/source/src/platform/ec/build/zephyr/user-cache '-DEXTRA_EC_VERSION_FLAGS=--version 16543.0.0 --static' -DTOOLCHAIN_ROOT=/mnt/host/source/src/platform/ec/zephyr -DCOREBOOT_SDK_ROOT_x86=/home/jpmurphy/.cache/coreboot-sdk/i386-elf/dfbb0486385d938cfa9d73080b9d18d598ed4f49 -DCOREBOOT_SDK_ROOT_picolibc_x86=/home/jpmurphy/.cache/coreboot-sdk/picolibc-i386-elf/eb8e8e687b95461de8cbf278f1c2076952d0ad17 -DCOREBOOT_SDK_ROOT_riscv64=/home/jpmurphy/.cache/coreboot-sdk/riscv64-elf/96b949749225b6aaa92ed810ab769e8dfb12f000 -DCOREBOOT_SDK_ROOT_picolibc_arm=/home/jpmurphy/.cache/coreboot-sdk/picolibc-arm-eabi/422a2aa3e1ef891b5bece9a3deb696ff83840d2e -DCOREBOOT_SDK_ROOT_nds32=/home/jpmurphy/.cache/coreboot-sdk/nds32le-elf/d1a518c4a097666d86058e1444f85ca015d15511 -DCOREBOOT_SDK_ROOT_picolibc_riscv64=/home/jpmurphy/.cache/coreboot-sdk/picolibc-riscv64-elf/f571e990ef0278564b31124f8bb109d9a697eb69 -DCOREBOOT_SDK_ROOT_arm=/home/jpmurphy/.cache/coreboot-sdk/arm-eabi/ea40ddd1d190c3b48435c474c0b545719371813a -DCOREBOOT_SDK_ROOT_libstdcxx_riscv64=/home/jpmurphy/.cache/coreboot-sdk/libstdcxx-riscv64-elf/17abf22a3a252e2d5d2062ced5324f7a623689e0 -DCOREBOOT_SDK_ROOT_libstdcxx_arm=/home/jpmurphy/.cache/coreboot-sdk/libstdcxx-arm-eabi/5d7d82e150e44aa1968f1d366e267e6687b328ac -DCOREBOOT_SDK_ROOT_riscv=/home/jpmurphy/.cache/coreboot-sdk/riscv-elf/9a27b9e82341c6e9126624f516ab3f261abb3e73 -DCOREBOOT_SDK_ROOT_libstdcxx_x86=/home/jpmurphy/.cache/coreboot-sdk/libstdcxx-i386-elf/42ef9d2e87a76a37963175d7d428734e65648b87 -DZEPHYR_TOOLCHAIN_VARIANT=coreboot-sdk '-DZEPHYR_MODULES=/mnt/host/source/src/platform/ec/build/zephyr/markarth/modules/cmsis;/mnt/host/source/src/platform/ec/build/zephyr/markarth/modules/cmsis_6;/mnt/host/source/src/platform/ec/build/zephyr/markarth/modules/ec' -DDTC_OVERLAY_FILE=/mnt/host/source/src/platform/ec/zephyr/program/skyrim/markarth/project.overlay -DBOARD=npcx9/npcx9m3f -DCMAKE_C_FLAGS=-DSECTION_IS_RO '-DCONF_FILE=/mnt/host/source/src/platform/ec/zephyr/program/skyrim/program.conf;/mnt/host/source/src/platform/ec/zephyr/program/skyrim/markarth/project.conf;/mnt/host/source/src/platform/ec/build/zephyr/markarth/kconfig-ro.conf'`
[meliks:rw] [405/406] Building C object zephyr/kernel/CMakeFiles/kernel.dir/dynamic_disabled.c.obj
[markarth:ro] Loading Zephyr default modules (Zephyr base (cached)).
[markarth:ro] -- Application: /mnt/host/source/src/platform/ec/zephyr/program/skyrim
[meliks:rw] [406/406] Linking C static library zephyr/kernel/libkernel.a
[sundance:ro] -- Found Python3: /usr/bin/python3.11 (found suitable version "3.11.11", minimum required is "3.10") found components: Interpreter
[sundance:ro] -- Cache files will be written to: /mnt/host/source/src/platform/ec/build/zephyr/user-cache
Toolchain <zmake.toolchains.CorebootSdkToolchain object at 0x7f412047ca50> selected by probe function.
[ite-aic] Building in /mnt/host/source/src/platform/ec/build/zephyr/ite-aic.
[sundance:ro] -- Zephyr version: 4.3.99 (/mnt/host/source/src/third_party/zephyr/main)
[ite-aic:ro] Configuring.
Running `env -i PYTHONPATH=/usr/lib64/python-exec/python3.11:/mnt/host/source/src/platform/ec/zephyr/zmake:/usr/lib/python311.zip:/usr/lib/python3.11:/usr/lib/python3.11/lib-dynload:/usr/lib/python3.11/site-packages PW_PIGWEED_CIPD_INSTALL_DIR=/usr CROSTC_USER_ACKNOWLEDGES_THAT_RISCV_IS_EXPERIMENTAL=1 PATH=/mnt/host/source/chromite/bin:/usr/local/bin:/usr/bin:/bin:/opt/bin:/mnt/host/source/chromite/sdk/bin:/mnt/host/source/chromite/bin HOME=/home/jpmurphy JAVA_HOME=/etc/java-config-2/current-system-vm JDK_HOME=/etc/java-config-2/current-system-vm JAVAC=/etc/java-config-2/current-system-vm/bin/javac MAKEFLAGS=' -j16 --jobserver-auth=5,6' /usr/bin/cmake -S /mnt/host/source/src/platform/ec/zephyr/program/ec-aic -B /mnt/host/source/src/platform/ec/build/zephyr/ite-aic/build-ro -GNinja -DCMAKE_EXPORT_COMPILE_COMMANDS=ON -DZEPHYR_BASE=/mnt/host/source/src/third_party/zephyr/main -DZMAKE_INCLUDE_DIR=/mnt/host/source/src/platform/ec/build/zephyr/ite-aic/include -DPython3_EXECUTABLE=/usr/bin/python3.11 -DDTS_ROOT=/mnt/host/source/src/platform/ec/zephyr -DSYSCALL_INCLUDE_DIRS=/mnt/host/source/src/platform/ec/zephyr/include/drivers -DUSER_CACHE_DIR=/mnt/host/source/src/platform/ec/build/zephyr/user-cache '-DEXTRA_EC_VERSION_FLAGS=--version 16543.0.0 --static' -DTOOLCHAIN_ROOT=/mnt/host/source/src/platform/ec/zephyr -DCOREBOOT_SDK_ROOT_x86=/home/jpmurphy/.cache/coreboot-sdk/i386-elf/dfbb0486385d938cfa9d73080b9d18d598ed4f49 -DCOREBOOT_SDK_ROOT_picolibc_x86=/home/jpmurphy/.cache/coreboot-sdk/picolibc-i386-elf/eb8e8e687b95461de8cbf278f1c2076952d0ad17 -DCOREBOOT_SDK_ROOT_riscv64=/home/jpmurphy/.cache/coreboot-sdk/riscv64-elf/96b949749225b6aaa92ed810ab769e8dfb12f000 -DCOREBOOT_SDK_ROOT_picolibc_arm=/home/jpmurphy/.cache/coreboot-sdk/picolibc-arm-eabi/422a2aa3e1ef891b5bece9a3deb696ff83840d2e -DCOREBOOT_SDK_ROOT_nds32=/home/jpmurphy/.cache/coreboot-sdk/nds32le-elf/d1a518c4a097666d86058e1444f85ca015d15511 -DCOREBOOT_SDK_ROOT_picolibc_riscv64=/home/jpmurphy/.cache/coreboot-sdk/picolibc-riscv64-elf/f571e990ef0278564b31124f8bb109d9a697eb69 -DCOREBOOT_SDK_ROOT_arm=/home/jpmurphy/.cache/coreboot-sdk/arm-eabi/ea40ddd1d190c3b48435c474c0b545719371813a -DCOREBOOT_SDK_ROOT_libstdcxx_riscv64=/home/jpmurphy/.cache/coreboot-sdk/libstdcxx-riscv64-elf/17abf22a3a252e2d5d2062ced5324f7a623689e0 -DCOREBOOT_SDK_ROOT_libstdcxx_arm=/home/jpmurphy/.cache/coreboot-sdk/libstdcxx-arm-eabi/5d7d82e150e44aa1968f1d366e267e6687b328ac -DCOREBOOT_SDK_ROOT_riscv=/home/jpmurphy/.cache/coreboot-sdk/riscv-elf/9a27b9e82341c6e9126624f516ab3f261abb3e73 -DCOREBOOT_SDK_ROOT_libstdcxx_x86=/home/jpmurphy/.cache/coreboot-sdk/libstdcxx-i386-elf/42ef9d2e87a76a37963175d7d428734e65648b87 -DZEPHYR_TOOLCHAIN_VARIANT=coreboot-sdk -DZEPHYR_MODULES=/mnt/host/source/src/platform/ec/build/zephyr/ite-aic/modules/ec -DDTC_OVERLAY_FILE=/mnt/host/source/src/platform/ec/zephyr/program/ec-aic/ite-aic/project.overlay -DBOARD=it8xxx2/it82002aw -DCMAKE_C_FLAGS=-DSECTION_IS_RO '-DCONF_FILE=/mnt/host/source/src/platform/ec/zephyr/program/ec-aic/program.conf;/mnt/host/source/src/platform/ec/zephyr/program/ec-aic/ite-aic/project.conf;/mnt/host/source/src/platform/ec/build/zephyr/ite-aic/kconfig-ro.conf'`
[ite-aic:ro] Loading Zephyr default modules (Zephyr base (cached)).
[ite-aic:ro] -- Application: /mnt/host/source/src/platform/ec/zephyr/program/ec-aic
[ite-aic:ro] -- CMake version: 3.31.7
[chinchou:rw] -- Found Python3: /usr/bin/python3.11 (found suitable version "3.11.11", minimum required is "3.10") found components: Interpreter
[chinchou:rw] -- Cache files will be written to: /mnt/host/source/src/platform/ec/build/zephyr/user-cache
[meliks:ro] INFO:root:Version string: Zephyr-Kernel-16543.0.0
[chinchou:rw] -- Zephyr version: 4.3.99 (/mnt/host/source/src/third_party/zephyr/main)
[meliks:ro] INFO:root:Writing header to /mnt/host/source/src/platform/ec/build/zephyr/meliks/build-ro/modules/ec/zephyr/include/ec_version.h
[meliks:ro] [4/406] Generating include/generated/zephyr/version.h
Toolchain <zmake.toolchains.CorebootSdkToolchain object at 0x7f412048bf50> selected by probe function.
[trulo-ish] Building in /mnt/host/source/src/platform/ec/build/zephyr/trulo-ish.
Toolchain <zmake.toolchains.CorebootSdkToolchain object at 0x7f4120488610> selected by probe function.
[geralt] Building in /mnt/host/source/src/platform/ec/build/zephyr/geralt.
[geralt:rw] Configuring.
Running `env -i PYTHONPATH=/usr/lib64/python-exec/python3.11:/mnt/host/source/src/platform/ec/zephyr/zmake:/usr/lib/python311.zip:/usr/lib/python3.11:/usr/lib/python3.11/lib-dynload:/usr/lib/python3.11/site-packages PW_PIGWEED_CIPD_INSTALL_DIR=/usr CROSTC_USER_ACKNOWLEDGES_THAT_RISCV_IS_EXPERIMENTAL=1 PATH=/mnt/host/source/chromite/bin:/usr/local/bin:/usr/bin:/bin:/opt/bin:/mnt/host/source/chromite/sdk/bin:/mnt/host/source/chromite/bin HOME=/home/jpmurphy JAVA_HOME=/etc/java-config-2/current-system-vm JDK_HOME=/etc/java-config-2/current-system-vm JAVAC=/etc/java-config-2/current-system-vm/bin/javac MAKEFLAGS=' -j16 --jobserver-auth=5,6' /usr/bin/cmake -S /mnt/host/source/src/platform/ec/zephyr/program/geralt -B /mnt/host/source/src/platform/ec/build/zephyr/geralt/build-rw -GNinja -DCMAKE_EXPORT_COMPILE_COMMANDS=ON -DZEPHYR_BASE=/mnt/host/source/src/third_party/zephyr/main -DZMAKE_INCLUDE_DIR=/mnt/host/source/src/platform/ec/build/zephyr/geralt/include -DPython3_EXECUTABLE=/usr/bin/python3.11 -DDTS_ROOT=/mnt/host/source/src/platform/ec/zephyr -DSYSCALL_INCLUDE_DIRS=/mnt/host/source/src/platform/ec/zephyr/include/drivers -DUSER_CACHE_DIR=/mnt/host/source/src/platform/ec/build/zephyr/user-cache '-DEXTRA_EC_VERSION_FLAGS=--version 16543.0.0 --static' -DTOOLCHAIN_ROOT=/mnt/host/source/src/platform/ec/zephyr -DCOREBOOT_SDK_ROOT_x86=/home/jpmurphy/.cache/coreboot-sdk/i386-elf/dfbb0486385d938cfa9d73080b9d18d598ed4f49 -DCOREBOOT_SDK_ROOT_picolibc_x86=/home/jpmurphy/.cache/coreboot-sdk/picolibc-i386-elf/eb8e8e687b95461de8cbf278f1c2076952d0ad17 -DCOREBOOT_SDK_ROOT_riscv64=/home/jpmurphy/.cache/coreboot-sdk/riscv64-elf/96b949749225b6aaa92ed810ab769e8dfb12f000 -DCOREBOOT_SDK_ROOT_picolibc_arm=/home/jpmurphy/.cache/coreboot-sdk/picolibc-arm-eabi/422a2aa3e1ef891b5bece9a3deb696ff83840d2e -DCOREBOOT_SDK_ROOT_nds32=/home/jpmurphy/.cache/coreboot-sdk/nds32le-elf/d1a518c4a097666d86058e1444f85ca015d15511 -DCOREBOOT_SDK_ROOT_picolibc_riscv64=/home/jpmurphy/.cache/coreboot-sdk/picolibc-riscv64-elf/f571e990ef0278564b31124f8bb109d9a697eb69 -DCOREBOOT_SDK_ROOT_arm=/home/jpmurphy/.cache/coreboot-sdk/arm-eabi/ea40ddd1d190c3b48435c474c0b545719371813a -DCOREBOOT_SDK_ROOT_libstdcxx_riscv64=/home/jpmurphy/.cache/coreboot-sdk/libstdcxx-riscv64-elf/17abf22a3a252e2d5d2062ced5324f7a623689e0 -DCOREBOOT_SDK_ROOT_libstdcxx_arm=/home/jpmurphy/.cache/coreboot-sdk/libstdcxx-arm-eabi/5d7d82e150e44aa1968f1d366e267e6687b328ac -DCOREBOOT_SDK_ROOT_riscv=/home/jpmurphy/.cache/coreboot-sdk/riscv-elf/9a27b9e82341c6e9126624f516ab3f261abb3e73 -DCOREBOOT_SDK_ROOT_libstdcxx_x86=/home/jpmurphy/.cache/coreboot-sdk/libstdcxx-i386-elf/42ef9d2e87a76a37963175d7d428734e65648b87 -DZEPHYR_TOOLCHAIN_VARIANT=coreboot-sdk -DZEPHYR_MODULES=/mnt/host/source/src/platform/ec/build/zephyr/geralt/modules/ec -DDTC_OVERLAY_FILE=/mnt/host/source/src/platform/ec/zephyr/program/geralt/geralt/project.overlay -DBOARD=it8xxx2/it81202cx -DCMAKE_C_FLAGS=-DSECTION_IS_RW '-DCONF_FILE=/mnt/host/source/src/platform/ec/zephyr/program/geralt/program.conf;/mnt/host/source/src/platform/ec/zephyr/program/geralt/geralt/project.conf;/mnt/host/source/src/platform/ec/build/zephyr/geralt/kconfig-rw.conf'`
[sundance:rw] -- Found Python3: /usr/bin/python3.11 (found suitable version "3.11.11", minimum required is "3.10") found components: Interpreter
[sundance:rw] -- Cache files will be written to: /mnt/host/source/src/platform/ec/build/zephyr/user-cache
[sundance:rw] -- Zephyr version: 4.3.99 (/mnt/host/source/src/third_party/zephyr/main)
[geralt:rw] Loading Zephyr default modules (Zephyr base (cached)).
[geralt:rw] -- Application: /mnt/host/source/src/platform/ec/zephyr/program/geralt
[geralt:rw] -- CMake version: 3.31.7
[chinchou:ro] -- Found Python3: /usr/bin/python3.11 (found suitable version "3.11.11", minimum required is "3.10") found components: Interpreter
[chinchou:ro] -- Cache files will be written to: /mnt/host/source/src/platform/ec/build/zephyr/user-cache
[chinchou:ro] -- Zephyr version: 4.3.99 (/mnt/host/source/src/third_party/zephyr/main)
[markarth:rw] -- Found Python3: /usr/bin/python3.11 (found suitable version "3.11.11", minimum required is "3.10") found components: Interpreter
[markarth:rw] -- Cache files will be written to: /mnt/host/source/src/platform/ec/build/zephyr/user-cache
[markarth:rw] -- Zephyr version: 4.3.99 (/mnt/host/source/src/third_party/zephyr/main)
[markarth:ro] -- CMake version: 3.31.7
[markarth:ro] -- Found Python3: /usr/bin/python3.11 (found suitable version "3.11.11", minimum required is "3.10") found components: Interpreter
[markarth:ro] -- Cache files will be written to: /mnt/host/source/src/platform/ec/build/zephyr/user-cache
[markarth:ro] -- Zephyr version: 4.3.99 (/mnt/host/source/src/third_party/zephyr/main)
[ite-aic:ro] -- Found Python3: /usr/bin/python3.11 (found suitable version "3.11.11", minimum required is "3.10") found components: Interpreter
[ite-aic:ro] -- Cache files will be written to: /mnt/host/source/src/platform/ec/build/zephyr/user-cache
[ite-aic:ro] -- Zephyr version: 4.3.99 (/mnt/host/source/src/third_party/zephyr/main)
[geralt:rw] -- Found Python3: /usr/bin/python3.11 (found suitable version "3.11.11", minimum required is "3.10") found components: Interpreter
[geralt:rw] -- Cache files will be written to: /mnt/host/source/src/platform/ec/build/zephyr/user-cache
[geralt:rw] -- Zephyr version: 4.3.99 (/mnt/host/source/src/third_party/zephyr/main)
[/mnt/host/source/src/platform/ec/build/zephyr/uldrenite-ish-lcov] geninfo: WARNING: (format) invalid characters removed from testname
[meliks:ro] -- git describe warned: warning: tag 'upstream/v2.7.99' is externally known as 'v2.7.99'
[meliks:ro] -- Zephyr version: 4.3.99 (/mnt/host/source/src/third_party/zephyr/main)
[meliks:ro] [5/406] Generating misc/generated/syscalls.json, misc/generated/struct_tags.json
[meliks:ro] [6/406] Generating include/generated/zephyr/syscall_dispatch.c, include/generated/zephyr/syscall_exports_llext.c, syscall_weakdefs_llext.c, include/generated/zephyr/syscall_list.h
[/mnt/host/source/src/platform/ec/build/zephyr/krabby-lcov] geninfo: WARNING: using JSON module "JSON::PP" - which is much slower than some alternatives.  Consider installing one of JSON::XS or Cpanel::JSON::XS
[meliks:ro] [7/406] Generating include/generated/zephyr/driver-validation.h
[/mnt/host/source/src/platform/ec/build/zephyr/uldrenite-ish-lcov] 	(use "geninfo --ignore-errors format,format ..." to suppress this warning)
[/mnt/host/source/src/platform/ec/build/zephyr/uldrenite-ish-lcov] stderr:
[meliks:ro] [8/406] Generating include/generated/device-api-sections.ld, include/generated/device-api-sections.cmake
[/mnt/host/source/src/platform/ec/build/zephyr/uldrenite-ish-lcov]   /mnt/host/source/src/platform/ec/build/zephyr/uldrenite-ish/build-singleimage/modules/pigweed/pw_log_zephyr/CMakeFiles/pw_log_zephyr.dir/log_zephyr.cc.gcno:no functions found
[/mnt/host/source/src/platform/ec/build/zephyr/uldrenite-ish-lcov] geninfo: WARNING: using JSON module "JSON::PP" - which is much slower than some alternatives.  Consider installing one of JSON::XS or Cpanel::JSON::XS
[meliks:ro] [9/406] Generating include/generated/zephyr/kobj-types-enum.h, include/generated/zephyr/otype-to-str.h, include/generated/zephyr/otype-to-size.h
[geralt:ro] Configuring.
Running `env -i PYTHONPATH=/usr/lib64/python-exec/python3.11:/mnt/host/source/src/platform/ec/zephyr/zmake:/usr/lib/python311.zip:/usr/lib/python3.11:/usr/lib/python3.11/lib-dynload:/usr/lib/python3.11/site-packages PW_PIGWEED_CIPD_INSTALL_DIR=/usr CROSTC_USER_ACKNOWLEDGES_THAT_RISCV_IS_EXPERIMENTAL=1 PATH=/mnt/host/source/chromite/bin:/usr/local/bin:/usr/bin:/bin:/opt/bin:/mnt/host/source/chromite/sdk/bin:/mnt/host/source/chromite/bin HOME=/home/jpmurphy JAVA_HOME=/etc/java-config-2/current-system-vm JDK_HOME=/etc/java-config-2/current-system-vm JAVAC=/etc/java-config-2/current-system-vm/bin/javac MAKEFLAGS=' -j16 --jobserver-auth=5,6' /usr/bin/cmake -S /mnt/host/source/src/platform/ec/zephyr/program/geralt -B /mnt/host/source/src/platform/ec/build/zephyr/geralt/build-ro -GNinja -DCMAKE_EXPORT_COMPILE_COMMANDS=ON -DZEPHYR_BASE=/mnt/host/source/src/third_party/zephyr/main -DZMAKE_INCLUDE_DIR=/mnt/host/source/src/platform/ec/build/zephyr/geralt/include -DPython3_EXECUTABLE=/usr/bin/python3.11 -DDTS_ROOT=/mnt/host/source/src/platform/ec/zephyr -DSYSCALL_INCLUDE_DIRS=/mnt/host/source/src/platform/ec/zephyr/include/drivers -DUSER_CACHE_DIR=/mnt/host/source/src/platform/ec/build/zephyr/user-cache '-DEXTRA_EC_VERSION_FLAGS=--version 16543.0.0 --static' -DTOOLCHAIN_ROOT=/mnt/host/source/src/platform/ec/zephyr -DCOREBOOT_SDK_ROOT_x86=/home/jpmurphy/.cache/coreboot-sdk/i386-elf/dfbb0486385d938cfa9d73080b9d18d598ed4f49 -DCOREBOOT_SDK_ROOT_picolibc_x86=/home/jpmurphy/.cache/coreboot-sdk/picolibc-i386-elf/eb8e8e687b95461de8cbf278f1c2076952d0ad17 -DCOREBOOT_SDK_ROOT_riscv64=/home/jpmurphy/.cache/coreboot-sdk/riscv64-elf/96b949749225b6aaa92ed810ab769e8dfb12f000 -DCOREBOOT_SDK_ROOT_picolibc_arm=/home/jpmurphy/.cache/coreboot-sdk/picolibc-arm-eabi/422a2aa3e1ef891b5bece9a3deb696ff83840d2e -DCOREBOOT_SDK_ROOT_nds32=/home/jpmurphy/.cache/coreboot-sdk/nds32le-elf/d1a518c4a097666d86058e1444f85ca015d15511 -DCOREBOOT_SDK_ROOT_picolibc_riscv64=/home/jpmurphy/.cache/coreboot-sdk/picolibc-riscv64-elf/f571e990ef0278564b31124f8bb109d9a697eb69 -DCOREBOOT_SDK_ROOT_arm=/home/jpmurphy/.cache/coreboot-sdk/arm-eabi/ea40ddd1d190c3b48435c474c0b545719371813a -DCOREBOOT_SDK_ROOT_libstdcxx_riscv64=/home/jpmurphy/.cache/coreboot-sdk/libstdcxx-riscv64-elf/17abf22a3a252e2d5d2062ced5324f7a623689e0 -DCOREBOOT_SDK_ROOT_libstdcxx_arm=/home/jpmurphy/.cache/coreboot-sdk/libstdcxx-arm-eabi/5d7d82e150e44aa1968f1d366e267e6687b328ac -DCOREBOOT_SDK_ROOT_riscv=/home/jpmurphy/.cache/coreboot-sdk/riscv-elf/9a27b9e82341c6e9126624f516ab3f261abb3e73 -DCOREBOOT_SDK_ROOT_libstdcxx_x86=/home/jpmurphy/.cache/coreboot-sdk/libstdcxx-i386-elf/42ef9d2e87a76a37963175d7d428734e65648b87 -DZEPHYR_TOOLCHAIN_VARIANT=coreboot-sdk -DZEPHYR_MODULES=/mnt/host/source/src/platform/ec/build/zephyr/geralt/modules/ec -DDTC_OVERLAY_FILE=/mnt/host/source/src/platform/ec/zephyr/program/geralt/geralt/project.overlay -DBOARD=it8xxx2/it81202cx -DCMAKE_C_FLAGS=-DSECTION_IS_RO '-DCONF_FILE=/mnt/host/source/src/platform/ec/zephyr/program/geralt/program.conf;/mnt/host/source/src/platform/ec/zephyr/program/geralt/geralt/project.conf;/mnt/host/source/src/platform/ec/build/zephyr/geralt/kconfig-ro.conf'`
[geralt:ro] Loading Zephyr default modules (Zephyr base (cached)).
[geralt:ro] -- Application: /mnt/host/source/src/platform/ec/zephyr/program/geralt
[geralt:ro] -- CMake version: 3.31.7
[sundance:ro] -- Board: npcx9, qualifiers: npcx9m3f
[geralt:ro] -- Found Python3: /usr/bin/python3.11 (found suitable version "3.11.11", minimum required is "3.10") found components: Interpreter
[geralt:ro] -- Cache files will be written to: /mnt/host/source/src/platform/ec/build/zephyr/user-cache
[geralt:ro] -- Zephyr version: 4.3.99 (/mnt/host/source/src/third_party/zephyr/main)
[chinchou:rw] -- Board: it8xxx2, qualifiers: it81202bx
[sundance:rw] -- Board: npcx9, qualifiers: npcx9m3f
[chinchou:ro] -- Board: it8xxx2, qualifiers: it81202bx
[markarth:ro] -- Board: npcx9, qualifiers: npcx9m3f
[/mnt/host/source/src/platform/ec/build/zephyr/felino-lcov]   /mnt/host/source/src/platform/ec/build/zephyr/felino/build-rw/zephyr/drivers/syscon/CMakeFiles/drivers__syscon.dir/mnt/host/source/src/third_party/zephyr/main/misc/empty_file.c.gcno:no functions found
[meliks:ro] [10/406] Building C object zephyr/CMakeFiles/offsets.dir/arch/arm/core/offsets/offsets.c.obj
[/mnt/host/source/src/platform/ec/build/zephyr/felino-lcov] Filter suppressions 'region':
[/mnt/host/source/src/platform/ec/build/zephyr/krabby-lcov] stderr:
[/mnt/host/source/src/platform/ec/build/zephyr/felino-lcov]     36 instances
[/mnt/host/source/src/platform/ec/build/zephyr/felino-lcov]     26 coverpoints
[/mnt/host/source/src/platform/ec/build/zephyr/felino-lcov] Message summary:
[/mnt/host/source/src/platform/ec/build/zephyr/felino-lcov]   28 ignore messages:
[/mnt/host/source/src/platform/ec/build/zephyr/felino-lcov]     gcov: 28
[trulo-ish:singleimage] Configuring.
Running `env -i PYTHONPATH=/usr/lib64/python-exec/python3.11:/mnt/host/source/src/platform/ec/zephyr/zmake:/usr/lib/python311.zip:/usr/lib/python3.11:/usr/lib/python3.11/lib-dynload:/usr/lib/python3.11/site-packages PW_PIGWEED_CIPD_INSTALL_DIR=/usr CROSTC_USER_ACKNOWLEDGES_THAT_RISCV_IS_EXPERIMENTAL=1 PATH=/mnt/host/source/chromite/bin:/usr/local/bin:/usr/bin:/bin:/opt/bin:/mnt/host/source/chromite/sdk/bin:/mnt/host/source/chromite/bin HOME=/home/jpmurphy JAVA_HOME=/etc/java-config-2/current-system-vm JDK_HOME=/etc/java-config-2/current-system-vm JAVAC=/etc/java-config-2/current-system-vm/bin/javac MAKEFLAGS=' -j16 --jobserver-auth=5,6' /usr/bin/cmake -S /mnt/host/source/src/platform/ec/zephyr/program/trulo -B /mnt/host/source/src/platform/ec/build/zephyr/trulo-ish/build-singleimage -GNinja -DCMAKE_EXPORT_COMPILE_COMMANDS=ON -DZEPHYR_BASE=/mnt/host/source/src/third_party/zephyr/main -DZMAKE_INCLUDE_DIR=/mnt/host/source/src/platform/ec/build/zephyr/trulo-ish/include -DPython3_EXECUTABLE=/usr/bin/python3.11 -DDTS_ROOT=/mnt/host/source/src/platform/ec/zephyr -DSYSCALL_INCLUDE_DIRS=/mnt/host/source/src/platform/ec/zephyr/include/drivers -DUSER_CACHE_DIR=/mnt/host/source/src/platform/ec/build/zephyr/user-cache -DPW_ROOT=/mnt/host/source/src/third_party/pigweed -DNANOPB_DIR=/mnt/host/source/src/third_party/zephyr/nanopb '-DEXTRA_EC_VERSION_FLAGS=--version 16543.0.0 --static' -DTOOLCHAIN_ROOT=/mnt/host/source/src/platform/ec/zephyr -DCOREBOOT_SDK_ROOT_x86=/home/jpmurphy/.cache/coreboot-sdk/i386-elf/dfbb0486385d938cfa9d73080b9d18d598ed4f49 -DCOREBOOT_SDK_ROOT_picolibc_x86=/home/jpmurphy/.cache/coreboot-sdk/picolibc-i386-elf/eb8e8e687b95461de8cbf278f1c2076952d0ad17 -DCOREBOOT_SDK_ROOT_riscv64=/home/jpmurphy/.cache/coreboot-sdk/riscv64-elf/96b949749225b6aaa92ed810ab769e8dfb12f000 -DCOREBOOT_SDK_ROOT_picolibc_arm=/home/jpmurphy/.cache/coreboot-sdk/picolibc-arm-eabi/422a2aa3e1ef891b5bece9a3deb696ff83840d2e -DCOREBOOT_SDK_ROOT_nds32=/home/jpmurphy/.cache/coreboot-sdk/nds32le-elf/d1a518c4a097666d86058e1444f85ca015d15511 -DCOREBOOT_SDK_ROOT_picolibc_riscv64=/home/jpmurphy/.cache/coreboot-sdk/picolibc-riscv64-elf/f571e990ef0278564b31124f8bb109d9a697eb69 -DCOREBOOT_SDK_ROOT_arm=/home/jpmurphy/.cache/coreboot-sdk/arm-eabi/ea40ddd1d190c3b48435c474c0b545719371813a -DCOREBOOT_SDK_ROOT_libstdcxx_riscv64=/home/jpmurphy/.cache/coreboot-sdk/libstdcxx-riscv64-elf/17abf22a3a252e2d5d2062ced5324f7a623689e0 -DCOREBOOT_SDK_ROOT_libstdcxx_arm=/home/jpmurphy/.cache/coreboot-sdk/libstdcxx-arm-eabi/5d7d82e150e44aa1968f1d366e267e6687b328ac -DCOREBOOT_SDK_ROOT_riscv=/home/jpmurphy/.cache/coreboot-sdk/riscv-elf/9a27b9e82341c6e9126624f516ab3f261abb3e73 -DCOREBOOT_SDK_ROOT_libstdcxx_x86=/home/jpmurphy/.cache/coreboot-sdk/libstdcxx-i386-elf/42ef9d2e87a76a37963175d7d428734e65648b87 -DZEPHYR_TOOLCHAIN_VARIANT=coreboot-sdk '-DZEPHYR_MODULES=/mnt/host/source/src/platform/ec/build/zephyr/trulo-ish/modules/ec;/mnt/host/source/src/platform/ec/build/zephyr/trulo-ish/modules/cmsis;/mnt/host/source/src/platform/ec/build/zephyr/trulo-ish/modules/cmsis_6;/mnt/host/source/src/platform/ec/build/zephyr/trulo-ish/modules/hal_intel_public;/mnt/host/source/src/platform/ec/build/zephyr/trulo-ish/modules/pigweed;/mnt/host/source/src/platform/ec/build/zephyr/trulo-ish/modules/nanopb' -DDTC_OVERLAY_FILE=/mnt/host/source/src/platform/ec/zephyr/program/trulo/trulo-ish/project.overlay -DBOARD=intel_ish_5_4_1 '-DCONF_FILE=/mnt/host/source/src/platform/ec/zephyr/program/trulo/trulo-ish/prj.conf;/mnt/host/source/src/platform/ec/zephyr/program/trulo/dsp_comms.conf;/mnt/host/source/src/platform/ec/build/zephyr/trulo-ish/kconfig-singleimage.conf'`
[trulo-ish:singleimage] Loading Zephyr default modules (Zephyr base (cached)).
[trulo-ish:singleimage] -- Application: /mnt/host/source/src/platform/ec/zephyr/program/trulo
[markarth:rw] -- Board: npcx9, qualifiers: npcx9m3f
[meliks:ro] [11/406] Generating include/generated/zephyr/offsets.h
[ite-aic:ro] -- Board: it8xxx2, qualifiers: it82002aw
[geralt:rw] -- Board: it8xxx2, qualifiers: it81202cx
[/mnt/host/source/src/platform/ec/build/zephyr/krabby-lcov]   /mnt/host/source/src/platform/ec/build/zephyr/krabby/build-ro/modules/ec/zephyr/CMakeFiles/ec_shim.dir/shim/src/power.c.gcno:no functions found
[/mnt/host/source/src/platform/ec/build/zephyr/krabby-lcov] stderr:
[/mnt/host/source/src/platform/ec/build/zephyr/mtlrvpp_mchp-lcov]   /mnt/host/source/src/platform/ec/build/zephyr/mtlrvpp_mchp/build-rw/zephyr/CMakeFiles/zephyr.dir/lib/utils/last_section_id.c.gcno:no functions found
[/mnt/host/source/src/platform/ec/build/zephyr/mtlrvpp_mchp-lcov] stderr:
[trulo-ish:singleimage] -- CMake version: 3.31.7
[trulo-ish:singleimage] -- Found Python3: /usr/bin/python3.11 (found suitable version "3.11.11", minimum required is "3.10") found components: Interpreter
[trulo-ish:singleimage] -- Cache files will be written to: /mnt/host/source/src/platform/ec/build/zephyr/user-cache
[trulo-ish:singleimage] -- Zephyr version: 4.3.99 (/mnt/host/source/src/third_party/zephyr/main)
[/mnt/host/source/src/platform/ec/build/zephyr/krabby-lcov]   /mnt/host/source/src/platform/ec/build/zephyr/krabby/build-ro/modules/ec/zephyr/CMakeFiles/ec_shim.dir/shim/src/battery.c.gcno:no functions found
[/mnt/host/source/src/platform/ec/build/zephyr/krabby-lcov] stderr:
[/mnt/host/source/src/platform/ec/build/zephyr/krabby-lcov]   /mnt/host/source/src/platform/ec/build/zephyr/krabby/build-ro/modules/ec/zephyr/CMakeFiles/ec_shim.dir/shim/src/charger.c.gcno:no functions found
[/mnt/host/source/src/platform/ec/build/zephyr/krabby-lcov] stderr:
[/mnt/host/source/src/platform/ec/build/zephyr/krabby-lcov]   /mnt/host/source/src/platform/ec/build/zephyr/krabby/build-ro/modules/ec/zephyr/CMakeFiles/ec_shim.dir/shim/src/usb_muxes.c.gcno:no functions found
[/mnt/host/source/src/platform/ec/build/zephyr/krabby-lcov] stderr:
[meliks:ro] [12/406] Building C object CMakeFiles/app.dir/mnt/host/source/src/platform/ec/zephyr/subsys/ap_pwrseq/ap_events.c.obj
[geralt:ro] -- Board: it8xxx2, qualifiers: it81202cx
[chinchou:rw] -- Found Dtc: /usr/bin/dtc (found suitable version "1.6.0", minimum required is "1.4.6")
[chinchou:rw] -- Found BOARD.dts: /mnt/host/source/src/platform/ec/zephyr/boards/google/it8xxx2/it8xxx2_it81202bx.dts
[chinchou:rw] -- Found devicetree overlay: /mnt/host/source/src/platform/ec/zephyr/program/corsola/chinchou/project.overlay
[/mnt/host/source/src/platform/ec/build/zephyr/krabby-lcov]   /mnt/host/source/src/platform/ec/build/zephyr/krabby/build-ro/modules/ec/zephyr/CMakeFiles/ec_shim.dir/shim/src/chg_rt9490.c.gcno:no functions found
[/mnt/host/source/src/platform/ec/build/zephyr/krabby-lcov] stderr:
[/mnt/host/source/src/platform/ec/build/zephyr/kodkod-lcov]   /mnt/host/source/src/platform/ec/build/zephyr/kodkod/build-rw/zephyr/CMakeFiles/zephyr.dir/subsys/shell/modules/kernel_service/kernel_shell.c.gcno:no functions found
[/mnt/host/source/src/platform/ec/build/zephyr/kodkod-lcov] stderr:
[sundance:ro] -- Found Dtc: /usr/bin/dtc (found suitable version "1.6.0", minimum required is "1.4.6")
[sundance:ro] -- Found BOARD.dts: /mnt/host/source/src/platform/ec/zephyr/boards/google/npcx9/npcx9_npcx9m3f.dts
[sundance:rw] -- Found Dtc: /usr/bin/dtc (found suitable version "1.6.0", minimum required is "1.4.6")
[sundance:rw] -- Found BOARD.dts: /mnt/host/source/src/platform/ec/zephyr/boards/google/npcx9/npcx9_npcx9m3f.dts
[chinchou:ro] -- Found Dtc: /usr/bin/dtc (found suitable version "1.6.0", minimum required is "1.4.6")
[chinchou:ro] -- Found BOARD.dts: /mnt/host/source/src/platform/ec/zephyr/boards/google/it8xxx2/it8xxx2_it81202bx.dts
[meliks:ro] [13/406] Building C object CMakeFiles/app.dir/mnt/host/source/src/platform/ec/zephyr/subsys/ap_pwrseq/ap_power_interface.c.obj
[chinchou:ro] -- Found devicetree overlay: /mnt/host/source/src/platform/ec/zephyr/program/corsola/chinchou/project.overlay
[/mnt/host/source/src/platform/ec/build/zephyr/krabby-lcov]   /mnt/host/source/src/platform/ec/build/zephyr/krabby/build-ro/modules/ec/zephyr/CMakeFiles/ec_shim.dir/shim/src/usba.c.gcno:no functions found
[/mnt/host/source/src/platform/ec/build/zephyr/krabby-lcov] stderr:
[markarth:ro] -- Found Dtc: /usr/bin/dtc (found suitable version "1.6.0", minimum required is "1.4.6")
[markarth:ro] -- Found BOARD.dts: /mnt/host/source/src/platform/ec/zephyr/boards/google/npcx9/npcx9_npcx9m3f.dts
[/mnt/host/source/src/platform/ec/build/zephyr/kodkod-lcov]   /mnt/host/source/src/platform/ec/build/zephyr/kodkod/build-rw/zephyr/CMakeFiles/zephyr.dir/lib/libc/validate_libc.c.gcno:no functions found
[/mnt/host/source/src/platform/ec/build/zephyr/kodkod-lcov] stderr:
[trulo-ish:singleimage] -- Board: intel_ish_5_4_1, qualifiers: intel_ish_5_4_1
[markarth:rw] -- Found Dtc: /usr/bin/dtc (found suitable version "1.6.0", minimum required is "1.4.6")
[markarth:rw] -- Found BOARD.dts: /mnt/host/source/src/platform/ec/zephyr/boards/google/npcx9/npcx9_npcx9m3f.dts
[geralt:rw] -- Found Dtc: /usr/bin/dtc (found suitable version "1.6.0", minimum required is "1.4.6")
[ite-aic:ro] -- Found Dtc: /usr/bin/dtc (found suitable version "1.6.0", minimum required is "1.4.6")
[geralt:rw] -- Found BOARD.dts: /mnt/host/source/src/platform/ec/zephyr/boards/google/it8xxx2/it8xxx2_it81202cx.dts
[geralt:rw] -- Found devicetree overlay: /mnt/host/source/src/platform/ec/zephyr/program/geralt/geralt/project.overlay
[ite-aic:ro] -- Found BOARD.dts: /mnt/host/source/src/platform/ec/zephyr/boards/google/it8xxx2/it8xxx2_it82002aw.dts
[/mnt/host/source/src/platform/ec/build/zephyr/krabby-lcov]   /mnt/host/source/src/platform/ec/build/zephyr/krabby/build-ro/modules/ec/zephyr/CMakeFiles/ec_shim.dir/shim/src/keyscan.c.gcno:no functions found
[/mnt/host/source/src/platform/ec/build/zephyr/krabby-lcov] stderr:
[/mnt/host/source/src/platform/ec/build/zephyr/uldrenite-ish-lcov] stderr:
[/mnt/host/source/src/platform/ec/build/zephyr/uldrenite-ish-lcov]   /mnt/host/source/src/platform/ec/build/zephyr/uldrenite-ish/build-singleimage/modules/ec/zephyr/drivers/pw_transport/CMakeFiles/pw_transport.proto.nanopb.dir/pw_transport.proto/nanopb/pw_transport/proto/transport.pb.c.gcno:no functions found
[/mnt/host/source/src/platform/ec/build/zephyr/uldrenite-ish-lcov] stderr:
[meliks:ro] [14/406] Building C object CMakeFiles/app.dir/mnt/host/source/src/platform/ec/zephyr/subsys/ap_pwrseq/power_signals.c.obj
[geralt:ro] -- Found Dtc: /usr/bin/dtc (found suitable version "1.6.0", minimum required is "1.4.6")
[geralt:ro] -- Found BOARD.dts: /mnt/host/source/src/platform/ec/zephyr/boards/google/it8xxx2/it8xxx2_it81202cx.dts
[/mnt/host/source/src/platform/ec/build/zephyr/jubilant-lcov]   /mnt/host/source/src/platform/ec/build/zephyr/jubilant/build-ro/CMakeFiles/app.dir/mnt/host/source/src/platform/ec/build/zephyr/jubilant/modules/ec/common/cbi_config.c.gcno:no functions found
[/mnt/host/source/src/platform/ec/build/zephyr/jubilant-lcov] stderr:
[ite-aic:ro] -- Found devicetree overlay: /mnt/host/source/src/platform/ec/zephyr/program/ec-aic/ite-aic/project.overlay
[ite-aic:ro] -- Generated zephyr.dts: /mnt/host/source/src/platform/ec/build/zephyr/ite-aic/build-ro/zephyr/zephyr.dts
[ite-aic:ro] -- Generated pickled edt: /mnt/host/source/src/platform/ec/build/zephyr/ite-aic/build-ro/zephyr/edt.pickle
[chinchou:rw] -- Generated zephyr.dts: /mnt/host/source/src/platform/ec/build/zephyr/chinchou/build-rw/zephyr/zephyr.dts
[chinchou:rw] -- Generated pickled edt: /mnt/host/source/src/platform/ec/build/zephyr/chinchou/build-rw/zephyr/edt.pickle
[/mnt/host/source/src/platform/ec/build/zephyr/jubilant-lcov]   /mnt/host/source/src/platform/ec/build/zephyr/jubilant/build-ro/zephyr/arch/arch/riscv/core/CMakeFiles/arch__riscv__core.dir/cpu_idle.c.gcno:no functions found
[/mnt/host/source/src/platform/ec/build/zephyr/jubilant-lcov] stderr:
[meliks:ro] [15/406] Building C object CMakeFiles/app.dir/mnt/host/source/src/platform/ec/zephyr/subsys/ap_pwrseq/signal_gpio.c.obj
[trulo-ish:singleimage] -- Found Dtc: /usr/bin/dtc (found suitable version "1.6.0", minimum required is "1.4.6")
[trulo-ish:singleimage] -- Found BOARD.dts: /mnt/host/source/src/third_party/zephyr/main/boards/intel/ish/intel_ish_5_4_1.dts
[ite-aic:ro] -- Generated devicetree_generated.h: /mnt/host/source/src/platform/ec/build/zephyr/ite-aic/build-ro/zephyr/include/generated/zephyr/devicetree_generated.h
[trulo-ish:singleimage] -- Found devicetree overlay: /mnt/host/source/src/platform/ec/zephyr/program/trulo/trulo-ish/project.overlay
[geralt:rw] -- Generated zephyr.dts: /mnt/host/source/src/platform/ec/build/zephyr/geralt/build-rw/zephyr/zephyr.dts
[geralt:rw] -- Generated pickled edt: /mnt/host/source/src/platform/ec/build/zephyr/geralt/build-rw/zephyr/edt.pickle
[sundance:ro] -- Found devicetree overlay: /mnt/host/source/src/platform/ec/zephyr/program/nissa/sundance/project.overlay
[sundance:ro] -- Generated zephyr.dts: /mnt/host/source/src/platform/ec/build/zephyr/sundance/build-ro/zephyr/zephyr.dts
[chinchou:ro] -- Generated zephyr.dts: /mnt/host/source/src/platform/ec/build/zephyr/chinchou/build-ro/zephyr/zephyr.dts
[sundance:rw] -- Found devicetree overlay: /mnt/host/source/src/platform/ec/zephyr/program/nissa/sundance/project.overlay
[sundance:rw] -- Generated zephyr.dts: /mnt/host/source/src/platform/ec/build/zephyr/sundance/build-rw/zephyr/zephyr.dts
[sundance:rw] -- Generated pickled edt: /mnt/host/source/src/platform/ec/build/zephyr/sundance/build-rw/zephyr/edt.pickle
[chinchou:rw] -- Generated devicetree_generated.h: /mnt/host/source/src/platform/ec/build/zephyr/chinchou/build-rw/zephyr/include/generated/zephyr/devicetree_generated.h
[markarth:ro] -- Found devicetree overlay: /mnt/host/source/src/platform/ec/zephyr/program/skyrim/markarth/project.overlay
[markarth:ro] -- Generated zephyr.dts: /mnt/host/source/src/platform/ec/build/zephyr/markarth/build-ro/zephyr/zephyr.dts
[markarth:rw] -- Found devicetree overlay: /mnt/host/source/src/platform/ec/zephyr/program/skyrim/markarth/project.overlay
[markarth:rw] -- Generated zephyr.dts: /mnt/host/source/src/platform/ec/build/zephyr/markarth/build-rw/zephyr/zephyr.dts
[geralt:rw] -- Generated devicetree_generated.h: /mnt/host/source/src/platform/ec/build/zephyr/geralt/build-rw/zephyr/include/generated/zephyr/devicetree_generated.h
[chinchou:ro] -- Generated pickled edt: /mnt/host/source/src/platform/ec/build/zephyr/chinchou/build-ro/zephyr/edt.pickle
[chinchou:ro] -- Generated devicetree_generated.h: /mnt/host/source/src/platform/ec/build/zephyr/chinchou/build-ro/zephyr/include/generated/zephyr/devicetree_generated.h
[/mnt/host/source/src/platform/ec/build/zephyr/krabby-lcov]   /mnt/host/source/src/platform/ec/build/zephyr/krabby/build-ro/modules/ec/zephyr/CMakeFiles/ec_shim.dir/shim/src/bc12.c.gcno:no functions found
[/mnt/host/source/src/platform/ec/build/zephyr/krabby-lcov] stderr:
[sundance:ro] -- Generated pickled edt: /mnt/host/source/src/platform/ec/build/zephyr/sundance/build-ro/zephyr/edt.pickle
[sundance:ro] -- Generated devicetree_generated.h: /mnt/host/source/src/platform/ec/build/zephyr/sundance/build-ro/zephyr/include/generated/zephyr/devicetree_generated.h
[trulo-ish:singleimage] -- Generated zephyr.dts: /mnt/host/source/src/platform/ec/build/zephyr/trulo-ish/build-singleimage/zephyr/zephyr.dts
[sundance:rw] -- Generated devicetree_generated.h: /mnt/host/source/src/platform/ec/build/zephyr/sundance/build-rw/zephyr/include/generated/zephyr/devicetree_generated.h
[/mnt/host/source/src/platform/ec/build/zephyr/jubilant-lcov]   /mnt/host/source/src/platform/ec/build/zephyr/jubilant/build-ro/zephyr/arch/common/CMakeFiles/isr_tables.dir/isr_tables.c.gcno:no functions found
[/mnt/host/source/src/platform/ec/build/zephyr/jubilant-lcov] stderr:
[meliks:ro] [16/406] Building C object CMakeFiles/app.dir/mnt/host/source/src/platform/ec/zephyr/subsys/ap_pwrseq/signal_vw.c.obj
[trulo-ish:singleimage] -- Generated pickled edt: /mnt/host/source/src/platform/ec/build/zephyr/trulo-ish/build-singleimage/zephyr/edt.pickle
[trulo-ish:singleimage] -- Generated devicetree_generated.h: /mnt/host/source/src/platform/ec/build/zephyr/trulo-ish/build-singleimage/zephyr/include/generated/zephyr/devicetree_generated.h
[geralt:ro] -- Found devicetree overlay: /mnt/host/source/src/platform/ec/zephyr/program/geralt/geralt/project.overlay
[geralt:ro] -- Generated zephyr.dts: /mnt/host/source/src/platform/ec/build/zephyr/geralt/build-ro/zephyr/zephyr.dts
[geralt:ro] -- Generated pickled edt: /mnt/host/source/src/platform/ec/build/zephyr/geralt/build-ro/zephyr/edt.pickle
[markarth:ro] -- Generated pickled edt: /mnt/host/source/src/platform/ec/build/zephyr/markarth/build-ro/zephyr/edt.pickle
[markarth:ro] -- Generated devicetree_generated.h: /mnt/host/source/src/platform/ec/build/zephyr/markarth/build-ro/zephyr/include/generated/zephyr/devicetree_generated.h
[markarth:rw] -- Generated pickled edt: /mnt/host/source/src/platform/ec/build/zephyr/markarth/build-rw/zephyr/edt.pickle
[markarth:rw] -- Generated devicetree_generated.h: /mnt/host/source/src/platform/ec/build/zephyr/markarth/build-rw/zephyr/include/generated/zephyr/devicetree_generated.h
[ite-aic:ro] /mnt/host/source/src/platform/ec/build/zephyr/ite-aic/build-ro/zephyr/zephyr.dts:1233.27-1894.5: Warning (avoid_unnecessary_addr_size): /soc/pin-controller: unnecessary #address-cells/#size-cells without "ranges" or child "reg" property
[geralt:ro] -- Generated devicetree_generated.h: /mnt/host/source/src/platform/ec/build/zephyr/geralt/build-ro/zephyr/include/generated/zephyr/devicetree_generated.h
[chinchou:rw] /mnt/host/source/src/platform/ec/build/zephyr/chinchou/build-rw/zephyr/zephyr.dts:1199.27-1911.5: Warning (avoid_unnecessary_addr_size): /soc/pin-controller: unnecessary #address-cells/#size-cells without "ranges" or child "reg" property
[meliks:ro] [17/406] Building C object CMakeFiles/app.dir/mnt/host/source/src/platform/ec/zephyr/subsys/ap_pwrseq/signal_adc.c.obj
[geralt:rw] /mnt/host/source/src/platform/ec/build/zephyr/geralt/build-rw/zephyr/zephyr.dts:1212.27-1939.5: Warning (avoid_unnecessary_addr_size): /soc/pin-controller: unnecessary #address-cells/#size-cells without "ranges" or child "reg" property
[chinchou:ro] /mnt/host/source/src/platform/ec/build/zephyr/chinchou/build-ro/zephyr/zephyr.dts:1199.27-1911.5: Warning (avoid_unnecessary_addr_size): /soc/pin-controller: unnecessary #address-cells/#size-cells without "ranges" or child "reg" property
[markarth:ro] /mnt/host/source/src/platform/ec/build/zephyr/markarth/build-ro/zephyr/zephyr.dts:4169.15-4177.5: Warning (gpios_property): /fans/fan_0: Missing property '#gpio-cells' in node /named-gpios/pg_pcore_s0_r_od or bad phandle (referred from pgood-gpio[0])
[markarth:rw] /mnt/host/source/src/platform/ec/build/zephyr/markarth/build-rw/zephyr/zephyr.dts:4169.15-4177.5: Warning (gpios_property): /fans/fan_0: Missing property '#gpio-cells' in node /named-gpios/pg_pcore_s0_r_od or bad phandle (referred from pgood-gpio[0])
[meliks:ro] [18/406] Building C object CMakeFiles/app.dir/mnt/host/source/src/platform/ec/zephyr/subsys/ap_pwrseq/power_host_sleep.c.obj
[geralt:ro] /mnt/host/source/src/platform/ec/build/zephyr/geralt/build-ro/zephyr/zephyr.dts:1212.27-1939.5: Warning (avoid_unnecessary_addr_size): /soc/pin-controller: unnecessary #address-cells/#size-cells without "ranges" or child "reg" property
[/mnt/host/source/src/platform/ec/build/zephyr/mtlrvpp_mchp-lcov]   /mnt/host/source/src/platform/ec/build/zephyr/mtlrvpp_mchp/build-rw/zephyr/drivers/sensor/CMakeFiles/drivers__sensor.dir/mnt/host/source/src/third_party/zephyr/main/misc/empty_file.c.gcno:no functions found
[/mnt/host/source/src/platform/ec/build/zephyr/mtlrvpp_mchp-lcov] Filter suppressions 'region':
[/mnt/host/source/src/platform/ec/build/zephyr/mtlrvpp_mchp-lcov]     29 instances
[/mnt/host/source/src/platform/ec/build/zephyr/mtlrvpp_mchp-lcov]     20 coverpoints
[/mnt/host/source/src/platform/ec/build/zephyr/mtlrvpp_mchp-lcov] Message summary:
[/mnt/host/source/src/platform/ec/build/zephyr/mtlrvpp_mchp-lcov]   29 ignore messages:
[/mnt/host/source/src/platform/ec/build/zephyr/mtlrvpp_mchp-lcov]     gcov: 29
[meliks:ro] [19/406] Building C object CMakeFiles/app.dir/mnt/host/source/src/platform/ec/zephyr/subsys/ap_pwrseq/x86_non_dsx_common_pwrseq_sm_handler.c.obj
[/mnt/host/source/src/platform/ec/build/zephyr/uldrenite-ish-lcov]   /mnt/host/source/src/platform/ec/build/zephyr/uldrenite-ish/build-singleimage/modules/ec/zephyr/drivers/dsp_comms/CMakeFiles/dsp_comms.proto.nanopb.dir/dsp_comms.proto/nanopb/proto/ec_dsp.pb.c.gcno:no functions found
[/mnt/host/source/src/platform/ec/build/zephyr/uldrenite-ish-lcov] stderr:
[ite-aic:ro] warning: Deprecated symbol I2C_ALLOW_NO_STOP_TRANSACTIONS is enabled.
[meliks:ro] [20/406] Building C object CMakeFiles/app.dir/mnt/host/source/src/platform/ec/zephyr/subsys/ap_pwrseq/x86_non_dsx_chipset_power_state.c.obj
[/mnt/host/source/src/platform/ec/build/zephyr/jubilant-lcov]   /mnt/host/source/src/platform/ec/build/zephyr/jubilant/build-ro/zephyr/CMakeFiles/zephyr.dir/subsys/shell/modules/kernel_service/kernel_shell.c.gcno:no functions found
[/mnt/host/source/src/platform/ec/build/zephyr/jubilant-lcov] stderr:
[chinchou:rw] warning: The choice symbol PLATFORM_EC_ACCELGYRO_ICM_COMM_I2C (defined at
[chinchou:rw] /mnt/host/source/src/platform/ec/zephyr/Kconfig.accelgyro_icm:23) was selected (set =y), but no
[chinchou:rw] symbol ended up as the choice selection. See
[chinchou:rw] http://docs.zephyrproject.org/latest/kconfig.html#CONFIG_PLATFORM_EC_ACCELGYRO_ICM_COMM_I2C and/or
[chinchou:rw] look up PLATFORM_EC_ACCELGYRO_ICM_COMM_I2C in the menuconfig/guiconfig interface. The Application
[chinchou:rw] Development Primer, Setting Configuration Values, and Kconfig - Tips and Best Practices sections of
[chinchou:rw] the manual might be helpful too.
[chinchou:rw] warning: Deprecated symbol I2C_ALLOW_NO_STOP_TRANSACTIONS is enabled.
[meliks:ro] [21/406] Building C object CMakeFiles/app.dir/mnt/host/source/src/platform/ec/zephyr/subsys/ap_pwrseq/x86_non_dsx_common_pwrseq_host_sleep.c.obj
[/mnt/host/source/src/platform/ec/build/zephyr/krabby-lcov]   /mnt/host/source/src/platform/ec/build/zephyr/krabby/build-ro/CMakeFiles/app.dir/mnt/host/source/src/platform/ec/build/zephyr/krabby/modules/ec/common/usb_pd_pdo.c.gcno:no functions found
[/mnt/host/source/src/platform/ec/build/zephyr/krabby-lcov] stderr:
[/mnt/host/source/src/platform/ec/build/zephyr/jubilant-lcov]   /mnt/host/source/src/platform/ec/build/zephyr/jubilant/build-ro/zephyr/CMakeFiles/zephyr.dir/lib/libc/validate_libc.c.gcno:no functions found
[/mnt/host/source/src/platform/ec/build/zephyr/jubilant-lcov] stderr:
[sundance:ro] warning: PWM_SHELL (defined at /mnt/host/source/src/platform/ec/zephyr/app/ec/Kconfig:200,
[sundance:ro] drivers/pwm/Kconfig:23) was assigned the value 'y' but got the value 'n'. See
[sundance:ro] http://docs.zephyrproject.org/latest/kconfig.html#CONFIG_PWM_SHELL and/or look up PWM_SHELL in the
[sundance:ro] menuconfig/guiconfig interface. The Application Development Primer, Setting Configuration Values,
[sundance:ro] and Kconfig - Tips and Best Practices sections of the manual might be helpful too.
[sundance:ro] warning: PLATFORM_EC_OCPC_DEF_RBATT_MOHMS (defined at
[sundance:ro] /mnt/host/source/src/platform/ec/zephyr/Kconfig.charger:279) was assigned the value '22' but got the
[sundance:ro] value ''. Check these unsatisfied dependencies: PLATFORM_EC_OCPC (=n). See
[sundance:ro] http://docs.zephyrproject.org/latest/kconfig.html#CONFIG_PLATFORM_EC_OCPC_DEF_RBATT_MOHMS and/or
[sundance:ro] look up PLATFORM_EC_OCPC_DEF_RBATT_MOHMS in the menuconfig/guiconfig interface. The Application
[sundance:ro] Development Primer, Setting Configuration Values, and Kconfig - Tips and Best Practices sections of
[sundance:ro] the manual might be helpful too.
[sundance:ro] warning: PLATFORM_EC_OCPC_DEF_DRIVELIMIT_MILLIVOLTS (defined at
[sundance:ro] /mnt/host/source/src/platform/ec/zephyr/Kconfig.charger:288) was assigned the value '200' but got
[sundance:ro] the value ''. Check these unsatisfied dependencies: PLATFORM_EC_OCPC (=n). See
[sundance:ro] http://docs.zephyrproject.org/latest/kconfig.html#CONFIG_PLATFORM_EC_OCPC_DEF_DRIVELIMIT_MILLIVOLTS
[sundance:ro] and/or look up PLATFORM_EC_OCPC_DEF_DRIVELIMIT_MILLIVOLTS in the menuconfig/guiconfig interface. The
[sundance:ro] Application Development Primer, Setting Configuration Values, and Kconfig - Tips and Best Practices
[sundance:ro] sections of the manual might be helpful too.
[sundance:ro] warning: PLATFORM_EC_USB_PORT_ENABLE_DYNAMIC (defined at
[sundance:ro] /mnt/host/source/src/platform/ec/zephyr/Kconfig.usba:20) was assigned the value 'y' but got the
[sundance:ro] value 'n'. Check these unsatisfied dependencies: PLATFORM_EC_USBA (=n). See
[sundance:ro] http://docs.zephyrproject.org/latest/kconfig.html#CONFIG_PLATFORM_EC_USB_PORT_ENABLE_DYNAMIC and/or
[sundance:ro] look up PLATFORM_EC_USB_PORT_ENABLE_DYNAMIC in the menuconfig/guiconfig interface. The Application
[sundance:ro] Development Primer, Setting Configuration Values, and Kconfig - Tips and Best Practices sections of
[sundance:ro] the manual might be helpful too.
[sundance:rw] warning: PWM_SHELL (defined at /mnt/host/source/src/platform/ec/zephyr/app/ec/Kconfig:200,
[sundance:rw] drivers/pwm/Kconfig:23) was assigned the value 'y' but got the value 'n'. See
[sundance:rw] http://docs.zephyrproject.org/latest/kconfig.html#CONFIG_PWM_SHELL and/or look up PWM_SHELL in the
[sundance:rw] menuconfig/guiconfig interface. The Application Development Primer, Setting Configuration Values,
[sundance:rw] and Kconfig - Tips and Best Practices sections of the manual might be helpful too.
[sundance:rw] warning: PLATFORM_EC_OCPC_DEF_RBATT_MOHMS (defined at
[sundance:rw] /mnt/host/source/src/platform/ec/zephyr/Kconfig.charger:279) was assigned the value '22' but got the
[sundance:rw] value ''. Check these unsatisfied dependencies: PLATFORM_EC_OCPC (=n). See
[sundance:rw] http://docs.zephyrproject.org/latest/kconfig.html#CONFIG_PLATFORM_EC_OCPC_DEF_RBATT_MOHMS and/or
[sundance:rw] look up PLATFORM_EC_OCPC_DEF_RBATT_MOHMS in the menuconfig/guiconfig interface. The Application
[sundance:rw] Development Primer, Setting Configuration Values, and Kconfig - Tips and Best Practices sections of
[sundance:rw] the manual might be helpful too.
[sundance:rw] warning: PLATFORM_EC_OCPC_DEF_DRIVELIMIT_MILLIVOLTS (defined at
[sundance:rw] /mnt/host/source/src/platform/ec/zephyr/Kconfig.charger:288) was assigned the value '200' but got
[sundance:rw] the value ''. Check these unsatisfied dependencies: PLATFORM_EC_OCPC (=n). See
[sundance:rw] http://docs.zephyrproject.org/latest/kconfig.html#CONFIG_PLATFORM_EC_OCPC_DEF_DRIVELIMIT_MILLIVOLTS
[sundance:rw] and/or look up PLATFORM_EC_OCPC_DEF_DRIVELIMIT_MILLIVOLTS in the menuconfig/guiconfig interface. The
[sundance:rw] Application Development Primer, Setting Configuration Values, and Kconfig - Tips and Best Practices
[sundance:rw] sections of the manual might be helpful too.
[sundance:rw] warning: PLATFORM_EC_USB_PORT_ENABLE_DYNAMIC (defined at
[sundance:rw] /mnt/host/source/src/platform/ec/zephyr/Kconfig.usba:20) was assigned the value 'y' but got the
[sundance:rw] value 'n'. Check these unsatisfied dependencies: PLATFORM_EC_USBA (=n). See
[sundance:rw] http://docs.zephyrproject.org/latest/kconfig.html#CONFIG_PLATFORM_EC_USB_PORT_ENABLE_DYNAMIC and/or
[sundance:rw] look up PLATFORM_EC_USB_PORT_ENABLE_DYNAMIC in the menuconfig/guiconfig interface. The Application
[sundance:rw] Development Primer, Setting Configuration Values, and Kconfig - Tips and Best Practices sections of
[sundance:rw] the manual might be helpful too.
[chinchou:ro] warning: The choice symbol PLATFORM_EC_ACCELGYRO_ICM_COMM_I2C (defined at
[chinchou:ro] /mnt/host/source/src/platform/ec/zephyr/Kconfig.accelgyro_icm:23) was selected (set =y), but no
[chinchou:ro] symbol ended up as the choice selection. See
[chinchou:ro] http://docs.zephyrproject.org/latest/kconfig.html#CONFIG_PLATFORM_EC_ACCELGYRO_ICM_COMM_I2C and/or
[chinchou:ro] look up PLATFORM_EC_ACCELGYRO_ICM_COMM_I2C in the menuconfig/guiconfig interface. The Application
[chinchou:ro] Development Primer, Setting Configuration Values, and Kconfig - Tips and Best Practices sections of
[chinchou:ro] the manual might be helpful too.
[sundance:rw] warning: Deprecated symbol I2C_ALLOW_NO_STOP_TRANSACTIONS is enabled.
[ite-aic:ro] Parsing /mnt/host/source/src/platform/ec/zephyr/program/ec-aic/Kconfig
[geralt:rw] warning: Deprecated symbol I2C_ALLOW_NO_STOP_TRANSACTIONS is enabled.
[chinchou:rw] Parsing /mnt/host/source/src/platform/ec/zephyr/program/corsola/Kconfig
[trulo-ish:singleimage] warning: Deprecated symbol I2C_ALLOW_NO_STOP_TRANSACTIONS is enabled.
[meliks:ro] [22/406] Building C object CMakeFiles/app.dir/mnt/host/source/src/platform/ec/zephyr/subsys/ap_pwrseq/x86_non_dsx_common_pwrseq_host_command.c.obj
[markarth:ro] warning: PLATFORM_EC_PANIC_LOG (defined at /mnt/host/source/src/platform/ec/zephyr/Kconfig.panic:53)
[markarth:ro] was assigned the value 'y' but got the value 'n'. Check these unsatisfied dependencies: (!CROS_EC_RO
[markarth:ro] || ZTEST) (=n). See http://docs.zephyrproject.org/latest/kconfig.html#CONFIG_PLATFORM_EC_PANIC_LOG
[markarth:ro] and/or look up PLATFORM_EC_PANIC_LOG in the menuconfig/guiconfig interface. The Application
[markarth:ro] Development Primer, Setting Configuration Values, and Kconfig - Tips and Best Practices sections of
[markarth:ro] the manual might be helpful too.
[markarth:ro] warning: Deprecated symbol I2C_ALLOW_NO_STOP_TRANSACTIONS is enabled.
[meliks:ro] [23/406] Building C object CMakeFiles/app.dir/mnt/host/source/src/platform/ec/zephyr/subsys/ap_pwrseq/x86_non_dsx_common_pwrseq_console.c.obj
[chinchou:ro] Parsing /mnt/host/source/src/platform/ec/zephyr/program/corsola/Kconfig
[sundance:rw] Parsing /mnt/host/source/src/platform/ec/zephyr/program/nissa/Kconfig
[sundance:ro] Parsing /mnt/host/source/src/platform/ec/zephyr/program/nissa/Kconfig
[/mnt/host/source/src/platform/ec/build/zephyr/uldrenite-ish-lcov]   /mnt/host/source/src/platform/ec/build/zephyr/uldrenite-ish/build-singleimage/zephyr/arch/arch/x86/core/CMakeFiles/arch__x86__core.dir/spec_ctrl.c.gcno:no functions found
[/mnt/host/source/src/platform/ec/build/zephyr/uldrenite-ish-lcov] stderr:
[markarth:rw] warning: Deprecated symbol I2C_ALLOW_NO_STOP_TRANSACTIONS is enabled.
[geralt:rw] Parsing /mnt/host/source/src/platform/ec/zephyr/program/geralt/Kconfig
[trulo-ish:singleimage] Parsing /mnt/host/source/src/platform/ec/zephyr/program/trulo/Kconfig
[ite-aic:ro] Loaded configuration '/mnt/host/source/src/platform/ec/zephyr/boards/google/it8xxx2/it8xxx2_it82002aw_defconfig'
[ite-aic:ro] Merged configuration '/mnt/host/source/src/platform/ec/zephyr/program/ec-aic/program.conf'
[ite-aic:ro] Merged configuration '/mnt/host/source/src/platform/ec/zephyr/program/ec-aic/ite-aic/project.conf'
[ite-aic:ro] Merged configuration '/mnt/host/source/src/platform/ec/build/zephyr/ite-aic/kconfig-ro.conf'
[ite-aic:ro] Configuration saved to '/mnt/host/source/src/platform/ec/build/zephyr/ite-aic/build-ro/zephyr/.config'
[ite-aic:ro] Kconfig header saved to '/mnt/host/source/src/platform/ec/build/zephyr/ite-aic/build-ro/zephyr/include/generated/zephyr/autoconf.h'
[ite-aic:ro] -- Found GnuLd: /home/jpmurphy/.cache/coreboot-sdk/riscv64-elf/96b949749225b6aaa92ed810ab769e8dfb12f000/riscv64-elf/bin/ld.bfd (found version "2.43.1")
[/mnt/host/source/src/platform/ec/build/zephyr/jubilant-lcov]   /mnt/host/source/src/platform/ec/build/zephyr/jubilant/build-ro/zephyr/CMakeFiles/zephyr.dir/lib/utils/last_section_id.c.gcno:no functions found
[/mnt/host/source/src/platform/ec/build/zephyr/jubilant-lcov] stderr:
[markarth:ro] Parsing /mnt/host/source/src/platform/ec/zephyr/program/skyrim/Kconfig
[chinchou:rw] Loaded configuration '/mnt/host/source/src/platform/ec/zephyr/boards/google/it8xxx2/it8xxx2_it81202bx_defconfig'
[chinchou:rw] Merged configuration '/mnt/host/source/src/platform/ec/zephyr/program/corsola/program.conf'
[chinchou:rw] Merged configuration '/mnt/host/source/src/platform/ec/zephyr/program/corsola/ite_program.conf'
[chinchou:rw] Merged configuration '/mnt/host/source/src/platform/ec/zephyr/program/corsola/chinchou/project.conf'
[chinchou:rw] Merged configuration '/mnt/host/source/src/platform/ec/build/zephyr/chinchou/kconfig-rw.conf'
[chinchou:rw] Configuration saved to '/mnt/host/source/src/platform/ec/build/zephyr/chinchou/build-rw/zephyr/.config'
[chinchou:rw] Kconfig header saved to '/mnt/host/source/src/platform/ec/build/zephyr/chinchou/build-rw/zephyr/include/generated/zephyr/autoconf.h'
[chinchou:rw] -- Found GnuLd: /home/jpmurphy/.cache/coreboot-sdk/riscv64-elf/96b949749225b6aaa92ed810ab769e8dfb12f000/riscv64-elf/bin/ld.bfd (found version "2.43.1")
[ite-aic:ro] -- The C compiler identification is GNU 14.2.0
[markarth:rw] Parsing /mnt/host/source/src/platform/ec/zephyr/program/skyrim/Kconfig
[meliks:ro] [24/406] Building C object CMakeFiles/app.dir/mnt/host/source/src/platform/ec/zephyr/subsys/ap_pwrseq/ap_reset_log.c.obj
[geralt:ro] Parsing /mnt/host/source/src/platform/ec/zephyr/program/geralt/Kconfig
[meliks:ro] [25/406] Building C object CMakeFiles/app.dir/mnt/host/source/src/platform/ec/zephyr/subsys/ap_pwrseq/x86_non_dsx_adlp_pwrseq_sm.c.obj
[chinchou:rw] -- The C compiler identification is GNU 14.2.0
[ite-aic:ro] -- The CXX compiler identification is GNU 14.2.0
[chinchou:ro] Loaded configuration '/mnt/host/source/src/platform/ec/zephyr/boards/google/it8xxx2/it8xxx2_it81202bx_defconfig'
[chinchou:ro] Merged configuration '/mnt/host/source/src/platform/ec/zephyr/program/corsola/program.conf'
[chinchou:ro] Merged configuration '/mnt/host/source/src/platform/ec/zephyr/program/corsola/ite_program.conf'
[chinchou:ro] Merged configuration '/mnt/host/source/src/platform/ec/zephyr/program/corsola/chinchou/project.conf'
[chinchou:ro] Merged configuration '/mnt/host/source/src/platform/ec/build/zephyr/chinchou/kconfig-ro.conf'
[chinchou:ro] Configuration saved to '/mnt/host/source/src/platform/ec/build/zephyr/chinchou/build-ro/zephyr/.config'
[chinchou:ro] Kconfig header saved to '/mnt/host/source/src/platform/ec/build/zephyr/chinchou/build-ro/zephyr/include/generated/zephyr/autoconf.h'
[chinchou:ro] -- Found GnuLd: /home/jpmurphy/.cache/coreboot-sdk/riscv64-elf/96b949749225b6aaa92ed810ab769e8dfb12f000/riscv64-elf/bin/ld.bfd (found version "2.43.1")
[trulo-ish:singleimage] INFOSetting TOOLCHAIN_HAS_PICOLIBC to support full build.
[sundance:ro] Loaded configuration '/mnt/host/source/src/platform/ec/zephyr/boards/google/npcx9/npcx9_npcx9m3f_defconfig'
[sundance:ro] Merged configuration '/mnt/host/source/src/platform/ec/zephyr/program/nissa/program.conf'
[sundance:ro] Merged configuration '/mnt/host/source/src/platform/ec/zephyr/program/nissa/npcx_program.conf'
[sundance:ro] Merged configuration '/mnt/host/source/src/platform/ec/zephyr/program/nissa/sundance/project.conf'
[sundance:ro] Merged configuration '/mnt/host/source/src/platform/ec/build/zephyr/sundance/kconfig-ro.conf'
[sundance:ro] Configuration saved to '/mnt/host/source/src/platform/ec/build/zephyr/sundance/build-ro/zephyr/.config'
[sundance:ro] Kconfig header saved to '/mnt/host/source/src/platform/ec/build/zephyr/sundance/build-ro/zephyr/include/generated/zephyr/autoconf.h'
[sundance:ro] -- Found GnuLd: /home/jpmurphy/.cache/coreboot-sdk/arm-eabi/ea40ddd1d190c3b48435c474c0b545719371813a/arm-eabi/bin/ld.bfd (found version "2.43.1")
[sundance:rw] Loaded configuration '/mnt/host/source/src/platform/ec/zephyr/boards/google/npcx9/npcx9_npcx9m3f_defconfig'
[sundance:rw] Merged configuration '/mnt/host/source/src/platform/ec/zephyr/program/nissa/program.conf'
[sundance:rw] Merged configuration '/mnt/host/source/src/platform/ec/zephyr/program/nissa/npcx_program.conf'
[sundance:rw] Merged configuration '/mnt/host/source/src/platform/ec/zephyr/program/nissa/sundance/project.conf'
[sundance:rw] Merged configuration '/mnt/host/source/src/platform/ec/build/zephyr/sundance/kconfig-rw.conf'
[sundance:rw] Configuration saved to '/mnt/host/source/src/platform/ec/build/zephyr/sundance/build-rw/zephyr/.config'
[sundance:rw] Kconfig header saved to '/mnt/host/source/src/platform/ec/build/zephyr/sundance/build-rw/zephyr/include/generated/zephyr/autoconf.h'
[sundance:rw] -- Found GnuLd: /home/jpmurphy/.cache/coreboot-sdk/arm-eabi/ea40ddd1d190c3b48435c474c0b545719371813a/arm-eabi/bin/ld.bfd (found version "2.43.1")
[ite-aic:ro] -- The ASM compiler identification is GNU
[ite-aic:ro] -- Found assembler: /home/jpmurphy/.cache/coreboot-sdk/riscv64-elf/96b949749225b6aaa92ed810ab769e8dfb12f000/bin/riscv64-elf-gcc
[ite-aic:ro] CMake Warning at /mnt/host/source/src/platform/ec/zephyr/cmake/linker/ld/linker_libraries.cmake:11 (message):
[ite-aic:ro]   Disabling c_library
[trulo-ish:singleimage] Loaded configuration '/mnt/host/source/src/third_party/zephyr/main/boards/intel/ish/intel_ish_5_4_1_defconfig'
[trulo-ish:singleimage] Merged configuration '/mnt/host/source/src/platform/ec/zephyr/program/trulo/trulo-ish/prj.conf'
[trulo-ish:singleimage] Merged configuration '/mnt/host/source/src/platform/ec/zephyr/program/trulo/dsp_comms.conf'
[trulo-ish:singleimage] Merged configuration '/mnt/host/source/src/platform/ec/build/zephyr/trulo-ish/kconfig-singleimage.conf'
[trulo-ish:singleimage] Configuration saved to '/mnt/host/source/src/platform/ec/build/zephyr/trulo-ish/build-singleimage/zephyr/.config'
[trulo-ish:singleimage] Kconfig header saved to '/mnt/host/source/src/platform/ec/build/zephyr/trulo-ish/build-singleimage/zephyr/include/generated/zephyr/autoconf.h'
[trulo-ish:singleimage] -- Found GnuLd: /home/jpmurphy/.cache/coreboot-sdk/i386-elf/dfbb0486385d938cfa9d73080b9d18d598ed4f49/i386-elf/bin/ld.bfd (found version "2.43.1")
[geralt:rw] Loaded configuration '/mnt/host/source/src/platform/ec/zephyr/boards/google/it8xxx2/it8xxx2_it81202cx_defconfig'
[geralt:rw] Merged configuration '/mnt/host/source/src/platform/ec/zephyr/program/geralt/program.conf'
[geralt:rw] Merged configuration '/mnt/host/source/src/platform/ec/zephyr/program/geralt/geralt/project.conf'
[geralt:rw] Merged configuration '/mnt/host/source/src/platform/ec/build/zephyr/geralt/kconfig-rw.conf'
[geralt:rw] Configuration saved to '/mnt/host/source/src/platform/ec/build/zephyr/geralt/build-rw/zephyr/.config'
[geralt:rw] Kconfig header saved to '/mnt/host/source/src/platform/ec/build/zephyr/geralt/build-rw/zephyr/include/generated/zephyr/autoconf.h'
[geralt:rw] -- Found GnuLd: /home/jpmurphy/.cache/coreboot-sdk/riscv64-elf/96b949749225b6aaa92ed810ab769e8dfb12f000/riscv64-elf/bin/ld.bfd (found version "2.43.1")
[chinchou:rw] -- The CXX compiler identification is GNU 14.2.0
[chinchou:ro] -- The C compiler identification is GNU 14.2.0
[sundance:rw] -- The C compiler identification is GNU 14.2.0
[chinchou:rw] -- The ASM compiler identification is GNU
[chinchou:rw] -- Found assembler: /home/jpmurphy/.cache/coreboot-sdk/riscv64-elf/96b949749225b6aaa92ed810ab769e8dfb12f000/bin/riscv64-elf-gcc
[chinchou:rw] CMake Warning at /mnt/host/source/src/platform/ec/zephyr/cmake/linker/ld/linker_libraries.cmake:11 (message):
[chinchou:rw]   Disabling c_library
[chinchou:rw] Call Stack (most recent call first):
[chinchou:rw]   /mnt/host/source/src/third_party/zephyr/main/cmake/target_toolchain_flags.cmake:48 (include)
[chinchou:rw]   /mnt/host/source/src/third_party/zephyr/main/cmake/modules/kernel.cmake:153 (include)
[chinchou:rw]   /mnt/host/source/src/third_party/zephyr/main/cmake/modules/zephyr_default.cmake:138 (include)
[trulo-ish:singleimage] -- The C compiler identification is GNU 14.2.0
[sundance:ro] -- The C compiler identification is GNU 14.2.0
[markarth:ro] Loaded configuration '/mnt/host/source/src/platform/ec/zephyr/boards/google/npcx9/npcx9_npcx9m3f_defconfig'
[markarth:ro] Merged configuration '/mnt/host/source/src/platform/ec/zephyr/program/skyrim/program.conf'
[markarth:ro] Merged configuration '/mnt/host/source/src/platform/ec/zephyr/program/skyrim/markarth/project.conf'
[markarth:ro] Merged configuration '/mnt/host/source/src/platform/ec/build/zephyr/markarth/kconfig-ro.conf'
[markarth:ro] Configuration saved to '/mnt/host/source/src/platform/ec/build/zephyr/markarth/build-ro/zephyr/.config'
[markarth:ro] Kconfig header saved to '/mnt/host/source/src/platform/ec/build/zephyr/markarth/build-ro/zephyr/include/generated/zephyr/autoconf.h'
[markarth:ro] -- Found GnuLd: /home/jpmurphy/.cache/coreboot-sdk/arm-eabi/ea40ddd1d190c3b48435c474c0b545719371813a/arm-eabi/bin/ld.bfd (found version "2.43.1")
[geralt:rw] -- The C compiler identification is GNU 14.2.0
[chinchou:ro] -- The CXX compiler identification is GNU 14.2.0
[sundance:rw] -- The CXX compiler identification is GNU 14.2.0
[chinchou:ro] -- The ASM compiler identification is GNU
[chinchou:ro] -- Found assembler: /home/jpmurphy/.cache/coreboot-sdk/riscv64-elf/96b949749225b6aaa92ed810ab769e8dfb12f000/bin/riscv64-elf-gcc
[sundance:rw] -- The ASM compiler identification is GNU
[sundance:rw] -- Found assembler: /home/jpmurphy/.cache/coreboot-sdk/arm-eabi/ea40ddd1d190c3b48435c474c0b545719371813a/bin/arm-eabi-gcc
[chinchou:ro] warning: Deprecated symbol I2C_ALLOW_NO_STOP_TRANSACTIONS is enabled.
[chinchou:ro] CMake Warning at /mnt/host/source/src/platform/ec/zephyr/cmake/linker/ld/linker_libraries.cmake:11 (message):
[sundance:ro] -- The CXX compiler identification is GNU 14.2.0
[markarth:rw] Loaded configuration '/mnt/host/source/src/platform/ec/zephyr/boards/google/npcx9/npcx9_npcx9m3f_defconfig'
[markarth:rw] Merged configuration '/mnt/host/source/src/platform/ec/zephyr/program/skyrim/program.conf'
[markarth:rw] Merged configuration '/mnt/host/source/src/platform/ec/zephyr/program/skyrim/markarth/project.conf'
[markarth:rw] Merged configuration '/mnt/host/source/src/platform/ec/build/zephyr/markarth/kconfig-rw.conf'
[markarth:rw] Configuration saved to '/mnt/host/source/src/platform/ec/build/zephyr/markarth/build-rw/zephyr/.config'
[markarth:rw] Kconfig header saved to '/mnt/host/source/src/platform/ec/build/zephyr/markarth/build-rw/zephyr/include/generated/zephyr/autoconf.h'
[markarth:rw] -- Found GnuLd: /home/jpmurphy/.cache/coreboot-sdk/arm-eabi/ea40ddd1d190c3b48435c474c0b545719371813a/arm-eabi/bin/ld.bfd (found version "2.43.1")
[sundance:rw] CMake Warning at /mnt/host/source/src/platform/ec/zephyr/cmake/linker/ld/linker_libraries.cmake:11 (message):
[sundance:rw]   Disabling c_library
[sundance:rw] Call Stack (most recent call first):
[sundance:rw]   /mnt/host/source/src/third_party/zephyr/main/cmake/target_toolchain_flags.cmake:48 (include)
[sundance:rw]   /mnt/host/source/src/third_party/zephyr/main/cmake/modules/kernel.cmake:153 (include)
[sundance:rw]   /mnt/host/source/src/third_party/zephyr/main/cmake/modules/zephyr_default.cmake:138 (include)
[sundance:rw]   /mnt/host/source/src/third_party/zephyr/main/share/zephyr-package/cmake/ZephyrConfig.cmake:66 (include)
[sundance:rw]   /mnt/host/source/src/third_party/zephyr/main/share/zephyr-package/cmake/ZephyrConfig.cmake:97 (include_boilerplate)
[sundance:rw]   CMakeLists.txt:7 (find_package)
[meliks:ro] [26/406] Building C object CMakeFiles/app.dir/mnt/host/source/src/platform/ec/build/zephyr/meliks/modules/ec/common/base32.c.obj
[ite-aic:ro] -- Performing EC specific devicetree checks
[meliks:ro] [27/406] Building C object CMakeFiles/app.dir/mnt/host/source/src/platform/ec/build/zephyr/meliks/modules/ec/builtin/stdlib.c.obj
[trulo-ish:singleimage] -- The CXX compiler identification is GNU 14.2.0
[markarth:ro] -- The C compiler identification is GNU 14.2.0
[sundance:ro] -- The ASM compiler identification is GNU
[sundance:ro] -- Found assembler: /home/jpmurphy/.cache/coreboot-sdk/arm-eabi/ea40ddd1d190c3b48435c474c0b545719371813a/bin/arm-eabi-gcc
[sundance:ro] warning: Deprecated symbol I2C_ALLOW_NO_STOP_TRANSACTIONS is enabled.
[sundance:ro] CMake Warning at /mnt/host/source/src/platform/ec/zephyr/cmake/linker/ld/linker_libraries.cmake:11 (message):
[trulo-ish:singleimage] -- The ASM compiler identification is GNU
[trulo-ish:singleimage] -- Found assembler: /home/jpmurphy/.cache/coreboot-sdk/i386-elf/dfbb0486385d938cfa9d73080b9d18d598ed4f49/bin/i386-elf-gcc
[geralt:rw] -- The CXX compiler identification is GNU 14.2.0
[geralt:ro] Loaded configuration '/mnt/host/source/src/platform/ec/zephyr/boards/google/it8xxx2/it8xxx2_it81202cx_defconfig'
[geralt:ro] Merged configuration '/mnt/host/source/src/platform/ec/zephyr/program/geralt/program.conf'
[geralt:ro] Merged configuration '/mnt/host/source/src/platform/ec/zephyr/program/geralt/geralt/project.conf'
[geralt:ro] Merged configuration '/mnt/host/source/src/platform/ec/build/zephyr/geralt/kconfig-ro.conf'
[geralt:ro] Configuration saved to '/mnt/host/source/src/platform/ec/build/zephyr/geralt/build-ro/zephyr/.config'
[geralt:ro] Kconfig header saved to '/mnt/host/source/src/platform/ec/build/zephyr/geralt/build-ro/zephyr/include/generated/zephyr/autoconf.h'
[geralt:ro] -- Found GnuLd: /home/jpmurphy/.cache/coreboot-sdk/riscv64-elf/96b949749225b6aaa92ed810ab769e8dfb12f000/riscv64-elf/bin/ld.bfd (found version "2.43.1")
[chinchou:rw] -- Performing EC specific devicetree checks
[trulo-ish:singleimage] INFOSetting TOOLCHAIN_HAS_NEWLIB to support full build.
[trulo-ish:singleimage] CMake Warning at /mnt/host/source/src/platform/ec/zephyr/cmake/linker/ld/linker_libraries.cmake:11 (message):
[trulo-ish:singleimage]   Disabling c_library
[trulo-ish:singleimage] Call Stack (most recent call first):
[trulo-ish:singleimage]   /mnt/host/source/src/third_party/zephyr/main/cmake/target_toolchain_flags.cmake:48 (include)
[trulo-ish:singleimage]   /mnt/host/source/src/third_party/zephyr/main/cmake/modules/kernel.cmake:153 (include)
[trulo-ish:singleimage]   /mnt/host/source/src/third_party/zephyr/main/cmake/modules/zephyr_default.cmake:138 (include)
[trulo-ish:singleimage]   /mnt/host/source/src/third_party/zephyr/main/share/zephyr-package/cmake/ZephyrConfig.cmake:66 (include)
[trulo-ish:singleimage]   /mnt/host/source/src/third_party/zephyr/main/share/zephyr-package/cmake/ZephyrConfig.cmake:97 (include_boilerplate)
[trulo-ish:singleimage]   CMakeLists.txt:6 (find_package)
[trulo-ish:singleimage] INFOSetting c++_library to libstdc++ install path
[trulo-ish:singleimage] INFOSetting c_library to picolibc install path
[ite-aic:ro] Call Stack (most recent call first):
[ite-aic:ro]   /mnt/host/source/src/third_party/zephyr/main/cmake/target_toolchain_flags.cmake:48 (include)
[ite-aic:ro]   /mnt/host/source/src/third_party/zephyr/main/cmake/modules/kernel.cmake:153 (include)
[ite-aic:ro]   /mnt/host/source/src/third_party/zephyr/main/cmake/modules/zephyr_default.cmake:138 (include)
[ite-aic:ro]   /mnt/host/source/src/third_party/zephyr/main/share/zephyr-package/cmake/ZephyrConfig.cmake:66 (include)
[ite-aic:ro]   /mnt/host/source/src/third_party/zephyr/main/share/zephyr-package/cmake/ZephyrConfig.cmake:97 (include_boilerplate)
[ite-aic:ro]   CMakeLists.txt:6 (find_package)
[ite-aic:ro] INFO: Verified 1 GPIOs, no duplicates found
[markarth:rw] -- The C compiler identification is GNU 14.2.0
[geralt:rw] -- The ASM compiler identification is GNU
[geralt:rw] -- Found assembler: /home/jpmurphy/.cache/coreboot-sdk/riscv64-elf/96b949749225b6aaa92ed810ab769e8dfb12f000/bin/riscv64-elf-gcc
[geralt:rw] CMake Warning at /mnt/host/source/src/platform/ec/zephyr/cmake/linker/ld/linker_libraries.cmake:11 (message):
[geralt:rw]   Disabling c_library
[geralt:rw] Call Stack (most recent call first):
[geralt:rw]   /mnt/host/source/src/third_party/zephyr/main/cmake/target_toolchain_flags.cmake:48 (include)
[geralt:rw]   /mnt/host/source/src/third_party/zephyr/main/cmake/modules/kernel.cmake:153 (include)
[geralt:rw]   /mnt/host/source/src/third_party/zephyr/main/cmake/modules/zephyr_default.cmake:138 (include)
[markarth:ro] -- The CXX compiler identification is GNU 14.2.0
[geralt:rw]   /mnt/host/source/src/third_party/zephyr/main/share/zephyr-package/cmake/ZephyrConfig.cmake:66 (include)
[chinchou:rw]   /mnt/host/source/src/third_party/zephyr/main/share/zephyr-package/cmake/ZephyrConfig.cmake:66 (include)
[chinchou:rw]   /mnt/host/source/src/third_party/zephyr/main/share/zephyr-package/cmake/ZephyrConfig.cmake:97 (include_boilerplate)
[chinchou:rw]   CMakeLists.txt:7 (find_package)
[chinchou:rw] INFO: Verified 43 GPIOs, no duplicates found
[chinchou:rw] INFO: Verified 26 '*-gpios' properties, all flags match.
[chinchou:rw] INFO: Skipped 1 named-gpios children.
[markarth:ro] -- The ASM compiler identification is GNU
[ite-aic:ro] -- Generating component manifest file
[markarth:ro] CMake Warning at /mnt/host/source/src/platform/ec/zephyr/cmake/linker/ld/linker_libraries.cmake:11 (message):
[chinchou:ro] -- Performing EC specific devicetree checks
[markarth:rw] -- The CXX compiler identification is GNU 14.2.0
[geralt:ro] -- The C compiler identification is GNU 14.2.0
[trulo-ish:singleimage] -- Performing EC specific devicetree checks
[markarth:rw] -- The ASM compiler identification is GNU
[markarth:rw] -- Found assembler: /home/jpmurphy/.cache/coreboot-sdk/arm-eabi/ea40ddd1d190c3b48435c474c0b545719371813a/bin/arm-eabi-gcc
[markarth:rw] CMake Warning at /mnt/host/source/src/platform/ec/zephyr/cmake/linker/ld/linker_libraries.cmake:11 (message):
[ite-aic:ro] INFO: Verified 10 '*-gpios' properties, all flags match.
[chinchou:ro]   Disabling c_library
[ite-aic:ro] INFO: Skipped 1 named-gpios children.
[chinchou:ro] Call Stack (most recent call first):
[ite-aic:ro] INFO: Running CME, outputting to /mnt/host/source/src/platform/ec/build/zephyr/ite-aic/build-ro/zephyr/component_manifest.json
[chinchou:ro]   /mnt/host/source/src/third_party/zephyr/main/cmake/target_toolchain_flags.cmake:48 (include)
[chinchou:ro]   /mnt/host/source/src/third_party/zephyr/main/cmake/modules/kernel.cmake:153 (include)
[chinchou:ro]   /mnt/host/source/src/third_party/zephyr/main/cmake/modules/zephyr_default.cmake:138 (include)
[chinchou:ro]   /mnt/host/source/src/third_party/zephyr/main/share/zephyr-package/cmake/ZephyrConfig.cmake:66 (include)
[chinchou:ro]   /mnt/host/source/src/third_party/zephyr/main/share/zephyr-package/cmake/ZephyrConfig.cmake:97 (include_boilerplate)
[chinchou:ro]   CMakeLists.txt:7 (find_package)
[chinchou:ro] INFO: Verified 43 GPIOs, no duplicates found
[ite-aic:ro] INFO: Project ite-aic does not support SSFC
[ite-aic:ro] INFO: No usbc node found
[ite-aic:ro] INFO: No motionsense-sensor node found
[chinchou:ro] INFO: Verified 26 '*-gpios' properties, all flags match.
[chinchou:ro] INFO: Skipped 1 named-gpios children.
[chinchou:rw] -- Generating component manifest file
[sundance:rw] -- Performing EC specific devicetree checks
[trulo-ish:singleimage] INFO: Verified 2 GPIOs, no duplicates found
[geralt:ro] -- The CXX compiler identification is GNU 14.2.0
[geralt:rw] -- Performing EC specific devicetree checks
[geralt:ro] -- The ASM compiler identification is GNU
[geralt:ro] warning: Deprecated symbol I2C_ALLOW_NO_STOP_TRANSACTIONS is enabled.
[geralt:ro] CMake Warning at /mnt/host/source/src/platform/ec/zephyr/cmake/linker/ld/linker_libraries.cmake:11 (message):
[geralt:ro]   Disabling c_library
[geralt:ro] Call Stack (most recent call first):
[geralt:ro]   /mnt/host/source/src/third_party/zephyr/main/cmake/target_toolchain_flags.cmake:48 (include)
[geralt:ro]   /mnt/host/source/src/third_party/zephyr/main/cmake/modules/kernel.cmake:153 (include)
[geralt:ro]   /mnt/host/source/src/third_party/zephyr/main/cmake/modules/zephyr_default.cmake:138 (include)
[geralt:ro]   /mnt/host/source/src/third_party/zephyr/main/share/zephyr-package/cmake/ZephyrConfig.cmake:66 (include)
[geralt:ro]   /mnt/host/source/src/third_party/zephyr/main/share/zephyr-package/cmake/ZephyrConfig.cmake:97 (include_boilerplate)
[geralt:ro]   CMakeLists.txt:7 (find_package)
[sundance:ro] -- Performing EC specific devicetree checks
[chinchou:rw] INFO: Running CME, outputting to /mnt/host/source/src/platform/ec/build/zephyr/chinchou/build-rw/zephyr/component_manifest.json
[chinchou:rw] INFO: Component usbpd@f03700(ite,it8xxx2-usbpd) not on I2C bus, skip it
[chinchou:rw] INFO: Component virtual-mux-0(cros-ec,usbc-mux-virtual) not on I2C bus, skip it
[chinchou:rw] INFO: Component virtual-mux-1(cros-ec,usbc-mux-virtual) not on I2C bus, skip it
[chinchou:rw] INFO: Component virtual-mux-1(cros-ec,usbc-mux-virtual) not on I2C bus, skip it
[meliks:ro] [28/406] Building C object CMakeFiles/app.dir/mnt/host/source/src/platform/ec/build/zephyr/meliks/modules/ec/common/console_output.c.obj
[ite-aic:ro] -- warning_base_override: -Wall;-Wformat;-Wformat-security;-Wformat;-Wno-format-zero-length;-Wno-pointer-sign;-Wpointer-arith;-Wexpansion-to-defined
[chinchou:ro] -- Generating component manifest file
[sundance:rw] INFO: Verified 57 GPIOs, no duplicates found
[sundance:rw] INFO: Verified 26 '*-gpios' properties, all flags match.
[sundance:rw] INFO: Skipped 15 named-gpios children.
[trulo-ish:singleimage] -- Generating component manifest file
[geralt:rw]   /mnt/host/source/src/third_party/zephyr/main/share/zephyr-package/cmake/ZephyrConfig.cmake:97 (include_boilerplate)
[geralt:rw]   CMakeLists.txt:7 (find_package)
[geralt:rw] INFO: Verified 41 GPIOs, no duplicates found
[meliks:ro] [29/406] Building C object CMakeFiles/app.dir/mnt/host/source/src/platform/ec/build/zephyr/meliks/modules/ec/common/ec_features.c.obj
[sundance:ro]   Disabling c_library
[sundance:ro] Call Stack (most recent call first):
[sundance:ro]   /mnt/host/source/src/third_party/zephyr/main/cmake/target_toolchain_flags.cmake:48 (include)
[sundance:ro]   /mnt/host/source/src/third_party/zephyr/main/cmake/modules/kernel.cmake:153 (include)
[sundance:ro]   /mnt/host/source/src/third_party/zephyr/main/cmake/modules/zephyr_default.cmake:138 (include)
[sundance:ro]   /mnt/host/source/src/third_party/zephyr/main/share/zephyr-package/cmake/ZephyrConfig.cmake:66 (include)
[sundance:ro]   /mnt/host/source/src/third_party/zephyr/main/share/zephyr-package/cmake/ZephyrConfig.cmake:97 (include_boilerplate)
[sundance:ro]   CMakeLists.txt:7 (find_package)
[sundance:ro] INFO: Verified 57 GPIOs, no duplicates found
[chinchou:rw] -- warning_base_override: -Wall;-Wformat;-Wformat-security;-Wformat;-Wno-format-zero-length;-Wno-pointer-sign;-Wpointer-arith;-Wexpansion-to-defined
[chinchou:ro] INFO: Running CME, outputting to /mnt/host/source/src/platform/ec/build/zephyr/chinchou/build-ro/zephyr/component_manifest.json
[chinchou:ro] INFO: Component usbpd@f03700(ite,it8xxx2-usbpd) not on I2C bus, skip it
[chinchou:ro] INFO: Component virtual-mux-0(cros-ec,usbc-mux-virtual) not on I2C bus, skip it
[chinchou:ro] INFO: Component virtual-mux-1(cros-ec,usbc-mux-virtual) not on I2C bus, skip it
[chinchou:ro] INFO: Component virtual-mux-1(cros-ec,usbc-mux-virtual) not on I2C bus, skip it
[chinchou:ro] -- warning_base_override: -Wall;-Wformat;-Wformat-security;-Wformat;-Wno-format-zero-length;-Wno-pointer-sign;-Wpointer-arith;-Wexpansion-to-defined
[sundance:rw] -- Generating component manifest file
[trulo-ish:singleimage] INFO: Verified 1 '*-gpios' properties, all flags match.
[trulo-ish:singleimage] INFO: Skipped 1 named-gpios children.
[trulo-ish:singleimage] INFO: Running CME, outputting to /mnt/host/source/src/platform/ec/build/zephyr/trulo-ish/build-singleimage/zephyr/component_manifest.json
[trulo-ish:singleimage] INFO: Project trulo-ish does not support SSFC
[trulo-ish:singleimage] INFO: No usbc node found
[/mnt/host/source/src/platform/ec/build/zephyr/kodkod-lcov]   /mnt/host/source/src/platform/ec/build/zephyr/kodkod/build-rw/zephyr/CMakeFiles/zephyr.dir/lib/utils/last_section_id.c.gcno:no functions found
[/mnt/host/source/src/platform/ec/build/zephyr/kodkod-lcov] stderr:
[geralt:rw] -- Generating component manifest file
[geralt:ro] -- Found assembler: /home/jpmurphy/.cache/coreboot-sdk/riscv64-elf/96b949749225b6aaa92ed810ab769e8dfb12f000/bin/riscv64-elf-gcc
[geralt:ro] -- Performing EC specific devicetree checks
[sundance:ro] -- Generating component manifest file
[ite-aic:ro] -- Found gen_kobject_list: /mnt/host/source/src/third_party/zephyr/main/scripts/build/gen_kobject_list.py
[markarth:ro] -- Found assembler: /home/jpmurphy/.cache/coreboot-sdk/arm-eabi/ea40ddd1d190c3b48435c474c0b545719371813a/bin/arm-eabi-gcc
[markarth:ro] -- Performing EC specific devicetree checks
[markarth:rw] -- Performing EC specific devicetree checks
[ite-aic:ro] CMake Warning at /mnt/host/source/src/third_party/zephyr/main/CMakeLists.txt:1134 (message):
[ite-aic:ro]   No SOURCES given to Zephyr library: drivers__syscon
[ite-aic:ro]   Excluding target from build.
[ite-aic:ro] CMake Warning at /mnt/host/source/src/third_party/zephyr/main/CMakeLists.txt:2359 (message):
[ite-aic:ro]   __ASSERT() statements are globally ENABLED
[sundance:rw] INFO: Running CME, outputting to /mnt/host/source/src/platform/ec/build/zephyr/sundance/build-rw/zephyr/component_manifest.json
[sundance:rw] INFO: Project sundance does not support SSFC
[sundance:rw] INFO: Component virtual-mux-0(cros-ec,usbc-mux-virtual) not on I2C bus, skip it
[sundance:rw] INFO: Component virtual-mux-1(cros-ec,usbc-mux-virtual) not on I2C bus, skip it
[sundance:rw] INFO: No motionsense-sensor-alt node found
[chinchou:rw] -- Found gen_kobject_list: /mnt/host/source/src/third_party/zephyr/main/scripts/build/gen_kobject_list.py
[geralt:ro] INFO: Verified 41 GPIOs, no duplicates found
[geralt:ro] INFO: Verified 26 '*-gpios' properties, all flags match.
[geralt:rw] INFO: Verified 26 '*-gpios' properties, all flags match.
[geralt:rw] INFO: Skipped 1 named-gpios children.
[geralt:rw] INFO: Running CME, outputting to /mnt/host/source/src/platform/ec/build/zephyr/geralt/build-rw/zephyr/component_manifest.json
[chinchou:ro] -- Found gen_kobject_list: /mnt/host/source/src/third_party/zephyr/main/scripts/build/gen_kobject_list.py
[markarth:ro]   Disabling c_library
[markarth:ro] Call Stack (most recent call first):
[markarth:ro]   /mnt/host/source/src/third_party/zephyr/main/cmake/target_toolchain_flags.cmake:48 (include)
[markarth:ro]   /mnt/host/source/src/third_party/zephyr/main/cmake/modules/kernel.cmake:153 (include)
[markarth:ro]   /mnt/host/source/src/third_party/zephyr/main/cmake/modules/zephyr_default.cmake:138 (include)
[markarth:ro]   /mnt/host/source/src/third_party/zephyr/main/share/zephyr-package/cmake/ZephyrConfig.cmake:66 (include)
[markarth:ro]   /mnt/host/source/src/third_party/zephyr/main/share/zephyr-package/cmake/ZephyrConfig.cmake:97 (include_boilerplate)
[markarth:ro]   CMakeLists.txt:7 (find_package)
[markarth:ro] INFO: Verified 89 GPIOs, no duplicates found
[markarth:ro] INFO: Verified 7 '*-gpios' properties, all flags match.
[chinchou:rw] CMake Warning at /mnt/host/source/src/third_party/zephyr/main/CMakeLists.txt:2359 (message):
[chinchou:rw]   __ASSERT() statements are globally ENABLED
[sundance:ro] INFO: Verified 26 '*-gpios' properties, all flags match.
[sundance:ro] INFO: Skipped 15 named-gpios children.
[sundance:ro] INFO: Running CME, outputting to /mnt/host/source/src/platform/ec/build/zephyr/sundance/build-ro/zephyr/component_manifest.json
[markarth:rw]   Disabling c_library
[markarth:rw] Call Stack (most recent call first):
[markarth:rw]   /mnt/host/source/src/third_party/zephyr/main/cmake/target_toolchain_flags.cmake:48 (include)
[markarth:rw]   /mnt/host/source/src/third_party/zephyr/main/cmake/modules/kernel.cmake:153 (include)
[markarth:rw]   /mnt/host/source/src/third_party/zephyr/main/cmake/modules/zephyr_default.cmake:138 (include)
[markarth:rw]   /mnt/host/source/src/third_party/zephyr/main/share/zephyr-package/cmake/ZephyrConfig.cmake:66 (include)
[markarth:rw]   /mnt/host/source/src/third_party/zephyr/main/share/zephyr-package/cmake/ZephyrConfig.cmake:97 (include_boilerplate)
[markarth:rw]   CMakeLists.txt:7 (find_package)
[markarth:rw] INFO: Verified 89 GPIOs, no duplicates found
[markarth:rw] INFO: Verified 7 '*-gpios' properties, all flags match.
[markarth:rw] INFO: Skipped 2 named-gpios children.
[ite-aic:ro] -- Configuring done (14.6s)
[trulo-ish:singleimage] -- warning_base_override: -Wall;-Wformat;-Wformat-security;-Wformat;-Wno-format-zero-length;-Wno-pointer-sign;-Wpointer-arith;-Wexpansion-to-defined
[trulo-ish:singleimage] INFO: No motionsense-sensor-alt node found
[trulo-ish:singleimage] The PW_ROOT environment variable is not set; using /mnt/host/source/src/platform/ec/build/zephyr/trulo-ish/modules/pigweed within CMake
[chinchou:ro] CMake Warning at /mnt/host/source/src/third_party/zephyr/main/CMakeLists.txt:2359 (message):
[chinchou:ro]   __ASSERT() statements are globally ENABLED
[chinchou:rw] -- Configuring done (15.1s)
[meliks:ro] [30/406] Building C object CMakeFiles/app.dir/mnt/host/source/src/platform/ec/build/zephyr/meliks/modules/ec/common/gpio_commands.c.obj
[sundance:rw] -- warning_base_override: -Wall;-Wformat;-Wformat-security;-Wformat;-Wno-format-zero-length;-Wno-pointer-sign;-Wpointer-arith;-Wexpansion-to-defined
[chinchou:ro] -- Configuring done (15.1s)
[/mnt/host/source/src/platform/ec/build/zephyr/uldrenite-ish-lcov]   /mnt/host/source/src/platform/ec/build/zephyr/uldrenite-ish/build-singleimage/zephyr/CMakeFiles/zephyr.dir/subsys/shell/modules/kernel_service/kernel_shell.c.gcno:no functions found
[geralt:rw] -- warning_base_override: -Wall;-Wformat;-Wformat-security;-Wformat;-Wno-format-zero-length;-Wno-pointer-sign;-Wpointer-arith;-Wexpansion-to-defined
[/mnt/host/source/src/platform/ec/build/zephyr/uldrenite-ish-lcov] stderr:
[markarth:ro] -- Generating component manifest file
[sundance:ro] -- warning_base_override: -Wall;-Wformat;-Wformat-security;-Wformat;-Wno-format-zero-length;-Wno-pointer-sign;-Wpointer-arith;-Wexpansion-to-defined
[markarth:rw] -- Generating component manifest file
[geralt:ro] -- Generating component manifest file
[ite-aic:ro] -- Generating done (0.4s)
[ite-aic:ro] CMake Warning:
[ite-aic:ro] -- Build files have been written to: /mnt/host/source/src/platform/ec/build/zephyr/ite-aic/build-ro
[meliks:ro] [31/406] Building C object CMakeFiles/app.dir/mnt/host/source/src/platform/ec/build/zephyr/meliks/modules/ec/common/peripheral.c.obj
[markarth:ro] INFO: Skipped 2 named-gpios children.
[markarth:ro] INFO: Running CME, outputting to /mnt/host/source/src/platform/ec/build/zephyr/markarth/build-ro/zephyr/component_manifest.json
[markarth:ro] INFO: Project markarth does not support SSFC
[markarth:ro] INFO: Component aoz1380(aoz,aoz1380) not on I2C bus, skip it
[markarth:ro] INFO: No motionsense-sensor-alt node found
[geralt:ro] INFO: Skipped 1 named-gpios children.
[geralt:ro] INFO: Running CME, outputting to /mnt/host/source/src/platform/ec/build/zephyr/geralt/build-ro/zephyr/component_manifest.json
[geralt:ro] INFO: Project geralt does not support SSFC
[geralt:ro] INFO: Component usbpd@f03700(ite,it8xxx2-usbpd) not on I2C bus, skip it
[geralt:ro] -- warning_base_override: -Wall;-Wformat;-Wformat-security;-Wformat;-Wno-format-zero-length;-Wno-pointer-sign;-Wpointer-arith;-Wexpansion-to-defined
[sundance:rw] -- Found gen_kobject_list: /mnt/host/source/src/third_party/zephyr/main/scripts/build/gen_kobject_list.py
[markarth:rw] INFO: Running CME, outputting to /mnt/host/source/src/platform/ec/build/zephyr/markarth/build-rw/zephyr/component_manifest.json
[markarth:rw] INFO: Project markarth does not support SSFC
[markarth:rw] INFO: Component aoz1380(aoz,aoz1380) not on I2C bus, skip it
[markarth:rw] INFO: No motionsense-sensor-alt node found
[chinchou:rw] -- Generating done (0.4s)
[chinchou:rw] CMake Warning:
[chinchou:rw]   Manually-specified variables were not used by the project:
[chinchou:rw]     COREBOOT_SDK_ROOT_arm
[chinchou:rw]     COREBOOT_SDK_ROOT_libstdcxx_arm
[chinchou:rw]     COREBOOT_SDK_ROOT_libstdcxx_x86
[chinchou:rw]     COREBOOT_SDK_ROOT_nds32
[chinchou:rw]     COREBOOT_SDK_ROOT_picolibc_arm
[chinchou:rw]     COREBOOT_SDK_ROOT_picolibc_x86
[chinchou:rw]     COREBOOT_SDK_ROOT_riscv
[chinchou:rw]     COREBOOT_SDK_ROOT_x86
[chinchou:rw] -- Build files have been written to: /mnt/host/source/src/platform/ec/build/zephyr/chinchou/build-rw
[ite-aic:ro]   Manually-specified variables were not used by the project:
[ite-aic:ro]     COREBOOT_SDK_ROOT_arm
[ite-aic:ro]     COREBOOT_SDK_ROOT_libstdcxx_arm
[ite-aic:ro]     COREBOOT_SDK_ROOT_libstdcxx_x86
[ite-aic:ro]     COREBOOT_SDK_ROOT_nds32
[ite-aic:ro]     COREBOOT_SDK_ROOT_picolibc_arm
[ite-aic:ro]     COREBOOT_SDK_ROOT_picolibc_x86
[ite-aic:ro]     COREBOOT_SDK_ROOT_riscv
[ite-aic:ro]     COREBOOT_SDK_ROOT_x86
[ite-aic:rw] Configuring.
Running `env -i PYTHONPATH=/usr/lib64/python-exec/python3.11:/mnt/host/source/src/platform/ec/zephyr/zmake:/usr/lib/python311.zip:/usr/lib/python3.11:/usr/lib/python3.11/lib-dynload:/usr/lib/python3.11/site-packages PW_PIGWEED_CIPD_INSTALL_DIR=/usr CROSTC_USER_ACKNOWLEDGES_THAT_RISCV_IS_EXPERIMENTAL=1 PATH=/mnt/host/source/chromite/bin:/usr/local/bin:/usr/bin:/bin:/opt/bin:/mnt/host/source/chromite/sdk/bin:/mnt/host/source/chromite/bin HOME=/home/jpmurphy JAVA_HOME=/etc/java-config-2/current-system-vm JDK_HOME=/etc/java-config-2/current-system-vm JAVAC=/etc/java-config-2/current-system-vm/bin/javac MAKEFLAGS=' -j16 --jobserver-auth=5,6' /usr/bin/cmake -S /mnt/host/source/src/platform/ec/zephyr/program/ec-aic -B /mnt/host/source/src/platform/ec/build/zephyr/ite-aic/build-rw -GNinja -DCMAKE_EXPORT_COMPILE_COMMANDS=ON -DZEPHYR_BASE=/mnt/host/source/src/third_party/zephyr/main -DZMAKE_INCLUDE_DIR=/mnt/host/source/src/platform/ec/build/zephyr/ite-aic/include -DPython3_EXECUTABLE=/usr/bin/python3.11 -DDTS_ROOT=/mnt/host/source/src/platform/ec/zephyr -DSYSCALL_INCLUDE_DIRS=/mnt/host/source/src/platform/ec/zephyr/include/drivers -DUSER_CACHE_DIR=/mnt/host/source/src/platform/ec/build/zephyr/user-cache '-DEXTRA_EC_VERSION_FLAGS=--version 16543.0.0 --static' -DTOOLCHAIN_ROOT=/mnt/host/source/src/platform/ec/zephyr -DCOREBOOT_SDK_ROOT_x86=/home/jpmurphy/.cache/coreboot-sdk/i386-elf/dfbb0486385d938cfa9d73080b9d18d598ed4f49 -DCOREBOOT_SDK_ROOT_picolibc_x86=/home/jpmurphy/.cache/coreboot-sdk/picolibc-i386-elf/eb8e8e687b95461de8cbf278f1c2076952d0ad17 -DCOREBOOT_SDK_ROOT_riscv64=/home/jpmurphy/.cache/coreboot-sdk/riscv64-elf/96b949749225b6aaa92ed810ab769e8dfb12f000 -DCOREBOOT_SDK_ROOT_picolibc_arm=/home/jpmurphy/.cache/coreboot-sdk/picolibc-arm-eabi/422a2aa3e1ef891b5bece9a3deb696ff83840d2e -DCOREBOOT_SDK_ROOT_nds32=/home/jpmurphy/.cache/coreboot-sdk/nds32le-elf/d1a518c4a097666d86058e1444f85ca015d15511 -DCOREBOOT_SDK_ROOT_picolibc_riscv64=/home/jpmurphy/.cache/coreboot-sdk/picolibc-riscv64-elf/f571e990ef0278564b31124f8bb109d9a697eb69 -DCOREBOOT_SDK_ROOT_arm=/home/jpmurphy/.cache/coreboot-sdk/arm-eabi/ea40ddd1d190c3b48435c474c0b545719371813a -DCOREBOOT_SDK_ROOT_libstdcxx_riscv64=/home/jpmurphy/.cache/coreboot-sdk/libstdcxx-riscv64-elf/17abf22a3a252e2d5d2062ced5324f7a623689e0 -DCOREBOOT_SDK_ROOT_libstdcxx_arm=/home/jpmurphy/.cache/coreboot-sdk/libstdcxx-arm-eabi/5d7d82e150e44aa1968f1d366e267e6687b328ac -DCOREBOOT_SDK_ROOT_riscv=/home/jpmurphy/.cache/coreboot-sdk/riscv-elf/9a27b9e82341c6e9126624f516ab3f261abb3e73 -DCOREBOOT_SDK_ROOT_libstdcxx_x86=/home/jpmurphy/.cache/coreboot-sdk/libstdcxx-i386-elf/42ef9d2e87a76a37963175d7d428734e65648b87 -DZEPHYR_TOOLCHAIN_VARIANT=coreboot-sdk -DZEPHYR_MODULES=/mnt/host/source/src/platform/ec/build/zephyr/ite-aic/modules/ec -DDTC_OVERLAY_FILE=/mnt/host/source/src/platform/ec/zephyr/program/ec-aic/ite-aic/project.overlay -DBOARD=it8xxx2/it82002aw -DCMAKE_C_FLAGS=-DSECTION_IS_RW '-DCONF_FILE=/mnt/host/source/src/platform/ec/zephyr/program/ec-aic/program.conf;/mnt/host/source/src/platform/ec/zephyr/program/ec-aic/ite-aic/project.conf;/mnt/host/source/src/platform/ec/build/zephyr/ite-aic/kconfig-rw.conf'`
[ite-aic:rw] Loading Zephyr default modules (Zephyr base (cached)).
[ite-aic:rw] -- Application: /mnt/host/source/src/platform/ec/zephyr/program/ec-aic
[ite-aic:rw] -- CMake version: 3.31.7
[sundance:ro] -- Found gen_kobject_list: /mnt/host/source/src/third_party/zephyr/main/scripts/build/gen_kobject_list.py
[chinchou:ro] -- Generating done (0.4s)
[chinchou:ro] -- Build files have been written to: /mnt/host/source/src/platform/ec/build/zephyr/chinchou/build-ro
[chinchou:ro] CMake Warning:
[geralt:rw] -- Found gen_kobject_list: /mnt/host/source/src/third_party/zephyr/main/scripts/build/gen_kobject_list.py
[markarth:ro] -- warning_base_override: -Wall;-Wformat;-Wformat-security;-Wformat;-Wno-format-zero-length;-Wno-pointer-sign;-Wpointer-arith;-Wexpansion-to-defined
[geralt:rw] INFO: Project geralt does not support SSFC
[geralt:rw] INFO: Component usbpd@f03700(ite,it8xxx2-usbpd) not on I2C bus, skip it
[geralt:rw] INFO: Component virtual-mux-0(cros-ec,usbc-mux-virtual) not on I2C bus, skip it
[geralt:rw] INFO: Component usbpd@f03800(ite,it8xxx2-usbpd) not on I2C bus, skip it
[geralt:rw] INFO: Component virtual-mux-1(cros-ec,usbc-mux-virtual) not on I2C bus, skip it
[geralt:rw] INFO: Component virtual-mux-1(cros-ec,usbc-mux-virtual) not on I2C bus, skip it
[geralt:rw] INFO: No motionsense-sensor-alt node found
[geralt:rw] CMake Warning at /mnt/host/source/src/third_party/zephyr/main/CMakeLists.txt:2359 (message):
[geralt:rw]   __ASSERT() statements are globally ENABLED
[sundance:rw] -- Configuring done (15.7s)
[chinchou:ro]   Manually-specified variables were not used by the project:
[chinchou:ro]     COREBOOT_SDK_ROOT_arm
[chinchou:ro]     COREBOOT_SDK_ROOT_libstdcxx_arm
[chinchou:ro]     COREBOOT_SDK_ROOT_libstdcxx_x86
[chinchou:ro]     COREBOOT_SDK_ROOT_nds32
[chinchou:ro]     COREBOOT_SDK_ROOT_picolibc_arm
[chinchou:ro]     COREBOOT_SDK_ROOT_picolibc_x86
[chinchou:ro]     COREBOOT_SDK_ROOT_riscv
[chinchou:ro]     COREBOOT_SDK_ROOT_x86
[markarth:rw] -- warning_base_override: -Wall;-Wformat;-Wformat-security;-Wformat;-Wno-format-zero-length;-Wno-pointer-sign;-Wpointer-arith;-Wexpansion-to-defined
Toolchain <zmake.toolchains.CorebootSdkToolchain object at 0x7f4143948810> selected by probe function.
[minimal-npcx9] Building in /mnt/host/source/src/platform/ec/build/zephyr/minimal-npcx9.
[geralt:rw] -- Configuring done (15.4s)
[sundance:ro] -- Configuring done (16.0s)
[geralt:ro] -- Found gen_kobject_list: /mnt/host/source/src/third_party/zephyr/main/scripts/build/gen_kobject_list.py
[ite-aic:rw] -- Found Python3: /usr/bin/python3.11 (found suitable version "3.11.11", minimum required is "3.10") found components: Interpreter
[ite-aic:rw] -- Cache files will be written to: /mnt/host/source/src/platform/ec/build/zephyr/user-cache
[ite-aic:rw] -- Zephyr version: 4.3.99 (/mnt/host/source/src/third_party/zephyr/main)
[geralt:ro] INFO: Component virtual-mux-0(cros-ec,usbc-mux-virtual) not on I2C bus, skip it
[geralt:ro] INFO: Component usbpd@f03800(ite,it8xxx2-usbpd) not on I2C bus, skip it
[geralt:ro] INFO: Component virtual-mux-1(cros-ec,usbc-mux-virtual) not on I2C bus, skip it
[geralt:ro] INFO: Component virtual-mux-1(cros-ec,usbc-mux-virtual) not on I2C bus, skip it
[geralt:ro] INFO: No motionsense-sensor-alt node found
[geralt:ro] CMake Warning at /mnt/host/source/src/third_party/zephyr/main/CMakeLists.txt:2359 (message):
[geralt:ro]   __ASSERT() statements are globally ENABLED
[meliks:ro] [32/406] Building C object CMakeFiles/app.dir/mnt/host/source/src/platform/ec/build/zephyr/meliks/modules/ec/common/printf.c.obj
[markarth:ro] -- Found gen_kobject_list: /mnt/host/source/src/third_party/zephyr/main/scripts/build/gen_kobject_list.py
[geralt:ro] -- Configuring done (14.9s)
[markarth:rw] -- Found gen_kobject_list: /mnt/host/source/src/third_party/zephyr/main/scripts/build/gen_kobject_list.py
[geralt:rw] -- Generating done (0.4s)
[geralt:rw] CMake Warning:
[geralt:rw]   Manually-specified variables were not used by the project:
[geralt:rw]     COREBOOT_SDK_ROOT_arm
[sundance:rw] -- Generating done (0.5s)
[sundance:rw] CMake Warning:
[geralt:rw]     COREBOOT_SDK_ROOT_libstdcxx_arm
[geralt:rw]     COREBOOT_SDK_ROOT_libstdcxx_x86
[geralt:rw]     COREBOOT_SDK_ROOT_nds32
[geralt:rw]     COREBOOT_SDK_ROOT_picolibc_arm
[geralt:rw]     COREBOOT_SDK_ROOT_picolibc_x86
[geralt:rw]     COREBOOT_SDK_ROOT_riscv
[geralt:rw]     COREBOOT_SDK_ROOT_x86
[sundance:rw] -- Build files have been written to: /mnt/host/source/src/platform/ec/build/zephyr/sundance/build-rw
[geralt:rw] -- Build files have been written to: /mnt/host/source/src/platform/ec/build/zephyr/geralt/build-rw
[markarth:ro] -- Configuring done (16.1s)
[sundance:ro] -- Generating done (0.5s)
[sundance:ro] INFO: Project sundance does not support SSFC
[sundance:ro] INFO: Component virtual-mux-0(cros-ec,usbc-mux-virtual) not on I2C bus, skip it
[sundance:ro] INFO: Component virtual-mux-1(cros-ec,usbc-mux-virtual) not on I2C bus, skip it
[sundance:ro] INFO: No motionsense-sensor-alt node found
[sundance:ro] CMake Warning:
[sundance:ro]   Manually-specified variables were not used by the project:
[sundance:ro]     COREBOOT_SDK_ROOT_libstdcxx_riscv64
[sundance:ro]     COREBOOT_SDK_ROOT_libstdcxx_x86
[sundance:ro]     COREBOOT_SDK_ROOT_nds32
[sundance:ro]     COREBOOT_SDK_ROOT_picolibc_riscv64
[sundance:ro]     COREBOOT_SDK_ROOT_picolibc_x86
[sundance:ro]     COREBOOT_SDK_ROOT_riscv
[sundance:ro]     COREBOOT_SDK_ROOT_riscv64
[sundance:ro]     COREBOOT_SDK_ROOT_x86
[sundance:ro] -- Build files have been written to: /mnt/host/source/src/platform/ec/build/zephyr/sundance/build-ro
[meliks:ro] [33/406] Building C object CMakeFiles/app.dir/mnt/host/source/src/platform/ec/build/zephyr/meliks/modules/ec/common/queue.c.obj
[markarth:rw] -- Configuring done (16.3s)
[sundance:rw]   Manually-specified variables were not used by the project:
[sundance:rw]     COREBOOT_SDK_ROOT_libstdcxx_riscv64
[sundance:rw]     COREBOOT_SDK_ROOT_libstdcxx_x86
[sundance:rw]     COREBOOT_SDK_ROOT_nds32
[sundance:rw]     COREBOOT_SDK_ROOT_picolibc_riscv64
[sundance:rw]     COREBOOT_SDK_ROOT_picolibc_x86
[sundance:rw]     COREBOOT_SDK_ROOT_riscv
[sundance:rw]     COREBOOT_SDK_ROOT_riscv64
[sundance:rw]     COREBOOT_SDK_ROOT_x86
[minimal-npcx9:rw] Configuring.
Running `env -i PYTHONPATH=/usr/lib64/python-exec/python3.11:/mnt/host/source/src/platform/ec/zephyr/zmake:/usr/lib/python311.zip:/usr/lib/python3.11:/usr/lib/python3.11/lib-dynload:/usr/lib/python3.11/site-packages PW_PIGWEED_CIPD_INSTALL_DIR=/usr CROSTC_USER_ACKNOWLEDGES_THAT_RISCV_IS_EXPERIMENTAL=1 PATH=/mnt/host/source/chromite/bin:/usr/local/bin:/usr/bin:/bin:/opt/bin:/mnt/host/source/chromite/sdk/bin:/mnt/host/source/chromite/bin HOME=/home/jpmurphy JAVA_HOME=/etc/java-config-2/current-system-vm JDK_HOME=/etc/java-config-2/current-system-vm JAVAC=/etc/java-config-2/current-system-vm/bin/javac MAKEFLAGS=' -j16 --jobserver-auth=5,6' /usr/bin/cmake -S /mnt/host/source/src/platform/ec/zephyr/program/minimal -B /mnt/host/source/src/platform/ec/build/zephyr/minimal-npcx9/build-rw -GNinja -DCMAKE_EXPORT_COMPILE_COMMANDS=ON -DZEPHYR_BASE=/mnt/host/source/src/third_party/zephyr/main -DZMAKE_INCLUDE_DIR=/mnt/host/source/src/platform/ec/build/zephyr/minimal-npcx9/include -DPython3_EXECUTABLE=/usr/bin/python3.11 -DDTS_ROOT=/mnt/host/source/src/platform/ec/zephyr -DSYSCALL_INCLUDE_DIRS=/mnt/host/source/src/platform/ec/zephyr/include/drivers -DUSER_CACHE_DIR=/mnt/host/source/src/platform/ec/build/zephyr/user-cache '-DEXTRA_EC_VERSION_FLAGS=--version 16543.0.0 --static' -DTOOLCHAIN_ROOT=/mnt/host/source/src/platform/ec/zephyr -DCOREBOOT_SDK_ROOT_x86=/home/jpmurphy/.cache/coreboot-sdk/i386-elf/dfbb0486385d938cfa9d73080b9d18d598ed4f49 -DCOREBOOT_SDK_ROOT_picolibc_x86=/home/jpmurphy/.cache/coreboot-sdk/picolibc-i386-elf/eb8e8e687b95461de8cbf278f1c2076952d0ad17 -DCOREBOOT_SDK_ROOT_riscv64=/home/jpmurphy/.cache/coreboot-sdk/riscv64-elf/96b949749225b6aaa92ed810ab769e8dfb12f000 -DCOREBOOT_SDK_ROOT_picolibc_arm=/home/jpmurphy/.cache/coreboot-sdk/picolibc-arm-eabi/422a2aa3e1ef891b5bece9a3deb696ff83840d2e -DCOREBOOT_SDK_ROOT_nds32=/home/jpmurphy/.cache/coreboot-sdk/nds32le-elf/d1a518c4a097666d86058e1444f85ca015d15511 -DCOREBOOT_SDK_ROOT_picolibc_riscv64=/home/jpmurphy/.cache/coreboot-sdk/picolibc-riscv64-elf/f571e990ef0278564b31124f8bb109d9a697eb69 -DCOREBOOT_SDK_ROOT_arm=/home/jpmurphy/.cache/coreboot-sdk/arm-eabi/ea40ddd1d190c3b48435c474c0b545719371813a -DCOREBOOT_SDK_ROOT_libstdcxx_riscv64=/home/jpmurphy/.cache/coreboot-sdk/libstdcxx-riscv64-elf/17abf22a3a252e2d5d2062ced5324f7a623689e0 -DCOREBOOT_SDK_ROOT_libstdcxx_arm=/home/jpmurphy/.cache/coreboot-sdk/libstdcxx-arm-eabi/5d7d82e150e44aa1968f1d366e267e6687b328ac -DCOREBOOT_SDK_ROOT_riscv=/home/jpmurphy/.cache/coreboot-sdk/riscv-elf/9a27b9e82341c6e9126624f516ab3f261abb3e73 -DCOREBOOT_SDK_ROOT_libstdcxx_x86=/home/jpmurphy/.cache/coreboot-sdk/libstdcxx-i386-elf/42ef9d2e87a76a37963175d7d428734e65648b87 -DZEPHYR_TOOLCHAIN_VARIANT=coreboot-sdk '-DZEPHYR_MODULES=/mnt/host/source/src/platform/ec/build/zephyr/minimal-npcx9/modules/cmsis;/mnt/host/source/src/platform/ec/build/zephyr/minimal-npcx9/modules/cmsis_6;/mnt/host/source/src/platform/ec/build/zephyr/minimal-npcx9/modules/ec' -DDTC_OVERLAY_FILE=/mnt/host/source/src/platform/ec/zephyr/program/minimal/npcx9.dts -DBOARD=npcx9/npcx9m3f -DCMAKE_C_FLAGS=-DSECTION_IS_RW '-DCONF_FILE=/mnt/host/source/src/platform/ec/zephyr/program/minimal/prj.conf;/mnt/host/source/src/platform/ec/build/zephyr/minimal-npcx9/kconfig-rw.conf'`
[minimal-npcx9:rw] -- Application: /mnt/host/source/src/platform/ec/zephyr/program/minimal
[minimal-npcx9:rw] Loading Zephyr default modules (Zephyr base (cached)).
[geralt:ro] -- Generating done (0.5s)
[geralt:ro] CMake Warning:
[meliks:ro] [34/406] Building C object CMakeFiles/app.dir/mnt/host/source/src/platform/ec/build/zephyr/meliks/modules/ec/common/system_boot_time.c.obj
[markarth:ro] -- Generating done (0.5s)
[markarth:ro] CMake Warning:
[markarth:ro]   Manually-specified variables were not used by the project:
[markarth:ro]     COREBOOT_SDK_ROOT_libstdcxx_riscv64
[markarth:ro]     COREBOOT_SDK_ROOT_libstdcxx_x86
[markarth:ro]     COREBOOT_SDK_ROOT_nds32
[markarth:ro]     COREBOOT_SDK_ROOT_picolibc_riscv64
[markarth:ro]     COREBOOT_SDK_ROOT_picolibc_x86
[markarth:ro]     COREBOOT_SDK_ROOT_riscv
[markarth:ro]     COREBOOT_SDK_ROOT_riscv64
[markarth:ro]     COREBOOT_SDK_ROOT_x86
[meliks:ro] [35/406] Building C object CMakeFiles/app.dir/mnt/host/source/src/platform/ec/build/zephyr/meliks/modules/ec/common/system.c.obj
[markarth:ro] -- Build files have been written to: /mnt/host/source/src/platform/ec/build/zephyr/markarth/build-ro
[geralt:ro] -- Build files have been written to: /mnt/host/source/src/platform/ec/build/zephyr/geralt/build-ro
[geralt:ro]   Manually-specified variables were not used by the project:
[geralt:ro]     COREBOOT_SDK_ROOT_arm
[geralt:ro]     COREBOOT_SDK_ROOT_libstdcxx_arm
[geralt:ro]     COREBOOT_SDK_ROOT_libstdcxx_x86
[geralt:ro]     COREBOOT_SDK_ROOT_nds32
[geralt:ro]     COREBOOT_SDK_ROOT_picolibc_arm
[geralt:ro]     COREBOOT_SDK_ROOT_picolibc_x86
[geralt:ro]     COREBOOT_SDK_ROOT_riscv
[geralt:ro]     COREBOOT_SDK_ROOT_x86
[markarth:rw] -- Generating done (0.5s)
[markarth:rw] CMake Warning:
[markarth:rw] -- Build files have been written to: /mnt/host/source/src/platform/ec/build/zephyr/markarth/build-rw
[meliks:ro] [36/406] Building C object CMakeFiles/app.dir/mnt/host/source/src/platform/ec/build/zephyr/meliks/modules/ec/common/uart_printf.c.obj
[minimal-npcx9:rw] -- CMake version: 3.31.7
[minimal-npcx9:rw] -- Found Python3: /usr/bin/python3.11 (found suitable version "3.11.11", minimum required is "3.10") found components: Interpreter
[minimal-npcx9:rw] -- Cache files will be written to: /mnt/host/source/src/platform/ec/build/zephyr/user-cache
[minimal-npcx9:rw] -- Zephyr version: 4.3.99 (/mnt/host/source/src/third_party/zephyr/main)
[/mnt/host/source/src/platform/ec/build/zephyr/kodkod-lcov]   /mnt/host/source/src/platform/ec/build/zephyr/kodkod/build-rw/zephyr/drivers/sensor/CMakeFiles/drivers__sensor.dir/mnt/host/source/src/third_party/zephyr/main/misc/empty_file.c.gcno:no functions found
[/mnt/host/source/src/platform/ec/build/zephyr/kodkod-lcov] stderr:
[markarth:rw]   Manually-specified variables were not used by the project:
[markarth:rw]     COREBOOT_SDK_ROOT_libstdcxx_riscv64
[markarth:rw]     COREBOOT_SDK_ROOT_libstdcxx_x86
[markarth:rw]     COREBOOT_SDK_ROOT_nds32
[markarth:rw]     COREBOOT_SDK_ROOT_picolibc_riscv64
[markarth:rw]     COREBOOT_SDK_ROOT_picolibc_x86
[markarth:rw]     COREBOOT_SDK_ROOT_riscv
[markarth:rw]     COREBOOT_SDK_ROOT_riscv64
[markarth:rw]     COREBOOT_SDK_ROOT_x86
[meliks:ro] [37/406] Building C object CMakeFiles/app.dir/mnt/host/source/src/platform/ec/build/zephyr/meliks/modules/ec/common/util.c.obj
[ite-aic:rw] -- Board: it8xxx2, qualifiers: it82002aw
[meliks:ro] [38/406] Building C object CMakeFiles/app.dir/mnt/host/source/src/platform/ec/build/zephyr/meliks/modules/ec/common/version.c.obj
[meliks:ro] [39/406] Building C object CMakeFiles/app.dir/mnt/host/source/src/platform/ec/build/zephyr/meliks/modules/ec/common/power_button_x86.c.obj
[meliks:ro] [40/406] Building C object CMakeFiles/app.dir/mnt/host/source/src/platform/ec/build/zephyr/meliks/modules/ec/driver/accel_lis2dw12.c.obj
[meliks:ro] [41/406] Building C object CMakeFiles/app.dir/mnt/host/source/src/platform/ec/build/zephyr/meliks/modules/ec/driver/accel_lis2ds.c.obj
[meliks:ro] [42/406] Building C object CMakeFiles/app.dir/mnt/host/source/src/platform/ec/build/zephyr/meliks/modules/ec/driver/accelgyro_lsm6dsm.c.obj
[meliks:ro] [43/406] Building C object CMakeFiles/app.dir/mnt/host/source/src/platform/ec/build/zephyr/meliks/modules/ec/common/adc.c.obj
[meliks:ro] [44/406] Building C object CMakeFiles/app.dir/mnt/host/source/src/platform/ec/build/zephyr/meliks/modules/ec/common/motion_sense_fifo.c.obj
[/mnt/host/source/src/platform/ec/build/zephyr/krabby-lcov]   /mnt/host/source/src/platform/ec/build/zephyr/krabby/build-ro/CMakeFiles/app.dir/mnt/host/source/src/platform/ec/build/zephyr/krabby/modules/ec/common/chargen.c.gcno:no functions found
[/mnt/host/source/src/platform/ec/build/zephyr/krabby-lcov] stderr:
[meliks:ro] [45/406] Building C object CMakeFiles/app.dir/mnt/host/source/src/platform/ec/build/zephyr/meliks/modules/ec/common/backlight_lid.c.obj
[meliks:ro] [46/406] Building C object CMakeFiles/app.dir/mnt/host/source/src/platform/ec/build/zephyr/meliks/modules/ec/common/acpi.c.obj
[meliks:ro] [47/406] Building C object CMakeFiles/app.dir/mnt/host/source/src/platform/ec/build/zephyr/meliks/modules/ec/common/battery.c.obj
[minimal-npcx9:rw] -- Board: npcx9, qualifiers: npcx9m3f
[/mnt/host/source/src/platform/ec/build/zephyr/kodkod-lcov]   /mnt/host/source/src/platform/ec/build/zephyr/kodkod/build-rw/zephyr/drivers/syscon/CMakeFiles/drivers__syscon.dir/mnt/host/source/src/third_party/zephyr/main/misc/empty_file.c.gcno:no functions found
[/mnt/host/source/src/platform/ec/build/zephyr/kodkod-lcov] stderr:
[meliks:ro] [48/406] Building C object CMakeFiles/app.dir/mnt/host/source/src/platform/ec/build/zephyr/meliks/modules/ec/common/battery_info.c.obj
[/mnt/host/source/src/platform/ec/build/zephyr/uldrenite-ish-lcov]   /mnt/host/source/src/platform/ec/build/zephyr/uldrenite-ish/build-singleimage/zephyr/CMakeFiles/zephyr.dir/lib/libc/validate_libc.c.gcno:no functions found
[/mnt/host/source/src/platform/ec/build/zephyr/uldrenite-ish-lcov] stderr:
[meliks:ro] [49/406] Building C object CMakeFiles/app.dir/mnt/host/source/src/platform/ec/build/zephyr/meliks/modules/ec/driver/battery/smart.c.obj
[meliks:ro] [50/406] Building C object CMakeFiles/app.dir/mnt/host/source/src/platform/ec/build/zephyr/meliks/modules/ec/common/battery_fuel_gauge.c.obj
[trulo-ish:singleimage] -- Found gen_kobject_list: /mnt/host/source/src/third_party/zephyr/main/scripts/build/gen_kobject_list.py
[meliks:ro] [51/406] Building C object CMakeFiles/app.dir/mnt/host/source/src/platform/ec/build/zephyr/meliks/modules/ec/common/charger.c.obj
[meliks:ro] [52/406] Building C object CMakeFiles/app.dir/mnt/host/source/src/platform/ec/build/zephyr/meliks/modules/ec/driver/bc12/pi3usb9201.c.obj
[trulo-ish:singleimage] CMake Warning at /mnt/host/source/src/third_party/zephyr/main/CMakeLists.txt:1134 (message):
[trulo-ish:singleimage]   No SOURCES given to Zephyr library: drivers__syscon
[trulo-ish:singleimage]   Excluding target from build.
[trulo-ish:singleimage] CMake Warning at /mnt/host/source/src/third_party/zephyr/main/CMakeLists.txt:2359 (message):
[trulo-ish:singleimage]   __ASSERT() statements are globally ENABLED
[meliks:ro] [53/406] Building C object CMakeFiles/app.dir/mnt/host/source/src/platform/ec/build/zephyr/meliks/modules/ec/driver/charger/isl923x.c.obj
[ite-aic:rw] -- Found Dtc: /usr/bin/dtc (found suitable version "1.6.0", minimum required is "1.4.6")
[ite-aic:rw] -- Found BOARD.dts: /mnt/host/source/src/platform/ec/zephyr/boards/google/it8xxx2/it8xxx2_it82002aw.dts
[ite-aic:rw] -- Found devicetree overlay: /mnt/host/source/src/platform/ec/zephyr/program/ec-aic/ite-aic/project.overlay
[trulo-ish:singleimage] -- Configuring done (17.2s)
[meliks:ro] [54/406] Building C object CMakeFiles/app.dir/mnt/host/source/src/platform/ec/build/zephyr/meliks/modules/ec/common/ocpc.c.obj
[meliks:ro] [55/406] Building C object CMakeFiles/app.dir/mnt/host/source/src/platform/ec/build/zephyr/meliks/modules/ec/common/cbi_common.c.obj
[meliks:ro] [56/406] Building C object CMakeFiles/app.dir/mnt/host/source/src/platform/ec/build/zephyr/meliks/modules/ec/common/charge_state.c.obj
[meliks:ro] [57/406] Building C object CMakeFiles/app.dir/mnt/host/source/src/platform/ec/build/zephyr/meliks/modules/ec/common/charge_manager.c.obj
[meliks:ro] [58/406] Building C object CMakeFiles/app.dir/mnt/host/source/src/platform/ec/build/zephyr/meliks/modules/ec/common/cbi_config.c.obj
[meliks:ro] [59/406] Building C object CMakeFiles/app.dir/mnt/host/source/src/platform/ec/build/zephyr/meliks/modules/ec/common/cbi.c.obj
[meliks:ro] [60/406] Building C object CMakeFiles/app.dir/mnt/host/source/src/platform/ec/build/zephyr/meliks/modules/ec/common/memory_commands.c.obj
[meliks:ro] [61/406] Building C object CMakeFiles/app.dir/mnt/host/source/src/platform/ec/build/zephyr/meliks/modules/ec/common/dptf.c.obj
[meliks:ro] [62/406] Building C object CMakeFiles/app.dir/mnt/host/source/src/platform/ec/build/zephyr/meliks/modules/ec/common/ap_reset_log.c.obj
[meliks:ro] [63/406] Building C object CMakeFiles/app.dir/mnt/host/source/src/platform/ec/build/zephyr/meliks/modules/ec/common/espi.c.obj
[meliks:ro] [64/406] Building C object CMakeFiles/app.dir/mnt/host/source/src/platform/ec/build/zephyr/meliks/modules/ec/common/extpower_common.c.obj
[meliks:ro] [65/406] Building C object CMakeFiles/app.dir/mnt/host/source/src/platform/ec/build/zephyr/meliks/modules/ec/common/flash.c.obj
[minimal-npcx9:rw] -- Found Dtc: /usr/bin/dtc (found suitable version "1.6.0", minimum required is "1.4.6")
[minimal-npcx9:rw] -- Found BOARD.dts: /mnt/host/source/src/platform/ec/zephyr/boards/google/npcx9/npcx9_npcx9m3f.dts
[ite-aic:rw] -- Generated zephyr.dts: /mnt/host/source/src/platform/ec/build/zephyr/ite-aic/build-rw/zephyr/zephyr.dts
[ite-aic:rw] -- Generated pickled edt: /mnt/host/source/src/platform/ec/build/zephyr/ite-aic/build-rw/zephyr/edt.pickle
[meliks:ro] [66/406] Building C object CMakeFiles/app.dir/mnt/host/source/src/platform/ec/build/zephyr/meliks/modules/ec/common/host_command.c.obj
[meliks:ro] [67/406] Building C object CMakeFiles/app.dir/mnt/host/source/src/platform/ec/build/zephyr/meliks/modules/ec/common/host_command_task.c.obj
[meliks:ro] [68/406] Building C object CMakeFiles/app.dir/mnt/host/source/src/platform/ec/build/zephyr/meliks/modules/ec/common/host_event_commands.c.obj
[/mnt/host/source/src/platform/ec/build/zephyr/kodkod-lcov]   /mnt/host/source/src/platform/ec/build/zephyr/kodkod/build-rw/zephyr/drivers/interrupt_controller/CMakeFiles/drivers__interrupt_controller.dir/mnt/host/source/src/third_party/zephyr/main/misc/empty_file.c.gcno:no functions found
[/mnt/host/source/src/platform/ec/build/zephyr/kodkod-lcov] Filter suppressions 'region':
[meliks:ro] [69/406] Building C object CMakeFiles/app.dir/mnt/host/source/src/platform/ec/build/zephyr/meliks/modules/ec/common/uart_hostcmd.c.obj
[meliks:ro] [70/406] Building C object CMakeFiles/app.dir/mnt/host/source/src/platform/ec/build/zephyr/meliks/modules/ec/common/uptime.c.obj
[/mnt/host/source/src/platform/ec/build/zephyr/kodkod-lcov]     147 instances
[/mnt/host/source/src/platform/ec/build/zephyr/kodkod-lcov]     232 coverpoints
[/mnt/host/source/src/platform/ec/build/zephyr/kodkod-lcov] Message summary:
[/mnt/host/source/src/platform/ec/build/zephyr/kodkod-lcov]   26 ignore messages:
[/mnt/host/source/src/platform/ec/build/zephyr/kodkod-lcov]     gcov: 26
[ite-aic:rw] -- Generated devicetree_generated.h: /mnt/host/source/src/platform/ec/build/zephyr/ite-aic/build-rw/zephyr/include/generated/zephyr/devicetree_generated.h
[meliks:ro] [71/406] Building C object CMakeFiles/app.dir/mnt/host/source/src/platform/ec/build/zephyr/meliks/modules/ec/common/i2c_controller.c.obj
[/mnt/host/source/src/platform/ec/build/zephyr/jubilant-lcov]   /mnt/host/source/src/platform/ec/build/zephyr/jubilant/build-ro/zephyr/CMakeFiles/zephyr.dir/soc/ite/ec/it8xxx2/check_regs.c.gcno:no functions found
[/mnt/host/source/src/platform/ec/build/zephyr/jubilant-lcov] stderr:
[meliks:ro] [72/406] Building C object CMakeFiles/app.dir/mnt/host/source/src/platform/ec/build/zephyr/meliks/modules/ec/common/i2c_passthru.c.obj
[meliks:ro] [73/406] Building C object CMakeFiles/app.dir/mnt/host/source/src/platform/ec/build/zephyr/meliks/modules/ec/common/keyboard_8042.c.obj
[meliks:ro] [74/406] Building C object CMakeFiles/app.dir/mnt/host/source/src/platform/ec/build/zephyr/meliks/modules/ec/common/keyboard_8042_sharedlib.c.obj
[meliks:ro] [75/406] Building C object CMakeFiles/app.dir/mnt/host/source/src/platform/ec/build/zephyr/meliks/modules/ec/common/keyboard_scan.c.obj
[meliks:ro] [76/406] Building C object CMakeFiles/app.dir/mnt/host/source/src/platform/ec/build/zephyr/meliks/modules/ec/common/mkbp_fifo.c.obj
[meliks:ro] [77/406] Building C object CMakeFiles/app.dir/mnt/host/source/src/platform/ec/build/zephyr/meliks/modules/ec/common/mkbp_info.c.obj
[meliks:ro] [78/406] Building C object CMakeFiles/app.dir/mnt/host/source/src/platform/ec/build/zephyr/meliks/modules/ec/common/led_onoff_states.c.obj
[meliks:ro] [79/406] Building C object CMakeFiles/app.dir/mnt/host/source/src/platform/ec/build/zephyr/meliks/modules/ec/common/mkbp_input_devices.c.obj
[meliks:ro] [80/406] Building C object CMakeFiles/app.dir/mnt/host/source/src/platform/ec/build/zephyr/meliks/modules/ec/common/led_common.c.obj
[/mnt/host/source/src/platform/ec/build/zephyr/uldrenite-ish-lcov]   /mnt/host/source/src/platform/ec/build/zephyr/uldrenite-ish/build-singleimage/zephyr/kernel/CMakeFiles/kernel.dir/errno.c.gcno:no functions found
[/mnt/host/source/src/platform/ec/build/zephyr/uldrenite-ish-lcov] stderr:
[meliks:ro] [81/406] Building C object CMakeFiles/app.dir/mnt/host/source/src/platform/ec/build/zephyr/meliks/modules/ec/common/motion_lid.c.obj
[meliks:ro] [82/406] Building C object CMakeFiles/app.dir/mnt/host/source/src/platform/ec/build/zephyr/meliks/modules/ec/common/lid_angle.c.obj
[minimal-npcx9:rw] -- Found devicetree overlay: /mnt/host/source/src/platform/ec/zephyr/program/minimal/npcx9.dts
[minimal-npcx9:rw] -- Generated zephyr.dts: /mnt/host/source/src/platform/ec/build/zephyr/minimal-npcx9/build-rw/zephyr/zephyr.dts
[meliks:ro] [83/406] Building C object CMakeFiles/app.dir/mnt/host/source/src/platform/ec/build/zephyr/meliks/modules/ec/common/lid_angle_keyboard_policy.c.obj
[ite-aic:rw] /mnt/host/source/src/platform/ec/build/zephyr/ite-aic/build-rw/zephyr/zephyr.dts:1233.27-1894.5: Warning (avoid_unnecessary_addr_size): /soc/pin-controller: unnecessary #address-cells/#size-cells without "ranges" or child "reg" property
[meliks:ro] [84/406] Building C object CMakeFiles/app.dir/mnt/host/source/src/platform/ec/build/zephyr/meliks/modules/ec/driver/mp2964.c.obj
[meliks:ro] [85/406] Building C object CMakeFiles/app.dir/mnt/host/source/src/platform/ec/build/zephyr/meliks/modules/ec/common/mkbp_event.c.obj
[meliks:ro] [86/406] Building C object CMakeFiles/app.dir/mnt/host/source/src/platform/ec/build/zephyr/meliks/modules/ec/common/lid_switch.c.obj
[minimal-npcx9:rw] -- Generated pickled edt: /mnt/host/source/src/platform/ec/build/zephyr/minimal-npcx9/build-rw/zephyr/edt.pickle
[minimal-npcx9:rw] -- Generated devicetree_generated.h: /mnt/host/source/src/platform/ec/build/zephyr/minimal-npcx9/build-rw/zephyr/include/generated/zephyr/devicetree_generated.h
[meliks:ro] [87/406] Building C object CMakeFiles/app.dir/mnt/host/source/src/platform/ec/build/zephyr/meliks/modules/ec/common/port80.c.obj
[meliks:ro] [88/406] Building C object CMakeFiles/app.dir/mnt/host/source/src/platform/ec/build/zephyr/meliks/modules/ec/common/motion_sense.c.obj
[/mnt/host/source/src/platform/ec/build/zephyr/krabby-lcov]   /mnt/host/source/src/platform/ec/build/zephyr/krabby/build-ro/CMakeFiles/app.dir/mnt/host/source/src/platform/ec/build/zephyr/krabby/modules/ec/common/cbi_config.c.gcno:no functions found
[/mnt/host/source/src/platform/ec/build/zephyr/krabby-lcov] stderr:
[meliks:ro] [89/406] Building C object CMakeFiles/app.dir/mnt/host/source/src/platform/ec/build/zephyr/meliks/modules/ec/common/power_button.c.obj
[meliks:ro] [90/406] Building C object CMakeFiles/app.dir/mnt/host/source/src/platform/ec/build/zephyr/meliks/modules/ec/common/sha256.c.obj
[meliks:ro] [91/406] Building C object CMakeFiles/app.dir/mnt/host/source/src/platform/ec/build/zephyr/meliks/modules/ec/power/hibernate.c.obj
[meliks:ro] [92/406] Building C object CMakeFiles/app.dir/mnt/host/source/src/platform/ec/build/zephyr/meliks/modules/ec/common/shared_mem.c.obj
[meliks:ro] [93/406] Building C object CMakeFiles/app.dir/mnt/host/source/src/platform/ec/build/zephyr/meliks/modules/ec/common/panic_output.c.obj
[meliks:ro] [94/406] Building C object CMakeFiles/app.dir/mnt/host/source/src/platform/ec/build/zephyr/meliks/modules/ec/common/spi_flash_reg.c.obj
[meliks:ro] [95/406] Building C object CMakeFiles/app.dir/mnt/host/source/src/platform/ec/build/zephyr/meliks/modules/ec/common/switch.c.obj
[/mnt/host/source/src/platform/ec/build/zephyr/krabby-lcov]   /mnt/host/source/src/platform/ec/build/zephyr/krabby/build-ro/zephyr/arch/arch/riscv/core/CMakeFiles/arch__riscv__core.dir/cpu_idle.c.gcno:no functions found
[/mnt/host/source/src/platform/ec/build/zephyr/krabby-lcov] stderr:
[meliks:ro] [96/406] Building C object CMakeFiles/app.dir/mnt/host/source/src/platform/ec/build/zephyr/meliks/modules/ec/driver/stm_mems_common.c.obj
[/mnt/host/source/src/platform/ec/build/zephyr/uldrenite-ish-lcov]   /mnt/host/source/src/platform/ec/build/zephyr/uldrenite-ish/build-singleimage/zephyr/lib/libc/picolibc/CMakeFiles/lib__libc__picolibc.dir/errno_wrap.c.gcno:no functions found
[/mnt/host/source/src/platform/ec/build/zephyr/uldrenite-ish-lcov] stderr:
[meliks:ro] [97/406] Building C object CMakeFiles/app.dir/mnt/host/source/src/platform/ec/build/zephyr/meliks/modules/ec/common/tablet_mode.c.obj
[meliks:ro] [98/406] Building C object CMakeFiles/app.dir/mnt/host/source/src/platform/ec/build/zephyr/meliks/modules/ec/common/thermal.c.obj
[meliks:ro] [99/406] Building C object CMakeFiles/app.dir/mnt/host/source/src/platform/ec/build/zephyr/meliks/modules/ec/common/temp_sensor.c.obj
[meliks:ro] [100/406] Building C object CMakeFiles/app.dir/mnt/host/source/src/platform/ec/build/zephyr/meliks/modules/ec/driver/temp_sensor/thermistor.c.obj
[meliks:ro] [101/406] Building C object CMakeFiles/app.dir/mnt/host/source/src/platform/ec/build/zephyr/meliks/modules/ec/common/throttle_ap.c.obj
[meliks:ro] [102/406] Building C object CMakeFiles/app.dir/mnt/host/source/src/platform/ec/build/zephyr/meliks/modules/ec/common/timer.c.obj
[meliks:ro] [103/406] Building C object CMakeFiles/app.dir/mnt/host/source/src/platform/ec/build/zephyr/meliks/modules/ec/common/usb_charger.c.obj
[meliks:ro] [104/406] Building C object CMakeFiles/app.dir/mnt/host/source/src/platform/ec/build/zephyr/meliks/modules/ec/common/typec_control.c.obj
[meliks:ro] [105/406] Building C object CMakeFiles/app.dir/mnt/host/source/src/platform/ec/build/zephyr/meliks/modules/ec/common/usb_pd_pdo.c.obj
[meliks:ro] [106/406] Building C object CMakeFiles/app.dir/mnt/host/source/src/platform/ec/build/zephyr/meliks/modules/ec/common/usb_common.c.obj
[/mnt/host/source/src/platform/ec/build/zephyr/krabby-lcov]   /mnt/host/source/src/platform/ec/build/zephyr/krabby/build-ro/zephyr/arch/common/CMakeFiles/isr_tables.dir/isr_tables.c.gcno:no functions found
[/mnt/host/source/src/platform/ec/build/zephyr/krabby-lcov] stderr:
[meliks:ro] [107/406] Building C object CMakeFiles/app.dir/mnt/host/source/src/platform/ec/build/zephyr/meliks/modules/ec/common/usbc/usbc_task.c.obj
[meliks:ro] [108/406] Building C object CMakeFiles/app.dir/mnt/host/source/src/platform/ec/build/zephyr/meliks/modules/ec/common/usbc/usb_sm.c.obj
[meliks:ro] [109/406] Building C object CMakeFiles/app.dir/mnt/host/source/src/platform/ec/build/zephyr/meliks/modules/ec/common/usbc/usb_pd_timer.c.obj
[meliks:ro] [110/406] Building C object CMakeFiles/app.dir/mnt/host/source/src/platform/ec/build/zephyr/meliks/modules/ec/common/usbc_intr_task.c.obj
[meliks:ro] [111/406] Building C object CMakeFiles/app.dir/mnt/host/source/src/platform/ec/build/zephyr/meliks/modules/ec/common/usbc_utils.c.obj
[meliks:ro] [112/406] Building C object CMakeFiles/app.dir/mnt/host/source/src/platform/ec/build/zephyr/meliks/modules/ec/common/usb_pd_flags.c.obj
[meliks:ro] [113/406] Building C object CMakeFiles/app.dir/mnt/host/source/src/platform/ec/build/zephyr/meliks/modules/ec/common/chargen.c.obj
[meliks:ro] [114/406] Building C object CMakeFiles/app.dir/mnt/host/source/src/platform/ec/build/zephyr/meliks/modules/ec/common/usbc/usb_pd_console.c.obj
[meliks:ro] [115/406] Building C object CMakeFiles/app.dir/mnt/host/source/src/platform/ec/build/zephyr/meliks/modules/ec/driver/retimer/anx7483.c.obj
[meliks:ro] [116/406] Building C object CMakeFiles/app.dir/mnt/host/source/src/platform/ec/build/zephyr/meliks/modules/ec/driver/usb_mux/usb_mux.c.obj
[trulo-ish:singleimage] -- Generating done (6.3s)
[trulo-ish:singleimage] CMake Warning:
[trulo-ish:singleimage]   Manually-specified variables were not used by the project:
[trulo-ish:singleimage]     COREBOOT_SDK_ROOT_arm
[trulo-ish:singleimage]     COREBOOT_SDK_ROOT_libstdcxx_arm
[trulo-ish:singleimage]     COREBOOT_SDK_ROOT_libstdcxx_riscv64
[trulo-ish:singleimage]     COREBOOT_SDK_ROOT_nds32
[trulo-ish:singleimage]     COREBOOT_SDK_ROOT_picolibc_arm
[trulo-ish:singleimage]     COREBOOT_SDK_ROOT_picolibc_riscv64
[trulo-ish:singleimage]     COREBOOT_SDK_ROOT_riscv
[trulo-ish:singleimage]     COREBOOT_SDK_ROOT_riscv64
[trulo-ish:singleimage]     PW_ROOT
[trulo-ish:singleimage] -- Build files have been written to: /mnt/host/source/src/platform/ec/build/zephyr/trulo-ish/build-singleimage
[meliks:ro] [117/406] Building C object CMakeFiles/app.dir/mnt/host/source/src/platform/ec/build/zephyr/meliks/modules/ec/driver/usb_mux/virtual.c.obj
[meliks:ro] [118/406] Building C object CMakeFiles/app.dir/mnt/host/source/src/platform/ec/build/zephyr/meliks/modules/ec/common/usbc/usb_prl_sm.c.obj
[ite-aic:rw] Parsing /mnt/host/source/src/platform/ec/zephyr/program/ec-aic/Kconfig
[meliks:ro] [119/406] Building C object CMakeFiles/app.dir/mnt/host/source/src/platform/ec/build/zephyr/meliks/modules/ec/common/usbc/usbc_pd_policy.c.obj
[meliks:ro] [120/406] Building C object CMakeFiles/app.dir/mnt/host/source/src/platform/ec/build/zephyr/meliks/modules/ec/common/usbc/usb_pd_dpm.c.obj
[/mnt/host/source/src/platform/ec/build/zephyr/uldrenite-ish-lcov]   /mnt/host/source/src/platform/ec/build/zephyr/uldrenite-ish/build-singleimage/zephyr/drivers/syscon/CMakeFiles/drivers__syscon.dir/mnt/host/source/src/third_party/zephyr/main/misc/empty_file.c.gcno:no functions found
[/mnt/host/source/src/platform/ec/build/zephyr/uldrenite-ish-lcov] Filter suppressions 'region':
[meliks:ro] [121/406] Building C object CMakeFiles/app.dir/mnt/host/source/src/platform/ec/build/zephyr/meliks/modules/ec/common/usbc/usb_tc_drp_acc_trysrc_sm.c.obj
[/mnt/host/source/src/platform/ec/build/zephyr/uldrenite-ish-lcov]     22 instances
[/mnt/host/source/src/platform/ec/build/zephyr/uldrenite-ish-lcov]     8 coverpoints
[/mnt/host/source/src/platform/ec/build/zephyr/uldrenite-ish-lcov] Message summary:
[/mnt/host/source/src/platform/ec/build/zephyr/uldrenite-ish-lcov]   1 warning message:
[/mnt/host/source/src/platform/ec/build/zephyr/uldrenite-ish-lcov]     format: 1
[/mnt/host/source/src/platform/ec/build/zephyr/uldrenite-ish-lcov]   9 ignore messages:
[/mnt/host/source/src/platform/ec/build/zephyr/uldrenite-ish-lcov]     gcov: 9
[meliks:ro] [122/406] Building C object CMakeFiles/app.dir/mnt/host/source/src/platform/ec/build/zephyr/meliks/modules/ec/common/usb_pd_console_cmd.c.obj
[meliks:ro] [123/406] Building C object CMakeFiles/app.dir/mnt/host/source/src/platform/ec/build/zephyr/meliks/modules/ec/common/usbc/dp_alt_mode.c.obj
[meliks:ro] [124/406] Building C object CMakeFiles/app.dir/mnt/host/source/src/platform/ec/build/zephyr/meliks/modules/ec/common/usbc/usb_pe_drp_sm.c.obj
[chinchou:rw] Building: /usr/bin/ninja -C /mnt/host/source/src/platform/ec/build/zephyr/chinchou/build-rw all.libraries
Running `env -i SHELL=/bin/bash COLORTERM=truecolor DEPOT_TOOLS_UPDATE=0 LESS='-R -M --shift 5' SUDO_GID=0 JDK_HOME=/etc/java-config-2/current-system-vm CONFIG_PROTECT_MASK='/etc/gentoo-release /etc/sandbox.d /etc/fonts/fonts.conf /etc/terminfo /etc/ca-certificates.conf /etc/revdep-rebuild' CHROMEOS_CACHEDIR=/var/cache/chromeos-cache JAVA_HOME=/etc/java-config-2/current-system-vm SSH_AUTH_SOCK=/tmp/ssh-auth-sock SUDO_COMMAND=/bin/bash SUDO_USER=root SUDO_TTY=/dev/pts/2 EDITOR=/usr/bin/vi PWD=/mnt/host/source/src/platform/ec CONFIG_PROTECT=/usr/share/gnupg/qualified.txt LOGNAME=jpmurphy MANPATH=/etc/java-config-2/current-system-vm/man:/usr/local/share/man:/usr/share/man:/usr/share/gcc-data/x86_64-pc-linux-gnu/10.2.0/man:/usr/share/binutils-data/x86_64-pc-linux-gnu/2.45/man:/etc/java-config-2/current-system-vm/man/ SUDO_HOME=/root XAUTHORITY=/run/user/944457/gdm/Xauthority HOME=/home/jpmurphy LANG=C.UTF-8 LS_COLORS='rs=0:di=01;34:ln=01;36:mh=00:pi=40;33:so=01;35:do=01;35:bd=40;33;01:cd=40;33;01:or=01;05;37;41:mi=01;05;37;41:su=37;41:sg=30;43:ca=30;41:tw=30;42:ow=34;42:st=37;44:ex=01;32:*.tar=01;31:*.tgz=01;31:*.arc=01;31:*.arj=01;31:*.taz=01;31:*.lha=01;31:*.lz4=01;31:*.lzh=01;31:*.lzma=01;31:*.tlz=01;31:*.txz=01;31:*.tzo=01;31:*.t7z=01;31:*.zip=01;31:*.z=01;31:*.dz=01;31:*.gz=01;31:*.lrz=01;31:*.lz=01;31:*.lzo=01;31:*.xz=01;31:*.zst=01;31:*.tzst=01;31:*.bz2=01;31:*.bz=01;31:*.tbz=01;31:*.tbz2=01;31:*.tz=01;31:*.deb=01;31:*.rpm=01;31:*.jar=01;31:*.war=01;31:*.ear=01;31:*.sar=01;31:*.rar=01;31:*.alz=01;31:*.ace=01;31:*.zoo=01;31:*.cpio=01;31:*.7z=01;31:*.rz=01;31:*.cab=01;31:*.wim=01;31:*.swm=01;31:*.dwm=01;31:*.esd=01;31:*.jpg=01;35:*.jpeg=01;35:*.mjpg=01;35:*.mjpeg=01;35:*.gif=01;35:*.bmp=01;35:*.pbm=01;35:*.pgm=01;35:*.ppm=01;35:*.tga=01;35:*.xbm=01;35:*.xpm=01;35:*.tif=01;35:*.tiff=01;35:*.png=01;35:*.svg=01;35:*.svgz=01;35:*.mng=01;35:*.pcx=01;35:*.mov=01;35:*.mpg=01;35:*.mpeg=01;35:*.m2v=01;35:*.mkv=01;35:*.webm=01;35:*.webp=01;35:*.ogm=01;35:*.mp4=01;35:*.m4v=01;35:*.mp4v=01;35:*.vob=01;35:*.qt=01;35:*.nuv=01;35:*.wmv=01;35:*.asf=01;35:*.rm=01;35:*.rmvb=01;35:*.flc=01;35:*.avi=01;35:*.fli=01;35:*.flv=01;35:*.gl=01;35:*.dl=01;35:*.xcf=01;35:*.xwd=01;35:*.yuv=01;35:*.cgm=01;35:*.emf=01;35:*.ogv=01;35:*.ogx=01;35:*.cfg=00;32:*.conf=00;32:*.diff=00;32:*.doc=00;32:*.ini=00;32:*.log=00;32:*.patch=00;32:*.pdf=00;32:*.ps=00;32:*.tex=00;32:*.txt=00;32:*.aac=00;36:*.au=00;36:*.flac=00;36:*.m4a=00;36:*.mid=00;36:*.midi=00;36:*.mka=00;36:*.mp3=00;36:*.mpc=00;36:*.ogg=00;36:*.ra=00;36:*.wav=00;36:*.oga=00;36:*.opus=00;36:*.spx=00;36:*.xspf=00;36:' XDG_CURRENT_DESKTOP=GNOME INFOPATH=/usr/share/info:/usr/share/gcc-data/x86_64-pc-linux-gnu/10.2.0/info:/usr/share/binutils-data/x86_64-pc-linux-gnu/2.45/info:/usr/share/automake-1.16.5/info JAVAC=/etc/java-config-2/current-system-vm/bin/javac TERM=xterm-256color LESSOPEN='|lesspipe %s' USER=jpmurphy CROS_WORKON_SRCROOT=/mnt/host/source MANPAGER=manpager DISPLAY=:1 SHLVL=1 LC_MESSAGES=C EXTERNAL_TRUNK_PATH=/mnt/8f9d649a-3721-44cc-93c0-e6bd21a9689f/chromiumos GCC_SPECS='' PATH=/mnt/host/source/chromite/bin:/usr/local/bin:/usr/bin:/bin:/opt/bin:/mnt/host/source/chromite/sdk/bin:/mnt/host/source/chromite/bin PORTAGE_USERNAME=jpmurphy SUDO_UID=0 GCC_VER=10.2.0 MAIL=/var/mail/jpmurphy OLDPWD=/mnt/host/source/src/scripts traceparent=00-e87aca51550a78635907baa6a2476181-6d684811675d2973-01 _=./zephyr/firmware_builder.py COREBOOT_SDK_ROOT_x86=/home/jpmurphy/.cache/coreboot-sdk/i386-elf/dfbb0486385d938cfa9d73080b9d18d598ed4f49 COREBOOT_SDK_ROOT_picolibc_x86=/home/jpmurphy/.cache/coreboot-sdk/picolibc-i386-elf/eb8e8e687b95461de8cbf278f1c2076952d0ad17 COREBOOT_SDK_ROOT_riscv64=/home/jpmurphy/.cache/coreboot-sdk/riscv64-elf/96b949749225b6aaa92ed810ab769e8dfb12f000 COREBOOT_SDK_ROOT_picolibc_arm=/home/jpmurphy/.cache/coreboot-sdk/picolibc-arm-eabi/422a2aa3e1ef891b5bece9a3deb696ff83840d2e COREBOOT_SDK_ROOT_nds32=/home/jpmurphy/.cache/coreboot-sdk/nds32le-elf/d1a518c4a097666d86058e1444f85ca015d15511 COREBOOT_SDK_ROOT_picolibc_riscv64=/home/jpmurphy/.cache/coreboot-sdk/picolibc-riscv64-elf/f571e990ef0278564b31124f8bb109d9a697eb69 COREBOOT_SDK_ROOT_arm=/home/jpmurphy/.cache/coreboot-sdk/arm-eabi/ea40ddd1d190c3b48435c474c0b545719371813a COREBOOT_SDK_ROOT_libstdcxx_riscv64=/home/jpmurphy/.cache/coreboot-sdk/libstdcxx-riscv64-elf/17abf22a3a252e2d5d2062ced5324f7a623689e0 COREBOOT_SDK_ROOT_libstdcxx_arm=/home/jpmurphy/.cache/coreboot-sdk/libstdcxx-arm-eabi/5d7d82e150e44aa1968f1d366e267e6687b328ac COREBOOT_SDK_ROOT_riscv=/home/jpmurphy/.cache/coreboot-sdk/riscv-elf/9a27b9e82341c6e9126624f516ab3f261abb3e73 COREBOOT_SDK_ROOT_libstdcxx_x86=/home/jpmurphy/.cache/coreboot-sdk/libstdcxx-i386-elf/42ef9d2e87a76a37963175d7d428734e65648b87 PYTHONPATH=/mnt/host/source/src/platform/ec/zephyr/zmake PW_PIGWEED_CIPD_INSTALL_DIR=/usr CROSTC_USER_ACKNOWLEDGES_THAT_RISCV_IS_EXPERIMENTAL=1 MAKEFLAGS=' -j16 --jobserver-auth=5,6' /usr/bin/ninja -C /mnt/host/source/src/platform/ec/build/zephyr/chinchou/build-rw all.libraries`
[chinchou:rw] ninja: Entering directory `/mnt/host/source/src/platform/ec/build/zephyr/chinchou/build-rw'
[/mnt/host/source/src/platform/ec/build/zephyr/jubilant-lcov]   /mnt/host/source/src/platform/ec/build/zephyr/jubilant/build-ro/zephyr/drivers/sensor/CMakeFiles/drivers__sensor.dir/mnt/host/source/src/third_party/zephyr/main/misc/empty_file.c.gcno:no functions found
[/mnt/host/source/src/platform/ec/build/zephyr/jubilant-lcov] stderr:
[meliks:ro] [125/406] Building C object CMakeFiles/app.dir/mnt/host/source/src/platform/ec/build/zephyr/meliks/modules/ec/common/usb_pd_host_cmd.c.obj
[meliks:ro] [126/406] Building C object CMakeFiles/app.dir/mnt/host/source/src/platform/ec/build/zephyr/meliks/modules/ec/common/usbc/usb_pd_host.c.obj
[meliks:ro] [127/406] Building C object CMakeFiles/app.dir/mnt/host/source/src/platform/ec/build/zephyr/meliks/modules/ec/zephyr/shim/src/tcpc.c.obj
[ite-aic:rw] Loaded configuration '/mnt/host/source/src/platform/ec/zephyr/boards/google/it8xxx2/it8xxx2_it82002aw_defconfig'
[ite-aic:rw] Merged configuration '/mnt/host/source/src/platform/ec/zephyr/program/ec-aic/program.conf'
[ite-aic:rw] Merged configuration '/mnt/host/source/src/platform/ec/zephyr/program/ec-aic/ite-aic/project.conf'
[ite-aic:rw] Merged configuration '/mnt/host/source/src/platform/ec/build/zephyr/ite-aic/kconfig-rw.conf'
[ite-aic:rw] Configuration saved to '/mnt/host/source/src/platform/ec/build/zephyr/ite-aic/build-rw/zephyr/.config'
[ite-aic:rw] Kconfig header saved to '/mnt/host/source/src/platform/ec/build/zephyr/ite-aic/build-rw/zephyr/include/generated/zephyr/autoconf.h'
[ite-aic:rw] -- Found GnuLd: /home/jpmurphy/.cache/coreboot-sdk/riscv64-elf/96b949749225b6aaa92ed810ab769e8dfb12f000/riscv64-elf/bin/ld.bfd (found version "2.43.1")
[/mnt/host/source/src/platform/ec/build/zephyr/jubilant-lcov]   /mnt/host/source/src/platform/ec/build/zephyr/jubilant/build-rw/modules/ec/zephyr/CMakeFiles/ec_shim.dir/shim/src/thermal.c.gcno:no functions found
[/mnt/host/source/src/platform/ec/build/zephyr/jubilant-lcov] stderr:
[meliks:ro] [128/406] Building C object CMakeFiles/app.dir/mnt/host/source/src/platform/ec/build/zephyr/meliks/modules/ec/common/usbc/svdm_rsp_dfp_only.c.obj
[meliks:ro] [129/406] Building C object CMakeFiles/app.dir/mnt/host/source/src/platform/ec/build/zephyr/meliks/modules/ec/common/usb_pd_host_cmd_common.c.obj
[meliks:ro] [130/406] Building C object CMakeFiles/app.dir/mnt/host/source/src/platform/ec/build/zephyr/meliks/modules/ec/common/usb_pd_dual_role.c.obj
[chinchou:rw] [1/388] Generating include/generated/zephyr/version.h
[chinchou:rw] -- git describe warned: warning: tag 'upstream/v2.7.99' is externally known as 'v2.7.99'
[chinchou:rw] -- Zephyr version: 4.3.99 (/mnt/host/source/src/third_party/zephyr/main)
[chinchou:rw] [2/388] Preparing syscall dependency handling
[meliks:ro] [131/406] Building C object CMakeFiles/app.dir/mnt/host/source/src/platform/ec/build/zephyr/meliks/modules/ec/common/usb_pd_discovery.c.obj
[meliks:ro] [132/406] Building C object CMakeFiles/app.dir/mnt/host/source/src/platform/ec/build/zephyr/meliks/modules/ec/common/usbc_ocp.c.obj
[chinchou:rw] [3/388] Generating misc/generated/syscalls_subdirs.trigger
[/mnt/host/source/src/platform/ec/build/zephyr/jubilant-lcov]   /mnt/host/source/src/platform/ec/build/zephyr/jubilant/build-rw/modules/ec/zephyr/CMakeFiles/ec_shim.dir/shim/src/battery.c.gcno:no functions found
[/mnt/host/source/src/platform/ec/build/zephyr/jubilant-lcov] stderr:
[meliks:ro] [133/406] Building C object CMakeFiles/app.dir/mnt/host/source/src/platform/ec/build/zephyr/meliks/modules/ec/driver/tcpm/raa489000.c.obj
[ite-aic:rw] -- The C compiler identification is GNU 14.2.0
[meliks:ro] [134/406] Building C object CMakeFiles/app.dir/mnt/host/source/src/platform/ec/build/zephyr/meliks/modules/ec/driver/tcpm/tcpci.c.obj
[meliks:ro] [135/406] Building C object CMakeFiles/app.dir/mnt/host/source/src/platform/ec/build/zephyr/meliks/modules/ec/common/vboot_hash.c.obj
[meliks:ro] [136/406] Building C object CMakeFiles/app.dir/mnt/host/source/src/platform/ec/build/zephyr/meliks/modules/ec/common/button.c.obj
[minimal-npcx9:rw] Parsing /mnt/host/source/src/third_party/zephyr/main/Kconfig
[meliks:ro] [137/406] Building C object CMakeFiles/app.dir/mnt/host/source/src/platform/ec/build/zephyr/meliks/modules/ec/common/vboot/efs2.c.obj
[ite-aic:rw] -- The CXX compiler identification is GNU 14.2.0
[meliks:ro] [138/406] Building C object CMakeFiles/app.dir/mnt/host/source/src/platform/ec/build/zephyr/meliks/modules/ec/common/vstore.c.obj
[ite-aic:rw] -- The ASM compiler identification is GNU
[ite-aic:rw] -- Found assembler: /home/jpmurphy/.cache/coreboot-sdk/riscv64-elf/96b949749225b6aaa92ed810ab769e8dfb12f000/bin/riscv64-elf-gcc
[ite-aic:rw] warning: Deprecated symbol I2C_ALLOW_NO_STOP_TRANSACTIONS is enabled.
[ite-aic:rw] CMake Warning at /mnt/host/source/src/platform/ec/zephyr/cmake/linker/ld/linker_libraries.cmake:11 (message):
[ite-aic:rw]   Disabling c_library
[ite-aic:rw] Call Stack (most recent call first):
[ite-aic:rw]   /mnt/host/source/src/third_party/zephyr/main/cmake/target_toolchain_flags.cmake:48 (include)
[ite-aic:rw]   /mnt/host/source/src/third_party/zephyr/main/cmake/modules/kernel.cmake:153 (include)
[ite-aic:rw]   /mnt/host/source/src/third_party/zephyr/main/cmake/modules/zephyr_default.cmake:138 (include)
[ite-aic:rw]   /mnt/host/source/src/third_party/zephyr/main/share/zephyr-package/cmake/ZephyrConfig.cmake:66 (include)
[ite-aic:rw]   /mnt/host/source/src/third_party/zephyr/main/share/zephyr-package/cmake/ZephyrConfig.cmake:97 (include_boilerplate)
[ite-aic:rw]   CMakeLists.txt:6 (find_package)
[meliks:ro] [139/406] Building C object CMakeFiles/app.dir/mnt/host/source/src/platform/ec/build/zephyr/meliks/modules/ec/common/math_util.c.obj
[meliks:ro] [140/406] Building C object CMakeFiles/app.dir/src/common.c.obj
[meliks:ro] [141/406] Building C object CMakeFiles/app.dir/src/sub_board.c.obj
[/mnt/host/source/src/platform/ec/build/zephyr/jubilant-lcov]   /mnt/host/source/src/platform/ec/build/zephyr/jubilant/build-rw/modules/ec/zephyr/CMakeFiles/ec_shim.dir/shim/src/charger.c.gcno:no functions found
[/mnt/host/source/src/platform/ec/build/zephyr/jubilant-lcov] stderr:
[meliks:ro] [142/406] Building C object CMakeFiles/app.dir/src/board_power.c.obj
[chinchou:rw] [4/388] Generating misc/generated/syscalls.json, misc/generated/struct_tags.json
[meliks:ro] [143/406] Building C object CMakeFiles/app.dir/meliks/src/led.c.obj
[meliks:ro] [144/406] Building C object zephyr/CMakeFiles/zephyr.dir/lib/libc/validate_libc.c.obj
[ite-aic:rw] -- Performing EC specific devicetree checks
[meliks:ro] [145/406] Building C object CMakeFiles/app.dir/meliks/src/battery.c.obj
[meliks:ro] [146/406] Building C object CMakeFiles/app.dir/meliks/src/board.c.obj
[meliks:ro] [147/406] Building C object CMakeFiles/app.dir/meliks/src/charger.c.obj
[chinchou:rw] [5/388] Generating include/generated/zephyr/syscall_dispatch.c, include/generated/zephyr/syscall_exports_llext.c, syscall_weakdefs_llext.c, include/generated/zephyr/syscall_list.h
[minimal-npcx9:rw] Loaded configuration '/mnt/host/source/src/platform/ec/zephyr/boards/google/npcx9/npcx9_npcx9m3f_defconfig'
[minimal-npcx9:rw] Merged configuration '/mnt/host/source/src/platform/ec/zephyr/program/minimal/prj.conf'
[minimal-npcx9:rw] Merged configuration '/mnt/host/source/src/platform/ec/build/zephyr/minimal-npcx9/kconfig-rw.conf'
[minimal-npcx9:rw] Configuration saved to '/mnt/host/source/src/platform/ec/build/zephyr/minimal-npcx9/build-rw/zephyr/.config'
[minimal-npcx9:rw] Kconfig header saved to '/mnt/host/source/src/platform/ec/build/zephyr/minimal-npcx9/build-rw/zephyr/include/generated/zephyr/autoconf.h'
[minimal-npcx9:rw] -- Found GnuLd: /home/jpmurphy/.cache/coreboot-sdk/arm-eabi/ea40ddd1d190c3b48435c474c0b545719371813a/arm-eabi/bin/ld.bfd (found version "2.43.1")
[meliks:ro] [148/406] Building C object CMakeFiles/app.dir/meliks/src/usbc.c.obj
[ite-aic:rw] INFO: Verified 1 GPIOs, no duplicates found
[ite-aic:rw] INFO: Verified 10 '*-gpios' properties, all flags match.
[ite-aic:rw] INFO: Skipped 1 named-gpios children.
[chinchou:rw] [6/388] Generating include/generated/zephyr/driver-validation.h
[meliks:ro] [149/406] Building C object zephyr/CMakeFiles/zephyr.dir/lib/heap/heap.c.obj
[meliks:ro] [150/406] Building C object zephyr/CMakeFiles/zephyr.dir/lib/os/cbprintf_packaged.c.obj
[minimal-npcx9:rw] -- The C compiler identification is GNU 14.2.0
[meliks:ro] [151/406] Building C object zephyr/CMakeFiles/zephyr.dir/lib/utils/dec.c.obj
[meliks:ro] [152/406] Linking C static library app/libapp.a
[/mnt/host/source/src/platform/ec/build/zephyr/krabby-lcov]   /mnt/host/source/src/platform/ec/build/zephyr/krabby/build-ro/zephyr/CMakeFiles/zephyr.dir/subsys/shell/modules/kernel_service/kernel_shell.c.gcno:no functions found
[/mnt/host/source/src/platform/ec/build/zephyr/krabby-lcov] stderr:
[chinchou:rw] [7/388] Generating include/generated/zephyr/kobj-types-enum.h, include/generated/zephyr/otype-to-str.h, include/generated/zephyr/otype-to-size.h
[ite-aic:rw] -- Generating component manifest file
[chinchou:rw] [8/388] Generating include/generated/device-api-sections.ld, include/generated/device-api-sections.cmake
[meliks:ro] [153/406] Building C object zephyr/CMakeFiles/zephyr.dir/lib/utils/hex.c.obj
[meliks:ro] [154/406] Building C object zephyr/CMakeFiles/zephyr.dir/lib/os/printk.c.obj
[minimal-npcx9:rw] -- The CXX compiler identification is GNU 14.2.0
[meliks:ro] [155/406] Building C object zephyr/CMakeFiles/zephyr.dir/lib/utils/timeutil.c.obj
[minimal-npcx9:rw] -- The ASM compiler identification is GNU
[meliks:ro] [156/406] Building C object zephyr/CMakeFiles/zephyr.dir/lib/os/thread_entry.c.obj
[minimal-npcx9:rw] CMake Warning at /mnt/host/source/src/platform/ec/zephyr/cmake/linker/ld/linker_libraries.cmake:11 (message):
[meliks:ro] [157/406] Building C object zephyr/CMakeFiles/zephyr.dir/lib/os/cbprintf_nano.c.obj
[minimal-npcx9:rw]   Disabling c_library
[minimal-npcx9:rw] Call Stack (most recent call first):
[minimal-npcx9:rw]   /mnt/host/source/src/third_party/zephyr/main/cmake/target_toolchain_flags.cmake:48 (include)
[minimal-npcx9:rw]   /mnt/host/source/src/third_party/zephyr/main/cmake/modules/kernel.cmake:153 (include)
[minimal-npcx9:rw]   /mnt/host/source/src/third_party/zephyr/main/cmake/modules/zephyr_default.cmake:138 (include)
[minimal-npcx9:rw]   /mnt/host/source/src/third_party/zephyr/main/share/zephyr-package/cmake/ZephyrConfig.cmake:66 (include)
[minimal-npcx9:rw]   /mnt/host/source/src/third_party/zephyr/main/share/zephyr-package/cmake/ZephyrConfig.cmake:97 (include_boilerplate)
[minimal-npcx9:rw]   CMakeLists.txt:6 (find_package)
[ite-aic:rw] INFO: Running CME, outputting to /mnt/host/source/src/platform/ec/build/zephyr/ite-aic/build-rw/zephyr/component_manifest.json
[meliks:ro] [158/406] Building C object zephyr/CMakeFiles/zephyr.dir/lib/os/clock.c.obj
[ite-aic:rw] INFO: Project ite-aic does not support SSFC
[meliks:ro] [159/406] Building C object zephyr/CMakeFiles/zephyr.dir/lib/os/sem.c.obj
[ite-aic:rw] -- warning_base_override: -Wall;-Wformat;-Wformat-security;-Wformat;-Wno-format-zero-length;-Wno-pointer-sign;-Wpointer-arith;-Wexpansion-to-defined
[/mnt/host/source/src/platform/ec/build/zephyr/krabby-lcov]   /mnt/host/source/src/platform/ec/build/zephyr/krabby/build-ro/zephyr/CMakeFiles/zephyr.dir/lib/libc/validate_libc.c.gcno:no functions found
[/mnt/host/source/src/platform/ec/build/zephyr/krabby-lcov] stderr:
[meliks:ro] [160/406] Building C object zephyr/CMakeFiles/zephyr.dir/lib/utils/bitmask.c.obj
[meliks:ro] [161/406] Building C object zephyr/CMakeFiles/zephyr.dir/lib/os/assert.c.obj
[meliks:ro] [162/406] Building C object zephyr/CMakeFiles/zephyr.dir/lib/os/cbprintf.c.obj
[meliks:ro] [163/406] Building C object zephyr/CMakeFiles/zephyr.dir/lib/utils/last_section_id.c.obj
[meliks:ro] [164/406] Building C object zephyr/CMakeFiles/zephyr.dir/misc/generated/configs.c.obj
[meliks:ro] [165/406] Building C object zephyr/CMakeFiles/zephyr.dir/lib/utils/ring_buffer.c.obj
[meliks:ro] [166/406] Building C object zephyr/CMakeFiles/zephyr.dir/lib/utils/rb.c.obj
[meliks:ro] [167/406] Building C object zephyr/CMakeFiles/zephyr.dir/lib/utils/bitarray.c.obj
[ite-aic:rw] -- Found gen_kobject_list: /mnt/host/source/src/third_party/zephyr/main/scripts/build/gen_kobject_list.py
[ite-aic:rw] INFO: No usbc node found
[ite-aic:rw] INFO: No motionsense-sensor node found
[ite-aic:rw] CMake Warning at /mnt/host/source/src/third_party/zephyr/main/CMakeLists.txt:1134 (message):
[ite-aic:rw]   No SOURCES given to Zephyr library: drivers__syscon
[ite-aic:rw]   Excluding target from build.
[ite-aic:rw] CMake Warning at /mnt/host/source/src/third_party/zephyr/main/CMakeLists.txt:2359 (message):
[ite-aic:rw]   __ASSERT() statements are globally ENABLED
[chinchou:rw] [9/388] Building C object zephyr/CMakeFiles/offsets.dir/arch/riscv/core/offsets/offsets.c.obj
[meliks:ro] [168/406] Building C object zephyr/CMakeFiles/zephyr.dir/lib/utils/getopt/getopt.c.obj
[meliks:ro] [169/406] Building C object zephyr/CMakeFiles/zephyr.dir/lib/utils/getopt/getopt_common.c.obj
[ite-aic:rw] -- Configuring done (14.0s)
[meliks:ro] [170/406] Building C object zephyr/CMakeFiles/zephyr.dir/soc/nuvoton/npcx/common/power.c.obj
[chinchou:rw] [10/388] Generating include/generated/zephyr/offsets.h
[meliks:ro] [171/406] Building C object zephyr/CMakeFiles/zephyr.dir/soc/nuvoton/npcx/common/npcxn/registers.c.obj
[minimal-npcx9:rw] -- Found assembler: /home/jpmurphy/.cache/coreboot-sdk/arm-eabi/ea40ddd1d190c3b48435c474c0b545719371813a/bin/arm-eabi-gcc
[minimal-npcx9:rw] -- Performing EC specific devicetree checks
[meliks:ro] [172/406] Building C object zephyr/CMakeFiles/zephyr.dir/soc/nuvoton/npcx/common/scfg.c.obj
[meliks:ro] [173/406] Building C object zephyr/CMakeFiles/zephyr.dir/subsys/logging/log_minimal.c.obj
[meliks:ro] [174/406] Building C object zephyr/CMakeFiles/zephyr.dir/subsys/pm/state.c.obj
[meliks:ro] [175/406] Building C object zephyr/CMakeFiles/zephyr.dir/soc/nuvoton/npcx/npcx9/soc.c.obj
[minimal-npcx9:rw] INFO: Verified 1 GPIOs, no duplicates found
[meliks:ro] [176/406] Building C object zephyr/CMakeFiles/zephyr.dir/subsys/mem_mgmt/mem_attr.c.obj
[meliks:ro] [177/406] Building C object zephyr/CMakeFiles/zephyr.dir/subsys/pm/pm.c.obj
[/mnt/host/source/src/platform/ec/build/zephyr/jubilant-lcov]   /mnt/host/source/src/platform/ec/build/zephyr/jubilant/build-rw/modules/ec/zephyr/CMakeFiles/ec_shim.dir/shim/src/usba.c.gcno:no functions found
[/mnt/host/source/src/platform/ec/build/zephyr/jubilant-lcov] stderr:
[ite-aic:rw] -- Generating done (0.4s)
[ite-aic:rw] CMake Warning:
[ite-aic:rw] -- Build files have been written to: /mnt/host/source/src/platform/ec/build/zephyr/ite-aic/build-rw
[meliks:ro] [178/406] Building C object zephyr/CMakeFiles/zephyr.dir/subsys/pm/policy/policy_events.c.obj
[/mnt/host/source/src/platform/ec/build/zephyr/krabby-lcov]   /mnt/host/source/src/platform/ec/build/zephyr/krabby/build-ro/zephyr/CMakeFiles/zephyr.dir/lib/utils/last_section_id.c.gcno:no functions found
[/mnt/host/source/src/platform/ec/build/zephyr/krabby-lcov] stderr:
[ite-aic:rw]   Manually-specified variables were not used by the project:
[ite-aic:rw]     COREBOOT_SDK_ROOT_arm
[ite-aic:rw]     COREBOOT_SDK_ROOT_libstdcxx_arm
[ite-aic:rw]     COREBOOT_SDK_ROOT_libstdcxx_x86
[ite-aic:rw]     COREBOOT_SDK_ROOT_nds32
[ite-aic:rw]     COREBOOT_SDK_ROOT_picolibc_arm
[ite-aic:rw]     COREBOOT_SDK_ROOT_picolibc_x86
[ite-aic:rw]     COREBOOT_SDK_ROOT_riscv
[ite-aic:rw]     COREBOOT_SDK_ROOT_x86
[meliks:ro] [179/406] Building C object zephyr/CMakeFiles/zephyr.dir/subsys/pm/policy/policy_latency.c.obj
[meliks:ro] [180/406] Building C object zephyr/CMakeFiles/zephyr.dir/subsys/pm/policy/policy_state_lock.c.obj
[meliks:ro] [181/406] Building C object zephyr/CMakeFiles/zephyr.dir/subsys/pm/device.c.obj
[chinchou:rw] [11/388] Building C object zephyr/CMakeFiles/zephyr.dir/lib/libc/validate_libc.c.obj
[meliks:ro] [182/406] Building C object zephyr/CMakeFiles/zephyr.dir/subsys/pm/device_system_managed.c.obj
[minimal-npcx9:rw] -- warning_base_override: -Wall;-Wformat;-Wformat-security;-Wformat;-Wno-format-zero-length;-Wno-pointer-sign;-Wpointer-arith;-Wexpansion-to-defined
[meliks:ro] [183/406] Building C object zephyr/CMakeFiles/zephyr.dir/subsys/tracing/tracing_none.c.obj
[meliks:ro] [184/406] Building C object zephyr/CMakeFiles/zephyr.dir/subsys/shell/modules/kernel_service/kernel_shell.c.obj
[meliks:ro] [185/406] Building C object zephyr/CMakeFiles/zephyr.dir/subsys/testsuite/coverage/coverage.c.obj
[meliks:ro] [186/406] Building C object zephyr/CMakeFiles/zephyr.dir/subsys/shell/modules/kernel_service/sleep.c.obj
[meliks:ro] [187/406] Building C object zephyr/CMakeFiles/zephyr.dir/subsys/shell/modules/kernel_service/cycles.c.obj
[meliks:ro] [188/406] Building C object zephyr/CMakeFiles/zephyr.dir/subsys/shell/modules/kernel_service/uptime.c.obj
[meliks:ro] [189/406] Building C object zephyr/CMakeFiles/zephyr.dir/subsys/shell/modules/kernel_service/version.c.obj
[minimal-npcx9:rw] -- Found gen_kobject_list: /mnt/host/source/src/third_party/zephyr/main/scripts/build/gen_kobject_list.py
[minimal-npcx9:rw] INFO: Verified 0 '*-gpios' properties, all flags match.
[minimal-npcx9:rw] INFO: Skipped 1 named-gpios children.
[minimal-npcx9:rw] CMake Warning at /mnt/host/source/src/third_party/zephyr/main/CMakeLists.txt:2359 (message):
[minimal-npcx9:rw]   __ASSERT() statements are globally ENABLED
[meliks:ro] [190/406] Building C object zephyr/CMakeFiles/zephyr.dir/subsys/shell/modules/kernel_service/thread/list.c.obj
[chinchou:rw] [12/388] Building C object zephyr/CMakeFiles/zephyr.dir/lib/heap/heap.c.obj
[meliks:ro] [191/406] Building C object zephyr/CMakeFiles/zephyr.dir/subsys/shell/modules/kernel_service/thread/thread.c.obj
[meliks:ro] [192/406] Building C object zephyr/CMakeFiles/zephyr.dir/subsys/shell/modules/kernel_service/thread/stacks.c.obj
[chinchou:rw] [13/388] Building C object zephyr/CMakeFiles/zephyr.dir/lib/os/cbprintf_packaged.c.obj
[minimal-npcx9:rw] -- Configuring done (14.6s)
[meliks:ro] [193/406] Building C object zephyr/CMakeFiles/zephyr.dir/subsys/shell/modules/kernel_service/thread/kill.c.obj
[meliks:ro] [194/406] Building C object zephyr/CMakeFiles/zephyr.dir/subsys/shell/modules/kernel_service/thread/suspend.c.obj
[meliks:ro] [195/406] Building C object zephyr/CMakeFiles/zephyr.dir/subsys/shell/modules/kernel_service/thread/resume.c.obj
[meliks:ro] [196/406] Building C object zephyr/CMakeFiles/zephyr.dir/subsys/shell/shell_fprintf.c.obj
[meliks:ro] [197/406] Building C object zephyr/CMakeFiles/zephyr.dir/subsys/shell/backends/shell_uart.c.obj
[minimal-npcx9:rw] -- Generating done (0.4s)
[minimal-npcx9:rw] CMake Warning:
[minimal-npcx9:rw]   Manually-specified variables were not used by the project:
[minimal-npcx9:rw]     COREBOOT_SDK_ROOT_libstdcxx_riscv64
[minimal-npcx9:rw]     COREBOOT_SDK_ROOT_libstdcxx_x86
[minimal-npcx9:rw]     COREBOOT_SDK_ROOT_nds32
[minimal-npcx9:rw]     COREBOOT_SDK_ROOT_picolibc_riscv64
[minimal-npcx9:rw]     COREBOOT_SDK_ROOT_picolibc_x86
[minimal-npcx9:rw]     COREBOOT_SDK_ROOT_riscv
[minimal-npcx9:rw]     COREBOOT_SDK_ROOT_riscv64
[minimal-npcx9:rw]     COREBOOT_SDK_ROOT_x86
[minimal-npcx9:rw] -- Build files have been written to: /mnt/host/source/src/platform/ec/build/zephyr/minimal-npcx9/build-rw
[meliks:ro] [198/406] Building C object zephyr/CMakeFiles/zephyr.dir/subsys/shell/shell.c.obj
[meliks:ro] [199/406] Building C object zephyr/CMakeFiles/zephyr.dir/subsys/shell/shell_utils.c.obj
[meliks:ro] [200/406] Building C object zephyr/CMakeFiles/zephyr.dir/subsys/shell/shell_ops.c.obj
[meliks:ro] [201/406] Building C object zephyr/CMakeFiles/zephyr.dir/subsys/shell/shell_help.c.obj
[ite-aic:rw] Building: /usr/bin/ninja -C /mnt/host/source/src/platform/ec/build/zephyr/ite-aic/build-rw all.libraries
Running `env -i SHELL=/bin/bash COLORTERM=truecolor DEPOT_TOOLS_UPDATE=0 LESS='-R -M --shift 5' SUDO_GID=0 JDK_HOME=/etc/java-config-2/current-system-vm CONFIG_PROTECT_MASK='/etc/gentoo-release /etc/sandbox.d /etc/fonts/fonts.conf /etc/terminfo /etc/ca-certificates.conf /etc/revdep-rebuild' CHROMEOS_CACHEDIR=/var/cache/chromeos-cache JAVA_HOME=/etc/java-config-2/current-system-vm SSH_AUTH_SOCK=/tmp/ssh-auth-sock SUDO_COMMAND=/bin/bash SUDO_USER=root SUDO_TTY=/dev/pts/2 EDITOR=/usr/bin/vi PWD=/mnt/host/source/src/platform/ec CONFIG_PROTECT=/usr/share/gnupg/qualified.txt LOGNAME=jpmurphy MANPATH=/etc/java-config-2/current-system-vm/man:/usr/local/share/man:/usr/share/man:/usr/share/gcc-data/x86_64-pc-linux-gnu/10.2.0/man:/usr/share/binutils-data/x86_64-pc-linux-gnu/2.45/man:/etc/java-config-2/current-system-vm/man/ SUDO_HOME=/root XAUTHORITY=/run/user/944457/gdm/Xauthority HOME=/home/jpmurphy LANG=C.UTF-8 LS_COLORS='rs=0:di=01;34:ln=01;36:mh=00:pi=40;33:so=01;35:do=01;35:bd=40;33;01:cd=40;33;01:or=01;05;37;41:mi=01;05;37;41:su=37;41:sg=30;43:ca=30;41:tw=30;42:ow=34;42:st=37;44:ex=01;32:*.tar=01;31:*.tgz=01;31:*.arc=01;31:*.arj=01;31:*.taz=01;31:*.lha=01;31:*.lz4=01;31:*.lzh=01;31:*.lzma=01;31:*.tlz=01;31:*.txz=01;31:*.tzo=01;31:*.t7z=01;31:*.zip=01;31:*.z=01;31:*.dz=01;31:*.gz=01;31:*.lrz=01;31:*.lz=01;31:*.lzo=01;31:*.xz=01;31:*.zst=01;31:*.tzst=01;31:*.bz2=01;31:*.bz=01;31:*.tbz=01;31:*.tbz2=01;31:*.tz=01;31:*.deb=01;31:*.rpm=01;31:*.jar=01;31:*.war=01;31:*.ear=01;31:*.sar=01;31:*.rar=01;31:*.alz=01;31:*.ace=01;31:*.zoo=01;31:*.cpio=01;31:*.7z=01;31:*.rz=01;31:*.cab=01;31:*.wim=01;31:*.swm=01;31:*.dwm=01;31:*.esd=01;31:*.jpg=01;35:*.jpeg=01;35:*.mjpg=01;35:*.mjpeg=01;35:*.gif=01;35:*.bmp=01;35:*.pbm=01;35:*.pgm=01;35:*.ppm=01;35:*.tga=01;35:*.xbm=01;35:*.xpm=01;35:*.tif=01;35:*.tiff=01;35:*.png=01;35:*.svg=01;35:*.svgz=01;35:*.mng=01;35:*.pcx=01;35:*.mov=01;35:*.mpg=01;35:*.mpeg=01;35:*.m2v=01;35:*.mkv=01;35:*.webm=01;35:*.webp=01;35:*.ogm=01;35:*.mp4=01;35:*.m4v=01;35:*.mp4v=01;35:*.vob=01;35:*.qt=01;35:*.nuv=01;35:*.wmv=01;35:*.asf=01;35:*.rm=01;35:*.rmvb=01;35:*.flc=01;35:*.avi=01;35:*.fli=01;35:*.flv=01;35:*.gl=01;35:*.dl=01;35:*.xcf=01;35:*.xwd=01;35:*.yuv=01;35:*.cgm=01;35:*.emf=01;35:*.ogv=01;35:*.ogx=01;35:*.cfg=00;32:*.conf=00;32:*.diff=00;32:*.doc=00;32:*.ini=00;32:*.log=00;32:*.patch=00;32:*.pdf=00;32:*.ps=00;32:*.tex=00;32:*.txt=00;32:*.aac=00;36:*.au=00;36:*.flac=00;36:*.m4a=00;36:*.mid=00;36:*.midi=00;36:*.mka=00;36:*.mp3=00;36:*.mpc=00;36:*.ogg=00;36:*.ra=00;36:*.wav=00;36:*.oga=00;36:*.opus=00;36:*.spx=00;36:*.xspf=00;36:' XDG_CURRENT_DESKTOP=GNOME INFOPATH=/usr/share/info:/usr/share/gcc-data/x86_64-pc-linux-gnu/10.2.0/info:/usr/share/binutils-data/x86_64-pc-linux-gnu/2.45/info:/usr/share/automake-1.16.5/info JAVAC=/etc/java-config-2/current-system-vm/bin/javac TERM=xterm-256color LESSOPEN='|lesspipe %s' USER=jpmurphy CROS_WORKON_SRCROOT=/mnt/host/source MANPAGER=manpager DISPLAY=:1 SHLVL=1 LC_MESSAGES=C EXTERNAL_TRUNK_PATH=/mnt/8f9d649a-3721-44cc-93c0-e6bd21a9689f/chromiumos GCC_SPECS='' PATH=/mnt/host/source/chromite/bin:/usr/local/bin:/usr/bin:/bin:/opt/bin:/mnt/host/source/chromite/sdk/bin:/mnt/host/source/chromite/bin PORTAGE_USERNAME=jpmurphy SUDO_UID=0 GCC_VER=10.2.0 MAIL=/var/mail/jpmurphy OLDPWD=/mnt/host/source/src/scripts traceparent=00-e87aca51550a78635907baa6a2476181-6d684811675d2973-01 _=./zephyr/firmware_builder.py COREBOOT_SDK_ROOT_x86=/home/jpmurphy/.cache/coreboot-sdk/i386-elf/dfbb0486385d938cfa9d73080b9d18d598ed4f49 COREBOOT_SDK_ROOT_picolibc_x86=/home/jpmurphy/.cache/coreboot-sdk/picolibc-i386-elf/eb8e8e687b95461de8cbf278f1c2076952d0ad17 COREBOOT_SDK_ROOT_riscv64=/home/jpmurphy/.cache/coreboot-sdk/riscv64-elf/96b949749225b6aaa92ed810ab769e8dfb12f000 COREBOOT_SDK_ROOT_picolibc_arm=/home/jpmurphy/.cache/coreboot-sdk/picolibc-arm-eabi/422a2aa3e1ef891b5bece9a3deb696ff83840d2e COREBOOT_SDK_ROOT_nds32=/home/jpmurphy/.cache/coreboot-sdk/nds32le-elf/d1a518c4a097666d86058e1444f85ca015d15511 COREBOOT_SDK_ROOT_picolibc_riscv64=/home/jpmurphy/.cache/coreboot-sdk/picolibc-riscv64-elf/f571e990ef0278564b31124f8bb109d9a697eb69 COREBOOT_SDK_ROOT_arm=/home/jpmurphy/.cache/coreboot-sdk/arm-eabi/ea40ddd1d190c3b48435c474c0b545719371813a COREBOOT_SDK_ROOT_libstdcxx_riscv64=/home/jpmurphy/.cache/coreboot-sdk/libstdcxx-riscv64-elf/17abf22a3a252e2d5d2062ced5324f7a623689e0 COREBOOT_SDK_ROOT_libstdcxx_arm=/home/jpmurphy/.cache/coreboot-sdk/libstdcxx-arm-eabi/5d7d82e150e44aa1968f1d366e267e6687b328ac COREBOOT_SDK_ROOT_riscv=/home/jpmurphy/.cache/coreboot-sdk/riscv-elf/9a27b9e82341c6e9126624f516ab3f261abb3e73 COREBOOT_SDK_ROOT_libstdcxx_x86=/home/jpmurphy/.cache/coreboot-sdk/libstdcxx-i386-elf/42ef9d2e87a76a37963175d7d428734e65648b87 PYTHONPATH=/mnt/host/source/src/platform/ec/zephyr/zmake PW_PIGWEED_CIPD_INSTALL_DIR=/usr CROSTC_USER_ACKNOWLEDGES_THAT_RISCV_IS_EXPERIMENTAL=1 MAKEFLAGS=' -j16 --jobserver-auth=5,6' /usr/bin/ninja -C /mnt/host/source/src/platform/ec/build/zephyr/ite-aic/build-rw all.libraries`
[ite-aic:rw] ninja: Entering directory `/mnt/host/source/src/platform/ec/build/zephyr/ite-aic/build-rw'
[chinchou:rw] [14/388] Building C object zephyr/CMakeFiles/zephyr.dir/lib/os/printk.c.obj
[chinchou:rw] [15/388] Building C object zephyr/CMakeFiles/zephyr.dir/lib/os/clock.c.obj
[meliks:ro] [202/406] Building ASM object zephyr/arch/arch/arm/core/CMakeFiles/arch__arm__core.dir/nmi_on_reset.S.obj
[meliks:ro] [203/406] Building C object zephyr/CMakeFiles/zephyr.dir/subsys/shell/shell_history.c.obj
[meliks:ro] [204/406] Building C object zephyr/CMakeFiles/zephyr.dir/drivers/flash/flash_util.c.obj
[meliks:ro] [205/406] Building C object zephyr/arch/common/CMakeFiles/arch__common.dir/init.c.obj
[meliks:ro] [206/406] Building C object zephyr/arch/common/CMakeFiles/arch__common.dir/xip.c.obj
[meliks:ro] [207/406] Linking C static library zephyr/libzephyr.a
[meliks:ro] [208/406] Building C object zephyr/arch/common/CMakeFiles/arch__common.dir/sw_isr_common.c.obj
[meliks:ro] [209/406] Building ASM object zephyr/arch/arch/arm/core/cortex_m/CMakeFiles/arch__arm__core__cortex_m.dir/fault_s.S.obj
[meliks:ro] [210/406] Building C object zephyr/arch/common/CMakeFiles/isr_tables.dir/isr_tables.c.obj
[meliks:ro] [211/406] Building C object zephyr/arch/arch/arm/core/CMakeFiles/arch__arm__core.dir/fatal.c.obj
[meliks:ro] [212/406] Linking C static library zephyr/arch/common/libisr_tables.a
[meliks:ro] [213/406] Linking C static library zephyr/arch/common/libarch__common.a
[meliks:ro] [214/406] Building C object zephyr/arch/arch/arm/core/cortex_m/CMakeFiles/arch__arm__core__cortex_m.dir/exc_exit.c.obj
[meliks:ro] [215/406] Building ASM object zephyr/arch/arch/arm/core/cortex_m/CMakeFiles/arch__arm__core__cortex_m.dir/vector_table.S.obj
[meliks:ro] [216/406] Building C object zephyr/arch/arch/arm/core/CMakeFiles/arch__arm__core.dir/nmi.c.obj
[chinchou:rw] [16/388] Building C object zephyr/CMakeFiles/zephyr.dir/lib/os/thread_entry.c.obj
[ite-aic:rw] [1/261] Generating include/generated/zephyr/version.h
[ite-aic:rw] -- git describe warned: warning: tag 'upstream/v2.7.99' is externally known as 'v2.7.99'
[ite-aic:rw] -- Zephyr version: 4.3.99 (/mnt/host/source/src/third_party/zephyr/main)
[ite-aic:rw] [2/261] Preparing syscall dependency handling
[meliks:ro] [217/406] Linking C static library zephyr/arch/arch/arm/core/libarch__arm__core.a
[chinchou:rw] [17/388] Building C object zephyr/CMakeFiles/zephyr.dir/lib/os/sem.c.obj
[ite-aic:rw] [3/261] Generating misc/generated/syscalls_subdirs.trigger
[meliks:ro] [218/406] Building C object zephyr/arch/arch/arm/core/cortex_m/CMakeFiles/arch__arm__core__cortex_m.dir/fault.c.obj
[meliks:ro] [219/406] Building C object zephyr/arch/arch/arm/core/cortex_m/CMakeFiles/arch__arm__core__cortex_m.dir/fpu.c.obj
[meliks:ro] [220/406] Building ASM object zephyr/arch/arch/arm/core/cortex_m/CMakeFiles/arch__arm__core__cortex_m.dir/reset.S.obj
[meliks:ro] [221/406] Building C object zephyr/arch/arch/arm/core/cortex_m/CMakeFiles/arch__arm__core__cortex_m.dir/thread_abort.c.obj
[meliks:ro] [222/406] Building C object zephyr/arch/arch/arm/core/cortex_m/CMakeFiles/arch__arm__core__cortex_m.dir/scb.c.obj
[meliks:ro] [223/406] Building ASM object zephyr/arch/arch/arm/core/cortex_m/CMakeFiles/arch__arm__core__cortex_m.dir/swap_helper.S.obj
[meliks:ro] [224/406] Generating ../../../include/generated/libc/minimal/strerror_table.h
[meliks:ro] [225/406] Building C object zephyr/arch/arch/arm/core/cortex_m/CMakeFiles/arch__arm__core__cortex_m.dir/prep_c.c.obj
[meliks:ro] [226/406] Building C object zephyr/lib/libc/minimal/CMakeFiles/lib__libc__minimal.dir/source/stdlib/atoi.c.obj
[chinchou:rw] [18/388] Building C object zephyr/CMakeFiles/zephyr.dir/lib/os/cbprintf_nano.c.obj
[meliks:ro] [227/406] Building C object zephyr/arch/arch/arm/core/cortex_m/CMakeFiles/arch__arm__core__cortex_m.dir/irq_manage.c.obj
[meliks:ro] [228/406] Building C object zephyr/arch/arch/arm/core/cortex_m/CMakeFiles/arch__arm__core__cortex_m.dir/irq_init.c.obj
[meliks:ro] [229/406] Building C object zephyr/lib/libc/minimal/CMakeFiles/lib__libc__minimal.dir/source/stdlib/strtol.c.obj
[meliks:ro] [230/406] Building C object zephyr/lib/libc/minimal/CMakeFiles/lib__libc__minimal.dir/source/stdlib/strtoul.c.obj
[meliks:ro] [231/406] Building C object zephyr/arch/arch/arm/core/cortex_m/CMakeFiles/arch__arm__core__cortex_m.dir/thread.c.obj
[meliks:ro] [232/406] Building C object zephyr/lib/libc/minimal/CMakeFiles/lib__libc__minimal.dir/source/stdlib/strtoll.c.obj
[meliks:ro] [233/406] Building C object zephyr/arch/arch/arm/core/cortex_m/CMakeFiles/arch__arm__core__cortex_m.dir/cpu_idle.c.obj
[chinchou:rw] [19/388] Building C object zephyr/CMakeFiles/zephyr.dir/lib/os/cbprintf.c.obj
[meliks:ro] [234/406] Building C object zephyr/arch/arch/arm/core/cortex_m/CMakeFiles/arch__arm__core__cortex_m.dir/isr_wrapper.c.obj
[meliks:ro] [235/406] Building C object zephyr/lib/libc/minimal/CMakeFiles/lib__libc__minimal.dir/source/stdlib/bsearch.c.obj
[meliks:ro] [236/406] Linking C static library zephyr/arch/arch/arm/core/cortex_m/libarch__arm__core__cortex_m.a
[meliks:ro] [237/406] Building C object zephyr/lib/libc/minimal/CMakeFiles/lib__libc__minimal.dir/source/stdlib/strtoull.c.obj
[meliks:ro] [238/406] Building C object zephyr/arch/arch/arm/core/mpu/CMakeFiles/arch__arm__core__mpu.dir/arm_core_mpu.c.obj
[meliks:ro] [239/406] Building C object zephyr/lib/libc/minimal/CMakeFiles/lib__libc__minimal.dir/source/string/strncasecmp.c.obj
[meliks:ro] [240/406] Building C object zephyr/lib/libc/common/CMakeFiles/lib__libc__common.dir/source/stdlib/abort.c.obj
[meliks:ro] [241/406] Building C object zephyr/arch/arch/arm/core/mpu/CMakeFiles/arch__arm__core__mpu.dir/arm_mpu_regions.c.obj
[ite-aic:rw] [4/261] Generating misc/generated/syscalls.json, misc/generated/struct_tags.json
[meliks:ro] [242/406] Building C object zephyr/lib/libc/minimal/CMakeFiles/lib__libc__minimal.dir/source/stdlib/qsort.c.obj
[meliks:ro] [243/406] Building C object zephyr/lib/libc/minimal/CMakeFiles/lib__libc__minimal.dir/source/string/strstr.c.obj
[meliks:ro] [244/406] Building C object zephyr/arch/arch/arm/core/mpu/CMakeFiles/arch__arm__core__mpu.dir/arm_mpu.c.obj
[meliks:ro] [245/406] Building C object zephyr/lib/libc/minimal/CMakeFiles/lib__libc__minimal.dir/source/string/strerror.c.obj
[chinchou:rw] [20/388] Building C object zephyr/CMakeFiles/zephyr.dir/lib/utils/dec.c.obj
[meliks:ro] [246/406] Building C object zephyr/lib/libc/minimal/CMakeFiles/lib__libc__minimal.dir/source/string/strspn.c.obj
[meliks:ro] [247/406] Linking C static library zephyr/arch/arch/arm/core/mpu/libarch__arm__core__mpu.a
[meliks:ro] [248/406] Building C object zephyr/lib/libc/minimal/CMakeFiles/lib__libc__minimal.dir/source/string/string.c.obj
[ite-aic:rw] [5/261] Generating include/generated/zephyr/syscall_dispatch.c, include/generated/zephyr/syscall_exports_llext.c, syscall_weakdefs_llext.c, include/generated/zephyr/syscall_list.h
[meliks:ro] [249/406] Building C object zephyr/lib/libc/common/CMakeFiles/lib__libc__common.dir/source/time/gmtime_r.c.obj
[meliks:ro] [250/406] Building C object zephyr/lib/libc/minimal/CMakeFiles/lib__libc__minimal.dir/source/math/sqrt.c.obj
[chinchou:rw] [21/388] Building C object zephyr/CMakeFiles/zephyr.dir/lib/utils/hex.c.obj
[meliks:ro] [251/406] Building C object zephyr/lib/libc/common/CMakeFiles/lib__libc__common.dir/source/time/localtime_r_utc.c.obj
[meliks:ro] [252/406] Building C object zephyr/lib/libc/common/CMakeFiles/lib__libc__common.dir/source/time/ctime.c.obj
[ite-aic:rw] [6/261] Generating include/generated/zephyr/driver-validation.h
[meliks:ro] [253/406] Building C object zephyr/lib/libc/common/CMakeFiles/lib__libc__common.dir/source/time/asctime.c.obj
[chinchou:rw] [22/388] Building C object zephyr/CMakeFiles/zephyr.dir/lib/os/assert.c.obj
[meliks:ro] [254/406] Building C object zephyr/lib/libc/minimal/CMakeFiles/lib__libc__minimal.dir/source/math/sqrtf.c.obj
[meliks:ro] [255/406] Building C object zephyr/lib/libc/common/CMakeFiles/lib__libc__common.dir/source/time/time.c.obj
[meliks:ro] [256/406] Building C object zephyr/lib/libc/minimal/CMakeFiles/lib__libc__minimal.dir/source/stdlib/exit.c.obj
[meliks:ro] [257/406] Building C object zephyr/lib/libc/common/CMakeFiles/lib__libc__common.dir/source/string/strnlen.c.obj
[meliks:ro] [258/406] Building C object zephyr/lib/posix/c_lib_ext/CMakeFiles/lib__posix__c_lib_ext.dir/fnmatch.c.obj
[ite-aic:rw] [7/261] Generating include/generated/zephyr/kobj-types-enum.h, include/generated/zephyr/otype-to-str.h, include/generated/zephyr/otype-to-size.h
[meliks:ro] [259/406] Building C object zephyr/lib/libc/minimal/CMakeFiles/lib__libc__minimal.dir/source/stdout/sprintf.c.obj
[meliks:ro] [260/406] Building C object zephyr/subsys/crc/CMakeFiles/subsys__crc.dir/crc4_sw.c.obj
[ite-aic:rw] [8/261] Generating include/generated/device-api-sections.ld, include/generated/device-api-sections.cmake
[meliks:ro] [261/406] Building C object zephyr/subsys/crc/CMakeFiles/subsys__crc.dir/crc8_sw.c.obj
[chinchou:rw] [23/388] Building C object zephyr/CMakeFiles/zephyr.dir/lib/utils/timeutil.c.obj
[meliks:ro] [262/406] Building C object zephyr/subsys/crc/CMakeFiles/subsys__crc.dir/crc16_sw.c.obj
[meliks:ro] [263/406] Building C object zephyr/subsys/crc/CMakeFiles/subsys__crc.dir/crc7_sw.c.obj
[meliks:ro] [264/406] Building C object zephyr/lib/libc/minimal/CMakeFiles/lib__libc__minimal.dir/source/stdout/stdout_console.c.obj
[meliks:ro] [265/406] Building C object zephyr/subsys/crc/CMakeFiles/subsys__crc.dir/crc24_sw.c.obj
[meliks:ro] [266/406] Building C object zephyr/lib/libc/minimal/CMakeFiles/lib__libc__minimal.dir/source/time/gmtime.c.obj
[meliks:ro] [267/406] Building C object zephyr/lib/libc/minimal/CMakeFiles/lib__libc__minimal.dir/source/stdout/fprintf.c.obj
[meliks:ro] [268/406] Building C object zephyr/subsys/crc/CMakeFiles/subsys__crc.dir/crc32c_sw.c.obj
[meliks:ro] [269/406] Building C object zephyr/subsys/crc/CMakeFiles/subsys__crc.dir/crc32k_4_2_sw.c.obj
[meliks:ro] [270/406] Building C object zephyr/subsys/crc/CMakeFiles/subsys__crc.dir/crc32_sw.c.obj
[meliks:ro] [271/406] Linking C static library zephyr/lib/libc/minimal/liblib__libc__minimal.a
[meliks:ro] [272/406] Linking C static library zephyr/subsys/crc/libsubsys__crc.a
[meliks:ro] [273/406] Building C object zephyr/lib/libc/common/CMakeFiles/lib__libc__common.dir/source/stdlib/malloc.c.obj
[meliks:ro] [274/406] Linking C static library zephyr/lib/libc/common/liblib__libc__common.a
[chinchou:rw] [24/388] Building C object zephyr/CMakeFiles/zephyr.dir/lib/utils/rb.c.obj
[ite-aic:rw] [9/261] Building C object zephyr/CMakeFiles/offsets.dir/arch/riscv/core/offsets/offsets.c.obj
[meliks:ro] [275/406] Building C object zephyr/lib/posix/c_lib_ext/CMakeFiles/lib__posix__c_lib_ext.dir/getentropy.c.obj
[meliks:ro] [276/406] Building C object zephyr/lib/posix/c_lib_ext/CMakeFiles/lib__posix__c_lib_ext.dir/getopt_shim.c.obj
[ite-aic:rw] [10/261] Generating include/generated/zephyr/offsets.h
[meliks:ro] [277/406] Linking C static library zephyr/lib/posix/c_lib_ext/liblib__posix__c_lib_ext.a
[chinchou:rw] [25/388] Building C object zephyr/CMakeFiles/zephyr.dir/lib/utils/bitarray.c.obj
[chinchou:rw] [26/388] Building C object zephyr/CMakeFiles/zephyr.dir/lib/utils/bitmask.c.obj
[meliks:ro] [278/406] Building C object zephyr/drivers/console/CMakeFiles/drivers__console.dir/uart_console.c.obj
[meliks:ro] [279/406] Building C object zephyr/drivers/interrupt_controller/CMakeFiles/drivers__interrupt_controller.dir/intc_miwu.c.obj
[meliks:ro] [280/406] Building C object zephyr/drivers/bbram/CMakeFiles/drivers__bbram.dir/bbram_npcx.c.obj
[meliks:ro] [281/406] Building C object zephyr/drivers/eeprom/CMakeFiles/drivers__eeprom.dir/eeprom_shell.c.obj
[meliks:ro] [282/406] Building C object zephyr/drivers/adc/CMakeFiles/drivers__adc.dir/adc_common.c.obj
[meliks:ro] [283/406] Building C object zephyr/drivers/clock_control/CMakeFiles/drivers__clock_control.dir/clock_control_npcx.c.obj
[meliks:ro] [284/406] Linking C static library zephyr/drivers/console/libdrivers__console.a
[meliks:ro] [285/406] Linking C static library zephyr/drivers/interrupt_controller/libdrivers__interrupt_controller.a
[meliks:ro] [286/406] Linking C static library zephyr/drivers/clock_control/libdrivers__clock_control.a
[meliks:ro] [287/406] Linking C static library zephyr/drivers/bbram/libdrivers__bbram.a
[meliks:ro] [288/406] Building C object zephyr/drivers/adc/CMakeFiles/drivers__adc.dir/adc_npcx.c.obj
[meliks:ro] [289/406] Building C object zephyr/drivers/eeprom/CMakeFiles/drivers__eeprom.dir/eeprom_at2x.c.obj
[meliks:ro] [290/406] Linking C static library zephyr/drivers/adc/libdrivers__adc.a
[meliks:ro] [291/406] Linking C static library zephyr/drivers/eeprom/libdrivers__eeprom.a
[ite-aic:rw] [11/261] Building C object zephyr/CMakeFiles/zephyr.dir/lib/libc/validate_libc.c.obj
[meliks:ro] [292/406] Building C object zephyr/drivers/flash/CMakeFiles/drivers__flash.dir/jesd216.c.obj
[meliks:ro] [293/406] Building C object zephyr/drivers/espi/CMakeFiles/drivers__espi.dir/host_subs_npcx.c.obj
[meliks:ro] [294/406] Building C object zephyr/drivers/espi/CMakeFiles/drivers__espi.dir/espi_npcx.c.obj
[chinchou:rw] [27/388] Building C object zephyr/CMakeFiles/zephyr.dir/lib/utils/getopt/getopt_common.c.obj
[meliks:ro] [295/406] Linking C static library zephyr/drivers/espi/libdrivers__espi.a
[chinchou:rw] [28/388] Building C object zephyr/CMakeFiles/zephyr.dir/lib/utils/getopt/getopt.c.obj
[meliks:ro] [296/406] Building C object zephyr/drivers/sensor/CMakeFiles/drivers__sensor.dir/mnt/host/source/src/third_party/zephyr/main/misc/empty_file.c.obj
[meliks:ro] [297/406] Building C object zephyr/drivers/flash/CMakeFiles/drivers__flash.dir/flash_npcx_fiu_nor.c.obj
[meliks:ro] [298/406] Building C object zephyr/drivers/flash/CMakeFiles/drivers__flash.dir/flash_npcx_fiu_qspi.c.obj
[meliks:ro] [299/406] Building C object zephyr/drivers/i2c/CMakeFiles/drivers__i2c.dir/i2c_common.c.obj
[chinchou:rw] [29/388] Building C object zephyr/CMakeFiles/zephyr.dir/lib/utils/last_section_id.c.obj
[meliks:ro] [300/406] Linking C static library zephyr/drivers/flash/libdrivers__flash.a
[chinchou:rw] [30/388] Building C object zephyr/CMakeFiles/zephyr.dir/lib/utils/ring_buffer.c.obj
[meliks:ro] [301/406] Linking C static library zephyr/drivers/sensor/libdrivers__sensor.a
[meliks:ro] [302/406] Building C object zephyr/drivers/i2c/CMakeFiles/drivers__i2c.dir/i2c_shell.c.obj
[chinchou:rw] [31/388] Building C object zephyr/CMakeFiles/zephyr.dir/misc/generated/configs.c.obj
[meliks:ro] [303/406] Building C object zephyr/drivers/gpio/CMakeFiles/drivers__gpio.dir/gpio_npcx.c.obj
[meliks:ro] [304/406] Building C object zephyr/drivers/i2c/CMakeFiles/drivers__i2c.dir/i2c_npcx_controller.c.obj
[ite-aic:rw] [12/261] Building C object zephyr/CMakeFiles/zephyr.dir/lib/heap/heap.c.obj
[meliks:ro] [305/406] Building C object zephyr/drivers/pinctrl/CMakeFiles/drivers__pinctrl.dir/common.c.obj
[meliks:ro] [306/406] Linking C static library zephyr/drivers/gpio/libdrivers__gpio.a
[meliks:ro] [307/406] Building C object zephyr/drivers/i2c/CMakeFiles/drivers__i2c.dir/i2c_npcx_port.c.obj
[meliks:ro] [308/406] Building C object zephyr/drivers/i2c/CMakeFiles/drivers__i2c.dir/i2c_npcx_controller_fifo.c.obj
[chinchou:rw] [32/388] Building ASM object zephyr/CMakeFiles/zephyr.dir/soc/ite/ec/common/soc_irq.S.obj
[meliks:ro] [309/406] Building C object zephyr/drivers/pinctrl/CMakeFiles/drivers__pinctrl.dir/pinctrl_npcx.c.obj
[meliks:ro] [310/406] Linking C static library zephyr/drivers/i2c/libdrivers__i2c.a
[meliks:ro] [311/406] Linking C static library zephyr/drivers/pinctrl/libdrivers__pinctrl.a
[meliks:ro] [312/406] Building C object zephyr/drivers/syscon/CMakeFiles/drivers__syscon.dir/syscon.c.obj
[meliks:ro] [313/406] Building C object zephyr/drivers/sensor/nuvoton/nuvoton_adc_cmp_npcx/CMakeFiles/drivers__sensor__nuvoton__nuvoton_adc_cmp_npcx.dir/adc_cmp_npcx.c.obj
[meliks:ro] [314/406] Building C object zephyr/drivers/timer/CMakeFiles/drivers__timer.dir/sys_clock_init.c.obj
[meliks:ro] [315/406] Linking C static library zephyr/drivers/syscon/libdrivers__syscon.a
[chinchou:rw] [33/388] Building C object zephyr/CMakeFiles/zephyr.dir/soc/ite/ec/common/soc_common_irq.c.obj
[meliks:ro] [316/406] Building C object zephyr/drivers/serial/CMakeFiles/drivers__serial.dir/uart_npcx.c.obj
[meliks:ro] [317/406] Linking C static library zephyr/drivers/sensor/nuvoton/nuvoton_adc_cmp_npcx/libdrivers__sensor__nuvoton__nuvoton_adc_cmp_npcx.a
[meliks:ro] [318/406] Linking C static library zephyr/drivers/serial/libdrivers__serial.a
[meliks:ro] [319/406] Building C object zephyr/drivers/timer/CMakeFiles/drivers__timer.dir/npcx_itim_timer.c.obj
[meliks:ro] [320/406] Building C object zephyr/drivers/watchdog/CMakeFiles/drivers__watchdog.dir/wdt_shell.c.obj
[meliks:ro] [321/406] Building C object zephyr/drivers/watchdog/CMakeFiles/drivers__watchdog.dir/wdt_npcx.c.obj
[ite-aic:rw] [13/261] Building C object zephyr/CMakeFiles/zephyr.dir/lib/os/cbprintf_packaged.c.obj
[meliks:ro] [322/406] Linking C static library zephyr/drivers/timer/libdrivers__timer.a
[chinchou:rw] [34/388] Building C object zephyr/CMakeFiles/zephyr.dir/soc/ite/ec/common/power.c.obj
[meliks:ro] [323/406] Building C object modules/ec/zephyr/CMakeFiles/ec_shim.dir/app/ec/main_shim.c.obj
[meliks:ro] [324/406] Linking C static library zephyr/drivers/watchdog/libdrivers__watchdog.a
[meliks:ro] [325/406] Building C object modules/ec/zephyr/CMakeFiles/ec_shim.dir/drivers/cros_kb_raw/cros_kb_raw_npcx.c.obj
[meliks:ro] [326/406] Building C object modules/ec/zephyr/CMakeFiles/ec_shim.dir/drivers/cros_flash/cros_flash_npcx.c.obj
[meliks:ro] [327/406] Building C object modules/ec/zephyr/CMakeFiles/ec_shim.dir/app/ec/ec_app_main.c.obj
[chinchou:rw] [35/388] Building C object zephyr/CMakeFiles/zephyr.dir/soc/ite/ec/common/policy.c.obj
[meliks:ro] [328/406] Building C object modules/ec/zephyr/CMakeFiles/ec_shim.dir/drivers/cros_system/cros_system_npcx.c.obj
[ite-aic:rw] [14/261] Building C object zephyr/CMakeFiles/zephyr.dir/lib/os/clock.c.obj
[meliks:ro] [329/406] Building C object modules/ec/zephyr/CMakeFiles/ec_shim.dir/shim/chip/npcx/clock.c.obj
[meliks:ro] [330/406] Building C object modules/ec/zephyr/CMakeFiles/ec_shim.dir/drivers/vivaldi_kbd/vivaldi_kbd.c.obj
[chinchou:rw] [36/388] Building C object zephyr/CMakeFiles/zephyr.dir/soc/ite/ec/it8xxx2/soc.c.obj
[meliks:ro] [331/406] Building C object modules/ec/zephyr/CMakeFiles/ec_shim.dir/shim/chip/npcx/rom_chip.c.obj
[meliks:ro] [332/406] Building C object modules/ec/zephyr/CMakeFiles/ec_shim.dir/shim/src/crc.c.obj
[meliks:ro] [333/406] Building C object modules/ec/zephyr/CMakeFiles/ec_shim.dir/shim/chip/npcx/keyboard_raw.c.obj
[meliks:ro] [334/406] Building C object modules/ec/zephyr/CMakeFiles/ec_shim.dir/shim/chip/npcx/system.c.obj
[meliks:ro] [335/406] Building C object modules/ec/zephyr/CMakeFiles/ec_shim.dir/shim/chip/npcx/system_external_storage.c.obj
[chinchou:rw] [37/388] Building C object zephyr/CMakeFiles/zephyr.dir/soc/ite/ec/it8xxx2/check_regs.c.obj
[meliks:ro] [336/406] Building C object modules/ec/zephyr/CMakeFiles/ec_shim.dir/shim/chip/npcx/system_download_from_flash.c.obj
[chinchou:rw] [38/388] Building ASM object zephyr/CMakeFiles/zephyr.dir/soc/ite/ec/it8xxx2/vector.S.obj
[meliks:ro] [337/406] Building C object modules/ec/zephyr/CMakeFiles/ec_shim.dir/shim/chip/npcx/power_policy.c.obj
[chinchou:rw] [39/388] Building ASM object zephyr/CMakeFiles/zephyr.dir/soc/ite/ec/it8xxx2/__arithmetic.S.obj
[meliks:ro] [338/406] Building C object modules/ec/zephyr/CMakeFiles/ec_shim.dir/shim/chip/npcx/gpio.c.obj
[meliks:ro] [339/406] Building C object modules/ec/zephyr/CMakeFiles/ec_shim.dir/shim/core/cortex-m/mpu.c.obj
[ite-aic:rw] [15/261] Building C object zephyr/CMakeFiles/zephyr.dir/lib/os/printk.c.obj
[meliks:ro] [340/406] Building C object modules/ec/zephyr/CMakeFiles/ec_shim.dir/shim/core/cortex-m/panic.c.obj
[meliks:ro] [341/406] Building C object modules/ec/zephyr/CMakeFiles/ec_shim.dir/shim/src/console.c.obj
[meliks:ro] [342/406] Building ASM object modules/ec/zephyr/CMakeFiles/ec_shim.dir/shim/src/libgcc_arm.S.obj
[meliks:ro] [343/406] Building C object modules/ec/zephyr/CMakeFiles/ec_shim.dir/shim/src/gpio.c.obj
[meliks:ro] [344/406] Building C object modules/ec/zephyr/CMakeFiles/ec_shim.dir/shim/src/panic_utils.c.obj
[meliks:ro] [345/406] Building C object modules/ec/zephyr/CMakeFiles/ec_shim.dir/shim/src/gpio_int.c.obj
[chinchou:rw] [40/388] Building C object zephyr/CMakeFiles/zephyr.dir/soc/ite/ec/it8xxx2/ilm.c.obj
[meliks:ro] [346/406] Building C object modules/ec/zephyr/CMakeFiles/ec_shim.dir/shim/src/cbi/cros_cbi.c.obj
[chinchou:rw] [41/388] Building C object zephyr/CMakeFiles/zephyr.dir/subsys/logging/log_minimal.c.obj
[meliks:ro] [347/406] Building C object modules/ec/zephyr/CMakeFiles/ec_shim.dir/shim/src/cbi/cros_cbi_fw_config.c.obj
[ite-aic:rw] [16/261] Building C object zephyr/CMakeFiles/zephyr.dir/lib/os/sem.c.obj
[meliks:ro] [348/406] Building C object modules/ec/zephyr/CMakeFiles/ec_shim.dir/shim/src/pm_state.c.obj
[meliks:ro] [349/406] Building C object modules/ec/zephyr/CMakeFiles/ec_shim.dir/shim/src/cbi/cbi_eeprom.c.obj
[meliks:ro] [350/406] Building C object modules/ec/zephyr/CMakeFiles/ec_shim.dir/shim/src/system.c.obj
[meliks:ro] [351/406] Building C object modules/ec/zephyr/CMakeFiles/ec_shim.dir/shim/src/battery.c.obj
[meliks:ro] [352/406] Building C object modules/ec/zephyr/CMakeFiles/ec_shim.dir/shim/src/adc.c.obj
[meliks:ro] [353/406] Building C object modules/ec/zephyr/CMakeFiles/ec_shim.dir/shim/src/charger.c.obj
[chinchou:rw] [42/388] Building C object zephyr/CMakeFiles/zephyr.dir/subsys/pm/state.c.obj
[ite-aic:rw] [17/261] Building C object zephyr/CMakeFiles/zephyr.dir/lib/os/thread_entry.c.obj
[chinchou:rw] [43/388] Building C object zephyr/CMakeFiles/zephyr.dir/subsys/pm/pm.c.obj
[meliks:ro] [354/406] Building C object modules/ec/zephyr/CMakeFiles/ec_shim.dir/shim/src/flash.c.obj
[meliks:ro] [355/406] Building C object modules/ec/zephyr/CMakeFiles/ec_shim.dir/shim/src/espi.c.obj
[meliks:ro] [356/406] Building C object modules/ec/zephyr/CMakeFiles/ec_shim.dir/shim/src/chipset_api.c.obj
[meliks:ro] [357/406] Building C object modules/ec/zephyr/CMakeFiles/ec_shim.dir/shim/src/hooks.c.obj
[meliks:ro] [358/406] Building C object modules/ec/zephyr/CMakeFiles/ec_shim.dir/shim/src/host_command.c.obj
[meliks:ro] [359/406] Building C object modules/ec/zephyr/CMakeFiles/ec_shim.dir/shim/src/console_buffer.c.obj
[meliks:ro] [360/406] Building C object modules/ec/zephyr/CMakeFiles/ec_shim.dir/shim/src/keyboard_raw.c.obj
[ite-aic:rw] [18/261] Building C object zephyr/CMakeFiles/zephyr.dir/lib/os/cbprintf_nano.c.obj
[meliks:ro] [361/406] Building C object modules/ec/zephyr/CMakeFiles/ec_shim.dir/shim/src/mkbp_event.c.obj
[meliks:ro] [362/406] Building C object modules/ec/zephyr/CMakeFiles/ec_shim.dir/shim/src/panic.c.obj
[chinchou:rw] [44/388] Building C object zephyr/CMakeFiles/zephyr.dir/subsys/pm/policy/policy_events.c.obj
[chinchou:rw] [45/388] Building C object zephyr/CMakeFiles/zephyr.dir/subsys/pm/policy/policy_latency.c.obj
[meliks:ro] [363/406] Building C object modules/ec/zephyr/CMakeFiles/ec_shim.dir/shim/src/hwtimer.c.obj
[meliks:ro] [364/406] Building C object modules/ec/zephyr/CMakeFiles/ec_shim.dir/shim/src/motionsense_sensors.c.obj
[meliks:ro] [365/406] Building C object modules/ec/zephyr/CMakeFiles/ec_shim.dir/shim/src/temp_sensors.c.obj
[meliks:ro] [366/406] Building C object modules/ec/zephyr/CMakeFiles/ec_shim.dir/shim/src/thermal.c.obj
[ite-aic:rw] [19/261] Building C object zephyr/CMakeFiles/zephyr.dir/lib/os/cbprintf.c.obj
[meliks:ro] [367/406] Building C object modules/ec/zephyr/CMakeFiles/ec_shim.dir/shim/src/i2c.c.obj
[meliks:ro] [368/406] Building C object modules/ec/zephyr/CMakeFiles/ec_shim.dir/shim/src/bc12.c.obj
[meliks:ro] [369/406] Building C object modules/ec/zephyr/CMakeFiles/ec_shim.dir/shim/src/watchdog.c.obj
[meliks:ro] [370/406] Building C object modules/ec/zephyr/CMakeFiles/ec_shim.dir/shim/src/bc12_pi3usb9201.c.obj
[meliks:ro] [371/406] Building C object modules/ec/zephyr/CMakeFiles/ec_shim.dir/shim/src/tasks.c.obj
[chinchou:rw] [46/388] Building C object zephyr/CMakeFiles/zephyr.dir/subsys/pm/policy/policy_state_lock.c.obj
[chinchou:rw] [47/388] Building C object zephyr/CMakeFiles/zephyr.dir/subsys/pm/device.c.obj
[meliks:ro] [372/406] Building C object zephyr/kernel/CMakeFiles/kernel.dir/main_weak.c.obj
[meliks:ro] [373/406] Building C object zephyr/kernel/CMakeFiles/kernel.dir/banner.c.obj
[meliks:ro] [374/406] Building C object modules/ec/zephyr/CMakeFiles/ec_shim.dir/shim/src/power_host_sleep_api.c.obj
[meliks:ro] [375/406] Building C object zephyr/kernel/CMakeFiles/kernel.dir/busy_wait.c.obj
[ite-aic:rw] [20/261] Building C object zephyr/CMakeFiles/zephyr.dir/lib/os/assert.c.obj
[meliks:ro] [376/406] Building C object zephyr/kernel/CMakeFiles/kernel.dir/device.c.obj
[meliks:ro] [377/406] Building C object modules/ec/zephyr/CMakeFiles/ec_shim.dir/shim/src/usb_muxes.c.obj
[meliks:ro] [378/406] Building C object zephyr/kernel/CMakeFiles/kernel.dir/version.c.obj
[meliks:ro] [379/406] Linking C static library modules/ec/zephyr/libec_shim.a
[meliks:ro] [380/406] Building C object zephyr/kernel/CMakeFiles/kernel.dir/errno.c.obj
[meliks:ro] [381/406] Building C object zephyr/kernel/CMakeFiles/kernel.dir/fatal.c.obj
[meliks:ro] [382/406] Building C object zephyr/kernel/CMakeFiles/kernel.dir/kheap.c.obj
[ite-aic:rw] [21/261] Building C object zephyr/CMakeFiles/zephyr.dir/lib/utils/dec.c.obj
[chinchou:rw] [48/388] Building C object zephyr/CMakeFiles/zephyr.dir/subsys/testsuite/coverage/coverage.c.obj
[meliks:ro] [383/406] Building C object zephyr/kernel/CMakeFiles/kernel.dir/init.c.obj
[meliks:ro] [384/406] Building C object zephyr/kernel/CMakeFiles/kernel.dir/mem_slab.c.obj
[chinchou:rw] [49/388] Building C object zephyr/CMakeFiles/zephyr.dir/subsys/pm/device_system_managed.c.obj
[meliks:ro] [385/406] Building C object zephyr/kernel/CMakeFiles/kernel.dir/float.c.obj
[/mnt/host/source/src/platform/ec/build/zephyr/jubilant-lcov]   /mnt/host/source/src/platform/ec/build/zephyr/jubilant/build-rw/modules/ec/zephyr/CMakeFiles/ec_shim.dir/drivers/keyboard_input/keyboard_customization_check.c.gcno:no functions found
[/mnt/host/source/src/platform/ec/build/zephyr/jubilant-lcov] stderr:
[ite-aic:rw] [22/261] Building C object zephyr/CMakeFiles/zephyr.dir/lib/utils/hex.c.obj
[meliks:ro] [386/406] Building C object zephyr/kernel/CMakeFiles/kernel.dir/mailbox.c.obj
[meliks:ro] [387/406] Building C object zephyr/kernel/CMakeFiles/kernel.dir/idle.c.obj
[meliks:ro] [388/406] Building C object zephyr/kernel/CMakeFiles/kernel.dir/msg_q.c.obj
[meliks:ro] [389/406] Building C object zephyr/kernel/CMakeFiles/kernel.dir/mutex.c.obj
[meliks:ro] [390/406] Building C object zephyr/kernel/CMakeFiles/kernel.dir/sem.c.obj
[chinchou:rw] [50/388] Building C object zephyr/CMakeFiles/zephyr.dir/subsys/tracing/tracing_none.c.obj
[meliks:ro] [391/406] Building C object zephyr/kernel/CMakeFiles/kernel.dir/system_work_q.c.obj
[meliks:ro] [392/406] Building C object zephyr/kernel/CMakeFiles/kernel.dir/queue.c.obj
[meliks:ro] [393/406] Building C object zephyr/kernel/CMakeFiles/kernel.dir/condvar.c.obj
[meliks:ro] [394/406] Building C object zephyr/kernel/CMakeFiles/kernel.dir/stack.c.obj
[chinchou:rw] [51/388] Building C object zephyr/CMakeFiles/zephyr.dir/subsys/shell/modules/kernel_service/kernel_shell.c.obj
[meliks:ro] [395/406] Building C object zephyr/kernel/CMakeFiles/kernel.dir/work.c.obj
[meliks:ro] [396/406] Building C object zephyr/kernel/CMakeFiles/kernel.dir/thread.c.obj
[ite-aic:rw] [23/261] Building C object zephyr/CMakeFiles/zephyr.dir/lib/utils/rb.c.obj
[ite-aic:ro] Building: /usr/bin/ninja -C /mnt/host/source/src/platform/ec/build/zephyr/ite-aic/build-ro all.libraries
Running `env -i SHELL=/bin/bash COLORTERM=truecolor DEPOT_TOOLS_UPDATE=0 LESS='-R -M --shift 5' SUDO_GID=0 JDK_HOME=/etc/java-config-2/current-system-vm CONFIG_PROTECT_MASK='/etc/gentoo-release /etc/sandbox.d /etc/fonts/fonts.conf /etc/terminfo /etc/ca-certificates.conf /etc/revdep-rebuild' CHROMEOS_CACHEDIR=/var/cache/chromeos-cache JAVA_HOME=/etc/java-config-2/current-system-vm SSH_AUTH_SOCK=/tmp/ssh-auth-sock SUDO_COMMAND=/bin/bash SUDO_USER=root SUDO_TTY=/dev/pts/2 EDITOR=/usr/bin/vi PWD=/mnt/host/source/src/platform/ec CONFIG_PROTECT=/usr/share/gnupg/qualified.txt LOGNAME=jpmurphy MANPATH=/etc/java-config-2/current-system-vm/man:/usr/local/share/man:/usr/share/man:/usr/share/gcc-data/x86_64-pc-linux-gnu/10.2.0/man:/usr/share/binutils-data/x86_64-pc-linux-gnu/2.45/man:/etc/java-config-2/current-system-vm/man/ SUDO_HOME=/root XAUTHORITY=/run/user/944457/gdm/Xauthority HOME=/home/jpmurphy LANG=C.UTF-8 LS_COLORS='rs=0:di=01;34:ln=01;36:mh=00:pi=40;33:so=01;35:do=01;35:bd=40;33;01:cd=40;33;01:or=01;05;37;41:mi=01;05;37;41:su=37;41:sg=30;43:ca=30;41:tw=30;42:ow=34;42:st=37;44:ex=01;32:*.tar=01;31:*.tgz=01;31:*.arc=01;31:*.arj=01;31:*.taz=01;31:*.lha=01;31:*.lz4=01;31:*.lzh=01;31:*.lzma=01;31:*.tlz=01;31:*.txz=01;31:*.tzo=01;31:*.t7z=01;31:*.zip=01;31:*.z=01;31:*.dz=01;31:*.gz=01;31:*.lrz=01;31:*.lz=01;31:*.lzo=01;31:*.xz=01;31:*.zst=01;31:*.tzst=01;31:*.bz2=01;31:*.bz=01;31:*.tbz=01;31:*.tbz2=01;31:*.tz=01;31:*.deb=01;31:*.rpm=01;31:*.jar=01;31:*.war=01;31:*.ear=01;31:*.sar=01;31:*.rar=01;31:*.alz=01;31:*.ace=01;31:*.zoo=01;31:*.cpio=01;31:*.7z=01;31:*.rz=01;31:*.cab=01;31:*.wim=01;31:*.swm=01;31:*.dwm=01;31:*.esd=01;31:*.jpg=01;35:*.jpeg=01;35:*.mjpg=01;35:*.mjpeg=01;35:*.gif=01;35:*.bmp=01;35:*.pbm=01;35:*.pgm=01;35:*.ppm=01;35:*.tga=01;35:*.xbm=01;35:*.xpm=01;35:*.tif=01;35:*.tiff=01;35:*.png=01;35:*.svg=01;35:*.svgz=01;35:*.mng=01;35:*.pcx=01;35:*.mov=01;35:*.mpg=01;35:*.mpeg=01;35:*.m2v=01;35:*.mkv=01;35:*.webm=01;35:*.webp=01;35:*.ogm=01;35:*.mp4=01;35:*.m4v=01;35:*.mp4v=01;35:*.vob=01;35:*.qt=01;35:*.nuv=01;35:*.wmv=01;35:*.asf=01;35:*.rm=01;35:*.rmvb=01;35:*.flc=01;35:*.avi=01;35:*.fli=01;35:*.flv=01;35:*.gl=01;35:*.dl=01;35:*.xcf=01;35:*.xwd=01;35:*.yuv=01;35:*.cgm=01;35:*.emf=01;35:*.ogv=01;35:*.ogx=01;35:*.cfg=00;32:*.conf=00;32:*.diff=00;32:*.doc=00;32:*.ini=00;32:*.log=00;32:*.patch=00;32:*.pdf=00;32:*.ps=00;32:*.tex=00;32:*.txt=00;32:*.aac=00;36:*.au=00;36:*.flac=00;36:*.m4a=00;36:*.mid=00;36:*.midi=00;36:*.mka=00;36:*.mp3=00;36:*.mpc=00;36:*.ogg=00;36:*.ra=00;36:*.wav=00;36:*.oga=00;36:*.opus=00;36:*.spx=00;36:*.xspf=00;36:' XDG_CURRENT_DESKTOP=GNOME INFOPATH=/usr/share/info:/usr/share/gcc-data/x86_64-pc-linux-gnu/10.2.0/info:/usr/share/binutils-data/x86_64-pc-linux-gnu/2.45/info:/usr/share/automake-1.16.5/info JAVAC=/etc/java-config-2/current-system-vm/bin/javac TERM=xterm-256color LESSOPEN='|lesspipe %s' USER=jpmurphy CROS_WORKON_SRCROOT=/mnt/host/source MANPAGER=manpager DISPLAY=:1 SHLVL=1 LC_MESSAGES=C EXTERNAL_TRUNK_PATH=/mnt/8f9d649a-3721-44cc-93c0-e6bd21a9689f/chromiumos GCC_SPECS='' PATH=/mnt/host/source/chromite/bin:/usr/local/bin:/usr/bin:/bin:/opt/bin:/mnt/host/source/chromite/sdk/bin:/mnt/host/source/chromite/bin PORTAGE_USERNAME=jpmurphy SUDO_UID=0 GCC_VER=10.2.0 MAIL=/var/mail/jpmurphy OLDPWD=/mnt/host/source/src/scripts traceparent=00-e87aca51550a78635907baa6a2476181-6d684811675d2973-01 _=./zephyr/firmware_builder.py COREBOOT_SDK_ROOT_x86=/home/jpmurphy/.cache/coreboot-sdk/i386-elf/dfbb0486385d938cfa9d73080b9d18d598ed4f49 COREBOOT_SDK_ROOT_picolibc_x86=/home/jpmurphy/.cache/coreboot-sdk/picolibc-i386-elf/eb8e8e687b95461de8cbf278f1c2076952d0ad17 COREBOOT_SDK_ROOT_riscv64=/home/jpmurphy/.cache/coreboot-sdk/riscv64-elf/96b949749225b6aaa92ed810ab769e8dfb12f000 COREBOOT_SDK_ROOT_picolibc_arm=/home/jpmurphy/.cache/coreboot-sdk/picolibc-arm-eabi/422a2aa3e1ef891b5bece9a3deb696ff83840d2e COREBOOT_SDK_ROOT_nds32=/home/jpmurphy/.cache/coreboot-sdk/nds32le-elf/d1a518c4a097666d86058e1444f85ca015d15511 COREBOOT_SDK_ROOT_picolibc_riscv64=/home/jpmurphy/.cache/coreboot-sdk/picolibc-riscv64-elf/f571e990ef0278564b31124f8bb109d9a697eb69 COREBOOT_SDK_ROOT_arm=/home/jpmurphy/.cache/coreboot-sdk/arm-eabi/ea40ddd1d190c3b48435c474c0b545719371813a COREBOOT_SDK_ROOT_libstdcxx_riscv64=/home/jpmurphy/.cache/coreboot-sdk/libstdcxx-riscv64-elf/17abf22a3a252e2d5d2062ced5324f7a623689e0 COREBOOT_SDK_ROOT_libstdcxx_arm=/home/jpmurphy/.cache/coreboot-sdk/libstdcxx-arm-eabi/5d7d82e150e44aa1968f1d366e267e6687b328ac COREBOOT_SDK_ROOT_riscv=/home/jpmurphy/.cache/coreboot-sdk/riscv-elf/9a27b9e82341c6e9126624f516ab3f261abb3e73 COREBOOT_SDK_ROOT_libstdcxx_x86=/home/jpmurphy/.cache/coreboot-sdk/libstdcxx-i386-elf/42ef9d2e87a76a37963175d7d428734e65648b87 PYTHONPATH=/mnt/host/source/src/platform/ec/zephyr/zmake PW_PIGWEED_CIPD_INSTALL_DIR=/usr CROSTC_USER_ACKNOWLEDGES_THAT_RISCV_IS_EXPERIMENTAL=1 MAKEFLAGS=' -j16 --jobserver-auth=5,6' /usr/bin/ninja -C /mnt/host/source/src/platform/ec/build/zephyr/ite-aic/build-ro all.libraries`
[meliks:ro] [397/406] Building C object zephyr/kernel/CMakeFiles/kernel.dir/thread_monitor.c.obj
[ite-aic:ro] ninja: Entering directory `/mnt/host/source/src/platform/ec/build/zephyr/ite-aic/build-ro'
[meliks:ro] [398/406] Building C object zephyr/kernel/CMakeFiles/kernel.dir/pipe.c.obj
[meliks:ro] [399/406] Building C object zephyr/kernel/CMakeFiles/kernel.dir/sched.c.obj
[trulo-ish:singleimage] Building: /usr/bin/ninja -C /mnt/host/source/src/platform/ec/build/zephyr/trulo-ish/build-singleimage all.libraries
Running `env -i SHELL=/bin/bash COLORTERM=truecolor DEPOT_TOOLS_UPDATE=0 LESS='-R -M --shift 5' SUDO_GID=0 JDK_HOME=/etc/java-config-2/current-system-vm CONFIG_PROTECT_MASK='/etc/gentoo-release /etc/sandbox.d /etc/fonts/fonts.conf /etc/terminfo /etc/ca-certificates.conf /etc/revdep-rebuild' CHROMEOS_CACHEDIR=/var/cache/chromeos-cache JAVA_HOME=/etc/java-config-2/current-system-vm SSH_AUTH_SOCK=/tmp/ssh-auth-sock SUDO_COMMAND=/bin/bash SUDO_USER=root SUDO_TTY=/dev/pts/2 EDITOR=/usr/bin/vi PWD=/mnt/host/source/src/platform/ec CONFIG_PROTECT=/usr/share/gnupg/qualified.txt LOGNAME=jpmurphy MANPATH=/etc/java-config-2/current-system-vm/man:/usr/local/share/man:/usr/share/man:/usr/share/gcc-data/x86_64-pc-linux-gnu/10.2.0/man:/usr/share/binutils-data/x86_64-pc-linux-gnu/2.45/man:/etc/java-config-2/current-system-vm/man/ SUDO_HOME=/root XAUTHORITY=/run/user/944457/gdm/Xauthority HOME=/home/jpmurphy LANG=C.UTF-8 LS_COLORS='rs=0:di=01;34:ln=01;36:mh=00:pi=40;33:so=01;35:do=01;35:bd=40;33;01:cd=40;33;01:or=01;05;37;41:mi=01;05;37;41:su=37;41:sg=30;43:ca=30;41:tw=30;42:ow=34;42:st=37;44:ex=01;32:*.tar=01;31:*.tgz=01;31:*.arc=01;31:*.arj=01;31:*.taz=01;31:*.lha=01;31:*.lz4=01;31:*.lzh=01;31:*.lzma=01;31:*.tlz=01;31:*.txz=01;31:*.tzo=01;31:*.t7z=01;31:*.zip=01;31:*.z=01;31:*.dz=01;31:*.gz=01;31:*.lrz=01;31:*.lz=01;31:*.lzo=01;31:*.xz=01;31:*.zst=01;31:*.tzst=01;31:*.bz2=01;31:*.bz=01;31:*.tbz=01;31:*.tbz2=01;31:*.tz=01;31:*.deb=01;31:*.rpm=01;31:*.jar=01;31:*.war=01;31:*.ear=01;31:*.sar=01;31:*.rar=01;31:*.alz=01;31:*.ace=01;31:*.zoo=01;31:*.cpio=01;31:*.7z=01;31:*.rz=01;31:*.cab=01;31:*.wim=01;31:*.swm=01;31:*.dwm=01;31:*.esd=01;31:*.jpg=01;35:*.jpeg=01;35:*.mjpg=01;35:*.mjpeg=01;35:*.gif=01;35:*.bmp=01;35:*.pbm=01;35:*.pgm=01;35:*.ppm=01;35:*.tga=01;35:*.xbm=01;35:*.xpm=01;35:*.tif=01;35:*.tiff=01;35:*.png=01;35:*.svg=01;35:*.svgz=01;35:*.mng=01;35:*.pcx=01;35:*.mov=01;35:*.mpg=01;35:*.mpeg=01;35:*.m2v=01;35:*.mkv=01;35:*.webm=01;35:*.webp=01;35:*.ogm=01;35:*.mp4=01;35:*.m4v=01;35:*.mp4v=01;35:*.vob=01;35:*.qt=01;35:*.nuv=01;35:*.wmv=01;35:*.asf=01;35:*.rm=01;35:*.rmvb=01;35:*.flc=01;35:*.avi=01;35:*.fli=01;35:*.flv=01;35:*.gl=01;35:*.dl=01;35:*.xcf=01;35:*.xwd=01;35:*.yuv=01;35:*.cgm=01;35:*.emf=01;35:*.ogv=01;35:*.ogx=01;35:*.cfg=00;32:*.conf=00;32:*.diff=00;32:*.doc=00;32:*.ini=00;32:*.log=00;32:*.patch=00;32:*.pdf=00;32:*.ps=00;32:*.tex=00;32:*.txt=00;32:*.aac=00;36:*.au=00;36:*.flac=00;36:*.m4a=00;36:*.mid=00;36:*.midi=00;36:*.mka=00;36:*.mp3=00;36:*.mpc=00;36:*.ogg=00;36:*.ra=00;36:*.wav=00;36:*.oga=00;36:*.opus=00;36:*.spx=00;36:*.xspf=00;36:' XDG_CURRENT_DESKTOP=GNOME INFOPATH=/usr/share/info:/usr/share/gcc-data/x86_64-pc-linux-gnu/10.2.0/info:/usr/share/binutils-data/x86_64-pc-linux-gnu/2.45/info:/usr/share/automake-1.16.5/info JAVAC=/etc/java-config-2/current-system-vm/bin/javac TERM=xterm-256color LESSOPEN='|lesspipe %s' USER=jpmurphy CROS_WORKON_SRCROOT=/mnt/host/source MANPAGER=manpager DISPLAY=:1 SHLVL=1 LC_MESSAGES=C EXTERNAL_TRUNK_PATH=/mnt/8f9d649a-3721-44cc-93c0-e6bd21a9689f/chromiumos GCC_SPECS='' PATH=/mnt/host/source/chromite/bin:/usr/local/bin:/usr/bin:/bin:/opt/bin:/mnt/host/source/chromite/sdk/bin:/mnt/host/source/chromite/bin PORTAGE_USERNAME=jpmurphy SUDO_UID=0 GCC_VER=10.2.0 MAIL=/var/mail/jpmurphy OLDPWD=/mnt/host/source/src/scripts traceparent=00-e87aca51550a78635907baa6a2476181-6d684811675d2973-01 _=./zephyr/firmware_builder.py COREBOOT_SDK_ROOT_x86=/home/jpmurphy/.cache/coreboot-sdk/i386-elf/dfbb0486385d938cfa9d73080b9d18d598ed4f49 COREBOOT_SDK_ROOT_picolibc_x86=/home/jpmurphy/.cache/coreboot-sdk/picolibc-i386-elf/eb8e8e687b95461de8cbf278f1c2076952d0ad17 COREBOOT_SDK_ROOT_riscv64=/home/jpmurphy/.cache/coreboot-sdk/riscv64-elf/96b949749225b6aaa92ed810ab769e8dfb12f000 COREBOOT_SDK_ROOT_picolibc_arm=/home/jpmurphy/.cache/coreboot-sdk/picolibc-arm-eabi/422a2aa3e1ef891b5bece9a3deb696ff83840d2e COREBOOT_SDK_ROOT_nds32=/home/jpmurphy/.cache/coreboot-sdk/nds32le-elf/d1a518c4a097666d86058e1444f85ca015d15511 COREBOOT_SDK_ROOT_picolibc_riscv64=/home/jpmurphy/.cache/coreboot-sdk/picolibc-riscv64-elf/f571e990ef0278564b31124f8bb109d9a697eb69 COREBOOT_SDK_ROOT_arm=/home/jpmurphy/.cache/coreboot-sdk/arm-eabi/ea40ddd1d190c3b48435c474c0b545719371813a COREBOOT_SDK_ROOT_libstdcxx_riscv64=/home/jpmurphy/.cache/coreboot-sdk/libstdcxx-riscv64-elf/17abf22a3a252e2d5d2062ced5324f7a623689e0 COREBOOT_SDK_ROOT_libstdcxx_arm=/home/jpmurphy/.cache/coreboot-sdk/libstdcxx-arm-eabi/5d7d82e150e44aa1968f1d366e267e6687b328ac COREBOOT_SDK_ROOT_riscv=/home/jpmurphy/.cache/coreboot-sdk/riscv-elf/9a27b9e82341c6e9126624f516ab3f261abb3e73 COREBOOT_SDK_ROOT_libstdcxx_x86=/home/jpmurphy/.cache/coreboot-sdk/libstdcxx-i386-elf/42ef9d2e87a76a37963175d7d428734e65648b87 PYTHONPATH=/mnt/host/source/src/platform/ec/zephyr/zmake PW_PIGWEED_CIPD_INSTALL_DIR=/usr CROSTC_USER_ACKNOWLEDGES_THAT_RISCV_IS_EXPERIMENTAL=1 MAKEFLAGS=' -j16 --jobserver-auth=5,6' /usr/bin/ninja -C /mnt/host/source/src/platform/ec/build/zephyr/trulo-ish/build-singleimage all.libraries`
[meliks:ro] [400/406] Building C object zephyr/kernel/CMakeFiles/kernel.dir/timeout.c.obj
[trulo-ish:singleimage] ninja: Entering directory `/mnt/host/source/src/platform/ec/build/zephyr/trulo-ish/build-singleimage'
[meliks:ro] [401/406] Building C object zephyr/kernel/CMakeFiles/kernel.dir/timer.c.obj
[ite-aic:ro] [1/261] Preparing syscall dependency handling
[chinchou:rw] [52/388] Building C object zephyr/CMakeFiles/zephyr.dir/subsys/shell/modules/kernel_service/cycles.c.obj
[meliks:ro] [402/406] Building C object zephyr/kernel/CMakeFiles/kernel.dir/events.c.obj
[ite-aic:ro] [2/261] Generating misc/generated/syscalls_subdirs.trigger
[meliks:ro] [403/406] Building C object zephyr/kernel/CMakeFiles/kernel.dir/dynamic_disabled.c.obj
[ite-aic:rw] [24/261] Building C object zephyr/CMakeFiles/zephyr.dir/lib/utils/timeutil.c.obj
[meliks:ro] [404/406] Building C object zephyr/kernel/CMakeFiles/kernel.dir/mempool.c.obj
[meliks:ro] [405/406] Building C object zephyr/kernel/CMakeFiles/kernel.dir/poll.c.obj
[chinchou:rw] [53/388] Building C object zephyr/CMakeFiles/zephyr.dir/subsys/shell/modules/kernel_service/sleep.c.obj
[ite-aic:rw] [25/261] Building C object zephyr/CMakeFiles/zephyr.dir/lib/utils/bitmask.c.obj
[ite-aic:ro] [3/261] cd /mnt/host/source/src/platform/ec/build/zephyr/ite-aic/build-ro/modules/ec/zephyr && PYTHONPATH=/mnt/host/source/src/platform/ec/build/zephyr/ite-aic/modules/ec/zephyr/zmake/ /usr/bin/python3.11 /mnt/host/source/src/platform/ec/build/zephyr/ite-aic/modules/ec/zephyr/zmake/zephyr_build_tools/generate_ec_version.py /mnt/host/source/src/platform/ec/build/zephyr/ite-aic/build-ro/modules/ec/zephyr/include/ec_version.h --name Zephyr-Kernel --version 16543.0.0 --static
[ite-aic:ro] INFO:root:Using a static version string
[meliks:ro] [406/406] Linking C static library zephyr/kernel/libkernel.a
[geralt:rw] Building: /usr/bin/ninja -C /mnt/host/source/src/platform/ec/build/zephyr/geralt/build-rw all.libraries
Running `env -i SHELL=/bin/bash COLORTERM=truecolor DEPOT_TOOLS_UPDATE=0 LESS='-R -M --shift 5' SUDO_GID=0 JDK_HOME=/etc/java-config-2/current-system-vm CONFIG_PROTECT_MASK='/etc/gentoo-release /etc/sandbox.d /etc/fonts/fonts.conf /etc/terminfo /etc/ca-certificates.conf /etc/revdep-rebuild' CHROMEOS_CACHEDIR=/var/cache/chromeos-cache JAVA_HOME=/etc/java-config-2/current-system-vm SSH_AUTH_SOCK=/tmp/ssh-auth-sock SUDO_COMMAND=/bin/bash SUDO_USER=root SUDO_TTY=/dev/pts/2 EDITOR=/usr/bin/vi PWD=/mnt/host/source/src/platform/ec CONFIG_PROTECT=/usr/share/gnupg/qualified.txt LOGNAME=jpmurphy MANPATH=/etc/java-config-2/current-system-vm/man:/usr/local/share/man:/usr/share/man:/usr/share/gcc-data/x86_64-pc-linux-gnu/10.2.0/man:/usr/share/binutils-data/x86_64-pc-linux-gnu/2.45/man:/etc/java-config-2/current-system-vm/man/ SUDO_HOME=/root XAUTHORITY=/run/user/944457/gdm/Xauthority HOME=/home/jpmurphy LANG=C.UTF-8 LS_COLORS='rs=0:di=01;34:ln=01;36:mh=00:pi=40;33:so=01;35:do=01;35:bd=40;33;01:cd=40;33;01:or=01;05;37;41:mi=01;05;37;41:su=37;41:sg=30;43:ca=30;41:tw=30;42:ow=34;42:st=37;44:ex=01;32:*.tar=01;31:*.tgz=01;31:*.arc=01;31:*.arj=01;31:*.taz=01;31:*.lha=01;31:*.lz4=01;31:*.lzh=01;31:*.lzma=01;31:*.tlz=01;31:*.txz=01;31:*.tzo=01;31:*.t7z=01;31:*.zip=01;31:*.z=01;31:*.dz=01;31:*.gz=01;31:*.lrz=01;31:*.lz=01;31:*.lzo=01;31:*.xz=01;31:*.zst=01;31:*.tzst=01;31:*.bz2=01;31:*.bz=01;31:*.tbz=01;31:*.tbz2=01;31:*.tz=01;31:*.deb=01;31:*.rpm=01;31:*.jar=01;31:*.war=01;31:*.ear=01;31:*.sar=01;31:*.rar=01;31:*.alz=01;31:*.ace=01;31:*.zoo=01;31:*.cpio=01;31:*.7z=01;31:*.rz=01;31:*.cab=01;31:*.wim=01;31:*.swm=01;31:*.dwm=01;31:*.esd=01;31:*.jpg=01;35:*.jpeg=01;35:*.mjpg=01;35:*.mjpeg=01;35:*.gif=01;35:*.bmp=01;35:*.pbm=01;35:*.pgm=01;35:*.ppm=01;35:*.tga=01;35:*.xbm=01;35:*.xpm=01;35:*.tif=01;35:*.tiff=01;35:*.png=01;35:*.svg=01;35:*.svgz=01;35:*.mng=01;35:*.pcx=01;35:*.mov=01;35:*.mpg=01;35:*.mpeg=01;35:*.m2v=01;35:*.mkv=01;35:*.webm=01;35:*.webp=01;35:*.ogm=01;35:*.mp4=01;35:*.m4v=01;35:*.mp4v=01;35:*.vob=01;35:*.qt=01;35:*.nuv=01;35:*.wmv=01;35:*.asf=01;35:*.rm=01;35:*.rmvb=01;35:*.flc=01;35:*.avi=01;35:*.fli=01;35:*.flv=01;35:*.gl=01;35:*.dl=01;35:*.xcf=01;35:*.xwd=01;35:*.yuv=01;35:*.cgm=01;35:*.emf=01;35:*.ogv=01;35:*.ogx=01;35:*.cfg=00;32:*.conf=00;32:*.diff=00;32:*.doc=00;32:*.ini=00;32:*.log=00;32:*.patch=00;32:*.pdf=00;32:*.ps=00;32:*.tex=00;32:*.txt=00;32:*.aac=00;36:*.au=00;36:*.flac=00;36:*.m4a=00;36:*.mid=00;36:*.midi=00;36:*.mka=00;36:*.mp3=00;36:*.mpc=00;36:*.ogg=00;36:*.ra=00;36:*.wav=00;36:*.oga=00;36:*.opus=00;36:*.spx=00;36:*.xspf=00;36:' XDG_CURRENT_DESKTOP=GNOME INFOPATH=/usr/share/info:/usr/share/gcc-data/x86_64-pc-linux-gnu/10.2.0/info:/usr/share/binutils-data/x86_64-pc-linux-gnu/2.45/info:/usr/share/automake-1.16.5/info JAVAC=/etc/java-config-2/current-system-vm/bin/javac TERM=xterm-256color LESSOPEN='|lesspipe %s' USER=jpmurphy CROS_WORKON_SRCROOT=/mnt/host/source MANPAGER=manpager DISPLAY=:1 SHLVL=1 LC_MESSAGES=C EXTERNAL_TRUNK_PATH=/mnt/8f9d649a-3721-44cc-93c0-e6bd21a9689f/chromiumos GCC_SPECS='' PATH=/mnt/host/source/chromite/bin:/usr/local/bin:/usr/bin:/bin:/opt/bin:/mnt/host/source/chromite/sdk/bin:/mnt/host/source/chromite/bin PORTAGE_USERNAME=jpmurphy SUDO_UID=0 GCC_VER=10.2.0 MAIL=/var/mail/jpmurphy OLDPWD=/mnt/host/source/src/scripts traceparent=00-e87aca51550a78635907baa6a2476181-6d684811675d2973-01 _=./zephyr/firmware_builder.py COREBOOT_SDK_ROOT_x86=/home/jpmurphy/.cache/coreboot-sdk/i386-elf/dfbb0486385d938cfa9d73080b9d18d598ed4f49 COREBOOT_SDK_ROOT_picolibc_x86=/home/jpmurphy/.cache/coreboot-sdk/picolibc-i386-elf/eb8e8e687b95461de8cbf278f1c2076952d0ad17 COREBOOT_SDK_ROOT_riscv64=/home/jpmurphy/.cache/coreboot-sdk/riscv64-elf/96b949749225b6aaa92ed810ab769e8dfb12f000 COREBOOT_SDK_ROOT_picolibc_arm=/home/jpmurphy/.cache/coreboot-sdk/picolibc-arm-eabi/422a2aa3e1ef891b5bece9a3deb696ff83840d2e COREBOOT_SDK_ROOT_nds32=/home/jpmurphy/.cache/coreboot-sdk/nds32le-elf/d1a518c4a097666d86058e1444f85ca015d15511 COREBOOT_SDK_ROOT_picolibc_riscv64=/home/jpmurphy/.cache/coreboot-sdk/picolibc-riscv64-elf/f571e990ef0278564b31124f8bb109d9a697eb69 COREBOOT_SDK_ROOT_arm=/home/jpmurphy/.cache/coreboot-sdk/arm-eabi/ea40ddd1d190c3b48435c474c0b545719371813a COREBOOT_SDK_ROOT_libstdcxx_riscv64=/home/jpmurphy/.cache/coreboot-sdk/libstdcxx-riscv64-elf/17abf22a3a252e2d5d2062ced5324f7a623689e0 COREBOOT_SDK_ROOT_libstdcxx_arm=/home/jpmurphy/.cache/coreboot-sdk/libstdcxx-arm-eabi/5d7d82e150e44aa1968f1d366e267e6687b328ac COREBOOT_SDK_ROOT_riscv=/home/jpmurphy/.cache/coreboot-sdk/riscv-elf/9a27b9e82341c6e9126624f516ab3f261abb3e73 COREBOOT_SDK_ROOT_libstdcxx_x86=/home/jpmurphy/.cache/coreboot-sdk/libstdcxx-i386-elf/42ef9d2e87a76a37963175d7d428734e65648b87 PYTHONPATH=/mnt/host/source/src/platform/ec/zephyr/zmake PW_PIGWEED_CIPD_INSTALL_DIR=/usr CROSTC_USER_ACKNOWLEDGES_THAT_RISCV_IS_EXPERIMENTAL=1 MAKEFLAGS=' -j16 --jobserver-auth=5,6' /usr/bin/ninja -C /mnt/host/source/src/platform/ec/build/zephyr/geralt/build-rw all.libraries`
[geralt:rw] ninja: Entering directory `/mnt/host/source/src/platform/ec/build/zephyr/geralt/build-rw'
[chinchou:rw] [54/388] Building C object zephyr/CMakeFiles/zephyr.dir/subsys/shell/modules/kernel_service/uptime.c.obj
[/mnt/host/source/src/platform/ec/build/zephyr/krabby-lcov]   /mnt/host/source/src/platform/ec/build/zephyr/krabby/build-ro/zephyr/CMakeFiles/zephyr.dir/soc/ite/ec/it8xxx2/check_regs.c.gcno:no functions found
[/mnt/host/source/src/platform/ec/build/zephyr/krabby-lcov] stderr:
[ite-aic:ro] INFO:root:Version string: Zephyr-Kernel-16543.0.0
[ite-aic:ro] INFO:root:Writing header to /mnt/host/source/src/platform/ec/build/zephyr/ite-aic/build-ro/modules/ec/zephyr/include/ec_version.h
[ite-aic:ro] [4/261] Generating include/generated/zephyr/version.h
[ite-aic:ro] -- git describe warned: warning: tag 'upstream/v2.7.99' is externally known as 'v2.7.99'
[geralt:rw] [1/371] Preparing syscall dependency handling
[geralt:rw] [2/371] Generating misc/generated/syscalls_subdirs.trigger
[ite-aic:rw] [26/261] Building C object zephyr/CMakeFiles/zephyr.dir/lib/utils/bitarray.c.obj
[ite-aic:rw] [27/261] Building C object zephyr/CMakeFiles/zephyr.dir/lib/utils/ring_buffer.c.obj
[chinchou:rw] [55/388] Building C object zephyr/CMakeFiles/zephyr.dir/subsys/shell/modules/kernel_service/version.c.obj
[ite-aic:rw] [28/261] Building C object zephyr/CMakeFiles/zephyr.dir/lib/utils/last_section_id.c.obj
[ite-aic:rw] [29/261] Building C object zephyr/CMakeFiles/zephyr.dir/lib/utils/getopt/getopt.c.obj
[ite-aic:rw] [30/261] Building C object zephyr/CMakeFiles/zephyr.dir/lib/utils/getopt/getopt_common.c.obj
[/mnt/host/source/src/platform/ec/build/zephyr/krabby-lcov]   /mnt/host/source/src/platform/ec/build/zephyr/krabby/build-rw/modules/ec/zephyr/CMakeFiles/ec_shim.dir/shim/src/power.c.gcno:no functions found
[/mnt/host/source/src/platform/ec/build/zephyr/krabby-lcov] stderr:
[chinchou:rw] [56/388] Building C object zephyr/CMakeFiles/zephyr.dir/subsys/shell/modules/kernel_service/thread/thread.c.obj
[chinchou:rw] [57/388] Building C object zephyr/CMakeFiles/zephyr.dir/subsys/shell/modules/kernel_service/thread/stacks.c.obj
[trulo-ish:singleimage] [1/266] Generating include/generated/zephyr/version.h
[trulo-ish:singleimage] -- git describe warned: warning: tag 'upstream/v2.7.99' is externally known as 'v2.7.99'
[trulo-ish:singleimage] -- Zephyr version: 4.3.99 (/mnt/host/source/src/third_party/zephyr/main)
[trulo-ish:singleimage] [2/266] Preparing syscall dependency handling
[ite-aic:rw] [31/261] Building C object zephyr/CMakeFiles/zephyr.dir/misc/generated/configs.c.obj
[geralt:rw] [3/371] Generating include/generated/zephyr/version.h
[trulo-ish:singleimage] [3/266] Generating misc/generated/syscalls_subdirs.trigger
[ite-aic:ro] -- Zephyr version: 4.3.99 (/mnt/host/source/src/third_party/zephyr/main)
[ite-aic:ro] [5/261] Generating misc/generated/syscalls.json, misc/generated/struct_tags.json
[chinchou:rw] [58/388] Building C object zephyr/CMakeFiles/zephyr.dir/subsys/shell/modules/kernel_service/thread/list.c.obj
[chinchou:rw] [59/388] Building C object zephyr/CMakeFiles/zephyr.dir/subsys/shell/modules/kernel_service/thread/unwind.c.obj
[ite-aic:rw] [32/261] Building ASM object zephyr/CMakeFiles/zephyr.dir/soc/ite/ec/common/soc_irq.S.obj
[ite-aic:ro] [6/261] Generating include/generated/zephyr/syscall_dispatch.c, include/generated/zephyr/syscall_exports_llext.c, syscall_weakdefs_llext.c, include/generated/zephyr/syscall_list.h
[geralt:rw] -- git describe warned: warning: tag 'upstream/v2.7.99' is externally known as 'v2.7.99'
[geralt:rw] -- Zephyr version: 4.3.99 (/mnt/host/source/src/third_party/zephyr/main)
[geralt:rw] [4/371] cd /mnt/host/source/src/platform/ec/build/zephyr/geralt/build-rw/modules/ec/zephyr && PYTHONPATH=/mnt/host/source/src/platform/ec/build/zephyr/geralt/modules/ec/zephyr/zmake/ /usr/bin/python3.11 /mnt/host/source/src/platform/ec/build/zephyr/geralt/modules/ec/zephyr/zmake/zephyr_build_tools/generate_ec_version.py /mnt/host/source/src/platform/ec/build/zephyr/geralt/build-rw/modules/ec/zephyr/include/ec_version.h --name Zephyr-Kernel --version 16543.0.0 --static
[ite-aic:rw] [33/261] Building C object zephyr/CMakeFiles/zephyr.dir/soc/ite/ec/common/soc_common_irq.c.obj
[/mnt/host/source/src/platform/ec/build/zephyr/krabby-lcov]   /mnt/host/source/src/platform/ec/build/zephyr/krabby/build-rw/modules/ec/zephyr/CMakeFiles/ec_shim.dir/shim/src/battery.c.gcno:no functions found
[/mnt/host/source/src/platform/ec/build/zephyr/krabby-lcov] stderr:
[/mnt/host/source/src/platform/ec/build/zephyr/krabby-lcov]   /mnt/host/source/src/platform/ec/build/zephyr/krabby/build-rw/modules/ec/zephyr/CMakeFiles/ec_shim.dir/shim/src/charger.c.gcno:no functions found
[/mnt/host/source/src/platform/ec/build/zephyr/krabby-lcov] stderr:
[ite-aic:ro] [7/261] Generating include/generated/zephyr/driver-validation.h
[/mnt/host/source/src/platform/ec/build/zephyr/krabby-lcov]   /mnt/host/source/src/platform/ec/build/zephyr/krabby/build-rw/modules/ec/zephyr/CMakeFiles/ec_shim.dir/shim/src/usb_muxes.c.gcno:no functions found
[/mnt/host/source/src/platform/ec/build/zephyr/krabby-lcov] stderr:
[chinchou:rw] [60/388] Building C object zephyr/CMakeFiles/zephyr.dir/subsys/shell/modules/kernel_service/thread/suspend.c.obj
[ite-aic:rw] [34/261] Building C object zephyr/CMakeFiles/zephyr.dir/soc/ite/ec/common/power.c.obj
[ite-aic:rw] [35/261] Building C object zephyr/CMakeFiles/zephyr.dir/soc/ite/ec/common/policy.c.obj
[geralt:rw] INFO:root:Using a static version string
[geralt:rw] INFO:root:Version string: Zephyr-Kernel-16543.0.0
[geralt:rw] INFO:root:Writing header to /mnt/host/source/src/platform/ec/build/zephyr/geralt/build-rw/modules/ec/zephyr/include/ec_version.h
[geralt:rw] [5/371] Generating misc/generated/syscalls.json, misc/generated/struct_tags.json
[ite-aic:ro] [8/261] Generating include/generated/zephyr/kobj-types-enum.h, include/generated/zephyr/otype-to-str.h, include/generated/zephyr/otype-to-size.h
[chinchou:rw] [61/388] Building C object zephyr/CMakeFiles/zephyr.dir/subsys/shell/modules/kernel_service/thread/resume.c.obj
[chinchou:rw] [62/388] Building C object zephyr/CMakeFiles/zephyr.dir/subsys/shell/modules/kernel_service/thread/kill.c.obj
[ite-aic:ro] [9/261] Generating include/generated/device-api-sections.ld, include/generated/device-api-sections.cmake
[ite-aic:rw] [36/261] Building C object zephyr/CMakeFiles/zephyr.dir/soc/ite/ec/it8xxx2/check_regs.c.obj
[ite-aic:rw] [37/261] Building C object zephyr/CMakeFiles/zephyr.dir/soc/ite/ec/it8xxx2/soc.c.obj
[geralt:rw] [6/371] Generating include/generated/zephyr/syscall_dispatch.c, include/generated/zephyr/syscall_exports_llext.c, syscall_weakdefs_llext.c, include/generated/zephyr/syscall_list.h
[chinchou:rw] [63/388] Building C object zephyr/CMakeFiles/zephyr.dir/subsys/shell/shell_fprintf.c.obj
[ite-aic:rw] [38/261] Building ASM object zephyr/CMakeFiles/zephyr.dir/soc/ite/ec/it8xxx2/vector.S.obj
[chinchou:rw] [64/388] Building C object zephyr/CMakeFiles/zephyr.dir/subsys/shell/backends/shell_uart.c.obj
[chinchou:rw] [65/388] Building C object zephyr/CMakeFiles/zephyr.dir/subsys/shell/shell.c.obj
[trulo-ish:singleimage] [4/266] Generating misc/generated/syscalls.json, misc/generated/struct_tags.json
[geralt:rw] [7/371] Generating include/generated/zephyr/driver-validation.h
[trulo-ish:singleimage] [5/266] Generating include/generated/zephyr/syscall_dispatch.c, include/generated/zephyr/syscall_exports_llext.c, syscall_weakdefs_llext.c, include/generated/zephyr/syscall_list.h
[geralt:rw] [8/371] Generating include/generated/zephyr/kobj-types-enum.h, include/generated/zephyr/otype-to-str.h, include/generated/zephyr/otype-to-size.h
[chinchou:rw] [66/388] Building C object zephyr/CMakeFiles/zephyr.dir/subsys/shell/shell_ops.c.obj
[ite-aic:rw] [39/261] Building C object zephyr/CMakeFiles/zephyr.dir/soc/ite/ec/it8xxx2/ilm.c.obj
[trulo-ish:singleimage] [6/266] Generating include/generated/zephyr/driver-validation.h
[chinchou:rw] [67/388] Building C object zephyr/CMakeFiles/zephyr.dir/subsys/shell/shell_utils.c.obj
[/mnt/host/source/src/platform/ec/build/zephyr/krabby-lcov]   /mnt/host/source/src/platform/ec/build/zephyr/krabby/build-rw/modules/ec/zephyr/CMakeFiles/ec_shim.dir/shim/src/chg_rt9490.c.gcno:no functions found
[/mnt/host/source/src/platform/ec/build/zephyr/krabby-lcov] stderr:
[ite-aic:rw] [40/261] Building C object zephyr/CMakeFiles/zephyr.dir/subsys/logging/log_minimal.c.obj
[ite-aic:ro] [10/261] Building C object zephyr/CMakeFiles/offsets.dir/arch/riscv/core/offsets/offsets.c.obj
[chinchou:rw] [68/388] Building C object zephyr/CMakeFiles/zephyr.dir/subsys/shell/shell_help.c.obj
[ite-aic:rw] [41/261] Building C object zephyr/CMakeFiles/zephyr.dir/subsys/pm/state.c.obj
[geralt:rw] [9/371] Generating include/generated/device-api-sections.ld, include/generated/device-api-sections.cmake
[trulo-ish:singleimage] [7/266] Generating include/generated/zephyr/kobj-types-enum.h, include/generated/zephyr/otype-to-str.h, include/generated/zephyr/otype-to-size.h
[chinchou:rw] [69/388] Building C object zephyr/CMakeFiles/zephyr.dir/subsys/shell/shell_history.c.obj
[trulo-ish:singleimage] [8/266] Generating include/generated/device-api-sections.ld, include/generated/device-api-sections.cmake
[ite-aic:rw] [42/261] Building C object zephyr/CMakeFiles/zephyr.dir/subsys/pm/pm.c.obj
[chinchou:rw] [70/388] Building C object zephyr/CMakeFiles/zephyr.dir/drivers/flash/flash_util.c.obj
[chinchou:rw] [71/388] Building C object zephyr/arch/common/CMakeFiles/arch__common.dir/sw_isr_common.c.obj
[ite-aic:ro] [11/261] Generating include/generated/zephyr/offsets.h
[chinchou:rw] [72/388] Building C object zephyr/arch/common/CMakeFiles/arch__common.dir/dynamic_isr.c.obj
[chinchou:rw] [73/388] Linking C static library zephyr/libzephyr.a
[chinchou:rw] [74/388] Building C object zephyr/arch/common/CMakeFiles/arch__common.dir/init.c.obj
[trulo-ish:singleimage] [9/266] cd /mnt/host/source/src/platform/ec/build/zephyr/trulo-ish/build-singleimage/modules/ec/zephyr && PYTHONPATH=/mnt/host/source/src/platform/ec/build/zephyr/trulo-ish/modules/ec/zephyr/zmake/ /usr/bin/python3.11 /mnt/host/source/src/platform/ec/build/zephyr/trulo-ish/modules/ec/zephyr/zmake/zephyr_build_tools/generate_ec_version.py /mnt/host/source/src/platform/ec/build/zephyr/trulo-ish/build-singleimage/modules/ec/zephyr/include/ec_version.h --name Zephyr-Kernel --version 16543.0.0 --static
[trulo-ish:singleimage] INFO:root:Using a static version string
[/mnt/host/source/src/platform/ec/build/zephyr/krabby-lcov]   /mnt/host/source/src/platform/ec/build/zephyr/krabby/build-rw/modules/ec/zephyr/CMakeFiles/ec_shim.dir/shim/src/usba.c.gcno:no functions found
[/mnt/host/source/src/platform/ec/build/zephyr/krabby-lcov] stderr:
[trulo-ish:singleimage] INFO:root:Version string: Zephyr-Kernel-16543.0.0
[trulo-ish:singleimage] INFO:root:Writing header to /mnt/host/source/src/platform/ec/build/zephyr/trulo-ish/build-singleimage/modules/ec/zephyr/include/ec_version.h
[trulo-ish:singleimage] [10/266] Building CXX object modules/pigweed/pw_build/CMakeFiles/pw_build.empty.dir/empty_file.cc.obj
[ite-aic:rw] [43/261] Building C object zephyr/CMakeFiles/zephyr.dir/subsys/pm/policy/policy_events.c.obj
[ite-aic:rw] [44/261] Building C object zephyr/CMakeFiles/zephyr.dir/subsys/pm/policy/policy_latency.c.obj
[ite-aic:rw] [45/261] Building C object zephyr/CMakeFiles/zephyr.dir/subsys/pm/policy/policy_state_lock.c.obj
[chinchou:rw] [75/388] Building C object zephyr/arch/common/CMakeFiles/arch__common.dir/xip.c.obj
[trulo-ish:singleimage] [11/266] Generating pw_third_party.nanopb.proto/sources/nanopb.proto
[chinchou:rw] [76/388] Building C object zephyr/arch/common/CMakeFiles/isr_tables.dir/isr_tables.c.obj
[chinchou:rw] [77/388] Building C object zephyr/arch/arch/riscv/core/CMakeFiles/arch__riscv__core.dir/prep_c.c.obj
[trulo-ish:singleimage] [12/266] Generating dsp_comms.proto/sources/proto/ec_dsp.proto, dsp_comms.proto/sources/proto/ec_dsp.options
[chinchou:rw] [78/388] Linking C static library zephyr/arch/common/libisr_tables.a
[geralt:rw] [10/371] Building C object zephyr/CMakeFiles/offsets.dir/arch/riscv/core/offsets/offsets.c.obj
[chinchou:rw] [79/388] Building C object zephyr/arch/arch/riscv/core/CMakeFiles/arch__riscv__core.dir/cpu_idle.c.obj
[trulo-ish:singleimage] [13/266] Generating pw_transport.proto/sources/pw_transport/proto/transport.proto, pw_transport.proto/sources/pw_transport/proto/transport.options
[chinchou:rw] [80/388] Linking C static library zephyr/arch/common/libarch__common.a
[ite-aic:rw] [46/261] Building C object zephyr/CMakeFiles/zephyr.dir/subsys/pm/device.c.obj
[/mnt/host/source/src/platform/ec/build/zephyr/krabby-lcov]   /mnt/host/source/src/platform/ec/build/zephyr/krabby/build-rw/modules/ec/zephyr/CMakeFiles/ec_shim.dir/shim/src/keyscan.c.gcno:no functions found
[/mnt/host/source/src/platform/ec/build/zephyr/krabby-lcov] stderr:
[ite-aic:ro] [12/261] Building C object CMakeFiles/app.dir/mnt/host/source/src/platform/ec/zephyr/subsys/ap_pwrseq/ap_events.c.obj
[geralt:rw] [11/371] Generating include/generated/zephyr/offsets.h
[chinchou:rw] [81/388] Building C object zephyr/arch/arch/riscv/core/CMakeFiles/arch__riscv__core.dir/irq_manage.c.obj
[chinchou:rw] [82/388] Building C object zephyr/arch/arch/riscv/core/CMakeFiles/arch__riscv__core.dir/fatal.c.obj
[ite-aic:rw] [47/261] Building C object zephyr/CMakeFiles/zephyr.dir/subsys/tracing/tracing_none.c.obj
[ite-aic:rw] [48/261] Building C object zephyr/CMakeFiles/zephyr.dir/subsys/pm/device_system_managed.c.obj
[chinchou:rw] [83/388] Generating ../../../include/generated/libc/minimal/strerror_table.h
[chinchou:rw] [84/388] Building C object zephyr/arch/arch/riscv/core/CMakeFiles/arch__riscv__core.dir/reboot.c.obj
[ite-aic:rw] [49/261] Building C object zephyr/CMakeFiles/zephyr.dir/subsys/testsuite/coverage/coverage.c.obj
[trulo-ish:singleimage] [14/266] Generating /mnt/host/source/src/platform/ec/build/zephyr/trulo-ish/modules/nanopb/generator/proto/nanopb_pb2.py
[chinchou:rw] [85/388] Building C object zephyr/lib/libc/minimal/CMakeFiles/lib__libc__minimal.dir/source/stdlib/strtol.c.obj
[chinchou:rw] [86/388] Building ASM object zephyr/arch/arch/riscv/core/CMakeFiles/arch__riscv__core.dir/switch.S.obj
[chinchou:rw] [87/388] Building ASM object zephyr/arch/arch/riscv/core/CMakeFiles/arch__riscv__core.dir/reset.S.obj
[chinchou:rw] [88/388] Building C object zephyr/lib/libc/minimal/CMakeFiles/lib__libc__minimal.dir/source/stdlib/atoi.c.obj
[chinchou:rw] [89/388] Building ASM object zephyr/arch/arch/riscv/core/CMakeFiles/arch__riscv__core.dir/isr.S.obj
[ite-aic:rw] [50/261] Building C object zephyr/CMakeFiles/zephyr.dir/subsys/shell/modules/kernel_service/kernel_shell.c.obj
[chinchou:rw] [90/388] Building C object zephyr/arch/arch/riscv/core/CMakeFiles/arch__riscv__core.dir/thread.c.obj
[chinchou:rw] [91/388] Building C object zephyr/lib/libc/minimal/CMakeFiles/lib__libc__minimal.dir/source/stdlib/bsearch.c.obj
[chinchou:rw] [92/388] Building C object zephyr/lib/libc/minimal/CMakeFiles/lib__libc__minimal.dir/source/stdlib/strtoull.c.obj
[chinchou:rw] [93/388] Building C object zephyr/lib/libc/minimal/CMakeFiles/lib__libc__minimal.dir/source/stdlib/strtoll.c.obj
[chinchou:rw] [94/388] Building C object zephyr/lib/libc/minimal/CMakeFiles/lib__libc__minimal.dir/source/stdlib/strtoul.c.obj
[geralt:rw] [12/371] Building C object CMakeFiles/app.dir/mnt/host/source/src/platform/ec/zephyr/subsys/ap_pwrseq/ap_events.c.obj
[ite-aic:ro] [13/261] Building C object CMakeFiles/app.dir/mnt/host/source/src/platform/ec/build/zephyr/ite-aic/modules/ec/builtin/stdlib.c.obj
[ite-aic:rw] [51/261] Building C object zephyr/CMakeFiles/zephyr.dir/subsys/shell/modules/kernel_service/sleep.c.obj
[chinchou:rw] [95/388] Building C object zephyr/lib/libc/minimal/CMakeFiles/lib__libc__minimal.dir/source/string/strncasecmp.c.obj
[chinchou:rw] [96/388] Building C object zephyr/lib/libc/minimal/CMakeFiles/lib__libc__minimal.dir/source/stdlib/qsort.c.obj
[chinchou:rw] [97/388] Building C object zephyr/lib/libc/minimal/CMakeFiles/lib__libc__minimal.dir/source/string/strstr.c.obj
[ite-aic:rw] [52/261] Building C object zephyr/CMakeFiles/zephyr.dir/subsys/shell/modules/kernel_service/cycles.c.obj
[chinchou:rw] [98/388] Building C object zephyr/lib/libc/minimal/CMakeFiles/lib__libc__minimal.dir/source/string/string.c.obj
[chinchou:rw] [99/388] Building C object zephyr/arch/arch/riscv/core/CMakeFiles/arch__riscv__core.dir/stacktrace.c.obj
[chinchou:rw] [100/388] Building C object zephyr/lib/libc/minimal/CMakeFiles/lib__libc__minimal.dir/source/string/strerror.c.obj
[ite-aic:rw] [53/261] Building C object zephyr/CMakeFiles/zephyr.dir/subsys/shell/modules/kernel_service/uptime.c.obj
[chinchou:rw] [101/388] Building C object zephyr/lib/libc/minimal/CMakeFiles/lib__libc__minimal.dir/source/string/strspn.c.obj
[chinchou:rw] [102/388] Linking C static library zephyr/arch/arch/riscv/core/libarch__riscv__core.a
[ite-aic:rw] [54/261] Building C object zephyr/CMakeFiles/zephyr.dir/subsys/shell/modules/kernel_service/version.c.obj
[chinchou:rw] [103/388] Building C object zephyr/lib/libc/minimal/CMakeFiles/lib__libc__minimal.dir/source/stdlib/exit.c.obj
[trulo-ish:singleimage] [15/266] Generating dsp_comms.proto/nanopb/proto/ec_dsp.pb.h, dsp_comms.proto/nanopb/proto/ec_dsp.pb.c
[chinchou:rw] [104/388] Building C object zephyr/lib/libc/minimal/CMakeFiles/lib__libc__minimal.dir/source/math/sqrt.c.obj
[chinchou:rw] [105/388] Building C object zephyr/lib/libc/minimal/CMakeFiles/lib__libc__minimal.dir/source/math/sqrtf.c.obj
[ite-aic:ro] [14/261] Building C object CMakeFiles/app.dir/mnt/host/source/src/platform/ec/build/zephyr/ite-aic/modules/ec/common/base32.c.obj
[ite-aic:rw] [55/261] Building C object zephyr/CMakeFiles/zephyr.dir/subsys/shell/modules/kernel_service/thread/thread.c.obj
[chinchou:rw] [106/388] Building C object zephyr/lib/libc/common/CMakeFiles/lib__libc__common.dir/source/time/gmtime_r.c.obj
[chinchou:rw] [107/388] Building C object zephyr/lib/libc/minimal/CMakeFiles/lib__libc__minimal.dir/source/stdout/fprintf.c.obj
[chinchou:rw] [108/388] Building C object zephyr/lib/libc/common/CMakeFiles/lib__libc__common.dir/source/time/asctime.c.obj
[chinchou:rw] [109/388] Building C object zephyr/lib/libc/minimal/CMakeFiles/lib__libc__minimal.dir/source/stdout/stdout_console.c.obj
[ite-aic:rw] [56/261] Building C object zephyr/CMakeFiles/zephyr.dir/subsys/shell/modules/kernel_service/thread/list.c.obj
[chinchou:rw] [110/388] Building C object zephyr/lib/libc/minimal/CMakeFiles/lib__libc__minimal.dir/source/stdout/sprintf.c.obj
[ite-aic:rw] [57/261] Building C object zephyr/CMakeFiles/zephyr.dir/subsys/shell/modules/kernel_service/thread/stacks.c.obj
[geralt:rw] [13/371] Building C object CMakeFiles/app.dir/mnt/host/source/src/platform/ec/build/zephyr/geralt/modules/ec/builtin/stdlib.c.obj
[chinchou:rw] [111/388] Building C object zephyr/lib/libc/common/CMakeFiles/lib__libc__common.dir/source/time/localtime_r_utc.c.obj
[ite-aic:rw] [58/261] Building C object zephyr/CMakeFiles/zephyr.dir/subsys/shell/modules/kernel_service/thread/unwind.c.obj
[chinchou:rw] [112/388] Building C object zephyr/lib/libc/minimal/CMakeFiles/lib__libc__minimal.dir/source/time/gmtime.c.obj
[chinchou:rw] [113/388] Building C object zephyr/lib/libc/common/CMakeFiles/lib__libc__common.dir/source/string/strnlen.c.obj
[chinchou:rw] [114/388] Building C object zephyr/lib/libc/common/CMakeFiles/lib__libc__common.dir/source/time/ctime.c.obj
[chinchou:rw] [115/388] Building C object zephyr/lib/libc/common/CMakeFiles/lib__libc__common.dir/source/time/time.c.obj
[chinchou:rw] [116/388] Linking C static library zephyr/lib/libc/minimal/liblib__libc__minimal.a
[chinchou:rw] [117/388] Building C object zephyr/lib/libc/common/CMakeFiles/lib__libc__common.dir/source/stdlib/abort.c.obj
[chinchou:rw] [118/388] Building C object zephyr/lib/posix/c_lib_ext/CMakeFiles/lib__posix__c_lib_ext.dir/fnmatch.c.obj
[chinchou:rw] [119/388] Building C object zephyr/subsys/crc/CMakeFiles/subsys__crc.dir/crc16_sw.c.obj
[chinchou:rw] [120/388] Building C object zephyr/subsys/crc/CMakeFiles/subsys__crc.dir/crc4_sw.c.obj
[trulo-ish:singleimage] [16/266] Generating pw_transport.proto/nanopb/pw_transport/proto/transport.pb.h, pw_transport.proto/nanopb/pw_transport/proto/transport.pb.c
[chinchou:rw] [121/388] Building C object zephyr/subsys/crc/CMakeFiles/subsys__crc.dir/crc7_sw.c.obj
[ite-aic:rw] [59/261] Building C object zephyr/CMakeFiles/zephyr.dir/subsys/shell/modules/kernel_service/thread/suspend.c.obj
[ite-aic:ro] [15/261] Building C object CMakeFiles/app.dir/mnt/host/source/src/platform/ec/build/zephyr/ite-aic/modules/ec/common/console_output.c.obj
[chinchou:rw] [122/388] Building C object zephyr/subsys/crc/CMakeFiles/subsys__crc.dir/crc8_sw.c.obj
[/mnt/host/source/src/platform/ec/build/zephyr/jubilant-lcov]   /mnt/host/source/src/platform/ec/build/zephyr/jubilant/build-rw/CMakeFiles/app.dir/mnt/host/source/src/platform/ec/build/zephyr/jubilant/modules/ec/common/cbi_config.c.gcno:no functions found
[/mnt/host/source/src/platform/ec/build/zephyr/jubilant-lcov] stderr:
[chinchou:rw] [123/388] Building C object zephyr/subsys/crc/CMakeFiles/subsys__crc.dir/crc24_sw.c.obj
[chinchou:rw] [124/388] Building C object zephyr/subsys/crc/CMakeFiles/subsys__crc.dir/crc32c_sw.c.obj
[chinchou:rw] [125/388] Building C object zephyr/subsys/crc/CMakeFiles/subsys__crc.dir/crc32_sw.c.obj
[chinchou:rw] [126/388] Building C object zephyr/subsys/crc/CMakeFiles/subsys__crc.dir/crc32k_4_2_sw.c.obj
[ite-aic:rw] [60/261] Building C object zephyr/CMakeFiles/zephyr.dir/subsys/shell/modules/kernel_service/thread/resume.c.obj
[chinchou:rw] [127/388] Linking C static library zephyr/subsys/crc/libsubsys__crc.a
[chinchou:rw] [128/388] Building C object zephyr/lib/libc/common/CMakeFiles/lib__libc__common.dir/source/stdlib/malloc.c.obj
[chinchou:rw] [129/388] Linking C static library zephyr/lib/libc/common/liblib__libc__common.a
[chinchou:rw] [130/388] Building C object zephyr/lib/posix/c_lib_ext/CMakeFiles/lib__posix__c_lib_ext.dir/getentropy.c.obj
[ite-aic:rw] [61/261] Building C object zephyr/CMakeFiles/zephyr.dir/subsys/shell/modules/kernel_service/thread/kill.c.obj
[trulo-ish:singleimage] [17/266] Building C object zephyr/CMakeFiles/offsets.dir/arch/x86/core/offsets/offsets.c.obj
[chinchou:rw] [131/388] Building C object zephyr/lib/posix/c_lib_ext/CMakeFiles/lib__posix__c_lib_ext.dir/getopt_shim.c.obj
[geralt:rw] [14/371] Building C object CMakeFiles/app.dir/mnt/host/source/src/platform/ec/build/zephyr/geralt/modules/ec/common/base32.c.obj
[chinchou:rw] [132/388] Linking C static library zephyr/lib/posix/c_lib_ext/liblib__posix__c_lib_ext.a
[trulo-ish:singleimage] [18/266] Building C object zephyr/drivers/syscon/CMakeFiles/drivers__syscon.dir/mnt/host/source/src/third_party/zephyr/main/misc/empty_file.c.obj
[ite-aic:rw] [62/261] Building C object zephyr/CMakeFiles/zephyr.dir/subsys/shell/backends/shell_uart.c.obj
[/mnt/host/source/src/platform/ec/build/zephyr/jubilant-lcov]   /mnt/host/source/src/platform/ec/build/zephyr/jubilant/build-rw/zephyr/arch/arch/riscv/core/CMakeFiles/arch__riscv__core.dir/cpu_idle.c.gcno:no functions found
[/mnt/host/source/src/platform/ec/build/zephyr/jubilant-lcov] stderr:
[trulo-ish:singleimage] [19/266] Building C object modules/ec/zephyr/drivers/dsp_comms/CMakeFiles/dsp_comms.proto.nanopb.dir/dsp_comms.proto/nanopb/proto/ec_dsp.pb.c.obj
[ite-aic:rw] [63/261] Building C object zephyr/CMakeFiles/zephyr.dir/subsys/shell/shell_fprintf.c.obj
[ite-aic:ro] [16/261] Building C object CMakeFiles/app.dir/mnt/host/source/src/platform/ec/build/zephyr/ite-aic/modules/ec/common/ec_features.c.obj
[chinchou:rw] [133/388] Building C object zephyr/drivers/interrupt_controller/CMakeFiles/drivers__interrupt_controller.dir/intc_ite_it8xxx2.c.obj
[trulo-ish:singleimage] [20/266] Building C object modules/ec/zephyr/drivers/pw_transport/CMakeFiles/pw_transport.proto.nanopb.dir/pw_transport.proto/nanopb/pw_transport/proto/transport.pb.c.obj
[chinchou:rw] [134/388] Building C object zephyr/drivers/adc/CMakeFiles/drivers__adc.dir/adc_common.c.obj
[chinchou:rw] [135/388] Building C object zephyr/drivers/interrupt_controller/CMakeFiles/drivers__interrupt_controller.dir/wuc_ite_it8xxx2.c.obj
[chinchou:rw] [136/388] Building C object zephyr/drivers/bbram/CMakeFiles/drivers__bbram.dir/bbram_it8xxx2.c.obj
[chinchou:rw] [137/388] Linking C static library zephyr/drivers/interrupt_controller/libdrivers__interrupt_controller.a
[/mnt/host/source/src/platform/ec/build/zephyr/krabby-lcov]   /mnt/host/source/src/platform/ec/build/zephyr/krabby/build-rw/modules/ec/zephyr/CMakeFiles/ec_shim.dir/shim/src/bc12.c.gcno:no functions found
[/mnt/host/source/src/platform/ec/build/zephyr/krabby-lcov] stderr:
[ite-aic:rw] [64/261] Building C object zephyr/CMakeFiles/zephyr.dir/subsys/shell/shell.c.obj
[chinchou:rw] [138/388] Building C object zephyr/drivers/console/CMakeFiles/drivers__console.dir/uart_console.c.obj
[chinchou:rw] [139/388] Linking C static library zephyr/drivers/bbram/libdrivers__bbram.a
[ite-aic:rw] [65/261] Building C object zephyr/CMakeFiles/zephyr.dir/subsys/shell/shell_utils.c.obj
[chinchou:rw] [140/388] Building C object zephyr/drivers/adc/CMakeFiles/drivers__adc.dir/adc_ite_it8xxx2.c.obj
[chinchou:rw] [141/388] Linking C static library zephyr/drivers/console/libdrivers__console.a
[chinchou:rw] [142/388] Linking C static library zephyr/drivers/adc/libdrivers__adc.a
[chinchou:rw] [143/388] Building C object zephyr/drivers/eeprom/CMakeFiles/drivers__eeprom.dir/eeprom_shell.c.obj
[geralt:rw] [15/371] Building C object CMakeFiles/app.dir/mnt/host/source/src/platform/ec/build/zephyr/geralt/modules/ec/common/console_output.c.obj
[trulo-ish:singleimage] [21/266] Building CXX object modules/pigweed/pw_log_zephyr/CMakeFiles/pw_log_zephyr.dir/log_zephyr.cc.obj
[ite-aic:rw] [66/261] Building C object zephyr/CMakeFiles/zephyr.dir/subsys/shell/shell_help.c.obj
[trulo-ish:singleimage] [22/266] Linking CXX static library modules/pigweed/pw_log_zephyr/libpw_log_zephyr.a
[ite-aic:rw] [67/261] Building C object zephyr/CMakeFiles/zephyr.dir/subsys/shell/shell_ops.c.obj
[ite-aic:ro] [17/261] Building C object CMakeFiles/app.dir/mnt/host/source/src/platform/ec/build/zephyr/ite-aic/modules/ec/common/gpio_commands.c.obj
[trulo-ish:singleimage] [23/266] Linking CXX static library modules/ec/zephyr/drivers/pw_transport/libpw_transport.proto.nanopb.a
[ite-aic:rw] [68/261] Building C object zephyr/CMakeFiles/zephyr.dir/subsys/shell/shell_history.c.obj
[trulo-ish:singleimage] [24/266] Linking CXX static library modules/ec/zephyr/drivers/dsp_comms/libdsp_comms.proto.nanopb.a
[chinchou:rw] [144/388] Building C object zephyr/drivers/eeprom/CMakeFiles/drivers__eeprom.dir/eeprom_at2x.c.obj
[chinchou:rw] [145/388] Building C object zephyr/drivers/flash/CMakeFiles/drivers__flash.dir/flash_ite_it8xxx2.c.obj
[chinchou:rw] [146/388] Linking C static library zephyr/drivers/eeprom/libdrivers__eeprom.a
[ite-aic:rw] [69/261] Building C object zephyr/CMakeFiles/zephyr.dir/drivers/flash/flash_util.c.obj
[chinchou:rw] [147/388] Linking C static library zephyr/drivers/flash/libdrivers__flash.a
[trulo-ish:singleimage] [25/266] Generating include/generated/zephyr/offsets.h
[chinchou:rw] [148/388] Building C object zephyr/drivers/gpio/CMakeFiles/drivers__gpio.dir/gpio_ite_it8xxx2.c.obj
[/mnt/host/source/src/platform/ec/build/zephyr/jubilant-lcov]   /mnt/host/source/src/platform/ec/build/zephyr/jubilant/build-rw/zephyr/arch/common/CMakeFiles/isr_tables.dir/isr_tables.c.gcno:no functions found
[/mnt/host/source/src/platform/ec/build/zephyr/jubilant-lcov] stderr:
[ite-aic:rw] [70/261] Linking C static library zephyr/libzephyr.a
[chinchou:rw] [149/388] Building C object zephyr/drivers/i2c/CMakeFiles/drivers__i2c.dir/i2c_bitbang.c.obj
[ite-aic:rw] [71/261] Building C object zephyr/arch/common/CMakeFiles/arch__common.dir/sw_isr_common.c.obj
[ite-aic:rw] [72/261] Building C object zephyr/arch/common/CMakeFiles/arch__common.dir/dynamic_isr.c.obj
[chinchou:rw] [150/388] Building C object zephyr/drivers/gpio/CMakeFiles/drivers__gpio.dir/gpio_kscan_ite_it8xxx2.c.obj
[chinchou:rw] [151/388] Building C object zephyr/drivers/i2c/CMakeFiles/drivers__i2c.dir/i2c_common.c.obj
[chinchou:rw] [152/388] Building C object zephyr/drivers/i2c/CMakeFiles/drivers__i2c.dir/i2c_shell.c.obj
[ite-aic:rw] [73/261] Building C object zephyr/arch/common/CMakeFiles/arch__common.dir/init.c.obj
[chinchou:rw] [153/388] Linking C static library zephyr/drivers/gpio/libdrivers__gpio.a
[ite-aic:ro] [18/261] Building C object CMakeFiles/app.dir/mnt/host/source/src/platform/ec/build/zephyr/ite-aic/modules/ec/common/peripheral.c.obj
[geralt:rw] [16/371] Building C object CMakeFiles/app.dir/mnt/host/source/src/platform/ec/build/zephyr/geralt/modules/ec/common/ec_features.c.obj
[trulo-ish:singleimage] [26/266] Building C object CMakeFiles/app.dir/mnt/host/source/src/platform/ec/zephyr/subsys/ap_pwrseq/ap_events.c.obj
[chinchou:rw] [154/388] Building C object zephyr/drivers/pinctrl/CMakeFiles/drivers__pinctrl.dir/common.c.obj
[ite-aic:rw] [74/261] Building C object zephyr/arch/common/CMakeFiles/isr_tables.dir/isr_tables.c.obj
[ite-aic:rw] [75/261] Building C object zephyr/arch/common/CMakeFiles/arch__common.dir/xip.c.obj
[ite-aic:rw] [76/261] Building C object zephyr/arch/arch/riscv/core/CMakeFiles/arch__riscv__core.dir/cpu_idle.c.obj
[ite-aic:rw] [77/261] Linking C static library zephyr/arch/common/libisr_tables.a
[ite-aic:rw] [78/261] Linking C static library zephyr/arch/common/libarch__common.a
[chinchou:rw] [155/388] Building C object zephyr/drivers/i2c/CMakeFiles/drivers__i2c.dir/i2c_ite_enhance.c.obj
[chinchou:rw] [156/388] Building C object zephyr/drivers/i2c/CMakeFiles/drivers__i2c.dir/i2c_ite_it8xxx2.c.obj
[chinchou:rw] [157/388] Linking C static library zephyr/drivers/i2c/libdrivers__i2c.a
[chinchou:rw] [158/388] Building C object zephyr/drivers/pwm/CMakeFiles/drivers__pwm.dir/pwm_shell.c.obj
[ite-aic:rw] [79/261] Building C object zephyr/arch/arch/riscv/core/CMakeFiles/arch__riscv__core.dir/fatal.c.obj
[chinchou:rw] [159/388] Building C object zephyr/drivers/pinctrl/CMakeFiles/drivers__pinctrl.dir/pinctrl_ite_it8xxx2.c.obj
[ite-aic:rw] [80/261] Building C object zephyr/arch/arch/riscv/core/CMakeFiles/arch__riscv__core.dir/prep_c.c.obj
[trulo-ish:singleimage] [27/266] Building C object CMakeFiles/app.dir/mnt/host/source/src/platform/ec/build/zephyr/trulo-ish/modules/ec/builtin/stdlib.c.obj
[chinchou:rw] [160/388] Building C object zephyr/drivers/pwm/CMakeFiles/drivers__pwm.dir/pwm_ite_it8xxx2.c.obj
[chinchou:rw] [161/388] Linking C static library zephyr/drivers/pinctrl/libdrivers__pinctrl.a
[chinchou:rw] [162/388] Building C object zephyr/drivers/serial/CMakeFiles/drivers__serial.dir/uart_ite_it8xxx2.c.obj
[chinchou:rw] [163/388] Linking C static library zephyr/drivers/pwm/libdrivers__pwm.a
[ite-aic:ro] [19/261] Building C object CMakeFiles/app.dir/mnt/host/source/src/platform/ec/build/zephyr/ite-aic/modules/ec/common/printf.c.obj
[geralt:rw] [17/371] Building C object CMakeFiles/app.dir/mnt/host/source/src/platform/ec/build/zephyr/geralt/modules/ec/common/gpio_commands.c.obj
[ite-aic:rw] [81/261] Building C object zephyr/arch/arch/riscv/core/CMakeFiles/arch__riscv__core.dir/reboot.c.obj
[ite-aic:rw] [82/261] Building C object zephyr/arch/arch/riscv/core/CMakeFiles/arch__riscv__core.dir/irq_manage.c.obj
[chinchou:rw] [164/388] Building C object zephyr/drivers/timer/CMakeFiles/drivers__timer.dir/sys_clock_init.c.obj
[chinchou:rw] [165/388] Building C object zephyr/drivers/serial/CMakeFiles/drivers__serial.dir/uart_ns16550.c.obj
[trulo-ish:singleimage] [28/266] Building C object CMakeFiles/app.dir/mnt/host/source/src/platform/ec/build/zephyr/trulo-ish/modules/ec/common/base32.c.obj
[chinchou:rw] [166/388] Linking C static library zephyr/drivers/serial/libdrivers__serial.a
[ite-aic:rw] [83/261] Building ASM object zephyr/arch/arch/riscv/core/CMakeFiles/arch__riscv__core.dir/reset.S.obj
[chinchou:rw] [167/388] Building C object zephyr/drivers/watchdog/CMakeFiles/drivers__watchdog.dir/wdt_ite_it8xxx2.c.obj
[chinchou:rw] [168/388] Building C object zephyr/drivers/timer/CMakeFiles/drivers__timer.dir/ite_it8xxx2_timer.c.obj
[ite-aic:rw] [84/261] Building ASM object zephyr/arch/arch/riscv/core/CMakeFiles/arch__riscv__core.dir/switch.S.obj
[chinchou:rw] [169/388] Building C object zephyr/drivers/watchdog/CMakeFiles/drivers__watchdog.dir/wdt_shell.c.obj
[chinchou:rw] [170/388] Linking C static library zephyr/drivers/timer/libdrivers__timer.a
[ite-aic:rw] [85/261] Generating ../../../include/generated/libc/minimal/strerror_table.h
[chinchou:rw] [171/388] Linking C static library zephyr/drivers/watchdog/libdrivers__watchdog.a
[ite-aic:rw] [86/261] Building C object zephyr/lib/libc/minimal/CMakeFiles/lib__libc__minimal.dir/source/stdlib/atoi.c.obj
[chinchou:rw] [172/388] Building C object modules/ec/zephyr/CMakeFiles/ec_shim.dir/app/ec/main_shim.c.obj
[ite-aic:rw] [87/261] Building C object zephyr/arch/arch/riscv/core/CMakeFiles/arch__riscv__core.dir/thread.c.obj
[ite-aic:ro] [20/261] Building C object CMakeFiles/app.dir/mnt/host/source/src/platform/ec/build/zephyr/ite-aic/modules/ec/common/queue.c.obj
[geralt:rw] [18/371] Building C object CMakeFiles/app.dir/mnt/host/source/src/platform/ec/build/zephyr/geralt/modules/ec/common/peripheral.c.obj
[chinchou:rw] [173/388] Building C object modules/ec/zephyr/CMakeFiles/ec_shim.dir/app/ec/ec_app_main.c.obj
[ite-aic:rw] [88/261] Building ASM object zephyr/arch/arch/riscv/core/CMakeFiles/arch__riscv__core.dir/isr.S.obj
[trulo-ish:singleimage] [29/266] Building C object CMakeFiles/app.dir/mnt/host/source/src/platform/ec/build/zephyr/trulo-ish/modules/ec/common/console_output.c.obj
[ite-aic:rw] [89/261] Building C object zephyr/lib/libc/minimal/CMakeFiles/lib__libc__minimal.dir/source/stdlib/strtol.c.obj
[ite-aic:rw] [90/261] Building C object zephyr/lib/libc/minimal/CMakeFiles/lib__libc__minimal.dir/source/stdlib/strtoul.c.obj
[ite-aic:rw] [91/261] Building C object zephyr/arch/arch/riscv/core/CMakeFiles/arch__riscv__core.dir/stacktrace.c.obj
[ite-aic:rw] [92/261] Building C object zephyr/lib/libc/minimal/CMakeFiles/lib__libc__minimal.dir/source/stdlib/strtoll.c.obj
[ite-aic:rw] [93/261] Linking C static library zephyr/arch/arch/riscv/core/libarch__riscv__core.a
[chinchou:rw] [174/388] Building C object modules/ec/zephyr/CMakeFiles/ec_shim.dir/drivers/cros_flash/cros_flash_it8xxx2.c.obj
[ite-aic:rw] [94/261] Building C object zephyr/lib/libc/minimal/CMakeFiles/lib__libc__minimal.dir/source/stdlib/bsearch.c.obj
[ite-aic:rw] [95/261] Building C object zephyr/lib/libc/minimal/CMakeFiles/lib__libc__minimal.dir/source/stdlib/strtoull.c.obj
[chinchou:rw] [175/388] Building C object modules/ec/zephyr/CMakeFiles/ec_shim.dir/drivers/cros_shi/cros_shi_it8xxx2.c.obj
[ite-aic:rw] [96/261] Building C object zephyr/lib/libc/minimal/CMakeFiles/lib__libc__minimal.dir/source/string/strncasecmp.c.obj
[chinchou:rw] [176/388] Building C object modules/ec/zephyr/CMakeFiles/ec_shim.dir/drivers/cros_system/cros_system_it8xxx2.c.obj
[ite-aic:rw] [97/261] Building C object zephyr/lib/libc/minimal/CMakeFiles/lib__libc__minimal.dir/source/string/strerror.c.obj
[chinchou:rw] [177/388] Building C object modules/ec/zephyr/CMakeFiles/ec_shim.dir/drivers/cros_kb_raw/cros_kb_raw_ite.c.obj
[chinchou:rw] [178/388] Building C object modules/ec/zephyr/CMakeFiles/ec_shim.dir/shim/chip/it8xxx2/clock.c.obj
[ite-aic:rw] [98/261] Building C object zephyr/lib/libc/minimal/CMakeFiles/lib__libc__minimal.dir/source/string/strstr.c.obj
[ite-aic:rw] [99/261] Building C object zephyr/lib/libc/minimal/CMakeFiles/lib__libc__minimal.dir/source/stdlib/qsort.c.obj
[trulo-ish:singleimage] [30/266] Building C object CMakeFiles/app.dir/mnt/host/source/src/platform/ec/build/zephyr/trulo-ish/modules/ec/common/ec_features.c.obj
[chinchou:rw] [179/388] Building C object modules/ec/zephyr/CMakeFiles/ec_shim.dir/shim/src/crc.c.obj
[ite-aic:rw] [100/261] Building C object zephyr/lib/libc/minimal/CMakeFiles/lib__libc__minimal.dir/source/stdlib/exit.c.obj
[ite-aic:rw] [101/261] Building C object zephyr/lib/libc/minimal/CMakeFiles/lib__libc__minimal.dir/source/string/string.c.obj
[chinchou:rw] [180/388] Building C object modules/ec/zephyr/CMakeFiles/ec_shim.dir/shim/chip/it8xxx2/system.c.obj
[ite-aic:rw] [102/261] Building C object zephyr/lib/libc/minimal/CMakeFiles/lib__libc__minimal.dir/source/string/strspn.c.obj
[geralt:rw] [19/371] Building C object CMakeFiles/app.dir/mnt/host/source/src/platform/ec/build/zephyr/geralt/modules/ec/common/printf.c.obj
[ite-aic:ro] [21/261] Building C object CMakeFiles/app.dir/mnt/host/source/src/platform/ec/build/zephyr/ite-aic/modules/ec/common/system.c.obj
[chinchou:rw] [181/388] Building C object modules/ec/zephyr/CMakeFiles/ec_shim.dir/shim/chip/it8xxx2/keyboard_raw.c.obj
[chinchou:rw] [182/388] Building C object modules/ec/zephyr/CMakeFiles/ec_shim.dir/shim/chip/it8xxx2/gpio.c.obj
[ite-aic:rw] [103/261] Building C object zephyr/lib/libc/minimal/CMakeFiles/lib__libc__minimal.dir/source/math/sqrtf.c.obj
[ite-aic:rw] [104/261] Building C object zephyr/lib/libc/minimal/CMakeFiles/lib__libc__minimal.dir/source/stdout/stdout_console.c.obj
[chinchou:rw] [183/388] Building C object modules/ec/zephyr/CMakeFiles/ec_shim.dir/shim/chip/it8xxx2/power_policy.c.obj
[trulo-ish:singleimage] [31/266] Building C object CMakeFiles/app.dir/mnt/host/source/src/platform/ec/build/zephyr/trulo-ish/modules/ec/common/gpio_commands.c.obj
[ite-aic:rw] [105/261] Building C object zephyr/lib/libc/minimal/CMakeFiles/lib__libc__minimal.dir/source/stdout/sprintf.c.obj
[ite-aic:rw] [106/261] Building C object zephyr/lib/libc/minimal/CMakeFiles/lib__libc__minimal.dir/source/stdout/fprintf.c.obj
[chinchou:rw] [184/388] Building C object modules/ec/zephyr/CMakeFiles/ec_shim.dir/shim/src/console.c.obj
[ite-aic:rw] [107/261] Building C object zephyr/lib/libc/minimal/CMakeFiles/lib__libc__minimal.dir/source/math/sqrt.c.obj
[chinchou:rw] [185/388] Building C object modules/ec/zephyr/CMakeFiles/ec_shim.dir/shim/chip/it8xxx2/shi.c.obj
[chinchou:rw] [186/388] Building C object modules/ec/zephyr/CMakeFiles/ec_shim.dir/shim/src/gpio_int.c.obj
[ite-aic:rw] [108/261] Building C object zephyr/lib/libc/common/CMakeFiles/lib__libc__common.dir/source/time/gmtime_r.c.obj
[chinchou:rw] [187/388] Building C object modules/ec/zephyr/CMakeFiles/ec_shim.dir/shim/src/gpio.c.obj
[ite-aic:rw] [109/261] Building C object zephyr/lib/libc/common/CMakeFiles/lib__libc__common.dir/source/time/asctime.c.obj
[ite-aic:ro] [22/261] Building C object CMakeFiles/app.dir/mnt/host/source/src/platform/ec/build/zephyr/ite-aic/modules/ec/common/system_boot_time.c.obj
[geralt:rw] [20/371] Building C object CMakeFiles/app.dir/mnt/host/source/src/platform/ec/build/zephyr/geralt/modules/ec/common/queue.c.obj
[ite-aic:rw] [110/261] Building C object zephyr/lib/libc/minimal/CMakeFiles/lib__libc__minimal.dir/source/time/gmtime.c.obj
[chinchou:rw] [188/388] Building C object modules/ec/zephyr/CMakeFiles/ec_shim.dir/shim/src/panic_utils.c.obj
[ite-aic:rw] [111/261] Linking C static library zephyr/lib/libc/minimal/liblib__libc__minimal.a
[trulo-ish:singleimage] [32/266] Building C object CMakeFiles/app.dir/mnt/host/source/src/platform/ec/build/zephyr/trulo-ish/modules/ec/common/peripheral.c.obj
[ite-aic:rw] [112/261] Building C object zephyr/lib/libc/common/CMakeFiles/lib__libc__common.dir/source/time/localtime_r_utc.c.obj
[chinchou:rw] [189/388] Building C object modules/ec/zephyr/CMakeFiles/ec_shim.dir/shim/src/pm_state.c.obj
[chinchou:rw] [190/388] Building C object modules/ec/zephyr/CMakeFiles/ec_shim.dir/shim/src/cbi/cros_cbi.c.obj
[ite-aic:rw] [113/261] Building C object zephyr/lib/libc/common/CMakeFiles/lib__libc__common.dir/source/stdlib/abort.c.obj
[ite-aic:rw] [114/261] Building C object zephyr/lib/libc/common/CMakeFiles/lib__libc__common.dir/source/time/ctime.c.obj
[ite-aic:rw] [115/261] Building C object zephyr/lib/libc/common/CMakeFiles/lib__libc__common.dir/source/time/time.c.obj
[/mnt/host/source/src/platform/ec/build/zephyr/jubilant-lcov]   /mnt/host/source/src/platform/ec/build/zephyr/jubilant/build-rw/zephyr/CMakeFiles/zephyr.dir/subsys/shell/modules/kernel_service/kernel_shell.c.gcno:no functions found
[/mnt/host/source/src/platform/ec/build/zephyr/jubilant-lcov] stderr:
[ite-aic:rw] [116/261] Building C object zephyr/lib/libc/common/CMakeFiles/lib__libc__common.dir/source/string/strnlen.c.obj
[ite-aic:rw] [117/261] Building C object zephyr/lib/posix/c_lib_ext/CMakeFiles/lib__posix__c_lib_ext.dir/fnmatch.c.obj
[chinchou:rw] [191/388] Building C object modules/ec/zephyr/CMakeFiles/ec_shim.dir/shim/src/cbi/cros_cbi_fw_config.c.obj
[ite-aic:ro] [23/261] Building C object CMakeFiles/app.dir/mnt/host/source/src/platform/ec/build/zephyr/ite-aic/modules/ec/common/uart_printf.c.obj
[chinchou:rw] [192/388] Building C object modules/ec/zephyr/CMakeFiles/ec_shim.dir/shim/src/cbi/cros_cbi_ssfc.c.obj
[ite-aic:rw] [118/261] Building C object zephyr/subsys/crc/CMakeFiles/subsys__crc.dir/crc4_sw.c.obj
[chinchou:rw] [193/388] Building C object modules/ec/zephyr/CMakeFiles/ec_shim.dir/shim/src/cbi/cbi_eeprom.c.obj
[/mnt/host/source/src/platform/ec/build/zephyr/jubilant-lcov]   /mnt/host/source/src/platform/ec/build/zephyr/jubilant/build-rw/zephyr/CMakeFiles/zephyr.dir/lib/libc/validate_libc.c.gcno:no functions found
[/mnt/host/source/src/platform/ec/build/zephyr/jubilant-lcov] stderr:
[trulo-ish:singleimage] [33/266] Building C object CMakeFiles/app.dir/mnt/host/source/src/platform/ec/build/zephyr/trulo-ish/modules/ec/common/printf.c.obj
[chinchou:rw] [194/388] Building C object modules/ec/zephyr/CMakeFiles/ec_shim.dir/shim/src/led_driver/led.c.obj
[ite-aic:rw] [119/261] Building C object zephyr/lib/libc/common/CMakeFiles/lib__libc__common.dir/source/stdlib/malloc.c.obj
[ite-aic:rw] [120/261] Building C object zephyr/subsys/crc/CMakeFiles/subsys__crc.dir/crc8_sw.c.obj
[ite-aic:rw] [121/261] Linking C static library zephyr/lib/libc/common/liblib__libc__common.a
[ite-aic:rw] [122/261] Building C object zephyr/lib/posix/c_lib_ext/CMakeFiles/lib__posix__c_lib_ext.dir/getopt_shim.c.obj
[ite-aic:rw] [123/261] Building C object zephyr/lib/posix/c_lib_ext/CMakeFiles/lib__posix__c_lib_ext.dir/getentropy.c.obj
[ite-aic:rw] [124/261] Building C object zephyr/subsys/crc/CMakeFiles/subsys__crc.dir/crc16_sw.c.obj
[ite-aic:rw] [125/261] Linking C static library zephyr/lib/posix/c_lib_ext/liblib__posix__c_lib_ext.a
[chinchou:rw] [195/388] Building C object modules/ec/zephyr/CMakeFiles/ec_shim.dir/shim/src/led_driver/led_pwm.c.obj
[ite-aic:rw] [126/261] Building C object zephyr/subsys/crc/CMakeFiles/subsys__crc.dir/crc7_sw.c.obj
[geralt:rw] [21/371] Building C object CMakeFiles/app.dir/mnt/host/source/src/platform/ec/build/zephyr/geralt/modules/ec/common/system.c.obj
[ite-aic:rw] [127/261] Building C object zephyr/subsys/crc/CMakeFiles/subsys__crc.dir/crc24_sw.c.obj
[chinchou:rw] [196/388] Building C object modules/ec/zephyr/CMakeFiles/ec_shim.dir/shim/src/system.c.obj
[ite-aic:rw] [128/261] Building C object zephyr/subsys/crc/CMakeFiles/subsys__crc.dir/crc32_sw.c.obj
[chinchou:rw] [197/388] Building C object modules/ec/zephyr/CMakeFiles/ec_shim.dir/shim/src/adc.c.obj
[ite-aic:ro] [24/261] Building C object CMakeFiles/app.dir/mnt/host/source/src/platform/ec/build/zephyr/ite-aic/modules/ec/common/util.c.obj
[ite-aic:rw] [129/261] Building C object zephyr/subsys/crc/CMakeFiles/subsys__crc.dir/crc32k_4_2_sw.c.obj
[ite-aic:rw] [130/261] Building C object zephyr/subsys/crc/CMakeFiles/subsys__crc.dir/crc32c_sw.c.obj
[trulo-ish:singleimage] [34/266] Building C object CMakeFiles/app.dir/mnt/host/source/src/platform/ec/build/zephyr/trulo-ish/modules/ec/common/queue.c.obj
[ite-aic:rw] [131/261] Linking C static library zephyr/subsys/crc/libsubsys__crc.a
[chinchou:rw] [198/388] Building C object modules/ec/zephyr/CMakeFiles/ec_shim.dir/shim/src/battery.c.obj
[chinchou:rw] [199/388] Building C object modules/ec/zephyr/CMakeFiles/ec_shim.dir/shim/src/chg_rt9490.c.obj
[chinchou:rw] [200/388] Building C object modules/ec/zephyr/CMakeFiles/ec_shim.dir/shim/src/bc12_rt9490.c.obj
[chinchou:rw] [201/388] Building C object modules/ec/zephyr/CMakeFiles/ec_shim.dir/shim/src/charger.c.obj
[ite-aic:rw] [132/261] Building C object zephyr/drivers/interrupt_controller/CMakeFiles/drivers__interrupt_controller.dir/intc_ite_it8xxx2_v2.c.obj
[ite-aic:rw] [133/261] Building C object zephyr/drivers/interrupt_controller/CMakeFiles/drivers__interrupt_controller.dir/wuc_ite_it8xxx2.c.obj
[chinchou:rw] [202/388] Building C object modules/ec/zephyr/CMakeFiles/ec_shim.dir/shim/src/flash.c.obj
[ite-aic:rw] [134/261] Building C object zephyr/drivers/console/CMakeFiles/drivers__console.dir/uart_console.c.obj
[ite-aic:rw] [135/261] Building C object zephyr/drivers/bbram/CMakeFiles/drivers__bbram.dir/bbram_it8xxx2.c.obj
[ite-aic:ro] [25/261] Building C object CMakeFiles/app.dir/mnt/host/source/src/platform/ec/build/zephyr/ite-aic/modules/ec/common/version.c.obj
[/mnt/host/source/src/platform/ec/build/zephyr/jubilant-lcov]   /mnt/host/source/src/platform/ec/build/zephyr/jubilant/build-rw/zephyr/CMakeFiles/zephyr.dir/lib/utils/last_section_id.c.gcno:no functions found
[/mnt/host/source/src/platform/ec/build/zephyr/jubilant-lcov] stderr:
[ite-aic:rw] [136/261] Linking C static library zephyr/drivers/interrupt_controller/libdrivers__interrupt_controller.a
[ite-aic:rw] [137/261] Linking C static library zephyr/drivers/console/libdrivers__console.a
[geralt:rw] [22/371] Building C object CMakeFiles/app.dir/mnt/host/source/src/platform/ec/build/zephyr/geralt/modules/ec/common/system_boot_time.c.obj
[ite-aic:rw] [138/261] Linking C static library zephyr/drivers/bbram/libdrivers__bbram.a
[chinchou:rw] [203/388] Building C object modules/ec/zephyr/CMakeFiles/ec_shim.dir/shim/src/host_command.c.obj
[chinchou:rw] [204/388] Building C object modules/ec/zephyr/CMakeFiles/ec_shim.dir/shim/src/hooks.c.obj
[chinchou:rw] [205/388] Building C object modules/ec/zephyr/CMakeFiles/ec_shim.dir/shim/src/keyboard_raw.c.obj
[trulo-ish:singleimage] [35/266] Building C object CMakeFiles/app.dir/mnt/host/source/src/platform/ec/build/zephyr/trulo-ish/modules/ec/common/system.c.obj
[chinchou:rw] [206/388] Building C object modules/ec/zephyr/CMakeFiles/ec_shim.dir/shim/src/console_buffer.c.obj
[chinchou:rw] [207/388] Building C object modules/ec/zephyr/CMakeFiles/ec_shim.dir/shim/src/keyscan.c.obj
[ite-aic:rw] [139/261] Building C object zephyr/drivers/crypto/CMakeFiles/drivers__crypto.dir/crypto_it8xxx2_sha_v2.c.obj
[chinchou:rw] [208/388] Building C object modules/ec/zephyr/CMakeFiles/ec_shim.dir/shim/src/mkbp_event.c.obj
[ite-aic:rw] [140/261] Linking C static library zephyr/drivers/crypto/libdrivers__crypto.a
[trulo-ish:singleimage] [36/266] Building C object CMakeFiles/app.dir/mnt/host/source/src/platform/ec/build/zephyr/trulo-ish/modules/ec/common/system_boot_time.c.obj
[ite-aic:rw] [141/261] Building C object zephyr/drivers/i2c/CMakeFiles/drivers__i2c.dir/i2c_common.c.obj
[ite-aic:ro] [26/261] Building C object CMakeFiles/app.dir/mnt/host/source/src/platform/ec/build/zephyr/ite-aic/modules/ec/common/cbi_common.c.obj
[ite-aic:rw] [142/261] Building C object zephyr/drivers/flash/CMakeFiles/drivers__flash.dir/flash_ite_it8xxx2.c.obj
[ite-aic:rw] [143/261] Linking C static library zephyr/drivers/flash/libdrivers__flash.a
[chinchou:rw] [209/388] Building C object modules/ec/zephyr/CMakeFiles/ec_shim.dir/shim/src/panic.c.obj
[chinchou:rw] [210/388] Building C object modules/ec/zephyr/CMakeFiles/ec_shim.dir/shim/src/power.c.obj
[geralt:rw] [23/371] Building C object CMakeFiles/app.dir/mnt/host/source/src/platform/ec/build/zephyr/geralt/modules/ec/common/uart_printf.c.obj
[chinchou:rw] [211/388] Building C object modules/ec/zephyr/CMakeFiles/ec_shim.dir/shim/src/thermal.c.obj
[chinchou:rw] [212/388] Building C object modules/ec/zephyr/CMakeFiles/ec_shim.dir/shim/src/motionsense_sensors.c.obj
[chinchou:rw] [213/388] Building C object modules/ec/zephyr/CMakeFiles/ec_shim.dir/shim/src/hwtimer.c.obj
[trulo-ish:singleimage] [37/266] Building C object CMakeFiles/app.dir/mnt/host/source/src/platform/ec/build/zephyr/trulo-ish/modules/ec/common/uart_printf.c.obj
[chinchou:rw] [214/388] Building C object modules/ec/zephyr/CMakeFiles/ec_shim.dir/shim/src/temp_sensors.c.obj
[ite-aic:rw] [144/261] Building C object zephyr/drivers/i2c/CMakeFiles/drivers__i2c.dir/i2c_bitbang.c.obj
[ite-aic:rw] [145/261] Building C object zephyr/drivers/i2c/CMakeFiles/drivers__i2c.dir/i2c_shell.c.obj
[ite-aic:rw] [146/261] Building C object zephyr/drivers/gpio/CMakeFiles/drivers__gpio.dir/gpio_ite_it8xxx2_v2.c.obj
[chinchou:rw] [215/388] Building C object modules/ec/zephyr/CMakeFiles/ec_shim.dir/shim/src/i2c.c.obj
[ite-aic:rw] [147/261] Linking C static library zephyr/drivers/gpio/libdrivers__gpio.a
[chinchou:rw] [216/388] cd /mnt/host/source/src/platform/ec/build/zephyr/chinchou/build-rw/modules/ec/zephyr && PYTHONPATH=/mnt/host/source/src/platform/ec/build/zephyr/chinchou/modules/ec/zephyr/zmake/ /usr/bin/python3.11 /mnt/host/source/src/platform/ec/build/zephyr/chinchou/modules/ec/zephyr/zmake/zephyr_build_tools/generate_ec_version.py /mnt/host/source/src/platform/ec/build/zephyr/chinchou/build-rw/modules/ec/zephyr/include/ec_version.h --name Zephyr-Kernel --version 16543.0.0 --static
[chinchou:rw] INFO:root:Using a static version string
[ite-aic:ro] [27/261] Building C object CMakeFiles/app.dir/mnt/host/source/src/platform/ec/build/zephyr/ite-aic/modules/ec/common/cbi.c.obj
[ite-aic:rw] [148/261] Building C object zephyr/drivers/pinctrl/CMakeFiles/drivers__pinctrl.dir/common.c.obj
[trulo-ish:singleimage] [38/266] Building C object CMakeFiles/app.dir/mnt/host/source/src/platform/ec/build/zephyr/trulo-ish/modules/ec/common/util.c.obj
[chinchou:rw] INFO:root:Version string: Zephyr-Kernel-16543.0.0
[geralt:rw] [24/371] Building C object CMakeFiles/app.dir/mnt/host/source/src/platform/ec/build/zephyr/geralt/modules/ec/common/util.c.obj
[chinchou:rw] INFO:root:Writing header to /mnt/host/source/src/platform/ec/build/zephyr/chinchou/build-rw/modules/ec/zephyr/include/ec_version.h
[chinchou:rw] [217/388] Building C object modules/ec/zephyr/CMakeFiles/ec_shim.dir/shim/src/tasks.c.obj
[chinchou:rw] [218/388] Building C object modules/ec/zephyr/CMakeFiles/ec_shim.dir/shim/src/watchdog.c.obj
[ite-aic:rw] [149/261] Building C object zephyr/drivers/i2c/CMakeFiles/drivers__i2c.dir/i2c_ite_enhance.c.obj
[chinchou:rw] [219/388] Building C object modules/ec/zephyr/CMakeFiles/ec_shim.dir/shim/src/bc12.c.obj
[ite-aic:rw] [150/261] Linking C static library zephyr/drivers/i2c/libdrivers__i2c.a
[chinchou:rw] [220/388] Building C object modules/ec/zephyr/CMakeFiles/ec_shim.dir/shim/src/usba.c.obj
[chinchou:rw] [221/388] Building C object modules/ec/zephyr/CMakeFiles/ec_shim.dir/shim/src/ppc.c.obj
[ite-aic:rw] [151/261] Building C object zephyr/drivers/syscon/CMakeFiles/drivers__syscon.dir/mnt/host/source/src/third_party/zephyr/main/misc/empty_file.c.obj
[ite-aic:rw] [152/261] Linking C static library zephyr/drivers/syscon/libdrivers__syscon.a
[chinchou:rw] [222/388] Building C object modules/ec/zephyr/CMakeFiles/ec_shim.dir/shim/src/usb_muxes.c.obj
[ite-aic:rw] [153/261] Building C object zephyr/drivers/pinctrl/CMakeFiles/drivers__pinctrl.dir/pinctrl_ite_it8xxx2.c.obj
[ite-aic:rw] [154/261] Linking C static library zephyr/drivers/pinctrl/libdrivers__pinctrl.a
[ite-aic:rw] [155/261] Building C object zephyr/drivers/serial/CMakeFiles/drivers__serial.dir/uart_ite_it8xxx2.c.obj
[trulo-ish:singleimage] [39/266] Building C object CMakeFiles/app.dir/mnt/host/source/src/platform/ec/build/zephyr/trulo-ish/modules/ec/common/version.c.obj
[chinchou:rw] [223/388] Building C object CMakeFiles/app.dir/mnt/host/source/src/platform/ec/zephyr/subsys/ap_pwrseq/ap_events.c.obj
[ite-aic:ro] [28/261] Building C object CMakeFiles/app.dir/mnt/host/source/src/platform/ec/build/zephyr/ite-aic/modules/ec/common/cbi_config.c.obj
[chinchou:rw] [224/388] Building C object CMakeFiles/app.dir/mnt/host/source/src/platform/ec/build/zephyr/chinchou/modules/ec/builtin/stdlib.c.obj
[ite-aic:rw] [156/261] Building C object zephyr/drivers/serial/CMakeFiles/drivers__serial.dir/uart_ns16550.c.obj
[ite-aic:rw] [157/261] Linking C static library zephyr/drivers/serial/libdrivers__serial.a
[chinchou:rw] [225/388] Building C object CMakeFiles/app.dir/mnt/host/source/src/platform/ec/build/zephyr/chinchou/modules/ec/common/base32.c.obj
[chinchou:rw] [226/388] Building C object CMakeFiles/app.dir/mnt/host/source/src/platform/ec/build/zephyr/chinchou/modules/ec/common/console_output.c.obj
[geralt:rw] [25/371] Building C object CMakeFiles/app.dir/mnt/host/source/src/platform/ec/build/zephyr/geralt/modules/ec/common/version.c.obj
[ite-aic:rw] [158/261] Building C object zephyr/drivers/timer/CMakeFiles/drivers__timer.dir/sys_clock_init.c.obj
[chinchou:rw] [227/388] Building C object CMakeFiles/app.dir/mnt/host/source/src/platform/ec/build/zephyr/chinchou/modules/ec/common/ec_features.c.obj
[ite-aic:rw] [159/261] Building C object zephyr/drivers/watchdog/CMakeFiles/drivers__watchdog.dir/wdt_ite_it8xxx2.c.obj
[trulo-ish:singleimage] [40/266] Building C object CMakeFiles/app.dir/mnt/host/source/src/platform/ec/build/zephyr/trulo-ish/modules/ec/driver/accel_bma4xx.c.obj
[chinchou:rw] [228/388] Building C object CMakeFiles/app.dir/mnt/host/source/src/platform/ec/build/zephyr/chinchou/modules/ec/common/peripheral.c.obj
[ite-aic:rw] [160/261] Building C object zephyr/drivers/timer/CMakeFiles/drivers__timer.dir/ite_it8xxx2_timer.c.obj
[chinchou:rw] [229/388] Building C object CMakeFiles/app.dir/mnt/host/source/src/platform/ec/build/zephyr/chinchou/modules/ec/common/gpio_commands.c.obj
[ite-aic:rw] [161/261] Linking C static library zephyr/drivers/timer/libdrivers__timer.a
[ite-aic:ro] [29/261] Building C object CMakeFiles/app.dir/mnt/host/source/src/platform/ec/build/zephyr/ite-aic/modules/ec/common/memory_commands.c.obj
[chinchou:rw] [230/388] Building C object CMakeFiles/app.dir/mnt/host/source/src/platform/ec/build/zephyr/chinchou/modules/ec/common/printf.c.obj
[ite-aic:rw] [162/261] Building C object zephyr/drivers/watchdog/CMakeFiles/drivers__watchdog.dir/wdt_shell.c.obj
[ite-aic:rw] [163/261] Linking C static library zephyr/drivers/watchdog/libdrivers__watchdog.a
[chinchou:rw] [231/388] Building C object CMakeFiles/app.dir/mnt/host/source/src/platform/ec/build/zephyr/chinchou/modules/ec/common/queue.c.obj
[chinchou:rw] [232/388] Building C object CMakeFiles/app.dir/mnt/host/source/src/platform/ec/build/zephyr/chinchou/modules/ec/common/uart_printf.c.obj
[geralt:rw] [26/371] Building C object CMakeFiles/app.dir/mnt/host/source/src/platform/ec/build/zephyr/geralt/modules/ec/driver/accelgyro_bmi_common.c.obj
[trulo-ish:singleimage] [41/266] Building C object CMakeFiles/app.dir/mnt/host/source/src/platform/ec/build/zephyr/trulo-ish/modules/ec/common/motion_sense_fifo.c.obj
[ite-aic:rw] [164/261] Building C object modules/ec/zephyr/CMakeFiles/ec_shim.dir/app/ec/ec_app_main.c.obj
[ite-aic:rw] [165/261] Building C object modules/ec/zephyr/CMakeFiles/ec_shim.dir/app/ec/main_shim.c.obj
[chinchou:rw] [233/388] Building C object CMakeFiles/app.dir/mnt/host/source/src/platform/ec/build/zephyr/chinchou/modules/ec/common/system_boot_time.c.obj
[chinchou:rw] [234/388] Building C object CMakeFiles/app.dir/mnt/host/source/src/platform/ec/build/zephyr/chinchou/modules/ec/common/system.c.obj
[ite-aic:rw] [166/261] Building C object modules/ec/zephyr/CMakeFiles/ec_shim.dir/drivers/cros_flash/cros_flash_it8xxx2.c.obj
[chinchou:rw] [235/388] Building C object CMakeFiles/app.dir/mnt/host/source/src/platform/ec/build/zephyr/chinchou/modules/ec/common/util.c.obj
[chinchou:rw] [236/388] Building C object CMakeFiles/app.dir/mnt/host/source/src/platform/ec/build/zephyr/chinchou/modules/ec/common/version.c.obj
[ite-aic:ro] [30/261] Building C object CMakeFiles/app.dir/mnt/host/source/src/platform/ec/build/zephyr/ite-aic/modules/ec/common/ap_reset_log.c.obj
[ite-aic:rw] [167/261] Building C object modules/ec/zephyr/CMakeFiles/ec_shim.dir/drivers/cros_system/cros_system_it8xxx2.c.obj
[trulo-ish:singleimage] [42/266] Building C object CMakeFiles/app.dir/mnt/host/source/src/platform/ec/build/zephyr/trulo-ish/modules/ec/common/cbi_common.c.obj
[ite-aic:rw] [168/261] Building C object modules/ec/zephyr/CMakeFiles/ec_shim.dir/shim/chip/it8xxx2/clock.c.obj
[chinchou:rw] [237/388] Building C object CMakeFiles/app.dir/mnt/host/source/src/platform/ec/build/zephyr/chinchou/modules/ec/driver/accel_bma4xx.c.obj
[chinchou:rw] [238/388] Building C object CMakeFiles/app.dir/mnt/host/source/src/platform/ec/build/zephyr/chinchou/modules/ec/driver/accel_lis2dw12.c.obj
[ite-aic:rw] [169/261] Building C object modules/ec/zephyr/CMakeFiles/ec_shim.dir/shim/chip/it8xxx2/gpio.c.obj
[ite-aic:rw] [170/261] Building C object modules/ec/zephyr/CMakeFiles/ec_shim.dir/shim/src/crc.c.obj
[chinchou:rw] [239/388] Building C object CMakeFiles/app.dir/mnt/host/source/src/platform/ec/build/zephyr/chinchou/modules/ec/driver/accelgyro_bmi_common.c.obj
[geralt:rw] [27/371] Building C object CMakeFiles/app.dir/mnt/host/source/src/platform/ec/build/zephyr/geralt/modules/ec/driver/accelgyro_bmi3xx.c.obj
[ite-aic:rw] [171/261] Building C object modules/ec/zephyr/CMakeFiles/ec_shim.dir/shim/chip/it8xxx2/system.c.obj
[chinchou:rw] [240/388] Building C object CMakeFiles/app.dir/mnt/host/source/src/platform/ec/build/zephyr/chinchou/modules/ec/driver/accelgyro_bmi3xx.c.obj
[chinchou:rw] [241/388] Building C object CMakeFiles/app.dir/mnt/host/source/src/platform/ec/build/zephyr/chinchou/modules/ec/driver/accelgyro_lsm6dsm.c.obj
[trulo-ish:singleimage] [43/266] Building C object CMakeFiles/app.dir/mnt/host/source/src/platform/ec/build/zephyr/trulo-ish/modules/ec/common/cbi_gpio.c.obj
[chinchou:rw] [242/388] Building C object CMakeFiles/app.dir/mnt/host/source/src/platform/ec/build/zephyr/chinchou/modules/ec/common/motion_sense_fifo.c.obj
[ite-aic:rw] [172/261] Building C object modules/ec/zephyr/CMakeFiles/ec_shim.dir/shim/chip/it8xxx2/power_policy.c.obj
[ite-aic:ro] [31/261] Building C object CMakeFiles/app.dir/mnt/host/source/src/platform/ec/build/zephyr/ite-aic/modules/ec/common/flash.c.obj
[chinchou:rw] [243/388] Building C object CMakeFiles/app.dir/mnt/host/source/src/platform/ec/build/zephyr/chinchou/modules/ec/common/adc.c.obj
[ite-aic:rw] [173/261] Building C object modules/ec/zephyr/CMakeFiles/ec_shim.dir/shim/src/console.c.obj
[chinchou:rw] [244/388] Building C object CMakeFiles/app.dir/mnt/host/source/src/platform/ec/build/zephyr/chinchou/modules/ec/common/battery_info.c.obj
[chinchou:rw] [245/388] Building C object CMakeFiles/app.dir/mnt/host/source/src/platform/ec/build/zephyr/chinchou/modules/ec/common/battery.c.obj
[ite-aic:rw] [174/261] Building C object modules/ec/zephyr/CMakeFiles/ec_shim.dir/shim/src/gpio_int.c.obj
[trulo-ish:singleimage] [44/266] Building C object CMakeFiles/app.dir/mnt/host/source/src/platform/ec/build/zephyr/trulo-ish/modules/ec/common/memory_commands.c.obj
[ite-aic:rw] [175/261] Building C object modules/ec/zephyr/CMakeFiles/ec_shim.dir/shim/src/panic_utils.c.obj
[ite-aic:rw] [176/261] Building C object modules/ec/zephyr/CMakeFiles/ec_shim.dir/shim/src/gpio.c.obj
[chinchou:rw] [246/388] Building C object CMakeFiles/app.dir/mnt/host/source/src/platform/ec/build/zephyr/chinchou/modules/ec/common/battery_fuel_gauge.c.obj
[chinchou:rw] [247/388] Building C object CMakeFiles/app.dir/mnt/host/source/src/platform/ec/build/zephyr/chinchou/modules/ec/driver/battery/smart.c.obj
[ite-aic:ro] [32/261] Building C object CMakeFiles/app.dir/mnt/host/source/src/platform/ec/build/zephyr/ite-aic/modules/ec/common/host_command.c.obj
[chinchou:rw] [248/388] Building C object CMakeFiles/app.dir/mnt/host/source/src/platform/ec/build/zephyr/chinchou/modules/ec/common/charger.c.obj
[geralt:rw] [28/371] Building C object CMakeFiles/app.dir/mnt/host/source/src/platform/ec/build/zephyr/geralt/modules/ec/common/motion_sense_fifo.c.obj
[chinchou:rw] [249/388] Building C object CMakeFiles/app.dir/mnt/host/source/src/platform/ec/build/zephyr/chinchou/modules/ec/driver/charger/rt9490.c.obj
[ite-aic:rw] [177/261] Building C object modules/ec/zephyr/CMakeFiles/ec_shim.dir/shim/src/pm_state.c.obj
[trulo-ish:singleimage] [45/266] Building C object CMakeFiles/app.dir/mnt/host/source/src/platform/ec/build/zephyr/trulo-ish/modules/ec/common/ap_reset_log.c.obj
[chinchou:rw] [250/388] Building C object CMakeFiles/app.dir/mnt/host/source/src/platform/ec/build/zephyr/chinchou/modules/ec/common/charge_state.c.obj
[ite-aic:rw] [178/261] Building C object modules/ec/zephyr/CMakeFiles/ec_shim.dir/shim/src/cbi/cbi_flash.c.obj
[ite-aic:rw] [179/261] Building C object modules/ec/zephyr/CMakeFiles/ec_shim.dir/shim/src/cbi/cros_cbi.c.obj
[chinchou:rw] [251/388] Building C object CMakeFiles/app.dir/mnt/host/source/src/platform/ec/build/zephyr/chinchou/modules/ec/common/charge_ramp.c.obj
[ite-aic:rw] [180/261] Building C object modules/ec/zephyr/CMakeFiles/ec_shim.dir/shim/src/system.c.obj
[chinchou:rw] [252/388] Building C object CMakeFiles/app.dir/mnt/host/source/src/platform/ec/build/zephyr/chinchou/modules/ec/common/charge_manager.c.obj
[chinchou:rw] [253/388] Building C object CMakeFiles/app.dir/mnt/host/source/src/platform/ec/build/zephyr/chinchou/modules/ec/common/cbi_common.c.obj
[trulo-ish:singleimage] [46/266] Building C object CMakeFiles/app.dir/mnt/host/source/src/platform/ec/build/zephyr/trulo-ish/modules/ec/common/host_command.c.obj
[chinchou:rw] [254/388] Building C object CMakeFiles/app.dir/mnt/host/source/src/platform/ec/build/zephyr/chinchou/modules/ec/common/cbi_config.c.obj
[ite-aic:ro] [33/261] Building C object CMakeFiles/app.dir/mnt/host/source/src/platform/ec/build/zephyr/ite-aic/modules/ec/common/host_command_task.c.obj
[geralt:rw] [29/371] Building C object CMakeFiles/app.dir/mnt/host/source/src/platform/ec/build/zephyr/geralt/modules/ec/common/adc.c.obj
[chinchou:rw] [255/388] Building C object CMakeFiles/app.dir/mnt/host/source/src/platform/ec/build/zephyr/chinchou/modules/ec/common/memory_commands.c.obj
[chinchou:rw] [256/388] Building C object CMakeFiles/app.dir/mnt/host/source/src/platform/ec/build/zephyr/chinchou/modules/ec/common/cbi.c.obj
[ite-aic:rw] [181/261] Building C object modules/ec/zephyr/CMakeFiles/ec_shim.dir/shim/src/flash.c.obj
[/mnt/host/source/src/platform/ec/build/zephyr/krabby-lcov]   /mnt/host/source/src/platform/ec/build/zephyr/krabby/build-rw/CMakeFiles/app.dir/mnt/host/source/src/platform/ec/build/zephyr/krabby/modules/ec/common/usb_pd_pdo.c.gcno:no functions found
[/mnt/host/source/src/platform/ec/build/zephyr/krabby-lcov] stderr:
[ite-aic:rw] [182/261] Building C object modules/ec/zephyr/CMakeFiles/ec_shim.dir/shim/src/hooks.c.obj
[ite-aic:rw] [183/261] Building C object modules/ec/zephyr/CMakeFiles/ec_shim.dir/shim/src/host_command.c.obj
[chinchou:rw] [257/388] Building C object CMakeFiles/app.dir/mnt/host/source/src/platform/ec/build/zephyr/chinchou/modules/ec/common/chipset.c.obj
[ite-aic:rw] [184/261] Building C object modules/ec/zephyr/CMakeFiles/ec_shim.dir/shim/src/console_buffer.c.obj
[chinchou:rw] [258/388] Building C object CMakeFiles/app.dir/mnt/host/source/src/platform/ec/build/zephyr/chinchou/modules/ec/common/ap_reset_log.c.obj
[trulo-ish:singleimage] [47/266] Building C object CMakeFiles/app.dir/mnt/host/source/src/platform/ec/build/zephyr/trulo-ish/modules/ec/common/host_command_task.c.obj
[chinchou:rw] [259/388] Building C object CMakeFiles/app.dir/mnt/host/source/src/platform/ec/build/zephyr/chinchou/modules/ec/common/extpower_common.c.obj
[chinchou:rw] [260/388] Building C object CMakeFiles/app.dir/mnt/host/source/src/platform/ec/build/zephyr/chinchou/modules/ec/common/extpower_gpio.c.obj
[ite-aic:rw] [185/261] Building C object modules/ec/zephyr/CMakeFiles/ec_shim.dir/shim/src/panic.c.obj
[geralt:rw] [30/371] Building C object CMakeFiles/app.dir/mnt/host/source/src/platform/ec/build/zephyr/geralt/modules/ec/common/base_state.c.obj
[chinchou:rw] [261/388] Building C object CMakeFiles/app.dir/mnt/host/source/src/platform/ec/build/zephyr/chinchou/modules/ec/common/flash.c.obj
[chinchou:rw] [262/388] Building C object CMakeFiles/app.dir/mnt/host/source/src/platform/ec/build/zephyr/chinchou/modules/ec/common/host_command_task.c.obj
[ite-aic:rw] [186/261] Building C object modules/ec/zephyr/CMakeFiles/ec_shim.dir/shim/src/hwtimer.c.obj
[chinchou:rw] [263/388] Building C object CMakeFiles/app.dir/mnt/host/source/src/platform/ec/build/zephyr/chinchou/modules/ec/common/host_command.c.obj
[ite-aic:ro] [34/261] Building C object CMakeFiles/app.dir/mnt/host/source/src/platform/ec/build/zephyr/ite-aic/modules/ec/common/host_event_commands.c.obj
[ite-aic:rw] [187/261] Building C object modules/ec/zephyr/CMakeFiles/ec_shim.dir/shim/src/tasks.c.obj
[trulo-ish:singleimage] [48/266] Building C object CMakeFiles/app.dir/mnt/host/source/src/platform/ec/build/zephyr/trulo-ish/modules/ec/common/host_event_commands.c.obj
[ite-aic:rw] [188/261] Building C object modules/ec/zephyr/CMakeFiles/ec_shim.dir/shim/src/i2c.c.obj
[chinchou:rw] [264/388] Building C object CMakeFiles/app.dir/mnt/host/source/src/platform/ec/build/zephyr/chinchou/modules/ec/common/host_event_commands.c.obj
[chinchou:rw] [265/388] Building C object CMakeFiles/app.dir/mnt/host/source/src/platform/ec/build/zephyr/chinchou/modules/ec/common/uart_hostcmd.c.obj
[ite-aic:rw] [189/261] cd /mnt/host/source/src/platform/ec/build/zephyr/ite-aic/build-rw/modules/ec/zephyr && PYTHONPATH=/mnt/host/source/src/platform/ec/build/zephyr/ite-aic/modules/ec/zephyr/zmake/ /usr/bin/python3.11 /mnt/host/source/src/platform/ec/build/zephyr/ite-aic/modules/ec/zephyr/zmake/zephyr_build_tools/generate_ec_version.py /mnt/host/source/src/platform/ec/build/zephyr/ite-aic/build-rw/modules/ec/zephyr/include/ec_version.h --name Zephyr-Kernel --version 16543.0.0 --static
[ite-aic:rw] INFO:root:Using a static version string
[chinchou:rw] [266/388] Building C object CMakeFiles/app.dir/mnt/host/source/src/platform/ec/build/zephyr/chinchou/modules/ec/common/uptime.c.obj
[ite-aic:rw] INFO:root:Version string: Zephyr-Kernel-16543.0.0
[ite-aic:rw] INFO:root:Writing header to /mnt/host/source/src/platform/ec/build/zephyr/ite-aic/build-rw/modules/ec/zephyr/include/ec_version.h
[ite-aic:rw] [190/261] Building C object modules/ec/zephyr/CMakeFiles/ec_shim.dir/shim/src/watchdog.c.obj
[chinchou:rw] [267/388] Building C object CMakeFiles/app.dir/mnt/host/source/src/platform/ec/build/zephyr/chinchou/modules/ec/common/i2c_controller.c.obj
[chinchou:rw] [268/388] Building C object CMakeFiles/app.dir/mnt/host/source/src/platform/ec/build/zephyr/chinchou/modules/ec/common/i2c_passthru.c.obj
[ite-aic:rw] [191/261] Building C object modules/ec/zephyr/CMakeFiles/ec_shim.dir/shim/src/sha256_hw.c.obj
[ite-aic:ro] [35/261] Building C object CMakeFiles/app.dir/mnt/host/source/src/platform/ec/build/zephyr/ite-aic/modules/ec/common/uart_hostcmd.c.obj
[trulo-ish:singleimage] [49/266] Building C object CMakeFiles/app.dir/mnt/host/source/src/platform/ec/build/zephyr/trulo-ish/modules/ec/common/uart_hostcmd.c.obj
[ite-aic:rw] [192/261] Building C object modules/ec/zephyr/CMakeFiles/ec_shim.dir/shim/src/usbc_stub.c.obj
[geralt:rw] [31/371] Building C object CMakeFiles/app.dir/mnt/host/source/src/platform/ec/build/zephyr/geralt/modules/ec/common/battery.c.obj
[chinchou:rw] [269/388] Building C object CMakeFiles/app.dir/mnt/host/source/src/platform/ec/build/zephyr/chinchou/modules/ec/common/virtual_battery.c.obj
[ite-aic:rw] [193/261] Building C object CMakeFiles/app.dir/mnt/host/source/src/platform/ec/zephyr/subsys/ap_pwrseq/ap_events.c.obj
[chinchou:rw] [270/388] Building C object CMakeFiles/app.dir/mnt/host/source/src/platform/ec/build/zephyr/chinchou/modules/ec/common/keyboard_scan.c.obj
[chinchou:rw] [271/388] Building C object CMakeFiles/app.dir/mnt/host/source/src/platform/ec/build/zephyr/chinchou/modules/ec/common/mkbp_fifo.c.obj
[chinchou:rw] [272/388] Building C object CMakeFiles/app.dir/mnt/host/source/src/platform/ec/build/zephyr/chinchou/modules/ec/common/mkbp_info.c.obj
[ite-aic:rw] [194/261] Building C object CMakeFiles/app.dir/mnt/host/source/src/platform/ec/build/zephyr/ite-aic/modules/ec/builtin/stdlib.c.obj
[chinchou:rw] [273/388] Building C object CMakeFiles/app.dir/mnt/host/source/src/platform/ec/build/zephyr/chinchou/modules/ec/common/keyboard_mkbp.c.obj
[ite-aic:rw] [195/261] Building C object CMakeFiles/app.dir/mnt/host/source/src/platform/ec/build/zephyr/ite-aic/modules/ec/common/base32.c.obj
[ite-aic:ro] [36/261] Building C object CMakeFiles/app.dir/mnt/host/source/src/platform/ec/build/zephyr/ite-aic/modules/ec/common/uptime.c.obj
[chinchou:rw] [274/388] Building C object CMakeFiles/app.dir/mnt/host/source/src/platform/ec/build/zephyr/chinchou/modules/ec/common/mkbp_input_devices.c.obj
[trulo-ish:singleimage] [50/266] Building C object CMakeFiles/app.dir/mnt/host/source/src/platform/ec/build/zephyr/trulo-ish/modules/ec/common/uptime.c.obj
[chinchou:rw] [275/388] Building C object CMakeFiles/app.dir/mnt/host/source/src/platform/ec/build/zephyr/chinchou/modules/ec/common/led_common.c.obj
[ite-aic:rw] [196/261] Building C object CMakeFiles/app.dir/mnt/host/source/src/platform/ec/build/zephyr/ite-aic/modules/ec/common/console_output.c.obj
[geralt:rw] [32/371] Building C object CMakeFiles/app.dir/mnt/host/source/src/platform/ec/build/zephyr/geralt/modules/ec/common/battery_info.c.obj
[chinchou:rw] [276/388] Building C object CMakeFiles/app.dir/mnt/host/source/src/platform/ec/build/zephyr/chinchou/modules/ec/common/motion_lid.c.obj
[ite-aic:rw] [197/261] Building C object CMakeFiles/app.dir/mnt/host/source/src/platform/ec/build/zephyr/ite-aic/modules/ec/common/ec_features.c.obj
[ite-aic:rw] [198/261] Building C object CMakeFiles/app.dir/mnt/host/source/src/platform/ec/build/zephyr/ite-aic/modules/ec/common/peripheral.c.obj
[chinchou:rw] [277/388] Building C object CMakeFiles/app.dir/mnt/host/source/src/platform/ec/build/zephyr/chinchou/modules/ec/common/lid_angle.c.obj
[chinchou:rw] [278/388] Building C object CMakeFiles/app.dir/mnt/host/source/src/platform/ec/build/zephyr/chinchou/modules/ec/common/lid_angle_keyboard_policy.c.obj
[ite-aic:rw] [199/261] Building C object CMakeFiles/app.dir/mnt/host/source/src/platform/ec/build/zephyr/ite-aic/modules/ec/common/gpio_commands.c.obj
[chinchou:rw] [279/388] Building C object CMakeFiles/app.dir/mnt/host/source/src/platform/ec/build/zephyr/chinchou/modules/ec/common/lid_switch.c.obj
[ite-aic:ro] [37/261] Building C object CMakeFiles/app.dir/mnt/host/source/src/platform/ec/build/zephyr/ite-aic/modules/ec/common/i2c_controller.c.obj
[chinchou:rw] [280/388] Building C object CMakeFiles/app.dir/mnt/host/source/src/platform/ec/build/zephyr/chinchou/modules/ec/common/mkbp_event.c.obj
[trulo-ish:singleimage] [51/266] Building C object CMakeFiles/app.dir/mnt/host/source/src/platform/ec/build/zephyr/trulo-ish/modules/ec/common/i2c_controller.c.obj
[ite-aic:rw] [200/261] Building C object CMakeFiles/app.dir/mnt/host/source/src/platform/ec/build/zephyr/ite-aic/modules/ec/common/printf.c.obj
[geralt:rw] [33/371] Building C object CMakeFiles/app.dir/mnt/host/source/src/platform/ec/build/zephyr/geralt/modules/ec/common/battery_fuel_gauge.c.obj
[ite-aic:rw] [201/261] Building C object CMakeFiles/app.dir/mnt/host/source/src/platform/ec/build/zephyr/ite-aic/modules/ec/common/queue.c.obj
[chinchou:rw] [281/388] Building C object CMakeFiles/app.dir/mnt/host/source/src/platform/ec/build/zephyr/chinchou/modules/ec/common/power_button.c.obj
[chinchou:rw] [282/388] Building C object CMakeFiles/app.dir/mnt/host/source/src/platform/ec/build/zephyr/chinchou/modules/ec/common/motion_sense.c.obj
[chinchou:rw] [283/388] Building C object CMakeFiles/app.dir/mnt/host/source/src/platform/ec/build/zephyr/chinchou/modules/ec/power/common.c.obj
[ite-aic:rw] [202/261] Building C object CMakeFiles/app.dir/mnt/host/source/src/platform/ec/build/zephyr/ite-aic/modules/ec/common/system_boot_time.c.obj
[/mnt/host/source/src/platform/ec/build/zephyr/jubilant-lcov]   /mnt/host/source/src/platform/ec/build/zephyr/jubilant/build-rw/zephyr/CMakeFiles/zephyr.dir/soc/ite/ec/it8xxx2/check_regs.c.gcno:no functions found
[/mnt/host/source/src/platform/ec/build/zephyr/jubilant-lcov] stderr:
[chinchou:rw] [284/388] Building C object CMakeFiles/app.dir/mnt/host/source/src/platform/ec/build/zephyr/chinchou/modules/ec/power/host_sleep.c.obj
[chinchou:rw] [285/388] Building C object CMakeFiles/app.dir/mnt/host/source/src/platform/ec/build/zephyr/chinchou/modules/ec/power/mt8186.c.obj
[ite-aic:rw] [203/261] Building C object CMakeFiles/app.dir/mnt/host/source/src/platform/ec/build/zephyr/ite-aic/modules/ec/common/uart_printf.c.obj
[trulo-ish:singleimage] [52/266] Building C object CMakeFiles/app.dir/mnt/host/source/src/platform/ec/build/zephyr/trulo-ish/modules/ec/common/i2c_passthru.c.obj
[ite-aic:ro] [38/261] Building C object CMakeFiles/app.dir/mnt/host/source/src/platform/ec/build/zephyr/ite-aic/modules/ec/common/i2c_passthru.c.obj
[chinchou:rw] [286/388] Building C object CMakeFiles/app.dir/mnt/host/source/src/platform/ec/build/zephyr/chinchou/modules/ec/common/panic_output.c.obj
[ite-aic:rw] [204/261] Building C object CMakeFiles/app.dir/mnt/host/source/src/platform/ec/build/zephyr/ite-aic/modules/ec/common/system.c.obj
[chinchou:rw] [287/388] Building C object CMakeFiles/app.dir/mnt/host/source/src/platform/ec/build/zephyr/chinchou/modules/ec/driver/sha256/sha256_it8xxx2.c.obj
[ite-aic:rw] [205/261] Building C object CMakeFiles/app.dir/mnt/host/source/src/platform/ec/build/zephyr/ite-aic/modules/ec/common/version.c.obj
[ite-aic:rw] [206/261] Building C object CMakeFiles/app.dir/mnt/host/source/src/platform/ec/build/zephyr/ite-aic/modules/ec/common/util.c.obj
[chinchou:rw] [288/388] Building C object CMakeFiles/app.dir/mnt/host/source/src/platform/ec/build/zephyr/chinchou/modules/ec/common/shared_mem.c.obj
[geralt:rw] [34/371] Building C object CMakeFiles/app.dir/mnt/host/source/src/platform/ec/build/zephyr/geralt/modules/ec/driver/battery/smart.c.obj
[chinchou:rw] [289/388] Building C object CMakeFiles/app.dir/mnt/host/source/src/platform/ec/build/zephyr/chinchou/modules/ec/common/switch.c.obj
[chinchou:rw] [290/388] Building C object CMakeFiles/app.dir/mnt/host/source/src/platform/ec/build/zephyr/chinchou/modules/ec/driver/stm_mems_common.c.obj
[ite-aic:rw] [207/261] Building C object CMakeFiles/app.dir/mnt/host/source/src/platform/ec/build/zephyr/ite-aic/modules/ec/common/cbi_common.c.obj
[chinchou:rw] [291/388] Building C object CMakeFiles/app.dir/mnt/host/source/src/platform/ec/build/zephyr/chinchou/modules/ec/common/tablet_mode.c.obj
[trulo-ish:singleimage] [53/266] Building C object CMakeFiles/app.dir/mnt/host/source/src/platform/ec/build/zephyr/trulo-ish/modules/ec/common/motion_lid.c.obj
[chinchou:rw] [292/388] Building C object CMakeFiles/app.dir/mnt/host/source/src/platform/ec/build/zephyr/chinchou/modules/ec/common/thermal.c.obj
[chinchou:rw] [293/388] Building C object CMakeFiles/app.dir/mnt/host/source/src/platform/ec/build/zephyr/chinchou/modules/ec/common/temp_sensor.c.obj
[ite-aic:rw] [208/261] Building C object CMakeFiles/app.dir/mnt/host/source/src/platform/ec/build/zephyr/ite-aic/modules/ec/common/cbi_config.c.obj
[ite-aic:rw] [209/261] Building C object CMakeFiles/app.dir/mnt/host/source/src/platform/ec/build/zephyr/ite-aic/modules/ec/common/cbi.c.obj
[ite-aic:ro] [39/261] Building C object CMakeFiles/app.dir/mnt/host/source/src/platform/ec/build/zephyr/ite-aic/modules/ec/common/panic_output.c.obj
[chinchou:rw] [294/388] Building C object CMakeFiles/app.dir/mnt/host/source/src/platform/ec/build/zephyr/chinchou/modules/ec/driver/temp_sensor/thermistor.c.obj
[ite-aic:rw] [210/261] Building C object CMakeFiles/app.dir/mnt/host/source/src/platform/ec/build/zephyr/ite-aic/modules/ec/common/memory_commands.c.obj
[chinchou:rw] [295/388] Building C object CMakeFiles/app.dir/mnt/host/source/src/platform/ec/build/zephyr/chinchou/modules/ec/common/timer.c.obj
[chinchou:rw] [296/388] Building C object CMakeFiles/app.dir/mnt/host/source/src/platform/ec/build/zephyr/chinchou/modules/ec/common/usb_port_power_dumb.c.obj
[chinchou:rw] [297/388] Building C object CMakeFiles/app.dir/mnt/host/source/src/platform/ec/build/zephyr/chinchou/modules/ec/common/usb_charger.c.obj
[ite-aic:rw] [211/261] Building C object CMakeFiles/app.dir/mnt/host/source/src/platform/ec/build/zephyr/ite-aic/modules/ec/common/ap_reset_log.c.obj
[trulo-ish:singleimage] [54/266] Building C object CMakeFiles/app.dir/mnt/host/source/src/platform/ec/build/zephyr/trulo-ish/modules/ec/common/lid_angle.c.obj
[geralt:rw] [35/371] Building C object CMakeFiles/app.dir/mnt/host/source/src/platform/ec/build/zephyr/geralt/modules/ec/driver/charger/rt9490.c.obj
[chinchou:rw] [298/388] Building C object CMakeFiles/app.dir/mnt/host/source/src/platform/ec/build/zephyr/chinchou/modules/ec/common/typec_control.c.obj
[/mnt/host/source/src/platform/ec/build/zephyr/krabby-lcov]   /mnt/host/source/src/platform/ec/build/zephyr/krabby/build-rw/CMakeFiles/app.dir/mnt/host/source/src/platform/ec/build/zephyr/krabby/modules/ec/common/cbi_config.c.gcno:no functions found
[/mnt/host/source/src/platform/ec/build/zephyr/krabby-lcov] stderr:
[ite-aic:rw] [212/261] Building C object CMakeFiles/app.dir/mnt/host/source/src/platform/ec/build/zephyr/ite-aic/modules/ec/common/host_command.c.obj
[ite-aic:ro] [40/261] Building C object CMakeFiles/app.dir/mnt/host/source/src/platform/ec/build/zephyr/ite-aic/modules/ec/common/shared_mem.c.obj
[ite-aic:rw] [213/261] Building C object CMakeFiles/app.dir/mnt/host/source/src/platform/ec/build/zephyr/ite-aic/modules/ec/common/flash.c.obj
[chinchou:rw] [299/388] Building C object CMakeFiles/app.dir/mnt/host/source/src/platform/ec/build/zephyr/chinchou/modules/ec/common/usb_pd_pdo.c.obj
[chinchou:rw] [300/388] Building C object CMakeFiles/app.dir/mnt/host/source/src/platform/ec/build/zephyr/chinchou/modules/ec/common/usb_common.c.obj
[ite-aic:rw] [214/261] Building C object CMakeFiles/app.dir/mnt/host/source/src/platform/ec/build/zephyr/ite-aic/modules/ec/common/host_command_task.c.obj
[chinchou:rw] [301/388] Building C object CMakeFiles/app.dir/mnt/host/source/src/platform/ec/build/zephyr/chinchou/modules/ec/common/usbc/usbc_task.c.obj
[chinchou:rw] [302/388] Building C object CMakeFiles/app.dir/mnt/host/source/src/platform/ec/build/zephyr/chinchou/modules/ec/common/usbc/usb_pd_timer.c.obj
[ite-aic:rw] [215/261] Building C object CMakeFiles/app.dir/mnt/host/source/src/platform/ec/build/zephyr/ite-aic/modules/ec/common/host_event_commands.c.obj
[trulo-ish:singleimage] [55/266] Building C object CMakeFiles/app.dir/mnt/host/source/src/platform/ec/build/zephyr/trulo-ish/modules/ec/common/mkbp_event.c.obj
[/mnt/host/source/src/platform/ec/build/zephyr/krabby-lcov]   /mnt/host/source/src/platform/ec/build/zephyr/krabby/build-rw/zephyr/arch/arch/riscv/core/CMakeFiles/arch__riscv__core.dir/cpu_idle.c.gcno:no functions found
[/mnt/host/source/src/platform/ec/build/zephyr/krabby-lcov] stderr:
[chinchou:rw] [303/388] Building C object CMakeFiles/app.dir/mnt/host/source/src/platform/ec/build/zephyr/chinchou/modules/ec/common/usbc/usb_sm.c.obj
[ite-aic:rw] [216/261] Building C object CMakeFiles/app.dir/mnt/host/source/src/platform/ec/build/zephyr/ite-aic/modules/ec/common/uptime.c.obj
[ite-aic:ro] [41/261] Building C object CMakeFiles/app.dir/mnt/host/source/src/platform/ec/build/zephyr/ite-aic/modules/ec/common/timer.c.obj
[chinchou:rw] [304/388] Building C object CMakeFiles/app.dir/mnt/host/source/src/platform/ec/build/zephyr/chinchou/modules/ec/common/usbc_intr_task.c.obj
[ite-aic:rw] [217/261] Building C object CMakeFiles/app.dir/mnt/host/source/src/platform/ec/build/zephyr/ite-aic/modules/ec/common/uart_hostcmd.c.obj
[chinchou:rw] [305/388] Building C object CMakeFiles/app.dir/mnt/host/source/src/platform/ec/build/zephyr/chinchou/modules/ec/common/usbc_utils.c.obj
[geralt:rw] [36/371] Building C object CMakeFiles/app.dir/mnt/host/source/src/platform/ec/build/zephyr/geralt/modules/ec/common/charger.c.obj
[chinchou:rw] [306/388] Building C object CMakeFiles/app.dir/mnt/host/source/src/platform/ec/build/zephyr/chinchou/modules/ec/common/usb_pd_flags.c.obj
[chinchou:rw] [307/388] Building C object CMakeFiles/app.dir/mnt/host/source/src/platform/ec/build/zephyr/chinchou/modules/ec/common/chargen.c.obj
[ite-aic:rw] [218/261] Building C object CMakeFiles/app.dir/mnt/host/source/src/platform/ec/build/zephyr/ite-aic/modules/ec/common/i2c_controller.c.obj
[chinchou:rw] [308/388] Building C object CMakeFiles/app.dir/mnt/host/source/src/platform/ec/build/zephyr/chinchou/modules/ec/common/usbc/usb_pd_console.c.obj
[trulo-ish:singleimage] [56/266] Building C object CMakeFiles/app.dir/mnt/host/source/src/platform/ec/build/zephyr/trulo-ish/modules/ec/common/mkbp_fifo.c.obj
[ite-aic:rw] [219/261] Building C object CMakeFiles/app.dir/mnt/host/source/src/platform/ec/build/zephyr/ite-aic/modules/ec/common/i2c_passthru.c.obj
[chinchou:rw] [309/388] Building C object CMakeFiles/app.dir/mnt/host/source/src/platform/ec/build/zephyr/chinchou/modules/ec/driver/usb_mux/usb_mux.c.obj
[ite-aic:rw] [220/261] Building C object CMakeFiles/app.dir/mnt/host/source/src/platform/ec/build/zephyr/ite-aic/modules/ec/common/shared_mem.c.obj
[ite-aic:ro] [42/261] Building C object CMakeFiles/app.dir/mnt/host/source/src/platform/ec/build/zephyr/ite-aic/modules/ec/common/chargen.c.obj
[ite-aic:rw] [221/261] Building C object CMakeFiles/app.dir/mnt/host/source/src/platform/ec/build/zephyr/ite-aic/modules/ec/common/panic_output.c.obj
[chinchou:rw] [310/388] Building C object CMakeFiles/app.dir/mnt/host/source/src/platform/ec/build/zephyr/chinchou/modules/ec/driver/usb_mux/it5205.c.obj
[chinchou:rw] [311/388] Building C object CMakeFiles/app.dir/mnt/host/source/src/platform/ec/build/zephyr/chinchou/modules/ec/common/event_log.c.obj
[chinchou:rw] [312/388] Building C object CMakeFiles/app.dir/mnt/host/source/src/platform/ec/build/zephyr/chinchou/modules/ec/driver/usb_mux/virtual.c.obj
[chinchou:rw] [313/388] Building C object CMakeFiles/app.dir/mnt/host/source/src/platform/ec/build/zephyr/chinchou/modules/ec/common/dps.c.obj
[ite-aic:rw] [222/261] Building C object CMakeFiles/app.dir/mnt/host/source/src/platform/ec/build/zephyr/ite-aic/modules/ec/common/timer.c.obj
[/mnt/host/source/src/platform/ec/build/zephyr/krabby-lcov]   /mnt/host/source/src/platform/ec/build/zephyr/krabby/build-rw/zephyr/arch/common/CMakeFiles/isr_tables.dir/isr_tables.c.gcno:no functions found
[/mnt/host/source/src/platform/ec/build/zephyr/krabby-lcov] stderr:
[chinchou:rw] [314/388] Building C object CMakeFiles/app.dir/mnt/host/source/src/platform/ec/build/zephyr/chinchou/modules/ec/common/pd_log.c.obj
[ite-aic:rw] [223/261] Building C object CMakeFiles/app.dir/mnt/host/source/src/platform/ec/build/zephyr/ite-aic/modules/ec/common/chargen.c.obj
[ite-aic:rw] [224/261] Linking C static library modules/ec/zephyr/libec_shim.a
[geralt:rw] [37/371] Building C object CMakeFiles/app.dir/mnt/host/source/src/platform/ec/build/zephyr/geralt/modules/ec/common/charge_state.c.obj
[trulo-ish:singleimage] [57/266] Building C object CMakeFiles/app.dir/mnt/host/source/src/platform/ec/build/zephyr/trulo-ish/modules/ec/common/motion_sense.c.obj
[ite-aic:rw] [225/261] Building C object CMakeFiles/app.dir/mnt/host/source/src/platform/ec/build/zephyr/ite-aic/modules/ec/common/vboot_hash.c.obj
[ite-aic:rw] [226/261] Building C object CMakeFiles/app.dir/mnt/host/source/src/platform/ec/build/zephyr/ite-aic/modules/ec/common/vstore.c.obj
[ite-aic:ro] [43/261] Building C object CMakeFiles/app.dir/mnt/host/source/src/platform/ec/build/zephyr/ite-aic/modules/ec/common/vboot_hash.c.obj
[chinchou:rw] [315/388] Building C object CMakeFiles/app.dir/mnt/host/source/src/platform/ec/build/zephyr/chinchou/modules/ec/common/usbc/usb_tc_drp_acc_trysrc_sm.c.obj
[chinchou:rw] [316/388] Building C object CMakeFiles/app.dir/mnt/host/source/src/platform/ec/build/zephyr/chinchou/modules/ec/common/usbc/usb_prl_sm.c.obj
[ite-aic:rw] [227/261] Building C object CMakeFiles/app.dir/mnt/host/source/src/platform/ec/build/zephyr/ite-aic/modules/ec/common/math_util.c.obj
[ite-aic:rw] [228/261] Linking C static library app/libapp.a
[chinchou:rw] [317/388] Building C object CMakeFiles/app.dir/mnt/host/source/src/platform/ec/build/zephyr/chinchou/modules/ec/common/usbc/usbc_pd_policy.c.obj
[ite-aic:rw] [229/261] Building C object zephyr/kernel/CMakeFiles/kernel.dir/main_weak.c.obj
[chinchou:rw] [318/388] Building C object CMakeFiles/app.dir/mnt/host/source/src/platform/ec/build/zephyr/chinchou/modules/ec/common/usbc/dp_alt_mode.c.obj
[trulo-ish:singleimage] [58/266] Building C object CMakeFiles/app.dir/mnt/host/source/src/platform/ec/build/zephyr/trulo-ish/modules/ec/common/panic_output.c.obj
[chinchou:rw] [319/388] Building C object CMakeFiles/app.dir/mnt/host/source/src/platform/ec/build/zephyr/chinchou/modules/ec/common/usb_pd_console_cmd.c.obj
[ite-aic:rw] [230/261] Building C object zephyr/kernel/CMakeFiles/kernel.dir/banner.c.obj
[ite-aic:rw] [231/261] Building C object zephyr/kernel/CMakeFiles/kernel.dir/busy_wait.c.obj
[chinchou:rw] [320/388] Building C object CMakeFiles/app.dir/mnt/host/source/src/platform/ec/build/zephyr/chinchou/modules/ec/common/usbc/usb_pd_dpm.c.obj
[ite-aic:ro] [44/261] Building C object CMakeFiles/app.dir/mnt/host/source/src/platform/ec/build/zephyr/ite-aic/modules/ec/common/vstore.c.obj
[chinchou:rw] [321/388] Building C object CMakeFiles/app.dir/mnt/host/source/src/platform/ec/build/zephyr/chinchou/modules/ec/common/usbc/usb_pe_drp_sm.c.obj
[ite-aic:rw] [232/261] Building C object zephyr/kernel/CMakeFiles/kernel.dir/device.c.obj
[ite-aic:rw] [233/261] Building C object zephyr/kernel/CMakeFiles/kernel.dir/errno.c.obj
[chinchou:rw] [322/388] Building C object CMakeFiles/app.dir/mnt/host/source/src/platform/ec/build/zephyr/chinchou/modules/ec/common/usb_pd_host_cmd.c.obj
[chinchou:rw] [323/388] Building C object CMakeFiles/app.dir/mnt/host/source/src/platform/ec/build/zephyr/chinchou/modules/ec/common/usbc/usb_pd_host.c.obj
[trulo-ish:singleimage] [59/266] Building C object CMakeFiles/app.dir/mnt/host/source/src/platform/ec/build/zephyr/trulo-ish/modules/ec/common/sha256.c.obj
[geralt:rw] [38/371] Building C object CMakeFiles/app.dir/mnt/host/source/src/platform/ec/build/zephyr/geralt/modules/ec/common/charge_manager.c.obj
[ite-aic:rw] [234/261] Building C object zephyr/kernel/CMakeFiles/kernel.dir/fatal.c.obj
[/mnt/host/source/src/platform/ec/build/zephyr/jubilant-lcov]   /mnt/host/source/src/platform/ec/build/zephyr/jubilant/build-rw/zephyr/drivers/sensor/CMakeFiles/drivers__sensor.dir/mnt/host/source/src/third_party/zephyr/main/misc/empty_file.c.gcno:no functions found
[/mnt/host/source/src/platform/ec/build/zephyr/jubilant-lcov] Filter suppressions 'region':
[ite-aic:rw] [235/261] Building C object zephyr/kernel/CMakeFiles/kernel.dir/init.c.obj
[ite-aic:rw] [236/261] Building C object zephyr/kernel/CMakeFiles/kernel.dir/kheap.c.obj
[/mnt/host/source/src/platform/ec/build/zephyr/jubilant-lcov]     35 instances
[/mnt/host/source/src/platform/ec/build/zephyr/jubilant-lcov]     26 coverpoints
[/mnt/host/source/src/platform/ec/build/zephyr/jubilant-lcov] Message summary:
[/mnt/host/source/src/platform/ec/build/zephyr/jubilant-lcov]   26 ignore messages:
[/mnt/host/source/src/platform/ec/build/zephyr/jubilant-lcov]     gcov: 26
[chinchou:rw] [324/388] Building C object CMakeFiles/app.dir/mnt/host/source/src/platform/ec/build/zephyr/chinchou/modules/ec/common/usb_pd_host_cmd_common.c.obj
[ite-aic:ro] [45/261] Building C object CMakeFiles/app.dir/mnt/host/source/src/platform/ec/build/zephyr/ite-aic/modules/ec/common/math_util.c.obj
[chinchou:rw] [325/388] Building C object CMakeFiles/app.dir/mnt/host/source/src/platform/ec/build/zephyr/chinchou/modules/ec/common/usbc/svdm_rsp_dfp_only.c.obj
[ite-aic:rw] [237/261] Building C object zephyr/kernel/CMakeFiles/kernel.dir/version.c.obj
[chinchou:rw] [326/388] Building C object CMakeFiles/app.dir/mnt/host/source/src/platform/ec/build/zephyr/chinchou/modules/ec/zephyr/shim/src/tcpc.c.obj
[ite-aic:rw] [238/261] Building C object zephyr/kernel/CMakeFiles/kernel.dir/mem_slab.c.obj
[ite-aic:ro] [46/261] Linking C static library app/libapp.a
[chinchou:rw] [327/388] Building C object CMakeFiles/app.dir/mnt/host/source/src/platform/ec/build/zephyr/chinchou/modules/ec/common/usbc_ocp.c.obj
[trulo-ish:singleimage] [60/266] Building C object CMakeFiles/app.dir/mnt/host/source/src/platform/ec/build/zephyr/trulo-ish/modules/ec/common/shared_mem.c.obj
[ite-aic:rw] [239/261] Building C object zephyr/kernel/CMakeFiles/kernel.dir/float.c.obj
[chinchou:rw] [328/388] Building C object CMakeFiles/app.dir/mnt/host/source/src/platform/ec/build/zephyr/chinchou/modules/ec/common/usb_pd_discovery.c.obj
[ite-aic:rw] [240/261] Building C object zephyr/kernel/CMakeFiles/kernel.dir/idle.c.obj
[ite-aic:ro] [47/261] Building C object zephyr/CMakeFiles/zephyr.dir/lib/libc/validate_libc.c.obj
[chinchou:rw] [329/388] Building C object CMakeFiles/app.dir/mnt/host/source/src/platform/ec/build/zephyr/chinchou/modules/ec/common/usb_pd_dual_role.c.obj
[chinchou:rw] [330/388] Building C object CMakeFiles/app.dir/mnt/host/source/src/platform/ec/build/zephyr/chinchou/modules/ec/common/usbc/dp_hpd_gpio.c.obj
[geralt:rw] [39/371] Building C object CMakeFiles/app.dir/mnt/host/source/src/platform/ec/build/zephyr/geralt/modules/ec/common/charge_ramp.c.obj
[ite-aic:rw] [241/261] Building C object zephyr/kernel/CMakeFiles/kernel.dir/mailbox.c.obj
[ite-aic:rw] [242/261] Building C object zephyr/kernel/CMakeFiles/kernel.dir/msg_q.c.obj
[ite-aic:ro] [48/261] Building C object zephyr/CMakeFiles/zephyr.dir/lib/heap/heap.c.obj
[trulo-ish:singleimage] [61/266] Building C object CMakeFiles/app.dir/mnt/host/source/src/platform/ec/build/zephyr/trulo-ish/modules/ec/common/tablet_mode.c.obj
[chinchou:rw] [331/388] Building C object CMakeFiles/app.dir/mnt/host/source/src/platform/ec/build/zephyr/chinchou/modules/ec/driver/tcpm/ite_pd_intc.c.obj
[chinchou:rw] [332/388] Building C object CMakeFiles/app.dir/mnt/host/source/src/platform/ec/build/zephyr/chinchou/modules/ec/driver/tcpm/tcpci.c.obj
[ite-aic:rw] [243/261] Building C object zephyr/kernel/CMakeFiles/kernel.dir/mutex.c.obj
[chinchou:rw] [333/388] Building C object CMakeFiles/app.dir/mnt/host/source/src/platform/ec/build/zephyr/chinchou/modules/ec/common/usbc_ppc.c.obj
[chinchou:rw] [334/388] Building C object CMakeFiles/app.dir/mnt/host/source/src/platform/ec/build/zephyr/chinchou/modules/ec/driver/tcpm/it8xxx2.c.obj
[ite-aic:rw] [244/261] Building C object zephyr/kernel/CMakeFiles/kernel.dir/queue.c.obj
[ite-aic:ro] [49/261] Building C object zephyr/CMakeFiles/zephyr.dir/lib/os/cbprintf_packaged.c.obj
[chinchou:rw] [335/388] Building C object CMakeFiles/app.dir/mnt/host/source/src/platform/ec/build/zephyr/chinchou/modules/ec/driver/ppc/syv682x.c.obj
[ite-aic:rw] [245/261] Building C object zephyr/kernel/CMakeFiles/kernel.dir/sem.c.obj
[trulo-ish:singleimage] [62/266] Building C object CMakeFiles/app.dir/mnt/host/source/src/platform/ec/build/zephyr/trulo-ish/modules/ec/common/timer.c.obj
[chinchou:rw] [336/388] Building C object CMakeFiles/app.dir/mnt/host/source/src/platform/ec/build/zephyr/chinchou/modules/ec/common/vboot_hash.c.obj
[geralt:rw] [40/371] Building C object CMakeFiles/app.dir/mnt/host/source/src/platform/ec/build/zephyr/geralt/modules/ec/common/cbi_common.c.obj
[chinchou:rw] [337/388] Building C object CMakeFiles/app.dir/mnt/host/source/src/platform/ec/build/zephyr/chinchou/modules/ec/common/button.c.obj
[ite-aic:ro] [50/261] Building C object zephyr/CMakeFiles/zephyr.dir/lib/os/clock.c.obj
[ite-aic:rw] [246/261] Building C object zephyr/kernel/CMakeFiles/kernel.dir/stack.c.obj
[ite-aic:rw] [247/261] Building C object zephyr/kernel/CMakeFiles/kernel.dir/system_work_q.c.obj
[chinchou:rw] [338/388] Building C object CMakeFiles/app.dir/mnt/host/source/src/platform/ec/build/zephyr/chinchou/modules/ec/common/vstore.c.obj
[ite-aic:ro] [51/261] Building C object zephyr/CMakeFiles/zephyr.dir/lib/os/printk.c.obj
[chinchou:rw] [339/388] Building C object CMakeFiles/app.dir/mnt/host/source/src/platform/ec/build/zephyr/chinchou/modules/ec/common/math_util.c.obj
[chinchou:rw] [340/388] Building C object CMakeFiles/app.dir/mnt/host/source/src/platform/ec/build/zephyr/chinchou/modules/ec/common/vboot/efs2.c.obj
[trulo-ish:singleimage] [63/266] Building C object CMakeFiles/app.dir/mnt/host/source/src/platform/ec/build/zephyr/trulo-ish/modules/ec/common/vstore.c.obj
[ite-aic:rw] [248/261] Building C object zephyr/kernel/CMakeFiles/kernel.dir/work.c.obj
[ite-aic:rw] [249/261] Building C object zephyr/kernel/CMakeFiles/kernel.dir/condvar.c.obj
[ite-aic:ro] [52/261] Building C object zephyr/CMakeFiles/zephyr.dir/lib/os/sem.c.obj
[chinchou:rw] [341/388] Building C object CMakeFiles/app.dir/src/hibernate.c.obj
[chinchou:rw] [342/388] Building C object CMakeFiles/app.dir/src/board.c.obj
[ite-aic:rw] [250/261] Building C object zephyr/kernel/CMakeFiles/kernel.dir/thread.c.obj
[geralt:rw] [41/371] Building C object CMakeFiles/app.dir/mnt/host/source/src/platform/ec/build/zephyr/geralt/modules/ec/common/cbi.c.obj
[chinchou:rw] [343/388] Building C object CMakeFiles/app.dir/src/usbc.c.obj
[ite-aic:ro] [53/261] Building C object zephyr/CMakeFiles/zephyr.dir/lib/os/thread_entry.c.obj
[ite-aic:ro] [54/261] Building C object zephyr/CMakeFiles/zephyr.dir/lib/os/cbprintf_nano.c.obj
[trulo-ish:singleimage] [64/266] Building C object CMakeFiles/app.dir/mnt/host/source/src/platform/ec/build/zephyr/trulo-ish/modules/ec/common/math_util.c.obj
[ite-aic:rw] [251/261] Building C object zephyr/kernel/CMakeFiles/kernel.dir/sched.c.obj
[ite-aic:rw] [252/261] Building C object zephyr/kernel/CMakeFiles/kernel.dir/spinlock_validate.c.obj
[chinchou:rw] [344/388] Building C object CMakeFiles/app.dir/src/usb_pd_policy.c.obj
[ite-aic:rw] [253/261] Building C object zephyr/kernel/CMakeFiles/kernel.dir/pipe.c.obj
[trulo-ish:singleimage] [65/266] Linking CXX static library app/libapp.a
[/mnt/host/source/src/platform/ec/build/zephyr/krabby-lcov]   /mnt/host/source/src/platform/ec/build/zephyr/krabby/build-rw/zephyr/CMakeFiles/zephyr.dir/subsys/shell/modules/kernel_service/kernel_shell.c.gcno:no functions found
[/mnt/host/source/src/platform/ec/build/zephyr/krabby-lcov] stderr:
[chinchou:rw] [345/388] Building C object CMakeFiles/app.dir/src/board_chipset.c.obj
[chinchou:rw] [346/388] Building C object CMakeFiles/app.dir/src/variant_db_detection.c.obj
[chinchou:rw] [347/388] Building C object CMakeFiles/app.dir/src/ite_hooks.c.obj
[ite-aic:rw] [254/261] Building C object zephyr/kernel/CMakeFiles/kernel.dir/thread_monitor.c.obj
[chinchou:rw] [348/388] Building C object CMakeFiles/app.dir/src/ite_i2c.c.obj
[/mnt/host/source/src/platform/ec/build/zephyr/krabby-lcov]   /mnt/host/source/src/platform/ec/build/zephyr/krabby/build-rw/zephyr/CMakeFiles/zephyr.dir/lib/libc/validate_libc.c.gcno:no functions found
[/mnt/host/source/src/platform/ec/build/zephyr/krabby-lcov] stderr:
[trulo-ish:singleimage] [66/266] Building C object zephyr/CMakeFiles/zephyr.dir/lib/libc/validate_libc.c.obj
[chinchou:rw] [349/388] Linking C static library modules/ec/zephyr/libec_shim.a
[geralt:rw] [42/371] Building C object CMakeFiles/app.dir/mnt/host/source/src/platform/ec/build/zephyr/geralt/modules/ec/common/cbi_config.c.obj
[ite-aic:ro] [55/261] Building C object zephyr/CMakeFiles/zephyr.dir/lib/os/cbprintf.c.obj
[chinchou:rw] [350/388] Building C object CMakeFiles/app.dir/src/ite_usb_pd_policy.c.obj
[ite-aic:ro] [56/261] Building C object zephyr/CMakeFiles/zephyr.dir/lib/os/assert.c.obj
[trulo-ish:singleimage] [67/266] Building C object zephyr/CMakeFiles/zephyr.dir/lib/cpp/abi/cpp_dtors.c.obj
[ite-aic:rw] [255/261] Building C object zephyr/kernel/CMakeFiles/kernel.dir/timeout.c.obj
[ite-aic:rw] [256/261] Building C object zephyr/kernel/CMakeFiles/kernel.dir/timer.c.obj
[ite-aic:ro] [57/261] Building C object zephyr/CMakeFiles/zephyr.dir/lib/utils/dec.c.obj
[chinchou:rw] [351/388] Building C object CMakeFiles/app.dir/src/ite_usbc.c.obj
[ite-aic:rw] [257/261] Building C object zephyr/kernel/CMakeFiles/kernel.dir/poll.c.obj
[ite-aic:rw] [258/261] Building C object zephyr/kernel/CMakeFiles/kernel.dir/events.c.obj
[ite-aic:ro] [58/261] Building C object zephyr/CMakeFiles/zephyr.dir/lib/utils/hex.c.obj
[chinchou:rw] [352/388] Building C object CMakeFiles/app.dir/chinchou/src/thermal.c.obj
[chinchou:rw] [353/388] Building C object CMakeFiles/app.dir/chinchou/src/board.c.obj
[chinchou:rw] [354/388] Building C object CMakeFiles/app.dir/chinchou/src/ppc.c.obj
[chinchou:rw] [355/388] Building C object zephyr/kernel/CMakeFiles/kernel.dir/banner.c.obj
[chinchou:rw] [356/388] Building C object zephyr/kernel/CMakeFiles/kernel.dir/main_weak.c.obj
[chinchou:rw] [357/388] Building C object zephyr/kernel/CMakeFiles/kernel.dir/busy_wait.c.obj
[trulo-ish:singleimage] [68/266] Building C object zephyr/CMakeFiles/zephyr.dir/lib/heap/heap.c.obj
[ite-aic:rw] [259/261] Building C object zephyr/kernel/CMakeFiles/kernel.dir/mempool.c.obj
Running (initial) lcov on /mnt/host/source/src/platform/ec/build/zephyr/meliks.
[ite-aic:rw] [260/261] Building C object zephyr/kernel/CMakeFiles/kernel.dir/dynamic_disabled.c.obj
[geralt:rw] [43/371] Building C object CMakeFiles/app.dir/mnt/host/source/src/platform/ec/build/zephyr/geralt/modules/ec/common/memory_commands.c.obj
[chinchou:rw] [358/388] Linking C static library app/libapp.a
[ite-aic:rw] [261/261] Linking C static library zephyr/kernel/libkernel.a
[ite-aic:ro] [59/261] Building C object zephyr/CMakeFiles/zephyr.dir/lib/utils/timeutil.c.obj
[sundance:rw] Building: /usr/bin/ninja -C /mnt/host/source/src/platform/ec/build/zephyr/sundance/build-rw all.libraries
Running `env -i SHELL=/bin/bash COLORTERM=truecolor DEPOT_TOOLS_UPDATE=0 LESS='-R -M --shift 5' SUDO_GID=0 JDK_HOME=/etc/java-config-2/current-system-vm CONFIG_PROTECT_MASK='/etc/gentoo-release /etc/sandbox.d /etc/fonts/fonts.conf /etc/terminfo /etc/ca-certificates.conf /etc/revdep-rebuild' CHROMEOS_CACHEDIR=/var/cache/chromeos-cache JAVA_HOME=/etc/java-config-2/current-system-vm SSH_AUTH_SOCK=/tmp/ssh-auth-sock SUDO_COMMAND=/bin/bash SUDO_USER=root SUDO_TTY=/dev/pts/2 EDITOR=/usr/bin/vi PWD=/mnt/host/source/src/platform/ec CONFIG_PROTECT=/usr/share/gnupg/qualified.txt LOGNAME=jpmurphy MANPATH=/etc/java-config-2/current-system-vm/man:/usr/local/share/man:/usr/share/man:/usr/share/gcc-data/x86_64-pc-linux-gnu/10.2.0/man:/usr/share/binutils-data/x86_64-pc-linux-gnu/2.45/man:/etc/java-config-2/current-system-vm/man/ SUDO_HOME=/root XAUTHORITY=/run/user/944457/gdm/Xauthority HOME=/home/jpmurphy LANG=C.UTF-8 LS_COLORS='rs=0:di=01;34:ln=01;36:mh=00:pi=40;33:so=01;35:do=01;35:bd=40;33;01:cd=40;33;01:or=01;05;37;41:mi=01;05;37;41:su=37;41:sg=30;43:ca=30;41:tw=30;42:ow=34;42:st=37;44:ex=01;32:*.tar=01;31:*.tgz=01;31:*.arc=01;31:*.arj=01;31:*.taz=01;31:*.lha=01;31:*.lz4=01;31:*.lzh=01;31:*.lzma=01;31:*.tlz=01;31:*.txz=01;31:*.tzo=01;31:*.t7z=01;31:*.zip=01;31:*.z=01;31:*.dz=01;31:*.gz=01;31:*.lrz=01;31:*.lz=01;31:*.lzo=01;31:*.xz=01;31:*.zst=01;31:*.tzst=01;31:*.bz2=01;31:*.bz=01;31:*.tbz=01;31:*.tbz2=01;31:*.tz=01;31:*.deb=01;31:*.rpm=01;31:*.jar=01;31:*.war=01;31:*.ear=01;31:*.sar=01;31:*.rar=01;31:*.alz=01;31:*.ace=01;31:*.zoo=01;31:*.cpio=01;31:*.7z=01;31:*.rz=01;31:*.cab=01;31:*.wim=01;31:*.swm=01;31:*.dwm=01;31:*.esd=01;31:*.jpg=01;35:*.jpeg=01;35:*.mjpg=01;35:*.mjpeg=01;35:*.gif=01;35:*.bmp=01;35:*.pbm=01;35:*.pgm=01;35:*.ppm=01;35:*.tga=01;35:*.xbm=01;35:*.xpm=01;35:*.tif=01;35:*.tiff=01;35:*.png=01;35:*.svg=01;35:*.svgz=01;35:*.mng=01;35:*.pcx=01;35:*.mov=01;35:*.mpg=01;35:*.mpeg=01;35:*.m2v=01;35:*.mkv=01;35:*.webm=01;35:*.webp=01;35:*.ogm=01;35:*.mp4=01;35:*.m4v=01;35:*.mp4v=01;35:*.vob=01;35:*.qt=01;35:*.nuv=01;35:*.wmv=01;35:*.asf=01;35:*.rm=01;35:*.rmvb=01;35:*.flc=01;35:*.avi=01;35:*.fli=01;35:*.flv=01;35:*.gl=01;35:*.dl=01;35:*.xcf=01;35:*.xwd=01;35:*.yuv=01;35:*.cgm=01;35:*.emf=01;35:*.ogv=01;35:*.ogx=01;35:*.cfg=00;32:*.conf=00;32:*.diff=00;32:*.doc=00;32:*.ini=00;32:*.log=00;32:*.patch=00;32:*.pdf=00;32:*.ps=00;32:*.tex=00;32:*.txt=00;32:*.aac=00;36:*.au=00;36:*.flac=00;36:*.m4a=00;36:*.mid=00;36:*.midi=00;36:*.mka=00;36:*.mp3=00;36:*.mpc=00;36:*.ogg=00;36:*.ra=00;36:*.wav=00;36:*.oga=00;36:*.opus=00;36:*.spx=00;36:*.xspf=00;36:' XDG_CURRENT_DESKTOP=GNOME INFOPATH=/usr/share/info:/usr/share/gcc-data/x86_64-pc-linux-gnu/10.2.0/info:/usr/share/binutils-data/x86_64-pc-linux-gnu/2.45/info:/usr/share/automake-1.16.5/info JAVAC=/etc/java-config-2/current-system-vm/bin/javac TERM=xterm-256color LESSOPEN='|lesspipe %s' USER=jpmurphy CROS_WORKON_SRCROOT=/mnt/host/source MANPAGER=manpager DISPLAY=:1 SHLVL=1 LC_MESSAGES=C EXTERNAL_TRUNK_PATH=/mnt/8f9d649a-3721-44cc-93c0-e6bd21a9689f/chromiumos GCC_SPECS='' PATH=/mnt/host/source/chromite/bin:/usr/local/bin:/usr/bin:/bin:/opt/bin:/mnt/host/source/chromite/sdk/bin:/mnt/host/source/chromite/bin PORTAGE_USERNAME=jpmurphy SUDO_UID=0 GCC_VER=10.2.0 MAIL=/var/mail/jpmurphy OLDPWD=/mnt/host/source/src/scripts traceparent=00-e87aca51550a78635907baa6a2476181-6d684811675d2973-01 _=./zephyr/firmware_builder.py COREBOOT_SDK_ROOT_x86=/home/jpmurphy/.cache/coreboot-sdk/i386-elf/dfbb0486385d938cfa9d73080b9d18d598ed4f49 COREBOOT_SDK_ROOT_picolibc_x86=/home/jpmurphy/.cache/coreboot-sdk/picolibc-i386-elf/eb8e8e687b95461de8cbf278f1c2076952d0ad17 COREBOOT_SDK_ROOT_riscv64=/home/jpmurphy/.cache/coreboot-sdk/riscv64-elf/96b949749225b6aaa92ed810ab769e8dfb12f000 COREBOOT_SDK_ROOT_picolibc_arm=/home/jpmurphy/.cache/coreboot-sdk/picolibc-arm-eabi/422a2aa3e1ef891b5bece9a3deb696ff83840d2e COREBOOT_SDK_ROOT_nds32=/home/jpmurphy/.cache/coreboot-sdk/nds32le-elf/d1a518c4a097666d86058e1444f85ca015d15511 COREBOOT_SDK_ROOT_picolibc_riscv64=/home/jpmurphy/.cache/coreboot-sdk/picolibc-riscv64-elf/f571e990ef0278564b31124f8bb109d9a697eb69 COREBOOT_SDK_ROOT_arm=/home/jpmurphy/.cache/coreboot-sdk/arm-eabi/ea40ddd1d190c3b48435c474c0b545719371813a COREBOOT_SDK_ROOT_libstdcxx_riscv64=/home/jpmurphy/.cache/coreboot-sdk/libstdcxx-riscv64-elf/17abf22a3a252e2d5d2062ced5324f7a623689e0 COREBOOT_SDK_ROOT_libstdcxx_arm=/home/jpmurphy/.cache/coreboot-sdk/libstdcxx-arm-eabi/5d7d82e150e44aa1968f1d366e267e6687b328ac COREBOOT_SDK_ROOT_riscv=/home/jpmurphy/.cache/coreboot-sdk/riscv-elf/9a27b9e82341c6e9126624f516ab3f261abb3e73 COREBOOT_SDK_ROOT_libstdcxx_x86=/home/jpmurphy/.cache/coreboot-sdk/libstdcxx-i386-elf/42ef9d2e87a76a37963175d7d428734e65648b87 PYTHONPATH=/mnt/host/source/src/platform/ec/zephyr/zmake PW_PIGWEED_CIPD_INSTALL_DIR=/usr CROSTC_USER_ACKNOWLEDGES_THAT_RISCV_IS_EXPERIMENTAL=1 MAKEFLAGS=' -j16 --jobserver-auth=5,6' /usr/bin/ninja -C /mnt/host/source/src/platform/ec/build/zephyr/sundance/build-rw all.libraries`
[sundance:rw] ninja: Entering directory `/mnt/host/source/src/platform/ec/build/zephyr/sundance/build-rw'
[chinchou:rw] [359/388] Building C object zephyr/kernel/CMakeFiles/kernel.dir/version.c.obj
[ite-aic:ro] [60/261] Building C object zephyr/CMakeFiles/zephyr.dir/lib/utils/rb.c.obj
Running `env -i PYTHONPATH=/usr/lib64/python-exec/python3.11:/mnt/host/source/src/platform/ec/zephyr/zmake:/usr/lib/python311.zip:/usr/lib/python3.11:/usr/lib/python3.11/lib-dynload:/usr/lib/python3.11/site-packages PW_PIGWEED_CIPD_INSTALL_DIR=/usr CROSTC_USER_ACKNOWLEDGES_THAT_RISCV_IS_EXPERIMENTAL=1 PATH=/mnt/host/source/chromite/bin:/usr/local/bin:/usr/bin:/bin:/opt/bin:/mnt/host/source/chromite/sdk/bin:/mnt/host/source/chromite/bin HOME=/home/jpmurphy JAVA_HOME=/etc/java-config-2/current-system-vm JDK_HOME=/etc/java-config-2/current-system-vm JAVAC=/etc/java-config-2/current-system-vm/bin/javac MAKEFLAGS=' -j16 --jobserver-auth=5,6' /usr/bin/lcov --gcov-tool /mnt/host/source/src/platform/ec/build/zephyr/meliks/build-rw/gcov.sh -q -o - -c -d /mnt/host/source/src/platform/ec/build/zephyr/meliks -t meliks --rc branch_coverage=1 --filter range --ignore-errors inconsistent,source --ignore-errors gcov,gcov -i`
[chinchou:rw] [360/388] Building C object zephyr/kernel/CMakeFiles/kernel.dir/device.c.obj
[/mnt/host/source/src/platform/ec/build/zephyr/krabby-lcov]   /mnt/host/source/src/platform/ec/build/zephyr/krabby/build-rw/zephyr/CMakeFiles/zephyr.dir/lib/utils/last_section_id.c.gcno:no functions found
[/mnt/host/source/src/platform/ec/build/zephyr/krabby-lcov] stderr:
[trulo-ish:singleimage] [69/266] Building C object zephyr/CMakeFiles/zephyr.dir/lib/os/cbprintf_packaged.c.obj
[chinchou:rw] [361/388] Building C object zephyr/kernel/CMakeFiles/kernel.dir/errno.c.obj
[ite-aic:ro] [61/261] Building C object zephyr/CMakeFiles/zephyr.dir/lib/utils/bitarray.c.obj
[chinchou:rw] [362/388] Building C object zephyr/kernel/CMakeFiles/kernel.dir/kheap.c.obj
[ite-aic:ro] [62/261] Building C object zephyr/CMakeFiles/zephyr.dir/lib/utils/bitmask.c.obj
[chinchou:rw] [363/388] Building C object zephyr/kernel/CMakeFiles/kernel.dir/fatal.c.obj
[chinchou:rw] [364/388] Building C object zephyr/kernel/CMakeFiles/kernel.dir/mem_slab.c.obj
[chinchou:rw] [365/388] Building C object zephyr/kernel/CMakeFiles/kernel.dir/init.c.obj
[chinchou:rw] [366/388] Building C object zephyr/kernel/CMakeFiles/kernel.dir/float.c.obj
[geralt:rw] [44/371] Building C object CMakeFiles/app.dir/mnt/host/source/src/platform/ec/build/zephyr/geralt/modules/ec/common/chipset.c.obj
[ite-aic:ro] [63/261] Building C object zephyr/CMakeFiles/zephyr.dir/lib/utils/ring_buffer.c.obj
[ite-aic:ro] [64/261] Building C object zephyr/CMakeFiles/zephyr.dir/lib/utils/getopt/getopt.c.obj
[sundance:rw] [1/408] Generating include/generated/zephyr/version.h
[sundance:rw] -- git describe warned: warning: tag 'upstream/v2.7.99' is externally known as 'v2.7.99'
[sundance:rw] -- Zephyr version: 4.3.99 (/mnt/host/source/src/third_party/zephyr/main)
[sundance:rw] [2/408] Preparing syscall dependency handling
[ite-aic:ro] [65/261] Building C object zephyr/CMakeFiles/zephyr.dir/lib/utils/last_section_id.c.obj
[chinchou:rw] [367/388] Building C object zephyr/kernel/CMakeFiles/kernel.dir/idle.c.obj
[sundance:rw] [3/408] Generating misc/generated/syscalls_subdirs.trigger
[ite-aic:ro] [66/261] Building C object zephyr/CMakeFiles/zephyr.dir/lib/utils/getopt/getopt_common.c.obj
[chinchou:rw] [368/388] Building C object zephyr/kernel/CMakeFiles/kernel.dir/mailbox.c.obj
[trulo-ish:singleimage] [70/266] Building C object zephyr/CMakeFiles/zephyr.dir/lib/os/clock.c.obj
[ite-aic:ro] [67/261] Building C object zephyr/CMakeFiles/zephyr.dir/misc/generated/configs.c.obj
[chinchou:rw] [369/388] Building C object zephyr/kernel/CMakeFiles/kernel.dir/mutex.c.obj
[chinchou:rw] [370/388] Building C object zephyr/kernel/CMakeFiles/kernel.dir/queue.c.obj
[chinchou:rw] [371/388] Building C object zephyr/kernel/CMakeFiles/kernel.dir/msg_q.c.obj
[chinchou:rw] [372/388] Building C object zephyr/kernel/CMakeFiles/kernel.dir/stack.c.obj
[ite-aic:ro] [68/261] Building ASM object zephyr/CMakeFiles/zephyr.dir/soc/ite/ec/common/soc_irq.S.obj
[chinchou:rw] [373/388] Building C object zephyr/kernel/CMakeFiles/kernel.dir/sem.c.obj
[/mnt/host/source/src/platform/ec/build/zephyr/meliks-lcov] geninfo: WARNING: using JSON module "JSON::PP" - which is much slower than some alternatives.  Consider installing one of JSON::XS or Cpanel::JSON::XS
[chinchou:rw] [374/388] Building C object zephyr/kernel/CMakeFiles/kernel.dir/system_work_q.c.obj
[trulo-ish:singleimage] [71/266] Building C object zephyr/CMakeFiles/zephyr.dir/lib/os/printk.c.obj
[geralt:rw] [45/371] Building C object CMakeFiles/app.dir/mnt/host/source/src/platform/ec/build/zephyr/geralt/modules/ec/common/ap_reset_log.c.obj
[ite-aic:ro] [69/261] Building C object zephyr/CMakeFiles/zephyr.dir/soc/ite/ec/common/soc_common_irq.c.obj
[chinchou:rw] [375/388] Building C object zephyr/kernel/CMakeFiles/kernel.dir/work.c.obj
[ite-aic:ro] [70/261] Building C object zephyr/CMakeFiles/zephyr.dir/soc/ite/ec/common/power.c.obj
[ite-aic:ro] [71/261] Building C object zephyr/CMakeFiles/zephyr.dir/soc/ite/ec/common/policy.c.obj
[chinchou:rw] [376/388] Building C object zephyr/kernel/CMakeFiles/kernel.dir/condvar.c.obj
[sundance:rw] [4/408] Generating misc/generated/syscalls.json, misc/generated/struct_tags.json
[chinchou:rw] [377/388] Building C object zephyr/kernel/CMakeFiles/kernel.dir/pipe.c.obj
[chinchou:rw] [378/388] Building C object zephyr/kernel/CMakeFiles/kernel.dir/spinlock_validate.c.obj
[chinchou:rw] [379/388] Building C object zephyr/kernel/CMakeFiles/kernel.dir/thread.c.obj
[chinchou:rw] [380/388] Building C object zephyr/kernel/CMakeFiles/kernel.dir/timeout.c.obj
[sundance:rw] [5/408] Generating include/generated/zephyr/syscall_dispatch.c, include/generated/zephyr/syscall_exports_llext.c, syscall_weakdefs_llext.c, include/generated/zephyr/syscall_list.h
[chinchou:rw] [381/388] Building C object zephyr/kernel/CMakeFiles/kernel.dir/thread_monitor.c.obj
[trulo-ish:singleimage] [72/266] Building C object zephyr/CMakeFiles/zephyr.dir/lib/os/sem.c.obj
[chinchou:rw] [382/388] Building C object zephyr/kernel/CMakeFiles/kernel.dir/sched.c.obj
[ite-aic:ro] [72/261] Building ASM object zephyr/CMakeFiles/zephyr.dir/soc/ite/ec/it8xxx2/vector.S.obj
[sundance:rw] [6/408] Generating include/generated/zephyr/driver-validation.h
[ite-aic:ro] [73/261] Building C object zephyr/CMakeFiles/zephyr.dir/soc/ite/ec/it8xxx2/check_regs.c.obj
[ite-aic:ro] [74/261] Building C object zephyr/CMakeFiles/zephyr.dir/soc/ite/ec/it8xxx2/soc.c.obj
[sundance:rw] [7/408] Generating include/generated/device-api-sections.ld, include/generated/device-api-sections.cmake
[sundance:rw] [8/408] Generating include/generated/zephyr/kobj-types-enum.h, include/generated/zephyr/otype-to-str.h, include/generated/zephyr/otype-to-size.h
[geralt:rw] [46/371] Building C object CMakeFiles/app.dir/mnt/host/source/src/platform/ec/build/zephyr/geralt/modules/ec/common/extpower_common.c.obj
[chinchou:rw] [383/388] Building C object zephyr/kernel/CMakeFiles/kernel.dir/timer.c.obj
[sundance:rw] [9/408] cd /mnt/host/source/src/platform/ec/build/zephyr/sundance/build-rw/modules/ec/zephyr && PYTHONPATH=/mnt/host/source/src/platform/ec/build/zephyr/sundance/modules/ec/zephyr/zmake/ /usr/bin/python3.11 /mnt/host/source/src/platform/ec/build/zephyr/sundance/modules/ec/zephyr/zmake/zephyr_build_tools/generate_ec_version.py /mnt/host/source/src/platform/ec/build/zephyr/sundance/build-rw/modules/ec/zephyr/include/ec_version.h --name Zephyr-Kernel --version 16543.0.0 --static
[trulo-ish:singleimage] [73/266] Building C object zephyr/CMakeFiles/zephyr.dir/lib/os/thread_entry.c.obj
[/mnt/host/source/src/platform/ec/build/zephyr/meliks-lcov] stderr:
[sundance:rw] INFO:root:Using a static version string
[sundance:rw] INFO:root:Version string: Zephyr-Kernel-16543.0.0
[sundance:rw] INFO:root:Writing header to /mnt/host/source/src/platform/ec/build/zephyr/sundance/build-rw/modules/ec/zephyr/include/ec_version.h
[sundance:rw] [10/408] Building C object zephyr/drivers/sensor/CMakeFiles/drivers__sensor.dir/mnt/host/source/src/third_party/zephyr/main/misc/empty_file.c.obj
[sundance:rw] [11/408] Linking C static library zephyr/drivers/sensor/libdrivers__sensor.a
[chinchou:ro] Building: /usr/bin/ninja -C /mnt/host/source/src/platform/ec/build/zephyr/chinchou/build-ro all.libraries
[chinchou:rw] [384/388] Building C object zephyr/kernel/CMakeFiles/kernel.dir/poll.c.obj
[chinchou:rw] [385/388] Building C object zephyr/kernel/CMakeFiles/kernel.dir/dynamic_disabled.c.obj
[chinchou:rw] [386/388] Building C object zephyr/kernel/CMakeFiles/kernel.dir/mempool.c.obj
Running `env -i SHELL=/bin/bash COLORTERM=truecolor DEPOT_TOOLS_UPDATE=0 LESS='-R -M --shift 5' SUDO_GID=0 JDK_HOME=/etc/java-config-2/current-system-vm CONFIG_PROTECT_MASK='/etc/gentoo-release /etc/sandbox.d /etc/fonts/fonts.conf /etc/terminfo /etc/ca-certificates.conf /etc/revdep-rebuild' CHROMEOS_CACHEDIR=/var/cache/chromeos-cache JAVA_HOME=/etc/java-config-2/current-system-vm SSH_AUTH_SOCK=/tmp/ssh-auth-sock SUDO_COMMAND=/bin/bash SUDO_USER=root SUDO_TTY=/dev/pts/2 EDITOR=/usr/bin/vi PWD=/mnt/host/source/src/platform/ec CONFIG_PROTECT=/usr/share/gnupg/qualified.txt LOGNAME=jpmurphy MANPATH=/etc/java-config-2/current-system-vm/man:/usr/local/share/man:/usr/share/man:/usr/share/gcc-data/x86_64-pc-linux-gnu/10.2.0/man:/usr/share/binutils-data/x86_64-pc-linux-gnu/2.45/man:/etc/java-config-2/current-system-vm/man/ SUDO_HOME=/root XAUTHORITY=/run/user/944457/gdm/Xauthority HOME=/home/jpmurphy LANG=C.UTF-8 LS_COLORS='rs=0:di=01;34:ln=01;36:mh=00:pi=40;33:so=01;35:do=01;35:bd=40;33;01:cd=40;33;01:or=01;05;37;41:mi=01;05;37;41:su=37;41:sg=30;43:ca=30;41:tw=30;42:ow=34;42:st=37;44:ex=01;32:*.tar=01;31:*.tgz=01;31:*.arc=01;31:*.arj=01;31:*.taz=01;31:*.lha=01;31:*.lz4=01;31:*.lzh=01;31:*.lzma=01;31:*.tlz=01;31:*.txz=01;31:*.tzo=01;31:*.t7z=01;31:*.zip=01;31:*.z=01;31:*.dz=01;31:*.gz=01;31:*.lrz=01;31:*.lz=01;31:*.lzo=01;31:*.xz=01;31:*.zst=01;31:*.tzst=01;31:*.bz2=01;31:*.bz=01;31:*.tbz=01;31:*.tbz2=01;31:*.tz=01;31:*.deb=01;31:*.rpm=01;31:*.jar=01;31:*.war=01;31:*.ear=01;31:*.sar=01;31:*.rar=01;31:*.alz=01;31:*.ace=01;31:*.zoo=01;31:*.cpio=01;31:*.7z=01;31:*.rz=01;31:*.cab=01;31:*.wim=01;31:*.swm=01;31:*.dwm=01;31:*.esd=01;31:*.jpg=01;35:*.jpeg=01;35:*.mjpg=01;35:*.mjpeg=01;35:*.gif=01;35:*.bmp=01;35:*.pbm=01;35:*.pgm=01;35:*.ppm=01;35:*.tga=01;35:*.xbm=01;35:*.xpm=01;35:*.tif=01;35:*.tiff=01;35:*.png=01;35:*.svg=01;35:*.svgz=01;35:*.mng=01;35:*.pcx=01;35:*.mov=01;35:*.mpg=01;35:*.mpeg=01;35:*.m2v=01;35:*.mkv=01;35:*.webm=01;35:*.webp=01;35:*.ogm=01;35:*.mp4=01;35:*.m4v=01;35:*.mp4v=01;35:*.vob=01;35:*.qt=01;35:*.nuv=01;35:*.wmv=01;35:*.asf=01;35:*.rm=01;35:*.rmvb=01;35:*.flc=01;35:*.avi=01;35:*.fli=01;35:*.flv=01;35:*.gl=01;35:*.dl=01;35:*.xcf=01;35:*.xwd=01;35:*.yuv=01;35:*.cgm=01;35:*.emf=01;35:*.ogv=01;35:*.ogx=01;35:*.cfg=00;32:*.conf=00;32:*.diff=00;32:*.doc=00;32:*.ini=00;32:*.log=00;32:*.patch=00;32:*.pdf=00;32:*.ps=00;32:*.tex=00;32:*.txt=00;32:*.aac=00;36:*.au=00;36:*.flac=00;36:*.m4a=00;36:*.mid=00;36:*.midi=00;36:*.mka=00;36:*.mp3=00;36:*.mpc=00;36:*.ogg=00;36:*.ra=00;36:*.wav=00;36:*.oga=00;36:*.opus=00;36:*.spx=00;36:*.xspf=00;36:' XDG_CURRENT_DESKTOP=GNOME INFOPATH=/usr/share/info:/usr/share/gcc-data/x86_64-pc-linux-gnu/10.2.0/info:/usr/share/binutils-data/x86_64-pc-linux-gnu/2.45/info:/usr/share/automake-1.16.5/info JAVAC=/etc/java-config-2/current-system-vm/bin/javac TERM=xterm-256color LESSOPEN='|lesspipe %s' USER=jpmurphy CROS_WORKON_SRCROOT=/mnt/host/source MANPAGER=manpager DISPLAY=:1 SHLVL=1 LC_MESSAGES=C EXTERNAL_TRUNK_PATH=/mnt/8f9d649a-3721-44cc-93c0-e6bd21a9689f/chromiumos GCC_SPECS='' PATH=/mnt/host/source/chromite/bin:/usr/local/bin:/usr/bin:/bin:/opt/bin:/mnt/host/source/chromite/sdk/bin:/mnt/host/source/chromite/bin PORTAGE_USERNAME=jpmurphy SUDO_UID=0 GCC_VER=10.2.0 MAIL=/var/mail/jpmurphy OLDPWD=/mnt/host/source/src/scripts traceparent=00-e87aca51550a78635907baa6a2476181-6d684811675d2973-01 _=./zephyr/firmware_builder.py COREBOOT_SDK_ROOT_x86=/home/jpmurphy/.cache/coreboot-sdk/i386-elf/dfbb0486385d938cfa9d73080b9d18d598ed4f49 COREBOOT_SDK_ROOT_picolibc_x86=/home/jpmurphy/.cache/coreboot-sdk/picolibc-i386-elf/eb8e8e687b95461de8cbf278f1c2076952d0ad17 COREBOOT_SDK_ROOT_riscv64=/home/jpmurphy/.cache/coreboot-sdk/riscv64-elf/96b949749225b6aaa92ed810ab769e8dfb12f000 COREBOOT_SDK_ROOT_picolibc_arm=/home/jpmurphy/.cache/coreboot-sdk/picolibc-arm-eabi/422a2aa3e1ef891b5bece9a3deb696ff83840d2e COREBOOT_SDK_ROOT_nds32=/home/jpmurphy/.cache/coreboot-sdk/nds32le-elf/d1a518c4a097666d86058e1444f85ca015d15511 COREBOOT_SDK_ROOT_picolibc_riscv64=/home/jpmurphy/.cache/coreboot-sdk/picolibc-riscv64-elf/f571e990ef0278564b31124f8bb109d9a697eb69 COREBOOT_SDK_ROOT_arm=/home/jpmurphy/.cache/coreboot-sdk/arm-eabi/ea40ddd1d190c3b48435c474c0b545719371813a COREBOOT_SDK_ROOT_libstdcxx_riscv64=/home/jpmurphy/.cache/coreboot-sdk/libstdcxx-riscv64-elf/17abf22a3a252e2d5d2062ced5324f7a623689e0 COREBOOT_SDK_ROOT_libstdcxx_arm=/home/jpmurphy/.cache/coreboot-sdk/libstdcxx-arm-eabi/5d7d82e150e44aa1968f1d366e267e6687b328ac COREBOOT_SDK_ROOT_riscv=/home/jpmurphy/.cache/coreboot-sdk/riscv-elf/9a27b9e82341c6e9126624f516ab3f261abb3e73 COREBOOT_SDK_ROOT_libstdcxx_x86=/home/jpmurphy/.cache/coreboot-sdk/libstdcxx-i386-elf/42ef9d2e87a76a37963175d7d428734e65648b87 PYTHONPATH=/mnt/host/source/src/platform/ec/zephyr/zmake PW_PIGWEED_CIPD_INSTALL_DIR=/usr CROSTC_USER_ACKNOWLEDGES_THAT_RISCV_IS_EXPERIMENTAL=1 MAKEFLAGS=' -j16 --jobserver-auth=5,6' /usr/bin/ninja -C /mnt/host/source/src/platform/ec/build/zephyr/chinchou/build-ro all.libraries`
[chinchou:ro] ninja: Entering directory `/mnt/host/source/src/platform/ec/build/zephyr/chinchou/build-ro'
[chinchou:rw] [387/388] Building C object zephyr/kernel/CMakeFiles/kernel.dir/events.c.obj
[/mnt/host/source/src/platform/ec/build/zephyr/meliks-lcov]   /mnt/host/source/src/platform/ec/build/zephyr/meliks/build-ro/modules/ec/zephyr/CMakeFiles/ec_shim.dir/shim/src/thermal.c.gcno:no functions found
[/mnt/host/source/src/platform/ec/build/zephyr/meliks-lcov] stderr:
[chinchou:rw] [388/388] Linking C static library zephyr/kernel/libkernel.a
[trulo-ish:singleimage] [74/266] Building C object zephyr/CMakeFiles/zephyr.dir/lib/os/cbprintf_nano.c.obj
[ite-aic:ro] [75/261] Building C object zephyr/CMakeFiles/zephyr.dir/soc/ite/ec/it8xxx2/ilm.c.obj
[trulo-ish:singleimage] [75/266] Building C object zephyr/CMakeFiles/zephyr.dir/lib/os/assert.c.obj
[ite-aic:ro] [76/261] Building C object zephyr/CMakeFiles/zephyr.dir/subsys/logging/log_minimal.c.obj
[geralt:rw] [47/371] Building C object CMakeFiles/app.dir/mnt/host/source/src/platform/ec/build/zephyr/geralt/modules/ec/common/extpower_gpio.c.obj
[ite-aic:ro] [77/261] Building C object zephyr/CMakeFiles/zephyr.dir/subsys/pm/pm.c.obj
[trulo-ish:singleimage] [76/266] Building C object zephyr/CMakeFiles/zephyr.dir/lib/utils/dec.c.obj
[/mnt/host/source/src/platform/ec/build/zephyr/meliks-lcov]   /mnt/host/source/src/platform/ec/build/zephyr/meliks/build-ro/modules/ec/zephyr/CMakeFiles/ec_shim.dir/shim/src/battery.c.gcno:no functions found
[/mnt/host/source/src/platform/ec/build/zephyr/meliks-lcov] stderr:
[trulo-ish:singleimage] [77/266] Building C object zephyr/CMakeFiles/zephyr.dir/lib/os/reboot.c.obj
[minimal-npcx9:ro] Configuring.
[sundance:rw] [12/408] Building C object zephyr/CMakeFiles/offsets.dir/arch/arm/core/offsets/offsets.c.obj
Running `env -i PYTHONPATH=/usr/lib64/python-exec/python3.11:/mnt/host/source/src/platform/ec/zephyr/zmake:/usr/lib/python311.zip:/usr/lib/python3.11:/usr/lib/python3.11/lib-dynload:/usr/lib/python3.11/site-packages PW_PIGWEED_CIPD_INSTALL_DIR=/usr CROSTC_USER_ACKNOWLEDGES_THAT_RISCV_IS_EXPERIMENTAL=1 PATH=/mnt/host/source/chromite/bin:/usr/local/bin:/usr/bin:/bin:/opt/bin:/mnt/host/source/chromite/sdk/bin:/mnt/host/source/chromite/bin HOME=/home/jpmurphy JAVA_HOME=/etc/java-config-2/current-system-vm JDK_HOME=/etc/java-config-2/current-system-vm JAVAC=/etc/java-config-2/current-system-vm/bin/javac MAKEFLAGS=' -j16 --jobserver-auth=5,6' /usr/bin/cmake -S /mnt/host/source/src/platform/ec/zephyr/program/minimal -B /mnt/host/source/src/platform/ec/build/zephyr/minimal-npcx9/build-ro -GNinja -DCMAKE_EXPORT_COMPILE_COMMANDS=ON -DZEPHYR_BASE=/mnt/host/source/src/third_party/zephyr/main -DZMAKE_INCLUDE_DIR=/mnt/host/source/src/platform/ec/build/zephyr/minimal-npcx9/include -DPython3_EXECUTABLE=/usr/bin/python3.11 -DDTS_ROOT=/mnt/host/source/src/platform/ec/zephyr -DSYSCALL_INCLUDE_DIRS=/mnt/host/source/src/platform/ec/zephyr/include/drivers -DUSER_CACHE_DIR=/mnt/host/source/src/platform/ec/build/zephyr/user-cache '-DEXTRA_EC_VERSION_FLAGS=--version 16543.0.0 --static' -DTOOLCHAIN_ROOT=/mnt/host/source/src/platform/ec/zephyr -DCOREBOOT_SDK_ROOT_x86=/home/jpmurphy/.cache/coreboot-sdk/i386-elf/dfbb0486385d938cfa9d73080b9d18d598ed4f49 -DCOREBOOT_SDK_ROOT_picolibc_x86=/home/jpmurphy/.cache/coreboot-sdk/picolibc-i386-elf/eb8e8e687b95461de8cbf278f1c2076952d0ad17 -DCOREBOOT_SDK_ROOT_riscv64=/home/jpmurphy/.cache/coreboot-sdk/riscv64-elf/96b949749225b6aaa92ed810ab769e8dfb12f000 -DCOREBOOT_SDK_ROOT_picolibc_arm=/home/jpmurphy/.cache/coreboot-sdk/picolibc-arm-eabi/422a2aa3e1ef891b5bece9a3deb696ff83840d2e -DCOREBOOT_SDK_ROOT_nds32=/home/jpmurphy/.cache/coreboot-sdk/nds32le-elf/d1a518c4a097666d86058e1444f85ca015d15511 -DCOREBOOT_SDK_ROOT_picolibc_riscv64=/home/jpmurphy/.cache/coreboot-sdk/picolibc-riscv64-elf/f571e990ef0278564b31124f8bb109d9a697eb69 -DCOREBOOT_SDK_ROOT_arm=/home/jpmurphy/.cache/coreboot-sdk/arm-eabi/ea40ddd1d190c3b48435c474c0b545719371813a -DCOREBOOT_SDK_ROOT_libstdcxx_riscv64=/home/jpmurphy/.cache/coreboot-sdk/libstdcxx-riscv64-elf/17abf22a3a252e2d5d2062ced5324f7a623689e0 -DCOREBOOT_SDK_ROOT_libstdcxx_arm=/home/jpmurphy/.cache/coreboot-sdk/libstdcxx-arm-eabi/5d7d82e150e44aa1968f1d366e267e6687b328ac -DCOREBOOT_SDK_ROOT_riscv=/home/jpmurphy/.cache/coreboot-sdk/riscv-elf/9a27b9e82341c6e9126624f516ab3f261abb3e73 -DCOREBOOT_SDK_ROOT_libstdcxx_x86=/home/jpmurphy/.cache/coreboot-sdk/libstdcxx-i386-elf/42ef9d2e87a76a37963175d7d428734e65648b87 -DZEPHYR_TOOLCHAIN_VARIANT=coreboot-sdk '-DZEPHYR_MODULES=/mnt/host/source/src/platform/ec/build/zephyr/minimal-npcx9/modules/cmsis;/mnt/host/source/src/platform/ec/build/zephyr/minimal-npcx9/modules/cmsis_6;/mnt/host/source/src/platform/ec/build/zephyr/minimal-npcx9/modules/ec' -DDTC_OVERLAY_FILE=/mnt/host/source/src/platform/ec/zephyr/program/minimal/npcx9.dts -DBOARD=npcx9/npcx9m3f -DCMAKE_C_FLAGS=-DSECTION_IS_RO '-DCONF_FILE=/mnt/host/source/src/platform/ec/zephyr/program/minimal/prj.conf;/mnt/host/source/src/platform/ec/build/zephyr/minimal-npcx9/kconfig-ro.conf'`
[trulo-ish:singleimage] [78/266] Building C object zephyr/CMakeFiles/zephyr.dir/lib/os/mpsc_pbuf.c.obj
[minimal-npcx9:ro] Loading Zephyr default modules (Zephyr base (cached)).
[minimal-npcx9:ro] -- Application: /mnt/host/source/src/platform/ec/zephyr/program/minimal
[minimal-npcx9:ro] -- CMake version: 3.31.7
[/mnt/host/source/src/platform/ec/build/zephyr/meliks-lcov]   /mnt/host/source/src/platform/ec/build/zephyr/meliks/build-ro/modules/ec/zephyr/CMakeFiles/ec_shim.dir/shim/src/charger.c.gcno:no functions found
[/mnt/host/source/src/platform/ec/build/zephyr/meliks-lcov] stderr:
[trulo-ish:singleimage] [79/266] Building C object zephyr/CMakeFiles/zephyr.dir/lib/utils/hex.c.obj
[chinchou:ro] [1/388] Generating include/generated/zephyr/version.h
[ite-aic:ro] [78/261] Building C object zephyr/CMakeFiles/zephyr.dir/subsys/pm/state.c.obj
[chinchou:ro] -- git describe warned: warning: tag 'upstream/v2.7.99' is externally known as 'v2.7.99'
[chinchou:ro] -- Zephyr version: 4.3.99 (/mnt/host/source/src/third_party/zephyr/main)
[chinchou:ro] [2/388] Preparing syscall dependency handling
[sundance:rw] [13/408] Generating include/generated/zephyr/offsets.h
[trulo-ish:singleimage] [80/266] Building C object zephyr/CMakeFiles/zephyr.dir/lib/utils/bitmask.c.obj
[trulo-ish:singleimage] [81/266] Building C object zephyr/CMakeFiles/zephyr.dir/lib/utils/rb.c.obj
[geralt:rw] [48/371] Building C object CMakeFiles/app.dir/mnt/host/source/src/platform/ec/build/zephyr/geralt/modules/ec/common/flash.c.obj
[chinchou:ro] [3/388] Generating misc/generated/syscalls_subdirs.trigger
[trulo-ish:singleimage] [82/266] Building C object zephyr/CMakeFiles/zephyr.dir/lib/utils/timeutil.c.obj
[minimal-npcx9:ro] -- Found Python3: /usr/bin/python3.11 (found suitable version "3.11.11", minimum required is "3.10") found components: Interpreter
[minimal-npcx9:ro] -- Cache files will be written to: /mnt/host/source/src/platform/ec/build/zephyr/user-cache
[geralt:rw] [49/371] Building C object CMakeFiles/app.dir/mnt/host/source/src/platform/ec/build/zephyr/geralt/modules/ec/common/host_command.c.obj
[minimal-npcx9:ro] -- Zephyr version: 4.3.99 (/mnt/host/source/src/third_party/zephyr/main)
[ite-aic:ro] [79/261] Building C object zephyr/CMakeFiles/zephyr.dir/subsys/pm/policy/policy_events.c.obj
[ite-aic:ro] [80/261] Building C object zephyr/CMakeFiles/zephyr.dir/subsys/pm/policy/policy_latency.c.obj
[trulo-ish:singleimage] [83/266] Building C object zephyr/CMakeFiles/zephyr.dir/lib/utils/bitarray.c.obj
[trulo-ish:singleimage] [84/266] Building C object zephyr/CMakeFiles/zephyr.dir/lib/utils/getopt/getopt.c.obj
[trulo-ish:singleimage] [85/266] Building C object zephyr/CMakeFiles/zephyr.dir/misc/generated/configs.c.obj
[geralt:rw] [50/371] Building C object CMakeFiles/app.dir/mnt/host/source/src/platform/ec/build/zephyr/geralt/modules/ec/common/host_event_commands.c.obj
[trulo-ish:singleimage] [86/266] Building C object zephyr/CMakeFiles/zephyr.dir/lib/utils/ring_buffer.c.obj
[trulo-ish:singleimage] [87/266] Building C object zephyr/CMakeFiles/zephyr.dir/lib/utils/getopt/getopt_common.c.obj
[ite-aic:ro] [81/261] Building C object zephyr/CMakeFiles/zephyr.dir/subsys/pm/policy/policy_state_lock.c.obj
[trulo-ish:singleimage] [88/266] Building C object zephyr/CMakeFiles/zephyr.dir/soc/intel/intel_ish/intel_ish5/soc.c.obj
[trulo-ish:singleimage] [89/266] Building C object zephyr/CMakeFiles/zephyr.dir/subsys/logging/log_cache.c.obj
[geralt:rw] [51/371] Building C object CMakeFiles/app.dir/mnt/host/source/src/platform/ec/build/zephyr/geralt/modules/ec/common/uart_hostcmd.c.obj
[sundance:rw] [14/408] Building C object CMakeFiles/app.dir/mnt/host/source/src/platform/ec/zephyr/subsys/ap_pwrseq/ap_events.c.obj
[trulo-ish:singleimage] [90/266] Building C object zephyr/CMakeFiles/zephyr.dir/soc/intel/intel_ish/intel_ish5/pm/power.c.obj
[ite-aic:ro] [82/261] Building C object zephyr/CMakeFiles/zephyr.dir/subsys/pm/device_system_managed.c.obj
[ite-aic:ro] [83/261] Building C object zephyr/CMakeFiles/zephyr.dir/subsys/pm/device.c.obj
[geralt:rw] [52/371] Building C object CMakeFiles/app.dir/mnt/host/source/src/platform/ec/build/zephyr/geralt/modules/ec/common/uptime.c.obj
[trulo-ish:singleimage] [91/266] Building C object zephyr/CMakeFiles/zephyr.dir/subsys/logging/log_mgmt.c.obj
[chinchou:ro] [4/388] Generating misc/generated/syscalls.json, misc/generated/struct_tags.json
[trulo-ish:singleimage] [92/266] Building C object zephyr/CMakeFiles/zephyr.dir/subsys/logging/log_core.c.obj
[chinchou:ro] [5/388] Generating include/generated/zephyr/syscall_dispatch.c, include/generated/zephyr/syscall_exports_llext.c, syscall_weakdefs_llext.c, include/generated/zephyr/syscall_list.h
[ite-aic:ro] [84/261] Building C object zephyr/CMakeFiles/zephyr.dir/subsys/testsuite/coverage/coverage.c.obj
[trulo-ish:singleimage] [93/266] Building C object zephyr/CMakeFiles/zephyr.dir/subsys/logging/log_msg.c.obj
[trulo-ish:singleimage] [94/266] Building C object zephyr/CMakeFiles/zephyr.dir/subsys/logging/log_output.c.obj
[trulo-ish:singleimage] [95/266] Building C object zephyr/CMakeFiles/zephyr.dir/subsys/pm/state.c.obj
[/mnt/host/source/src/platform/ec/build/zephyr/meliks-lcov]   /mnt/host/source/src/platform/ec/build/zephyr/meliks/build-ro/modules/ec/zephyr/CMakeFiles/ec_shim.dir/shim/src/usb_muxes.c.gcno:no functions found
[/mnt/host/source/src/platform/ec/build/zephyr/meliks-lcov] stderr:
[geralt:rw] [53/371] Building C object CMakeFiles/app.dir/mnt/host/source/src/platform/ec/build/zephyr/geralt/modules/ec/common/i2c_controller.c.obj
[chinchou:ro] [6/388] Generating include/generated/zephyr/driver-validation.h
[trulo-ish:singleimage] [96/266] Building C object zephyr/CMakeFiles/zephyr.dir/subsys/pm/pm.c.obj
[ite-aic:ro] [85/261] Building C object zephyr/CMakeFiles/zephyr.dir/subsys/tracing/tracing_none.c.obj
[trulo-ish:singleimage] [97/266] Building C object zephyr/CMakeFiles/zephyr.dir/subsys/pm/policy/policy_events.c.obj
[chinchou:ro] [7/388] Generating include/generated/zephyr/kobj-types-enum.h, include/generated/zephyr/otype-to-str.h, include/generated/zephyr/otype-to-size.h
[ite-aic:ro] [86/261] Building C object zephyr/CMakeFiles/zephyr.dir/subsys/shell/modules/kernel_service/kernel_shell.c.obj
[minimal-npcx9:ro] -- Board: npcx9, qualifiers: npcx9m3f
[chinchou:ro] [8/388] Generating include/generated/device-api-sections.ld, include/generated/device-api-sections.cmake
[geralt:rw] [54/371] Building C object CMakeFiles/app.dir/mnt/host/source/src/platform/ec/build/zephyr/geralt/modules/ec/common/i2c_passthru.c.obj
[sundance:rw] [15/408] Building C object CMakeFiles/app.dir/mnt/host/source/src/platform/ec/zephyr/subsys/ap_pwrseq/ap_power_interface.c.obj
[trulo-ish:singleimage] [98/266] Building C object zephyr/CMakeFiles/zephyr.dir/subsys/pm/policy/policy_state_lock.c.obj
[trulo-ish:singleimage] [99/266] Building C object zephyr/CMakeFiles/zephyr.dir/subsys/pm/policy/policy_latency.c.obj
[geralt:rw] [55/371] Building C object CMakeFiles/app.dir/mnt/host/source/src/platform/ec/build/zephyr/geralt/modules/ec/common/virtual_battery.c.obj
[ite-aic:ro] [87/261] Building C object zephyr/CMakeFiles/zephyr.dir/subsys/shell/modules/kernel_service/cycles.c.obj
[trulo-ish:singleimage] [100/266] Building C object zephyr/CMakeFiles/zephyr.dir/subsys/pm/policy/policy_default.c.obj
[trulo-ish:singleimage] [101/266] Building C object zephyr/CMakeFiles/zephyr.dir/subsys/pm/device_system_managed.c.obj
[trulo-ish:singleimage] [102/266] Building C object zephyr/CMakeFiles/zephyr.dir/subsys/pm/device.c.obj
[ite-aic:ro] [88/261] Building C object zephyr/CMakeFiles/zephyr.dir/subsys/shell/modules/kernel_service/sleep.c.obj
[trulo-ish:singleimage] [103/266] Building C object zephyr/CMakeFiles/zephyr.dir/subsys/testsuite/coverage/coverage.c.obj
[trulo-ish:singleimage] [104/266] Building C object zephyr/CMakeFiles/zephyr.dir/subsys/tracing/tracing_none.c.obj
[trulo-ish:singleimage] [105/266] Building C object zephyr/CMakeFiles/zephyr.dir/subsys/shell/modules/kernel_service/kernel_shell.c.obj
[ite-aic:ro] [89/261] Building C object zephyr/CMakeFiles/zephyr.dir/subsys/shell/modules/kernel_service/uptime.c.obj
[trulo-ish:singleimage] [106/266] Building C object zephyr/CMakeFiles/zephyr.dir/subsys/shell/modules/kernel_service/cycles.c.obj
[chinchou:ro] [9/388] Building C object zephyr/CMakeFiles/offsets.dir/arch/riscv/core/offsets/offsets.c.obj
[ite-aic:ro] [90/261] Building C object zephyr/CMakeFiles/zephyr.dir/subsys/shell/modules/kernel_service/version.c.obj
[trulo-ish:singleimage] [107/266] Building C object zephyr/CMakeFiles/zephyr.dir/subsys/shell/modules/kernel_service/sleep.c.obj
[geralt:rw] [56/371] Building C object CMakeFiles/app.dir/mnt/host/source/src/platform/ec/build/zephyr/geralt/modules/ec/common/keyboard_scan.c.obj
[geralt:rw] [57/371] Building C object CMakeFiles/app.dir/mnt/host/source/src/platform/ec/build/zephyr/geralt/modules/ec/common/mkbp_fifo.c.obj
[chinchou:ro] [10/388] Generating include/generated/zephyr/offsets.h
[trulo-ish:singleimage] [108/266] Building C object zephyr/CMakeFiles/zephyr.dir/subsys/shell/modules/kernel_service/version.c.obj
[geralt:rw] [58/371] Building C object CMakeFiles/app.dir/mnt/host/source/src/platform/ec/build/zephyr/geralt/modules/ec/common/mkbp_info.c.obj
[ite-aic:ro] [91/261] Building C object zephyr/CMakeFiles/zephyr.dir/subsys/shell/modules/kernel_service/thread/thread.c.obj
[trulo-ish:singleimage] [109/266] Building C object zephyr/CMakeFiles/zephyr.dir/subsys/shell/modules/kernel_service/uptime.c.obj
[sundance:rw] [16/408] Building C object CMakeFiles/app.dir/mnt/host/source/src/platform/ec/zephyr/subsys/ap_pwrseq/power_signals.c.obj
[trulo-ish:singleimage] [110/266] Building C object zephyr/CMakeFiles/zephyr.dir/subsys/shell/modules/kernel_service/log-level.c.obj
[trulo-ish:singleimage] [111/266] Building C object zephyr/CMakeFiles/zephyr.dir/subsys/shell/modules/kernel_service/reboot.c.obj
[trulo-ish:singleimage] [112/266] Building C object zephyr/CMakeFiles/zephyr.dir/subsys/shell/modules/kernel_service/thread/thread.c.obj
[ite-aic:ro] [92/261] Building C object zephyr/CMakeFiles/zephyr.dir/subsys/shell/modules/kernel_service/thread/list.c.obj
[ite-aic:ro] [93/261] Building C object zephyr/CMakeFiles/zephyr.dir/subsys/shell/modules/kernel_service/thread/stacks.c.obj
[trulo-ish:singleimage] [113/266] Building C object zephyr/CMakeFiles/zephyr.dir/subsys/shell/modules/kernel_service/thread/list.c.obj
[trulo-ish:singleimage] [114/266] Building C object zephyr/CMakeFiles/zephyr.dir/subsys/shell/modules/kernel_service/thread/unwind.c.obj
[trulo-ish:singleimage] [115/266] Building C object zephyr/CMakeFiles/zephyr.dir/subsys/shell/modules/kernel_service/thread/stacks.c.obj
[ite-aic:ro] [94/261] Building C object zephyr/CMakeFiles/zephyr.dir/subsys/shell/modules/kernel_service/thread/unwind.c.obj
[chinchou:ro] [11/388] Building C object zephyr/CMakeFiles/zephyr.dir/lib/libc/validate_libc.c.obj
[trulo-ish:singleimage] [116/266] Building C object zephyr/CMakeFiles/zephyr.dir/subsys/shell/modules/kernel_service/thread/suspend.c.obj
[geralt:rw] [59/371] Building C object CMakeFiles/app.dir/mnt/host/source/src/platform/ec/build/zephyr/geralt/modules/ec/common/keyboard_mkbp.c.obj
[geralt:rw] [60/371] Building C object CMakeFiles/app.dir/mnt/host/source/src/platform/ec/build/zephyr/geralt/modules/ec/common/mkbp_input_devices.c.obj
[trulo-ish:singleimage] [117/266] Building C object zephyr/CMakeFiles/zephyr.dir/subsys/shell/modules/kernel_service/thread/resume.c.obj
[minimal-npcx9:ro] -- Found Dtc: /usr/bin/dtc (found suitable version "1.6.0", minimum required is "1.4.6")
[minimal-npcx9:ro] -- Found BOARD.dts: /mnt/host/source/src/platform/ec/zephyr/boards/google/npcx9/npcx9_npcx9m3f.dts
[minimal-npcx9:ro] -- Found devicetree overlay: /mnt/host/source/src/platform/ec/zephyr/program/minimal/npcx9.dts
[geralt:rw] [61/371] Building C object CMakeFiles/app.dir/mnt/host/source/src/platform/ec/build/zephyr/geralt/modules/ec/common/led_common.c.obj
[ite-aic:ro] [95/261] Building C object zephyr/CMakeFiles/zephyr.dir/subsys/shell/modules/kernel_service/thread/resume.c.obj
[trulo-ish:singleimage] [118/266] Building C object zephyr/CMakeFiles/zephyr.dir/subsys/shell/modules/kernel_service/thread/kill.c.obj
[ite-aic:ro] [96/261] Building C object zephyr/CMakeFiles/zephyr.dir/subsys/shell/modules/kernel_service/thread/suspend.c.obj
[sundance:rw] [17/408] Building C object CMakeFiles/app.dir/mnt/host/source/src/platform/ec/zephyr/subsys/ap_pwrseq/signal_gpio.c.obj
[trulo-ish:singleimage] [119/266] Building C object zephyr/CMakeFiles/zephyr.dir/subsys/shell/backends/shell_uart.c.obj
[trulo-ish:singleimage] [120/266] Building C object zephyr/CMakeFiles/zephyr.dir/subsys/shell/shell_fprintf.c.obj
[trulo-ish:singleimage] [121/266] Building C object zephyr/CMakeFiles/zephyr.dir/subsys/shell/shell.c.obj
[chinchou:ro] [12/388] Building C object zephyr/CMakeFiles/zephyr.dir/lib/heap/heap.c.obj
[trulo-ish:singleimage] [122/266] Building C object zephyr/CMakeFiles/zephyr.dir/subsys/shell/shell_utils.c.obj
[ite-aic:ro] [97/261] Building C object zephyr/CMakeFiles/zephyr.dir/subsys/shell/modules/kernel_service/thread/kill.c.obj
[/mnt/host/source/src/platform/ec/build/zephyr/meliks-lcov]   /mnt/host/source/src/platform/ec/build/zephyr/meliks/build-ro/modules/ec/zephyr/CMakeFiles/ec_shim.dir/shim/src/bc12.c.gcno:no functions found
[/mnt/host/source/src/platform/ec/build/zephyr/meliks-lcov] stderr:
[geralt:rw] [62/371] Building C object CMakeFiles/app.dir/mnt/host/source/src/platform/ec/build/zephyr/geralt/modules/ec/common/lid_switch.c.obj
[trulo-ish:singleimage] [123/266] Building C object zephyr/CMakeFiles/zephyr.dir/subsys/shell/shell_help.c.obj
[geralt:rw] [63/371] Building C object CMakeFiles/app.dir/mnt/host/source/src/platform/ec/build/zephyr/geralt/modules/ec/common/mkbp_event.c.obj
[trulo-ish:singleimage] [124/266] Building C object zephyr/CMakeFiles/zephyr.dir/subsys/shell/shell_log_backend.c.obj
[trulo-ish:singleimage] [125/266] Building C object zephyr/CMakeFiles/zephyr.dir/subsys/shell/shell_history.c.obj
[trulo-ish:singleimage] [126/266] Building C object zephyr/CMakeFiles/zephyr.dir/subsys/shell/shell_ops.c.obj
[trulo-ish:singleimage] [127/266] Building C object zephyr/CMakeFiles/zephyr.dir/mnt/host/source/src/third_party/zephyrproject/modules/hal/intel/zephyr/bsp_sedi/bsp_sedi_rtos_utils.c.obj
[ite-aic:ro] [98/261] Building C object zephyr/CMakeFiles/zephyr.dir/subsys/shell/backends/shell_uart.c.obj
[geralt:rw] [64/371] Building C object CMakeFiles/app.dir/mnt/host/source/src/platform/ec/build/zephyr/geralt/modules/ec/common/motion_sense.c.obj
[ite-aic:ro] [99/261] Building C object zephyr/CMakeFiles/zephyr.dir/subsys/shell/shell_fprintf.c.obj
[trulo-ish:singleimage] [128/266] Linking CXX static library zephyr/libzephyr.a
[chinchou:ro] [13/388] Building C object zephyr/CMakeFiles/zephyr.dir/lib/os/cbprintf_packaged.c.obj
[trulo-ish:singleimage] [129/266] Building C object zephyr/arch/common/CMakeFiles/arch__common.dir/init.c.obj
[sundance:rw] [18/408] Building C object CMakeFiles/app.dir/mnt/host/source/src/platform/ec/zephyr/subsys/ap_pwrseq/signal_vw.c.obj
[trulo-ish:singleimage] [130/266] Linking CXX static library zephyr/arch/common/libarch__common.a
[ite-aic:ro] [100/261] Building C object zephyr/CMakeFiles/zephyr.dir/subsys/shell/shell.c.obj
[trulo-ish:singleimage] [131/266] Building C object zephyr/arch/arch/x86/core/CMakeFiles/arch__x86__core.dir/prep_c.c.obj
[trulo-ish:singleimage] [132/266] Building C object zephyr/arch/arch/x86/core/CMakeFiles/arch__x86__core.dir/cpuhalt.c.obj
[trulo-ish:singleimage] [133/266] Building C object zephyr/arch/arch/x86/core/CMakeFiles/arch__x86__core.dir/fatal.c.obj
[minimal-npcx9:ro] -- Generated zephyr.dts: /mnt/host/source/src/platform/ec/build/zephyr/minimal-npcx9/build-ro/zephyr/zephyr.dts
[trulo-ish:singleimage] [134/266] Building C object zephyr/arch/arch/x86/core/CMakeFiles/arch__x86__core.dir/cpuid.c.obj
[geralt:rw] [65/371] Building C object CMakeFiles/app.dir/mnt/host/source/src/platform/ec/build/zephyr/geralt/modules/ec/common/power_button.c.obj
[trulo-ish:singleimage] [135/266] Building C object zephyr/arch/arch/x86/core/CMakeFiles/arch__x86__core.dir/tls.c.obj
[trulo-ish:singleimage] [136/266] Building C object zephyr/arch/arch/x86/core/CMakeFiles/arch__x86__core.dir/reboot_rst_cnt.c.obj
[trulo-ish:singleimage] [137/266] Building C object zephyr/arch/arch/x86/core/CMakeFiles/arch__x86__core.dir/spec_ctrl.c.obj
[ite-aic:ro] [101/261] Building C object zephyr/CMakeFiles/zephyr.dir/subsys/shell/shell_utils.c.obj
[trulo-ish:singleimage] [138/266] Building ASM object zephyr/arch/arch/x86/core/CMakeFiles/arch__x86__core.dir/ia32/excstub.S.obj
[ite-aic:ro] [102/261] Building C object zephyr/CMakeFiles/zephyr.dir/subsys/shell/shell_help.c.obj
[ite-aic:ro] [103/261] Building C object zephyr/CMakeFiles/zephyr.dir/subsys/shell/shell_ops.c.obj
[geralt:rw] [66/371] Building C object CMakeFiles/app.dir/mnt/host/source/src/platform/ec/build/zephyr/geralt/modules/ec/power/common.c.obj
[trulo-ish:singleimage] [139/266] Building ASM object zephyr/arch/arch/x86/core/CMakeFiles/arch__x86__core.dir/ia32/crt0.S.obj
[chinchou:ro] [14/388] Building C object zephyr/CMakeFiles/zephyr.dir/lib/os/clock.c.obj
[minimal-npcx9:ro] -- Generated pickled edt: /mnt/host/source/src/platform/ec/build/zephyr/minimal-npcx9/build-ro/zephyr/edt.pickle
[minimal-npcx9:ro] -- Generated devicetree_generated.h: /mnt/host/source/src/platform/ec/build/zephyr/minimal-npcx9/build-ro/zephyr/include/generated/zephyr/devicetree_generated.h
[geralt:rw] [67/371] Building C object CMakeFiles/app.dir/mnt/host/source/src/platform/ec/build/zephyr/geralt/modules/ec/power/host_sleep.c.obj
[trulo-ish:singleimage] [140/266] Building ASM object zephyr/arch/arch/x86/core/CMakeFiles/arch__x86__core.dir/ia32/intstub.S.obj
[trulo-ish:singleimage] [141/266] Building ASM object zephyr/arch/arch/x86/core/CMakeFiles/arch__x86__core.dir/ia32/swap.S.obj
[sundance:rw] [19/408] Building C object CMakeFiles/app.dir/mnt/host/source/src/platform/ec/zephyr/subsys/ap_pwrseq/signal_adc.c.obj
[trulo-ish:singleimage] [142/266] Building C object zephyr/arch/arch/x86/core/CMakeFiles/arch__x86__core.dir/ia32/irq_manage.c.obj
[trulo-ish:singleimage] [143/266] Building C object zephyr/arch/arch/x86/core/CMakeFiles/arch__x86__core.dir/ia32/tls.c.obj
[trulo-ish:singleimage] [144/266] Building C object zephyr/arch/arch/x86/core/CMakeFiles/arch__x86__core.dir/ia32/thread.c.obj
[ite-aic:ro] [104/261] Building C object zephyr/CMakeFiles/zephyr.dir/subsys/shell/shell_history.c.obj
[ite-aic:ro] [105/261] Building C object zephyr/arch/common/CMakeFiles/arch__common.dir/sw_isr_common.c.obj
[trulo-ish:singleimage] [145/266] Building C object zephyr/arch/arch/x86/core/CMakeFiles/arch__x86__core.dir/ia32/fatal.c.obj
[trulo-ish:singleimage] [146/266] Building C object zephyr/arch/arch/x86/core/CMakeFiles/arch__x86__core.dir/ia32/soft_float_stubs.c.obj
[chinchou:ro] [15/388] Building C object zephyr/CMakeFiles/zephyr.dir/lib/os/printk.c.obj
[ite-aic:ro] [106/261] Building C object zephyr/CMakeFiles/zephyr.dir/drivers/flash/flash_util.c.obj
[trulo-ish:singleimage] [147/266] Linking CXX static library zephyr/arch/arch/x86/core/libarch__x86__core.a
[geralt:rw] [68/371] Building C object CMakeFiles/app.dir/mnt/host/source/src/platform/ec/build/zephyr/geralt/modules/ec/power/mt8186.c.obj
[trulo-ish:singleimage] [148/266] Building C object zephyr/lib/libc/picolibc/CMakeFiles/lib__libc__picolibc.dir/assert.c.obj
[geralt:rw] [69/371] Building C object CMakeFiles/app.dir/mnt/host/source/src/platform/ec/build/zephyr/geralt/modules/ec/common/panic_output.c.obj
[trulo-ish:singleimage] [149/266] Building C object zephyr/lib/libc/picolibc/CMakeFiles/lib__libc__picolibc.dir/chk_fail.c.obj
[ite-aic:ro] [107/261] Linking C static library zephyr/libzephyr.a
[trulo-ish:singleimage] [150/266] Building C object zephyr/lib/libc/picolibc/CMakeFiles/lib__libc__picolibc.dir/cbprintf.c.obj
[geralt:rw] [70/371] Building C object CMakeFiles/app.dir/mnt/host/source/src/platform/ec/build/zephyr/geralt/modules/ec/driver/sha256/sha256_it8xxx2.c.obj
[ite-aic:ro] [108/261] Building C object zephyr/arch/common/CMakeFiles/arch__common.dir/init.c.obj
[ite-aic:ro] [109/261] Building C object zephyr/arch/common/CMakeFiles/arch__common.dir/dynamic_isr.c.obj
[trulo-ish:singleimage] [151/266] Building C object zephyr/lib/libc/picolibc/CMakeFiles/lib__libc__picolibc.dir/exit.c.obj
[trulo-ish:singleimage] [152/266] Building C object zephyr/lib/libc/picolibc/CMakeFiles/lib__libc__picolibc.dir/errno_wrap.c.obj
[sundance:rw] [20/408] Building C object CMakeFiles/app.dir/mnt/host/source/src/platform/ec/zephyr/subsys/ap_pwrseq/power_host_sleep.c.obj
[trulo-ish:singleimage] [153/266] Building C object zephyr/lib/libc/picolibc/CMakeFiles/lib__libc__picolibc.dir/stdio.c.obj
[trulo-ish:singleimage] [154/266] Building C object zephyr/lib/libc/common/CMakeFiles/lib__libc__common.dir/source/stdlib/abort.c.obj
[trulo-ish:singleimage] [155/266] Building C object zephyr/lib/posix/c_lib_ext/CMakeFiles/lib__posix__c_lib_ext.dir/fnmatch.c.obj
[ite-aic:ro] [110/261] Building C object zephyr/arch/common/CMakeFiles/arch__common.dir/xip.c.obj
[trulo-ish:singleimage] [156/266] Building C object zephyr/lib/libc/picolibc/CMakeFiles/lib__libc__picolibc.dir/locks.c.obj
[chinchou:ro] [16/388] Building C object zephyr/CMakeFiles/zephyr.dir/lib/os/sem.c.obj
[trulo-ish:singleimage] [157/266] Building C object zephyr/lib/libc/common/CMakeFiles/lib__libc__common.dir/source/time/time.c.obj
[ite-aic:ro] [111/261] Building C object zephyr/arch/common/CMakeFiles/isr_tables.dir/isr_tables.c.obj
[trulo-ish:singleimage] [158/266] Linking CXX static library zephyr/lib/libc/picolibc/liblib__libc__picolibc.a
[trulo-ish:singleimage] [159/266] Linking CXX static library zephyr/lib/libc/common/liblib__libc__common.a
[ite-aic:ro] [112/261] Linking C static library zephyr/arch/common/libisr_tables.a
[ite-aic:ro] [113/261] Building C object zephyr/arch/arch/riscv/core/CMakeFiles/arch__riscv__core.dir/cpu_idle.c.obj
[geralt:rw] [71/371] Building C object CMakeFiles/app.dir/mnt/host/source/src/platform/ec/build/zephyr/geralt/modules/ec/common/shared_mem.c.obj
[ite-aic:ro] [114/261] Linking C static library zephyr/arch/common/libarch__common.a
[trulo-ish:singleimage] [160/266] Building C object zephyr/subsys/crc/CMakeFiles/subsys__crc.dir/crc4_sw.c.obj
[trulo-ish:singleimage] [161/266] Building C object zephyr/subsys/crc/CMakeFiles/subsys__crc.dir/crc8_sw.c.obj
[trulo-ish:singleimage] [162/266] Building C object zephyr/subsys/crc/CMakeFiles/subsys__crc.dir/crc16_sw.c.obj
[trulo-ish:singleimage] [163/266] Building C object zephyr/lib/posix/c_lib_ext/CMakeFiles/lib__posix__c_lib_ext.dir/getentropy.c.obj
[geralt:rw] [72/371] Building C object CMakeFiles/app.dir/mnt/host/source/src/platform/ec/build/zephyr/geralt/modules/ec/common/tablet_mode.c.obj
[trulo-ish:singleimage] [164/266] Building C object zephyr/lib/posix/c_lib_ext/CMakeFiles/lib__posix__c_lib_ext.dir/getopt_shim.c.obj
[trulo-ish:singleimage] [165/266] Building C object zephyr/subsys/crc/CMakeFiles/subsys__crc.dir/crc24_sw.c.obj
[geralt:rw] [73/371] Building C object CMakeFiles/app.dir/mnt/host/source/src/platform/ec/build/zephyr/geralt/modules/ec/common/switch.c.obj
[trulo-ish:singleimage] [166/266] Building C object zephyr/subsys/crc/CMakeFiles/subsys__crc.dir/crc7_sw.c.obj
[trulo-ish:singleimage] [167/266] Linking CXX static library zephyr/lib/posix/c_lib_ext/liblib__posix__c_lib_ext.a
[ite-aic:ro] [115/261] Building C object zephyr/arch/arch/riscv/core/CMakeFiles/arch__riscv__core.dir/prep_c.c.obj
[trulo-ish:singleimage] [168/266] Building C object zephyr/subsys/crc/CMakeFiles/subsys__crc.dir/crc32_sw.c.obj
[trulo-ish:singleimage] [169/266] Building C object zephyr/subsys/crc/CMakeFiles/subsys__crc.dir/crc32c_sw.c.obj
[trulo-ish:singleimage] [170/266] Building C object zephyr/subsys/crc/CMakeFiles/subsys__crc.dir/crc32k_4_2_sw.c.obj
[chinchou:ro] [17/388] Building C object zephyr/CMakeFiles/zephyr.dir/lib/os/thread_entry.c.obj
[ite-aic:ro] [116/261] Building C object zephyr/arch/arch/riscv/core/CMakeFiles/arch__riscv__core.dir/fatal.c.obj
[trulo-ish:singleimage] [171/266] Linking CXX static library zephyr/subsys/crc/libsubsys__crc.a
[ite-aic:ro] [117/261] Building C object zephyr/arch/arch/riscv/core/CMakeFiles/arch__riscv__core.dir/irq_manage.c.obj
[sundance:rw] [21/408] Building C object CMakeFiles/app.dir/mnt/host/source/src/platform/ec/zephyr/subsys/ap_pwrseq/x86_non_dsx_common_pwrseq_sm_handler.c.obj
[trulo-ish:singleimage] [172/266] Building C object zephyr/drivers/interrupt_controller/CMakeFiles/drivers__interrupt_controller.dir/intc_system_apic.c.obj
[trulo-ish:singleimage] [173/266] Building C object zephyr/drivers/interrupt_controller/CMakeFiles/drivers__interrupt_controller.dir/intc_loapic.c.obj
[trulo-ish:singleimage] [174/266] Building C object zephyr/drivers/interrupt_controller/CMakeFiles/drivers__interrupt_controller.dir/intc_ioapic.c.obj
[geralt:rw] [74/371] Building C object CMakeFiles/app.dir/mnt/host/source/src/platform/ec/build/zephyr/geralt/modules/ec/common/timer.c.obj
[trulo-ish:singleimage] [175/266] Building C object zephyr/drivers/console/CMakeFiles/drivers__console.dir/uart_console.c.obj
[trulo-ish:singleimage] [176/266] Linking CXX static library zephyr/drivers/interrupt_controller/libdrivers__interrupt_controller.a
[trulo-ish:singleimage] [177/266] Linking CXX static library zephyr/drivers/console/libdrivers__console.a
[ite-aic:ro] [118/261] Building C object zephyr/arch/arch/riscv/core/CMakeFiles/arch__riscv__core.dir/reboot.c.obj
[trulo-ish:singleimage] [178/266] Building C object zephyr/drivers/gpio/CMakeFiles/drivers__gpio.dir/mnt/host/source/src/third_party/zephyrproject/modules/hal/intel/bsp_sedi/drivers/gpio/sedi_gpio.c.obj
[trulo-ish:singleimage] [179/266] Building C object zephyr/drivers/gpio/CMakeFiles/drivers__gpio.dir/gpio_sedi.c.obj
[geralt:rw] [75/371] Building C object CMakeFiles/app.dir/mnt/host/source/src/platform/ec/build/zephyr/geralt/modules/ec/common/typec_control.c.obj
[ite-aic:ro] [119/261] Building ASM object zephyr/arch/arch/riscv/core/CMakeFiles/arch__riscv__core.dir/reset.S.obj
[chinchou:ro] [18/388] Building C object zephyr/CMakeFiles/zephyr.dir/lib/os/cbprintf_nano.c.obj
[trulo-ish:singleimage] [180/266] Linking CXX static library zephyr/drivers/gpio/libdrivers__gpio.a
[trulo-ish:singleimage] [181/266] Building C object zephyr/drivers/i2c/CMakeFiles/drivers__i2c.dir/i2c_common.c.obj
[ite-aic:ro] [120/261] Building ASM object zephyr/arch/arch/riscv/core/CMakeFiles/arch__riscv__core.dir/switch.S.obj
[geralt:rw] [76/371] Building C object CMakeFiles/app.dir/mnt/host/source/src/platform/ec/build/zephyr/geralt/modules/ec/common/usb_common.c.obj
[trulo-ish:singleimage] [182/266] Building C object zephyr/drivers/i2c/CMakeFiles/drivers__i2c.dir/mnt/host/source/src/third_party/zephyrproject/modules/hal/intel/bsp_sedi/drivers/i2c/sedi_i2c_dw_apb_200a.c.obj
[trulo-ish:singleimage] [183/266] Building C object zephyr/drivers/i2c/CMakeFiles/drivers__i2c.dir/i2c_shell.c.obj
[ite-aic:ro] [121/261] Building C object zephyr/arch/arch/riscv/core/CMakeFiles/arch__riscv__core.dir/thread.c.obj
[ite-aic:ro] [122/261] Generating ../../../include/generated/libc/minimal/strerror_table.h
[geralt:rw] [77/371] Building C object CMakeFiles/app.dir/mnt/host/source/src/platform/ec/build/zephyr/geralt/modules/ec/common/usb_pd_pdo.c.obj
[trulo-ish:singleimage] [184/266] Building C object zephyr/drivers/ipm/CMakeFiles/drivers__ipm.dir/mnt/host/source/src/third_party/zephyrproject/modules/hal/intel/bsp_sedi/drivers/ipc/sedi_ipc.c.obj
[trulo-ish:singleimage] [185/266] Linking CXX static library zephyr/drivers/syscon/libdrivers__syscon.a
[sundance:rw] [22/408] Building C object CMakeFiles/app.dir/mnt/host/source/src/platform/ec/zephyr/subsys/ap_pwrseq/x86_non_dsx_chipset_power_state.c.obj
[trulo-ish:singleimage] [186/266] Building C object zephyr/drivers/i2c/CMakeFiles/drivers__i2c.dir/i2c_sedi.c.obj
[trulo-ish:singleimage] [187/266] Building C object zephyr/drivers/ipm/CMakeFiles/drivers__ipm.dir/ipm_sedi.c.obj
[/mnt/host/source/src/platform/ec/build/zephyr/meliks-lcov]   /mnt/host/source/src/platform/ec/build/zephyr/meliks/build-ro/CMakeFiles/app.dir/mnt/host/source/src/platform/ec/build/zephyr/meliks/modules/ec/common/usb_pd_pdo.c.gcno:no functions found
[/mnt/host/source/src/platform/ec/build/zephyr/meliks-lcov] stderr:
[trulo-ish:singleimage] [188/266] Linking CXX static library zephyr/drivers/i2c/libdrivers__i2c.a
[ite-aic:ro] [123/261] Building C object zephyr/lib/libc/minimal/CMakeFiles/lib__libc__minimal.dir/source/stdlib/atoi.c.obj
[ite-aic:ro] [124/261] Building ASM object zephyr/arch/arch/riscv/core/CMakeFiles/arch__riscv__core.dir/isr.S.obj
[trulo-ish:singleimage] [189/266] Linking CXX static library zephyr/drivers/ipm/libdrivers__ipm.a
[chinchou:ro] [19/388] Building C object zephyr/CMakeFiles/zephyr.dir/lib/os/cbprintf.c.obj
[trulo-ish:singleimage] [190/266] Building C object zephyr/drivers/serial/CMakeFiles/drivers__serial.dir/uart_sedi.c.obj
[trulo-ish:singleimage] [191/266] Building C object zephyr/drivers/serial/CMakeFiles/drivers__serial.dir/mnt/host/source/src/third_party/zephyrproject/modules/hal/intel/bsp_sedi/drivers/usart/sedi_dw_uart.c.obj
[ite-aic:ro] [125/261] Building C object zephyr/lib/libc/minimal/CMakeFiles/lib__libc__minimal.dir/source/stdlib/strtol.c.obj
[ite-aic:ro] [126/261] Building C object zephyr/lib/libc/minimal/CMakeFiles/lib__libc__minimal.dir/source/stdlib/strtoul.c.obj
[ite-aic:ro] [127/261] Building C object zephyr/arch/arch/riscv/core/CMakeFiles/arch__riscv__core.dir/stacktrace.c.obj
[trulo-ish:singleimage] [192/266] Linking CXX static library zephyr/drivers/serial/libdrivers__serial.a
[trulo-ish:singleimage] [193/266] Building C object zephyr/drivers/timer/CMakeFiles/drivers__timer.dir/sys_clock_init.c.obj
[geralt:rw] [78/371] Building C object CMakeFiles/app.dir/mnt/host/source/src/platform/ec/build/zephyr/geralt/modules/ec/common/usbc/usbc_task.c.obj
[ite-aic:ro] [128/261] Linking C static library zephyr/arch/arch/riscv/core/libarch__riscv__core.a
[ite-aic:ro] [129/261] Building C object zephyr/lib/libc/minimal/CMakeFiles/lib__libc__minimal.dir/source/stdlib/strtoll.c.obj
[geralt:rw] [79/371] Building C object CMakeFiles/app.dir/mnt/host/source/src/platform/ec/build/zephyr/geralt/modules/ec/common/usbc/usb_pd_timer.c.obj
[ite-aic:ro] [130/261] Building C object zephyr/lib/libc/minimal/CMakeFiles/lib__libc__minimal.dir/source/stdlib/strtoull.c.obj
[trulo-ish:singleimage] [194/266] Building C object zephyr/drivers/timer/CMakeFiles/drivers__timer.dir/hpet.c.obj
[trulo-ish:singleimage] [195/266] Linking CXX static library zephyr/drivers/timer/libdrivers__timer.a
[ite-aic:ro] [131/261] Building C object zephyr/lib/libc/minimal/CMakeFiles/lib__libc__minimal.dir/source/stdlib/bsearch.c.obj
[geralt:rw] [80/371] Building C object CMakeFiles/app.dir/mnt/host/source/src/platform/ec/build/zephyr/geralt/modules/ec/common/usbc/usb_sm.c.obj
[trulo-ish:singleimage] [196/266] Building C object modules/ec/zephyr/CMakeFiles/ec_shim.dir/app/ec/ec_app_main.c.obj
[trulo-ish:singleimage] [197/266] Building C object modules/ec/zephyr/CMakeFiles/ec_shim.dir/app/ec/main_shim.c.obj
[trulo-ish:singleimage] [198/266] Building C object modules/ec/zephyr/CMakeFiles/ec_shim.dir/shim/chip/stub/clock.c.obj
[chinchou:ro] [20/388] Building C object zephyr/CMakeFiles/zephyr.dir/lib/os/assert.c.obj
[ite-aic:ro] [132/261] Building C object zephyr/lib/libc/minimal/CMakeFiles/lib__libc__minimal.dir/source/stdlib/qsort.c.obj
[trulo-ish:singleimage] [199/266] Building C object modules/ec/zephyr/CMakeFiles/ec_shim.dir/shim/src/crc.c.obj
[sundance:rw] [23/408] Building C object CMakeFiles/app.dir/mnt/host/source/src/platform/ec/zephyr/subsys/ap_pwrseq/x86_non_dsx_common_pwrseq_host_sleep.c.obj
[ite-aic:ro] [133/261] Building C object zephyr/lib/libc/minimal/CMakeFiles/lib__libc__minimal.dir/source/string/strncasecmp.c.obj
[trulo-ish:singleimage] [200/266] Building C object modules/ec/zephyr/CMakeFiles/ec_shim.dir/shim/src/console.c.obj
[ite-aic:ro] [134/261] Building C object zephyr/lib/libc/minimal/CMakeFiles/lib__libc__minimal.dir/source/string/strerror.c.obj
[chinchou:ro] [21/388] Building C object zephyr/CMakeFiles/zephyr.dir/lib/utils/dec.c.obj
[ite-aic:ro] [135/261] Building C object zephyr/lib/libc/minimal/CMakeFiles/lib__libc__minimal.dir/source/string/strstr.c.obj
[ite-aic:ro] [136/261] Building C object zephyr/lib/libc/minimal/CMakeFiles/lib__libc__minimal.dir/source/stdlib/exit.c.obj
[geralt:rw] [81/371] Building C object CMakeFiles/app.dir/mnt/host/source/src/platform/ec/build/zephyr/geralt/modules/ec/common/usbc_intr_task.c.obj
[geralt:rw] [82/371] Building C object CMakeFiles/app.dir/mnt/host/source/src/platform/ec/build/zephyr/geralt/modules/ec/common/usbc_utils.c.obj
[ite-aic:ro] [137/261] Building C object zephyr/lib/libc/minimal/CMakeFiles/lib__libc__minimal.dir/source/string/string.c.obj
[trulo-ish:singleimage] [201/266] Building C object modules/ec/zephyr/CMakeFiles/ec_shim.dir/shim/src/panic_utils.c.obj
[geralt:rw] [83/371] Building C object CMakeFiles/app.dir/mnt/host/source/src/platform/ec/build/zephyr/geralt/modules/ec/common/usb_pd_flags.c.obj
[ite-aic:ro] [138/261] Building C object zephyr/lib/libc/minimal/CMakeFiles/lib__libc__minimal.dir/source/string/strspn.c.obj
[chinchou:ro] [22/388] Building C object zephyr/CMakeFiles/zephyr.dir/lib/utils/hex.c.obj
[trulo-ish:singleimage] [202/266] Building C object modules/ec/zephyr/CMakeFiles/ec_shim.dir/shim/src/gpio.c.obj
[trulo-ish:singleimage] [203/266] Building C object modules/ec/zephyr/CMakeFiles/ec_shim.dir/shim/src/gpio_int.c.obj
[trulo-ish:singleimage] [204/266] Building C object modules/ec/zephyr/CMakeFiles/ec_shim.dir/shim/src/pm_state.c.obj
[trulo-ish:singleimage] [205/266] Building C object modules/ec/zephyr/CMakeFiles/ec_shim.dir/shim/src/cbi/cros_cbi.c.obj
[minimal-npcx9:ro] Parsing /mnt/host/source/src/third_party/zephyr/main/Kconfig
[ite-aic:ro] [139/261] Building C object zephyr/lib/libc/minimal/CMakeFiles/lib__libc__minimal.dir/source/stdout/stdout_console.c.obj
[ite-aic:ro] [140/261] Building C object zephyr/lib/libc/minimal/CMakeFiles/lib__libc__minimal.dir/source/stdout/sprintf.c.obj
[trulo-ish:singleimage] [206/266] Building C object modules/ec/zephyr/CMakeFiles/ec_shim.dir/shim/src/ish_system.c.obj
[ite-aic:ro] [141/261] Building C object zephyr/lib/libc/minimal/CMakeFiles/lib__libc__minimal.dir/source/stdout/fprintf.c.obj
[chinchou:ro] [23/388] Building C object zephyr/CMakeFiles/zephyr.dir/lib/utils/rb.c.obj
[trulo-ish:singleimage] [207/266] Building C object modules/ec/zephyr/CMakeFiles/ec_shim.dir/shim/src/hooks.c.obj
[ite-aic:ro] [142/261] Building C object zephyr/lib/libc/minimal/CMakeFiles/lib__libc__minimal.dir/source/math/sqrtf.c.obj
[sundance:rw] [24/408] Building C object CMakeFiles/app.dir/mnt/host/source/src/platform/ec/zephyr/subsys/ap_pwrseq/x86_non_dsx_common_pwrseq_console.c.obj
[trulo-ish:singleimage] [208/266] Building C object modules/ec/zephyr/CMakeFiles/ec_shim.dir/shim/src/host_command.c.obj
[geralt:rw] [84/371] Building C object CMakeFiles/app.dir/mnt/host/source/src/platform/ec/build/zephyr/geralt/modules/ec/common/chargen.c.obj
[trulo-ish:singleimage] [209/266] Building C object modules/ec/zephyr/CMakeFiles/ec_shim.dir/shim/src/console_buffer.c.obj
[trulo-ish:singleimage] [210/266] Building C object modules/ec/zephyr/CMakeFiles/ec_shim.dir/shim/src/mkbp_event.c.obj
[geralt:rw] [85/371] Building C object CMakeFiles/app.dir/mnt/host/source/src/platform/ec/build/zephyr/geralt/modules/ec/common/usbc/usb_pd_console.c.obj
[ite-aic:ro] [143/261] Building C object zephyr/lib/libc/minimal/CMakeFiles/lib__libc__minimal.dir/source/math/sqrt.c.obj
[chinchou:ro] [24/388] Building C object zephyr/CMakeFiles/zephyr.dir/lib/utils/timeutil.c.obj
[geralt:rw] [86/371] Building C object CMakeFiles/app.dir/mnt/host/source/src/platform/ec/build/zephyr/geralt/modules/ec/driver/usb_mux/usb_mux.c.obj
[minimal-npcx9:ro] Loaded configuration '/mnt/host/source/src/platform/ec/zephyr/boards/google/npcx9/npcx9_npcx9m3f_defconfig'
[minimal-npcx9:ro] Merged configuration '/mnt/host/source/src/platform/ec/zephyr/program/minimal/prj.conf'
[minimal-npcx9:ro] Merged configuration '/mnt/host/source/src/platform/ec/build/zephyr/minimal-npcx9/kconfig-ro.conf'
[minimal-npcx9:ro] Configuration saved to '/mnt/host/source/src/platform/ec/build/zephyr/minimal-npcx9/build-ro/zephyr/.config'
[minimal-npcx9:ro] Kconfig header saved to '/mnt/host/source/src/platform/ec/build/zephyr/minimal-npcx9/build-ro/zephyr/include/generated/zephyr/autoconf.h'
[minimal-npcx9:ro] -- Found GnuLd: /home/jpmurphy/.cache/coreboot-sdk/arm-eabi/ea40ddd1d190c3b48435c474c0b545719371813a/arm-eabi/bin/ld.bfd (found version "2.43.1")
[trulo-ish:singleimage] [211/266] Building C object modules/ec/zephyr/CMakeFiles/ec_shim.dir/shim/src/hwtimer.c.obj
[trulo-ish:singleimage] [212/266] Building C object modules/ec/zephyr/CMakeFiles/ec_shim.dir/shim/src/panic.c.obj
[ite-aic:ro] [144/261] Building C object zephyr/lib/libc/common/CMakeFiles/lib__libc__common.dir/source/stdlib/abort.c.obj
[ite-aic:ro] [145/261] Building C object zephyr/lib/libc/common/CMakeFiles/lib__libc__common.dir/source/time/asctime.c.obj
[ite-aic:ro] [146/261] Building C object zephyr/lib/libc/minimal/CMakeFiles/lib__libc__minimal.dir/source/time/gmtime.c.obj
[trulo-ish:singleimage] [213/266] Building C object modules/ec/zephyr/CMakeFiles/ec_shim.dir/shim/src/motionsense_sensors.c.obj
[ite-aic:ro] [147/261] Linking C static library zephyr/lib/libc/minimal/liblib__libc__minimal.a
[minimal-npcx9:ro] -- The C compiler identification is GNU 14.2.0
[ite-aic:ro] [148/261] Building C object zephyr/lib/libc/common/CMakeFiles/lib__libc__common.dir/source/time/gmtime_r.c.obj
[trulo-ish:singleimage] [214/266] Building C object modules/ec/zephyr/CMakeFiles/ec_shim.dir/shim/src/i2c.c.obj
[trulo-ish:singleimage] [215/266] Building C object modules/ec/zephyr/CMakeFiles/ec_shim.dir/shim/src/tasks.c.obj
[ite-aic:ro] [149/261] Building C object zephyr/lib/libc/common/CMakeFiles/lib__libc__common.dir/source/time/localtime_r_utc.c.obj
[sundance:rw] [25/408] Building C object CMakeFiles/app.dir/mnt/host/source/src/platform/ec/zephyr/subsys/ap_pwrseq/x86_non_dsx_common_pwrseq_host_command.c.obj
[minimal-npcx9:ro] -- The CXX compiler identification is GNU 14.2.0
[ite-aic:ro] [150/261] Building C object zephyr/lib/libc/common/CMakeFiles/lib__libc__common.dir/source/time/ctime.c.obj
[geralt:rw] [87/371] Building C object CMakeFiles/app.dir/mnt/host/source/src/platform/ec/build/zephyr/geralt/modules/ec/driver/usb_mux/tusb1064.c.obj
[geralt:rw] [88/371] Building C object CMakeFiles/app.dir/mnt/host/source/src/platform/ec/build/zephyr/geralt/modules/ec/driver/usb_mux/ps8743.c.obj
[trulo-ish:singleimage] [216/266] Building C object modules/ec/zephyr/CMakeFiles/ec_shim.dir/shim/src/usbc_stub.c.obj
[ite-aic:ro] [151/261] Building C object zephyr/lib/libc/common/CMakeFiles/lib__libc__common.dir/source/time/time.c.obj
[minimal-npcx9:ro] -- The ASM compiler identification is GNU
[chinchou:ro] [25/388] Building C object zephyr/CMakeFiles/zephyr.dir/lib/utils/bitarray.c.obj
[minimal-npcx9:ro] CMake Warning at /mnt/host/source/src/platform/ec/zephyr/cmake/linker/ld/linker_libraries.cmake:11 (message):
[minimal-npcx9:ro]   Disabling c_library
[minimal-npcx9:ro] Call Stack (most recent call first):
[minimal-npcx9:ro]   /mnt/host/source/src/third_party/zephyr/main/cmake/target_toolchain_flags.cmake:48 (include)
[minimal-npcx9:ro]   /mnt/host/source/src/third_party/zephyr/main/cmake/modules/kernel.cmake:153 (include)
[minimal-npcx9:ro]   /mnt/host/source/src/third_party/zephyr/main/cmake/modules/zephyr_default.cmake:138 (include)
[minimal-npcx9:ro]   /mnt/host/source/src/third_party/zephyr/main/share/zephyr-package/cmake/ZephyrConfig.cmake:66 (include)
[minimal-npcx9:ro]   /mnt/host/source/src/third_party/zephyr/main/share/zephyr-package/cmake/ZephyrConfig.cmake:97 (include_boilerplate)
[ite-aic:ro] [152/261] Building C object zephyr/lib/libc/common/CMakeFiles/lib__libc__common.dir/source/string/strnlen.c.obj
[trulo-ish:singleimage] [217/266] Building C object modules/ec/zephyr/CMakeFiles/ec_shim.dir/shim/src/host_command_heci.c.obj
[trulo-ish:singleimage] [218/266] Building C object modules/ec/zephyr/subsys/host_service/CMakeFiles/..__..__..__platform__ec__zephyr__subsys__host_service.dir/sys_mng.c.obj
[trulo-ish:singleimage] [219/266] Linking CXX static library modules/ec/zephyr/libec_shim.a
[/mnt/host/source/src/platform/ec/build/zephyr/krabby-lcov]   /mnt/host/source/src/platform/ec/build/zephyr/krabby/build-rw/zephyr/CMakeFiles/zephyr.dir/soc/ite/ec/it8xxx2/check_regs.c.gcno:no functions found
[/mnt/host/source/src/platform/ec/build/zephyr/krabby-lcov] Filter suppressions 'region':
[trulo-ish:singleimage] [220/266] Building C object modules/ec/zephyr/subsys/host_service/CMakeFiles/..__..__..__platform__ec__zephyr__subsys__host_service.dir/zephyr_host_service.c.obj
[geralt:rw] [89/371] Building C object CMakeFiles/app.dir/mnt/host/source/src/platform/ec/build/zephyr/geralt/modules/ec/driver/usb_mux/virtual.c.obj
[trulo-ish:singleimage] [221/266] Linking CXX static library modules/ec/zephyr/subsys/host_service/lib..__..__..__platform__ec__zephyr__subsys__host_service.a
[/mnt/host/source/src/platform/ec/build/zephyr/krabby-lcov]     36 instances
[/mnt/host/source/src/platform/ec/build/zephyr/krabby-lcov]     22 coverpoints
[/mnt/host/source/src/platform/ec/build/zephyr/krabby-lcov] Message summary:
[/mnt/host/source/src/platform/ec/build/zephyr/krabby-lcov]   33 ignore messages:
[/mnt/host/source/src/platform/ec/build/zephyr/krabby-lcov]     gcov: 33
[geralt:ro] Building: /usr/bin/ninja -C /mnt/host/source/src/platform/ec/build/zephyr/geralt/build-ro all.libraries
Running `env -i SHELL=/bin/bash COLORTERM=truecolor DEPOT_TOOLS_UPDATE=0 LESS='-R -M --shift 5' SUDO_GID=0 JDK_HOME=/etc/java-config-2/current-system-vm CONFIG_PROTECT_MASK='/etc/gentoo-release /etc/sandbox.d /etc/fonts/fonts.conf /etc/terminfo /etc/ca-certificates.conf /etc/revdep-rebuild' CHROMEOS_CACHEDIR=/var/cache/chromeos-cache JAVA_HOME=/etc/java-config-2/current-system-vm SSH_AUTH_SOCK=/tmp/ssh-auth-sock SUDO_COMMAND=/bin/bash SUDO_USER=root SUDO_TTY=/dev/pts/2 EDITOR=/usr/bin/vi PWD=/mnt/host/source/src/platform/ec CONFIG_PROTECT=/usr/share/gnupg/qualified.txt LOGNAME=jpmurphy MANPATH=/etc/java-config-2/current-system-vm/man:/usr/local/share/man:/usr/share/man:/usr/share/gcc-data/x86_64-pc-linux-gnu/10.2.0/man:/usr/share/binutils-data/x86_64-pc-linux-gnu/2.45/man:/etc/java-config-2/current-system-vm/man/ SUDO_HOME=/root XAUTHORITY=/run/user/944457/gdm/Xauthority HOME=/home/jpmurphy LANG=C.UTF-8 LS_COLORS='rs=0:di=01;34:ln=01;36:mh=00:pi=40;33:so=01;35:do=01;35:bd=40;33;01:cd=40;33;01:or=01;05;37;41:mi=01;05;37;41:su=37;41:sg=30;43:ca=30;41:tw=30;42:ow=34;42:st=37;44:ex=01;32:*.tar=01;31:*.tgz=01;31:*.arc=01;31:*.arj=01;31:*.taz=01;31:*.lha=01;31:*.lz4=01;31:*.lzh=01;31:*.lzma=01;31:*.tlz=01;31:*.txz=01;31:*.tzo=01;31:*.t7z=01;31:*.zip=01;31:*.z=01;31:*.dz=01;31:*.gz=01;31:*.lrz=01;31:*.lz=01;31:*.lzo=01;31:*.xz=01;31:*.zst=01;31:*.tzst=01;31:*.bz2=01;31:*.bz=01;31:*.tbz=01;31:*.tbz2=01;31:*.tz=01;31:*.deb=01;31:*.rpm=01;31:*.jar=01;31:*.war=01;31:*.ear=01;31:*.sar=01;31:*.rar=01;31:*.alz=01;31:*.ace=01;31:*.zoo=01;31:*.cpio=01;31:*.7z=01;31:*.rz=01;31:*.cab=01;31:*.wim=01;31:*.swm=01;31:*.dwm=01;31:*.esd=01;31:*.jpg=01;35:*.jpeg=01;35:*.mjpg=01;35:*.mjpeg=01;35:*.gif=01;35:*.bmp=01;35:*.pbm=01;35:*.pgm=01;35:*.ppm=01;35:*.tga=01;35:*.xbm=01;35:*.xpm=01;35:*.tif=01;35:*.tiff=01;35:*.png=01;35:*.svg=01;35:*.svgz=01;35:*.mng=01;35:*.pcx=01;35:*.mov=01;35:*.mpg=01;35:*.mpeg=01;35:*.m2v=01;35:*.mkv=01;35:*.webm=01;35:*.webp=01;35:*.ogm=01;35:*.mp4=01;35:*.m4v=01;35:*.mp4v=01;35:*.vob=01;35:*.qt=01;35:*.nuv=01;35:*.wmv=01;35:*.asf=01;35:*.rm=01;35:*.rmvb=01;35:*.flc=01;35:*.avi=01;35:*.fli=01;35:*.flv=01;35:*.gl=01;35:*.dl=01;35:*.xcf=01;35:*.xwd=01;35:*.yuv=01;35:*.cgm=01;35:*.emf=01;35:*.ogv=01;35:*.ogx=01;35:*.cfg=00;32:*.conf=00;32:*.diff=00;32:*.doc=00;32:*.ini=00;32:*.log=00;32:*.patch=00;32:*.pdf=00;32:*.ps=00;32:*.tex=00;32:*.txt=00;32:*.aac=00;36:*.au=00;36:*.flac=00;36:*.m4a=00;36:*.mid=00;36:*.midi=00;36:*.mka=00;36:*.mp3=00;36:*.mpc=00;36:*.ogg=00;36:*.ra=00;36:*.wav=00;36:*.oga=00;36:*.opus=00;36:*.spx=00;36:*.xspf=00;36:' XDG_CURRENT_DESKTOP=GNOME INFOPATH=/usr/share/info:/usr/share/gcc-data/x86_64-pc-linux-gnu/10.2.0/info:/usr/share/binutils-data/x86_64-pc-linux-gnu/2.45/info:/usr/share/automake-1.16.5/info JAVAC=/etc/java-config-2/current-system-vm/bin/javac TERM=xterm-256color LESSOPEN='|lesspipe %s' USER=jpmurphy CROS_WORKON_SRCROOT=/mnt/host/source MANPAGER=manpager DISPLAY=:1 SHLVL=1 LC_MESSAGES=C EXTERNAL_TRUNK_PATH=/mnt/8f9d649a-3721-44cc-93c0-e6bd21a9689f/chromiumos GCC_SPECS='' PATH=/mnt/host/source/chromite/bin:/usr/local/bin:/usr/bin:/bin:/opt/bin:/mnt/host/source/chromite/sdk/bin:/mnt/host/source/chromite/bin PORTAGE_USERNAME=jpmurphy SUDO_UID=0 GCC_VER=10.2.0 MAIL=/var/mail/jpmurphy OLDPWD=/mnt/host/source/src/scripts traceparent=00-e87aca51550a78635907baa6a2476181-6d684811675d2973-01 _=./zephyr/firmware_builder.py COREBOOT_SDK_ROOT_x86=/home/jpmurphy/.cache/coreboot-sdk/i386-elf/dfbb0486385d938cfa9d73080b9d18d598ed4f49 COREBOOT_SDK_ROOT_picolibc_x86=/home/jpmurphy/.cache/coreboot-sdk/picolibc-i386-elf/eb8e8e687b95461de8cbf278f1c2076952d0ad17 COREBOOT_SDK_ROOT_riscv64=/home/jpmurphy/.cache/coreboot-sdk/riscv64-elf/96b949749225b6aaa92ed810ab769e8dfb12f000 COREBOOT_SDK_ROOT_picolibc_arm=/home/jpmurphy/.cache/coreboot-sdk/picolibc-arm-eabi/422a2aa3e1ef891b5bece9a3deb696ff83840d2e COREBOOT_SDK_ROOT_nds32=/home/jpmurphy/.cache/coreboot-sdk/nds32le-elf/d1a518c4a097666d86058e1444f85ca015d15511 COREBOOT_SDK_ROOT_picolibc_riscv64=/home/jpmurphy/.cache/coreboot-sdk/picolibc-riscv64-elf/f571e990ef0278564b31124f8bb109d9a697eb69 COREBOOT_SDK_ROOT_arm=/home/jpmurphy/.cache/coreboot-sdk/arm-eabi/ea40ddd1d190c3b48435c474c0b545719371813a COREBOOT_SDK_ROOT_libstdcxx_riscv64=/home/jpmurphy/.cache/coreboot-sdk/libstdcxx-riscv64-elf/17abf22a3a252e2d5d2062ced5324f7a623689e0 COREBOOT_SDK_ROOT_libstdcxx_arm=/home/jpmurphy/.cache/coreboot-sdk/libstdcxx-arm-eabi/5d7d82e150e44aa1968f1d366e267e6687b328ac COREBOOT_SDK_ROOT_riscv=/home/jpmurphy/.cache/coreboot-sdk/riscv-elf/9a27b9e82341c6e9126624f516ab3f261abb3e73 COREBOOT_SDK_ROOT_libstdcxx_x86=/home/jpmurphy/.cache/coreboot-sdk/libstdcxx-i386-elf/42ef9d2e87a76a37963175d7d428734e65648b87 PYTHONPATH=/mnt/host/source/src/platform/ec/zephyr/zmake PW_PIGWEED_CIPD_INSTALL_DIR=/usr CROSTC_USER_ACKNOWLEDGES_THAT_RISCV_IS_EXPERIMENTAL=1 MAKEFLAGS=' -j16 --jobserver-auth=5,6' /usr/bin/ninja -C /mnt/host/source/src/platform/ec/build/zephyr/geralt/build-ro all.libraries`
[geralt:ro] ninja: Entering directory `/mnt/host/source/src/platform/ec/build/zephyr/geralt/build-ro'
[ite-aic:ro] [153/261] Building C object zephyr/lib/posix/c_lib_ext/CMakeFiles/lib__posix__c_lib_ext.dir/fnmatch.c.obj
[chinchou:ro] [26/388] Building C object zephyr/CMakeFiles/zephyr.dir/lib/utils/bitmask.c.obj
[ite-aic:ro] [154/261] Building C object zephyr/lib/libc/common/CMakeFiles/lib__libc__common.dir/source/stdlib/malloc.c.obj
[trulo-ish:singleimage] [222/266] Building C object modules/ec/zephyr/subsys/host_service/heci/CMakeFiles/..__..__..__platform__ec__zephyr__subsys__host_service__heci.dir/heci_system_state.c.obj
[ite-aic:ro] [155/261] Linking C static library zephyr/lib/libc/common/liblib__libc__common.a
[minimal-npcx9:ro] -- Found assembler: /home/jpmurphy/.cache/coreboot-sdk/arm-eabi/ea40ddd1d190c3b48435c474c0b545719371813a/bin/arm-eabi-gcc
[minimal-npcx9:ro] -- Performing EC specific devicetree checks
[trulo-ish:singleimage] [223/266] Building C object modules/ec/zephyr/subsys/host_service/heci/CMakeFiles/..__..__..__platform__ec__zephyr__subsys__host_service__heci.dir/heci_intf.c.obj
[trulo-ish:singleimage] [224/266] Building C object modules/ec/zephyr/subsys/host_service/heci/CMakeFiles/..__..__..__platform__ec__zephyr__subsys__host_service__heci.dir/intfs/ipm_intf.c.obj
[ite-aic:ro] [156/261] Building C object zephyr/lib/posix/c_lib_ext/CMakeFiles/lib__posix__c_lib_ext.dir/getentropy.c.obj
[ite-aic:ro] [157/261] Building C object zephyr/subsys/crc/CMakeFiles/subsys__crc.dir/crc4_sw.c.obj
[minimal-npcx9:ro]   CMakeLists.txt:6 (find_package)
[minimal-npcx9:ro] INFO: Verified 1 GPIOs, no duplicates found
[minimal-npcx9:ro] INFO: Verified 0 '*-gpios' properties, all flags match.
[minimal-npcx9:ro] INFO: Skipped 1 named-gpios children.
[trulo-ish:singleimage] [225/266] Building C object modules/ec/zephyr/subsys/host_service/heci/CMakeFiles/..__..__..__platform__ec__zephyr__subsys__host_service__heci.dir/heci_core.c.obj
[geralt:ro] [1/371] Generating include/generated/zephyr/version.h
[geralt:ro] -- git describe warned: warning: tag 'upstream/v2.7.99' is externally known as 'v2.7.99'
[trulo-ish:singleimage] [226/266] Linking CXX static library modules/ec/zephyr/subsys/host_service/heci/lib..__..__..__platform__ec__zephyr__subsys__host_service__heci.a
[geralt:ro] -- Zephyr version: 4.3.99 (/mnt/host/source/src/third_party/zephyr/main)
[geralt:ro] [2/371] Preparing syscall dependency handling
[sundance:rw] [26/408] Building C object CMakeFiles/app.dir/mnt/host/source/src/platform/ec/zephyr/subsys/ap_pwrseq/x86_non_dsx_adlp_pwrseq_sm.c.obj
[ite-aic:ro] [158/261] Building C object zephyr/subsys/crc/CMakeFiles/subsys__crc.dir/crc8_sw.c.obj
[geralt:ro] [3/371] Generating misc/generated/syscalls_subdirs.trigger
[geralt:rw] [90/371] Building C object CMakeFiles/app.dir/mnt/host/source/src/platform/ec/build/zephyr/geralt/modules/ec/common/event_log.c.obj
[ite-aic:ro] [159/261] Building C object zephyr/lib/posix/c_lib_ext/CMakeFiles/lib__posix__c_lib_ext.dir/getopt_shim.c.obj
[ite-aic:ro] [160/261] Building C object zephyr/subsys/crc/CMakeFiles/subsys__crc.dir/crc16_sw.c.obj
[ite-aic:ro] [161/261] Linking C static library zephyr/lib/posix/c_lib_ext/liblib__posix__c_lib_ext.a
[minimal-npcx9:ro] -- warning_base_override: -Wall;-Wformat;-Wformat-security;-Wformat;-Wno-format-zero-length;-Wno-pointer-sign;-Wpointer-arith;-Wexpansion-to-defined
[ite-aic:ro] [162/261] Building C object zephyr/subsys/crc/CMakeFiles/subsys__crc.dir/crc7_sw.c.obj
[geralt:rw] [91/371] Building C object CMakeFiles/app.dir/mnt/host/source/src/platform/ec/build/zephyr/geralt/modules/ec/common/dps.c.obj
[chinchou:ro] [27/388] Building C object zephyr/CMakeFiles/zephyr.dir/lib/utils/getopt/getopt.c.obj
[geralt:rw] [92/371] Building C object CMakeFiles/app.dir/mnt/host/source/src/platform/ec/build/zephyr/geralt/modules/ec/common/pd_log.c.obj
[trulo-ish:singleimage] [227/266] Building C object modules/ec/zephyr/drivers/dsp_comms/client/CMakeFiles/dsp.client.dir/dsp_client_transport.c.obj
[trulo-ish:singleimage] [228/266] Building C object modules/ec/zephyr/drivers/dsp_comms/client/CMakeFiles/dsp.client.dir/dsp_client.c.obj
[ite-aic:ro] [163/261] Building C object zephyr/subsys/crc/CMakeFiles/subsys__crc.dir/crc32c_sw.c.obj
[ite-aic:ro] [164/261] Building C object zephyr/subsys/crc/CMakeFiles/subsys__crc.dir/crc24_sw.c.obj
[trulo-ish:singleimage] [229/266] Building C object modules/ec/zephyr/drivers/dsp_comms/client/CMakeFiles/dsp.client.dir/remote_cbi.c.obj
[ite-aic:ro] [165/261] Building C object zephyr/subsys/crc/CMakeFiles/subsys__crc.dir/crc32_sw.c.obj
[trulo-ish:singleimage] [230/266] Building C object modules/ec/zephyr/drivers/dsp_comms/client/CMakeFiles/dsp.client.dir/remote_lid_angle.c.obj
[trulo-ish:singleimage] [231/266] Building C object modules/ec/zephyr/drivers/dsp_comms/client/CMakeFiles/dsp.client.dir/remote_lid_switch.c.obj
[ite-aic:ro] [166/261] Building C object zephyr/subsys/crc/CMakeFiles/subsys__crc.dir/crc32k_4_2_sw.c.obj
[minimal-npcx9:ro] -- Found gen_kobject_list: /mnt/host/source/src/third_party/zephyr/main/scripts/build/gen_kobject_list.py
[ite-aic:ro] [167/261] Linking C static library zephyr/subsys/crc/libsubsys__crc.a
[minimal-npcx9:ro] CMake Warning at /mnt/host/source/src/third_party/zephyr/main/CMakeLists.txt:2359 (message):
[minimal-npcx9:ro]   __ASSERT() statements are globally ENABLED
[trulo-ish:singleimage] [232/266] Building C object zephyr/kernel/CMakeFiles/kernel.dir/banner.c.obj
[minimal-npcx9:ro] -- Configuring done (14.7s)
[trulo-ish:singleimage] [233/266] Building C object zephyr/kernel/CMakeFiles/kernel.dir/main_weak.c.obj
[chinchou:ro] [28/388] Building C object zephyr/CMakeFiles/zephyr.dir/lib/utils/getopt/getopt_common.c.obj
[trulo-ish:singleimage] [234/266] Building C object modules/ec/zephyr/drivers/dsp_comms/client/CMakeFiles/dsp.client.dir/remote_tablet_switch.c.obj
[sundance:rw] [27/408] Building C object CMakeFiles/app.dir/mnt/host/source/src/platform/ec/zephyr/subsys/ap_pwrseq/ap_reset_log.c.obj
[geralt:ro] [4/371] Generating misc/generated/syscalls.json, misc/generated/struct_tags.json
[trulo-ish:singleimage] [235/266] Linking CXX static library modules/ec/zephyr/drivers/dsp_comms/client/libdsp.client.a
[trulo-ish:singleimage] [236/266] Building C object zephyr/kernel/CMakeFiles/kernel.dir/busy_wait.c.obj
[trulo-ish:singleimage] [237/266] Building C object zephyr/kernel/CMakeFiles/kernel.dir/device.c.obj
[ite-aic:ro] [168/261] Building C object zephyr/drivers/interrupt_controller/CMakeFiles/drivers__interrupt_controller.dir/intc_ite_it8xxx2_v2.c.obj
[geralt:ro] [5/371] Generating include/generated/zephyr/syscall_dispatch.c, include/generated/zephyr/syscall_exports_llext.c, syscall_weakdefs_llext.c, include/generated/zephyr/syscall_list.h
[trulo-ish:singleimage] [238/266] Building C object zephyr/kernel/CMakeFiles/kernel.dir/errno.c.obj
[minimal-npcx9:ro] -- Generating done (0.4s)
[minimal-npcx9:ro] CMake Warning:
[minimal-npcx9:ro] -- Build files have been written to: /mnt/host/source/src/platform/ec/build/zephyr/minimal-npcx9/build-ro
[ite-aic:ro] [169/261] Building C object zephyr/drivers/interrupt_controller/CMakeFiles/drivers__interrupt_controller.dir/wuc_ite_it8xxx2.c.obj
[ite-aic:ro] [170/261] Building C object zephyr/drivers/bbram/CMakeFiles/drivers__bbram.dir/bbram_it8xxx2.c.obj
[chinchou:ro] [29/388] Building C object zephyr/CMakeFiles/zephyr.dir/lib/utils/ring_buffer.c.obj
[ite-aic:ro] [171/261] Linking C static library zephyr/drivers/interrupt_controller/libdrivers__interrupt_controller.a
[geralt:ro] [6/371] Generating include/generated/zephyr/driver-validation.h
[trulo-ish:singleimage] [239/266] Building C object zephyr/kernel/CMakeFiles/kernel.dir/fatal.c.obj
[ite-aic:ro] [172/261] Linking C static library zephyr/drivers/bbram/libdrivers__bbram.a
[geralt:rw] [93/371] Building C object CMakeFiles/app.dir/mnt/host/source/src/platform/ec/build/zephyr/geralt/modules/ec/common/usbc/usb_prl_sm.c.obj
[chinchou:ro] [30/388] Building C object zephyr/CMakeFiles/zephyr.dir/lib/utils/last_section_id.c.obj
[trulo-ish:singleimage] [240/266] Building C object zephyr/kernel/CMakeFiles/kernel.dir/version.c.obj
[trulo-ish:singleimage] [241/266] Building C object zephyr/kernel/CMakeFiles/kernel.dir/kheap.c.obj
[geralt:ro] [7/371] Generating include/generated/zephyr/kobj-types-enum.h, include/generated/zephyr/otype-to-str.h, include/generated/zephyr/otype-to-size.h
[minimal-npcx9:ro]   Manually-specified variables were not used by the project:
[minimal-npcx9:ro]     COREBOOT_SDK_ROOT_libstdcxx_riscv64
[minimal-npcx9:ro]     COREBOOT_SDK_ROOT_libstdcxx_x86
[minimal-npcx9:ro]     COREBOOT_SDK_ROOT_nds32
[minimal-npcx9:ro]     COREBOOT_SDK_ROOT_picolibc_riscv64
[minimal-npcx9:ro]     COREBOOT_SDK_ROOT_picolibc_x86
[minimal-npcx9:ro]     COREBOOT_SDK_ROOT_riscv
[minimal-npcx9:ro]     COREBOOT_SDK_ROOT_riscv64
[minimal-npcx9:ro]     COREBOOT_SDK_ROOT_x86
[geralt:ro] [8/371] Generating include/generated/device-api-sections.ld, include/generated/device-api-sections.cmake
[trulo-ish:singleimage] [242/266] Building C object zephyr/kernel/CMakeFiles/kernel.dir/mem_slab.c.obj
[geralt:rw] [94/371] Building C object CMakeFiles/app.dir/mnt/host/source/src/platform/ec/build/zephyr/geralt/modules/ec/common/usbc/usb_tc_drp_acc_trysrc_sm.c.obj
[trulo-ish:singleimage] [243/266] Building C object zephyr/kernel/CMakeFiles/kernel.dir/float.c.obj
[trulo-ish:singleimage] [244/266] Building C object zephyr/kernel/CMakeFiles/kernel.dir/init.c.obj
[chinchou:ro] [31/388] Building C object zephyr/CMakeFiles/zephyr.dir/misc/generated/configs.c.obj
[ite-aic:ro] [173/261] Building C object zephyr/drivers/console/CMakeFiles/drivers__console.dir/uart_console.c.obj
[sundance:rw] [28/408] Building C object CMakeFiles/app.dir/mnt/host/source/src/platform/ec/build/zephyr/sundance/modules/ec/builtin/stdlib.c.obj
[ite-aic:ro] [174/261] Linking C static library zephyr/drivers/console/libdrivers__console.a
[trulo-ish:singleimage] [245/266] Building C object zephyr/kernel/CMakeFiles/kernel.dir/idle.c.obj
[trulo-ish:singleimage] [246/266] Building C object zephyr/kernel/CMakeFiles/kernel.dir/mailbox.c.obj
[ite-aic:ro] [175/261] Building C object zephyr/drivers/crypto/CMakeFiles/drivers__crypto.dir/crypto_it8xxx2_sha_v2.c.obj
[chinchou:ro] [32/388] Building ASM object zephyr/CMakeFiles/zephyr.dir/soc/ite/ec/common/soc_irq.S.obj
[ite-aic:ro] [176/261] Linking C static library zephyr/drivers/crypto/libdrivers__crypto.a
[ite-aic:ro] [177/261] Building C object zephyr/drivers/flash/CMakeFiles/drivers__flash.dir/flash_ite_it8xxx2.c.obj
[trulo-ish:singleimage] [247/266] Building C object zephyr/kernel/CMakeFiles/kernel.dir/sem.c.obj
[trulo-ish:singleimage] [248/266] Building C object zephyr/kernel/CMakeFiles/kernel.dir/msg_q.c.obj
[trulo-ish:singleimage] [249/266] Building C object zephyr/kernel/CMakeFiles/kernel.dir/mutex.c.obj
[ite-aic:ro] [178/261] Linking C static library zephyr/drivers/flash/libdrivers__flash.a
[trulo-ish:singleimage] [250/266] Building C object zephyr/kernel/CMakeFiles/kernel.dir/queue.c.obj
[geralt:ro] [9/371] Building C object zephyr/CMakeFiles/offsets.dir/arch/riscv/core/offsets/offsets.c.obj
[trulo-ish:singleimage] [251/266] Building C object zephyr/kernel/CMakeFiles/kernel.dir/system_work_q.c.obj
[geralt:rw] [95/371] Building C object CMakeFiles/app.dir/mnt/host/source/src/platform/ec/build/zephyr/geralt/modules/ec/common/usbc/usbc_pd_policy.c.obj
[trulo-ish:singleimage] [252/266] Building C object zephyr/kernel/CMakeFiles/kernel.dir/stack.c.obj
[geralt:rw] [96/371] Building C object CMakeFiles/app.dir/mnt/host/source/src/platform/ec/build/zephyr/geralt/modules/ec/common/usbc/usb_pd_dpm.c.obj
[geralt:rw] [97/371] Building C object CMakeFiles/app.dir/mnt/host/source/src/platform/ec/build/zephyr/geralt/modules/ec/common/usbc/usb_pe_drp_sm.c.obj
[geralt:ro] [10/371] Generating include/generated/zephyr/offsets.h
[chinchou:ro] [33/388] Building C object zephyr/CMakeFiles/zephyr.dir/soc/ite/ec/common/soc_common_irq.c.obj
[sundance:rw] [29/408] Building C object CMakeFiles/app.dir/mnt/host/source/src/platform/ec/build/zephyr/sundance/modules/ec/common/base32.c.obj
[trulo-ish:singleimage] [253/266] Building C object zephyr/kernel/CMakeFiles/kernel.dir/condvar.c.obj
[trulo-ish:singleimage] [254/266] Building C object zephyr/kernel/CMakeFiles/kernel.dir/thread.c.obj
[ite-aic:ro] [179/261] Building C object zephyr/drivers/i2c/CMakeFiles/drivers__i2c.dir/i2c_common.c.obj
[ite-aic:ro] [180/261] Building C object zephyr/drivers/i2c/CMakeFiles/drivers__i2c.dir/i2c_bitbang.c.obj
[trulo-ish:singleimage] [255/266] Building C object zephyr/kernel/CMakeFiles/kernel.dir/sched.c.obj
[trulo-ish:singleimage] [256/266] Building C object zephyr/kernel/CMakeFiles/kernel.dir/pipe.c.obj
[trulo-ish:singleimage] [257/266] Building C object zephyr/kernel/CMakeFiles/kernel.dir/work.c.obj
[trulo-ish:singleimage] [258/266] Building C object zephyr/kernel/CMakeFiles/kernel.dir/spinlock_validate.c.obj
[trulo-ish:singleimage] [259/266] Building C object zephyr/kernel/CMakeFiles/kernel.dir/thread_monitor.c.obj
[geralt:ro] [11/371] Building C object zephyr/CMakeFiles/zephyr.dir/lib/libc/validate_libc.c.obj
[chinchou:ro] [34/388] Building C object zephyr/CMakeFiles/zephyr.dir/soc/ite/ec/common/power.c.obj
[ite-aic:ro] [181/261] Building C object zephyr/drivers/gpio/CMakeFiles/drivers__gpio.dir/gpio_ite_it8xxx2_v2.c.obj
[trulo-ish:singleimage] [260/266] Building C object zephyr/kernel/CMakeFiles/kernel.dir/timeout.c.obj
[ite-aic:ro] [182/261] Linking C static library zephyr/drivers/gpio/libdrivers__gpio.a
[geralt:rw] [98/371] Building C object CMakeFiles/app.dir/mnt/host/source/src/platform/ec/build/zephyr/geralt/modules/ec/common/usb_pd_console_cmd.c.obj
[geralt:rw] [99/371] Building C object CMakeFiles/app.dir/mnt/host/source/src/platform/ec/build/zephyr/geralt/modules/ec/common/usbc/dp_alt_mode.c.obj
[geralt:rw] [100/371] Building C object CMakeFiles/app.dir/mnt/host/source/src/platform/ec/build/zephyr/geralt/modules/ec/common/usb_pd_host_cmd.c.obj
[trulo-ish:singleimage] [261/266] Building C object zephyr/kernel/CMakeFiles/kernel.dir/events.c.obj
[trulo-ish:singleimage] [262/266] Building C object zephyr/kernel/CMakeFiles/kernel.dir/timer.c.obj
[trulo-ish:singleimage] [263/266] Building C object zephyr/kernel/CMakeFiles/kernel.dir/mempool.c.obj
[trulo-ish:singleimage] [264/266] Building C object zephyr/kernel/CMakeFiles/kernel.dir/dynamic_disabled.c.obj
[trulo-ish:singleimage] [265/266] Building C object zephyr/kernel/CMakeFiles/kernel.dir/poll.c.obj
[ite-aic:ro] [183/261] Building C object zephyr/drivers/i2c/CMakeFiles/drivers__i2c.dir/i2c_shell.c.obj
[sundance:rw] [30/408] Building C object CMakeFiles/app.dir/mnt/host/source/src/platform/ec/build/zephyr/sundance/modules/ec/common/console_output.c.obj
[trulo-ish:singleimage] [266/266] Linking CXX static library zephyr/kernel/libkernel.a
[ite-aic:ro] [184/261] Building C object zephyr/drivers/pinctrl/CMakeFiles/drivers__pinctrl.dir/common.c.obj
[ite-aic:ro] [185/261] Building C object zephyr/drivers/i2c/CMakeFiles/drivers__i2c.dir/i2c_ite_enhance.c.obj
[ite-aic:ro] [186/261] Building C object zephyr/drivers/syscon/CMakeFiles/drivers__syscon.dir/mnt/host/source/src/third_party/zephyr/main/misc/empty_file.c.obj
[ite-aic:ro] [187/261] Linking C static library zephyr/drivers/i2c/libdrivers__i2c.a
[chinchou:ro] [35/388] Building C object zephyr/CMakeFiles/zephyr.dir/soc/ite/ec/common/policy.c.obj
[ite-aic:ro] [188/261] Linking C static library zephyr/drivers/syscon/libdrivers__syscon.a
[geralt:ro] [12/371] Building C object zephyr/CMakeFiles/zephyr.dir/lib/heap/heap.c.obj
[/mnt/host/source/src/platform/ec/build/zephyr/meliks-lcov]   /mnt/host/source/src/platform/ec/build/zephyr/meliks/build-ro/CMakeFiles/app.dir/mnt/host/source/src/platform/ec/build/zephyr/meliks/modules/ec/common/chargen.c.gcno:no functions found
[/mnt/host/source/src/platform/ec/build/zephyr/meliks-lcov] stderr:
[geralt:rw] [101/371] Building C object CMakeFiles/app.dir/mnt/host/source/src/platform/ec/build/zephyr/geralt/modules/ec/common/usbc/usb_pd_host.c.obj
[geralt:rw] [102/371] Building C object CMakeFiles/app.dir/mnt/host/source/src/platform/ec/build/zephyr/geralt/modules/ec/common/usbc/svdm_rsp_dfp_only.c.obj
[chinchou:ro] [36/388] Building C object zephyr/CMakeFiles/zephyr.dir/soc/ite/ec/it8xxx2/soc.c.obj
[ite-aic:ro] [189/261] Building C object zephyr/drivers/pinctrl/CMakeFiles/drivers__pinctrl.dir/pinctrl_ite_it8xxx2.c.obj
[ite-aic:ro] [190/261] Building C object zephyr/drivers/serial/CMakeFiles/drivers__serial.dir/uart_ite_it8xxx2.c.obj
[geralt:rw] [103/371] Building C object CMakeFiles/app.dir/mnt/host/source/src/platform/ec/build/zephyr/geralt/modules/ec/common/usb_pd_host_cmd_common.c.obj
[ite-aic:ro] [191/261] Linking C static library zephyr/drivers/pinctrl/libdrivers__pinctrl.a
[geralt:ro] [13/371] Building C object zephyr/CMakeFiles/zephyr.dir/lib/os/cbprintf_packaged.c.obj
[ite-aic:ro] [192/261] Building C object zephyr/drivers/serial/CMakeFiles/drivers__serial.dir/uart_ns16550.c.obj
[ite-aic:ro] [193/261] Linking C static library zephyr/drivers/serial/libdrivers__serial.a
[geralt:rw] [104/371] Building C object CMakeFiles/app.dir/mnt/host/source/src/platform/ec/build/zephyr/geralt/modules/ec/zephyr/shim/src/tcpc.c.obj
[sundance:rw] [31/408] Building C object CMakeFiles/app.dir/mnt/host/source/src/platform/ec/build/zephyr/sundance/modules/ec/common/ec_features.c.obj
[chinchou:ro] [37/388] Building C object zephyr/CMakeFiles/zephyr.dir/soc/ite/ec/it8xxx2/check_regs.c.obj
[sundance:rw] [32/408] Building C object CMakeFiles/app.dir/mnt/host/source/src/platform/ec/build/zephyr/sundance/modules/ec/common/gpio_commands.c.obj
[ite-aic:ro] [194/261] Building C object zephyr/drivers/timer/CMakeFiles/drivers__timer.dir/sys_clock_init.c.obj
[chinchou:ro] [38/388] Building ASM object zephyr/CMakeFiles/zephyr.dir/soc/ite/ec/it8xxx2/vector.S.obj
[ite-aic:ro] [195/261] Building C object zephyr/drivers/timer/CMakeFiles/drivers__timer.dir/ite_it8xxx2_timer.c.obj
[chinchou:ro] [39/388] Building ASM object zephyr/CMakeFiles/zephyr.dir/soc/ite/ec/it8xxx2/__arithmetic.S.obj
[ite-aic:ro] [196/261] Linking C static library zephyr/drivers/timer/libdrivers__timer.a
[geralt:ro] [14/371] Building C object zephyr/CMakeFiles/zephyr.dir/lib/os/clock.c.obj
[geralt:ro] [15/371] Building C object zephyr/CMakeFiles/zephyr.dir/lib/os/printk.c.obj
[ite-aic:ro] [197/261] Building C object zephyr/drivers/watchdog/CMakeFiles/drivers__watchdog.dir/wdt_ite_it8xxx2.c.obj
[ite-aic:ro] [198/261] Building C object zephyr/drivers/watchdog/CMakeFiles/drivers__watchdog.dir/wdt_shell.c.obj
[geralt:rw] [105/371] Building C object CMakeFiles/app.dir/mnt/host/source/src/platform/ec/build/zephyr/geralt/modules/ec/common/usb_pd_discovery.c.obj
[ite-aic:ro] [199/261] Linking C static library zephyr/drivers/watchdog/libdrivers__watchdog.a
[geralt:rw] [106/371] Building C object CMakeFiles/app.dir/mnt/host/source/src/platform/ec/build/zephyr/geralt/modules/ec/common/usbc_ocp.c.obj
[geralt:rw] [107/371] Building C object CMakeFiles/app.dir/mnt/host/source/src/platform/ec/build/zephyr/geralt/modules/ec/common/usb_pd_dual_role.c.obj
[geralt:rw] [108/371] Building C object CMakeFiles/app.dir/mnt/host/source/src/platform/ec/build/zephyr/geralt/modules/ec/common/usbc/dp_hpd_gpio.c.obj
[ite-aic:ro] [200/261] Building C object modules/ec/zephyr/CMakeFiles/ec_shim.dir/app/ec/main_shim.c.obj
[chinchou:ro] [40/388] Building C object zephyr/CMakeFiles/zephyr.dir/soc/ite/ec/it8xxx2/ilm.c.obj
[ite-aic:ro] [201/261] Building C object modules/ec/zephyr/CMakeFiles/ec_shim.dir/app/ec/ec_app_main.c.obj
[sundance:rw] [33/408] Building C object CMakeFiles/app.dir/mnt/host/source/src/platform/ec/build/zephyr/sundance/modules/ec/common/peripheral.c.obj
[chinchou:ro] [41/388] Building C object zephyr/CMakeFiles/zephyr.dir/subsys/logging/log_minimal.c.obj
[geralt:ro] [16/371] Building C object zephyr/CMakeFiles/zephyr.dir/lib/os/sem.c.obj
[ite-aic:ro] [202/261] Building C object modules/ec/zephyr/CMakeFiles/ec_shim.dir/drivers/cros_flash/cros_flash_it8xxx2.c.obj
[sundance:rw] [34/408] Building C object CMakeFiles/app.dir/mnt/host/source/src/platform/ec/build/zephyr/sundance/modules/ec/common/printf.c.obj
[geralt:ro] [17/371] Building C object zephyr/CMakeFiles/zephyr.dir/lib/os/thread_entry.c.obj
[ite-aic:ro] [203/261] Building C object modules/ec/zephyr/CMakeFiles/ec_shim.dir/shim/chip/it8xxx2/clock.c.obj
[ite-aic:ro] [204/261] Building C object modules/ec/zephyr/CMakeFiles/ec_shim.dir/drivers/cros_system/cros_system_it8xxx2.c.obj
[ite-aic:ro] [205/261] Building C object modules/ec/zephyr/CMakeFiles/ec_shim.dir/shim/chip/it8xxx2/gpio.c.obj
[chinchou:ro] [42/388] Building C object zephyr/CMakeFiles/zephyr.dir/subsys/pm/state.c.obj
[chinchou:ro] [43/388] Building C object zephyr/CMakeFiles/zephyr.dir/subsys/pm/pm.c.obj
[ite-aic:ro] [206/261] Building C object modules/ec/zephyr/CMakeFiles/ec_shim.dir/shim/chip/it8xxx2/system.c.obj
[ite-aic:ro] [207/261] Building C object modules/ec/zephyr/CMakeFiles/ec_shim.dir/shim/src/crc.c.obj
[geralt:rw] [109/371] Building C object CMakeFiles/app.dir/mnt/host/source/src/platform/ec/build/zephyr/geralt/modules/ec/driver/tcpm/ite_pd_intc.c.obj
[geralt:rw] [110/371] Building C object CMakeFiles/app.dir/mnt/host/source/src/platform/ec/build/zephyr/geralt/modules/ec/common/usbc_ppc.c.obj
[geralt:ro] [18/371] Building C object zephyr/CMakeFiles/zephyr.dir/lib/os/cbprintf.c.obj
[ite-aic:ro] [208/261] Building C object modules/ec/zephyr/CMakeFiles/ec_shim.dir/shim/chip/it8xxx2/power_policy.c.obj
[geralt:rw] [111/371] Building C object CMakeFiles/app.dir/mnt/host/source/src/platform/ec/build/zephyr/geralt/modules/ec/driver/tcpm/tcpci.c.obj
[geralt:ro] [19/371] Building C object zephyr/CMakeFiles/zephyr.dir/lib/os/cbprintf_nano.c.obj
[sundance:rw] [35/408] Building C object CMakeFiles/app.dir/mnt/host/source/src/platform/ec/build/zephyr/sundance/modules/ec/common/queue.c.obj
[geralt:rw] [112/371] Building C object CMakeFiles/app.dir/mnt/host/source/src/platform/ec/build/zephyr/geralt/modules/ec/driver/tcpm/it8xxx2.c.obj
[geralt:ro] [20/371] Building C object zephyr/CMakeFiles/zephyr.dir/lib/utils/dec.c.obj
[ite-aic:ro] [209/261] Building C object modules/ec/zephyr/CMakeFiles/ec_shim.dir/shim/src/console.c.obj
[sundance:rw] [36/408] Building C object CMakeFiles/app.dir/mnt/host/source/src/platform/ec/build/zephyr/sundance/modules/ec/common/system.c.obj
[chinchou:ro] [44/388] Building C object zephyr/CMakeFiles/zephyr.dir/subsys/pm/policy/policy_latency.c.obj
[ite-aic:ro] [210/261] Building C object modules/ec/zephyr/CMakeFiles/ec_shim.dir/shim/src/panic_utils.c.obj
[chinchou:ro] [45/388] Building C object zephyr/CMakeFiles/zephyr.dir/subsys/pm/policy/policy_events.c.obj
[geralt:ro] [21/371] Building C object zephyr/CMakeFiles/zephyr.dir/lib/os/assert.c.obj
[ite-aic:ro] [211/261] Building C object modules/ec/zephyr/CMakeFiles/ec_shim.dir/shim/src/gpio_int.c.obj
[ite-aic:ro] [212/261] Building C object modules/ec/zephyr/CMakeFiles/ec_shim.dir/shim/src/gpio.c.obj
[ite-aic:ro] [213/261] Building C object modules/ec/zephyr/CMakeFiles/ec_shim.dir/shim/src/pm_state.c.obj
[geralt:ro] [22/371] Building C object zephyr/CMakeFiles/zephyr.dir/lib/utils/hex.c.obj
[geralt:rw] [113/371] Building C object CMakeFiles/app.dir/mnt/host/source/src/platform/ec/build/zephyr/geralt/modules/ec/driver/ppc/syv682x.c.obj
[geralt:rw] [114/371] Building C object CMakeFiles/app.dir/mnt/host/source/src/platform/ec/build/zephyr/geralt/modules/ec/driver/ppc/rt1739.c.obj
[geralt:ro] [23/371] Building C object zephyr/CMakeFiles/zephyr.dir/lib/utils/timeutil.c.obj
[geralt:rw] [115/371] Building C object CMakeFiles/app.dir/mnt/host/source/src/platform/ec/build/zephyr/geralt/modules/ec/common/vboot_hash.c.obj
[chinchou:ro] [46/388] Building C object zephyr/CMakeFiles/zephyr.dir/subsys/pm/policy/policy_state_lock.c.obj
[ite-aic:ro] [214/261] Building C object modules/ec/zephyr/CMakeFiles/ec_shim.dir/shim/src/cbi/cros_cbi.c.obj
[sundance:rw] [37/408] Building C object CMakeFiles/app.dir/mnt/host/source/src/platform/ec/build/zephyr/sundance/modules/ec/common/system_boot_time.c.obj
[geralt:rw] [116/371] Building C object CMakeFiles/app.dir/mnt/host/source/src/platform/ec/build/zephyr/geralt/modules/ec/common/button.c.obj
[ite-aic:ro] [215/261] Building C object modules/ec/zephyr/CMakeFiles/ec_shim.dir/shim/src/cbi/cbi_flash.c.obj
[sundance:rw] [38/408] Building C object CMakeFiles/app.dir/mnt/host/source/src/platform/ec/build/zephyr/sundance/modules/ec/common/uart_printf.c.obj
[geralt:ro] [24/371] Building C object zephyr/CMakeFiles/zephyr.dir/lib/utils/rb.c.obj
[ite-aic:ro] [216/261] Building C object modules/ec/zephyr/CMakeFiles/ec_shim.dir/shim/src/flash.c.obj
[chinchou:ro] [47/388] Building C object zephyr/CMakeFiles/zephyr.dir/subsys/pm/device.c.obj
[ite-aic:ro] [217/261] Building C object modules/ec/zephyr/CMakeFiles/ec_shim.dir/shim/src/system.c.obj
[ite-aic:ro] [218/261] Building C object modules/ec/zephyr/CMakeFiles/ec_shim.dir/shim/src/hooks.c.obj
[geralt:ro] [25/371] Building C object zephyr/CMakeFiles/zephyr.dir/lib/utils/bitmask.c.obj
[geralt:rw] [117/371] Building C object CMakeFiles/app.dir/mnt/host/source/src/platform/ec/build/zephyr/geralt/modules/ec/common/vstore.c.obj
[geralt:ro] [26/371] Building C object zephyr/CMakeFiles/zephyr.dir/lib/utils/bitarray.c.obj
[geralt:rw] [118/371] Building C object CMakeFiles/app.dir/mnt/host/source/src/platform/ec/build/zephyr/geralt/modules/ec/common/vboot/efs2.c.obj
[chinchou:ro] [48/388] Building C object zephyr/CMakeFiles/zephyr.dir/subsys/pm/device_system_managed.c.obj
[ite-aic:ro] [219/261] Building C object modules/ec/zephyr/CMakeFiles/ec_shim.dir/shim/src/host_command.c.obj
[geralt:rw] [119/371] Building C object CMakeFiles/app.dir/mnt/host/source/src/platform/ec/build/zephyr/geralt/modules/ec/common/math_util.c.obj
[ite-aic:ro] [220/261] Building C object modules/ec/zephyr/CMakeFiles/ec_shim.dir/shim/src/console_buffer.c.obj
[geralt:rw] [120/371] Building C object CMakeFiles/app.dir/src/ccd_mode.c.obj
[ite-aic:ro] [221/261] Building C object modules/ec/zephyr/CMakeFiles/ec_shim.dir/shim/src/hwtimer.c.obj
[sundance:rw] [39/408] Building C object CMakeFiles/app.dir/mnt/host/source/src/platform/ec/build/zephyr/sundance/modules/ec/common/util.c.obj
[chinchou:ro] [49/388] Building C object zephyr/CMakeFiles/zephyr.dir/subsys/testsuite/coverage/coverage.c.obj
[ite-aic:ro] [222/261] Building C object modules/ec/zephyr/CMakeFiles/ec_shim.dir/shim/src/panic.c.obj
[sundance:rw] [40/408] Building C object CMakeFiles/app.dir/mnt/host/source/src/platform/ec/build/zephyr/sundance/modules/ec/common/version.c.obj
[ite-aic:ro] [223/261] Building C object modules/ec/zephyr/CMakeFiles/ec_shim.dir/shim/src/i2c.c.obj
[geralt:ro] [27/371] Building C object zephyr/CMakeFiles/zephyr.dir/lib/utils/getopt/getopt.c.obj
[geralt:ro] [28/371] Building C object zephyr/CMakeFiles/zephyr.dir/lib/utils/getopt/getopt_common.c.obj
[geralt:rw] [121/371] Building C object CMakeFiles/app.dir/src/backlight.c.obj
[chinchou:ro] [50/388] Building C object zephyr/CMakeFiles/zephyr.dir/subsys/tracing/tracing_none.c.obj
[ite-aic:ro] [224/261] Building C object modules/ec/zephyr/CMakeFiles/ec_shim.dir/shim/src/watchdog.c.obj
[geralt:ro] [29/371] Building C object zephyr/CMakeFiles/zephyr.dir/lib/utils/last_section_id.c.obj
[geralt:rw] [122/371] Building C object CMakeFiles/app.dir/src/hibernate.c.obj
[geralt:rw] [123/371] Building C object CMakeFiles/app.dir/src/i2c.c.obj
[ite-aic:ro] [225/261] Building C object modules/ec/zephyr/CMakeFiles/ec_shim.dir/shim/src/tasks.c.obj
[chinchou:ro] [51/388] Building C object zephyr/CMakeFiles/zephyr.dir/subsys/shell/modules/kernel_service/kernel_shell.c.obj
[ite-aic:ro] [226/261] Building C object modules/ec/zephyr/CMakeFiles/ec_shim.dir/shim/src/sha256_hw.c.obj
[geralt:ro] [30/371] Building C object zephyr/CMakeFiles/zephyr.dir/lib/utils/ring_buffer.c.obj
[geralt:rw] [124/371] Building C object CMakeFiles/app.dir/src/hooks.c.obj
[ite-aic:ro] [227/261] Building C object zephyr/kernel/CMakeFiles/kernel.dir/main_weak.c.obj
[sundance:rw] [41/408] Building C object CMakeFiles/app.dir/mnt/host/source/src/platform/ec/build/zephyr/sundance/modules/ec/common/power_button_x86.c.obj
[ite-aic:ro] [228/261] Building C object modules/ec/zephyr/CMakeFiles/ec_shim.dir/shim/src/usbc_stub.c.obj
[geralt:ro] [31/371] Building C object zephyr/CMakeFiles/zephyr.dir/misc/generated/configs.c.obj
[ite-aic:ro] [229/261] Linking C static library modules/ec/zephyr/libec_shim.a
[geralt:ro] [32/371] Building ASM object zephyr/CMakeFiles/zephyr.dir/soc/ite/ec/common/soc_irq.S.obj
[sundance:rw] [42/408] Building C object CMakeFiles/app.dir/mnt/host/source/src/platform/ec/build/zephyr/sundance/modules/ec/driver/accel_lis2dw12.c.obj
[ite-aic:ro] [230/261] Building C object zephyr/kernel/CMakeFiles/kernel.dir/banner.c.obj
[chinchou:ro] [52/388] Building C object zephyr/CMakeFiles/zephyr.dir/subsys/shell/modules/kernel_service/cycles.c.obj
[ite-aic:ro] [231/261] Building C object zephyr/kernel/CMakeFiles/kernel.dir/device.c.obj
[ite-aic:ro] [232/261] Building C object zephyr/kernel/CMakeFiles/kernel.dir/errno.c.obj
[ite-aic:ro] [233/261] Building C object zephyr/kernel/CMakeFiles/kernel.dir/busy_wait.c.obj
[geralt:rw] [125/371] Building C object CMakeFiles/app.dir/src/dp_alt_mode.c.obj
[/mnt/host/source/src/platform/ec/build/zephyr/meliks-lcov]   /mnt/host/source/src/platform/ec/build/zephyr/meliks/build-ro/CMakeFiles/app.dir/mnt/host/source/src/platform/ec/build/zephyr/meliks/modules/ec/common/cbi_config.c.gcno:no functions found
[/mnt/host/source/src/platform/ec/build/zephyr/meliks-lcov] stderr:
[chinchou:ro] [53/388] Building C object zephyr/CMakeFiles/zephyr.dir/subsys/shell/modules/kernel_service/sleep.c.obj
[geralt:ro] [33/371] Building C object zephyr/CMakeFiles/zephyr.dir/soc/ite/ec/common/soc_common_irq.c.obj
[geralt:rw] [126/371] Building C object CMakeFiles/app.dir/src/usbc_config.c.obj
[ite-aic:ro] [234/261] Building C object zephyr/kernel/CMakeFiles/kernel.dir/fatal.c.obj
[geralt:rw] [127/371] Building C object CMakeFiles/app.dir/src/base_detect.c.obj
[geralt:ro] [34/371] Building C object zephyr/CMakeFiles/zephyr.dir/soc/ite/ec/common/power.c.obj
[geralt:rw] [128/371] Building C object CMakeFiles/app.dir/src/usb_pd_policy.c.obj
[sundance:rw] [43/408] Building C object CMakeFiles/app.dir/mnt/host/source/src/platform/ec/build/zephyr/sundance/modules/ec/driver/accelgyro_lsm6dsm.c.obj
[ite-aic:ro] [235/261] Building C object zephyr/kernel/CMakeFiles/kernel.dir/version.c.obj
[ite-aic:ro] [236/261] Building C object zephyr/kernel/CMakeFiles/kernel.dir/kheap.c.obj
[chinchou:ro] [54/388] Building C object zephyr/CMakeFiles/zephyr.dir/subsys/shell/modules/kernel_service/uptime.c.obj
[ite-aic:ro] [237/261] Building C object zephyr/kernel/CMakeFiles/kernel.dir/mem_slab.c.obj
[geralt:rw] [129/371] Building C object zephyr/CMakeFiles/zephyr.dir/lib/libc/validate_libc.c.obj
[ite-aic:ro] [238/261] Building C object zephyr/kernel/CMakeFiles/kernel.dir/float.c.obj
[ite-aic:ro] [239/261] Building C object zephyr/kernel/CMakeFiles/kernel.dir/init.c.obj
[geralt:rw] [130/371] Linking C static library app/libapp.a
[chinchou:ro] [55/388] Building C object zephyr/CMakeFiles/zephyr.dir/subsys/shell/modules/kernel_service/version.c.obj
[sundance:rw] [44/408] Building C object CMakeFiles/app.dir/mnt/host/source/src/platform/ec/build/zephyr/sundance/modules/ec/common/motion_sense_fifo.c.obj
[geralt:ro] [35/371] Building C object zephyr/CMakeFiles/zephyr.dir/soc/ite/ec/common/policy.c.obj
[geralt:ro] [36/371] Building C object zephyr/CMakeFiles/zephyr.dir/soc/ite/ec/it8xxx2/soc.c.obj
[geralt:rw] [131/371] Building C object zephyr/CMakeFiles/zephyr.dir/lib/os/cbprintf_packaged.c.obj
[geralt:rw] [132/371] Building C object zephyr/CMakeFiles/zephyr.dir/lib/heap/heap.c.obj
[ite-aic:ro] [240/261] Building C object zephyr/kernel/CMakeFiles/kernel.dir/mailbox.c.obj
[ite-aic:ro] [241/261] Building C object zephyr/kernel/CMakeFiles/kernel.dir/idle.c.obj
[ite-aic:ro] [242/261] Building C object zephyr/kernel/CMakeFiles/kernel.dir/mutex.c.obj
[chinchou:ro] [56/388] Building C object zephyr/CMakeFiles/zephyr.dir/subsys/shell/modules/kernel_service/thread/thread.c.obj
[geralt:rw] [133/371] Building C object zephyr/CMakeFiles/zephyr.dir/lib/os/clock.c.obj
[ite-aic:ro] [243/261] Building C object zephyr/kernel/CMakeFiles/kernel.dir/msg_q.c.obj
[geralt:ro] [37/371] Building C object zephyr/CMakeFiles/zephyr.dir/soc/ite/ec/it8xxx2/check_regs.c.obj
[geralt:rw] [134/371] Building C object zephyr/CMakeFiles/zephyr.dir/lib/os/printk.c.obj
[ite-aic:ro] [244/261] Building C object zephyr/kernel/CMakeFiles/kernel.dir/queue.c.obj
[geralt:ro] [38/371] Building ASM object zephyr/CMakeFiles/zephyr.dir/soc/ite/ec/it8xxx2/vector.S.obj
[/mnt/host/source/src/platform/ec/build/zephyr/meliks-lcov]   /mnt/host/source/src/platform/ec/build/zephyr/meliks/build-ro/zephyr/arch/arch/arm/core/mpu/CMakeFiles/arch__arm__core__mpu.dir/arm_mpu_regions.c.gcno:no functions found
[/mnt/host/source/src/platform/ec/build/zephyr/meliks-lcov] stderr:
[chinchou:ro] [57/388] Building C object zephyr/CMakeFiles/zephyr.dir/subsys/shell/modules/kernel_service/thread/list.c.obj
[sundance:rw] [45/408] Building C object CMakeFiles/app.dir/mnt/host/source/src/platform/ec/build/zephyr/sundance/modules/ec/common/adc.c.obj
[geralt:rw] [135/371] Building C object zephyr/CMakeFiles/zephyr.dir/lib/os/sem.c.obj
[geralt:rw] [136/371] Building C object zephyr/CMakeFiles/zephyr.dir/lib/os/thread_entry.c.obj
[sundance:rw] [46/408] Building C object CMakeFiles/app.dir/mnt/host/source/src/platform/ec/build/zephyr/sundance/modules/ec/common/acpi.c.obj
[ite-aic:ro] [245/261] Building C object zephyr/kernel/CMakeFiles/kernel.dir/system_work_q.c.obj
[ite-aic:ro] [246/261] Building C object zephyr/kernel/CMakeFiles/kernel.dir/stack.c.obj
[ite-aic:ro] [247/261] Building C object zephyr/kernel/CMakeFiles/kernel.dir/sem.c.obj
[geralt:rw] [137/371] Building C object zephyr/CMakeFiles/zephyr.dir/lib/os/cbprintf.c.obj
[geralt:rw] [138/371] Building C object zephyr/CMakeFiles/zephyr.dir/lib/os/cbprintf_nano.c.obj
[geralt:rw] [139/371] Building C object zephyr/CMakeFiles/zephyr.dir/lib/utils/dec.c.obj
[geralt:ro] [39/371] Building C object zephyr/CMakeFiles/zephyr.dir/soc/ite/ec/it8xxx2/ilm.c.obj
[ite-aic:ro] [248/261] Building C object zephyr/kernel/CMakeFiles/kernel.dir/condvar.c.obj
[geralt:ro] [40/371] Building C object zephyr/CMakeFiles/zephyr.dir/subsys/logging/log_minimal.c.obj
[chinchou:ro] [58/388] Building C object zephyr/CMakeFiles/zephyr.dir/subsys/shell/modules/kernel_service/thread/stacks.c.obj
[ite-aic:ro] [249/261] Building C object zephyr/kernel/CMakeFiles/kernel.dir/work.c.obj
[geralt:rw] [140/371] Building C object zephyr/CMakeFiles/zephyr.dir/lib/os/assert.c.obj
[geralt:rw] [141/371] Building C object zephyr/CMakeFiles/zephyr.dir/lib/utils/hex.c.obj
[chinchou:ro] [59/388] Building C object zephyr/CMakeFiles/zephyr.dir/subsys/shell/modules/kernel_service/thread/unwind.c.obj
[geralt:rw] [142/371] Building C object zephyr/CMakeFiles/zephyr.dir/lib/utils/timeutil.c.obj
[/mnt/host/source/src/platform/ec/build/zephyr/meliks-lcov]   /mnt/host/source/src/platform/ec/build/zephyr/meliks/build-ro/zephyr/arch/common/CMakeFiles/isr_tables.dir/isr_tables.c.gcno:no functions found
[/mnt/host/source/src/platform/ec/build/zephyr/meliks-lcov] stderr:
[ite-aic:ro] [250/261] Building C object zephyr/kernel/CMakeFiles/kernel.dir/thread.c.obj
[ite-aic:ro] [251/261] Building C object zephyr/kernel/CMakeFiles/kernel.dir/pipe.c.obj
[geralt:rw] [143/371] Building C object zephyr/CMakeFiles/zephyr.dir/lib/utils/bitmask.c.obj
[sundance:rw] [47/408] Building C object CMakeFiles/app.dir/mnt/host/source/src/platform/ec/build/zephyr/sundance/modules/ec/common/backlight_lid.c.obj
[geralt:ro] [41/371] Building C object zephyr/CMakeFiles/zephyr.dir/subsys/pm/state.c.obj
[ite-aic:ro] [252/261] Building C object zephyr/kernel/CMakeFiles/kernel.dir/spinlock_validate.c.obj
[sundance:rw] [48/408] Building C object CMakeFiles/app.dir/mnt/host/source/src/platform/ec/build/zephyr/sundance/modules/ec/common/battery.c.obj
[geralt:rw] [144/371] Building C object zephyr/CMakeFiles/zephyr.dir/lib/utils/rb.c.obj
[ite-aic:ro] [253/261] Building C object zephyr/kernel/CMakeFiles/kernel.dir/sched.c.obj
[geralt:ro] [42/371] Building C object zephyr/CMakeFiles/zephyr.dir/subsys/pm/pm.c.obj
[ite-aic:ro] [254/261] Building C object zephyr/kernel/CMakeFiles/kernel.dir/thread_monitor.c.obj
[chinchou:ro] [60/388] Building C object zephyr/CMakeFiles/zephyr.dir/subsys/shell/modules/kernel_service/thread/suspend.c.obj
[chinchou:ro] [61/388] Building C object zephyr/CMakeFiles/zephyr.dir/subsys/shell/modules/kernel_service/thread/resume.c.obj
[geralt:rw] [145/371] Building C object zephyr/CMakeFiles/zephyr.dir/lib/utils/bitarray.c.obj
[geralt:rw] [146/371] Building C object zephyr/CMakeFiles/zephyr.dir/lib/utils/getopt/getopt.c.obj
[geralt:rw] [147/371] Building C object zephyr/CMakeFiles/zephyr.dir/lib/utils/ring_buffer.c.obj
[geralt:rw] [148/371] Building C object zephyr/CMakeFiles/zephyr.dir/lib/utils/last_section_id.c.obj
[ite-aic:ro] [255/261] Building C object zephyr/kernel/CMakeFiles/kernel.dir/timeout.c.obj
[geralt:rw] [149/371] Building C object zephyr/CMakeFiles/zephyr.dir/lib/utils/getopt/getopt_common.c.obj
[ite-aic:ro] [256/261] Building C object zephyr/kernel/CMakeFiles/kernel.dir/timer.c.obj
Running (initial) lcov on /mnt/host/source/src/platform/ec/build/zephyr/trulo-ish.
[ite-aic:ro] [257/261] Building C object zephyr/kernel/CMakeFiles/kernel.dir/poll.c.obj
[geralt:ro] [43/371] Building C object zephyr/CMakeFiles/zephyr.dir/subsys/pm/policy/policy_events.c.obj
[geralt:ro] [44/371] Building C object zephyr/CMakeFiles/zephyr.dir/subsys/pm/policy/policy_latency.c.obj
[geralt:rw] [150/371] Building ASM object zephyr/CMakeFiles/zephyr.dir/soc/ite/ec/common/soc_irq.S.obj
[ite-aic:ro] [258/261] Building C object zephyr/kernel/CMakeFiles/kernel.dir/mempool.c.obj
[ite-aic:ro] [259/261] Building C object zephyr/kernel/CMakeFiles/kernel.dir/events.c.obj
[sundance:rw] [49/408] Building C object CMakeFiles/app.dir/mnt/host/source/src/platform/ec/build/zephyr/sundance/modules/ec/common/battery_info.c.obj
[geralt:rw] [151/371] Building C object zephyr/CMakeFiles/zephyr.dir/misc/generated/configs.c.obj
[chinchou:ro] [62/388] Building C object zephyr/CMakeFiles/zephyr.dir/subsys/shell/modules/kernel_service/thread/kill.c.obj
Running `env -i PYTHONPATH=/usr/lib64/python-exec/python3.11:/mnt/host/source/src/platform/ec/zephyr/zmake:/usr/lib/python311.zip:/usr/lib/python3.11:/usr/lib/python3.11/lib-dynload:/usr/lib/python3.11/site-packages PW_PIGWEED_CIPD_INSTALL_DIR=/usr CROSTC_USER_ACKNOWLEDGES_THAT_RISCV_IS_EXPERIMENTAL=1 PATH=/mnt/host/source/chromite/bin:/usr/local/bin:/usr/bin:/bin:/opt/bin:/mnt/host/source/chromite/sdk/bin:/mnt/host/source/chromite/bin HOME=/home/jpmurphy JAVA_HOME=/etc/java-config-2/current-system-vm JDK_HOME=/etc/java-config-2/current-system-vm JAVAC=/etc/java-config-2/current-system-vm/bin/javac MAKEFLAGS=' -j16 --jobserver-auth=5,6' /usr/bin/lcov --gcov-tool /mnt/host/source/src/platform/ec/build/zephyr/trulo-ish/build-singleimage/gcov.sh -q -o - -c -d /mnt/host/source/src/platform/ec/build/zephyr/trulo-ish -t trulo-ish --rc branch_coverage=1 --filter range --ignore-errors inconsistent,source --ignore-errors gcov,gcov -i`
[sundance:rw] [50/408] Building C object CMakeFiles/app.dir/mnt/host/source/src/platform/ec/build/zephyr/sundance/modules/ec/common/battery_fuel_gauge.c.obj
[chinchou:ro] [63/388] Building C object zephyr/CMakeFiles/zephyr.dir/subsys/shell/backends/shell_uart.c.obj
[geralt:rw] [152/371] Building C object zephyr/CMakeFiles/zephyr.dir/soc/ite/ec/common/soc_common_irq.c.obj
[sundance:ro] Building: /usr/bin/ninja -C /mnt/host/source/src/platform/ec/build/zephyr/sundance/build-ro all.libraries
Running `env -i SHELL=/bin/bash COLORTERM=truecolor DEPOT_TOOLS_UPDATE=0 LESS='-R -M --shift 5' SUDO_GID=0 JDK_HOME=/etc/java-config-2/current-system-vm CONFIG_PROTECT_MASK='/etc/gentoo-release /etc/sandbox.d /etc/fonts/fonts.conf /etc/terminfo /etc/ca-certificates.conf /etc/revdep-rebuild' CHROMEOS_CACHEDIR=/var/cache/chromeos-cache JAVA_HOME=/etc/java-config-2/current-system-vm SSH_AUTH_SOCK=/tmp/ssh-auth-sock SUDO_COMMAND=/bin/bash SUDO_USER=root SUDO_TTY=/dev/pts/2 EDITOR=/usr/bin/vi PWD=/mnt/host/source/src/platform/ec CONFIG_PROTECT=/usr/share/gnupg/qualified.txt LOGNAME=jpmurphy MANPATH=/etc/java-config-2/current-system-vm/man:/usr/local/share/man:/usr/share/man:/usr/share/gcc-data/x86_64-pc-linux-gnu/10.2.0/man:/usr/share/binutils-data/x86_64-pc-linux-gnu/2.45/man:/etc/java-config-2/current-system-vm/man/ SUDO_HOME=/root XAUTHORITY=/run/user/944457/gdm/Xauthority HOME=/home/jpmurphy LANG=C.UTF-8 LS_COLORS='rs=0:di=01;34:ln=01;36:mh=00:pi=40;33:so=01;35:do=01;35:bd=40;33;01:cd=40;33;01:or=01;05;37;41:mi=01;05;37;41:su=37;41:sg=30;43:ca=30;41:tw=30;42:ow=34;42:st=37;44:ex=01;32:*.tar=01;31:*.tgz=01;31:*.arc=01;31:*.arj=01;31:*.taz=01;31:*.lha=01;31:*.lz4=01;31:*.lzh=01;31:*.lzma=01;31:*.tlz=01;31:*.txz=01;31:*.tzo=01;31:*.t7z=01;31:*.zip=01;31:*.z=01;31:*.dz=01;31:*.gz=01;31:*.lrz=01;31:*.lz=01;31:*.lzo=01;31:*.xz=01;31:*.zst=01;31:*.tzst=01;31:*.bz2=01;31:*.bz=01;31:*.tbz=01;31:*.tbz2=01;31:*.tz=01;31:*.deb=01;31:*.rpm=01;31:*.jar=01;31:*.war=01;31:*.ear=01;31:*.sar=01;31:*.rar=01;31:*.alz=01;31:*.ace=01;31:*.zoo=01;31:*.cpio=01;31:*.7z=01;31:*.rz=01;31:*.cab=01;31:*.wim=01;31:*.swm=01;31:*.dwm=01;31:*.esd=01;31:*.jpg=01;35:*.jpeg=01;35:*.mjpg=01;35:*.mjpeg=01;35:*.gif=01;35:*.bmp=01;35:*.pbm=01;35:*.pgm=01;35:*.ppm=01;35:*.tga=01;35:*.xbm=01;35:*.xpm=01;35:*.tif=01;35:*.tiff=01;35:*.png=01;35:*.svg=01;35:*.svgz=01;35:*.mng=01;35:*.pcx=01;35:*.mov=01;35:*.mpg=01;35:*.mpeg=01;35:*.m2v=01;35:*.mkv=01;35:*.webm=01;35:*.webp=01;35:*.ogm=01;35:*.mp4=01;35:*.m4v=01;35:*.mp4v=01;35:*.vob=01;35:*.qt=01;35:*.nuv=01;35:*.wmv=01;35:*.asf=01;35:*.rm=01;35:*.rmvb=01;35:*.flc=01;35:*.avi=01;35:*.fli=01;35:*.flv=01;35:*.gl=01;35:*.dl=01;35:*.xcf=01;35:*.xwd=01;35:*.yuv=01;35:*.cgm=01;35:*.emf=01;35:*.ogv=01;35:*.ogx=01;35:*.cfg=00;32:*.conf=00;32:*.diff=00;32:*.doc=00;32:*.ini=00;32:*.log=00;32:*.patch=00;32:*.pdf=00;32:*.ps=00;32:*.tex=00;32:*.txt=00;32:*.aac=00;36:*.au=00;36:*.flac=00;36:*.m4a=00;36:*.mid=00;36:*.midi=00;36:*.mka=00;36:*.mp3=00;36:*.mpc=00;36:*.ogg=00;36:*.ra=00;36:*.wav=00;36:*.oga=00;36:*.opus=00;36:*.spx=00;36:*.xspf=00;36:' XDG_CURRENT_DESKTOP=GNOME INFOPATH=/usr/share/info:/usr/share/gcc-data/x86_64-pc-linux-gnu/10.2.0/info:/usr/share/binutils-data/x86_64-pc-linux-gnu/2.45/info:/usr/share/automake-1.16.5/info JAVAC=/etc/java-config-2/current-system-vm/bin/javac TERM=xterm-256color LESSOPEN='|lesspipe %s' USER=jpmurphy CROS_WORKON_SRCROOT=/mnt/host/source MANPAGER=manpager DISPLAY=:1 SHLVL=1 LC_MESSAGES=C EXTERNAL_TRUNK_PATH=/mnt/8f9d649a-3721-44cc-93c0-e6bd21a9689f/chromiumos GCC_SPECS='' PATH=/mnt/host/source/chromite/bin:/usr/local/bin:/usr/bin:/bin:/opt/bin:/mnt/host/source/chromite/sdk/bin:/mnt/host/source/chromite/bin PORTAGE_USERNAME=jpmurphy SUDO_UID=0 GCC_VER=10.2.0 MAIL=/var/mail/jpmurphy OLDPWD=/mnt/host/source/src/scripts traceparent=00-e87aca51550a78635907baa6a2476181-6d684811675d2973-01 _=./zephyr/firmware_builder.py COREBOOT_SDK_ROOT_x86=/home/jpmurphy/.cache/coreboot-sdk/i386-elf/dfbb0486385d938cfa9d73080b9d18d598ed4f49 COREBOOT_SDK_ROOT_picolibc_x86=/home/jpmurphy/.cache/coreboot-sdk/picolibc-i386-elf/eb8e8e687b95461de8cbf278f1c2076952d0ad17 COREBOOT_SDK_ROOT_riscv64=/home/jpmurphy/.cache/coreboot-sdk/riscv64-elf/96b949749225b6aaa92ed810ab769e8dfb12f000 COREBOOT_SDK_ROOT_picolibc_arm=/home/jpmurphy/.cache/coreboot-sdk/picolibc-arm-eabi/422a2aa3e1ef891b5bece9a3deb696ff83840d2e COREBOOT_SDK_ROOT_nds32=/home/jpmurphy/.cache/coreboot-sdk/nds32le-elf/d1a518c4a097666d86058e1444f85ca015d15511 COREBOOT_SDK_ROOT_picolibc_riscv64=/home/jpmurphy/.cache/coreboot-sdk/picolibc-riscv64-elf/f571e990ef0278564b31124f8bb109d9a697eb69 COREBOOT_SDK_ROOT_arm=/home/jpmurphy/.cache/coreboot-sdk/arm-eabi/ea40ddd1d190c3b48435c474c0b545719371813a COREBOOT_SDK_ROOT_libstdcxx_riscv64=/home/jpmurphy/.cache/coreboot-sdk/libstdcxx-riscv64-elf/17abf22a3a252e2d5d2062ced5324f7a623689e0 COREBOOT_SDK_ROOT_libstdcxx_arm=/home/jpmurphy/.cache/coreboot-sdk/libstdcxx-arm-eabi/5d7d82e150e44aa1968f1d366e267e6687b328ac COREBOOT_SDK_ROOT_riscv=/home/jpmurphy/.cache/coreboot-sdk/riscv-elf/9a27b9e82341c6e9126624f516ab3f261abb3e73 COREBOOT_SDK_ROOT_libstdcxx_x86=/home/jpmurphy/.cache/coreboot-sdk/libstdcxx-i386-elf/42ef9d2e87a76a37963175d7d428734e65648b87 PYTHONPATH=/mnt/host/source/src/platform/ec/zephyr/zmake PW_PIGWEED_CIPD_INSTALL_DIR=/usr CROSTC_USER_ACKNOWLEDGES_THAT_RISCV_IS_EXPERIMENTAL=1 MAKEFLAGS=' -j16 --jobserver-auth=5,6' /usr/bin/ninja -C /mnt/host/source/src/platform/ec/build/zephyr/sundance/build-ro all.libraries`
[ite-aic:ro] [260/261] Building C object zephyr/kernel/CMakeFiles/kernel.dir/dynamic_disabled.c.obj
[sundance:ro] ninja: Entering directory `/mnt/host/source/src/platform/ec/build/zephyr/sundance/build-ro'
[geralt:rw] [153/371] Building C object zephyr/CMakeFiles/zephyr.dir/soc/ite/ec/common/power.c.obj
[ite-aic:ro] [261/261] Linking C static library zephyr/kernel/libkernel.a
[geralt:ro] [45/371] Building C object zephyr/CMakeFiles/zephyr.dir/subsys/pm/policy/policy_state_lock.c.obj
[geralt:rw] [154/371] Building C object zephyr/CMakeFiles/zephyr.dir/soc/ite/ec/it8xxx2/soc.c.obj
[geralt:rw] [155/371] Building ASM object zephyr/CMakeFiles/zephyr.dir/soc/ite/ec/it8xxx2/vector.S.obj
[geralt:rw] [156/371] Building C object zephyr/CMakeFiles/zephyr.dir/soc/ite/ec/common/policy.c.obj
[geralt:rw] [157/371] Building C object zephyr/CMakeFiles/zephyr.dir/soc/ite/ec/it8xxx2/check_regs.c.obj
[geralt:ro] [46/371] Building C object zephyr/CMakeFiles/zephyr.dir/subsys/pm/device.c.obj
[sundance:rw] [51/408] Building C object CMakeFiles/app.dir/mnt/host/source/src/platform/ec/build/zephyr/sundance/modules/ec/driver/battery/smart.c.obj
[/mnt/host/source/src/platform/ec/build/zephyr/trulo-ish-lcov] geninfo: WARNING: (format) invalid characters removed from testname
[sundance:ro] [1/408] Generating include/generated/zephyr/version.h
[sundance:ro] -- git describe warned: warning: tag 'upstream/v2.7.99' is externally known as 'v2.7.99'
[sundance:rw] [52/408] Building C object CMakeFiles/app.dir/mnt/host/source/src/platform/ec/build/zephyr/sundance/modules/ec/driver/charger/bq25710.c.obj
[sundance:ro] -- Zephyr version: 4.3.99 (/mnt/host/source/src/third_party/zephyr/main)
[sundance:ro] [2/408] Preparing syscall dependency handling
[chinchou:ro] [64/388] Building C object zephyr/CMakeFiles/zephyr.dir/subsys/shell/shell.c.obj
[geralt:rw] [158/371] Building C object zephyr/CMakeFiles/zephyr.dir/soc/ite/ec/it8xxx2/ilm.c.obj
[chinchou:ro] [65/388] Building C object zephyr/CMakeFiles/zephyr.dir/subsys/shell/shell_fprintf.c.obj
[sundance:ro] [3/408] Generating misc/generated/syscalls_subdirs.trigger
[geralt:ro] [47/371] Building C object zephyr/CMakeFiles/zephyr.dir/subsys/pm/device_system_managed.c.obj
[geralt:rw] [159/371] Building C object zephyr/CMakeFiles/zephyr.dir/subsys/pm/state.c.obj
[geralt:rw] [160/371] Building C object zephyr/CMakeFiles/zephyr.dir/subsys/logging/log_minimal.c.obj
[geralt:ro] [48/371] Building C object zephyr/CMakeFiles/zephyr.dir/subsys/testsuite/coverage/coverage.c.obj
[geralt:ro] [49/371] Building C object zephyr/CMakeFiles/zephyr.dir/subsys/tracing/tracing_none.c.obj
[/mnt/host/source/src/platform/ec/build/zephyr/trulo-ish-lcov] 	(use "geninfo --ignore-errors format,format ..." to suppress this warning)
[/mnt/host/source/src/platform/ec/build/zephyr/trulo-ish-lcov] stderr:
[sundance:rw] [53/408] Building C object CMakeFiles/app.dir/mnt/host/source/src/platform/ec/build/zephyr/sundance/modules/ec/common/charger.c.obj
[/mnt/host/source/src/platform/ec/build/zephyr/trulo-ish-lcov]   /mnt/host/source/src/platform/ec/build/zephyr/trulo-ish/build-singleimage/modules/pigweed/pw_log_zephyr/CMakeFiles/pw_log_zephyr.dir/log_zephyr.cc.gcno:no functions found
[/mnt/host/source/src/platform/ec/build/zephyr/trulo-ish-lcov] geninfo: WARNING: using JSON module "JSON::PP" - which is much slower than some alternatives.  Consider installing one of JSON::XS or Cpanel::JSON::XS
[geralt:rw] [161/371] Building C object zephyr/CMakeFiles/zephyr.dir/subsys/pm/pm.c.obj
[geralt:rw] [162/371] Building C object zephyr/CMakeFiles/zephyr.dir/subsys/pm/policy/policy_events.c.obj
[geralt:ro] [50/371] Building C object zephyr/CMakeFiles/zephyr.dir/subsys/shell/modules/kernel_service/kernel_shell.c.obj
[geralt:rw] [163/371] Building C object zephyr/CMakeFiles/zephyr.dir/subsys/pm/policy/policy_latency.c.obj
[chinchou:ro] [66/388] Building C object zephyr/CMakeFiles/zephyr.dir/subsys/shell/shell_utils.c.obj
[geralt:rw] [164/371] Building C object zephyr/CMakeFiles/zephyr.dir/subsys/pm/policy/policy_state_lock.c.obj
[geralt:ro] [51/371] Building C object zephyr/CMakeFiles/zephyr.dir/subsys/shell/modules/kernel_service/cycles.c.obj
[sundance:ro] [4/408] Generating misc/generated/syscalls.json, misc/generated/struct_tags.json
[geralt:rw] [165/371] Building C object zephyr/CMakeFiles/zephyr.dir/subsys/pm/device.c.obj
[geralt:ro] [52/371] Building C object zephyr/CMakeFiles/zephyr.dir/subsys/shell/modules/kernel_service/sleep.c.obj
[chinchou:ro] [67/388] Building C object zephyr/CMakeFiles/zephyr.dir/subsys/shell/shell_ops.c.obj
[geralt:rw] [166/371] Building C object zephyr/CMakeFiles/zephyr.dir/subsys/pm/device_system_managed.c.obj
[sundance:ro] [5/408] Generating include/generated/zephyr/syscall_dispatch.c, include/generated/zephyr/syscall_exports_llext.c, syscall_weakdefs_llext.c, include/generated/zephyr/syscall_list.h
[sundance:rw] [54/408] Building C object CMakeFiles/app.dir/mnt/host/source/src/platform/ec/build/zephyr/sundance/modules/ec/common/charge_state.c.obj
[sundance:rw] [55/408] Building C object CMakeFiles/app.dir/mnt/host/source/src/platform/ec/build/zephyr/sundance/modules/ec/common/cbi_common.c.obj
[geralt:rw] [167/371] Building C object zephyr/CMakeFiles/zephyr.dir/subsys/testsuite/coverage/coverage.c.obj
[sundance:ro] [6/408] Generating include/generated/zephyr/driver-validation.h
[sundance:rw] [56/408] Building C object CMakeFiles/app.dir/mnt/host/source/src/platform/ec/build/zephyr/sundance/modules/ec/common/charge_manager.c.obj
[geralt:rw] [168/371] Building C object zephyr/CMakeFiles/zephyr.dir/subsys/tracing/tracing_none.c.obj
[geralt:rw] [169/371] Building C object zephyr/CMakeFiles/zephyr.dir/subsys/shell/modules/kernel_service/kernel_shell.c.obj
[geralt:ro] [53/371] Building C object zephyr/CMakeFiles/zephyr.dir/subsys/shell/modules/kernel_service/uptime.c.obj
[sundance:ro] [7/408] Generating include/generated/zephyr/kobj-types-enum.h, include/generated/zephyr/otype-to-str.h, include/generated/zephyr/otype-to-size.h
[geralt:ro] [54/371] Building C object zephyr/CMakeFiles/zephyr.dir/subsys/shell/modules/kernel_service/version.c.obj
[chinchou:ro] [68/388] Building C object zephyr/CMakeFiles/zephyr.dir/subsys/shell/shell_help.c.obj
[sundance:ro] [8/408] Generating include/generated/device-api-sections.ld, include/generated/device-api-sections.cmake
[/mnt/host/source/src/platform/ec/build/zephyr/meliks-lcov]   /mnt/host/source/src/platform/ec/build/zephyr/meliks/build-ro/zephyr/CMakeFiles/zephyr.dir/subsys/shell/modules/kernel_service/kernel_shell.c.gcno:no functions found
[/mnt/host/source/src/platform/ec/build/zephyr/meliks-lcov] stderr:
[geralt:ro] [55/371] Building C object zephyr/CMakeFiles/zephyr.dir/subsys/shell/modules/kernel_service/thread/thread.c.obj
[geralt:rw] [170/371] Building C object zephyr/CMakeFiles/zephyr.dir/subsys/shell/modules/kernel_service/cycles.c.obj
[chinchou:ro] [69/388] Building C object zephyr/CMakeFiles/zephyr.dir/subsys/shell/shell_history.c.obj
[/mnt/host/source/src/platform/ec/build/zephyr/meliks-lcov]   /mnt/host/source/src/platform/ec/build/zephyr/meliks/build-ro/zephyr/CMakeFiles/zephyr.dir/lib/libc/validate_libc.c.gcno:no functions found
[/mnt/host/source/src/platform/ec/build/zephyr/meliks-lcov] stderr:
[geralt:rw] [171/371] Building C object zephyr/CMakeFiles/zephyr.dir/subsys/shell/modules/kernel_service/sleep.c.obj
[geralt:rw] [172/371] Building C object zephyr/CMakeFiles/zephyr.dir/subsys/shell/modules/kernel_service/uptime.c.obj
[sundance:rw] [57/408] Building C object CMakeFiles/app.dir/mnt/host/source/src/platform/ec/build/zephyr/sundance/modules/ec/common/cbi_config.c.obj
[geralt:rw] [173/371] Building C object zephyr/CMakeFiles/zephyr.dir/subsys/shell/modules/kernel_service/version.c.obj
[geralt:ro] [56/371] Building C object zephyr/CMakeFiles/zephyr.dir/subsys/shell/modules/kernel_service/thread/list.c.obj
[geralt:rw] [174/371] Building C object zephyr/CMakeFiles/zephyr.dir/subsys/shell/modules/kernel_service/thread/thread.c.obj
[sundance:rw] [58/408] Building C object CMakeFiles/app.dir/mnt/host/source/src/platform/ec/build/zephyr/sundance/modules/ec/common/cbi.c.obj
[geralt:ro] [57/371] Building C object zephyr/CMakeFiles/zephyr.dir/subsys/shell/modules/kernel_service/thread/stacks.c.obj
[sundance:ro] [9/408] Building C object zephyr/CMakeFiles/offsets.dir/arch/arm/core/offsets/offsets.c.obj
[chinchou:ro] [70/388] Building C object zephyr/CMakeFiles/zephyr.dir/drivers/flash/flash_util.c.obj
[geralt:rw] [175/371] Building C object zephyr/CMakeFiles/zephyr.dir/subsys/shell/modules/kernel_service/thread/list.c.obj
[sundance:rw] [59/408] Building C object CMakeFiles/app.dir/mnt/host/source/src/platform/ec/build/zephyr/sundance/modules/ec/common/memory_commands.c.obj
[geralt:ro] [58/371] Building C object zephyr/CMakeFiles/zephyr.dir/subsys/shell/modules/kernel_service/thread/unwind.c.obj
[chinchou:ro] [71/388] Building C object zephyr/arch/common/CMakeFiles/arch__common.dir/sw_isr_common.c.obj
[sundance:ro] [10/408] Generating include/generated/zephyr/offsets.h
[geralt:rw] [176/371] Building C object zephyr/CMakeFiles/zephyr.dir/subsys/shell/modules/kernel_service/thread/stacks.c.obj
[chinchou:ro] [72/388] Linking C static library zephyr/libzephyr.a
[geralt:rw] [177/371] Building C object zephyr/CMakeFiles/zephyr.dir/subsys/shell/modules/kernel_service/thread/unwind.c.obj
[geralt:rw] [178/371] Building C object zephyr/CMakeFiles/zephyr.dir/subsys/shell/modules/kernel_service/thread/suspend.c.obj
[geralt:rw] [179/371] Building C object zephyr/CMakeFiles/zephyr.dir/subsys/shell/modules/kernel_service/thread/resume.c.obj
[geralt:ro] [59/371] Building C object zephyr/CMakeFiles/zephyr.dir/subsys/shell/modules/kernel_service/thread/suspend.c.obj
[geralt:ro] [60/371] Building C object zephyr/CMakeFiles/zephyr.dir/subsys/shell/modules/kernel_service/thread/resume.c.obj
[geralt:ro] [61/371] Building C object zephyr/CMakeFiles/zephyr.dir/subsys/shell/modules/kernel_service/thread/kill.c.obj
[chinchou:ro] [73/388] Building C object zephyr/arch/common/CMakeFiles/arch__common.dir/init.c.obj
[sundance:rw] [60/408] Building C object CMakeFiles/app.dir/mnt/host/source/src/platform/ec/build/zephyr/sundance/modules/ec/common/dptf.c.obj
[chinchou:ro] [74/388] Building C object zephyr/arch/common/CMakeFiles/arch__common.dir/dynamic_isr.c.obj
[geralt:rw] [180/371] Building C object zephyr/CMakeFiles/zephyr.dir/subsys/shell/modules/kernel_service/thread/kill.c.obj
[sundance:ro] [11/408] Building C object zephyr/CMakeFiles/zephyr.dir/lib/libc/validate_libc.c.obj
[/mnt/host/source/src/platform/ec/build/zephyr/trulo-ish-lcov] stderr:
[sundance:rw] [61/408] Building C object CMakeFiles/app.dir/mnt/host/source/src/platform/ec/build/zephyr/sundance/modules/ec/common/ap_reset_log.c.obj
[sundance:rw] [62/408] Building C object CMakeFiles/app.dir/mnt/host/source/src/platform/ec/build/zephyr/sundance/modules/ec/common/espi.c.obj
[/mnt/host/source/src/platform/ec/build/zephyr/trulo-ish-lcov]   /mnt/host/source/src/platform/ec/build/zephyr/trulo-ish/build-singleimage/modules/ec/zephyr/drivers/pw_transport/CMakeFiles/pw_transport.proto.nanopb.dir/pw_transport.proto/nanopb/pw_transport/proto/transport.pb.c.gcno:no functions found
[/mnt/host/source/src/platform/ec/build/zephyr/trulo-ish-lcov] stderr:
[/mnt/host/source/src/platform/ec/build/zephyr/meliks-lcov]   /mnt/host/source/src/platform/ec/build/zephyr/meliks/build-ro/zephyr/CMakeFiles/zephyr.dir/lib/utils/last_section_id.c.gcno:no functions found
[/mnt/host/source/src/platform/ec/build/zephyr/meliks-lcov] stderr:
[geralt:rw] [181/371] Building C object zephyr/CMakeFiles/zephyr.dir/subsys/shell/shell_fprintf.c.obj
[geralt:rw] [182/371] Building C object zephyr/CMakeFiles/zephyr.dir/subsys/shell/backends/shell_uart.c.obj
[geralt:rw] [183/371] Building C object zephyr/CMakeFiles/zephyr.dir/subsys/shell/shell_utils.c.obj
[geralt:ro] [62/371] Building C object zephyr/CMakeFiles/zephyr.dir/subsys/shell/shell_fprintf.c.obj
[geralt:ro] [63/371] Building C object zephyr/CMakeFiles/zephyr.dir/subsys/shell/backends/shell_uart.c.obj
[chinchou:ro] [75/388] Building C object zephyr/arch/common/CMakeFiles/isr_tables.dir/isr_tables.c.obj
[geralt:rw] [184/371] Building C object zephyr/CMakeFiles/zephyr.dir/subsys/shell/shell.c.obj
[chinchou:ro] [76/388] Building C object zephyr/arch/common/CMakeFiles/arch__common.dir/xip.c.obj
[chinchou:ro] [77/388] Linking C static library zephyr/arch/common/libisr_tables.a
[chinchou:ro] [78/388] Linking C static library zephyr/arch/common/libarch__common.a
[geralt:ro] [64/371] Building C object zephyr/CMakeFiles/zephyr.dir/subsys/shell/shell.c.obj
[geralt:rw] [185/371] Building C object zephyr/CMakeFiles/zephyr.dir/subsys/shell/shell_ops.c.obj
[sundance:ro] [12/408] Building C object zephyr/CMakeFiles/zephyr.dir/lib/heap/heap.c.obj
[geralt:rw] [186/371] Building C object zephyr/CMakeFiles/zephyr.dir/subsys/shell/shell_help.c.obj
[sundance:rw] [63/408] Building C object CMakeFiles/app.dir/mnt/host/source/src/platform/ec/build/zephyr/sundance/modules/ec/common/extpower_common.c.obj
[geralt:rw] [187/371] Building C object zephyr/CMakeFiles/zephyr.dir/subsys/shell/shell_history.c.obj
[sundance:rw] [64/408] Building C object CMakeFiles/app.dir/mnt/host/source/src/platform/ec/build/zephyr/sundance/modules/ec/common/extpower_gpio.c.obj
[geralt:rw] [188/371] Building C object zephyr/arch/common/CMakeFiles/arch__common.dir/sw_isr_common.c.obj
[sundance:rw] [65/408] Building C object CMakeFiles/app.dir/mnt/host/source/src/platform/ec/build/zephyr/sundance/modules/ec/common/flash.c.obj
[geralt:rw] [189/371] Building C object zephyr/CMakeFiles/zephyr.dir/drivers/flash/flash_util.c.obj
[chinchou:ro] [79/388] Building C object zephyr/arch/arch/riscv/core/CMakeFiles/arch__riscv__core.dir/cpu_idle.c.obj
[geralt:ro] [65/371] Building C object zephyr/CMakeFiles/zephyr.dir/subsys/shell/shell_utils.c.obj
[geralt:rw] [190/371] Linking C static library zephyr/libzephyr.a
[geralt:ro] [66/371] Building C object zephyr/CMakeFiles/zephyr.dir/subsys/shell/shell_help.c.obj
[geralt:ro] [67/371] Building C object zephyr/CMakeFiles/zephyr.dir/subsys/shell/shell_ops.c.obj
[geralt:rw] [191/371] Building C object zephyr/arch/common/CMakeFiles/arch__common.dir/init.c.obj
[geralt:rw] [192/371] Building C object zephyr/arch/common/CMakeFiles/arch__common.dir/dynamic_isr.c.obj
[chinchou:ro] [80/388] Building C object zephyr/arch/arch/riscv/core/CMakeFiles/arch__riscv__core.dir/fatal.c.obj
[geralt:rw] [193/371] Building C object zephyr/arch/common/CMakeFiles/isr_tables.dir/isr_tables.c.obj
[geralt:rw] [194/371] Linking C static library zephyr/arch/common/libisr_tables.a
[sundance:ro] [13/408] Building C object zephyr/CMakeFiles/zephyr.dir/lib/os/cbprintf_packaged.c.obj
[geralt:rw] [195/371] Building C object zephyr/arch/common/CMakeFiles/arch__common.dir/xip.c.obj
[geralt:rw] [196/371] Linking C static library zephyr/arch/common/libarch__common.a
[sundance:rw] [66/408] Building C object CMakeFiles/app.dir/mnt/host/source/src/platform/ec/build/zephyr/sundance/modules/ec/common/host_command.c.obj
[chinchou:ro] [81/388] Building C object zephyr/arch/arch/riscv/core/CMakeFiles/arch__riscv__core.dir/prep_c.c.obj
[geralt:rw] [197/371] Building C object zephyr/arch/arch/riscv/core/CMakeFiles/arch__riscv__core.dir/prep_c.c.obj
[chinchou:ro] [82/388] Building C object zephyr/arch/arch/riscv/core/CMakeFiles/arch__riscv__core.dir/irq_manage.c.obj
[geralt:rw] [198/371] Building C object zephyr/arch/arch/riscv/core/CMakeFiles/arch__riscv__core.dir/cpu_idle.c.obj
[geralt:ro] [68/371] Building C object zephyr/CMakeFiles/zephyr.dir/subsys/shell/shell_history.c.obj
[geralt:ro] [69/371] Building C object zephyr/arch/common/CMakeFiles/arch__common.dir/sw_isr_common.c.obj
[sundance:rw] [67/408] Building C object CMakeFiles/app.dir/mnt/host/source/src/platform/ec/build/zephyr/sundance/modules/ec/common/host_command_task.c.obj
[geralt:ro] [70/371] Building C object zephyr/CMakeFiles/zephyr.dir/drivers/flash/flash_util.c.obj
[sundance:rw] [68/408] Building C object CMakeFiles/app.dir/mnt/host/source/src/platform/ec/build/zephyr/sundance/modules/ec/common/host_event_commands.c.obj
[geralt:rw] [199/371] Building C object zephyr/arch/arch/riscv/core/CMakeFiles/arch__riscv__core.dir/irq_manage.c.obj
[geralt:rw] [200/371] Building C object zephyr/arch/arch/riscv/core/CMakeFiles/arch__riscv__core.dir/fatal.c.obj
[geralt:ro] [71/371] Linking C static library zephyr/libzephyr.a
[geralt:rw] [201/371] Building C object zephyr/arch/arch/riscv/core/CMakeFiles/arch__riscv__core.dir/reboot.c.obj
[sundance:ro] [14/408] Building C object zephyr/CMakeFiles/zephyr.dir/lib/os/clock.c.obj
[geralt:rw] [202/371] Building ASM object zephyr/arch/arch/riscv/core/CMakeFiles/arch__riscv__core.dir/reset.S.obj
[geralt:ro] [72/371] Building C object zephyr/arch/common/CMakeFiles/arch__common.dir/init.c.obj
[chinchou:ro] [83/388] Building C object zephyr/arch/arch/riscv/core/CMakeFiles/arch__riscv__core.dir/reboot.c.obj
[geralt:rw] [203/371] Building ASM object zephyr/arch/arch/riscv/core/CMakeFiles/arch__riscv__core.dir/switch.S.obj
[geralt:rw] [204/371] Generating ../../../include/generated/libc/minimal/strerror_table.h
[geralt:ro] [73/371] Building C object zephyr/arch/common/CMakeFiles/arch__common.dir/dynamic_isr.c.obj
[sundance:rw] [69/408] Building C object CMakeFiles/app.dir/mnt/host/source/src/platform/ec/build/zephyr/sundance/modules/ec/common/uart_hostcmd.c.obj
[chinchou:ro] [84/388] Building ASM object zephyr/arch/arch/riscv/core/CMakeFiles/arch__riscv__core.dir/reset.S.obj
[geralt:rw] [205/371] Building C object zephyr/lib/libc/minimal/CMakeFiles/lib__libc__minimal.dir/source/stdlib/atoi.c.obj
[geralt:rw] [206/371] Building C object zephyr/arch/arch/riscv/core/CMakeFiles/arch__riscv__core.dir/thread.c.obj
[geralt:rw] [207/371] Building ASM object zephyr/arch/arch/riscv/core/CMakeFiles/arch__riscv__core.dir/isr.S.obj
[geralt:ro] [74/371] Building C object zephyr/arch/common/CMakeFiles/arch__common.dir/xip.c.obj
[geralt:rw] [208/371] Building C object zephyr/lib/libc/minimal/CMakeFiles/lib__libc__minimal.dir/source/stdlib/strtoul.c.obj
[geralt:rw] [209/371] Building C object zephyr/lib/libc/minimal/CMakeFiles/lib__libc__minimal.dir/source/stdlib/strtoll.c.obj
[sundance:rw] [70/408] Building C object CMakeFiles/app.dir/mnt/host/source/src/platform/ec/build/zephyr/sundance/modules/ec/common/uptime.c.obj
[geralt:rw] [210/371] Building C object zephyr/lib/libc/minimal/CMakeFiles/lib__libc__minimal.dir/source/stdlib/strtol.c.obj
[geralt:rw] [211/371] Building C object zephyr/arch/arch/riscv/core/CMakeFiles/arch__riscv__core.dir/stacktrace.c.obj
[geralt:rw] [212/371] Linking C static library zephyr/arch/arch/riscv/core/libarch__riscv__core.a
[geralt:ro] [75/371] Building C object zephyr/arch/common/CMakeFiles/isr_tables.dir/isr_tables.c.obj
[geralt:rw] [213/371] Building C object zephyr/lib/libc/minimal/CMakeFiles/lib__libc__minimal.dir/source/stdlib/strtoull.c.obj
[geralt:ro] [76/371] Linking C static library zephyr/arch/common/libisr_tables.a
[geralt:rw] [214/371] Building C object zephyr/lib/libc/minimal/CMakeFiles/lib__libc__minimal.dir/source/stdlib/bsearch.c.obj
[geralt:ro] [77/371] Building C object zephyr/arch/arch/riscv/core/CMakeFiles/arch__riscv__core.dir/cpu_idle.c.obj
[geralt:ro] [78/371] Linking C static library zephyr/arch/common/libarch__common.a
[sundance:rw] [71/408] Building C object CMakeFiles/app.dir/mnt/host/source/src/platform/ec/build/zephyr/sundance/modules/ec/common/i2c_controller.c.obj
[geralt:rw] [215/371] Building C object zephyr/lib/libc/common/CMakeFiles/lib__libc__common.dir/source/stdlib/abort.c.obj
[chinchou:ro] [85/388] Building ASM object zephyr/arch/arch/riscv/core/CMakeFiles/arch__riscv__core.dir/switch.S.obj
[sundance:ro] [15/408] Building C object zephyr/CMakeFiles/zephyr.dir/lib/os/printk.c.obj
[geralt:rw] [216/371] Building C object zephyr/lib/libc/minimal/CMakeFiles/lib__libc__minimal.dir/source/string/strncasecmp.c.obj
[geralt:rw] [217/371] Building C object zephyr/lib/libc/minimal/CMakeFiles/lib__libc__minimal.dir/source/stdlib/qsort.c.obj
[geralt:rw] [218/371] Building C object zephyr/lib/libc/minimal/CMakeFiles/lib__libc__minimal.dir/source/string/strerror.c.obj
[chinchou:ro] [86/388] Building C object zephyr/arch/arch/riscv/core/CMakeFiles/arch__riscv__core.dir/thread.c.obj
[geralt:rw] [219/371] Building C object zephyr/lib/libc/minimal/CMakeFiles/lib__libc__minimal.dir/source/string/strstr.c.obj
[geralt:rw] [220/371] Building C object zephyr/lib/libc/minimal/CMakeFiles/lib__libc__minimal.dir/source/string/string.c.obj
[geralt:ro] [79/371] Building C object zephyr/arch/arch/riscv/core/CMakeFiles/arch__riscv__core.dir/prep_c.c.obj
[geralt:ro] [80/371] Building C object zephyr/arch/arch/riscv/core/CMakeFiles/arch__riscv__core.dir/fatal.c.obj
[geralt:rw] [221/371] Building C object zephyr/lib/libc/minimal/CMakeFiles/lib__libc__minimal.dir/source/string/strspn.c.obj
[sundance:rw] [72/408] Building C object CMakeFiles/app.dir/mnt/host/source/src/platform/ec/build/zephyr/sundance/modules/ec/common/i2c_passthru.c.obj
[geralt:rw] [222/371] Building C object zephyr/lib/libc/minimal/CMakeFiles/lib__libc__minimal.dir/source/stdlib/exit.c.obj
[geralt:rw] [223/371] Building C object zephyr/lib/libc/minimal/CMakeFiles/lib__libc__minimal.dir/source/math/sqrtf.c.obj
[geralt:ro] [81/371] Building C object zephyr/arch/arch/riscv/core/CMakeFiles/arch__riscv__core.dir/irq_manage.c.obj
[chinchou:ro] [87/388] Building ASM object zephyr/arch/arch/riscv/core/CMakeFiles/arch__riscv__core.dir/isr.S.obj
[sundance:ro] [16/408] Building C object zephyr/CMakeFiles/zephyr.dir/lib/os/sem.c.obj
[geralt:rw] [224/371] Building C object zephyr/lib/libc/minimal/CMakeFiles/lib__libc__minimal.dir/source/math/sqrt.c.obj
[chinchou:ro] [88/388] Generating ../../../include/generated/libc/minimal/strerror_table.h
[geralt:rw] [225/371] Building C object zephyr/lib/libc/minimal/CMakeFiles/lib__libc__minimal.dir/source/stdout/stdout_console.c.obj
[sundance:rw] [73/408] Building C object CMakeFiles/app.dir/mnt/host/source/src/platform/ec/build/zephyr/sundance/modules/ec/common/keyboard_scan.c.obj
[geralt:rw] [226/371] Building C object zephyr/lib/libc/minimal/CMakeFiles/lib__libc__minimal.dir/source/stdout/sprintf.c.obj
[geralt:ro] [82/371] Building ASM object zephyr/arch/arch/riscv/core/CMakeFiles/arch__riscv__core.dir/reset.S.obj
[chinchou:ro] [89/388] Building C object zephyr/arch/arch/riscv/core/CMakeFiles/arch__riscv__core.dir/stacktrace.c.obj
[chinchou:ro] [90/388] Building C object zephyr/lib/libc/minimal/CMakeFiles/lib__libc__minimal.dir/source/stdlib/atoi.c.obj
[geralt:rw] [227/371] Building C object zephyr/lib/libc/minimal/CMakeFiles/lib__libc__minimal.dir/source/stdout/fprintf.c.obj
[geralt:rw] [228/371] Building C object zephyr/lib/libc/common/CMakeFiles/lib__libc__common.dir/source/time/gmtime_r.c.obj
[sundance:rw] [74/408] Building C object CMakeFiles/app.dir/mnt/host/source/src/platform/ec/build/zephyr/sundance/modules/ec/common/keyboard_8042.c.obj
[geralt:ro] [83/371] Building C object zephyr/arch/arch/riscv/core/CMakeFiles/arch__riscv__core.dir/reboot.c.obj
[chinchou:ro] [91/388] Linking C static library zephyr/arch/arch/riscv/core/libarch__riscv__core.a
[geralt:rw] [229/371] Building C object zephyr/lib/libc/common/CMakeFiles/lib__libc__common.dir/source/time/asctime.c.obj
[chinchou:ro] [92/388] Building C object zephyr/lib/libc/minimal/CMakeFiles/lib__libc__minimal.dir/source/stdlib/strtol.c.obj
[geralt:rw] [230/371] Building C object zephyr/lib/libc/common/CMakeFiles/lib__libc__common.dir/source/time/localtime_r_utc.c.obj
[chinchou:ro] [93/388] Building C object zephyr/lib/libc/minimal/CMakeFiles/lib__libc__minimal.dir/source/stdlib/strtoul.c.obj
[geralt:rw] [231/371] Building C object zephyr/lib/libc/common/CMakeFiles/lib__libc__common.dir/source/time/time.c.obj
[geralt:rw] [232/371] Building C object zephyr/lib/libc/common/CMakeFiles/lib__libc__common.dir/source/time/ctime.c.obj
[geralt:rw] [233/371] Building C object zephyr/lib/libc/minimal/CMakeFiles/lib__libc__minimal.dir/source/time/gmtime.c.obj
[sundance:rw] [75/408] Building C object CMakeFiles/app.dir/mnt/host/source/src/platform/ec/build/zephyr/sundance/modules/ec/common/keyboard_8042_sharedlib.c.obj
[geralt:ro] [84/371] Building ASM object zephyr/arch/arch/riscv/core/CMakeFiles/arch__riscv__core.dir/switch.S.obj
[chinchou:ro] [94/388] Building C object zephyr/lib/libc/minimal/CMakeFiles/lib__libc__minimal.dir/source/stdlib/strtoll.c.obj
[geralt:rw] [234/371] Linking C static library zephyr/lib/libc/minimal/liblib__libc__minimal.a
[geralt:rw] [235/371] Building C object zephyr/lib/libc/common/CMakeFiles/lib__libc__common.dir/source/string/strnlen.c.obj
[chinchou:ro] [95/388] Building C object zephyr/lib/libc/minimal/CMakeFiles/lib__libc__minimal.dir/source/stdlib/strtoull.c.obj
[geralt:rw] [236/371] Building C object zephyr/lib/posix/c_lib_ext/CMakeFiles/lib__posix__c_lib_ext.dir/fnmatch.c.obj
[chinchou:ro] [96/388] Building C object zephyr/lib/libc/minimal/CMakeFiles/lib__libc__minimal.dir/source/stdlib/bsearch.c.obj
[sundance:ro] [17/408] Building C object zephyr/CMakeFiles/zephyr.dir/lib/os/thread_entry.c.obj
[geralt:ro] [85/371] Building C object zephyr/arch/arch/riscv/core/CMakeFiles/arch__riscv__core.dir/thread.c.obj
[geralt:ro] [86/371] Generating ../../../include/generated/libc/minimal/strerror_table.h
[geralt:ro] [87/371] Building ASM object zephyr/arch/arch/riscv/core/CMakeFiles/arch__riscv__core.dir/isr.S.obj
[geralt:ro] [88/371] Building C object zephyr/lib/libc/minimal/CMakeFiles/lib__libc__minimal.dir/source/stdlib/atoi.c.obj
[geralt:rw] [237/371] Building C object zephyr/lib/libc/common/CMakeFiles/lib__libc__common.dir/source/stdlib/malloc.c.obj
[chinchou:ro] [97/388] Building C object zephyr/lib/libc/minimal/CMakeFiles/lib__libc__minimal.dir/source/stdlib/qsort.c.obj
[sundance:rw] [76/408] Building C object CMakeFiles/app.dir/mnt/host/source/src/platform/ec/build/zephyr/sundance/modules/ec/common/mkbp_fifo.c.obj
[geralt:rw] [238/371] Linking C static library zephyr/lib/libc/common/liblib__libc__common.a
[geralt:ro] [89/371] Building C object zephyr/lib/libc/minimal/CMakeFiles/lib__libc__minimal.dir/source/stdlib/strtol.c.obj
[geralt:rw] [239/371] Building C object zephyr/lib/posix/c_lib_ext/CMakeFiles/lib__posix__c_lib_ext.dir/getentropy.c.obj
[geralt:ro] [90/371] Building C object zephyr/lib/libc/minimal/CMakeFiles/lib__libc__minimal.dir/source/stdlib/strtoul.c.obj
[geralt:rw] [240/371] Building C object zephyr/lib/posix/c_lib_ext/CMakeFiles/lib__posix__c_lib_ext.dir/getopt_shim.c.obj
[chinchou:ro] [98/388] Building C object zephyr/lib/libc/minimal/CMakeFiles/lib__libc__minimal.dir/source/stdlib/exit.c.obj
[geralt:ro] [91/371] Building C object zephyr/arch/arch/riscv/core/CMakeFiles/arch__riscv__core.dir/stacktrace.c.obj
[geralt:rw] [241/371] Building C object zephyr/subsys/crc/CMakeFiles/subsys__crc.dir/crc4_sw.c.obj
[geralt:rw] [242/371] Linking C static library zephyr/lib/posix/c_lib_ext/liblib__posix__c_lib_ext.a
[geralt:ro] [92/371] Linking C static library zephyr/arch/arch/riscv/core/libarch__riscv__core.a
[sundance:rw] [77/408] Building C object CMakeFiles/app.dir/mnt/host/source/src/platform/ec/build/zephyr/sundance/modules/ec/common/mkbp_info.c.obj
[geralt:ro] [93/371] Building C object zephyr/lib/libc/minimal/CMakeFiles/lib__libc__minimal.dir/source/stdlib/strtoll.c.obj
[chinchou:ro] [99/388] Building C object zephyr/lib/libc/minimal/CMakeFiles/lib__libc__minimal.dir/source/string/strerror.c.obj
[geralt:rw] [243/371] Building C object zephyr/subsys/crc/CMakeFiles/subsys__crc.dir/crc8_sw.c.obj
[chinchou:ro] [100/388] Building C object zephyr/lib/libc/minimal/CMakeFiles/lib__libc__minimal.dir/source/string/strncasecmp.c.obj
[geralt:ro] [94/371] Building C object zephyr/lib/libc/minimal/CMakeFiles/lib__libc__minimal.dir/source/stdlib/strtoull.c.obj
[geralt:rw] [244/371] Building C object zephyr/subsys/mgmt/ec_host_cmd/CMakeFiles/subsys__mgmt__ec_host_cmd.dir/ec_host_cmd_handler.c.obj
[geralt:ro] [95/371] Building C object zephyr/lib/libc/minimal/CMakeFiles/lib__libc__minimal.dir/source/stdlib/bsearch.c.obj
[geralt:rw] [245/371] Building C object zephyr/subsys/crc/CMakeFiles/subsys__crc.dir/crc16_sw.c.obj
[sundance:rw] [78/408] Building C object CMakeFiles/app.dir/mnt/host/source/src/platform/ec/build/zephyr/sundance/modules/ec/common/mkbp_input_devices.c.obj
[geralt:rw] [246/371] Building C object zephyr/subsys/crc/CMakeFiles/subsys__crc.dir/crc7_sw.c.obj
[geralt:rw] [247/371] Linking C static library zephyr/subsys/mgmt/ec_host_cmd/libsubsys__mgmt__ec_host_cmd.a
[geralt:rw] [248/371] Building C object zephyr/subsys/crc/CMakeFiles/subsys__crc.dir/crc24_sw.c.obj
[geralt:rw] [249/371] Building C object zephyr/subsys/mgmt/ec_host_cmd/backends/CMakeFiles/subsys__mgmt__ec_host_cmd__backends.dir/ec_host_cmd_backend_shi_ite.c.obj
[sundance:ro] [18/408] Building C object zephyr/CMakeFiles/zephyr.dir/lib/os/cbprintf_nano.c.obj
[chinchou:ro] [101/388] Building C object zephyr/lib/libc/minimal/CMakeFiles/lib__libc__minimal.dir/source/string/string.c.obj
[chinchou:ro] [102/388] Building C object zephyr/lib/libc/minimal/CMakeFiles/lib__libc__minimal.dir/source/string/strstr.c.obj
[geralt:rw] [250/371] Linking C static library zephyr/subsys/mgmt/ec_host_cmd/backends/libsubsys__mgmt__ec_host_cmd__backends.a
[geralt:rw] [251/371] Building C object zephyr/subsys/crc/CMakeFiles/subsys__crc.dir/crc32_sw.c.obj
[/mnt/host/source/src/platform/ec/build/zephyr/trulo-ish-lcov]   /mnt/host/source/src/platform/ec/build/zephyr/trulo-ish/build-singleimage/modules/ec/zephyr/drivers/dsp_comms/CMakeFiles/dsp_comms.proto.nanopb.dir/dsp_comms.proto/nanopb/proto/ec_dsp.pb.c.gcno:no functions found
[/mnt/host/source/src/platform/ec/build/zephyr/trulo-ish-lcov] stderr:
[geralt:rw] [252/371] Building C object zephyr/subsys/crc/CMakeFiles/subsys__crc.dir/crc32c_sw.c.obj
[geralt:rw] [253/371] Building C object zephyr/subsys/crc/CMakeFiles/subsys__crc.dir/crc32k_4_2_sw.c.obj
[geralt:ro] [96/371] Building C object zephyr/lib/libc/minimal/CMakeFiles/lib__libc__minimal.dir/source/stdlib/qsort.c.obj
[geralt:ro] [97/371] Building C object zephyr/lib/libc/minimal/CMakeFiles/lib__libc__minimal.dir/source/string/strerror.c.obj
[geralt:rw] [254/371] Linking C static library zephyr/subsys/crc/libsubsys__crc.a
[chinchou:ro] [103/388] Building C object zephyr/lib/libc/minimal/CMakeFiles/lib__libc__minimal.dir/source/string/strspn.c.obj
[geralt:ro] [98/371] Building C object zephyr/lib/libc/minimal/CMakeFiles/lib__libc__minimal.dir/source/string/strncasecmp.c.obj
[geralt:ro] [99/371] Building C object zephyr/lib/libc/minimal/CMakeFiles/lib__libc__minimal.dir/source/string/strstr.c.obj
[geralt:ro] [100/371] Building C object zephyr/lib/libc/minimal/CMakeFiles/lib__libc__minimal.dir/source/stdlib/exit.c.obj
[sundance:rw] [79/408] Building C object CMakeFiles/app.dir/mnt/host/source/src/platform/ec/build/zephyr/sundance/modules/ec/common/led_common.c.obj
[geralt:ro] [101/371] Building C object zephyr/lib/libc/minimal/CMakeFiles/lib__libc__minimal.dir/source/string/string.c.obj
[geralt:ro] [102/371] Building C object zephyr/lib/libc/minimal/CMakeFiles/lib__libc__minimal.dir/source/string/strspn.c.obj
[geralt:rw] [255/371] Building C object zephyr/drivers/interrupt_controller/CMakeFiles/drivers__interrupt_controller.dir/intc_ite_it8xxx2.c.obj
[sundance:ro] [19/408] Building C object zephyr/CMakeFiles/zephyr.dir/lib/os/cbprintf.c.obj
[geralt:rw] [256/371] Building C object zephyr/drivers/adc/CMakeFiles/drivers__adc.dir/adc_common.c.obj
[chinchou:ro] [104/388] Building C object zephyr/lib/libc/minimal/CMakeFiles/lib__libc__minimal.dir/source/stdout/sprintf.c.obj
[geralt:rw] [257/371] Building C object zephyr/drivers/bbram/CMakeFiles/drivers__bbram.dir/bbram_it8xxx2.c.obj
[geralt:rw] [258/371] Building C object zephyr/drivers/interrupt_controller/CMakeFiles/drivers__interrupt_controller.dir/wuc_ite_it8xxx2.c.obj
[sundance:rw] [80/408] Building C object CMakeFiles/app.dir/mnt/host/source/src/platform/ec/build/zephyr/sundance/modules/ec/common/led_onoff_states.c.obj
[geralt:rw] [259/371] Linking C static library zephyr/drivers/bbram/libdrivers__bbram.a
[chinchou:ro] [105/388] Building C object zephyr/lib/libc/minimal/CMakeFiles/lib__libc__minimal.dir/source/stdout/stdout_console.c.obj
[geralt:rw] [260/371] Linking C static library zephyr/drivers/interrupt_controller/libdrivers__interrupt_controller.a
[sundance:rw] [81/408] Building C object CMakeFiles/app.dir/mnt/host/source/src/platform/ec/build/zephyr/sundance/modules/ec/common/motion_lid.c.obj
[geralt:ro] [103/371] Building C object zephyr/lib/libc/minimal/CMakeFiles/lib__libc__minimal.dir/source/stdout/stdout_console.c.obj
[geralt:rw] [261/371] Building C object zephyr/drivers/adc/CMakeFiles/drivers__adc.dir/adc_ite_it8xxx2.c.obj
[geralt:ro] [104/371] Building C object zephyr/lib/libc/minimal/CMakeFiles/lib__libc__minimal.dir/source/stdout/sprintf.c.obj
[geralt:rw] [262/371] Linking C static library zephyr/drivers/adc/libdrivers__adc.a
[chinchou:ro] [106/388] Building C object zephyr/lib/libc/minimal/CMakeFiles/lib__libc__minimal.dir/source/math/sqrtf.c.obj
[geralt:ro] [105/371] Building C object zephyr/lib/libc/minimal/CMakeFiles/lib__libc__minimal.dir/source/stdout/fprintf.c.obj
[geralt:rw] [263/371] Building C object zephyr/drivers/console/CMakeFiles/drivers__console.dir/uart_console.c.obj
[geralt:ro] [106/371] Building C object zephyr/lib/libc/minimal/CMakeFiles/lib__libc__minimal.dir/source/math/sqrtf.c.obj
[geralt:ro] [107/371] Building C object zephyr/lib/libc/minimal/CMakeFiles/lib__libc__minimal.dir/source/math/sqrt.c.obj
[geralt:rw] [264/371] Linking C static library zephyr/drivers/console/libdrivers__console.a
[sundance:rw] [82/408] Building C object CMakeFiles/app.dir/mnt/host/source/src/platform/ec/build/zephyr/sundance/modules/ec/common/lid_angle.c.obj
[sundance:ro] [20/408] Building C object zephyr/CMakeFiles/zephyr.dir/lib/os/assert.c.obj
[chinchou:ro] [107/388] Building C object zephyr/lib/libc/minimal/CMakeFiles/lib__libc__minimal.dir/source/stdout/fprintf.c.obj
[chinchou:ro] [108/388] Building C object zephyr/lib/libc/minimal/CMakeFiles/lib__libc__minimal.dir/source/math/sqrt.c.obj
[geralt:rw] [265/371] Building C object zephyr/drivers/eeprom/CMakeFiles/drivers__eeprom.dir/eeprom_shell.c.obj
[geralt:ro] [108/371] Building C object zephyr/lib/libc/common/CMakeFiles/lib__libc__common.dir/source/time/asctime.c.obj
[sundance:ro] [21/408] Building C object zephyr/CMakeFiles/zephyr.dir/lib/utils/dec.c.obj
[geralt:rw] [266/371] Building C object zephyr/drivers/eeprom/CMakeFiles/drivers__eeprom.dir/eeprom_at2x.c.obj
[geralt:rw] [267/371] Building C object zephyr/drivers/flash/CMakeFiles/drivers__flash.dir/flash_ite_it8xxx2.c.obj
[geralt:ro] [109/371] Building C object zephyr/lib/libc/common/CMakeFiles/lib__libc__common.dir/source/time/gmtime_r.c.obj
[geralt:ro] [110/371] Building C object zephyr/lib/libc/minimal/CMakeFiles/lib__libc__minimal.dir/source/time/gmtime.c.obj
[geralt:rw] [268/371] Linking C static library zephyr/drivers/eeprom/libdrivers__eeprom.a
[sundance:rw] [83/408] Building C object CMakeFiles/app.dir/mnt/host/source/src/platform/ec/build/zephyr/sundance/modules/ec/common/lid_angle_keyboard_policy.c.obj
[geralt:rw] [269/371] Linking C static library zephyr/drivers/flash/libdrivers__flash.a
[geralt:ro] [111/371] Linking C static library zephyr/lib/libc/minimal/liblib__libc__minimal.a
[sundance:rw] [84/408] Building C object CMakeFiles/app.dir/mnt/host/source/src/platform/ec/build/zephyr/sundance/modules/ec/common/lid_switch.c.obj
[geralt:ro] [112/371] Building C object zephyr/lib/libc/common/CMakeFiles/lib__libc__common.dir/source/stdlib/abort.c.obj
[sundance:ro] [22/408] Building C object zephyr/CMakeFiles/zephyr.dir/lib/utils/hex.c.obj
[/mnt/host/source/src/platform/ec/build/zephyr/trulo-ish-lcov]   /mnt/host/source/src/platform/ec/build/zephyr/trulo-ish/build-singleimage/zephyr/arch/arch/x86/core/CMakeFiles/arch__x86__core.dir/spec_ctrl.c.gcno:no functions found
[/mnt/host/source/src/platform/ec/build/zephyr/trulo-ish-lcov] stderr:
[geralt:rw] [270/371] Building C object zephyr/drivers/gpio/CMakeFiles/drivers__gpio.dir/gpio_ite_it8xxx2.c.obj
[geralt:rw] [271/371] Building C object zephyr/drivers/gpio/CMakeFiles/drivers__gpio.dir/gpio_kscan_ite_it8xxx2.c.obj
[geralt:ro] [113/371] Building C object zephyr/lib/libc/common/CMakeFiles/lib__libc__common.dir/source/time/localtime_r_utc.c.obj
[geralt:ro] [114/371] Building C object zephyr/lib/libc/common/CMakeFiles/lib__libc__common.dir/source/time/ctime.c.obj
[geralt:rw] [272/371] Linking C static library zephyr/drivers/gpio/libdrivers__gpio.a
[chinchou:ro] [109/388] Building C object zephyr/lib/libc/common/CMakeFiles/lib__libc__common.dir/source/stdlib/abort.c.obj
[geralt:ro] [115/371] Building C object zephyr/lib/libc/common/CMakeFiles/lib__libc__common.dir/source/time/time.c.obj
[geralt:rw] [273/371] Building C object zephyr/drivers/i2c/CMakeFiles/drivers__i2c.dir/i2c_common.c.obj
[chinchou:ro] [110/388] Building C object zephyr/lib/libc/minimal/CMakeFiles/lib__libc__minimal.dir/source/time/gmtime.c.obj
[/mnt/host/source/src/platform/ec/build/zephyr/meliks-lcov]   /mnt/host/source/src/platform/ec/build/zephyr/meliks/build-ro/zephyr/CMakeFiles/zephyr.dir/soc/nuvoton/npcx/common/npcxn/registers.c.gcno:no functions found
[/mnt/host/source/src/platform/ec/build/zephyr/meliks-lcov] stderr:
[geralt:ro] [116/371] Building C object zephyr/lib/libc/common/CMakeFiles/lib__libc__common.dir/source/string/strnlen.c.obj
[chinchou:ro] [111/388] Linking C static library zephyr/lib/libc/minimal/liblib__libc__minimal.a
[sundance:rw] [85/408] Building C object CMakeFiles/app.dir/mnt/host/source/src/platform/ec/build/zephyr/sundance/modules/ec/common/mkbp_event.c.obj
[chinchou:ro] [112/388] Building C object zephyr/lib/libc/common/CMakeFiles/lib__libc__common.dir/source/time/asctime.c.obj
[geralt:ro] [117/371] Building C object zephyr/lib/posix/c_lib_ext/CMakeFiles/lib__posix__c_lib_ext.dir/fnmatch.c.obj
[geralt:rw] [274/371] Building C object zephyr/drivers/i2c/CMakeFiles/drivers__i2c.dir/i2c_bitbang.c.obj
[chinchou:ro] [113/388] Building C object zephyr/lib/libc/common/CMakeFiles/lib__libc__common.dir/source/time/gmtime_r.c.obj
[sundance:ro] [23/408] Building C object zephyr/CMakeFiles/zephyr.dir/lib/utils/rb.c.obj
[geralt:rw] [275/371] Building C object zephyr/drivers/i2c/CMakeFiles/drivers__i2c.dir/i2c_shell.c.obj
[chinchou:ro] [114/388] Building C object zephyr/lib/libc/common/CMakeFiles/lib__libc__common.dir/source/time/localtime_r_utc.c.obj
[geralt:ro] [118/371] Building C object zephyr/lib/libc/common/CMakeFiles/lib__libc__common.dir/source/stdlib/malloc.c.obj
[chinchou:ro] [115/388] Building C object zephyr/lib/libc/common/CMakeFiles/lib__libc__common.dir/source/time/ctime.c.obj
[geralt:rw] [276/371] Building C object zephyr/drivers/pinctrl/CMakeFiles/drivers__pinctrl.dir/common.c.obj
[sundance:rw] [86/408] Building C object CMakeFiles/app.dir/mnt/host/source/src/platform/ec/build/zephyr/sundance/modules/ec/common/port80.c.obj
[geralt:ro] [119/371] Linking C static library zephyr/lib/libc/common/liblib__libc__common.a
[sundance:ro] [24/408] Building C object zephyr/CMakeFiles/zephyr.dir/lib/utils/timeutil.c.obj
[sundance:rw] [87/408] Building C object CMakeFiles/app.dir/mnt/host/source/src/platform/ec/build/zephyr/sundance/modules/ec/common/motion_sense.c.obj
[geralt:ro] [120/371] Building C object zephyr/lib/posix/c_lib_ext/CMakeFiles/lib__posix__c_lib_ext.dir/getentropy.c.obj
[geralt:rw] [277/371] Building C object zephyr/drivers/i2c/CMakeFiles/drivers__i2c.dir/i2c_ite_enhance.c.obj
[chinchou:ro] [116/388] Building C object zephyr/lib/libc/common/CMakeFiles/lib__libc__common.dir/source/time/time.c.obj
[geralt:ro] [121/371] Building C object zephyr/lib/posix/c_lib_ext/CMakeFiles/lib__posix__c_lib_ext.dir/getopt_shim.c.obj
[geralt:rw] [278/371] Building C object zephyr/drivers/i2c/CMakeFiles/drivers__i2c.dir/i2c_ite_it8xxx2.c.obj
[chinchou:ro] [117/388] Building C object zephyr/lib/libc/common/CMakeFiles/lib__libc__common.dir/source/string/strnlen.c.obj
[geralt:ro] [122/371] Linking C static library zephyr/lib/posix/c_lib_ext/liblib__posix__c_lib_ext.a
[geralt:rw] [279/371] Linking C static library zephyr/drivers/i2c/libdrivers__i2c.a
[geralt:rw] [280/371] Building C object zephyr/drivers/pinctrl/CMakeFiles/drivers__pinctrl.dir/pinctrl_ite_it8xxx2.c.obj
[sundance:rw] [88/408] Building C object CMakeFiles/app.dir/mnt/host/source/src/platform/ec/build/zephyr/sundance/modules/ec/common/power_button.c.obj
[geralt:rw] [281/371] Linking C static library zephyr/drivers/pinctrl/libdrivers__pinctrl.a
[geralt:ro] [123/371] Building C object zephyr/subsys/crc/CMakeFiles/subsys__crc.dir/crc4_sw.c.obj
[chinchou:ro] [118/388] Building C object zephyr/lib/posix/c_lib_ext/CMakeFiles/lib__posix__c_lib_ext.dir/fnmatch.c.obj
[geralt:rw] [282/371] Building C object zephyr/drivers/pwm/CMakeFiles/drivers__pwm.dir/pwm_shell.c.obj
[chinchou:ro] [119/388] Building C object zephyr/lib/libc/common/CMakeFiles/lib__libc__common.dir/source/stdlib/malloc.c.obj
[geralt:rw] [283/371] Building C object zephyr/drivers/pwm/CMakeFiles/drivers__pwm.dir/pwm_ite_it8xxx2.c.obj
[geralt:rw] [284/371] Linking C static library zephyr/drivers/pwm/libdrivers__pwm.a
[geralt:ro] [124/371] Building C object zephyr/subsys/crc/CMakeFiles/subsys__crc.dir/crc8_sw.c.obj
[chinchou:ro] [120/388] Linking C static library zephyr/lib/libc/common/liblib__libc__common.a
[geralt:ro] [125/371] Building C object zephyr/subsys/mgmt/ec_host_cmd/CMakeFiles/subsys__mgmt__ec_host_cmd.dir/ec_host_cmd_handler.c.obj
[geralt:ro] [126/371] Building C object zephyr/subsys/crc/CMakeFiles/subsys__crc.dir/crc16_sw.c.obj
[sundance:ro] [25/408] Building C object zephyr/CMakeFiles/zephyr.dir/lib/utils/bitarray.c.obj
[geralt:ro] [127/371] Linking C static library zephyr/subsys/mgmt/ec_host_cmd/libsubsys__mgmt__ec_host_cmd.a
[geralt:rw] [285/371] Building C object zephyr/drivers/serial/CMakeFiles/drivers__serial.dir/uart_ite_it8xxx2.c.obj
[geralt:ro] [128/371] Building C object zephyr/subsys/mgmt/ec_host_cmd/backends/CMakeFiles/subsys__mgmt__ec_host_cmd__backends.dir/ec_host_cmd_backend_shi_ite.c.obj
[sundance:rw] [89/408] Building C object CMakeFiles/app.dir/mnt/host/source/src/platform/ec/build/zephyr/sundance/modules/ec/power/hibernate.c.obj
[geralt:ro] [129/371] Building C object zephyr/subsys/crc/CMakeFiles/subsys__crc.dir/crc7_sw.c.obj
[geralt:ro] [130/371] Linking C static library zephyr/subsys/mgmt/ec_host_cmd/backends/libsubsys__mgmt__ec_host_cmd__backends.a
[geralt:ro] [131/371] Building C object zephyr/subsys/crc/CMakeFiles/subsys__crc.dir/crc24_sw.c.obj
[sundance:ro] [26/408] Building C object zephyr/CMakeFiles/zephyr.dir/lib/utils/bitmask.c.obj
[chinchou:ro] [121/388] Building C object zephyr/lib/posix/c_lib_ext/CMakeFiles/lib__posix__c_lib_ext.dir/getentropy.c.obj
[geralt:ro] [132/371] Building C object zephyr/subsys/crc/CMakeFiles/subsys__crc.dir/crc32c_sw.c.obj
[geralt:rw] [286/371] Building C object zephyr/drivers/timer/CMakeFiles/drivers__timer.dir/sys_clock_init.c.obj
[geralt:ro] [133/371] Building C object zephyr/subsys/crc/CMakeFiles/subsys__crc.dir/crc32k_4_2_sw.c.obj
[sundance:rw] [90/408] Building C object CMakeFiles/app.dir/mnt/host/source/src/platform/ec/build/zephyr/sundance/modules/ec/common/panic_output.c.obj
[geralt:ro] [134/371] Building C object zephyr/subsys/crc/CMakeFiles/subsys__crc.dir/crc32_sw.c.obj
[geralt:rw] [287/371] Building C object zephyr/drivers/timer/CMakeFiles/drivers__timer.dir/ite_it8xxx2_timer.c.obj
[geralt:rw] [288/371] Building C object zephyr/drivers/serial/CMakeFiles/drivers__serial.dir/uart_ns16550.c.obj
[geralt:ro] [135/371] Linking C static library zephyr/subsys/crc/libsubsys__crc.a
[geralt:rw] [289/371] Linking C static library zephyr/drivers/timer/libdrivers__timer.a
[geralt:rw] [290/371] Linking C static library zephyr/drivers/serial/libdrivers__serial.a
[sundance:rw] [91/408] Building C object CMakeFiles/app.dir/mnt/host/source/src/platform/ec/build/zephyr/sundance/modules/ec/common/sha256.c.obj
[chinchou:ro] [122/388] Building C object zephyr/subsys/crc/CMakeFiles/subsys__crc.dir/crc4_sw.c.obj
[geralt:rw] [291/371] Building C object zephyr/drivers/watchdog/CMakeFiles/drivers__watchdog.dir/wdt_ite_it8xxx2.c.obj
[chinchou:ro] [123/388] Building C object zephyr/lib/posix/c_lib_ext/CMakeFiles/lib__posix__c_lib_ext.dir/getopt_shim.c.obj
[chinchou:ro] [124/388] Building C object zephyr/subsys/crc/CMakeFiles/subsys__crc.dir/crc8_sw.c.obj
[chinchou:ro] [125/388] Linking C static library zephyr/lib/posix/c_lib_ext/liblib__posix__c_lib_ext.a
[chinchou:ro] [126/388] Building C object zephyr/subsys/crc/CMakeFiles/subsys__crc.dir/crc16_sw.c.obj
[geralt:rw] [292/371] Building C object zephyr/drivers/watchdog/CMakeFiles/drivers__watchdog.dir/wdt_shell.c.obj
[chinchou:ro] [127/388] Building C object zephyr/subsys/crc/CMakeFiles/subsys__crc.dir/crc7_sw.c.obj
[chinchou:ro] [128/388] Building C object zephyr/subsys/crc/CMakeFiles/subsys__crc.dir/crc24_sw.c.obj
[geralt:rw] [293/371] Linking C static library zephyr/drivers/watchdog/libdrivers__watchdog.a
[chinchou:ro] [129/388] Building C object zephyr/subsys/crc/CMakeFiles/subsys__crc.dir/crc32_sw.c.obj
[chinchou:ro] [130/388] Building C object zephyr/subsys/crc/CMakeFiles/subsys__crc.dir/crc32c_sw.c.obj
[geralt:ro] [136/371] Building C object zephyr/drivers/interrupt_controller/CMakeFiles/drivers__interrupt_controller.dir/wuc_ite_it8xxx2.c.obj
[sundance:ro] [27/408] Building C object zephyr/CMakeFiles/zephyr.dir/lib/utils/getopt/getopt.c.obj
[geralt:ro] [137/371] Building C object zephyr/drivers/interrupt_controller/CMakeFiles/drivers__interrupt_controller.dir/intc_ite_it8xxx2.c.obj
[sundance:rw] [92/408] Building C object CMakeFiles/app.dir/mnt/host/source/src/platform/ec/build/zephyr/sundance/modules/ec/common/shared_mem.c.obj
[chinchou:ro] [131/388] Building C object zephyr/subsys/crc/CMakeFiles/subsys__crc.dir/crc32k_4_2_sw.c.obj
[sundance:rw] [93/408] Building C object CMakeFiles/app.dir/mnt/host/source/src/platform/ec/build/zephyr/sundance/modules/ec/common/spi_flash_reg.c.obj
[geralt:ro] [138/371] Linking C static library zephyr/drivers/interrupt_controller/libdrivers__interrupt_controller.a
[geralt:ro] [139/371] Building C object zephyr/drivers/adc/CMakeFiles/drivers__adc.dir/adc_common.c.obj
[geralt:rw] [294/371] Building C object modules/ec/zephyr/CMakeFiles/ec_shim.dir/app/ec/main_shim.c.obj
[chinchou:ro] [132/388] Linking C static library zephyr/subsys/crc/libsubsys__crc.a
[geralt:rw] [295/371] Building C object modules/ec/zephyr/CMakeFiles/ec_shim.dir/drivers/cros_flash/cros_flash_it8xxx2.c.obj
[geralt:rw] [296/371] Building C object modules/ec/zephyr/CMakeFiles/ec_shim.dir/app/ec/ec_app_main.c.obj
[sundance:rw] [94/408] Building C object CMakeFiles/app.dir/mnt/host/source/src/platform/ec/build/zephyr/sundance/modules/ec/common/switch.c.obj
[geralt:rw] [297/371] Building C object modules/ec/zephyr/CMakeFiles/ec_shim.dir/drivers/cros_kb_raw/cros_kb_raw_ite.c.obj
[geralt:rw] [298/371] Building C object modules/ec/zephyr/CMakeFiles/ec_shim.dir/drivers/cros_system/cros_system_it8xxx2.c.obj
[chinchou:ro] [133/388] Building C object zephyr/drivers/interrupt_controller/CMakeFiles/drivers__interrupt_controller.dir/intc_ite_it8xxx2.c.obj
[sundance:ro] [28/408] Building C object zephyr/CMakeFiles/zephyr.dir/lib/utils/getopt/getopt_common.c.obj
[geralt:ro] [140/371] Building C object zephyr/drivers/bbram/CMakeFiles/drivers__bbram.dir/bbram_it8xxx2.c.obj
[geralt:ro] [141/371] Linking C static library zephyr/drivers/bbram/libdrivers__bbram.a
[geralt:ro] [142/371] Building C object zephyr/drivers/console/CMakeFiles/drivers__console.dir/uart_console.c.obj
[geralt:ro] [143/371] Linking C static library zephyr/drivers/console/libdrivers__console.a
[sundance:rw] [95/408] Building C object CMakeFiles/app.dir/mnt/host/source/src/platform/ec/build/zephyr/sundance/modules/ec/driver/stm_mems_common.c.obj
[sundance:ro] [29/408] Building C object zephyr/CMakeFiles/zephyr.dir/lib/utils/ring_buffer.c.obj
[chinchou:ro] [134/388] Building C object zephyr/drivers/interrupt_controller/CMakeFiles/drivers__interrupt_controller.dir/wuc_ite_it8xxx2.c.obj
[geralt:ro] [144/371] Building C object zephyr/drivers/adc/CMakeFiles/drivers__adc.dir/adc_ite_it8xxx2.c.obj
[geralt:rw] [299/371] Building C object modules/ec/zephyr/CMakeFiles/ec_shim.dir/shim/chip/it8xxx2/clock.c.obj
[geralt:ro] [145/371] Linking C static library zephyr/drivers/adc/libdrivers__adc.a
[chinchou:ro] [135/388] Linking C static library zephyr/drivers/interrupt_controller/libdrivers__interrupt_controller.a
[geralt:rw] [300/371] Building C object modules/ec/zephyr/CMakeFiles/ec_shim.dir/drivers/one_wire_uart/hid_over_i2c_target.c.obj
[geralt:rw] [301/371] Building C object modules/ec/zephyr/CMakeFiles/ec_shim.dir/drivers/one_wire_uart/one_wire_uart.c.obj
[sundance:ro] [30/408] Building C object zephyr/CMakeFiles/zephyr.dir/lib/utils/last_section_id.c.obj
[sundance:rw] [96/408] Building C object CMakeFiles/app.dir/mnt/host/source/src/platform/ec/build/zephyr/sundance/modules/ec/common/tablet_mode.c.obj
[geralt:rw] [302/371] Building C object modules/ec/zephyr/CMakeFiles/ec_shim.dir/drivers/one_wire_uart/tablet.c.obj
[sundance:rw] [97/408] Building C object CMakeFiles/app.dir/mnt/host/source/src/platform/ec/build/zephyr/sundance/modules/ec/common/thermal.c.obj
[sundance:ro] [31/408] Building C object zephyr/CMakeFiles/zephyr.dir/misc/generated/configs.c.obj
[chinchou:ro] [136/388] Building C object zephyr/drivers/adc/CMakeFiles/drivers__adc.dir/adc_common.c.obj
[geralt:ro] [146/371] Building C object zephyr/drivers/eeprom/CMakeFiles/drivers__eeprom.dir/eeprom_shell.c.obj
[geralt:rw] [303/371] Building C object modules/ec/zephyr/CMakeFiles/ec_shim.dir/shim/chip/it8xxx2/system.c.obj
[geralt:ro] [147/371] Building C object zephyr/drivers/flash/CMakeFiles/drivers__flash.dir/flash_ite_it8xxx2.c.obj
[geralt:ro] [148/371] Building C object zephyr/drivers/eeprom/CMakeFiles/drivers__eeprom.dir/eeprom_at2x.c.obj
[geralt:rw] [304/371] Building C object modules/ec/zephyr/CMakeFiles/ec_shim.dir/shim/chip/it8xxx2/keyboard_raw.c.obj
[geralt:rw] [305/371] Building C object modules/ec/zephyr/CMakeFiles/ec_shim.dir/shim/chip/it8xxx2/power_policy.c.obj
[geralt:ro] [149/371] Linking C static library zephyr/drivers/flash/libdrivers__flash.a
[geralt:ro] [150/371] Linking C static library zephyr/drivers/eeprom/libdrivers__eeprom.a
[geralt:rw] [306/371] Building C object modules/ec/zephyr/CMakeFiles/ec_shim.dir/shim/chip/it8xxx2/gpio.c.obj
[geralt:rw] [307/371] Building C object modules/ec/zephyr/CMakeFiles/ec_shim.dir/shim/chip/it8xxx2/shi.c.obj
[sundance:rw] [98/408] Building C object CMakeFiles/app.dir/mnt/host/source/src/platform/ec/build/zephyr/sundance/modules/ec/common/temp_sensor.c.obj
[geralt:rw] [308/371] Building C object modules/ec/zephyr/CMakeFiles/ec_shim.dir/shim/src/crc.c.obj
[sundance:ro] [32/408] Building C object zephyr/CMakeFiles/zephyr.dir/soc/nuvoton/npcx/common/power.c.obj
[chinchou:ro] [137/388] Building C object zephyr/drivers/adc/CMakeFiles/drivers__adc.dir/adc_ite_it8xxx2.c.obj
[chinchou:ro] [138/388] Building C object zephyr/drivers/bbram/CMakeFiles/drivers__bbram.dir/bbram_it8xxx2.c.obj
[chinchou:ro] [139/388] Linking C static library zephyr/drivers/adc/libdrivers__adc.a
[sundance:rw] [99/408] Building C object CMakeFiles/app.dir/mnt/host/source/src/platform/ec/build/zephyr/sundance/modules/ec/driver/temp_sensor/thermistor.c.obj
[chinchou:ro] [140/388] Linking C static library zephyr/drivers/bbram/libdrivers__bbram.a
[sundance:rw] [100/408] Building C object CMakeFiles/app.dir/mnt/host/source/src/platform/ec/build/zephyr/sundance/modules/ec/common/throttle_ap.c.obj
[/mnt/host/source/src/platform/ec/build/zephyr/trulo-ish-lcov]   /mnt/host/source/src/platform/ec/build/zephyr/trulo-ish/build-singleimage/zephyr/CMakeFiles/zephyr.dir/subsys/shell/modules/kernel_service/kernel_shell.c.gcno:no functions found
[/mnt/host/source/src/platform/ec/build/zephyr/trulo-ish-lcov] stderr:
[geralt:ro] [151/371] Building C object zephyr/drivers/gpio/CMakeFiles/drivers__gpio.dir/gpio_ite_it8xxx2.c.obj
[geralt:ro] [152/371] Building C object zephyr/drivers/gpio/CMakeFiles/drivers__gpio.dir/gpio_kscan_ite_it8xxx2.c.obj
[geralt:ro] [153/371] Linking C static library zephyr/drivers/gpio/libdrivers__gpio.a
[geralt:ro] [154/371] Building C object zephyr/drivers/i2c/CMakeFiles/drivers__i2c.dir/i2c_common.c.obj
[geralt:rw] [309/371] Building C object modules/ec/zephyr/CMakeFiles/ec_shim.dir/shim/src/console.c.obj
[geralt:rw] [310/371] Building C object modules/ec/zephyr/CMakeFiles/ec_shim.dir/shim/src/panic_utils.c.obj
[geralt:rw] [311/371] Building C object modules/ec/zephyr/CMakeFiles/ec_shim.dir/shim/src/gpio_int.c.obj
[sundance:ro] [33/408] Building C object zephyr/CMakeFiles/zephyr.dir/soc/nuvoton/npcx/common/scfg.c.obj
[geralt:rw] [312/371] Building C object modules/ec/zephyr/CMakeFiles/ec_shim.dir/shim/src/gpio.c.obj
[chinchou:ro] [141/388] Building C object zephyr/drivers/console/CMakeFiles/drivers__console.dir/uart_console.c.obj
[sundance:rw] [101/408] Building C object CMakeFiles/app.dir/mnt/host/source/src/platform/ec/build/zephyr/sundance/modules/ec/common/timer.c.obj
[chinchou:ro] [142/388] Building C object zephyr/drivers/eeprom/CMakeFiles/drivers__eeprom.dir/eeprom_shell.c.obj
[geralt:rw] [313/371] Building C object modules/ec/zephyr/CMakeFiles/ec_shim.dir/shim/src/pm_state.c.obj
[chinchou:ro] [143/388] Linking C static library zephyr/drivers/console/libdrivers__console.a
[geralt:ro] [155/371] Building C object zephyr/drivers/i2c/CMakeFiles/drivers__i2c.dir/i2c_bitbang.c.obj
[sundance:rw] [102/408] Building C object CMakeFiles/app.dir/mnt/host/source/src/platform/ec/build/zephyr/sundance/modules/ec/common/typec_control.c.obj
[/mnt/host/source/src/platform/ec/build/zephyr/meliks-lcov]   /mnt/host/source/src/platform/ec/build/zephyr/meliks/build-ro/zephyr/drivers/sensor/CMakeFiles/drivers__sensor.dir/mnt/host/source/src/third_party/zephyr/main/misc/empty_file.c.gcno:no functions found
[/mnt/host/source/src/platform/ec/build/zephyr/meliks-lcov] stderr:
[geralt:ro] [156/371] Building C object zephyr/drivers/i2c/CMakeFiles/drivers__i2c.dir/i2c_shell.c.obj
[sundance:rw] [103/408] Building C object CMakeFiles/app.dir/mnt/host/source/src/platform/ec/build/zephyr/sundance/modules/ec/common/usb_common.c.obj
[geralt:rw] [314/371] Building C object modules/ec/zephyr/CMakeFiles/ec_shim.dir/shim/src/cbi/cros_cbi.c.obj
[sundance:ro] [34/408] Building C object zephyr/CMakeFiles/zephyr.dir/soc/nuvoton/npcx/common/npcxn/registers.c.obj
[/mnt/host/source/src/platform/ec/build/zephyr/meliks-lcov]   /mnt/host/source/src/platform/ec/build/zephyr/meliks/build-rw/modules/ec/zephyr/CMakeFiles/ec_shim.dir/shim/src/thermal.c.gcno:no functions found
[/mnt/host/source/src/platform/ec/build/zephyr/meliks-lcov] stderr:
[geralt:rw] [315/371] Building C object modules/ec/zephyr/CMakeFiles/ec_shim.dir/shim/src/cbi/cbi_eeprom.c.obj
[chinchou:ro] [144/388] Building C object zephyr/drivers/flash/CMakeFiles/drivers__flash.dir/flash_ite_it8xxx2.c.obj
[geralt:ro] [157/371] Building C object zephyr/drivers/i2c/CMakeFiles/drivers__i2c.dir/i2c_ite_enhance.c.obj
[chinchou:ro] [145/388] Linking C static library zephyr/drivers/flash/libdrivers__flash.a
[chinchou:ro] [146/388] Building C object zephyr/drivers/eeprom/CMakeFiles/drivers__eeprom.dir/eeprom_at2x.c.obj
[geralt:rw] [316/371] Building C object modules/ec/zephyr/CMakeFiles/ec_shim.dir/shim/src/led_driver/led_pwm.c.obj
[sundance:rw] [104/408] Building C object CMakeFiles/app.dir/mnt/host/source/src/platform/ec/build/zephyr/sundance/modules/ec/common/usb_pd_pdo.c.obj
[geralt:rw] [317/371] Building C object modules/ec/zephyr/CMakeFiles/ec_shim.dir/shim/src/system.c.obj
[/mnt/host/source/src/platform/ec/build/zephyr/meliks-lcov]   /mnt/host/source/src/platform/ec/build/zephyr/meliks/build-rw/modules/ec/zephyr/CMakeFiles/ec_shim.dir/shim/src/battery.c.gcno:no functions found
[/mnt/host/source/src/platform/ec/build/zephyr/meliks-lcov] stderr:
[geralt:ro] [158/371] Building C object zephyr/drivers/pinctrl/CMakeFiles/drivers__pinctrl.dir/common.c.obj
[geralt:rw] [318/371] Building C object modules/ec/zephyr/CMakeFiles/ec_shim.dir/shim/src/led_driver/led.c.obj
[chinchou:ro] [147/388] Linking C static library zephyr/drivers/eeprom/libdrivers__eeprom.a
[geralt:ro] [159/371] Building C object zephyr/drivers/i2c/CMakeFiles/drivers__i2c.dir/i2c_ite_it8xxx2.c.obj
[/mnt/host/source/src/platform/ec/build/zephyr/meliks-lcov]   /mnt/host/source/src/platform/ec/build/zephyr/meliks/build-rw/modules/ec/zephyr/CMakeFiles/ec_shim.dir/shim/src/charger.c.gcno:no functions found
[/mnt/host/source/src/platform/ec/build/zephyr/meliks-lcov] stderr:
[geralt:ro] [160/371] Linking C static library zephyr/drivers/i2c/libdrivers__i2c.a
[sundance:ro] [35/408] Building C object zephyr/CMakeFiles/zephyr.dir/soc/nuvoton/npcx/npcx9/soc.c.obj
[geralt:rw] [319/371] Building C object modules/ec/zephyr/CMakeFiles/ec_shim.dir/shim/src/adc.c.obj
[sundance:rw] [105/408] Building C object CMakeFiles/app.dir/mnt/host/source/src/platform/ec/build/zephyr/sundance/modules/ec/common/usbc/usb_pd_timer.c.obj
[geralt:rw] [320/371] Building C object modules/ec/zephyr/CMakeFiles/ec_shim.dir/shim/src/battery.c.obj
[sundance:rw] [106/408] Building C object CMakeFiles/app.dir/mnt/host/source/src/platform/ec/build/zephyr/sundance/modules/ec/common/usbc/usbc_task.c.obj
[geralt:rw] [321/371] Building C object modules/ec/zephyr/CMakeFiles/ec_shim.dir/shim/src/chg_rt9490.c.obj
[chinchou:ro] [148/388] Building C object zephyr/drivers/gpio/CMakeFiles/drivers__gpio.dir/gpio_kscan_ite_it8xxx2.c.obj
[geralt:ro] [161/371] Building C object zephyr/drivers/pinctrl/CMakeFiles/drivers__pinctrl.dir/pinctrl_ite_it8xxx2.c.obj
[geralt:ro] [162/371] Building C object zephyr/drivers/pwm/CMakeFiles/drivers__pwm.dir/pwm_shell.c.obj
[chinchou:ro] [149/388] Building C object zephyr/drivers/gpio/CMakeFiles/drivers__gpio.dir/gpio_ite_it8xxx2.c.obj
[geralt:ro] [163/371] Linking C static library zephyr/drivers/pinctrl/libdrivers__pinctrl.a
[geralt:rw] [322/371] Building C object modules/ec/zephyr/CMakeFiles/ec_shim.dir/shim/src/charger.c.obj
[chinchou:ro] [150/388] Linking C static library zephyr/drivers/gpio/libdrivers__gpio.a
[geralt:rw] [323/371] Building C object modules/ec/zephyr/CMakeFiles/ec_shim.dir/shim/src/flash.c.obj
[geralt:ro] [164/371] Building C object zephyr/drivers/pwm/CMakeFiles/drivers__pwm.dir/pwm_ite_it8xxx2.c.obj
[sundance:rw] [107/408] Building C object CMakeFiles/app.dir/mnt/host/source/src/platform/ec/build/zephyr/sundance/modules/ec/common/usbc/usb_sm.c.obj
[sundance:ro] [36/408] Building C object zephyr/CMakeFiles/zephyr.dir/subsys/logging/log_minimal.c.obj
[geralt:ro] [165/371] Linking C static library zephyr/drivers/pwm/libdrivers__pwm.a
[geralt:rw] [324/371] Building C object modules/ec/zephyr/CMakeFiles/ec_shim.dir/shim/src/hooks.c.obj
[geralt:rw] [325/371] Building C object modules/ec/zephyr/CMakeFiles/ec_shim.dir/shim/src/host_command.c.obj
[sundance:rw] [108/408] Building C object CMakeFiles/app.dir/mnt/host/source/src/platform/ec/build/zephyr/sundance/modules/ec/common/usbc_utils.c.obj
[geralt:rw] [326/371] Building C object modules/ec/zephyr/CMakeFiles/ec_shim.dir/shim/src/console_buffer.c.obj
[chinchou:ro] [151/388] Building C object zephyr/drivers/i2c/CMakeFiles/drivers__i2c.dir/i2c_common.c.obj
[sundance:rw] [109/408] Building C object CMakeFiles/app.dir/mnt/host/source/src/platform/ec/build/zephyr/sundance/modules/ec/common/usbc_intr_task.c.obj
[geralt:ro] [166/371] Building C object zephyr/drivers/serial/CMakeFiles/drivers__serial.dir/uart_ite_it8xxx2.c.obj
[chinchou:ro] [152/388] Building C object zephyr/drivers/i2c/CMakeFiles/drivers__i2c.dir/i2c_bitbang.c.obj
[geralt:rw] [327/371] Building C object modules/ec/zephyr/CMakeFiles/ec_shim.dir/shim/src/keyboard_raw.c.obj
[geralt:ro] [167/371] Building C object zephyr/drivers/timer/CMakeFiles/drivers__timer.dir/sys_clock_init.c.obj
[geralt:ro] [168/371] Building C object zephyr/drivers/serial/CMakeFiles/drivers__serial.dir/uart_ns16550.c.obj
[geralt:rw] [328/371] Building C object modules/ec/zephyr/CMakeFiles/ec_shim.dir/shim/src/mkbp_event.c.obj
[geralt:ro] [169/371] Linking C static library zephyr/drivers/serial/libdrivers__serial.a
[sundance:rw] [110/408] Building C object CMakeFiles/app.dir/mnt/host/source/src/platform/ec/build/zephyr/sundance/modules/ec/common/usb_pd_flags.c.obj
[sundance:ro] [37/408] Building C object zephyr/CMakeFiles/zephyr.dir/subsys/mem_mgmt/mem_attr.c.obj
[geralt:rw] [329/371] Building C object modules/ec/zephyr/CMakeFiles/ec_shim.dir/shim/src/motionsense_sensors.c.obj
[/mnt/host/source/src/platform/ec/build/zephyr/meliks-lcov]   /mnt/host/source/src/platform/ec/build/zephyr/meliks/build-rw/modules/ec/zephyr/CMakeFiles/ec_shim.dir/shim/src/usb_muxes.c.gcno:no functions found
[/mnt/host/source/src/platform/ec/build/zephyr/meliks-lcov] stderr:
[/mnt/host/source/src/platform/ec/build/zephyr/trulo-ish-lcov]   /mnt/host/source/src/platform/ec/build/zephyr/trulo-ish/build-singleimage/zephyr/CMakeFiles/zephyr.dir/lib/libc/validate_libc.c.gcno:no functions found
[/mnt/host/source/src/platform/ec/build/zephyr/trulo-ish-lcov] stderr:
[geralt:rw] [330/371] Building C object modules/ec/zephyr/CMakeFiles/ec_shim.dir/shim/src/power.c.obj
[geralt:rw] [331/371] Building C object modules/ec/zephyr/CMakeFiles/ec_shim.dir/shim/src/panic.c.obj
[chinchou:ro] [153/388] Building C object zephyr/drivers/i2c/CMakeFiles/drivers__i2c.dir/i2c_shell.c.obj
[geralt:ro] [170/371] Building C object zephyr/drivers/timer/CMakeFiles/drivers__timer.dir/ite_it8xxx2_timer.c.obj
[sundance:rw] [111/408] Building C object CMakeFiles/app.dir/mnt/host/source/src/platform/ec/build/zephyr/sundance/modules/ec/common/chargen.c.obj
[geralt:ro] [171/371] Building C object zephyr/drivers/watchdog/CMakeFiles/drivers__watchdog.dir/wdt_ite_it8xxx2.c.obj
[geralt:rw] [332/371] Building C object modules/ec/zephyr/CMakeFiles/ec_shim.dir/shim/src/hwtimer.c.obj
[geralt:ro] [172/371] Linking C static library zephyr/drivers/timer/libdrivers__timer.a
[sundance:rw] [112/408] Building C object CMakeFiles/app.dir/mnt/host/source/src/platform/ec/build/zephyr/sundance/modules/ec/common/usbc/usb_pd_console.c.obj
[chinchou:ro] [154/388] Building C object zephyr/drivers/i2c/CMakeFiles/drivers__i2c.dir/i2c_ite_enhance.c.obj
[geralt:ro] [173/371] Building C object zephyr/drivers/watchdog/CMakeFiles/drivers__watchdog.dir/wdt_shell.c.obj
[geralt:ro] [174/371] Linking C static library zephyr/drivers/watchdog/libdrivers__watchdog.a
[geralt:rw] [333/371] Building C object modules/ec/zephyr/CMakeFiles/ec_shim.dir/shim/src/i2c.c.obj
[sundance:ro] [38/408] Building C object zephyr/CMakeFiles/zephyr.dir/subsys/pm/pm.c.obj
[sundance:rw] [113/408] Building C object CMakeFiles/app.dir/mnt/host/source/src/platform/ec/build/zephyr/sundance/modules/ec/driver/usb_mux/usb_mux.c.obj
[chinchou:ro] [155/388] Building C object zephyr/drivers/pinctrl/CMakeFiles/drivers__pinctrl.dir/common.c.obj
[geralt:rw] [334/371] Building C object modules/ec/zephyr/CMakeFiles/ec_shim.dir/shim/src/tasks.c.obj
[geralt:rw] [335/371] Building C object modules/ec/zephyr/CMakeFiles/ec_shim.dir/shim/src/watchdog.c.obj
[geralt:rw] [336/371] Building C object modules/ec/zephyr/CMakeFiles/ec_shim.dir/shim/src/ppc.c.obj
[sundance:rw] [114/408] Building C object CMakeFiles/app.dir/mnt/host/source/src/platform/ec/build/zephyr/sundance/modules/ec/driver/usb_mux/virtual.c.obj
[geralt:ro] [175/371] Building C object modules/ec/zephyr/CMakeFiles/ec_shim.dir/app/ec/main_shim.c.obj
[chinchou:ro] [156/388] Building C object zephyr/drivers/i2c/CMakeFiles/drivers__i2c.dir/i2c_ite_it8xxx2.c.obj
[geralt:rw] [337/371] Building C object zephyr/kernel/CMakeFiles/kernel.dir/main_weak.c.obj
[sundance:ro] [39/408] Building C object zephyr/CMakeFiles/zephyr.dir/subsys/pm/state.c.obj
[geralt:rw] [338/371] Building C object modules/ec/zephyr/CMakeFiles/ec_shim.dir/shim/src/usb_muxes.c.obj
[chinchou:ro] [157/388] Linking C static library zephyr/drivers/i2c/libdrivers__i2c.a
[geralt:ro] [176/371] Building C object modules/ec/zephyr/CMakeFiles/ec_shim.dir/app/ec/ec_app_main.c.obj
[geralt:rw] [339/371] Linking C static library modules/ec/zephyr/libec_shim.a
[geralt:ro] [177/371] Building C object modules/ec/zephyr/CMakeFiles/ec_shim.dir/drivers/cros_flash/cros_flash_it8xxx2.c.obj
[geralt:rw] [340/371] Building C object zephyr/kernel/CMakeFiles/kernel.dir/banner.c.obj
[sundance:rw] [115/408] Building C object CMakeFiles/app.dir/mnt/host/source/src/platform/ec/build/zephyr/sundance/modules/ec/common/usbc/usb_tc_drp_acc_trysrc_sm.c.obj
[geralt:rw] [341/371] Building C object zephyr/kernel/CMakeFiles/kernel.dir/busy_wait.c.obj
[geralt:rw] [342/371] Building C object zephyr/kernel/CMakeFiles/kernel.dir/errno.c.obj
[geralt:rw] [343/371] Building C object zephyr/kernel/CMakeFiles/kernel.dir/device.c.obj
[sundance:rw] [116/408] Building C object CMakeFiles/app.dir/mnt/host/source/src/platform/ec/build/zephyr/sundance/modules/ec/common/usbc/usb_prl_sm.c.obj
[geralt:ro] [178/371] Building C object modules/ec/zephyr/CMakeFiles/ec_shim.dir/drivers/cros_kb_raw/cros_kb_raw_ite.c.obj
[chinchou:ro] [158/388] Building C object zephyr/drivers/pwm/CMakeFiles/drivers__pwm.dir/pwm_shell.c.obj
[chinchou:ro] [159/388] Building C object zephyr/drivers/pinctrl/CMakeFiles/drivers__pinctrl.dir/pinctrl_ite_it8xxx2.c.obj
[geralt:rw] [344/371] Building C object zephyr/kernel/CMakeFiles/kernel.dir/fatal.c.obj
[sundance:ro] [40/408] Building C object zephyr/CMakeFiles/zephyr.dir/subsys/pm/policy/policy_events.c.obj
[chinchou:ro] [160/388] Linking C static library zephyr/drivers/pinctrl/libdrivers__pinctrl.a
[geralt:rw] [345/371] Building C object zephyr/kernel/CMakeFiles/kernel.dir/version.c.obj
[geralt:ro] [179/371] Building C object modules/ec/zephyr/CMakeFiles/ec_shim.dir/drivers/cros_system/cros_system_it8xxx2.c.obj
[geralt:rw] [346/371] Building C object zephyr/kernel/CMakeFiles/kernel.dir/float.c.obj
[geralt:rw] [347/371] Building C object zephyr/kernel/CMakeFiles/kernel.dir/mem_slab.c.obj
[geralt:ro] [180/371] Building C object modules/ec/zephyr/CMakeFiles/ec_shim.dir/drivers/one_wire_uart/one_wire_uart.c.obj
[geralt:rw] [348/371] Building C object zephyr/kernel/CMakeFiles/kernel.dir/init.c.obj
[geralt:rw] [349/371] Building C object zephyr/kernel/CMakeFiles/kernel.dir/kheap.c.obj
[chinchou:ro] [161/388] Building C object zephyr/drivers/pwm/CMakeFiles/drivers__pwm.dir/pwm_ite_it8xxx2.c.obj
[sundance:rw] [117/408] Building C object CMakeFiles/app.dir/mnt/host/source/src/platform/ec/build/zephyr/sundance/modules/ec/common/usbc/usb_pe_drp_sm.c.obj
[sundance:ro] [41/408] Building C object zephyr/CMakeFiles/zephyr.dir/subsys/pm/policy/policy_latency.c.obj
[sundance:rw] [118/408] Building C object CMakeFiles/app.dir/mnt/host/source/src/platform/ec/build/zephyr/sundance/modules/ec/common/usbc/usb_pd_dpm.c.obj
[geralt:ro] [181/371] Building C object modules/ec/zephyr/CMakeFiles/ec_shim.dir/drivers/one_wire_uart/hid_over_i2c_target.c.obj
[sundance:rw] [119/408] Building C object CMakeFiles/app.dir/mnt/host/source/src/platform/ec/build/zephyr/sundance/modules/ec/common/usbc/usbc_pd_policy.c.obj
[chinchou:ro] [162/388] Linking C static library zephyr/drivers/pwm/libdrivers__pwm.a
[chinchou:ro] [163/388] Building C object zephyr/drivers/serial/CMakeFiles/drivers__serial.dir/uart_ite_it8xxx2.c.obj
[geralt:rw] [350/371] Building C object zephyr/kernel/CMakeFiles/kernel.dir/idle.c.obj
[geralt:rw] [351/371] Building C object zephyr/kernel/CMakeFiles/kernel.dir/mailbox.c.obj
[geralt:ro] [182/371] Building C object modules/ec/zephyr/CMakeFiles/ec_shim.dir/shim/chip/it8xxx2/clock.c.obj
[geralt:rw] [352/371] Building C object zephyr/kernel/CMakeFiles/kernel.dir/msg_q.c.obj
[geralt:rw] [353/371] Building C object zephyr/kernel/CMakeFiles/kernel.dir/queue.c.obj
[geralt:ro] [183/371] Building C object modules/ec/zephyr/CMakeFiles/ec_shim.dir/drivers/one_wire_uart/tablet.c.obj
[/mnt/host/source/src/platform/ec/build/zephyr/meliks-lcov]   /mnt/host/source/src/platform/ec/build/zephyr/meliks/build-rw/modules/ec/zephyr/CMakeFiles/ec_shim.dir/shim/src/bc12.c.gcno:no functions found
[/mnt/host/source/src/platform/ec/build/zephyr/meliks-lcov] stderr:
[geralt:rw] [354/371] Building C object zephyr/kernel/CMakeFiles/kernel.dir/mutex.c.obj
[sundance:ro] [42/408] Building C object zephyr/CMakeFiles/zephyr.dir/subsys/pm/policy/policy_state_lock.c.obj
[/mnt/host/source/src/platform/ec/build/zephyr/trulo-ish-lcov]   /mnt/host/source/src/platform/ec/build/zephyr/trulo-ish/build-singleimage/zephyr/kernel/CMakeFiles/kernel.dir/errno.c.gcno:no functions found
[/mnt/host/source/src/platform/ec/build/zephyr/trulo-ish-lcov] stderr:
[chinchou:ro] [164/388] Building C object zephyr/drivers/timer/CMakeFiles/drivers__timer.dir/sys_clock_init.c.obj
[geralt:rw] [355/371] Building C object zephyr/kernel/CMakeFiles/kernel.dir/sem.c.obj
[chinchou:ro] [165/388] Building C object zephyr/drivers/serial/CMakeFiles/drivers__serial.dir/uart_ns16550.c.obj
[sundance:rw] [120/408] Building C object CMakeFiles/app.dir/mnt/host/source/src/platform/ec/build/zephyr/sundance/modules/ec/common/usb_pd_console_cmd.c.obj
[sundance:rw] [121/408] Building C object CMakeFiles/app.dir/mnt/host/source/src/platform/ec/build/zephyr/sundance/modules/ec/common/usbc/dp_alt_mode.c.obj
[geralt:rw] [356/371] Building C object zephyr/kernel/CMakeFiles/kernel.dir/stack.c.obj
[chinchou:ro] [166/388] Linking C static library zephyr/drivers/serial/libdrivers__serial.a
[geralt:rw] [357/371] Building C object zephyr/kernel/CMakeFiles/kernel.dir/system_work_q.c.obj
[sundance:rw] [122/408] Building C object CMakeFiles/app.dir/mnt/host/source/src/platform/ec/build/zephyr/sundance/modules/ec/common/usb_pd_host_cmd.c.obj
[geralt:ro] [184/371] Building C object modules/ec/zephyr/CMakeFiles/ec_shim.dir/shim/chip/it8xxx2/system.c.obj
[geralt:ro] [185/371] Building C object modules/ec/zephyr/CMakeFiles/ec_shim.dir/shim/chip/it8xxx2/keyboard_raw.c.obj
[geralt:rw] [358/371] Building C object zephyr/kernel/CMakeFiles/kernel.dir/condvar.c.obj
[geralt:ro] [186/371] Building C object modules/ec/zephyr/CMakeFiles/ec_shim.dir/shim/chip/it8xxx2/gpio.c.obj
[geralt:rw] [359/371] Building C object zephyr/kernel/CMakeFiles/kernel.dir/work.c.obj
[sundance:ro] [43/408] Building C object zephyr/CMakeFiles/zephyr.dir/subsys/pm/device.c.obj
[geralt:rw] [360/371] Building C object zephyr/kernel/CMakeFiles/kernel.dir/thread.c.obj
[chinchou:ro] [167/388] Building C object zephyr/drivers/timer/CMakeFiles/drivers__timer.dir/ite_it8xxx2_timer.c.obj
[chinchou:ro] [168/388] Linking C static library zephyr/drivers/timer/libdrivers__timer.a
[geralt:rw] [361/371] Building C object zephyr/kernel/CMakeFiles/kernel.dir/pipe.c.obj
[geralt:ro] [187/371] Building C object modules/ec/zephyr/CMakeFiles/ec_shim.dir/shim/chip/it8xxx2/power_policy.c.obj
[chinchou:ro] [169/388] Building C object zephyr/drivers/watchdog/CMakeFiles/drivers__watchdog.dir/wdt_ite_it8xxx2.c.obj
[geralt:rw] [362/371] Building C object zephyr/kernel/CMakeFiles/kernel.dir/spinlock_validate.c.obj
[sundance:rw] [123/408] Building C object CMakeFiles/app.dir/mnt/host/source/src/platform/ec/build/zephyr/sundance/modules/ec/common/usbc/usb_pd_host.c.obj
[geralt:ro] [188/371] Building C object modules/ec/zephyr/CMakeFiles/ec_shim.dir/shim/src/crc.c.obj
[sundance:rw] [124/408] Building C object CMakeFiles/app.dir/mnt/host/source/src/platform/ec/build/zephyr/sundance/modules/ec/zephyr/shim/src/tcpc.c.obj
[geralt:rw] [363/371] Building C object zephyr/kernel/CMakeFiles/kernel.dir/thread_monitor.c.obj
[geralt:ro] [189/371] Building C object modules/ec/zephyr/CMakeFiles/ec_shim.dir/shim/chip/it8xxx2/shi.c.obj
[sundance:ro] [44/408] Building C object zephyr/CMakeFiles/zephyr.dir/subsys/pm/device_system_managed.c.obj
[geralt:rw] [364/371] Building C object zephyr/kernel/CMakeFiles/kernel.dir/sched.c.obj
[geralt:ro] [190/371] Building C object modules/ec/zephyr/CMakeFiles/ec_shim.dir/shim/src/console.c.obj
[sundance:rw] [125/408] Building C object CMakeFiles/app.dir/mnt/host/source/src/platform/ec/build/zephyr/sundance/modules/ec/common/usb_pd_host_cmd_common.c.obj
[geralt:rw] [365/371] Building C object zephyr/kernel/CMakeFiles/kernel.dir/timeout.c.obj
[chinchou:ro] [170/388] Building C object zephyr/drivers/watchdog/CMakeFiles/drivers__watchdog.dir/wdt_shell.c.obj
[geralt:rw] [366/371] Building C object zephyr/kernel/CMakeFiles/kernel.dir/timer.c.obj
[chinchou:ro] [171/388] Linking C static library zephyr/drivers/watchdog/libdrivers__watchdog.a
[/mnt/host/source/src/platform/ec/build/zephyr/trulo-ish-lcov]   /mnt/host/source/src/platform/ec/build/zephyr/trulo-ish/build-singleimage/zephyr/lib/libc/picolibc/CMakeFiles/lib__libc__picolibc.dir/errno_wrap.c.gcno:no functions found
[/mnt/host/source/src/platform/ec/build/zephyr/trulo-ish-lcov] stderr:
[geralt:rw] [367/371] Building C object zephyr/kernel/CMakeFiles/kernel.dir/poll.c.obj
[geralt:rw] [368/371] Building C object zephyr/kernel/CMakeFiles/kernel.dir/events.c.obj
[sundance:rw] [126/408] Building C object CMakeFiles/app.dir/mnt/host/source/src/platform/ec/build/zephyr/sundance/modules/ec/common/usbc/svdm_rsp_dfp_only.c.obj
[sundance:ro] [45/408] Building C object zephyr/CMakeFiles/zephyr.dir/subsys/testsuite/coverage/coverage.c.obj
[geralt:rw] [369/371] Building C object zephyr/kernel/CMakeFiles/kernel.dir/mempool.c.obj
[geralt:ro] [191/371] Building C object modules/ec/zephyr/CMakeFiles/ec_shim.dir/shim/src/panic_utils.c.obj
[geralt:rw] [370/371] Building C object zephyr/kernel/CMakeFiles/kernel.dir/dynamic_disabled.c.obj
[geralt:ro] [192/371] Building C object modules/ec/zephyr/CMakeFiles/ec_shim.dir/shim/src/gpio.c.obj
[geralt:ro] [193/371] Building C object modules/ec/zephyr/CMakeFiles/ec_shim.dir/shim/src/gpio_int.c.obj
[geralt:rw] [371/371] Linking C static library zephyr/kernel/libkernel.a
Toolchain <zmake.toolchains.CorebootSdkToolchain object at 0x7f412048b650> selected by probe function.
[fatcat-ish-idle] Building in /mnt/host/source/src/platform/ec/build/zephyr/fatcat-ish-idle.
[fatcat-ish-idle:singleimage] Configuring.
Running `env -i PYTHONPATH=/usr/lib64/python-exec/python3.11:/mnt/host/source/src/platform/ec/zephyr/zmake:/usr/lib/python311.zip:/usr/lib/python3.11:/usr/lib/python3.11/lib-dynload:/usr/lib/python3.11/site-packages PW_PIGWEED_CIPD_INSTALL_DIR=/usr CROSTC_USER_ACKNOWLEDGES_THAT_RISCV_IS_EXPERIMENTAL=1 PATH=/mnt/host/source/chromite/bin:/usr/local/bin:/usr/bin:/bin:/opt/bin:/mnt/host/source/chromite/sdk/bin:/mnt/host/source/chromite/bin HOME=/home/jpmurphy JAVA_HOME=/etc/java-config-2/current-system-vm JDK_HOME=/etc/java-config-2/current-system-vm JAVAC=/etc/java-config-2/current-system-vm/bin/javac MAKEFLAGS=' -j16 --jobserver-auth=5,6' /usr/bin/cmake -S /mnt/host/source/src/platform/ec/zephyr/program/fatcat -B /mnt/host/source/src/platform/ec/build/zephyr/fatcat-ish-idle/build-singleimage -GNinja -DCMAKE_EXPORT_COMPILE_COMMANDS=ON -DZEPHYR_BASE=/mnt/host/source/src/third_party/zephyr/main -DZMAKE_INCLUDE_DIR=/mnt/host/source/src/platform/ec/build/zephyr/fatcat-ish-idle/include -DPython3_EXECUTABLE=/usr/bin/python3.11 -DDTS_ROOT=/mnt/host/source/src/platform/ec/zephyr -DSYSCALL_INCLUDE_DIRS=/mnt/host/source/src/platform/ec/zephyr/include/drivers -DUSER_CACHE_DIR=/mnt/host/source/src/platform/ec/build/zephyr/user-cache '-DEXTRA_EC_VERSION_FLAGS=--version 16543.0.0 --static' -DTOOLCHAIN_ROOT=/mnt/host/source/src/platform/ec/zephyr -DCOREBOOT_SDK_ROOT_x86=/home/jpmurphy/.cache/coreboot-sdk/i386-elf/dfbb0486385d938cfa9d73080b9d18d598ed4f49 -DCOREBOOT_SDK_ROOT_picolibc_x86=/home/jpmurphy/.cache/coreboot-sdk/picolibc-i386-elf/eb8e8e687b95461de8cbf278f1c2076952d0ad17 -DCOREBOOT_SDK_ROOT_riscv64=/home/jpmurphy/.cache/coreboot-sdk/riscv64-elf/96b949749225b6aaa92ed810ab769e8dfb12f000 -DCOREBOOT_SDK_ROOT_picolibc_arm=/home/jpmurphy/.cache/coreboot-sdk/picolibc-arm-eabi/422a2aa3e1ef891b5bece9a3deb696ff83840d2e -DCOREBOOT_SDK_ROOT_nds32=/home/jpmurphy/.cache/coreboot-sdk/nds32le-elf/d1a518c4a097666d86058e1444f85ca015d15511 -DCOREBOOT_SDK_ROOT_picolibc_riscv64=/home/jpmurphy/.cache/coreboot-sdk/picolibc-riscv64-elf/f571e990ef0278564b31124f8bb109d9a697eb69 -DCOREBOOT_SDK_ROOT_arm=/home/jpmurphy/.cache/coreboot-sdk/arm-eabi/ea40ddd1d190c3b48435c474c0b545719371813a -DCOREBOOT_SDK_ROOT_libstdcxx_riscv64=/home/jpmurphy/.cache/coreboot-sdk/libstdcxx-riscv64-elf/17abf22a3a252e2d5d2062ced5324f7a623689e0 -DCOREBOOT_SDK_ROOT_libstdcxx_arm=/home/jpmurphy/.cache/coreboot-sdk/libstdcxx-arm-eabi/5d7d82e150e44aa1968f1d366e267e6687b328ac -DCOREBOOT_SDK_ROOT_riscv=/home/jpmurphy/.cache/coreboot-sdk/riscv-elf/9a27b9e82341c6e9126624f516ab3f261abb3e73 -DCOREBOOT_SDK_ROOT_libstdcxx_x86=/home/jpmurphy/.cache/coreboot-sdk/libstdcxx-i386-elf/42ef9d2e87a76a37963175d7d428734e65648b87 -DZEPHYR_TOOLCHAIN_VARIANT=coreboot-sdk '-DZEPHYR_MODULES=/mnt/host/source/src/platform/ec/build/zephyr/fatcat-ish-idle/modules/ec;/mnt/host/source/src/platform/ec/build/zephyr/fatcat-ish-idle/modules/cmsis;/mnt/host/source/src/platform/ec/build/zephyr/fatcat-ish-idle/modules/cmsis_6;/mnt/host/source/src/platform/ec/build/zephyr/fatcat-ish-idle/modules/hal_intel_public' -DDTC_OVERLAY_FILE=/mnt/host/source/src/platform/ec/zephyr/program/fatcat/fatcat-ish-idle/project.overlay -DBOARD=intel_ish_5_8_0 '-DCONF_FILE=/mnt/host/source/src/platform/ec/zephyr/program/fatcat/fatcat-ish-idle/project.conf;/mnt/host/source/src/platform/ec/build/zephyr/fatcat-ish-idle/kconfig-singleimage.conf'`
[sundance:rw] [127/408] Building C object CMakeFiles/app.dir/mnt/host/source/src/platform/ec/build/zephyr/sundance/modules/ec/common/usbc_ocp.c.obj
[chinchou:ro] [172/388] Building C object modules/ec/zephyr/CMakeFiles/ec_shim.dir/app/ec/ec_app_main.c.obj
[fatcat-ish-idle:singleimage] Loading Zephyr default modules (Zephyr base (cached)).
[fatcat-ish-idle:singleimage] -- Application: /mnt/host/source/src/platform/ec/zephyr/program/fatcat
[fatcat-ish-idle:singleimage] -- CMake version: 3.31.7
[chinchou:ro] [173/388] Building C object modules/ec/zephyr/CMakeFiles/ec_shim.dir/app/ec/main_shim.c.obj
[sundance:rw] [128/408] Building C object CMakeFiles/app.dir/mnt/host/source/src/platform/ec/build/zephyr/sundance/modules/ec/common/usb_pd_discovery.c.obj
[sundance:ro] [46/408] Building C object zephyr/CMakeFiles/zephyr.dir/subsys/tracing/tracing_none.c.obj
[fatcat-ish-idle:singleimage] -- Found Python3: /usr/bin/python3.11 (found suitable version "3.11.11", minimum required is "3.10") found components: Interpreter
[fatcat-ish-idle:singleimage] -- Cache files will be written to: /mnt/host/source/src/platform/ec/build/zephyr/user-cache
[fatcat-ish-idle:singleimage] -- Zephyr version: 4.3.99 (/mnt/host/source/src/third_party/zephyr/main)
[geralt:ro] [194/371] Building C object modules/ec/zephyr/CMakeFiles/ec_shim.dir/shim/src/pm_state.c.obj
[chinchou:ro] [174/388] Building C object modules/ec/zephyr/CMakeFiles/ec_shim.dir/drivers/cros_kb_raw/cros_kb_raw_ite.c.obj
[geralt:ro] [195/371] Building C object modules/ec/zephyr/CMakeFiles/ec_shim.dir/shim/src/cbi/cros_cbi.c.obj
[chinchou:ro] [175/388] Building C object modules/ec/zephyr/CMakeFiles/ec_shim.dir/drivers/cros_flash/cros_flash_it8xxx2.c.obj
[sundance:ro] [47/408] Building C object zephyr/CMakeFiles/zephyr.dir/subsys/shell/modules/kernel_service/kernel_shell.c.obj
[geralt:ro] [196/371] Building C object modules/ec/zephyr/CMakeFiles/ec_shim.dir/shim/src/cbi/cbi_eeprom.c.obj
[sundance:rw] [129/408] Building C object CMakeFiles/app.dir/mnt/host/source/src/platform/ec/build/zephyr/sundance/modules/ec/common/usb_pd_dual_role.c.obj
[sundance:rw] [130/408] Building C object CMakeFiles/app.dir/mnt/host/source/src/platform/ec/build/zephyr/sundance/modules/ec/driver/tcpm/nct38xx.c.obj
[chinchou:ro] [176/388] Building C object modules/ec/zephyr/CMakeFiles/ec_shim.dir/drivers/cros_shi/cros_shi_it8xxx2.c.obj
[sundance:rw] [131/408] Building C object CMakeFiles/app.dir/mnt/host/source/src/platform/ec/build/zephyr/sundance/modules/ec/driver/tcpm/raa489000.c.obj
[chinchou:ro] [177/388] Building C object modules/ec/zephyr/CMakeFiles/ec_shim.dir/drivers/cros_system/cros_system_it8xxx2.c.obj
[sundance:ro] [48/408] Building C object zephyr/CMakeFiles/zephyr.dir/subsys/shell/modules/kernel_service/cycles.c.obj
[sundance:rw] [132/408] Building C object CMakeFiles/app.dir/mnt/host/source/src/platform/ec/build/zephyr/sundance/modules/ec/driver/tcpm/tcpci.c.obj
[geralt:ro] [197/371] Building C object modules/ec/zephyr/CMakeFiles/ec_shim.dir/shim/src/led_driver/led.c.obj
[sundance:ro] [49/408] Building C object zephyr/CMakeFiles/zephyr.dir/subsys/shell/modules/kernel_service/sleep.c.obj
[geralt:ro] [198/371] Building C object modules/ec/zephyr/CMakeFiles/ec_shim.dir/shim/src/led_driver/led_pwm.c.obj
[chinchou:ro] [178/388] Building C object modules/ec/zephyr/CMakeFiles/ec_shim.dir/shim/chip/it8xxx2/clock.c.obj
[geralt:ro] [199/371] Building C object modules/ec/zephyr/CMakeFiles/ec_shim.dir/shim/src/system.c.obj
[chinchou:ro] [179/388] Building C object modules/ec/zephyr/CMakeFiles/ec_shim.dir/shim/chip/it8xxx2/system.c.obj
[sundance:rw] [133/408] Building C object CMakeFiles/app.dir/mnt/host/source/src/platform/ec/build/zephyr/sundance/modules/ec/common/usbc_ppc.c.obj
[sundance:rw] [134/408] Building C object CMakeFiles/app.dir/mnt/host/source/src/platform/ec/build/zephyr/sundance/modules/ec/driver/ppc/syv682x.c.obj
[chinchou:ro] [180/388] Building C object modules/ec/zephyr/CMakeFiles/ec_shim.dir/shim/chip/it8xxx2/keyboard_raw.c.obj
[fatcat-ish-idle:singleimage] -- Board: intel_ish_5_8_0, qualifiers: intel_ish_5_8_0
[sundance:rw] [135/408] Building C object CMakeFiles/app.dir/mnt/host/source/src/platform/ec/build/zephyr/sundance/modules/ec/common/vboot_hash.c.obj
[sundance:ro] [50/408] Building C object zephyr/CMakeFiles/zephyr.dir/subsys/shell/modules/kernel_service/uptime.c.obj
[chinchou:ro] [181/388] Building C object modules/ec/zephyr/CMakeFiles/ec_shim.dir/shim/chip/it8xxx2/gpio.c.obj
[/mnt/host/source/src/platform/ec/build/zephyr/trulo-ish-lcov]   /mnt/host/source/src/platform/ec/build/zephyr/trulo-ish/build-singleimage/zephyr/drivers/syscon/CMakeFiles/drivers__syscon.dir/mnt/host/source/src/third_party/zephyr/main/misc/empty_file.c.gcno:no functions found
[/mnt/host/source/src/platform/ec/build/zephyr/trulo-ish-lcov] Filter suppressions 'region':
[/mnt/host/source/src/platform/ec/build/zephyr/trulo-ish-lcov]     22 instances
[/mnt/host/source/src/platform/ec/build/zephyr/trulo-ish-lcov]     20 coverpoints
[/mnt/host/source/src/platform/ec/build/zephyr/trulo-ish-lcov] Message summary:
[/mnt/host/source/src/platform/ec/build/zephyr/trulo-ish-lcov]   1 warning message:
[/mnt/host/source/src/platform/ec/build/zephyr/trulo-ish-lcov]     format: 1
[/mnt/host/source/src/platform/ec/build/zephyr/trulo-ish-lcov]   9 ignore messages:
[/mnt/host/source/src/platform/ec/build/zephyr/trulo-ish-lcov]     gcov: 9
Toolchain <zmake.toolchains.CorebootSdkToolchain object at 0x7f41207a7190> selected by probe function.
[rauru] Building in /mnt/host/source/src/platform/ec/build/zephyr/rauru.
[sundance:ro] [51/408] Building C object zephyr/CMakeFiles/zephyr.dir/subsys/shell/modules/kernel_service/version.c.obj
[geralt:ro] [200/371] Building C object modules/ec/zephyr/CMakeFiles/ec_shim.dir/shim/src/chg_rt9490.c.obj
[chinchou:ro] [182/388] Building C object modules/ec/zephyr/CMakeFiles/ec_shim.dir/shim/src/crc.c.obj
[sundance:rw] [136/408] Building C object CMakeFiles/app.dir/mnt/host/source/src/platform/ec/build/zephyr/sundance/modules/ec/common/button.c.obj
[geralt:ro] [201/371] Building C object modules/ec/zephyr/CMakeFiles/ec_shim.dir/shim/src/battery.c.obj
[geralt:ro] [202/371] Building C object modules/ec/zephyr/CMakeFiles/ec_shim.dir/shim/src/adc.c.obj
[chinchou:ro] [183/388] Building C object modules/ec/zephyr/CMakeFiles/ec_shim.dir/shim/chip/it8xxx2/power_policy.c.obj
[chinchou:ro] [184/388] Building C object modules/ec/zephyr/CMakeFiles/ec_shim.dir/shim/chip/it8xxx2/shi.c.obj
[sundance:rw] [137/408] Building C object CMakeFiles/app.dir/mnt/host/source/src/platform/ec/build/zephyr/sundance/modules/ec/common/vboot/efs2.c.obj
[sundance:ro] [52/408] Building C object zephyr/CMakeFiles/zephyr.dir/subsys/shell/modules/kernel_service/thread/thread.c.obj
[chinchou:ro] [185/388] Building C object modules/ec/zephyr/CMakeFiles/ec_shim.dir/shim/src/console.c.obj
[sundance:rw] [138/408] Building C object CMakeFiles/app.dir/mnt/host/source/src/platform/ec/build/zephyr/sundance/modules/ec/common/vstore.c.obj
[geralt:ro] [203/371] Building C object modules/ec/zephyr/CMakeFiles/ec_shim.dir/shim/src/charger.c.obj
[sundance:rw] [139/408] Building C object CMakeFiles/app.dir/mnt/host/source/src/platform/ec/build/zephyr/sundance/modules/ec/common/math_util.c.obj
[sundance:ro] [53/408] Building C object zephyr/CMakeFiles/zephyr.dir/subsys/shell/modules/kernel_service/thread/list.c.obj
[geralt:ro] [204/371] Building C object modules/ec/zephyr/CMakeFiles/ec_shim.dir/shim/src/hooks.c.obj
[geralt:ro] [205/371] Building C object modules/ec/zephyr/CMakeFiles/ec_shim.dir/shim/src/host_command.c.obj
[geralt:ro] [206/371] Building C object modules/ec/zephyr/CMakeFiles/ec_shim.dir/shim/src/flash.c.obj
[chinchou:ro] [186/388] Building C object modules/ec/zephyr/CMakeFiles/ec_shim.dir/shim/src/gpio_int.c.obj
[sundance:rw] [140/408] Building C object CMakeFiles/app.dir/src/common.c.obj
[chinchou:ro] [187/388] Building C object modules/ec/zephyr/CMakeFiles/ec_shim.dir/shim/src/gpio.c.obj
[chinchou:ro] [188/388] Building C object modules/ec/zephyr/CMakeFiles/ec_shim.dir/shim/src/panic_utils.c.obj
[sundance:ro] [54/408] Building C object zephyr/CMakeFiles/zephyr.dir/subsys/shell/modules/kernel_service/thread/stacks.c.obj
[chinchou:ro] [189/388] Building C object modules/ec/zephyr/CMakeFiles/ec_shim.dir/shim/src/pm_state.c.obj
[geralt:ro] [207/371] Building C object modules/ec/zephyr/CMakeFiles/ec_shim.dir/shim/src/console_buffer.c.obj
[sundance:rw] [141/408] Building C object CMakeFiles/app.dir/src/board_power.c.obj
[sundance:ro] [55/408] Building C object zephyr/CMakeFiles/zephyr.dir/subsys/shell/modules/kernel_service/thread/suspend.c.obj
[fatcat-ish-idle:singleimage] -- Found Dtc: /usr/bin/dtc (found suitable version "1.6.0", minimum required is "1.4.6")
[fatcat-ish-idle:singleimage] -- Found BOARD.dts: /mnt/host/source/src/third_party/zephyr/main/boards/intel/ish/intel_ish_5_8_0.dts
[fatcat-ish-idle:singleimage] -- Found devicetree overlay: /mnt/host/source/src/platform/ec/zephyr/program/fatcat/fatcat-ish-idle/project.overlay
[sundance:rw] [142/408] Building C object CMakeFiles/app.dir/sundance/src/led.c.obj
[geralt:ro] [208/371] Building C object modules/ec/zephyr/CMakeFiles/ec_shim.dir/shim/src/keyboard_raw.c.obj
[sundance:rw] [143/408] Building C object CMakeFiles/app.dir/sundance/src/form_factor.c.obj
[geralt:ro] [209/371] Building C object modules/ec/zephyr/CMakeFiles/ec_shim.dir/shim/src/mkbp_event.c.obj
[geralt:ro] [210/371] Building C object modules/ec/zephyr/CMakeFiles/ec_shim.dir/shim/src/motionsense_sensors.c.obj
[chinchou:ro] [190/388] Building C object modules/ec/zephyr/CMakeFiles/ec_shim.dir/shim/src/cbi/cros_cbi.c.obj
[chinchou:ro] [191/388] Building C object modules/ec/zephyr/CMakeFiles/ec_shim.dir/shim/src/cbi/cros_cbi_fw_config.c.obj
[sundance:rw] [144/408] Building C object CMakeFiles/app.dir/sundance/src/board.c.obj
[chinchou:ro] [192/388] Building C object modules/ec/zephyr/CMakeFiles/ec_shim.dir/shim/src/cbi/cros_cbi_ssfc.c.obj
[sundance:ro] [56/408] Building C object zephyr/CMakeFiles/zephyr.dir/subsys/shell/modules/kernel_service/thread/resume.c.obj
[fatcat-ish-idle:singleimage] -- Generated zephyr.dts: /mnt/host/source/src/platform/ec/build/zephyr/fatcat-ish-idle/build-singleimage/zephyr/zephyr.dts
[fatcat-ish-idle:singleimage] -- Generated pickled edt: /mnt/host/source/src/platform/ec/build/zephyr/fatcat-ish-idle/build-singleimage/zephyr/edt.pickle
[geralt:ro] [211/371] Building C object modules/ec/zephyr/CMakeFiles/ec_shim.dir/shim/src/panic.c.obj
[chinchou:ro] [193/388] Building C object modules/ec/zephyr/CMakeFiles/ec_shim.dir/shim/src/cbi/cbi_eeprom.c.obj
[sundance:ro] [57/408] Building C object zephyr/CMakeFiles/zephyr.dir/subsys/shell/modules/kernel_service/thread/kill.c.obj
[sundance:rw] [145/408] Building C object zephyr/CMakeFiles/zephyr.dir/lib/libc/validate_libc.c.obj
[geralt:ro] [212/371] Building C object modules/ec/zephyr/CMakeFiles/ec_shim.dir/shim/src/hwtimer.c.obj
[geralt:ro] [213/371] Building C object modules/ec/zephyr/CMakeFiles/ec_shim.dir/shim/src/power.c.obj
[fatcat-ish-idle:singleimage] -- Generated devicetree_generated.h: /mnt/host/source/src/platform/ec/build/zephyr/fatcat-ish-idle/build-singleimage/zephyr/include/generated/zephyr/devicetree_generated.h
[sundance:rw] [146/408] Building C object CMakeFiles/app.dir/sundance/src/charger.c.obj
[sundance:rw] [147/408] Building C object CMakeFiles/app.dir/sundance/src/usbc.c.obj
[sundance:rw] [148/408] Building C object zephyr/CMakeFiles/zephyr.dir/lib/heap/heap.c.obj
[sundance:rw] [149/408] Linking C static library app/libapp.a
[chinchou:ro] [194/388] Building C object modules/ec/zephyr/CMakeFiles/ec_shim.dir/shim/src/led_driver/led.c.obj
[geralt:ro] [214/371] Building C object modules/ec/zephyr/CMakeFiles/ec_shim.dir/shim/src/i2c.c.obj
[chinchou:ro] [195/388] Building C object modules/ec/zephyr/CMakeFiles/ec_shim.dir/shim/src/led_driver/led_pwm.c.obj
[sundance:ro] [58/408] Building C object zephyr/CMakeFiles/zephyr.dir/subsys/shell/backends/shell_uart.c.obj
[chinchou:ro] [196/388] Building C object modules/ec/zephyr/CMakeFiles/ec_shim.dir/shim/src/system.c.obj
[chinchou:ro] [197/388] Building C object modules/ec/zephyr/CMakeFiles/ec_shim.dir/shim/src/adc.c.obj
[sundance:rw] [150/408] Building C object zephyr/CMakeFiles/zephyr.dir/lib/os/cbprintf_packaged.c.obj
[sundance:ro] [59/408] Building C object zephyr/CMakeFiles/zephyr.dir/subsys/shell/shell.c.obj
[geralt:ro] [215/371] Building C object modules/ec/zephyr/CMakeFiles/ec_shim.dir/shim/src/ppc.c.obj
[sundance:rw] [151/408] Building C object zephyr/CMakeFiles/zephyr.dir/lib/os/clock.c.obj
[geralt:ro] [216/371] Building C object modules/ec/zephyr/CMakeFiles/ec_shim.dir/shim/src/watchdog.c.obj
[geralt:ro] [217/371] Building C object modules/ec/zephyr/CMakeFiles/ec_shim.dir/shim/src/tasks.c.obj
[geralt:ro] [218/371] cd /mnt/host/source/src/platform/ec/build/zephyr/geralt/build-ro/modules/ec/zephyr && PYTHONPATH=/mnt/host/source/src/platform/ec/build/zephyr/geralt/modules/ec/zephyr/zmake/ /usr/bin/python3.11 /mnt/host/source/src/platform/ec/build/zephyr/geralt/modules/ec/zephyr/zmake/zephyr_build_tools/generate_ec_version.py /mnt/host/source/src/platform/ec/build/zephyr/geralt/build-ro/modules/ec/zephyr/include/ec_version.h --name Zephyr-Kernel --version 16543.0.0 --static
[geralt:ro] INFO:root:Using a static version string
[sundance:rw] [152/408] Building C object zephyr/CMakeFiles/zephyr.dir/lib/os/sem.c.obj
[sundance:rw] [153/408] Building C object zephyr/CMakeFiles/zephyr.dir/lib/os/printk.c.obj
[chinchou:ro] [198/388] Building C object modules/ec/zephyr/CMakeFiles/ec_shim.dir/shim/src/battery.c.obj
[chinchou:ro] [199/388] Building C object modules/ec/zephyr/CMakeFiles/ec_shim.dir/shim/src/chg_rt9490.c.obj
[geralt:ro] INFO:root:Version string: Zephyr-Kernel-16543.0.0
[geralt:ro] INFO:root:Writing header to /mnt/host/source/src/platform/ec/build/zephyr/geralt/build-ro/modules/ec/zephyr/include/ec_version.h
[geralt:ro] [219/371] Building C object modules/ec/zephyr/CMakeFiles/ec_shim.dir/shim/src/usb_muxes.c.obj
[sundance:ro] [60/408] Building C object zephyr/CMakeFiles/zephyr.dir/subsys/shell/shell_fprintf.c.obj
[chinchou:ro] [200/388] Building C object modules/ec/zephyr/CMakeFiles/ec_shim.dir/shim/src/charger.c.obj
[geralt:ro] [220/371] Building C object zephyr/kernel/CMakeFiles/kernel.dir/main_weak.c.obj
[chinchou:ro] [201/388] Building C object modules/ec/zephyr/CMakeFiles/ec_shim.dir/shim/src/bc12_rt9490.c.obj
[geralt:ro] [221/371] Building C object zephyr/kernel/CMakeFiles/kernel.dir/banner.c.obj
[sundance:ro] [61/408] Building C object zephyr/CMakeFiles/zephyr.dir/subsys/shell/shell_utils.c.obj
[sundance:rw] [154/408] Building C object zephyr/CMakeFiles/zephyr.dir/lib/os/thread_entry.c.obj
[sundance:rw] [155/408] Building C object zephyr/CMakeFiles/zephyr.dir/lib/os/cbprintf_nano.c.obj
[geralt:ro] [222/371] Building C object CMakeFiles/app.dir/mnt/host/source/src/platform/ec/zephyr/subsys/ap_pwrseq/ap_events.c.obj
[sundance:rw] [156/408] Building C object zephyr/CMakeFiles/zephyr.dir/lib/utils/hex.c.obj
[sundance:rw] [157/408] Building C object zephyr/CMakeFiles/zephyr.dir/lib/utils/dec.c.obj
[sundance:rw] [158/408] Building C object zephyr/CMakeFiles/zephyr.dir/lib/os/cbprintf.c.obj
[sundance:rw] [159/408] Building C object zephyr/CMakeFiles/zephyr.dir/lib/os/assert.c.obj
[geralt:ro] [223/371] Building C object CMakeFiles/app.dir/mnt/host/source/src/platform/ec/build/zephyr/geralt/modules/ec/builtin/stdlib.c.obj
[chinchou:ro] [202/388] Building C object modules/ec/zephyr/CMakeFiles/ec_shim.dir/shim/src/flash.c.obj
[chinchou:ro] [203/388] Building C object modules/ec/zephyr/CMakeFiles/ec_shim.dir/shim/src/hooks.c.obj
[sundance:rw] [160/408] Building C object zephyr/CMakeFiles/zephyr.dir/lib/utils/timeutil.c.obj
[sundance:ro] [62/408] Building C object zephyr/CMakeFiles/zephyr.dir/subsys/shell/shell_ops.c.obj
[sundance:rw] [161/408] Building C object zephyr/CMakeFiles/zephyr.dir/lib/utils/bitmask.c.obj
[geralt:ro] [224/371] Building C object CMakeFiles/app.dir/mnt/host/source/src/platform/ec/build/zephyr/geralt/modules/ec/common/console_output.c.obj
[chinchou:ro] [204/388] Building C object modules/ec/zephyr/CMakeFiles/ec_shim.dir/shim/src/host_command.c.obj
[geralt:ro] [225/371] Building C object CMakeFiles/app.dir/mnt/host/source/src/platform/ec/build/zephyr/geralt/modules/ec/common/base32.c.obj
[sundance:ro] [63/408] Building C object zephyr/CMakeFiles/zephyr.dir/subsys/shell/shell_help.c.obj
[chinchou:ro] [205/388] Building C object modules/ec/zephyr/CMakeFiles/ec_shim.dir/shim/src/console_buffer.c.obj
[sundance:rw] [162/408] Building C object zephyr/CMakeFiles/zephyr.dir/lib/utils/rb.c.obj
[geralt:ro] [226/371] Building C object CMakeFiles/app.dir/mnt/host/source/src/platform/ec/build/zephyr/geralt/modules/ec/common/ec_features.c.obj
[sundance:rw] [163/408] Building C object zephyr/CMakeFiles/zephyr.dir/lib/utils/bitarray.c.obj
[sundance:rw] [164/408] Building C object zephyr/CMakeFiles/zephyr.dir/lib/utils/ring_buffer.c.obj
[sundance:rw] [165/408] Building C object zephyr/CMakeFiles/zephyr.dir/lib/utils/last_section_id.c.obj
[geralt:ro] [227/371] Building C object CMakeFiles/app.dir/mnt/host/source/src/platform/ec/build/zephyr/geralt/modules/ec/common/gpio_commands.c.obj
[geralt:ro] [228/371] Building C object CMakeFiles/app.dir/mnt/host/source/src/platform/ec/build/zephyr/geralt/modules/ec/common/peripheral.c.obj
[chinchou:ro] [206/388] Building C object modules/ec/zephyr/CMakeFiles/ec_shim.dir/shim/src/keyboard_raw.c.obj
[sundance:ro] [64/408] Building C object zephyr/CMakeFiles/zephyr.dir/subsys/shell/shell_history.c.obj
[sundance:rw] [166/408] Building C object zephyr/CMakeFiles/zephyr.dir/lib/utils/getopt/getopt_common.c.obj
[chinchou:ro] [207/388] Building C object modules/ec/zephyr/CMakeFiles/ec_shim.dir/shim/src/mkbp_event.c.obj
[chinchou:ro] [208/388] Building C object modules/ec/zephyr/CMakeFiles/ec_shim.dir/shim/src/keyscan.c.obj
[sundance:rw] [167/408] Building C object zephyr/CMakeFiles/zephyr.dir/misc/generated/configs.c.obj
[sundance:rw] [168/408] Building C object zephyr/CMakeFiles/zephyr.dir/lib/utils/getopt/getopt.c.obj
[geralt:ro] [229/371] Building C object CMakeFiles/app.dir/mnt/host/source/src/platform/ec/build/zephyr/geralt/modules/ec/common/printf.c.obj
[sundance:ro] [65/408] Building C object zephyr/CMakeFiles/zephyr.dir/drivers/flash/flash_util.c.obj
[geralt:ro] [230/371] Building C object CMakeFiles/app.dir/mnt/host/source/src/platform/ec/build/zephyr/geralt/modules/ec/common/queue.c.obj
[sundance:ro] [66/408] Linking C static library zephyr/libzephyr.a
[chinchou:ro] [209/388] Building C object modules/ec/zephyr/CMakeFiles/ec_shim.dir/shim/src/motionsense_sensors.c.obj
[sundance:ro] [67/408] Building C object zephyr/arch/common/CMakeFiles/arch__common.dir/sw_isr_common.c.obj
[sundance:rw] [169/408] Building C object zephyr/CMakeFiles/zephyr.dir/soc/nuvoton/npcx/common/power.c.obj
[geralt:ro] [231/371] Building C object CMakeFiles/app.dir/mnt/host/source/src/platform/ec/build/zephyr/geralt/modules/ec/common/system_boot_time.c.obj
[chinchou:ro] [210/388] Building C object modules/ec/zephyr/CMakeFiles/ec_shim.dir/shim/src/panic.c.obj
[sundance:rw] [170/408] Building C object zephyr/CMakeFiles/zephyr.dir/soc/nuvoton/npcx/common/npcxn/registers.c.obj
[chinchou:ro] [211/388] Building C object modules/ec/zephyr/CMakeFiles/ec_shim.dir/shim/src/power.c.obj
[geralt:ro] [232/371] Building C object CMakeFiles/app.dir/mnt/host/source/src/platform/ec/build/zephyr/geralt/modules/ec/common/uart_printf.c.obj
[sundance:ro] [68/408] Building C object zephyr/arch/common/CMakeFiles/arch__common.dir/init.c.obj
[sundance:rw] [171/408] Building C object zephyr/CMakeFiles/zephyr.dir/soc/nuvoton/npcx/common/scfg.c.obj
[sundance:rw] [172/408] Building C object zephyr/CMakeFiles/zephyr.dir/soc/nuvoton/npcx/npcx9/soc.c.obj
[geralt:ro] [233/371] Building C object CMakeFiles/app.dir/mnt/host/source/src/platform/ec/build/zephyr/geralt/modules/ec/common/system.c.obj
[geralt:ro] [234/371] Building C object CMakeFiles/app.dir/mnt/host/source/src/platform/ec/build/zephyr/geralt/modules/ec/common/util.c.obj
[chinchou:ro] [212/388] Building C object modules/ec/zephyr/CMakeFiles/ec_shim.dir/shim/src/temp_sensors.c.obj
[chinchou:ro] [213/388] Building C object modules/ec/zephyr/CMakeFiles/ec_shim.dir/shim/src/thermal.c.obj
[sundance:ro] [69/408] Building C object zephyr/arch/common/CMakeFiles/arch__common.dir/xip.c.obj
[chinchou:ro] [214/388] Building C object modules/ec/zephyr/CMakeFiles/ec_shim.dir/shim/src/hwtimer.c.obj
[sundance:rw] [173/408] Building C object zephyr/CMakeFiles/zephyr.dir/subsys/logging/log_minimal.c.obj
[sundance:rw] [174/408] Building C object zephyr/CMakeFiles/zephyr.dir/subsys/pm/state.c.obj
[sundance:ro] [70/408] Building C object zephyr/arch/common/CMakeFiles/isr_tables.dir/isr_tables.c.obj
[geralt:ro] [235/371] Building C object CMakeFiles/app.dir/mnt/host/source/src/platform/ec/build/zephyr/geralt/modules/ec/common/version.c.obj
[fatcat-ish-idle:singleimage] Parsing /mnt/host/source/src/platform/ec/zephyr/program/fatcat/Kconfig
[sundance:rw] [175/408] Building C object zephyr/CMakeFiles/zephyr.dir/subsys/mem_mgmt/mem_attr.c.obj
[sundance:ro] [71/408] Linking C static library zephyr/arch/common/libisr_tables.a
[sundance:rw] [176/408] Building C object zephyr/CMakeFiles/zephyr.dir/subsys/pm/pm.c.obj
[chinchou:ro] [215/388] Building C object modules/ec/zephyr/CMakeFiles/ec_shim.dir/shim/src/i2c.c.obj
[sundance:ro] [72/408] Linking C static library zephyr/arch/common/libarch__common.a
[geralt:ro] [236/371] Building C object CMakeFiles/app.dir/mnt/host/source/src/platform/ec/build/zephyr/geralt/modules/ec/driver/accelgyro_bmi3xx.c.obj
[geralt:ro] [237/371] Building C object CMakeFiles/app.dir/mnt/host/source/src/platform/ec/build/zephyr/geralt/modules/ec/driver/accelgyro_bmi_common.c.obj
[chinchou:ro] [216/388] Building C object modules/ec/zephyr/CMakeFiles/ec_shim.dir/shim/src/tasks.c.obj
[sundance:ro] [73/408] Building C object zephyr/arch/arch/arm/core/CMakeFiles/arch__arm__core.dir/fatal.c.obj
[geralt:ro] [238/371] Building C object CMakeFiles/app.dir/mnt/host/source/src/platform/ec/build/zephyr/geralt/modules/ec/common/motion_sense_fifo.c.obj
[sundance:rw] [177/408] Building C object zephyr/CMakeFiles/zephyr.dir/subsys/pm/policy/policy_events.c.obj
[chinchou:ro] [217/388] Building C object modules/ec/zephyr/CMakeFiles/ec_shim.dir/shim/src/watchdog.c.obj
[sundance:rw] [178/408] Building C object zephyr/CMakeFiles/zephyr.dir/subsys/pm/policy/policy_latency.c.obj
[chinchou:ro] [218/388] Building C object modules/ec/zephyr/CMakeFiles/ec_shim.dir/shim/src/bc12.c.obj
[sundance:rw] [179/408] Building C object zephyr/CMakeFiles/zephyr.dir/subsys/pm/policy/policy_state_lock.c.obj
[sundance:ro] [74/408] Building C object zephyr/arch/arch/arm/core/CMakeFiles/arch__arm__core.dir/nmi.c.obj
[sundance:ro] [75/408] Building ASM object zephyr/arch/arch/arm/core/CMakeFiles/arch__arm__core.dir/nmi_on_reset.S.obj
[fatcat-ish-idle:singleimage] Loaded configuration '/mnt/host/source/src/third_party/zephyr/main/boards/intel/ish/intel_ish_5_8_0_defconfig'
[fatcat-ish-idle:singleimage] Merged configuration '/mnt/host/source/src/platform/ec/zephyr/program/fatcat/fatcat-ish-idle/project.conf'
[fatcat-ish-idle:singleimage] Merged configuration '/mnt/host/source/src/platform/ec/build/zephyr/fatcat-ish-idle/kconfig-singleimage.conf'
[fatcat-ish-idle:singleimage] Configuration saved to '/mnt/host/source/src/platform/ec/build/zephyr/fatcat-ish-idle/build-singleimage/zephyr/.config'
[fatcat-ish-idle:singleimage] Kconfig header saved to '/mnt/host/source/src/platform/ec/build/zephyr/fatcat-ish-idle/build-singleimage/zephyr/include/generated/zephyr/autoconf.h'
[fatcat-ish-idle:singleimage] -- Found GnuLd: /home/jpmurphy/.cache/coreboot-sdk/i386-elf/dfbb0486385d938cfa9d73080b9d18d598ed4f49/i386-elf/bin/ld.bfd (found version "2.43.1")
[sundance:ro] [76/408] Linking C static library zephyr/arch/arch/arm/core/libarch__arm__core.a
[geralt:ro] [239/371] Building C object CMakeFiles/app.dir/mnt/host/source/src/platform/ec/build/zephyr/geralt/modules/ec/common/adc.c.obj
[chinchou:ro] [219/388] cd /mnt/host/source/src/platform/ec/build/zephyr/chinchou/build-ro/modules/ec/zephyr && PYTHONPATH=/mnt/host/source/src/platform/ec/build/zephyr/chinchou/modules/ec/zephyr/zmake/ /usr/bin/python3.11 /mnt/host/source/src/platform/ec/build/zephyr/chinchou/modules/ec/zephyr/zmake/zephyr_build_tools/generate_ec_version.py /mnt/host/source/src/platform/ec/build/zephyr/chinchou/build-ro/modules/ec/zephyr/include/ec_version.h --name Zephyr-Kernel --version 16543.0.0 --static
[chinchou:ro] INFO:root:Using a static version string
[sundance:rw] [180/408] Building C object zephyr/CMakeFiles/zephyr.dir/subsys/pm/device.c.obj
[chinchou:ro] INFO:root:Version string: Zephyr-Kernel-16543.0.0
[chinchou:ro] INFO:root:Writing header to /mnt/host/source/src/platform/ec/build/zephyr/chinchou/build-ro/modules/ec/zephyr/include/ec_version.h
[chinchou:ro] [220/388] Building C object modules/ec/zephyr/CMakeFiles/ec_shim.dir/shim/src/ppc.c.obj
[fatcat-ish-idle:singleimage] -- The C compiler identification is GNU 14.2.0
[geralt:ro] [240/371] Building C object CMakeFiles/app.dir/mnt/host/source/src/platform/ec/build/zephyr/geralt/modules/ec/common/base_state.c.obj
[chinchou:ro] [221/388] Building C object modules/ec/zephyr/CMakeFiles/ec_shim.dir/shim/src/usba.c.obj
[sundance:rw] [181/408] Building C object zephyr/CMakeFiles/zephyr.dir/subsys/pm/device_system_managed.c.obj
[geralt:ro] [241/371] Building C object CMakeFiles/app.dir/mnt/host/source/src/platform/ec/build/zephyr/geralt/modules/ec/common/battery.c.obj
[sundance:rw] [182/408] Building C object zephyr/CMakeFiles/zephyr.dir/subsys/testsuite/coverage/coverage.c.obj
[fatcat-ish-idle:singleimage] -- The CXX compiler identification is GNU 14.2.0
[sundance:ro] [77/408] Building C object zephyr/arch/arch/arm/core/cortex_m/CMakeFiles/arch__arm__core__cortex_m.dir/exc_exit.c.obj
[sundance:rw] [183/408] Building C object zephyr/CMakeFiles/zephyr.dir/subsys/tracing/tracing_none.c.obj
[fatcat-ish-idle:singleimage] -- The ASM compiler identification is GNU
[fatcat-ish-idle:singleimage] -- Found assembler: /home/jpmurphy/.cache/coreboot-sdk/i386-elf/dfbb0486385d938cfa9d73080b9d18d598ed4f49/bin/i386-elf-gcc
[chinchou:ro] [222/388] Building C object CMakeFiles/app.dir/mnt/host/source/src/platform/ec/zephyr/subsys/ap_pwrseq/ap_events.c.obj
[chinchou:ro] [223/388] Building C object modules/ec/zephyr/CMakeFiles/ec_shim.dir/shim/src/usb_muxes.c.obj
[geralt:ro] [242/371] Building C object CMakeFiles/app.dir/mnt/host/source/src/platform/ec/build/zephyr/geralt/modules/ec/common/battery_info.c.obj
[fatcat-ish-idle:singleimage] warning: Deprecated symbol I2C_ALLOW_NO_STOP_TRANSACTIONS is enabled.
[fatcat-ish-idle:singleimage] CMake Warning at /mnt/host/source/src/platform/ec/zephyr/cmake/linker/ld/linker_libraries.cmake:11 (message):
[sundance:rw] [184/408] Building C object zephyr/CMakeFiles/zephyr.dir/subsys/shell/modules/kernel_service/kernel_shell.c.obj
[sundance:ro] [78/408] Building ASM object zephyr/arch/arch/arm/core/cortex_m/CMakeFiles/arch__arm__core__cortex_m.dir/fault_s.S.obj
[sundance:ro] [79/408] Building C object zephyr/arch/arch/arm/core/cortex_m/CMakeFiles/arch__arm__core__cortex_m.dir/fault.c.obj
[geralt:ro] [243/371] Building C object CMakeFiles/app.dir/mnt/host/source/src/platform/ec/build/zephyr/geralt/modules/ec/common/battery_fuel_gauge.c.obj
[chinchou:ro] [224/388] Building C object CMakeFiles/app.dir/mnt/host/source/src/platform/ec/build/zephyr/chinchou/modules/ec/builtin/stdlib.c.obj
[chinchou:ro] [225/388] Building C object CMakeFiles/app.dir/mnt/host/source/src/platform/ec/build/zephyr/chinchou/modules/ec/common/base32.c.obj
[sundance:rw] [185/408] Building C object zephyr/CMakeFiles/zephyr.dir/subsys/shell/modules/kernel_service/cycles.c.obj
[/mnt/host/source/src/platform/ec/build/zephyr/meliks-lcov]   /mnt/host/source/src/platform/ec/build/zephyr/meliks/build-rw/CMakeFiles/app.dir/mnt/host/source/src/platform/ec/build/zephyr/meliks/modules/ec/common/usb_pd_pdo.c.gcno:no functions found
[/mnt/host/source/src/platform/ec/build/zephyr/meliks-lcov] stderr:
[geralt:ro] [244/371] Building C object CMakeFiles/app.dir/mnt/host/source/src/platform/ec/build/zephyr/geralt/modules/ec/driver/battery/smart.c.obj
[sundance:rw] [186/408] Building C object zephyr/CMakeFiles/zephyr.dir/subsys/shell/modules/kernel_service/sleep.c.obj
[sundance:rw] [187/408] Building C object zephyr/CMakeFiles/zephyr.dir/subsys/shell/modules/kernel_service/uptime.c.obj
[fatcat-ish-idle:singleimage] -- Performing EC specific devicetree checks
[geralt:ro] [245/371] Building C object CMakeFiles/app.dir/mnt/host/source/src/platform/ec/build/zephyr/geralt/modules/ec/driver/charger/rt9490.c.obj
[fatcat-ish-idle:singleimage]   Disabling c_library
[fatcat-ish-idle:singleimage] Call Stack (most recent call first):
[fatcat-ish-idle:singleimage]   /mnt/host/source/src/third_party/zephyr/main/cmake/target_toolchain_flags.cmake:48 (include)
[fatcat-ish-idle:singleimage]   /mnt/host/source/src/third_party/zephyr/main/cmake/modules/kernel.cmake:153 (include)
[fatcat-ish-idle:singleimage]   /mnt/host/source/src/third_party/zephyr/main/cmake/modules/zephyr_default.cmake:138 (include)
[fatcat-ish-idle:singleimage]   /mnt/host/source/src/third_party/zephyr/main/share/zephyr-package/cmake/ZephyrConfig.cmake:66 (include)
[fatcat-ish-idle:singleimage]   /mnt/host/source/src/third_party/zephyr/main/share/zephyr-package/cmake/ZephyrConfig.cmake:97 (include_boilerplate)
[fatcat-ish-idle:singleimage]   CMakeLists.txt:7 (find_package)
[fatcat-ish-idle:singleimage] INFO: Verified 0 GPIOs, no duplicates found
[fatcat-ish-idle:singleimage] INFO: Verified 0 '*-gpios' properties, all flags match.
[fatcat-ish-idle:singleimage] INFO: Skipped 1 named-gpios children.
[sundance:ro] [80/408] Building ASM object zephyr/arch/arch/arm/core/cortex_m/CMakeFiles/arch__arm__core__cortex_m.dir/reset.S.obj
[sundance:ro] [81/408] Building C object zephyr/arch/arch/arm/core/cortex_m/CMakeFiles/arch__arm__core__cortex_m.dir/fpu.c.obj
[sundance:rw] [188/408] Building C object zephyr/CMakeFiles/zephyr.dir/subsys/shell/modules/kernel_service/version.c.obj
[chinchou:ro] [226/388] Building C object CMakeFiles/app.dir/mnt/host/source/src/platform/ec/build/zephyr/chinchou/modules/ec/common/ec_features.c.obj
[chinchou:ro] [227/388] Building C object CMakeFiles/app.dir/mnt/host/source/src/platform/ec/build/zephyr/chinchou/modules/ec/common/console_output.c.obj
[geralt:ro] [246/371] Building C object CMakeFiles/app.dir/mnt/host/source/src/platform/ec/build/zephyr/geralt/modules/ec/common/charger.c.obj
[fatcat-ish-idle:singleimage] -- Generating component manifest file
[fatcat-ish-idle:singleimage] INFO: Running CME, outputting to /mnt/host/source/src/platform/ec/build/zephyr/fatcat-ish-idle/build-singleimage/zephyr/component_manifest.json
[fatcat-ish-idle:singleimage] INFO: Project fatcat-ish-idle does not support SSFC
[fatcat-ish-idle:singleimage] INFO: No usbc node found
[fatcat-ish-idle:singleimage] INFO: No motionsense-sensor node found
[chinchou:ro] [228/388] Building C object CMakeFiles/app.dir/mnt/host/source/src/platform/ec/build/zephyr/chinchou/modules/ec/common/gpio_commands.c.obj
[sundance:rw] [189/408] Building C object zephyr/CMakeFiles/zephyr.dir/subsys/shell/modules/kernel_service/thread/thread.c.obj
[sundance:rw] [190/408] Building C object zephyr/CMakeFiles/zephyr.dir/subsys/shell/modules/kernel_service/thread/list.c.obj
[geralt:ro] [247/371] Building C object CMakeFiles/app.dir/mnt/host/source/src/platform/ec/build/zephyr/geralt/modules/ec/common/charge_state.c.obj
[fatcat-ish-idle:singleimage] -- warning_base_override: -Wall;-Wformat;-Wformat-security;-Wformat;-Wno-format-zero-length;-Wno-pointer-sign;-Wpointer-arith;-Wexpansion-to-defined
[sundance:rw] [191/408] Building C object zephyr/CMakeFiles/zephyr.dir/subsys/shell/modules/kernel_service/thread/stacks.c.obj
[geralt:ro] [248/371] Building C object CMakeFiles/app.dir/mnt/host/source/src/platform/ec/build/zephyr/geralt/modules/ec/common/charge_ramp.c.obj
[chinchou:ro] [229/388] Building C object CMakeFiles/app.dir/mnt/host/source/src/platform/ec/build/zephyr/chinchou/modules/ec/common/peripheral.c.obj
[sundance:ro] [82/408] Building C object zephyr/arch/arch/arm/core/cortex_m/CMakeFiles/arch__arm__core__cortex_m.dir/scb.c.obj
[sundance:ro] [83/408] Building C object zephyr/arch/arch/arm/core/cortex_m/CMakeFiles/arch__arm__core__cortex_m.dir/thread_abort.c.obj
[geralt:ro] [249/371] Building C object CMakeFiles/app.dir/mnt/host/source/src/platform/ec/build/zephyr/geralt/modules/ec/common/cbi_common.c.obj
[sundance:rw] [192/408] Building C object zephyr/CMakeFiles/zephyr.dir/subsys/shell/modules/kernel_service/thread/suspend.c.obj
[geralt:ro] [250/371] Building C object CMakeFiles/app.dir/mnt/host/source/src/platform/ec/build/zephyr/geralt/modules/ec/common/charge_manager.c.obj
[chinchou:ro] [230/388] Building C object CMakeFiles/app.dir/mnt/host/source/src/platform/ec/build/zephyr/chinchou/modules/ec/common/printf.c.obj
[chinchou:ro] [231/388] Building C object CMakeFiles/app.dir/mnt/host/source/src/platform/ec/build/zephyr/chinchou/modules/ec/common/queue.c.obj
[sundance:ro] [84/408] Building ASM object zephyr/arch/arch/arm/core/cortex_m/CMakeFiles/arch__arm__core__cortex_m.dir/vector_table.S.obj
[fatcat-ish-idle:singleimage] -- Found gen_kobject_list: /mnt/host/source/src/third_party/zephyr/main/scripts/build/gen_kobject_list.py
[fatcat-ish-idle:singleimage] CMake Warning at /mnt/host/source/src/third_party/zephyr/main/CMakeLists.txt:1134 (message):
[fatcat-ish-idle:singleimage]   No SOURCES given to Zephyr library: drivers__syscon
[fatcat-ish-idle:singleimage]   Excluding target from build.
[fatcat-ish-idle:singleimage] CMake Warning at /mnt/host/source/src/third_party/zephyr/main/cmake/emu/simics.cmake:14 (message):
[fatcat-ish-idle:singleimage]   Simics simulator environment is not found at SIMICS_PROJECT:''
[fatcat-ish-idle:singleimage] Call Stack (most recent call first):
[fatcat-ish-idle:singleimage]   /mnt/host/source/src/third_party/zephyr/main/CMakeLists.txt:2336 (include)
[fatcat-ish-idle:singleimage] CMake Warning at /mnt/host/source/src/third_party/zephyr/main/CMakeLists.txt:2359 (message):
[sundance:rw] [193/408] Building C object zephyr/CMakeFiles/zephyr.dir/subsys/shell/modules/kernel_service/thread/resume.c.obj
[fatcat-ish-idle:singleimage] -- Configuring done (13.7s)
[geralt:ro] [251/371] Building C object CMakeFiles/app.dir/mnt/host/source/src/platform/ec/build/zephyr/geralt/modules/ec/common/cbi_config.c.obj
[sundance:rw] [194/408] Building C object zephyr/CMakeFiles/zephyr.dir/subsys/shell/modules/kernel_service/thread/kill.c.obj
[chinchou:ro] [232/388] Building C object CMakeFiles/app.dir/mnt/host/source/src/platform/ec/build/zephyr/chinchou/modules/ec/common/system.c.obj
[sundance:ro] [85/408] Building ASM object zephyr/arch/arch/arm/core/cortex_m/CMakeFiles/arch__arm__core__cortex_m.dir/swap_helper.S.obj
[chinchou:ro] [233/388] Building C object CMakeFiles/app.dir/mnt/host/source/src/platform/ec/build/zephyr/chinchou/modules/ec/common/system_boot_time.c.obj
[geralt:ro] [252/371] Building C object CMakeFiles/app.dir/mnt/host/source/src/platform/ec/build/zephyr/geralt/modules/ec/common/cbi.c.obj
[sundance:rw] [195/408] Building C object zephyr/CMakeFiles/zephyr.dir/subsys/shell/backends/shell_uart.c.obj
[geralt:ro] [253/371] Building C object CMakeFiles/app.dir/mnt/host/source/src/platform/ec/build/zephyr/geralt/modules/ec/common/memory_commands.c.obj
[fatcat-ish-idle:singleimage] -- Generating done (0.4s)
[fatcat-ish-idle:singleimage]   __ASSERT() statements are globally ENABLED
[fatcat-ish-idle:singleimage] CMake Warning:
[fatcat-ish-idle:singleimage] -- Build files have been written to: /mnt/host/source/src/platform/ec/build/zephyr/fatcat-ish-idle/build-singleimage
[geralt:ro] [254/371] Building C object CMakeFiles/app.dir/mnt/host/source/src/platform/ec/build/zephyr/geralt/modules/ec/common/chipset.c.obj
[sundance:ro] [86/408] Building C object zephyr/arch/arch/arm/core/cortex_m/CMakeFiles/arch__arm__core__cortex_m.dir/irq_manage.c.obj
[sundance:rw] [196/408] Building C object zephyr/CMakeFiles/zephyr.dir/subsys/shell/shell.c.obj
[chinchou:ro] [234/388] Building C object CMakeFiles/app.dir/mnt/host/source/src/platform/ec/build/zephyr/chinchou/modules/ec/common/uart_printf.c.obj
[fatcat-ish-idle:singleimage]   Manually-specified variables were not used by the project:
[fatcat-ish-idle:singleimage]     COREBOOT_SDK_ROOT_arm
[fatcat-ish-idle:singleimage]     COREBOOT_SDK_ROOT_libstdcxx_arm
[fatcat-ish-idle:singleimage]     COREBOOT_SDK_ROOT_libstdcxx_riscv64
[fatcat-ish-idle:singleimage]     COREBOOT_SDK_ROOT_nds32
[fatcat-ish-idle:singleimage]     COREBOOT_SDK_ROOT_picolibc_arm
[fatcat-ish-idle:singleimage]     COREBOOT_SDK_ROOT_picolibc_riscv64
[fatcat-ish-idle:singleimage]     COREBOOT_SDK_ROOT_riscv
[fatcat-ish-idle:singleimage]     COREBOOT_SDK_ROOT_riscv64
[chinchou:ro] [235/388] Building C object CMakeFiles/app.dir/mnt/host/source/src/platform/ec/build/zephyr/chinchou/modules/ec/common/util.c.obj
[sundance:rw] [197/408] Building C object zephyr/CMakeFiles/zephyr.dir/subsys/shell/shell_fprintf.c.obj
[sundance:rw] [198/408] Building C object zephyr/CMakeFiles/zephyr.dir/subsys/shell/shell_utils.c.obj
[geralt:ro] [255/371] Building C object CMakeFiles/app.dir/mnt/host/source/src/platform/ec/build/zephyr/geralt/modules/ec/common/ap_reset_log.c.obj
[geralt:ro] [256/371] Building C object CMakeFiles/app.dir/mnt/host/source/src/platform/ec/build/zephyr/geralt/modules/ec/common/extpower_common.c.obj
[sundance:ro] [87/408] Building C object zephyr/arch/arch/arm/core/cortex_m/CMakeFiles/arch__arm__core__cortex_m.dir/prep_c.c.obj
[chinchou:ro] [236/388] Building C object CMakeFiles/app.dir/mnt/host/source/src/platform/ec/build/zephyr/chinchou/modules/ec/common/version.c.obj
[chinchou:ro] [237/388] Building C object CMakeFiles/app.dir/mnt/host/source/src/platform/ec/build/zephyr/chinchou/modules/ec/driver/accel_bma4xx.c.obj
[sundance:ro] [88/408] Building C object zephyr/arch/arch/arm/core/cortex_m/CMakeFiles/arch__arm__core__cortex_m.dir/thread.c.obj
[sundance:rw] [199/408] Building C object zephyr/CMakeFiles/zephyr.dir/subsys/shell/shell_ops.c.obj
[geralt:ro] [257/371] Building C object CMakeFiles/app.dir/mnt/host/source/src/platform/ec/build/zephyr/geralt/modules/ec/common/extpower_gpio.c.obj
[sundance:ro] [89/408] Building C object zephyr/arch/arch/arm/core/cortex_m/CMakeFiles/arch__arm__core__cortex_m.dir/cpu_idle.c.obj
[sundance:rw] [200/408] Building C object zephyr/CMakeFiles/zephyr.dir/subsys/shell/shell_help.c.obj
[geralt:ro] [258/371] Building C object CMakeFiles/app.dir/mnt/host/source/src/platform/ec/build/zephyr/geralt/modules/ec/common/flash.c.obj
[chinchou:ro] [238/388] Building C object CMakeFiles/app.dir/mnt/host/source/src/platform/ec/build/zephyr/chinchou/modules/ec/driver/accel_lis2dw12.c.obj
[sundance:rw] [201/408] Building C object zephyr/CMakeFiles/zephyr.dir/subsys/shell/shell_history.c.obj
[chinchou:ro] [239/388] Building C object CMakeFiles/app.dir/mnt/host/source/src/platform/ec/build/zephyr/chinchou/modules/ec/driver/accelgyro_bmi_common.c.obj
[sundance:rw] [202/408] Building C object zephyr/CMakeFiles/zephyr.dir/drivers/flash/flash_util.c.obj
[geralt:ro] [259/371] Building C object CMakeFiles/app.dir/mnt/host/source/src/platform/ec/build/zephyr/geralt/modules/ec/common/host_command.c.obj
[sundance:rw] [203/408] Building C object zephyr/arch/common/CMakeFiles/arch__common.dir/init.c.obj
[sundance:rw] [204/408] Linking C static library zephyr/libzephyr.a
[sundance:ro] [90/408] Building C object zephyr/arch/arch/arm/core/cortex_m/CMakeFiles/arch__arm__core__cortex_m.dir/irq_init.c.obj
[geralt:ro] [260/371] Building C object CMakeFiles/app.dir/mnt/host/source/src/platform/ec/build/zephyr/geralt/modules/ec/common/host_event_commands.c.obj
[chinchou:ro] [240/388] Building C object CMakeFiles/app.dir/mnt/host/source/src/platform/ec/build/zephyr/chinchou/modules/ec/driver/accelgyro_bmi3xx.c.obj
[geralt:ro] [261/371] Building C object CMakeFiles/app.dir/mnt/host/source/src/platform/ec/build/zephyr/geralt/modules/ec/common/uart_hostcmd.c.obj
[sundance:ro] [91/408] Building C object zephyr/arch/arch/arm/core/cortex_m/CMakeFiles/arch__arm__core__cortex_m.dir/isr_wrapper.c.obj
[sundance:rw] [205/408] Building C object zephyr/arch/common/CMakeFiles/arch__common.dir/sw_isr_common.c.obj
[sundance:ro] [92/408] Linking C static library zephyr/arch/arch/arm/core/cortex_m/libarch__arm__core__cortex_m.a
[sundance:ro] [93/408] Building C object zephyr/arch/arch/arm/core/mpu/CMakeFiles/arch__arm__core__mpu.dir/arm_core_mpu.c.obj
[sundance:ro] [94/408] Generating ../../../include/generated/libc/minimal/strerror_table.h
[chinchou:ro] [241/388] Building C object CMakeFiles/app.dir/mnt/host/source/src/platform/ec/build/zephyr/chinchou/modules/ec/driver/accelgyro_lsm6dsm.c.obj
[geralt:ro] [262/371] Building C object CMakeFiles/app.dir/mnt/host/source/src/platform/ec/build/zephyr/geralt/modules/ec/common/uptime.c.obj
[sundance:rw] [206/408] Building C object zephyr/arch/common/CMakeFiles/arch__common.dir/xip.c.obj
[sundance:ro] [95/408] Building C object zephyr/lib/libc/minimal/CMakeFiles/lib__libc__minimal.dir/source/stdlib/atoi.c.obj
[sundance:rw] [207/408] Building C object zephyr/arch/common/CMakeFiles/isr_tables.dir/isr_tables.c.obj
[sundance:ro] [96/408] Building C object zephyr/lib/libc/minimal/CMakeFiles/lib__libc__minimal.dir/source/stdlib/strtol.c.obj
[sundance:rw] [208/408] Building ASM object zephyr/arch/arch/arm/core/CMakeFiles/arch__arm__core.dir/nmi_on_reset.S.obj
[chinchou:ro] [242/388] Building C object CMakeFiles/app.dir/mnt/host/source/src/platform/ec/build/zephyr/chinchou/modules/ec/common/motion_sense_fifo.c.obj
[sundance:rw] [209/408] Linking C static library zephyr/arch/common/libisr_tables.a
[sundance:rw] [210/408] Building C object zephyr/arch/arch/arm/core/CMakeFiles/arch__arm__core.dir/fatal.c.obj
[chinchou:ro] [243/388] Building C object CMakeFiles/app.dir/mnt/host/source/src/platform/ec/build/zephyr/chinchou/modules/ec/common/adc.c.obj
[sundance:rw] [211/408] Linking C static library zephyr/arch/common/libarch__common.a
[sundance:rw] [212/408] Building C object zephyr/arch/arch/arm/core/CMakeFiles/arch__arm__core.dir/nmi.c.obj
[sundance:ro] [97/408] Building C object zephyr/arch/arch/arm/core/mpu/CMakeFiles/arch__arm__core__mpu.dir/arm_mpu.c.obj
[sundance:ro] [98/408] Building C object zephyr/lib/libc/minimal/CMakeFiles/lib__libc__minimal.dir/source/stdlib/strtoul.c.obj
[sundance:rw] [213/408] Linking C static library zephyr/arch/arch/arm/core/libarch__arm__core.a
[geralt:ro] [263/371] Building C object CMakeFiles/app.dir/mnt/host/source/src/platform/ec/build/zephyr/geralt/modules/ec/common/i2c_controller.c.obj
[geralt:ro] [264/371] Building C object CMakeFiles/app.dir/mnt/host/source/src/platform/ec/build/zephyr/geralt/modules/ec/common/i2c_passthru.c.obj
[sundance:rw] [214/408] Building ASM object zephyr/arch/arch/arm/core/cortex_m/CMakeFiles/arch__arm__core__cortex_m.dir/fault_s.S.obj
[sundance:ro] [99/408] Building C object zephyr/arch/arch/arm/core/mpu/CMakeFiles/arch__arm__core__mpu.dir/arm_mpu_regions.c.obj
[sundance:ro] [100/408] Building C object zephyr/lib/libc/minimal/CMakeFiles/lib__libc__minimal.dir/source/stdlib/strtoull.c.obj
[sundance:ro] [101/408] Building C object zephyr/lib/libc/minimal/CMakeFiles/lib__libc__minimal.dir/source/stdlib/strtoll.c.obj
[geralt:ro] [265/371] Building C object CMakeFiles/app.dir/mnt/host/source/src/platform/ec/build/zephyr/geralt/modules/ec/common/virtual_battery.c.obj
[sundance:ro] [102/408] Linking C static library zephyr/arch/arch/arm/core/mpu/libarch__arm__core__mpu.a
[chinchou:ro] [244/388] Building C object CMakeFiles/app.dir/mnt/host/source/src/platform/ec/build/zephyr/chinchou/modules/ec/common/battery.c.obj
[sundance:ro] [103/408] Building C object zephyr/lib/libc/minimal/CMakeFiles/lib__libc__minimal.dir/source/stdlib/bsearch.c.obj
[chinchou:ro] [245/388] Building C object CMakeFiles/app.dir/mnt/host/source/src/platform/ec/build/zephyr/chinchou/modules/ec/common/battery_info.c.obj
[sundance:rw] [215/408] Building C object zephyr/arch/arch/arm/core/cortex_m/CMakeFiles/arch__arm__core__cortex_m.dir/exc_exit.c.obj
[sundance:ro] [104/408] Building C object zephyr/lib/libc/minimal/CMakeFiles/lib__libc__minimal.dir/source/string/strerror.c.obj
[sundance:ro] [105/408] Building C object zephyr/lib/libc/minimal/CMakeFiles/lib__libc__minimal.dir/source/stdlib/qsort.c.obj
[sundance:rw] [216/408] Building C object zephyr/arch/arch/arm/core/cortex_m/CMakeFiles/arch__arm__core__cortex_m.dir/fpu.c.obj
[sundance:ro] [106/408] Building C object zephyr/lib/libc/minimal/CMakeFiles/lib__libc__minimal.dir/source/string/strncasecmp.c.obj
[sundance:rw] [217/408] Building C object zephyr/arch/arch/arm/core/cortex_m/CMakeFiles/arch__arm__core__cortex_m.dir/fault.c.obj
[sundance:rw] [218/408] Building ASM object zephyr/arch/arch/arm/core/cortex_m/CMakeFiles/arch__arm__core__cortex_m.dir/reset.S.obj
[sundance:ro] [107/408] Building C object zephyr/lib/libc/minimal/CMakeFiles/lib__libc__minimal.dir/source/string/strstr.c.obj
[chinchou:ro] [246/388] Building C object CMakeFiles/app.dir/mnt/host/source/src/platform/ec/build/zephyr/chinchou/modules/ec/common/battery_fuel_gauge.c.obj
[geralt:ro] [266/371] Building C object CMakeFiles/app.dir/mnt/host/source/src/platform/ec/build/zephyr/geralt/modules/ec/common/keyboard_scan.c.obj
[chinchou:ro] [247/388] Building C object CMakeFiles/app.dir/mnt/host/source/src/platform/ec/build/zephyr/chinchou/modules/ec/driver/battery/smart.c.obj
[geralt:ro] [267/371] Building C object CMakeFiles/app.dir/mnt/host/source/src/platform/ec/build/zephyr/geralt/modules/ec/common/mkbp_info.c.obj
[sundance:ro] [108/408] Building C object zephyr/lib/libc/minimal/CMakeFiles/lib__libc__minimal.dir/source/stdlib/exit.c.obj
[sundance:ro] [109/408] Building C object zephyr/lib/libc/minimal/CMakeFiles/lib__libc__minimal.dir/source/string/strspn.c.obj
[geralt:ro] [268/371] Building C object CMakeFiles/app.dir/mnt/host/source/src/platform/ec/build/zephyr/geralt/modules/ec/common/mkbp_fifo.c.obj
[sundance:ro] [110/408] Building C object zephyr/lib/libc/minimal/CMakeFiles/lib__libc__minimal.dir/source/string/string.c.obj
[geralt:ro] [269/371] Building C object CMakeFiles/app.dir/mnt/host/source/src/platform/ec/build/zephyr/geralt/modules/ec/common/keyboard_mkbp.c.obj
[sundance:rw] [219/408] Building ASM object zephyr/arch/arch/arm/core/cortex_m/CMakeFiles/arch__arm__core__cortex_m.dir/vector_table.S.obj
[chinchou:ro] [248/388] Building C object CMakeFiles/app.dir/mnt/host/source/src/platform/ec/build/zephyr/chinchou/modules/ec/driver/charger/rt9490.c.obj
[sundance:rw] [220/408] Building C object zephyr/arch/arch/arm/core/cortex_m/CMakeFiles/arch__arm__core__cortex_m.dir/scb.c.obj
[chinchou:ro] [249/388] Building C object CMakeFiles/app.dir/mnt/host/source/src/platform/ec/build/zephyr/chinchou/modules/ec/common/charger.c.obj
[sundance:ro] [111/408] Building C object zephyr/lib/libc/minimal/CMakeFiles/lib__libc__minimal.dir/source/stdout/sprintf.c.obj
[/mnt/host/source/src/platform/ec/build/zephyr/meliks-lcov]   /mnt/host/source/src/platform/ec/build/zephyr/meliks/build-rw/CMakeFiles/app.dir/mnt/host/source/src/platform/ec/build/zephyr/meliks/modules/ec/common/cbi_config.c.gcno:no functions found
[/mnt/host/source/src/platform/ec/build/zephyr/meliks-lcov] stderr:
[sundance:rw] [221/408] Building C object zephyr/arch/arch/arm/core/cortex_m/CMakeFiles/arch__arm__core__cortex_m.dir/thread_abort.c.obj
[geralt:ro] [270/371] Building C object CMakeFiles/app.dir/mnt/host/source/src/platform/ec/build/zephyr/geralt/modules/ec/common/led_common.c.obj
[sundance:ro] [112/408] Building C object zephyr/lib/libc/minimal/CMakeFiles/lib__libc__minimal.dir/source/stdout/fprintf.c.obj
[sundance:ro] [113/408] Building C object zephyr/lib/libc/minimal/CMakeFiles/lib__libc__minimal.dir/source/stdout/stdout_console.c.obj
[geralt:ro] [271/371] Building C object CMakeFiles/app.dir/mnt/host/source/src/platform/ec/build/zephyr/geralt/modules/ec/common/mkbp_input_devices.c.obj
[geralt:ro] [272/371] Building C object CMakeFiles/app.dir/mnt/host/source/src/platform/ec/build/zephyr/geralt/modules/ec/common/lid_switch.c.obj
[geralt:ro] [273/371] Building C object CMakeFiles/app.dir/mnt/host/source/src/platform/ec/build/zephyr/geralt/modules/ec/common/mkbp_event.c.obj
[sundance:ro] [114/408] Building C object zephyr/lib/libc/minimal/CMakeFiles/lib__libc__minimal.dir/source/math/sqrtf.c.obj
[sundance:ro] [115/408] Building C object zephyr/lib/libc/minimal/CMakeFiles/lib__libc__minimal.dir/source/math/sqrt.c.obj
[sundance:rw] [222/408] Building ASM object zephyr/arch/arch/arm/core/cortex_m/CMakeFiles/arch__arm__core__cortex_m.dir/swap_helper.S.obj
[sundance:rw] [223/408] Building C object zephyr/arch/arch/arm/core/cortex_m/CMakeFiles/arch__arm__core__cortex_m.dir/irq_manage.c.obj
[sundance:rw] [224/408] Building C object zephyr/arch/arch/arm/core/cortex_m/CMakeFiles/arch__arm__core__cortex_m.dir/prep_c.c.obj
[chinchou:ro] [250/388] Building C object CMakeFiles/app.dir/mnt/host/source/src/platform/ec/build/zephyr/chinchou/modules/ec/common/charge_ramp.c.obj
[chinchou:ro] [251/388] Building C object CMakeFiles/app.dir/mnt/host/source/src/platform/ec/build/zephyr/chinchou/modules/ec/common/charge_state.c.obj
[chinchou:ro] [252/388] Building C object CMakeFiles/app.dir/mnt/host/source/src/platform/ec/build/zephyr/chinchou/modules/ec/common/charge_manager.c.obj
[sundance:ro] [116/408] Building C object zephyr/lib/libc/common/CMakeFiles/lib__libc__common.dir/source/time/asctime.c.obj
[chinchou:ro] [253/388] Building C object CMakeFiles/app.dir/mnt/host/source/src/platform/ec/build/zephyr/chinchou/modules/ec/common/cbi_common.c.obj
[sundance:ro] [117/408] Building C object zephyr/lib/libc/minimal/CMakeFiles/lib__libc__minimal.dir/source/time/gmtime.c.obj
[sundance:ro] [118/408] Building C object zephyr/lib/libc/common/CMakeFiles/lib__libc__common.dir/source/time/gmtime_r.c.obj
[sundance:rw] [225/408] Building C object zephyr/arch/arch/arm/core/cortex_m/CMakeFiles/arch__arm__core__cortex_m.dir/cpu_idle.c.obj
[sundance:ro] [119/408] Linking C static library zephyr/lib/libc/minimal/liblib__libc__minimal.a
[sundance:rw] [226/408] Building C object zephyr/arch/arch/arm/core/cortex_m/CMakeFiles/arch__arm__core__cortex_m.dir/thread.c.obj
[sundance:ro] [120/408] Building C object zephyr/lib/libc/common/CMakeFiles/lib__libc__common.dir/source/stdlib/abort.c.obj
[geralt:ro] [274/371] Building C object CMakeFiles/app.dir/mnt/host/source/src/platform/ec/build/zephyr/geralt/modules/ec/common/power_button.c.obj
[sundance:ro] [121/408] Building C object zephyr/lib/libc/common/CMakeFiles/lib__libc__common.dir/source/time/localtime_r_utc.c.obj
[sundance:rw] [227/408] Building C object zephyr/arch/arch/arm/core/cortex_m/CMakeFiles/arch__arm__core__cortex_m.dir/irq_init.c.obj
[sundance:rw] [228/408] Building C object zephyr/arch/arch/arm/core/cortex_m/CMakeFiles/arch__arm__core__cortex_m.dir/isr_wrapper.c.obj
[sundance:ro] [122/408] Building C object zephyr/lib/libc/common/CMakeFiles/lib__libc__common.dir/source/time/ctime.c.obj
[geralt:ro] [275/371] Building C object CMakeFiles/app.dir/mnt/host/source/src/platform/ec/build/zephyr/geralt/modules/ec/common/motion_sense.c.obj
[sundance:ro] [123/408] Building C object zephyr/lib/libc/common/CMakeFiles/lib__libc__common.dir/source/time/time.c.obj
[sundance:rw] [229/408] Linking C static library zephyr/arch/arch/arm/core/cortex_m/libarch__arm__core__cortex_m.a
[chinchou:ro] [254/388] Building C object CMakeFiles/app.dir/mnt/host/source/src/platform/ec/build/zephyr/chinchou/modules/ec/common/cbi_config.c.obj
[geralt:ro] [276/371] Building C object CMakeFiles/app.dir/mnt/host/source/src/platform/ec/build/zephyr/geralt/modules/ec/power/common.c.obj
[sundance:rw] [230/408] Generating ../../../include/generated/libc/minimal/strerror_table.h
[sundance:ro] [124/408] Building C object zephyr/lib/libc/common/CMakeFiles/lib__libc__common.dir/source/string/strnlen.c.obj
[geralt:ro] [277/371] Building C object CMakeFiles/app.dir/mnt/host/source/src/platform/ec/build/zephyr/geralt/modules/ec/power/host_sleep.c.obj
[chinchou:ro] [255/388] Building C object CMakeFiles/app.dir/mnt/host/source/src/platform/ec/build/zephyr/chinchou/modules/ec/common/cbi.c.obj
[chinchou:ro] [256/388] Building C object CMakeFiles/app.dir/mnt/host/source/src/platform/ec/build/zephyr/chinchou/modules/ec/common/memory_commands.c.obj
[sundance:ro] [125/408] Building C object zephyr/lib/posix/c_lib_ext/CMakeFiles/lib__posix__c_lib_ext.dir/fnmatch.c.obj
[sundance:rw] [231/408] Building C object zephyr/lib/libc/minimal/CMakeFiles/lib__libc__minimal.dir/source/stdlib/atoi.c.obj
[sundance:rw] [232/408] Building C object zephyr/arch/arch/arm/core/mpu/CMakeFiles/arch__arm__core__mpu.dir/arm_core_mpu.c.obj
[chinchou:ro] [257/388] Building C object CMakeFiles/app.dir/mnt/host/source/src/platform/ec/build/zephyr/chinchou/modules/ec/common/chipset.c.obj
[sundance:rw] [233/408] Building C object zephyr/lib/libc/minimal/CMakeFiles/lib__libc__minimal.dir/source/stdlib/strtol.c.obj
[sundance:rw] [234/408] Building C object zephyr/arch/arch/arm/core/mpu/CMakeFiles/arch__arm__core__mpu.dir/arm_mpu.c.obj
[sundance:ro] [126/408] Building C object zephyr/lib/libc/common/CMakeFiles/lib__libc__common.dir/source/stdlib/malloc.c.obj
[sundance:rw] [235/408] Building C object zephyr/arch/arch/arm/core/mpu/CMakeFiles/arch__arm__core__mpu.dir/arm_mpu_regions.c.obj
[/mnt/host/source/src/platform/ec/build/zephyr/meliks-lcov]   /mnt/host/source/src/platform/ec/build/zephyr/meliks/build-rw/zephyr/arch/arch/arm/core/mpu/CMakeFiles/arch__arm__core__mpu.dir/arm_mpu_regions.c.gcno:no functions found
[/mnt/host/source/src/platform/ec/build/zephyr/meliks-lcov] stderr:
[sundance:rw] [236/408] Building C object zephyr/lib/libc/minimal/CMakeFiles/lib__libc__minimal.dir/source/stdlib/strtoll.c.obj
[sundance:rw] [237/408] Building C object zephyr/lib/libc/minimal/CMakeFiles/lib__libc__minimal.dir/source/stdlib/strtoul.c.obj
[sundance:rw] [238/408] Linking C static library zephyr/arch/arch/arm/core/mpu/libarch__arm__core__mpu.a
[geralt:ro] [278/371] Building C object CMakeFiles/app.dir/mnt/host/source/src/platform/ec/build/zephyr/geralt/modules/ec/power/mt8186.c.obj
[sundance:rw] [239/408] Building C object zephyr/lib/libc/minimal/CMakeFiles/lib__libc__minimal.dir/source/stdlib/strtoull.c.obj
[sundance:ro] [127/408] Linking C static library zephyr/lib/libc/common/liblib__libc__common.a
[sundance:ro] [128/408] Building C object zephyr/lib/posix/c_lib_ext/CMakeFiles/lib__posix__c_lib_ext.dir/getentropy.c.obj
[sundance:rw] [240/408] Building C object zephyr/lib/libc/minimal/CMakeFiles/lib__libc__minimal.dir/source/stdlib/bsearch.c.obj
[geralt:ro] [279/371] Building C object CMakeFiles/app.dir/mnt/host/source/src/platform/ec/build/zephyr/geralt/modules/ec/common/panic_output.c.obj
[chinchou:ro] [258/388] Building C object CMakeFiles/app.dir/mnt/host/source/src/platform/ec/build/zephyr/chinchou/modules/ec/common/extpower_gpio.c.obj
[sundance:ro] [129/408] Building C object zephyr/subsys/crc/CMakeFiles/subsys__crc.dir/crc4_sw.c.obj
[geralt:ro] [280/371] Building C object CMakeFiles/app.dir/mnt/host/source/src/platform/ec/build/zephyr/geralt/modules/ec/common/shared_mem.c.obj
[sundance:rw] [241/408] Building C object zephyr/lib/libc/minimal/CMakeFiles/lib__libc__minimal.dir/source/stdlib/qsort.c.obj
[sundance:rw] [242/408] Building C object zephyr/lib/libc/minimal/CMakeFiles/lib__libc__minimal.dir/source/string/strerror.c.obj
[sundance:ro] [130/408] Building C object zephyr/subsys/crc/CMakeFiles/subsys__crc.dir/crc8_sw.c.obj
[chinchou:ro] [259/388] Building C object CMakeFiles/app.dir/mnt/host/source/src/platform/ec/build/zephyr/chinchou/modules/ec/common/ap_reset_log.c.obj
[sundance:rw] [243/408] Building C object zephyr/lib/libc/minimal/CMakeFiles/lib__libc__minimal.dir/source/string/strncasecmp.c.obj
[geralt:ro] [281/371] Building C object CMakeFiles/app.dir/mnt/host/source/src/platform/ec/build/zephyr/geralt/modules/ec/driver/sha256/sha256_it8xxx2.c.obj
[sundance:ro] [131/408] Building C object zephyr/subsys/crc/CMakeFiles/subsys__crc.dir/crc16_sw.c.obj
[sundance:ro] [132/408] Building C object zephyr/lib/posix/c_lib_ext/CMakeFiles/lib__posix__c_lib_ext.dir/getopt_shim.c.obj
[sundance:rw] [244/408] Building C object zephyr/lib/libc/minimal/CMakeFiles/lib__libc__minimal.dir/source/string/strstr.c.obj
[sundance:ro] [133/408] Building C object zephyr/subsys/crc/CMakeFiles/subsys__crc.dir/crc7_sw.c.obj
[chinchou:ro] [260/388] Building C object CMakeFiles/app.dir/mnt/host/source/src/platform/ec/build/zephyr/chinchou/modules/ec/common/extpower_common.c.obj
[sundance:rw] [245/408] Building C object zephyr/lib/libc/minimal/CMakeFiles/lib__libc__minimal.dir/source/string/string.c.obj
[sundance:rw] [246/408] Building C object zephyr/lib/libc/minimal/CMakeFiles/lib__libc__minimal.dir/source/string/strspn.c.obj
[sundance:ro] [134/408] Building C object zephyr/subsys/crc/CMakeFiles/subsys__crc.dir/crc24_sw.c.obj
[sundance:ro] [135/408] Linking C static library zephyr/lib/posix/c_lib_ext/liblib__posix__c_lib_ext.a
[sundance:ro] [136/408] Building C object zephyr/subsys/crc/CMakeFiles/subsys__crc.dir/crc32c_sw.c.obj
[sundance:ro] [137/408] Building C object zephyr/subsys/crc/CMakeFiles/subsys__crc.dir/crc32k_4_2_sw.c.obj
[sundance:ro] [138/408] Building C object zephyr/subsys/crc/CMakeFiles/subsys__crc.dir/crc32_sw.c.obj
[chinchou:ro] [261/388] Building C object CMakeFiles/app.dir/mnt/host/source/src/platform/ec/build/zephyr/chinchou/modules/ec/common/flash.c.obj
[geralt:ro] [282/371] Building C object CMakeFiles/app.dir/mnt/host/source/src/platform/ec/build/zephyr/geralt/modules/ec/common/switch.c.obj
[sundance:ro] [139/408] Linking C static library zephyr/subsys/crc/libsubsys__crc.a
[sundance:rw] [247/408] Building C object zephyr/lib/libc/minimal/CMakeFiles/lib__libc__minimal.dir/source/stdlib/exit.c.obj
[/mnt/host/source/src/platform/ec/build/zephyr/meliks-lcov]   /mnt/host/source/src/platform/ec/build/zephyr/meliks/build-rw/zephyr/arch/common/CMakeFiles/isr_tables.dir/isr_tables.c.gcno:no functions found
[/mnt/host/source/src/platform/ec/build/zephyr/meliks-lcov] stderr:
[geralt:ro] [283/371] Building C object CMakeFiles/app.dir/mnt/host/source/src/platform/ec/build/zephyr/geralt/modules/ec/common/typec_control.c.obj
[geralt:ro] [284/371] Building C object CMakeFiles/app.dir/mnt/host/source/src/platform/ec/build/zephyr/geralt/modules/ec/common/tablet_mode.c.obj
[sundance:rw] [248/408] Building C object zephyr/lib/libc/minimal/CMakeFiles/lib__libc__minimal.dir/source/stdout/stdout_console.c.obj
[sundance:rw] [249/408] Building C object zephyr/lib/libc/minimal/CMakeFiles/lib__libc__minimal.dir/source/stdout/fprintf.c.obj
[sundance:rw] [250/408] Building C object zephyr/lib/libc/minimal/CMakeFiles/lib__libc__minimal.dir/source/math/sqrtf.c.obj
[chinchou:ro] [262/388] Building C object CMakeFiles/app.dir/mnt/host/source/src/platform/ec/build/zephyr/chinchou/modules/ec/common/host_command.c.obj
[sundance:rw] [251/408] Building C object zephyr/lib/libc/minimal/CMakeFiles/lib__libc__minimal.dir/source/stdout/sprintf.c.obj
[geralt:ro] [285/371] Building C object CMakeFiles/app.dir/mnt/host/source/src/platform/ec/build/zephyr/geralt/modules/ec/common/timer.c.obj
[chinchou:ro] [263/388] Building C object CMakeFiles/app.dir/mnt/host/source/src/platform/ec/build/zephyr/chinchou/modules/ec/common/host_command_task.c.obj
[sundance:ro] [140/408] Building C object zephyr/drivers/adc/CMakeFiles/drivers__adc.dir/adc_common.c.obj
[chinchou:ro] [264/388] Building C object CMakeFiles/app.dir/mnt/host/source/src/platform/ec/build/zephyr/chinchou/modules/ec/common/host_event_commands.c.obj
[sundance:ro] [141/408] Building C object zephyr/drivers/interrupt_controller/CMakeFiles/drivers__interrupt_controller.dir/intc_miwu.c.obj
[sundance:rw] [252/408] Building C object zephyr/lib/libc/minimal/CMakeFiles/lib__libc__minimal.dir/source/math/sqrt.c.obj
[sundance:rw] [253/408] Building C object zephyr/lib/libc/common/CMakeFiles/lib__libc__common.dir/source/time/asctime.c.obj
[sundance:ro] [142/408] Linking C static library zephyr/drivers/interrupt_controller/libdrivers__interrupt_controller.a
[sundance:rw] [254/408] Building C object zephyr/lib/libc/common/CMakeFiles/lib__libc__common.dir/source/time/gmtime_r.c.obj
[chinchou:ro] [265/388] Building C object CMakeFiles/app.dir/mnt/host/source/src/platform/ec/build/zephyr/chinchou/modules/ec/common/uart_hostcmd.c.obj
[sundance:ro] [143/408] Building C object zephyr/drivers/adc/CMakeFiles/drivers__adc.dir/adc_npcx.c.obj
[sundance:rw] [255/408] Building C object zephyr/lib/libc/common/CMakeFiles/lib__libc__common.dir/source/time/localtime_r_utc.c.obj
[geralt:ro] [286/371] Building C object CMakeFiles/app.dir/mnt/host/source/src/platform/ec/build/zephyr/geralt/modules/ec/common/usb_common.c.obj
[sundance:rw] [256/408] Building C object zephyr/lib/libc/common/CMakeFiles/lib__libc__common.dir/source/time/ctime.c.obj
[sundance:rw] [257/408] Building C object zephyr/lib/libc/minimal/CMakeFiles/lib__libc__minimal.dir/source/time/gmtime.c.obj
[geralt:ro] [287/371] Building C object CMakeFiles/app.dir/mnt/host/source/src/platform/ec/build/zephyr/geralt/modules/ec/common/usb_pd_pdo.c.obj
[sundance:ro] [144/408] Linking C static library zephyr/drivers/adc/libdrivers__adc.a
[chinchou:ro] [266/388] Building C object CMakeFiles/app.dir/mnt/host/source/src/platform/ec/build/zephyr/chinchou/modules/ec/common/uptime.c.obj
[sundance:rw] [258/408] Building C object zephyr/lib/libc/common/CMakeFiles/lib__libc__common.dir/source/stdlib/abort.c.obj
[geralt:ro] [288/371] Building C object CMakeFiles/app.dir/mnt/host/source/src/platform/ec/build/zephyr/geralt/modules/ec/common/usbc/usbc_task.c.obj
[sundance:rw] [259/408] Linking C static library zephyr/lib/libc/minimal/liblib__libc__minimal.a
[sundance:rw] [260/408] Building C object zephyr/lib/libc/common/CMakeFiles/lib__libc__common.dir/source/time/time.c.obj
[sundance:ro] [145/408] Building C object zephyr/drivers/bbram/CMakeFiles/drivers__bbram.dir/bbram_npcx.c.obj
[sundance:rw] [261/408] Building C object zephyr/lib/libc/common/CMakeFiles/lib__libc__common.dir/source/string/strnlen.c.obj
[sundance:ro] [146/408] Linking C static library zephyr/drivers/bbram/libdrivers__bbram.a
[sundance:rw] [262/408] Building C object zephyr/lib/posix/c_lib_ext/CMakeFiles/lib__posix__c_lib_ext.dir/fnmatch.c.obj
[geralt:ro] [289/371] Building C object CMakeFiles/app.dir/mnt/host/source/src/platform/ec/build/zephyr/geralt/modules/ec/common/usbc/usb_pd_timer.c.obj
[sundance:rw] [263/408] Building C object zephyr/subsys/crc/CMakeFiles/subsys__crc.dir/crc4_sw.c.obj
[chinchou:ro] [267/388] Building C object CMakeFiles/app.dir/mnt/host/source/src/platform/ec/build/zephyr/chinchou/modules/ec/common/i2c_passthru.c.obj
[chinchou:ro] [268/388] Building C object CMakeFiles/app.dir/mnt/host/source/src/platform/ec/build/zephyr/chinchou/modules/ec/common/i2c_controller.c.obj
[sundance:ro] [147/408] Building C object zephyr/drivers/clock_control/CMakeFiles/drivers__clock_control.dir/clock_control_npcx.c.obj
[chinchou:ro] [269/388] Building C object CMakeFiles/app.dir/mnt/host/source/src/platform/ec/build/zephyr/chinchou/modules/ec/common/virtual_battery.c.obj
[sundance:ro] [148/408] Linking C static library zephyr/drivers/clock_control/libdrivers__clock_control.a
[sundance:rw] [264/408] Building C object zephyr/subsys/crc/CMakeFiles/subsys__crc.dir/crc8_sw.c.obj
[sundance:ro] [149/408] Building C object zephyr/drivers/console/CMakeFiles/drivers__console.dir/uart_console.c.obj
[geralt:ro] [290/371] Building C object CMakeFiles/app.dir/mnt/host/source/src/platform/ec/build/zephyr/geralt/modules/ec/common/usbc/usb_sm.c.obj
[sundance:rw] [265/408] Building C object zephyr/subsys/crc/CMakeFiles/subsys__crc.dir/crc16_sw.c.obj
[sundance:ro] [150/408] Linking C static library zephyr/drivers/console/libdrivers__console.a
[geralt:ro] [291/371] Building C object CMakeFiles/app.dir/mnt/host/source/src/platform/ec/build/zephyr/geralt/modules/ec/common/usbc_utils.c.obj
[sundance:rw] [266/408] Building C object zephyr/lib/libc/common/CMakeFiles/lib__libc__common.dir/source/stdlib/malloc.c.obj
[sundance:rw] [267/408] Building C object zephyr/lib/posix/c_lib_ext/CMakeFiles/lib__posix__c_lib_ext.dir/getentropy.c.obj
[sundance:rw] [268/408] Building C object zephyr/subsys/crc/CMakeFiles/subsys__crc.dir/crc7_sw.c.obj
[geralt:ro] [292/371] Building C object CMakeFiles/app.dir/mnt/host/source/src/platform/ec/build/zephyr/geralt/modules/ec/common/usb_pd_flags.c.obj
[sundance:rw] [269/408] Building C object zephyr/lib/posix/c_lib_ext/CMakeFiles/lib__posix__c_lib_ext.dir/getopt_shim.c.obj
[sundance:rw] [270/408] Linking C static library zephyr/lib/libc/common/liblib__libc__common.a
[geralt:ro] [293/371] Building C object CMakeFiles/app.dir/mnt/host/source/src/platform/ec/build/zephyr/geralt/modules/ec/common/usbc_intr_task.c.obj
[sundance:rw] [271/408] Linking C static library zephyr/lib/posix/c_lib_ext/liblib__posix__c_lib_ext.a
[sundance:ro] [151/408] Building C object zephyr/drivers/eeprom/CMakeFiles/drivers__eeprom.dir/eeprom_shell.c.obj
[chinchou:ro] [270/388] Building C object CMakeFiles/app.dir/mnt/host/source/src/platform/ec/build/zephyr/chinchou/modules/ec/common/keyboard_scan.c.obj
[sundance:rw] [272/408] Building C object zephyr/subsys/crc/CMakeFiles/subsys__crc.dir/crc24_sw.c.obj
[sundance:rw] [273/408] Building C object zephyr/subsys/crc/CMakeFiles/subsys__crc.dir/crc32c_sw.c.obj
[sundance:rw] [274/408] Building C object zephyr/subsys/crc/CMakeFiles/subsys__crc.dir/crc32_sw.c.obj
[sundance:rw] [275/408] Building C object zephyr/subsys/crc/CMakeFiles/subsys__crc.dir/crc32k_4_2_sw.c.obj
[sundance:rw] [276/408] Linking C static library zephyr/subsys/crc/libsubsys__crc.a
[chinchou:ro] [271/388] Building C object CMakeFiles/app.dir/mnt/host/source/src/platform/ec/build/zephyr/chinchou/modules/ec/common/mkbp_fifo.c.obj
[chinchou:ro] [272/388] Building C object CMakeFiles/app.dir/mnt/host/source/src/platform/ec/build/zephyr/chinchou/modules/ec/common/keyboard_mkbp.c.obj
[chinchou:ro] [273/388] Building C object CMakeFiles/app.dir/mnt/host/source/src/platform/ec/build/zephyr/chinchou/modules/ec/common/mkbp_info.c.obj
[geralt:ro] [294/371] Building C object CMakeFiles/app.dir/mnt/host/source/src/platform/ec/build/zephyr/geralt/modules/ec/common/chargen.c.obj
[sundance:ro] [152/408] Building C object zephyr/drivers/eeprom/CMakeFiles/drivers__eeprom.dir/eeprom_at2x.c.obj
[sundance:ro] [153/408] Linking C static library zephyr/drivers/eeprom/libdrivers__eeprom.a
[sundance:ro] [154/408] Building C object zephyr/drivers/espi/CMakeFiles/drivers__espi.dir/espi_npcx.c.obj
[geralt:ro] [295/371] Building C object CMakeFiles/app.dir/mnt/host/source/src/platform/ec/build/zephyr/geralt/modules/ec/common/usbc/usb_pd_console.c.obj
[geralt:ro] [296/371] Building C object CMakeFiles/app.dir/mnt/host/source/src/platform/ec/build/zephyr/geralt/modules/ec/driver/usb_mux/ps8743.c.obj
[sundance:ro] [155/408] Building C object zephyr/drivers/espi/CMakeFiles/drivers__espi.dir/host_subs_npcx.c.obj
[sundance:rw] [277/408] Building C object zephyr/drivers/adc/CMakeFiles/drivers__adc.dir/adc_common.c.obj
[sundance:ro] [156/408] Linking C static library zephyr/drivers/espi/libdrivers__espi.a
[chinchou:ro] [274/388] Building C object CMakeFiles/app.dir/mnt/host/source/src/platform/ec/build/zephyr/chinchou/modules/ec/common/mkbp_input_devices.c.obj
[sundance:rw] [278/408] Building C object zephyr/drivers/interrupt_controller/CMakeFiles/drivers__interrupt_controller.dir/intc_miwu.c.obj
[sundance:rw] [279/408] Building C object zephyr/drivers/bbram/CMakeFiles/drivers__bbram.dir/bbram_npcx.c.obj
[sundance:rw] [280/408] Linking C static library zephyr/drivers/interrupt_controller/libdrivers__interrupt_controller.a
[geralt:ro] [297/371] Building C object CMakeFiles/app.dir/mnt/host/source/src/platform/ec/build/zephyr/geralt/modules/ec/driver/usb_mux/usb_mux.c.obj
[sundance:rw] [281/408] Linking C static library zephyr/drivers/bbram/libdrivers__bbram.a
[sundance:rw] [282/408] Building C object zephyr/drivers/adc/CMakeFiles/drivers__adc.dir/adc_npcx.c.obj
[chinchou:ro] [275/388] Building C object CMakeFiles/app.dir/mnt/host/source/src/platform/ec/build/zephyr/chinchou/modules/ec/common/led_common.c.obj
[sundance:rw] [283/408] Linking C static library zephyr/drivers/adc/libdrivers__adc.a
[geralt:ro] [298/371] Building C object CMakeFiles/app.dir/mnt/host/source/src/platform/ec/build/zephyr/geralt/modules/ec/driver/usb_mux/tusb1064.c.obj
[chinchou:ro] [276/388] Building C object CMakeFiles/app.dir/mnt/host/source/src/platform/ec/build/zephyr/chinchou/modules/ec/common/lid_angle.c.obj
[chinchou:ro] [277/388] Building C object CMakeFiles/app.dir/mnt/host/source/src/platform/ec/build/zephyr/chinchou/modules/ec/common/motion_lid.c.obj
[sundance:ro] [157/408] Building C object zephyr/drivers/flash/CMakeFiles/drivers__flash.dir/jesd216.c.obj
[sundance:ro] [158/408] Building C object zephyr/drivers/flash/CMakeFiles/drivers__flash.dir/flash_npcx_fiu_nor.c.obj
[geralt:ro] [299/371] Building C object CMakeFiles/app.dir/mnt/host/source/src/platform/ec/build/zephyr/geralt/modules/ec/driver/usb_mux/virtual.c.obj
[sundance:rw] [284/408] Building C object zephyr/drivers/clock_control/CMakeFiles/drivers__clock_control.dir/clock_control_npcx.c.obj
[sundance:rw] [285/408] Linking C static library zephyr/drivers/clock_control/libdrivers__clock_control.a
[chinchou:ro] [278/388] Building C object CMakeFiles/app.dir/mnt/host/source/src/platform/ec/build/zephyr/chinchou/modules/ec/common/lid_angle_keyboard_policy.c.obj
[sundance:rw] [286/408] Building C object zephyr/drivers/console/CMakeFiles/drivers__console.dir/uart_console.c.obj
[sundance:ro] [159/408] Building C object zephyr/drivers/flash/CMakeFiles/drivers__flash.dir/flash_npcx_fiu_qspi.c.obj
[sundance:rw] [287/408] Building C object zephyr/drivers/eeprom/CMakeFiles/drivers__eeprom.dir/eeprom_shell.c.obj
[sundance:rw] [288/408] Linking C static library zephyr/drivers/console/libdrivers__console.a
[geralt:ro] [300/371] Building C object CMakeFiles/app.dir/mnt/host/source/src/platform/ec/build/zephyr/geralt/modules/ec/common/event_log.c.obj
[sundance:ro] [160/408] Linking C static library zephyr/drivers/flash/libdrivers__flash.a
[geralt:ro] [301/371] Building C object CMakeFiles/app.dir/mnt/host/source/src/platform/ec/build/zephyr/geralt/modules/ec/common/dps.c.obj
[geralt:ro] [302/371] Building C object CMakeFiles/app.dir/mnt/host/source/src/platform/ec/build/zephyr/geralt/modules/ec/common/pd_log.c.obj
[sundance:rw] [289/408] Building C object zephyr/drivers/eeprom/CMakeFiles/drivers__eeprom.dir/eeprom_at2x.c.obj
[chinchou:ro] [279/388] Building C object CMakeFiles/app.dir/mnt/host/source/src/platform/ec/build/zephyr/chinchou/modules/ec/common/lid_switch.c.obj
[sundance:rw] [290/408] Linking C static library zephyr/drivers/eeprom/libdrivers__eeprom.a
[sundance:ro] [161/408] Building C object zephyr/drivers/gpio/CMakeFiles/drivers__gpio.dir/gpio_nct38xx.c.obj
[chinchou:ro] [280/388] Building C object CMakeFiles/app.dir/mnt/host/source/src/platform/ec/build/zephyr/chinchou/modules/ec/common/mkbp_event.c.obj
[/mnt/host/source/src/platform/ec/build/zephyr/meliks-lcov]   /mnt/host/source/src/platform/ec/build/zephyr/meliks/build-rw/zephyr/CMakeFiles/zephyr.dir/subsys/shell/modules/kernel_service/kernel_shell.c.gcno:no functions found
[/mnt/host/source/src/platform/ec/build/zephyr/meliks-lcov] stderr:
[chinchou:ro] [281/388] Building C object CMakeFiles/app.dir/mnt/host/source/src/platform/ec/build/zephyr/chinchou/modules/ec/common/motion_sense.c.obj
[sundance:ro] [162/408] Building C object zephyr/drivers/gpio/CMakeFiles/drivers__gpio.dir/gpio_nct38xx_port.c.obj
[sundance:rw] [291/408] Building C object zephyr/drivers/flash/CMakeFiles/drivers__flash.dir/jesd216.c.obj
[/mnt/host/source/src/platform/ec/build/zephyr/meliks-lcov]   /mnt/host/source/src/platform/ec/build/zephyr/meliks/build-rw/zephyr/CMakeFiles/zephyr.dir/lib/libc/validate_libc.c.gcno:no functions found
[/mnt/host/source/src/platform/ec/build/zephyr/meliks-lcov] stderr:
[sundance:rw] [292/408] Building C object zephyr/drivers/espi/CMakeFiles/drivers__espi.dir/host_subs_npcx.c.obj
[sundance:rw] [293/408] Building C object zephyr/drivers/espi/CMakeFiles/drivers__espi.dir/espi_npcx.c.obj
[chinchou:ro] [282/388] Building C object CMakeFiles/app.dir/mnt/host/source/src/platform/ec/build/zephyr/chinchou/modules/ec/common/power_button.c.obj
[sundance:ro] [163/408] Building C object zephyr/drivers/gpio/CMakeFiles/drivers__gpio.dir/gpio_npcx.c.obj
[sundance:ro] [164/408] Linking C static library zephyr/drivers/gpio/libdrivers__gpio.a
[sundance:rw] [294/408] Linking C static library zephyr/drivers/espi/libdrivers__espi.a
[chinchou:ro] [283/388] Building C object CMakeFiles/app.dir/mnt/host/source/src/platform/ec/build/zephyr/chinchou/modules/ec/power/common.c.obj
[sundance:rw] [295/408] Building C object zephyr/drivers/flash/CMakeFiles/drivers__flash.dir/flash_npcx_fiu_nor.c.obj
[sundance:ro] [165/408] Building C object zephyr/drivers/i2c/CMakeFiles/drivers__i2c.dir/i2c_common.c.obj
[geralt:ro] [303/371] Building C object CMakeFiles/app.dir/mnt/host/source/src/platform/ec/build/zephyr/geralt/modules/ec/common/usbc/usb_tc_drp_acc_trysrc_sm.c.obj
[geralt:ro] [304/371] Building C object CMakeFiles/app.dir/mnt/host/source/src/platform/ec/build/zephyr/geralt/modules/ec/common/usbc/usb_pd_dpm.c.obj
[chinchou:ro] [284/388] Building C object CMakeFiles/app.dir/mnt/host/source/src/platform/ec/build/zephyr/chinchou/modules/ec/power/mt8186.c.obj
[geralt:ro] [305/371] Building C object CMakeFiles/app.dir/mnt/host/source/src/platform/ec/build/zephyr/geralt/modules/ec/common/usbc/usb_prl_sm.c.obj
[chinchou:ro] [285/388] Building C object CMakeFiles/app.dir/mnt/host/source/src/platform/ec/build/zephyr/chinchou/modules/ec/power/host_sleep.c.obj
[sundance:ro] [166/408] Building C object zephyr/drivers/i2c/CMakeFiles/drivers__i2c.dir/i2c_shell.c.obj
[sundance:rw] [296/408] Building C object zephyr/drivers/flash/CMakeFiles/drivers__flash.dir/flash_npcx_fiu_qspi.c.obj
[sundance:rw] [297/408] Linking C static library zephyr/drivers/flash/libdrivers__flash.a
[sundance:rw] [298/408] Building C object zephyr/drivers/gpio/CMakeFiles/drivers__gpio.dir/gpio_nct38xx.c.obj
[chinchou:ro] [286/388] Building C object CMakeFiles/app.dir/mnt/host/source/src/platform/ec/build/zephyr/chinchou/modules/ec/common/panic_output.c.obj
[sundance:ro] [167/408] Building C object zephyr/drivers/i2c/CMakeFiles/drivers__i2c.dir/i2c_npcx_controller.c.obj
[chinchou:ro] [287/388] Building C object CMakeFiles/app.dir/mnt/host/source/src/platform/ec/build/zephyr/chinchou/modules/ec/driver/sha256/sha256_it8xxx2.c.obj
[sundance:ro] [168/408] Building C object zephyr/drivers/i2c/CMakeFiles/drivers__i2c.dir/i2c_npcx_controller_fifo.c.obj
[sundance:rw] [299/408] Building C object zephyr/drivers/gpio/CMakeFiles/drivers__gpio.dir/gpio_nct38xx_port.c.obj
[geralt:ro] [306/371] Building C object CMakeFiles/app.dir/mnt/host/source/src/platform/ec/build/zephyr/geralt/modules/ec/common/usbc/usbc_pd_policy.c.obj
[geralt:ro] [307/371] Building C object CMakeFiles/app.dir/mnt/host/source/src/platform/ec/build/zephyr/geralt/modules/ec/common/usbc/usb_pe_drp_sm.c.obj
[sundance:rw] [300/408] Building C object zephyr/drivers/gpio/CMakeFiles/drivers__gpio.dir/gpio_npcx.c.obj
[geralt:ro] [308/371] Building C object CMakeFiles/app.dir/mnt/host/source/src/platform/ec/build/zephyr/geralt/modules/ec/common/usb_pd_console_cmd.c.obj
[chinchou:ro] [288/388] Building C object CMakeFiles/app.dir/mnt/host/source/src/platform/ec/build/zephyr/chinchou/modules/ec/common/shared_mem.c.obj
[geralt:ro] [309/371] Building C object CMakeFiles/app.dir/mnt/host/source/src/platform/ec/build/zephyr/geralt/modules/ec/common/usbc/dp_alt_mode.c.obj
[sundance:rw] [301/408] Linking C static library zephyr/drivers/gpio/libdrivers__gpio.a
[chinchou:ro] [289/388] Building C object CMakeFiles/app.dir/mnt/host/source/src/platform/ec/build/zephyr/chinchou/modules/ec/common/switch.c.obj
[sundance:ro] [169/408] Building C object zephyr/drivers/i2c/CMakeFiles/drivers__i2c.dir/i2c_npcx_port.c.obj
[/mnt/host/source/src/platform/ec/build/zephyr/meliks-lcov]   /mnt/host/source/src/platform/ec/build/zephyr/meliks/build-rw/zephyr/CMakeFiles/zephyr.dir/lib/utils/last_section_id.c.gcno:no functions found
[/mnt/host/source/src/platform/ec/build/zephyr/meliks-lcov] stderr:
[sundance:rw] [302/408] Building C object zephyr/drivers/i2c/CMakeFiles/drivers__i2c.dir/i2c_common.c.obj
[sundance:ro] [170/408] Linking C static library zephyr/drivers/i2c/libdrivers__i2c.a
[sundance:rw] [303/408] Building C object zephyr/drivers/i2c/CMakeFiles/drivers__i2c.dir/i2c_shell.c.obj
[sundance:ro] [171/408] Building C object zephyr/drivers/pinctrl/CMakeFiles/drivers__pinctrl.dir/common.c.obj
[sundance:ro] [172/408] Building C object zephyr/drivers/mfd/CMakeFiles/drivers__mfd.dir/mfd_nct38xx.c.obj
[chinchou:ro] [290/388] Building C object CMakeFiles/app.dir/mnt/host/source/src/platform/ec/build/zephyr/chinchou/modules/ec/common/tablet_mode.c.obj
[sundance:ro] [173/408] Linking C static library zephyr/drivers/mfd/libdrivers__mfd.a
[sundance:ro] [174/408] Building C object zephyr/drivers/sensor/CMakeFiles/drivers__sensor.dir/mnt/host/source/src/third_party/zephyr/main/misc/empty_file.c.obj
[chinchou:ro] [291/388] Building C object CMakeFiles/app.dir/mnt/host/source/src/platform/ec/build/zephyr/chinchou/modules/ec/driver/stm_mems_common.c.obj
[sundance:rw] [304/408] Building C object zephyr/drivers/i2c/CMakeFiles/drivers__i2c.dir/i2c_npcx_controller.c.obj
[sundance:ro] [175/408] Linking C static library zephyr/drivers/sensor/libdrivers__sensor.a
[chinchou:ro] [292/388] Building C object CMakeFiles/app.dir/mnt/host/source/src/platform/ec/build/zephyr/chinchou/modules/ec/common/thermal.c.obj
[geralt:ro] [310/371] Building C object CMakeFiles/app.dir/mnt/host/source/src/platform/ec/build/zephyr/geralt/modules/ec/common/usbc/usb_pd_host.c.obj
[geralt:ro] [311/371] Building C object CMakeFiles/app.dir/mnt/host/source/src/platform/ec/build/zephyr/geralt/modules/ec/common/usb_pd_host_cmd.c.obj
[geralt:ro] [312/371] Building C object CMakeFiles/app.dir/mnt/host/source/src/platform/ec/build/zephyr/geralt/modules/ec/zephyr/shim/src/tcpc.c.obj
[sundance:rw] [305/408] Building C object zephyr/drivers/i2c/CMakeFiles/drivers__i2c.dir/i2c_npcx_controller_fifo.c.obj
[sundance:ro] [176/408] Building C object zephyr/drivers/pinctrl/CMakeFiles/drivers__pinctrl.dir/pinctrl_npcx.c.obj
[chinchou:ro] [293/388] Building C object CMakeFiles/app.dir/mnt/host/source/src/platform/ec/build/zephyr/chinchou/modules/ec/common/temp_sensor.c.obj
[geralt:ro] [313/371] Building C object CMakeFiles/app.dir/mnt/host/source/src/platform/ec/build/zephyr/geralt/modules/ec/common/usb_pd_host_cmd_common.c.obj
[sundance:ro] [177/408] Linking C static library zephyr/drivers/pinctrl/libdrivers__pinctrl.a
[sundance:rw] [306/408] Building C object zephyr/drivers/mfd/CMakeFiles/drivers__mfd.dir/mfd_nct38xx.c.obj
[sundance:rw] [307/408] Building C object zephyr/drivers/i2c/CMakeFiles/drivers__i2c.dir/i2c_npcx_port.c.obj
[sundance:rw] [308/408] Linking C static library zephyr/drivers/mfd/libdrivers__mfd.a
[sundance:rw] [309/408] Building C object zephyr/drivers/pinctrl/CMakeFiles/drivers__pinctrl.dir/common.c.obj
[sundance:rw] [310/408] Linking C static library zephyr/drivers/i2c/libdrivers__i2c.a
[chinchou:ro] [294/388] Building C object CMakeFiles/app.dir/mnt/host/source/src/platform/ec/build/zephyr/chinchou/modules/ec/driver/temp_sensor/thermistor.c.obj
[sundance:ro] [178/408] Building C object zephyr/drivers/sensor/nuvoton/nuvoton_adc_cmp_npcx/CMakeFiles/drivers__sensor__nuvoton__nuvoton_adc_cmp_npcx.dir/adc_cmp_npcx.c.obj
[sundance:ro] [179/408] Building C object zephyr/drivers/serial/CMakeFiles/drivers__serial.dir/uart_npcx.c.obj
[chinchou:ro] [295/388] Building C object CMakeFiles/app.dir/mnt/host/source/src/platform/ec/build/zephyr/chinchou/modules/ec/common/timer.c.obj
[sundance:ro] [180/408] Linking C static library zephyr/drivers/serial/libdrivers__serial.a
[geralt:ro] [314/371] Building C object CMakeFiles/app.dir/mnt/host/source/src/platform/ec/build/zephyr/geralt/modules/ec/common/usbc/svdm_rsp_dfp_only.c.obj
[sundance:ro] [181/408] Linking C static library zephyr/drivers/sensor/nuvoton/nuvoton_adc_cmp_npcx/libdrivers__sensor__nuvoton__nuvoton_adc_cmp_npcx.a
[chinchou:ro] [296/388] Building C object CMakeFiles/app.dir/mnt/host/source/src/platform/ec/build/zephyr/chinchou/modules/ec/common/usb_charger.c.obj
[sundance:rw] [311/408] Building C object zephyr/drivers/pinctrl/CMakeFiles/drivers__pinctrl.dir/pinctrl_npcx.c.obj
[geralt:ro] [315/371] Building C object CMakeFiles/app.dir/mnt/host/source/src/platform/ec/build/zephyr/geralt/modules/ec/common/usbc_ocp.c.obj
[sundance:rw] [312/408] Linking C static library zephyr/drivers/pinctrl/libdrivers__pinctrl.a
[sundance:ro] [182/408] Building C object zephyr/drivers/syscon/CMakeFiles/drivers__syscon.dir/syscon.c.obj
[chinchou:ro] [297/388] Building C object CMakeFiles/app.dir/mnt/host/source/src/platform/ec/build/zephyr/chinchou/modules/ec/common/usb_port_power_dumb.c.obj
[sundance:ro] [183/408] Linking C static library zephyr/drivers/syscon/libdrivers__syscon.a
[geralt:ro] [316/371] Building C object CMakeFiles/app.dir/mnt/host/source/src/platform/ec/build/zephyr/geralt/modules/ec/common/usb_pd_dual_role.c.obj
[geralt:ro] [317/371] Building C object CMakeFiles/app.dir/mnt/host/source/src/platform/ec/build/zephyr/geralt/modules/ec/common/usb_pd_discovery.c.obj
[sundance:rw] [313/408] Building C object zephyr/drivers/syscon/CMakeFiles/drivers__syscon.dir/syscon.c.obj
[sundance:rw] [314/408] Linking C static library zephyr/drivers/syscon/libdrivers__syscon.a
[sundance:rw] [315/408] Building C object zephyr/drivers/serial/CMakeFiles/drivers__serial.dir/uart_npcx.c.obj
[sundance:rw] [316/408] Building C object zephyr/drivers/sensor/nuvoton/nuvoton_adc_cmp_npcx/CMakeFiles/drivers__sensor__nuvoton__nuvoton_adc_cmp_npcx.dir/adc_cmp_npcx.c.obj
[chinchou:ro] [298/388] Building C object CMakeFiles/app.dir/mnt/host/source/src/platform/ec/build/zephyr/chinchou/modules/ec/common/typec_control.c.obj
[sundance:rw] [317/408] Linking C static library zephyr/drivers/sensor/nuvoton/nuvoton_adc_cmp_npcx/libdrivers__sensor__nuvoton__nuvoton_adc_cmp_npcx.a
[sundance:rw] [318/408] Linking C static library zephyr/drivers/serial/libdrivers__serial.a
[sundance:ro] [184/408] Building C object zephyr/drivers/timer/CMakeFiles/drivers__timer.dir/sys_clock_init.c.obj
[geralt:ro] [318/371] Building C object CMakeFiles/app.dir/mnt/host/source/src/platform/ec/build/zephyr/geralt/modules/ec/common/usbc/dp_hpd_gpio.c.obj
[sundance:rw] [319/408] Building C object zephyr/drivers/timer/CMakeFiles/drivers__timer.dir/sys_clock_init.c.obj
[chinchou:ro] [299/388] Building C object CMakeFiles/app.dir/mnt/host/source/src/platform/ec/build/zephyr/chinchou/modules/ec/common/usb_pd_pdo.c.obj
[sundance:ro] [185/408] Building C object zephyr/drivers/timer/CMakeFiles/drivers__timer.dir/npcx_itim_timer.c.obj
[chinchou:ro] [300/388] Building C object CMakeFiles/app.dir/mnt/host/source/src/platform/ec/build/zephyr/chinchou/modules/ec/common/usb_common.c.obj
[sundance:ro] [186/408] Linking C static library zephyr/drivers/timer/libdrivers__timer.a
[sundance:ro] [187/408] Building C object zephyr/drivers/watchdog/CMakeFiles/drivers__watchdog.dir/wdt_npcx.c.obj
[geralt:ro] [319/371] Building C object CMakeFiles/app.dir/mnt/host/source/src/platform/ec/build/zephyr/geralt/modules/ec/driver/tcpm/ite_pd_intc.c.obj
[sundance:rw] [320/408] Building C object zephyr/drivers/timer/CMakeFiles/drivers__timer.dir/npcx_itim_timer.c.obj
[geralt:ro] [320/371] Building C object CMakeFiles/app.dir/mnt/host/source/src/platform/ec/build/zephyr/geralt/modules/ec/driver/tcpm/tcpci.c.obj
[chinchou:ro] [301/388] Building C object CMakeFiles/app.dir/mnt/host/source/src/platform/ec/build/zephyr/chinchou/modules/ec/common/usbc/usbc_task.c.obj
[sundance:rw] [321/408] Linking C static library zephyr/drivers/timer/libdrivers__timer.a
[sundance:rw] [322/408] Building C object zephyr/drivers/watchdog/CMakeFiles/drivers__watchdog.dir/wdt_npcx.c.obj
[geralt:ro] [321/371] Building C object CMakeFiles/app.dir/mnt/host/source/src/platform/ec/build/zephyr/geralt/modules/ec/driver/tcpm/it8xxx2.c.obj
[sundance:rw] [323/408] Building C object zephyr/drivers/watchdog/CMakeFiles/drivers__watchdog.dir/wdt_shell.c.obj
[sundance:ro] [188/408] Building C object zephyr/drivers/watchdog/CMakeFiles/drivers__watchdog.dir/wdt_shell.c.obj
[sundance:rw] [324/408] Linking C static library zephyr/drivers/watchdog/libdrivers__watchdog.a
[chinchou:ro] [302/388] Building C object CMakeFiles/app.dir/mnt/host/source/src/platform/ec/build/zephyr/chinchou/modules/ec/common/usbc/usb_pd_timer.c.obj
[sundance:ro] [189/408] Linking C static library zephyr/drivers/watchdog/libdrivers__watchdog.a
[chinchou:ro] [303/388] Building C object CMakeFiles/app.dir/mnt/host/source/src/platform/ec/build/zephyr/chinchou/modules/ec/common/usbc/usb_sm.c.obj
[geralt:ro] [322/371] Building C object CMakeFiles/app.dir/mnt/host/source/src/platform/ec/build/zephyr/geralt/modules/ec/common/usbc_ppc.c.obj
[sundance:rw] [325/408] Building C object modules/ec/zephyr/CMakeFiles/ec_shim.dir/app/ec/ec_app_main.c.obj
[chinchou:ro] [304/388] Building C object CMakeFiles/app.dir/mnt/host/source/src/platform/ec/build/zephyr/chinchou/modules/ec/common/usbc_intr_task.c.obj
[sundance:ro] [190/408] Building C object modules/ec/zephyr/CMakeFiles/ec_shim.dir/app/ec/main_shim.c.obj
[chinchou:ro] [305/388] Building C object CMakeFiles/app.dir/mnt/host/source/src/platform/ec/build/zephyr/chinchou/modules/ec/common/usbc_utils.c.obj
[sundance:rw] [326/408] Building C object modules/ec/zephyr/CMakeFiles/ec_shim.dir/app/ec/main_shim.c.obj
[sundance:ro] [191/408] Building C object modules/ec/zephyr/CMakeFiles/ec_shim.dir/app/ec/ec_app_main.c.obj
[geralt:ro] [323/371] Building C object CMakeFiles/app.dir/mnt/host/source/src/platform/ec/build/zephyr/geralt/modules/ec/driver/ppc/syv682x.c.obj
[chinchou:ro] [306/388] Building C object CMakeFiles/app.dir/mnt/host/source/src/platform/ec/build/zephyr/chinchou/modules/ec/common/usb_pd_flags.c.obj
[geralt:ro] [324/371] Building C object CMakeFiles/app.dir/mnt/host/source/src/platform/ec/build/zephyr/geralt/modules/ec/driver/ppc/rt1739.c.obj
[sundance:rw] [327/408] Building C object modules/ec/zephyr/CMakeFiles/ec_shim.dir/drivers/cros_kb_raw/cros_kb_raw_npcx.c.obj
[geralt:ro] [325/371] Building C object CMakeFiles/app.dir/mnt/host/source/src/platform/ec/build/zephyr/geralt/modules/ec/common/vboot_hash.c.obj
[sundance:rw] [328/408] Building C object modules/ec/zephyr/CMakeFiles/ec_shim.dir/drivers/cros_flash/cros_flash_npcx.c.obj
[chinchou:ro] [307/388] Building C object CMakeFiles/app.dir/mnt/host/source/src/platform/ec/build/zephyr/chinchou/modules/ec/common/chargen.c.obj
[sundance:ro] [192/408] Building C object modules/ec/zephyr/CMakeFiles/ec_shim.dir/drivers/cros_flash/cros_flash_npcx.c.obj
[geralt:ro] [326/371] Building C object CMakeFiles/app.dir/mnt/host/source/src/platform/ec/build/zephyr/geralt/modules/ec/common/button.c.obj
[chinchou:ro] [308/388] Building C object CMakeFiles/app.dir/mnt/host/source/src/platform/ec/build/zephyr/chinchou/modules/ec/common/usbc/usb_pd_console.c.obj
[sundance:rw] [329/408] Building C object modules/ec/zephyr/CMakeFiles/ec_shim.dir/drivers/cros_system/cros_system_npcx.c.obj
[sundance:ro] [193/408] Building C object modules/ec/zephyr/CMakeFiles/ec_shim.dir/drivers/cros_kb_raw/cros_kb_raw_npcx.c.obj
[chinchou:ro] [309/388] Building C object CMakeFiles/app.dir/mnt/host/source/src/platform/ec/build/zephyr/chinchou/modules/ec/driver/usb_mux/usb_mux.c.obj
[geralt:ro] [327/371] Building C object CMakeFiles/app.dir/mnt/host/source/src/platform/ec/build/zephyr/geralt/modules/ec/common/vboot/efs2.c.obj
[geralt:ro] [328/371] Building C object CMakeFiles/app.dir/mnt/host/source/src/platform/ec/build/zephyr/geralt/modules/ec/common/vstore.c.obj
[sundance:ro] [194/408] Building C object modules/ec/zephyr/CMakeFiles/ec_shim.dir/drivers/cros_system/cros_system_npcx.c.obj
[sundance:rw] [330/408] Building C object modules/ec/zephyr/CMakeFiles/ec_shim.dir/drivers/vivaldi_kbd/vivaldi_kbd.c.obj
[geralt:ro] [329/371] Building C object CMakeFiles/app.dir/mnt/host/source/src/platform/ec/build/zephyr/geralt/modules/ec/common/math_util.c.obj
[sundance:rw] [331/408] Building C object modules/ec/zephyr/CMakeFiles/ec_shim.dir/shim/chip/npcx/clock.c.obj
[chinchou:ro] [310/388] Building C object CMakeFiles/app.dir/mnt/host/source/src/platform/ec/build/zephyr/chinchou/modules/ec/driver/usb_mux/it5205.c.obj
[chinchou:ro] [311/388] Building C object CMakeFiles/app.dir/mnt/host/source/src/platform/ec/build/zephyr/chinchou/modules/ec/driver/usb_mux/virtual.c.obj
[sundance:ro] [195/408] Building C object modules/ec/zephyr/CMakeFiles/ec_shim.dir/drivers/vivaldi_kbd/vivaldi_kbd.c.obj
[geralt:ro] [330/371] Building C object CMakeFiles/app.dir/src/ccd_mode.c.obj
[sundance:rw] [332/408] Building C object modules/ec/zephyr/CMakeFiles/ec_shim.dir/shim/chip/npcx/rom_chip.c.obj
[chinchou:ro] [312/388] Building C object CMakeFiles/app.dir/mnt/host/source/src/platform/ec/build/zephyr/chinchou/modules/ec/common/event_log.c.obj
[sundance:ro] [196/408] Building C object modules/ec/zephyr/CMakeFiles/ec_shim.dir/shim/chip/npcx/clock.c.obj
[geralt:ro] [331/371] Building C object CMakeFiles/app.dir/src/backlight.c.obj
[geralt:ro] [332/371] Building C object CMakeFiles/app.dir/src/hibernate.c.obj
[chinchou:ro] [313/388] Building C object CMakeFiles/app.dir/mnt/host/source/src/platform/ec/build/zephyr/chinchou/modules/ec/common/dps.c.obj
[sundance:rw] [333/408] Building C object modules/ec/zephyr/CMakeFiles/ec_shim.dir/shim/chip/npcx/gpio.c.obj
[sundance:rw] [334/408] Building C object modules/ec/zephyr/CMakeFiles/ec_shim.dir/shim/chip/npcx/keyboard_raw.c.obj
[sundance:rw] [335/408] Building C object modules/ec/zephyr/CMakeFiles/ec_shim.dir/shim/chip/npcx/system.c.obj
[geralt:ro] [333/371] Building C object CMakeFiles/app.dir/src/hooks.c.obj
[chinchou:ro] [314/388] Building C object CMakeFiles/app.dir/mnt/host/source/src/platform/ec/build/zephyr/chinchou/modules/ec/common/pd_log.c.obj
[sundance:ro] [197/408] Building C object modules/ec/zephyr/CMakeFiles/ec_shim.dir/shim/chip/npcx/rom_chip.c.obj
[geralt:ro] [334/371] Building C object CMakeFiles/app.dir/src/i2c.c.obj
[sundance:rw] [336/408] Building C object modules/ec/zephyr/CMakeFiles/ec_shim.dir/shim/chip/npcx/system_external_storage.c.obj
[sundance:ro] [198/408] Building C object modules/ec/zephyr/CMakeFiles/ec_shim.dir/shim/chip/npcx/gpio.c.obj
[sundance:ro] [199/408] Building C object modules/ec/zephyr/CMakeFiles/ec_shim.dir/shim/chip/npcx/keyboard_raw.c.obj
[chinchou:ro] [315/388] Building C object CMakeFiles/app.dir/mnt/host/source/src/platform/ec/build/zephyr/chinchou/modules/ec/common/usbc/usb_tc_drp_acc_trysrc_sm.c.obj
[geralt:ro] [335/371] Building C object CMakeFiles/app.dir/src/dp_alt_mode.c.obj
[chinchou:ro] [316/388] Building C object CMakeFiles/app.dir/mnt/host/source/src/platform/ec/build/zephyr/chinchou/modules/ec/common/usbc/usb_prl_sm.c.obj
[geralt:ro] [336/371] Building C object CMakeFiles/app.dir/src/usbc_config.c.obj
[geralt:ro] [337/371] Linking C static library modules/ec/zephyr/libec_shim.a
[sundance:rw] [337/408] Building C object modules/ec/zephyr/CMakeFiles/ec_shim.dir/shim/chip/npcx/system_download_from_flash.c.obj
[sundance:rw] [338/408] Building C object modules/ec/zephyr/CMakeFiles/ec_shim.dir/shim/core/cortex-m/mpu.c.obj
[sundance:rw] [339/408] Building C object modules/ec/zephyr/CMakeFiles/ec_shim.dir/shim/chip/npcx/power_policy.c.obj
[sundance:rw] [340/408] Building C object modules/ec/zephyr/CMakeFiles/ec_shim.dir/shim/src/crc.c.obj
[geralt:ro] [338/371] Building C object CMakeFiles/app.dir/src/usb_pd_policy.c.obj
[sundance:ro] [200/408] Building C object modules/ec/zephyr/CMakeFiles/ec_shim.dir/shim/chip/npcx/system.c.obj
[chinchou:ro] [317/388] Building C object CMakeFiles/app.dir/mnt/host/source/src/platform/ec/build/zephyr/chinchou/modules/ec/common/usbc/usb_pe_drp_sm.c.obj
[chinchou:ro] [318/388] Building C object CMakeFiles/app.dir/mnt/host/source/src/platform/ec/build/zephyr/chinchou/modules/ec/common/usbc/usb_pd_dpm.c.obj
[geralt:ro] [339/371] Building C object CMakeFiles/app.dir/src/base_detect.c.obj
[sundance:rw] [341/408] Building C object modules/ec/zephyr/CMakeFiles/ec_shim.dir/shim/core/cortex-m/panic.c.obj
[geralt:ro] [340/371] Building C object zephyr/kernel/CMakeFiles/kernel.dir/busy_wait.c.obj
[geralt:ro] [341/371] Building C object zephyr/kernel/CMakeFiles/kernel.dir/device.c.obj
[sundance:ro] [201/408] Building C object modules/ec/zephyr/CMakeFiles/ec_shim.dir/shim/chip/npcx/system_external_storage.c.obj
[sundance:ro] [202/408] Building C object modules/ec/zephyr/CMakeFiles/ec_shim.dir/shim/chip/npcx/system_download_from_flash.c.obj
[chinchou:ro] [319/388] Building C object CMakeFiles/app.dir/mnt/host/source/src/platform/ec/build/zephyr/chinchou/modules/ec/common/usbc/usbc_pd_policy.c.obj
[geralt:ro] [342/371] Linking C static library app/libapp.a
[geralt:ro] [343/371] Building C object zephyr/kernel/CMakeFiles/kernel.dir/errno.c.obj
[chinchou:ro] [320/388] Building C object CMakeFiles/app.dir/mnt/host/source/src/platform/ec/build/zephyr/chinchou/modules/ec/common/usbc/dp_alt_mode.c.obj
[sundance:rw] [342/408] Building C object modules/ec/zephyr/CMakeFiles/ec_shim.dir/shim/src/console.c.obj
[sundance:rw] [343/408] Building C object modules/ec/zephyr/CMakeFiles/ec_shim.dir/shim/src/gpio.c.obj
[geralt:ro] [344/371] Building C object zephyr/kernel/CMakeFiles/kernel.dir/fatal.c.obj
[sundance:ro] [203/408] Building C object modules/ec/zephyr/CMakeFiles/ec_shim.dir/shim/chip/npcx/power_policy.c.obj
[sundance:rw] [344/408] Building C object modules/ec/zephyr/CMakeFiles/ec_shim.dir/shim/src/gpio_int.c.obj
[sundance:rw] [345/408] Building C object modules/ec/zephyr/CMakeFiles/ec_shim.dir/shim/src/panic_utils.c.obj
[chinchou:ro] [321/388] Building C object CMakeFiles/app.dir/mnt/host/source/src/platform/ec/build/zephyr/chinchou/modules/ec/common/usb_pd_host_cmd.c.obj
[chinchou:ro] [322/388] Building C object CMakeFiles/app.dir/mnt/host/source/src/platform/ec/build/zephyr/chinchou/modules/ec/common/usb_pd_console_cmd.c.obj
[geralt:ro] [345/371] Building C object zephyr/kernel/CMakeFiles/kernel.dir/kheap.c.obj
[sundance:ro] [204/408] Building C object modules/ec/zephyr/CMakeFiles/ec_shim.dir/shim/core/cortex-m/panic.c.obj
[sundance:ro] [205/408] Building C object modules/ec/zephyr/CMakeFiles/ec_shim.dir/shim/core/cortex-m/mpu.c.obj
[geralt:ro] [346/371] Building C object zephyr/kernel/CMakeFiles/kernel.dir/init.c.obj
[geralt:ro] [347/371] Building C object zephyr/kernel/CMakeFiles/kernel.dir/mem_slab.c.obj
[geralt:ro] [348/371] Building C object zephyr/kernel/CMakeFiles/kernel.dir/version.c.obj
[sundance:ro] [206/408] Building C object modules/ec/zephyr/CMakeFiles/ec_shim.dir/shim/src/crc.c.obj
[chinchou:ro] [323/388] Building C object CMakeFiles/app.dir/mnt/host/source/src/platform/ec/build/zephyr/chinchou/modules/ec/common/usbc/usb_pd_host.c.obj
[geralt:ro] [349/371] Building C object zephyr/kernel/CMakeFiles/kernel.dir/float.c.obj
[chinchou:ro] [324/388] Building C object CMakeFiles/app.dir/mnt/host/source/src/platform/ec/build/zephyr/chinchou/modules/ec/zephyr/shim/src/tcpc.c.obj
[sundance:rw] [346/408] Building C object modules/ec/zephyr/CMakeFiles/ec_shim.dir/shim/src/pm_state.c.obj
[sundance:rw] [347/408] Building C object modules/ec/zephyr/CMakeFiles/ec_shim.dir/shim/src/cbi/cros_cbi.c.obj
[sundance:rw] [348/408] Building C object modules/ec/zephyr/CMakeFiles/ec_shim.dir/shim/src/cbi/cros_cbi_fw_config.c.obj
[geralt:ro] [350/371] Building C object zephyr/kernel/CMakeFiles/kernel.dir/idle.c.obj
[sundance:rw] [349/408] Building C object modules/ec/zephyr/CMakeFiles/ec_shim.dir/shim/src/cbi/cbi_eeprom.c.obj
[sundance:ro] [207/408] Building C object modules/ec/zephyr/CMakeFiles/ec_shim.dir/shim/src/console.c.obj
[chinchou:ro] [325/388] Building C object CMakeFiles/app.dir/mnt/host/source/src/platform/ec/build/zephyr/chinchou/modules/ec/common/usbc/svdm_rsp_dfp_only.c.obj
[sundance:rw] [350/408] Building ASM object modules/ec/zephyr/CMakeFiles/ec_shim.dir/shim/src/libgcc_arm.S.obj
[geralt:ro] [351/371] Building C object zephyr/kernel/CMakeFiles/kernel.dir/msg_q.c.obj
[chinchou:ro] [326/388] Building C object CMakeFiles/app.dir/mnt/host/source/src/platform/ec/build/zephyr/chinchou/modules/ec/common/usb_pd_host_cmd_common.c.obj
[geralt:ro] [352/371] Building C object zephyr/kernel/CMakeFiles/kernel.dir/mailbox.c.obj
[sundance:ro] [208/408] Building C object modules/ec/zephyr/CMakeFiles/ec_shim.dir/shim/src/gpio_int.c.obj
[sundance:ro] [209/408] Building C object modules/ec/zephyr/CMakeFiles/ec_shim.dir/shim/src/gpio.c.obj
[chinchou:ro] [327/388] Building C object CMakeFiles/app.dir/mnt/host/source/src/platform/ec/build/zephyr/chinchou/modules/ec/common/usbc_ocp.c.obj
[geralt:ro] [353/371] Building C object zephyr/kernel/CMakeFiles/kernel.dir/mutex.c.obj
[/mnt/host/source/src/platform/ec/build/zephyr/meliks-lcov]   /mnt/host/source/src/platform/ec/build/zephyr/meliks/build-rw/zephyr/CMakeFiles/zephyr.dir/soc/nuvoton/npcx/common/npcxn/registers.c.gcno:no functions found
[/mnt/host/source/src/platform/ec/build/zephyr/meliks-lcov] stderr:
[geralt:ro] [354/371] Building C object zephyr/kernel/CMakeFiles/kernel.dir/sem.c.obj
[chinchou:ro] [328/388] Building C object CMakeFiles/app.dir/mnt/host/source/src/platform/ec/build/zephyr/chinchou/modules/ec/common/usb_pd_discovery.c.obj
[sundance:rw] [351/408] Building C object modules/ec/zephyr/CMakeFiles/ec_shim.dir/shim/src/system.c.obj
[geralt:ro] [355/371] Building C object zephyr/kernel/CMakeFiles/kernel.dir/queue.c.obj
[sundance:rw] [352/408] Building C object modules/ec/zephyr/CMakeFiles/ec_shim.dir/shim/src/battery.c.obj
[chinchou:ro] [329/388] Building C object CMakeFiles/app.dir/mnt/host/source/src/platform/ec/build/zephyr/chinchou/modules/ec/common/usb_pd_dual_role.c.obj
[geralt:ro] [356/371] Building C object zephyr/kernel/CMakeFiles/kernel.dir/stack.c.obj
[sundance:ro] [210/408] Building C object modules/ec/zephyr/CMakeFiles/ec_shim.dir/shim/src/panic_utils.c.obj
[chinchou:ro] [330/388] Building C object CMakeFiles/app.dir/mnt/host/source/src/platform/ec/build/zephyr/chinchou/modules/ec/common/usbc/dp_hpd_gpio.c.obj
[sundance:rw] [353/408] Building C object modules/ec/zephyr/CMakeFiles/ec_shim.dir/shim/src/adc.c.obj
[sundance:rw] [354/408] Building C object modules/ec/zephyr/CMakeFiles/ec_shim.dir/shim/src/charger.c.obj
[geralt:ro] [357/371] Building C object zephyr/kernel/CMakeFiles/kernel.dir/system_work_q.c.obj
[sundance:ro] [211/408] Building C object modules/ec/zephyr/CMakeFiles/ec_shim.dir/shim/src/pm_state.c.obj
[sundance:ro] [212/408] Building C object modules/ec/zephyr/CMakeFiles/ec_shim.dir/shim/src/cbi/cros_cbi.c.obj
[geralt:ro] [358/371] Building C object zephyr/kernel/CMakeFiles/kernel.dir/condvar.c.obj
[chinchou:ro] [331/388] Building C object CMakeFiles/app.dir/mnt/host/source/src/platform/ec/build/zephyr/chinchou/modules/ec/driver/tcpm/tcpci.c.obj
[geralt:ro] [359/371] Building C object zephyr/kernel/CMakeFiles/kernel.dir/work.c.obj
[chinchou:ro] [332/388] Building C object CMakeFiles/app.dir/mnt/host/source/src/platform/ec/build/zephyr/chinchou/modules/ec/driver/tcpm/ite_pd_intc.c.obj
[geralt:ro] [360/371] Building C object zephyr/kernel/CMakeFiles/kernel.dir/thread.c.obj
[sundance:rw] [355/408] Building C object modules/ec/zephyr/CMakeFiles/ec_shim.dir/shim/src/chipset_api.c.obj
[chinchou:ro] [333/388] Building C object CMakeFiles/app.dir/mnt/host/source/src/platform/ec/build/zephyr/chinchou/modules/ec/common/usbc_ppc.c.obj
[sundance:ro] [213/408] Building C object modules/ec/zephyr/CMakeFiles/ec_shim.dir/shim/src/cbi/cros_cbi_fw_config.c.obj
[sundance:rw] [356/408] Building C object modules/ec/zephyr/CMakeFiles/ec_shim.dir/shim/src/espi.c.obj
[sundance:rw] [357/408] Building C object modules/ec/zephyr/CMakeFiles/ec_shim.dir/shim/src/flash.c.obj
[chinchou:ro] [334/388] Building C object CMakeFiles/app.dir/mnt/host/source/src/platform/ec/build/zephyr/chinchou/modules/ec/driver/tcpm/it8xxx2.c.obj
[sundance:rw] [358/408] Building C object modules/ec/zephyr/CMakeFiles/ec_shim.dir/shim/src/hooks.c.obj
[sundance:ro] [214/408] Building ASM object modules/ec/zephyr/CMakeFiles/ec_shim.dir/shim/src/libgcc_arm.S.obj
[geralt:ro] [361/371] Building C object zephyr/kernel/CMakeFiles/kernel.dir/sched.c.obj
[geralt:ro] [362/371] Building C object zephyr/kernel/CMakeFiles/kernel.dir/spinlock_validate.c.obj
[sundance:ro] [215/408] Building C object modules/ec/zephyr/CMakeFiles/ec_shim.dir/shim/src/cbi/cbi_eeprom.c.obj
[geralt:ro] [363/371] Building C object zephyr/kernel/CMakeFiles/kernel.dir/pipe.c.obj
[sundance:ro] [216/408] Building C object modules/ec/zephyr/CMakeFiles/ec_shim.dir/shim/src/system.c.obj
[geralt:ro] [364/371] Building C object zephyr/kernel/CMakeFiles/kernel.dir/thread_monitor.c.obj
[chinchou:ro] [335/388] Building C object CMakeFiles/app.dir/mnt/host/source/src/platform/ec/build/zephyr/chinchou/modules/ec/common/vboot_hash.c.obj
[chinchou:ro] [336/388] Building C object CMakeFiles/app.dir/mnt/host/source/src/platform/ec/build/zephyr/chinchou/modules/ec/driver/ppc/syv682x.c.obj
[sundance:rw] [359/408] Building C object modules/ec/zephyr/CMakeFiles/ec_shim.dir/shim/src/host_command.c.obj
[geralt:ro] [365/371] Building C object zephyr/kernel/CMakeFiles/kernel.dir/timeout.c.obj
[sundance:rw] [360/408] Building C object modules/ec/zephyr/CMakeFiles/ec_shim.dir/shim/src/keyboard_raw.c.obj
[chinchou:ro] [337/388] Building C object CMakeFiles/app.dir/mnt/host/source/src/platform/ec/build/zephyr/chinchou/modules/ec/common/button.c.obj
[chinchou:ro] [338/388] Building C object CMakeFiles/app.dir/mnt/host/source/src/platform/ec/build/zephyr/chinchou/modules/ec/common/vboot/efs2.c.obj
[geralt:ro] [366/371] Building C object zephyr/kernel/CMakeFiles/kernel.dir/timer.c.obj
[sundance:rw] [361/408] Building C object modules/ec/zephyr/CMakeFiles/ec_shim.dir/shim/src/keyscan.c.obj
[sundance:rw] [362/408] Building C object modules/ec/zephyr/CMakeFiles/ec_shim.dir/shim/src/console_buffer.c.obj
[sundance:ro] [217/408] Building C object modules/ec/zephyr/CMakeFiles/ec_shim.dir/shim/src/adc.c.obj
[geralt:ro] [367/371] Building C object zephyr/kernel/CMakeFiles/kernel.dir/events.c.obj
[geralt:ro] [368/371] Building C object zephyr/kernel/CMakeFiles/kernel.dir/poll.c.obj
[sundance:ro] [218/408] Building C object modules/ec/zephyr/CMakeFiles/ec_shim.dir/shim/src/battery.c.obj
[sundance:ro] [219/408] Building C object modules/ec/zephyr/CMakeFiles/ec_shim.dir/shim/src/charger.c.obj
[geralt:ro] [369/371] Building C object zephyr/kernel/CMakeFiles/kernel.dir/mempool.c.obj
[chinchou:ro] [339/388] Building C object CMakeFiles/app.dir/mnt/host/source/src/platform/ec/build/zephyr/chinchou/modules/ec/common/math_util.c.obj
[chinchou:ro] [340/388] Building C object CMakeFiles/app.dir/mnt/host/source/src/platform/ec/build/zephyr/chinchou/modules/ec/common/vstore.c.obj
[sundance:rw] [363/408] Building C object modules/ec/zephyr/CMakeFiles/ec_shim.dir/shim/src/mkbp_event.c.obj
[geralt:ro] [370/371] Building C object zephyr/kernel/CMakeFiles/kernel.dir/dynamic_disabled.c.obj
[geralt:ro] [371/371] Linking C static library zephyr/kernel/libkernel.a
[chinchou:ro] [341/388] Building C object CMakeFiles/app.dir/src/board.c.obj
[sundance:rw] [364/408] Building C object modules/ec/zephyr/CMakeFiles/ec_shim.dir/shim/src/motionsense_sensors.c.obj
[chinchou:ro] [342/388] Building C object CMakeFiles/app.dir/src/hibernate.c.obj
[sundance:rw] [365/408] Building C object modules/ec/zephyr/CMakeFiles/ec_shim.dir/shim/src/panic.c.obj
[sundance:ro] [220/408] Building C object modules/ec/zephyr/CMakeFiles/ec_shim.dir/shim/src/chipset_api.c.obj
[sundance:ro] [221/408] Building C object modules/ec/zephyr/CMakeFiles/ec_shim.dir/shim/src/espi.c.obj
[sundance:rw] [366/408] Building C object modules/ec/zephyr/CMakeFiles/ec_shim.dir/shim/src/temp_sensors.c.obj
[sundance:ro] [222/408] Building C object modules/ec/zephyr/CMakeFiles/ec_shim.dir/shim/src/flash.c.obj
[sundance:ro] [223/408] Building C object modules/ec/zephyr/CMakeFiles/ec_shim.dir/shim/src/host_command.c.obj
[sundance:ro] [224/408] Building C object modules/ec/zephyr/CMakeFiles/ec_shim.dir/shim/src/hooks.c.obj
[sundance:rw] [367/408] Building C object modules/ec/zephyr/CMakeFiles/ec_shim.dir/shim/src/thermal.c.obj
[chinchou:ro] [343/388] Building C object CMakeFiles/app.dir/src/usbc.c.obj
[chinchou:ro] [344/388] Building C object CMakeFiles/app.dir/src/usb_pd_policy.c.obj
[chinchou:ro] [345/388] Building C object CMakeFiles/app.dir/src/variant_db_detection.c.obj
[chinchou:ro] [346/388] Building C object CMakeFiles/app.dir/src/board_chipset.c.obj
[sundance:rw] [368/408] Building C object modules/ec/zephyr/CMakeFiles/ec_shim.dir/shim/src/hwtimer.c.obj
[chinchou:ro] [347/388] Building C object CMakeFiles/app.dir/src/ite_hooks.c.obj
[sundance:ro] [225/408] Building C object modules/ec/zephyr/CMakeFiles/ec_shim.dir/shim/src/console_buffer.c.obj
[sundance:rw] [369/408] Building C object modules/ec/zephyr/CMakeFiles/ec_shim.dir/shim/src/i2c.c.obj
[sundance:ro] [226/408] Building C object modules/ec/zephyr/CMakeFiles/ec_shim.dir/shim/src/keyboard_raw.c.obj
[sundance:ro] [227/408] Building C object modules/ec/zephyr/CMakeFiles/ec_shim.dir/shim/src/mkbp_event.c.obj
[sundance:ro] [228/408] Building C object modules/ec/zephyr/CMakeFiles/ec_shim.dir/shim/src/keyscan.c.obj
[sundance:rw] [370/408] Building C object modules/ec/zephyr/CMakeFiles/ec_shim.dir/shim/src/tasks.c.obj
[sundance:ro] [229/408] Building C object modules/ec/zephyr/CMakeFiles/ec_shim.dir/shim/src/panic.c.obj
[sundance:ro] [230/408] Building C object modules/ec/zephyr/CMakeFiles/ec_shim.dir/shim/src/motionsense_sensors.c.obj
[chinchou:ro] [348/388] Building C object CMakeFiles/app.dir/src/ite_i2c.c.obj
[chinchou:ro] [349/388] Building C object CMakeFiles/app.dir/src/ite_usb_pd_policy.c.obj
[sundance:rw] [371/408] Building C object modules/ec/zephyr/CMakeFiles/ec_shim.dir/shim/src/watchdog.c.obj
[chinchou:ro] [350/388] Linking C static library modules/ec/zephyr/libec_shim.a
[chinchou:ro] [351/388] Building C object CMakeFiles/app.dir/chinchou/src/ppc.c.obj
[chinchou:ro] [352/388] Building C object CMakeFiles/app.dir/chinchou/src/board.c.obj
[chinchou:ro] [353/388] Building C object CMakeFiles/app.dir/src/ite_usbc.c.obj
[sundance:rw] [372/408] Building C object modules/ec/zephyr/CMakeFiles/ec_shim.dir/shim/src/tcpc_nct38xx.c.obj
[sundance:rw] [373/408] Building C object modules/ec/zephyr/CMakeFiles/ec_shim.dir/shim/src/ppc.c.obj
[sundance:ro] [231/408] Building C object modules/ec/zephyr/CMakeFiles/ec_shim.dir/shim/src/hwtimer.c.obj
[sundance:ro] [232/408] Building C object modules/ec/zephyr/CMakeFiles/ec_shim.dir/shim/src/thermal.c.obj
[sundance:ro] [233/408] Building C object modules/ec/zephyr/CMakeFiles/ec_shim.dir/shim/src/temp_sensors.c.obj
[sundance:ro] [234/408] Building C object modules/ec/zephyr/CMakeFiles/ec_shim.dir/shim/src/i2c.c.obj
[sundance:rw] [374/408] Building C object modules/ec/zephyr/CMakeFiles/ec_shim.dir/shim/src/power_host_sleep_api.c.obj
[chinchou:ro] [354/388] Building C object zephyr/kernel/CMakeFiles/kernel.dir/main_weak.c.obj
[sundance:ro] [235/408] Building C object modules/ec/zephyr/CMakeFiles/ec_shim.dir/shim/src/tasks.c.obj
[sundance:ro] [236/408] Building C object modules/ec/zephyr/CMakeFiles/ec_shim.dir/shim/src/watchdog.c.obj
[chinchou:ro] [355/388] Building C object zephyr/kernel/CMakeFiles/kernel.dir/banner.c.obj
[chinchou:ro] [356/388] Building C object CMakeFiles/app.dir/chinchou/src/thermal.c.obj
[chinchou:ro] [357/388] Building C object zephyr/kernel/CMakeFiles/kernel.dir/busy_wait.c.obj
[chinchou:ro] [358/388] Building C object zephyr/kernel/CMakeFiles/kernel.dir/device.c.obj
[sundance:ro] [237/408] cd /mnt/host/source/src/platform/ec/build/zephyr/sundance/build-ro/modules/ec/zephyr && PYTHONPATH=/mnt/host/source/src/platform/ec/build/zephyr/sundance/modules/ec/zephyr/zmake/ /usr/bin/python3.11 /mnt/host/source/src/platform/ec/build/zephyr/sundance/modules/ec/zephyr/zmake/zephyr_build_tools/generate_ec_version.py /mnt/host/source/src/platform/ec/build/zephyr/sundance/build-ro/modules/ec/zephyr/include/ec_version.h --name Zephyr-Kernel --version 16543.0.0 --static
[sundance:ro] INFO:root:Using a static version string
[sundance:rw] [375/408] Building C object zephyr/kernel/CMakeFiles/kernel.dir/main_weak.c.obj
[sundance:rw] [376/408] Building C object modules/ec/zephyr/CMakeFiles/ec_shim.dir/shim/src/usb_muxes.c.obj
[chinchou:ro] [359/388] Linking C static library app/libapp.a
[sundance:rw] [377/408] Building C object zephyr/kernel/CMakeFiles/kernel.dir/banner.c.obj
[sundance:rw] [378/408] Linking C static library modules/ec/zephyr/libec_shim.a
[sundance:ro] INFO:root:Version string: Zephyr-Kernel-16543.0.0
[sundance:ro] INFO:root:Writing header to /mnt/host/source/src/platform/ec/build/zephyr/sundance/build-ro/modules/ec/zephyr/include/ec_version.h
[sundance:ro] [238/408] Building C object modules/ec/zephyr/CMakeFiles/ec_shim.dir/shim/src/tcpc_nct38xx.c.obj
[sundance:ro] [239/408] Building C object modules/ec/zephyr/CMakeFiles/ec_shim.dir/shim/src/ppc.c.obj
[chinchou:ro] [360/388] Building C object zephyr/kernel/CMakeFiles/kernel.dir/errno.c.obj
[sundance:rw] [379/408] Building C object zephyr/kernel/CMakeFiles/kernel.dir/busy_wait.c.obj
[/mnt/host/source/src/platform/ec/build/zephyr/meliks-lcov]   /mnt/host/source/src/platform/ec/build/zephyr/meliks/build-rw/zephyr/drivers/sensor/CMakeFiles/drivers__sensor.dir/mnt/host/source/src/third_party/zephyr/main/misc/empty_file.c.gcno:no functions found
[/mnt/host/source/src/platform/ec/build/zephyr/meliks-lcov] Filter suppressions 'region':
[sundance:ro] [240/408] Building C object modules/ec/zephyr/CMakeFiles/ec_shim.dir/shim/src/power_host_sleep_api.c.obj
[sundance:ro] [241/408] Building C object zephyr/kernel/CMakeFiles/kernel.dir/main_weak.c.obj
[/mnt/host/source/src/platform/ec/build/zephyr/meliks-lcov]     40 instances
[/mnt/host/source/src/platform/ec/build/zephyr/meliks-lcov]     36 coverpoints
[/mnt/host/source/src/platform/ec/build/zephyr/meliks-lcov] Message summary:
[/mnt/host/source/src/platform/ec/build/zephyr/meliks-lcov]   29 ignore messages:
[/mnt/host/source/src/platform/ec/build/zephyr/meliks-lcov]     gcov: 29
Running (initial) lcov on /mnt/host/source/src/platform/ec/build/zephyr/geralt.
[chinchou:ro] [361/388] Building C object zephyr/kernel/CMakeFiles/kernel.dir/fatal.c.obj
[chinchou:ro] [362/388] Building C object zephyr/kernel/CMakeFiles/kernel.dir/kheap.c.obj
[sundance:ro] [242/408] Building C object CMakeFiles/app.dir/mnt/host/source/src/platform/ec/zephyr/subsys/ap_pwrseq/ap_events.c.obj
[chinchou:ro] [363/388] Building C object zephyr/kernel/CMakeFiles/kernel.dir/init.c.obj
[sundance:rw] [380/408] Building C object zephyr/kernel/CMakeFiles/kernel.dir/device.c.obj
[chinchou:ro] [364/388] Building C object zephyr/kernel/CMakeFiles/kernel.dir/mem_slab.c.obj
[chinchou:ro] [365/388] Building C object zephyr/kernel/CMakeFiles/kernel.dir/version.c.obj
[sundance:ro] [243/408] Building C object modules/ec/zephyr/CMakeFiles/ec_shim.dir/shim/src/usb_muxes.c.obj
[sundance:rw] [381/408] Building C object zephyr/kernel/CMakeFiles/kernel.dir/errno.c.obj
Running `env -i PYTHONPATH=/usr/lib64/python-exec/python3.11:/mnt/host/source/src/platform/ec/zephyr/zmake:/usr/lib/python311.zip:/usr/lib/python3.11:/usr/lib/python3.11/lib-dynload:/usr/lib/python3.11/site-packages PW_PIGWEED_CIPD_INSTALL_DIR=/usr CROSTC_USER_ACKNOWLEDGES_THAT_RISCV_IS_EXPERIMENTAL=1 PATH=/mnt/host/source/chromite/bin:/usr/local/bin:/usr/bin:/bin:/opt/bin:/mnt/host/source/chromite/sdk/bin:/mnt/host/source/chromite/bin HOME=/home/jpmurphy JAVA_HOME=/etc/java-config-2/current-system-vm JDK_HOME=/etc/java-config-2/current-system-vm JAVAC=/etc/java-config-2/current-system-vm/bin/javac MAKEFLAGS=' -j16 --jobserver-auth=5,6' /usr/bin/lcov --gcov-tool /mnt/host/source/src/platform/ec/build/zephyr/geralt/build-rw/gcov.sh -q -o - -c -d /mnt/host/source/src/platform/ec/build/zephyr/geralt -t geralt --rc branch_coverage=1 --filter range --ignore-errors inconsistent,source --ignore-errors gcov,gcov -i`
[sundance:rw] [382/408] Building C object zephyr/kernel/CMakeFiles/kernel.dir/fatal.c.obj
[chinchou:ro] [366/388] Building C object zephyr/kernel/CMakeFiles/kernel.dir/float.c.obj
[chinchou:ro] [367/388] Building C object zephyr/kernel/CMakeFiles/kernel.dir/idle.c.obj
[sundance:ro] [244/408] Building C object CMakeFiles/app.dir/mnt/host/source/src/platform/ec/zephyr/subsys/ap_pwrseq/ap_power_interface.c.obj
[sundance:ro] [245/408] Building C object CMakeFiles/app.dir/mnt/host/source/src/platform/ec/zephyr/subsys/ap_pwrseq/power_signals.c.obj
[sundance:rw] [383/408] Building C object zephyr/kernel/CMakeFiles/kernel.dir/init.c.obj
[chinchou:ro] [368/388] Building C object zephyr/kernel/CMakeFiles/kernel.dir/mailbox.c.obj
[sundance:ro] [246/408] Building C object CMakeFiles/app.dir/mnt/host/source/src/platform/ec/zephyr/subsys/ap_pwrseq/signal_gpio.c.obj
[chinchou:ro] [369/388] Building C object zephyr/kernel/CMakeFiles/kernel.dir/mutex.c.obj
[sundance:rw] [384/408] Building C object zephyr/kernel/CMakeFiles/kernel.dir/version.c.obj
[sundance:rw] [385/408] Building C object zephyr/kernel/CMakeFiles/kernel.dir/kheap.c.obj
[chinchou:ro] [370/388] Building C object zephyr/kernel/CMakeFiles/kernel.dir/msg_q.c.obj
[sundance:rw] [386/408] Building C object zephyr/kernel/CMakeFiles/kernel.dir/mem_slab.c.obj
[sundance:ro] [247/408] Building C object CMakeFiles/app.dir/mnt/host/source/src/platform/ec/zephyr/subsys/ap_pwrseq/power_host_sleep.c.obj
[sundance:ro] [248/408] Building C object CMakeFiles/app.dir/mnt/host/source/src/platform/ec/zephyr/subsys/ap_pwrseq/signal_vw.c.obj
[sundance:rw] [387/408] Building C object zephyr/kernel/CMakeFiles/kernel.dir/float.c.obj
[sundance:ro] [249/408] Building C object CMakeFiles/app.dir/mnt/host/source/src/platform/ec/zephyr/subsys/ap_pwrseq/signal_adc.c.obj
[chinchou:ro] [371/388] Building C object zephyr/kernel/CMakeFiles/kernel.dir/queue.c.obj
[chinchou:ro] [372/388] Building C object zephyr/kernel/CMakeFiles/kernel.dir/sem.c.obj
[chinchou:ro] [373/388] Building C object zephyr/kernel/CMakeFiles/kernel.dir/system_work_q.c.obj
[/mnt/host/source/src/platform/ec/build/zephyr/geralt-lcov] geninfo: WARNING: using JSON module "JSON::PP" - which is much slower than some alternatives.  Consider installing one of JSON::XS or Cpanel::JSON::XS
[chinchou:ro] [374/388] Building C object zephyr/kernel/CMakeFiles/kernel.dir/stack.c.obj
[sundance:rw] [388/408] Building C object zephyr/kernel/CMakeFiles/kernel.dir/idle.c.obj
[sundance:ro] [250/408] Building C object CMakeFiles/app.dir/mnt/host/source/src/platform/ec/zephyr/subsys/ap_pwrseq/x86_non_dsx_chipset_power_state.c.obj
[sundance:ro] [251/408] Building C object CMakeFiles/app.dir/mnt/host/source/src/platform/ec/zephyr/subsys/ap_pwrseq/x86_non_dsx_common_pwrseq_host_sleep.c.obj
[sundance:rw] [389/408] Building C object zephyr/kernel/CMakeFiles/kernel.dir/mailbox.c.obj
[sundance:ro] [252/408] Building C object CMakeFiles/app.dir/mnt/host/source/src/platform/ec/zephyr/subsys/ap_pwrseq/x86_non_dsx_common_pwrseq_sm_handler.c.obj
[chinchou:ro] [375/388] Building C object zephyr/kernel/CMakeFiles/kernel.dir/work.c.obj
[sundance:rw] [390/408] Building C object zephyr/kernel/CMakeFiles/kernel.dir/msg_q.c.obj
[sundance:ro] [253/408] Building C object CMakeFiles/app.dir/mnt/host/source/src/platform/ec/zephyr/subsys/ap_pwrseq/x86_non_dsx_common_pwrseq_host_command.c.obj
[sundance:rw] [391/408] Building C object zephyr/kernel/CMakeFiles/kernel.dir/mutex.c.obj
[chinchou:ro] [376/388] Building C object zephyr/kernel/CMakeFiles/kernel.dir/condvar.c.obj
[sundance:ro] [254/408] Building C object CMakeFiles/app.dir/mnt/host/source/src/platform/ec/zephyr/subsys/ap_pwrseq/x86_non_dsx_common_pwrseq_console.c.obj
[chinchou:ro] [377/388] Building C object zephyr/kernel/CMakeFiles/kernel.dir/thread.c.obj
[sundance:ro] [255/408] Building C object CMakeFiles/app.dir/mnt/host/source/src/platform/ec/zephyr/subsys/ap_pwrseq/x86_non_dsx_adlp_pwrseq_sm.c.obj
[chinchou:ro] [378/388] Building C object zephyr/kernel/CMakeFiles/kernel.dir/pipe.c.obj
[chinchou:ro] [379/388] Building C object zephyr/kernel/CMakeFiles/kernel.dir/sched.c.obj
[/mnt/host/source/src/platform/ec/build/zephyr/geralt-lcov] stderr:
[chinchou:ro] [380/388] Building C object zephyr/kernel/CMakeFiles/kernel.dir/spinlock_validate.c.obj
[sundance:ro] [256/408] Building C object CMakeFiles/app.dir/mnt/host/source/src/platform/ec/zephyr/subsys/ap_pwrseq/ap_reset_log.c.obj
[sundance:rw] [392/408] Building C object zephyr/kernel/CMakeFiles/kernel.dir/sem.c.obj
[sundance:rw] [393/408] Building C object zephyr/kernel/CMakeFiles/kernel.dir/queue.c.obj
[sundance:ro] [257/408] Building C object CMakeFiles/app.dir/mnt/host/source/src/platform/ec/build/zephyr/sundance/modules/ec/common/base32.c.obj
[sundance:rw] [394/408] Building C object zephyr/kernel/CMakeFiles/kernel.dir/stack.c.obj
[sundance:ro] [258/408] Building C object CMakeFiles/app.dir/mnt/host/source/src/platform/ec/build/zephyr/sundance/modules/ec/builtin/stdlib.c.obj
[chinchou:ro] [381/388] Building C object zephyr/kernel/CMakeFiles/kernel.dir/thread_monitor.c.obj
[sundance:rw] [395/408] Building C object zephyr/kernel/CMakeFiles/kernel.dir/system_work_q.c.obj
[chinchou:ro] [382/388] Building C object zephyr/kernel/CMakeFiles/kernel.dir/timeout.c.obj
[sundance:ro] [259/408] Building C object CMakeFiles/app.dir/mnt/host/source/src/platform/ec/build/zephyr/sundance/modules/ec/common/console_output.c.obj
[/mnt/host/source/src/platform/ec/build/zephyr/geralt-lcov]   /mnt/host/source/src/platform/ec/build/zephyr/geralt/build-ro/modules/ec/zephyr/CMakeFiles/ec_shim.dir/shim/src/power.c.gcno:no functions found
[/mnt/host/source/src/platform/ec/build/zephyr/geralt-lcov] stderr:
[chinchou:ro] [383/388] Building C object zephyr/kernel/CMakeFiles/kernel.dir/timer.c.obj
[sundance:ro] [260/408] Building C object CMakeFiles/app.dir/mnt/host/source/src/platform/ec/build/zephyr/sundance/modules/ec/common/gpio_commands.c.obj
[chinchou:ro] [384/388] Building C object zephyr/kernel/CMakeFiles/kernel.dir/poll.c.obj
[sundance:ro] [261/408] Building C object CMakeFiles/app.dir/mnt/host/source/src/platform/ec/build/zephyr/sundance/modules/ec/common/ec_features.c.obj
[/mnt/host/source/src/platform/ec/build/zephyr/geralt-lcov]   /mnt/host/source/src/platform/ec/build/zephyr/geralt/build-ro/modules/ec/zephyr/CMakeFiles/ec_shim.dir/shim/src/battery.c.gcno:no functions found
[/mnt/host/source/src/platform/ec/build/zephyr/geralt-lcov] stderr:
[fatcat-ish-idle:singleimage] Building: /usr/bin/ninja -C /mnt/host/source/src/platform/ec/build/zephyr/fatcat-ish-idle/build-singleimage all.libraries
Running `env -i SHELL=/bin/bash COLORTERM=truecolor DEPOT_TOOLS_UPDATE=0 LESS='-R -M --shift 5' SUDO_GID=0 JDK_HOME=/etc/java-config-2/current-system-vm CONFIG_PROTECT_MASK='/etc/gentoo-release /etc/sandbox.d /etc/fonts/fonts.conf /etc/terminfo /etc/ca-certificates.conf /etc/revdep-rebuild' CHROMEOS_CACHEDIR=/var/cache/chromeos-cache JAVA_HOME=/etc/java-config-2/current-system-vm SSH_AUTH_SOCK=/tmp/ssh-auth-sock SUDO_COMMAND=/bin/bash SUDO_USER=root SUDO_TTY=/dev/pts/2 EDITOR=/usr/bin/vi PWD=/mnt/host/source/src/platform/ec CONFIG_PROTECT=/usr/share/gnupg/qualified.txt LOGNAME=jpmurphy MANPATH=/etc/java-config-2/current-system-vm/man:/usr/local/share/man:/usr/share/man:/usr/share/gcc-data/x86_64-pc-linux-gnu/10.2.0/man:/usr/share/binutils-data/x86_64-pc-linux-gnu/2.45/man:/etc/java-config-2/current-system-vm/man/ SUDO_HOME=/root XAUTHORITY=/run/user/944457/gdm/Xauthority HOME=/home/jpmurphy LANG=C.UTF-8 LS_COLORS='rs=0:di=01;34:ln=01;36:mh=00:pi=40;33:so=01;35:do=01;35:bd=40;33;01:cd=40;33;01:or=01;05;37;41:mi=01;05;37;41:su=37;41:sg=30;43:ca=30;41:tw=30;42:ow=34;42:st=37;44:ex=01;32:*.tar=01;31:*.tgz=01;31:*.arc=01;31:*.arj=01;31:*.taz=01;31:*.lha=01;31:*.lz4=01;31:*.lzh=01;31:*.lzma=01;31:*.tlz=01;31:*.txz=01;31:*.tzo=01;31:*.t7z=01;31:*.zip=01;31:*.z=01;31:*.dz=01;31:*.gz=01;31:*.lrz=01;31:*.lz=01;31:*.lzo=01;31:*.xz=01;31:*.zst=01;31:*.tzst=01;31:*.bz2=01;31:*.bz=01;31:*.tbz=01;31:*.tbz2=01;31:*.tz=01;31:*.deb=01;31:*.rpm=01;31:*.jar=01;31:*.war=01;31:*.ear=01;31:*.sar=01;31:*.rar=01;31:*.alz=01;31:*.ace=01;31:*.zoo=01;31:*.cpio=01;31:*.7z=01;31:*.rz=01;31:*.cab=01;31:*.wim=01;31:*.swm=01;31:*.dwm=01;31:*.esd=01;31:*.jpg=01;35:*.jpeg=01;35:*.mjpg=01;35:*.mjpeg=01;35:*.gif=01;35:*.bmp=01;35:*.pbm=01;35:*.pgm=01;35:*.ppm=01;35:*.tga=01;35:*.xbm=01;35:*.xpm=01;35:*.tif=01;35:*.tiff=01;35:*.png=01;35:*.svg=01;35:*.svgz=01;35:*.mng=01;35:*.pcx=01;35:*.mov=01;35:*.mpg=01;35:*.mpeg=01;35:*.m2v=01;35:*.mkv=01;35:*.webm=01;35:*.webp=01;35:*.ogm=01;35:*.mp4=01;35:*.m4v=01;35:*.mp4v=01;35:*.vob=01;35:*.qt=01;35:*.nuv=01;35:*.wmv=01;35:*.asf=01;35:*.rm=01;35:*.rmvb=01;35:*.flc=01;35:*.avi=01;35:*.fli=01;35:*.flv=01;35:*.gl=01;35:*.dl=01;35:*.xcf=01;35:*.xwd=01;35:*.yuv=01;35:*.cgm=01;35:*.emf=01;35:*.ogv=01;35:*.ogx=01;35:*.cfg=00;32:*.conf=00;32:*.diff=00;32:*.doc=00;32:*.ini=00;32:*.log=00;32:*.patch=00;32:*.pdf=00;32:*.ps=00;32:*.tex=00;32:*.txt=00;32:*.aac=00;36:*.au=00;36:*.flac=00;36:*.m4a=00;36:*.mid=00;36:*.midi=00;36:*.mka=00;36:*.mp3=00;36:*.mpc=00;36:*.ogg=00;36:*.ra=00;36:*.wav=00;36:*.oga=00;36:*.opus=00;36:*.spx=00;36:*.xspf=00;36:' XDG_CURRENT_DESKTOP=GNOME INFOPATH=/usr/share/info:/usr/share/gcc-data/x86_64-pc-linux-gnu/10.2.0/info:/usr/share/binutils-data/x86_64-pc-linux-gnu/2.45/info:/usr/share/automake-1.16.5/info JAVAC=/etc/java-config-2/current-system-vm/bin/javac TERM=xterm-256color LESSOPEN='|lesspipe %s' USER=jpmurphy CROS_WORKON_SRCROOT=/mnt/host/source MANPAGER=manpager DISPLAY=:1 SHLVL=1 LC_MESSAGES=C EXTERNAL_TRUNK_PATH=/mnt/8f9d649a-3721-44cc-93c0-e6bd21a9689f/chromiumos GCC_SPECS='' PATH=/mnt/host/source/chromite/bin:/usr/local/bin:/usr/bin:/bin:/opt/bin:/mnt/host/source/chromite/sdk/bin:/mnt/host/source/chromite/bin PORTAGE_USERNAME=jpmurphy SUDO_UID=0 GCC_VER=10.2.0 MAIL=/var/mail/jpmurphy OLDPWD=/mnt/host/source/src/scripts traceparent=00-e87aca51550a78635907baa6a2476181-6d684811675d2973-01 _=./zephyr/firmware_builder.py COREBOOT_SDK_ROOT_x86=/home/jpmurphy/.cache/coreboot-sdk/i386-elf/dfbb0486385d938cfa9d73080b9d18d598ed4f49 COREBOOT_SDK_ROOT_picolibc_x86=/home/jpmurphy/.cache/coreboot-sdk/picolibc-i386-elf/eb8e8e687b95461de8cbf278f1c2076952d0ad17 COREBOOT_SDK_ROOT_riscv64=/home/jpmurphy/.cache/coreboot-sdk/riscv64-elf/96b949749225b6aaa92ed810ab769e8dfb12f000 COREBOOT_SDK_ROOT_picolibc_arm=/home/jpmurphy/.cache/coreboot-sdk/picolibc-arm-eabi/422a2aa3e1ef891b5bece9a3deb696ff83840d2e COREBOOT_SDK_ROOT_nds32=/home/jpmurphy/.cache/coreboot-sdk/nds32le-elf/d1a518c4a097666d86058e1444f85ca015d15511 COREBOOT_SDK_ROOT_picolibc_riscv64=/home/jpmurphy/.cache/coreboot-sdk/picolibc-riscv64-elf/f571e990ef0278564b31124f8bb109d9a697eb69 COREBOOT_SDK_ROOT_arm=/home/jpmurphy/.cache/coreboot-sdk/arm-eabi/ea40ddd1d190c3b48435c474c0b545719371813a COREBOOT_SDK_ROOT_libstdcxx_riscv64=/home/jpmurphy/.cache/coreboot-sdk/libstdcxx-riscv64-elf/17abf22a3a252e2d5d2062ced5324f7a623689e0 COREBOOT_SDK_ROOT_libstdcxx_arm=/home/jpmurphy/.cache/coreboot-sdk/libstdcxx-arm-eabi/5d7d82e150e44aa1968f1d366e267e6687b328ac COREBOOT_SDK_ROOT_riscv=/home/jpmurphy/.cache/coreboot-sdk/riscv-elf/9a27b9e82341c6e9126624f516ab3f261abb3e73 COREBOOT_SDK_ROOT_libstdcxx_x86=/home/jpmurphy/.cache/coreboot-sdk/libstdcxx-i386-elf/42ef9d2e87a76a37963175d7d428734e65648b87 PYTHONPATH=/mnt/host/source/src/platform/ec/zephyr/zmake PW_PIGWEED_CIPD_INSTALL_DIR=/usr CROSTC_USER_ACKNOWLEDGES_THAT_RISCV_IS_EXPERIMENTAL=1 MAKEFLAGS=' -j16 --jobserver-auth=5,6' /usr/bin/ninja -C /mnt/host/source/src/platform/ec/build/zephyr/fatcat-ish-idle/build-singleimage all.libraries`
[chinchou:ro] [385/388] Building C object zephyr/kernel/CMakeFiles/kernel.dir/events.c.obj
[fatcat-ish-idle:singleimage] ninja: Entering directory `/mnt/host/source/src/platform/ec/build/zephyr/fatcat-ish-idle/build-singleimage'
[/mnt/host/source/src/platform/ec/build/zephyr/geralt-lcov]   /mnt/host/source/src/platform/ec/build/zephyr/geralt/build-ro/modules/ec/zephyr/CMakeFiles/ec_shim.dir/shim/src/charger.c.gcno:no functions found
[/mnt/host/source/src/platform/ec/build/zephyr/geralt-lcov] stderr:
[/mnt/host/source/src/platform/ec/build/zephyr/geralt-lcov]   /mnt/host/source/src/platform/ec/build/zephyr/geralt/build-ro/modules/ec/zephyr/CMakeFiles/ec_shim.dir/shim/src/usb_muxes.c.gcno:no functions found
[/mnt/host/source/src/platform/ec/build/zephyr/geralt-lcov] stderr:
[sundance:rw] [396/408] Building C object zephyr/kernel/CMakeFiles/kernel.dir/condvar.c.obj
[chinchou:ro] [386/388] Building C object zephyr/kernel/CMakeFiles/kernel.dir/mempool.c.obj
[sundance:rw] [397/408] Building C object zephyr/kernel/CMakeFiles/kernel.dir/work.c.obj
[sundance:rw] [398/408] Building C object zephyr/kernel/CMakeFiles/kernel.dir/thread.c.obj
[chinchou:ro] [387/388] Building C object zephyr/kernel/CMakeFiles/kernel.dir/dynamic_disabled.c.obj
[sundance:ro] [262/408] Building C object CMakeFiles/app.dir/mnt/host/source/src/platform/ec/build/zephyr/sundance/modules/ec/common/queue.c.obj
[sundance:ro] [263/408] Building C object CMakeFiles/app.dir/mnt/host/source/src/platform/ec/build/zephyr/sundance/modules/ec/common/peripheral.c.obj
[sundance:ro] [264/408] Building C object CMakeFiles/app.dir/mnt/host/source/src/platform/ec/build/zephyr/sundance/modules/ec/common/printf.c.obj
[chinchou:ro] [388/388] Linking C static library zephyr/kernel/libkernel.a
[sundance:rw] [399/408] Building C object zephyr/kernel/CMakeFiles/kernel.dir/sched.c.obj
[fatcat-ish-idle:singleimage] [1/256] Generating include/generated/zephyr/version.h
[fatcat-ish-idle:singleimage] -- git describe warned: warning: tag 'upstream/v2.7.99' is externally known as 'v2.7.99'
[fatcat-ish-idle:singleimage] -- Zephyr version: 4.3.99 (/mnt/host/source/src/third_party/zephyr/main)
[fatcat-ish-idle:singleimage] [2/256] Preparing syscall dependency handling
[sundance:ro] [265/408] Building C object CMakeFiles/app.dir/mnt/host/source/src/platform/ec/build/zephyr/sundance/modules/ec/common/system_boot_time.c.obj
[fatcat-ish-idle:singleimage] [3/256] Generating misc/generated/syscalls_subdirs.trigger
[sundance:ro] [266/408] Building C object CMakeFiles/app.dir/mnt/host/source/src/platform/ec/build/zephyr/sundance/modules/ec/common/util.c.obj
[sundance:rw] [400/408] Building C object zephyr/kernel/CMakeFiles/kernel.dir/pipe.c.obj
[sundance:ro] [267/408] Building C object CMakeFiles/app.dir/mnt/host/source/src/platform/ec/build/zephyr/sundance/modules/ec/common/uart_printf.c.obj
[sundance:ro] [268/408] Building C object CMakeFiles/app.dir/mnt/host/source/src/platform/ec/build/zephyr/sundance/modules/ec/common/system.c.obj
[sundance:rw] [401/408] Building C object zephyr/kernel/CMakeFiles/kernel.dir/thread_monitor.c.obj
[sundance:rw] [402/408] Building C object zephyr/kernel/CMakeFiles/kernel.dir/timeout.c.obj
[sundance:ro] [269/408] Building C object CMakeFiles/app.dir/mnt/host/source/src/platform/ec/build/zephyr/sundance/modules/ec/common/version.c.obj
[sundance:rw] [403/408] Building C object zephyr/kernel/CMakeFiles/kernel.dir/timer.c.obj
[sundance:ro] [270/408] Building C object CMakeFiles/app.dir/mnt/host/source/src/platform/ec/build/zephyr/sundance/modules/ec/driver/accel_lis2dw12.c.obj
[sundance:ro] [271/408] Building C object CMakeFiles/app.dir/mnt/host/source/src/platform/ec/build/zephyr/sundance/modules/ec/common/power_button_x86.c.obj
[sundance:ro] [272/408] Building C object CMakeFiles/app.dir/mnt/host/source/src/platform/ec/build/zephyr/sundance/modules/ec/driver/accelgyro_lsm6dsm.c.obj
[sundance:ro] [273/408] Building C object CMakeFiles/app.dir/mnt/host/source/src/platform/ec/build/zephyr/sundance/modules/ec/common/motion_sense_fifo.c.obj
[sundance:ro] [274/408] Building C object CMakeFiles/app.dir/mnt/host/source/src/platform/ec/build/zephyr/sundance/modules/ec/common/adc.c.obj
[sundance:ro] [275/408] Building C object CMakeFiles/app.dir/mnt/host/source/src/platform/ec/build/zephyr/sundance/modules/ec/common/acpi.c.obj
[sundance:rw] [404/408] Building C object zephyr/kernel/CMakeFiles/kernel.dir/mempool.c.obj
[fatcat-ish-idle:singleimage] [4/256] Generating misc/generated/syscalls.json, misc/generated/struct_tags.json
[sundance:rw] [405/408] Building C object zephyr/kernel/CMakeFiles/kernel.dir/events.c.obj
[sundance:ro] [276/408] Building C object CMakeFiles/app.dir/mnt/host/source/src/platform/ec/build/zephyr/sundance/modules/ec/common/backlight_lid.c.obj
[sundance:rw] [406/408] Building C object zephyr/kernel/CMakeFiles/kernel.dir/poll.c.obj
[fatcat-ish-idle:singleimage] [5/256] Generating include/generated/zephyr/syscall_dispatch.c, include/generated/zephyr/syscall_exports_llext.c, syscall_weakdefs_llext.c, include/generated/zephyr/syscall_list.h
[fatcat-ish-idle:singleimage] [6/256] Generating include/generated/device-api-sections.ld, include/generated/device-api-sections.cmake
[sundance:ro] [277/408] Building C object CMakeFiles/app.dir/mnt/host/source/src/platform/ec/build/zephyr/sundance/modules/ec/common/battery.c.obj
[sundance:ro] [278/408] Building C object CMakeFiles/app.dir/mnt/host/source/src/platform/ec/build/zephyr/sundance/modules/ec/common/battery_info.c.obj
[fatcat-ish-idle:singleimage] [7/256] Generating include/generated/zephyr/driver-validation.h
[sundance:rw] [407/408] Building C object zephyr/kernel/CMakeFiles/kernel.dir/dynamic_disabled.c.obj
[fatcat-ish-idle:singleimage] [8/256] Generating include/generated/zephyr/kobj-types-enum.h, include/generated/zephyr/otype-to-str.h, include/generated/zephyr/otype-to-size.h
[sundance:ro] [279/408] Building C object CMakeFiles/app.dir/mnt/host/source/src/platform/ec/build/zephyr/sundance/modules/ec/common/battery_fuel_gauge.c.obj
[sundance:rw] [408/408] Linking C static library zephyr/kernel/libkernel.a
[fatcat-ish-idle:singleimage] [9/256] cd /mnt/host/source/src/platform/ec/build/zephyr/fatcat-ish-idle/build-singleimage/modules/ec/zephyr && PYTHONPATH=/mnt/host/source/src/platform/ec/build/zephyr/fatcat-ish-idle/modules/ec/zephyr/zmake/ /usr/bin/python3.11 /mnt/host/source/src/platform/ec/build/zephyr/fatcat-ish-idle/modules/ec/zephyr/zmake/zephyr_build_tools/generate_ec_version.py /mnt/host/source/src/platform/ec/build/zephyr/fatcat-ish-idle/build-singleimage/modules/ec/zephyr/include/ec_version.h --name Zephyr-Kernel --version 16543.0.0 --static
Running (initial) lcov on /mnt/host/source/src/platform/ec/build/zephyr/chinchou.
[fatcat-ish-idle:singleimage] INFO:root:Using a static version string
[fatcat-ish-idle:singleimage] INFO:root:Version string: Zephyr-Kernel-16543.0.0
[fatcat-ish-idle:singleimage] INFO:root:Writing header to /mnt/host/source/src/platform/ec/build/zephyr/fatcat-ish-idle/build-singleimage/modules/ec/zephyr/include/ec_version.h
[fatcat-ish-idle:singleimage] [10/256] Building C object zephyr/drivers/syscon/CMakeFiles/drivers__syscon.dir/mnt/host/source/src/third_party/zephyr/main/misc/empty_file.c.obj
[fatcat-ish-idle:singleimage] [11/256] Linking C static library zephyr/drivers/syscon/libdrivers__syscon.a
[sundance:ro] [280/408] Building C object CMakeFiles/app.dir/mnt/host/source/src/platform/ec/build/zephyr/sundance/modules/ec/driver/charger/bq25710.c.obj
[fatcat-ish-idle:singleimage] [12/256] Building C object zephyr/CMakeFiles/offsets.dir/arch/x86/core/offsets/offsets.c.obj
[sundance:ro] [281/408] Building C object CMakeFiles/app.dir/mnt/host/source/src/platform/ec/build/zephyr/sundance/modules/ec/driver/battery/smart.c.obj
[sundance:ro] [282/408] Building C object CMakeFiles/app.dir/mnt/host/source/src/platform/ec/build/zephyr/sundance/modules/ec/common/charger.c.obj
Running `env -i PYTHONPATH=/usr/lib64/python-exec/python3.11:/mnt/host/source/src/platform/ec/zephyr/zmake:/usr/lib/python311.zip:/usr/lib/python3.11:/usr/lib/python3.11/lib-dynload:/usr/lib/python3.11/site-packages PW_PIGWEED_CIPD_INSTALL_DIR=/usr CROSTC_USER_ACKNOWLEDGES_THAT_RISCV_IS_EXPERIMENTAL=1 PATH=/mnt/host/source/chromite/bin:/usr/local/bin:/usr/bin:/bin:/opt/bin:/mnt/host/source/chromite/sdk/bin:/mnt/host/source/chromite/bin HOME=/home/jpmurphy JAVA_HOME=/etc/java-config-2/current-system-vm JDK_HOME=/etc/java-config-2/current-system-vm JAVAC=/etc/java-config-2/current-system-vm/bin/javac MAKEFLAGS=' -j16 --jobserver-auth=5,6' /usr/bin/lcov --gcov-tool /mnt/host/source/src/platform/ec/build/zephyr/chinchou/build-rw/gcov.sh -q -o - -c -d /mnt/host/source/src/platform/ec/build/zephyr/chinchou -t chinchou --rc branch_coverage=1 --filter range --ignore-errors inconsistent,source --ignore-errors gcov,gcov -i`
[fatcat-ish-idle:singleimage] [13/256] Generating include/generated/zephyr/offsets.h
[sundance:ro] [283/408] Building C object CMakeFiles/app.dir/mnt/host/source/src/platform/ec/build/zephyr/sundance/modules/ec/common/charge_state.c.obj
[sundance:ro] [284/408] Building C object CMakeFiles/app.dir/mnt/host/source/src/platform/ec/build/zephyr/sundance/modules/ec/common/cbi_common.c.obj
[sundance:ro] [285/408] Building C object CMakeFiles/app.dir/mnt/host/source/src/platform/ec/build/zephyr/sundance/modules/ec/common/cbi_config.c.obj
[sundance:ro] [286/408] Building C object CMakeFiles/app.dir/mnt/host/source/src/platform/ec/build/zephyr/sundance/modules/ec/common/cbi.c.obj
[sundance:ro] [287/408] Building C object CMakeFiles/app.dir/mnt/host/source/src/platform/ec/build/zephyr/sundance/modules/ec/common/charge_manager.c.obj
[sundance:ro] [288/408] Building C object CMakeFiles/app.dir/mnt/host/source/src/platform/ec/build/zephyr/sundance/modules/ec/common/dptf.c.obj
[sundance:ro] [289/408] Building C object CMakeFiles/app.dir/mnt/host/source/src/platform/ec/build/zephyr/sundance/modules/ec/common/ap_reset_log.c.obj
[sundance:ro] [290/408] Building C object CMakeFiles/app.dir/mnt/host/source/src/platform/ec/build/zephyr/sundance/modules/ec/common/memory_commands.c.obj
[fatcat-ish-idle:singleimage] [14/256] Building C object CMakeFiles/app.dir/mnt/host/source/src/platform/ec/zephyr/subsys/ap_pwrseq/ap_events.c.obj
[sundance:ro] [291/408] Building C object CMakeFiles/app.dir/mnt/host/source/src/platform/ec/build/zephyr/sundance/modules/ec/common/espi.c.obj
[sundance:ro] [292/408] Building C object CMakeFiles/app.dir/mnt/host/source/src/platform/ec/build/zephyr/sundance/modules/ec/common/extpower_common.c.obj
[sundance:ro] [293/408] Building C object CMakeFiles/app.dir/mnt/host/source/src/platform/ec/build/zephyr/sundance/modules/ec/common/extpower_gpio.c.obj
[fatcat-ish-idle:singleimage] [15/256] Building C object CMakeFiles/app.dir/mnt/host/source/src/platform/ec/build/zephyr/fatcat-ish-idle/modules/ec/builtin/stdlib.c.obj
[sundance:ro] [294/408] Building C object CMakeFiles/app.dir/mnt/host/source/src/platform/ec/build/zephyr/sundance/modules/ec/common/host_command.c.obj
[sundance:ro] [295/408] Building C object CMakeFiles/app.dir/mnt/host/source/src/platform/ec/build/zephyr/sundance/modules/ec/common/flash.c.obj
[/mnt/host/source/src/platform/ec/build/zephyr/chinchou-lcov] geninfo: WARNING: using JSON module "JSON::PP" - which is much slower than some alternatives.  Consider installing one of JSON::XS or Cpanel::JSON::XS
[sundance:ro] [296/408] Building C object CMakeFiles/app.dir/mnt/host/source/src/platform/ec/build/zephyr/sundance/modules/ec/common/host_command_task.c.obj
[sundance:ro] [297/408] Building C object CMakeFiles/app.dir/mnt/host/source/src/platform/ec/build/zephyr/sundance/modules/ec/common/uart_hostcmd.c.obj
[sundance:ro] [298/408] Building C object CMakeFiles/app.dir/mnt/host/source/src/platform/ec/build/zephyr/sundance/modules/ec/common/host_event_commands.c.obj
[fatcat-ish-idle:singleimage] [16/256] Building C object CMakeFiles/app.dir/mnt/host/source/src/platform/ec/build/zephyr/fatcat-ish-idle/modules/ec/common/base32.c.obj
[sundance:ro] [299/408] Building C object CMakeFiles/app.dir/mnt/host/source/src/platform/ec/build/zephyr/sundance/modules/ec/common/uptime.c.obj
[sundance:ro] [300/408] Building C object CMakeFiles/app.dir/mnt/host/source/src/platform/ec/build/zephyr/sundance/modules/ec/common/i2c_controller.c.obj
[sundance:ro] [301/408] Building C object CMakeFiles/app.dir/mnt/host/source/src/platform/ec/build/zephyr/sundance/modules/ec/common/i2c_passthru.c.obj
[sundance:ro] [302/408] Building C object CMakeFiles/app.dir/mnt/host/source/src/platform/ec/build/zephyr/sundance/modules/ec/common/keyboard_8042_sharedlib.c.obj
[sundance:ro] [303/408] Building C object CMakeFiles/app.dir/mnt/host/source/src/platform/ec/build/zephyr/sundance/modules/ec/common/mkbp_fifo.c.obj
[sundance:ro] [304/408] Building C object CMakeFiles/app.dir/mnt/host/source/src/platform/ec/build/zephyr/sundance/modules/ec/common/keyboard_8042.c.obj
[sundance:ro] [305/408] Building C object CMakeFiles/app.dir/mnt/host/source/src/platform/ec/build/zephyr/sundance/modules/ec/common/keyboard_scan.c.obj
[/mnt/host/source/src/platform/ec/build/zephyr/geralt-lcov]   /mnt/host/source/src/platform/ec/build/zephyr/geralt/build-ro/modules/ec/zephyr/CMakeFiles/ec_shim.dir/shim/src/chg_rt9490.c.gcno:no functions found
[/mnt/host/source/src/platform/ec/build/zephyr/geralt-lcov] stderr:
[sundance:ro] [306/408] Building C object CMakeFiles/app.dir/mnt/host/source/src/platform/ec/build/zephyr/sundance/modules/ec/common/mkbp_info.c.obj
[fatcat-ish-idle:singleimage] [17/256] Building C object CMakeFiles/app.dir/mnt/host/source/src/platform/ec/build/zephyr/fatcat-ish-idle/modules/ec/common/console_output.c.obj
[sundance:ro] [307/408] Building C object CMakeFiles/app.dir/mnt/host/source/src/platform/ec/build/zephyr/sundance/modules/ec/common/mkbp_input_devices.c.obj
[/mnt/host/source/src/platform/ec/build/zephyr/chinchou-lcov] stderr:
[sundance:ro] [308/408] Building C object CMakeFiles/app.dir/mnt/host/source/src/platform/ec/build/zephyr/sundance/modules/ec/common/led_common.c.obj
[sundance:ro] [309/408] Building C object CMakeFiles/app.dir/mnt/host/source/src/platform/ec/build/zephyr/sundance/modules/ec/common/led_onoff_states.c.obj
[sundance:ro] [310/408] Building C object CMakeFiles/app.dir/mnt/host/source/src/platform/ec/build/zephyr/sundance/modules/ec/common/lid_angle.c.obj
[sundance:ro] [311/408] Building C object CMakeFiles/app.dir/mnt/host/source/src/platform/ec/build/zephyr/sundance/modules/ec/common/lid_angle_keyboard_policy.c.obj
[sundance:ro] [312/408] Building C object CMakeFiles/app.dir/mnt/host/source/src/platform/ec/build/zephyr/sundance/modules/ec/common/motion_lid.c.obj
[/mnt/host/source/src/platform/ec/build/zephyr/chinchou-lcov]   /mnt/host/source/src/platform/ec/build/zephyr/chinchou/build-ro/modules/ec/zephyr/CMakeFiles/ec_shim.dir/shim/src/power.c.gcno:no functions found
[/mnt/host/source/src/platform/ec/build/zephyr/chinchou-lcov] stderr:
[fatcat-ish-idle:singleimage] [18/256] Building C object CMakeFiles/app.dir/mnt/host/source/src/platform/ec/build/zephyr/fatcat-ish-idle/modules/ec/common/ec_features.c.obj
[sundance:ro] [313/408] Building C object CMakeFiles/app.dir/mnt/host/source/src/platform/ec/build/zephyr/sundance/modules/ec/common/mkbp_event.c.obj
[sundance:ro] [314/408] Building C object CMakeFiles/app.dir/mnt/host/source/src/platform/ec/build/zephyr/sundance/modules/ec/common/lid_switch.c.obj
[/mnt/host/source/src/platform/ec/build/zephyr/chinchou-lcov]   /mnt/host/source/src/platform/ec/build/zephyr/chinchou/build-ro/modules/ec/zephyr/CMakeFiles/ec_shim.dir/shim/src/thermal.c.gcno:no functions found
[/mnt/host/source/src/platform/ec/build/zephyr/chinchou-lcov] stderr:
[sundance:ro] [315/408] Building C object CMakeFiles/app.dir/mnt/host/source/src/platform/ec/build/zephyr/sundance/modules/ec/common/port80.c.obj
[sundance:ro] [316/408] Building C object CMakeFiles/app.dir/mnt/host/source/src/platform/ec/build/zephyr/sundance/modules/ec/common/motion_sense.c.obj
[sundance:ro] [317/408] Building C object CMakeFiles/app.dir/mnt/host/source/src/platform/ec/build/zephyr/sundance/modules/ec/common/power_button.c.obj
[sundance:ro] [318/408] Building C object CMakeFiles/app.dir/mnt/host/source/src/platform/ec/build/zephyr/sundance/modules/ec/power/hibernate.c.obj
[sundance:ro] [319/408] Building C object CMakeFiles/app.dir/mnt/host/source/src/platform/ec/build/zephyr/sundance/modules/ec/common/sha256.c.obj
[/mnt/host/source/src/platform/ec/build/zephyr/chinchou-lcov]   /mnt/host/source/src/platform/ec/build/zephyr/chinchou/build-ro/modules/ec/zephyr/CMakeFiles/ec_shim.dir/shim/src/battery.c.gcno:no functions found
[/mnt/host/source/src/platform/ec/build/zephyr/chinchou-lcov] stderr:
[fatcat-ish-idle:singleimage] [19/256] Building C object CMakeFiles/app.dir/mnt/host/source/src/platform/ec/build/zephyr/fatcat-ish-idle/modules/ec/common/gpio_commands.c.obj
[/mnt/host/source/src/platform/ec/build/zephyr/chinchou-lcov]   /mnt/host/source/src/platform/ec/build/zephyr/chinchou/build-ro/modules/ec/zephyr/CMakeFiles/ec_shim.dir/shim/src/charger.c.gcno:no functions found
[/mnt/host/source/src/platform/ec/build/zephyr/chinchou-lcov] stderr:
[sundance:ro] [320/408] Building C object CMakeFiles/app.dir/mnt/host/source/src/platform/ec/build/zephyr/sundance/modules/ec/common/switch.c.obj
[sundance:ro] [321/408] Building C object CMakeFiles/app.dir/mnt/host/source/src/platform/ec/build/zephyr/sundance/modules/ec/common/panic_output.c.obj
[sundance:ro] [322/408] Building C object CMakeFiles/app.dir/mnt/host/source/src/platform/ec/build/zephyr/sundance/modules/ec/common/shared_mem.c.obj
[/mnt/host/source/src/platform/ec/build/zephyr/chinchou-lcov]   /mnt/host/source/src/platform/ec/build/zephyr/chinchou/build-ro/modules/ec/zephyr/CMakeFiles/ec_shim.dir/shim/src/usb_muxes.c.gcno:no functions found
[/mnt/host/source/src/platform/ec/build/zephyr/chinchou-lcov] stderr:
[sundance:ro] [323/408] Building C object CMakeFiles/app.dir/mnt/host/source/src/platform/ec/build/zephyr/sundance/modules/ec/common/tablet_mode.c.obj
[sundance:ro] [324/408] Building C object CMakeFiles/app.dir/mnt/host/source/src/platform/ec/build/zephyr/sundance/modules/ec/driver/stm_mems_common.c.obj
[sundance:ro] [325/408] Building C object CMakeFiles/app.dir/mnt/host/source/src/platform/ec/build/zephyr/sundance/modules/ec/common/spi_flash_reg.c.obj
[sundance:ro] [326/408] Building C object CMakeFiles/app.dir/mnt/host/source/src/platform/ec/build/zephyr/sundance/modules/ec/common/thermal.c.obj
[fatcat-ish-idle:singleimage] [20/256] Building C object CMakeFiles/app.dir/mnt/host/source/src/platform/ec/build/zephyr/fatcat-ish-idle/modules/ec/common/peripheral.c.obj
[sundance:ro] [327/408] Building C object CMakeFiles/app.dir/mnt/host/source/src/platform/ec/build/zephyr/sundance/modules/ec/common/throttle_ap.c.obj
[sundance:ro] [328/408] Building C object CMakeFiles/app.dir/mnt/host/source/src/platform/ec/build/zephyr/sundance/modules/ec/common/temp_sensor.c.obj
[sundance:ro] [329/408] Building C object CMakeFiles/app.dir/mnt/host/source/src/platform/ec/build/zephyr/sundance/modules/ec/driver/temp_sensor/thermistor.c.obj
[sundance:ro] [330/408] Building C object CMakeFiles/app.dir/mnt/host/source/src/platform/ec/build/zephyr/sundance/modules/ec/common/timer.c.obj
[sundance:ro] [331/408] Building C object CMakeFiles/app.dir/mnt/host/source/src/platform/ec/build/zephyr/sundance/modules/ec/common/typec_control.c.obj
[sundance:ro] [332/408] Building C object CMakeFiles/app.dir/mnt/host/source/src/platform/ec/build/zephyr/sundance/modules/ec/common/usb_pd_pdo.c.obj
[/mnt/host/source/src/platform/ec/build/zephyr/chinchou-lcov]   /mnt/host/source/src/platform/ec/build/zephyr/chinchou/build-ro/modules/ec/zephyr/CMakeFiles/ec_shim.dir/shim/src/chg_rt9490.c.gcno:no functions found
[/mnt/host/source/src/platform/ec/build/zephyr/chinchou-lcov] stderr:
[sundance:ro] [333/408] Building C object CMakeFiles/app.dir/mnt/host/source/src/platform/ec/build/zephyr/sundance/modules/ec/common/usbc_utils.c.obj
[fatcat-ish-idle:singleimage] [21/256] Building C object CMakeFiles/app.dir/mnt/host/source/src/platform/ec/build/zephyr/fatcat-ish-idle/modules/ec/common/printf.c.obj
[sundance:ro] [334/408] Building C object CMakeFiles/app.dir/mnt/host/source/src/platform/ec/build/zephyr/sundance/modules/ec/common/usbc/usbc_task.c.obj
[sundance:ro] [335/408] Building C object CMakeFiles/app.dir/mnt/host/source/src/platform/ec/build/zephyr/sundance/modules/ec/common/usbc/usb_pd_timer.c.obj
[sundance:ro] [336/408] Building C object CMakeFiles/app.dir/mnt/host/source/src/platform/ec/build/zephyr/sundance/modules/ec/common/usb_common.c.obj
[sundance:ro] [337/408] Building C object CMakeFiles/app.dir/mnt/host/source/src/platform/ec/build/zephyr/sundance/modules/ec/common/usbc/usb_sm.c.obj
[sundance:ro] [338/408] Building C object CMakeFiles/app.dir/mnt/host/source/src/platform/ec/build/zephyr/sundance/modules/ec/common/usbc_intr_task.c.obj
[sundance:ro] [339/408] Building C object CMakeFiles/app.dir/mnt/host/source/src/platform/ec/build/zephyr/sundance/modules/ec/common/usb_pd_flags.c.obj
[sundance:ro] [340/408] Building C object CMakeFiles/app.dir/mnt/host/source/src/platform/ec/build/zephyr/sundance/modules/ec/common/chargen.c.obj
[sundance:ro] [341/408] Building C object CMakeFiles/app.dir/mnt/host/source/src/platform/ec/build/zephyr/sundance/modules/ec/common/usbc/usb_pd_console.c.obj
[/mnt/host/source/src/platform/ec/build/zephyr/chinchou-lcov]   /mnt/host/source/src/platform/ec/build/zephyr/chinchou/build-ro/modules/ec/zephyr/CMakeFiles/ec_shim.dir/shim/src/usba.c.gcno:no functions found
[/mnt/host/source/src/platform/ec/build/zephyr/chinchou-lcov] stderr:
[fatcat-ish-idle:singleimage] [22/256] Building C object CMakeFiles/app.dir/mnt/host/source/src/platform/ec/build/zephyr/fatcat-ish-idle/modules/ec/common/queue.c.obj
[sundance:ro] [342/408] Building C object CMakeFiles/app.dir/mnt/host/source/src/platform/ec/build/zephyr/sundance/modules/ec/driver/usb_mux/usb_mux.c.obj
[sundance:ro] [343/408] Building C object CMakeFiles/app.dir/mnt/host/source/src/platform/ec/build/zephyr/sundance/modules/ec/driver/usb_mux/virtual.c.obj
[/mnt/host/source/src/platform/ec/build/zephyr/chinchou-lcov]   /mnt/host/source/src/platform/ec/build/zephyr/chinchou/build-ro/modules/ec/zephyr/CMakeFiles/ec_shim.dir/shim/src/keyscan.c.gcno:no functions found
[/mnt/host/source/src/platform/ec/build/zephyr/chinchou-lcov] stderr:
[sundance:ro] [344/408] Building C object CMakeFiles/app.dir/mnt/host/source/src/platform/ec/build/zephyr/sundance/modules/ec/common/usbc/usb_tc_drp_acc_trysrc_sm.c.obj
[sundance:ro] [345/408] Building C object CMakeFiles/app.dir/mnt/host/source/src/platform/ec/build/zephyr/sundance/modules/ec/common/usbc/usb_pd_dpm.c.obj
[sundance:ro] [346/408] Building C object CMakeFiles/app.dir/mnt/host/source/src/platform/ec/build/zephyr/sundance/modules/ec/common/usbc/dp_alt_mode.c.obj
[sundance:ro] [347/408] Building C object CMakeFiles/app.dir/mnt/host/source/src/platform/ec/build/zephyr/sundance/modules/ec/common/usbc/usb_prl_sm.c.obj
[sundance:ro] [348/408] Building C object CMakeFiles/app.dir/mnt/host/source/src/platform/ec/build/zephyr/sundance/modules/ec/common/usbc/usbc_pd_policy.c.obj
[sundance:ro] [349/408] Building C object CMakeFiles/app.dir/mnt/host/source/src/platform/ec/build/zephyr/sundance/modules/ec/common/usb_pd_console_cmd.c.obj
[sundance:ro] [350/408] Building C object CMakeFiles/app.dir/mnt/host/source/src/platform/ec/build/zephyr/sundance/modules/ec/common/usb_pd_host_cmd.c.obj
[sundance:ro] [351/408] Building C object CMakeFiles/app.dir/mnt/host/source/src/platform/ec/build/zephyr/sundance/modules/ec/common/usbc/usb_pd_host.c.obj
[fatcat-ish-idle:singleimage] [23/256] Building C object CMakeFiles/app.dir/mnt/host/source/src/platform/ec/build/zephyr/fatcat-ish-idle/modules/ec/common/system.c.obj
[sundance:ro] [352/408] Building C object CMakeFiles/app.dir/mnt/host/source/src/platform/ec/build/zephyr/sundance/modules/ec/common/usbc/usb_pe_drp_sm.c.obj
[sundance:ro] [353/408] Building C object CMakeFiles/app.dir/mnt/host/source/src/platform/ec/build/zephyr/sundance/modules/ec/common/usb_pd_host_cmd_common.c.obj
[sundance:ro] [354/408] Building C object CMakeFiles/app.dir/mnt/host/source/src/platform/ec/build/zephyr/sundance/modules/ec/common/usbc/svdm_rsp_dfp_only.c.obj
[sundance:ro] [355/408] Building C object CMakeFiles/app.dir/mnt/host/source/src/platform/ec/build/zephyr/sundance/modules/ec/zephyr/shim/src/tcpc.c.obj
[sundance:ro] [356/408] Building C object CMakeFiles/app.dir/mnt/host/source/src/platform/ec/build/zephyr/sundance/modules/ec/common/usbc_ocp.c.obj
[fatcat-ish-idle:singleimage] [24/256] Building C object CMakeFiles/app.dir/mnt/host/source/src/platform/ec/build/zephyr/fatcat-ish-idle/modules/ec/common/system_boot_time.c.obj
[sundance:ro] [357/408] Building C object CMakeFiles/app.dir/mnt/host/source/src/platform/ec/build/zephyr/sundance/modules/ec/common/usb_pd_discovery.c.obj
[sundance:ro] [358/408] Building C object CMakeFiles/app.dir/mnt/host/source/src/platform/ec/build/zephyr/sundance/modules/ec/driver/tcpm/nct38xx.c.obj
[sundance:ro] [359/408] Building C object CMakeFiles/app.dir/mnt/host/source/src/platform/ec/build/zephyr/sundance/modules/ec/common/usbc_ppc.c.obj
[sundance:ro] [360/408] Building C object CMakeFiles/app.dir/mnt/host/source/src/platform/ec/build/zephyr/sundance/modules/ec/common/usb_pd_dual_role.c.obj
[sundance:ro] [361/408] Building C object CMakeFiles/app.dir/mnt/host/source/src/platform/ec/build/zephyr/sundance/modules/ec/common/vboot_hash.c.obj
[sundance:ro] [362/408] Building C object CMakeFiles/app.dir/mnt/host/source/src/platform/ec/build/zephyr/sundance/modules/ec/driver/tcpm/raa489000.c.obj
[sundance:ro] [363/408] Building C object CMakeFiles/app.dir/mnt/host/source/src/platform/ec/build/zephyr/sundance/modules/ec/driver/ppc/syv682x.c.obj
[/mnt/host/source/src/platform/ec/build/zephyr/geralt-lcov]   /mnt/host/source/src/platform/ec/build/zephyr/geralt/build-ro/CMakeFiles/app.dir/mnt/host/source/src/platform/ec/build/zephyr/geralt/modules/ec/common/usb_pd_pdo.c.gcno:no functions found
[/mnt/host/source/src/platform/ec/build/zephyr/geralt-lcov] stderr:
[fatcat-ish-idle:singleimage] [25/256] Building C object CMakeFiles/app.dir/mnt/host/source/src/platform/ec/build/zephyr/fatcat-ish-idle/modules/ec/common/uart_printf.c.obj
[sundance:ro] [364/408] Building C object CMakeFiles/app.dir/mnt/host/source/src/platform/ec/build/zephyr/sundance/modules/ec/driver/tcpm/tcpci.c.obj
[sundance:ro] [365/408] Linking C static library modules/ec/zephyr/libec_shim.a
[sundance:ro] [366/408] Building C object CMakeFiles/app.dir/mnt/host/source/src/platform/ec/build/zephyr/sundance/modules/ec/common/button.c.obj
[sundance:ro] [367/408] Building C object CMakeFiles/app.dir/mnt/host/source/src/platform/ec/build/zephyr/sundance/modules/ec/common/vstore.c.obj
[sundance:ro] [368/408] Building C object CMakeFiles/app.dir/mnt/host/source/src/platform/ec/build/zephyr/sundance/modules/ec/common/vboot/efs2.c.obj
[sundance:ro] [369/408] Building C object CMakeFiles/app.dir/mnt/host/source/src/platform/ec/build/zephyr/sundance/modules/ec/common/math_util.c.obj
[sundance:ro] [370/408] Building C object CMakeFiles/app.dir/src/common.c.obj
[fatcat-ish-idle:singleimage] [26/256] Building C object CMakeFiles/app.dir/mnt/host/source/src/platform/ec/build/zephyr/fatcat-ish-idle/modules/ec/common/util.c.obj
[sundance:ro] [371/408] Building C object CMakeFiles/app.dir/src/board_power.c.obj
[sundance:ro] [372/408] Building C object CMakeFiles/app.dir/sundance/src/led.c.obj
[sundance:ro] [373/408] Building C object CMakeFiles/app.dir/sundance/src/board.c.obj
[sundance:ro] [374/408] Building C object CMakeFiles/app.dir/sundance/src/form_factor.c.obj
[sundance:ro] [375/408] Building C object zephyr/kernel/CMakeFiles/kernel.dir/banner.c.obj
[sundance:ro] [376/408] Building C object zephyr/kernel/CMakeFiles/kernel.dir/busy_wait.c.obj
[sundance:ro] [377/408] Building C object CMakeFiles/app.dir/sundance/src/charger.c.obj
[sundance:ro] [378/408] Building C object zephyr/kernel/CMakeFiles/kernel.dir/device.c.obj
[sundance:ro] [379/408] Building C object zephyr/kernel/CMakeFiles/kernel.dir/version.c.obj
[sundance:ro] [380/408] Building C object zephyr/kernel/CMakeFiles/kernel.dir/errno.c.obj
[sundance:ro] [381/408] Building C object CMakeFiles/app.dir/sundance/src/usbc.c.obj
[fatcat-ish-idle:singleimage] [27/256] Building C object CMakeFiles/app.dir/mnt/host/source/src/platform/ec/build/zephyr/fatcat-ish-idle/modules/ec/common/version.c.obj
[sundance:ro] [382/408] Building C object zephyr/kernel/CMakeFiles/kernel.dir/fatal.c.obj
[sundance:ro] [383/408] Building C object zephyr/kernel/CMakeFiles/kernel.dir/init.c.obj
[sundance:ro] [384/408] Linking C static library app/libapp.a
[sundance:ro] [385/408] Building C object zephyr/kernel/CMakeFiles/kernel.dir/kheap.c.obj
[/mnt/host/source/src/platform/ec/build/zephyr/chinchou-lcov]   /mnt/host/source/src/platform/ec/build/zephyr/chinchou/build-ro/modules/ec/zephyr/CMakeFiles/ec_shim.dir/shim/src/bc12.c.gcno:no functions found
[/mnt/host/source/src/platform/ec/build/zephyr/chinchou-lcov] stderr:
[sundance:ro] [386/408] Building C object zephyr/kernel/CMakeFiles/kernel.dir/float.c.obj
[sundance:ro] [387/408] Building C object zephyr/kernel/CMakeFiles/kernel.dir/mem_slab.c.obj
[sundance:ro] [388/408] Building C object zephyr/kernel/CMakeFiles/kernel.dir/msg_q.c.obj
[fatcat-ish-idle:singleimage] [28/256] Building C object CMakeFiles/app.dir/mnt/host/source/src/platform/ec/build/zephyr/fatcat-ish-idle/modules/ec/common/cbi_common.c.obj
[sundance:ro] [389/408] Building C object zephyr/kernel/CMakeFiles/kernel.dir/queue.c.obj
[sundance:ro] [390/408] Building C object zephyr/kernel/CMakeFiles/kernel.dir/idle.c.obj
[sundance:ro] [391/408] Building C object zephyr/kernel/CMakeFiles/kernel.dir/mutex.c.obj
[sundance:ro] [392/408] Building C object zephyr/kernel/CMakeFiles/kernel.dir/sem.c.obj
[sundance:ro] [393/408] Building C object zephyr/kernel/CMakeFiles/kernel.dir/mailbox.c.obj
[sundance:ro] [394/408] Building C object zephyr/kernel/CMakeFiles/kernel.dir/stack.c.obj
[sundance:ro] [395/408] Building C object zephyr/kernel/CMakeFiles/kernel.dir/system_work_q.c.obj
[sundance:ro] [396/408] Building C object zephyr/kernel/CMakeFiles/kernel.dir/condvar.c.obj
[sundance:ro] [397/408] Building C object zephyr/kernel/CMakeFiles/kernel.dir/work.c.obj
[fatcat-ish-idle:singleimage] [29/256] Building C object CMakeFiles/app.dir/mnt/host/source/src/platform/ec/build/zephyr/fatcat-ish-idle/modules/ec/common/cbi.c.obj
[sundance:ro] [398/408] Building C object zephyr/kernel/CMakeFiles/kernel.dir/thread.c.obj
[rauru:ro] Configuring.
Running `env -i PYTHONPATH=/usr/lib64/python-exec/python3.11:/mnt/host/source/src/platform/ec/zephyr/zmake:/usr/lib/python311.zip:/usr/lib/python3.11:/usr/lib/python3.11/lib-dynload:/usr/lib/python3.11/site-packages PW_PIGWEED_CIPD_INSTALL_DIR=/usr CROSTC_USER_ACKNOWLEDGES_THAT_RISCV_IS_EXPERIMENTAL=1 PATH=/mnt/host/source/chromite/bin:/usr/local/bin:/usr/bin:/bin:/opt/bin:/mnt/host/source/chromite/sdk/bin:/mnt/host/source/chromite/bin HOME=/home/jpmurphy JAVA_HOME=/etc/java-config-2/current-system-vm JDK_HOME=/etc/java-config-2/current-system-vm JAVAC=/etc/java-config-2/current-system-vm/bin/javac MAKEFLAGS=' -j16 --jobserver-auth=5,6' /usr/bin/cmake -S /mnt/host/source/src/platform/ec/zephyr/program/rauru -B /mnt/host/source/src/platform/ec/build/zephyr/rauru/build-ro -GNinja -DCMAKE_EXPORT_COMPILE_COMMANDS=ON -DZEPHYR_BASE=/mnt/host/source/src/third_party/zephyr/main -DZMAKE_INCLUDE_DIR=/mnt/host/source/src/platform/ec/build/zephyr/rauru/include -DPython3_EXECUTABLE=/usr/bin/python3.11 -DDTS_ROOT=/mnt/host/source/src/platform/ec/zephyr -DSYSCALL_INCLUDE_DIRS=/mnt/host/source/src/platform/ec/zephyr/include/drivers -DUSER_CACHE_DIR=/mnt/host/source/src/platform/ec/build/zephyr/user-cache '-DEXTRA_EC_VERSION_FLAGS=--version 16543.0.0 --static' -DTOOLCHAIN_ROOT=/mnt/host/source/src/platform/ec/zephyr -DCOREBOOT_SDK_ROOT_x86=/home/jpmurphy/.cache/coreboot-sdk/i386-elf/dfbb0486385d938cfa9d73080b9d18d598ed4f49 -DCOREBOOT_SDK_ROOT_picolibc_x86=/home/jpmurphy/.cache/coreboot-sdk/picolibc-i386-elf/eb8e8e687b95461de8cbf278f1c2076952d0ad17 -DCOREBOOT_SDK_ROOT_riscv64=/home/jpmurphy/.cache/coreboot-sdk/riscv64-elf/96b949749225b6aaa92ed810ab769e8dfb12f000 -DCOREBOOT_SDK_ROOT_picolibc_arm=/home/jpmurphy/.cache/coreboot-sdk/picolibc-arm-eabi/422a2aa3e1ef891b5bece9a3deb696ff83840d2e -DCOREBOOT_SDK_ROOT_nds32=/home/jpmurphy/.cache/coreboot-sdk/nds32le-elf/d1a518c4a097666d86058e1444f85ca015d15511 -DCOREBOOT_SDK_ROOT_picolibc_riscv64=/home/jpmurphy/.cache/coreboot-sdk/picolibc-riscv64-elf/f571e990ef0278564b31124f8bb109d9a697eb69 -DCOREBOOT_SDK_ROOT_arm=/home/jpmurphy/.cache/coreboot-sdk/arm-eabi/ea40ddd1d190c3b48435c474c0b545719371813a -DCOREBOOT_SDK_ROOT_libstdcxx_riscv64=/home/jpmurphy/.cache/coreboot-sdk/libstdcxx-riscv64-elf/17abf22a3a252e2d5d2062ced5324f7a623689e0 -DCOREBOOT_SDK_ROOT_libstdcxx_arm=/home/jpmurphy/.cache/coreboot-sdk/libstdcxx-arm-eabi/5d7d82e150e44aa1968f1d366e267e6687b328ac -DCOREBOOT_SDK_ROOT_riscv=/home/jpmurphy/.cache/coreboot-sdk/riscv-elf/9a27b9e82341c6e9126624f516ab3f261abb3e73 -DCOREBOOT_SDK_ROOT_libstdcxx_x86=/home/jpmurphy/.cache/coreboot-sdk/libstdcxx-i386-elf/42ef9d2e87a76a37963175d7d428734e65648b87 -DZEPHYR_TOOLCHAIN_VARIANT=coreboot-sdk -DZEPHYR_MODULES=/mnt/host/source/src/platform/ec/build/zephyr/rauru/modules/ec -DDTC_OVERLAY_FILE=/mnt/host/source/src/platform/ec/zephyr/program/rauru/rauru/project.overlay -DBOARD=it8xxx2/it82202ax -DCMAKE_C_FLAGS=-DSECTION_IS_RO '-DCONF_FILE=/mnt/host/source/src/platform/ec/zephyr/program/rauru/program.conf;/mnt/host/source/src/platform/ec/zephyr/program/rauru/rauru/project.conf;/mnt/host/source/src/platform/ec/build/zephyr/rauru/kconfig-ro.conf'`
[rauru:ro] Loading Zephyr default modules (Zephyr base (cached)).
[rauru:ro] -- Application: /mnt/host/source/src/platform/ec/zephyr/program/rauru
[rauru:ro] -- CMake version: 3.31.7
[sundance:ro] [399/408] Building C object zephyr/kernel/CMakeFiles/kernel.dir/thread_monitor.c.obj
[sundance:ro] [400/408] Building C object zephyr/kernel/CMakeFiles/kernel.dir/pipe.c.obj
[sundance:ro] [401/408] Building C object zephyr/kernel/CMakeFiles/kernel.dir/sched.c.obj
[sundance:ro] [402/408] Building C object zephyr/kernel/CMakeFiles/kernel.dir/timer.c.obj
[sundance:ro] [403/408] Building C object zephyr/kernel/CMakeFiles/kernel.dir/timeout.c.obj
[sundance:ro] [404/408] Building C object zephyr/kernel/CMakeFiles/kernel.dir/events.c.obj
[fatcat-ish-idle:singleimage] [30/256] Building C object CMakeFiles/app.dir/mnt/host/source/src/platform/ec/build/zephyr/fatcat-ish-idle/modules/ec/common/cbi_config.c.obj
[sundance:ro] [405/408] Building C object zephyr/kernel/CMakeFiles/kernel.dir/mempool.c.obj
[minimal-npcx9:rw] Building: /usr/bin/ninja -C /mnt/host/source/src/platform/ec/build/zephyr/minimal-npcx9/build-rw all.libraries
Running `env -i SHELL=/bin/bash COLORTERM=truecolor DEPOT_TOOLS_UPDATE=0 LESS='-R -M --shift 5' SUDO_GID=0 JDK_HOME=/etc/java-config-2/current-system-vm CONFIG_PROTECT_MASK='/etc/gentoo-release /etc/sandbox.d /etc/fonts/fonts.conf /etc/terminfo /etc/ca-certificates.conf /etc/revdep-rebuild' CHROMEOS_CACHEDIR=/var/cache/chromeos-cache JAVA_HOME=/etc/java-config-2/current-system-vm SSH_AUTH_SOCK=/tmp/ssh-auth-sock SUDO_COMMAND=/bin/bash SUDO_USER=root SUDO_TTY=/dev/pts/2 EDITOR=/usr/bin/vi PWD=/mnt/host/source/src/platform/ec CONFIG_PROTECT=/usr/share/gnupg/qualified.txt LOGNAME=jpmurphy MANPATH=/etc/java-config-2/current-system-vm/man:/usr/local/share/man:/usr/share/man:/usr/share/gcc-data/x86_64-pc-linux-gnu/10.2.0/man:/usr/share/binutils-data/x86_64-pc-linux-gnu/2.45/man:/etc/java-config-2/current-system-vm/man/ SUDO_HOME=/root XAUTHORITY=/run/user/944457/gdm/Xauthority HOME=/home/jpmurphy LANG=C.UTF-8 LS_COLORS='rs=0:di=01;34:ln=01;36:mh=00:pi=40;33:so=01;35:do=01;35:bd=40;33;01:cd=40;33;01:or=01;05;37;41:mi=01;05;37;41:su=37;41:sg=30;43:ca=30;41:tw=30;42:ow=34;42:st=37;44:ex=01;32:*.tar=01;31:*.tgz=01;31:*.arc=01;31:*.arj=01;31:*.taz=01;31:*.lha=01;31:*.lz4=01;31:*.lzh=01;31:*.lzma=01;31:*.tlz=01;31:*.txz=01;31:*.tzo=01;31:*.t7z=01;31:*.zip=01;31:*.z=01;31:*.dz=01;31:*.gz=01;31:*.lrz=01;31:*.lz=01;31:*.lzo=01;31:*.xz=01;31:*.zst=01;31:*.tzst=01;31:*.bz2=01;31:*.bz=01;31:*.tbz=01;31:*.tbz2=01;31:*.tz=01;31:*.deb=01;31:*.rpm=01;31:*.jar=01;31:*.war=01;31:*.ear=01;31:*.sar=01;31:*.rar=01;31:*.alz=01;31:*.ace=01;31:*.zoo=01;31:*.cpio=01;31:*.7z=01;31:*.rz=01;31:*.cab=01;31:*.wim=01;31:*.swm=01;31:*.dwm=01;31:*.esd=01;31:*.jpg=01;35:*.jpeg=01;35:*.mjpg=01;35:*.mjpeg=01;35:*.gif=01;35:*.bmp=01;35:*.pbm=01;35:*.pgm=01;35:*.ppm=01;35:*.tga=01;35:*.xbm=01;35:*.xpm=01;35:*.tif=01;35:*.tiff=01;35:*.png=01;35:*.svg=01;35:*.svgz=01;35:*.mng=01;35:*.pcx=01;35:*.mov=01;35:*.mpg=01;35:*.mpeg=01;35:*.m2v=01;35:*.mkv=01;35:*.webm=01;35:*.webp=01;35:*.ogm=01;35:*.mp4=01;35:*.m4v=01;35:*.mp4v=01;35:*.vob=01;35:*.qt=01;35:*.nuv=01;35:*.wmv=01;35:*.asf=01;35:*.rm=01;35:*.rmvb=01;35:*.flc=01;35:*.avi=01;35:*.fli=01;35:*.flv=01;35:*.gl=01;35:*.dl=01;35:*.xcf=01;35:*.xwd=01;35:*.yuv=01;35:*.cgm=01;35:*.emf=01;35:*.ogv=01;35:*.ogx=01;35:*.cfg=00;32:*.conf=00;32:*.diff=00;32:*.doc=00;32:*.ini=00;32:*.log=00;32:*.patch=00;32:*.pdf=00;32:*.ps=00;32:*.tex=00;32:*.txt=00;32:*.aac=00;36:*.au=00;36:*.flac=00;36:*.m4a=00;36:*.mid=00;36:*.midi=00;36:*.mka=00;36:*.mp3=00;36:*.mpc=00;36:*.ogg=00;36:*.ra=00;36:*.wav=00;36:*.oga=00;36:*.opus=00;36:*.spx=00;36:*.xspf=00;36:' XDG_CURRENT_DESKTOP=GNOME INFOPATH=/usr/share/info:/usr/share/gcc-data/x86_64-pc-linux-gnu/10.2.0/info:/usr/share/binutils-data/x86_64-pc-linux-gnu/2.45/info:/usr/share/automake-1.16.5/info JAVAC=/etc/java-config-2/current-system-vm/bin/javac TERM=xterm-256color LESSOPEN='|lesspipe %s' USER=jpmurphy CROS_WORKON_SRCROOT=/mnt/host/source MANPAGER=manpager DISPLAY=:1 SHLVL=1 LC_MESSAGES=C EXTERNAL_TRUNK_PATH=/mnt/8f9d649a-3721-44cc-93c0-e6bd21a9689f/chromiumos GCC_SPECS='' PATH=/mnt/host/source/chromite/bin:/usr/local/bin:/usr/bin:/bin:/opt/bin:/mnt/host/source/chromite/sdk/bin:/mnt/host/source/chromite/bin PORTAGE_USERNAME=jpmurphy SUDO_UID=0 GCC_VER=10.2.0 MAIL=/var/mail/jpmurphy OLDPWD=/mnt/host/source/src/scripts traceparent=00-e87aca51550a78635907baa6a2476181-6d684811675d2973-01 _=./zephyr/firmware_builder.py COREBOOT_SDK_ROOT_x86=/home/jpmurphy/.cache/coreboot-sdk/i386-elf/dfbb0486385d938cfa9d73080b9d18d598ed4f49 COREBOOT_SDK_ROOT_picolibc_x86=/home/jpmurphy/.cache/coreboot-sdk/picolibc-i386-elf/eb8e8e687b95461de8cbf278f1c2076952d0ad17 COREBOOT_SDK_ROOT_riscv64=/home/jpmurphy/.cache/coreboot-sdk/riscv64-elf/96b949749225b6aaa92ed810ab769e8dfb12f000 COREBOOT_SDK_ROOT_picolibc_arm=/home/jpmurphy/.cache/coreboot-sdk/picolibc-arm-eabi/422a2aa3e1ef891b5bece9a3deb696ff83840d2e COREBOOT_SDK_ROOT_nds32=/home/jpmurphy/.cache/coreboot-sdk/nds32le-elf/d1a518c4a097666d86058e1444f85ca015d15511 COREBOOT_SDK_ROOT_picolibc_riscv64=/home/jpmurphy/.cache/coreboot-sdk/picolibc-riscv64-elf/f571e990ef0278564b31124f8bb109d9a697eb69 COREBOOT_SDK_ROOT_arm=/home/jpmurphy/.cache/coreboot-sdk/arm-eabi/ea40ddd1d190c3b48435c474c0b545719371813a COREBOOT_SDK_ROOT_libstdcxx_riscv64=/home/jpmurphy/.cache/coreboot-sdk/libstdcxx-riscv64-elf/17abf22a3a252e2d5d2062ced5324f7a623689e0 COREBOOT_SDK_ROOT_libstdcxx_arm=/home/jpmurphy/.cache/coreboot-sdk/libstdcxx-arm-eabi/5d7d82e150e44aa1968f1d366e267e6687b328ac COREBOOT_SDK_ROOT_riscv=/home/jpmurphy/.cache/coreboot-sdk/riscv-elf/9a27b9e82341c6e9126624f516ab3f261abb3e73 COREBOOT_SDK_ROOT_libstdcxx_x86=/home/jpmurphy/.cache/coreboot-sdk/libstdcxx-i386-elf/42ef9d2e87a76a37963175d7d428734e65648b87 PYTHONPATH=/mnt/host/source/src/platform/ec/zephyr/zmake PW_PIGWEED_CIPD_INSTALL_DIR=/usr CROSTC_USER_ACKNOWLEDGES_THAT_RISCV_IS_EXPERIMENTAL=1 MAKEFLAGS=' -j16 --jobserver-auth=5,6' /usr/bin/ninja -C /mnt/host/source/src/platform/ec/build/zephyr/minimal-npcx9/build-rw all.libraries`
[sundance:ro] [406/408] Building C object zephyr/kernel/CMakeFiles/kernel.dir/dynamic_disabled.c.obj
[minimal-npcx9:rw] ninja: Entering directory `/mnt/host/source/src/platform/ec/build/zephyr/minimal-npcx9/build-rw'
[rauru:rw] Configuring.
Running `env -i PYTHONPATH=/usr/lib64/python-exec/python3.11:/mnt/host/source/src/platform/ec/zephyr/zmake:/usr/lib/python311.zip:/usr/lib/python3.11:/usr/lib/python3.11/lib-dynload:/usr/lib/python3.11/site-packages PW_PIGWEED_CIPD_INSTALL_DIR=/usr CROSTC_USER_ACKNOWLEDGES_THAT_RISCV_IS_EXPERIMENTAL=1 PATH=/mnt/host/source/chromite/bin:/usr/local/bin:/usr/bin:/bin:/opt/bin:/mnt/host/source/chromite/sdk/bin:/mnt/host/source/chromite/bin HOME=/home/jpmurphy JAVA_HOME=/etc/java-config-2/current-system-vm JDK_HOME=/etc/java-config-2/current-system-vm JAVAC=/etc/java-config-2/current-system-vm/bin/javac MAKEFLAGS=' -j16 --jobserver-auth=5,6' /usr/bin/cmake -S /mnt/host/source/src/platform/ec/zephyr/program/rauru -B /mnt/host/source/src/platform/ec/build/zephyr/rauru/build-rw -GNinja -DCMAKE_EXPORT_COMPILE_COMMANDS=ON -DZEPHYR_BASE=/mnt/host/source/src/third_party/zephyr/main -DZMAKE_INCLUDE_DIR=/mnt/host/source/src/platform/ec/build/zephyr/rauru/include -DPython3_EXECUTABLE=/usr/bin/python3.11 -DDTS_ROOT=/mnt/host/source/src/platform/ec/zephyr -DSYSCALL_INCLUDE_DIRS=/mnt/host/source/src/platform/ec/zephyr/include/drivers -DUSER_CACHE_DIR=/mnt/host/source/src/platform/ec/build/zephyr/user-cache '-DEXTRA_EC_VERSION_FLAGS=--version 16543.0.0 --static' -DTOOLCHAIN_ROOT=/mnt/host/source/src/platform/ec/zephyr -DCOREBOOT_SDK_ROOT_x86=/home/jpmurphy/.cache/coreboot-sdk/i386-elf/dfbb0486385d938cfa9d73080b9d18d598ed4f49 -DCOREBOOT_SDK_ROOT_picolibc_x86=/home/jpmurphy/.cache/coreboot-sdk/picolibc-i386-elf/eb8e8e687b95461de8cbf278f1c2076952d0ad17 -DCOREBOOT_SDK_ROOT_riscv64=/home/jpmurphy/.cache/coreboot-sdk/riscv64-elf/96b949749225b6aaa92ed810ab769e8dfb12f000 -DCOREBOOT_SDK_ROOT_picolibc_arm=/home/jpmurphy/.cache/coreboot-sdk/picolibc-arm-eabi/422a2aa3e1ef891b5bece9a3deb696ff83840d2e -DCOREBOOT_SDK_ROOT_nds32=/home/jpmurphy/.cache/coreboot-sdk/nds32le-elf/d1a518c4a097666d86058e1444f85ca015d15511 -DCOREBOOT_SDK_ROOT_picolibc_riscv64=/home/jpmurphy/.cache/coreboot-sdk/picolibc-riscv64-elf/f571e990ef0278564b31124f8bb109d9a697eb69 -DCOREBOOT_SDK_ROOT_arm=/home/jpmurphy/.cache/coreboot-sdk/arm-eabi/ea40ddd1d190c3b48435c474c0b545719371813a -DCOREBOOT_SDK_ROOT_libstdcxx_riscv64=/home/jpmurphy/.cache/coreboot-sdk/libstdcxx-riscv64-elf/17abf22a3a252e2d5d2062ced5324f7a623689e0 -DCOREBOOT_SDK_ROOT_libstdcxx_arm=/home/jpmurphy/.cache/coreboot-sdk/libstdcxx-arm-eabi/5d7d82e150e44aa1968f1d366e267e6687b328ac -DCOREBOOT_SDK_ROOT_riscv=/home/jpmurphy/.cache/coreboot-sdk/riscv-elf/9a27b9e82341c6e9126624f516ab3f261abb3e73 -DCOREBOOT_SDK_ROOT_libstdcxx_x86=/home/jpmurphy/.cache/coreboot-sdk/libstdcxx-i386-elf/42ef9d2e87a76a37963175d7d428734e65648b87 -DZEPHYR_TOOLCHAIN_VARIANT=coreboot-sdk -DZEPHYR_MODULES=/mnt/host/source/src/platform/ec/build/zephyr/rauru/modules/ec -DDTC_OVERLAY_FILE=/mnt/host/source/src/platform/ec/zephyr/program/rauru/rauru/project.overlay -DBOARD=it8xxx2/it82202ax -DCMAKE_C_FLAGS=-DSECTION_IS_RW '-DCONF_FILE=/mnt/host/source/src/platform/ec/zephyr/program/rauru/program.conf;/mnt/host/source/src/platform/ec/zephyr/program/rauru/rauru/project.conf;/mnt/host/source/src/platform/ec/build/zephyr/rauru/kconfig-rw.conf'`
[sundance:ro] [407/408] Building C object zephyr/kernel/CMakeFiles/kernel.dir/poll.c.obj
[rauru:rw] Loading Zephyr default modules (Zephyr base (cached)).
[rauru:rw] -- Application: /mnt/host/source/src/platform/ec/zephyr/program/rauru
[rauru:rw] -- CMake version: 3.31.7
[fatcat-ish-idle:singleimage] [31/256] Building C object CMakeFiles/app.dir/mnt/host/source/src/platform/ec/build/zephyr/fatcat-ish-idle/modules/ec/common/cbi_gpio.c.obj
[sundance:ro] [408/408] Linking C static library zephyr/kernel/libkernel.a
[rauru:ro] -- Found Python3: /usr/bin/python3.11 (found suitable version "3.11.11", minimum required is "3.10") found components: Interpreter
[minimal-npcx9:rw] [1/267] Preparing syscall dependency handling
[rauru:ro] -- Cache files will be written to: /mnt/host/source/src/platform/ec/build/zephyr/user-cache
[rauru:ro] -- Zephyr version: 4.3.99 (/mnt/host/source/src/third_party/zephyr/main)
[fatcat-ish-idle:singleimage] [32/256] Building C object CMakeFiles/app.dir/mnt/host/source/src/platform/ec/build/zephyr/fatcat-ish-idle/modules/ec/common/memory_commands.c.obj
[minimal-npcx9:rw] [2/267] Generating misc/generated/syscalls_subdirs.trigger
[fatcat-ish-idle:singleimage] [33/256] Building C object CMakeFiles/app.dir/mnt/host/source/src/platform/ec/build/zephyr/fatcat-ish-idle/modules/ec/common/ap_reset_log.c.obj
[fatcat-ish-idle:singleimage] [34/256] Building C object CMakeFiles/app.dir/mnt/host/source/src/platform/ec/build/zephyr/fatcat-ish-idle/modules/ec/common/host_command_task.c.obj
[fatcat-ish-idle:singleimage] [35/256] Building C object CMakeFiles/app.dir/mnt/host/source/src/platform/ec/build/zephyr/fatcat-ish-idle/modules/ec/common/host_command.c.obj
[fatcat-ish-idle:singleimage] [36/256] Building C object CMakeFiles/app.dir/mnt/host/source/src/platform/ec/build/zephyr/fatcat-ish-idle/modules/ec/common/uart_hostcmd.c.obj
[rauru:rw] -- Found Python3: /usr/bin/python3.11 (found suitable version "3.11.11", minimum required is "3.10") found components: Interpreter
[fatcat-ish-idle:singleimage] [37/256] Building C object CMakeFiles/app.dir/mnt/host/source/src/platform/ec/build/zephyr/fatcat-ish-idle/modules/ec/common/uptime.c.obj
[rauru:rw] -- Cache files will be written to: /mnt/host/source/src/platform/ec/build/zephyr/user-cache
[rauru:rw] -- Zephyr version: 4.3.99 (/mnt/host/source/src/third_party/zephyr/main)
[fatcat-ish-idle:singleimage] [38/256] Building C object CMakeFiles/app.dir/mnt/host/source/src/platform/ec/build/zephyr/fatcat-ish-idle/modules/ec/common/host_event_commands.c.obj
[fatcat-ish-idle:singleimage] [39/256] Building C object CMakeFiles/app.dir/mnt/host/source/src/platform/ec/build/zephyr/fatcat-ish-idle/modules/ec/common/i2c_passthru.c.obj
[fatcat-ish-idle:singleimage] [40/256] Building C object CMakeFiles/app.dir/mnt/host/source/src/platform/ec/build/zephyr/fatcat-ish-idle/modules/ec/common/i2c_controller.c.obj
[fatcat-ish-idle:singleimage] [41/256] Building C object CMakeFiles/app.dir/mnt/host/source/src/platform/ec/build/zephyr/fatcat-ish-idle/modules/ec/common/mkbp_event.c.obj
[minimal-npcx9:rw] [3/267] Generating include/generated/zephyr/version.h
[minimal-npcx9:rw] -- git describe warned: warning: tag 'upstream/v2.7.99' is externally known as 'v2.7.99'
[minimal-npcx9:rw] -- Zephyr version: 4.3.99 (/mnt/host/source/src/third_party/zephyr/main)
[minimal-npcx9:rw] [4/267] cd /mnt/host/source/src/platform/ec/build/zephyr/minimal-npcx9/build-rw/modules/ec/zephyr && PYTHONPATH=/mnt/host/source/src/platform/ec/build/zephyr/minimal-npcx9/modules/ec/zephyr/zmake/ /usr/bin/python3.11 /mnt/host/source/src/platform/ec/build/zephyr/minimal-npcx9/modules/ec/zephyr/zmake/zephyr_build_tools/generate_ec_version.py /mnt/host/source/src/platform/ec/build/zephyr/minimal-npcx9/build-rw/modules/ec/zephyr/include/ec_version.h --name Zephyr-Kernel --version 16543.0.0 --static
[fatcat-ish-idle:singleimage] [42/256] Building C object CMakeFiles/app.dir/mnt/host/source/src/platform/ec/build/zephyr/fatcat-ish-idle/modules/ec/common/mkbp_fifo.c.obj
[fatcat-ish-idle:singleimage] [43/256] Building C object CMakeFiles/app.dir/mnt/host/source/src/platform/ec/build/zephyr/fatcat-ish-idle/modules/ec/common/sha256.c.obj
[fatcat-ish-idle:singleimage] [44/256] Building C object CMakeFiles/app.dir/mnt/host/source/src/platform/ec/build/zephyr/fatcat-ish-idle/modules/ec/common/shared_mem.c.obj
[fatcat-ish-idle:singleimage] [45/256] Building C object CMakeFiles/app.dir/mnt/host/source/src/platform/ec/build/zephyr/fatcat-ish-idle/modules/ec/common/vstore.c.obj
[fatcat-ish-idle:singleimage] [46/256] Building C object zephyr/CMakeFiles/zephyr.dir/lib/libc/validate_libc.c.obj
[fatcat-ish-idle:singleimage] [47/256] Building C object CMakeFiles/app.dir/mnt/host/source/src/platform/ec/build/zephyr/fatcat-ish-idle/modules/ec/common/math_util.c.obj
[fatcat-ish-idle:singleimage] [48/256] Building C object CMakeFiles/app.dir/mnt/host/source/src/platform/ec/build/zephyr/fatcat-ish-idle/modules/ec/common/timer.c.obj
[fatcat-ish-idle:singleimage] [49/256] Building C object zephyr/CMakeFiles/zephyr.dir/lib/heap/heap.c.obj
Running (initial) lcov on /mnt/host/source/src/platform/ec/build/zephyr/ite-aic.
[fatcat-ish-idle:singleimage] [50/256] Building C object zephyr/CMakeFiles/zephyr.dir/lib/os/cbprintf_packaged.c.obj
[minimal-npcx9:rw] INFO:root:Using a static version string
[minimal-npcx9:rw] INFO:root:Version string: Zephyr-Kernel-16543.0.0
[minimal-npcx9:rw] INFO:root:Writing header to /mnt/host/source/src/platform/ec/build/zephyr/minimal-npcx9/build-rw/modules/ec/zephyr/include/ec_version.h
[minimal-npcx9:rw] [5/267] Generating misc/generated/syscalls.json, misc/generated/struct_tags.json
[fatcat-ish-idle:singleimage] [51/256] Building C object zephyr/CMakeFiles/zephyr.dir/lib/os/clock.c.obj
[fatcat-ish-idle:singleimage] [52/256] Linking C static library app/libapp.a
[fatcat-ish-idle:singleimage] [53/256] Building C object zephyr/CMakeFiles/zephyr.dir/lib/os/thread_entry.c.obj
[minimal-npcx9:rw] [6/267] Generating include/generated/zephyr/syscall_dispatch.c, include/generated/zephyr/syscall_exports_llext.c, syscall_weakdefs_llext.c, include/generated/zephyr/syscall_list.h
[fatcat-ish-idle:singleimage] [54/256] Building C object zephyr/CMakeFiles/zephyr.dir/lib/os/sem.c.obj
[fatcat-ish-idle:singleimage] [55/256] Building C object zephyr/CMakeFiles/zephyr.dir/lib/os/printk.c.obj
[fatcat-ish-idle:singleimage] [56/256] Building C object zephyr/CMakeFiles/zephyr.dir/lib/os/cbprintf_nano.c.obj
[fatcat-ish-idle:singleimage] [57/256] Building C object zephyr/CMakeFiles/zephyr.dir/lib/os/cbprintf.c.obj
[fatcat-ish-idle:singleimage] [58/256] Building C object zephyr/CMakeFiles/zephyr.dir/lib/os/reboot.c.obj
[fatcat-ish-idle:singleimage] [59/256] Building C object zephyr/CMakeFiles/zephyr.dir/lib/utils/dec.c.obj
[fatcat-ish-idle:singleimage] [60/256] Building C object zephyr/CMakeFiles/zephyr.dir/lib/utils/hex.c.obj
[fatcat-ish-idle:singleimage] [61/256] Building C object zephyr/CMakeFiles/zephyr.dir/lib/os/assert.c.obj
[fatcat-ish-idle:singleimage] [62/256] Building C object zephyr/CMakeFiles/zephyr.dir/lib/os/mpsc_pbuf.c.obj
[rauru:ro] -- Board: it8xxx2, qualifiers: it82202ax
[minimal-npcx9:rw] [7/267] Generating include/generated/zephyr/driver-validation.h
Running `env -i PYTHONPATH=/usr/lib64/python-exec/python3.11:/mnt/host/source/src/platform/ec/zephyr/zmake:/usr/lib/python311.zip:/usr/lib/python3.11:/usr/lib/python3.11/lib-dynload:/usr/lib/python3.11/site-packages PW_PIGWEED_CIPD_INSTALL_DIR=/usr CROSTC_USER_ACKNOWLEDGES_THAT_RISCV_IS_EXPERIMENTAL=1 PATH=/mnt/host/source/chromite/bin:/usr/local/bin:/usr/bin:/bin:/opt/bin:/mnt/host/source/chromite/sdk/bin:/mnt/host/source/chromite/bin HOME=/home/jpmurphy JAVA_HOME=/etc/java-config-2/current-system-vm JDK_HOME=/etc/java-config-2/current-system-vm JAVAC=/etc/java-config-2/current-system-vm/bin/javac MAKEFLAGS=' -j16 --jobserver-auth=5,6' /usr/bin/lcov --gcov-tool /mnt/host/source/src/platform/ec/build/zephyr/ite-aic/build-rw/gcov.sh -q -o - -c -d /mnt/host/source/src/platform/ec/build/zephyr/ite-aic -t ite-aic --rc branch_coverage=1 --filter range --ignore-errors inconsistent,source --ignore-errors gcov,gcov -i`
[fatcat-ish-idle:singleimage] [63/256] Building C object zephyr/CMakeFiles/zephyr.dir/lib/utils/timeutil.c.obj
[fatcat-ish-idle:singleimage] [64/256] Building C object zephyr/CMakeFiles/zephyr.dir/lib/utils/rb.c.obj
[fatcat-ish-idle:singleimage] [65/256] Building C object zephyr/CMakeFiles/zephyr.dir/misc/generated/configs.c.obj
[fatcat-ish-idle:singleimage] [66/256] Building C object zephyr/CMakeFiles/zephyr.dir/lib/utils/ring_buffer.c.obj
[fatcat-ish-idle:singleimage] [67/256] Building C object zephyr/CMakeFiles/zephyr.dir/lib/utils/bitmask.c.obj
[fatcat-ish-idle:singleimage] [68/256] Building C object zephyr/CMakeFiles/zephyr.dir/lib/utils/getopt/getopt_common.c.obj
[minimal-npcx9:rw] [8/267] Generating include/generated/zephyr/kobj-types-enum.h, include/generated/zephyr/otype-to-str.h, include/generated/zephyr/otype-to-size.h
[fatcat-ish-idle:singleimage] [69/256] Building C object zephyr/CMakeFiles/zephyr.dir/lib/utils/getopt/getopt.c.obj
[fatcat-ish-idle:singleimage] [70/256] Building C object zephyr/CMakeFiles/zephyr.dir/lib/utils/bitarray.c.obj
[fatcat-ish-idle:singleimage] [71/256] Building C object zephyr/CMakeFiles/zephyr.dir/soc/intel/intel_ish/intel_ish5/soc.c.obj
[minimal-npcx9:rw] [9/267] Generating include/generated/device-api-sections.ld, include/generated/device-api-sections.cmake
[fatcat-ish-idle:singleimage] [72/256] Building C object zephyr/CMakeFiles/zephyr.dir/soc/intel/intel_ish/intel_ish5/pm/power.c.obj
[fatcat-ish-idle:singleimage] [73/256] Building C object zephyr/CMakeFiles/zephyr.dir/subsys/logging/log_cache.c.obj
[rauru:rw] -- Board: it8xxx2, qualifiers: it82202ax
[fatcat-ish-idle:singleimage] [74/256] Building C object zephyr/CMakeFiles/zephyr.dir/subsys/logging/log_msg.c.obj
[fatcat-ish-idle:singleimage] [75/256] Building C object zephyr/CMakeFiles/zephyr.dir/subsys/pm/state.c.obj
[fatcat-ish-idle:singleimage] [76/256] Building C object zephyr/CMakeFiles/zephyr.dir/subsys/logging/log_core.c.obj
[fatcat-ish-idle:singleimage] [77/256] Building C object zephyr/CMakeFiles/zephyr.dir/subsys/logging/log_output.c.obj
[fatcat-ish-idle:singleimage] [78/256] Building C object zephyr/CMakeFiles/zephyr.dir/subsys/pm/policy/policy_latency.c.obj
[fatcat-ish-idle:singleimage] [79/256] Building C object zephyr/CMakeFiles/zephyr.dir/subsys/pm/policy/policy_events.c.obj
[fatcat-ish-idle:singleimage] [80/256] Building C object zephyr/CMakeFiles/zephyr.dir/subsys/logging/log_mgmt.c.obj
[fatcat-ish-idle:singleimage] [81/256] Building C object zephyr/CMakeFiles/zephyr.dir/subsys/pm/pm.c.obj
[/mnt/host/source/src/platform/ec/build/zephyr/ite-aic-lcov] geninfo: WARNING: (format) invalid characters removed from testname
[fatcat-ish-idle:singleimage] [82/256] Building C object zephyr/CMakeFiles/zephyr.dir/subsys/pm/policy/policy_state_lock.c.obj
[fatcat-ish-idle:singleimage] [83/256] Building C object zephyr/CMakeFiles/zephyr.dir/subsys/pm/policy/policy_default.c.obj
[minimal-npcx9:rw] [10/267] Building C object zephyr/CMakeFiles/offsets.dir/arch/arm/core/offsets/offsets.c.obj
[/mnt/host/source/src/platform/ec/build/zephyr/ite-aic-lcov] 	(use "geninfo --ignore-errors format,format ..." to suppress this warning)
[/mnt/host/source/src/platform/ec/build/zephyr/ite-aic-lcov] geninfo: WARNING: using JSON module "JSON::PP" - which is much slower than some alternatives.  Consider installing one of JSON::XS or Cpanel::JSON::XS
[fatcat-ish-idle:singleimage] [84/256] Building C object zephyr/CMakeFiles/zephyr.dir/subsys/pm/device_system_managed.c.obj
[fatcat-ish-idle:singleimage] [85/256] Building C object zephyr/CMakeFiles/zephyr.dir/subsys/shell/modules/kernel_service/kernel_shell.c.obj
[fatcat-ish-idle:singleimage] [86/256] Building C object zephyr/CMakeFiles/zephyr.dir/subsys/tracing/tracing_none.c.obj
[fatcat-ish-idle:singleimage] [87/256] Building C object zephyr/CMakeFiles/zephyr.dir/subsys/testsuite/coverage/coverage.c.obj
[fatcat-ish-idle:singleimage] [88/256] Building C object zephyr/CMakeFiles/zephyr.dir/subsys/pm/device.c.obj
[fatcat-ish-idle:singleimage] [89/256] Building C object zephyr/CMakeFiles/zephyr.dir/subsys/shell/modules/kernel_service/sleep.c.obj
[fatcat-ish-idle:singleimage] [90/256] Building C object zephyr/CMakeFiles/zephyr.dir/subsys/shell/modules/kernel_service/cycles.c.obj
[minimal-npcx9:rw] [11/267] Generating include/generated/zephyr/offsets.h
[fatcat-ish-idle:singleimage] [91/256] Building C object zephyr/CMakeFiles/zephyr.dir/subsys/shell/modules/kernel_service/uptime.c.obj
[fatcat-ish-idle:singleimage] [92/256] Building C object zephyr/CMakeFiles/zephyr.dir/subsys/shell/modules/kernel_service/version.c.obj
[fatcat-ish-idle:singleimage] [93/256] Building C object zephyr/CMakeFiles/zephyr.dir/subsys/shell/modules/kernel_service/log-level.c.obj
[fatcat-ish-idle:singleimage] [94/256] Building C object zephyr/CMakeFiles/zephyr.dir/subsys/shell/modules/kernel_service/reboot.c.obj
[fatcat-ish-idle:singleimage] [95/256] Building C object zephyr/CMakeFiles/zephyr.dir/subsys/shell/modules/kernel_service/thread/stacks.c.obj
[fatcat-ish-idle:singleimage] [96/256] Building C object zephyr/CMakeFiles/zephyr.dir/subsys/shell/modules/kernel_service/thread/suspend.c.obj
[fatcat-ish-idle:singleimage] [97/256] Building C object zephyr/CMakeFiles/zephyr.dir/subsys/shell/modules/kernel_service/thread/list.c.obj
[fatcat-ish-idle:singleimage] [98/256] Building C object zephyr/CMakeFiles/zephyr.dir/subsys/shell/modules/kernel_service/thread/unwind.c.obj
[fatcat-ish-idle:singleimage] [99/256] Building C object zephyr/CMakeFiles/zephyr.dir/subsys/shell/modules/kernel_service/thread/thread.c.obj
[fatcat-ish-idle:singleimage] [100/256] Building C object zephyr/CMakeFiles/zephyr.dir/subsys/shell/modules/kernel_service/thread/kill.c.obj
[rauru:ro] -- Found Dtc: /usr/bin/dtc (found suitable version "1.6.0", minimum required is "1.4.6")
[fatcat-ish-idle:singleimage] [101/256] Building C object zephyr/CMakeFiles/zephyr.dir/subsys/shell/modules/kernel_service/thread/resume.c.obj
[fatcat-ish-idle:singleimage] [102/256] Building C object zephyr/CMakeFiles/zephyr.dir/subsys/shell/shell_fprintf.c.obj
[fatcat-ish-idle:singleimage] [103/256] Building C object zephyr/CMakeFiles/zephyr.dir/subsys/shell/backends/shell_uart.c.obj
[minimal-npcx9:rw] [12/267] Building C object CMakeFiles/app.dir/mnt/host/source/src/platform/ec/zephyr/subsys/ap_pwrseq/ap_events.c.obj
[fatcat-ish-idle:singleimage] [104/256] Building C object zephyr/CMakeFiles/zephyr.dir/mnt/host/source/src/third_party/zephyrproject/modules/hal/intel/zephyr/bsp_sedi/bsp_sedi_rtos_utils.c.obj
[fatcat-ish-idle:singleimage] [105/256] Building C object zephyr/CMakeFiles/zephyr.dir/subsys/shell/shell_help.c.obj
[fatcat-ish-idle:singleimage] [106/256] Building C object zephyr/arch/common/CMakeFiles/arch__common.dir/init.c.obj
[fatcat-ish-idle:singleimage] [107/256] Building C object zephyr/CMakeFiles/zephyr.dir/subsys/shell/shell_history.c.obj
[fatcat-ish-idle:singleimage] [108/256] Building C object zephyr/CMakeFiles/zephyr.dir/subsys/shell/shell_ops.c.obj
[fatcat-ish-idle:singleimage] [109/256] Linking C static library zephyr/arch/common/libarch__common.a
[fatcat-ish-idle:singleimage] [110/256] Building C object zephyr/CMakeFiles/zephyr.dir/subsys/shell/shell_log_backend.c.obj
[fatcat-ish-idle:singleimage] [111/256] Building C object zephyr/CMakeFiles/zephyr.dir/subsys/shell/shell_utils.c.obj
[fatcat-ish-idle:singleimage] [112/256] Building C object zephyr/CMakeFiles/zephyr.dir/subsys/shell/shell.c.obj
[fatcat-ish-idle:singleimage] [113/256] Building C object zephyr/arch/arch/x86/core/CMakeFiles/arch__x86__core.dir/cpuhalt.c.obj
[fatcat-ish-idle:singleimage] [114/256] Building C object zephyr/arch/arch/x86/core/CMakeFiles/arch__x86__core.dir/prep_c.c.obj
[fatcat-ish-idle:singleimage] [115/256] Linking C static library zephyr/libzephyr.a
[fatcat-ish-idle:singleimage] [116/256] Building C object zephyr/arch/arch/x86/core/CMakeFiles/arch__x86__core.dir/spec_ctrl.c.obj
[fatcat-ish-idle:singleimage] [117/256] Building C object zephyr/arch/arch/x86/core/CMakeFiles/arch__x86__core.dir/reboot_rst_cnt.c.obj
[/mnt/host/source/src/platform/ec/build/zephyr/chinchou-lcov]   /mnt/host/source/src/platform/ec/build/zephyr/chinchou/build-ro/CMakeFiles/app.dir/mnt/host/source/src/platform/ec/build/zephyr/chinchou/modules/ec/common/usb_pd_pdo.c.gcno:no functions found
[/mnt/host/source/src/platform/ec/build/zephyr/chinchou-lcov] stderr:
[fatcat-ish-idle:singleimage] [118/256] Building ASM object zephyr/arch/arch/x86/core/CMakeFiles/arch__x86__core.dir/ia32/excstub.S.obj
[fatcat-ish-idle:singleimage] [119/256] Building C object zephyr/arch/arch/x86/core/CMakeFiles/arch__x86__core.dir/cpuid.c.obj
[fatcat-ish-idle:singleimage] [120/256] Building ASM object zephyr/arch/arch/x86/core/CMakeFiles/arch__x86__core.dir/ia32/intstub.S.obj
[fatcat-ish-idle:singleimage] [121/256] Building C object zephyr/arch/arch/x86/core/CMakeFiles/arch__x86__core.dir/fatal.c.obj
[fatcat-ish-idle:singleimage] [122/256] Building ASM object zephyr/arch/arch/x86/core/CMakeFiles/arch__x86__core.dir/ia32/crt0.S.obj
[fatcat-ish-idle:singleimage] [123/256] Generating ../../../include/generated/libc/minimal/strerror_table.h
[rauru:rw] -- Found Dtc: /usr/bin/dtc (found suitable version "1.6.0", minimum required is "1.4.6")
[fatcat-ish-idle:singleimage] [124/256] Building C object zephyr/arch/arch/x86/core/CMakeFiles/arch__x86__core.dir/ia32/irq_manage.c.obj
[rauru:rw] -- Found BOARD.dts: /mnt/host/source/src/platform/ec/zephyr/boards/google/it8xxx2/it8xxx2_it82202ax.dts
[fatcat-ish-idle:singleimage] [125/256] Building C object zephyr/lib/libc/common/CMakeFiles/lib__libc__common.dir/source/time/gmtime_r.c.obj
[fatcat-ish-idle:singleimage] [126/256] Building C object zephyr/lib/libc/minimal/CMakeFiles/lib__libc__minimal.dir/source/stdlib/atoi.c.obj
[fatcat-ish-idle:singleimage] [127/256] Building ASM object zephyr/arch/arch/x86/core/CMakeFiles/arch__x86__core.dir/ia32/swap.S.obj
[minimal-npcx9:rw] [13/267] Building C object CMakeFiles/app.dir/mnt/host/source/src/platform/ec/build/zephyr/minimal-npcx9/modules/ec/builtin/stdlib.c.obj
[fatcat-ish-idle:singleimage] [128/256] Building C object zephyr/arch/arch/x86/core/CMakeFiles/arch__x86__core.dir/ia32/thread.c.obj
[fatcat-ish-idle:singleimage] [129/256] Building C object zephyr/lib/libc/minimal/CMakeFiles/lib__libc__minimal.dir/source/stdlib/strtol.c.obj
[fatcat-ish-idle:singleimage] [130/256] Building C object zephyr/lib/libc/common/CMakeFiles/lib__libc__common.dir/source/time/asctime.c.obj
[fatcat-ish-idle:singleimage] [131/256] Building C object zephyr/arch/arch/x86/core/CMakeFiles/arch__x86__core.dir/ia32/soft_float_stubs.c.obj
[fatcat-ish-idle:singleimage] [132/256] Building C object zephyr/lib/libc/minimal/CMakeFiles/lib__libc__minimal.dir/source/stdlib/strtoul.c.obj
[fatcat-ish-idle:singleimage] [133/256] Building C object zephyr/lib/libc/minimal/CMakeFiles/lib__libc__minimal.dir/source/stdlib/strtoull.c.obj
[fatcat-ish-idle:singleimage] [134/256] Building C object zephyr/lib/libc/common/CMakeFiles/lib__libc__common.dir/source/time/localtime_r_utc.c.obj
[fatcat-ish-idle:singleimage] [135/256] Building C object zephyr/arch/arch/x86/core/CMakeFiles/arch__x86__core.dir/ia32/fatal.c.obj
[fatcat-ish-idle:singleimage] [136/256] Building C object zephyr/lib/libc/minimal/CMakeFiles/lib__libc__minimal.dir/source/stdlib/strtoll.c.obj
[fatcat-ish-idle:singleimage] [137/256] Building C object zephyr/lib/libc/minimal/CMakeFiles/lib__libc__minimal.dir/source/stdlib/bsearch.c.obj
[fatcat-ish-idle:singleimage] [138/256] Building C object zephyr/lib/libc/common/CMakeFiles/lib__libc__common.dir/source/stdlib/abort.c.obj
[fatcat-ish-idle:singleimage] [139/256] Linking C static library zephyr/arch/arch/x86/core/libarch__x86__core.a
[fatcat-ish-idle:singleimage] [140/256] Building C object zephyr/lib/libc/minimal/CMakeFiles/lib__libc__minimal.dir/source/string/strncasecmp.c.obj
[fatcat-ish-idle:singleimage] [141/256] Building C object zephyr/lib/libc/minimal/CMakeFiles/lib__libc__minimal.dir/source/string/strstr.c.obj
[fatcat-ish-idle:singleimage] [142/256] Building C object zephyr/lib/libc/minimal/CMakeFiles/lib__libc__minimal.dir/source/string/strspn.c.obj
[fatcat-ish-idle:singleimage] [143/256] Building C object zephyr/lib/libc/minimal/CMakeFiles/lib__libc__minimal.dir/source/string/string.c.obj
[fatcat-ish-idle:singleimage] [144/256] Building C object zephyr/lib/libc/minimal/CMakeFiles/lib__libc__minimal.dir/source/string/strerror.c.obj
[fatcat-ish-idle:singleimage] [145/256] Building C object zephyr/lib/libc/minimal/CMakeFiles/lib__libc__minimal.dir/source/stdlib/qsort.c.obj
[fatcat-ish-idle:singleimage] [146/256] Building C object zephyr/lib/libc/minimal/CMakeFiles/lib__libc__minimal.dir/source/stdout/sprintf.c.obj
[fatcat-ish-idle:singleimage] [147/256] Building C object zephyr/lib/libc/minimal/CMakeFiles/lib__libc__minimal.dir/source/math/sqrtf.c.obj
[fatcat-ish-idle:singleimage] [148/256] Building C object zephyr/lib/libc/minimal/CMakeFiles/lib__libc__minimal.dir/source/stdout/stdout_console.c.obj
[fatcat-ish-idle:singleimage] [149/256] Building C object zephyr/lib/libc/minimal/CMakeFiles/lib__libc__minimal.dir/source/math/sqrt.c.obj
[fatcat-ish-idle:singleimage] [150/256] Building C object zephyr/lib/libc/common/CMakeFiles/lib__libc__common.dir/source/time/ctime.c.obj
[fatcat-ish-idle:singleimage] [151/256] Building C object zephyr/lib/libc/minimal/CMakeFiles/lib__libc__minimal.dir/source/stdout/fprintf.c.obj
[fatcat-ish-idle:singleimage] [152/256] Building C object zephyr/lib/libc/minimal/CMakeFiles/lib__libc__minimal.dir/source/stdlib/exit.c.obj
[fatcat-ish-idle:singleimage] [153/256] Building C object zephyr/lib/libc/common/CMakeFiles/lib__libc__common.dir/source/string/strnlen.c.obj
[/mnt/host/source/src/platform/ec/build/zephyr/geralt-lcov]   /mnt/host/source/src/platform/ec/build/zephyr/geralt/build-ro/CMakeFiles/app.dir/mnt/host/source/src/platform/ec/build/zephyr/geralt/modules/ec/common/chargen.c.gcno:no functions found
[/mnt/host/source/src/platform/ec/build/zephyr/geralt-lcov] stderr:
[fatcat-ish-idle:singleimage] [154/256] Building C object zephyr/lib/libc/common/CMakeFiles/lib__libc__common.dir/source/time/time.c.obj
[minimal-npcx9:rw] [14/267] Building C object CMakeFiles/app.dir/mnt/host/source/src/platform/ec/build/zephyr/minimal-npcx9/modules/ec/common/base32.c.obj
[fatcat-ish-idle:singleimage] [155/256] Building C object zephyr/lib/libc/minimal/CMakeFiles/lib__libc__minimal.dir/source/time/gmtime.c.obj
[fatcat-ish-idle:singleimage] [156/256] Building C object zephyr/subsys/crc/CMakeFiles/subsys__crc.dir/crc7_sw.c.obj
[fatcat-ish-idle:singleimage] [157/256] Building C object zephyr/lib/posix/c_lib_ext/CMakeFiles/lib__posix__c_lib_ext.dir/fnmatch.c.obj
[fatcat-ish-idle:singleimage] [158/256] Linking C static library zephyr/lib/libc/minimal/liblib__libc__minimal.a
[fatcat-ish-idle:singleimage] [159/256] Building C object zephyr/subsys/crc/CMakeFiles/subsys__crc.dir/crc8_sw.c.obj
[fatcat-ish-idle:singleimage] [160/256] Building C object zephyr/subsys/crc/CMakeFiles/subsys__crc.dir/crc4_sw.c.obj
[fatcat-ish-idle:singleimage] [161/256] Building C object zephyr/subsys/crc/CMakeFiles/subsys__crc.dir/crc16_sw.c.obj
[fatcat-ish-idle:singleimage] [162/256] Building C object zephyr/subsys/crc/CMakeFiles/subsys__crc.dir/crc24_sw.c.obj
[fatcat-ish-idle:singleimage] [163/256] Building C object zephyr/subsys/crc/CMakeFiles/subsys__crc.dir/crc32k_4_2_sw.c.obj
[fatcat-ish-idle:singleimage] [164/256] Building C object zephyr/lib/libc/common/CMakeFiles/lib__libc__common.dir/source/stdlib/malloc.c.obj
[fatcat-ish-idle:singleimage] [165/256] Building C object zephyr/subsys/crc/CMakeFiles/subsys__crc.dir/crc32_sw.c.obj
[fatcat-ish-idle:singleimage] [166/256] Building C object zephyr/lib/posix/c_lib_ext/CMakeFiles/lib__posix__c_lib_ext.dir/getopt_shim.c.obj
[fatcat-ish-idle:singleimage] [167/256] Building C object zephyr/subsys/crc/CMakeFiles/subsys__crc.dir/crc32c_sw.c.obj
[fatcat-ish-idle:singleimage] [168/256] Building C object zephyr/lib/posix/c_lib_ext/CMakeFiles/lib__posix__c_lib_ext.dir/getentropy.c.obj
[fatcat-ish-idle:singleimage] [169/256] Linking C static library zephyr/lib/libc/common/liblib__libc__common.a
[fatcat-ish-idle:singleimage] [170/256] Linking C static library zephyr/subsys/crc/libsubsys__crc.a
[fatcat-ish-idle:singleimage] [171/256] Linking C static library zephyr/lib/posix/c_lib_ext/liblib__posix__c_lib_ext.a
[fatcat-ish-idle:singleimage] [172/256] Building C object zephyr/drivers/gpio/CMakeFiles/drivers__gpio.dir/mnt/host/source/src/third_party/zephyrproject/modules/hal/intel/bsp_sedi/drivers/gpio/sedi_gpio.c.obj
[fatcat-ish-idle:singleimage] [173/256] Building C object zephyr/drivers/interrupt_controller/CMakeFiles/drivers__interrupt_controller.dir/intc_ioapic.c.obj
[rauru:ro] -- Found BOARD.dts: /mnt/host/source/src/platform/ec/zephyr/boards/google/it8xxx2/it8xxx2_it82202ax.dts
[rauru:ro] -- Found devicetree overlay: /mnt/host/source/src/platform/ec/zephyr/program/rauru/rauru/project.overlay
[rauru:ro] -- Generated zephyr.dts: /mnt/host/source/src/platform/ec/build/zephyr/rauru/build-ro/zephyr/zephyr.dts
[rauru:ro] -- Generated pickled edt: /mnt/host/source/src/platform/ec/build/zephyr/rauru/build-ro/zephyr/edt.pickle
[fatcat-ish-idle:singleimage] [174/256] Building C object zephyr/drivers/interrupt_controller/CMakeFiles/drivers__interrupt_controller.dir/intc_system_apic.c.obj
[fatcat-ish-idle:singleimage] [175/256] Building C object zephyr/drivers/console/CMakeFiles/drivers__console.dir/uart_console.c.obj
[fatcat-ish-idle:singleimage] [176/256] Building C object zephyr/drivers/ipm/CMakeFiles/drivers__ipm.dir/mnt/host/source/src/third_party/zephyrproject/modules/hal/intel/bsp_sedi/drivers/ipc/sedi_ipc.c.obj
[fatcat-ish-idle:singleimage] [177/256] Building C object zephyr/drivers/interrupt_controller/CMakeFiles/drivers__interrupt_controller.dir/intc_loapic.c.obj
[fatcat-ish-idle:singleimage] [178/256] Building C object zephyr/drivers/i2c/CMakeFiles/drivers__i2c.dir/i2c_common.c.obj
[fatcat-ish-idle:singleimage] [179/256] Linking C static library zephyr/drivers/console/libdrivers__console.a
[fatcat-ish-idle:singleimage] [180/256] Building C object zephyr/drivers/gpio/CMakeFiles/drivers__gpio.dir/gpio_sedi.c.obj
[fatcat-ish-idle:singleimage] [181/256] Linking C static library zephyr/drivers/interrupt_controller/libdrivers__interrupt_controller.a
[fatcat-ish-idle:singleimage] [182/256] Building C object zephyr/drivers/i2c/CMakeFiles/drivers__i2c.dir/mnt/host/source/src/third_party/zephyrproject/modules/hal/intel/bsp_sedi/drivers/i2c/sedi_i2c_dw_apb_200a.c.obj
[fatcat-ish-idle:singleimage] [183/256] Linking C static library zephyr/drivers/gpio/libdrivers__gpio.a
[fatcat-ish-idle:singleimage] [184/256] Building C object zephyr/drivers/i2c/CMakeFiles/drivers__i2c.dir/i2c_shell.c.obj
[minimal-npcx9:rw] [15/267] Building C object CMakeFiles/app.dir/mnt/host/source/src/platform/ec/build/zephyr/minimal-npcx9/modules/ec/common/console_output.c.obj
[fatcat-ish-idle:singleimage] [185/256] Building C object zephyr/drivers/serial/CMakeFiles/drivers__serial.dir/uart_sedi.c.obj
[fatcat-ish-idle:singleimage] [186/256] Building C object zephyr/drivers/i2c/CMakeFiles/drivers__i2c.dir/i2c_sedi.c.obj
[rauru:ro] -- Generated devicetree_generated.h: /mnt/host/source/src/platform/ec/build/zephyr/rauru/build-ro/zephyr/include/generated/zephyr/devicetree_generated.h
[fatcat-ish-idle:singleimage] [187/256] Linking C static library zephyr/drivers/i2c/libdrivers__i2c.a
[fatcat-ish-idle:singleimage] [188/256] Building C object zephyr/drivers/timer/CMakeFiles/drivers__timer.dir/sys_clock_init.c.obj
[fatcat-ish-idle:singleimage] [189/256] Building C object modules/ec/zephyr/CMakeFiles/ec_shim.dir/shim/src/crc.c.obj
[fatcat-ish-idle:singleimage] [190/256] Building C object zephyr/drivers/timer/CMakeFiles/drivers__timer.dir/hpet.c.obj
[fatcat-ish-idle:singleimage] [191/256] Building C object zephyr/drivers/ipm/CMakeFiles/drivers__ipm.dir/ipm_sedi.c.obj
[rauru:rw] -- Found devicetree overlay: /mnt/host/source/src/platform/ec/zephyr/program/rauru/rauru/project.overlay
[rauru:rw] -- Generated zephyr.dts: /mnt/host/source/src/platform/ec/build/zephyr/rauru/build-rw/zephyr/zephyr.dts
[rauru:rw] -- Generated pickled edt: /mnt/host/source/src/platform/ec/build/zephyr/rauru/build-rw/zephyr/edt.pickle
[fatcat-ish-idle:singleimage] [192/256] Building C object modules/ec/zephyr/CMakeFiles/ec_shim.dir/app/ec/main_shim.c.obj
[fatcat-ish-idle:singleimage] [193/256] Building C object zephyr/drivers/serial/CMakeFiles/drivers__serial.dir/mnt/host/source/src/third_party/zephyrproject/modules/hal/intel/bsp_sedi/drivers/usart/sedi_dw_uart.c.obj
[fatcat-ish-idle:singleimage] [194/256] Linking C static library zephyr/drivers/timer/libdrivers__timer.a
[fatcat-ish-idle:singleimage] [195/256] Building C object modules/ec/zephyr/CMakeFiles/ec_shim.dir/shim/chip/stub/clock.c.obj
[fatcat-ish-idle:singleimage] [196/256] Linking C static library zephyr/drivers/ipm/libdrivers__ipm.a
[fatcat-ish-idle:singleimage] [197/256] Linking C static library zephyr/drivers/serial/libdrivers__serial.a
[fatcat-ish-idle:singleimage] [198/256] Building C object modules/ec/zephyr/CMakeFiles/ec_shim.dir/app/ec/ec_app_main.c.obj
[fatcat-ish-idle:singleimage] [199/256] Building C object modules/ec/zephyr/CMakeFiles/ec_shim.dir/shim/src/console.c.obj
[minimal-npcx9:rw] [16/267] Building C object CMakeFiles/app.dir/mnt/host/source/src/platform/ec/build/zephyr/minimal-npcx9/modules/ec/common/ec_features.c.obj
[fatcat-ish-idle:singleimage] [200/256] Building C object modules/ec/zephyr/CMakeFiles/ec_shim.dir/shim/src/panic_utils.c.obj
[fatcat-ish-idle:singleimage] [201/256] Building C object modules/ec/zephyr/CMakeFiles/ec_shim.dir/shim/src/gpio_int.c.obj
[fatcat-ish-idle:singleimage] [202/256] Building C object modules/ec/zephyr/CMakeFiles/ec_shim.dir/shim/src/gpio.c.obj
[fatcat-ish-idle:singleimage] [203/256] Building C object modules/ec/zephyr/CMakeFiles/ec_shim.dir/shim/src/pm_state.c.obj
[fatcat-ish-idle:singleimage] [204/256] Building C object modules/ec/zephyr/CMakeFiles/ec_shim.dir/shim/src/host_command.c.obj
[fatcat-ish-idle:singleimage] [205/256] Building C object modules/ec/zephyr/CMakeFiles/ec_shim.dir/shim/src/hooks.c.obj
[fatcat-ish-idle:singleimage] [206/256] Building C object modules/ec/zephyr/CMakeFiles/ec_shim.dir/shim/src/cbi/cros_cbi.c.obj
[rauru:rw] -- Generated devicetree_generated.h: /mnt/host/source/src/platform/ec/build/zephyr/rauru/build-rw/zephyr/include/generated/zephyr/devicetree_generated.h
[fatcat-ish-idle:singleimage] [207/256] Building C object modules/ec/zephyr/CMakeFiles/ec_shim.dir/shim/src/ish_system.c.obj
[fatcat-ish-idle:singleimage] [208/256] Building C object modules/ec/zephyr/CMakeFiles/ec_shim.dir/shim/src/console_buffer.c.obj
[fatcat-ish-idle:singleimage] [209/256] Building C object modules/ec/zephyr/CMakeFiles/ec_shim.dir/shim/src/mkbp_event.c.obj
[fatcat-ish-idle:singleimage] [210/256] Building C object modules/ec/zephyr/CMakeFiles/ec_shim.dir/shim/src/hwtimer.c.obj
[fatcat-ish-idle:singleimage] [211/256] Building C object modules/ec/zephyr/subsys/host_service/CMakeFiles/..__..__..__platform__ec__zephyr__subsys__host_service.dir/zephyr_host_service.c.obj
[fatcat-ish-idle:singleimage] [212/256] Building C object modules/ec/zephyr/subsys/host_service/heci/CMakeFiles/..__..__..__platform__ec__zephyr__subsys__host_service__heci.dir/heci_system_state.c.obj
[fatcat-ish-idle:singleimage] [213/256] Building C object modules/ec/zephyr/subsys/host_service/heci/CMakeFiles/..__..__..__platform__ec__zephyr__subsys__host_service__heci.dir/heci_intf.c.obj
[fatcat-ish-idle:singleimage] [214/256] Building C object modules/ec/zephyr/CMakeFiles/ec_shim.dir/shim/src/usbc_stub.c.obj
[rauru:ro] /mnt/host/source/src/platform/ec/build/zephyr/rauru/build-ro/zephyr/zephyr.dts:1259.27-1990.5: Warning (avoid_unnecessary_addr_size): /soc/pin-controller: unnecessary #address-cells/#size-cells without "ranges" or child "reg" property
[fatcat-ish-idle:singleimage] [215/256] Building C object modules/ec/zephyr/CMakeFiles/ec_shim.dir/shim/src/tasks.c.obj
[fatcat-ish-idle:singleimage] [216/256] Building C object modules/ec/zephyr/subsys/host_service/CMakeFiles/..__..__..__platform__ec__zephyr__subsys__host_service.dir/sys_mng.c.obj
[fatcat-ish-idle:singleimage] [217/256] Building C object modules/ec/zephyr/CMakeFiles/ec_shim.dir/shim/src/host_command_heci.c.obj
[fatcat-ish-idle:singleimage] [218/256] Building C object modules/ec/zephyr/CMakeFiles/ec_shim.dir/shim/src/i2c.c.obj
[minimal-npcx9:rw] [17/267] Building C object CMakeFiles/app.dir/mnt/host/source/src/platform/ec/build/zephyr/minimal-npcx9/modules/ec/common/gpio_commands.c.obj
[fatcat-ish-idle:singleimage] [219/256] Building C object modules/ec/zephyr/subsys/host_service/heci/CMakeFiles/..__..__..__platform__ec__zephyr__subsys__host_service__heci.dir/intfs/ipm_intf.c.obj
[fatcat-ish-idle:singleimage] [220/256] Linking C static library modules/ec/zephyr/subsys/host_service/lib..__..__..__platform__ec__zephyr__subsys__host_service.a
[fatcat-ish-idle:singleimage] [221/256] Linking C static library modules/ec/zephyr/libec_shim.a
[/mnt/host/source/src/platform/ec/build/zephyr/ite-aic-lcov] stderr:
[fatcat-ish-idle:singleimage] [222/256] Building C object zephyr/kernel/CMakeFiles/kernel.dir/main_weak.c.obj
[fatcat-ish-idle:singleimage] [223/256] Building C object zephyr/kernel/CMakeFiles/kernel.dir/errno.c.obj
[fatcat-ish-idle:singleimage] [224/256] Building C object zephyr/kernel/CMakeFiles/kernel.dir/busy_wait.c.obj
[fatcat-ish-idle:singleimage] [225/256] Building C object zephyr/kernel/CMakeFiles/kernel.dir/banner.c.obj
[fatcat-ish-idle:singleimage] [226/256] Building C object zephyr/kernel/CMakeFiles/kernel.dir/device.c.obj
[fatcat-ish-idle:singleimage] [227/256] Building C object modules/ec/zephyr/subsys/host_service/heci/CMakeFiles/..__..__..__platform__ec__zephyr__subsys__host_service__heci.dir/heci_core.c.obj
[fatcat-ish-idle:singleimage] [228/256] Linking C static library modules/ec/zephyr/subsys/host_service/heci/lib..__..__..__platform__ec__zephyr__subsys__host_service__heci.a
[fatcat-ish-idle:singleimage] [229/256] Building C object zephyr/kernel/CMakeFiles/kernel.dir/fatal.c.obj
[fatcat-ish-idle:singleimage] [230/256] Building C object zephyr/kernel/CMakeFiles/kernel.dir/version.c.obj
[fatcat-ish-idle:singleimage] [231/256] Building C object zephyr/kernel/CMakeFiles/kernel.dir/kheap.c.obj
[fatcat-ish-idle:singleimage] [232/256] Building C object zephyr/kernel/CMakeFiles/kernel.dir/init.c.obj
[fatcat-ish-idle:singleimage] [233/256] Building C object zephyr/kernel/CMakeFiles/kernel.dir/float.c.obj
[fatcat-ish-idle:singleimage] [234/256] Building C object zephyr/kernel/CMakeFiles/kernel.dir/mem_slab.c.obj
[fatcat-ish-idle:singleimage] [235/256] Building C object zephyr/kernel/CMakeFiles/kernel.dir/idle.c.obj
[minimal-npcx9:rw] [18/267] Building C object CMakeFiles/app.dir/mnt/host/source/src/platform/ec/build/zephyr/minimal-npcx9/modules/ec/common/peripheral.c.obj
[fatcat-ish-idle:singleimage] [236/256] Building C object zephyr/kernel/CMakeFiles/kernel.dir/msg_q.c.obj
[fatcat-ish-idle:singleimage] [237/256] Building C object zephyr/kernel/CMakeFiles/kernel.dir/mailbox.c.obj
[fatcat-ish-idle:singleimage] [238/256] Building C object zephyr/kernel/CMakeFiles/kernel.dir/sem.c.obj
[fatcat-ish-idle:singleimage] [239/256] Building C object zephyr/kernel/CMakeFiles/kernel.dir/mutex.c.obj
[rauru:rw] /mnt/host/source/src/platform/ec/build/zephyr/rauru/build-rw/zephyr/zephyr.dts:1259.27-1990.5: Warning (avoid_unnecessary_addr_size): /soc/pin-controller: unnecessary #address-cells/#size-cells without "ranges" or child "reg" property
[rauru:rw] /mnt/host/source/src/platform/ec/build/zephyr/rauru/build-rw/zephyr/zephyr.dts:3999.14-4007.5: Warning (gpios_property): /fans/fan0: Missing property '#gpio-cells' in node /named-gpios/en_pp5000_fan or bad phandle (referred from enable-gpio[0])
[fatcat-ish-idle:singleimage] [240/256] Building C object zephyr/kernel/CMakeFiles/kernel.dir/stack.c.obj
[fatcat-ish-idle:singleimage] [241/256] Building C object zephyr/kernel/CMakeFiles/kernel.dir/system_work_q.c.obj
[fatcat-ish-idle:singleimage] [242/256] Building C object zephyr/kernel/CMakeFiles/kernel.dir/queue.c.obj
[fatcat-ish-idle:singleimage] [243/256] Building C object zephyr/kernel/CMakeFiles/kernel.dir/condvar.c.obj
[fatcat-ish-idle:singleimage] [244/256] Building C object zephyr/kernel/CMakeFiles/kernel.dir/thread.c.obj
[fatcat-ish-idle:singleimage] [245/256] Building C object zephyr/kernel/CMakeFiles/kernel.dir/spinlock_validate.c.obj
[fatcat-ish-idle:singleimage] [246/256] Building C object zephyr/kernel/CMakeFiles/kernel.dir/work.c.obj
[fatcat-ish-idle:singleimage] [247/256] Building C object zephyr/kernel/CMakeFiles/kernel.dir/pipe.c.obj
Running (initial) lcov on /mnt/host/source/src/platform/ec/build/zephyr/sundance.
[fatcat-ish-idle:singleimage] [248/256] Building C object zephyr/kernel/CMakeFiles/kernel.dir/thread_monitor.c.obj
[/mnt/host/source/src/platform/ec/build/zephyr/ite-aic-lcov]   /mnt/host/source/src/platform/ec/build/zephyr/ite-aic/build-ro/CMakeFiles/app.dir/mnt/host/source/src/platform/ec/build/zephyr/ite-aic/modules/ec/common/chargen.c.gcno:no functions found
[/mnt/host/source/src/platform/ec/build/zephyr/ite-aic-lcov] stderr:
[fatcat-ish-idle:singleimage] [249/256] Building C object zephyr/kernel/CMakeFiles/kernel.dir/sched.c.obj
[minimal-npcx9:rw] [19/267] Building C object CMakeFiles/app.dir/mnt/host/source/src/platform/ec/build/zephyr/minimal-npcx9/modules/ec/common/printf.c.obj
[fatcat-ish-idle:singleimage] [250/256] Building C object zephyr/kernel/CMakeFiles/kernel.dir/timeout.c.obj
[fatcat-ish-idle:singleimage] [251/256] Building C object zephyr/kernel/CMakeFiles/kernel.dir/poll.c.obj
[markarth:rw] Building: /usr/bin/ninja -C /mnt/host/source/src/platform/ec/build/zephyr/markarth/build-rw all.libraries
Running `env -i SHELL=/bin/bash COLORTERM=truecolor DEPOT_TOOLS_UPDATE=0 LESS='-R -M --shift 5' SUDO_GID=0 JDK_HOME=/etc/java-config-2/current-system-vm CONFIG_PROTECT_MASK='/etc/gentoo-release /etc/sandbox.d /etc/fonts/fonts.conf /etc/terminfo /etc/ca-certificates.conf /etc/revdep-rebuild' CHROMEOS_CACHEDIR=/var/cache/chromeos-cache JAVA_HOME=/etc/java-config-2/current-system-vm SSH_AUTH_SOCK=/tmp/ssh-auth-sock SUDO_COMMAND=/bin/bash SUDO_USER=root SUDO_TTY=/dev/pts/2 EDITOR=/usr/bin/vi PWD=/mnt/host/source/src/platform/ec CONFIG_PROTECT=/usr/share/gnupg/qualified.txt LOGNAME=jpmurphy MANPATH=/etc/java-config-2/current-system-vm/man:/usr/local/share/man:/usr/share/man:/usr/share/gcc-data/x86_64-pc-linux-gnu/10.2.0/man:/usr/share/binutils-data/x86_64-pc-linux-gnu/2.45/man:/etc/java-config-2/current-system-vm/man/ SUDO_HOME=/root XAUTHORITY=/run/user/944457/gdm/Xauthority HOME=/home/jpmurphy LANG=C.UTF-8 LS_COLORS='rs=0:di=01;34:ln=01;36:mh=00:pi=40;33:so=01;35:do=01;35:bd=40;33;01:cd=40;33;01:or=01;05;37;41:mi=01;05;37;41:su=37;41:sg=30;43:ca=30;41:tw=30;42:ow=34;42:st=37;44:ex=01;32:*.tar=01;31:*.tgz=01;31:*.arc=01;31:*.arj=01;31:*.taz=01;31:*.lha=01;31:*.lz4=01;31:*.lzh=01;31:*.lzma=01;31:*.tlz=01;31:*.txz=01;31:*.tzo=01;31:*.t7z=01;31:*.zip=01;31:*.z=01;31:*.dz=01;31:*.gz=01;31:*.lrz=01;31:*.lz=01;31:*.lzo=01;31:*.xz=01;31:*.zst=01;31:*.tzst=01;31:*.bz2=01;31:*.bz=01;31:*.tbz=01;31:*.tbz2=01;31:*.tz=01;31:*.deb=01;31:*.rpm=01;31:*.jar=01;31:*.war=01;31:*.ear=01;31:*.sar=01;31:*.rar=01;31:*.alz=01;31:*.ace=01;31:*.zoo=01;31:*.cpio=01;31:*.7z=01;31:*.rz=01;31:*.cab=01;31:*.wim=01;31:*.swm=01;31:*.dwm=01;31:*.esd=01;31:*.jpg=01;35:*.jpeg=01;35:*.mjpg=01;35:*.mjpeg=01;35:*.gif=01;35:*.bmp=01;35:*.pbm=01;35:*.pgm=01;35:*.ppm=01;35:*.tga=01;35:*.xbm=01;35:*.xpm=01;35:*.tif=01;35:*.tiff=01;35:*.png=01;35:*.svg=01;35:*.svgz=01;35:*.mng=01;35:*.pcx=01;35:*.mov=01;35:*.mpg=01;35:*.mpeg=01;35:*.m2v=01;35:*.mkv=01;35:*.webm=01;35:*.webp=01;35:*.ogm=01;35:*.mp4=01;35:*.m4v=01;35:*.mp4v=01;35:*.vob=01;35:*.qt=01;35:*.nuv=01;35:*.wmv=01;35:*.asf=01;35:*.rm=01;35:*.rmvb=01;35:*.flc=01;35:*.avi=01;35:*.fli=01;35:*.flv=01;35:*.gl=01;35:*.dl=01;35:*.xcf=01;35:*.xwd=01;35:*.yuv=01;35:*.cgm=01;35:*.emf=01;35:*.ogv=01;35:*.ogx=01;35:*.cfg=00;32:*.conf=00;32:*.diff=00;32:*.doc=00;32:*.ini=00;32:*.log=00;32:*.patch=00;32:*.pdf=00;32:*.ps=00;32:*.tex=00;32:*.txt=00;32:*.aac=00;36:*.au=00;36:*.flac=00;36:*.m4a=00;36:*.mid=00;36:*.midi=00;36:*.mka=00;36:*.mp3=00;36:*.mpc=00;36:*.ogg=00;36:*.ra=00;36:*.wav=00;36:*.oga=00;36:*.opus=00;36:*.spx=00;36:*.xspf=00;36:' XDG_CURRENT_DESKTOP=GNOME INFOPATH=/usr/share/info:/usr/share/gcc-data/x86_64-pc-linux-gnu/10.2.0/info:/usr/share/binutils-data/x86_64-pc-linux-gnu/2.45/info:/usr/share/automake-1.16.5/info JAVAC=/etc/java-config-2/current-system-vm/bin/javac TERM=xterm-256color LESSOPEN='|lesspipe %s' USER=jpmurphy CROS_WORKON_SRCROOT=/mnt/host/source MANPAGER=manpager DISPLAY=:1 SHLVL=1 LC_MESSAGES=C EXTERNAL_TRUNK_PATH=/mnt/8f9d649a-3721-44cc-93c0-e6bd21a9689f/chromiumos GCC_SPECS='' PATH=/mnt/host/source/chromite/bin:/usr/local/bin:/usr/bin:/bin:/opt/bin:/mnt/host/source/chromite/sdk/bin:/mnt/host/source/chromite/bin PORTAGE_USERNAME=jpmurphy SUDO_UID=0 GCC_VER=10.2.0 MAIL=/var/mail/jpmurphy OLDPWD=/mnt/host/source/src/scripts traceparent=00-e87aca51550a78635907baa6a2476181-6d684811675d2973-01 _=./zephyr/firmware_builder.py COREBOOT_SDK_ROOT_x86=/home/jpmurphy/.cache/coreboot-sdk/i386-elf/dfbb0486385d938cfa9d73080b9d18d598ed4f49 COREBOOT_SDK_ROOT_picolibc_x86=/home/jpmurphy/.cache/coreboot-sdk/picolibc-i386-elf/eb8e8e687b95461de8cbf278f1c2076952d0ad17 COREBOOT_SDK_ROOT_riscv64=/home/jpmurphy/.cache/coreboot-sdk/riscv64-elf/96b949749225b6aaa92ed810ab769e8dfb12f000 COREBOOT_SDK_ROOT_picolibc_arm=/home/jpmurphy/.cache/coreboot-sdk/picolibc-arm-eabi/422a2aa3e1ef891b5bece9a3deb696ff83840d2e COREBOOT_SDK_ROOT_nds32=/home/jpmurphy/.cache/coreboot-sdk/nds32le-elf/d1a518c4a097666d86058e1444f85ca015d15511 COREBOOT_SDK_ROOT_picolibc_riscv64=/home/jpmurphy/.cache/coreboot-sdk/picolibc-riscv64-elf/f571e990ef0278564b31124f8bb109d9a697eb69 COREBOOT_SDK_ROOT_arm=/home/jpmurphy/.cache/coreboot-sdk/arm-eabi/ea40ddd1d190c3b48435c474c0b545719371813a COREBOOT_SDK_ROOT_libstdcxx_riscv64=/home/jpmurphy/.cache/coreboot-sdk/libstdcxx-riscv64-elf/17abf22a3a252e2d5d2062ced5324f7a623689e0 COREBOOT_SDK_ROOT_libstdcxx_arm=/home/jpmurphy/.cache/coreboot-sdk/libstdcxx-arm-eabi/5d7d82e150e44aa1968f1d366e267e6687b328ac COREBOOT_SDK_ROOT_riscv=/home/jpmurphy/.cache/coreboot-sdk/riscv-elf/9a27b9e82341c6e9126624f516ab3f261abb3e73 COREBOOT_SDK_ROOT_libstdcxx_x86=/home/jpmurphy/.cache/coreboot-sdk/libstdcxx-i386-elf/42ef9d2e87a76a37963175d7d428734e65648b87 PYTHONPATH=/mnt/host/source/src/platform/ec/zephyr/zmake PW_PIGWEED_CIPD_INSTALL_DIR=/usr CROSTC_USER_ACKNOWLEDGES_THAT_RISCV_IS_EXPERIMENTAL=1 MAKEFLAGS=' -j16 --jobserver-auth=5,6' /usr/bin/ninja -C /mnt/host/source/src/platform/ec/build/zephyr/markarth/build-rw all.libraries`
[fatcat-ish-idle:singleimage] [252/256] Building C object zephyr/kernel/CMakeFiles/kernel.dir/timer.c.obj
[markarth:rw] ninja: Entering directory `/mnt/host/source/src/platform/ec/build/zephyr/markarth/build-rw'
[markarth:ro] Building: /usr/bin/ninja -C /mnt/host/source/src/platform/ec/build/zephyr/markarth/build-ro all.libraries
Running `env -i SHELL=/bin/bash COLORTERM=truecolor DEPOT_TOOLS_UPDATE=0 LESS='-R -M --shift 5' SUDO_GID=0 JDK_HOME=/etc/java-config-2/current-system-vm CONFIG_PROTECT_MASK='/etc/gentoo-release /etc/sandbox.d /etc/fonts/fonts.conf /etc/terminfo /etc/ca-certificates.conf /etc/revdep-rebuild' CHROMEOS_CACHEDIR=/var/cache/chromeos-cache JAVA_HOME=/etc/java-config-2/current-system-vm SSH_AUTH_SOCK=/tmp/ssh-auth-sock SUDO_COMMAND=/bin/bash SUDO_USER=root SUDO_TTY=/dev/pts/2 EDITOR=/usr/bin/vi PWD=/mnt/host/source/src/platform/ec CONFIG_PROTECT=/usr/share/gnupg/qualified.txt LOGNAME=jpmurphy MANPATH=/etc/java-config-2/current-system-vm/man:/usr/local/share/man:/usr/share/man:/usr/share/gcc-data/x86_64-pc-linux-gnu/10.2.0/man:/usr/share/binutils-data/x86_64-pc-linux-gnu/2.45/man:/etc/java-config-2/current-system-vm/man/ SUDO_HOME=/root XAUTHORITY=/run/user/944457/gdm/Xauthority HOME=/home/jpmurphy LANG=C.UTF-8 LS_COLORS='rs=0:di=01;34:ln=01;36:mh=00:pi=40;33:so=01;35:do=01;35:bd=40;33;01:cd=40;33;01:or=01;05;37;41:mi=01;05;37;41:su=37;41:sg=30;43:ca=30;41:tw=30;42:ow=34;42:st=37;44:ex=01;32:*.tar=01;31:*.tgz=01;31:*.arc=01;31:*.arj=01;31:*.taz=01;31:*.lha=01;31:*.lz4=01;31:*.lzh=01;31:*.lzma=01;31:*.tlz=01;31:*.txz=01;31:*.tzo=01;31:*.t7z=01;31:*.zip=01;31:*.z=01;31:*.dz=01;31:*.gz=01;31:*.lrz=01;31:*.lz=01;31:*.lzo=01;31:*.xz=01;31:*.zst=01;31:*.tzst=01;31:*.bz2=01;31:*.bz=01;31:*.tbz=01;31:*.tbz2=01;31:*.tz=01;31:*.deb=01;31:*.rpm=01;31:*.jar=01;31:*.war=01;31:*.ear=01;31:*.sar=01;31:*.rar=01;31:*.alz=01;31:*.ace=01;31:*.zoo=01;31:*.cpio=01;31:*.7z=01;31:*.rz=01;31:*.cab=01;31:*.wim=01;31:*.swm=01;31:*.dwm=01;31:*.esd=01;31:*.jpg=01;35:*.jpeg=01;35:*.mjpg=01;35:*.mjpeg=01;35:*.gif=01;35:*.bmp=01;35:*.pbm=01;35:*.pgm=01;35:*.ppm=01;35:*.tga=01;35:*.xbm=01;35:*.xpm=01;35:*.tif=01;35:*.tiff=01;35:*.png=01;35:*.svg=01;35:*.svgz=01;35:*.mng=01;35:*.pcx=01;35:*.mov=01;35:*.mpg=01;35:*.mpeg=01;35:*.m2v=01;35:*.mkv=01;35:*.webm=01;35:*.webp=01;35:*.ogm=01;35:*.mp4=01;35:*.m4v=01;35:*.mp4v=01;35:*.vob=01;35:*.qt=01;35:*.nuv=01;35:*.wmv=01;35:*.asf=01;35:*.rm=01;35:*.rmvb=01;35:*.flc=01;35:*.avi=01;35:*.fli=01;35:*.flv=01;35:*.gl=01;35:*.dl=01;35:*.xcf=01;35:*.xwd=01;35:*.yuv=01;35:*.cgm=01;35:*.emf=01;35:*.ogv=01;35:*.ogx=01;35:*.cfg=00;32:*.conf=00;32:*.diff=00;32:*.doc=00;32:*.ini=00;32:*.log=00;32:*.patch=00;32:*.pdf=00;32:*.ps=00;32:*.tex=00;32:*.txt=00;32:*.aac=00;36:*.au=00;36:*.flac=00;36:*.m4a=00;36:*.mid=00;36:*.midi=00;36:*.mka=00;36:*.mp3=00;36:*.mpc=00;36:*.ogg=00;36:*.ra=00;36:*.wav=00;36:*.oga=00;36:*.opus=00;36:*.spx=00;36:*.xspf=00;36:' XDG_CURRENT_DESKTOP=GNOME INFOPATH=/usr/share/info:/usr/share/gcc-data/x86_64-pc-linux-gnu/10.2.0/info:/usr/share/binutils-data/x86_64-pc-linux-gnu/2.45/info:/usr/share/automake-1.16.5/info JAVAC=/etc/java-config-2/current-system-vm/bin/javac TERM=xterm-256color LESSOPEN='|lesspipe %s' USER=jpmurphy CROS_WORKON_SRCROOT=/mnt/host/source MANPAGER=manpager DISPLAY=:1 SHLVL=1 LC_MESSAGES=C EXTERNAL_TRUNK_PATH=/mnt/8f9d649a-3721-44cc-93c0-e6bd21a9689f/chromiumos GCC_SPECS='' PATH=/mnt/host/source/chromite/bin:/usr/local/bin:/usr/bin:/bin:/opt/bin:/mnt/host/source/chromite/sdk/bin:/mnt/host/source/chromite/bin PORTAGE_USERNAME=jpmurphy SUDO_UID=0 GCC_VER=10.2.0 MAIL=/var/mail/jpmurphy OLDPWD=/mnt/host/source/src/scripts traceparent=00-e87aca51550a78635907baa6a2476181-6d684811675d2973-01 _=./zephyr/firmware_builder.py COREBOOT_SDK_ROOT_x86=/home/jpmurphy/.cache/coreboot-sdk/i386-elf/dfbb0486385d938cfa9d73080b9d18d598ed4f49 COREBOOT_SDK_ROOT_picolibc_x86=/home/jpmurphy/.cache/coreboot-sdk/picolibc-i386-elf/eb8e8e687b95461de8cbf278f1c2076952d0ad17 COREBOOT_SDK_ROOT_riscv64=/home/jpmurphy/.cache/coreboot-sdk/riscv64-elf/96b949749225b6aaa92ed810ab769e8dfb12f000 COREBOOT_SDK_ROOT_picolibc_arm=/home/jpmurphy/.cache/coreboot-sdk/picolibc-arm-eabi/422a2aa3e1ef891b5bece9a3deb696ff83840d2e COREBOOT_SDK_ROOT_nds32=/home/jpmurphy/.cache/coreboot-sdk/nds32le-elf/d1a518c4a097666d86058e1444f85ca015d15511 COREBOOT_SDK_ROOT_picolibc_riscv64=/home/jpmurphy/.cache/coreboot-sdk/picolibc-riscv64-elf/f571e990ef0278564b31124f8bb109d9a697eb69 COREBOOT_SDK_ROOT_arm=/home/jpmurphy/.cache/coreboot-sdk/arm-eabi/ea40ddd1d190c3b48435c474c0b545719371813a COREBOOT_SDK_ROOT_libstdcxx_riscv64=/home/jpmurphy/.cache/coreboot-sdk/libstdcxx-riscv64-elf/17abf22a3a252e2d5d2062ced5324f7a623689e0 COREBOOT_SDK_ROOT_libstdcxx_arm=/home/jpmurphy/.cache/coreboot-sdk/libstdcxx-arm-eabi/5d7d82e150e44aa1968f1d366e267e6687b328ac COREBOOT_SDK_ROOT_riscv=/home/jpmurphy/.cache/coreboot-sdk/riscv-elf/9a27b9e82341c6e9126624f516ab3f261abb3e73 COREBOOT_SDK_ROOT_libstdcxx_x86=/home/jpmurphy/.cache/coreboot-sdk/libstdcxx-i386-elf/42ef9d2e87a76a37963175d7d428734e65648b87 PYTHONPATH=/mnt/host/source/src/platform/ec/zephyr/zmake PW_PIGWEED_CIPD_INSTALL_DIR=/usr CROSTC_USER_ACKNOWLEDGES_THAT_RISCV_IS_EXPERIMENTAL=1 MAKEFLAGS=' -j16 --jobserver-auth=5,6' /usr/bin/ninja -C /mnt/host/source/src/platform/ec/build/zephyr/markarth/build-ro all.libraries`
[fatcat-ish-idle:singleimage] [253/256] Building C object zephyr/kernel/CMakeFiles/kernel.dir/mempool.c.obj
[markarth:ro] ninja: Entering directory `/mnt/host/source/src/platform/ec/build/zephyr/markarth/build-ro'
[minimal-npcx9:ro] Building: /usr/bin/ninja -C /mnt/host/source/src/platform/ec/build/zephyr/minimal-npcx9/build-ro all.libraries
Running `env -i SHELL=/bin/bash COLORTERM=truecolor DEPOT_TOOLS_UPDATE=0 LESS='-R -M --shift 5' SUDO_GID=0 JDK_HOME=/etc/java-config-2/current-system-vm CONFIG_PROTECT_MASK='/etc/gentoo-release /etc/sandbox.d /etc/fonts/fonts.conf /etc/terminfo /etc/ca-certificates.conf /etc/revdep-rebuild' CHROMEOS_CACHEDIR=/var/cache/chromeos-cache JAVA_HOME=/etc/java-config-2/current-system-vm SSH_AUTH_SOCK=/tmp/ssh-auth-sock SUDO_COMMAND=/bin/bash SUDO_USER=root SUDO_TTY=/dev/pts/2 EDITOR=/usr/bin/vi PWD=/mnt/host/source/src/platform/ec CONFIG_PROTECT=/usr/share/gnupg/qualified.txt LOGNAME=jpmurphy MANPATH=/etc/java-config-2/current-system-vm/man:/usr/local/share/man:/usr/share/man:/usr/share/gcc-data/x86_64-pc-linux-gnu/10.2.0/man:/usr/share/binutils-data/x86_64-pc-linux-gnu/2.45/man:/etc/java-config-2/current-system-vm/man/ SUDO_HOME=/root XAUTHORITY=/run/user/944457/gdm/Xauthority HOME=/home/jpmurphy LANG=C.UTF-8 LS_COLORS='rs=0:di=01;34:ln=01;36:mh=00:pi=40;33:so=01;35:do=01;35:bd=40;33;01:cd=40;33;01:or=01;05;37;41:mi=01;05;37;41:su=37;41:sg=30;43:ca=30;41:tw=30;42:ow=34;42:st=37;44:ex=01;32:*.tar=01;31:*.tgz=01;31:*.arc=01;31:*.arj=01;31:*.taz=01;31:*.lha=01;31:*.lz4=01;31:*.lzh=01;31:*.lzma=01;31:*.tlz=01;31:*.txz=01;31:*.tzo=01;31:*.t7z=01;31:*.zip=01;31:*.z=01;31:*.dz=01;31:*.gz=01;31:*.lrz=01;31:*.lz=01;31:*.lzo=01;31:*.xz=01;31:*.zst=01;31:*.tzst=01;31:*.bz2=01;31:*.bz=01;31:*.tbz=01;31:*.tbz2=01;31:*.tz=01;31:*.deb=01;31:*.rpm=01;31:*.jar=01;31:*.war=01;31:*.ear=01;31:*.sar=01;31:*.rar=01;31:*.alz=01;31:*.ace=01;31:*.zoo=01;31:*.cpio=01;31:*.7z=01;31:*.rz=01;31:*.cab=01;31:*.wim=01;31:*.swm=01;31:*.dwm=01;31:*.esd=01;31:*.jpg=01;35:*.jpeg=01;35:*.mjpg=01;35:*.mjpeg=01;35:*.gif=01;35:*.bmp=01;35:*.pbm=01;35:*.pgm=01;35:*.ppm=01;35:*.tga=01;35:*.xbm=01;35:*.xpm=01;35:*.tif=01;35:*.tiff=01;35:*.png=01;35:*.svg=01;35:*.svgz=01;35:*.mng=01;35:*.pcx=01;35:*.mov=01;35:*.mpg=01;35:*.mpeg=01;35:*.m2v=01;35:*.mkv=01;35:*.webm=01;35:*.webp=01;35:*.ogm=01;35:*.mp4=01;35:*.m4v=01;35:*.mp4v=01;35:*.vob=01;35:*.qt=01;35:*.nuv=01;35:*.wmv=01;35:*.asf=01;35:*.rm=01;35:*.rmvb=01;35:*.flc=01;35:*.avi=01;35:*.fli=01;35:*.flv=01;35:*.gl=01;35:*.dl=01;35:*.xcf=01;35:*.xwd=01;35:*.yuv=01;35:*.cgm=01;35:*.emf=01;35:*.ogv=01;35:*.ogx=01;35:*.cfg=00;32:*.conf=00;32:*.diff=00;32:*.doc=00;32:*.ini=00;32:*.log=00;32:*.patch=00;32:*.pdf=00;32:*.ps=00;32:*.tex=00;32:*.txt=00;32:*.aac=00;36:*.au=00;36:*.flac=00;36:*.m4a=00;36:*.mid=00;36:*.midi=00;36:*.mka=00;36:*.mp3=00;36:*.mpc=00;36:*.ogg=00;36:*.ra=00;36:*.wav=00;36:*.oga=00;36:*.opus=00;36:*.spx=00;36:*.xspf=00;36:' XDG_CURRENT_DESKTOP=GNOME INFOPATH=/usr/share/info:/usr/share/gcc-data/x86_64-pc-linux-gnu/10.2.0/info:/usr/share/binutils-data/x86_64-pc-linux-gnu/2.45/info:/usr/share/automake-1.16.5/info JAVAC=/etc/java-config-2/current-system-vm/bin/javac TERM=xterm-256color LESSOPEN='|lesspipe %s' USER=jpmurphy CROS_WORKON_SRCROOT=/mnt/host/source MANPAGER=manpager DISPLAY=:1 SHLVL=1 LC_MESSAGES=C EXTERNAL_TRUNK_PATH=/mnt/8f9d649a-3721-44cc-93c0-e6bd21a9689f/chromiumos GCC_SPECS='' PATH=/mnt/host/source/chromite/bin:/usr/local/bin:/usr/bin:/bin:/opt/bin:/mnt/host/source/chromite/sdk/bin:/mnt/host/source/chromite/bin PORTAGE_USERNAME=jpmurphy SUDO_UID=0 GCC_VER=10.2.0 MAIL=/var/mail/jpmurphy OLDPWD=/mnt/host/source/src/scripts traceparent=00-e87aca51550a78635907baa6a2476181-6d684811675d2973-01 _=./zephyr/firmware_builder.py COREBOOT_SDK_ROOT_x86=/home/jpmurphy/.cache/coreboot-sdk/i386-elf/dfbb0486385d938cfa9d73080b9d18d598ed4f49 COREBOOT_SDK_ROOT_picolibc_x86=/home/jpmurphy/.cache/coreboot-sdk/picolibc-i386-elf/eb8e8e687b95461de8cbf278f1c2076952d0ad17 COREBOOT_SDK_ROOT_riscv64=/home/jpmurphy/.cache/coreboot-sdk/riscv64-elf/96b949749225b6aaa92ed810ab769e8dfb12f000 COREBOOT_SDK_ROOT_picolibc_arm=/home/jpmurphy/.cache/coreboot-sdk/picolibc-arm-eabi/422a2aa3e1ef891b5bece9a3deb696ff83840d2e COREBOOT_SDK_ROOT_nds32=/home/jpmurphy/.cache/coreboot-sdk/nds32le-elf/d1a518c4a097666d86058e1444f85ca015d15511 COREBOOT_SDK_ROOT_picolibc_riscv64=/home/jpmurphy/.cache/coreboot-sdk/picolibc-riscv64-elf/f571e990ef0278564b31124f8bb109d9a697eb69 COREBOOT_SDK_ROOT_arm=/home/jpmurphy/.cache/coreboot-sdk/arm-eabi/ea40ddd1d190c3b48435c474c0b545719371813a COREBOOT_SDK_ROOT_libstdcxx_riscv64=/home/jpmurphy/.cache/coreboot-sdk/libstdcxx-riscv64-elf/17abf22a3a252e2d5d2062ced5324f7a623689e0 COREBOOT_SDK_ROOT_libstdcxx_arm=/home/jpmurphy/.cache/coreboot-sdk/libstdcxx-arm-eabi/5d7d82e150e44aa1968f1d366e267e6687b328ac COREBOOT_SDK_ROOT_riscv=/home/jpmurphy/.cache/coreboot-sdk/riscv-elf/9a27b9e82341c6e9126624f516ab3f261abb3e73 COREBOOT_SDK_ROOT_libstdcxx_x86=/home/jpmurphy/.cache/coreboot-sdk/libstdcxx-i386-elf/42ef9d2e87a76a37963175d7d428734e65648b87 PYTHONPATH=/mnt/host/source/src/platform/ec/zephyr/zmake PW_PIGWEED_CIPD_INSTALL_DIR=/usr CROSTC_USER_ACKNOWLEDGES_THAT_RISCV_IS_EXPERIMENTAL=1 MAKEFLAGS=' -j16 --jobserver-auth=5,6' /usr/bin/ninja -C /mnt/host/source/src/platform/ec/build/zephyr/minimal-npcx9/build-ro all.libraries`
[fatcat-ish-idle:singleimage] [254/256] Building C object zephyr/kernel/CMakeFiles/kernel.dir/events.c.obj
[minimal-npcx9:ro] ninja: Entering directory `/mnt/host/source/src/platform/ec/build/zephyr/minimal-npcx9/build-ro'
Toolchain <zmake.toolchains.CorebootSdkToolchain object at 0x7f41204aaf90> selected by probe function.
[greenbayupoc] Building in /mnt/host/source/src/platform/ec/build/zephyr/greenbayupoc.
[fatcat-ish-idle:singleimage] [255/256] Building C object zephyr/kernel/CMakeFiles/kernel.dir/dynamic_disabled.c.obj
Running `env -i PYTHONPATH=/usr/lib64/python-exec/python3.11:/mnt/host/source/src/platform/ec/zephyr/zmake:/usr/lib/python311.zip:/usr/lib/python3.11:/usr/lib/python3.11/lib-dynload:/usr/lib/python3.11/site-packages PW_PIGWEED_CIPD_INSTALL_DIR=/usr CROSTC_USER_ACKNOWLEDGES_THAT_RISCV_IS_EXPERIMENTAL=1 PATH=/mnt/host/source/chromite/bin:/usr/local/bin:/usr/bin:/bin:/opt/bin:/mnt/host/source/chromite/sdk/bin:/mnt/host/source/chromite/bin HOME=/home/jpmurphy JAVA_HOME=/etc/java-config-2/current-system-vm JDK_HOME=/etc/java-config-2/current-system-vm JAVAC=/etc/java-config-2/current-system-vm/bin/javac MAKEFLAGS=' -j16 --jobserver-auth=5,6' /usr/bin/lcov --gcov-tool /mnt/host/source/src/platform/ec/build/zephyr/sundance/build-rw/gcov.sh -q -o - -c -d /mnt/host/source/src/platform/ec/build/zephyr/sundance -t sundance --rc branch_coverage=1 --filter range --ignore-errors inconsistent,source --ignore-errors gcov,gcov -i`
[/mnt/host/source/src/platform/ec/build/zephyr/ite-aic-lcov]   /mnt/host/source/src/platform/ec/build/zephyr/ite-aic/build-ro/CMakeFiles/app.dir/mnt/host/source/src/platform/ec/build/zephyr/ite-aic/modules/ec/common/cbi_config.c.gcno:no functions found
[/mnt/host/source/src/platform/ec/build/zephyr/ite-aic-lcov] stderr:
[fatcat-ish-idle:singleimage] [256/256] Linking C static library zephyr/kernel/libkernel.a
[minimal-npcx9:ro] [1/267] Preparing syscall dependency handling
[minimal-npcx9:ro] [2/267] Generating misc/generated/syscalls_subdirs.trigger
[minimal-npcx9:rw] [20/267] Building C object CMakeFiles/app.dir/mnt/host/source/src/platform/ec/build/zephyr/minimal-npcx9/modules/ec/common/queue.c.obj
[/mnt/host/source/src/platform/ec/build/zephyr/geralt-lcov]   /mnt/host/source/src/platform/ec/build/zephyr/geralt/build-ro/CMakeFiles/app.dir/mnt/host/source/src/platform/ec/build/zephyr/geralt/modules/ec/common/cbi_config.c.gcno:no functions found
[/mnt/host/source/src/platform/ec/build/zephyr/geralt-lcov] stderr:
[minimal-npcx9:rw] [21/267] Building C object CMakeFiles/app.dir/mnt/host/source/src/platform/ec/build/zephyr/minimal-npcx9/modules/ec/common/uart_printf.c.obj
[minimal-npcx9:rw] [22/267] Building C object CMakeFiles/app.dir/mnt/host/source/src/platform/ec/build/zephyr/minimal-npcx9/modules/ec/common/system_boot_time.c.obj
[markarth:ro] [1/415] Generating include/generated/zephyr/version.h
[markarth:ro] -- git describe warned: warning: tag 'upstream/v2.7.99' is externally known as 'v2.7.99'
[markarth:ro] -- Zephyr version: 4.3.99 (/mnt/host/source/src/third_party/zephyr/main)
[markarth:ro] [2/415] Preparing syscall dependency handling
[minimal-npcx9:ro] [3/267] Generating include/generated/zephyr/version.h
[minimal-npcx9:ro] -- git describe warned: warning: tag 'upstream/v2.7.99' is externally known as 'v2.7.99'
[/mnt/host/source/src/platform/ec/build/zephyr/ite-aic-lcov]   /mnt/host/source/src/platform/ec/build/zephyr/ite-aic/build-ro/zephyr/arch/arch/riscv/core/CMakeFiles/arch__riscv__core.dir/cpu_idle.c.gcno:no functions found
[/mnt/host/source/src/platform/ec/build/zephyr/ite-aic-lcov] stderr:
[minimal-npcx9:rw] [23/267] Building C object CMakeFiles/app.dir/mnt/host/source/src/platform/ec/build/zephyr/minimal-npcx9/modules/ec/common/util.c.obj
[markarth:rw] [1/417] Generating include/generated/zephyr/version.h
[markarth:rw] -- git describe warned: warning: tag 'upstream/v2.7.99' is externally known as 'v2.7.99'
[minimal-npcx9:rw] [24/267] Building C object CMakeFiles/app.dir/mnt/host/source/src/platform/ec/build/zephyr/minimal-npcx9/modules/ec/common/version.c.obj
[markarth:rw] -- Zephyr version: 4.3.99 (/mnt/host/source/src/third_party/zephyr/main)
[markarth:rw] [2/417] Preparing syscall dependency handling
[minimal-npcx9:rw] [25/267] Building C object CMakeFiles/app.dir/mnt/host/source/src/platform/ec/build/zephyr/minimal-npcx9/modules/ec/common/system.c.obj
[markarth:ro] [3/415] Generating misc/generated/syscalls_subdirs.trigger
[minimal-npcx9:ro] -- Zephyr version: 4.3.99 (/mnt/host/source/src/third_party/zephyr/main)
[minimal-npcx9:ro] [4/267] cd /mnt/host/source/src/platform/ec/build/zephyr/minimal-npcx9/build-ro/modules/ec/zephyr && PYTHONPATH=/mnt/host/source/src/platform/ec/build/zephyr/minimal-npcx9/modules/ec/zephyr/zmake/ /usr/bin/python3.11 /mnt/host/source/src/platform/ec/build/zephyr/minimal-npcx9/modules/ec/zephyr/zmake/zephyr_build_tools/generate_ec_version.py /mnt/host/source/src/platform/ec/build/zephyr/minimal-npcx9/build-ro/modules/ec/zephyr/include/ec_version.h --name Zephyr-Kernel --version 16543.0.0 --static
[minimal-npcx9:ro] INFO:root:Using a static version string
[markarth:rw] [3/417] Generating misc/generated/syscalls_subdirs.trigger
[/mnt/host/source/src/platform/ec/build/zephyr/geralt-lcov]   /mnt/host/source/src/platform/ec/build/zephyr/geralt/build-ro/zephyr/arch/arch/riscv/core/CMakeFiles/arch__riscv__core.dir/cpu_idle.c.gcno:no functions found
[/mnt/host/source/src/platform/ec/build/zephyr/geralt-lcov] stderr:
[minimal-npcx9:rw] [26/267] Building C object CMakeFiles/app.dir/mnt/host/source/src/platform/ec/build/zephyr/minimal-npcx9/modules/ec/common/cbi_common.c.obj
Toolchain <zmake.toolchains.CorebootSdkToolchain object at 0x7f4120749dd0> selected by probe function.
[yavilla] Building in /mnt/host/source/src/platform/ec/build/zephyr/yavilla.
[minimal-npcx9:ro] INFO:root:Version string: Zephyr-Kernel-16543.0.0
[minimal-npcx9:ro] INFO:root:Writing header to /mnt/host/source/src/platform/ec/build/zephyr/minimal-npcx9/build-ro/modules/ec/zephyr/include/ec_version.h
[minimal-npcx9:ro] [5/267] Generating misc/generated/syscalls.json, misc/generated/struct_tags.json
[rauru:ro] /mnt/host/source/src/platform/ec/build/zephyr/rauru/build-ro/zephyr/zephyr.dts:3999.14-4007.5: Warning (gpios_property): /fans/fan0: Missing property '#gpio-cells' in node /named-gpios/en_pp5000_fan or bad phandle (referred from enable-gpio[0])
[rauru:ro] warning: Deprecated symbol I2C_ALLOW_NO_STOP_TRANSACTIONS is enabled.
[/mnt/host/source/src/platform/ec/build/zephyr/sundance-lcov] geninfo: WARNING: using JSON module "JSON::PP" - which is much slower than some alternatives.  Consider installing one of JSON::XS or Cpanel::JSON::XS
[minimal-npcx9:ro] [6/267] Generating include/generated/zephyr/syscall_dispatch.c, include/generated/zephyr/syscall_exports_llext.c, syscall_weakdefs_llext.c, include/generated/zephyr/syscall_list.h
[minimal-npcx9:rw] [27/267] Building C object CMakeFiles/app.dir/mnt/host/source/src/platform/ec/build/zephyr/minimal-npcx9/modules/ec/common/cbi_config.c.obj
[minimal-npcx9:rw] [28/267] Building C object CMakeFiles/app.dir/mnt/host/source/src/platform/ec/build/zephyr/minimal-npcx9/modules/ec/common/cbi_gpio.c.obj
[minimal-npcx9:rw] [29/267] Building C object CMakeFiles/app.dir/mnt/host/source/src/platform/ec/build/zephyr/minimal-npcx9/modules/ec/common/cbi.c.obj
[minimal-npcx9:rw] [30/267] Building C object CMakeFiles/app.dir/mnt/host/source/src/platform/ec/build/zephyr/minimal-npcx9/modules/ec/common/memory_commands.c.obj
[minimal-npcx9:ro] [7/267] Generating include/generated/zephyr/driver-validation.h
[minimal-npcx9:rw] [31/267] Building C object CMakeFiles/app.dir/mnt/host/source/src/platform/ec/build/zephyr/minimal-npcx9/modules/ec/common/ap_reset_log.c.obj
[/mnt/host/source/src/platform/ec/build/zephyr/ite-aic-lcov]   /mnt/host/source/src/platform/ec/build/zephyr/ite-aic/build-ro/zephyr/arch/common/CMakeFiles/isr_tables.dir/isr_tables.c.gcno:no functions found
[/mnt/host/source/src/platform/ec/build/zephyr/ite-aic-lcov] stderr:
[markarth:rw] [4/417] Generating misc/generated/syscalls.json, misc/generated/struct_tags.json
[markarth:ro] [4/415] Generating misc/generated/syscalls.json, misc/generated/struct_tags.json
[minimal-npcx9:ro] [8/267] Generating include/generated/zephyr/kobj-types-enum.h, include/generated/zephyr/otype-to-str.h, include/generated/zephyr/otype-to-size.h
[minimal-npcx9:ro] [9/267] Generating include/generated/device-api-sections.ld, include/generated/device-api-sections.cmake
[rauru:ro] Parsing /mnt/host/source/src/platform/ec/zephyr/program/rauru/Kconfig
[markarth:ro] [5/415] Generating include/generated/zephyr/syscall_dispatch.c, include/generated/zephyr/syscall_exports_llext.c, syscall_weakdefs_llext.c, include/generated/zephyr/syscall_list.h
[markarth:rw] [5/417] Generating include/generated/zephyr/syscall_dispatch.c, include/generated/zephyr/syscall_exports_llext.c, syscall_weakdefs_llext.c, include/generated/zephyr/syscall_list.h
[markarth:ro] [6/415] Generating include/generated/zephyr/driver-validation.h
[minimal-npcx9:rw] [32/267] Building C object CMakeFiles/app.dir/mnt/host/source/src/platform/ec/build/zephyr/minimal-npcx9/modules/ec/common/flash.c.obj
[/mnt/host/source/src/platform/ec/build/zephyr/geralt-lcov]   /mnt/host/source/src/platform/ec/build/zephyr/geralt/build-ro/zephyr/arch/common/CMakeFiles/isr_tables.dir/isr_tables.c.gcno:no functions found
[/mnt/host/source/src/platform/ec/build/zephyr/geralt-lcov] stderr:
[minimal-npcx9:rw] [33/267] Building C object CMakeFiles/app.dir/mnt/host/source/src/platform/ec/build/zephyr/minimal-npcx9/modules/ec/common/host_command.c.obj
[minimal-npcx9:rw] [34/267] Building C object CMakeFiles/app.dir/mnt/host/source/src/platform/ec/build/zephyr/minimal-npcx9/modules/ec/common/uart_hostcmd.c.obj
[minimal-npcx9:rw] [35/267] Building C object CMakeFiles/app.dir/mnt/host/source/src/platform/ec/build/zephyr/minimal-npcx9/modules/ec/common/host_command_task.c.obj
[markarth:rw] [6/417] Generating include/generated/zephyr/driver-validation.h
[markarth:ro] [7/415] Generating include/generated/zephyr/kobj-types-enum.h, include/generated/zephyr/otype-to-str.h, include/generated/zephyr/otype-to-size.h
[minimal-npcx9:rw] [36/267] Building C object CMakeFiles/app.dir/mnt/host/source/src/platform/ec/build/zephyr/minimal-npcx9/modules/ec/common/uptime.c.obj
[minimal-npcx9:rw] [37/267] Building C object CMakeFiles/app.dir/mnt/host/source/src/platform/ec/build/zephyr/minimal-npcx9/modules/ec/common/host_event_commands.c.obj
[/mnt/host/source/src/platform/ec/build/zephyr/chinchou-lcov]   /mnt/host/source/src/platform/ec/build/zephyr/chinchou/build-ro/CMakeFiles/app.dir/mnt/host/source/src/platform/ec/build/zephyr/chinchou/modules/ec/common/chargen.c.gcno:no functions found
[rauru:rw] warning: Deprecated symbol I2C_ALLOW_NO_STOP_TRANSACTIONS is enabled.
[/mnt/host/source/src/platform/ec/build/zephyr/chinchou-lcov] stderr:
[markarth:rw] [7/417] Generating include/generated/zephyr/kobj-types-enum.h, include/generated/zephyr/otype-to-str.h, include/generated/zephyr/otype-to-size.h
[markarth:ro] [8/415] Generating include/generated/device-api-sections.ld, include/generated/device-api-sections.cmake
[minimal-npcx9:rw] [38/267] Building C object CMakeFiles/app.dir/mnt/host/source/src/platform/ec/build/zephyr/minimal-npcx9/modules/ec/common/panic_output.c.obj
[markarth:rw] [8/417] Generating include/generated/device-api-sections.ld, include/generated/device-api-sections.cmake
[minimal-npcx9:ro] [10/267] Building C object zephyr/CMakeFiles/offsets.dir/arch/arm/core/offsets/offsets.c.obj
[/mnt/host/source/src/platform/ec/build/zephyr/sundance-lcov] stderr:
[/mnt/host/source/src/platform/ec/build/zephyr/sundance-lcov]   /mnt/host/source/src/platform/ec/build/zephyr/sundance/build-ro/modules/ec/zephyr/CMakeFiles/ec_shim.dir/shim/src/thermal.c.gcno:no functions found
[/mnt/host/source/src/platform/ec/build/zephyr/sundance-lcov] stderr:
[minimal-npcx9:ro] [11/267] Generating include/generated/zephyr/offsets.h
[minimal-npcx9:rw] [39/267] Building C object CMakeFiles/app.dir/mnt/host/source/src/platform/ec/build/zephyr/minimal-npcx9/modules/ec/common/sha256.c.obj
[minimal-npcx9:rw] [40/267] Building C object CMakeFiles/app.dir/mnt/host/source/src/platform/ec/build/zephyr/minimal-npcx9/modules/ec/common/spi_flash_reg.c.obj
[minimal-npcx9:rw] [41/267] Building C object CMakeFiles/app.dir/mnt/host/source/src/platform/ec/build/zephyr/minimal-npcx9/modules/ec/common/shared_mem.c.obj
[minimal-npcx9:rw] [42/267] Building C object CMakeFiles/app.dir/mnt/host/source/src/platform/ec/build/zephyr/minimal-npcx9/modules/ec/common/timer.c.obj
[rauru:ro] Loaded configuration '/mnt/host/source/src/platform/ec/zephyr/boards/google/it8xxx2/it8xxx2_it82202ax_defconfig'
[rauru:ro] Merged configuration '/mnt/host/source/src/platform/ec/zephyr/program/rauru/program.conf'
[rauru:ro] Merged configuration '/mnt/host/source/src/platform/ec/zephyr/program/rauru/rauru/project.conf'
[rauru:ro] Merged configuration '/mnt/host/source/src/platform/ec/build/zephyr/rauru/kconfig-ro.conf'
[rauru:ro] Configuration saved to '/mnt/host/source/src/platform/ec/build/zephyr/rauru/build-ro/zephyr/.config'
[rauru:ro] Kconfig header saved to '/mnt/host/source/src/platform/ec/build/zephyr/rauru/build-ro/zephyr/include/generated/zephyr/autoconf.h'
[rauru:ro] -- Found GnuLd: /home/jpmurphy/.cache/coreboot-sdk/riscv64-elf/96b949749225b6aaa92ed810ab769e8dfb12f000/riscv64-elf/bin/ld.bfd (found version "2.43.1")
[rauru:rw] Parsing /mnt/host/source/src/platform/ec/zephyr/program/rauru/Kconfig
[/mnt/host/source/src/platform/ec/build/zephyr/sundance-lcov]   /mnt/host/source/src/platform/ec/build/zephyr/sundance/build-ro/modules/ec/zephyr/CMakeFiles/ec_shim.dir/shim/src/battery.c.gcno:no functions found
[/mnt/host/source/src/platform/ec/build/zephyr/sundance-lcov] stderr:
[/mnt/host/source/src/platform/ec/build/zephyr/sundance-lcov]   /mnt/host/source/src/platform/ec/build/zephyr/sundance/build-ro/modules/ec/zephyr/CMakeFiles/ec_shim.dir/shim/src/charger.c.gcno:no functions found
[/mnt/host/source/src/platform/ec/build/zephyr/sundance-lcov] stderr:
[minimal-npcx9:rw] [43/267] Building C object CMakeFiles/app.dir/mnt/host/source/src/platform/ec/build/zephyr/minimal-npcx9/modules/ec/common/chargen.c.obj
[rauru:ro] -- The C compiler identification is GNU 14.2.0
[minimal-npcx9:rw] [44/267] Building C object CMakeFiles/app.dir/mnt/host/source/src/platform/ec/build/zephyr/minimal-npcx9/modules/ec/common/vboot_hash.c.obj
[minimal-npcx9:rw] [45/267] Building C object CMakeFiles/app.dir/mnt/host/source/src/platform/ec/build/zephyr/minimal-npcx9/modules/ec/common/vstore.c.obj
[markarth:ro] [9/415] Building C object zephyr/CMakeFiles/offsets.dir/arch/arm/core/offsets/offsets.c.obj
[markarth:rw] [9/417] Building C object zephyr/CMakeFiles/offsets.dir/arch/arm/core/offsets/offsets.c.obj
[rauru:ro] -- The CXX compiler identification is GNU 14.2.0
[minimal-npcx9:ro] [12/267] Building C object CMakeFiles/app.dir/mnt/host/source/src/platform/ec/zephyr/subsys/ap_pwrseq/ap_events.c.obj
[minimal-npcx9:rw] [46/267] Building C object zephyr/CMakeFiles/zephyr.dir/lib/libc/validate_libc.c.obj
[rauru:ro] -- The ASM compiler identification is GNU
[rauru:ro] -- Found assembler: /home/jpmurphy/.cache/coreboot-sdk/riscv64-elf/96b949749225b6aaa92ed810ab769e8dfb12f000/bin/riscv64-elf-gcc
[minimal-npcx9:rw] [47/267] Building C object CMakeFiles/app.dir/mnt/host/source/src/platform/ec/build/zephyr/minimal-npcx9/modules/ec/common/math_util.c.obj
[markarth:ro] [10/415] Generating include/generated/zephyr/offsets.h
[markarth:rw] [10/417] Generating include/generated/zephyr/offsets.h
[rauru:ro] CMake Warning at /mnt/host/source/src/platform/ec/zephyr/cmake/linker/ld/linker_libraries.cmake:11 (message):
[rauru:ro]   Disabling c_library
[rauru:ro] Call Stack (most recent call first):
[rauru:ro]   /mnt/host/source/src/third_party/zephyr/main/cmake/target_toolchain_flags.cmake:48 (include)
[rauru:ro]   /mnt/host/source/src/third_party/zephyr/main/cmake/modules/kernel.cmake:153 (include)
[rauru:ro]   /mnt/host/source/src/third_party/zephyr/main/cmake/modules/zephyr_default.cmake:138 (include)
[rauru:ro]   /mnt/host/source/src/third_party/zephyr/main/share/zephyr-package/cmake/ZephyrConfig.cmake:66 (include)
[rauru:ro]   /mnt/host/source/src/third_party/zephyr/main/share/zephyr-package/cmake/ZephyrConfig.cmake:97 (include_boilerplate)
[rauru:ro]   CMakeLists.txt:6 (find_package)
[minimal-npcx9:rw] [48/267] Building C object zephyr/CMakeFiles/zephyr.dir/lib/heap/heap.c.obj
[minimal-npcx9:rw] [49/267] Building C object zephyr/CMakeFiles/zephyr.dir/lib/os/cbprintf_packaged.c.obj
[minimal-npcx9:rw] [50/267] Linking C static library app/libapp.a
[minimal-npcx9:rw] [51/267] Building C object zephyr/CMakeFiles/zephyr.dir/lib/os/clock.c.obj
[minimal-npcx9:rw] [52/267] Building C object zephyr/CMakeFiles/zephyr.dir/lib/os/printk.c.obj
[minimal-npcx9:rw] [53/267] Building C object zephyr/CMakeFiles/zephyr.dir/lib/os/sem.c.obj
[rauru:rw] Loaded configuration '/mnt/host/source/src/platform/ec/zephyr/boards/google/it8xxx2/it8xxx2_it82202ax_defconfig'
[rauru:rw] Merged configuration '/mnt/host/source/src/platform/ec/zephyr/program/rauru/program.conf'
[rauru:rw] Merged configuration '/mnt/host/source/src/platform/ec/zephyr/program/rauru/rauru/project.conf'
[rauru:rw] Merged configuration '/mnt/host/source/src/platform/ec/build/zephyr/rauru/kconfig-rw.conf'
[rauru:rw] Configuration saved to '/mnt/host/source/src/platform/ec/build/zephyr/rauru/build-rw/zephyr/.config'
[rauru:rw] Kconfig header saved to '/mnt/host/source/src/platform/ec/build/zephyr/rauru/build-rw/zephyr/include/generated/zephyr/autoconf.h'
[rauru:rw] -- Found GnuLd: /home/jpmurphy/.cache/coreboot-sdk/riscv64-elf/96b949749225b6aaa92ed810ab769e8dfb12f000/riscv64-elf/bin/ld.bfd (found version "2.43.1")
[minimal-npcx9:rw] [54/267] Building C object zephyr/CMakeFiles/zephyr.dir/lib/utils/dec.c.obj
[minimal-npcx9:rw] [55/267] Building C object zephyr/CMakeFiles/zephyr.dir/lib/os/thread_entry.c.obj
[minimal-npcx9:ro] [13/267] Building C object CMakeFiles/app.dir/mnt/host/source/src/platform/ec/build/zephyr/minimal-npcx9/modules/ec/builtin/stdlib.c.obj
[minimal-npcx9:rw] [56/267] Building C object zephyr/CMakeFiles/zephyr.dir/lib/utils/hex.c.obj
[/mnt/host/source/src/platform/ec/build/zephyr/sundance-lcov]   /mnt/host/source/src/platform/ec/build/zephyr/sundance/build-ro/modules/ec/zephyr/CMakeFiles/ec_shim.dir/shim/src/usb_muxes.c.gcno:no functions found
[/mnt/host/source/src/platform/ec/build/zephyr/sundance-lcov] stderr:
[rauru:ro] -- Performing EC specific devicetree checks
[markarth:ro] [11/415] Building C object zephyr/CMakeFiles/zephyr.dir/lib/libc/validate_libc.c.obj
[minimal-npcx9:rw] [57/267] Building C object zephyr/CMakeFiles/zephyr.dir/lib/os/cbprintf_nano.c.obj
[minimal-npcx9:rw] [58/267] Building C object zephyr/CMakeFiles/zephyr.dir/lib/os/cbprintf.c.obj
[minimal-npcx9:rw] [59/267] Building C object zephyr/CMakeFiles/zephyr.dir/lib/os/assert.c.obj
[minimal-npcx9:rw] [60/267] Building C object zephyr/CMakeFiles/zephyr.dir/lib/utils/timeutil.c.obj
[rauru:rw] -- The C compiler identification is GNU 14.2.0
[rauru:ro] INFO: Verified 48 GPIOs, no duplicates found
[markarth:rw] [11/417] Building C object zephyr/CMakeFiles/zephyr.dir/lib/libc/validate_libc.c.obj
[minimal-npcx9:rw] [61/267] Building C object zephyr/CMakeFiles/zephyr.dir/lib/utils/last_section_id.c.obj
[minimal-npcx9:rw] [62/267] Building C object zephyr/CMakeFiles/zephyr.dir/lib/utils/bitmask.c.obj
[minimal-npcx9:rw] [63/267] Building C object zephyr/CMakeFiles/zephyr.dir/lib/utils/rb.c.obj
[rauru:ro] -- Generating component manifest file
[minimal-npcx9:rw] [64/267] Building C object zephyr/CMakeFiles/zephyr.dir/lib/utils/ring_buffer.c.obj
[minimal-npcx9:rw] [65/267] Building C object zephyr/CMakeFiles/zephyr.dir/misc/generated/configs.c.obj
[rauru:rw] -- The CXX compiler identification is GNU 14.2.0
[rauru:rw] -- The ASM compiler identification is GNU
[rauru:rw] -- Found assembler: /home/jpmurphy/.cache/coreboot-sdk/riscv64-elf/96b949749225b6aaa92ed810ab769e8dfb12f000/bin/riscv64-elf-gcc
[minimal-npcx9:rw] [66/267] Building C object zephyr/CMakeFiles/zephyr.dir/lib/utils/bitarray.c.obj
[rauru:rw] CMake Warning at /mnt/host/source/src/platform/ec/zephyr/cmake/linker/ld/linker_libraries.cmake:11 (message):
[rauru:rw]   Disabling c_library
[rauru:rw] Call Stack (most recent call first):
[rauru:rw]   /mnt/host/source/src/third_party/zephyr/main/cmake/target_toolchain_flags.cmake:48 (include)
[rauru:rw]   /mnt/host/source/src/third_party/zephyr/main/cmake/modules/kernel.cmake:153 (include)
[rauru:rw]   /mnt/host/source/src/third_party/zephyr/main/cmake/modules/zephyr_default.cmake:138 (include)
[rauru:rw]   /mnt/host/source/src/third_party/zephyr/main/share/zephyr-package/cmake/ZephyrConfig.cmake:66 (include)
[rauru:rw]   /mnt/host/source/src/third_party/zephyr/main/share/zephyr-package/cmake/ZephyrConfig.cmake:97 (include_boilerplate)
[rauru:rw]   CMakeLists.txt:6 (find_package)
[rauru:ro] INFO: Verified 15 '*-gpios' properties, all flags match.
[rauru:ro] INFO: Skipped 1 named-gpios children.
[rauru:ro] INFO: Running CME, outputting to /mnt/host/source/src/platform/ec/build/zephyr/rauru/build-ro/zephyr/component_manifest.json
[rauru:ro] INFO: Project rauru does not support SSFC
[rauru:ro] INFO: Component usbpd@f03700(ite,it8xxx2-usbpd) not on I2C bus, skip it
[rauru:ro] INFO: Component virtual-mux-0(cros-ec,usbc-mux-virtual) not on I2C bus, skip it
[rauru:ro] INFO: Component usbpd@f03800(ite,it8xxx2-usbpd) not on I2C bus, skip it
[rauru:ro] INFO: Component virtual-mux-1(cros-ec,usbc-mux-virtual) not on I2C bus, skip it
[rauru:ro] INFO: Component virtual-mux-1(cros-ec,usbc-mux-virtual) not on I2C bus, skip it
[minimal-npcx9:ro] [14/267] Building C object CMakeFiles/app.dir/mnt/host/source/src/platform/ec/build/zephyr/minimal-npcx9/modules/ec/common/base32.c.obj
[minimal-npcx9:rw] [67/267] Building C object zephyr/CMakeFiles/zephyr.dir/lib/utils/getopt/getopt_common.c.obj
[minimal-npcx9:rw] [68/267] Building C object zephyr/CMakeFiles/zephyr.dir/lib/utils/getopt/getopt.c.obj
[markarth:ro] [12/415] Building C object zephyr/CMakeFiles/zephyr.dir/lib/heap/heap.c.obj
[minimal-npcx9:rw] [69/267] Building C object zephyr/CMakeFiles/zephyr.dir/soc/nuvoton/npcx/common/power.c.obj
[minimal-npcx9:rw] [70/267] Building C object zephyr/CMakeFiles/zephyr.dir/soc/nuvoton/npcx/common/npcxn/registers.c.obj
[rauru:ro] -- warning_base_override: -Wall;-Wformat;-Wformat-security;-Wformat;-Wno-format-zero-length;-Wno-pointer-sign;-Wpointer-arith;-Wexpansion-to-defined
[minimal-npcx9:rw] [71/267] Building C object zephyr/CMakeFiles/zephyr.dir/soc/nuvoton/npcx/common/scfg.c.obj
[markarth:rw] [12/417] Building C object zephyr/CMakeFiles/zephyr.dir/lib/heap/heap.c.obj
[/mnt/host/source/src/platform/ec/build/zephyr/ite-aic-lcov]   /mnt/host/source/src/platform/ec/build/zephyr/ite-aic/build-ro/zephyr/CMakeFiles/zephyr.dir/subsys/shell/modules/kernel_service/kernel_shell.c.gcno:no functions found
[/mnt/host/source/src/platform/ec/build/zephyr/ite-aic-lcov] stderr:
[minimal-npcx9:rw] [72/267] Building C object zephyr/CMakeFiles/zephyr.dir/soc/nuvoton/npcx/npcx9/soc.c.obj
[minimal-npcx9:rw] [73/267] Building C object zephyr/CMakeFiles/zephyr.dir/subsys/logging/log_minimal.c.obj
[rauru:rw] -- Performing EC specific devicetree checks
[/mnt/host/source/src/platform/ec/build/zephyr/ite-aic-lcov]   /mnt/host/source/src/platform/ec/build/zephyr/ite-aic/build-ro/zephyr/CMakeFiles/zephyr.dir/lib/libc/validate_libc.c.gcno:no functions found
[/mnt/host/source/src/platform/ec/build/zephyr/ite-aic-lcov] stderr:
[rauru:ro] -- Found gen_kobject_list: /mnt/host/source/src/third_party/zephyr/main/scripts/build/gen_kobject_list.py
[minimal-npcx9:rw] [74/267] Building C object zephyr/CMakeFiles/zephyr.dir/subsys/mem_mgmt/mem_attr.c.obj
[minimal-npcx9:ro] [15/267] Building C object CMakeFiles/app.dir/mnt/host/source/src/platform/ec/build/zephyr/minimal-npcx9/modules/ec/common/console_output.c.obj
[rauru:ro] INFO: Component base-als-rgb(cros-ec,tcs3400-rgb) not on I2C bus, skip it
[rauru:ro] INFO: No motionsense-sensor-alt node found
[rauru:ro] CMake Warning at /mnt/host/source/src/third_party/zephyr/main/CMakeLists.txt:1134 (message):
[rauru:ro]   No SOURCES given to Zephyr library: drivers__syscon
[rauru:ro]   Excluding target from build.
[rauru:ro] CMake Warning at /mnt/host/source/src/third_party/zephyr/main/CMakeLists.txt:2359 (message):
[rauru:ro]   __ASSERT() statements are globally ENABLED
[rauru:rw] INFO: Verified 48 GPIOs, no duplicates found
[rauru:rw] INFO: Verified 15 '*-gpios' properties, all flags match.
[minimal-npcx9:rw] [75/267] Building C object zephyr/CMakeFiles/zephyr.dir/subsys/pm/state.c.obj
[minimal-npcx9:rw] [76/267] Building C object zephyr/CMakeFiles/zephyr.dir/subsys/pm/policy/policy_events.c.obj
[minimal-npcx9:rw] [77/267] Building C object zephyr/CMakeFiles/zephyr.dir/subsys/pm/pm.c.obj
[minimal-npcx9:rw] [78/267] Building C object zephyr/CMakeFiles/zephyr.dir/subsys/pm/policy/policy_latency.c.obj
[rauru:ro] -- Configuring done (15.7s)
[markarth:ro] [13/415] Building C object zephyr/CMakeFiles/zephyr.dir/lib/os/cbprintf_packaged.c.obj
[rauru:rw] -- Generating component manifest file
[minimal-npcx9:rw] [79/267] Building C object zephyr/CMakeFiles/zephyr.dir/subsys/pm/policy/policy_state_lock.c.obj
[minimal-npcx9:rw] [80/267] Building C object zephyr/CMakeFiles/zephyr.dir/subsys/pm/device.c.obj
[markarth:rw] [13/417] Building C object zephyr/CMakeFiles/zephyr.dir/lib/os/cbprintf_packaged.c.obj
[/mnt/host/source/src/platform/ec/build/zephyr/geralt-lcov]   /mnt/host/source/src/platform/ec/build/zephyr/geralt/build-ro/zephyr/CMakeFiles/zephyr.dir/subsys/shell/modules/kernel_service/kernel_shell.c.gcno:no functions found
[/mnt/host/source/src/platform/ec/build/zephyr/geralt-lcov] stderr:
[rauru:rw] INFO: Skipped 1 named-gpios children.
[rauru:rw] INFO: Running CME, outputting to /mnt/host/source/src/platform/ec/build/zephyr/rauru/build-rw/zephyr/component_manifest.json
[rauru:rw] INFO: Project rauru does not support SSFC
[rauru:rw] INFO: Component usbpd@f03700(ite,it8xxx2-usbpd) not on I2C bus, skip it
[rauru:rw] INFO: Component virtual-mux-0(cros-ec,usbc-mux-virtual) not on I2C bus, skip it
[rauru:rw] INFO: Component usbpd@f03800(ite,it8xxx2-usbpd) not on I2C bus, skip it
[rauru:rw] INFO: Component virtual-mux-1(cros-ec,usbc-mux-virtual) not on I2C bus, skip it
[rauru:rw] INFO: Component virtual-mux-1(cros-ec,usbc-mux-virtual) not on I2C bus, skip it
[rauru:rw] INFO: Component base-als-rgb(cros-ec,tcs3400-rgb) not on I2C bus, skip it
[rauru:rw] INFO: No motionsense-sensor-alt node found
[minimal-npcx9:rw] [81/267] Building C object zephyr/CMakeFiles/zephyr.dir/subsys/pm/device_system_managed.c.obj
[rauru:rw] -- warning_base_override: -Wall;-Wformat;-Wformat-security;-Wformat;-Wno-format-zero-length;-Wno-pointer-sign;-Wpointer-arith;-Wexpansion-to-defined
[minimal-npcx9:rw] [82/267] Building C object zephyr/CMakeFiles/zephyr.dir/subsys/tracing/tracing_none.c.obj
[rauru:ro] -- Generating done (0.5s)
[rauru:ro] CMake Warning:
[minimal-npcx9:ro] [16/267] Building C object CMakeFiles/app.dir/mnt/host/source/src/platform/ec/build/zephyr/minimal-npcx9/modules/ec/common/ec_features.c.obj
[minimal-npcx9:rw] [83/267] Building C object zephyr/CMakeFiles/zephyr.dir/subsys/shell/modules/kernel_service/kernel_shell.c.obj
[minimal-npcx9:rw] [84/267] Building C object zephyr/CMakeFiles/zephyr.dir/subsys/shell/modules/kernel_service/cycles.c.obj
[minimal-npcx9:rw] [85/267] Building C object zephyr/CMakeFiles/zephyr.dir/subsys/testsuite/coverage/coverage.c.obj
[/mnt/host/source/src/platform/ec/build/zephyr/geralt-lcov]   /mnt/host/source/src/platform/ec/build/zephyr/geralt/build-ro/zephyr/CMakeFiles/zephyr.dir/lib/libc/validate_libc.c.gcno:no functions found
[/mnt/host/source/src/platform/ec/build/zephyr/geralt-lcov] stderr:
[/mnt/host/source/src/platform/ec/build/zephyr/ite-aic-lcov]   /mnt/host/source/src/platform/ec/build/zephyr/ite-aic/build-ro/zephyr/CMakeFiles/zephyr.dir/lib/utils/last_section_id.c.gcno:no functions found
[/mnt/host/source/src/platform/ec/build/zephyr/ite-aic-lcov] stderr:
[rauru:ro] -- Build files have been written to: /mnt/host/source/src/platform/ec/build/zephyr/rauru/build-ro
[rauru:ro]   Manually-specified variables were not used by the project:
[rauru:ro]     COREBOOT_SDK_ROOT_arm
[rauru:ro]     COREBOOT_SDK_ROOT_libstdcxx_arm
[rauru:ro]     COREBOOT_SDK_ROOT_libstdcxx_x86
[rauru:ro]     COREBOOT_SDK_ROOT_nds32
[rauru:ro]     COREBOOT_SDK_ROOT_picolibc_arm
[rauru:ro]     COREBOOT_SDK_ROOT_picolibc_x86
[rauru:ro]     COREBOOT_SDK_ROOT_riscv
[rauru:ro]     COREBOOT_SDK_ROOT_x86
[minimal-npcx9:rw] [86/267] Building C object zephyr/CMakeFiles/zephyr.dir/subsys/shell/modules/kernel_service/uptime.c.obj
[minimal-npcx9:rw] [87/267] Building C object zephyr/CMakeFiles/zephyr.dir/subsys/shell/modules/kernel_service/sleep.c.obj
[rauru:rw] -- Found gen_kobject_list: /mnt/host/source/src/third_party/zephyr/main/scripts/build/gen_kobject_list.py
[rauru:rw] CMake Warning at /mnt/host/source/src/third_party/zephyr/main/CMakeLists.txt:1134 (message):
[rauru:rw]   No SOURCES given to Zephyr library: drivers__syscon
[markarth:ro] [14/415] Building C object zephyr/CMakeFiles/zephyr.dir/lib/os/clock.c.obj
[rauru:rw]   Excluding target from build.
[rauru:rw] CMake Warning at /mnt/host/source/src/third_party/zephyr/main/CMakeLists.txt:2359 (message):
[minimal-npcx9:rw] [88/267] Building C object zephyr/CMakeFiles/zephyr.dir/subsys/shell/modules/kernel_service/version.c.obj
[markarth:rw] [14/417] Building C object zephyr/CMakeFiles/zephyr.dir/lib/os/clock.c.obj
[minimal-npcx9:rw] [89/267] Building C object zephyr/CMakeFiles/zephyr.dir/subsys/shell/modules/kernel_service/thread/thread.c.obj
[rauru:rw] -- Configuring done (16.5s)
[minimal-npcx9:ro] [17/267] Building C object CMakeFiles/app.dir/mnt/host/source/src/platform/ec/build/zephyr/minimal-npcx9/modules/ec/common/gpio_commands.c.obj
[minimal-npcx9:rw] [90/267] Building C object zephyr/CMakeFiles/zephyr.dir/subsys/shell/modules/kernel_service/thread/list.c.obj
[minimal-npcx9:rw] [91/267] Building C object zephyr/CMakeFiles/zephyr.dir/subsys/shell/modules/kernel_service/thread/stacks.c.obj
[minimal-npcx9:rw] [92/267] Building C object zephyr/CMakeFiles/zephyr.dir/subsys/shell/modules/kernel_service/thread/suspend.c.obj
[minimal-npcx9:rw] [93/267] Building C object zephyr/CMakeFiles/zephyr.dir/subsys/shell/modules/kernel_service/thread/kill.c.obj
[minimal-npcx9:rw] [94/267] Building C object zephyr/CMakeFiles/zephyr.dir/subsys/shell/modules/kernel_service/thread/resume.c.obj
[minimal-npcx9:ro] [18/267] Building C object CMakeFiles/app.dir/mnt/host/source/src/platform/ec/build/zephyr/minimal-npcx9/modules/ec/common/peripheral.c.obj
[rauru:rw] -- Generating done (0.4s)
[rauru:rw]   __ASSERT() statements are globally ENABLED
[rauru:rw] CMake Warning:
[rauru:rw] -- Build files have been written to: /mnt/host/source/src/platform/ec/build/zephyr/rauru/build-rw
[/mnt/host/source/src/platform/ec/build/zephyr/sundance-lcov]   /mnt/host/source/src/platform/ec/build/zephyr/sundance/build-ro/modules/ec/zephyr/CMakeFiles/ec_shim.dir/shim/src/keyscan.c.gcno:no functions found
[/mnt/host/source/src/platform/ec/build/zephyr/sundance-lcov] stderr:
[markarth:ro] [15/415] Building C object zephyr/CMakeFiles/zephyr.dir/lib/os/printk.c.obj
[/mnt/host/source/src/platform/ec/build/zephyr/geralt-lcov]   /mnt/host/source/src/platform/ec/build/zephyr/geralt/build-ro/zephyr/CMakeFiles/zephyr.dir/lib/utils/last_section_id.c.gcno:no functions found
[/mnt/host/source/src/platform/ec/build/zephyr/geralt-lcov] stderr:
[rauru:rw]   Manually-specified variables were not used by the project:
[rauru:rw]     COREBOOT_SDK_ROOT_arm
[rauru:rw]     COREBOOT_SDK_ROOT_libstdcxx_arm
[rauru:rw]     COREBOOT_SDK_ROOT_libstdcxx_x86
[rauru:rw]     COREBOOT_SDK_ROOT_nds32
[rauru:rw]     COREBOOT_SDK_ROOT_picolibc_arm
[rauru:rw]     COREBOOT_SDK_ROOT_picolibc_x86
[rauru:rw]     COREBOOT_SDK_ROOT_riscv
[rauru:rw]     COREBOOT_SDK_ROOT_x86
[markarth:rw] [15/417] Building C object zephyr/CMakeFiles/zephyr.dir/lib/os/printk.c.obj
[minimal-npcx9:rw] [95/267] Building C object zephyr/CMakeFiles/zephyr.dir/subsys/shell/shell_fprintf.c.obj
[minimal-npcx9:rw] [96/267] Building C object zephyr/CMakeFiles/zephyr.dir/subsys/shell/backends/shell_uart.c.obj
[minimal-npcx9:rw] [97/267] Building C object zephyr/CMakeFiles/zephyr.dir/subsys/shell/shell.c.obj
[/mnt/host/source/src/platform/ec/build/zephyr/chinchou-lcov]   /mnt/host/source/src/platform/ec/build/zephyr/chinchou/build-ro/CMakeFiles/app.dir/mnt/host/source/src/platform/ec/build/zephyr/chinchou/modules/ec/common/cbi_config.c.gcno:no functions found
[/mnt/host/source/src/platform/ec/build/zephyr/chinchou-lcov] stderr:
[minimal-npcx9:rw] [98/267] Building C object zephyr/CMakeFiles/zephyr.dir/subsys/shell/shell_utils.c.obj
[minimal-npcx9:rw] [99/267] Building C object zephyr/CMakeFiles/zephyr.dir/subsys/shell/shell_ops.c.obj
[minimal-npcx9:ro] [19/267] Building C object CMakeFiles/app.dir/mnt/host/source/src/platform/ec/build/zephyr/minimal-npcx9/modules/ec/common/printf.c.obj
[minimal-npcx9:rw] [100/267] Building C object zephyr/CMakeFiles/zephyr.dir/subsys/shell/shell_help.c.obj
[minimal-npcx9:rw] [101/267] Building C object zephyr/CMakeFiles/zephyr.dir/subsys/shell/shell_history.c.obj
[minimal-npcx9:ro] [20/267] Building C object CMakeFiles/app.dir/mnt/host/source/src/platform/ec/build/zephyr/minimal-npcx9/modules/ec/common/queue.c.obj
[minimal-npcx9:rw] [102/267] Building ASM object zephyr/arch/arch/arm/core/CMakeFiles/arch__arm__core.dir/nmi_on_reset.S.obj
[minimal-npcx9:rw] [103/267] Building C object zephyr/arch/common/CMakeFiles/arch__common.dir/init.c.obj
[minimal-npcx9:rw] [104/267] Building C object zephyr/arch/common/CMakeFiles/arch__common.dir/sw_isr_common.c.obj
[markarth:ro] [16/415] Building C object zephyr/CMakeFiles/zephyr.dir/lib/os/sem.c.obj
[minimal-npcx9:rw] [105/267] Building C object zephyr/arch/common/CMakeFiles/arch__common.dir/xip.c.obj
[markarth:rw] [16/417] Building C object zephyr/CMakeFiles/zephyr.dir/lib/os/sem.c.obj
[minimal-npcx9:rw] [106/267] Building C object zephyr/CMakeFiles/zephyr.dir/drivers/flash/flash_util.c.obj
[minimal-npcx9:rw] [107/267] Building C object zephyr/arch/common/CMakeFiles/isr_tables.dir/isr_tables.c.obj
[minimal-npcx9:rw] [108/267] Building ASM object zephyr/arch/arch/arm/core/cortex_m/CMakeFiles/arch__arm__core__cortex_m.dir/fault_s.S.obj
[minimal-npcx9:rw] [109/267] Building C object zephyr/arch/arch/arm/core/CMakeFiles/arch__arm__core.dir/fatal.c.obj
[/mnt/host/source/src/platform/ec/build/zephyr/chinchou-lcov]   /mnt/host/source/src/platform/ec/build/zephyr/chinchou/build-ro/zephyr/arch/arch/riscv/core/CMakeFiles/arch__riscv__core.dir/cpu_idle.c.gcno:no functions found
[/mnt/host/source/src/platform/ec/build/zephyr/chinchou-lcov] stderr:
[minimal-npcx9:rw] [110/267] Linking C static library zephyr/arch/common/libisr_tables.a
[minimal-npcx9:rw] [111/267] Linking C static library zephyr/libzephyr.a
[minimal-npcx9:rw] [112/267] Building C object zephyr/arch/arch/arm/core/CMakeFiles/arch__arm__core.dir/nmi.c.obj
[minimal-npcx9:rw] [113/267] Linking C static library zephyr/arch/common/libarch__common.a
[minimal-npcx9:rw] [114/267] Linking C static library zephyr/arch/arch/arm/core/libarch__arm__core.a
[minimal-npcx9:rw] [115/267] Building C object zephyr/arch/arch/arm/core/cortex_m/CMakeFiles/arch__arm__core__cortex_m.dir/exc_exit.c.obj
[minimal-npcx9:ro] [21/267] Building C object CMakeFiles/app.dir/mnt/host/source/src/platform/ec/build/zephyr/minimal-npcx9/modules/ec/common/system_boot_time.c.obj
[minimal-npcx9:ro] [22/267] Building C object CMakeFiles/app.dir/mnt/host/source/src/platform/ec/build/zephyr/minimal-npcx9/modules/ec/common/system.c.obj
[minimal-npcx9:rw] [116/267] Building C object zephyr/arch/arch/arm/core/cortex_m/CMakeFiles/arch__arm__core__cortex_m.dir/fault.c.obj
[minimal-npcx9:rw] [117/267] Building ASM object zephyr/arch/arch/arm/core/cortex_m/CMakeFiles/arch__arm__core__cortex_m.dir/vector_table.S.obj
[minimal-npcx9:rw] [118/267] Building C object zephyr/arch/arch/arm/core/cortex_m/CMakeFiles/arch__arm__core__cortex_m.dir/fpu.c.obj
[minimal-npcx9:rw] [119/267] Building ASM object zephyr/arch/arch/arm/core/cortex_m/CMakeFiles/arch__arm__core__cortex_m.dir/reset.S.obj
[markarth:ro] [17/415] Building C object zephyr/CMakeFiles/zephyr.dir/lib/os/thread_entry.c.obj
[markarth:rw] [17/417] Building C object zephyr/CMakeFiles/zephyr.dir/lib/os/thread_entry.c.obj
[minimal-npcx9:rw] [120/267] Building C object zephyr/arch/arch/arm/core/cortex_m/CMakeFiles/arch__arm__core__cortex_m.dir/scb.c.obj
[minimal-npcx9:rw] [121/267] Building C object zephyr/arch/arch/arm/core/cortex_m/CMakeFiles/arch__arm__core__cortex_m.dir/thread_abort.c.obj
[minimal-npcx9:rw] [122/267] Building ASM object zephyr/arch/arch/arm/core/cortex_m/CMakeFiles/arch__arm__core__cortex_m.dir/swap_helper.S.obj
[minimal-npcx9:rw] [123/267] Building C object zephyr/arch/arch/arm/core/cortex_m/CMakeFiles/arch__arm__core__cortex_m.dir/prep_c.c.obj
[minimal-npcx9:rw] [124/267] Building C object zephyr/arch/arch/arm/core/cortex_m/CMakeFiles/arch__arm__core__cortex_m.dir/irq_manage.c.obj
[minimal-npcx9:ro] [23/267] Building C object CMakeFiles/app.dir/mnt/host/source/src/platform/ec/build/zephyr/minimal-npcx9/modules/ec/common/uart_printf.c.obj
[minimal-npcx9:rw] [125/267] Generating ../../../include/generated/libc/minimal/strerror_table.h
[/mnt/host/source/src/platform/ec/build/zephyr/chinchou-lcov]   /mnt/host/source/src/platform/ec/build/zephyr/chinchou/build-ro/zephyr/arch/common/CMakeFiles/isr_tables.dir/isr_tables.c.gcno:no functions found
[/mnt/host/source/src/platform/ec/build/zephyr/chinchou-lcov] stderr:
[minimal-npcx9:ro] [24/267] Building C object CMakeFiles/app.dir/mnt/host/source/src/platform/ec/build/zephyr/minimal-npcx9/modules/ec/common/util.c.obj
[minimal-npcx9:rw] [126/267] Building C object zephyr/arch/arch/arm/core/cortex_m/CMakeFiles/arch__arm__core__cortex_m.dir/thread.c.obj
[minimal-npcx9:rw] [127/267] Building C object zephyr/arch/arch/arm/core/cortex_m/CMakeFiles/arch__arm__core__cortex_m.dir/irq_init.c.obj
[minimal-npcx9:rw] [128/267] Building C object zephyr/lib/libc/minimal/CMakeFiles/lib__libc__minimal.dir/source/stdlib/atoi.c.obj
[minimal-npcx9:rw] [129/267] Building C object zephyr/arch/arch/arm/core/cortex_m/CMakeFiles/arch__arm__core__cortex_m.dir/cpu_idle.c.obj
[minimal-npcx9:rw] [130/267] Building C object zephyr/arch/arch/arm/core/cortex_m/CMakeFiles/arch__arm__core__cortex_m.dir/isr_wrapper.c.obj
[minimal-npcx9:rw] [131/267] Building C object zephyr/lib/libc/minimal/CMakeFiles/lib__libc__minimal.dir/source/stdlib/strtoul.c.obj
[minimal-npcx9:rw] [132/267] Building C object zephyr/lib/libc/minimal/CMakeFiles/lib__libc__minimal.dir/source/stdlib/strtol.c.obj
[minimal-npcx9:rw] [133/267] Building C object zephyr/lib/libc/minimal/CMakeFiles/lib__libc__minimal.dir/source/stdlib/strtoull.c.obj
[minimal-npcx9:rw] [134/267] Linking C static library zephyr/arch/arch/arm/core/cortex_m/libarch__arm__core__cortex_m.a
[minimal-npcx9:rw] [135/267] Building C object zephyr/arch/arch/arm/core/mpu/CMakeFiles/arch__arm__core__mpu.dir/arm_core_mpu.c.obj
[minimal-npcx9:rw] [136/267] Building C object zephyr/lib/libc/minimal/CMakeFiles/lib__libc__minimal.dir/source/stdlib/strtoll.c.obj
[markarth:rw] [18/417] Building C object zephyr/CMakeFiles/zephyr.dir/lib/os/cbprintf_nano.c.obj
[minimal-npcx9:rw] [137/267] Building C object zephyr/lib/libc/minimal/CMakeFiles/lib__libc__minimal.dir/source/stdlib/bsearch.c.obj
[minimal-npcx9:rw] [138/267] Building C object zephyr/arch/arch/arm/core/mpu/CMakeFiles/arch__arm__core__mpu.dir/arm_mpu_regions.c.obj
[markarth:ro] [18/415] Building C object zephyr/CMakeFiles/zephyr.dir/lib/os/cbprintf_nano.c.obj
[minimal-npcx9:rw] [139/267] Building C object zephyr/lib/libc/minimal/CMakeFiles/lib__libc__minimal.dir/source/string/strncasecmp.c.obj
[minimal-npcx9:rw] [140/267] Building C object zephyr/lib/libc/minimal/CMakeFiles/lib__libc__minimal.dir/source/string/strstr.c.obj
[minimal-npcx9:rw] [141/267] Building C object zephyr/lib/libc/minimal/CMakeFiles/lib__libc__minimal.dir/source/stdlib/qsort.c.obj
[minimal-npcx9:rw] [142/267] Building C object zephyr/lib/libc/minimal/CMakeFiles/lib__libc__minimal.dir/source/string/string.c.obj
[minimal-npcx9:rw] [143/267] Building C object zephyr/arch/arch/arm/core/mpu/CMakeFiles/arch__arm__core__mpu.dir/arm_mpu.c.obj
[minimal-npcx9:rw] [144/267] Building C object zephyr/lib/libc/minimal/CMakeFiles/lib__libc__minimal.dir/source/string/strerror.c.obj
[minimal-npcx9:rw] [145/267] Building C object zephyr/lib/libc/minimal/CMakeFiles/lib__libc__minimal.dir/source/string/strspn.c.obj
[minimal-npcx9:rw] [146/267] Linking C static library zephyr/arch/arch/arm/core/mpu/libarch__arm__core__mpu.a
[minimal-npcx9:ro] [25/267] Building C object CMakeFiles/app.dir/mnt/host/source/src/platform/ec/build/zephyr/minimal-npcx9/modules/ec/common/version.c.obj
[minimal-npcx9:ro] [26/267] Building C object CMakeFiles/app.dir/mnt/host/source/src/platform/ec/build/zephyr/minimal-npcx9/modules/ec/common/cbi_common.c.obj
[minimal-npcx9:rw] [147/267] Building C object zephyr/lib/libc/minimal/CMakeFiles/lib__libc__minimal.dir/source/math/sqrtf.c.obj
[minimal-npcx9:rw] [148/267] Building C object zephyr/lib/libc/minimal/CMakeFiles/lib__libc__minimal.dir/source/math/sqrt.c.obj
[minimal-npcx9:rw] [149/267] Building C object zephyr/lib/libc/minimal/CMakeFiles/lib__libc__minimal.dir/source/stdlib/exit.c.obj
[minimal-npcx9:rw] [150/267] Building C object zephyr/lib/libc/minimal/CMakeFiles/lib__libc__minimal.dir/source/stdout/fprintf.c.obj
[minimal-npcx9:rw] [151/267] Building C object zephyr/lib/libc/common/CMakeFiles/lib__libc__common.dir/source/time/gmtime_r.c.obj
[markarth:rw] [19/417] Building C object zephyr/CMakeFiles/zephyr.dir/lib/os/cbprintf.c.obj
[minimal-npcx9:rw] [152/267] Building C object zephyr/lib/libc/minimal/CMakeFiles/lib__libc__minimal.dir/source/stdout/stdout_console.c.obj
[minimal-npcx9:rw] [153/267] Building C object zephyr/lib/libc/common/CMakeFiles/lib__libc__common.dir/source/time/asctime.c.obj
[minimal-npcx9:rw] [154/267] Building C object zephyr/lib/libc/minimal/CMakeFiles/lib__libc__minimal.dir/source/time/gmtime.c.obj
[minimal-npcx9:rw] [155/267] Building C object zephyr/lib/libc/minimal/CMakeFiles/lib__libc__minimal.dir/source/stdout/sprintf.c.obj
[markarth:ro] [19/415] Building C object zephyr/CMakeFiles/zephyr.dir/lib/os/cbprintf.c.obj
[minimal-npcx9:rw] [156/267] Building C object zephyr/lib/libc/common/CMakeFiles/lib__libc__common.dir/source/time/localtime_r_utc.c.obj
[minimal-npcx9:rw] [157/267] Building C object zephyr/lib/libc/common/CMakeFiles/lib__libc__common.dir/source/string/strnlen.c.obj
[minimal-npcx9:rw] [158/267] Building C object zephyr/lib/libc/common/CMakeFiles/lib__libc__common.dir/source/time/ctime.c.obj
[minimal-npcx9:rw] [159/267] Building C object zephyr/lib/posix/c_lib_ext/CMakeFiles/lib__posix__c_lib_ext.dir/fnmatch.c.obj
[minimal-npcx9:rw] [160/267] Linking C static library zephyr/lib/libc/minimal/liblib__libc__minimal.a
[minimal-npcx9:rw] [161/267] Building C object zephyr/lib/libc/common/CMakeFiles/lib__libc__common.dir/source/time/time.c.obj
[minimal-npcx9:rw] [162/267] Building C object zephyr/lib/libc/common/CMakeFiles/lib__libc__common.dir/source/stdlib/abort.c.obj
[minimal-npcx9:rw] [163/267] Building C object zephyr/subsys/crc/CMakeFiles/subsys__crc.dir/crc4_sw.c.obj
[minimal-npcx9:ro] [27/267] Building C object CMakeFiles/app.dir/mnt/host/source/src/platform/ec/build/zephyr/minimal-npcx9/modules/ec/common/cbi_config.c.obj
[minimal-npcx9:rw] [164/267] Building C object zephyr/subsys/crc/CMakeFiles/subsys__crc.dir/crc8_sw.c.obj
[minimal-npcx9:rw] [165/267] Building C object zephyr/subsys/crc/CMakeFiles/subsys__crc.dir/crc16_sw.c.obj
[minimal-npcx9:ro] [28/267] Building C object CMakeFiles/app.dir/mnt/host/source/src/platform/ec/build/zephyr/minimal-npcx9/modules/ec/common/cbi.c.obj
[minimal-npcx9:rw] [166/267] Building C object zephyr/subsys/crc/CMakeFiles/subsys__crc.dir/crc24_sw.c.obj
[minimal-npcx9:rw] [167/267] Building C object zephyr/subsys/crc/CMakeFiles/subsys__crc.dir/crc7_sw.c.obj
[minimal-npcx9:rw] [168/267] Building C object zephyr/subsys/crc/CMakeFiles/subsys__crc.dir/crc32c_sw.c.obj
[minimal-npcx9:rw] [169/267] Building C object zephyr/subsys/crc/CMakeFiles/subsys__crc.dir/crc32_sw.c.obj
[minimal-npcx9:rw] [170/267] Building C object zephyr/subsys/crc/CMakeFiles/subsys__crc.dir/crc32k_4_2_sw.c.obj
[minimal-npcx9:rw] [171/267] Building C object zephyr/lib/libc/common/CMakeFiles/lib__libc__common.dir/source/stdlib/malloc.c.obj
[minimal-npcx9:rw] [172/267] Linking C static library zephyr/subsys/crc/libsubsys__crc.a
[minimal-npcx9:rw] [173/267] Building C object zephyr/lib/posix/c_lib_ext/CMakeFiles/lib__posix__c_lib_ext.dir/getentropy.c.obj
[minimal-npcx9:rw] [174/267] Building C object zephyr/lib/posix/c_lib_ext/CMakeFiles/lib__posix__c_lib_ext.dir/getopt_shim.c.obj
[minimal-npcx9:rw] [175/267] Linking C static library zephyr/lib/libc/common/liblib__libc__common.a
[markarth:rw] [20/417] Building C object zephyr/CMakeFiles/zephyr.dir/lib/os/assert.c.obj
[minimal-npcx9:rw] [176/267] Linking C static library zephyr/lib/posix/c_lib_ext/liblib__posix__c_lib_ext.a
[markarth:ro] [20/415] Building C object zephyr/CMakeFiles/zephyr.dir/lib/os/assert.c.obj
[/mnt/host/source/src/platform/ec/build/zephyr/sundance-lcov]   /mnt/host/source/src/platform/ec/build/zephyr/sundance/build-ro/CMakeFiles/app.dir/mnt/host/source/src/platform/ec/build/zephyr/sundance/modules/ec/common/usb_pd_pdo.c.gcno:no functions found
[/mnt/host/source/src/platform/ec/build/zephyr/sundance-lcov] stderr:
[minimal-npcx9:rw] [177/267] Building C object zephyr/drivers/bbram/CMakeFiles/drivers__bbram.dir/bbram_npcx.c.obj
[minimal-npcx9:ro] [29/267] Building C object CMakeFiles/app.dir/mnt/host/source/src/platform/ec/build/zephyr/minimal-npcx9/modules/ec/common/cbi_gpio.c.obj
[minimal-npcx9:rw] [178/267] Building C object zephyr/drivers/console/CMakeFiles/drivers__console.dir/uart_console.c.obj
[markarth:ro] [21/415] Building C object zephyr/CMakeFiles/zephyr.dir/lib/utils/dec.c.obj
[minimal-npcx9:rw] [179/267] Building C object zephyr/drivers/interrupt_controller/CMakeFiles/drivers__interrupt_controller.dir/intc_miwu.c.obj
[minimal-npcx9:rw] [180/267] Linking C static library zephyr/drivers/bbram/libdrivers__bbram.a
[markarth:rw] [21/417] Building C object zephyr/CMakeFiles/zephyr.dir/lib/utils/dec.c.obj
[minimal-npcx9:rw] [181/267] Linking C static library zephyr/drivers/console/libdrivers__console.a
[minimal-npcx9:rw] [182/267] Linking C static library zephyr/drivers/interrupt_controller/libdrivers__interrupt_controller.a
[minimal-npcx9:ro] [30/267] Building C object CMakeFiles/app.dir/mnt/host/source/src/platform/ec/build/zephyr/minimal-npcx9/modules/ec/common/memory_commands.c.obj
[minimal-npcx9:rw] [183/267] Building C object zephyr/drivers/clock_control/CMakeFiles/drivers__clock_control.dir/clock_control_npcx.c.obj
[minimal-npcx9:rw] [184/267] Linking C static library zephyr/drivers/clock_control/libdrivers__clock_control.a
[minimal-npcx9:rw] [185/267] Building C object zephyr/drivers/flash/CMakeFiles/drivers__flash.dir/jesd216.c.obj
[markarth:ro] [22/415] Building C object zephyr/CMakeFiles/zephyr.dir/lib/utils/hex.c.obj
[markarth:rw] [22/417] Building C object zephyr/CMakeFiles/zephyr.dir/lib/utils/hex.c.obj
[minimal-npcx9:rw] [186/267] Building C object zephyr/drivers/flash/CMakeFiles/drivers__flash.dir/flash_npcx_fiu_nor.c.obj
[minimal-npcx9:rw] [187/267] Building C object zephyr/drivers/flash/CMakeFiles/drivers__flash.dir/flash_npcx_fiu_qspi.c.obj
[minimal-npcx9:rw] [188/267] Building C object zephyr/drivers/pinctrl/CMakeFiles/drivers__pinctrl.dir/common.c.obj
[minimal-npcx9:rw] [189/267] Linking C static library zephyr/drivers/flash/libdrivers__flash.a
[minimal-npcx9:rw] [190/267] Building C object zephyr/drivers/gpio/CMakeFiles/drivers__gpio.dir/gpio_npcx.c.obj
[minimal-npcx9:rw] [191/267] Building C object zephyr/drivers/pinctrl/CMakeFiles/drivers__pinctrl.dir/pinctrl_npcx.c.obj
[minimal-npcx9:rw] [192/267] Linking C static library zephyr/drivers/gpio/libdrivers__gpio.a
[minimal-npcx9:ro] [31/267] Building C object CMakeFiles/app.dir/mnt/host/source/src/platform/ec/build/zephyr/minimal-npcx9/modules/ec/common/ap_reset_log.c.obj
[minimal-npcx9:rw] [193/267] Building C object zephyr/drivers/syscon/CMakeFiles/drivers__syscon.dir/syscon.c.obj
[minimal-npcx9:rw] [194/267] Linking C static library zephyr/drivers/pinctrl/libdrivers__pinctrl.a
[minimal-npcx9:rw] [195/267] Building C object zephyr/drivers/serial/CMakeFiles/drivers__serial.dir/uart_npcx.c.obj
[minimal-npcx9:rw] [196/267] Linking C static library zephyr/drivers/syscon/libdrivers__syscon.a
[minimal-npcx9:rw] [197/267] Linking C static library zephyr/drivers/serial/libdrivers__serial.a
[minimal-npcx9:rw] [198/267] Building C object zephyr/drivers/timer/CMakeFiles/drivers__timer.dir/sys_clock_init.c.obj
[minimal-npcx9:ro] [32/267] Building C object CMakeFiles/app.dir/mnt/host/source/src/platform/ec/build/zephyr/minimal-npcx9/modules/ec/common/flash.c.obj
[markarth:ro] [23/415] Building C object zephyr/CMakeFiles/zephyr.dir/lib/utils/rb.c.obj
[minimal-npcx9:rw] [199/267] Building C object zephyr/drivers/timer/CMakeFiles/drivers__timer.dir/npcx_itim_timer.c.obj
[markarth:rw] [23/417] Building C object zephyr/CMakeFiles/zephyr.dir/lib/utils/rb.c.obj
[minimal-npcx9:rw] [200/267] Building C object zephyr/drivers/watchdog/CMakeFiles/drivers__watchdog.dir/wdt_npcx.c.obj
[minimal-npcx9:rw] [201/267] Linking C static library zephyr/drivers/timer/libdrivers__timer.a
[minimal-npcx9:rw] [202/267] Building C object zephyr/drivers/watchdog/CMakeFiles/drivers__watchdog.dir/wdt_shell.c.obj
[minimal-npcx9:rw] [203/267] Linking C static library zephyr/drivers/watchdog/libdrivers__watchdog.a
[markarth:ro] [24/415] Building C object zephyr/CMakeFiles/zephyr.dir/lib/utils/timeutil.c.obj
[minimal-npcx9:rw] [204/267] Building C object modules/ec/zephyr/CMakeFiles/ec_shim.dir/app/ec/main_shim.c.obj
[markarth:rw] [24/417] Building C object zephyr/CMakeFiles/zephyr.dir/lib/utils/timeutil.c.obj
[/mnt/host/source/src/platform/ec/build/zephyr/chinchou-lcov]   /mnt/host/source/src/platform/ec/build/zephyr/chinchou/build-ro/zephyr/CMakeFiles/zephyr.dir/subsys/shell/modules/kernel_service/kernel_shell.c.gcno:no functions found
[/mnt/host/source/src/platform/ec/build/zephyr/chinchou-lcov] stderr:
[minimal-npcx9:ro] [33/267] Building C object CMakeFiles/app.dir/mnt/host/source/src/platform/ec/build/zephyr/minimal-npcx9/modules/ec/common/host_command.c.obj
[minimal-npcx9:rw] [205/267] Building C object modules/ec/zephyr/CMakeFiles/ec_shim.dir/app/ec/ec_app_main.c.obj
[minimal-npcx9:rw] [206/267] Building C object modules/ec/zephyr/CMakeFiles/ec_shim.dir/shim/chip/npcx/clock.c.obj
[minimal-npcx9:rw] [207/267] Building C object modules/ec/zephyr/CMakeFiles/ec_shim.dir/drivers/cros_system/cros_system_npcx.c.obj
[minimal-npcx9:ro] [34/267] Building C object CMakeFiles/app.dir/mnt/host/source/src/platform/ec/build/zephyr/minimal-npcx9/modules/ec/common/host_command_task.c.obj
[minimal-npcx9:rw] [208/267] Building C object modules/ec/zephyr/CMakeFiles/ec_shim.dir/drivers/cros_flash/cros_flash_npcx.c.obj
[/mnt/host/source/src/platform/ec/build/zephyr/chinchou-lcov]   /mnt/host/source/src/platform/ec/build/zephyr/chinchou/build-ro/zephyr/CMakeFiles/zephyr.dir/lib/libc/validate_libc.c.gcno:no functions found
[/mnt/host/source/src/platform/ec/build/zephyr/chinchou-lcov] stderr:
[minimal-npcx9:rw] [209/267] Building C object modules/ec/zephyr/CMakeFiles/ec_shim.dir/shim/chip/npcx/rom_chip.c.obj
[minimal-npcx9:rw] [210/267] Building C object modules/ec/zephyr/CMakeFiles/ec_shim.dir/shim/chip/npcx/gpio.c.obj
[minimal-npcx9:rw] [211/267] Building C object modules/ec/zephyr/CMakeFiles/ec_shim.dir/shim/src/crc.c.obj
[minimal-npcx9:rw] [212/267] Building C object modules/ec/zephyr/CMakeFiles/ec_shim.dir/shim/chip/npcx/system.c.obj
[minimal-npcx9:rw] [213/267] Building C object modules/ec/zephyr/CMakeFiles/ec_shim.dir/shim/chip/npcx/system_external_storage.c.obj
[markarth:ro] [25/415] Building C object zephyr/CMakeFiles/zephyr.dir/lib/utils/bitarray.c.obj
[minimal-npcx9:rw] [214/267] Building C object modules/ec/zephyr/CMakeFiles/ec_shim.dir/shim/core/cortex-m/mpu.c.obj
[minimal-npcx9:ro] [35/267] Building C object CMakeFiles/app.dir/mnt/host/source/src/platform/ec/build/zephyr/minimal-npcx9/modules/ec/common/host_event_commands.c.obj
[minimal-npcx9:rw] [215/267] Building C object modules/ec/zephyr/CMakeFiles/ec_shim.dir/shim/chip/npcx/power_policy.c.obj
[markarth:rw] [25/417] Building C object zephyr/CMakeFiles/zephyr.dir/lib/utils/bitarray.c.obj
[minimal-npcx9:rw] [216/267] Building C object modules/ec/zephyr/CMakeFiles/ec_shim.dir/shim/core/cortex-m/panic.c.obj
[minimal-npcx9:ro] [36/267] Building C object CMakeFiles/app.dir/mnt/host/source/src/platform/ec/build/zephyr/minimal-npcx9/modules/ec/common/uart_hostcmd.c.obj
[minimal-npcx9:rw] [217/267] Building ASM object modules/ec/zephyr/CMakeFiles/ec_shim.dir/shim/src/libgcc_arm.S.obj
[minimal-npcx9:rw] [218/267] Building C object modules/ec/zephyr/CMakeFiles/ec_shim.dir/shim/src/console.c.obj
[markarth:ro] [26/415] Building C object zephyr/CMakeFiles/zephyr.dir/lib/utils/bitmask.c.obj
[markarth:rw] [26/417] Building C object zephyr/CMakeFiles/zephyr.dir/lib/utils/bitmask.c.obj
[minimal-npcx9:rw] [219/267] Building C object modules/ec/zephyr/CMakeFiles/ec_shim.dir/shim/src/gpio.c.obj
[minimal-npcx9:rw] [220/267] Building C object modules/ec/zephyr/CMakeFiles/ec_shim.dir/shim/src/panic_utils.c.obj
[minimal-npcx9:rw] [221/267] Building C object modules/ec/zephyr/CMakeFiles/ec_shim.dir/shim/src/gpio_int.c.obj
[minimal-npcx9:rw] [222/267] Building C object modules/ec/zephyr/CMakeFiles/ec_shim.dir/shim/src/cbi/cros_cbi.c.obj
[minimal-npcx9:ro] [37/267] Building C object CMakeFiles/app.dir/mnt/host/source/src/platform/ec/build/zephyr/minimal-npcx9/modules/ec/common/uptime.c.obj
[/mnt/host/source/src/platform/ec/build/zephyr/chinchou-lcov]   /mnt/host/source/src/platform/ec/build/zephyr/chinchou/build-ro/zephyr/CMakeFiles/zephyr.dir/lib/utils/last_section_id.c.gcno:no functions found
[/mnt/host/source/src/platform/ec/build/zephyr/chinchou-lcov] stderr:
[minimal-npcx9:rw] [223/267] Building C object modules/ec/zephyr/CMakeFiles/ec_shim.dir/shim/src/system.c.obj
[minimal-npcx9:rw] [224/267] Building C object modules/ec/zephyr/CMakeFiles/ec_shim.dir/shim/src/pm_state.c.obj
[minimal-npcx9:ro] [38/267] Building C object CMakeFiles/app.dir/mnt/host/source/src/platform/ec/build/zephyr/minimal-npcx9/modules/ec/common/panic_output.c.obj
[markarth:ro] [27/415] Building C object zephyr/CMakeFiles/zephyr.dir/lib/utils/getopt/getopt.c.obj
[minimal-npcx9:rw] [225/267] Building C object modules/ec/zephyr/CMakeFiles/ec_shim.dir/shim/src/hooks.c.obj
[minimal-npcx9:rw] [226/267] Building C object modules/ec/zephyr/CMakeFiles/ec_shim.dir/shim/src/flash.c.obj
[markarth:rw] [27/417] Building C object zephyr/CMakeFiles/zephyr.dir/lib/utils/getopt/getopt.c.obj
[minimal-npcx9:rw] [227/267] Building C object modules/ec/zephyr/CMakeFiles/ec_shim.dir/shim/src/host_command.c.obj
[minimal-npcx9:rw] [228/267] Building C object modules/ec/zephyr/CMakeFiles/ec_shim.dir/shim/src/console_buffer.c.obj
[/mnt/host/source/src/platform/ec/build/zephyr/ite-aic-lcov]   /mnt/host/source/src/platform/ec/build/zephyr/ite-aic/build-ro/zephyr/CMakeFiles/zephyr.dir/soc/ite/ec/it8xxx2/check_regs.c.gcno:no functions found
[/mnt/host/source/src/platform/ec/build/zephyr/ite-aic-lcov] stderr:
[minimal-npcx9:rw] [229/267] Building C object modules/ec/zephyr/CMakeFiles/ec_shim.dir/shim/src/hwtimer.c.obj
[minimal-npcx9:rw] [230/267] Building C object modules/ec/zephyr/CMakeFiles/ec_shim.dir/shim/src/panic.c.obj
[minimal-npcx9:ro] [39/267] Building C object CMakeFiles/app.dir/mnt/host/source/src/platform/ec/build/zephyr/minimal-npcx9/modules/ec/common/sha256.c.obj
[minimal-npcx9:rw] [231/267] Building C object modules/ec/zephyr/CMakeFiles/ec_shim.dir/shim/src/tasks.c.obj
[minimal-npcx9:rw] [232/267] Building C object modules/ec/zephyr/CMakeFiles/ec_shim.dir/shim/src/watchdog.c.obj
[minimal-npcx9:rw] [233/267] Building C object zephyr/kernel/CMakeFiles/kernel.dir/banner.c.obj
[minimal-npcx9:rw] [234/267] Building C object zephyr/kernel/CMakeFiles/kernel.dir/main_weak.c.obj
[markarth:ro] [28/415] Building C object zephyr/CMakeFiles/zephyr.dir/lib/utils/getopt/getopt_common.c.obj
[minimal-npcx9:rw] [235/267] Building C object zephyr/kernel/CMakeFiles/kernel.dir/busy_wait.c.obj
[minimal-npcx9:ro] [40/267] Building C object CMakeFiles/app.dir/mnt/host/source/src/platform/ec/build/zephyr/minimal-npcx9/modules/ec/common/shared_mem.c.obj
[minimal-npcx9:rw] [236/267] Building C object modules/ec/zephyr/CMakeFiles/ec_shim.dir/shim/src/usbc_stub.c.obj
[markarth:rw] [28/417] Building C object zephyr/CMakeFiles/zephyr.dir/lib/utils/getopt/getopt_common.c.obj
[minimal-npcx9:rw] [237/267] Linking C static library modules/ec/zephyr/libec_shim.a
[minimal-npcx9:rw] [238/267] Building C object zephyr/kernel/CMakeFiles/kernel.dir/fatal.c.obj
[minimal-npcx9:rw] [239/267] Building C object zephyr/kernel/CMakeFiles/kernel.dir/device.c.obj
[minimal-npcx9:ro] [41/267] Building C object CMakeFiles/app.dir/mnt/host/source/src/platform/ec/build/zephyr/minimal-npcx9/modules/ec/common/spi_flash_reg.c.obj
[markarth:ro] [29/415] Building C object zephyr/CMakeFiles/zephyr.dir/lib/utils/ring_buffer.c.obj
[minimal-npcx9:rw] [240/267] Building C object zephyr/kernel/CMakeFiles/kernel.dir/errno.c.obj
[minimal-npcx9:rw] [241/267] Building C object zephyr/kernel/CMakeFiles/kernel.dir/version.c.obj
[markarth:ro] [30/415] Building C object zephyr/CMakeFiles/zephyr.dir/lib/utils/last_section_id.c.obj
[markarth:rw] [29/417] Building C object zephyr/CMakeFiles/zephyr.dir/lib/utils/ring_buffer.c.obj
[minimal-npcx9:rw] [242/267] Building C object zephyr/kernel/CMakeFiles/kernel.dir/init.c.obj
[minimal-npcx9:rw] [243/267] Building C object zephyr/kernel/CMakeFiles/kernel.dir/kheap.c.obj
[markarth:rw] [30/417] Building C object zephyr/CMakeFiles/zephyr.dir/lib/utils/last_section_id.c.obj
[markarth:ro] [31/415] Building C object zephyr/CMakeFiles/zephyr.dir/misc/generated/configs.c.obj
[minimal-npcx9:rw] [244/267] Building C object zephyr/kernel/CMakeFiles/kernel.dir/mem_slab.c.obj
[minimal-npcx9:rw] [245/267] Building C object zephyr/kernel/CMakeFiles/kernel.dir/float.c.obj
[markarth:rw] [31/417] Building C object zephyr/CMakeFiles/zephyr.dir/misc/generated/configs.c.obj
[minimal-npcx9:rw] [246/267] Building C object zephyr/kernel/CMakeFiles/kernel.dir/mailbox.c.obj
[minimal-npcx9:ro] [42/267] Building C object CMakeFiles/app.dir/mnt/host/source/src/platform/ec/build/zephyr/minimal-npcx9/modules/ec/common/timer.c.obj
[minimal-npcx9:rw] [247/267] Building C object zephyr/kernel/CMakeFiles/kernel.dir/idle.c.obj
[minimal-npcx9:rw] [248/267] Building C object zephyr/kernel/CMakeFiles/kernel.dir/msg_q.c.obj
[minimal-npcx9:rw] [249/267] Building C object zephyr/kernel/CMakeFiles/kernel.dir/mutex.c.obj
[minimal-npcx9:ro] [43/267] Building C object CMakeFiles/app.dir/mnt/host/source/src/platform/ec/build/zephyr/minimal-npcx9/modules/ec/common/chargen.c.obj
[minimal-npcx9:rw] [250/267] Building C object zephyr/kernel/CMakeFiles/kernel.dir/sem.c.obj
[minimal-npcx9:rw] [251/267] Building C object zephyr/kernel/CMakeFiles/kernel.dir/queue.c.obj
[minimal-npcx9:rw] [252/267] Building C object zephyr/kernel/CMakeFiles/kernel.dir/system_work_q.c.obj
[markarth:ro] [32/415] Building C object zephyr/CMakeFiles/zephyr.dir/soc/nuvoton/npcx/common/power.c.obj
[minimal-npcx9:rw] [253/267] Building C object zephyr/kernel/CMakeFiles/kernel.dir/stack.c.obj
[minimal-npcx9:rw] [254/267] Building C object zephyr/kernel/CMakeFiles/kernel.dir/thread.c.obj
[markarth:rw] [32/417] Building C object zephyr/CMakeFiles/zephyr.dir/soc/nuvoton/npcx/common/power.c.obj
[minimal-npcx9:ro] [44/267] Building C object CMakeFiles/app.dir/mnt/host/source/src/platform/ec/build/zephyr/minimal-npcx9/modules/ec/common/vboot_hash.c.obj
[minimal-npcx9:rw] [255/267] Building C object zephyr/kernel/CMakeFiles/kernel.dir/condvar.c.obj
[minimal-npcx9:rw] [256/267] Building C object zephyr/kernel/CMakeFiles/kernel.dir/work.c.obj
[minimal-npcx9:rw] [257/267] Building C object zephyr/kernel/CMakeFiles/kernel.dir/sched.c.obj
[minimal-npcx9:rw] [258/267] Building C object zephyr/kernel/CMakeFiles/kernel.dir/pipe.c.obj
[minimal-npcx9:rw] [259/267] Building C object zephyr/kernel/CMakeFiles/kernel.dir/spinlock_validate.c.obj
[minimal-npcx9:ro] [45/267] Building C object CMakeFiles/app.dir/mnt/host/source/src/platform/ec/build/zephyr/minimal-npcx9/modules/ec/common/vstore.c.obj
[minimal-npcx9:rw] [260/267] Building C object zephyr/kernel/CMakeFiles/kernel.dir/thread_monitor.c.obj
[minimal-npcx9:rw] [261/267] Building C object zephyr/kernel/CMakeFiles/kernel.dir/timer.c.obj
[markarth:ro] [33/415] Building C object zephyr/CMakeFiles/zephyr.dir/soc/nuvoton/npcx/common/scfg.c.obj
[minimal-npcx9:rw] [262/267] Building C object zephyr/kernel/CMakeFiles/kernel.dir/timeout.c.obj
[yavilla:rw] Configuring.
Running `env -i PYTHONPATH=/usr/lib64/python-exec/python3.11:/mnt/host/source/src/platform/ec/zephyr/zmake:/usr/lib/python311.zip:/usr/lib/python3.11:/usr/lib/python3.11/lib-dynload:/usr/lib/python3.11/site-packages PW_PIGWEED_CIPD_INSTALL_DIR=/usr CROSTC_USER_ACKNOWLEDGES_THAT_RISCV_IS_EXPERIMENTAL=1 PATH=/mnt/host/source/chromite/bin:/usr/local/bin:/usr/bin:/bin:/opt/bin:/mnt/host/source/chromite/sdk/bin:/mnt/host/source/chromite/bin HOME=/home/jpmurphy JAVA_HOME=/etc/java-config-2/current-system-vm JDK_HOME=/etc/java-config-2/current-system-vm JAVAC=/etc/java-config-2/current-system-vm/bin/javac MAKEFLAGS=' -j16 --jobserver-auth=5,6' /usr/bin/cmake -S /mnt/host/source/src/platform/ec/zephyr/program/nissa -B /mnt/host/source/src/platform/ec/build/zephyr/yavilla/build-rw -GNinja -DCMAKE_EXPORT_COMPILE_COMMANDS=ON -DZEPHYR_BASE=/mnt/host/source/src/third_party/zephyr/main -DZMAKE_INCLUDE_DIR=/mnt/host/source/src/platform/ec/build/zephyr/yavilla/include -DPython3_EXECUTABLE=/usr/bin/python3.11 -DDTS_ROOT=/mnt/host/source/src/platform/ec/zephyr -DSYSCALL_INCLUDE_DIRS=/mnt/host/source/src/platform/ec/zephyr/include/drivers -DUSER_CACHE_DIR=/mnt/host/source/src/platform/ec/build/zephyr/user-cache '-DEXTRA_EC_VERSION_FLAGS=--version 16543.0.0 --static' -DTOOLCHAIN_ROOT=/mnt/host/source/src/platform/ec/zephyr -DCOREBOOT_SDK_ROOT_x86=/home/jpmurphy/.cache/coreboot-sdk/i386-elf/dfbb0486385d938cfa9d73080b9d18d598ed4f49 -DCOREBOOT_SDK_ROOT_picolibc_x86=/home/jpmurphy/.cache/coreboot-sdk/picolibc-i386-elf/eb8e8e687b95461de8cbf278f1c2076952d0ad17 -DCOREBOOT_SDK_ROOT_riscv64=/home/jpmurphy/.cache/coreboot-sdk/riscv64-elf/96b949749225b6aaa92ed810ab769e8dfb12f000 -DCOREBOOT_SDK_ROOT_picolibc_arm=/home/jpmurphy/.cache/coreboot-sdk/picolibc-arm-eabi/422a2aa3e1ef891b5bece9a3deb696ff83840d2e -DCOREBOOT_SDK_ROOT_nds32=/home/jpmurphy/.cache/coreboot-sdk/nds32le-elf/d1a518c4a097666d86058e1444f85ca015d15511 -DCOREBOOT_SDK_ROOT_picolibc_riscv64=/home/jpmurphy/.cache/coreboot-sdk/picolibc-riscv64-elf/f571e990ef0278564b31124f8bb109d9a697eb69 -DCOREBOOT_SDK_ROOT_arm=/home/jpmurphy/.cache/coreboot-sdk/arm-eabi/ea40ddd1d190c3b48435c474c0b545719371813a -DCOREBOOT_SDK_ROOT_libstdcxx_riscv64=/home/jpmurphy/.cache/coreboot-sdk/libstdcxx-riscv64-elf/17abf22a3a252e2d5d2062ced5324f7a623689e0 -DCOREBOOT_SDK_ROOT_libstdcxx_arm=/home/jpmurphy/.cache/coreboot-sdk/libstdcxx-arm-eabi/5d7d82e150e44aa1968f1d366e267e6687b328ac -DCOREBOOT_SDK_ROOT_riscv=/home/jpmurphy/.cache/coreboot-sdk/riscv-elf/9a27b9e82341c6e9126624f516ab3f261abb3e73 -DCOREBOOT_SDK_ROOT_libstdcxx_x86=/home/jpmurphy/.cache/coreboot-sdk/libstdcxx-i386-elf/42ef9d2e87a76a37963175d7d428734e65648b87 -DZEPHYR_TOOLCHAIN_VARIANT=coreboot-sdk -DZEPHYR_MODULES=/mnt/host/source/src/platform/ec/build/zephyr/yavilla/modules/ec -DDTC_OVERLAY_FILE=/mnt/host/source/src/platform/ec/zephyr/program/nissa/yavilla/project.overlay -DBOARD=it8xxx2/it81302bx -DCMAKE_C_FLAGS=-DSECTION_IS_RW '-DCONF_FILE=/mnt/host/source/src/platform/ec/zephyr/program/nissa/program.conf;/mnt/host/source/src/platform/ec/zephyr/program/nissa/it8xxx2_program.conf;/mnt/host/source/src/platform/ec/zephyr/program/nissa/yavilla/project.conf;/mnt/host/source/src/platform/ec/build/zephyr/yavilla/kconfig-rw.conf'`
[yavilla:rw] Loading Zephyr default modules (Zephyr base (cached)).
[yavilla:rw] -- Application: /mnt/host/source/src/platform/ec/zephyr/program/nissa
[yavilla:rw] -- CMake version: 3.31.7
[minimal-npcx9:rw] [263/267] Building C object zephyr/kernel/CMakeFiles/kernel.dir/poll.c.obj
[minimal-npcx9:rw] [264/267] Building C object zephyr/kernel/CMakeFiles/kernel.dir/events.c.obj
[minimal-npcx9:ro] [46/267] Building C object CMakeFiles/app.dir/mnt/host/source/src/platform/ec/build/zephyr/minimal-npcx9/modules/ec/common/math_util.c.obj
[minimal-npcx9:rw] [265/267] Building C object zephyr/kernel/CMakeFiles/kernel.dir/mempool.c.obj
[minimal-npcx9:ro] [47/267] Linking C static library app/libapp.a
[minimal-npcx9:rw] [266/267] Building C object zephyr/kernel/CMakeFiles/kernel.dir/dynamic_disabled.c.obj
[markarth:rw] [33/417] Building C object zephyr/CMakeFiles/zephyr.dir/soc/nuvoton/npcx/common/scfg.c.obj
[minimal-npcx9:ro] [48/267] Building C object zephyr/CMakeFiles/zephyr.dir/lib/libc/validate_libc.c.obj
[minimal-npcx9:rw] [267/267] Linking C static library zephyr/kernel/libkernel.a
[yavilla:rw] -- Found Python3: /usr/bin/python3.11 (found suitable version "3.11.11", minimum required is "3.10") found components: Interpreter
[yavilla:rw] -- Cache files will be written to: /mnt/host/source/src/platform/ec/build/zephyr/user-cache
[yavilla:rw] -- Zephyr version: 4.3.99 (/mnt/host/source/src/third_party/zephyr/main)
[markarth:rw] [34/417] Building C object zephyr/CMakeFiles/zephyr.dir/soc/nuvoton/npcx/common/npcxn/registers.c.obj
[minimal-npcx9:ro] [49/267] Building C object zephyr/CMakeFiles/zephyr.dir/lib/heap/heap.c.obj
[markarth:ro] [34/415] Building C object zephyr/CMakeFiles/zephyr.dir/soc/nuvoton/npcx/common/npcxn/registers.c.obj
[markarth:ro] [35/415] Building C object zephyr/CMakeFiles/zephyr.dir/subsys/logging/log_minimal.c.obj
[markarth:ro] [36/415] Building C object zephyr/CMakeFiles/zephyr.dir/soc/nuvoton/npcx/npcx9/soc.c.obj
[minimal-npcx9:ro] [50/267] Building C object zephyr/CMakeFiles/zephyr.dir/lib/os/clock.c.obj
[minimal-npcx9:ro] [51/267] Building C object zephyr/CMakeFiles/zephyr.dir/lib/os/printk.c.obj
[minimal-npcx9:ro] [52/267] Building C object zephyr/CMakeFiles/zephyr.dir/lib/os/sem.c.obj
[markarth:rw] [35/417] Building C object zephyr/CMakeFiles/zephyr.dir/soc/nuvoton/npcx/npcx9/soc.c.obj
[minimal-npcx9:ro] [53/267] Building C object zephyr/CMakeFiles/zephyr.dir/lib/os/cbprintf_packaged.c.obj
[markarth:ro] [37/415] Building C object zephyr/CMakeFiles/zephyr.dir/subsys/mem_mgmt/mem_attr.c.obj
[markarth:rw] [36/417] Building C object zephyr/CMakeFiles/zephyr.dir/subsys/logging/log_minimal.c.obj
[/mnt/host/source/src/platform/ec/build/zephyr/sundance-lcov]   /mnt/host/source/src/platform/ec/build/zephyr/sundance/build-ro/CMakeFiles/app.dir/mnt/host/source/src/platform/ec/build/zephyr/sundance/modules/ec/common/chargen.c.gcno:no functions found
[/mnt/host/source/src/platform/ec/build/zephyr/sundance-lcov] stderr:
[minimal-npcx9:ro] [54/267] Building C object zephyr/CMakeFiles/zephyr.dir/lib/os/thread_entry.c.obj
[minimal-npcx9:ro] [55/267] Building C object zephyr/CMakeFiles/zephyr.dir/lib/utils/dec.c.obj
[markarth:ro] [38/415] Building C object zephyr/CMakeFiles/zephyr.dir/subsys/pm/state.c.obj
[minimal-npcx9:ro] [56/267] Building C object zephyr/CMakeFiles/zephyr.dir/lib/os/cbprintf.c.obj
[minimal-npcx9:ro] [57/267] Building C object zephyr/CMakeFiles/zephyr.dir/lib/utils/hex.c.obj
[minimal-npcx9:ro] [58/267] Building C object zephyr/CMakeFiles/zephyr.dir/lib/os/assert.c.obj
[minimal-npcx9:ro] [59/267] Building C object zephyr/CMakeFiles/zephyr.dir/lib/os/cbprintf_nano.c.obj
[markarth:ro] [39/415] Building C object zephyr/CMakeFiles/zephyr.dir/subsys/pm/policy/policy_events.c.obj
[markarth:ro] [40/415] Building C object zephyr/CMakeFiles/zephyr.dir/subsys/pm/pm.c.obj
[yavilla:rw] -- Board: it8xxx2, qualifiers: it81302bx
[minimal-npcx9:ro] [60/267] Building C object zephyr/CMakeFiles/zephyr.dir/lib/utils/timeutil.c.obj
[markarth:ro] [41/415] Building C object zephyr/CMakeFiles/zephyr.dir/subsys/pm/policy/policy_latency.c.obj
[minimal-npcx9:ro] [61/267] Building C object zephyr/CMakeFiles/zephyr.dir/lib/utils/bitmask.c.obj
[markarth:rw] [37/417] Building C object zephyr/CMakeFiles/zephyr.dir/subsys/mem_mgmt/mem_attr.c.obj
[minimal-npcx9:ro] [62/267] Building C object zephyr/CMakeFiles/zephyr.dir/lib/utils/rb.c.obj
[minimal-npcx9:ro] [63/267] Building C object zephyr/CMakeFiles/zephyr.dir/lib/utils/last_section_id.c.obj
[markarth:rw] [38/417] Building C object zephyr/CMakeFiles/zephyr.dir/subsys/pm/pm.c.obj
[markarth:ro] [42/415] Building C object zephyr/CMakeFiles/zephyr.dir/subsys/pm/policy/policy_state_lock.c.obj
[minimal-npcx9:ro] [64/267] Building C object zephyr/CMakeFiles/zephyr.dir/lib/utils/ring_buffer.c.obj
[minimal-npcx9:ro] [65/267] Building C object zephyr/CMakeFiles/zephyr.dir/lib/utils/getopt/getopt.c.obj
[minimal-npcx9:ro] [66/267] Building C object zephyr/CMakeFiles/zephyr.dir/lib/utils/bitarray.c.obj
[minimal-npcx9:ro] [67/267] Building C object zephyr/CMakeFiles/zephyr.dir/misc/generated/configs.c.obj
[minimal-npcx9:ro] [68/267] Building C object zephyr/CMakeFiles/zephyr.dir/lib/utils/getopt/getopt_common.c.obj
[markarth:rw] [39/417] Building C object zephyr/CMakeFiles/zephyr.dir/subsys/pm/state.c.obj
[markarth:ro] [43/415] Building C object zephyr/CMakeFiles/zephyr.dir/subsys/pm/device.c.obj
[markarth:ro] [44/415] Building C object zephyr/CMakeFiles/zephyr.dir/subsys/pm/device_system_managed.c.obj
[markarth:ro] [45/415] Building C object zephyr/CMakeFiles/zephyr.dir/subsys/testsuite/coverage/coverage.c.obj
[markarth:rw] [40/417] Building C object zephyr/CMakeFiles/zephyr.dir/subsys/pm/policy/policy_events.c.obj
[minimal-npcx9:ro] [69/267] Building C object zephyr/CMakeFiles/zephyr.dir/soc/nuvoton/npcx/common/npcxn/registers.c.obj
[markarth:ro] [46/415] Building C object zephyr/CMakeFiles/zephyr.dir/subsys/tracing/tracing_none.c.obj
[minimal-npcx9:ro] [70/267] Building C object zephyr/CMakeFiles/zephyr.dir/soc/nuvoton/npcx/common/power.c.obj
[minimal-npcx9:ro] [71/267] Building C object zephyr/CMakeFiles/zephyr.dir/soc/nuvoton/npcx/common/scfg.c.obj
[minimal-npcx9:ro] [72/267] Building C object zephyr/CMakeFiles/zephyr.dir/soc/nuvoton/npcx/npcx9/soc.c.obj
[minimal-npcx9:ro] [73/267] Building C object zephyr/CMakeFiles/zephyr.dir/subsys/logging/log_minimal.c.obj
[/mnt/host/source/src/platform/ec/build/zephyr/geralt-lcov]   /mnt/host/source/src/platform/ec/build/zephyr/geralt/build-ro/zephyr/CMakeFiles/zephyr.dir/soc/ite/ec/it8xxx2/check_regs.c.gcno:no functions found
[/mnt/host/source/src/platform/ec/build/zephyr/geralt-lcov] stderr:
[markarth:rw] [41/417] Building C object zephyr/CMakeFiles/zephyr.dir/subsys/pm/policy/policy_latency.c.obj
[markarth:ro] [47/415] Building C object zephyr/CMakeFiles/zephyr.dir/subsys/shell/modules/kernel_service/sleep.c.obj
[minimal-npcx9:ro] [74/267] Building C object zephyr/CMakeFiles/zephyr.dir/subsys/pm/state.c.obj
[markarth:ro] [48/415] Building C object zephyr/CMakeFiles/zephyr.dir/subsys/shell/modules/kernel_service/kernel_shell.c.obj
[markarth:ro] [49/415] Building C object zephyr/CMakeFiles/zephyr.dir/subsys/shell/modules/kernel_service/cycles.c.obj
[markarth:rw] [42/417] Building C object zephyr/CMakeFiles/zephyr.dir/subsys/pm/policy/policy_state_lock.c.obj
[minimal-npcx9:ro] [75/267] Building C object zephyr/CMakeFiles/zephyr.dir/subsys/pm/policy/policy_events.c.obj
[minimal-npcx9:ro] [76/267] Building C object zephyr/CMakeFiles/zephyr.dir/subsys/pm/policy/policy_latency.c.obj
[minimal-npcx9:ro] [77/267] Building C object zephyr/CMakeFiles/zephyr.dir/subsys/pm/pm.c.obj
[markarth:ro] [50/415] Building C object zephyr/CMakeFiles/zephyr.dir/subsys/shell/modules/kernel_service/uptime.c.obj
[yavilla:rw] -- Found Dtc: /usr/bin/dtc (found suitable version "1.6.0", minimum required is "1.4.6")
[yavilla:rw] -- Found BOARD.dts: /mnt/host/source/src/platform/ec/zephyr/boards/google/it8xxx2/it8xxx2_it81302bx.dts
[yavilla:rw] -- Found devicetree overlay: /mnt/host/source/src/platform/ec/zephyr/program/nissa/yavilla/project.overlay
[minimal-npcx9:ro] [78/267] Building C object zephyr/CMakeFiles/zephyr.dir/subsys/mem_mgmt/mem_attr.c.obj
[/mnt/host/source/src/platform/ec/build/zephyr/geralt-lcov]   /mnt/host/source/src/platform/ec/build/zephyr/geralt/build-rw/modules/ec/zephyr/CMakeFiles/ec_shim.dir/shim/src/power.c.gcno:no functions found
[/mnt/host/source/src/platform/ec/build/zephyr/geralt-lcov] stderr:
[minimal-npcx9:ro] [79/267] Building C object zephyr/CMakeFiles/zephyr.dir/subsys/pm/policy/policy_state_lock.c.obj
[markarth:rw] [43/417] Building C object zephyr/CMakeFiles/zephyr.dir/subsys/pm/device.c.obj
[/mnt/host/source/src/platform/ec/build/zephyr/geralt-lcov]   /mnt/host/source/src/platform/ec/build/zephyr/geralt/build-rw/modules/ec/zephyr/CMakeFiles/ec_shim.dir/shim/src/battery.c.gcno:no functions found
[/mnt/host/source/src/platform/ec/build/zephyr/geralt-lcov] stderr:
[minimal-npcx9:ro] [80/267] Building C object zephyr/CMakeFiles/zephyr.dir/subsys/pm/device.c.obj
[markarth:ro] [51/415] Building C object zephyr/CMakeFiles/zephyr.dir/subsys/shell/backends/shell_uart.c.obj
[/mnt/host/source/src/platform/ec/build/zephyr/geralt-lcov]   /mnt/host/source/src/platform/ec/build/zephyr/geralt/build-rw/modules/ec/zephyr/CMakeFiles/ec_shim.dir/shim/src/charger.c.gcno:no functions found
[/mnt/host/source/src/platform/ec/build/zephyr/geralt-lcov] stderr:
[markarth:ro] [52/415] Building C object zephyr/CMakeFiles/zephyr.dir/subsys/shell/modules/kernel_service/version.c.obj
[minimal-npcx9:ro] [81/267] Building C object zephyr/CMakeFiles/zephyr.dir/subsys/testsuite/coverage/coverage.c.obj
[/mnt/host/source/src/platform/ec/build/zephyr/geralt-lcov]   /mnt/host/source/src/platform/ec/build/zephyr/geralt/build-rw/modules/ec/zephyr/CMakeFiles/ec_shim.dir/shim/src/usb_muxes.c.gcno:no functions found
[/mnt/host/source/src/platform/ec/build/zephyr/geralt-lcov] stderr:
[minimal-npcx9:ro] [82/267] Building C object zephyr/CMakeFiles/zephyr.dir/subsys/tracing/tracing_none.c.obj
[markarth:rw] [44/417] Building C object zephyr/CMakeFiles/zephyr.dir/subsys/pm/device_system_managed.c.obj
[markarth:ro] [53/415] Building C object zephyr/CMakeFiles/zephyr.dir/subsys/shell/shell.c.obj
[minimal-npcx9:ro] [83/267] Building C object zephyr/CMakeFiles/zephyr.dir/subsys/pm/device_system_managed.c.obj
[markarth:ro] [54/415] Building C object zephyr/CMakeFiles/zephyr.dir/subsys/shell/shell_fprintf.c.obj
[minimal-npcx9:ro] [84/267] Building C object zephyr/CMakeFiles/zephyr.dir/subsys/shell/modules/kernel_service/kernel_shell.c.obj
[minimal-npcx9:ro] [85/267] Building C object zephyr/CMakeFiles/zephyr.dir/subsys/shell/modules/kernel_service/cycles.c.obj
[markarth:rw] [45/417] Building C object zephyr/CMakeFiles/zephyr.dir/subsys/testsuite/coverage/coverage.c.obj
[minimal-npcx9:ro] [86/267] Building C object zephyr/CMakeFiles/zephyr.dir/subsys/shell/modules/kernel_service/sleep.c.obj
[minimal-npcx9:ro] [87/267] Building C object zephyr/CMakeFiles/zephyr.dir/subsys/shell/modules/kernel_service/uptime.c.obj
[markarth:ro] [55/415] Building C object zephyr/CMakeFiles/zephyr.dir/subsys/shell/shell_utils.c.obj
[minimal-npcx9:ro] [88/267] Building C object zephyr/CMakeFiles/zephyr.dir/subsys/shell/modules/kernel_service/version.c.obj
[markarth:rw] [46/417] Building C object zephyr/CMakeFiles/zephyr.dir/subsys/tracing/tracing_none.c.obj
[markarth:ro] [56/415] Building C object zephyr/CMakeFiles/zephyr.dir/subsys/shell/shell_history.c.obj
[markarth:ro] [57/415] Building C object zephyr/CMakeFiles/zephyr.dir/subsys/shell/shell_ops.c.obj
[minimal-npcx9:ro] [89/267] Building C object zephyr/CMakeFiles/zephyr.dir/subsys/shell/modules/kernel_service/thread/thread.c.obj
[markarth:ro] [58/415] Building C object zephyr/CMakeFiles/zephyr.dir/drivers/flash/flash_util.c.obj
[markarth:ro] [59/415] Linking C static library zephyr/libzephyr.a
[minimal-npcx9:ro] [90/267] Building C object zephyr/CMakeFiles/zephyr.dir/subsys/shell/modules/kernel_service/thread/list.c.obj
[minimal-npcx9:ro] [91/267] Building C object zephyr/CMakeFiles/zephyr.dir/subsys/shell/modules/kernel_service/thread/stacks.c.obj
[/mnt/host/source/src/platform/ec/build/zephyr/ite-aic-lcov]   /mnt/host/source/src/platform/ec/build/zephyr/ite-aic/build-ro/zephyr/drivers/syscon/CMakeFiles/drivers__syscon.dir/mnt/host/source/src/third_party/zephyr/main/misc/empty_file.c.gcno:no functions found
[/mnt/host/source/src/platform/ec/build/zephyr/ite-aic-lcov] stderr:
[markarth:rw] [47/417] Building C object zephyr/CMakeFiles/zephyr.dir/subsys/shell/modules/kernel_service/kernel_shell.c.obj
[minimal-npcx9:ro] [92/267] Building C object zephyr/CMakeFiles/zephyr.dir/subsys/shell/modules/kernel_service/thread/suspend.c.obj
[markarth:ro] [60/415] Building C object zephyr/arch/common/CMakeFiles/arch__common.dir/init.c.obj
[markarth:ro] [61/415] Building C object zephyr/arch/common/CMakeFiles/arch__common.dir/sw_isr_common.c.obj
[yavilla:rw] -- Generated zephyr.dts: /mnt/host/source/src/platform/ec/build/zephyr/yavilla/build-rw/zephyr/zephyr.dts
[yavilla:rw] -- Generated pickled edt: /mnt/host/source/src/platform/ec/build/zephyr/yavilla/build-rw/zephyr/edt.pickle
[minimal-npcx9:ro] [93/267] Building C object zephyr/CMakeFiles/zephyr.dir/subsys/shell/modules/kernel_service/thread/resume.c.obj
[/mnt/host/source/src/platform/ec/build/zephyr/ite-aic-lcov]   /mnt/host/source/src/platform/ec/build/zephyr/ite-aic/build-rw/CMakeFiles/app.dir/mnt/host/source/src/platform/ec/build/zephyr/ite-aic/modules/ec/common/cbi_config.c.gcno:no functions found
[/mnt/host/source/src/platform/ec/build/zephyr/ite-aic-lcov] stderr:
[minimal-npcx9:ro] [94/267] Building C object zephyr/CMakeFiles/zephyr.dir/subsys/shell/modules/kernel_service/thread/kill.c.obj
[/mnt/host/source/src/platform/ec/build/zephyr/sundance-lcov]   /mnt/host/source/src/platform/ec/build/zephyr/sundance/build-ro/CMakeFiles/app.dir/mnt/host/source/src/platform/ec/build/zephyr/sundance/modules/ec/common/cbi_config.c.gcno:no functions found
[/mnt/host/source/src/platform/ec/build/zephyr/sundance-lcov] stderr:
[markarth:rw] [48/417] Building C object zephyr/CMakeFiles/zephyr.dir/subsys/shell/modules/kernel_service/cycles.c.obj
[markarth:ro] [62/415] Building C object zephyr/arch/common/CMakeFiles/arch__common.dir/xip.c.obj
[markarth:ro] [63/415] Building C object zephyr/arch/common/CMakeFiles/isr_tables.dir/isr_tables.c.obj
[minimal-npcx9:ro] [95/267] Building C object zephyr/CMakeFiles/zephyr.dir/subsys/shell/backends/shell_uart.c.obj
[minimal-npcx9:ro] [96/267] Building C object zephyr/CMakeFiles/zephyr.dir/subsys/shell/shell_fprintf.c.obj
[markarth:ro] [64/415] Linking C static library zephyr/arch/common/libisr_tables.a
[yavilla:rw] -- Generated devicetree_generated.h: /mnt/host/source/src/platform/ec/build/zephyr/yavilla/build-rw/zephyr/include/generated/zephyr/devicetree_generated.h
[markarth:ro] [65/415] Linking C static library zephyr/arch/common/libarch__common.a
[minimal-npcx9:ro] [97/267] Building C object zephyr/CMakeFiles/zephyr.dir/subsys/shell/shell.c.obj
[markarth:ro] [66/415] Building ASM object zephyr/arch/arch/arm/core/CMakeFiles/arch__arm__core.dir/nmi_on_reset.S.obj
[minimal-npcx9:ro] [98/267] Building C object zephyr/CMakeFiles/zephyr.dir/subsys/shell/shell_utils.c.obj
[markarth:rw] [49/417] Building C object zephyr/CMakeFiles/zephyr.dir/subsys/shell/modules/kernel_service/sleep.c.obj
[/mnt/host/source/src/platform/ec/build/zephyr/ite-aic-lcov]   /mnt/host/source/src/platform/ec/build/zephyr/ite-aic/build-rw/zephyr/arch/arch/riscv/core/CMakeFiles/arch__riscv__core.dir/cpu_idle.c.gcno:no functions found
[/mnt/host/source/src/platform/ec/build/zephyr/ite-aic-lcov] stderr:
[markarth:ro] [67/415] Building C object zephyr/arch/arch/arm/core/CMakeFiles/arch__arm__core.dir/fatal.c.obj
[markarth:ro] [68/415] Building C object zephyr/arch/arch/arm/core/CMakeFiles/arch__arm__core.dir/nmi.c.obj
[markarth:ro] [69/415] Linking C static library zephyr/arch/arch/arm/core/libarch__arm__core.a
[markarth:ro] [70/415] Building ASM object zephyr/arch/arch/arm/core/cortex_m/CMakeFiles/arch__arm__core__cortex_m.dir/fault_s.S.obj
[minimal-npcx9:ro] [99/267] Building C object zephyr/CMakeFiles/zephyr.dir/subsys/shell/shell_ops.c.obj
[minimal-npcx9:ro] [100/267] Building C object zephyr/CMakeFiles/zephyr.dir/subsys/shell/shell_history.c.obj
[minimal-npcx9:ro] [101/267] Building C object zephyr/CMakeFiles/zephyr.dir/subsys/shell/shell_help.c.obj
[markarth:rw] [50/417] Building C object zephyr/CMakeFiles/zephyr.dir/subsys/shell/modules/kernel_service/uptime.c.obj
[minimal-npcx9:ro] [102/267] Building C object zephyr/arch/common/CMakeFiles/arch__common.dir/sw_isr_common.c.obj
[minimal-npcx9:ro] [103/267] Building C object zephyr/CMakeFiles/zephyr.dir/drivers/flash/flash_util.c.obj
[minimal-npcx9:ro] [104/267] Linking C static library zephyr/libzephyr.a
[minimal-npcx9:ro] [105/267] Building C object zephyr/arch/common/CMakeFiles/arch__common.dir/init.c.obj
[markarth:ro] [71/415] Building C object zephyr/arch/arch/arm/core/cortex_m/CMakeFiles/arch__arm__core__cortex_m.dir/exc_exit.c.obj
[markarth:rw] [51/417] Building C object zephyr/CMakeFiles/zephyr.dir/subsys/shell/modules/kernel_service/version.c.obj
[markarth:ro] [72/415] Building C object zephyr/arch/arch/arm/core/cortex_m/CMakeFiles/arch__arm__core__cortex_m.dir/fpu.c.obj
[minimal-npcx9:ro] [106/267] Building ASM object zephyr/arch/arch/arm/core/CMakeFiles/arch__arm__core.dir/nmi_on_reset.S.obj
[minimal-npcx9:ro] [107/267] Building C object zephyr/arch/common/CMakeFiles/arch__common.dir/xip.c.obj
[/mnt/host/source/src/platform/ec/build/zephyr/sundance-lcov]   /mnt/host/source/src/platform/ec/build/zephyr/sundance/build-ro/zephyr/arch/arch/arm/core/mpu/CMakeFiles/arch__arm__core__mpu.dir/arm_mpu_regions.c.gcno:no functions found
[/mnt/host/source/src/platform/ec/build/zephyr/sundance-lcov] stderr:
[markarth:ro] [73/415] Building C object zephyr/arch/arch/arm/core/cortex_m/CMakeFiles/arch__arm__core__cortex_m.dir/fault.c.obj
[/mnt/host/source/src/platform/ec/build/zephyr/ite-aic-lcov]   /mnt/host/source/src/platform/ec/build/zephyr/ite-aic/build-rw/zephyr/arch/common/CMakeFiles/isr_tables.dir/isr_tables.c.gcno:no functions found
[/mnt/host/source/src/platform/ec/build/zephyr/ite-aic-lcov] stderr:
[minimal-npcx9:ro] [108/267] Building C object zephyr/arch/common/CMakeFiles/isr_tables.dir/isr_tables.c.obj
[minimal-npcx9:ro] [109/267] Linking C static library zephyr/arch/common/libisr_tables.a
[markarth:ro] [74/415] Building ASM object zephyr/arch/arch/arm/core/cortex_m/CMakeFiles/arch__arm__core__cortex_m.dir/reset.S.obj
[minimal-npcx9:ro] [110/267] Building C object zephyr/arch/arch/arm/core/CMakeFiles/arch__arm__core.dir/fatal.c.obj
[minimal-npcx9:ro] [111/267] Linking C static library zephyr/arch/common/libarch__common.a
[yavilla:rw] /mnt/host/source/src/platform/ec/build/zephyr/yavilla/build-rw/zephyr/zephyr.dts:1228.27-1958.5: Warning (avoid_unnecessary_addr_size): /soc/pin-controller: unnecessary #address-cells/#size-cells without "ranges" or child "reg" property
[yavilla:rw] /mnt/host/source/src/platform/ec/build/zephyr/yavilla/build-rw/zephyr/zephyr.dts:2869.9-2877.5: Warning (gpios_property): /fans/fan_0: Missing property '#gpio-cells' in node /named-gpios/fan-enable or bad phandle (referred from enable-gpio[0])
[minimal-npcx9:ro] [112/267] Building C object zephyr/arch/arch/arm/core/CMakeFiles/arch__arm__core.dir/nmi.c.obj
[markarth:ro] [75/415] Building ASM object zephyr/arch/arch/arm/core/cortex_m/CMakeFiles/arch__arm__core__cortex_m.dir/vector_table.S.obj
[minimal-npcx9:ro] [113/267] Building ASM object zephyr/arch/arch/arm/core/cortex_m/CMakeFiles/arch__arm__core__cortex_m.dir/fault_s.S.obj
[minimal-npcx9:ro] [114/267] Linking C static library zephyr/arch/arch/arm/core/libarch__arm__core.a
[markarth:rw] [52/417] Building C object zephyr/CMakeFiles/zephyr.dir/subsys/shell/backends/shell_uart.c.obj
[markarth:ro] [76/415] Building C object zephyr/arch/arch/arm/core/cortex_m/CMakeFiles/arch__arm__core__cortex_m.dir/scb.c.obj
[minimal-npcx9:ro] [115/267] Building C object zephyr/arch/arch/arm/core/cortex_m/CMakeFiles/arch__arm__core__cortex_m.dir/exc_exit.c.obj
[minimal-npcx9:ro] [116/267] Building C object zephyr/arch/arch/arm/core/cortex_m/CMakeFiles/arch__arm__core__cortex_m.dir/fault.c.obj
[markarth:ro] [77/415] Building C object zephyr/arch/arch/arm/core/cortex_m/CMakeFiles/arch__arm__core__cortex_m.dir/thread_abort.c.obj
[minimal-npcx9:ro] [117/267] Building C object zephyr/arch/arch/arm/core/cortex_m/CMakeFiles/arch__arm__core__cortex_m.dir/fpu.c.obj
[markarth:rw] [53/417] Building C object zephyr/CMakeFiles/zephyr.dir/subsys/shell/shell.c.obj
[/mnt/host/source/src/platform/ec/build/zephyr/sundance-lcov]   /mnt/host/source/src/platform/ec/build/zephyr/sundance/build-ro/zephyr/arch/common/CMakeFiles/isr_tables.dir/isr_tables.c.gcno:no functions found
[/mnt/host/source/src/platform/ec/build/zephyr/sundance-lcov] stderr:
[markarth:ro] [78/415] Building ASM object zephyr/arch/arch/arm/core/cortex_m/CMakeFiles/arch__arm__core__cortex_m.dir/swap_helper.S.obj
[minimal-npcx9:ro] [118/267] Building ASM object zephyr/arch/arch/arm/core/cortex_m/CMakeFiles/arch__arm__core__cortex_m.dir/vector_table.S.obj
[minimal-npcx9:ro] [119/267] Building ASM object zephyr/arch/arch/arm/core/cortex_m/CMakeFiles/arch__arm__core__cortex_m.dir/reset.S.obj
[markarth:ro] [79/415] Building C object zephyr/arch/arch/arm/core/cortex_m/CMakeFiles/arch__arm__core__cortex_m.dir/irq_manage.c.obj
[minimal-npcx9:ro] [120/267] Building C object zephyr/arch/arch/arm/core/cortex_m/CMakeFiles/arch__arm__core__cortex_m.dir/scb.c.obj
[minimal-npcx9:ro] [121/267] Building C object zephyr/arch/arch/arm/core/cortex_m/CMakeFiles/arch__arm__core__cortex_m.dir/thread_abort.c.obj
[markarth:rw] [54/417] Building C object zephyr/CMakeFiles/zephyr.dir/subsys/shell/shell_fprintf.c.obj
[markarth:ro] [80/415] Building C object zephyr/arch/arch/arm/core/cortex_m/CMakeFiles/arch__arm__core__cortex_m.dir/prep_c.c.obj
[minimal-npcx9:ro] [122/267] Building ASM object zephyr/arch/arch/arm/core/cortex_m/CMakeFiles/arch__arm__core__cortex_m.dir/swap_helper.S.obj
[minimal-npcx9:ro] [123/267] Building C object zephyr/arch/arch/arm/core/cortex_m/CMakeFiles/arch__arm__core__cortex_m.dir/irq_manage.c.obj
[markarth:ro] [81/415] Building C object zephyr/arch/arch/arm/core/cortex_m/CMakeFiles/arch__arm__core__cortex_m.dir/thread.c.obj
[/mnt/host/source/src/platform/ec/build/zephyr/geralt-lcov]   /mnt/host/source/src/platform/ec/build/zephyr/geralt/build-rw/modules/ec/zephyr/CMakeFiles/ec_shim.dir/shim/src/chg_rt9490.c.gcno:no functions found
[/mnt/host/source/src/platform/ec/build/zephyr/geralt-lcov] stderr:
[minimal-npcx9:ro] [124/267] Building C object zephyr/arch/arch/arm/core/cortex_m/CMakeFiles/arch__arm__core__cortex_m.dir/prep_c.c.obj
[markarth:ro] [82/415] Building C object zephyr/arch/arch/arm/core/cortex_m/CMakeFiles/arch__arm__core__cortex_m.dir/irq_init.c.obj
[markarth:rw] [55/417] Building C object zephyr/CMakeFiles/zephyr.dir/subsys/shell/shell_utils.c.obj
[markarth:ro] [83/415] Building C object zephyr/arch/arch/arm/core/cortex_m/CMakeFiles/arch__arm__core__cortex_m.dir/cpu_idle.c.obj
[minimal-npcx9:ro] [125/267] Building C object zephyr/arch/arch/arm/core/cortex_m/CMakeFiles/arch__arm__core__cortex_m.dir/thread.c.obj
[minimal-npcx9:ro] [126/267] Building C object zephyr/arch/arch/arm/core/cortex_m/CMakeFiles/arch__arm__core__cortex_m.dir/cpu_idle.c.obj
[minimal-npcx9:ro] [127/267] Building C object zephyr/arch/arch/arm/core/cortex_m/CMakeFiles/arch__arm__core__cortex_m.dir/irq_init.c.obj
[minimal-npcx9:ro] [128/267] Generating ../../../include/generated/libc/minimal/strerror_table.h
[minimal-npcx9:ro] [129/267] Building C object zephyr/arch/arch/arm/core/cortex_m/CMakeFiles/arch__arm__core__cortex_m.dir/isr_wrapper.c.obj
[minimal-npcx9:ro] [130/267] Building C object zephyr/lib/libc/minimal/CMakeFiles/lib__libc__minimal.dir/source/stdlib/atoi.c.obj
[minimal-npcx9:ro] [131/267] Linking C static library zephyr/arch/arch/arm/core/cortex_m/libarch__arm__core__cortex_m.a
[markarth:ro] [84/415] Building C object zephyr/arch/arch/arm/core/cortex_m/CMakeFiles/arch__arm__core__cortex_m.dir/isr_wrapper.c.obj
[markarth:rw] [56/417] Building C object zephyr/CMakeFiles/zephyr.dir/subsys/shell/shell_ops.c.obj
[markarth:ro] [85/415] Linking C static library zephyr/arch/arch/arm/core/cortex_m/libarch__arm__core__cortex_m.a
[minimal-npcx9:ro] [132/267] Building C object zephyr/lib/libc/minimal/CMakeFiles/lib__libc__minimal.dir/source/stdlib/strtol.c.obj
[markarth:ro] [86/415] Generating ../../../include/generated/libc/minimal/strerror_table.h
[minimal-npcx9:ro] [133/267] Building C object zephyr/arch/arch/arm/core/mpu/CMakeFiles/arch__arm__core__mpu.dir/arm_core_mpu.c.obj
[/mnt/host/source/src/platform/ec/build/zephyr/chinchou-lcov]   /mnt/host/source/src/platform/ec/build/zephyr/chinchou/build-ro/zephyr/CMakeFiles/zephyr.dir/soc/ite/ec/it8xxx2/check_regs.c.gcno:no functions found
[/mnt/host/source/src/platform/ec/build/zephyr/chinchou-lcov] stderr:
[markarth:ro] [87/415] Building C object zephyr/arch/arch/arm/core/mpu/CMakeFiles/arch__arm__core__mpu.dir/arm_core_mpu.c.obj
[minimal-npcx9:ro] [134/267] Building C object zephyr/lib/libc/minimal/CMakeFiles/lib__libc__minimal.dir/source/stdlib/strtoul.c.obj
[markarth:rw] [57/417] Building C object zephyr/CMakeFiles/zephyr.dir/subsys/shell/shell_history.c.obj
[markarth:ro] [88/415] Building C object zephyr/lib/libc/minimal/CMakeFiles/lib__libc__minimal.dir/source/stdlib/atoi.c.obj
[minimal-npcx9:ro] [135/267] Building C object zephyr/lib/libc/minimal/CMakeFiles/lib__libc__minimal.dir/source/stdlib/strtoll.c.obj
[minimal-npcx9:ro] [136/267] Building C object zephyr/arch/arch/arm/core/mpu/CMakeFiles/arch__arm__core__mpu.dir/arm_mpu_regions.c.obj
[minimal-npcx9:ro] [137/267] Building C object zephyr/lib/libc/minimal/CMakeFiles/lib__libc__minimal.dir/source/stdlib/strtoull.c.obj
[minimal-npcx9:ro] [138/267] Building C object zephyr/lib/libc/minimal/CMakeFiles/lib__libc__minimal.dir/source/stdlib/bsearch.c.obj
[minimal-npcx9:ro] [139/267] Building C object zephyr/arch/arch/arm/core/mpu/CMakeFiles/arch__arm__core__mpu.dir/arm_mpu.c.obj
[markarth:ro] [89/415] Building C object zephyr/lib/libc/minimal/CMakeFiles/lib__libc__minimal.dir/source/stdlib/strtol.c.obj
[markarth:ro] [90/415] Building C object zephyr/arch/arch/arm/core/mpu/CMakeFiles/arch__arm__core__mpu.dir/arm_mpu_regions.c.obj
[markarth:ro] [91/415] Building C object zephyr/lib/libc/minimal/CMakeFiles/lib__libc__minimal.dir/source/stdlib/strtoul.c.obj
[markarth:ro] [92/415] Building C object zephyr/arch/arch/arm/core/mpu/CMakeFiles/arch__arm__core__mpu.dir/arm_mpu.c.obj
[minimal-npcx9:ro] [140/267] Linking C static library zephyr/arch/arch/arm/core/mpu/libarch__arm__core__mpu.a
[minimal-npcx9:ro] [141/267] Building C object zephyr/lib/libc/minimal/CMakeFiles/lib__libc__minimal.dir/source/string/strncasecmp.c.obj
[markarth:ro] [93/415] Linking C static library zephyr/arch/arch/arm/core/mpu/libarch__arm__core__mpu.a
[minimal-npcx9:ro] [142/267] Building C object zephyr/lib/libc/minimal/CMakeFiles/lib__libc__minimal.dir/source/stdlib/qsort.c.obj
[markarth:ro] [94/415] Building C object zephyr/lib/libc/minimal/CMakeFiles/lib__libc__minimal.dir/source/stdlib/bsearch.c.obj
[markarth:ro] [95/415] Building C object zephyr/lib/libc/minimal/CMakeFiles/lib__libc__minimal.dir/source/stdlib/strtoll.c.obj
[/mnt/host/source/src/platform/ec/build/zephyr/chinchou-lcov]   /mnt/host/source/src/platform/ec/build/zephyr/chinchou/build-rw/modules/ec/zephyr/CMakeFiles/ec_shim.dir/shim/src/power.c.gcno:no functions found
[/mnt/host/source/src/platform/ec/build/zephyr/chinchou-lcov] stderr:
[minimal-npcx9:ro] [143/267] Building C object zephyr/lib/libc/minimal/CMakeFiles/lib__libc__minimal.dir/source/string/strstr.c.obj
[minimal-npcx9:ro] [144/267] Building C object zephyr/lib/libc/minimal/CMakeFiles/lib__libc__minimal.dir/source/string/strerror.c.obj
[minimal-npcx9:ro] [145/267] Building C object zephyr/lib/libc/minimal/CMakeFiles/lib__libc__minimal.dir/source/string/string.c.obj
[markarth:ro] [96/415] Building C object zephyr/lib/libc/minimal/CMakeFiles/lib__libc__minimal.dir/source/stdlib/strtoull.c.obj
[minimal-npcx9:ro] [146/267] Building C object zephyr/lib/libc/minimal/CMakeFiles/lib__libc__minimal.dir/source/string/strspn.c.obj
[/mnt/host/source/src/platform/ec/build/zephyr/chinchou-lcov]   /mnt/host/source/src/platform/ec/build/zephyr/chinchou/build-rw/modules/ec/zephyr/CMakeFiles/ec_shim.dir/shim/src/thermal.c.gcno:no functions found
[/mnt/host/source/src/platform/ec/build/zephyr/chinchou-lcov] stderr:
[markarth:ro] [97/415] Building C object zephyr/lib/libc/minimal/CMakeFiles/lib__libc__minimal.dir/source/string/strncasecmp.c.obj
[markarth:ro] [98/415] Building C object zephyr/lib/libc/minimal/CMakeFiles/lib__libc__minimal.dir/source/string/strerror.c.obj
[markarth:rw] [58/417] Building C object zephyr/CMakeFiles/zephyr.dir/drivers/flash/flash_util.c.obj
[markarth:ro] [99/415] Building C object zephyr/lib/libc/minimal/CMakeFiles/lib__libc__minimal.dir/source/string/strstr.c.obj
[markarth:rw] [59/417] Building C object zephyr/arch/common/CMakeFiles/arch__common.dir/sw_isr_common.c.obj
[markarth:ro] [100/415] Building C object zephyr/lib/libc/minimal/CMakeFiles/lib__libc__minimal.dir/source/stdlib/qsort.c.obj
[minimal-npcx9:ro] [147/267] Building C object zephyr/lib/libc/minimal/CMakeFiles/lib__libc__minimal.dir/source/math/sqrtf.c.obj
[minimal-npcx9:ro] [148/267] Building C object zephyr/lib/libc/minimal/CMakeFiles/lib__libc__minimal.dir/source/stdlib/exit.c.obj
[markarth:rw] [60/417] Linking C static library zephyr/libzephyr.a
[markarth:ro] [101/415] Building C object zephyr/lib/libc/minimal/CMakeFiles/lib__libc__minimal.dir/source/string/string.c.obj
[markarth:ro] [102/415] Building C object zephyr/lib/libc/minimal/CMakeFiles/lib__libc__minimal.dir/source/string/strspn.c.obj
[/mnt/host/source/src/platform/ec/build/zephyr/chinchou-lcov]   /mnt/host/source/src/platform/ec/build/zephyr/chinchou/build-rw/modules/ec/zephyr/CMakeFiles/ec_shim.dir/shim/src/battery.c.gcno:no functions found
[/mnt/host/source/src/platform/ec/build/zephyr/chinchou-lcov] stderr:
[/mnt/host/source/src/platform/ec/build/zephyr/chinchou-lcov]   /mnt/host/source/src/platform/ec/build/zephyr/chinchou/build-rw/modules/ec/zephyr/CMakeFiles/ec_shim.dir/shim/src/charger.c.gcno:no functions found
[/mnt/host/source/src/platform/ec/build/zephyr/chinchou-lcov] stderr:
[yavilla:rw] warning: THREAD_MAX_NAME_LEN (defined at
[yavilla:rw] /mnt/host/source/src/platform/ec/zephyr/Kconfig.defaults:19, kernel/Kconfig:504) was assigned the
[yavilla:rw] value '12' but got the value '16'. See
[yavilla:rw] http://docs.zephyrproject.org/latest/kconfig.html#CONFIG_THREAD_MAX_NAME_LEN and/or look up
[yavilla:rw] THREAD_MAX_NAME_LEN in the menuconfig/guiconfig interface. The Application Development Primer,
[yavilla:rw] Setting Configuration Values, and Kconfig - Tips and Best Practices sections of the manual might be
[yavilla:rw] helpful too.
[yavilla:rw] warning: PLATFORM_EC_CONSOLE_CMD_ACCEL_INFO (defined at
[yavilla:rw] /mnt/host/source/src/platform/ec/zephyr/Kconfig.motionsense:159) was assigned the value 'y' but got
[yavilla:rw] the value 'n'. Check these unsatisfied dependencies: PLATFORM_EC_CONSOLE_CMD_ACCELS (=n). See
[yavilla:rw] http://docs.zephyrproject.org/latest/kconfig.html#CONFIG_PLATFORM_EC_CONSOLE_CMD_ACCEL_INFO and/or
[yavilla:rw] look up PLATFORM_EC_CONSOLE_CMD_ACCEL_INFO in the menuconfig/guiconfig interface. The Application
[yavilla:rw] Development Primer, Setting Configuration Values, and Kconfig - Tips and Best Practices sections of
[yavilla:rw] the manual might be helpful too.
[yavilla:rw] warning: TASK_HOSTCMD_STACK_SIZE (defined at
[yavilla:rw] /mnt/host/source/src/platform/ec/zephyr/Kconfig.stacks:52,
[yavilla:rw] /mnt/host/source/src/platform/ec/zephyr/Kconfig.tasks:123) was assigned the value '1280' but got the
[yavilla:rw] value '1152'. See http://docs.zephyrproject.org/latest/kconfig.html#CONFIG_TASK_HOSTCMD_STACK_SIZE
[yavilla:rw] and/or look up TASK_HOSTCMD_STACK_SIZE in the menuconfig/guiconfig interface. The Application
[yavilla:rw] Development Primer, Setting Configuration Values, and Kconfig - Tips and Best Practices sections of
[yavilla:rw] the manual might be helpful too.
[minimal-npcx9:ro] [149/267] Building C object zephyr/lib/libc/minimal/CMakeFiles/lib__libc__minimal.dir/source/math/sqrt.c.obj
[minimal-npcx9:ro] [150/267] Building C object zephyr/lib/libc/minimal/CMakeFiles/lib__libc__minimal.dir/source/stdout/sprintf.c.obj
[/mnt/host/source/src/platform/ec/build/zephyr/chinchou-lcov]   /mnt/host/source/src/platform/ec/build/zephyr/chinchou/build-rw/modules/ec/zephyr/CMakeFiles/ec_shim.dir/shim/src/usb_muxes.c.gcno:no functions found
[/mnt/host/source/src/platform/ec/build/zephyr/chinchou-lcov] stderr:
[markarth:ro] [103/415] Building C object zephyr/lib/libc/minimal/CMakeFiles/lib__libc__minimal.dir/source/stdlib/exit.c.obj
[minimal-npcx9:ro] [151/267] Building C object zephyr/lib/libc/minimal/CMakeFiles/lib__libc__minimal.dir/source/stdout/fprintf.c.obj
[minimal-npcx9:ro] [152/267] Building C object zephyr/lib/libc/common/CMakeFiles/lib__libc__common.dir/source/time/gmtime_r.c.obj
[minimal-npcx9:ro] [153/267] Building C object zephyr/lib/libc/minimal/CMakeFiles/lib__libc__minimal.dir/source/stdout/stdout_console.c.obj
[markarth:rw] [61/417] Building C object zephyr/arch/common/CMakeFiles/arch__common.dir/init.c.obj
[minimal-npcx9:ro] [154/267] Building C object zephyr/lib/libc/common/CMakeFiles/lib__libc__common.dir/source/time/asctime.c.obj
[markarth:ro] [104/415] Building C object zephyr/lib/libc/minimal/CMakeFiles/lib__libc__minimal.dir/source/math/sqrtf.c.obj
[minimal-npcx9:ro] [155/267] Building C object zephyr/lib/libc/minimal/CMakeFiles/lib__libc__minimal.dir/source/time/gmtime.c.obj
[minimal-npcx9:ro] [156/267] Building C object zephyr/lib/libc/common/CMakeFiles/lib__libc__common.dir/source/time/localtime_r_utc.c.obj
[markarth:ro] [105/415] Building C object zephyr/lib/libc/minimal/CMakeFiles/lib__libc__minimal.dir/source/stdout/stdout_console.c.obj
[minimal-npcx9:ro] [157/267] Building C object zephyr/lib/libc/common/CMakeFiles/lib__libc__common.dir/source/time/ctime.c.obj
[minimal-npcx9:ro] [158/267] Linking C static library zephyr/lib/libc/minimal/liblib__libc__minimal.a
[minimal-npcx9:ro] [159/267] Building C object zephyr/lib/libc/common/CMakeFiles/lib__libc__common.dir/source/time/time.c.obj
[/mnt/host/source/src/platform/ec/build/zephyr/ite-aic-lcov]   /mnt/host/source/src/platform/ec/build/zephyr/ite-aic/build-rw/zephyr/CMakeFiles/zephyr.dir/subsys/shell/modules/kernel_service/kernel_shell.c.gcno:no functions found
[/mnt/host/source/src/platform/ec/build/zephyr/ite-aic-lcov] stderr:
[yavilla:rw] Parsing /mnt/host/source/src/platform/ec/zephyr/program/nissa/Kconfig
[markarth:ro] [106/415] Building C object zephyr/lib/libc/minimal/CMakeFiles/lib__libc__minimal.dir/source/stdout/fprintf.c.obj
[minimal-npcx9:ro] [160/267] Building C object zephyr/lib/libc/common/CMakeFiles/lib__libc__common.dir/source/string/strnlen.c.obj
[markarth:ro] [107/415] Building C object zephyr/lib/libc/minimal/CMakeFiles/lib__libc__minimal.dir/source/math/sqrt.c.obj
[markarth:rw] [62/417] Building C object zephyr/arch/common/CMakeFiles/arch__common.dir/xip.c.obj
[minimal-npcx9:ro] [161/267] Building C object zephyr/lib/libc/common/CMakeFiles/lib__libc__common.dir/source/stdlib/abort.c.obj
[minimal-npcx9:ro] [162/267] Building C object zephyr/lib/posix/c_lib_ext/CMakeFiles/lib__posix__c_lib_ext.dir/fnmatch.c.obj
[markarth:ro] [108/415] Building C object zephyr/lib/libc/minimal/CMakeFiles/lib__libc__minimal.dir/source/stdout/sprintf.c.obj
[minimal-npcx9:ro] [163/267] Building C object zephyr/subsys/crc/CMakeFiles/subsys__crc.dir/crc8_sw.c.obj
[minimal-npcx9:ro] [164/267] Building C object zephyr/subsys/crc/CMakeFiles/subsys__crc.dir/crc4_sw.c.obj
[/mnt/host/source/src/platform/ec/build/zephyr/ite-aic-lcov]   /mnt/host/source/src/platform/ec/build/zephyr/ite-aic/build-rw/zephyr/CMakeFiles/zephyr.dir/lib/libc/validate_libc.c.gcno:no functions found
[/mnt/host/source/src/platform/ec/build/zephyr/ite-aic-lcov] stderr:
[markarth:ro] [109/415] Building C object zephyr/lib/libc/common/CMakeFiles/lib__libc__common.dir/source/time/asctime.c.obj
[markarth:ro] [110/415] Building C object zephyr/lib/libc/common/CMakeFiles/lib__libc__common.dir/source/time/gmtime_r.c.obj
[markarth:rw] [63/417] Building C object zephyr/arch/common/CMakeFiles/isr_tables.dir/isr_tables.c.obj
[minimal-npcx9:ro] [165/267] Building C object zephyr/subsys/crc/CMakeFiles/subsys__crc.dir/crc16_sw.c.obj
[markarth:rw] [64/417] Linking C static library zephyr/arch/common/libisr_tables.a
[minimal-npcx9:ro] [166/267] Building C object zephyr/subsys/crc/CMakeFiles/subsys__crc.dir/crc24_sw.c.obj
[/mnt/host/source/src/platform/ec/build/zephyr/chinchou-lcov]   /mnt/host/source/src/platform/ec/build/zephyr/chinchou/build-rw/modules/ec/zephyr/CMakeFiles/ec_shim.dir/shim/src/chg_rt9490.c.gcno:no functions found
[/mnt/host/source/src/platform/ec/build/zephyr/chinchou-lcov] stderr:
[minimal-npcx9:ro] [167/267] Building C object zephyr/subsys/crc/CMakeFiles/subsys__crc.dir/crc7_sw.c.obj
[markarth:rw] [65/417] Linking C static library zephyr/arch/common/libarch__common.a
[markarth:ro] [111/415] Building C object zephyr/lib/libc/common/CMakeFiles/lib__libc__common.dir/source/time/ctime.c.obj
[markarth:ro] [112/415] Building C object zephyr/lib/libc/common/CMakeFiles/lib__libc__common.dir/source/time/localtime_r_utc.c.obj
[minimal-npcx9:ro] [168/267] Building C object zephyr/lib/libc/common/CMakeFiles/lib__libc__common.dir/source/stdlib/malloc.c.obj
[minimal-npcx9:ro] [169/267] Building C object zephyr/subsys/crc/CMakeFiles/subsys__crc.dir/crc32c_sw.c.obj
[minimal-npcx9:ro] [170/267] Building C object zephyr/lib/posix/c_lib_ext/CMakeFiles/lib__posix__c_lib_ext.dir/getopt_shim.c.obj
[minimal-npcx9:ro] [171/267] Building C object zephyr/lib/posix/c_lib_ext/CMakeFiles/lib__posix__c_lib_ext.dir/getentropy.c.obj
[minimal-npcx9:ro] [172/267] Building C object zephyr/subsys/crc/CMakeFiles/subsys__crc.dir/crc32_sw.c.obj
[minimal-npcx9:ro] [173/267] Linking C static library zephyr/lib/libc/common/liblib__libc__common.a
[markarth:ro] [113/415] Building C object zephyr/lib/libc/minimal/CMakeFiles/lib__libc__minimal.dir/source/time/gmtime.c.obj
[minimal-npcx9:ro] [174/267] Linking C static library zephyr/lib/posix/c_lib_ext/liblib__posix__c_lib_ext.a
[minimal-npcx9:ro] [175/267] Building C object zephyr/subsys/crc/CMakeFiles/subsys__crc.dir/crc32k_4_2_sw.c.obj
[markarth:ro] [114/415] Linking C static library zephyr/lib/libc/minimal/liblib__libc__minimal.a
[minimal-npcx9:ro] [176/267] Linking C static library zephyr/subsys/crc/libsubsys__crc.a
[markarth:ro] [115/415] Building C object zephyr/lib/libc/common/CMakeFiles/lib__libc__common.dir/source/stdlib/abort.c.obj
[markarth:ro] [116/415] Building C object zephyr/lib/libc/common/CMakeFiles/lib__libc__common.dir/source/time/time.c.obj
[/mnt/host/source/src/platform/ec/build/zephyr/sundance-lcov]   /mnt/host/source/src/platform/ec/build/zephyr/sundance/build-ro/zephyr/CMakeFiles/zephyr.dir/subsys/shell/modules/kernel_service/kernel_shell.c.gcno:no functions found
[/mnt/host/source/src/platform/ec/build/zephyr/sundance-lcov] stderr:
[markarth:ro] [117/415] Building C object zephyr/lib/libc/common/CMakeFiles/lib__libc__common.dir/source/string/strnlen.c.obj
[markarth:rw] [66/417] Building C object zephyr/arch/arch/arm/core/CMakeFiles/arch__arm__core.dir/fatal.c.obj
[/mnt/host/source/src/platform/ec/build/zephyr/chinchou-lcov]   /mnt/host/source/src/platform/ec/build/zephyr/chinchou/build-rw/modules/ec/zephyr/CMakeFiles/ec_shim.dir/shim/src/usba.c.gcno:no functions found
[/mnt/host/source/src/platform/ec/build/zephyr/chinchou-lcov] stderr:
[markarth:ro] [118/415] Building C object zephyr/lib/posix/c_lib_ext/CMakeFiles/lib__posix__c_lib_ext.dir/fnmatch.c.obj
[yavilla:rw] Loaded configuration '/mnt/host/source/src/platform/ec/zephyr/boards/google/it8xxx2/it8xxx2_it81302bx_defconfig'
[yavilla:rw] Merged configuration '/mnt/host/source/src/platform/ec/zephyr/program/nissa/program.conf'
[yavilla:rw] Merged configuration '/mnt/host/source/src/platform/ec/zephyr/program/nissa/it8xxx2_program.conf'
[yavilla:rw] Merged configuration '/mnt/host/source/src/platform/ec/zephyr/program/nissa/yavilla/project.conf'
[yavilla:rw] Merged configuration '/mnt/host/source/src/platform/ec/build/zephyr/yavilla/kconfig-rw.conf'
[yavilla:rw] Configuration saved to '/mnt/host/source/src/platform/ec/build/zephyr/yavilla/build-rw/zephyr/.config'
[yavilla:rw] Kconfig header saved to '/mnt/host/source/src/platform/ec/build/zephyr/yavilla/build-rw/zephyr/include/generated/zephyr/autoconf.h'
[yavilla:rw] -- Found GnuLd: /home/jpmurphy/.cache/coreboot-sdk/riscv64-elf/96b949749225b6aaa92ed810ab769e8dfb12f000/riscv64-elf/bin/ld.bfd (found version "2.43.1")
[/mnt/host/source/src/platform/ec/build/zephyr/sundance-lcov]   /mnt/host/source/src/platform/ec/build/zephyr/sundance/build-ro/zephyr/CMakeFiles/zephyr.dir/lib/libc/validate_libc.c.gcno:no functions found
[/mnt/host/source/src/platform/ec/build/zephyr/sundance-lcov] stderr:
[markarth:rw] [67/417] Building ASM object zephyr/arch/arch/arm/core/CMakeFiles/arch__arm__core.dir/nmi_on_reset.S.obj
[markarth:ro] [119/415] Building C object zephyr/subsys/crc/CMakeFiles/subsys__crc.dir/crc4_sw.c.obj
[minimal-npcx9:ro] [177/267] Building C object zephyr/drivers/bbram/CMakeFiles/drivers__bbram.dir/bbram_npcx.c.obj
[markarth:rw] [68/417] Building C object zephyr/arch/arch/arm/core/CMakeFiles/arch__arm__core.dir/nmi.c.obj
[minimal-npcx9:ro] [178/267] Building C object zephyr/drivers/clock_control/CMakeFiles/drivers__clock_control.dir/clock_control_npcx.c.obj
[minimal-npcx9:ro] [179/267] Building C object zephyr/drivers/console/CMakeFiles/drivers__console.dir/uart_console.c.obj
[markarth:ro] [120/415] Building C object zephyr/subsys/crc/CMakeFiles/subsys__crc.dir/crc8_sw.c.obj
[yavilla:rw] -- The C compiler identification is GNU 14.2.0
[minimal-npcx9:ro] [180/267] Linking C static library zephyr/drivers/bbram/libdrivers__bbram.a
[markarth:ro] [121/415] Building C object zephyr/lib/libc/common/CMakeFiles/lib__libc__common.dir/source/stdlib/malloc.c.obj
[markarth:rw] [69/417] Linking C static library zephyr/arch/arch/arm/core/libarch__arm__core.a
[minimal-npcx9:ro] [181/267] Linking C static library zephyr/drivers/clock_control/libdrivers__clock_control.a
[minimal-npcx9:ro] [182/267] Building C object zephyr/drivers/flash/CMakeFiles/drivers__flash.dir/jesd216.c.obj
[/mnt/host/source/src/platform/ec/build/zephyr/ite-aic-lcov]   /mnt/host/source/src/platform/ec/build/zephyr/ite-aic/build-rw/zephyr/CMakeFiles/zephyr.dir/lib/utils/last_section_id.c.gcno:no functions found
[/mnt/host/source/src/platform/ec/build/zephyr/ite-aic-lcov] stderr:
[minimal-npcx9:ro] [183/267] Linking C static library zephyr/drivers/console/libdrivers__console.a
[markarth:ro] [122/415] Linking C static library zephyr/lib/libc/common/liblib__libc__common.a
[minimal-npcx9:ro] [184/267] Building C object zephyr/drivers/interrupt_controller/CMakeFiles/drivers__interrupt_controller.dir/intc_miwu.c.obj
[markarth:ro] [123/415] Building C object zephyr/subsys/crc/CMakeFiles/subsys__crc.dir/crc16_sw.c.obj
[markarth:ro] [124/415] Building C object zephyr/subsys/crc/CMakeFiles/subsys__crc.dir/crc7_sw.c.obj
[yavilla:rw] -- The CXX compiler identification is GNU 14.2.0
[minimal-npcx9:ro] [185/267] Linking C static library zephyr/drivers/interrupt_controller/libdrivers__interrupt_controller.a
[/mnt/host/source/src/platform/ec/build/zephyr/chinchou-lcov]   /mnt/host/source/src/platform/ec/build/zephyr/chinchou/build-rw/modules/ec/zephyr/CMakeFiles/ec_shim.dir/shim/src/keyscan.c.gcno:no functions found
[/mnt/host/source/src/platform/ec/build/zephyr/chinchou-lcov] stderr:
[markarth:ro] [125/415] Building C object zephyr/subsys/crc/CMakeFiles/subsys__crc.dir/crc24_sw.c.obj
[markarth:ro] [126/415] Building C object zephyr/lib/posix/c_lib_ext/CMakeFiles/lib__posix__c_lib_ext.dir/getentropy.c.obj
[yavilla:rw] -- The ASM compiler identification is GNU
[markarth:ro] [127/415] Building C object zephyr/subsys/crc/CMakeFiles/subsys__crc.dir/crc32c_sw.c.obj
[yavilla:rw] warning: Deprecated symbol I2C_ALLOW_NO_STOP_TRANSACTIONS is enabled.
[yavilla:rw] CMake Warning at /mnt/host/source/src/platform/ec/zephyr/cmake/linker/ld/linker_libraries.cmake:11 (message):
[yavilla:rw]   Disabling c_library
[yavilla:rw] Call Stack (most recent call first):
[yavilla:rw]   /mnt/host/source/src/third_party/zephyr/main/cmake/target_toolchain_flags.cmake:48 (include)
[yavilla:rw]   /mnt/host/source/src/third_party/zephyr/main/cmake/modules/kernel.cmake:153 (include)
[yavilla:rw]   /mnt/host/source/src/third_party/zephyr/main/cmake/modules/zephyr_default.cmake:138 (include)
[yavilla:rw]   /mnt/host/source/src/third_party/zephyr/main/share/zephyr-package/cmake/ZephyrConfig.cmake:66 (include)
[yavilla:rw]   /mnt/host/source/src/third_party/zephyr/main/share/zephyr-package/cmake/ZephyrConfig.cmake:97 (include_boilerplate)
[yavilla:rw]   CMakeLists.txt:7 (find_package)
[markarth:ro] [128/415] Building C object zephyr/lib/posix/c_lib_ext/CMakeFiles/lib__posix__c_lib_ext.dir/getopt_shim.c.obj
[markarth:ro] [129/415] Building C object zephyr/subsys/crc/CMakeFiles/subsys__crc.dir/crc32_sw.c.obj
[markarth:ro] [130/415] Building C object zephyr/subsys/crc/CMakeFiles/subsys__crc.dir/crc32k_4_2_sw.c.obj
[markarth:ro] [131/415] Linking C static library zephyr/lib/posix/c_lib_ext/liblib__posix__c_lib_ext.a
[markarth:ro] [132/415] Linking C static library zephyr/subsys/crc/libsubsys__crc.a
[markarth:rw] [70/417] Building C object zephyr/arch/arch/arm/core/cortex_m/CMakeFiles/arch__arm__core__cortex_m.dir/exc_exit.c.obj
[minimal-npcx9:ro] [186/267] Building C object zephyr/drivers/pinctrl/CMakeFiles/drivers__pinctrl.dir/common.c.obj
[minimal-npcx9:ro] [187/267] Building C object zephyr/drivers/flash/CMakeFiles/drivers__flash.dir/flash_npcx_fiu_nor.c.obj
[markarth:rw] [71/417] Building ASM object zephyr/arch/arch/arm/core/cortex_m/CMakeFiles/arch__arm__core__cortex_m.dir/fault_s.S.obj
[minimal-npcx9:ro] [188/267] Building C object zephyr/drivers/pinctrl/CMakeFiles/drivers__pinctrl.dir/pinctrl_npcx.c.obj
[minimal-npcx9:ro] [189/267] Building C object zephyr/drivers/flash/CMakeFiles/drivers__flash.dir/flash_npcx_fiu_qspi.c.obj
[minimal-npcx9:ro] [190/267] Linking C static library zephyr/drivers/pinctrl/libdrivers__pinctrl.a
[minimal-npcx9:ro] [191/267] Building C object zephyr/drivers/gpio/CMakeFiles/drivers__gpio.dir/gpio_npcx.c.obj
[minimal-npcx9:ro] [192/267] Linking C static library zephyr/drivers/flash/libdrivers__flash.a
[yavilla:rw] -- Found assembler: /home/jpmurphy/.cache/coreboot-sdk/riscv64-elf/96b949749225b6aaa92ed810ab769e8dfb12f000/bin/riscv64-elf-gcc
[yavilla:rw] -- Performing EC specific devicetree checks
[markarth:rw] [72/417] Building C object zephyr/arch/arch/arm/core/cortex_m/CMakeFiles/arch__arm__core__cortex_m.dir/fault.c.obj
[minimal-npcx9:ro] [193/267] Linking C static library zephyr/drivers/gpio/libdrivers__gpio.a
[/mnt/host/source/src/platform/ec/build/zephyr/sundance-lcov]   /mnt/host/source/src/platform/ec/build/zephyr/sundance/build-ro/zephyr/CMakeFiles/zephyr.dir/lib/utils/last_section_id.c.gcno:no functions found
[/mnt/host/source/src/platform/ec/build/zephyr/sundance-lcov] stderr:
[yavilla:rw] INFO: Verified 58 GPIOs, no duplicates found
[yavilla:rw] INFO: Verified 15 '*-gpios' properties, all flags match.
[yavilla:rw] INFO: Skipped 14 named-gpios children.
[markarth:ro] [133/415] Building C object zephyr/drivers/adc/CMakeFiles/drivers__adc.dir/adc_common.c.obj
[markarth:ro] [134/415] Building C object zephyr/drivers/bbram/CMakeFiles/drivers__bbram.dir/bbram_npcx.c.obj
[markarth:ro] [135/415] Linking C static library zephyr/drivers/bbram/libdrivers__bbram.a
[markarth:ro] [136/415] Building C object zephyr/drivers/interrupt_controller/CMakeFiles/drivers__interrupt_controller.dir/intc_miwu.c.obj
[markarth:ro] [137/415] Building C object zephyr/drivers/adc/CMakeFiles/drivers__adc.dir/adc_npcx.c.obj
[yavilla:rw] -- Generating component manifest file
[minimal-npcx9:ro] [194/267] Building C object zephyr/drivers/syscon/CMakeFiles/drivers__syscon.dir/syscon.c.obj
[minimal-npcx9:ro] [195/267] Building C object zephyr/drivers/serial/CMakeFiles/drivers__serial.dir/uart_npcx.c.obj
[markarth:ro] [138/415] Linking C static library zephyr/drivers/interrupt_controller/libdrivers__interrupt_controller.a
[markarth:ro] [139/415] Linking C static library zephyr/drivers/adc/libdrivers__adc.a
[minimal-npcx9:ro] [196/267] Linking C static library zephyr/drivers/serial/libdrivers__serial.a
[markarth:rw] [73/417] Building C object zephyr/arch/arch/arm/core/cortex_m/CMakeFiles/arch__arm__core__cortex_m.dir/fpu.c.obj
[minimal-npcx9:ro] [197/267] Building C object zephyr/drivers/timer/CMakeFiles/drivers__timer.dir/sys_clock_init.c.obj
[minimal-npcx9:ro] [198/267] Linking C static library zephyr/drivers/syscon/libdrivers__syscon.a
[markarth:rw] [74/417] Building ASM object zephyr/arch/arch/arm/core/cortex_m/CMakeFiles/arch__arm__core__cortex_m.dir/reset.S.obj
[minimal-npcx9:ro] [199/267] Building C object zephyr/drivers/watchdog/CMakeFiles/drivers__watchdog.dir/wdt_npcx.c.obj
[yavilla:rw] INFO: Running CME, outputting to /mnt/host/source/src/platform/ec/build/zephyr/yavilla/build-rw/zephyr/component_manifest.json
[yavilla:rw] INFO: Component usbpd@f03700(ite,it8xxx2-usbpd) not on I2C bus, skip it
[yavilla:rw] INFO: Component virtual-mux-0(cros-ec,usbc-mux-virtual) not on I2C bus, skip it
[yavilla:rw] INFO: Component virtual-mux-1(cros-ec,usbc-mux-virtual) not on I2C bus, skip it
[minimal-npcx9:ro] [200/267] Building C object zephyr/drivers/timer/CMakeFiles/drivers__timer.dir/npcx_itim_timer.c.obj
[minimal-npcx9:ro] [201/267] Linking C static library zephyr/drivers/timer/libdrivers__timer.a
[yavilla:rw] -- warning_base_override: -Wall;-Wformat;-Wformat-security;-Wformat;-Wno-format-zero-length;-Wno-pointer-sign;-Wpointer-arith;-Wexpansion-to-defined
[markarth:ro] [140/415] Building C object zephyr/drivers/console/CMakeFiles/drivers__console.dir/uart_console.c.obj
[markarth:ro] [141/415] Building C object zephyr/drivers/clock_control/CMakeFiles/drivers__clock_control.dir/clock_control_npcx.c.obj
[markarth:ro] [142/415] Linking C static library zephyr/drivers/console/libdrivers__console.a
[minimal-npcx9:ro] [202/267] Building C object zephyr/drivers/watchdog/CMakeFiles/drivers__watchdog.dir/wdt_shell.c.obj
[markarth:ro] [143/415] Linking C static library zephyr/drivers/clock_control/libdrivers__clock_control.a
[minimal-npcx9:ro] [203/267] Building C object modules/ec/zephyr/CMakeFiles/ec_shim.dir/app/ec/main_shim.c.obj
[minimal-npcx9:ro] [204/267] Linking C static library zephyr/drivers/watchdog/libdrivers__watchdog.a
[markarth:ro] [144/415] Building C object zephyr/drivers/eeprom/CMakeFiles/drivers__eeprom.dir/eeprom_shell.c.obj
[markarth:ro] [145/415] Building C object zephyr/drivers/eeprom/CMakeFiles/drivers__eeprom.dir/eeprom_at2x.c.obj
[markarth:rw] [75/417] Building C object zephyr/arch/arch/arm/core/cortex_m/CMakeFiles/arch__arm__core__cortex_m.dir/scb.c.obj
[minimal-npcx9:ro] [205/267] Building C object modules/ec/zephyr/CMakeFiles/ec_shim.dir/app/ec/ec_app_main.c.obj
[markarth:ro] [146/415] Linking C static library zephyr/drivers/eeprom/libdrivers__eeprom.a
[markarth:rw] [76/417] Building C object zephyr/arch/arch/arm/core/cortex_m/CMakeFiles/arch__arm__core__cortex_m.dir/thread_abort.c.obj
[yavilla:rw] -- Found gen_kobject_list: /mnt/host/source/src/third_party/zephyr/main/scripts/build/gen_kobject_list.py
[minimal-npcx9:ro] [206/267] Building C object modules/ec/zephyr/CMakeFiles/ec_shim.dir/drivers/cros_flash/cros_flash_npcx.c.obj
[yavilla:rw] -- [no-LTO] Building kernel files without LTO
[minimal-npcx9:ro] [207/267] Building C object modules/ec/zephyr/CMakeFiles/ec_shim.dir/drivers/cros_system/cros_system_npcx.c.obj
[yavilla:rw] -- Configuring done (16.0s)
[markarth:rw] [77/417] Building ASM object zephyr/arch/arch/arm/core/cortex_m/CMakeFiles/arch__arm__core__cortex_m.dir/vector_table.S.obj
[minimal-npcx9:ro] [208/267] Building C object modules/ec/zephyr/CMakeFiles/ec_shim.dir/shim/chip/npcx/clock.c.obj
[minimal-npcx9:ro] [209/267] Building C object modules/ec/zephyr/CMakeFiles/ec_shim.dir/shim/chip/npcx/gpio.c.obj
[/mnt/host/source/src/platform/ec/build/zephyr/chinchou-lcov]   /mnt/host/source/src/platform/ec/build/zephyr/chinchou/build-rw/modules/ec/zephyr/CMakeFiles/ec_shim.dir/shim/src/bc12.c.gcno:no functions found
[/mnt/host/source/src/platform/ec/build/zephyr/chinchou-lcov] stderr:
[markarth:ro] [147/415] Building C object zephyr/drivers/flash/CMakeFiles/drivers__flash.dir/jesd216.c.obj
[minimal-npcx9:ro] [210/267] Building C object modules/ec/zephyr/CMakeFiles/ec_shim.dir/shim/chip/npcx/rom_chip.c.obj
[markarth:ro] [148/415] Building C object zephyr/drivers/espi/CMakeFiles/drivers__espi.dir/espi_npcx.c.obj
[markarth:ro] [149/415] Building C object zephyr/drivers/espi/CMakeFiles/drivers__espi.dir/host_subs_npcx.c.obj
[markarth:rw] [78/417] Building ASM object zephyr/arch/arch/arm/core/cortex_m/CMakeFiles/arch__arm__core__cortex_m.dir/swap_helper.S.obj
[markarth:ro] [150/415] Linking C static library zephyr/drivers/espi/libdrivers__espi.a
[yavilla:rw] -- Generating done (0.5s)
[yavilla:rw] INFO: Component tcpci-mux-1(parade,usbc-mux-ps8xxx) not on I2C bus, skip it
[yavilla:rw] INFO: Component virtual-mux-1(cros-ec,usbc-mux-virtual) not on I2C bus, skip it
[yavilla:rw] CMake Warning:
[yavilla:rw] -- Build files have been written to: /mnt/host/source/src/platform/ec/build/zephyr/yavilla/build-rw
[markarth:ro] [151/415] Building C object zephyr/drivers/flash/CMakeFiles/drivers__flash.dir/flash_npcx_fiu_nor.c.obj
[minimal-npcx9:ro] [211/267] Building C object modules/ec/zephyr/CMakeFiles/ec_shim.dir/shim/chip/npcx/system.c.obj
[minimal-npcx9:ro] [212/267] Building C object modules/ec/zephyr/CMakeFiles/ec_shim.dir/shim/chip/npcx/system_external_storage.c.obj
[yavilla:rw]   Manually-specified variables were not used by the project:
[yavilla:rw]     COREBOOT_SDK_ROOT_arm
[yavilla:rw]     COREBOOT_SDK_ROOT_libstdcxx_arm
[yavilla:rw]     COREBOOT_SDK_ROOT_libstdcxx_x86
[yavilla:rw]     COREBOOT_SDK_ROOT_nds32
[yavilla:rw]     COREBOOT_SDK_ROOT_picolibc_arm
[yavilla:rw]     COREBOOT_SDK_ROOT_picolibc_x86
[yavilla:rw]     COREBOOT_SDK_ROOT_riscv
[yavilla:rw]     COREBOOT_SDK_ROOT_x86
[minimal-npcx9:ro] [213/267] Building C object modules/ec/zephyr/CMakeFiles/ec_shim.dir/shim/chip/npcx/power_policy.c.obj
[markarth:rw] [79/417] Building C object zephyr/arch/arch/arm/core/cortex_m/CMakeFiles/arch__arm__core__cortex_m.dir/irq_manage.c.obj
[minimal-npcx9:ro] [214/267] Building C object modules/ec/zephyr/CMakeFiles/ec_shim.dir/shim/src/crc.c.obj
[minimal-npcx9:ro] [215/267] Building C object modules/ec/zephyr/CMakeFiles/ec_shim.dir/shim/core/cortex-m/mpu.c.obj
[minimal-npcx9:ro] [216/267] Building C object modules/ec/zephyr/CMakeFiles/ec_shim.dir/shim/core/cortex-m/panic.c.obj
[markarth:ro] [152/415] Building C object zephyr/drivers/flash/CMakeFiles/drivers__flash.dir/flash_npcx_fiu_qspi.c.obj
[markarth:rw] [80/417] Building C object zephyr/arch/arch/arm/core/cortex_m/CMakeFiles/arch__arm__core__cortex_m.dir/prep_c.c.obj
[markarth:ro] [153/415] Building C object zephyr/drivers/gpio/CMakeFiles/drivers__gpio.dir/gpio_nct38xx.c.obj
[markarth:ro] [154/415] Linking C static library zephyr/drivers/flash/libdrivers__flash.a
[minimal-npcx9:ro] [217/267] Building C object modules/ec/zephyr/CMakeFiles/ec_shim.dir/shim/src/console.c.obj
[minimal-npcx9:ro] [218/267] Building C object modules/ec/zephyr/CMakeFiles/ec_shim.dir/shim/src/gpio_int.c.obj
[markarth:ro] [155/415] Building C object zephyr/drivers/gpio/CMakeFiles/drivers__gpio.dir/gpio_npcx.c.obj
[markarth:ro] [156/415] Building C object zephyr/drivers/gpio/CMakeFiles/drivers__gpio.dir/gpio_nct38xx_port.c.obj
[markarth:ro] [157/415] Building C object zephyr/drivers/i2c/CMakeFiles/drivers__i2c.dir/i2c_common.c.obj
[minimal-npcx9:ro] [219/267] Building C object modules/ec/zephyr/CMakeFiles/ec_shim.dir/shim/src/panic_utils.c.obj
[markarth:rw] [81/417] Building C object zephyr/arch/arch/arm/core/cortex_m/CMakeFiles/arch__arm__core__cortex_m.dir/thread.c.obj
[markarth:ro] [158/415] Linking C static library zephyr/drivers/gpio/libdrivers__gpio.a
[minimal-npcx9:ro] [220/267] Building C object modules/ec/zephyr/CMakeFiles/ec_shim.dir/shim/src/gpio.c.obj
[minimal-npcx9:ro] [221/267] Building C object modules/ec/zephyr/CMakeFiles/ec_shim.dir/shim/src/pm_state.c.obj
[minimal-npcx9:ro] [222/267] Building ASM object modules/ec/zephyr/CMakeFiles/ec_shim.dir/shim/src/libgcc_arm.S.obj
[markarth:rw] [82/417] Building C object zephyr/arch/arch/arm/core/cortex_m/CMakeFiles/arch__arm__core__cortex_m.dir/cpu_idle.c.obj
[minimal-npcx9:ro] [223/267] Building C object modules/ec/zephyr/CMakeFiles/ec_shim.dir/shim/src/cbi/cros_cbi.c.obj
[markarth:ro] [159/415] Building C object zephyr/drivers/i2c/CMakeFiles/drivers__i2c.dir/i2c_shell.c.obj
[markarth:ro] [160/415] Building C object zephyr/drivers/i2c/CMakeFiles/drivers__i2c.dir/i2c_npcx_controller.c.obj
[minimal-npcx9:ro] [224/267] Building C object modules/ec/zephyr/CMakeFiles/ec_shim.dir/shim/src/system.c.obj
[markarth:ro] [161/415] Building C object zephyr/drivers/i2c/CMakeFiles/drivers__i2c.dir/i2c_npcx_controller_fifo.c.obj
[markarth:ro] [162/415] Building C object zephyr/drivers/mfd/CMakeFiles/drivers__mfd.dir/mfd_nct38xx.c.obj
[markarth:rw] [83/417] Building C object zephyr/arch/arch/arm/core/cortex_m/CMakeFiles/arch__arm__core__cortex_m.dir/irq_init.c.obj
[markarth:ro] [163/415] Linking C static library zephyr/drivers/mfd/libdrivers__mfd.a
[minimal-npcx9:ro] [225/267] Building C object modules/ec/zephyr/CMakeFiles/ec_shim.dir/shim/src/flash.c.obj
[markarth:ro] [164/415] Building C object zephyr/drivers/i2c/CMakeFiles/drivers__i2c.dir/i2c_npcx_port.c.obj
[minimal-npcx9:ro] [226/267] Building C object modules/ec/zephyr/CMakeFiles/ec_shim.dir/shim/src/hooks.c.obj
[markarth:rw] [84/417] Building C object zephyr/arch/arch/arm/core/cortex_m/CMakeFiles/arch__arm__core__cortex_m.dir/isr_wrapper.c.obj
[markarth:ro] [165/415] Building C object zephyr/drivers/pinctrl/CMakeFiles/drivers__pinctrl.dir/common.c.obj
[markarth:ro] [166/415] Linking C static library zephyr/drivers/i2c/libdrivers__i2c.a
[minimal-npcx9:ro] [227/267] Building C object modules/ec/zephyr/CMakeFiles/ec_shim.dir/shim/src/host_command.c.obj
[markarth:rw] [85/417] Linking C static library zephyr/arch/arch/arm/core/cortex_m/libarch__arm__core__cortex_m.a
[minimal-npcx9:ro] [228/267] Building C object modules/ec/zephyr/CMakeFiles/ec_shim.dir/shim/src/console_buffer.c.obj
[markarth:ro] [167/415] Building C object zephyr/drivers/sensor/CMakeFiles/drivers__sensor.dir/mnt/host/source/src/third_party/zephyr/main/misc/empty_file.c.obj
[markarth:ro] [168/415] Linking C static library zephyr/drivers/sensor/libdrivers__sensor.a
[markarth:ro] [169/415] Building C object zephyr/drivers/pinctrl/CMakeFiles/drivers__pinctrl.dir/pinctrl_npcx.c.obj
[minimal-npcx9:ro] [229/267] Building C object modules/ec/zephyr/CMakeFiles/ec_shim.dir/shim/src/panic.c.obj
[markarth:ro] [170/415] Linking C static library zephyr/drivers/pinctrl/libdrivers__pinctrl.a
[minimal-npcx9:ro] [230/267] Building C object modules/ec/zephyr/CMakeFiles/ec_shim.dir/shim/src/hwtimer.c.obj
[markarth:ro] [171/415] Building C object zephyr/drivers/pwm/CMakeFiles/drivers__pwm.dir/pwm_shell.c.obj
[markarth:rw] [86/417] Building C object zephyr/arch/arch/arm/core/mpu/CMakeFiles/arch__arm__core__mpu.dir/arm_core_mpu.c.obj
[markarth:ro] [172/415] Building C object zephyr/drivers/pwm/CMakeFiles/drivers__pwm.dir/pwm_npcx.c.obj
[minimal-npcx9:ro] [231/267] Building C object modules/ec/zephyr/CMakeFiles/ec_shim.dir/shim/src/watchdog.c.obj
[markarth:ro] [173/415] Linking C static library zephyr/drivers/pwm/libdrivers__pwm.a
[minimal-npcx9:ro] [232/267] Building C object modules/ec/zephyr/CMakeFiles/ec_shim.dir/shim/src/usbc_stub.c.obj
[minimal-npcx9:ro] [233/267] Building C object modules/ec/zephyr/CMakeFiles/ec_shim.dir/shim/src/tasks.c.obj
[minimal-npcx9:ro] [234/267] Linking C static library modules/ec/zephyr/libec_shim.a
[minimal-npcx9:ro] [235/267] Building C object zephyr/kernel/CMakeFiles/kernel.dir/main_weak.c.obj
[markarth:rw] [87/417] Building C object zephyr/arch/arch/arm/core/mpu/CMakeFiles/arch__arm__core__mpu.dir/arm_mpu.c.obj
[markarth:ro] [174/415] Building C object zephyr/drivers/sensor/nuvoton/nuvoton_tach_npcx/CMakeFiles/drivers__sensor__nuvoton__nuvoton_tach_npcx.dir/tach_nuvoton_npcx.c.obj
[markarth:rw] [88/417] Generating ../../../include/generated/libc/minimal/strerror_table.h
[markarth:ro] [175/415] Linking C static library zephyr/drivers/sensor/nuvoton/nuvoton_tach_npcx/libdrivers__sensor__nuvoton__nuvoton_tach_npcx.a
[minimal-npcx9:ro] [236/267] Building C object zephyr/kernel/CMakeFiles/kernel.dir/banner.c.obj
[markarth:ro] [176/415] Building C object zephyr/drivers/syscon/CMakeFiles/drivers__syscon.dir/syscon.c.obj
[markarth:ro] [177/415] Building C object zephyr/drivers/serial/CMakeFiles/drivers__serial.dir/uart_npcx.c.obj
[markarth:ro] [178/415] Linking C static library zephyr/drivers/syscon/libdrivers__syscon.a
[markarth:rw] [89/417] Building C object zephyr/lib/libc/minimal/CMakeFiles/lib__libc__minimal.dir/source/stdlib/atoi.c.obj
[markarth:ro] [179/415] Building C object zephyr/drivers/timer/CMakeFiles/drivers__timer.dir/sys_clock_init.c.obj
[markarth:ro] [180/415] Linking C static library zephyr/drivers/serial/libdrivers__serial.a
[minimal-npcx9:ro] [237/267] Building C object zephyr/kernel/CMakeFiles/kernel.dir/busy_wait.c.obj
[minimal-npcx9:ro] [238/267] Building C object zephyr/kernel/CMakeFiles/kernel.dir/device.c.obj
[markarth:rw] [90/417] Building C object zephyr/arch/arch/arm/core/mpu/CMakeFiles/arch__arm__core__mpu.dir/arm_mpu_regions.c.obj
[markarth:rw] [91/417] Building C object zephyr/lib/libc/minimal/CMakeFiles/lib__libc__minimal.dir/source/stdlib/strtol.c.obj
[markarth:rw] [92/417] Linking C static library zephyr/arch/arch/arm/core/mpu/libarch__arm__core__mpu.a
[minimal-npcx9:ro] [239/267] Building C object zephyr/kernel/CMakeFiles/kernel.dir/errno.c.obj
[minimal-npcx9:ro] [240/267] Building C object zephyr/kernel/CMakeFiles/kernel.dir/fatal.c.obj
[markarth:ro] [181/415] Building C object zephyr/drivers/timer/CMakeFiles/drivers__timer.dir/npcx_itim_timer.c.obj
[markarth:rw] [93/417] Building C object zephyr/lib/libc/minimal/CMakeFiles/lib__libc__minimal.dir/source/stdlib/strtoul.c.obj
[markarth:ro] [182/415] Linking C static library zephyr/drivers/timer/libdrivers__timer.a
[minimal-npcx9:ro] [241/267] Building C object zephyr/kernel/CMakeFiles/kernel.dir/version.c.obj
[markarth:rw] [94/417] Building C object zephyr/lib/libc/minimal/CMakeFiles/lib__libc__minimal.dir/source/stdlib/strtoll.c.obj
[minimal-npcx9:ro] [242/267] Building C object zephyr/kernel/CMakeFiles/kernel.dir/init.c.obj
[markarth:rw] [95/417] Building C object zephyr/lib/libc/minimal/CMakeFiles/lib__libc__minimal.dir/source/stdlib/strtoull.c.obj
[markarth:rw] [96/417] Building C object zephyr/lib/libc/minimal/CMakeFiles/lib__libc__minimal.dir/source/stdlib/bsearch.c.obj
[markarth:ro] [183/415] Building C object zephyr/drivers/watchdog/CMakeFiles/drivers__watchdog.dir/wdt_npcx.c.obj
[minimal-npcx9:ro] [243/267] Building C object zephyr/kernel/CMakeFiles/kernel.dir/kheap.c.obj
[minimal-npcx9:ro] [244/267] Building C object zephyr/kernel/CMakeFiles/kernel.dir/mem_slab.c.obj
[markarth:ro] [184/415] Building C object zephyr/drivers/watchdog/CMakeFiles/drivers__watchdog.dir/wdt_shell.c.obj
[minimal-npcx9:ro] [245/267] Building C object zephyr/kernel/CMakeFiles/kernel.dir/float.c.obj
[markarth:ro] [185/415] Building C object modules/ec/zephyr/CMakeFiles/ec_shim.dir/app/ec/main_shim.c.obj
[markarth:ro] [186/415] Linking C static library zephyr/drivers/watchdog/libdrivers__watchdog.a
[markarth:rw] [97/417] Building C object zephyr/lib/libc/minimal/CMakeFiles/lib__libc__minimal.dir/source/stdlib/qsort.c.obj
[markarth:ro] [187/415] Building C object modules/ec/zephyr/CMakeFiles/ec_shim.dir/app/ec/ec_app_main.c.obj
[minimal-npcx9:ro] [246/267] Building C object zephyr/kernel/CMakeFiles/kernel.dir/idle.c.obj
[markarth:rw] [98/417] Building C object zephyr/lib/libc/minimal/CMakeFiles/lib__libc__minimal.dir/source/string/strerror.c.obj
[minimal-npcx9:ro] [247/267] Building C object zephyr/kernel/CMakeFiles/kernel.dir/mailbox.c.obj
[markarth:rw] [99/417] Building C object zephyr/lib/libc/minimal/CMakeFiles/lib__libc__minimal.dir/source/string/strncasecmp.c.obj
[minimal-npcx9:ro] [248/267] Building C object zephyr/kernel/CMakeFiles/kernel.dir/msg_q.c.obj
[minimal-npcx9:ro] [249/267] Building C object zephyr/kernel/CMakeFiles/kernel.dir/mutex.c.obj
[markarth:rw] [100/417] Building C object zephyr/lib/libc/minimal/CMakeFiles/lib__libc__minimal.dir/source/stdlib/exit.c.obj
[markarth:rw] [101/417] Building C object zephyr/lib/libc/minimal/CMakeFiles/lib__libc__minimal.dir/source/string/strstr.c.obj
[minimal-npcx9:ro] [250/267] Building C object zephyr/kernel/CMakeFiles/kernel.dir/queue.c.obj
[markarth:ro] [188/415] Building C object modules/ec/zephyr/CMakeFiles/ec_shim.dir/drivers/cros_flash/cros_flash_npcx.c.obj
[markarth:rw] [102/417] Building C object zephyr/lib/libc/minimal/CMakeFiles/lib__libc__minimal.dir/source/string/string.c.obj
[markarth:rw] [103/417] Building C object zephyr/lib/libc/minimal/CMakeFiles/lib__libc__minimal.dir/source/string/strspn.c.obj
[markarth:ro] [189/415] Building C object modules/ec/zephyr/CMakeFiles/ec_shim.dir/drivers/cros_kb_raw/cros_kb_raw_npcx.c.obj
[minimal-npcx9:ro] [251/267] Building C object zephyr/kernel/CMakeFiles/kernel.dir/sem.c.obj
[markarth:ro] [190/415] Building C object modules/ec/zephyr/CMakeFiles/ec_shim.dir/drivers/cros_kblight/pwm_kblight.c.obj
[markarth:ro] [191/415] Building C object modules/ec/zephyr/CMakeFiles/ec_shim.dir/drivers/cros_system/cros_system_npcx.c.obj
[minimal-npcx9:ro] [252/267] Building C object zephyr/kernel/CMakeFiles/kernel.dir/stack.c.obj
[minimal-npcx9:ro] [253/267] Building C object zephyr/kernel/CMakeFiles/kernel.dir/system_work_q.c.obj
[markarth:ro] [192/415] Building C object modules/ec/zephyr/CMakeFiles/ec_shim.dir/drivers/vivaldi_kbd/vivaldi_kbd.c.obj
[/mnt/host/source/src/platform/ec/build/zephyr/geralt-lcov]   /mnt/host/source/src/platform/ec/build/zephyr/geralt/build-rw/CMakeFiles/app.dir/mnt/host/source/src/platform/ec/build/zephyr/geralt/modules/ec/common/usb_pd_pdo.c.gcno:no functions found
[/mnt/host/source/src/platform/ec/build/zephyr/geralt-lcov] stderr:
[minimal-npcx9:ro] [254/267] Building C object zephyr/kernel/CMakeFiles/kernel.dir/condvar.c.obj
[minimal-npcx9:ro] [255/267] Building C object zephyr/kernel/CMakeFiles/kernel.dir/work.c.obj
[minimal-npcx9:ro] [256/267] Building C object zephyr/kernel/CMakeFiles/kernel.dir/thread.c.obj
[markarth:rw] [104/417] Building C object zephyr/lib/libc/minimal/CMakeFiles/lib__libc__minimal.dir/source/stdout/sprintf.c.obj
[markarth:rw] [105/417] Building C object zephyr/lib/libc/minimal/CMakeFiles/lib__libc__minimal.dir/source/stdout/stdout_console.c.obj
[/mnt/host/source/src/platform/ec/build/zephyr/sundance-lcov]   /mnt/host/source/src/platform/ec/build/zephyr/sundance/build-ro/zephyr/CMakeFiles/zephyr.dir/soc/nuvoton/npcx/common/npcxn/registers.c.gcno:no functions found
[/mnt/host/source/src/platform/ec/build/zephyr/sundance-lcov] stderr:
[markarth:ro] [193/415] Building C object modules/ec/zephyr/CMakeFiles/ec_shim.dir/shim/chip/npcx/clock.c.obj
[minimal-npcx9:ro] [257/267] Building C object zephyr/kernel/CMakeFiles/kernel.dir/sched.c.obj
[markarth:ro] [194/415] Building C object modules/ec/zephyr/CMakeFiles/ec_shim.dir/shim/chip/npcx/gpio.c.obj
[markarth:rw] [106/417] Building C object zephyr/lib/libc/minimal/CMakeFiles/lib__libc__minimal.dir/source/math/sqrtf.c.obj
[minimal-npcx9:ro] [258/267] Building C object zephyr/kernel/CMakeFiles/kernel.dir/pipe.c.obj
[markarth:ro] [195/415] Building C object modules/ec/zephyr/CMakeFiles/ec_shim.dir/shim/chip/npcx/keyboard_raw.c.obj
[markarth:ro] [196/415] Building C object modules/ec/zephyr/CMakeFiles/ec_shim.dir/shim/chip/npcx/rom_chip.c.obj
[minimal-npcx9:ro] [259/267] Building C object zephyr/kernel/CMakeFiles/kernel.dir/spinlock_validate.c.obj
[/mnt/host/source/src/platform/ec/build/zephyr/ite-aic-lcov]   /mnt/host/source/src/platform/ec/build/zephyr/ite-aic/build-rw/zephyr/CMakeFiles/zephyr.dir/soc/ite/ec/it8xxx2/check_regs.c.gcno:no functions found
[/mnt/host/source/src/platform/ec/build/zephyr/ite-aic-lcov] stderr:
[minimal-npcx9:ro] [260/267] Building C object zephyr/kernel/CMakeFiles/kernel.dir/thread_monitor.c.obj
[markarth:rw] [107/417] Building C object zephyr/lib/libc/minimal/CMakeFiles/lib__libc__minimal.dir/source/math/sqrt.c.obj
[minimal-npcx9:ro] [261/267] Building C object zephyr/kernel/CMakeFiles/kernel.dir/timeout.c.obj
[markarth:rw] [108/417] Building C object zephyr/lib/libc/minimal/CMakeFiles/lib__libc__minimal.dir/source/stdout/fprintf.c.obj
[markarth:ro] [197/415] Building C object modules/ec/zephyr/CMakeFiles/ec_shim.dir/shim/chip/npcx/system.c.obj
[minimal-npcx9:ro] [262/267] Building C object zephyr/kernel/CMakeFiles/kernel.dir/timer.c.obj
[minimal-npcx9:ro] [263/267] Building C object zephyr/kernel/CMakeFiles/kernel.dir/events.c.obj
[minimal-npcx9:ro] [264/267] Building C object zephyr/kernel/CMakeFiles/kernel.dir/mempool.c.obj
[minimal-npcx9:ro] [265/267] Building C object zephyr/kernel/CMakeFiles/kernel.dir/poll.c.obj
[markarth:ro] [198/415] Building C object modules/ec/zephyr/CMakeFiles/ec_shim.dir/shim/chip/npcx/system_external_storage.c.obj
[markarth:ro] [199/415] Building C object modules/ec/zephyr/CMakeFiles/ec_shim.dir/shim/src/crc.c.obj
[markarth:ro] [200/415] Building C object modules/ec/zephyr/CMakeFiles/ec_shim.dir/shim/core/cortex-m/panic.c.obj
[minimal-npcx9:ro] [266/267] Building C object zephyr/kernel/CMakeFiles/kernel.dir/dynamic_disabled.c.obj
[markarth:rw] [109/417] Building C object zephyr/lib/libc/common/CMakeFiles/lib__libc__common.dir/source/time/gmtime_r.c.obj
[markarth:rw] [110/417] Building C object zephyr/lib/libc/common/CMakeFiles/lib__libc__common.dir/source/time/asctime.c.obj
[markarth:ro] [201/415] Building C object modules/ec/zephyr/CMakeFiles/ec_shim.dir/shim/chip/npcx/power_policy.c.obj
[markarth:ro] [202/415] Building C object modules/ec/zephyr/CMakeFiles/ec_shim.dir/shim/core/cortex-m/mpu.c.obj
[minimal-npcx9:ro] [267/267] Linking C static library zephyr/kernel/libkernel.a
[markarth:rw] [111/417] Building C object zephyr/lib/libc/minimal/CMakeFiles/lib__libc__minimal.dir/source/time/gmtime.c.obj
[markarth:rw] [112/417] Building C object zephyr/lib/libc/common/CMakeFiles/lib__libc__common.dir/source/stdlib/abort.c.obj
[markarth:rw] [113/417] Linking C static library zephyr/lib/libc/minimal/liblib__libc__minimal.a
[markarth:rw] [114/417] Building C object zephyr/lib/libc/common/CMakeFiles/lib__libc__common.dir/source/time/localtime_r_utc.c.obj
[markarth:rw] [115/417] Building C object zephyr/lib/libc/common/CMakeFiles/lib__libc__common.dir/source/time/ctime.c.obj
[markarth:rw] [116/417] Building C object zephyr/lib/libc/common/CMakeFiles/lib__libc__common.dir/source/string/strnlen.c.obj
[markarth:rw] [117/417] Building C object zephyr/lib/libc/common/CMakeFiles/lib__libc__common.dir/source/time/time.c.obj
[markarth:rw] [118/417] Building C object zephyr/lib/posix/c_lib_ext/CMakeFiles/lib__posix__c_lib_ext.dir/fnmatch.c.obj
[markarth:ro] [203/415] Building C object modules/ec/zephyr/CMakeFiles/ec_shim.dir/shim/src/console.c.obj
[markarth:rw] [119/417] Building C object zephyr/subsys/crc/CMakeFiles/subsys__crc.dir/crc4_sw.c.obj
[markarth:rw] [120/417] Building C object zephyr/subsys/crc/CMakeFiles/subsys__crc.dir/crc8_sw.c.obj
[markarth:ro] [204/415] Building C object modules/ec/zephyr/CMakeFiles/ec_shim.dir/shim/src/gpio_int.c.obj
[markarth:ro] [205/415] Building C object modules/ec/zephyr/CMakeFiles/ec_shim.dir/shim/src/pm_state.c.obj
[markarth:ro] [206/415] Building C object modules/ec/zephyr/CMakeFiles/ec_shim.dir/shim/src/panic_utils.c.obj
[markarth:ro] [207/415] Building C object modules/ec/zephyr/CMakeFiles/ec_shim.dir/shim/src/cbi/cros_cbi.c.obj
[markarth:rw] [121/417] Building C object zephyr/subsys/crc/CMakeFiles/subsys__crc.dir/crc16_sw.c.obj
[markarth:ro] [208/415] Building C object modules/ec/zephyr/CMakeFiles/ec_shim.dir/shim/src/cbi/cros_cbi_fw_config.c.obj
[markarth:rw] [122/417] Building C object zephyr/lib/libc/common/CMakeFiles/lib__libc__common.dir/source/stdlib/malloc.c.obj
[markarth:ro] [209/415] Building C object modules/ec/zephyr/CMakeFiles/ec_shim.dir/shim/src/cbi/cbi_eeprom.c.obj
[markarth:ro] [210/415] Building ASM object modules/ec/zephyr/CMakeFiles/ec_shim.dir/shim/src/libgcc_arm.S.obj
[markarth:ro] [211/415] Building C object modules/ec/zephyr/CMakeFiles/ec_shim.dir/shim/src/gpio.c.obj
[markarth:rw] [123/417] Building C object zephyr/subsys/crc/CMakeFiles/subsys__crc.dir/crc7_sw.c.obj
[markarth:rw] [124/417] Building C object zephyr/lib/posix/c_lib_ext/CMakeFiles/lib__posix__c_lib_ext.dir/getentropy.c.obj
[markarth:rw] [125/417] Building C object zephyr/lib/posix/c_lib_ext/CMakeFiles/lib__posix__c_lib_ext.dir/getopt_shim.c.obj
[markarth:rw] [126/417] Linking C static library zephyr/lib/libc/common/liblib__libc__common.a
[markarth:rw] [127/417] Linking C static library zephyr/lib/posix/c_lib_ext/liblib__posix__c_lib_ext.a
[markarth:rw] [128/417] Building C object zephyr/subsys/crc/CMakeFiles/subsys__crc.dir/crc24_sw.c.obj
[markarth:rw] [129/417] Building C object zephyr/subsys/crc/CMakeFiles/subsys__crc.dir/crc32c_sw.c.obj
[markarth:rw] [130/417] Building C object zephyr/subsys/crc/CMakeFiles/subsys__crc.dir/crc32_sw.c.obj
[markarth:rw] [131/417] Building C object zephyr/subsys/crc/CMakeFiles/subsys__crc.dir/crc32k_4_2_sw.c.obj
[markarth:rw] [132/417] Linking C static library zephyr/subsys/crc/libsubsys__crc.a
[markarth:ro] [212/415] Building C object modules/ec/zephyr/CMakeFiles/ec_shim.dir/shim/src/led_driver/led.c.obj
[/mnt/host/source/src/platform/ec/build/zephyr/ite-aic-lcov]   /mnt/host/source/src/platform/ec/build/zephyr/ite-aic/build-rw/zephyr/drivers/syscon/CMakeFiles/drivers__syscon.dir/mnt/host/source/src/third_party/zephyr/main/misc/empty_file.c.gcno:no functions found
[/mnt/host/source/src/platform/ec/build/zephyr/ite-aic-lcov] Filter suppressions 'region':
[markarth:ro] [213/415] Building C object modules/ec/zephyr/CMakeFiles/ec_shim.dir/shim/src/system.c.obj
[markarth:ro] [214/415] Building C object modules/ec/zephyr/CMakeFiles/ec_shim.dir/shim/src/led_driver/led_pwm.c.obj
[/mnt/host/source/src/platform/ec/build/zephyr/ite-aic-lcov]     21 instances
[/mnt/host/source/src/platform/ec/build/zephyr/ite-aic-lcov]     12 coverpoints
[/mnt/host/source/src/platform/ec/build/zephyr/ite-aic-lcov] Message summary:
[/mnt/host/source/src/platform/ec/build/zephyr/ite-aic-lcov]   1 warning message:
[/mnt/host/source/src/platform/ec/build/zephyr/ite-aic-lcov]     format: 1
[/mnt/host/source/src/platform/ec/build/zephyr/ite-aic-lcov]   17 ignore messages:
[/mnt/host/source/src/platform/ec/build/zephyr/ite-aic-lcov]     gcov: 17
Running (initial) lcov on /mnt/host/source/src/platform/ec/build/zephyr/minimal-npcx9.
[markarth:ro] [215/415] Building C object modules/ec/zephyr/CMakeFiles/ec_shim.dir/shim/src/adc.c.obj
[markarth:ro] [216/415] Building C object modules/ec/zephyr/CMakeFiles/ec_shim.dir/shim/src/charger.c.obj
[markarth:ro] [217/415] Building C object modules/ec/zephyr/CMakeFiles/ec_shim.dir/shim/src/battery.c.obj
[markarth:rw] [133/417] Building C object zephyr/drivers/interrupt_controller/CMakeFiles/drivers__interrupt_controller.dir/intc_miwu.c.obj
[markarth:rw] [134/417] Building C object zephyr/drivers/adc/CMakeFiles/drivers__adc.dir/adc_common.c.obj
[markarth:rw] [135/417] Linking C static library zephyr/drivers/interrupt_controller/libdrivers__interrupt_controller.a
Running `env -i PYTHONPATH=/usr/lib64/python-exec/python3.11:/mnt/host/source/src/platform/ec/zephyr/zmake:/usr/lib/python311.zip:/usr/lib/python3.11:/usr/lib/python3.11/lib-dynload:/usr/lib/python3.11/site-packages PW_PIGWEED_CIPD_INSTALL_DIR=/usr CROSTC_USER_ACKNOWLEDGES_THAT_RISCV_IS_EXPERIMENTAL=1 PATH=/mnt/host/source/chromite/bin:/usr/local/bin:/usr/bin:/bin:/opt/bin:/mnt/host/source/chromite/sdk/bin:/mnt/host/source/chromite/bin HOME=/home/jpmurphy JAVA_HOME=/etc/java-config-2/current-system-vm JDK_HOME=/etc/java-config-2/current-system-vm JAVAC=/etc/java-config-2/current-system-vm/bin/javac MAKEFLAGS=' -j16 --jobserver-auth=5,6' /usr/bin/lcov --gcov-tool /mnt/host/source/src/platform/ec/build/zephyr/minimal-npcx9/build-rw/gcov.sh -q -o - -c -d /mnt/host/source/src/platform/ec/build/zephyr/minimal-npcx9 -t minimal-npcx9 --rc branch_coverage=1 --filter range --ignore-errors inconsistent,source --ignore-errors gcov,gcov -i`
[markarth:ro] [218/415] Building C object modules/ec/zephyr/CMakeFiles/ec_shim.dir/shim/src/espi.c.obj
[markarth:rw] [136/417] Building C object zephyr/drivers/bbram/CMakeFiles/drivers__bbram.dir/bbram_npcx.c.obj
[markarth:ro] [219/415] Building C object modules/ec/zephyr/CMakeFiles/ec_shim.dir/shim/src/fan.c.obj
[markarth:rw] [137/417] Linking C static library zephyr/drivers/bbram/libdrivers__bbram.a
[markarth:rw] [138/417] Building C object zephyr/drivers/adc/CMakeFiles/drivers__adc.dir/adc_npcx.c.obj
[markarth:rw] [139/417] Linking C static library zephyr/drivers/adc/libdrivers__adc.a
[markarth:ro] [220/415] Building C object modules/ec/zephyr/CMakeFiles/ec_shim.dir/shim/src/flash.c.obj
[markarth:ro] [221/415] Building C object modules/ec/zephyr/CMakeFiles/ec_shim.dir/shim/src/host_command.c.obj
[markarth:ro] [222/415] Building C object modules/ec/zephyr/CMakeFiles/ec_shim.dir/shim/src/hooks.c.obj
[markarth:ro] [223/415] Building C object modules/ec/zephyr/CMakeFiles/ec_shim.dir/shim/src/console_buffer.c.obj
[markarth:ro] [224/415] Building C object modules/ec/zephyr/CMakeFiles/ec_shim.dir/shim/src/keyboard_raw.c.obj
[/mnt/host/source/src/platform/ec/build/zephyr/minimal-npcx9-lcov] geninfo: WARNING: (format) invalid characters removed from testname
[markarth:ro] [225/415] Building C object modules/ec/zephyr/CMakeFiles/ec_shim.dir/shim/src/keyscan.c.obj
[markarth:rw] [140/417] Building C object zephyr/drivers/clock_control/CMakeFiles/drivers__clock_control.dir/clock_control_npcx.c.obj
[markarth:rw] [141/417] Building C object zephyr/drivers/console/CMakeFiles/drivers__console.dir/uart_console.c.obj
[markarth:rw] [142/417] Linking C static library zephyr/drivers/console/libdrivers__console.a
[markarth:ro] [226/415] Building C object modules/ec/zephyr/CMakeFiles/ec_shim.dir/shim/src/mkbp_event.c.obj
[markarth:rw] [143/417] Linking C static library zephyr/drivers/clock_control/libdrivers__clock_control.a
[/mnt/host/source/src/platform/ec/build/zephyr/minimal-npcx9-lcov] 	(use "geninfo --ignore-errors format,format ..." to suppress this warning)
[/mnt/host/source/src/platform/ec/build/zephyr/minimal-npcx9-lcov] geninfo: WARNING: using JSON module "JSON::PP" - which is much slower than some alternatives.  Consider installing one of JSON::XS or Cpanel::JSON::XS
[markarth:rw] [144/417] Building C object zephyr/drivers/eeprom/CMakeFiles/drivers__eeprom.dir/eeprom_shell.c.obj
[markarth:ro] [227/415] Building C object modules/ec/zephyr/CMakeFiles/ec_shim.dir/shim/src/motionsense_sensors.c.obj
[markarth:rw] [145/417] Building C object zephyr/drivers/eeprom/CMakeFiles/drivers__eeprom.dir/eeprom_at2x.c.obj
[/mnt/host/source/src/platform/ec/build/zephyr/geralt-lcov]   /mnt/host/source/src/platform/ec/build/zephyr/geralt/build-rw/CMakeFiles/app.dir/mnt/host/source/src/platform/ec/build/zephyr/geralt/modules/ec/common/cbi_config.c.gcno:no functions found
[/mnt/host/source/src/platform/ec/build/zephyr/geralt-lcov] stderr:
[markarth:rw] [146/417] Linking C static library zephyr/drivers/eeprom/libdrivers__eeprom.a
[markarth:ro] [228/415] Building C object modules/ec/zephyr/CMakeFiles/ec_shim.dir/shim/src/panic.c.obj
[markarth:ro] [229/415] Building C object modules/ec/zephyr/CMakeFiles/ec_shim.dir/shim/src/thermal.c.obj
[markarth:ro] [230/415] Building C object modules/ec/zephyr/CMakeFiles/ec_shim.dir/shim/src/pwm_hc.c.obj
[markarth:ro] [231/415] Building C object modules/ec/zephyr/CMakeFiles/ec_shim.dir/shim/src/hwtimer.c.obj
[markarth:ro] [232/415] Building C object modules/ec/zephyr/CMakeFiles/ec_shim.dir/shim/src/temp_sensors.c.obj
[markarth:ro] [233/415] Building C object modules/ec/zephyr/CMakeFiles/ec_shim.dir/shim/src/i2c.c.obj
[markarth:rw] [147/417] Building C object zephyr/drivers/espi/CMakeFiles/drivers__espi.dir/host_subs_npcx.c.obj
[markarth:rw] [148/417] Building C object zephyr/drivers/flash/CMakeFiles/drivers__flash.dir/jesd216.c.obj
[markarth:ro] [234/415] cd /mnt/host/source/src/platform/ec/build/zephyr/markarth/build-ro/modules/ec/zephyr && PYTHONPATH=/mnt/host/source/src/platform/ec/build/zephyr/markarth/modules/ec/zephyr/zmake/ /usr/bin/python3.11 /mnt/host/source/src/platform/ec/build/zephyr/markarth/modules/ec/zephyr/zmake/zephyr_build_tools/generate_ec_version.py /mnt/host/source/src/platform/ec/build/zephyr/markarth/build-ro/modules/ec/zephyr/include/ec_version.h --name Zephyr-Kernel --version 16543.0.0 --static
[markarth:ro] INFO:root:Using a static version string
[markarth:ro] INFO:root:Version string: Zephyr-Kernel-16543.0.0
[markarth:ro] INFO:root:Writing header to /mnt/host/source/src/platform/ec/build/zephyr/markarth/build-ro/modules/ec/zephyr/include/ec_version.h
[markarth:ro] [235/415] Building C object modules/ec/zephyr/CMakeFiles/ec_shim.dir/shim/src/tasks.c.obj
[markarth:rw] [149/417] Building C object zephyr/drivers/espi/CMakeFiles/drivers__espi.dir/espi_npcx.c.obj
[/mnt/host/source/src/platform/ec/build/zephyr/geralt-lcov]   /mnt/host/source/src/platform/ec/build/zephyr/geralt/build-rw/zephyr/arch/arch/riscv/core/CMakeFiles/arch__riscv__core.dir/cpu_idle.c.gcno:no functions found
[/mnt/host/source/src/platform/ec/build/zephyr/geralt-lcov] stderr:
[markarth:rw] [150/417] Linking C static library zephyr/drivers/espi/libdrivers__espi.a
[markarth:ro] [236/415] Building C object modules/ec/zephyr/CMakeFiles/ec_shim.dir/shim/src/watchdog.c.obj
[markarth:rw] [151/417] Building C object zephyr/drivers/flash/CMakeFiles/drivers__flash.dir/flash_npcx_fiu_nor.c.obj
[markarth:ro] [237/415] Building C object modules/ec/zephyr/CMakeFiles/ec_shim.dir/shim/src/ppc.c.obj
[/mnt/host/source/src/platform/ec/build/zephyr/sundance-lcov]   /mnt/host/source/src/platform/ec/build/zephyr/sundance/build-ro/zephyr/drivers/sensor/CMakeFiles/drivers__sensor.dir/mnt/host/source/src/third_party/zephyr/main/misc/empty_file.c.gcno:no functions found
[/mnt/host/source/src/platform/ec/build/zephyr/sundance-lcov] stderr:
[markarth:ro] [238/415] Building C object zephyr/kernel/CMakeFiles/kernel.dir/main_weak.c.obj
[/mnt/host/source/src/platform/ec/build/zephyr/sundance-lcov]   /mnt/host/source/src/platform/ec/build/zephyr/sundance/build-rw/modules/ec/zephyr/CMakeFiles/ec_shim.dir/shim/src/thermal.c.gcno:no functions found
[/mnt/host/source/src/platform/ec/build/zephyr/sundance-lcov] stderr:
[markarth:ro] [239/415] Building C object CMakeFiles/app.dir/mnt/host/source/src/platform/ec/zephyr/subsys/ap_pwrseq/ap_events.c.obj
[markarth:ro] [240/415] Building C object modules/ec/zephyr/CMakeFiles/ec_shim.dir/shim/src/usba.c.obj
[markarth:ro] [241/415] Building C object modules/ec/zephyr/CMakeFiles/ec_shim.dir/shim/src/tcpc_nct38xx.c.obj
[markarth:rw] [152/417] Building C object zephyr/drivers/flash/CMakeFiles/drivers__flash.dir/flash_npcx_fiu_qspi.c.obj
[markarth:ro] [242/415] Building C object modules/ec/zephyr/CMakeFiles/ec_shim.dir/shim/src/usb_muxes.c.obj
[markarth:rw] [153/417] Building C object zephyr/drivers/gpio/CMakeFiles/drivers__gpio.dir/gpio_nct38xx.c.obj
[markarth:ro] [243/415] Building C object CMakeFiles/app.dir/mnt/host/source/src/platform/ec/build/zephyr/markarth/modules/ec/builtin/stdlib.c.obj
[markarth:rw] [154/417] Linking C static library zephyr/drivers/flash/libdrivers__flash.a
[/mnt/host/source/src/platform/ec/build/zephyr/sundance-lcov]   /mnt/host/source/src/platform/ec/build/zephyr/sundance/build-rw/modules/ec/zephyr/CMakeFiles/ec_shim.dir/shim/src/battery.c.gcno:no functions found
[/mnt/host/source/src/platform/ec/build/zephyr/sundance-lcov] stderr:
[/mnt/host/source/src/platform/ec/build/zephyr/sundance-lcov]   /mnt/host/source/src/platform/ec/build/zephyr/sundance/build-rw/modules/ec/zephyr/CMakeFiles/ec_shim.dir/shim/src/charger.c.gcno:no functions found
[/mnt/host/source/src/platform/ec/build/zephyr/sundance-lcov] stderr:
[markarth:rw] [155/417] Building C object zephyr/drivers/gpio/CMakeFiles/drivers__gpio.dir/gpio_nct38xx_port.c.obj
[markarth:ro] [244/415] Building C object CMakeFiles/app.dir/mnt/host/source/src/platform/ec/build/zephyr/markarth/modules/ec/common/base32.c.obj
[/mnt/host/source/src/platform/ec/build/zephyr/geralt-lcov]   /mnt/host/source/src/platform/ec/build/zephyr/geralt/build-rw/zephyr/arch/common/CMakeFiles/isr_tables.dir/isr_tables.c.gcno:no functions found
[/mnt/host/source/src/platform/ec/build/zephyr/geralt-lcov] stderr:
[markarth:rw] [156/417] Building C object zephyr/drivers/gpio/CMakeFiles/drivers__gpio.dir/gpio_npcx.c.obj
[markarth:rw] [157/417] Linking C static library zephyr/drivers/gpio/libdrivers__gpio.a
[markarth:ro] [245/415] Building C object CMakeFiles/app.dir/mnt/host/source/src/platform/ec/build/zephyr/markarth/modules/ec/common/console_output.c.obj
[markarth:ro] [246/415] Building C object CMakeFiles/app.dir/mnt/host/source/src/platform/ec/build/zephyr/markarth/modules/ec/common/ec_features.c.obj
[markarth:ro] [247/415] Building C object CMakeFiles/app.dir/mnt/host/source/src/platform/ec/build/zephyr/markarth/modules/ec/common/printf.c.obj
[markarth:ro] [248/415] Building C object CMakeFiles/app.dir/mnt/host/source/src/platform/ec/build/zephyr/markarth/modules/ec/common/gpio_commands.c.obj
[markarth:ro] [249/415] Building C object CMakeFiles/app.dir/mnt/host/source/src/platform/ec/build/zephyr/markarth/modules/ec/common/queue.c.obj
[markarth:rw] [158/417] Building C object zephyr/drivers/i2c/CMakeFiles/drivers__i2c.dir/i2c_common.c.obj
[markarth:ro] [250/415] Building C object CMakeFiles/app.dir/mnt/host/source/src/platform/ec/build/zephyr/markarth/modules/ec/common/peripheral.c.obj
[markarth:rw] [159/417] Building C object zephyr/drivers/i2c/CMakeFiles/drivers__i2c.dir/i2c_shell.c.obj
[markarth:ro] [251/415] Building C object CMakeFiles/app.dir/mnt/host/source/src/platform/ec/build/zephyr/markarth/modules/ec/common/system_boot_time.c.obj
[markarth:rw] [160/417] Building C object zephyr/drivers/i2c/CMakeFiles/drivers__i2c.dir/i2c_npcx_controller.c.obj
[markarth:ro] [252/415] Building C object CMakeFiles/app.dir/mnt/host/source/src/platform/ec/build/zephyr/markarth/modules/ec/common/system.c.obj
[markarth:rw] [161/417] Building C object zephyr/drivers/i2c/CMakeFiles/drivers__i2c.dir/i2c_npcx_controller_fifo.c.obj
[markarth:ro] [253/415] Building C object CMakeFiles/app.dir/mnt/host/source/src/platform/ec/build/zephyr/markarth/modules/ec/common/uart_printf.c.obj
[/mnt/host/source/src/platform/ec/build/zephyr/sundance-lcov]   /mnt/host/source/src/platform/ec/build/zephyr/sundance/build-rw/modules/ec/zephyr/CMakeFiles/ec_shim.dir/shim/src/usb_muxes.c.gcno:no functions found
[/mnt/host/source/src/platform/ec/build/zephyr/sundance-lcov] stderr:
[/mnt/host/source/src/platform/ec/build/zephyr/chinchou-lcov]   /mnt/host/source/src/platform/ec/build/zephyr/chinchou/build-rw/CMakeFiles/app.dir/mnt/host/source/src/platform/ec/build/zephyr/chinchou/modules/ec/common/usb_pd_pdo.c.gcno:no functions found
[/mnt/host/source/src/platform/ec/build/zephyr/chinchou-lcov] stderr:
[markarth:rw] [162/417] Building C object zephyr/drivers/mfd/CMakeFiles/drivers__mfd.dir/mfd_nct38xx.c.obj
[markarth:ro] [254/415] Building C object CMakeFiles/app.dir/mnt/host/source/src/platform/ec/build/zephyr/markarth/modules/ec/common/util.c.obj
[markarth:ro] [255/415] Building C object CMakeFiles/app.dir/mnt/host/source/src/platform/ec/build/zephyr/markarth/modules/ec/common/version.c.obj
[markarth:rw] [163/417] Linking C static library zephyr/drivers/mfd/libdrivers__mfd.a
[markarth:rw] [164/417] Building C object zephyr/drivers/i2c/CMakeFiles/drivers__i2c.dir/i2c_npcx_port.c.obj
[markarth:rw] [165/417] Building C object zephyr/drivers/pinctrl/CMakeFiles/drivers__pinctrl.dir/common.c.obj
[markarth:ro] [256/415] Building C object CMakeFiles/app.dir/mnt/host/source/src/platform/ec/build/zephyr/markarth/modules/ec/driver/accelgyro_bmi_common.c.obj
[markarth:ro] [257/415] Building C object CMakeFiles/app.dir/mnt/host/source/src/platform/ec/build/zephyr/markarth/modules/ec/common/power_button_x86.c.obj
[markarth:ro] [258/415] Building C object CMakeFiles/app.dir/mnt/host/source/src/platform/ec/build/zephyr/markarth/modules/ec/driver/accel_bma4xx.c.obj
[markarth:rw] [166/417] Linking C static library zephyr/drivers/i2c/libdrivers__i2c.a
[markarth:rw] [167/417] Building C object zephyr/drivers/sensor/CMakeFiles/drivers__sensor.dir/mnt/host/source/src/third_party/zephyr/main/misc/empty_file.c.obj
[markarth:rw] [168/417] Linking C static library zephyr/drivers/sensor/libdrivers__sensor.a
[markarth:ro] [259/415] Building C object CMakeFiles/app.dir/mnt/host/source/src/platform/ec/build/zephyr/markarth/modules/ec/common/motion_sense_fifo.c.obj
[markarth:rw] [169/417] Building C object zephyr/drivers/pinctrl/CMakeFiles/drivers__pinctrl.dir/pinctrl_npcx.c.obj
[markarth:rw] [170/417] Linking C static library zephyr/drivers/pinctrl/libdrivers__pinctrl.a
[markarth:ro] [260/415] Building C object CMakeFiles/app.dir/mnt/host/source/src/platform/ec/build/zephyr/markarth/modules/ec/driver/accelgyro_bmi3xx.c.obj
[markarth:rw] [171/417] Building C object zephyr/drivers/pwm/CMakeFiles/drivers__pwm.dir/pwm_shell.c.obj
[markarth:ro] [261/415] Building C object CMakeFiles/app.dir/mnt/host/source/src/platform/ec/build/zephyr/markarth/modules/ec/driver/amd_stb.c.obj
[markarth:rw] [172/417] Building C object zephyr/drivers/pwm/CMakeFiles/drivers__pwm.dir/pwm_npcx.c.obj
[markarth:ro] [262/415] Building C object CMakeFiles/app.dir/mnt/host/source/src/platform/ec/build/zephyr/markarth/modules/ec/common/adc.c.obj
[markarth:rw] [173/417] Linking C static library zephyr/drivers/pwm/libdrivers__pwm.a
[markarth:ro] [263/415] Building C object CMakeFiles/app.dir/mnt/host/source/src/platform/ec/build/zephyr/markarth/modules/ec/driver/sb_rmi.c.obj
[markarth:ro] [264/415] Building C object CMakeFiles/app.dir/mnt/host/source/src/platform/ec/build/zephyr/markarth/modules/ec/driver/amd_stt.c.obj
[markarth:ro] [265/415] Building C object CMakeFiles/app.dir/mnt/host/source/src/platform/ec/build/zephyr/markarth/modules/ec/common/acpi.c.obj
[markarth:ro] [266/415] Building C object CMakeFiles/app.dir/mnt/host/source/src/platform/ec/build/zephyr/markarth/modules/ec/common/backlight_lid.c.obj
[markarth:ro] [267/415] Building C object CMakeFiles/app.dir/mnt/host/source/src/platform/ec/build/zephyr/markarth/modules/ec/common/battery.c.obj
[markarth:rw] [174/417] Building C object zephyr/drivers/sensor/nuvoton/nuvoton_tach_npcx/CMakeFiles/drivers__sensor__nuvoton__nuvoton_tach_npcx.dir/tach_nuvoton_npcx.c.obj
[/mnt/host/source/src/platform/ec/build/zephyr/minimal-npcx9-lcov] stderr:
[markarth:rw] [175/417] Building C object zephyr/drivers/serial/CMakeFiles/drivers__serial.dir/uart_npcx.c.obj
[markarth:rw] [176/417] Building C object zephyr/drivers/syscon/CMakeFiles/drivers__syscon.dir/syscon.c.obj
[markarth:rw] [177/417] Linking C static library zephyr/drivers/sensor/nuvoton/nuvoton_tach_npcx/libdrivers__sensor__nuvoton__nuvoton_tach_npcx.a
[markarth:rw] [178/417] Linking C static library zephyr/drivers/serial/libdrivers__serial.a
[markarth:ro] [268/415] Building C object CMakeFiles/app.dir/mnt/host/source/src/platform/ec/build/zephyr/markarth/modules/ec/common/battery_info.c.obj
[markarth:rw] [179/417] Linking C static library zephyr/drivers/syscon/libdrivers__syscon.a
[markarth:rw] [180/417] Building C object zephyr/drivers/timer/CMakeFiles/drivers__timer.dir/sys_clock_init.c.obj
[markarth:ro] [269/415] Building C object CMakeFiles/app.dir/mnt/host/source/src/platform/ec/build/zephyr/markarth/modules/ec/common/battery_fuel_gauge.c.obj
[markarth:ro] [270/415] Building C object CMakeFiles/app.dir/mnt/host/source/src/platform/ec/build/zephyr/markarth/modules/ec/driver/battery/smart.c.obj
[markarth:ro] [271/415] Building C object CMakeFiles/app.dir/mnt/host/source/src/platform/ec/build/zephyr/markarth/modules/ec/driver/charger/isl9241.c.obj
[markarth:rw] [181/417] Building C object zephyr/drivers/timer/CMakeFiles/drivers__timer.dir/npcx_itim_timer.c.obj
[markarth:ro] [272/415] Building C object CMakeFiles/app.dir/mnt/host/source/src/platform/ec/build/zephyr/markarth/modules/ec/common/cbi_common.c.obj
[markarth:ro] [273/415] Building C object CMakeFiles/app.dir/mnt/host/source/src/platform/ec/build/zephyr/markarth/modules/ec/common/charger.c.obj
[markarth:rw] [182/417] Linking C static library zephyr/drivers/timer/libdrivers__timer.a
[markarth:rw] [183/417] Building C object zephyr/drivers/watchdog/CMakeFiles/drivers__watchdog.dir/wdt_npcx.c.obj
[markarth:rw] [184/417] Building C object zephyr/drivers/watchdog/CMakeFiles/drivers__watchdog.dir/wdt_shell.c.obj
[markarth:ro] [274/415] Building C object CMakeFiles/app.dir/mnt/host/source/src/platform/ec/build/zephyr/markarth/modules/ec/common/charge_state.c.obj
[markarth:ro] [275/415] Building C object CMakeFiles/app.dir/mnt/host/source/src/platform/ec/build/zephyr/markarth/modules/ec/common/charge_manager.c.obj
[markarth:rw] [185/417] Linking C static library zephyr/drivers/watchdog/libdrivers__watchdog.a
[markarth:ro] [276/415] Building C object CMakeFiles/app.dir/mnt/host/source/src/platform/ec/build/zephyr/markarth/modules/ec/common/cbi.c.obj
[/mnt/host/source/src/platform/ec/build/zephyr/geralt-lcov]   /mnt/host/source/src/platform/ec/build/zephyr/geralt/build-rw/zephyr/CMakeFiles/zephyr.dir/subsys/shell/modules/kernel_service/kernel_shell.c.gcno:no functions found
[/mnt/host/source/src/platform/ec/build/zephyr/geralt-lcov] stderr:
[markarth:ro] [277/415] Building C object CMakeFiles/app.dir/mnt/host/source/src/platform/ec/build/zephyr/markarth/modules/ec/common/cbi_config.c.obj
[markarth:rw] [186/417] Building C object modules/ec/zephyr/CMakeFiles/ec_shim.dir/app/ec/ec_app_main.c.obj
[/mnt/host/source/src/platform/ec/build/zephyr/minimal-npcx9-lcov]   /mnt/host/source/src/platform/ec/build/zephyr/minimal-npcx9/build-ro/CMakeFiles/app.dir/mnt/host/source/src/platform/ec/build/zephyr/minimal-npcx9/modules/ec/common/chargen.c.gcno:no functions found
[/mnt/host/source/src/platform/ec/build/zephyr/minimal-npcx9-lcov] stderr:
[/mnt/host/source/src/platform/ec/build/zephyr/geralt-lcov]   /mnt/host/source/src/platform/ec/build/zephyr/geralt/build-rw/zephyr/CMakeFiles/zephyr.dir/lib/libc/validate_libc.c.gcno:no functions found
[/mnt/host/source/src/platform/ec/build/zephyr/geralt-lcov] stderr:
[markarth:ro] [278/415] Building C object CMakeFiles/app.dir/mnt/host/source/src/platform/ec/build/zephyr/markarth/modules/ec/common/dptf.c.obj
[markarth:ro] [279/415] Building C object CMakeFiles/app.dir/mnt/host/source/src/platform/ec/build/zephyr/markarth/modules/ec/common/chipset.c.obj
[/mnt/host/source/src/platform/ec/build/zephyr/minimal-npcx9-lcov]   /mnt/host/source/src/platform/ec/build/zephyr/minimal-npcx9/build-ro/CMakeFiles/app.dir/mnt/host/source/src/platform/ec/build/zephyr/minimal-npcx9/modules/ec/common/cbi_config.c.gcno:no functions found
[/mnt/host/source/src/platform/ec/build/zephyr/minimal-npcx9-lcov] stderr:
[markarth:ro] [280/415] Building C object CMakeFiles/app.dir/mnt/host/source/src/platform/ec/build/zephyr/markarth/modules/ec/common/espi.c.obj
[markarth:ro] [281/415] Building C object CMakeFiles/app.dir/mnt/host/source/src/platform/ec/build/zephyr/markarth/modules/ec/common/ap_reset_log.c.obj
[markarth:rw] [187/417] Building C object modules/ec/zephyr/CMakeFiles/ec_shim.dir/app/ec/main_shim.c.obj
[/mnt/host/source/src/platform/ec/build/zephyr/sundance-lcov]   /mnt/host/source/src/platform/ec/build/zephyr/sundance/build-rw/modules/ec/zephyr/CMakeFiles/ec_shim.dir/shim/src/keyscan.c.gcno:no functions found
[/mnt/host/source/src/platform/ec/build/zephyr/sundance-lcov] stderr:
[markarth:ro] [282/415] Building C object CMakeFiles/app.dir/mnt/host/source/src/platform/ec/build/zephyr/markarth/modules/ec/common/extpower_gpio.c.obj
[markarth:ro] [283/415] Building C object CMakeFiles/app.dir/mnt/host/source/src/platform/ec/build/zephyr/markarth/modules/ec/common/extpower_common.c.obj
[markarth:rw] [188/417] Building C object modules/ec/zephyr/CMakeFiles/ec_shim.dir/drivers/cros_kb_raw/cros_kb_raw_npcx.c.obj
[markarth:ro] [284/415] Building C object CMakeFiles/app.dir/mnt/host/source/src/platform/ec/build/zephyr/markarth/modules/ec/common/fan.c.obj
[markarth:rw] [189/417] Building C object modules/ec/zephyr/CMakeFiles/ec_shim.dir/drivers/cros_flash/cros_flash_npcx.c.obj
[markarth:rw] [190/417] Building C object modules/ec/zephyr/CMakeFiles/ec_shim.dir/drivers/cros_kblight/pwm_kblight.c.obj
[markarth:ro] [285/415] Building C object CMakeFiles/app.dir/mnt/host/source/src/platform/ec/build/zephyr/markarth/modules/ec/common/flash.c.obj
[markarth:ro] [286/415] Building C object CMakeFiles/app.dir/mnt/host/source/src/platform/ec/build/zephyr/markarth/modules/ec/common/host_command.c.obj
[markarth:ro] [287/415] Building C object CMakeFiles/app.dir/mnt/host/source/src/platform/ec/build/zephyr/markarth/modules/ec/common/uart_hostcmd.c.obj
[markarth:ro] [288/415] Building C object CMakeFiles/app.dir/mnt/host/source/src/platform/ec/build/zephyr/markarth/modules/ec/common/host_command_task.c.obj
[markarth:ro] [289/415] Building C object CMakeFiles/app.dir/mnt/host/source/src/platform/ec/build/zephyr/markarth/modules/ec/common/host_event_commands.c.obj
[/mnt/host/source/src/platform/ec/build/zephyr/geralt-lcov]   /mnt/host/source/src/platform/ec/build/zephyr/geralt/build-rw/zephyr/CMakeFiles/zephyr.dir/lib/utils/last_section_id.c.gcno:no functions found
[/mnt/host/source/src/platform/ec/build/zephyr/geralt-lcov] stderr:
[markarth:rw] [191/417] Building C object modules/ec/zephyr/CMakeFiles/ec_shim.dir/drivers/cros_system/cros_system_npcx.c.obj
[markarth:ro] [290/415] Building C object CMakeFiles/app.dir/mnt/host/source/src/platform/ec/build/zephyr/markarth/modules/ec/common/uptime.c.obj
[/mnt/host/source/src/platform/ec/build/zephyr/minimal-npcx9-lcov]   /mnt/host/source/src/platform/ec/build/zephyr/minimal-npcx9/build-ro/zephyr/arch/arch/arm/core/mpu/CMakeFiles/arch__arm__core__mpu.dir/arm_mpu_regions.c.gcno:no functions found
[/mnt/host/source/src/platform/ec/build/zephyr/minimal-npcx9-lcov] stderr:
[markarth:rw] [192/417] Building C object modules/ec/zephyr/CMakeFiles/ec_shim.dir/drivers/vivaldi_kbd/vivaldi_kbd.c.obj
[markarth:rw] [193/417] Building C object modules/ec/zephyr/CMakeFiles/ec_shim.dir/shim/chip/npcx/clock.c.obj
[markarth:ro] [291/415] Building C object CMakeFiles/app.dir/mnt/host/source/src/platform/ec/build/zephyr/markarth/modules/ec/common/i2c_controller.c.obj
[markarth:ro] [292/415] Building C object CMakeFiles/app.dir/mnt/host/source/src/platform/ec/build/zephyr/markarth/modules/ec/common/i2c_passthru.c.obj
[markarth:rw] [194/417] Building C object modules/ec/zephyr/CMakeFiles/ec_shim.dir/shim/chip/npcx/gpio.c.obj
[markarth:ro] [293/415] Building C object CMakeFiles/app.dir/mnt/host/source/src/platform/ec/build/zephyr/markarth/modules/ec/common/keyboard_scan.c.obj
[markarth:ro] [294/415] Building C object CMakeFiles/app.dir/mnt/host/source/src/platform/ec/build/zephyr/markarth/modules/ec/common/keyboard_8042_sharedlib.c.obj
[markarth:ro] [295/415] Building C object CMakeFiles/app.dir/mnt/host/source/src/platform/ec/build/zephyr/markarth/modules/ec/common/keyboard_8042.c.obj
[markarth:rw] [195/417] Building C object modules/ec/zephyr/CMakeFiles/ec_shim.dir/shim/chip/npcx/rom_chip.c.obj
[markarth:ro] [296/415] Building C object CMakeFiles/app.dir/mnt/host/source/src/platform/ec/build/zephyr/markarth/modules/ec/common/mkbp_fifo.c.obj
[markarth:ro] [297/415] Building C object CMakeFiles/app.dir/mnt/host/source/src/platform/ec/build/zephyr/markarth/modules/ec/common/mkbp_info.c.obj
[markarth:ro] [298/415] Building C object CMakeFiles/app.dir/mnt/host/source/src/platform/ec/build/zephyr/markarth/modules/ec/common/mkbp_input_devices.c.obj
[markarth:rw] [196/417] Building C object modules/ec/zephyr/CMakeFiles/ec_shim.dir/shim/chip/npcx/keyboard_raw.c.obj
[/mnt/host/source/src/platform/ec/build/zephyr/minimal-npcx9-lcov]   /mnt/host/source/src/platform/ec/build/zephyr/minimal-npcx9/build-ro/zephyr/arch/common/CMakeFiles/isr_tables.dir/isr_tables.c.gcno:no functions found
[/mnt/host/source/src/platform/ec/build/zephyr/minimal-npcx9-lcov] stderr:
[markarth:ro] [299/415] Building C object CMakeFiles/app.dir/mnt/host/source/src/platform/ec/build/zephyr/markarth/modules/ec/common/keyboard_backlight.c.obj
[markarth:rw] [197/417] Building C object modules/ec/zephyr/CMakeFiles/ec_shim.dir/shim/chip/npcx/system.c.obj
[markarth:ro] [300/415] Building C object CMakeFiles/app.dir/mnt/host/source/src/platform/ec/build/zephyr/markarth/modules/ec/common/led_common.c.obj
[markarth:rw] [198/417] Building C object modules/ec/zephyr/CMakeFiles/ec_shim.dir/shim/chip/npcx/system_external_storage.c.obj
[/mnt/host/source/src/platform/ec/build/zephyr/chinchou-lcov]   /mnt/host/source/src/platform/ec/build/zephyr/chinchou/build-rw/CMakeFiles/app.dir/mnt/host/source/src/platform/ec/build/zephyr/chinchou/modules/ec/common/cbi_config.c.gcno:no functions found
[/mnt/host/source/src/platform/ec/build/zephyr/chinchou-lcov] stderr:
[markarth:ro] [301/415] Building C object CMakeFiles/app.dir/mnt/host/source/src/platform/ec/build/zephyr/markarth/modules/ec/common/lid_angle.c.obj
[markarth:ro] [302/415] Building C object CMakeFiles/app.dir/mnt/host/source/src/platform/ec/build/zephyr/markarth/modules/ec/common/lid_angle_keyboard_policy.c.obj
[markarth:rw] [199/417] Building C object modules/ec/zephyr/CMakeFiles/ec_shim.dir/shim/chip/npcx/power_policy.c.obj
[markarth:ro] [303/415] Building C object CMakeFiles/app.dir/mnt/host/source/src/platform/ec/build/zephyr/markarth/modules/ec/common/motion_lid.c.obj
[markarth:ro] [304/415] Building C object CMakeFiles/app.dir/mnt/host/source/src/platform/ec/build/zephyr/markarth/modules/ec/common/mkbp_event.c.obj
[markarth:ro] [305/415] Building C object CMakeFiles/app.dir/mnt/host/source/src/platform/ec/build/zephyr/markarth/modules/ec/common/lid_switch.c.obj
[markarth:rw] [200/417] Building C object modules/ec/zephyr/CMakeFiles/ec_shim.dir/shim/src/crc.c.obj
[markarth:rw] [201/417] Building C object modules/ec/zephyr/CMakeFiles/ec_shim.dir/shim/core/cortex-m/mpu.c.obj
[markarth:rw] [202/417] Building C object modules/ec/zephyr/CMakeFiles/ec_shim.dir/shim/core/cortex-m/panic.c.obj
[/mnt/host/source/src/platform/ec/build/zephyr/chinchou-lcov]   /mnt/host/source/src/platform/ec/build/zephyr/chinchou/build-rw/zephyr/arch/arch/riscv/core/CMakeFiles/arch__riscv__core.dir/cpu_idle.c.gcno:no functions found
[/mnt/host/source/src/platform/ec/build/zephyr/chinchou-lcov] stderr:
[markarth:ro] [306/415] Building C object CMakeFiles/app.dir/mnt/host/source/src/platform/ec/build/zephyr/markarth/modules/ec/common/port80.c.obj
[markarth:ro] [307/415] Building C object CMakeFiles/app.dir/mnt/host/source/src/platform/ec/build/zephyr/markarth/modules/ec/common/power_button.c.obj
[markarth:ro] [308/415] Building C object CMakeFiles/app.dir/mnt/host/source/src/platform/ec/build/zephyr/markarth/modules/ec/common/motion_sense.c.obj
[markarth:rw] [203/417] Building C object modules/ec/zephyr/CMakeFiles/ec_shim.dir/shim/src/console.c.obj
[markarth:ro] [309/415] Building C object CMakeFiles/app.dir/mnt/host/source/src/platform/ec/build/zephyr/markarth/modules/ec/power/amd_x86.c.obj
[markarth:ro] [310/415] Building C object CMakeFiles/app.dir/mnt/host/source/src/platform/ec/build/zephyr/markarth/modules/ec/common/sha256.c.obj
[markarth:ro] [311/415] Building C object CMakeFiles/app.dir/mnt/host/source/src/platform/ec/build/zephyr/markarth/modules/ec/power/common.c.obj
[markarth:ro] [312/415] Building C object CMakeFiles/app.dir/mnt/host/source/src/platform/ec/build/zephyr/markarth/modules/ec/common/panic_output.c.obj
[markarth:ro] [313/415] Building C object CMakeFiles/app.dir/mnt/host/source/src/platform/ec/build/zephyr/markarth/modules/ec/power/host_sleep.c.obj
[markarth:rw] [204/417] Building C object modules/ec/zephyr/CMakeFiles/ec_shim.dir/shim/src/gpio_int.c.obj
[markarth:rw] [205/417] Building C object modules/ec/zephyr/CMakeFiles/ec_shim.dir/shim/src/gpio.c.obj
[markarth:rw] [206/417] Building C object modules/ec/zephyr/CMakeFiles/ec_shim.dir/shim/src/panic_utils.c.obj
[markarth:ro] [314/415] Building C object CMakeFiles/app.dir/mnt/host/source/src/platform/ec/build/zephyr/markarth/modules/ec/common/spi_flash_reg.c.obj
[markarth:ro] [315/415] Building C object CMakeFiles/app.dir/mnt/host/source/src/platform/ec/build/zephyr/markarth/modules/ec/common/switch.c.obj
[markarth:ro] [316/415] Building C object CMakeFiles/app.dir/mnt/host/source/src/platform/ec/build/zephyr/markarth/modules/ec/common/shared_mem.c.obj
[markarth:rw] [207/417] Building C object modules/ec/zephyr/CMakeFiles/ec_shim.dir/shim/src/pm_state.c.obj
[/mnt/host/source/src/platform/ec/build/zephyr/chinchou-lcov]   /mnt/host/source/src/platform/ec/build/zephyr/chinchou/build-rw/zephyr/arch/common/CMakeFiles/isr_tables.dir/isr_tables.c.gcno:no functions found
[/mnt/host/source/src/platform/ec/build/zephyr/chinchou-lcov] stderr:
[markarth:ro] [317/415] Building C object CMakeFiles/app.dir/mnt/host/source/src/platform/ec/build/zephyr/markarth/modules/ec/common/tablet_mode.c.obj
[markarth:ro] [318/415] Building C object CMakeFiles/app.dir/mnt/host/source/src/platform/ec/build/zephyr/markarth/modules/ec/common/thermal.c.obj
[markarth:ro] [319/415] Building C object CMakeFiles/app.dir/mnt/host/source/src/platform/ec/build/zephyr/markarth/modules/ec/driver/temp_sensor/thermistor.c.obj
[markarth:ro] [320/415] Building C object CMakeFiles/app.dir/mnt/host/source/src/platform/ec/build/zephyr/markarth/modules/ec/common/temp_sensor.c.obj
[markarth:rw] [208/417] Building C object modules/ec/zephyr/CMakeFiles/ec_shim.dir/shim/src/cbi/cros_cbi.c.obj
[markarth:ro] [321/415] Building C object CMakeFiles/app.dir/mnt/host/source/src/platform/ec/build/zephyr/markarth/modules/ec/driver/temp_sensor/sb_tsi.c.obj
[markarth:rw] [209/417] Building C object modules/ec/zephyr/CMakeFiles/ec_shim.dir/shim/src/cbi/cros_cbi_fw_config.c.obj
[markarth:rw] [210/417] Building C object modules/ec/zephyr/CMakeFiles/ec_shim.dir/shim/src/cbi/cbi_eeprom.c.obj
[markarth:ro] [322/415] Building C object CMakeFiles/app.dir/mnt/host/source/src/platform/ec/build/zephyr/markarth/modules/ec/driver/temp_sensor/f75303.c.obj
[markarth:ro] [323/415] Building C object CMakeFiles/app.dir/mnt/host/source/src/platform/ec/build/zephyr/markarth/modules/ec/common/throttle_ap.c.obj
[markarth:rw] [211/417] Building ASM object modules/ec/zephyr/CMakeFiles/ec_shim.dir/shim/src/libgcc_arm.S.obj
[markarth:ro] [324/415] Building C object CMakeFiles/app.dir/mnt/host/source/src/platform/ec/build/zephyr/markarth/modules/ec/common/timer.c.obj
[markarth:rw] [212/417] Building C object modules/ec/zephyr/CMakeFiles/ec_shim.dir/shim/src/led_driver/led.c.obj
[markarth:ro] [325/415] Building C object CMakeFiles/app.dir/mnt/host/source/src/platform/ec/build/zephyr/markarth/modules/ec/common/typec_control.c.obj
[markarth:ro] [326/415] Building C object CMakeFiles/app.dir/mnt/host/source/src/platform/ec/build/zephyr/markarth/modules/ec/common/usb_port_power_dumb.c.obj
[markarth:ro] [327/415] Building C object CMakeFiles/app.dir/mnt/host/source/src/platform/ec/build/zephyr/markarth/modules/ec/common/usb_pd_pdo.c.obj
[markarth:ro] [328/415] Building C object CMakeFiles/app.dir/mnt/host/source/src/platform/ec/build/zephyr/markarth/modules/ec/common/usb_common.c.obj
[markarth:rw] [213/417] Building C object modules/ec/zephyr/CMakeFiles/ec_shim.dir/shim/src/led_driver/led_pwm.c.obj
[/mnt/host/source/src/platform/ec/build/zephyr/minimal-npcx9-lcov]   /mnt/host/source/src/platform/ec/build/zephyr/minimal-npcx9/build-ro/zephyr/CMakeFiles/zephyr.dir/subsys/shell/modules/kernel_service/kernel_shell.c.gcno:no functions found
[/mnt/host/source/src/platform/ec/build/zephyr/minimal-npcx9-lcov] stderr:
[markarth:ro] [329/415] Building C object CMakeFiles/app.dir/mnt/host/source/src/platform/ec/build/zephyr/markarth/modules/ec/common/usbc/usbc_task.c.obj
[markarth:rw] [214/417] Building C object modules/ec/zephyr/CMakeFiles/ec_shim.dir/shim/src/system.c.obj
[markarth:ro] [330/415] Building C object CMakeFiles/app.dir/mnt/host/source/src/platform/ec/build/zephyr/markarth/modules/ec/common/usbc/usb_sm.c.obj
[markarth:ro] [331/415] Building C object CMakeFiles/app.dir/mnt/host/source/src/platform/ec/build/zephyr/markarth/modules/ec/common/usbc/usb_pd_timer.c.obj
[/mnt/host/source/src/platform/ec/build/zephyr/minimal-npcx9-lcov]   /mnt/host/source/src/platform/ec/build/zephyr/minimal-npcx9/build-ro/zephyr/CMakeFiles/zephyr.dir/lib/libc/validate_libc.c.gcno:no functions found
[/mnt/host/source/src/platform/ec/build/zephyr/minimal-npcx9-lcov] stderr:
[markarth:ro] [332/415] Building C object CMakeFiles/app.dir/mnt/host/source/src/platform/ec/build/zephyr/markarth/modules/ec/common/usbc_intr_task.c.obj
[markarth:rw] [215/417] Building C object modules/ec/zephyr/CMakeFiles/ec_shim.dir/shim/src/adc.c.obj
[markarth:rw] [216/417] Building C object modules/ec/zephyr/CMakeFiles/ec_shim.dir/shim/src/battery.c.obj
[markarth:ro] [333/415] Building C object CMakeFiles/app.dir/mnt/host/source/src/platform/ec/build/zephyr/markarth/modules/ec/common/usb_pd_flags.c.obj
[markarth:ro] [334/415] Building C object CMakeFiles/app.dir/mnt/host/source/src/platform/ec/build/zephyr/markarth/modules/ec/common/usbc_utils.c.obj
[markarth:ro] [335/415] Building C object CMakeFiles/app.dir/mnt/host/source/src/platform/ec/build/zephyr/markarth/modules/ec/common/chargen.c.obj
[markarth:rw] [217/417] Building C object modules/ec/zephyr/CMakeFiles/ec_shim.dir/shim/src/charger.c.obj
[markarth:ro] [336/415] Building C object CMakeFiles/app.dir/mnt/host/source/src/platform/ec/build/zephyr/markarth/modules/ec/common/usbc/usb_pd_console.c.obj
[markarth:ro] [337/415] Building C object CMakeFiles/app.dir/mnt/host/source/src/platform/ec/build/zephyr/markarth/modules/ec/driver/retimer/ps8818.c.obj
[markarth:rw] [218/417] Building C object modules/ec/zephyr/CMakeFiles/ec_shim.dir/shim/src/espi.c.obj
[markarth:ro] [338/415] Building C object CMakeFiles/app.dir/mnt/host/source/src/platform/ec/build/zephyr/markarth/modules/ec/driver/retimer/ps8811.c.obj
[markarth:ro] [339/415] Building C object CMakeFiles/app.dir/mnt/host/source/src/platform/ec/build/zephyr/markarth/modules/ec/driver/usb_mux/anx7451.c.obj
[markarth:ro] [340/415] Building C object CMakeFiles/app.dir/mnt/host/source/src/platform/ec/build/zephyr/markarth/modules/ec/driver/usb_mux/usb_mux.c.obj
[markarth:rw] [219/417] Building C object modules/ec/zephyr/CMakeFiles/ec_shim.dir/shim/src/flash.c.obj
[markarth:rw] [220/417] Building C object modules/ec/zephyr/CMakeFiles/ec_shim.dir/shim/src/fan.c.obj
[/mnt/host/source/src/platform/ec/build/zephyr/minimal-npcx9-lcov]   /mnt/host/source/src/platform/ec/build/zephyr/minimal-npcx9/build-ro/zephyr/CMakeFiles/zephyr.dir/lib/utils/last_section_id.c.gcno:no functions found
[/mnt/host/source/src/platform/ec/build/zephyr/minimal-npcx9-lcov] stderr:
[markarth:ro] [341/415] Building C object CMakeFiles/app.dir/mnt/host/source/src/platform/ec/build/zephyr/markarth/modules/ec/common/pd_log.c.obj
[markarth:ro] [342/415] Building C object CMakeFiles/app.dir/mnt/host/source/src/platform/ec/build/zephyr/markarth/modules/ec/driver/usb_mux/amd_fp6.c.obj
[markarth:ro] [343/415] Building C object CMakeFiles/app.dir/mnt/host/source/src/platform/ec/build/zephyr/markarth/modules/ec/common/event_log.c.obj
[markarth:rw] [221/417] Building C object modules/ec/zephyr/CMakeFiles/ec_shim.dir/shim/src/hooks.c.obj
[markarth:rw] [222/417] Building C object modules/ec/zephyr/CMakeFiles/ec_shim.dir/shim/src/host_command.c.obj
[markarth:ro] [344/415] Building C object CMakeFiles/app.dir/mnt/host/source/src/platform/ec/build/zephyr/markarth/modules/ec/common/usbc/usb_prl_sm.c.obj
[markarth:ro] [345/415] Building C object CMakeFiles/app.dir/mnt/host/source/src/platform/ec/build/zephyr/markarth/modules/ec/common/usbc/usb_tc_drp_acc_trysrc_sm.c.obj
[markarth:ro] [346/415] Building C object CMakeFiles/app.dir/mnt/host/source/src/platform/ec/build/zephyr/markarth/modules/ec/common/usbc/usbc_pd_policy.c.obj
[markarth:rw] [223/417] Building C object modules/ec/zephyr/CMakeFiles/ec_shim.dir/shim/src/console_buffer.c.obj
[markarth:ro] [347/415] Building C object CMakeFiles/app.dir/mnt/host/source/src/platform/ec/build/zephyr/markarth/modules/ec/common/usbc/usb_pd_dpm.c.obj
[markarth:rw] [224/417] Building C object modules/ec/zephyr/CMakeFiles/ec_shim.dir/shim/src/keyboard_raw.c.obj
[/mnt/host/source/src/platform/ec/build/zephyr/chinchou-lcov]   /mnt/host/source/src/platform/ec/build/zephyr/chinchou/build-rw/zephyr/CMakeFiles/zephyr.dir/subsys/shell/modules/kernel_service/kernel_shell.c.gcno:no functions found
[/mnt/host/source/src/platform/ec/build/zephyr/chinchou-lcov] stderr:
[markarth:ro] [348/415] Building C object CMakeFiles/app.dir/mnt/host/source/src/platform/ec/build/zephyr/markarth/modules/ec/common/usb_pd_host_cmd.c.obj
[markarth:rw] [225/417] Building C object modules/ec/zephyr/CMakeFiles/ec_shim.dir/shim/src/keyscan.c.obj
[markarth:ro] [349/415] Building C object CMakeFiles/app.dir/mnt/host/source/src/platform/ec/build/zephyr/markarth/modules/ec/common/usbc/usb_pe_drp_sm.c.obj
[markarth:ro] [350/415] Building C object CMakeFiles/app.dir/mnt/host/source/src/platform/ec/build/zephyr/markarth/modules/ec/common/usb_pd_console_cmd.c.obj
[markarth:rw] [226/417] Building C object modules/ec/zephyr/CMakeFiles/ec_shim.dir/shim/src/mkbp_event.c.obj
[markarth:ro] [351/415] Building C object CMakeFiles/app.dir/mnt/host/source/src/platform/ec/build/zephyr/markarth/modules/ec/common/usbc/dp_alt_mode.c.obj
[/mnt/host/source/src/platform/ec/build/zephyr/chinchou-lcov]   /mnt/host/source/src/platform/ec/build/zephyr/chinchou/build-rw/zephyr/CMakeFiles/zephyr.dir/lib/libc/validate_libc.c.gcno:no functions found
[/mnt/host/source/src/platform/ec/build/zephyr/chinchou-lcov] stderr:
[markarth:ro] [352/415] Building C object CMakeFiles/app.dir/mnt/host/source/src/platform/ec/build/zephyr/markarth/modules/ec/common/usbc/usb_pd_host.c.obj
[markarth:rw] [227/417] Building C object modules/ec/zephyr/CMakeFiles/ec_shim.dir/shim/src/motionsense_sensors.c.obj
[markarth:ro] [353/415] Building C object CMakeFiles/app.dir/mnt/host/source/src/platform/ec/build/zephyr/markarth/modules/ec/common/usb_pd_host_cmd_common.c.obj
[markarth:rw] [228/417] Building C object modules/ec/zephyr/CMakeFiles/ec_shim.dir/shim/src/panic.c.obj
[markarth:ro] [354/415] Building C object CMakeFiles/app.dir/mnt/host/source/src/platform/ec/build/zephyr/markarth/modules/ec/common/usbc/svdm_rsp_dfp_only.c.obj
[markarth:ro] [355/415] Building C object CMakeFiles/app.dir/mnt/host/source/src/platform/ec/build/zephyr/markarth/modules/ec/zephyr/shim/src/tcpc.c.obj
[markarth:ro] [356/415] Building C object CMakeFiles/app.dir/mnt/host/source/src/platform/ec/build/zephyr/markarth/modules/ec/common/usbc_ocp.c.obj
[markarth:ro] [357/415] Building C object CMakeFiles/app.dir/mnt/host/source/src/platform/ec/build/zephyr/markarth/modules/ec/common/usb_pd_discovery.c.obj
[markarth:rw] [229/417] Building C object modules/ec/zephyr/CMakeFiles/ec_shim.dir/shim/src/pwm_hc.c.obj
[markarth:ro] [358/415] Building C object CMakeFiles/app.dir/mnt/host/source/src/platform/ec/build/zephyr/markarth/modules/ec/common/usb_pd_dual_role.c.obj
[markarth:ro] [359/415] Building C object CMakeFiles/app.dir/mnt/host/source/src/platform/ec/build/zephyr/markarth/modules/ec/common/usbc/dp_hpd_gpio.c.obj
[markarth:rw] [230/417] Building C object modules/ec/zephyr/CMakeFiles/ec_shim.dir/shim/src/temp_sensors.c.obj
[markarth:ro] [360/415] Building C object CMakeFiles/app.dir/mnt/host/source/src/platform/ec/build/zephyr/markarth/modules/ec/driver/tcpm/nct38xx.c.obj
[markarth:rw] [231/417] Building C object modules/ec/zephyr/CMakeFiles/ec_shim.dir/shim/src/thermal.c.obj
[markarth:rw] [232/417] Building C object modules/ec/zephyr/CMakeFiles/ec_shim.dir/shim/src/hwtimer.c.obj
[/mnt/host/source/src/platform/ec/build/zephyr/chinchou-lcov]   /mnt/host/source/src/platform/ec/build/zephyr/chinchou/build-rw/zephyr/CMakeFiles/zephyr.dir/lib/utils/last_section_id.c.gcno:no functions found
[/mnt/host/source/src/platform/ec/build/zephyr/chinchou-lcov] stderr:
[markarth:ro] [361/415] Building C object CMakeFiles/app.dir/mnt/host/source/src/platform/ec/build/zephyr/markarth/modules/ec/common/usbc_ppc.c.obj
[markarth:ro] [362/415] Building C object CMakeFiles/app.dir/mnt/host/source/src/platform/ec/build/zephyr/markarth/modules/ec/driver/ppc/aoz1380.c.obj
[markarth:ro] [363/415] Building C object CMakeFiles/app.dir/mnt/host/source/src/platform/ec/build/zephyr/markarth/modules/ec/driver/tcpm/tcpci.c.obj
[markarth:ro] [364/415] Building C object CMakeFiles/app.dir/mnt/host/source/src/platform/ec/build/zephyr/markarth/modules/ec/driver/ppc/nx20p348x.c.obj
[markarth:ro] [365/415] Building C object CMakeFiles/app.dir/mnt/host/source/src/platform/ec/build/zephyr/markarth/modules/ec/common/vboot_hash.c.obj
[markarth:rw] [233/417] Building C object modules/ec/zephyr/CMakeFiles/ec_shim.dir/shim/src/i2c.c.obj
[markarth:ro] [366/415] Building C object CMakeFiles/app.dir/mnt/host/source/src/platform/ec/build/zephyr/markarth/modules/ec/common/button.c.obj
[markarth:ro] [367/415] Building C object CMakeFiles/app.dir/mnt/host/source/src/platform/ec/build/zephyr/markarth/modules/ec/common/vboot/efs2.c.obj
[markarth:rw] [234/417] Building C object modules/ec/zephyr/CMakeFiles/ec_shim.dir/shim/src/tasks.c.obj
[markarth:ro] [368/415] Building C object CMakeFiles/app.dir/mnt/host/source/src/platform/ec/build/zephyr/markarth/modules/ec/common/vstore.c.obj
[markarth:rw] [235/417] Building C object modules/ec/zephyr/CMakeFiles/ec_shim.dir/shim/src/watchdog.c.obj
[markarth:rw] [236/417] Building C object modules/ec/zephyr/CMakeFiles/ec_shim.dir/shim/src/ppc.c.obj
[markarth:rw] [237/417] cd /mnt/host/source/src/platform/ec/build/zephyr/markarth/build-rw/modules/ec/zephyr && PYTHONPATH=/mnt/host/source/src/platform/ec/build/zephyr/markarth/modules/ec/zephyr/zmake/ /usr/bin/python3.11 /mnt/host/source/src/platform/ec/build/zephyr/markarth/modules/ec/zephyr/zmake/zephyr_build_tools/generate_ec_version.py /mnt/host/source/src/platform/ec/build/zephyr/markarth/build-rw/modules/ec/zephyr/include/ec_version.h --name Zephyr-Kernel --version 16543.0.0 --static
[markarth:rw] INFO:root:Using a static version string
[markarth:ro] [369/415] Building C object CMakeFiles/app.dir/mnt/host/source/src/platform/ec/build/zephyr/markarth/modules/ec/common/math_util.c.obj
[markarth:ro] [370/415] Building C object CMakeFiles/app.dir/src/common.c.obj
[markarth:ro] [371/415] Building C object CMakeFiles/app.dir/src/i2c_policy.c.obj
[markarth:ro] [372/415] Building C object CMakeFiles/app.dir/src/power_signals.c.obj
[markarth:rw] INFO:root:Version string: Zephyr-Kernel-16543.0.0
[markarth:rw] INFO:root:Writing header to /mnt/host/source/src/platform/ec/build/zephyr/markarth/build-rw/modules/ec/zephyr/include/ec_version.h
[markarth:rw] [238/417] Building C object modules/ec/zephyr/CMakeFiles/ec_shim.dir/shim/src/tcpc_nct38xx.c.obj
[markarth:ro] [373/415] Building C object CMakeFiles/app.dir/src/usb_pd_policy.c.obj
[markarth:ro] [374/415] Building C object CMakeFiles/app.dir/src/usb_mux_config.c.obj
[markarth:ro] [375/415] Building C object CMakeFiles/app.dir/src/stt.c.obj
[markarth:rw] [239/417] Building C object modules/ec/zephyr/CMakeFiles/ec_shim.dir/shim/src/usba.c.obj
[markarth:ro] [376/415] Building C object CMakeFiles/app.dir/src/usbc_config.c.obj
[markarth:rw] [240/417] Building C object CMakeFiles/app.dir/mnt/host/source/src/platform/ec/zephyr/subsys/ap_pwrseq/ap_events.c.obj
[markarth:rw] [241/417] Building C object modules/ec/zephyr/CMakeFiles/ec_shim.dir/shim/src/usb_muxes.c.obj
[markarth:ro] [377/415] Linking C static library modules/ec/zephyr/libec_shim.a
[markarth:ro] [378/415] Building C object CMakeFiles/app.dir/markarth/src/form_factor.c.obj
[markarth:ro] [379/415] Building C object CMakeFiles/app.dir/markarth/src/ppc_config.c.obj
[markarth:ro] [380/415] Building C object CMakeFiles/app.dir/markarth/src/usb_mux_config.c.obj
[markarth:ro] [381/415] Building C object CMakeFiles/app.dir/markarth/src/keyboard.c.obj
[markarth:rw] [242/417] Building C object CMakeFiles/app.dir/mnt/host/source/src/platform/ec/build/zephyr/markarth/modules/ec/builtin/stdlib.c.obj
[markarth:ro] [382/415] Building C object CMakeFiles/app.dir/markarth/src/kb_backlight.c.obj
[markarth:ro] [383/415] Building C object zephyr/kernel/CMakeFiles/kernel.dir/banner.c.obj
[markarth:rw] [243/417] Building C object CMakeFiles/app.dir/mnt/host/source/src/platform/ec/build/zephyr/markarth/modules/ec/common/base32.c.obj
[markarth:ro] [384/415] Building C object CMakeFiles/app.dir/markarth/src/thermal.c.obj
[markarth:ro] [385/415] Building C object CMakeFiles/app.dir/markarth/src/keyboard_customization.c.obj
[markarth:ro] [386/415] Building C object zephyr/kernel/CMakeFiles/kernel.dir/busy_wait.c.obj
[markarth:rw] [244/417] Building C object CMakeFiles/app.dir/mnt/host/source/src/platform/ec/build/zephyr/markarth/modules/ec/common/console_output.c.obj
[/mnt/host/source/src/platform/ec/build/zephyr/sundance-lcov]   /mnt/host/source/src/platform/ec/build/zephyr/sundance/build-rw/CMakeFiles/app.dir/mnt/host/source/src/platform/ec/build/zephyr/sundance/modules/ec/common/usb_pd_pdo.c.gcno:no functions found
[/mnt/host/source/src/platform/ec/build/zephyr/sundance-lcov] stderr:
[markarth:rw] [245/417] Building C object CMakeFiles/app.dir/mnt/host/source/src/platform/ec/build/zephyr/markarth/modules/ec/common/ec_features.c.obj
[markarth:ro] [387/415] Building C object zephyr/kernel/CMakeFiles/kernel.dir/device.c.obj
[markarth:ro] [388/415] Linking C static library app/libapp.a
[markarth:ro] [389/415] Building C object zephyr/kernel/CMakeFiles/kernel.dir/errno.c.obj
[markarth:ro] [390/415] Building C object zephyr/kernel/CMakeFiles/kernel.dir/version.c.obj
[markarth:ro] [391/415] Building C object zephyr/kernel/CMakeFiles/kernel.dir/fatal.c.obj
[markarth:ro] [392/415] Building C object zephyr/kernel/CMakeFiles/kernel.dir/init.c.obj
[markarth:rw] [246/417] Building C object CMakeFiles/app.dir/mnt/host/source/src/platform/ec/build/zephyr/markarth/modules/ec/common/gpio_commands.c.obj
[markarth:ro] [393/415] Building C object zephyr/kernel/CMakeFiles/kernel.dir/kheap.c.obj
[markarth:ro] [394/415] Building C object zephyr/kernel/CMakeFiles/kernel.dir/mem_slab.c.obj
[markarth:ro] [395/415] Building C object zephyr/kernel/CMakeFiles/kernel.dir/float.c.obj
[markarth:rw] [247/417] Building C object CMakeFiles/app.dir/mnt/host/source/src/platform/ec/build/zephyr/markarth/modules/ec/common/peripheral.c.obj
[markarth:ro] [396/415] Building C object zephyr/kernel/CMakeFiles/kernel.dir/mailbox.c.obj
[markarth:rw] [248/417] Building C object CMakeFiles/app.dir/mnt/host/source/src/platform/ec/build/zephyr/markarth/modules/ec/common/printf.c.obj
[markarth:ro] [397/415] Building C object zephyr/kernel/CMakeFiles/kernel.dir/idle.c.obj
[markarth:rw] [249/417] Building C object CMakeFiles/app.dir/mnt/host/source/src/platform/ec/build/zephyr/markarth/modules/ec/common/queue.c.obj
[markarth:ro] [398/415] Building C object zephyr/kernel/CMakeFiles/kernel.dir/msg_q.c.obj
[markarth:ro] [399/415] Building C object zephyr/kernel/CMakeFiles/kernel.dir/mutex.c.obj
[markarth:ro] [400/415] Building C object zephyr/kernel/CMakeFiles/kernel.dir/queue.c.obj
[markarth:ro] [401/415] Building C object zephyr/kernel/CMakeFiles/kernel.dir/sem.c.obj
[markarth:ro] [402/415] Building C object zephyr/kernel/CMakeFiles/kernel.dir/stack.c.obj
[markarth:ro] [403/415] Building C object zephyr/kernel/CMakeFiles/kernel.dir/system_work_q.c.obj
[markarth:ro] [404/415] Building C object zephyr/kernel/CMakeFiles/kernel.dir/condvar.c.obj
[markarth:ro] [405/415] Building C object zephyr/kernel/CMakeFiles/kernel.dir/work.c.obj
[markarth:rw] [250/417] Building C object CMakeFiles/app.dir/mnt/host/source/src/platform/ec/build/zephyr/markarth/modules/ec/common/system.c.obj
[markarth:rw] [251/417] Building C object CMakeFiles/app.dir/mnt/host/source/src/platform/ec/build/zephyr/markarth/modules/ec/common/system_boot_time.c.obj
[markarth:ro] [406/415] Building C object zephyr/kernel/CMakeFiles/kernel.dir/thread.c.obj
[markarth:rw] [252/417] Building C object CMakeFiles/app.dir/mnt/host/source/src/platform/ec/build/zephyr/markarth/modules/ec/common/uart_printf.c.obj
[markarth:ro] [407/415] Building C object zephyr/kernel/CMakeFiles/kernel.dir/timeout.c.obj
[markarth:ro] [408/415] Building C object zephyr/kernel/CMakeFiles/kernel.dir/pipe.c.obj
[rauru:rw] Building: /usr/bin/ninja -C /mnt/host/source/src/platform/ec/build/zephyr/rauru/build-rw all.libraries
Running `env -i SHELL=/bin/bash COLORTERM=truecolor DEPOT_TOOLS_UPDATE=0 LESS='-R -M --shift 5' SUDO_GID=0 JDK_HOME=/etc/java-config-2/current-system-vm CONFIG_PROTECT_MASK='/etc/gentoo-release /etc/sandbox.d /etc/fonts/fonts.conf /etc/terminfo /etc/ca-certificates.conf /etc/revdep-rebuild' CHROMEOS_CACHEDIR=/var/cache/chromeos-cache JAVA_HOME=/etc/java-config-2/current-system-vm SSH_AUTH_SOCK=/tmp/ssh-auth-sock SUDO_COMMAND=/bin/bash SUDO_USER=root SUDO_TTY=/dev/pts/2 EDITOR=/usr/bin/vi PWD=/mnt/host/source/src/platform/ec CONFIG_PROTECT=/usr/share/gnupg/qualified.txt LOGNAME=jpmurphy MANPATH=/etc/java-config-2/current-system-vm/man:/usr/local/share/man:/usr/share/man:/usr/share/gcc-data/x86_64-pc-linux-gnu/10.2.0/man:/usr/share/binutils-data/x86_64-pc-linux-gnu/2.45/man:/etc/java-config-2/current-system-vm/man/ SUDO_HOME=/root XAUTHORITY=/run/user/944457/gdm/Xauthority HOME=/home/jpmurphy LANG=C.UTF-8 LS_COLORS='rs=0:di=01;34:ln=01;36:mh=00:pi=40;33:so=01;35:do=01;35:bd=40;33;01:cd=40;33;01:or=01;05;37;41:mi=01;05;37;41:su=37;41:sg=30;43:ca=30;41:tw=30;42:ow=34;42:st=37;44:ex=01;32:*.tar=01;31:*.tgz=01;31:*.arc=01;31:*.arj=01;31:*.taz=01;31:*.lha=01;31:*.lz4=01;31:*.lzh=01;31:*.lzma=01;31:*.tlz=01;31:*.txz=01;31:*.tzo=01;31:*.t7z=01;31:*.zip=01;31:*.z=01;31:*.dz=01;31:*.gz=01;31:*.lrz=01;31:*.lz=01;31:*.lzo=01;31:*.xz=01;31:*.zst=01;31:*.tzst=01;31:*.bz2=01;31:*.bz=01;31:*.tbz=01;31:*.tbz2=01;31:*.tz=01;31:*.deb=01;31:*.rpm=01;31:*.jar=01;31:*.war=01;31:*.ear=01;31:*.sar=01;31:*.rar=01;31:*.alz=01;31:*.ace=01;31:*.zoo=01;31:*.cpio=01;31:*.7z=01;31:*.rz=01;31:*.cab=01;31:*.wim=01;31:*.swm=01;31:*.dwm=01;31:*.esd=01;31:*.jpg=01;35:*.jpeg=01;35:*.mjpg=01;35:*.mjpeg=01;35:*.gif=01;35:*.bmp=01;35:*.pbm=01;35:*.pgm=01;35:*.ppm=01;35:*.tga=01;35:*.xbm=01;35:*.xpm=01;35:*.tif=01;35:*.tiff=01;35:*.png=01;35:*.svg=01;35:*.svgz=01;35:*.mng=01;35:*.pcx=01;35:*.mov=01;35:*.mpg=01;35:*.mpeg=01;35:*.m2v=01;35:*.mkv=01;35:*.webm=01;35:*.webp=01;35:*.ogm=01;35:*.mp4=01;35:*.m4v=01;35:*.mp4v=01;35:*.vob=01;35:*.qt=01;35:*.nuv=01;35:*.wmv=01;35:*.asf=01;35:*.rm=01;35:*.rmvb=01;35:*.flc=01;35:*.avi=01;35:*.fli=01;35:*.flv=01;35:*.gl=01;35:*.dl=01;35:*.xcf=01;35:*.xwd=01;35:*.yuv=01;35:*.cgm=01;35:*.emf=01;35:*.ogv=01;35:*.ogx=01;35:*.cfg=00;32:*.conf=00;32:*.diff=00;32:*.doc=00;32:*.ini=00;32:*.log=00;32:*.patch=00;32:*.pdf=00;32:*.ps=00;32:*.tex=00;32:*.txt=00;32:*.aac=00;36:*.au=00;36:*.flac=00;36:*.m4a=00;36:*.mid=00;36:*.midi=00;36:*.mka=00;36:*.mp3=00;36:*.mpc=00;36:*.ogg=00;36:*.ra=00;36:*.wav=00;36:*.oga=00;36:*.opus=00;36:*.spx=00;36:*.xspf=00;36:' XDG_CURRENT_DESKTOP=GNOME INFOPATH=/usr/share/info:/usr/share/gcc-data/x86_64-pc-linux-gnu/10.2.0/info:/usr/share/binutils-data/x86_64-pc-linux-gnu/2.45/info:/usr/share/automake-1.16.5/info JAVAC=/etc/java-config-2/current-system-vm/bin/javac TERM=xterm-256color LESSOPEN='|lesspipe %s' USER=jpmurphy CROS_WORKON_SRCROOT=/mnt/host/source MANPAGER=manpager DISPLAY=:1 SHLVL=1 LC_MESSAGES=C EXTERNAL_TRUNK_PATH=/mnt/8f9d649a-3721-44cc-93c0-e6bd21a9689f/chromiumos GCC_SPECS='' PATH=/mnt/host/source/chromite/bin:/usr/local/bin:/usr/bin:/bin:/opt/bin:/mnt/host/source/chromite/sdk/bin:/mnt/host/source/chromite/bin PORTAGE_USERNAME=jpmurphy SUDO_UID=0 GCC_VER=10.2.0 MAIL=/var/mail/jpmurphy OLDPWD=/mnt/host/source/src/scripts traceparent=00-e87aca51550a78635907baa6a2476181-6d684811675d2973-01 _=./zephyr/firmware_builder.py COREBOOT_SDK_ROOT_x86=/home/jpmurphy/.cache/coreboot-sdk/i386-elf/dfbb0486385d938cfa9d73080b9d18d598ed4f49 COREBOOT_SDK_ROOT_picolibc_x86=/home/jpmurphy/.cache/coreboot-sdk/picolibc-i386-elf/eb8e8e687b95461de8cbf278f1c2076952d0ad17 COREBOOT_SDK_ROOT_riscv64=/home/jpmurphy/.cache/coreboot-sdk/riscv64-elf/96b949749225b6aaa92ed810ab769e8dfb12f000 COREBOOT_SDK_ROOT_picolibc_arm=/home/jpmurphy/.cache/coreboot-sdk/picolibc-arm-eabi/422a2aa3e1ef891b5bece9a3deb696ff83840d2e COREBOOT_SDK_ROOT_nds32=/home/jpmurphy/.cache/coreboot-sdk/nds32le-elf/d1a518c4a097666d86058e1444f85ca015d15511 COREBOOT_SDK_ROOT_picolibc_riscv64=/home/jpmurphy/.cache/coreboot-sdk/picolibc-riscv64-elf/f571e990ef0278564b31124f8bb109d9a697eb69 COREBOOT_SDK_ROOT_arm=/home/jpmurphy/.cache/coreboot-sdk/arm-eabi/ea40ddd1d190c3b48435c474c0b545719371813a COREBOOT_SDK_ROOT_libstdcxx_riscv64=/home/jpmurphy/.cache/coreboot-sdk/libstdcxx-riscv64-elf/17abf22a3a252e2d5d2062ced5324f7a623689e0 COREBOOT_SDK_ROOT_libstdcxx_arm=/home/jpmurphy/.cache/coreboot-sdk/libstdcxx-arm-eabi/5d7d82e150e44aa1968f1d366e267e6687b328ac COREBOOT_SDK_ROOT_riscv=/home/jpmurphy/.cache/coreboot-sdk/riscv-elf/9a27b9e82341c6e9126624f516ab3f261abb3e73 COREBOOT_SDK_ROOT_libstdcxx_x86=/home/jpmurphy/.cache/coreboot-sdk/libstdcxx-i386-elf/42ef9d2e87a76a37963175d7d428734e65648b87 PYTHONPATH=/mnt/host/source/src/platform/ec/zephyr/zmake PW_PIGWEED_CIPD_INSTALL_DIR=/usr CROSTC_USER_ACKNOWLEDGES_THAT_RISCV_IS_EXPERIMENTAL=1 MAKEFLAGS=' -j16 --jobserver-auth=5,6' /usr/bin/ninja -C /mnt/host/source/src/platform/ec/build/zephyr/rauru/build-rw all.libraries`
[rauru:rw] ninja: Entering directory `/mnt/host/source/src/platform/ec/build/zephyr/rauru/build-rw'
[markarth:ro] [409/415] Building C object zephyr/kernel/CMakeFiles/kernel.dir/sched.c.obj
[rauru:ro] Building: /usr/bin/ninja -C /mnt/host/source/src/platform/ec/build/zephyr/rauru/build-ro all.libraries
Running `env -i SHELL=/bin/bash COLORTERM=truecolor DEPOT_TOOLS_UPDATE=0 LESS='-R -M --shift 5' SUDO_GID=0 JDK_HOME=/etc/java-config-2/current-system-vm CONFIG_PROTECT_MASK='/etc/gentoo-release /etc/sandbox.d /etc/fonts/fonts.conf /etc/terminfo /etc/ca-certificates.conf /etc/revdep-rebuild' CHROMEOS_CACHEDIR=/var/cache/chromeos-cache JAVA_HOME=/etc/java-config-2/current-system-vm SSH_AUTH_SOCK=/tmp/ssh-auth-sock SUDO_COMMAND=/bin/bash SUDO_USER=root SUDO_TTY=/dev/pts/2 EDITOR=/usr/bin/vi PWD=/mnt/host/source/src/platform/ec CONFIG_PROTECT=/usr/share/gnupg/qualified.txt LOGNAME=jpmurphy MANPATH=/etc/java-config-2/current-system-vm/man:/usr/local/share/man:/usr/share/man:/usr/share/gcc-data/x86_64-pc-linux-gnu/10.2.0/man:/usr/share/binutils-data/x86_64-pc-linux-gnu/2.45/man:/etc/java-config-2/current-system-vm/man/ SUDO_HOME=/root XAUTHORITY=/run/user/944457/gdm/Xauthority HOME=/home/jpmurphy LANG=C.UTF-8 LS_COLORS='rs=0:di=01;34:ln=01;36:mh=00:pi=40;33:so=01;35:do=01;35:bd=40;33;01:cd=40;33;01:or=01;05;37;41:mi=01;05;37;41:su=37;41:sg=30;43:ca=30;41:tw=30;42:ow=34;42:st=37;44:ex=01;32:*.tar=01;31:*.tgz=01;31:*.arc=01;31:*.arj=01;31:*.taz=01;31:*.lha=01;31:*.lz4=01;31:*.lzh=01;31:*.lzma=01;31:*.tlz=01;31:*.txz=01;31:*.tzo=01;31:*.t7z=01;31:*.zip=01;31:*.z=01;31:*.dz=01;31:*.gz=01;31:*.lrz=01;31:*.lz=01;31:*.lzo=01;31:*.xz=01;31:*.zst=01;31:*.tzst=01;31:*.bz2=01;31:*.bz=01;31:*.tbz=01;31:*.tbz2=01;31:*.tz=01;31:*.deb=01;31:*.rpm=01;31:*.jar=01;31:*.war=01;31:*.ear=01;31:*.sar=01;31:*.rar=01;31:*.alz=01;31:*.ace=01;31:*.zoo=01;31:*.cpio=01;31:*.7z=01;31:*.rz=01;31:*.cab=01;31:*.wim=01;31:*.swm=01;31:*.dwm=01;31:*.esd=01;31:*.jpg=01;35:*.jpeg=01;35:*.mjpg=01;35:*.mjpeg=01;35:*.gif=01;35:*.bmp=01;35:*.pbm=01;35:*.pgm=01;35:*.ppm=01;35:*.tga=01;35:*.xbm=01;35:*.xpm=01;35:*.tif=01;35:*.tiff=01;35:*.png=01;35:*.svg=01;35:*.svgz=01;35:*.mng=01;35:*.pcx=01;35:*.mov=01;35:*.mpg=01;35:*.mpeg=01;35:*.m2v=01;35:*.mkv=01;35:*.webm=01;35:*.webp=01;35:*.ogm=01;35:*.mp4=01;35:*.m4v=01;35:*.mp4v=01;35:*.vob=01;35:*.qt=01;35:*.nuv=01;35:*.wmv=01;35:*.asf=01;35:*.rm=01;35:*.rmvb=01;35:*.flc=01;35:*.avi=01;35:*.fli=01;35:*.flv=01;35:*.gl=01;35:*.dl=01;35:*.xcf=01;35:*.xwd=01;35:*.yuv=01;35:*.cgm=01;35:*.emf=01;35:*.ogv=01;35:*.ogx=01;35:*.cfg=00;32:*.conf=00;32:*.diff=00;32:*.doc=00;32:*.ini=00;32:*.log=00;32:*.patch=00;32:*.pdf=00;32:*.ps=00;32:*.tex=00;32:*.txt=00;32:*.aac=00;36:*.au=00;36:*.flac=00;36:*.m4a=00;36:*.mid=00;36:*.midi=00;36:*.mka=00;36:*.mp3=00;36:*.mpc=00;36:*.ogg=00;36:*.ra=00;36:*.wav=00;36:*.oga=00;36:*.opus=00;36:*.spx=00;36:*.xspf=00;36:' XDG_CURRENT_DESKTOP=GNOME INFOPATH=/usr/share/info:/usr/share/gcc-data/x86_64-pc-linux-gnu/10.2.0/info:/usr/share/binutils-data/x86_64-pc-linux-gnu/2.45/info:/usr/share/automake-1.16.5/info JAVAC=/etc/java-config-2/current-system-vm/bin/javac TERM=xterm-256color LESSOPEN='|lesspipe %s' USER=jpmurphy CROS_WORKON_SRCROOT=/mnt/host/source MANPAGER=manpager DISPLAY=:1 SHLVL=1 LC_MESSAGES=C EXTERNAL_TRUNK_PATH=/mnt/8f9d649a-3721-44cc-93c0-e6bd21a9689f/chromiumos GCC_SPECS='' PATH=/mnt/host/source/chromite/bin:/usr/local/bin:/usr/bin:/bin:/opt/bin:/mnt/host/source/chromite/sdk/bin:/mnt/host/source/chromite/bin PORTAGE_USERNAME=jpmurphy SUDO_UID=0 GCC_VER=10.2.0 MAIL=/var/mail/jpmurphy OLDPWD=/mnt/host/source/src/scripts traceparent=00-e87aca51550a78635907baa6a2476181-6d684811675d2973-01 _=./zephyr/firmware_builder.py COREBOOT_SDK_ROOT_x86=/home/jpmurphy/.cache/coreboot-sdk/i386-elf/dfbb0486385d938cfa9d73080b9d18d598ed4f49 COREBOOT_SDK_ROOT_picolibc_x86=/home/jpmurphy/.cache/coreboot-sdk/picolibc-i386-elf/eb8e8e687b95461de8cbf278f1c2076952d0ad17 COREBOOT_SDK_ROOT_riscv64=/home/jpmurphy/.cache/coreboot-sdk/riscv64-elf/96b949749225b6aaa92ed810ab769e8dfb12f000 COREBOOT_SDK_ROOT_picolibc_arm=/home/jpmurphy/.cache/coreboot-sdk/picolibc-arm-eabi/422a2aa3e1ef891b5bece9a3deb696ff83840d2e COREBOOT_SDK_ROOT_nds32=/home/jpmurphy/.cache/coreboot-sdk/nds32le-elf/d1a518c4a097666d86058e1444f85ca015d15511 COREBOOT_SDK_ROOT_picolibc_riscv64=/home/jpmurphy/.cache/coreboot-sdk/picolibc-riscv64-elf/f571e990ef0278564b31124f8bb109d9a697eb69 COREBOOT_SDK_ROOT_arm=/home/jpmurphy/.cache/coreboot-sdk/arm-eabi/ea40ddd1d190c3b48435c474c0b545719371813a COREBOOT_SDK_ROOT_libstdcxx_riscv64=/home/jpmurphy/.cache/coreboot-sdk/libstdcxx-riscv64-elf/17abf22a3a252e2d5d2062ced5324f7a623689e0 COREBOOT_SDK_ROOT_libstdcxx_arm=/home/jpmurphy/.cache/coreboot-sdk/libstdcxx-arm-eabi/5d7d82e150e44aa1968f1d366e267e6687b328ac COREBOOT_SDK_ROOT_riscv=/home/jpmurphy/.cache/coreboot-sdk/riscv-elf/9a27b9e82341c6e9126624f516ab3f261abb3e73 COREBOOT_SDK_ROOT_libstdcxx_x86=/home/jpmurphy/.cache/coreboot-sdk/libstdcxx-i386-elf/42ef9d2e87a76a37963175d7d428734e65648b87 PYTHONPATH=/mnt/host/source/src/platform/ec/zephyr/zmake PW_PIGWEED_CIPD_INSTALL_DIR=/usr CROSTC_USER_ACKNOWLEDGES_THAT_RISCV_IS_EXPERIMENTAL=1 MAKEFLAGS=' -j16 --jobserver-auth=5,6' /usr/bin/ninja -C /mnt/host/source/src/platform/ec/build/zephyr/rauru/build-ro all.libraries`
[rauru:ro] ninja: Entering directory `/mnt/host/source/src/platform/ec/build/zephyr/rauru/build-ro'
[markarth:ro] [410/415] Building C object zephyr/kernel/CMakeFiles/kernel.dir/timer.c.obj
[rauru:rw] [1/380] Preparing syscall dependency handling
[rauru:rw] [2/380] Generating misc/generated/syscalls_subdirs.trigger
[markarth:ro] [411/415] Building C object zephyr/kernel/CMakeFiles/kernel.dir/poll.c.obj
Running (initial) lcov on /mnt/host/source/src/platform/ec/build/zephyr/fatcat-ish-idle.
[markarth:ro] [412/415] Building C object zephyr/kernel/CMakeFiles/kernel.dir/events.c.obj
[markarth:ro] [413/415] Building C object zephyr/kernel/CMakeFiles/kernel.dir/mempool.c.obj
[markarth:ro] [414/415] Building C object zephyr/kernel/CMakeFiles/kernel.dir/dynamic_disabled.c.obj
[markarth:rw] [253/417] Building C object CMakeFiles/app.dir/mnt/host/source/src/platform/ec/build/zephyr/markarth/modules/ec/common/util.c.obj
[markarth:rw] [254/417] Building C object CMakeFiles/app.dir/mnt/host/source/src/platform/ec/build/zephyr/markarth/modules/ec/common/version.c.obj
[rauru:rw] [3/380] Generating include/generated/zephyr/version.h
[rauru:rw] -- git describe warned: warning: tag 'upstream/v2.7.99' is externally known as 'v2.7.99'
[markarth:ro] [415/415] Linking C static library zephyr/kernel/libkernel.a
[yavilla:ro] Configuring.
Running `env -i PYTHONPATH=/usr/lib64/python-exec/python3.11:/mnt/host/source/src/platform/ec/zephyr/zmake:/usr/lib/python311.zip:/usr/lib/python3.11:/usr/lib/python3.11/lib-dynload:/usr/lib/python3.11/site-packages PW_PIGWEED_CIPD_INSTALL_DIR=/usr CROSTC_USER_ACKNOWLEDGES_THAT_RISCV_IS_EXPERIMENTAL=1 PATH=/mnt/host/source/chromite/bin:/usr/local/bin:/usr/bin:/bin:/opt/bin:/mnt/host/source/chromite/sdk/bin:/mnt/host/source/chromite/bin HOME=/home/jpmurphy JAVA_HOME=/etc/java-config-2/current-system-vm JDK_HOME=/etc/java-config-2/current-system-vm JAVAC=/etc/java-config-2/current-system-vm/bin/javac MAKEFLAGS=' -j16 --jobserver-auth=5,6' /usr/bin/cmake -S /mnt/host/source/src/platform/ec/zephyr/program/nissa -B /mnt/host/source/src/platform/ec/build/zephyr/yavilla/build-ro -GNinja -DCMAKE_EXPORT_COMPILE_COMMANDS=ON -DZEPHYR_BASE=/mnt/host/source/src/third_party/zephyr/main -DZMAKE_INCLUDE_DIR=/mnt/host/source/src/platform/ec/build/zephyr/yavilla/include -DPython3_EXECUTABLE=/usr/bin/python3.11 -DDTS_ROOT=/mnt/host/source/src/platform/ec/zephyr -DSYSCALL_INCLUDE_DIRS=/mnt/host/source/src/platform/ec/zephyr/include/drivers -DUSER_CACHE_DIR=/mnt/host/source/src/platform/ec/build/zephyr/user-cache '-DEXTRA_EC_VERSION_FLAGS=--version 16543.0.0 --static' -DTOOLCHAIN_ROOT=/mnt/host/source/src/platform/ec/zephyr -DCOREBOOT_SDK_ROOT_x86=/home/jpmurphy/.cache/coreboot-sdk/i386-elf/dfbb0486385d938cfa9d73080b9d18d598ed4f49 -DCOREBOOT_SDK_ROOT_picolibc_x86=/home/jpmurphy/.cache/coreboot-sdk/picolibc-i386-elf/eb8e8e687b95461de8cbf278f1c2076952d0ad17 -DCOREBOOT_SDK_ROOT_riscv64=/home/jpmurphy/.cache/coreboot-sdk/riscv64-elf/96b949749225b6aaa92ed810ab769e8dfb12f000 -DCOREBOOT_SDK_ROOT_picolibc_arm=/home/jpmurphy/.cache/coreboot-sdk/picolibc-arm-eabi/422a2aa3e1ef891b5bece9a3deb696ff83840d2e -DCOREBOOT_SDK_ROOT_nds32=/home/jpmurphy/.cache/coreboot-sdk/nds32le-elf/d1a518c4a097666d86058e1444f85ca015d15511 -DCOREBOOT_SDK_ROOT_picolibc_riscv64=/home/jpmurphy/.cache/coreboot-sdk/picolibc-riscv64-elf/f571e990ef0278564b31124f8bb109d9a697eb69 -DCOREBOOT_SDK_ROOT_arm=/home/jpmurphy/.cache/coreboot-sdk/arm-eabi/ea40ddd1d190c3b48435c474c0b545719371813a -DCOREBOOT_SDK_ROOT_libstdcxx_riscv64=/home/jpmurphy/.cache/coreboot-sdk/libstdcxx-riscv64-elf/17abf22a3a252e2d5d2062ced5324f7a623689e0 -DCOREBOOT_SDK_ROOT_libstdcxx_arm=/home/jpmurphy/.cache/coreboot-sdk/libstdcxx-arm-eabi/5d7d82e150e44aa1968f1d366e267e6687b328ac -DCOREBOOT_SDK_ROOT_riscv=/home/jpmurphy/.cache/coreboot-sdk/riscv-elf/9a27b9e82341c6e9126624f516ab3f261abb3e73 -DCOREBOOT_SDK_ROOT_libstdcxx_x86=/home/jpmurphy/.cache/coreboot-sdk/libstdcxx-i386-elf/42ef9d2e87a76a37963175d7d428734e65648b87 -DZEPHYR_TOOLCHAIN_VARIANT=coreboot-sdk -DZEPHYR_MODULES=/mnt/host/source/src/platform/ec/build/zephyr/yavilla/modules/ec -DDTC_OVERLAY_FILE=/mnt/host/source/src/platform/ec/zephyr/program/nissa/yavilla/project.overlay -DBOARD=it8xxx2/it81302bx -DCMAKE_C_FLAGS=-DSECTION_IS_RO '-DCONF_FILE=/mnt/host/source/src/platform/ec/zephyr/program/nissa/program.conf;/mnt/host/source/src/platform/ec/zephyr/program/nissa/it8xxx2_program.conf;/mnt/host/source/src/platform/ec/zephyr/program/nissa/yavilla/project.conf;/mnt/host/source/src/platform/ec/build/zephyr/yavilla/kconfig-ro.conf'`
[yavilla:ro] Loading Zephyr default modules (Zephyr base (cached)).
[rauru:rw] -- Zephyr version: 4.3.99 (/mnt/host/source/src/third_party/zephyr/main)
[rauru:rw] [4/380] cd /mnt/host/source/src/platform/ec/build/zephyr/rauru/build-rw/modules/ec/zephyr && PYTHONPATH=/mnt/host/source/src/platform/ec/build/zephyr/rauru/modules/ec/zephyr/zmake/ /usr/bin/python3.11 /mnt/host/source/src/platform/ec/build/zephyr/rauru/modules/ec/zephyr/zmake/zephyr_build_tools/generate_ec_version.py /mnt/host/source/src/platform/ec/build/zephyr/rauru/build-rw/modules/ec/zephyr/include/ec_version.h --name Zephyr-Kernel --version 16543.0.0 --static
[yavilla:ro] -- Application: /mnt/host/source/src/platform/ec/zephyr/program/nissa
[rauru:rw] INFO:root:Using a static version string
Running `env -i PYTHONPATH=/usr/lib64/python-exec/python3.11:/mnt/host/source/src/platform/ec/zephyr/zmake:/usr/lib/python311.zip:/usr/lib/python3.11:/usr/lib/python3.11/lib-dynload:/usr/lib/python3.11/site-packages PW_PIGWEED_CIPD_INSTALL_DIR=/usr CROSTC_USER_ACKNOWLEDGES_THAT_RISCV_IS_EXPERIMENTAL=1 PATH=/mnt/host/source/chromite/bin:/usr/local/bin:/usr/bin:/bin:/opt/bin:/mnt/host/source/chromite/sdk/bin:/mnt/host/source/chromite/bin HOME=/home/jpmurphy JAVA_HOME=/etc/java-config-2/current-system-vm JDK_HOME=/etc/java-config-2/current-system-vm JAVAC=/etc/java-config-2/current-system-vm/bin/javac MAKEFLAGS=' -j16 --jobserver-auth=5,6' /usr/bin/lcov --gcov-tool /mnt/host/source/src/platform/ec/build/zephyr/fatcat-ish-idle/build-singleimage/gcov.sh -q -o - -c -d /mnt/host/source/src/platform/ec/build/zephyr/fatcat-ish-idle -t fatcat-ish-idle --rc branch_coverage=1 --filter range --ignore-errors inconsistent,source --ignore-errors gcov,gcov -i`
[rauru:ro] [1/380] Preparing syscall dependency handling
[rauru:ro] [2/380] Generating include/generated/zephyr/version.h
[rauru:ro] -- git describe warned: warning: tag 'upstream/v2.7.99' is externally known as 'v2.7.99'
[markarth:rw] [255/417] Building C object CMakeFiles/app.dir/mnt/host/source/src/platform/ec/build/zephyr/markarth/modules/ec/common/power_button_x86.c.obj
[rauru:ro] -- Zephyr version: 4.3.99 (/mnt/host/source/src/third_party/zephyr/main)
[rauru:ro] [3/380] Generating misc/generated/syscalls_subdirs.trigger
[markarth:rw] [256/417] Building C object CMakeFiles/app.dir/mnt/host/source/src/platform/ec/build/zephyr/markarth/modules/ec/driver/accelgyro_bmi_common.c.obj
[rauru:ro] [4/380] cd /mnt/host/source/src/platform/ec/build/zephyr/rauru/build-ro/modules/ec/zephyr && PYTHONPATH=/mnt/host/source/src/platform/ec/build/zephyr/rauru/modules/ec/zephyr/zmake/ /usr/bin/python3.11 /mnt/host/source/src/platform/ec/build/zephyr/rauru/modules/ec/zephyr/zmake/zephyr_build_tools/generate_ec_version.py /mnt/host/source/src/platform/ec/build/zephyr/rauru/build-ro/modules/ec/zephyr/include/ec_version.h --name Zephyr-Kernel --version 16543.0.0 --static
[markarth:rw] [257/417] Building C object CMakeFiles/app.dir/mnt/host/source/src/platform/ec/build/zephyr/markarth/modules/ec/driver/accel_bma4xx.c.obj
[yavilla:ro] -- CMake version: 3.31.7
[yavilla:ro] -- Found Python3: /usr/bin/python3.11 (found suitable version "3.11.11", minimum required is "3.10") found components: Interpreter
[yavilla:ro] -- Cache files will be written to: /mnt/host/source/src/platform/ec/build/zephyr/user-cache
[yavilla:ro] -- Zephyr version: 4.3.99 (/mnt/host/source/src/third_party/zephyr/main)
[rauru:rw] INFO:root:Version string: Zephyr-Kernel-16543.0.0
[rauru:rw] INFO:root:Writing header to /mnt/host/source/src/platform/ec/build/zephyr/rauru/build-rw/modules/ec/zephyr/include/ec_version.h
[rauru:rw] [5/380] Generating misc/generated/syscalls.json, misc/generated/struct_tags.json
[rauru:rw] [6/380] Generating include/generated/zephyr/syscall_dispatch.c, include/generated/zephyr/syscall_exports_llext.c, syscall_weakdefs_llext.c, include/generated/zephyr/syscall_list.h
[markarth:rw] [258/417] Building C object CMakeFiles/app.dir/mnt/host/source/src/platform/ec/build/zephyr/markarth/modules/ec/common/motion_sense_fifo.c.obj
[markarth:rw] [259/417] Building C object CMakeFiles/app.dir/mnt/host/source/src/platform/ec/build/zephyr/markarth/modules/ec/driver/accelgyro_bmi3xx.c.obj
[/mnt/host/source/src/platform/ec/build/zephyr/geralt-lcov]   /mnt/host/source/src/platform/ec/build/zephyr/geralt/build-rw/zephyr/CMakeFiles/zephyr.dir/soc/ite/ec/it8xxx2/check_regs.c.gcno:no functions found
[/mnt/host/source/src/platform/ec/build/zephyr/geralt-lcov] Filter suppressions 'region':
[/mnt/host/source/src/platform/ec/build/zephyr/geralt-lcov]     35 instances
[/mnt/host/source/src/platform/ec/build/zephyr/geralt-lcov]     20 coverpoints
[/mnt/host/source/src/platform/ec/build/zephyr/geralt-lcov] Message summary:
[/mnt/host/source/src/platform/ec/build/zephyr/geralt-lcov]   27 ignore messages:
[/mnt/host/source/src/platform/ec/build/zephyr/geralt-lcov]     gcov: 27
[/mnt/host/source/src/platform/ec/build/zephyr/fatcat-ish-idle-lcov] geninfo: WARNING: (format) invalid characters removed from testname
[markarth:rw] [260/417] Building C object CMakeFiles/app.dir/mnt/host/source/src/platform/ec/build/zephyr/markarth/modules/ec/driver/amd_stb.c.obj
[rauru:rw] [7/380] Generating include/generated/zephyr/driver-validation.h
[/mnt/host/source/src/platform/ec/build/zephyr/fatcat-ish-idle-lcov] 	(use "geninfo --ignore-errors format,format ..." to suppress this warning)
[/mnt/host/source/src/platform/ec/build/zephyr/fatcat-ish-idle-lcov] geninfo: WARNING: using JSON module "JSON::PP" - which is much slower than some alternatives.  Consider installing one of JSON::XS or Cpanel::JSON::XS
[rauru:ro] INFO:root:Using a static version string
[rauru:ro] INFO:root:Version string: Zephyr-Kernel-16543.0.0
[rauru:ro] INFO:root:Writing header to /mnt/host/source/src/platform/ec/build/zephyr/rauru/build-ro/modules/ec/zephyr/include/ec_version.h
[rauru:ro] [5/380] Generating misc/generated/syscalls.json, misc/generated/struct_tags.json
[rauru:rw] [8/380] Generating include/generated/zephyr/kobj-types-enum.h, include/generated/zephyr/otype-to-str.h, include/generated/zephyr/otype-to-size.h
[rauru:ro] [6/380] Generating include/generated/zephyr/syscall_dispatch.c, include/generated/zephyr/syscall_exports_llext.c, syscall_weakdefs_llext.c, include/generated/zephyr/syscall_list.h
[rauru:rw] [9/380] Generating include/generated/device-api-sections.ld, include/generated/device-api-sections.cmake
[markarth:rw] [261/417] Building C object CMakeFiles/app.dir/mnt/host/source/src/platform/ec/build/zephyr/markarth/modules/ec/common/adc.c.obj
[markarth:rw] [262/417] Building C object CMakeFiles/app.dir/mnt/host/source/src/platform/ec/build/zephyr/markarth/modules/ec/common/acpi.c.obj
[markarth:rw] [263/417] Building C object CMakeFiles/app.dir/mnt/host/source/src/platform/ec/build/zephyr/markarth/modules/ec/driver/sb_rmi.c.obj
[rauru:ro] [7/380] Generating include/generated/zephyr/driver-validation.h
[markarth:rw] [264/417] Building C object CMakeFiles/app.dir/mnt/host/source/src/platform/ec/build/zephyr/markarth/modules/ec/driver/amd_stt.c.obj
[rauru:ro] [8/380] Generating include/generated/zephyr/kobj-types-enum.h, include/generated/zephyr/otype-to-str.h, include/generated/zephyr/otype-to-size.h
[rauru:ro] [9/380] Generating include/generated/device-api-sections.ld, include/generated/device-api-sections.cmake
[markarth:rw] [265/417] Building C object CMakeFiles/app.dir/mnt/host/source/src/platform/ec/build/zephyr/markarth/modules/ec/common/backlight_lid.c.obj
[markarth:rw] [266/417] Building C object CMakeFiles/app.dir/mnt/host/source/src/platform/ec/build/zephyr/markarth/modules/ec/common/battery.c.obj
[markarth:rw] [267/417] Building C object CMakeFiles/app.dir/mnt/host/source/src/platform/ec/build/zephyr/markarth/modules/ec/common/battery_info.c.obj
[markarth:rw] [268/417] Building C object CMakeFiles/app.dir/mnt/host/source/src/platform/ec/build/zephyr/markarth/modules/ec/common/battery_fuel_gauge.c.obj
[yavilla:ro] -- Board: it8xxx2, qualifiers: it81302bx
[rauru:rw] [10/380] Building C object zephyr/CMakeFiles/offsets.dir/arch/riscv/core/offsets/offsets.c.obj
[markarth:rw] [269/417] Building C object CMakeFiles/app.dir/mnt/host/source/src/platform/ec/build/zephyr/markarth/modules/ec/driver/battery/smart.c.obj
[rauru:rw] [11/380] Generating include/generated/zephyr/offsets.h
[markarth:rw] [270/417] Building C object CMakeFiles/app.dir/mnt/host/source/src/platform/ec/build/zephyr/markarth/modules/ec/driver/charger/isl9241.c.obj
[markarth:rw] [271/417] Building C object CMakeFiles/app.dir/mnt/host/source/src/platform/ec/build/zephyr/markarth/modules/ec/common/charger.c.obj
[/mnt/host/source/src/platform/ec/build/zephyr/sundance-lcov]   /mnt/host/source/src/platform/ec/build/zephyr/sundance/build-rw/CMakeFiles/app.dir/mnt/host/source/src/platform/ec/build/zephyr/sundance/modules/ec/common/cbi_config.c.gcno:no functions found
[/mnt/host/source/src/platform/ec/build/zephyr/sundance-lcov] stderr:
[rauru:ro] [10/380] Building C object zephyr/CMakeFiles/offsets.dir/arch/riscv/core/offsets/offsets.c.obj
[markarth:rw] [272/417] Building C object CMakeFiles/app.dir/mnt/host/source/src/platform/ec/build/zephyr/markarth/modules/ec/common/charge_state.c.obj
[rauru:ro] [11/380] Generating include/generated/zephyr/offsets.h
[markarth:rw] [273/417] Building C object CMakeFiles/app.dir/mnt/host/source/src/platform/ec/build/zephyr/markarth/modules/ec/common/cbi_config.c.obj
[markarth:rw] [274/417] Building C object CMakeFiles/app.dir/mnt/host/source/src/platform/ec/build/zephyr/markarth/modules/ec/common/cbi_common.c.obj
[markarth:rw] [275/417] Building C object CMakeFiles/app.dir/mnt/host/source/src/platform/ec/build/zephyr/markarth/modules/ec/common/cbi.c.obj
[markarth:rw] [276/417] Building C object CMakeFiles/app.dir/mnt/host/source/src/platform/ec/build/zephyr/markarth/modules/ec/common/dptf.c.obj
[markarth:rw] [277/417] Building C object CMakeFiles/app.dir/mnt/host/source/src/platform/ec/build/zephyr/markarth/modules/ec/common/charge_manager.c.obj
[markarth:rw] [278/417] Building C object CMakeFiles/app.dir/mnt/host/source/src/platform/ec/build/zephyr/markarth/modules/ec/common/chipset.c.obj
[rauru:rw] [12/380] Building C object CMakeFiles/app.dir/mnt/host/source/src/platform/ec/zephyr/subsys/ap_pwrseq/ap_events.c.obj
[markarth:rw] [279/417] Building C object CMakeFiles/app.dir/mnt/host/source/src/platform/ec/build/zephyr/markarth/modules/ec/common/ap_reset_log.c.obj
[rauru:ro] [12/380] Building C object CMakeFiles/app.dir/mnt/host/source/src/platform/ec/zephyr/subsys/ap_pwrseq/ap_events.c.obj
[markarth:rw] [280/417] Building C object CMakeFiles/app.dir/mnt/host/source/src/platform/ec/build/zephyr/markarth/modules/ec/common/extpower_common.c.obj
[markarth:rw] [281/417] Building C object CMakeFiles/app.dir/mnt/host/source/src/platform/ec/build/zephyr/markarth/modules/ec/common/espi.c.obj
[markarth:rw] [282/417] Building C object CMakeFiles/app.dir/mnt/host/source/src/platform/ec/build/zephyr/markarth/modules/ec/common/extpower_gpio.c.obj
[yavilla:ro] -- Found Dtc: /usr/bin/dtc (found suitable version "1.6.0", minimum required is "1.4.6")
[yavilla:ro] -- Found BOARD.dts: /mnt/host/source/src/platform/ec/zephyr/boards/google/it8xxx2/it8xxx2_it81302bx.dts
[yavilla:ro] -- Found devicetree overlay: /mnt/host/source/src/platform/ec/zephyr/program/nissa/yavilla/project.overlay
[markarth:rw] [283/417] Building C object CMakeFiles/app.dir/mnt/host/source/src/platform/ec/build/zephyr/markarth/modules/ec/common/host_command.c.obj
[/mnt/host/source/src/platform/ec/build/zephyr/sundance-lcov]   /mnt/host/source/src/platform/ec/build/zephyr/sundance/build-rw/zephyr/arch/arch/arm/core/mpu/CMakeFiles/arch__arm__core__mpu.dir/arm_mpu_regions.c.gcno:no functions found
[/mnt/host/source/src/platform/ec/build/zephyr/sundance-lcov] stderr:
[markarth:rw] [284/417] Building C object CMakeFiles/app.dir/mnt/host/source/src/platform/ec/build/zephyr/markarth/modules/ec/common/fan.c.obj
[rauru:rw] [13/380] Building C object CMakeFiles/app.dir/mnt/host/source/src/platform/ec/build/zephyr/rauru/modules/ec/builtin/stdlib.c.obj
[markarth:rw] [285/417] Building C object CMakeFiles/app.dir/mnt/host/source/src/platform/ec/build/zephyr/markarth/modules/ec/common/host_command_task.c.obj
[markarth:rw] [286/417] Building C object CMakeFiles/app.dir/mnt/host/source/src/platform/ec/build/zephyr/markarth/modules/ec/common/uart_hostcmd.c.obj
[markarth:rw] [287/417] Building C object CMakeFiles/app.dir/mnt/host/source/src/platform/ec/build/zephyr/markarth/modules/ec/common/flash.c.obj
[markarth:rw] [288/417] Building C object CMakeFiles/app.dir/mnt/host/source/src/platform/ec/build/zephyr/markarth/modules/ec/common/host_event_commands.c.obj
[rauru:ro] [13/380] Building C object CMakeFiles/app.dir/mnt/host/source/src/platform/ec/build/zephyr/rauru/modules/ec/builtin/stdlib.c.obj
[markarth:rw] [289/417] Building C object CMakeFiles/app.dir/mnt/host/source/src/platform/ec/build/zephyr/markarth/modules/ec/common/uptime.c.obj
[markarth:rw] [290/417] Building C object CMakeFiles/app.dir/mnt/host/source/src/platform/ec/build/zephyr/markarth/modules/ec/common/i2c_controller.c.obj
[rauru:rw] [14/380] Building C object CMakeFiles/app.dir/mnt/host/source/src/platform/ec/build/zephyr/rauru/modules/ec/common/base32.c.obj
[markarth:rw] [291/417] Building C object CMakeFiles/app.dir/mnt/host/source/src/platform/ec/build/zephyr/markarth/modules/ec/common/i2c_passthru.c.obj
[rauru:ro] [14/380] Building C object CMakeFiles/app.dir/mnt/host/source/src/platform/ec/build/zephyr/rauru/modules/ec/common/base32.c.obj
[markarth:rw] [292/417] Building C object CMakeFiles/app.dir/mnt/host/source/src/platform/ec/build/zephyr/markarth/modules/ec/common/keyboard_8042_sharedlib.c.obj
[markarth:rw] [293/417] Building C object CMakeFiles/app.dir/mnt/host/source/src/platform/ec/build/zephyr/markarth/modules/ec/common/keyboard_8042.c.obj
[/mnt/host/source/src/platform/ec/build/zephyr/sundance-lcov]   /mnt/host/source/src/platform/ec/build/zephyr/sundance/build-rw/zephyr/arch/common/CMakeFiles/isr_tables.dir/isr_tables.c.gcno:no functions found
[/mnt/host/source/src/platform/ec/build/zephyr/sundance-lcov] stderr:
[markarth:rw] [294/417] Building C object CMakeFiles/app.dir/mnt/host/source/src/platform/ec/build/zephyr/markarth/modules/ec/common/mkbp_info.c.obj
[markarth:rw] [295/417] Building C object CMakeFiles/app.dir/mnt/host/source/src/platform/ec/build/zephyr/markarth/modules/ec/common/mkbp_fifo.c.obj
[markarth:rw] [296/417] Building C object CMakeFiles/app.dir/mnt/host/source/src/platform/ec/build/zephyr/markarth/modules/ec/common/keyboard_scan.c.obj
[markarth:rw] [297/417] Building C object CMakeFiles/app.dir/mnt/host/source/src/platform/ec/build/zephyr/markarth/modules/ec/common/mkbp_input_devices.c.obj
[markarth:rw] [298/417] Building C object CMakeFiles/app.dir/mnt/host/source/src/platform/ec/build/zephyr/markarth/modules/ec/common/keyboard_backlight.c.obj
[markarth:rw] [299/417] Building C object CMakeFiles/app.dir/mnt/host/source/src/platform/ec/build/zephyr/markarth/modules/ec/common/led_common.c.obj
[rauru:rw] [15/380] Building C object CMakeFiles/app.dir/mnt/host/source/src/platform/ec/build/zephyr/rauru/modules/ec/common/console_output.c.obj
[rauru:ro] [15/380] Building C object CMakeFiles/app.dir/mnt/host/source/src/platform/ec/build/zephyr/rauru/modules/ec/common/console_output.c.obj
[markarth:rw] [300/417] Building C object CMakeFiles/app.dir/mnt/host/source/src/platform/ec/build/zephyr/markarth/modules/ec/common/motion_lid.c.obj
[markarth:rw] [301/417] Building C object CMakeFiles/app.dir/mnt/host/source/src/platform/ec/build/zephyr/markarth/modules/ec/common/lid_angle_keyboard_policy.c.obj
[markarth:rw] [302/417] Building C object CMakeFiles/app.dir/mnt/host/source/src/platform/ec/build/zephyr/markarth/modules/ec/common/lid_angle.c.obj
[yavilla:ro] -- Generated zephyr.dts: /mnt/host/source/src/platform/ec/build/zephyr/yavilla/build-ro/zephyr/zephyr.dts
[yavilla:ro] -- Generated pickled edt: /mnt/host/source/src/platform/ec/build/zephyr/yavilla/build-ro/zephyr/edt.pickle
[markarth:rw] [303/417] Building C object CMakeFiles/app.dir/mnt/host/source/src/platform/ec/build/zephyr/markarth/modules/ec/common/lid_switch.c.obj
[markarth:rw] [304/417] Building C object CMakeFiles/app.dir/mnt/host/source/src/platform/ec/build/zephyr/markarth/modules/ec/common/port80.c.obj
[markarth:rw] [305/417] Building C object CMakeFiles/app.dir/mnt/host/source/src/platform/ec/build/zephyr/markarth/modules/ec/common/motion_sense.c.obj
[markarth:rw] [306/417] Building C object CMakeFiles/app.dir/mnt/host/source/src/platform/ec/build/zephyr/markarth/modules/ec/common/mkbp_event.c.obj
[markarth:rw] [307/417] Building C object CMakeFiles/app.dir/mnt/host/source/src/platform/ec/build/zephyr/markarth/modules/ec/common/power_button.c.obj
[rauru:rw] [16/380] Building C object CMakeFiles/app.dir/mnt/host/source/src/platform/ec/build/zephyr/rauru/modules/ec/common/ec_features.c.obj
[markarth:rw] [308/417] Building C object CMakeFiles/app.dir/mnt/host/source/src/platform/ec/build/zephyr/markarth/modules/ec/power/common.c.obj
[yavilla:ro] -- Generated devicetree_generated.h: /mnt/host/source/src/platform/ec/build/zephyr/yavilla/build-ro/zephyr/include/generated/zephyr/devicetree_generated.h
[rauru:ro] [16/380] Building C object CMakeFiles/app.dir/mnt/host/source/src/platform/ec/build/zephyr/rauru/modules/ec/common/ec_features.c.obj
[/mnt/host/source/src/platform/ec/build/zephyr/fatcat-ish-idle-lcov] stderr:
[markarth:rw] [309/417] Building C object CMakeFiles/app.dir/mnt/host/source/src/platform/ec/build/zephyr/markarth/modules/ec/power/amd_x86.c.obj
[markarth:rw] [310/417] Building C object CMakeFiles/app.dir/mnt/host/source/src/platform/ec/build/zephyr/markarth/modules/ec/common/panic_output.c.obj
[/mnt/host/source/src/platform/ec/build/zephyr/fatcat-ish-idle-lcov]   /mnt/host/source/src/platform/ec/build/zephyr/fatcat-ish-idle/build-singleimage/CMakeFiles/app.dir/mnt/host/source/src/platform/ec/build/zephyr/fatcat-ish-idle/modules/ec/common/cbi_config.c.gcno:no functions found
[/mnt/host/source/src/platform/ec/build/zephyr/fatcat-ish-idle-lcov] stderr:
[markarth:rw] [311/417] Building C object CMakeFiles/app.dir/mnt/host/source/src/platform/ec/build/zephyr/markarth/modules/ec/power/host_sleep.c.obj
[markarth:rw] [312/417] Building C object CMakeFiles/app.dir/mnt/host/source/src/platform/ec/build/zephyr/markarth/modules/ec/common/sha256.c.obj
[markarth:rw] [313/417] Building C object CMakeFiles/app.dir/mnt/host/source/src/platform/ec/build/zephyr/markarth/modules/ec/common/preserved_ring_buf.c.obj
[markarth:rw] [314/417] Building C object CMakeFiles/app.dir/mnt/host/source/src/platform/ec/build/zephyr/markarth/modules/ec/common/panic_log.c.obj
[markarth:rw] [315/417] Building C object CMakeFiles/app.dir/mnt/host/source/src/platform/ec/build/zephyr/markarth/modules/ec/common/shared_mem.c.obj
[markarth:rw] [316/417] Building C object CMakeFiles/app.dir/mnt/host/source/src/platform/ec/build/zephyr/markarth/modules/ec/common/switch.c.obj
[markarth:rw] [317/417] Building C object CMakeFiles/app.dir/mnt/host/source/src/platform/ec/build/zephyr/markarth/modules/ec/common/spi_flash_reg.c.obj
[rauru:rw] [17/380] Building C object CMakeFiles/app.dir/mnt/host/source/src/platform/ec/build/zephyr/rauru/modules/ec/common/gpio_commands.c.obj
[rauru:ro] [17/380] Building C object CMakeFiles/app.dir/mnt/host/source/src/platform/ec/build/zephyr/rauru/modules/ec/common/gpio_commands.c.obj
[/mnt/host/source/src/platform/ec/build/zephyr/minimal-npcx9-lcov]   /mnt/host/source/src/platform/ec/build/zephyr/minimal-npcx9/build-ro/zephyr/CMakeFiles/zephyr.dir/soc/nuvoton/npcx/common/npcxn/registers.c.gcno:no functions found
[/mnt/host/source/src/platform/ec/build/zephyr/minimal-npcx9-lcov] stderr:
[markarth:rw] [318/417] Building C object CMakeFiles/app.dir/mnt/host/source/src/platform/ec/build/zephyr/markarth/modules/ec/common/tablet_mode.c.obj
[yavilla:ro] /mnt/host/source/src/platform/ec/build/zephyr/yavilla/build-ro/zephyr/zephyr.dts:1228.27-1958.5: Warning (avoid_unnecessary_addr_size): /soc/pin-controller: unnecessary #address-cells/#size-cells without "ranges" or child "reg" property
[markarth:rw] [319/417] Building C object CMakeFiles/app.dir/mnt/host/source/src/platform/ec/build/zephyr/markarth/modules/ec/common/temp_sensor.c.obj
[markarth:rw] [320/417] Building C object CMakeFiles/app.dir/mnt/host/source/src/platform/ec/build/zephyr/markarth/modules/ec/common/thermal.c.obj
[markarth:rw] [321/417] Building C object CMakeFiles/app.dir/mnt/host/source/src/platform/ec/build/zephyr/markarth/modules/ec/driver/temp_sensor/thermistor.c.obj
[markarth:rw] [322/417] Building C object CMakeFiles/app.dir/mnt/host/source/src/platform/ec/build/zephyr/markarth/modules/ec/driver/temp_sensor/sb_tsi.c.obj
[/mnt/host/source/src/platform/ec/build/zephyr/minimal-npcx9-lcov]   /mnt/host/source/src/platform/ec/build/zephyr/minimal-npcx9/build-rw/CMakeFiles/app.dir/mnt/host/source/src/platform/ec/build/zephyr/minimal-npcx9/modules/ec/common/cbi_config.c.gcno:no functions found
[/mnt/host/source/src/platform/ec/build/zephyr/minimal-npcx9-lcov] stderr:
[markarth:rw] [323/417] Building C object CMakeFiles/app.dir/mnt/host/source/src/platform/ec/build/zephyr/markarth/modules/ec/common/throttle_ap.c.obj
[markarth:rw] [324/417] Building C object CMakeFiles/app.dir/mnt/host/source/src/platform/ec/build/zephyr/markarth/modules/ec/driver/temp_sensor/f75303.c.obj
[rauru:rw] [18/380] Building C object CMakeFiles/app.dir/mnt/host/source/src/platform/ec/build/zephyr/rauru/modules/ec/common/peripheral.c.obj
[markarth:rw] [325/417] Building C object CMakeFiles/app.dir/mnt/host/source/src/platform/ec/build/zephyr/markarth/modules/ec/common/timer.c.obj
[markarth:rw] [326/417] Building C object CMakeFiles/app.dir/mnt/host/source/src/platform/ec/build/zephyr/markarth/modules/ec/common/usb_port_power_dumb.c.obj
[rauru:ro] [18/380] Building C object CMakeFiles/app.dir/mnt/host/source/src/platform/ec/build/zephyr/rauru/modules/ec/common/peripheral.c.obj
[markarth:rw] [327/417] Building C object CMakeFiles/app.dir/mnt/host/source/src/platform/ec/build/zephyr/markarth/modules/ec/common/typec_control.c.obj
[/mnt/host/source/src/platform/ec/build/zephyr/fatcat-ish-idle-lcov]   /mnt/host/source/src/platform/ec/build/zephyr/fatcat-ish-idle/build-singleimage/zephyr/arch/arch/x86/core/CMakeFiles/arch__x86__core.dir/spec_ctrl.c.gcno:no functions found
[/mnt/host/source/src/platform/ec/build/zephyr/fatcat-ish-idle-lcov] stderr:
[/mnt/host/source/src/platform/ec/build/zephyr/chinchou-lcov]   /mnt/host/source/src/platform/ec/build/zephyr/chinchou/build-rw/zephyr/CMakeFiles/zephyr.dir/soc/ite/ec/it8xxx2/check_regs.c.gcno:no functions found
[/mnt/host/source/src/platform/ec/build/zephyr/chinchou-lcov] Filter suppressions 'region':
[markarth:rw] [328/417] Building C object CMakeFiles/app.dir/mnt/host/source/src/platform/ec/build/zephyr/markarth/modules/ec/common/usb_pd_pdo.c.obj
[/mnt/host/source/src/platform/ec/build/zephyr/sundance-lcov]   /mnt/host/source/src/platform/ec/build/zephyr/sundance/build-rw/zephyr/CMakeFiles/zephyr.dir/subsys/shell/modules/kernel_service/kernel_shell.c.gcno:no functions found
[/mnt/host/source/src/platform/ec/build/zephyr/sundance-lcov] stderr:
[/mnt/host/source/src/platform/ec/build/zephyr/chinchou-lcov]     36 instances
[/mnt/host/source/src/platform/ec/build/zephyr/chinchou-lcov]     22 coverpoints
[/mnt/host/source/src/platform/ec/build/zephyr/chinchou-lcov] Message summary:
[/mnt/host/source/src/platform/ec/build/zephyr/chinchou-lcov]   35 ignore messages:
[markarth:rw] [329/417] Building C object CMakeFiles/app.dir/mnt/host/source/src/platform/ec/build/zephyr/markarth/modules/ec/common/usbc/usb_pd_timer.c.obj
[/mnt/host/source/src/platform/ec/build/zephyr/chinchou-lcov]     gcov: 35
[markarth:rw] [330/417] Building C object CMakeFiles/app.dir/mnt/host/source/src/platform/ec/build/zephyr/markarth/modules/ec/common/usb_common.c.obj
[markarth:rw] [331/417] Building C object CMakeFiles/app.dir/mnt/host/source/src/platform/ec/build/zephyr/markarth/modules/ec/common/usbc_intr_task.c.obj
[markarth:rw] [332/417] Building C object CMakeFiles/app.dir/mnt/host/source/src/platform/ec/build/zephyr/markarth/modules/ec/common/usbc/usbc_task.c.obj
[markarth:rw] [333/417] Building C object CMakeFiles/app.dir/mnt/host/source/src/platform/ec/build/zephyr/markarth/modules/ec/common/usbc_utils.c.obj
[markarth:rw] [334/417] Building C object CMakeFiles/app.dir/mnt/host/source/src/platform/ec/build/zephyr/markarth/modules/ec/common/usbc/usb_sm.c.obj
[rauru:ro] [19/380] Building C object CMakeFiles/app.dir/mnt/host/source/src/platform/ec/build/zephyr/rauru/modules/ec/common/printf.c.obj
[markarth:rw] [335/417] Building C object CMakeFiles/app.dir/mnt/host/source/src/platform/ec/build/zephyr/markarth/modules/ec/common/usb_pd_flags.c.obj
[rauru:rw] [19/380] Building C object CMakeFiles/app.dir/mnt/host/source/src/platform/ec/build/zephyr/rauru/modules/ec/common/printf.c.obj
[/mnt/host/source/src/platform/ec/build/zephyr/sundance-lcov]   /mnt/host/source/src/platform/ec/build/zephyr/sundance/build-rw/zephyr/CMakeFiles/zephyr.dir/lib/libc/validate_libc.c.gcno:no functions found
[/mnt/host/source/src/platform/ec/build/zephyr/sundance-lcov] stderr:
[/mnt/host/source/src/platform/ec/build/zephyr/minimal-npcx9-lcov]   /mnt/host/source/src/platform/ec/build/zephyr/minimal-npcx9/build-rw/zephyr/arch/arch/arm/core/mpu/CMakeFiles/arch__arm__core__mpu.dir/arm_mpu_regions.c.gcno:no functions found
[/mnt/host/source/src/platform/ec/build/zephyr/minimal-npcx9-lcov] stderr:
[rauru:rw] [20/380] Building C object CMakeFiles/app.dir/mnt/host/source/src/platform/ec/build/zephyr/rauru/modules/ec/common/queue.c.obj
[markarth:rw] [336/417] Building C object CMakeFiles/app.dir/mnt/host/source/src/platform/ec/build/zephyr/markarth/modules/ec/common/chargen.c.obj
[markarth:rw] [337/417] Building C object CMakeFiles/app.dir/mnt/host/source/src/platform/ec/build/zephyr/markarth/modules/ec/common/usbc/usb_pd_console.c.obj
[markarth:rw] [338/417] Building C object CMakeFiles/app.dir/mnt/host/source/src/platform/ec/build/zephyr/markarth/modules/ec/driver/retimer/ps8811.c.obj
[markarth:rw] [339/417] Building C object CMakeFiles/app.dir/mnt/host/source/src/platform/ec/build/zephyr/markarth/modules/ec/driver/retimer/ps8818.c.obj
[markarth:rw] [340/417] Building C object CMakeFiles/app.dir/mnt/host/source/src/platform/ec/build/zephyr/markarth/modules/ec/common/event_log.c.obj
[markarth:rw] [341/417] Building C object CMakeFiles/app.dir/mnt/host/source/src/platform/ec/build/zephyr/markarth/modules/ec/driver/usb_mux/anx7451.c.obj
[rauru:ro] [20/380] Building C object CMakeFiles/app.dir/mnt/host/source/src/platform/ec/build/zephyr/rauru/modules/ec/common/queue.c.obj
[markarth:rw] [342/417] Building C object CMakeFiles/app.dir/mnt/host/source/src/platform/ec/build/zephyr/markarth/modules/ec/driver/usb_mux/amd_fp6.c.obj
[markarth:rw] [343/417] Building C object CMakeFiles/app.dir/mnt/host/source/src/platform/ec/build/zephyr/markarth/modules/ec/driver/usb_mux/usb_mux.c.obj
[markarth:rw] [344/417] Building C object CMakeFiles/app.dir/mnt/host/source/src/platform/ec/build/zephyr/markarth/modules/ec/common/pd_log.c.obj
[rauru:rw] [21/380] Building C object CMakeFiles/app.dir/mnt/host/source/src/platform/ec/build/zephyr/rauru/modules/ec/common/system.c.obj
[/mnt/host/source/src/platform/ec/build/zephyr/minimal-npcx9-lcov]   /mnt/host/source/src/platform/ec/build/zephyr/minimal-npcx9/build-rw/zephyr/arch/common/CMakeFiles/isr_tables.dir/isr_tables.c.gcno:no functions found
[/mnt/host/source/src/platform/ec/build/zephyr/minimal-npcx9-lcov] stderr:
[/mnt/host/source/src/platform/ec/build/zephyr/sundance-lcov]   /mnt/host/source/src/platform/ec/build/zephyr/sundance/build-rw/zephyr/CMakeFiles/zephyr.dir/lib/utils/last_section_id.c.gcno:no functions found
[/mnt/host/source/src/platform/ec/build/zephyr/sundance-lcov] stderr:
[rauru:rw] [22/380] Building C object CMakeFiles/app.dir/mnt/host/source/src/platform/ec/build/zephyr/rauru/modules/ec/common/system_boot_time.c.obj
[yavilla:ro] /mnt/host/source/src/platform/ec/build/zephyr/yavilla/build-ro/zephyr/zephyr.dts:2869.9-2877.5: Warning (gpios_property): /fans/fan_0: Missing property '#gpio-cells' in node /named-gpios/fan-enable or bad phandle (referred from enable-gpio[0])
[yavilla:ro] warning: THREAD_MAX_NAME_LEN (defined at
[yavilla:ro] /mnt/host/source/src/platform/ec/zephyr/Kconfig.defaults:19, kernel/Kconfig:504) was assigned the
[yavilla:ro] value '12' but got the value '16'. See
[yavilla:ro] http://docs.zephyrproject.org/latest/kconfig.html#CONFIG_THREAD_MAX_NAME_LEN and/or look up
[yavilla:ro] THREAD_MAX_NAME_LEN in the menuconfig/guiconfig interface. The Application Development Primer,
[yavilla:ro] Setting Configuration Values, and Kconfig - Tips and Best Practices sections of the manual might be
[yavilla:ro] helpful too.
[yavilla:ro] warning: PLATFORM_EC_CONSOLE_CMD_ACCEL_INFO (defined at
[yavilla:ro] /mnt/host/source/src/platform/ec/zephyr/Kconfig.motionsense:159) was assigned the value 'y' but got
[yavilla:ro] the value 'n'. Check these unsatisfied dependencies: PLATFORM_EC_CONSOLE_CMD_ACCELS (=n). See
[yavilla:ro] http://docs.zephyrproject.org/latest/kconfig.html#CONFIG_PLATFORM_EC_CONSOLE_CMD_ACCEL_INFO and/or
[yavilla:ro] look up PLATFORM_EC_CONSOLE_CMD_ACCEL_INFO in the menuconfig/guiconfig interface. The Application
[yavilla:ro] Development Primer, Setting Configuration Values, and Kconfig - Tips and Best Practices sections of
[yavilla:ro] the manual might be helpful too.
[yavilla:ro] warning: TASK_HOSTCMD_STACK_SIZE (defined at
[yavilla:ro] /mnt/host/source/src/platform/ec/zephyr/Kconfig.stacks:52,
[yavilla:ro] /mnt/host/source/src/platform/ec/zephyr/Kconfig.tasks:123) was assigned the value '1280' but got the
[yavilla:ro] value '1152'. See http://docs.zephyrproject.org/latest/kconfig.html#CONFIG_TASK_HOSTCMD_STACK_SIZE
[yavilla:ro] and/or look up TASK_HOSTCMD_STACK_SIZE in the menuconfig/guiconfig interface. The Application
[yavilla:ro] Development Primer, Setting Configuration Values, and Kconfig - Tips and Best Practices sections of
[yavilla:ro] the manual might be helpful too.
[yavilla:ro] warning: Deprecated symbol I2C_ALLOW_NO_STOP_TRANSACTIONS is enabled.
[markarth:rw] [345/417] Building C object CMakeFiles/app.dir/mnt/host/source/src/platform/ec/build/zephyr/markarth/modules/ec/common/usbc/usb_tc_drp_acc_trysrc_sm.c.obj
[markarth:rw] [346/417] Building C object CMakeFiles/app.dir/mnt/host/source/src/platform/ec/build/zephyr/markarth/modules/ec/common/usbc/usb_prl_sm.c.obj
[markarth:rw] [347/417] Building C object CMakeFiles/app.dir/mnt/host/source/src/platform/ec/build/zephyr/markarth/modules/ec/common/usbc/usbc_pd_policy.c.obj
[markarth:rw] [348/417] Building C object CMakeFiles/app.dir/mnt/host/source/src/platform/ec/build/zephyr/markarth/modules/ec/common/usbc/dp_alt_mode.c.obj
[markarth:rw] [349/417] Building C object CMakeFiles/app.dir/mnt/host/source/src/platform/ec/build/zephyr/markarth/modules/ec/common/usbc/usb_pd_dpm.c.obj
[markarth:rw] [350/417] Building C object CMakeFiles/app.dir/mnt/host/source/src/platform/ec/build/zephyr/markarth/modules/ec/common/usb_pd_console_cmd.c.obj
[yavilla:ro] Parsing /mnt/host/source/src/platform/ec/zephyr/program/nissa/Kconfig
[markarth:rw] [351/417] Building C object CMakeFiles/app.dir/mnt/host/source/src/platform/ec/build/zephyr/markarth/modules/ec/common/usb_pd_host_cmd.c.obj
[markarth:rw] [352/417] Building C object CMakeFiles/app.dir/mnt/host/source/src/platform/ec/build/zephyr/markarth/modules/ec/common/usbc/usb_pd_host.c.obj
[rauru:rw] [23/380] Building C object CMakeFiles/app.dir/mnt/host/source/src/platform/ec/build/zephyr/rauru/modules/ec/common/uart_printf.c.obj
[markarth:rw] [353/417] Building C object CMakeFiles/app.dir/mnt/host/source/src/platform/ec/build/zephyr/markarth/modules/ec/common/usbc/usb_pe_drp_sm.c.obj
[rauru:rw] [24/380] Building C object CMakeFiles/app.dir/mnt/host/source/src/platform/ec/build/zephyr/rauru/modules/ec/common/util.c.obj
[rauru:ro] [21/380] Building C object CMakeFiles/app.dir/mnt/host/source/src/platform/ec/build/zephyr/rauru/modules/ec/common/system.c.obj
[markarth:rw] [354/417] Building C object CMakeFiles/app.dir/mnt/host/source/src/platform/ec/build/zephyr/markarth/modules/ec/common/usbc/svdm_rsp_dfp_only.c.obj
[markarth:rw] [355/417] Building C object CMakeFiles/app.dir/mnt/host/source/src/platform/ec/build/zephyr/markarth/modules/ec/common/usb_pd_host_cmd_common.c.obj
[markarth:rw] [356/417] Building C object CMakeFiles/app.dir/mnt/host/source/src/platform/ec/build/zephyr/markarth/modules/ec/zephyr/shim/src/tcpc.c.obj
[rauru:rw] [25/380] Building C object CMakeFiles/app.dir/mnt/host/source/src/platform/ec/build/zephyr/rauru/modules/ec/common/version.c.obj
[markarth:rw] [357/417] Building C object CMakeFiles/app.dir/mnt/host/source/src/platform/ec/build/zephyr/markarth/modules/ec/common/usbc_ocp.c.obj
[markarth:rw] [358/417] Building C object CMakeFiles/app.dir/mnt/host/source/src/platform/ec/build/zephyr/markarth/modules/ec/common/usbc/dp_hpd_gpio.c.obj
[markarth:rw] [359/417] Building C object CMakeFiles/app.dir/mnt/host/source/src/platform/ec/build/zephyr/markarth/modules/ec/common/usb_pd_discovery.c.obj
[markarth:rw] [360/417] Building C object CMakeFiles/app.dir/mnt/host/source/src/platform/ec/build/zephyr/markarth/modules/ec/common/usb_pd_dual_role.c.obj
[yavilla:ro] Loaded configuration '/mnt/host/source/src/platform/ec/zephyr/boards/google/it8xxx2/it8xxx2_it81302bx_defconfig'
[yavilla:ro] Merged configuration '/mnt/host/source/src/platform/ec/zephyr/program/nissa/program.conf'
[yavilla:ro] Merged configuration '/mnt/host/source/src/platform/ec/zephyr/program/nissa/it8xxx2_program.conf'
[yavilla:ro] Merged configuration '/mnt/host/source/src/platform/ec/zephyr/program/nissa/yavilla/project.conf'
[yavilla:ro] Merged configuration '/mnt/host/source/src/platform/ec/build/zephyr/yavilla/kconfig-ro.conf'
[yavilla:ro] Configuration saved to '/mnt/host/source/src/platform/ec/build/zephyr/yavilla/build-ro/zephyr/.config'
[yavilla:ro] Kconfig header saved to '/mnt/host/source/src/platform/ec/build/zephyr/yavilla/build-ro/zephyr/include/generated/zephyr/autoconf.h'
[yavilla:ro] -- Found GnuLd: /home/jpmurphy/.cache/coreboot-sdk/riscv64-elf/96b949749225b6aaa92ed810ab769e8dfb12f000/riscv64-elf/bin/ld.bfd (found version "2.43.1")
[markarth:rw] [361/417] Building C object CMakeFiles/app.dir/mnt/host/source/src/platform/ec/build/zephyr/markarth/modules/ec/driver/tcpm/nct38xx.c.obj
[markarth:rw] [362/417] Building C object CMakeFiles/app.dir/mnt/host/source/src/platform/ec/build/zephyr/markarth/modules/ec/driver/tcpm/tcpci.c.obj
[rauru:rw] [26/380] Building C object CMakeFiles/app.dir/mnt/host/source/src/platform/ec/build/zephyr/rauru/modules/ec/driver/accel_lis2dw12.c.obj
[rauru:ro] [22/380] Building C object CMakeFiles/app.dir/mnt/host/source/src/platform/ec/build/zephyr/rauru/modules/ec/common/system_boot_time.c.obj
[yavilla:ro] -- The C compiler identification is GNU 14.2.0
[yavilla:ro] -- The CXX compiler identification is GNU 14.2.0
[yavilla:ro] -- The ASM compiler identification is GNU
[yavilla:ro] -- Found assembler: /home/jpmurphy/.cache/coreboot-sdk/riscv64-elf/96b949749225b6aaa92ed810ab769e8dfb12f000/bin/riscv64-elf-gcc
[yavilla:ro] CMake Warning at /mnt/host/source/src/platform/ec/zephyr/cmake/linker/ld/linker_libraries.cmake:11 (message):
[yavilla:ro]   Disabling c_library
[yavilla:ro] Call Stack (most recent call first):
[yavilla:ro]   /mnt/host/source/src/third_party/zephyr/main/cmake/target_toolchain_flags.cmake:48 (include)
[yavilla:ro]   /mnt/host/source/src/third_party/zephyr/main/cmake/modules/kernel.cmake:153 (include)
[yavilla:ro]   /mnt/host/source/src/third_party/zephyr/main/cmake/modules/zephyr_default.cmake:138 (include)
[yavilla:ro]   /mnt/host/source/src/third_party/zephyr/main/share/zephyr-package/cmake/ZephyrConfig.cmake:66 (include)
[yavilla:ro]   /mnt/host/source/src/third_party/zephyr/main/share/zephyr-package/cmake/ZephyrConfig.cmake:97 (include_boilerplate)
[yavilla:ro]   CMakeLists.txt:7 (find_package)
[markarth:rw] [363/417] Building C object CMakeFiles/app.dir/mnt/host/source/src/platform/ec/build/zephyr/markarth/modules/ec/driver/ppc/aoz1380.c.obj
[markarth:rw] [364/417] Building C object CMakeFiles/app.dir/mnt/host/source/src/platform/ec/build/zephyr/markarth/modules/ec/common/usbc_ppc.c.obj
[markarth:rw] [365/417] Building C object CMakeFiles/app.dir/mnt/host/source/src/platform/ec/build/zephyr/markarth/modules/ec/common/vboot_hash.c.obj
[markarth:rw] [366/417] Building C object CMakeFiles/app.dir/mnt/host/source/src/platform/ec/build/zephyr/markarth/modules/ec/common/button.c.obj
[markarth:rw] [367/417] Building C object CMakeFiles/app.dir/mnt/host/source/src/platform/ec/build/zephyr/markarth/modules/ec/common/vstore.c.obj
[markarth:rw] [368/417] Building C object CMakeFiles/app.dir/mnt/host/source/src/platform/ec/build/zephyr/markarth/modules/ec/driver/ppc/nx20p348x.c.obj
[markarth:rw] [369/417] Building C object CMakeFiles/app.dir/mnt/host/source/src/platform/ec/build/zephyr/markarth/modules/ec/common/vboot/efs2.c.obj
[rauru:rw] [27/380] Building C object CMakeFiles/app.dir/mnt/host/source/src/platform/ec/build/zephyr/rauru/modules/ec/driver/accelgyro_bmi_common.c.obj
[/mnt/host/source/src/platform/ec/build/zephyr/fatcat-ish-idle-lcov]   /mnt/host/source/src/platform/ec/build/zephyr/fatcat-ish-idle/build-singleimage/zephyr/CMakeFiles/zephyr.dir/subsys/shell/modules/kernel_service/kernel_shell.c.gcno:no functions found
[/mnt/host/source/src/platform/ec/build/zephyr/fatcat-ish-idle-lcov] stderr:
[markarth:rw] [370/417] Building C object CMakeFiles/app.dir/mnt/host/source/src/platform/ec/build/zephyr/markarth/modules/ec/common/math_util.c.obj
[markarth:rw] [371/417] Building C object CMakeFiles/app.dir/src/common.c.obj
[rauru:ro] [23/380] Building C object CMakeFiles/app.dir/mnt/host/source/src/platform/ec/build/zephyr/rauru/modules/ec/common/uart_printf.c.obj
[yavilla:ro] -- Performing EC specific devicetree checks
[rauru:rw] [28/380] Building C object CMakeFiles/app.dir/mnt/host/source/src/platform/ec/build/zephyr/rauru/modules/ec/driver/accelgyro_bmi3xx.c.obj
[yavilla:ro] INFO: Verified 58 GPIOs, no duplicates found
[yavilla:ro] INFO: Verified 15 '*-gpios' properties, all flags match.
[markarth:rw] [372/417] Building C object CMakeFiles/app.dir/src/i2c_policy.c.obj
[yavilla:ro] -- Generating component manifest file
[markarth:rw] [373/417] Building C object CMakeFiles/app.dir/src/power_signals.c.obj
[markarth:rw] [374/417] Building C object CMakeFiles/app.dir/src/usb_pd_policy.c.obj
[markarth:rw] [375/417] Building C object CMakeFiles/app.dir/src/usb_mux_config.c.obj
[yavilla:ro] INFO: Skipped 14 named-gpios children.
[yavilla:ro] INFO: Running CME, outputting to /mnt/host/source/src/platform/ec/build/zephyr/yavilla/build-ro/zephyr/component_manifest.json
[yavilla:ro] INFO: Component usbpd@f03700(ite,it8xxx2-usbpd) not on I2C bus, skip it
[yavilla:ro] INFO: Component virtual-mux-0(cros-ec,usbc-mux-virtual) not on I2C bus, skip it
[yavilla:ro] INFO: Component virtual-mux-1(cros-ec,usbc-mux-virtual) not on I2C bus, skip it
[yavilla:ro] INFO: Component tcpci-mux-1(parade,usbc-mux-ps8xxx) not on I2C bus, skip it
[yavilla:ro] INFO: Component virtual-mux-1(cros-ec,usbc-mux-virtual) not on I2C bus, skip it
[markarth:rw] [376/417] Building C object CMakeFiles/app.dir/src/stt.c.obj
[markarth:rw] [377/417] Building C object CMakeFiles/app.dir/markarth/src/ppc_config.c.obj
[yavilla:ro] -- warning_base_override: -Wall;-Wformat;-Wformat-security;-Wformat;-Wno-format-zero-length;-Wno-pointer-sign;-Wpointer-arith;-Wexpansion-to-defined
[markarth:rw] [378/417] Building C object CMakeFiles/app.dir/src/usbc_config.c.obj
[rauru:ro] [24/380] Building C object CMakeFiles/app.dir/mnt/host/source/src/platform/ec/build/zephyr/rauru/modules/ec/common/util.c.obj
[markarth:rw] [379/417] Building C object CMakeFiles/app.dir/markarth/src/usb_mux_config.c.obj
[rauru:rw] [29/380] Building C object CMakeFiles/app.dir/mnt/host/source/src/platform/ec/build/zephyr/rauru/modules/ec/common/motion_sense_fifo.c.obj
[markarth:rw] [380/417] Linking C static library modules/ec/zephyr/libec_shim.a
[markarth:rw] [381/417] Building C object CMakeFiles/app.dir/markarth/src/form_factor.c.obj
[rauru:rw] [30/380] Building C object CMakeFiles/app.dir/mnt/host/source/src/platform/ec/build/zephyr/rauru/modules/ec/common/adc.c.obj
[/mnt/host/source/src/platform/ec/build/zephyr/minimal-npcx9-lcov]   /mnt/host/source/src/platform/ec/build/zephyr/minimal-npcx9/build-rw/zephyr/CMakeFiles/zephyr.dir/subsys/shell/modules/kernel_service/kernel_shell.c.gcno:no functions found
[/mnt/host/source/src/platform/ec/build/zephyr/minimal-npcx9-lcov] stderr:
[yavilla:ro] -- Found gen_kobject_list: /mnt/host/source/src/third_party/zephyr/main/scripts/build/gen_kobject_list.py
[yavilla:ro] -- [no-LTO] Building kernel files without LTO
[/mnt/host/source/src/platform/ec/build/zephyr/minimal-npcx9-lcov]   /mnt/host/source/src/platform/ec/build/zephyr/minimal-npcx9/build-rw/zephyr/CMakeFiles/zephyr.dir/lib/libc/validate_libc.c.gcno:no functions found
[/mnt/host/source/src/platform/ec/build/zephyr/minimal-npcx9-lcov] stderr:
[markarth:rw] [382/417] Building C object CMakeFiles/app.dir/markarth/src/keyboard.c.obj
[markarth:rw] [383/417] Building C object zephyr/kernel/CMakeFiles/kernel.dir/main_weak.c.obj
[yavilla:ro] -- Configuring done (15.3s)
[markarth:rw] [384/417] Building C object zephyr/kernel/CMakeFiles/kernel.dir/busy_wait.c.obj
[markarth:rw] [385/417] Building C object zephyr/kernel/CMakeFiles/kernel.dir/banner.c.obj
[markarth:rw] [386/417] Building C object zephyr/kernel/CMakeFiles/kernel.dir/device.c.obj
[markarth:rw] [387/417] Building C object CMakeFiles/app.dir/markarth/src/keyboard_customization.c.obj
[markarth:rw] [388/417] Building C object CMakeFiles/app.dir/markarth/src/kb_backlight.c.obj
[rauru:ro] [25/380] Building C object CMakeFiles/app.dir/mnt/host/source/src/platform/ec/build/zephyr/rauru/modules/ec/common/version.c.obj
[markarth:rw] [389/417] Building C object zephyr/kernel/CMakeFiles/kernel.dir/errno.c.obj
[markarth:rw] [390/417] Building C object CMakeFiles/app.dir/markarth/src/thermal.c.obj
[markarth:rw] [391/417] Building C object zephyr/kernel/CMakeFiles/kernel.dir/version.c.obj
[yavilla:ro] -- Generating done (0.4s)
[yavilla:ro] CMake Warning:
[yavilla:ro]   Manually-specified variables were not used by the project:
[yavilla:ro]     COREBOOT_SDK_ROOT_arm
[yavilla:ro]     COREBOOT_SDK_ROOT_libstdcxx_arm
[yavilla:ro]     COREBOOT_SDK_ROOT_libstdcxx_x86
[yavilla:ro]     COREBOOT_SDK_ROOT_nds32
[yavilla:ro]     COREBOOT_SDK_ROOT_picolibc_arm
[yavilla:ro]     COREBOOT_SDK_ROOT_picolibc_x86
[yavilla:ro]     COREBOOT_SDK_ROOT_riscv
[yavilla:ro]     COREBOOT_SDK_ROOT_x86
[yavilla:ro] -- Build files have been written to: /mnt/host/source/src/platform/ec/build/zephyr/yavilla/build-ro
[markarth:rw] [392/417] Linking C static library app/libapp.a
[rauru:rw] [31/380] Building C object CMakeFiles/app.dir/mnt/host/source/src/platform/ec/build/zephyr/rauru/modules/ec/driver/als_tcs3400.c.obj
[markarth:rw] [393/417] Building C object zephyr/kernel/CMakeFiles/kernel.dir/fatal.c.obj
[rauru:rw] [32/380] Building C object CMakeFiles/app.dir/mnt/host/source/src/platform/ec/build/zephyr/rauru/modules/ec/common/battery.c.obj
[markarth:rw] [394/417] Building C object zephyr/kernel/CMakeFiles/kernel.dir/init.c.obj
[markarth:rw] [395/417] Building C object zephyr/kernel/CMakeFiles/kernel.dir/mem_slab.c.obj
[markarth:rw] [396/417] Building C object zephyr/kernel/CMakeFiles/kernel.dir/kheap.c.obj
[markarth:rw] [397/417] Building C object zephyr/kernel/CMakeFiles/kernel.dir/float.c.obj
[markarth:rw] [398/417] Building C object zephyr/kernel/CMakeFiles/kernel.dir/idle.c.obj
[markarth:rw] [399/417] Building C object zephyr/kernel/CMakeFiles/kernel.dir/mailbox.c.obj
[markarth:rw] [400/417] Building C object zephyr/kernel/CMakeFiles/kernel.dir/msg_q.c.obj
[markarth:rw] [401/417] Building C object zephyr/kernel/CMakeFiles/kernel.dir/mutex.c.obj
[/mnt/host/source/src/platform/ec/build/zephyr/minimal-npcx9-lcov]   /mnt/host/source/src/platform/ec/build/zephyr/minimal-npcx9/build-rw/zephyr/CMakeFiles/zephyr.dir/lib/utils/last_section_id.c.gcno:no functions found
[/mnt/host/source/src/platform/ec/build/zephyr/minimal-npcx9-lcov] stderr:
[rauru:ro] [26/380] Building C object CMakeFiles/app.dir/mnt/host/source/src/platform/ec/build/zephyr/rauru/modules/ec/driver/accel_lis2dw12.c.obj
[markarth:rw] [402/417] Building C object zephyr/kernel/CMakeFiles/kernel.dir/queue.c.obj
[markarth:rw] [403/417] Building C object zephyr/kernel/CMakeFiles/kernel.dir/sem.c.obj
[rauru:ro] [27/380] Building C object CMakeFiles/app.dir/mnt/host/source/src/platform/ec/build/zephyr/rauru/modules/ec/driver/accelgyro_bmi_common.c.obj
[rauru:rw] [33/380] Building C object CMakeFiles/app.dir/mnt/host/source/src/platform/ec/build/zephyr/rauru/modules/ec/common/battery_info.c.obj
[rauru:rw] [34/380] Building C object CMakeFiles/app.dir/mnt/host/source/src/platform/ec/build/zephyr/rauru/modules/ec/common/battery_fuel_gauge.c.obj
[markarth:rw] [404/417] Building C object zephyr/kernel/CMakeFiles/kernel.dir/stack.c.obj
[markarth:rw] [405/417] Building C object zephyr/kernel/CMakeFiles/kernel.dir/system_work_q.c.obj
[markarth:rw] [406/417] Building C object zephyr/kernel/CMakeFiles/kernel.dir/condvar.c.obj
[markarth:rw] [407/417] Building C object zephyr/kernel/CMakeFiles/kernel.dir/work.c.obj
[markarth:rw] [408/417] Building C object zephyr/kernel/CMakeFiles/kernel.dir/thread.c.obj
[markarth:rw] [409/417] Building C object zephyr/kernel/CMakeFiles/kernel.dir/sched.c.obj
[markarth:rw] [410/417] Building C object zephyr/kernel/CMakeFiles/kernel.dir/pipe.c.obj
[markarth:rw] [411/417] Building C object zephyr/kernel/CMakeFiles/kernel.dir/timeout.c.obj
[markarth:rw] [412/417] Building C object zephyr/kernel/CMakeFiles/kernel.dir/timer.c.obj
[rauru:ro] [28/380] Building C object CMakeFiles/app.dir/mnt/host/source/src/platform/ec/build/zephyr/rauru/modules/ec/driver/accelgyro_bmi3xx.c.obj
[markarth:rw] [413/417] Building C object zephyr/kernel/CMakeFiles/kernel.dir/poll.c.obj
[markarth:rw] [414/417] Building C object zephyr/kernel/CMakeFiles/kernel.dir/events.c.obj
[greenbayupoc:ro] Configuring.
Running `env -i PYTHONPATH=/usr/lib64/python-exec/python3.11:/mnt/host/source/src/platform/ec/zephyr/zmake:/usr/lib/python311.zip:/usr/lib/python3.11:/usr/lib/python3.11/lib-dynload:/usr/lib/python3.11/site-packages PW_PIGWEED_CIPD_INSTALL_DIR=/usr CROSTC_USER_ACKNOWLEDGES_THAT_RISCV_IS_EXPERIMENTAL=1 PATH=/mnt/host/source/chromite/bin:/usr/local/bin:/usr/bin:/bin:/opt/bin:/mnt/host/source/chromite/sdk/bin:/mnt/host/source/chromite/bin HOME=/home/jpmurphy JAVA_HOME=/etc/java-config-2/current-system-vm JDK_HOME=/etc/java-config-2/current-system-vm JAVAC=/etc/java-config-2/current-system-vm/bin/javac MAKEFLAGS=' -j16 --jobserver-auth=5,6' /usr/bin/cmake -S /mnt/host/source/src/platform/ec/zephyr/program/brox -B /mnt/host/source/src/platform/ec/build/zephyr/greenbayupoc/build-ro -GNinja -DCMAKE_EXPORT_COMPILE_COMMANDS=ON -DZEPHYR_BASE=/mnt/host/source/src/third_party/zephyr/main -DZMAKE_INCLUDE_DIR=/mnt/host/source/src/platform/ec/build/zephyr/greenbayupoc/include -DPython3_EXECUTABLE=/usr/bin/python3.11 -DDTS_ROOT=/mnt/host/source/src/platform/ec/zephyr -DSYSCALL_INCLUDE_DIRS=/mnt/host/source/src/platform/ec/zephyr/include/drivers -DUSER_CACHE_DIR=/mnt/host/source/src/platform/ec/build/zephyr/user-cache '-DEXTRA_EC_VERSION_FLAGS=--version 16543.0.0 --static' -DTOOLCHAIN_ROOT=/mnt/host/source/src/platform/ec/zephyr -DCOREBOOT_SDK_ROOT_x86=/home/jpmurphy/.cache/coreboot-sdk/i386-elf/dfbb0486385d938cfa9d73080b9d18d598ed4f49 -DCOREBOOT_SDK_ROOT_picolibc_x86=/home/jpmurphy/.cache/coreboot-sdk/picolibc-i386-elf/eb8e8e687b95461de8cbf278f1c2076952d0ad17 -DCOREBOOT_SDK_ROOT_riscv64=/home/jpmurphy/.cache/coreboot-sdk/riscv64-elf/96b949749225b6aaa92ed810ab769e8dfb12f000 -DCOREBOOT_SDK_ROOT_picolibc_arm=/home/jpmurphy/.cache/coreboot-sdk/picolibc-arm-eabi/422a2aa3e1ef891b5bece9a3deb696ff83840d2e -DCOREBOOT_SDK_ROOT_nds32=/home/jpmurphy/.cache/coreboot-sdk/nds32le-elf/d1a518c4a097666d86058e1444f85ca015d15511 -DCOREBOOT_SDK_ROOT_picolibc_riscv64=/home/jpmurphy/.cache/coreboot-sdk/picolibc-riscv64-elf/f571e990ef0278564b31124f8bb109d9a697eb69 -DCOREBOOT_SDK_ROOT_arm=/home/jpmurphy/.cache/coreboot-sdk/arm-eabi/ea40ddd1d190c3b48435c474c0b545719371813a -DCOREBOOT_SDK_ROOT_libstdcxx_riscv64=/home/jpmurphy/.cache/coreboot-sdk/libstdcxx-riscv64-elf/17abf22a3a252e2d5d2062ced5324f7a623689e0 -DCOREBOOT_SDK_ROOT_libstdcxx_arm=/home/jpmurphy/.cache/coreboot-sdk/libstdcxx-arm-eabi/5d7d82e150e44aa1968f1d366e267e6687b328ac -DCOREBOOT_SDK_ROOT_riscv=/home/jpmurphy/.cache/coreboot-sdk/riscv-elf/9a27b9e82341c6e9126624f516ab3f261abb3e73 -DCOREBOOT_SDK_ROOT_libstdcxx_x86=/home/jpmurphy/.cache/coreboot-sdk/libstdcxx-i386-elf/42ef9d2e87a76a37963175d7d428734e65648b87 -DZEPHYR_TOOLCHAIN_VARIANT=coreboot-sdk -DZEPHYR_MODULES=/mnt/host/source/src/platform/ec/build/zephyr/greenbayupoc/modules/ec -DDTC_OVERLAY_FILE=/mnt/host/source/src/platform/ec/zephyr/program/brox/greenbayupoc/project.overlay -DBOARD=it8xxx2/it82002aw -DCMAKE_C_FLAGS=-DSECTION_IS_RO '-DCONF_FILE=/mnt/host/source/src/platform/ec/zephyr/program/brox/program.conf;/mnt/host/source/src/platform/ec/zephyr/program/brox/ite.conf;/mnt/host/source/src/platform/ec/zephyr/program/brox/greenbayupoc/project.conf;/mnt/host/source/src/platform/ec/build/zephyr/greenbayupoc/kconfig-ro.conf'`
[greenbayupoc:ro] Loading Zephyr default modules (Zephyr base (cached)).
[greenbayupoc:ro] -- Application: /mnt/host/source/src/platform/ec/zephyr/program/brox
[greenbayupoc:ro] -- CMake version: 3.31.7
[rauru:ro] [29/380] Building C object CMakeFiles/app.dir/mnt/host/source/src/platform/ec/build/zephyr/rauru/modules/ec/common/motion_sense_fifo.c.obj
[markarth:rw] [415/417] Building C object zephyr/kernel/CMakeFiles/kernel.dir/mempool.c.obj
[rauru:rw] [35/380] Building C object CMakeFiles/app.dir/mnt/host/source/src/platform/ec/build/zephyr/rauru/modules/ec/driver/battery/smart.c.obj
[yavilla:rw] Building: /usr/bin/ninja -C /mnt/host/source/src/platform/ec/build/zephyr/yavilla/build-rw all.libraries
Running `env -i SHELL=/bin/bash COLORTERM=truecolor DEPOT_TOOLS_UPDATE=0 LESS='-R -M --shift 5' SUDO_GID=0 JDK_HOME=/etc/java-config-2/current-system-vm CONFIG_PROTECT_MASK='/etc/gentoo-release /etc/sandbox.d /etc/fonts/fonts.conf /etc/terminfo /etc/ca-certificates.conf /etc/revdep-rebuild' CHROMEOS_CACHEDIR=/var/cache/chromeos-cache JAVA_HOME=/etc/java-config-2/current-system-vm SSH_AUTH_SOCK=/tmp/ssh-auth-sock SUDO_COMMAND=/bin/bash SUDO_USER=root SUDO_TTY=/dev/pts/2 EDITOR=/usr/bin/vi PWD=/mnt/host/source/src/platform/ec CONFIG_PROTECT=/usr/share/gnupg/qualified.txt LOGNAME=jpmurphy MANPATH=/etc/java-config-2/current-system-vm/man:/usr/local/share/man:/usr/share/man:/usr/share/gcc-data/x86_64-pc-linux-gnu/10.2.0/man:/usr/share/binutils-data/x86_64-pc-linux-gnu/2.45/man:/etc/java-config-2/current-system-vm/man/ SUDO_HOME=/root XAUTHORITY=/run/user/944457/gdm/Xauthority HOME=/home/jpmurphy LANG=C.UTF-8 LS_COLORS='rs=0:di=01;34:ln=01;36:mh=00:pi=40;33:so=01;35:do=01;35:bd=40;33;01:cd=40;33;01:or=01;05;37;41:mi=01;05;37;41:su=37;41:sg=30;43:ca=30;41:tw=30;42:ow=34;42:st=37;44:ex=01;32:*.tar=01;31:*.tgz=01;31:*.arc=01;31:*.arj=01;31:*.taz=01;31:*.lha=01;31:*.lz4=01;31:*.lzh=01;31:*.lzma=01;31:*.tlz=01;31:*.txz=01;31:*.tzo=01;31:*.t7z=01;31:*.zip=01;31:*.z=01;31:*.dz=01;31:*.gz=01;31:*.lrz=01;31:*.lz=01;31:*.lzo=01;31:*.xz=01;31:*.zst=01;31:*.tzst=01;31:*.bz2=01;31:*.bz=01;31:*.tbz=01;31:*.tbz2=01;31:*.tz=01;31:*.deb=01;31:*.rpm=01;31:*.jar=01;31:*.war=01;31:*.ear=01;31:*.sar=01;31:*.rar=01;31:*.alz=01;31:*.ace=01;31:*.zoo=01;31:*.cpio=01;31:*.7z=01;31:*.rz=01;31:*.cab=01;31:*.wim=01;31:*.swm=01;31:*.dwm=01;31:*.esd=01;31:*.jpg=01;35:*.jpeg=01;35:*.mjpg=01;35:*.mjpeg=01;35:*.gif=01;35:*.bmp=01;35:*.pbm=01;35:*.pgm=01;35:*.ppm=01;35:*.tga=01;35:*.xbm=01;35:*.xpm=01;35:*.tif=01;35:*.tiff=01;35:*.png=01;35:*.svg=01;35:*.svgz=01;35:*.mng=01;35:*.pcx=01;35:*.mov=01;35:*.mpg=01;35:*.mpeg=01;35:*.m2v=01;35:*.mkv=01;35:*.webm=01;35:*.webp=01;35:*.ogm=01;35:*.mp4=01;35:*.m4v=01;35:*.mp4v=01;35:*.vob=01;35:*.qt=01;35:*.nuv=01;35:*.wmv=01;35:*.asf=01;35:*.rm=01;35:*.rmvb=01;35:*.flc=01;35:*.avi=01;35:*.fli=01;35:*.flv=01;35:*.gl=01;35:*.dl=01;35:*.xcf=01;35:*.xwd=01;35:*.yuv=01;35:*.cgm=01;35:*.emf=01;35:*.ogv=01;35:*.ogx=01;35:*.cfg=00;32:*.conf=00;32:*.diff=00;32:*.doc=00;32:*.ini=00;32:*.log=00;32:*.patch=00;32:*.pdf=00;32:*.ps=00;32:*.tex=00;32:*.txt=00;32:*.aac=00;36:*.au=00;36:*.flac=00;36:*.m4a=00;36:*.mid=00;36:*.midi=00;36:*.mka=00;36:*.mp3=00;36:*.mpc=00;36:*.ogg=00;36:*.ra=00;36:*.wav=00;36:*.oga=00;36:*.opus=00;36:*.spx=00;36:*.xspf=00;36:' XDG_CURRENT_DESKTOP=GNOME INFOPATH=/usr/share/info:/usr/share/gcc-data/x86_64-pc-linux-gnu/10.2.0/info:/usr/share/binutils-data/x86_64-pc-linux-gnu/2.45/info:/usr/share/automake-1.16.5/info JAVAC=/etc/java-config-2/current-system-vm/bin/javac TERM=xterm-256color LESSOPEN='|lesspipe %s' USER=jpmurphy CROS_WORKON_SRCROOT=/mnt/host/source MANPAGER=manpager DISPLAY=:1 SHLVL=1 LC_MESSAGES=C EXTERNAL_TRUNK_PATH=/mnt/8f9d649a-3721-44cc-93c0-e6bd21a9689f/chromiumos GCC_SPECS='' PATH=/mnt/host/source/chromite/bin:/usr/local/bin:/usr/bin:/bin:/opt/bin:/mnt/host/source/chromite/sdk/bin:/mnt/host/source/chromite/bin PORTAGE_USERNAME=jpmurphy SUDO_UID=0 GCC_VER=10.2.0 MAIL=/var/mail/jpmurphy OLDPWD=/mnt/host/source/src/scripts traceparent=00-e87aca51550a78635907baa6a2476181-6d684811675d2973-01 _=./zephyr/firmware_builder.py COREBOOT_SDK_ROOT_x86=/home/jpmurphy/.cache/coreboot-sdk/i386-elf/dfbb0486385d938cfa9d73080b9d18d598ed4f49 COREBOOT_SDK_ROOT_picolibc_x86=/home/jpmurphy/.cache/coreboot-sdk/picolibc-i386-elf/eb8e8e687b95461de8cbf278f1c2076952d0ad17 COREBOOT_SDK_ROOT_riscv64=/home/jpmurphy/.cache/coreboot-sdk/riscv64-elf/96b949749225b6aaa92ed810ab769e8dfb12f000 COREBOOT_SDK_ROOT_picolibc_arm=/home/jpmurphy/.cache/coreboot-sdk/picolibc-arm-eabi/422a2aa3e1ef891b5bece9a3deb696ff83840d2e COREBOOT_SDK_ROOT_nds32=/home/jpmurphy/.cache/coreboot-sdk/nds32le-elf/d1a518c4a097666d86058e1444f85ca015d15511 COREBOOT_SDK_ROOT_picolibc_riscv64=/home/jpmurphy/.cache/coreboot-sdk/picolibc-riscv64-elf/f571e990ef0278564b31124f8bb109d9a697eb69 COREBOOT_SDK_ROOT_arm=/home/jpmurphy/.cache/coreboot-sdk/arm-eabi/ea40ddd1d190c3b48435c474c0b545719371813a COREBOOT_SDK_ROOT_libstdcxx_riscv64=/home/jpmurphy/.cache/coreboot-sdk/libstdcxx-riscv64-elf/17abf22a3a252e2d5d2062ced5324f7a623689e0 COREBOOT_SDK_ROOT_libstdcxx_arm=/home/jpmurphy/.cache/coreboot-sdk/libstdcxx-arm-eabi/5d7d82e150e44aa1968f1d366e267e6687b328ac COREBOOT_SDK_ROOT_riscv=/home/jpmurphy/.cache/coreboot-sdk/riscv-elf/9a27b9e82341c6e9126624f516ab3f261abb3e73 COREBOOT_SDK_ROOT_libstdcxx_x86=/home/jpmurphy/.cache/coreboot-sdk/libstdcxx-i386-elf/42ef9d2e87a76a37963175d7d428734e65648b87 PYTHONPATH=/mnt/host/source/src/platform/ec/zephyr/zmake PW_PIGWEED_CIPD_INSTALL_DIR=/usr CROSTC_USER_ACKNOWLEDGES_THAT_RISCV_IS_EXPERIMENTAL=1 MAKEFLAGS=' -j16 --jobserver-auth=5,6' /usr/bin/ninja -C /mnt/host/source/src/platform/ec/build/zephyr/yavilla/build-rw all.libraries`
[markarth:rw] [416/417] Building C object zephyr/kernel/CMakeFiles/kernel.dir/dynamic_disabled.c.obj
[yavilla:rw] ninja: Entering directory `/mnt/host/source/src/platform/ec/build/zephyr/yavilla/build-rw'
[rauru:rw] [36/380] Building C object CMakeFiles/app.dir/mnt/host/source/src/platform/ec/build/zephyr/rauru/modules/ec/driver/charger/bq25710.c.obj
[markarth:rw] [417/417] Linking C static library zephyr/kernel/libkernel.a
[greenbayupoc:ro] -- Found Python3: /usr/bin/python3.11 (found suitable version "3.11.11", minimum required is "3.10") found components: Interpreter
[greenbayupoc:ro] -- Cache files will be written to: /mnt/host/source/src/platform/ec/build/zephyr/user-cache
[greenbayupoc:ro] -- Zephyr version: 4.3.99 (/mnt/host/source/src/third_party/zephyr/main)
[rauru:ro] [30/380] Building C object CMakeFiles/app.dir/mnt/host/source/src/platform/ec/build/zephyr/rauru/modules/ec/common/adc.c.obj
[rauru:ro] [31/380] Building C object CMakeFiles/app.dir/mnt/host/source/src/platform/ec/build/zephyr/rauru/modules/ec/driver/als_tcs3400.c.obj
[yavilla:rw] [1/382] Generating include/generated/zephyr/version.h
[yavilla:rw] -- git describe warned: warning: tag 'upstream/v2.7.99' is externally known as 'v2.7.99'
[rauru:rw] [37/380] Building C object CMakeFiles/app.dir/mnt/host/source/src/platform/ec/build/zephyr/rauru/modules/ec/common/charger.c.obj
[yavilla:rw] -- Zephyr version: 4.3.99 (/mnt/host/source/src/third_party/zephyr/main)
[yavilla:rw] [2/382] Preparing syscall dependency handling
[yavilla:rw] [3/382] Generating misc/generated/syscalls_subdirs.trigger
[rauru:ro] [32/380] Building C object CMakeFiles/app.dir/mnt/host/source/src/platform/ec/build/zephyr/rauru/modules/ec/common/battery.c.obj
[rauru:ro] [33/380] Building C object CMakeFiles/app.dir/mnt/host/source/src/platform/ec/build/zephyr/rauru/modules/ec/common/battery_fuel_gauge.c.obj
[rauru:ro] [34/380] Building C object CMakeFiles/app.dir/mnt/host/source/src/platform/ec/build/zephyr/rauru/modules/ec/common/battery_info.c.obj
[rauru:rw] [38/380] Building C object CMakeFiles/app.dir/mnt/host/source/src/platform/ec/build/zephyr/rauru/modules/ec/common/cbi_common.c.obj
[rauru:rw] [39/380] Building C object CMakeFiles/app.dir/mnt/host/source/src/platform/ec/build/zephyr/rauru/modules/ec/common/cbi_config.c.obj
[rauru:rw] [40/380] Building C object CMakeFiles/app.dir/mnt/host/source/src/platform/ec/build/zephyr/rauru/modules/ec/common/charge_state.c.obj
[rauru:rw] [41/380] Building C object CMakeFiles/app.dir/mnt/host/source/src/platform/ec/build/zephyr/rauru/modules/ec/common/cbi.c.obj
[rauru:rw] [42/380] Building C object CMakeFiles/app.dir/mnt/host/source/src/platform/ec/build/zephyr/rauru/modules/ec/common/charge_manager.c.obj
[rauru:ro] [35/380] Building C object CMakeFiles/app.dir/mnt/host/source/src/platform/ec/build/zephyr/rauru/modules/ec/driver/battery/smart.c.obj
[/mnt/host/source/src/platform/ec/build/zephyr/sundance-lcov]   /mnt/host/source/src/platform/ec/build/zephyr/sundance/build-rw/zephyr/CMakeFiles/zephyr.dir/soc/nuvoton/npcx/common/npcxn/registers.c.gcno:no functions found
[/mnt/host/source/src/platform/ec/build/zephyr/sundance-lcov] stderr:
[rauru:rw] [43/380] Building C object CMakeFiles/app.dir/mnt/host/source/src/platform/ec/build/zephyr/rauru/modules/ec/common/memory_commands.c.obj
[rauru:ro] [36/380] Building C object CMakeFiles/app.dir/mnt/host/source/src/platform/ec/build/zephyr/rauru/modules/ec/driver/charger/bq25710.c.obj
[yavilla:rw] [4/382] Generating misc/generated/syscalls.json, misc/generated/struct_tags.json
[greenbayupoc:ro] -- Board: it8xxx2, qualifiers: it82002aw
[rauru:rw] [44/380] Building C object CMakeFiles/app.dir/mnt/host/source/src/platform/ec/build/zephyr/rauru/modules/ec/common/chipset.c.obj
[rauru:ro] [37/380] Building C object CMakeFiles/app.dir/mnt/host/source/src/platform/ec/build/zephyr/rauru/modules/ec/common/charger.c.obj
[rauru:rw] [45/380] Building C object CMakeFiles/app.dir/mnt/host/source/src/platform/ec/build/zephyr/rauru/modules/ec/common/ap_reset_log.c.obj
[yavilla:rw] [5/382] Generating include/generated/zephyr/syscall_dispatch.c, include/generated/zephyr/syscall_exports_llext.c, syscall_weakdefs_llext.c, include/generated/zephyr/syscall_list.h
[rauru:rw] [46/380] Building C object CMakeFiles/app.dir/mnt/host/source/src/platform/ec/build/zephyr/rauru/modules/ec/common/extpower_gpio.c.obj
[yavilla:rw] [6/382] Generating include/generated/zephyr/driver-validation.h
[rauru:rw] [47/380] Building C object CMakeFiles/app.dir/mnt/host/source/src/platform/ec/build/zephyr/rauru/modules/ec/common/extpower_common.c.obj
[rauru:ro] [38/380] Building C object CMakeFiles/app.dir/mnt/host/source/src/platform/ec/build/zephyr/rauru/modules/ec/common/charge_state.c.obj
[rauru:ro] [39/380] Building C object CMakeFiles/app.dir/mnt/host/source/src/platform/ec/build/zephyr/rauru/modules/ec/common/charge_manager.c.obj
[rauru:ro] [40/380] Building C object CMakeFiles/app.dir/mnt/host/source/src/platform/ec/build/zephyr/rauru/modules/ec/common/cbi_common.c.obj
[rauru:rw] [48/380] Building C object CMakeFiles/app.dir/mnt/host/source/src/platform/ec/build/zephyr/rauru/modules/ec/common/fan.c.obj
[yavilla:rw] [7/382] Generating include/generated/zephyr/kobj-types-enum.h, include/generated/zephyr/otype-to-str.h, include/generated/zephyr/otype-to-size.h
[yavilla:rw] [8/382] Generating include/generated/device-api-sections.ld, include/generated/device-api-sections.cmake
[rauru:ro] [41/380] Building C object CMakeFiles/app.dir/mnt/host/source/src/platform/ec/build/zephyr/rauru/modules/ec/common/cbi_config.c.obj
[rauru:ro] [42/380] Building C object CMakeFiles/app.dir/mnt/host/source/src/platform/ec/build/zephyr/rauru/modules/ec/common/cbi.c.obj
[rauru:rw] [49/380] Building C object CMakeFiles/app.dir/mnt/host/source/src/platform/ec/build/zephyr/rauru/modules/ec/common/flash.c.obj
[rauru:rw] [50/380] Building C object CMakeFiles/app.dir/mnt/host/source/src/platform/ec/build/zephyr/rauru/modules/ec/common/host_command.c.obj
[rauru:rw] [51/380] Building C object CMakeFiles/app.dir/mnt/host/source/src/platform/ec/build/zephyr/rauru/modules/ec/common/uart_hostcmd.c.obj
[rauru:rw] [52/380] Building C object CMakeFiles/app.dir/mnt/host/source/src/platform/ec/build/zephyr/rauru/modules/ec/common/host_event_commands.c.obj
[rauru:rw] [53/380] Building C object CMakeFiles/app.dir/mnt/host/source/src/platform/ec/build/zephyr/rauru/modules/ec/common/uptime.c.obj
[rauru:ro] [43/380] Building C object CMakeFiles/app.dir/mnt/host/source/src/platform/ec/build/zephyr/rauru/modules/ec/common/chipset.c.obj
[yavilla:rw] [9/382] Building C object zephyr/CMakeFiles/offsets.dir/arch/riscv/core/offsets/offsets.c.obj
[rauru:ro] [44/380] Building C object CMakeFiles/app.dir/mnt/host/source/src/platform/ec/build/zephyr/rauru/modules/ec/common/memory_commands.c.obj
[rauru:ro] [45/380] Building C object CMakeFiles/app.dir/mnt/host/source/src/platform/ec/build/zephyr/rauru/modules/ec/common/ap_reset_log.c.obj
[yavilla:rw] [10/382] Generating include/generated/zephyr/offsets.h
[rauru:rw] [54/380] Building C object CMakeFiles/app.dir/mnt/host/source/src/platform/ec/build/zephyr/rauru/modules/ec/common/i2c_controller.c.obj
[rauru:ro] [46/380] Building C object CMakeFiles/app.dir/mnt/host/source/src/platform/ec/build/zephyr/rauru/modules/ec/common/extpower_common.c.obj
[greenbayupoc:ro] -- Found Dtc: /usr/bin/dtc (found suitable version "1.6.0", minimum required is "1.4.6")
[rauru:ro] [47/380] Building C object CMakeFiles/app.dir/mnt/host/source/src/platform/ec/build/zephyr/rauru/modules/ec/common/extpower_gpio.c.obj
[greenbayupoc:ro] -- Found BOARD.dts: /mnt/host/source/src/platform/ec/zephyr/boards/google/it8xxx2/it8xxx2_it82002aw.dts
[rauru:rw] [55/380] Building C object CMakeFiles/app.dir/mnt/host/source/src/platform/ec/build/zephyr/rauru/modules/ec/common/virtual_battery.c.obj
[yavilla:rw] [11/382] Building C object zephyr/CMakeFiles/zephyr.dir/lib/libc/validate_libc.c.obj
[rauru:rw] [56/380] Building C object CMakeFiles/app.dir/mnt/host/source/src/platform/ec/build/zephyr/rauru/modules/ec/common/mkbp_info.c.obj
[rauru:rw] [57/380] Building C object CMakeFiles/app.dir/mnt/host/source/src/platform/ec/build/zephyr/rauru/modules/ec/common/i2c_passthru.c.obj
[rauru:rw] [58/380] Building C object CMakeFiles/app.dir/mnt/host/source/src/platform/ec/build/zephyr/rauru/modules/ec/common/mkbp_fifo.c.obj
[rauru:rw] [59/380] Building C object CMakeFiles/app.dir/mnt/host/source/src/platform/ec/build/zephyr/rauru/modules/ec/common/keyboard_scan.c.obj
[rauru:ro] [48/380] Building C object CMakeFiles/app.dir/mnt/host/source/src/platform/ec/build/zephyr/rauru/modules/ec/common/host_command.c.obj
[rauru:ro] [49/380] Building C object CMakeFiles/app.dir/mnt/host/source/src/platform/ec/build/zephyr/rauru/modules/ec/common/fan.c.obj
[rauru:rw] [60/380] Building C object CMakeFiles/app.dir/mnt/host/source/src/platform/ec/build/zephyr/rauru/modules/ec/common/keyboard_mkbp.c.obj
[rauru:ro] [50/380] Building C object CMakeFiles/app.dir/mnt/host/source/src/platform/ec/build/zephyr/rauru/modules/ec/common/flash.c.obj
[rauru:ro] [51/380] Building C object CMakeFiles/app.dir/mnt/host/source/src/platform/ec/build/zephyr/rauru/modules/ec/common/host_event_commands.c.obj
[rauru:ro] [52/380] Building C object CMakeFiles/app.dir/mnt/host/source/src/platform/ec/build/zephyr/rauru/modules/ec/common/uart_hostcmd.c.obj
[yavilla:rw] [12/382] Building C object zephyr/CMakeFiles/zephyr.dir/lib/heap/heap.c.obj
[rauru:rw] [61/380] Building C object CMakeFiles/app.dir/mnt/host/source/src/platform/ec/build/zephyr/rauru/modules/ec/common/mkbp_input_devices.c.obj
[rauru:rw] [62/380] Building C object CMakeFiles/app.dir/mnt/host/source/src/platform/ec/build/zephyr/rauru/modules/ec/common/motion_lid.c.obj
[rauru:rw] [63/380] Building C object CMakeFiles/app.dir/mnt/host/source/src/platform/ec/build/zephyr/rauru/modules/ec/common/lid_angle_keyboard_policy.c.obj
[rauru:rw] [64/380] Building C object CMakeFiles/app.dir/mnt/host/source/src/platform/ec/build/zephyr/rauru/modules/ec/common/lid_angle.c.obj
[rauru:ro] [53/380] Building C object CMakeFiles/app.dir/mnt/host/source/src/platform/ec/build/zephyr/rauru/modules/ec/common/uptime.c.obj
[rauru:rw] [65/380] Building C object CMakeFiles/app.dir/mnt/host/source/src/platform/ec/build/zephyr/rauru/modules/ec/common/keyboard_backlight.c.obj
[rauru:ro] [54/380] Building C object CMakeFiles/app.dir/mnt/host/source/src/platform/ec/build/zephyr/rauru/modules/ec/common/i2c_passthru.c.obj
[rauru:rw] [66/380] Building C object CMakeFiles/app.dir/mnt/host/source/src/platform/ec/build/zephyr/rauru/modules/ec/common/lid_switch.c.obj
[yavilla:rw] [13/382] Building C object zephyr/CMakeFiles/zephyr.dir/lib/os/cbprintf_packaged.c.obj
[rauru:ro] [55/380] Building C object CMakeFiles/app.dir/mnt/host/source/src/platform/ec/build/zephyr/rauru/modules/ec/common/i2c_controller.c.obj
[rauru:ro] [56/380] Building C object CMakeFiles/app.dir/mnt/host/source/src/platform/ec/build/zephyr/rauru/modules/ec/common/virtual_battery.c.obj
[greenbayupoc:ro] -- Found devicetree overlay: /mnt/host/source/src/platform/ec/zephyr/program/brox/greenbayupoc/project.overlay
[greenbayupoc:ro] -- Generated zephyr.dts: /mnt/host/source/src/platform/ec/build/zephyr/greenbayupoc/build-ro/zephyr/zephyr.dts
[rauru:rw] [67/380] Building C object CMakeFiles/app.dir/mnt/host/source/src/platform/ec/build/zephyr/rauru/modules/ec/common/mkbp_event.c.obj
[/mnt/host/source/src/platform/ec/build/zephyr/fatcat-ish-idle-lcov]   /mnt/host/source/src/platform/ec/build/zephyr/fatcat-ish-idle/build-singleimage/zephyr/CMakeFiles/zephyr.dir/lib/libc/validate_libc.c.gcno:no functions found
[/mnt/host/source/src/platform/ec/build/zephyr/fatcat-ish-idle-lcov] stderr:
[rauru:ro] [57/380] Building C object CMakeFiles/app.dir/mnt/host/source/src/platform/ec/build/zephyr/rauru/modules/ec/common/keyboard_scan.c.obj
[greenbayupoc:ro] -- Generated pickled edt: /mnt/host/source/src/platform/ec/build/zephyr/greenbayupoc/build-ro/zephyr/edt.pickle
[greenbayupoc:ro] -- Generated devicetree_generated.h: /mnt/host/source/src/platform/ec/build/zephyr/greenbayupoc/build-ro/zephyr/include/generated/zephyr/devicetree_generated.h
[rauru:rw] [68/380] Building C object CMakeFiles/app.dir/mnt/host/source/src/platform/ec/build/zephyr/rauru/modules/ec/common/motion_sense.c.obj
[rauru:rw] [69/380] Building C object CMakeFiles/app.dir/mnt/host/source/src/platform/ec/build/zephyr/rauru/modules/ec/common/power_button.c.obj
[rauru:rw] [70/380] Building C object CMakeFiles/app.dir/mnt/host/source/src/platform/ec/build/zephyr/rauru/modules/ec/power/common.c.obj
[yavilla:rw] [14/382] Building C object zephyr/CMakeFiles/zephyr.dir/lib/os/clock.c.obj
[rauru:ro] [58/380] Building C object CMakeFiles/app.dir/mnt/host/source/src/platform/ec/build/zephyr/rauru/modules/ec/common/mkbp_fifo.c.obj
[rauru:ro] [59/380] Building C object CMakeFiles/app.dir/mnt/host/source/src/platform/ec/build/zephyr/rauru/modules/ec/common/mkbp_info.c.obj
[rauru:rw] [71/380] Building C object CMakeFiles/app.dir/mnt/host/source/src/platform/ec/build/zephyr/rauru/modules/ec/power/host_sleep.c.obj
[rauru:ro] [60/380] Building C object CMakeFiles/app.dir/mnt/host/source/src/platform/ec/build/zephyr/rauru/modules/ec/common/keyboard_mkbp.c.obj
[rauru:rw] [72/380] Building C object CMakeFiles/app.dir/mnt/host/source/src/platform/ec/build/zephyr/rauru/modules/ec/power/mt8186.c.obj
[rauru:ro] [61/380] Building C object CMakeFiles/app.dir/mnt/host/source/src/platform/ec/build/zephyr/rauru/modules/ec/common/mkbp_input_devices.c.obj
[rauru:rw] [73/380] Building C object CMakeFiles/app.dir/mnt/host/source/src/platform/ec/build/zephyr/rauru/modules/ec/common/panic_output.c.obj
[yavilla:rw] [15/382] Building C object zephyr/CMakeFiles/zephyr.dir/lib/os/printk.c.obj
[rauru:ro] [62/380] Building C object CMakeFiles/app.dir/mnt/host/source/src/platform/ec/build/zephyr/rauru/modules/ec/common/keyboard_backlight.c.obj
[rauru:rw] [74/380] Building C object CMakeFiles/app.dir/mnt/host/source/src/platform/ec/build/zephyr/rauru/modules/ec/common/shared_mem.c.obj
[rauru:ro] [63/380] Building C object CMakeFiles/app.dir/mnt/host/source/src/platform/ec/build/zephyr/rauru/modules/ec/common/motion_lid.c.obj
[rauru:rw] [75/380] Building C object CMakeFiles/app.dir/mnt/host/source/src/platform/ec/build/zephyr/rauru/modules/ec/common/tablet_mode.c.obj
[rauru:rw] [76/380] Building C object CMakeFiles/app.dir/mnt/host/source/src/platform/ec/build/zephyr/rauru/modules/ec/driver/stm_mems_common.c.obj
[rauru:ro] [64/380] Building C object CMakeFiles/app.dir/mnt/host/source/src/platform/ec/build/zephyr/rauru/modules/ec/common/lid_angle.c.obj
[rauru:rw] [77/380] Building C object CMakeFiles/app.dir/mnt/host/source/src/platform/ec/build/zephyr/rauru/modules/ec/common/switch.c.obj
[rauru:ro] [65/380] Building C object CMakeFiles/app.dir/mnt/host/source/src/platform/ec/build/zephyr/rauru/modules/ec/common/lid_angle_keyboard_policy.c.obj
[rauru:ro] [66/380] Building C object CMakeFiles/app.dir/mnt/host/source/src/platform/ec/build/zephyr/rauru/modules/ec/common/lid_switch.c.obj
[yavilla:rw] [16/382] Building C object zephyr/CMakeFiles/zephyr.dir/lib/os/sem.c.obj
[greenbayupoc:ro] /mnt/host/source/src/platform/ec/build/zephyr/greenbayupoc/build-ro/zephyr/zephyr.dts:1312.27-2007.5: Warning (avoid_unnecessary_addr_size): /soc/pin-controller: unnecessary #address-cells/#size-cells without "ranges" or child "reg" property
[rauru:rw] [78/380] Building C object CMakeFiles/app.dir/mnt/host/source/src/platform/ec/build/zephyr/rauru/modules/ec/common/timer.c.obj
[rauru:rw] [79/380] Building C object CMakeFiles/app.dir/mnt/host/source/src/platform/ec/build/zephyr/rauru/modules/ec/common/usb_port_power_dumb.c.obj
[rauru:ro] [67/380] Building C object CMakeFiles/app.dir/mnt/host/source/src/platform/ec/build/zephyr/rauru/modules/ec/common/mkbp_event.c.obj
[rauru:rw] [80/380] Building C object CMakeFiles/app.dir/mnt/host/source/src/platform/ec/build/zephyr/rauru/modules/ec/common/typec_control.c.obj
[yavilla:rw] [17/382] Building C object zephyr/CMakeFiles/zephyr.dir/lib/os/thread_entry.c.obj
[rauru:rw] [81/380] Building C object CMakeFiles/app.dir/mnt/host/source/src/platform/ec/build/zephyr/rauru/modules/ec/common/usb_pd_pdo.c.obj
[rauru:ro] [68/380] Building C object CMakeFiles/app.dir/mnt/host/source/src/platform/ec/build/zephyr/rauru/modules/ec/common/power_button.c.obj
[rauru:rw] [82/380] Building C object CMakeFiles/app.dir/mnt/host/source/src/platform/ec/build/zephyr/rauru/modules/ec/common/usbc/usbc_task.c.obj
[rauru:ro] [69/380] Building C object CMakeFiles/app.dir/mnt/host/source/src/platform/ec/build/zephyr/rauru/modules/ec/common/motion_sense.c.obj
[rauru:rw] [83/380] Building C object CMakeFiles/app.dir/mnt/host/source/src/platform/ec/build/zephyr/rauru/modules/ec/common/usb_common.c.obj
[/mnt/host/source/src/platform/ec/build/zephyr/fatcat-ish-idle-lcov]   /mnt/host/source/src/platform/ec/build/zephyr/fatcat-ish-idle/build-singleimage/zephyr/drivers/syscon/CMakeFiles/drivers__syscon.dir/mnt/host/source/src/third_party/zephyr/main/misc/empty_file.c.gcno:no functions found
[/mnt/host/source/src/platform/ec/build/zephyr/fatcat-ish-idle-lcov] Filter suppressions 'region':
[/mnt/host/source/src/platform/ec/build/zephyr/fatcat-ish-idle-lcov]     17 instances
[/mnt/host/source/src/platform/ec/build/zephyr/fatcat-ish-idle-lcov]     10 coverpoints
[/mnt/host/source/src/platform/ec/build/zephyr/fatcat-ish-idle-lcov] Message summary:
[/mnt/host/source/src/platform/ec/build/zephyr/fatcat-ish-idle-lcov]   1 warning message:
[/mnt/host/source/src/platform/ec/build/zephyr/fatcat-ish-idle-lcov]     format: 1
[/mnt/host/source/src/platform/ec/build/zephyr/fatcat-ish-idle-lcov]   5 ignore messages:
[/mnt/host/source/src/platform/ec/build/zephyr/fatcat-ish-idle-lcov]     gcov: 5
Running (initial) lcov on /mnt/host/source/src/platform/ec/build/zephyr/markarth.
[rauru:ro] [70/380] Building C object CMakeFiles/app.dir/mnt/host/source/src/platform/ec/build/zephyr/rauru/modules/ec/power/common.c.obj
[rauru:rw] [84/380] Building C object CMakeFiles/app.dir/mnt/host/source/src/platform/ec/build/zephyr/rauru/modules/ec/common/usbc/usb_pd_timer.c.obj
[rauru:ro] [71/380] Building C object CMakeFiles/app.dir/mnt/host/source/src/platform/ec/build/zephyr/rauru/modules/ec/power/host_sleep.c.obj
[/mnt/host/source/src/platform/ec/build/zephyr/sundance-lcov]   /mnt/host/source/src/platform/ec/build/zephyr/sundance/build-rw/zephyr/drivers/sensor/CMakeFiles/drivers__sensor.dir/mnt/host/source/src/third_party/zephyr/main/misc/empty_file.c.gcno:no functions found
[/mnt/host/source/src/platform/ec/build/zephyr/sundance-lcov] Filter suppressions 'region':
[yavilla:rw] [18/382] Building C object zephyr/CMakeFiles/zephyr.dir/lib/os/cbprintf_nano.c.obj
[rauru:rw] [85/380] Building C object CMakeFiles/app.dir/mnt/host/source/src/platform/ec/build/zephyr/rauru/modules/ec/common/usbc/usb_sm.c.obj
Running `env -i PYTHONPATH=/usr/lib64/python-exec/python3.11:/mnt/host/source/src/platform/ec/zephyr/zmake:/usr/lib/python311.zip:/usr/lib/python3.11:/usr/lib/python3.11/lib-dynload:/usr/lib/python3.11/site-packages PW_PIGWEED_CIPD_INSTALL_DIR=/usr CROSTC_USER_ACKNOWLEDGES_THAT_RISCV_IS_EXPERIMENTAL=1 PATH=/mnt/host/source/chromite/bin:/usr/local/bin:/usr/bin:/bin:/opt/bin:/mnt/host/source/chromite/sdk/bin:/mnt/host/source/chromite/bin HOME=/home/jpmurphy JAVA_HOME=/etc/java-config-2/current-system-vm JDK_HOME=/etc/java-config-2/current-system-vm JAVAC=/etc/java-config-2/current-system-vm/bin/javac MAKEFLAGS=' -j16 --jobserver-auth=5,6' /usr/bin/lcov --gcov-tool /mnt/host/source/src/platform/ec/build/zephyr/markarth/build-rw/gcov.sh -q -o - -c -d /mnt/host/source/src/platform/ec/build/zephyr/markarth -t markarth --rc branch_coverage=1 --filter range --ignore-errors inconsistent,source --ignore-errors gcov,gcov -i`
[/mnt/host/source/src/platform/ec/build/zephyr/sundance-lcov]     38 instances
[/mnt/host/source/src/platform/ec/build/zephyr/sundance-lcov]     34 coverpoints
[/mnt/host/source/src/platform/ec/build/zephyr/sundance-lcov] Message summary:
[/mnt/host/source/src/platform/ec/build/zephyr/sundance-lcov]   29 ignore messages:
[/mnt/host/source/src/platform/ec/build/zephyr/sundance-lcov]     gcov: 29
[yavilla:ro] Building: /usr/bin/ninja -C /mnt/host/source/src/platform/ec/build/zephyr/yavilla/build-ro all.libraries
Running `env -i SHELL=/bin/bash COLORTERM=truecolor DEPOT_TOOLS_UPDATE=0 LESS='-R -M --shift 5' SUDO_GID=0 JDK_HOME=/etc/java-config-2/current-system-vm CONFIG_PROTECT_MASK='/etc/gentoo-release /etc/sandbox.d /etc/fonts/fonts.conf /etc/terminfo /etc/ca-certificates.conf /etc/revdep-rebuild' CHROMEOS_CACHEDIR=/var/cache/chromeos-cache JAVA_HOME=/etc/java-config-2/current-system-vm SSH_AUTH_SOCK=/tmp/ssh-auth-sock SUDO_COMMAND=/bin/bash SUDO_USER=root SUDO_TTY=/dev/pts/2 EDITOR=/usr/bin/vi PWD=/mnt/host/source/src/platform/ec CONFIG_PROTECT=/usr/share/gnupg/qualified.txt LOGNAME=jpmurphy MANPATH=/etc/java-config-2/current-system-vm/man:/usr/local/share/man:/usr/share/man:/usr/share/gcc-data/x86_64-pc-linux-gnu/10.2.0/man:/usr/share/binutils-data/x86_64-pc-linux-gnu/2.45/man:/etc/java-config-2/current-system-vm/man/ SUDO_HOME=/root XAUTHORITY=/run/user/944457/gdm/Xauthority HOME=/home/jpmurphy LANG=C.UTF-8 LS_COLORS='rs=0:di=01;34:ln=01;36:mh=00:pi=40;33:so=01;35:do=01;35:bd=40;33;01:cd=40;33;01:or=01;05;37;41:mi=01;05;37;41:su=37;41:sg=30;43:ca=30;41:tw=30;42:ow=34;42:st=37;44:ex=01;32:*.tar=01;31:*.tgz=01;31:*.arc=01;31:*.arj=01;31:*.taz=01;31:*.lha=01;31:*.lz4=01;31:*.lzh=01;31:*.lzma=01;31:*.tlz=01;31:*.txz=01;31:*.tzo=01;31:*.t7z=01;31:*.zip=01;31:*.z=01;31:*.dz=01;31:*.gz=01;31:*.lrz=01;31:*.lz=01;31:*.lzo=01;31:*.xz=01;31:*.zst=01;31:*.tzst=01;31:*.bz2=01;31:*.bz=01;31:*.tbz=01;31:*.tbz2=01;31:*.tz=01;31:*.deb=01;31:*.rpm=01;31:*.jar=01;31:*.war=01;31:*.ear=01;31:*.sar=01;31:*.rar=01;31:*.alz=01;31:*.ace=01;31:*.zoo=01;31:*.cpio=01;31:*.7z=01;31:*.rz=01;31:*.cab=01;31:*.wim=01;31:*.swm=01;31:*.dwm=01;31:*.esd=01;31:*.jpg=01;35:*.jpeg=01;35:*.mjpg=01;35:*.mjpeg=01;35:*.gif=01;35:*.bmp=01;35:*.pbm=01;35:*.pgm=01;35:*.ppm=01;35:*.tga=01;35:*.xbm=01;35:*.xpm=01;35:*.tif=01;35:*.tiff=01;35:*.png=01;35:*.svg=01;35:*.svgz=01;35:*.mng=01;35:*.pcx=01;35:*.mov=01;35:*.mpg=01;35:*.mpeg=01;35:*.m2v=01;35:*.mkv=01;35:*.webm=01;35:*.webp=01;35:*.ogm=01;35:*.mp4=01;35:*.m4v=01;35:*.mp4v=01;35:*.vob=01;35:*.qt=01;35:*.nuv=01;35:*.wmv=01;35:*.asf=01;35:*.rm=01;35:*.rmvb=01;35:*.flc=01;35:*.avi=01;35:*.fli=01;35:*.flv=01;35:*.gl=01;35:*.dl=01;35:*.xcf=01;35:*.xwd=01;35:*.yuv=01;35:*.cgm=01;35:*.emf=01;35:*.ogv=01;35:*.ogx=01;35:*.cfg=00;32:*.conf=00;32:*.diff=00;32:*.doc=00;32:*.ini=00;32:*.log=00;32:*.patch=00;32:*.pdf=00;32:*.ps=00;32:*.tex=00;32:*.txt=00;32:*.aac=00;36:*.au=00;36:*.flac=00;36:*.m4a=00;36:*.mid=00;36:*.midi=00;36:*.mka=00;36:*.mp3=00;36:*.mpc=00;36:*.ogg=00;36:*.ra=00;36:*.wav=00;36:*.oga=00;36:*.opus=00;36:*.spx=00;36:*.xspf=00;36:' XDG_CURRENT_DESKTOP=GNOME INFOPATH=/usr/share/info:/usr/share/gcc-data/x86_64-pc-linux-gnu/10.2.0/info:/usr/share/binutils-data/x86_64-pc-linux-gnu/2.45/info:/usr/share/automake-1.16.5/info JAVAC=/etc/java-config-2/current-system-vm/bin/javac TERM=xterm-256color LESSOPEN='|lesspipe %s' USER=jpmurphy CROS_WORKON_SRCROOT=/mnt/host/source MANPAGER=manpager DISPLAY=:1 SHLVL=1 LC_MESSAGES=C EXTERNAL_TRUNK_PATH=/mnt/8f9d649a-3721-44cc-93c0-e6bd21a9689f/chromiumos GCC_SPECS='' PATH=/mnt/host/source/chromite/bin:/usr/local/bin:/usr/bin:/bin:/opt/bin:/mnt/host/source/chromite/sdk/bin:/mnt/host/source/chromite/bin PORTAGE_USERNAME=jpmurphy SUDO_UID=0 GCC_VER=10.2.0 MAIL=/var/mail/jpmurphy OLDPWD=/mnt/host/source/src/scripts traceparent=00-e87aca51550a78635907baa6a2476181-6d684811675d2973-01 _=./zephyr/firmware_builder.py COREBOOT_SDK_ROOT_x86=/home/jpmurphy/.cache/coreboot-sdk/i386-elf/dfbb0486385d938cfa9d73080b9d18d598ed4f49 COREBOOT_SDK_ROOT_picolibc_x86=/home/jpmurphy/.cache/coreboot-sdk/picolibc-i386-elf/eb8e8e687b95461de8cbf278f1c2076952d0ad17 COREBOOT_SDK_ROOT_riscv64=/home/jpmurphy/.cache/coreboot-sdk/riscv64-elf/96b949749225b6aaa92ed810ab769e8dfb12f000 COREBOOT_SDK_ROOT_picolibc_arm=/home/jpmurphy/.cache/coreboot-sdk/picolibc-arm-eabi/422a2aa3e1ef891b5bece9a3deb696ff83840d2e COREBOOT_SDK_ROOT_nds32=/home/jpmurphy/.cache/coreboot-sdk/nds32le-elf/d1a518c4a097666d86058e1444f85ca015d15511 COREBOOT_SDK_ROOT_picolibc_riscv64=/home/jpmurphy/.cache/coreboot-sdk/picolibc-riscv64-elf/f571e990ef0278564b31124f8bb109d9a697eb69 COREBOOT_SDK_ROOT_arm=/home/jpmurphy/.cache/coreboot-sdk/arm-eabi/ea40ddd1d190c3b48435c474c0b545719371813a COREBOOT_SDK_ROOT_libstdcxx_riscv64=/home/jpmurphy/.cache/coreboot-sdk/libstdcxx-riscv64-elf/17abf22a3a252e2d5d2062ced5324f7a623689e0 COREBOOT_SDK_ROOT_libstdcxx_arm=/home/jpmurphy/.cache/coreboot-sdk/libstdcxx-arm-eabi/5d7d82e150e44aa1968f1d366e267e6687b328ac COREBOOT_SDK_ROOT_riscv=/home/jpmurphy/.cache/coreboot-sdk/riscv-elf/9a27b9e82341c6e9126624f516ab3f261abb3e73 COREBOOT_SDK_ROOT_libstdcxx_x86=/home/jpmurphy/.cache/coreboot-sdk/libstdcxx-i386-elf/42ef9d2e87a76a37963175d7d428734e65648b87 PYTHONPATH=/mnt/host/source/src/platform/ec/zephyr/zmake PW_PIGWEED_CIPD_INSTALL_DIR=/usr CROSTC_USER_ACKNOWLEDGES_THAT_RISCV_IS_EXPERIMENTAL=1 MAKEFLAGS=' -j16 --jobserver-auth=5,6' /usr/bin/ninja -C /mnt/host/source/src/platform/ec/build/zephyr/yavilla/build-ro all.libraries`
[yavilla:ro] ninja: Entering directory `/mnt/host/source/src/platform/ec/build/zephyr/yavilla/build-ro'
[rauru:ro] [72/380] Building C object CMakeFiles/app.dir/mnt/host/source/src/platform/ec/build/zephyr/rauru/modules/ec/power/mt8186.c.obj
[rauru:rw] [86/380] Building C object CMakeFiles/app.dir/mnt/host/source/src/platform/ec/build/zephyr/rauru/modules/ec/common/usbc_utils.c.obj
[rauru:rw] [87/380] Building C object CMakeFiles/app.dir/mnt/host/source/src/platform/ec/build/zephyr/rauru/modules/ec/common/usbc_intr_task.c.obj
[rauru:ro] [73/380] Building C object CMakeFiles/app.dir/mnt/host/source/src/platform/ec/build/zephyr/rauru/modules/ec/common/panic_output.c.obj
[rauru:rw] [88/380] Building C object CMakeFiles/app.dir/mnt/host/source/src/platform/ec/build/zephyr/rauru/modules/ec/common/usb_pd_flags.c.obj
[rauru:ro] [74/380] Building C object CMakeFiles/app.dir/mnt/host/source/src/platform/ec/build/zephyr/rauru/modules/ec/common/shared_mem.c.obj
[rauru:rw] [89/380] Building C object CMakeFiles/app.dir/mnt/host/source/src/platform/ec/build/zephyr/rauru/modules/ec/common/chargen.c.obj
[rauru:ro] [75/380] Building C object CMakeFiles/app.dir/mnt/host/source/src/platform/ec/build/zephyr/rauru/modules/ec/common/switch.c.obj
[yavilla:rw] [19/382] Building C object zephyr/CMakeFiles/zephyr.dir/lib/os/cbprintf.c.obj
[rauru:ro] [76/380] Building C object CMakeFiles/app.dir/mnt/host/source/src/platform/ec/build/zephyr/rauru/modules/ec/driver/stm_mems_common.c.obj
[rauru:rw] [90/380] Building C object CMakeFiles/app.dir/mnt/host/source/src/platform/ec/build/zephyr/rauru/modules/ec/common/usbc/usb_pd_console.c.obj
[yavilla:ro] [1/382] Generating include/generated/zephyr/version.h
[yavilla:ro] -- git describe warned: warning: tag 'upstream/v2.7.99' is externally known as 'v2.7.99'
[yavilla:ro] -- Zephyr version: 4.3.99 (/mnt/host/source/src/third_party/zephyr/main)
[yavilla:ro] [2/382] Preparing syscall dependency handling
[yavilla:ro] [3/382] Generating misc/generated/syscalls_subdirs.trigger
[/mnt/host/source/src/platform/ec/build/zephyr/markarth-lcov] geninfo: WARNING: using JSON module "JSON::PP" - which is much slower than some alternatives.  Consider installing one of JSON::XS or Cpanel::JSON::XS
[rauru:rw] [91/380] Building C object CMakeFiles/app.dir/mnt/host/source/src/platform/ec/build/zephyr/rauru/modules/ec/driver/retimer/ps8802.c.obj
[rauru:ro] [77/380] Building C object CMakeFiles/app.dir/mnt/host/source/src/platform/ec/build/zephyr/rauru/modules/ec/common/tablet_mode.c.obj
[rauru:ro] [78/380] Building C object CMakeFiles/app.dir/mnt/host/source/src/platform/ec/build/zephyr/rauru/modules/ec/common/timer.c.obj
[rauru:rw] [92/380] Building C object CMakeFiles/app.dir/mnt/host/source/src/platform/ec/build/zephyr/rauru/modules/ec/driver/usb_mux/anx3443.c.obj
[yavilla:rw] [20/382] Building C object zephyr/CMakeFiles/zephyr.dir/lib/os/assert.c.obj
[rauru:rw] [93/380] Building C object CMakeFiles/app.dir/mnt/host/source/src/platform/ec/build/zephyr/rauru/modules/ec/driver/usb_mux/tusb1064.c.obj
[rauru:rw] [94/380] Building C object CMakeFiles/app.dir/mnt/host/source/src/platform/ec/build/zephyr/rauru/modules/ec/driver/usb_mux/usb_mux.c.obj
[rauru:ro] [79/380] Building C object CMakeFiles/app.dir/mnt/host/source/src/platform/ec/build/zephyr/rauru/modules/ec/common/typec_control.c.obj
[rauru:ro] [80/380] Building C object CMakeFiles/app.dir/mnt/host/source/src/platform/ec/build/zephyr/rauru/modules/ec/common/usb_port_power_dumb.c.obj
[/mnt/host/source/src/platform/ec/build/zephyr/minimal-npcx9-lcov]   /mnt/host/source/src/platform/ec/build/zephyr/minimal-npcx9/build-rw/zephyr/CMakeFiles/zephyr.dir/soc/nuvoton/npcx/common/npcxn/registers.c.gcno:no functions found
[/mnt/host/source/src/platform/ec/build/zephyr/minimal-npcx9-lcov] Filter suppressions 'region':
[rauru:rw] [95/380] Building C object CMakeFiles/app.dir/mnt/host/source/src/platform/ec/build/zephyr/rauru/modules/ec/driver/usb_mux/virtual.c.obj
[/mnt/host/source/src/platform/ec/build/zephyr/minimal-npcx9-lcov]     21 instances
[/mnt/host/source/src/platform/ec/build/zephyr/minimal-npcx9-lcov]     12 coverpoints
[/mnt/host/source/src/platform/ec/build/zephyr/minimal-npcx9-lcov] Message summary:
[/mnt/host/source/src/platform/ec/build/zephyr/minimal-npcx9-lcov]   1 warning message:
[/mnt/host/source/src/platform/ec/build/zephyr/minimal-npcx9-lcov]     format: 1
[/mnt/host/source/src/platform/ec/build/zephyr/minimal-npcx9-lcov]   15 ignore messages:
[/mnt/host/source/src/platform/ec/build/zephyr/minimal-npcx9-lcov]     gcov: 15
[yavilla:rw] [21/382] Building C object zephyr/CMakeFiles/zephyr.dir/lib/utils/dec.c.obj
[rauru:rw] [96/380] Building C object CMakeFiles/app.dir/mnt/host/source/src/platform/ec/build/zephyr/rauru/modules/ec/common/event_log.c.obj
[greenbayupoc:ro] warning: Deprecated symbol I2C_ALLOW_NO_STOP_TRANSACTIONS is enabled.
[yavilla:ro] [4/382] Generating misc/generated/syscalls.json, misc/generated/struct_tags.json
[rauru:ro] [81/380] Building C object CMakeFiles/app.dir/mnt/host/source/src/platform/ec/build/zephyr/rauru/modules/ec/common/usb_common.c.obj
[yavilla:rw] [22/382] Building C object zephyr/CMakeFiles/zephyr.dir/lib/utils/hex.c.obj
[rauru:rw] [97/380] Building C object CMakeFiles/app.dir/mnt/host/source/src/platform/ec/build/zephyr/rauru/modules/ec/common/pd_log.c.obj
[yavilla:ro] [5/382] Generating include/generated/zephyr/syscall_dispatch.c, include/generated/zephyr/syscall_exports_llext.c, syscall_weakdefs_llext.c, include/generated/zephyr/syscall_list.h
[rauru:ro] [82/380] Building C object CMakeFiles/app.dir/mnt/host/source/src/platform/ec/build/zephyr/rauru/modules/ec/common/usb_pd_pdo.c.obj
[yavilla:ro] [6/382] Generating include/generated/zephyr/driver-validation.h
[rauru:ro] [83/380] Building C object CMakeFiles/app.dir/mnt/host/source/src/platform/ec/build/zephyr/rauru/modules/ec/common/usbc/usbc_task.c.obj
[yavilla:ro] [7/382] Generating include/generated/zephyr/kobj-types-enum.h, include/generated/zephyr/otype-to-str.h, include/generated/zephyr/otype-to-size.h
[greenbayupoc:ro] Parsing /mnt/host/source/src/platform/ec/zephyr/program/brox/Kconfig
[yavilla:ro] [8/382] Generating include/generated/device-api-sections.ld, include/generated/device-api-sections.cmake
[rauru:ro] [84/380] Building C object CMakeFiles/app.dir/mnt/host/source/src/platform/ec/build/zephyr/rauru/modules/ec/common/usbc/usb_pd_timer.c.obj
[rauru:ro] [85/380] Building C object CMakeFiles/app.dir/mnt/host/source/src/platform/ec/build/zephyr/rauru/modules/ec/common/usbc/usb_sm.c.obj
[rauru:rw] [98/380] Building C object CMakeFiles/app.dir/mnt/host/source/src/platform/ec/build/zephyr/rauru/modules/ec/common/usbc/usbc_pd_policy.c.obj
[yavilla:rw] [23/382] Building C object zephyr/CMakeFiles/zephyr.dir/lib/utils/rb.c.obj
[/mnt/host/source/src/platform/ec/build/zephyr/markarth-lcov] stderr:
[rauru:rw] [99/380] Building C object CMakeFiles/app.dir/mnt/host/source/src/platform/ec/build/zephyr/rauru/modules/ec/common/usbc/usb_pd_dpm.c.obj
[rauru:rw] [100/380] Building C object CMakeFiles/app.dir/mnt/host/source/src/platform/ec/build/zephyr/rauru/modules/ec/common/usbc/usb_prl_sm.c.obj
[rauru:rw] [101/380] Building C object CMakeFiles/app.dir/mnt/host/source/src/platform/ec/build/zephyr/rauru/modules/ec/common/usbc/dp_alt_mode.c.obj
[rauru:ro] [86/380] Building C object CMakeFiles/app.dir/mnt/host/source/src/platform/ec/build/zephyr/rauru/modules/ec/common/usbc_intr_task.c.obj
[yavilla:rw] [24/382] Building C object zephyr/CMakeFiles/zephyr.dir/lib/utils/timeutil.c.obj
[rauru:ro] [87/380] Building C object CMakeFiles/app.dir/mnt/host/source/src/platform/ec/build/zephyr/rauru/modules/ec/common/usb_pd_flags.c.obj
[rauru:rw] [102/380] Building C object CMakeFiles/app.dir/mnt/host/source/src/platform/ec/build/zephyr/rauru/modules/ec/common/usbc/usb_tc_drp_acc_trysrc_sm.c.obj
[rauru:rw] [103/380] Building C object CMakeFiles/app.dir/mnt/host/source/src/platform/ec/build/zephyr/rauru/modules/ec/common/usb_pd_console_cmd.c.obj
[rauru:ro] [88/380] Building C object CMakeFiles/app.dir/mnt/host/source/src/platform/ec/build/zephyr/rauru/modules/ec/common/usbc_utils.c.obj
[/mnt/host/source/src/platform/ec/build/zephyr/markarth-lcov]   /mnt/host/source/src/platform/ec/build/zephyr/markarth/build-ro/modules/ec/zephyr/CMakeFiles/ec_shim.dir/shim/src/thermal.c.gcno:no functions found
[/mnt/host/source/src/platform/ec/build/zephyr/markarth-lcov] stderr:
[yavilla:ro] [9/382] Building C object zephyr/CMakeFiles/offsets.dir/arch/riscv/core/offsets/offsets.c.obj
[yavilla:ro] [10/382] Generating include/generated/zephyr/offsets.h
[greenbayupoc:ro] Loaded configuration '/mnt/host/source/src/platform/ec/zephyr/boards/google/it8xxx2/it8xxx2_it82002aw_defconfig'
[greenbayupoc:ro] Merged configuration '/mnt/host/source/src/platform/ec/zephyr/program/brox/program.conf'
[greenbayupoc:ro] Merged configuration '/mnt/host/source/src/platform/ec/zephyr/program/brox/ite.conf'
[greenbayupoc:ro] Merged configuration '/mnt/host/source/src/platform/ec/zephyr/program/brox/greenbayupoc/project.conf'
[greenbayupoc:ro] Merged configuration '/mnt/host/source/src/platform/ec/build/zephyr/greenbayupoc/kconfig-ro.conf'
[greenbayupoc:ro] Configuration saved to '/mnt/host/source/src/platform/ec/build/zephyr/greenbayupoc/build-ro/zephyr/.config'
[greenbayupoc:ro] Kconfig header saved to '/mnt/host/source/src/platform/ec/build/zephyr/greenbayupoc/build-ro/zephyr/include/generated/zephyr/autoconf.h'
[greenbayupoc:ro] -- Found GnuLd: /home/jpmurphy/.cache/coreboot-sdk/riscv64-elf/96b949749225b6aaa92ed810ab769e8dfb12f000/riscv64-elf/bin/ld.bfd (found version "2.43.1")
[/mnt/host/source/src/platform/ec/build/zephyr/markarth-lcov]   /mnt/host/source/src/platform/ec/build/zephyr/markarth/build-ro/modules/ec/zephyr/CMakeFiles/ec_shim.dir/shim/src/battery.c.gcno:no functions found
[/mnt/host/source/src/platform/ec/build/zephyr/markarth-lcov] stderr:
[rauru:rw] [104/380] Building C object CMakeFiles/app.dir/mnt/host/source/src/platform/ec/build/zephyr/rauru/modules/ec/common/usb_pd_host_cmd.c.obj
[/mnt/host/source/src/platform/ec/build/zephyr/markarth-lcov]   /mnt/host/source/src/platform/ec/build/zephyr/markarth/build-ro/modules/ec/zephyr/CMakeFiles/ec_shim.dir/shim/src/charger.c.gcno:no functions found
[/mnt/host/source/src/platform/ec/build/zephyr/markarth-lcov] stderr:
[rauru:ro] [89/380] Building C object CMakeFiles/app.dir/mnt/host/source/src/platform/ec/build/zephyr/rauru/modules/ec/common/usbc/usb_pd_console.c.obj
[yavilla:rw] [25/382] Building C object zephyr/CMakeFiles/zephyr.dir/lib/utils/bitarray.c.obj
[rauru:ro] [90/380] Building C object CMakeFiles/app.dir/mnt/host/source/src/platform/ec/build/zephyr/rauru/modules/ec/common/chargen.c.obj
[rauru:rw] [105/380] Building C object CMakeFiles/app.dir/mnt/host/source/src/platform/ec/build/zephyr/rauru/modules/ec/common/usbc/usb_pe_drp_sm.c.obj
[greenbayupoc:ro] -- The C compiler identification is GNU 14.2.0
[rauru:rw] [106/380] Building C object CMakeFiles/app.dir/mnt/host/source/src/platform/ec/build/zephyr/rauru/modules/ec/common/usbc/usb_pd_host.c.obj
[rauru:rw] [107/380] Building C object CMakeFiles/app.dir/mnt/host/source/src/platform/ec/build/zephyr/rauru/modules/ec/zephyr/shim/src/tcpc.c.obj
[rauru:ro] [91/380] Building C object CMakeFiles/app.dir/mnt/host/source/src/platform/ec/build/zephyr/rauru/modules/ec/driver/retimer/ps8802.c.obj
[yavilla:rw] [26/382] Building C object zephyr/CMakeFiles/zephyr.dir/lib/utils/bitmask.c.obj
[rauru:rw] [108/380] Building C object CMakeFiles/app.dir/mnt/host/source/src/platform/ec/build/zephyr/rauru/modules/ec/common/usbc/svdm_rsp_dfp_only.c.obj
[rauru:rw] [109/380] Building C object CMakeFiles/app.dir/mnt/host/source/src/platform/ec/build/zephyr/rauru/modules/ec/common/usb_pd_host_cmd_common.c.obj
[rauru:ro] [92/380] Building C object CMakeFiles/app.dir/mnt/host/source/src/platform/ec/build/zephyr/rauru/modules/ec/driver/usb_mux/anx3443.c.obj
[yavilla:ro] [11/382] Building C object zephyr/CMakeFiles/zephyr.dir/lib/libc/validate_libc.c.obj
[rauru:rw] [110/380] Building C object CMakeFiles/app.dir/mnt/host/source/src/platform/ec/build/zephyr/rauru/modules/ec/common/usbc_ocp.c.obj
[greenbayupoc:ro] -- The CXX compiler identification is GNU 14.2.0
[greenbayupoc:ro] -- The ASM compiler identification is GNU
[greenbayupoc:ro] -- Found assembler: /home/jpmurphy/.cache/coreboot-sdk/riscv64-elf/96b949749225b6aaa92ed810ab769e8dfb12f000/bin/riscv64-elf-gcc
[greenbayupoc:ro] CMake Warning at /mnt/host/source/src/platform/ec/zephyr/cmake/linker/ld/linker_libraries.cmake:11 (message):
[greenbayupoc:ro]   Disabling c_library
[greenbayupoc:ro] Call Stack (most recent call first):
[greenbayupoc:ro]   /mnt/host/source/src/third_party/zephyr/main/cmake/target_toolchain_flags.cmake:48 (include)
[greenbayupoc:ro]   /mnt/host/source/src/third_party/zephyr/main/cmake/modules/kernel.cmake:153 (include)
[greenbayupoc:ro]   /mnt/host/source/src/third_party/zephyr/main/cmake/modules/zephyr_default.cmake:138 (include)
[greenbayupoc:ro]   /mnt/host/source/src/third_party/zephyr/main/share/zephyr-package/cmake/ZephyrConfig.cmake:66 (include)
[greenbayupoc:ro]   /mnt/host/source/src/third_party/zephyr/main/share/zephyr-package/cmake/ZephyrConfig.cmake:97 (include_boilerplate)
[greenbayupoc:ro]   CMakeLists.txt:6 (find_package)
[rauru:ro] [93/380] Building C object CMakeFiles/app.dir/mnt/host/source/src/platform/ec/build/zephyr/rauru/modules/ec/driver/usb_mux/usb_mux.c.obj
[/mnt/host/source/src/platform/ec/build/zephyr/markarth-lcov]   /mnt/host/source/src/platform/ec/build/zephyr/markarth/build-ro/modules/ec/zephyr/CMakeFiles/ec_shim.dir/shim/src/usb_muxes.c.gcno:no functions found
[/mnt/host/source/src/platform/ec/build/zephyr/markarth-lcov] stderr:
[rauru:ro] [94/380] Building C object CMakeFiles/app.dir/mnt/host/source/src/platform/ec/build/zephyr/rauru/modules/ec/driver/usb_mux/virtual.c.obj
[rauru:ro] [95/380] Building C object CMakeFiles/app.dir/mnt/host/source/src/platform/ec/build/zephyr/rauru/modules/ec/driver/usb_mux/tusb1064.c.obj
[rauru:rw] [111/380] Building C object CMakeFiles/app.dir/mnt/host/source/src/platform/ec/build/zephyr/rauru/modules/ec/common/usb_pd_dual_role.c.obj
[rauru:rw] [112/380] Building C object CMakeFiles/app.dir/mnt/host/source/src/platform/ec/build/zephyr/rauru/modules/ec/common/usb_pd_discovery.c.obj
[yavilla:rw] [27/382] Building C object zephyr/CMakeFiles/zephyr.dir/lib/utils/getopt/getopt.c.obj
[yavilla:ro] [12/382] Building C object zephyr/CMakeFiles/zephyr.dir/lib/heap/heap.c.obj
[rauru:rw] [113/380] Building C object CMakeFiles/app.dir/mnt/host/source/src/platform/ec/build/zephyr/rauru/modules/ec/common/usbc/dp_hpd_gpio.c.obj
[rauru:rw] [114/380] Building C object CMakeFiles/app.dir/mnt/host/source/src/platform/ec/build/zephyr/rauru/modules/ec/driver/tcpm/ite_pd_intc.c.obj
[rauru:ro] [96/380] Building C object CMakeFiles/app.dir/mnt/host/source/src/platform/ec/build/zephyr/rauru/modules/ec/common/event_log.c.obj
[/mnt/host/source/src/platform/ec/build/zephyr/markarth-lcov]   /mnt/host/source/src/platform/ec/build/zephyr/markarth/build-ro/modules/ec/zephyr/CMakeFiles/ec_shim.dir/shim/src/usba.c.gcno:no functions found
[/mnt/host/source/src/platform/ec/build/zephyr/markarth-lcov] stderr:
[rauru:ro] [97/380] Building C object CMakeFiles/app.dir/mnt/host/source/src/platform/ec/build/zephyr/rauru/modules/ec/common/pd_log.c.obj
[greenbayupoc:ro] -- Performing EC specific devicetree checks
[rauru:rw] [115/380] Building C object CMakeFiles/app.dir/mnt/host/source/src/platform/ec/build/zephyr/rauru/modules/ec/common/usbc_ppc.c.obj
[rauru:rw] [116/380] Building C object CMakeFiles/app.dir/mnt/host/source/src/platform/ec/build/zephyr/rauru/modules/ec/driver/tcpm/tcpci.c.obj
[rauru:rw] [117/380] Building C object CMakeFiles/app.dir/mnt/host/source/src/platform/ec/build/zephyr/rauru/modules/ec/driver/tcpm/it8xxx2.c.obj
[greenbayupoc:ro] INFO: Verified 47 GPIOs, no duplicates found
[greenbayupoc:ro] INFO: Verified 21 '*-gpios' properties, all flags match.
[greenbayupoc:ro] INFO: Skipped 15 named-gpios children.
[yavilla:rw] [28/382] Building C object zephyr/CMakeFiles/zephyr.dir/lib/utils/getopt/getopt_common.c.obj
[greenbayupoc:ro] -- Generating component manifest file
[yavilla:ro] [13/382] Building C object zephyr/CMakeFiles/zephyr.dir/lib/os/cbprintf_packaged.c.obj
[rauru:rw] [118/380] Building C object CMakeFiles/app.dir/mnt/host/source/src/platform/ec/build/zephyr/rauru/modules/ec/common/vboot_hash.c.obj
[greenbayupoc:ro] INFO: Running CME, outputting to /mnt/host/source/src/platform/ec/build/zephyr/greenbayupoc/build-ro/zephyr/component_manifest.json
[rauru:rw] [119/380] Building C object CMakeFiles/app.dir/mnt/host/source/src/platform/ec/build/zephyr/rauru/modules/ec/driver/ppc/syv682x.c.obj
[yavilla:rw] [29/382] Building C object zephyr/CMakeFiles/zephyr.dir/lib/utils/ring_buffer.c.obj
[rauru:rw] [120/380] Building C object CMakeFiles/app.dir/mnt/host/source/src/platform/ec/build/zephyr/rauru/modules/ec/common/vboot/efs2.c.obj
[rauru:ro] [98/380] Building C object CMakeFiles/app.dir/mnt/host/source/src/platform/ec/build/zephyr/rauru/modules/ec/common/usbc/usb_prl_sm.c.obj
[rauru:rw] [121/380] Building C object CMakeFiles/app.dir/mnt/host/source/src/platform/ec/build/zephyr/rauru/modules/ec/common/button.c.obj
[yavilla:rw] [30/382] Building C object zephyr/CMakeFiles/zephyr.dir/lib/utils/last_section_id.c.obj
[rauru:rw] [122/380] Building C object CMakeFiles/app.dir/mnt/host/source/src/platform/ec/build/zephyr/rauru/modules/ec/zephyr/program/rauru/src/common.c.obj
[rauru:rw] [123/380] Building C object CMakeFiles/app.dir/mnt/host/source/src/platform/ec/build/zephyr/rauru/modules/ec/common/math_util.c.obj
[rauru:ro] [99/380] Building C object CMakeFiles/app.dir/mnt/host/source/src/platform/ec/build/zephyr/rauru/modules/ec/common/usbc/usbc_pd_policy.c.obj
[rauru:ro] [100/380] Building C object CMakeFiles/app.dir/mnt/host/source/src/platform/ec/build/zephyr/rauru/modules/ec/common/usbc/usb_tc_drp_acc_trysrc_sm.c.obj
[greenbayupoc:ro] -- warning_base_override: -Wall;-Wformat;-Wformat-security;-Wformat;-Wno-format-zero-length;-Wno-pointer-sign;-Wpointer-arith;-Wexpansion-to-defined
[rauru:rw] [124/380] Building C object CMakeFiles/app.dir/mnt/host/source/src/platform/ec/build/zephyr/rauru/modules/ec/common/vstore.c.obj
[yavilla:rw] [31/382] Building C object zephyr/CMakeFiles/zephyr.dir/misc/generated/configs.c.obj
[yavilla:ro] [14/382] Building C object zephyr/CMakeFiles/zephyr.dir/lib/os/clock.c.obj
[rauru:ro] [101/380] Building C object CMakeFiles/app.dir/mnt/host/source/src/platform/ec/build/zephyr/rauru/modules/ec/common/usbc/usb_pd_dpm.c.obj
[rauru:rw] [125/380] Building C object CMakeFiles/app.dir/mnt/host/source/src/platform/ec/build/zephyr/rauru/modules/ec/zephyr/program/rauru/src/i2c.c.obj
[greenbayupoc:ro] -- Found gen_kobject_list: /mnt/host/source/src/third_party/zephyr/main/scripts/build/gen_kobject_list.py
[yavilla:rw] [32/382] Building ASM object zephyr/CMakeFiles/zephyr.dir/soc/ite/ec/common/soc_irq.S.obj
[greenbayupoc:ro] WARNING: Unknown or disabled I2C port: i2c@f04480(i2c_ec_pmc_pd)
[greenbayupoc:ro] INFO: Project greenbayupoc does not support SSFC
[greenbayupoc:ro] INFO: No motionsense-sensor node found
[greenbayupoc:ro] CMake Warning at /mnt/host/source/src/third_party/zephyr/main/CMakeLists.txt:2359 (message):
[greenbayupoc:ro]   __ASSERT() statements are globally ENABLED
[rauru:rw] [126/380] Building C object CMakeFiles/app.dir/mnt/host/source/src/platform/ec/build/zephyr/rauru/modules/ec/zephyr/program/rauru/src/hibernate.c.obj
[greenbayupoc:ro] -- Configuring done (15.2s)
[rauru:rw] [127/380] Building C object CMakeFiles/app.dir/mnt/host/source/src/platform/ec/build/zephyr/rauru/modules/ec/zephyr/program/rauru/src/hooks.c.obj
[yavilla:ro] [15/382] Building C object zephyr/CMakeFiles/zephyr.dir/lib/os/printk.c.obj
[rauru:ro] [102/380] Building C object CMakeFiles/app.dir/mnt/host/source/src/platform/ec/build/zephyr/rauru/modules/ec/common/usbc/usb_pe_drp_sm.c.obj
[rauru:rw] [128/380] Building C object CMakeFiles/app.dir/mnt/host/source/src/platform/ec/build/zephyr/rauru/modules/ec/zephyr/program/rauru/src/backlight.c.obj
[rauru:rw] [129/380] Building C object CMakeFiles/app.dir/mnt/host/source/src/platform/ec/build/zephyr/rauru/modules/ec/zephyr/program/rauru/src/dp_alt_mode.c.obj
[rauru:rw] [130/380] Building C object CMakeFiles/app.dir/mnt/host/source/src/platform/ec/build/zephyr/rauru/modules/ec/zephyr/program/rauru/src/sub_board.c.obj
[rauru:rw] [131/380] Building C object CMakeFiles/app.dir/mnt/host/source/src/platform/ec/build/zephyr/rauru/modules/ec/zephyr/program/rauru/src/hdmi.c.obj
[rauru:ro] [103/380] Building C object CMakeFiles/app.dir/mnt/host/source/src/platform/ec/build/zephyr/rauru/modules/ec/common/usb_pd_console_cmd.c.obj
[rauru:ro] [104/380] Building C object CMakeFiles/app.dir/mnt/host/source/src/platform/ec/build/zephyr/rauru/modules/ec/common/usbc/dp_alt_mode.c.obj
[rauru:ro] [105/380] Building C object CMakeFiles/app.dir/mnt/host/source/src/platform/ec/build/zephyr/rauru/modules/ec/common/usb_pd_host_cmd.c.obj
[yavilla:rw] [33/382] Building C object zephyr/CMakeFiles/zephyr.dir/soc/ite/ec/common/soc_common_irq.c.obj
[rauru:ro] [106/380] Building C object CMakeFiles/app.dir/mnt/host/source/src/platform/ec/build/zephyr/rauru/modules/ec/common/usbc/usb_pd_host.c.obj
[greenbayupoc:ro] -- Generating done (0.6s)
[greenbayupoc:ro] CMake Warning:
[rauru:rw] [132/380] Building C object zephyr/CMakeFiles/zephyr.dir/lib/libc/validate_libc.c.obj
[yavilla:ro] [16/382] Building C object zephyr/CMakeFiles/zephyr.dir/lib/os/sem.c.obj
[rauru:rw] [133/380] Building C object CMakeFiles/app.dir/navi/src/suspend_resume.c.obj
[greenbayupoc:ro] -- Build files have been written to: /mnt/host/source/src/platform/ec/build/zephyr/greenbayupoc/build-ro
[greenbayupoc:ro]   Manually-specified variables were not used by the project:
[greenbayupoc:ro]     COREBOOT_SDK_ROOT_arm
[greenbayupoc:ro]     COREBOOT_SDK_ROOT_libstdcxx_arm
[greenbayupoc:ro]     COREBOOT_SDK_ROOT_libstdcxx_x86
[greenbayupoc:ro]     COREBOOT_SDK_ROOT_nds32
[greenbayupoc:ro]     COREBOOT_SDK_ROOT_picolibc_arm
[greenbayupoc:ro]     COREBOOT_SDK_ROOT_picolibc_x86
[greenbayupoc:ro]     COREBOOT_SDK_ROOT_riscv
[greenbayupoc:ro]     COREBOOT_SDK_ROOT_x86
[rauru:rw] [134/380] Building C object CMakeFiles/app.dir/mnt/host/source/src/platform/ec/build/zephyr/rauru/modules/ec/zephyr/program/rauru/src/usbc.c.obj
[rauru:rw] [135/380] Building C object zephyr/CMakeFiles/zephyr.dir/lib/os/printk.c.obj
[rauru:rw] [136/380] Building C object zephyr/CMakeFiles/zephyr.dir/lib/os/clock.c.obj
[rauru:rw] [137/380] Building C object zephyr/CMakeFiles/zephyr.dir/lib/heap/heap.c.obj
[yavilla:rw] [34/382] Building C object zephyr/CMakeFiles/zephyr.dir/soc/ite/ec/common/power.c.obj
[rauru:rw] [138/380] Building C object zephyr/CMakeFiles/zephyr.dir/lib/os/cbprintf_packaged.c.obj
[rauru:ro] [107/380] Building C object CMakeFiles/app.dir/mnt/host/source/src/platform/ec/build/zephyr/rauru/modules/ec/common/usbc/svdm_rsp_dfp_only.c.obj
[rauru:ro] [108/380] Building C object CMakeFiles/app.dir/mnt/host/source/src/platform/ec/build/zephyr/rauru/modules/ec/zephyr/shim/src/tcpc.c.obj
[rauru:rw] [139/380] Linking C static library app/libapp.a
[rauru:ro] [109/380] Building C object CMakeFiles/app.dir/mnt/host/source/src/platform/ec/build/zephyr/rauru/modules/ec/common/usb_pd_host_cmd_common.c.obj
[rauru:ro] [110/380] Building C object CMakeFiles/app.dir/mnt/host/source/src/platform/ec/build/zephyr/rauru/modules/ec/common/usbc_ocp.c.obj
[rauru:rw] [140/380] Building C object zephyr/CMakeFiles/zephyr.dir/lib/utils/dec.c.obj
[yavilla:ro] [17/382] Building C object zephyr/CMakeFiles/zephyr.dir/lib/os/thread_entry.c.obj
[rauru:ro] [111/380] Building C object CMakeFiles/app.dir/mnt/host/source/src/platform/ec/build/zephyr/rauru/modules/ec/common/usb_pd_discovery.c.obj
[rauru:rw] [141/380] Building C object zephyr/CMakeFiles/zephyr.dir/lib/os/sem.c.obj
[rauru:rw] [142/380] Building C object zephyr/CMakeFiles/zephyr.dir/lib/utils/hex.c.obj
[yavilla:rw] [35/382] Building C object zephyr/CMakeFiles/zephyr.dir/soc/ite/ec/common/policy.c.obj
[rauru:rw] [143/380] Building C object zephyr/CMakeFiles/zephyr.dir/lib/os/thread_entry.c.obj
[rauru:rw] [144/380] Building C object zephyr/CMakeFiles/zephyr.dir/lib/os/assert.c.obj
[rauru:rw] [145/380] Building C object zephyr/CMakeFiles/zephyr.dir/lib/os/cbprintf_nano.c.obj
[rauru:rw] [146/380] Building C object zephyr/CMakeFiles/zephyr.dir/lib/os/cbprintf.c.obj
[yavilla:rw] [36/382] Building C object zephyr/CMakeFiles/zephyr.dir/soc/ite/ec/it8xxx2/soc.c.obj
[/mnt/host/source/src/platform/ec/build/zephyr/markarth-lcov]   /mnt/host/source/src/platform/ec/build/zephyr/markarth/build-ro/modules/ec/zephyr/CMakeFiles/ec_shim.dir/shim/src/keyscan.c.gcno:no functions found
[/mnt/host/source/src/platform/ec/build/zephyr/markarth-lcov] stderr:
[rauru:rw] [147/380] Building C object zephyr/CMakeFiles/zephyr.dir/lib/utils/timeutil.c.obj
[rauru:rw] [148/380] Building C object zephyr/CMakeFiles/zephyr.dir/lib/utils/bitmask.c.obj
[rauru:rw] [149/380] Building C object zephyr/CMakeFiles/zephyr.dir/lib/utils/last_section_id.c.obj
[rauru:rw] [150/380] Building C object zephyr/CMakeFiles/zephyr.dir/lib/utils/rb.c.obj
[rauru:ro] [112/380] Building C object CMakeFiles/app.dir/mnt/host/source/src/platform/ec/build/zephyr/rauru/modules/ec/common/usb_pd_dual_role.c.obj
[yavilla:ro] [18/382] Building C object zephyr/CMakeFiles/zephyr.dir/lib/os/cbprintf_nano.c.obj
[rauru:rw] [151/380] Building C object zephyr/CMakeFiles/zephyr.dir/lib/utils/ring_buffer.c.obj
[rauru:ro] [113/380] Building C object CMakeFiles/app.dir/mnt/host/source/src/platform/ec/build/zephyr/rauru/modules/ec/driver/tcpm/ite_pd_intc.c.obj
[rauru:ro] [114/380] Building C object CMakeFiles/app.dir/mnt/host/source/src/platform/ec/build/zephyr/rauru/modules/ec/common/usbc/dp_hpd_gpio.c.obj
[yavilla:rw] [37/382] Building ASM object zephyr/CMakeFiles/zephyr.dir/soc/ite/ec/it8xxx2/vector.S.obj
[yavilla:rw] [38/382] Building C object zephyr/CMakeFiles/zephyr.dir/soc/ite/ec/it8xxx2/check_regs.c.obj
[rauru:rw] [152/380] Building C object zephyr/CMakeFiles/zephyr.dir/lib/utils/bitarray.c.obj
[yavilla:rw] [39/382] Building ASM object zephyr/CMakeFiles/zephyr.dir/soc/ite/ec/it8xxx2/__arithmetic.S.obj
[rauru:rw] [153/380] Building ASM object zephyr/CMakeFiles/zephyr.dir/soc/ite/ec/common/soc_irq.S.obj
[rauru:rw] [154/380] Building C object zephyr/CMakeFiles/zephyr.dir/misc/generated/configs.c.obj
[rauru:rw] [155/380] Building C object zephyr/CMakeFiles/zephyr.dir/lib/utils/getopt/getopt.c.obj
[rauru:rw] [156/380] Building C object zephyr/CMakeFiles/zephyr.dir/lib/utils/getopt/getopt_common.c.obj
[rauru:ro] [115/380] Building C object CMakeFiles/app.dir/mnt/host/source/src/platform/ec/build/zephyr/rauru/modules/ec/driver/tcpm/tcpci.c.obj
[rauru:ro] [116/380] Building C object CMakeFiles/app.dir/mnt/host/source/src/platform/ec/build/zephyr/rauru/modules/ec/driver/tcpm/it8xxx2.c.obj
[rauru:rw] [157/380] Building C object zephyr/CMakeFiles/zephyr.dir/soc/ite/ec/common/soc_common_irq.c.obj
[yavilla:ro] [19/382] Building C object zephyr/CMakeFiles/zephyr.dir/lib/os/cbprintf.c.obj
[rauru:rw] [158/380] Building C object zephyr/CMakeFiles/zephyr.dir/soc/ite/ec/common/power.c.obj
[rauru:rw] [159/380] Building ASM object zephyr/CMakeFiles/zephyr.dir/soc/ite/ec/it8xxx2/vector.S.obj
[rauru:ro] [117/380] Building C object CMakeFiles/app.dir/mnt/host/source/src/platform/ec/build/zephyr/rauru/modules/ec/common/usbc_ppc.c.obj
[yavilla:rw] [40/382] Building C object zephyr/CMakeFiles/zephyr.dir/soc/ite/ec/it8xxx2/ilm.c.obj
[rauru:rw] [160/380] Building C object zephyr/CMakeFiles/zephyr.dir/soc/ite/ec/it8xxx2/check_regs.c.obj
[rauru:rw] [161/380] Building C object zephyr/CMakeFiles/zephyr.dir/soc/ite/ec/common/policy.c.obj
[yavilla:rw] [41/382] Building C object zephyr/CMakeFiles/zephyr.dir/subsys/logging/log_minimal.c.obj
[rauru:ro] [118/380] Building C object CMakeFiles/app.dir/mnt/host/source/src/platform/ec/build/zephyr/rauru/modules/ec/common/vboot_hash.c.obj
[rauru:rw] [162/380] Building C object zephyr/CMakeFiles/zephyr.dir/soc/ite/ec/it8xxx2/soc.c.obj
[rauru:ro] [119/380] Building C object CMakeFiles/app.dir/mnt/host/source/src/platform/ec/build/zephyr/rauru/modules/ec/driver/ppc/syv682x.c.obj
[rauru:rw] [163/380] Building C object zephyr/CMakeFiles/zephyr.dir/soc/ite/ec/it8xxx2/ilm.c.obj
[rauru:rw] [164/380] Building C object zephyr/CMakeFiles/zephyr.dir/subsys/logging/log_minimal.c.obj
[rauru:rw] [165/380] Building C object zephyr/CMakeFiles/zephyr.dir/subsys/pm/state.c.obj
[yavilla:ro] [20/382] Building C object zephyr/CMakeFiles/zephyr.dir/lib/os/assert.c.obj
[yavilla:rw] [42/382] Building C object zephyr/CMakeFiles/zephyr.dir/subsys/pm/state.c.obj
[rauru:ro] [120/380] Building C object CMakeFiles/app.dir/mnt/host/source/src/platform/ec/build/zephyr/rauru/modules/ec/common/button.c.obj
[rauru:rw] [166/380] Building C object zephyr/CMakeFiles/zephyr.dir/subsys/pm/pm.c.obj
[rauru:ro] [121/380] Building C object CMakeFiles/app.dir/mnt/host/source/src/platform/ec/build/zephyr/rauru/modules/ec/common/vboot/efs2.c.obj
[rauru:rw] [167/380] Building C object zephyr/CMakeFiles/zephyr.dir/subsys/pm/policy/policy_latency.c.obj
[yavilla:ro] [21/382] Building C object zephyr/CMakeFiles/zephyr.dir/lib/utils/dec.c.obj
[rauru:rw] [168/380] Building C object zephyr/CMakeFiles/zephyr.dir/subsys/pm/policy/policy_events.c.obj
[yavilla:rw] [43/382] Building C object zephyr/CMakeFiles/zephyr.dir/subsys/pm/pm.c.obj
[rauru:ro] [122/380] Building C object CMakeFiles/app.dir/mnt/host/source/src/platform/ec/build/zephyr/rauru/modules/ec/common/vstore.c.obj
[rauru:rw] [169/380] Building C object zephyr/CMakeFiles/zephyr.dir/subsys/pm/policy/policy_state_lock.c.obj
[yavilla:ro] [22/382] Building C object zephyr/CMakeFiles/zephyr.dir/lib/utils/hex.c.obj
[rauru:ro] [123/380] Building C object CMakeFiles/app.dir/mnt/host/source/src/platform/ec/build/zephyr/rauru/modules/ec/zephyr/program/rauru/src/common.c.obj
[rauru:rw] [170/380] Building C object zephyr/CMakeFiles/zephyr.dir/subsys/pm/device.c.obj
[rauru:rw] [171/380] Building C object zephyr/CMakeFiles/zephyr.dir/subsys/testsuite/coverage/coverage.c.obj
[rauru:rw] [172/380] Building C object zephyr/CMakeFiles/zephyr.dir/subsys/pm/device_system_managed.c.obj
[rauru:ro] [124/380] Building C object CMakeFiles/app.dir/mnt/host/source/src/platform/ec/build/zephyr/rauru/modules/ec/common/math_util.c.obj
[rauru:rw] [173/380] Building C object zephyr/CMakeFiles/zephyr.dir/subsys/tracing/tracing_none.c.obj
[yavilla:rw] [44/382] Building C object zephyr/CMakeFiles/zephyr.dir/subsys/pm/policy/policy_events.c.obj
[yavilla:rw] [45/382] Building C object zephyr/CMakeFiles/zephyr.dir/subsys/pm/policy/policy_latency.c.obj
[rauru:rw] [174/380] Building C object zephyr/CMakeFiles/zephyr.dir/subsys/shell/modules/kernel_service/kernel_shell.c.obj
[rauru:rw] [175/380] Building C object zephyr/CMakeFiles/zephyr.dir/subsys/shell/modules/kernel_service/cycles.c.obj
[rauru:ro] [125/380] Building C object CMakeFiles/app.dir/mnt/host/source/src/platform/ec/build/zephyr/rauru/modules/ec/zephyr/program/rauru/src/i2c.c.obj
[rauru:rw] [176/380] Building C object zephyr/CMakeFiles/zephyr.dir/subsys/shell/modules/kernel_service/sleep.c.obj
[rauru:ro] [126/380] Building C object CMakeFiles/app.dir/mnt/host/source/src/platform/ec/build/zephyr/rauru/modules/ec/zephyr/program/rauru/src/hibernate.c.obj
[yavilla:ro] [23/382] Building C object zephyr/CMakeFiles/zephyr.dir/lib/utils/rb.c.obj
[rauru:rw] [177/380] Building C object zephyr/CMakeFiles/zephyr.dir/subsys/shell/modules/kernel_service/uptime.c.obj
[rauru:ro] [127/380] Building C object CMakeFiles/app.dir/mnt/host/source/src/platform/ec/build/zephyr/rauru/modules/ec/zephyr/program/rauru/src/hooks.c.obj
[rauru:rw] [178/380] Building C object zephyr/CMakeFiles/zephyr.dir/subsys/shell/modules/kernel_service/version.c.obj
[rauru:rw] [179/380] Building C object zephyr/CMakeFiles/zephyr.dir/subsys/shell/modules/kernel_service/thread/thread.c.obj
[rauru:rw] [180/380] Building C object zephyr/CMakeFiles/zephyr.dir/subsys/shell/modules/kernel_service/thread/list.c.obj
[rauru:ro] [128/380] Building C object CMakeFiles/app.dir/mnt/host/source/src/platform/ec/build/zephyr/rauru/modules/ec/zephyr/program/rauru/src/sub_board.c.obj
[yavilla:rw] [46/382] Building C object zephyr/CMakeFiles/zephyr.dir/subsys/pm/policy/policy_state_lock.c.obj
[yavilla:ro] [24/382] Building C object zephyr/CMakeFiles/zephyr.dir/lib/utils/timeutil.c.obj
[yavilla:rw] [47/382] Building C object zephyr/CMakeFiles/zephyr.dir/subsys/pm/device.c.obj
[rauru:rw] [181/380] Building C object zephyr/CMakeFiles/zephyr.dir/subsys/shell/modules/kernel_service/thread/stacks.c.obj
[rauru:ro] [129/380] Building C object CMakeFiles/app.dir/mnt/host/source/src/platform/ec/build/zephyr/rauru/modules/ec/zephyr/program/rauru/src/dp_alt_mode.c.obj
[rauru:rw] [182/380] Building C object zephyr/CMakeFiles/zephyr.dir/subsys/shell/modules/kernel_service/thread/unwind.c.obj
[rauru:rw] [183/380] Building C object zephyr/CMakeFiles/zephyr.dir/subsys/shell/modules/kernel_service/thread/suspend.c.obj
[rauru:ro] [130/380] Building C object CMakeFiles/app.dir/mnt/host/source/src/platform/ec/build/zephyr/rauru/modules/ec/zephyr/program/rauru/src/backlight.c.obj
[rauru:ro] [131/380] Building C object CMakeFiles/app.dir/mnt/host/source/src/platform/ec/build/zephyr/rauru/modules/ec/zephyr/program/rauru/src/hdmi.c.obj
[rauru:rw] [184/380] Building C object zephyr/CMakeFiles/zephyr.dir/subsys/shell/modules/kernel_service/thread/resume.c.obj
[yavilla:rw] [48/382] Building C object zephyr/CMakeFiles/zephyr.dir/subsys/pm/device_system_managed.c.obj
[yavilla:rw] [49/382] Building C object zephyr/CMakeFiles/zephyr.dir/subsys/testsuite/coverage/coverage.c.obj
[rauru:rw] [185/380] Building C object zephyr/CMakeFiles/zephyr.dir/subsys/shell/modules/kernel_service/thread/kill.c.obj
[yavilla:ro] [25/382] Building C object zephyr/CMakeFiles/zephyr.dir/lib/utils/bitarray.c.obj
[rauru:rw] [186/380] Building C object zephyr/CMakeFiles/zephyr.dir/subsys/shell/shell_fprintf.c.obj
[rauru:rw] [187/380] Building C object zephyr/CMakeFiles/zephyr.dir/subsys/shell/backends/shell_uart.c.obj
[rauru:ro] [132/380] Building C object CMakeFiles/app.dir/mnt/host/source/src/platform/ec/build/zephyr/rauru/modules/ec/zephyr/program/rauru/src/usbc.c.obj
[rauru:ro] [133/380] Building C object zephyr/CMakeFiles/zephyr.dir/lib/libc/validate_libc.c.obj
[rauru:ro] [134/380] Building C object CMakeFiles/app.dir/navi/src/suspend_resume.c.obj
[yavilla:ro] [26/382] Building C object zephyr/CMakeFiles/zephyr.dir/lib/utils/bitmask.c.obj
[rauru:rw] [188/380] Building C object zephyr/CMakeFiles/zephyr.dir/subsys/shell/shell.c.obj
[rauru:ro] [135/380] Building C object zephyr/CMakeFiles/zephyr.dir/lib/heap/heap.c.obj
[rauru:rw] [189/380] Building C object zephyr/CMakeFiles/zephyr.dir/subsys/shell/shell_utils.c.obj
[rauru:ro] [136/380] Building C object zephyr/CMakeFiles/zephyr.dir/lib/os/cbprintf_packaged.c.obj
[yavilla:rw] [50/382] Building C object zephyr/CMakeFiles/zephyr.dir/subsys/tracing/tracing_none.c.obj
[rauru:ro] [137/380] Linking C static library app/libapp.a
[rauru:rw] [190/380] Building C object zephyr/CMakeFiles/zephyr.dir/subsys/shell/shell_help.c.obj
[rauru:rw] [191/380] Building C object zephyr/CMakeFiles/zephyr.dir/subsys/shell/shell_ops.c.obj
[rauru:rw] [192/380] Building C object zephyr/arch/common/CMakeFiles/arch__common.dir/sw_isr_common.c.obj
[rauru:rw] [193/380] Building C object zephyr/CMakeFiles/zephyr.dir/subsys/shell/shell_history.c.obj
[yavilla:rw] [51/382] Building C object zephyr/CMakeFiles/zephyr.dir/subsys/shell/backends/shell_uart.c.obj
[rauru:rw] [194/380] Building C object zephyr/CMakeFiles/zephyr.dir/drivers/flash/flash_util.c.obj
[rauru:ro] [138/380] Building C object zephyr/CMakeFiles/zephyr.dir/lib/os/printk.c.obj
[rauru:rw] [195/380] Linking C static library zephyr/libzephyr.a
[rauru:ro] [139/380] Building C object zephyr/CMakeFiles/zephyr.dir/lib/os/clock.c.obj
[rauru:rw] [196/380] Building C object zephyr/arch/common/CMakeFiles/arch__common.dir/dynamic_isr.c.obj
[yavilla:ro] [27/382] Building C object zephyr/CMakeFiles/zephyr.dir/lib/utils/getopt/getopt.c.obj
[rauru:rw] [197/380] Building C object zephyr/arch/common/CMakeFiles/arch__common.dir/init.c.obj
[/mnt/host/source/src/platform/ec/build/zephyr/markarth-lcov]   /mnt/host/source/src/platform/ec/build/zephyr/markarth/build-ro/CMakeFiles/app.dir/mnt/host/source/src/platform/ec/build/zephyr/markarth/modules/ec/common/usb_pd_pdo.c.gcno:no functions found
[/mnt/host/source/src/platform/ec/build/zephyr/markarth-lcov] stderr:
[rauru:rw] [198/380] Building C object zephyr/arch/common/CMakeFiles/arch__common.dir/xip.c.obj
[rauru:ro] [140/380] Building C object zephyr/CMakeFiles/zephyr.dir/lib/os/thread_entry.c.obj
[rauru:ro] [141/380] Building C object zephyr/CMakeFiles/zephyr.dir/lib/os/cbprintf_nano.c.obj
[rauru:rw] [199/380] Building C object zephyr/arch/common/CMakeFiles/isr_tables.dir/isr_tables.c.obj
[rauru:ro] [142/380] Building C object zephyr/CMakeFiles/zephyr.dir/lib/os/sem.c.obj
[rauru:rw] [200/380] Linking C static library zephyr/arch/common/libisr_tables.a
[yavilla:rw] [52/382] Building C object zephyr/CMakeFiles/zephyr.dir/subsys/shell/shell.c.obj
[rauru:rw] [201/380] Building C object zephyr/arch/arch/riscv/core/CMakeFiles/arch__riscv__core.dir/prep_c.c.obj
[rauru:rw] [202/380] Building C object zephyr/arch/arch/riscv/core/CMakeFiles/arch__riscv__core.dir/cpu_idle.c.obj
[rauru:rw] [203/380] Linking C static library zephyr/arch/common/libarch__common.a
[rauru:ro] [143/380] Building C object zephyr/CMakeFiles/zephyr.dir/lib/utils/hex.c.obj
[rauru:rw] [204/380] Building C object zephyr/arch/arch/riscv/core/CMakeFiles/arch__riscv__core.dir/fatal.c.obj
[rauru:ro] [144/380] Building C object zephyr/CMakeFiles/zephyr.dir/lib/utils/dec.c.obj
[rauru:ro] [145/380] Building C object zephyr/CMakeFiles/zephyr.dir/lib/os/cbprintf.c.obj
[yavilla:rw] [53/382] Building C object zephyr/CMakeFiles/zephyr.dir/subsys/shell/shell_fprintf.c.obj
[rauru:ro] [146/380] Building C object zephyr/CMakeFiles/zephyr.dir/lib/os/assert.c.obj
[rauru:rw] [205/380] Building C object zephyr/arch/arch/riscv/core/CMakeFiles/arch__riscv__core.dir/irq_manage.c.obj
[rauru:ro] [147/380] Building C object zephyr/CMakeFiles/zephyr.dir/lib/utils/timeutil.c.obj
[yavilla:ro] [28/382] Building C object zephyr/CMakeFiles/zephyr.dir/lib/utils/getopt/getopt_common.c.obj
[rauru:rw] [206/380] Building C object zephyr/arch/arch/riscv/core/CMakeFiles/arch__riscv__core.dir/reboot.c.obj
[rauru:rw] [207/380] Generating ../../../include/generated/libc/minimal/strerror_table.h
[rauru:ro] [148/380] Building C object zephyr/CMakeFiles/zephyr.dir/lib/utils/bitmask.c.obj
[rauru:rw] [208/380] Building ASM object zephyr/arch/arch/riscv/core/CMakeFiles/arch__riscv__core.dir/reset.S.obj
[rauru:ro] [149/380] Building C object zephyr/CMakeFiles/zephyr.dir/lib/utils/rb.c.obj
[rauru:rw] [209/380] Building ASM object zephyr/arch/arch/riscv/core/CMakeFiles/arch__riscv__core.dir/isr.S.obj
[yavilla:rw] [54/382] Building C object zephyr/CMakeFiles/zephyr.dir/subsys/shell/shell_utils.c.obj
[rauru:rw] [210/380] Building ASM object zephyr/arch/arch/riscv/core/CMakeFiles/arch__riscv__core.dir/switch.S.obj
[rauru:rw] [211/380] Building C object zephyr/lib/libc/minimal/CMakeFiles/lib__libc__minimal.dir/source/stdlib/atoi.c.obj
[rauru:rw] [212/380] Building C object zephyr/arch/arch/riscv/core/CMakeFiles/arch__riscv__core.dir/thread.c.obj
[yavilla:ro] [29/382] Building C object zephyr/CMakeFiles/zephyr.dir/lib/utils/ring_buffer.c.obj
[rauru:ro] [150/380] Building C object zephyr/CMakeFiles/zephyr.dir/lib/utils/last_section_id.c.obj
[rauru:rw] [213/380] Building C object zephyr/arch/arch/riscv/core/CMakeFiles/arch__riscv__core.dir/stacktrace.c.obj
[rauru:rw] [214/380] Building C object zephyr/lib/libc/minimal/CMakeFiles/lib__libc__minimal.dir/source/stdlib/strtol.c.obj
[rauru:rw] [215/380] Building C object zephyr/lib/libc/minimal/CMakeFiles/lib__libc__minimal.dir/source/stdlib/strtoul.c.obj
[rauru:rw] [216/380] Building C object zephyr/lib/libc/minimal/CMakeFiles/lib__libc__minimal.dir/source/stdlib/strtoull.c.obj
[rauru:rw] [217/380] Linking C static library zephyr/arch/arch/riscv/core/libarch__riscv__core.a
[rauru:rw] [218/380] Building C object zephyr/lib/libc/minimal/CMakeFiles/lib__libc__minimal.dir/source/stdlib/bsearch.c.obj
[rauru:rw] [219/380] Building C object zephyr/lib/libc/minimal/CMakeFiles/lib__libc__minimal.dir/source/stdlib/strtoll.c.obj
[rauru:ro] [151/380] Building C object zephyr/CMakeFiles/zephyr.dir/lib/utils/ring_buffer.c.obj
[yavilla:ro] [30/382] Building C object zephyr/CMakeFiles/zephyr.dir/lib/utils/last_section_id.c.obj
[rauru:ro] [152/380] Building C object zephyr/CMakeFiles/zephyr.dir/lib/utils/bitarray.c.obj
[rauru:ro] [153/380] Building C object zephyr/CMakeFiles/zephyr.dir/lib/utils/getopt/getopt.c.obj
[yavilla:rw] [55/382] Building C object zephyr/CMakeFiles/zephyr.dir/subsys/shell/shell_ops.c.obj
[rauru:rw] [220/380] Building C object zephyr/lib/libc/minimal/CMakeFiles/lib__libc__minimal.dir/source/string/strncasecmp.c.obj
[rauru:rw] [221/380] Building C object zephyr/lib/libc/minimal/CMakeFiles/lib__libc__minimal.dir/source/string/strstr.c.obj
[rauru:rw] [222/380] Building C object zephyr/lib/libc/minimal/CMakeFiles/lib__libc__minimal.dir/source/string/string.c.obj
[rauru:rw] [223/380] Building C object zephyr/lib/libc/common/CMakeFiles/lib__libc__common.dir/source/stdlib/abort.c.obj
[rauru:rw] [224/380] Building C object zephyr/lib/libc/minimal/CMakeFiles/lib__libc__minimal.dir/source/string/strerror.c.obj
[yavilla:ro] [31/382] Building C object zephyr/CMakeFiles/zephyr.dir/misc/generated/configs.c.obj
[rauru:ro] [154/380] Building C object zephyr/CMakeFiles/zephyr.dir/lib/utils/getopt/getopt_common.c.obj
[rauru:rw] [225/380] Building C object zephyr/lib/libc/minimal/CMakeFiles/lib__libc__minimal.dir/source/stdlib/qsort.c.obj
[rauru:ro] [155/380] Building C object zephyr/CMakeFiles/zephyr.dir/misc/generated/configs.c.obj
[rauru:rw] [226/380] Building C object zephyr/lib/libc/minimal/CMakeFiles/lib__libc__minimal.dir/source/string/strspn.c.obj
[rauru:ro] [156/380] Building ASM object zephyr/CMakeFiles/zephyr.dir/soc/ite/ec/common/soc_irq.S.obj
[yavilla:rw] [56/382] Building C object zephyr/CMakeFiles/zephyr.dir/drivers/flash/flash_util.c.obj
[rauru:rw] [227/380] Building C object zephyr/lib/libc/minimal/CMakeFiles/lib__libc__minimal.dir/source/math/sqrtf.c.obj
[rauru:rw] [228/380] Building C object zephyr/lib/libc/minimal/CMakeFiles/lib__libc__minimal.dir/source/math/sqrt.c.obj
[yavilla:rw] [57/382] Linking C static library zephyr/libzephyr.a
[yavilla:ro] [32/382] Building ASM object zephyr/CMakeFiles/zephyr.dir/soc/ite/ec/common/soc_irq.S.obj
[rauru:rw] [229/380] Building C object zephyr/lib/libc/minimal/CMakeFiles/lib__libc__minimal.dir/source/stdlib/exit.c.obj
[yavilla:rw] [58/382] Building C object zephyr/arch/common/CMakeFiles/arch__common.dir/sw_isr_common.c.obj
[rauru:rw] [230/380] Building C object zephyr/lib/libc/minimal/CMakeFiles/lib__libc__minimal.dir/source/stdout/sprintf.c.obj
[rauru:rw] [231/380] Building C object zephyr/lib/libc/minimal/CMakeFiles/lib__libc__minimal.dir/source/stdout/fprintf.c.obj
[rauru:ro] [157/380] Building C object zephyr/CMakeFiles/zephyr.dir/soc/ite/ec/common/soc_common_irq.c.obj
[rauru:rw] [232/380] Building C object zephyr/lib/libc/common/CMakeFiles/lib__libc__common.dir/source/time/gmtime_r.c.obj
[rauru:rw] [233/380] Building C object zephyr/lib/libc/common/CMakeFiles/lib__libc__common.dir/source/time/asctime.c.obj
[rauru:ro] [158/380] Building C object zephyr/CMakeFiles/zephyr.dir/soc/ite/ec/common/power.c.obj
[rauru:rw] [234/380] Building C object zephyr/lib/libc/minimal/CMakeFiles/lib__libc__minimal.dir/source/time/gmtime.c.obj
[rauru:rw] [235/380] Building C object zephyr/lib/libc/common/CMakeFiles/lib__libc__common.dir/source/time/localtime_r_utc.c.obj
[rauru:rw] [236/380] Building C object zephyr/lib/libc/common/CMakeFiles/lib__libc__common.dir/source/string/strnlen.c.obj
[rauru:rw] [237/380] Building C object zephyr/lib/libc/minimal/CMakeFiles/lib__libc__minimal.dir/source/stdout/stdout_console.c.obj
[rauru:ro] [159/380] Building C object zephyr/CMakeFiles/zephyr.dir/soc/ite/ec/common/policy.c.obj
[rauru:ro] [160/380] Building C object zephyr/CMakeFiles/zephyr.dir/soc/ite/ec/it8xxx2/soc.c.obj
[rauru:rw] [238/380] Building C object zephyr/lib/libc/common/CMakeFiles/lib__libc__common.dir/source/time/time.c.obj
[rauru:rw] [239/380] Linking C static library zephyr/lib/libc/minimal/liblib__libc__minimal.a
[rauru:rw] [240/380] Building C object zephyr/lib/posix/c_lib_ext/CMakeFiles/lib__posix__c_lib_ext.dir/fnmatch.c.obj
[rauru:ro] [161/380] Building C object zephyr/CMakeFiles/zephyr.dir/soc/ite/ec/it8xxx2/check_regs.c.obj
[yavilla:rw] [59/382] Building C object zephyr/arch/common/CMakeFiles/arch__common.dir/init.c.obj
[rauru:rw] [241/380] Building C object zephyr/lib/libc/common/CMakeFiles/lib__libc__common.dir/source/time/ctime.c.obj
[yavilla:ro] [33/382] Building C object zephyr/CMakeFiles/zephyr.dir/soc/ite/ec/common/soc_common_irq.c.obj
[yavilla:rw] [60/382] Building C object zephyr/arch/common/CMakeFiles/arch__common.dir/dynamic_isr.c.obj
[rauru:ro] [162/380] Building ASM object zephyr/CMakeFiles/zephyr.dir/soc/ite/ec/it8xxx2/vector.S.obj
[rauru:rw] [242/380] Building C object zephyr/subsys/crc/CMakeFiles/subsys__crc.dir/crc4_sw.c.obj
[rauru:rw] [243/380] Building C object zephyr/subsys/crc/CMakeFiles/subsys__crc.dir/crc8_sw.c.obj
[rauru:rw] [244/380] Building C object zephyr/subsys/crc/CMakeFiles/subsys__crc.dir/crc16_sw.c.obj
[rauru:rw] [245/380] Building C object zephyr/subsys/crc/CMakeFiles/subsys__crc.dir/crc7_sw.c.obj
[rauru:ro] [163/380] Building C object zephyr/CMakeFiles/zephyr.dir/soc/ite/ec/it8xxx2/ilm.c.obj
[rauru:rw] [246/380] Building C object zephyr/lib/libc/common/CMakeFiles/lib__libc__common.dir/source/stdlib/malloc.c.obj
[rauru:rw] [247/380] Building C object zephyr/subsys/crc/CMakeFiles/subsys__crc.dir/crc24_sw.c.obj
[rauru:ro] [164/380] Building C object zephyr/CMakeFiles/zephyr.dir/subsys/pm/state.c.obj
[rauru:rw] [248/380] Building C object zephyr/lib/posix/c_lib_ext/CMakeFiles/lib__posix__c_lib_ext.dir/getentropy.c.obj
[rauru:rw] [249/380] Linking C static library zephyr/lib/libc/common/liblib__libc__common.a
[rauru:rw] [250/380] Building C object zephyr/subsys/crc/CMakeFiles/subsys__crc.dir/crc32c_sw.c.obj
[rauru:ro] [165/380] Building C object zephyr/CMakeFiles/zephyr.dir/subsys/logging/log_minimal.c.obj
[rauru:rw] [251/380] Building C object zephyr/subsys/crc/CMakeFiles/subsys__crc.dir/crc32_sw.c.obj
[rauru:rw] [252/380] Building C object zephyr/lib/posix/c_lib_ext/CMakeFiles/lib__posix__c_lib_ext.dir/getopt_shim.c.obj
[rauru:ro] [166/380] Building C object zephyr/CMakeFiles/zephyr.dir/subsys/pm/pm.c.obj
[yavilla:rw] [61/382] Building C object zephyr/arch/common/CMakeFiles/arch__common.dir/xip.c.obj
[rauru:rw] [253/380] Building C object zephyr/subsys/crc/CMakeFiles/subsys__crc.dir/crc32k_4_2_sw.c.obj
[rauru:rw] [254/380] Linking C static library zephyr/subsys/crc/libsubsys__crc.a
[rauru:rw] [255/380] Linking C static library zephyr/lib/posix/c_lib_ext/liblib__posix__c_lib_ext.a
[rauru:rw] [256/380] Building C object zephyr/subsys/mgmt/ec_host_cmd/backends/CMakeFiles/subsys__mgmt__ec_host_cmd__backends.dir/ec_host_cmd_backend_shi_ite.c.obj
[yavilla:ro] [34/382] Building C object zephyr/CMakeFiles/zephyr.dir/soc/ite/ec/common/power.c.obj
[yavilla:rw] [62/382] Building C object zephyr/arch/common/CMakeFiles/isr_tables.dir/isr_tables.c.obj
[rauru:rw] [257/380] Linking C static library zephyr/subsys/mgmt/ec_host_cmd/backends/libsubsys__mgmt__ec_host_cmd__backends.a
[rauru:rw] [258/380] Building C object zephyr/subsys/mgmt/ec_host_cmd/CMakeFiles/subsys__mgmt__ec_host_cmd.dir/ec_host_cmd_handler.c.obj
[rauru:rw] [259/380] Linking C static library zephyr/subsys/mgmt/ec_host_cmd/libsubsys__mgmt__ec_host_cmd.a
[rauru:ro] [167/380] Building C object zephyr/CMakeFiles/zephyr.dir/subsys/pm/policy/policy_events.c.obj
[yavilla:rw] [63/382] Linking C static library zephyr/arch/common/libisr_tables.a
[rauru:ro] [168/380] Building C object zephyr/CMakeFiles/zephyr.dir/subsys/pm/policy/policy_latency.c.obj
[yavilla:rw] [64/382] Linking C static library zephyr/arch/common/libarch__common.a
[rauru:ro] [169/380] Building C object zephyr/CMakeFiles/zephyr.dir/subsys/pm/policy/policy_state_lock.c.obj
[yavilla:rw] [65/382] Building C object zephyr/arch/arch/riscv/core/CMakeFiles/arch__riscv__core.dir/cpu_idle.c.obj
[rauru:ro] [170/380] Building C object zephyr/CMakeFiles/zephyr.dir/subsys/pm/device_system_managed.c.obj
[rauru:ro] [171/380] Building C object zephyr/CMakeFiles/zephyr.dir/subsys/pm/device.c.obj
[rauru:rw] [260/380] Building C object zephyr/drivers/interrupt_controller/CMakeFiles/drivers__interrupt_controller.dir/wuc_ite_it8xxx2.c.obj
[rauru:rw] [261/380] Building C object zephyr/drivers/interrupt_controller/CMakeFiles/drivers__interrupt_controller.dir/intc_ite_it8xxx2_v2.c.obj
[rauru:rw] [262/380] Building C object zephyr/drivers/adc/CMakeFiles/drivers__adc.dir/adc_common.c.obj
[rauru:rw] [263/380] Linking C static library zephyr/drivers/interrupt_controller/libdrivers__interrupt_controller.a
[rauru:rw] [264/380] Building C object zephyr/drivers/bbram/CMakeFiles/drivers__bbram.dir/bbram_it8xxx2.c.obj
[yavilla:ro] [35/382] Building C object zephyr/CMakeFiles/zephyr.dir/soc/ite/ec/common/policy.c.obj
[rauru:rw] [265/380] Linking C static library zephyr/drivers/bbram/libdrivers__bbram.a
[rauru:rw] [266/380] Building C object zephyr/drivers/console/CMakeFiles/drivers__console.dir/uart_console.c.obj
[rauru:ro] [172/380] Building C object zephyr/CMakeFiles/zephyr.dir/subsys/testsuite/coverage/coverage.c.obj
[rauru:rw] [267/380] Building C object zephyr/drivers/adc/CMakeFiles/drivers__adc.dir/adc_ite_it8xxx2.c.obj
[rauru:rw] [268/380] Linking C static library zephyr/drivers/console/libdrivers__console.a
[rauru:ro] [173/380] Building C object zephyr/CMakeFiles/zephyr.dir/subsys/tracing/tracing_none.c.obj
[rauru:rw] [269/380] Building C object zephyr/drivers/crypto/CMakeFiles/drivers__crypto.dir/crypto_it8xxx2_sha_v2.c.obj
[rauru:rw] [270/380] Linking C static library zephyr/drivers/adc/libdrivers__adc.a
[rauru:ro] [174/380] Building C object zephyr/CMakeFiles/zephyr.dir/subsys/shell/modules/kernel_service/kernel_shell.c.obj
[rauru:rw] [271/380] Linking C static library zephyr/drivers/crypto/libdrivers__crypto.a
[yavilla:rw] [66/382] Building C object zephyr/arch/arch/riscv/core/CMakeFiles/arch__riscv__core.dir/fatal.c.obj
[rauru:ro] [175/380] Building C object zephyr/CMakeFiles/zephyr.dir/subsys/shell/modules/kernel_service/sleep.c.obj
[yavilla:rw] [67/382] Building C object zephyr/arch/arch/riscv/core/CMakeFiles/arch__riscv__core.dir/irq_manage.c.obj
[rauru:rw] [272/380] Building C object zephyr/drivers/flash/CMakeFiles/drivers__flash.dir/flash_ite_it8xxx2.c.obj
[rauru:ro] [176/380] Building C object zephyr/CMakeFiles/zephyr.dir/subsys/shell/modules/kernel_service/cycles.c.obj
[yavilla:rw] [68/382] Building C object zephyr/arch/arch/riscv/core/CMakeFiles/arch__riscv__core.dir/prep_c.c.obj
[rauru:rw] [273/380] Building C object zephyr/drivers/i2c/CMakeFiles/drivers__i2c.dir/i2c_common.c.obj
[rauru:rw] [274/380] Linking C static library zephyr/drivers/flash/libdrivers__flash.a
[yavilla:ro] [36/382] Building C object zephyr/CMakeFiles/zephyr.dir/soc/ite/ec/it8xxx2/soc.c.obj
[rauru:rw] [275/380] Building C object zephyr/drivers/pinctrl/CMakeFiles/drivers__pinctrl.dir/common.c.obj
[rauru:rw] [276/380] Building C object zephyr/drivers/i2c/CMakeFiles/drivers__i2c.dir/i2c_bitbang.c.obj
[rauru:ro] [177/380] Building C object zephyr/CMakeFiles/zephyr.dir/subsys/shell/modules/kernel_service/version.c.obj
[rauru:ro] [178/380] Building C object zephyr/CMakeFiles/zephyr.dir/subsys/shell/modules/kernel_service/uptime.c.obj
[rauru:rw] [277/380] Building C object zephyr/drivers/i2c/CMakeFiles/drivers__i2c.dir/i2c_shell.c.obj
[rauru:rw] [278/380] Building C object zephyr/drivers/sensor/CMakeFiles/drivers__sensor.dir/mnt/host/source/src/third_party/zephyr/main/misc/empty_file.c.obj
[rauru:rw] [279/380] Linking C static library zephyr/drivers/sensor/libdrivers__sensor.a
[rauru:ro] [179/380] Building C object zephyr/CMakeFiles/zephyr.dir/subsys/shell/modules/kernel_service/thread/list.c.obj
[rauru:ro] [180/380] Building C object zephyr/CMakeFiles/zephyr.dir/subsys/shell/modules/kernel_service/thread/thread.c.obj
[yavilla:rw] [69/382] Building C object zephyr/arch/arch/riscv/core/CMakeFiles/arch__riscv__core.dir/reboot.c.obj
[rauru:rw] [280/380] Building C object zephyr/drivers/i2c/CMakeFiles/drivers__i2c.dir/i2c_ite_enhance.c.obj
[rauru:rw] [281/380] Linking C static library zephyr/drivers/i2c/libdrivers__i2c.a
[yavilla:rw] [70/382] Building ASM object zephyr/arch/arch/riscv/core/CMakeFiles/arch__riscv__core.dir/reset.S.obj
[yavilla:ro] [37/382] Building C object zephyr/CMakeFiles/zephyr.dir/soc/ite/ec/it8xxx2/check_regs.c.obj
[rauru:rw] [282/380] Building C object zephyr/drivers/pwm/CMakeFiles/drivers__pwm.dir/pwm_shell.c.obj
[rauru:rw] [283/380] Building C object zephyr/drivers/gpio/CMakeFiles/drivers__gpio.dir/gpio_ite_it8xxx2_v2.c.obj
[rauru:ro] [181/380] Building C object zephyr/CMakeFiles/zephyr.dir/subsys/shell/modules/kernel_service/thread/stacks.c.obj
[rauru:rw] [284/380] Building C object zephyr/drivers/pwm/CMakeFiles/drivers__pwm.dir/pwm_ite_it8xxx2.c.obj
[rauru:ro] [182/380] Building C object zephyr/CMakeFiles/zephyr.dir/subsys/shell/modules/kernel_service/thread/unwind.c.obj
[rauru:rw] [285/380] Linking C static library zephyr/drivers/gpio/libdrivers__gpio.a
[rauru:rw] [286/380] Building C object zephyr/drivers/syscon/CMakeFiles/drivers__syscon.dir/mnt/host/source/src/third_party/zephyr/main/misc/empty_file.c.obj
[rauru:rw] [287/380] Building C object zephyr/drivers/pinctrl/CMakeFiles/drivers__pinctrl.dir/pinctrl_ite_it8xxx2.c.obj
[rauru:rw] [288/380] Linking C static library zephyr/drivers/pwm/libdrivers__pwm.a
[rauru:rw] [289/380] Linking C static library zephyr/drivers/syscon/libdrivers__syscon.a
[rauru:rw] [290/380] Linking C static library zephyr/drivers/pinctrl/libdrivers__pinctrl.a
[rauru:ro] [183/380] Building C object zephyr/CMakeFiles/zephyr.dir/subsys/shell/modules/kernel_service/thread/suspend.c.obj
[yavilla:ro] [38/382] Building ASM object zephyr/CMakeFiles/zephyr.dir/soc/ite/ec/it8xxx2/vector.S.obj
[rauru:rw] [291/380] Building C object zephyr/drivers/sensor/ite/ite_tach_it8xxx2/CMakeFiles/drivers__sensor__ite__ite_tach_it8xxx2.dir/tach_ite_it8xxx2.c.obj
[yavilla:ro] [39/382] Building ASM object zephyr/CMakeFiles/zephyr.dir/soc/ite/ec/it8xxx2/__arithmetic.S.obj
[rauru:rw] [292/380] Linking C static library zephyr/drivers/sensor/ite/ite_tach_it8xxx2/libdrivers__sensor__ite__ite_tach_it8xxx2.a
[rauru:ro] [184/380] Building C object zephyr/CMakeFiles/zephyr.dir/subsys/shell/modules/kernel_service/thread/resume.c.obj
[rauru:rw] [293/380] Building C object zephyr/drivers/serial/CMakeFiles/drivers__serial.dir/uart_ite_it8xxx2.c.obj
[rauru:ro] [185/380] Building C object zephyr/CMakeFiles/zephyr.dir/subsys/shell/modules/kernel_service/thread/kill.c.obj
[yavilla:rw] [71/382] Building ASM object zephyr/arch/arch/riscv/core/CMakeFiles/arch__riscv__core.dir/switch.S.obj
[yavilla:rw] [72/382] Building C object zephyr/arch/arch/riscv/core/CMakeFiles/arch__riscv__core.dir/thread.c.obj
[rauru:rw] [294/380] Building C object zephyr/drivers/serial/CMakeFiles/drivers__serial.dir/uart_ns16550.c.obj
[rauru:rw] [295/380] Building C object zephyr/drivers/timer/CMakeFiles/drivers__timer.dir/sys_clock_init.c.obj
[rauru:rw] [296/380] Linking C static library zephyr/drivers/serial/libdrivers__serial.a
[rauru:rw] [297/380] Building C object zephyr/drivers/watchdog/CMakeFiles/drivers__watchdog.dir/wdt_ite_it8xxx2.c.obj
[rauru:ro] [186/380] Building C object zephyr/CMakeFiles/zephyr.dir/subsys/shell/shell_fprintf.c.obj
[rauru:ro] [187/380] Building C object zephyr/CMakeFiles/zephyr.dir/subsys/shell/backends/shell_uart.c.obj
[rauru:rw] [298/380] Building C object zephyr/drivers/timer/CMakeFiles/drivers__timer.dir/ite_it8xxx2_timer.c.obj
[rauru:rw] [299/380] Building C object zephyr/drivers/watchdog/CMakeFiles/drivers__watchdog.dir/wdt_shell.c.obj
[rauru:rw] [300/380] Linking C static library zephyr/drivers/timer/libdrivers__timer.a
[rauru:rw] [301/380] Linking C static library zephyr/drivers/watchdog/libdrivers__watchdog.a
[yavilla:ro] [40/382] Building C object zephyr/CMakeFiles/zephyr.dir/soc/ite/ec/it8xxx2/ilm.c.obj
[rauru:ro] [188/380] Building C object zephyr/CMakeFiles/zephyr.dir/subsys/shell/shell_utils.c.obj
[yavilla:rw] [73/382] Building ASM object zephyr/arch/arch/riscv/core/CMakeFiles/arch__riscv__core.dir/isr.S.obj
[rauru:ro] [189/380] Building C object zephyr/CMakeFiles/zephyr.dir/subsys/shell/shell.c.obj
[yavilla:rw] [74/382] Generating ../../../include/generated/libc/minimal/strerror_table.h
[yavilla:rw] [75/382] Building C object zephyr/arch/arch/riscv/core/CMakeFiles/arch__riscv__core.dir/stacktrace.c.obj
[rauru:ro] [190/380] Building C object zephyr/CMakeFiles/zephyr.dir/subsys/shell/shell_ops.c.obj
[rauru:rw] [302/380] Building C object modules/ec/zephyr/CMakeFiles/ec_shim.dir/app/ec/ec_app_main.c.obj
[rauru:rw] [303/380] Building C object modules/ec/zephyr/CMakeFiles/ec_shim.dir/app/ec/main_shim.c.obj
[yavilla:rw] [76/382] Linking C static library zephyr/arch/arch/riscv/core/libarch__riscv__core.a
[yavilla:rw] [77/382] Building C object zephyr/lib/libc/minimal/CMakeFiles/lib__libc__minimal.dir/source/stdlib/atoi.c.obj
[rauru:ro] [191/380] Building C object zephyr/CMakeFiles/zephyr.dir/subsys/shell/shell_history.c.obj
[yavilla:ro] [41/382] Building C object zephyr/CMakeFiles/zephyr.dir/subsys/logging/log_minimal.c.obj
[yavilla:rw] [78/382] Building C object zephyr/lib/libc/minimal/CMakeFiles/lib__libc__minimal.dir/source/stdlib/strtol.c.obj
[rauru:ro] [192/380] Building C object zephyr/CMakeFiles/zephyr.dir/subsys/shell/shell_help.c.obj
[yavilla:rw] [79/382] Building C object zephyr/lib/libc/minimal/CMakeFiles/lib__libc__minimal.dir/source/stdlib/strtoul.c.obj
[rauru:rw] [304/380] Building C object modules/ec/zephyr/CMakeFiles/ec_shim.dir/drivers/cros_kblight/pwm_kblight.c.obj
[rauru:rw] [305/380] Building C object modules/ec/zephyr/CMakeFiles/ec_shim.dir/drivers/cros_kb_raw/cros_kb_raw_ite.c.obj
[rauru:rw] [306/380] Building C object modules/ec/zephyr/CMakeFiles/ec_shim.dir/shim/chip/it8xxx2/clock.c.obj
[rauru:ro] [193/380] Building C object zephyr/arch/common/CMakeFiles/arch__common.dir/sw_isr_common.c.obj
[rauru:rw] [307/380] Building C object modules/ec/zephyr/CMakeFiles/ec_shim.dir/drivers/cros_flash/cros_flash_it8xxx2.c.obj
[rauru:ro] [194/380] Building C object zephyr/CMakeFiles/zephyr.dir/drivers/flash/flash_util.c.obj
[yavilla:rw] [80/382] Building C object zephyr/lib/libc/minimal/CMakeFiles/lib__libc__minimal.dir/source/stdlib/strtoull.c.obj
[yavilla:rw] [81/382] Building C object zephyr/lib/libc/minimal/CMakeFiles/lib__libc__minimal.dir/source/stdlib/strtoll.c.obj
[rauru:rw] [308/380] Building C object modules/ec/zephyr/CMakeFiles/ec_shim.dir/drivers/cros_system/cros_system_it8xxx2.c.obj
[rauru:ro] [195/380] Linking C static library zephyr/libzephyr.a
[rauru:ro] [196/380] Building C object zephyr/arch/common/CMakeFiles/arch__common.dir/dynamic_isr.c.obj
[rauru:rw] [309/380] Building C object modules/ec/zephyr/CMakeFiles/ec_shim.dir/shim/src/crc.c.obj
[yavilla:rw] [82/382] Building C object zephyr/lib/libc/minimal/CMakeFiles/lib__libc__minimal.dir/source/stdlib/bsearch.c.obj
[rauru:ro] [197/380] Building C object zephyr/arch/common/CMakeFiles/arch__common.dir/init.c.obj
[rauru:rw] [310/380] Building C object modules/ec/zephyr/CMakeFiles/ec_shim.dir/shim/chip/it8xxx2/gpio.c.obj
[rauru:rw] [311/380] Building C object modules/ec/zephyr/CMakeFiles/ec_shim.dir/shim/chip/it8xxx2/system.c.obj
[yavilla:rw] [83/382] Building C object zephyr/lib/libc/minimal/CMakeFiles/lib__libc__minimal.dir/source/stdlib/qsort.c.obj
[rauru:ro] [198/380] Building C object zephyr/arch/common/CMakeFiles/isr_tables.dir/isr_tables.c.obj
[rauru:ro] [199/380] Building C object zephyr/arch/common/CMakeFiles/arch__common.dir/xip.c.obj
[rauru:rw] [312/380] Building C object modules/ec/zephyr/CMakeFiles/ec_shim.dir/shim/chip/it8xxx2/keyboard_raw.c.obj
[rauru:ro] [200/380] Linking C static library zephyr/arch/common/libisr_tables.a
[yavilla:ro] [42/382] Building C object zephyr/CMakeFiles/zephyr.dir/subsys/pm/pm.c.obj
[rauru:ro] [201/380] Linking C static library zephyr/arch/common/libarch__common.a
[yavilla:rw] [84/382] Building C object zephyr/lib/libc/minimal/CMakeFiles/lib__libc__minimal.dir/source/stdlib/exit.c.obj
[rauru:rw] [313/380] Building C object modules/ec/zephyr/CMakeFiles/ec_shim.dir/shim/chip/it8xxx2/power_policy.c.obj
[rauru:ro] [202/380] Building C object zephyr/arch/arch/riscv/core/CMakeFiles/arch__riscv__core.dir/prep_c.c.obj
[rauru:rw] [314/380] Building C object modules/ec/zephyr/CMakeFiles/ec_shim.dir/shim/chip/it8xxx2/shi.c.obj
[yavilla:rw] [85/382] Building C object zephyr/lib/libc/minimal/CMakeFiles/lib__libc__minimal.dir/source/string/strerror.c.obj
[yavilla:rw] [86/382] Building C object zephyr/lib/libc/minimal/CMakeFiles/lib__libc__minimal.dir/source/string/strncasecmp.c.obj
[rauru:rw] [315/380] Building C object modules/ec/zephyr/CMakeFiles/ec_shim.dir/shim/src/console.c.obj
[rauru:ro] [203/380] Building C object zephyr/arch/arch/riscv/core/CMakeFiles/arch__riscv__core.dir/irq_manage.c.obj
[yavilla:rw] [87/382] Building C object zephyr/lib/libc/minimal/CMakeFiles/lib__libc__minimal.dir/source/string/strstr.c.obj
[rauru:ro] [204/380] Building C object zephyr/arch/arch/riscv/core/CMakeFiles/arch__riscv__core.dir/fatal.c.obj
[/mnt/host/source/src/platform/ec/build/zephyr/markarth-lcov]   /mnt/host/source/src/platform/ec/build/zephyr/markarth/build-ro/CMakeFiles/app.dir/mnt/host/source/src/platform/ec/build/zephyr/markarth/modules/ec/common/chargen.c.gcno:no functions found
[/mnt/host/source/src/platform/ec/build/zephyr/markarth-lcov] stderr:
[rauru:ro] [205/380] Building C object zephyr/arch/arch/riscv/core/CMakeFiles/arch__riscv__core.dir/cpu_idle.c.obj
[yavilla:rw] [88/382] Building C object zephyr/lib/libc/minimal/CMakeFiles/lib__libc__minimal.dir/source/string/string.c.obj
[yavilla:ro] [43/382] Building C object zephyr/CMakeFiles/zephyr.dir/subsys/pm/state.c.obj
[rauru:rw] [316/380] Building C object modules/ec/zephyr/CMakeFiles/ec_shim.dir/shim/src/panic_utils.c.obj
[yavilla:rw] [89/382] Building C object zephyr/lib/libc/minimal/CMakeFiles/lib__libc__minimal.dir/source/string/strspn.c.obj
[rauru:rw] [317/380] Building C object modules/ec/zephyr/CMakeFiles/ec_shim.dir/shim/src/gpio.c.obj
[rauru:rw] [318/380] Building C object modules/ec/zephyr/CMakeFiles/ec_shim.dir/shim/src/gpio_int.c.obj
[rauru:ro] [206/380] Building C object zephyr/arch/arch/riscv/core/CMakeFiles/arch__riscv__core.dir/reboot.c.obj
[rauru:ro] [207/380] Building ASM object zephyr/arch/arch/riscv/core/CMakeFiles/arch__riscv__core.dir/reset.S.obj
[rauru:rw] [319/380] Building C object modules/ec/zephyr/CMakeFiles/ec_shim.dir/shim/src/cbi/cros_cbi.c.obj
[rauru:rw] [320/380] Building C object modules/ec/zephyr/CMakeFiles/ec_shim.dir/shim/src/pm_state.c.obj
[rauru:ro] [208/380] Generating ../../../include/generated/libc/minimal/strerror_table.h
[rauru:ro] [209/380] Building ASM object zephyr/arch/arch/riscv/core/CMakeFiles/arch__riscv__core.dir/switch.S.obj
[rauru:ro] [210/380] Building C object zephyr/arch/arch/riscv/core/CMakeFiles/arch__riscv__core.dir/thread.c.obj
[rauru:rw] [321/380] Building C object modules/ec/zephyr/CMakeFiles/ec_shim.dir/shim/src/cbi/cros_cbi_fw_config.c.obj
[rauru:ro] [211/380] Building C object zephyr/lib/libc/minimal/CMakeFiles/lib__libc__minimal.dir/source/stdlib/atoi.c.obj
[yavilla:ro] [44/382] Building C object zephyr/CMakeFiles/zephyr.dir/subsys/pm/policy/policy_events.c.obj
[rauru:rw] [322/380] Building C object modules/ec/zephyr/CMakeFiles/ec_shim.dir/shim/src/cbi/cbi_flash.c.obj
[rauru:ro] [212/380] Building C object zephyr/lib/libc/minimal/CMakeFiles/lib__libc__minimal.dir/source/stdlib/strtol.c.obj
[yavilla:rw] [90/382] Building C object zephyr/lib/libc/minimal/CMakeFiles/lib__libc__minimal.dir/source/stdout/stdout_console.c.obj
[rauru:ro] [213/380] Building ASM object zephyr/arch/arch/riscv/core/CMakeFiles/arch__riscv__core.dir/isr.S.obj
[yavilla:rw] [91/382] Building C object zephyr/lib/libc/minimal/CMakeFiles/lib__libc__minimal.dir/source/stdout/sprintf.c.obj
[rauru:ro] [214/380] Building C object zephyr/lib/libc/minimal/CMakeFiles/lib__libc__minimal.dir/source/stdlib/strtoul.c.obj
[rauru:ro] [215/380] Building C object zephyr/lib/libc/minimal/CMakeFiles/lib__libc__minimal.dir/source/stdlib/strtoull.c.obj
[rauru:ro] [216/380] Building C object zephyr/lib/libc/minimal/CMakeFiles/lib__libc__minimal.dir/source/stdlib/strtoll.c.obj
[rauru:ro] [217/380] Building C object zephyr/lib/libc/minimal/CMakeFiles/lib__libc__minimal.dir/source/stdlib/bsearch.c.obj
[rauru:rw] [323/380] Building C object modules/ec/zephyr/CMakeFiles/ec_shim.dir/shim/src/battery.c.obj
[yavilla:rw] [92/382] Building C object zephyr/lib/libc/minimal/CMakeFiles/lib__libc__minimal.dir/source/math/sqrtf.c.obj
[rauru:ro] [218/380] Building C object zephyr/arch/arch/riscv/core/CMakeFiles/arch__riscv__core.dir/stacktrace.c.obj
[rauru:rw] [324/380] Building C object modules/ec/zephyr/CMakeFiles/ec_shim.dir/shim/src/adc.c.obj
[rauru:ro] [219/380] Linking C static library zephyr/arch/arch/riscv/core/libarch__riscv__core.a
[rauru:rw] [325/380] Building C object modules/ec/zephyr/CMakeFiles/ec_shim.dir/shim/src/system.c.obj
[rauru:ro] [220/380] Building C object zephyr/lib/libc/minimal/CMakeFiles/lib__libc__minimal.dir/source/string/strncasecmp.c.obj
[rauru:rw] [326/380] Building C object modules/ec/zephyr/CMakeFiles/ec_shim.dir/shim/src/charger.c.obj
[rauru:ro] [221/380] Building C object zephyr/lib/libc/minimal/CMakeFiles/lib__libc__minimal.dir/source/stdlib/qsort.c.obj
[rauru:ro] [222/380] Building C object zephyr/lib/libc/minimal/CMakeFiles/lib__libc__minimal.dir/source/string/strerror.c.obj
[rauru:ro] [223/380] Building C object zephyr/lib/libc/minimal/CMakeFiles/lib__libc__minimal.dir/source/string/strstr.c.obj
[yavilla:rw] [93/382] Building C object zephyr/lib/libc/minimal/CMakeFiles/lib__libc__minimal.dir/source/math/sqrt.c.obj
[yavilla:rw] [94/382] Building C object zephyr/lib/libc/minimal/CMakeFiles/lib__libc__minimal.dir/source/stdout/fprintf.c.obj
[yavilla:ro] [45/382] Building C object zephyr/CMakeFiles/zephyr.dir/subsys/pm/policy/policy_latency.c.obj
[rauru:ro] [224/380] Building C object zephyr/lib/libc/minimal/CMakeFiles/lib__libc__minimal.dir/source/string/string.c.obj
[rauru:ro] [225/380] Building C object zephyr/lib/libc/minimal/CMakeFiles/lib__libc__minimal.dir/source/stdlib/exit.c.obj
[rauru:ro] [226/380] Building C object zephyr/lib/libc/minimal/CMakeFiles/lib__libc__minimal.dir/source/string/strspn.c.obj
[rauru:rw] [327/380] Building C object modules/ec/zephyr/CMakeFiles/ec_shim.dir/shim/src/flash.c.obj
[rauru:rw] [328/380] Building C object modules/ec/zephyr/CMakeFiles/ec_shim.dir/shim/src/fan.c.obj
[rauru:rw] [329/380] Building C object modules/ec/zephyr/CMakeFiles/ec_shim.dir/shim/src/hooks.c.obj
[rauru:ro] [227/380] Building C object zephyr/lib/libc/minimal/CMakeFiles/lib__libc__minimal.dir/source/math/sqrt.c.obj
[rauru:ro] [228/380] Building C object zephyr/lib/libc/minimal/CMakeFiles/lib__libc__minimal.dir/source/math/sqrtf.c.obj
[rauru:ro] [229/380] Building C object zephyr/lib/libc/minimal/CMakeFiles/lib__libc__minimal.dir/source/stdout/fprintf.c.obj
[rauru:ro] [230/380] Building C object zephyr/lib/libc/minimal/CMakeFiles/lib__libc__minimal.dir/source/stdout/sprintf.c.obj
[rauru:rw] [330/380] Building C object modules/ec/zephyr/CMakeFiles/ec_shim.dir/shim/src/console_buffer.c.obj
[yavilla:rw] [95/382] Building C object zephyr/lib/libc/minimal/CMakeFiles/lib__libc__minimal.dir/source/time/gmtime.c.obj
[rauru:rw] [331/380] Building C object modules/ec/zephyr/CMakeFiles/ec_shim.dir/shim/src/host_command.c.obj
[rauru:rw] [332/380] Building C object modules/ec/zephyr/CMakeFiles/ec_shim.dir/shim/src/keyboard_raw.c.obj
[rauru:ro] [231/380] Building C object zephyr/lib/libc/minimal/CMakeFiles/lib__libc__minimal.dir/source/stdout/stdout_console.c.obj
[yavilla:ro] [46/382] Building C object zephyr/CMakeFiles/zephyr.dir/subsys/pm/policy/policy_state_lock.c.obj
[yavilla:rw] [96/382] Building C object zephyr/lib/libc/common/CMakeFiles/lib__libc__common.dir/source/stdlib/abort.c.obj
[rauru:ro] [232/380] Building C object zephyr/lib/libc/common/CMakeFiles/lib__libc__common.dir/source/time/gmtime_r.c.obj
[yavilla:rw] [97/382] Linking C static library zephyr/lib/libc/minimal/liblib__libc__minimal.a
[rauru:rw] [333/380] Building C object modules/ec/zephyr/CMakeFiles/ec_shim.dir/shim/src/keyscan.c.obj
[rauru:ro] [233/380] Building C object zephyr/lib/libc/common/CMakeFiles/lib__libc__common.dir/source/time/asctime.c.obj
[yavilla:rw] [98/382] Building C object zephyr/lib/libc/common/CMakeFiles/lib__libc__common.dir/source/time/gmtime_r.c.obj
[rauru:ro] [234/380] Building C object zephyr/lib/libc/common/CMakeFiles/lib__libc__common.dir/source/time/localtime_r_utc.c.obj
[rauru:ro] [235/380] Building C object zephyr/lib/libc/minimal/CMakeFiles/lib__libc__minimal.dir/source/time/gmtime.c.obj
[yavilla:rw] [99/382] Building C object zephyr/lib/libc/common/CMakeFiles/lib__libc__common.dir/source/time/asctime.c.obj
[rauru:ro] [236/380] Building C object zephyr/lib/libc/common/CMakeFiles/lib__libc__common.dir/source/stdlib/abort.c.obj
[rauru:ro] [237/380] Linking C static library zephyr/lib/libc/minimal/liblib__libc__minimal.a
[rauru:ro] [238/380] Building C object zephyr/lib/libc/common/CMakeFiles/lib__libc__common.dir/source/time/ctime.c.obj
[rauru:rw] [334/380] Building C object modules/ec/zephyr/CMakeFiles/ec_shim.dir/shim/src/mkbp_event.c.obj
[rauru:rw] [335/380] Building C object modules/ec/zephyr/CMakeFiles/ec_shim.dir/shim/src/panic.c.obj
[rauru:ro] [239/380] Building C object zephyr/lib/libc/common/CMakeFiles/lib__libc__common.dir/source/string/strnlen.c.obj
[yavilla:rw] [100/382] Building C object zephyr/lib/libc/common/CMakeFiles/lib__libc__common.dir/source/time/localtime_r_utc.c.obj
[rauru:rw] [336/380] Building C object modules/ec/zephyr/CMakeFiles/ec_shim.dir/shim/src/motionsense_sensors.c.obj
[rauru:ro] [240/380] Building C object zephyr/lib/libc/common/CMakeFiles/lib__libc__common.dir/source/time/time.c.obj
[rauru:ro] [241/380] Building C object zephyr/lib/posix/c_lib_ext/CMakeFiles/lib__posix__c_lib_ext.dir/fnmatch.c.obj
[rauru:rw] [337/380] Building C object modules/ec/zephyr/CMakeFiles/ec_shim.dir/shim/src/hwtimer.c.obj
[yavilla:rw] [101/382] Building C object zephyr/lib/libc/common/CMakeFiles/lib__libc__common.dir/source/time/ctime.c.obj
[yavilla:ro] [47/382] Building C object zephyr/CMakeFiles/zephyr.dir/subsys/pm/device.c.obj
[rauru:rw] [338/380] Building C object modules/ec/zephyr/CMakeFiles/ec_shim.dir/shim/src/power.c.obj
[yavilla:rw] [102/382] Building C object zephyr/lib/libc/common/CMakeFiles/lib__libc__common.dir/source/time/time.c.obj
[rauru:rw] [339/380] Building C object modules/ec/zephyr/CMakeFiles/ec_shim.dir/shim/src/pwm_hc.c.obj
[yavilla:rw] [103/382] Building C object zephyr/lib/libc/common/CMakeFiles/lib__libc__common.dir/source/string/strnlen.c.obj
[rauru:rw] [340/380] Building C object modules/ec/zephyr/CMakeFiles/ec_shim.dir/shim/src/i2c.c.obj
[rauru:ro] [242/380] Building C object zephyr/lib/posix/c_lib_ext/CMakeFiles/lib__posix__c_lib_ext.dir/getentropy.c.obj
[rauru:ro] [243/380] Building C object zephyr/lib/posix/c_lib_ext/CMakeFiles/lib__posix__c_lib_ext.dir/getopt_shim.c.obj
[rauru:ro] [244/380] Building C object zephyr/lib/libc/common/CMakeFiles/lib__libc__common.dir/source/stdlib/malloc.c.obj
[rauru:ro] [245/380] Linking C static library zephyr/lib/posix/c_lib_ext/liblib__posix__c_lib_ext.a
[yavilla:rw] [104/382] Building C object zephyr/lib/posix/c_lib_ext/CMakeFiles/lib__posix__c_lib_ext.dir/fnmatch.c.obj
[rauru:ro] [246/380] Linking C static library zephyr/lib/libc/common/liblib__libc__common.a
[rauru:ro] [247/380] Building C object zephyr/subsys/crc/CMakeFiles/subsys__crc.dir/crc4_sw.c.obj
[yavilla:rw] [105/382] Building C object zephyr/lib/libc/common/CMakeFiles/lib__libc__common.dir/source/stdlib/malloc.c.obj
[rauru:ro] [248/380] Building C object zephyr/subsys/crc/CMakeFiles/subsys__crc.dir/crc8_sw.c.obj
[rauru:ro] [249/380] Building C object zephyr/subsys/crc/CMakeFiles/subsys__crc.dir/crc16_sw.c.obj
[yavilla:ro] [48/382] Building C object zephyr/CMakeFiles/zephyr.dir/subsys/pm/device_system_managed.c.obj
[rauru:ro] [250/380] Building C object zephyr/subsys/mgmt/ec_host_cmd/CMakeFiles/subsys__mgmt__ec_host_cmd.dir/ec_host_cmd_handler.c.obj
[rauru:rw] [341/380] Building C object modules/ec/zephyr/CMakeFiles/ec_shim.dir/shim/src/tasks.c.obj
[rauru:rw] [342/380] Building C object modules/ec/zephyr/CMakeFiles/ec_shim.dir/shim/src/watchdog.c.obj
[rauru:ro] [251/380] Building C object zephyr/subsys/crc/CMakeFiles/subsys__crc.dir/crc7_sw.c.obj
[yavilla:rw] [106/382] Linking C static library zephyr/lib/libc/common/liblib__libc__common.a
[rauru:ro] [252/380] Linking C static library zephyr/subsys/mgmt/ec_host_cmd/libsubsys__mgmt__ec_host_cmd.a
[rauru:ro] [253/380] Building C object zephyr/subsys/mgmt/ec_host_cmd/backends/CMakeFiles/subsys__mgmt__ec_host_cmd__backends.dir/ec_host_cmd_backend_shi_ite.c.obj
[rauru:ro] [254/380] Building C object zephyr/subsys/crc/CMakeFiles/subsys__crc.dir/crc32c_sw.c.obj
[rauru:ro] [255/380] Building C object zephyr/subsys/crc/CMakeFiles/subsys__crc.dir/crc24_sw.c.obj
[rauru:rw] [343/380] Building C object modules/ec/zephyr/CMakeFiles/ec_shim.dir/shim/src/usba.c.obj
[rauru:ro] [256/380] Linking C static library zephyr/subsys/mgmt/ec_host_cmd/backends/libsubsys__mgmt__ec_host_cmd__backends.a
[rauru:ro] [257/380] Building C object zephyr/subsys/crc/CMakeFiles/subsys__crc.dir/crc32_sw.c.obj
[rauru:ro] [258/380] Building C object zephyr/subsys/crc/CMakeFiles/subsys__crc.dir/crc32k_4_2_sw.c.obj
[rauru:rw] [344/380] Building C object modules/ec/zephyr/CMakeFiles/ec_shim.dir/shim/src/ppc.c.obj
[rauru:rw] [345/380] Building C object modules/ec/zephyr/CMakeFiles/ec_shim.dir/shim/src/sha256_hw.c.obj
[rauru:ro] [259/380] Linking C static library zephyr/subsys/crc/libsubsys__crc.a
[rauru:rw] [346/380] Building C object zephyr/kernel/CMakeFiles/kernel.dir/main_weak.c.obj
[rauru:rw] [347/380] Building C object modules/ec/zephyr/CMakeFiles/ec_shim.dir/shim/src/usb_muxes.c.obj
[rauru:rw] [348/380] Linking C static library modules/ec/zephyr/libec_shim.a
[yavilla:rw] [107/382] Building C object zephyr/lib/posix/c_lib_ext/CMakeFiles/lib__posix__c_lib_ext.dir/getentropy.c.obj
[yavilla:rw] [108/382] Building C object zephyr/subsys/crc/CMakeFiles/subsys__crc.dir/crc4_sw.c.obj
[rauru:rw] [349/380] Building C object zephyr/kernel/CMakeFiles/kernel.dir/banner.c.obj
[rauru:rw] [350/380] Building C object zephyr/kernel/CMakeFiles/kernel.dir/busy_wait.c.obj
[yavilla:ro] [49/382] Building C object zephyr/CMakeFiles/zephyr.dir/subsys/testsuite/coverage/coverage.c.obj
[yavilla:rw] [109/382] Building C object zephyr/subsys/crc/CMakeFiles/subsys__crc.dir/crc8_sw.c.obj
[/mnt/host/source/src/platform/ec/build/zephyr/markarth-lcov]   /mnt/host/source/src/platform/ec/build/zephyr/markarth/build-ro/CMakeFiles/app.dir/mnt/host/source/src/platform/ec/build/zephyr/markarth/modules/ec/common/cbi_config.c.gcno:no functions found
[/mnt/host/source/src/platform/ec/build/zephyr/markarth-lcov] stderr:
[rauru:rw] [351/380] Building C object zephyr/kernel/CMakeFiles/kernel.dir/device.c.obj
[yavilla:rw] [110/382] Building C object zephyr/lib/posix/c_lib_ext/CMakeFiles/lib__posix__c_lib_ext.dir/getopt_shim.c.obj
[rauru:rw] [352/380] Building C object zephyr/kernel/CMakeFiles/kernel.dir/errno.c.obj
[rauru:ro] [260/380] Building C object zephyr/drivers/adc/CMakeFiles/drivers__adc.dir/adc_common.c.obj
[rauru:ro] [261/380] Building C object zephyr/drivers/interrupt_controller/CMakeFiles/drivers__interrupt_controller.dir/wuc_ite_it8xxx2.c.obj
[yavilla:rw] [111/382] Building C object zephyr/subsys/crc/CMakeFiles/subsys__crc.dir/crc16_sw.c.obj
[rauru:ro] [262/380] Building C object zephyr/drivers/bbram/CMakeFiles/drivers__bbram.dir/bbram_it8xxx2.c.obj
[rauru:ro] [263/380] Building C object zephyr/drivers/interrupt_controller/CMakeFiles/drivers__interrupt_controller.dir/intc_ite_it8xxx2_v2.c.obj
[yavilla:rw] [112/382] Linking C static library zephyr/lib/posix/c_lib_ext/liblib__posix__c_lib_ext.a
[rauru:ro] [264/380] Linking C static library zephyr/drivers/bbram/libdrivers__bbram.a
[rauru:ro] [265/380] Linking C static library zephyr/drivers/interrupt_controller/libdrivers__interrupt_controller.a
[rauru:rw] [353/380] Building C object zephyr/kernel/CMakeFiles/kernel.dir/version.c.obj
[rauru:rw] [354/380] Building C object zephyr/kernel/CMakeFiles/kernel.dir/fatal.c.obj
[rauru:ro] [266/380] Building C object zephyr/drivers/adc/CMakeFiles/drivers__adc.dir/adc_ite_it8xxx2.c.obj
[rauru:rw] [355/380] Building C object zephyr/kernel/CMakeFiles/kernel.dir/init.c.obj
[yavilla:rw] [113/382] Building C object zephyr/subsys/crc/CMakeFiles/subsys__crc.dir/crc7_sw.c.obj
[yavilla:rw] [114/382] Building C object zephyr/subsys/crc/CMakeFiles/subsys__crc.dir/crc24_sw.c.obj
[rauru:ro] [267/380] Linking C static library zephyr/drivers/adc/libdrivers__adc.a
[yavilla:rw] [115/382] Building C object zephyr/subsys/crc/CMakeFiles/subsys__crc.dir/crc32_sw.c.obj
[yavilla:rw] [116/382] Building C object zephyr/subsys/crc/CMakeFiles/subsys__crc.dir/crc32c_sw.c.obj
[rauru:rw] [356/380] Building C object zephyr/kernel/CMakeFiles/kernel.dir/mem_slab.c.obj
[rauru:rw] [357/380] Building C object zephyr/kernel/CMakeFiles/kernel.dir/kheap.c.obj
[yavilla:rw] [117/382] Building C object zephyr/subsys/crc/CMakeFiles/subsys__crc.dir/crc32k_4_2_sw.c.obj
[rauru:rw] [358/380] Building C object zephyr/kernel/CMakeFiles/kernel.dir/float.c.obj
[yavilla:ro] [50/382] Building C object zephyr/CMakeFiles/zephyr.dir/subsys/tracing/tracing_none.c.obj
[yavilla:rw] [118/382] Linking C static library zephyr/subsys/crc/libsubsys__crc.a
[rauru:ro] [268/380] Building C object zephyr/drivers/console/CMakeFiles/drivers__console.dir/uart_console.c.obj
[rauru:rw] [359/380] Building C object zephyr/kernel/CMakeFiles/kernel.dir/idle.c.obj
[rauru:ro] [269/380] Linking C static library zephyr/drivers/console/libdrivers__console.a
[/mnt/host/source/src/platform/ec/build/zephyr/markarth-lcov]   /mnt/host/source/src/platform/ec/build/zephyr/markarth/build-ro/CMakeFiles/app.dir/src/common.c.gcno:no functions found
[/mnt/host/source/src/platform/ec/build/zephyr/markarth-lcov] stderr:
[rauru:ro] [270/380] Building C object zephyr/drivers/crypto/CMakeFiles/drivers__crypto.dir/crypto_it8xxx2_sha_v2.c.obj
[rauru:rw] [360/380] Building C object zephyr/kernel/CMakeFiles/kernel.dir/msg_q.c.obj
[rauru:ro] [271/380] Linking C static library zephyr/drivers/crypto/libdrivers__crypto.a
[rauru:rw] [361/380] Building C object zephyr/kernel/CMakeFiles/kernel.dir/mutex.c.obj
[rauru:rw] [362/380] Building C object zephyr/kernel/CMakeFiles/kernel.dir/mailbox.c.obj
[rauru:ro] [272/380] Building C object zephyr/drivers/flash/CMakeFiles/drivers__flash.dir/flash_ite_it8xxx2.c.obj
[rauru:ro] [273/380] Building C object zephyr/drivers/i2c/CMakeFiles/drivers__i2c.dir/i2c_common.c.obj
[rauru:ro] [274/380] Linking C static library zephyr/drivers/flash/libdrivers__flash.a
[yavilla:rw] [119/382] Building C object zephyr/drivers/interrupt_controller/CMakeFiles/drivers__interrupt_controller.dir/intc_ite_it8xxx2.c.obj
[rauru:rw] [363/380] Building C object zephyr/kernel/CMakeFiles/kernel.dir/sem.c.obj
[yavilla:ro] [51/382] Building C object zephyr/CMakeFiles/zephyr.dir/subsys/shell/backends/shell_uart.c.obj
[rauru:rw] [364/380] Building C object zephyr/kernel/CMakeFiles/kernel.dir/queue.c.obj
[yavilla:rw] [120/382] Building C object zephyr/drivers/interrupt_controller/CMakeFiles/drivers__interrupt_controller.dir/wuc_ite_it8xxx2.c.obj
[rauru:rw] [365/380] Building C object zephyr/kernel/CMakeFiles/kernel.dir/stack.c.obj
[yavilla:rw] [121/382] Linking C static library zephyr/drivers/interrupt_controller/libdrivers__interrupt_controller.a
[rauru:rw] [366/380] Building C object zephyr/kernel/CMakeFiles/kernel.dir/system_work_q.c.obj
[rauru:ro] [275/380] Building C object zephyr/drivers/i2c/CMakeFiles/drivers__i2c.dir/i2c_bitbang.c.obj
[rauru:ro] [276/380] Building C object zephyr/drivers/gpio/CMakeFiles/drivers__gpio.dir/gpio_ite_it8xxx2_v2.c.obj
[rauru:ro] [277/380] Linking C static library zephyr/drivers/gpio/libdrivers__gpio.a
[rauru:ro] [278/380] Building C object zephyr/drivers/pinctrl/CMakeFiles/drivers__pinctrl.dir/common.c.obj
[rauru:rw] [367/380] Building C object zephyr/kernel/CMakeFiles/kernel.dir/condvar.c.obj
[rauru:rw] [368/380] Building C object zephyr/kernel/CMakeFiles/kernel.dir/thread.c.obj
[rauru:ro] [279/380] Building C object zephyr/drivers/i2c/CMakeFiles/drivers__i2c.dir/i2c_shell.c.obj
[yavilla:rw] [122/382] Building C object zephyr/drivers/adc/CMakeFiles/drivers__adc.dir/adc_common.c.obj
[rauru:rw] [369/380] Building C object zephyr/kernel/CMakeFiles/kernel.dir/work.c.obj
[rauru:ro] [280/380] Building C object zephyr/drivers/sensor/CMakeFiles/drivers__sensor.dir/mnt/host/source/src/third_party/zephyr/main/misc/empty_file.c.obj
[rauru:ro] [281/380] Linking C static library zephyr/drivers/sensor/libdrivers__sensor.a
[rauru:rw] [370/380] Building C object zephyr/kernel/CMakeFiles/kernel.dir/spinlock_validate.c.obj
[yavilla:ro] [52/382] Building C object zephyr/CMakeFiles/zephyr.dir/subsys/shell/shell.c.obj
[rauru:rw] [371/380] Building C object zephyr/kernel/CMakeFiles/kernel.dir/pipe.c.obj
[rauru:ro] [282/380] Building C object zephyr/drivers/i2c/CMakeFiles/drivers__i2c.dir/i2c_ite_enhance.c.obj
[rauru:rw] [372/380] Building C object zephyr/kernel/CMakeFiles/kernel.dir/thread_monitor.c.obj
[rauru:ro] [283/380] Linking C static library zephyr/drivers/i2c/libdrivers__i2c.a
[rauru:rw] [373/380] Building C object zephyr/kernel/CMakeFiles/kernel.dir/sched.c.obj
[/mnt/host/source/src/platform/ec/build/zephyr/markarth-lcov]   /mnt/host/source/src/platform/ec/build/zephyr/markarth/build-ro/zephyr/arch/arch/arm/core/mpu/CMakeFiles/arch__arm__core__mpu.dir/arm_mpu_regions.c.gcno:no functions found
[/mnt/host/source/src/platform/ec/build/zephyr/markarth-lcov] stderr:
[yavilla:rw] [123/382] Building C object zephyr/drivers/adc/CMakeFiles/drivers__adc.dir/adc_ite_it8xxx2.c.obj
[rauru:ro] [284/380] Building C object zephyr/drivers/pwm/CMakeFiles/drivers__pwm.dir/pwm_shell.c.obj
[yavilla:rw] [124/382] Linking C static library zephyr/drivers/adc/libdrivers__adc.a
[rauru:ro] [285/380] Building C object zephyr/drivers/pinctrl/CMakeFiles/drivers__pinctrl.dir/pinctrl_ite_it8xxx2.c.obj
[rauru:ro] [286/380] Linking C static library zephyr/drivers/pinctrl/libdrivers__pinctrl.a
[rauru:rw] [374/380] Building C object zephyr/kernel/CMakeFiles/kernel.dir/timeout.c.obj
[rauru:ro] [287/380] Building C object zephyr/drivers/pwm/CMakeFiles/drivers__pwm.dir/pwm_ite_it8xxx2.c.obj
[yavilla:rw] [125/382] Building C object zephyr/drivers/bbram/CMakeFiles/drivers__bbram.dir/bbram_it8xxx2.c.obj
[greenbayupoc:rw] Configuring.
[rauru:rw] [375/380] Building C object zephyr/kernel/CMakeFiles/kernel.dir/timer.c.obj
Running `env -i PYTHONPATH=/usr/lib64/python-exec/python3.11:/mnt/host/source/src/platform/ec/zephyr/zmake:/usr/lib/python311.zip:/usr/lib/python3.11:/usr/lib/python3.11/lib-dynload:/usr/lib/python3.11/site-packages PW_PIGWEED_CIPD_INSTALL_DIR=/usr CROSTC_USER_ACKNOWLEDGES_THAT_RISCV_IS_EXPERIMENTAL=1 PATH=/mnt/host/source/chromite/bin:/usr/local/bin:/usr/bin:/bin:/opt/bin:/mnt/host/source/chromite/sdk/bin:/mnt/host/source/chromite/bin HOME=/home/jpmurphy JAVA_HOME=/etc/java-config-2/current-system-vm JDK_HOME=/etc/java-config-2/current-system-vm JAVAC=/etc/java-config-2/current-system-vm/bin/javac MAKEFLAGS=' -j16 --jobserver-auth=5,6' /usr/bin/cmake -S /mnt/host/source/src/platform/ec/zephyr/program/brox -B /mnt/host/source/src/platform/ec/build/zephyr/greenbayupoc/build-rw -GNinja -DCMAKE_EXPORT_COMPILE_COMMANDS=ON -DZEPHYR_BASE=/mnt/host/source/src/third_party/zephyr/main -DZMAKE_INCLUDE_DIR=/mnt/host/source/src/platform/ec/build/zephyr/greenbayupoc/include -DPython3_EXECUTABLE=/usr/bin/python3.11 -DDTS_ROOT=/mnt/host/source/src/platform/ec/zephyr -DSYSCALL_INCLUDE_DIRS=/mnt/host/source/src/platform/ec/zephyr/include/drivers -DUSER_CACHE_DIR=/mnt/host/source/src/platform/ec/build/zephyr/user-cache '-DEXTRA_EC_VERSION_FLAGS=--version 16543.0.0 --static' -DTOOLCHAIN_ROOT=/mnt/host/source/src/platform/ec/zephyr -DCOREBOOT_SDK_ROOT_x86=/home/jpmurphy/.cache/coreboot-sdk/i386-elf/dfbb0486385d938cfa9d73080b9d18d598ed4f49 -DCOREBOOT_SDK_ROOT_picolibc_x86=/home/jpmurphy/.cache/coreboot-sdk/picolibc-i386-elf/eb8e8e687b95461de8cbf278f1c2076952d0ad17 -DCOREBOOT_SDK_ROOT_riscv64=/home/jpmurphy/.cache/coreboot-sdk/riscv64-elf/96b949749225b6aaa92ed810ab769e8dfb12f000 -DCOREBOOT_SDK_ROOT_picolibc_arm=/home/jpmurphy/.cache/coreboot-sdk/picolibc-arm-eabi/422a2aa3e1ef891b5bece9a3deb696ff83840d2e -DCOREBOOT_SDK_ROOT_nds32=/home/jpmurphy/.cache/coreboot-sdk/nds32le-elf/d1a518c4a097666d86058e1444f85ca015d15511 -DCOREBOOT_SDK_ROOT_picolibc_riscv64=/home/jpmurphy/.cache/coreboot-sdk/picolibc-riscv64-elf/f571e990ef0278564b31124f8bb109d9a697eb69 -DCOREBOOT_SDK_ROOT_arm=/home/jpmurphy/.cache/coreboot-sdk/arm-eabi/ea40ddd1d190c3b48435c474c0b545719371813a -DCOREBOOT_SDK_ROOT_libstdcxx_riscv64=/home/jpmurphy/.cache/coreboot-sdk/libstdcxx-riscv64-elf/17abf22a3a252e2d5d2062ced5324f7a623689e0 -DCOREBOOT_SDK_ROOT_libstdcxx_arm=/home/jpmurphy/.cache/coreboot-sdk/libstdcxx-arm-eabi/5d7d82e150e44aa1968f1d366e267e6687b328ac -DCOREBOOT_SDK_ROOT_riscv=/home/jpmurphy/.cache/coreboot-sdk/riscv-elf/9a27b9e82341c6e9126624f516ab3f261abb3e73 -DCOREBOOT_SDK_ROOT_libstdcxx_x86=/home/jpmurphy/.cache/coreboot-sdk/libstdcxx-i386-elf/42ef9d2e87a76a37963175d7d428734e65648b87 -DZEPHYR_TOOLCHAIN_VARIANT=coreboot-sdk -DZEPHYR_MODULES=/mnt/host/source/src/platform/ec/build/zephyr/greenbayupoc/modules/ec -DDTC_OVERLAY_FILE=/mnt/host/source/src/platform/ec/zephyr/program/brox/greenbayupoc/project.overlay -DBOARD=it8xxx2/it82002aw -DCMAKE_C_FLAGS=-DSECTION_IS_RW '-DCONF_FILE=/mnt/host/source/src/platform/ec/zephyr/program/brox/program.conf;/mnt/host/source/src/platform/ec/zephyr/program/brox/ite.conf;/mnt/host/source/src/platform/ec/zephyr/program/brox/greenbayupoc/project.conf;/mnt/host/source/src/platform/ec/build/zephyr/greenbayupoc/kconfig-rw.conf'`
[rauru:ro] [288/380] Building C object zephyr/drivers/syscon/CMakeFiles/drivers__syscon.dir/mnt/host/source/src/third_party/zephyr/main/misc/empty_file.c.obj
[rauru:ro] [289/380] Linking C static library zephyr/drivers/pwm/libdrivers__pwm.a
[greenbayupoc:rw] -- Application: /mnt/host/source/src/platform/ec/zephyr/program/brox
[greenbayupoc:rw] Loading Zephyr default modules (Zephyr base (cached)).
[rauru:ro] [290/380] Linking C static library zephyr/drivers/syscon/libdrivers__syscon.a
[yavilla:rw] [126/382] Linking C static library zephyr/drivers/bbram/libdrivers__bbram.a
[yavilla:ro] [53/382] Building C object zephyr/CMakeFiles/zephyr.dir/subsys/shell/shell_fprintf.c.obj
[rauru:rw] [376/380] Building C object zephyr/kernel/CMakeFiles/kernel.dir/events.c.obj
[rauru:rw] [377/380] Building C object zephyr/kernel/CMakeFiles/kernel.dir/mempool.c.obj
[/mnt/host/source/src/platform/ec/build/zephyr/markarth-lcov]   /mnt/host/source/src/platform/ec/build/zephyr/markarth/build-ro/zephyr/arch/common/CMakeFiles/isr_tables.dir/isr_tables.c.gcno:no functions found
[/mnt/host/source/src/platform/ec/build/zephyr/markarth-lcov] stderr:
[rauru:rw] [378/380] Building C object zephyr/kernel/CMakeFiles/kernel.dir/poll.c.obj
[rauru:rw] [379/380] Building C object zephyr/kernel/CMakeFiles/kernel.dir/dynamic_disabled.c.obj
[rauru:ro] [291/380] Building C object zephyr/drivers/sensor/ite/ite_tach_it8xxx2/CMakeFiles/drivers__sensor__ite__ite_tach_it8xxx2.dir/tach_ite_it8xxx2.c.obj
[rauru:rw] [380/380] Linking C static library zephyr/kernel/libkernel.a
[rauru:ro] [292/380] Linking C static library zephyr/drivers/sensor/ite/ite_tach_it8xxx2/libdrivers__sensor__ite__ite_tach_it8xxx2.a
[rauru:ro] [293/380] Building C object zephyr/drivers/serial/CMakeFiles/drivers__serial.dir/uart_ite_it8xxx2.c.obj
[yavilla:rw] [127/382] Building C object zephyr/drivers/console/CMakeFiles/drivers__console.dir/uart_console.c.obj
[greenbayupoc:rw] -- CMake version: 3.31.7
[greenbayupoc:rw] -- Found Python3: /usr/bin/python3.11 (found suitable version "3.11.11", minimum required is "3.10") found components: Interpreter
[yavilla:rw] [128/382] Linking C static library zephyr/drivers/console/libdrivers__console.a
[rauru:ro] [294/380] Building C object zephyr/drivers/timer/CMakeFiles/drivers__timer.dir/sys_clock_init.c.obj
[rauru:ro] [295/380] Building C object zephyr/drivers/serial/CMakeFiles/drivers__serial.dir/uart_ns16550.c.obj
[yavilla:rw] [129/382] Building C object zephyr/drivers/eeprom/CMakeFiles/drivers__eeprom.dir/eeprom_shell.c.obj
[rauru:ro] [296/380] Building C object zephyr/drivers/watchdog/CMakeFiles/drivers__watchdog.dir/wdt_ite_it8xxx2.c.obj
[rauru:ro] [297/380] Building C object zephyr/drivers/timer/CMakeFiles/drivers__timer.dir/ite_it8xxx2_timer.c.obj
[rauru:ro] [298/380] Linking C static library zephyr/drivers/serial/libdrivers__serial.a
[rauru:ro] [299/380] Linking C static library zephyr/drivers/timer/libdrivers__timer.a
[yavilla:ro] [54/382] Building C object zephyr/CMakeFiles/zephyr.dir/subsys/shell/shell_ops.c.obj
[yavilla:rw] [130/382] Building C object zephyr/drivers/eeprom/CMakeFiles/drivers__eeprom.dir/eeprom_at2x.c.obj
[rauru:ro] [300/380] Building C object zephyr/drivers/watchdog/CMakeFiles/drivers__watchdog.dir/wdt_shell.c.obj
[yavilla:ro] [55/382] Building C object zephyr/CMakeFiles/zephyr.dir/subsys/shell/shell_utils.c.obj
[yavilla:rw] [131/382] Linking C static library zephyr/drivers/eeprom/libdrivers__eeprom.a
[rauru:ro] [301/380] Linking C static library zephyr/drivers/watchdog/libdrivers__watchdog.a
[rauru:ro] [302/380] Building C object modules/ec/zephyr/CMakeFiles/ec_shim.dir/app/ec/main_shim.c.obj
[rauru:ro] [303/380] Building C object modules/ec/zephyr/CMakeFiles/ec_shim.dir/app/ec/ec_app_main.c.obj
[rauru:ro] [304/380] Building C object modules/ec/zephyr/CMakeFiles/ec_shim.dir/drivers/cros_kb_raw/cros_kb_raw_ite.c.obj
[yavilla:rw] [132/382] Building C object zephyr/drivers/flash/CMakeFiles/drivers__flash.dir/flash_ite_it8xxx2.c.obj
[rauru:ro] [305/380] Building C object modules/ec/zephyr/CMakeFiles/ec_shim.dir/drivers/cros_flash/cros_flash_it8xxx2.c.obj
[yavilla:rw] [133/382] Building C object zephyr/drivers/espi/CMakeFiles/drivers__espi.dir/espi_it8xxx2.c.obj
[rauru:ro] [306/380] Building C object modules/ec/zephyr/CMakeFiles/ec_shim.dir/drivers/cros_kblight/pwm_kblight.c.obj
[yavilla:rw] [134/382] Linking C static library zephyr/drivers/flash/libdrivers__flash.a
[yavilla:rw] [135/382] Linking C static library zephyr/drivers/espi/libdrivers__espi.a
[yavilla:ro] [56/382] Building C object zephyr/CMakeFiles/zephyr.dir/drivers/flash/flash_util.c.obj
[rauru:ro] [307/380] Building C object modules/ec/zephyr/CMakeFiles/ec_shim.dir/shim/chip/it8xxx2/clock.c.obj
[rauru:ro] [308/380] Building C object modules/ec/zephyr/CMakeFiles/ec_shim.dir/shim/src/crc.c.obj
[yavilla:ro] [57/382] Building C object zephyr/arch/common/CMakeFiles/arch__common.dir/sw_isr_common.c.obj
[yavilla:ro] [58/382] Linking C static library zephyr/libzephyr.a
[rauru:ro] [309/380] Building C object modules/ec/zephyr/CMakeFiles/ec_shim.dir/drivers/cros_system/cros_system_it8xxx2.c.obj
[rauru:ro] [310/380] Building C object modules/ec/zephyr/CMakeFiles/ec_shim.dir/shim/chip/it8xxx2/gpio.c.obj
[rauru:ro] [311/380] Building C object modules/ec/zephyr/CMakeFiles/ec_shim.dir/shim/chip/it8xxx2/system.c.obj
[greenbayupoc:rw] -- Cache files will be written to: /mnt/host/source/src/platform/ec/build/zephyr/user-cache
[greenbayupoc:rw] -- Zephyr version: 4.3.99 (/mnt/host/source/src/third_party/zephyr/main)
[greenbayupoc:rw] -- Board: it8xxx2, qualifiers: it82002aw
[rauru:ro] [312/380] Building C object modules/ec/zephyr/CMakeFiles/ec_shim.dir/shim/chip/it8xxx2/keyboard_raw.c.obj
[yavilla:rw] [136/382] Building C object zephyr/drivers/gpio/CMakeFiles/drivers__gpio.dir/gpio_ite_it8xxx2.c.obj
[yavilla:ro] [59/382] Building C object zephyr/arch/common/CMakeFiles/arch__common.dir/init.c.obj
[rauru:ro] [313/380] Building C object modules/ec/zephyr/CMakeFiles/ec_shim.dir/shim/chip/it8xxx2/power_policy.c.obj
[yavilla:rw] [137/382] Building C object zephyr/drivers/i2c/CMakeFiles/drivers__i2c.dir/i2c_common.c.obj
[rauru:ro] [314/380] Building C object modules/ec/zephyr/CMakeFiles/ec_shim.dir/shim/chip/it8xxx2/shi.c.obj
[yavilla:ro] [60/382] Building C object zephyr/arch/common/CMakeFiles/arch__common.dir/dynamic_isr.c.obj
[yavilla:rw] [138/382] Building C object zephyr/drivers/gpio/CMakeFiles/drivers__gpio.dir/gpio_kscan_ite_it8xxx2.c.obj
[rauru:ro] [315/380] Building C object modules/ec/zephyr/CMakeFiles/ec_shim.dir/shim/src/console.c.obj
[yavilla:rw] [139/382] Linking C static library zephyr/drivers/gpio/libdrivers__gpio.a
[rauru:ro] [316/380] Building C object modules/ec/zephyr/CMakeFiles/ec_shim.dir/shim/src/panic_utils.c.obj
[rauru:ro] [317/380] Building C object modules/ec/zephyr/CMakeFiles/ec_shim.dir/shim/src/pm_state.c.obj
[rauru:ro] [318/380] Building C object modules/ec/zephyr/CMakeFiles/ec_shim.dir/shim/src/gpio_int.c.obj
[rauru:ro] [319/380] Building C object modules/ec/zephyr/CMakeFiles/ec_shim.dir/shim/src/cbi/cros_cbi.c.obj
[yavilla:ro] [61/382] Building C object zephyr/arch/common/CMakeFiles/arch__common.dir/xip.c.obj
[rauru:ro] [320/380] Building C object modules/ec/zephyr/CMakeFiles/ec_shim.dir/shim/src/gpio.c.obj
[yavilla:rw] [140/382] Building C object zephyr/drivers/i2c/CMakeFiles/drivers__i2c.dir/i2c_bitbang.c.obj
[yavilla:ro] [62/382] Building C object zephyr/arch/common/CMakeFiles/isr_tables.dir/isr_tables.c.obj
[rauru:ro] [321/380] Building C object modules/ec/zephyr/CMakeFiles/ec_shim.dir/shim/src/cbi/cros_cbi_fw_config.c.obj
[yavilla:rw] [141/382] Building C object zephyr/drivers/i2c/CMakeFiles/drivers__i2c.dir/i2c_shell.c.obj
[yavilla:ro] [63/382] Linking C static library zephyr/arch/common/libisr_tables.a
[yavilla:ro] [64/382] Linking C static library zephyr/arch/common/libarch__common.a
[rauru:ro] [322/380] Building C object modules/ec/zephyr/CMakeFiles/ec_shim.dir/shim/src/cbi/cbi_flash.c.obj
[rauru:ro] [323/380] Building C object modules/ec/zephyr/CMakeFiles/ec_shim.dir/shim/src/battery.c.obj
[rauru:ro] [324/380] Building C object modules/ec/zephyr/CMakeFiles/ec_shim.dir/shim/src/system.c.obj
[rauru:ro] [325/380] Building C object modules/ec/zephyr/CMakeFiles/ec_shim.dir/shim/src/adc.c.obj
[yavilla:rw] [142/382] Building C object zephyr/drivers/i2c/CMakeFiles/drivers__i2c.dir/i2c_ite_enhance.c.obj
[yavilla:ro] [65/382] Building C object zephyr/arch/arch/riscv/core/CMakeFiles/arch__riscv__core.dir/cpu_idle.c.obj
[rauru:ro] [326/380] Building C object modules/ec/zephyr/CMakeFiles/ec_shim.dir/shim/src/charger.c.obj
[yavilla:rw] [143/382] Building C object zephyr/drivers/pinctrl/CMakeFiles/drivers__pinctrl.dir/common.c.obj
[rauru:ro] [327/380] Building C object modules/ec/zephyr/CMakeFiles/ec_shim.dir/shim/src/flash.c.obj
[rauru:ro] [328/380] Building C object modules/ec/zephyr/CMakeFiles/ec_shim.dir/shim/src/hooks.c.obj
[yavilla:rw] [144/382] Building C object zephyr/drivers/i2c/CMakeFiles/drivers__i2c.dir/i2c_ite_it8xxx2.c.obj
[rauru:ro] [329/380] Building C object modules/ec/zephyr/CMakeFiles/ec_shim.dir/shim/src/host_command.c.obj
[yavilla:rw] [145/382] Linking C static library zephyr/drivers/i2c/libdrivers__i2c.a
[rauru:ro] [330/380] Building C object modules/ec/zephyr/CMakeFiles/ec_shim.dir/shim/src/fan.c.obj
[yavilla:ro] [66/382] Building C object zephyr/arch/arch/riscv/core/CMakeFiles/arch__riscv__core.dir/fatal.c.obj
[/mnt/host/source/src/platform/ec/build/zephyr/markarth-lcov]   /mnt/host/source/src/platform/ec/build/zephyr/markarth/build-ro/zephyr/CMakeFiles/zephyr.dir/subsys/shell/modules/kernel_service/kernel_shell.c.gcno:no functions found
[/mnt/host/source/src/platform/ec/build/zephyr/markarth-lcov] stderr:
[rauru:ro] [331/380] Building C object modules/ec/zephyr/CMakeFiles/ec_shim.dir/shim/src/console_buffer.c.obj
[greenbayupoc:rw] -- Found Dtc: /usr/bin/dtc (found suitable version "1.6.0", minimum required is "1.4.6")
[rauru:ro] [332/380] Building C object modules/ec/zephyr/CMakeFiles/ec_shim.dir/shim/src/mkbp_event.c.obj
[greenbayupoc:rw] -- Found BOARD.dts: /mnt/host/source/src/platform/ec/zephyr/boards/google/it8xxx2/it8xxx2_it82002aw.dts
[greenbayupoc:rw] -- Found devicetree overlay: /mnt/host/source/src/platform/ec/zephyr/program/brox/greenbayupoc/project.overlay
[rauru:ro] [333/380] Building C object modules/ec/zephyr/CMakeFiles/ec_shim.dir/shim/src/keyboard_raw.c.obj
[yavilla:ro] [67/382] Building C object zephyr/arch/arch/riscv/core/CMakeFiles/arch__riscv__core.dir/irq_manage.c.obj
[rauru:ro] [334/380] Building C object modules/ec/zephyr/CMakeFiles/ec_shim.dir/shim/src/keyscan.c.obj
[yavilla:rw] [146/382] Building C object zephyr/drivers/pwm/CMakeFiles/drivers__pwm.dir/pwm_shell.c.obj
[/mnt/host/source/src/platform/ec/build/zephyr/markarth-lcov]   /mnt/host/source/src/platform/ec/build/zephyr/markarth/build-ro/zephyr/CMakeFiles/zephyr.dir/lib/libc/validate_libc.c.gcno:no functions found
[yavilla:ro] [68/382] Building C object zephyr/arch/arch/riscv/core/CMakeFiles/arch__riscv__core.dir/prep_c.c.obj
[/mnt/host/source/src/platform/ec/build/zephyr/markarth-lcov] stderr:
[yavilla:rw] [147/382] Building C object zephyr/drivers/pinctrl/CMakeFiles/drivers__pinctrl.dir/pinctrl_ite_it8xxx2.c.obj
[yavilla:rw] [148/382] Linking C static library zephyr/drivers/pinctrl/libdrivers__pinctrl.a
[rauru:ro] [335/380] Building C object modules/ec/zephyr/CMakeFiles/ec_shim.dir/shim/src/motionsense_sensors.c.obj
[yavilla:rw] [149/382] Building C object zephyr/drivers/sensor/CMakeFiles/drivers__sensor.dir/mnt/host/source/src/third_party/zephyr/main/misc/empty_file.c.obj
[rauru:ro] [336/380] Building C object modules/ec/zephyr/CMakeFiles/ec_shim.dir/shim/src/panic.c.obj
[yavilla:rw] [150/382] Linking C static library zephyr/drivers/sensor/libdrivers__sensor.a
[rauru:ro] [337/380] Building C object modules/ec/zephyr/CMakeFiles/ec_shim.dir/shim/src/power.c.obj
[yavilla:rw] [151/382] Building C object zephyr/drivers/pwm/CMakeFiles/drivers__pwm.dir/pwm_ite_it8xxx2.c.obj
[yavilla:rw] [152/382] Linking C static library zephyr/drivers/pwm/libdrivers__pwm.a
[rauru:ro] [338/380] Building C object modules/ec/zephyr/CMakeFiles/ec_shim.dir/shim/src/hwtimer.c.obj
[yavilla:ro] [69/382] Building C object zephyr/arch/arch/riscv/core/CMakeFiles/arch__riscv__core.dir/reboot.c.obj
[rauru:ro] [339/380] Building C object modules/ec/zephyr/CMakeFiles/ec_shim.dir/shim/src/pwm_hc.c.obj
[yavilla:ro] [70/382] Building ASM object zephyr/arch/arch/riscv/core/CMakeFiles/arch__riscv__core.dir/reset.S.obj
[rauru:ro] [340/380] Building C object modules/ec/zephyr/CMakeFiles/ec_shim.dir/shim/src/i2c.c.obj
[rauru:ro] [341/380] Building C object modules/ec/zephyr/CMakeFiles/ec_shim.dir/shim/src/watchdog.c.obj
[rauru:ro] [342/380] Building C object modules/ec/zephyr/CMakeFiles/ec_shim.dir/shim/src/ppc.c.obj
[yavilla:rw] [153/382] Building C object zephyr/drivers/sensor/ite/ite_tach_it8xxx2/CMakeFiles/drivers__sensor__ite__ite_tach_it8xxx2.dir/tach_ite_it8xxx2.c.obj
[rauru:ro] [343/380] Building C object modules/ec/zephyr/CMakeFiles/ec_shim.dir/shim/src/tasks.c.obj
[rauru:ro] [344/380] Building C object modules/ec/zephyr/CMakeFiles/ec_shim.dir/shim/src/usba.c.obj
[rauru:ro] [345/380] Building C object zephyr/kernel/CMakeFiles/kernel.dir/main_weak.c.obj
[yavilla:rw] [154/382] Linking C static library zephyr/drivers/sensor/ite/ite_tach_it8xxx2/libdrivers__sensor__ite__ite_tach_it8xxx2.a
[yavilla:ro] [71/382] Building ASM object zephyr/arch/arch/riscv/core/CMakeFiles/arch__riscv__core.dir/switch.S.obj
[rauru:ro] [346/380] Building C object modules/ec/zephyr/CMakeFiles/ec_shim.dir/shim/src/sha256_hw.c.obj
[yavilla:rw] [155/382] Building C object zephyr/drivers/serial/CMakeFiles/drivers__serial.dir/uart_ite_it8xxx2.c.obj
[yavilla:rw] [156/382] Building C object zephyr/drivers/sensor/ite/ite_vcmp_it8xxx2/CMakeFiles/drivers__sensor__ite__ite_vcmp_it8xxx2.dir/vcmp_ite_it8xxx2.c.obj
[rauru:ro] [347/380] Building C object modules/ec/zephyr/CMakeFiles/ec_shim.dir/shim/src/usb_muxes.c.obj
[yavilla:rw] [157/382] Linking C static library zephyr/drivers/sensor/ite/ite_vcmp_it8xxx2/libdrivers__sensor__ite__ite_vcmp_it8xxx2.a
[yavilla:ro] [72/382] Building C object zephyr/arch/arch/riscv/core/CMakeFiles/arch__riscv__core.dir/thread.c.obj
[rauru:ro] [348/380] Building C object zephyr/kernel/CMakeFiles/kernel.dir/banner.c.obj
[rauru:ro] [349/380] Linking C static library modules/ec/zephyr/libec_shim.a
[/mnt/host/source/src/platform/ec/build/zephyr/markarth-lcov]   /mnt/host/source/src/platform/ec/build/zephyr/markarth/build-ro/zephyr/CMakeFiles/zephyr.dir/lib/utils/last_section_id.c.gcno:no functions found
[/mnt/host/source/src/platform/ec/build/zephyr/markarth-lcov] stderr:
[rauru:ro] [350/380] Building C object zephyr/kernel/CMakeFiles/kernel.dir/busy_wait.c.obj
[rauru:ro] [351/380] Building C object zephyr/kernel/CMakeFiles/kernel.dir/version.c.obj
[rauru:ro] [352/380] Building C object zephyr/kernel/CMakeFiles/kernel.dir/errno.c.obj
[rauru:ro] [353/380] Building C object zephyr/kernel/CMakeFiles/kernel.dir/device.c.obj
[greenbayupoc:rw] -- Generated zephyr.dts: /mnt/host/source/src/platform/ec/build/zephyr/greenbayupoc/build-rw/zephyr/zephyr.dts
[greenbayupoc:rw] -- Generated pickled edt: /mnt/host/source/src/platform/ec/build/zephyr/greenbayupoc/build-rw/zephyr/edt.pickle
[rauru:ro] [354/380] Building C object zephyr/kernel/CMakeFiles/kernel.dir/fatal.c.obj
[yavilla:ro] [73/382] Building ASM object zephyr/arch/arch/riscv/core/CMakeFiles/arch__riscv__core.dir/isr.S.obj
[yavilla:rw] [158/382] Building C object zephyr/drivers/serial/CMakeFiles/drivers__serial.dir/uart_ns16550.c.obj
[rauru:ro] [355/380] Building C object zephyr/kernel/CMakeFiles/kernel.dir/kheap.c.obj
[yavilla:ro] [74/382] Generating ../../../include/generated/libc/minimal/strerror_table.h
[rauru:ro] [356/380] Building C object zephyr/kernel/CMakeFiles/kernel.dir/init.c.obj
[yavilla:rw] [159/382] Linking C static library zephyr/drivers/serial/libdrivers__serial.a
[yavilla:rw] [160/382] Building C object zephyr/drivers/timer/CMakeFiles/drivers__timer.dir/sys_clock_init.c.obj
[yavilla:ro] [75/382] Building C object zephyr/lib/libc/minimal/CMakeFiles/lib__libc__minimal.dir/source/stdlib/atoi.c.obj
[rauru:ro] [357/380] Building C object zephyr/kernel/CMakeFiles/kernel.dir/mem_slab.c.obj
[yavilla:rw] [161/382] Building C object zephyr/drivers/timer/CMakeFiles/drivers__timer.dir/ite_it8xxx2_timer.c.obj
[yavilla:ro] [76/382] Building C object zephyr/arch/arch/riscv/core/CMakeFiles/arch__riscv__core.dir/stacktrace.c.obj
[yavilla:rw] [162/382] Linking C static library zephyr/drivers/timer/libdrivers__timer.a
[yavilla:ro] [77/382] Linking C static library zephyr/arch/arch/riscv/core/libarch__riscv__core.a
[rauru:ro] [358/380] Building C object zephyr/kernel/CMakeFiles/kernel.dir/idle.c.obj
[greenbayupoc:rw] -- Generated devicetree_generated.h: /mnt/host/source/src/platform/ec/build/zephyr/greenbayupoc/build-rw/zephyr/include/generated/zephyr/devicetree_generated.h
[rauru:ro] [359/380] Building C object zephyr/kernel/CMakeFiles/kernel.dir/mailbox.c.obj
[yavilla:ro] [78/382] Building C object zephyr/lib/libc/minimal/CMakeFiles/lib__libc__minimal.dir/source/stdlib/strtol.c.obj
[rauru:ro] [360/380] Building C object zephyr/kernel/CMakeFiles/kernel.dir/float.c.obj
[yavilla:ro] [79/382] Building C object zephyr/lib/libc/minimal/CMakeFiles/lib__libc__minimal.dir/source/stdlib/strtoul.c.obj
[rauru:ro] [361/380] Building C object zephyr/kernel/CMakeFiles/kernel.dir/msg_q.c.obj
[yavilla:ro] [80/382] Building C object zephyr/lib/libc/minimal/CMakeFiles/lib__libc__minimal.dir/source/stdlib/strtoll.c.obj
[yavilla:ro] [81/382] Building C object zephyr/lib/libc/minimal/CMakeFiles/lib__libc__minimal.dir/source/stdlib/strtoull.c.obj
[yavilla:ro] [82/382] Building C object zephyr/lib/libc/minimal/CMakeFiles/lib__libc__minimal.dir/source/stdlib/bsearch.c.obj
[rauru:ro] [362/380] Building C object zephyr/kernel/CMakeFiles/kernel.dir/stack.c.obj
[rauru:ro] [363/380] Building C object zephyr/kernel/CMakeFiles/kernel.dir/queue.c.obj
[rauru:ro] [364/380] Building C object zephyr/kernel/CMakeFiles/kernel.dir/mutex.c.obj
[rauru:ro] [365/380] Building C object zephyr/kernel/CMakeFiles/kernel.dir/system_work_q.c.obj
[yavilla:rw] [163/382] Building C object zephyr/drivers/watchdog/CMakeFiles/drivers__watchdog.dir/wdt_shell.c.obj
[rauru:ro] [366/380] Building C object zephyr/kernel/CMakeFiles/kernel.dir/sem.c.obj
[yavilla:rw] [164/382] Building C object zephyr/drivers/watchdog/CMakeFiles/drivers__watchdog.dir/wdt_ite_it8xxx2.c.obj
[yavilla:rw] [165/382] Linking C static library zephyr/drivers/watchdog/libdrivers__watchdog.a
[yavilla:ro] [83/382] Building C object zephyr/lib/libc/minimal/CMakeFiles/lib__libc__minimal.dir/source/stdlib/qsort.c.obj
[rauru:ro] [367/380] Building C object zephyr/kernel/CMakeFiles/kernel.dir/thread.c.obj
[rauru:ro] [368/380] Building C object zephyr/kernel/CMakeFiles/kernel.dir/condvar.c.obj
[yavilla:rw] [166/382] Building C object modules/ec/zephyr/CMakeFiles/ec_shim.dir/app/ec/ec_app_main.c.obj
[rauru:ro] [369/380] Building C object zephyr/kernel/CMakeFiles/kernel.dir/work.c.obj
[yavilla:ro] [84/382] Building C object zephyr/lib/libc/minimal/CMakeFiles/lib__libc__minimal.dir/source/stdlib/exit.c.obj
[yavilla:ro] [85/382] Building C object zephyr/lib/libc/minimal/CMakeFiles/lib__libc__minimal.dir/source/string/strerror.c.obj
[rauru:ro] [370/380] Building C object zephyr/kernel/CMakeFiles/kernel.dir/thread_monitor.c.obj
[rauru:ro] [371/380] Building C object zephyr/kernel/CMakeFiles/kernel.dir/spinlock_validate.c.obj
[yavilla:ro] [86/382] Building C object zephyr/lib/libc/minimal/CMakeFiles/lib__libc__minimal.dir/source/string/strncasecmp.c.obj
[yavilla:ro] [87/382] Building C object zephyr/lib/libc/minimal/CMakeFiles/lib__libc__minimal.dir/source/string/strstr.c.obj
[rauru:ro] [372/380] Building C object zephyr/kernel/CMakeFiles/kernel.dir/pipe.c.obj
[yavilla:rw] [167/382] Building C object modules/ec/zephyr/CMakeFiles/ec_shim.dir/app/ec/main_shim.c.obj
[rauru:ro] [373/380] Building C object zephyr/kernel/CMakeFiles/kernel.dir/timeout.c.obj
Toolchain <zmake.toolchains.CorebootSdkToolchain object at 0x7f41207d7210> selected by probe function.
[trulo] Building in /mnt/host/source/src/platform/ec/build/zephyr/trulo.
[rauru:ro] [374/380] Building C object zephyr/kernel/CMakeFiles/kernel.dir/sched.c.obj
[greenbayupoc:rw] /mnt/host/source/src/platform/ec/build/zephyr/greenbayupoc/build-rw/zephyr/zephyr.dts:1312.27-2007.5: Warning (avoid_unnecessary_addr_size): /soc/pin-controller: unnecessary #address-cells/#size-cells without "ranges" or child "reg" property
[yavilla:ro] [88/382] Building C object zephyr/lib/libc/minimal/CMakeFiles/lib__libc__minimal.dir/source/string/strspn.c.obj
[rauru:ro] [375/380] Building C object zephyr/kernel/CMakeFiles/kernel.dir/timer.c.obj
[yavilla:ro] [89/382] Building C object zephyr/lib/libc/minimal/CMakeFiles/lib__libc__minimal.dir/source/string/string.c.obj
[yavilla:rw] [168/382] Building C object modules/ec/zephyr/CMakeFiles/ec_shim.dir/app/ec/chip/riscv/riscv-ite/it8xxx2-espi.c.obj
[rauru:ro] [376/380] Building C object zephyr/kernel/CMakeFiles/kernel.dir/mempool.c.obj
[rauru:ro] [377/380] Building C object zephyr/kernel/CMakeFiles/kernel.dir/dynamic_disabled.c.obj
[trulo:rw] Configuring.
Running `env -i PYTHONPATH=/usr/lib64/python-exec/python3.11:/mnt/host/source/src/platform/ec/zephyr/zmake:/usr/lib/python311.zip:/usr/lib/python3.11:/usr/lib/python3.11/lib-dynload:/usr/lib/python3.11/site-packages PW_PIGWEED_CIPD_INSTALL_DIR=/usr CROSTC_USER_ACKNOWLEDGES_THAT_RISCV_IS_EXPERIMENTAL=1 PATH=/mnt/host/source/chromite/bin:/usr/local/bin:/usr/bin:/bin:/opt/bin:/mnt/host/source/chromite/sdk/bin:/mnt/host/source/chromite/bin HOME=/home/jpmurphy JAVA_HOME=/etc/java-config-2/current-system-vm JDK_HOME=/etc/java-config-2/current-system-vm JAVAC=/etc/java-config-2/current-system-vm/bin/javac MAKEFLAGS=' -j16 --jobserver-auth=5,6' /usr/bin/cmake -S /mnt/host/source/src/platform/ec/zephyr/program/trulo -B /mnt/host/source/src/platform/ec/build/zephyr/trulo/build-rw -GNinja -DCMAKE_EXPORT_COMPILE_COMMANDS=ON -DZEPHYR_BASE=/mnt/host/source/src/third_party/zephyr/main -DZMAKE_INCLUDE_DIR=/mnt/host/source/src/platform/ec/build/zephyr/trulo/include -DPython3_EXECUTABLE=/usr/bin/python3.11 -DDTS_ROOT=/mnt/host/source/src/platform/ec/zephyr -DSYSCALL_INCLUDE_DIRS=/mnt/host/source/src/platform/ec/zephyr/include/drivers -DUSER_CACHE_DIR=/mnt/host/source/src/platform/ec/build/zephyr/user-cache -DPW_ROOT=/mnt/host/source/src/third_party/pigweed -DNANOPB_DIR=/mnt/host/source/src/third_party/zephyr/nanopb '-DEXTRA_EC_VERSION_FLAGS=--version 16543.0.0 --static' -DTOOLCHAIN_ROOT=/mnt/host/source/src/platform/ec/zephyr -DCOREBOOT_SDK_ROOT_x86=/home/jpmurphy/.cache/coreboot-sdk/i386-elf/dfbb0486385d938cfa9d73080b9d18d598ed4f49 -DCOREBOOT_SDK_ROOT_picolibc_x86=/home/jpmurphy/.cache/coreboot-sdk/picolibc-i386-elf/eb8e8e687b95461de8cbf278f1c2076952d0ad17 -DCOREBOOT_SDK_ROOT_riscv64=/home/jpmurphy/.cache/coreboot-sdk/riscv64-elf/96b949749225b6aaa92ed810ab769e8dfb12f000 -DCOREBOOT_SDK_ROOT_picolibc_arm=/home/jpmurphy/.cache/coreboot-sdk/picolibc-arm-eabi/422a2aa3e1ef891b5bece9a3deb696ff83840d2e -DCOREBOOT_SDK_ROOT_nds32=/home/jpmurphy/.cache/coreboot-sdk/nds32le-elf/d1a518c4a097666d86058e1444f85ca015d15511 -DCOREBOOT_SDK_ROOT_picolibc_riscv64=/home/jpmurphy/.cache/coreboot-sdk/picolibc-riscv64-elf/f571e990ef0278564b31124f8bb109d9a697eb69 -DCOREBOOT_SDK_ROOT_arm=/home/jpmurphy/.cache/coreboot-sdk/arm-eabi/ea40ddd1d190c3b48435c474c0b545719371813a -DCOREBOOT_SDK_ROOT_libstdcxx_riscv64=/home/jpmurphy/.cache/coreboot-sdk/libstdcxx-riscv64-elf/17abf22a3a252e2d5d2062ced5324f7a623689e0 -DCOREBOOT_SDK_ROOT_libstdcxx_arm=/home/jpmurphy/.cache/coreboot-sdk/libstdcxx-arm-eabi/5d7d82e150e44aa1968f1d366e267e6687b328ac -DCOREBOOT_SDK_ROOT_riscv=/home/jpmurphy/.cache/coreboot-sdk/riscv-elf/9a27b9e82341c6e9126624f516ab3f261abb3e73 -DCOREBOOT_SDK_ROOT_libstdcxx_x86=/home/jpmurphy/.cache/coreboot-sdk/libstdcxx-i386-elf/42ef9d2e87a76a37963175d7d428734e65648b87 -DZEPHYR_TOOLCHAIN_VARIANT=coreboot-sdk '-DZEPHYR_MODULES=/mnt/host/source/src/platform/ec/build/zephyr/trulo/modules/cmsis;/mnt/host/source/src/platform/ec/build/zephyr/trulo/modules/cmsis_6;/mnt/host/source/src/platform/ec/build/zephyr/trulo/modules/picolibc;/mnt/host/source/src/platform/ec/build/zephyr/trulo/modules/ec;/mnt/host/source/src/platform/ec/build/zephyr/trulo/modules/pigweed;/mnt/host/source/src/platform/ec/build/zephyr/trulo/modules/nanopb' -DDTC_OVERLAY_FILE=/mnt/host/source/src/platform/ec/zephyr/program/trulo/trulo/project.overlay -DBOARD=npcx9/npcx9m3f -DCMAKE_C_FLAGS=-DSECTION_IS_RW '-DCONF_FILE=/mnt/host/source/src/platform/ec/zephyr/program/trulo/program.conf;/mnt/host/source/src/platform/ec/zephyr/program/trulo/trulo/project.conf;/mnt/host/source/src/platform/ec/zephyr/program/trulo/dsp_comms.conf;/mnt/host/source/src/platform/ec/build/zephyr/trulo/kconfig-rw.conf'`
[trulo:rw] -- Application: /mnt/host/source/src/platform/ec/zephyr/program/trulo
[trulo:rw] Loading Zephyr default modules (Zephyr base (cached)).
[rauru:ro] [378/380] Building C object zephyr/kernel/CMakeFiles/kernel.dir/events.c.obj
Toolchain <zmake.toolchains.CorebootSdkToolchain object at 0x7f41204a5ed0> selected by probe function.
[ruby] Building in /mnt/host/source/src/platform/ec/build/zephyr/ruby.
[rauru:ro] [379/380] Building C object zephyr/kernel/CMakeFiles/kernel.dir/poll.c.obj
[yavilla:rw] [169/382] Building C object modules/ec/zephyr/CMakeFiles/ec_shim.dir/drivers/cros_flash/cros_flash_it8xxx2.c.obj
[rauru:ro] [380/380] Linking C static library zephyr/kernel/libkernel.a
[yavilla:rw] [170/382] Building C object modules/ec/zephyr/CMakeFiles/ec_shim.dir/drivers/cros_kblight/pwm_kblight.c.obj
[yavilla:ro] [90/382] Building C object zephyr/lib/libc/minimal/CMakeFiles/lib__libc__minimal.dir/source/math/sqrt.c.obj
[yavilla:ro] [91/382] Building C object zephyr/lib/libc/minimal/CMakeFiles/lib__libc__minimal.dir/source/math/sqrtf.c.obj
[yavilla:rw] [171/382] Building C object modules/ec/zephyr/CMakeFiles/ec_shim.dir/shim/chip/it8xxx2/clock.c.obj
[trulo:rw] -- CMake version: 3.31.7
[trulo:rw] -- Found Python3: /usr/bin/python3.11 (found suitable version "3.11.11", minimum required is "3.10") found components: Interpreter
[yavilla:ro] [92/382] Building C object zephyr/lib/libc/minimal/CMakeFiles/lib__libc__minimal.dir/source/stdout/stdout_console.c.obj
[trulo:rw] -- Cache files will be written to: /mnt/host/source/src/platform/ec/build/zephyr/user-cache
[trulo:rw] -- Zephyr version: 4.3.99 (/mnt/host/source/src/third_party/zephyr/main)
[yavilla:ro] [93/382] Building C object zephyr/lib/libc/minimal/CMakeFiles/lib__libc__minimal.dir/source/stdout/sprintf.c.obj
[yavilla:rw] [172/382] Building C object modules/ec/zephyr/CMakeFiles/ec_shim.dir/drivers/cros_kb_raw/cros_kb_raw_ite.c.obj
[yavilla:rw] [173/382] Building C object modules/ec/zephyr/CMakeFiles/ec_shim.dir/drivers/cros_system/cros_system_it8xxx2.c.obj
[yavilla:ro] [94/382] Building C object zephyr/lib/libc/common/CMakeFiles/lib__libc__common.dir/source/time/gmtime_r.c.obj
[yavilla:rw] [174/382] Building C object modules/ec/zephyr/CMakeFiles/ec_shim.dir/shim/src/crc.c.obj
[yavilla:ro] [95/382] Building C object zephyr/lib/libc/minimal/CMakeFiles/lib__libc__minimal.dir/source/stdout/fprintf.c.obj
[yavilla:rw] [175/382] Building C object modules/ec/zephyr/CMakeFiles/ec_shim.dir/shim/chip/it8xxx2/gpio.c.obj
[yavilla:rw] [176/382] Building C object modules/ec/zephyr/CMakeFiles/ec_shim.dir/drivers/vivaldi_kbd/vivaldi_kbd.c.obj
[yavilla:ro] [96/382] Building C object zephyr/lib/libc/common/CMakeFiles/lib__libc__common.dir/source/time/asctime.c.obj
[yavilla:ro] [97/382] Building C object zephyr/lib/libc/common/CMakeFiles/lib__libc__common.dir/source/time/localtime_r_utc.c.obj
[yavilla:ro] [98/382] Building C object zephyr/lib/libc/common/CMakeFiles/lib__libc__common.dir/source/time/ctime.c.obj
[yavilla:rw] [177/382] Building C object modules/ec/zephyr/CMakeFiles/ec_shim.dir/shim/chip/it8xxx2/system.c.obj
[yavilla:ro] [99/382] Building C object zephyr/lib/libc/minimal/CMakeFiles/lib__libc__minimal.dir/source/time/gmtime.c.obj
[yavilla:rw] [178/382] Building C object modules/ec/zephyr/CMakeFiles/ec_shim.dir/shim/chip/it8xxx2/keyboard_raw.c.obj
[yavilla:ro] [100/382] Building C object zephyr/lib/libc/common/CMakeFiles/lib__libc__common.dir/source/time/time.c.obj
[yavilla:ro] [101/382] Building C object zephyr/lib/libc/common/CMakeFiles/lib__libc__common.dir/source/stdlib/abort.c.obj
[yavilla:ro] [102/382] Linking C static library zephyr/lib/libc/minimal/liblib__libc__minimal.a
[yavilla:rw] [179/382] Building C object modules/ec/zephyr/CMakeFiles/ec_shim.dir/shim/chip/it8xxx2/power_policy.c.obj
[yavilla:ro] [103/382] Building C object zephyr/lib/libc/common/CMakeFiles/lib__libc__common.dir/source/string/strnlen.c.obj
[yavilla:ro] [104/382] Building C object zephyr/lib/posix/c_lib_ext/CMakeFiles/lib__posix__c_lib_ext.dir/fnmatch.c.obj
[yavilla:rw] [180/382] Building C object modules/ec/zephyr/CMakeFiles/ec_shim.dir/shim/src/console.c.obj
[yavilla:ro] [105/382] Building C object zephyr/subsys/crc/CMakeFiles/subsys__crc.dir/crc8_sw.c.obj
[yavilla:rw] [181/382] Building C object modules/ec/zephyr/CMakeFiles/ec_shim.dir/shim/src/gpio_int.c.obj
[yavilla:ro] [106/382] Building C object zephyr/subsys/crc/CMakeFiles/subsys__crc.dir/crc4_sw.c.obj
[yavilla:rw] [182/382] Building C object modules/ec/zephyr/CMakeFiles/ec_shim.dir/shim/src/gpio.c.obj
[yavilla:ro] [107/382] Building C object zephyr/lib/libc/common/CMakeFiles/lib__libc__common.dir/source/stdlib/malloc.c.obj
[yavilla:ro] [108/382] Building C object zephyr/subsys/crc/CMakeFiles/subsys__crc.dir/crc16_sw.c.obj
[yavilla:ro] [109/382] Building C object zephyr/subsys/crc/CMakeFiles/subsys__crc.dir/crc7_sw.c.obj
[yavilla:ro] [110/382] Linking C static library zephyr/lib/libc/common/liblib__libc__common.a
[yavilla:rw] [183/382] Building C object modules/ec/zephyr/CMakeFiles/ec_shim.dir/shim/src/panic_utils.c.obj
[yavilla:ro] [111/382] Building C object zephyr/subsys/crc/CMakeFiles/subsys__crc.dir/crc24_sw.c.obj
[yavilla:rw] [184/382] Building C object modules/ec/zephyr/CMakeFiles/ec_shim.dir/shim/src/pm_state.c.obj
[yavilla:ro] [112/382] Building C object zephyr/subsys/crc/CMakeFiles/subsys__crc.dir/crc32c_sw.c.obj
[yavilla:ro] [113/382] Building C object zephyr/lib/posix/c_lib_ext/CMakeFiles/lib__posix__c_lib_ext.dir/getentropy.c.obj
[yavilla:ro] [114/382] Building C object zephyr/subsys/crc/CMakeFiles/subsys__crc.dir/crc32_sw.c.obj
[yavilla:rw] [185/382] Building C object modules/ec/zephyr/CMakeFiles/ec_shim.dir/shim/src/cbi/cros_cbi.c.obj
[yavilla:ro] [115/382] Building C object zephyr/lib/posix/c_lib_ext/CMakeFiles/lib__posix__c_lib_ext.dir/getopt_shim.c.obj
[yavilla:ro] [116/382] Building C object zephyr/subsys/crc/CMakeFiles/subsys__crc.dir/crc32k_4_2_sw.c.obj
[yavilla:rw] [186/382] Building C object modules/ec/zephyr/CMakeFiles/ec_shim.dir/shim/src/cbi/cros_cbi_fw_config.c.obj
[yavilla:ro] [117/382] Linking C static library zephyr/subsys/crc/libsubsys__crc.a
[yavilla:ro] [118/382] Linking C static library zephyr/lib/posix/c_lib_ext/liblib__posix__c_lib_ext.a
[trulo:rw] -- Board: npcx9, qualifiers: npcx9m3f
[yavilla:rw] [187/382] Building C object modules/ec/zephyr/CMakeFiles/ec_shim.dir/shim/src/cbi/cbi_eeprom.c.obj
[yavilla:rw] [188/382] Building C object modules/ec/zephyr/CMakeFiles/ec_shim.dir/shim/src/cbi/cros_cbi_ssfc.c.obj
[yavilla:rw] [189/382] Building C object modules/ec/zephyr/CMakeFiles/ec_shim.dir/shim/src/adc.c.obj
[yavilla:rw] [190/382] Building C object modules/ec/zephyr/CMakeFiles/ec_shim.dir/shim/src/battery.c.obj
[yavilla:rw] [191/382] Building C object modules/ec/zephyr/CMakeFiles/ec_shim.dir/shim/src/system.c.obj
[yavilla:ro] [119/382] Building C object zephyr/drivers/interrupt_controller/CMakeFiles/drivers__interrupt_controller.dir/intc_ite_it8xxx2.c.obj
[yavilla:rw] [192/382] Building C object modules/ec/zephyr/CMakeFiles/ec_shim.dir/shim/src/charger.c.obj
[yavilla:ro] [120/382] Building C object zephyr/drivers/adc/CMakeFiles/drivers__adc.dir/adc_common.c.obj
[yavilla:ro] [121/382] Building C object zephyr/drivers/interrupt_controller/CMakeFiles/drivers__interrupt_controller.dir/wuc_ite_it8xxx2.c.obj
[yavilla:rw] [193/382] Building C object modules/ec/zephyr/CMakeFiles/ec_shim.dir/shim/src/chipset_api.c.obj
[greenbayupoc:rw] warning: Deprecated symbol I2C_ALLOW_NO_STOP_TRANSACTIONS is enabled.
[yavilla:ro] [122/382] Building C object zephyr/drivers/bbram/CMakeFiles/drivers__bbram.dir/bbram_it8xxx2.c.obj
[yavilla:ro] [123/382] Linking C static library zephyr/drivers/interrupt_controller/libdrivers__interrupt_controller.a
[yavilla:ro] [124/382] Building C object zephyr/drivers/adc/CMakeFiles/drivers__adc.dir/adc_ite_it8xxx2.c.obj
[yavilla:ro] [125/382] Linking C static library zephyr/drivers/bbram/libdrivers__bbram.a
[yavilla:ro] [126/382] Linking C static library zephyr/drivers/adc/libdrivers__adc.a
[yavilla:rw] [194/382] Building C object modules/ec/zephyr/CMakeFiles/ec_shim.dir/shim/src/flash.c.obj
[yavilla:rw] [195/382] Building C object modules/ec/zephyr/CMakeFiles/ec_shim.dir/shim/src/espi.c.obj
[yavilla:rw] [196/382] Building C object modules/ec/zephyr/CMakeFiles/ec_shim.dir/shim/src/fan.c.obj
[yavilla:ro] [127/382] Building C object zephyr/drivers/console/CMakeFiles/drivers__console.dir/uart_console.c.obj
[yavilla:rw] [197/382] Building C object modules/ec/zephyr/CMakeFiles/ec_shim.dir/shim/src/console_buffer.c.obj
[yavilla:ro] [128/382] Building C object zephyr/drivers/eeprom/CMakeFiles/drivers__eeprom.dir/eeprom_shell.c.obj
[greenbayupoc:rw] Parsing /mnt/host/source/src/platform/ec/zephyr/program/brox/Kconfig
[yavilla:ro] [129/382] Linking C static library zephyr/drivers/console/libdrivers__console.a
[yavilla:rw] [198/382] Building C object modules/ec/zephyr/CMakeFiles/ec_shim.dir/shim/src/hooks.c.obj
[yavilla:rw] [199/382] Building C object modules/ec/zephyr/CMakeFiles/ec_shim.dir/shim/src/host_command.c.obj
[yavilla:rw] [200/382] Building C object modules/ec/zephyr/CMakeFiles/ec_shim.dir/shim/src/keyboard_raw.c.obj
[yavilla:rw] [201/382] Building C object modules/ec/zephyr/CMakeFiles/ec_shim.dir/shim/src/mkbp_event.c.obj
[yavilla:ro] [130/382] Building C object zephyr/drivers/eeprom/CMakeFiles/drivers__eeprom.dir/eeprom_at2x.c.obj
[yavilla:ro] [131/382] Building C object zephyr/drivers/flash/CMakeFiles/drivers__flash.dir/flash_ite_it8xxx2.c.obj
[yavilla:ro] [132/382] Linking C static library zephyr/drivers/eeprom/libdrivers__eeprom.a
[yavilla:ro] [133/382] Linking C static library zephyr/drivers/flash/libdrivers__flash.a
[yavilla:ro] [134/382] Building C object zephyr/drivers/espi/CMakeFiles/drivers__espi.dir/espi_it8xxx2.c.obj
[yavilla:rw] [202/382] Building C object modules/ec/zephyr/CMakeFiles/ec_shim.dir/shim/src/panic.c.obj
[yavilla:ro] [135/382] Linking C static library zephyr/drivers/espi/libdrivers__espi.a
[yavilla:rw] [203/382] Building C object modules/ec/zephyr/CMakeFiles/ec_shim.dir/shim/src/motionsense_sensors.c.obj
[trulo:rw] -- Found Dtc: /usr/bin/dtc (found suitable version "1.6.0", minimum required is "1.4.6")
[trulo:rw] -- Found BOARD.dts: /mnt/host/source/src/platform/ec/zephyr/boards/google/npcx9/npcx9_npcx9m3f.dts
[trulo:rw] -- Found devicetree overlay: /mnt/host/source/src/platform/ec/zephyr/program/trulo/trulo/project.overlay
[yavilla:ro] [136/382] Building C object zephyr/drivers/gpio/CMakeFiles/drivers__gpio.dir/gpio_kscan_ite_it8xxx2.c.obj
[yavilla:rw] [204/382] Building C object modules/ec/zephyr/CMakeFiles/ec_shim.dir/shim/src/hwtimer.c.obj
[yavilla:rw] [205/382] Building C object modules/ec/zephyr/CMakeFiles/ec_shim.dir/shim/src/pwm_hc.c.obj
[yavilla:ro] [137/382] Building C object zephyr/drivers/gpio/CMakeFiles/drivers__gpio.dir/gpio_ite_it8xxx2.c.obj
[yavilla:rw] [206/382] Building C object modules/ec/zephyr/CMakeFiles/ec_shim.dir/shim/src/thermal.c.obj
[yavilla:ro] [138/382] Linking C static library zephyr/drivers/gpio/libdrivers__gpio.a
[yavilla:rw] [207/382] Building C object modules/ec/zephyr/CMakeFiles/ec_shim.dir/shim/src/i2c.c.obj
[yavilla:rw] [208/382] Building C object modules/ec/zephyr/CMakeFiles/ec_shim.dir/shim/src/temp_sensors.c.obj
[yavilla:rw] [209/382] cd /mnt/host/source/src/platform/ec/build/zephyr/yavilla/build-rw/modules/ec/zephyr && PYTHONPATH=/mnt/host/source/src/platform/ec/build/zephyr/yavilla/modules/ec/zephyr/zmake/ /usr/bin/python3.11 /mnt/host/source/src/platform/ec/build/zephyr/yavilla/modules/ec/zephyr/zmake/zephyr_build_tools/generate_ec_version.py /mnt/host/source/src/platform/ec/build/zephyr/yavilla/build-rw/modules/ec/zephyr/include/ec_version.h --name Zephyr-Kernel --version 16543.0.0 --static
[yavilla:rw] INFO:root:Using a static version string
[yavilla:ro] [139/382] Building C object zephyr/drivers/i2c/CMakeFiles/drivers__i2c.dir/i2c_bitbang.c.obj
[greenbayupoc:rw] Loaded configuration '/mnt/host/source/src/platform/ec/zephyr/boards/google/it8xxx2/it8xxx2_it82002aw_defconfig'
[greenbayupoc:rw] Merged configuration '/mnt/host/source/src/platform/ec/zephyr/program/brox/program.conf'
[greenbayupoc:rw] Merged configuration '/mnt/host/source/src/platform/ec/zephyr/program/brox/ite.conf'
[greenbayupoc:rw] Merged configuration '/mnt/host/source/src/platform/ec/zephyr/program/brox/greenbayupoc/project.conf'
[greenbayupoc:rw] Merged configuration '/mnt/host/source/src/platform/ec/build/zephyr/greenbayupoc/kconfig-rw.conf'
[greenbayupoc:rw] Configuration saved to '/mnt/host/source/src/platform/ec/build/zephyr/greenbayupoc/build-rw/zephyr/.config'
[greenbayupoc:rw] Kconfig header saved to '/mnt/host/source/src/platform/ec/build/zephyr/greenbayupoc/build-rw/zephyr/include/generated/zephyr/autoconf.h'
[greenbayupoc:rw] -- Found GnuLd: /home/jpmurphy/.cache/coreboot-sdk/riscv64-elf/96b949749225b6aaa92ed810ab769e8dfb12f000/riscv64-elf/bin/ld.bfd (found version "2.43.1")
[yavilla:ro] [140/382] Building C object zephyr/drivers/i2c/CMakeFiles/drivers__i2c.dir/i2c_common.c.obj
[yavilla:rw] INFO:root:Version string: Zephyr-Kernel-16543.0.0
[yavilla:rw] INFO:root:Writing header to /mnt/host/source/src/platform/ec/build/zephyr/yavilla/build-rw/modules/ec/zephyr/include/ec_version.h
[yavilla:rw] [210/382] Building C object modules/ec/zephyr/CMakeFiles/ec_shim.dir/shim/src/tasks.c.obj
[greenbayupoc:rw] -- The C compiler identification is GNU 14.2.0
[yavilla:rw] [211/382] Building C object modules/ec/zephyr/CMakeFiles/ec_shim.dir/shim/src/watchdog.c.obj
[yavilla:ro] [141/382] Building C object zephyr/drivers/i2c/CMakeFiles/drivers__i2c.dir/i2c_shell.c.obj
[yavilla:rw] [212/382] Building C object modules/ec/zephyr/CMakeFiles/ec_shim.dir/shim/src/usba.c.obj
[yavilla:ro] [142/382] Building C object zephyr/drivers/pinctrl/CMakeFiles/drivers__pinctrl.dir/common.c.obj
[yavilla:ro] [143/382] Building C object zephyr/drivers/i2c/CMakeFiles/drivers__i2c.dir/i2c_ite_enhance.c.obj
[yavilla:rw] [213/382] Building C object zephyr/kernel/CMakeFiles/kernel.dir/main_weak.c.obj
[greenbayupoc:rw] -- The CXX compiler identification is GNU 14.2.0
[yavilla:rw] [214/382] Building C object modules/ec/zephyr/CMakeFiles/ec_shim.dir/shim/src/power_host_sleep_api.c.obj
[greenbayupoc:rw] -- The ASM compiler identification is GNU
[greenbayupoc:rw] -- Found assembler: /home/jpmurphy/.cache/coreboot-sdk/riscv64-elf/96b949749225b6aaa92ed810ab769e8dfb12f000/bin/riscv64-elf-gcc
[yavilla:rw] [215/382] Building C object zephyr/kernel/CMakeFiles/kernel.dir/banner.c.obj
[greenbayupoc:rw] CMake Warning at /mnt/host/source/src/platform/ec/zephyr/cmake/linker/ld/linker_libraries.cmake:11 (message):
[greenbayupoc:rw]   Disabling c_library
[greenbayupoc:rw] Call Stack (most recent call first):
[greenbayupoc:rw]   /mnt/host/source/src/third_party/zephyr/main/cmake/target_toolchain_flags.cmake:48 (include)
[greenbayupoc:rw]   /mnt/host/source/src/third_party/zephyr/main/cmake/modules/kernel.cmake:153 (include)
[greenbayupoc:rw]   /mnt/host/source/src/third_party/zephyr/main/cmake/modules/zephyr_default.cmake:138 (include)
[greenbayupoc:rw]   /mnt/host/source/src/third_party/zephyr/main/share/zephyr-package/cmake/ZephyrConfig.cmake:66 (include)
[greenbayupoc:rw]   /mnt/host/source/src/third_party/zephyr/main/share/zephyr-package/cmake/ZephyrConfig.cmake:97 (include_boilerplate)
[greenbayupoc:rw]   CMakeLists.txt:6 (find_package)
[yavilla:ro] [144/382] Building C object zephyr/drivers/sensor/CMakeFiles/drivers__sensor.dir/mnt/host/source/src/third_party/zephyr/main/misc/empty_file.c.obj
[yavilla:rw] [216/382] Building C object modules/ec/zephyr/CMakeFiles/ec_shim.dir/shim/src/usb_muxes.c.obj
[yavilla:rw] [217/382] Building C object CMakeFiles/app.dir/mnt/host/source/src/platform/ec/zephyr/subsys/ap_pwrseq/ap_events.c.obj
[yavilla:ro] [145/382] Linking C static library zephyr/drivers/sensor/libdrivers__sensor.a
[yavilla:ro] [146/382] Building C object zephyr/drivers/i2c/CMakeFiles/drivers__i2c.dir/i2c_ite_it8xxx2.c.obj
[yavilla:ro] [147/382] Building C object zephyr/drivers/pinctrl/CMakeFiles/drivers__pinctrl.dir/pinctrl_ite_it8xxx2.c.obj
[yavilla:rw] [218/382] Building C object CMakeFiles/app.dir/mnt/host/source/src/platform/ec/zephyr/subsys/ap_pwrseq/ap_power_interface.c.obj
[yavilla:ro] [148/382] Linking C static library zephyr/drivers/i2c/libdrivers__i2c.a
[yavilla:ro] [149/382] Linking C static library zephyr/drivers/pinctrl/libdrivers__pinctrl.a
[yavilla:rw] [219/382] Building C object CMakeFiles/app.dir/mnt/host/source/src/platform/ec/zephyr/subsys/ap_pwrseq/power_signals.c.obj
[yavilla:ro] [150/382] Building C object zephyr/drivers/pwm/CMakeFiles/drivers__pwm.dir/pwm_shell.c.obj
[/mnt/host/source/src/platform/ec/build/zephyr/markarth-lcov]   /mnt/host/source/src/platform/ec/build/zephyr/markarth/build-ro/zephyr/CMakeFiles/zephyr.dir/soc/nuvoton/npcx/common/npcxn/registers.c.gcno:no functions found
[/mnt/host/source/src/platform/ec/build/zephyr/markarth-lcov] stderr:
[yavilla:ro] [151/382] Building C object zephyr/drivers/pwm/CMakeFiles/drivers__pwm.dir/pwm_ite_it8xxx2.c.obj
[yavilla:rw] [220/382] Building C object CMakeFiles/app.dir/mnt/host/source/src/platform/ec/zephyr/subsys/ap_pwrseq/signal_gpio.c.obj
[yavilla:ro] [152/382] Linking C static library zephyr/drivers/pwm/libdrivers__pwm.a
[yavilla:rw] [221/382] Building C object CMakeFiles/app.dir/mnt/host/source/src/platform/ec/zephyr/subsys/ap_pwrseq/signal_vw.c.obj
[greenbayupoc:rw] -- Performing EC specific devicetree checks
[yavilla:rw] [222/382] Building C object CMakeFiles/app.dir/mnt/host/source/src/platform/ec/zephyr/subsys/ap_pwrseq/signal_adc.c.obj
[yavilla:rw] [223/382] Building C object CMakeFiles/app.dir/mnt/host/source/src/platform/ec/zephyr/subsys/ap_pwrseq/power_host_sleep.c.obj
[greenbayupoc:rw] INFO: Verified 47 GPIOs, no duplicates found
[yavilla:ro] [153/382] Building C object zephyr/drivers/sensor/ite/ite_tach_it8xxx2/CMakeFiles/drivers__sensor__ite__ite_tach_it8xxx2.dir/tach_ite_it8xxx2.c.obj
[greenbayupoc:rw] INFO: Verified 21 '*-gpios' properties, all flags match.
[yavilla:rw] [224/382] Building C object CMakeFiles/app.dir/mnt/host/source/src/platform/ec/zephyr/subsys/ap_pwrseq/x86_non_dsx_chipset_power_state.c.obj
[yavilla:ro] [154/382] Linking C static library zephyr/drivers/sensor/ite/ite_tach_it8xxx2/libdrivers__sensor__ite__ite_tach_it8xxx2.a
[yavilla:rw] [225/382] Building C object CMakeFiles/app.dir/mnt/host/source/src/platform/ec/zephyr/subsys/ap_pwrseq/x86_non_dsx_common_pwrseq_sm_handler.c.obj
[yavilla:rw] [226/382] Building C object CMakeFiles/app.dir/mnt/host/source/src/platform/ec/zephyr/subsys/ap_pwrseq/x86_non_dsx_common_pwrseq_host_sleep.c.obj
[yavilla:ro] [155/382] Building C object zephyr/drivers/serial/CMakeFiles/drivers__serial.dir/uart_ite_it8xxx2.c.obj
[trulo:rw] -- Generated zephyr.dts: /mnt/host/source/src/platform/ec/build/zephyr/trulo/build-rw/zephyr/zephyr.dts
[trulo:rw] -- Generated pickled edt: /mnt/host/source/src/platform/ec/build/zephyr/trulo/build-rw/zephyr/edt.pickle
[yavilla:ro] [156/382] Building C object zephyr/drivers/sensor/ite/ite_vcmp_it8xxx2/CMakeFiles/drivers__sensor__ite__ite_vcmp_it8xxx2.dir/vcmp_ite_it8xxx2.c.obj
[greenbayupoc:rw] -- Generating component manifest file
[yavilla:ro] [157/382] Building C object zephyr/drivers/serial/CMakeFiles/drivers__serial.dir/uart_ns16550.c.obj
[yavilla:ro] [158/382] Linking C static library zephyr/drivers/serial/libdrivers__serial.a
[yavilla:rw] [227/382] Building C object CMakeFiles/app.dir/mnt/host/source/src/platform/ec/zephyr/subsys/ap_pwrseq/x86_non_dsx_common_pwrseq_console.c.obj
[yavilla:ro] [159/382] Linking C static library zephyr/drivers/sensor/ite/ite_vcmp_it8xxx2/libdrivers__sensor__ite__ite_vcmp_it8xxx2.a
[yavilla:rw] [228/382] Building C object CMakeFiles/app.dir/mnt/host/source/src/platform/ec/zephyr/subsys/ap_pwrseq/x86_non_dsx_common_pwrseq_host_command.c.obj
[yavilla:ro] [160/382] Building C object zephyr/drivers/timer/CMakeFiles/drivers__timer.dir/sys_clock_init.c.obj
[greenbayupoc:rw] INFO: Skipped 15 named-gpios children.
[greenbayupoc:rw] INFO: Running CME, outputting to /mnt/host/source/src/platform/ec/build/zephyr/greenbayupoc/build-rw/zephyr/component_manifest.json
[greenbayupoc:rw] WARNING: Unknown or disabled I2C port: i2c@f04480(i2c_ec_pmc_pd)
[greenbayupoc:rw] INFO: Project greenbayupoc does not support SSFC
[greenbayupoc:rw] INFO: No motionsense-sensor node found
[greenbayupoc:rw] -- warning_base_override: -Wall;-Wformat;-Wformat-security;-Wformat;-Wno-format-zero-length;-Wno-pointer-sign;-Wpointer-arith;-Wexpansion-to-defined
[yavilla:rw] [229/382] Building C object CMakeFiles/app.dir/mnt/host/source/src/platform/ec/build/zephyr/yavilla/modules/ec/builtin/stdlib.c.obj
[yavilla:rw] [230/382] Building C object CMakeFiles/app.dir/mnt/host/source/src/platform/ec/zephyr/subsys/ap_pwrseq/x86_non_dsx_adlp_pwrseq_sm.c.obj
[yavilla:rw] [231/382] Building C object CMakeFiles/app.dir/mnt/host/source/src/platform/ec/zephyr/subsys/ap_pwrseq/ap_reset_log.c.obj
[yavilla:ro] [161/382] Building C object zephyr/drivers/timer/CMakeFiles/drivers__timer.dir/ite_it8xxx2_timer.c.obj
[yavilla:rw] [232/382] Building C object CMakeFiles/app.dir/mnt/host/source/src/platform/ec/build/zephyr/yavilla/modules/ec/common/base32.c.obj
[yavilla:ro] [162/382] Building C object zephyr/drivers/watchdog/CMakeFiles/drivers__watchdog.dir/wdt_ite_it8xxx2.c.obj
[trulo:rw] -- Generated devicetree_generated.h: /mnt/host/source/src/platform/ec/build/zephyr/trulo/build-rw/zephyr/include/generated/zephyr/devicetree_generated.h
[yavilla:ro] [163/382] Linking C static library zephyr/drivers/timer/libdrivers__timer.a
[yavilla:rw] [233/382] Building C object CMakeFiles/app.dir/mnt/host/source/src/platform/ec/build/zephyr/yavilla/modules/ec/common/console_output.c.obj
[greenbayupoc:rw] -- Found gen_kobject_list: /mnt/host/source/src/third_party/zephyr/main/scripts/build/gen_kobject_list.py
[greenbayupoc:rw] CMake Warning at /mnt/host/source/src/third_party/zephyr/main/CMakeLists.txt:2359 (message):
[greenbayupoc:rw]   __ASSERT() statements are globally ENABLED
[yavilla:rw] [234/382] Building C object CMakeFiles/app.dir/mnt/host/source/src/platform/ec/build/zephyr/yavilla/modules/ec/common/ec_features.c.obj
[yavilla:ro] [164/382] Building C object zephyr/drivers/watchdog/CMakeFiles/drivers__watchdog.dir/wdt_shell.c.obj
[yavilla:ro] [165/382] Building C object modules/ec/zephyr/CMakeFiles/ec_shim.dir/app/ec/main_shim.c.obj
[yavilla:rw] [235/382] Building C object CMakeFiles/app.dir/mnt/host/source/src/platform/ec/build/zephyr/yavilla/modules/ec/common/peripheral.c.obj
[greenbayupoc:rw] -- Configuring done (15.9s)
[yavilla:ro] [166/382] Linking C static library zephyr/drivers/watchdog/libdrivers__watchdog.a
[yavilla:rw] [236/382] Building C object CMakeFiles/app.dir/mnt/host/source/src/platform/ec/build/zephyr/yavilla/modules/ec/common/gpio_commands.c.obj
[yavilla:ro] [167/382] Building C object modules/ec/zephyr/CMakeFiles/ec_shim.dir/app/ec/ec_app_main.c.obj
[yavilla:rw] [237/382] Building C object CMakeFiles/app.dir/mnt/host/source/src/platform/ec/build/zephyr/yavilla/modules/ec/common/printf.c.obj
[yavilla:rw] [238/382] Building C object CMakeFiles/app.dir/mnt/host/source/src/platform/ec/build/zephyr/yavilla/modules/ec/common/queue.c.obj
[yavilla:rw] [239/382] Building C object CMakeFiles/app.dir/mnt/host/source/src/platform/ec/build/zephyr/yavilla/modules/ec/common/uart_printf.c.obj
[yavilla:rw] [240/382] Building C object CMakeFiles/app.dir/mnt/host/source/src/platform/ec/build/zephyr/yavilla/modules/ec/common/system_boot_time.c.obj
[yavilla:ro] [168/382] Building C object modules/ec/zephyr/CMakeFiles/ec_shim.dir/app/ec/chip/riscv/riscv-ite/it8xxx2-espi.c.obj
[greenbayupoc:rw] -- Generating done (0.5s)
[greenbayupoc:rw] CMake Warning:
[greenbayupoc:rw]   Manually-specified variables were not used by the project:
[greenbayupoc:rw]     COREBOOT_SDK_ROOT_arm
[greenbayupoc:rw]     COREBOOT_SDK_ROOT_libstdcxx_arm
[greenbayupoc:rw]     COREBOOT_SDK_ROOT_libstdcxx_x86
[greenbayupoc:rw]     COREBOOT_SDK_ROOT_nds32
[greenbayupoc:rw]     COREBOOT_SDK_ROOT_picolibc_arm
[greenbayupoc:rw]     COREBOOT_SDK_ROOT_picolibc_x86
[greenbayupoc:rw]     COREBOOT_SDK_ROOT_riscv
[greenbayupoc:rw]     COREBOOT_SDK_ROOT_x86
[greenbayupoc:rw] -- Build files have been written to: /mnt/host/source/src/platform/ec/build/zephyr/greenbayupoc/build-rw
[yavilla:ro] [169/382] Building C object modules/ec/zephyr/CMakeFiles/ec_shim.dir/drivers/cros_flash/cros_flash_it8xxx2.c.obj
[yavilla:rw] [241/382] Building C object CMakeFiles/app.dir/mnt/host/source/src/platform/ec/build/zephyr/yavilla/modules/ec/common/system.c.obj
[yavilla:rw] [242/382] Building C object CMakeFiles/app.dir/mnt/host/source/src/platform/ec/build/zephyr/yavilla/modules/ec/common/util.c.obj
[yavilla:ro] [170/382] Building C object modules/ec/zephyr/CMakeFiles/ec_shim.dir/drivers/cros_kblight/pwm_kblight.c.obj
[yavilla:ro] [171/382] Building C object modules/ec/zephyr/CMakeFiles/ec_shim.dir/drivers/cros_kb_raw/cros_kb_raw_ite.c.obj
[yavilla:rw] [243/382] Building C object CMakeFiles/app.dir/mnt/host/source/src/platform/ec/build/zephyr/yavilla/modules/ec/common/version.c.obj
[yavilla:rw] [244/382] Building C object CMakeFiles/app.dir/mnt/host/source/src/platform/ec/build/zephyr/yavilla/modules/ec/common/power_button_x86.c.obj
[trulo:rw] /mnt/host/source/src/platform/ec/build/zephyr/trulo/build-rw/zephyr/zephyr.dts:4691.9-4698.5: Warning (gpios_property): /fans/fan_0: Missing property '#gpio-cells' in node /named-gpios/fan-enable or bad phandle (referred from enable-gpio[0])
[yavilla:ro] [172/382] Building C object modules/ec/zephyr/CMakeFiles/ec_shim.dir/drivers/cros_system/cros_system_it8xxx2.c.obj
[yavilla:rw] [245/382] Building C object CMakeFiles/app.dir/mnt/host/source/src/platform/ec/build/zephyr/yavilla/modules/ec/driver/accel_bma4xx.c.obj
[yavilla:ro] [173/382] Building C object modules/ec/zephyr/CMakeFiles/ec_shim.dir/drivers/vivaldi_kbd/vivaldi_kbd.c.obj
[yavilla:rw] [246/382] Building C object CMakeFiles/app.dir/mnt/host/source/src/platform/ec/build/zephyr/yavilla/modules/ec/driver/accelgyro_bmi260.c.obj
[yavilla:ro] [174/382] Building C object modules/ec/zephyr/CMakeFiles/ec_shim.dir/shim/chip/it8xxx2/clock.c.obj
[yavilla:rw] [247/382] Building C object CMakeFiles/app.dir/mnt/host/source/src/platform/ec/build/zephyr/yavilla/modules/ec/driver/accelgyro_bmi_common.c.obj
[yavilla:rw] [248/382] Building C object CMakeFiles/app.dir/mnt/host/source/src/platform/ec/build/zephyr/yavilla/modules/ec/driver/accelgyro_bmi3xx.c.obj
[yavilla:ro] [175/382] Building C object modules/ec/zephyr/CMakeFiles/ec_shim.dir/shim/chip/it8xxx2/system.c.obj
[yavilla:ro] [176/382] Building C object modules/ec/zephyr/CMakeFiles/ec_shim.dir/shim/chip/it8xxx2/keyboard_raw.c.obj
[yavilla:rw] [249/382] Building C object CMakeFiles/app.dir/mnt/host/source/src/platform/ec/build/zephyr/yavilla/modules/ec/common/adc.c.obj
[yavilla:rw] [250/382] Building C object CMakeFiles/app.dir/mnt/host/source/src/platform/ec/build/zephyr/yavilla/modules/ec/common/motion_sense_fifo.c.obj
[yavilla:ro] [177/382] Building C object modules/ec/zephyr/CMakeFiles/ec_shim.dir/shim/src/crc.c.obj
[yavilla:ro] [178/382] Building C object modules/ec/zephyr/CMakeFiles/ec_shim.dir/shim/chip/it8xxx2/gpio.c.obj
[yavilla:rw] [251/382] Building C object CMakeFiles/app.dir/mnt/host/source/src/platform/ec/build/zephyr/yavilla/modules/ec/common/backlight_lid.c.obj
[yavilla:rw] [252/382] Building C object CMakeFiles/app.dir/mnt/host/source/src/platform/ec/build/zephyr/yavilla/modules/ec/common/acpi.c.obj
[yavilla:ro] [179/382] Building C object modules/ec/zephyr/CMakeFiles/ec_shim.dir/shim/chip/it8xxx2/power_policy.c.obj
[yavilla:rw] [253/382] Building C object CMakeFiles/app.dir/mnt/host/source/src/platform/ec/build/zephyr/yavilla/modules/ec/common/battery.c.obj
[yavilla:ro] [180/382] Building C object modules/ec/zephyr/CMakeFiles/ec_shim.dir/shim/src/console.c.obj
[yavilla:rw] [254/382] Building C object CMakeFiles/app.dir/mnt/host/source/src/platform/ec/build/zephyr/yavilla/modules/ec/common/battery_info.c.obj
[yavilla:ro] [181/382] Building C object modules/ec/zephyr/CMakeFiles/ec_shim.dir/shim/src/panic_utils.c.obj
[yavilla:rw] [255/382] Building C object CMakeFiles/app.dir/mnt/host/source/src/platform/ec/build/zephyr/yavilla/modules/ec/common/battery_fuel_gauge.c.obj
[yavilla:rw] [256/382] Building C object CMakeFiles/app.dir/mnt/host/source/src/platform/ec/build/zephyr/yavilla/modules/ec/driver/battery/smart.c.obj
[yavilla:ro] [182/382] Building C object modules/ec/zephyr/CMakeFiles/ec_shim.dir/shim/src/gpio_int.c.obj
[yavilla:ro] [183/382] Building C object modules/ec/zephyr/CMakeFiles/ec_shim.dir/shim/src/gpio.c.obj
[yavilla:rw] [257/382] Building C object CMakeFiles/app.dir/mnt/host/source/src/platform/ec/build/zephyr/yavilla/modules/ec/common/charger.c.obj
[yavilla:ro] [184/382] Building C object modules/ec/zephyr/CMakeFiles/ec_shim.dir/shim/src/pm_state.c.obj
[yavilla:rw] [258/382] Building C object CMakeFiles/app.dir/mnt/host/source/src/platform/ec/build/zephyr/yavilla/modules/ec/driver/charger/sm5803.c.obj
[yavilla:ro] [185/382] Building C object modules/ec/zephyr/CMakeFiles/ec_shim.dir/shim/src/cbi/cros_cbi.c.obj
[yavilla:rw] [259/382] Building C object CMakeFiles/app.dir/mnt/host/source/src/platform/ec/build/zephyr/yavilla/modules/ec/common/charge_state.c.obj
[yavilla:rw] [260/382] Building C object CMakeFiles/app.dir/mnt/host/source/src/platform/ec/build/zephyr/yavilla/modules/ec/common/ocpc.c.obj
[yavilla:ro] [186/382] Building C object modules/ec/zephyr/CMakeFiles/ec_shim.dir/shim/src/cbi/cros_cbi_fw_config.c.obj
[yavilla:rw] [261/382] Building C object CMakeFiles/app.dir/mnt/host/source/src/platform/ec/build/zephyr/yavilla/modules/ec/common/charge_manager.c.obj
[yavilla:rw] [262/382] Building C object CMakeFiles/app.dir/mnt/host/source/src/platform/ec/build/zephyr/yavilla/modules/ec/common/cbi_common.c.obj
[yavilla:ro] [187/382] Building C object modules/ec/zephyr/CMakeFiles/ec_shim.dir/shim/src/cbi/cros_cbi_ssfc.c.obj
[yavilla:rw] [263/382] Building C object CMakeFiles/app.dir/mnt/host/source/src/platform/ec/build/zephyr/yavilla/modules/ec/common/cbi_config.c.obj
[yavilla:ro] [188/382] Building C object modules/ec/zephyr/CMakeFiles/ec_shim.dir/shim/src/cbi/cbi_eeprom.c.obj
[yavilla:rw] [264/382] Building C object CMakeFiles/app.dir/mnt/host/source/src/platform/ec/build/zephyr/yavilla/modules/ec/common/dptf.c.obj
[yavilla:rw] [265/382] Building C object CMakeFiles/app.dir/mnt/host/source/src/platform/ec/build/zephyr/yavilla/modules/ec/common/cbi.c.obj
[yavilla:ro] [189/382] Building C object modules/ec/zephyr/CMakeFiles/ec_shim.dir/shim/src/system.c.obj
[yavilla:ro] [190/382] Building C object modules/ec/zephyr/CMakeFiles/ec_shim.dir/shim/src/adc.c.obj
[yavilla:rw] [266/382] Building C object CMakeFiles/app.dir/mnt/host/source/src/platform/ec/build/zephyr/yavilla/modules/ec/common/ap_reset_log.c.obj
[yavilla:ro] [191/382] Building C object modules/ec/zephyr/CMakeFiles/ec_shim.dir/shim/src/battery.c.obj
[yavilla:rw] [267/382] Building C object CMakeFiles/app.dir/mnt/host/source/src/platform/ec/build/zephyr/yavilla/modules/ec/common/espi.c.obj
[yavilla:ro] [192/382] Building C object modules/ec/zephyr/CMakeFiles/ec_shim.dir/shim/src/charger.c.obj
[yavilla:rw] [268/382] Building C object CMakeFiles/app.dir/mnt/host/source/src/platform/ec/build/zephyr/yavilla/modules/ec/common/extpower_common.c.obj
[yavilla:ro] [193/382] Building C object modules/ec/zephyr/CMakeFiles/ec_shim.dir/shim/src/chipset_api.c.obj
[yavilla:rw] [269/382] Building C object CMakeFiles/app.dir/mnt/host/source/src/platform/ec/build/zephyr/yavilla/modules/ec/common/flash.c.obj
[yavilla:rw] [270/382] Building C object CMakeFiles/app.dir/mnt/host/source/src/platform/ec/build/zephyr/yavilla/modules/ec/common/fan.c.obj
[yavilla:rw] [271/382] Building C object CMakeFiles/app.dir/mnt/host/source/src/platform/ec/build/zephyr/yavilla/modules/ec/common/host_command.c.obj
[yavilla:rw] [272/382] Building C object CMakeFiles/app.dir/mnt/host/source/src/platform/ec/build/zephyr/yavilla/modules/ec/common/host_command_task.c.obj
[yavilla:rw] [273/382] Building C object CMakeFiles/app.dir/mnt/host/source/src/platform/ec/build/zephyr/yavilla/modules/ec/common/host_event_commands.c.obj
[yavilla:ro] [194/382] Building C object modules/ec/zephyr/CMakeFiles/ec_shim.dir/shim/src/flash.c.obj
[yavilla:rw] [274/382] Building C object CMakeFiles/app.dir/mnt/host/source/src/platform/ec/build/zephyr/yavilla/modules/ec/common/uart_hostcmd.c.obj
[yavilla:ro] [195/382] Building C object modules/ec/zephyr/CMakeFiles/ec_shim.dir/shim/src/espi.c.obj
[yavilla:ro] [196/382] Building C object modules/ec/zephyr/CMakeFiles/ec_shim.dir/shim/src/hooks.c.obj
[trulo:rw] Parsing /mnt/host/source/src/platform/ec/zephyr/program/trulo/Kconfig
[yavilla:ro] [197/382] Building C object modules/ec/zephyr/CMakeFiles/ec_shim.dir/shim/src/fan.c.obj
[yavilla:ro] [198/382] Building C object modules/ec/zephyr/CMakeFiles/ec_shim.dir/shim/src/host_command.c.obj
[yavilla:rw] [275/382] Building C object CMakeFiles/app.dir/mnt/host/source/src/platform/ec/build/zephyr/yavilla/modules/ec/common/uptime.c.obj
[/mnt/host/source/src/platform/ec/build/zephyr/markarth-lcov]   /mnt/host/source/src/platform/ec/build/zephyr/markarth/build-ro/zephyr/drivers/sensor/CMakeFiles/drivers__sensor.dir/mnt/host/source/src/third_party/zephyr/main/misc/empty_file.c.gcno:no functions found
[/mnt/host/source/src/platform/ec/build/zephyr/markarth-lcov] stderr:
[yavilla:ro] [199/382] Building C object modules/ec/zephyr/CMakeFiles/ec_shim.dir/shim/src/console_buffer.c.obj
[yavilla:rw] [276/382] Building C object CMakeFiles/app.dir/mnt/host/source/src/platform/ec/build/zephyr/yavilla/modules/ec/common/i2c_passthru.c.obj
[yavilla:rw] [277/382] Building C object CMakeFiles/app.dir/mnt/host/source/src/platform/ec/build/zephyr/yavilla/modules/ec/common/i2c_controller.c.obj
[/mnt/host/source/src/platform/ec/build/zephyr/markarth-lcov]   /mnt/host/source/src/platform/ec/build/zephyr/markarth/build-rw/modules/ec/zephyr/CMakeFiles/ec_shim.dir/shim/src/thermal.c.gcno:no functions found
[/mnt/host/source/src/platform/ec/build/zephyr/markarth-lcov] stderr:
[yavilla:ro] [200/382] Building C object modules/ec/zephyr/CMakeFiles/ec_shim.dir/shim/src/keyboard_raw.c.obj
[yavilla:rw] [278/382] Building C object CMakeFiles/app.dir/mnt/host/source/src/platform/ec/build/zephyr/yavilla/modules/ec/common/keyboard_scan.c.obj
[yavilla:rw] [279/382] Building C object CMakeFiles/app.dir/mnt/host/source/src/platform/ec/build/zephyr/yavilla/modules/ec/common/keyboard_8042_sharedlib.c.obj
[yavilla:rw] [280/382] Building C object CMakeFiles/app.dir/mnt/host/source/src/platform/ec/build/zephyr/yavilla/modules/ec/common/mkbp_fifo.c.obj
[yavilla:rw] [281/382] Building C object CMakeFiles/app.dir/mnt/host/source/src/platform/ec/build/zephyr/yavilla/modules/ec/common/keyboard_8042.c.obj
[yavilla:ro] [201/382] Building C object modules/ec/zephyr/CMakeFiles/ec_shim.dir/shim/src/mkbp_event.c.obj
[yavilla:rw] [282/382] Building C object CMakeFiles/app.dir/mnt/host/source/src/platform/ec/build/zephyr/yavilla/modules/ec/common/mkbp_info.c.obj
[yavilla:ro] [202/382] Building C object modules/ec/zephyr/CMakeFiles/ec_shim.dir/shim/src/panic.c.obj
[/mnt/host/source/src/platform/ec/build/zephyr/markarth-lcov]   /mnt/host/source/src/platform/ec/build/zephyr/markarth/build-rw/modules/ec/zephyr/CMakeFiles/ec_shim.dir/shim/src/battery.c.gcno:no functions found
[/mnt/host/source/src/platform/ec/build/zephyr/markarth-lcov] stderr:
[yavilla:ro] [203/382] Building C object modules/ec/zephyr/CMakeFiles/ec_shim.dir/shim/src/motionsense_sensors.c.obj
[yavilla:ro] [204/382] Building C object modules/ec/zephyr/CMakeFiles/ec_shim.dir/shim/src/pwm_hc.c.obj
[/mnt/host/source/src/platform/ec/build/zephyr/markarth-lcov]   /mnt/host/source/src/platform/ec/build/zephyr/markarth/build-rw/modules/ec/zephyr/CMakeFiles/ec_shim.dir/shim/src/charger.c.gcno:no functions found
[/mnt/host/source/src/platform/ec/build/zephyr/markarth-lcov] stderr:
[yavilla:rw] [283/382] Building C object CMakeFiles/app.dir/mnt/host/source/src/platform/ec/build/zephyr/yavilla/modules/ec/common/mkbp_input_devices.c.obj
[trulo:rw] warning: Deprecated symbol I2C_ALLOW_NO_STOP_TRANSACTIONS is enabled.
[trulo:rw] INFOSetting TOOLCHAIN_HAS_PICOLIBC to support full build.
[trulo:rw] INFOSetting TOOLCHAIN_HAS_NEWLIB to support full build.
[trulo:rw] Loaded configuration '/mnt/host/source/src/platform/ec/zephyr/boards/google/npcx9/npcx9_npcx9m3f_defconfig'
[trulo:rw] Merged configuration '/mnt/host/source/src/platform/ec/zephyr/program/trulo/program.conf'
[trulo:rw] Merged configuration '/mnt/host/source/src/platform/ec/zephyr/program/trulo/trulo/project.conf'
[trulo:rw] Merged configuration '/mnt/host/source/src/platform/ec/zephyr/program/trulo/dsp_comms.conf'
[trulo:rw] Merged configuration '/mnt/host/source/src/platform/ec/build/zephyr/trulo/kconfig-rw.conf'
[trulo:rw] Configuration saved to '/mnt/host/source/src/platform/ec/build/zephyr/trulo/build-rw/zephyr/.config'
[trulo:rw] Kconfig header saved to '/mnt/host/source/src/platform/ec/build/zephyr/trulo/build-rw/zephyr/include/generated/zephyr/autoconf.h'
[trulo:rw] -- Found GnuLd: /home/jpmurphy/.cache/coreboot-sdk/arm-eabi/ea40ddd1d190c3b48435c474c0b545719371813a/arm-eabi/bin/ld.bfd (found version "2.43.1")
[yavilla:rw] [284/382] Building C object CMakeFiles/app.dir/mnt/host/source/src/platform/ec/build/zephyr/yavilla/modules/ec/common/keyboard_backlight.c.obj
[yavilla:ro] [205/382] Building C object modules/ec/zephyr/CMakeFiles/ec_shim.dir/shim/src/temp_sensors.c.obj
[yavilla:ro] [206/382] Building C object modules/ec/zephyr/CMakeFiles/ec_shim.dir/shim/src/hwtimer.c.obj
[trulo:rw] -- The C compiler identification is GNU 14.2.0
[yavilla:ro] [207/382] Building C object modules/ec/zephyr/CMakeFiles/ec_shim.dir/shim/src/thermal.c.obj
[yavilla:rw] [285/382] Building C object CMakeFiles/app.dir/mnt/host/source/src/platform/ec/build/zephyr/yavilla/modules/ec/common/led_common.c.obj
[yavilla:rw] [286/382] Building C object CMakeFiles/app.dir/mnt/host/source/src/platform/ec/build/zephyr/yavilla/modules/ec/common/motion_lid.c.obj
[yavilla:rw] [287/382] Building C object CMakeFiles/app.dir/mnt/host/source/src/platform/ec/build/zephyr/yavilla/modules/ec/common/lid_angle_keyboard_policy.c.obj
[yavilla:rw] [288/382] Building C object CMakeFiles/app.dir/mnt/host/source/src/platform/ec/build/zephyr/yavilla/modules/ec/common/lid_angle.c.obj
[yavilla:rw] [289/382] Building C object CMakeFiles/app.dir/mnt/host/source/src/platform/ec/build/zephyr/yavilla/modules/ec/common/mkbp_event.c.obj
[yavilla:rw] [290/382] Building C object CMakeFiles/app.dir/mnt/host/source/src/platform/ec/build/zephyr/yavilla/modules/ec/common/lid_switch.c.obj
[trulo:rw] -- The CXX compiler identification is GNU 14.2.0
[yavilla:ro] [208/382] Building C object modules/ec/zephyr/CMakeFiles/ec_shim.dir/shim/src/i2c.c.obj
[trulo:rw] -- The ASM compiler identification is GNU
[trulo:rw] -- Found assembler: /home/jpmurphy/.cache/coreboot-sdk/arm-eabi/ea40ddd1d190c3b48435c474c0b545719371813a/bin/arm-eabi-gcc
[trulo:rw] CMake Warning at /mnt/host/source/src/platform/ec/zephyr/cmake/linker/ld/linker_libraries.cmake:11 (message):
[trulo:rw]   Disabling c_library
[trulo:rw] Call Stack (most recent call first):
[trulo:rw]   /mnt/host/source/src/third_party/zephyr/main/cmake/target_toolchain_flags.cmake:48 (include)
[trulo:rw]   /mnt/host/source/src/third_party/zephyr/main/cmake/modules/kernel.cmake:153 (include)
[trulo:rw]   /mnt/host/source/src/third_party/zephyr/main/cmake/modules/zephyr_default.cmake:138 (include)
[trulo:rw]   /mnt/host/source/src/third_party/zephyr/main/share/zephyr-package/cmake/ZephyrConfig.cmake:66 (include)
[trulo:rw]   /mnt/host/source/src/third_party/zephyr/main/share/zephyr-package/cmake/ZephyrConfig.cmake:97 (include_boilerplate)
[trulo:rw]   CMakeLists.txt:6 (find_package)
[trulo:rw] INFOSetting c++_library to libstdc++ install path
[trulo:rw] INFOSetting c_library to picolibc install path
[yavilla:ro] [209/382] Building C object modules/ec/zephyr/CMakeFiles/ec_shim.dir/shim/src/tasks.c.obj
[yavilla:ro] [210/382] cd /mnt/host/source/src/platform/ec/build/zephyr/yavilla/build-ro/modules/ec/zephyr && PYTHONPATH=/mnt/host/source/src/platform/ec/build/zephyr/yavilla/modules/ec/zephyr/zmake/ /usr/bin/python3.11 /mnt/host/source/src/platform/ec/build/zephyr/yavilla/modules/ec/zephyr/zmake/zephyr_build_tools/generate_ec_version.py /mnt/host/source/src/platform/ec/build/zephyr/yavilla/build-ro/modules/ec/zephyr/include/ec_version.h --name Zephyr-Kernel --version 16543.0.0 --static
[yavilla:ro] INFO:root:Using a static version string
[yavilla:ro] INFO:root:Version string: Zephyr-Kernel-16543.0.0
[yavilla:ro] INFO:root:Writing header to /mnt/host/source/src/platform/ec/build/zephyr/yavilla/build-ro/modules/ec/zephyr/include/ec_version.h
[yavilla:ro] [211/382] Building C object modules/ec/zephyr/CMakeFiles/ec_shim.dir/shim/src/watchdog.c.obj
[yavilla:rw] [291/382] Building C object CMakeFiles/app.dir/mnt/host/source/src/platform/ec/build/zephyr/yavilla/modules/ec/common/motion_sense.c.obj
[/mnt/host/source/src/platform/ec/build/zephyr/markarth-lcov]   /mnt/host/source/src/platform/ec/build/zephyr/markarth/build-rw/modules/ec/zephyr/CMakeFiles/ec_shim.dir/shim/src/usb_muxes.c.gcno:no functions found
[/mnt/host/source/src/platform/ec/build/zephyr/markarth-lcov] stderr:
[yavilla:ro] [212/382] Building C object modules/ec/zephyr/CMakeFiles/ec_shim.dir/shim/src/power_host_sleep_api.c.obj
[yavilla:rw] [292/382] Building C object CMakeFiles/app.dir/mnt/host/source/src/platform/ec/build/zephyr/yavilla/modules/ec/common/port80.c.obj
[yavilla:ro] [213/382] Building C object modules/ec/zephyr/CMakeFiles/ec_shim.dir/shim/src/usba.c.obj
[yavilla:rw] [293/382] Building C object CMakeFiles/app.dir/mnt/host/source/src/platform/ec/build/zephyr/yavilla/modules/ec/driver/sha256/sha256_it8xxx2.c.obj
[yavilla:rw] [294/382] Building C object CMakeFiles/app.dir/mnt/host/source/src/platform/ec/build/zephyr/yavilla/modules/ec/common/power_button.c.obj
[yavilla:rw] [295/382] Building C object CMakeFiles/app.dir/mnt/host/source/src/platform/ec/build/zephyr/yavilla/modules/ec/power/hibernate.c.obj
[yavilla:ro] [214/382] Building C object modules/ec/zephyr/CMakeFiles/ec_shim.dir/shim/src/usb_muxes.c.obj
[yavilla:rw] [296/382] Building C object CMakeFiles/app.dir/mnt/host/source/src/platform/ec/build/zephyr/yavilla/modules/ec/common/shared_mem.c.obj
[yavilla:ro] [215/382] Building C object zephyr/kernel/CMakeFiles/kernel.dir/main_weak.c.obj
[yavilla:rw] [297/382] Building C object CMakeFiles/app.dir/mnt/host/source/src/platform/ec/build/zephyr/yavilla/modules/ec/common/panic_output.c.obj
[yavilla:rw] [298/382] Building C object CMakeFiles/app.dir/mnt/host/source/src/platform/ec/build/zephyr/yavilla/modules/ec/common/switch.c.obj
[/mnt/host/source/src/platform/ec/build/zephyr/markarth-lcov]   /mnt/host/source/src/platform/ec/build/zephyr/markarth/build-rw/modules/ec/zephyr/CMakeFiles/ec_shim.dir/shim/src/usba.c.gcno:no functions found
[yavilla:ro] [216/382] Building C object CMakeFiles/app.dir/mnt/host/source/src/platform/ec/zephyr/subsys/ap_pwrseq/ap_events.c.obj
[/mnt/host/source/src/platform/ec/build/zephyr/markarth-lcov] stderr:
[yavilla:ro] [217/382] Building C object CMakeFiles/app.dir/mnt/host/source/src/platform/ec/zephyr/subsys/ap_pwrseq/ap_power_interface.c.obj
[yavilla:rw] [299/382] Building C object CMakeFiles/app.dir/mnt/host/source/src/platform/ec/build/zephyr/yavilla/modules/ec/common/tablet_mode.c.obj
[yavilla:ro] [218/382] Building C object CMakeFiles/app.dir/mnt/host/source/src/platform/ec/zephyr/subsys/ap_pwrseq/power_signals.c.obj
[yavilla:ro] [219/382] Building C object CMakeFiles/app.dir/mnt/host/source/src/platform/ec/zephyr/subsys/ap_pwrseq/signal_gpio.c.obj
[trulo:rw] -- Using ccache: /usr/bin/ccache
[trulo:rw] -- Performing EC specific devicetree checks
[yavilla:rw] [300/382] Building C object CMakeFiles/app.dir/mnt/host/source/src/platform/ec/build/zephyr/yavilla/modules/ec/common/throttle_ap.c.obj
[yavilla:rw] [301/382] Building C object CMakeFiles/app.dir/mnt/host/source/src/platform/ec/build/zephyr/yavilla/modules/ec/common/thermal.c.obj
[yavilla:rw] [302/382] Building C object CMakeFiles/app.dir/mnt/host/source/src/platform/ec/build/zephyr/yavilla/modules/ec/common/temp_sensor.c.obj
[yavilla:ro] [220/382] Building C object CMakeFiles/app.dir/mnt/host/source/src/platform/ec/zephyr/subsys/ap_pwrseq/signal_adc.c.obj
[yavilla:rw] [303/382] Building C object CMakeFiles/app.dir/mnt/host/source/src/platform/ec/build/zephyr/yavilla/modules/ec/driver/temp_sensor/thermistor.c.obj
[yavilla:ro] [221/382] Building C object CMakeFiles/app.dir/mnt/host/source/src/platform/ec/zephyr/subsys/ap_pwrseq/signal_vw.c.obj
[trulo:rw] INFO: Verified 53 GPIOs, no duplicates found
[trulo:rw] INFO: Verified 25 '*-gpios' properties, all flags match.
[yavilla:rw] [304/382] Building C object CMakeFiles/app.dir/mnt/host/source/src/platform/ec/build/zephyr/yavilla/modules/ec/common/timer.c.obj
[yavilla:ro] [222/382] Building C object CMakeFiles/app.dir/mnt/host/source/src/platform/ec/zephyr/subsys/ap_pwrseq/power_host_sleep.c.obj
[yavilla:rw] [305/382] Building C object CMakeFiles/app.dir/mnt/host/source/src/platform/ec/build/zephyr/yavilla/modules/ec/common/typec_control.c.obj
[yavilla:rw] [306/382] Building C object CMakeFiles/app.dir/mnt/host/source/src/platform/ec/build/zephyr/yavilla/modules/ec/common/usb_port_power_smart.c.obj
[trulo:rw] -- Generating component manifest file
[trulo:rw] INFO: Skipped 20 named-gpios children.
[trulo:rw] INFO: Running CME, outputting to /mnt/host/source/src/platform/ec/build/zephyr/trulo/build-rw/zephyr/component_manifest.json
[yavilla:ro] [223/382] Building C object CMakeFiles/app.dir/mnt/host/source/src/platform/ec/zephyr/subsys/ap_pwrseq/x86_non_dsx_chipset_power_state.c.obj
[yavilla:ro] [224/382] Building C object CMakeFiles/app.dir/mnt/host/source/src/platform/ec/zephyr/subsys/ap_pwrseq/x86_non_dsx_common_pwrseq_sm_handler.c.obj
[yavilla:ro] [225/382] Building C object CMakeFiles/app.dir/mnt/host/source/src/platform/ec/zephyr/subsys/ap_pwrseq/x86_non_dsx_common_pwrseq_host_sleep.c.obj
[yavilla:rw] [307/382] Building C object CMakeFiles/app.dir/mnt/host/source/src/platform/ec/build/zephyr/yavilla/modules/ec/common/usb_common.c.obj
[yavilla:rw] [308/382] Building C object CMakeFiles/app.dir/mnt/host/source/src/platform/ec/build/zephyr/yavilla/modules/ec/common/usbc/usbc_task.c.obj
[yavilla:rw] [309/382] Building C object CMakeFiles/app.dir/mnt/host/source/src/platform/ec/build/zephyr/yavilla/modules/ec/common/usb_pd_pdo.c.obj
[yavilla:ro] [226/382] Building C object CMakeFiles/app.dir/mnt/host/source/src/platform/ec/zephyr/subsys/ap_pwrseq/x86_non_dsx_common_pwrseq_host_command.c.obj
[yavilla:rw] [310/382] Building C object CMakeFiles/app.dir/mnt/host/source/src/platform/ec/build/zephyr/yavilla/modules/ec/common/usbc/usb_pd_timer.c.obj
[yavilla:rw] [311/382] Building C object CMakeFiles/app.dir/mnt/host/source/src/platform/ec/build/zephyr/yavilla/modules/ec/common/usbc/usb_sm.c.obj
[yavilla:rw] [312/382] Building C object CMakeFiles/app.dir/mnt/host/source/src/platform/ec/build/zephyr/yavilla/modules/ec/common/usbc_intr_task.c.obj
[yavilla:rw] [313/382] Building C object CMakeFiles/app.dir/mnt/host/source/src/platform/ec/build/zephyr/yavilla/modules/ec/common/usb_pd_flags.c.obj
[yavilla:ro] [227/382] Building C object CMakeFiles/app.dir/mnt/host/source/src/platform/ec/zephyr/subsys/ap_pwrseq/x86_non_dsx_common_pwrseq_console.c.obj
[yavilla:ro] [228/382] Building C object CMakeFiles/app.dir/mnt/host/source/src/platform/ec/zephyr/subsys/ap_pwrseq/x86_non_dsx_adlp_pwrseq_sm.c.obj
[yavilla:rw] [314/382] Building C object CMakeFiles/app.dir/mnt/host/source/src/platform/ec/build/zephyr/yavilla/modules/ec/common/usbc_utils.c.obj
[trulo:rw] -- warning_base_override: -Wall;-Wformat;-Wformat-security;-Wformat;-Wno-format-zero-length;-Wno-pointer-sign;-Wpointer-arith;-Wexpansion-to-defined
[trulo:rw] INFO: Project trulo does not support SSFC
[trulo:rw] INFO: No motionsense-sensor node found
[trulo:rw] The PW_ROOT environment variable is not set; using /mnt/host/source/src/platform/ec/build/zephyr/trulo/modules/pigweed within CMake
[yavilla:ro] [229/382] Building C object CMakeFiles/app.dir/mnt/host/source/src/platform/ec/build/zephyr/yavilla/modules/ec/common/base32.c.obj
[yavilla:ro] [230/382] Building C object CMakeFiles/app.dir/mnt/host/source/src/platform/ec/build/zephyr/yavilla/modules/ec/builtin/stdlib.c.obj
[yavilla:ro] [231/382] Building C object CMakeFiles/app.dir/mnt/host/source/src/platform/ec/zephyr/subsys/ap_pwrseq/ap_reset_log.c.obj
[yavilla:rw] [315/382] Building C object CMakeFiles/app.dir/mnt/host/source/src/platform/ec/build/zephyr/yavilla/modules/ec/common/chargen.c.obj
[yavilla:rw] [316/382] Building C object CMakeFiles/app.dir/mnt/host/source/src/platform/ec/build/zephyr/yavilla/modules/ec/common/usbc/usb_pd_console.c.obj
[yavilla:ro] [232/382] Building C object CMakeFiles/app.dir/mnt/host/source/src/platform/ec/build/zephyr/yavilla/modules/ec/common/console_output.c.obj
[yavilla:rw] [317/382] Building C object CMakeFiles/app.dir/mnt/host/source/src/platform/ec/build/zephyr/yavilla/modules/ec/driver/usb_mux/virtual.c.obj
[yavilla:rw] [318/382] Building C object CMakeFiles/app.dir/mnt/host/source/src/platform/ec/build/zephyr/yavilla/modules/ec/driver/usb_mux/usb_mux.c.obj
[yavilla:ro] [233/382] Building C object CMakeFiles/app.dir/mnt/host/source/src/platform/ec/build/zephyr/yavilla/modules/ec/common/ec_features.c.obj
[yavilla:rw] [319/382] Building C object CMakeFiles/app.dir/mnt/host/source/src/platform/ec/build/zephyr/yavilla/modules/ec/common/usbc/usb_prl_sm.c.obj
[yavilla:ro] [234/382] Building C object CMakeFiles/app.dir/mnt/host/source/src/platform/ec/build/zephyr/yavilla/modules/ec/common/gpio_commands.c.obj
[yavilla:rw] [320/382] Building C object CMakeFiles/app.dir/mnt/host/source/src/platform/ec/build/zephyr/yavilla/modules/ec/common/usbc/usb_tc_drp_acc_trysrc_sm.c.obj
[yavilla:rw] [321/382] Building C object CMakeFiles/app.dir/mnt/host/source/src/platform/ec/build/zephyr/yavilla/modules/ec/common/usbc/usb_pd_dpm.c.obj
[yavilla:ro] [235/382] Building C object CMakeFiles/app.dir/mnt/host/source/src/platform/ec/build/zephyr/yavilla/modules/ec/common/peripheral.c.obj
[yavilla:ro] [236/382] Building C object CMakeFiles/app.dir/mnt/host/source/src/platform/ec/build/zephyr/yavilla/modules/ec/common/printf.c.obj
[yavilla:ro] [237/382] Building C object CMakeFiles/app.dir/mnt/host/source/src/platform/ec/build/zephyr/yavilla/modules/ec/common/queue.c.obj
[yavilla:rw] [322/382] Building C object CMakeFiles/app.dir/mnt/host/source/src/platform/ec/build/zephyr/yavilla/modules/ec/common/usbc/usbc_pd_policy.c.obj
[yavilla:rw] [323/382] Building C object CMakeFiles/app.dir/mnt/host/source/src/platform/ec/build/zephyr/yavilla/modules/ec/common/usbc/usb_pe_drp_sm.c.obj
[yavilla:rw] [324/382] Building C object CMakeFiles/app.dir/mnt/host/source/src/platform/ec/build/zephyr/yavilla/modules/ec/common/usbc/dp_alt_mode.c.obj
[yavilla:rw] [325/382] Building C object CMakeFiles/app.dir/mnt/host/source/src/platform/ec/build/zephyr/yavilla/modules/ec/common/usb_pd_host_cmd.c.obj
[yavilla:rw] [326/382] Building C object CMakeFiles/app.dir/mnt/host/source/src/platform/ec/build/zephyr/yavilla/modules/ec/common/usb_pd_console_cmd.c.obj
[yavilla:ro] [238/382] Building C object CMakeFiles/app.dir/mnt/host/source/src/platform/ec/build/zephyr/yavilla/modules/ec/common/system_boot_time.c.obj
[yavilla:ro] [239/382] Building C object CMakeFiles/app.dir/mnt/host/source/src/platform/ec/build/zephyr/yavilla/modules/ec/common/system.c.obj
[yavilla:ro] [240/382] Building C object CMakeFiles/app.dir/mnt/host/source/src/platform/ec/build/zephyr/yavilla/modules/ec/common/uart_printf.c.obj
[yavilla:rw] [327/382] Building C object CMakeFiles/app.dir/mnt/host/source/src/platform/ec/build/zephyr/yavilla/modules/ec/common/usbc/usb_pd_host.c.obj
[yavilla:ro] [241/382] Building C object CMakeFiles/app.dir/mnt/host/source/src/platform/ec/build/zephyr/yavilla/modules/ec/common/util.c.obj
[yavilla:rw] [328/382] Building C object CMakeFiles/app.dir/mnt/host/source/src/platform/ec/build/zephyr/yavilla/modules/ec/zephyr/shim/src/tcpc.c.obj
[yavilla:rw] [329/382] Building C object CMakeFiles/app.dir/mnt/host/source/src/platform/ec/build/zephyr/yavilla/modules/ec/common/usbc/svdm_rsp_dfp_only.c.obj
[yavilla:rw] [330/382] Building C object CMakeFiles/app.dir/mnt/host/source/src/platform/ec/build/zephyr/yavilla/modules/ec/common/usb_pd_host_cmd_common.c.obj
[/mnt/host/source/src/platform/ec/build/zephyr/markarth-lcov]   /mnt/host/source/src/platform/ec/build/zephyr/markarth/build-rw/modules/ec/zephyr/CMakeFiles/ec_shim.dir/shim/src/keyscan.c.gcno:no functions found
[/mnt/host/source/src/platform/ec/build/zephyr/markarth-lcov] stderr:
[yavilla:ro] [242/382] Building C object CMakeFiles/app.dir/mnt/host/source/src/platform/ec/build/zephyr/yavilla/modules/ec/common/power_button_x86.c.obj
[yavilla:ro] [243/382] Building C object CMakeFiles/app.dir/mnt/host/source/src/platform/ec/build/zephyr/yavilla/modules/ec/common/version.c.obj
[yavilla:rw] [331/382] Building C object CMakeFiles/app.dir/mnt/host/source/src/platform/ec/build/zephyr/yavilla/modules/ec/common/usbc_ocp.c.obj
[yavilla:rw] [332/382] Building C object CMakeFiles/app.dir/mnt/host/source/src/platform/ec/build/zephyr/yavilla/modules/ec/common/usb_pd_discovery.c.obj
[yavilla:rw] [333/382] Building C object CMakeFiles/app.dir/mnt/host/source/src/platform/ec/build/zephyr/yavilla/modules/ec/common/usb_pd_dual_role.c.obj
[yavilla:ro] [244/382] Building C object CMakeFiles/app.dir/mnt/host/source/src/platform/ec/build/zephyr/yavilla/modules/ec/driver/accelgyro_bmi_common.c.obj
[yavilla:ro] [245/382] Building C object CMakeFiles/app.dir/mnt/host/source/src/platform/ec/build/zephyr/yavilla/modules/ec/driver/accelgyro_bmi260.c.obj
[yavilla:ro] [246/382] Building C object CMakeFiles/app.dir/mnt/host/source/src/platform/ec/build/zephyr/yavilla/modules/ec/driver/accel_bma4xx.c.obj
[yavilla:rw] [334/382] Building C object CMakeFiles/app.dir/mnt/host/source/src/platform/ec/build/zephyr/yavilla/modules/ec/driver/tcpm/ps8xxx.c.obj
[yavilla:rw] [335/382] Building C object CMakeFiles/app.dir/mnt/host/source/src/platform/ec/build/zephyr/yavilla/modules/ec/driver/tcpm/tcpci.c.obj
[yavilla:rw] [336/382] Building C object CMakeFiles/app.dir/mnt/host/source/src/platform/ec/build/zephyr/yavilla/modules/ec/driver/tcpm/ite_pd_intc.c.obj
[yavilla:ro] [247/382] Building C object CMakeFiles/app.dir/mnt/host/source/src/platform/ec/build/zephyr/yavilla/modules/ec/driver/accelgyro_bmi3xx.c.obj
[yavilla:ro] [248/382] Building C object CMakeFiles/app.dir/mnt/host/source/src/platform/ec/build/zephyr/yavilla/modules/ec/common/motion_sense_fifo.c.obj
[yavilla:rw] [337/382] Building C object CMakeFiles/app.dir/mnt/host/source/src/platform/ec/build/zephyr/yavilla/modules/ec/common/vboot_hash.c.obj
[yavilla:rw] [338/382] Building C object CMakeFiles/app.dir/mnt/host/source/src/platform/ec/build/zephyr/yavilla/modules/ec/driver/tcpm/it8xxx2.c.obj
[yavilla:ro] [249/382] Building C object CMakeFiles/app.dir/mnt/host/source/src/platform/ec/build/zephyr/yavilla/modules/ec/common/adc.c.obj
[yavilla:rw] [339/382] Building C object CMakeFiles/app.dir/mnt/host/source/src/platform/ec/build/zephyr/yavilla/modules/ec/common/button.c.obj
[yavilla:rw] [340/382] Building C object CMakeFiles/app.dir/mnt/host/source/src/platform/ec/build/zephyr/yavilla/modules/ec/common/vstore.c.obj
[yavilla:rw] [341/382] Building C object CMakeFiles/app.dir/mnt/host/source/src/platform/ec/build/zephyr/yavilla/modules/ec/common/vboot/efs2.c.obj
[yavilla:rw] [342/382] Building C object CMakeFiles/app.dir/mnt/host/source/src/platform/ec/build/zephyr/yavilla/modules/ec/common/math_util.c.obj
[yavilla:ro] [250/382] Building C object CMakeFiles/app.dir/mnt/host/source/src/platform/ec/build/zephyr/yavilla/modules/ec/common/backlight_lid.c.obj
[yavilla:ro] [251/382] Building C object CMakeFiles/app.dir/mnt/host/source/src/platform/ec/build/zephyr/yavilla/modules/ec/common/acpi.c.obj
[yavilla:ro] [252/382] Building C object CMakeFiles/app.dir/mnt/host/source/src/platform/ec/build/zephyr/yavilla/modules/ec/common/battery.c.obj
[yavilla:rw] [343/382] Building C object CMakeFiles/app.dir/src/board_power.c.obj
[yavilla:rw] [344/382] Building C object CMakeFiles/app.dir/src/common.c.obj
[trulo:rw] -- Found gen_kobject_list: /mnt/host/source/src/third_party/zephyr/main/scripts/build/gen_kobject_list.py
[trulo:rw] CMake Warning at /mnt/host/source/src/third_party/zephyr/main/CMakeLists.txt:2359 (message):
[trulo:rw]   __ASSERT() statements are globally ENABLED
[yavilla:ro] [253/382] Building C object CMakeFiles/app.dir/mnt/host/source/src/platform/ec/build/zephyr/yavilla/modules/ec/common/battery_info.c.obj
[yavilla:rw] [345/382] Linking C static library modules/ec/zephyr/libec_shim.a
[yavilla:ro] [254/382] Building C object CMakeFiles/app.dir/mnt/host/source/src/platform/ec/build/zephyr/yavilla/modules/ec/common/battery_fuel_gauge.c.obj
[yavilla:rw] [346/382] Building C object CMakeFiles/app.dir/yavilla/src/keyboard.c.obj
[yavilla:rw] [347/382] Building C object CMakeFiles/app.dir/yavilla/src/board.c.obj
[yavilla:ro] [255/382] Building C object CMakeFiles/app.dir/mnt/host/source/src/platform/ec/build/zephyr/yavilla/modules/ec/driver/battery/smart.c.obj
[yavilla:rw] [348/382] Building C object CMakeFiles/app.dir/yavilla/src/led.c.obj
[trulo:rw] -- Configuring done (21.0s)
[yavilla:rw] [349/382] Building C object CMakeFiles/app.dir/yavilla/src/thermal.c.obj
[yavilla:rw] [350/382] Building C object CMakeFiles/app.dir/yavilla/src/charger.c.obj
[yavilla:rw] [351/382] Building C object CMakeFiles/app.dir/yavilla/src/usbc.c.obj
[yavilla:ro] [256/382] Building C object CMakeFiles/app.dir/mnt/host/source/src/platform/ec/build/zephyr/yavilla/modules/ec/driver/charger/sm5803.c.obj
[yavilla:rw] [352/382] Building C object CMakeFiles/app.dir/yavilla/src/fan.c.obj
[yavilla:ro] [257/382] Building C object CMakeFiles/app.dir/mnt/host/source/src/platform/ec/build/zephyr/yavilla/modules/ec/common/charger.c.obj
[yavilla:rw] [353/382] Building C object zephyr/kernel/CMakeFiles/kernel.dir/busy_wait.c.obj
[yavilla:rw] [354/382] Building C object zephyr/kernel/CMakeFiles/kernel.dir/errno.c.obj
[yavilla:rw] [355/382] Building C object zephyr/kernel/CMakeFiles/kernel.dir/device.c.obj
[yavilla:ro] [258/382] Building C object CMakeFiles/app.dir/mnt/host/source/src/platform/ec/build/zephyr/yavilla/modules/ec/common/charge_state.c.obj
[yavilla:rw] [356/382] Linking C static library app/libapp.a
[yavilla:rw] [357/382] Building C object zephyr/kernel/CMakeFiles/kernel.dir/fatal.c.obj
[yavilla:ro] [259/382] Building C object CMakeFiles/app.dir/mnt/host/source/src/platform/ec/build/zephyr/yavilla/modules/ec/common/cbi_common.c.obj
[yavilla:rw] [358/382] Building C object zephyr/kernel/CMakeFiles/kernel.dir/version.c.obj
[yavilla:ro] [260/382] Building C object CMakeFiles/app.dir/mnt/host/source/src/platform/ec/build/zephyr/yavilla/modules/ec/common/ocpc.c.obj
[yavilla:rw] [359/382] Building C object zephyr/kernel/CMakeFiles/kernel.dir/init.c.obj
[yavilla:ro] [261/382] Building C object CMakeFiles/app.dir/mnt/host/source/src/platform/ec/build/zephyr/yavilla/modules/ec/common/charge_manager.c.obj
[yavilla:rw] [360/382] Building C object zephyr/kernel/CMakeFiles/kernel.dir/kheap.c.obj
[yavilla:rw] [361/382] Building C object zephyr/kernel/CMakeFiles/kernel.dir/mem_slab.c.obj
[yavilla:rw] [362/382] Building C object zephyr/kernel/CMakeFiles/kernel.dir/float.c.obj
[yavilla:ro] [262/382] Building C object CMakeFiles/app.dir/mnt/host/source/src/platform/ec/build/zephyr/yavilla/modules/ec/common/cbi_config.c.obj
[yavilla:rw] [363/382] Building C object zephyr/kernel/CMakeFiles/kernel.dir/idle.c.obj
[yavilla:ro] [263/382] Building C object CMakeFiles/app.dir/mnt/host/source/src/platform/ec/build/zephyr/yavilla/modules/ec/common/cbi.c.obj
[yavilla:rw] [364/382] Building C object zephyr/kernel/CMakeFiles/kernel.dir/mailbox.c.obj
[yavilla:ro] [264/382] Building C object CMakeFiles/app.dir/mnt/host/source/src/platform/ec/build/zephyr/yavilla/modules/ec/common/dptf.c.obj
[yavilla:rw] [365/382] Building C object zephyr/kernel/CMakeFiles/kernel.dir/mutex.c.obj
[yavilla:rw] [366/382] Building C object zephyr/kernel/CMakeFiles/kernel.dir/msg_q.c.obj
[yavilla:rw] [367/382] Building C object zephyr/kernel/CMakeFiles/kernel.dir/queue.c.obj
[yavilla:ro] [265/382] Building C object CMakeFiles/app.dir/mnt/host/source/src/platform/ec/build/zephyr/yavilla/modules/ec/common/espi.c.obj
[yavilla:ro] [266/382] Building C object CMakeFiles/app.dir/mnt/host/source/src/platform/ec/build/zephyr/yavilla/modules/ec/common/ap_reset_log.c.obj
[yavilla:ro] [267/382] Building C object CMakeFiles/app.dir/mnt/host/source/src/platform/ec/build/zephyr/yavilla/modules/ec/common/extpower_common.c.obj
[yavilla:rw] [368/382] Building C object zephyr/kernel/CMakeFiles/kernel.dir/sem.c.obj
[yavilla:rw] [369/382] Building C object zephyr/kernel/CMakeFiles/kernel.dir/system_work_q.c.obj
[yavilla:rw] [370/382] Building C object zephyr/kernel/CMakeFiles/kernel.dir/stack.c.obj
[yavilla:ro] [268/382] Building C object CMakeFiles/app.dir/mnt/host/source/src/platform/ec/build/zephyr/yavilla/modules/ec/common/fan.c.obj
[yavilla:rw] [371/382] Building C object zephyr/kernel/CMakeFiles/kernel.dir/condvar.c.obj
[yavilla:rw] [372/382] Building C object zephyr/kernel/CMakeFiles/kernel.dir/work.c.obj
[yavilla:rw] [373/382] Building C object zephyr/kernel/CMakeFiles/kernel.dir/thread.c.obj
[yavilla:rw] [374/382] Building C object zephyr/kernel/CMakeFiles/kernel.dir/pipe.c.obj
[yavilla:ro] [269/382] Building C object CMakeFiles/app.dir/mnt/host/source/src/platform/ec/build/zephyr/yavilla/modules/ec/common/flash.c.obj
[yavilla:ro] [270/382] Building C object CMakeFiles/app.dir/mnt/host/source/src/platform/ec/build/zephyr/yavilla/modules/ec/common/host_command.c.obj
[yavilla:ro] [271/382] Building C object CMakeFiles/app.dir/mnt/host/source/src/platform/ec/build/zephyr/yavilla/modules/ec/common/uart_hostcmd.c.obj
[yavilla:rw] [375/382] Building C object zephyr/kernel/CMakeFiles/kernel.dir/timeout.c.obj
[yavilla:ro] [272/382] Building C object CMakeFiles/app.dir/mnt/host/source/src/platform/ec/build/zephyr/yavilla/modules/ec/common/host_event_commands.c.obj
[yavilla:ro] [273/382] Building C object CMakeFiles/app.dir/mnt/host/source/src/platform/ec/build/zephyr/yavilla/modules/ec/common/host_command_task.c.obj
[yavilla:rw] [376/382] Building C object zephyr/kernel/CMakeFiles/kernel.dir/sched.c.obj
[yavilla:rw] [377/382] Building C object zephyr/kernel/CMakeFiles/kernel.dir/timer.c.obj
[yavilla:rw] [378/382] Building C object zephyr/kernel/CMakeFiles/kernel.dir/poll.c.obj
[greenbayupoc:rw] Building: /usr/bin/ninja -C /mnt/host/source/src/platform/ec/build/zephyr/greenbayupoc/build-rw all.libraries
Running `env -i SHELL=/bin/bash COLORTERM=truecolor DEPOT_TOOLS_UPDATE=0 LESS='-R -M --shift 5' SUDO_GID=0 JDK_HOME=/etc/java-config-2/current-system-vm CONFIG_PROTECT_MASK='/etc/gentoo-release /etc/sandbox.d /etc/fonts/fonts.conf /etc/terminfo /etc/ca-certificates.conf /etc/revdep-rebuild' CHROMEOS_CACHEDIR=/var/cache/chromeos-cache JAVA_HOME=/etc/java-config-2/current-system-vm SSH_AUTH_SOCK=/tmp/ssh-auth-sock SUDO_COMMAND=/bin/bash SUDO_USER=root SUDO_TTY=/dev/pts/2 EDITOR=/usr/bin/vi PWD=/mnt/host/source/src/platform/ec CONFIG_PROTECT=/usr/share/gnupg/qualified.txt LOGNAME=jpmurphy MANPATH=/etc/java-config-2/current-system-vm/man:/usr/local/share/man:/usr/share/man:/usr/share/gcc-data/x86_64-pc-linux-gnu/10.2.0/man:/usr/share/binutils-data/x86_64-pc-linux-gnu/2.45/man:/etc/java-config-2/current-system-vm/man/ SUDO_HOME=/root XAUTHORITY=/run/user/944457/gdm/Xauthority HOME=/home/jpmurphy LANG=C.UTF-8 LS_COLORS='rs=0:di=01;34:ln=01;36:mh=00:pi=40;33:so=01;35:do=01;35:bd=40;33;01:cd=40;33;01:or=01;05;37;41:mi=01;05;37;41:su=37;41:sg=30;43:ca=30;41:tw=30;42:ow=34;42:st=37;44:ex=01;32:*.tar=01;31:*.tgz=01;31:*.arc=01;31:*.arj=01;31:*.taz=01;31:*.lha=01;31:*.lz4=01;31:*.lzh=01;31:*.lzma=01;31:*.tlz=01;31:*.txz=01;31:*.tzo=01;31:*.t7z=01;31:*.zip=01;31:*.z=01;31:*.dz=01;31:*.gz=01;31:*.lrz=01;31:*.lz=01;31:*.lzo=01;31:*.xz=01;31:*.zst=01;31:*.tzst=01;31:*.bz2=01;31:*.bz=01;31:*.tbz=01;31:*.tbz2=01;31:*.tz=01;31:*.deb=01;31:*.rpm=01;31:*.jar=01;31:*.war=01;31:*.ear=01;31:*.sar=01;31:*.rar=01;31:*.alz=01;31:*.ace=01;31:*.zoo=01;31:*.cpio=01;31:*.7z=01;31:*.rz=01;31:*.cab=01;31:*.wim=01;31:*.swm=01;31:*.dwm=01;31:*.esd=01;31:*.jpg=01;35:*.jpeg=01;35:*.mjpg=01;35:*.mjpeg=01;35:*.gif=01;35:*.bmp=01;35:*.pbm=01;35:*.pgm=01;35:*.ppm=01;35:*.tga=01;35:*.xbm=01;35:*.xpm=01;35:*.tif=01;35:*.tiff=01;35:*.png=01;35:*.svg=01;35:*.svgz=01;35:*.mng=01;35:*.pcx=01;35:*.mov=01;35:*.mpg=01;35:*.mpeg=01;35:*.m2v=01;35:*.mkv=01;35:*.webm=01;35:*.webp=01;35:*.ogm=01;35:*.mp4=01;35:*.m4v=01;35:*.mp4v=01;35:*.vob=01;35:*.qt=01;35:*.nuv=01;35:*.wmv=01;35:*.asf=01;35:*.rm=01;35:*.rmvb=01;35:*.flc=01;35:*.avi=01;35:*.fli=01;35:*.flv=01;35:*.gl=01;35:*.dl=01;35:*.xcf=01;35:*.xwd=01;35:*.yuv=01;35:*.cgm=01;35:*.emf=01;35:*.ogv=01;35:*.ogx=01;35:*.cfg=00;32:*.conf=00;32:*.diff=00;32:*.doc=00;32:*.ini=00;32:*.log=00;32:*.patch=00;32:*.pdf=00;32:*.ps=00;32:*.tex=00;32:*.txt=00;32:*.aac=00;36:*.au=00;36:*.flac=00;36:*.m4a=00;36:*.mid=00;36:*.midi=00;36:*.mka=00;36:*.mp3=00;36:*.mpc=00;36:*.ogg=00;36:*.ra=00;36:*.wav=00;36:*.oga=00;36:*.opus=00;36:*.spx=00;36:*.xspf=00;36:' XDG_CURRENT_DESKTOP=GNOME INFOPATH=/usr/share/info:/usr/share/gcc-data/x86_64-pc-linux-gnu/10.2.0/info:/usr/share/binutils-data/x86_64-pc-linux-gnu/2.45/info:/usr/share/automake-1.16.5/info JAVAC=/etc/java-config-2/current-system-vm/bin/javac TERM=xterm-256color LESSOPEN='|lesspipe %s' USER=jpmurphy CROS_WORKON_SRCROOT=/mnt/host/source MANPAGER=manpager DISPLAY=:1 SHLVL=1 LC_MESSAGES=C EXTERNAL_TRUNK_PATH=/mnt/8f9d649a-3721-44cc-93c0-e6bd21a9689f/chromiumos GCC_SPECS='' PATH=/mnt/host/source/chromite/bin:/usr/local/bin:/usr/bin:/bin:/opt/bin:/mnt/host/source/chromite/sdk/bin:/mnt/host/source/chromite/bin PORTAGE_USERNAME=jpmurphy SUDO_UID=0 GCC_VER=10.2.0 MAIL=/var/mail/jpmurphy OLDPWD=/mnt/host/source/src/scripts traceparent=00-e87aca51550a78635907baa6a2476181-6d684811675d2973-01 _=./zephyr/firmware_builder.py COREBOOT_SDK_ROOT_x86=/home/jpmurphy/.cache/coreboot-sdk/i386-elf/dfbb0486385d938cfa9d73080b9d18d598ed4f49 COREBOOT_SDK_ROOT_picolibc_x86=/home/jpmurphy/.cache/coreboot-sdk/picolibc-i386-elf/eb8e8e687b95461de8cbf278f1c2076952d0ad17 COREBOOT_SDK_ROOT_riscv64=/home/jpmurphy/.cache/coreboot-sdk/riscv64-elf/96b949749225b6aaa92ed810ab769e8dfb12f000 COREBOOT_SDK_ROOT_picolibc_arm=/home/jpmurphy/.cache/coreboot-sdk/picolibc-arm-eabi/422a2aa3e1ef891b5bece9a3deb696ff83840d2e COREBOOT_SDK_ROOT_nds32=/home/jpmurphy/.cache/coreboot-sdk/nds32le-elf/d1a518c4a097666d86058e1444f85ca015d15511 COREBOOT_SDK_ROOT_picolibc_riscv64=/home/jpmurphy/.cache/coreboot-sdk/picolibc-riscv64-elf/f571e990ef0278564b31124f8bb109d9a697eb69 COREBOOT_SDK_ROOT_arm=/home/jpmurphy/.cache/coreboot-sdk/arm-eabi/ea40ddd1d190c3b48435c474c0b545719371813a COREBOOT_SDK_ROOT_libstdcxx_riscv64=/home/jpmurphy/.cache/coreboot-sdk/libstdcxx-riscv64-elf/17abf22a3a252e2d5d2062ced5324f7a623689e0 COREBOOT_SDK_ROOT_libstdcxx_arm=/home/jpmurphy/.cache/coreboot-sdk/libstdcxx-arm-eabi/5d7d82e150e44aa1968f1d366e267e6687b328ac COREBOOT_SDK_ROOT_riscv=/home/jpmurphy/.cache/coreboot-sdk/riscv-elf/9a27b9e82341c6e9126624f516ab3f261abb3e73 COREBOOT_SDK_ROOT_libstdcxx_x86=/home/jpmurphy/.cache/coreboot-sdk/libstdcxx-i386-elf/42ef9d2e87a76a37963175d7d428734e65648b87 PYTHONPATH=/mnt/host/source/src/platform/ec/zephyr/zmake PW_PIGWEED_CIPD_INSTALL_DIR=/usr CROSTC_USER_ACKNOWLEDGES_THAT_RISCV_IS_EXPERIMENTAL=1 MAKEFLAGS=' -j16 --jobserver-auth=5,6' /usr/bin/ninja -C /mnt/host/source/src/platform/ec/build/zephyr/greenbayupoc/build-rw all.libraries`
[yavilla:rw] [379/382] Building C object zephyr/kernel/CMakeFiles/kernel.dir/mempool.c.obj
[greenbayupoc:rw] ninja: Entering directory `/mnt/host/source/src/platform/ec/build/zephyr/greenbayupoc/build-rw'
[yavilla:rw] [380/382] Building C object zephyr/kernel/CMakeFiles/kernel.dir/events.c.obj
[yavilla:rw] [381/382] Building C object zephyr/kernel/CMakeFiles/kernel.dir/dynamic_disabled.c.obj
[yavilla:ro] [274/382] Building C object CMakeFiles/app.dir/mnt/host/source/src/platform/ec/build/zephyr/yavilla/modules/ec/common/uptime.c.obj
[yavilla:rw] [382/382] Linking C static library zephyr/kernel/libkernel.a
[yavilla:ro] [275/382] Building C object CMakeFiles/app.dir/mnt/host/source/src/platform/ec/build/zephyr/yavilla/modules/ec/common/i2c_passthru.c.obj
[yavilla:ro] [276/382] Building C object CMakeFiles/app.dir/mnt/host/source/src/platform/ec/build/zephyr/yavilla/modules/ec/common/i2c_controller.c.obj
[yavilla:ro] [277/382] Building C object CMakeFiles/app.dir/mnt/host/source/src/platform/ec/build/zephyr/yavilla/modules/ec/common/keyboard_8042_sharedlib.c.obj
[yavilla:ro] [278/382] Building C object CMakeFiles/app.dir/mnt/host/source/src/platform/ec/build/zephyr/yavilla/modules/ec/common/mkbp_info.c.obj
[yavilla:ro] [279/382] Building C object CMakeFiles/app.dir/mnt/host/source/src/platform/ec/build/zephyr/yavilla/modules/ec/common/mkbp_fifo.c.obj
[yavilla:ro] [280/382] Building C object CMakeFiles/app.dir/mnt/host/source/src/platform/ec/build/zephyr/yavilla/modules/ec/common/mkbp_input_devices.c.obj
[yavilla:ro] [281/382] Building C object CMakeFiles/app.dir/mnt/host/source/src/platform/ec/build/zephyr/yavilla/modules/ec/common/keyboard_8042.c.obj
[yavilla:ro] [282/382] Building C object CMakeFiles/app.dir/mnt/host/source/src/platform/ec/build/zephyr/yavilla/modules/ec/common/keyboard_backlight.c.obj
[yavilla:ro] [283/382] Building C object CMakeFiles/app.dir/mnt/host/source/src/platform/ec/build/zephyr/yavilla/modules/ec/common/keyboard_scan.c.obj
[greenbayupoc:rw] [1/374] Generating include/generated/zephyr/version.h
[greenbayupoc:rw] -- git describe warned: warning: tag 'upstream/v2.7.99' is externally known as 'v2.7.99'
[greenbayupoc:rw] -- Zephyr version: 4.3.99 (/mnt/host/source/src/third_party/zephyr/main)
[greenbayupoc:rw] [2/374] Preparing syscall dependency handling
[greenbayupoc:rw] [3/374] Generating misc/generated/syscalls_subdirs.trigger
[yavilla:ro] [284/382] Building C object CMakeFiles/app.dir/mnt/host/source/src/platform/ec/build/zephyr/yavilla/modules/ec/common/motion_lid.c.obj
[yavilla:ro] [285/382] Building C object CMakeFiles/app.dir/mnt/host/source/src/platform/ec/build/zephyr/yavilla/modules/ec/common/led_common.c.obj
[yavilla:ro] [286/382] Building C object CMakeFiles/app.dir/mnt/host/source/src/platform/ec/build/zephyr/yavilla/modules/ec/common/lid_angle.c.obj
[yavilla:ro] [287/382] Building C object CMakeFiles/app.dir/mnt/host/source/src/platform/ec/build/zephyr/yavilla/modules/ec/common/lid_angle_keyboard_policy.c.obj
[yavilla:ro] [288/382] Building C object CMakeFiles/app.dir/mnt/host/source/src/platform/ec/build/zephyr/yavilla/modules/ec/common/lid_switch.c.obj
[yavilla:ro] [289/382] Building C object CMakeFiles/app.dir/mnt/host/source/src/platform/ec/build/zephyr/yavilla/modules/ec/common/mkbp_event.c.obj
[yavilla:ro] [290/382] Building C object CMakeFiles/app.dir/mnt/host/source/src/platform/ec/build/zephyr/yavilla/modules/ec/common/motion_sense.c.obj
[yavilla:ro] [291/382] Building C object CMakeFiles/app.dir/mnt/host/source/src/platform/ec/build/zephyr/yavilla/modules/ec/driver/sha256/sha256_it8xxx2.c.obj
[yavilla:ro] [292/382] Building C object CMakeFiles/app.dir/mnt/host/source/src/platform/ec/build/zephyr/yavilla/modules/ec/common/power_button.c.obj
[yavilla:ro] [293/382] Building C object CMakeFiles/app.dir/mnt/host/source/src/platform/ec/build/zephyr/yavilla/modules/ec/common/port80.c.obj
[yavilla:ro] [294/382] Building C object CMakeFiles/app.dir/mnt/host/source/src/platform/ec/build/zephyr/yavilla/modules/ec/common/panic_output.c.obj
[yavilla:ro] [295/382] Building C object CMakeFiles/app.dir/mnt/host/source/src/platform/ec/build/zephyr/yavilla/modules/ec/power/hibernate.c.obj
[yavilla:ro] [296/382] Building C object CMakeFiles/app.dir/mnt/host/source/src/platform/ec/build/zephyr/yavilla/modules/ec/common/shared_mem.c.obj
[greenbayupoc:rw] [4/374] Generating misc/generated/syscalls.json, misc/generated/struct_tags.json
[yavilla:ro] [297/382] Building C object CMakeFiles/app.dir/mnt/host/source/src/platform/ec/build/zephyr/yavilla/modules/ec/common/switch.c.obj
[greenbayupoc:rw] [5/374] Generating include/generated/zephyr/syscall_dispatch.c, include/generated/zephyr/syscall_exports_llext.c, syscall_weakdefs_llext.c, include/generated/zephyr/syscall_list.h
[yavilla:ro] [298/382] Building C object CMakeFiles/app.dir/mnt/host/source/src/platform/ec/build/zephyr/yavilla/modules/ec/common/tablet_mode.c.obj
[greenbayupoc:rw] [6/374] Generating include/generated/zephyr/driver-validation.h
[yavilla:ro] [299/382] Building C object CMakeFiles/app.dir/mnt/host/source/src/platform/ec/build/zephyr/yavilla/modules/ec/common/thermal.c.obj
[yavilla:ro] [300/382] Building C object CMakeFiles/app.dir/mnt/host/source/src/platform/ec/build/zephyr/yavilla/modules/ec/common/temp_sensor.c.obj
[yavilla:ro] [301/382] Building C object CMakeFiles/app.dir/mnt/host/source/src/platform/ec/build/zephyr/yavilla/modules/ec/driver/temp_sensor/thermistor.c.obj
[yavilla:ro] [302/382] Building C object CMakeFiles/app.dir/mnt/host/source/src/platform/ec/build/zephyr/yavilla/modules/ec/common/timer.c.obj
[yavilla:ro] [303/382] Building C object CMakeFiles/app.dir/mnt/host/source/src/platform/ec/build/zephyr/yavilla/modules/ec/common/typec_control.c.obj
[yavilla:ro] [304/382] Building C object CMakeFiles/app.dir/mnt/host/source/src/platform/ec/build/zephyr/yavilla/modules/ec/common/throttle_ap.c.obj
[greenbayupoc:rw] [7/374] Generating include/generated/zephyr/kobj-types-enum.h, include/generated/zephyr/otype-to-str.h, include/generated/zephyr/otype-to-size.h
[yavilla:ro] [305/382] Building C object CMakeFiles/app.dir/mnt/host/source/src/platform/ec/build/zephyr/yavilla/modules/ec/common/usb_port_power_smart.c.obj
[greenbayupoc:rw] [8/374] Generating include/generated/device-api-sections.ld, include/generated/device-api-sections.cmake
[yavilla:ro] [306/382] Building C object CMakeFiles/app.dir/mnt/host/source/src/platform/ec/build/zephyr/yavilla/modules/ec/common/usb_pd_pdo.c.obj
[yavilla:ro] [307/382] Building C object CMakeFiles/app.dir/mnt/host/source/src/platform/ec/build/zephyr/yavilla/modules/ec/common/usb_common.c.obj
[yavilla:ro] [308/382] Building C object CMakeFiles/app.dir/mnt/host/source/src/platform/ec/build/zephyr/yavilla/modules/ec/common/usbc/usbc_task.c.obj
[yavilla:ro] [309/382] Building C object CMakeFiles/app.dir/mnt/host/source/src/platform/ec/build/zephyr/yavilla/modules/ec/common/usbc/usb_pd_timer.c.obj
[yavilla:ro] [310/382] Building C object CMakeFiles/app.dir/mnt/host/source/src/platform/ec/build/zephyr/yavilla/modules/ec/common/usbc/usb_sm.c.obj
[yavilla:ro] [311/382] Building C object CMakeFiles/app.dir/mnt/host/source/src/platform/ec/build/zephyr/yavilla/modules/ec/common/usb_pd_flags.c.obj
[yavilla:ro] [312/382] Building C object CMakeFiles/app.dir/mnt/host/source/src/platform/ec/build/zephyr/yavilla/modules/ec/common/usbc_intr_task.c.obj
[yavilla:ro] [313/382] Building C object CMakeFiles/app.dir/mnt/host/source/src/platform/ec/build/zephyr/yavilla/modules/ec/common/usbc_utils.c.obj
[yavilla:ro] [314/382] Building C object CMakeFiles/app.dir/mnt/host/source/src/platform/ec/build/zephyr/yavilla/modules/ec/common/chargen.c.obj
[greenbayupoc:rw] [9/374] Building C object zephyr/CMakeFiles/offsets.dir/arch/riscv/core/offsets/offsets.c.obj
[yavilla:ro] [315/382] Building C object CMakeFiles/app.dir/mnt/host/source/src/platform/ec/build/zephyr/yavilla/modules/ec/driver/usb_mux/virtual.c.obj
[yavilla:ro] [316/382] Building C object CMakeFiles/app.dir/mnt/host/source/src/platform/ec/build/zephyr/yavilla/modules/ec/common/usbc/usb_pd_console.c.obj
[greenbayupoc:rw] [10/374] Generating include/generated/zephyr/offsets.h
[yavilla:ro] [317/382] Building C object CMakeFiles/app.dir/mnt/host/source/src/platform/ec/build/zephyr/yavilla/modules/ec/driver/usb_mux/usb_mux.c.obj
[yavilla:ro] [318/382] Building C object CMakeFiles/app.dir/mnt/host/source/src/platform/ec/build/zephyr/yavilla/modules/ec/common/usbc/usbc_pd_policy.c.obj
[yavilla:ro] [319/382] Building C object CMakeFiles/app.dir/mnt/host/source/src/platform/ec/build/zephyr/yavilla/modules/ec/common/usbc/usb_prl_sm.c.obj
[yavilla:ro] [320/382] Building C object CMakeFiles/app.dir/mnt/host/source/src/platform/ec/build/zephyr/yavilla/modules/ec/common/usbc/usb_tc_drp_acc_trysrc_sm.c.obj
[yavilla:ro] [321/382] Building C object CMakeFiles/app.dir/mnt/host/source/src/platform/ec/build/zephyr/yavilla/modules/ec/common/usbc/dp_alt_mode.c.obj
[yavilla:ro] [322/382] Building C object CMakeFiles/app.dir/mnt/host/source/src/platform/ec/build/zephyr/yavilla/modules/ec/common/usbc/usb_pd_dpm.c.obj
[yavilla:ro] [323/382] Building C object CMakeFiles/app.dir/mnt/host/source/src/platform/ec/build/zephyr/yavilla/modules/ec/common/usbc/usb_pe_drp_sm.c.obj
[yavilla:ro] [324/382] Building C object CMakeFiles/app.dir/mnt/host/source/src/platform/ec/build/zephyr/yavilla/modules/ec/common/usb_pd_console_cmd.c.obj
[yavilla:ro] [325/382] Building C object CMakeFiles/app.dir/mnt/host/source/src/platform/ec/build/zephyr/yavilla/modules/ec/common/usb_pd_host_cmd.c.obj
[yavilla:ro] [326/382] Building C object CMakeFiles/app.dir/mnt/host/source/src/platform/ec/build/zephyr/yavilla/modules/ec/common/usbc/usb_pd_host.c.obj
[greenbayupoc:rw] [11/374] Building C object zephyr/CMakeFiles/zephyr.dir/lib/libc/validate_libc.c.obj
[yavilla:ro] [327/382] Building C object CMakeFiles/app.dir/mnt/host/source/src/platform/ec/build/zephyr/yavilla/modules/ec/common/usbc/svdm_rsp_dfp_only.c.obj
[yavilla:ro] [328/382] Building C object CMakeFiles/app.dir/mnt/host/source/src/platform/ec/build/zephyr/yavilla/modules/ec/zephyr/shim/src/tcpc.c.obj
[yavilla:ro] [329/382] Building C object CMakeFiles/app.dir/mnt/host/source/src/platform/ec/build/zephyr/yavilla/modules/ec/common/usb_pd_host_cmd_common.c.obj
[trulo:rw] -- Generating done (7.4s)
[trulo:rw] CMake Warning:
[trulo:rw]   Manually-specified variables were not used by the project:
[trulo:rw]     COREBOOT_SDK_ROOT_libstdcxx_riscv64
[trulo:rw]     COREBOOT_SDK_ROOT_libstdcxx_x86
[trulo:rw]     COREBOOT_SDK_ROOT_nds32
[trulo:rw]     COREBOOT_SDK_ROOT_picolibc_riscv64
[trulo:rw]     COREBOOT_SDK_ROOT_picolibc_x86
[trulo:rw]     COREBOOT_SDK_ROOT_riscv
[trulo:rw]     COREBOOT_SDK_ROOT_riscv64
[trulo:rw]     COREBOOT_SDK_ROOT_x86
[trulo:rw]     PW_ROOT
[trulo:rw] -- Build files have been written to: /mnt/host/source/src/platform/ec/build/zephyr/trulo/build-rw
[yavilla:ro] [330/382] Building C object CMakeFiles/app.dir/mnt/host/source/src/platform/ec/build/zephyr/yavilla/modules/ec/common/usbc_ocp.c.obj
[yavilla:ro] [331/382] Building C object CMakeFiles/app.dir/mnt/host/source/src/platform/ec/build/zephyr/yavilla/modules/ec/common/usb_pd_dual_role.c.obj
[yavilla:ro] [332/382] Building C object CMakeFiles/app.dir/mnt/host/source/src/platform/ec/build/zephyr/yavilla/modules/ec/common/usb_pd_discovery.c.obj
[yavilla:ro] [333/382] Building C object CMakeFiles/app.dir/mnt/host/source/src/platform/ec/build/zephyr/yavilla/modules/ec/driver/tcpm/ps8xxx.c.obj
[yavilla:ro] [334/382] Building C object CMakeFiles/app.dir/mnt/host/source/src/platform/ec/build/zephyr/yavilla/modules/ec/driver/tcpm/ite_pd_intc.c.obj
[yavilla:ro] [335/382] Building C object CMakeFiles/app.dir/mnt/host/source/src/platform/ec/build/zephyr/yavilla/modules/ec/common/vboot_hash.c.obj
[yavilla:ro] [336/382] Building C object CMakeFiles/app.dir/mnt/host/source/src/platform/ec/build/zephyr/yavilla/modules/ec/driver/tcpm/tcpci.c.obj
[greenbayupoc:rw] [12/374] Building C object zephyr/CMakeFiles/zephyr.dir/lib/heap/heap.c.obj
[yavilla:ro] [337/382] Building C object CMakeFiles/app.dir/mnt/host/source/src/platform/ec/build/zephyr/yavilla/modules/ec/common/button.c.obj
[yavilla:ro] [338/382] Building C object CMakeFiles/app.dir/mnt/host/source/src/platform/ec/build/zephyr/yavilla/modules/ec/driver/tcpm/it8xxx2.c.obj
[yavilla:ro] [339/382] Building C object CMakeFiles/app.dir/mnt/host/source/src/platform/ec/build/zephyr/yavilla/modules/ec/common/math_util.c.obj
[yavilla:ro] [340/382] Building C object CMakeFiles/app.dir/mnt/host/source/src/platform/ec/build/zephyr/yavilla/modules/ec/common/vstore.c.obj
[yavilla:ro] [341/382] Linking C static library modules/ec/zephyr/libec_shim.a
[yavilla:ro] [342/382] Building C object CMakeFiles/app.dir/mnt/host/source/src/platform/ec/build/zephyr/yavilla/modules/ec/common/vboot/efs2.c.obj
[yavilla:ro] [343/382] Building C object CMakeFiles/app.dir/src/common.c.obj
[yavilla:ro] [344/382] Building C object CMakeFiles/app.dir/src/board_power.c.obj
[yavilla:ro] [345/382] Building C object CMakeFiles/app.dir/yavilla/src/led.c.obj
[yavilla:ro] [346/382] Building C object CMakeFiles/app.dir/yavilla/src/keyboard.c.obj
[yavilla:ro] [347/382] Building C object CMakeFiles/app.dir/yavilla/src/thermal.c.obj
[yavilla:ro] [348/382] Building C object CMakeFiles/app.dir/yavilla/src/board.c.obj
[yavilla:ro] [349/382] Building C object zephyr/kernel/CMakeFiles/kernel.dir/busy_wait.c.obj
[yavilla:ro] [350/382] Building C object zephyr/kernel/CMakeFiles/kernel.dir/banner.c.obj
[yavilla:ro] [351/382] Building C object CMakeFiles/app.dir/yavilla/src/charger.c.obj
[greenbayupoc:rw] [13/374] Building C object zephyr/CMakeFiles/zephyr.dir/lib/os/cbprintf_packaged.c.obj
[yavilla:ro] [352/382] Building C object zephyr/kernel/CMakeFiles/kernel.dir/device.c.obj
[yavilla:ro] [353/382] Building C object zephyr/kernel/CMakeFiles/kernel.dir/version.c.obj
[yavilla:ro] [354/382] Building C object zephyr/kernel/CMakeFiles/kernel.dir/errno.c.obj
[yavilla:ro] [355/382] Building C object CMakeFiles/app.dir/yavilla/src/usbc.c.obj
[yavilla:ro] [356/382] Building C object CMakeFiles/app.dir/yavilla/src/fan.c.obj
[yavilla:ro] [357/382] Building C object zephyr/kernel/CMakeFiles/kernel.dir/fatal.c.obj
[greenbayupoc:rw] [14/374] Building C object zephyr/CMakeFiles/zephyr.dir/lib/os/clock.c.obj
[yavilla:ro] [358/382] Building C object zephyr/kernel/CMakeFiles/kernel.dir/float.c.obj
[yavilla:ro] [359/382] Linking C static library app/libapp.a
[yavilla:ro] [360/382] Building C object zephyr/kernel/CMakeFiles/kernel.dir/mem_slab.c.obj
[yavilla:ro] [361/382] Building C object zephyr/kernel/CMakeFiles/kernel.dir/init.c.obj
[greenbayupoc:rw] [15/374] Building C object zephyr/CMakeFiles/zephyr.dir/lib/os/printk.c.obj
[yavilla:ro] [362/382] Building C object zephyr/kernel/CMakeFiles/kernel.dir/kheap.c.obj
[yavilla:ro] [363/382] Building C object zephyr/kernel/CMakeFiles/kernel.dir/idle.c.obj
[yavilla:ro] [364/382] Building C object zephyr/kernel/CMakeFiles/kernel.dir/mailbox.c.obj
[yavilla:ro] [365/382] Building C object zephyr/kernel/CMakeFiles/kernel.dir/msg_q.c.obj
[yavilla:ro] [366/382] Building C object zephyr/kernel/CMakeFiles/kernel.dir/stack.c.obj
[yavilla:ro] [367/382] Building C object zephyr/kernel/CMakeFiles/kernel.dir/sem.c.obj
[yavilla:ro] [368/382] Building C object zephyr/kernel/CMakeFiles/kernel.dir/mutex.c.obj
[yavilla:ro] [369/382] Building C object zephyr/kernel/CMakeFiles/kernel.dir/queue.c.obj
[yavilla:ro] [370/382] Building C object zephyr/kernel/CMakeFiles/kernel.dir/system_work_q.c.obj
Toolchain <zmake.toolchains.CorebootSdkToolchain object at 0x7f412047db50> selected by probe function.
[vader] Building in /mnt/host/source/src/platform/ec/build/zephyr/vader.
[greenbayupoc:rw] [16/374] Building C object zephyr/CMakeFiles/zephyr.dir/lib/os/sem.c.obj
[yavilla:ro] [371/382] Building C object zephyr/kernel/CMakeFiles/kernel.dir/condvar.c.obj
[greenbayupoc:rw] [17/374] Building C object zephyr/CMakeFiles/zephyr.dir/lib/os/thread_entry.c.obj
[yavilla:ro] [372/382] Building C object zephyr/kernel/CMakeFiles/kernel.dir/pipe.c.obj
[vader:ro] Configuring.
Running `env -i PYTHONPATH=/usr/lib64/python-exec/python3.11:/mnt/host/source/src/platform/ec/zephyr/zmake:/usr/lib/python311.zip:/usr/lib/python3.11:/usr/lib/python3.11/lib-dynload:/usr/lib/python3.11/site-packages PW_PIGWEED_CIPD_INSTALL_DIR=/usr CROSTC_USER_ACKNOWLEDGES_THAT_RISCV_IS_EXPERIMENTAL=1 PATH=/mnt/host/source/chromite/bin:/usr/local/bin:/usr/bin:/bin:/opt/bin:/mnt/host/source/chromite/sdk/bin:/mnt/host/source/chromite/bin HOME=/home/jpmurphy JAVA_HOME=/etc/java-config-2/current-system-vm JDK_HOME=/etc/java-config-2/current-system-vm JAVAC=/etc/java-config-2/current-system-vm/bin/javac MAKEFLAGS=' -j16 --jobserver-auth=5,6' /usr/bin/cmake -S /mnt/host/source/src/platform/ec/zephyr/program/skywalker -B /mnt/host/source/src/platform/ec/build/zephyr/vader/build-ro -GNinja -DCMAKE_EXPORT_COMPILE_COMMANDS=ON -DZEPHYR_BASE=/mnt/host/source/src/third_party/zephyr/main -DZMAKE_INCLUDE_DIR=/mnt/host/source/src/platform/ec/build/zephyr/vader/include -DPython3_EXECUTABLE=/usr/bin/python3.11 -DDTS_ROOT=/mnt/host/source/src/platform/ec/zephyr -DSYSCALL_INCLUDE_DIRS=/mnt/host/source/src/platform/ec/zephyr/include/drivers -DUSER_CACHE_DIR=/mnt/host/source/src/platform/ec/build/zephyr/user-cache '-DEXTRA_EC_VERSION_FLAGS=--version 16543.0.0 --static' -DTOOLCHAIN_ROOT=/mnt/host/source/src/platform/ec/zephyr -DCOREBOOT_SDK_ROOT_x86=/home/jpmurphy/.cache/coreboot-sdk/i386-elf/dfbb0486385d938cfa9d73080b9d18d598ed4f49 -DCOREBOOT_SDK_ROOT_picolibc_x86=/home/jpmurphy/.cache/coreboot-sdk/picolibc-i386-elf/eb8e8e687b95461de8cbf278f1c2076952d0ad17 -DCOREBOOT_SDK_ROOT_riscv64=/home/jpmurphy/.cache/coreboot-sdk/riscv64-elf/96b949749225b6aaa92ed810ab769e8dfb12f000 -DCOREBOOT_SDK_ROOT_picolibc_arm=/home/jpmurphy/.cache/coreboot-sdk/picolibc-arm-eabi/422a2aa3e1ef891b5bece9a3deb696ff83840d2e -DCOREBOOT_SDK_ROOT_nds32=/home/jpmurphy/.cache/coreboot-sdk/nds32le-elf/d1a518c4a097666d86058e1444f85ca015d15511 -DCOREBOOT_SDK_ROOT_picolibc_riscv64=/home/jpmurphy/.cache/coreboot-sdk/picolibc-riscv64-elf/f571e990ef0278564b31124f8bb109d9a697eb69 -DCOREBOOT_SDK_ROOT_arm=/home/jpmurphy/.cache/coreboot-sdk/arm-eabi/ea40ddd1d190c3b48435c474c0b545719371813a -DCOREBOOT_SDK_ROOT_libstdcxx_riscv64=/home/jpmurphy/.cache/coreboot-sdk/libstdcxx-riscv64-elf/17abf22a3a252e2d5d2062ced5324f7a623689e0 -DCOREBOOT_SDK_ROOT_libstdcxx_arm=/home/jpmurphy/.cache/coreboot-sdk/libstdcxx-arm-eabi/5d7d82e150e44aa1968f1d366e267e6687b328ac -DCOREBOOT_SDK_ROOT_riscv=/home/jpmurphy/.cache/coreboot-sdk/riscv-elf/9a27b9e82341c6e9126624f516ab3f261abb3e73 -DCOREBOOT_SDK_ROOT_libstdcxx_x86=/home/jpmurphy/.cache/coreboot-sdk/libstdcxx-i386-elf/42ef9d2e87a76a37963175d7d428734e65648b87 -DZEPHYR_TOOLCHAIN_VARIANT=coreboot-sdk '-DZEPHYR_MODULES=/mnt/host/source/src/platform/ec/build/zephyr/vader/modules/cmsis;/mnt/host/source/src/platform/ec/build/zephyr/vader/modules/cmsis_6;/mnt/host/source/src/platform/ec/build/zephyr/vader/modules/ec' -DDTC_OVERLAY_FILE=/mnt/host/source/src/platform/ec/zephyr/program/skywalker/vader/project.overlay -DBOARD=npcx9/npcx9m7fb -DCMAKE_C_FLAGS=-DSECTION_IS_RO '-DCONF_FILE=/mnt/host/source/src/platform/ec/zephyr/program/skywalker/program.conf;/mnt/host/source/src/platform/ec/zephyr/program/skywalker/vader/project.conf;/mnt/host/source/src/platform/ec/build/zephyr/vader/kconfig-ro.conf'`
[yavilla:ro] [373/382] Building C object zephyr/kernel/CMakeFiles/kernel.dir/mempool.c.obj
[vader:ro] Loading Zephyr default modules (Zephyr base (cached)).
[vader:ro] -- Application: /mnt/host/source/src/platform/ec/zephyr/program/skywalker
[vader:ro] -- CMake version: 3.31.7
[yavilla:ro] [374/382] Building C object zephyr/kernel/CMakeFiles/kernel.dir/work.c.obj
[yavilla:ro] [375/382] Building C object zephyr/kernel/CMakeFiles/kernel.dir/thread.c.obj
Running (initial) lcov on /mnt/host/source/src/platform/ec/build/zephyr/rauru.
[vader:rw] Configuring.
Running `env -i PYTHONPATH=/usr/lib64/python-exec/python3.11:/mnt/host/source/src/platform/ec/zephyr/zmake:/usr/lib/python311.zip:/usr/lib/python3.11:/usr/lib/python3.11/lib-dynload:/usr/lib/python3.11/site-packages PW_PIGWEED_CIPD_INSTALL_DIR=/usr CROSTC_USER_ACKNOWLEDGES_THAT_RISCV_IS_EXPERIMENTAL=1 PATH=/mnt/host/source/chromite/bin:/usr/local/bin:/usr/bin:/bin:/opt/bin:/mnt/host/source/chromite/sdk/bin:/mnt/host/source/chromite/bin HOME=/home/jpmurphy JAVA_HOME=/etc/java-config-2/current-system-vm JDK_HOME=/etc/java-config-2/current-system-vm JAVAC=/etc/java-config-2/current-system-vm/bin/javac MAKEFLAGS=' -j16 --jobserver-auth=5,6' /usr/bin/cmake -S /mnt/host/source/src/platform/ec/zephyr/program/skywalker -B /mnt/host/source/src/platform/ec/build/zephyr/vader/build-rw -GNinja -DCMAKE_EXPORT_COMPILE_COMMANDS=ON -DZEPHYR_BASE=/mnt/host/source/src/third_party/zephyr/main -DZMAKE_INCLUDE_DIR=/mnt/host/source/src/platform/ec/build/zephyr/vader/include -DPython3_EXECUTABLE=/usr/bin/python3.11 -DDTS_ROOT=/mnt/host/source/src/platform/ec/zephyr -DSYSCALL_INCLUDE_DIRS=/mnt/host/source/src/platform/ec/zephyr/include/drivers -DUSER_CACHE_DIR=/mnt/host/source/src/platform/ec/build/zephyr/user-cache '-DEXTRA_EC_VERSION_FLAGS=--version 16543.0.0 --static' -DTOOLCHAIN_ROOT=/mnt/host/source/src/platform/ec/zephyr -DCOREBOOT_SDK_ROOT_x86=/home/jpmurphy/.cache/coreboot-sdk/i386-elf/dfbb0486385d938cfa9d73080b9d18d598ed4f49 -DCOREBOOT_SDK_ROOT_picolibc_x86=/home/jpmurphy/.cache/coreboot-sdk/picolibc-i386-elf/eb8e8e687b95461de8cbf278f1c2076952d0ad17 -DCOREBOOT_SDK_ROOT_riscv64=/home/jpmurphy/.cache/coreboot-sdk/riscv64-elf/96b949749225b6aaa92ed810ab769e8dfb12f000 -DCOREBOOT_SDK_ROOT_picolibc_arm=/home/jpmurphy/.cache/coreboot-sdk/picolibc-arm-eabi/422a2aa3e1ef891b5bece9a3deb696ff83840d2e -DCOREBOOT_SDK_ROOT_nds32=/home/jpmurphy/.cache/coreboot-sdk/nds32le-elf/d1a518c4a097666d86058e1444f85ca015d15511 -DCOREBOOT_SDK_ROOT_picolibc_riscv64=/home/jpmurphy/.cache/coreboot-sdk/picolibc-riscv64-elf/f571e990ef0278564b31124f8bb109d9a697eb69 -DCOREBOOT_SDK_ROOT_arm=/home/jpmurphy/.cache/coreboot-sdk/arm-eabi/ea40ddd1d190c3b48435c474c0b545719371813a -DCOREBOOT_SDK_ROOT_libstdcxx_riscv64=/home/jpmurphy/.cache/coreboot-sdk/libstdcxx-riscv64-elf/17abf22a3a252e2d5d2062ced5324f7a623689e0 -DCOREBOOT_SDK_ROOT_libstdcxx_arm=/home/jpmurphy/.cache/coreboot-sdk/libstdcxx-arm-eabi/5d7d82e150e44aa1968f1d366e267e6687b328ac -DCOREBOOT_SDK_ROOT_riscv=/home/jpmurphy/.cache/coreboot-sdk/riscv-elf/9a27b9e82341c6e9126624f516ab3f261abb3e73 -DCOREBOOT_SDK_ROOT_libstdcxx_x86=/home/jpmurphy/.cache/coreboot-sdk/libstdcxx-i386-elf/42ef9d2e87a76a37963175d7d428734e65648b87 -DZEPHYR_TOOLCHAIN_VARIANT=coreboot-sdk '-DZEPHYR_MODULES=/mnt/host/source/src/platform/ec/build/zephyr/vader/modules/cmsis;/mnt/host/source/src/platform/ec/build/zephyr/vader/modules/cmsis_6;/mnt/host/source/src/platform/ec/build/zephyr/vader/modules/ec' -DDTC_OVERLAY_FILE=/mnt/host/source/src/platform/ec/zephyr/program/skywalker/vader/project.overlay -DBOARD=npcx9/npcx9m7fb -DCMAKE_C_FLAGS=-DSECTION_IS_RW '-DCONF_FILE=/mnt/host/source/src/platform/ec/zephyr/program/skywalker/program.conf;/mnt/host/source/src/platform/ec/zephyr/program/skywalker/vader/project.conf;/mnt/host/source/src/platform/ec/build/zephyr/vader/kconfig-rw.conf'`
[yavilla:ro] [376/382] Building C object zephyr/kernel/CMakeFiles/kernel.dir/timer.c.obj
[greenbayupoc:ro] Building: /usr/bin/ninja -C /mnt/host/source/src/platform/ec/build/zephyr/greenbayupoc/build-ro all.libraries
Running `env -i SHELL=/bin/bash COLORTERM=truecolor DEPOT_TOOLS_UPDATE=0 LESS='-R -M --shift 5' SUDO_GID=0 JDK_HOME=/etc/java-config-2/current-system-vm CONFIG_PROTECT_MASK='/etc/gentoo-release /etc/sandbox.d /etc/fonts/fonts.conf /etc/terminfo /etc/ca-certificates.conf /etc/revdep-rebuild' CHROMEOS_CACHEDIR=/var/cache/chromeos-cache JAVA_HOME=/etc/java-config-2/current-system-vm SSH_AUTH_SOCK=/tmp/ssh-auth-sock SUDO_COMMAND=/bin/bash SUDO_USER=root SUDO_TTY=/dev/pts/2 EDITOR=/usr/bin/vi PWD=/mnt/host/source/src/platform/ec CONFIG_PROTECT=/usr/share/gnupg/qualified.txt LOGNAME=jpmurphy MANPATH=/etc/java-config-2/current-system-vm/man:/usr/local/share/man:/usr/share/man:/usr/share/gcc-data/x86_64-pc-linux-gnu/10.2.0/man:/usr/share/binutils-data/x86_64-pc-linux-gnu/2.45/man:/etc/java-config-2/current-system-vm/man/ SUDO_HOME=/root XAUTHORITY=/run/user/944457/gdm/Xauthority HOME=/home/jpmurphy LANG=C.UTF-8 LS_COLORS='rs=0:di=01;34:ln=01;36:mh=00:pi=40;33:so=01;35:do=01;35:bd=40;33;01:cd=40;33;01:or=01;05;37;41:mi=01;05;37;41:su=37;41:sg=30;43:ca=30;41:tw=30;42:ow=34;42:st=37;44:ex=01;32:*.tar=01;31:*.tgz=01;31:*.arc=01;31:*.arj=01;31:*.taz=01;31:*.lha=01;31:*.lz4=01;31:*.lzh=01;31:*.lzma=01;31:*.tlz=01;31:*.txz=01;31:*.tzo=01;31:*.t7z=01;31:*.zip=01;31:*.z=01;31:*.dz=01;31:*.gz=01;31:*.lrz=01;31:*.lz=01;31:*.lzo=01;31:*.xz=01;31:*.zst=01;31:*.tzst=01;31:*.bz2=01;31:*.bz=01;31:*.tbz=01;31:*.tbz2=01;31:*.tz=01;31:*.deb=01;31:*.rpm=01;31:*.jar=01;31:*.war=01;31:*.ear=01;31:*.sar=01;31:*.rar=01;31:*.alz=01;31:*.ace=01;31:*.zoo=01;31:*.cpio=01;31:*.7z=01;31:*.rz=01;31:*.cab=01;31:*.wim=01;31:*.swm=01;31:*.dwm=01;31:*.esd=01;31:*.jpg=01;35:*.jpeg=01;35:*.mjpg=01;35:*.mjpeg=01;35:*.gif=01;35:*.bmp=01;35:*.pbm=01;35:*.pgm=01;35:*.ppm=01;35:*.tga=01;35:*.xbm=01;35:*.xpm=01;35:*.tif=01;35:*.tiff=01;35:*.png=01;35:*.svg=01;35:*.svgz=01;35:*.mng=01;35:*.pcx=01;35:*.mov=01;35:*.mpg=01;35:*.mpeg=01;35:*.m2v=01;35:*.mkv=01;35:*.webm=01;35:*.webp=01;35:*.ogm=01;35:*.mp4=01;35:*.m4v=01;35:*.mp4v=01;35:*.vob=01;35:*.qt=01;35:*.nuv=01;35:*.wmv=01;35:*.asf=01;35:*.rm=01;35:*.rmvb=01;35:*.flc=01;35:*.avi=01;35:*.fli=01;35:*.flv=01;35:*.gl=01;35:*.dl=01;35:*.xcf=01;35:*.xwd=01;35:*.yuv=01;35:*.cgm=01;35:*.emf=01;35:*.ogv=01;35:*.ogx=01;35:*.cfg=00;32:*.conf=00;32:*.diff=00;32:*.doc=00;32:*.ini=00;32:*.log=00;32:*.patch=00;32:*.pdf=00;32:*.ps=00;32:*.tex=00;32:*.txt=00;32:*.aac=00;36:*.au=00;36:*.flac=00;36:*.m4a=00;36:*.mid=00;36:*.midi=00;36:*.mka=00;36:*.mp3=00;36:*.mpc=00;36:*.ogg=00;36:*.ra=00;36:*.wav=00;36:*.oga=00;36:*.opus=00;36:*.spx=00;36:*.xspf=00;36:' XDG_CURRENT_DESKTOP=GNOME INFOPATH=/usr/share/info:/usr/share/gcc-data/x86_64-pc-linux-gnu/10.2.0/info:/usr/share/binutils-data/x86_64-pc-linux-gnu/2.45/info:/usr/share/automake-1.16.5/info JAVAC=/etc/java-config-2/current-system-vm/bin/javac TERM=xterm-256color LESSOPEN='|lesspipe %s' USER=jpmurphy CROS_WORKON_SRCROOT=/mnt/host/source MANPAGER=manpager DISPLAY=:1 SHLVL=1 LC_MESSAGES=C EXTERNAL_TRUNK_PATH=/mnt/8f9d649a-3721-44cc-93c0-e6bd21a9689f/chromiumos GCC_SPECS='' PATH=/mnt/host/source/chromite/bin:/usr/local/bin:/usr/bin:/bin:/opt/bin:/mnt/host/source/chromite/sdk/bin:/mnt/host/source/chromite/bin PORTAGE_USERNAME=jpmurphy SUDO_UID=0 GCC_VER=10.2.0 MAIL=/var/mail/jpmurphy OLDPWD=/mnt/host/source/src/scripts traceparent=00-e87aca51550a78635907baa6a2476181-6d684811675d2973-01 _=./zephyr/firmware_builder.py COREBOOT_SDK_ROOT_x86=/home/jpmurphy/.cache/coreboot-sdk/i386-elf/dfbb0486385d938cfa9d73080b9d18d598ed4f49 COREBOOT_SDK_ROOT_picolibc_x86=/home/jpmurphy/.cache/coreboot-sdk/picolibc-i386-elf/eb8e8e687b95461de8cbf278f1c2076952d0ad17 COREBOOT_SDK_ROOT_riscv64=/home/jpmurphy/.cache/coreboot-sdk/riscv64-elf/96b949749225b6aaa92ed810ab769e8dfb12f000 COREBOOT_SDK_ROOT_picolibc_arm=/home/jpmurphy/.cache/coreboot-sdk/picolibc-arm-eabi/422a2aa3e1ef891b5bece9a3deb696ff83840d2e COREBOOT_SDK_ROOT_nds32=/home/jpmurphy/.cache/coreboot-sdk/nds32le-elf/d1a518c4a097666d86058e1444f85ca015d15511 COREBOOT_SDK_ROOT_picolibc_riscv64=/home/jpmurphy/.cache/coreboot-sdk/picolibc-riscv64-elf/f571e990ef0278564b31124f8bb109d9a697eb69 COREBOOT_SDK_ROOT_arm=/home/jpmurphy/.cache/coreboot-sdk/arm-eabi/ea40ddd1d190c3b48435c474c0b545719371813a COREBOOT_SDK_ROOT_libstdcxx_riscv64=/home/jpmurphy/.cache/coreboot-sdk/libstdcxx-riscv64-elf/17abf22a3a252e2d5d2062ced5324f7a623689e0 COREBOOT_SDK_ROOT_libstdcxx_arm=/home/jpmurphy/.cache/coreboot-sdk/libstdcxx-arm-eabi/5d7d82e150e44aa1968f1d366e267e6687b328ac COREBOOT_SDK_ROOT_riscv=/home/jpmurphy/.cache/coreboot-sdk/riscv-elf/9a27b9e82341c6e9126624f516ab3f261abb3e73 COREBOOT_SDK_ROOT_libstdcxx_x86=/home/jpmurphy/.cache/coreboot-sdk/libstdcxx-i386-elf/42ef9d2e87a76a37963175d7d428734e65648b87 PYTHONPATH=/mnt/host/source/src/platform/ec/zephyr/zmake PW_PIGWEED_CIPD_INSTALL_DIR=/usr CROSTC_USER_ACKNOWLEDGES_THAT_RISCV_IS_EXPERIMENTAL=1 MAKEFLAGS=' -j16 --jobserver-auth=5,6' /usr/bin/ninja -C /mnt/host/source/src/platform/ec/build/zephyr/greenbayupoc/build-ro all.libraries`
[yavilla:ro] [377/382] Building C object zephyr/kernel/CMakeFiles/kernel.dir/timeout.c.obj
[greenbayupoc:ro] ninja: Entering directory `/mnt/host/source/src/platform/ec/build/zephyr/greenbayupoc/build-ro'
[vader:rw] Loading Zephyr default modules (Zephyr base (cached)).
[vader:rw] -- Application: /mnt/host/source/src/platform/ec/zephyr/program/skywalker
[vader:rw] -- CMake version: 3.31.7
Toolchain <zmake.toolchains.CorebootSdkToolchain object at 0x7f4120446e50> selected by probe function.
[guren] Building in /mnt/host/source/src/platform/ec/build/zephyr/guren.
[yavilla:ro] [378/382] Building C object zephyr/kernel/CMakeFiles/kernel.dir/dynamic_disabled.c.obj
[guren:rw] Configuring.
Running `env -i PYTHONPATH=/usr/lib64/python-exec/python3.11:/mnt/host/source/src/platform/ec/zephyr/zmake:/usr/lib/python311.zip:/usr/lib/python3.11:/usr/lib/python3.11/lib-dynload:/usr/lib/python3.11/site-packages PW_PIGWEED_CIPD_INSTALL_DIR=/usr CROSTC_USER_ACKNOWLEDGES_THAT_RISCV_IS_EXPERIMENTAL=1 PATH=/mnt/host/source/chromite/bin:/usr/local/bin:/usr/bin:/bin:/opt/bin:/mnt/host/source/chromite/sdk/bin:/mnt/host/source/chromite/bin HOME=/home/jpmurphy JAVA_HOME=/etc/java-config-2/current-system-vm JDK_HOME=/etc/java-config-2/current-system-vm JAVAC=/etc/java-config-2/current-system-vm/bin/javac MAKEFLAGS=' -j16 --jobserver-auth=5,6' /usr/bin/cmake -S /mnt/host/source/src/platform/ec/zephyr/program/nissa -B /mnt/host/source/src/platform/ec/build/zephyr/guren/build-rw -GNinja -DCMAKE_EXPORT_COMPILE_COMMANDS=ON -DZEPHYR_BASE=/mnt/host/source/src/third_party/zephyr/main -DZMAKE_INCLUDE_DIR=/mnt/host/source/src/platform/ec/build/zephyr/guren/include -DPython3_EXECUTABLE=/usr/bin/python3.11 -DDTS_ROOT=/mnt/host/source/src/platform/ec/zephyr -DSYSCALL_INCLUDE_DIRS=/mnt/host/source/src/platform/ec/zephyr/include/drivers -DUSER_CACHE_DIR=/mnt/host/source/src/platform/ec/build/zephyr/user-cache '-DEXTRA_EC_VERSION_FLAGS=--version 16543.0.0 --static' -DTOOLCHAIN_ROOT=/mnt/host/source/src/platform/ec/zephyr -DCOREBOOT_SDK_ROOT_x86=/home/jpmurphy/.cache/coreboot-sdk/i386-elf/dfbb0486385d938cfa9d73080b9d18d598ed4f49 -DCOREBOOT_SDK_ROOT_picolibc_x86=/home/jpmurphy/.cache/coreboot-sdk/picolibc-i386-elf/eb8e8e687b95461de8cbf278f1c2076952d0ad17 -DCOREBOOT_SDK_ROOT_riscv64=/home/jpmurphy/.cache/coreboot-sdk/riscv64-elf/96b949749225b6aaa92ed810ab769e8dfb12f000 -DCOREBOOT_SDK_ROOT_picolibc_arm=/home/jpmurphy/.cache/coreboot-sdk/picolibc-arm-eabi/422a2aa3e1ef891b5bece9a3deb696ff83840d2e -DCOREBOOT_SDK_ROOT_nds32=/home/jpmurphy/.cache/coreboot-sdk/nds32le-elf/d1a518c4a097666d86058e1444f85ca015d15511 -DCOREBOOT_SDK_ROOT_picolibc_riscv64=/home/jpmurphy/.cache/coreboot-sdk/picolibc-riscv64-elf/f571e990ef0278564b31124f8bb109d9a697eb69 -DCOREBOOT_SDK_ROOT_arm=/home/jpmurphy/.cache/coreboot-sdk/arm-eabi/ea40ddd1d190c3b48435c474c0b545719371813a -DCOREBOOT_SDK_ROOT_libstdcxx_riscv64=/home/jpmurphy/.cache/coreboot-sdk/libstdcxx-riscv64-elf/17abf22a3a252e2d5d2062ced5324f7a623689e0 -DCOREBOOT_SDK_ROOT_libstdcxx_arm=/home/jpmurphy/.cache/coreboot-sdk/libstdcxx-arm-eabi/5d7d82e150e44aa1968f1d366e267e6687b328ac -DCOREBOOT_SDK_ROOT_riscv=/home/jpmurphy/.cache/coreboot-sdk/riscv-elf/9a27b9e82341c6e9126624f516ab3f261abb3e73 -DCOREBOOT_SDK_ROOT_libstdcxx_x86=/home/jpmurphy/.cache/coreboot-sdk/libstdcxx-i386-elf/42ef9d2e87a76a37963175d7d428734e65648b87 -DZEPHYR_TOOLCHAIN_VARIANT=coreboot-sdk '-DZEPHYR_MODULES=/mnt/host/source/src/platform/ec/build/zephyr/guren/modules/cmsis;/mnt/host/source/src/platform/ec/build/zephyr/guren/modules/cmsis_6;/mnt/host/source/src/platform/ec/build/zephyr/guren/modules/ec' -DDTC_OVERLAY_FILE=/mnt/host/source/src/platform/ec/zephyr/program/nissa/guren/project.overlay -DBOARD=npcx9/npcx9m3f -DCMAKE_C_FLAGS=-DSECTION_IS_RW '-DCONF_FILE=/mnt/host/source/src/platform/ec/zephyr/program/nissa/program.conf;/mnt/host/source/src/platform/ec/zephyr/program/nissa/npcx_program.conf;/mnt/host/source/src/platform/ec/zephyr/program/nissa/guren/project.conf;/mnt/host/source/src/platform/ec/build/zephyr/guren/kconfig-rw.conf'`
[guren:rw] -- Application: /mnt/host/source/src/platform/ec/zephyr/program/nissa
[guren:rw] Loading Zephyr default modules (Zephyr base (cached)).
[yavilla:ro] [379/382] Building C object zephyr/kernel/CMakeFiles/kernel.dir/events.c.obj
[yavilla:ro] [380/382] Building C object zephyr/kernel/CMakeFiles/kernel.dir/poll.c.obj
[greenbayupoc:rw] [18/374] Building C object zephyr/CMakeFiles/zephyr.dir/lib/os/cbprintf.c.obj
[greenbayupoc:rw] [19/374] Building C object zephyr/CMakeFiles/zephyr.dir/lib/utils/dec.c.obj
[yavilla:ro] [381/382] Building C object zephyr/kernel/CMakeFiles/kernel.dir/sched.c.obj
[greenbayupoc:rw] [20/374] Building C object zephyr/CMakeFiles/zephyr.dir/lib/utils/hex.c.obj
[greenbayupoc:ro] [1/374] Preparing syscall dependency handling
[greenbayupoc:rw] [21/374] Building C object zephyr/CMakeFiles/zephyr.dir/lib/os/cbprintf_nano.c.obj
Running `env -i PYTHONPATH=/usr/lib64/python-exec/python3.11:/mnt/host/source/src/platform/ec/zephyr/zmake:/usr/lib/python311.zip:/usr/lib/python3.11:/usr/lib/python3.11/lib-dynload:/usr/lib/python3.11/site-packages PW_PIGWEED_CIPD_INSTALL_DIR=/usr CROSTC_USER_ACKNOWLEDGES_THAT_RISCV_IS_EXPERIMENTAL=1 PATH=/mnt/host/source/chromite/bin:/usr/local/bin:/usr/bin:/bin:/opt/bin:/mnt/host/source/chromite/sdk/bin:/mnt/host/source/chromite/bin HOME=/home/jpmurphy JAVA_HOME=/etc/java-config-2/current-system-vm JDK_HOME=/etc/java-config-2/current-system-vm JAVAC=/etc/java-config-2/current-system-vm/bin/javac MAKEFLAGS=' -j16 --jobserver-auth=5,6' /usr/bin/lcov --gcov-tool /mnt/host/source/src/platform/ec/build/zephyr/rauru/build-rw/gcov.sh -q -o - -c -d /mnt/host/source/src/platform/ec/build/zephyr/rauru -t rauru --rc branch_coverage=1 --filter range --ignore-errors inconsistent,source --ignore-errors gcov,gcov -i`
[greenbayupoc:ro] [2/374] Generating misc/generated/syscalls_subdirs.trigger
[yavilla:ro] [382/382] Linking C static library zephyr/kernel/libkernel.a
Toolchain <zmake.toolchains.CorebootSdkToolchain object at 0x7f412047db10> selected by probe function.
[brox-ish] Building in /mnt/host/source/src/platform/ec/build/zephyr/brox-ish.
[guren:ro] Configuring.
Running `env -i PYTHONPATH=/usr/lib64/python-exec/python3.11:/mnt/host/source/src/platform/ec/zephyr/zmake:/usr/lib/python311.zip:/usr/lib/python3.11:/usr/lib/python3.11/lib-dynload:/usr/lib/python3.11/site-packages PW_PIGWEED_CIPD_INSTALL_DIR=/usr CROSTC_USER_ACKNOWLEDGES_THAT_RISCV_IS_EXPERIMENTAL=1 PATH=/mnt/host/source/chromite/bin:/usr/local/bin:/usr/bin:/bin:/opt/bin:/mnt/host/source/chromite/sdk/bin:/mnt/host/source/chromite/bin HOME=/home/jpmurphy JAVA_HOME=/etc/java-config-2/current-system-vm JDK_HOME=/etc/java-config-2/current-system-vm JAVAC=/etc/java-config-2/current-system-vm/bin/javac MAKEFLAGS=' -j16 --jobserver-auth=5,6' /usr/bin/cmake -S /mnt/host/source/src/platform/ec/zephyr/program/nissa -B /mnt/host/source/src/platform/ec/build/zephyr/guren/build-ro -GNinja -DCMAKE_EXPORT_COMPILE_COMMANDS=ON -DZEPHYR_BASE=/mnt/host/source/src/third_party/zephyr/main -DZMAKE_INCLUDE_DIR=/mnt/host/source/src/platform/ec/build/zephyr/guren/include -DPython3_EXECUTABLE=/usr/bin/python3.11 -DDTS_ROOT=/mnt/host/source/src/platform/ec/zephyr -DSYSCALL_INCLUDE_DIRS=/mnt/host/source/src/platform/ec/zephyr/include/drivers -DUSER_CACHE_DIR=/mnt/host/source/src/platform/ec/build/zephyr/user-cache '-DEXTRA_EC_VERSION_FLAGS=--version 16543.0.0 --static' -DTOOLCHAIN_ROOT=/mnt/host/source/src/platform/ec/zephyr -DCOREBOOT_SDK_ROOT_x86=/home/jpmurphy/.cache/coreboot-sdk/i386-elf/dfbb0486385d938cfa9d73080b9d18d598ed4f49 -DCOREBOOT_SDK_ROOT_picolibc_x86=/home/jpmurphy/.cache/coreboot-sdk/picolibc-i386-elf/eb8e8e687b95461de8cbf278f1c2076952d0ad17 -DCOREBOOT_SDK_ROOT_riscv64=/home/jpmurphy/.cache/coreboot-sdk/riscv64-elf/96b949749225b6aaa92ed810ab769e8dfb12f000 -DCOREBOOT_SDK_ROOT_picolibc_arm=/home/jpmurphy/.cache/coreboot-sdk/picolibc-arm-eabi/422a2aa3e1ef891b5bece9a3deb696ff83840d2e -DCOREBOOT_SDK_ROOT_nds32=/home/jpmurphy/.cache/coreboot-sdk/nds32le-elf/d1a518c4a097666d86058e1444f85ca015d15511 -DCOREBOOT_SDK_ROOT_picolibc_riscv64=/home/jpmurphy/.cache/coreboot-sdk/picolibc-riscv64-elf/f571e990ef0278564b31124f8bb109d9a697eb69 -DCOREBOOT_SDK_ROOT_arm=/home/jpmurphy/.cache/coreboot-sdk/arm-eabi/ea40ddd1d190c3b48435c474c0b545719371813a -DCOREBOOT_SDK_ROOT_libstdcxx_riscv64=/home/jpmurphy/.cache/coreboot-sdk/libstdcxx-riscv64-elf/17abf22a3a252e2d5d2062ced5324f7a623689e0 -DCOREBOOT_SDK_ROOT_libstdcxx_arm=/home/jpmurphy/.cache/coreboot-sdk/libstdcxx-arm-eabi/5d7d82e150e44aa1968f1d366e267e6687b328ac -DCOREBOOT_SDK_ROOT_riscv=/home/jpmurphy/.cache/coreboot-sdk/riscv-elf/9a27b9e82341c6e9126624f516ab3f261abb3e73 -DCOREBOOT_SDK_ROOT_libstdcxx_x86=/home/jpmurphy/.cache/coreboot-sdk/libstdcxx-i386-elf/42ef9d2e87a76a37963175d7d428734e65648b87 -DZEPHYR_TOOLCHAIN_VARIANT=coreboot-sdk '-DZEPHYR_MODULES=/mnt/host/source/src/platform/ec/build/zephyr/guren/modules/cmsis;/mnt/host/source/src/platform/ec/build/zephyr/guren/modules/cmsis_6;/mnt/host/source/src/platform/ec/build/zephyr/guren/modules/ec' -DDTC_OVERLAY_FILE=/mnt/host/source/src/platform/ec/zephyr/program/nissa/guren/project.overlay -DBOARD=npcx9/npcx9m3f -DCMAKE_C_FLAGS=-DSECTION_IS_RO '-DCONF_FILE=/mnt/host/source/src/platform/ec/zephyr/program/nissa/program.conf;/mnt/host/source/src/platform/ec/zephyr/program/nissa/npcx_program.conf;/mnt/host/source/src/platform/ec/zephyr/program/nissa/guren/project.conf;/mnt/host/source/src/platform/ec/build/zephyr/guren/kconfig-ro.conf'`
[guren:ro] -- Application: /mnt/host/source/src/platform/ec/zephyr/program/nissa
[guren:ro] Loading Zephyr default modules (Zephyr base (cached)).
[greenbayupoc:rw] [22/374] Building C object zephyr/CMakeFiles/zephyr.dir/lib/os/assert.c.obj
[vader:rw] -- Found Python3: /usr/bin/python3.11 (found suitable version "3.11.11", minimum required is "3.10") found components: Interpreter
[vader:ro] -- Found Python3: /usr/bin/python3.11 (found suitable version "3.11.11", minimum required is "3.10") found components: Interpreter
[vader:ro] -- Cache files will be written to: /mnt/host/source/src/platform/ec/build/zephyr/user-cache
[vader:ro] -- Zephyr version: 4.3.99 (/mnt/host/source/src/third_party/zephyr/main)
[greenbayupoc:rw] [23/374] Building C object zephyr/CMakeFiles/zephyr.dir/lib/utils/timeutil.c.obj
[greenbayupoc:rw] [24/374] Building C object zephyr/CMakeFiles/zephyr.dir/lib/utils/bitmask.c.obj
[vader:rw] -- Cache files will be written to: /mnt/host/source/src/platform/ec/build/zephyr/user-cache
[vader:rw] -- Zephyr version: 4.3.99 (/mnt/host/source/src/third_party/zephyr/main)
[guren:rw] -- CMake version: 3.31.7
[guren:rw] -- Found Python3: /usr/bin/python3.11 (found suitable version "3.11.11", minimum required is "3.10") found components: Interpreter
[guren:rw] -- Cache files will be written to: /mnt/host/source/src/platform/ec/build/zephyr/user-cache
[guren:rw] -- Zephyr version: 4.3.99 (/mnt/host/source/src/third_party/zephyr/main)
[greenbayupoc:rw] [25/374] Building C object zephyr/CMakeFiles/zephyr.dir/lib/utils/last_section_id.c.obj
[greenbayupoc:rw] [26/374] Building C object zephyr/CMakeFiles/zephyr.dir/lib/utils/ring_buffer.c.obj
[greenbayupoc:ro] [3/374] Generating include/generated/zephyr/version.h
[greenbayupoc:ro] -- git describe warned: warning: tag 'upstream/v2.7.99' is externally known as 'v2.7.99'
[greenbayupoc:rw] [27/374] Building C object zephyr/CMakeFiles/zephyr.dir/lib/utils/rb.c.obj
[greenbayupoc:rw] [28/374] Building ASM object zephyr/CMakeFiles/zephyr.dir/soc/ite/ec/common/soc_irq.S.obj
[guren:ro] -- CMake version: 3.31.7
[guren:ro] -- Found Python3: /usr/bin/python3.11 (found suitable version "3.11.11", minimum required is "3.10") found components: Interpreter
[guren:ro] -- Cache files will be written to: /mnt/host/source/src/platform/ec/build/zephyr/user-cache
[guren:ro] -- Zephyr version: 4.3.99 (/mnt/host/source/src/third_party/zephyr/main)
[greenbayupoc:ro] -- Zephyr version: 4.3.99 (/mnt/host/source/src/third_party/zephyr/main)
[greenbayupoc:ro] [4/374] cd /mnt/host/source/src/platform/ec/build/zephyr/greenbayupoc/build-ro/modules/ec/zephyr && PYTHONPATH=/mnt/host/source/src/platform/ec/build/zephyr/greenbayupoc/modules/ec/zephyr/zmake/ /usr/bin/python3.11 /mnt/host/source/src/platform/ec/build/zephyr/greenbayupoc/modules/ec/zephyr/zmake/zephyr_build_tools/generate_ec_version.py /mnt/host/source/src/platform/ec/build/zephyr/greenbayupoc/build-ro/modules/ec/zephyr/include/ec_version.h --name Zephyr-Kernel --version 16543.0.0 --static
[greenbayupoc:ro] INFO:root:Using a static version string
[greenbayupoc:rw] [29/374] Building C object zephyr/CMakeFiles/zephyr.dir/lib/utils/bitarray.c.obj
[greenbayupoc:rw] [30/374] Building C object zephyr/CMakeFiles/zephyr.dir/lib/utils/getopt/getopt.c.obj
[greenbayupoc:rw] [31/374] Building C object zephyr/CMakeFiles/zephyr.dir/misc/generated/configs.c.obj
[greenbayupoc:rw] [32/374] Building C object zephyr/CMakeFiles/zephyr.dir/lib/utils/getopt/getopt_common.c.obj
[greenbayupoc:rw] [33/374] Building C object zephyr/CMakeFiles/zephyr.dir/soc/ite/ec/common/power.c.obj
[greenbayupoc:rw] [34/374] Building C object zephyr/CMakeFiles/zephyr.dir/soc/ite/ec/common/soc_common_irq.c.obj
[greenbayupoc:rw] [35/374] Building ASM object zephyr/CMakeFiles/zephyr.dir/soc/ite/ec/it8xxx2/vector.S.obj
[/mnt/host/source/src/platform/ec/build/zephyr/rauru-lcov] geninfo: WARNING: using JSON module "JSON::PP" - which is much slower than some alternatives.  Consider installing one of JSON::XS or Cpanel::JSON::XS
[greenbayupoc:ro] INFO:root:Version string: Zephyr-Kernel-16543.0.0
[greenbayupoc:ro] INFO:root:Writing header to /mnt/host/source/src/platform/ec/build/zephyr/greenbayupoc/build-ro/modules/ec/zephyr/include/ec_version.h
[greenbayupoc:ro] [5/374] Generating misc/generated/syscalls.json, misc/generated/struct_tags.json
[greenbayupoc:rw] [36/374] Building C object zephyr/CMakeFiles/zephyr.dir/soc/ite/ec/it8xxx2/check_regs.c.obj
[greenbayupoc:rw] [37/374] Building C object zephyr/CMakeFiles/zephyr.dir/soc/ite/ec/common/policy.c.obj
[greenbayupoc:ro] [6/374] Generating include/generated/zephyr/syscall_dispatch.c, include/generated/zephyr/syscall_exports_llext.c, syscall_weakdefs_llext.c, include/generated/zephyr/syscall_list.h
[greenbayupoc:rw] [38/374] Building C object zephyr/CMakeFiles/zephyr.dir/soc/ite/ec/it8xxx2/soc.c.obj
[greenbayupoc:rw] [39/374] Building C object zephyr/CMakeFiles/zephyr.dir/subsys/pm/state.c.obj
[greenbayupoc:rw] [40/374] Building C object zephyr/CMakeFiles/zephyr.dir/subsys/logging/log_minimal.c.obj
[greenbayupoc:rw] [41/374] Building C object zephyr/CMakeFiles/zephyr.dir/soc/ite/ec/it8xxx2/ilm.c.obj
[greenbayupoc:ro] [7/374] Generating include/generated/zephyr/driver-validation.h
[greenbayupoc:rw] [42/374] Building C object zephyr/CMakeFiles/zephyr.dir/subsys/pm/policy/policy_events.c.obj
[vader:ro] -- Board: npcx9, qualifiers: npcx9m7fb
[greenbayupoc:rw] [43/374] Building C object zephyr/CMakeFiles/zephyr.dir/subsys/pm/pm.c.obj
[greenbayupoc:rw] [44/374] Building C object zephyr/CMakeFiles/zephyr.dir/subsys/pm/policy/policy_latency.c.obj
[greenbayupoc:ro] [8/374] Generating include/generated/zephyr/kobj-types-enum.h, include/generated/zephyr/otype-to-str.h, include/generated/zephyr/otype-to-size.h
[vader:rw] -- Board: npcx9, qualifiers: npcx9m7fb
[greenbayupoc:ro] [9/374] Generating include/generated/device-api-sections.ld, include/generated/device-api-sections.cmake
[greenbayupoc:rw] [45/374] Building C object zephyr/CMakeFiles/zephyr.dir/subsys/pm/policy/policy_state_lock.c.obj
[guren:rw] -- Board: npcx9, qualifiers: npcx9m3f
[greenbayupoc:rw] [46/374] Building C object zephyr/CMakeFiles/zephyr.dir/subsys/pm/device.c.obj
[/mnt/host/source/src/platform/ec/build/zephyr/rauru-lcov] stderr:
[guren:ro] -- Board: npcx9, qualifiers: npcx9m3f
[greenbayupoc:rw] [47/374] Building C object zephyr/CMakeFiles/zephyr.dir/subsys/pm/device_system_managed.c.obj
[greenbayupoc:rw] [48/374] Building C object zephyr/CMakeFiles/zephyr.dir/subsys/pm/device_runtime.c.obj
[greenbayupoc:rw] [49/374] Building C object zephyr/CMakeFiles/zephyr.dir/subsys/testsuite/coverage/coverage.c.obj
[greenbayupoc:rw] [50/374] Building C object zephyr/CMakeFiles/zephyr.dir/subsys/tracing/tracing_none.c.obj
[greenbayupoc:rw] [51/374] Building C object zephyr/CMakeFiles/zephyr.dir/subsys/shell/modules/kernel_service/kernel_shell.c.obj
[greenbayupoc:rw] [52/374] Building C object zephyr/CMakeFiles/zephyr.dir/subsys/shell/modules/kernel_service/cycles.c.obj
[greenbayupoc:rw] [53/374] Building C object zephyr/CMakeFiles/zephyr.dir/subsys/shell/modules/kernel_service/sleep.c.obj
[/mnt/host/source/src/platform/ec/build/zephyr/markarth-lcov]   /mnt/host/source/src/platform/ec/build/zephyr/markarth/build-rw/CMakeFiles/app.dir/mnt/host/source/src/platform/ec/build/zephyr/markarth/modules/ec/common/usb_pd_pdo.c.gcno:no functions found
[/mnt/host/source/src/platform/ec/build/zephyr/markarth-lcov] stderr:
[greenbayupoc:rw] [54/374] Building C object zephyr/CMakeFiles/zephyr.dir/subsys/shell/modules/kernel_service/uptime.c.obj
[greenbayupoc:ro] [10/374] Building C object zephyr/CMakeFiles/offsets.dir/arch/riscv/core/offsets/offsets.c.obj
[greenbayupoc:rw] [55/374] Building C object zephyr/CMakeFiles/zephyr.dir/subsys/shell/modules/kernel_service/version.c.obj
[greenbayupoc:ro] [11/374] Generating include/generated/zephyr/offsets.h
[/mnt/host/source/src/platform/ec/build/zephyr/rauru-lcov]   /mnt/host/source/src/platform/ec/build/zephyr/rauru/build-ro/modules/ec/zephyr/CMakeFiles/ec_shim.dir/shim/src/power.c.gcno:no functions found
[/mnt/host/source/src/platform/ec/build/zephyr/rauru-lcov] stderr:
[greenbayupoc:rw] [56/374] Building C object zephyr/CMakeFiles/zephyr.dir/subsys/shell/modules/kernel_service/thread/thread.c.obj
[greenbayupoc:rw] [57/374] Building C object zephyr/CMakeFiles/zephyr.dir/subsys/shell/modules/kernel_service/thread/list.c.obj
[greenbayupoc:rw] [58/374] Building C object zephyr/CMakeFiles/zephyr.dir/subsys/shell/modules/kernel_service/thread/stacks.c.obj
[greenbayupoc:rw] [59/374] Building C object zephyr/CMakeFiles/zephyr.dir/subsys/shell/modules/kernel_service/thread/unwind.c.obj
[greenbayupoc:rw] [60/374] Building C object zephyr/CMakeFiles/zephyr.dir/subsys/shell/modules/kernel_service/thread/suspend.c.obj
[greenbayupoc:rw] [61/374] Building C object zephyr/CMakeFiles/zephyr.dir/subsys/shell/modules/kernel_service/thread/kill.c.obj
[/mnt/host/source/src/platform/ec/build/zephyr/rauru-lcov]   /mnt/host/source/src/platform/ec/build/zephyr/rauru/build-ro/modules/ec/zephyr/CMakeFiles/ec_shim.dir/shim/src/battery.c.gcno:no functions found
[/mnt/host/source/src/platform/ec/build/zephyr/rauru-lcov] stderr:
[greenbayupoc:rw] [62/374] Building C object zephyr/CMakeFiles/zephyr.dir/subsys/shell/modules/kernel_service/thread/resume.c.obj
[/mnt/host/source/src/platform/ec/build/zephyr/rauru-lcov]   /mnt/host/source/src/platform/ec/build/zephyr/rauru/build-ro/modules/ec/zephyr/CMakeFiles/ec_shim.dir/shim/src/charger.c.gcno:no functions found
[/mnt/host/source/src/platform/ec/build/zephyr/rauru-lcov] stderr:
[greenbayupoc:rw] [63/374] Building C object zephyr/CMakeFiles/zephyr.dir/subsys/shell/backends/shell_uart.c.obj
[greenbayupoc:rw] [64/374] Building C object zephyr/CMakeFiles/zephyr.dir/subsys/shell/shell_fprintf.c.obj
[greenbayupoc:ro] [12/374] Building C object CMakeFiles/app.dir/mnt/host/source/src/platform/ec/zephyr/subsys/ap_pwrseq/ap_events.c.obj
[vader:rw] -- Found Dtc: /usr/bin/dtc (found suitable version "1.6.0", minimum required is "1.4.6")
[vader:rw] -- Found BOARD.dts: /mnt/host/source/src/platform/ec/zephyr/boards/google/npcx9/npcx9_npcx9m7fb.dts
[vader:rw] -- Found devicetree overlay: /mnt/host/source/src/platform/ec/zephyr/program/skywalker/vader/project.overlay
[vader:ro] -- Found Dtc: /usr/bin/dtc (found suitable version "1.6.0", minimum required is "1.4.6")
[vader:ro] -- Found BOARD.dts: /mnt/host/source/src/platform/ec/zephyr/boards/google/npcx9/npcx9_npcx9m7fb.dts
[vader:ro] -- Found devicetree overlay: /mnt/host/source/src/platform/ec/zephyr/program/skywalker/vader/project.overlay
[greenbayupoc:rw] [65/374] Building C object zephyr/CMakeFiles/zephyr.dir/subsys/shell/shell_history.c.obj
[greenbayupoc:rw] [66/374] Building C object zephyr/arch/common/CMakeFiles/arch__common.dir/sw_isr_common.c.obj
[greenbayupoc:rw] [67/374] Building C object zephyr/CMakeFiles/zephyr.dir/subsys/shell/shell_utils.c.obj
[greenbayupoc:rw] [68/374] Building C object zephyr/CMakeFiles/zephyr.dir/subsys/shell/shell_help.c.obj
[greenbayupoc:rw] [69/374] Building C object zephyr/CMakeFiles/zephyr.dir/drivers/flash/flash_util.c.obj
[greenbayupoc:rw] [70/374] Building C object zephyr/CMakeFiles/zephyr.dir/subsys/shell/shell_ops.c.obj
[guren:ro] -- Found Dtc: /usr/bin/dtc (found suitable version "1.6.0", minimum required is "1.4.6")
[guren:ro] -- Found BOARD.dts: /mnt/host/source/src/platform/ec/zephyr/boards/google/npcx9/npcx9_npcx9m3f.dts
[guren:ro] -- Found devicetree overlay: /mnt/host/source/src/platform/ec/zephyr/program/nissa/guren/project.overlay
[greenbayupoc:rw] [71/374] Building C object zephyr/CMakeFiles/zephyr.dir/subsys/shell/shell.c.obj
[greenbayupoc:rw] [72/374] Building C object zephyr/arch/common/CMakeFiles/arch__common.dir/init.c.obj
[guren:rw] -- Found Dtc: /usr/bin/dtc (found suitable version "1.6.0", minimum required is "1.4.6")
[guren:rw] -- Found BOARD.dts: /mnt/host/source/src/platform/ec/zephyr/boards/google/npcx9/npcx9_npcx9m3f.dts
[guren:rw] -- Found devicetree overlay: /mnt/host/source/src/platform/ec/zephyr/program/nissa/guren/project.overlay
[/mnt/host/source/src/platform/ec/build/zephyr/rauru-lcov]   /mnt/host/source/src/platform/ec/build/zephyr/rauru/build-ro/modules/ec/zephyr/CMakeFiles/ec_shim.dir/shim/src/usb_muxes.c.gcno:no functions found
[/mnt/host/source/src/platform/ec/build/zephyr/rauru-lcov] stderr:
[greenbayupoc:rw] [73/374] Building C object zephyr/arch/common/CMakeFiles/arch__common.dir/dynamic_isr.c.obj
[greenbayupoc:rw] [74/374] Linking C static library zephyr/libzephyr.a
[greenbayupoc:rw] [75/374] Building C object zephyr/arch/arch/riscv/core/CMakeFiles/arch__riscv__core.dir/prep_c.c.obj
[greenbayupoc:rw] [76/374] Building C object zephyr/arch/arch/riscv/core/CMakeFiles/arch__riscv__core.dir/cpu_idle.c.obj
[greenbayupoc:rw] [77/374] Building C object zephyr/arch/common/CMakeFiles/arch__common.dir/xip.c.obj
[greenbayupoc:rw] [78/374] Building C object zephyr/arch/common/CMakeFiles/isr_tables.dir/isr_tables.c.obj
[greenbayupoc:ro] [13/374] Building C object CMakeFiles/app.dir/mnt/host/source/src/platform/ec/zephyr/subsys/ap_pwrseq/ap_power_interface.c.obj
[greenbayupoc:rw] [79/374] Linking C static library zephyr/arch/common/libisr_tables.a
[/mnt/host/source/src/platform/ec/build/zephyr/rauru-lcov]   /mnt/host/source/src/platform/ec/build/zephyr/rauru/build-ro/modules/ec/zephyr/CMakeFiles/ec_shim.dir/shim/src/usba.c.gcno:no functions found
[/mnt/host/source/src/platform/ec/build/zephyr/rauru-lcov] stderr:
[greenbayupoc:rw] [80/374] Linking C static library zephyr/arch/common/libarch__common.a
[greenbayupoc:rw] [81/374] Building C object zephyr/arch/arch/riscv/core/CMakeFiles/arch__riscv__core.dir/fatal.c.obj
[greenbayupoc:rw] [82/374] Building ASM object zephyr/arch/arch/riscv/core/CMakeFiles/arch__riscv__core.dir/reset.S.obj
[greenbayupoc:rw] [83/374] Building C object zephyr/arch/arch/riscv/core/CMakeFiles/arch__riscv__core.dir/irq_manage.c.obj
[greenbayupoc:rw] [84/374] Generating ../../../include/generated/libc/minimal/strerror_table.h
[greenbayupoc:rw] [85/374] Building C object zephyr/lib/libc/common/CMakeFiles/lib__libc__common.dir/source/time/gmtime_r.c.obj
[greenbayupoc:rw] [86/374] Building C object zephyr/arch/arch/riscv/core/CMakeFiles/arch__riscv__core.dir/reboot.c.obj
[greenbayupoc:rw] [87/374] Building C object zephyr/lib/libc/minimal/CMakeFiles/lib__libc__minimal.dir/source/stdlib/atoi.c.obj
[greenbayupoc:rw] [88/374] Building C object zephyr/lib/libc/minimal/CMakeFiles/lib__libc__minimal.dir/source/stdlib/strtol.c.obj
[greenbayupoc:rw] [89/374] Building C object zephyr/lib/libc/common/CMakeFiles/lib__libc__common.dir/source/time/asctime.c.obj
[greenbayupoc:rw] [90/374] Building C object zephyr/arch/arch/riscv/core/CMakeFiles/arch__riscv__core.dir/thread.c.obj
[greenbayupoc:rw] [91/374] Building C object zephyr/lib/libc/minimal/CMakeFiles/lib__libc__minimal.dir/source/stdlib/strtoul.c.obj
[greenbayupoc:rw] [92/374] Building C object zephyr/lib/libc/minimal/CMakeFiles/lib__libc__minimal.dir/source/stdlib/strtoll.c.obj
[greenbayupoc:rw] [93/374] Building ASM object zephyr/arch/arch/riscv/core/CMakeFiles/arch__riscv__core.dir/switch.S.obj
[greenbayupoc:rw] [94/374] Building ASM object zephyr/arch/arch/riscv/core/CMakeFiles/arch__riscv__core.dir/isr.S.obj
[greenbayupoc:rw] [95/374] Building C object zephyr/arch/arch/riscv/core/CMakeFiles/arch__riscv__core.dir/stacktrace.c.obj
[greenbayupoc:rw] [96/374] Linking C static library zephyr/arch/arch/riscv/core/libarch__riscv__core.a
[greenbayupoc:rw] [97/374] Building C object zephyr/lib/libc/minimal/CMakeFiles/lib__libc__minimal.dir/source/stdlib/bsearch.c.obj
[greenbayupoc:ro] [14/374] Building C object CMakeFiles/app.dir/mnt/host/source/src/platform/ec/zephyr/subsys/ap_pwrseq/power_signals.c.obj
[greenbayupoc:rw] [98/374] Building C object zephyr/lib/libc/minimal/CMakeFiles/lib__libc__minimal.dir/source/stdlib/strtoull.c.obj
[greenbayupoc:rw] [99/374] Building C object zephyr/lib/libc/minimal/CMakeFiles/lib__libc__minimal.dir/source/string/strncasecmp.c.obj
[greenbayupoc:rw] [100/374] Building C object zephyr/lib/libc/minimal/CMakeFiles/lib__libc__minimal.dir/source/string/strstr.c.obj
[greenbayupoc:rw] [101/374] Building C object zephyr/lib/libc/minimal/CMakeFiles/lib__libc__minimal.dir/source/string/string.c.obj
[greenbayupoc:rw] [102/374] Building C object zephyr/lib/libc/common/CMakeFiles/lib__libc__common.dir/source/stdlib/abort.c.obj
[greenbayupoc:rw] [103/374] Building C object zephyr/lib/libc/minimal/CMakeFiles/lib__libc__minimal.dir/source/string/strerror.c.obj
[greenbayupoc:rw] [104/374] Building C object zephyr/lib/libc/minimal/CMakeFiles/lib__libc__minimal.dir/source/stdlib/qsort.c.obj
[greenbayupoc:rw] [105/374] Building C object zephyr/lib/libc/minimal/CMakeFiles/lib__libc__minimal.dir/source/string/strspn.c.obj
[vader:ro] node '/batteries/swd_atl4_106' compatible 'swd,swd-atl4-106' has unknown vendor prefix 'swd'
[vader:ro] node '/batteries/swd_cos4_122' compatible 'swd,swd-cos4-122' has unknown vendor prefix 'swd'
[vader:ro] node '/batteries/atl_atl4_106' compatible 'nvt,atl-atl4-106' has unknown vendor prefix 'nvt'
[greenbayupoc:rw] [106/374] Building C object zephyr/lib/libc/common/CMakeFiles/lib__libc__common.dir/source/time/ctime.c.obj
[greenbayupoc:rw] [107/374] Building C object zephyr/lib/libc/minimal/CMakeFiles/lib__libc__minimal.dir/source/math/sqrt.c.obj
[greenbayupoc:rw] [108/374] Building C object zephyr/lib/libc/minimal/CMakeFiles/lib__libc__minimal.dir/source/math/sqrtf.c.obj
[greenbayupoc:rw] [109/374] Building C object zephyr/lib/libc/common/CMakeFiles/lib__libc__common.dir/source/time/localtime_r_utc.c.obj
[greenbayupoc:rw] [110/374] Building C object zephyr/lib/libc/minimal/CMakeFiles/lib__libc__minimal.dir/source/stdlib/exit.c.obj
[vader:rw] node '/batteries/swd_atl4_106' compatible 'swd,swd-atl4-106' has unknown vendor prefix 'swd'
[vader:rw] node '/batteries/swd_cos4_122' compatible 'swd,swd-cos4-122' has unknown vendor prefix 'swd'
[vader:rw] node '/batteries/atl_atl4_106' compatible 'nvt,atl-atl4-106' has unknown vendor prefix 'nvt'
[vader:ro] -- Generated zephyr.dts: /mnt/host/source/src/platform/ec/build/zephyr/vader/build-ro/zephyr/zephyr.dts
[greenbayupoc:rw] [111/374] Building C object zephyr/lib/libc/common/CMakeFiles/lib__libc__common.dir/source/string/strnlen.c.obj
[greenbayupoc:rw] [112/374] Building C object zephyr/lib/libc/minimal/CMakeFiles/lib__libc__minimal.dir/source/stdout/sprintf.c.obj
[greenbayupoc:rw] [113/374] Building C object zephyr/lib/libc/minimal/CMakeFiles/lib__libc__minimal.dir/source/stdout/fprintf.c.obj
[greenbayupoc:rw] [114/374] Building C object zephyr/lib/libc/common/CMakeFiles/lib__libc__common.dir/source/time/time.c.obj
[vader:rw] -- Generated zephyr.dts: /mnt/host/source/src/platform/ec/build/zephyr/vader/build-rw/zephyr/zephyr.dts
[vader:rw] -- Generated pickled edt: /mnt/host/source/src/platform/ec/build/zephyr/vader/build-rw/zephyr/edt.pickle
[greenbayupoc:rw] [115/374] Building C object zephyr/lib/libc/minimal/CMakeFiles/lib__libc__minimal.dir/source/stdout/stdout_console.c.obj
[greenbayupoc:rw] [116/374] Building C object zephyr/lib/posix/c_lib_ext/CMakeFiles/lib__posix__c_lib_ext.dir/fnmatch.c.obj
[greenbayupoc:rw] [117/374] Building C object zephyr/lib/libc/minimal/CMakeFiles/lib__libc__minimal.dir/source/time/gmtime.c.obj
[greenbayupoc:rw] [118/374] Building C object zephyr/subsys/crc/CMakeFiles/subsys__crc.dir/crc4_sw.c.obj
[greenbayupoc:rw] [119/374] Building C object zephyr/subsys/crc/CMakeFiles/subsys__crc.dir/crc8_sw.c.obj
[greenbayupoc:ro] [15/374] Building C object CMakeFiles/app.dir/mnt/host/source/src/platform/ec/zephyr/subsys/ap_pwrseq/signal_gpio.c.obj
[greenbayupoc:rw] [120/374] Linking C static library zephyr/lib/libc/minimal/liblib__libc__minimal.a
[greenbayupoc:rw] [121/374] Building C object zephyr/subsys/crc/CMakeFiles/subsys__crc.dir/crc16_sw.c.obj
[greenbayupoc:rw] [122/374] Building C object zephyr/subsys/crc/CMakeFiles/subsys__crc.dir/crc7_sw.c.obj
[greenbayupoc:rw] [123/374] Building C object zephyr/subsys/crc/CMakeFiles/subsys__crc.dir/crc24_sw.c.obj
[guren:ro] -- Generated zephyr.dts: /mnt/host/source/src/platform/ec/build/zephyr/guren/build-ro/zephyr/zephyr.dts
[guren:ro] -- Generated pickled edt: /mnt/host/source/src/platform/ec/build/zephyr/guren/build-ro/zephyr/edt.pickle
[greenbayupoc:rw] [124/374] Building C object zephyr/subsys/crc/CMakeFiles/subsys__crc.dir/crc32c_sw.c.obj
[greenbayupoc:rw] [125/374] Building C object zephyr/subsys/crc/CMakeFiles/subsys__crc.dir/crc32k_4_2_sw.c.obj
[greenbayupoc:rw] [126/374] Building C object zephyr/subsys/crc/CMakeFiles/subsys__crc.dir/crc32_sw.c.obj
[vader:ro] -- Generated pickled edt: /mnt/host/source/src/platform/ec/build/zephyr/vader/build-ro/zephyr/edt.pickle
[vader:ro] -- Generated devicetree_generated.h: /mnt/host/source/src/platform/ec/build/zephyr/vader/build-ro/zephyr/include/generated/zephyr/devicetree_generated.h
[greenbayupoc:rw] [127/374] Building C object zephyr/lib/libc/common/CMakeFiles/lib__libc__common.dir/source/stdlib/malloc.c.obj
[greenbayupoc:rw] [128/374] Building C object zephyr/lib/posix/c_lib_ext/CMakeFiles/lib__posix__c_lib_ext.dir/getopt_shim.c.obj
[greenbayupoc:rw] [129/374] Building C object zephyr/lib/posix/c_lib_ext/CMakeFiles/lib__posix__c_lib_ext.dir/getentropy.c.obj
[greenbayupoc:rw] [130/374] Linking C static library zephyr/subsys/crc/libsubsys__crc.a
[guren:rw] -- Generated zephyr.dts: /mnt/host/source/src/platform/ec/build/zephyr/guren/build-rw/zephyr/zephyr.dts
[guren:rw] -- Generated pickled edt: /mnt/host/source/src/platform/ec/build/zephyr/guren/build-rw/zephyr/edt.pickle
[greenbayupoc:rw] [131/374] Linking C static library zephyr/lib/libc/common/liblib__libc__common.a
[greenbayupoc:rw] [132/374] Linking C static library zephyr/lib/posix/c_lib_ext/liblib__posix__c_lib_ext.a
[vader:rw] -- Generated devicetree_generated.h: /mnt/host/source/src/platform/ec/build/zephyr/vader/build-rw/zephyr/include/generated/zephyr/devicetree_generated.h
[greenbayupoc:rw] [133/374] Building C object zephyr/subsys/input/CMakeFiles/subsys__input.dir/input_hid.c.obj
[greenbayupoc:rw] [134/374] Building C object zephyr/lib/smf/CMakeFiles/lib__smf.dir/smf.c.obj
[greenbayupoc:rw] [135/374] Linking C static library zephyr/lib/smf/liblib__smf.a
[greenbayupoc:rw] [136/374] Building C object zephyr/subsys/input/CMakeFiles/subsys__input.dir/input.c.obj
[guren:ro] -- Generated devicetree_generated.h: /mnt/host/source/src/platform/ec/build/zephyr/guren/build-ro/zephyr/include/generated/zephyr/devicetree_generated.h
[greenbayupoc:rw] [137/374] Building C object zephyr/drivers/interrupt_controller/CMakeFiles/drivers__interrupt_controller.dir/intc_ite_it8xxx2_v2.c.obj
[guren:rw] -- Generated devicetree_generated.h: /mnt/host/source/src/platform/ec/build/zephyr/guren/build-rw/zephyr/include/generated/zephyr/devicetree_generated.h
[greenbayupoc:rw] [138/374] Building C object zephyr/drivers/interrupt_controller/CMakeFiles/drivers__interrupt_controller.dir/wuc_ite_it8xxx2.c.obj
[greenbayupoc:rw] [139/374] Building C object zephyr/subsys/input/CMakeFiles/subsys__input.dir/input_utils.c.obj
[greenbayupoc:rw] [140/374] Building C object zephyr/drivers/adc/CMakeFiles/drivers__adc.dir/adc_common.c.obj
[greenbayupoc:rw] [141/374] Linking C static library zephyr/drivers/interrupt_controller/libdrivers__interrupt_controller.a
[greenbayupoc:rw] [142/374] Linking C static library zephyr/subsys/input/libsubsys__input.a
[/mnt/host/source/src/platform/ec/build/zephyr/rauru-lcov]   /mnt/host/source/src/platform/ec/build/zephyr/rauru/build-ro/modules/ec/zephyr/CMakeFiles/ec_shim.dir/shim/src/keyscan.c.gcno:no functions found
[/mnt/host/source/src/platform/ec/build/zephyr/rauru-lcov] stderr:
[greenbayupoc:rw] [143/374] Building C object zephyr/drivers/bbram/CMakeFiles/drivers__bbram.dir/bbram_it8xxx2.c.obj
[greenbayupoc:ro] [16/374] Building C object CMakeFiles/app.dir/mnt/host/source/src/platform/ec/zephyr/subsys/ap_pwrseq/signal_vw.c.obj
[greenbayupoc:rw] [144/374] Building C object zephyr/drivers/console/CMakeFiles/drivers__console.dir/uart_console.c.obj
[greenbayupoc:rw] [145/374] Linking C static library zephyr/drivers/bbram/libdrivers__bbram.a
[greenbayupoc:rw] [146/374] Building C object zephyr/drivers/adc/CMakeFiles/drivers__adc.dir/adc_ite_it8xxx2.c.obj
[greenbayupoc:rw] [147/374] Linking C static library zephyr/drivers/console/libdrivers__console.a
[greenbayupoc:rw] [148/374] Linking C static library zephyr/drivers/adc/libdrivers__adc.a
[greenbayupoc:rw] [149/374] Building C object zephyr/drivers/crypto/CMakeFiles/drivers__crypto.dir/crypto_it8xxx2_sha_v2.c.obj
[greenbayupoc:rw] [150/374] Linking C static library zephyr/drivers/crypto/libdrivers__crypto.a
[/mnt/host/source/src/platform/ec/build/zephyr/markarth-lcov]   /mnt/host/source/src/platform/ec/build/zephyr/markarth/build-rw/CMakeFiles/app.dir/mnt/host/source/src/platform/ec/build/zephyr/markarth/modules/ec/common/cbi_config.c.gcno:no functions found
[/mnt/host/source/src/platform/ec/build/zephyr/markarth-lcov] stderr:
[greenbayupoc:rw] [151/374] Building C object zephyr/drivers/flash/CMakeFiles/drivers__flash.dir/flash_ite_it8xxx2.c.obj
[greenbayupoc:rw] [152/374] Linking C static library zephyr/drivers/flash/libdrivers__flash.a
[greenbayupoc:rw] [153/374] Building C object zephyr/drivers/espi/CMakeFiles/drivers__espi.dir/espi_it8xxx2.c.obj
[greenbayupoc:rw] [154/374] Building C object zephyr/drivers/i2c/CMakeFiles/drivers__i2c.dir/i2c_bitbang.c.obj
[greenbayupoc:rw] [155/374] Linking C static library zephyr/drivers/espi/libdrivers__espi.a
[greenbayupoc:rw] [156/374] Building C object zephyr/drivers/i2c/CMakeFiles/drivers__i2c.dir/i2c_common.c.obj
[greenbayupoc:rw] [157/374] Building C object zephyr/drivers/i2c/CMakeFiles/drivers__i2c.dir/i2c_shell.c.obj
[greenbayupoc:rw] [158/374] Building C object zephyr/drivers/input/CMakeFiles/drivers__input.dir/input_ite_it8xxx2_kbd.c.obj
[greenbayupoc:rw] [159/374] Building C object zephyr/drivers/sensor/CMakeFiles/drivers__sensor.dir/mnt/host/source/src/third_party/zephyr/main/misc/empty_file.c.obj
[greenbayupoc:ro] [17/374] Building C object CMakeFiles/app.dir/mnt/host/source/src/platform/ec/zephyr/subsys/ap_pwrseq/power_host_sleep.c.obj
[greenbayupoc:rw] [160/374] Building C object zephyr/drivers/i2c/CMakeFiles/drivers__i2c.dir/i2c_ite_enhance.c.obj
[greenbayupoc:rw] [161/374] Building C object zephyr/drivers/pinctrl/CMakeFiles/drivers__pinctrl.dir/common.c.obj
[greenbayupoc:rw] [162/374] Building C object zephyr/drivers/input/CMakeFiles/drivers__input.dir/input_kbd_matrix.c.obj
[greenbayupoc:rw] [163/374] Linking C static library zephyr/drivers/sensor/libdrivers__sensor.a
[greenbayupoc:rw] [164/374] Linking C static library zephyr/drivers/i2c/libdrivers__i2c.a
[greenbayupoc:rw] [165/374] Linking C static library zephyr/drivers/input/libdrivers__input.a
[guren:ro] /mnt/host/source/src/platform/ec/build/zephyr/guren/build-ro/zephyr/zephyr.dts:4790.9-4797.5: Warning (gpios_property): /fans/fan_0: Missing property '#gpio-cells' in node /named-gpios/fan-enable or bad phandle (referred from enable-gpio[0])
[/mnt/host/source/src/platform/ec/build/zephyr/markarth-lcov]   /mnt/host/source/src/platform/ec/build/zephyr/markarth/build-rw/CMakeFiles/app.dir/src/common.c.gcno:no functions found
[/mnt/host/source/src/platform/ec/build/zephyr/markarth-lcov] stderr:
[guren:rw] /mnt/host/source/src/platform/ec/build/zephyr/guren/build-rw/zephyr/zephyr.dts:4790.9-4797.5: Warning (gpios_property): /fans/fan_0: Missing property '#gpio-cells' in node /named-gpios/fan-enable or bad phandle (referred from enable-gpio[0])
[greenbayupoc:rw] [166/374] Building C object zephyr/drivers/gpio/CMakeFiles/drivers__gpio.dir/gpio_ite_it8xxx2_v2.c.obj
[greenbayupoc:rw] [167/374] Linking C static library zephyr/drivers/gpio/libdrivers__gpio.a
[greenbayupoc:rw] [168/374] Building C object zephyr/drivers/pwm/CMakeFiles/drivers__pwm.dir/pwm_shell.c.obj
[greenbayupoc:rw] [169/374] Building C object zephyr/drivers/pwm/CMakeFiles/drivers__pwm.dir/pwm_ite_it8xxx2.c.obj
[greenbayupoc:rw] [170/374] Building C object zephyr/drivers/pinctrl/CMakeFiles/drivers__pinctrl.dir/pinctrl_ite_it8xxx2.c.obj
[greenbayupoc:rw] [171/374] Linking C static library zephyr/drivers/pwm/libdrivers__pwm.a
[greenbayupoc:rw] [172/374] Linking C static library zephyr/drivers/pinctrl/libdrivers__pinctrl.a
[greenbayupoc:rw] [173/374] Building C object zephyr/drivers/sensor/ite/ite_tach_it8xxx2/CMakeFiles/drivers__sensor__ite__ite_tach_it8xxx2.dir/tach_ite_it8xxx2.c.obj
[greenbayupoc:rw] [174/374] Building C object zephyr/drivers/timer/CMakeFiles/drivers__timer.dir/sys_clock_init.c.obj
[greenbayupoc:rw] [175/374] Building C object zephyr/drivers/sensor/ite/ite_vcmp_it8xxx2/CMakeFiles/drivers__sensor__ite__ite_vcmp_it8xxx2.dir/vcmp_ite_it8xxx2.c.obj
[greenbayupoc:rw] [176/374] Building C object zephyr/drivers/serial/CMakeFiles/drivers__serial.dir/uart_ite_it8xxx2.c.obj
[greenbayupoc:rw] [177/374] Linking C static library zephyr/drivers/sensor/ite/ite_tach_it8xxx2/libdrivers__sensor__ite__ite_tach_it8xxx2.a
[greenbayupoc:rw] [178/374] Linking C static library zephyr/drivers/sensor/ite/ite_vcmp_it8xxx2/libdrivers__sensor__ite__ite_vcmp_it8xxx2.a
[greenbayupoc:rw] [179/374] Building C object zephyr/drivers/serial/CMakeFiles/drivers__serial.dir/uart_ns16550.c.obj
[greenbayupoc:rw] [180/374] Linking C static library zephyr/drivers/serial/libdrivers__serial.a
[greenbayupoc:ro] [18/374] Building C object CMakeFiles/app.dir/mnt/host/source/src/platform/ec/zephyr/subsys/ap_pwrseq/x86_non_dsx_common_pwrseq_sm_handler.c.obj
[greenbayupoc:rw] [181/374] Building C object zephyr/drivers/timer/CMakeFiles/drivers__timer.dir/ite_it8xxx2_timer.c.obj
[greenbayupoc:rw] [182/374] Building C object zephyr/drivers/watchdog/CMakeFiles/drivers__watchdog.dir/wdt_ite_it8xxx2.c.obj
[greenbayupoc:rw] [183/374] Building C object zephyr/drivers/watchdog/CMakeFiles/drivers__watchdog.dir/wdt_shell.c.obj
[greenbayupoc:rw] [184/374] Linking C static library zephyr/drivers/timer/libdrivers__timer.a
[greenbayupoc:rw] [185/374] Linking C static library zephyr/drivers/watchdog/libdrivers__watchdog.a
[greenbayupoc:rw] [186/374] Building C object modules/ec/zephyr/CMakeFiles/ec_shim.dir/app/ec/main_shim.c.obj
[greenbayupoc:rw] [187/374] Building C object modules/ec/zephyr/CMakeFiles/ec_shim.dir/drivers/keyboard_input/keyboard_customization_check.c.obj
[greenbayupoc:rw] [188/374] Building C object modules/ec/zephyr/CMakeFiles/ec_shim.dir/app/ec/ec_app_main.c.obj
[greenbayupoc:rw] [189/374] Building C object modules/ec/zephyr/CMakeFiles/ec_shim.dir/app/ec/chip/riscv/riscv-ite/it8xxx2-espi.c.obj
[greenbayupoc:rw] [190/374] Building C object modules/ec/zephyr/CMakeFiles/ec_shim.dir/drivers/cros_system/cros_system_it8xxx2.c.obj
[greenbayupoc:rw] [191/374] Building C object modules/ec/zephyr/CMakeFiles/ec_shim.dir/drivers/cros_flash/cros_flash_it8xxx2.c.obj
[greenbayupoc:ro] [19/374] Building C object CMakeFiles/app.dir/mnt/host/source/src/platform/ec/zephyr/subsys/ap_pwrseq/x86_non_dsx_chipset_power_state.c.obj
[greenbayupoc:rw] [192/374] Building C object modules/ec/zephyr/CMakeFiles/ec_shim.dir/drivers/cros_kblight/pwm_kblight.c.obj
[/mnt/host/source/src/platform/ec/build/zephyr/markarth-lcov]   /mnt/host/source/src/platform/ec/build/zephyr/markarth/build-rw/zephyr/arch/arch/arm/core/mpu/CMakeFiles/arch__arm__core__mpu.dir/arm_mpu_regions.c.gcno:no functions found
[/mnt/host/source/src/platform/ec/build/zephyr/markarth-lcov] stderr:
[greenbayupoc:rw] [193/374] Building C object modules/ec/zephyr/CMakeFiles/ec_shim.dir/drivers/hibernate/hibernate_z5.c.obj
[greenbayupoc:rw] [194/374] Building C object modules/ec/zephyr/CMakeFiles/ec_shim.dir/drivers/usbc/ucsi_v3.c.obj
[greenbayupoc:rw] [195/374] Building C object modules/ec/zephyr/CMakeFiles/ec_shim.dir/drivers/keyboard_input/col_gpio_drive.c.obj
[greenbayupoc:rw] [196/374] Building C object modules/ec/zephyr/CMakeFiles/ec_shim.dir/drivers/keyboard_input/keyboard_input.c.obj
[/mnt/host/source/src/platform/ec/build/zephyr/markarth-lcov]   /mnt/host/source/src/platform/ec/build/zephyr/markarth/build-rw/zephyr/arch/common/CMakeFiles/isr_tables.dir/isr_tables.c.gcno:no functions found
[/mnt/host/source/src/platform/ec/build/zephyr/markarth-lcov] stderr:
[vader:rw] warning: Deprecated symbol I2C_ALLOW_NO_STOP_TRANSACTIONS is enabled.
[greenbayupoc:rw] [197/374] Building C object modules/ec/zephyr/CMakeFiles/ec_shim.dir/drivers/boot_keys/boot_keys.c.obj
[greenbayupoc:rw] [198/374] Building C object modules/ec/zephyr/CMakeFiles/ec_shim.dir/drivers/runtime_keys/runtime_keys.c.obj
[greenbayupoc:rw] [199/374] Building C object modules/ec/zephyr/CMakeFiles/ec_shim.dir/drivers/vivaldi_kbd/vivaldi_kbd.c.obj
[greenbayupoc:ro] [20/374] Building C object CMakeFiles/app.dir/mnt/host/source/src/platform/ec/zephyr/subsys/ap_pwrseq/x86_non_dsx_common_pwrseq_host_sleep.c.obj
[greenbayupoc:rw] [200/374] Building C object modules/ec/zephyr/CMakeFiles/ec_shim.dir/shim/src/crc.c.obj
[greenbayupoc:rw] [201/374] Building C object modules/ec/zephyr/CMakeFiles/ec_shim.dir/drivers/prochot_vcmp/prochot_vcmp.c.obj
[guren:ro] warning: PLATFORM_EC_LED_COMMON (defined at /mnt/host/source/src/platform/ec/zephyr/Kconfig.led:5)
[guren:ro] was assigned the value 'y' but got the value 'n'. Check these unsatisfied dependencies:
[guren:ro] (!PLATFORM_EC_LED_DT) (=n). See
[guren:ro] http://docs.zephyrproject.org/latest/kconfig.html#CONFIG_PLATFORM_EC_LED_COMMON and/or look up
[guren:ro] PLATFORM_EC_LED_COMMON in the menuconfig/guiconfig interface. The Application Development Primer,
[guren:ro] Setting Configuration Values, and Kconfig - Tips and Best Practices sections of the manual might be
[guren:ro] helpful too.
[guren:ro] warning: PLATFORM_EC_LED_ONOFF_STATES (defined at
[guren:ro] /mnt/host/source/src/platform/ec/zephyr/Kconfig.led:157) was assigned the value 'y' but got the
[guren:ro] value 'n'. Check these unsatisfied dependencies: PLATFORM_EC_LED_COMMON (=n). See
[guren:ro] http://docs.zephyrproject.org/latest/kconfig.html#CONFIG_PLATFORM_EC_LED_ONOFF_STATES and/or look up
[guren:ro] PLATFORM_EC_LED_ONOFF_STATES in the menuconfig/guiconfig interface. The Application Development
[guren:ro] Primer, Setting Configuration Values, and Kconfig - Tips and Best Practices sections of the manual
[guren:ro] might be helpful too.
[guren:ro] warning: Deprecated symbol I2C_ALLOW_NO_STOP_TRANSACTIONS is enabled.
[greenbayupoc:rw] [202/374] Building C object modules/ec/zephyr/CMakeFiles/ec_shim.dir/shim/chip/it8xxx2/system.c.obj
[greenbayupoc:rw] [203/374] Building C object modules/ec/zephyr/CMakeFiles/ec_shim.dir/shim/chip/it8xxx2/power_policy.c.obj
[greenbayupoc:rw] [204/374] Building C object modules/ec/zephyr/CMakeFiles/ec_shim.dir/shim/chip/it8xxx2/clock.c.obj
[vader:rw] Parsing /mnt/host/source/src/platform/ec/zephyr/program/skywalker/Kconfig
[greenbayupoc:rw] [205/374] Building C object modules/ec/zephyr/CMakeFiles/ec_shim.dir/drivers/usbc/pdc_rts54xx.c.obj
[greenbayupoc:rw] [206/374] Building C object modules/ec/zephyr/CMakeFiles/ec_shim.dir/shim/chip/it8xxx2/gpio.c.obj
[vader:ro] Parsing /mnt/host/source/src/platform/ec/zephyr/program/skywalker/Kconfig
[/mnt/host/source/src/platform/ec/build/zephyr/rauru-lcov]   /mnt/host/source/src/platform/ec/build/zephyr/rauru/build-ro/CMakeFiles/app.dir/mnt/host/source/src/platform/ec/build/zephyr/rauru/modules/ec/common/usb_pd_pdo.c.gcno:no functions found
[/mnt/host/source/src/platform/ec/build/zephyr/rauru-lcov] stderr:
[guren:ro] Parsing /mnt/host/source/src/platform/ec/zephyr/program/nissa/Kconfig
[greenbayupoc:rw] [207/374] Building C object modules/ec/zephyr/CMakeFiles/ec_shim.dir/shim/src/console.c.obj
[greenbayupoc:rw] [208/374] Building C object modules/ec/zephyr/CMakeFiles/ec_shim.dir/shim/src/panic_utils.c.obj
[greenbayupoc:ro] [21/374] Building C object CMakeFiles/app.dir/mnt/host/source/src/platform/ec/zephyr/subsys/ap_pwrseq/x86_non_dsx_common_pwrseq_console.c.obj
[greenbayupoc:rw] [209/374] Building C object modules/ec/zephyr/CMakeFiles/ec_shim.dir/shim/src/gpio.c.obj
[greenbayupoc:rw] [210/374] Building C object modules/ec/zephyr/CMakeFiles/ec_shim.dir/shim/src/pm_state.c.obj
[guren:rw] Parsing /mnt/host/source/src/platform/ec/zephyr/program/nissa/Kconfig
[greenbayupoc:rw] [211/374] Building C object modules/ec/zephyr/CMakeFiles/ec_shim.dir/shim/src/cbi/cros_cbi.c.obj
[greenbayupoc:rw] [212/374] Building C object modules/ec/zephyr/CMakeFiles/ec_shim.dir/shim/src/gpio_int.c.obj
[greenbayupoc:rw] [213/374] Building C object modules/ec/zephyr/CMakeFiles/ec_shim.dir/shim/src/cbi/cbi_flash.c.obj
[vader:rw] Loaded configuration '/mnt/host/source/src/platform/ec/zephyr/boards/google/npcx9/npcx9_npcx9m7fb_defconfig'
[vader:rw] Merged configuration '/mnt/host/source/src/platform/ec/zephyr/program/skywalker/program.conf'
[vader:rw] Merged configuration '/mnt/host/source/src/platform/ec/zephyr/program/skywalker/vader/project.conf'
[vader:rw] Merged configuration '/mnt/host/source/src/platform/ec/build/zephyr/vader/kconfig-rw.conf'
[vader:rw] Configuration saved to '/mnt/host/source/src/platform/ec/build/zephyr/vader/build-rw/zephyr/.config'
[vader:rw] Kconfig header saved to '/mnt/host/source/src/platform/ec/build/zephyr/vader/build-rw/zephyr/include/generated/zephyr/autoconf.h'
[vader:rw] -- Found GnuLd: /home/jpmurphy/.cache/coreboot-sdk/arm-eabi/ea40ddd1d190c3b48435c474c0b545719371813a/arm-eabi/bin/ld.bfd (found version "2.43.1")
[vader:ro] Loaded configuration '/mnt/host/source/src/platform/ec/zephyr/boards/google/npcx9/npcx9_npcx9m7fb_defconfig'
[vader:ro] Merged configuration '/mnt/host/source/src/platform/ec/zephyr/program/skywalker/program.conf'
[vader:ro] Merged configuration '/mnt/host/source/src/platform/ec/zephyr/program/skywalker/vader/project.conf'
[vader:ro] Merged configuration '/mnt/host/source/src/platform/ec/build/zephyr/vader/kconfig-ro.conf'
[vader:ro] Configuration saved to '/mnt/host/source/src/platform/ec/build/zephyr/vader/build-ro/zephyr/.config'
[vader:ro] Kconfig header saved to '/mnt/host/source/src/platform/ec/build/zephyr/vader/build-ro/zephyr/include/generated/zephyr/autoconf.h'
[vader:ro] -- Found GnuLd: /home/jpmurphy/.cache/coreboot-sdk/arm-eabi/ea40ddd1d190c3b48435c474c0b545719371813a/arm-eabi/bin/ld.bfd (found version "2.43.1")
[greenbayupoc:rw] [214/374] Building C object modules/ec/zephyr/CMakeFiles/ec_shim.dir/shim/src/led_driver/led.c.obj
[greenbayupoc:rw] [215/374] Building C object modules/ec/zephyr/CMakeFiles/ec_shim.dir/shim/src/led_driver/led_pwm.c.obj
[vader:rw] -- The C compiler identification is GNU 14.2.0
[guren:ro] Loaded configuration '/mnt/host/source/src/platform/ec/zephyr/boards/google/npcx9/npcx9_npcx9m3f_defconfig'
[guren:ro] Merged configuration '/mnt/host/source/src/platform/ec/zephyr/program/nissa/program.conf'
[guren:ro] Merged configuration '/mnt/host/source/src/platform/ec/zephyr/program/nissa/npcx_program.conf'
[guren:ro] Merged configuration '/mnt/host/source/src/platform/ec/zephyr/program/nissa/guren/project.conf'
[guren:ro] Merged configuration '/mnt/host/source/src/platform/ec/build/zephyr/guren/kconfig-ro.conf'
[guren:ro] Configuration saved to '/mnt/host/source/src/platform/ec/build/zephyr/guren/build-ro/zephyr/.config'
[guren:ro] Kconfig header saved to '/mnt/host/source/src/platform/ec/build/zephyr/guren/build-ro/zephyr/include/generated/zephyr/autoconf.h'
[guren:ro] -- Found GnuLd: /home/jpmurphy/.cache/coreboot-sdk/arm-eabi/ea40ddd1d190c3b48435c474c0b545719371813a/arm-eabi/bin/ld.bfd (found version "2.43.1")
[greenbayupoc:rw] [216/374] Building C object modules/ec/zephyr/CMakeFiles/ec_shim.dir/shim/src/pdc_shim.c.obj
[vader:ro] -- The C compiler identification is GNU 14.2.0
[greenbayupoc:rw] [217/374] Building C object modules/ec/zephyr/CMakeFiles/ec_shim.dir/shim/src/charger.c.obj
[greenbayupoc:rw] [218/374] Building C object modules/ec/zephyr/CMakeFiles/ec_shim.dir/shim/src/battery.c.obj
[greenbayupoc:ro] [22/374] Building C object CMakeFiles/app.dir/mnt/host/source/src/platform/ec/zephyr/subsys/ap_pwrseq/x86_non_dsx_common_pwrseq_host_command.c.obj
[greenbayupoc:rw] [219/374] Building C object modules/ec/zephyr/CMakeFiles/ec_shim.dir/shim/src/system.c.obj
[greenbayupoc:rw] [220/374] Building C object modules/ec/zephyr/CMakeFiles/ec_shim.dir/shim/src/adc.c.obj
[vader:rw] -- The CXX compiler identification is GNU 14.2.0
[greenbayupoc:rw] [221/374] Building C object modules/ec/zephyr/CMakeFiles/ec_shim.dir/shim/src/chipset_api.c.obj
[guren:ro] -- The C compiler identification is GNU 14.2.0
[vader:ro] -- The CXX compiler identification is GNU 14.2.0
[vader:rw] -- The ASM compiler identification is GNU
[vader:ro] -- The ASM compiler identification is GNU
[vader:rw] -- Found assembler: /home/jpmurphy/.cache/coreboot-sdk/arm-eabi/ea40ddd1d190c3b48435c474c0b545719371813a/bin/arm-eabi-gcc
[vader:ro] -- Found assembler: /home/jpmurphy/.cache/coreboot-sdk/arm-eabi/ea40ddd1d190c3b48435c474c0b545719371813a/bin/arm-eabi-gcc
[guren:rw] Loaded configuration '/mnt/host/source/src/platform/ec/zephyr/boards/google/npcx9/npcx9_npcx9m3f_defconfig'
[guren:rw] Merged configuration '/mnt/host/source/src/platform/ec/zephyr/program/nissa/program.conf'
[guren:rw] Merged configuration '/mnt/host/source/src/platform/ec/zephyr/program/nissa/npcx_program.conf'
[guren:rw] Merged configuration '/mnt/host/source/src/platform/ec/zephyr/program/nissa/guren/project.conf'
[guren:rw] Merged configuration '/mnt/host/source/src/platform/ec/build/zephyr/guren/kconfig-rw.conf'
[guren:rw] Configuration saved to '/mnt/host/source/src/platform/ec/build/zephyr/guren/build-rw/zephyr/.config'
[guren:rw] Kconfig header saved to '/mnt/host/source/src/platform/ec/build/zephyr/guren/build-rw/zephyr/include/generated/zephyr/autoconf.h'
[guren:rw] -- Found GnuLd: /home/jpmurphy/.cache/coreboot-sdk/arm-eabi/ea40ddd1d190c3b48435c474c0b545719371813a/arm-eabi/bin/ld.bfd (found version "2.43.1")
[vader:rw] CMake Warning at /mnt/host/source/src/platform/ec/zephyr/cmake/linker/ld/linker_libraries.cmake:11 (message):
[vader:rw]   Disabling c_library
[vader:rw] Call Stack (most recent call first):
[vader:rw]   /mnt/host/source/src/third_party/zephyr/main/cmake/target_toolchain_flags.cmake:48 (include)
[vader:rw]   /mnt/host/source/src/third_party/zephyr/main/cmake/modules/kernel.cmake:153 (include)
[vader:rw]   /mnt/host/source/src/third_party/zephyr/main/cmake/modules/zephyr_default.cmake:138 (include)
[vader:rw]   /mnt/host/source/src/third_party/zephyr/main/share/zephyr-package/cmake/ZephyrConfig.cmake:66 (include)
[vader:rw]   /mnt/host/source/src/third_party/zephyr/main/share/zephyr-package/cmake/ZephyrConfig.cmake:97 (include_boilerplate)
[vader:rw]   CMakeLists.txt:6 (find_package)
[vader:ro] warning: Deprecated symbol I2C_ALLOW_NO_STOP_TRANSACTIONS is enabled.
[vader:ro] CMake Warning at /mnt/host/source/src/platform/ec/zephyr/cmake/linker/ld/linker_libraries.cmake:11 (message):
[vader:ro]   Disabling c_library
[vader:ro] Call Stack (most recent call first):
[vader:ro]   /mnt/host/source/src/third_party/zephyr/main/cmake/target_toolchain_flags.cmake:48 (include)
[vader:ro]   /mnt/host/source/src/third_party/zephyr/main/cmake/modules/kernel.cmake:153 (include)
[vader:ro]   /mnt/host/source/src/third_party/zephyr/main/cmake/modules/zephyr_default.cmake:138 (include)
[vader:ro]   /mnt/host/source/src/third_party/zephyr/main/share/zephyr-package/cmake/ZephyrConfig.cmake:66 (include)
[vader:ro]   /mnt/host/source/src/third_party/zephyr/main/share/zephyr-package/cmake/ZephyrConfig.cmake:97 (include_boilerplate)
[vader:ro]   CMakeLists.txt:6 (find_package)
[guren:ro] -- The CXX compiler identification is GNU 14.2.0
[greenbayupoc:rw] [222/374] Building C object modules/ec/zephyr/CMakeFiles/ec_shim.dir/shim/src/espi.c.obj
[guren:rw] -- The C compiler identification is GNU 14.2.0
[guren:ro] -- The ASM compiler identification is GNU
[guren:ro] -- Found assembler: /home/jpmurphy/.cache/coreboot-sdk/arm-eabi/ea40ddd1d190c3b48435c474c0b545719371813a/bin/arm-eabi-gcc
[guren:ro] CMake Warning at /mnt/host/source/src/platform/ec/zephyr/cmake/linker/ld/linker_libraries.cmake:11 (message):
[greenbayupoc:rw] [223/374] Building C object modules/ec/zephyr/CMakeFiles/ec_shim.dir/shim/src/flash.c.obj
[greenbayupoc:rw] [224/374] Building C object modules/ec/zephyr/CMakeFiles/ec_shim.dir/shim/src/mkbp_event.c.obj
[guren:rw] -- The CXX compiler identification is GNU 14.2.0
[greenbayupoc:rw] [225/374] Building C object modules/ec/zephyr/CMakeFiles/ec_shim.dir/shim/src/console_buffer.c.obj
[greenbayupoc:rw] [226/374] Building C object modules/ec/zephyr/CMakeFiles/ec_shim.dir/shim/src/fan.c.obj
[greenbayupoc:rw] [227/374] Building C object modules/ec/zephyr/CMakeFiles/ec_shim.dir/shim/src/host_command.c.obj
[greenbayupoc:rw] [228/374] Building C object modules/ec/zephyr/CMakeFiles/ec_shim.dir/shim/src/hooks.c.obj
[guren:rw] -- The ASM compiler identification is GNU
[guren:rw] warning: PLATFORM_EC_LED_COMMON (defined at /mnt/host/source/src/platform/ec/zephyr/Kconfig.led:5)
[guren:rw] was assigned the value 'y' but got the value 'n'. Check these unsatisfied dependencies:
[guren:rw] (!PLATFORM_EC_LED_DT) (=n). See
[guren:rw] http://docs.zephyrproject.org/latest/kconfig.html#CONFIG_PLATFORM_EC_LED_COMMON and/or look up
[guren:rw] PLATFORM_EC_LED_COMMON in the menuconfig/guiconfig interface. The Application Development Primer,
[guren:rw] Setting Configuration Values, and Kconfig - Tips and Best Practices sections of the manual might be
[guren:rw] helpful too.
[guren:rw] warning: PLATFORM_EC_LED_ONOFF_STATES (defined at
[guren:rw] /mnt/host/source/src/platform/ec/zephyr/Kconfig.led:157) was assigned the value 'y' but got the
[guren:rw] value 'n'. Check these unsatisfied dependencies: PLATFORM_EC_LED_COMMON (=n). See
[guren:rw] http://docs.zephyrproject.org/latest/kconfig.html#CONFIG_PLATFORM_EC_LED_ONOFF_STATES and/or look up
[guren:rw] PLATFORM_EC_LED_ONOFF_STATES in the menuconfig/guiconfig interface. The Application Development
[guren:rw] Primer, Setting Configuration Values, and Kconfig - Tips and Best Practices sections of the manual
[guren:rw] might be helpful too.
[guren:rw] warning: Deprecated symbol I2C_ALLOW_NO_STOP_TRANSACTIONS is enabled.
[guren:rw] CMake Warning at /mnt/host/source/src/platform/ec/zephyr/cmake/linker/ld/linker_libraries.cmake:11 (message):
[vader:rw] -- Performing EC specific devicetree checks
[greenbayupoc:ro] [23/374] Building C object CMakeFiles/app.dir/mnt/host/source/src/platform/ec/zephyr/subsys/ap_pwrseq/x86_non_dsx_adlp_pwrseq_sm.c.obj
[vader:ro] -- Performing EC specific devicetree checks
[greenbayupoc:rw] [229/374] Building C object modules/ec/zephyr/CMakeFiles/ec_shim.dir/shim/src/panic.c.obj
[greenbayupoc:rw] [230/374] Building C object modules/ec/zephyr/CMakeFiles/ec_shim.dir/shim/src/pwm_hc.c.obj
[vader:rw] INFO: Verified 38 GPIOs, no duplicates found
[vader:ro] INFO: Verified 38 GPIOs, no duplicates found
[vader:rw] -- Generating component manifest file
[vader:ro] -- Generating component manifest file
[greenbayupoc:rw] [231/374] Building C object modules/ec/zephyr/CMakeFiles/ec_shim.dir/shim/src/hwtimer.c.obj
[greenbayupoc:rw] [232/374] Building C object modules/ec/zephyr/CMakeFiles/ec_shim.dir/shim/src/thermal.c.obj
[guren:ro] -- Performing EC specific devicetree checks
[greenbayupoc:rw] [233/374] Building C object modules/ec/zephyr/CMakeFiles/ec_shim.dir/shim/src/temp_sensors.c.obj
[greenbayupoc:rw] [234/374] cd /mnt/host/source/src/platform/ec/build/zephyr/greenbayupoc/build-rw/modules/ec/zephyr && PYTHONPATH=/mnt/host/source/src/platform/ec/build/zephyr/greenbayupoc/modules/ec/zephyr/zmake/ /usr/bin/python3.11 /mnt/host/source/src/platform/ec/build/zephyr/greenbayupoc/modules/ec/zephyr/zmake/zephyr_build_tools/generate_ec_version.py /mnt/host/source/src/platform/ec/build/zephyr/greenbayupoc/build-rw/modules/ec/zephyr/include/ec_version.h --name Zephyr-Kernel --version 16543.0.0 --static
[greenbayupoc:rw] INFO:root:Using a static version string
[greenbayupoc:rw] INFO:root:Version string: Zephyr-Kernel-16543.0.0
[greenbayupoc:rw] INFO:root:Writing header to /mnt/host/source/src/platform/ec/build/zephyr/greenbayupoc/build-rw/modules/ec/zephyr/include/ec_version.h
[greenbayupoc:rw] [235/374] Building C object modules/ec/zephyr/CMakeFiles/ec_shim.dir/shim/src/usba.c.obj
[vader:ro] INFO: Verified 14 '*-gpios' properties, all flags match.
[vader:ro] INFO: Skipped 1 named-gpios children.
[vader:ro] INFO: Running CME, outputting to /mnt/host/source/src/platform/ec/build/zephyr/vader/build-ro/zephyr/component_manifest.json
[greenbayupoc:rw] [236/374] Building C object modules/ec/zephyr/CMakeFiles/ec_shim.dir/shim/src/i2c.c.obj
[vader:ro] INFO: Project vader does not support SSFC
[vader:ro] INFO: No motionsense-sensor-alt node found
[vader:rw] INFO: Verified 14 '*-gpios' properties, all flags match.
[vader:rw] INFO: Skipped 1 named-gpios children.
[vader:rw] INFO: Running CME, outputting to /mnt/host/source/src/platform/ec/build/zephyr/vader/build-rw/zephyr/component_manifest.json
[vader:rw] INFO: Project vader does not support SSFC
[vader:rw] INFO: No motionsense-sensor-alt node found
[guren:rw] -- Found assembler: /home/jpmurphy/.cache/coreboot-sdk/arm-eabi/ea40ddd1d190c3b48435c474c0b545719371813a/bin/arm-eabi-gcc
[guren:rw] -- Performing EC specific devicetree checks
[guren:ro]   Disabling c_library
[guren:ro] Call Stack (most recent call first):
[guren:ro]   /mnt/host/source/src/third_party/zephyr/main/cmake/target_toolchain_flags.cmake:48 (include)
[guren:ro]   /mnt/host/source/src/third_party/zephyr/main/cmake/modules/kernel.cmake:153 (include)
[guren:ro]   /mnt/host/source/src/third_party/zephyr/main/cmake/modules/zephyr_default.cmake:138 (include)
[guren:ro]   /mnt/host/source/src/third_party/zephyr/main/share/zephyr-package/cmake/ZephyrConfig.cmake:66 (include)
[guren:ro]   /mnt/host/source/src/third_party/zephyr/main/share/zephyr-package/cmake/ZephyrConfig.cmake:97 (include_boilerplate)
[guren:ro]   CMakeLists.txt:7 (find_package)
[guren:ro] INFO: Verified 54 GPIOs, no duplicates found
[guren:ro] INFO: Verified 24 '*-gpios' properties, all flags match.
[guren:ro] INFO: Skipped 19 named-gpios children.
[greenbayupoc:rw] [237/374] Building C object modules/ec/zephyr/CMakeFiles/ec_shim.dir/shim/src/watchdog.c.obj
[greenbayupoc:ro] [24/374] Building C object CMakeFiles/app.dir/mnt/host/source/src/platform/ec/zephyr/subsys/ap_pwrseq/ap_reset_log.c.obj
[greenbayupoc:rw] [238/374] Building C object modules/ec/zephyr/CMakeFiles/ec_shim.dir/shim/src/sha256_hw.c.obj
[greenbayupoc:rw] [239/374] Building C object modules/ec/zephyr/CMakeFiles/ec_shim.dir/shim/src/tasks.c.obj
[greenbayupoc:rw] [240/374] Building C object modules/ec/zephyr/CMakeFiles/ec_shim.dir/shim/src/power_host_sleep_api.c.obj
[vader:ro] -- warning_base_override: -Wall;-Wformat;-Wformat-security;-Wformat;-Wno-format-zero-length;-Wno-pointer-sign;-Wpointer-arith;-Wexpansion-to-defined
[guren:rw]   Disabling c_library
[guren:rw] Call Stack (most recent call first):
[guren:rw]   /mnt/host/source/src/third_party/zephyr/main/cmake/target_toolchain_flags.cmake:48 (include)
[guren:rw]   /mnt/host/source/src/third_party/zephyr/main/cmake/modules/kernel.cmake:153 (include)
[guren:rw]   /mnt/host/source/src/third_party/zephyr/main/cmake/modules/zephyr_default.cmake:138 (include)
[guren:rw]   /mnt/host/source/src/third_party/zephyr/main/share/zephyr-package/cmake/ZephyrConfig.cmake:66 (include)
[guren:rw]   /mnt/host/source/src/third_party/zephyr/main/share/zephyr-package/cmake/ZephyrConfig.cmake:97 (include_boilerplate)
[guren:rw]   CMakeLists.txt:7 (find_package)
[guren:rw] INFO: Verified 54 GPIOs, no duplicates found
[guren:rw] INFO: Verified 24 '*-gpios' properties, all flags match.
[guren:rw] INFO: Skipped 19 named-gpios children.
[vader:rw] -- warning_base_override: -Wall;-Wformat;-Wformat-security;-Wformat;-Wno-format-zero-length;-Wno-pointer-sign;-Wpointer-arith;-Wexpansion-to-defined
[greenbayupoc:rw] [241/374] Building C object zephyr/kernel/CMakeFiles/kernel.dir/main_weak.c.obj
[guren:ro] -- Generating component manifest file
[greenbayupoc:rw] [242/374] Building C object zephyr/kernel/CMakeFiles/kernel.dir/banner.c.obj
[/mnt/host/source/src/platform/ec/build/zephyr/markarth-lcov]   /mnt/host/source/src/platform/ec/build/zephyr/markarth/build-rw/zephyr/CMakeFiles/zephyr.dir/subsys/shell/modules/kernel_service/kernel_shell.c.gcno:no functions found
[/mnt/host/source/src/platform/ec/build/zephyr/markarth-lcov] stderr:
[guren:rw] -- Generating component manifest file
[greenbayupoc:rw] [243/374] Building C object CMakeFiles/app.dir/mnt/host/source/src/platform/ec/zephyr/subsys/ap_pwrseq/ap_events.c.obj
[guren:ro] INFO: Running CME, outputting to /mnt/host/source/src/platform/ec/build/zephyr/guren/build-ro/zephyr/component_manifest.json
[vader:ro] -- Found gen_kobject_list: /mnt/host/source/src/third_party/zephyr/main/scripts/build/gen_kobject_list.py
[greenbayupoc:rw] [244/374] Building C object CMakeFiles/app.dir/mnt/host/source/src/platform/ec/zephyr/subsys/ap_pwrseq/power_signals.c.obj
[/mnt/host/source/src/platform/ec/build/zephyr/markarth-lcov]   /mnt/host/source/src/platform/ec/build/zephyr/markarth/build-rw/zephyr/CMakeFiles/zephyr.dir/lib/libc/validate_libc.c.gcno:no functions found
[/mnt/host/source/src/platform/ec/build/zephyr/markarth-lcov] stderr:
[vader:ro] CMake Warning at /mnt/host/source/src/third_party/zephyr/main/CMakeLists.txt:2359 (message):
[vader:ro]   __ASSERT() statements are globally ENABLED
[greenbayupoc:rw] [245/374] Building C object CMakeFiles/app.dir/mnt/host/source/src/platform/ec/zephyr/subsys/ap_pwrseq/ap_power_interface.c.obj
[vader:rw] -- Found gen_kobject_list: /mnt/host/source/src/third_party/zephyr/main/scripts/build/gen_kobject_list.py
[guren:rw] INFO: Running CME, outputting to /mnt/host/source/src/platform/ec/build/zephyr/guren/build-rw/zephyr/component_manifest.json
[guren:rw] INFO: Component virtual-mux-0(cros-ec,usbc-mux-virtual) not on I2C bus, skip it
[guren:rw] INFO: Component virtual-mux-1(cros-ec,usbc-mux-virtual) not on I2C bus, skip it
[guren:rw] INFO: Component virtual-mux-1(cros-ec,usbc-mux-virtual) not on I2C bus, skip it
[vader:rw] CMake Warning at /mnt/host/source/src/third_party/zephyr/main/CMakeLists.txt:2359 (message):
[vader:rw]   __ASSERT() statements are globally ENABLED
[guren:ro] -- warning_base_override: -Wall;-Wformat;-Wformat-security;-Wformat;-Wno-format-zero-length;-Wno-pointer-sign;-Wpointer-arith;-Wexpansion-to-defined
[vader:ro] -- Configuring done (16.2s)
[greenbayupoc:rw] [246/374] Building C object CMakeFiles/app.dir/mnt/host/source/src/platform/ec/zephyr/subsys/ap_pwrseq/power_host_sleep.c.obj
[greenbayupoc:rw] [247/374] Building C object CMakeFiles/app.dir/mnt/host/source/src/platform/ec/zephyr/subsys/ap_pwrseq/signal_vw.c.obj
[greenbayupoc:ro] [25/374] Building C object CMakeFiles/app.dir/mnt/host/source/src/platform/ec/zephyr/subsys/pd_controller/pdc_pmc_debug.c.obj
[vader:rw] -- Configuring done (16.2s)
[guren:rw] -- warning_base_override: -Wall;-Wformat;-Wformat-security;-Wformat;-Wno-format-zero-length;-Wno-pointer-sign;-Wpointer-arith;-Wexpansion-to-defined
[greenbayupoc:rw] [248/374] Building C object CMakeFiles/app.dir/mnt/host/source/src/platform/ec/zephyr/subsys/ap_pwrseq/signal_gpio.c.obj
[greenbayupoc:rw] [249/374] Building C object CMakeFiles/app.dir/mnt/host/source/src/platform/ec/zephyr/subsys/ap_pwrseq/x86_non_dsx_common_pwrseq_sm_handler.c.obj
[greenbayupoc:rw] [250/374] Building C object CMakeFiles/app.dir/mnt/host/source/src/platform/ec/zephyr/subsys/ap_pwrseq/x86_non_dsx_chipset_power_state.c.obj
[guren:ro] -- Found gen_kobject_list: /mnt/host/source/src/third_party/zephyr/main/scripts/build/gen_kobject_list.py
[vader:ro] -- Generating done (0.4s)
[vader:ro] CMake Warning:
[vader:ro]   Manually-specified variables were not used by the project:
[vader:ro]     COREBOOT_SDK_ROOT_libstdcxx_riscv64
[vader:ro]     COREBOOT_SDK_ROOT_libstdcxx_x86
[vader:ro]     COREBOOT_SDK_ROOT_nds32
[vader:ro]     COREBOOT_SDK_ROOT_picolibc_riscv64
[vader:ro]     COREBOOT_SDK_ROOT_picolibc_x86
[vader:ro]     COREBOOT_SDK_ROOT_riscv
[vader:ro]     COREBOOT_SDK_ROOT_riscv64
[vader:ro]     COREBOOT_SDK_ROOT_x86
[vader:ro] -- Build files have been written to: /mnt/host/source/src/platform/ec/build/zephyr/vader/build-ro
[greenbayupoc:rw] [251/374] Building C object CMakeFiles/app.dir/mnt/host/source/src/platform/ec/zephyr/subsys/ap_pwrseq/x86_non_dsx_common_pwrseq_host_sleep.c.obj
[greenbayupoc:rw] [252/374] Building C object CMakeFiles/app.dir/mnt/host/source/src/platform/ec/zephyr/subsys/ap_pwrseq/x86_non_dsx_common_pwrseq_console.c.obj
[vader:rw] -- Generating done (0.4s)
[vader:rw] CMake Warning:
[vader:rw]   Manually-specified variables were not used by the project:
[vader:rw]     COREBOOT_SDK_ROOT_libstdcxx_riscv64
[vader:rw]     COREBOOT_SDK_ROOT_libstdcxx_x86
[vader:rw] -- Build files have been written to: /mnt/host/source/src/platform/ec/build/zephyr/vader/build-rw
[guren:rw] -- Found gen_kobject_list: /mnt/host/source/src/third_party/zephyr/main/scripts/build/gen_kobject_list.py
[greenbayupoc:rw] [253/374] Building C object CMakeFiles/app.dir/mnt/host/source/src/platform/ec/zephyr/subsys/ap_pwrseq/x86_non_dsx_common_pwrseq_host_command.c.obj
[guren:ro] -- Configuring done (16.4s)
[greenbayupoc:rw] [254/374] Building C object CMakeFiles/app.dir/mnt/host/source/src/platform/ec/zephyr/subsys/ap_pwrseq/x86_non_dsx_adlp_pwrseq_sm.c.obj
[greenbayupoc:rw] [255/374] Building C object CMakeFiles/app.dir/mnt/host/source/src/platform/ec/zephyr/subsys/ap_pwrseq/ap_reset_log.c.obj
[vader:rw]     COREBOOT_SDK_ROOT_nds32
[vader:rw]     COREBOOT_SDK_ROOT_picolibc_riscv64
[vader:rw]     COREBOOT_SDK_ROOT_picolibc_x86
[vader:rw]     COREBOOT_SDK_ROOT_riscv
[vader:rw]     COREBOOT_SDK_ROOT_riscv64
[vader:rw]     COREBOOT_SDK_ROOT_x86
[guren:rw] -- Configuring done (16.9s)
[greenbayupoc:ro] [26/374] Building C object CMakeFiles/app.dir/mnt/host/source/src/platform/ec/zephyr/subsys/pd_controller/retimer_fw_update.c.obj
[guren:ro] -- Generating done (0.5s)
[guren:ro] INFO: Component virtual-mux-0(cros-ec,usbc-mux-virtual) not on I2C bus, skip it
[guren:ro] INFO: Component virtual-mux-1(cros-ec,usbc-mux-virtual) not on I2C bus, skip it
[guren:ro] INFO: Component virtual-mux-1(cros-ec,usbc-mux-virtual) not on I2C bus, skip it
[guren:ro] CMake Warning:
[guren:ro] -- Build files have been written to: /mnt/host/source/src/platform/ec/build/zephyr/guren/build-ro
[greenbayupoc:rw] [256/374] Building C object CMakeFiles/app.dir/mnt/host/source/src/platform/ec/zephyr/subsys/pd_controller/pdc_pmc_debug.c.obj
[greenbayupoc:rw] [257/374] Building C object CMakeFiles/app.dir/mnt/host/source/src/platform/ec/zephyr/subsys/pd_controller/retimer_fw_update.c.obj
[/mnt/host/source/src/platform/ec/build/zephyr/markarth-lcov]   /mnt/host/source/src/platform/ec/build/zephyr/markarth/build-rw/zephyr/CMakeFiles/zephyr.dir/lib/utils/last_section_id.c.gcno:no functions found
[/mnt/host/source/src/platform/ec/build/zephyr/markarth-lcov] stderr:
[guren:rw] -- Generating done (0.5s)
[guren:rw] CMake Warning:
[guren:rw]   Manually-specified variables were not used by the project:
[guren:rw]     COREBOOT_SDK_ROOT_libstdcxx_riscv64
[guren:rw]     COREBOOT_SDK_ROOT_libstdcxx_x86
[guren:rw]     COREBOOT_SDK_ROOT_nds32
[guren:rw]     COREBOOT_SDK_ROOT_picolibc_riscv64
[guren:rw]     COREBOOT_SDK_ROOT_picolibc_x86
[guren:rw]     COREBOOT_SDK_ROOT_riscv
[guren:rw]     COREBOOT_SDK_ROOT_riscv64
[guren:rw]     COREBOOT_SDK_ROOT_x86
[guren:rw] -- Build files have been written to: /mnt/host/source/src/platform/ec/build/zephyr/guren/build-rw
[greenbayupoc:rw] [258/374] Building C object CMakeFiles/app.dir/mnt/host/source/src/platform/ec/zephyr/subsys/pd_controller/pdc_host_cmd.c.obj
[greenbayupoc:rw] [259/374] Building C object CMakeFiles/app.dir/mnt/host/source/src/platform/ec/zephyr/subsys/pd_controller/pdc_stub.c.obj
[greenbayupoc:rw] [260/374] Building C object CMakeFiles/app.dir/mnt/host/source/src/platform/ec/zephyr/subsys/pd_controller/pdc_console.c.obj
[guren:ro]   Manually-specified variables were not used by the project:
[guren:ro]     COREBOOT_SDK_ROOT_libstdcxx_riscv64
[guren:ro]     COREBOOT_SDK_ROOT_libstdcxx_x86
[guren:ro]     COREBOOT_SDK_ROOT_nds32
[guren:ro]     COREBOOT_SDK_ROOT_picolibc_riscv64
[guren:ro]     COREBOOT_SDK_ROOT_picolibc_x86
[guren:ro]     COREBOOT_SDK_ROOT_riscv
[guren:ro]     COREBOOT_SDK_ROOT_riscv64
[guren:ro]     COREBOOT_SDK_ROOT_x86
[brox-ish:singleimage] Configuring.
Running `env -i PYTHONPATH=/usr/lib64/python-exec/python3.11:/mnt/host/source/src/platform/ec/zephyr/zmake:/usr/lib/python311.zip:/usr/lib/python3.11:/usr/lib/python3.11/lib-dynload:/usr/lib/python3.11/site-packages PW_PIGWEED_CIPD_INSTALL_DIR=/usr CROSTC_USER_ACKNOWLEDGES_THAT_RISCV_IS_EXPERIMENTAL=1 PATH=/mnt/host/source/chromite/bin:/usr/local/bin:/usr/bin:/bin:/opt/bin:/mnt/host/source/chromite/sdk/bin:/mnt/host/source/chromite/bin HOME=/home/jpmurphy JAVA_HOME=/etc/java-config-2/current-system-vm JDK_HOME=/etc/java-config-2/current-system-vm JAVAC=/etc/java-config-2/current-system-vm/bin/javac MAKEFLAGS=' -j16 --jobserver-auth=5,6' /usr/bin/cmake -S /mnt/host/source/src/platform/ec/zephyr/program/brox -B /mnt/host/source/src/platform/ec/build/zephyr/brox-ish/build-singleimage -GNinja -DCMAKE_EXPORT_COMPILE_COMMANDS=ON -DZEPHYR_BASE=/mnt/host/source/src/third_party/zephyr/main -DZMAKE_INCLUDE_DIR=/mnt/host/source/src/platform/ec/build/zephyr/brox-ish/include -DPython3_EXECUTABLE=/usr/bin/python3.11 -DDTS_ROOT=/mnt/host/source/src/platform/ec/zephyr -DSYSCALL_INCLUDE_DIRS=/mnt/host/source/src/platform/ec/zephyr/include/drivers -DUSER_CACHE_DIR=/mnt/host/source/src/platform/ec/build/zephyr/user-cache '-DEXTRA_EC_VERSION_FLAGS=--version 16543.0.0 --static' -DTOOLCHAIN_ROOT=/mnt/host/source/src/platform/ec/zephyr -DCOREBOOT_SDK_ROOT_x86=/home/jpmurphy/.cache/coreboot-sdk/i386-elf/dfbb0486385d938cfa9d73080b9d18d598ed4f49 -DCOREBOOT_SDK_ROOT_picolibc_x86=/home/jpmurphy/.cache/coreboot-sdk/picolibc-i386-elf/eb8e8e687b95461de8cbf278f1c2076952d0ad17 -DCOREBOOT_SDK_ROOT_riscv64=/home/jpmurphy/.cache/coreboot-sdk/riscv64-elf/96b949749225b6aaa92ed810ab769e8dfb12f000 -DCOREBOOT_SDK_ROOT_picolibc_arm=/home/jpmurphy/.cache/coreboot-sdk/picolibc-arm-eabi/422a2aa3e1ef891b5bece9a3deb696ff83840d2e -DCOREBOOT_SDK_ROOT_nds32=/home/jpmurphy/.cache/coreboot-sdk/nds32le-elf/d1a518c4a097666d86058e1444f85ca015d15511 -DCOREBOOT_SDK_ROOT_picolibc_riscv64=/home/jpmurphy/.cache/coreboot-sdk/picolibc-riscv64-elf/f571e990ef0278564b31124f8bb109d9a697eb69 -DCOREBOOT_SDK_ROOT_arm=/home/jpmurphy/.cache/coreboot-sdk/arm-eabi/ea40ddd1d190c3b48435c474c0b545719371813a -DCOREBOOT_SDK_ROOT_libstdcxx_riscv64=/home/jpmurphy/.cache/coreboot-sdk/libstdcxx-riscv64-elf/17abf22a3a252e2d5d2062ced5324f7a623689e0 -DCOREBOOT_SDK_ROOT_libstdcxx_arm=/home/jpmurphy/.cache/coreboot-sdk/libstdcxx-arm-eabi/5d7d82e150e44aa1968f1d366e267e6687b328ac -DCOREBOOT_SDK_ROOT_riscv=/home/jpmurphy/.cache/coreboot-sdk/riscv-elf/9a27b9e82341c6e9126624f516ab3f261abb3e73 -DCOREBOOT_SDK_ROOT_libstdcxx_x86=/home/jpmurphy/.cache/coreboot-sdk/libstdcxx-i386-elf/42ef9d2e87a76a37963175d7d428734e65648b87 -DZEPHYR_TOOLCHAIN_VARIANT=coreboot-sdk '-DZEPHYR_MODULES=/mnt/host/source/src/platform/ec/build/zephyr/brox-ish/modules/ec;/mnt/host/source/src/platform/ec/build/zephyr/brox-ish/modules/cmsis;/mnt/host/source/src/platform/ec/build/zephyr/brox-ish/modules/cmsis_6;/mnt/host/source/src/platform/ec/build/zephyr/brox-ish/modules/hal_intel_public' -DDTC_OVERLAY_FILE=/mnt/host/source/src/platform/ec/zephyr/program/brox/brox-ish/project.overlay -DBOARD=intel_ish_5_4_1 '-DCONF_FILE=/mnt/host/source/src/platform/ec/zephyr/program/brox/brox-ish/prj.conf;/mnt/host/source/src/platform/ec/zephyr/program/brox/motionsense.conf;/mnt/host/source/src/platform/ec/build/zephyr/brox-ish/kconfig-singleimage.conf'`
[brox-ish:singleimage] Loading Zephyr default modules (Zephyr base (cached)).
[brox-ish:singleimage] -- Application: /mnt/host/source/src/platform/ec/zephyr/program/brox
[brox-ish:singleimage] -- CMake version: 3.31.7
[greenbayupoc:rw] [261/374] Building C object CMakeFiles/app.dir/mnt/host/source/src/platform/ec/zephyr/subsys/pd_controller/pdc_dpm.c.obj
[ruby:ro] Configuring.
Running `env -i PYTHONPATH=/usr/lib64/python-exec/python3.11:/mnt/host/source/src/platform/ec/zephyr/zmake:/usr/lib/python311.zip:/usr/lib/python3.11:/usr/lib/python3.11/lib-dynload:/usr/lib/python3.11/site-packages PW_PIGWEED_CIPD_INSTALL_DIR=/usr CROSTC_USER_ACKNOWLEDGES_THAT_RISCV_IS_EXPERIMENTAL=1 PATH=/mnt/host/source/chromite/bin:/usr/local/bin:/usr/bin:/bin:/opt/bin:/mnt/host/source/chromite/sdk/bin:/mnt/host/source/chromite/bin HOME=/home/jpmurphy JAVA_HOME=/etc/java-config-2/current-system-vm JDK_HOME=/etc/java-config-2/current-system-vm JAVAC=/etc/java-config-2/current-system-vm/bin/javac MAKEFLAGS=' -j16 --jobserver-auth=5,6' /usr/bin/cmake -S /mnt/host/source/src/platform/ec/zephyr/program/fatcat -B /mnt/host/source/src/platform/ec/build/zephyr/ruby/build-ro -GNinja -DCMAKE_EXPORT_COMPILE_COMMANDS=ON -DZEPHYR_BASE=/mnt/host/source/src/third_party/zephyr/main -DZMAKE_INCLUDE_DIR=/mnt/host/source/src/platform/ec/build/zephyr/ruby/include -DPython3_EXECUTABLE=/usr/bin/python3.11 -DDTS_ROOT=/mnt/host/source/src/platform/ec/zephyr -DSYSCALL_INCLUDE_DIRS=/mnt/host/source/src/platform/ec/zephyr/include/drivers -DUSER_CACHE_DIR=/mnt/host/source/src/platform/ec/build/zephyr/user-cache '-DEXTRA_EC_VERSION_FLAGS=--version 16543.0.0 --static' -DTOOLCHAIN_ROOT=/mnt/host/source/src/platform/ec/zephyr -DCOREBOOT_SDK_ROOT_x86=/home/jpmurphy/.cache/coreboot-sdk/i386-elf/dfbb0486385d938cfa9d73080b9d18d598ed4f49 -DCOREBOOT_SDK_ROOT_picolibc_x86=/home/jpmurphy/.cache/coreboot-sdk/picolibc-i386-elf/eb8e8e687b95461de8cbf278f1c2076952d0ad17 -DCOREBOOT_SDK_ROOT_riscv64=/home/jpmurphy/.cache/coreboot-sdk/riscv64-elf/96b949749225b6aaa92ed810ab769e8dfb12f000 -DCOREBOOT_SDK_ROOT_picolibc_arm=/home/jpmurphy/.cache/coreboot-sdk/picolibc-arm-eabi/422a2aa3e1ef891b5bece9a3deb696ff83840d2e -DCOREBOOT_SDK_ROOT_nds32=/home/jpmurphy/.cache/coreboot-sdk/nds32le-elf/d1a518c4a097666d86058e1444f85ca015d15511 -DCOREBOOT_SDK_ROOT_picolibc_riscv64=/home/jpmurphy/.cache/coreboot-sdk/picolibc-riscv64-elf/f571e990ef0278564b31124f8bb109d9a697eb69 -DCOREBOOT_SDK_ROOT_arm=/home/jpmurphy/.cache/coreboot-sdk/arm-eabi/ea40ddd1d190c3b48435c474c0b545719371813a -DCOREBOOT_SDK_ROOT_libstdcxx_riscv64=/home/jpmurphy/.cache/coreboot-sdk/libstdcxx-riscv64-elf/17abf22a3a252e2d5d2062ced5324f7a623689e0 -DCOREBOOT_SDK_ROOT_libstdcxx_arm=/home/jpmurphy/.cache/coreboot-sdk/libstdcxx-arm-eabi/5d7d82e150e44aa1968f1d366e267e6687b328ac -DCOREBOOT_SDK_ROOT_riscv=/home/jpmurphy/.cache/coreboot-sdk/riscv-elf/9a27b9e82341c6e9126624f516ab3f261abb3e73 -DCOREBOOT_SDK_ROOT_libstdcxx_x86=/home/jpmurphy/.cache/coreboot-sdk/libstdcxx-i386-elf/42ef9d2e87a76a37963175d7d428734e65648b87 -DZEPHYR_TOOLCHAIN_VARIANT=coreboot-sdk '-DZEPHYR_MODULES=/mnt/host/source/src/platform/ec/build/zephyr/ruby/modules/cmsis;/mnt/host/source/src/platform/ec/build/zephyr/ruby/modules/cmsis_6;/mnt/host/source/src/platform/ec/build/zephyr/ruby/modules/ec;/mnt/host/source/src/platform/ec/build/zephyr/ruby/modules/google-private' -DDTC_OVERLAY_FILE=/mnt/host/source/src/platform/ec/zephyr/program/fatcat/ruby/project.overlay -DBOARD=npcx9/npcx9m7fb -DCMAKE_C_FLAGS=-DSECTION_IS_RO '-DCONF_FILE=/mnt/host/source/src/platform/ec/zephyr/program/fatcat/program.conf;/mnt/host/source/src/platform/ec/zephyr/program/fatcat/ruby/project.conf;/mnt/host/source/src/platform/ec/build/zephyr/ruby/kconfig-ro.conf'`
[ruby:ro] Loading Zephyr default modules (Zephyr base (cached)).
[ruby:ro] -- Application: /mnt/host/source/src/platform/ec/zephyr/program/fatcat
[greenbayupoc:rw] [262/374] Building C object CMakeFiles/app.dir/mnt/host/source/src/platform/ec/zephyr/subsys/ucsi/ppm_common.c.obj
[greenbayupoc:rw] [263/374] Building C object CMakeFiles/app.dir/mnt/host/source/src/platform/ec/zephyr/subsys/ucsi/ppm_console.c.obj
[greenbayupoc:rw] [264/374] Building C object CMakeFiles/app.dir/mnt/host/source/src/platform/ec/zephyr/subsys/ucsi/ppm_driver.c.obj
[brox-ish:singleimage] -- Found Python3: /usr/bin/python3.11 (found suitable version "3.11.11", minimum required is "3.10") found components: Interpreter
[brox-ish:singleimage] -- Cache files will be written to: /mnt/host/source/src/platform/ec/build/zephyr/user-cache
[brox-ish:singleimage] -- Zephyr version: 4.3.99 (/mnt/host/source/src/third_party/zephyr/main)
[greenbayupoc:rw] [265/374] Building C object CMakeFiles/app.dir/mnt/host/source/src/platform/ec/zephyr/subsys/ucsi/ucsi_host_cmd.c.obj
[greenbayupoc:rw] [266/374] Building C object CMakeFiles/app.dir/mnt/host/source/src/platform/ec/build/zephyr/greenbayupoc/modules/ec/builtin/stdlib.c.obj
[ruby:ro] -- CMake version: 3.31.7
[ruby:ro] -- Found Python3: /usr/bin/python3.11 (found suitable version "3.11.11", minimum required is "3.10") found components: Interpreter
[ruby:ro] -- Cache files will be written to: /mnt/host/source/src/platform/ec/build/zephyr/user-cache
[ruby:ro] -- Zephyr version: 4.3.99 (/mnt/host/source/src/third_party/zephyr/main)
[greenbayupoc:rw] [267/374] Building C object CMakeFiles/app.dir/mnt/host/source/src/platform/ec/build/zephyr/greenbayupoc/modules/ec/common/base32.c.obj
[greenbayupoc:rw] [268/374] Building C object CMakeFiles/app.dir/mnt/host/source/src/platform/ec/build/zephyr/greenbayupoc/modules/ec/common/console_output.c.obj
[greenbayupoc:rw] [269/374] Building C object CMakeFiles/app.dir/mnt/host/source/src/platform/ec/build/zephyr/greenbayupoc/modules/ec/common/ec_features.c.obj
[greenbayupoc:ro] [27/374] Building C object CMakeFiles/app.dir/mnt/host/source/src/platform/ec/zephyr/subsys/pd_controller/pdc_console.c.obj
[greenbayupoc:rw] [270/374] Building C object CMakeFiles/app.dir/mnt/host/source/src/platform/ec/build/zephyr/greenbayupoc/modules/ec/common/gpio_commands.c.obj
[greenbayupoc:rw] [271/374] Building C object CMakeFiles/app.dir/mnt/host/source/src/platform/ec/zephyr/subsys/pd_controller/pdc_power_mgmt.c.obj
[greenbayupoc:rw] [272/374] Building C object CMakeFiles/app.dir/mnt/host/source/src/platform/ec/build/zephyr/greenbayupoc/modules/ec/common/peripheral.c.obj
[greenbayupoc:rw] [273/374] Building C object CMakeFiles/app.dir/mnt/host/source/src/platform/ec/build/zephyr/greenbayupoc/modules/ec/common/queue.c.obj
[greenbayupoc:rw] [274/374] Building C object CMakeFiles/app.dir/mnt/host/source/src/platform/ec/build/zephyr/greenbayupoc/modules/ec/common/printf.c.obj
[greenbayupoc:rw] [275/374] Building C object CMakeFiles/app.dir/mnt/host/source/src/platform/ec/build/zephyr/greenbayupoc/modules/ec/common/system_boot_time.c.obj
[greenbayupoc:rw] [276/374] Building C object CMakeFiles/app.dir/mnt/host/source/src/platform/ec/build/zephyr/greenbayupoc/modules/ec/common/uart_printf.c.obj
[greenbayupoc:rw] [277/374] Building C object CMakeFiles/app.dir/mnt/host/source/src/platform/ec/build/zephyr/greenbayupoc/modules/ec/common/util.c.obj
[greenbayupoc:ro] [28/374] Building C object CMakeFiles/app.dir/mnt/host/source/src/platform/ec/zephyr/subsys/pd_controller/pdc_power_mgmt.c.obj
[greenbayupoc:rw] [278/374] Building C object CMakeFiles/app.dir/mnt/host/source/src/platform/ec/build/zephyr/greenbayupoc/modules/ec/common/system.c.obj
[greenbayupoc:rw] [279/374] Building C object CMakeFiles/app.dir/mnt/host/source/src/platform/ec/build/zephyr/greenbayupoc/modules/ec/common/version.c.obj
[greenbayupoc:rw] [280/374] Building C object CMakeFiles/app.dir/mnt/host/source/src/platform/ec/build/zephyr/greenbayupoc/modules/ec/common/power_button_x86.c.obj
[/mnt/host/source/src/platform/ec/build/zephyr/rauru-lcov]   /mnt/host/source/src/platform/ec/build/zephyr/rauru/build-ro/CMakeFiles/app.dir/mnt/host/source/src/platform/ec/build/zephyr/rauru/modules/ec/common/chargen.c.gcno:no functions found
[/mnt/host/source/src/platform/ec/build/zephyr/rauru-lcov] stderr:
[greenbayupoc:ro] [29/374] Building C object CMakeFiles/app.dir/mnt/host/source/src/platform/ec/zephyr/subsys/pd_controller/pdc_host_cmd.c.obj
[brox-ish:singleimage] -- Board: intel_ish_5_4_1, qualifiers: intel_ish_5_4_1
[ruby:ro] -- Board: npcx9, qualifiers: npcx9m7fb
[greenbayupoc:rw] [281/374] Building C object CMakeFiles/app.dir/mnt/host/source/src/platform/ec/build/zephyr/greenbayupoc/modules/ec/common/acpi.c.obj
[greenbayupoc:rw] [282/374] Building C object CMakeFiles/app.dir/mnt/host/source/src/platform/ec/build/zephyr/greenbayupoc/modules/ec/common/backlight_lid.c.obj
[greenbayupoc:rw] [283/374] Building C object CMakeFiles/app.dir/mnt/host/source/src/platform/ec/build/zephyr/greenbayupoc/modules/ec/common/adc.c.obj
[greenbayupoc:rw] [284/374] Building C object CMakeFiles/app.dir/mnt/host/source/src/platform/ec/build/zephyr/greenbayupoc/modules/ec/common/battery.c.obj
[greenbayupoc:rw] [285/374] Building C object CMakeFiles/app.dir/mnt/host/source/src/platform/ec/build/zephyr/greenbayupoc/modules/ec/common/battery_info.c.obj
[greenbayupoc:rw] [286/374] Building C object CMakeFiles/app.dir/mnt/host/source/src/platform/ec/build/zephyr/greenbayupoc/modules/ec/common/battery_fuel_gauge.c.obj
[greenbayupoc:rw] [287/374] Building C object CMakeFiles/app.dir/mnt/host/source/src/platform/ec/build/zephyr/greenbayupoc/modules/ec/driver/battery/smart.c.obj
[greenbayupoc:ro] [30/374] Building C object CMakeFiles/app.dir/mnt/host/source/src/platform/ec/zephyr/subsys/pd_controller/pdc_stub.c.obj
[greenbayupoc:rw] [288/374] Building C object CMakeFiles/app.dir/mnt/host/source/src/platform/ec/build/zephyr/greenbayupoc/modules/ec/common/cbi_common.c.obj
[greenbayupoc:ro] [31/374] Building C object CMakeFiles/app.dir/mnt/host/source/src/platform/ec/zephyr/subsys/pd_controller/pdc_dpm.c.obj
[greenbayupoc:rw] [289/374] Building C object CMakeFiles/app.dir/mnt/host/source/src/platform/ec/build/zephyr/greenbayupoc/modules/ec/driver/charger/isl923x.c.obj
[greenbayupoc:rw] [290/374] Building C object CMakeFiles/app.dir/mnt/host/source/src/platform/ec/build/zephyr/greenbayupoc/modules/ec/common/charger.c.obj
[greenbayupoc:rw] [291/374] Building C object CMakeFiles/app.dir/mnt/host/source/src/platform/ec/build/zephyr/greenbayupoc/modules/ec/common/cbi_config.c.obj
[greenbayupoc:rw] [292/374] Building C object CMakeFiles/app.dir/mnt/host/source/src/platform/ec/build/zephyr/greenbayupoc/modules/ec/common/charge_state.c.obj
[greenbayupoc:rw] [293/374] Building C object CMakeFiles/app.dir/mnt/host/source/src/platform/ec/build/zephyr/greenbayupoc/modules/ec/common/memory_commands.c.obj
[greenbayupoc:rw] [294/374] Building C object CMakeFiles/app.dir/mnt/host/source/src/platform/ec/build/zephyr/greenbayupoc/modules/ec/common/cbi.c.obj
[greenbayupoc:rw] [295/374] Building C object CMakeFiles/app.dir/mnt/host/source/src/platform/ec/build/zephyr/greenbayupoc/modules/ec/common/ap_reset_log.c.obj
[greenbayupoc:rw] [296/374] Building C object CMakeFiles/app.dir/mnt/host/source/src/platform/ec/build/zephyr/greenbayupoc/modules/ec/common/charge_manager.c.obj
[greenbayupoc:rw] [297/374] Building C object CMakeFiles/app.dir/mnt/host/source/src/platform/ec/build/zephyr/greenbayupoc/modules/ec/common/dptf.c.obj
[greenbayupoc:ro] [32/374] Building C object CMakeFiles/app.dir/mnt/host/source/src/platform/ec/zephyr/subsys/ucsi/ppm_common.c.obj
[greenbayupoc:rw] [298/374] Building C object CMakeFiles/app.dir/mnt/host/source/src/platform/ec/build/zephyr/greenbayupoc/modules/ec/common/espi.c.obj
[greenbayupoc:rw] [299/374] Building C object CMakeFiles/app.dir/mnt/host/source/src/platform/ec/build/zephyr/greenbayupoc/modules/ec/common/extpower_common.c.obj
[brox-ish:singleimage] -- Found Dtc: /usr/bin/dtc (found suitable version "1.6.0", minimum required is "1.4.6")
[brox-ish:singleimage] -- Found BOARD.dts: /mnt/host/source/src/third_party/zephyr/main/boards/intel/ish/intel_ish_5_4_1.dts
[ruby:ro] -- Found Dtc: /usr/bin/dtc (found suitable version "1.6.0", minimum required is "1.4.6")
[ruby:ro] -- Found BOARD.dts: /mnt/host/source/src/platform/ec/zephyr/boards/google/npcx9/npcx9_npcx9m7fb.dts
[ruby:ro] -- Found devicetree overlay: /mnt/host/source/src/platform/ec/zephyr/program/fatcat/ruby/project.overlay
[greenbayupoc:ro] [33/374] Building C object CMakeFiles/app.dir/mnt/host/source/src/platform/ec/zephyr/subsys/ucsi/ppm_console.c.obj
[greenbayupoc:rw] [300/374] Building C object CMakeFiles/app.dir/mnt/host/source/src/platform/ec/build/zephyr/greenbayupoc/modules/ec/common/extpower_gpio.c.obj
[greenbayupoc:rw] [301/374] Building C object CMakeFiles/app.dir/mnt/host/source/src/platform/ec/build/zephyr/greenbayupoc/modules/ec/common/fan.c.obj
[greenbayupoc:rw] [302/374] Building C object CMakeFiles/app.dir/mnt/host/source/src/platform/ec/build/zephyr/greenbayupoc/modules/ec/common/host_command.c.obj
[greenbayupoc:rw] [303/374] Building C object CMakeFiles/app.dir/mnt/host/source/src/platform/ec/build/zephyr/greenbayupoc/modules/ec/common/flash.c.obj
[greenbayupoc:rw] [304/374] Building C object CMakeFiles/app.dir/mnt/host/source/src/platform/ec/build/zephyr/greenbayupoc/modules/ec/common/host_command_task.c.obj
[greenbayupoc:rw] [305/374] Building C object CMakeFiles/app.dir/mnt/host/source/src/platform/ec/build/zephyr/greenbayupoc/modules/ec/common/uart_hostcmd.c.obj
[greenbayupoc:rw] [306/374] Building C object CMakeFiles/app.dir/mnt/host/source/src/platform/ec/build/zephyr/greenbayupoc/modules/ec/common/uptime.c.obj
[greenbayupoc:rw] [307/374] Building C object CMakeFiles/app.dir/mnt/host/source/src/platform/ec/build/zephyr/greenbayupoc/modules/ec/common/host_event_commands.c.obj
[brox-ish:singleimage] -- Found devicetree overlay: /mnt/host/source/src/platform/ec/zephyr/program/brox/brox-ish/project.overlay
[brox-ish:singleimage] -- Generated zephyr.dts: /mnt/host/source/src/platform/ec/build/zephyr/brox-ish/build-singleimage/zephyr/zephyr.dts
[brox-ish:singleimage] -- Generated pickled edt: /mnt/host/source/src/platform/ec/build/zephyr/brox-ish/build-singleimage/zephyr/edt.pickle
[greenbayupoc:rw] [308/374] Building C object CMakeFiles/app.dir/mnt/host/source/src/platform/ec/build/zephyr/greenbayupoc/modules/ec/common/i2c_controller.c.obj
[greenbayupoc:ro] [34/374] Building C object CMakeFiles/app.dir/mnt/host/source/src/platform/ec/zephyr/subsys/ucsi/ppm_driver.c.obj
[greenbayupoc:rw] [309/374] Building C object CMakeFiles/app.dir/mnt/host/source/src/platform/ec/build/zephyr/greenbayupoc/modules/ec/common/i2c_passthru.c.obj
[brox-ish:singleimage] -- Generated devicetree_generated.h: /mnt/host/source/src/platform/ec/build/zephyr/brox-ish/build-singleimage/zephyr/include/generated/zephyr/devicetree_generated.h
[greenbayupoc:ro] [35/374] Building C object CMakeFiles/app.dir/mnt/host/source/src/platform/ec/zephyr/subsys/ucsi/ucsi_host_cmd.c.obj
[greenbayupoc:rw] [310/374] Building C object CMakeFiles/app.dir/mnt/host/source/src/platform/ec/build/zephyr/greenbayupoc/modules/ec/common/keyboard_8042_sharedlib.c.obj
[greenbayupoc:rw] [311/374] Building C object CMakeFiles/app.dir/mnt/host/source/src/platform/ec/build/zephyr/greenbayupoc/modules/ec/common/mkbp_info.c.obj
[greenbayupoc:rw] [312/374] Building C object CMakeFiles/app.dir/mnt/host/source/src/platform/ec/build/zephyr/greenbayupoc/modules/ec/common/mkbp_input_devices.c.obj
[greenbayupoc:rw] [313/374] Building C object CMakeFiles/app.dir/mnt/host/source/src/platform/ec/build/zephyr/greenbayupoc/modules/ec/common/keyboard_backlight.c.obj
[greenbayupoc:rw] [314/374] Building C object CMakeFiles/app.dir/mnt/host/source/src/platform/ec/build/zephyr/greenbayupoc/modules/ec/common/mkbp_fifo.c.obj
[greenbayupoc:rw] [315/374] Building C object CMakeFiles/app.dir/mnt/host/source/src/platform/ec/build/zephyr/greenbayupoc/modules/ec/common/keyboard_8042.c.obj
[greenbayupoc:rw] [316/374] Building C object CMakeFiles/app.dir/mnt/host/source/src/platform/ec/build/zephyr/greenbayupoc/modules/ec/common/led_common.c.obj
[greenbayupoc:rw] [317/374] Building C object CMakeFiles/app.dir/mnt/host/source/src/platform/ec/build/zephyr/greenbayupoc/modules/ec/common/lid_switch.c.obj
[greenbayupoc:rw] [318/374] Building C object CMakeFiles/app.dir/mnt/host/source/src/platform/ec/build/zephyr/greenbayupoc/modules/ec/common/port80.c.obj
[greenbayupoc:ro] [36/374] Building C object CMakeFiles/app.dir/mnt/host/source/src/platform/ec/build/zephyr/greenbayupoc/modules/ec/builtin/stdlib.c.obj
[greenbayupoc:rw] [319/374] Building C object CMakeFiles/app.dir/mnt/host/source/src/platform/ec/build/zephyr/greenbayupoc/modules/ec/common/mkbp_event.c.obj
[greenbayupoc:ro] [37/374] Building C object CMakeFiles/app.dir/mnt/host/source/src/platform/ec/build/zephyr/greenbayupoc/modules/ec/common/base32.c.obj
[greenbayupoc:rw] [320/374] Building C object CMakeFiles/app.dir/mnt/host/source/src/platform/ec/build/zephyr/greenbayupoc/modules/ec/common/power_button.c.obj
[/mnt/host/source/src/platform/ec/build/zephyr/rauru-lcov]   /mnt/host/source/src/platform/ec/build/zephyr/rauru/build-ro/CMakeFiles/app.dir/mnt/host/source/src/platform/ec/build/zephyr/rauru/modules/ec/common/cbi_config.c.gcno:no functions found
[/mnt/host/source/src/platform/ec/build/zephyr/rauru-lcov] stderr:
[greenbayupoc:rw] [321/374] Building C object CMakeFiles/app.dir/mnt/host/source/src/platform/ec/build/zephyr/greenbayupoc/modules/ec/power/hibernate.c.obj
[greenbayupoc:rw] [322/374] Building C object CMakeFiles/app.dir/mnt/host/source/src/platform/ec/build/zephyr/greenbayupoc/modules/ec/common/shared_mem.c.obj
[greenbayupoc:rw] [323/374] Building C object CMakeFiles/app.dir/mnt/host/source/src/platform/ec/build/zephyr/greenbayupoc/modules/ec/common/panic_output.c.obj
[greenbayupoc:rw] [324/374] Building C object CMakeFiles/app.dir/mnt/host/source/src/platform/ec/build/zephyr/greenbayupoc/modules/ec/common/switch.c.obj
[greenbayupoc:rw] [325/374] Building C object CMakeFiles/app.dir/mnt/host/source/src/platform/ec/build/zephyr/greenbayupoc/modules/ec/common/temp_sensor.c.obj
[greenbayupoc:rw] [326/374] Building C object CMakeFiles/app.dir/mnt/host/source/src/platform/ec/build/zephyr/greenbayupoc/modules/ec/driver/temp_sensor/thermistor.c.obj
[greenbayupoc:rw] [327/374] Building C object CMakeFiles/app.dir/mnt/host/source/src/platform/ec/build/zephyr/greenbayupoc/modules/ec/common/thermal.c.obj
[ruby:ro] -- Generated zephyr.dts: /mnt/host/source/src/platform/ec/build/zephyr/ruby/build-ro/zephyr/zephyr.dts
[ruby:ro] -- Generated pickled edt: /mnt/host/source/src/platform/ec/build/zephyr/ruby/build-ro/zephyr/edt.pickle
[greenbayupoc:ro] [38/374] Building C object CMakeFiles/app.dir/mnt/host/source/src/platform/ec/build/zephyr/greenbayupoc/modules/ec/common/console_output.c.obj
[greenbayupoc:rw] [328/374] Building C object CMakeFiles/app.dir/mnt/host/source/src/platform/ec/build/zephyr/greenbayupoc/modules/ec/common/timer.c.obj
[greenbayupoc:ro] [39/374] Building C object CMakeFiles/app.dir/mnt/host/source/src/platform/ec/build/zephyr/greenbayupoc/modules/ec/common/ec_features.c.obj
[greenbayupoc:rw] [329/374] Building C object CMakeFiles/app.dir/mnt/host/source/src/platform/ec/build/zephyr/greenbayupoc/modules/ec/common/usb_port_power_dumb.c.obj
[/mnt/host/source/src/platform/ec/build/zephyr/rauru-lcov]   /mnt/host/source/src/platform/ec/build/zephyr/rauru/build-ro/CMakeFiles/app.dir/mnt/host/source/src/platform/ec/build/zephyr/rauru/modules/ec/zephyr/program/rauru/src/common.c.gcno:no functions found
[/mnt/host/source/src/platform/ec/build/zephyr/rauru-lcov] stderr:
[greenbayupoc:rw] [330/374] Building C object CMakeFiles/app.dir/mnt/host/source/src/platform/ec/build/zephyr/greenbayupoc/modules/ec/common/usbc_utils.c.obj
[ruby:ro] -- Generated devicetree_generated.h: /mnt/host/source/src/platform/ec/build/zephyr/ruby/build-ro/zephyr/include/generated/zephyr/devicetree_generated.h
[greenbayupoc:rw] [331/374] Building C object CMakeFiles/app.dir/mnt/host/source/src/platform/ec/build/zephyr/greenbayupoc/modules/ec/common/usb_pd_host_cmd_common.c.obj
[greenbayupoc:rw] [332/374] Building C object CMakeFiles/app.dir/mnt/host/source/src/platform/ec/build/zephyr/greenbayupoc/modules/ec/common/vstore.c.obj
[greenbayupoc:rw] [333/374] Building C object CMakeFiles/app.dir/mnt/host/source/src/platform/ec/build/zephyr/greenbayupoc/modules/ec/common/math_util.c.obj
[greenbayupoc:rw] [334/374] Building C object CMakeFiles/app.dir/mnt/host/source/src/platform/ec/build/zephyr/greenbayupoc/modules/ec/common/usb_common.c.obj
[greenbayupoc:rw] [335/374] Building C object CMakeFiles/app.dir/mnt/host/source/src/platform/ec/build/zephyr/greenbayupoc/modules/ec/common/vboot_hash.c.obj
[greenbayupoc:rw] [336/374] Building C object CMakeFiles/app.dir/src/board_power.c.obj
[greenbayupoc:rw] [337/374] Building C object CMakeFiles/app.dir/mnt/host/source/src/platform/ec/build/zephyr/greenbayupoc/modules/ec/common/vboot/efs2.c.obj
[greenbayupoc:rw] [338/374] Linking C static library modules/ec/zephyr/libec_shim.a
[greenbayupoc:rw] [339/374] Building C object CMakeFiles/app.dir/greenbayupoc/src/keyboard_customization.c.obj
[greenbayupoc:ro] [40/374] Building C object CMakeFiles/app.dir/mnt/host/source/src/platform/ec/build/zephyr/greenbayupoc/modules/ec/common/gpio_commands.c.obj
[/mnt/host/source/src/platform/ec/build/zephyr/rauru-lcov]   /mnt/host/source/src/platform/ec/build/zephyr/rauru/build-ro/zephyr/arch/arch/riscv/core/CMakeFiles/arch__riscv__core.dir/cpu_idle.c.gcno:no functions found
[/mnt/host/source/src/platform/ec/build/zephyr/rauru-lcov] stderr:
[greenbayupoc:rw] [340/374] Building C object CMakeFiles/app.dir/src/suspend_resume.c.obj
[greenbayupoc:rw] [341/374] Building C object CMakeFiles/app.dir/src/hibernate.c.obj
[greenbayupoc:ro] [41/374] Building C object CMakeFiles/app.dir/mnt/host/source/src/platform/ec/build/zephyr/greenbayupoc/modules/ec/common/peripheral.c.obj
[greenbayupoc:rw] [342/374] Building C object zephyr/kernel/CMakeFiles/kernel.dir/version.c.obj
[greenbayupoc:rw] [343/374] Building C object CMakeFiles/app.dir/src/usbc.c.obj
[greenbayupoc:rw] [344/374] Building C object zephyr/kernel/CMakeFiles/kernel.dir/errno.c.obj
[greenbayupoc:rw] [345/374] Building C object zephyr/kernel/CMakeFiles/kernel.dir/busy_wait.c.obj
[greenbayupoc:rw] [346/374] Building C object zephyr/kernel/CMakeFiles/kernel.dir/device.c.obj
[greenbayupoc:rw] [347/374] Building C object zephyr/kernel/CMakeFiles/kernel.dir/fatal.c.obj
[greenbayupoc:rw] [348/374] Building C object zephyr/kernel/CMakeFiles/kernel.dir/init.c.obj
[greenbayupoc:rw] [349/374] Linking C static library app/libapp.a
[greenbayupoc:rw] [350/374] Building C object zephyr/kernel/CMakeFiles/kernel.dir/kheap.c.obj
[greenbayupoc:rw] [351/374] Building C object zephyr/kernel/CMakeFiles/kernel.dir/mem_slab.c.obj
[greenbayupoc:ro] [42/374] Building C object CMakeFiles/app.dir/mnt/host/source/src/platform/ec/build/zephyr/greenbayupoc/modules/ec/common/printf.c.obj
[greenbayupoc:rw] [352/374] Building C object zephyr/kernel/CMakeFiles/kernel.dir/float.c.obj
[ruby:ro] /mnt/host/source/src/platform/ec/build/zephyr/ruby/build-ro/zephyr/zephyr.dts:5240.9-5247.5: Warning (gpios_property): /fans/fan_0: Missing property '#gpio-cells' in node /named-gpios/en_pp5000_fan or bad phandle (referred from enable-gpio[0])
[greenbayupoc:ro] [43/374] Building C object CMakeFiles/app.dir/mnt/host/source/src/platform/ec/build/zephyr/greenbayupoc/modules/ec/common/queue.c.obj
[/mnt/host/source/src/platform/ec/build/zephyr/markarth-lcov]   /mnt/host/source/src/platform/ec/build/zephyr/markarth/build-rw/zephyr/CMakeFiles/zephyr.dir/soc/nuvoton/npcx/common/npcxn/registers.c.gcno:no functions found
[/mnt/host/source/src/platform/ec/build/zephyr/markarth-lcov] stderr:
[greenbayupoc:rw] [353/374] Building C object zephyr/kernel/CMakeFiles/kernel.dir/idle.c.obj
[greenbayupoc:rw] [354/374] Building C object zephyr/kernel/CMakeFiles/kernel.dir/mailbox.c.obj
[/mnt/host/source/src/platform/ec/build/zephyr/rauru-lcov]   /mnt/host/source/src/platform/ec/build/zephyr/rauru/build-ro/zephyr/arch/common/CMakeFiles/isr_tables.dir/isr_tables.c.gcno:no functions found
[/mnt/host/source/src/platform/ec/build/zephyr/rauru-lcov] stderr:
[greenbayupoc:rw] [355/374] Building C object zephyr/kernel/CMakeFiles/kernel.dir/system_work_q.c.obj
[greenbayupoc:rw] [356/374] Building C object zephyr/kernel/CMakeFiles/kernel.dir/msg_q.c.obj
[greenbayupoc:rw] [357/374] Building C object zephyr/kernel/CMakeFiles/kernel.dir/stack.c.obj
[greenbayupoc:rw] [358/374] Building C object zephyr/kernel/CMakeFiles/kernel.dir/sem.c.obj
[greenbayupoc:rw] [359/374] Building C object zephyr/kernel/CMakeFiles/kernel.dir/mutex.c.obj
[greenbayupoc:rw] [360/374] Building C object zephyr/kernel/CMakeFiles/kernel.dir/queue.c.obj
[greenbayupoc:rw] [361/374] Building C object zephyr/kernel/CMakeFiles/kernel.dir/condvar.c.obj
[greenbayupoc:rw] [362/374] Building C object zephyr/kernel/CMakeFiles/kernel.dir/work.c.obj
[brox-ish:singleimage] warning: PLATFORM_EC_TABLET_MODE_SWITCH (defined at
[brox-ish:singleimage] /mnt/host/source/src/platform/ec/zephyr/Kconfig.tabletmode:15) was assigned the value 'y' but got
[brox-ish:singleimage] the value 'n'. Check these unsatisfied dependencies: PLATFORM_EC_MKBP_INPUT_DEVICES (=n). See
[brox-ish:singleimage] http://docs.zephyrproject.org/latest/kconfig.html#CONFIG_PLATFORM_EC_TABLET_MODE_SWITCH and/or look
[brox-ish:singleimage] up PLATFORM_EC_TABLET_MODE_SWITCH in the menuconfig/guiconfig interface. The Application Development
[brox-ish:singleimage] Primer, Setting Configuration Values, and Kconfig - Tips and Best Practices sections of the manual
[brox-ish:singleimage] might be helpful too.
[brox-ish:singleimage] warning: Deprecated symbol I2C_ALLOW_NO_STOP_TRANSACTIONS is enabled.
[greenbayupoc:rw] [363/374] Building C object zephyr/kernel/CMakeFiles/kernel.dir/spinlock_validate.c.obj
[greenbayupoc:ro] [44/374] Building C object CMakeFiles/app.dir/mnt/host/source/src/platform/ec/build/zephyr/greenbayupoc/modules/ec/common/system_boot_time.c.obj
[greenbayupoc:ro] [45/374] Building C object CMakeFiles/app.dir/mnt/host/source/src/platform/ec/build/zephyr/greenbayupoc/modules/ec/common/system.c.obj
[greenbayupoc:rw] [364/374] Building C object zephyr/kernel/CMakeFiles/kernel.dir/thread.c.obj
[greenbayupoc:rw] [365/374] Building C object zephyr/kernel/CMakeFiles/kernel.dir/pipe.c.obj
[guren:ro] Building: /usr/bin/ninja -C /mnt/host/source/src/platform/ec/build/zephyr/guren/build-ro all.libraries
Running `env -i SHELL=/bin/bash COLORTERM=truecolor DEPOT_TOOLS_UPDATE=0 LESS='-R -M --shift 5' SUDO_GID=0 JDK_HOME=/etc/java-config-2/current-system-vm CONFIG_PROTECT_MASK='/etc/gentoo-release /etc/sandbox.d /etc/fonts/fonts.conf /etc/terminfo /etc/ca-certificates.conf /etc/revdep-rebuild' CHROMEOS_CACHEDIR=/var/cache/chromeos-cache JAVA_HOME=/etc/java-config-2/current-system-vm SSH_AUTH_SOCK=/tmp/ssh-auth-sock SUDO_COMMAND=/bin/bash SUDO_USER=root SUDO_TTY=/dev/pts/2 EDITOR=/usr/bin/vi PWD=/mnt/host/source/src/platform/ec CONFIG_PROTECT=/usr/share/gnupg/qualified.txt LOGNAME=jpmurphy MANPATH=/etc/java-config-2/current-system-vm/man:/usr/local/share/man:/usr/share/man:/usr/share/gcc-data/x86_64-pc-linux-gnu/10.2.0/man:/usr/share/binutils-data/x86_64-pc-linux-gnu/2.45/man:/etc/java-config-2/current-system-vm/man/ SUDO_HOME=/root XAUTHORITY=/run/user/944457/gdm/Xauthority HOME=/home/jpmurphy LANG=C.UTF-8 LS_COLORS='rs=0:di=01;34:ln=01;36:mh=00:pi=40;33:so=01;35:do=01;35:bd=40;33;01:cd=40;33;01:or=01;05;37;41:mi=01;05;37;41:su=37;41:sg=30;43:ca=30;41:tw=30;42:ow=34;42:st=37;44:ex=01;32:*.tar=01;31:*.tgz=01;31:*.arc=01;31:*.arj=01;31:*.taz=01;31:*.lha=01;31:*.lz4=01;31:*.lzh=01;31:*.lzma=01;31:*.tlz=01;31:*.txz=01;31:*.tzo=01;31:*.t7z=01;31:*.zip=01;31:*.z=01;31:*.dz=01;31:*.gz=01;31:*.lrz=01;31:*.lz=01;31:*.lzo=01;31:*.xz=01;31:*.zst=01;31:*.tzst=01;31:*.bz2=01;31:*.bz=01;31:*.tbz=01;31:*.tbz2=01;31:*.tz=01;31:*.deb=01;31:*.rpm=01;31:*.jar=01;31:*.war=01;31:*.ear=01;31:*.sar=01;31:*.rar=01;31:*.alz=01;31:*.ace=01;31:*.zoo=01;31:*.cpio=01;31:*.7z=01;31:*.rz=01;31:*.cab=01;31:*.wim=01;31:*.swm=01;31:*.dwm=01;31:*.esd=01;31:*.jpg=01;35:*.jpeg=01;35:*.mjpg=01;35:*.mjpeg=01;35:*.gif=01;35:*.bmp=01;35:*.pbm=01;35:*.pgm=01;35:*.ppm=01;35:*.tga=01;35:*.xbm=01;35:*.xpm=01;35:*.tif=01;35:*.tiff=01;35:*.png=01;35:*.svg=01;35:*.svgz=01;35:*.mng=01;35:*.pcx=01;35:*.mov=01;35:*.mpg=01;35:*.mpeg=01;35:*.m2v=01;35:*.mkv=01;35:*.webm=01;35:*.webp=01;35:*.ogm=01;35:*.mp4=01;35:*.m4v=01;35:*.mp4v=01;35:*.vob=01;35:*.qt=01;35:*.nuv=01;35:*.wmv=01;35:*.asf=01;35:*.rm=01;35:*.rmvb=01;35:*.flc=01;35:*.avi=01;35:*.fli=01;35:*.flv=01;35:*.gl=01;35:*.dl=01;35:*.xcf=01;35:*.xwd=01;35:*.yuv=01;35:*.cgm=01;35:*.emf=01;35:*.ogv=01;35:*.ogx=01;35:*.cfg=00;32:*.conf=00;32:*.diff=00;32:*.doc=00;32:*.ini=00;32:*.log=00;32:*.patch=00;32:*.pdf=00;32:*.ps=00;32:*.tex=00;32:*.txt=00;32:*.aac=00;36:*.au=00;36:*.flac=00;36:*.m4a=00;36:*.mid=00;36:*.midi=00;36:*.mka=00;36:*.mp3=00;36:*.mpc=00;36:*.ogg=00;36:*.ra=00;36:*.wav=00;36:*.oga=00;36:*.opus=00;36:*.spx=00;36:*.xspf=00;36:' XDG_CURRENT_DESKTOP=GNOME INFOPATH=/usr/share/info:/usr/share/gcc-data/x86_64-pc-linux-gnu/10.2.0/info:/usr/share/binutils-data/x86_64-pc-linux-gnu/2.45/info:/usr/share/automake-1.16.5/info JAVAC=/etc/java-config-2/current-system-vm/bin/javac TERM=xterm-256color LESSOPEN='|lesspipe %s' USER=jpmurphy CROS_WORKON_SRCROOT=/mnt/host/source MANPAGER=manpager DISPLAY=:1 SHLVL=1 LC_MESSAGES=C EXTERNAL_TRUNK_PATH=/mnt/8f9d649a-3721-44cc-93c0-e6bd21a9689f/chromiumos GCC_SPECS='' PATH=/mnt/host/source/chromite/bin:/usr/local/bin:/usr/bin:/bin:/opt/bin:/mnt/host/source/chromite/sdk/bin:/mnt/host/source/chromite/bin PORTAGE_USERNAME=jpmurphy SUDO_UID=0 GCC_VER=10.2.0 MAIL=/var/mail/jpmurphy OLDPWD=/mnt/host/source/src/scripts traceparent=00-e87aca51550a78635907baa6a2476181-6d684811675d2973-01 _=./zephyr/firmware_builder.py COREBOOT_SDK_ROOT_x86=/home/jpmurphy/.cache/coreboot-sdk/i386-elf/dfbb0486385d938cfa9d73080b9d18d598ed4f49 COREBOOT_SDK_ROOT_picolibc_x86=/home/jpmurphy/.cache/coreboot-sdk/picolibc-i386-elf/eb8e8e687b95461de8cbf278f1c2076952d0ad17 COREBOOT_SDK_ROOT_riscv64=/home/jpmurphy/.cache/coreboot-sdk/riscv64-elf/96b949749225b6aaa92ed810ab769e8dfb12f000 COREBOOT_SDK_ROOT_picolibc_arm=/home/jpmurphy/.cache/coreboot-sdk/picolibc-arm-eabi/422a2aa3e1ef891b5bece9a3deb696ff83840d2e COREBOOT_SDK_ROOT_nds32=/home/jpmurphy/.cache/coreboot-sdk/nds32le-elf/d1a518c4a097666d86058e1444f85ca015d15511 COREBOOT_SDK_ROOT_picolibc_riscv64=/home/jpmurphy/.cache/coreboot-sdk/picolibc-riscv64-elf/f571e990ef0278564b31124f8bb109d9a697eb69 COREBOOT_SDK_ROOT_arm=/home/jpmurphy/.cache/coreboot-sdk/arm-eabi/ea40ddd1d190c3b48435c474c0b545719371813a COREBOOT_SDK_ROOT_libstdcxx_riscv64=/home/jpmurphy/.cache/coreboot-sdk/libstdcxx-riscv64-elf/17abf22a3a252e2d5d2062ced5324f7a623689e0 COREBOOT_SDK_ROOT_libstdcxx_arm=/home/jpmurphy/.cache/coreboot-sdk/libstdcxx-arm-eabi/5d7d82e150e44aa1968f1d366e267e6687b328ac COREBOOT_SDK_ROOT_riscv=/home/jpmurphy/.cache/coreboot-sdk/riscv-elf/9a27b9e82341c6e9126624f516ab3f261abb3e73 COREBOOT_SDK_ROOT_libstdcxx_x86=/home/jpmurphy/.cache/coreboot-sdk/libstdcxx-i386-elf/42ef9d2e87a76a37963175d7d428734e65648b87 PYTHONPATH=/mnt/host/source/src/platform/ec/zephyr/zmake PW_PIGWEED_CIPD_INSTALL_DIR=/usr CROSTC_USER_ACKNOWLEDGES_THAT_RISCV_IS_EXPERIMENTAL=1 MAKEFLAGS=' -j16 --jobserver-auth=5,6' /usr/bin/ninja -C /mnt/host/source/src/platform/ec/build/zephyr/guren/build-ro all.libraries`
[guren:rw] Building: /usr/bin/ninja -C /mnt/host/source/src/platform/ec/build/zephyr/guren/build-rw all.libraries
Running `env -i SHELL=/bin/bash COLORTERM=truecolor DEPOT_TOOLS_UPDATE=0 LESS='-R -M --shift 5' SUDO_GID=0 JDK_HOME=/etc/java-config-2/current-system-vm CONFIG_PROTECT_MASK='/etc/gentoo-release /etc/sandbox.d /etc/fonts/fonts.conf /etc/terminfo /etc/ca-certificates.conf /etc/revdep-rebuild' CHROMEOS_CACHEDIR=/var/cache/chromeos-cache JAVA_HOME=/etc/java-config-2/current-system-vm SSH_AUTH_SOCK=/tmp/ssh-auth-sock SUDO_COMMAND=/bin/bash SUDO_USER=root SUDO_TTY=/dev/pts/2 EDITOR=/usr/bin/vi PWD=/mnt/host/source/src/platform/ec CONFIG_PROTECT=/usr/share/gnupg/qualified.txt LOGNAME=jpmurphy MANPATH=/etc/java-config-2/current-system-vm/man:/usr/local/share/man:/usr/share/man:/usr/share/gcc-data/x86_64-pc-linux-gnu/10.2.0/man:/usr/share/binutils-data/x86_64-pc-linux-gnu/2.45/man:/etc/java-config-2/current-system-vm/man/ SUDO_HOME=/root XAUTHORITY=/run/user/944457/gdm/Xauthority HOME=/home/jpmurphy LANG=C.UTF-8 LS_COLORS='rs=0:di=01;34:ln=01;36:mh=00:pi=40;33:so=01;35:do=01;35:bd=40;33;01:cd=40;33;01:or=01;05;37;41:mi=01;05;37;41:su=37;41:sg=30;43:ca=30;41:tw=30;42:ow=34;42:st=37;44:ex=01;32:*.tar=01;31:*.tgz=01;31:*.arc=01;31:*.arj=01;31:*.taz=01;31:*.lha=01;31:*.lz4=01;31:*.lzh=01;31:*.lzma=01;31:*.tlz=01;31:*.txz=01;31:*.tzo=01;31:*.t7z=01;31:*.zip=01;31:*.z=01;31:*.dz=01;31:*.gz=01;31:*.lrz=01;31:*.lz=01;31:*.lzo=01;31:*.xz=01;31:*.zst=01;31:*.tzst=01;31:*.bz2=01;31:*.bz=01;31:*.tbz=01;31:*.tbz2=01;31:*.tz=01;31:*.deb=01;31:*.rpm=01;31:*.jar=01;31:*.war=01;31:*.ear=01;31:*.sar=01;31:*.rar=01;31:*.alz=01;31:*.ace=01;31:*.zoo=01;31:*.cpio=01;31:*.7z=01;31:*.rz=01;31:*.cab=01;31:*.wim=01;31:*.swm=01;31:*.dwm=01;31:*.esd=01;31:*.jpg=01;35:*.jpeg=01;35:*.mjpg=01;35:*.mjpeg=01;35:*.gif=01;35:*.bmp=01;35:*.pbm=01;35:*.pgm=01;35:*.ppm=01;35:*.tga=01;35:*.xbm=01;35:*.xpm=01;35:*.tif=01;35:*.tiff=01;35:*.png=01;35:*.svg=01;35:*.svgz=01;35:*.mng=01;35:*.pcx=01;35:*.mov=01;35:*.mpg=01;35:*.mpeg=01;35:*.m2v=01;35:*.mkv=01;35:*.webm=01;35:*.webp=01;35:*.ogm=01;35:*.mp4=01;35:*.m4v=01;35:*.mp4v=01;35:*.vob=01;35:*.qt=01;35:*.nuv=01;35:*.wmv=01;35:*.asf=01;35:*.rm=01;35:*.rmvb=01;35:*.flc=01;35:*.avi=01;35:*.fli=01;35:*.flv=01;35:*.gl=01;35:*.dl=01;35:*.xcf=01;35:*.xwd=01;35:*.yuv=01;35:*.cgm=01;35:*.emf=01;35:*.ogv=01;35:*.ogx=01;35:*.cfg=00;32:*.conf=00;32:*.diff=00;32:*.doc=00;32:*.ini=00;32:*.log=00;32:*.patch=00;32:*.pdf=00;32:*.ps=00;32:*.tex=00;32:*.txt=00;32:*.aac=00;36:*.au=00;36:*.flac=00;36:*.m4a=00;36:*.mid=00;36:*.midi=00;36:*.mka=00;36:*.mp3=00;36:*.mpc=00;36:*.ogg=00;36:*.ra=00;36:*.wav=00;36:*.oga=00;36:*.opus=00;36:*.spx=00;36:*.xspf=00;36:' XDG_CURRENT_DESKTOP=GNOME INFOPATH=/usr/share/info:/usr/share/gcc-data/x86_64-pc-linux-gnu/10.2.0/info:/usr/share/binutils-data/x86_64-pc-linux-gnu/2.45/info:/usr/share/automake-1.16.5/info JAVAC=/etc/java-config-2/current-system-vm/bin/javac TERM=xterm-256color LESSOPEN='|lesspipe %s' USER=jpmurphy CROS_WORKON_SRCROOT=/mnt/host/source MANPAGER=manpager DISPLAY=:1 SHLVL=1 LC_MESSAGES=C EXTERNAL_TRUNK_PATH=/mnt/8f9d649a-3721-44cc-93c0-e6bd21a9689f/chromiumos GCC_SPECS='' PATH=/mnt/host/source/chromite/bin:/usr/local/bin:/usr/bin:/bin:/opt/bin:/mnt/host/source/chromite/sdk/bin:/mnt/host/source/chromite/bin PORTAGE_USERNAME=jpmurphy SUDO_UID=0 GCC_VER=10.2.0 MAIL=/var/mail/jpmurphy OLDPWD=/mnt/host/source/src/scripts traceparent=00-e87aca51550a78635907baa6a2476181-6d684811675d2973-01 _=./zephyr/firmware_builder.py COREBOOT_SDK_ROOT_x86=/home/jpmurphy/.cache/coreboot-sdk/i386-elf/dfbb0486385d938cfa9d73080b9d18d598ed4f49 COREBOOT_SDK_ROOT_picolibc_x86=/home/jpmurphy/.cache/coreboot-sdk/picolibc-i386-elf/eb8e8e687b95461de8cbf278f1c2076952d0ad17 COREBOOT_SDK_ROOT_riscv64=/home/jpmurphy/.cache/coreboot-sdk/riscv64-elf/96b949749225b6aaa92ed810ab769e8dfb12f000 COREBOOT_SDK_ROOT_picolibc_arm=/home/jpmurphy/.cache/coreboot-sdk/picolibc-arm-eabi/422a2aa3e1ef891b5bece9a3deb696ff83840d2e COREBOOT_SDK_ROOT_nds32=/home/jpmurphy/.cache/coreboot-sdk/nds32le-elf/d1a518c4a097666d86058e1444f85ca015d15511 COREBOOT_SDK_ROOT_picolibc_riscv64=/home/jpmurphy/.cache/coreboot-sdk/picolibc-riscv64-elf/f571e990ef0278564b31124f8bb109d9a697eb69 COREBOOT_SDK_ROOT_arm=/home/jpmurphy/.cache/coreboot-sdk/arm-eabi/ea40ddd1d190c3b48435c474c0b545719371813a COREBOOT_SDK_ROOT_libstdcxx_riscv64=/home/jpmurphy/.cache/coreboot-sdk/libstdcxx-riscv64-elf/17abf22a3a252e2d5d2062ced5324f7a623689e0 COREBOOT_SDK_ROOT_libstdcxx_arm=/home/jpmurphy/.cache/coreboot-sdk/libstdcxx-arm-eabi/5d7d82e150e44aa1968f1d366e267e6687b328ac COREBOOT_SDK_ROOT_riscv=/home/jpmurphy/.cache/coreboot-sdk/riscv-elf/9a27b9e82341c6e9126624f516ab3f261abb3e73 COREBOOT_SDK_ROOT_libstdcxx_x86=/home/jpmurphy/.cache/coreboot-sdk/libstdcxx-i386-elf/42ef9d2e87a76a37963175d7d428734e65648b87 PYTHONPATH=/mnt/host/source/src/platform/ec/zephyr/zmake PW_PIGWEED_CIPD_INSTALL_DIR=/usr CROSTC_USER_ACKNOWLEDGES_THAT_RISCV_IS_EXPERIMENTAL=1 MAKEFLAGS=' -j16 --jobserver-auth=5,6' /usr/bin/ninja -C /mnt/host/source/src/platform/ec/build/zephyr/guren/build-rw all.libraries`
[greenbayupoc:rw] [366/374] Building C object zephyr/kernel/CMakeFiles/kernel.dir/thread_monitor.c.obj
[guren:rw] ninja: Entering directory `/mnt/host/source/src/platform/ec/build/zephyr/guren/build-rw'
[guren:ro] ninja: Entering directory `/mnt/host/source/src/platform/ec/build/zephyr/guren/build-ro'
[greenbayupoc:rw] [367/374] Building C object zephyr/kernel/CMakeFiles/kernel.dir/timer.c.obj
[greenbayupoc:rw] [368/374] Building C object zephyr/kernel/CMakeFiles/kernel.dir/timeout.c.obj
Toolchain <zmake.toolchains.CorebootSdkToolchain object at 0x7f41204ab250> selected by probe function.
[moonstone-ish] Building in /mnt/host/source/src/platform/ec/build/zephyr/moonstone-ish.
[greenbayupoc:rw] [369/374] Building C object zephyr/kernel/CMakeFiles/kernel.dir/poll.c.obj
[greenbayupoc:rw] [370/374] Building C object zephyr/kernel/CMakeFiles/kernel.dir/sched.c.obj
[guren:ro] [1/413] Preparing syscall dependency handling
[brox-ish:singleimage] Parsing /mnt/host/source/src/platform/ec/zephyr/program/brox/Kconfig
[greenbayupoc:rw] [371/374] Building C object zephyr/kernel/CMakeFiles/kernel.dir/mempool.c.obj
[guren:ro] [2/413] Generating misc/generated/syscalls_subdirs.trigger
[greenbayupoc:rw] [372/374] Building C object zephyr/kernel/CMakeFiles/kernel.dir/events.c.obj
Running (initial) lcov on /mnt/host/source/src/platform/ec/build/zephyr/yavilla.
[greenbayupoc:rw] [373/374] Building C object zephyr/kernel/CMakeFiles/kernel.dir/dynamic_disabled.c.obj
[guren:ro] [3/413] cd /mnt/host/source/src/platform/ec/build/zephyr/guren/build-ro/modules/ec/zephyr && PYTHONPATH=/mnt/host/source/src/platform/ec/build/zephyr/guren/modules/ec/zephyr/zmake/ /usr/bin/python3.11 /mnt/host/source/src/platform/ec/build/zephyr/guren/modules/ec/zephyr/zmake/zephyr_build_tools/generate_ec_version.py /mnt/host/source/src/platform/ec/build/zephyr/guren/build-ro/modules/ec/zephyr/include/ec_version.h --name Zephyr-Kernel --version 16543.0.0 --static
[guren:ro] INFO:root:Using a static version string
[greenbayupoc:rw] [374/374] Linking C static library zephyr/kernel/libkernel.a
[moonstone-ish:singleimage] Configuring.
Running `env -i PYTHONPATH=/usr/lib64/python-exec/python3.11:/mnt/host/source/src/platform/ec/zephyr/zmake:/usr/lib/python311.zip:/usr/lib/python3.11:/usr/lib/python3.11/lib-dynload:/usr/lib/python3.11/site-packages PW_PIGWEED_CIPD_INSTALL_DIR=/usr CROSTC_USER_ACKNOWLEDGES_THAT_RISCV_IS_EXPERIMENTAL=1 PATH=/mnt/host/source/chromite/bin:/usr/local/bin:/usr/bin:/bin:/opt/bin:/mnt/host/source/chromite/sdk/bin:/mnt/host/source/chromite/bin HOME=/home/jpmurphy JAVA_HOME=/etc/java-config-2/current-system-vm JDK_HOME=/etc/java-config-2/current-system-vm JAVAC=/etc/java-config-2/current-system-vm/bin/javac MAKEFLAGS=' -j16 --jobserver-auth=5,6' /usr/bin/cmake -S /mnt/host/source/src/platform/ec/zephyr/program/fatcat -B /mnt/host/source/src/platform/ec/build/zephyr/moonstone-ish/build-singleimage -GNinja -DCMAKE_EXPORT_COMPILE_COMMANDS=ON -DZEPHYR_BASE=/mnt/host/source/src/third_party/zephyr/main -DZMAKE_INCLUDE_DIR=/mnt/host/source/src/platform/ec/build/zephyr/moonstone-ish/include -DPython3_EXECUTABLE=/usr/bin/python3.11 -DDTS_ROOT=/mnt/host/source/src/platform/ec/zephyr -DSYSCALL_INCLUDE_DIRS=/mnt/host/source/src/platform/ec/zephyr/include/drivers -DUSER_CACHE_DIR=/mnt/host/source/src/platform/ec/build/zephyr/user-cache -DPW_ROOT=/mnt/host/source/src/third_party/pigweed -DNANOPB_DIR=/mnt/host/source/src/third_party/zephyr/nanopb '-DEXTRA_EC_VERSION_FLAGS=--version 16543.0.0 --static' -DTOOLCHAIN_ROOT=/mnt/host/source/src/platform/ec/zephyr -DCOREBOOT_SDK_ROOT_x86=/home/jpmurphy/.cache/coreboot-sdk/i386-elf/dfbb0486385d938cfa9d73080b9d18d598ed4f49 -DCOREBOOT_SDK_ROOT_picolibc_x86=/home/jpmurphy/.cache/coreboot-sdk/picolibc-i386-elf/eb8e8e687b95461de8cbf278f1c2076952d0ad17 -DCOREBOOT_SDK_ROOT_riscv64=/home/jpmurphy/.cache/coreboot-sdk/riscv64-elf/96b949749225b6aaa92ed810ab769e8dfb12f000 -DCOREBOOT_SDK_ROOT_picolibc_arm=/home/jpmurphy/.cache/coreboot-sdk/picolibc-arm-eabi/422a2aa3e1ef891b5bece9a3deb696ff83840d2e -DCOREBOOT_SDK_ROOT_nds32=/home/jpmurphy/.cache/coreboot-sdk/nds32le-elf/d1a518c4a097666d86058e1444f85ca015d15511 -DCOREBOOT_SDK_ROOT_picolibc_riscv64=/home/jpmurphy/.cache/coreboot-sdk/picolibc-riscv64-elf/f571e990ef0278564b31124f8bb109d9a697eb69 -DCOREBOOT_SDK_ROOT_arm=/home/jpmurphy/.cache/coreboot-sdk/arm-eabi/ea40ddd1d190c3b48435c474c0b545719371813a -DCOREBOOT_SDK_ROOT_libstdcxx_riscv64=/home/jpmurphy/.cache/coreboot-sdk/libstdcxx-riscv64-elf/17abf22a3a252e2d5d2062ced5324f7a623689e0 -DCOREBOOT_SDK_ROOT_libstdcxx_arm=/home/jpmurphy/.cache/coreboot-sdk/libstdcxx-arm-eabi/5d7d82e150e44aa1968f1d366e267e6687b328ac -DCOREBOOT_SDK_ROOT_riscv=/home/jpmurphy/.cache/coreboot-sdk/riscv-elf/9a27b9e82341c6e9126624f516ab3f261abb3e73 -DCOREBOOT_SDK_ROOT_libstdcxx_x86=/home/jpmurphy/.cache/coreboot-sdk/libstdcxx-i386-elf/42ef9d2e87a76a37963175d7d428734e65648b87 -DZEPHYR_TOOLCHAIN_VARIANT=coreboot-sdk '-DZEPHYR_MODULES=/mnt/host/source/src/platform/ec/build/zephyr/moonstone-ish/modules/ec;/mnt/host/source/src/platform/ec/build/zephyr/moonstone-ish/modules/cmsis;/mnt/host/source/src/platform/ec/build/zephyr/moonstone-ish/modules/cmsis_6;/mnt/host/source/src/platform/ec/build/zephyr/moonstone-ish/modules/hal_intel_public;/mnt/host/source/src/platform/ec/build/zephyr/moonstone-ish/modules/pigweed;/mnt/host/source/src/platform/ec/build/zephyr/moonstone-ish/modules/nanopb' -DDTC_OVERLAY_FILE=/mnt/host/source/src/platform/ec/zephyr/program/fatcat/moonstone-ish/project.overlay -DBOARD=intel_ish_5_8_0 '-DCONF_FILE=/mnt/host/source/src/platform/ec/zephyr/program/fatcat/dsp_comms.conf;/mnt/host/source/src/platform/ec/zephyr/program/fatcat/moonstone-ish/project.conf;/mnt/host/source/src/platform/ec/build/zephyr/moonstone-ish/kconfig-singleimage.conf'`
[moonstone-ish:singleimage] Loading Zephyr default modules (Zephyr base (cached)).
[moonstone-ish:singleimage] -- Application: /mnt/host/source/src/platform/ec/zephyr/program/fatcat
[moonstone-ish:singleimage] -- CMake version: 3.31.7
[greenbayupoc:ro] [46/374] Building C object CMakeFiles/app.dir/mnt/host/source/src/platform/ec/build/zephyr/greenbayupoc/modules/ec/common/uart_printf.c.obj
[guren:rw] [1/413] Generating include/generated/zephyr/version.h
[guren:rw] -- git describe warned: warning: tag 'upstream/v2.7.99' is externally known as 'v2.7.99'
[guren:rw] -- Zephyr version: 4.3.99 (/mnt/host/source/src/third_party/zephyr/main)
[guren:rw] [2/413] Preparing syscall dependency handling
[guren:ro] INFO:root:Version string: Zephyr-Kernel-16543.0.0
[guren:ro] INFO:root:Writing header to /mnt/host/source/src/platform/ec/build/zephyr/guren/build-ro/modules/ec/zephyr/include/ec_version.h
[guren:ro] [4/413] Generating include/generated/zephyr/version.h
[guren:ro] -- git describe warned: warning: tag 'upstream/v2.7.99' is externally known as 'v2.7.99'
[guren:rw] [3/413] Generating misc/generated/syscalls_subdirs.trigger
[greenbayupoc:ro] [47/374] Building C object CMakeFiles/app.dir/mnt/host/source/src/platform/ec/build/zephyr/greenbayupoc/modules/ec/common/util.c.obj
Running `env -i PYTHONPATH=/usr/lib64/python-exec/python3.11:/mnt/host/source/src/platform/ec/zephyr/zmake:/usr/lib/python311.zip:/usr/lib/python3.11:/usr/lib/python3.11/lib-dynload:/usr/lib/python3.11/site-packages PW_PIGWEED_CIPD_INSTALL_DIR=/usr CROSTC_USER_ACKNOWLEDGES_THAT_RISCV_IS_EXPERIMENTAL=1 PATH=/mnt/host/source/chromite/bin:/usr/local/bin:/usr/bin:/bin:/opt/bin:/mnt/host/source/chromite/sdk/bin:/mnt/host/source/chromite/bin HOME=/home/jpmurphy JAVA_HOME=/etc/java-config-2/current-system-vm JDK_HOME=/etc/java-config-2/current-system-vm JAVAC=/etc/java-config-2/current-system-vm/bin/javac MAKEFLAGS=' -j16 --jobserver-auth=5,6' /usr/bin/lcov --gcov-tool /mnt/host/source/src/platform/ec/build/zephyr/yavilla/build-rw/gcov.sh -q -o - -c -d /mnt/host/source/src/platform/ec/build/zephyr/yavilla -t yavilla --rc branch_coverage=1 --filter range --ignore-errors inconsistent,source --ignore-errors gcov,gcov -i`
[guren:rw] [4/413] cd /mnt/host/source/src/platform/ec/build/zephyr/guren/build-rw/modules/ec/zephyr && PYTHONPATH=/mnt/host/source/src/platform/ec/build/zephyr/guren/modules/ec/zephyr/zmake/ /usr/bin/python3.11 /mnt/host/source/src/platform/ec/build/zephyr/guren/modules/ec/zephyr/zmake/zephyr_build_tools/generate_ec_version.py /mnt/host/source/src/platform/ec/build/zephyr/guren/build-rw/modules/ec/zephyr/include/ec_version.h --name Zephyr-Kernel --version 16543.0.0 --static
[guren:rw] INFO:root:Using a static version string
[greenbayupoc:ro] [48/374] Building C object CMakeFiles/app.dir/mnt/host/source/src/platform/ec/build/zephyr/greenbayupoc/modules/ec/common/version.c.obj
[moonstone-ish:singleimage] -- Found Python3: /usr/bin/python3.11 (found suitable version "3.11.11", minimum required is "3.10") found components: Interpreter
[moonstone-ish:singleimage] -- Cache files will be written to: /mnt/host/source/src/platform/ec/build/zephyr/user-cache
[greenbayupoc:ro] [49/374] Building C object CMakeFiles/app.dir/mnt/host/source/src/platform/ec/build/zephyr/greenbayupoc/modules/ec/common/power_button_x86.c.obj
[moonstone-ish:singleimage] -- Zephyr version: 4.3.99 (/mnt/host/source/src/third_party/zephyr/main)
[greenbayupoc:ro] [50/374] Building C object CMakeFiles/app.dir/mnt/host/source/src/platform/ec/build/zephyr/greenbayupoc/modules/ec/common/adc.c.obj
[guren:ro] -- Zephyr version: 4.3.99 (/mnt/host/source/src/third_party/zephyr/main)
[guren:ro] [5/413] Generating misc/generated/syscalls.json, misc/generated/struct_tags.json
Toolchain <zmake.toolchains.CorebootSdkToolchain object at 0x7f41204a7450> selected by probe function.
[uldrenite] Building in /mnt/host/source/src/platform/ec/build/zephyr/uldrenite.
[greenbayupoc:ro] [51/374] Building C object CMakeFiles/app.dir/mnt/host/source/src/platform/ec/build/zephyr/greenbayupoc/modules/ec/common/acpi.c.obj
[brox-ish:singleimage] Loaded configuration '/mnt/host/source/src/third_party/zephyr/main/boards/intel/ish/intel_ish_5_4_1_defconfig'
[brox-ish:singleimage] Merged configuration '/mnt/host/source/src/platform/ec/zephyr/program/brox/brox-ish/prj.conf'
[brox-ish:singleimage] Merged configuration '/mnt/host/source/src/platform/ec/zephyr/program/brox/motionsense.conf'
[brox-ish:singleimage] Merged configuration '/mnt/host/source/src/platform/ec/build/zephyr/brox-ish/kconfig-singleimage.conf'
[brox-ish:singleimage] Configuration saved to '/mnt/host/source/src/platform/ec/build/zephyr/brox-ish/build-singleimage/zephyr/.config'
[brox-ish:singleimage] Kconfig header saved to '/mnt/host/source/src/platform/ec/build/zephyr/brox-ish/build-singleimage/zephyr/include/generated/zephyr/autoconf.h'
[brox-ish:singleimage] -- Found GnuLd: /home/jpmurphy/.cache/coreboot-sdk/i386-elf/dfbb0486385d938cfa9d73080b9d18d598ed4f49/i386-elf/bin/ld.bfd (found version "2.43.1")
[guren:ro] [6/413] Generating include/generated/zephyr/syscall_dispatch.c, include/generated/zephyr/syscall_exports_llext.c, syscall_weakdefs_llext.c, include/generated/zephyr/syscall_list.h
[greenbayupoc:ro] [52/374] Building C object CMakeFiles/app.dir/mnt/host/source/src/platform/ec/build/zephyr/greenbayupoc/modules/ec/common/backlight_lid.c.obj
[brox-ish:singleimage] -- The C compiler identification is GNU 14.2.0
[guren:ro] [7/413] Generating include/generated/zephyr/driver-validation.h
[guren:rw] INFO:root:Version string: Zephyr-Kernel-16543.0.0
[guren:rw] INFO:root:Writing header to /mnt/host/source/src/platform/ec/build/zephyr/guren/build-rw/modules/ec/zephyr/include/ec_version.h
[guren:rw] [5/413] Generating misc/generated/syscalls.json, misc/generated/struct_tags.json
[uldrenite:rw] Configuring.
Running `env -i PYTHONPATH=/usr/lib64/python-exec/python3.11:/mnt/host/source/src/platform/ec/zephyr/zmake:/usr/lib/python311.zip:/usr/lib/python3.11:/usr/lib/python3.11/lib-dynload:/usr/lib/python3.11/site-packages PW_PIGWEED_CIPD_INSTALL_DIR=/usr CROSTC_USER_ACKNOWLEDGES_THAT_RISCV_IS_EXPERIMENTAL=1 PATH=/mnt/host/source/chromite/bin:/usr/local/bin:/usr/bin:/bin:/opt/bin:/mnt/host/source/chromite/sdk/bin:/mnt/host/source/chromite/bin HOME=/home/jpmurphy JAVA_HOME=/etc/java-config-2/current-system-vm JDK_HOME=/etc/java-config-2/current-system-vm JAVAC=/etc/java-config-2/current-system-vm/bin/javac MAKEFLAGS=' -j16 --jobserver-auth=5,6' /usr/bin/cmake -S /mnt/host/source/src/platform/ec/zephyr/program/trulo -B /mnt/host/source/src/platform/ec/build/zephyr/uldrenite/build-rw -GNinja -DCMAKE_EXPORT_COMPILE_COMMANDS=ON -DZEPHYR_BASE=/mnt/host/source/src/third_party/zephyr/main -DZMAKE_INCLUDE_DIR=/mnt/host/source/src/platform/ec/build/zephyr/uldrenite/include -DPython3_EXECUTABLE=/usr/bin/python3.11 -DDTS_ROOT=/mnt/host/source/src/platform/ec/zephyr -DSYSCALL_INCLUDE_DIRS=/mnt/host/source/src/platform/ec/zephyr/include/drivers -DUSER_CACHE_DIR=/mnt/host/source/src/platform/ec/build/zephyr/user-cache -DPW_ROOT=/mnt/host/source/src/third_party/pigweed -DNANOPB_DIR=/mnt/host/source/src/third_party/zephyr/nanopb '-DEXTRA_EC_VERSION_FLAGS=--version 16543.0.0 --static' -DTOOLCHAIN_ROOT=/mnt/host/source/src/platform/ec/zephyr -DCOREBOOT_SDK_ROOT_x86=/home/jpmurphy/.cache/coreboot-sdk/i386-elf/dfbb0486385d938cfa9d73080b9d18d598ed4f49 -DCOREBOOT_SDK_ROOT_picolibc_x86=/home/jpmurphy/.cache/coreboot-sdk/picolibc-i386-elf/eb8e8e687b95461de8cbf278f1c2076952d0ad17 -DCOREBOOT_SDK_ROOT_riscv64=/home/jpmurphy/.cache/coreboot-sdk/riscv64-elf/96b949749225b6aaa92ed810ab769e8dfb12f000 -DCOREBOOT_SDK_ROOT_picolibc_arm=/home/jpmurphy/.cache/coreboot-sdk/picolibc-arm-eabi/422a2aa3e1ef891b5bece9a3deb696ff83840d2e -DCOREBOOT_SDK_ROOT_nds32=/home/jpmurphy/.cache/coreboot-sdk/nds32le-elf/d1a518c4a097666d86058e1444f85ca015d15511 -DCOREBOOT_SDK_ROOT_picolibc_riscv64=/home/jpmurphy/.cache/coreboot-sdk/picolibc-riscv64-elf/f571e990ef0278564b31124f8bb109d9a697eb69 -DCOREBOOT_SDK_ROOT_arm=/home/jpmurphy/.cache/coreboot-sdk/arm-eabi/ea40ddd1d190c3b48435c474c0b545719371813a -DCOREBOOT_SDK_ROOT_libstdcxx_riscv64=/home/jpmurphy/.cache/coreboot-sdk/libstdcxx-riscv64-elf/17abf22a3a252e2d5d2062ced5324f7a623689e0 -DCOREBOOT_SDK_ROOT_libstdcxx_arm=/home/jpmurphy/.cache/coreboot-sdk/libstdcxx-arm-eabi/5d7d82e150e44aa1968f1d366e267e6687b328ac -DCOREBOOT_SDK_ROOT_riscv=/home/jpmurphy/.cache/coreboot-sdk/riscv-elf/9a27b9e82341c6e9126624f516ab3f261abb3e73 -DCOREBOOT_SDK_ROOT_libstdcxx_x86=/home/jpmurphy/.cache/coreboot-sdk/libstdcxx-i386-elf/42ef9d2e87a76a37963175d7d428734e65648b87 -DZEPHYR_TOOLCHAIN_VARIANT=coreboot-sdk '-DZEPHYR_MODULES=/mnt/host/source/src/platform/ec/build/zephyr/uldrenite/modules/cmsis;/mnt/host/source/src/platform/ec/build/zephyr/uldrenite/modules/cmsis_6;/mnt/host/source/src/platform/ec/build/zephyr/uldrenite/modules/picolibc;/mnt/host/source/src/platform/ec/build/zephyr/uldrenite/modules/ec;/mnt/host/source/src/platform/ec/build/zephyr/uldrenite/modules/pigweed;/mnt/host/source/src/platform/ec/build/zephyr/uldrenite/modules/nanopb' -DDTC_OVERLAY_FILE=/mnt/host/source/src/platform/ec/zephyr/program/trulo/uldrenite/project.overlay -DBOARD=npcx9/npcx9m7fb -DCMAKE_C_FLAGS=-DSECTION_IS_RW '-DCONF_FILE=/mnt/host/source/src/platform/ec/zephyr/program/trulo/program.conf;/mnt/host/source/src/platform/ec/zephyr/program/trulo/uldrenite/project.conf;/mnt/host/source/src/platform/ec/zephyr/program/trulo/dsp_comms.conf;/mnt/host/source/src/platform/ec/build/zephyr/uldrenite/kconfig-rw.conf'`
[greenbayupoc:ro] [53/374] Building C object CMakeFiles/app.dir/mnt/host/source/src/platform/ec/build/zephyr/greenbayupoc/modules/ec/common/battery_info.c.obj
[uldrenite:rw] -- Application: /mnt/host/source/src/platform/ec/zephyr/program/trulo
[uldrenite:rw] Loading Zephyr default modules (Zephyr base (cached)).
[guren:ro] [8/413] Generating include/generated/zephyr/kobj-types-enum.h, include/generated/zephyr/otype-to-str.h, include/generated/zephyr/otype-to-size.h
[/mnt/host/source/src/platform/ec/build/zephyr/yavilla-lcov] geninfo: WARNING: using JSON module "JSON::PP" - which is much slower than some alternatives.  Consider installing one of JSON::XS or Cpanel::JSON::XS
[greenbayupoc:ro] [54/374] Building C object CMakeFiles/app.dir/mnt/host/source/src/platform/ec/build/zephyr/greenbayupoc/modules/ec/common/battery.c.obj
[brox-ish:singleimage] -- The CXX compiler identification is GNU 14.2.0
[guren:rw] [6/413] Generating include/generated/zephyr/syscall_dispatch.c, include/generated/zephyr/syscall_exports_llext.c, syscall_weakdefs_llext.c, include/generated/zephyr/syscall_list.h
[guren:ro] [9/413] Generating include/generated/device-api-sections.ld, include/generated/device-api-sections.cmake
[brox-ish:singleimage] -- The ASM compiler identification is GNU
[greenbayupoc:ro] [55/374] Building C object CMakeFiles/app.dir/mnt/host/source/src/platform/ec/build/zephyr/greenbayupoc/modules/ec/common/battery_fuel_gauge.c.obj
[brox-ish:singleimage] -- Found assembler: /home/jpmurphy/.cache/coreboot-sdk/i386-elf/dfbb0486385d938cfa9d73080b9d18d598ed4f49/bin/i386-elf-gcc
[brox-ish:singleimage] CMake Warning at /mnt/host/source/src/platform/ec/zephyr/cmake/linker/ld/linker_libraries.cmake:11 (message):
[brox-ish:singleimage]   Disabling c_library
[brox-ish:singleimage] Call Stack (most recent call first):
[brox-ish:singleimage]   /mnt/host/source/src/third_party/zephyr/main/cmake/target_toolchain_flags.cmake:48 (include)
[brox-ish:singleimage]   /mnt/host/source/src/third_party/zephyr/main/cmake/modules/kernel.cmake:153 (include)
[brox-ish:singleimage]   /mnt/host/source/src/third_party/zephyr/main/cmake/modules/zephyr_default.cmake:138 (include)
[brox-ish:singleimage]   /mnt/host/source/src/third_party/zephyr/main/share/zephyr-package/cmake/ZephyrConfig.cmake:66 (include)
[brox-ish:singleimage]   /mnt/host/source/src/third_party/zephyr/main/share/zephyr-package/cmake/ZephyrConfig.cmake:97 (include_boilerplate)
[brox-ish:singleimage]   CMakeLists.txt:6 (find_package)
[ruby:ro] warning: PLATFORM_EC_LED_COMMON (defined at /mnt/host/source/src/platform/ec/zephyr/Kconfig.led:5)
[ruby:ro] was assigned the value 'y' but got the value 'n'. Check these unsatisfied dependencies:
[ruby:ro] (!PLATFORM_EC_LED_DT) (=n). See
[ruby:ro] http://docs.zephyrproject.org/latest/kconfig.html#CONFIG_PLATFORM_EC_LED_COMMON and/or look up
[ruby:ro] PLATFORM_EC_LED_COMMON in the menuconfig/guiconfig interface. The Application Development Primer,
[ruby:ro] Setting Configuration Values, and Kconfig - Tips and Best Practices sections of the manual might be
[ruby:ro] helpful too.
[ruby:ro] warning: Deprecated symbol I2C_ALLOW_NO_STOP_TRANSACTIONS is enabled.
[guren:rw] [7/413] Generating include/generated/zephyr/driver-validation.h
[uldrenite:rw] -- CMake version: 3.31.7
[uldrenite:rw] -- Found Python3: /usr/bin/python3.11 (found suitable version "3.11.11", minimum required is "3.10") found components: Interpreter
[uldrenite:rw] -- Cache files will be written to: /mnt/host/source/src/platform/ec/build/zephyr/user-cache
[greenbayupoc:ro] [56/374] Building C object CMakeFiles/app.dir/mnt/host/source/src/platform/ec/build/zephyr/greenbayupoc/modules/ec/driver/battery/smart.c.obj
[uldrenite:rw] -- Zephyr version: 4.3.99 (/mnt/host/source/src/third_party/zephyr/main)
[guren:rw] [8/413] Generating include/generated/zephyr/kobj-types-enum.h, include/generated/zephyr/otype-to-str.h, include/generated/zephyr/otype-to-size.h
[guren:rw] [9/413] Generating include/generated/device-api-sections.ld, include/generated/device-api-sections.cmake
[greenbayupoc:ro] [57/374] Building C object CMakeFiles/app.dir/mnt/host/source/src/platform/ec/build/zephyr/greenbayupoc/modules/ec/common/charger.c.obj
[greenbayupoc:ro] [58/374] Building C object CMakeFiles/app.dir/mnt/host/source/src/platform/ec/build/zephyr/greenbayupoc/modules/ec/driver/charger/isl923x.c.obj
[moonstone-ish:singleimage] -- Board: intel_ish_5_8_0, qualifiers: intel_ish_5_8_0
[ruby:ro] Parsing /mnt/host/source/src/platform/ec/zephyr/program/fatcat/Kconfig
[brox-ish:singleimage] -- Performing EC specific devicetree checks
[guren:ro] [10/413] Building C object zephyr/CMakeFiles/offsets.dir/arch/arm/core/offsets/offsets.c.obj
[greenbayupoc:ro] [59/374] Building C object CMakeFiles/app.dir/mnt/host/source/src/platform/ec/build/zephyr/greenbayupoc/modules/ec/common/cbi_common.c.obj
[brox-ish:singleimage] INFO: Verified 4 GPIOs, no duplicates found
[greenbayupoc:ro] [60/374] Building C object CMakeFiles/app.dir/mnt/host/source/src/platform/ec/build/zephyr/greenbayupoc/modules/ec/common/charge_state.c.obj
[greenbayupoc:ro] [61/374] Building C object CMakeFiles/app.dir/mnt/host/source/src/platform/ec/build/zephyr/greenbayupoc/modules/ec/common/cbi_config.c.obj
[guren:ro] [11/413] Generating include/generated/zephyr/offsets.h
[/mnt/host/source/src/platform/ec/build/zephyr/yavilla-lcov] stderr:
[brox-ish:singleimage] -- Generating component manifest file
[greenbayupoc:ro] [62/374] Building C object CMakeFiles/app.dir/mnt/host/source/src/platform/ec/build/zephyr/greenbayupoc/modules/ec/common/charge_manager.c.obj
[greenbayupoc:ro] [63/374] Building C object CMakeFiles/app.dir/mnt/host/source/src/platform/ec/build/zephyr/greenbayupoc/modules/ec/common/cbi.c.obj
[guren:rw] [10/413] Building C object zephyr/CMakeFiles/offsets.dir/arch/arm/core/offsets/offsets.c.obj
[brox-ish:singleimage] INFO: Verified 0 '*-gpios' properties, all flags match.
[brox-ish:singleimage] INFO: Skipped 1 named-gpios children.
[brox-ish:singleimage] INFO: Running CME, outputting to /mnt/host/source/src/platform/ec/build/zephyr/brox-ish/build-singleimage/zephyr/component_manifest.json
[brox-ish:singleimage] INFO: Project brox-ish does not support SSFC
[brox-ish:singleimage] INFO: No usbc node found
[brox-ish:singleimage] INFO: No motionsense-sensor-alt node found
[greenbayupoc:ro] [64/374] Building C object CMakeFiles/app.dir/mnt/host/source/src/platform/ec/build/zephyr/greenbayupoc/modules/ec/common/memory_commands.c.obj
[/mnt/host/source/src/platform/ec/build/zephyr/rauru-lcov]   /mnt/host/source/src/platform/ec/build/zephyr/rauru/build-ro/zephyr/CMakeFiles/zephyr.dir/subsys/shell/modules/kernel_service/kernel_shell.c.gcno:no functions found
[/mnt/host/source/src/platform/ec/build/zephyr/rauru-lcov] stderr:
[/mnt/host/source/src/platform/ec/build/zephyr/yavilla-lcov]   /mnt/host/source/src/platform/ec/build/zephyr/yavilla/build-ro/modules/ec/zephyr/CMakeFiles/ec_shim.dir/shim/src/thermal.c.gcno:no functions found
[/mnt/host/source/src/platform/ec/build/zephyr/yavilla-lcov] stderr:
[greenbayupoc:ro] [65/374] Building C object CMakeFiles/app.dir/mnt/host/source/src/platform/ec/build/zephyr/greenbayupoc/modules/ec/common/dptf.c.obj
[guren:rw] [11/413] Generating include/generated/zephyr/offsets.h
[brox-ish:singleimage] -- warning_base_override: -Wall;-Wformat;-Wformat-security;-Wformat;-Wno-format-zero-length;-Wno-pointer-sign;-Wpointer-arith;-Wexpansion-to-defined
[greenbayupoc:ro] [66/374] Building C object CMakeFiles/app.dir/mnt/host/source/src/platform/ec/build/zephyr/greenbayupoc/modules/ec/common/ap_reset_log.c.obj
[ruby:ro] Loaded configuration '/mnt/host/source/src/platform/ec/zephyr/boards/google/npcx9/npcx9_npcx9m7fb_defconfig'
[ruby:ro] Merged configuration '/mnt/host/source/src/platform/ec/zephyr/program/fatcat/program.conf'
[ruby:ro] Merged configuration '/mnt/host/source/src/platform/ec/zephyr/program/fatcat/ruby/project.conf'
[ruby:ro] Merged configuration '/mnt/host/source/src/platform/ec/build/zephyr/ruby/kconfig-ro.conf'
[ruby:ro] Configuration saved to '/mnt/host/source/src/platform/ec/build/zephyr/ruby/build-ro/zephyr/.config'
[ruby:ro] Kconfig header saved to '/mnt/host/source/src/platform/ec/build/zephyr/ruby/build-ro/zephyr/include/generated/zephyr/autoconf.h'
[ruby:ro] -- Found GnuLd: /home/jpmurphy/.cache/coreboot-sdk/arm-eabi/ea40ddd1d190c3b48435c474c0b545719371813a/arm-eabi/bin/ld.bfd (found version "2.43.1")
[/mnt/host/source/src/platform/ec/build/zephyr/rauru-lcov]   /mnt/host/source/src/platform/ec/build/zephyr/rauru/build-ro/zephyr/CMakeFiles/zephyr.dir/lib/libc/validate_libc.c.gcno:no functions found
[/mnt/host/source/src/platform/ec/build/zephyr/rauru-lcov] stderr:
[greenbayupoc:ro] [67/374] Building C object CMakeFiles/app.dir/mnt/host/source/src/platform/ec/build/zephyr/greenbayupoc/modules/ec/common/espi.c.obj
[uldrenite:rw] -- Board: npcx9, qualifiers: npcx9m7fb
[/mnt/host/source/src/platform/ec/build/zephyr/yavilla-lcov]   /mnt/host/source/src/platform/ec/build/zephyr/yavilla/build-ro/modules/ec/zephyr/CMakeFiles/ec_shim.dir/shim/src/battery.c.gcno:no functions found
[/mnt/host/source/src/platform/ec/build/zephyr/yavilla-lcov] stderr:
[greenbayupoc:ro] [68/374] Building C object CMakeFiles/app.dir/mnt/host/source/src/platform/ec/build/zephyr/greenbayupoc/modules/ec/common/extpower_common.c.obj
[guren:ro] [12/413] Building C object CMakeFiles/app.dir/mnt/host/source/src/platform/ec/zephyr/subsys/ap_pwrseq/ap_events.c.obj
[/mnt/host/source/src/platform/ec/build/zephyr/yavilla-lcov]   /mnt/host/source/src/platform/ec/build/zephyr/yavilla/build-ro/modules/ec/zephyr/CMakeFiles/ec_shim.dir/shim/src/charger.c.gcno:no functions found
[/mnt/host/source/src/platform/ec/build/zephyr/yavilla-lcov] stderr:
[ruby:ro] -- The C compiler identification is GNU 14.2.0
[greenbayupoc:ro] [69/374] Building C object CMakeFiles/app.dir/mnt/host/source/src/platform/ec/build/zephyr/greenbayupoc/modules/ec/common/extpower_gpio.c.obj
[brox-ish:singleimage] -- Found gen_kobject_list: /mnt/host/source/src/third_party/zephyr/main/scripts/build/gen_kobject_list.py
[brox-ish:singleimage] CMake Warning at /mnt/host/source/src/third_party/zephyr/main/CMakeLists.txt:1134 (message):
[brox-ish:singleimage]   No SOURCES given to Zephyr library: drivers__syscon
[brox-ish:singleimage]   Excluding target from build.
[brox-ish:singleimage] CMake Warning at /mnt/host/source/src/third_party/zephyr/main/CMakeLists.txt:2359 (message):
[brox-ish:singleimage]   __ASSERT() statements are globally ENABLED
[ruby:ro] -- The CXX compiler identification is GNU 14.2.0
[brox-ish:singleimage] -- Configuring done (13.8s)
[greenbayupoc:ro] [70/374] Building C object CMakeFiles/app.dir/mnt/host/source/src/platform/ec/build/zephyr/greenbayupoc/modules/ec/common/fan.c.obj
[ruby:ro] -- The ASM compiler identification is GNU
[ruby:ro] -- Found assembler: /home/jpmurphy/.cache/coreboot-sdk/arm-eabi/ea40ddd1d190c3b48435c474c0b545719371813a/bin/arm-eabi-gcc
[ruby:ro] CMake Warning at /mnt/host/source/src/platform/ec/zephyr/cmake/linker/ld/linker_libraries.cmake:11 (message):
[ruby:ro]   Disabling c_library
[ruby:ro] Call Stack (most recent call first):
[ruby:ro]   /mnt/host/source/src/third_party/zephyr/main/cmake/target_toolchain_flags.cmake:48 (include)
[ruby:ro]   /mnt/host/source/src/third_party/zephyr/main/cmake/modules/kernel.cmake:153 (include)
[ruby:ro]   /mnt/host/source/src/third_party/zephyr/main/cmake/modules/zephyr_default.cmake:138 (include)
[ruby:ro]   /mnt/host/source/src/third_party/zephyr/main/share/zephyr-package/cmake/ZephyrConfig.cmake:66 (include)
[ruby:ro]   /mnt/host/source/src/third_party/zephyr/main/share/zephyr-package/cmake/ZephyrConfig.cmake:97 (include_boilerplate)
[ruby:ro]   CMakeLists.txt:7 (find_package)
[greenbayupoc:ro] [71/374] Building C object CMakeFiles/app.dir/mnt/host/source/src/platform/ec/build/zephyr/greenbayupoc/modules/ec/common/host_command.c.obj
[greenbayupoc:ro] [72/374] Building C object CMakeFiles/app.dir/mnt/host/source/src/platform/ec/build/zephyr/greenbayupoc/modules/ec/common/flash.c.obj
[guren:rw] [12/413] Building C object CMakeFiles/app.dir/mnt/host/source/src/platform/ec/zephyr/subsys/ap_pwrseq/ap_events.c.obj
[moonstone-ish:singleimage] -- Found Dtc: /usr/bin/dtc (found suitable version "1.6.0", minimum required is "1.4.6")
[moonstone-ish:singleimage] -- Found BOARD.dts: /mnt/host/source/src/third_party/zephyr/main/boards/intel/ish/intel_ish_5_8_0.dts
[moonstone-ish:singleimage] -- Found devicetree overlay: /mnt/host/source/src/platform/ec/zephyr/program/fatcat/moonstone-ish/project.overlay
[greenbayupoc:ro] [73/374] Building C object CMakeFiles/app.dir/mnt/host/source/src/platform/ec/build/zephyr/greenbayupoc/modules/ec/common/uart_hostcmd.c.obj
[/mnt/host/source/src/platform/ec/build/zephyr/yavilla-lcov]   /mnt/host/source/src/platform/ec/build/zephyr/yavilla/build-ro/modules/ec/zephyr/CMakeFiles/ec_shim.dir/shim/src/usb_muxes.c.gcno:no functions found
[/mnt/host/source/src/platform/ec/build/zephyr/yavilla-lcov] stderr:
[brox-ish:singleimage] -- Generating done (0.4s)
[brox-ish:singleimage] CMake Warning:
[brox-ish:singleimage] -- Build files have been written to: /mnt/host/source/src/platform/ec/build/zephyr/brox-ish/build-singleimage
[greenbayupoc:ro] [74/374] Building C object CMakeFiles/app.dir/mnt/host/source/src/platform/ec/build/zephyr/greenbayupoc/modules/ec/common/host_command_task.c.obj
[greenbayupoc:ro] [75/374] Building C object CMakeFiles/app.dir/mnt/host/source/src/platform/ec/build/zephyr/greenbayupoc/modules/ec/common/host_event_commands.c.obj
[guren:ro] [13/413] Building C object CMakeFiles/app.dir/mnt/host/source/src/platform/ec/zephyr/subsys/ap_pwrseq/ap_power_interface.c.obj
[brox-ish:singleimage]   Manually-specified variables were not used by the project:
[brox-ish:singleimage]     COREBOOT_SDK_ROOT_arm
[brox-ish:singleimage]     COREBOOT_SDK_ROOT_libstdcxx_arm
[brox-ish:singleimage]     COREBOOT_SDK_ROOT_libstdcxx_riscv64
[brox-ish:singleimage]     COREBOOT_SDK_ROOT_nds32
[brox-ish:singleimage]     COREBOOT_SDK_ROOT_picolibc_arm
[brox-ish:singleimage]     COREBOOT_SDK_ROOT_picolibc_riscv64
[brox-ish:singleimage]     COREBOOT_SDK_ROOT_riscv
[brox-ish:singleimage]     COREBOOT_SDK_ROOT_riscv64
[greenbayupoc:ro] [76/374] Building C object CMakeFiles/app.dir/mnt/host/source/src/platform/ec/build/zephyr/greenbayupoc/modules/ec/common/uptime.c.obj
[/mnt/host/source/src/platform/ec/build/zephyr/rauru-lcov]   /mnt/host/source/src/platform/ec/build/zephyr/rauru/build-ro/zephyr/CMakeFiles/zephyr.dir/lib/utils/last_section_id.c.gcno:no functions found
[/mnt/host/source/src/platform/ec/build/zephyr/rauru-lcov] stderr:
[greenbayupoc:ro] [77/374] Building C object CMakeFiles/app.dir/mnt/host/source/src/platform/ec/build/zephyr/greenbayupoc/modules/ec/common/i2c_passthru.c.obj
[moonstone-ish:singleimage] -- Generated zephyr.dts: /mnt/host/source/src/platform/ec/build/zephyr/moonstone-ish/build-singleimage/zephyr/zephyr.dts
[moonstone-ish:singleimage] -- Generated pickled edt: /mnt/host/source/src/platform/ec/build/zephyr/moonstone-ish/build-singleimage/zephyr/edt.pickle
[greenbayupoc:ro] [78/374] Building C object CMakeFiles/app.dir/mnt/host/source/src/platform/ec/build/zephyr/greenbayupoc/modules/ec/common/i2c_controller.c.obj
[ruby:ro] -- Performing EC specific devicetree checks
[greenbayupoc:ro] [79/374] Building C object CMakeFiles/app.dir/mnt/host/source/src/platform/ec/build/zephyr/greenbayupoc/modules/ec/common/keyboard_8042_sharedlib.c.obj
[greenbayupoc:ro] [80/374] Building C object CMakeFiles/app.dir/mnt/host/source/src/platform/ec/build/zephyr/greenbayupoc/modules/ec/common/keyboard_8042.c.obj
[guren:rw] [13/413] Building C object CMakeFiles/app.dir/mnt/host/source/src/platform/ec/zephyr/subsys/ap_pwrseq/ap_power_interface.c.obj
[moonstone-ish:singleimage] -- Generated devicetree_generated.h: /mnt/host/source/src/platform/ec/build/zephyr/moonstone-ish/build-singleimage/zephyr/include/generated/zephyr/devicetree_generated.h
[greenbayupoc:ro] [81/374] Building C object CMakeFiles/app.dir/mnt/host/source/src/platform/ec/build/zephyr/greenbayupoc/modules/ec/common/mkbp_fifo.c.obj
[greenbayupoc:ro] [82/374] Building C object CMakeFiles/app.dir/mnt/host/source/src/platform/ec/build/zephyr/greenbayupoc/modules/ec/common/mkbp_info.c.obj
[ruby:ro] INFO: Verified 49 GPIOs, no duplicates found
[guren:ro] [14/413] Building C object CMakeFiles/app.dir/mnt/host/source/src/platform/ec/zephyr/subsys/ap_pwrseq/power_signals.c.obj
[uldrenite:rw] -- Found Dtc: /usr/bin/dtc (found suitable version "1.6.0", minimum required is "1.4.6")
[uldrenite:rw] -- Found BOARD.dts: /mnt/host/source/src/platform/ec/zephyr/boards/google/npcx9/npcx9_npcx9m7fb.dts
[greenbayupoc:ro] [83/374] Building C object CMakeFiles/app.dir/mnt/host/source/src/platform/ec/build/zephyr/greenbayupoc/modules/ec/common/mkbp_input_devices.c.obj
[guren:rw] [14/413] Building C object CMakeFiles/app.dir/mnt/host/source/src/platform/ec/zephyr/subsys/ap_pwrseq/power_signals.c.obj
[ruby:ro] -- Generating component manifest file
[greenbayupoc:ro] [84/374] Building C object CMakeFiles/app.dir/mnt/host/source/src/platform/ec/build/zephyr/greenbayupoc/modules/ec/common/keyboard_backlight.c.obj
[ruby:ro] INFO: Verified 8 '*-gpios' properties, all flags match.
[ruby:ro] INFO: Skipped 12 named-gpios children.
[ruby:ro] INFO: Running CME, outputting to /mnt/host/source/src/platform/ec/build/zephyr/ruby/build-ro/zephyr/component_manifest.json
[ruby:ro] INFO: Project ruby does not support SSFC
[ruby:ro] INFO: No motionsense-sensor node found
[greenbayupoc:ro] [85/374] Building C object CMakeFiles/app.dir/mnt/host/source/src/platform/ec/build/zephyr/greenbayupoc/modules/ec/common/led_common.c.obj
[greenbayupoc:ro] [86/374] Building C object CMakeFiles/app.dir/mnt/host/source/src/platform/ec/build/zephyr/greenbayupoc/modules/ec/common/port80.c.obj
[/mnt/host/source/src/platform/ec/build/zephyr/markarth-lcov]   /mnt/host/source/src/platform/ec/build/zephyr/markarth/build-rw/zephyr/drivers/sensor/CMakeFiles/drivers__sensor.dir/mnt/host/source/src/third_party/zephyr/main/misc/empty_file.c.gcno:no functions found
[/mnt/host/source/src/platform/ec/build/zephyr/markarth-lcov] Filter suppressions 'region':
[greenbayupoc:ro] [87/374] Building C object CMakeFiles/app.dir/mnt/host/source/src/platform/ec/build/zephyr/greenbayupoc/modules/ec/common/mkbp_event.c.obj
[greenbayupoc:ro] [88/374] Building C object CMakeFiles/app.dir/mnt/host/source/src/platform/ec/build/zephyr/greenbayupoc/modules/ec/common/lid_switch.c.obj
[/mnt/host/source/src/platform/ec/build/zephyr/markarth-lcov]     36 instances
[/mnt/host/source/src/platform/ec/build/zephyr/markarth-lcov]     22 coverpoints
[/mnt/host/source/src/platform/ec/build/zephyr/markarth-lcov] Message summary:
[/mnt/host/source/src/platform/ec/build/zephyr/markarth-lcov]   33 ignore messages:
[/mnt/host/source/src/platform/ec/build/zephyr/markarth-lcov]     gcov: 33
[guren:rw] [15/413] Building C object CMakeFiles/app.dir/mnt/host/source/src/platform/ec/zephyr/subsys/ap_pwrseq/signal_gpio.c.obj
[ruby:ro] -- warning_base_override: -Wall;-Wformat;-Wformat-security;-Wformat;-Wno-format-zero-length;-Wno-pointer-sign;-Wpointer-arith;-Wexpansion-to-defined
[greenbayupoc:ro] [89/374] Building C object CMakeFiles/app.dir/mnt/host/source/src/platform/ec/build/zephyr/greenbayupoc/modules/ec/common/power_button.c.obj
[greenbayupoc:ro] [90/374] Building C object CMakeFiles/app.dir/mnt/host/source/src/platform/ec/build/zephyr/greenbayupoc/modules/ec/power/hibernate.c.obj
[guren:rw] [16/413] Building C object CMakeFiles/app.dir/mnt/host/source/src/platform/ec/zephyr/subsys/ap_pwrseq/signal_vw.c.obj
[guren:ro] [15/413] Building C object CMakeFiles/app.dir/mnt/host/source/src/platform/ec/zephyr/subsys/ap_pwrseq/signal_gpio.c.obj
[greenbayupoc:ro] [91/374] Building C object CMakeFiles/app.dir/mnt/host/source/src/platform/ec/build/zephyr/greenbayupoc/modules/ec/common/shared_mem.c.obj
[greenbayupoc:ro] [92/374] Building C object CMakeFiles/app.dir/mnt/host/source/src/platform/ec/build/zephyr/greenbayupoc/modules/ec/common/panic_output.c.obj
[ruby:ro] -- Found gen_kobject_list: /mnt/host/source/src/third_party/zephyr/main/scripts/build/gen_kobject_list.py
[greenbayupoc:ro] [93/374] Building C object CMakeFiles/app.dir/mnt/host/source/src/platform/ec/build/zephyr/greenbayupoc/modules/ec/common/switch.c.obj
[greenbayupoc:ro] [94/374] Building C object CMakeFiles/app.dir/mnt/host/source/src/platform/ec/build/zephyr/greenbayupoc/modules/ec/common/temp_sensor.c.obj
[greenbayupoc:ro] [95/374] Building C object CMakeFiles/app.dir/mnt/host/source/src/platform/ec/build/zephyr/greenbayupoc/modules/ec/common/thermal.c.obj
[greenbayupoc:ro] [96/374] Building C object CMakeFiles/app.dir/mnt/host/source/src/platform/ec/build/zephyr/greenbayupoc/modules/ec/driver/temp_sensor/thermistor.c.obj
[ruby:ro] -- Configuring done (17.0s)
[greenbayupoc:ro] [97/374] Building C object CMakeFiles/app.dir/mnt/host/source/src/platform/ec/build/zephyr/greenbayupoc/modules/ec/common/timer.c.obj
[guren:rw] [17/413] Building C object CMakeFiles/app.dir/mnt/host/source/src/platform/ec/zephyr/subsys/ap_pwrseq/signal_adc.c.obj
[greenbayupoc:ro] [98/374] Building C object CMakeFiles/app.dir/mnt/host/source/src/platform/ec/build/zephyr/greenbayupoc/modules/ec/common/usb_port_power_dumb.c.obj
[guren:ro] [16/413] Building C object CMakeFiles/app.dir/mnt/host/source/src/platform/ec/zephyr/subsys/ap_pwrseq/signal_vw.c.obj
[guren:rw] [18/413] Building C object CMakeFiles/app.dir/mnt/host/source/src/platform/ec/zephyr/subsys/ap_pwrseq/power_host_sleep.c.obj
[uldrenite:rw] node '/batteries/swd_atl4_106' compatible 'swd,swd-atl4-106' has unknown vendor prefix 'swd'
[ruby:ro] -- Generating done (0.6s)
[ruby:ro] CMake Warning:
[ruby:ro] -- Build files have been written to: /mnt/host/source/src/platform/ec/build/zephyr/ruby/build-ro
[greenbayupoc:ro] [99/374] Building C object CMakeFiles/app.dir/mnt/host/source/src/platform/ec/build/zephyr/greenbayupoc/modules/ec/common/usbc_utils.c.obj
[greenbayupoc:ro] [100/374] Building C object CMakeFiles/app.dir/mnt/host/source/src/platform/ec/build/zephyr/greenbayupoc/modules/ec/common/usb_pd_host_cmd_common.c.obj
[greenbayupoc:ro] [101/374] Building C object CMakeFiles/app.dir/mnt/host/source/src/platform/ec/build/zephyr/greenbayupoc/modules/ec/common/vboot_hash.c.obj
[greenbayupoc:ro] [102/374] Building C object CMakeFiles/app.dir/mnt/host/source/src/platform/ec/build/zephyr/greenbayupoc/modules/ec/common/usb_common.c.obj
[uldrenite:rw] -- Found devicetree overlay: /mnt/host/source/src/platform/ec/zephyr/program/trulo/uldrenite/project.overlay
[uldrenite:rw] -- Generated zephyr.dts: /mnt/host/source/src/platform/ec/build/zephyr/uldrenite/build-rw/zephyr/zephyr.dts
[uldrenite:rw] -- Generated pickled edt: /mnt/host/source/src/platform/ec/build/zephyr/uldrenite/build-rw/zephyr/edt.pickle
[greenbayupoc:ro] [103/374] Building C object CMakeFiles/app.dir/mnt/host/source/src/platform/ec/build/zephyr/greenbayupoc/modules/ec/common/math_util.c.obj
[uldrenite:ro] Configuring.
Running `env -i PYTHONPATH=/usr/lib64/python-exec/python3.11:/mnt/host/source/src/platform/ec/zephyr/zmake:/usr/lib/python311.zip:/usr/lib/python3.11:/usr/lib/python3.11/lib-dynload:/usr/lib/python3.11/site-packages PW_PIGWEED_CIPD_INSTALL_DIR=/usr CROSTC_USER_ACKNOWLEDGES_THAT_RISCV_IS_EXPERIMENTAL=1 PATH=/mnt/host/source/chromite/bin:/usr/local/bin:/usr/bin:/bin:/opt/bin:/mnt/host/source/chromite/sdk/bin:/mnt/host/source/chromite/bin HOME=/home/jpmurphy JAVA_HOME=/etc/java-config-2/current-system-vm JDK_HOME=/etc/java-config-2/current-system-vm JAVAC=/etc/java-config-2/current-system-vm/bin/javac MAKEFLAGS=' -j16 --jobserver-auth=5,6' /usr/bin/cmake -S /mnt/host/source/src/platform/ec/zephyr/program/trulo -B /mnt/host/source/src/platform/ec/build/zephyr/uldrenite/build-ro -GNinja -DCMAKE_EXPORT_COMPILE_COMMANDS=ON -DZEPHYR_BASE=/mnt/host/source/src/third_party/zephyr/main -DZMAKE_INCLUDE_DIR=/mnt/host/source/src/platform/ec/build/zephyr/uldrenite/include -DPython3_EXECUTABLE=/usr/bin/python3.11 -DDTS_ROOT=/mnt/host/source/src/platform/ec/zephyr -DSYSCALL_INCLUDE_DIRS=/mnt/host/source/src/platform/ec/zephyr/include/drivers -DUSER_CACHE_DIR=/mnt/host/source/src/platform/ec/build/zephyr/user-cache -DPW_ROOT=/mnt/host/source/src/third_party/pigweed -DNANOPB_DIR=/mnt/host/source/src/third_party/zephyr/nanopb '-DEXTRA_EC_VERSION_FLAGS=--version 16543.0.0 --static' -DTOOLCHAIN_ROOT=/mnt/host/source/src/platform/ec/zephyr -DCOREBOOT_SDK_ROOT_x86=/home/jpmurphy/.cache/coreboot-sdk/i386-elf/dfbb0486385d938cfa9d73080b9d18d598ed4f49 -DCOREBOOT_SDK_ROOT_picolibc_x86=/home/jpmurphy/.cache/coreboot-sdk/picolibc-i386-elf/eb8e8e687b95461de8cbf278f1c2076952d0ad17 -DCOREBOOT_SDK_ROOT_riscv64=/home/jpmurphy/.cache/coreboot-sdk/riscv64-elf/96b949749225b6aaa92ed810ab769e8dfb12f000 -DCOREBOOT_SDK_ROOT_picolibc_arm=/home/jpmurphy/.cache/coreboot-sdk/picolibc-arm-eabi/422a2aa3e1ef891b5bece9a3deb696ff83840d2e -DCOREBOOT_SDK_ROOT_nds32=/home/jpmurphy/.cache/coreboot-sdk/nds32le-elf/d1a518c4a097666d86058e1444f85ca015d15511 -DCOREBOOT_SDK_ROOT_picolibc_riscv64=/home/jpmurphy/.cache/coreboot-sdk/picolibc-riscv64-elf/f571e990ef0278564b31124f8bb109d9a697eb69 -DCOREBOOT_SDK_ROOT_arm=/home/jpmurphy/.cache/coreboot-sdk/arm-eabi/ea40ddd1d190c3b48435c474c0b545719371813a -DCOREBOOT_SDK_ROOT_libstdcxx_riscv64=/home/jpmurphy/.cache/coreboot-sdk/libstdcxx-riscv64-elf/17abf22a3a252e2d5d2062ced5324f7a623689e0 -DCOREBOOT_SDK_ROOT_libstdcxx_arm=/home/jpmurphy/.cache/coreboot-sdk/libstdcxx-arm-eabi/5d7d82e150e44aa1968f1d366e267e6687b328ac -DCOREBOOT_SDK_ROOT_riscv=/home/jpmurphy/.cache/coreboot-sdk/riscv-elf/9a27b9e82341c6e9126624f516ab3f261abb3e73 -DCOREBOOT_SDK_ROOT_libstdcxx_x86=/home/jpmurphy/.cache/coreboot-sdk/libstdcxx-i386-elf/42ef9d2e87a76a37963175d7d428734e65648b87 -DZEPHYR_TOOLCHAIN_VARIANT=coreboot-sdk '-DZEPHYR_MODULES=/mnt/host/source/src/platform/ec/build/zephyr/uldrenite/modules/cmsis;/mnt/host/source/src/platform/ec/build/zephyr/uldrenite/modules/cmsis_6;/mnt/host/source/src/platform/ec/build/zephyr/uldrenite/modules/picolibc;/mnt/host/source/src/platform/ec/build/zephyr/uldrenite/modules/ec;/mnt/host/source/src/platform/ec/build/zephyr/uldrenite/modules/pigweed;/mnt/host/source/src/platform/ec/build/zephyr/uldrenite/modules/nanopb' -DDTC_OVERLAY_FILE=/mnt/host/source/src/platform/ec/zephyr/program/trulo/uldrenite/project.overlay -DBOARD=npcx9/npcx9m7fb -DCMAKE_C_FLAGS=-DSECTION_IS_RO '-DCONF_FILE=/mnt/host/source/src/platform/ec/zephyr/program/trulo/program.conf;/mnt/host/source/src/platform/ec/zephyr/program/trulo/uldrenite/project.conf;/mnt/host/source/src/platform/ec/zephyr/program/trulo/dsp_comms.conf;/mnt/host/source/src/platform/ec/build/zephyr/uldrenite/kconfig-ro.conf'`
[ruby:ro]   Manually-specified variables were not used by the project:
[ruby:ro]     COREBOOT_SDK_ROOT_libstdcxx_riscv64
[ruby:ro]     COREBOOT_SDK_ROOT_libstdcxx_x86
[ruby:ro]     COREBOOT_SDK_ROOT_nds32
[ruby:ro]     COREBOOT_SDK_ROOT_picolibc_riscv64
[ruby:ro]     COREBOOT_SDK_ROOT_picolibc_x86
[ruby:ro]     COREBOOT_SDK_ROOT_riscv
[ruby:ro]     COREBOOT_SDK_ROOT_riscv64
[ruby:ro]     COREBOOT_SDK_ROOT_x86
[uldrenite:ro] Loading Zephyr default modules (Zephyr base (cached)).
[uldrenite:ro] -- Application: /mnt/host/source/src/platform/ec/zephyr/program/trulo
[uldrenite:ro] -- CMake version: 3.31.7
[/mnt/host/source/src/platform/ec/build/zephyr/yavilla-lcov]   /mnt/host/source/src/platform/ec/build/zephyr/yavilla/build-ro/modules/ec/zephyr/CMakeFiles/ec_shim.dir/shim/src/usba.c.gcno:no functions found
[/mnt/host/source/src/platform/ec/build/zephyr/yavilla-lcov] stderr:
[greenbayupoc:ro] [104/374] Building C object CMakeFiles/app.dir/mnt/host/source/src/platform/ec/build/zephyr/greenbayupoc/modules/ec/common/vstore.c.obj
[greenbayupoc:ro] [105/374] Building C object CMakeFiles/app.dir/mnt/host/source/src/platform/ec/build/zephyr/greenbayupoc/modules/ec/common/vboot/efs2.c.obj
[greenbayupoc:ro] [106/374] Building C object CMakeFiles/app.dir/src/board_power.c.obj
[uldrenite:ro] -- Found Python3: /usr/bin/python3.11 (found suitable version "3.11.11", minimum required is "3.10") found components: Interpreter
[uldrenite:ro] -- Cache files will be written to: /mnt/host/source/src/platform/ec/build/zephyr/user-cache
[uldrenite:ro] -- Zephyr version: 4.3.99 (/mnt/host/source/src/third_party/zephyr/main)
[guren:rw] [19/413] Building C object CMakeFiles/app.dir/mnt/host/source/src/platform/ec/zephyr/subsys/ap_pwrseq/x86_non_dsx_common_pwrseq_sm_handler.c.obj
[guren:rw] [20/413] Building C object CMakeFiles/app.dir/mnt/host/source/src/platform/ec/zephyr/subsys/ap_pwrseq/x86_non_dsx_chipset_power_state.c.obj
[guren:ro] [17/413] Building C object CMakeFiles/app.dir/mnt/host/source/src/platform/ec/zephyr/subsys/ap_pwrseq/signal_adc.c.obj
[greenbayupoc:ro] [107/374] Building C object CMakeFiles/app.dir/greenbayupoc/src/keyboard_customization.c.obj
[greenbayupoc:ro] [108/374] Building C object CMakeFiles/app.dir/src/hibernate.c.obj
[uldrenite:rw] -- Generated devicetree_generated.h: /mnt/host/source/src/platform/ec/build/zephyr/uldrenite/build-rw/zephyr/include/generated/zephyr/devicetree_generated.h
[greenbayupoc:ro] [109/374] Building C object CMakeFiles/app.dir/src/suspend_resume.c.obj
[greenbayupoc:ro] [110/374] Building C object zephyr/CMakeFiles/zephyr.dir/lib/libc/validate_libc.c.obj
[greenbayupoc:ro] [111/374] Building C object CMakeFiles/app.dir/src/usbc.c.obj
[greenbayupoc:ro] [112/374] Linking C static library app/libapp.a
[greenbayupoc:ro] [113/374] Building C object zephyr/CMakeFiles/zephyr.dir/lib/heap/heap.c.obj
[greenbayupoc:ro] [114/374] Building C object zephyr/CMakeFiles/zephyr.dir/lib/os/cbprintf_packaged.c.obj
[greenbayupoc:ro] [115/374] Building C object zephyr/CMakeFiles/zephyr.dir/lib/os/clock.c.obj
[moonstone-ish:singleimage] warning: Deprecated symbol I2C_ALLOW_NO_STOP_TRANSACTIONS is enabled.
[greenbayupoc:ro] [116/374] Building C object zephyr/CMakeFiles/zephyr.dir/lib/os/sem.c.obj
[greenbayupoc:ro] [117/374] Building C object zephyr/CMakeFiles/zephyr.dir/lib/os/printk.c.obj
[greenbayupoc:ro] [118/374] Building C object zephyr/CMakeFiles/zephyr.dir/lib/os/cbprintf_nano.c.obj
[greenbayupoc:ro] [119/374] Building C object zephyr/CMakeFiles/zephyr.dir/lib/os/thread_entry.c.obj
[guren:rw] [21/413] Building C object CMakeFiles/app.dir/mnt/host/source/src/platform/ec/zephyr/subsys/ap_pwrseq/x86_non_dsx_common_pwrseq_host_sleep.c.obj
[greenbayupoc:ro] [120/374] Building C object zephyr/CMakeFiles/zephyr.dir/lib/utils/dec.c.obj
[guren:ro] [18/413] Building C object CMakeFiles/app.dir/mnt/host/source/src/platform/ec/zephyr/subsys/ap_pwrseq/power_host_sleep.c.obj
[greenbayupoc:ro] [121/374] Building C object zephyr/CMakeFiles/zephyr.dir/lib/utils/hex.c.obj
[guren:rw] [22/413] Building C object CMakeFiles/app.dir/mnt/host/source/src/platform/ec/zephyr/subsys/ap_pwrseq/x86_non_dsx_common_pwrseq_console.c.obj
[greenbayupoc:ro] [122/374] Building C object zephyr/CMakeFiles/zephyr.dir/lib/os/cbprintf.c.obj
[greenbayupoc:ro] [123/374] Building C object zephyr/CMakeFiles/zephyr.dir/lib/utils/bitmask.c.obj
[greenbayupoc:ro] [124/374] Building C object zephyr/CMakeFiles/zephyr.dir/lib/os/assert.c.obj
[greenbayupoc:ro] [125/374] Building C object zephyr/CMakeFiles/zephyr.dir/lib/utils/timeutil.c.obj
[greenbayupoc:ro] [126/374] Building C object zephyr/CMakeFiles/zephyr.dir/lib/utils/last_section_id.c.obj
[uldrenite:ro] -- Board: npcx9, qualifiers: npcx9m7fb
[moonstone-ish:singleimage] Parsing /mnt/host/source/src/platform/ec/zephyr/program/fatcat/Kconfig
[greenbayupoc:ro] [127/374] Building C object zephyr/CMakeFiles/zephyr.dir/lib/utils/ring_buffer.c.obj
[greenbayupoc:ro] [128/374] Building C object zephyr/CMakeFiles/zephyr.dir/lib/utils/rb.c.obj
[greenbayupoc:ro] [129/374] Building ASM object zephyr/CMakeFiles/zephyr.dir/soc/ite/ec/common/soc_irq.S.obj
[greenbayupoc:ro] [130/374] Building C object zephyr/CMakeFiles/zephyr.dir/lib/utils/getopt/getopt.c.obj
[greenbayupoc:ro] [131/374] Building C object zephyr/CMakeFiles/zephyr.dir/lib/utils/getopt/getopt_common.c.obj
[greenbayupoc:ro] [132/374] Building C object zephyr/CMakeFiles/zephyr.dir/misc/generated/configs.c.obj
[greenbayupoc:ro] [133/374] Building C object zephyr/CMakeFiles/zephyr.dir/lib/utils/bitarray.c.obj
[greenbayupoc:ro] [134/374] Building C object zephyr/CMakeFiles/zephyr.dir/soc/ite/ec/common/soc_common_irq.c.obj
[guren:rw] [23/413] Building C object CMakeFiles/app.dir/mnt/host/source/src/platform/ec/zephyr/subsys/ap_pwrseq/x86_non_dsx_common_pwrseq_host_command.c.obj
[greenbayupoc:ro] [135/374] Building ASM object zephyr/CMakeFiles/zephyr.dir/soc/ite/ec/it8xxx2/vector.S.obj
[guren:ro] [19/413] Building C object CMakeFiles/app.dir/mnt/host/source/src/platform/ec/zephyr/subsys/ap_pwrseq/x86_non_dsx_common_pwrseq_sm_handler.c.obj
[moonstone-ish:singleimage] INFOSetting TOOLCHAIN_HAS_PICOLIBC to support full build.
[moonstone-ish:singleimage] INFOSetting TOOLCHAIN_HAS_NEWLIB to support full build.
[greenbayupoc:ro] [136/374] Building C object zephyr/CMakeFiles/zephyr.dir/soc/ite/ec/common/power.c.obj
[guren:rw] [24/413] Building C object CMakeFiles/app.dir/mnt/host/source/src/platform/ec/zephyr/subsys/ap_pwrseq/x86_non_dsx_adlp_pwrseq_sm.c.obj
[greenbayupoc:ro] [137/374] Building C object zephyr/CMakeFiles/zephyr.dir/soc/ite/ec/it8xxx2/check_regs.c.obj
[greenbayupoc:ro] [138/374] Building C object zephyr/CMakeFiles/zephyr.dir/soc/ite/ec/it8xxx2/soc.c.obj
[greenbayupoc:ro] [139/374] Building C object zephyr/CMakeFiles/zephyr.dir/soc/ite/ec/common/policy.c.obj
[moonstone-ish:singleimage] Loaded configuration '/mnt/host/source/src/third_party/zephyr/main/boards/intel/ish/intel_ish_5_8_0_defconfig'
[moonstone-ish:singleimage] Merged configuration '/mnt/host/source/src/platform/ec/zephyr/program/fatcat/dsp_comms.conf'
[moonstone-ish:singleimage] Merged configuration '/mnt/host/source/src/platform/ec/zephyr/program/fatcat/moonstone-ish/project.conf'
[moonstone-ish:singleimage] Merged configuration '/mnt/host/source/src/platform/ec/build/zephyr/moonstone-ish/kconfig-singleimage.conf'
[moonstone-ish:singleimage] Configuration saved to '/mnt/host/source/src/platform/ec/build/zephyr/moonstone-ish/build-singleimage/zephyr/.config'
[moonstone-ish:singleimage] Kconfig header saved to '/mnt/host/source/src/platform/ec/build/zephyr/moonstone-ish/build-singleimage/zephyr/include/generated/zephyr/autoconf.h'
[moonstone-ish:singleimage] -- Found GnuLd: /home/jpmurphy/.cache/coreboot-sdk/i386-elf/dfbb0486385d938cfa9d73080b9d18d598ed4f49/i386-elf/bin/ld.bfd (found version "2.43.1")
[greenbayupoc:ro] [140/374] Building C object zephyr/CMakeFiles/zephyr.dir/subsys/logging/log_minimal.c.obj
[greenbayupoc:ro] [141/374] Building C object zephyr/CMakeFiles/zephyr.dir/soc/ite/ec/it8xxx2/ilm.c.obj
[moonstone-ish:singleimage] -- The C compiler identification is GNU 14.2.0
[greenbayupoc:ro] [142/374] Building C object zephyr/CMakeFiles/zephyr.dir/subsys/pm/state.c.obj
[greenbayupoc:ro] [143/374] Building C object zephyr/CMakeFiles/zephyr.dir/subsys/pm/pm.c.obj
[greenbayupoc:ro] [144/374] Building C object zephyr/CMakeFiles/zephyr.dir/subsys/pm/policy/policy_state_lock.c.obj
[moonstone-ish:singleimage] -- The CXX compiler identification is GNU 14.2.0
[guren:rw] [25/413] Building C object CMakeFiles/app.dir/mnt/host/source/src/platform/ec/zephyr/subsys/ap_pwrseq/ap_reset_log.c.obj
[greenbayupoc:ro] [145/374] Building C object zephyr/CMakeFiles/zephyr.dir/subsys/pm/policy/policy_events.c.obj
[greenbayupoc:ro] [146/374] Building C object zephyr/CMakeFiles/zephyr.dir/subsys/pm/device.c.obj
[greenbayupoc:ro] [147/374] Building C object zephyr/CMakeFiles/zephyr.dir/subsys/pm/policy/policy_latency.c.obj
[moonstone-ish:singleimage] -- The ASM compiler identification is GNU
[moonstone-ish:singleimage] -- Found assembler: /home/jpmurphy/.cache/coreboot-sdk/i386-elf/dfbb0486385d938cfa9d73080b9d18d598ed4f49/bin/i386-elf-gcc
[moonstone-ish:singleimage] CMake Warning at /mnt/host/source/src/platform/ec/zephyr/cmake/linker/ld/linker_libraries.cmake:11 (message):
[moonstone-ish:singleimage]   Disabling c_library
[moonstone-ish:singleimage] Call Stack (most recent call first):
[moonstone-ish:singleimage]   /mnt/host/source/src/third_party/zephyr/main/cmake/target_toolchain_flags.cmake:48 (include)
[moonstone-ish:singleimage]   /mnt/host/source/src/third_party/zephyr/main/cmake/modules/kernel.cmake:153 (include)
[moonstone-ish:singleimage]   /mnt/host/source/src/third_party/zephyr/main/cmake/modules/zephyr_default.cmake:138 (include)
[moonstone-ish:singleimage]   /mnt/host/source/src/third_party/zephyr/main/share/zephyr-package/cmake/ZephyrConfig.cmake:66 (include)
[moonstone-ish:singleimage]   /mnt/host/source/src/third_party/zephyr/main/share/zephyr-package/cmake/ZephyrConfig.cmake:97 (include_boilerplate)
[moonstone-ish:singleimage]   CMakeLists.txt:7 (find_package)
[moonstone-ish:singleimage] INFOSetting c++_library to libstdc++ install path
[moonstone-ish:singleimage] INFOSetting c_library to picolibc install path
[uldrenite:ro] -- Found Dtc: /usr/bin/dtc (found suitable version "1.6.0", minimum required is "1.4.6")
[uldrenite:ro] -- Found BOARD.dts: /mnt/host/source/src/platform/ec/zephyr/boards/google/npcx9/npcx9_npcx9m7fb.dts
[greenbayupoc:ro] [148/374] Building C object zephyr/CMakeFiles/zephyr.dir/subsys/pm/device_system_managed.c.obj
[guren:ro] [20/413] Building C object CMakeFiles/app.dir/mnt/host/source/src/platform/ec/zephyr/subsys/ap_pwrseq/x86_non_dsx_chipset_power_state.c.obj
[guren:rw] [26/413] Building C object CMakeFiles/app.dir/mnt/host/source/src/platform/ec/build/zephyr/guren/modules/ec/builtin/stdlib.c.obj
[greenbayupoc:ro] [149/374] Building C object zephyr/CMakeFiles/zephyr.dir/subsys/pm/device_runtime.c.obj
[greenbayupoc:ro] [150/374] Building C object zephyr/CMakeFiles/zephyr.dir/subsys/testsuite/coverage/coverage.c.obj
[greenbayupoc:ro] [151/374] Building C object zephyr/CMakeFiles/zephyr.dir/subsys/shell/modules/kernel_service/kernel_shell.c.obj
[greenbayupoc:ro] [152/374] Building C object zephyr/CMakeFiles/zephyr.dir/subsys/tracing/tracing_none.c.obj
[greenbayupoc:ro] [153/374] Building C object zephyr/CMakeFiles/zephyr.dir/subsys/shell/modules/kernel_service/cycles.c.obj
[greenbayupoc:ro] [154/374] Building C object zephyr/CMakeFiles/zephyr.dir/subsys/shell/modules/kernel_service/uptime.c.obj
[greenbayupoc:ro] [155/374] Building C object zephyr/CMakeFiles/zephyr.dir/subsys/shell/modules/kernel_service/sleep.c.obj
[greenbayupoc:ro] [156/374] Building C object zephyr/CMakeFiles/zephyr.dir/subsys/shell/modules/kernel_service/version.c.obj
[moonstone-ish:singleimage] -- Performing EC specific devicetree checks
[guren:rw] [27/413] Building C object CMakeFiles/app.dir/mnt/host/source/src/platform/ec/build/zephyr/guren/modules/ec/common/base32.c.obj
[greenbayupoc:ro] [157/374] Building C object zephyr/CMakeFiles/zephyr.dir/subsys/shell/modules/kernel_service/thread/thread.c.obj
[greenbayupoc:ro] [158/374] Building C object zephyr/CMakeFiles/zephyr.dir/subsys/shell/modules/kernel_service/thread/list.c.obj
[moonstone-ish:singleimage] INFO: Verified 1 GPIOs, no duplicates found
[guren:rw] [28/413] Building C object CMakeFiles/app.dir/mnt/host/source/src/platform/ec/build/zephyr/guren/modules/ec/common/console_output.c.obj
[greenbayupoc:ro] [159/374] Building C object zephyr/CMakeFiles/zephyr.dir/subsys/shell/modules/kernel_service/thread/unwind.c.obj
[moonstone-ish:singleimage] -- Generating component manifest file
[greenbayupoc:ro] [160/374] Building C object zephyr/CMakeFiles/zephyr.dir/subsys/shell/modules/kernel_service/thread/stacks.c.obj
[guren:ro] [21/413] Building C object CMakeFiles/app.dir/mnt/host/source/src/platform/ec/zephyr/subsys/ap_pwrseq/x86_non_dsx_common_pwrseq_host_sleep.c.obj
[greenbayupoc:ro] [161/374] Building C object zephyr/CMakeFiles/zephyr.dir/subsys/shell/modules/kernel_service/thread/resume.c.obj
[greenbayupoc:ro] [162/374] Building C object zephyr/CMakeFiles/zephyr.dir/subsys/shell/modules/kernel_service/thread/suspend.c.obj
[greenbayupoc:ro] [163/374] Building C object zephyr/CMakeFiles/zephyr.dir/subsys/shell/modules/kernel_service/thread/kill.c.obj
[moonstone-ish:singleimage] INFO: Verified 1 '*-gpios' properties, all flags match.
[moonstone-ish:singleimage] INFO: Skipped 1 named-gpios children.
[moonstone-ish:singleimage] INFO: Running CME, outputting to /mnt/host/source/src/platform/ec/build/zephyr/moonstone-ish/build-singleimage/zephyr/component_manifest.json
[moonstone-ish:singleimage] INFO: Project moonstone-ish does not support SSFC
[moonstone-ish:singleimage] INFO: No usbc node found
[moonstone-ish:singleimage] INFO: No motionsense-sensor-alt node found
[/mnt/host/source/src/platform/ec/build/zephyr/yavilla-lcov]   /mnt/host/source/src/platform/ec/build/zephyr/yavilla/build-ro/CMakeFiles/app.dir/mnt/host/source/src/platform/ec/build/zephyr/yavilla/modules/ec/common/usb_pd_pdo.c.gcno:no functions found
[/mnt/host/source/src/platform/ec/build/zephyr/yavilla-lcov] stderr:
[uldrenite:rw] node '/batteries/swd_cos4_122' compatible 'swd,swd-cos4-122' has unknown vendor prefix 'swd'
[uldrenite:rw] node '/batteries/atl_atl4_106' compatible 'nvt,atl-atl4-106' has unknown vendor prefix 'nvt'
[uldrenite:rw] warning: PLATFORM_EC_BODY_DETECTION_NOTIFY_MODE_CHANGE (defined at
[uldrenite:rw] /mnt/host/source/src/platform/ec/zephyr/Kconfig.body_detection:119) was assigned the value 'y' but
[uldrenite:rw] got the value 'n'. Check these unsatisfied dependencies: PLATFORM_EC_BODY_DETECTION (=n). See http:/
[uldrenite:rw] /docs.zephyrproject.org/latest/kconfig.html#CONFIG_PLATFORM_EC_BODY_DETECTION_NOTIFY_MODE_CHANGE
[uldrenite:rw] and/or look up PLATFORM_EC_BODY_DETECTION_NOTIFY_MODE_CHANGE in the menuconfig/guiconfig interface.
[uldrenite:rw] The Application Development Primer, Setting Configuration Values, and Kconfig - Tips and Best
[uldrenite:rw] Practices sections of the manual might be helpful too.
[greenbayupoc:ro] [164/374] Building C object zephyr/CMakeFiles/zephyr.dir/subsys/shell/backends/shell_uart.c.obj
[greenbayupoc:ro] [165/374] Building C object zephyr/CMakeFiles/zephyr.dir/subsys/shell/shell_fprintf.c.obj
[moonstone-ish:singleimage] -- warning_base_override: -Wall;-Wformat;-Wformat-security;-Wformat;-Wno-format-zero-length;-Wno-pointer-sign;-Wpointer-arith;-Wexpansion-to-defined
[moonstone-ish:singleimage] The PW_ROOT environment variable is not set; using /mnt/host/source/src/platform/ec/build/zephyr/moonstone-ish/modules/pigweed within CMake
[guren:rw] [29/413] Building C object CMakeFiles/app.dir/mnt/host/source/src/platform/ec/build/zephyr/guren/modules/ec/common/ec_features.c.obj
[greenbayupoc:ro] [166/374] Building C object zephyr/CMakeFiles/zephyr.dir/subsys/shell/shell.c.obj
[greenbayupoc:ro] [167/374] Building C object zephyr/CMakeFiles/zephyr.dir/subsys/shell/shell_utils.c.obj
[greenbayupoc:ro] [168/374] Building C object zephyr/CMakeFiles/zephyr.dir/subsys/shell/shell_history.c.obj
[greenbayupoc:ro] [169/374] Building C object zephyr/CMakeFiles/zephyr.dir/drivers/flash/flash_util.c.obj
[greenbayupoc:ro] [170/374] Building C object zephyr/CMakeFiles/zephyr.dir/subsys/shell/shell_help.c.obj
[greenbayupoc:ro] [171/374] Building C object zephyr/CMakeFiles/zephyr.dir/subsys/shell/shell_ops.c.obj
[uldrenite:rw] Parsing /mnt/host/source/src/platform/ec/zephyr/program/trulo/Kconfig
[greenbayupoc:ro] [172/374] Building C object zephyr/arch/common/CMakeFiles/arch__common.dir/sw_isr_common.c.obj
[guren:rw] [30/413] Building C object CMakeFiles/app.dir/mnt/host/source/src/platform/ec/build/zephyr/guren/modules/ec/common/gpio_commands.c.obj
[uldrenite:ro] node '/batteries/swd_atl4_106' compatible 'swd,swd-atl4-106' has unknown vendor prefix 'swd'
[uldrenite:ro] node '/batteries/swd_cos4_122' compatible 'swd,swd-cos4-122' has unknown vendor prefix 'swd'
[uldrenite:ro] node '/batteries/atl_atl4_106' compatible 'nvt,atl-atl4-106' has unknown vendor prefix 'nvt'
[greenbayupoc:ro] [173/374] Linking C static library zephyr/libzephyr.a
[guren:ro] [22/413] Building C object CMakeFiles/app.dir/mnt/host/source/src/platform/ec/zephyr/subsys/ap_pwrseq/x86_non_dsx_common_pwrseq_console.c.obj
[greenbayupoc:ro] [174/374] Building C object zephyr/arch/common/CMakeFiles/arch__common.dir/dynamic_isr.c.obj
[uldrenite:ro] -- Found devicetree overlay: /mnt/host/source/src/platform/ec/zephyr/program/trulo/uldrenite/project.overlay
[uldrenite:ro] -- Generated zephyr.dts: /mnt/host/source/src/platform/ec/build/zephyr/uldrenite/build-ro/zephyr/zephyr.dts
[uldrenite:ro] -- Generated pickled edt: /mnt/host/source/src/platform/ec/build/zephyr/uldrenite/build-ro/zephyr/edt.pickle
[greenbayupoc:ro] [175/374] Building C object zephyr/arch/common/CMakeFiles/arch__common.dir/init.c.obj
[/mnt/host/source/src/platform/ec/build/zephyr/rauru-lcov]   /mnt/host/source/src/platform/ec/build/zephyr/rauru/build-ro/zephyr/CMakeFiles/zephyr.dir/soc/ite/ec/it8xxx2/check_regs.c.gcno:no functions found
[/mnt/host/source/src/platform/ec/build/zephyr/rauru-lcov] stderr:
[greenbayupoc:ro] [176/374] Building C object zephyr/arch/arch/riscv/core/CMakeFiles/arch__riscv__core.dir/prep_c.c.obj
[greenbayupoc:ro] [177/374] Building C object zephyr/arch/common/CMakeFiles/isr_tables.dir/isr_tables.c.obj
[greenbayupoc:ro] [178/374] Building C object zephyr/arch/common/CMakeFiles/arch__common.dir/xip.c.obj
[greenbayupoc:ro] [179/374] Building C object zephyr/arch/arch/riscv/core/CMakeFiles/arch__riscv__core.dir/cpu_idle.c.obj
[greenbayupoc:ro] [180/374] Linking C static library zephyr/arch/common/libisr_tables.a
[greenbayupoc:ro] [181/374] Linking C static library zephyr/arch/common/libarch__common.a
[guren:rw] [31/413] Building C object CMakeFiles/app.dir/mnt/host/source/src/platform/ec/build/zephyr/guren/modules/ec/common/peripheral.c.obj
[greenbayupoc:ro] [182/374] Building C object zephyr/arch/arch/riscv/core/CMakeFiles/arch__riscv__core.dir/irq_manage.c.obj
[greenbayupoc:ro] [183/374] Generating ../../../include/generated/libc/minimal/strerror_table.h
[greenbayupoc:ro] [184/374] Building C object zephyr/arch/arch/riscv/core/CMakeFiles/arch__riscv__core.dir/reboot.c.obj
[greenbayupoc:ro] [185/374] Building C object zephyr/arch/arch/riscv/core/CMakeFiles/arch__riscv__core.dir/fatal.c.obj
[uldrenite:rw] warning: Deprecated symbol I2C_ALLOW_NO_STOP_TRANSACTIONS is enabled.
[uldrenite:rw] INFOSetting TOOLCHAIN_HAS_PICOLIBC to support full build.
[greenbayupoc:ro] [186/374] Building ASM object zephyr/arch/arch/riscv/core/CMakeFiles/arch__riscv__core.dir/reset.S.obj
[uldrenite:ro] -- Generated devicetree_generated.h: /mnt/host/source/src/platform/ec/build/zephyr/uldrenite/build-ro/zephyr/include/generated/zephyr/devicetree_generated.h
[greenbayupoc:ro] [187/374] Building ASM object zephyr/arch/arch/riscv/core/CMakeFiles/arch__riscv__core.dir/switch.S.obj
[guren:rw] [32/413] Building C object CMakeFiles/app.dir/mnt/host/source/src/platform/ec/build/zephyr/guren/modules/ec/common/printf.c.obj
[greenbayupoc:ro] [188/374] Building C object zephyr/lib/libc/minimal/CMakeFiles/lib__libc__minimal.dir/source/stdlib/atoi.c.obj
[uldrenite:rw] Loaded configuration '/mnt/host/source/src/platform/ec/zephyr/boards/google/npcx9/npcx9_npcx9m7fb_defconfig'
[uldrenite:rw] Merged configuration '/mnt/host/source/src/platform/ec/zephyr/program/trulo/program.conf'
[uldrenite:rw] Merged configuration '/mnt/host/source/src/platform/ec/zephyr/program/trulo/uldrenite/project.conf'
[uldrenite:rw] Merged configuration '/mnt/host/source/src/platform/ec/zephyr/program/trulo/dsp_comms.conf'
[uldrenite:rw] Merged configuration '/mnt/host/source/src/platform/ec/build/zephyr/uldrenite/kconfig-rw.conf'
[uldrenite:rw] Configuration saved to '/mnt/host/source/src/platform/ec/build/zephyr/uldrenite/build-rw/zephyr/.config'
[uldrenite:rw] Kconfig header saved to '/mnt/host/source/src/platform/ec/build/zephyr/uldrenite/build-rw/zephyr/include/generated/zephyr/autoconf.h'
[uldrenite:rw] -- Found GnuLd: /home/jpmurphy/.cache/coreboot-sdk/arm-eabi/ea40ddd1d190c3b48435c474c0b545719371813a/arm-eabi/bin/ld.bfd (found version "2.43.1")
[greenbayupoc:ro] [189/374] Building C object zephyr/lib/libc/minimal/CMakeFiles/lib__libc__minimal.dir/source/stdlib/strtol.c.obj
[guren:ro] [23/413] Building C object CMakeFiles/app.dir/mnt/host/source/src/platform/ec/zephyr/subsys/ap_pwrseq/x86_non_dsx_common_pwrseq_host_command.c.obj
[greenbayupoc:ro] [190/374] Building C object zephyr/arch/arch/riscv/core/CMakeFiles/arch__riscv__core.dir/thread.c.obj
[greenbayupoc:ro] [191/374] Building C object zephyr/lib/libc/minimal/CMakeFiles/lib__libc__minimal.dir/source/stdlib/strtoull.c.obj
[greenbayupoc:ro] [192/374] Building C object zephyr/lib/libc/minimal/CMakeFiles/lib__libc__minimal.dir/source/stdlib/bsearch.c.obj
[greenbayupoc:ro] [193/374] Building C object zephyr/lib/libc/minimal/CMakeFiles/lib__libc__minimal.dir/source/stdlib/strtoul.c.obj
[greenbayupoc:ro] [194/374] Building C object zephyr/lib/libc/minimal/CMakeFiles/lib__libc__minimal.dir/source/stdlib/strtoll.c.obj
[greenbayupoc:ro] [195/374] Building C object zephyr/arch/arch/riscv/core/CMakeFiles/arch__riscv__core.dir/stacktrace.c.obj
[greenbayupoc:ro] [196/374] Building ASM object zephyr/arch/arch/riscv/core/CMakeFiles/arch__riscv__core.dir/isr.S.obj
[greenbayupoc:ro] [197/374] Building C object zephyr/lib/libc/minimal/CMakeFiles/lib__libc__minimal.dir/source/string/strncasecmp.c.obj
[greenbayupoc:ro] [198/374] Building C object zephyr/lib/libc/minimal/CMakeFiles/lib__libc__minimal.dir/source/string/strstr.c.obj
[uldrenite:rw] -- The C compiler identification is GNU 14.2.0
[greenbayupoc:ro] [199/374] Building C object zephyr/lib/libc/minimal/CMakeFiles/lib__libc__minimal.dir/source/stdlib/qsort.c.obj
[greenbayupoc:ro] [200/374] Building C object zephyr/lib/libc/minimal/CMakeFiles/lib__libc__minimal.dir/source/string/strerror.c.obj
[greenbayupoc:ro] [201/374] Linking C static library zephyr/arch/arch/riscv/core/libarch__riscv__core.a
[greenbayupoc:ro] [202/374] Building C object zephyr/lib/libc/minimal/CMakeFiles/lib__libc__minimal.dir/source/string/string.c.obj
[greenbayupoc:ro] [203/374] Building C object zephyr/lib/libc/minimal/CMakeFiles/lib__libc__minimal.dir/source/string/strspn.c.obj
[uldrenite:rw] -- The CXX compiler identification is GNU 14.2.0
[uldrenite:rw] -- The ASM compiler identification is GNU
[greenbayupoc:ro] [204/374] Building C object zephyr/lib/libc/minimal/CMakeFiles/lib__libc__minimal.dir/source/stdlib/exit.c.obj
[greenbayupoc:ro] [205/374] Building C object zephyr/lib/libc/minimal/CMakeFiles/lib__libc__minimal.dir/source/math/sqrtf.c.obj
[uldrenite:rw] INFOSetting TOOLCHAIN_HAS_NEWLIB to support full build.
[uldrenite:rw] CMake Warning at /mnt/host/source/src/platform/ec/zephyr/cmake/linker/ld/linker_libraries.cmake:11 (message):
[uldrenite:rw]   Disabling c_library
[uldrenite:rw] Call Stack (most recent call first):
[uldrenite:rw]   /mnt/host/source/src/third_party/zephyr/main/cmake/target_toolchain_flags.cmake:48 (include)
[uldrenite:rw]   /mnt/host/source/src/third_party/zephyr/main/cmake/modules/kernel.cmake:153 (include)
[uldrenite:rw]   /mnt/host/source/src/third_party/zephyr/main/cmake/modules/zephyr_default.cmake:138 (include)
[uldrenite:rw]   /mnt/host/source/src/third_party/zephyr/main/share/zephyr-package/cmake/ZephyrConfig.cmake:66 (include)
[uldrenite:rw]   /mnt/host/source/src/third_party/zephyr/main/share/zephyr-package/cmake/ZephyrConfig.cmake:97 (include_boilerplate)
[uldrenite:rw]   CMakeLists.txt:6 (find_package)
[uldrenite:rw] INFOSetting c++_library to libstdc++ install path
[uldrenite:rw] INFOSetting c_library to picolibc install path
[greenbayupoc:ro] [206/374] Building C object zephyr/lib/libc/minimal/CMakeFiles/lib__libc__minimal.dir/source/math/sqrt.c.obj
[guren:rw] [33/413] Building C object CMakeFiles/app.dir/mnt/host/source/src/platform/ec/build/zephyr/guren/modules/ec/common/queue.c.obj
[/mnt/host/source/src/platform/ec/build/zephyr/rauru-lcov]   /mnt/host/source/src/platform/ec/build/zephyr/rauru/build-ro/zephyr/drivers/sensor/CMakeFiles/drivers__sensor.dir/mnt/host/source/src/third_party/zephyr/main/misc/empty_file.c.gcno:no functions found
[/mnt/host/source/src/platform/ec/build/zephyr/rauru-lcov] stderr:
[greenbayupoc:ro] [207/374] Building C object zephyr/lib/libc/common/CMakeFiles/lib__libc__common.dir/source/time/gmtime_r.c.obj
[greenbayupoc:ro] [208/374] Building C object zephyr/lib/libc/minimal/CMakeFiles/lib__libc__minimal.dir/source/stdout/sprintf.c.obj
[greenbayupoc:ro] [209/374] Building C object zephyr/lib/libc/common/CMakeFiles/lib__libc__common.dir/source/time/asctime.c.obj
[greenbayupoc:ro] [210/374] Building C object zephyr/lib/libc/common/CMakeFiles/lib__libc__common.dir/source/time/localtime_r_utc.c.obj
[greenbayupoc:ro] [211/374] Building C object zephyr/lib/libc/minimal/CMakeFiles/lib__libc__minimal.dir/source/time/gmtime.c.obj
[greenbayupoc:ro] [212/374] Building C object zephyr/lib/libc/common/CMakeFiles/lib__libc__common.dir/source/stdlib/abort.c.obj
[greenbayupoc:ro] [213/374] Building C object zephyr/lib/libc/minimal/CMakeFiles/lib__libc__minimal.dir/source/stdout/stdout_console.c.obj
[guren:ro] [24/413] Building C object CMakeFiles/app.dir/mnt/host/source/src/platform/ec/zephyr/subsys/ap_pwrseq/x86_non_dsx_adlp_pwrseq_sm.c.obj
[greenbayupoc:ro] [214/374] Building C object zephyr/lib/libc/common/CMakeFiles/lib__libc__common.dir/source/string/strnlen.c.obj
[guren:rw] [34/413] Building C object CMakeFiles/app.dir/mnt/host/source/src/platform/ec/build/zephyr/guren/modules/ec/common/system.c.obj
[greenbayupoc:ro] [215/374] Building C object zephyr/lib/libc/common/CMakeFiles/lib__libc__common.dir/source/time/ctime.c.obj
[greenbayupoc:ro] [216/374] Building C object zephyr/lib/libc/minimal/CMakeFiles/lib__libc__minimal.dir/source/stdout/fprintf.c.obj
[greenbayupoc:ro] [217/374] Building C object zephyr/lib/posix/c_lib_ext/CMakeFiles/lib__posix__c_lib_ext.dir/fnmatch.c.obj
[greenbayupoc:ro] [218/374] Building C object zephyr/lib/libc/common/CMakeFiles/lib__libc__common.dir/source/time/time.c.obj
[greenbayupoc:ro] [219/374] Linking C static library zephyr/lib/libc/minimal/liblib__libc__minimal.a
[greenbayupoc:ro] [220/374] Building C object zephyr/subsys/crc/CMakeFiles/subsys__crc.dir/crc4_sw.c.obj
[greenbayupoc:ro] [221/374] Building C object zephyr/subsys/crc/CMakeFiles/subsys__crc.dir/crc8_sw.c.obj
[greenbayupoc:ro] [222/374] Building C object zephyr/subsys/crc/CMakeFiles/subsys__crc.dir/crc16_sw.c.obj
[greenbayupoc:ro] [223/374] Building C object zephyr/subsys/crc/CMakeFiles/subsys__crc.dir/crc7_sw.c.obj
[greenbayupoc:ro] [224/374] Building C object zephyr/subsys/crc/CMakeFiles/subsys__crc.dir/crc24_sw.c.obj
[uldrenite:rw] -- Found assembler: /home/jpmurphy/.cache/coreboot-sdk/arm-eabi/ea40ddd1d190c3b48435c474c0b545719371813a/bin/arm-eabi-gcc
[uldrenite:rw] -- Using ccache: /usr/bin/ccache
[greenbayupoc:ro] [225/374] Building C object zephyr/subsys/crc/CMakeFiles/subsys__crc.dir/crc32k_4_2_sw.c.obj
[uldrenite:rw] -- Performing EC specific devicetree checks
[greenbayupoc:ro] [226/374] Building C object zephyr/subsys/crc/CMakeFiles/subsys__crc.dir/crc32c_sw.c.obj
[greenbayupoc:ro] [227/374] Building C object zephyr/subsys/crc/CMakeFiles/subsys__crc.dir/crc32_sw.c.obj
[greenbayupoc:ro] [228/374] Linking C static library zephyr/subsys/crc/libsubsys__crc.a
[guren:rw] [35/413] Building C object CMakeFiles/app.dir/mnt/host/source/src/platform/ec/build/zephyr/guren/modules/ec/common/system_boot_time.c.obj
[greenbayupoc:ro] [229/374] Building C object zephyr/lib/libc/common/CMakeFiles/lib__libc__common.dir/source/stdlib/malloc.c.obj
[greenbayupoc:ro] [230/374] Building C object zephyr/lib/posix/c_lib_ext/CMakeFiles/lib__posix__c_lib_ext.dir/getentropy.c.obj
[uldrenite:rw] INFO: Verified 45 GPIOs, no duplicates found
[uldrenite:rw] INFO: Verified 47 '*-gpios' properties, all flags match.
[uldrenite:rw] INFO: Skipped 17 named-gpios children.
[greenbayupoc:ro] [231/374] Building C object zephyr/lib/posix/c_lib_ext/CMakeFiles/lib__posix__c_lib_ext.dir/getopt_shim.c.obj
[greenbayupoc:ro] [232/374] Building C object zephyr/lib/smf/CMakeFiles/lib__smf.dir/smf.c.obj
[greenbayupoc:ro] [233/374] Building C object zephyr/subsys/input/CMakeFiles/subsys__input.dir/input_hid.c.obj
[greenbayupoc:ro] [234/374] Linking C static library zephyr/lib/libc/common/liblib__libc__common.a
[greenbayupoc:ro] [235/374] Linking C static library zephyr/lib/smf/liblib__smf.a
[greenbayupoc:ro] [236/374] Linking C static library zephyr/lib/posix/c_lib_ext/liblib__posix__c_lib_ext.a
[uldrenite:rw] -- Generating component manifest file
[greenbayupoc:ro] [237/374] Building C object zephyr/subsys/input/CMakeFiles/subsys__input.dir/input.c.obj
[guren:rw] [36/413] Building C object CMakeFiles/app.dir/mnt/host/source/src/platform/ec/build/zephyr/guren/modules/ec/common/uart_printf.c.obj
[guren:ro] [25/413] Building C object CMakeFiles/app.dir/mnt/host/source/src/platform/ec/zephyr/subsys/ap_pwrseq/ap_reset_log.c.obj
[moonstone-ish:singleimage] -- Found gen_kobject_list: /mnt/host/source/src/third_party/zephyr/main/scripts/build/gen_kobject_list.py
[uldrenite:rw] INFO: Running CME, outputting to /mnt/host/source/src/platform/ec/build/zephyr/uldrenite/build-rw/zephyr/component_manifest.json
[uldrenite:rw] INFO: No motionsense-sensor node found
[moonstone-ish:singleimage] CMake Warning at /mnt/host/source/src/third_party/zephyr/main/CMakeLists.txt:1134 (message):
[moonstone-ish:singleimage]   No SOURCES given to Zephyr library: drivers__syscon
[moonstone-ish:singleimage]   Excluding target from build.
[moonstone-ish:singleimage] CMake Warning at /mnt/host/source/src/third_party/zephyr/main/cmake/emu/simics.cmake:14 (message):
[moonstone-ish:singleimage]   Simics simulator environment is not found at SIMICS_PROJECT:''
[moonstone-ish:singleimage] Call Stack (most recent call first):
[moonstone-ish:singleimage]   /mnt/host/source/src/third_party/zephyr/main/CMakeLists.txt:2336 (include)
[moonstone-ish:singleimage] CMake Warning at /mnt/host/source/src/third_party/zephyr/main/CMakeLists.txt:2359 (message):
[moonstone-ish:singleimage]   __ASSERT() statements are globally ENABLED
[greenbayupoc:ro] [238/374] Building C object zephyr/subsys/input/CMakeFiles/subsys__input.dir/input_utils.c.obj
[greenbayupoc:ro] [239/374] Linking C static library zephyr/subsys/input/libsubsys__input.a
[greenbayupoc:ro] [240/374] Building C object zephyr/drivers/interrupt_controller/CMakeFiles/drivers__interrupt_controller.dir/intc_ite_it8xxx2_v2.c.obj
[greenbayupoc:ro] [241/374] Building C object zephyr/drivers/bbram/CMakeFiles/drivers__bbram.dir/bbram_it8xxx2.c.obj
[moonstone-ish:singleimage] -- Configuring done (17.6s)
[greenbayupoc:ro] [242/374] Building C object zephyr/drivers/interrupt_controller/CMakeFiles/drivers__interrupt_controller.dir/wuc_ite_it8xxx2.c.obj
[greenbayupoc:ro] [243/374] Building C object zephyr/drivers/console/CMakeFiles/drivers__console.dir/uart_console.c.obj
[greenbayupoc:ro] [244/374] Linking C static library zephyr/drivers/bbram/libdrivers__bbram.a
[greenbayupoc:ro] [245/374] Linking C static library zephyr/drivers/interrupt_controller/libdrivers__interrupt_controller.a
[greenbayupoc:ro] [246/374] Building C object zephyr/drivers/adc/CMakeFiles/drivers__adc.dir/adc_common.c.obj
[greenbayupoc:ro] [247/374] Linking C static library zephyr/drivers/console/libdrivers__console.a
[guren:rw] [37/413] Building C object CMakeFiles/app.dir/mnt/host/source/src/platform/ec/build/zephyr/guren/modules/ec/common/util.c.obj
[greenbayupoc:ro] [248/374] Building C object zephyr/drivers/crypto/CMakeFiles/drivers__crypto.dir/crypto_it8xxx2_sha_v2.c.obj
[greenbayupoc:ro] [249/374] Linking C static library zephyr/drivers/crypto/libdrivers__crypto.a
[uldrenite:rw] -- warning_base_override: -Wall;-Wformat;-Wformat-security;-Wformat;-Wno-format-zero-length;-Wno-pointer-sign;-Wpointer-arith;-Wexpansion-to-defined
[uldrenite:rw] The PW_ROOT environment variable is not set; using /mnt/host/source/src/platform/ec/build/zephyr/uldrenite/modules/pigweed within CMake
[greenbayupoc:ro] [250/374] Building C object zephyr/drivers/adc/CMakeFiles/drivers__adc.dir/adc_ite_it8xxx2.c.obj
[greenbayupoc:ro] [251/374] Linking C static library zephyr/drivers/adc/libdrivers__adc.a
[guren:rw] [38/413] Building C object CMakeFiles/app.dir/mnt/host/source/src/platform/ec/build/zephyr/guren/modules/ec/common/version.c.obj
[guren:ro] [26/413] Building C object CMakeFiles/app.dir/mnt/host/source/src/platform/ec/build/zephyr/guren/modules/ec/builtin/stdlib.c.obj
[greenbayupoc:ro] [252/374] Building C object zephyr/drivers/i2c/CMakeFiles/drivers__i2c.dir/i2c_bitbang.c.obj
[greenbayupoc:ro] [253/374] Building C object zephyr/drivers/i2c/CMakeFiles/drivers__i2c.dir/i2c_common.c.obj
[greenbayupoc:ro] [254/374] Building C object zephyr/drivers/flash/CMakeFiles/drivers__flash.dir/flash_ite_it8xxx2.c.obj
[greenbayupoc:ro] [255/374] Linking C static library zephyr/drivers/flash/libdrivers__flash.a
[greenbayupoc:ro] [256/374] Building C object zephyr/drivers/i2c/CMakeFiles/drivers__i2c.dir/i2c_shell.c.obj
[/mnt/host/source/src/platform/ec/build/zephyr/rauru-lcov]   /mnt/host/source/src/platform/ec/build/zephyr/rauru/build-ro/zephyr/drivers/syscon/CMakeFiles/drivers__syscon.dir/mnt/host/source/src/third_party/zephyr/main/misc/empty_file.c.gcno:no functions found
[/mnt/host/source/src/platform/ec/build/zephyr/rauru-lcov] stderr:
[greenbayupoc:ro] [257/374] Building C object zephyr/drivers/espi/CMakeFiles/drivers__espi.dir/espi_it8xxx2.c.obj
[guren:rw] [39/413] Building C object CMakeFiles/app.dir/mnt/host/source/src/platform/ec/build/zephyr/guren/modules/ec/common/power_button_x86.c.obj
[greenbayupoc:ro] [258/374] Linking C static library zephyr/drivers/espi/libdrivers__espi.a
[greenbayupoc:ro] [259/374] Building C object zephyr/drivers/i2c/CMakeFiles/drivers__i2c.dir/i2c_ite_enhance.c.obj
[greenbayupoc:ro] [260/374] Building C object zephyr/drivers/input/CMakeFiles/drivers__input.dir/input_ite_it8xxx2_kbd.c.obj
[greenbayupoc:ro] [261/374] Linking C static library zephyr/drivers/i2c/libdrivers__i2c.a
[greenbayupoc:ro] [262/374] Building C object zephyr/drivers/sensor/CMakeFiles/drivers__sensor.dir/mnt/host/source/src/third_party/zephyr/main/misc/empty_file.c.obj
[greenbayupoc:ro] [263/374] Building C object zephyr/drivers/pinctrl/CMakeFiles/drivers__pinctrl.dir/common.c.obj
[greenbayupoc:ro] [264/374] Linking C static library zephyr/drivers/sensor/libdrivers__sensor.a
[greenbayupoc:ro] [265/374] Building C object zephyr/drivers/input/CMakeFiles/drivers__input.dir/input_kbd_matrix.c.obj
[guren:rw] [40/413] Building C object CMakeFiles/app.dir/mnt/host/source/src/platform/ec/build/zephyr/guren/modules/ec/driver/accel_bma4xx.c.obj
[greenbayupoc:ro] [266/374] Linking C static library zephyr/drivers/input/libdrivers__input.a
[guren:ro] [27/413] Building C object CMakeFiles/app.dir/mnt/host/source/src/platform/ec/build/zephyr/guren/modules/ec/common/base32.c.obj
[greenbayupoc:ro] [267/374] Building C object zephyr/drivers/pwm/CMakeFiles/drivers__pwm.dir/pwm_shell.c.obj
[greenbayupoc:ro] [268/374] Building C object zephyr/drivers/gpio/CMakeFiles/drivers__gpio.dir/gpio_ite_it8xxx2_v2.c.obj
[uldrenite:ro] warning: PLATFORM_EC_BODY_DETECTION_NOTIFY_MODE_CHANGE (defined at
[uldrenite:ro] /mnt/host/source/src/platform/ec/zephyr/Kconfig.body_detection:119) was assigned the value 'y' but
[uldrenite:ro] got the value 'n'. Check these unsatisfied dependencies: PLATFORM_EC_BODY_DETECTION (=n). See http:/
[uldrenite:ro] /docs.zephyrproject.org/latest/kconfig.html#CONFIG_PLATFORM_EC_BODY_DETECTION_NOTIFY_MODE_CHANGE
[uldrenite:ro] and/or look up PLATFORM_EC_BODY_DETECTION_NOTIFY_MODE_CHANGE in the menuconfig/guiconfig interface.
[uldrenite:ro] The Application Development Primer, Setting Configuration Values, and Kconfig - Tips and Best
[uldrenite:ro] Practices sections of the manual might be helpful too.
[greenbayupoc:ro] [269/374] Linking C static library zephyr/drivers/gpio/libdrivers__gpio.a
[greenbayupoc:ro] [270/374] Building C object zephyr/drivers/pinctrl/CMakeFiles/drivers__pinctrl.dir/pinctrl_ite_it8xxx2.c.obj
[greenbayupoc:ro] [271/374] Linking C static library zephyr/drivers/pinctrl/libdrivers__pinctrl.a
[/mnt/host/source/src/platform/ec/build/zephyr/rauru-lcov]   /mnt/host/source/src/platform/ec/build/zephyr/rauru/build-rw/modules/ec/zephyr/CMakeFiles/ec_shim.dir/shim/src/power.c.gcno:no functions found
[/mnt/host/source/src/platform/ec/build/zephyr/rauru-lcov] stderr:
[greenbayupoc:ro] [272/374] Building C object zephyr/drivers/pwm/CMakeFiles/drivers__pwm.dir/pwm_ite_it8xxx2.c.obj
[greenbayupoc:ro] [273/374] Linking C static library zephyr/drivers/pwm/libdrivers__pwm.a
[greenbayupoc:ro] [274/374] Building C object zephyr/drivers/sensor/ite/ite_tach_it8xxx2/CMakeFiles/drivers__sensor__ite__ite_tach_it8xxx2.dir/tach_ite_it8xxx2.c.obj
[greenbayupoc:ro] [275/374] Linking C static library zephyr/drivers/sensor/ite/ite_tach_it8xxx2/libdrivers__sensor__ite__ite_tach_it8xxx2.a
[guren:rw] [41/413] Building C object CMakeFiles/app.dir/mnt/host/source/src/platform/ec/build/zephyr/guren/modules/ec/driver/accelgyro_bmi_common.c.obj
[greenbayupoc:ro] [276/374] Building C object zephyr/drivers/serial/CMakeFiles/drivers__serial.dir/uart_ite_it8xxx2.c.obj
[/mnt/host/source/src/platform/ec/build/zephyr/rauru-lcov]   /mnt/host/source/src/platform/ec/build/zephyr/rauru/build-rw/modules/ec/zephyr/CMakeFiles/ec_shim.dir/shim/src/battery.c.gcno:no functions found
[/mnt/host/source/src/platform/ec/build/zephyr/rauru-lcov] stderr:
[greenbayupoc:ro] [277/374] Building C object zephyr/drivers/timer/CMakeFiles/drivers__timer.dir/sys_clock_init.c.obj
[uldrenite:ro] Parsing /mnt/host/source/src/platform/ec/zephyr/program/trulo/Kconfig
[/mnt/host/source/src/platform/ec/build/zephyr/rauru-lcov]   /mnt/host/source/src/platform/ec/build/zephyr/rauru/build-rw/modules/ec/zephyr/CMakeFiles/ec_shim.dir/shim/src/charger.c.gcno:no functions found
[/mnt/host/source/src/platform/ec/build/zephyr/rauru-lcov] stderr:
[greenbayupoc:ro] [278/374] Building C object zephyr/drivers/sensor/ite/ite_vcmp_it8xxx2/CMakeFiles/drivers__sensor__ite__ite_vcmp_it8xxx2.dir/vcmp_ite_it8xxx2.c.obj
[greenbayupoc:ro] [279/374] Building C object zephyr/drivers/timer/CMakeFiles/drivers__timer.dir/ite_it8xxx2_timer.c.obj
[greenbayupoc:ro] [280/374] Linking C static library zephyr/drivers/sensor/ite/ite_vcmp_it8xxx2/libdrivers__sensor__ite__ite_vcmp_it8xxx2.a
[greenbayupoc:ro] [281/374] Building C object zephyr/drivers/serial/CMakeFiles/drivers__serial.dir/uart_ns16550.c.obj
[greenbayupoc:ro] [282/374] Linking C static library zephyr/drivers/timer/libdrivers__timer.a
[greenbayupoc:ro] [283/374] Linking C static library zephyr/drivers/serial/libdrivers__serial.a
[greenbayupoc:ro] [284/374] Building C object zephyr/drivers/watchdog/CMakeFiles/drivers__watchdog.dir/wdt_ite_it8xxx2.c.obj
[guren:ro] [28/413] Building C object CMakeFiles/app.dir/mnt/host/source/src/platform/ec/build/zephyr/guren/modules/ec/common/console_output.c.obj
[guren:rw] [42/413] Building C object CMakeFiles/app.dir/mnt/host/source/src/platform/ec/build/zephyr/guren/modules/ec/driver/accelgyro_bmi3xx.c.obj
[greenbayupoc:ro] [285/374] Building C object zephyr/drivers/watchdog/CMakeFiles/drivers__watchdog.dir/wdt_shell.c.obj
[greenbayupoc:ro] [286/374] Linking C static library zephyr/drivers/watchdog/libdrivers__watchdog.a
[greenbayupoc:ro] [287/374] Building C object modules/ec/zephyr/CMakeFiles/ec_shim.dir/app/ec/main_shim.c.obj
[greenbayupoc:ro] [288/374] Building C object modules/ec/zephyr/CMakeFiles/ec_shim.dir/drivers/keyboard_input/keyboard_customization_check.c.obj
[greenbayupoc:ro] [289/374] Building C object modules/ec/zephyr/CMakeFiles/ec_shim.dir/app/ec/ec_app_main.c.obj
[greenbayupoc:ro] [290/374] Building C object modules/ec/zephyr/CMakeFiles/ec_shim.dir/app/ec/chip/riscv/riscv-ite/it8xxx2-espi.c.obj
[guren:rw] [43/413] Building C object CMakeFiles/app.dir/mnt/host/source/src/platform/ec/build/zephyr/guren/modules/ec/driver/accelgyro_icm_common.c.obj
[uldrenite:ro] warning: Deprecated symbol I2C_ALLOW_NO_STOP_TRANSACTIONS is enabled.
[uldrenite:ro] INFOSetting TOOLCHAIN_HAS_PICOLIBC to support full build.
[/mnt/host/source/src/platform/ec/build/zephyr/rauru-lcov]   /mnt/host/source/src/platform/ec/build/zephyr/rauru/build-rw/modules/ec/zephyr/CMakeFiles/ec_shim.dir/shim/src/usb_muxes.c.gcno:no functions found
[/mnt/host/source/src/platform/ec/build/zephyr/rauru-lcov] stderr:
[greenbayupoc:ro] [291/374] Building C object modules/ec/zephyr/CMakeFiles/ec_shim.dir/drivers/cros_kblight/pwm_kblight.c.obj
[greenbayupoc:ro] [292/374] Building C object modules/ec/zephyr/CMakeFiles/ec_shim.dir/drivers/cros_flash/cros_flash_it8xxx2.c.obj
[uldrenite:ro] Loaded configuration '/mnt/host/source/src/platform/ec/zephyr/boards/google/npcx9/npcx9_npcx9m7fb_defconfig'
[uldrenite:ro] Merged configuration '/mnt/host/source/src/platform/ec/zephyr/program/trulo/program.conf'
[uldrenite:ro] Merged configuration '/mnt/host/source/src/platform/ec/zephyr/program/trulo/uldrenite/project.conf'
[uldrenite:ro] Merged configuration '/mnt/host/source/src/platform/ec/zephyr/program/trulo/dsp_comms.conf'
[uldrenite:ro] Merged configuration '/mnt/host/source/src/platform/ec/build/zephyr/uldrenite/kconfig-ro.conf'
[uldrenite:ro] Configuration saved to '/mnt/host/source/src/platform/ec/build/zephyr/uldrenite/build-ro/zephyr/.config'
[uldrenite:ro] Kconfig header saved to '/mnt/host/source/src/platform/ec/build/zephyr/uldrenite/build-ro/zephyr/include/generated/zephyr/autoconf.h'
[uldrenite:ro] -- Found GnuLd: /home/jpmurphy/.cache/coreboot-sdk/arm-eabi/ea40ddd1d190c3b48435c474c0b545719371813a/arm-eabi/bin/ld.bfd (found version "2.43.1")
[guren:ro] [29/413] Building C object CMakeFiles/app.dir/mnt/host/source/src/platform/ec/build/zephyr/guren/modules/ec/common/ec_features.c.obj
[greenbayupoc:ro] [293/374] Building C object modules/ec/zephyr/CMakeFiles/ec_shim.dir/drivers/hibernate/hibernate_z5.c.obj
[greenbayupoc:ro] [294/374] Building C object modules/ec/zephyr/CMakeFiles/ec_shim.dir/drivers/cros_system/cros_system_it8xxx2.c.obj
[uldrenite:ro] -- The C compiler identification is GNU 14.2.0
[/mnt/host/source/src/platform/ec/build/zephyr/rauru-lcov]   /mnt/host/source/src/platform/ec/build/zephyr/rauru/build-rw/modules/ec/zephyr/CMakeFiles/ec_shim.dir/shim/src/usba.c.gcno:no functions found
[/mnt/host/source/src/platform/ec/build/zephyr/rauru-lcov] stderr:
[greenbayupoc:ro] [295/374] Building C object modules/ec/zephyr/CMakeFiles/ec_shim.dir/drivers/usbc/ucsi_v3.c.obj
[guren:rw] [44/413] Building C object CMakeFiles/app.dir/mnt/host/source/src/platform/ec/build/zephyr/guren/modules/ec/driver/accelgyro_icm42607.c.obj
[greenbayupoc:ro] [296/374] Building C object modules/ec/zephyr/CMakeFiles/ec_shim.dir/drivers/keyboard_input/keyboard_input.c.obj
[greenbayupoc:ro] [297/374] Building C object modules/ec/zephyr/CMakeFiles/ec_shim.dir/drivers/keyboard_input/col_gpio_drive.c.obj
[/mnt/host/source/src/platform/ec/build/zephyr/yavilla-lcov]   /mnt/host/source/src/platform/ec/build/zephyr/yavilla/build-ro/CMakeFiles/app.dir/mnt/host/source/src/platform/ec/build/zephyr/yavilla/modules/ec/common/chargen.c.gcno:no functions found
[/mnt/host/source/src/platform/ec/build/zephyr/yavilla-lcov] stderr:
[uldrenite:ro] -- The CXX compiler identification is GNU 14.2.0
[uldrenite:ro] -- The ASM compiler identification is GNU
[uldrenite:ro] -- Found assembler: /home/jpmurphy/.cache/coreboot-sdk/arm-eabi/ea40ddd1d190c3b48435c474c0b545719371813a/bin/arm-eabi-gcc
[uldrenite:ro] INFOSetting TOOLCHAIN_HAS_NEWLIB to support full build.
[uldrenite:ro] CMake Warning at /mnt/host/source/src/platform/ec/zephyr/cmake/linker/ld/linker_libraries.cmake:11 (message):
[uldrenite:ro]   Disabling c_library
[uldrenite:ro] Call Stack (most recent call first):
[uldrenite:ro]   /mnt/host/source/src/third_party/zephyr/main/cmake/target_toolchain_flags.cmake:48 (include)
[uldrenite:ro]   /mnt/host/source/src/third_party/zephyr/main/cmake/modules/kernel.cmake:153 (include)
[uldrenite:ro]   /mnt/host/source/src/third_party/zephyr/main/cmake/modules/zephyr_default.cmake:138 (include)
[uldrenite:ro]   /mnt/host/source/src/third_party/zephyr/main/share/zephyr-package/cmake/ZephyrConfig.cmake:66 (include)
[uldrenite:ro]   /mnt/host/source/src/third_party/zephyr/main/share/zephyr-package/cmake/ZephyrConfig.cmake:97 (include_boilerplate)
[uldrenite:ro]   CMakeLists.txt:6 (find_package)
[uldrenite:ro] INFOSetting c++_library to libstdc++ install path
[uldrenite:ro] INFOSetting c_library to picolibc install path
[uldrenite:rw] -- Found gen_kobject_list: /mnt/host/source/src/third_party/zephyr/main/scripts/build/gen_kobject_list.py
[greenbayupoc:ro] [298/374] Building C object modules/ec/zephyr/CMakeFiles/ec_shim.dir/drivers/boot_keys/boot_keys.c.obj
[greenbayupoc:ro] [299/374] Building C object modules/ec/zephyr/CMakeFiles/ec_shim.dir/drivers/runtime_keys/runtime_keys.c.obj
[guren:rw] [45/413] Building C object CMakeFiles/app.dir/mnt/host/source/src/platform/ec/build/zephyr/guren/modules/ec/common/motion_sense_fifo.c.obj
[greenbayupoc:ro] [300/374] Building C object modules/ec/zephyr/CMakeFiles/ec_shim.dir/drivers/vivaldi_kbd/vivaldi_kbd.c.obj
[greenbayupoc:ro] [301/374] Building C object modules/ec/zephyr/CMakeFiles/ec_shim.dir/drivers/prochot_vcmp/prochot_vcmp.c.obj
[greenbayupoc:ro] [302/374] Building C object modules/ec/zephyr/CMakeFiles/ec_shim.dir/shim/src/crc.c.obj
[uldrenite:rw] -- Configuring done (21.0s)
[guren:ro] [30/413] Building C object CMakeFiles/app.dir/mnt/host/source/src/platform/ec/build/zephyr/guren/modules/ec/common/gpio_commands.c.obj
[greenbayupoc:ro] [303/374] Building C object modules/ec/zephyr/CMakeFiles/ec_shim.dir/shim/chip/it8xxx2/clock.c.obj
[greenbayupoc:ro] [304/374] Building C object modules/ec/zephyr/CMakeFiles/ec_shim.dir/shim/chip/it8xxx2/system.c.obj
[greenbayupoc:ro] [305/374] Building C object modules/ec/zephyr/CMakeFiles/ec_shim.dir/drivers/usbc/pdc_rts54xx.c.obj
[greenbayupoc:ro] [306/374] Building C object modules/ec/zephyr/CMakeFiles/ec_shim.dir/shim/chip/it8xxx2/gpio.c.obj
[guren:rw] [46/413] Building C object CMakeFiles/app.dir/mnt/host/source/src/platform/ec/build/zephyr/guren/modules/ec/common/adc.c.obj
[greenbayupoc:ro] [307/374] Building C object modules/ec/zephyr/CMakeFiles/ec_shim.dir/shim/chip/it8xxx2/power_policy.c.obj
[uldrenite:ro] -- Using ccache: /usr/bin/ccache
[uldrenite:ro] -- Performing EC specific devicetree checks
[greenbayupoc:ro] [308/374] Building C object modules/ec/zephyr/CMakeFiles/ec_shim.dir/shim/src/console.c.obj
[greenbayupoc:ro] [309/374] Building C object modules/ec/zephyr/CMakeFiles/ec_shim.dir/shim/src/gpio_int.c.obj
[greenbayupoc:ro] [310/374] Building C object modules/ec/zephyr/CMakeFiles/ec_shim.dir/shim/src/panic_utils.c.obj
[uldrenite:ro] INFO: Verified 45 GPIOs, no duplicates found
[uldrenite:ro] INFO: Verified 47 '*-gpios' properties, all flags match.
[uldrenite:ro] INFO: Skipped 17 named-gpios children.
[guren:rw] [47/413] Building C object CMakeFiles/app.dir/mnt/host/source/src/platform/ec/build/zephyr/guren/modules/ec/common/acpi.c.obj
[greenbayupoc:ro] [311/374] Building C object modules/ec/zephyr/CMakeFiles/ec_shim.dir/shim/src/gpio.c.obj
[guren:ro] [31/413] Building C object CMakeFiles/app.dir/mnt/host/source/src/platform/ec/build/zephyr/guren/modules/ec/common/peripheral.c.obj
[greenbayupoc:ro] [312/374] Building C object modules/ec/zephyr/CMakeFiles/ec_shim.dir/shim/src/pm_state.c.obj
[greenbayupoc:ro] [313/374] Building C object modules/ec/zephyr/CMakeFiles/ec_shim.dir/shim/src/cbi/cros_cbi.c.obj
[uldrenite:ro] -- Generating component manifest file
[greenbayupoc:ro] [314/374] Building C object modules/ec/zephyr/CMakeFiles/ec_shim.dir/shim/src/cbi/cbi_flash.c.obj
[guren:rw] [48/413] Building C object CMakeFiles/app.dir/mnt/host/source/src/platform/ec/build/zephyr/guren/modules/ec/common/backlight_lid.c.obj
[uldrenite:ro] INFO: Running CME, outputting to /mnt/host/source/src/platform/ec/build/zephyr/uldrenite/build-ro/zephyr/component_manifest.json
[uldrenite:ro] INFO: No motionsense-sensor node found
[greenbayupoc:ro] [315/374] Building C object modules/ec/zephyr/CMakeFiles/ec_shim.dir/shim/src/led_driver/led.c.obj
[uldrenite:ro] -- warning_base_override: -Wall;-Wformat;-Wformat-security;-Wformat;-Wno-format-zero-length;-Wno-pointer-sign;-Wpointer-arith;-Wexpansion-to-defined
[uldrenite:ro] The PW_ROOT environment variable is not set; using /mnt/host/source/src/platform/ec/build/zephyr/uldrenite/modules/pigweed within CMake
[moonstone-ish:singleimage] -- Generating done (6.2s)
[moonstone-ish:singleimage] CMake Warning:
[moonstone-ish:singleimage] -- Build files have been written to: /mnt/host/source/src/platform/ec/build/zephyr/moonstone-ish/build-singleimage
[greenbayupoc:ro] [316/374] Building C object modules/ec/zephyr/CMakeFiles/ec_shim.dir/shim/src/led_driver/led_pwm.c.obj
[greenbayupoc:ro] [317/374] Building C object modules/ec/zephyr/CMakeFiles/ec_shim.dir/shim/src/battery.c.obj
[greenbayupoc:ro] [318/374] Building C object modules/ec/zephyr/CMakeFiles/ec_shim.dir/shim/src/pdc_shim.c.obj
[greenbayupoc:ro] [319/374] Building C object modules/ec/zephyr/CMakeFiles/ec_shim.dir/shim/src/adc.c.obj
[greenbayupoc:ro] [320/374] Building C object modules/ec/zephyr/CMakeFiles/ec_shim.dir/shim/src/system.c.obj
[greenbayupoc:ro] [321/374] Building C object modules/ec/zephyr/CMakeFiles/ec_shim.dir/shim/src/charger.c.obj
[guren:rw] [49/413] Building C object CMakeFiles/app.dir/mnt/host/source/src/platform/ec/build/zephyr/guren/modules/ec/common/battery.c.obj
[/mnt/host/source/src/platform/ec/build/zephyr/rauru-lcov]   /mnt/host/source/src/platform/ec/build/zephyr/rauru/build-rw/modules/ec/zephyr/CMakeFiles/ec_shim.dir/shim/src/keyscan.c.gcno:no functions found
[/mnt/host/source/src/platform/ec/build/zephyr/rauru-lcov] stderr:
[greenbayupoc:ro] [322/374] Building C object modules/ec/zephyr/CMakeFiles/ec_shim.dir/shim/src/chipset_api.c.obj
[guren:ro] [32/413] Building C object CMakeFiles/app.dir/mnt/host/source/src/platform/ec/build/zephyr/guren/modules/ec/common/printf.c.obj
[moonstone-ish:singleimage]   Manually-specified variables were not used by the project:
[moonstone-ish:singleimage]     COREBOOT_SDK_ROOT_arm
[moonstone-ish:singleimage]     COREBOOT_SDK_ROOT_libstdcxx_arm
[moonstone-ish:singleimage]     COREBOOT_SDK_ROOT_libstdcxx_riscv64
[moonstone-ish:singleimage]     COREBOOT_SDK_ROOT_nds32
[moonstone-ish:singleimage]     COREBOOT_SDK_ROOT_picolibc_arm
[moonstone-ish:singleimage]     COREBOOT_SDK_ROOT_picolibc_riscv64
[moonstone-ish:singleimage]     COREBOOT_SDK_ROOT_riscv
[moonstone-ish:singleimage]     COREBOOT_SDK_ROOT_riscv64
[moonstone-ish:singleimage]     PW_ROOT
[guren:rw] [50/413] Building C object CMakeFiles/app.dir/mnt/host/source/src/platform/ec/build/zephyr/guren/modules/ec/common/battery_info.c.obj
[greenbayupoc:ro] [323/374] Building C object modules/ec/zephyr/CMakeFiles/ec_shim.dir/shim/src/espi.c.obj
[greenbayupoc:ro] [324/374] Building C object modules/ec/zephyr/CMakeFiles/ec_shim.dir/shim/src/host_command.c.obj
[greenbayupoc:ro] [325/374] Building C object modules/ec/zephyr/CMakeFiles/ec_shim.dir/shim/src/hooks.c.obj
[greenbayupoc:ro] [326/374] Building C object modules/ec/zephyr/CMakeFiles/ec_shim.dir/shim/src/console_buffer.c.obj
[greenbayupoc:ro] [327/374] Building C object modules/ec/zephyr/CMakeFiles/ec_shim.dir/shim/src/mkbp_event.c.obj
[greenbayupoc:ro] [328/374] Building C object modules/ec/zephyr/CMakeFiles/ec_shim.dir/shim/src/flash.c.obj
[greenbayupoc:ro] [329/374] Building C object modules/ec/zephyr/CMakeFiles/ec_shim.dir/shim/src/fan.c.obj
[greenbayupoc:ro] [330/374] Building C object modules/ec/zephyr/CMakeFiles/ec_shim.dir/shim/src/panic.c.obj
[guren:rw] [51/413] Building C object CMakeFiles/app.dir/mnt/host/source/src/platform/ec/build/zephyr/guren/modules/ec/common/battery_fuel_gauge.c.obj
[guren:ro] [33/413] Building C object CMakeFiles/app.dir/mnt/host/source/src/platform/ec/build/zephyr/guren/modules/ec/common/queue.c.obj
[guren:rw] [52/413] Building C object CMakeFiles/app.dir/mnt/host/source/src/platform/ec/build/zephyr/guren/modules/ec/driver/battery/smart.c.obj
[guren:rw] [53/413] Building C object CMakeFiles/app.dir/mnt/host/source/src/platform/ec/build/zephyr/guren/modules/ec/driver/charger/isl923x.c.obj
[greenbayupoc:ro] [331/374] Building C object modules/ec/zephyr/CMakeFiles/ec_shim.dir/shim/src/pwm_hc.c.obj
[greenbayupoc:ro] [332/374] Building C object modules/ec/zephyr/CMakeFiles/ec_shim.dir/shim/src/thermal.c.obj
[greenbayupoc:ro] [333/374] Building C object modules/ec/zephyr/CMakeFiles/ec_shim.dir/shim/src/hwtimer.c.obj
[greenbayupoc:ro] [334/374] Building C object modules/ec/zephyr/CMakeFiles/ec_shim.dir/shim/src/i2c.c.obj
[greenbayupoc:ro] [335/374] Building C object modules/ec/zephyr/CMakeFiles/ec_shim.dir/shim/src/temp_sensors.c.obj
[greenbayupoc:ro] [336/374] Building C object modules/ec/zephyr/CMakeFiles/ec_shim.dir/shim/src/usba.c.obj
[greenbayupoc:ro] [337/374] Building C object modules/ec/zephyr/CMakeFiles/ec_shim.dir/shim/src/watchdog.c.obj
[greenbayupoc:ro] [338/374] Building C object modules/ec/zephyr/CMakeFiles/ec_shim.dir/shim/src/tasks.c.obj
[guren:rw] [54/413] Building C object CMakeFiles/app.dir/mnt/host/source/src/platform/ec/build/zephyr/guren/modules/ec/common/charger.c.obj
[greenbayupoc:ro] [339/374] Building C object zephyr/kernel/CMakeFiles/kernel.dir/main_weak.c.obj
[guren:ro] [34/413] Building C object CMakeFiles/app.dir/mnt/host/source/src/platform/ec/build/zephyr/guren/modules/ec/common/system.c.obj
[greenbayupoc:ro] [340/374] Building C object zephyr/kernel/CMakeFiles/kernel.dir/busy_wait.c.obj
[greenbayupoc:ro] [341/374] Building C object modules/ec/zephyr/CMakeFiles/ec_shim.dir/shim/src/power_host_sleep_api.c.obj
[greenbayupoc:ro] [342/374] Building C object zephyr/kernel/CMakeFiles/kernel.dir/banner.c.obj
[greenbayupoc:ro] [343/374] Building C object modules/ec/zephyr/CMakeFiles/ec_shim.dir/shim/src/sha256_hw.c.obj
[greenbayupoc:ro] [344/374] Building C object zephyr/kernel/CMakeFiles/kernel.dir/errno.c.obj
[greenbayupoc:ro] [345/374] Linking C static library modules/ec/zephyr/libec_shim.a
[greenbayupoc:ro] [346/374] Building C object zephyr/kernel/CMakeFiles/kernel.dir/device.c.obj
[greenbayupoc:ro] [347/374] Building C object zephyr/kernel/CMakeFiles/kernel.dir/version.c.obj
[guren:rw] [55/413] Building C object CMakeFiles/app.dir/mnt/host/source/src/platform/ec/build/zephyr/guren/modules/ec/common/charge_state.c.obj
[greenbayupoc:ro] [348/374] Building C object zephyr/kernel/CMakeFiles/kernel.dir/fatal.c.obj
[guren:rw] [56/413] Building C object CMakeFiles/app.dir/mnt/host/source/src/platform/ec/build/zephyr/guren/modules/ec/common/charge_manager.c.obj
[greenbayupoc:ro] [349/374] Building C object zephyr/kernel/CMakeFiles/kernel.dir/kheap.c.obj
[greenbayupoc:ro] [350/374] Building C object zephyr/kernel/CMakeFiles/kernel.dir/float.c.obj
[greenbayupoc:ro] [351/374] Building C object zephyr/kernel/CMakeFiles/kernel.dir/init.c.obj
[greenbayupoc:ro] [352/374] Building C object zephyr/kernel/CMakeFiles/kernel.dir/mem_slab.c.obj
[greenbayupoc:ro] [353/374] Building C object zephyr/kernel/CMakeFiles/kernel.dir/msg_q.c.obj
[greenbayupoc:ro] [354/374] Building C object zephyr/kernel/CMakeFiles/kernel.dir/idle.c.obj
[guren:rw] [57/413] Building C object CMakeFiles/app.dir/mnt/host/source/src/platform/ec/build/zephyr/guren/modules/ec/common/ocpc.c.obj
[guren:ro] [35/413] Building C object CMakeFiles/app.dir/mnt/host/source/src/platform/ec/build/zephyr/guren/modules/ec/common/system_boot_time.c.obj
[greenbayupoc:ro] [355/374] Building C object zephyr/kernel/CMakeFiles/kernel.dir/mailbox.c.obj
[greenbayupoc:ro] [356/374] Building C object zephyr/kernel/CMakeFiles/kernel.dir/mutex.c.obj
[guren:rw] [58/413] Building C object CMakeFiles/app.dir/mnt/host/source/src/platform/ec/build/zephyr/guren/modules/ec/common/cbi_common.c.obj
[/mnt/host/source/src/platform/ec/build/zephyr/yavilla-lcov]   /mnt/host/source/src/platform/ec/build/zephyr/yavilla/build-ro/CMakeFiles/app.dir/mnt/host/source/src/platform/ec/build/zephyr/yavilla/modules/ec/common/cbi_config.c.gcno:no functions found
[/mnt/host/source/src/platform/ec/build/zephyr/yavilla-lcov] stderr:
[uldrenite:ro] -- Found gen_kobject_list: /mnt/host/source/src/third_party/zephyr/main/scripts/build/gen_kobject_list.py
[greenbayupoc:ro] [357/374] Building C object zephyr/kernel/CMakeFiles/kernel.dir/system_work_q.c.obj
[greenbayupoc:ro] [358/374] Building C object zephyr/kernel/CMakeFiles/kernel.dir/sem.c.obj
[greenbayupoc:ro] [359/374] Building C object zephyr/kernel/CMakeFiles/kernel.dir/queue.c.obj
[greenbayupoc:ro] [360/374] Building C object zephyr/kernel/CMakeFiles/kernel.dir/stack.c.obj
[guren:rw] [59/413] Building C object CMakeFiles/app.dir/mnt/host/source/src/platform/ec/build/zephyr/guren/modules/ec/common/cbi.c.obj
[uldrenite:ro] -- Configuring done (20.1s)
[greenbayupoc:ro] [361/374] Building C object zephyr/kernel/CMakeFiles/kernel.dir/work.c.obj
[greenbayupoc:ro] [362/374] Building C object zephyr/kernel/CMakeFiles/kernel.dir/condvar.c.obj
[guren:rw] [60/413] Building C object CMakeFiles/app.dir/mnt/host/source/src/platform/ec/build/zephyr/guren/modules/ec/common/cbi_config.c.obj
[greenbayupoc:ro] [363/374] Building C object zephyr/kernel/CMakeFiles/kernel.dir/thread.c.obj
[/mnt/host/source/src/platform/ec/build/zephyr/yavilla-lcov]   /mnt/host/source/src/platform/ec/build/zephyr/yavilla/build-ro/zephyr/arch/arch/riscv/core/CMakeFiles/arch__riscv__core.dir/cpu_idle.c.gcno:no functions found
[/mnt/host/source/src/platform/ec/build/zephyr/yavilla-lcov] stderr:
[guren:ro] [36/413] Building C object CMakeFiles/app.dir/mnt/host/source/src/platform/ec/build/zephyr/guren/modules/ec/common/uart_printf.c.obj
[greenbayupoc:ro] [364/374] Building C object zephyr/kernel/CMakeFiles/kernel.dir/spinlock_validate.c.obj
[greenbayupoc:ro] [365/374] Building C object zephyr/kernel/CMakeFiles/kernel.dir/thread_monitor.c.obj
[greenbayupoc:ro] [366/374] Building C object zephyr/kernel/CMakeFiles/kernel.dir/pipe.c.obj
[greenbayupoc:ro] [367/374] Building C object zephyr/kernel/CMakeFiles/kernel.dir/sched.c.obj
[greenbayupoc:ro] [368/374] Building C object zephyr/kernel/CMakeFiles/kernel.dir/timeout.c.obj
[guren:rw] [61/413] Building C object CMakeFiles/app.dir/mnt/host/source/src/platform/ec/build/zephyr/guren/modules/ec/common/dptf.c.obj
[greenbayupoc:ro] [369/374] Building C object zephyr/kernel/CMakeFiles/kernel.dir/timer.c.obj
[moonstone-ish:singleimage] Building: /usr/bin/ninja -C /mnt/host/source/src/platform/ec/build/zephyr/moonstone-ish/build-singleimage all.libraries
Running `env -i SHELL=/bin/bash COLORTERM=truecolor DEPOT_TOOLS_UPDATE=0 LESS='-R -M --shift 5' SUDO_GID=0 JDK_HOME=/etc/java-config-2/current-system-vm CONFIG_PROTECT_MASK='/etc/gentoo-release /etc/sandbox.d /etc/fonts/fonts.conf /etc/terminfo /etc/ca-certificates.conf /etc/revdep-rebuild' CHROMEOS_CACHEDIR=/var/cache/chromeos-cache JAVA_HOME=/etc/java-config-2/current-system-vm SSH_AUTH_SOCK=/tmp/ssh-auth-sock SUDO_COMMAND=/bin/bash SUDO_USER=root SUDO_TTY=/dev/pts/2 EDITOR=/usr/bin/vi PWD=/mnt/host/source/src/platform/ec CONFIG_PROTECT=/usr/share/gnupg/qualified.txt LOGNAME=jpmurphy MANPATH=/etc/java-config-2/current-system-vm/man:/usr/local/share/man:/usr/share/man:/usr/share/gcc-data/x86_64-pc-linux-gnu/10.2.0/man:/usr/share/binutils-data/x86_64-pc-linux-gnu/2.45/man:/etc/java-config-2/current-system-vm/man/ SUDO_HOME=/root XAUTHORITY=/run/user/944457/gdm/Xauthority HOME=/home/jpmurphy LANG=C.UTF-8 LS_COLORS='rs=0:di=01;34:ln=01;36:mh=00:pi=40;33:so=01;35:do=01;35:bd=40;33;01:cd=40;33;01:or=01;05;37;41:mi=01;05;37;41:su=37;41:sg=30;43:ca=30;41:tw=30;42:ow=34;42:st=37;44:ex=01;32:*.tar=01;31:*.tgz=01;31:*.arc=01;31:*.arj=01;31:*.taz=01;31:*.lha=01;31:*.lz4=01;31:*.lzh=01;31:*.lzma=01;31:*.tlz=01;31:*.txz=01;31:*.tzo=01;31:*.t7z=01;31:*.zip=01;31:*.z=01;31:*.dz=01;31:*.gz=01;31:*.lrz=01;31:*.lz=01;31:*.lzo=01;31:*.xz=01;31:*.zst=01;31:*.tzst=01;31:*.bz2=01;31:*.bz=01;31:*.tbz=01;31:*.tbz2=01;31:*.tz=01;31:*.deb=01;31:*.rpm=01;31:*.jar=01;31:*.war=01;31:*.ear=01;31:*.sar=01;31:*.rar=01;31:*.alz=01;31:*.ace=01;31:*.zoo=01;31:*.cpio=01;31:*.7z=01;31:*.rz=01;31:*.cab=01;31:*.wim=01;31:*.swm=01;31:*.dwm=01;31:*.esd=01;31:*.jpg=01;35:*.jpeg=01;35:*.mjpg=01;35:*.mjpeg=01;35:*.gif=01;35:*.bmp=01;35:*.pbm=01;35:*.pgm=01;35:*.ppm=01;35:*.tga=01;35:*.xbm=01;35:*.xpm=01;35:*.tif=01;35:*.tiff=01;35:*.png=01;35:*.svg=01;35:*.svgz=01;35:*.mng=01;35:*.pcx=01;35:*.mov=01;35:*.mpg=01;35:*.mpeg=01;35:*.m2v=01;35:*.mkv=01;35:*.webm=01;35:*.webp=01;35:*.ogm=01;35:*.mp4=01;35:*.m4v=01;35:*.mp4v=01;35:*.vob=01;35:*.qt=01;35:*.nuv=01;35:*.wmv=01;35:*.asf=01;35:*.rm=01;35:*.rmvb=01;35:*.flc=01;35:*.avi=01;35:*.fli=01;35:*.flv=01;35:*.gl=01;35:*.dl=01;35:*.xcf=01;35:*.xwd=01;35:*.yuv=01;35:*.cgm=01;35:*.emf=01;35:*.ogv=01;35:*.ogx=01;35:*.cfg=00;32:*.conf=00;32:*.diff=00;32:*.doc=00;32:*.ini=00;32:*.log=00;32:*.patch=00;32:*.pdf=00;32:*.ps=00;32:*.tex=00;32:*.txt=00;32:*.aac=00;36:*.au=00;36:*.flac=00;36:*.m4a=00;36:*.mid=00;36:*.midi=00;36:*.mka=00;36:*.mp3=00;36:*.mpc=00;36:*.ogg=00;36:*.ra=00;36:*.wav=00;36:*.oga=00;36:*.opus=00;36:*.spx=00;36:*.xspf=00;36:' XDG_CURRENT_DESKTOP=GNOME INFOPATH=/usr/share/info:/usr/share/gcc-data/x86_64-pc-linux-gnu/10.2.0/info:/usr/share/binutils-data/x86_64-pc-linux-gnu/2.45/info:/usr/share/automake-1.16.5/info JAVAC=/etc/java-config-2/current-system-vm/bin/javac TERM=xterm-256color LESSOPEN='|lesspipe %s' USER=jpmurphy CROS_WORKON_SRCROOT=/mnt/host/source MANPAGER=manpager DISPLAY=:1 SHLVL=1 LC_MESSAGES=C EXTERNAL_TRUNK_PATH=/mnt/8f9d649a-3721-44cc-93c0-e6bd21a9689f/chromiumos GCC_SPECS='' PATH=/mnt/host/source/chromite/bin:/usr/local/bin:/usr/bin:/bin:/opt/bin:/mnt/host/source/chromite/sdk/bin:/mnt/host/source/chromite/bin PORTAGE_USERNAME=jpmurphy SUDO_UID=0 GCC_VER=10.2.0 MAIL=/var/mail/jpmurphy OLDPWD=/mnt/host/source/src/scripts traceparent=00-e87aca51550a78635907baa6a2476181-6d684811675d2973-01 _=./zephyr/firmware_builder.py COREBOOT_SDK_ROOT_x86=/home/jpmurphy/.cache/coreboot-sdk/i386-elf/dfbb0486385d938cfa9d73080b9d18d598ed4f49 COREBOOT_SDK_ROOT_picolibc_x86=/home/jpmurphy/.cache/coreboot-sdk/picolibc-i386-elf/eb8e8e687b95461de8cbf278f1c2076952d0ad17 COREBOOT_SDK_ROOT_riscv64=/home/jpmurphy/.cache/coreboot-sdk/riscv64-elf/96b949749225b6aaa92ed810ab769e8dfb12f000 COREBOOT_SDK_ROOT_picolibc_arm=/home/jpmurphy/.cache/coreboot-sdk/picolibc-arm-eabi/422a2aa3e1ef891b5bece9a3deb696ff83840d2e COREBOOT_SDK_ROOT_nds32=/home/jpmurphy/.cache/coreboot-sdk/nds32le-elf/d1a518c4a097666d86058e1444f85ca015d15511 COREBOOT_SDK_ROOT_picolibc_riscv64=/home/jpmurphy/.cache/coreboot-sdk/picolibc-riscv64-elf/f571e990ef0278564b31124f8bb109d9a697eb69 COREBOOT_SDK_ROOT_arm=/home/jpmurphy/.cache/coreboot-sdk/arm-eabi/ea40ddd1d190c3b48435c474c0b545719371813a COREBOOT_SDK_ROOT_libstdcxx_riscv64=/home/jpmurphy/.cache/coreboot-sdk/libstdcxx-riscv64-elf/17abf22a3a252e2d5d2062ced5324f7a623689e0 COREBOOT_SDK_ROOT_libstdcxx_arm=/home/jpmurphy/.cache/coreboot-sdk/libstdcxx-arm-eabi/5d7d82e150e44aa1968f1d366e267e6687b328ac COREBOOT_SDK_ROOT_riscv=/home/jpmurphy/.cache/coreboot-sdk/riscv-elf/9a27b9e82341c6e9126624f516ab3f261abb3e73 COREBOOT_SDK_ROOT_libstdcxx_x86=/home/jpmurphy/.cache/coreboot-sdk/libstdcxx-i386-elf/42ef9d2e87a76a37963175d7d428734e65648b87 PYTHONPATH=/mnt/host/source/src/platform/ec/zephyr/zmake PW_PIGWEED_CIPD_INSTALL_DIR=/usr CROSTC_USER_ACKNOWLEDGES_THAT_RISCV_IS_EXPERIMENTAL=1 MAKEFLAGS=' -j16 --jobserver-auth=5,6' /usr/bin/ninja -C /mnt/host/source/src/platform/ec/build/zephyr/moonstone-ish/build-singleimage all.libraries`
[greenbayupoc:ro] [370/374] Building C object zephyr/kernel/CMakeFiles/kernel.dir/poll.c.obj
[moonstone-ish:singleimage] ninja: Entering directory `/mnt/host/source/src/platform/ec/build/zephyr/moonstone-ish/build-singleimage'
[brox-ish:singleimage] Building: /usr/bin/ninja -C /mnt/host/source/src/platform/ec/build/zephyr/brox-ish/build-singleimage all.libraries
Running `env -i SHELL=/bin/bash COLORTERM=truecolor DEPOT_TOOLS_UPDATE=0 LESS='-R -M --shift 5' SUDO_GID=0 JDK_HOME=/etc/java-config-2/current-system-vm CONFIG_PROTECT_MASK='/etc/gentoo-release /etc/sandbox.d /etc/fonts/fonts.conf /etc/terminfo /etc/ca-certificates.conf /etc/revdep-rebuild' CHROMEOS_CACHEDIR=/var/cache/chromeos-cache JAVA_HOME=/etc/java-config-2/current-system-vm SSH_AUTH_SOCK=/tmp/ssh-auth-sock SUDO_COMMAND=/bin/bash SUDO_USER=root SUDO_TTY=/dev/pts/2 EDITOR=/usr/bin/vi PWD=/mnt/host/source/src/platform/ec CONFIG_PROTECT=/usr/share/gnupg/qualified.txt LOGNAME=jpmurphy MANPATH=/etc/java-config-2/current-system-vm/man:/usr/local/share/man:/usr/share/man:/usr/share/gcc-data/x86_64-pc-linux-gnu/10.2.0/man:/usr/share/binutils-data/x86_64-pc-linux-gnu/2.45/man:/etc/java-config-2/current-system-vm/man/ SUDO_HOME=/root XAUTHORITY=/run/user/944457/gdm/Xauthority HOME=/home/jpmurphy LANG=C.UTF-8 LS_COLORS='rs=0:di=01;34:ln=01;36:mh=00:pi=40;33:so=01;35:do=01;35:bd=40;33;01:cd=40;33;01:or=01;05;37;41:mi=01;05;37;41:su=37;41:sg=30;43:ca=30;41:tw=30;42:ow=34;42:st=37;44:ex=01;32:*.tar=01;31:*.tgz=01;31:*.arc=01;31:*.arj=01;31:*.taz=01;31:*.lha=01;31:*.lz4=01;31:*.lzh=01;31:*.lzma=01;31:*.tlz=01;31:*.txz=01;31:*.tzo=01;31:*.t7z=01;31:*.zip=01;31:*.z=01;31:*.dz=01;31:*.gz=01;31:*.lrz=01;31:*.lz=01;31:*.lzo=01;31:*.xz=01;31:*.zst=01;31:*.tzst=01;31:*.bz2=01;31:*.bz=01;31:*.tbz=01;31:*.tbz2=01;31:*.tz=01;31:*.deb=01;31:*.rpm=01;31:*.jar=01;31:*.war=01;31:*.ear=01;31:*.sar=01;31:*.rar=01;31:*.alz=01;31:*.ace=01;31:*.zoo=01;31:*.cpio=01;31:*.7z=01;31:*.rz=01;31:*.cab=01;31:*.wim=01;31:*.swm=01;31:*.dwm=01;31:*.esd=01;31:*.jpg=01;35:*.jpeg=01;35:*.mjpg=01;35:*.mjpeg=01;35:*.gif=01;35:*.bmp=01;35:*.pbm=01;35:*.pgm=01;35:*.ppm=01;35:*.tga=01;35:*.xbm=01;35:*.xpm=01;35:*.tif=01;35:*.tiff=01;35:*.png=01;35:*.svg=01;35:*.svgz=01;35:*.mng=01;35:*.pcx=01;35:*.mov=01;35:*.mpg=01;35:*.mpeg=01;35:*.m2v=01;35:*.mkv=01;35:*.webm=01;35:*.webp=01;35:*.ogm=01;35:*.mp4=01;35:*.m4v=01;35:*.mp4v=01;35:*.vob=01;35:*.qt=01;35:*.nuv=01;35:*.wmv=01;35:*.asf=01;35:*.rm=01;35:*.rmvb=01;35:*.flc=01;35:*.avi=01;35:*.fli=01;35:*.flv=01;35:*.gl=01;35:*.dl=01;35:*.xcf=01;35:*.xwd=01;35:*.yuv=01;35:*.cgm=01;35:*.emf=01;35:*.ogv=01;35:*.ogx=01;35:*.cfg=00;32:*.conf=00;32:*.diff=00;32:*.doc=00;32:*.ini=00;32:*.log=00;32:*.patch=00;32:*.pdf=00;32:*.ps=00;32:*.tex=00;32:*.txt=00;32:*.aac=00;36:*.au=00;36:*.flac=00;36:*.m4a=00;36:*.mid=00;36:*.midi=00;36:*.mka=00;36:*.mp3=00;36:*.mpc=00;36:*.ogg=00;36:*.ra=00;36:*.wav=00;36:*.oga=00;36:*.opus=00;36:*.spx=00;36:*.xspf=00;36:' XDG_CURRENT_DESKTOP=GNOME INFOPATH=/usr/share/info:/usr/share/gcc-data/x86_64-pc-linux-gnu/10.2.0/info:/usr/share/binutils-data/x86_64-pc-linux-gnu/2.45/info:/usr/share/automake-1.16.5/info JAVAC=/etc/java-config-2/current-system-vm/bin/javac TERM=xterm-256color LESSOPEN='|lesspipe %s' USER=jpmurphy CROS_WORKON_SRCROOT=/mnt/host/source MANPAGER=manpager DISPLAY=:1 SHLVL=1 LC_MESSAGES=C EXTERNAL_TRUNK_PATH=/mnt/8f9d649a-3721-44cc-93c0-e6bd21a9689f/chromiumos GCC_SPECS='' PATH=/mnt/host/source/chromite/bin:/usr/local/bin:/usr/bin:/bin:/opt/bin:/mnt/host/source/chromite/sdk/bin:/mnt/host/source/chromite/bin PORTAGE_USERNAME=jpmurphy SUDO_UID=0 GCC_VER=10.2.0 MAIL=/var/mail/jpmurphy OLDPWD=/mnt/host/source/src/scripts traceparent=00-e87aca51550a78635907baa6a2476181-6d684811675d2973-01 _=./zephyr/firmware_builder.py COREBOOT_SDK_ROOT_x86=/home/jpmurphy/.cache/coreboot-sdk/i386-elf/dfbb0486385d938cfa9d73080b9d18d598ed4f49 COREBOOT_SDK_ROOT_picolibc_x86=/home/jpmurphy/.cache/coreboot-sdk/picolibc-i386-elf/eb8e8e687b95461de8cbf278f1c2076952d0ad17 COREBOOT_SDK_ROOT_riscv64=/home/jpmurphy/.cache/coreboot-sdk/riscv64-elf/96b949749225b6aaa92ed810ab769e8dfb12f000 COREBOOT_SDK_ROOT_picolibc_arm=/home/jpmurphy/.cache/coreboot-sdk/picolibc-arm-eabi/422a2aa3e1ef891b5bece9a3deb696ff83840d2e COREBOOT_SDK_ROOT_nds32=/home/jpmurphy/.cache/coreboot-sdk/nds32le-elf/d1a518c4a097666d86058e1444f85ca015d15511 COREBOOT_SDK_ROOT_picolibc_riscv64=/home/jpmurphy/.cache/coreboot-sdk/picolibc-riscv64-elf/f571e990ef0278564b31124f8bb109d9a697eb69 COREBOOT_SDK_ROOT_arm=/home/jpmurphy/.cache/coreboot-sdk/arm-eabi/ea40ddd1d190c3b48435c474c0b545719371813a COREBOOT_SDK_ROOT_libstdcxx_riscv64=/home/jpmurphy/.cache/coreboot-sdk/libstdcxx-riscv64-elf/17abf22a3a252e2d5d2062ced5324f7a623689e0 COREBOOT_SDK_ROOT_libstdcxx_arm=/home/jpmurphy/.cache/coreboot-sdk/libstdcxx-arm-eabi/5d7d82e150e44aa1968f1d366e267e6687b328ac COREBOOT_SDK_ROOT_riscv=/home/jpmurphy/.cache/coreboot-sdk/riscv-elf/9a27b9e82341c6e9126624f516ab3f261abb3e73 COREBOOT_SDK_ROOT_libstdcxx_x86=/home/jpmurphy/.cache/coreboot-sdk/libstdcxx-i386-elf/42ef9d2e87a76a37963175d7d428734e65648b87 PYTHONPATH=/mnt/host/source/src/platform/ec/zephyr/zmake PW_PIGWEED_CIPD_INSTALL_DIR=/usr CROSTC_USER_ACKNOWLEDGES_THAT_RISCV_IS_EXPERIMENTAL=1 MAKEFLAGS=' -j16 --jobserver-auth=5,6' /usr/bin/ninja -C /mnt/host/source/src/platform/ec/build/zephyr/brox-ish/build-singleimage all.libraries`
[brox-ish:singleimage] ninja: Entering directory `/mnt/host/source/src/platform/ec/build/zephyr/brox-ish/build-singleimage'
[greenbayupoc:ro] [371/374] Building C object zephyr/kernel/CMakeFiles/kernel.dir/events.c.obj
[guren:rw] [62/413] Building C object CMakeFiles/app.dir/mnt/host/source/src/platform/ec/build/zephyr/guren/modules/ec/common/ap_reset_log.c.obj
[greenbayupoc:ro] [372/374] Building C object zephyr/kernel/CMakeFiles/kernel.dir/dynamic_disabled.c.obj
Toolchain <zmake.toolchains.LlvmToolchain object at 0x7f412048b050> selected by probe function.
[sanok] Building in /mnt/host/source/src/platform/ec/build/zephyr/sanok.
[sanok:rw] Configuring.
Running `env -i PYTHONPATH=/usr/lib64/python-exec/python3.11:/mnt/host/source/src/platform/ec/zephyr/zmake:/usr/lib/python311.zip:/usr/lib/python3.11:/usr/lib/python3.11/lib-dynload:/usr/lib/python3.11/site-packages PW_PIGWEED_CIPD_INSTALL_DIR=/usr CROSTC_USER_ACKNOWLEDGES_THAT_RISCV_IS_EXPERIMENTAL=1 PATH=/mnt/host/source/chromite/bin:/usr/local/bin:/usr/bin:/bin:/opt/bin:/mnt/host/source/chromite/sdk/bin:/mnt/host/source/chromite/bin HOME=/home/jpmurphy JAVA_HOME=/etc/java-config-2/current-system-vm JDK_HOME=/etc/java-config-2/current-system-vm JAVAC=/etc/java-config-2/current-system-vm/bin/javac MAKEFLAGS=' -j16 --jobserver-auth=5,6' /usr/bin/cmake -S /mnt/host/source/src/platform/ec/zephyr/program/fpmcu -B /mnt/host/source/src/platform/ec/build/zephyr/sanok/build-rw -GNinja -DCMAKE_EXPORT_COMPILE_COMMANDS=ON -DZEPHYR_BASE=/mnt/host/source/src/third_party/zephyr/main -DZMAKE_INCLUDE_DIR=/mnt/host/source/src/platform/ec/build/zephyr/sanok/include -DPython3_EXECUTABLE=/usr/bin/python3.11 -DDTS_ROOT=/mnt/host/source/src/platform/ec/zephyr -DSYSCALL_INCLUDE_DIRS=/mnt/host/source/src/platform/ec/zephyr/include/drivers -DUSER_CACHE_DIR=/mnt/host/source/src/platform/ec/build/zephyr/user-cache '-DEXTRA_EC_VERSION_FLAGS=--version 16543.0.0 --static' -DTOOLCHAIN_ROOT=/mnt/host/source/src/platform/ec/zephyr -DZEPHYR_TOOLCHAIN_VARIANT=llvm '-DZEPHYR_MODULES=/mnt/host/source/src/platform/ec/build/zephyr/sanok/modules/ec;/mnt/host/source/src/platform/ec/build/zephyr/sanok/modules/hal_egis;/mnt/host/source/src/platform/ec/build/zephyr/sanok/modules/egis_module;/mnt/host/source/src/platform/ec/build/zephyr/sanok/modules/egis' -DDTC_OVERLAY_FILE=/mnt/host/source/src/platform/ec/zephyr/program/fpmcu/et171/sanok.dts -DBOARD=egis_et171 -DCMAKE_C_FLAGS=-DSECTION_IS_RW '-DCONF_FILE=/mnt/host/source/src/platform/ec/zephyr/program/fpmcu/prj.conf;/mnt/host/source/src/platform/ec/zephyr/program/fpmcu/et171/prj.conf;/mnt/host/source/src/platform/ec/zephyr/program/fpmcu/et171/sanok.conf;/mnt/host/source/src/platform/ec/build/zephyr/sanok/kconfig-rw.conf'`
[sanok:rw] -- Application: /mnt/host/source/src/platform/ec/zephyr/program/fpmcu
[sanok:rw] Loading Zephyr default modules (Zephyr base (cached)).
[greenbayupoc:ro] [373/374] Building C object zephyr/kernel/CMakeFiles/kernel.dir/mempool.c.obj
[guren:rw] [63/413] Building C object CMakeFiles/app.dir/mnt/host/source/src/platform/ec/build/zephyr/guren/modules/ec/common/espi.c.obj
[greenbayupoc:ro] [374/374] Linking C static library zephyr/kernel/libkernel.a
[guren:ro] [37/413] Building C object CMakeFiles/app.dir/mnt/host/source/src/platform/ec/build/zephyr/guren/modules/ec/common/util.c.obj
[sanok:rw] -- CMake version: 3.31.7
[sanok:rw] -- Found Python3: /usr/bin/python3.11 (found suitable version "3.11.11", minimum required is "3.10") found components: Interpreter
[sanok:rw] -- Cache files will be written to: /mnt/host/source/src/platform/ec/build/zephyr/user-cache
[sanok:rw] -- Zephyr version: 4.3.99 (/mnt/host/source/src/third_party/zephyr/main)
[guren:ro] [38/413] Building C object CMakeFiles/app.dir/mnt/host/source/src/platform/ec/build/zephyr/guren/modules/ec/common/version.c.obj
[guren:rw] [64/413] Building C object CMakeFiles/app.dir/mnt/host/source/src/platform/ec/build/zephyr/guren/modules/ec/common/extpower_common.c.obj
[guren:ro] [39/413] Building C object CMakeFiles/app.dir/mnt/host/source/src/platform/ec/build/zephyr/guren/modules/ec/common/power_button_x86.c.obj
[brox-ish:singleimage] [1/258] Generating include/generated/zephyr/version.h
[brox-ish:singleimage] -- git describe warned: warning: tag 'upstream/v2.7.99' is externally known as 'v2.7.99'
[brox-ish:singleimage] -- Zephyr version: 4.3.99 (/mnt/host/source/src/third_party/zephyr/main)
[brox-ish:singleimage] [2/258] Preparing syscall dependency handling
[brox-ish:singleimage] [3/258] Generating misc/generated/syscalls_subdirs.trigger
[moonstone-ish:singleimage] [1/263] Generating include/generated/zephyr/version.h
[uldrenite:rw] -- Generating done (7.7s)
[uldrenite:rw] CMake Warning:
[moonstone-ish:singleimage] -- git describe warned: warning: tag 'upstream/v2.7.99' is externally known as 'v2.7.99'
[moonstone-ish:singleimage] -- Zephyr version: 4.3.99 (/mnt/host/source/src/third_party/zephyr/main)
[moonstone-ish:singleimage] [2/263] Preparing syscall dependency handling
[moonstone-ish:singleimage] [3/263] Generating misc/generated/syscalls_subdirs.trigger
[guren:ro] [40/413] Building C object CMakeFiles/app.dir/mnt/host/source/src/platform/ec/build/zephyr/guren/modules/ec/driver/accel_bma4xx.c.obj
[guren:rw] [65/413] Building C object CMakeFiles/app.dir/mnt/host/source/src/platform/ec/build/zephyr/guren/modules/ec/common/fan.c.obj
[guren:rw] [66/413] Building C object CMakeFiles/app.dir/mnt/host/source/src/platform/ec/build/zephyr/guren/modules/ec/common/flash.c.obj
[guren:rw] [67/413] Building C object CMakeFiles/app.dir/mnt/host/source/src/platform/ec/build/zephyr/guren/modules/ec/common/host_command.c.obj
[guren:rw] [68/413] Building C object CMakeFiles/app.dir/mnt/host/source/src/platform/ec/build/zephyr/guren/modules/ec/common/host_command_task.c.obj
[guren:ro] [41/413] Building C object CMakeFiles/app.dir/mnt/host/source/src/platform/ec/build/zephyr/guren/modules/ec/driver/accelgyro_bmi_common.c.obj
[guren:rw] [69/413] Building C object CMakeFiles/app.dir/mnt/host/source/src/platform/ec/build/zephyr/guren/modules/ec/common/host_event_commands.c.obj
[uldrenite:rw] -- Build files have been written to: /mnt/host/source/src/platform/ec/build/zephyr/uldrenite/build-rw
[uldrenite:rw]   Manually-specified variables were not used by the project:
[uldrenite:rw]     COREBOOT_SDK_ROOT_libstdcxx_riscv64
[uldrenite:rw]     COREBOOT_SDK_ROOT_libstdcxx_x86
[uldrenite:rw]     COREBOOT_SDK_ROOT_nds32
[uldrenite:rw]     COREBOOT_SDK_ROOT_picolibc_riscv64
[uldrenite:rw]     COREBOOT_SDK_ROOT_picolibc_x86
[uldrenite:rw]     COREBOOT_SDK_ROOT_riscv
[uldrenite:rw]     COREBOOT_SDK_ROOT_riscv64
[uldrenite:rw]     COREBOOT_SDK_ROOT_x86
[uldrenite:rw]     PW_ROOT
[guren:ro] [42/413] Building C object CMakeFiles/app.dir/mnt/host/source/src/platform/ec/build/zephyr/guren/modules/ec/driver/accelgyro_icm_common.c.obj
[guren:ro] [43/413] Building C object CMakeFiles/app.dir/mnt/host/source/src/platform/ec/build/zephyr/guren/modules/ec/driver/accelgyro_bmi3xx.c.obj
[brox-ish:singleimage] [4/258] Generating misc/generated/syscalls.json, misc/generated/struct_tags.json
[moonstone-ish:singleimage] [4/263] Generating misc/generated/syscalls.json, misc/generated/struct_tags.json
[moonstone-ish:singleimage] [5/263] Generating include/generated/zephyr/syscall_dispatch.c, include/generated/zephyr/syscall_exports_llext.c, syscall_weakdefs_llext.c, include/generated/zephyr/syscall_list.h
[sanok:rw] -- Board: egis_et171, qualifiers: et171
[brox-ish:singleimage] [5/258] Generating include/generated/zephyr/syscall_dispatch.c, include/generated/zephyr/syscall_exports_llext.c, syscall_weakdefs_llext.c, include/generated/zephyr/syscall_list.h
[moonstone-ish:singleimage] [6/263] Generating include/generated/zephyr/driver-validation.h
[guren:rw] [70/413] Building C object CMakeFiles/app.dir/mnt/host/source/src/platform/ec/build/zephyr/guren/modules/ec/common/uart_hostcmd.c.obj
[guren:ro] [44/413] Building C object CMakeFiles/app.dir/mnt/host/source/src/platform/ec/build/zephyr/guren/modules/ec/driver/accelgyro_icm42607.c.obj
[brox-ish:singleimage] [6/258] Generating include/generated/zephyr/driver-validation.h
[moonstone-ish:singleimage] [7/263] Generating include/generated/zephyr/kobj-types-enum.h, include/generated/zephyr/otype-to-str.h, include/generated/zephyr/otype-to-size.h
[guren:rw] [71/413] Building C object CMakeFiles/app.dir/mnt/host/source/src/platform/ec/build/zephyr/guren/modules/ec/common/uptime.c.obj
[moonstone-ish:singleimage] [8/263] Generating include/generated/device-api-sections.ld, include/generated/device-api-sections.cmake
[brox-ish:singleimage] [7/258] Generating include/generated/zephyr/kobj-types-enum.h, include/generated/zephyr/otype-to-str.h, include/generated/zephyr/otype-to-size.h
[guren:rw] [72/413] Building C object CMakeFiles/app.dir/mnt/host/source/src/platform/ec/build/zephyr/guren/modules/ec/common/i2c_passthru.c.obj
[brox-ish:singleimage] [8/258] Generating include/generated/device-api-sections.ld, include/generated/device-api-sections.cmake
[moonstone-ish:singleimage] [9/263] cd /mnt/host/source/src/platform/ec/build/zephyr/moonstone-ish/build-singleimage/modules/ec/zephyr && PYTHONPATH=/mnt/host/source/src/platform/ec/build/zephyr/moonstone-ish/modules/ec/zephyr/zmake/ /usr/bin/python3.11 /mnt/host/source/src/platform/ec/build/zephyr/moonstone-ish/modules/ec/zephyr/zmake/zephyr_build_tools/generate_ec_version.py /mnt/host/source/src/platform/ec/build/zephyr/moonstone-ish/build-singleimage/modules/ec/zephyr/include/ec_version.h --name Zephyr-Kernel --version 16543.0.0 --static
[moonstone-ish:singleimage] INFO:root:Using a static version string
[guren:rw] [73/413] Building C object CMakeFiles/app.dir/mnt/host/source/src/platform/ec/build/zephyr/guren/modules/ec/common/i2c_controller.c.obj
[guren:ro] [45/413] Building C object CMakeFiles/app.dir/mnt/host/source/src/platform/ec/build/zephyr/guren/modules/ec/common/motion_sense_fifo.c.obj
[moonstone-ish:singleimage] INFO:root:Version string: Zephyr-Kernel-16543.0.0
[moonstone-ish:singleimage] INFO:root:Writing header to /mnt/host/source/src/platform/ec/build/zephyr/moonstone-ish/build-singleimage/modules/ec/zephyr/include/ec_version.h
[moonstone-ish:singleimage] [10/263] Building CXX object modules/pigweed/pw_build/CMakeFiles/pw_build.empty.dir/empty_file.cc.obj
[moonstone-ish:singleimage] [11/263] Generating pw_third_party.nanopb.proto/sources/nanopb.proto
[guren:rw] [74/413] Building C object CMakeFiles/app.dir/mnt/host/source/src/platform/ec/build/zephyr/guren/modules/ec/common/keyboard_8042.c.obj
[moonstone-ish:singleimage] [12/263] Generating dsp_comms.proto/sources/proto/ec_dsp.proto, dsp_comms.proto/sources/proto/ec_dsp.options
[guren:ro] [46/413] Building C object CMakeFiles/app.dir/mnt/host/source/src/platform/ec/build/zephyr/guren/modules/ec/common/acpi.c.obj
[guren:rw] [75/413] Building C object CMakeFiles/app.dir/mnt/host/source/src/platform/ec/build/zephyr/guren/modules/ec/common/keyboard_scan.c.obj
[moonstone-ish:singleimage] [13/263] Generating pw_transport.proto/sources/pw_transport/proto/transport.proto, pw_transport.proto/sources/pw_transport/proto/transport.options
[brox-ish:singleimage] [9/258] Building C object zephyr/CMakeFiles/offsets.dir/arch/x86/core/offsets/offsets.c.obj
[guren:ro] [47/413] Building C object CMakeFiles/app.dir/mnt/host/source/src/platform/ec/build/zephyr/guren/modules/ec/common/adc.c.obj
[brox-ish:singleimage] [10/258] Generating include/generated/zephyr/offsets.h
[guren:ro] [48/413] Building C object CMakeFiles/app.dir/mnt/host/source/src/platform/ec/build/zephyr/guren/modules/ec/common/backlight_lid.c.obj
[/mnt/host/source/src/platform/ec/build/zephyr/yavilla-lcov]   /mnt/host/source/src/platform/ec/build/zephyr/yavilla/build-ro/zephyr/arch/common/CMakeFiles/isr_tables.dir/isr_tables.c.gcno:no functions found
[/mnt/host/source/src/platform/ec/build/zephyr/yavilla-lcov] stderr:
[guren:rw] [76/413] Building C object CMakeFiles/app.dir/mnt/host/source/src/platform/ec/build/zephyr/guren/modules/ec/common/keyboard_8042_sharedlib.c.obj
[moonstone-ish:singleimage] [14/263] Generating /mnt/host/source/src/platform/ec/build/zephyr/moonstone-ish/modules/nanopb/generator/proto/nanopb_pb2.py
[guren:rw] [77/413] Building C object CMakeFiles/app.dir/mnt/host/source/src/platform/ec/build/zephyr/guren/modules/ec/common/mkbp_fifo.c.obj
[/mnt/host/source/src/platform/ec/build/zephyr/yavilla-lcov]   /mnt/host/source/src/platform/ec/build/zephyr/yavilla/build-ro/zephyr/CMakeFiles/zephyr.dir/lib/libc/validate_libc.c.gcno:no functions found
[/mnt/host/source/src/platform/ec/build/zephyr/yavilla-lcov] stderr:
[brox-ish:singleimage] [11/258] Building C object zephyr/CMakeFiles/zephyr.dir/lib/libc/validate_libc.c.obj
[guren:rw] [78/413] Building C object CMakeFiles/app.dir/mnt/host/source/src/platform/ec/build/zephyr/guren/modules/ec/common/mkbp_info.c.obj
[guren:rw] [79/413] Building C object CMakeFiles/app.dir/mnt/host/source/src/platform/ec/build/zephyr/guren/modules/ec/common/mkbp_input_devices.c.obj
[guren:ro] [49/413] Building C object CMakeFiles/app.dir/mnt/host/source/src/platform/ec/build/zephyr/guren/modules/ec/common/battery.c.obj
[guren:ro] [50/413] Building C object CMakeFiles/app.dir/mnt/host/source/src/platform/ec/build/zephyr/guren/modules/ec/common/battery_fuel_gauge.c.obj
[guren:rw] [80/413] Building C object CMakeFiles/app.dir/mnt/host/source/src/platform/ec/build/zephyr/guren/modules/ec/common/keyboard_backlight.c.obj
[guren:rw] [81/413] Building C object CMakeFiles/app.dir/mnt/host/source/src/platform/ec/build/zephyr/guren/modules/ec/common/led_common.c.obj
[sanok:rw] -- Found Dtc: /usr/bin/dtc (found suitable version "1.6.0", minimum required is "1.4.6")
[sanok:rw] -- Found BOARD.dts: /mnt/host/source/src/third_party/zephyr/main/boards/egis/egis_et171/egis_et171.dts
[sanok:rw] -- Found devicetree overlay: /mnt/host/source/src/platform/ec/zephyr/program/fpmcu/et171/sanok.dts
[guren:ro] [51/413] Building C object CMakeFiles/app.dir/mnt/host/source/src/platform/ec/build/zephyr/guren/modules/ec/common/battery_info.c.obj
[brox-ish:singleimage] [12/258] Building C object zephyr/CMakeFiles/zephyr.dir/lib/heap/heap.c.obj
[moonstone-ish:singleimage] [15/263] Generating dsp_comms.proto/nanopb/proto/ec_dsp.pb.h, dsp_comms.proto/nanopb/proto/ec_dsp.pb.c
[guren:ro] [52/413] Building C object CMakeFiles/app.dir/mnt/host/source/src/platform/ec/build/zephyr/guren/modules/ec/driver/battery/smart.c.obj
[guren:rw] [82/413] Building C object CMakeFiles/app.dir/mnt/host/source/src/platform/ec/build/zephyr/guren/modules/ec/common/motion_lid.c.obj
[guren:rw] [83/413] Building C object CMakeFiles/app.dir/mnt/host/source/src/platform/ec/build/zephyr/guren/modules/ec/common/lid_angle_keyboard_policy.c.obj
[guren:rw] [84/413] Building C object CMakeFiles/app.dir/mnt/host/source/src/platform/ec/build/zephyr/guren/modules/ec/common/lid_angle.c.obj
[moonstone-ish:singleimage] [16/263] Generating pw_transport.proto/nanopb/pw_transport/proto/transport.pb.h, pw_transport.proto/nanopb/pw_transport/proto/transport.pb.c
[brox-ish:singleimage] [13/258] Building C object zephyr/CMakeFiles/zephyr.dir/lib/os/cbprintf_packaged.c.obj
[/mnt/host/source/src/platform/ec/build/zephyr/yavilla-lcov]   /mnt/host/source/src/platform/ec/build/zephyr/yavilla/build-ro/zephyr/CMakeFiles/zephyr.dir/lib/utils/last_section_id.c.gcno:no functions found
[/mnt/host/source/src/platform/ec/build/zephyr/yavilla-lcov] stderr:
[guren:rw] [85/413] Building C object CMakeFiles/app.dir/mnt/host/source/src/platform/ec/build/zephyr/guren/modules/ec/common/lid_switch.c.obj
[guren:rw] [86/413] Building C object CMakeFiles/app.dir/mnt/host/source/src/platform/ec/build/zephyr/guren/modules/ec/common/mkbp_event.c.obj
[guren:ro] [53/413] Building C object CMakeFiles/app.dir/mnt/host/source/src/platform/ec/build/zephyr/guren/modules/ec/common/charger.c.obj
[guren:ro] [54/413] Building C object CMakeFiles/app.dir/mnt/host/source/src/platform/ec/build/zephyr/guren/modules/ec/driver/charger/isl923x.c.obj
[moonstone-ish:singleimage] [17/263] Building C object zephyr/CMakeFiles/offsets.dir/arch/x86/core/offsets/offsets.c.obj
[sanok:rw] -- Generated zephyr.dts: /mnt/host/source/src/platform/ec/build/zephyr/sanok/build-rw/zephyr/zephyr.dts
[sanok:rw] -- Generated pickled edt: /mnt/host/source/src/platform/ec/build/zephyr/sanok/build-rw/zephyr/edt.pickle
[guren:rw] [87/413] Building C object CMakeFiles/app.dir/mnt/host/source/src/platform/ec/build/zephyr/guren/modules/ec/common/motion_sense.c.obj
[brox-ish:singleimage] [14/258] Building C object zephyr/CMakeFiles/zephyr.dir/lib/os/clock.c.obj
[moonstone-ish:singleimage] [18/263] Building C object zephyr/drivers/syscon/CMakeFiles/drivers__syscon.dir/mnt/host/source/src/third_party/zephyr/main/misc/empty_file.c.obj
[sanok:rw] -- Generated devicetree_generated.h: /mnt/host/source/src/platform/ec/build/zephyr/sanok/build-rw/zephyr/include/generated/zephyr/devicetree_generated.h
[guren:ro] [55/413] Building C object CMakeFiles/app.dir/mnt/host/source/src/platform/ec/build/zephyr/guren/modules/ec/common/charge_state.c.obj
[moonstone-ish:singleimage] [19/263] Building C object modules/ec/zephyr/drivers/dsp_comms/CMakeFiles/dsp_comms.proto.nanopb.dir/dsp_comms.proto/nanopb/proto/ec_dsp.pb.c.obj
[guren:ro] [56/413] Building C object CMakeFiles/app.dir/mnt/host/source/src/platform/ec/build/zephyr/guren/modules/ec/common/charge_manager.c.obj
[guren:rw] [88/413] Building C object CMakeFiles/app.dir/mnt/host/source/src/platform/ec/build/zephyr/guren/modules/ec/common/power_button.c.obj
[guren:rw] [89/413] Building C object CMakeFiles/app.dir/mnt/host/source/src/platform/ec/build/zephyr/guren/modules/ec/power/hibernate.c.obj
[guren:rw] [90/413] Building C object CMakeFiles/app.dir/mnt/host/source/src/platform/ec/build/zephyr/guren/modules/ec/common/port80.c.obj
[brox-ish:singleimage] [15/258] Building C object zephyr/CMakeFiles/zephyr.dir/lib/os/printk.c.obj
[moonstone-ish:singleimage] [20/263] Building C object modules/ec/zephyr/drivers/pw_transport/CMakeFiles/pw_transport.proto.nanopb.dir/pw_transport.proto/nanopb/pw_transport/proto/transport.pb.c.obj
[guren:rw] [91/413] Building C object CMakeFiles/app.dir/mnt/host/source/src/platform/ec/build/zephyr/guren/modules/ec/common/panic_output.c.obj
[guren:rw] [92/413] Building C object CMakeFiles/app.dir/mnt/host/source/src/platform/ec/build/zephyr/guren/modules/ec/common/sha256.c.obj
[guren:ro] [57/413] Building C object CMakeFiles/app.dir/mnt/host/source/src/platform/ec/build/zephyr/guren/modules/ec/common/cbi_common.c.obj
[brox-ish:singleimage] [16/258] Building C object zephyr/CMakeFiles/zephyr.dir/lib/os/sem.c.obj
[guren:rw] [93/413] Building C object CMakeFiles/app.dir/mnt/host/source/src/platform/ec/build/zephyr/guren/modules/ec/common/shared_mem.c.obj
[guren:ro] [58/413] Building C object CMakeFiles/app.dir/mnt/host/source/src/platform/ec/build/zephyr/guren/modules/ec/common/ocpc.c.obj
[moonstone-ish:singleimage] [21/263] Building CXX object modules/pigweed/pw_log_zephyr/CMakeFiles/pw_log_zephyr.dir/log_zephyr.cc.obj
[moonstone-ish:singleimage] [22/263] Linking CXX static library modules/pigweed/pw_log_zephyr/libpw_log_zephyr.a
[moonstone-ish:singleimage] [23/263] Linking CXX static library modules/ec/zephyr/drivers/pw_transport/libpw_transport.proto.nanopb.a
[guren:ro] [59/413] Building C object CMakeFiles/app.dir/mnt/host/source/src/platform/ec/build/zephyr/guren/modules/ec/common/cbi_config.c.obj
[moonstone-ish:singleimage] [24/263] Linking CXX static library modules/ec/zephyr/drivers/dsp_comms/libdsp_comms.proto.nanopb.a
[guren:rw] [94/413] Building C object CMakeFiles/app.dir/mnt/host/source/src/platform/ec/build/zephyr/guren/modules/ec/common/spi_flash_reg.c.obj
[guren:ro] [60/413] Building C object CMakeFiles/app.dir/mnt/host/source/src/platform/ec/build/zephyr/guren/modules/ec/common/cbi.c.obj
[guren:rw] [95/413] Building C object CMakeFiles/app.dir/mnt/host/source/src/platform/ec/build/zephyr/guren/modules/ec/common/switch.c.obj
[brox-ish:singleimage] [17/258] Building C object zephyr/CMakeFiles/zephyr.dir/lib/os/thread_entry.c.obj
[moonstone-ish:singleimage] [25/263] Generating include/generated/zephyr/offsets.h
[guren:rw] [96/413] Building C object CMakeFiles/app.dir/mnt/host/source/src/platform/ec/build/zephyr/guren/modules/ec/common/tablet_mode.c.obj
[sanok:rw] /mnt/host/source/src/platform/ec/build/zephyr/sanok/build-rw/zephyr/zephyr.dts:260.27-290.6: Warning (spi_bus_reg): /soc/spi@f0b00000/qspi-nor-flash: missing or empty reg property
[guren:rw] [97/413] Building C object CMakeFiles/app.dir/mnt/host/source/src/platform/ec/build/zephyr/guren/modules/ec/common/temp_sensor.c.obj
[guren:ro] [61/413] Building C object CMakeFiles/app.dir/mnt/host/source/src/platform/ec/build/zephyr/guren/modules/ec/common/dptf.c.obj
[uldrenite:ro] -- Generating done (7.7s)
[uldrenite:ro] CMake Warning:
[brox-ish:singleimage] [18/258] Building C object zephyr/CMakeFiles/zephyr.dir/lib/os/cbprintf_nano.c.obj
[guren:rw] [98/413] Building C object CMakeFiles/app.dir/mnt/host/source/src/platform/ec/build/zephyr/guren/modules/ec/common/thermal.c.obj
[moonstone-ish:singleimage] [26/263] Building C object CMakeFiles/app.dir/mnt/host/source/src/platform/ec/zephyr/subsys/ap_pwrseq/ap_events.c.obj
[guren:ro] [62/413] Building C object CMakeFiles/app.dir/mnt/host/source/src/platform/ec/build/zephyr/guren/modules/ec/common/ap_reset_log.c.obj
[guren:rw] [99/413] Building C object CMakeFiles/app.dir/mnt/host/source/src/platform/ec/build/zephyr/guren/modules/ec/driver/temp_sensor/thermistor.c.obj
[guren:ro] [63/413] Building C object CMakeFiles/app.dir/mnt/host/source/src/platform/ec/build/zephyr/guren/modules/ec/common/espi.c.obj
[brox-ish:singleimage] [19/258] Building C object zephyr/CMakeFiles/zephyr.dir/lib/os/cbprintf.c.obj
[guren:ro] [64/413] Building C object CMakeFiles/app.dir/mnt/host/source/src/platform/ec/build/zephyr/guren/modules/ec/common/extpower_common.c.obj
[guren:rw] [100/413] Building C object CMakeFiles/app.dir/mnt/host/source/src/platform/ec/build/zephyr/guren/modules/ec/common/throttle_ap.c.obj
[moonstone-ish:singleimage] [27/263] Building C object CMakeFiles/app.dir/mnt/host/source/src/platform/ec/build/zephyr/moonstone-ish/modules/ec/builtin/stdlib.c.obj
[guren:rw] [101/413] Building C object CMakeFiles/app.dir/mnt/host/source/src/platform/ec/build/zephyr/guren/modules/ec/common/timer.c.obj
[uldrenite:ro] -- Build files have been written to: /mnt/host/source/src/platform/ec/build/zephyr/uldrenite/build-ro
[uldrenite:ro]   Manually-specified variables were not used by the project:
[uldrenite:ro]     COREBOOT_SDK_ROOT_libstdcxx_riscv64
[uldrenite:ro]     COREBOOT_SDK_ROOT_libstdcxx_x86
[uldrenite:ro]     COREBOOT_SDK_ROOT_nds32
[uldrenite:ro]     COREBOOT_SDK_ROOT_picolibc_riscv64
[uldrenite:ro]     COREBOOT_SDK_ROOT_picolibc_x86
[uldrenite:ro]     COREBOOT_SDK_ROOT_riscv
[uldrenite:ro]     COREBOOT_SDK_ROOT_riscv64
[uldrenite:ro]     COREBOOT_SDK_ROOT_x86
[uldrenite:ro]     PW_ROOT
[guren:rw] [102/413] Building C object CMakeFiles/app.dir/mnt/host/source/src/platform/ec/build/zephyr/guren/modules/ec/common/usb_port_power_dumb.c.obj
[brox-ish:singleimage] [20/258] Building C object zephyr/CMakeFiles/zephyr.dir/lib/os/assert.c.obj
[guren:rw] [103/413] Building C object CMakeFiles/app.dir/mnt/host/source/src/platform/ec/build/zephyr/guren/modules/ec/common/typec_control.c.obj
[guren:ro] [65/413] Building C object CMakeFiles/app.dir/mnt/host/source/src/platform/ec/build/zephyr/guren/modules/ec/common/fan.c.obj
[brox-ish:singleimage] [21/258] Building C object zephyr/CMakeFiles/zephyr.dir/lib/os/reboot.c.obj
[guren:rw] [104/413] Building C object CMakeFiles/app.dir/mnt/host/source/src/platform/ec/build/zephyr/guren/modules/ec/common/usb_pd_pdo.c.obj
[brox-ish:singleimage] [22/258] Building C object zephyr/CMakeFiles/zephyr.dir/lib/utils/dec.c.obj
[guren:rw] [105/413] Building C object CMakeFiles/app.dir/mnt/host/source/src/platform/ec/build/zephyr/guren/modules/ec/common/usb_common.c.obj
[guren:ro] [66/413] Building C object CMakeFiles/app.dir/mnt/host/source/src/platform/ec/build/zephyr/guren/modules/ec/common/flash.c.obj
[moonstone-ish:singleimage] [28/263] Building C object CMakeFiles/app.dir/mnt/host/source/src/platform/ec/build/zephyr/moonstone-ish/modules/ec/common/base32.c.obj
[brox-ish:singleimage] [23/258] Building C object zephyr/CMakeFiles/zephyr.dir/lib/utils/hex.c.obj
[/mnt/host/source/src/platform/ec/build/zephyr/rauru-lcov]   /mnt/host/source/src/platform/ec/build/zephyr/rauru/build-rw/CMakeFiles/app.dir/mnt/host/source/src/platform/ec/build/zephyr/rauru/modules/ec/common/usb_pd_pdo.c.gcno:no functions found
[/mnt/host/source/src/platform/ec/build/zephyr/rauru-lcov] stderr:
[guren:ro] [67/413] Building C object CMakeFiles/app.dir/mnt/host/source/src/platform/ec/build/zephyr/guren/modules/ec/common/host_command.c.obj
[brox-ish:singleimage] [24/258] Building C object zephyr/CMakeFiles/zephyr.dir/lib/utils/rb.c.obj
[guren:rw] [106/413] Building C object CMakeFiles/app.dir/mnt/host/source/src/platform/ec/build/zephyr/guren/modules/ec/common/usbc/usb_pd_timer.c.obj
[guren:ro] [68/413] Building C object CMakeFiles/app.dir/mnt/host/source/src/platform/ec/build/zephyr/guren/modules/ec/common/host_command_task.c.obj
[guren:rw] [107/413] Building C object CMakeFiles/app.dir/mnt/host/source/src/platform/ec/build/zephyr/guren/modules/ec/common/usbc/usb_sm.c.obj
[guren:rw] [108/413] Building C object CMakeFiles/app.dir/mnt/host/source/src/platform/ec/build/zephyr/guren/modules/ec/common/usbc/usbc_task.c.obj
[guren:rw] [109/413] Building C object CMakeFiles/app.dir/mnt/host/source/src/platform/ec/build/zephyr/guren/modules/ec/common/usbc_intr_task.c.obj
[brox-ish:singleimage] [25/258] Building C object zephyr/CMakeFiles/zephyr.dir/lib/utils/timeutil.c.obj
[moonstone-ish:singleimage] [29/263] Building C object CMakeFiles/app.dir/mnt/host/source/src/platform/ec/build/zephyr/moonstone-ish/modules/ec/common/console_output.c.obj
[guren:rw] [110/413] Building C object CMakeFiles/app.dir/mnt/host/source/src/platform/ec/build/zephyr/guren/modules/ec/common/usb_pd_flags.c.obj
[guren:ro] [69/413] Building C object CMakeFiles/app.dir/mnt/host/source/src/platform/ec/build/zephyr/guren/modules/ec/common/uart_hostcmd.c.obj
[brox-ish:singleimage] [26/258] Building C object zephyr/CMakeFiles/zephyr.dir/lib/utils/bitarray.c.obj
[guren:ro] [70/413] Building C object CMakeFiles/app.dir/mnt/host/source/src/platform/ec/build/zephyr/guren/modules/ec/common/host_event_commands.c.obj
[guren:rw] [111/413] Building C object CMakeFiles/app.dir/mnt/host/source/src/platform/ec/build/zephyr/guren/modules/ec/common/usbc_utils.c.obj
[brox-ish:singleimage] [27/258] Building C object zephyr/CMakeFiles/zephyr.dir/lib/utils/bitmask.c.obj
[moonstone-ish:singleimage] [30/263] Building C object CMakeFiles/app.dir/mnt/host/source/src/platform/ec/build/zephyr/moonstone-ish/modules/ec/common/ec_features.c.obj
[brox-ish:singleimage] [28/258] Building C object zephyr/CMakeFiles/zephyr.dir/lib/utils/getopt/getopt.c.obj
[guren:ro] [71/413] Building C object CMakeFiles/app.dir/mnt/host/source/src/platform/ec/build/zephyr/guren/modules/ec/common/uptime.c.obj
[brox-ish:singleimage] [29/258] Building C object zephyr/CMakeFiles/zephyr.dir/lib/utils/getopt/getopt_common.c.obj
[guren:rw] [112/413] Building C object CMakeFiles/app.dir/mnt/host/source/src/platform/ec/build/zephyr/guren/modules/ec/common/chargen.c.obj
[guren:rw] [113/413] Building C object CMakeFiles/app.dir/mnt/host/source/src/platform/ec/build/zephyr/guren/modules/ec/common/usbc/usb_pd_console.c.obj
[guren:ro] [72/413] Building C object CMakeFiles/app.dir/mnt/host/source/src/platform/ec/build/zephyr/guren/modules/ec/common/i2c_controller.c.obj
[guren:rw] [114/413] Building C object CMakeFiles/app.dir/mnt/host/source/src/platform/ec/build/zephyr/guren/modules/ec/driver/retimer/anx7483.c.obj
[sanok:rw] /mnt/host/source/src/platform/ec/build/zephyr/sanok/build-rw/zephyr/zephyr.dts:243.22-291.5: Warning (avoid_unnecessary_addr_size): /soc/spi@f0b00000: unnecessary #address-cells/#size-cells without "ranges" or child "reg" property
[brox-ish:singleimage] [30/258] Building C object zephyr/CMakeFiles/zephyr.dir/misc/generated/configs.c.obj
[sanok:rw] warning: TRAP_UNALIGNED_ACCESS (defined at /mnt/host/source/src/platform/ec/zephyr/Kconfig.defaults-
[sanok:rw] arm:7, arch/arm/core/cortex_m/Kconfig:402) was assigned the value 'n' but got the value 'y'. See
[sanok:rw] http://docs.zephyrproject.org/latest/kconfig.html#CONFIG_TRAP_UNALIGNED_ACCESS and/or look up
[sanok:rw] TRAP_UNALIGNED_ACCESS in the menuconfig/guiconfig interface. The Application Development Primer,
[sanok:rw] Setting Configuration Values, and Kconfig - Tips and Best Practices sections of the manual might be
[sanok:rw] helpful too.
[brox-ish:singleimage] [31/258] Building C object zephyr/CMakeFiles/zephyr.dir/lib/utils/ring_buffer.c.obj
[guren:rw] [115/413] Building C object CMakeFiles/app.dir/mnt/host/source/src/platform/ec/build/zephyr/guren/modules/ec/driver/usb_mux/usb_mux.c.obj
[guren:rw] [116/413] Building C object CMakeFiles/app.dir/mnt/host/source/src/platform/ec/build/zephyr/guren/modules/ec/driver/usb_mux/virtual.c.obj
[guren:ro] [73/413] Building C object CMakeFiles/app.dir/mnt/host/source/src/platform/ec/build/zephyr/guren/modules/ec/common/i2c_passthru.c.obj
[moonstone-ish:singleimage] [31/263] Building C object CMakeFiles/app.dir/mnt/host/source/src/platform/ec/build/zephyr/moonstone-ish/modules/ec/common/gpio_commands.c.obj
[brox-ish:singleimage] [32/258] Building C object zephyr/CMakeFiles/zephyr.dir/soc/intel/intel_ish/intel_ish5/soc.c.obj
[brox-ish:singleimage] [33/258] Building C object zephyr/CMakeFiles/zephyr.dir/soc/intel/intel_ish/intel_ish5/pm/power.c.obj
[guren:ro] [74/413] Building C object CMakeFiles/app.dir/mnt/host/source/src/platform/ec/build/zephyr/guren/modules/ec/common/keyboard_scan.c.obj
[sanok:rw] Parsing /mnt/host/source/src/platform/ec/zephyr/program/fpmcu/Kconfig
[guren:rw] [117/413] Building C object CMakeFiles/app.dir/mnt/host/source/src/platform/ec/build/zephyr/guren/modules/ec/common/usbc/usb_tc_drp_acc_trysrc_sm.c.obj
[guren:ro] [75/413] Building C object CMakeFiles/app.dir/mnt/host/source/src/platform/ec/build/zephyr/guren/modules/ec/common/keyboard_8042.c.obj
[guren:ro] [76/413] Building C object CMakeFiles/app.dir/mnt/host/source/src/platform/ec/build/zephyr/guren/modules/ec/common/keyboard_8042_sharedlib.c.obj
[brox-ish:singleimage] [34/258] Building C object zephyr/CMakeFiles/zephyr.dir/subsys/logging/log_minimal.c.obj
[guren:rw] [118/413] Building C object CMakeFiles/app.dir/mnt/host/source/src/platform/ec/build/zephyr/guren/modules/ec/common/usbc/usb_prl_sm.c.obj
[brox-ish:singleimage] [35/258] Building C object zephyr/CMakeFiles/zephyr.dir/subsys/pm/pm.c.obj
[moonstone-ish:singleimage] [32/263] Building C object CMakeFiles/app.dir/mnt/host/source/src/platform/ec/build/zephyr/moonstone-ish/modules/ec/common/peripheral.c.obj
[guren:rw] [119/413] Building C object CMakeFiles/app.dir/mnt/host/source/src/platform/ec/build/zephyr/guren/modules/ec/common/usbc/usb_pd_dpm.c.obj
[guren:rw] [120/413] Building C object CMakeFiles/app.dir/mnt/host/source/src/platform/ec/build/zephyr/guren/modules/ec/common/usbc/usbc_pd_policy.c.obj
[brox-ish:singleimage] [36/258] Building C object zephyr/CMakeFiles/zephyr.dir/subsys/pm/state.c.obj
[guren:rw] [121/413] Building C object CMakeFiles/app.dir/mnt/host/source/src/platform/ec/build/zephyr/guren/modules/ec/common/usbc/dp_alt_mode.c.obj
[guren:rw] [122/413] Building C object CMakeFiles/app.dir/mnt/host/source/src/platform/ec/build/zephyr/guren/modules/ec/common/usbc/usb_pe_drp_sm.c.obj
[guren:ro] [77/413] Building C object CMakeFiles/app.dir/mnt/host/source/src/platform/ec/build/zephyr/guren/modules/ec/common/mkbp_fifo.c.obj
[brox-ish:singleimage] [37/258] Building C object zephyr/CMakeFiles/zephyr.dir/subsys/pm/policy/policy_events.c.obj
[guren:ro] [78/413] Building C object CMakeFiles/app.dir/mnt/host/source/src/platform/ec/build/zephyr/guren/modules/ec/common/mkbp_info.c.obj
[guren:rw] [123/413] Building C object CMakeFiles/app.dir/mnt/host/source/src/platform/ec/build/zephyr/guren/modules/ec/common/usb_pd_console_cmd.c.obj
[sanok:rw] Loaded configuration '/mnt/host/source/src/third_party/zephyr/main/boards/egis/egis_et171/egis_et171_defconfig'
[sanok:rw] Merged configuration '/mnt/host/source/src/platform/ec/zephyr/program/fpmcu/prj.conf'
[sanok:rw] Merged configuration '/mnt/host/source/src/platform/ec/zephyr/program/fpmcu/et171/prj.conf'
[sanok:rw] Merged configuration '/mnt/host/source/src/platform/ec/zephyr/program/fpmcu/et171/sanok.conf'
[sanok:rw] Merged configuration '/mnt/host/source/src/platform/ec/build/zephyr/sanok/kconfig-rw.conf'
[sanok:rw] Configuration saved to '/mnt/host/source/src/platform/ec/build/zephyr/sanok/build-rw/zephyr/.config'
[sanok:rw] Kconfig header saved to '/mnt/host/source/src/platform/ec/build/zephyr/sanok/build-rw/zephyr/include/generated/zephyr/autoconf.h'
[sanok:rw] -- Found LlvmLld: /usr/bin/riscv32-cros-elf-ld.lld (found suitable version "21.0.0", minimum required is "14.0.0")
[brox-ish:singleimage] [38/258] Building C object zephyr/CMakeFiles/zephyr.dir/subsys/pm/policy/policy_latency.c.obj
[moonstone-ish:singleimage] [33/263] Building C object CMakeFiles/app.dir/mnt/host/source/src/platform/ec/build/zephyr/moonstone-ish/modules/ec/common/printf.c.obj
[guren:ro] [79/413] Building C object CMakeFiles/app.dir/mnt/host/source/src/platform/ec/build/zephyr/guren/modules/ec/common/mkbp_input_devices.c.obj
[sanok:rw] -- The C compiler identification is Clang 21.0.0
[guren:ro] [80/413] Building C object CMakeFiles/app.dir/mnt/host/source/src/platform/ec/build/zephyr/guren/modules/ec/common/keyboard_backlight.c.obj
[brox-ish:singleimage] [39/258] Building C object zephyr/CMakeFiles/zephyr.dir/subsys/pm/policy/policy_state_lock.c.obj
[guren:rw] [124/413] Building C object CMakeFiles/app.dir/mnt/host/source/src/platform/ec/build/zephyr/guren/modules/ec/common/usb_pd_host_cmd.c.obj
[brox-ish:singleimage] [40/258] Building C object zephyr/CMakeFiles/zephyr.dir/subsys/pm/policy/policy_default.c.obj
[sanok:rw] -- The CXX compiler identification is Clang 21.0.0
[guren:rw] [125/413] Building C object CMakeFiles/app.dir/mnt/host/source/src/platform/ec/build/zephyr/guren/modules/ec/common/usbc/usb_pd_host.c.obj
[sanok:rw] -- The ASM compiler identification is Clang with GNU-like command-line
[sanok:rw] -- Found assembler: /usr/bin/riscv32-cros-elf-clang
[brox-ish:singleimage] [41/258] Building C object zephyr/CMakeFiles/zephyr.dir/subsys/pm/device.c.obj
[guren:rw] [126/413] Building C object CMakeFiles/app.dir/mnt/host/source/src/platform/ec/build/zephyr/guren/modules/ec/common/usb_pd_host_cmd_common.c.obj
[moonstone-ish:singleimage] [34/263] Building C object CMakeFiles/app.dir/mnt/host/source/src/platform/ec/build/zephyr/moonstone-ish/modules/ec/common/queue.c.obj
[guren:ro] [81/413] Building C object CMakeFiles/app.dir/mnt/host/source/src/platform/ec/build/zephyr/guren/modules/ec/common/led_common.c.obj
[guren:rw] [127/413] Building C object CMakeFiles/app.dir/mnt/host/source/src/platform/ec/build/zephyr/guren/modules/ec/common/usbc/svdm_rsp_dfp_only.c.obj
[guren:rw] [128/413] Building C object CMakeFiles/app.dir/mnt/host/source/src/platform/ec/build/zephyr/guren/modules/ec/zephyr/shim/src/tcpc.c.obj
[brox-ish:singleimage] [42/258] Building C object zephyr/CMakeFiles/zephyr.dir/subsys/pm/device_system_managed.c.obj
[guren:ro] [82/413] Building C object CMakeFiles/app.dir/mnt/host/source/src/platform/ec/build/zephyr/guren/modules/ec/common/motion_lid.c.obj
[guren:ro] [83/413] Building C object CMakeFiles/app.dir/mnt/host/source/src/platform/ec/build/zephyr/guren/modules/ec/common/lid_angle.c.obj
[guren:rw] [129/413] Building C object CMakeFiles/app.dir/mnt/host/source/src/platform/ec/build/zephyr/guren/modules/ec/common/usbc_ocp.c.obj
[brox-ish:singleimage] [43/258] Building C object zephyr/CMakeFiles/zephyr.dir/subsys/testsuite/coverage/coverage.c.obj
[brox-ish:singleimage] [44/258] Building C object zephyr/CMakeFiles/zephyr.dir/subsys/tracing/tracing_none.c.obj
[guren:ro] [84/413] Building C object CMakeFiles/app.dir/mnt/host/source/src/platform/ec/build/zephyr/guren/modules/ec/common/lid_angle_keyboard_policy.c.obj
[guren:rw] [130/413] Building C object CMakeFiles/app.dir/mnt/host/source/src/platform/ec/build/zephyr/guren/modules/ec/common/usb_pd_discovery.c.obj
[moonstone-ish:singleimage] [35/263] Building C object CMakeFiles/app.dir/mnt/host/source/src/platform/ec/build/zephyr/moonstone-ish/modules/ec/common/system.c.obj
[guren:rw] [131/413] Building C object CMakeFiles/app.dir/mnt/host/source/src/platform/ec/build/zephyr/guren/modules/ec/common/usb_pd_dual_role.c.obj
[brox-ish:singleimage] [45/258] Building C object zephyr/CMakeFiles/zephyr.dir/subsys/shell/modules/kernel_service/kernel_shell.c.obj
[brox-ish:singleimage] [46/258] Building C object zephyr/CMakeFiles/zephyr.dir/subsys/shell/modules/kernel_service/cycles.c.obj
[guren:ro] [85/413] Building C object CMakeFiles/app.dir/mnt/host/source/src/platform/ec/build/zephyr/guren/modules/ec/common/lid_switch.c.obj
[guren:rw] [132/413] Building C object CMakeFiles/app.dir/mnt/host/source/src/platform/ec/build/zephyr/guren/modules/ec/driver/tcpm/raa489000.c.obj
[guren:rw] [133/413] Building C object CMakeFiles/app.dir/mnt/host/source/src/platform/ec/build/zephyr/guren/modules/ec/common/vboot_hash.c.obj
[guren:ro] [86/413] Building C object CMakeFiles/app.dir/mnt/host/source/src/platform/ec/build/zephyr/guren/modules/ec/common/mkbp_event.c.obj
[/mnt/host/source/src/platform/ec/build/zephyr/rauru-lcov]   /mnt/host/source/src/platform/ec/build/zephyr/rauru/build-rw/CMakeFiles/app.dir/mnt/host/source/src/platform/ec/build/zephyr/rauru/modules/ec/common/cbi_config.c.gcno:no functions found
[/mnt/host/source/src/platform/ec/build/zephyr/rauru-lcov] stderr:
[guren:rw] [134/413] Building C object CMakeFiles/app.dir/mnt/host/source/src/platform/ec/build/zephyr/guren/modules/ec/driver/tcpm/tcpci.c.obj
[brox-ish:singleimage] [47/258] Building C object zephyr/CMakeFiles/zephyr.dir/subsys/shell/modules/kernel_service/sleep.c.obj
[/mnt/host/source/src/platform/ec/build/zephyr/yavilla-lcov]   /mnt/host/source/src/platform/ec/build/zephyr/yavilla/build-ro/zephyr/CMakeFiles/zephyr.dir/soc/ite/ec/it8xxx2/check_regs.c.gcno:no functions found
[/mnt/host/source/src/platform/ec/build/zephyr/yavilla-lcov] stderr:
[guren:rw] [135/413] Building C object CMakeFiles/app.dir/mnt/host/source/src/platform/ec/build/zephyr/guren/modules/ec/common/button.c.obj
[moonstone-ish:singleimage] [36/263] Building C object CMakeFiles/app.dir/mnt/host/source/src/platform/ec/build/zephyr/moonstone-ish/modules/ec/common/system_boot_time.c.obj
[brox-ish:singleimage] [48/258] Building C object zephyr/CMakeFiles/zephyr.dir/subsys/shell/modules/kernel_service/uptime.c.obj
[guren:ro] [87/413] Building C object CMakeFiles/app.dir/mnt/host/source/src/platform/ec/build/zephyr/guren/modules/ec/common/motion_sense.c.obj
[guren:ro] [88/413] Building C object CMakeFiles/app.dir/mnt/host/source/src/platform/ec/build/zephyr/guren/modules/ec/common/port80.c.obj
[brox-ish:singleimage] [49/258] Building C object zephyr/CMakeFiles/zephyr.dir/subsys/shell/modules/kernel_service/version.c.obj
[guren:rw] [136/413] Building C object CMakeFiles/app.dir/mnt/host/source/src/platform/ec/build/zephyr/guren/modules/ec/common/vstore.c.obj
[guren:rw] [137/413] Building C object CMakeFiles/app.dir/mnt/host/source/src/platform/ec/build/zephyr/guren/modules/ec/common/vboot/efs2.c.obj
[brox-ish:singleimage] [50/258] Building C object zephyr/CMakeFiles/zephyr.dir/subsys/shell/modules/kernel_service/reboot.c.obj
[moonstone-ish:singleimage] [37/263] Building C object CMakeFiles/app.dir/mnt/host/source/src/platform/ec/build/zephyr/moonstone-ish/modules/ec/common/uart_printf.c.obj
[guren:ro] [89/413] Building C object CMakeFiles/app.dir/mnt/host/source/src/platform/ec/build/zephyr/guren/modules/ec/common/power_button.c.obj
[guren:rw] [138/413] Building C object CMakeFiles/app.dir/mnt/host/source/src/platform/ec/build/zephyr/guren/modules/ec/common/math_util.c.obj
[/mnt/host/source/src/platform/ec/build/zephyr/rauru-lcov]   /mnt/host/source/src/platform/ec/build/zephyr/rauru/build-rw/CMakeFiles/app.dir/mnt/host/source/src/platform/ec/build/zephyr/rauru/modules/ec/zephyr/program/rauru/src/common.c.gcno:no functions found
[/mnt/host/source/src/platform/ec/build/zephyr/rauru-lcov] stderr:
[brox-ish:singleimage] [51/258] Building C object zephyr/CMakeFiles/zephyr.dir/subsys/shell/modules/kernel_service/thread/thread.c.obj
[guren:ro] [90/413] Building C object CMakeFiles/app.dir/mnt/host/source/src/platform/ec/build/zephyr/guren/modules/ec/power/hibernate.c.obj
[guren:rw] [139/413] Building C object CMakeFiles/app.dir/src/board_power.c.obj
[brox-ish:singleimage] [52/258] Building C object zephyr/CMakeFiles/zephyr.dir/subsys/shell/modules/kernel_service/thread/list.c.obj
[guren:rw] [140/413] Building C object CMakeFiles/app.dir/src/common.c.obj
[guren:rw] [141/413] Building C object CMakeFiles/app.dir/guren/src/sub_board.c.obj
[moonstone-ish:singleimage] [38/263] Building C object CMakeFiles/app.dir/mnt/host/source/src/platform/ec/build/zephyr/moonstone-ish/modules/ec/common/util.c.obj
[guren:ro] [91/413] Building C object CMakeFiles/app.dir/mnt/host/source/src/platform/ec/build/zephyr/guren/modules/ec/common/panic_output.c.obj
[brox-ish:singleimage] [53/258] Building C object zephyr/CMakeFiles/zephyr.dir/subsys/shell/modules/kernel_service/thread/stacks.c.obj
[guren:ro] [92/413] Building C object CMakeFiles/app.dir/mnt/host/source/src/platform/ec/build/zephyr/guren/modules/ec/common/sha256.c.obj
[brox-ish:singleimage] [54/258] Building C object zephyr/CMakeFiles/zephyr.dir/subsys/shell/modules/kernel_service/thread/unwind.c.obj
[guren:rw] [142/413] Building C object CMakeFiles/app.dir/guren/src/board.c.obj
[/mnt/host/source/src/platform/ec/build/zephyr/rauru-lcov]   /mnt/host/source/src/platform/ec/build/zephyr/rauru/build-rw/zephyr/arch/arch/riscv/core/CMakeFiles/arch__riscv__core.dir/cpu_idle.c.gcno:no functions found
[/mnt/host/source/src/platform/ec/build/zephyr/rauru-lcov] stderr:
[guren:rw] [143/413] Building C object CMakeFiles/app.dir/guren/src/kb_backlight.c.obj
[brox-ish:singleimage] [55/258] Building C object zephyr/CMakeFiles/zephyr.dir/subsys/shell/modules/kernel_service/thread/suspend.c.obj
[guren:ro] [93/413] Building C object CMakeFiles/app.dir/mnt/host/source/src/platform/ec/build/zephyr/guren/modules/ec/common/switch.c.obj
[brox-ish:singleimage] [56/258] Building C object zephyr/CMakeFiles/zephyr.dir/subsys/shell/modules/kernel_service/thread/resume.c.obj
[guren:ro] [94/413] Building C object CMakeFiles/app.dir/mnt/host/source/src/platform/ec/build/zephyr/guren/modules/ec/common/shared_mem.c.obj
[moonstone-ish:singleimage] [39/263] Building C object CMakeFiles/app.dir/mnt/host/source/src/platform/ec/build/zephyr/moonstone-ish/modules/ec/common/version.c.obj
[guren:rw] [144/413] Building C object CMakeFiles/app.dir/guren/src/keyboard.c.obj
[guren:rw] [145/413] Building C object CMakeFiles/app.dir/guren/src/fan.c.obj
[guren:rw] [146/413] Building C object CMakeFiles/app.dir/guren/src/usb_mux_config.c.obj
[brox-ish:singleimage] [57/258] Building C object zephyr/CMakeFiles/zephyr.dir/subsys/shell/modules/kernel_service/thread/kill.c.obj
[guren:ro] [95/413] Building C object CMakeFiles/app.dir/mnt/host/source/src/platform/ec/build/zephyr/guren/modules/ec/common/spi_flash_reg.c.obj
[brox-ish:singleimage] [58/258] Building C object zephyr/CMakeFiles/zephyr.dir/subsys/shell/backends/shell_uart.c.obj
[guren:ro] [96/413] Building C object CMakeFiles/app.dir/mnt/host/source/src/platform/ec/build/zephyr/guren/modules/ec/common/tablet_mode.c.obj
[guren:rw] [147/413] Building C object CMakeFiles/app.dir/guren/src/usbc.c.obj
[guren:rw] [148/413] Building C object zephyr/CMakeFiles/zephyr.dir/lib/libc/validate_libc.c.obj
[moonstone-ish:singleimage] [40/263] Building C object CMakeFiles/app.dir/mnt/host/source/src/platform/ec/build/zephyr/moonstone-ish/modules/ec/driver/accel_lis2dh.c.obj
[guren:rw] [149/413] Building C object CMakeFiles/app.dir/guren/src/charger.c.obj
[guren:ro] [97/413] Building C object CMakeFiles/app.dir/mnt/host/source/src/platform/ec/build/zephyr/guren/modules/ec/common/thermal.c.obj
[guren:rw] [150/413] Building C object zephyr/CMakeFiles/zephyr.dir/lib/heap/heap.c.obj
[brox-ish:singleimage] [59/258] Building C object zephyr/CMakeFiles/zephyr.dir/subsys/shell/shell_fprintf.c.obj
[guren:rw] [151/413] Building C object zephyr/CMakeFiles/zephyr.dir/lib/os/cbprintf_packaged.c.obj
[guren:rw] [152/413] Linking C static library app/libapp.a
[guren:ro] [98/413] Building C object CMakeFiles/app.dir/mnt/host/source/src/platform/ec/build/zephyr/guren/modules/ec/common/temp_sensor.c.obj
[/mnt/host/source/src/platform/ec/build/zephyr/rauru-lcov]   /mnt/host/source/src/platform/ec/build/zephyr/rauru/build-rw/zephyr/arch/common/CMakeFiles/isr_tables.dir/isr_tables.c.gcno:no functions found
[/mnt/host/source/src/platform/ec/build/zephyr/rauru-lcov] stderr:
[guren:rw] [153/413] Building C object zephyr/CMakeFiles/zephyr.dir/lib/os/clock.c.obj
[brox-ish:singleimage] [60/258] Building C object zephyr/CMakeFiles/zephyr.dir/subsys/shell/shell.c.obj
[moonstone-ish:singleimage] [41/263] Building C object CMakeFiles/app.dir/mnt/host/source/src/platform/ec/build/zephyr/moonstone-ish/modules/ec/common/motion_sense_fifo.c.obj
[guren:rw] [154/413] Building C object zephyr/CMakeFiles/zephyr.dir/lib/os/printk.c.obj
[guren:rw] [155/413] Building C object zephyr/CMakeFiles/zephyr.dir/lib/os/sem.c.obj
[guren:ro] [99/413] Building C object CMakeFiles/app.dir/mnt/host/source/src/platform/ec/build/zephyr/guren/modules/ec/driver/temp_sensor/thermistor.c.obj
[brox-ish:singleimage] [61/258] Building C object zephyr/CMakeFiles/zephyr.dir/subsys/shell/shell_utils.c.obj
[guren:ro] [100/413] Building C object CMakeFiles/app.dir/mnt/host/source/src/platform/ec/build/zephyr/guren/modules/ec/common/throttle_ap.c.obj
[guren:rw] [156/413] Building C object zephyr/CMakeFiles/zephyr.dir/lib/utils/dec.c.obj
[guren:rw] [157/413] Building C object zephyr/CMakeFiles/zephyr.dir/lib/os/thread_entry.c.obj
[guren:rw] [158/413] Building C object zephyr/CMakeFiles/zephyr.dir/lib/os/cbprintf.c.obj
[guren:rw] [159/413] Building C object zephyr/CMakeFiles/zephyr.dir/lib/utils/hex.c.obj
[guren:rw] [160/413] Building C object zephyr/CMakeFiles/zephyr.dir/lib/os/cbprintf_nano.c.obj
[moonstone-ish:singleimage] [42/263] Building C object CMakeFiles/app.dir/mnt/host/source/src/platform/ec/build/zephyr/moonstone-ish/modules/ec/common/cbi_common.c.obj
[brox-ish:singleimage] [62/258] Building C object zephyr/CMakeFiles/zephyr.dir/subsys/shell/shell_ops.c.obj
[guren:ro] [101/413] Building C object CMakeFiles/app.dir/mnt/host/source/src/platform/ec/build/zephyr/guren/modules/ec/common/timer.c.obj
[guren:rw] [161/413] Building C object zephyr/CMakeFiles/zephyr.dir/lib/os/assert.c.obj
[brox-ish:singleimage] [63/258] Building C object zephyr/CMakeFiles/zephyr.dir/subsys/shell/shell_help.c.obj
[guren:ro] [102/413] Building C object CMakeFiles/app.dir/mnt/host/source/src/platform/ec/build/zephyr/guren/modules/ec/common/usb_port_power_dumb.c.obj
[guren:rw] [162/413] Building C object zephyr/CMakeFiles/zephyr.dir/lib/utils/timeutil.c.obj
[guren:rw] [163/413] Building C object zephyr/CMakeFiles/zephyr.dir/lib/utils/bitmask.c.obj
[guren:rw] [164/413] Building C object zephyr/CMakeFiles/zephyr.dir/lib/utils/last_section_id.c.obj
[brox-ish:singleimage] [64/258] Building C object zephyr/CMakeFiles/zephyr.dir/subsys/shell/shell_history.c.obj
[guren:rw] [165/413] Building C object zephyr/CMakeFiles/zephyr.dir/lib/utils/ring_buffer.c.obj
[brox-ish:singleimage] [65/258] Building C object zephyr/CMakeFiles/zephyr.dir/mnt/host/source/src/third_party/zephyrproject/modules/hal/intel/zephyr/bsp_sedi/bsp_sedi_rtos_utils.c.obj
[moonstone-ish:singleimage] [43/263] Building C object CMakeFiles/app.dir/mnt/host/source/src/platform/ec/build/zephyr/moonstone-ish/modules/ec/common/cbi_gpio.c.obj
[guren:rw] [166/413] Building C object zephyr/CMakeFiles/zephyr.dir/misc/generated/configs.c.obj
[brox-ish:singleimage] [66/258] Linking C static library zephyr/libzephyr.a
[guren:rw] [167/413] Building C object zephyr/CMakeFiles/zephyr.dir/lib/utils/rb.c.obj
[brox-ish:singleimage] [67/258] Building C object zephyr/arch/common/CMakeFiles/arch__common.dir/init.c.obj
[guren:ro] [103/413] Building C object CMakeFiles/app.dir/mnt/host/source/src/platform/ec/build/zephyr/guren/modules/ec/common/typec_control.c.obj
[brox-ish:singleimage] [68/258] Linking C static library zephyr/arch/common/libarch__common.a
[guren:rw] [168/413] Building C object zephyr/CMakeFiles/zephyr.dir/lib/utils/getopt/getopt.c.obj
[guren:ro] [104/413] Building C object CMakeFiles/app.dir/mnt/host/source/src/platform/ec/build/zephyr/guren/modules/ec/common/usb_common.c.obj
[guren:rw] [169/413] Building C object zephyr/CMakeFiles/zephyr.dir/lib/utils/bitarray.c.obj
[guren:rw] [170/413] Building C object zephyr/CMakeFiles/zephyr.dir/lib/utils/getopt/getopt_common.c.obj
[guren:ro] [105/413] Building C object CMakeFiles/app.dir/mnt/host/source/src/platform/ec/build/zephyr/guren/modules/ec/common/usb_pd_pdo.c.obj
[brox-ish:singleimage] [69/258] Building C object zephyr/arch/arch/x86/core/CMakeFiles/arch__x86__core.dir/cpuhalt.c.obj
[moonstone-ish:singleimage] [44/263] Building C object CMakeFiles/app.dir/mnt/host/source/src/platform/ec/build/zephyr/moonstone-ish/modules/ec/common/memory_commands.c.obj
[brox-ish:singleimage] [70/258] Building C object zephyr/arch/arch/x86/core/CMakeFiles/arch__x86__core.dir/prep_c.c.obj
[guren:rw] [171/413] Building C object zephyr/CMakeFiles/zephyr.dir/soc/nuvoton/npcx/common/power.c.obj
[guren:ro] [106/413] Building C object CMakeFiles/app.dir/mnt/host/source/src/platform/ec/build/zephyr/guren/modules/ec/common/usbc/usbc_task.c.obj
[guren:rw] [172/413] Building C object zephyr/CMakeFiles/zephyr.dir/soc/nuvoton/npcx/common/npcxn/registers.c.obj
[guren:rw] [173/413] Building C object zephyr/CMakeFiles/zephyr.dir/soc/nuvoton/npcx/common/scfg.c.obj
[brox-ish:singleimage] [71/258] Building C object zephyr/arch/arch/x86/core/CMakeFiles/arch__x86__core.dir/cpuid.c.obj
[guren:rw] [174/413] Building C object zephyr/CMakeFiles/zephyr.dir/soc/nuvoton/npcx/npcx9/soc.c.obj
[brox-ish:singleimage] [72/258] Building C object zephyr/arch/arch/x86/core/CMakeFiles/arch__x86__core.dir/fatal.c.obj
[/mnt/host/source/src/platform/ec/build/zephyr/yavilla-lcov]   /mnt/host/source/src/platform/ec/build/zephyr/yavilla/build-ro/zephyr/drivers/sensor/CMakeFiles/drivers__sensor.dir/mnt/host/source/src/third_party/zephyr/main/misc/empty_file.c.gcno:no functions found
[/mnt/host/source/src/platform/ec/build/zephyr/yavilla-lcov] stderr:
[guren:rw] [175/413] Building C object zephyr/CMakeFiles/zephyr.dir/subsys/logging/log_minimal.c.obj
[moonstone-ish:singleimage] [45/263] Building C object CMakeFiles/app.dir/mnt/host/source/src/platform/ec/build/zephyr/moonstone-ish/modules/ec/common/ap_reset_log.c.obj
[guren:rw] [176/413] Building C object zephyr/CMakeFiles/zephyr.dir/subsys/mem_mgmt/mem_attr.c.obj
[guren:ro] [107/413] Building C object CMakeFiles/app.dir/mnt/host/source/src/platform/ec/build/zephyr/guren/modules/ec/common/usbc/usb_pd_timer.c.obj
[guren:ro] [108/413] Building C object CMakeFiles/app.dir/mnt/host/source/src/platform/ec/build/zephyr/guren/modules/ec/common/usbc_intr_task.c.obj
[guren:ro] [109/413] Building C object CMakeFiles/app.dir/mnt/host/source/src/platform/ec/build/zephyr/guren/modules/ec/common/usbc/usb_sm.c.obj
[brox-ish:singleimage] [73/258] Building C object zephyr/arch/arch/x86/core/CMakeFiles/arch__x86__core.dir/spec_ctrl.c.obj
[brox-ish:singleimage] [74/258] Building C object zephyr/arch/arch/x86/core/CMakeFiles/arch__x86__core.dir/reboot_rst_cnt.c.obj
[guren:rw] [177/413] Building C object zephyr/CMakeFiles/zephyr.dir/subsys/pm/state.c.obj
[/mnt/host/source/src/platform/ec/build/zephyr/yavilla-lcov]   /mnt/host/source/src/platform/ec/build/zephyr/yavilla/build-rw/modules/ec/zephyr/CMakeFiles/ec_shim.dir/shim/src/thermal.c.gcno:no functions found
[/mnt/host/source/src/platform/ec/build/zephyr/yavilla-lcov] stderr:
[guren:rw] [178/413] Building C object zephyr/CMakeFiles/zephyr.dir/subsys/pm/pm.c.obj
[moonstone-ish:singleimage] [46/263] Building C object CMakeFiles/app.dir/mnt/host/source/src/platform/ec/build/zephyr/moonstone-ish/modules/ec/common/host_command.c.obj
[guren:ro] [110/413] Building C object CMakeFiles/app.dir/mnt/host/source/src/platform/ec/build/zephyr/guren/modules/ec/common/usbc_utils.c.obj
[guren:rw] [179/413] Building C object zephyr/CMakeFiles/zephyr.dir/subsys/pm/policy/policy_events.c.obj
[brox-ish:singleimage] [75/258] Building ASM object zephyr/arch/arch/x86/core/CMakeFiles/arch__x86__core.dir/ia32/excstub.S.obj
[brox-ish:singleimage] [76/258] Building ASM object zephyr/arch/arch/x86/core/CMakeFiles/arch__x86__core.dir/ia32/crt0.S.obj
[guren:rw] [180/413] Building C object zephyr/CMakeFiles/zephyr.dir/subsys/pm/policy/policy_latency.c.obj
[guren:rw] [181/413] Building C object zephyr/CMakeFiles/zephyr.dir/subsys/pm/policy/policy_state_lock.c.obj
[/mnt/host/source/src/platform/ec/build/zephyr/yavilla-lcov]   /mnt/host/source/src/platform/ec/build/zephyr/yavilla/build-rw/modules/ec/zephyr/CMakeFiles/ec_shim.dir/shim/src/battery.c.gcno:no functions found
[/mnt/host/source/src/platform/ec/build/zephyr/yavilla-lcov] stderr:
[/mnt/host/source/src/platform/ec/build/zephyr/yavilla-lcov]   /mnt/host/source/src/platform/ec/build/zephyr/yavilla/build-rw/modules/ec/zephyr/CMakeFiles/ec_shim.dir/shim/src/charger.c.gcno:no functions found
[/mnt/host/source/src/platform/ec/build/zephyr/yavilla-lcov] stderr:
[guren:rw] [182/413] Building C object zephyr/CMakeFiles/zephyr.dir/subsys/pm/device.c.obj
[guren:ro] [111/413] Building C object CMakeFiles/app.dir/mnt/host/source/src/platform/ec/build/zephyr/guren/modules/ec/common/usb_pd_flags.c.obj
[brox-ish:singleimage] [77/258] Building C object zephyr/arch/arch/x86/core/CMakeFiles/arch__x86__core.dir/ia32/irq_manage.c.obj
[brox-ish:singleimage] [78/258] Building ASM object zephyr/arch/arch/x86/core/CMakeFiles/arch__x86__core.dir/ia32/intstub.S.obj
[guren:ro] [112/413] Building C object CMakeFiles/app.dir/mnt/host/source/src/platform/ec/build/zephyr/guren/modules/ec/common/chargen.c.obj
[guren:rw] [183/413] Building C object zephyr/CMakeFiles/zephyr.dir/subsys/pm/device_system_managed.c.obj
[guren:ro] [113/413] Building C object CMakeFiles/app.dir/mnt/host/source/src/platform/ec/build/zephyr/guren/modules/ec/common/usbc/usb_pd_console.c.obj
[moonstone-ish:singleimage] [47/263] Building C object CMakeFiles/app.dir/mnt/host/source/src/platform/ec/build/zephyr/moonstone-ish/modules/ec/common/host_command_task.c.obj
[guren:rw] [184/413] Building C object zephyr/CMakeFiles/zephyr.dir/subsys/tracing/tracing_none.c.obj
[guren:rw] [185/413] Building C object zephyr/CMakeFiles/zephyr.dir/subsys/testsuite/coverage/coverage.c.obj
[brox-ish:singleimage] [79/258] Building ASM object zephyr/arch/arch/x86/core/CMakeFiles/arch__x86__core.dir/ia32/swap.S.obj
[guren:rw] [186/413] Building C object zephyr/CMakeFiles/zephyr.dir/subsys/shell/modules/kernel_service/cycles.c.obj
[brox-ish:singleimage] [80/258] Building C object zephyr/arch/arch/x86/core/CMakeFiles/arch__x86__core.dir/ia32/thread.c.obj
[guren:rw] [187/413] Building C object zephyr/CMakeFiles/zephyr.dir/subsys/shell/modules/kernel_service/kernel_shell.c.obj
[/mnt/host/source/src/platform/ec/build/zephyr/yavilla-lcov]   /mnt/host/source/src/platform/ec/build/zephyr/yavilla/build-rw/modules/ec/zephyr/CMakeFiles/ec_shim.dir/shim/src/usb_muxes.c.gcno:no functions found
[/mnt/host/source/src/platform/ec/build/zephyr/yavilla-lcov] stderr:
[/mnt/host/source/src/platform/ec/build/zephyr/rauru-lcov]   /mnt/host/source/src/platform/ec/build/zephyr/rauru/build-rw/zephyr/CMakeFiles/zephyr.dir/subsys/shell/modules/kernel_service/kernel_shell.c.gcno:no functions found
[/mnt/host/source/src/platform/ec/build/zephyr/rauru-lcov] stderr:
[guren:ro] [114/413] Building C object CMakeFiles/app.dir/mnt/host/source/src/platform/ec/build/zephyr/guren/modules/ec/driver/retimer/anx7483.c.obj
[guren:rw] [188/413] Building C object zephyr/CMakeFiles/zephyr.dir/subsys/shell/modules/kernel_service/sleep.c.obj
[brox-ish:singleimage] [81/258] Building C object zephyr/arch/arch/x86/core/CMakeFiles/arch__x86__core.dir/ia32/fatal.c.obj
[brox-ish:singleimage] [82/258] Building C object zephyr/arch/arch/x86/core/CMakeFiles/arch__x86__core.dir/ia32/soft_float_stubs.c.obj
[brox-ish:singleimage] [83/258] Generating ../../../include/generated/libc/minimal/strerror_table.h
[/mnt/host/source/src/platform/ec/build/zephyr/rauru-lcov]   /mnt/host/source/src/platform/ec/build/zephyr/rauru/build-rw/zephyr/CMakeFiles/zephyr.dir/lib/libc/validate_libc.c.gcno:no functions found
[/mnt/host/source/src/platform/ec/build/zephyr/rauru-lcov] stderr:
[brox-ish:singleimage] [84/258] Linking C static library zephyr/arch/arch/x86/core/libarch__x86__core.a
[moonstone-ish:singleimage] [48/263] Building C object CMakeFiles/app.dir/mnt/host/source/src/platform/ec/build/zephyr/moonstone-ish/modules/ec/common/host_event_commands.c.obj
[brox-ish:singleimage] [85/258] Building C object zephyr/lib/libc/minimal/CMakeFiles/lib__libc__minimal.dir/source/stdlib/atoi.c.obj
[guren:ro] [115/413] Building C object CMakeFiles/app.dir/mnt/host/source/src/platform/ec/build/zephyr/guren/modules/ec/driver/usb_mux/virtual.c.obj
[brox-ish:singleimage] [86/258] Building C object zephyr/lib/libc/minimal/CMakeFiles/lib__libc__minimal.dir/source/stdlib/strtol.c.obj
[guren:rw] [189/413] Building C object zephyr/CMakeFiles/zephyr.dir/subsys/shell/modules/kernel_service/uptime.c.obj
[guren:rw] [190/413] Building C object zephyr/CMakeFiles/zephyr.dir/subsys/shell/modules/kernel_service/version.c.obj
[guren:rw] [191/413] Building C object zephyr/CMakeFiles/zephyr.dir/subsys/shell/modules/kernel_service/thread/stacks.c.obj
[guren:rw] [192/413] Building C object zephyr/CMakeFiles/zephyr.dir/subsys/shell/modules/kernel_service/thread/list.c.obj
[guren:rw] [193/413] Building C object zephyr/CMakeFiles/zephyr.dir/subsys/shell/modules/kernel_service/thread/thread.c.obj
[brox-ish:singleimage] [87/258] Building C object zephyr/lib/libc/minimal/CMakeFiles/lib__libc__minimal.dir/source/stdlib/strtoll.c.obj
[guren:ro] [116/413] Building C object CMakeFiles/app.dir/mnt/host/source/src/platform/ec/build/zephyr/guren/modules/ec/driver/usb_mux/usb_mux.c.obj
[brox-ish:singleimage] [88/258] Building C object zephyr/lib/libc/minimal/CMakeFiles/lib__libc__minimal.dir/source/stdlib/strtoul.c.obj
[brox-ish:singleimage] [89/258] Building C object zephyr/lib/libc/minimal/CMakeFiles/lib__libc__minimal.dir/source/stdlib/bsearch.c.obj
[guren:ro] [117/413] Building C object CMakeFiles/app.dir/mnt/host/source/src/platform/ec/build/zephyr/guren/modules/ec/common/usbc/usb_tc_drp_acc_trysrc_sm.c.obj
[brox-ish:singleimage] [90/258] Building C object zephyr/lib/libc/minimal/CMakeFiles/lib__libc__minimal.dir/source/stdlib/strtoull.c.obj
[moonstone-ish:singleimage] [49/263] Building C object CMakeFiles/app.dir/mnt/host/source/src/platform/ec/build/zephyr/moonstone-ish/modules/ec/common/uart_hostcmd.c.obj
[guren:rw] [194/413] Building C object zephyr/CMakeFiles/zephyr.dir/subsys/shell/modules/kernel_service/thread/suspend.c.obj
[brox-ish:singleimage] [91/258] Building C object zephyr/lib/libc/minimal/CMakeFiles/lib__libc__minimal.dir/source/stdlib/qsort.c.obj
[guren:ro] [118/413] Building C object CMakeFiles/app.dir/mnt/host/source/src/platform/ec/build/zephyr/guren/modules/ec/common/usbc/usb_prl_sm.c.obj
[brox-ish:singleimage] [92/258] Building C object zephyr/lib/libc/minimal/CMakeFiles/lib__libc__minimal.dir/source/stdlib/exit.c.obj
[brox-ish:singleimage] [93/258] Building C object zephyr/lib/libc/minimal/CMakeFiles/lib__libc__minimal.dir/source/string/strncasecmp.c.obj
[moonstone-ish:singleimage] [50/263] Building C object CMakeFiles/app.dir/mnt/host/source/src/platform/ec/build/zephyr/moonstone-ish/modules/ec/common/uptime.c.obj
[guren:rw] [195/413] Building C object zephyr/CMakeFiles/zephyr.dir/subsys/shell/shell_fprintf.c.obj
[guren:rw] [196/413] Building C object zephyr/CMakeFiles/zephyr.dir/subsys/shell/modules/kernel_service/thread/resume.c.obj
[brox-ish:singleimage] [94/258] Building C object zephyr/lib/libc/minimal/CMakeFiles/lib__libc__minimal.dir/source/string/strerror.c.obj
[brox-ish:singleimage] [95/258] Building C object zephyr/lib/libc/minimal/CMakeFiles/lib__libc__minimal.dir/source/string/strstr.c.obj
[guren:rw] [197/413] Building C object zephyr/CMakeFiles/zephyr.dir/subsys/shell/backends/shell_uart.c.obj
[guren:rw] [198/413] Building C object zephyr/CMakeFiles/zephyr.dir/subsys/shell/shell.c.obj
[guren:rw] [199/413] Building C object zephyr/CMakeFiles/zephyr.dir/subsys/shell/modules/kernel_service/thread/kill.c.obj
[/mnt/host/source/src/platform/ec/build/zephyr/rauru-lcov]   /mnt/host/source/src/platform/ec/build/zephyr/rauru/build-rw/zephyr/CMakeFiles/zephyr.dir/lib/utils/last_section_id.c.gcno:no functions found
[/mnt/host/source/src/platform/ec/build/zephyr/rauru-lcov] stderr:
[brox-ish:singleimage] [96/258] Building C object zephyr/lib/libc/minimal/CMakeFiles/lib__libc__minimal.dir/source/string/string.c.obj
[guren:ro] [119/413] Building C object CMakeFiles/app.dir/mnt/host/source/src/platform/ec/build/zephyr/guren/modules/ec/common/usbc/usbc_pd_policy.c.obj
[brox-ish:singleimage] [97/258] Building C object zephyr/lib/libc/minimal/CMakeFiles/lib__libc__minimal.dir/source/string/strspn.c.obj
[guren:ro] [120/413] Building C object CMakeFiles/app.dir/mnt/host/source/src/platform/ec/build/zephyr/guren/modules/ec/common/usbc/usb_pe_drp_sm.c.obj
[guren:ro] [121/413] Building C object CMakeFiles/app.dir/mnt/host/source/src/platform/ec/build/zephyr/guren/modules/ec/common/usbc/usb_pd_dpm.c.obj
[moonstone-ish:singleimage] [51/263] Building C object CMakeFiles/app.dir/mnt/host/source/src/platform/ec/build/zephyr/moonstone-ish/modules/ec/common/i2c_controller.c.obj
[guren:rw] [200/413] Building C object zephyr/CMakeFiles/zephyr.dir/subsys/shell/shell_utils.c.obj
[brox-ish:singleimage] [98/258] Building C object zephyr/lib/libc/minimal/CMakeFiles/lib__libc__minimal.dir/source/stdout/sprintf.c.obj
[brox-ish:singleimage] [99/258] Building C object zephyr/lib/libc/minimal/CMakeFiles/lib__libc__minimal.dir/source/stdout/stdout_console.c.obj
[guren:rw] [201/413] Building C object zephyr/arch/common/CMakeFiles/arch__common.dir/init.c.obj
[guren:rw] [202/413] Building C object zephyr/CMakeFiles/zephyr.dir/subsys/shell/shell_history.c.obj
[guren:rw] [203/413] Building C object zephyr/CMakeFiles/zephyr.dir/subsys/shell/shell_ops.c.obj
[guren:ro] [122/413] Building C object CMakeFiles/app.dir/mnt/host/source/src/platform/ec/build/zephyr/guren/modules/ec/common/usbc/dp_alt_mode.c.obj
[guren:rw] [204/413] Building C object zephyr/arch/common/CMakeFiles/arch__common.dir/sw_isr_common.c.obj
[guren:rw] [205/413] Building C object zephyr/CMakeFiles/zephyr.dir/drivers/flash/flash_util.c.obj
[brox-ish:singleimage] [100/258] Building C object zephyr/lib/libc/minimal/CMakeFiles/lib__libc__minimal.dir/source/math/sqrtf.c.obj
[brox-ish:singleimage] [101/258] Building C object zephyr/lib/libc/minimal/CMakeFiles/lib__libc__minimal.dir/source/stdout/fprintf.c.obj
[guren:rw] [206/413] Linking C static library zephyr/libzephyr.a
[guren:rw] [207/413] Building ASM object zephyr/arch/arch/arm/core/CMakeFiles/arch__arm__core.dir/nmi_on_reset.S.obj
[moonstone-ish:singleimage] [52/263] Building C object CMakeFiles/app.dir/mnt/host/source/src/platform/ec/build/zephyr/moonstone-ish/modules/ec/common/i2c_passthru.c.obj
[brox-ish:singleimage] [102/258] Building C object zephyr/lib/libc/minimal/CMakeFiles/lib__libc__minimal.dir/source/math/sqrt.c.obj
[guren:ro] [123/413] Building C object CMakeFiles/app.dir/mnt/host/source/src/platform/ec/build/zephyr/guren/modules/ec/common/usb_pd_console_cmd.c.obj
[brox-ish:singleimage] [103/258] Building C object zephyr/lib/libc/minimal/CMakeFiles/lib__libc__minimal.dir/source/time/gmtime.c.obj
[guren:rw] [208/413] Building C object zephyr/arch/common/CMakeFiles/isr_tables.dir/isr_tables.c.obj
[brox-ish:singleimage] [104/258] Linking C static library zephyr/lib/libc/minimal/liblib__libc__minimal.a
[guren:rw] [209/413] Building C object zephyr/arch/common/CMakeFiles/arch__common.dir/xip.c.obj
[guren:ro] [124/413] Building C object CMakeFiles/app.dir/mnt/host/source/src/platform/ec/build/zephyr/guren/modules/ec/common/usb_pd_host_cmd.c.obj
[guren:rw] [210/413] Linking C static library zephyr/arch/common/libisr_tables.a
[guren:ro] [125/413] Building C object CMakeFiles/app.dir/mnt/host/source/src/platform/ec/build/zephyr/guren/modules/ec/common/usbc/usb_pd_host.c.obj
[guren:rw] [211/413] Linking C static library zephyr/arch/common/libarch__common.a
[brox-ish:singleimage] [105/258] Building C object zephyr/lib/libc/common/CMakeFiles/lib__libc__common.dir/source/stdlib/abort.c.obj
[brox-ish:singleimage] [106/258] Building C object zephyr/lib/libc/common/CMakeFiles/lib__libc__common.dir/source/time/asctime.c.obj
[brox-ish:singleimage] [107/258] Building C object zephyr/lib/libc/common/CMakeFiles/lib__libc__common.dir/source/time/gmtime_r.c.obj
[guren:rw] [212/413] Building C object zephyr/arch/arch/arm/core/CMakeFiles/arch__arm__core.dir/nmi.c.obj
[guren:rw] [213/413] Building ASM object zephyr/arch/arch/arm/core/cortex_m/CMakeFiles/arch__arm__core__cortex_m.dir/fault_s.S.obj
[guren:rw] [214/413] Building C object zephyr/arch/arch/arm/core/CMakeFiles/arch__arm__core.dir/fatal.c.obj
[moonstone-ish:singleimage] [53/263] Building C object CMakeFiles/app.dir/mnt/host/source/src/platform/ec/build/zephyr/moonstone-ish/modules/ec/common/motion_lid.c.obj
[guren:rw] [215/413] Linking C static library zephyr/arch/arch/arm/core/libarch__arm__core.a
[brox-ish:singleimage] [108/258] Building C object zephyr/lib/libc/common/CMakeFiles/lib__libc__common.dir/source/time/localtime_r_utc.c.obj
[guren:rw] [216/413] Building C object zephyr/arch/arch/arm/core/cortex_m/CMakeFiles/arch__arm__core__cortex_m.dir/exc_exit.c.obj
[brox-ish:singleimage] [109/258] Building C object zephyr/lib/libc/common/CMakeFiles/lib__libc__common.dir/source/time/ctime.c.obj
[guren:rw] [217/413] Building C object zephyr/arch/arch/arm/core/cortex_m/CMakeFiles/arch__arm__core__cortex_m.dir/fault.c.obj
[guren:ro] [126/413] Building C object CMakeFiles/app.dir/mnt/host/source/src/platform/ec/build/zephyr/guren/modules/ec/zephyr/shim/src/tcpc.c.obj
[brox-ish:singleimage] [110/258] Building C object zephyr/lib/libc/common/CMakeFiles/lib__libc__common.dir/source/time/time.c.obj
[guren:ro] [127/413] Building C object CMakeFiles/app.dir/mnt/host/source/src/platform/ec/build/zephyr/guren/modules/ec/common/usb_pd_host_cmd_common.c.obj
[brox-ish:singleimage] [111/258] Building C object zephyr/lib/libc/common/CMakeFiles/lib__libc__common.dir/source/stdlib/malloc.c.obj
[guren:rw] [218/413] Building ASM object zephyr/arch/arch/arm/core/cortex_m/CMakeFiles/arch__arm__core__cortex_m.dir/vector_table.S.obj
[brox-ish:singleimage] [112/258] Building C object zephyr/lib/libc/common/CMakeFiles/lib__libc__common.dir/source/string/strnlen.c.obj
[brox-ish:singleimage] [113/258] Linking C static library zephyr/lib/libc/common/liblib__libc__common.a
[guren:ro] [128/413] Building C object CMakeFiles/app.dir/mnt/host/source/src/platform/ec/build/zephyr/guren/modules/ec/common/usbc/svdm_rsp_dfp_only.c.obj
[/mnt/host/source/src/platform/ec/build/zephyr/yavilla-lcov]   /mnt/host/source/src/platform/ec/build/zephyr/yavilla/build-rw/modules/ec/zephyr/CMakeFiles/ec_shim.dir/shim/src/usba.c.gcno:no functions found
[/mnt/host/source/src/platform/ec/build/zephyr/yavilla-lcov] stderr:
[guren:rw] [219/413] Building C object zephyr/arch/arch/arm/core/cortex_m/CMakeFiles/arch__arm__core__cortex_m.dir/scb.c.obj
[guren:ro] [129/413] Building C object CMakeFiles/app.dir/mnt/host/source/src/platform/ec/build/zephyr/guren/modules/ec/common/usbc_ocp.c.obj
[guren:rw] [220/413] Building ASM object zephyr/arch/arch/arm/core/cortex_m/CMakeFiles/arch__arm__core__cortex_m.dir/reset.S.obj
[guren:rw] [221/413] Building C object zephyr/arch/arch/arm/core/cortex_m/CMakeFiles/arch__arm__core__cortex_m.dir/fpu.c.obj
[brox-ish:singleimage] [114/258] Building C object zephyr/lib/posix/c_lib_ext/CMakeFiles/lib__posix__c_lib_ext.dir/fnmatch.c.obj
[moonstone-ish:singleimage] [54/263] Building C object CMakeFiles/app.dir/mnt/host/source/src/platform/ec/build/zephyr/moonstone-ish/modules/ec/common/lid_angle.c.obj
[guren:rw] [222/413] Building C object zephyr/arch/arch/arm/core/cortex_m/CMakeFiles/arch__arm__core__cortex_m.dir/thread_abort.c.obj
[brox-ish:singleimage] [115/258] Building C object zephyr/lib/posix/c_lib_ext/CMakeFiles/lib__posix__c_lib_ext.dir/getentropy.c.obj
[guren:rw] [223/413] Building ASM object zephyr/arch/arch/arm/core/cortex_m/CMakeFiles/arch__arm__core__cortex_m.dir/swap_helper.S.obj
[brox-ish:singleimage] [116/258] Building C object zephyr/lib/posix/c_lib_ext/CMakeFiles/lib__posix__c_lib_ext.dir/getopt_shim.c.obj
[brox-ish:singleimage] [117/258] Building C object zephyr/subsys/crc/CMakeFiles/subsys__crc.dir/crc4_sw.c.obj
[brox-ish:singleimage] [118/258] Linking C static library zephyr/lib/posix/c_lib_ext/liblib__posix__c_lib_ext.a
[guren:ro] [130/413] Building C object CMakeFiles/app.dir/mnt/host/source/src/platform/ec/build/zephyr/guren/modules/ec/common/usb_pd_discovery.c.obj
[guren:rw] [224/413] Building C object zephyr/arch/arch/arm/core/cortex_m/CMakeFiles/arch__arm__core__cortex_m.dir/irq_manage.c.obj
[brox-ish:singleimage] [119/258] Building C object zephyr/subsys/crc/CMakeFiles/subsys__crc.dir/crc16_sw.c.obj
[brox-ish:singleimage] [120/258] Building C object zephyr/subsys/crc/CMakeFiles/subsys__crc.dir/crc8_sw.c.obj
[moonstone-ish:singleimage] [55/263] Building C object CMakeFiles/app.dir/mnt/host/source/src/platform/ec/build/zephyr/moonstone-ish/modules/ec/common/mkbp_event.c.obj
[brox-ish:singleimage] [121/258] Building C object zephyr/subsys/crc/CMakeFiles/subsys__crc.dir/crc7_sw.c.obj
[guren:rw] [225/413] Building C object zephyr/arch/arch/arm/core/cortex_m/CMakeFiles/arch__arm__core__cortex_m.dir/irq_init.c.obj
[brox-ish:singleimage] [122/258] Building C object zephyr/subsys/crc/CMakeFiles/subsys__crc.dir/crc24_sw.c.obj
[guren:rw] [226/413] Building C object zephyr/arch/arch/arm/core/cortex_m/CMakeFiles/arch__arm__core__cortex_m.dir/thread.c.obj
[guren:rw] [227/413] Building C object zephyr/arch/arch/arm/core/cortex_m/CMakeFiles/arch__arm__core__cortex_m.dir/prep_c.c.obj
[guren:rw] [228/413] Building C object zephyr/arch/arch/arm/core/cortex_m/CMakeFiles/arch__arm__core__cortex_m.dir/cpu_idle.c.obj
[guren:ro] [131/413] Building C object CMakeFiles/app.dir/mnt/host/source/src/platform/ec/build/zephyr/guren/modules/ec/driver/tcpm/raa489000.c.obj
[guren:rw] [229/413] Generating ../../../include/generated/libc/minimal/strerror_table.h
[brox-ish:singleimage] [123/258] Building C object zephyr/subsys/crc/CMakeFiles/subsys__crc.dir/crc32c_sw.c.obj
[guren:ro] [132/413] Building C object CMakeFiles/app.dir/mnt/host/source/src/platform/ec/build/zephyr/guren/modules/ec/common/usb_pd_dual_role.c.obj
[brox-ish:singleimage] [124/258] Building C object zephyr/subsys/crc/CMakeFiles/subsys__crc.dir/crc32_sw.c.obj
[guren:ro] [133/413] Building C object CMakeFiles/app.dir/mnt/host/source/src/platform/ec/build/zephyr/guren/modules/ec/driver/tcpm/tcpci.c.obj
[guren:rw] [230/413] Building C object zephyr/lib/libc/minimal/CMakeFiles/lib__libc__minimal.dir/source/stdlib/atoi.c.obj
[brox-ish:singleimage] [125/258] Building C object zephyr/subsys/crc/CMakeFiles/subsys__crc.dir/crc32k_4_2_sw.c.obj
[guren:rw] [231/413] Building C object zephyr/lib/libc/minimal/CMakeFiles/lib__libc__minimal.dir/source/stdlib/strtol.c.obj
[brox-ish:singleimage] [126/258] Linking C static library zephyr/subsys/crc/libsubsys__crc.a
[guren:rw] [232/413] Building C object zephyr/arch/arch/arm/core/cortex_m/CMakeFiles/arch__arm__core__cortex_m.dir/isr_wrapper.c.obj
[moonstone-ish:singleimage] [56/263] Building C object CMakeFiles/app.dir/mnt/host/source/src/platform/ec/build/zephyr/moonstone-ish/modules/ec/common/mkbp_fifo.c.obj
[guren:rw] [233/413] Linking C static library zephyr/arch/arch/arm/core/cortex_m/libarch__arm__core__cortex_m.a
[guren:rw] [234/413] Building C object zephyr/lib/libc/minimal/CMakeFiles/lib__libc__minimal.dir/source/stdlib/strtoul.c.obj
[guren:rw] [235/413] Building C object zephyr/arch/arch/arm/core/mpu/CMakeFiles/arch__arm__core__mpu.dir/arm_core_mpu.c.obj
[brox-ish:singleimage] [127/258] Building C object zephyr/drivers/interrupt_controller/CMakeFiles/drivers__interrupt_controller.dir/intc_ioapic.c.obj
[guren:rw] [236/413] Building C object zephyr/lib/libc/minimal/CMakeFiles/lib__libc__minimal.dir/source/stdlib/strtoll.c.obj
[guren:rw] [237/413] Building C object zephyr/lib/libc/minimal/CMakeFiles/lib__libc__minimal.dir/source/stdlib/strtoull.c.obj
[guren:rw] [238/413] Building C object zephyr/lib/libc/minimal/CMakeFiles/lib__libc__minimal.dir/source/stdlib/bsearch.c.obj
[guren:ro] [134/413] Building C object CMakeFiles/app.dir/mnt/host/source/src/platform/ec/build/zephyr/guren/modules/ec/common/vboot_hash.c.obj
[guren:rw] [239/413] Building C object zephyr/lib/libc/common/CMakeFiles/lib__libc__common.dir/source/stdlib/abort.c.obj
[guren:rw] [240/413] Building C object zephyr/arch/arch/arm/core/mpu/CMakeFiles/arch__arm__core__mpu.dir/arm_mpu_regions.c.obj
[brox-ish:singleimage] [128/258] Building C object zephyr/drivers/interrupt_controller/CMakeFiles/drivers__interrupt_controller.dir/intc_loapic.c.obj
[guren:rw] [241/413] Building C object zephyr/arch/arch/arm/core/mpu/CMakeFiles/arch__arm__core__mpu.dir/arm_mpu.c.obj
[guren:rw] [242/413] Building C object zephyr/lib/libc/minimal/CMakeFiles/lib__libc__minimal.dir/source/string/strstr.c.obj
[guren:rw] [243/413] Linking C static library zephyr/arch/arch/arm/core/mpu/libarch__arm__core__mpu.a
[brox-ish:singleimage] [129/258] Building C object zephyr/drivers/interrupt_controller/CMakeFiles/drivers__interrupt_controller.dir/intc_system_apic.c.obj
[guren:rw] [244/413] Building C object zephyr/lib/libc/minimal/CMakeFiles/lib__libc__minimal.dir/source/string/strncasecmp.c.obj
[guren:rw] [245/413] Building C object zephyr/lib/libc/minimal/CMakeFiles/lib__libc__minimal.dir/source/string/strerror.c.obj
[brox-ish:singleimage] [130/258] Linking C static library zephyr/drivers/interrupt_controller/libdrivers__interrupt_controller.a
[guren:ro] [135/413] Building C object CMakeFiles/app.dir/mnt/host/source/src/platform/ec/build/zephyr/guren/modules/ec/common/vboot/efs2.c.obj
[guren:rw] [246/413] Building C object zephyr/lib/libc/minimal/CMakeFiles/lib__libc__minimal.dir/source/stdlib/qsort.c.obj
[guren:rw] [247/413] Building C object zephyr/lib/libc/minimal/CMakeFiles/lib__libc__minimal.dir/source/string/strspn.c.obj
[guren:ro] [136/413] Building C object CMakeFiles/app.dir/mnt/host/source/src/platform/ec/build/zephyr/guren/modules/ec/common/button.c.obj
[guren:rw] [248/413] Building C object zephyr/lib/libc/minimal/CMakeFiles/lib__libc__minimal.dir/source/string/string.c.obj
[guren:ro] [137/413] Building C object CMakeFiles/app.dir/mnt/host/source/src/platform/ec/build/zephyr/guren/modules/ec/common/vstore.c.obj
[moonstone-ish:singleimage] [57/263] Building C object CMakeFiles/app.dir/mnt/host/source/src/platform/ec/build/zephyr/moonstone-ish/modules/ec/common/motion_sense.c.obj
[brox-ish:singleimage] [131/258] Building C object zephyr/drivers/console/CMakeFiles/drivers__console.dir/uart_console.c.obj
[guren:rw] [249/413] Building C object zephyr/lib/libc/minimal/CMakeFiles/lib__libc__minimal.dir/source/math/sqrtf.c.obj
[brox-ish:singleimage] [132/258] Linking C static library zephyr/drivers/console/libdrivers__console.a
[guren:rw] [250/413] Building C object zephyr/lib/libc/minimal/CMakeFiles/lib__libc__minimal.dir/source/math/sqrt.c.obj
[brox-ish:singleimage] [133/258] Building C object zephyr/drivers/gpio/CMakeFiles/drivers__gpio.dir/gpio_sedi.c.obj
[brox-ish:singleimage] [134/258] Building C object zephyr/drivers/gpio/CMakeFiles/drivers__gpio.dir/mnt/host/source/src/third_party/zephyrproject/modules/hal/intel/bsp_sedi/drivers/gpio/sedi_gpio.c.obj
[guren:rw] [251/413] Building C object zephyr/lib/libc/minimal/CMakeFiles/lib__libc__minimal.dir/source/stdout/fprintf.c.obj
[guren:ro] [138/413] Building C object CMakeFiles/app.dir/mnt/host/source/src/platform/ec/build/zephyr/guren/modules/ec/common/math_util.c.obj
[guren:rw] [252/413] Building C object zephyr/lib/libc/minimal/CMakeFiles/lib__libc__minimal.dir/source/stdlib/exit.c.obj
[brox-ish:singleimage] [135/258] Linking C static library zephyr/drivers/gpio/libdrivers__gpio.a
[guren:rw] [253/413] Building C object zephyr/lib/libc/minimal/CMakeFiles/lib__libc__minimal.dir/source/stdout/sprintf.c.obj
[guren:rw] [254/413] Building C object zephyr/lib/libc/common/CMakeFiles/lib__libc__common.dir/source/time/gmtime_r.c.obj
[guren:rw] [255/413] Building C object zephyr/lib/libc/common/CMakeFiles/lib__libc__common.dir/source/time/asctime.c.obj
[guren:rw] [256/413] Building C object zephyr/lib/libc/minimal/CMakeFiles/lib__libc__minimal.dir/source/stdout/stdout_console.c.obj
[moonstone-ish:singleimage] [58/263] Building C object CMakeFiles/app.dir/mnt/host/source/src/platform/ec/build/zephyr/moonstone-ish/modules/ec/common/sha256.c.obj
[guren:rw] [257/413] Building C object zephyr/lib/libc/common/CMakeFiles/lib__libc__common.dir/source/time/localtime_r_utc.c.obj
[guren:rw] [258/413] Building C object zephyr/lib/libc/common/CMakeFiles/lib__libc__common.dir/source/string/strnlen.c.obj
[brox-ish:singleimage] [136/258] Building C object zephyr/drivers/i2c/CMakeFiles/drivers__i2c.dir/i2c_common.c.obj
[guren:rw] [259/413] Building C object zephyr/lib/libc/common/CMakeFiles/lib__libc__common.dir/source/time/ctime.c.obj
[guren:rw] [260/413] Building C object zephyr/lib/libc/common/CMakeFiles/lib__libc__common.dir/source/time/time.c.obj
[guren:rw] [261/413] Building C object zephyr/lib/libc/minimal/CMakeFiles/lib__libc__minimal.dir/source/time/gmtime.c.obj
[guren:rw] [262/413] Building C object zephyr/lib/posix/c_lib_ext/CMakeFiles/lib__posix__c_lib_ext.dir/fnmatch.c.obj
[guren:ro] [139/413] Building C object CMakeFiles/app.dir/src/board_power.c.obj
[guren:ro] [140/413] Building C object CMakeFiles/app.dir/src/common.c.obj
[guren:rw] [263/413] Linking C static library zephyr/lib/libc/minimal/liblib__libc__minimal.a
[guren:rw] [264/413] Building C object zephyr/subsys/crc/CMakeFiles/subsys__crc.dir/crc8_sw.c.obj
[guren:rw] [265/413] Building C object zephyr/subsys/crc/CMakeFiles/subsys__crc.dir/crc4_sw.c.obj
[guren:rw] [266/413] Building C object zephyr/subsys/crc/CMakeFiles/subsys__crc.dir/crc7_sw.c.obj
[guren:ro] [141/413] Building C object CMakeFiles/app.dir/guren/src/sub_board.c.obj
[brox-ish:singleimage] [137/258] Building C object zephyr/drivers/i2c/CMakeFiles/drivers__i2c.dir/i2c_shell.c.obj
[guren:rw] [267/413] Building C object zephyr/subsys/crc/CMakeFiles/subsys__crc.dir/crc16_sw.c.obj
[guren:rw] [268/413] Building C object zephyr/subsys/crc/CMakeFiles/subsys__crc.dir/crc24_sw.c.obj
[moonstone-ish:singleimage] [59/263] Building C object CMakeFiles/app.dir/mnt/host/source/src/platform/ec/build/zephyr/moonstone-ish/modules/ec/common/shared_mem.c.obj
[guren:rw] [269/413] Building C object zephyr/subsys/crc/CMakeFiles/subsys__crc.dir/crc32c_sw.c.obj
[brox-ish:singleimage] [138/258] Building C object zephyr/drivers/i2c/CMakeFiles/drivers__i2c.dir/i2c_sedi.c.obj
[guren:rw] [270/413] Building C object zephyr/subsys/crc/CMakeFiles/subsys__crc.dir/crc32_sw.c.obj
[guren:ro] [142/413] Building C object CMakeFiles/app.dir/guren/src/kb_backlight.c.obj
[guren:rw] [271/413] Building C object zephyr/subsys/crc/CMakeFiles/subsys__crc.dir/crc32k_4_2_sw.c.obj
[guren:rw] [272/413] Building C object zephyr/lib/libc/common/CMakeFiles/lib__libc__common.dir/source/stdlib/malloc.c.obj
[guren:rw] [273/413] Linking C static library zephyr/subsys/crc/libsubsys__crc.a
[guren:rw] [274/413] Building C object zephyr/lib/posix/c_lib_ext/CMakeFiles/lib__posix__c_lib_ext.dir/getopt_shim.c.obj
[guren:rw] [275/413] Linking C static library zephyr/lib/libc/common/liblib__libc__common.a
[brox-ish:singleimage] [139/258] Building C object zephyr/drivers/i2c/CMakeFiles/drivers__i2c.dir/mnt/host/source/src/third_party/zephyrproject/modules/hal/intel/bsp_sedi/drivers/i2c/sedi_i2c_dw_apb_200a.c.obj
[guren:rw] [276/413] Building C object zephyr/lib/posix/c_lib_ext/CMakeFiles/lib__posix__c_lib_ext.dir/getentropy.c.obj
[brox-ish:singleimage] [140/258] Linking C static library zephyr/drivers/i2c/libdrivers__i2c.a
[brox-ish:singleimage] [141/258] Building C object zephyr/drivers/ipm/CMakeFiles/drivers__ipm.dir/ipm_sedi.c.obj
[guren:rw] [277/413] Linking C static library zephyr/lib/posix/c_lib_ext/liblib__posix__c_lib_ext.a
[guren:ro] [143/413] Building C object CMakeFiles/app.dir/guren/src/board.c.obj
[brox-ish:singleimage] [142/258] Building C object zephyr/drivers/ipm/CMakeFiles/drivers__ipm.dir/mnt/host/source/src/third_party/zephyrproject/modules/hal/intel/bsp_sedi/drivers/ipc/sedi_ipc.c.obj
[moonstone-ish:singleimage] [60/263] Building C object CMakeFiles/app.dir/mnt/host/source/src/platform/ec/build/zephyr/moonstone-ish/modules/ec/driver/stm_mems_common.c.obj
[guren:ro] [144/413] Building C object CMakeFiles/app.dir/guren/src/usb_mux_config.c.obj
[guren:ro] [145/413] Building C object CMakeFiles/app.dir/guren/src/keyboard.c.obj
[brox-ish:singleimage] [143/258] Linking C static library zephyr/drivers/ipm/libdrivers__ipm.a
[guren:rw] [278/413] Building C object zephyr/drivers/adc/CMakeFiles/drivers__adc.dir/adc_common.c.obj
[brox-ish:singleimage] [144/258] Building C object zephyr/drivers/serial/CMakeFiles/drivers__serial.dir/uart_sedi.c.obj
[guren:rw] [279/413] Building C object zephyr/drivers/interrupt_controller/CMakeFiles/drivers__interrupt_controller.dir/intc_miwu.c.obj
[guren:rw] [280/413] Building C object zephyr/drivers/bbram/CMakeFiles/drivers__bbram.dir/bbram_npcx.c.obj
[brox-ish:singleimage] [145/258] Building C object zephyr/drivers/syscon/CMakeFiles/drivers__syscon.dir/mnt/host/source/src/third_party/zephyr/main/misc/empty_file.c.obj
[brox-ish:singleimage] [146/258] Linking C static library zephyr/drivers/syscon/libdrivers__syscon.a
[guren:rw] [281/413] Linking C static library zephyr/drivers/interrupt_controller/libdrivers__interrupt_controller.a
[guren:ro] [146/413] Building C object CMakeFiles/app.dir/guren/src/fan.c.obj
[guren:rw] [282/413] Building C object zephyr/drivers/adc/CMakeFiles/drivers__adc.dir/adc_npcx.c.obj
[guren:rw] [283/413] Linking C static library zephyr/drivers/bbram/libdrivers__bbram.a
[brox-ish:singleimage] [147/258] Building C object zephyr/drivers/serial/CMakeFiles/drivers__serial.dir/mnt/host/source/src/third_party/zephyrproject/modules/hal/intel/bsp_sedi/drivers/usart/sedi_dw_uart.c.obj
[guren:rw] [284/413] Building C object zephyr/drivers/console/CMakeFiles/drivers__console.dir/uart_console.c.obj
[guren:rw] [285/413] Linking C static library zephyr/drivers/adc/libdrivers__adc.a
[brox-ish:singleimage] [148/258] Linking C static library zephyr/drivers/serial/libdrivers__serial.a
[guren:rw] [286/413] Building C object zephyr/drivers/clock_control/CMakeFiles/drivers__clock_control.dir/clock_control_npcx.c.obj
[moonstone-ish:singleimage] [61/263] Building C object CMakeFiles/app.dir/mnt/host/source/src/platform/ec/build/zephyr/moonstone-ish/modules/ec/common/timer.c.obj
[guren:rw] [287/413] Linking C static library zephyr/drivers/clock_control/libdrivers__clock_control.a
[guren:rw] [288/413] Linking C static library zephyr/drivers/console/libdrivers__console.a
[guren:ro] [147/413] Building C object zephyr/CMakeFiles/zephyr.dir/lib/libc/validate_libc.c.obj
[brox-ish:singleimage] [149/258] Building C object zephyr/drivers/timer/CMakeFiles/drivers__timer.dir/sys_clock_init.c.obj
[guren:ro] [148/413] Building C object CMakeFiles/app.dir/guren/src/charger.c.obj
[guren:ro] [149/413] Building C object CMakeFiles/app.dir/guren/src/usbc.c.obj
[brox-ish:singleimage] [150/258] Building C object zephyr/drivers/timer/CMakeFiles/drivers__timer.dir/hpet.c.obj
[brox-ish:singleimage] [151/258] Linking C static library zephyr/drivers/timer/libdrivers__timer.a
[moonstone-ish:singleimage] [62/263] Building C object CMakeFiles/app.dir/mnt/host/source/src/platform/ec/build/zephyr/moonstone-ish/modules/ec/common/vstore.c.obj
[guren:rw] [289/413] Building C object zephyr/drivers/eeprom/CMakeFiles/drivers__eeprom.dir/eeprom_at2x.c.obj
[guren:ro] [150/413] Linking C static library app/libapp.a
[guren:rw] [290/413] Building C object zephyr/drivers/flash/CMakeFiles/drivers__flash.dir/jesd216.c.obj
[guren:rw] [291/413] Linking C static library zephyr/drivers/eeprom/libdrivers__eeprom.a
[guren:ro] [151/413] Building C object zephyr/CMakeFiles/zephyr.dir/lib/heap/heap.c.obj
[guren:rw] [292/413] Building C object zephyr/drivers/espi/CMakeFiles/drivers__espi.dir/host_subs_npcx.c.obj
[guren:rw] [293/413] Building C object zephyr/drivers/espi/CMakeFiles/drivers__espi.dir/espi_npcx.c.obj
[guren:rw] [294/413] Building C object zephyr/drivers/flash/CMakeFiles/drivers__flash.dir/flash_npcx_fiu_qspi.c.obj
[brox-ish:singleimage] [152/258] Building C object modules/ec/zephyr/CMakeFiles/ec_shim.dir/app/ec/ec_app_main.c.obj
[guren:rw] [295/413] Building C object zephyr/drivers/flash/CMakeFiles/drivers__flash.dir/flash_npcx_fiu_nor.c.obj
[guren:rw] [296/413] Linking C static library zephyr/drivers/espi/libdrivers__espi.a
[brox-ish:singleimage] [153/258] Building C object modules/ec/zephyr/CMakeFiles/ec_shim.dir/app/ec/main_shim.c.obj
[guren:rw] [297/413] Linking C static library zephyr/drivers/flash/libdrivers__flash.a
[moonstone-ish:singleimage] [63/263] Building C object CMakeFiles/app.dir/mnt/host/source/src/platform/ec/build/zephyr/moonstone-ish/modules/ec/common/math_util.c.obj
[guren:ro] [152/413] Building C object zephyr/CMakeFiles/zephyr.dir/lib/os/clock.c.obj
[moonstone-ish:singleimage] [64/263] Linking CXX static library app/libapp.a
[guren:ro] [153/413] Building C object zephyr/CMakeFiles/zephyr.dir/lib/os/cbprintf_packaged.c.obj
[guren:ro] [154/413] Building C object zephyr/CMakeFiles/zephyr.dir/lib/os/sem.c.obj
[brox-ish:singleimage] [154/258] Building C object modules/ec/zephyr/CMakeFiles/ec_shim.dir/shim/chip/stub/clock.c.obj
[guren:ro] [155/413] Building C object zephyr/CMakeFiles/zephyr.dir/lib/os/printk.c.obj
[guren:rw] [298/413] Building C object zephyr/drivers/i2c/CMakeFiles/drivers__i2c.dir/i2c_common.c.obj
[brox-ish:singleimage] [155/258] Building C object modules/ec/zephyr/CMakeFiles/ec_shim.dir/shim/src/crc.c.obj
[guren:rw] [299/413] Building C object zephyr/drivers/gpio/CMakeFiles/drivers__gpio.dir/gpio_npcx.c.obj
[brox-ish:singleimage] [156/258] Building C object modules/ec/zephyr/CMakeFiles/ec_shim.dir/shim/src/console.c.obj
[moonstone-ish:singleimage] [65/263] Building C object zephyr/CMakeFiles/zephyr.dir/lib/libc/validate_libc.c.obj
[guren:rw] [300/413] Linking C static library zephyr/drivers/gpio/libdrivers__gpio.a
[guren:rw] [301/413] Building C object zephyr/drivers/i2c/CMakeFiles/drivers__i2c.dir/i2c_shell.c.obj
[guren:rw] [302/413] Building C object zephyr/drivers/i2c/CMakeFiles/drivers__i2c.dir/i2c_npcx_controller_fifo.c.obj
[moonstone-ish:singleimage] [66/263] Building C object zephyr/CMakeFiles/zephyr.dir/lib/cpp/abi/cpp_dtors.c.obj
[guren:rw] [303/413] Building C object zephyr/drivers/i2c/CMakeFiles/drivers__i2c.dir/i2c_npcx_controller.c.obj
[guren:rw] [304/413] Building C object zephyr/drivers/sensor/CMakeFiles/drivers__sensor.dir/mnt/host/source/src/third_party/zephyr/main/misc/empty_file.c.obj
[guren:rw] [305/413] Linking C static library zephyr/drivers/sensor/libdrivers__sensor.a
[guren:rw] [306/413] Building C object zephyr/drivers/i2c/CMakeFiles/drivers__i2c.dir/i2c_npcx_port.c.obj
[brox-ish:singleimage] [157/258] Building C object modules/ec/zephyr/CMakeFiles/ec_shim.dir/shim/src/gpio_int.c.obj
[guren:rw] [307/413] Linking C static library zephyr/drivers/i2c/libdrivers__i2c.a
[guren:ro] [156/413] Building C object zephyr/CMakeFiles/zephyr.dir/lib/os/cbprintf_nano.c.obj
[guren:ro] [157/413] Building C object zephyr/CMakeFiles/zephyr.dir/lib/os/cbprintf.c.obj
[guren:ro] [158/413] Building C object zephyr/CMakeFiles/zephyr.dir/lib/os/assert.c.obj
[guren:rw] [308/413] Building C object zephyr/drivers/pinctrl/CMakeFiles/drivers__pinctrl.dir/common.c.obj
[guren:ro] [159/413] Building C object zephyr/CMakeFiles/zephyr.dir/lib/os/thread_entry.c.obj
[brox-ish:singleimage] [158/258] Building C object modules/ec/zephyr/CMakeFiles/ec_shim.dir/shim/src/gpio.c.obj
[moonstone-ish:singleimage] [67/263] Building C object zephyr/CMakeFiles/zephyr.dir/lib/heap/heap.c.obj
[guren:ro] [160/413] Building C object zephyr/CMakeFiles/zephyr.dir/lib/utils/dec.c.obj
[guren:rw] [309/413] Building C object zephyr/drivers/pinctrl/CMakeFiles/drivers__pinctrl.dir/pinctrl_npcx.c.obj
[guren:ro] [161/413] Building C object zephyr/CMakeFiles/zephyr.dir/lib/utils/hex.c.obj
[guren:ro] [162/413] Building C object zephyr/CMakeFiles/zephyr.dir/lib/utils/timeutil.c.obj
[guren:rw] [310/413] Linking C static library zephyr/drivers/pinctrl/libdrivers__pinctrl.a
[brox-ish:singleimage] [159/258] Building C object modules/ec/zephyr/CMakeFiles/ec_shim.dir/shim/src/panic_utils.c.obj
[guren:rw] [311/413] Building C object zephyr/drivers/pwm/CMakeFiles/drivers__pwm.dir/pwm_npcx.c.obj
[guren:rw] [312/413] Linking C static library zephyr/drivers/pwm/libdrivers__pwm.a
[guren:ro] [163/413] Building C object zephyr/CMakeFiles/zephyr.dir/lib/utils/bitmask.c.obj
[brox-ish:singleimage] [160/258] Building C object modules/ec/zephyr/CMakeFiles/ec_shim.dir/shim/src/pm_state.c.obj
[guren:rw] [313/413] Building C object zephyr/drivers/sensor/nuvoton/nuvoton_tach_npcx/CMakeFiles/drivers__sensor__nuvoton__nuvoton_tach_npcx.dir/tach_nuvoton_npcx.c.obj
[moonstone-ish:singleimage] [68/263] Building C object zephyr/CMakeFiles/zephyr.dir/lib/os/cbprintf_packaged.c.obj
[guren:rw] [314/413] Building C object zephyr/drivers/syscon/CMakeFiles/drivers__syscon.dir/syscon.c.obj
[guren:rw] [315/413] Linking C static library zephyr/drivers/sensor/nuvoton/nuvoton_tach_npcx/libdrivers__sensor__nuvoton__nuvoton_tach_npcx.a
[guren:rw] [316/413] Building C object zephyr/drivers/serial/CMakeFiles/drivers__serial.dir/uart_npcx.c.obj
[guren:rw] [317/413] Building C object zephyr/drivers/sensor/nuvoton/nuvoton_adc_cmp_npcx/CMakeFiles/drivers__sensor__nuvoton__nuvoton_adc_cmp_npcx.dir/adc_cmp_npcx.c.obj
[guren:ro] [164/413] Building C object zephyr/CMakeFiles/zephyr.dir/lib/utils/rb.c.obj
[brox-ish:singleimage] [161/258] Building C object modules/ec/zephyr/CMakeFiles/ec_shim.dir/shim/src/cbi/cros_cbi.c.obj
[guren:rw] [318/413] Linking C static library zephyr/drivers/sensor/nuvoton/nuvoton_adc_cmp_npcx/libdrivers__sensor__nuvoton__nuvoton_adc_cmp_npcx.a
[/mnt/host/source/src/platform/ec/build/zephyr/rauru-lcov]   /mnt/host/source/src/platform/ec/build/zephyr/rauru/build-rw/zephyr/CMakeFiles/zephyr.dir/soc/ite/ec/it8xxx2/check_regs.c.gcno:no functions found
[/mnt/host/source/src/platform/ec/build/zephyr/rauru-lcov] stderr:
[guren:rw] [319/413] Linking C static library zephyr/drivers/serial/libdrivers__serial.a
[guren:rw] [320/413] Linking C static library zephyr/drivers/syscon/libdrivers__syscon.a
[brox-ish:singleimage] [162/258] Building C object modules/ec/zephyr/CMakeFiles/ec_shim.dir/shim/src/ish_system.c.obj
[guren:rw] [321/413] Building C object zephyr/drivers/timer/CMakeFiles/drivers__timer.dir/sys_clock_init.c.obj
[guren:ro] [165/413] Building C object zephyr/CMakeFiles/zephyr.dir/lib/utils/bitarray.c.obj
[guren:ro] [166/413] Building C object zephyr/CMakeFiles/zephyr.dir/lib/utils/getopt/getopt.c.obj
[guren:ro] [167/413] Building C object zephyr/CMakeFiles/zephyr.dir/lib/utils/ring_buffer.c.obj
[guren:ro] [168/413] Building C object zephyr/CMakeFiles/zephyr.dir/lib/utils/last_section_id.c.obj
[guren:ro] [169/413] Building C object zephyr/CMakeFiles/zephyr.dir/misc/generated/configs.c.obj
[guren:ro] [170/413] Building C object zephyr/CMakeFiles/zephyr.dir/lib/utils/getopt/getopt_common.c.obj
[moonstone-ish:singleimage] [69/263] Building C object zephyr/CMakeFiles/zephyr.dir/lib/os/clock.c.obj
[guren:rw] [322/413] Building C object zephyr/drivers/timer/CMakeFiles/drivers__timer.dir/npcx_itim_timer.c.obj
[guren:rw] [323/413] Linking C static library zephyr/drivers/timer/libdrivers__timer.a
[brox-ish:singleimage] [163/258] Building C object modules/ec/zephyr/CMakeFiles/ec_shim.dir/shim/src/hooks.c.obj
[brox-ish:singleimage] [164/258] Building C object modules/ec/zephyr/CMakeFiles/ec_shim.dir/shim/src/host_command.c.obj
[guren:rw] [324/413] Building C object zephyr/drivers/watchdog/CMakeFiles/drivers__watchdog.dir/wdt_npcx.c.obj
[guren:rw] [325/413] Linking C static library zephyr/drivers/watchdog/libdrivers__watchdog.a
[guren:rw] [326/413] Building C object modules/ec/zephyr/CMakeFiles/ec_shim.dir/app/ec/main_shim.c.obj
[moonstone-ish:singleimage] [70/263] Building C object zephyr/CMakeFiles/zephyr.dir/lib/os/printk.c.obj
[brox-ish:singleimage] [165/258] Building C object modules/ec/zephyr/CMakeFiles/ec_shim.dir/shim/src/mkbp_event.c.obj
[guren:ro] [171/413] Building C object zephyr/CMakeFiles/zephyr.dir/soc/nuvoton/npcx/common/power.c.obj
[brox-ish:singleimage] [166/258] Building C object modules/ec/zephyr/CMakeFiles/ec_shim.dir/shim/src/console_buffer.c.obj
[guren:rw] [327/413] Building C object modules/ec/zephyr/CMakeFiles/ec_shim.dir/drivers/cros_kb_raw/cros_kb_raw_npcx.c.obj
[guren:ro] [172/413] Building C object zephyr/CMakeFiles/zephyr.dir/soc/nuvoton/npcx/common/scfg.c.obj
[guren:rw] [328/413] Building C object modules/ec/zephyr/CMakeFiles/ec_shim.dir/drivers/cros_flash/cros_flash_npcx.c.obj
[guren:ro] [173/413] Building C object zephyr/CMakeFiles/zephyr.dir/soc/nuvoton/npcx/common/npcxn/registers.c.obj
[guren:rw] [329/413] Building C object modules/ec/zephyr/CMakeFiles/ec_shim.dir/app/ec/ec_app_main.c.obj
[guren:ro] [174/413] Building C object zephyr/CMakeFiles/zephyr.dir/soc/nuvoton/npcx/npcx9/soc.c.obj
[moonstone-ish:singleimage] [71/263] Building C object zephyr/CMakeFiles/zephyr.dir/lib/os/sem.c.obj
[/mnt/host/source/src/platform/ec/build/zephyr/rauru-lcov]   /mnt/host/source/src/platform/ec/build/zephyr/rauru/build-rw/zephyr/drivers/sensor/CMakeFiles/drivers__sensor.dir/mnt/host/source/src/third_party/zephyr/main/misc/empty_file.c.gcno:no functions found
[/mnt/host/source/src/platform/ec/build/zephyr/rauru-lcov] stderr:
[brox-ish:singleimage] [167/258] Building C object modules/ec/zephyr/CMakeFiles/ec_shim.dir/shim/src/motionsense_sensors.c.obj
[brox-ish:singleimage] [168/258] Building C object modules/ec/zephyr/CMakeFiles/ec_shim.dir/shim/src/hwtimer.c.obj
[guren:rw] [330/413] Building C object modules/ec/zephyr/CMakeFiles/ec_shim.dir/drivers/cros_kblight/pwm_kblight.c.obj
[guren:rw] [331/413] Building C object modules/ec/zephyr/CMakeFiles/ec_shim.dir/drivers/cros_system/cros_system_npcx.c.obj
[guren:rw] [332/413] Building C object modules/ec/zephyr/CMakeFiles/ec_shim.dir/drivers/vivaldi_kbd/vivaldi_kbd.c.obj
[guren:ro] [175/413] Building C object zephyr/CMakeFiles/zephyr.dir/subsys/mem_mgmt/mem_attr.c.obj
[guren:ro] [176/413] Building C object zephyr/CMakeFiles/zephyr.dir/subsys/logging/log_minimal.c.obj
[moonstone-ish:singleimage] [72/263] Building C object zephyr/CMakeFiles/zephyr.dir/lib/os/thread_entry.c.obj
[guren:ro] [177/413] Building C object zephyr/CMakeFiles/zephyr.dir/subsys/pm/state.c.obj
[guren:ro] [178/413] Building C object zephyr/CMakeFiles/zephyr.dir/subsys/pm/pm.c.obj
[brox-ish:singleimage] [169/258] Building C object modules/ec/zephyr/CMakeFiles/ec_shim.dir/shim/src/i2c.c.obj
[guren:rw] [333/413] Building C object modules/ec/zephyr/CMakeFiles/ec_shim.dir/shim/chip/npcx/clock.c.obj
[guren:rw] [334/413] Building C object modules/ec/zephyr/CMakeFiles/ec_shim.dir/shim/chip/npcx/rom_chip.c.obj
[brox-ish:singleimage] [170/258] Building C object modules/ec/zephyr/CMakeFiles/ec_shim.dir/shim/src/tasks.c.obj
[moonstone-ish:singleimage] [73/263] Building C object zephyr/CMakeFiles/zephyr.dir/lib/os/cbprintf_complete.c.obj
[brox-ish:singleimage] [171/258] Building C object modules/ec/zephyr/CMakeFiles/ec_shim.dir/shim/src/usbc_stub.c.obj
[guren:rw] [335/413] Building C object modules/ec/zephyr/CMakeFiles/ec_shim.dir/shim/chip/npcx/keyboard_raw.c.obj
[guren:ro] [179/413] Building C object zephyr/CMakeFiles/zephyr.dir/subsys/pm/policy/policy_events.c.obj
[guren:rw] [336/413] Building C object modules/ec/zephyr/CMakeFiles/ec_shim.dir/shim/chip/npcx/system.c.obj
[brox-ish:singleimage] [172/258] cd /mnt/host/source/src/platform/ec/build/zephyr/brox-ish/build-singleimage/modules/ec/zephyr && PYTHONPATH=/mnt/host/source/src/platform/ec/build/zephyr/brox-ish/modules/ec/zephyr/zmake/ /usr/bin/python3.11 /mnt/host/source/src/platform/ec/build/zephyr/brox-ish/modules/ec/zephyr/zmake/zephyr_build_tools/generate_ec_version.py /mnt/host/source/src/platform/ec/build/zephyr/brox-ish/build-singleimage/modules/ec/zephyr/include/ec_version.h --name Zephyr-Kernel --version 16543.0.0 --static
[brox-ish:singleimage] INFO:root:Using a static version string
[guren:ro] [180/413] Building C object zephyr/CMakeFiles/zephyr.dir/subsys/pm/policy/policy_latency.c.obj
[guren:ro] [181/413] Building C object zephyr/CMakeFiles/zephyr.dir/subsys/pm/policy/policy_state_lock.c.obj
[guren:rw] [337/413] Building C object modules/ec/zephyr/CMakeFiles/ec_shim.dir/shim/chip/npcx/gpio.c.obj
[guren:rw] [338/413] Building C object modules/ec/zephyr/CMakeFiles/ec_shim.dir/shim/chip/npcx/system_external_storage.c.obj
[moonstone-ish:singleimage] [74/263] Building C object zephyr/CMakeFiles/zephyr.dir/lib/os/assert.c.obj
[brox-ish:singleimage] INFO:root:Version string: Zephyr-Kernel-16543.0.0
[brox-ish:singleimage] INFO:root:Writing header to /mnt/host/source/src/platform/ec/build/zephyr/brox-ish/build-singleimage/modules/ec/zephyr/include/ec_version.h
[brox-ish:singleimage] [173/258] Building C object modules/ec/zephyr/CMakeFiles/ec_shim.dir/shim/src/host_command_heci.c.obj
[guren:ro] [182/413] Building C object zephyr/CMakeFiles/zephyr.dir/subsys/pm/device.c.obj
[guren:rw] [339/413] Building C object modules/ec/zephyr/CMakeFiles/ec_shim.dir/shim/chip/npcx/system_download_from_flash.c.obj
[guren:rw] [340/413] Building C object modules/ec/zephyr/CMakeFiles/ec_shim.dir/shim/src/crc.c.obj
[guren:rw] [341/413] Building C object modules/ec/zephyr/CMakeFiles/ec_shim.dir/shim/chip/npcx/power_policy.c.obj
[brox-ish:singleimage] [174/258] Building C object CMakeFiles/app.dir/mnt/host/source/src/platform/ec/zephyr/subsys/ap_pwrseq/ap_events.c.obj
[brox-ish:singleimage] [175/258] Building C object CMakeFiles/app.dir/mnt/host/source/src/platform/ec/build/zephyr/brox-ish/modules/ec/builtin/stdlib.c.obj
[moonstone-ish:singleimage] [75/263] Building C object zephyr/CMakeFiles/zephyr.dir/lib/os/mpsc_pbuf.c.obj
[guren:ro] [183/413] Building C object zephyr/CMakeFiles/zephyr.dir/subsys/pm/device_system_managed.c.obj
[guren:rw] [342/413] Building C object modules/ec/zephyr/CMakeFiles/ec_shim.dir/shim/core/cortex-m/mpu.c.obj
[guren:ro] [184/413] Building C object zephyr/CMakeFiles/zephyr.dir/subsys/testsuite/coverage/coverage.c.obj
[guren:ro] [185/413] Building C object zephyr/CMakeFiles/zephyr.dir/subsys/tracing/tracing_none.c.obj
[guren:rw] [343/413] Building C object modules/ec/zephyr/CMakeFiles/ec_shim.dir/shim/core/cortex-m/panic.c.obj
[guren:ro] [186/413] Building C object zephyr/CMakeFiles/zephyr.dir/subsys/shell/modules/kernel_service/kernel_shell.c.obj
[brox-ish:singleimage] [176/258] Building C object CMakeFiles/app.dir/mnt/host/source/src/platform/ec/build/zephyr/brox-ish/modules/ec/common/base32.c.obj
[moonstone-ish:singleimage] [76/263] Building C object zephyr/CMakeFiles/zephyr.dir/lib/os/reboot.c.obj
[guren:rw] [344/413] Building C object modules/ec/zephyr/CMakeFiles/ec_shim.dir/shim/src/console.c.obj
[brox-ish:singleimage] [177/258] Building C object CMakeFiles/app.dir/mnt/host/source/src/platform/ec/build/zephyr/brox-ish/modules/ec/common/console_output.c.obj
[guren:rw] [345/413] Building C object modules/ec/zephyr/CMakeFiles/ec_shim.dir/shim/src/gpio.c.obj
[guren:rw] [346/413] Building C object modules/ec/zephyr/CMakeFiles/ec_shim.dir/shim/src/gpio_int.c.obj
[guren:rw] [347/413] Building C object modules/ec/zephyr/CMakeFiles/ec_shim.dir/shim/src/panic_utils.c.obj
[moonstone-ish:singleimage] [77/263] Building C object zephyr/CMakeFiles/zephyr.dir/lib/utils/dec.c.obj
[guren:ro] [187/413] Building C object zephyr/CMakeFiles/zephyr.dir/subsys/shell/modules/kernel_service/cycles.c.obj
[guren:ro] [188/413] Building C object zephyr/CMakeFiles/zephyr.dir/subsys/shell/modules/kernel_service/uptime.c.obj
[brox-ish:singleimage] [178/258] Building C object CMakeFiles/app.dir/mnt/host/source/src/platform/ec/build/zephyr/brox-ish/modules/ec/common/ec_features.c.obj
[guren:ro] [189/413] Building C object zephyr/CMakeFiles/zephyr.dir/subsys/shell/modules/kernel_service/sleep.c.obj
[guren:ro] [190/413] Building C object zephyr/CMakeFiles/zephyr.dir/subsys/shell/modules/kernel_service/version.c.obj
[guren:rw] [348/413] Building C object modules/ec/zephyr/CMakeFiles/ec_shim.dir/shim/src/cbi/cros_cbi.c.obj
[moonstone-ish:singleimage] [78/263] Building C object zephyr/CMakeFiles/zephyr.dir/lib/utils/hex.c.obj
[guren:rw] [349/413] Building C object modules/ec/zephyr/CMakeFiles/ec_shim.dir/shim/src/pm_state.c.obj
[sanok:rw] -- Performing EC specific devicetree checks
[brox-ish:singleimage] [179/258] Building C object CMakeFiles/app.dir/mnt/host/source/src/platform/ec/build/zephyr/brox-ish/modules/ec/common/gpio_commands.c.obj
[sanok:rw] warning: Deprecated symbol POSIX_READER_WRITER_LOCKS is enabled.
[sanok:rw] warning: Deprecated symbol REQUIRES_STD_C99 is enabled.
[sanok:rw] warning: Deprecated symbol REQUIRES_STD_C11 is enabled.
[sanok:rw] warning: Deprecated symbol STD_C11 is enabled.
[sanok:rw] INFO: Verified 0 GPIOs, no duplicates found
[sanok:rw] INFO: Verified 2 '*-gpios' properties, all flags match.
[sanok:rw] INFO: Skipped 1 named-gpios children.
[guren:rw] [350/413] Building C object modules/ec/zephyr/CMakeFiles/ec_shim.dir/shim/src/cbi/cros_cbi_fw_config.c.obj
[brox-ish:singleimage] [180/258] Building C object CMakeFiles/app.dir/mnt/host/source/src/platform/ec/build/zephyr/brox-ish/modules/ec/common/peripheral.c.obj
[guren:rw] [351/413] Building C object modules/ec/zephyr/CMakeFiles/ec_shim.dir/shim/src/cbi/cros_cbi_ssfc.c.obj
[guren:rw] [352/413] Building C object modules/ec/zephyr/CMakeFiles/ec_shim.dir/shim/src/cbi/cbi_eeprom.c.obj
[moonstone-ish:singleimage] [79/263] Building C object zephyr/CMakeFiles/zephyr.dir/lib/utils/rb.c.obj
[guren:rw] [353/413] Building ASM object modules/ec/zephyr/CMakeFiles/ec_shim.dir/shim/src/libgcc_arm.S.obj
[/mnt/host/source/src/platform/ec/build/zephyr/rauru-lcov]   /mnt/host/source/src/platform/ec/build/zephyr/rauru/build-rw/zephyr/drivers/syscon/CMakeFiles/drivers__syscon.dir/mnt/host/source/src/third_party/zephyr/main/misc/empty_file.c.gcno:no functions found
[/mnt/host/source/src/platform/ec/build/zephyr/rauru-lcov] Filter suppressions 'region':
[guren:rw] [354/413] Building C object modules/ec/zephyr/CMakeFiles/ec_shim.dir/shim/src/led_driver/led.c.obj
[guren:ro] [191/413] Building C object zephyr/CMakeFiles/zephyr.dir/subsys/shell/modules/kernel_service/thread/thread.c.obj
[brox-ish:singleimage] [181/258] Building C object CMakeFiles/app.dir/mnt/host/source/src/platform/ec/build/zephyr/brox-ish/modules/ec/common/printf.c.obj
[/mnt/host/source/src/platform/ec/build/zephyr/rauru-lcov]     34 instances
[/mnt/host/source/src/platform/ec/build/zephyr/rauru-lcov]     22 coverpoints
[/mnt/host/source/src/platform/ec/build/zephyr/rauru-lcov] Message summary:
[/mnt/host/source/src/platform/ec/build/zephyr/rauru-lcov]   35 ignore messages:
[/mnt/host/source/src/platform/ec/build/zephyr/rauru-lcov]     gcov: 35
[sanok:ro] Configuring.
Running `env -i PYTHONPATH=/usr/lib64/python-exec/python3.11:/mnt/host/source/src/platform/ec/zephyr/zmake:/usr/lib/python311.zip:/usr/lib/python3.11:/usr/lib/python3.11/lib-dynload:/usr/lib/python3.11/site-packages PW_PIGWEED_CIPD_INSTALL_DIR=/usr CROSTC_USER_ACKNOWLEDGES_THAT_RISCV_IS_EXPERIMENTAL=1 PATH=/mnt/host/source/chromite/bin:/usr/local/bin:/usr/bin:/bin:/opt/bin:/mnt/host/source/chromite/sdk/bin:/mnt/host/source/chromite/bin HOME=/home/jpmurphy JAVA_HOME=/etc/java-config-2/current-system-vm JDK_HOME=/etc/java-config-2/current-system-vm JAVAC=/etc/java-config-2/current-system-vm/bin/javac MAKEFLAGS=' -j16 --jobserver-auth=5,6' /usr/bin/cmake -S /mnt/host/source/src/platform/ec/zephyr/program/fpmcu -B /mnt/host/source/src/platform/ec/build/zephyr/sanok/build-ro -GNinja -DCMAKE_EXPORT_COMPILE_COMMANDS=ON -DZEPHYR_BASE=/mnt/host/source/src/third_party/zephyr/main -DZMAKE_INCLUDE_DIR=/mnt/host/source/src/platform/ec/build/zephyr/sanok/include -DPython3_EXECUTABLE=/usr/bin/python3.11 -DDTS_ROOT=/mnt/host/source/src/platform/ec/zephyr -DSYSCALL_INCLUDE_DIRS=/mnt/host/source/src/platform/ec/zephyr/include/drivers -DUSER_CACHE_DIR=/mnt/host/source/src/platform/ec/build/zephyr/user-cache '-DEXTRA_EC_VERSION_FLAGS=--version 16543.0.0 --static' -DTOOLCHAIN_ROOT=/mnt/host/source/src/platform/ec/zephyr -DZEPHYR_TOOLCHAIN_VARIANT=llvm '-DZEPHYR_MODULES=/mnt/host/source/src/platform/ec/build/zephyr/sanok/modules/ec;/mnt/host/source/src/platform/ec/build/zephyr/sanok/modules/hal_egis;/mnt/host/source/src/platform/ec/build/zephyr/sanok/modules/egis_module;/mnt/host/source/src/platform/ec/build/zephyr/sanok/modules/egis' -DDTC_OVERLAY_FILE=/mnt/host/source/src/platform/ec/zephyr/program/fpmcu/et171/sanok.dts -DBOARD=egis_et171 -DCMAKE_C_FLAGS=-DSECTION_IS_RO '-DCONF_FILE=/mnt/host/source/src/platform/ec/zephyr/program/fpmcu/prj.conf;/mnt/host/source/src/platform/ec/zephyr/program/fpmcu/et171/prj.conf;/mnt/host/source/src/platform/ec/zephyr/program/fpmcu/et171/sanok.conf;/mnt/host/source/src/platform/ec/build/zephyr/sanok/kconfig-ro.conf'`
[sanok:ro] Loading Zephyr default modules (Zephyr base (cached)).
[sanok:ro] -- Application: /mnt/host/source/src/platform/ec/zephyr/program/fpmcu
[sanok:ro] -- CMake version: 3.31.7
[guren:ro] [192/413] Building C object zephyr/CMakeFiles/zephyr.dir/subsys/shell/modules/kernel_service/thread/stacks.c.obj
[guren:ro] [193/413] Building C object zephyr/CMakeFiles/zephyr.dir/subsys/shell/modules/kernel_service/thread/list.c.obj
[guren:ro] [194/413] Building C object zephyr/CMakeFiles/zephyr.dir/subsys/shell/modules/kernel_service/thread/suspend.c.obj
[brox-ish:singleimage] [182/258] Building C object CMakeFiles/app.dir/mnt/host/source/src/platform/ec/build/zephyr/brox-ish/modules/ec/common/queue.c.obj
[guren:rw] [355/413] Building C object modules/ec/zephyr/CMakeFiles/ec_shim.dir/shim/src/led_driver/led_gpio.c.obj
[moonstone-ish:singleimage] [80/263] Building C object zephyr/CMakeFiles/zephyr.dir/lib/utils/timeutil.c.obj
[guren:rw] [356/413] Building C object modules/ec/zephyr/CMakeFiles/ec_shim.dir/shim/src/system.c.obj
[sanok:ro] -- Found Python3: /usr/bin/python3.11 (found suitable version "3.11.11", minimum required is "3.10") found components: Interpreter
[sanok:ro] -- Cache files will be written to: /mnt/host/source/src/platform/ec/build/zephyr/user-cache
[sanok:ro] -- Zephyr version: 4.3.99 (/mnt/host/source/src/third_party/zephyr/main)
[/mnt/host/source/src/platform/ec/build/zephyr/yavilla-lcov]   /mnt/host/source/src/platform/ec/build/zephyr/yavilla/build-rw/CMakeFiles/app.dir/mnt/host/source/src/platform/ec/build/zephyr/yavilla/modules/ec/common/usb_pd_pdo.c.gcno:no functions found
[/mnt/host/source/src/platform/ec/build/zephyr/yavilla-lcov] stderr:
[brox-ish:singleimage] [183/258] Building C object CMakeFiles/app.dir/mnt/host/source/src/platform/ec/build/zephyr/brox-ish/modules/ec/common/system.c.obj
[guren:rw] [357/413] Building C object modules/ec/zephyr/CMakeFiles/ec_shim.dir/shim/src/battery.c.obj
[guren:ro] [195/413] Building C object zephyr/CMakeFiles/zephyr.dir/subsys/shell/modules/kernel_service/thread/kill.c.obj
[brox-ish:singleimage] [184/258] Building C object CMakeFiles/app.dir/mnt/host/source/src/platform/ec/build/zephyr/brox-ish/modules/ec/common/system_boot_time.c.obj
[guren:ro] [196/413] Building C object zephyr/CMakeFiles/zephyr.dir/subsys/shell/modules/kernel_service/thread/resume.c.obj
[guren:rw] [358/413] Building C object modules/ec/zephyr/CMakeFiles/ec_shim.dir/shim/src/adc.c.obj
[guren:rw] [359/413] Building C object modules/ec/zephyr/CMakeFiles/ec_shim.dir/shim/src/charger.c.obj
[guren:rw] [360/413] Building C object modules/ec/zephyr/CMakeFiles/ec_shim.dir/shim/src/chipset_api.c.obj
[guren:ro] [197/413] Building C object zephyr/CMakeFiles/zephyr.dir/subsys/shell/backends/shell_uart.c.obj
[moonstone-ish:singleimage] [81/263] Building C object zephyr/CMakeFiles/zephyr.dir/lib/utils/bitarray.c.obj
[guren:ro] [198/413] Building C object zephyr/CMakeFiles/zephyr.dir/subsys/shell/shell.c.obj
[moonstone-ish:singleimage] [82/263] Building C object zephyr/CMakeFiles/zephyr.dir/lib/utils/bitmask.c.obj
[brox-ish:singleimage] [185/258] Building C object CMakeFiles/app.dir/mnt/host/source/src/platform/ec/build/zephyr/brox-ish/modules/ec/common/uart_printf.c.obj
[guren:rw] [361/413] Building C object modules/ec/zephyr/CMakeFiles/ec_shim.dir/shim/src/espi.c.obj
[brox-ish:singleimage] [186/258] Building C object CMakeFiles/app.dir/mnt/host/source/src/platform/ec/build/zephyr/brox-ish/modules/ec/common/util.c.obj
[guren:rw] [362/413] Building C object modules/ec/zephyr/CMakeFiles/ec_shim.dir/shim/src/fan.c.obj
[guren:ro] [199/413] Building C object zephyr/CMakeFiles/zephyr.dir/subsys/shell/shell_fprintf.c.obj
[guren:ro] [200/413] Building C object zephyr/CMakeFiles/zephyr.dir/subsys/shell/shell_utils.c.obj
[moonstone-ish:singleimage] [83/263] Building C object zephyr/CMakeFiles/zephyr.dir/lib/utils/getopt/getopt.c.obj
[guren:rw] [363/413] Building C object modules/ec/zephyr/CMakeFiles/ec_shim.dir/shim/src/flash.c.obj
[brox-ish:singleimage] [187/258] Building C object CMakeFiles/app.dir/mnt/host/source/src/platform/ec/build/zephyr/brox-ish/modules/ec/common/version.c.obj
[guren:ro] [201/413] Building C object zephyr/CMakeFiles/zephyr.dir/subsys/shell/shell_ops.c.obj
[guren:ro] [202/413] Building C object zephyr/CMakeFiles/zephyr.dir/subsys/shell/shell_history.c.obj
[guren:rw] [364/413] Building C object modules/ec/zephyr/CMakeFiles/ec_shim.dir/shim/src/host_command.c.obj
[guren:rw] [365/413] Building C object modules/ec/zephyr/CMakeFiles/ec_shim.dir/shim/src/console_buffer.c.obj
[sanok:ro] -- Board: egis_et171, qualifiers: et171
[guren:rw] [366/413] Building C object modules/ec/zephyr/CMakeFiles/ec_shim.dir/shim/src/hooks.c.obj
[brox-ish:singleimage] [188/258] Building C object CMakeFiles/app.dir/mnt/host/source/src/platform/ec/build/zephyr/brox-ish/modules/ec/driver/accel_bma4xx.c.obj
[moonstone-ish:singleimage] [84/263] Building C object zephyr/CMakeFiles/zephyr.dir/lib/utils/getopt/getopt_common.c.obj
[guren:rw] [367/413] Building C object modules/ec/zephyr/CMakeFiles/ec_shim.dir/shim/src/keyboard_raw.c.obj
[guren:ro] [203/413] Building C object zephyr/arch/common/CMakeFiles/arch__common.dir/init.c.obj
[brox-ish:singleimage] [189/258] Building C object CMakeFiles/app.dir/mnt/host/source/src/platform/ec/build/zephyr/brox-ish/modules/ec/common/motion_sense_fifo.c.obj
[guren:ro] [204/413] Building C object zephyr/CMakeFiles/zephyr.dir/drivers/flash/flash_util.c.obj
[guren:ro] [205/413] Building C object zephyr/arch/common/CMakeFiles/arch__common.dir/sw_isr_common.c.obj
[guren:rw] [368/413] Building C object modules/ec/zephyr/CMakeFiles/ec_shim.dir/shim/src/mkbp_event.c.obj
[moonstone-ish:singleimage] [85/263] Building C object zephyr/CMakeFiles/zephyr.dir/lib/utils/ring_buffer.c.obj
[guren:ro] [206/413] Linking C static library zephyr/libzephyr.a
[brox-ish:singleimage] [190/258] Building C object CMakeFiles/app.dir/mnt/host/source/src/platform/ec/build/zephyr/brox-ish/modules/ec/common/cbi_common.c.obj
[guren:rw] [369/413] Building C object modules/ec/zephyr/CMakeFiles/ec_shim.dir/shim/src/motionsense_sensors.c.obj
[guren:rw] [370/413] Building C object modules/ec/zephyr/CMakeFiles/ec_shim.dir/shim/src/panic.c.obj
[moonstone-ish:singleimage] [86/263] Building C object zephyr/CMakeFiles/zephyr.dir/misc/generated/configs.c.obj
[guren:ro] [207/413] Building C object zephyr/arch/common/CMakeFiles/arch__common.dir/xip.c.obj
[guren:rw] [371/413] Building C object modules/ec/zephyr/CMakeFiles/ec_shim.dir/shim/src/temp_sensors.c.obj
[guren:rw] [372/413] Building C object modules/ec/zephyr/CMakeFiles/ec_shim.dir/shim/src/pwm_hc.c.obj
[guren:ro] [208/413] Building ASM object zephyr/arch/arch/arm/core/CMakeFiles/arch__arm__core.dir/nmi_on_reset.S.obj
[brox-ish:singleimage] [191/258] Building C object CMakeFiles/app.dir/mnt/host/source/src/platform/ec/build/zephyr/brox-ish/modules/ec/common/cbi.c.obj
[brox-ish:singleimage] [192/258] Building C object CMakeFiles/app.dir/mnt/host/source/src/platform/ec/build/zephyr/brox-ish/modules/ec/common/cbi_config.c.obj
[moonstone-ish:singleimage] [87/263] Building C object zephyr/CMakeFiles/zephyr.dir/soc/intel/intel_ish/intel_ish5/soc.c.obj
[guren:rw] [373/413] Building C object modules/ec/zephyr/CMakeFiles/ec_shim.dir/shim/src/thermal.c.obj
[guren:ro] [209/413] Building C object zephyr/arch/arch/arm/core/CMakeFiles/arch__arm__core.dir/fatal.c.obj
[guren:ro] [210/413] Building C object zephyr/arch/common/CMakeFiles/isr_tables.dir/isr_tables.c.obj
[guren:ro] [211/413] Building C object zephyr/arch/arch/arm/core/CMakeFiles/arch__arm__core.dir/nmi.c.obj
[guren:rw] [374/413] Building C object modules/ec/zephyr/CMakeFiles/ec_shim.dir/shim/src/hwtimer.c.obj
[guren:ro] [212/413] Linking C static library zephyr/arch/common/libisr_tables.a
[guren:ro] [213/413] Linking C static library zephyr/arch/arch/arm/core/libarch__arm__core.a
[guren:ro] [214/413] Linking C static library zephyr/arch/common/libarch__common.a
[moonstone-ish:singleimage] [88/263] Building C object zephyr/CMakeFiles/zephyr.dir/soc/intel/intel_ish/intel_ish5/pm/power.c.obj
[sanok:ro] -- Found Dtc: /usr/bin/dtc (found suitable version "1.6.0", minimum required is "1.4.6")
[guren:ro] [215/413] Building ASM object zephyr/arch/arch/arm/core/cortex_m/CMakeFiles/arch__arm__core__cortex_m.dir/fault_s.S.obj
[sanok:ro] -- Found BOARD.dts: /mnt/host/source/src/third_party/zephyr/main/boards/egis/egis_et171/egis_et171.dts
[sanok:ro] -- Found devicetree overlay: /mnt/host/source/src/platform/ec/zephyr/program/fpmcu/et171/sanok.dts
[brox-ish:singleimage] [193/258] Building C object CMakeFiles/app.dir/mnt/host/source/src/platform/ec/build/zephyr/brox-ish/modules/ec/common/memory_commands.c.obj
[brox-ish:singleimage] [194/258] Building C object CMakeFiles/app.dir/mnt/host/source/src/platform/ec/build/zephyr/brox-ish/modules/ec/common/cbi_gpio.c.obj
[guren:rw] [375/413] Building C object modules/ec/zephyr/CMakeFiles/ec_shim.dir/shim/src/i2c.c.obj
[guren:ro] [216/413] Building C object zephyr/arch/arch/arm/core/cortex_m/CMakeFiles/arch__arm__core__cortex_m.dir/exc_exit.c.obj
[guren:rw] [376/413] Building C object modules/ec/zephyr/CMakeFiles/ec_shim.dir/shim/src/usba.c.obj
[guren:rw] [377/413] Building C object modules/ec/zephyr/CMakeFiles/ec_shim.dir/shim/src/tasks.c.obj
[guren:rw] [378/413] Building C object modules/ec/zephyr/CMakeFiles/ec_shim.dir/shim/src/watchdog.c.obj
[guren:ro] [217/413] Building C object zephyr/arch/arch/arm/core/cortex_m/CMakeFiles/arch__arm__core__cortex_m.dir/fault.c.obj
[brox-ish:singleimage] [195/258] Building C object CMakeFiles/app.dir/mnt/host/source/src/platform/ec/build/zephyr/brox-ish/modules/ec/common/host_command.c.obj
[guren:rw] [379/413] Building C object modules/ec/zephyr/CMakeFiles/ec_shim.dir/shim/src/power_host_sleep_api.c.obj
[moonstone-ish:singleimage] [89/263] Building C object zephyr/CMakeFiles/zephyr.dir/subsys/logging/log_core.c.obj
[guren:ro] [218/413] Building C object zephyr/arch/arch/arm/core/cortex_m/CMakeFiles/arch__arm__core__cortex_m.dir/fpu.c.obj
[brox-ish:singleimage] [196/258] Building C object CMakeFiles/app.dir/mnt/host/source/src/platform/ec/build/zephyr/brox-ish/modules/ec/common/ap_reset_log.c.obj
[guren:ro] [219/413] Building ASM object zephyr/arch/arch/arm/core/cortex_m/CMakeFiles/arch__arm__core__cortex_m.dir/reset.S.obj
[guren:rw] [380/413] Building C object modules/ec/zephyr/CMakeFiles/ec_shim.dir/shim/src/usb_muxes.c.obj
[guren:ro] [220/413] Building C object zephyr/arch/arch/arm/core/cortex_m/CMakeFiles/arch__arm__core__cortex_m.dir/scb.c.obj
[sanok:rw] -- warning_base_override: -Wall;-Wformat;-Wformat-security;-Wno-format-zero-length;-Wno-unused-but-set-variable;-Wno-typedef-redefinition;-Wno-deprecated-non-prototype;-Wno-pointer-sign;-Wpointer-arith;-Wno-main;-Wno-unknown-warning-option;-Wno-arm-interrupt-vfp-clobber;-Wno-extra
[guren:rw] [381/413] Building C object zephyr/kernel/CMakeFiles/kernel.dir/main_weak.c.obj
[guren:rw] [382/413] Building C object zephyr/kernel/CMakeFiles/kernel.dir/banner.c.obj
[guren:rw] [383/413] Linking C static library modules/ec/zephyr/libec_shim.a
[sanok:ro] -- Generated zephyr.dts: /mnt/host/source/src/platform/ec/build/zephyr/sanok/build-ro/zephyr/zephyr.dts
[brox-ish:singleimage] [197/258] Building C object CMakeFiles/app.dir/mnt/host/source/src/platform/ec/build/zephyr/brox-ish/modules/ec/common/host_command_task.c.obj
[guren:ro] [221/413] Building ASM object zephyr/arch/arch/arm/core/cortex_m/CMakeFiles/arch__arm__core__cortex_m.dir/vector_table.S.obj
[guren:rw] [384/413] Building C object zephyr/kernel/CMakeFiles/kernel.dir/busy_wait.c.obj
[moonstone-ish:singleimage] [90/263] Building C object zephyr/CMakeFiles/zephyr.dir/subsys/logging/log_mgmt.c.obj
[guren:rw] [385/413] Building C object zephyr/kernel/CMakeFiles/kernel.dir/device.c.obj
[sanok:ro] -- Generated pickled edt: /mnt/host/source/src/platform/ec/build/zephyr/sanok/build-ro/zephyr/edt.pickle
[sanok:ro] -- Generated devicetree_generated.h: /mnt/host/source/src/platform/ec/build/zephyr/sanok/build-ro/zephyr/include/generated/zephyr/devicetree_generated.h
[sanok:rw] CMake Warning (dev) at /usr/share/cmake/Modules/GNUInstallDirs.cmake:253 (message):
[sanok:rw]   Unable to determine default CMAKE_INSTALL_LIBDIR directory because no
[sanok:rw]   target architecture is known.  Please enable at least one language before
[sanok:rw]   including GNUInstallDirs.
[sanok:rw] Call Stack (most recent call first):
[sanok:rw]   /mnt/host/source/src/third_party/boringssl/CMakeLists.txt:25 (include)
[sanok:rw] This warning is for project developers.  Use -Wno-dev to suppress it.
[brox-ish:singleimage] [198/258] Building C object CMakeFiles/app.dir/mnt/host/source/src/platform/ec/build/zephyr/brox-ish/modules/ec/common/host_event_commands.c.obj
[guren:rw] [386/413] Building C object zephyr/kernel/CMakeFiles/kernel.dir/errno.c.obj
[guren:ro] [222/413] Building C object zephyr/arch/arch/arm/core/cortex_m/CMakeFiles/arch__arm__core__cortex_m.dir/thread_abort.c.obj
[guren:rw] [387/413] Building C object zephyr/kernel/CMakeFiles/kernel.dir/version.c.obj
[brox-ish:singleimage] [199/258] Building C object CMakeFiles/app.dir/mnt/host/source/src/platform/ec/build/zephyr/brox-ish/modules/ec/common/uart_hostcmd.c.obj
[moonstone-ish:singleimage] [91/263] Building C object zephyr/CMakeFiles/zephyr.dir/subsys/logging/log_cache.c.obj
[guren:ro] [223/413] Building ASM object zephyr/arch/arch/arm/core/cortex_m/CMakeFiles/arch__arm__core__cortex_m.dir/swap_helper.S.obj
[sanok:rw] -- Found gen_kobject_list: /mnt/host/source/src/third_party/zephyr/main/scripts/build/gen_kobject_list.py
[guren:ro] [224/413] Building C object zephyr/arch/arch/arm/core/cortex_m/CMakeFiles/arch__arm__core__cortex_m.dir/irq_manage.c.obj
[sanok:rw] CMake Warning at /mnt/host/source/src/third_party/zephyr/main/CMakeLists.txt:1134 (message):
[sanok:rw]   No SOURCES given to Zephyr library: drivers__clock_control
[sanok:rw]   Excluding target from build.
[sanok:rw] CMake Warning at /mnt/host/source/src/third_party/zephyr/main/CMakeLists.txt:1134 (message):
[sanok:rw]   No SOURCES given to Zephyr library: drivers__crypto
[sanok:rw]   Excluding target from build.
[sanok:rw] CMake Warning at /mnt/host/source/src/third_party/zephyr/main/CMakeLists.txt:1134 (message):
[sanok:rw]   No SOURCES given to Zephyr library: drivers__entropy
[sanok:rw]   Excluding target from build.
[guren:rw] [388/413] Building C object zephyr/kernel/CMakeFiles/kernel.dir/fatal.c.obj
[sanok:rw] CMake Warning at /mnt/host/source/src/third_party/zephyr/main/CMakeLists.txt:2359 (message):
[sanok:rw]   __ASSERT() statements are globally ENABLED
[guren:ro] [225/413] Building C object zephyr/arch/arch/arm/core/cortex_m/CMakeFiles/arch__arm__core__cortex_m.dir/prep_c.c.obj
[brox-ish:singleimage] [200/258] Building C object CMakeFiles/app.dir/mnt/host/source/src/platform/ec/build/zephyr/brox-ish/modules/ec/common/uptime.c.obj
[sanok:rw] -- Configuring done (48.8s)
[guren:rw] [389/413] Building C object zephyr/kernel/CMakeFiles/kernel.dir/kheap.c.obj
[guren:rw] [390/413] Building C object zephyr/kernel/CMakeFiles/kernel.dir/mem_slab.c.obj
[guren:rw] [391/413] Building C object zephyr/kernel/CMakeFiles/kernel.dir/init.c.obj
[guren:rw] [392/413] Building C object zephyr/kernel/CMakeFiles/kernel.dir/float.c.obj
[moonstone-ish:singleimage] [92/263] Building C object zephyr/CMakeFiles/zephyr.dir/subsys/logging/log_msg.c.obj
[guren:ro] [226/413] Building C object zephyr/arch/arch/arm/core/cortex_m/CMakeFiles/arch__arm__core__cortex_m.dir/thread.c.obj
[brox-ish:singleimage] [201/258] Building C object CMakeFiles/app.dir/mnt/host/source/src/platform/ec/build/zephyr/brox-ish/modules/ec/common/i2c_controller.c.obj
[guren:rw] [393/413] Building C object zephyr/kernel/CMakeFiles/kernel.dir/idle.c.obj
[guren:ro] [227/413] Building C object zephyr/arch/arch/arm/core/cortex_m/CMakeFiles/arch__arm__core__cortex_m.dir/irq_init.c.obj
[brox-ish:singleimage] [202/258] Building C object CMakeFiles/app.dir/mnt/host/source/src/platform/ec/build/zephyr/brox-ish/modules/ec/common/i2c_passthru.c.obj
[guren:ro] [228/413] Building C object zephyr/arch/arch/arm/core/cortex_m/CMakeFiles/arch__arm__core__cortex_m.dir/cpu_idle.c.obj
[sanok:ro] /mnt/host/source/src/platform/ec/build/zephyr/sanok/build-ro/zephyr/zephyr.dts:260.27-290.6: Warning (spi_bus_reg): /soc/spi@f0b00000/qspi-nor-flash: missing or empty reg property
[sanok:rw] -- Generating done (0.8s)
[sanok:rw] -- Build files have been written to: /mnt/host/source/src/platform/ec/build/zephyr/sanok/build-rw
[guren:rw] [394/413] Building C object zephyr/kernel/CMakeFiles/kernel.dir/mailbox.c.obj
[guren:ro] [229/413] Building C object zephyr/arch/arch/arm/core/cortex_m/CMakeFiles/arch__arm__core__cortex_m.dir/isr_wrapper.c.obj
[guren:ro] [230/413] Linking C static library zephyr/arch/arch/arm/core/cortex_m/libarch__arm__core__cortex_m.a
[guren:rw] [395/413] Building C object zephyr/kernel/CMakeFiles/kernel.dir/queue.c.obj
[moonstone-ish:singleimage] [93/263] Building C object zephyr/CMakeFiles/zephyr.dir/subsys/logging/log_output.c.obj
[guren:ro] [231/413] Generating ../../../include/generated/libc/minimal/strerror_table.h
[guren:rw] [396/413] Building C object zephyr/kernel/CMakeFiles/kernel.dir/sem.c.obj
[brox-ish:singleimage] [203/258] Building C object CMakeFiles/app.dir/mnt/host/source/src/platform/ec/build/zephyr/brox-ish/modules/ec/common/motion_lid.c.obj
[guren:rw] [397/413] Building C object zephyr/kernel/CMakeFiles/kernel.dir/msg_q.c.obj
[guren:rw] [398/413] Building C object zephyr/kernel/CMakeFiles/kernel.dir/mutex.c.obj
[guren:ro] [232/413] Building C object zephyr/lib/libc/minimal/CMakeFiles/lib__libc__minimal.dir/source/stdlib/atoi.c.obj
[brox-ish:singleimage] [204/258] Building C object CMakeFiles/app.dir/mnt/host/source/src/platform/ec/build/zephyr/brox-ish/modules/ec/common/lid_angle.c.obj
[guren:ro] [233/413] Building C object zephyr/arch/arch/arm/core/mpu/CMakeFiles/arch__arm__core__mpu.dir/arm_core_mpu.c.obj
[guren:rw] [399/413] Building C object zephyr/kernel/CMakeFiles/kernel.dir/stack.c.obj
[guren:ro] [234/413] Building C object zephyr/arch/arch/arm/core/mpu/CMakeFiles/arch__arm__core__mpu.dir/arm_mpu_regions.c.obj
[guren:ro] [235/413] Building C object zephyr/lib/libc/minimal/CMakeFiles/lib__libc__minimal.dir/source/stdlib/strtoul.c.obj
[guren:ro] [236/413] Building C object zephyr/arch/arch/arm/core/mpu/CMakeFiles/arch__arm__core__mpu.dir/arm_mpu.c.obj
[guren:ro] [237/413] Building C object zephyr/lib/libc/minimal/CMakeFiles/lib__libc__minimal.dir/source/stdlib/strtol.c.obj
[moonstone-ish:singleimage] [94/263] Building C object zephyr/CMakeFiles/zephyr.dir/subsys/pm/pm.c.obj
[guren:ro] [238/413] Linking C static library zephyr/arch/arch/arm/core/mpu/libarch__arm__core__mpu.a
[brox-ish:singleimage] [205/258] Building C object CMakeFiles/app.dir/mnt/host/source/src/platform/ec/build/zephyr/brox-ish/modules/ec/common/lid_angle_keyboard_policy.c.obj
[guren:ro] [239/413] Building C object zephyr/lib/libc/minimal/CMakeFiles/lib__libc__minimal.dir/source/stdlib/strtoll.c.obj
[guren:ro] [240/413] Building C object zephyr/lib/libc/minimal/CMakeFiles/lib__libc__minimal.dir/source/stdlib/strtoull.c.obj
[guren:rw] [400/413] Building C object zephyr/kernel/CMakeFiles/kernel.dir/system_work_q.c.obj
[guren:ro] [241/413] Building C object zephyr/lib/libc/minimal/CMakeFiles/lib__libc__minimal.dir/source/stdlib/bsearch.c.obj
[guren:ro] [242/413] Building C object zephyr/lib/libc/minimal/CMakeFiles/lib__libc__minimal.dir/source/string/strncasecmp.c.obj
[guren:ro] [243/413] Building C object zephyr/lib/libc/minimal/CMakeFiles/lib__libc__minimal.dir/source/string/strerror.c.obj
[guren:ro] [244/413] Building C object zephyr/lib/libc/minimal/CMakeFiles/lib__libc__minimal.dir/source/stdlib/qsort.c.obj
[guren:rw] [401/413] Building C object zephyr/kernel/CMakeFiles/kernel.dir/condvar.c.obj
[guren:rw] [402/413] Building C object zephyr/kernel/CMakeFiles/kernel.dir/work.c.obj
[guren:ro] [245/413] Building C object zephyr/lib/libc/minimal/CMakeFiles/lib__libc__minimal.dir/source/string/strstr.c.obj
[moonstone-ish:singleimage] [95/263] Building C object zephyr/CMakeFiles/zephyr.dir/subsys/pm/state.c.obj
[guren:rw] [403/413] Building C object zephyr/kernel/CMakeFiles/kernel.dir/thread.c.obj
[brox-ish:singleimage] [206/258] Building C object CMakeFiles/app.dir/mnt/host/source/src/platform/ec/build/zephyr/brox-ish/modules/ec/common/lid_switch.c.obj
[guren:ro] [246/413] Building C object zephyr/lib/libc/minimal/CMakeFiles/lib__libc__minimal.dir/source/string/strspn.c.obj
[guren:rw] [404/413] Building C object zephyr/kernel/CMakeFiles/kernel.dir/pipe.c.obj
[guren:ro] [247/413] Building C object zephyr/lib/libc/minimal/CMakeFiles/lib__libc__minimal.dir/source/string/string.c.obj
[/mnt/host/source/src/platform/ec/build/zephyr/yavilla-lcov]   /mnt/host/source/src/platform/ec/build/zephyr/yavilla/build-rw/CMakeFiles/app.dir/mnt/host/source/src/platform/ec/build/zephyr/yavilla/modules/ec/common/cbi_config.c.gcno:no functions found
[/mnt/host/source/src/platform/ec/build/zephyr/yavilla-lcov] stderr:
[brox-ish:singleimage] [207/258] Building C object CMakeFiles/app.dir/mnt/host/source/src/platform/ec/build/zephyr/brox-ish/modules/ec/common/mkbp_event.c.obj
[guren:rw] [405/413] Building C object zephyr/kernel/CMakeFiles/kernel.dir/sched.c.obj
[guren:ro] [248/413] Building C object zephyr/lib/libc/minimal/CMakeFiles/lib__libc__minimal.dir/source/stdlib/exit.c.obj
[guren:rw] [406/413] Building C object zephyr/kernel/CMakeFiles/kernel.dir/thread_monitor.c.obj
[moonstone-ish:singleimage] [96/263] Building C object zephyr/CMakeFiles/zephyr.dir/subsys/pm/policy/policy_events.c.obj
[guren:rw] [407/413] Building C object zephyr/kernel/CMakeFiles/kernel.dir/timeout.c.obj
[guren:ro] [249/413] Building C object zephyr/lib/libc/minimal/CMakeFiles/lib__libc__minimal.dir/source/math/sqrtf.c.obj
[ruby:rw] Configuring.
Running `env -i PYTHONPATH=/usr/lib64/python-exec/python3.11:/mnt/host/source/src/platform/ec/zephyr/zmake:/usr/lib/python311.zip:/usr/lib/python3.11:/usr/lib/python3.11/lib-dynload:/usr/lib/python3.11/site-packages PW_PIGWEED_CIPD_INSTALL_DIR=/usr CROSTC_USER_ACKNOWLEDGES_THAT_RISCV_IS_EXPERIMENTAL=1 PATH=/mnt/host/source/chromite/bin:/usr/local/bin:/usr/bin:/bin:/opt/bin:/mnt/host/source/chromite/sdk/bin:/mnt/host/source/chromite/bin HOME=/home/jpmurphy JAVA_HOME=/etc/java-config-2/current-system-vm JDK_HOME=/etc/java-config-2/current-system-vm JAVAC=/etc/java-config-2/current-system-vm/bin/javac MAKEFLAGS=' -j16 --jobserver-auth=5,6' /usr/bin/cmake -S /mnt/host/source/src/platform/ec/zephyr/program/fatcat -B /mnt/host/source/src/platform/ec/build/zephyr/ruby/build-rw -GNinja -DCMAKE_EXPORT_COMPILE_COMMANDS=ON -DZEPHYR_BASE=/mnt/host/source/src/third_party/zephyr/main -DZMAKE_INCLUDE_DIR=/mnt/host/source/src/platform/ec/build/zephyr/ruby/include -DPython3_EXECUTABLE=/usr/bin/python3.11 -DDTS_ROOT=/mnt/host/source/src/platform/ec/zephyr -DSYSCALL_INCLUDE_DIRS=/mnt/host/source/src/platform/ec/zephyr/include/drivers -DUSER_CACHE_DIR=/mnt/host/source/src/platform/ec/build/zephyr/user-cache '-DEXTRA_EC_VERSION_FLAGS=--version 16543.0.0 --static' -DTOOLCHAIN_ROOT=/mnt/host/source/src/platform/ec/zephyr -DCOREBOOT_SDK_ROOT_x86=/home/jpmurphy/.cache/coreboot-sdk/i386-elf/dfbb0486385d938cfa9d73080b9d18d598ed4f49 -DCOREBOOT_SDK_ROOT_picolibc_x86=/home/jpmurphy/.cache/coreboot-sdk/picolibc-i386-elf/eb8e8e687b95461de8cbf278f1c2076952d0ad17 -DCOREBOOT_SDK_ROOT_riscv64=/home/jpmurphy/.cache/coreboot-sdk/riscv64-elf/96b949749225b6aaa92ed810ab769e8dfb12f000 -DCOREBOOT_SDK_ROOT_picolibc_arm=/home/jpmurphy/.cache/coreboot-sdk/picolibc-arm-eabi/422a2aa3e1ef891b5bece9a3deb696ff83840d2e -DCOREBOOT_SDK_ROOT_nds32=/home/jpmurphy/.cache/coreboot-sdk/nds32le-elf/d1a518c4a097666d86058e1444f85ca015d15511 -DCOREBOOT_SDK_ROOT_picolibc_riscv64=/home/jpmurphy/.cache/coreboot-sdk/picolibc-riscv64-elf/f571e990ef0278564b31124f8bb109d9a697eb69 -DCOREBOOT_SDK_ROOT_arm=/home/jpmurphy/.cache/coreboot-sdk/arm-eabi/ea40ddd1d190c3b48435c474c0b545719371813a -DCOREBOOT_SDK_ROOT_libstdcxx_riscv64=/home/jpmurphy/.cache/coreboot-sdk/libstdcxx-riscv64-elf/17abf22a3a252e2d5d2062ced5324f7a623689e0 -DCOREBOOT_SDK_ROOT_libstdcxx_arm=/home/jpmurphy/.cache/coreboot-sdk/libstdcxx-arm-eabi/5d7d82e150e44aa1968f1d366e267e6687b328ac -DCOREBOOT_SDK_ROOT_riscv=/home/jpmurphy/.cache/coreboot-sdk/riscv-elf/9a27b9e82341c6e9126624f516ab3f261abb3e73 -DCOREBOOT_SDK_ROOT_libstdcxx_x86=/home/jpmurphy/.cache/coreboot-sdk/libstdcxx-i386-elf/42ef9d2e87a76a37963175d7d428734e65648b87 -DZEPHYR_TOOLCHAIN_VARIANT=coreboot-sdk '-DZEPHYR_MODULES=/mnt/host/source/src/platform/ec/build/zephyr/ruby/modules/cmsis;/mnt/host/source/src/platform/ec/build/zephyr/ruby/modules/cmsis_6;/mnt/host/source/src/platform/ec/build/zephyr/ruby/modules/ec;/mnt/host/source/src/platform/ec/build/zephyr/ruby/modules/google-private' -DDTC_OVERLAY_FILE=/mnt/host/source/src/platform/ec/zephyr/program/fatcat/ruby/project.overlay -DBOARD=npcx9/npcx9m7fb -DCMAKE_C_FLAGS=-DSECTION_IS_RW '-DCONF_FILE=/mnt/host/source/src/platform/ec/zephyr/program/fatcat/program.conf;/mnt/host/source/src/platform/ec/zephyr/program/fatcat/ruby/project.conf;/mnt/host/source/src/platform/ec/build/zephyr/ruby/kconfig-rw.conf'`
[guren:rw] [408/413] Building C object zephyr/kernel/CMakeFiles/kernel.dir/timer.c.obj
[ruby:rw] -- Application: /mnt/host/source/src/platform/ec/zephyr/program/fatcat
[ruby:rw] Loading Zephyr default modules (Zephyr base (cached)).
[guren:ro] [250/413] Building C object zephyr/lib/libc/minimal/CMakeFiles/lib__libc__minimal.dir/source/stdout/stdout_console.c.obj
[brox-ish:singleimage] [208/258] Building C object CMakeFiles/app.dir/mnt/host/source/src/platform/ec/build/zephyr/brox-ish/modules/ec/common/mkbp_fifo.c.obj
[guren:ro] [251/413] Building C object zephyr/lib/libc/minimal/CMakeFiles/lib__libc__minimal.dir/source/stdout/fprintf.c.obj
[moonstone-ish:singleimage] [97/263] Building C object zephyr/CMakeFiles/zephyr.dir/subsys/pm/policy/policy_latency.c.obj
[uldrenite:ro] Building: /usr/bin/ninja -C /mnt/host/source/src/platform/ec/build/zephyr/uldrenite/build-ro all.libraries
Running `env -i SHELL=/bin/bash COLORTERM=truecolor DEPOT_TOOLS_UPDATE=0 LESS='-R -M --shift 5' SUDO_GID=0 JDK_HOME=/etc/java-config-2/current-system-vm CONFIG_PROTECT_MASK='/etc/gentoo-release /etc/sandbox.d /etc/fonts/fonts.conf /etc/terminfo /etc/ca-certificates.conf /etc/revdep-rebuild' CHROMEOS_CACHEDIR=/var/cache/chromeos-cache JAVA_HOME=/etc/java-config-2/current-system-vm SSH_AUTH_SOCK=/tmp/ssh-auth-sock SUDO_COMMAND=/bin/bash SUDO_USER=root SUDO_TTY=/dev/pts/2 EDITOR=/usr/bin/vi PWD=/mnt/host/source/src/platform/ec CONFIG_PROTECT=/usr/share/gnupg/qualified.txt LOGNAME=jpmurphy MANPATH=/etc/java-config-2/current-system-vm/man:/usr/local/share/man:/usr/share/man:/usr/share/gcc-data/x86_64-pc-linux-gnu/10.2.0/man:/usr/share/binutils-data/x86_64-pc-linux-gnu/2.45/man:/etc/java-config-2/current-system-vm/man/ SUDO_HOME=/root XAUTHORITY=/run/user/944457/gdm/Xauthority HOME=/home/jpmurphy LANG=C.UTF-8 LS_COLORS='rs=0:di=01;34:ln=01;36:mh=00:pi=40;33:so=01;35:do=01;35:bd=40;33;01:cd=40;33;01:or=01;05;37;41:mi=01;05;37;41:su=37;41:sg=30;43:ca=30;41:tw=30;42:ow=34;42:st=37;44:ex=01;32:*.tar=01;31:*.tgz=01;31:*.arc=01;31:*.arj=01;31:*.taz=01;31:*.lha=01;31:*.lz4=01;31:*.lzh=01;31:*.lzma=01;31:*.tlz=01;31:*.txz=01;31:*.tzo=01;31:*.t7z=01;31:*.zip=01;31:*.z=01;31:*.dz=01;31:*.gz=01;31:*.lrz=01;31:*.lz=01;31:*.lzo=01;31:*.xz=01;31:*.zst=01;31:*.tzst=01;31:*.bz2=01;31:*.bz=01;31:*.tbz=01;31:*.tbz2=01;31:*.tz=01;31:*.deb=01;31:*.rpm=01;31:*.jar=01;31:*.war=01;31:*.ear=01;31:*.sar=01;31:*.rar=01;31:*.alz=01;31:*.ace=01;31:*.zoo=01;31:*.cpio=01;31:*.7z=01;31:*.rz=01;31:*.cab=01;31:*.wim=01;31:*.swm=01;31:*.dwm=01;31:*.esd=01;31:*.jpg=01;35:*.jpeg=01;35:*.mjpg=01;35:*.mjpeg=01;35:*.gif=01;35:*.bmp=01;35:*.pbm=01;35:*.pgm=01;35:*.ppm=01;35:*.tga=01;35:*.xbm=01;35:*.xpm=01;35:*.tif=01;35:*.tiff=01;35:*.png=01;35:*.svg=01;35:*.svgz=01;35:*.mng=01;35:*.pcx=01;35:*.mov=01;35:*.mpg=01;35:*.mpeg=01;35:*.m2v=01;35:*.mkv=01;35:*.webm=01;35:*.webp=01;35:*.ogm=01;35:*.mp4=01;35:*.m4v=01;35:*.mp4v=01;35:*.vob=01;35:*.qt=01;35:*.nuv=01;35:*.wmv=01;35:*.asf=01;35:*.rm=01;35:*.rmvb=01;35:*.flc=01;35:*.avi=01;35:*.fli=01;35:*.flv=01;35:*.gl=01;35:*.dl=01;35:*.xcf=01;35:*.xwd=01;35:*.yuv=01;35:*.cgm=01;35:*.emf=01;35:*.ogv=01;35:*.ogx=01;35:*.cfg=00;32:*.conf=00;32:*.diff=00;32:*.doc=00;32:*.ini=00;32:*.log=00;32:*.patch=00;32:*.pdf=00;32:*.ps=00;32:*.tex=00;32:*.txt=00;32:*.aac=00;36:*.au=00;36:*.flac=00;36:*.m4a=00;36:*.mid=00;36:*.midi=00;36:*.mka=00;36:*.mp3=00;36:*.mpc=00;36:*.ogg=00;36:*.ra=00;36:*.wav=00;36:*.oga=00;36:*.opus=00;36:*.spx=00;36:*.xspf=00;36:' XDG_CURRENT_DESKTOP=GNOME INFOPATH=/usr/share/info:/usr/share/gcc-data/x86_64-pc-linux-gnu/10.2.0/info:/usr/share/binutils-data/x86_64-pc-linux-gnu/2.45/info:/usr/share/automake-1.16.5/info JAVAC=/etc/java-config-2/current-system-vm/bin/javac TERM=xterm-256color LESSOPEN='|lesspipe %s' USER=jpmurphy CROS_WORKON_SRCROOT=/mnt/host/source MANPAGER=manpager DISPLAY=:1 SHLVL=1 LC_MESSAGES=C EXTERNAL_TRUNK_PATH=/mnt/8f9d649a-3721-44cc-93c0-e6bd21a9689f/chromiumos GCC_SPECS='' PATH=/mnt/host/source/chromite/bin:/usr/local/bin:/usr/bin:/bin:/opt/bin:/mnt/host/source/chromite/sdk/bin:/mnt/host/source/chromite/bin PORTAGE_USERNAME=jpmurphy SUDO_UID=0 GCC_VER=10.2.0 MAIL=/var/mail/jpmurphy OLDPWD=/mnt/host/source/src/scripts traceparent=00-e87aca51550a78635907baa6a2476181-6d684811675d2973-01 _=./zephyr/firmware_builder.py COREBOOT_SDK_ROOT_x86=/home/jpmurphy/.cache/coreboot-sdk/i386-elf/dfbb0486385d938cfa9d73080b9d18d598ed4f49 COREBOOT_SDK_ROOT_picolibc_x86=/home/jpmurphy/.cache/coreboot-sdk/picolibc-i386-elf/eb8e8e687b95461de8cbf278f1c2076952d0ad17 COREBOOT_SDK_ROOT_riscv64=/home/jpmurphy/.cache/coreboot-sdk/riscv64-elf/96b949749225b6aaa92ed810ab769e8dfb12f000 COREBOOT_SDK_ROOT_picolibc_arm=/home/jpmurphy/.cache/coreboot-sdk/picolibc-arm-eabi/422a2aa3e1ef891b5bece9a3deb696ff83840d2e COREBOOT_SDK_ROOT_nds32=/home/jpmurphy/.cache/coreboot-sdk/nds32le-elf/d1a518c4a097666d86058e1444f85ca015d15511 COREBOOT_SDK_ROOT_picolibc_riscv64=/home/jpmurphy/.cache/coreboot-sdk/picolibc-riscv64-elf/f571e990ef0278564b31124f8bb109d9a697eb69 COREBOOT_SDK_ROOT_arm=/home/jpmurphy/.cache/coreboot-sdk/arm-eabi/ea40ddd1d190c3b48435c474c0b545719371813a COREBOOT_SDK_ROOT_libstdcxx_riscv64=/home/jpmurphy/.cache/coreboot-sdk/libstdcxx-riscv64-elf/17abf22a3a252e2d5d2062ced5324f7a623689e0 COREBOOT_SDK_ROOT_libstdcxx_arm=/home/jpmurphy/.cache/coreboot-sdk/libstdcxx-arm-eabi/5d7d82e150e44aa1968f1d366e267e6687b328ac COREBOOT_SDK_ROOT_riscv=/home/jpmurphy/.cache/coreboot-sdk/riscv-elf/9a27b9e82341c6e9126624f516ab3f261abb3e73 COREBOOT_SDK_ROOT_libstdcxx_x86=/home/jpmurphy/.cache/coreboot-sdk/libstdcxx-i386-elf/42ef9d2e87a76a37963175d7d428734e65648b87 PYTHONPATH=/mnt/host/source/src/platform/ec/zephyr/zmake PW_PIGWEED_CIPD_INSTALL_DIR=/usr CROSTC_USER_ACKNOWLEDGES_THAT_RISCV_IS_EXPERIMENTAL=1 MAKEFLAGS=' -j16 --jobserver-auth=5,6' /usr/bin/ninja -C /mnt/host/source/src/platform/ec/build/zephyr/uldrenite/build-ro all.libraries`
[guren:rw] [409/413] Building C object zephyr/kernel/CMakeFiles/kernel.dir/poll.c.obj
[uldrenite:ro] ninja: Entering directory `/mnt/host/source/src/platform/ec/build/zephyr/uldrenite/build-ro'
[guren:ro] [252/413] Building C object zephyr/lib/libc/minimal/CMakeFiles/lib__libc__minimal.dir/source/stdout/sprintf.c.obj
[uldrenite:rw] Building: /usr/bin/ninja -C /mnt/host/source/src/platform/ec/build/zephyr/uldrenite/build-rw all.libraries
Running `env -i SHELL=/bin/bash COLORTERM=truecolor DEPOT_TOOLS_UPDATE=0 LESS='-R -M --shift 5' SUDO_GID=0 JDK_HOME=/etc/java-config-2/current-system-vm CONFIG_PROTECT_MASK='/etc/gentoo-release /etc/sandbox.d /etc/fonts/fonts.conf /etc/terminfo /etc/ca-certificates.conf /etc/revdep-rebuild' CHROMEOS_CACHEDIR=/var/cache/chromeos-cache JAVA_HOME=/etc/java-config-2/current-system-vm SSH_AUTH_SOCK=/tmp/ssh-auth-sock SUDO_COMMAND=/bin/bash SUDO_USER=root SUDO_TTY=/dev/pts/2 EDITOR=/usr/bin/vi PWD=/mnt/host/source/src/platform/ec CONFIG_PROTECT=/usr/share/gnupg/qualified.txt LOGNAME=jpmurphy MANPATH=/etc/java-config-2/current-system-vm/man:/usr/local/share/man:/usr/share/man:/usr/share/gcc-data/x86_64-pc-linux-gnu/10.2.0/man:/usr/share/binutils-data/x86_64-pc-linux-gnu/2.45/man:/etc/java-config-2/current-system-vm/man/ SUDO_HOME=/root XAUTHORITY=/run/user/944457/gdm/Xauthority HOME=/home/jpmurphy LANG=C.UTF-8 LS_COLORS='rs=0:di=01;34:ln=01;36:mh=00:pi=40;33:so=01;35:do=01;35:bd=40;33;01:cd=40;33;01:or=01;05;37;41:mi=01;05;37;41:su=37;41:sg=30;43:ca=30;41:tw=30;42:ow=34;42:st=37;44:ex=01;32:*.tar=01;31:*.tgz=01;31:*.arc=01;31:*.arj=01;31:*.taz=01;31:*.lha=01;31:*.lz4=01;31:*.lzh=01;31:*.lzma=01;31:*.tlz=01;31:*.txz=01;31:*.tzo=01;31:*.t7z=01;31:*.zip=01;31:*.z=01;31:*.dz=01;31:*.gz=01;31:*.lrz=01;31:*.lz=01;31:*.lzo=01;31:*.xz=01;31:*.zst=01;31:*.tzst=01;31:*.bz2=01;31:*.bz=01;31:*.tbz=01;31:*.tbz2=01;31:*.tz=01;31:*.deb=01;31:*.rpm=01;31:*.jar=01;31:*.war=01;31:*.ear=01;31:*.sar=01;31:*.rar=01;31:*.alz=01;31:*.ace=01;31:*.zoo=01;31:*.cpio=01;31:*.7z=01;31:*.rz=01;31:*.cab=01;31:*.wim=01;31:*.swm=01;31:*.dwm=01;31:*.esd=01;31:*.jpg=01;35:*.jpeg=01;35:*.mjpg=01;35:*.mjpeg=01;35:*.gif=01;35:*.bmp=01;35:*.pbm=01;35:*.pgm=01;35:*.ppm=01;35:*.tga=01;35:*.xbm=01;35:*.xpm=01;35:*.tif=01;35:*.tiff=01;35:*.png=01;35:*.svg=01;35:*.svgz=01;35:*.mng=01;35:*.pcx=01;35:*.mov=01;35:*.mpg=01;35:*.mpeg=01;35:*.m2v=01;35:*.mkv=01;35:*.webm=01;35:*.webp=01;35:*.ogm=01;35:*.mp4=01;35:*.m4v=01;35:*.mp4v=01;35:*.vob=01;35:*.qt=01;35:*.nuv=01;35:*.wmv=01;35:*.asf=01;35:*.rm=01;35:*.rmvb=01;35:*.flc=01;35:*.avi=01;35:*.fli=01;35:*.flv=01;35:*.gl=01;35:*.dl=01;35:*.xcf=01;35:*.xwd=01;35:*.yuv=01;35:*.cgm=01;35:*.emf=01;35:*.ogv=01;35:*.ogx=01;35:*.cfg=00;32:*.conf=00;32:*.diff=00;32:*.doc=00;32:*.ini=00;32:*.log=00;32:*.patch=00;32:*.pdf=00;32:*.ps=00;32:*.tex=00;32:*.txt=00;32:*.aac=00;36:*.au=00;36:*.flac=00;36:*.m4a=00;36:*.mid=00;36:*.midi=00;36:*.mka=00;36:*.mp3=00;36:*.mpc=00;36:*.ogg=00;36:*.ra=00;36:*.wav=00;36:*.oga=00;36:*.opus=00;36:*.spx=00;36:*.xspf=00;36:' XDG_CURRENT_DESKTOP=GNOME INFOPATH=/usr/share/info:/usr/share/gcc-data/x86_64-pc-linux-gnu/10.2.0/info:/usr/share/binutils-data/x86_64-pc-linux-gnu/2.45/info:/usr/share/automake-1.16.5/info JAVAC=/etc/java-config-2/current-system-vm/bin/javac TERM=xterm-256color LESSOPEN='|lesspipe %s' USER=jpmurphy CROS_WORKON_SRCROOT=/mnt/host/source MANPAGER=manpager DISPLAY=:1 SHLVL=1 LC_MESSAGES=C EXTERNAL_TRUNK_PATH=/mnt/8f9d649a-3721-44cc-93c0-e6bd21a9689f/chromiumos GCC_SPECS='' PATH=/mnt/host/source/chromite/bin:/usr/local/bin:/usr/bin:/bin:/opt/bin:/mnt/host/source/chromite/sdk/bin:/mnt/host/source/chromite/bin PORTAGE_USERNAME=jpmurphy SUDO_UID=0 GCC_VER=10.2.0 MAIL=/var/mail/jpmurphy OLDPWD=/mnt/host/source/src/scripts traceparent=00-e87aca51550a78635907baa6a2476181-6d684811675d2973-01 _=./zephyr/firmware_builder.py COREBOOT_SDK_ROOT_x86=/home/jpmurphy/.cache/coreboot-sdk/i386-elf/dfbb0486385d938cfa9d73080b9d18d598ed4f49 COREBOOT_SDK_ROOT_picolibc_x86=/home/jpmurphy/.cache/coreboot-sdk/picolibc-i386-elf/eb8e8e687b95461de8cbf278f1c2076952d0ad17 COREBOOT_SDK_ROOT_riscv64=/home/jpmurphy/.cache/coreboot-sdk/riscv64-elf/96b949749225b6aaa92ed810ab769e8dfb12f000 COREBOOT_SDK_ROOT_picolibc_arm=/home/jpmurphy/.cache/coreboot-sdk/picolibc-arm-eabi/422a2aa3e1ef891b5bece9a3deb696ff83840d2e COREBOOT_SDK_ROOT_nds32=/home/jpmurphy/.cache/coreboot-sdk/nds32le-elf/d1a518c4a097666d86058e1444f85ca015d15511 COREBOOT_SDK_ROOT_picolibc_riscv64=/home/jpmurphy/.cache/coreboot-sdk/picolibc-riscv64-elf/f571e990ef0278564b31124f8bb109d9a697eb69 COREBOOT_SDK_ROOT_arm=/home/jpmurphy/.cache/coreboot-sdk/arm-eabi/ea40ddd1d190c3b48435c474c0b545719371813a COREBOOT_SDK_ROOT_libstdcxx_riscv64=/home/jpmurphy/.cache/coreboot-sdk/libstdcxx-riscv64-elf/17abf22a3a252e2d5d2062ced5324f7a623689e0 COREBOOT_SDK_ROOT_libstdcxx_arm=/home/jpmurphy/.cache/coreboot-sdk/libstdcxx-arm-eabi/5d7d82e150e44aa1968f1d366e267e6687b328ac COREBOOT_SDK_ROOT_riscv=/home/jpmurphy/.cache/coreboot-sdk/riscv-elf/9a27b9e82341c6e9126624f516ab3f261abb3e73 COREBOOT_SDK_ROOT_libstdcxx_x86=/home/jpmurphy/.cache/coreboot-sdk/libstdcxx-i386-elf/42ef9d2e87a76a37963175d7d428734e65648b87 PYTHONPATH=/mnt/host/source/src/platform/ec/zephyr/zmake PW_PIGWEED_CIPD_INSTALL_DIR=/usr CROSTC_USER_ACKNOWLEDGES_THAT_RISCV_IS_EXPERIMENTAL=1 MAKEFLAGS=' -j16 --jobserver-auth=5,6' /usr/bin/ninja -C /mnt/host/source/src/platform/ec/build/zephyr/uldrenite/build-rw all.libraries`
[guren:rw] [410/413] Building C object zephyr/kernel/CMakeFiles/kernel.dir/mempool.c.obj
[uldrenite:rw] ninja: Entering directory `/mnt/host/source/src/platform/ec/build/zephyr/uldrenite/build-rw'
[/mnt/host/source/src/platform/ec/build/zephyr/yavilla-lcov]   /mnt/host/source/src/platform/ec/build/zephyr/yavilla/build-rw/zephyr/arch/arch/riscv/core/CMakeFiles/arch__riscv__core.dir/cpu_idle.c.gcno:no functions found
[/mnt/host/source/src/platform/ec/build/zephyr/yavilla-lcov] stderr:
[brox-ish:singleimage] [209/258] Building C object CMakeFiles/app.dir/mnt/host/source/src/platform/ec/build/zephyr/brox-ish/modules/ec/common/motion_sense.c.obj
[guren:rw] [411/413] Building C object zephyr/kernel/CMakeFiles/kernel.dir/events.c.obj
Running (initial) lcov on /mnt/host/source/src/platform/ec/build/zephyr/greenbayupoc.
[guren:rw] [412/413] Building C object zephyr/kernel/CMakeFiles/kernel.dir/dynamic_disabled.c.obj
[guren:ro] [253/413] Building C object zephyr/lib/libc/minimal/CMakeFiles/lib__libc__minimal.dir/source/math/sqrt.c.obj
[guren:ro] [254/413] Building C object zephyr/lib/libc/common/CMakeFiles/lib__libc__common.dir/source/time/gmtime_r.c.obj
[guren:rw] [413/413] Linking C static library zephyr/kernel/libkernel.a
[brox-ish:singleimage] [210/258] Building C object CMakeFiles/app.dir/mnt/host/source/src/platform/ec/build/zephyr/brox-ish/modules/ec/common/sha256.c.obj
[ruby:rw] -- CMake version: 3.31.7
[ruby:rw] -- Found Python3: /usr/bin/python3.11 (found suitable version "3.11.11", minimum required is "3.10") found components: Interpreter
[ruby:rw] -- Cache files will be written to: /mnt/host/source/src/platform/ec/build/zephyr/user-cache
[ruby:rw] -- Zephyr version: 4.3.99 (/mnt/host/source/src/third_party/zephyr/main)
[guren:ro] [255/413] Building C object zephyr/lib/libc/common/CMakeFiles/lib__libc__common.dir/source/time/asctime.c.obj
[brox-ish:singleimage] [211/258] Building C object CMakeFiles/app.dir/mnt/host/source/src/platform/ec/build/zephyr/brox-ish/modules/ec/common/shared_mem.c.obj
Running `env -i PYTHONPATH=/usr/lib64/python-exec/python3.11:/mnt/host/source/src/platform/ec/zephyr/zmake:/usr/lib/python311.zip:/usr/lib/python3.11:/usr/lib/python3.11/lib-dynload:/usr/lib/python3.11/site-packages PW_PIGWEED_CIPD_INSTALL_DIR=/usr CROSTC_USER_ACKNOWLEDGES_THAT_RISCV_IS_EXPERIMENTAL=1 PATH=/mnt/host/source/chromite/bin:/usr/local/bin:/usr/bin:/bin:/opt/bin:/mnt/host/source/chromite/sdk/bin:/mnt/host/source/chromite/bin HOME=/home/jpmurphy JAVA_HOME=/etc/java-config-2/current-system-vm JDK_HOME=/etc/java-config-2/current-system-vm JAVAC=/etc/java-config-2/current-system-vm/bin/javac MAKEFLAGS=' -j16 --jobserver-auth=5,6' /usr/bin/lcov --gcov-tool /mnt/host/source/src/platform/ec/build/zephyr/greenbayupoc/build-rw/gcov.sh -q -o - -c -d /mnt/host/source/src/platform/ec/build/zephyr/greenbayupoc -t greenbayupoc --rc branch_coverage=1 --filter range --ignore-errors inconsistent,source --ignore-errors gcov,gcov -i`
[moonstone-ish:singleimage] [98/263] Building C object zephyr/CMakeFiles/zephyr.dir/subsys/pm/policy/policy_state_lock.c.obj
[guren:ro] [256/413] Building C object zephyr/lib/libc/common/CMakeFiles/lib__libc__common.dir/source/time/localtime_r_utc.c.obj
[guren:ro] [257/413] Building C object zephyr/lib/libc/common/CMakeFiles/lib__libc__common.dir/source/time/ctime.c.obj
[guren:ro] [258/413] Building C object zephyr/lib/libc/common/CMakeFiles/lib__libc__common.dir/source/time/time.c.obj
[guren:ro] [259/413] Building C object zephyr/lib/libc/minimal/CMakeFiles/lib__libc__minimal.dir/source/time/gmtime.c.obj
[sanok:ro] /mnt/host/source/src/platform/ec/build/zephyr/sanok/build-ro/zephyr/zephyr.dts:243.22-291.5: Warning (avoid_unnecessary_addr_size): /soc/spi@f0b00000: unnecessary #address-cells/#size-cells without "ranges" or child "reg" property
[sanok:ro] warning: FINGERPRINT_SENSOR_EGIS630_HEAP_SIZE (defined at
[sanok:ro] /mnt/host/source/src/platform/ec/zephyr/drivers/fingerprint/Kconfig.egis:17) was assigned the value
[sanok:ro] '112640' but got the value ''. Check these unsatisfied dependencies: FINGERPRINT_SENSOR_EGIS630
[sanok:ro] (=n), FINGERPRINT_SENSOR (=n). See
[sanok:ro] http://docs.zephyrproject.org/latest/kconfig.html#CONFIG_FINGERPRINT_SENSOR_EGIS630_HEAP_SIZE and/or
[sanok:ro] look up FINGERPRINT_SENSOR_EGIS630_HEAP_SIZE in the menuconfig/guiconfig interface. The Application
[sanok:ro] Development Primer, Setting Configuration Values, and Kconfig - Tips and Best Practices sections of
[sanok:ro] the manual might be helpful too.
[sanok:ro] warning: TRAP_UNALIGNED_ACCESS (defined at /mnt/host/source/src/platform/ec/zephyr/Kconfig.defaults-
[sanok:ro] arm:7, arch/arm/core/cortex_m/Kconfig:402) was assigned the value 'n' but got the value 'y'. See
[sanok:ro] http://docs.zephyrproject.org/latest/kconfig.html#CONFIG_TRAP_UNALIGNED_ACCESS and/or look up
[sanok:ro] TRAP_UNALIGNED_ACCESS in the menuconfig/guiconfig interface. The Application Development Primer,
[sanok:ro] Setting Configuration Values, and Kconfig - Tips and Best Practices sections of the manual might be
[sanok:ro] helpful too.
[sanok:ro] warning: PLATFORM_EC_FINGERPRINT_VENDOR_COMMAND (defined at
[sanok:ro] /mnt/host/source/src/platform/ec/zephyr/Kconfig.fingerprint:23) was assigned the value 'y' but got
[sanok:ro] the value 'n'. Check these unsatisfied dependencies: PLATFORM_EC_FINGERPRINT (=n). See
[sanok:ro] http://docs.zephyrproject.org/latest/kconfig.html#CONFIG_PLATFORM_EC_FINGERPRINT_VENDOR_COMMAND
[sanok:ro] and/or look up PLATFORM_EC_FINGERPRINT_VENDOR_COMMAND in the menuconfig/guiconfig interface. The
[sanok:ro] Application Development Primer, Setting Configuration Values, and Kconfig - Tips and Best Practices
[sanok:ro] sections of the manual might be helpful too.
[sanok:ro] warning: Deprecated symbol POSIX_READER_WRITER_LOCKS is enabled.
[sanok:ro] warning: Deprecated symbol REQUIRES_STD_C99 is enabled.
[sanok:ro] warning: Deprecated symbol REQUIRES_STD_C11 is enabled.
[sanok:ro] warning: Deprecated symbol STD_C11 is enabled.
[guren:ro] [260/413] Building C object zephyr/lib/libc/common/CMakeFiles/lib__libc__common.dir/source/string/strnlen.c.obj
[brox-ish:singleimage] [212/258] Building C object CMakeFiles/app.dir/mnt/host/source/src/platform/ec/build/zephyr/brox-ish/modules/ec/common/tablet_mode.c.obj
[guren:ro] [261/413] Building C object zephyr/lib/libc/common/CMakeFiles/lib__libc__common.dir/source/stdlib/abort.c.obj
[guren:ro] [262/413] Building C object zephyr/lib/posix/c_lib_ext/CMakeFiles/lib__posix__c_lib_ext.dir/fnmatch.c.obj
[guren:ro] [263/413] Linking C static library zephyr/lib/libc/minimal/liblib__libc__minimal.a
[brox-ish:singleimage] [213/258] Linking C static library modules/ec/zephyr/libec_shim.a
[moonstone-ish:singleimage] [99/263] Building C object zephyr/CMakeFiles/zephyr.dir/subsys/pm/policy/policy_default.c.obj
[brox-ish:singleimage] [214/258] Building C object CMakeFiles/app.dir/mnt/host/source/src/platform/ec/build/zephyr/brox-ish/modules/ec/common/vstore.c.obj
[guren:ro] [264/413] Building C object zephyr/subsys/crc/CMakeFiles/subsys__crc.dir/crc8_sw.c.obj
[guren:ro] [265/413] Building C object zephyr/subsys/crc/CMakeFiles/subsys__crc.dir/crc4_sw.c.obj
[brox-ish:singleimage] [215/258] Building C object CMakeFiles/app.dir/mnt/host/source/src/platform/ec/build/zephyr/brox-ish/modules/ec/common/timer.c.obj
[uldrenite:ro] [1/421] Generating include/generated/zephyr/version.h
[uldrenite:ro] -- git describe warned: warning: tag 'upstream/v2.7.99' is externally known as 'v2.7.99'
[uldrenite:ro] -- Zephyr version: 4.3.99 (/mnt/host/source/src/third_party/zephyr/main)
[uldrenite:ro] [2/421] Preparing syscall dependency handling
[brox-ish:singleimage] [216/258] Building C object CMakeFiles/app.dir/mnt/host/source/src/platform/ec/build/zephyr/brox-ish/modules/ec/common/math_util.c.obj
[uldrenite:ro] [3/421] Generating misc/generated/syscalls_subdirs.trigger
[uldrenite:rw] [1/421] Generating include/generated/zephyr/version.h
[guren:ro] [266/413] Building C object zephyr/subsys/crc/CMakeFiles/subsys__crc.dir/crc7_sw.c.obj
[guren:ro] [267/413] Building C object zephyr/subsys/crc/CMakeFiles/subsys__crc.dir/crc16_sw.c.obj
[uldrenite:rw] -- git describe warned: warning: tag 'upstream/v2.7.99' is externally known as 'v2.7.99'
[uldrenite:rw] -- Zephyr version: 4.3.99 (/mnt/host/source/src/third_party/zephyr/main)
[uldrenite:rw] [2/421] Preparing syscall dependency handling
[brox-ish:singleimage] [217/258] Linking C static library app/libapp.a
[guren:ro] [268/413] Building C object zephyr/lib/libc/common/CMakeFiles/lib__libc__common.dir/source/stdlib/malloc.c.obj
[uldrenite:rw] [3/421] Generating misc/generated/syscalls_subdirs.trigger
[guren:ro] [269/413] Building C object zephyr/subsys/crc/CMakeFiles/subsys__crc.dir/crc24_sw.c.obj
[guren:ro] [270/413] Building C object zephyr/subsys/crc/CMakeFiles/subsys__crc.dir/crc32c_sw.c.obj
[guren:ro] [271/413] Linking C static library zephyr/lib/libc/common/liblib__libc__common.a
[/mnt/host/source/src/platform/ec/build/zephyr/greenbayupoc-lcov] geninfo: WARNING: using JSON module "JSON::PP" - which is much slower than some alternatives.  Consider installing one of JSON::XS or Cpanel::JSON::XS
[brox-ish:singleimage] [218/258] Building C object modules/ec/zephyr/subsys/host_service/CMakeFiles/..__..__..__platform__ec__zephyr__subsys__host_service.dir/zephyr_host_service.c.obj
[guren:ro] [272/413] Building C object zephyr/subsys/crc/CMakeFiles/subsys__crc.dir/crc32_sw.c.obj
[sanok:ro] Parsing /mnt/host/source/src/platform/ec/zephyr/program/fpmcu/Kconfig
[moonstone-ish:singleimage] [100/263] Building C object zephyr/CMakeFiles/zephyr.dir/subsys/pm/device.c.obj
[guren:ro] [273/413] Building C object zephyr/subsys/crc/CMakeFiles/subsys__crc.dir/crc32k_4_2_sw.c.obj
[guren:ro] [274/413] Linking C static library zephyr/subsys/crc/libsubsys__crc.a
[brox-ish:singleimage] [219/258] Building C object modules/ec/zephyr/subsys/host_service/CMakeFiles/..__..__..__platform__ec__zephyr__subsys__host_service.dir/sys_mng.c.obj
[brox-ish:singleimage] [220/258] Linking C static library modules/ec/zephyr/subsys/host_service/lib..__..__..__platform__ec__zephyr__subsys__host_service.a
[brox-ish:singleimage] [221/258] Building C object modules/ec/zephyr/subsys/host_service/heci/CMakeFiles/..__..__..__platform__ec__zephyr__subsys__host_service__heci.dir/heci_intf.c.obj
[guren:ro] [275/413] Building C object zephyr/lib/posix/c_lib_ext/CMakeFiles/lib__posix__c_lib_ext.dir/getentropy.c.obj
[guren:ro] [276/413] Building C object zephyr/lib/posix/c_lib_ext/CMakeFiles/lib__posix__c_lib_ext.dir/getopt_shim.c.obj
[guren:ro] [277/413] Linking C static library zephyr/lib/posix/c_lib_ext/liblib__posix__c_lib_ext.a
[brox-ish:singleimage] [222/258] Building C object modules/ec/zephyr/subsys/host_service/heci/CMakeFiles/..__..__..__platform__ec__zephyr__subsys__host_service__heci.dir/heci_system_state.c.obj
[moonstone-ish:singleimage] [101/263] Building C object zephyr/CMakeFiles/zephyr.dir/subsys/pm/device_system_managed.c.obj
[ruby:rw] -- Board: npcx9, qualifiers: npcx9m7fb
[brox-ish:singleimage] [223/258] Building C object zephyr/kernel/CMakeFiles/kernel.dir/main_weak.c.obj
[brox-ish:singleimage] [224/258] Building C object modules/ec/zephyr/subsys/host_service/heci/CMakeFiles/..__..__..__platform__ec__zephyr__subsys__host_service__heci.dir/heci_core.c.obj
[brox-ish:singleimage] [225/258] Building C object modules/ec/zephyr/subsys/host_service/heci/CMakeFiles/..__..__..__platform__ec__zephyr__subsys__host_service__heci.dir/intfs/ipm_intf.c.obj
[uldrenite:rw] [4/421] Generating misc/generated/syscalls.json, misc/generated/struct_tags.json
[brox-ish:singleimage] [226/258] Linking C static library modules/ec/zephyr/subsys/host_service/heci/lib..__..__..__platform__ec__zephyr__subsys__host_service__heci.a
[brox-ish:singleimage] [227/258] Building C object zephyr/kernel/CMakeFiles/kernel.dir/banner.c.obj
[guren:ro] [278/413] Building C object zephyr/drivers/interrupt_controller/CMakeFiles/drivers__interrupt_controller.dir/intc_miwu.c.obj
[uldrenite:ro] [4/421] Generating misc/generated/syscalls.json, misc/generated/struct_tags.json
[guren:ro] [279/413] Building C object zephyr/drivers/adc/CMakeFiles/drivers__adc.dir/adc_common.c.obj
[uldrenite:rw] [5/421] Generating include/generated/zephyr/syscall_dispatch.c, include/generated/zephyr/syscall_exports_llext.c, syscall_weakdefs_llext.c, include/generated/zephyr/syscall_list.h
[guren:ro] [280/413] Linking C static library zephyr/drivers/interrupt_controller/libdrivers__interrupt_controller.a
[sanok:ro] Loaded configuration '/mnt/host/source/src/third_party/zephyr/main/boards/egis/egis_et171/egis_et171_defconfig'
[sanok:ro] Merged configuration '/mnt/host/source/src/platform/ec/zephyr/program/fpmcu/prj.conf'
[sanok:ro] Merged configuration '/mnt/host/source/src/platform/ec/zephyr/program/fpmcu/et171/prj.conf'
[sanok:ro] Merged configuration '/mnt/host/source/src/platform/ec/zephyr/program/fpmcu/et171/sanok.conf'
[sanok:ro] Merged configuration '/mnt/host/source/src/platform/ec/build/zephyr/sanok/kconfig-ro.conf'
[sanok:ro] Configuration saved to '/mnt/host/source/src/platform/ec/build/zephyr/sanok/build-ro/zephyr/.config'
[sanok:ro] Kconfig header saved to '/mnt/host/source/src/platform/ec/build/zephyr/sanok/build-ro/zephyr/include/generated/zephyr/autoconf.h'
[sanok:ro] -- Found LlvmLld: /usr/bin/riscv32-cros-elf-ld.lld (found suitable version "21.0.0", minimum required is "14.0.0")
[uldrenite:ro] [5/421] Generating include/generated/zephyr/syscall_dispatch.c, include/generated/zephyr/syscall_exports_llext.c, syscall_weakdefs_llext.c, include/generated/zephyr/syscall_list.h
[brox-ish:singleimage] [228/258] Building C object zephyr/kernel/CMakeFiles/kernel.dir/busy_wait.c.obj
[moonstone-ish:singleimage] [102/263] Building C object zephyr/CMakeFiles/zephyr.dir/subsys/testsuite/coverage/coverage.c.obj
[brox-ish:singleimage] [229/258] Building C object zephyr/kernel/CMakeFiles/kernel.dir/device.c.obj
[sanok:ro] -- The C compiler identification is Clang 21.0.0
[uldrenite:rw] [6/421] Generating include/generated/zephyr/driver-validation.h
[brox-ish:singleimage] [230/258] Building C object zephyr/kernel/CMakeFiles/kernel.dir/errno.c.obj
[guren:ro] [281/413] Building C object zephyr/drivers/adc/CMakeFiles/drivers__adc.dir/adc_npcx.c.obj
[uldrenite:ro] [6/421] Generating include/generated/zephyr/driver-validation.h
[sanok:ro] -- The CXX compiler identification is Clang 21.0.0
[brox-ish:singleimage] [231/258] Building C object zephyr/kernel/CMakeFiles/kernel.dir/fatal.c.obj
[guren:ro] [282/413] Linking C static library zephyr/drivers/adc/libdrivers__adc.a
[guren:ro] [283/413] Building C object zephyr/drivers/clock_control/CMakeFiles/drivers__clock_control.dir/clock_control_npcx.c.obj
[uldrenite:rw] [7/421] Generating include/generated/zephyr/kobj-types-enum.h, include/generated/zephyr/otype-to-str.h, include/generated/zephyr/otype-to-size.h
[uldrenite:rw] [8/421] Generating include/generated/device-api-sections.ld, include/generated/device-api-sections.cmake
[/mnt/host/source/src/platform/ec/build/zephyr/greenbayupoc-lcov] stderr:
[uldrenite:ro] [7/421] Generating include/generated/zephyr/kobj-types-enum.h, include/generated/zephyr/otype-to-str.h, include/generated/zephyr/otype-to-size.h
[guren:ro] [284/413] Building C object zephyr/drivers/bbram/CMakeFiles/drivers__bbram.dir/bbram_npcx.c.obj
[guren:ro] [285/413] Linking C static library zephyr/drivers/clock_control/libdrivers__clock_control.a
[guren:ro] [286/413] Linking C static library zephyr/drivers/bbram/libdrivers__bbram.a
[uldrenite:rw] [9/421] cd /mnt/host/source/src/platform/ec/build/zephyr/uldrenite/build-rw/modules/ec/zephyr && PYTHONPATH=/mnt/host/source/src/platform/ec/build/zephyr/uldrenite/modules/ec/zephyr/zmake/ /usr/bin/python3.11 /mnt/host/source/src/platform/ec/build/zephyr/uldrenite/modules/ec/zephyr/zmake/zephyr_build_tools/generate_ec_version.py /mnt/host/source/src/platform/ec/build/zephyr/uldrenite/build-rw/modules/ec/zephyr/include/ec_version.h --name Zephyr-Kernel --version 16543.0.0 --static
[uldrenite:rw] INFO:root:Using a static version string
[sanok:ro] -- The ASM compiler identification is Clang with GNU-like command-line
[sanok:ro] -- Found assembler: /usr/bin/riscv32-cros-elf-clang
[brox-ish:singleimage] [232/258] Building C object zephyr/kernel/CMakeFiles/kernel.dir/kheap.c.obj
[uldrenite:ro] [8/421] Generating include/generated/device-api-sections.ld, include/generated/device-api-sections.cmake
[brox-ish:singleimage] [233/258] Building C object zephyr/kernel/CMakeFiles/kernel.dir/init.c.obj
[moonstone-ish:singleimage] [103/263] Building C object zephyr/CMakeFiles/zephyr.dir/subsys/tracing/tracing_none.c.obj
[uldrenite:rw] INFO:root:Version string: Zephyr-Kernel-16543.0.0
[uldrenite:rw] INFO:root:Writing header to /mnt/host/source/src/platform/ec/build/zephyr/uldrenite/build-rw/modules/ec/zephyr/include/ec_version.h
[uldrenite:rw] [10/421] Building CXX object modules/pigweed/pw_build/CMakeFiles/pw_build.empty.dir/empty_file.cc.obj
[guren:ro] [287/413] Building C object zephyr/drivers/console/CMakeFiles/drivers__console.dir/uart_console.c.obj
[brox-ish:singleimage] [234/258] Building C object zephyr/kernel/CMakeFiles/kernel.dir/mem_slab.c.obj
[brox-ish:singleimage] [235/258] Building C object zephyr/kernel/CMakeFiles/kernel.dir/version.c.obj
[uldrenite:rw] [11/421] Generating pw_third_party.nanopb.proto/sources/nanopb.proto
[uldrenite:ro] [9/421] cd /mnt/host/source/src/platform/ec/build/zephyr/uldrenite/build-ro/modules/ec/zephyr && PYTHONPATH=/mnt/host/source/src/platform/ec/build/zephyr/uldrenite/modules/ec/zephyr/zmake/ /usr/bin/python3.11 /mnt/host/source/src/platform/ec/build/zephyr/uldrenite/modules/ec/zephyr/zmake/zephyr_build_tools/generate_ec_version.py /mnt/host/source/src/platform/ec/build/zephyr/uldrenite/build-ro/modules/ec/zephyr/include/ec_version.h --name Zephyr-Kernel --version 16543.0.0 --static
[brox-ish:singleimage] [236/258] Building C object zephyr/kernel/CMakeFiles/kernel.dir/float.c.obj
[guren:ro] [288/413] Linking C static library zephyr/drivers/console/libdrivers__console.a
[uldrenite:rw] [12/421] Generating dsp_comms.proto/sources/proto/ec_dsp.proto, dsp_comms.proto/sources/proto/ec_dsp.options
[uldrenite:ro] INFO:root:Using a static version string
[uldrenite:ro] INFO:root:Version string: Zephyr-Kernel-16543.0.0
[uldrenite:ro] INFO:root:Writing header to /mnt/host/source/src/platform/ec/build/zephyr/uldrenite/build-ro/modules/ec/zephyr/include/ec_version.h
[uldrenite:ro] [10/421] Building CXX object modules/pigweed/pw_build/CMakeFiles/pw_build.empty.dir/empty_file.cc.obj
[/mnt/host/source/src/platform/ec/build/zephyr/greenbayupoc-lcov]   /mnt/host/source/src/platform/ec/build/zephyr/greenbayupoc/build-ro/modules/ec/zephyr/CMakeFiles/ec_shim.dir/shim/src/thermal.c.gcno:no functions found
[/mnt/host/source/src/platform/ec/build/zephyr/greenbayupoc-lcov] stderr:
[uldrenite:rw] [13/421] Generating pw_transport.proto/sources/pw_transport/proto/transport.proto, pw_transport.proto/sources/pw_transport/proto/transport.options
[brox-ish:singleimage] [237/258] Building C object zephyr/kernel/CMakeFiles/kernel.dir/idle.c.obj
[uldrenite:ro] [11/421] Generating pw_third_party.nanopb.proto/sources/nanopb.proto
[guren:ro] [289/413] Building C object zephyr/drivers/eeprom/CMakeFiles/drivers__eeprom.dir/eeprom_at2x.c.obj
[moonstone-ish:singleimage] [104/263] Building C object zephyr/CMakeFiles/zephyr.dir/subsys/shell/modules/kernel_service/kernel_shell.c.obj
[uldrenite:ro] [12/421] Generating dsp_comms.proto/sources/proto/ec_dsp.proto, dsp_comms.proto/sources/proto/ec_dsp.options
[uldrenite:ro] [13/421] Generating pw_transport.proto/sources/pw_transport/proto/transport.proto, pw_transport.proto/sources/pw_transport/proto/transport.options
[brox-ish:singleimage] [238/258] Building C object zephyr/kernel/CMakeFiles/kernel.dir/mailbox.c.obj
[guren:ro] [290/413] Linking C static library zephyr/drivers/eeprom/libdrivers__eeprom.a
[/mnt/host/source/src/platform/ec/build/zephyr/greenbayupoc-lcov]   /mnt/host/source/src/platform/ec/build/zephyr/greenbayupoc/build-ro/modules/ec/zephyr/CMakeFiles/ec_shim.dir/shim/src/battery.c.gcno:no functions found
[/mnt/host/source/src/platform/ec/build/zephyr/greenbayupoc-lcov] stderr:
[brox-ish:singleimage] [239/258] Building C object zephyr/kernel/CMakeFiles/kernel.dir/msg_q.c.obj
[brox-ish:singleimage] [240/258] Building C object zephyr/kernel/CMakeFiles/kernel.dir/mutex.c.obj
[guren:ro] [291/413] Building C object zephyr/drivers/flash/CMakeFiles/drivers__flash.dir/jesd216.c.obj
[sanok:ro] -- Performing EC specific devicetree checks
[uldrenite:rw] [14/421] Generating /mnt/host/source/src/platform/ec/build/zephyr/uldrenite/modules/nanopb/generator/proto/nanopb_pb2.py
[guren:ro] [292/413] Building C object zephyr/drivers/espi/CMakeFiles/drivers__espi.dir/espi_npcx.c.obj
[brox-ish:singleimage] [241/258] Building C object zephyr/kernel/CMakeFiles/kernel.dir/queue.c.obj
[sanok:ro] INFO: Verified 0 GPIOs, no duplicates found
[sanok:ro] INFO: Verified 2 '*-gpios' properties, all flags match.
[sanok:ro] INFO: Skipped 1 named-gpios children.
[moonstone-ish:singleimage] [105/263] Building C object zephyr/CMakeFiles/zephyr.dir/subsys/shell/modules/kernel_service/cycles.c.obj
[guren:ro] [293/413] Building C object zephyr/drivers/espi/CMakeFiles/drivers__espi.dir/host_subs_npcx.c.obj
[/mnt/host/source/src/platform/ec/build/zephyr/yavilla-lcov]   /mnt/host/source/src/platform/ec/build/zephyr/yavilla/build-rw/zephyr/arch/common/CMakeFiles/isr_tables.dir/isr_tables.c.gcno:no functions found
[/mnt/host/source/src/platform/ec/build/zephyr/yavilla-lcov] stderr:
[uldrenite:ro] [14/421] Generating /mnt/host/source/src/platform/ec/build/zephyr/uldrenite/modules/nanopb/generator/proto/nanopb_pb2.py
[brox-ish:singleimage] [242/258] Building C object zephyr/kernel/CMakeFiles/kernel.dir/system_work_q.c.obj
[brox-ish:singleimage] [243/258] Building C object zephyr/kernel/CMakeFiles/kernel.dir/sem.c.obj
[brox-ish:singleimage] [244/258] Building C object zephyr/kernel/CMakeFiles/kernel.dir/stack.c.obj
[ruby:rw] -- Found Dtc: /usr/bin/dtc (found suitable version "1.6.0", minimum required is "1.4.6")
[sanok:ro] -- warning_base_override: -Wall;-Wformat;-Wformat-security;-Wno-format-zero-length;-Wno-unused-but-set-variable;-Wno-typedef-redefinition;-Wno-deprecated-non-prototype;-Wno-pointer-sign;-Wpointer-arith;-Wno-main;-Wno-unknown-warning-option;-Wno-arm-interrupt-vfp-clobber;-Wno-extra
[guren:ro] [294/413] Linking C static library zephyr/drivers/espi/libdrivers__espi.a
[guren:ro] [295/413] Building C object zephyr/drivers/flash/CMakeFiles/drivers__flash.dir/flash_npcx_fiu_nor.c.obj
[/mnt/host/source/src/platform/ec/build/zephyr/yavilla-lcov]   /mnt/host/source/src/platform/ec/build/zephyr/yavilla/build-rw/zephyr/CMakeFiles/zephyr.dir/lib/libc/validate_libc.c.gcno:no functions found
[/mnt/host/source/src/platform/ec/build/zephyr/yavilla-lcov] stderr:
[sanok:ro] CMake Warning (dev) at /usr/share/cmake/Modules/GNUInstallDirs.cmake:253 (message):
[sanok:ro]   Unable to determine default CMAKE_INSTALL_LIBDIR directory because no
[sanok:ro]   target architecture is known.  Please enable at least one language before
[sanok:ro]   including GNUInstallDirs.
[sanok:ro] Call Stack (most recent call first):
[sanok:ro]   /mnt/host/source/src/third_party/boringssl/CMakeLists.txt:25 (include)
[sanok:ro] This warning is for project developers.  Use -Wno-dev to suppress it.
[moonstone-ish:singleimage] [106/263] Building C object zephyr/CMakeFiles/zephyr.dir/subsys/shell/modules/kernel_service/sleep.c.obj
[uldrenite:rw] [15/421] Generating dsp_comms.proto/nanopb/proto/ec_dsp.pb.h, dsp_comms.proto/nanopb/proto/ec_dsp.pb.c
[/mnt/host/source/src/platform/ec/build/zephyr/greenbayupoc-lcov]   /mnt/host/source/src/platform/ec/build/zephyr/greenbayupoc/build-ro/modules/ec/zephyr/CMakeFiles/ec_shim.dir/shim/src/charger.c.gcno:no functions found
[/mnt/host/source/src/platform/ec/build/zephyr/greenbayupoc-lcov] stderr:
[sanok:ro] -- neither CONFIG_EGIS_EGIS630_LIBRARY nor CONFIG_EGIS_EC660_LIBRARY are enabled
[brox-ish:singleimage] [245/258] Building C object zephyr/kernel/CMakeFiles/kernel.dir/condvar.c.obj
[brox-ish:singleimage] [246/258] Building C object zephyr/kernel/CMakeFiles/kernel.dir/work.c.obj
[brox-ish:singleimage] [247/258] Building C object zephyr/kernel/CMakeFiles/kernel.dir/thread.c.obj
[guren:ro] [296/413] Building C object zephyr/drivers/flash/CMakeFiles/drivers__flash.dir/flash_npcx_fiu_qspi.c.obj
[sanok:ro] -- Found gen_kobject_list: /mnt/host/source/src/third_party/zephyr/main/scripts/build/gen_kobject_list.py
[guren:ro] [297/413] Building C object zephyr/drivers/i2c/CMakeFiles/drivers__i2c.dir/i2c_common.c.obj
[sanok:ro] CMake Warning at /mnt/host/source/src/third_party/zephyr/main/CMakeLists.txt:1134 (message):
[sanok:ro]   No SOURCES given to Zephyr library: drivers__clock_control
[sanok:ro]   Excluding target from build.
[sanok:ro] CMake Warning at /mnt/host/source/src/third_party/zephyr/main/CMakeLists.txt:1134 (message):
[sanok:ro]   No SOURCES given to Zephyr library: drivers__crypto
[sanok:ro]   Excluding target from build.
[sanok:ro] CMake Warning at /mnt/host/source/src/third_party/zephyr/main/CMakeLists.txt:1134 (message):
[sanok:ro]   No SOURCES given to Zephyr library: drivers__entropy
[sanok:ro]   Excluding target from build.
[uldrenite:ro] [15/421] Generating dsp_comms.proto/nanopb/proto/ec_dsp.pb.h, dsp_comms.proto/nanopb/proto/ec_dsp.pb.c
[sanok:ro] CMake Warning at /mnt/host/source/src/third_party/zephyr/main/CMakeLists.txt:2359 (message):
[sanok:ro]   __ASSERT() statements are globally ENABLED
[guren:ro] [298/413] Linking C static library zephyr/drivers/flash/libdrivers__flash.a
[guren:ro] [299/413] Building C object zephyr/drivers/gpio/CMakeFiles/drivers__gpio.dir/gpio_npcx.c.obj
[brox-ish:singleimage] [248/258] Building C object zephyr/kernel/CMakeFiles/kernel.dir/sched.c.obj
[sanok:ro] -- Configuring done (14.7s)
[guren:ro] [300/413] Linking C static library zephyr/drivers/gpio/libdrivers__gpio.a
[moonstone-ish:singleimage] [107/263] Building C object zephyr/CMakeFiles/zephyr.dir/subsys/shell/modules/kernel_service/uptime.c.obj
[brox-ish:singleimage] [249/258] Building C object zephyr/kernel/CMakeFiles/kernel.dir/pipe.c.obj
[brox-ish:singleimage] [250/258] Building C object zephyr/kernel/CMakeFiles/kernel.dir/thread_monitor.c.obj
[guren:ro] [301/413] Building C object zephyr/drivers/i2c/CMakeFiles/drivers__i2c.dir/i2c_shell.c.obj
[brox-ish:singleimage] [251/258] Building C object zephyr/kernel/CMakeFiles/kernel.dir/spinlock_validate.c.obj
[uldrenite:rw] [16/421] Generating pw_transport.proto/nanopb/pw_transport/proto/transport.pb.h, pw_transport.proto/nanopb/pw_transport/proto/transport.pb.c
[brox-ish:singleimage] [252/258] Building C object zephyr/kernel/CMakeFiles/kernel.dir/timeout.c.obj
[moonstone-ish:singleimage] [108/263] Building C object zephyr/CMakeFiles/zephyr.dir/subsys/shell/modules/kernel_service/version.c.obj
[uldrenite:ro] [16/421] Generating pw_transport.proto/nanopb/pw_transport/proto/transport.pb.h, pw_transport.proto/nanopb/pw_transport/proto/transport.pb.c
[guren:ro] [302/413] Building C object zephyr/drivers/i2c/CMakeFiles/drivers__i2c.dir/i2c_npcx_controller.c.obj
[brox-ish:singleimage] [253/258] Building C object zephyr/kernel/CMakeFiles/kernel.dir/timer.c.obj
[guren:ro] [303/413] Building C object zephyr/drivers/pinctrl/CMakeFiles/drivers__pinctrl.dir/common.c.obj
[brox-ish:singleimage] [254/258] Building C object zephyr/kernel/CMakeFiles/kernel.dir/events.c.obj
[guren:ro] [304/413] Building C object zephyr/drivers/i2c/CMakeFiles/drivers__i2c.dir/i2c_npcx_controller_fifo.c.obj
[brox-ish:singleimage] [255/258] Building C object zephyr/kernel/CMakeFiles/kernel.dir/poll.c.obj
[guren:ro] [305/413] Building C object zephyr/drivers/sensor/CMakeFiles/drivers__sensor.dir/mnt/host/source/src/third_party/zephyr/main/misc/empty_file.c.obj
[/mnt/host/source/src/platform/ec/build/zephyr/yavilla-lcov]   /mnt/host/source/src/platform/ec/build/zephyr/yavilla/build-rw/zephyr/CMakeFiles/zephyr.dir/lib/utils/last_section_id.c.gcno:no functions found
[/mnt/host/source/src/platform/ec/build/zephyr/yavilla-lcov] stderr:
[sanok:ro] -- Generating done (0.9s)
[sanok:ro] -- Build files have been written to: /mnt/host/source/src/platform/ec/build/zephyr/sanok/build-ro
[guren:ro] [306/413] Linking C static library zephyr/drivers/sensor/libdrivers__sensor.a
[guren:ro] [307/413] Building C object zephyr/drivers/i2c/CMakeFiles/drivers__i2c.dir/i2c_npcx_port.c.obj
[brox-ish:singleimage] [256/258] Building C object zephyr/kernel/CMakeFiles/kernel.dir/mempool.c.obj
[guren:ro] [308/413] Linking C static library zephyr/drivers/i2c/libdrivers__i2c.a
[guren:ro] [309/413] Building C object zephyr/drivers/pinctrl/CMakeFiles/drivers__pinctrl.dir/pinctrl_npcx.c.obj
[moonstone-ish:singleimage] [109/263] Building C object zephyr/CMakeFiles/zephyr.dir/subsys/shell/modules/kernel_service/log-level.c.obj
[brox-ish:singleimage] [257/258] Building C object zephyr/kernel/CMakeFiles/kernel.dir/dynamic_disabled.c.obj
[guren:ro] [310/413] Linking C static library zephyr/drivers/pinctrl/libdrivers__pinctrl.a
[brox-ish:singleimage] [258/258] Linking C static library zephyr/kernel/libkernel.a
[uldrenite:rw] [17/421] Building C object zephyr/CMakeFiles/offsets.dir/arch/arm/core/offsets/offsets.c.obj
[/mnt/host/source/src/platform/ec/build/zephyr/greenbayupoc-lcov]   /mnt/host/source/src/platform/ec/build/zephyr/greenbayupoc/build-ro/modules/ec/zephyr/CMakeFiles/ec_shim.dir/shim/src/usba.c.gcno:no functions found
[/mnt/host/source/src/platform/ec/build/zephyr/greenbayupoc-lcov] stderr:
[guren:ro] [311/413] Building C object zephyr/drivers/pwm/CMakeFiles/drivers__pwm.dir/pwm_npcx.c.obj
[moonstone-ish:singleimage] [110/263] Building C object zephyr/CMakeFiles/zephyr.dir/subsys/shell/modules/kernel_service/reboot.c.obj
[uldrenite:rw] [18/421] Building C object zephyr/drivers/sensor/CMakeFiles/drivers__sensor.dir/mnt/host/source/src/third_party/zephyr/main/misc/empty_file.c.obj
[uldrenite:ro] [17/421] Building C object zephyr/CMakeFiles/offsets.dir/arch/arm/core/offsets/offsets.c.obj
[guren:ro] [312/413] Linking C static library zephyr/drivers/pwm/libdrivers__pwm.a
[guren:ro] [313/413] Building C object zephyr/drivers/sensor/nuvoton/nuvoton_adc_cmp_npcx/CMakeFiles/drivers__sensor__nuvoton__nuvoton_adc_cmp_npcx.dir/adc_cmp_npcx.c.obj
[uldrenite:ro] [18/421] Building C object zephyr/drivers/sensor/CMakeFiles/drivers__sensor.dir/mnt/host/source/src/third_party/zephyr/main/misc/empty_file.c.obj
[moonstone-ish:singleimage] [111/263] Building C object zephyr/CMakeFiles/zephyr.dir/subsys/shell/modules/kernel_service/thread/thread.c.obj
[guren:ro] [314/413] Linking C static library zephyr/drivers/sensor/nuvoton/nuvoton_adc_cmp_npcx/libdrivers__sensor__nuvoton__nuvoton_adc_cmp_npcx.a
[ruby:rw] -- Found BOARD.dts: /mnt/host/source/src/platform/ec/zephyr/boards/google/npcx9/npcx9_npcx9m7fb.dts
[ruby:rw] -- Found devicetree overlay: /mnt/host/source/src/platform/ec/zephyr/program/fatcat/ruby/project.overlay
[ruby:rw] -- Generated zephyr.dts: /mnt/host/source/src/platform/ec/build/zephyr/ruby/build-rw/zephyr/zephyr.dts
[ruby:rw] -- Generated pickled edt: /mnt/host/source/src/platform/ec/build/zephyr/ruby/build-rw/zephyr/edt.pickle
[uldrenite:rw] [19/421] Building C object modules/ec/zephyr/drivers/dsp_comms/CMakeFiles/dsp_comms.proto.nanopb.dir/dsp_comms.proto/nanopb/proto/ec_dsp.pb.c.obj
[guren:ro] [315/413] Building C object zephyr/drivers/syscon/CMakeFiles/drivers__syscon.dir/syscon.c.obj
[guren:ro] [316/413] Linking C static library zephyr/drivers/syscon/libdrivers__syscon.a
[guren:ro] [317/413] Building C object zephyr/drivers/serial/CMakeFiles/drivers__serial.dir/uart_npcx.c.obj
[guren:ro] [318/413] Building C object zephyr/drivers/sensor/nuvoton/nuvoton_tach_npcx/CMakeFiles/drivers__sensor__nuvoton__nuvoton_tach_npcx.dir/tach_nuvoton_npcx.c.obj
[uldrenite:ro] [19/421] Building C object modules/ec/zephyr/drivers/dsp_comms/CMakeFiles/dsp_comms.proto.nanopb.dir/dsp_comms.proto/nanopb/proto/ec_dsp.pb.c.obj
[guren:ro] [319/413] Building C object zephyr/drivers/timer/CMakeFiles/drivers__timer.dir/sys_clock_init.c.obj
[uldrenite:rw] [20/421] Building C object modules/ec/zephyr/drivers/pw_transport/CMakeFiles/pw_transport.proto.nanopb.dir/pw_transport.proto/nanopb/pw_transport/proto/transport.pb.c.obj
[guren:ro] [320/413] Linking C static library zephyr/drivers/sensor/nuvoton/nuvoton_tach_npcx/libdrivers__sensor__nuvoton__nuvoton_tach_npcx.a
[guren:ro] [321/413] Linking C static library zephyr/drivers/serial/libdrivers__serial.a
[guren:ro] [322/413] Building C object zephyr/drivers/watchdog/CMakeFiles/drivers__watchdog.dir/wdt_npcx.c.obj
[moonstone-ish:singleimage] [112/263] Building C object zephyr/CMakeFiles/zephyr.dir/subsys/shell/modules/kernel_service/thread/list.c.obj
[guren:ro] [323/413] Building C object zephyr/drivers/timer/CMakeFiles/drivers__timer.dir/npcx_itim_timer.c.obj
[guren:ro] [324/413] Linking C static library zephyr/drivers/watchdog/libdrivers__watchdog.a
[moonstone-ish:singleimage] [113/263] Building C object zephyr/CMakeFiles/zephyr.dir/subsys/shell/modules/kernel_service/thread/stacks.c.obj
[uldrenite:ro] [20/421] Building C object modules/ec/zephyr/drivers/pw_transport/CMakeFiles/pw_transport.proto.nanopb.dir/pw_transport.proto/nanopb/pw_transport/proto/transport.pb.c.obj
[guren:ro] [325/413] Linking C static library zephyr/drivers/timer/libdrivers__timer.a
[ruby:rw] -- Generated devicetree_generated.h: /mnt/host/source/src/platform/ec/build/zephyr/ruby/build-rw/zephyr/include/generated/zephyr/devicetree_generated.h
[guren:ro] [326/413] Building C object modules/ec/zephyr/CMakeFiles/ec_shim.dir/app/ec/ec_app_main.c.obj
[moonstone-ish:singleimage] [114/263] Building C object zephyr/CMakeFiles/zephyr.dir/subsys/shell/modules/kernel_service/thread/unwind.c.obj
[guren:ro] [327/413] Building C object modules/ec/zephyr/CMakeFiles/ec_shim.dir/app/ec/main_shim.c.obj
[moonstone-ish:singleimage] [115/263] Building C object zephyr/CMakeFiles/zephyr.dir/subsys/shell/modules/kernel_service/thread/suspend.c.obj
[guren:ro] [328/413] Building C object modules/ec/zephyr/CMakeFiles/ec_shim.dir/drivers/cros_flash/cros_flash_npcx.c.obj
[guren:ro] [329/413] Building C object modules/ec/zephyr/CMakeFiles/ec_shim.dir/drivers/cros_kblight/pwm_kblight.c.obj
[guren:ro] [330/413] Building C object modules/ec/zephyr/CMakeFiles/ec_shim.dir/drivers/cros_kb_raw/cros_kb_raw_npcx.c.obj
[guren:ro] [331/413] Building C object modules/ec/zephyr/CMakeFiles/ec_shim.dir/drivers/cros_system/cros_system_npcx.c.obj
[guren:ro] [332/413] Building C object modules/ec/zephyr/CMakeFiles/ec_shim.dir/shim/chip/npcx/clock.c.obj
[guren:ro] [333/413] Building C object modules/ec/zephyr/CMakeFiles/ec_shim.dir/drivers/vivaldi_kbd/vivaldi_kbd.c.obj
[moonstone-ish:singleimage] [116/263] Building C object zephyr/CMakeFiles/zephyr.dir/subsys/shell/modules/kernel_service/thread/resume.c.obj
[moonstone-ish:singleimage] [117/263] Building C object zephyr/CMakeFiles/zephyr.dir/subsys/shell/modules/kernel_service/thread/kill.c.obj
[guren:ro] [334/413] Building C object modules/ec/zephyr/CMakeFiles/ec_shim.dir/shim/chip/npcx/rom_chip.c.obj
[guren:ro] [335/413] Building C object modules/ec/zephyr/CMakeFiles/ec_shim.dir/shim/chip/npcx/keyboard_raw.c.obj
[moonstone-ish:singleimage] [118/263] Building C object zephyr/CMakeFiles/zephyr.dir/subsys/shell/backends/shell_uart.c.obj
[guren:ro] [336/413] Building C object modules/ec/zephyr/CMakeFiles/ec_shim.dir/shim/src/crc.c.obj
[guren:ro] [337/413] Building C object modules/ec/zephyr/CMakeFiles/ec_shim.dir/shim/chip/npcx/system.c.obj
[guren:ro] [338/413] Building C object modules/ec/zephyr/CMakeFiles/ec_shim.dir/shim/chip/npcx/system_download_from_flash.c.obj
[ruby:rw] /mnt/host/source/src/platform/ec/build/zephyr/ruby/build-rw/zephyr/zephyr.dts:5240.9-5247.5: Warning (gpios_property): /fans/fan_0: Missing property '#gpio-cells' in node /named-gpios/en_pp5000_fan or bad phandle (referred from enable-gpio[0])
[guren:ro] [339/413] Building C object modules/ec/zephyr/CMakeFiles/ec_shim.dir/shim/chip/npcx/system_external_storage.c.obj
[moonstone-ish:singleimage] [119/263] Building C object zephyr/CMakeFiles/zephyr.dir/subsys/shell/shell.c.obj
[guren:ro] [340/413] Building C object modules/ec/zephyr/CMakeFiles/ec_shim.dir/shim/chip/npcx/gpio.c.obj
[guren:ro] [341/413] Building C object modules/ec/zephyr/CMakeFiles/ec_shim.dir/shim/core/cortex-m/panic.c.obj
[guren:ro] [342/413] Building C object modules/ec/zephyr/CMakeFiles/ec_shim.dir/shim/chip/npcx/power_policy.c.obj
[guren:ro] [343/413] Building C object modules/ec/zephyr/CMakeFiles/ec_shim.dir/shim/core/cortex-m/mpu.c.obj
[moonstone-ish:singleimage] [120/263] Building C object zephyr/CMakeFiles/zephyr.dir/subsys/shell/shell_fprintf.c.obj
[uldrenite:rw] [21/421] Building CXX object modules/ec/zephyr/shim/src/CMakeFiles/platform_ec_log.tokenized_handler.dir/pw_log_zephyr_tokenized.cc.obj
[uldrenite:ro] [21/421] Building CXX object modules/ec/zephyr/shim/src/CMakeFiles/platform_ec_log.tokenized_handler.dir/pw_log_zephyr_tokenized.cc.obj
[moonstone-ish:singleimage] [121/263] Building C object zephyr/CMakeFiles/zephyr.dir/subsys/shell/shell_utils.c.obj
[guren:ro] [344/413] Building C object modules/ec/zephyr/CMakeFiles/ec_shim.dir/shim/src/console.c.obj
[moonstone-ish:singleimage] [122/263] Building C object zephyr/CMakeFiles/zephyr.dir/subsys/shell/shell_ops.c.obj
[guren:ro] [345/413] Building C object modules/ec/zephyr/CMakeFiles/ec_shim.dir/shim/src/panic_utils.c.obj
[guren:ro] [346/413] Building C object modules/ec/zephyr/CMakeFiles/ec_shim.dir/shim/src/gpio.c.obj
[guren:ro] [347/413] Building C object modules/ec/zephyr/CMakeFiles/ec_shim.dir/shim/src/gpio_int.c.obj
[guren:ro] [348/413] Building C object modules/ec/zephyr/CMakeFiles/ec_shim.dir/shim/src/cbi/cros_cbi.c.obj
[guren:ro] [349/413] Building C object modules/ec/zephyr/CMakeFiles/ec_shim.dir/shim/src/pm_state.c.obj
[guren:ro] [350/413] Building ASM object modules/ec/zephyr/CMakeFiles/ec_shim.dir/shim/src/libgcc_arm.S.obj
[moonstone-ish:singleimage] [123/263] Building C object zephyr/CMakeFiles/zephyr.dir/subsys/shell/shell_log_backend.c.obj
[guren:ro] [351/413] Building C object modules/ec/zephyr/CMakeFiles/ec_shim.dir/shim/src/cbi/cros_cbi_ssfc.c.obj
[guren:ro] [352/413] Building C object modules/ec/zephyr/CMakeFiles/ec_shim.dir/shim/src/cbi/cbi_eeprom.c.obj
[moonstone-ish:singleimage] [124/263] Building C object zephyr/CMakeFiles/zephyr.dir/subsys/shell/shell_help.c.obj
[guren:ro] [353/413] Building C object modules/ec/zephyr/CMakeFiles/ec_shim.dir/shim/src/cbi/cros_cbi_fw_config.c.obj
[uldrenite:rw] [22/421] Building CXX object modules/pigweed/pw_base64/CMakeFiles/pw_base64.dir/base64.cc.obj
[moonstone-ish:singleimage] [125/263] Building C object zephyr/CMakeFiles/zephyr.dir/subsys/shell/shell_history.c.obj
[guren:ro] [354/413] Building C object modules/ec/zephyr/CMakeFiles/ec_shim.dir/shim/src/led_driver/led.c.obj
[moonstone-ish:singleimage] [126/263] Building C object zephyr/CMakeFiles/zephyr.dir/mnt/host/source/src/third_party/zephyrproject/modules/hal/intel/zephyr/bsp_sedi/bsp_sedi_rtos_utils.c.obj
[uldrenite:ro] [22/421] Building CXX object modules/pigweed/pw_base64/CMakeFiles/pw_base64.dir/base64.cc.obj
[moonstone-ish:singleimage] [127/263] Building C object zephyr/arch/common/CMakeFiles/arch__common.dir/init.c.obj
[moonstone-ish:singleimage] [128/263] Linking CXX static library zephyr/libzephyr.a
[guren:ro] [355/413] Building C object modules/ec/zephyr/CMakeFiles/ec_shim.dir/shim/src/led_driver/led_gpio.c.obj
[moonstone-ish:singleimage] [129/263] Linking CXX static library zephyr/arch/common/libarch__common.a
[guren:ro] [356/413] Building C object modules/ec/zephyr/CMakeFiles/ec_shim.dir/shim/src/system.c.obj
[guren:ro] [357/413] Building C object modules/ec/zephyr/CMakeFiles/ec_shim.dir/shim/src/adc.c.obj
[guren:ro] [358/413] Building C object modules/ec/zephyr/CMakeFiles/ec_shim.dir/shim/src/battery.c.obj
[guren:ro] [359/413] Building C object modules/ec/zephyr/CMakeFiles/ec_shim.dir/shim/src/charger.c.obj
[guren:ro] [360/413] Building C object modules/ec/zephyr/CMakeFiles/ec_shim.dir/shim/src/chipset_api.c.obj
[guren:ro] [361/413] Building C object modules/ec/zephyr/CMakeFiles/ec_shim.dir/shim/src/espi.c.obj
[moonstone-ish:singleimage] [130/263] Building C object zephyr/arch/arch/x86/core/CMakeFiles/arch__x86__core.dir/prep_c.c.obj
[moonstone-ish:singleimage] [131/263] Building C object zephyr/arch/arch/x86/core/CMakeFiles/arch__x86__core.dir/cpuhalt.c.obj
[guren:ro] [362/413] Building C object modules/ec/zephyr/CMakeFiles/ec_shim.dir/shim/src/fan.c.obj
[guren:ro] [363/413] Building C object modules/ec/zephyr/CMakeFiles/ec_shim.dir/shim/src/flash.c.obj
[moonstone-ish:singleimage] [132/263] Building C object zephyr/arch/arch/x86/core/CMakeFiles/arch__x86__core.dir/cpuid.c.obj
[guren:ro] [364/413] Building C object modules/ec/zephyr/CMakeFiles/ec_shim.dir/shim/src/mkbp_event.c.obj
[ruby:rw] warning: PLATFORM_EC_LED_COMMON (defined at /mnt/host/source/src/platform/ec/zephyr/Kconfig.led:5)
[ruby:rw] was assigned the value 'y' but got the value 'n'. Check these unsatisfied dependencies:
[ruby:rw] (!PLATFORM_EC_LED_DT) (=n). See
[ruby:rw] http://docs.zephyrproject.org/latest/kconfig.html#CONFIG_PLATFORM_EC_LED_COMMON and/or look up
[ruby:rw] PLATFORM_EC_LED_COMMON in the menuconfig/guiconfig interface. The Application Development Primer,
[ruby:rw] Setting Configuration Values, and Kconfig - Tips and Best Practices sections of the manual might be
[ruby:rw] helpful too.
[moonstone-ish:singleimage] [133/263] Building C object zephyr/arch/arch/x86/core/CMakeFiles/arch__x86__core.dir/fatal.c.obj
[guren:ro] [365/413] Building C object modules/ec/zephyr/CMakeFiles/ec_shim.dir/shim/src/console_buffer.c.obj
[guren:ro] [366/413] Building C object modules/ec/zephyr/CMakeFiles/ec_shim.dir/shim/src/hooks.c.obj
[guren:ro] [367/413] Building C object modules/ec/zephyr/CMakeFiles/ec_shim.dir/shim/src/keyboard_raw.c.obj
[guren:ro] [368/413] Building C object modules/ec/zephyr/CMakeFiles/ec_shim.dir/shim/src/host_command.c.obj
[uldrenite:rw] [23/421] Building CXX object modules/pigweed/pw_bytes/CMakeFiles/pw_bytes.dir/byte_builder.cc.obj
[moonstone-ish:singleimage] [134/263] Building C object zephyr/arch/arch/x86/core/CMakeFiles/arch__x86__core.dir/spec_ctrl.c.obj
[guren:ro] [369/413] Building C object modules/ec/zephyr/CMakeFiles/ec_shim.dir/shim/src/panic.c.obj
[guren:ro] [370/413] Building C object modules/ec/zephyr/CMakeFiles/ec_shim.dir/shim/src/motionsense_sensors.c.obj
[guren:ro] [371/413] Building C object modules/ec/zephyr/CMakeFiles/ec_shim.dir/shim/src/pwm_hc.c.obj
[uldrenite:rw] [24/421] Building CXX object modules/pigweed/pw_containers/CMakeFiles/pw_containers.intrusive_item.dir/intrusive_item.cc.obj
[moonstone-ish:singleimage] [135/263] Building C object zephyr/arch/arch/x86/core/CMakeFiles/arch__x86__core.dir/reboot_rst_cnt.c.obj
[ruby:rw] Parsing /mnt/host/source/src/platform/ec/zephyr/program/fatcat/Kconfig
[uldrenite:ro] [23/421] Building CXX object modules/pigweed/pw_bytes/CMakeFiles/pw_bytes.dir/byte_builder.cc.obj
[moonstone-ish:singleimage] [136/263] Building C object zephyr/arch/arch/x86/core/CMakeFiles/arch__x86__core.dir/tls.c.obj
[guren:ro] [372/413] Building C object modules/ec/zephyr/CMakeFiles/ec_shim.dir/shim/src/temp_sensors.c.obj
[guren:ro] [373/413] Building C object modules/ec/zephyr/CMakeFiles/ec_shim.dir/shim/src/thermal.c.obj
[guren:ro] [374/413] Building C object modules/ec/zephyr/CMakeFiles/ec_shim.dir/shim/src/hwtimer.c.obj
[uldrenite:ro] [24/421] Building CXX object modules/pigweed/pw_containers/CMakeFiles/pw_containers.intrusive_item.dir/intrusive_item.cc.obj
[moonstone-ish:singleimage] [137/263] Building ASM object zephyr/arch/arch/x86/core/CMakeFiles/arch__x86__core.dir/ia32/crt0.S.obj
[guren:ro] [375/413] Building C object modules/ec/zephyr/CMakeFiles/ec_shim.dir/shim/src/i2c.c.obj
[guren:ro] [376/413] Building C object modules/ec/zephyr/CMakeFiles/ec_shim.dir/shim/src/tasks.c.obj
[moonstone-ish:singleimage] [138/263] Building ASM object zephyr/arch/arch/x86/core/CMakeFiles/arch__x86__core.dir/ia32/excstub.S.obj
[guren:ro] [377/413] Building C object modules/ec/zephyr/CMakeFiles/ec_shim.dir/shim/src/watchdog.c.obj
[guren:ro] [378/413] Building C object modules/ec/zephyr/CMakeFiles/ec_shim.dir/shim/src/power_host_sleep_api.c.obj
[guren:ro] [379/413] Building C object modules/ec/zephyr/CMakeFiles/ec_shim.dir/shim/src/usba.c.obj
[moonstone-ish:singleimage] [139/263] Building ASM object zephyr/arch/arch/x86/core/CMakeFiles/arch__x86__core.dir/ia32/intstub.S.obj
[guren:ro] [380/413] Building C object modules/ec/zephyr/CMakeFiles/ec_shim.dir/shim/src/usb_muxes.c.obj
[moonstone-ish:singleimage] [140/263] Building C object zephyr/arch/arch/x86/core/CMakeFiles/arch__x86__core.dir/ia32/irq_manage.c.obj
[guren:ro] [381/413] Building C object zephyr/kernel/CMakeFiles/kernel.dir/busy_wait.c.obj
[guren:ro] [382/413] Building C object zephyr/kernel/CMakeFiles/kernel.dir/banner.c.obj
[ruby:rw] Loaded configuration '/mnt/host/source/src/platform/ec/zephyr/boards/google/npcx9/npcx9_npcx9m7fb_defconfig'
[ruby:rw] Merged configuration '/mnt/host/source/src/platform/ec/zephyr/program/fatcat/program.conf'
[ruby:rw] Merged configuration '/mnt/host/source/src/platform/ec/zephyr/program/fatcat/ruby/project.conf'
[ruby:rw] Merged configuration '/mnt/host/source/src/platform/ec/build/zephyr/ruby/kconfig-rw.conf'
[ruby:rw] Configuration saved to '/mnt/host/source/src/platform/ec/build/zephyr/ruby/build-rw/zephyr/.config'
[ruby:rw] Kconfig header saved to '/mnt/host/source/src/platform/ec/build/zephyr/ruby/build-rw/zephyr/include/generated/zephyr/autoconf.h'
[ruby:rw] -- Found GnuLd: /home/jpmurphy/.cache/coreboot-sdk/arm-eabi/ea40ddd1d190c3b48435c474c0b545719371813a/arm-eabi/bin/ld.bfd (found version "2.43.1")
[guren:ro] [383/413] Building C object zephyr/kernel/CMakeFiles/kernel.dir/main_weak.c.obj
[guren:ro] [384/413] Linking C static library modules/ec/zephyr/libec_shim.a
[guren:ro] [385/413] Building C object zephyr/kernel/CMakeFiles/kernel.dir/device.c.obj
[guren:ro] [386/413] Building C object zephyr/kernel/CMakeFiles/kernel.dir/version.c.obj
[guren:ro] [387/413] Building C object zephyr/kernel/CMakeFiles/kernel.dir/errno.c.obj
[moonstone-ish:singleimage] [141/263] Building ASM object zephyr/arch/arch/x86/core/CMakeFiles/arch__x86__core.dir/ia32/swap.S.obj
[ruby:rw] -- The C compiler identification is GNU 14.2.0
[uldrenite:rw] [25/421] Building CXX object modules/pigweed/pw_log_tokenized/CMakeFiles/pw_log_tokenized.dir/log_tokenized.cc.obj
[guren:ro] [388/413] Building C object zephyr/kernel/CMakeFiles/kernel.dir/kheap.c.obj
[moonstone-ish:singleimage] [142/263] Building C object zephyr/arch/arch/x86/core/CMakeFiles/arch__x86__core.dir/ia32/thread.c.obj
[guren:ro] [389/413] Building C object zephyr/kernel/CMakeFiles/kernel.dir/fatal.c.obj
[ruby:rw] -- The CXX compiler identification is GNU 14.2.0
[guren:ro] [390/413] Building C object zephyr/kernel/CMakeFiles/kernel.dir/init.c.obj
[ruby:rw] -- The ASM compiler identification is GNU
[ruby:rw] -- Found assembler: /home/jpmurphy/.cache/coreboot-sdk/arm-eabi/ea40ddd1d190c3b48435c474c0b545719371813a/bin/arm-eabi-gcc
[uldrenite:rw] [26/421] Building CXX object modules/pigweed/pw_status/CMakeFiles/pw_status.dir/status.cc.obj
[moonstone-ish:singleimage] [143/263] Building C object zephyr/arch/arch/x86/core/CMakeFiles/arch__x86__core.dir/ia32/tls.c.obj
[ruby:rw] warning: Deprecated symbol I2C_ALLOW_NO_STOP_TRANSACTIONS is enabled.
[ruby:rw] CMake Warning at /mnt/host/source/src/platform/ec/zephyr/cmake/linker/ld/linker_libraries.cmake:11 (message):
[ruby:rw]   Disabling c_library
[ruby:rw] Call Stack (most recent call first):
[ruby:rw]   /mnt/host/source/src/third_party/zephyr/main/cmake/target_toolchain_flags.cmake:48 (include)
[ruby:rw]   /mnt/host/source/src/third_party/zephyr/main/cmake/modules/kernel.cmake:153 (include)
[ruby:rw]   /mnt/host/source/src/third_party/zephyr/main/cmake/modules/zephyr_default.cmake:138 (include)
[ruby:rw]   /mnt/host/source/src/third_party/zephyr/main/share/zephyr-package/cmake/ZephyrConfig.cmake:66 (include)
[ruby:rw]   /mnt/host/source/src/third_party/zephyr/main/share/zephyr-package/cmake/ZephyrConfig.cmake:97 (include_boilerplate)
[ruby:rw]   CMakeLists.txt:7 (find_package)
[guren:ro] [391/413] Building C object zephyr/kernel/CMakeFiles/kernel.dir/mem_slab.c.obj
[guren:ro] [392/413] Building C object zephyr/kernel/CMakeFiles/kernel.dir/float.c.obj
[moonstone-ish:singleimage] [144/263] Building C object zephyr/arch/arch/x86/core/CMakeFiles/arch__x86__core.dir/ia32/fatal.c.obj
[guren:ro] [393/413] Building C object zephyr/kernel/CMakeFiles/kernel.dir/msg_q.c.obj
[guren:ro] [394/413] Building C object zephyr/kernel/CMakeFiles/kernel.dir/idle.c.obj
[guren:ro] [395/413] Building C object zephyr/kernel/CMakeFiles/kernel.dir/mailbox.c.obj
[guren:ro] [396/413] Building C object zephyr/kernel/CMakeFiles/kernel.dir/mutex.c.obj
[uldrenite:ro] [25/421] Building CXX object modules/pigweed/pw_log_tokenized/CMakeFiles/pw_log_tokenized.dir/log_tokenized.cc.obj
[moonstone-ish:singleimage] [145/263] Building C object zephyr/arch/arch/x86/core/CMakeFiles/arch__x86__core.dir/ia32/soft_float_stubs.c.obj
[moonstone-ish:singleimage] [146/263] Linking CXX static library zephyr/arch/arch/x86/core/libarch__x86__core.a
[uldrenite:ro] [26/421] Building CXX object modules/pigweed/pw_status/CMakeFiles/pw_status.dir/status.cc.obj
[moonstone-ish:singleimage] [147/263] Building C object zephyr/lib/libc/picolibc/CMakeFiles/lib__libc__picolibc.dir/assert.c.obj
[guren:ro] [397/413] Building C object zephyr/kernel/CMakeFiles/kernel.dir/queue.c.obj
[guren:ro] [398/413] Building C object zephyr/kernel/CMakeFiles/kernel.dir/stack.c.obj
[guren:ro] [399/413] Building C object zephyr/kernel/CMakeFiles/kernel.dir/system_work_q.c.obj
[guren:ro] [400/413] Building C object zephyr/kernel/CMakeFiles/kernel.dir/sem.c.obj
[ruby:rw] -- Performing EC specific devicetree checks
[moonstone-ish:singleimage] [148/263] Building C object zephyr/lib/libc/picolibc/CMakeFiles/lib__libc__picolibc.dir/cbprintf.c.obj
[ruby:rw] INFO: Verified 49 GPIOs, no duplicates found
[ruby:rw] INFO: Verified 8 '*-gpios' properties, all flags match.
[guren:ro] [401/413] Building C object zephyr/kernel/CMakeFiles/kernel.dir/thread.c.obj
[guren:ro] [402/413] Building C object zephyr/kernel/CMakeFiles/kernel.dir/work.c.obj
[/mnt/host/source/src/platform/ec/build/zephyr/yavilla-lcov]   /mnt/host/source/src/platform/ec/build/zephyr/yavilla/build-rw/zephyr/CMakeFiles/zephyr.dir/soc/ite/ec/it8xxx2/check_regs.c.gcno:no functions found
[/mnt/host/source/src/platform/ec/build/zephyr/yavilla-lcov] stderr:
[guren:ro] [403/413] Building C object zephyr/kernel/CMakeFiles/kernel.dir/condvar.c.obj
[moonstone-ish:singleimage] [149/263] Building C object zephyr/lib/libc/picolibc/CMakeFiles/lib__libc__picolibc.dir/chk_fail.c.obj
[guren:ro] [404/413] Building C object zephyr/kernel/CMakeFiles/kernel.dir/sched.c.obj
[guren:ro] [405/413] Building C object zephyr/kernel/CMakeFiles/kernel.dir/pipe.c.obj
[ruby:rw] -- Generating component manifest file
[guren:ro] [406/413] Building C object zephyr/kernel/CMakeFiles/kernel.dir/thread_monitor.c.obj
Running (initial) lcov on /mnt/host/source/src/platform/ec/build/zephyr/brox-ish.
[guren:ro] [407/413] Building C object zephyr/kernel/CMakeFiles/kernel.dir/timeout.c.obj
[moonstone-ish:singleimage] [150/263] Building C object zephyr/lib/libc/picolibc/CMakeFiles/lib__libc__picolibc.dir/errno_wrap.c.obj
[/mnt/host/source/src/platform/ec/build/zephyr/greenbayupoc-lcov]   /mnt/host/source/src/platform/ec/build/zephyr/greenbayupoc/build-ro/modules/ec/zephyr/CMakeFiles/ec_shim.dir/drivers/keyboard_input/keyboard_customization_check.c.gcno:no functions found
[/mnt/host/source/src/platform/ec/build/zephyr/greenbayupoc-lcov] stderr:
[ruby:rw] INFO: Skipped 12 named-gpios children.
[ruby:rw] INFO: Running CME, outputting to /mnt/host/source/src/platform/ec/build/zephyr/ruby/build-rw/zephyr/component_manifest.json
[ruby:rw] INFO: Project ruby does not support SSFC
[ruby:rw] INFO: No motionsense-sensor node found
[guren:ro] [408/413] Building C object zephyr/kernel/CMakeFiles/kernel.dir/timer.c.obj
[ruby:rw] -- warning_base_override: -Wall;-Wformat;-Wformat-security;-Wformat;-Wno-format-zero-length;-Wno-pointer-sign;-Wpointer-arith;-Wexpansion-to-defined
[moonstone-ish:singleimage] [151/263] Building C object zephyr/lib/libc/picolibc/CMakeFiles/lib__libc__picolibc.dir/exit.c.obj
[guren:ro] [409/413] Building C object zephyr/kernel/CMakeFiles/kernel.dir/poll.c.obj
[uldrenite:rw] [27/421] Building CXX object modules/pigweed/pw_tokenizer/CMakeFiles/pw_tokenizer.dir/hash.cc.obj
[uldrenite:rw] [28/421] Building CXX object modules/pigweed/pw_tokenizer/CMakeFiles/pw_tokenizer.dir/encode_args.cc.obj
[guren:ro] [410/413] Building C object zephyr/kernel/CMakeFiles/kernel.dir/mempool.c.obj
Running `env -i PYTHONPATH=/usr/lib64/python-exec/python3.11:/mnt/host/source/src/platform/ec/zephyr/zmake:/usr/lib/python311.zip:/usr/lib/python3.11:/usr/lib/python3.11/lib-dynload:/usr/lib/python3.11/site-packages PW_PIGWEED_CIPD_INSTALL_DIR=/usr CROSTC_USER_ACKNOWLEDGES_THAT_RISCV_IS_EXPERIMENTAL=1 PATH=/mnt/host/source/chromite/bin:/usr/local/bin:/usr/bin:/bin:/opt/bin:/mnt/host/source/chromite/sdk/bin:/mnt/host/source/chromite/bin HOME=/home/jpmurphy JAVA_HOME=/etc/java-config-2/current-system-vm JDK_HOME=/etc/java-config-2/current-system-vm JAVAC=/etc/java-config-2/current-system-vm/bin/javac MAKEFLAGS=' -j16 --jobserver-auth=5,6' /usr/bin/lcov --gcov-tool /mnt/host/source/src/platform/ec/build/zephyr/brox-ish/build-singleimage/gcov.sh -q -o - -c -d /mnt/host/source/src/platform/ec/build/zephyr/brox-ish -t brox-ish --rc branch_coverage=1 --filter range --ignore-errors inconsistent,source --ignore-errors gcov,gcov -i`
[sanok:rw] Building: /usr/bin/ninja -C /mnt/host/source/src/platform/ec/build/zephyr/sanok/build-rw all.libraries
Running `env -i SHELL=/bin/bash COLORTERM=truecolor DEPOT_TOOLS_UPDATE=0 LESS='-R -M --shift 5' SUDO_GID=0 JDK_HOME=/etc/java-config-2/current-system-vm CONFIG_PROTECT_MASK='/etc/gentoo-release /etc/sandbox.d /etc/fonts/fonts.conf /etc/terminfo /etc/ca-certificates.conf /etc/revdep-rebuild' CHROMEOS_CACHEDIR=/var/cache/chromeos-cache JAVA_HOME=/etc/java-config-2/current-system-vm SSH_AUTH_SOCK=/tmp/ssh-auth-sock SUDO_COMMAND=/bin/bash SUDO_USER=root SUDO_TTY=/dev/pts/2 EDITOR=/usr/bin/vi PWD=/mnt/host/source/src/platform/ec CONFIG_PROTECT=/usr/share/gnupg/qualified.txt LOGNAME=jpmurphy MANPATH=/etc/java-config-2/current-system-vm/man:/usr/local/share/man:/usr/share/man:/usr/share/gcc-data/x86_64-pc-linux-gnu/10.2.0/man:/usr/share/binutils-data/x86_64-pc-linux-gnu/2.45/man:/etc/java-config-2/current-system-vm/man/ SUDO_HOME=/root XAUTHORITY=/run/user/944457/gdm/Xauthority HOME=/home/jpmurphy LANG=C.UTF-8 LS_COLORS='rs=0:di=01;34:ln=01;36:mh=00:pi=40;33:so=01;35:do=01;35:bd=40;33;01:cd=40;33;01:or=01;05;37;41:mi=01;05;37;41:su=37;41:sg=30;43:ca=30;41:tw=30;42:ow=34;42:st=37;44:ex=01;32:*.tar=01;31:*.tgz=01;31:*.arc=01;31:*.arj=01;31:*.taz=01;31:*.lha=01;31:*.lz4=01;31:*.lzh=01;31:*.lzma=01;31:*.tlz=01;31:*.txz=01;31:*.tzo=01;31:*.t7z=01;31:*.zip=01;31:*.z=01;31:*.dz=01;31:*.gz=01;31:*.lrz=01;31:*.lz=01;31:*.lzo=01;31:*.xz=01;31:*.zst=01;31:*.tzst=01;31:*.bz2=01;31:*.bz=01;31:*.tbz=01;31:*.tbz2=01;31:*.tz=01;31:*.deb=01;31:*.rpm=01;31:*.jar=01;31:*.war=01;31:*.ear=01;31:*.sar=01;31:*.rar=01;31:*.alz=01;31:*.ace=01;31:*.zoo=01;31:*.cpio=01;31:*.7z=01;31:*.rz=01;31:*.cab=01;31:*.wim=01;31:*.swm=01;31:*.dwm=01;31:*.esd=01;31:*.jpg=01;35:*.jpeg=01;35:*.mjpg=01;35:*.mjpeg=01;35:*.gif=01;35:*.bmp=01;35:*.pbm=01;35:*.pgm=01;35:*.ppm=01;35:*.tga=01;35:*.xbm=01;35:*.xpm=01;35:*.tif=01;35:*.tiff=01;35:*.png=01;35:*.svg=01;35:*.svgz=01;35:*.mng=01;35:*.pcx=01;35:*.mov=01;35:*.mpg=01;35:*.mpeg=01;35:*.m2v=01;35:*.mkv=01;35:*.webm=01;35:*.webp=01;35:*.ogm=01;35:*.mp4=01;35:*.m4v=01;35:*.mp4v=01;35:*.vob=01;35:*.qt=01;35:*.nuv=01;35:*.wmv=01;35:*.asf=01;35:*.rm=01;35:*.rmvb=01;35:*.flc=01;35:*.avi=01;35:*.fli=01;35:*.flv=01;35:*.gl=01;35:*.dl=01;35:*.xcf=01;35:*.xwd=01;35:*.yuv=01;35:*.cgm=01;35:*.emf=01;35:*.ogv=01;35:*.ogx=01;35:*.cfg=00;32:*.conf=00;32:*.diff=00;32:*.doc=00;32:*.ini=00;32:*.log=00;32:*.patch=00;32:*.pdf=00;32:*.ps=00;32:*.tex=00;32:*.txt=00;32:*.aac=00;36:*.au=00;36:*.flac=00;36:*.m4a=00;36:*.mid=00;36:*.midi=00;36:*.mka=00;36:*.mp3=00;36:*.mpc=00;36:*.ogg=00;36:*.ra=00;36:*.wav=00;36:*.oga=00;36:*.opus=00;36:*.spx=00;36:*.xspf=00;36:' XDG_CURRENT_DESKTOP=GNOME INFOPATH=/usr/share/info:/usr/share/gcc-data/x86_64-pc-linux-gnu/10.2.0/info:/usr/share/binutils-data/x86_64-pc-linux-gnu/2.45/info:/usr/share/automake-1.16.5/info JAVAC=/etc/java-config-2/current-system-vm/bin/javac TERM=xterm-256color LESSOPEN='|lesspipe %s' USER=jpmurphy CROS_WORKON_SRCROOT=/mnt/host/source MANPAGER=manpager DISPLAY=:1 SHLVL=1 LC_MESSAGES=C EXTERNAL_TRUNK_PATH=/mnt/8f9d649a-3721-44cc-93c0-e6bd21a9689f/chromiumos GCC_SPECS='' PATH=/mnt/host/source/chromite/bin:/usr/local/bin:/usr/bin:/bin:/opt/bin:/mnt/host/source/chromite/sdk/bin:/mnt/host/source/chromite/bin PORTAGE_USERNAME=jpmurphy SUDO_UID=0 GCC_VER=10.2.0 MAIL=/var/mail/jpmurphy OLDPWD=/mnt/host/source/src/scripts traceparent=00-e87aca51550a78635907baa6a2476181-6d684811675d2973-01 _=./zephyr/firmware_builder.py COREBOOT_SDK_ROOT_x86=/home/jpmurphy/.cache/coreboot-sdk/i386-elf/dfbb0486385d938cfa9d73080b9d18d598ed4f49 COREBOOT_SDK_ROOT_picolibc_x86=/home/jpmurphy/.cache/coreboot-sdk/picolibc-i386-elf/eb8e8e687b95461de8cbf278f1c2076952d0ad17 COREBOOT_SDK_ROOT_riscv64=/home/jpmurphy/.cache/coreboot-sdk/riscv64-elf/96b949749225b6aaa92ed810ab769e8dfb12f000 COREBOOT_SDK_ROOT_picolibc_arm=/home/jpmurphy/.cache/coreboot-sdk/picolibc-arm-eabi/422a2aa3e1ef891b5bece9a3deb696ff83840d2e COREBOOT_SDK_ROOT_nds32=/home/jpmurphy/.cache/coreboot-sdk/nds32le-elf/d1a518c4a097666d86058e1444f85ca015d15511 COREBOOT_SDK_ROOT_picolibc_riscv64=/home/jpmurphy/.cache/coreboot-sdk/picolibc-riscv64-elf/f571e990ef0278564b31124f8bb109d9a697eb69 COREBOOT_SDK_ROOT_arm=/home/jpmurphy/.cache/coreboot-sdk/arm-eabi/ea40ddd1d190c3b48435c474c0b545719371813a COREBOOT_SDK_ROOT_libstdcxx_riscv64=/home/jpmurphy/.cache/coreboot-sdk/libstdcxx-riscv64-elf/17abf22a3a252e2d5d2062ced5324f7a623689e0 COREBOOT_SDK_ROOT_libstdcxx_arm=/home/jpmurphy/.cache/coreboot-sdk/libstdcxx-arm-eabi/5d7d82e150e44aa1968f1d366e267e6687b328ac COREBOOT_SDK_ROOT_riscv=/home/jpmurphy/.cache/coreboot-sdk/riscv-elf/9a27b9e82341c6e9126624f516ab3f261abb3e73 COREBOOT_SDK_ROOT_libstdcxx_x86=/home/jpmurphy/.cache/coreboot-sdk/libstdcxx-i386-elf/42ef9d2e87a76a37963175d7d428734e65648b87 PYTHONPATH=/mnt/host/source/src/platform/ec/zephyr/zmake PW_PIGWEED_CIPD_INSTALL_DIR=/usr CROSTC_USER_ACKNOWLEDGES_THAT_RISCV_IS_EXPERIMENTAL=1 MAKEFLAGS=' -j16 --jobserver-auth=5,6' /usr/bin/ninja -C /mnt/host/source/src/platform/ec/build/zephyr/sanok/build-rw all.libraries`
[sanok:rw] ninja: Entering directory `/mnt/host/source/src/platform/ec/build/zephyr/sanok/build-rw'
[moonstone-ish:singleimage] [152/263] Building C object zephyr/lib/libc/picolibc/CMakeFiles/lib__libc__picolibc.dir/locks.c.obj
[guren:ro] [411/413] Building C object zephyr/kernel/CMakeFiles/kernel.dir/dynamic_disabled.c.obj
[guren:ro] [412/413] Building C object zephyr/kernel/CMakeFiles/kernel.dir/events.c.obj
[ruby:rw] -- Found gen_kobject_list: /mnt/host/source/src/third_party/zephyr/main/scripts/build/gen_kobject_list.py
[moonstone-ish:singleimage] [153/263] Building C object zephyr/lib/libc/picolibc/CMakeFiles/lib__libc__picolibc.dir/stdio.c.obj
[guren:ro] [413/413] Linking C static library zephyr/kernel/libkernel.a
[uldrenite:ro] [27/421] Building CXX object modules/pigweed/pw_tokenizer/CMakeFiles/pw_tokenizer.dir/hash.cc.obj
[moonstone-ish:singleimage] [154/263] Linking CXX static library zephyr/lib/libc/picolibc/liblib__libc__picolibc.a
[moonstone-ish:singleimage] [155/263] Building C object zephyr/lib/posix/c_lib_ext/CMakeFiles/lib__posix__c_lib_ext.dir/fnmatch.c.obj
[moonstone-ish:singleimage] [156/263] Building C object zephyr/lib/libc/common/CMakeFiles/lib__libc__common.dir/source/time/time.c.obj
[moonstone-ish:singleimage] [157/263] Building C object zephyr/lib/libc/common/CMakeFiles/lib__libc__common.dir/source/stdlib/abort.c.obj
[ruby:rw] -- Configuring done (17.8s)
[moonstone-ish:singleimage] [158/263] Building C object zephyr/subsys/crc/CMakeFiles/subsys__crc.dir/crc4_sw.c.obj
[moonstone-ish:singleimage] [159/263] Linking CXX static library zephyr/lib/libc/common/liblib__libc__common.a
[uldrenite:ro] [28/421] Building CXX object modules/pigweed/pw_tokenizer/CMakeFiles/pw_tokenizer.dir/encode_args.cc.obj
[moonstone-ish:singleimage] [160/263] Building C object zephyr/subsys/crc/CMakeFiles/subsys__crc.dir/crc8_sw.c.obj
[moonstone-ish:singleimage] [161/263] Building C object zephyr/subsys/crc/CMakeFiles/subsys__crc.dir/crc16_sw.c.obj
[moonstone-ish:singleimage] [162/263] Building C object zephyr/lib/posix/c_lib_ext/CMakeFiles/lib__posix__c_lib_ext.dir/getentropy.c.obj
[moonstone-ish:singleimage] [163/263] Building C object zephyr/lib/posix/c_lib_ext/CMakeFiles/lib__posix__c_lib_ext.dir/getopt_shim.c.obj
[/mnt/host/source/src/platform/ec/build/zephyr/brox-ish-lcov] geninfo: WARNING: (format) invalid characters removed from testname
[moonstone-ish:singleimage] [164/263] Building C object zephyr/subsys/crc/CMakeFiles/subsys__crc.dir/crc7_sw.c.obj
[sanok:rw] [1/526] Generating include/generated/zephyr/version.h
[sanok:rw] -- git describe warned: warning: tag 'upstream/v2.7.99' is externally known as 'v2.7.99'
[sanok:rw] -- Zephyr version: 4.3.99 (/mnt/host/source/src/third_party/zephyr/main)
[sanok:rw] [2/526] Preparing syscall dependency handling
[moonstone-ish:singleimage] [165/263] Linking CXX static library zephyr/lib/posix/c_lib_ext/liblib__posix__c_lib_ext.a
[moonstone-ish:singleimage] [166/263] Building C object zephyr/subsys/crc/CMakeFiles/subsys__crc.dir/crc24_sw.c.obj
[sanok:rw] [3/526] Generating misc/generated/syscalls_subdirs.trigger
[moonstone-ish:singleimage] [167/263] Building C object zephyr/subsys/crc/CMakeFiles/subsys__crc.dir/crc32c_sw.c.obj
[moonstone-ish:singleimage] [168/263] Building C object zephyr/subsys/crc/CMakeFiles/subsys__crc.dir/crc32_sw.c.obj
[/mnt/host/source/src/platform/ec/build/zephyr/brox-ish-lcov] 	(use "geninfo --ignore-errors format,format ..." to suppress this warning)
[/mnt/host/source/src/platform/ec/build/zephyr/brox-ish-lcov] geninfo: WARNING: using JSON module "JSON::PP" - which is much slower than some alternatives.  Consider installing one of JSON::XS or Cpanel::JSON::XS
[moonstone-ish:singleimage] [169/263] Building C object zephyr/subsys/crc/CMakeFiles/subsys__crc.dir/crc32k_4_2_sw.c.obj
[ruby:rw] -- Generating done (0.5s)
[ruby:rw] CMake Warning:
[ruby:rw] -- Build files have been written to: /mnt/host/source/src/platform/ec/build/zephyr/ruby/build-rw
[moonstone-ish:singleimage] [170/263] Linking CXX static library zephyr/subsys/crc/libsubsys__crc.a
[uldrenite:rw] [29/421] Building CXX object modules/pigweed/pw_tokenizer/CMakeFiles/pw_tokenizer.base64.dir/base64.cc.obj
[sanok:rw] [4/526] cd /mnt/host/source/src/platform/ec/build/zephyr/sanok/build-rw/modules/ec/zephyr && PYTHONPATH=/mnt/host/source/src/platform/ec/build/zephyr/sanok/modules/ec/zephyr/zmake/ /usr/bin/python3.11 /mnt/host/source/src/platform/ec/build/zephyr/sanok/modules/ec/zephyr/zmake/zephyr_build_tools/generate_ec_version.py /mnt/host/source/src/platform/ec/build/zephyr/sanok/build-rw/modules/ec/zephyr/include/ec_version.h --name Zephyr-Kernel --version 16543.0.0 --static
[sanok:rw] INFO:root:Using a static version string
[ruby:rw]   Manually-specified variables were not used by the project:
[ruby:rw]     COREBOOT_SDK_ROOT_libstdcxx_riscv64
[ruby:rw]     COREBOOT_SDK_ROOT_libstdcxx_x86
[ruby:rw]     COREBOOT_SDK_ROOT_nds32
[ruby:rw]     COREBOOT_SDK_ROOT_picolibc_riscv64
[ruby:rw]     COREBOOT_SDK_ROOT_picolibc_x86
[ruby:rw]     COREBOOT_SDK_ROOT_riscv
[ruby:rw]     COREBOOT_SDK_ROOT_riscv64
[ruby:rw]     COREBOOT_SDK_ROOT_x86
[moonstone-ish:singleimage] [171/263] Building C object zephyr/drivers/interrupt_controller/CMakeFiles/drivers__interrupt_controller.dir/intc_ioapic.c.obj
[sanok:rw] INFO:root:Version string: Zephyr-Kernel-16543.0.0
[sanok:rw] INFO:root:Writing header to /mnt/host/source/src/platform/ec/build/zephyr/sanok/build-rw/modules/ec/zephyr/include/ec_version.h
[sanok:rw] [5/526] Building C object modules/hal_egis/hal_egis/et171/egis_et171_hal/CMakeFiles/ET171HAL.dir/src/et171_hal_smu.c.obj
[moonstone-ish:singleimage] [172/263] Building C object zephyr/drivers/interrupt_controller/CMakeFiles/drivers__interrupt_controller.dir/intc_system_apic.c.obj
[moonstone-ish:singleimage] [173/263] Building C object zephyr/drivers/gpio/CMakeFiles/drivers__gpio.dir/mnt/host/source/src/third_party/zephyrproject/modules/hal/intel/bsp_sedi/drivers/gpio/sedi_gpio.c.obj
[moonstone-ish:singleimage] [174/263] Building C object zephyr/drivers/console/CMakeFiles/drivers__console.dir/uart_console.c.obj
[moonstone-ish:singleimage] [175/263] Building C object zephyr/drivers/interrupt_controller/CMakeFiles/drivers__interrupt_controller.dir/intc_loapic.c.obj
[uldrenite:rw] [30/421] Building CXX object modules/pigweed/pw_tokenizer/CMakeFiles/pw_tokenizer.dir/tokenize.cc.obj
[sanok:rw] [6/526] Building C object modules/hal_egis/hal_egis/et171/egis_et171_hal/CMakeFiles/ET171HAL.dir/src/et171_hal_otp.c.obj
[moonstone-ish:singleimage] [176/263] Linking CXX static library zephyr/drivers/console/libdrivers__console.a
[moonstone-ish:singleimage] [177/263] Linking CXX static library zephyr/drivers/interrupt_controller/libdrivers__interrupt_controller.a
[moonstone-ish:singleimage] [178/263] Building C object zephyr/drivers/gpio/CMakeFiles/drivers__gpio.dir/gpio_sedi.c.obj
[sanok:rw] [7/526] Building C object modules/hal_egis/hal_egis/et171/egis_et171_hal/CMakeFiles/ET171HAL.dir/src/et171_hal_utils.c.obj
[sanok:rw] [8/526] Linking C static library modules/hal_egis/hal_egis/et171/egis_et171_hal/libET171HAL.a
[moonstone-ish:singleimage] [179/263] Linking CXX static library zephyr/drivers/gpio/libdrivers__gpio.a
[moonstone-ish:singleimage] [180/263] Building C object zephyr/drivers/i2c/CMakeFiles/drivers__i2c.dir/i2c_common.c.obj
[sanok:rw] [9/526] Generating misc/generated/syscalls.json, misc/generated/struct_tags.json
[uldrenite:ro] [29/421] Building CXX object modules/pigweed/pw_tokenizer/CMakeFiles/pw_tokenizer.dir/tokenize.cc.obj
[moonstone-ish:singleimage] [181/263] Building C object zephyr/drivers/ipm/CMakeFiles/drivers__ipm.dir/mnt/host/source/src/third_party/zephyrproject/modules/hal/intel/bsp_sedi/drivers/ipc/sedi_ipc.c.obj
[sanok:rw] [10/526] Generating include/generated/zephyr/syscall_dispatch.c, include/generated/zephyr/syscall_exports_llext.c, syscall_weakdefs_llext.c, include/generated/zephyr/syscall_list.h
[uldrenite:ro] [30/421] Building CXX object modules/pigweed/pw_tokenizer/CMakeFiles/pw_tokenizer.base64.dir/base64.cc.obj
[uldrenite:rw] [31/421] Building CXX object modules/pigweed/pw_varint/CMakeFiles/pw_varint.dir/varint.cc.obj
[moonstone-ish:singleimage] [182/263] Linking CXX static library zephyr/drivers/syscon/libdrivers__syscon.a
[moonstone-ish:singleimage] [183/263] Building C object zephyr/drivers/i2c/CMakeFiles/drivers__i2c.dir/i2c_shell.c.obj
[moonstone-ish:singleimage] [184/263] Building C object zephyr/drivers/i2c/CMakeFiles/drivers__i2c.dir/mnt/host/source/src/third_party/zephyrproject/modules/hal/intel/bsp_sedi/drivers/i2c/sedi_i2c_dw_apb_200a.c.obj
[sanok:rw] [11/526] Generating include/generated/device-api-sections.ld, include/generated/device-api-sections.cmake
[uldrenite:rw] [32/421] Linking CXX static library modules/pigweed/pw_varint/libpw_varint.a
[ruby:ro] Building: /usr/bin/ninja -C /mnt/host/source/src/platform/ec/build/zephyr/ruby/build-ro all.libraries
Running `env -i SHELL=/bin/bash COLORTERM=truecolor DEPOT_TOOLS_UPDATE=0 LESS='-R -M --shift 5' SUDO_GID=0 JDK_HOME=/etc/java-config-2/current-system-vm CONFIG_PROTECT_MASK='/etc/gentoo-release /etc/sandbox.d /etc/fonts/fonts.conf /etc/terminfo /etc/ca-certificates.conf /etc/revdep-rebuild' CHROMEOS_CACHEDIR=/var/cache/chromeos-cache JAVA_HOME=/etc/java-config-2/current-system-vm SSH_AUTH_SOCK=/tmp/ssh-auth-sock SUDO_COMMAND=/bin/bash SUDO_USER=root SUDO_TTY=/dev/pts/2 EDITOR=/usr/bin/vi PWD=/mnt/host/source/src/platform/ec CONFIG_PROTECT=/usr/share/gnupg/qualified.txt LOGNAME=jpmurphy MANPATH=/etc/java-config-2/current-system-vm/man:/usr/local/share/man:/usr/share/man:/usr/share/gcc-data/x86_64-pc-linux-gnu/10.2.0/man:/usr/share/binutils-data/x86_64-pc-linux-gnu/2.45/man:/etc/java-config-2/current-system-vm/man/ SUDO_HOME=/root XAUTHORITY=/run/user/944457/gdm/Xauthority HOME=/home/jpmurphy LANG=C.UTF-8 LS_COLORS='rs=0:di=01;34:ln=01;36:mh=00:pi=40;33:so=01;35:do=01;35:bd=40;33;01:cd=40;33;01:or=01;05;37;41:mi=01;05;37;41:su=37;41:sg=30;43:ca=30;41:tw=30;42:ow=34;42:st=37;44:ex=01;32:*.tar=01;31:*.tgz=01;31:*.arc=01;31:*.arj=01;31:*.taz=01;31:*.lha=01;31:*.lz4=01;31:*.lzh=01;31:*.lzma=01;31:*.tlz=01;31:*.txz=01;31:*.tzo=01;31:*.t7z=01;31:*.zip=01;31:*.z=01;31:*.dz=01;31:*.gz=01;31:*.lrz=01;31:*.lz=01;31:*.lzo=01;31:*.xz=01;31:*.zst=01;31:*.tzst=01;31:*.bz2=01;31:*.bz=01;31:*.tbz=01;31:*.tbz2=01;31:*.tz=01;31:*.deb=01;31:*.rpm=01;31:*.jar=01;31:*.war=01;31:*.ear=01;31:*.sar=01;31:*.rar=01;31:*.alz=01;31:*.ace=01;31:*.zoo=01;31:*.cpio=01;31:*.7z=01;31:*.rz=01;31:*.cab=01;31:*.wim=01;31:*.swm=01;31:*.dwm=01;31:*.esd=01;31:*.jpg=01;35:*.jpeg=01;35:*.mjpg=01;35:*.mjpeg=01;35:*.gif=01;35:*.bmp=01;35:*.pbm=01;35:*.pgm=01;35:*.ppm=01;35:*.tga=01;35:*.xbm=01;35:*.xpm=01;35:*.tif=01;35:*.tiff=01;35:*.png=01;35:*.svg=01;35:*.svgz=01;35:*.mng=01;35:*.pcx=01;35:*.mov=01;35:*.mpg=01;35:*.mpeg=01;35:*.m2v=01;35:*.mkv=01;35:*.webm=01;35:*.webp=01;35:*.ogm=01;35:*.mp4=01;35:*.m4v=01;35:*.mp4v=01;35:*.vob=01;35:*.qt=01;35:*.nuv=01;35:*.wmv=01;35:*.asf=01;35:*.rm=01;35:*.rmvb=01;35:*.flc=01;35:*.avi=01;35:*.fli=01;35:*.flv=01;35:*.gl=01;35:*.dl=01;35:*.xcf=01;35:*.xwd=01;35:*.yuv=01;35:*.cgm=01;35:*.emf=01;35:*.ogv=01;35:*.ogx=01;35:*.cfg=00;32:*.conf=00;32:*.diff=00;32:*.doc=00;32:*.ini=00;32:*.log=00;32:*.patch=00;32:*.pdf=00;32:*.ps=00;32:*.tex=00;32:*.txt=00;32:*.aac=00;36:*.au=00;36:*.flac=00;36:*.m4a=00;36:*.mid=00;36:*.midi=00;36:*.mka=00;36:*.mp3=00;36:*.mpc=00;36:*.ogg=00;36:*.ra=00;36:*.wav=00;36:*.oga=00;36:*.opus=00;36:*.spx=00;36:*.xspf=00;36:' XDG_CURRENT_DESKTOP=GNOME INFOPATH=/usr/share/info:/usr/share/gcc-data/x86_64-pc-linux-gnu/10.2.0/info:/usr/share/binutils-data/x86_64-pc-linux-gnu/2.45/info:/usr/share/automake-1.16.5/info JAVAC=/etc/java-config-2/current-system-vm/bin/javac TERM=xterm-256color LESSOPEN='|lesspipe %s' USER=jpmurphy CROS_WORKON_SRCROOT=/mnt/host/source MANPAGER=manpager DISPLAY=:1 SHLVL=1 LC_MESSAGES=C EXTERNAL_TRUNK_PATH=/mnt/8f9d649a-3721-44cc-93c0-e6bd21a9689f/chromiumos GCC_SPECS='' PATH=/mnt/host/source/chromite/bin:/usr/local/bin:/usr/bin:/bin:/opt/bin:/mnt/host/source/chromite/sdk/bin:/mnt/host/source/chromite/bin PORTAGE_USERNAME=jpmurphy SUDO_UID=0 GCC_VER=10.2.0 MAIL=/var/mail/jpmurphy OLDPWD=/mnt/host/source/src/scripts traceparent=00-e87aca51550a78635907baa6a2476181-6d684811675d2973-01 _=./zephyr/firmware_builder.py COREBOOT_SDK_ROOT_x86=/home/jpmurphy/.cache/coreboot-sdk/i386-elf/dfbb0486385d938cfa9d73080b9d18d598ed4f49 COREBOOT_SDK_ROOT_picolibc_x86=/home/jpmurphy/.cache/coreboot-sdk/picolibc-i386-elf/eb8e8e687b95461de8cbf278f1c2076952d0ad17 COREBOOT_SDK_ROOT_riscv64=/home/jpmurphy/.cache/coreboot-sdk/riscv64-elf/96b949749225b6aaa92ed810ab769e8dfb12f000 COREBOOT_SDK_ROOT_picolibc_arm=/home/jpmurphy/.cache/coreboot-sdk/picolibc-arm-eabi/422a2aa3e1ef891b5bece9a3deb696ff83840d2e COREBOOT_SDK_ROOT_nds32=/home/jpmurphy/.cache/coreboot-sdk/nds32le-elf/d1a518c4a097666d86058e1444f85ca015d15511 COREBOOT_SDK_ROOT_picolibc_riscv64=/home/jpmurphy/.cache/coreboot-sdk/picolibc-riscv64-elf/f571e990ef0278564b31124f8bb109d9a697eb69 COREBOOT_SDK_ROOT_arm=/home/jpmurphy/.cache/coreboot-sdk/arm-eabi/ea40ddd1d190c3b48435c474c0b545719371813a COREBOOT_SDK_ROOT_libstdcxx_riscv64=/home/jpmurphy/.cache/coreboot-sdk/libstdcxx-riscv64-elf/17abf22a3a252e2d5d2062ced5324f7a623689e0 COREBOOT_SDK_ROOT_libstdcxx_arm=/home/jpmurphy/.cache/coreboot-sdk/libstdcxx-arm-eabi/5d7d82e150e44aa1968f1d366e267e6687b328ac COREBOOT_SDK_ROOT_riscv=/home/jpmurphy/.cache/coreboot-sdk/riscv-elf/9a27b9e82341c6e9126624f516ab3f261abb3e73 COREBOOT_SDK_ROOT_libstdcxx_x86=/home/jpmurphy/.cache/coreboot-sdk/libstdcxx-i386-elf/42ef9d2e87a76a37963175d7d428734e65648b87 PYTHONPATH=/mnt/host/source/src/platform/ec/zephyr/zmake PW_PIGWEED_CIPD_INSTALL_DIR=/usr CROSTC_USER_ACKNOWLEDGES_THAT_RISCV_IS_EXPERIMENTAL=1 MAKEFLAGS=' -j16 --jobserver-auth=5,6' /usr/bin/ninja -C /mnt/host/source/src/platform/ec/build/zephyr/ruby/build-ro all.libraries`
[sanok:rw] [12/526] Generating include/generated/zephyr/driver-validation.h
[moonstone-ish:singleimage] [185/263] Building C object zephyr/drivers/i2c/CMakeFiles/drivers__i2c.dir/i2c_sedi.c.obj
[ruby:ro] ninja: Entering directory `/mnt/host/source/src/platform/ec/build/zephyr/ruby/build-ro'
[ruby:rw] Building: /usr/bin/ninja -C /mnt/host/source/src/platform/ec/build/zephyr/ruby/build-rw all.libraries
Running `env -i SHELL=/bin/bash COLORTERM=truecolor DEPOT_TOOLS_UPDATE=0 LESS='-R -M --shift 5' SUDO_GID=0 JDK_HOME=/etc/java-config-2/current-system-vm CONFIG_PROTECT_MASK='/etc/gentoo-release /etc/sandbox.d /etc/fonts/fonts.conf /etc/terminfo /etc/ca-certificates.conf /etc/revdep-rebuild' CHROMEOS_CACHEDIR=/var/cache/chromeos-cache JAVA_HOME=/etc/java-config-2/current-system-vm SSH_AUTH_SOCK=/tmp/ssh-auth-sock SUDO_COMMAND=/bin/bash SUDO_USER=root SUDO_TTY=/dev/pts/2 EDITOR=/usr/bin/vi PWD=/mnt/host/source/src/platform/ec CONFIG_PROTECT=/usr/share/gnupg/qualified.txt LOGNAME=jpmurphy MANPATH=/etc/java-config-2/current-system-vm/man:/usr/local/share/man:/usr/share/man:/usr/share/gcc-data/x86_64-pc-linux-gnu/10.2.0/man:/usr/share/binutils-data/x86_64-pc-linux-gnu/2.45/man:/etc/java-config-2/current-system-vm/man/ SUDO_HOME=/root XAUTHORITY=/run/user/944457/gdm/Xauthority HOME=/home/jpmurphy LANG=C.UTF-8 LS_COLORS='rs=0:di=01;34:ln=01;36:mh=00:pi=40;33:so=01;35:do=01;35:bd=40;33;01:cd=40;33;01:or=01;05;37;41:mi=01;05;37;41:su=37;41:sg=30;43:ca=30;41:tw=30;42:ow=34;42:st=37;44:ex=01;32:*.tar=01;31:*.tgz=01;31:*.arc=01;31:*.arj=01;31:*.taz=01;31:*.lha=01;31:*.lz4=01;31:*.lzh=01;31:*.lzma=01;31:*.tlz=01;31:*.txz=01;31:*.tzo=01;31:*.t7z=01;31:*.zip=01;31:*.z=01;31:*.dz=01;31:*.gz=01;31:*.lrz=01;31:*.lz=01;31:*.lzo=01;31:*.xz=01;31:*.zst=01;31:*.tzst=01;31:*.bz2=01;31:*.bz=01;31:*.tbz=01;31:*.tbz2=01;31:*.tz=01;31:*.deb=01;31:*.rpm=01;31:*.jar=01;31:*.war=01;31:*.ear=01;31:*.sar=01;31:*.rar=01;31:*.alz=01;31:*.ace=01;31:*.zoo=01;31:*.cpio=01;31:*.7z=01;31:*.rz=01;31:*.cab=01;31:*.wim=01;31:*.swm=01;31:*.dwm=01;31:*.esd=01;31:*.jpg=01;35:*.jpeg=01;35:*.mjpg=01;35:*.mjpeg=01;35:*.gif=01;35:*.bmp=01;35:*.pbm=01;35:*.pgm=01;35:*.ppm=01;35:*.tga=01;35:*.xbm=01;35:*.xpm=01;35:*.tif=01;35:*.tiff=01;35:*.png=01;35:*.svg=01;35:*.svgz=01;35:*.mng=01;35:*.pcx=01;35:*.mov=01;35:*.mpg=01;35:*.mpeg=01;35:*.m2v=01;35:*.mkv=01;35:*.webm=01;35:*.webp=01;35:*.ogm=01;35:*.mp4=01;35:*.m4v=01;35:*.mp4v=01;35:*.vob=01;35:*.qt=01;35:*.nuv=01;35:*.wmv=01;35:*.asf=01;35:*.rm=01;35:*.rmvb=01;35:*.flc=01;35:*.avi=01;35:*.fli=01;35:*.flv=01;35:*.gl=01;35:*.dl=01;35:*.xcf=01;35:*.xwd=01;35:*.yuv=01;35:*.cgm=01;35:*.emf=01;35:*.ogv=01;35:*.ogx=01;35:*.cfg=00;32:*.conf=00;32:*.diff=00;32:*.doc=00;32:*.ini=00;32:*.log=00;32:*.patch=00;32:*.pdf=00;32:*.ps=00;32:*.tex=00;32:*.txt=00;32:*.aac=00;36:*.au=00;36:*.flac=00;36:*.m4a=00;36:*.mid=00;36:*.midi=00;36:*.mka=00;36:*.mp3=00;36:*.mpc=00;36:*.ogg=00;36:*.ra=00;36:*.wav=00;36:*.oga=00;36:*.opus=00;36:*.spx=00;36:*.xspf=00;36:' XDG_CURRENT_DESKTOP=GNOME INFOPATH=/usr/share/info:/usr/share/gcc-data/x86_64-pc-linux-gnu/10.2.0/info:/usr/share/binutils-data/x86_64-pc-linux-gnu/2.45/info:/usr/share/automake-1.16.5/info JAVAC=/etc/java-config-2/current-system-vm/bin/javac TERM=xterm-256color LESSOPEN='|lesspipe %s' USER=jpmurphy CROS_WORKON_SRCROOT=/mnt/host/source MANPAGER=manpager DISPLAY=:1 SHLVL=1 LC_MESSAGES=C EXTERNAL_TRUNK_PATH=/mnt/8f9d649a-3721-44cc-93c0-e6bd21a9689f/chromiumos GCC_SPECS='' PATH=/mnt/host/source/chromite/bin:/usr/local/bin:/usr/bin:/bin:/opt/bin:/mnt/host/source/chromite/sdk/bin:/mnt/host/source/chromite/bin PORTAGE_USERNAME=jpmurphy SUDO_UID=0 GCC_VER=10.2.0 MAIL=/var/mail/jpmurphy OLDPWD=/mnt/host/source/src/scripts traceparent=00-e87aca51550a78635907baa6a2476181-6d684811675d2973-01 _=./zephyr/firmware_builder.py COREBOOT_SDK_ROOT_x86=/home/jpmurphy/.cache/coreboot-sdk/i386-elf/dfbb0486385d938cfa9d73080b9d18d598ed4f49 COREBOOT_SDK_ROOT_picolibc_x86=/home/jpmurphy/.cache/coreboot-sdk/picolibc-i386-elf/eb8e8e687b95461de8cbf278f1c2076952d0ad17 COREBOOT_SDK_ROOT_riscv64=/home/jpmurphy/.cache/coreboot-sdk/riscv64-elf/96b949749225b6aaa92ed810ab769e8dfb12f000 COREBOOT_SDK_ROOT_picolibc_arm=/home/jpmurphy/.cache/coreboot-sdk/picolibc-arm-eabi/422a2aa3e1ef891b5bece9a3deb696ff83840d2e COREBOOT_SDK_ROOT_nds32=/home/jpmurphy/.cache/coreboot-sdk/nds32le-elf/d1a518c4a097666d86058e1444f85ca015d15511 COREBOOT_SDK_ROOT_picolibc_riscv64=/home/jpmurphy/.cache/coreboot-sdk/picolibc-riscv64-elf/f571e990ef0278564b31124f8bb109d9a697eb69 COREBOOT_SDK_ROOT_arm=/home/jpmurphy/.cache/coreboot-sdk/arm-eabi/ea40ddd1d190c3b48435c474c0b545719371813a COREBOOT_SDK_ROOT_libstdcxx_riscv64=/home/jpmurphy/.cache/coreboot-sdk/libstdcxx-riscv64-elf/17abf22a3a252e2d5d2062ced5324f7a623689e0 COREBOOT_SDK_ROOT_libstdcxx_arm=/home/jpmurphy/.cache/coreboot-sdk/libstdcxx-arm-eabi/5d7d82e150e44aa1968f1d366e267e6687b328ac COREBOOT_SDK_ROOT_riscv=/home/jpmurphy/.cache/coreboot-sdk/riscv-elf/9a27b9e82341c6e9126624f516ab3f261abb3e73 COREBOOT_SDK_ROOT_libstdcxx_x86=/home/jpmurphy/.cache/coreboot-sdk/libstdcxx-i386-elf/42ef9d2e87a76a37963175d7d428734e65648b87 PYTHONPATH=/mnt/host/source/src/platform/ec/zephyr/zmake PW_PIGWEED_CIPD_INSTALL_DIR=/usr CROSTC_USER_ACKNOWLEDGES_THAT_RISCV_IS_EXPERIMENTAL=1 MAKEFLAGS=' -j16 --jobserver-auth=5,6' /usr/bin/ninja -C /mnt/host/source/src/platform/ec/build/zephyr/ruby/build-rw all.libraries`
[moonstone-ish:singleimage] [186/263] Building C object zephyr/drivers/serial/CMakeFiles/drivers__serial.dir/uart_sedi.c.obj
[uldrenite:rw] [33/421] Linking CXX static library modules/pigweed/pw_tokenizer/libpw_tokenizer.base64.a
[sanok:rw] [13/526] Generating include/generated/zephyr/kobj-types-enum.h, include/generated/zephyr/otype-to-str.h, include/generated/zephyr/otype-to-size.h
[ruby:rw] ninja: Entering directory `/mnt/host/source/src/platform/ec/build/zephyr/ruby/build-rw'
[moonstone-ish:singleimage] [187/263] Linking CXX static library zephyr/drivers/i2c/libdrivers__i2c.a
[moonstone-ish:singleimage] [188/263] Building C object zephyr/drivers/ipm/CMakeFiles/drivers__ipm.dir/ipm_sedi.c.obj
[moonstone-ish:singleimage] [189/263] Building C object zephyr/drivers/serial/CMakeFiles/drivers__serial.dir/mnt/host/source/src/third_party/zephyrproject/modules/hal/intel/bsp_sedi/drivers/usart/sedi_dw_uart.c.obj
[uldrenite:rw] [34/421] Linking CXX static library modules/pigweed/pw_tokenizer/libpw_tokenizer.a
[moonstone-ish:singleimage] [190/263] Linking CXX static library zephyr/drivers/ipm/libdrivers__ipm.a
[moonstone-ish:singleimage] [191/263] Building C object zephyr/drivers/timer/CMakeFiles/drivers__timer.dir/sys_clock_init.c.obj
[moonstone-ish:singleimage] [192/263] Linking CXX static library zephyr/drivers/serial/libdrivers__serial.a
[uldrenite:rw] [35/421] Linking CXX static library modules/pigweed/pw_status/libpw_status.a
[uldrenite:rw] [36/421] Linking CXX static library modules/pigweed/pw_log_tokenized/libpw_log_tokenized.a
[moonstone-ish:singleimage] [193/263] Building C object zephyr/drivers/timer/CMakeFiles/drivers__timer.dir/hpet.c.obj
[moonstone-ish:singleimage] [194/263] Building C object modules/ec/zephyr/CMakeFiles/ec_shim.dir/shim/src/crc.c.obj
[moonstone-ish:singleimage] [195/263] Linking CXX static library zephyr/drivers/timer/libdrivers__timer.a
[uldrenite:rw] [37/421] Linking CXX static library modules/pigweed/pw_containers/libpw_containers.intrusive_item.a
[uldrenite:rw] [38/421] Linking CXX static library modules/pigweed/pw_bytes/libpw_bytes.a
[moonstone-ish:singleimage] [196/263] Building C object modules/ec/zephyr/CMakeFiles/ec_shim.dir/shim/chip/stub/clock.c.obj
[moonstone-ish:singleimage] [197/263] Building C object modules/ec/zephyr/CMakeFiles/ec_shim.dir/app/ec/ec_app_main.c.obj
[uldrenite:rw] [39/421] Linking CXX static library modules/pigweed/pw_base64/libpw_base64.a
[moonstone-ish:singleimage] [198/263] Building C object modules/ec/zephyr/CMakeFiles/ec_shim.dir/app/ec/main_shim.c.obj
[ruby:ro] [1/394] Generating include/generated/zephyr/version.h
[ruby:ro] -- git describe warned: warning: tag 'upstream/v2.7.99' is externally known as 'v2.7.99'
[ruby:ro] -- Zephyr version: 4.3.99 (/mnt/host/source/src/third_party/zephyr/main)
[ruby:ro] [2/394] Preparing syscall dependency handling
[uldrenite:rw] [40/421] Linking CXX static library modules/ec/zephyr/shim/src/libplatform_ec_log.tokenized_handler.a
[sanok:rw] [14/526] Building C object zephyr/CMakeFiles/offsets.dir/arch/riscv/core/offsets/offsets.c.obj
[uldrenite:rw] [41/421] Linking CXX static library modules/ec/zephyr/drivers/pw_transport/libpw_transport.proto.nanopb.a
[ruby:rw] [1/394] Generating include/generated/zephyr/version.h
[ruby:rw] -- git describe warned: warning: tag 'upstream/v2.7.99' is externally known as 'v2.7.99'
[ruby:rw] -- Zephyr version: 4.3.99 (/mnt/host/source/src/third_party/zephyr/main)
[ruby:rw] [2/394] Preparing syscall dependency handling
[uldrenite:rw] [42/421] Linking CXX static library modules/ec/zephyr/drivers/dsp_comms/libdsp_comms.proto.nanopb.a
[ruby:ro] [3/394] Generating misc/generated/syscalls_subdirs.trigger
[moonstone-ish:singleimage] [199/263] Building C object modules/ec/zephyr/CMakeFiles/ec_shim.dir/shim/src/console.c.obj
[ruby:rw] [3/394] Generating misc/generated/syscalls_subdirs.trigger
[uldrenite:rw] [43/421] Generating include/generated/zephyr/offsets.h
[moonstone-ish:singleimage] [200/263] Building C object modules/ec/zephyr/CMakeFiles/ec_shim.dir/shim/src/gpio.c.obj
[sanok:rw] [15/526] Generating include/generated/zephyr/offsets.h
[moonstone-ish:singleimage] [201/263] Building C object modules/ec/zephyr/CMakeFiles/ec_shim.dir/shim/src/panic_utils.c.obj
[moonstone-ish:singleimage] [202/263] Building C object modules/ec/zephyr/CMakeFiles/ec_shim.dir/shim/src/gpio_int.c.obj
[moonstone-ish:singleimage] [203/263] Building C object modules/ec/zephyr/CMakeFiles/ec_shim.dir/shim/src/pm_state.c.obj
[moonstone-ish:singleimage] [204/263] Building C object modules/ec/zephyr/CMakeFiles/ec_shim.dir/shim/src/cbi/cros_cbi.c.obj
[moonstone-ish:singleimage] [205/263] Building C object modules/ec/zephyr/CMakeFiles/ec_shim.dir/shim/src/ish_system.c.obj
[moonstone-ish:singleimage] [206/263] Building C object modules/ec/zephyr/CMakeFiles/ec_shim.dir/shim/src/hooks.c.obj
[moonstone-ish:singleimage] [207/263] Building C object modules/ec/zephyr/CMakeFiles/ec_shim.dir/shim/src/mkbp_event.c.obj
[uldrenite:ro] [31/421] Building CXX object modules/pigweed/pw_varint/CMakeFiles/pw_varint.dir/varint.cc.obj
[moonstone-ish:singleimage] [208/263] Building C object modules/ec/zephyr/CMakeFiles/ec_shim.dir/shim/src/hwtimer.c.obj
[sanok:rw] [16/526] Building C object CMakeFiles/app.dir/mnt/host/source/src/platform/ec/zephyr/subsys/ap_pwrseq/ap_events.c.obj
[moonstone-ish:singleimage] [209/263] Building C object modules/ec/zephyr/CMakeFiles/ec_shim.dir/shim/src/host_command.c.obj
[moonstone-ish:singleimage] [210/263] Building C object modules/ec/zephyr/CMakeFiles/ec_shim.dir/shim/src/console_buffer.c.obj
[ruby:rw] [4/394] cd /mnt/host/source/src/platform/ec/build/zephyr/ruby/build-rw/modules/ec/zephyr && PYTHONPATH=/mnt/host/source/src/platform/ec/build/zephyr/ruby/modules/ec/zephyr/zmake/ /usr/bin/python3.11 /mnt/host/source/src/platform/ec/build/zephyr/ruby/modules/ec/zephyr/zmake/zephyr_build_tools/generate_ec_version.py /mnt/host/source/src/platform/ec/build/zephyr/ruby/build-rw/modules/ec/zephyr/include/ec_version.h --name Zephyr-Kernel --version 16543.0.0 --static
[ruby:rw] INFO:root:Using a static version string
[uldrenite:ro] [32/421] Linking CXX static library modules/pigweed/pw_varint/libpw_varint.a
[ruby:ro] [4/394] Generating misc/generated/syscalls.json, misc/generated/struct_tags.json
[moonstone-ish:singleimage] [211/263] Building C object modules/ec/zephyr/CMakeFiles/ec_shim.dir/shim/src/i2c.c.obj
[uldrenite:ro] [33/421] Linking CXX static library modules/pigweed/pw_tokenizer/libpw_tokenizer.base64.a
[moonstone-ish:singleimage] [212/263] Building C object modules/ec/zephyr/CMakeFiles/ec_shim.dir/shim/src/motionsense_sensors.c.obj
[uldrenite:rw] [44/421] Building C object CMakeFiles/app.dir/mnt/host/source/src/platform/ec/zephyr/subsys/ap_pwrseq/ap_events.c.obj
[ruby:ro] [5/394] Generating include/generated/zephyr/syscall_dispatch.c, include/generated/zephyr/syscall_exports_llext.c, syscall_weakdefs_llext.c, include/generated/zephyr/syscall_list.h
[uldrenite:ro] [34/421] Linking CXX static library modules/pigweed/pw_tokenizer/libpw_tokenizer.a
[ruby:rw] INFO:root:Version string: Zephyr-Kernel-16543.0.0
[ruby:rw] INFO:root:Writing header to /mnt/host/source/src/platform/ec/build/zephyr/ruby/build-rw/modules/ec/zephyr/include/ec_version.h
[ruby:rw] [5/394] Generating misc/generated/syscalls.json, misc/generated/struct_tags.json
[uldrenite:ro] [35/421] Linking CXX static library modules/pigweed/pw_status/libpw_status.a
[ruby:rw] [6/394] Generating include/generated/zephyr/syscall_dispatch.c, include/generated/zephyr/syscall_exports_llext.c, syscall_weakdefs_llext.c, include/generated/zephyr/syscall_list.h
[uldrenite:ro] [36/421] Linking CXX static library modules/pigweed/pw_log_tokenized/libpw_log_tokenized.a
[ruby:ro] [6/394] Generating include/generated/zephyr/driver-validation.h
[moonstone-ish:singleimage] [213/263] Building C object modules/ec/zephyr/CMakeFiles/ec_shim.dir/shim/src/usbc_stub.c.obj
[moonstone-ish:singleimage] [214/263] Building C object modules/ec/zephyr/subsys/host_service/CMakeFiles/..__..__..__platform__ec__zephyr__subsys__host_service.dir/zephyr_host_service.c.obj
[sanok:rw] [17/526] Building C object CMakeFiles/app.dir/mnt/host/source/src/platform/ec/zephyr/subsys/fingerprint/alg/egis_egis630_bio_alg.c.obj
[moonstone-ish:singleimage] [215/263] Building C object modules/ec/zephyr/subsys/host_service/CMakeFiles/..__..__..__platform__ec__zephyr__subsys__host_service.dir/sys_mng.c.obj
[uldrenite:ro] [37/421] Linking CXX static library modules/pigweed/pw_containers/libpw_containers.intrusive_item.a
[moonstone-ish:singleimage] [216/263] Building C object modules/ec/zephyr/CMakeFiles/ec_shim.dir/shim/src/host_command_heci.c.obj
[moonstone-ish:singleimage] [217/263] Linking CXX static library modules/ec/zephyr/subsys/host_service/lib..__..__..__platform__ec__zephyr__subsys__host_service.a
[moonstone-ish:singleimage] [218/263] Building C object modules/ec/zephyr/subsys/host_service/heci/CMakeFiles/..__..__..__platform__ec__zephyr__subsys__host_service__heci.dir/heci_intf.c.obj
[ruby:rw] [7/394] Generating include/generated/zephyr/driver-validation.h
[uldrenite:ro] [38/421] Linking CXX static library modules/pigweed/pw_bytes/libpw_bytes.a
[moonstone-ish:singleimage] [219/263] Building C object modules/ec/zephyr/CMakeFiles/ec_shim.dir/shim/src/tasks.c.obj
[ruby:ro] [7/394] Generating include/generated/zephyr/kobj-types-enum.h, include/generated/zephyr/otype-to-str.h, include/generated/zephyr/otype-to-size.h
[uldrenite:ro] [39/421] Linking CXX static library modules/pigweed/pw_base64/libpw_base64.a
[ruby:ro] [8/394] Generating include/generated/device-api-sections.ld, include/generated/device-api-sections.cmake
[moonstone-ish:singleimage] [220/263] Linking CXX static library modules/ec/zephyr/libec_shim.a
[ruby:rw] [8/394] Generating include/generated/zephyr/kobj-types-enum.h, include/generated/zephyr/otype-to-str.h, include/generated/zephyr/otype-to-size.h
[uldrenite:ro] [40/421] Linking CXX static library modules/ec/zephyr/shim/src/libplatform_ec_log.tokenized_handler.a
[moonstone-ish:singleimage] [221/263] Building C object modules/ec/zephyr/subsys/host_service/heci/CMakeFiles/..__..__..__platform__ec__zephyr__subsys__host_service__heci.dir/heci_system_state.c.obj
[ruby:rw] [9/394] Generating include/generated/device-api-sections.ld, include/generated/device-api-sections.cmake
[uldrenite:ro] [41/421] Linking CXX static library modules/ec/zephyr/drivers/pw_transport/libpw_transport.proto.nanopb.a
[moonstone-ish:singleimage] [222/263] Building C object modules/ec/zephyr/subsys/host_service/heci/CMakeFiles/..__..__..__platform__ec__zephyr__subsys__host_service__heci.dir/intfs/ipm_intf.c.obj
[moonstone-ish:singleimage] [223/263] Building C object modules/ec/zephyr/subsys/host_service/heci/CMakeFiles/..__..__..__platform__ec__zephyr__subsys__host_service__heci.dir/heci_core.c.obj
[uldrenite:ro] [42/421] Linking CXX static library modules/ec/zephyr/drivers/dsp_comms/libdsp_comms.proto.nanopb.a
[moonstone-ish:singleimage] [224/263] Linking CXX static library modules/ec/zephyr/subsys/host_service/heci/lib..__..__..__platform__ec__zephyr__subsys__host_service__heci.a
[moonstone-ish:singleimage] [225/263] Building C object modules/ec/zephyr/drivers/dsp_comms/client/CMakeFiles/dsp.client.dir/dsp_client_transport.c.obj
[uldrenite:rw] [45/421] Building C object CMakeFiles/app.dir/mnt/host/source/src/platform/ec/zephyr/subsys/ap_pwrseq/ap_power_interface.c.obj
[uldrenite:ro] [43/421] Generating include/generated/zephyr/offsets.h
[moonstone-ish:singleimage] [226/263] Building C object modules/ec/zephyr/drivers/dsp_comms/client/CMakeFiles/dsp.client.dir/remote_cbi.c.obj
[moonstone-ish:singleimage] [227/263] Building C object modules/ec/zephyr/drivers/dsp_comms/client/CMakeFiles/dsp.client.dir/dsp_client.c.obj
[sanok:rw] [18/526] Building C object CMakeFiles/app.dir/mnt/host/source/src/platform/ec/zephyr/subsys/usbd_service/usbd_init.c.obj
[uldrenite:rw] [46/421] Building C object CMakeFiles/app.dir/mnt/host/source/src/platform/ec/zephyr/subsys/ap_pwrseq/power_signals.c.obj
[moonstone-ish:singleimage] [228/263] Building C object modules/ec/zephyr/drivers/dsp_comms/client/CMakeFiles/dsp.client.dir/remote_lid_switch.c.obj
[moonstone-ish:singleimage] [229/263] Building C object modules/ec/zephyr/drivers/dsp_comms/client/CMakeFiles/dsp.client.dir/remote_tablet_switch.c.obj
[moonstone-ish:singleimage] [230/263] Building C object zephyr/kernel/CMakeFiles/kernel.dir/busy_wait.c.obj
[moonstone-ish:singleimage] [231/263] Linking CXX static library modules/ec/zephyr/drivers/dsp_comms/client/libdsp.client.a
[moonstone-ish:singleimage] [232/263] Building C object zephyr/kernel/CMakeFiles/kernel.dir/main_weak.c.obj
[moonstone-ish:singleimage] [233/263] Building C object zephyr/kernel/CMakeFiles/kernel.dir/banner.c.obj
[ruby:ro] [9/394] Building C object zephyr/CMakeFiles/offsets.dir/arch/arm/core/offsets/offsets.c.obj
[moonstone-ish:singleimage] [234/263] Building C object zephyr/kernel/CMakeFiles/kernel.dir/device.c.obj
[/mnt/host/source/src/platform/ec/build/zephyr/greenbayupoc-lcov]   /mnt/host/source/src/platform/ec/build/zephyr/greenbayupoc/build-ro/CMakeFiles/app.dir/mnt/host/source/src/platform/ec/build/zephyr/greenbayupoc/modules/ec/common/cbi_config.c.gcno:no functions found
[ruby:rw] [10/394] Building C object zephyr/CMakeFiles/offsets.dir/arch/arm/core/offsets/offsets.c.obj
[/mnt/host/source/src/platform/ec/build/zephyr/greenbayupoc-lcov] stderr:
[moonstone-ish:singleimage] [235/263] Building C object zephyr/kernel/CMakeFiles/kernel.dir/errno.c.obj
[ruby:ro] [10/394] Generating include/generated/zephyr/offsets.h
[moonstone-ish:singleimage] [236/263] Building C object zephyr/kernel/CMakeFiles/kernel.dir/version.c.obj
[moonstone-ish:singleimage] [237/263] Building C object zephyr/kernel/CMakeFiles/kernel.dir/fatal.c.obj
[/mnt/host/source/src/platform/ec/build/zephyr/yavilla-lcov]   /mnt/host/source/src/platform/ec/build/zephyr/yavilla/build-rw/zephyr/drivers/sensor/CMakeFiles/drivers__sensor.dir/mnt/host/source/src/third_party/zephyr/main/misc/empty_file.c.gcno:no functions found
[/mnt/host/source/src/platform/ec/build/zephyr/yavilla-lcov] Filter suppressions 'region':
[ruby:rw] [11/394] Generating include/generated/zephyr/offsets.h
[/mnt/host/source/src/platform/ec/build/zephyr/yavilla-lcov]     39 instances
[/mnt/host/source/src/platform/ec/build/zephyr/yavilla-lcov]     34 coverpoints
[/mnt/host/source/src/platform/ec/build/zephyr/yavilla-lcov] Message summary:
[/mnt/host/source/src/platform/ec/build/zephyr/yavilla-lcov]   27 ignore messages:
[/mnt/host/source/src/platform/ec/build/zephyr/yavilla-lcov]     gcov: 27
[moonstone-ish:singleimage] [238/263] Building C object zephyr/kernel/CMakeFiles/kernel.dir/float.c.obj
[uldrenite:ro] [44/421] Building C object CMakeFiles/app.dir/mnt/host/source/src/platform/ec/zephyr/subsys/ap_pwrseq/ap_events.c.obj
[moonstone-ish:singleimage] [239/263] Building C object zephyr/kernel/CMakeFiles/kernel.dir/init.c.obj
[moonstone-ish:singleimage] [240/263] Building C object zephyr/kernel/CMakeFiles/kernel.dir/mem_slab.c.obj
[moonstone-ish:singleimage] [241/263] Building C object zephyr/kernel/CMakeFiles/kernel.dir/kheap.c.obj
[sanok:rw] [19/526] Building C object CMakeFiles/app.dir/mnt/host/source/src/platform/ec/build/zephyr/sanok/modules/ec/builtin/stdlib.c.obj
[moonstone-ish:singleimage] [242/263] Building C object zephyr/kernel/CMakeFiles/kernel.dir/idle.c.obj
[uldrenite:rw] [47/421] Building C object CMakeFiles/app.dir/mnt/host/source/src/platform/ec/zephyr/subsys/ap_pwrseq/signal_gpio.c.obj
[/mnt/host/source/src/platform/ec/build/zephyr/greenbayupoc-lcov]   /mnt/host/source/src/platform/ec/build/zephyr/greenbayupoc/build-ro/zephyr/arch/arch/riscv/core/CMakeFiles/arch__riscv__core.dir/cpu_idle.c.gcno:no functions found
[/mnt/host/source/src/platform/ec/build/zephyr/greenbayupoc-lcov] stderr:
[moonstone-ish:singleimage] [243/263] Building C object zephyr/kernel/CMakeFiles/kernel.dir/mailbox.c.obj
[moonstone-ish:singleimage] [244/263] Building C object zephyr/kernel/CMakeFiles/kernel.dir/msg_q.c.obj
[moonstone-ish:singleimage] [245/263] Building C object zephyr/kernel/CMakeFiles/kernel.dir/queue.c.obj
[moonstone-ish:singleimage] [246/263] Building C object zephyr/kernel/CMakeFiles/kernel.dir/mutex.c.obj
[uldrenite:rw] [48/421] Building C object CMakeFiles/app.dir/mnt/host/source/src/platform/ec/zephyr/subsys/ap_pwrseq/signal_vw.c.obj
[ruby:ro] [11/394] Building C object zephyr/CMakeFiles/zephyr.dir/lib/libc/validate_libc.c.obj
[moonstone-ish:singleimage] [247/263] Building C object zephyr/kernel/CMakeFiles/kernel.dir/sem.c.obj
[moonstone-ish:singleimage] [248/263] Building C object zephyr/kernel/CMakeFiles/kernel.dir/stack.c.obj
[sanok:rw] [20/526] Building C object CMakeFiles/app.dir/mnt/host/source/src/platform/ec/build/zephyr/sanok/modules/ec/common/base32.c.obj
[moonstone-ish:singleimage] [249/263] Building C object zephyr/kernel/CMakeFiles/kernel.dir/system_work_q.c.obj
[moonstone-ish:singleimage] [250/263] Building C object zephyr/kernel/CMakeFiles/kernel.dir/condvar.c.obj
[ruby:rw] [12/394] Building C object CMakeFiles/app.dir/mnt/host/source/src/platform/ec/zephyr/subsys/ap_pwrseq/ap_events.c.obj
[moonstone-ish:singleimage] [251/263] Building C object zephyr/kernel/CMakeFiles/kernel.dir/spinlock_validate.c.obj
[moonstone-ish:singleimage] [252/263] Building C object zephyr/kernel/CMakeFiles/kernel.dir/thread.c.obj
[moonstone-ish:singleimage] [253/263] Building C object zephyr/kernel/CMakeFiles/kernel.dir/work.c.obj
[moonstone-ish:singleimage] [254/263] Building C object zephyr/kernel/CMakeFiles/kernel.dir/thread_monitor.c.obj
[uldrenite:ro] [45/421] Building C object CMakeFiles/app.dir/mnt/host/source/src/platform/ec/zephyr/subsys/ap_pwrseq/ap_power_interface.c.obj
[moonstone-ish:singleimage] [255/263] Building C object zephyr/kernel/CMakeFiles/kernel.dir/pipe.c.obj
[uldrenite:rw] [49/421] Building C object CMakeFiles/app.dir/mnt/host/source/src/platform/ec/zephyr/subsys/ap_pwrseq/signal_adc.c.obj
[uldrenite:rw] [50/421] Building C object CMakeFiles/app.dir/mnt/host/source/src/platform/ec/zephyr/subsys/ap_pwrseq/power_host_sleep.c.obj
[moonstone-ish:singleimage] [256/263] Building C object zephyr/kernel/CMakeFiles/kernel.dir/sched.c.obj
[sanok:ro] Building: /usr/bin/ninja -C /mnt/host/source/src/platform/ec/build/zephyr/sanok/build-ro all.libraries
Running `env -i SHELL=/bin/bash COLORTERM=truecolor DEPOT_TOOLS_UPDATE=0 LESS='-R -M --shift 5' SUDO_GID=0 JDK_HOME=/etc/java-config-2/current-system-vm CONFIG_PROTECT_MASK='/etc/gentoo-release /etc/sandbox.d /etc/fonts/fonts.conf /etc/terminfo /etc/ca-certificates.conf /etc/revdep-rebuild' CHROMEOS_CACHEDIR=/var/cache/chromeos-cache JAVA_HOME=/etc/java-config-2/current-system-vm SSH_AUTH_SOCK=/tmp/ssh-auth-sock SUDO_COMMAND=/bin/bash SUDO_USER=root SUDO_TTY=/dev/pts/2 EDITOR=/usr/bin/vi PWD=/mnt/host/source/src/platform/ec CONFIG_PROTECT=/usr/share/gnupg/qualified.txt LOGNAME=jpmurphy MANPATH=/etc/java-config-2/current-system-vm/man:/usr/local/share/man:/usr/share/man:/usr/share/gcc-data/x86_64-pc-linux-gnu/10.2.0/man:/usr/share/binutils-data/x86_64-pc-linux-gnu/2.45/man:/etc/java-config-2/current-system-vm/man/ SUDO_HOME=/root XAUTHORITY=/run/user/944457/gdm/Xauthority HOME=/home/jpmurphy LANG=C.UTF-8 LS_COLORS='rs=0:di=01;34:ln=01;36:mh=00:pi=40;33:so=01;35:do=01;35:bd=40;33;01:cd=40;33;01:or=01;05;37;41:mi=01;05;37;41:su=37;41:sg=30;43:ca=30;41:tw=30;42:ow=34;42:st=37;44:ex=01;32:*.tar=01;31:*.tgz=01;31:*.arc=01;31:*.arj=01;31:*.taz=01;31:*.lha=01;31:*.lz4=01;31:*.lzh=01;31:*.lzma=01;31:*.tlz=01;31:*.txz=01;31:*.tzo=01;31:*.t7z=01;31:*.zip=01;31:*.z=01;31:*.dz=01;31:*.gz=01;31:*.lrz=01;31:*.lz=01;31:*.lzo=01;31:*.xz=01;31:*.zst=01;31:*.tzst=01;31:*.bz2=01;31:*.bz=01;31:*.tbz=01;31:*.tbz2=01;31:*.tz=01;31:*.deb=01;31:*.rpm=01;31:*.jar=01;31:*.war=01;31:*.ear=01;31:*.sar=01;31:*.rar=01;31:*.alz=01;31:*.ace=01;31:*.zoo=01;31:*.cpio=01;31:*.7z=01;31:*.rz=01;31:*.cab=01;31:*.wim=01;31:*.swm=01;31:*.dwm=01;31:*.esd=01;31:*.jpg=01;35:*.jpeg=01;35:*.mjpg=01;35:*.mjpeg=01;35:*.gif=01;35:*.bmp=01;35:*.pbm=01;35:*.pgm=01;35:*.ppm=01;35:*.tga=01;35:*.xbm=01;35:*.xpm=01;35:*.tif=01;35:*.tiff=01;35:*.png=01;35:*.svg=01;35:*.svgz=01;35:*.mng=01;35:*.pcx=01;35:*.mov=01;35:*.mpg=01;35:*.mpeg=01;35:*.m2v=01;35:*.mkv=01;35:*.webm=01;35:*.webp=01;35:*.ogm=01;35:*.mp4=01;35:*.m4v=01;35:*.mp4v=01;35:*.vob=01;35:*.qt=01;35:*.nuv=01;35:*.wmv=01;35:*.asf=01;35:*.rm=01;35:*.rmvb=01;35:*.flc=01;35:*.avi=01;35:*.fli=01;35:*.flv=01;35:*.gl=01;35:*.dl=01;35:*.xcf=01;35:*.xwd=01;35:*.yuv=01;35:*.cgm=01;35:*.emf=01;35:*.ogv=01;35:*.ogx=01;35:*.cfg=00;32:*.conf=00;32:*.diff=00;32:*.doc=00;32:*.ini=00;32:*.log=00;32:*.patch=00;32:*.pdf=00;32:*.ps=00;32:*.tex=00;32:*.txt=00;32:*.aac=00;36:*.au=00;36:*.flac=00;36:*.m4a=00;36:*.mid=00;36:*.midi=00;36:*.mka=00;36:*.mp3=00;36:*.mpc=00;36:*.ogg=00;36:*.ra=00;36:*.wav=00;36:*.oga=00;36:*.opus=00;36:*.spx=00;36:*.xspf=00;36:' XDG_CURRENT_DESKTOP=GNOME INFOPATH=/usr/share/info:/usr/share/gcc-data/x86_64-pc-linux-gnu/10.2.0/info:/usr/share/binutils-data/x86_64-pc-linux-gnu/2.45/info:/usr/share/automake-1.16.5/info JAVAC=/etc/java-config-2/current-system-vm/bin/javac TERM=xterm-256color LESSOPEN='|lesspipe %s' USER=jpmurphy CROS_WORKON_SRCROOT=/mnt/host/source MANPAGER=manpager DISPLAY=:1 SHLVL=1 LC_MESSAGES=C EXTERNAL_TRUNK_PATH=/mnt/8f9d649a-3721-44cc-93c0-e6bd21a9689f/chromiumos GCC_SPECS='' PATH=/mnt/host/source/chromite/bin:/usr/local/bin:/usr/bin:/bin:/opt/bin:/mnt/host/source/chromite/sdk/bin:/mnt/host/source/chromite/bin PORTAGE_USERNAME=jpmurphy SUDO_UID=0 GCC_VER=10.2.0 MAIL=/var/mail/jpmurphy OLDPWD=/mnt/host/source/src/scripts traceparent=00-e87aca51550a78635907baa6a2476181-6d684811675d2973-01 _=./zephyr/firmware_builder.py COREBOOT_SDK_ROOT_x86=/home/jpmurphy/.cache/coreboot-sdk/i386-elf/dfbb0486385d938cfa9d73080b9d18d598ed4f49 COREBOOT_SDK_ROOT_picolibc_x86=/home/jpmurphy/.cache/coreboot-sdk/picolibc-i386-elf/eb8e8e687b95461de8cbf278f1c2076952d0ad17 COREBOOT_SDK_ROOT_riscv64=/home/jpmurphy/.cache/coreboot-sdk/riscv64-elf/96b949749225b6aaa92ed810ab769e8dfb12f000 COREBOOT_SDK_ROOT_picolibc_arm=/home/jpmurphy/.cache/coreboot-sdk/picolibc-arm-eabi/422a2aa3e1ef891b5bece9a3deb696ff83840d2e COREBOOT_SDK_ROOT_nds32=/home/jpmurphy/.cache/coreboot-sdk/nds32le-elf/d1a518c4a097666d86058e1444f85ca015d15511 COREBOOT_SDK_ROOT_picolibc_riscv64=/home/jpmurphy/.cache/coreboot-sdk/picolibc-riscv64-elf/f571e990ef0278564b31124f8bb109d9a697eb69 COREBOOT_SDK_ROOT_arm=/home/jpmurphy/.cache/coreboot-sdk/arm-eabi/ea40ddd1d190c3b48435c474c0b545719371813a COREBOOT_SDK_ROOT_libstdcxx_riscv64=/home/jpmurphy/.cache/coreboot-sdk/libstdcxx-riscv64-elf/17abf22a3a252e2d5d2062ced5324f7a623689e0 COREBOOT_SDK_ROOT_libstdcxx_arm=/home/jpmurphy/.cache/coreboot-sdk/libstdcxx-arm-eabi/5d7d82e150e44aa1968f1d366e267e6687b328ac COREBOOT_SDK_ROOT_riscv=/home/jpmurphy/.cache/coreboot-sdk/riscv-elf/9a27b9e82341c6e9126624f516ab3f261abb3e73 COREBOOT_SDK_ROOT_libstdcxx_x86=/home/jpmurphy/.cache/coreboot-sdk/libstdcxx-i386-elf/42ef9d2e87a76a37963175d7d428734e65648b87 PYTHONPATH=/mnt/host/source/src/platform/ec/zephyr/zmake PW_PIGWEED_CIPD_INSTALL_DIR=/usr CROSTC_USER_ACKNOWLEDGES_THAT_RISCV_IS_EXPERIMENTAL=1 MAKEFLAGS=' -j16 --jobserver-auth=5,6' /usr/bin/ninja -C /mnt/host/source/src/platform/ec/build/zephyr/sanok/build-ro all.libraries`
[moonstone-ish:singleimage] [257/263] Building C object zephyr/kernel/CMakeFiles/kernel.dir/timeout.c.obj
[sanok:ro] ninja: Entering directory `/mnt/host/source/src/platform/ec/build/zephyr/sanok/build-ro'
[/mnt/host/source/src/platform/ec/build/zephyr/greenbayupoc-lcov]   /mnt/host/source/src/platform/ec/build/zephyr/greenbayupoc/build-ro/zephyr/arch/common/CMakeFiles/isr_tables.dir/isr_tables.c.gcno:no functions found
[/mnt/host/source/src/platform/ec/build/zephyr/greenbayupoc-lcov] stderr:
[sanok:rw] [21/526] Building C object CMakeFiles/app.dir/mnt/host/source/src/platform/ec/build/zephyr/sanok/modules/ec/common/console_output.c.obj
[moonstone-ish:singleimage] [258/263] Building C object zephyr/kernel/CMakeFiles/kernel.dir/timer.c.obj
[ruby:ro] [12/394] Building C object zephyr/CMakeFiles/zephyr.dir/lib/heap/heap.c.obj
[moonstone-ish:singleimage] [259/263] Building C object zephyr/kernel/CMakeFiles/kernel.dir/events.c.obj
[moonstone-ish:singleimage] [260/263] Building C object zephyr/kernel/CMakeFiles/kernel.dir/mempool.c.obj
[moonstone-ish:singleimage] [261/263] Building C object zephyr/kernel/CMakeFiles/kernel.dir/poll.c.obj
[trulo:ro] Configuring.
Running `env -i PYTHONPATH=/usr/lib64/python-exec/python3.11:/mnt/host/source/src/platform/ec/zephyr/zmake:/usr/lib/python311.zip:/usr/lib/python3.11:/usr/lib/python3.11/lib-dynload:/usr/lib/python3.11/site-packages PW_PIGWEED_CIPD_INSTALL_DIR=/usr CROSTC_USER_ACKNOWLEDGES_THAT_RISCV_IS_EXPERIMENTAL=1 PATH=/mnt/host/source/chromite/bin:/usr/local/bin:/usr/bin:/bin:/opt/bin:/mnt/host/source/chromite/sdk/bin:/mnt/host/source/chromite/bin HOME=/home/jpmurphy JAVA_HOME=/etc/java-config-2/current-system-vm JDK_HOME=/etc/java-config-2/current-system-vm JAVAC=/etc/java-config-2/current-system-vm/bin/javac MAKEFLAGS=' -j16 --jobserver-auth=5,6' /usr/bin/cmake -S /mnt/host/source/src/platform/ec/zephyr/program/trulo -B /mnt/host/source/src/platform/ec/build/zephyr/trulo/build-ro -GNinja -DCMAKE_EXPORT_COMPILE_COMMANDS=ON -DZEPHYR_BASE=/mnt/host/source/src/third_party/zephyr/main -DZMAKE_INCLUDE_DIR=/mnt/host/source/src/platform/ec/build/zephyr/trulo/include -DPython3_EXECUTABLE=/usr/bin/python3.11 -DDTS_ROOT=/mnt/host/source/src/platform/ec/zephyr -DSYSCALL_INCLUDE_DIRS=/mnt/host/source/src/platform/ec/zephyr/include/drivers -DUSER_CACHE_DIR=/mnt/host/source/src/platform/ec/build/zephyr/user-cache -DPW_ROOT=/mnt/host/source/src/third_party/pigweed -DNANOPB_DIR=/mnt/host/source/src/third_party/zephyr/nanopb '-DEXTRA_EC_VERSION_FLAGS=--version 16543.0.0 --static' -DTOOLCHAIN_ROOT=/mnt/host/source/src/platform/ec/zephyr -DCOREBOOT_SDK_ROOT_x86=/home/jpmurphy/.cache/coreboot-sdk/i386-elf/dfbb0486385d938cfa9d73080b9d18d598ed4f49 -DCOREBOOT_SDK_ROOT_picolibc_x86=/home/jpmurphy/.cache/coreboot-sdk/picolibc-i386-elf/eb8e8e687b95461de8cbf278f1c2076952d0ad17 -DCOREBOOT_SDK_ROOT_riscv64=/home/jpmurphy/.cache/coreboot-sdk/riscv64-elf/96b949749225b6aaa92ed810ab769e8dfb12f000 -DCOREBOOT_SDK_ROOT_picolibc_arm=/home/jpmurphy/.cache/coreboot-sdk/picolibc-arm-eabi/422a2aa3e1ef891b5bece9a3deb696ff83840d2e -DCOREBOOT_SDK_ROOT_nds32=/home/jpmurphy/.cache/coreboot-sdk/nds32le-elf/d1a518c4a097666d86058e1444f85ca015d15511 -DCOREBOOT_SDK_ROOT_picolibc_riscv64=/home/jpmurphy/.cache/coreboot-sdk/picolibc-riscv64-elf/f571e990ef0278564b31124f8bb109d9a697eb69 -DCOREBOOT_SDK_ROOT_arm=/home/jpmurphy/.cache/coreboot-sdk/arm-eabi/ea40ddd1d190c3b48435c474c0b545719371813a -DCOREBOOT_SDK_ROOT_libstdcxx_riscv64=/home/jpmurphy/.cache/coreboot-sdk/libstdcxx-riscv64-elf/17abf22a3a252e2d5d2062ced5324f7a623689e0 -DCOREBOOT_SDK_ROOT_libstdcxx_arm=/home/jpmurphy/.cache/coreboot-sdk/libstdcxx-arm-eabi/5d7d82e150e44aa1968f1d366e267e6687b328ac -DCOREBOOT_SDK_ROOT_riscv=/home/jpmurphy/.cache/coreboot-sdk/riscv-elf/9a27b9e82341c6e9126624f516ab3f261abb3e73 -DCOREBOOT_SDK_ROOT_libstdcxx_x86=/home/jpmurphy/.cache/coreboot-sdk/libstdcxx-i386-elf/42ef9d2e87a76a37963175d7d428734e65648b87 -DZEPHYR_TOOLCHAIN_VARIANT=coreboot-sdk '-DZEPHYR_MODULES=/mnt/host/source/src/platform/ec/build/zephyr/trulo/modules/cmsis;/mnt/host/source/src/platform/ec/build/zephyr/trulo/modules/cmsis_6;/mnt/host/source/src/platform/ec/build/zephyr/trulo/modules/picolibc;/mnt/host/source/src/platform/ec/build/zephyr/trulo/modules/ec;/mnt/host/source/src/platform/ec/build/zephyr/trulo/modules/pigweed;/mnt/host/source/src/platform/ec/build/zephyr/trulo/modules/nanopb' -DDTC_OVERLAY_FILE=/mnt/host/source/src/platform/ec/zephyr/program/trulo/trulo/project.overlay -DBOARD=npcx9/npcx9m3f -DCMAKE_C_FLAGS=-DSECTION_IS_RO '-DCONF_FILE=/mnt/host/source/src/platform/ec/zephyr/program/trulo/program.conf;/mnt/host/source/src/platform/ec/zephyr/program/trulo/trulo/project.conf;/mnt/host/source/src/platform/ec/zephyr/program/trulo/dsp_comms.conf;/mnt/host/source/src/platform/ec/build/zephyr/trulo/kconfig-ro.conf'`
[moonstone-ish:singleimage] [262/263] Building C object zephyr/kernel/CMakeFiles/kernel.dir/dynamic_disabled.c.obj
[trulo:ro] Loading Zephyr default modules (Zephyr base (cached)).
[trulo:ro] -- Application: /mnt/host/source/src/platform/ec/zephyr/program/trulo
[trulo:ro] -- CMake version: 3.31.7
[moonstone-ish:singleimage] [263/263] Linking CXX static library zephyr/kernel/libkernel.a
[ruby:rw] [13/394] Building C object CMakeFiles/app.dir/mnt/host/source/src/platform/ec/zephyr/subsys/ap_pwrseq/ap_power_interface.c.obj
[uldrenite:rw] [51/421] Building C object CMakeFiles/app.dir/mnt/host/source/src/platform/ec/zephyr/subsys/ap_pwrseq/x86_non_dsx_common_pwrseq_sm_handler.c.obj
[trulo:ro] -- Found Python3: /usr/bin/python3.11 (found suitable version "3.11.11", minimum required is "3.10") found components: Interpreter
[sanok:ro] [1/513] Generating include/generated/zephyr/version.h
[sanok:ro] -- git describe warned: warning: tag 'upstream/v2.7.99' is externally known as 'v2.7.99'
[trulo:ro] -- Cache files will be written to: /mnt/host/source/src/platform/ec/build/zephyr/user-cache
[trulo:ro] -- Zephyr version: 4.3.99 (/mnt/host/source/src/third_party/zephyr/main)
[sanok:ro] -- Zephyr version: 4.3.99 (/mnt/host/source/src/third_party/zephyr/main)
[sanok:ro] [2/513] Preparing syscall dependency handling
[sanok:rw] [22/526] Building C object CMakeFiles/app.dir/mnt/host/source/src/platform/ec/build/zephyr/sanok/modules/ec/common/ec_features.c.obj
[sanok:ro] [3/513] Generating misc/generated/syscalls_subdirs.trigger
[sanok:rw] [23/526] Building C object CMakeFiles/app.dir/mnt/host/source/src/platform/ec/build/zephyr/sanok/modules/ec/common/gpio_commands.c.obj
[uldrenite:ro] [46/421] Building C object CMakeFiles/app.dir/mnt/host/source/src/platform/ec/zephyr/subsys/ap_pwrseq/power_signals.c.obj
[uldrenite:rw] [52/421] Building C object CMakeFiles/app.dir/mnt/host/source/src/platform/ec/zephyr/subsys/ap_pwrseq/x86_non_dsx_common_pwrseq_host_sleep.c.obj
[/mnt/host/source/src/platform/ec/build/zephyr/brox-ish-lcov] stderr:
[ruby:ro] [13/394] Building C object zephyr/CMakeFiles/zephyr.dir/lib/os/sem.c.obj
[uldrenite:rw] [53/421] Building C object CMakeFiles/app.dir/mnt/host/source/src/platform/ec/zephyr/subsys/ap_pwrseq/x86_non_dsx_chipset_power_state.c.obj
[sanok:rw] [24/526] Building C object CMakeFiles/app.dir/mnt/host/source/src/platform/ec/build/zephyr/sanok/modules/ec/common/peripheral.c.obj
[ruby:ro] [14/394] Building C object zephyr/CMakeFiles/zephyr.dir/lib/os/clock.c.obj
[ruby:ro] [15/394] Building C object zephyr/CMakeFiles/zephyr.dir/lib/os/cbprintf_packaged.c.obj
[ruby:ro] [16/394] Building C object zephyr/CMakeFiles/zephyr.dir/lib/os/printk.c.obj
[ruby:rw] [14/394] Building C object CMakeFiles/app.dir/mnt/host/source/src/platform/ec/zephyr/subsys/ap_pwrseq/power_signals.c.obj
[/mnt/host/source/src/platform/ec/build/zephyr/brox-ish-lcov]   /mnt/host/source/src/platform/ec/build/zephyr/brox-ish/build-singleimage/CMakeFiles/app.dir/mnt/host/source/src/platform/ec/build/zephyr/brox-ish/modules/ec/common/cbi_config.c.gcno:no functions found
[/mnt/host/source/src/platform/ec/build/zephyr/brox-ish-lcov] stderr:
[sanok:rw] [25/526] Building C object CMakeFiles/app.dir/mnt/host/source/src/platform/ec/build/zephyr/sanok/modules/ec/common/queue.c.obj
[sanok:rw] [26/526] Building C object CMakeFiles/app.dir/mnt/host/source/src/platform/ec/build/zephyr/sanok/modules/ec/common/printf.c.obj
[sanok:ro] [4/513] Generating misc/generated/syscalls.json, misc/generated/struct_tags.json
[ruby:ro] [17/394] Building C object zephyr/CMakeFiles/zephyr.dir/lib/os/cbprintf_nano.c.obj
[ruby:ro] [18/394] Building C object zephyr/CMakeFiles/zephyr.dir/lib/os/thread_entry.c.obj
[uldrenite:rw] [54/421] Building C object CMakeFiles/app.dir/mnt/host/source/src/platform/ec/zephyr/subsys/ap_pwrseq/x86_non_dsx_common_pwrseq_console.c.obj
[ruby:ro] [19/394] Building C object zephyr/CMakeFiles/zephyr.dir/lib/os/cbprintf.c.obj
[sanok:rw] [27/526] Building C object CMakeFiles/app.dir/mnt/host/source/src/platform/ec/build/zephyr/sanok/modules/ec/common/system.c.obj
[sanok:ro] [5/513] Generating include/generated/zephyr/syscall_dispatch.c, include/generated/zephyr/syscall_exports_llext.c, syscall_weakdefs_llext.c, include/generated/zephyr/syscall_list.h
[ruby:ro] [20/394] Building C object zephyr/CMakeFiles/zephyr.dir/lib/utils/base64.c.obj
[ruby:ro] [21/394] Building C object zephyr/CMakeFiles/zephyr.dir/lib/utils/dec.c.obj
[ruby:ro] [22/394] Building C object zephyr/CMakeFiles/zephyr.dir/lib/os/assert.c.obj
[uldrenite:ro] [47/421] Building C object CMakeFiles/app.dir/mnt/host/source/src/platform/ec/zephyr/subsys/ap_pwrseq/signal_gpio.c.obj
[uldrenite:rw] [55/421] Building C object CMakeFiles/app.dir/mnt/host/source/src/platform/ec/zephyr/subsys/ap_pwrseq/x86_non_dsx_common_pwrseq_host_command.c.obj
[ruby:ro] [23/394] Building C object zephyr/CMakeFiles/zephyr.dir/lib/utils/hex.c.obj
[trulo:ro] -- Board: npcx9, qualifiers: npcx9m3f
[sanok:ro] [6/513] Generating include/generated/zephyr/driver-validation.h
[sanok:rw] [28/526] Building C object CMakeFiles/app.dir/mnt/host/source/src/platform/ec/build/zephyr/sanok/modules/ec/common/uart_printf.c.obj
[uldrenite:rw] [56/421] Building C object CMakeFiles/app.dir/mnt/host/source/src/platform/ec/zephyr/subsys/ap_pwrseq/x86_non_dsx_adlp_pwrseq_sm.c.obj
[ruby:ro] [24/394] Building C object zephyr/CMakeFiles/zephyr.dir/lib/utils/timeutil.c.obj
[sanok:rw] [29/526] Building C object CMakeFiles/app.dir/mnt/host/source/src/platform/ec/build/zephyr/sanok/modules/ec/common/system_boot_time.c.obj
[ruby:ro] [25/394] Building C object zephyr/CMakeFiles/zephyr.dir/lib/utils/bitmask.c.obj
[sanok:ro] [7/513] Generating include/generated/zephyr/kobj-types-enum.h, include/generated/zephyr/otype-to-str.h, include/generated/zephyr/otype-to-size.h
[sanok:ro] [8/513] Generating include/generated/device-api-sections.ld, include/generated/device-api-sections.cmake
[sanok:rw] [30/526] Building C object CMakeFiles/app.dir/mnt/host/source/src/platform/ec/build/zephyr/sanok/modules/ec/common/util.c.obj
[ruby:rw] [15/394] Building C object CMakeFiles/app.dir/mnt/host/source/src/platform/ec/zephyr/subsys/ap_pwrseq/signal_gpio.c.obj
[uldrenite:rw] [57/421] Building C object CMakeFiles/app.dir/mnt/host/source/src/platform/ec/zephyr/subsys/ap_pwrseq/ap_reset_log.c.obj
[ruby:ro] [26/394] Building C object zephyr/CMakeFiles/zephyr.dir/lib/utils/rb.c.obj
[ruby:ro] [27/394] Building C object zephyr/CMakeFiles/zephyr.dir/lib/utils/bitarray.c.obj
[sanok:rw] [31/526] Building C object CMakeFiles/app.dir/mnt/host/source/src/platform/ec/build/zephyr/sanok/modules/ec/common/version.c.obj
[ruby:ro] [28/394] Building C object zephyr/CMakeFiles/zephyr.dir/lib/utils/last_section_id.c.obj
[sanok:ro] [9/513] Building C object zephyr/CMakeFiles/offsets.dir/arch/riscv/core/offsets/offsets.c.obj
[sanok:rw] [32/526] Building C object CMakeFiles/app.dir/mnt/host/source/src/platform/ec/build/zephyr/sanok/modules/ec/common/memory_commands.c.obj
[ruby:ro] [29/394] Building C object zephyr/CMakeFiles/zephyr.dir/lib/utils/ring_buffer.c.obj
[ruby:ro] [30/394] Building C object zephyr/CMakeFiles/zephyr.dir/misc/generated/configs.c.obj
[ruby:ro] [31/394] Building C object zephyr/CMakeFiles/zephyr.dir/lib/utils/getopt/getopt_common.c.obj
[sanok:rw] [33/526] Building C object CMakeFiles/app.dir/mnt/host/source/src/platform/ec/build/zephyr/sanok/modules/ec/common/ap_reset_log.c.obj
[sanok:ro] [10/513] Generating include/generated/zephyr/offsets.h
[ruby:ro] [32/394] Building C object zephyr/CMakeFiles/zephyr.dir/lib/utils/getopt/getopt.c.obj
[uldrenite:ro] [48/421] Building C object CMakeFiles/app.dir/mnt/host/source/src/platform/ec/zephyr/subsys/ap_pwrseq/signal_vw.c.obj
[/mnt/host/source/src/platform/ec/build/zephyr/brox-ish-lcov]   /mnt/host/source/src/platform/ec/build/zephyr/brox-ish/build-singleimage/zephyr/arch/arch/x86/core/CMakeFiles/arch__x86__core.dir/spec_ctrl.c.gcno:no functions found
[/mnt/host/source/src/platform/ec/build/zephyr/brox-ish-lcov] stderr:
[ruby:rw] [16/394] Building C object CMakeFiles/app.dir/mnt/host/source/src/platform/ec/zephyr/subsys/ap_pwrseq/signal_vw.c.obj
[sanok:rw] [34/526] Building C object CMakeFiles/app.dir/mnt/host/source/src/platform/ec/build/zephyr/sanok/modules/ec/common/flash.c.obj
[uldrenite:rw] [58/421] Building C object CMakeFiles/app.dir/mnt/host/source/src/platform/ec/zephyr/subsys/pd_controller/pdc_pmc_debug.c.obj
[trulo:ro] -- Found Dtc: /usr/bin/dtc (found suitable version "1.6.0", minimum required is "1.4.6")
[trulo:ro] -- Found BOARD.dts: /mnt/host/source/src/platform/ec/zephyr/boards/google/npcx9/npcx9_npcx9m3f.dts
[trulo:ro] -- Found devicetree overlay: /mnt/host/source/src/platform/ec/zephyr/program/trulo/trulo/project.overlay
[ruby:ro] [33/394] Building C object zephyr/CMakeFiles/zephyr.dir/soc/nuvoton/npcx/common/npcxn/registers.c.obj
[ruby:ro] [34/394] Building C object zephyr/CMakeFiles/zephyr.dir/soc/nuvoton/npcx/common/power.c.obj
[ruby:ro] [35/394] Building C object zephyr/CMakeFiles/zephyr.dir/soc/nuvoton/npcx/npcx9/soc.c.obj
[ruby:ro] [36/394] Building C object zephyr/CMakeFiles/zephyr.dir/soc/nuvoton/npcx/common/scfg.c.obj
[sanok:ro] [11/513] Building ASM object zephyr/CMakeFiles/zephyr.dir/arch/riscv/custom/andes/reset.S.obj
[/mnt/host/source/src/platform/ec/build/zephyr/greenbayupoc-lcov]   /mnt/host/source/src/platform/ec/build/zephyr/greenbayupoc/build-ro/zephyr/CMakeFiles/zephyr.dir/subsys/shell/modules/kernel_service/kernel_shell.c.gcno:no functions found
[/mnt/host/source/src/platform/ec/build/zephyr/greenbayupoc-lcov] stderr:
[uldrenite:ro] [49/421] Building C object CMakeFiles/app.dir/mnt/host/source/src/platform/ec/zephyr/subsys/ap_pwrseq/signal_adc.c.obj
[/mnt/host/source/src/platform/ec/build/zephyr/greenbayupoc-lcov]   /mnt/host/source/src/platform/ec/build/zephyr/greenbayupoc/build-ro/zephyr/CMakeFiles/zephyr.dir/lib/libc/validate_libc.c.gcno:no functions found
[/mnt/host/source/src/platform/ec/build/zephyr/greenbayupoc-lcov] stderr:
[ruby:ro] [37/394] Building C object zephyr/CMakeFiles/zephyr.dir/subsys/pm/state.c.obj
[ruby:rw] [17/394] Building C object CMakeFiles/app.dir/mnt/host/source/src/platform/ec/zephyr/subsys/ap_pwrseq/power_host_sleep.c.obj
[sanok:ro] [12/513] Building C object zephyr/CMakeFiles/zephyr.dir/lib/libc/validate_libc.c.obj
[sanok:ro] [13/513] Building C object zephyr/CMakeFiles/zephyr.dir/lib/cpp/abi/cpp_dtors.c.obj
[uldrenite:rw] [59/421] Building C object CMakeFiles/app.dir/mnt/host/source/src/platform/ec/zephyr/subsys/pd_controller/pdc_host_cmd.c.obj
[ruby:ro] [38/394] Building C object zephyr/CMakeFiles/zephyr.dir/subsys/logging/log_minimal.c.obj
[ruby:ro] [39/394] Building C object zephyr/CMakeFiles/zephyr.dir/subsys/pm/pm.c.obj
[ruby:ro] [40/394] Building C object zephyr/CMakeFiles/zephyr.dir/subsys/mem_mgmt/mem_attr.c.obj
[uldrenite:rw] [60/421] Building C object CMakeFiles/app.dir/mnt/host/source/src/platform/ec/zephyr/subsys/pd_controller/pdc_console.c.obj
[ruby:ro] [41/394] Building C object zephyr/CMakeFiles/zephyr.dir/subsys/pm/policy/policy_events.c.obj
[sanok:ro] [14/513] Building C object zephyr/CMakeFiles/zephyr.dir/lib/heap/heap.c.obj
[uldrenite:ro] [50/421] Building C object CMakeFiles/app.dir/mnt/host/source/src/platform/ec/zephyr/subsys/ap_pwrseq/power_host_sleep.c.obj
[/mnt/host/source/src/platform/ec/build/zephyr/greenbayupoc-lcov]   /mnt/host/source/src/platform/ec/build/zephyr/greenbayupoc/build-ro/zephyr/CMakeFiles/zephyr.dir/lib/utils/last_section_id.c.gcno:no functions found
[/mnt/host/source/src/platform/ec/build/zephyr/greenbayupoc-lcov] stderr:
[ruby:ro] [42/394] Building C object zephyr/CMakeFiles/zephyr.dir/subsys/pm/policy/policy_state_lock.c.obj
[ruby:rw] [18/394] Building C object CMakeFiles/app.dir/mnt/host/source/src/platform/ec/zephyr/subsys/ap_pwrseq/x86_non_dsx_common_pwrseq_sm_handler.c.obj
[ruby:ro] [43/394] Building C object zephyr/CMakeFiles/zephyr.dir/subsys/pm/policy/policy_latency.c.obj
[uldrenite:rw] [61/421] Building C object CMakeFiles/app.dir/mnt/host/source/src/platform/ec/zephyr/subsys/pd_controller/pdc_power_mgmt.c.obj
[uldrenite:rw] [62/421] Building C object CMakeFiles/app.dir/mnt/host/source/src/platform/ec/zephyr/subsys/pd_controller/pdc_stub.c.obj
[ruby:ro] [44/394] Building C object zephyr/CMakeFiles/zephyr.dir/subsys/pm/device.c.obj
[sanok:ro] [15/513] Building C object zephyr/CMakeFiles/zephyr.dir/lib/os/cbprintf_packaged.c.obj
[trulo:ro] -- Generated zephyr.dts: /mnt/host/source/src/platform/ec/build/zephyr/trulo/build-ro/zephyr/zephyr.dts
[sanok:rw] [35/526] Building CXX object CMakeFiles/app.dir/mnt/host/source/src/platform/ec/build/zephyr/sanok/modules/ec/common/fpsensor/fpsensor_state.cc.obj
[ruby:ro] [45/394] Building C object zephyr/CMakeFiles/zephyr.dir/subsys/pm/device_runtime.c.obj
[uldrenite:rw] [63/421] Building C object CMakeFiles/app.dir/mnt/host/source/src/platform/ec/zephyr/subsys/pd_controller/pdc_dpm.c.obj
[sanok:rw] [36/526] Building CXX object CMakeFiles/app.dir/mnt/host/source/src/platform/ec/build/zephyr/sanok/modules/ec/common/fpsensor/fpsensor_crypto.cc.obj
[sanok:rw] [37/526] Building CXX object CMakeFiles/app.dir/mnt/host/source/src/platform/ec/build/zephyr/sanok/modules/ec/common/fpsensor/fpsensor.cc.obj
[ruby:ro] [46/394] Building C object zephyr/CMakeFiles/zephyr.dir/subsys/testsuite/coverage/coverage.c.obj
[ruby:ro] [47/394] Building C object zephyr/CMakeFiles/zephyr.dir/subsys/tracing/tracing_none.c.obj
[ruby:ro] [48/394] Building C object zephyr/CMakeFiles/zephyr.dir/subsys/pm/device_system_managed.c.obj
[sanok:ro] [16/513] Building C object zephyr/CMakeFiles/zephyr.dir/lib/os/clock.c.obj
[ruby:rw] [19/394] Building C object CMakeFiles/app.dir/mnt/host/source/src/platform/ec/zephyr/subsys/ap_pwrseq/x86_non_dsx_chipset_power_state.c.obj
[trulo:ro] -- Generated pickled edt: /mnt/host/source/src/platform/ec/build/zephyr/trulo/build-ro/zephyr/edt.pickle
[trulo:ro] -- Generated devicetree_generated.h: /mnt/host/source/src/platform/ec/build/zephyr/trulo/build-ro/zephyr/include/generated/zephyr/devicetree_generated.h
[uldrenite:ro] [51/421] Building C object CMakeFiles/app.dir/mnt/host/source/src/platform/ec/zephyr/subsys/ap_pwrseq/x86_non_dsx_common_pwrseq_sm_handler.c.obj
[/mnt/host/source/src/platform/ec/build/zephyr/brox-ish-lcov]   /mnt/host/source/src/platform/ec/build/zephyr/brox-ish/build-singleimage/zephyr/CMakeFiles/zephyr.dir/subsys/shell/modules/kernel_service/kernel_shell.c.gcno:no functions found
[/mnt/host/source/src/platform/ec/build/zephyr/brox-ish-lcov] stderr:
[uldrenite:rw] [64/421] Building C object CMakeFiles/app.dir/mnt/host/source/src/platform/ec/zephyr/subsys/pd_controller/pdc_runtime_port_config.c.obj
[ruby:ro] [49/394] Building C object zephyr/CMakeFiles/zephyr.dir/subsys/shell/modules/kernel_service/kernel_shell.c.obj
[sanok:ro] [17/513] Building C object zephyr/CMakeFiles/zephyr.dir/lib/os/printk.c.obj
[ruby:ro] [50/394] Building C object zephyr/CMakeFiles/zephyr.dir/subsys/shell/modules/kernel_service/cycles.c.obj
[ruby:ro] [51/394] Building C object zephyr/CMakeFiles/zephyr.dir/subsys/shell/modules/kernel_service/uptime.c.obj
[ruby:ro] [52/394] Building C object zephyr/CMakeFiles/zephyr.dir/subsys/shell/modules/kernel_service/sleep.c.obj
[uldrenite:rw] [65/421] Building C object CMakeFiles/app.dir/mnt/host/source/src/platform/ec/zephyr/subsys/ucsi/ppm_common.c.obj
[ruby:rw] [20/394] Building C object CMakeFiles/app.dir/mnt/host/source/src/platform/ec/zephyr/subsys/ap_pwrseq/x86_non_dsx_common_pwrseq_host_sleep.c.obj
[sanok:ro] [18/513] Building C object zephyr/CMakeFiles/zephyr.dir/lib/os/sem.c.obj
[ruby:ro] [53/394] Building C object zephyr/CMakeFiles/zephyr.dir/subsys/shell/modules/kernel_service/version.c.obj
[uldrenite:rw] [66/421] Building C object CMakeFiles/app.dir/mnt/host/source/src/platform/ec/zephyr/subsys/ucsi/ppm_console.c.obj
[trulo:ro] /mnt/host/source/src/platform/ec/build/zephyr/trulo/build-ro/zephyr/zephyr.dts:4691.9-4698.5: Warning (gpios_property): /fans/fan_0: Missing property '#gpio-cells' in node /named-gpios/fan-enable or bad phandle (referred from enable-gpio[0])
[uldrenite:ro] [52/421] Building C object CMakeFiles/app.dir/mnt/host/source/src/platform/ec/zephyr/subsys/ap_pwrseq/x86_non_dsx_chipset_power_state.c.obj
[ruby:ro] [54/394] Building C object zephyr/CMakeFiles/zephyr.dir/subsys/shell/modules/kernel_service/thread/thread.c.obj
[ruby:ro] [55/394] Building C object zephyr/CMakeFiles/zephyr.dir/subsys/shell/modules/kernel_service/thread/list.c.obj
[sanok:ro] [19/513] Building C object zephyr/CMakeFiles/zephyr.dir/lib/os/thread_entry.c.obj
[ruby:ro] [56/394] Building C object zephyr/CMakeFiles/zephyr.dir/subsys/shell/modules/kernel_service/thread/stacks.c.obj
[uldrenite:rw] [67/421] Building C object CMakeFiles/app.dir/mnt/host/source/src/platform/ec/zephyr/subsys/ucsi/ppm_driver.c.obj
[ruby:rw] [21/394] Building C object CMakeFiles/app.dir/mnt/host/source/src/platform/ec/zephyr/subsys/ap_pwrseq/x86_non_dsx_common_pwrseq_console.c.obj
[uldrenite:rw] [68/421] Building C object CMakeFiles/app.dir/mnt/host/source/src/platform/ec/zephyr/subsys/ucsi/ucsi_host_cmd.c.obj
[ruby:ro] [57/394] Building C object zephyr/CMakeFiles/zephyr.dir/subsys/shell/modules/kernel_service/thread/suspend.c.obj
[sanok:ro] [20/513] Building C object zephyr/CMakeFiles/zephyr.dir/lib/os/cbprintf_nano.c.obj
[ruby:ro] [58/394] Building C object zephyr/CMakeFiles/zephyr.dir/subsys/shell/modules/kernel_service/thread/resume.c.obj
[uldrenite:rw] [69/421] Building C object CMakeFiles/app.dir/mnt/host/source/src/platform/ec/build/zephyr/uldrenite/modules/ec/builtin/stdlib.c.obj
[sanok:rw] [38/526] Building CXX object CMakeFiles/app.dir/mnt/host/source/src/platform/ec/build/zephyr/sanok/modules/ec/common/fpsensor/fpsensor_debug.cc.obj
[ruby:ro] [59/394] Building C object zephyr/CMakeFiles/zephyr.dir/subsys/shell/modules/kernel_service/thread/kill.c.obj
[sanok:rw] [39/526] Building CXX object CMakeFiles/app.dir/mnt/host/source/src/platform/ec/build/zephyr/sanok/modules/ec/common/fpsensor/fpsensor_auth_commands.cc.obj
[uldrenite:ro] [53/421] Building C object CMakeFiles/app.dir/mnt/host/source/src/platform/ec/zephyr/subsys/ap_pwrseq/x86_non_dsx_common_pwrseq_host_sleep.c.obj
[sanok:rw] [40/526] Building CXX object CMakeFiles/app.dir/mnt/host/source/src/platform/ec/build/zephyr/sanok/modules/ec/common/fpsensor/fpsensor_auth_crypto_stateful.cc.obj
[ruby:ro] [60/394] Building C object zephyr/CMakeFiles/zephyr.dir/subsys/shell/backends/shell_uart.c.obj
[sanok:rw] [41/526] Building CXX object CMakeFiles/app.dir/mnt/host/source/src/platform/ec/build/zephyr/sanok/modules/ec/common/fpsensor/fpsensor_detect_strings.cc.obj
[uldrenite:rw] [70/421] Building C object CMakeFiles/app.dir/mnt/host/source/src/platform/ec/build/zephyr/uldrenite/modules/ec/common/base32.c.obj
[sanok:ro] [21/513] Building C object zephyr/CMakeFiles/zephyr.dir/lib/os/cbprintf.c.obj
[ruby:rw] [22/394] Building C object CMakeFiles/app.dir/mnt/host/source/src/platform/ec/zephyr/subsys/ap_pwrseq/x86_non_dsx_common_pwrseq_host_command.c.obj
[ruby:ro] [61/394] Building C object zephyr/CMakeFiles/zephyr.dir/subsys/shell/shell.c.obj
[ruby:ro] [62/394] Building C object zephyr/CMakeFiles/zephyr.dir/subsys/shell/shell_fprintf.c.obj
[uldrenite:rw] [71/421] Building C object CMakeFiles/app.dir/mnt/host/source/src/platform/ec/build/zephyr/uldrenite/modules/ec/common/console_output.c.obj
[ruby:ro] [63/394] Building C object zephyr/CMakeFiles/zephyr.dir/subsys/shell/shell_utils.c.obj
[sanok:ro] [22/513] Building C object zephyr/CMakeFiles/zephyr.dir/lib/os/assert.c.obj
[sanok:rw] [42/526] Building CXX object CMakeFiles/app.dir/mnt/host/source/src/platform/ec/build/zephyr/sanok/modules/ec/common/fpsensor/fpsensor_vendor_command.cc.obj
[ruby:ro] [64/394] Building C object zephyr/CMakeFiles/zephyr.dir/subsys/shell/shell_ops.c.obj
[uldrenite:rw] [72/421] Building C object CMakeFiles/app.dir/mnt/host/source/src/platform/ec/build/zephyr/uldrenite/modules/ec/common/ec_features.c.obj
[uldrenite:ro] [54/421] Building C object CMakeFiles/app.dir/mnt/host/source/src/platform/ec/zephyr/subsys/ap_pwrseq/x86_non_dsx_common_pwrseq_console.c.obj
[sanok:ro] [23/513] Building C object zephyr/CMakeFiles/zephyr.dir/lib/os/mpsc_pbuf.c.obj
[uldrenite:rw] [73/421] Building C object CMakeFiles/app.dir/mnt/host/source/src/platform/ec/build/zephyr/uldrenite/modules/ec/common/gpio_commands.c.obj
[ruby:rw] [23/394] Building C object CMakeFiles/app.dir/mnt/host/source/src/platform/ec/zephyr/subsys/ap_pwrseq/x86_non_dsx_mtl_pwrseq_sm.c.obj
[ruby:ro] [65/394] Building C object zephyr/CMakeFiles/zephyr.dir/subsys/shell/shell_help.c.obj
[ruby:ro] [66/394] Building C object zephyr/CMakeFiles/zephyr.dir/subsys/shell/shell_history.c.obj
[ruby:ro] [67/394] Building C object zephyr/arch/common/CMakeFiles/arch__common.dir/sw_isr_common.c.obj
[ruby:ro] [68/394] Building C object zephyr/CMakeFiles/zephyr.dir/drivers/flash/flash_util.c.obj
[sanok:ro] [24/513] Building C object zephyr/CMakeFiles/zephyr.dir/lib/utils/dec.c.obj
[uldrenite:rw] [74/421] Building C object CMakeFiles/app.dir/mnt/host/source/src/platform/ec/build/zephyr/uldrenite/modules/ec/common/peripheral.c.obj
[trulo:ro] warning: Deprecated symbol I2C_ALLOW_NO_STOP_TRANSACTIONS is enabled.
[ruby:ro] [69/394] Linking C static library zephyr/libzephyr.a
[ruby:ro] [70/394] Building C object zephyr/arch/common/CMakeFiles/arch__common.dir/init.c.obj
[uldrenite:rw] [75/421] Building C object CMakeFiles/app.dir/mnt/host/source/src/platform/ec/build/zephyr/uldrenite/modules/ec/common/printf.c.obj
[sanok:ro] [25/513] Building C object zephyr/CMakeFiles/zephyr.dir/lib/utils/hex.c.obj
[sanok:rw] [43/526] Building CXX object CMakeFiles/app.dir/mnt/host/source/src/platform/ec/build/zephyr/sanok/modules/ec/common/fpsensor/fpsensor_utils.cc.obj
[uldrenite:ro] [55/421] Building C object CMakeFiles/app.dir/mnt/host/source/src/platform/ec/zephyr/subsys/ap_pwrseq/x86_non_dsx_common_pwrseq_host_command.c.obj
[ruby:ro] [71/394] Building C object zephyr/arch/common/CMakeFiles/arch__common.dir/xip.c.obj
[ruby:ro] [72/394] Building C object zephyr/arch/common/CMakeFiles/isr_tables.dir/isr_tables.c.obj
[trulo:ro] Parsing /mnt/host/source/src/platform/ec/zephyr/program/trulo/Kconfig
[ruby:rw] [24/394] Building C object CMakeFiles/app.dir/mnt/host/source/src/platform/ec/zephyr/subsys/ap_pwrseq/ap_reset_log.c.obj
[ruby:ro] [73/394] Linking C static library zephyr/arch/common/libisr_tables.a
[ruby:ro] [74/394] Building ASM object zephyr/arch/arch/arm/core/CMakeFiles/arch__arm__core.dir/nmi_on_reset.S.obj
[uldrenite:rw] [76/421] Building C object CMakeFiles/app.dir/mnt/host/source/src/platform/ec/build/zephyr/uldrenite/modules/ec/common/queue.c.obj
[sanok:rw] [44/526] Building CXX object CMakeFiles/app.dir/mnt/host/source/src/platform/ec/build/zephyr/sanok/modules/ec/common/fpsensor/fpsensor_auth_crypto_stateless.cc.obj
[ruby:ro] [75/394] Linking C static library zephyr/arch/common/libarch__common.a
[sanok:ro] [26/513] Building C object zephyr/CMakeFiles/zephyr.dir/lib/utils/rb.c.obj
[ruby:ro] [76/394] Building C object zephyr/arch/arch/arm/core/CMakeFiles/arch__arm__core.dir/fatal.c.obj
[ruby:ro] [77/394] Building C object zephyr/arch/arch/arm/core/CMakeFiles/arch__arm__core.dir/nmi.c.obj
[ruby:ro] [78/394] Building ASM object zephyr/arch/arch/arm/core/cortex_m/CMakeFiles/arch__arm__core__cortex_m.dir/fault_s.S.obj
[ruby:ro] [79/394] Linking C static library zephyr/arch/arch/arm/core/libarch__arm__core.a
[sanok:ro] [27/513] Building C object zephyr/CMakeFiles/zephyr.dir/lib/utils/timeutil.c.obj
[uldrenite:rw] [77/421] Building C object CMakeFiles/app.dir/mnt/host/source/src/platform/ec/build/zephyr/uldrenite/modules/ec/common/system_boot_time.c.obj
[sanok:rw] [45/526] Building CXX object CMakeFiles/app.dir/mnt/host/source/src/platform/ec/build/zephyr/sanok/modules/ec/common/fpsensor/fpsensor_frame_size.cc.obj
[sanok:rw] [46/526] Building C object CMakeFiles/app.dir/mnt/host/source/src/platform/ec/build/zephyr/sanok/modules/ec/common/host_command.c.obj
[ruby:ro] [80/394] Building C object zephyr/arch/arch/arm/core/cortex_m/CMakeFiles/arch__arm__core__cortex_m.dir/exc_exit.c.obj
[trulo:ro] INFOSetting TOOLCHAIN_HAS_PICOLIBC to support full build.
[trulo:ro] INFOSetting TOOLCHAIN_HAS_NEWLIB to support full build.
[ruby:ro] [81/394] Building C object zephyr/arch/arch/arm/core/cortex_m/CMakeFiles/arch__arm__core__cortex_m.dir/fault.c.obj
[trulo:ro] Loaded configuration '/mnt/host/source/src/platform/ec/zephyr/boards/google/npcx9/npcx9_npcx9m3f_defconfig'
[trulo:ro] Merged configuration '/mnt/host/source/src/platform/ec/zephyr/program/trulo/program.conf'
[trulo:ro] Merged configuration '/mnt/host/source/src/platform/ec/zephyr/program/trulo/trulo/project.conf'
[trulo:ro] Merged configuration '/mnt/host/source/src/platform/ec/zephyr/program/trulo/dsp_comms.conf'
[trulo:ro] Merged configuration '/mnt/host/source/src/platform/ec/build/zephyr/trulo/kconfig-ro.conf'
[trulo:ro] Configuration saved to '/mnt/host/source/src/platform/ec/build/zephyr/trulo/build-ro/zephyr/.config'
[trulo:ro] Kconfig header saved to '/mnt/host/source/src/platform/ec/build/zephyr/trulo/build-ro/zephyr/include/generated/zephyr/autoconf.h'
[trulo:ro] -- Found GnuLd: /home/jpmurphy/.cache/coreboot-sdk/arm-eabi/ea40ddd1d190c3b48435c474c0b545719371813a/arm-eabi/bin/ld.bfd (found version "2.43.1")
[uldrenite:ro] [56/421] Building C object CMakeFiles/app.dir/mnt/host/source/src/platform/ec/zephyr/subsys/ap_pwrseq/x86_non_dsx_adlp_pwrseq_sm.c.obj
[ruby:rw] [25/394] Building C object CMakeFiles/app.dir/mnt/host/source/src/platform/ec/zephyr/subsys/pd_controller/pdc_pmc_debug.c.obj
[uldrenite:rw] [78/421] Building C object CMakeFiles/app.dir/mnt/host/source/src/platform/ec/build/zephyr/uldrenite/modules/ec/common/uart_printf.c.obj
[ruby:ro] [82/394] Building ASM object zephyr/arch/arch/arm/core/cortex_m/CMakeFiles/arch__arm__core__cortex_m.dir/reset.S.obj
[sanok:ro] [28/513] Building C object zephyr/CMakeFiles/zephyr.dir/lib/utils/bitarray.c.obj
[ruby:ro] [83/394] Building C object zephyr/arch/arch/arm/core/cortex_m/CMakeFiles/arch__arm__core__cortex_m.dir/fpu.c.obj
[trulo:ro] -- The C compiler identification is GNU 14.2.0
[sanok:rw] [47/526] Building CXX object CMakeFiles/app.dir/mnt/host/source/src/platform/ec/build/zephyr/sanok/modules/ec/crypto/elliptic_curve_key.cc.obj
[sanok:rw] [48/526] Building C object CMakeFiles/app.dir/mnt/host/source/src/platform/ec/build/zephyr/sanok/modules/ec/common/uart_hostcmd.c.obj
[ruby:ro] [84/394] Building ASM object zephyr/arch/arch/arm/core/cortex_m/CMakeFiles/arch__arm__core__cortex_m.dir/vector_table.S.obj
[sanok:ro] [29/513] Building C object zephyr/CMakeFiles/zephyr.dir/lib/utils/bitmask.c.obj
[trulo:ro] -- The CXX compiler identification is GNU 14.2.0
[ruby:ro] [85/394] Building C object zephyr/arch/arch/arm/core/cortex_m/CMakeFiles/arch__arm__core__cortex_m.dir/scb.c.obj
[sanok:rw] [49/526] Building C object CMakeFiles/app.dir/mnt/host/source/src/platform/ec/build/zephyr/sanok/modules/ec/common/host_event_commands.c.obj
[trulo:ro] -- The ASM compiler identification is GNU
[trulo:ro] -- Found assembler: /home/jpmurphy/.cache/coreboot-sdk/arm-eabi/ea40ddd1d190c3b48435c474c0b545719371813a/bin/arm-eabi-gcc
[trulo:ro] CMake Warning at /mnt/host/source/src/platform/ec/zephyr/cmake/linker/ld/linker_libraries.cmake:11 (message):
[trulo:ro]   Disabling c_library
[trulo:ro] Call Stack (most recent call first):
[trulo:ro]   /mnt/host/source/src/third_party/zephyr/main/cmake/target_toolchain_flags.cmake:48 (include)
[trulo:ro]   /mnt/host/source/src/third_party/zephyr/main/cmake/modules/kernel.cmake:153 (include)
[trulo:ro]   /mnt/host/source/src/third_party/zephyr/main/cmake/modules/zephyr_default.cmake:138 (include)
[trulo:ro]   /mnt/host/source/src/third_party/zephyr/main/share/zephyr-package/cmake/ZephyrConfig.cmake:66 (include)
[trulo:ro]   /mnt/host/source/src/third_party/zephyr/main/share/zephyr-package/cmake/ZephyrConfig.cmake:97 (include_boilerplate)
[trulo:ro]   CMakeLists.txt:6 (find_package)
[trulo:ro] INFOSetting c++_library to libstdc++ install path
[trulo:ro] INFOSetting c_library to picolibc install path
[uldrenite:rw] [79/421] Building C object CMakeFiles/app.dir/mnt/host/source/src/platform/ec/build/zephyr/uldrenite/modules/ec/common/util.c.obj
[uldrenite:rw] [80/421] Building C object CMakeFiles/app.dir/mnt/host/source/src/platform/ec/build/zephyr/uldrenite/modules/ec/common/system.c.obj
[ruby:ro] [86/394] Building C object zephyr/arch/arch/arm/core/cortex_m/CMakeFiles/arch__arm__core__cortex_m.dir/thread_abort.c.obj
[sanok:rw] [50/526] Building C object CMakeFiles/app.dir/mnt/host/source/src/platform/ec/build/zephyr/sanok/modules/ec/common/uptime.c.obj
[uldrenite:ro] [57/421] Building C object CMakeFiles/app.dir/mnt/host/source/src/platform/ec/zephyr/subsys/ap_pwrseq/ap_reset_log.c.obj
[ruby:ro] [87/394] Building ASM object zephyr/arch/arch/arm/core/cortex_m/CMakeFiles/arch__arm__core__cortex_m.dir/swap_helper.S.obj
[sanok:ro] [30/513] Building C object zephyr/CMakeFiles/zephyr.dir/lib/utils/getopt/getopt.c.obj
[sanok:rw] [51/526] Building C object CMakeFiles/app.dir/mnt/host/source/src/platform/ec/build/zephyr/sanok/modules/ec/common/mkbp_event.c.obj
[uldrenite:rw] [81/421] Building C object CMakeFiles/app.dir/mnt/host/source/src/platform/ec/build/zephyr/uldrenite/modules/ec/common/version.c.obj
[ruby:rw] [26/394] Building C object CMakeFiles/app.dir/mnt/host/source/src/platform/ec/zephyr/subsys/pd_controller/retimer_fw_update.c.obj
[ruby:ro] [88/394] Building C object zephyr/arch/arch/arm/core/cortex_m/CMakeFiles/arch__arm__core__cortex_m.dir/irq_manage.c.obj
[sanok:rw] [52/526] Building C object CMakeFiles/app.dir/mnt/host/source/src/platform/ec/build/zephyr/sanok/modules/ec/common/mkbp_fifo.c.obj
[ruby:ro] [89/394] Building C object zephyr/arch/arch/arm/core/cortex_m/CMakeFiles/arch__arm__core__cortex_m.dir/prep_c.c.obj
[ruby:ro] [90/394] Building C object zephyr/arch/arch/arm/core/cortex_m/CMakeFiles/arch__arm__core__cortex_m.dir/thread.c.obj
[trulo:ro] -- Using ccache: /usr/bin/ccache
[sanok:ro] [31/513] Building C object zephyr/CMakeFiles/zephyr.dir/lib/utils/getopt/getopt_common.c.obj
[trulo:ro] -- Performing EC specific devicetree checks
[sanok:rw] [53/526] Building C object CMakeFiles/app.dir/mnt/host/source/src/platform/ec/build/zephyr/sanok/modules/ec/common/panic_output.c.obj
[trulo:ro] INFO: Verified 53 GPIOs, no duplicates found
[trulo:ro] INFO: Verified 25 '*-gpios' properties, all flags match.
[trulo:ro] INFO: Skipped 20 named-gpios children.
[uldrenite:rw] [82/421] Building C object CMakeFiles/app.dir/mnt/host/source/src/platform/ec/build/zephyr/uldrenite/modules/ec/common/body_detect_client.c.obj
[ruby:ro] [91/394] Building C object zephyr/arch/arch/arm/core/cortex_m/CMakeFiles/arch__arm__core__cortex_m.dir/cpu_idle.c.obj
[sanok:ro] [32/513] Building C object zephyr/CMakeFiles/zephyr.dir/lib/utils/ring_buffer.c.obj
[sanok:rw] [54/526] Building C object CMakeFiles/app.dir/mnt/host/source/src/platform/ec/build/zephyr/sanok/modules/ec/common/vboot/vb21_lib.c.obj
[ruby:ro] [92/394] Building C object zephyr/arch/arch/arm/core/cortex_m/CMakeFiles/arch__arm__core__cortex_m.dir/irq_init.c.obj
[sanok:rw] [55/526] Building C object CMakeFiles/app.dir/mnt/host/source/src/platform/ec/build/zephyr/sanok/modules/ec/common/rollback.c.obj
[trulo:ro] -- Generating component manifest file
[/mnt/host/source/src/platform/ec/build/zephyr/greenbayupoc-lcov]   /mnt/host/source/src/platform/ec/build/zephyr/greenbayupoc/build-ro/zephyr/CMakeFiles/zephyr.dir/soc/ite/ec/it8xxx2/check_regs.c.gcno:no functions found
[/mnt/host/source/src/platform/ec/build/zephyr/greenbayupoc-lcov] stderr:
[sanok:ro] [33/513] Building C object zephyr/CMakeFiles/zephyr.dir/lib/utils/last_section_id.c.obj
[uldrenite:rw] [83/421] Building C object CMakeFiles/app.dir/mnt/host/source/src/platform/ec/build/zephyr/uldrenite/modules/ec/common/power_button_x86.c.obj
[ruby:ro] [93/394] Building C object zephyr/arch/arch/arm/core/cortex_m/CMakeFiles/arch__arm__core__cortex_m.dir/isr_wrapper.c.obj
[sanok:ro] [34/513] Building C object zephyr/CMakeFiles/zephyr.dir/misc/generated/configs.c.obj
[trulo:ro] INFO: Running CME, outputting to /mnt/host/source/src/platform/ec/build/zephyr/trulo/build-ro/zephyr/component_manifest.json
[trulo:ro] INFO: Project trulo does not support SSFC
[trulo:ro] INFO: No motionsense-sensor node found
[uldrenite:ro] [58/421] Building C object CMakeFiles/app.dir/mnt/host/source/src/platform/ec/zephyr/subsys/pd_controller/pdc_pmc_debug.c.obj
[ruby:ro] [94/394] Linking C static library zephyr/arch/arch/arm/core/cortex_m/libarch__arm__core__cortex_m.a
[sanok:rw] [56/526] Building C object CMakeFiles/app.dir/mnt/host/source/src/platform/ec/build/zephyr/sanok/modules/ec/libc/sbrk.c.obj
[uldrenite:rw] [84/421] Building C object CMakeFiles/app.dir/mnt/host/source/src/platform/ec/build/zephyr/uldrenite/modules/ec/common/adc.c.obj
[ruby:ro] [95/394] Building C object zephyr/arch/arch/arm/core/mpu/CMakeFiles/arch__arm__core__mpu.dir/arm_core_mpu.c.obj
[trulo:ro] -- warning_base_override: -Wall;-Wformat;-Wformat-security;-Wformat;-Wno-format-zero-length;-Wno-pointer-sign;-Wpointer-arith;-Wexpansion-to-defined
[trulo:ro] The PW_ROOT environment variable is not set; using /mnt/host/source/src/platform/ec/build/zephyr/trulo/modules/pigweed within CMake
[ruby:ro] [96/394] Generating ../../../include/generated/libc/minimal/strerror_table.h
[sanok:rw] [57/526] Building C object CMakeFiles/app.dir/mnt/host/source/src/platform/ec/build/zephyr/sanok/modules/ec/common/spi_flash_reg.c.obj
[ruby:ro] [97/394] Building C object zephyr/lib/libc/minimal/CMakeFiles/lib__libc__minimal.dir/source/stdlib/atoi.c.obj
[sanok:rw] [58/526] Building C object CMakeFiles/app.dir/mnt/host/source/src/platform/ec/build/zephyr/sanok/modules/ec/common/shared_mem_libc.c.obj
[ruby:ro] [98/394] Building C object zephyr/lib/libc/minimal/CMakeFiles/lib__libc__minimal.dir/source/stdlib/strtol.c.obj
[ruby:ro] [99/394] Building C object zephyr/arch/arch/arm/core/mpu/CMakeFiles/arch__arm__core__mpu.dir/arm_mpu_regions.c.obj
[sanok:ro] [35/513] Building ASM object zephyr/CMakeFiles/zephyr.dir/soc/common/riscv-privileged/soc_irq.S.obj
[ruby:rw] [27/394] Building C object CMakeFiles/app.dir/mnt/host/source/src/platform/ec/zephyr/subsys/pd_controller/pdc_power_mgmt.c.obj
[ruby:ro] [100/394] Building C object zephyr/lib/libc/minimal/CMakeFiles/lib__libc__minimal.dir/source/stdlib/strtoul.c.obj
[ruby:ro] [101/394] Building C object zephyr/lib/libc/minimal/CMakeFiles/lib__libc__minimal.dir/source/stdlib/strtoll.c.obj
[ruby:ro] [102/394] Building C object zephyr/arch/arch/arm/core/mpu/CMakeFiles/arch__arm__core__mpu.dir/arm_mpu.c.obj
[sanok:rw] [59/526] Building C object CMakeFiles/app.dir/mnt/host/source/src/platform/ec/build/zephyr/sanok/modules/ec/common/timer.c.obj
[uldrenite:rw] [85/421] Building C object CMakeFiles/app.dir/mnt/host/source/src/platform/ec/build/zephyr/uldrenite/modules/ec/common/acpi.c.obj
[ruby:ro] [103/394] Building C object zephyr/lib/libc/minimal/CMakeFiles/lib__libc__minimal.dir/source/stdlib/strtoull.c.obj
[ruby:ro] [104/394] Linking C static library zephyr/arch/arch/arm/core/mpu/libarch__arm__core__mpu.a
[ruby:ro] [105/394] Building C object zephyr/lib/libc/common/CMakeFiles/lib__libc__common.dir/source/stdlib/abort.c.obj
[ruby:ro] [106/394] Building C object zephyr/lib/libc/minimal/CMakeFiles/lib__libc__minimal.dir/source/stdlib/bsearch.c.obj
[sanok:rw] [60/526] Building C object CMakeFiles/app.dir/mnt/host/source/src/platform/ec/build/zephyr/sanok/modules/ec/common/math_util.c.obj
[uldrenite:rw] [86/421] Building C object CMakeFiles/app.dir/mnt/host/source/src/platform/ec/build/zephyr/uldrenite/modules/ec/common/backlight_lid.c.obj
[ruby:ro] [107/394] Building C object zephyr/lib/libc/minimal/CMakeFiles/lib__libc__minimal.dir/source/string/strncasecmp.c.obj
[sanok:rw] [61/526] Building C object CMakeFiles/app.dir/et171/src/platform.c.obj
[ruby:ro] [108/394] Building C object zephyr/lib/libc/minimal/CMakeFiles/lib__libc__minimal.dir/source/stdlib/qsort.c.obj
[sanok:ro] [36/513] Building C object zephyr/CMakeFiles/zephyr.dir/soc/common/riscv-privileged/soc_common_irq.c.obj
[ruby:ro] [109/394] Building C object zephyr/lib/libc/minimal/CMakeFiles/lib__libc__minimal.dir/source/string/strstr.c.obj
[ruby:ro] [110/394] Building C object zephyr/lib/libc/minimal/CMakeFiles/lib__libc__minimal.dir/source/string/strerror.c.obj
[ruby:ro] [111/394] Building C object zephyr/lib/libc/minimal/CMakeFiles/lib__libc__minimal.dir/source/string/string.c.obj
[ruby:ro] [112/394] Building C object zephyr/lib/libc/minimal/CMakeFiles/lib__libc__minimal.dir/source/string/strspn.c.obj
[sanok:rw] FAILED: CMakeFiles/app.dir/et171/src/platform.c.obj 
[sanok:rw] ccache /usr/bin/riscv32-cros-elf-clang --target=riscv32-cros-elf -DCHROMIUM_EC -DCONFIG_ZEPHYR -DKERNEL -DK_HEAP_MEM_POOL_SIZE=1024 -DZVFS_OPEN_SIZE=3 -D_ANSI_SOURCE -D_POSIX_CPUTIME=200809L -D_POSIX_C_SOURCE=200809L -D_POSIX_MONOTONIC_CLOCK=200809L -D_POSIX_THREADS=200809L -D_POSIX_THREAD_SAFE_FUNCTIONS=200809L -D_POSIX_TIMERS=200809L -D__LINUX_ERRNO_EXTENSIONS__ -D__ZEPHYR__=1 -I/mnt/host/source/src/platform/ec/zephyr/include -I/mnt/host/source/src/platform/ec/build/zephyr/sanok/modules/ec/zephyr/shim/include -I/mnt/host/source/src/platform/ec/build/zephyr/sanok/modules/ec/fuzz -I/mnt/host/source/src/platform/ec/build/zephyr/sanok/modules/ec/test -I/mnt/host/source/src/platform/ec/build/zephyr/sanok/modules/ec -I/mnt/host/source/src/platform/ec/build/zephyr/sanok/modules/ec/include -I/mnt/host/source/src/platform/ec/build/zephyr/sanok/modules/ec/include/driver -I/mnt/host/source/src/platform/ec/build/zephyr/sanok/modules/ec/third_party -I/mnt/host/source/src/platform/ec/zephyr/subsys/ap_pwrseq/include -I/mnt/host/source/src/platform/ec/zephyr/app/ec/include -I/mnt/host/source/src/platform/ec/zephyr/emul/include -I/mnt/host/source/src/platform/ec/zephyr/fake/include -I/mnt/host/source/src/platform/ec/zephyr/mock/include -I/mnt/host/source/src/platform/ec/zephyr/shim/chip/egis/include -I/mnt/host/source/src/platform/ec/build/zephyr/sanok/build-rw/zephyr/include/generated/zephyr -I/mnt/host/source/src/third_party/zephyr/main/include -I/mnt/host/source/src/platform/ec/build/zephyr/sanok/build-rw/zephyr/include/generated -I/mnt/host/source/src/third_party/zephyr/main/soc/egis -I/mnt/host/source/src/third_party/zephyr/main/arch/riscv/custom/andes/. -I/mnt/host/source/src/third_party/zephyr/main/lib/libc/newlib/include -I/mnt/host/source/src/third_party/zephyr/main/lib/posix/c_lib_ext/getopt -I/mnt/host/source/src/third_party/zephyr/main/include/zephyr/posix -I/mnt/host/source/src/third_party/zephyr/main/lib/midi2/. -I/mnt/host/source/src/third_party/zephyr/main/soc/common/riscv-privileged/. -I/mnt/host/source/src/third_party/zephyr/main/soc/egis/et171/. -I/mnt/host/source/src/third_party/zephyr/main/subsys/testsuite/coverage -I/mnt/host/source/src/platform/ec/build/zephyr/sanok/include -I/mnt/host/source/src/platform/ec/build/zephyr/sanok/modules/ec/zephyr -I/mnt/host/source/src/platform/ec/build/zephyr/sanok/modules/ec/zephyr/drivers/usbc -I/mnt/host/source/src/platform/ec/build/zephyr/sanok/build-rw/modules/ec/zephyr/include -I/mnt/host/source/src/third_party/zephyr/main/../../boringssl/include -I/mnt/host/source/src/platform/ec/third_party/boringssl/include -I/mnt/host/source/src/third_party/zephyrproject/modules/hal/egis_module/include -I/mnt/host/source/src/third_party/zephyrproject/modules/hal/egis_module/soc/egis/et171/. -isystem /mnt/host/source/src/third_party/zephyr/main/lib/libc/common/include -DSECTION_IS_RW -fno-strict-aliasing -Werror -O0 -flto=auto -imacros /mnt/host/source/src/platform/ec/build/zephyr/sanok/build-rw/zephyr/include/generated/zephyr/autoconf.h -fno-common -g -gdwarf-4 -fcolor-diagnostics -mabi=ilp32f -march=rv32imafc_zicsr_zifencei -mcmodel=medlow -imacros /mnt/host/source/src/third_party/zephyr/main/include/zephyr/toolchain/zephyr_stdint.h -Wall -Wformat -Wformat-security -Wno-format-zero-length -Wno-unused-but-set-variable -Wno-typedef-redefinition -Wno-deprecated-non-prototype -Wno-pointer-sign -Wpointer-arith -Wno-main -Wno-unknown-warning-option -Wno-arm-interrupt-vfp-clobber -Wno-extra -Wno-self-assign -Wno-initializer-overrides -Wno-section -Wno-gnu -Wunused-variable -Werror=unused-variable -Werror=missing-braces -Werror=sometimes-uninitialized -Werror=unused-function -Werror=array-bounds -Werror=implicit-function-declaration -Werror=implicit-int -fno-PIC -fno-PIE -fno-asynchronous-unwind-tables -Wno-vla -fmacro-prefix-map=/mnt/host/source/src/platform/ec/zephyr/program/fpmcu=CMAKE_SOURCE_DIR -fmacro-prefix-map=/mnt/host/source/src/third_party/zephyr/main=ZEPHYR_BASE -ffunction-sections -fdata-sections --coverage -fno-inline -fmacro-prefix-map=/mnt/host/source/src/platform/ec/build/zephyr/sanok/modules/ec=EC_BASE -fmacro-prefix-map=/mnt/host/source/src/platform=EC_BASE -Wimplicit-fallthrough -Wint-conversion -fsanitize=integer-divide-by-zero -fsanitize-undefined-trap-on-error -O2 -std=c11 -ftrapv -MD -MT CMakeFiles/app.dir/et171/src/platform.c.obj -MF CMakeFiles/app.dir/et171/src/platform.c.obj.d -o CMakeFiles/app.dir/et171/src/platform.c.obj -c /mnt/host/source/src/platform/ec/zephyr/program/fpmcu/et171/src/platform.c
[sanok:rw] /mnt/host/source/src/platform/ec/zephyr/program/fpmcu/et171/src/platform.c:7:10: fatal error: 'write_protect.h' file not found
[sanok:rw]     7 | #include "write_protect.h"
[sanok:rw]       |          ^~~~~~~~~~~~~~~~~
[sanok:rw] 1 error generated.
[sanok:rw] [62/526] Building C object CMakeFiles/app.dir/et171/src/flash_qspi.c.obj
[sanok:ro] [37/513] Building ASM object zephyr/CMakeFiles/zephyr.dir/soc/common/riscv-privileged/vector.S.obj
[/mnt/host/source/src/platform/ec/build/zephyr/brox-ish-lcov]   /mnt/host/source/src/platform/ec/build/zephyr/brox-ish/build-singleimage/zephyr/CMakeFiles/zephyr.dir/lib/libc/validate_libc.c.gcno:no functions found
[/mnt/host/source/src/platform/ec/build/zephyr/brox-ish-lcov] stderr:
[sanok:rw] [63/526] Building C object CMakeFiles/app.dir/src/fp_transport.c.obj
[sanok:rw] ninja: build stopped: subcommand failed.
Execution failed (return code=1): /usr/bin/ninja -C /mnt/host/source/src/platform/ec/build/zephyr/sanok/build-rw all.libraries
Traceback (most recent call last):
  File "/mnt/host/source/src/platform/ec/zephyr/zmake/zmake/multiproc.py", line 383, in _run_fn
    result = func()
             ^^^^^^
  File "/mnt/host/source/src/platform/ec/zephyr/zmake/zmake/zmake.py", line 942, in _build_one_dir
    raise OSError(get_process_failure_msg(proc))
OSError: Execution failed (return code=1): /usr/bin/ninja -C /mnt/host/source/src/platform/ec/build/zephyr/sanok/build-rw all.libraries

[ruby:ro] [113/394] Building C object zephyr/lib/libc/minimal/CMakeFiles/lib__libc__minimal.dir/source/stdlib/exit.c.obj
[ruby:rw] [28/394] Building C object CMakeFiles/app.dir/mnt/host/source/src/platform/ec/zephyr/subsys/pd_controller/pdc_console.c.obj
[ruby:ro] [114/394] Building C object zephyr/lib/libc/minimal/CMakeFiles/lib__libc__minimal.dir/source/stdout/stdout_console.c.obj
[uldrenite:rw] [87/421] Building C object CMakeFiles/app.dir/mnt/host/source/src/platform/ec/build/zephyr/uldrenite/modules/ec/common/battery_info.c.obj
[ruby:ro] [115/394] Building C object zephyr/lib/libc/minimal/CMakeFiles/lib__libc__minimal.dir/source/stdout/sprintf.c.obj
[ruby:ro] [116/394] Building C object zephyr/lib/libc/minimal/CMakeFiles/lib__libc__minimal.dir/source/math/sqrtf.c.obj
[ruby:ro] [117/394] Building C object zephyr/lib/libc/minimal/CMakeFiles/lib__libc__minimal.dir/source/stdout/fprintf.c.obj
[sanok:ro] [38/513] Building C object zephyr/CMakeFiles/zephyr.dir/soc/egis/et171/soc.c.obj
[ruby:ro] [118/394] Building C object zephyr/lib/libc/common/CMakeFiles/lib__libc__common.dir/source/time/gmtime_r.c.obj
[ruby:ro] [119/394] Building C object zephyr/lib/libc/minimal/CMakeFiles/lib__libc__minimal.dir/source/math/sqrt.c.obj
[uldrenite:rw] [88/421] Building C object CMakeFiles/app.dir/mnt/host/source/src/platform/ec/build/zephyr/uldrenite/modules/ec/common/battery.c.obj
[ruby:ro] [120/394] Building C object zephyr/lib/libc/common/CMakeFiles/lib__libc__common.dir/source/time/asctime.c.obj
[uldrenite:rw] [89/421] Building C object CMakeFiles/app.dir/mnt/host/source/src/platform/ec/build/zephyr/uldrenite/modules/ec/common/battery_fuel_gauge.c.obj
[ruby:ro] [121/394] Building C object zephyr/lib/libc/common/CMakeFiles/lib__libc__common.dir/source/time/localtime_r_utc.c.obj
[ruby:ro] [122/394] Building C object zephyr/lib/libc/common/CMakeFiles/lib__libc__common.dir/source/time/ctime.c.obj
[ruby:ro] [123/394] Building C object zephyr/lib/libc/common/CMakeFiles/lib__libc__common.dir/source/time/time.c.obj
[sanok:ro] [39/513] Building ASM object zephyr/CMakeFiles/zephyr.dir/soc/egis/et171/start.S.obj
[ruby:ro] [124/394] Building C object zephyr/lib/libc/common/CMakeFiles/lib__libc__common.dir/source/string/strnlen.c.obj
[ruby:ro] [125/394] Building C object zephyr/lib/posix/c_lib_ext/CMakeFiles/lib__posix__c_lib_ext.dir/fnmatch.c.obj
[ruby:rw] [29/394] Building C object CMakeFiles/app.dir/mnt/host/source/src/platform/ec/zephyr/subsys/pd_controller/pdc_host_cmd.c.obj
[ruby:rw] [30/394] Building C object CMakeFiles/app.dir/mnt/host/source/src/platform/ec/zephyr/subsys/pd_controller/pdc_stub.c.obj
[uldrenite:rw] [90/421] Building C object CMakeFiles/app.dir/mnt/host/source/src/platform/ec/build/zephyr/uldrenite/modules/ec/driver/battery/smart.c.obj
[ruby:ro] [126/394] Building C object zephyr/lib/libc/minimal/CMakeFiles/lib__libc__minimal.dir/source/time/gmtime.c.obj
[ruby:ro] [127/394] Linking C static library zephyr/lib/libc/minimal/liblib__libc__minimal.a
[sanok:ro] [40/513] Building ASM object zephyr/CMakeFiles/zephyr.dir/soc/egis/et171/soc_irq.S.obj
[uldrenite:rw] [91/421] Building C object CMakeFiles/app.dir/mnt/host/source/src/platform/ec/build/zephyr/uldrenite/modules/ec/driver/charger/bq25710.c.obj
[ruby:ro] [128/394] Building C object zephyr/lib/libc/common/CMakeFiles/lib__libc__common.dir/source/stdlib/malloc.c.obj
[uldrenite:ro] [59/421] Building C object CMakeFiles/app.dir/mnt/host/source/src/platform/ec/zephyr/subsys/pd_controller/pdc_power_mgmt.c.obj
[ruby:ro] [129/394] Linking C static library zephyr/lib/libc/common/liblib__libc__common.a
[ruby:ro] [130/394] Building C object zephyr/lib/posix/c_lib_ext/CMakeFiles/lib__posix__c_lib_ext.dir/getopt_shim.c.obj
[ruby:ro] [131/394] Building C object zephyr/lib/posix/c_lib_ext/CMakeFiles/lib__posix__c_lib_ext.dir/getentropy.c.obj
[ruby:ro] [132/394] Building C object zephyr/subsys/crc/CMakeFiles/subsys__crc.dir/crc4_sw.c.obj
[ruby:ro] [133/394] Linking C static library zephyr/lib/posix/c_lib_ext/liblib__posix__c_lib_ext.a
[uldrenite:ro] [60/421] Building C object CMakeFiles/app.dir/mnt/host/source/src/platform/ec/zephyr/subsys/pd_controller/pdc_console.c.obj
[sanok:ro] [41/513] Building C object zephyr/CMakeFiles/zephyr.dir/subsys/logging/log_core.c.obj
[ruby:ro] [134/394] Building C object zephyr/subsys/crc/CMakeFiles/subsys__crc.dir/crc8_sw.c.obj
[ruby:ro] [135/394] Building C object zephyr/subsys/crc/CMakeFiles/subsys__crc.dir/crc16_sw.c.obj
[trulo:ro] -- Found gen_kobject_list: /mnt/host/source/src/third_party/zephyr/main/scripts/build/gen_kobject_list.py
[ruby:ro] [136/394] Building C object zephyr/subsys/crc/CMakeFiles/subsys__crc.dir/crc7_sw.c.obj
[ruby:rw] [31/394] Building C object CMakeFiles/app.dir/mnt/host/source/src/platform/ec/zephyr/subsys/pd_controller/pdc_dpm.c.obj
[ruby:ro] [137/394] Building C object zephyr/subsys/crc/CMakeFiles/subsys__crc.dir/crc24_sw.c.obj
[ruby:ro] [138/394] Building C object zephyr/subsys/crc/CMakeFiles/subsys__crc.dir/crc32c_sw.c.obj
[ruby:rw] [32/394] Building C object CMakeFiles/app.dir/mnt/host/source/src/platform/ec/zephyr/subsys/ucsi/ppm_common.c.obj
[ruby:ro] [139/394] Building C object zephyr/lib/smf/CMakeFiles/lib__smf.dir/smf.c.obj
[trulo:ro] CMake Warning at /mnt/host/source/src/third_party/zephyr/main/CMakeLists.txt:2359 (message):
[trulo:ro]   __ASSERT() statements are globally ENABLED
[ruby:ro] [140/394] Building C object zephyr/subsys/crc/CMakeFiles/subsys__crc.dir/crc32_sw.c.obj
[/mnt/host/source/src/platform/ec/build/zephyr/brox-ish-lcov]   /mnt/host/source/src/platform/ec/build/zephyr/brox-ish/build-singleimage/zephyr/drivers/syscon/CMakeFiles/drivers__syscon.dir/mnt/host/source/src/third_party/zephyr/main/misc/empty_file.c.gcno:no functions found
[/mnt/host/source/src/platform/ec/build/zephyr/brox-ish-lcov] Filter suppressions 'region':
[ruby:ro] [141/394] Building C object zephyr/subsys/crc/CMakeFiles/subsys__crc.dir/crc32k_4_2_sw.c.obj
[ruby:ro] [142/394] Linking C static library zephyr/lib/smf/liblib__smf.a
[/mnt/host/source/src/platform/ec/build/zephyr/brox-ish-lcov]     19 instances
[/mnt/host/source/src/platform/ec/build/zephyr/brox-ish-lcov]     6 coverpoints
[/mnt/host/source/src/platform/ec/build/zephyr/brox-ish-lcov] Message summary:
[/mnt/host/source/src/platform/ec/build/zephyr/brox-ish-lcov]   1 warning message:
[/mnt/host/source/src/platform/ec/build/zephyr/brox-ish-lcov]     format: 1
[/mnt/host/source/src/platform/ec/build/zephyr/brox-ish-lcov]   5 ignore messages:
[/mnt/host/source/src/platform/ec/build/zephyr/brox-ish-lcov]     gcov: 5
[ruby:ro] [143/394] Linking C static library zephyr/subsys/crc/libsubsys__crc.a
[uldrenite:rw] [92/421] Building C object CMakeFiles/app.dir/mnt/host/source/src/platform/ec/build/zephyr/uldrenite/modules/ec/common/charger.c.obj
[uldrenite:rw] [93/421] Building C object CMakeFiles/app.dir/mnt/host/source/src/platform/ec/build/zephyr/uldrenite/modules/ec/common/cbi_common.c.obj
[ruby:ro] [144/394] Building C object zephyr/subsys/input/CMakeFiles/subsys__input.dir/input_hid.c.obj
[trulo:ro] -- Configuring done (19.9s)
[sanok:ro] [42/513] Building C object zephyr/CMakeFiles/zephyr.dir/subsys/logging/log_mgmt.c.obj
[uldrenite:ro] [61/421] Building C object CMakeFiles/app.dir/mnt/host/source/src/platform/ec/zephyr/subsys/pd_controller/pdc_host_cmd.c.obj
[uldrenite:rw] [94/421] Building C object CMakeFiles/app.dir/mnt/host/source/src/platform/ec/build/zephyr/uldrenite/modules/ec/common/charge_manager.c.obj
[uldrenite:ro] [62/421] Building C object CMakeFiles/app.dir/mnt/host/source/src/platform/ec/zephyr/subsys/pd_controller/pdc_stub.c.obj
[sanok:ro] [43/513] Building C object zephyr/CMakeFiles/zephyr.dir/subsys/logging/log_cache.c.obj
[ruby:ro] [145/394] Building C object zephyr/subsys/input/CMakeFiles/subsys__input.dir/input.c.obj
[ruby:ro] [146/394] Building C object zephyr/subsys/input/CMakeFiles/subsys__input.dir/input_utils.c.obj
[ruby:ro] [147/394] Building C object zephyr/drivers/adc/CMakeFiles/drivers__adc.dir/adc_common.c.obj
[ruby:ro] [148/394] Linking C static library zephyr/subsys/input/libsubsys__input.a
[ruby:rw] [33/394] Building C object CMakeFiles/app.dir/mnt/host/source/src/platform/ec/zephyr/subsys/ucsi/ppm_driver.c.obj
[ruby:rw] [34/394] Building C object CMakeFiles/app.dir/mnt/host/source/src/platform/ec/zephyr/subsys/ucsi/ppm_console.c.obj
[ruby:ro] [149/394] Building C object zephyr/drivers/interrupt_controller/CMakeFiles/drivers__interrupt_controller.dir/intc_miwu.c.obj
[ruby:ro] [150/394] Linking C static library zephyr/drivers/interrupt_controller/libdrivers__interrupt_controller.a
[uldrenite:rw] [95/421] Building C object CMakeFiles/app.dir/mnt/host/source/src/platform/ec/build/zephyr/uldrenite/modules/ec/common/cbi_config.c.obj
[uldrenite:rw] [96/421] Building C object CMakeFiles/app.dir/mnt/host/source/src/platform/ec/build/zephyr/uldrenite/modules/ec/common/charge_state.c.obj
[ruby:ro] [151/394] Building C object zephyr/drivers/adc/CMakeFiles/drivers__adc.dir/adc_npcx.c.obj
[ruby:ro] [152/394] Linking C static library zephyr/drivers/adc/libdrivers__adc.a
[sanok:ro] [44/513] Building C object zephyr/CMakeFiles/zephyr.dir/subsys/logging/log_msg.c.obj
[/mnt/host/source/src/platform/ec/build/zephyr/greenbayupoc-lcov]   /mnt/host/source/src/platform/ec/build/zephyr/greenbayupoc/build-ro/zephyr/drivers/sensor/CMakeFiles/drivers__sensor.dir/mnt/host/source/src/third_party/zephyr/main/misc/empty_file.c.gcno:no functions found
[/mnt/host/source/src/platform/ec/build/zephyr/greenbayupoc-lcov] stderr:
[ruby:ro] [153/394] Building C object zephyr/drivers/bbram/CMakeFiles/drivers__bbram.dir/bbram_npcx.c.obj
[uldrenite:ro] [63/421] Building C object CMakeFiles/app.dir/mnt/host/source/src/platform/ec/zephyr/subsys/pd_controller/pdc_dpm.c.obj
[ruby:ro] [154/394] Building C object zephyr/drivers/clock_control/CMakeFiles/drivers__clock_control.dir/clock_control_npcx.c.obj
[ruby:ro] [155/394] Linking C static library zephyr/drivers/bbram/libdrivers__bbram.a
[ruby:ro] [156/394] Building C object zephyr/drivers/console/CMakeFiles/drivers__console.dir/uart_console.c.obj
[ruby:ro] [157/394] Linking C static library zephyr/drivers/clock_control/libdrivers__clock_control.a
[/mnt/host/source/src/platform/ec/build/zephyr/greenbayupoc-lcov]   /mnt/host/source/src/platform/ec/build/zephyr/greenbayupoc/build-rw/modules/ec/zephyr/CMakeFiles/ec_shim.dir/shim/src/thermal.c.gcno:no functions found
[/mnt/host/source/src/platform/ec/build/zephyr/greenbayupoc-lcov] stderr:
[ruby:ro] [158/394] Linking C static library zephyr/drivers/console/libdrivers__console.a
[ruby:rw] [35/394] Building C object CMakeFiles/app.dir/mnt/host/source/src/platform/ec/build/zephyr/ruby/modules/ec/builtin/stdlib.c.obj
[uldrenite:rw] [97/421] Building C object CMakeFiles/app.dir/mnt/host/source/src/platform/ec/build/zephyr/uldrenite/modules/ec/common/cbi.c.obj
[ruby:rw] [36/394] Building C object CMakeFiles/app.dir/mnt/host/source/src/platform/ec/zephyr/subsys/ucsi/ucsi_host_cmd.c.obj
[sanok:ro] [45/513] Building C object zephyr/CMakeFiles/zephyr.dir/subsys/logging/log_output.c.obj
[uldrenite:ro] [64/421] Building C object CMakeFiles/app.dir/mnt/host/source/src/platform/ec/zephyr/subsys/pd_controller/pdc_runtime_port_config.c.obj
[uldrenite:rw] [98/421] Building C object CMakeFiles/app.dir/mnt/host/source/src/platform/ec/build/zephyr/uldrenite/modules/ec/common/ap_reset_log.c.obj
[uldrenite:rw] [99/421] Building C object CMakeFiles/app.dir/mnt/host/source/src/platform/ec/build/zephyr/uldrenite/modules/ec/common/memory_commands.c.obj
[/mnt/host/source/src/platform/ec/build/zephyr/greenbayupoc-lcov]   /mnt/host/source/src/platform/ec/build/zephyr/greenbayupoc/build-rw/modules/ec/zephyr/CMakeFiles/ec_shim.dir/shim/src/battery.c.gcno:no functions found
[/mnt/host/source/src/platform/ec/build/zephyr/greenbayupoc-lcov] stderr:
[ruby:ro] [159/394] Building C object zephyr/drivers/espi/CMakeFiles/drivers__espi.dir/host_subs_npcx.c.obj
[ruby:ro] [160/394] Building C object zephyr/drivers/espi/CMakeFiles/drivers__espi.dir/espi_npcx.c.obj
[uldrenite:rw] [100/421] Building C object CMakeFiles/app.dir/mnt/host/source/src/platform/ec/build/zephyr/uldrenite/modules/ec/common/dptf.c.obj
[ruby:ro] [161/394] Linking C static library zephyr/drivers/espi/libdrivers__espi.a
[ruby:ro] [162/394] Building C object zephyr/drivers/flash/CMakeFiles/drivers__flash.dir/jesd216.c.obj
[sanok:ro] [46/513] Building C object zephyr/CMakeFiles/zephyr.dir/subsys/logging/log_output_custom.c.obj
[ruby:ro] [163/394] Building C object zephyr/drivers/flash/CMakeFiles/drivers__flash.dir/flash_npcx_fiu_nor.c.obj
[ruby:ro] [164/394] Building C object zephyr/drivers/flash/CMakeFiles/drivers__flash.dir/flash_npcx_fiu_qspi.c.obj
[ruby:rw] [37/394] Building C object CMakeFiles/app.dir/mnt/host/source/src/platform/ec/build/zephyr/ruby/modules/ec/common/base32.c.obj
[ruby:ro] [165/394] Linking C static library zephyr/drivers/flash/libdrivers__flash.a
[uldrenite:rw] [101/421] Building C object CMakeFiles/app.dir/mnt/host/source/src/platform/ec/build/zephyr/uldrenite/modules/ec/common/espi.c.obj
[ruby:rw] [38/394] Building C object CMakeFiles/app.dir/mnt/host/source/src/platform/ec/build/zephyr/ruby/modules/ec/common/console_output.c.obj
[/mnt/host/source/src/platform/ec/build/zephyr/greenbayupoc-lcov]   /mnt/host/source/src/platform/ec/build/zephyr/greenbayupoc/build-rw/modules/ec/zephyr/CMakeFiles/ec_shim.dir/shim/src/charger.c.gcno:no functions found
[/mnt/host/source/src/platform/ec/build/zephyr/greenbayupoc-lcov] stderr:
[uldrenite:rw] [102/421] Building C object CMakeFiles/app.dir/mnt/host/source/src/platform/ec/build/zephyr/uldrenite/modules/ec/common/extpower_gpio.c.obj
[uldrenite:rw] [103/421] Building C object CMakeFiles/app.dir/mnt/host/source/src/platform/ec/build/zephyr/uldrenite/modules/ec/common/extpower_common.c.obj
[ruby:ro] [166/394] Building C object zephyr/drivers/i2c/CMakeFiles/drivers__i2c.dir/i2c_common.c.obj
[sanok:ro] [47/513] Building C object zephyr/CMakeFiles/zephyr.dir/subsys/pm/pm.c.obj
[uldrenite:ro] [65/421] Building C object CMakeFiles/app.dir/mnt/host/source/src/platform/ec/zephyr/subsys/ucsi/ppm_common.c.obj
[ruby:ro] [167/394] Building C object zephyr/drivers/gpio/CMakeFiles/drivers__gpio.dir/gpio_npcx.c.obj
[ruby:ro] [168/394] Building C object zephyr/drivers/i2c/CMakeFiles/drivers__i2c.dir/i2c_shell.c.obj
[ruby:ro] [169/394] Linking C static library zephyr/drivers/gpio/libdrivers__gpio.a
[sanok:ro] [48/513] Building C object zephyr/CMakeFiles/zephyr.dir/subsys/pm/state.c.obj
[uldrenite:ro] [66/421] Building C object CMakeFiles/app.dir/mnt/host/source/src/platform/ec/zephyr/subsys/ucsi/ppm_console.c.obj
[ruby:ro] [170/394] Building C object zephyr/drivers/i2c/CMakeFiles/drivers__i2c.dir/i2c_npcx_controller.c.obj
[ruby:rw] [39/394] Building C object CMakeFiles/app.dir/mnt/host/source/src/platform/ec/build/zephyr/ruby/modules/ec/common/ec_features.c.obj
[ruby:ro] [171/394] Building C object zephyr/drivers/i2c/CMakeFiles/drivers__i2c.dir/i2c_npcx_controller_fifo.c.obj
[ruby:rw] [40/394] Building C object CMakeFiles/app.dir/mnt/host/source/src/platform/ec/build/zephyr/ruby/modules/ec/common/gpio_commands.c.obj
[uldrenite:rw] [104/421] Building C object CMakeFiles/app.dir/mnt/host/source/src/platform/ec/build/zephyr/uldrenite/modules/ec/common/flash.c.obj
[ruby:ro] [172/394] Building C object zephyr/drivers/i2c/CMakeFiles/drivers__i2c.dir/i2c_npcx_port.c.obj
[uldrenite:rw] [105/421] Building C object CMakeFiles/app.dir/mnt/host/source/src/platform/ec/build/zephyr/uldrenite/modules/ec/common/host_command.c.obj
[sanok:ro] [49/513] Building C object zephyr/CMakeFiles/zephyr.dir/subsys/pm/policy/policy_events.c.obj
[ruby:ro] [173/394] Linking C static library zephyr/drivers/i2c/libdrivers__i2c.a
[uldrenite:rw] [106/421] Building C object CMakeFiles/app.dir/mnt/host/source/src/platform/ec/build/zephyr/uldrenite/modules/ec/common/host_command_task.c.obj
[ruby:ro] [174/394] Building C object zephyr/drivers/input/CMakeFiles/drivers__input.dir/input_kbd_matrix.c.obj
[ruby:ro] [175/394] Building C object zephyr/drivers/input/CMakeFiles/drivers__input.dir/input_npcx_kbd.c.obj
[ruby:ro] [176/394] Linking C static library zephyr/drivers/input/libdrivers__input.a
[uldrenite:rw] [107/421] Building C object CMakeFiles/app.dir/mnt/host/source/src/platform/ec/build/zephyr/uldrenite/modules/ec/common/host_event_commands.c.obj
[ruby:ro] [177/394] Building C object zephyr/drivers/pinctrl/CMakeFiles/drivers__pinctrl.dir/common.c.obj
[sanok:ro] [50/513] Building C object zephyr/CMakeFiles/zephyr.dir/subsys/pm/policy/policy_latency.c.obj
[ruby:ro] [178/394] Building C object zephyr/drivers/sensor/CMakeFiles/drivers__sensor.dir/mnt/host/source/src/third_party/zephyr/main/misc/empty_file.c.obj
[ruby:ro] [179/394] Building C object zephyr/drivers/led_strip/CMakeFiles/drivers__led_strip.dir/ws2812_uart.c.obj
[ruby:ro] [180/394] Linking C static library zephyr/drivers/sensor/libdrivers__sensor.a
[ruby:ro] [181/394] Linking C static library zephyr/drivers/led_strip/libdrivers__led_strip.a
[ruby:rw] [41/394] Building C object CMakeFiles/app.dir/mnt/host/source/src/platform/ec/build/zephyr/ruby/modules/ec/common/peripheral.c.obj
[uldrenite:ro] [67/421] Building C object CMakeFiles/app.dir/mnt/host/source/src/platform/ec/zephyr/subsys/ucsi/ppm_driver.c.obj
[ruby:rw] [42/394] Building C object CMakeFiles/app.dir/mnt/host/source/src/platform/ec/build/zephyr/ruby/modules/ec/common/printf.c.obj
[uldrenite:rw] [108/421] Building C object CMakeFiles/app.dir/mnt/host/source/src/platform/ec/build/zephyr/uldrenite/modules/ec/common/uart_hostcmd.c.obj
[ruby:ro] [182/394] Building C object zephyr/drivers/pinctrl/CMakeFiles/drivers__pinctrl.dir/pinctrl_npcx.c.obj
[uldrenite:ro] [68/421] Building C object CMakeFiles/app.dir/mnt/host/source/src/platform/ec/zephyr/subsys/ucsi/ucsi_host_cmd.c.obj
[/mnt/host/source/src/platform/ec/build/zephyr/greenbayupoc-lcov]   /mnt/host/source/src/platform/ec/build/zephyr/greenbayupoc/build-rw/modules/ec/zephyr/CMakeFiles/ec_shim.dir/shim/src/usba.c.gcno:no functions found
[/mnt/host/source/src/platform/ec/build/zephyr/greenbayupoc-lcov] stderr:
[sanok:ro] [51/513] Building C object zephyr/CMakeFiles/zephyr.dir/subsys/pm/policy/policy_state_lock.c.obj
[ruby:ro] [183/394] Linking C static library zephyr/drivers/pinctrl/libdrivers__pinctrl.a
[uldrenite:rw] [109/421] Building C object CMakeFiles/app.dir/mnt/host/source/src/platform/ec/build/zephyr/uldrenite/modules/ec/common/uptime.c.obj
[ruby:ro] [184/394] Building C object zephyr/drivers/pwm/CMakeFiles/drivers__pwm.dir/pwm_shell.c.obj
[ruby:ro] [185/394] Building C object zephyr/drivers/pwm/CMakeFiles/drivers__pwm.dir/pwm_npcx.c.obj
[uldrenite:rw] [110/421] Building C object CMakeFiles/app.dir/mnt/host/source/src/platform/ec/build/zephyr/uldrenite/modules/ec/common/i2c_controller.c.obj
[ruby:ro] [186/394] Linking C static library zephyr/drivers/pwm/libdrivers__pwm.a
[sanok:ro] [52/513] Building C object zephyr/CMakeFiles/zephyr.dir/subsys/pm/policy/policy_default.c.obj
[ruby:ro] [187/394] Building C object zephyr/drivers/sensor/nuvoton/nuvoton_tach_npcx/CMakeFiles/drivers__sensor__nuvoton__nuvoton_tach_npcx.dir/tach_nuvoton_npcx.c.obj
[uldrenite:rw] [111/421] Building C object CMakeFiles/app.dir/mnt/host/source/src/platform/ec/build/zephyr/uldrenite/modules/ec/common/i2c_passthru.c.obj
[ruby:ro] [188/394] Building C object zephyr/drivers/serial/CMakeFiles/drivers__serial.dir/uart_npcx.c.obj
[ruby:rw] [43/394] Building C object CMakeFiles/app.dir/mnt/host/source/src/platform/ec/build/zephyr/ruby/modules/ec/common/queue.c.obj
[ruby:ro] [189/394] Building C object zephyr/drivers/syscon/CMakeFiles/drivers__syscon.dir/syscon.c.obj
[ruby:ro] [190/394] Linking C static library zephyr/drivers/sensor/nuvoton/nuvoton_tach_npcx/libdrivers__sensor__nuvoton__nuvoton_tach_npcx.a
[uldrenite:ro] [69/421] Building C object CMakeFiles/app.dir/mnt/host/source/src/platform/ec/build/zephyr/uldrenite/modules/ec/builtin/stdlib.c.obj
[ruby:ro] [191/394] Linking C static library zephyr/drivers/syscon/libdrivers__syscon.a
[ruby:ro] [192/394] Linking C static library zephyr/drivers/serial/libdrivers__serial.a
[uldrenite:ro] [70/421] Building C object CMakeFiles/app.dir/mnt/host/source/src/platform/ec/build/zephyr/uldrenite/modules/ec/common/base32.c.obj
[ruby:ro] [193/394] Building C object zephyr/drivers/timer/CMakeFiles/drivers__timer.dir/sys_clock_init.c.obj
[sanok:ro] [53/513] Building C object zephyr/CMakeFiles/zephyr.dir/subsys/pm/device.c.obj
[ruby:rw] [44/394] Building C object CMakeFiles/app.dir/mnt/host/source/src/platform/ec/build/zephyr/ruby/modules/ec/common/system.c.obj
[uldrenite:rw] [112/421] Building C object CMakeFiles/app.dir/mnt/host/source/src/platform/ec/build/zephyr/uldrenite/modules/ec/common/keyboard_8042_sharedlib.c.obj
[ruby:ro] [194/394] Building C object zephyr/drivers/timer/CMakeFiles/drivers__timer.dir/npcx_itim_timer.c.obj
[ruby:ro] [195/394] Linking C static library zephyr/drivers/timer/libdrivers__timer.a
[sanok:ro] [54/513] Building C object zephyr/CMakeFiles/zephyr.dir/subsys/pm/device_system_managed.c.obj
[uldrenite:rw] [113/421] Building C object CMakeFiles/app.dir/mnt/host/source/src/platform/ec/build/zephyr/uldrenite/modules/ec/common/mkbp_fifo.c.obj
[ruby:ro] [196/394] Building C object zephyr/drivers/watchdog/CMakeFiles/drivers__watchdog.dir/wdt_npcx.c.obj
[uldrenite:rw] [114/421] Building C object CMakeFiles/app.dir/mnt/host/source/src/platform/ec/build/zephyr/uldrenite/modules/ec/common/mkbp_info.c.obj
[ruby:rw] [45/394] Building C object CMakeFiles/app.dir/mnt/host/source/src/platform/ec/build/zephyr/ruby/modules/ec/common/system_boot_time.c.obj
[ruby:ro] [197/394] Building C object zephyr/drivers/watchdog/CMakeFiles/drivers__watchdog.dir/wdt_shell.c.obj
[ruby:ro] [198/394] Linking C static library zephyr/drivers/watchdog/libdrivers__watchdog.a
[uldrenite:ro] [71/421] Building C object CMakeFiles/app.dir/mnt/host/source/src/platform/ec/build/zephyr/uldrenite/modules/ec/common/console_output.c.obj
[ruby:ro] [199/394] Building C object modules/ec/zephyr/CMakeFiles/ec_shim.dir/app/ec/main_shim.c.obj
[ruby:rw] [46/394] Building C object CMakeFiles/app.dir/mnt/host/source/src/platform/ec/build/zephyr/ruby/modules/ec/common/uart_printf.c.obj
[uldrenite:ro] [72/421] Building C object CMakeFiles/app.dir/mnt/host/source/src/platform/ec/build/zephyr/uldrenite/modules/ec/common/ec_features.c.obj
[sanok:ro] [55/513] Building C object zephyr/CMakeFiles/zephyr.dir/subsys/testsuite/coverage/coverage.c.obj
[ruby:ro] [200/394] Building C object modules/ec/zephyr/CMakeFiles/ec_shim.dir/app/ec/ec_app_main.c.obj
[uldrenite:rw] [115/421] Building C object CMakeFiles/app.dir/mnt/host/source/src/platform/ec/build/zephyr/uldrenite/modules/ec/common/keyboard_8042.c.obj
[ruby:ro] [201/394] Building C object modules/ec/zephyr/CMakeFiles/ec_shim.dir/drivers/keyboard_input/keyboard_customization_check.c.obj
[uldrenite:rw] [116/421] Building C object CMakeFiles/app.dir/mnt/host/source/src/platform/ec/build/zephyr/uldrenite/modules/ec/common/mkbp_input_devices.c.obj
[trulo:ro] -- Generating done (7.8s)
[trulo:ro] CMake Warning:
[ruby:ro] [202/394] Building C object modules/ec/zephyr/CMakeFiles/ec_shim.dir/drivers/cros_kblight/pwm_kblight.c.obj
[sanok:ro] [56/513] Building C object zephyr/CMakeFiles/zephyr.dir/subsys/tracing/tracing_none.c.obj
[ruby:ro] [203/394] Building C object modules/ec/zephyr/CMakeFiles/ec_shim.dir/drivers/cros_flash/cros_flash_npcx.c.obj
[uldrenite:rw] [117/421] Building C object CMakeFiles/app.dir/mnt/host/source/src/platform/ec/build/zephyr/uldrenite/modules/ec/common/led_common.c.obj
[ruby:rw] [47/394] Building C object CMakeFiles/app.dir/mnt/host/source/src/platform/ec/build/zephyr/ruby/modules/ec/common/util.c.obj
[ruby:ro] [204/394] Building C object modules/ec/zephyr/CMakeFiles/ec_shim.dir/drivers/cros_system/cros_system_npcx.c.obj
[uldrenite:rw] [118/421] Building C object CMakeFiles/app.dir/mnt/host/source/src/platform/ec/build/zephyr/uldrenite/modules/ec/common/lid_switch.c.obj
[uldrenite:ro] [73/421] Building C object CMakeFiles/app.dir/mnt/host/source/src/platform/ec/build/zephyr/uldrenite/modules/ec/common/gpio_commands.c.obj
[ruby:rw] [48/394] Building C object CMakeFiles/app.dir/mnt/host/source/src/platform/ec/build/zephyr/ruby/modules/ec/common/version.c.obj
[ruby:ro] [205/394] Building C object modules/ec/zephyr/CMakeFiles/ec_shim.dir/drivers/keyboard_input/keyboard_input.c.obj
[ruby:ro] [206/394] Building C object modules/ec/zephyr/CMakeFiles/ec_shim.dir/drivers/keyboard_input/col_gpio_drive.c.obj
[uldrenite:ro] [74/421] Building C object CMakeFiles/app.dir/mnt/host/source/src/platform/ec/build/zephyr/uldrenite/modules/ec/common/peripheral.c.obj
[sanok:ro] [57/513] Building C object zephyr/CMakeFiles/zephyr.dir/subsys/shell/backends/shell_uart.c.obj
[trulo:ro] -- Build files have been written to: /mnt/host/source/src/platform/ec/build/zephyr/trulo/build-ro
[trulo:ro]   Manually-specified variables were not used by the project:
[trulo:ro]     COREBOOT_SDK_ROOT_libstdcxx_riscv64
[trulo:ro]     COREBOOT_SDK_ROOT_libstdcxx_x86
[trulo:ro]     COREBOOT_SDK_ROOT_nds32
[trulo:ro]     COREBOOT_SDK_ROOT_picolibc_riscv64
[trulo:ro]     COREBOOT_SDK_ROOT_picolibc_x86
[trulo:ro]     COREBOOT_SDK_ROOT_riscv
[trulo:ro]     COREBOOT_SDK_ROOT_riscv64
[trulo:ro]     COREBOOT_SDK_ROOT_x86
[trulo:ro]     PW_ROOT
[uldrenite:rw] [119/421] Building C object CMakeFiles/app.dir/mnt/host/source/src/platform/ec/build/zephyr/uldrenite/modules/ec/common/mkbp_event.c.obj
[ruby:ro] [207/394] Building C object modules/ec/zephyr/CMakeFiles/ec_shim.dir/drivers/usbc/ucsi_v3.c.obj
[uldrenite:rw] [120/421] Building C object CMakeFiles/app.dir/mnt/host/source/src/platform/ec/build/zephyr/uldrenite/modules/ec/driver/mp2964.c.obj
[ruby:rw] [49/394] Building C object CMakeFiles/app.dir/mnt/host/source/src/platform/ec/build/zephyr/ruby/modules/ec/common/power_button_x86.c.obj
[ruby:ro] [208/394] Building C object modules/ec/zephyr/CMakeFiles/ec_shim.dir/drivers/usbc/pdc_rts54xx.c.obj
[uldrenite:rw] [121/421] Building C object CMakeFiles/app.dir/mnt/host/source/src/platform/ec/build/zephyr/uldrenite/modules/ec/common/port80.c.obj
[uldrenite:ro] [75/421] Building C object CMakeFiles/app.dir/mnt/host/source/src/platform/ec/build/zephyr/uldrenite/modules/ec/common/printf.c.obj
[ruby:rw] [50/394] Building C object CMakeFiles/app.dir/mnt/host/source/src/platform/ec/build/zephyr/ruby/modules/ec/common/adc.c.obj
[uldrenite:rw] [122/421] Building C object CMakeFiles/app.dir/mnt/host/source/src/platform/ec/build/zephyr/uldrenite/modules/ec/common/power_button.c.obj
[ruby:ro] [209/394] Building C object modules/ec/zephyr/CMakeFiles/ec_shim.dir/drivers/runtime_keys/runtime_keys.c.obj
[ruby:ro] [210/394] Building C object modules/ec/zephyr/CMakeFiles/ec_shim.dir/drivers/usbc/pdc_rts54xx_fwup.c.obj
[ruby:ro] [211/394] Building C object modules/ec/zephyr/CMakeFiles/ec_shim.dir/drivers/boot_keys/boot_keys.c.obj
[sanok:ro] [58/513] Building C object zephyr/CMakeFiles/zephyr.dir/subsys/shell/shell.c.obj
[ruby:ro] [212/394] Building C object modules/ec/zephyr/CMakeFiles/ec_shim.dir/drivers/vivaldi_kbd/vivaldi_kbd.c.obj
[uldrenite:ro] [76/421] Building C object CMakeFiles/app.dir/mnt/host/source/src/platform/ec/build/zephyr/uldrenite/modules/ec/common/queue.c.obj
[ruby:ro] [213/394] Building C object modules/ec/zephyr/CMakeFiles/ec_shim.dir/shim/chip/npcx/clock.c.obj
[uldrenite:rw] [123/421] Building C object CMakeFiles/app.dir/mnt/host/source/src/platform/ec/build/zephyr/uldrenite/modules/ec/power/hibernate.c.obj
[sanok:ro] [59/513] Building C object zephyr/CMakeFiles/zephyr.dir/subsys/shell/shell_fprintf.c.obj
[uldrenite:rw] [124/421] Building C object CMakeFiles/app.dir/mnt/host/source/src/platform/ec/build/zephyr/uldrenite/modules/ec/common/panic_output.c.obj
[ruby:rw] [51/394] Building C object CMakeFiles/app.dir/mnt/host/source/src/platform/ec/build/zephyr/ruby/modules/ec/common/acpi.c.obj
[ruby:ro] [214/394] Building C object modules/ec/zephyr/CMakeFiles/ec_shim.dir/shim/chip/npcx/rom_chip.c.obj
[ruby:ro] [215/394] Building C object modules/ec/zephyr/CMakeFiles/ec_shim.dir/shim/chip/npcx/gpio.c.obj
[ruby:ro] [216/394] Building C object modules/ec/zephyr/CMakeFiles/ec_shim.dir/shim/chip/npcx/system.c.obj
[uldrenite:rw] [125/421] Building C object CMakeFiles/app.dir/mnt/host/source/src/platform/ec/build/zephyr/uldrenite/modules/ec/common/shared_mem.c.obj
[ruby:ro] [217/394] Building C object modules/ec/zephyr/CMakeFiles/ec_shim.dir/shim/chip/npcx/power_policy.c.obj
[ruby:ro] [218/394] Building C object modules/ec/zephyr/CMakeFiles/ec_shim.dir/shim/chip/npcx/system_external_storage.c.obj
[ruby:rw] [52/394] Building C object CMakeFiles/app.dir/mnt/host/source/src/platform/ec/build/zephyr/ruby/modules/ec/common/battery.c.obj
[ruby:ro] [219/394] Building C object modules/ec/zephyr/CMakeFiles/ec_shim.dir/shim/src/crc.c.obj
[ruby:ro] [220/394] Building C object modules/ec/zephyr/CMakeFiles/ec_shim.dir/shim/core/cortex-m/mpu.c.obj
[uldrenite:rw] [126/421] Building C object CMakeFiles/app.dir/mnt/host/source/src/platform/ec/build/zephyr/uldrenite/modules/ec/common/switch.c.obj
[uldrenite:ro] [77/421] Building C object CMakeFiles/app.dir/mnt/host/source/src/platform/ec/build/zephyr/uldrenite/modules/ec/common/system_boot_time.c.obj
[sanok:ro] [60/513] Building C object zephyr/CMakeFiles/zephyr.dir/subsys/shell/shell_utils.c.obj
[uldrenite:rw] [127/421] Building C object CMakeFiles/app.dir/mnt/host/source/src/platform/ec/build/zephyr/uldrenite/modules/ec/common/spi_flash_reg.c.obj
[ruby:rw] [53/394] Building C object CMakeFiles/app.dir/mnt/host/source/src/platform/ec/build/zephyr/ruby/modules/ec/common/battery_info.c.obj
[uldrenite:rw] [128/421] Building C object CMakeFiles/app.dir/mnt/host/source/src/platform/ec/build/zephyr/uldrenite/modules/ec/common/tablet_mode.c.obj
[ruby:ro] [221/394] Building C object modules/ec/zephyr/CMakeFiles/ec_shim.dir/shim/src/console.c.obj
[ruby:ro] [222/394] Building C object modules/ec/zephyr/CMakeFiles/ec_shim.dir/shim/core/cortex-m/panic.c.obj
[sanok:ro] [61/513] Building C object zephyr/CMakeFiles/zephyr.dir/subsys/shell/shell_ops.c.obj
[ruby:rw] [54/394] Building C object CMakeFiles/app.dir/mnt/host/source/src/platform/ec/build/zephyr/ruby/modules/ec/common/battery_fuel_gauge.c.obj
[ruby:ro] [223/394] Building C object modules/ec/zephyr/CMakeFiles/ec_shim.dir/shim/src/gpio_int.c.obj
[ruby:ro] [224/394] Building C object modules/ec/zephyr/CMakeFiles/ec_shim.dir/shim/src/panic_utils.c.obj
[ruby:ro] [225/394] Building C object modules/ec/zephyr/CMakeFiles/ec_shim.dir/shim/src/pm_state.c.obj
[ruby:ro] [226/394] Building C object modules/ec/zephyr/CMakeFiles/ec_shim.dir/shim/src/gpio.c.obj
[uldrenite:ro] [78/421] Building C object CMakeFiles/app.dir/mnt/host/source/src/platform/ec/build/zephyr/uldrenite/modules/ec/common/uart_printf.c.obj
[uldrenite:rw] [129/421] Building C object CMakeFiles/app.dir/mnt/host/source/src/platform/ec/build/zephyr/uldrenite/modules/ec/common/thermal.c.obj
[uldrenite:ro] [79/421] Building C object CMakeFiles/app.dir/mnt/host/source/src/platform/ec/build/zephyr/uldrenite/modules/ec/common/system.c.obj
[uldrenite:rw] [130/421] Building C object CMakeFiles/app.dir/mnt/host/source/src/platform/ec/build/zephyr/uldrenite/modules/ec/common/temp_sensor.c.obj
[sanok:ro] [62/513] Building C object zephyr/CMakeFiles/zephyr.dir/subsys/shell/shell_log_backend.c.obj
[uldrenite:rw] [131/421] Building C object CMakeFiles/app.dir/mnt/host/source/src/platform/ec/build/zephyr/uldrenite/modules/ec/driver/temp_sensor/thermistor.c.obj
[ruby:rw] [55/394] Building C object CMakeFiles/app.dir/mnt/host/source/src/platform/ec/build/zephyr/ruby/modules/ec/driver/battery/smart.c.obj
[ruby:ro] [227/394] Building C object modules/ec/zephyr/CMakeFiles/ec_shim.dir/shim/src/cbi/cros_cbi.c.obj
[ruby:ro] [228/394] Building C object modules/ec/zephyr/CMakeFiles/ec_shim.dir/shim/src/cbi/cros_cbi_fw_config.c.obj
[uldrenite:rw] [132/421] Building C object CMakeFiles/app.dir/mnt/host/source/src/platform/ec/build/zephyr/uldrenite/modules/ec/common/throttle_ap.c.obj
[ruby:ro] [229/394] Building C object modules/ec/zephyr/CMakeFiles/ec_shim.dir/shim/src/cbi/cros_cbi_ufsc.c.obj
[ruby:ro] [230/394] Building ASM object modules/ec/zephyr/CMakeFiles/ec_shim.dir/shim/src/libgcc_arm.S.obj
[ruby:rw] [56/394] Building C object CMakeFiles/app.dir/mnt/host/source/src/platform/ec/build/zephyr/ruby/modules/ec/driver/charger/bq25710.c.obj
[sanok:ro] [63/513] Building C object zephyr/CMakeFiles/zephyr.dir/subsys/shell/shell_help.c.obj
[uldrenite:ro] [80/421] Building C object CMakeFiles/app.dir/mnt/host/source/src/platform/ec/build/zephyr/uldrenite/modules/ec/common/version.c.obj
[ruby:ro] [231/394] Building C object modules/ec/zephyr/CMakeFiles/ec_shim.dir/shim/src/led_driver/led.c.obj
[ruby:ro] [232/394] Building C object modules/ec/zephyr/CMakeFiles/ec_shim.dir/shim/src/popcountsi2.c.obj
[ruby:ro] [233/394] Building C object modules/ec/zephyr/CMakeFiles/ec_shim.dir/shim/src/cbi/cbi_flash.c.obj
[ruby:ro] [234/394] Building C object modules/ec/zephyr/CMakeFiles/ec_shim.dir/shim/src/led_driver/led_pwm.c.obj
[uldrenite:rw] [133/421] Building C object CMakeFiles/app.dir/mnt/host/source/src/platform/ec/build/zephyr/uldrenite/modules/ec/common/timer.c.obj
[uldrenite:ro] [81/421] Building C object CMakeFiles/app.dir/mnt/host/source/src/platform/ec/build/zephyr/uldrenite/modules/ec/common/util.c.obj
[uldrenite:rw] [134/421] Building C object CMakeFiles/app.dir/mnt/host/source/src/platform/ec/build/zephyr/uldrenite/modules/ec/common/usb_port_power_dumb.c.obj
[uldrenite:rw] [135/421] Building C object CMakeFiles/app.dir/mnt/host/source/src/platform/ec/build/zephyr/uldrenite/modules/ec/common/usbc_utils.c.obj
[sanok:ro] [64/513] Building C object zephyr/CMakeFiles/zephyr.dir/subsys/shell/shell_history.c.obj
[ruby:rw] [57/394] Building C object CMakeFiles/app.dir/mnt/host/source/src/platform/ec/build/zephyr/ruby/modules/ec/common/charger.c.obj
[ruby:ro] [235/394] Building C object modules/ec/zephyr/CMakeFiles/ec_shim.dir/shim/src/system.c.obj
[ruby:ro] [236/394] Building C object modules/ec/zephyr/CMakeFiles/ec_shim.dir/shim/src/pdc_shim.c.obj
[ruby:ro] [237/394] Building C object modules/ec/zephyr/CMakeFiles/ec_shim.dir/shim/src/battery.c.obj
[ruby:ro] [238/394] Building C object modules/ec/zephyr/CMakeFiles/ec_shim.dir/shim/src/charger.c.obj
[ruby:ro] [239/394] Building C object modules/ec/zephyr/CMakeFiles/ec_shim.dir/shim/src/chipset_api.c.obj
[ruby:ro] [240/394] Building C object modules/ec/zephyr/CMakeFiles/ec_shim.dir/shim/src/adc.c.obj
[ruby:rw] [58/394] Building C object CMakeFiles/app.dir/mnt/host/source/src/platform/ec/build/zephyr/ruby/modules/ec/common/charge_state.c.obj
[sanok:ro] [65/513] Building C object zephyr/CMakeFiles/zephyr.dir/drivers/flash/flash_util.c.obj
[uldrenite:rw] [136/421] Building C object CMakeFiles/app.dir/mnt/host/source/src/platform/ec/build/zephyr/uldrenite/modules/ec/common/chargen.c.obj
[uldrenite:rw] [137/421] Building C object CMakeFiles/app.dir/mnt/host/source/src/platform/ec/build/zephyr/uldrenite/modules/ec/common/usb_common.c.obj
[uldrenite:ro] [82/421] Building C object CMakeFiles/app.dir/mnt/host/source/src/platform/ec/build/zephyr/uldrenite/modules/ec/common/power_button_x86.c.obj
[uldrenite:ro] [83/421] Building C object CMakeFiles/app.dir/mnt/host/source/src/platform/ec/build/zephyr/uldrenite/modules/ec/common/body_detect_client.c.obj
[uldrenite:rw] [138/421] Building C object CMakeFiles/app.dir/mnt/host/source/src/platform/ec/build/zephyr/uldrenite/modules/ec/common/usb_pd_host_cmd_common.c.obj
[sanok:ro] [66/513] Building C object zephyr/CMakeFiles/zephyr.dir/mnt/host/source/src/third_party/zephyrproject/modules/hal/egis_module/soc/egis/et171/soc.c.obj
[ruby:ro] [241/394] Building C object modules/ec/zephyr/CMakeFiles/ec_shim.dir/shim/src/espi.c.obj
[uldrenite:rw] [139/421] Building C object CMakeFiles/app.dir/mnt/host/source/src/platform/ec/build/zephyr/uldrenite/modules/ec/common/vboot_hash.c.obj
[ruby:ro] [242/394] Building C object modules/ec/zephyr/CMakeFiles/ec_shim.dir/shim/src/host_command.c.obj
[ruby:ro] [243/394] Building C object modules/ec/zephyr/CMakeFiles/ec_shim.dir/shim/src/flash.c.obj
[ruby:rw] [59/394] Building C object CMakeFiles/app.dir/mnt/host/source/src/platform/ec/build/zephyr/ruby/modules/ec/common/charge_manager.c.obj
[ruby:ro] [244/394] Building C object modules/ec/zephyr/CMakeFiles/ec_shim.dir/shim/src/console_buffer.c.obj
[ruby:rw] [60/394] Building C object CMakeFiles/app.dir/mnt/host/source/src/platform/ec/build/zephyr/ruby/modules/ec/common/cbi_common.c.obj
[ruby:ro] [245/394] Building C object modules/ec/zephyr/CMakeFiles/ec_shim.dir/shim/src/hooks.c.obj
[ruby:ro] [246/394] Building C object modules/ec/zephyr/CMakeFiles/ec_shim.dir/shim/src/fan.c.obj
[uldrenite:rw] [140/421] Building C object CMakeFiles/app.dir/mnt/host/source/src/platform/ec/build/zephyr/uldrenite/modules/ec/common/vstore.c.obj
[sanok:ro] [67/513] Building C object zephyr/CMakeFiles/zephyr.dir/mnt/host/source/src/third_party/zephyrproject/modules/hal/egis_module/soc/egis/et171/power.c.obj
[ruby:ro] [247/394] Building C object modules/ec/zephyr/CMakeFiles/ec_shim.dir/shim/src/mkbp_event.c.obj
[uldrenite:rw] [141/421] Building C object CMakeFiles/app.dir/mnt/host/source/src/platform/ec/build/zephyr/uldrenite/modules/ec/common/math_util.c.obj
[uldrenite:ro] [84/421] Building C object CMakeFiles/app.dir/mnt/host/source/src/platform/ec/build/zephyr/uldrenite/modules/ec/common/adc.c.obj
[uldrenite:ro] [85/421] Building C object CMakeFiles/app.dir/mnt/host/source/src/platform/ec/build/zephyr/uldrenite/modules/ec/common/acpi.c.obj
[sanok:ro] [68/513] Building C object zephyr/arch/common/CMakeFiles/arch__common.dir/sw_isr_common.c.obj
[ruby:rw] [61/394] Building C object CMakeFiles/app.dir/mnt/host/source/src/platform/ec/build/zephyr/ruby/modules/ec/common/cbi_config.c.obj
[ruby:ro] [248/394] Building C object modules/ec/zephyr/CMakeFiles/ec_shim.dir/shim/src/pwm_hc.c.obj
[uldrenite:rw] [142/421] Building C object CMakeFiles/app.dir/mnt/host/source/src/platform/ec/build/zephyr/uldrenite/modules/ec/common/vboot/efs2.c.obj
[uldrenite:rw] [143/421] Building C object CMakeFiles/app.dir/src/board_power.c.obj
[ruby:ro] [249/394] Building C object modules/ec/zephyr/CMakeFiles/ec_shim.dir/shim/src/panic.c.obj
[ruby:ro] [250/394] Building C object modules/ec/zephyr/CMakeFiles/ec_shim.dir/shim/src/thermal.c.obj
[ruby:ro] [251/394] Building C object modules/ec/zephyr/CMakeFiles/ec_shim.dir/shim/src/hwtimer.c.obj
[ruby:ro] [252/394] Building C object modules/ec/zephyr/CMakeFiles/ec_shim.dir/shim/src/temp_sensors.c.obj
[ruby:rw] [62/394] Building C object CMakeFiles/app.dir/mnt/host/source/src/platform/ec/build/zephyr/ruby/modules/ec/common/cbi.c.obj
[ruby:ro] [253/394] cd /mnt/host/source/src/platform/ec/build/zephyr/ruby/build-ro/modules/ec/zephyr && PYTHONPATH=/mnt/host/source/src/platform/ec/build/zephyr/ruby/modules/ec/zephyr/zmake/ /usr/bin/python3.11 /mnt/host/source/src/platform/ec/build/zephyr/ruby/modules/ec/zephyr/zmake/zephyr_build_tools/generate_ec_version.py /mnt/host/source/src/platform/ec/build/zephyr/ruby/build-ro/modules/ec/zephyr/include/ec_version.h --name Zephyr-Kernel --version 16543.0.0 --static
[ruby:ro] INFO:root:Using a static version string
[uldrenite:rw] [144/421] Building C object CMakeFiles/app.dir/uldrenite/src/touch_panel.c.obj
[sanok:ro] [69/513] Building C object zephyr/arch/common/CMakeFiles/arch__common.dir/init.c.obj
[ruby:ro] INFO:root:Version string: Zephyr-Kernel-16543.0.0
[ruby:ro] INFO:root:Writing header to /mnt/host/source/src/platform/ec/build/zephyr/ruby/build-ro/modules/ec/zephyr/include/ec_version.h
[ruby:ro] [254/394] Building C object modules/ec/zephyr/CMakeFiles/ec_shim.dir/shim/src/i2c.c.obj
[uldrenite:rw] [145/421] Building C object CMakeFiles/app.dir/uldrenite/src/keyboard_customization.c.obj
[uldrenite:ro] [86/421] Building C object CMakeFiles/app.dir/mnt/host/source/src/platform/ec/build/zephyr/uldrenite/modules/ec/common/backlight_lid.c.obj
[uldrenite:rw] [146/421] Building C object CMakeFiles/app.dir/uldrenite/src/sensor.c.obj
[/mnt/host/source/src/platform/ec/build/zephyr/greenbayupoc-lcov]   /mnt/host/source/src/platform/ec/build/zephyr/greenbayupoc/build-rw/modules/ec/zephyr/CMakeFiles/ec_shim.dir/drivers/keyboard_input/keyboard_customization_check.c.gcno:no functions found
[/mnt/host/source/src/platform/ec/build/zephyr/greenbayupoc-lcov] stderr:
[sanok:ro] [70/513] Building C object zephyr/arch/common/CMakeFiles/arch__common.dir/xip.c.obj
[ruby:ro] [255/394] Building C object modules/ec/zephyr/CMakeFiles/ec_shim.dir/shim/src/usba.c.obj
[ruby:ro] [256/394] Building C object modules/ec/zephyr/CMakeFiles/ec_shim.dir/shim/src/watchdog.c.obj
[ruby:ro] [257/394] Building C object CMakeFiles/app.dir/mnt/host/source/src/platform/ec/zephyr/subsys/ap_pwrseq/ap_events.c.obj
[ruby:rw] [63/394] Building C object CMakeFiles/app.dir/mnt/host/source/src/platform/ec/build/zephyr/ruby/modules/ec/common/memory_commands.c.obj
[ruby:ro] [258/394] Building C object modules/ec/zephyr/CMakeFiles/ec_shim.dir/shim/src/power_host_sleep_api.c.obj
[ruby:ro] [259/394] Building C object modules/ec/zephyr/CMakeFiles/ec_shim.dir/shim/src/tasks.c.obj
[ruby:rw] [64/394] Building C object CMakeFiles/app.dir/mnt/host/source/src/platform/ec/build/zephyr/ruby/modules/ec/common/dptf.c.obj
[uldrenite:rw] [147/421] Building C object CMakeFiles/app.dir/uldrenite/src/mp2964_update.c.obj
[uldrenite:rw] [148/421] Building C object CMakeFiles/app.dir/uldrenite/src/thermal.c.obj
[sanok:ro] [71/513] Building C object zephyr/arch/common/CMakeFiles/arch__common.dir/multilevel_irq.c.obj
[uldrenite:rw] [149/421] Building C object zephyr/CMakeFiles/zephyr.dir/lib/cpp/abi/cpp_dtors.c.obj
[ruby:ro] [260/394] Building C object CMakeFiles/app.dir/mnt/host/source/src/platform/ec/zephyr/subsys/ap_pwrseq/ap_power_interface.c.obj
[uldrenite:rw] [150/421] Building C object CMakeFiles/app.dir/uldrenite/src/usbc_runtime.c.obj
[uldrenite:ro] [87/421] Building C object CMakeFiles/app.dir/mnt/host/source/src/platform/ec/build/zephyr/uldrenite/modules/ec/common/battery.c.obj
[sanok:ro] [72/513] Building C object zephyr/arch/common/CMakeFiles/isr_tables.dir/isr_tables.c.obj
[sanok:ro] [73/513] Linking C static library zephyr/arch/common/libisr_tables.a
[uldrenite:rw] [151/421] Building C object CMakeFiles/app.dir/uldrenite/src/codec.c.obj
[sanok:ro] [74/513] Linking C static library zephyr/arch/common/libarch__common.a
[uldrenite:ro] [88/421] Building C object CMakeFiles/app.dir/mnt/host/source/src/platform/ec/build/zephyr/uldrenite/modules/ec/common/battery_info.c.obj
[ruby:ro] [261/394] Building C object CMakeFiles/app.dir/mnt/host/source/src/platform/ec/zephyr/subsys/ap_pwrseq/power_signals.c.obj
[ruby:ro] [262/394] Building C object CMakeFiles/app.dir/mnt/host/source/src/platform/ec/zephyr/subsys/ap_pwrseq/signal_vw.c.obj
[ruby:ro] [263/394] Building C object CMakeFiles/app.dir/mnt/host/source/src/platform/ec/zephyr/subsys/ap_pwrseq/signal_gpio.c.obj
[ruby:rw] [65/394] Building C object CMakeFiles/app.dir/mnt/host/source/src/platform/ec/build/zephyr/ruby/modules/ec/common/espi.c.obj
[ruby:rw] [66/394] Building C object CMakeFiles/app.dir/mnt/host/source/src/platform/ec/build/zephyr/ruby/modules/ec/common/ap_reset_log.c.obj
[uldrenite:rw] [152/421] Building C object zephyr/CMakeFiles/zephyr.dir/lib/libc/validate_libc.c.obj
[ruby:ro] [264/394] Building C object CMakeFiles/app.dir/mnt/host/source/src/platform/ec/zephyr/subsys/ap_pwrseq/power_host_sleep.c.obj
[uldrenite:rw] [153/421] Linking CXX static library app/libapp.a
[ruby:ro] [265/394] Building C object CMakeFiles/app.dir/mnt/host/source/src/platform/ec/zephyr/subsys/ap_pwrseq/x86_non_dsx_common_pwrseq_sm_handler.c.obj
[uldrenite:rw] [154/421] Building C object zephyr/CMakeFiles/zephyr.dir/lib/heap/heap.c.obj
[sanok:ro] [75/513] Building C object zephyr/arch/arch/riscv/core/CMakeFiles/arch__riscv__core.dir/cpu_idle.c.obj
[ruby:ro] [266/394] Building C object CMakeFiles/app.dir/mnt/host/source/src/platform/ec/zephyr/subsys/ap_pwrseq/x86_non_dsx_chipset_power_state.c.obj
[uldrenite:rw] [155/421] Building C object zephyr/CMakeFiles/zephyr.dir/lib/os/cbprintf_packaged.c.obj
[ruby:ro] [267/394] Building C object CMakeFiles/app.dir/mnt/host/source/src/platform/ec/zephyr/subsys/ap_pwrseq/x86_non_dsx_common_pwrseq_host_command.c.obj
[sanok:ro] [76/513] Building C object zephyr/arch/arch/riscv/core/CMakeFiles/arch__riscv__core.dir/fatal.c.obj
[uldrenite:rw] [156/421] Building C object zephyr/CMakeFiles/zephyr.dir/lib/os/printk.c.obj
[ruby:ro] [268/394] Building C object CMakeFiles/app.dir/mnt/host/source/src/platform/ec/zephyr/subsys/ap_pwrseq/x86_non_dsx_common_pwrseq_console.c.obj
[uldrenite:ro] [89/421] Building C object CMakeFiles/app.dir/mnt/host/source/src/platform/ec/build/zephyr/uldrenite/modules/ec/driver/battery/smart.c.obj
[uldrenite:rw] [157/421] Building C object zephyr/CMakeFiles/zephyr.dir/lib/os/clock.c.obj
[ruby:rw] [67/394] Building C object CMakeFiles/app.dir/mnt/host/source/src/platform/ec/build/zephyr/ruby/modules/ec/common/extpower_common.c.obj
[ruby:ro] [269/394] Building C object CMakeFiles/app.dir/mnt/host/source/src/platform/ec/zephyr/subsys/ap_pwrseq/x86_non_dsx_common_pwrseq_host_sleep.c.obj
[uldrenite:ro] [90/421] Building C object CMakeFiles/app.dir/mnt/host/source/src/platform/ec/build/zephyr/uldrenite/modules/ec/common/battery_fuel_gauge.c.obj
[ruby:ro] [270/394] Building C object CMakeFiles/app.dir/mnt/host/source/src/platform/ec/zephyr/subsys/ap_pwrseq/x86_non_dsx_mtl_pwrseq_sm.c.obj
[ruby:ro] [271/394] Building C object CMakeFiles/app.dir/mnt/host/source/src/platform/ec/zephyr/subsys/ap_pwrseq/ap_reset_log.c.obj
[uldrenite:rw] [158/421] Building C object zephyr/CMakeFiles/zephyr.dir/lib/os/sem.c.obj
[ruby:rw] [68/394] Building C object CMakeFiles/app.dir/mnt/host/source/src/platform/ec/build/zephyr/ruby/modules/ec/common/extpower_gpio.c.obj
[uldrenite:rw] [159/421] Building C object zephyr/CMakeFiles/zephyr.dir/lib/utils/dec.c.obj
[uldrenite:rw] [160/421] Building C object zephyr/CMakeFiles/zephyr.dir/lib/os/thread_entry.c.obj
[sanok:ro] [77/513] Building C object zephyr/arch/arch/riscv/core/CMakeFiles/arch__riscv__core.dir/irq_manage.c.obj
[ruby:ro] [272/394] Building C object CMakeFiles/app.dir/mnt/host/source/src/platform/ec/zephyr/subsys/pd_controller/pdc_pmc_debug.c.obj
[uldrenite:rw] [161/421] Building C object zephyr/CMakeFiles/zephyr.dir/lib/utils/hex.c.obj
[uldrenite:rw] [162/421] Building C object zephyr/CMakeFiles/zephyr.dir/lib/os/cbprintf_nano.c.obj
[uldrenite:rw] [163/421] Building C object zephyr/CMakeFiles/zephyr.dir/lib/os/assert.c.obj
[sanok:ro] [78/513] Building C object zephyr/arch/arch/riscv/core/CMakeFiles/arch__riscv__core.dir/prep_c.c.obj
[ruby:ro] [273/394] Building C object CMakeFiles/app.dir/mnt/host/source/src/platform/ec/zephyr/subsys/pd_controller/retimer_fw_update.c.obj
[ruby:ro] [274/394] Building C object CMakeFiles/app.dir/mnt/host/source/src/platform/ec/zephyr/subsys/pd_controller/pdc_stub.c.obj
[uldrenite:ro] [91/421] Building C object CMakeFiles/app.dir/mnt/host/source/src/platform/ec/build/zephyr/uldrenite/modules/ec/driver/charger/bq25710.c.obj
[uldrenite:rw] [164/421] Building C object zephyr/CMakeFiles/zephyr.dir/lib/utils/timeutil.c.obj
[ruby:rw] [69/394] Building C object CMakeFiles/app.dir/mnt/host/source/src/platform/ec/build/zephyr/ruby/modules/ec/common/fan.c.obj
[ruby:rw] [70/394] Building C object CMakeFiles/app.dir/mnt/host/source/src/platform/ec/build/zephyr/ruby/modules/ec/common/flash.c.obj
[uldrenite:rw] [165/421] Building C object zephyr/CMakeFiles/zephyr.dir/lib/utils/bitmask.c.obj
[ruby:ro] [275/394] Building C object CMakeFiles/app.dir/mnt/host/source/src/platform/ec/zephyr/subsys/pd_controller/pdc_host_cmd.c.obj
[ruby:ro] [276/394] Building C object CMakeFiles/app.dir/mnt/host/source/src/platform/ec/zephyr/subsys/pd_controller/pdc_console.c.obj
[uldrenite:rw] [166/421] Building C object zephyr/CMakeFiles/zephyr.dir/lib/utils/rb.c.obj
[sanok:ro] [79/513] Building C object zephyr/arch/arch/riscv/core/CMakeFiles/arch__riscv__core.dir/reboot.c.obj
[uldrenite:rw] [167/421] Building C object zephyr/CMakeFiles/zephyr.dir/lib/utils/ring_buffer.c.obj
[uldrenite:rw] [168/421] Building C object zephyr/CMakeFiles/zephyr.dir/lib/utils/bitarray.c.obj
[ruby:ro] [277/394] Building C object CMakeFiles/app.dir/mnt/host/source/src/platform/ec/zephyr/subsys/pd_controller/pdc_power_mgmt.c.obj
[ruby:ro] [278/394] Building C object CMakeFiles/app.dir/mnt/host/source/src/platform/ec/zephyr/subsys/pd_controller/pdc_dpm.c.obj
[uldrenite:rw] [169/421] Building C object zephyr/CMakeFiles/zephyr.dir/lib/utils/last_section_id.c.obj
[uldrenite:rw] [170/421] Building C object zephyr/CMakeFiles/zephyr.dir/misc/generated/configs.c.obj
[uldrenite:ro] [92/421] Building C object CMakeFiles/app.dir/mnt/host/source/src/platform/ec/build/zephyr/uldrenite/modules/ec/common/charger.c.obj
[ruby:ro] [279/394] Building C object CMakeFiles/app.dir/mnt/host/source/src/platform/ec/zephyr/subsys/ucsi/ppm_common.c.obj
[uldrenite:rw] [171/421] Building C object zephyr/CMakeFiles/zephyr.dir/lib/utils/getopt/getopt_common.c.obj
[uldrenite:rw] [172/421] Building C object zephyr/CMakeFiles/zephyr.dir/lib/utils/getopt/getopt.c.obj
[ruby:rw] [71/394] Building C object CMakeFiles/app.dir/mnt/host/source/src/platform/ec/build/zephyr/ruby/modules/ec/common/host_command_task.c.obj
[ruby:ro] [280/394] Building C object CMakeFiles/app.dir/mnt/host/source/src/platform/ec/zephyr/subsys/ucsi/ppm_console.c.obj
[ruby:rw] [72/394] Building C object CMakeFiles/app.dir/mnt/host/source/src/platform/ec/build/zephyr/ruby/modules/ec/common/host_command.c.obj
[sanok:ro] [80/513] Building ASM object zephyr/arch/arch/riscv/core/CMakeFiles/arch__riscv__core.dir/reset.S.obj
[ruby:ro] [281/394] Building C object CMakeFiles/app.dir/mnt/host/source/src/platform/ec/zephyr/subsys/ucsi/ucsi_host_cmd.c.obj
[ruby:ro] [282/394] Building C object CMakeFiles/app.dir/mnt/host/source/src/platform/ec/zephyr/subsys/ucsi/ppm_driver.c.obj
[ruby:ro] [283/394] Building C object CMakeFiles/app.dir/mnt/host/source/src/platform/ec/build/zephyr/ruby/modules/ec/common/base32.c.obj
[ruby:ro] [284/394] Building C object CMakeFiles/app.dir/mnt/host/source/src/platform/ec/build/zephyr/ruby/modules/ec/builtin/stdlib.c.obj
[uldrenite:rw] [173/421] Building C object zephyr/CMakeFiles/zephyr.dir/soc/nuvoton/npcx/common/npcxn/registers.c.obj
[uldrenite:rw] [174/421] Building C object zephyr/CMakeFiles/zephyr.dir/soc/nuvoton/npcx/common/scfg.c.obj
[uldrenite:rw] [175/421] Building C object zephyr/CMakeFiles/zephyr.dir/soc/nuvoton/npcx/common/power.c.obj
[uldrenite:rw] [176/421] Building C object zephyr/CMakeFiles/zephyr.dir/soc/nuvoton/npcx/npcx9/soc.c.obj
[ruby:rw] [73/394] Building C object CMakeFiles/app.dir/mnt/host/source/src/platform/ec/build/zephyr/ruby/modules/ec/common/uart_hostcmd.c.obj
[ruby:ro] [285/394] Building C object CMakeFiles/app.dir/mnt/host/source/src/platform/ec/build/zephyr/ruby/modules/ec/common/console_output.c.obj
[sanok:ro] [81/513] Building ASM object zephyr/arch/arch/riscv/core/CMakeFiles/arch__riscv__core.dir/switch.S.obj
[ruby:ro] [286/394] Building C object CMakeFiles/app.dir/mnt/host/source/src/platform/ec/build/zephyr/ruby/modules/ec/common/ec_features.c.obj
[ruby:rw] [74/394] Building C object CMakeFiles/app.dir/mnt/host/source/src/platform/ec/build/zephyr/ruby/modules/ec/common/host_event_commands.c.obj
[uldrenite:rw] [177/421] Building C object zephyr/CMakeFiles/zephyr.dir/subsys/pm/state.c.obj
[ruby:ro] [287/394] Building C object CMakeFiles/app.dir/mnt/host/source/src/platform/ec/build/zephyr/ruby/modules/ec/common/gpio_commands.c.obj
[/mnt/host/source/src/platform/ec/build/zephyr/greenbayupoc-lcov]   /mnt/host/source/src/platform/ec/build/zephyr/greenbayupoc/build-rw/CMakeFiles/app.dir/mnt/host/source/src/platform/ec/build/zephyr/greenbayupoc/modules/ec/common/cbi_config.c.gcno:no functions found
[ruby:ro] [288/394] Building C object CMakeFiles/app.dir/mnt/host/source/src/platform/ec/build/zephyr/ruby/modules/ec/common/peripheral.c.obj
[/mnt/host/source/src/platform/ec/build/zephyr/greenbayupoc-lcov] stderr:
[ruby:ro] [289/394] Building C object CMakeFiles/app.dir/mnt/host/source/src/platform/ec/build/zephyr/ruby/modules/ec/common/printf.c.obj
[uldrenite:ro] [93/421] Building C object CMakeFiles/app.dir/mnt/host/source/src/platform/ec/build/zephyr/uldrenite/modules/ec/common/charge_manager.c.obj
[uldrenite:ro] [94/421] Building C object CMakeFiles/app.dir/mnt/host/source/src/platform/ec/build/zephyr/uldrenite/modules/ec/common/charge_state.c.obj
[uldrenite:rw] [178/421] Building C object zephyr/CMakeFiles/zephyr.dir/subsys/logging/log_minimal.c.obj
[uldrenite:rw] [179/421] Building C object zephyr/CMakeFiles/zephyr.dir/subsys/pm/pm.c.obj
[sanok:ro] [82/513] Building C object zephyr/arch/arch/riscv/core/CMakeFiles/arch__riscv__core.dir/thread.c.obj
[ruby:ro] [290/394] Building C object CMakeFiles/app.dir/mnt/host/source/src/platform/ec/build/zephyr/ruby/modules/ec/common/queue.c.obj
[uldrenite:rw] [180/421] Building C object zephyr/CMakeFiles/zephyr.dir/subsys/mem_mgmt/mem_attr.c.obj
[ruby:rw] [75/394] Building C object CMakeFiles/app.dir/mnt/host/source/src/platform/ec/build/zephyr/ruby/modules/ec/common/uptime.c.obj
[ruby:ro] [291/394] Building C object CMakeFiles/app.dir/mnt/host/source/src/platform/ec/build/zephyr/ruby/modules/ec/common/system_boot_time.c.obj
[/mnt/host/source/src/platform/ec/build/zephyr/greenbayupoc-lcov]   /mnt/host/source/src/platform/ec/build/zephyr/greenbayupoc/build-rw/zephyr/arch/arch/riscv/core/CMakeFiles/arch__riscv__core.dir/cpu_idle.c.gcno:no functions found
[/mnt/host/source/src/platform/ec/build/zephyr/greenbayupoc-lcov] stderr:
[ruby:ro] [292/394] Building C object CMakeFiles/app.dir/mnt/host/source/src/platform/ec/build/zephyr/ruby/modules/ec/common/uart_printf.c.obj
[ruby:ro] [293/394] Building C object CMakeFiles/app.dir/mnt/host/source/src/platform/ec/build/zephyr/ruby/modules/ec/common/system.c.obj
[uldrenite:rw] [181/421] Building C object zephyr/CMakeFiles/zephyr.dir/subsys/pm/policy/policy_events.c.obj
[ruby:rw] [76/394] Building C object CMakeFiles/app.dir/mnt/host/source/src/platform/ec/build/zephyr/ruby/modules/ec/common/i2c_controller.c.obj
[uldrenite:rw] [182/421] Building C object zephyr/CMakeFiles/zephyr.dir/subsys/pm/policy/policy_latency.c.obj
[uldrenite:rw] [183/421] Building C object zephyr/CMakeFiles/zephyr.dir/subsys/pm/policy/policy_state_lock.c.obj
[ruby:ro] [294/394] Building C object CMakeFiles/app.dir/mnt/host/source/src/platform/ec/build/zephyr/ruby/modules/ec/common/util.c.obj
[uldrenite:rw] [184/421] Building C object zephyr/CMakeFiles/zephyr.dir/subsys/pm/device.c.obj
[uldrenite:ro] [95/421] Building C object CMakeFiles/app.dir/mnt/host/source/src/platform/ec/build/zephyr/uldrenite/modules/ec/common/cbi_common.c.obj
[ruby:ro] [295/394] Building C object CMakeFiles/app.dir/mnt/host/source/src/platform/ec/build/zephyr/ruby/modules/ec/common/version.c.obj
[sanok:ro] [83/513] Building ASM object zephyr/arch/arch/riscv/core/CMakeFiles/arch__riscv__core.dir/isr.S.obj
[ruby:ro] [296/394] Building C object CMakeFiles/app.dir/mnt/host/source/src/platform/ec/build/zephyr/ruby/modules/ec/common/power_button_x86.c.obj
[ruby:rw] [77/394] Building C object CMakeFiles/app.dir/mnt/host/source/src/platform/ec/build/zephyr/ruby/modules/ec/common/i2c_passthru.c.obj
[ruby:ro] [297/394] Building C object CMakeFiles/app.dir/mnt/host/source/src/platform/ec/build/zephyr/ruby/modules/ec/common/adc.c.obj
[uldrenite:rw] [185/421] Building C object zephyr/CMakeFiles/zephyr.dir/subsys/testsuite/coverage/coverage.c.obj
[sanok:ro] [84/513] Building C object zephyr/arch/arch/riscv/core/CMakeFiles/arch__riscv__core.dir/pmp.c.obj
[uldrenite:rw] [186/421] Building C object zephyr/CMakeFiles/zephyr.dir/subsys/pm/device_system_managed.c.obj
[uldrenite:rw] [187/421] Building C object zephyr/CMakeFiles/zephyr.dir/subsys/pm/device_runtime.c.obj
[ruby:ro] [298/394] Building C object CMakeFiles/app.dir/mnt/host/source/src/platform/ec/build/zephyr/ruby/modules/ec/common/acpi.c.obj
[ruby:ro] [299/394] Building C object CMakeFiles/app.dir/mnt/host/source/src/platform/ec/build/zephyr/ruby/modules/ec/common/battery.c.obj
[uldrenite:rw] [188/421] Building C object zephyr/CMakeFiles/zephyr.dir/subsys/tracing/tracing_none.c.obj
[/mnt/host/source/src/platform/ec/build/zephyr/greenbayupoc-lcov]   /mnt/host/source/src/platform/ec/build/zephyr/greenbayupoc/build-rw/zephyr/arch/common/CMakeFiles/isr_tables.dir/isr_tables.c.gcno:no functions found
[/mnt/host/source/src/platform/ec/build/zephyr/greenbayupoc-lcov] stderr:
[ruby:ro] [300/394] Building C object CMakeFiles/app.dir/mnt/host/source/src/platform/ec/build/zephyr/ruby/modules/ec/common/battery_info.c.obj
[ruby:rw] [78/394] Building C object CMakeFiles/app.dir/mnt/host/source/src/platform/ec/build/zephyr/ruby/modules/ec/common/keyboard_8042.c.obj
[uldrenite:ro] [96/421] Building C object CMakeFiles/app.dir/mnt/host/source/src/platform/ec/build/zephyr/uldrenite/modules/ec/common/cbi_config.c.obj
[uldrenite:ro] [97/421] Building C object CMakeFiles/app.dir/mnt/host/source/src/platform/ec/build/zephyr/uldrenite/modules/ec/common/cbi.c.obj
[ruby:ro] [301/394] Building C object CMakeFiles/app.dir/mnt/host/source/src/platform/ec/build/zephyr/ruby/modules/ec/common/battery_fuel_gauge.c.obj
[ruby:ro] [302/394] Building C object CMakeFiles/app.dir/mnt/host/source/src/platform/ec/build/zephyr/ruby/modules/ec/driver/battery/smart.c.obj
[ruby:rw] [79/394] Building C object CMakeFiles/app.dir/mnt/host/source/src/platform/ec/build/zephyr/ruby/modules/ec/common/keyboard_8042_sharedlib.c.obj
[sanok:ro] [85/513] Building ASM object zephyr/arch/arch/riscv/core/CMakeFiles/arch__riscv__core.dir/pmp.S.obj
[uldrenite:rw] [189/421] Building C object zephyr/CMakeFiles/zephyr.dir/subsys/shell/modules/kernel_service/kernel_shell.c.obj
[uldrenite:rw] [190/421] Building C object zephyr/CMakeFiles/zephyr.dir/subsys/shell/modules/kernel_service/cycles.c.obj
[uldrenite:rw] [191/421] Building C object zephyr/CMakeFiles/zephyr.dir/subsys/shell/modules/kernel_service/sleep.c.obj
[ruby:ro] [303/394] Building C object CMakeFiles/app.dir/mnt/host/source/src/platform/ec/build/zephyr/ruby/modules/ec/driver/charger/bq25710.c.obj
[uldrenite:rw] [192/421] Building C object zephyr/CMakeFiles/zephyr.dir/subsys/shell/modules/kernel_service/uptime.c.obj
[ruby:ro] [304/394] Building C object CMakeFiles/app.dir/mnt/host/source/src/platform/ec/build/zephyr/ruby/modules/ec/common/charger.c.obj
[ruby:rw] [80/394] Building C object CMakeFiles/app.dir/mnt/host/source/src/platform/ec/build/zephyr/ruby/modules/ec/common/keyboard_8042_fn.c.obj
[ruby:ro] [305/394] Building C object CMakeFiles/app.dir/mnt/host/source/src/platform/ec/build/zephyr/ruby/modules/ec/common/charge_state.c.obj
[sanok:ro] [86/513] Building C object zephyr/arch/arch/riscv/core/CMakeFiles/arch__riscv__core.dir/stacktrace.c.obj
[ruby:ro] [306/394] Building C object CMakeFiles/app.dir/mnt/host/source/src/platform/ec/build/zephyr/ruby/modules/ec/common/cbi_common.c.obj
[sanok:ro] [87/513] Linking C static library zephyr/arch/arch/riscv/core/libarch__riscv__core.a
[ruby:ro] [307/394] Building C object CMakeFiles/app.dir/mnt/host/source/src/platform/ec/build/zephyr/ruby/modules/ec/common/charge_manager.c.obj
[ruby:ro] [308/394] Building C object CMakeFiles/app.dir/mnt/host/source/src/platform/ec/build/zephyr/ruby/modules/ec/common/cbi.c.obj
[uldrenite:ro] [98/421] Building C object CMakeFiles/app.dir/mnt/host/source/src/platform/ec/build/zephyr/uldrenite/modules/ec/common/memory_commands.c.obj
[uldrenite:ro] [99/421] Building C object CMakeFiles/app.dir/mnt/host/source/src/platform/ec/build/zephyr/uldrenite/modules/ec/common/dptf.c.obj
[ruby:rw] [81/394] Building C object CMakeFiles/app.dir/mnt/host/source/src/platform/ec/build/zephyr/ruby/modules/ec/common/mkbp_fifo.c.obj
[uldrenite:rw] [193/421] Building C object zephyr/CMakeFiles/zephyr.dir/subsys/shell/modules/kernel_service/version.c.obj
[uldrenite:rw] [194/421] Building C object zephyr/CMakeFiles/zephyr.dir/subsys/shell/modules/kernel_service/thread/thread.c.obj
[ruby:ro] [309/394] Building C object CMakeFiles/app.dir/mnt/host/source/src/platform/ec/build/zephyr/ruby/modules/ec/common/cbi_config.c.obj
[uldrenite:rw] [195/421] Building C object zephyr/CMakeFiles/zephyr.dir/subsys/shell/modules/kernel_service/thread/list.c.obj
[uldrenite:rw] [196/421] Building C object zephyr/CMakeFiles/zephyr.dir/subsys/shell/modules/kernel_service/thread/stacks.c.obj
[ruby:ro] [310/394] Building C object CMakeFiles/app.dir/mnt/host/source/src/platform/ec/build/zephyr/ruby/modules/ec/common/memory_commands.c.obj
[sanok:ro] [88/513] Building C object zephyr/lib/libc/newlib/CMakeFiles/lib__libc__newlib.dir/libc-hooks.c.obj
[ruby:rw] [82/394] Building C object CMakeFiles/app.dir/mnt/host/source/src/platform/ec/build/zephyr/ruby/modules/ec/common/mkbp_info.c.obj
[sanok:ro] [89/513] Linking C static library zephyr/lib/libc/newlib/liblib__libc__newlib.a
[ruby:ro] [311/394] Building C object CMakeFiles/app.dir/mnt/host/source/src/platform/ec/build/zephyr/ruby/modules/ec/common/dptf.c.obj
[ruby:ro] [312/394] Building C object CMakeFiles/app.dir/mnt/host/source/src/platform/ec/build/zephyr/ruby/modules/ec/common/espi.c.obj
[ruby:ro] [313/394] Building C object CMakeFiles/app.dir/mnt/host/source/src/platform/ec/build/zephyr/ruby/modules/ec/common/ap_reset_log.c.obj
[ruby:ro] [314/394] Building C object CMakeFiles/app.dir/mnt/host/source/src/platform/ec/build/zephyr/ruby/modules/ec/common/extpower_common.c.obj
[uldrenite:ro] [100/421] Building C object CMakeFiles/app.dir/mnt/host/source/src/platform/ec/build/zephyr/uldrenite/modules/ec/common/espi.c.obj
[uldrenite:ro] [101/421] Building C object CMakeFiles/app.dir/mnt/host/source/src/platform/ec/build/zephyr/uldrenite/modules/ec/common/ap_reset_log.c.obj
[ruby:rw] [83/394] Building C object CMakeFiles/app.dir/mnt/host/source/src/platform/ec/build/zephyr/ruby/modules/ec/common/mkbp_input_devices.c.obj
[sanok:ro] [90/513] Building C object zephyr/lib/libc/common/CMakeFiles/lib__libc__common.dir/source/stdlib/abort.c.obj
[uldrenite:rw] [197/421] Building C object zephyr/CMakeFiles/zephyr.dir/subsys/shell/modules/kernel_service/thread/resume.c.obj
[ruby:ro] [315/394] Building C object CMakeFiles/app.dir/mnt/host/source/src/platform/ec/build/zephyr/ruby/modules/ec/common/extpower_gpio.c.obj
[uldrenite:rw] [198/421] Building C object zephyr/CMakeFiles/zephyr.dir/subsys/shell/modules/kernel_service/thread/suspend.c.obj
[uldrenite:rw] [199/421] Building C object zephyr/CMakeFiles/zephyr.dir/subsys/shell/modules/kernel_service/thread/kill.c.obj
[uldrenite:rw] [200/421] Building C object zephyr/CMakeFiles/zephyr.dir/subsys/shell/backends/shell_uart.c.obj
[sanok:ro] [91/513] Building C object zephyr/lib/libc/common/CMakeFiles/lib__libc__common.dir/source/time/time.c.obj
[sanok:ro] [92/513] Linking C static library zephyr/lib/libc/common/liblib__libc__common.a
[ruby:ro] [316/394] Building C object CMakeFiles/app.dir/mnt/host/source/src/platform/ec/build/zephyr/ruby/modules/ec/common/fan.c.obj
[ruby:rw] [84/394] Building C object CMakeFiles/app.dir/mnt/host/source/src/platform/ec/build/zephyr/ruby/modules/ec/common/keyboard_backlight.c.obj
[ruby:ro] [317/394] Building C object CMakeFiles/app.dir/mnt/host/source/src/platform/ec/build/zephyr/ruby/modules/ec/common/flash.c.obj
[sanok:ro] [93/513] Building C object zephyr/lib/posix/c_lib_ext/CMakeFiles/lib__posix__c_lib_ext.dir/fnmatch.c.obj
[ruby:ro] [318/394] Building C object CMakeFiles/app.dir/mnt/host/source/src/platform/ec/build/zephyr/ruby/modules/ec/common/host_command_task.c.obj
[ruby:ro] [319/394] Building C object CMakeFiles/app.dir/mnt/host/source/src/platform/ec/build/zephyr/ruby/modules/ec/common/host_command.c.obj
[ruby:ro] [320/394] Building C object CMakeFiles/app.dir/mnt/host/source/src/platform/ec/build/zephyr/ruby/modules/ec/common/host_event_commands.c.obj
[uldrenite:ro] [102/421] Building C object CMakeFiles/app.dir/mnt/host/source/src/platform/ec/build/zephyr/uldrenite/modules/ec/common/extpower_common.c.obj
[uldrenite:rw] [201/421] Building C object zephyr/CMakeFiles/zephyr.dir/subsys/shell/shell_fprintf.c.obj
[uldrenite:ro] [103/421] Building C object CMakeFiles/app.dir/mnt/host/source/src/platform/ec/build/zephyr/uldrenite/modules/ec/common/extpower_gpio.c.obj
[ruby:rw] [85/394] Building C object CMakeFiles/app.dir/mnt/host/source/src/platform/ec/build/zephyr/ruby/modules/ec/common/led_common.c.obj
[uldrenite:rw] [202/421] Building C object zephyr/CMakeFiles/zephyr.dir/subsys/shell/shell_utils.c.obj
[ruby:ro] [321/394] Building C object CMakeFiles/app.dir/mnt/host/source/src/platform/ec/build/zephyr/ruby/modules/ec/common/uart_hostcmd.c.obj
[uldrenite:rw] [203/421] Building C object zephyr/CMakeFiles/zephyr.dir/subsys/shell/shell.c.obj
[uldrenite:rw] [204/421] Building C object zephyr/CMakeFiles/zephyr.dir/subsys/shell/shell_ops.c.obj
[sanok:ro] [94/513] Building C object zephyr/lib/posix/c_lib_ext/CMakeFiles/lib__posix__c_lib_ext.dir/getentropy.c.obj
[ruby:ro] [322/394] Building C object CMakeFiles/app.dir/mnt/host/source/src/platform/ec/build/zephyr/ruby/modules/ec/common/uptime.c.obj
[ruby:rw] [86/394] Building C object CMakeFiles/app.dir/mnt/host/source/src/platform/ec/build/zephyr/ruby/modules/ec/common/lid_switch.c.obj
[ruby:ro] [323/394] Building C object CMakeFiles/app.dir/mnt/host/source/src/platform/ec/build/zephyr/ruby/modules/ec/common/i2c_passthru.c.obj
[/mnt/host/source/src/platform/ec/build/zephyr/greenbayupoc-lcov]   /mnt/host/source/src/platform/ec/build/zephyr/greenbayupoc/build-rw/zephyr/CMakeFiles/zephyr.dir/subsys/shell/modules/kernel_service/kernel_shell.c.gcno:no functions found
[/mnt/host/source/src/platform/ec/build/zephyr/greenbayupoc-lcov] stderr:
[ruby:ro] [324/394] Building C object CMakeFiles/app.dir/mnt/host/source/src/platform/ec/build/zephyr/ruby/modules/ec/common/i2c_controller.c.obj
[sanok:ro] [95/513] Building C object zephyr/lib/posix/c_lib_ext/CMakeFiles/lib__posix__c_lib_ext.dir/getopt_shim.c.obj
[sanok:ro] [96/513] Linking C static library zephyr/lib/posix/c_lib_ext/liblib__posix__c_lib_ext.a
[ruby:ro] [325/394] Building C object CMakeFiles/app.dir/mnt/host/source/src/platform/ec/build/zephyr/ruby/modules/ec/common/keyboard_8042_sharedlib.c.obj
[ruby:ro] [326/394] Building C object CMakeFiles/app.dir/mnt/host/source/src/platform/ec/build/zephyr/ruby/modules/ec/common/keyboard_8042.c.obj
[uldrenite:rw] [205/421] Building C object zephyr/CMakeFiles/zephyr.dir/subsys/shell/shell_help.c.obj
[uldrenite:rw] [206/421] Building C object zephyr/arch/common/CMakeFiles/arch__common.dir/sw_isr_common.c.obj
[ruby:ro] [327/394] Building C object CMakeFiles/app.dir/mnt/host/source/src/platform/ec/build/zephyr/ruby/modules/ec/common/keyboard_8042_fn.c.obj
[ruby:rw] [87/394] Building C object CMakeFiles/app.dir/mnt/host/source/src/platform/ec/build/zephyr/ruby/modules/ec/common/mkbp_event.c.obj
[/mnt/host/source/src/platform/ec/build/zephyr/greenbayupoc-lcov]   /mnt/host/source/src/platform/ec/build/zephyr/greenbayupoc/build-rw/zephyr/CMakeFiles/zephyr.dir/lib/libc/validate_libc.c.gcno:no functions found
[/mnt/host/source/src/platform/ec/build/zephyr/greenbayupoc-lcov] stderr:
[uldrenite:rw] [207/421] Building C object zephyr/CMakeFiles/zephyr.dir/subsys/shell/shell_history.c.obj
[uldrenite:ro] [104/421] Building C object CMakeFiles/app.dir/mnt/host/source/src/platform/ec/build/zephyr/uldrenite/modules/ec/common/host_command.c.obj
[uldrenite:rw] [208/421] Building C object zephyr/CMakeFiles/zephyr.dir/drivers/flash/flash_util.c.obj
[sanok:ro] [97/513] Building C object zephyr/lib/posix/options/CMakeFiles/lib__posix__options.dir/clock.c.obj
[ruby:ro] [328/394] Building C object CMakeFiles/app.dir/mnt/host/source/src/platform/ec/build/zephyr/ruby/modules/ec/common/mkbp_fifo.c.obj
[uldrenite:rw] [209/421] Building C object zephyr/arch/common/CMakeFiles/arch__common.dir/init.c.obj
[uldrenite:rw] [210/421] Linking CXX static library zephyr/libzephyr.a
[uldrenite:ro] [105/421] Building C object CMakeFiles/app.dir/mnt/host/source/src/platform/ec/build/zephyr/uldrenite/modules/ec/common/flash.c.obj
[ruby:rw] [88/394] Building C object CMakeFiles/app.dir/mnt/host/source/src/platform/ec/build/zephyr/ruby/modules/ec/common/port80.c.obj
[ruby:ro] [329/394] Building C object CMakeFiles/app.dir/mnt/host/source/src/platform/ec/build/zephyr/ruby/modules/ec/common/mkbp_info.c.obj
[ruby:ro] [330/394] Building C object CMakeFiles/app.dir/mnt/host/source/src/platform/ec/build/zephyr/ruby/modules/ec/common/mkbp_input_devices.c.obj
[ruby:ro] [331/394] Building C object CMakeFiles/app.dir/mnt/host/source/src/platform/ec/build/zephyr/ruby/modules/ec/common/keyboard_backlight.c.obj
[uldrenite:rw] [211/421] Building C object zephyr/arch/common/CMakeFiles/arch__common.dir/xip.c.obj
[uldrenite:rw] [212/421] Building C object zephyr/arch/common/CMakeFiles/isr_tables.dir/isr_tables.c.obj
[ruby:ro] [332/394] Building C object CMakeFiles/app.dir/mnt/host/source/src/platform/ec/build/zephyr/ruby/modules/ec/common/led_common.c.obj
[ruby:rw] [89/394] Building C object CMakeFiles/app.dir/mnt/host/source/src/platform/ec/build/zephyr/ruby/modules/ec/common/power_button.c.obj
[ruby:ro] [333/394] Building C object CMakeFiles/app.dir/mnt/host/source/src/platform/ec/build/zephyr/ruby/modules/ec/common/lid_switch.c.obj
[uldrenite:rw] [213/421] Building ASM object zephyr/arch/arch/arm/core/CMakeFiles/arch__arm__core.dir/nmi_on_reset.S.obj
[uldrenite:rw] [214/421] Linking CXX static library zephyr/arch/common/libisr_tables.a
[uldrenite:rw] [215/421] Linking CXX static library zephyr/arch/common/libarch__common.a
[sanok:ro] [98/513] Building C object zephyr/lib/posix/options/CMakeFiles/lib__posix__options.dir/timer.c.obj
[uldrenite:rw] [216/421] Building C object zephyr/arch/arch/arm/core/CMakeFiles/arch__arm__core.dir/__aeabi_atexit.c.obj
[uldrenite:rw] [217/421] Building C object zephyr/arch/arch/arm/core/CMakeFiles/arch__arm__core.dir/nmi.c.obj
[/mnt/host/source/src/platform/ec/build/zephyr/greenbayupoc-lcov]   /mnt/host/source/src/platform/ec/build/zephyr/greenbayupoc/build-rw/zephyr/CMakeFiles/zephyr.dir/lib/utils/last_section_id.c.gcno:no functions found
[/mnt/host/source/src/platform/ec/build/zephyr/greenbayupoc-lcov] stderr:
[ruby:ro] [334/394] Building C object CMakeFiles/app.dir/mnt/host/source/src/platform/ec/build/zephyr/ruby/modules/ec/common/mkbp_event.c.obj
[uldrenite:rw] [218/421] Building C object zephyr/arch/arch/arm/core/CMakeFiles/arch__arm__core.dir/fatal.c.obj
[sanok:ro] [99/513] Building C object zephyr/lib/posix/options/CMakeFiles/lib__posix__options.dir/timespec_to_timeout.c.obj
[ruby:ro] [335/394] Building C object CMakeFiles/app.dir/mnt/host/source/src/platform/ec/build/zephyr/ruby/modules/ec/common/port80.c.obj
[uldrenite:rw] [219/421] Building ASM object zephyr/arch/arch/arm/core/cortex_m/CMakeFiles/arch__arm__core__cortex_m.dir/fault_s.S.obj
[uldrenite:ro] [106/421] Building C object CMakeFiles/app.dir/mnt/host/source/src/platform/ec/build/zephyr/uldrenite/modules/ec/common/host_command_task.c.obj
[ruby:rw] [90/394] Building C object CMakeFiles/app.dir/mnt/host/source/src/platform/ec/build/zephyr/ruby/modules/ec/power/hibernate.c.obj
[ruby:ro] [336/394] Building C object CMakeFiles/app.dir/mnt/host/source/src/platform/ec/build/zephyr/ruby/modules/ec/common/power_button.c.obj
[ruby:ro] [337/394] Building C object CMakeFiles/app.dir/mnt/host/source/src/platform/ec/build/zephyr/ruby/modules/ec/power/hibernate.c.obj
[ruby:ro] [338/394] Building C object CMakeFiles/app.dir/mnt/host/source/src/platform/ec/build/zephyr/ruby/modules/ec/common/sha256.c.obj
[ruby:ro] [339/394] Building C object CMakeFiles/app.dir/mnt/host/source/src/platform/ec/build/zephyr/ruby/modules/ec/common/panic_output.c.obj
[uldrenite:ro] [107/421] Building C object CMakeFiles/app.dir/mnt/host/source/src/platform/ec/build/zephyr/uldrenite/modules/ec/common/host_event_commands.c.obj
[uldrenite:rw] [220/421] Building C object zephyr/arch/arch/arm/core/cortex_m/CMakeFiles/arch__arm__core__cortex_m.dir/exc_exit.c.obj
[uldrenite:rw] [221/421] Building C object zephyr/arch/arch/arm/core/CMakeFiles/arch__arm__core.dir/tls.c.obj
[ruby:rw] [91/394] Building C object CMakeFiles/app.dir/mnt/host/source/src/platform/ec/build/zephyr/ruby/modules/ec/common/panic_output.c.obj
[uldrenite:rw] [222/421] Linking CXX static library zephyr/arch/arch/arm/core/libarch__arm__core.a
[ruby:ro] [340/394] Building C object CMakeFiles/app.dir/mnt/host/source/src/platform/ec/build/zephyr/ruby/modules/ec/common/shared_mem.c.obj
[sanok:ro] [100/513] Building C object zephyr/lib/posix/options/CMakeFiles/lib__posix__options.dir/rwlock.c.obj
[uldrenite:rw] [223/421] Building C object zephyr/arch/arch/arm/core/cortex_m/CMakeFiles/arch__arm__core__cortex_m.dir/fpu.c.obj
[ruby:ro] [341/394] Building C object CMakeFiles/app.dir/mnt/host/source/src/platform/ec/build/zephyr/ruby/modules/ec/common/switch.c.obj
[uldrenite:ro] [108/421] Building C object CMakeFiles/app.dir/mnt/host/source/src/platform/ec/build/zephyr/uldrenite/modules/ec/common/uart_hostcmd.c.obj
[uldrenite:rw] [224/421] Building ASM object zephyr/arch/arch/arm/core/cortex_m/CMakeFiles/arch__arm__core__cortex_m.dir/reset.S.obj
[ruby:ro] [342/394] Building C object CMakeFiles/app.dir/mnt/host/source/src/platform/ec/build/zephyr/ruby/modules/ec/common/spi_flash_reg.c.obj
[ruby:rw] [92/394] Building C object CMakeFiles/app.dir/mnt/host/source/src/platform/ec/build/zephyr/ruby/modules/ec/common/sha256.c.obj
[uldrenite:rw] [225/421] Building C object zephyr/arch/arch/arm/core/cortex_m/CMakeFiles/arch__arm__core__cortex_m.dir/fault.c.obj
[ruby:ro] [343/394] Building C object CMakeFiles/app.dir/mnt/host/source/src/platform/ec/build/zephyr/ruby/modules/ec/common/thermal.c.obj
[ruby:ro] [344/394] Building C object CMakeFiles/app.dir/mnt/host/source/src/platform/ec/build/zephyr/ruby/modules/ec/common/temp_sensor.c.obj
[uldrenite:rw] [226/421] Building C object zephyr/arch/arch/arm/core/cortex_m/CMakeFiles/arch__arm__core__cortex_m.dir/scb.c.obj
[ruby:ro] [345/394] Building C object CMakeFiles/app.dir/mnt/host/source/src/platform/ec/build/zephyr/ruby/modules/ec/driver/temp_sensor/thermistor.c.obj
[ruby:rw] [93/394] Building C object CMakeFiles/app.dir/mnt/host/source/src/platform/ec/build/zephyr/ruby/modules/ec/common/shared_mem.c.obj
[uldrenite:ro] [109/421] Building C object CMakeFiles/app.dir/mnt/host/source/src/platform/ec/build/zephyr/uldrenite/modules/ec/common/uptime.c.obj
[sanok:ro] [101/513] Building C object zephyr/lib/posix/options/CMakeFiles/lib__posix__options.dir/cond.c.obj
[uldrenite:rw] [227/421] Building ASM object zephyr/arch/arch/arm/core/cortex_m/CMakeFiles/arch__arm__core__cortex_m.dir/vector_table.S.obj
[ruby:ro] [346/394] Building C object CMakeFiles/app.dir/mnt/host/source/src/platform/ec/build/zephyr/ruby/modules/ec/common/timer.c.obj
[uldrenite:rw] [228/421] Building C object zephyr/arch/arch/arm/core/cortex_m/CMakeFiles/arch__arm__core__cortex_m.dir/thread_abort.c.obj
[uldrenite:rw] [229/421] Building ASM object zephyr/arch/arch/arm/core/cortex_m/CMakeFiles/arch__arm__core__cortex_m.dir/swap_helper.S.obj
[sanok:ro] [102/513] Building C object zephyr/lib/posix/options/CMakeFiles/lib__posix__options.dir/grp.c.obj
[ruby:ro] [347/394] Building C object CMakeFiles/app.dir/mnt/host/source/src/platform/ec/build/zephyr/ruby/modules/ec/common/usbc_utils.c.obj
[uldrenite:rw] [230/421] Building C object zephyr/arch/arch/arm/core/cortex_m/CMakeFiles/arch__arm__core__cortex_m.dir/irq_manage.c.obj
[ruby:ro] [348/394] Building C object CMakeFiles/app.dir/mnt/host/source/src/platform/ec/build/zephyr/ruby/modules/ec/common/usb_port_power_dumb.c.obj
[ruby:ro] [349/394] Building C object CMakeFiles/app.dir/mnt/host/source/src/platform/ec/build/zephyr/ruby/modules/ec/common/chargen.c.obj
[ruby:rw] [94/394] Building C object CMakeFiles/app.dir/mnt/host/source/src/platform/ec/build/zephyr/ruby/modules/ec/common/switch.c.obj
[uldrenite:ro] [110/421] Building C object CMakeFiles/app.dir/mnt/host/source/src/platform/ec/build/zephyr/uldrenite/modules/ec/common/i2c_controller.c.obj
[uldrenite:rw] [231/421] Building C object zephyr/arch/arch/arm/core/cortex_m/CMakeFiles/arch__arm__core__cortex_m.dir/prep_c.c.obj
[ruby:rw] [95/394] Building C object CMakeFiles/app.dir/mnt/host/source/src/platform/ec/build/zephyr/ruby/modules/ec/common/spi_flash_reg.c.obj
[ruby:ro] [350/394] Building C object CMakeFiles/app.dir/mnt/host/source/src/platform/ec/build/zephyr/ruby/modules/ec/common/usb_common.c.obj
[ruby:ro] [351/394] Building C object CMakeFiles/app.dir/mnt/host/source/src/platform/ec/build/zephyr/ruby/modules/ec/common/usb_pd_host_cmd_common.c.obj
[uldrenite:ro] [111/421] Building C object CMakeFiles/app.dir/mnt/host/source/src/platform/ec/build/zephyr/uldrenite/modules/ec/common/i2c_passthru.c.obj
[uldrenite:rw] [232/421] Building C object zephyr/arch/arch/arm/core/cortex_m/CMakeFiles/arch__arm__core__cortex_m.dir/thread.c.obj
[ruby:ro] [352/394] Building C object CMakeFiles/app.dir/mnt/host/source/src/platform/ec/build/zephyr/ruby/modules/ec/common/vboot_hash.c.obj
[sanok:ro] [103/513] Building C object zephyr/lib/posix/options/CMakeFiles/lib__posix__options.dir/key.c.obj
[uldrenite:rw] [233/421] Building ASM object zephyr/arch/arch/arm/core/cortex_m/CMakeFiles/arch__arm__core__cortex_m.dir/__aeabi_read_tp.S.obj
[uldrenite:rw] [234/421] Building C object zephyr/arch/arch/arm/core/cortex_m/CMakeFiles/arch__arm__core__cortex_m.dir/cpu_idle.c.obj
[uldrenite:rw] [235/421] Building C object zephyr/arch/arch/arm/core/cortex_m/CMakeFiles/arch__arm__core__cortex_m.dir/irq_init.c.obj
[ruby:ro] [353/394] Building C object CMakeFiles/app.dir/mnt/host/source/src/platform/ec/build/zephyr/ruby/modules/ec/common/vstore.c.obj
[uldrenite:rw] [236/421] Building C object zephyr/arch/arch/arm/core/cortex_m/CMakeFiles/arch__arm__core__cortex_m.dir/isr_wrapper.c.obj
[ruby:ro] [354/394] Building C object CMakeFiles/app.dir/mnt/host/source/src/platform/ec/build/zephyr/ruby/modules/ec/common/button.c.obj
[uldrenite:rw] [237/421] Linking CXX static library zephyr/arch/arch/arm/core/cortex_m/libarch__arm__core__cortex_m.a
[ruby:ro] [355/394] Building C object CMakeFiles/app.dir/mnt/host/source/src/platform/ec/build/zephyr/ruby/modules/ec/common/math_util.c.obj
[ruby:ro] [356/394] Building C object CMakeFiles/app.dir/ruby/src/board_power.c.obj
[ruby:ro] [357/394] Building C object CMakeFiles/app.dir/mnt/host/source/src/platform/ec/build/zephyr/ruby/modules/ec/common/vboot/efs2.c.obj
[ruby:rw] [96/394] Building C object CMakeFiles/app.dir/mnt/host/source/src/platform/ec/build/zephyr/ruby/modules/ec/common/thermal.c.obj
[ruby:ro] [358/394] Linking C static library modules/ec/zephyr/libec_shim.a
[ruby:rw] [97/394] Building C object CMakeFiles/app.dir/mnt/host/source/src/platform/ec/build/zephyr/ruby/modules/ec/common/temp_sensor.c.obj
[sanok:ro] [104/513] Building C object zephyr/lib/posix/options/CMakeFiles/lib__posix__options.dir/mutex.c.obj
[uldrenite:ro] [112/421] Building C object CMakeFiles/app.dir/mnt/host/source/src/platform/ec/build/zephyr/uldrenite/modules/ec/common/keyboard_8042_sharedlib.c.obj
[uldrenite:rw] [238/421] Building C object zephyr/arch/arch/arm/core/mpu/CMakeFiles/arch__arm__core__mpu.dir/arm_core_mpu.c.obj
[uldrenite:rw] [239/421] Building C object zephyr/arch/arch/arm/core/mpu/CMakeFiles/arch__arm__core__mpu.dir/arm_mpu_regions.c.obj
[ruby:ro] [359/394] Building C object CMakeFiles/app.dir/ruby/src/keyboard_customization.c.obj
[uldrenite:rw] [240/421] Building C object zephyr/arch/arch/arm/core/mpu/CMakeFiles/arch__arm__core__mpu.dir/arm_mpu.c.obj
[uldrenite:rw] [241/421] Linking CXX static library zephyr/arch/arch/arm/core/mpu/libarch__arm__core__mpu.a
[uldrenite:rw] [242/421] Building C object zephyr/lib/libc/picolibc/CMakeFiles/lib__libc__picolibc.dir/assert.c.obj
[ruby:ro] [360/394] Building C object CMakeFiles/app.dir/ruby/src/touch_panel.c.obj
[ruby:ro] [361/394] Building C object zephyr/kernel/CMakeFiles/kernel.dir/main_weak.c.obj
[ruby:ro] [362/394] Building C object zephyr/kernel/CMakeFiles/kernel.dir/busy_wait.c.obj
[ruby:ro] [363/394] Building C object zephyr/kernel/CMakeFiles/kernel.dir/banner.c.obj
[ruby:ro] [364/394] Building C object CMakeFiles/app.dir/ruby/src/charger.c.obj
[ruby:rw] [98/394] Building C object CMakeFiles/app.dir/mnt/host/source/src/platform/ec/build/zephyr/ruby/modules/ec/driver/temp_sensor/thermistor.c.obj
[ruby:rw] [99/394] Building C object CMakeFiles/app.dir/mnt/host/source/src/platform/ec/build/zephyr/ruby/modules/ec/common/timer.c.obj
[ruby:ro] [365/394] Linking C static library app/libapp.a
[ruby:ro] [366/394] Building C object zephyr/kernel/CMakeFiles/kernel.dir/device.c.obj
[uldrenite:rw] [243/421] Building C object zephyr/lib/libc/picolibc/CMakeFiles/lib__libc__picolibc.dir/chk_fail.c.obj
[uldrenite:ro] [113/421] Building C object CMakeFiles/app.dir/mnt/host/source/src/platform/ec/build/zephyr/uldrenite/modules/ec/common/keyboard_8042.c.obj
[sanok:ro] [105/513] Building C object zephyr/lib/posix/options/CMakeFiles/lib__posix__options.dir/pthread.c.obj
[uldrenite:rw] [244/421] Building C object zephyr/lib/libc/picolibc/CMakeFiles/lib__libc__picolibc.dir/cbprintf.c.obj
[uldrenite:ro] [114/421] Building C object CMakeFiles/app.dir/mnt/host/source/src/platform/ec/build/zephyr/uldrenite/modules/ec/common/mkbp_fifo.c.obj
[uldrenite:rw] [245/421] Building C object zephyr/lib/libc/picolibc/CMakeFiles/lib__libc__picolibc.dir/exit.c.obj
[ruby:ro] [367/394] Building C object zephyr/kernel/CMakeFiles/kernel.dir/fatal.c.obj
[ruby:ro] [368/394] Building C object zephyr/kernel/CMakeFiles/kernel.dir/errno.c.obj
[ruby:ro] [369/394] Building C object zephyr/kernel/CMakeFiles/kernel.dir/kheap.c.obj
[sanok:ro] [106/513] Building C object zephyr/lib/posix/options/CMakeFiles/lib__posix__options.dir/pwd.c.obj
[uldrenite:rw] [246/421] Building C object zephyr/lib/libc/picolibc/CMakeFiles/lib__libc__picolibc.dir/errno_wrap.c.obj
[sanok:ro] [107/513] Linking C static library zephyr/lib/posix/options/liblib__posix__options.a
[ruby:ro] [370/394] Building C object zephyr/kernel/CMakeFiles/kernel.dir/version.c.obj
[ruby:ro] [371/394] Building C object zephyr/kernel/CMakeFiles/kernel.dir/init.c.obj
[ruby:ro] [372/394] Building C object zephyr/kernel/CMakeFiles/kernel.dir/mem_slab.c.obj
[ruby:ro] [373/394] Building C object zephyr/kernel/CMakeFiles/kernel.dir/float.c.obj
[ruby:rw] [100/394] Building C object CMakeFiles/app.dir/mnt/host/source/src/platform/ec/build/zephyr/ruby/modules/ec/common/usb_port_power_dumb.c.obj
[ruby:rw] [101/394] Building C object CMakeFiles/app.dir/mnt/host/source/src/platform/ec/build/zephyr/ruby/modules/ec/common/usbc_utils.c.obj
[uldrenite:rw] [247/421] Building C object zephyr/lib/libc/picolibc/CMakeFiles/lib__libc__picolibc.dir/locks.c.obj
[uldrenite:rw] [248/421] Building C object zephyr/lib/libc/common/CMakeFiles/lib__libc__common.dir/source/time/time.c.obj
[uldrenite:ro] [115/421] Building C object CMakeFiles/app.dir/mnt/host/source/src/platform/ec/build/zephyr/uldrenite/modules/ec/common/mkbp_info.c.obj
[uldrenite:rw] [249/421] Building C object zephyr/lib/posix/c_lib_ext/CMakeFiles/lib__posix__c_lib_ext.dir/fnmatch.c.obj
[uldrenite:rw] [250/421] Building C object zephyr/lib/libc/picolibc/CMakeFiles/lib__libc__picolibc.dir/stdio.c.obj
[uldrenite:rw] [251/421] Linking CXX static library zephyr/lib/libc/picolibc/liblib__libc__picolibc.a
[sanok:ro] [108/513] Building C object zephyr/lib/net_buf/CMakeFiles/lib__net_buf.dir/buf.c.obj
[uldrenite:rw] [252/421] Building C object zephyr/lib/libc/common/CMakeFiles/lib__libc__common.dir/source/stdlib/abort.c.obj
[uldrenite:ro] [116/421] Building C object CMakeFiles/app.dir/mnt/host/source/src/platform/ec/build/zephyr/uldrenite/modules/ec/common/mkbp_input_devices.c.obj
[ruby:ro] [374/394] Building C object zephyr/kernel/CMakeFiles/kernel.dir/idle.c.obj
[uldrenite:rw] [253/421] Linking CXX static library zephyr/lib/libc/common/liblib__libc__common.a
[ruby:ro] [375/394] Building C object zephyr/kernel/CMakeFiles/kernel.dir/mailbox.c.obj
[ruby:ro] [376/394] Building C object zephyr/kernel/CMakeFiles/kernel.dir/mutex.c.obj
[ruby:ro] [377/394] Building C object zephyr/kernel/CMakeFiles/kernel.dir/msg_q.c.obj
[uldrenite:rw] [254/421] Building C object zephyr/subsys/crc/CMakeFiles/subsys__crc.dir/crc4_sw.c.obj
[ruby:ro] [378/394] Building C object zephyr/kernel/CMakeFiles/kernel.dir/queue.c.obj
[ruby:ro] [379/394] Building C object zephyr/kernel/CMakeFiles/kernel.dir/sem.c.obj
[uldrenite:rw] [255/421] Building C object zephyr/lib/posix/c_lib_ext/CMakeFiles/lib__posix__c_lib_ext.dir/getentropy.c.obj
[uldrenite:rw] [256/421] Building C object zephyr/subsys/crc/CMakeFiles/subsys__crc.dir/crc8_sw.c.obj
[sanok:ro] [109/513] Building C object zephyr/lib/net_buf/CMakeFiles/lib__net_buf.dir/buf_simple.c.obj
[uldrenite:rw] [257/421] Building C object zephyr/subsys/crc/CMakeFiles/subsys__crc.dir/crc16_sw.c.obj
[sanok:ro] [110/513] Linking C static library zephyr/lib/net_buf/liblib__net_buf.a
[ruby:rw] [102/394] Building C object CMakeFiles/app.dir/mnt/host/source/src/platform/ec/build/zephyr/ruby/modules/ec/common/usb_common.c.obj
[uldrenite:rw] [258/421] Building C object zephyr/lib/posix/c_lib_ext/CMakeFiles/lib__posix__c_lib_ext.dir/getopt_shim.c.obj
[uldrenite:rw] [259/421] Building C object zephyr/subsys/crc/CMakeFiles/subsys__crc.dir/crc24_sw.c.obj
[ruby:rw] [103/394] Building C object CMakeFiles/app.dir/mnt/host/source/src/platform/ec/build/zephyr/ruby/modules/ec/common/chargen.c.obj
[uldrenite:rw] [260/421] Building C object zephyr/lib/smf/CMakeFiles/lib__smf.dir/smf.c.obj
[uldrenite:rw] [261/421] Building C object zephyr/subsys/crc/CMakeFiles/subsys__crc.dir/crc7_sw.c.obj
[uldrenite:rw] [262/421] Linking CXX static library zephyr/lib/posix/c_lib_ext/liblib__posix__c_lib_ext.a
[ruby:ro] [380/394] Building C object zephyr/kernel/CMakeFiles/kernel.dir/stack.c.obj
[uldrenite:rw] [263/421] Linking CXX static library zephyr/lib/smf/liblib__smf.a
[uldrenite:rw] [264/421] Building C object zephyr/subsys/crc/CMakeFiles/subsys__crc.dir/crc32c_sw.c.obj
[uldrenite:ro] [117/421] Building C object CMakeFiles/app.dir/mnt/host/source/src/platform/ec/build/zephyr/uldrenite/modules/ec/common/led_common.c.obj
[uldrenite:rw] [265/421] Building C object zephyr/subsys/crc/CMakeFiles/subsys__crc.dir/crc32_sw.c.obj
[uldrenite:rw] [266/421] Building C object zephyr/subsys/crc/CMakeFiles/subsys__crc.dir/crc32k_4_2_sw.c.obj
[ruby:ro] [381/394] Building C object zephyr/kernel/CMakeFiles/kernel.dir/system_work_q.c.obj
[uldrenite:rw] [267/421] Linking CXX static library zephyr/subsys/crc/libsubsys__crc.a
[ruby:ro] [382/394] Building C object zephyr/kernel/CMakeFiles/kernel.dir/work.c.obj
[sanok:ro] [111/513] Building C object zephyr/subsys/mgmt/ec_host_cmd/CMakeFiles/subsys__mgmt__ec_host_cmd.dir/ec_host_cmd_handler.c.obj
[ruby:ro] [383/394] Building C object zephyr/kernel/CMakeFiles/kernel.dir/condvar.c.obj
[uldrenite:rw] [268/421] Building C object zephyr/subsys/input/CMakeFiles/subsys__input.dir/input_hid.c.obj
[ruby:ro] [384/394] Building C object zephyr/kernel/CMakeFiles/kernel.dir/thread.c.obj
[sanok:ro] [112/513] Linking C static library zephyr/subsys/mgmt/ec_host_cmd/libsubsys__mgmt__ec_host_cmd.a
[uldrenite:ro] [118/421] Building C object CMakeFiles/app.dir/mnt/host/source/src/platform/ec/build/zephyr/uldrenite/modules/ec/common/lid_switch.c.obj
[ruby:ro] [385/394] Building C object zephyr/kernel/CMakeFiles/kernel.dir/sched.c.obj
[ruby:ro] [386/394] Building C object zephyr/kernel/CMakeFiles/kernel.dir/pipe.c.obj
[ruby:rw] [104/394] Building C object CMakeFiles/app.dir/mnt/host/source/src/platform/ec/build/zephyr/ruby/modules/ec/common/usb_pd_host_cmd_common.c.obj
[uldrenite:rw] [269/421] Building C object zephyr/subsys/input/CMakeFiles/subsys__input.dir/input.c.obj
[ruby:ro] [387/394] Building C object zephyr/kernel/CMakeFiles/kernel.dir/thread_monitor.c.obj
[ruby:rw] [105/394] Building C object CMakeFiles/app.dir/mnt/host/source/src/platform/ec/build/zephyr/ruby/modules/ec/common/vboot_hash.c.obj
[uldrenite:rw] [270/421] Building C object zephyr/drivers/interrupt_controller/CMakeFiles/drivers__interrupt_controller.dir/intc_miwu.c.obj
[ruby:ro] [388/394] Building C object zephyr/kernel/CMakeFiles/kernel.dir/timer.c.obj
[ruby:ro] [389/394] Building C object zephyr/kernel/CMakeFiles/kernel.dir/timeout.c.obj
[uldrenite:ro] [119/421] Building C object CMakeFiles/app.dir/mnt/host/source/src/platform/ec/build/zephyr/uldrenite/modules/ec/common/mkbp_event.c.obj
[sanok:ro] [113/513] Building C object zephyr/subsys/mgmt/ec_host_cmd/backends/CMakeFiles/subsys__mgmt__ec_host_cmd__backends.dir/ec_host_cmd_backend_usb.c.obj
[sanok:ro] [114/513] Linking C static library zephyr/subsys/mgmt/ec_host_cmd/backends/libsubsys__mgmt__ec_host_cmd__backends.a
[uldrenite:rw] [271/421] Linking CXX static library zephyr/drivers/interrupt_controller/libdrivers__interrupt_controller.a
[ruby:ro] [390/394] Building C object zephyr/kernel/CMakeFiles/kernel.dir/poll.c.obj
[uldrenite:rw] [272/421] Building C object zephyr/drivers/adc/CMakeFiles/drivers__adc.dir/adc_common.c.obj
[ruby:ro] [391/394] Building C object zephyr/kernel/CMakeFiles/kernel.dir/events.c.obj
[uldrenite:rw] [273/421] Building C object zephyr/subsys/input/CMakeFiles/subsys__input.dir/input_utils.c.obj
[uldrenite:rw] [274/421] Linking CXX static library zephyr/subsys/input/libsubsys__input.a
[ruby:ro] [392/394] Building C object zephyr/kernel/CMakeFiles/kernel.dir/mempool.c.obj
[uldrenite:ro] [120/421] Building C object CMakeFiles/app.dir/mnt/host/source/src/platform/ec/build/zephyr/uldrenite/modules/ec/driver/mp2964.c.obj
[ruby:ro] [393/394] Building C object zephyr/kernel/CMakeFiles/kernel.dir/dynamic_disabled.c.obj
[sanok:ro] [115/513] Building C object zephyr/subsys/random/CMakeFiles/subsys__random.dir/random_entropy_device.c.obj
[ruby:ro] [394/394] Linking C static library zephyr/kernel/libkernel.a
Running (initial) lcov on /mnt/host/source/src/platform/ec/build/zephyr/moonstone-ish.
[sanok:ro] [116/513] Linking C static library zephyr/subsys/random/libsubsys__random.a
[ruby:rw] [106/394] Building C object CMakeFiles/app.dir/mnt/host/source/src/platform/ec/build/zephyr/ruby/modules/ec/common/button.c.obj
[sanok:ro] [117/513] Building C object zephyr/subsys/usb/device_next/CMakeFiles/subsys__usb__device_next.dir/usbd_device.c.obj
[sanok:ro] [118/513] Building C object zephyr/subsys/usb/device_next/CMakeFiles/subsys__usb__device_next.dir/usbd_desc.c.obj
[ruby:rw] [107/394] Building C object CMakeFiles/app.dir/mnt/host/source/src/platform/ec/build/zephyr/ruby/modules/ec/common/vboot/efs2.c.obj
[uldrenite:rw] [275/421] Building C object zephyr/drivers/bbram/CMakeFiles/drivers__bbram.dir/bbram_npcx.c.obj
[uldrenite:rw] [276/421] Linking CXX static library zephyr/drivers/bbram/libdrivers__bbram.a
Running `env -i PYTHONPATH=/usr/lib64/python-exec/python3.11:/mnt/host/source/src/platform/ec/zephyr/zmake:/usr/lib/python311.zip:/usr/lib/python3.11:/usr/lib/python3.11/lib-dynload:/usr/lib/python3.11/site-packages PW_PIGWEED_CIPD_INSTALL_DIR=/usr CROSTC_USER_ACKNOWLEDGES_THAT_RISCV_IS_EXPERIMENTAL=1 PATH=/mnt/host/source/chromite/bin:/usr/local/bin:/usr/bin:/bin:/opt/bin:/mnt/host/source/chromite/sdk/bin:/mnt/host/source/chromite/bin HOME=/home/jpmurphy JAVA_HOME=/etc/java-config-2/current-system-vm JDK_HOME=/etc/java-config-2/current-system-vm JAVAC=/etc/java-config-2/current-system-vm/bin/javac MAKEFLAGS=' -j16 --jobserver-auth=5,6' /usr/bin/lcov --gcov-tool /mnt/host/source/src/platform/ec/build/zephyr/moonstone-ish/build-singleimage/gcov.sh -q -o - -c -d /mnt/host/source/src/platform/ec/build/zephyr/moonstone-ish -t moonstone-ish --rc branch_coverage=1 --filter range --ignore-errors inconsistent,source --ignore-errors gcov,gcov -i`
[uldrenite:rw] [277/421] Building C object zephyr/drivers/clock_control/CMakeFiles/drivers__clock_control.dir/clock_control_npcx.c.obj
[uldrenite:rw] [278/421] Linking CXX static library zephyr/drivers/clock_control/libdrivers__clock_control.a
[uldrenite:rw] [279/421] Building C object zephyr/drivers/console/CMakeFiles/drivers__console.dir/uart_console.c.obj
[uldrenite:rw] [280/421] Building C object zephyr/drivers/adc/CMakeFiles/drivers__adc.dir/adc_npcx.c.obj
[uldrenite:ro] [121/421] Building C object CMakeFiles/app.dir/mnt/host/source/src/platform/ec/build/zephyr/uldrenite/modules/ec/common/power_button.c.obj
[uldrenite:rw] [281/421] Linking CXX static library zephyr/drivers/console/libdrivers__console.a
[sanok:ro] [119/513] Building C object zephyr/subsys/usb/device_next/CMakeFiles/subsys__usb__device_next.dir/usbd_ch9.c.obj
[uldrenite:rw] [282/421] Linking CXX static library zephyr/drivers/adc/libdrivers__adc.a
[sanok:ro] [120/513] Building C object zephyr/subsys/usb/device_next/CMakeFiles/subsys__usb__device_next.dir/usbd_core.c.obj
[sanok:ro] [121/513] Building C object zephyr/subsys/usb/device_next/CMakeFiles/subsys__usb__device_next.dir/usbd_init.c.obj
[uldrenite:ro] [122/421] Building C object CMakeFiles/app.dir/mnt/host/source/src/platform/ec/build/zephyr/uldrenite/modules/ec/common/port80.c.obj
[sanok:ro] [122/513] Building C object zephyr/subsys/usb/device_next/CMakeFiles/subsys__usb__device_next.dir/usbd_config.c.obj
[uldrenite:ro] [123/421] Building C object CMakeFiles/app.dir/mnt/host/source/src/platform/ec/build/zephyr/uldrenite/modules/ec/power/hibernate.c.obj
[uldrenite:rw] [283/421] Building C object zephyr/drivers/crypto/CMakeFiles/drivers__crypto.dir/crypto_npcx_sha.c.obj
[ruby:rw] [108/394] Building C object CMakeFiles/app.dir/mnt/host/source/src/platform/ec/build/zephyr/ruby/modules/ec/common/vstore.c.obj
[ruby:rw] [109/394] Building C object CMakeFiles/app.dir/mnt/host/source/src/platform/ec/build/zephyr/ruby/modules/ec/common/math_util.c.obj
[/mnt/host/source/src/platform/ec/build/zephyr/moonstone-ish-lcov] geninfo: WARNING: (format) invalid characters removed from testname
[uldrenite:rw] [284/421] Linking CXX static library zephyr/drivers/crypto/libdrivers__crypto.a
[sanok:ro] [123/513] Building C object zephyr/subsys/usb/device_next/CMakeFiles/subsys__usb__device_next.dir/usbd_class.c.obj
[sanok:ro] [124/513] Building C object zephyr/subsys/usb/device_next/CMakeFiles/subsys__usb__device_next.dir/usbd_interface.c.obj
[sanok:ro] [125/513] Building C object zephyr/subsys/usb/device_next/CMakeFiles/subsys__usb__device_next.dir/usbd_endpoint.c.obj
[sanok:ro] [126/513] Building C object zephyr/subsys/usb/device_next/CMakeFiles/subsys__usb__device_next.dir/usbd_msg.c.obj
[sanok:ro] [127/513] Building C object zephyr/subsys/crc/CMakeFiles/subsys__crc.dir/crc4_sw.c.obj
[uldrenite:rw] [285/421] Building C object zephyr/drivers/eeprom/CMakeFiles/drivers__eeprom.dir/eeprom_at2x.c.obj
[/mnt/host/source/src/platform/ec/build/zephyr/moonstone-ish-lcov] 	(use "geninfo --ignore-errors format,format ..." to suppress this warning)
[/mnt/host/source/src/platform/ec/build/zephyr/moonstone-ish-lcov] stderr:
[sanok:ro] [128/513] Linking C static library zephyr/subsys/usb/device_next/libsubsys__usb__device_next.a
[sanok:ro] [129/513] Building C object zephyr/subsys/crc/CMakeFiles/subsys__crc.dir/crc16_sw.c.obj
[/mnt/host/source/src/platform/ec/build/zephyr/moonstone-ish-lcov]   /mnt/host/source/src/platform/ec/build/zephyr/moonstone-ish/build-singleimage/modules/pigweed/pw_log_zephyr/CMakeFiles/pw_log_zephyr.dir/log_zephyr.cc.gcno:no functions found
[/mnt/host/source/src/platform/ec/build/zephyr/moonstone-ish-lcov] geninfo: WARNING: using JSON module "JSON::PP" - which is much slower than some alternatives.  Consider installing one of JSON::XS or Cpanel::JSON::XS
[/mnt/host/source/src/platform/ec/build/zephyr/greenbayupoc-lcov]   /mnt/host/source/src/platform/ec/build/zephyr/greenbayupoc/build-rw/zephyr/CMakeFiles/zephyr.dir/soc/ite/ec/it8xxx2/check_regs.c.gcno:no functions found
[/mnt/host/source/src/platform/ec/build/zephyr/greenbayupoc-lcov] stderr:
[sanok:ro] [130/513] Building C object zephyr/subsys/crc/CMakeFiles/subsys__crc.dir/crc8_sw.c.obj
[sanok:ro] [131/513] Building C object zephyr/subsys/crc/CMakeFiles/subsys__crc.dir/crc7_sw.c.obj
[uldrenite:ro] [124/421] Building C object CMakeFiles/app.dir/mnt/host/source/src/platform/ec/build/zephyr/uldrenite/modules/ec/common/panic_output.c.obj
[uldrenite:rw] [286/421] Building C object zephyr/drivers/espi/CMakeFiles/drivers__espi.dir/host_subs_npcx.c.obj
[sanok:ro] [132/513] Building C object zephyr/subsys/crc/CMakeFiles/subsys__crc.dir/crc32c_sw.c.obj
[uldrenite:rw] [287/421] Building C object zephyr/drivers/eeprom/CMakeFiles/drivers__eeprom.dir/eeprom_shell.c.obj
[sanok:ro] [133/513] Building C object zephyr/subsys/crc/CMakeFiles/subsys__crc.dir/crc24_sw.c.obj
[uldrenite:rw] [288/421] Linking CXX static library zephyr/drivers/eeprom/libdrivers__eeprom.a
[sanok:ro] [134/513] Building C object zephyr/subsys/crc/CMakeFiles/subsys__crc.dir/crc32_sw.c.obj
[sanok:ro] [135/513] Building C object zephyr/subsys/crc/CMakeFiles/subsys__crc.dir/crc32k_4_2_sw.c.obj
[sanok:ro] [136/513] Linking C static library zephyr/subsys/crc/libsubsys__crc.a
[uldrenite:ro] [125/421] Building C object CMakeFiles/app.dir/mnt/host/source/src/platform/ec/build/zephyr/uldrenite/modules/ec/common/shared_mem.c.obj
[sanok:ro] [137/513] Building C object zephyr/drivers/clock_control/CMakeFiles/drivers__clock_control.dir/mnt/host/source/src/third_party/zephyr/main/misc/empty_file.c.obj
[ruby:rw] [110/394] Building C object CMakeFiles/app.dir/ruby/src/board_power.c.obj
[ruby:rw] [111/394] Building C object CMakeFiles/app.dir/ruby/src/keyboard_customization.c.obj
[uldrenite:rw] [289/421] Building C object zephyr/drivers/flash/CMakeFiles/drivers__flash.dir/jesd216.c.obj
[uldrenite:rw] [290/421] Building C object zephyr/drivers/espi/CMakeFiles/drivers__espi.dir/espi_npcx.c.obj
[sanok:ro] [138/513] Linking C static library zephyr/drivers/clock_control/libdrivers__clock_control.a
[uldrenite:ro] [126/421] Building C object CMakeFiles/app.dir/mnt/host/source/src/platform/ec/build/zephyr/uldrenite/modules/ec/common/switch.c.obj
[uldrenite:rw] [291/421] Linking CXX static library zephyr/drivers/espi/libdrivers__espi.a
[sanok:ro] [139/513] Building C object zephyr/drivers/interrupt_controller/CMakeFiles/drivers__interrupt_controller.dir/intc_plic.c.obj
[sanok:ro] [140/513] Building C object zephyr/drivers/cache/CMakeFiles/drivers__cache.dir/cache_andes.c.obj
[sanok:ro] [141/513] Linking C static library zephyr/drivers/interrupt_controller/libdrivers__interrupt_controller.a
[sanok:ro] [142/513] Linking C static library zephyr/drivers/cache/libdrivers__cache.a
[sanok:ro] [143/513] Building C object zephyr/drivers/usb/udc/CMakeFiles/drivers__usb__udc.dir/udc_common.c.obj
[sanok:ro] [144/513] Linking C static library zephyr/drivers/usb/udc/libdrivers__usb__udc.a
[uldrenite:rw] [292/421] Building C object zephyr/drivers/flash/CMakeFiles/drivers__flash.dir/flash_npcx_fiu_nor.c.obj
[uldrenite:ro] [127/421] Building C object CMakeFiles/app.dir/mnt/host/source/src/platform/ec/build/zephyr/uldrenite/modules/ec/common/spi_flash_reg.c.obj
[sanok:ro] [145/513] Building C object zephyr/drivers/crypto/CMakeFiles/drivers__crypto.dir/mnt/host/source/src/third_party/zephyr/main/misc/empty_file.c.obj
[sanok:ro] [146/513] Linking C static library zephyr/drivers/crypto/libdrivers__crypto.a
[sanok:ro] [147/513] Building C object zephyr/drivers/console/CMakeFiles/drivers__console.dir/uart_console.c.obj
[sanok:ro] [148/513] Building C object zephyr/drivers/entropy/CMakeFiles/drivers__entropy.dir/mnt/host/source/src/third_party/zephyr/main/misc/empty_file.c.obj
[sanok:ro] [149/513] Linking C static library zephyr/drivers/console/libdrivers__console.a
[sanok:ro] [150/513] Linking C static library zephyr/drivers/entropy/libdrivers__entropy.a
[uldrenite:rw] [293/421] Building C object zephyr/drivers/flash/CMakeFiles/drivers__flash.dir/flash_npcx_fiu_qspi.c.obj
[sanok:ro] [151/513] Building C object zephyr/drivers/counter/CMakeFiles/drivers__counter.dir/counter_andes_atcpit100.c.obj
[uldrenite:rw] [294/421] Linking CXX static library zephyr/drivers/flash/libdrivers__flash.a
[sanok:ro] [152/513] Linking C static library zephyr/drivers/counter/libdrivers__counter.a
[ruby:rw] [112/394] Building C object CMakeFiles/app.dir/ruby/src/touch_panel.c.obj
[ruby:rw] [113/394] Building C object CMakeFiles/app.dir/ruby/src/charger.c.obj
[uldrenite:ro] [128/421] Building C object CMakeFiles/app.dir/mnt/host/source/src/platform/ec/build/zephyr/uldrenite/modules/ec/common/tablet_mode.c.obj
[uldrenite:rw] [295/421] Building C object zephyr/drivers/gpio/CMakeFiles/drivers__gpio.dir/gpio_npcx.c.obj
[uldrenite:rw] [296/421] Building C object zephyr/drivers/i2c/CMakeFiles/drivers__i2c.dir/i2c_common.c.obj
[uldrenite:rw] [297/421] Linking CXX static library zephyr/drivers/gpio/libdrivers__gpio.a
[ruby:rw] [114/394] Linking C static library app/libapp.a
[/mnt/host/source/src/platform/ec/build/zephyr/moonstone-ish-lcov] stderr:
[sanok:ro] [153/513] Building C object zephyr/drivers/flash/CMakeFiles/drivers__flash.dir/flash_andes_qspi_xip.c.obj
[sanok:ro] [154/513] Building C object zephyr/drivers/hwinfo/CMakeFiles/drivers__hwinfo.dir/hwinfo_weak_impl.c.obj
[sanok:ro] [155/513] Linking C static library zephyr/drivers/hwinfo/libdrivers__hwinfo.a
[sanok:ro] [156/513] Linking C static library zephyr/drivers/flash/libdrivers__flash.a
[sanok:ro] [157/513] Building C object zephyr/drivers/pinctrl/CMakeFiles/drivers__pinctrl.dir/common.c.obj
[sanok:ro] [158/513] Building C object zephyr/drivers/gpio/CMakeFiles/drivers__gpio.dir/gpio_andes_atcgpio100.c.obj
[sanok:ro] [159/513] Linking C static library zephyr/drivers/pinctrl/libdrivers__pinctrl.a
[uldrenite:ro] [129/421] Building C object CMakeFiles/app.dir/mnt/host/source/src/platform/ec/build/zephyr/uldrenite/modules/ec/common/thermal.c.obj
[sanok:ro] [160/513] Linking C static library zephyr/drivers/gpio/libdrivers__gpio.a
[uldrenite:rw] [298/421] Building C object zephyr/drivers/i2c/CMakeFiles/drivers__i2c.dir/i2c_shell.c.obj
[ruby:rw] [115/394] Building C object zephyr/CMakeFiles/zephyr.dir/lib/libc/validate_libc.c.obj
[uldrenite:ro] [130/421] Building C object CMakeFiles/app.dir/mnt/host/source/src/platform/ec/build/zephyr/uldrenite/modules/ec/common/temp_sensor.c.obj
[uldrenite:rw] [299/421] Building C object zephyr/drivers/i2c/CMakeFiles/drivers__i2c.dir/i2c_npcx_controller_fifo.c.obj
[sanok:ro] [161/513] Building C object zephyr/drivers/syscon/CMakeFiles/drivers__syscon.dir/syscon.c.obj
[sanok:ro] [162/513] Linking C static library zephyr/drivers/syscon/libdrivers__syscon.a
[sanok:ro] [163/513] Building C object zephyr/drivers/serial/CMakeFiles/drivers__serial.dir/uart_ns16550.c.obj
[sanok:ro] [164/513] Building C object zephyr/drivers/timer/CMakeFiles/drivers__timer.dir/sys_clock_init.c.obj
[ruby:rw] [116/394] Building C object zephyr/CMakeFiles/zephyr.dir/lib/heap/heap.c.obj
[sanok:ro] [165/513] Linking C static library zephyr/drivers/serial/libdrivers__serial.a
[sanok:ro] [166/513] Building C object zephyr/drivers/spi/CMakeFiles/drivers__spi.dir/spi_egis_et171.c.obj
[uldrenite:rw] [300/421] Building C object zephyr/drivers/input/CMakeFiles/drivers__input.dir/input_kbd_matrix.c.obj
[uldrenite:rw] [301/421] Building C object zephyr/drivers/i2c/CMakeFiles/drivers__i2c.dir/i2c_npcx_controller.c.obj
[sanok:ro] [167/513] Linking C static library zephyr/drivers/spi/libdrivers__spi.a
[uldrenite:ro] [131/421] Building C object CMakeFiles/app.dir/mnt/host/source/src/platform/ec/build/zephyr/uldrenite/modules/ec/driver/temp_sensor/thermistor.c.obj
[uldrenite:rw] [302/421] Building C object zephyr/drivers/i2c/CMakeFiles/drivers__i2c.dir/i2c_npcx_port.c.obj
[uldrenite:rw] [303/421] Linking CXX static library zephyr/drivers/i2c/libdrivers__i2c.a
[uldrenite:rw] [304/421] Building C object zephyr/drivers/pinctrl/CMakeFiles/drivers__pinctrl.dir/common.c.obj
[sanok:ro] [168/513] Building C object zephyr/drivers/timer/CMakeFiles/drivers__timer.dir/riscv_machine_timer.c.obj
[/mnt/host/source/src/platform/ec/build/zephyr/moonstone-ish-lcov]   /mnt/host/source/src/platform/ec/build/zephyr/moonstone-ish/build-singleimage/modules/ec/zephyr/CMakeFiles/ec_shim.dir/shim/src/motionsense_sensors.c.gcno:no functions found
[/mnt/host/source/src/platform/ec/build/zephyr/moonstone-ish-lcov] stderr:
[sanok:ro] [169/513] Building C object zephyr/drivers/watchdog/CMakeFiles/drivers__watchdog.dir/wdt_andes_atcwdt200.c.obj
[uldrenite:rw] [305/421] Linking CXX static library zephyr/drivers/sensor/libdrivers__sensor.a
[/mnt/host/source/src/platform/ec/build/zephyr/moonstone-ish-lcov]   /mnt/host/source/src/platform/ec/build/zephyr/moonstone-ish/build-singleimage/modules/ec/zephyr/drivers/pw_transport/CMakeFiles/pw_transport.proto.nanopb.dir/pw_transport.proto/nanopb/pw_transport/proto/transport.pb.c.gcno:no functions found
[/mnt/host/source/src/platform/ec/build/zephyr/moonstone-ish-lcov] stderr:
[ruby:rw] [117/394] Building C object zephyr/CMakeFiles/zephyr.dir/lib/os/cbprintf_packaged.c.obj
[sanok:ro] [170/513] Linking C static library zephyr/drivers/timer/libdrivers__timer.a
[sanok:ro] [171/513] Linking C static library zephyr/drivers/watchdog/libdrivers__watchdog.a
[uldrenite:ro] [132/421] Building C object CMakeFiles/app.dir/mnt/host/source/src/platform/ec/build/zephyr/uldrenite/modules/ec/common/throttle_ap.c.obj
[sanok:ro] [172/513] Building C object modules/ec/zephyr/CMakeFiles/ec_shim.dir/app/ec/main_shim.c.obj
[sanok:ro] [173/513] Building C object modules/ec/zephyr/CMakeFiles/ec_shim.dir/app/ec/ec_app_main.c.obj
[uldrenite:rw] [306/421] Building C object zephyr/drivers/input/CMakeFiles/drivers__input.dir/input_npcx_kbd.c.obj
[uldrenite:ro] [133/421] Building C object CMakeFiles/app.dir/mnt/host/source/src/platform/ec/build/zephyr/uldrenite/modules/ec/common/timer.c.obj
[ruby:rw] [118/394] Building C object zephyr/CMakeFiles/zephyr.dir/lib/os/clock.c.obj
[uldrenite:rw] [307/421] Linking CXX static library zephyr/drivers/input/libdrivers__input.a
[uldrenite:rw] [308/421] Building C object zephyr/drivers/pinctrl/CMakeFiles/drivers__pinctrl.dir/pinctrl_npcx.c.obj
[sanok:ro] [174/513] Building C object modules/ec/zephyr/CMakeFiles/ec_shim.dir/drivers/cros_flash/cros_flash_andestech_xip.c.obj
[uldrenite:rw] [309/421] Linking CXX static library zephyr/drivers/pinctrl/libdrivers__pinctrl.a
[sanok:ro] [175/513] Building C object modules/ec/zephyr/CMakeFiles/ec_shim.dir/shim/chip/egis/mpu.c.obj
[uldrenite:rw] [310/421] Building C object zephyr/drivers/pwm/CMakeFiles/drivers__pwm.dir/pwm_npcx.c.obj
[uldrenite:rw] [311/421] Building C object zephyr/drivers/pwm/CMakeFiles/drivers__pwm.dir/pwm_shell.c.obj
[sanok:ro] [176/513] Building C object modules/ec/zephyr/CMakeFiles/ec_shim.dir/libc/exit.c.obj
[uldrenite:ro] [134/421] Building C object CMakeFiles/app.dir/mnt/host/source/src/platform/ec/build/zephyr/uldrenite/modules/ec/common/usb_port_power_dumb.c.obj
[sanok:ro] [177/513] Building C object modules/ec/zephyr/CMakeFiles/ec_shim.dir/drivers/cros_system/cros_system_et171.c.obj
[uldrenite:rw] [312/421] Linking CXX static library zephyr/drivers/pwm/libdrivers__pwm.a
[ruby:rw] [119/394] Building C object zephyr/CMakeFiles/zephyr.dir/lib/os/printk.c.obj
[sanok:ro] [178/513] Building C object modules/ec/zephyr/CMakeFiles/ec_shim.dir/shim/chip/egis/clock.c.obj
[uldrenite:ro] [135/421] Building C object CMakeFiles/app.dir/mnt/host/source/src/platform/ec/build/zephyr/uldrenite/modules/ec/common/usbc_utils.c.obj
[uldrenite:rw] [313/421] Building C object zephyr/drivers/sensor/nuvoton/nuvoton_adc_cmp_npcx/CMakeFiles/drivers__sensor__nuvoton__nuvoton_adc_cmp_npcx.dir/adc_cmp_npcx.c.obj
[uldrenite:rw] [314/421] Linking CXX static library zephyr/drivers/sensor/nuvoton/nuvoton_adc_cmp_npcx/libdrivers__sensor__nuvoton__nuvoton_adc_cmp_npcx.a
[ruby:rw] [120/394] Building C object zephyr/CMakeFiles/zephyr.dir/lib/os/sem.c.obj
[sanok:ro] [179/513] Building C object modules/ec/zephyr/CMakeFiles/ec_shim.dir/shim/chip/egis/system.c.obj
[uldrenite:rw] [315/421] Building C object zephyr/drivers/syscon/CMakeFiles/drivers__syscon.dir/syscon.c.obj
[sanok:ro] [180/513] Building C object modules/ec/zephyr/CMakeFiles/ec_shim.dir/shim/chip/egis/enter_bootloader.c.obj
[sanok:ro] [181/513] Building C object modules/ec/zephyr/CMakeFiles/ec_shim.dir/shim/core/riscv/mpu.c.obj
[uldrenite:rw] [316/421] Building C object zephyr/drivers/serial/CMakeFiles/drivers__serial.dir/uart_npcx.c.obj
[uldrenite:rw] [317/421] Building C object zephyr/drivers/timer/CMakeFiles/drivers__timer.dir/sys_clock_init.c.obj
[sanok:ro] [182/513] Building C object modules/ec/zephyr/CMakeFiles/ec_shim.dir/shim/src/crc.c.obj
[uldrenite:rw] [318/421] Linking CXX static library zephyr/drivers/syscon/libdrivers__syscon.a
[uldrenite:rw] [319/421] Linking CXX static library zephyr/drivers/serial/libdrivers__serial.a
[sanok:ro] [183/513] Building C object modules/ec/zephyr/CMakeFiles/ec_shim.dir/shim/src/console.c.obj
[ruby:rw] [121/394] Building C object zephyr/CMakeFiles/zephyr.dir/lib/os/thread_entry.c.obj
[uldrenite:ro] [136/421] Building C object CMakeFiles/app.dir/mnt/host/source/src/platform/ec/build/zephyr/uldrenite/modules/ec/common/usb_common.c.obj
[uldrenite:ro] [137/421] Building C object CMakeFiles/app.dir/mnt/host/source/src/platform/ec/build/zephyr/uldrenite/modules/ec/common/chargen.c.obj
[ruby:rw] [122/394] Building C object zephyr/CMakeFiles/zephyr.dir/lib/os/cbprintf_nano.c.obj
[uldrenite:rw] [320/421] Building C object zephyr/drivers/timer/CMakeFiles/drivers__timer.dir/npcx_itim_timer.c.obj
[uldrenite:rw] [321/421] Linking CXX static library zephyr/drivers/timer/libdrivers__timer.a
[sanok:ro] [184/513] Building C object modules/ec/zephyr/CMakeFiles/ec_shim.dir/shim/src/gpio_int.c.obj
[sanok:ro] [185/513] Building C object modules/ec/zephyr/CMakeFiles/ec_shim.dir/shim/src/panic_utils.c.obj
[uldrenite:ro] [138/421] Building C object CMakeFiles/app.dir/mnt/host/source/src/platform/ec/build/zephyr/uldrenite/modules/ec/common/usb_pd_host_cmd_common.c.obj
[/mnt/host/source/src/platform/ec/build/zephyr/greenbayupoc-lcov]   /mnt/host/source/src/platform/ec/build/zephyr/greenbayupoc/build-rw/zephyr/drivers/sensor/CMakeFiles/drivers__sensor.dir/mnt/host/source/src/third_party/zephyr/main/misc/empty_file.c.gcno:no functions found
[/mnt/host/source/src/platform/ec/build/zephyr/greenbayupoc-lcov] Filter suppressions 'region':
[uldrenite:rw] [322/421] Building C object zephyr/drivers/watchdog/CMakeFiles/drivers__watchdog.dir/wdt_npcx.c.obj
[sanok:ro] [186/513] Building C object modules/ec/zephyr/CMakeFiles/ec_shim.dir/shim/src/gpio.c.obj
[sanok:ro] [187/513] Building C object modules/ec/zephyr/CMakeFiles/ec_shim.dir/shim/src/pm_state.c.obj
[/mnt/host/source/src/platform/ec/build/zephyr/greenbayupoc-lcov]     35 instances
[/mnt/host/source/src/platform/ec/build/zephyr/greenbayupoc-lcov]     26 coverpoints
[/mnt/host/source/src/platform/ec/build/zephyr/greenbayupoc-lcov] Message summary:
[/mnt/host/source/src/platform/ec/build/zephyr/greenbayupoc-lcov]   26 ignore messages:
[/mnt/host/source/src/platform/ec/build/zephyr/greenbayupoc-lcov]     gcov: 26
[ruby:rw] [123/394] Building C object zephyr/CMakeFiles/zephyr.dir/lib/os/cbprintf.c.obj
[uldrenite:rw] [323/421] Building C object modules/ec/zephyr/CMakeFiles/ec_shim.dir/app/ec/main_shim.c.obj
[ruby:rw] [124/394] Building C object zephyr/CMakeFiles/zephyr.dir/lib/utils/base64.c.obj
[ruby:rw] [125/394] Building C object zephyr/CMakeFiles/zephyr.dir/lib/os/assert.c.obj
[uldrenite:rw] [324/421] Building C object modules/ec/zephyr/CMakeFiles/ec_shim.dir/app/ec/ec_app_main.c.obj
[uldrenite:rw] [325/421] Building C object zephyr/drivers/watchdog/CMakeFiles/drivers__watchdog.dir/wdt_shell.c.obj
[sanok:ro] [188/513] Building C object modules/ec/zephyr/CMakeFiles/ec_shim.dir/shim/src/flash.c.obj
[ruby:rw] [126/394] Building C object zephyr/CMakeFiles/zephyr.dir/lib/utils/dec.c.obj
[sanok:ro] [189/513] Building C object modules/ec/zephyr/CMakeFiles/ec_shim.dir/shim/src/system.c.obj
[uldrenite:rw] [326/421] Linking CXX static library zephyr/drivers/watchdog/libdrivers__watchdog.a
[sanok:ro] [190/513] Building C object modules/ec/zephyr/CMakeFiles/ec_shim.dir/shim/src/host_command.c.obj
[ruby:rw] [127/394] Building C object zephyr/CMakeFiles/zephyr.dir/lib/utils/hex.c.obj
[uldrenite:rw] [327/421] Building C object modules/ec/zephyr/CMakeFiles/ec_shim.dir/drivers/keyboard_input/keyboard_customization_check.c.obj
[sanok:ro] [191/513] Building C object modules/ec/zephyr/CMakeFiles/ec_shim.dir/shim/src/hooks.c.obj
[uldrenite:ro] [139/421] Building C object CMakeFiles/app.dir/mnt/host/source/src/platform/ec/build/zephyr/uldrenite/modules/ec/common/vboot_hash.c.obj
[uldrenite:rw] [328/421] Building C object modules/ec/zephyr/CMakeFiles/ec_shim.dir/drivers/cros_flash/cros_flash_npcx.c.obj
[uldrenite:ro] [140/421] Building C object CMakeFiles/app.dir/mnt/host/source/src/platform/ec/build/zephyr/uldrenite/modules/ec/common/vboot/efs2.c.obj
[uldrenite:ro] [141/421] Building C object CMakeFiles/app.dir/mnt/host/source/src/platform/ec/build/zephyr/uldrenite/modules/ec/common/vstore.c.obj
[ruby:rw] [128/394] Building C object zephyr/CMakeFiles/zephyr.dir/lib/utils/timeutil.c.obj
[uldrenite:rw] [329/421] Building C object modules/ec/zephyr/CMakeFiles/ec_shim.dir/mnt/host/source/src/platform/ec/build/zephyr/uldrenite/modules/ec/common/lid_angle_keyboard_policy.c.obj
[uldrenite:rw] [330/421] Building C object modules/ec/zephyr/CMakeFiles/ec_shim.dir/drivers/cros_system/cros_system_npcx.c.obj
[sanok:ro] [192/513] Building C object modules/ec/zephyr/CMakeFiles/ec_shim.dir/shim/src/mkbp_event.c.obj
[sanok:ro] [193/513] Building C object modules/ec/zephyr/CMakeFiles/ec_shim.dir/shim/src/log_backend_console_buffer.c.obj
[uldrenite:rw] [331/421] Building C object modules/ec/zephyr/CMakeFiles/ec_shim.dir/drivers/hibernate/hibernate_z5.c.obj
[sanok:ro] [194/513] Building C object modules/ec/zephyr/CMakeFiles/ec_shim.dir/shim/src/console_buffer.c.obj
[ruby:rw] [129/394] Building C object zephyr/CMakeFiles/zephyr.dir/lib/utils/rb.c.obj
[sanok:ro] [195/513] Building C object modules/ec/zephyr/CMakeFiles/ec_shim.dir/shim/src/panic.c.obj
[uldrenite:rw] [332/421] Building C object modules/ec/zephyr/CMakeFiles/ec_shim.dir/drivers/keyboard_input/col_gpio_drive.c.obj
[uldrenite:rw] [333/421] Building C object modules/ec/zephyr/CMakeFiles/ec_shim.dir/drivers/keyboard_input/keyboard_input.c.obj
[uldrenite:rw] [334/421] Building C object modules/ec/zephyr/CMakeFiles/ec_shim.dir/drivers/usbc/ucsi_v3.c.obj
[ruby:rw] [130/394] Building C object zephyr/CMakeFiles/zephyr.dir/lib/utils/bitmask.c.obj
[sanok:ro] [196/513] Building C object modules/ec/zephyr/CMakeFiles/ec_shim.dir/shim/src/hwtimer.c.obj
[uldrenite:ro] [142/421] Building C object CMakeFiles/app.dir/mnt/host/source/src/platform/ec/build/zephyr/uldrenite/modules/ec/common/math_util.c.obj
[sanok:ro] [197/513] Building C object modules/ec/zephyr/CMakeFiles/ec_shim.dir/shim/src/random.c.obj
[ruby:rw] [131/394] Building C object zephyr/CMakeFiles/zephyr.dir/lib/utils/bitarray.c.obj
[uldrenite:ro] [143/421] Building C object CMakeFiles/app.dir/src/board_power.c.obj
[uldrenite:ro] [144/421] Building C object CMakeFiles/app.dir/uldrenite/src/touch_panel.c.obj
[sanok:ro] [198/513] Building C object modules/ec/zephyr/CMakeFiles/ec_shim.dir/shim/src/tasks.c.obj
[uldrenite:rw] [335/421] Building C object modules/ec/zephyr/CMakeFiles/ec_shim.dir/drivers/keyboard_factory_test/keyboard_factory_test.c.obj
[sanok:ro] [199/513] cd /mnt/host/source/src/platform/ec/build/zephyr/sanok/build-ro/modules/ec/zephyr && PYTHONPATH=/mnt/host/source/src/platform/ec/build/zephyr/sanok/modules/ec/zephyr/zmake/ /usr/bin/python3.11 /mnt/host/source/src/platform/ec/build/zephyr/sanok/modules/ec/zephyr/zmake/zephyr_build_tools/generate_ec_version.py /mnt/host/source/src/platform/ec/build/zephyr/sanok/build-ro/modules/ec/zephyr/include/ec_version.h --name Zephyr-Kernel --version 16543.0.0 --static
[sanok:ro] INFO:root:Using a static version string
[sanok:ro] INFO:root:Version string: Zephyr-Kernel-16543.0.0
[sanok:ro] INFO:root:Writing header to /mnt/host/source/src/platform/ec/build/zephyr/sanok/build-ro/modules/ec/zephyr/include/ec_version.h
[sanok:ro] [200/513] Building C object modules/ec/zephyr/CMakeFiles/ec_shim.dir/shim/src/watchdog.c.obj
[sanok:ro] [201/513] Building C object modules/ec/zephyr/CMakeFiles/ec_shim.dir/shim/src/sha256_hw.c.obj
[sanok:ro] [202/513] Building C object modules/ec/zephyr/CMakeFiles/ec_shim.dir/shim/src/usbc_stub.c.obj
[ruby:rw] [132/394] Building C object zephyr/CMakeFiles/zephyr.dir/lib/utils/getopt/getopt.c.obj
[uldrenite:rw] [336/421] Building C object modules/ec/zephyr/CMakeFiles/ec_shim.dir/drivers/usbc/tps6699x_cmd.c.obj
[uldrenite:rw] [337/421] Building C object modules/ec/zephyr/CMakeFiles/ec_shim.dir/drivers/vivaldi_kbd/vivaldi_kbd.c.obj
[uldrenite:rw] [338/421] Building C object modules/ec/zephyr/CMakeFiles/ec_shim.dir/drivers/runtime_keys/runtime_keys.c.obj
[ruby:rw] [133/394] Building C object zephyr/CMakeFiles/zephyr.dir/lib/utils/ring_buffer.c.obj
[sanok:ro] [203/513] Building C object CMakeFiles/app.dir/mnt/host/source/src/platform/ec/zephyr/subsys/ap_pwrseq/ap_events.c.obj
[ruby:rw] [134/394] Building C object zephyr/CMakeFiles/zephyr.dir/lib/utils/getopt/getopt_common.c.obj
[/mnt/host/source/src/platform/ec/build/zephyr/moonstone-ish-lcov]   /mnt/host/source/src/platform/ec/build/zephyr/moonstone-ish/build-singleimage/modules/ec/zephyr/drivers/dsp_comms/CMakeFiles/dsp_comms.proto.nanopb.dir/dsp_comms.proto/nanopb/proto/ec_dsp.pb.c.gcno:no functions found
[/mnt/host/source/src/platform/ec/build/zephyr/moonstone-ish-lcov] stderr:
[uldrenite:ro] [145/421] Building C object CMakeFiles/app.dir/uldrenite/src/sensor.c.obj
[uldrenite:rw] [339/421] Building C object modules/ec/zephyr/CMakeFiles/ec_shim.dir/drivers/boot_keys/boot_keys.c.obj
[ruby:rw] [135/394] Building C object zephyr/CMakeFiles/zephyr.dir/lib/utils/last_section_id.c.obj
[uldrenite:ro] [146/421] Building C object CMakeFiles/app.dir/uldrenite/src/keyboard_customization.c.obj
[ruby:rw] [136/394] Building C object zephyr/CMakeFiles/zephyr.dir/misc/generated/configs.c.obj
[sanok:ro] [204/513] Building C object CMakeFiles/app.dir/mnt/host/source/src/platform/ec/build/zephyr/sanok/modules/ec/builtin/stdlib.c.obj
[sanok:ro] [205/513] Building C object CMakeFiles/app.dir/mnt/host/source/src/platform/ec/zephyr/subsys/usbd_service/usbd_init.c.obj
[sanok:ro] [206/513] Building C object CMakeFiles/app.dir/mnt/host/source/src/platform/ec/build/zephyr/sanok/modules/ec/common/base32.c.obj
[uldrenite:rw] [340/421] Building C object modules/ec/zephyr/CMakeFiles/ec_shim.dir/shim/chip/npcx/clock.c.obj
[uldrenite:ro] [147/421] Building C object CMakeFiles/app.dir/uldrenite/src/mp2964_update.c.obj
[sanok:ro] [207/513] Building C object CMakeFiles/app.dir/mnt/host/source/src/platform/ec/build/zephyr/sanok/modules/ec/common/console_output.c.obj
[uldrenite:rw] [341/421] Building C object modules/ec/zephyr/CMakeFiles/ec_shim.dir/shim/chip/npcx/rom_chip.c.obj
[sanok:ro] [208/513] Building C object CMakeFiles/app.dir/mnt/host/source/src/platform/ec/build/zephyr/sanok/modules/ec/common/ec_features.c.obj
[sanok:ro] [209/513] Building C object CMakeFiles/app.dir/mnt/host/source/src/platform/ec/build/zephyr/sanok/modules/ec/common/peripheral.c.obj
[sanok:ro] [210/513] Building C object CMakeFiles/app.dir/mnt/host/source/src/platform/ec/build/zephyr/sanok/modules/ec/common/gpio_commands.c.obj
[ruby:rw] [137/394] Building C object zephyr/CMakeFiles/zephyr.dir/soc/nuvoton/npcx/common/power.c.obj
[ruby:rw] [138/394] Building C object zephyr/CMakeFiles/zephyr.dir/soc/nuvoton/npcx/common/scfg.c.obj
[uldrenite:rw] [342/421] Building C object modules/ec/zephyr/CMakeFiles/ec_shim.dir/shim/chip/npcx/system.c.obj
[uldrenite:ro] [148/421] Building C object CMakeFiles/app.dir/uldrenite/src/thermal.c.obj
[uldrenite:ro] [149/421] Building C object CMakeFiles/app.dir/uldrenite/src/usbc_runtime.c.obj
[uldrenite:rw] [343/421] Building C object modules/ec/zephyr/CMakeFiles/ec_shim.dir/shim/chip/npcx/system_external_storage.c.obj
[uldrenite:rw] [344/421] Building C object modules/ec/zephyr/CMakeFiles/ec_shim.dir/drivers/usbc/pdc_tps6699x.c.obj
[uldrenite:ro] [150/421] Building C object zephyr/CMakeFiles/zephyr.dir/lib/cpp/abi/cpp_dtors.c.obj
[sanok:ro] [211/513] Building C object CMakeFiles/app.dir/mnt/host/source/src/platform/ec/build/zephyr/sanok/modules/ec/common/printf.c.obj
[uldrenite:rw] [345/421] Building C object modules/ec/zephyr/CMakeFiles/ec_shim.dir/shim/chip/npcx/power_policy.c.obj
[uldrenite:rw] [346/421] Building C object modules/ec/zephyr/CMakeFiles/ec_shim.dir/shim/src/crc.c.obj
[uldrenite:rw] [347/421] Building C object modules/ec/zephyr/CMakeFiles/ec_shim.dir/shim/chip/npcx/gpio.c.obj
[uldrenite:ro] [151/421] Building C object CMakeFiles/app.dir/uldrenite/src/codec.c.obj
[sanok:ro] [212/513] Building C object CMakeFiles/app.dir/mnt/host/source/src/platform/ec/build/zephyr/sanok/modules/ec/common/system_boot_time.c.obj
[sanok:ro] [213/513] Building C object CMakeFiles/app.dir/mnt/host/source/src/platform/ec/build/zephyr/sanok/modules/ec/common/queue.c.obj
[sanok:ro] [214/513] Building C object CMakeFiles/app.dir/mnt/host/source/src/platform/ec/build/zephyr/sanok/modules/ec/common/system.c.obj
[uldrenite:ro] [152/421] Linking CXX static library app/libapp.a
[ruby:rw] [139/394] Building C object zephyr/CMakeFiles/zephyr.dir/soc/nuvoton/npcx/common/npcxn/registers.c.obj
[uldrenite:rw] [348/421] Building C object modules/ec/zephyr/CMakeFiles/ec_shim.dir/shim/core/cortex-m/mpu.c.obj
[uldrenite:rw] [349/421] Building C object modules/ec/zephyr/CMakeFiles/ec_shim.dir/shim/core/cortex-m/panic.c.obj
[ruby:rw] [140/394] Building C object zephyr/CMakeFiles/zephyr.dir/soc/nuvoton/npcx/npcx9/soc.c.obj
[uldrenite:ro] [153/421] Building C object zephyr/CMakeFiles/zephyr.dir/lib/libc/validate_libc.c.obj
[sanok:ro] [215/513] Building C object CMakeFiles/app.dir/mnt/host/source/src/platform/ec/build/zephyr/sanok/modules/ec/common/uart_printf.c.obj
[uldrenite:ro] [154/421] Building C object zephyr/CMakeFiles/zephyr.dir/lib/heap/heap.c.obj
[sanok:ro] [216/513] Building C object CMakeFiles/app.dir/mnt/host/source/src/platform/ec/build/zephyr/sanok/modules/ec/common/version.c.obj
[/mnt/host/source/src/platform/ec/build/zephyr/moonstone-ish-lcov]   /mnt/host/source/src/platform/ec/build/zephyr/moonstone-ish/build-singleimage/zephyr/arch/arch/x86/core/CMakeFiles/arch__x86__core.dir/spec_ctrl.c.gcno:no functions found
[/mnt/host/source/src/platform/ec/build/zephyr/moonstone-ish-lcov] stderr:
[sanok:ro] [217/513] Building C object CMakeFiles/app.dir/mnt/host/source/src/platform/ec/build/zephyr/sanok/modules/ec/common/util.c.obj
[uldrenite:rw] [350/421] Building C object modules/ec/zephyr/CMakeFiles/ec_shim.dir/shim/src/console.c.obj
[sanok:ro] [218/513] Building C object CMakeFiles/app.dir/mnt/host/source/src/platform/ec/build/zephyr/sanok/modules/ec/common/memory_commands.c.obj
[uldrenite:rw] [351/421] Building C object modules/ec/zephyr/CMakeFiles/ec_shim.dir/shim/src/gpio_int.c.obj
[uldrenite:rw] [352/421] Building C object modules/ec/zephyr/CMakeFiles/ec_shim.dir/shim/src/panic_utils.c.obj
[ruby:rw] [141/394] Building C object zephyr/CMakeFiles/zephyr.dir/subsys/logging/log_minimal.c.obj
[uldrenite:ro] [155/421] Building C object zephyr/CMakeFiles/zephyr.dir/lib/os/cbprintf_packaged.c.obj
[sanok:ro] [219/513] Building C object CMakeFiles/app.dir/mnt/host/source/src/platform/ec/build/zephyr/sanok/modules/ec/common/ap_reset_log.c.obj
[uldrenite:rw] [353/421] Building C object modules/ec/zephyr/CMakeFiles/ec_shim.dir/shim/src/gpio.c.obj
[uldrenite:rw] [354/421] Building C object modules/ec/zephyr/CMakeFiles/ec_shim.dir/shim/src/pm_state.c.obj
[ruby:rw] [142/394] Building C object zephyr/CMakeFiles/zephyr.dir/subsys/mem_mgmt/mem_attr.c.obj
[uldrenite:ro] [156/421] Building C object zephyr/CMakeFiles/zephyr.dir/lib/os/clock.c.obj
[uldrenite:rw] [355/421] Building C object modules/ec/zephyr/CMakeFiles/ec_shim.dir/shim/src/cbi/cros_cbi.c.obj
[sanok:ro] [220/513] Building C object CMakeFiles/app.dir/mnt/host/source/src/platform/ec/build/zephyr/sanok/modules/ec/common/flash.c.obj
[uldrenite:ro] [157/421] Building C object zephyr/CMakeFiles/zephyr.dir/lib/os/printk.c.obj
[sanok:ro] [221/513] Building C object CMakeFiles/app.dir/mnt/host/source/src/platform/ec/build/zephyr/sanok/modules/ec/common/host_event_commands.c.obj
[sanok:ro] [222/513] Building C object CMakeFiles/app.dir/mnt/host/source/src/platform/ec/build/zephyr/sanok/modules/ec/common/host_command.c.obj
[sanok:ro] [223/513] Building C object CMakeFiles/app.dir/mnt/host/source/src/platform/ec/build/zephyr/sanok/modules/ec/common/uart_hostcmd.c.obj
[ruby:rw] [143/394] Building C object zephyr/CMakeFiles/zephyr.dir/subsys/pm/state.c.obj
[uldrenite:ro] [158/421] Building C object zephyr/CMakeFiles/zephyr.dir/lib/os/sem.c.obj
[ruby:rw] [144/394] Building C object zephyr/CMakeFiles/zephyr.dir/subsys/pm/pm.c.obj
[uldrenite:rw] [356/421] Building C object modules/ec/zephyr/CMakeFiles/ec_shim.dir/shim/src/cbi/cros_cbi_ssfc.c.obj
[uldrenite:rw] [357/421] Building C object modules/ec/zephyr/CMakeFiles/ec_shim.dir/shim/src/cbi/cros_cbi_fw_config.c.obj
[uldrenite:rw] [358/421] Building C object modules/ec/zephyr/CMakeFiles/ec_shim.dir/shim/src/cbi/cbi_transfer.c.obj
[uldrenite:ro] [159/421] Building C object zephyr/CMakeFiles/zephyr.dir/lib/os/thread_entry.c.obj
[sanok:ro] [224/513] Building C object CMakeFiles/app.dir/mnt/host/source/src/platform/ec/build/zephyr/sanok/modules/ec/common/uptime.c.obj
[sanok:ro] [225/513] Building C object CMakeFiles/app.dir/mnt/host/source/src/platform/ec/build/zephyr/sanok/modules/ec/common/mkbp_event.c.obj
[uldrenite:ro] [160/421] Building C object zephyr/CMakeFiles/zephyr.dir/lib/os/cbprintf_nano.c.obj
[uldrenite:rw] [359/421] Building C object modules/ec/zephyr/CMakeFiles/ec_shim.dir/shim/src/cbi/cbi_flash.c.obj
[uldrenite:rw] [360/421] Building C object modules/ec/zephyr/CMakeFiles/ec_shim.dir/shim/src/cbi/cbi_eeprom.c.obj
[sanok:ro] [226/513] Building C object CMakeFiles/app.dir/mnt/host/source/src/platform/ec/build/zephyr/sanok/modules/ec/common/mkbp_fifo.c.obj
[sanok:ro] [227/513] Building C object CMakeFiles/app.dir/mnt/host/source/src/platform/ec/build/zephyr/sanok/modules/ec/common/panic_output.c.obj
[uldrenite:ro] [161/421] Building C object zephyr/CMakeFiles/zephyr.dir/lib/utils/dec.c.obj
[uldrenite:rw] [361/421] Building C object modules/ec/zephyr/CMakeFiles/ec_shim.dir/shim/src/led_driver/led.c.obj
[uldrenite:ro] [162/421] Building C object zephyr/CMakeFiles/zephyr.dir/lib/utils/hex.c.obj
[ruby:rw] [145/394] Building C object zephyr/CMakeFiles/zephyr.dir/subsys/pm/policy/policy_latency.c.obj
[ruby:rw] [146/394] Building C object zephyr/CMakeFiles/zephyr.dir/subsys/pm/policy/policy_events.c.obj
[uldrenite:ro] [163/421] Building C object zephyr/CMakeFiles/zephyr.dir/lib/os/assert.c.obj
[sanok:ro] [228/513] Building C object CMakeFiles/app.dir/mnt/host/source/src/platform/ec/build/zephyr/sanok/modules/ec/common/vboot/vb21_lib.c.obj
[sanok:ro] [229/513] Building C object CMakeFiles/app.dir/mnt/host/source/src/platform/ec/build/zephyr/sanok/modules/ec/common/rsa.c.obj
[uldrenite:rw] [362/421] Building C object modules/ec/zephyr/CMakeFiles/ec_shim.dir/shim/src/led_driver/led_pwm.c.obj
[uldrenite:ro] [164/421] Building C object zephyr/CMakeFiles/zephyr.dir/lib/utils/timeutil.c.obj
[sanok:ro] [230/513] Building C object CMakeFiles/app.dir/mnt/host/source/src/platform/ec/build/zephyr/sanok/modules/ec/common/vboot/common.c.obj
[sanok:ro] [231/513] Building C object CMakeFiles/app.dir/mnt/host/source/src/platform/ec/build/zephyr/sanok/modules/ec/common/rwsig.c.obj
[uldrenite:rw] [363/421] Building C object modules/ec/zephyr/CMakeFiles/ec_shim.dir/shim/src/pdc_shim.c.obj
[uldrenite:rw] [364/421] Building C object modules/ec/zephyr/CMakeFiles/ec_shim.dir/shim/src/battery.c.obj
[uldrenite:ro] [165/421] Building C object zephyr/CMakeFiles/zephyr.dir/lib/utils/bitmask.c.obj
[uldrenite:ro] [166/421] Building C object zephyr/CMakeFiles/zephyr.dir/lib/utils/rb.c.obj
[ruby:rw] [147/394] Building C object zephyr/CMakeFiles/zephyr.dir/subsys/pm/policy/policy_state_lock.c.obj
[uldrenite:rw] [365/421] Building C object modules/ec/zephyr/CMakeFiles/ec_shim.dir/shim/src/system.c.obj
[uldrenite:rw] [366/421] Building C object modules/ec/zephyr/CMakeFiles/ec_shim.dir/shim/src/charger.c.obj
[ruby:rw] [148/394] Building C object zephyr/CMakeFiles/zephyr.dir/subsys/pm/device.c.obj
[uldrenite:rw] [367/421] Building C object modules/ec/zephyr/CMakeFiles/ec_shim.dir/shim/src/adc.c.obj
[sanok:ro] [232/513] Building C object CMakeFiles/app.dir/mnt/host/source/src/platform/ec/build/zephyr/sanok/modules/ec/libc/sbrk.c.obj
[uldrenite:ro] [167/421] Building C object zephyr/CMakeFiles/zephyr.dir/lib/utils/bitarray.c.obj
[sanok:ro] [233/513] Building C object CMakeFiles/app.dir/mnt/host/source/src/platform/ec/build/zephyr/sanok/modules/ec/common/rollback.c.obj
[sanok:ro] [234/513] Building C object CMakeFiles/app.dir/mnt/host/source/src/platform/ec/build/zephyr/sanok/modules/ec/common/spi_flash_reg.c.obj
[sanok:ro] [235/513] Building C object CMakeFiles/app.dir/mnt/host/source/src/platform/ec/build/zephyr/sanok/modules/ec/common/shared_mem_libc.c.obj
[uldrenite:ro] [168/421] Building C object zephyr/CMakeFiles/zephyr.dir/lib/utils/ring_buffer.c.obj
[uldrenite:rw] [368/421] Building C object modules/ec/zephyr/CMakeFiles/ec_shim.dir/shim/src/chipset_api.c.obj
[uldrenite:ro] [169/421] Building C object zephyr/CMakeFiles/zephyr.dir/lib/utils/last_section_id.c.obj
[uldrenite:ro] [170/421] Building C object zephyr/CMakeFiles/zephyr.dir/lib/utils/getopt/getopt.c.obj
[uldrenite:ro] [171/421] Building C object zephyr/CMakeFiles/zephyr.dir/lib/utils/getopt/getopt_common.c.obj
[sanok:ro] [236/513] Building C object CMakeFiles/app.dir/mnt/host/source/src/platform/ec/build/zephyr/sanok/modules/ec/common/math_util.c.obj
[sanok:ro] [237/513] Building C object CMakeFiles/app.dir/mnt/host/source/src/platform/ec/build/zephyr/sanok/modules/ec/common/timer.c.obj
[sanok:ro] [238/513] Building C object CMakeFiles/app.dir/et171/src/platform.c.obj
[sanok:ro] FAILED: CMakeFiles/app.dir/et171/src/platform.c.obj 
[sanok:ro] ccache /usr/bin/riscv32-cros-elf-clang --target=riscv32-cros-elf -DCHROMIUM_EC -DCONFIG_ZEPHYR -DKERNEL -DK_HEAP_MEM_POOL_SIZE=1024 -DZVFS_OPEN_SIZE=3 -D_ANSI_SOURCE -D_POSIX_CPUTIME=200809L -D_POSIX_C_SOURCE=200809L -D_POSIX_MONOTONIC_CLOCK=200809L -D_POSIX_THREADS=200809L -D_POSIX_THREAD_SAFE_FUNCTIONS=200809L -D_POSIX_TIMERS=200809L -D__LINUX_ERRNO_EXTENSIONS__ -D__ZEPHYR__=1 -I/mnt/host/source/src/platform/ec/zephyr/include -I/mnt/host/source/src/platform/ec/build/zephyr/sanok/modules/ec/zephyr/shim/include -I/mnt/host/source/src/platform/ec/build/zephyr/sanok/modules/ec/fuzz -I/mnt/host/source/src/platform/ec/build/zephyr/sanok/modules/ec/test -I/mnt/host/source/src/platform/ec/build/zephyr/sanok/modules/ec -I/mnt/host/source/src/platform/ec/build/zephyr/sanok/modules/ec/include -I/mnt/host/source/src/platform/ec/build/zephyr/sanok/modules/ec/include/driver -I/mnt/host/source/src/platform/ec/build/zephyr/sanok/modules/ec/third_party -I/mnt/host/source/src/platform/ec/zephyr/subsys/ap_pwrseq/include -I/mnt/host/source/src/platform/ec/zephyr/app/ec/include -I/mnt/host/source/src/platform/ec/zephyr/emul/include -I/mnt/host/source/src/platform/ec/zephyr/fake/include -I/mnt/host/source/src/platform/ec/zephyr/mock/include -I/mnt/host/source/src/platform/ec/zephyr/shim/chip/egis/include -I/mnt/host/source/src/platform/ec/build/zephyr/sanok/build-ro/zephyr/include/generated/zephyr -I/mnt/host/source/src/third_party/zephyr/main/include -I/mnt/host/source/src/platform/ec/build/zephyr/sanok/build-ro/zephyr/include/generated -I/mnt/host/source/src/third_party/zephyr/main/soc/egis -I/mnt/host/source/src/third_party/zephyr/main/arch/riscv/custom/andes/. -I/mnt/host/source/src/third_party/zephyr/main/lib/libc/newlib/include -I/mnt/host/source/src/third_party/zephyr/main/lib/posix/c_lib_ext/getopt -I/mnt/host/source/src/third_party/zephyr/main/include/zephyr/posix -I/mnt/host/source/src/third_party/zephyr/main/lib/midi2/. -I/mnt/host/source/src/third_party/zephyr/main/soc/common/riscv-privileged/. -I/mnt/host/source/src/third_party/zephyr/main/soc/egis/et171/. -I/mnt/host/source/src/third_party/zephyr/main/subsys/testsuite/coverage -I/mnt/host/source/src/platform/ec/build/zephyr/sanok/include -I/mnt/host/source/src/platform/ec/build/zephyr/sanok/modules/ec/zephyr -I/mnt/host/source/src/platform/ec/build/zephyr/sanok/modules/ec/zephyr/drivers/usbc -I/mnt/host/source/src/platform/ec/build/zephyr/sanok/build-ro/modules/ec/zephyr/include -I/mnt/host/source/src/third_party/zephyr/main/../../boringssl/include -I/mnt/host/source/src/platform/ec/third_party/boringssl/include -I/mnt/host/source/src/third_party/zephyrproject/modules/hal/egis_module/include -I/mnt/host/source/src/third_party/zephyrproject/modules/hal/egis_module/soc/egis/et171/. -isystem /mnt/host/source/src/third_party/zephyr/main/lib/libc/common/include -DSECTION_IS_RO -fno-strict-aliasing -Werror -O0 -flto=auto -imacros /mnt/host/source/src/platform/ec/build/zephyr/sanok/build-ro/zephyr/include/generated/zephyr/autoconf.h -fno-common -g -gdwarf-4 -fcolor-diagnostics -mabi=ilp32f -march=rv32imafc_zicsr_zifencei -mcmodel=medlow -imacros /mnt/host/source/src/third_party/zephyr/main/include/zephyr/toolchain/zephyr_stdint.h -Wall -Wformat -Wformat-security -Wno-format-zero-length -Wno-unused-but-set-variable -Wno-typedef-redefinition -Wno-deprecated-non-prototype -Wno-pointer-sign -Wpointer-arith -Wno-main -Wno-unknown-warning-option -Wno-arm-interrupt-vfp-clobber -Wno-extra -Wno-self-assign -Wno-initializer-overrides -Wno-section -Wno-gnu -Wunused-variable -Werror=unused-variable -Werror=missing-braces -Werror=sometimes-uninitialized -Werror=unused-function -Werror=array-bounds -Werror=implicit-function-declaration -Werror=implicit-int -fno-PIC -fno-PIE -fno-asynchronous-unwind-tables -Wno-vla -fmacro-prefix-map=/mnt/host/source/src/platform/ec/zephyr/program/fpmcu=CMAKE_SOURCE_DIR -fmacro-prefix-map=/mnt/host/source/src/third_party/zephyr/main=ZEPHYR_BASE -ffunction-sections -fdata-sections --coverage -fno-inline -fmacro-prefix-map=/mnt/host/source/src/platform/ec/build/zephyr/sanok/modules/ec=EC_BASE -fmacro-prefix-map=/mnt/host/source/src/platform=EC_BASE -Wimplicit-fallthrough -Wint-conversion -fsanitize=integer-divide-by-zero -fsanitize-undefined-trap-on-error -O2 -std=c11 -ftrapv -MD -MT CMakeFiles/app.dir/et171/src/platform.c.obj -MF CMakeFiles/app.dir/et171/src/platform.c.obj.d -o CMakeFiles/app.dir/et171/src/platform.c.obj -c /mnt/host/source/src/platform/ec/zephyr/program/fpmcu/et171/src/platform.c
[sanok:ro] /mnt/host/source/src/platform/ec/zephyr/program/fpmcu/et171/src/platform.c:7:10: fatal error: 'write_protect.h' file not found
[uldrenite:ro] [172/421] Building C object zephyr/CMakeFiles/zephyr.dir/misc/generated/configs.c.obj
[sanok:ro]     7 | #include "write_protect.h"
[sanok:ro]       |          ^~~~~~~~~~~~~~~~~
[sanok:ro] 1 error generated.
[sanok:ro] [239/513] Building C object CMakeFiles/app.dir/et171/src/flash_qspi.c.obj
[ruby:rw] [149/394] Building C object zephyr/CMakeFiles/zephyr.dir/subsys/pm/device_runtime.c.obj
[vader:rw] Building: /usr/bin/ninja -C /mnt/host/source/src/platform/ec/build/zephyr/vader/build-rw all.libraries
Running `env -i SHELL=/bin/bash COLORTERM=truecolor DEPOT_TOOLS_UPDATE=0 LESS='-R -M --shift 5' SUDO_GID=0 JDK_HOME=/etc/java-config-2/current-system-vm CONFIG_PROTECT_MASK='/etc/gentoo-release /etc/sandbox.d /etc/fonts/fonts.conf /etc/terminfo /etc/ca-certificates.conf /etc/revdep-rebuild' CHROMEOS_CACHEDIR=/var/cache/chromeos-cache JAVA_HOME=/etc/java-config-2/current-system-vm SSH_AUTH_SOCK=/tmp/ssh-auth-sock SUDO_COMMAND=/bin/bash SUDO_USER=root SUDO_TTY=/dev/pts/2 EDITOR=/usr/bin/vi PWD=/mnt/host/source/src/platform/ec CONFIG_PROTECT=/usr/share/gnupg/qualified.txt LOGNAME=jpmurphy MANPATH=/etc/java-config-2/current-system-vm/man:/usr/local/share/man:/usr/share/man:/usr/share/gcc-data/x86_64-pc-linux-gnu/10.2.0/man:/usr/share/binutils-data/x86_64-pc-linux-gnu/2.45/man:/etc/java-config-2/current-system-vm/man/ SUDO_HOME=/root XAUTHORITY=/run/user/944457/gdm/Xauthority HOME=/home/jpmurphy LANG=C.UTF-8 LS_COLORS='rs=0:di=01;34:ln=01;36:mh=00:pi=40;33:so=01;35:do=01;35:bd=40;33;01:cd=40;33;01:or=01;05;37;41:mi=01;05;37;41:su=37;41:sg=30;43:ca=30;41:tw=30;42:ow=34;42:st=37;44:ex=01;32:*.tar=01;31:*.tgz=01;31:*.arc=01;31:*.arj=01;31:*.taz=01;31:*.lha=01;31:*.lz4=01;31:*.lzh=01;31:*.lzma=01;31:*.tlz=01;31:*.txz=01;31:*.tzo=01;31:*.t7z=01;31:*.zip=01;31:*.z=01;31:*.dz=01;31:*.gz=01;31:*.lrz=01;31:*.lz=01;31:*.lzo=01;31:*.xz=01;31:*.zst=01;31:*.tzst=01;31:*.bz2=01;31:*.bz=01;31:*.tbz=01;31:*.tbz2=01;31:*.tz=01;31:*.deb=01;31:*.rpm=01;31:*.jar=01;31:*.war=01;31:*.ear=01;31:*.sar=01;31:*.rar=01;31:*.alz=01;31:*.ace=01;31:*.zoo=01;31:*.cpio=01;31:*.7z=01;31:*.rz=01;31:*.cab=01;31:*.wim=01;31:*.swm=01;31:*.dwm=01;31:*.esd=01;31:*.jpg=01;35:*.jpeg=01;35:*.mjpg=01;35:*.mjpeg=01;35:*.gif=01;35:*.bmp=01;35:*.pbm=01;35:*.pgm=01;35:*.ppm=01;35:*.tga=01;35:*.xbm=01;35:*.xpm=01;35:*.tif=01;35:*.tiff=01;35:*.png=01;35:*.svg=01;35:*.svgz=01;35:*.mng=01;35:*.pcx=01;35:*.mov=01;35:*.mpg=01;35:*.mpeg=01;35:*.m2v=01;35:*.mkv=01;35:*.webm=01;35:*.webp=01;35:*.ogm=01;35:*.mp4=01;35:*.m4v=01;35:*.mp4v=01;35:*.vob=01;35:*.qt=01;35:*.nuv=01;35:*.wmv=01;35:*.asf=01;35:*.rm=01;35:*.rmvb=01;35:*.flc=01;35:*.avi=01;35:*.fli=01;35:*.flv=01;35:*.gl=01;35:*.dl=01;35:*.xcf=01;35:*.xwd=01;35:*.yuv=01;35:*.cgm=01;35:*.emf=01;35:*.ogv=01;35:*.ogx=01;35:*.cfg=00;32:*.conf=00;32:*.diff=00;32:*.doc=00;32:*.ini=00;32:*.log=00;32:*.patch=00;32:*.pdf=00;32:*.ps=00;32:*.tex=00;32:*.txt=00;32:*.aac=00;36:*.au=00;36:*.flac=00;36:*.m4a=00;36:*.mid=00;36:*.midi=00;36:*.mka=00;36:*.mp3=00;36:*.mpc=00;36:*.ogg=00;36:*.ra=00;36:*.wav=00;36:*.oga=00;36:*.opus=00;36:*.spx=00;36:*.xspf=00;36:' XDG_CURRENT_DESKTOP=GNOME INFOPATH=/usr/share/info:/usr/share/gcc-data/x86_64-pc-linux-gnu/10.2.0/info:/usr/share/binutils-data/x86_64-pc-linux-gnu/2.45/info:/usr/share/automake-1.16.5/info JAVAC=/etc/java-config-2/current-system-vm/bin/javac TERM=xterm-256color LESSOPEN='|lesspipe %s' USER=jpmurphy CROS_WORKON_SRCROOT=/mnt/host/source MANPAGER=manpager DISPLAY=:1 SHLVL=1 LC_MESSAGES=C EXTERNAL_TRUNK_PATH=/mnt/8f9d649a-3721-44cc-93c0-e6bd21a9689f/chromiumos GCC_SPECS='' PATH=/mnt/host/source/chromite/bin:/usr/local/bin:/usr/bin:/bin:/opt/bin:/mnt/host/source/chromite/sdk/bin:/mnt/host/source/chromite/bin PORTAGE_USERNAME=jpmurphy SUDO_UID=0 GCC_VER=10.2.0 MAIL=/var/mail/jpmurphy OLDPWD=/mnt/host/source/src/scripts traceparent=00-e87aca51550a78635907baa6a2476181-6d684811675d2973-01 _=./zephyr/firmware_builder.py COREBOOT_SDK_ROOT_x86=/home/jpmurphy/.cache/coreboot-sdk/i386-elf/dfbb0486385d938cfa9d73080b9d18d598ed4f49 COREBOOT_SDK_ROOT_picolibc_x86=/home/jpmurphy/.cache/coreboot-sdk/picolibc-i386-elf/eb8e8e687b95461de8cbf278f1c2076952d0ad17 COREBOOT_SDK_ROOT_riscv64=/home/jpmurphy/.cache/coreboot-sdk/riscv64-elf/96b949749225b6aaa92ed810ab769e8dfb12f000 COREBOOT_SDK_ROOT_picolibc_arm=/home/jpmurphy/.cache/coreboot-sdk/picolibc-arm-eabi/422a2aa3e1ef891b5bece9a3deb696ff83840d2e COREBOOT_SDK_ROOT_nds32=/home/jpmurphy/.cache/coreboot-sdk/nds32le-elf/d1a518c4a097666d86058e1444f85ca015d15511 COREBOOT_SDK_ROOT_picolibc_riscv64=/home/jpmurphy/.cache/coreboot-sdk/picolibc-riscv64-elf/f571e990ef0278564b31124f8bb109d9a697eb69 COREBOOT_SDK_ROOT_arm=/home/jpmurphy/.cache/coreboot-sdk/arm-eabi/ea40ddd1d190c3b48435c474c0b545719371813a COREBOOT_SDK_ROOT_libstdcxx_riscv64=/home/jpmurphy/.cache/coreboot-sdk/libstdcxx-riscv64-elf/17abf22a3a252e2d5d2062ced5324f7a623689e0 COREBOOT_SDK_ROOT_libstdcxx_arm=/home/jpmurphy/.cache/coreboot-sdk/libstdcxx-arm-eabi/5d7d82e150e44aa1968f1d366e267e6687b328ac COREBOOT_SDK_ROOT_riscv=/home/jpmurphy/.cache/coreboot-sdk/riscv-elf/9a27b9e82341c6e9126624f516ab3f261abb3e73 COREBOOT_SDK_ROOT_libstdcxx_x86=/home/jpmurphy/.cache/coreboot-sdk/libstdcxx-i386-elf/42ef9d2e87a76a37963175d7d428734e65648b87 PYTHONPATH=/mnt/host/source/src/platform/ec/zephyr/zmake PW_PIGWEED_CIPD_INSTALL_DIR=/usr CROSTC_USER_ACKNOWLEDGES_THAT_RISCV_IS_EXPERIMENTAL=1 MAKEFLAGS=' -j16 --jobserver-auth=5,6' /usr/bin/ninja -C /mnt/host/source/src/platform/ec/build/zephyr/vader/build-rw all.libraries`
[sanok:ro] [240/513] Linking C static library modules/ec/zephyr/libec_shim.a
[uldrenite:rw] [369/421] Building C object modules/ec/zephyr/CMakeFiles/ec_shim.dir/shim/src/flash.c.obj
[vader:rw] ninja: Entering directory `/mnt/host/source/src/platform/ec/build/zephyr/vader/build-rw'
[ruby:rw] [150/394] Building C object zephyr/CMakeFiles/zephyr.dir/subsys/pm/device_system_managed.c.obj
[uldrenite:rw] [370/421] Building C object modules/ec/zephyr/CMakeFiles/ec_shim.dir/shim/src/hooks.c.obj
[uldrenite:rw] [371/421] Building C object modules/ec/zephyr/CMakeFiles/ec_shim.dir/shim/src/host_command.c.obj
[uldrenite:rw] [372/421] Building C object modules/ec/zephyr/CMakeFiles/ec_shim.dir/shim/src/console_buffer.c.obj
[uldrenite:rw] [373/421] Building C object modules/ec/zephyr/CMakeFiles/ec_shim.dir/shim/src/espi.c.obj
[sanok:ro] [241/513] Building C object CMakeFiles/app.dir/src/fp_transport.c.obj
[sanok:ro] ninja: build stopped: subcommand failed.
Execution failed (return code=1): /usr/bin/ninja -C /mnt/host/source/src/platform/ec/build/zephyr/sanok/build-ro all.libraries
Traceback (most recent call last):
  File "/mnt/host/source/src/platform/ec/zephyr/zmake/zmake/multiproc.py", line 383, in _run_fn
    result = func()
             ^^^^^^
  File "/mnt/host/source/src/platform/ec/zephyr/zmake/zmake/zmake.py", line 942, in _build_one_dir
    raise OSError(get_process_failure_msg(proc))
OSError: Execution failed (return code=1): /usr/bin/ninja -C /mnt/host/source/src/platform/ec/build/zephyr/sanok/build-ro all.libraries

[trulo:rw] Building: /usr/bin/ninja -C /mnt/host/source/src/platform/ec/build/zephyr/trulo/build-rw all.libraries
Running `env -i SHELL=/bin/bash COLORTERM=truecolor DEPOT_TOOLS_UPDATE=0 LESS='-R -M --shift 5' SUDO_GID=0 JDK_HOME=/etc/java-config-2/current-system-vm CONFIG_PROTECT_MASK='/etc/gentoo-release /etc/sandbox.d /etc/fonts/fonts.conf /etc/terminfo /etc/ca-certificates.conf /etc/revdep-rebuild' CHROMEOS_CACHEDIR=/var/cache/chromeos-cache JAVA_HOME=/etc/java-config-2/current-system-vm SSH_AUTH_SOCK=/tmp/ssh-auth-sock SUDO_COMMAND=/bin/bash SUDO_USER=root SUDO_TTY=/dev/pts/2 EDITOR=/usr/bin/vi PWD=/mnt/host/source/src/platform/ec CONFIG_PROTECT=/usr/share/gnupg/qualified.txt LOGNAME=jpmurphy MANPATH=/etc/java-config-2/current-system-vm/man:/usr/local/share/man:/usr/share/man:/usr/share/gcc-data/x86_64-pc-linux-gnu/10.2.0/man:/usr/share/binutils-data/x86_64-pc-linux-gnu/2.45/man:/etc/java-config-2/current-system-vm/man/ SUDO_HOME=/root XAUTHORITY=/run/user/944457/gdm/Xauthority HOME=/home/jpmurphy LANG=C.UTF-8 LS_COLORS='rs=0:di=01;34:ln=01;36:mh=00:pi=40;33:so=01;35:do=01;35:bd=40;33;01:cd=40;33;01:or=01;05;37;41:mi=01;05;37;41:su=37;41:sg=30;43:ca=30;41:tw=30;42:ow=34;42:st=37;44:ex=01;32:*.tar=01;31:*.tgz=01;31:*.arc=01;31:*.arj=01;31:*.taz=01;31:*.lha=01;31:*.lz4=01;31:*.lzh=01;31:*.lzma=01;31:*.tlz=01;31:*.txz=01;31:*.tzo=01;31:*.t7z=01;31:*.zip=01;31:*.z=01;31:*.dz=01;31:*.gz=01;31:*.lrz=01;31:*.lz=01;31:*.lzo=01;31:*.xz=01;31:*.zst=01;31:*.tzst=01;31:*.bz2=01;31:*.bz=01;31:*.tbz=01;31:*.tbz2=01;31:*.tz=01;31:*.deb=01;31:*.rpm=01;31:*.jar=01;31:*.war=01;31:*.ear=01;31:*.sar=01;31:*.rar=01;31:*.alz=01;31:*.ace=01;31:*.zoo=01;31:*.cpio=01;31:*.7z=01;31:*.rz=01;31:*.cab=01;31:*.wim=01;31:*.swm=01;31:*.dwm=01;31:*.esd=01;31:*.jpg=01;35:*.jpeg=01;35:*.mjpg=01;35:*.mjpeg=01;35:*.gif=01;35:*.bmp=01;35:*.pbm=01;35:*.pgm=01;35:*.ppm=01;35:*.tga=01;35:*.xbm=01;35:*.xpm=01;35:*.tif=01;35:*.tiff=01;35:*.png=01;35:*.svg=01;35:*.svgz=01;35:*.mng=01;35:*.pcx=01;35:*.mov=01;35:*.mpg=01;35:*.mpeg=01;35:*.m2v=01;35:*.mkv=01;35:*.webm=01;35:*.webp=01;35:*.ogm=01;35:*.mp4=01;35:*.m4v=01;35:*.mp4v=01;35:*.vob=01;35:*.qt=01;35:*.nuv=01;35:*.wmv=01;35:*.asf=01;35:*.rm=01;35:*.rmvb=01;35:*.flc=01;35:*.avi=01;35:*.fli=01;35:*.flv=01;35:*.gl=01;35:*.dl=01;35:*.xcf=01;35:*.xwd=01;35:*.yuv=01;35:*.cgm=01;35:*.emf=01;35:*.ogv=01;35:*.ogx=01;35:*.cfg=00;32:*.conf=00;32:*.diff=00;32:*.doc=00;32:*.ini=00;32:*.log=00;32:*.patch=00;32:*.pdf=00;32:*.ps=00;32:*.tex=00;32:*.txt=00;32:*.aac=00;36:*.au=00;36:*.flac=00;36:*.m4a=00;36:*.mid=00;36:*.midi=00;36:*.mka=00;36:*.mp3=00;36:*.mpc=00;36:*.ogg=00;36:*.ra=00;36:*.wav=00;36:*.oga=00;36:*.opus=00;36:*.spx=00;36:*.xspf=00;36:' XDG_CURRENT_DESKTOP=GNOME INFOPATH=/usr/share/info:/usr/share/gcc-data/x86_64-pc-linux-gnu/10.2.0/info:/usr/share/binutils-data/x86_64-pc-linux-gnu/2.45/info:/usr/share/automake-1.16.5/info JAVAC=/etc/java-config-2/current-system-vm/bin/javac TERM=xterm-256color LESSOPEN='|lesspipe %s' USER=jpmurphy CROS_WORKON_SRCROOT=/mnt/host/source MANPAGER=manpager DISPLAY=:1 SHLVL=1 LC_MESSAGES=C EXTERNAL_TRUNK_PATH=/mnt/8f9d649a-3721-44cc-93c0-e6bd21a9689f/chromiumos GCC_SPECS='' PATH=/mnt/host/source/chromite/bin:/usr/local/bin:/usr/bin:/bin:/opt/bin:/mnt/host/source/chromite/sdk/bin:/mnt/host/source/chromite/bin PORTAGE_USERNAME=jpmurphy SUDO_UID=0 GCC_VER=10.2.0 MAIL=/var/mail/jpmurphy OLDPWD=/mnt/host/source/src/scripts traceparent=00-e87aca51550a78635907baa6a2476181-6d684811675d2973-01 _=./zephyr/firmware_builder.py COREBOOT_SDK_ROOT_x86=/home/jpmurphy/.cache/coreboot-sdk/i386-elf/dfbb0486385d938cfa9d73080b9d18d598ed4f49 COREBOOT_SDK_ROOT_picolibc_x86=/home/jpmurphy/.cache/coreboot-sdk/picolibc-i386-elf/eb8e8e687b95461de8cbf278f1c2076952d0ad17 COREBOOT_SDK_ROOT_riscv64=/home/jpmurphy/.cache/coreboot-sdk/riscv64-elf/96b949749225b6aaa92ed810ab769e8dfb12f000 COREBOOT_SDK_ROOT_picolibc_arm=/home/jpmurphy/.cache/coreboot-sdk/picolibc-arm-eabi/422a2aa3e1ef891b5bece9a3deb696ff83840d2e COREBOOT_SDK_ROOT_nds32=/home/jpmurphy/.cache/coreboot-sdk/nds32le-elf/d1a518c4a097666d86058e1444f85ca015d15511 COREBOOT_SDK_ROOT_picolibc_riscv64=/home/jpmurphy/.cache/coreboot-sdk/picolibc-riscv64-elf/f571e990ef0278564b31124f8bb109d9a697eb69 COREBOOT_SDK_ROOT_arm=/home/jpmurphy/.cache/coreboot-sdk/arm-eabi/ea40ddd1d190c3b48435c474c0b545719371813a COREBOOT_SDK_ROOT_libstdcxx_riscv64=/home/jpmurphy/.cache/coreboot-sdk/libstdcxx-riscv64-elf/17abf22a3a252e2d5d2062ced5324f7a623689e0 COREBOOT_SDK_ROOT_libstdcxx_arm=/home/jpmurphy/.cache/coreboot-sdk/libstdcxx-arm-eabi/5d7d82e150e44aa1968f1d366e267e6687b328ac COREBOOT_SDK_ROOT_riscv=/home/jpmurphy/.cache/coreboot-sdk/riscv-elf/9a27b9e82341c6e9126624f516ab3f261abb3e73 COREBOOT_SDK_ROOT_libstdcxx_x86=/home/jpmurphy/.cache/coreboot-sdk/libstdcxx-i386-elf/42ef9d2e87a76a37963175d7d428734e65648b87 PYTHONPATH=/mnt/host/source/src/platform/ec/zephyr/zmake PW_PIGWEED_CIPD_INSTALL_DIR=/usr CROSTC_USER_ACKNOWLEDGES_THAT_RISCV_IS_EXPERIMENTAL=1 MAKEFLAGS=' -j16 --jobserver-auth=5,6' /usr/bin/ninja -C /mnt/host/source/src/platform/ec/build/zephyr/trulo/build-rw all.libraries`
[trulo:rw] ninja: Entering directory `/mnt/host/source/src/platform/ec/build/zephyr/trulo/build-rw'
[uldrenite:rw] [374/421] Building C object modules/ec/zephyr/CMakeFiles/ec_shim.dir/shim/src/mkbp_event.c.obj
[vader:rw] [1/369] Generating include/generated/zephyr/version.h
[vader:rw] -- git describe warned: warning: tag 'upstream/v2.7.99' is externally known as 'v2.7.99'
[vader:rw] -- Zephyr version: 4.3.99 (/mnt/host/source/src/third_party/zephyr/main)
[vader:rw] [2/369] Preparing syscall dependency handling
[uldrenite:ro] [173/421] Building C object zephyr/CMakeFiles/zephyr.dir/soc/nuvoton/npcx/common/power.c.obj
[vader:rw] [3/369] Generating misc/generated/syscalls_subdirs.trigger
[uldrenite:ro] [174/421] Building C object zephyr/CMakeFiles/zephyr.dir/soc/nuvoton/npcx/common/npcxn/registers.c.obj
[ruby:rw] [151/394] Building C object zephyr/CMakeFiles/zephyr.dir/subsys/testsuite/coverage/coverage.c.obj
[uldrenite:ro] [175/421] Building C object zephyr/CMakeFiles/zephyr.dir/soc/nuvoton/npcx/common/scfg.c.obj
[uldrenite:ro] [176/421] Building C object zephyr/CMakeFiles/zephyr.dir/soc/nuvoton/npcx/npcx9/soc.c.obj
[ruby:rw] [152/394] Building C object zephyr/CMakeFiles/zephyr.dir/subsys/tracing/tracing_none.c.obj
[uldrenite:rw] [375/421] Building C object modules/ec/zephyr/CMakeFiles/ec_shim.dir/shim/src/thermal.c.obj
[uldrenite:rw] [376/421] Building C object modules/ec/zephyr/CMakeFiles/ec_shim.dir/shim/src/hwtimer.c.obj
[uldrenite:rw] [377/421] Building C object modules/ec/zephyr/CMakeFiles/ec_shim.dir/shim/src/panic.c.obj
[uldrenite:rw] [378/421] Building C object modules/ec/zephyr/CMakeFiles/ec_shim.dir/shim/src/temp_sensors.c.obj
[ruby:rw] [153/394] Building C object zephyr/CMakeFiles/zephyr.dir/subsys/shell/modules/kernel_service/kernel_shell.c.obj
[trulo:rw] [1/417] Generating include/generated/zephyr/version.h
[uldrenite:ro] [177/421] Building C object zephyr/CMakeFiles/zephyr.dir/subsys/pm/state.c.obj
[trulo:rw] -- git describe warned: warning: tag 'upstream/v2.7.99' is externally known as 'v2.7.99'
[trulo:rw] -- Zephyr version: 4.3.99 (/mnt/host/source/src/third_party/zephyr/main)
[trulo:rw] [2/417] Preparing syscall dependency handling
[trulo:rw] [3/417] Generating misc/generated/syscalls_subdirs.trigger
[uldrenite:rw] [379/421] Building C object modules/ec/zephyr/CMakeFiles/ec_shim.dir/shim/src/i2c.c.obj
[vader:rw] [4/369] Generating misc/generated/syscalls.json, misc/generated/struct_tags.json
[uldrenite:ro] [178/421] Building C object zephyr/CMakeFiles/zephyr.dir/subsys/logging/log_minimal.c.obj
[uldrenite:ro] [179/421] Building C object zephyr/CMakeFiles/zephyr.dir/subsys/mem_mgmt/mem_attr.c.obj
[uldrenite:ro] [180/421] Building C object zephyr/CMakeFiles/zephyr.dir/subsys/pm/pm.c.obj
[ruby:rw] [154/394] Building C object zephyr/CMakeFiles/zephyr.dir/subsys/shell/modules/kernel_service/cycles.c.obj
[ruby:rw] [155/394] Building C object zephyr/CMakeFiles/zephyr.dir/subsys/shell/modules/kernel_service/sleep.c.obj
[vader:rw] [5/369] Generating include/generated/zephyr/syscall_dispatch.c, include/generated/zephyr/syscall_exports_llext.c, syscall_weakdefs_llext.c, include/generated/zephyr/syscall_list.h
[uldrenite:rw] [380/421] Building C object modules/ec/zephyr/CMakeFiles/ec_shim.dir/shim/src/tasks.c.obj
[/mnt/host/source/src/platform/ec/build/zephyr/moonstone-ish-lcov]   /mnt/host/source/src/platform/ec/build/zephyr/moonstone-ish/build-singleimage/zephyr/CMakeFiles/zephyr.dir/subsys/shell/modules/kernel_service/kernel_shell.c.gcno:no functions found
[/mnt/host/source/src/platform/ec/build/zephyr/moonstone-ish-lcov] stderr:
[vader:rw] [6/369] Generating include/generated/zephyr/driver-validation.h
[uldrenite:rw] [381/421] Building C object modules/ec/zephyr/CMakeFiles/ec_shim.dir/shim/src/usba.c.obj
[uldrenite:rw] [382/421] Building C object modules/ec/zephyr/CMakeFiles/ec_shim.dir/shim/src/watchdog.c.obj
[uldrenite:rw] [383/421] Building C object modules/ec/zephyr/CMakeFiles/ec_shim.dir/shim/src/power_host_sleep_api.c.obj
[vader:rw] [7/369] Generating include/generated/zephyr/kobj-types-enum.h, include/generated/zephyr/otype-to-str.h, include/generated/zephyr/otype-to-size.h
[vader:rw] [8/369] Generating include/generated/device-api-sections.ld, include/generated/device-api-sections.cmake
[uldrenite:rw] [384/421] Building C object modules/ec/zephyr/CMakeFiles/ec_shim.dir/shim/src/sha256_hw.c.obj
[uldrenite:ro] [181/421] Building C object zephyr/CMakeFiles/zephyr.dir/subsys/pm/policy/policy_events.c.obj
[ruby:rw] [156/394] Building C object zephyr/CMakeFiles/zephyr.dir/subsys/shell/modules/kernel_service/uptime.c.obj
[trulo:rw] [4/417] Generating misc/generated/syscalls.json, misc/generated/struct_tags.json
[uldrenite:rw] [385/421] Linking CXX static library modules/ec/zephyr/libec_shim.a
[uldrenite:ro] [182/421] Building C object zephyr/CMakeFiles/zephyr.dir/subsys/pm/policy/policy_latency.c.obj
[uldrenite:ro] [183/421] Building C object zephyr/CMakeFiles/zephyr.dir/subsys/pm/policy/policy_state_lock.c.obj
[trulo:rw] [5/417] Generating include/generated/zephyr/syscall_dispatch.c, include/generated/zephyr/syscall_exports_llext.c, syscall_weakdefs_llext.c, include/generated/zephyr/syscall_list.h
[ruby:rw] [157/394] Building C object zephyr/CMakeFiles/zephyr.dir/subsys/shell/modules/kernel_service/version.c.obj
[uldrenite:ro] [184/421] Building C object zephyr/CMakeFiles/zephyr.dir/subsys/pm/device.c.obj
[ruby:rw] [158/394] Building C object zephyr/CMakeFiles/zephyr.dir/subsys/shell/modules/kernel_service/thread/thread.c.obj
[trulo:rw] [6/417] Generating include/generated/zephyr/driver-validation.h
[uldrenite:rw] [386/421] Building C object zephyr/kernel/CMakeFiles/kernel.dir/banner.c.obj
[uldrenite:rw] [387/421] Building C object zephyr/kernel/CMakeFiles/kernel.dir/main_weak.c.obj
[trulo:rw] [7/417] Generating include/generated/zephyr/kobj-types-enum.h, include/generated/zephyr/otype-to-str.h, include/generated/zephyr/otype-to-size.h
[vader:rw] [9/369] Building C object zephyr/CMakeFiles/offsets.dir/arch/arm/core/offsets/offsets.c.obj
[trulo:rw] [8/417] Generating include/generated/device-api-sections.ld, include/generated/device-api-sections.cmake
[vader:rw] [10/369] Generating include/generated/zephyr/offsets.h
[trulo:rw] [9/417] cd /mnt/host/source/src/platform/ec/build/zephyr/trulo/build-rw/modules/ec/zephyr && PYTHONPATH=/mnt/host/source/src/platform/ec/build/zephyr/trulo/modules/ec/zephyr/zmake/ /usr/bin/python3.11 /mnt/host/source/src/platform/ec/build/zephyr/trulo/modules/ec/zephyr/zmake/zephyr_build_tools/generate_ec_version.py /mnt/host/source/src/platform/ec/build/zephyr/trulo/build-rw/modules/ec/zephyr/include/ec_version.h --name Zephyr-Kernel --version 16543.0.0 --static
[trulo:rw] INFO:root:Using a static version string
[uldrenite:rw] [388/421] Building C object zephyr/kernel/CMakeFiles/kernel.dir/busy_wait.c.obj
[ruby:rw] [159/394] Building C object zephyr/CMakeFiles/zephyr.dir/subsys/shell/modules/kernel_service/thread/list.c.obj
[trulo:rw] INFO:root:Version string: Zephyr-Kernel-16543.0.0
[uldrenite:ro] [185/421] Building C object zephyr/CMakeFiles/zephyr.dir/subsys/testsuite/coverage/coverage.c.obj
[trulo:rw] INFO:root:Writing header to /mnt/host/source/src/platform/ec/build/zephyr/trulo/build-rw/modules/ec/zephyr/include/ec_version.h
[trulo:rw] [10/417] Building CXX object modules/pigweed/pw_build/CMakeFiles/pw_build.empty.dir/empty_file.cc.obj
[uldrenite:ro] [186/421] Building C object zephyr/CMakeFiles/zephyr.dir/subsys/tracing/tracing_none.c.obj
[trulo:rw] [11/417] Generating pw_third_party.nanopb.proto/sources/nanopb.proto
[uldrenite:ro] [187/421] Building C object zephyr/CMakeFiles/zephyr.dir/subsys/pm/device_system_managed.c.obj
[trulo:rw] [12/417] Generating dsp_comms.proto/sources/proto/ec_dsp.proto, dsp_comms.proto/sources/proto/ec_dsp.options
[uldrenite:ro] [188/421] Building C object zephyr/CMakeFiles/zephyr.dir/subsys/pm/device_runtime.c.obj
[ruby:rw] [160/394] Building C object zephyr/CMakeFiles/zephyr.dir/subsys/shell/modules/kernel_service/thread/stacks.c.obj
[ruby:rw] [161/394] Building C object zephyr/CMakeFiles/zephyr.dir/subsys/shell/modules/kernel_service/thread/suspend.c.obj
[trulo:rw] [13/417] Generating pw_transport.proto/sources/pw_transport/proto/transport.proto, pw_transport.proto/sources/pw_transport/proto/transport.options
[uldrenite:rw] [389/421] Building C object zephyr/kernel/CMakeFiles/kernel.dir/device.c.obj
[uldrenite:rw] [390/421] Building C object zephyr/kernel/CMakeFiles/kernel.dir/errno.c.obj
[vader:rw] [11/369] Building C object zephyr/CMakeFiles/zephyr.dir/lib/libc/validate_libc.c.obj
[ruby:rw] [162/394] Building C object zephyr/CMakeFiles/zephyr.dir/subsys/shell/modules/kernel_service/thread/resume.c.obj
[trulo:rw] [14/417] Generating /mnt/host/source/src/platform/ec/build/zephyr/trulo/modules/nanopb/generator/proto/nanopb_pb2.py
[uldrenite:ro] [189/421] Building C object zephyr/CMakeFiles/zephyr.dir/subsys/shell/modules/kernel_service/kernel_shell.c.obj
[uldrenite:rw] [391/421] Building C object zephyr/kernel/CMakeFiles/kernel.dir/fatal.c.obj
[uldrenite:ro] [190/421] Building C object zephyr/CMakeFiles/zephyr.dir/subsys/shell/modules/kernel_service/cycles.c.obj
[uldrenite:ro] [191/421] Building C object zephyr/CMakeFiles/zephyr.dir/subsys/shell/modules/kernel_service/uptime.c.obj
[uldrenite:ro] [192/421] Building C object zephyr/CMakeFiles/zephyr.dir/subsys/shell/modules/kernel_service/sleep.c.obj
[ruby:rw] [163/394] Building C object zephyr/CMakeFiles/zephyr.dir/subsys/shell/modules/kernel_service/thread/kill.c.obj
[ruby:rw] [164/394] Building C object zephyr/CMakeFiles/zephyr.dir/subsys/shell/backends/shell_uart.c.obj
[uldrenite:rw] [392/421] Building C object zephyr/kernel/CMakeFiles/kernel.dir/kheap.c.obj
[uldrenite:rw] [393/421] Building C object zephyr/kernel/CMakeFiles/kernel.dir/init.c.obj
[vader:rw] [12/369] Building C object zephyr/CMakeFiles/zephyr.dir/lib/heap/heap.c.obj
[uldrenite:rw] [394/421] Building C object zephyr/kernel/CMakeFiles/kernel.dir/version.c.obj
[trulo:rw] [15/417] Generating dsp_comms.proto/nanopb/proto/ec_dsp.pb.h, dsp_comms.proto/nanopb/proto/ec_dsp.pb.c
[uldrenite:rw] [395/421] Building C object zephyr/kernel/CMakeFiles/kernel.dir/mem_slab.c.obj
[uldrenite:ro] [193/421] Building C object zephyr/CMakeFiles/zephyr.dir/subsys/shell/modules/kernel_service/version.c.obj
[uldrenite:rw] [396/421] Building CXX object modules/ec/zephyr/drivers/dsp_comms/service/CMakeFiles/dsp.service.dir/i2c_target_pio_funcs.cc.obj
[uldrenite:ro] [194/421] Building C object zephyr/CMakeFiles/zephyr.dir/subsys/shell/modules/kernel_service/thread/thread.c.obj
[uldrenite:rw] [397/421] Building CXX object modules/ec/zephyr/drivers/dsp_comms/service/CMakeFiles/dsp.service.dir/dsp_service.cc.obj
[ruby:rw] [165/394] Building C object zephyr/CMakeFiles/zephyr.dir/subsys/shell/shell.c.obj
[ruby:rw] [166/394] Building C object zephyr/CMakeFiles/zephyr.dir/subsys/shell/shell_fprintf.c.obj
[uldrenite:ro] [195/421] Building C object zephyr/CMakeFiles/zephyr.dir/subsys/shell/modules/kernel_service/thread/stacks.c.obj
[uldrenite:rw] [398/421] Building C object zephyr/kernel/CMakeFiles/kernel.dir/float.c.obj
[ruby:rw] [167/394] Building C object zephyr/CMakeFiles/zephyr.dir/subsys/shell/shell_utils.c.obj
[/mnt/host/source/src/platform/ec/build/zephyr/moonstone-ish-lcov]   /mnt/host/source/src/platform/ec/build/zephyr/moonstone-ish/build-singleimage/zephyr/CMakeFiles/zephyr.dir/lib/libc/validate_libc.c.gcno:no functions found
[/mnt/host/source/src/platform/ec/build/zephyr/moonstone-ish-lcov] stderr:
[uldrenite:ro] [196/421] Building C object zephyr/CMakeFiles/zephyr.dir/subsys/shell/modules/kernel_service/thread/list.c.obj
[trulo:rw] [16/417] Generating pw_transport.proto/nanopb/pw_transport/proto/transport.pb.h, pw_transport.proto/nanopb/pw_transport/proto/transport.pb.c
[uldrenite:rw] [399/421] Building CXX object modules/ec/zephyr/drivers/dsp_comms/service/CMakeFiles/dsp.service.dir/i2c_target_buffer_funcs.cc.obj
[vader:rw] [13/369] Building C object zephyr/CMakeFiles/zephyr.dir/lib/os/cbprintf_packaged.c.obj
[uldrenite:rw] [400/421] Linking CXX static library modules/ec/zephyr/drivers/dsp_comms/service/libdsp.service.a
[uldrenite:rw] [401/421] Building C object zephyr/kernel/CMakeFiles/kernel.dir/idle.c.obj
[uldrenite:ro] [197/421] Building C object zephyr/CMakeFiles/zephyr.dir/subsys/shell/modules/kernel_service/thread/suspend.c.obj
[uldrenite:rw] [402/421] Building C object zephyr/kernel/CMakeFiles/kernel.dir/msg_q.c.obj
[ruby:rw] [168/394] Building C object zephyr/CMakeFiles/zephyr.dir/subsys/shell/shell_ops.c.obj
[ruby:rw] [169/394] Building C object zephyr/CMakeFiles/zephyr.dir/subsys/shell/shell_history.c.obj
[uldrenite:ro] [198/421] Building C object zephyr/CMakeFiles/zephyr.dir/subsys/shell/modules/kernel_service/thread/resume.c.obj
[uldrenite:rw] [403/421] Building C object zephyr/kernel/CMakeFiles/kernel.dir/mailbox.c.obj
[ruby:rw] [170/394] Building C object zephyr/CMakeFiles/zephyr.dir/subsys/shell/shell_help.c.obj
[uldrenite:rw] [404/421] Building C object zephyr/kernel/CMakeFiles/kernel.dir/mutex.c.obj
[uldrenite:ro] [199/421] Building C object zephyr/CMakeFiles/zephyr.dir/subsys/shell/modules/kernel_service/thread/kill.c.obj
[trulo:rw] [17/417] Building C object zephyr/CMakeFiles/offsets.dir/arch/arm/core/offsets/offsets.c.obj
[uldrenite:rw] [405/421] Building C object zephyr/kernel/CMakeFiles/kernel.dir/queue.c.obj
[uldrenite:rw] [406/421] Building C object zephyr/kernel/CMakeFiles/kernel.dir/sem.c.obj
[trulo:rw] [18/417] Building C object zephyr/drivers/sensor/CMakeFiles/drivers__sensor.dir/mnt/host/source/src/third_party/zephyr/main/misc/empty_file.c.obj
[uldrenite:ro] [200/421] Building C object zephyr/CMakeFiles/zephyr.dir/subsys/shell/backends/shell_uart.c.obj
[vader:rw] [14/369] Building C object zephyr/CMakeFiles/zephyr.dir/lib/os/clock.c.obj
[trulo:rw] [19/417] Building C object modules/ec/zephyr/drivers/dsp_comms/CMakeFiles/dsp_comms.proto.nanopb.dir/dsp_comms.proto/nanopb/proto/ec_dsp.pb.c.obj
[ruby:rw] [171/394] Building C object zephyr/arch/common/CMakeFiles/arch__common.dir/init.c.obj
[uldrenite:rw] [407/421] Building C object zephyr/kernel/CMakeFiles/kernel.dir/stack.c.obj
[uldrenite:rw] [408/421] Building C object zephyr/kernel/CMakeFiles/kernel.dir/system_work_q.c.obj
[trulo:rw] [20/417] Building C object modules/ec/zephyr/drivers/pw_transport/CMakeFiles/pw_transport.proto.nanopb.dir/pw_transport.proto/nanopb/pw_transport/proto/transport.pb.c.obj
[ruby:rw] [172/394] Building C object zephyr/CMakeFiles/zephyr.dir/drivers/flash/flash_util.c.obj
[ruby:rw] [173/394] Building C object zephyr/arch/common/CMakeFiles/arch__common.dir/sw_isr_common.c.obj
[uldrenite:rw] [409/421] Building C object zephyr/kernel/CMakeFiles/kernel.dir/work.c.obj
[ruby:rw] [174/394] Linking C static library zephyr/libzephyr.a
[uldrenite:ro] [201/421] Building C object zephyr/CMakeFiles/zephyr.dir/subsys/shell/shell_fprintf.c.obj
[uldrenite:rw] [410/421] Building C object zephyr/kernel/CMakeFiles/kernel.dir/condvar.c.obj
[uldrenite:rw] [411/421] Building C object zephyr/kernel/CMakeFiles/kernel.dir/thread.c.obj
[uldrenite:ro] [202/421] Building C object zephyr/CMakeFiles/zephyr.dir/subsys/shell/shell_utils.c.obj
[uldrenite:ro] [203/421] Building C object zephyr/CMakeFiles/zephyr.dir/subsys/shell/shell.c.obj
[uldrenite:ro] [204/421] Building C object zephyr/CMakeFiles/zephyr.dir/subsys/shell/shell_ops.c.obj
[vader:rw] [15/369] Building C object zephyr/CMakeFiles/zephyr.dir/lib/os/printk.c.obj
[ruby:rw] [175/394] Building C object zephyr/arch/common/CMakeFiles/arch__common.dir/xip.c.obj
[uldrenite:rw] [412/421] Building C object zephyr/kernel/CMakeFiles/kernel.dir/sched.c.obj
[ruby:rw] [176/394] Building C object zephyr/arch/common/CMakeFiles/isr_tables.dir/isr_tables.c.obj
[uldrenite:rw] [413/421] Building C object zephyr/kernel/CMakeFiles/kernel.dir/pipe.c.obj
[ruby:rw] [177/394] Linking C static library zephyr/arch/common/libisr_tables.a
[uldrenite:rw] [414/421] Building C object zephyr/kernel/CMakeFiles/kernel.dir/thread_monitor.c.obj
[ruby:rw] [178/394] Linking C static library zephyr/arch/common/libarch__common.a
[ruby:rw] [179/394] Building ASM object zephyr/arch/arch/arm/core/CMakeFiles/arch__arm__core.dir/nmi_on_reset.S.obj
[uldrenite:rw] [415/421] Building C object zephyr/kernel/CMakeFiles/kernel.dir/timeout.c.obj
[ruby:rw] [180/394] Building C object zephyr/arch/arch/arm/core/CMakeFiles/arch__arm__core.dir/fatal.c.obj
Running (initial) lcov on /mnt/host/source/src/platform/ec/build/zephyr/guren.
[uldrenite:rw] [416/421] Building C object zephyr/kernel/CMakeFiles/kernel.dir/timer.c.obj
[uldrenite:ro] [205/421] Building C object zephyr/CMakeFiles/zephyr.dir/subsys/shell/shell_help.c.obj
[vader:rw] [16/369] Building C object zephyr/CMakeFiles/zephyr.dir/lib/os/sem.c.obj
[uldrenite:ro] [206/421] Building C object zephyr/arch/common/CMakeFiles/arch__common.dir/sw_isr_common.c.obj
[uldrenite:rw] [417/421] Building C object zephyr/kernel/CMakeFiles/kernel.dir/poll.c.obj
[uldrenite:ro] [207/421] Building C object zephyr/CMakeFiles/zephyr.dir/subsys/shell/shell_history.c.obj
[ruby:rw] [181/394] Building C object zephyr/arch/arch/arm/core/CMakeFiles/arch__arm__core.dir/nmi.c.obj
[uldrenite:rw] [418/421] Building C object zephyr/kernel/CMakeFiles/kernel.dir/events.c.obj
Running `env -i PYTHONPATH=/usr/lib64/python-exec/python3.11:/mnt/host/source/src/platform/ec/zephyr/zmake:/usr/lib/python311.zip:/usr/lib/python3.11:/usr/lib/python3.11/lib-dynload:/usr/lib/python3.11/site-packages PW_PIGWEED_CIPD_INSTALL_DIR=/usr CROSTC_USER_ACKNOWLEDGES_THAT_RISCV_IS_EXPERIMENTAL=1 PATH=/mnt/host/source/chromite/bin:/usr/local/bin:/usr/bin:/bin:/opt/bin:/mnt/host/source/chromite/sdk/bin:/mnt/host/source/chromite/bin HOME=/home/jpmurphy JAVA_HOME=/etc/java-config-2/current-system-vm JDK_HOME=/etc/java-config-2/current-system-vm JAVAC=/etc/java-config-2/current-system-vm/bin/javac MAKEFLAGS=' -j16 --jobserver-auth=5,6' /usr/bin/lcov --gcov-tool /mnt/host/source/src/platform/ec/build/zephyr/guren/build-rw/gcov.sh -q -o - -c -d /mnt/host/source/src/platform/ec/build/zephyr/guren -t guren --rc branch_coverage=1 --filter range --ignore-errors inconsistent,source --ignore-errors gcov,gcov -i`
[ruby:rw] [182/394] Linking C static library zephyr/arch/arch/arm/core/libarch__arm__core.a
[uldrenite:ro] [208/421] Building C object zephyr/CMakeFiles/zephyr.dir/drivers/flash/flash_util.c.obj
[uldrenite:rw] [419/421] Building C object zephyr/kernel/CMakeFiles/kernel.dir/mempool.c.obj
[uldrenite:ro] [209/421] Building C object zephyr/arch/common/CMakeFiles/arch__common.dir/init.c.obj
[ruby:rw] [183/394] Building ASM object zephyr/arch/arch/arm/core/cortex_m/CMakeFiles/arch__arm__core__cortex_m.dir/fault_s.S.obj
[vader:ro] Building: /usr/bin/ninja -C /mnt/host/source/src/platform/ec/build/zephyr/vader/build-ro all.libraries
Running `env -i SHELL=/bin/bash COLORTERM=truecolor DEPOT_TOOLS_UPDATE=0 LESS='-R -M --shift 5' SUDO_GID=0 JDK_HOME=/etc/java-config-2/current-system-vm CONFIG_PROTECT_MASK='/etc/gentoo-release /etc/sandbox.d /etc/fonts/fonts.conf /etc/terminfo /etc/ca-certificates.conf /etc/revdep-rebuild' CHROMEOS_CACHEDIR=/var/cache/chromeos-cache JAVA_HOME=/etc/java-config-2/current-system-vm SSH_AUTH_SOCK=/tmp/ssh-auth-sock SUDO_COMMAND=/bin/bash SUDO_USER=root SUDO_TTY=/dev/pts/2 EDITOR=/usr/bin/vi PWD=/mnt/host/source/src/platform/ec CONFIG_PROTECT=/usr/share/gnupg/qualified.txt LOGNAME=jpmurphy MANPATH=/etc/java-config-2/current-system-vm/man:/usr/local/share/man:/usr/share/man:/usr/share/gcc-data/x86_64-pc-linux-gnu/10.2.0/man:/usr/share/binutils-data/x86_64-pc-linux-gnu/2.45/man:/etc/java-config-2/current-system-vm/man/ SUDO_HOME=/root XAUTHORITY=/run/user/944457/gdm/Xauthority HOME=/home/jpmurphy LANG=C.UTF-8 LS_COLORS='rs=0:di=01;34:ln=01;36:mh=00:pi=40;33:so=01;35:do=01;35:bd=40;33;01:cd=40;33;01:or=01;05;37;41:mi=01;05;37;41:su=37;41:sg=30;43:ca=30;41:tw=30;42:ow=34;42:st=37;44:ex=01;32:*.tar=01;31:*.tgz=01;31:*.arc=01;31:*.arj=01;31:*.taz=01;31:*.lha=01;31:*.lz4=01;31:*.lzh=01;31:*.lzma=01;31:*.tlz=01;31:*.txz=01;31:*.tzo=01;31:*.t7z=01;31:*.zip=01;31:*.z=01;31:*.dz=01;31:*.gz=01;31:*.lrz=01;31:*.lz=01;31:*.lzo=01;31:*.xz=01;31:*.zst=01;31:*.tzst=01;31:*.bz2=01;31:*.bz=01;31:*.tbz=01;31:*.tbz2=01;31:*.tz=01;31:*.deb=01;31:*.rpm=01;31:*.jar=01;31:*.war=01;31:*.ear=01;31:*.sar=01;31:*.rar=01;31:*.alz=01;31:*.ace=01;31:*.zoo=01;31:*.cpio=01;31:*.7z=01;31:*.rz=01;31:*.cab=01;31:*.wim=01;31:*.swm=01;31:*.dwm=01;31:*.esd=01;31:*.jpg=01;35:*.jpeg=01;35:*.mjpg=01;35:*.mjpeg=01;35:*.gif=01;35:*.bmp=01;35:*.pbm=01;35:*.pgm=01;35:*.ppm=01;35:*.tga=01;35:*.xbm=01;35:*.xpm=01;35:*.tif=01;35:*.tiff=01;35:*.png=01;35:*.svg=01;35:*.svgz=01;35:*.mng=01;35:*.pcx=01;35:*.mov=01;35:*.mpg=01;35:*.mpeg=01;35:*.m2v=01;35:*.mkv=01;35:*.webm=01;35:*.webp=01;35:*.ogm=01;35:*.mp4=01;35:*.m4v=01;35:*.mp4v=01;35:*.vob=01;35:*.qt=01;35:*.nuv=01;35:*.wmv=01;35:*.asf=01;35:*.rm=01;35:*.rmvb=01;35:*.flc=01;35:*.avi=01;35:*.fli=01;35:*.flv=01;35:*.gl=01;35:*.dl=01;35:*.xcf=01;35:*.xwd=01;35:*.yuv=01;35:*.cgm=01;35:*.emf=01;35:*.ogv=01;35:*.ogx=01;35:*.cfg=00;32:*.conf=00;32:*.diff=00;32:*.doc=00;32:*.ini=00;32:*.log=00;32:*.patch=00;32:*.pdf=00;32:*.ps=00;32:*.tex=00;32:*.txt=00;32:*.aac=00;36:*.au=00;36:*.flac=00;36:*.m4a=00;36:*.mid=00;36:*.midi=00;36:*.mka=00;36:*.mp3=00;36:*.mpc=00;36:*.ogg=00;36:*.ra=00;36:*.wav=00;36:*.oga=00;36:*.opus=00;36:*.spx=00;36:*.xspf=00;36:' XDG_CURRENT_DESKTOP=GNOME INFOPATH=/usr/share/info:/usr/share/gcc-data/x86_64-pc-linux-gnu/10.2.0/info:/usr/share/binutils-data/x86_64-pc-linux-gnu/2.45/info:/usr/share/automake-1.16.5/info JAVAC=/etc/java-config-2/current-system-vm/bin/javac TERM=xterm-256color LESSOPEN='|lesspipe %s' USER=jpmurphy CROS_WORKON_SRCROOT=/mnt/host/source MANPAGER=manpager DISPLAY=:1 SHLVL=1 LC_MESSAGES=C EXTERNAL_TRUNK_PATH=/mnt/8f9d649a-3721-44cc-93c0-e6bd21a9689f/chromiumos GCC_SPECS='' PATH=/mnt/host/source/chromite/bin:/usr/local/bin:/usr/bin:/bin:/opt/bin:/mnt/host/source/chromite/sdk/bin:/mnt/host/source/chromite/bin PORTAGE_USERNAME=jpmurphy SUDO_UID=0 GCC_VER=10.2.0 MAIL=/var/mail/jpmurphy OLDPWD=/mnt/host/source/src/scripts traceparent=00-e87aca51550a78635907baa6a2476181-6d684811675d2973-01 _=./zephyr/firmware_builder.py COREBOOT_SDK_ROOT_x86=/home/jpmurphy/.cache/coreboot-sdk/i386-elf/dfbb0486385d938cfa9d73080b9d18d598ed4f49 COREBOOT_SDK_ROOT_picolibc_x86=/home/jpmurphy/.cache/coreboot-sdk/picolibc-i386-elf/eb8e8e687b95461de8cbf278f1c2076952d0ad17 COREBOOT_SDK_ROOT_riscv64=/home/jpmurphy/.cache/coreboot-sdk/riscv64-elf/96b949749225b6aaa92ed810ab769e8dfb12f000 COREBOOT_SDK_ROOT_picolibc_arm=/home/jpmurphy/.cache/coreboot-sdk/picolibc-arm-eabi/422a2aa3e1ef891b5bece9a3deb696ff83840d2e COREBOOT_SDK_ROOT_nds32=/home/jpmurphy/.cache/coreboot-sdk/nds32le-elf/d1a518c4a097666d86058e1444f85ca015d15511 COREBOOT_SDK_ROOT_picolibc_riscv64=/home/jpmurphy/.cache/coreboot-sdk/picolibc-riscv64-elf/f571e990ef0278564b31124f8bb109d9a697eb69 COREBOOT_SDK_ROOT_arm=/home/jpmurphy/.cache/coreboot-sdk/arm-eabi/ea40ddd1d190c3b48435c474c0b545719371813a COREBOOT_SDK_ROOT_libstdcxx_riscv64=/home/jpmurphy/.cache/coreboot-sdk/libstdcxx-riscv64-elf/17abf22a3a252e2d5d2062ced5324f7a623689e0 COREBOOT_SDK_ROOT_libstdcxx_arm=/home/jpmurphy/.cache/coreboot-sdk/libstdcxx-arm-eabi/5d7d82e150e44aa1968f1d366e267e6687b328ac COREBOOT_SDK_ROOT_riscv=/home/jpmurphy/.cache/coreboot-sdk/riscv-elf/9a27b9e82341c6e9126624f516ab3f261abb3e73 COREBOOT_SDK_ROOT_libstdcxx_x86=/home/jpmurphy/.cache/coreboot-sdk/libstdcxx-i386-elf/42ef9d2e87a76a37963175d7d428734e65648b87 PYTHONPATH=/mnt/host/source/src/platform/ec/zephyr/zmake PW_PIGWEED_CIPD_INSTALL_DIR=/usr CROSTC_USER_ACKNOWLEDGES_THAT_RISCV_IS_EXPERIMENTAL=1 MAKEFLAGS=' -j16 --jobserver-auth=5,6' /usr/bin/ninja -C /mnt/host/source/src/platform/ec/build/zephyr/vader/build-ro all.libraries`
[uldrenite:rw] [420/421] Building C object zephyr/kernel/CMakeFiles/kernel.dir/dynamic_disabled.c.obj
[vader:ro] ninja: Entering directory `/mnt/host/source/src/platform/ec/build/zephyr/vader/build-ro'
[uldrenite:ro] [210/421] Linking CXX static library zephyr/libzephyr.a
[/mnt/host/source/src/platform/ec/build/zephyr/moonstone-ish-lcov]   /mnt/host/source/src/platform/ec/build/zephyr/moonstone-ish/build-singleimage/zephyr/kernel/CMakeFiles/kernel.dir/errno.c.gcno:no functions found
[/mnt/host/source/src/platform/ec/build/zephyr/moonstone-ish-lcov] stderr:
[uldrenite:rw] [421/421] Linking CXX static library zephyr/kernel/libkernel.a
[vader:rw] [17/369] Building C object zephyr/CMakeFiles/zephyr.dir/lib/os/thread_entry.c.obj
[ruby:rw] [184/394] Building C object zephyr/arch/arch/arm/core/cortex_m/CMakeFiles/arch__arm__core__cortex_m.dir/exc_exit.c.obj
[uldrenite:ro] [211/421] Building C object zephyr/arch/common/CMakeFiles/isr_tables.dir/isr_tables.c.obj
[uldrenite:ro] [212/421] Building ASM object zephyr/arch/arch/arm/core/CMakeFiles/arch__arm__core.dir/nmi_on_reset.S.obj
[uldrenite:ro] [213/421] Building C object zephyr/arch/common/CMakeFiles/arch__common.dir/xip.c.obj
[uldrenite:ro] [214/421] Linking CXX static library zephyr/arch/common/libisr_tables.a
[vader:rw] [18/369] Building C object zephyr/CMakeFiles/zephyr.dir/lib/os/cbprintf_nano.c.obj
[ruby:rw] [185/394] Building C object zephyr/arch/arch/arm/core/cortex_m/CMakeFiles/arch__arm__core__cortex_m.dir/fault.c.obj
[uldrenite:ro] [215/421] Building C object zephyr/arch/arch/arm/core/CMakeFiles/arch__arm__core.dir/__aeabi_atexit.c.obj
[trulo:rw] [21/417] Building CXX object modules/ec/zephyr/shim/src/CMakeFiles/platform_ec_log.tokenized_handler.dir/pw_log_zephyr_tokenized.cc.obj
[uldrenite:ro] [216/421] Linking CXX static library zephyr/arch/common/libarch__common.a
[vader:ro] [1/369] Generating include/generated/zephyr/version.h
[vader:ro] -- git describe warned: warning: tag 'upstream/v2.7.99' is externally known as 'v2.7.99'
[vader:ro] -- Zephyr version: 4.3.99 (/mnt/host/source/src/third_party/zephyr/main)
[vader:ro] [2/369] Preparing syscall dependency handling
[trulo:rw] [22/417] Building CXX object modules/pigweed/pw_base64/CMakeFiles/pw_base64.dir/base64.cc.obj
[vader:ro] [3/369] Generating misc/generated/syscalls_subdirs.trigger
[ruby:rw] [186/394] Building C object zephyr/arch/arch/arm/core/cortex_m/CMakeFiles/arch__arm__core__cortex_m.dir/fpu.c.obj
[/mnt/host/source/src/platform/ec/build/zephyr/guren-lcov] geninfo: WARNING: using JSON module "JSON::PP" - which is much slower than some alternatives.  Consider installing one of JSON::XS or Cpanel::JSON::XS
[trulo:rw] [23/417] Building CXX object modules/pigweed/pw_containers/CMakeFiles/pw_containers.intrusive_item.dir/intrusive_item.cc.obj
[uldrenite:ro] [217/421] Building C object zephyr/arch/arch/arm/core/CMakeFiles/arch__arm__core.dir/nmi.c.obj
[vader:rw] [19/369] Building C object zephyr/CMakeFiles/zephyr.dir/lib/os/cbprintf.c.obj
[trulo:rw] [24/417] Building CXX object modules/pigweed/pw_status/CMakeFiles/pw_status.dir/status.cc.obj
[uldrenite:ro] [218/421] Building C object zephyr/arch/arch/arm/core/CMakeFiles/arch__arm__core.dir/fatal.c.obj
[ruby:rw] [187/394] Building ASM object zephyr/arch/arch/arm/core/cortex_m/CMakeFiles/arch__arm__core__cortex_m.dir/reset.S.obj
[uldrenite:ro] [219/421] Building ASM object zephyr/arch/arch/arm/core/cortex_m/CMakeFiles/arch__arm__core__cortex_m.dir/fault_s.S.obj
[vader:rw] [20/369] Building C object zephyr/CMakeFiles/zephyr.dir/lib/utils/base64.c.obj
[vader:rw] [21/369] Building C object zephyr/CMakeFiles/zephyr.dir/lib/utils/dec.c.obj
[ruby:rw] [188/394] Building C object zephyr/arch/arch/arm/core/cortex_m/CMakeFiles/arch__arm__core__cortex_m.dir/scb.c.obj
[uldrenite:ro] [220/421] Building C object zephyr/arch/arch/arm/core/cortex_m/CMakeFiles/arch__arm__core__cortex_m.dir/exc_exit.c.obj
[ruby:rw] [189/394] Building ASM object zephyr/arch/arch/arm/core/cortex_m/CMakeFiles/arch__arm__core__cortex_m.dir/vector_table.S.obj
[uldrenite:ro] [221/421] Building C object zephyr/arch/arch/arm/core/CMakeFiles/arch__arm__core.dir/tls.c.obj
[vader:rw] [22/369] Building C object zephyr/CMakeFiles/zephyr.dir/lib/os/assert.c.obj
[uldrenite:ro] [222/421] Linking CXX static library zephyr/arch/arch/arm/core/libarch__arm__core.a
[ruby:rw] [190/394] Building C object zephyr/arch/arch/arm/core/cortex_m/CMakeFiles/arch__arm__core__cortex_m.dir/thread_abort.c.obj
[vader:ro] [4/369] Generating misc/generated/syscalls.json, misc/generated/struct_tags.json
[vader:rw] [23/369] Building C object zephyr/CMakeFiles/zephyr.dir/lib/utils/hex.c.obj
[trulo:rw] [25/417] Building CXX object modules/pigweed/pw_bytes/CMakeFiles/pw_bytes.dir/byte_builder.cc.obj
[/mnt/host/source/src/platform/ec/build/zephyr/moonstone-ish-lcov]   /mnt/host/source/src/platform/ec/build/zephyr/moonstone-ish/build-singleimage/zephyr/lib/libc/picolibc/CMakeFiles/lib__libc__picolibc.dir/errno_wrap.c.gcno:no functions found
[/mnt/host/source/src/platform/ec/build/zephyr/moonstone-ish-lcov] stderr:
[vader:ro] [5/369] Generating include/generated/zephyr/syscall_dispatch.c, include/generated/zephyr/syscall_exports_llext.c, syscall_weakdefs_llext.c, include/generated/zephyr/syscall_list.h
[uldrenite:ro] [223/421] Building ASM object zephyr/arch/arch/arm/core/cortex_m/CMakeFiles/arch__arm__core__cortex_m.dir/reset.S.obj
[uldrenite:ro] [224/421] Building C object zephyr/arch/arch/arm/core/cortex_m/CMakeFiles/arch__arm__core__cortex_m.dir/fpu.c.obj
[vader:rw] [24/369] Building C object zephyr/CMakeFiles/zephyr.dir/lib/utils/timeutil.c.obj
[vader:ro] [6/369] Generating include/generated/zephyr/driver-validation.h
[ruby:rw] [191/394] Building ASM object zephyr/arch/arch/arm/core/cortex_m/CMakeFiles/arch__arm__core__cortex_m.dir/swap_helper.S.obj
[uldrenite:ro] [225/421] Building ASM object zephyr/arch/arch/arm/core/cortex_m/CMakeFiles/arch__arm__core__cortex_m.dir/vector_table.S.obj
[vader:ro] [7/369] Generating include/generated/zephyr/kobj-types-enum.h, include/generated/zephyr/otype-to-str.h, include/generated/zephyr/otype-to-size.h
[vader:rw] [25/369] Building C object zephyr/CMakeFiles/zephyr.dir/lib/utils/rb.c.obj
[vader:ro] [8/369] Generating include/generated/device-api-sections.ld, include/generated/device-api-sections.cmake
[uldrenite:ro] [226/421] Building C object zephyr/arch/arch/arm/core/cortex_m/CMakeFiles/arch__arm__core__cortex_m.dir/fault.c.obj
[ruby:rw] [192/394] Building C object zephyr/arch/arch/arm/core/cortex_m/CMakeFiles/arch__arm__core__cortex_m.dir/irq_manage.c.obj
[uldrenite:ro] [227/421] Building C object zephyr/arch/arch/arm/core/cortex_m/CMakeFiles/arch__arm__core__cortex_m.dir/thread_abort.c.obj
[trulo:rw] [26/417] Building CXX object modules/pigweed/pw_tokenizer/CMakeFiles/pw_tokenizer.dir/hash.cc.obj
[uldrenite:ro] [228/421] Building C object zephyr/arch/arch/arm/core/cortex_m/CMakeFiles/arch__arm__core__cortex_m.dir/scb.c.obj
[vader:rw] [26/369] Building C object zephyr/CMakeFiles/zephyr.dir/lib/utils/bitmask.c.obj
[ruby:rw] [193/394] Building C object zephyr/arch/arch/arm/core/cortex_m/CMakeFiles/arch__arm__core__cortex_m.dir/prep_c.c.obj
[uldrenite:ro] [229/421] Building ASM object zephyr/arch/arch/arm/core/cortex_m/CMakeFiles/arch__arm__core__cortex_m.dir/swap_helper.S.obj
[/mnt/host/source/src/platform/ec/build/zephyr/guren-lcov] stderr:
[trulo:rw] [27/417] Building CXX object modules/pigweed/pw_log_tokenized/CMakeFiles/pw_log_tokenized.dir/log_tokenized.cc.obj
[trulo:rw] [28/417] Building CXX object modules/pigweed/pw_tokenizer/CMakeFiles/pw_tokenizer.dir/encode_args.cc.obj
[vader:rw] [27/369] Building C object zephyr/CMakeFiles/zephyr.dir/lib/utils/bitarray.c.obj
[ruby:rw] [194/394] Building C object zephyr/arch/arch/arm/core/cortex_m/CMakeFiles/arch__arm__core__cortex_m.dir/thread.c.obj
[vader:ro] [9/369] Building C object zephyr/CMakeFiles/offsets.dir/arch/arm/core/offsets/offsets.c.obj
[uldrenite:ro] [230/421] Building C object zephyr/arch/arch/arm/core/cortex_m/CMakeFiles/arch__arm__core__cortex_m.dir/irq_manage.c.obj
[/mnt/host/source/src/platform/ec/build/zephyr/guren-lcov]   /mnt/host/source/src/platform/ec/build/zephyr/guren/build-ro/modules/ec/zephyr/CMakeFiles/ec_shim.dir/shim/src/thermal.c.gcno:no functions found
[/mnt/host/source/src/platform/ec/build/zephyr/guren-lcov] stderr:
[ruby:rw] [195/394] Building C object zephyr/arch/arch/arm/core/cortex_m/CMakeFiles/arch__arm__core__cortex_m.dir/cpu_idle.c.obj
[vader:ro] [10/369] Generating include/generated/zephyr/offsets.h
[uldrenite:ro] [231/421] Building C object zephyr/arch/arch/arm/core/cortex_m/CMakeFiles/arch__arm__core__cortex_m.dir/thread.c.obj
[uldrenite:ro] [232/421] Building C object zephyr/arch/arch/arm/core/cortex_m/CMakeFiles/arch__arm__core__cortex_m.dir/prep_c.c.obj
[uldrenite:ro] [233/421] Building C object zephyr/arch/arch/arm/core/cortex_m/CMakeFiles/arch__arm__core__cortex_m.dir/cpu_idle.c.obj
[uldrenite:ro] [234/421] Building C object zephyr/arch/arch/arm/core/cortex_m/CMakeFiles/arch__arm__core__cortex_m.dir/irq_init.c.obj
[/mnt/host/source/src/platform/ec/build/zephyr/guren-lcov]   /mnt/host/source/src/platform/ec/build/zephyr/guren/build-ro/modules/ec/zephyr/CMakeFiles/ec_shim.dir/shim/src/battery.c.gcno:no functions found
[/mnt/host/source/src/platform/ec/build/zephyr/guren-lcov] stderr:
[ruby:rw] [196/394] Building C object zephyr/arch/arch/arm/core/cortex_m/CMakeFiles/arch__arm__core__cortex_m.dir/irq_init.c.obj
[vader:rw] [28/369] Building C object zephyr/CMakeFiles/zephyr.dir/lib/utils/getopt/getopt.c.obj
[/mnt/host/source/src/platform/ec/build/zephyr/guren-lcov]   /mnt/host/source/src/platform/ec/build/zephyr/guren/build-ro/modules/ec/zephyr/CMakeFiles/ec_shim.dir/shim/src/charger.c.gcno:no functions found
[/mnt/host/source/src/platform/ec/build/zephyr/guren-lcov] stderr:
[uldrenite:ro] [235/421] Building ASM object zephyr/arch/arch/arm/core/cortex_m/CMakeFiles/arch__arm__core__cortex_m.dir/__aeabi_read_tp.S.obj
[vader:rw] [29/369] Building C object zephyr/CMakeFiles/zephyr.dir/lib/utils/getopt/getopt_common.c.obj
[vader:rw] [30/369] Building C object zephyr/CMakeFiles/zephyr.dir/lib/utils/ring_buffer.c.obj
[trulo:rw] [29/417] Building CXX object modules/pigweed/pw_tokenizer/CMakeFiles/pw_tokenizer.base64.dir/base64.cc.obj
[ruby:rw] [197/394] Building C object zephyr/arch/arch/arm/core/cortex_m/CMakeFiles/arch__arm__core__cortex_m.dir/isr_wrapper.c.obj
[uldrenite:ro] [236/421] Building C object zephyr/arch/arch/arm/core/cortex_m/CMakeFiles/arch__arm__core__cortex_m.dir/isr_wrapper.c.obj
[vader:rw] [31/369] Building C object zephyr/CMakeFiles/zephyr.dir/lib/utils/last_section_id.c.obj
[vader:ro] [11/369] Building C object zephyr/CMakeFiles/zephyr.dir/lib/libc/validate_libc.c.obj
[ruby:rw] [198/394] Linking C static library zephyr/arch/arch/arm/core/cortex_m/libarch__arm__core__cortex_m.a
[vader:rw] [32/369] Building C object zephyr/CMakeFiles/zephyr.dir/misc/generated/configs.c.obj
[uldrenite:ro] [237/421] Linking CXX static library zephyr/arch/arch/arm/core/cortex_m/libarch__arm__core__cortex_m.a
[trulo:rw] [30/417] Building CXX object modules/pigweed/pw_tokenizer/CMakeFiles/pw_tokenizer.dir/tokenize.cc.obj
[ruby:rw] [199/394] Building C object zephyr/arch/arch/arm/core/mpu/CMakeFiles/arch__arm__core__mpu.dir/arm_core_mpu.c.obj
[uldrenite:ro] [238/421] Building C object zephyr/arch/arch/arm/core/mpu/CMakeFiles/arch__arm__core__mpu.dir/arm_mpu_regions.c.obj
[ruby:rw] [200/394] Generating ../../../include/generated/libc/minimal/strerror_table.h
[/mnt/host/source/src/platform/ec/build/zephyr/moonstone-ish-lcov]   /mnt/host/source/src/platform/ec/build/zephyr/moonstone-ish/build-singleimage/zephyr/drivers/syscon/CMakeFiles/drivers__syscon.dir/mnt/host/source/src/third_party/zephyr/main/misc/empty_file.c.gcno:no functions found
[/mnt/host/source/src/platform/ec/build/zephyr/moonstone-ish-lcov] Filter suppressions 'region':
[/mnt/host/source/src/platform/ec/build/zephyr/guren-lcov]   /mnt/host/source/src/platform/ec/build/zephyr/guren/build-ro/modules/ec/zephyr/CMakeFiles/ec_shim.dir/shim/src/usb_muxes.c.gcno:no functions found
[/mnt/host/source/src/platform/ec/build/zephyr/guren-lcov] stderr:
[uldrenite:ro] [239/421] Building C object zephyr/arch/arch/arm/core/mpu/CMakeFiles/arch__arm__core__mpu.dir/arm_core_mpu.c.obj
[/mnt/host/source/src/platform/ec/build/zephyr/moonstone-ish-lcov]     21 instances
[/mnt/host/source/src/platform/ec/build/zephyr/moonstone-ish-lcov]     18 coverpoints
[/mnt/host/source/src/platform/ec/build/zephyr/moonstone-ish-lcov] Message summary:
[/mnt/host/source/src/platform/ec/build/zephyr/moonstone-ish-lcov]   1 warning message:
[/mnt/host/source/src/platform/ec/build/zephyr/moonstone-ish-lcov]     format: 1
[/mnt/host/source/src/platform/ec/build/zephyr/moonstone-ish-lcov]   10 ignore messages:
[/mnt/host/source/src/platform/ec/build/zephyr/moonstone-ish-lcov]     gcov: 10
[uldrenite:ro] [240/421] Building C object zephyr/lib/libc/picolibc/CMakeFiles/lib__libc__picolibc.dir/assert.c.obj
[ruby:rw] [201/394] Building C object zephyr/lib/libc/minimal/CMakeFiles/lib__libc__minimal.dir/source/stdlib/atoi.c.obj
[ruby:rw] [202/394] Building C object zephyr/arch/arch/arm/core/mpu/CMakeFiles/arch__arm__core__mpu.dir/arm_mpu.c.obj
[vader:rw] [33/369] Building C object zephyr/CMakeFiles/zephyr.dir/soc/nuvoton/npcx/common/power.c.obj
[ruby:rw] [203/394] Building C object zephyr/arch/arch/arm/core/mpu/CMakeFiles/arch__arm__core__mpu.dir/arm_mpu_regions.c.obj
[ruby:rw] [204/394] Building C object zephyr/lib/libc/minimal/CMakeFiles/lib__libc__minimal.dir/source/stdlib/strtoul.c.obj
[uldrenite:ro] [241/421] Building C object zephyr/arch/arch/arm/core/mpu/CMakeFiles/arch__arm__core__mpu.dir/arm_mpu.c.obj
[ruby:rw] [205/394] Building C object zephyr/lib/libc/minimal/CMakeFiles/lib__libc__minimal.dir/source/stdlib/strtol.c.obj
[vader:rw] [34/369] Building C object zephyr/CMakeFiles/zephyr.dir/soc/nuvoton/npcx/common/scfg.c.obj
[uldrenite:ro] [242/421] Linking CXX static library zephyr/arch/arch/arm/core/mpu/libarch__arm__core__mpu.a
[ruby:rw] [206/394] Linking C static library zephyr/arch/arch/arm/core/mpu/libarch__arm__core__mpu.a
[vader:ro] [12/369] Building C object zephyr/CMakeFiles/zephyr.dir/lib/heap/heap.c.obj
[uldrenite:ro] [243/421] Building C object zephyr/lib/libc/picolibc/CMakeFiles/lib__libc__picolibc.dir/cbprintf.c.obj
[ruby:rw] [207/394] Building C object zephyr/lib/libc/minimal/CMakeFiles/lib__libc__minimal.dir/source/stdlib/strtoll.c.obj
[ruby:rw] [208/394] Building C object zephyr/lib/libc/minimal/CMakeFiles/lib__libc__minimal.dir/source/stdlib/strtoull.c.obj
[ruby:rw] [209/394] Building C object zephyr/lib/libc/minimal/CMakeFiles/lib__libc__minimal.dir/source/stdlib/bsearch.c.obj
[trulo:ro] Building: /usr/bin/ninja -C /mnt/host/source/src/platform/ec/build/zephyr/trulo/build-ro all.libraries
Running `env -i SHELL=/bin/bash COLORTERM=truecolor DEPOT_TOOLS_UPDATE=0 LESS='-R -M --shift 5' SUDO_GID=0 JDK_HOME=/etc/java-config-2/current-system-vm CONFIG_PROTECT_MASK='/etc/gentoo-release /etc/sandbox.d /etc/fonts/fonts.conf /etc/terminfo /etc/ca-certificates.conf /etc/revdep-rebuild' CHROMEOS_CACHEDIR=/var/cache/chromeos-cache JAVA_HOME=/etc/java-config-2/current-system-vm SSH_AUTH_SOCK=/tmp/ssh-auth-sock SUDO_COMMAND=/bin/bash SUDO_USER=root SUDO_TTY=/dev/pts/2 EDITOR=/usr/bin/vi PWD=/mnt/host/source/src/platform/ec CONFIG_PROTECT=/usr/share/gnupg/qualified.txt LOGNAME=jpmurphy MANPATH=/etc/java-config-2/current-system-vm/man:/usr/local/share/man:/usr/share/man:/usr/share/gcc-data/x86_64-pc-linux-gnu/10.2.0/man:/usr/share/binutils-data/x86_64-pc-linux-gnu/2.45/man:/etc/java-config-2/current-system-vm/man/ SUDO_HOME=/root XAUTHORITY=/run/user/944457/gdm/Xauthority HOME=/home/jpmurphy LANG=C.UTF-8 LS_COLORS='rs=0:di=01;34:ln=01;36:mh=00:pi=40;33:so=01;35:do=01;35:bd=40;33;01:cd=40;33;01:or=01;05;37;41:mi=01;05;37;41:su=37;41:sg=30;43:ca=30;41:tw=30;42:ow=34;42:st=37;44:ex=01;32:*.tar=01;31:*.tgz=01;31:*.arc=01;31:*.arj=01;31:*.taz=01;31:*.lha=01;31:*.lz4=01;31:*.lzh=01;31:*.lzma=01;31:*.tlz=01;31:*.txz=01;31:*.tzo=01;31:*.t7z=01;31:*.zip=01;31:*.z=01;31:*.dz=01;31:*.gz=01;31:*.lrz=01;31:*.lz=01;31:*.lzo=01;31:*.xz=01;31:*.zst=01;31:*.tzst=01;31:*.bz2=01;31:*.bz=01;31:*.tbz=01;31:*.tbz2=01;31:*.tz=01;31:*.deb=01;31:*.rpm=01;31:*.jar=01;31:*.war=01;31:*.ear=01;31:*.sar=01;31:*.rar=01;31:*.alz=01;31:*.ace=01;31:*.zoo=01;31:*.cpio=01;31:*.7z=01;31:*.rz=01;31:*.cab=01;31:*.wim=01;31:*.swm=01;31:*.dwm=01;31:*.esd=01;31:*.jpg=01;35:*.jpeg=01;35:*.mjpg=01;35:*.mjpeg=01;35:*.gif=01;35:*.bmp=01;35:*.pbm=01;35:*.pgm=01;35:*.ppm=01;35:*.tga=01;35:*.xbm=01;35:*.xpm=01;35:*.tif=01;35:*.tiff=01;35:*.png=01;35:*.svg=01;35:*.svgz=01;35:*.mng=01;35:*.pcx=01;35:*.mov=01;35:*.mpg=01;35:*.mpeg=01;35:*.m2v=01;35:*.mkv=01;35:*.webm=01;35:*.webp=01;35:*.ogm=01;35:*.mp4=01;35:*.m4v=01;35:*.mp4v=01;35:*.vob=01;35:*.qt=01;35:*.nuv=01;35:*.wmv=01;35:*.asf=01;35:*.rm=01;35:*.rmvb=01;35:*.flc=01;35:*.avi=01;35:*.fli=01;35:*.flv=01;35:*.gl=01;35:*.dl=01;35:*.xcf=01;35:*.xwd=01;35:*.yuv=01;35:*.cgm=01;35:*.emf=01;35:*.ogv=01;35:*.ogx=01;35:*.cfg=00;32:*.conf=00;32:*.diff=00;32:*.doc=00;32:*.ini=00;32:*.log=00;32:*.patch=00;32:*.pdf=00;32:*.ps=00;32:*.tex=00;32:*.txt=00;32:*.aac=00;36:*.au=00;36:*.flac=00;36:*.m4a=00;36:*.mid=00;36:*.midi=00;36:*.mka=00;36:*.mp3=00;36:*.mpc=00;36:*.ogg=00;36:*.ra=00;36:*.wav=00;36:*.oga=00;36:*.opus=00;36:*.spx=00;36:*.xspf=00;36:' XDG_CURRENT_DESKTOP=GNOME INFOPATH=/usr/share/info:/usr/share/gcc-data/x86_64-pc-linux-gnu/10.2.0/info:/usr/share/binutils-data/x86_64-pc-linux-gnu/2.45/info:/usr/share/automake-1.16.5/info JAVAC=/etc/java-config-2/current-system-vm/bin/javac TERM=xterm-256color LESSOPEN='|lesspipe %s' USER=jpmurphy CROS_WORKON_SRCROOT=/mnt/host/source MANPAGER=manpager DISPLAY=:1 SHLVL=1 LC_MESSAGES=C EXTERNAL_TRUNK_PATH=/mnt/8f9d649a-3721-44cc-93c0-e6bd21a9689f/chromiumos GCC_SPECS='' PATH=/mnt/host/source/chromite/bin:/usr/local/bin:/usr/bin:/bin:/opt/bin:/mnt/host/source/chromite/sdk/bin:/mnt/host/source/chromite/bin PORTAGE_USERNAME=jpmurphy SUDO_UID=0 GCC_VER=10.2.0 MAIL=/var/mail/jpmurphy OLDPWD=/mnt/host/source/src/scripts traceparent=00-e87aca51550a78635907baa6a2476181-6d684811675d2973-01 _=./zephyr/firmware_builder.py COREBOOT_SDK_ROOT_x86=/home/jpmurphy/.cache/coreboot-sdk/i386-elf/dfbb0486385d938cfa9d73080b9d18d598ed4f49 COREBOOT_SDK_ROOT_picolibc_x86=/home/jpmurphy/.cache/coreboot-sdk/picolibc-i386-elf/eb8e8e687b95461de8cbf278f1c2076952d0ad17 COREBOOT_SDK_ROOT_riscv64=/home/jpmurphy/.cache/coreboot-sdk/riscv64-elf/96b949749225b6aaa92ed810ab769e8dfb12f000 COREBOOT_SDK_ROOT_picolibc_arm=/home/jpmurphy/.cache/coreboot-sdk/picolibc-arm-eabi/422a2aa3e1ef891b5bece9a3deb696ff83840d2e COREBOOT_SDK_ROOT_nds32=/home/jpmurphy/.cache/coreboot-sdk/nds32le-elf/d1a518c4a097666d86058e1444f85ca015d15511 COREBOOT_SDK_ROOT_picolibc_riscv64=/home/jpmurphy/.cache/coreboot-sdk/picolibc-riscv64-elf/f571e990ef0278564b31124f8bb109d9a697eb69 COREBOOT_SDK_ROOT_arm=/home/jpmurphy/.cache/coreboot-sdk/arm-eabi/ea40ddd1d190c3b48435c474c0b545719371813a COREBOOT_SDK_ROOT_libstdcxx_riscv64=/home/jpmurphy/.cache/coreboot-sdk/libstdcxx-riscv64-elf/17abf22a3a252e2d5d2062ced5324f7a623689e0 COREBOOT_SDK_ROOT_libstdcxx_arm=/home/jpmurphy/.cache/coreboot-sdk/libstdcxx-arm-eabi/5d7d82e150e44aa1968f1d366e267e6687b328ac COREBOOT_SDK_ROOT_riscv=/home/jpmurphy/.cache/coreboot-sdk/riscv-elf/9a27b9e82341c6e9126624f516ab3f261abb3e73 COREBOOT_SDK_ROOT_libstdcxx_x86=/home/jpmurphy/.cache/coreboot-sdk/libstdcxx-i386-elf/42ef9d2e87a76a37963175d7d428734e65648b87 PYTHONPATH=/mnt/host/source/src/platform/ec/zephyr/zmake PW_PIGWEED_CIPD_INSTALL_DIR=/usr CROSTC_USER_ACKNOWLEDGES_THAT_RISCV_IS_EXPERIMENTAL=1 MAKEFLAGS=' -j16 --jobserver-auth=5,6' /usr/bin/ninja -C /mnt/host/source/src/platform/ec/build/zephyr/trulo/build-ro all.libraries`
[trulo:rw] [31/417] Building CXX object modules/pigweed/pw_varint/CMakeFiles/pw_varint.dir/varint.cc.obj
[trulo:ro] ninja: Entering directory `/mnt/host/source/src/platform/ec/build/zephyr/trulo/build-ro'
[uldrenite:ro] [244/421] Building C object zephyr/lib/libc/picolibc/CMakeFiles/lib__libc__picolibc.dir/chk_fail.c.obj
[trulo:rw] [32/417] Linking CXX static library modules/pigweed/pw_varint/libpw_varint.a
[uldrenite:ro] [245/421] Building C object zephyr/lib/libc/picolibc/CMakeFiles/lib__libc__picolibc.dir/errno_wrap.c.obj
[ruby:rw] [210/394] Building C object zephyr/lib/libc/minimal/CMakeFiles/lib__libc__minimal.dir/source/string/strerror.c.obj
[uldrenite:ro] [246/421] Building C object zephyr/lib/libc/common/CMakeFiles/lib__libc__common.dir/source/time/time.c.obj
[trulo:rw] [33/417] Linking CXX static library modules/pigweed/pw_tokenizer/libpw_tokenizer.base64.a
[uldrenite:ro] [247/421] Building C object zephyr/lib/posix/c_lib_ext/CMakeFiles/lib__posix__c_lib_ext.dir/fnmatch.c.obj
[ruby:rw] [211/394] Building C object zephyr/lib/libc/minimal/CMakeFiles/lib__libc__minimal.dir/source/stdlib/qsort.c.obj
[uldrenite:ro] [248/421] Building C object zephyr/lib/libc/picolibc/CMakeFiles/lib__libc__picolibc.dir/locks.c.obj
[uldrenite:ro] [249/421] Building C object zephyr/lib/libc/picolibc/CMakeFiles/lib__libc__picolibc.dir/exit.c.obj
[ruby:rw] [212/394] Building C object zephyr/lib/libc/minimal/CMakeFiles/lib__libc__minimal.dir/source/string/strncasecmp.c.obj
[trulo:rw] [34/417] Linking CXX static library modules/pigweed/pw_tokenizer/libpw_tokenizer.a
[ruby:rw] [213/394] Building C object zephyr/lib/libc/minimal/CMakeFiles/lib__libc__minimal.dir/source/string/strstr.c.obj
[uldrenite:ro] [250/421] Building C object zephyr/subsys/crc/CMakeFiles/subsys__crc.dir/crc4_sw.c.obj
[trulo:rw] [35/417] Linking CXX static library modules/pigweed/pw_status/libpw_status.a
[vader:rw] [35/369] Building C object zephyr/CMakeFiles/zephyr.dir/soc/nuvoton/npcx/common/npcxn/registers.c.obj
[uldrenite:ro] [251/421] Building C object zephyr/subsys/crc/CMakeFiles/subsys__crc.dir/crc8_sw.c.obj
[uldrenite:ro] [252/421] Building C object zephyr/lib/libc/picolibc/CMakeFiles/lib__libc__picolibc.dir/stdio.c.obj
[ruby:rw] [214/394] Building C object zephyr/lib/libc/minimal/CMakeFiles/lib__libc__minimal.dir/source/string/strspn.c.obj
[trulo:rw] [36/417] Linking CXX static library modules/pigweed/pw_log_tokenized/libpw_log_tokenized.a
[vader:rw] [36/369] Building C object zephyr/CMakeFiles/zephyr.dir/soc/nuvoton/npcx/npcx9/soc.c.obj
[uldrenite:ro] [253/421] Building C object zephyr/lib/libc/common/CMakeFiles/lib__libc__common.dir/source/stdlib/abort.c.obj
[uldrenite:ro] [254/421] Building C object zephyr/subsys/crc/CMakeFiles/subsys__crc.dir/crc16_sw.c.obj
[ruby:rw] [215/394] Building C object zephyr/lib/libc/minimal/CMakeFiles/lib__libc__minimal.dir/source/string/string.c.obj
[uldrenite:ro] [255/421] Linking CXX static library zephyr/lib/libc/picolibc/liblib__libc__picolibc.a
[trulo:rw] [37/417] Linking CXX static library modules/pigweed/pw_containers/libpw_containers.intrusive_item.a
[uldrenite:ro] [256/421] Building C object zephyr/subsys/crc/CMakeFiles/subsys__crc.dir/crc7_sw.c.obj
[uldrenite:ro] [257/421] Linking CXX static library zephyr/lib/libc/common/liblib__libc__common.a
[vader:ro] [13/369] Building C object zephyr/CMakeFiles/zephyr.dir/lib/os/cbprintf_packaged.c.obj
[trulo:rw] [38/417] Linking CXX static library modules/pigweed/pw_bytes/libpw_bytes.a
[ruby:rw] [216/394] Building C object zephyr/lib/libc/minimal/CMakeFiles/lib__libc__minimal.dir/source/stdlib/exit.c.obj
[uldrenite:ro] [258/421] Building C object zephyr/subsys/crc/CMakeFiles/subsys__crc.dir/crc24_sw.c.obj
[uldrenite:ro] [259/421] Building C object zephyr/subsys/crc/CMakeFiles/subsys__crc.dir/crc32_sw.c.obj
[trulo:rw] [39/417] Linking CXX static library modules/pigweed/pw_base64/libpw_base64.a
[uldrenite:ro] [260/421] Building C object zephyr/subsys/crc/CMakeFiles/subsys__crc.dir/crc32k_4_2_sw.c.obj
[uldrenite:ro] [261/421] Building C object zephyr/subsys/crc/CMakeFiles/subsys__crc.dir/crc32c_sw.c.obj
[trulo:rw] [40/417] Linking CXX static library modules/ec/zephyr/shim/src/libplatform_ec_log.tokenized_handler.a
[trulo:ro] [1/417] Generating include/generated/zephyr/version.h
[uldrenite:ro] [262/421] Linking CXX static library zephyr/subsys/crc/libsubsys__crc.a
[trulo:ro] -- git describe warned: warning: tag 'upstream/v2.7.99' is externally known as 'v2.7.99'
[trulo:ro] -- Zephyr version: 4.3.99 (/mnt/host/source/src/third_party/zephyr/main)
[trulo:ro] [2/417] Preparing syscall dependency handling
[trulo:rw] [41/417] Linking CXX static library modules/ec/zephyr/drivers/pw_transport/libpw_transport.proto.nanopb.a
[trulo:ro] [3/417] Generating misc/generated/syscalls_subdirs.trigger
[trulo:rw] [42/417] Linking CXX static library modules/ec/zephyr/drivers/dsp_comms/libdsp_comms.proto.nanopb.a
[uldrenite:ro] [263/421] Building C object zephyr/lib/smf/CMakeFiles/lib__smf.dir/smf.c.obj
[uldrenite:ro] [264/421] Building C object zephyr/subsys/input/CMakeFiles/subsys__input.dir/input_hid.c.obj
[trulo:rw] [43/417] Generating include/generated/zephyr/offsets.h
[uldrenite:ro] [265/421] Building C object zephyr/lib/posix/c_lib_ext/CMakeFiles/lib__posix__c_lib_ext.dir/getentropy.c.obj
[uldrenite:ro] [266/421] Building C object zephyr/lib/posix/c_lib_ext/CMakeFiles/lib__posix__c_lib_ext.dir/getopt_shim.c.obj
[uldrenite:ro] [267/421] Linking CXX static library zephyr/lib/smf/liblib__smf.a
[ruby:rw] [217/394] Building C object zephyr/lib/libc/minimal/CMakeFiles/lib__libc__minimal.dir/source/stdout/stdout_console.c.obj
[vader:rw] [37/369] Building C object zephyr/CMakeFiles/zephyr.dir/subsys/logging/log_minimal.c.obj
[uldrenite:ro] [268/421] Linking CXX static library zephyr/lib/posix/c_lib_ext/liblib__posix__c_lib_ext.a
[ruby:rw] [218/394] Building C object zephyr/lib/libc/minimal/CMakeFiles/lib__libc__minimal.dir/source/stdout/sprintf.c.obj
[vader:ro] [14/369] Building C object zephyr/CMakeFiles/zephyr.dir/lib/os/clock.c.obj
[vader:rw] [38/369] Building C object zephyr/CMakeFiles/zephyr.dir/subsys/mem_mgmt/mem_attr.c.obj
[ruby:rw] [219/394] Building C object zephyr/lib/libc/minimal/CMakeFiles/lib__libc__minimal.dir/source/stdout/fprintf.c.obj
[ruby:rw] [220/394] Building C object zephyr/lib/libc/minimal/CMakeFiles/lib__libc__minimal.dir/source/math/sqrtf.c.obj
[ruby:rw] [221/394] Building C object zephyr/lib/libc/minimal/CMakeFiles/lib__libc__minimal.dir/source/math/sqrt.c.obj
[uldrenite:ro] [269/421] Building C object zephyr/subsys/input/CMakeFiles/subsys__input.dir/input.c.obj
[ruby:rw] [222/394] Building C object zephyr/lib/libc/common/CMakeFiles/lib__libc__common.dir/source/time/asctime.c.obj
[trulo:ro] [4/417] Generating misc/generated/syscalls.json, misc/generated/struct_tags.json
[trulo:rw] [44/417] Building C object CMakeFiles/app.dir/mnt/host/source/src/platform/ec/zephyr/subsys/ap_pwrseq/ap_events.c.obj
[vader:rw] [39/369] Building C object zephyr/CMakeFiles/zephyr.dir/subsys/pm/state.c.obj
[ruby:rw] [223/394] Building C object zephyr/lib/libc/common/CMakeFiles/lib__libc__common.dir/source/time/gmtime_r.c.obj
[uldrenite:ro] [270/421] Building C object zephyr/drivers/interrupt_controller/CMakeFiles/drivers__interrupt_controller.dir/intc_miwu.c.obj
[uldrenite:ro] [271/421] Building C object zephyr/drivers/adc/CMakeFiles/drivers__adc.dir/adc_common.c.obj
[uldrenite:ro] [272/421] Building C object zephyr/subsys/input/CMakeFiles/subsys__input.dir/input_utils.c.obj
[uldrenite:ro] [273/421] Linking CXX static library zephyr/drivers/interrupt_controller/libdrivers__interrupt_controller.a
[trulo:ro] [5/417] Generating include/generated/zephyr/syscall_dispatch.c, include/generated/zephyr/syscall_exports_llext.c, syscall_weakdefs_llext.c, include/generated/zephyr/syscall_list.h
[uldrenite:ro] [274/421] Building C object zephyr/drivers/bbram/CMakeFiles/drivers__bbram.dir/bbram_npcx.c.obj
[vader:rw] [40/369] Building C object zephyr/CMakeFiles/zephyr.dir/subsys/pm/pm.c.obj
[uldrenite:ro] [275/421] Linking CXX static library zephyr/subsys/input/libsubsys__input.a
[uldrenite:ro] [276/421] Linking CXX static library zephyr/drivers/bbram/libdrivers__bbram.a
[vader:ro] [15/369] Building C object zephyr/CMakeFiles/zephyr.dir/lib/os/printk.c.obj
[uldrenite:ro] [277/421] Building C object zephyr/drivers/clock_control/CMakeFiles/drivers__clock_control.dir/clock_control_npcx.c.obj
[uldrenite:ro] [278/421] Linking CXX static library zephyr/drivers/clock_control/libdrivers__clock_control.a
[ruby:rw] [224/394] Building C object zephyr/lib/libc/common/CMakeFiles/lib__libc__common.dir/source/time/localtime_r_utc.c.obj
[ruby:rw] [225/394] Building C object zephyr/lib/libc/minimal/CMakeFiles/lib__libc__minimal.dir/source/time/gmtime.c.obj
[trulo:ro] [6/417] Generating include/generated/zephyr/driver-validation.h
[ruby:rw] [226/394] Building C object zephyr/lib/libc/common/CMakeFiles/lib__libc__common.dir/source/stdlib/abort.c.obj
[ruby:rw] [227/394] Linking C static library zephyr/lib/libc/minimal/liblib__libc__minimal.a
[uldrenite:ro] [279/421] Building C object zephyr/drivers/console/CMakeFiles/drivers__console.dir/uart_console.c.obj
[trulo:ro] [7/417] Generating include/generated/zephyr/kobj-types-enum.h, include/generated/zephyr/otype-to-str.h, include/generated/zephyr/otype-to-size.h
[ruby:rw] [228/394] Building C object zephyr/lib/libc/common/CMakeFiles/lib__libc__common.dir/source/time/ctime.c.obj
[trulo:ro] [8/417] Generating include/generated/device-api-sections.ld, include/generated/device-api-sections.cmake
[uldrenite:ro] [280/421] Linking CXX static library zephyr/drivers/console/libdrivers__console.a
[ruby:rw] [229/394] Building C object zephyr/lib/libc/common/CMakeFiles/lib__libc__common.dir/source/time/time.c.obj
[ruby:rw] [230/394] Building C object zephyr/lib/libc/common/CMakeFiles/lib__libc__common.dir/source/string/strnlen.c.obj
[trulo:ro] [9/417] cd /mnt/host/source/src/platform/ec/build/zephyr/trulo/build-ro/modules/ec/zephyr && PYTHONPATH=/mnt/host/source/src/platform/ec/build/zephyr/trulo/modules/ec/zephyr/zmake/ /usr/bin/python3.11 /mnt/host/source/src/platform/ec/build/zephyr/trulo/modules/ec/zephyr/zmake/zephyr_build_tools/generate_ec_version.py /mnt/host/source/src/platform/ec/build/zephyr/trulo/build-ro/modules/ec/zephyr/include/ec_version.h --name Zephyr-Kernel --version 16543.0.0 --static
[trulo:ro] INFO:root:Using a static version string
[vader:rw] [41/369] Building C object zephyr/CMakeFiles/zephyr.dir/subsys/pm/policy/policy_events.c.obj
[vader:rw] [42/369] Building C object zephyr/CMakeFiles/zephyr.dir/subsys/pm/policy/policy_latency.c.obj
[trulo:ro] INFO:root:Version string: Zephyr-Kernel-16543.0.0
[trulo:ro] INFO:root:Writing header to /mnt/host/source/src/platform/ec/build/zephyr/trulo/build-ro/modules/ec/zephyr/include/ec_version.h
[trulo:ro] [10/417] Building CXX object modules/pigweed/pw_build/CMakeFiles/pw_build.empty.dir/empty_file.cc.obj
[uldrenite:ro] [281/421] Building C object zephyr/drivers/adc/CMakeFiles/drivers__adc.dir/adc_npcx.c.obj
[ruby:rw] [231/394] Building C object zephyr/lib/posix/c_lib_ext/CMakeFiles/lib__posix__c_lib_ext.dir/fnmatch.c.obj
[trulo:ro] [11/417] Generating pw_third_party.nanopb.proto/sources/nanopb.proto
[uldrenite:ro] [282/421] Linking CXX static library zephyr/drivers/adc/libdrivers__adc.a
[vader:ro] [16/369] Building C object zephyr/CMakeFiles/zephyr.dir/lib/os/sem.c.obj
[trulo:ro] [12/417] Generating dsp_comms.proto/sources/proto/ec_dsp.proto, dsp_comms.proto/sources/proto/ec_dsp.options
[uldrenite:ro] [283/421] Building C object zephyr/drivers/crypto/CMakeFiles/drivers__crypto.dir/crypto_npcx_sha.c.obj
[trulo:ro] [13/417] Generating pw_transport.proto/sources/pw_transport/proto/transport.proto, pw_transport.proto/sources/pw_transport/proto/transport.options
[ruby:rw] [232/394] Building C object zephyr/lib/libc/common/CMakeFiles/lib__libc__common.dir/source/stdlib/malloc.c.obj
[uldrenite:ro] [284/421] Linking CXX static library zephyr/drivers/crypto/libdrivers__crypto.a
[trulo:rw] [45/417] Building C object CMakeFiles/app.dir/mnt/host/source/src/platform/ec/zephyr/subsys/ap_pwrseq/ap_power_interface.c.obj
[uldrenite:ro] [285/421] Building C object zephyr/drivers/eeprom/CMakeFiles/drivers__eeprom.dir/eeprom_at2x.c.obj
[/mnt/host/source/src/platform/ec/build/zephyr/guren-lcov]   /mnt/host/source/src/platform/ec/build/zephyr/guren/build-ro/modules/ec/zephyr/CMakeFiles/ec_shim.dir/shim/src/usba.c.gcno:no functions found
[/mnt/host/source/src/platform/ec/build/zephyr/guren-lcov] stderr:
[uldrenite:ro] [286/421] Building C object zephyr/drivers/eeprom/CMakeFiles/drivers__eeprom.dir/eeprom_shell.c.obj
[ruby:rw] [233/394] Linking C static library zephyr/lib/libc/common/liblib__libc__common.a
[uldrenite:ro] [287/421] Building C object zephyr/drivers/flash/CMakeFiles/drivers__flash.dir/jesd216.c.obj
[uldrenite:ro] [288/421] Linking CXX static library zephyr/drivers/eeprom/libdrivers__eeprom.a
[vader:rw] [43/369] Building C object zephyr/CMakeFiles/zephyr.dir/subsys/pm/policy/policy_state_lock.c.obj
[ruby:rw] [234/394] Building C object zephyr/lib/posix/c_lib_ext/CMakeFiles/lib__posix__c_lib_ext.dir/getentropy.c.obj
[trulo:ro] [14/417] Generating /mnt/host/source/src/platform/ec/build/zephyr/trulo/modules/nanopb/generator/proto/nanopb_pb2.py
[uldrenite:ro] [289/421] Building C object zephyr/drivers/espi/CMakeFiles/drivers__espi.dir/host_subs_npcx.c.obj
[ruby:rw] [235/394] Building C object zephyr/subsys/crc/CMakeFiles/subsys__crc.dir/crc4_sw.c.obj
[vader:rw] [44/369] Building C object zephyr/CMakeFiles/zephyr.dir/subsys/pm/device.c.obj
[ruby:rw] [236/394] Building C object zephyr/lib/posix/c_lib_ext/CMakeFiles/lib__posix__c_lib_ext.dir/getopt_shim.c.obj
[vader:ro] [17/369] Building C object zephyr/CMakeFiles/zephyr.dir/lib/os/thread_entry.c.obj
[ruby:rw] [237/394] Building C object zephyr/subsys/crc/CMakeFiles/subsys__crc.dir/crc8_sw.c.obj
[ruby:rw] [238/394] Linking C static library zephyr/lib/posix/c_lib_ext/liblib__posix__c_lib_ext.a
[uldrenite:ro] [290/421] Building C object zephyr/drivers/espi/CMakeFiles/drivers__espi.dir/espi_npcx.c.obj
[uldrenite:ro] [291/421] Linking CXX static library zephyr/drivers/espi/libdrivers__espi.a
[ruby:rw] [239/394] Building C object zephyr/subsys/crc/CMakeFiles/subsys__crc.dir/crc7_sw.c.obj
[ruby:rw] [240/394] Building C object zephyr/subsys/crc/CMakeFiles/subsys__crc.dir/crc16_sw.c.obj
[ruby:rw] [241/394] Building C object zephyr/subsys/crc/CMakeFiles/subsys__crc.dir/crc32c_sw.c.obj
[ruby:rw] [242/394] Building C object zephyr/subsys/crc/CMakeFiles/subsys__crc.dir/crc24_sw.c.obj
[uldrenite:ro] [292/421] Building C object zephyr/drivers/flash/CMakeFiles/drivers__flash.dir/flash_npcx_fiu_nor.c.obj
[ruby:rw] [243/394] Building C object zephyr/subsys/crc/CMakeFiles/subsys__crc.dir/crc32k_4_2_sw.c.obj
[ruby:rw] [244/394] Building C object zephyr/subsys/crc/CMakeFiles/subsys__crc.dir/crc32_sw.c.obj
[ruby:rw] [245/394] Building C object zephyr/lib/smf/CMakeFiles/lib__smf.dir/smf.c.obj
[trulo:ro] [15/417] Generating dsp_comms.proto/nanopb/proto/ec_dsp.pb.h, dsp_comms.proto/nanopb/proto/ec_dsp.pb.c
[trulo:rw] [46/417] Building C object CMakeFiles/app.dir/mnt/host/source/src/platform/ec/zephyr/subsys/ap_pwrseq/power_signals.c.obj
[vader:rw] [45/369] Building C object zephyr/CMakeFiles/zephyr.dir/subsys/pm/device_runtime.c.obj
[uldrenite:ro] [293/421] Building C object zephyr/drivers/flash/CMakeFiles/drivers__flash.dir/flash_npcx_fiu_qspi.c.obj
[ruby:rw] [246/394] Linking C static library zephyr/lib/smf/liblib__smf.a
[ruby:rw] [247/394] Linking C static library zephyr/subsys/crc/libsubsys__crc.a
[uldrenite:ro] [294/421] Building C object zephyr/drivers/i2c/CMakeFiles/drivers__i2c.dir/i2c_common.c.obj
[vader:ro] [18/369] Building C object zephyr/CMakeFiles/zephyr.dir/lib/os/cbprintf_nano.c.obj
[uldrenite:ro] [295/421] Linking CXX static library zephyr/drivers/flash/libdrivers__flash.a
[vader:rw] [46/369] Building C object zephyr/CMakeFiles/zephyr.dir/subsys/testsuite/coverage/coverage.c.obj
[uldrenite:ro] [296/421] Building C object zephyr/drivers/gpio/CMakeFiles/drivers__gpio.dir/gpio_npcx.c.obj
[ruby:rw] [248/394] Building C object zephyr/subsys/input/CMakeFiles/subsys__input.dir/input_hid.c.obj
[uldrenite:ro] [297/421] Linking CXX static library zephyr/drivers/gpio/libdrivers__gpio.a
[uldrenite:ro] [298/421] Building C object zephyr/drivers/i2c/CMakeFiles/drivers__i2c.dir/i2c_shell.c.obj
[uldrenite:ro] [299/421] Building C object zephyr/drivers/i2c/CMakeFiles/drivers__i2c.dir/i2c_npcx_controller_fifo.c.obj
[trulo:ro] [16/417] Generating pw_transport.proto/nanopb/pw_transport/proto/transport.pb.h, pw_transport.proto/nanopb/pw_transport/proto/transport.pb.c
[ruby:rw] [249/394] Building C object zephyr/subsys/input/CMakeFiles/subsys__input.dir/input.c.obj
[uldrenite:ro] [300/421] Building C object zephyr/drivers/i2c/CMakeFiles/drivers__i2c.dir/i2c_npcx_controller.c.obj
[vader:rw] [47/369] Building C object zephyr/CMakeFiles/zephyr.dir/subsys/tracing/tracing_none.c.obj
[vader:ro] [19/369] Building C object zephyr/CMakeFiles/zephyr.dir/lib/os/cbprintf.c.obj
[uldrenite:ro] [301/421] Building C object zephyr/drivers/i2c/CMakeFiles/drivers__i2c.dir/i2c_npcx_port.c.obj
[vader:rw] [48/369] Building C object zephyr/CMakeFiles/zephyr.dir/subsys/shell/modules/kernel_service/kernel_shell.c.obj
[ruby:rw] [250/394] Building C object zephyr/subsys/input/CMakeFiles/subsys__input.dir/input_utils.c.obj
[uldrenite:ro] [302/421] Linking CXX static library zephyr/drivers/i2c/libdrivers__i2c.a
[uldrenite:ro] [303/421] Building C object zephyr/drivers/pinctrl/CMakeFiles/drivers__pinctrl.dir/common.c.obj
[ruby:rw] [251/394] Linking C static library zephyr/subsys/input/libsubsys__input.a
[uldrenite:ro] [304/421] Linking CXX static library zephyr/drivers/sensor/libdrivers__sensor.a
[uldrenite:ro] [305/421] Building C object zephyr/drivers/input/CMakeFiles/drivers__input.dir/input_kbd_matrix.c.obj
[trulo:rw] [47/417] Building C object CMakeFiles/app.dir/mnt/host/source/src/platform/ec/zephyr/subsys/ap_pwrseq/signal_gpio.c.obj
[uldrenite:ro] [306/421] Building C object zephyr/drivers/input/CMakeFiles/drivers__input.dir/input_npcx_kbd.c.obj
[uldrenite:ro] [307/421] Linking CXX static library zephyr/drivers/input/libdrivers__input.a
[ruby:rw] [252/394] Building C object zephyr/drivers/interrupt_controller/CMakeFiles/drivers__interrupt_controller.dir/intc_miwu.c.obj
[uldrenite:ro] [308/421] Building C object zephyr/drivers/pinctrl/CMakeFiles/drivers__pinctrl.dir/pinctrl_npcx.c.obj
[ruby:rw] [253/394] Linking C static library zephyr/drivers/interrupt_controller/libdrivers__interrupt_controller.a
[uldrenite:ro] [309/421] Linking CXX static library zephyr/drivers/pinctrl/libdrivers__pinctrl.a
[trulo:ro] [17/417] Building C object zephyr/CMakeFiles/offsets.dir/arch/arm/core/offsets/offsets.c.obj
[uldrenite:ro] [310/421] Building C object zephyr/drivers/pwm/CMakeFiles/drivers__pwm.dir/pwm_shell.c.obj
[ruby:rw] [254/394] Building C object zephyr/drivers/adc/CMakeFiles/drivers__adc.dir/adc_common.c.obj
[vader:ro] [20/369] Building C object zephyr/CMakeFiles/zephyr.dir/lib/os/assert.c.obj
[trulo:ro] [18/417] Building C object zephyr/drivers/sensor/CMakeFiles/drivers__sensor.dir/mnt/host/source/src/third_party/zephyr/main/misc/empty_file.c.obj
[vader:rw] [49/369] Building C object zephyr/CMakeFiles/zephyr.dir/subsys/shell/modules/kernel_service/cycles.c.obj
[vader:ro] [21/369] Building C object zephyr/CMakeFiles/zephyr.dir/lib/utils/base64.c.obj
[uldrenite:ro] [311/421] Building C object zephyr/drivers/pwm/CMakeFiles/drivers__pwm.dir/pwm_npcx.c.obj
[trulo:ro] [19/417] Building C object modules/ec/zephyr/drivers/dsp_comms/CMakeFiles/dsp_comms.proto.nanopb.dir/dsp_comms.proto/nanopb/proto/ec_dsp.pb.c.obj
[uldrenite:ro] [312/421] Linking CXX static library zephyr/drivers/pwm/libdrivers__pwm.a
[vader:rw] [50/369] Building C object zephyr/CMakeFiles/zephyr.dir/subsys/shell/modules/kernel_service/sleep.c.obj
[vader:ro] [22/369] Building C object zephyr/CMakeFiles/zephyr.dir/lib/utils/dec.c.obj
[uldrenite:ro] [313/421] Building C object zephyr/drivers/sensor/nuvoton/nuvoton_adc_cmp_npcx/CMakeFiles/drivers__sensor__nuvoton__nuvoton_adc_cmp_npcx.dir/adc_cmp_npcx.c.obj
[trulo:ro] [20/417] Building C object modules/ec/zephyr/drivers/pw_transport/CMakeFiles/pw_transport.proto.nanopb.dir/pw_transport.proto/nanopb/pw_transport/proto/transport.pb.c.obj
[uldrenite:ro] [314/421] Building C object zephyr/drivers/syscon/CMakeFiles/drivers__syscon.dir/syscon.c.obj
[uldrenite:ro] [315/421] Building C object zephyr/drivers/timer/CMakeFiles/drivers__timer.dir/sys_clock_init.c.obj
[uldrenite:ro] [316/421] Linking CXX static library zephyr/drivers/sensor/nuvoton/nuvoton_adc_cmp_npcx/libdrivers__sensor__nuvoton__nuvoton_adc_cmp_npcx.a
[uldrenite:ro] [317/421] Linking CXX static library zephyr/drivers/syscon/libdrivers__syscon.a
[ruby:rw] [255/394] Building C object zephyr/drivers/adc/CMakeFiles/drivers__adc.dir/adc_npcx.c.obj
[ruby:rw] [256/394] Building C object zephyr/drivers/bbram/CMakeFiles/drivers__bbram.dir/bbram_npcx.c.obj
[trulo:rw] [48/417] Building C object CMakeFiles/app.dir/mnt/host/source/src/platform/ec/zephyr/subsys/ap_pwrseq/signal_vw.c.obj
[ruby:rw] [257/394] Linking C static library zephyr/drivers/adc/libdrivers__adc.a
[ruby:rw] [258/394] Linking C static library zephyr/drivers/bbram/libdrivers__bbram.a
[uldrenite:ro] [318/421] Building C object zephyr/drivers/serial/CMakeFiles/drivers__serial.dir/uart_npcx.c.obj
[vader:rw] [51/369] Building C object zephyr/CMakeFiles/zephyr.dir/subsys/shell/modules/kernel_service/uptime.c.obj
[vader:ro] [23/369] Building C object zephyr/CMakeFiles/zephyr.dir/lib/utils/hex.c.obj
[ruby:rw] [259/394] Building C object zephyr/drivers/clock_control/CMakeFiles/drivers__clock_control.dir/clock_control_npcx.c.obj
[uldrenite:ro] [319/421] Linking CXX static library zephyr/drivers/serial/libdrivers__serial.a
[ruby:rw] [260/394] Linking C static library zephyr/drivers/clock_control/libdrivers__clock_control.a
[uldrenite:ro] [320/421] Building C object zephyr/drivers/timer/CMakeFiles/drivers__timer.dir/npcx_itim_timer.c.obj
[uldrenite:ro] [321/421] Building C object zephyr/drivers/watchdog/CMakeFiles/drivers__watchdog.dir/wdt_npcx.c.obj
[uldrenite:ro] [322/421] Linking CXX static library zephyr/drivers/timer/libdrivers__timer.a
[vader:rw] [52/369] Building C object zephyr/CMakeFiles/zephyr.dir/subsys/shell/modules/kernel_service/version.c.obj
[ruby:rw] [261/394] Building C object zephyr/drivers/console/CMakeFiles/drivers__console.dir/uart_console.c.obj
[uldrenite:ro] [323/421] Building C object modules/ec/zephyr/CMakeFiles/ec_shim.dir/app/ec/main_shim.c.obj
[uldrenite:ro] [324/421] Building C object zephyr/drivers/watchdog/CMakeFiles/drivers__watchdog.dir/wdt_shell.c.obj
[vader:ro] [24/369] Building C object zephyr/CMakeFiles/zephyr.dir/lib/utils/rb.c.obj
[ruby:rw] [262/394] Linking C static library zephyr/drivers/console/libdrivers__console.a
[uldrenite:ro] [325/421] Linking CXX static library zephyr/drivers/watchdog/libdrivers__watchdog.a
[vader:rw] [53/369] Building C object zephyr/CMakeFiles/zephyr.dir/subsys/shell/modules/kernel_service/thread/thread.c.obj
[ruby:rw] [263/394] Building C object zephyr/drivers/espi/CMakeFiles/drivers__espi.dir/espi_npcx.c.obj
[trulo:rw] [49/417] Building C object CMakeFiles/app.dir/mnt/host/source/src/platform/ec/zephyr/subsys/ap_pwrseq/signal_adc.c.obj
[uldrenite:ro] [326/421] Building C object modules/ec/zephyr/CMakeFiles/ec_shim.dir/drivers/keyboard_input/keyboard_customization_check.c.obj
[ruby:rw] [264/394] Building C object zephyr/drivers/espi/CMakeFiles/drivers__espi.dir/host_subs_npcx.c.obj
[uldrenite:ro] [327/421] Building C object modules/ec/zephyr/CMakeFiles/ec_shim.dir/app/ec/ec_app_main.c.obj
[uldrenite:ro] [328/421] Building C object modules/ec/zephyr/CMakeFiles/ec_shim.dir/drivers/cros_flash/cros_flash_npcx.c.obj
[vader:ro] [25/369] Building C object zephyr/CMakeFiles/zephyr.dir/lib/utils/timeutil.c.obj
[uldrenite:ro] [329/421] Building C object modules/ec/zephyr/CMakeFiles/ec_shim.dir/drivers/cros_system/cros_system_npcx.c.obj
[ruby:rw] [265/394] Linking C static library zephyr/drivers/espi/libdrivers__espi.a
[uldrenite:ro] [330/421] Building C object modules/ec/zephyr/CMakeFiles/ec_shim.dir/drivers/hibernate/hibernate_z5.c.obj
[vader:rw] [54/369] Building C object zephyr/CMakeFiles/zephyr.dir/subsys/shell/modules/kernel_service/thread/list.c.obj
[uldrenite:ro] [331/421] Building C object modules/ec/zephyr/CMakeFiles/ec_shim.dir/mnt/host/source/src/platform/ec/build/zephyr/uldrenite/modules/ec/common/lid_angle_keyboard_policy.c.obj
[/mnt/host/source/src/platform/ec/build/zephyr/guren-lcov]   /mnt/host/source/src/platform/ec/build/zephyr/guren/build-ro/CMakeFiles/app.dir/mnt/host/source/src/platform/ec/build/zephyr/guren/modules/ec/common/usb_pd_pdo.c.gcno:no functions found
[/mnt/host/source/src/platform/ec/build/zephyr/guren-lcov] stderr:
[uldrenite:ro] [332/421] Building C object modules/ec/zephyr/CMakeFiles/ec_shim.dir/drivers/usbc/ucsi_v3.c.obj
[ruby:rw] [266/394] Building C object zephyr/drivers/flash/CMakeFiles/drivers__flash.dir/jesd216.c.obj
[vader:rw] [55/369] Building C object zephyr/CMakeFiles/zephyr.dir/subsys/shell/modules/kernel_service/thread/stacks.c.obj
[ruby:rw] [267/394] Building C object zephyr/drivers/flash/CMakeFiles/drivers__flash.dir/flash_npcx_fiu_nor.c.obj
[vader:ro] [26/369] Building C object zephyr/CMakeFiles/zephyr.dir/lib/utils/bitarray.c.obj
[trulo:ro] [21/417] Building CXX object modules/ec/zephyr/shim/src/CMakeFiles/platform_ec_log.tokenized_handler.dir/pw_log_zephyr_tokenized.cc.obj
[uldrenite:ro] [333/421] Building C object modules/ec/zephyr/CMakeFiles/ec_shim.dir/drivers/keyboard_input/col_gpio_drive.c.obj
[trulo:rw] [50/417] Building C object CMakeFiles/app.dir/mnt/host/source/src/platform/ec/zephyr/subsys/ap_pwrseq/power_host_sleep.c.obj
[uldrenite:ro] [334/421] Building C object modules/ec/zephyr/CMakeFiles/ec_shim.dir/drivers/keyboard_input/keyboard_input.c.obj
[vader:rw] [56/369] Building C object zephyr/CMakeFiles/zephyr.dir/subsys/shell/modules/kernel_service/thread/suspend.c.obj
[ruby:rw] [268/394] Building C object zephyr/drivers/flash/CMakeFiles/drivers__flash.dir/flash_npcx_fiu_qspi.c.obj
[vader:ro] [27/369] Building C object zephyr/CMakeFiles/zephyr.dir/lib/utils/bitmask.c.obj
[ruby:rw] [269/394] Linking C static library zephyr/drivers/flash/libdrivers__flash.a
[uldrenite:ro] [335/421] Building C object modules/ec/zephyr/CMakeFiles/ec_shim.dir/drivers/keyboard_factory_test/keyboard_factory_test.c.obj
[uldrenite:ro] [336/421] Building C object modules/ec/zephyr/CMakeFiles/ec_shim.dir/drivers/boot_keys/boot_keys.c.obj
[uldrenite:ro] [337/421] Building C object modules/ec/zephyr/CMakeFiles/ec_shim.dir/drivers/usbc/tps6699x_cmd.c.obj
[vader:rw] [57/369] Building C object zephyr/CMakeFiles/zephyr.dir/subsys/shell/modules/kernel_service/thread/resume.c.obj
[uldrenite:ro] [338/421] Building C object modules/ec/zephyr/CMakeFiles/ec_shim.dir/drivers/runtime_keys/runtime_keys.c.obj
[ruby:rw] [270/394] Building C object zephyr/drivers/gpio/CMakeFiles/drivers__gpio.dir/gpio_npcx.c.obj
[ruby:rw] [271/394] Building C object zephyr/drivers/i2c/CMakeFiles/drivers__i2c.dir/i2c_common.c.obj
[vader:rw] [58/369] Building C object zephyr/CMakeFiles/zephyr.dir/subsys/shell/modules/kernel_service/thread/kill.c.obj
[ruby:rw] [272/394] Linking C static library zephyr/drivers/gpio/libdrivers__gpio.a
[vader:ro] [28/369] Building C object zephyr/CMakeFiles/zephyr.dir/lib/utils/getopt/getopt.c.obj
[ruby:rw] [273/394] Building C object zephyr/drivers/i2c/CMakeFiles/drivers__i2c.dir/i2c_shell.c.obj
[uldrenite:ro] [339/421] Building C object modules/ec/zephyr/CMakeFiles/ec_shim.dir/shim/chip/npcx/clock.c.obj
[uldrenite:ro] [340/421] Building C object modules/ec/zephyr/CMakeFiles/ec_shim.dir/drivers/vivaldi_kbd/vivaldi_kbd.c.obj
[trulo:ro] [22/417] Building CXX object modules/pigweed/pw_base64/CMakeFiles/pw_base64.dir/base64.cc.obj
[uldrenite:ro] [341/421] Building C object modules/ec/zephyr/CMakeFiles/ec_shim.dir/shim/chip/npcx/rom_chip.c.obj
[trulo:rw] [51/417] Building C object CMakeFiles/app.dir/mnt/host/source/src/platform/ec/zephyr/subsys/ap_pwrseq/x86_non_dsx_common_pwrseq_sm_handler.c.obj
[uldrenite:ro] [342/421] Building C object modules/ec/zephyr/CMakeFiles/ec_shim.dir/shim/chip/npcx/system.c.obj
[vader:rw] [59/369] Building C object zephyr/CMakeFiles/zephyr.dir/subsys/shell/backends/shell_uart.c.obj
[ruby:rw] [274/394] Building C object zephyr/drivers/i2c/CMakeFiles/drivers__i2c.dir/i2c_npcx_controller_fifo.c.obj
[vader:rw] [60/369] Building C object zephyr/CMakeFiles/zephyr.dir/subsys/shell/shell.c.obj
[uldrenite:ro] [343/421] Building C object modules/ec/zephyr/CMakeFiles/ec_shim.dir/shim/chip/npcx/system_external_storage.c.obj
[ruby:rw] [275/394] Building C object zephyr/drivers/i2c/CMakeFiles/drivers__i2c.dir/i2c_npcx_controller.c.obj
[vader:ro] [29/369] Building C object zephyr/CMakeFiles/zephyr.dir/lib/utils/getopt/getopt_common.c.obj
[uldrenite:ro] [344/421] Building C object modules/ec/zephyr/CMakeFiles/ec_shim.dir/drivers/usbc/pdc_tps6699x.c.obj
[uldrenite:ro] [345/421] Building C object modules/ec/zephyr/CMakeFiles/ec_shim.dir/shim/src/crc.c.obj
[uldrenite:ro] [346/421] Building C object modules/ec/zephyr/CMakeFiles/ec_shim.dir/shim/chip/npcx/gpio.c.obj
[vader:ro] [30/369] Building C object zephyr/CMakeFiles/zephyr.dir/lib/utils/ring_buffer.c.obj
[uldrenite:ro] [347/421] Building C object modules/ec/zephyr/CMakeFiles/ec_shim.dir/shim/chip/npcx/power_policy.c.obj
[ruby:rw] [276/394] Building C object zephyr/drivers/i2c/CMakeFiles/drivers__i2c.dir/i2c_npcx_port.c.obj
[uldrenite:ro] [348/421] Building C object modules/ec/zephyr/CMakeFiles/ec_shim.dir/shim/core/cortex-m/mpu.c.obj
[ruby:rw] [277/394] Linking C static library zephyr/drivers/i2c/libdrivers__i2c.a
[vader:ro] [31/369] Building C object zephyr/CMakeFiles/zephyr.dir/lib/utils/last_section_id.c.obj
[vader:rw] [61/369] Building C object zephyr/CMakeFiles/zephyr.dir/subsys/shell/shell_fprintf.c.obj
[uldrenite:ro] [349/421] Building C object modules/ec/zephyr/CMakeFiles/ec_shim.dir/shim/core/cortex-m/panic.c.obj
[trulo:rw] [52/417] Building C object CMakeFiles/app.dir/mnt/host/source/src/platform/ec/zephyr/subsys/ap_pwrseq/x86_non_dsx_chipset_power_state.c.obj
[vader:rw] [62/369] Building C object zephyr/CMakeFiles/zephyr.dir/subsys/shell/shell_utils.c.obj
[vader:ro] [32/369] Building C object zephyr/CMakeFiles/zephyr.dir/misc/generated/configs.c.obj
[uldrenite:ro] [350/421] Building C object modules/ec/zephyr/CMakeFiles/ec_shim.dir/shim/src/console.c.obj
[ruby:rw] [278/394] Building C object zephyr/drivers/input/CMakeFiles/drivers__input.dir/input_kbd_matrix.c.obj
[ruby:rw] [279/394] Building C object zephyr/drivers/input/CMakeFiles/drivers__input.dir/input_npcx_kbd.c.obj
[trulo:ro] [23/417] Building CXX object modules/pigweed/pw_bytes/CMakeFiles/pw_bytes.dir/byte_builder.cc.obj
[ruby:rw] [280/394] Linking C static library zephyr/drivers/input/libdrivers__input.a
[uldrenite:ro] [351/421] Building C object modules/ec/zephyr/CMakeFiles/ec_shim.dir/shim/src/panic_utils.c.obj
[uldrenite:ro] [352/421] Building C object modules/ec/zephyr/CMakeFiles/ec_shim.dir/shim/src/gpio_int.c.obj
[uldrenite:ro] [353/421] Building C object modules/ec/zephyr/CMakeFiles/ec_shim.dir/shim/src/cbi/cros_cbi.c.obj
[uldrenite:ro] [354/421] Building C object modules/ec/zephyr/CMakeFiles/ec_shim.dir/shim/src/gpio.c.obj
[vader:rw] [63/369] Building C object zephyr/CMakeFiles/zephyr.dir/subsys/shell/shell_ops.c.obj
[trulo:ro] [24/417] Building CXX object modules/pigweed/pw_containers/CMakeFiles/pw_containers.intrusive_item.dir/intrusive_item.cc.obj
[uldrenite:ro] [355/421] Building C object modules/ec/zephyr/CMakeFiles/ec_shim.dir/shim/src/pm_state.c.obj
[ruby:rw] [281/394] Building C object zephyr/drivers/led_strip/CMakeFiles/drivers__led_strip.dir/ws2812_uart.c.obj
[ruby:rw] [282/394] Building C object zephyr/drivers/pinctrl/CMakeFiles/drivers__pinctrl.dir/common.c.obj
[ruby:rw] [283/394] Linking C static library zephyr/drivers/led_strip/libdrivers__led_strip.a
[vader:rw] [64/369] Building C object zephyr/CMakeFiles/zephyr.dir/subsys/shell/shell_help.c.obj
[vader:ro] [33/369] Building C object zephyr/CMakeFiles/zephyr.dir/soc/nuvoton/npcx/common/power.c.obj
[uldrenite:ro] [356/421] Building C object modules/ec/zephyr/CMakeFiles/ec_shim.dir/shim/src/cbi/cros_cbi_fw_config.c.obj
[trulo:rw] [53/417] Building C object CMakeFiles/app.dir/mnt/host/source/src/platform/ec/zephyr/subsys/ap_pwrseq/x86_non_dsx_common_pwrseq_host_sleep.c.obj
[ruby:rw] [284/394] Building C object zephyr/drivers/pinctrl/CMakeFiles/drivers__pinctrl.dir/pinctrl_npcx.c.obj
[uldrenite:ro] [357/421] Building C object modules/ec/zephyr/CMakeFiles/ec_shim.dir/shim/src/cbi/cros_cbi_ssfc.c.obj
[ruby:rw] [285/394] Linking C static library zephyr/drivers/pinctrl/libdrivers__pinctrl.a
[vader:rw] [65/369] Building C object zephyr/CMakeFiles/zephyr.dir/subsys/shell/shell_history.c.obj
[ruby:rw] [286/394] Building C object zephyr/drivers/sensor/CMakeFiles/drivers__sensor.dir/mnt/host/source/src/third_party/zephyr/main/misc/empty_file.c.obj
[ruby:rw] [287/394] Linking C static library zephyr/drivers/sensor/libdrivers__sensor.a
[uldrenite:ro] [358/421] Building C object modules/ec/zephyr/CMakeFiles/ec_shim.dir/shim/src/cbi/cbi_transfer.c.obj
[ruby:rw] [288/394] Building C object zephyr/drivers/pwm/CMakeFiles/drivers__pwm.dir/pwm_shell.c.obj
[uldrenite:ro] [359/421] Building C object modules/ec/zephyr/CMakeFiles/ec_shim.dir/shim/src/cbi/cbi_eeprom.c.obj
[uldrenite:ro] [360/421] Building C object modules/ec/zephyr/CMakeFiles/ec_shim.dir/shim/src/cbi/cbi_flash.c.obj
[vader:rw] [66/369] Building C object zephyr/CMakeFiles/zephyr.dir/drivers/flash/flash_util.c.obj
[ruby:rw] [289/394] Building C object zephyr/drivers/pwm/CMakeFiles/drivers__pwm.dir/pwm_npcx.c.obj
[uldrenite:ro] [361/421] Building C object modules/ec/zephyr/CMakeFiles/ec_shim.dir/shim/src/led_driver/led_pwm.c.obj
[uldrenite:ro] [362/421] Building C object modules/ec/zephyr/CMakeFiles/ec_shim.dir/shim/src/led_driver/led.c.obj
[vader:ro] [34/369] Building C object zephyr/CMakeFiles/zephyr.dir/soc/nuvoton/npcx/common/scfg.c.obj
[ruby:rw] [290/394] Linking C static library zephyr/drivers/pwm/libdrivers__pwm.a
[vader:rw] [67/369] Linking C static library zephyr/libzephyr.a
[vader:rw] [68/369] Building C object zephyr/arch/common/CMakeFiles/arch__common.dir/sw_isr_common.c.obj
[trulo:rw] [54/417] Building C object CMakeFiles/app.dir/mnt/host/source/src/platform/ec/zephyr/subsys/ap_pwrseq/x86_non_dsx_common_pwrseq_console.c.obj
[uldrenite:ro] [363/421] Building C object modules/ec/zephyr/CMakeFiles/ec_shim.dir/shim/src/system.c.obj
[trulo:ro] [25/417] Building CXX object modules/pigweed/pw_log_tokenized/CMakeFiles/pw_log_tokenized.dir/log_tokenized.cc.obj
[uldrenite:ro] [364/421] Building C object modules/ec/zephyr/CMakeFiles/ec_shim.dir/shim/src/pdc_shim.c.obj
[vader:rw] [69/369] Building C object zephyr/arch/common/CMakeFiles/arch__common.dir/init.c.obj
[uldrenite:ro] [365/421] Building C object modules/ec/zephyr/CMakeFiles/ec_shim.dir/shim/src/adc.c.obj
[vader:ro] [35/369] Building C object zephyr/CMakeFiles/zephyr.dir/soc/nuvoton/npcx/common/npcxn/registers.c.obj
[trulo:ro] [26/417] Building CXX object modules/pigweed/pw_status/CMakeFiles/pw_status.dir/status.cc.obj
[ruby:rw] [291/394] Building C object zephyr/drivers/sensor/nuvoton/nuvoton_tach_npcx/CMakeFiles/drivers__sensor__nuvoton__nuvoton_tach_npcx.dir/tach_nuvoton_npcx.c.obj
[ruby:rw] [292/394] Building C object zephyr/drivers/serial/CMakeFiles/drivers__serial.dir/uart_npcx.c.obj
[ruby:rw] [293/394] Building C object zephyr/drivers/syscon/CMakeFiles/drivers__syscon.dir/syscon.c.obj
[ruby:rw] [294/394] Linking C static library zephyr/drivers/serial/libdrivers__serial.a
[ruby:rw] [295/394] Linking C static library zephyr/drivers/sensor/nuvoton/nuvoton_tach_npcx/libdrivers__sensor__nuvoton__nuvoton_tach_npcx.a
[uldrenite:ro] [366/421] Building C object modules/ec/zephyr/CMakeFiles/ec_shim.dir/shim/src/battery.c.obj
[ruby:rw] [296/394] Linking C static library zephyr/drivers/syscon/libdrivers__syscon.a
[uldrenite:ro] [367/421] Building C object modules/ec/zephyr/CMakeFiles/ec_shim.dir/shim/src/charger.c.obj
[vader:rw] [70/369] Building C object zephyr/arch/common/CMakeFiles/arch__common.dir/xip.c.obj
[uldrenite:ro] [368/421] Building C object modules/ec/zephyr/CMakeFiles/ec_shim.dir/shim/src/chipset_api.c.obj
[trulo:rw] [55/417] Building C object CMakeFiles/app.dir/mnt/host/source/src/platform/ec/zephyr/subsys/ap_pwrseq/x86_non_dsx_common_pwrseq_host_command.c.obj
[vader:rw] [71/369] Building C object zephyr/arch/common/CMakeFiles/isr_tables.dir/isr_tables.c.obj
[vader:ro] [36/369] Building C object zephyr/CMakeFiles/zephyr.dir/soc/nuvoton/npcx/npcx9/soc.c.obj
[vader:rw] [72/369] Linking C static library zephyr/arch/common/libisr_tables.a
[ruby:rw] [297/394] Building C object zephyr/drivers/watchdog/CMakeFiles/drivers__watchdog.dir/wdt_npcx.c.obj
[ruby:rw] [298/394] Building C object zephyr/drivers/timer/CMakeFiles/drivers__timer.dir/sys_clock_init.c.obj
[vader:rw] [73/369] Linking C static library zephyr/arch/common/libarch__common.a
[uldrenite:ro] [369/421] Building C object modules/ec/zephyr/CMakeFiles/ec_shim.dir/shim/src/espi.c.obj
[uldrenite:ro] [370/421] Building C object modules/ec/zephyr/CMakeFiles/ec_shim.dir/shim/src/flash.c.obj
[uldrenite:ro] [371/421] Building C object modules/ec/zephyr/CMakeFiles/ec_shim.dir/shim/src/hooks.c.obj
[ruby:rw] [299/394] Building C object zephyr/drivers/timer/CMakeFiles/drivers__timer.dir/npcx_itim_timer.c.obj
[uldrenite:ro] [372/421] Building C object modules/ec/zephyr/CMakeFiles/ec_shim.dir/shim/src/host_command.c.obj
[ruby:rw] [300/394] Linking C static library zephyr/drivers/timer/libdrivers__timer.a
[vader:rw] [74/369] Building C object zephyr/arch/arch/arm/core/CMakeFiles/arch__arm__core.dir/fatal.c.obj
[uldrenite:ro] [373/421] Building C object modules/ec/zephyr/CMakeFiles/ec_shim.dir/shim/src/mkbp_event.c.obj
[uldrenite:ro] [374/421] Building C object modules/ec/zephyr/CMakeFiles/ec_shim.dir/shim/src/console_buffer.c.obj
[uldrenite:ro] [375/421] Building C object modules/ec/zephyr/CMakeFiles/ec_shim.dir/shim/src/panic.c.obj
[vader:rw] [75/369] Building ASM object zephyr/arch/arch/arm/core/CMakeFiles/arch__arm__core.dir/nmi_on_reset.S.obj
[vader:ro] [37/369] Building C object zephyr/CMakeFiles/zephyr.dir/subsys/logging/log_minimal.c.obj
[vader:rw] [76/369] Building C object zephyr/arch/arch/arm/core/CMakeFiles/arch__arm__core.dir/nmi.c.obj
[ruby:rw] [301/394] Building C object zephyr/drivers/watchdog/CMakeFiles/drivers__watchdog.dir/wdt_shell.c.obj
[vader:rw] [77/369] Linking C static library zephyr/arch/arch/arm/core/libarch__arm__core.a
[ruby:rw] [302/394] Linking C static library zephyr/drivers/watchdog/libdrivers__watchdog.a
[trulo:ro] [27/417] Building CXX object modules/pigweed/pw_tokenizer/CMakeFiles/pw_tokenizer.dir/encode_args.cc.obj
[uldrenite:ro] [376/421] Building C object modules/ec/zephyr/CMakeFiles/ec_shim.dir/shim/src/thermal.c.obj
[trulo:rw] [56/417] Building C object CMakeFiles/app.dir/mnt/host/source/src/platform/ec/zephyr/subsys/ap_pwrseq/x86_non_dsx_adlp_pwrseq_sm.c.obj
[ruby:rw] [303/394] Building C object modules/ec/zephyr/CMakeFiles/ec_shim.dir/app/ec/main_shim.c.obj
[uldrenite:ro] [377/421] Building C object modules/ec/zephyr/CMakeFiles/ec_shim.dir/shim/src/hwtimer.c.obj
[ruby:rw] [304/394] Building C object modules/ec/zephyr/CMakeFiles/ec_shim.dir/app/ec/ec_app_main.c.obj
[vader:rw] [78/369] Building C object zephyr/arch/arch/arm/core/cortex_m/CMakeFiles/arch__arm__core__cortex_m.dir/exc_exit.c.obj
[uldrenite:ro] [378/421] Building C object modules/ec/zephyr/CMakeFiles/ec_shim.dir/shim/src/i2c.c.obj
[uldrenite:ro] [379/421] Building C object modules/ec/zephyr/CMakeFiles/ec_shim.dir/shim/src/usba.c.obj
[uldrenite:ro] [380/421] Building C object modules/ec/zephyr/CMakeFiles/ec_shim.dir/shim/src/tasks.c.obj
[uldrenite:ro] [381/421] Building C object modules/ec/zephyr/CMakeFiles/ec_shim.dir/shim/src/temp_sensors.c.obj
[trulo:ro] [28/417] Building CXX object modules/pigweed/pw_tokenizer/CMakeFiles/pw_tokenizer.dir/hash.cc.obj
[vader:rw] [79/369] Building ASM object zephyr/arch/arch/arm/core/cortex_m/CMakeFiles/arch__arm__core__cortex_m.dir/fault_s.S.obj
[/mnt/host/source/src/platform/ec/build/zephyr/guren-lcov]   /mnt/host/source/src/platform/ec/build/zephyr/guren/build-ro/CMakeFiles/app.dir/mnt/host/source/src/platform/ec/build/zephyr/guren/modules/ec/common/chargen.c.gcno:no functions found
[/mnt/host/source/src/platform/ec/build/zephyr/guren-lcov] stderr:
[uldrenite:ro] [382/421] Building C object modules/ec/zephyr/CMakeFiles/ec_shim.dir/shim/src/watchdog.c.obj
[vader:ro] [38/369] Building C object zephyr/CMakeFiles/zephyr.dir/subsys/mem_mgmt/mem_attr.c.obj
[vader:rw] [80/369] Building C object zephyr/arch/arch/arm/core/cortex_m/CMakeFiles/arch__arm__core__cortex_m.dir/fault.c.obj
[trulo:rw] [57/417] Building C object CMakeFiles/app.dir/mnt/host/source/src/platform/ec/zephyr/subsys/ap_pwrseq/ap_reset_log.c.obj
[ruby:rw] [305/394] Building C object modules/ec/zephyr/CMakeFiles/ec_shim.dir/drivers/cros_kblight/pwm_kblight.c.obj
[uldrenite:ro] [383/421] Building C object modules/ec/zephyr/CMakeFiles/ec_shim.dir/shim/src/power_host_sleep_api.c.obj
[ruby:rw] [306/394] Building C object modules/ec/zephyr/CMakeFiles/ec_shim.dir/drivers/cros_flash/cros_flash_npcx.c.obj
[vader:rw] [81/369] Building C object zephyr/arch/arch/arm/core/cortex_m/CMakeFiles/arch__arm__core__cortex_m.dir/fpu.c.obj
[ruby:rw] [307/394] Building C object modules/ec/zephyr/CMakeFiles/ec_shim.dir/drivers/cros_system/cros_system_npcx.c.obj
[uldrenite:ro] [384/421] Building C object modules/ec/zephyr/CMakeFiles/ec_shim.dir/shim/src/sha256_hw.c.obj
[uldrenite:ro] [385/421] Building C object zephyr/kernel/CMakeFiles/kernel.dir/main_weak.c.obj
[ruby:rw] [308/394] Building C object modules/ec/zephyr/CMakeFiles/ec_shim.dir/drivers/keyboard_input/keyboard_customization_check.c.obj
[vader:rw] [82/369] Building ASM object zephyr/arch/arch/arm/core/cortex_m/CMakeFiles/arch__arm__core__cortex_m.dir/reset.S.obj
[uldrenite:ro] [386/421] Linking CXX static library modules/ec/zephyr/libec_shim.a
[vader:ro] [39/369] Building C object zephyr/CMakeFiles/zephyr.dir/subsys/pm/pm.c.obj
[uldrenite:ro] [387/421] Building C object zephyr/kernel/CMakeFiles/kernel.dir/banner.c.obj
[uldrenite:ro] [388/421] Building C object zephyr/kernel/CMakeFiles/kernel.dir/busy_wait.c.obj
[vader:ro] [40/369] Building C object zephyr/CMakeFiles/zephyr.dir/subsys/pm/state.c.obj
[vader:rw] [83/369] Building C object zephyr/arch/arch/arm/core/cortex_m/CMakeFiles/arch__arm__core__cortex_m.dir/scb.c.obj
[ruby:rw] [309/394] Building C object modules/ec/zephyr/CMakeFiles/ec_shim.dir/drivers/keyboard_input/col_gpio_drive.c.obj
[uldrenite:ro] [389/421] Building C object zephyr/kernel/CMakeFiles/kernel.dir/device.c.obj
[trulo:ro] [29/417] Building CXX object modules/pigweed/pw_tokenizer/CMakeFiles/pw_tokenizer.dir/tokenize.cc.obj
[ruby:rw] [310/394] Building C object modules/ec/zephyr/CMakeFiles/ec_shim.dir/drivers/keyboard_input/keyboard_input.c.obj
[vader:rw] [84/369] Building C object zephyr/arch/arch/arm/core/cortex_m/CMakeFiles/arch__arm__core__cortex_m.dir/thread_abort.c.obj
[uldrenite:ro] [390/421] Building C object zephyr/kernel/CMakeFiles/kernel.dir/errno.c.obj
[vader:rw] [85/369] Building ASM object zephyr/arch/arch/arm/core/cortex_m/CMakeFiles/arch__arm__core__cortex_m.dir/vector_table.S.obj
[trulo:rw] [58/417] Building C object CMakeFiles/app.dir/mnt/host/source/src/platform/ec/zephyr/subsys/pd_controller/pdc_pmc_debug.c.obj
[uldrenite:ro] [391/421] Building C object zephyr/kernel/CMakeFiles/kernel.dir/fatal.c.obj
[vader:ro] [41/369] Building C object zephyr/CMakeFiles/zephyr.dir/subsys/pm/policy/policy_events.c.obj
[ruby:rw] [311/394] Building C object modules/ec/zephyr/CMakeFiles/ec_shim.dir/drivers/usbc/ucsi_v3.c.obj
[ruby:rw] [312/394] Building C object modules/ec/zephyr/CMakeFiles/ec_shim.dir/drivers/usbc/pdc_rts54xx.c.obj
[uldrenite:ro] [392/421] Building C object zephyr/kernel/CMakeFiles/kernel.dir/init.c.obj
[vader:rw] [86/369] Building ASM object zephyr/arch/arch/arm/core/cortex_m/CMakeFiles/arch__arm__core__cortex_m.dir/swap_helper.S.obj
[uldrenite:ro] [393/421] Building C object zephyr/kernel/CMakeFiles/kernel.dir/kheap.c.obj
[vader:rw] [87/369] Building C object zephyr/arch/arch/arm/core/cortex_m/CMakeFiles/arch__arm__core__cortex_m.dir/irq_manage.c.obj
[uldrenite:ro] [394/421] Building C object zephyr/kernel/CMakeFiles/kernel.dir/version.c.obj
[uldrenite:ro] [395/421] Building C object zephyr/kernel/CMakeFiles/kernel.dir/mem_slab.c.obj
[uldrenite:ro] [396/421] Building C object zephyr/kernel/CMakeFiles/kernel.dir/float.c.obj
[vader:ro] [42/369] Building C object zephyr/CMakeFiles/zephyr.dir/subsys/pm/policy/policy_latency.c.obj
[trulo:ro] [30/417] Building CXX object modules/pigweed/pw_tokenizer/CMakeFiles/pw_tokenizer.base64.dir/base64.cc.obj
[ruby:rw] [313/394] Building C object modules/ec/zephyr/CMakeFiles/ec_shim.dir/drivers/usbc/pdc_rts54xx_fwup.c.obj
[uldrenite:ro] [397/421] Building CXX object modules/ec/zephyr/drivers/dsp_comms/service/CMakeFiles/dsp.service.dir/i2c_target_pio_funcs.cc.obj
[uldrenite:ro] [398/421] Building CXX object modules/ec/zephyr/drivers/dsp_comms/service/CMakeFiles/dsp.service.dir/i2c_target_buffer_funcs.cc.obj
[vader:rw] [88/369] Building C object zephyr/arch/arch/arm/core/cortex_m/CMakeFiles/arch__arm__core__cortex_m.dir/prep_c.c.obj
[ruby:rw] [314/394] Building C object modules/ec/zephyr/CMakeFiles/ec_shim.dir/drivers/boot_keys/boot_keys.c.obj
[ruby:rw] [315/394] Building C object modules/ec/zephyr/CMakeFiles/ec_shim.dir/drivers/runtime_keys/runtime_keys.c.obj
[vader:rw] [89/369] Building C object zephyr/arch/arch/arm/core/cortex_m/CMakeFiles/arch__arm__core__cortex_m.dir/thread.c.obj
[uldrenite:ro] [399/421] Building CXX object modules/ec/zephyr/drivers/dsp_comms/service/CMakeFiles/dsp.service.dir/dsp_service.cc.obj
[uldrenite:ro] [400/421] Building C object zephyr/kernel/CMakeFiles/kernel.dir/idle.c.obj
[uldrenite:ro] [401/421] Linking CXX static library modules/ec/zephyr/drivers/dsp_comms/service/libdsp.service.a
[uldrenite:ro] [402/421] Building C object zephyr/kernel/CMakeFiles/kernel.dir/msg_q.c.obj
[uldrenite:ro] [403/421] Building C object zephyr/kernel/CMakeFiles/kernel.dir/mailbox.c.obj
[vader:ro] [43/369] Building C object zephyr/CMakeFiles/zephyr.dir/subsys/pm/policy/policy_state_lock.c.obj
[uldrenite:ro] [404/421] Building C object zephyr/kernel/CMakeFiles/kernel.dir/mutex.c.obj
[uldrenite:ro] [405/421] Building C object zephyr/kernel/CMakeFiles/kernel.dir/queue.c.obj
[vader:rw] [90/369] Building C object zephyr/arch/arch/arm/core/cortex_m/CMakeFiles/arch__arm__core__cortex_m.dir/cpu_idle.c.obj
[uldrenite:ro] [406/421] Building C object zephyr/kernel/CMakeFiles/kernel.dir/sem.c.obj
[vader:rw] [91/369] Building C object zephyr/arch/arch/arm/core/cortex_m/CMakeFiles/arch__arm__core__cortex_m.dir/irq_init.c.obj
[ruby:rw] [316/394] Building C object modules/ec/zephyr/CMakeFiles/ec_shim.dir/shim/chip/npcx/clock.c.obj
[ruby:rw] [317/394] Building C object modules/ec/zephyr/CMakeFiles/ec_shim.dir/drivers/vivaldi_kbd/vivaldi_kbd.c.obj
[uldrenite:ro] [407/421] Building C object zephyr/kernel/CMakeFiles/kernel.dir/stack.c.obj
[ruby:rw] [318/394] Building C object modules/ec/zephyr/CMakeFiles/ec_shim.dir/shim/chip/npcx/gpio.c.obj
[uldrenite:ro] [408/421] Building C object zephyr/kernel/CMakeFiles/kernel.dir/system_work_q.c.obj
[vader:ro] [44/369] Building C object zephyr/CMakeFiles/zephyr.dir/subsys/pm/device.c.obj
[uldrenite:ro] [409/421] Building C object zephyr/kernel/CMakeFiles/kernel.dir/condvar.c.obj
[trulo:ro] [31/417] Building CXX object modules/pigweed/pw_varint/CMakeFiles/pw_varint.dir/varint.cc.obj
[uldrenite:ro] [410/421] Building C object zephyr/kernel/CMakeFiles/kernel.dir/work.c.obj
[trulo:ro] [32/417] Linking CXX static library modules/pigweed/pw_varint/libpw_varint.a
[trulo:ro] [33/417] Linking CXX static library modules/pigweed/pw_tokenizer/libpw_tokenizer.base64.a
[vader:rw] [92/369] Building C object zephyr/arch/arch/arm/core/cortex_m/CMakeFiles/arch__arm__core__cortex_m.dir/isr_wrapper.c.obj
[vader:rw] [93/369] Building C object zephyr/arch/arch/arm/core/mpu/CMakeFiles/arch__arm__core__mpu.dir/arm_core_mpu.c.obj
[vader:rw] [94/369] Linking C static library zephyr/arch/arch/arm/core/cortex_m/libarch__arm__core__cortex_m.a
[trulo:ro] [34/417] Linking CXX static library modules/pigweed/pw_tokenizer/libpw_tokenizer.a
[uldrenite:ro] [411/421] Building C object zephyr/kernel/CMakeFiles/kernel.dir/thread.c.obj
[uldrenite:ro] [412/421] Building C object zephyr/kernel/CMakeFiles/kernel.dir/pipe.c.obj
[trulo:ro] [35/417] Linking CXX static library modules/pigweed/pw_status/libpw_status.a
[ruby:rw] [319/394] Building C object modules/ec/zephyr/CMakeFiles/ec_shim.dir/shim/chip/npcx/rom_chip.c.obj
[trulo:ro] [36/417] Linking CXX static library modules/pigweed/pw_log_tokenized/libpw_log_tokenized.a
[uldrenite:ro] [413/421] Building C object zephyr/kernel/CMakeFiles/kernel.dir/thread_monitor.c.obj
[uldrenite:ro] [414/421] Building C object zephyr/kernel/CMakeFiles/kernel.dir/sched.c.obj
[vader:ro] [45/369] Building C object zephyr/CMakeFiles/zephyr.dir/subsys/pm/device_runtime.c.obj
[trulo:ro] [37/417] Linking CXX static library modules/pigweed/pw_containers/libpw_containers.intrusive_item.a
[ruby:rw] [320/394] Building C object modules/ec/zephyr/CMakeFiles/ec_shim.dir/shim/chip/npcx/system.c.obj
[trulo:rw] [59/417] Building C object CMakeFiles/app.dir/mnt/host/source/src/platform/ec/zephyr/subsys/pd_controller/pdc_power_mgmt.c.obj
[trulo:ro] [38/417] Linking CXX static library modules/pigweed/pw_bytes/libpw_bytes.a
[ruby:rw] [321/394] Building C object modules/ec/zephyr/CMakeFiles/ec_shim.dir/shim/chip/npcx/system_external_storage.c.obj
[trulo:ro] [39/417] Linking CXX static library modules/pigweed/pw_base64/libpw_base64.a
[uldrenite:ro] [415/421] Building C object zephyr/kernel/CMakeFiles/kernel.dir/timeout.c.obj
[uldrenite:ro] [416/421] Building C object zephyr/kernel/CMakeFiles/kernel.dir/timer.c.obj
[trulo:ro] [40/417] Linking CXX static library modules/ec/zephyr/shim/src/libplatform_ec_log.tokenized_handler.a
[trulo:ro] [41/417] Linking CXX static library modules/ec/zephyr/drivers/pw_transport/libpw_transport.proto.nanopb.a
[uldrenite:ro] [417/421] Building C object zephyr/kernel/CMakeFiles/kernel.dir/poll.c.obj
Toolchain <zmake.toolchains.CorebootSdkToolchain object at 0x7f41204ab9d0> selected by probe function.
[glassway] Building in /mnt/host/source/src/platform/ec/build/zephyr/glassway.
[vader:rw] [95/369] Building C object zephyr/arch/arch/arm/core/mpu/CMakeFiles/arch__arm__core__mpu.dir/arm_mpu_regions.c.obj
[trulo:ro] [42/417] Linking CXX static library modules/ec/zephyr/drivers/dsp_comms/libdsp_comms.proto.nanopb.a
[vader:rw] [96/369] Generating ../../../include/generated/libc/minimal/strerror_table.h
[vader:rw] [97/369] Building C object zephyr/arch/arch/arm/core/mpu/CMakeFiles/arch__arm__core__mpu.dir/arm_mpu.c.obj
[uldrenite:ro] [418/421] Building C object zephyr/kernel/CMakeFiles/kernel.dir/events.c.obj
[trulo:ro] [43/417] Generating include/generated/zephyr/offsets.h
[uldrenite:ro] [419/421] Building C object zephyr/kernel/CMakeFiles/kernel.dir/mempool.c.obj
[vader:rw] [98/369] Linking C static library zephyr/arch/arch/arm/core/mpu/libarch__arm__core__mpu.a
[trulo:ro] [44/417] Linking CXX static library zephyr/drivers/sensor/libdrivers__sensor.a
[vader:rw] [99/369] Building C object zephyr/lib/libc/minimal/CMakeFiles/lib__libc__minimal.dir/source/stdlib/atoi.c.obj
[vader:ro] [46/369] Building C object zephyr/CMakeFiles/zephyr.dir/subsys/testsuite/coverage/coverage.c.obj
[vader:rw] [100/369] Building C object zephyr/lib/libc/minimal/CMakeFiles/lib__libc__minimal.dir/source/stdlib/strtol.c.obj
[/mnt/host/source/src/platform/ec/build/zephyr/guren-lcov]   /mnt/host/source/src/platform/ec/build/zephyr/guren/build-ro/CMakeFiles/app.dir/mnt/host/source/src/platform/ec/build/zephyr/guren/modules/ec/common/cbi_config.c.gcno:no functions found
[/mnt/host/source/src/platform/ec/build/zephyr/guren-lcov] stderr:
[vader:rw] [101/369] Building C object zephyr/lib/libc/minimal/CMakeFiles/lib__libc__minimal.dir/source/stdlib/strtoul.c.obj
[glassway:rw] Configuring.
[uldrenite:ro] [420/421] Building C object zephyr/kernel/CMakeFiles/kernel.dir/dynamic_disabled.c.obj
Running `env -i PYTHONPATH=/usr/lib64/python-exec/python3.11:/mnt/host/source/src/platform/ec/zephyr/zmake:/usr/lib/python311.zip:/usr/lib/python3.11:/usr/lib/python3.11/lib-dynload:/usr/lib/python3.11/site-packages PW_PIGWEED_CIPD_INSTALL_DIR=/usr CROSTC_USER_ACKNOWLEDGES_THAT_RISCV_IS_EXPERIMENTAL=1 PATH=/mnt/host/source/chromite/bin:/usr/local/bin:/usr/bin:/bin:/opt/bin:/mnt/host/source/chromite/sdk/bin:/mnt/host/source/chromite/bin HOME=/home/jpmurphy JAVA_HOME=/etc/java-config-2/current-system-vm JDK_HOME=/etc/java-config-2/current-system-vm JAVAC=/etc/java-config-2/current-system-vm/bin/javac MAKEFLAGS=' -j16 --jobserver-auth=5,6' /usr/bin/cmake -S /mnt/host/source/src/platform/ec/zephyr/program/nissa -B /mnt/host/source/src/platform/ec/build/zephyr/glassway/build-rw -GNinja -DCMAKE_EXPORT_COMPILE_COMMANDS=ON -DZEPHYR_BASE=/mnt/host/source/src/third_party/zephyr/main -DZMAKE_INCLUDE_DIR=/mnt/host/source/src/platform/ec/build/zephyr/glassway/include -DPython3_EXECUTABLE=/usr/bin/python3.11 -DDTS_ROOT=/mnt/host/source/src/platform/ec/zephyr -DSYSCALL_INCLUDE_DIRS=/mnt/host/source/src/platform/ec/zephyr/include/drivers -DUSER_CACHE_DIR=/mnt/host/source/src/platform/ec/build/zephyr/user-cache '-DEXTRA_EC_VERSION_FLAGS=--version 16543.0.0 --static' -DTOOLCHAIN_ROOT=/mnt/host/source/src/platform/ec/zephyr -DCOREBOOT_SDK_ROOT_x86=/home/jpmurphy/.cache/coreboot-sdk/i386-elf/dfbb0486385d938cfa9d73080b9d18d598ed4f49 -DCOREBOOT_SDK_ROOT_picolibc_x86=/home/jpmurphy/.cache/coreboot-sdk/picolibc-i386-elf/eb8e8e687b95461de8cbf278f1c2076952d0ad17 -DCOREBOOT_SDK_ROOT_riscv64=/home/jpmurphy/.cache/coreboot-sdk/riscv64-elf/96b949749225b6aaa92ed810ab769e8dfb12f000 -DCOREBOOT_SDK_ROOT_picolibc_arm=/home/jpmurphy/.cache/coreboot-sdk/picolibc-arm-eabi/422a2aa3e1ef891b5bece9a3deb696ff83840d2e -DCOREBOOT_SDK_ROOT_nds32=/home/jpmurphy/.cache/coreboot-sdk/nds32le-elf/d1a518c4a097666d86058e1444f85ca015d15511 -DCOREBOOT_SDK_ROOT_picolibc_riscv64=/home/jpmurphy/.cache/coreboot-sdk/picolibc-riscv64-elf/f571e990ef0278564b31124f8bb109d9a697eb69 -DCOREBOOT_SDK_ROOT_arm=/home/jpmurphy/.cache/coreboot-sdk/arm-eabi/ea40ddd1d190c3b48435c474c0b545719371813a -DCOREBOOT_SDK_ROOT_libstdcxx_riscv64=/home/jpmurphy/.cache/coreboot-sdk/libstdcxx-riscv64-elf/17abf22a3a252e2d5d2062ced5324f7a623689e0 -DCOREBOOT_SDK_ROOT_libstdcxx_arm=/home/jpmurphy/.cache/coreboot-sdk/libstdcxx-arm-eabi/5d7d82e150e44aa1968f1d366e267e6687b328ac -DCOREBOOT_SDK_ROOT_riscv=/home/jpmurphy/.cache/coreboot-sdk/riscv-elf/9a27b9e82341c6e9126624f516ab3f261abb3e73 -DCOREBOOT_SDK_ROOT_libstdcxx_x86=/home/jpmurphy/.cache/coreboot-sdk/libstdcxx-i386-elf/42ef9d2e87a76a37963175d7d428734e65648b87 -DZEPHYR_TOOLCHAIN_VARIANT=coreboot-sdk '-DZEPHYR_MODULES=/mnt/host/source/src/platform/ec/build/zephyr/glassway/modules/cmsis;/mnt/host/source/src/platform/ec/build/zephyr/glassway/modules/cmsis_6;/mnt/host/source/src/platform/ec/build/zephyr/glassway/modules/ec' -DDTC_OVERLAY_FILE=/mnt/host/source/src/platform/ec/zephyr/program/nissa/glassway/project.overlay -DBOARD=npcx9/npcx9m3f -DCMAKE_C_FLAGS=-DSECTION_IS_RW '-DCONF_FILE=/mnt/host/source/src/platform/ec/zephyr/program/nissa/program.conf;/mnt/host/source/src/platform/ec/zephyr/program/nissa/npcx_program.conf;/mnt/host/source/src/platform/ec/zephyr/program/nissa/glassway/project.conf;/mnt/host/source/src/platform/ec/build/zephyr/glassway/kconfig-rw.conf'`
[ruby:rw] [322/394] Building C object modules/ec/zephyr/CMakeFiles/ec_shim.dir/shim/chip/npcx/power_policy.c.obj
[glassway:rw] Loading Zephyr default modules (Zephyr base (cached)).
[glassway:rw] -- Application: /mnt/host/source/src/platform/ec/zephyr/program/nissa
[vader:rw] [102/369] Building C object zephyr/lib/libc/minimal/CMakeFiles/lib__libc__minimal.dir/source/stdlib/strtoll.c.obj
[ruby:rw] [323/394] Building C object modules/ec/zephyr/CMakeFiles/ec_shim.dir/shim/core/cortex-m/mpu.c.obj
[vader:rw] [103/369] Building C object zephyr/lib/libc/minimal/CMakeFiles/lib__libc__minimal.dir/source/stdlib/strtoull.c.obj
[uldrenite:ro] [421/421] Linking CXX static library zephyr/kernel/libkernel.a
[vader:rw] [104/369] Building C object zephyr/lib/libc/minimal/CMakeFiles/lib__libc__minimal.dir/source/stdlib/bsearch.c.obj
[ruby:rw] [324/394] Building C object modules/ec/zephyr/CMakeFiles/ec_shim.dir/shim/src/crc.c.obj
[ruby:rw] [325/394] Building C object modules/ec/zephyr/CMakeFiles/ec_shim.dir/shim/core/cortex-m/panic.c.obj
[vader:ro] [47/369] Building C object zephyr/CMakeFiles/zephyr.dir/subsys/tracing/tracing_none.c.obj
[vader:rw] [105/369] Building C object zephyr/lib/libc/minimal/CMakeFiles/lib__libc__minimal.dir/source/stdlib/qsort.c.obj
[trulo:rw] [60/417] Building C object CMakeFiles/app.dir/mnt/host/source/src/platform/ec/zephyr/subsys/pd_controller/pdc_stub.c.obj
[trulo:rw] [61/417] Building C object CMakeFiles/app.dir/mnt/host/source/src/platform/ec/zephyr/subsys/pd_controller/pdc_host_cmd.c.obj
[glassway:rw] -- CMake version: 3.31.7
[glassway:rw] -- Found Python3: /usr/bin/python3.11 (found suitable version "3.11.11", minimum required is "3.10") found components: Interpreter
[vader:rw] [106/369] Building C object zephyr/lib/libc/minimal/CMakeFiles/lib__libc__minimal.dir/source/string/strerror.c.obj
[glassway:rw] -- Cache files will be written to: /mnt/host/source/src/platform/ec/build/zephyr/user-cache
[glassway:rw] -- Zephyr version: 4.3.99 (/mnt/host/source/src/third_party/zephyr/main)
[vader:rw] [107/369] Building C object zephyr/lib/libc/minimal/CMakeFiles/lib__libc__minimal.dir/source/string/strncasecmp.c.obj
[vader:rw] [108/369] Building C object zephyr/lib/libc/minimal/CMakeFiles/lib__libc__minimal.dir/source/string/strstr.c.obj
[trulo:ro] [45/417] Building C object CMakeFiles/app.dir/mnt/host/source/src/platform/ec/zephyr/subsys/ap_pwrseq/ap_events.c.obj
[vader:ro] [48/369] Building C object zephyr/CMakeFiles/zephyr.dir/subsys/shell/modules/kernel_service/kernel_shell.c.obj
[vader:rw] [109/369] Building C object zephyr/lib/libc/minimal/CMakeFiles/lib__libc__minimal.dir/source/string/strspn.c.obj
[vader:rw] [110/369] Building C object zephyr/lib/libc/minimal/CMakeFiles/lib__libc__minimal.dir/source/string/string.c.obj
[vader:rw] [111/369] Building C object zephyr/lib/libc/minimal/CMakeFiles/lib__libc__minimal.dir/source/stdlib/exit.c.obj
[trulo:ro] [46/417] Building C object CMakeFiles/app.dir/mnt/host/source/src/platform/ec/zephyr/subsys/ap_pwrseq/ap_power_interface.c.obj
[vader:ro] [49/369] Building C object zephyr/CMakeFiles/zephyr.dir/subsys/shell/modules/kernel_service/cycles.c.obj
[ruby:rw] [326/394] Building C object modules/ec/zephyr/CMakeFiles/ec_shim.dir/shim/src/console.c.obj
[vader:ro] [50/369] Building C object zephyr/CMakeFiles/zephyr.dir/subsys/shell/modules/kernel_service/sleep.c.obj
[ruby:rw] [327/394] Building C object modules/ec/zephyr/CMakeFiles/ec_shim.dir/shim/src/gpio_int.c.obj
[ruby:rw] [328/394] Building C object modules/ec/zephyr/CMakeFiles/ec_shim.dir/shim/src/gpio.c.obj
[/mnt/host/source/src/platform/ec/build/zephyr/guren-lcov]   /mnt/host/source/src/platform/ec/build/zephyr/guren/build-ro/zephyr/arch/arch/arm/core/mpu/CMakeFiles/arch__arm__core__mpu.dir/arm_mpu_regions.c.gcno:no functions found
[/mnt/host/source/src/platform/ec/build/zephyr/guren-lcov] stderr:
[vader:ro] [51/369] Building C object zephyr/CMakeFiles/zephyr.dir/subsys/shell/modules/kernel_service/uptime.c.obj
[vader:rw] [112/369] Building C object zephyr/lib/libc/minimal/CMakeFiles/lib__libc__minimal.dir/source/stdout/stdout_console.c.obj
[vader:rw] [113/369] Building C object zephyr/lib/libc/minimal/CMakeFiles/lib__libc__minimal.dir/source/stdout/sprintf.c.obj
[vader:rw] [114/369] Building C object zephyr/lib/libc/minimal/CMakeFiles/lib__libc__minimal.dir/source/stdout/fprintf.c.obj
[trulo:rw] [62/417] Building C object CMakeFiles/app.dir/mnt/host/source/src/platform/ec/zephyr/subsys/pd_controller/pdc_console.c.obj
[trulo:rw] [63/417] Building C object CMakeFiles/app.dir/mnt/host/source/src/platform/ec/zephyr/subsys/pd_controller/pdc_dpm.c.obj
[vader:rw] [115/369] Building C object zephyr/lib/libc/minimal/CMakeFiles/lib__libc__minimal.dir/source/math/sqrtf.c.obj
[vader:rw] [116/369] Building C object zephyr/lib/libc/minimal/CMakeFiles/lib__libc__minimal.dir/source/math/sqrt.c.obj
[vader:ro] [52/369] Building C object zephyr/CMakeFiles/zephyr.dir/subsys/shell/modules/kernel_service/version.c.obj
[vader:ro] [53/369] Building C object zephyr/CMakeFiles/zephyr.dir/subsys/shell/modules/kernel_service/thread/thread.c.obj
[ruby:rw] [329/394] Building C object modules/ec/zephyr/CMakeFiles/ec_shim.dir/shim/src/panic_utils.c.obj
[trulo:ro] [47/417] Building C object CMakeFiles/app.dir/mnt/host/source/src/platform/ec/zephyr/subsys/ap_pwrseq/signal_gpio.c.obj
[trulo:ro] [48/417] Building C object CMakeFiles/app.dir/mnt/host/source/src/platform/ec/zephyr/subsys/ap_pwrseq/power_signals.c.obj
[glassway:rw] -- Board: npcx9, qualifiers: npcx9m3f
[vader:rw] [117/369] Building C object zephyr/lib/libc/common/CMakeFiles/lib__libc__common.dir/source/time/asctime.c.obj
[ruby:rw] [330/394] Building C object modules/ec/zephyr/CMakeFiles/ec_shim.dir/shim/src/pm_state.c.obj
[vader:rw] [118/369] Building C object zephyr/lib/libc/common/CMakeFiles/lib__libc__common.dir/source/time/gmtime_r.c.obj
[trulo:rw] [64/417] Building C object CMakeFiles/app.dir/mnt/host/source/src/platform/ec/zephyr/subsys/ucsi/ppm_common.c.obj
[ruby:rw] [331/394] Building C object modules/ec/zephyr/CMakeFiles/ec_shim.dir/shim/src/cbi/cros_cbi.c.obj
[vader:ro] [54/369] Building C object zephyr/CMakeFiles/zephyr.dir/subsys/shell/modules/kernel_service/thread/list.c.obj
[vader:rw] [119/369] Building C object zephyr/lib/libc/minimal/CMakeFiles/lib__libc__minimal.dir/source/time/gmtime.c.obj
[vader:rw] [120/369] Building C object zephyr/lib/libc/common/CMakeFiles/lib__libc__common.dir/source/time/localtime_r_utc.c.obj
[vader:rw] [121/369] Linking C static library zephyr/lib/libc/minimal/liblib__libc__minimal.a
[/mnt/host/source/src/platform/ec/build/zephyr/guren-lcov]   /mnt/host/source/src/platform/ec/build/zephyr/guren/build-ro/zephyr/arch/common/CMakeFiles/isr_tables.dir/isr_tables.c.gcno:no functions found
[/mnt/host/source/src/platform/ec/build/zephyr/guren-lcov] stderr:
[vader:ro] [55/369] Building C object zephyr/CMakeFiles/zephyr.dir/subsys/shell/modules/kernel_service/thread/suspend.c.obj
[vader:rw] [122/369] Building C object zephyr/lib/libc/common/CMakeFiles/lib__libc__common.dir/source/stdlib/abort.c.obj
[vader:rw] [123/369] Building C object zephyr/lib/libc/common/CMakeFiles/lib__libc__common.dir/source/time/ctime.c.obj
[vader:ro] [56/369] Building C object zephyr/CMakeFiles/zephyr.dir/subsys/shell/modules/kernel_service/thread/stacks.c.obj
[vader:rw] [124/369] Building C object zephyr/lib/libc/common/CMakeFiles/lib__libc__common.dir/source/time/time.c.obj
[vader:rw] [125/369] Building C object zephyr/lib/libc/common/CMakeFiles/lib__libc__common.dir/source/string/strnlen.c.obj
[ruby:rw] [332/394] Building C object modules/ec/zephyr/CMakeFiles/ec_shim.dir/shim/src/cbi/cros_cbi_fw_config.c.obj
[vader:rw] [126/369] Building C object zephyr/lib/posix/c_lib_ext/CMakeFiles/lib__posix__c_lib_ext.dir/fnmatch.c.obj
[trulo:ro] [49/417] Building C object CMakeFiles/app.dir/mnt/host/source/src/platform/ec/zephyr/subsys/ap_pwrseq/signal_vw.c.obj
[vader:ro] [57/369] Building C object zephyr/CMakeFiles/zephyr.dir/subsys/shell/modules/kernel_service/thread/resume.c.obj
[trulo:ro] [50/417] Building C object CMakeFiles/app.dir/mnt/host/source/src/platform/ec/zephyr/subsys/ap_pwrseq/signal_adc.c.obj
[trulo:rw] [65/417] Building C object CMakeFiles/app.dir/mnt/host/source/src/platform/ec/zephyr/subsys/ucsi/ppm_driver.c.obj
[ruby:rw] [333/394] Building C object modules/ec/zephyr/CMakeFiles/ec_shim.dir/shim/src/cbi/cbi_flash.c.obj
[ruby:rw] [334/394] Building C object modules/ec/zephyr/CMakeFiles/ec_shim.dir/shim/src/cbi/cros_cbi_ufsc.c.obj
[trulo:rw] [66/417] Building C object CMakeFiles/app.dir/mnt/host/source/src/platform/ec/zephyr/subsys/ucsi/ppm_console.c.obj
[trulo:rw] [67/417] Building C object CMakeFiles/app.dir/mnt/host/source/src/platform/ec/zephyr/subsys/ucsi/ucsi_host_cmd.c.obj
[vader:ro] [58/369] Building C object zephyr/CMakeFiles/zephyr.dir/subsys/shell/modules/kernel_service/thread/kill.c.obj
[vader:rw] [127/369] Building C object zephyr/lib/libc/common/CMakeFiles/lib__libc__common.dir/source/stdlib/malloc.c.obj
[vader:rw] [128/369] Linking C static library zephyr/lib/libc/common/liblib__libc__common.a
[vader:rw] [129/369] Building C object zephyr/lib/posix/c_lib_ext/CMakeFiles/lib__posix__c_lib_ext.dir/getentropy.c.obj
[vader:ro] [59/369] Building C object zephyr/CMakeFiles/zephyr.dir/subsys/shell/backends/shell_uart.c.obj
[vader:rw] [130/369] Building C object zephyr/lib/posix/c_lib_ext/CMakeFiles/lib__posix__c_lib_ext.dir/getopt_shim.c.obj
[vader:rw] [131/369] Linking C static library zephyr/lib/posix/c_lib_ext/liblib__posix__c_lib_ext.a
[glassway:rw] -- Found Dtc: /usr/bin/dtc (found suitable version "1.6.0", minimum required is "1.4.6")
[glassway:rw] -- Found BOARD.dts: /mnt/host/source/src/platform/ec/zephyr/boards/google/npcx9/npcx9_npcx9m3f.dts
[ruby:rw] [335/394] Building C object modules/ec/zephyr/CMakeFiles/ec_shim.dir/shim/src/led_driver/led.c.obj
[vader:ro] [60/369] Building C object zephyr/CMakeFiles/zephyr.dir/subsys/shell/shell.c.obj
[trulo:rw] [68/417] Building C object CMakeFiles/app.dir/mnt/host/source/src/platform/ec/build/zephyr/trulo/modules/ec/builtin/stdlib.c.obj
[vader:ro] [61/369] Building C object zephyr/CMakeFiles/zephyr.dir/subsys/shell/shell_fprintf.c.obj
[ruby:rw] [336/394] Building ASM object modules/ec/zephyr/CMakeFiles/ec_shim.dir/shim/src/libgcc_arm.S.obj
[ruby:rw] [337/394] Building C object modules/ec/zephyr/CMakeFiles/ec_shim.dir/shim/src/led_driver/led_pwm.c.obj
[ruby:rw] [338/394] Building C object modules/ec/zephyr/CMakeFiles/ec_shim.dir/shim/src/popcountsi2.c.obj
[trulo:ro] [51/417] Building C object CMakeFiles/app.dir/mnt/host/source/src/platform/ec/zephyr/subsys/ap_pwrseq/power_host_sleep.c.obj
[ruby:rw] [339/394] Building C object modules/ec/zephyr/CMakeFiles/ec_shim.dir/shim/src/system.c.obj
[trulo:rw] [69/417] Building C object CMakeFiles/app.dir/mnt/host/source/src/platform/ec/build/zephyr/trulo/modules/ec/common/base32.c.obj
[vader:rw] [132/369] Building C object zephyr/lib/smf/CMakeFiles/lib__smf.dir/smf.c.obj
[trulo:rw] [70/417] Building C object CMakeFiles/app.dir/mnt/host/source/src/platform/ec/build/zephyr/trulo/modules/ec/common/console_output.c.obj
[vader:rw] [133/369] Building C object zephyr/subsys/mgmt/ec_host_cmd/CMakeFiles/subsys__mgmt__ec_host_cmd.dir/ec_host_cmd_handler.c.obj
[trulo:ro] [52/417] Building C object CMakeFiles/app.dir/mnt/host/source/src/platform/ec/zephyr/subsys/ap_pwrseq/x86_non_dsx_common_pwrseq_sm_handler.c.obj
[vader:rw] [134/369] Linking C static library zephyr/lib/smf/liblib__smf.a
[vader:ro] [62/369] Building C object zephyr/CMakeFiles/zephyr.dir/subsys/shell/shell_utils.c.obj
[vader:rw] [135/369] Linking C static library zephyr/subsys/mgmt/ec_host_cmd/libsubsys__mgmt__ec_host_cmd.a
[vader:rw] [136/369] Building C object zephyr/subsys/mgmt/ec_host_cmd/backends/CMakeFiles/subsys__mgmt__ec_host_cmd__backends.dir/ec_host_cmd_backend_shi_npcx.c.obj
[vader:rw] [137/369] Linking C static library zephyr/subsys/mgmt/ec_host_cmd/backends/libsubsys__mgmt__ec_host_cmd__backends.a
[vader:rw] [138/369] Building C object zephyr/subsys/crc/CMakeFiles/subsys__crc.dir/crc4_sw.c.obj
[vader:rw] [139/369] Building C object zephyr/subsys/crc/CMakeFiles/subsys__crc.dir/crc8_sw.c.obj
[vader:ro] [63/369] Building C object zephyr/CMakeFiles/zephyr.dir/subsys/shell/shell_help.c.obj
[vader:ro] [64/369] Building C object zephyr/CMakeFiles/zephyr.dir/subsys/shell/shell_ops.c.obj
[vader:rw] [140/369] Building C object zephyr/subsys/crc/CMakeFiles/subsys__crc.dir/crc16_sw.c.obj
[vader:rw] [141/369] Building C object zephyr/subsys/crc/CMakeFiles/subsys__crc.dir/crc24_sw.c.obj
[vader:rw] [142/369] Building C object zephyr/subsys/crc/CMakeFiles/subsys__crc.dir/crc7_sw.c.obj
[vader:rw] [143/369] Building C object zephyr/subsys/crc/CMakeFiles/subsys__crc.dir/crc32c_sw.c.obj
[vader:rw] [144/369] Building C object zephyr/subsys/crc/CMakeFiles/subsys__crc.dir/crc32_sw.c.obj
[vader:rw] [145/369] Building C object zephyr/subsys/crc/CMakeFiles/subsys__crc.dir/crc32k_4_2_sw.c.obj
[ruby:rw] [340/394] Building C object modules/ec/zephyr/CMakeFiles/ec_shim.dir/shim/src/adc.c.obj
[vader:ro] [65/369] Building C object zephyr/CMakeFiles/zephyr.dir/subsys/shell/shell_history.c.obj
[vader:rw] [146/369] Linking C static library zephyr/subsys/crc/libsubsys__crc.a
[trulo:rw] [71/417] Building C object CMakeFiles/app.dir/mnt/host/source/src/platform/ec/build/zephyr/trulo/modules/ec/common/ec_features.c.obj
[trulo:ro] [53/417] Building C object CMakeFiles/app.dir/mnt/host/source/src/platform/ec/zephyr/subsys/ap_pwrseq/x86_non_dsx_chipset_power_state.c.obj
[ruby:rw] [341/394] Building C object modules/ec/zephyr/CMakeFiles/ec_shim.dir/shim/src/pdc_shim.c.obj
[trulo:rw] [72/417] Building C object CMakeFiles/app.dir/mnt/host/source/src/platform/ec/build/zephyr/trulo/modules/ec/common/peripheral.c.obj
[ruby:rw] [342/394] Building C object modules/ec/zephyr/CMakeFiles/ec_shim.dir/shim/src/battery.c.obj
[trulo:rw] [73/417] Building C object CMakeFiles/app.dir/mnt/host/source/src/platform/ec/build/zephyr/trulo/modules/ec/common/gpio_commands.c.obj
[trulo:ro] [54/417] Building C object CMakeFiles/app.dir/mnt/host/source/src/platform/ec/zephyr/subsys/ap_pwrseq/x86_non_dsx_common_pwrseq_host_sleep.c.obj
[vader:ro] [66/369] Building C object zephyr/arch/common/CMakeFiles/arch__common.dir/sw_isr_common.c.obj
[vader:ro] [67/369] Building C object zephyr/CMakeFiles/zephyr.dir/drivers/flash/flash_util.c.obj
[vader:ro] [68/369] Building C object zephyr/arch/common/CMakeFiles/arch__common.dir/init.c.obj
[vader:rw] [147/369] Building C object zephyr/drivers/adc/CMakeFiles/drivers__adc.dir/adc_common.c.obj
[vader:ro] [69/369] Linking C static library zephyr/libzephyr.a
[vader:rw] [148/369] Building C object zephyr/drivers/interrupt_controller/CMakeFiles/drivers__interrupt_controller.dir/intc_miwu.c.obj
[vader:rw] [149/369] Linking C static library zephyr/drivers/interrupt_controller/libdrivers__interrupt_controller.a
[ruby:rw] [343/394] Building C object modules/ec/zephyr/CMakeFiles/ec_shim.dir/shim/src/charger.c.obj
[glassway:rw] -- Found devicetree overlay: /mnt/host/source/src/platform/ec/zephyr/program/nissa/glassway/project.overlay
[glassway:rw] -- Generated zephyr.dts: /mnt/host/source/src/platform/ec/build/zephyr/glassway/build-rw/zephyr/zephyr.dts
[glassway:rw] -- Generated pickled edt: /mnt/host/source/src/platform/ec/build/zephyr/glassway/build-rw/zephyr/edt.pickle
[trulo:rw] [74/417] Building C object CMakeFiles/app.dir/mnt/host/source/src/platform/ec/build/zephyr/trulo/modules/ec/common/printf.c.obj
[/mnt/host/source/src/platform/ec/build/zephyr/guren-lcov]   /mnt/host/source/src/platform/ec/build/zephyr/guren/build-ro/zephyr/CMakeFiles/zephyr.dir/subsys/shell/modules/kernel_service/kernel_shell.c.gcno:no functions found
[/mnt/host/source/src/platform/ec/build/zephyr/guren-lcov] stderr:
[vader:rw] [150/369] Building C object zephyr/drivers/adc/CMakeFiles/drivers__adc.dir/adc_npcx.c.obj
[ruby:rw] [344/394] Building C object modules/ec/zephyr/CMakeFiles/ec_shim.dir/shim/src/chipset_api.c.obj
[trulo:ro] [55/417] Building C object CMakeFiles/app.dir/mnt/host/source/src/platform/ec/zephyr/subsys/ap_pwrseq/x86_non_dsx_common_pwrseq_console.c.obj
[vader:rw] [151/369] Linking C static library zephyr/drivers/adc/libdrivers__adc.a
[trulo:rw] [75/417] Building C object CMakeFiles/app.dir/mnt/host/source/src/platform/ec/build/zephyr/trulo/modules/ec/common/queue.c.obj
[vader:ro] [70/369] Building C object zephyr/arch/common/CMakeFiles/isr_tables.dir/isr_tables.c.obj
[ruby:rw] [345/394] Building C object modules/ec/zephyr/CMakeFiles/ec_shim.dir/shim/src/espi.c.obj
[vader:rw] [152/369] Building C object zephyr/drivers/bbram/CMakeFiles/drivers__bbram.dir/bbram_npcx.c.obj
[/mnt/host/source/src/platform/ec/build/zephyr/guren-lcov]   /mnt/host/source/src/platform/ec/build/zephyr/guren/build-ro/zephyr/CMakeFiles/zephyr.dir/lib/libc/validate_libc.c.gcno:no functions found
[/mnt/host/source/src/platform/ec/build/zephyr/guren-lcov] stderr:
[vader:ro] [71/369] Linking C static library zephyr/arch/common/libisr_tables.a
[vader:rw] [153/369] Linking C static library zephyr/drivers/bbram/libdrivers__bbram.a
[vader:ro] [72/369] Building C object zephyr/arch/common/CMakeFiles/arch__common.dir/xip.c.obj
[trulo:ro] [56/417] Building C object CMakeFiles/app.dir/mnt/host/source/src/platform/ec/zephyr/subsys/ap_pwrseq/x86_non_dsx_common_pwrseq_host_command.c.obj
[vader:ro] [73/369] Linking C static library zephyr/arch/common/libarch__common.a
[vader:rw] [154/369] Building C object zephyr/drivers/clock_control/CMakeFiles/drivers__clock_control.dir/clock_control_npcx.c.obj
[vader:ro] [74/369] Building C object zephyr/arch/arch/arm/core/CMakeFiles/arch__arm__core.dir/fatal.c.obj
[glassway:rw] -- Generated devicetree_generated.h: /mnt/host/source/src/platform/ec/build/zephyr/glassway/build-rw/zephyr/include/generated/zephyr/devicetree_generated.h
[vader:rw] [155/369] Linking C static library zephyr/drivers/clock_control/libdrivers__clock_control.a
[vader:ro] [75/369] Building ASM object zephyr/arch/arch/arm/core/CMakeFiles/arch__arm__core.dir/nmi_on_reset.S.obj
[vader:rw] [156/369] Building C object zephyr/drivers/console/CMakeFiles/drivers__console.dir/uart_console.c.obj
[vader:rw] [157/369] Building C object zephyr/drivers/flash/CMakeFiles/drivers__flash.dir/jesd216.c.obj
[ruby:rw] [346/394] Building C object modules/ec/zephyr/CMakeFiles/ec_shim.dir/shim/src/flash.c.obj
[vader:rw] [158/369] Linking C static library zephyr/drivers/console/libdrivers__console.a
[vader:ro] [76/369] Building C object zephyr/arch/arch/arm/core/CMakeFiles/arch__arm__core.dir/nmi.c.obj
[trulo:rw] [76/417] Building C object CMakeFiles/app.dir/mnt/host/source/src/platform/ec/build/zephyr/trulo/modules/ec/common/system_boot_time.c.obj
[trulo:rw] [77/417] Building C object CMakeFiles/app.dir/mnt/host/source/src/platform/ec/build/zephyr/trulo/modules/ec/common/uart_printf.c.obj
[vader:ro] [77/369] Linking C static library zephyr/arch/arch/arm/core/libarch__arm__core.a
[trulo:ro] [57/417] Building C object CMakeFiles/app.dir/mnt/host/source/src/platform/ec/zephyr/subsys/ap_pwrseq/ap_reset_log.c.obj
[ruby:rw] [347/394] Building C object modules/ec/zephyr/CMakeFiles/ec_shim.dir/shim/src/hooks.c.obj
[ruby:rw] [348/394] Building C object modules/ec/zephyr/CMakeFiles/ec_shim.dir/shim/src/fan.c.obj
[trulo:ro] [58/417] Building C object CMakeFiles/app.dir/mnt/host/source/src/platform/ec/zephyr/subsys/ap_pwrseq/x86_non_dsx_adlp_pwrseq_sm.c.obj
[vader:ro] [78/369] Building ASM object zephyr/arch/arch/arm/core/cortex_m/CMakeFiles/arch__arm__core__cortex_m.dir/fault_s.S.obj
[vader:ro] [79/369] Building C object zephyr/arch/arch/arm/core/cortex_m/CMakeFiles/arch__arm__core__cortex_m.dir/exc_exit.c.obj
[/mnt/host/source/src/platform/ec/build/zephyr/guren-lcov]   /mnt/host/source/src/platform/ec/build/zephyr/guren/build-ro/zephyr/CMakeFiles/zephyr.dir/lib/utils/last_section_id.c.gcno:no functions found
[/mnt/host/source/src/platform/ec/build/zephyr/guren-lcov] stderr:
[trulo:rw] [78/417] Building C object CMakeFiles/app.dir/mnt/host/source/src/platform/ec/build/zephyr/trulo/modules/ec/common/system.c.obj
[vader:rw] [159/369] Building C object zephyr/drivers/flash/CMakeFiles/drivers__flash.dir/flash_npcx_fiu_nor.c.obj
[vader:ro] [80/369] Building C object zephyr/arch/arch/arm/core/cortex_m/CMakeFiles/arch__arm__core__cortex_m.dir/fault.c.obj
[vader:rw] [160/369] Building C object zephyr/drivers/flash/CMakeFiles/drivers__flash.dir/flash_npcx_fiu_qspi.c.obj
[vader:rw] [161/369] Linking C static library zephyr/drivers/flash/libdrivers__flash.a
[vader:ro] [81/369] Building C object zephyr/arch/arch/arm/core/cortex_m/CMakeFiles/arch__arm__core__cortex_m.dir/fpu.c.obj
[ruby:rw] [349/394] Building C object modules/ec/zephyr/CMakeFiles/ec_shim.dir/shim/src/host_command.c.obj
[glassway:rw] /mnt/host/source/src/platform/ec/build/zephyr/glassway/build-rw/zephyr/zephyr.dts:4747.9-4754.5: Warning (gpios_property): /fans/fan_0: Missing property '#gpio-cells' in node /named-gpios/fan-enable or bad phandle (referred from enable-gpio[0])
[vader:rw] [162/369] Building C object zephyr/drivers/gpio/CMakeFiles/drivers__gpio.dir/gpio_npcx.c.obj
[vader:ro] [82/369] Building ASM object zephyr/arch/arch/arm/core/cortex_m/CMakeFiles/arch__arm__core__cortex_m.dir/reset.S.obj
[ruby:rw] [350/394] Building C object modules/ec/zephyr/CMakeFiles/ec_shim.dir/shim/src/mkbp_event.c.obj
[trulo:rw] [79/417] Building C object CMakeFiles/app.dir/mnt/host/source/src/platform/ec/build/zephyr/trulo/modules/ec/common/version.c.obj
[trulo:rw] [80/417] Building C object CMakeFiles/app.dir/mnt/host/source/src/platform/ec/build/zephyr/trulo/modules/ec/common/util.c.obj
[vader:rw] [163/369] Linking C static library zephyr/drivers/gpio/libdrivers__gpio.a
[vader:rw] [164/369] Building C object zephyr/drivers/i2c/CMakeFiles/drivers__i2c.dir/i2c_common.c.obj
[trulo:ro] [59/417] Building C object CMakeFiles/app.dir/mnt/host/source/src/platform/ec/zephyr/subsys/pd_controller/pdc_pmc_debug.c.obj
[ruby:rw] [351/394] Building C object modules/ec/zephyr/CMakeFiles/ec_shim.dir/shim/src/console_buffer.c.obj
[vader:ro] [83/369] Building C object zephyr/arch/arch/arm/core/cortex_m/CMakeFiles/arch__arm__core__cortex_m.dir/scb.c.obj
[vader:ro] [84/369] Building ASM object zephyr/arch/arch/arm/core/cortex_m/CMakeFiles/arch__arm__core__cortex_m.dir/vector_table.S.obj
[vader:rw] [165/369] Building C object zephyr/drivers/i2c/CMakeFiles/drivers__i2c.dir/i2c_shell.c.obj
[vader:ro] [85/369] Building C object zephyr/arch/arch/arm/core/cortex_m/CMakeFiles/arch__arm__core__cortex_m.dir/thread_abort.c.obj
[ruby:rw] [352/394] Building C object modules/ec/zephyr/CMakeFiles/ec_shim.dir/shim/src/panic.c.obj
[trulo:rw] [81/417] Building C object CMakeFiles/app.dir/mnt/host/source/src/platform/ec/build/zephyr/trulo/modules/ec/common/power_button_x86.c.obj
[vader:ro] [86/369] Building ASM object zephyr/arch/arch/arm/core/cortex_m/CMakeFiles/arch__arm__core__cortex_m.dir/swap_helper.S.obj
[ruby:rw] [353/394] Building C object modules/ec/zephyr/CMakeFiles/ec_shim.dir/shim/src/pwm_hc.c.obj
[vader:rw] [166/369] Building C object zephyr/drivers/i2c/CMakeFiles/drivers__i2c.dir/i2c_npcx_controller.c.obj
[vader:rw] [167/369] Building C object zephyr/drivers/i2c/CMakeFiles/drivers__i2c.dir/i2c_npcx_controller_fifo.c.obj
[vader:ro] [87/369] Building C object zephyr/arch/arch/arm/core/cortex_m/CMakeFiles/arch__arm__core__cortex_m.dir/irq_manage.c.obj
[trulo:rw] [82/417] Building C object CMakeFiles/app.dir/mnt/host/source/src/platform/ec/build/zephyr/trulo/modules/ec/common/adc.c.obj
[trulo:rw] [83/417] Building C object CMakeFiles/app.dir/mnt/host/source/src/platform/ec/build/zephyr/trulo/modules/ec/common/acpi.c.obj
[ruby:rw] [354/394] Building C object modules/ec/zephyr/CMakeFiles/ec_shim.dir/shim/src/temp_sensors.c.obj
[vader:ro] [88/369] Building C object zephyr/arch/arch/arm/core/cortex_m/CMakeFiles/arch__arm__core__cortex_m.dir/prep_c.c.obj
[vader:rw] [168/369] Building C object zephyr/drivers/i2c/CMakeFiles/drivers__i2c.dir/i2c_npcx_port.c.obj
[vader:rw] [169/369] Linking C static library zephyr/drivers/i2c/libdrivers__i2c.a
[vader:ro] [89/369] Building C object zephyr/arch/arch/arm/core/cortex_m/CMakeFiles/arch__arm__core__cortex_m.dir/thread.c.obj
[vader:rw] [170/369] Building C object zephyr/drivers/pinctrl/CMakeFiles/drivers__pinctrl.dir/common.c.obj
[ruby:rw] [355/394] Building C object modules/ec/zephyr/CMakeFiles/ec_shim.dir/shim/src/thermal.c.obj
[vader:rw] [171/369] Building C object zephyr/drivers/pinctrl/CMakeFiles/drivers__pinctrl.dir/pinctrl_npcx.c.obj
[trulo:rw] [84/417] Building C object CMakeFiles/app.dir/mnt/host/source/src/platform/ec/build/zephyr/trulo/modules/ec/common/backlight_lid.c.obj
[ruby:rw] [356/394] Building C object modules/ec/zephyr/CMakeFiles/ec_shim.dir/shim/src/hwtimer.c.obj
[vader:rw] [172/369] Linking C static library zephyr/drivers/pinctrl/libdrivers__pinctrl.a
[vader:ro] [90/369] Building C object zephyr/arch/arch/arm/core/cortex_m/CMakeFiles/arch__arm__core__cortex_m.dir/cpu_idle.c.obj
[vader:ro] [91/369] Building C object zephyr/arch/arch/arm/core/cortex_m/CMakeFiles/arch__arm__core__cortex_m.dir/irq_init.c.obj
[trulo:rw] [85/417] Building C object CMakeFiles/app.dir/mnt/host/source/src/platform/ec/build/zephyr/trulo/modules/ec/common/battery_info.c.obj
[vader:ro] [92/369] Building C object zephyr/arch/arch/arm/core/cortex_m/CMakeFiles/arch__arm__core__cortex_m.dir/isr_wrapper.c.obj
[ruby:rw] [357/394] Building C object modules/ec/zephyr/CMakeFiles/ec_shim.dir/shim/src/i2c.c.obj
[vader:rw] [173/369] Building C object zephyr/drivers/pwm/CMakeFiles/drivers__pwm.dir/pwm_shell.c.obj
[vader:ro] [93/369] Linking C static library zephyr/arch/arch/arm/core/cortex_m/libarch__arm__core__cortex_m.a
[vader:rw] [174/369] Building C object zephyr/drivers/pwm/CMakeFiles/drivers__pwm.dir/pwm_npcx.c.obj
[trulo:ro] [60/417] Building C object CMakeFiles/app.dir/mnt/host/source/src/platform/ec/zephyr/subsys/pd_controller/pdc_console.c.obj
[vader:ro] [94/369] Building C object zephyr/arch/arch/arm/core/mpu/CMakeFiles/arch__arm__core__mpu.dir/arm_core_mpu.c.obj
[vader:rw] [175/369] Linking C static library zephyr/drivers/pwm/libdrivers__pwm.a
[vader:ro] [95/369] Generating ../../../include/generated/libc/minimal/strerror_table.h
[trulo:ro] [61/417] Building C object CMakeFiles/app.dir/mnt/host/source/src/platform/ec/zephyr/subsys/pd_controller/pdc_power_mgmt.c.obj
[vader:rw] [176/369] Building C object zephyr/drivers/serial/CMakeFiles/drivers__serial.dir/uart_npcx.c.obj
[ruby:rw] [358/394] Building C object modules/ec/zephyr/CMakeFiles/ec_shim.dir/shim/src/tasks.c.obj
[ruby:rw] [359/394] Building C object modules/ec/zephyr/CMakeFiles/ec_shim.dir/shim/src/watchdog.c.obj
[vader:rw] [177/369] Linking C static library zephyr/drivers/serial/libdrivers__serial.a
[vader:ro] [96/369] Building C object zephyr/lib/libc/minimal/CMakeFiles/lib__libc__minimal.dir/source/stdlib/atoi.c.obj
[vader:ro] [97/369] Building C object zephyr/arch/arch/arm/core/mpu/CMakeFiles/arch__arm__core__mpu.dir/arm_mpu.c.obj
[vader:ro] [98/369] Building C object zephyr/lib/libc/minimal/CMakeFiles/lib__libc__minimal.dir/source/stdlib/strtol.c.obj
[trulo:rw] [86/417] Building C object CMakeFiles/app.dir/mnt/host/source/src/platform/ec/build/zephyr/trulo/modules/ec/common/battery_fuel_gauge.c.obj
[vader:ro] [99/369] Building C object zephyr/lib/libc/minimal/CMakeFiles/lib__libc__minimal.dir/source/stdlib/strtoul.c.obj
[vader:rw] [178/369] Building C object zephyr/drivers/syscon/CMakeFiles/drivers__syscon.dir/syscon.c.obj
[vader:ro] [100/369] Building C object zephyr/arch/arch/arm/core/mpu/CMakeFiles/arch__arm__core__mpu.dir/arm_mpu_regions.c.obj
[vader:ro] [101/369] Building C object zephyr/lib/libc/minimal/CMakeFiles/lib__libc__minimal.dir/source/stdlib/strtoll.c.obj
[vader:rw] [179/369] Linking C static library zephyr/drivers/syscon/libdrivers__syscon.a
[vader:ro] [102/369] Linking C static library zephyr/arch/arch/arm/core/mpu/libarch__arm__core__mpu.a
[vader:ro] [103/369] Building C object zephyr/lib/libc/minimal/CMakeFiles/lib__libc__minimal.dir/source/stdlib/strtoull.c.obj
[vader:ro] [104/369] Building C object zephyr/lib/libc/minimal/CMakeFiles/lib__libc__minimal.dir/source/stdlib/bsearch.c.obj
[trulo:rw] [87/417] Building C object CMakeFiles/app.dir/mnt/host/source/src/platform/ec/build/zephyr/trulo/modules/ec/common/battery.c.obj
[glassway:rw] Parsing /mnt/host/source/src/platform/ec/zephyr/program/nissa/Kconfig
[ruby:rw] [360/394] Building C object modules/ec/zephyr/CMakeFiles/ec_shim.dir/shim/src/usba.c.obj
[trulo:rw] [88/417] Building C object CMakeFiles/app.dir/mnt/host/source/src/platform/ec/build/zephyr/trulo/modules/ec/driver/battery/smart.c.obj
[vader:rw] [180/369] Building C object zephyr/drivers/timer/CMakeFiles/drivers__timer.dir/sys_clock_init.c.obj
[ruby:rw] [361/394] Building C object zephyr/kernel/CMakeFiles/kernel.dir/main_weak.c.obj
[vader:ro] [105/369] Building C object zephyr/lib/libc/minimal/CMakeFiles/lib__libc__minimal.dir/source/string/strerror.c.obj
[vader:ro] [106/369] Building C object zephyr/lib/libc/minimal/CMakeFiles/lib__libc__minimal.dir/source/stdlib/qsort.c.obj
[trulo:ro] [62/417] Building C object CMakeFiles/app.dir/mnt/host/source/src/platform/ec/zephyr/subsys/pd_controller/pdc_host_cmd.c.obj
[vader:ro] [107/369] Building C object zephyr/lib/libc/minimal/CMakeFiles/lib__libc__minimal.dir/source/string/strstr.c.obj
[vader:rw] [181/369] Building C object zephyr/drivers/timer/CMakeFiles/drivers__timer.dir/npcx_itim_timer.c.obj
[vader:ro] [108/369] Building C object zephyr/lib/libc/minimal/CMakeFiles/lib__libc__minimal.dir/source/string/strncasecmp.c.obj
[ruby:rw] [362/394] Building C object modules/ec/zephyr/CMakeFiles/ec_shim.dir/shim/src/power_host_sleep_api.c.obj
[trulo:ro] [63/417] Building C object CMakeFiles/app.dir/mnt/host/source/src/platform/ec/zephyr/subsys/pd_controller/pdc_stub.c.obj
[vader:rw] [182/369] Linking C static library zephyr/drivers/timer/libdrivers__timer.a
[vader:ro] [109/369] Building C object zephyr/lib/libc/minimal/CMakeFiles/lib__libc__minimal.dir/source/string/string.c.obj
[vader:ro] [110/369] Building C object zephyr/lib/libc/minimal/CMakeFiles/lib__libc__minimal.dir/source/string/strspn.c.obj
[ruby:rw] [363/394] Linking C static library modules/ec/zephyr/libec_shim.a
[vader:rw] [183/369] Building C object zephyr/drivers/watchdog/CMakeFiles/drivers__watchdog.dir/wdt_npcx.c.obj
[vader:ro] [111/369] Building C object zephyr/lib/libc/minimal/CMakeFiles/lib__libc__minimal.dir/source/stdlib/exit.c.obj
[trulo:rw] [89/417] Building C object CMakeFiles/app.dir/mnt/host/source/src/platform/ec/build/zephyr/trulo/modules/ec/driver/charger/bq25710.c.obj
[ruby:rw] [364/394] Building C object zephyr/kernel/CMakeFiles/kernel.dir/banner.c.obj
[ruby:rw] [365/394] Building C object zephyr/kernel/CMakeFiles/kernel.dir/busy_wait.c.obj
[vader:rw] [184/369] Building C object zephyr/drivers/watchdog/CMakeFiles/drivers__watchdog.dir/wdt_shell.c.obj
[vader:rw] [185/369] Linking C static library zephyr/drivers/watchdog/libdrivers__watchdog.a
[glassway:rw] Loaded configuration '/mnt/host/source/src/platform/ec/zephyr/boards/google/npcx9/npcx9_npcx9m3f_defconfig'
[glassway:rw] Merged configuration '/mnt/host/source/src/platform/ec/zephyr/program/nissa/program.conf'
[glassway:rw] Merged configuration '/mnt/host/source/src/platform/ec/zephyr/program/nissa/npcx_program.conf'
[glassway:rw] Merged configuration '/mnt/host/source/src/platform/ec/zephyr/program/nissa/glassway/project.conf'
[glassway:rw] Merged configuration '/mnt/host/source/src/platform/ec/build/zephyr/glassway/kconfig-rw.conf'
[glassway:rw] Configuration saved to '/mnt/host/source/src/platform/ec/build/zephyr/glassway/build-rw/zephyr/.config'
[glassway:rw] Kconfig header saved to '/mnt/host/source/src/platform/ec/build/zephyr/glassway/build-rw/zephyr/include/generated/zephyr/autoconf.h'
[glassway:rw] -- Found GnuLd: /home/jpmurphy/.cache/coreboot-sdk/arm-eabi/ea40ddd1d190c3b48435c474c0b545719371813a/arm-eabi/bin/ld.bfd (found version "2.43.1")
[vader:ro] [112/369] Building C object zephyr/lib/libc/minimal/CMakeFiles/lib__libc__minimal.dir/source/stdout/sprintf.c.obj
[glassway:rw] -- The C compiler identification is GNU 14.2.0
[vader:ro] [113/369] Building C object zephyr/lib/libc/minimal/CMakeFiles/lib__libc__minimal.dir/source/stdout/stdout_console.c.obj
[ruby:rw] [366/394] Building C object zephyr/kernel/CMakeFiles/kernel.dir/device.c.obj
[vader:ro] [114/369] Building C object zephyr/lib/libc/minimal/CMakeFiles/lib__libc__minimal.dir/source/stdout/fprintf.c.obj
[vader:rw] [186/369] Building C object modules/ec/zephyr/CMakeFiles/ec_shim.dir/app/ec/main_shim.c.obj
[vader:ro] [115/369] Building C object zephyr/lib/libc/minimal/CMakeFiles/lib__libc__minimal.dir/source/math/sqrtf.c.obj
[trulo:ro] [64/417] Building C object CMakeFiles/app.dir/mnt/host/source/src/platform/ec/zephyr/subsys/pd_controller/pdc_dpm.c.obj
[ruby:rw] [367/394] Building C object zephyr/kernel/CMakeFiles/kernel.dir/errno.c.obj
[vader:ro] [116/369] Building C object zephyr/lib/libc/minimal/CMakeFiles/lib__libc__minimal.dir/source/math/sqrt.c.obj
[glassway:rw] -- The CXX compiler identification is GNU 14.2.0
[vader:rw] [187/369] Building C object modules/ec/zephyr/CMakeFiles/ec_shim.dir/app/ec/ec_app_main.c.obj
[glassway:rw] -- The ASM compiler identification is GNU
[glassway:rw] warning: PLATFORM_EC_LED_COMMON (defined at /mnt/host/source/src/platform/ec/zephyr/Kconfig.led:5)
[glassway:rw] was assigned the value 'y' but got the value 'n'. Check these unsatisfied dependencies:
[glassway:rw] (!PLATFORM_EC_LED_DT) (=n). See
[glassway:rw] http://docs.zephyrproject.org/latest/kconfig.html#CONFIG_PLATFORM_EC_LED_COMMON and/or look up
[glassway:rw] PLATFORM_EC_LED_COMMON in the menuconfig/guiconfig interface. The Application Development Primer,
[glassway:rw] Setting Configuration Values, and Kconfig - Tips and Best Practices sections of the manual might be
[glassway:rw] helpful too.
[glassway:rw] warning: PLATFORM_EC_LED_ONOFF_STATES (defined at
[glassway:rw] /mnt/host/source/src/platform/ec/zephyr/Kconfig.led:157) was assigned the value 'y' but got the
[glassway:rw] value 'n'. Check these unsatisfied dependencies: PLATFORM_EC_LED_COMMON (=n). See
[glassway:rw] http://docs.zephyrproject.org/latest/kconfig.html#CONFIG_PLATFORM_EC_LED_ONOFF_STATES and/or look up
[glassway:rw] PLATFORM_EC_LED_ONOFF_STATES in the menuconfig/guiconfig interface. The Application Development
[glassway:rw] Primer, Setting Configuration Values, and Kconfig - Tips and Best Practices sections of the manual
[glassway:rw] might be helpful too.
[glassway:rw] warning: Deprecated symbol I2C_ALLOW_NO_STOP_TRANSACTIONS is enabled.
[glassway:rw] CMake Warning at /mnt/host/source/src/platform/ec/zephyr/cmake/linker/ld/linker_libraries.cmake:11 (message):
[ruby:rw] [368/394] Building C object zephyr/kernel/CMakeFiles/kernel.dir/fatal.c.obj
[vader:ro] [117/369] Building C object zephyr/lib/libc/common/CMakeFiles/lib__libc__common.dir/source/time/asctime.c.obj
[trulo:rw] [90/417] Building C object CMakeFiles/app.dir/mnt/host/source/src/platform/ec/build/zephyr/trulo/modules/ec/common/charger.c.obj
[vader:ro] [118/369] Building C object zephyr/lib/libc/common/CMakeFiles/lib__libc__common.dir/source/time/gmtime_r.c.obj
[trulo:ro] [65/417] Building C object CMakeFiles/app.dir/mnt/host/source/src/platform/ec/zephyr/subsys/ucsi/ppm_common.c.obj
[vader:ro] [119/369] Building C object zephyr/lib/libc/common/CMakeFiles/lib__libc__common.dir/source/stdlib/abort.c.obj
[vader:ro] [120/369] Building C object zephyr/lib/libc/minimal/CMakeFiles/lib__libc__minimal.dir/source/time/gmtime.c.obj
[vader:ro] [121/369] Building C object zephyr/lib/libc/common/CMakeFiles/lib__libc__common.dir/source/time/localtime_r_utc.c.obj
[vader:rw] [188/369] Building C object modules/ec/zephyr/CMakeFiles/ec_shim.dir/drivers/cros_flash/cros_flash_npcx.c.obj
[vader:ro] [122/369] Linking C static library zephyr/lib/libc/minimal/liblib__libc__minimal.a
[ruby:rw] [369/394] Building C object zephyr/kernel/CMakeFiles/kernel.dir/kheap.c.obj
[ruby:rw] [370/394] Building C object zephyr/kernel/CMakeFiles/kernel.dir/init.c.obj
[trulo:rw] [91/417] Building C object CMakeFiles/app.dir/mnt/host/source/src/platform/ec/build/zephyr/trulo/modules/ec/common/charge_manager.c.obj
[glassway:rw] -- Found assembler: /home/jpmurphy/.cache/coreboot-sdk/arm-eabi/ea40ddd1d190c3b48435c474c0b545719371813a/bin/arm-eabi-gcc
[glassway:rw] -- Performing EC specific devicetree checks
[vader:ro] [123/369] Building C object zephyr/lib/libc/common/CMakeFiles/lib__libc__common.dir/source/time/ctime.c.obj
[vader:rw] [189/369] Building C object modules/ec/zephyr/CMakeFiles/ec_shim.dir/drivers/cros_kb_raw/cros_kb_raw_npcx.c.obj
[trulo:rw] [92/417] Building C object CMakeFiles/app.dir/mnt/host/source/src/platform/ec/build/zephyr/trulo/modules/ec/common/charge_state.c.obj
[ruby:rw] [371/394] Building C object zephyr/kernel/CMakeFiles/kernel.dir/mem_slab.c.obj
[vader:ro] [124/369] Building C object zephyr/lib/libc/common/CMakeFiles/lib__libc__common.dir/source/time/time.c.obj
[ruby:rw] [372/394] Building C object zephyr/kernel/CMakeFiles/kernel.dir/version.c.obj
[glassway:rw]   Disabling c_library
[glassway:rw] Call Stack (most recent call first):
[glassway:rw]   /mnt/host/source/src/third_party/zephyr/main/cmake/target_toolchain_flags.cmake:48 (include)
[glassway:rw]   /mnt/host/source/src/third_party/zephyr/main/cmake/modules/kernel.cmake:153 (include)
[glassway:rw]   /mnt/host/source/src/third_party/zephyr/main/cmake/modules/zephyr_default.cmake:138 (include)
[glassway:rw]   /mnt/host/source/src/third_party/zephyr/main/share/zephyr-package/cmake/ZephyrConfig.cmake:66 (include)
[glassway:rw]   /mnt/host/source/src/third_party/zephyr/main/share/zephyr-package/cmake/ZephyrConfig.cmake:97 (include_boilerplate)
[glassway:rw]   CMakeLists.txt:7 (find_package)
[glassway:rw] INFO: Verified 54 GPIOs, no duplicates found
[glassway:rw] INFO: Verified 24 '*-gpios' properties, all flags match.
[glassway:rw] INFO: Skipped 19 named-gpios children.
[vader:rw] [190/369] Building C object modules/ec/zephyr/CMakeFiles/ec_shim.dir/drivers/cros_system/cros_system_npcx.c.obj
[vader:ro] [125/369] Building C object zephyr/lib/posix/c_lib_ext/CMakeFiles/lib__posix__c_lib_ext.dir/fnmatch.c.obj
[vader:ro] [126/369] Building C object zephyr/lib/libc/common/CMakeFiles/lib__libc__common.dir/source/string/strnlen.c.obj
[glassway:rw] -- Generating component manifest file
[trulo:rw] [93/417] Building C object CMakeFiles/app.dir/mnt/host/source/src/platform/ec/build/zephyr/trulo/modules/ec/common/cbi_common.c.obj
[vader:rw] [191/369] Building C object modules/ec/zephyr/CMakeFiles/ec_shim.dir/drivers/usbc/ucsi_v3.c.obj
[vader:ro] [127/369] Building C object zephyr/lib/libc/common/CMakeFiles/lib__libc__common.dir/source/stdlib/malloc.c.obj
[glassway:rw] INFO: Running CME, outputting to /mnt/host/source/src/platform/ec/build/zephyr/glassway/build-rw/zephyr/component_manifest.json
[ruby:rw] [373/394] Building C object zephyr/kernel/CMakeFiles/kernel.dir/float.c.obj
[vader:ro] [128/369] Linking C static library zephyr/lib/libc/common/liblib__libc__common.a
[trulo:ro] [66/417] Building C object CMakeFiles/app.dir/mnt/host/source/src/platform/ec/zephyr/subsys/ucsi/ppm_console.c.obj
[ruby:rw] [374/394] Building C object zephyr/kernel/CMakeFiles/kernel.dir/mailbox.c.obj
[ruby:rw] [375/394] Building C object zephyr/kernel/CMakeFiles/kernel.dir/idle.c.obj
[trulo:ro] [67/417] Building C object CMakeFiles/app.dir/mnt/host/source/src/platform/ec/zephyr/subsys/ucsi/ppm_driver.c.obj
[vader:ro] [129/369] Building C object zephyr/lib/posix/c_lib_ext/CMakeFiles/lib__posix__c_lib_ext.dir/getentropy.c.obj
[glassway:rw] -- warning_base_override: -Wall;-Wformat;-Wformat-security;-Wformat;-Wno-format-zero-length;-Wno-pointer-sign;-Wpointer-arith;-Wexpansion-to-defined
[trulo:rw] [94/417] Building C object CMakeFiles/app.dir/mnt/host/source/src/platform/ec/build/zephyr/trulo/modules/ec/common/cbi_config.c.obj
[vader:ro] [130/369] Building C object zephyr/lib/posix/c_lib_ext/CMakeFiles/lib__posix__c_lib_ext.dir/getopt_shim.c.obj
[vader:ro] [131/369] Linking C static library zephyr/lib/posix/c_lib_ext/liblib__posix__c_lib_ext.a
[vader:rw] [192/369] Building C object modules/ec/zephyr/CMakeFiles/ec_shim.dir/drivers/usbc/pdc_rts54xx.c.obj
[/mnt/host/source/src/platform/ec/build/zephyr/guren-lcov]   /mnt/host/source/src/platform/ec/build/zephyr/guren/build-ro/zephyr/CMakeFiles/zephyr.dir/soc/nuvoton/npcx/common/npcxn/registers.c.gcno:no functions found
[/mnt/host/source/src/platform/ec/build/zephyr/guren-lcov] stderr:
[vader:rw] [193/369] Building C object modules/ec/zephyr/CMakeFiles/ec_shim.dir/drivers/usbc/pdc_rts54xx_fwup.c.obj
[glassway:rw] -- Found gen_kobject_list: /mnt/host/source/src/third_party/zephyr/main/scripts/build/gen_kobject_list.py
[vader:rw] [194/369] Building C object modules/ec/zephyr/CMakeFiles/ec_shim.dir/shim/chip/npcx/clock.c.obj
[ruby:rw] [376/394] Building C object zephyr/kernel/CMakeFiles/kernel.dir/msg_q.c.obj
[vader:ro] [132/369] Building C object zephyr/lib/smf/CMakeFiles/lib__smf.dir/smf.c.obj
[vader:ro] [133/369] Linking C static library zephyr/lib/smf/liblib__smf.a
[glassway:rw] -- Configuring done (18.1s)
[ruby:rw] [377/394] Building C object zephyr/kernel/CMakeFiles/kernel.dir/queue.c.obj
[trulo:rw] [95/417] Building C object CMakeFiles/app.dir/mnt/host/source/src/platform/ec/build/zephyr/trulo/modules/ec/common/memory_commands.c.obj
[trulo:ro] [68/417] Building C object CMakeFiles/app.dir/mnt/host/source/src/platform/ec/zephyr/subsys/ucsi/ucsi_host_cmd.c.obj
[ruby:rw] [378/394] Building C object zephyr/kernel/CMakeFiles/kernel.dir/mutex.c.obj
[vader:ro] [134/369] Building C object zephyr/subsys/mgmt/ec_host_cmd/CMakeFiles/subsys__mgmt__ec_host_cmd.dir/ec_host_cmd_handler.c.obj
[trulo:rw] [96/417] Building C object CMakeFiles/app.dir/mnt/host/source/src/platform/ec/build/zephyr/trulo/modules/ec/common/cbi.c.obj
[vader:ro] [135/369] Linking C static library zephyr/subsys/mgmt/ec_host_cmd/libsubsys__mgmt__ec_host_cmd.a
[vader:ro] [136/369] Building C object zephyr/subsys/crc/CMakeFiles/subsys__crc.dir/crc4_sw.c.obj
[trulo:ro] [69/417] Building C object CMakeFiles/app.dir/mnt/host/source/src/platform/ec/build/zephyr/trulo/modules/ec/builtin/stdlib.c.obj
[vader:ro] [137/369] Building C object zephyr/subsys/crc/CMakeFiles/subsys__crc.dir/crc8_sw.c.obj
[vader:ro] [138/369] Building C object zephyr/subsys/crc/CMakeFiles/subsys__crc.dir/crc16_sw.c.obj
[glassway:rw] -- Generating done (0.4s)
[glassway:rw] INFO: Component virtual-mux-0(cros-ec,usbc-mux-virtual) not on I2C bus, skip it
[glassway:rw] INFO: Component virtual-mux-1(cros-ec,usbc-mux-virtual) not on I2C bus, skip it
[glassway:rw] INFO: Component virtual-mux-1(cros-ec,usbc-mux-virtual) not on I2C bus, skip it
[glassway:rw] CMake Warning:
[vader:ro] [139/369] Building C object zephyr/subsys/mgmt/ec_host_cmd/backends/CMakeFiles/subsys__mgmt__ec_host_cmd__backends.dir/ec_host_cmd_backend_shi_npcx.c.obj
[trulo:rw] [97/417] Building C object CMakeFiles/app.dir/mnt/host/source/src/platform/ec/build/zephyr/trulo/modules/ec/common/dptf.c.obj
[vader:ro] [140/369] Building C object zephyr/subsys/crc/CMakeFiles/subsys__crc.dir/crc24_sw.c.obj
[vader:rw] [195/369] Building C object modules/ec/zephyr/CMakeFiles/ec_shim.dir/shim/chip/npcx/rom_chip.c.obj
[vader:ro] [141/369] Building C object zephyr/subsys/crc/CMakeFiles/subsys__crc.dir/crc7_sw.c.obj
[ruby:rw] [379/394] Building C object zephyr/kernel/CMakeFiles/kernel.dir/sem.c.obj
[vader:ro] [142/369] Linking C static library zephyr/subsys/mgmt/ec_host_cmd/backends/libsubsys__mgmt__ec_host_cmd__backends.a
[vader:ro] [143/369] Building C object zephyr/subsys/crc/CMakeFiles/subsys__crc.dir/crc32c_sw.c.obj
[vader:rw] [196/369] Building C object modules/ec/zephyr/CMakeFiles/ec_shim.dir/shim/chip/npcx/keyboard_raw.c.obj
[vader:ro] [144/369] Building C object zephyr/subsys/crc/CMakeFiles/subsys__crc.dir/crc32k_4_2_sw.c.obj
[vader:ro] [145/369] Building C object zephyr/subsys/crc/CMakeFiles/subsys__crc.dir/crc32_sw.c.obj
[glassway:rw] -- Build files have been written to: /mnt/host/source/src/platform/ec/build/zephyr/glassway/build-rw
[glassway:rw]   Manually-specified variables were not used by the project:
[glassway:rw]     COREBOOT_SDK_ROOT_libstdcxx_riscv64
[glassway:rw]     COREBOOT_SDK_ROOT_libstdcxx_x86
[glassway:rw]     COREBOOT_SDK_ROOT_nds32
[glassway:rw]     COREBOOT_SDK_ROOT_picolibc_riscv64
[glassway:rw]     COREBOOT_SDK_ROOT_picolibc_x86
[glassway:rw]     COREBOOT_SDK_ROOT_riscv
[glassway:rw]     COREBOOT_SDK_ROOT_riscv64
[glassway:rw]     COREBOOT_SDK_ROOT_x86
[vader:ro] [146/369] Linking C static library zephyr/subsys/crc/libsubsys__crc.a
[ruby:rw] [380/394] Building C object zephyr/kernel/CMakeFiles/kernel.dir/system_work_q.c.obj
[ruby:rw] [381/394] Building C object zephyr/kernel/CMakeFiles/kernel.dir/stack.c.obj
[vader:rw] [197/369] Building C object modules/ec/zephyr/CMakeFiles/ec_shim.dir/shim/chip/npcx/gpio.c.obj
[trulo:ro] [70/417] Building C object CMakeFiles/app.dir/mnt/host/source/src/platform/ec/build/zephyr/trulo/modules/ec/common/base32.c.obj
[trulo:rw] [98/417] Building C object CMakeFiles/app.dir/mnt/host/source/src/platform/ec/build/zephyr/trulo/modules/ec/common/ap_reset_log.c.obj
[trulo:rw] [99/417] Building C object CMakeFiles/app.dir/mnt/host/source/src/platform/ec/build/zephyr/trulo/modules/ec/common/espi.c.obj
[trulo:rw] [100/417] Building C object CMakeFiles/app.dir/mnt/host/source/src/platform/ec/build/zephyr/trulo/modules/ec/common/extpower_common.c.obj
[ruby:rw] [382/394] Building C object zephyr/kernel/CMakeFiles/kernel.dir/work.c.obj
[vader:rw] [198/369] Building C object modules/ec/zephyr/CMakeFiles/ec_shim.dir/shim/chip/npcx/system.c.obj
[vader:ro] [147/369] Building C object zephyr/drivers/interrupt_controller/CMakeFiles/drivers__interrupt_controller.dir/intc_miwu.c.obj
[trulo:ro] [71/417] Building C object CMakeFiles/app.dir/mnt/host/source/src/platform/ec/build/zephyr/trulo/modules/ec/common/console_output.c.obj
[vader:ro] [148/369] Building C object zephyr/drivers/adc/CMakeFiles/drivers__adc.dir/adc_common.c.obj
[vader:rw] [199/369] Building C object modules/ec/zephyr/CMakeFiles/ec_shim.dir/shim/chip/npcx/shi.c.obj
[vader:ro] [149/369] Linking C static library zephyr/drivers/interrupt_controller/libdrivers__interrupt_controller.a
[vader:ro] [150/369] Building C object zephyr/drivers/adc/CMakeFiles/drivers__adc.dir/adc_npcx.c.obj
[ruby:rw] [383/394] Building C object zephyr/kernel/CMakeFiles/kernel.dir/thread.c.obj
[vader:ro] [151/369] Linking C static library zephyr/drivers/adc/libdrivers__adc.a
[ruby:rw] [384/394] Building C object zephyr/kernel/CMakeFiles/kernel.dir/condvar.c.obj
[vader:rw] [200/369] Building C object modules/ec/zephyr/CMakeFiles/ec_shim.dir/shim/chip/npcx/system_external_storage.c.obj
[vader:rw] [201/369] Building C object modules/ec/zephyr/CMakeFiles/ec_shim.dir/shim/chip/npcx/power_policy.c.obj
[vader:rw] [202/369] Building C object modules/ec/zephyr/CMakeFiles/ec_shim.dir/shim/src/crc.c.obj
[trulo:ro] [72/417] Building C object CMakeFiles/app.dir/mnt/host/source/src/platform/ec/build/zephyr/trulo/modules/ec/common/ec_features.c.obj
[trulo:rw] [101/417] Building C object CMakeFiles/app.dir/mnt/host/source/src/platform/ec/build/zephyr/trulo/modules/ec/common/extpower_gpio.c.obj
[ruby:rw] [385/394] Building C object zephyr/kernel/CMakeFiles/kernel.dir/sched.c.obj
[vader:rw] [203/369] Building C object modules/ec/zephyr/CMakeFiles/ec_shim.dir/shim/core/cortex-m/panic.c.obj
[vader:ro] [152/369] Building C object zephyr/drivers/clock_control/CMakeFiles/drivers__clock_control.dir/clock_control_npcx.c.obj
[vader:rw] [204/369] Building C object modules/ec/zephyr/CMakeFiles/ec_shim.dir/shim/core/cortex-m/mpu.c.obj
[vader:ro] [153/369] Building C object zephyr/drivers/bbram/CMakeFiles/drivers__bbram.dir/bbram_npcx.c.obj
[vader:ro] [154/369] Linking C static library zephyr/drivers/clock_control/libdrivers__clock_control.a
[ruby:rw] [386/394] Building C object zephyr/kernel/CMakeFiles/kernel.dir/pipe.c.obj
[vader:ro] [155/369] Linking C static library zephyr/drivers/bbram/libdrivers__bbram.a
[ruby:rw] [387/394] Building C object zephyr/kernel/CMakeFiles/kernel.dir/thread_monitor.c.obj
[vader:ro] [156/369] Building C object zephyr/drivers/console/CMakeFiles/drivers__console.dir/uart_console.c.obj
[trulo:rw] [102/417] Building C object CMakeFiles/app.dir/mnt/host/source/src/platform/ec/build/zephyr/trulo/modules/ec/common/fan.c.obj
[trulo:ro] [73/417] Building C object CMakeFiles/app.dir/mnt/host/source/src/platform/ec/build/zephyr/trulo/modules/ec/common/gpio_commands.c.obj
[vader:ro] [157/369] Linking C static library zephyr/drivers/console/libdrivers__console.a
[vader:rw] [205/369] Building C object modules/ec/zephyr/CMakeFiles/ec_shim.dir/shim/src/console.c.obj
[trulo:rw] [103/417] Building C object CMakeFiles/app.dir/mnt/host/source/src/platform/ec/build/zephyr/trulo/modules/ec/common/flash.c.obj
[vader:rw] [206/369] Building C object modules/ec/zephyr/CMakeFiles/ec_shim.dir/shim/src/gpio.c.obj
[ruby:rw] [388/394] Building C object zephyr/kernel/CMakeFiles/kernel.dir/timeout.c.obj
[trulo:ro] [74/417] Building C object CMakeFiles/app.dir/mnt/host/source/src/platform/ec/build/zephyr/trulo/modules/ec/common/peripheral.c.obj
[trulo:rw] [104/417] Building C object CMakeFiles/app.dir/mnt/host/source/src/platform/ec/build/zephyr/trulo/modules/ec/common/host_command.c.obj
[vader:rw] [207/369] Building C object modules/ec/zephyr/CMakeFiles/ec_shim.dir/shim/src/panic_utils.c.obj
[vader:ro] [158/369] Building C object zephyr/drivers/flash/CMakeFiles/drivers__flash.dir/jesd216.c.obj
[ruby:rw] [389/394] Building C object zephyr/kernel/CMakeFiles/kernel.dir/timer.c.obj
[vader:rw] [208/369] Building C object modules/ec/zephyr/CMakeFiles/ec_shim.dir/shim/src/gpio_int.c.obj
[ruby:rw] [390/394] Building C object zephyr/kernel/CMakeFiles/kernel.dir/poll.c.obj
[vader:ro] [159/369] Building C object zephyr/drivers/flash/CMakeFiles/drivers__flash.dir/flash_npcx_fiu_nor.c.obj
[trulo:ro] [75/417] Building C object CMakeFiles/app.dir/mnt/host/source/src/platform/ec/build/zephyr/trulo/modules/ec/common/printf.c.obj
[vader:ro] [160/369] Building C object zephyr/drivers/flash/CMakeFiles/drivers__flash.dir/flash_npcx_fiu_qspi.c.obj
[vader:rw] [209/369] Building C object modules/ec/zephyr/CMakeFiles/ec_shim.dir/shim/src/pm_state.c.obj
[vader:ro] [161/369] Linking C static library zephyr/drivers/flash/libdrivers__flash.a
[ruby:rw] [391/394] Building C object zephyr/kernel/CMakeFiles/kernel.dir/events.c.obj
[trulo:rw] [105/417] Building C object CMakeFiles/app.dir/mnt/host/source/src/platform/ec/build/zephyr/trulo/modules/ec/common/host_command_task.c.obj
[glassway:ro] Configuring.
Running `env -i PYTHONPATH=/usr/lib64/python-exec/python3.11:/mnt/host/source/src/platform/ec/zephyr/zmake:/usr/lib/python311.zip:/usr/lib/python3.11:/usr/lib/python3.11/lib-dynload:/usr/lib/python3.11/site-packages PW_PIGWEED_CIPD_INSTALL_DIR=/usr CROSTC_USER_ACKNOWLEDGES_THAT_RISCV_IS_EXPERIMENTAL=1 PATH=/mnt/host/source/chromite/bin:/usr/local/bin:/usr/bin:/bin:/opt/bin:/mnt/host/source/chromite/sdk/bin:/mnt/host/source/chromite/bin HOME=/home/jpmurphy JAVA_HOME=/etc/java-config-2/current-system-vm JDK_HOME=/etc/java-config-2/current-system-vm JAVAC=/etc/java-config-2/current-system-vm/bin/javac MAKEFLAGS=' -j16 --jobserver-auth=5,6' /usr/bin/cmake -S /mnt/host/source/src/platform/ec/zephyr/program/nissa -B /mnt/host/source/src/platform/ec/build/zephyr/glassway/build-ro -GNinja -DCMAKE_EXPORT_COMPILE_COMMANDS=ON -DZEPHYR_BASE=/mnt/host/source/src/third_party/zephyr/main -DZMAKE_INCLUDE_DIR=/mnt/host/source/src/platform/ec/build/zephyr/glassway/include -DPython3_EXECUTABLE=/usr/bin/python3.11 -DDTS_ROOT=/mnt/host/source/src/platform/ec/zephyr -DSYSCALL_INCLUDE_DIRS=/mnt/host/source/src/platform/ec/zephyr/include/drivers -DUSER_CACHE_DIR=/mnt/host/source/src/platform/ec/build/zephyr/user-cache '-DEXTRA_EC_VERSION_FLAGS=--version 16543.0.0 --static' -DTOOLCHAIN_ROOT=/mnt/host/source/src/platform/ec/zephyr -DCOREBOOT_SDK_ROOT_x86=/home/jpmurphy/.cache/coreboot-sdk/i386-elf/dfbb0486385d938cfa9d73080b9d18d598ed4f49 -DCOREBOOT_SDK_ROOT_picolibc_x86=/home/jpmurphy/.cache/coreboot-sdk/picolibc-i386-elf/eb8e8e687b95461de8cbf278f1c2076952d0ad17 -DCOREBOOT_SDK_ROOT_riscv64=/home/jpmurphy/.cache/coreboot-sdk/riscv64-elf/96b949749225b6aaa92ed810ab769e8dfb12f000 -DCOREBOOT_SDK_ROOT_picolibc_arm=/home/jpmurphy/.cache/coreboot-sdk/picolibc-arm-eabi/422a2aa3e1ef891b5bece9a3deb696ff83840d2e -DCOREBOOT_SDK_ROOT_nds32=/home/jpmurphy/.cache/coreboot-sdk/nds32le-elf/d1a518c4a097666d86058e1444f85ca015d15511 -DCOREBOOT_SDK_ROOT_picolibc_riscv64=/home/jpmurphy/.cache/coreboot-sdk/picolibc-riscv64-elf/f571e990ef0278564b31124f8bb109d9a697eb69 -DCOREBOOT_SDK_ROOT_arm=/home/jpmurphy/.cache/coreboot-sdk/arm-eabi/ea40ddd1d190c3b48435c474c0b545719371813a -DCOREBOOT_SDK_ROOT_libstdcxx_riscv64=/home/jpmurphy/.cache/coreboot-sdk/libstdcxx-riscv64-elf/17abf22a3a252e2d5d2062ced5324f7a623689e0 -DCOREBOOT_SDK_ROOT_libstdcxx_arm=/home/jpmurphy/.cache/coreboot-sdk/libstdcxx-arm-eabi/5d7d82e150e44aa1968f1d366e267e6687b328ac -DCOREBOOT_SDK_ROOT_riscv=/home/jpmurphy/.cache/coreboot-sdk/riscv-elf/9a27b9e82341c6e9126624f516ab3f261abb3e73 -DCOREBOOT_SDK_ROOT_libstdcxx_x86=/home/jpmurphy/.cache/coreboot-sdk/libstdcxx-i386-elf/42ef9d2e87a76a37963175d7d428734e65648b87 -DZEPHYR_TOOLCHAIN_VARIANT=coreboot-sdk '-DZEPHYR_MODULES=/mnt/host/source/src/platform/ec/build/zephyr/glassway/modules/cmsis;/mnt/host/source/src/platform/ec/build/zephyr/glassway/modules/cmsis_6;/mnt/host/source/src/platform/ec/build/zephyr/glassway/modules/ec' -DDTC_OVERLAY_FILE=/mnt/host/source/src/platform/ec/zephyr/program/nissa/glassway/project.overlay -DBOARD=npcx9/npcx9m3f -DCMAKE_C_FLAGS=-DSECTION_IS_RO '-DCONF_FILE=/mnt/host/source/src/platform/ec/zephyr/program/nissa/program.conf;/mnt/host/source/src/platform/ec/zephyr/program/nissa/npcx_program.conf;/mnt/host/source/src/platform/ec/zephyr/program/nissa/glassway/project.conf;/mnt/host/source/src/platform/ec/build/zephyr/glassway/kconfig-ro.conf'`
[ruby:rw] [392/394] Building C object zephyr/kernel/CMakeFiles/kernel.dir/dynamic_disabled.c.obj
[glassway:ro] Loading Zephyr default modules (Zephyr base (cached)).
[glassway:ro] -- Application: /mnt/host/source/src/platform/ec/zephyr/program/nissa
[glassway:ro] -- CMake version: 3.31.7
[trulo:ro] [76/417] Building C object CMakeFiles/app.dir/mnt/host/source/src/platform/ec/build/zephyr/trulo/modules/ec/common/queue.c.obj
[ruby:rw] [393/394] Building C object zephyr/kernel/CMakeFiles/kernel.dir/mempool.c.obj
[trulo:rw] [106/417] Building C object CMakeFiles/app.dir/mnt/host/source/src/platform/ec/build/zephyr/trulo/modules/ec/common/uart_hostcmd.c.obj
[vader:rw] [210/369] Building C object modules/ec/zephyr/CMakeFiles/ec_shim.dir/shim/src/cbi/cros_cbi.c.obj
[vader:rw] [211/369] Building C object modules/ec/zephyr/CMakeFiles/ec_shim.dir/shim/src/cbi/cros_cbi_fw_config.c.obj
[vader:rw] [212/369] Building C object modules/ec/zephyr/CMakeFiles/ec_shim.dir/shim/src/cbi/cbi_flash.c.obj
[vader:ro] [162/369] Building C object zephyr/drivers/gpio/CMakeFiles/drivers__gpio.dir/gpio_npcx.c.obj
[vader:ro] [163/369] Building C object zephyr/drivers/i2c/CMakeFiles/drivers__i2c.dir/i2c_common.c.obj
[trulo:rw] [107/417] Building C object CMakeFiles/app.dir/mnt/host/source/src/platform/ec/build/zephyr/trulo/modules/ec/common/host_event_commands.c.obj
[ruby:rw] [394/394] Linking C static library zephyr/kernel/libkernel.a
[vader:ro] [164/369] Linking C static library zephyr/drivers/gpio/libdrivers__gpio.a
[vader:rw] [213/369] Building ASM object modules/ec/zephyr/CMakeFiles/ec_shim.dir/shim/src/libgcc_arm.S.obj
[glassway:ro] -- Found Python3: /usr/bin/python3.11 (found suitable version "3.11.11", minimum required is "3.10") found components: Interpreter
[glassway:ro] -- Cache files will be written to: /mnt/host/source/src/platform/ec/build/zephyr/user-cache
[glassway:ro] -- Zephyr version: 4.3.99 (/mnt/host/source/src/third_party/zephyr/main)
[vader:ro] [165/369] Building C object zephyr/drivers/i2c/CMakeFiles/drivers__i2c.dir/i2c_shell.c.obj
[vader:rw] [214/369] Building C object modules/ec/zephyr/CMakeFiles/ec_shim.dir/shim/src/led_driver/led_pwm.c.obj
[vader:rw] [215/369] Building C object modules/ec/zephyr/CMakeFiles/ec_shim.dir/shim/src/led_driver/led.c.obj
[trulo:rw] [108/417] Building C object CMakeFiles/app.dir/mnt/host/source/src/platform/ec/build/zephyr/trulo/modules/ec/common/uptime.c.obj
[vader:ro] [166/369] Building C object zephyr/drivers/i2c/CMakeFiles/drivers__i2c.dir/i2c_npcx_controller_fifo.c.obj
[trulo:ro] [77/417] Building C object CMakeFiles/app.dir/mnt/host/source/src/platform/ec/build/zephyr/trulo/modules/ec/common/system_boot_time.c.obj
[vader:ro] [167/369] Building C object zephyr/drivers/i2c/CMakeFiles/drivers__i2c.dir/i2c_npcx_controller.c.obj
[vader:ro] [168/369] Building C object zephyr/drivers/i2c/CMakeFiles/drivers__i2c.dir/i2c_npcx_port.c.obj
[trulo:ro] [78/417] Building C object CMakeFiles/app.dir/mnt/host/source/src/platform/ec/build/zephyr/trulo/modules/ec/common/uart_printf.c.obj
[vader:rw] [216/369] Building C object modules/ec/zephyr/CMakeFiles/ec_shim.dir/shim/src/system.c.obj
[/mnt/host/source/src/platform/ec/build/zephyr/guren-lcov]   /mnt/host/source/src/platform/ec/build/zephyr/guren/build-ro/zephyr/drivers/sensor/CMakeFiles/drivers__sensor.dir/mnt/host/source/src/third_party/zephyr/main/misc/empty_file.c.gcno:no functions found
[/mnt/host/source/src/platform/ec/build/zephyr/guren-lcov] stderr:
[trulo:rw] [109/417] Building C object CMakeFiles/app.dir/mnt/host/source/src/platform/ec/build/zephyr/trulo/modules/ec/common/i2c_controller.c.obj
[vader:ro] [169/369] Building C object zephyr/drivers/pinctrl/CMakeFiles/drivers__pinctrl.dir/common.c.obj
[vader:ro] [170/369] Linking C static library zephyr/drivers/i2c/libdrivers__i2c.a
[vader:rw] [217/369] Building C object modules/ec/zephyr/CMakeFiles/ec_shim.dir/shim/src/pdc_shim.c.obj
[trulo:rw] [110/417] Building C object CMakeFiles/app.dir/mnt/host/source/src/platform/ec/build/zephyr/trulo/modules/ec/common/i2c_passthru.c.obj
[/mnt/host/source/src/platform/ec/build/zephyr/guren-lcov]   /mnt/host/source/src/platform/ec/build/zephyr/guren/build-rw/modules/ec/zephyr/CMakeFiles/ec_shim.dir/shim/src/thermal.c.gcno:no functions found
[/mnt/host/source/src/platform/ec/build/zephyr/guren-lcov] stderr:
[vader:rw] [218/369] Building C object modules/ec/zephyr/CMakeFiles/ec_shim.dir/shim/src/adc.c.obj
[vader:rw] [219/369] Building C object modules/ec/zephyr/CMakeFiles/ec_shim.dir/shim/src/battery.c.obj
[trulo:ro] [79/417] Building C object CMakeFiles/app.dir/mnt/host/source/src/platform/ec/build/zephyr/trulo/modules/ec/common/system.c.obj
[vader:ro] [171/369] Building C object zephyr/drivers/pinctrl/CMakeFiles/drivers__pinctrl.dir/pinctrl_npcx.c.obj
[glassway:ro] -- Board: npcx9, qualifiers: npcx9m3f
[vader:ro] [172/369] Building C object zephyr/drivers/pwm/CMakeFiles/drivers__pwm.dir/pwm_shell.c.obj
[vader:ro] [173/369] Linking C static library zephyr/drivers/pinctrl/libdrivers__pinctrl.a
[/mnt/host/source/src/platform/ec/build/zephyr/guren-lcov]   /mnt/host/source/src/platform/ec/build/zephyr/guren/build-rw/modules/ec/zephyr/CMakeFiles/ec_shim.dir/shim/src/battery.c.gcno:no functions found
[/mnt/host/source/src/platform/ec/build/zephyr/guren-lcov] stderr:
[/mnt/host/source/src/platform/ec/build/zephyr/guren-lcov]   /mnt/host/source/src/platform/ec/build/zephyr/guren/build-rw/modules/ec/zephyr/CMakeFiles/ec_shim.dir/shim/src/charger.c.gcno:no functions found
[/mnt/host/source/src/platform/ec/build/zephyr/guren-lcov] stderr:
[vader:ro] [174/369] Building C object zephyr/drivers/pwm/CMakeFiles/drivers__pwm.dir/pwm_npcx.c.obj
[trulo:ro] [80/417] Building C object CMakeFiles/app.dir/mnt/host/source/src/platform/ec/build/zephyr/trulo/modules/ec/common/version.c.obj
[vader:rw] [220/369] Building C object modules/ec/zephyr/CMakeFiles/ec_shim.dir/shim/src/charger.c.obj
[trulo:ro] [81/417] Building C object CMakeFiles/app.dir/mnt/host/source/src/platform/ec/build/zephyr/trulo/modules/ec/common/util.c.obj
[vader:ro] [175/369] Building C object zephyr/drivers/serial/CMakeFiles/drivers__serial.dir/uart_npcx.c.obj
[vader:ro] [176/369] Linking C static library zephyr/drivers/pwm/libdrivers__pwm.a
[trulo:rw] [111/417] Building C object CMakeFiles/app.dir/mnt/host/source/src/platform/ec/build/zephyr/trulo/modules/ec/common/keyboard_8042_sharedlib.c.obj
[vader:ro] [177/369] Linking C static library zephyr/drivers/serial/libdrivers__serial.a
[vader:rw] [221/369] Building C object modules/ec/zephyr/CMakeFiles/ec_shim.dir/shim/src/flash.c.obj
[trulo:rw] [112/417] Building C object CMakeFiles/app.dir/mnt/host/source/src/platform/ec/build/zephyr/trulo/modules/ec/common/mkbp_fifo.c.obj
[vader:ro] [178/369] Building C object zephyr/drivers/syscon/CMakeFiles/drivers__syscon.dir/syscon.c.obj
[vader:rw] [222/369] Building C object modules/ec/zephyr/CMakeFiles/ec_shim.dir/shim/src/host_command.c.obj
[vader:ro] [179/369] Building C object zephyr/drivers/timer/CMakeFiles/drivers__timer.dir/sys_clock_init.c.obj
[vader:ro] [180/369] Linking C static library zephyr/drivers/syscon/libdrivers__syscon.a
[vader:rw] [223/369] Building C object modules/ec/zephyr/CMakeFiles/ec_shim.dir/shim/src/hooks.c.obj
[/mnt/host/source/src/platform/ec/build/zephyr/guren-lcov]   /mnt/host/source/src/platform/ec/build/zephyr/guren/build-rw/modules/ec/zephyr/CMakeFiles/ec_shim.dir/shim/src/usb_muxes.c.gcno:no functions found
[/mnt/host/source/src/platform/ec/build/zephyr/guren-lcov] stderr:
[trulo:rw] [113/417] Building C object CMakeFiles/app.dir/mnt/host/source/src/platform/ec/build/zephyr/trulo/modules/ec/common/keyboard_8042.c.obj
[trulo:ro] [82/417] Building C object CMakeFiles/app.dir/mnt/host/source/src/platform/ec/build/zephyr/trulo/modules/ec/common/power_button_x86.c.obj
[vader:ro] [181/369] Building C object zephyr/drivers/watchdog/CMakeFiles/drivers__watchdog.dir/wdt_npcx.c.obj
[vader:rw] [224/369] Building C object modules/ec/zephyr/CMakeFiles/ec_shim.dir/shim/src/console_buffer.c.obj
[vader:ro] [182/369] Building C object zephyr/drivers/timer/CMakeFiles/drivers__timer.dir/npcx_itim_timer.c.obj
[vader:ro] [183/369] Linking C static library zephyr/drivers/timer/libdrivers__timer.a
[trulo:ro] [83/417] Building C object CMakeFiles/app.dir/mnt/host/source/src/platform/ec/build/zephyr/trulo/modules/ec/common/adc.c.obj
[trulo:rw] [114/417] Building C object CMakeFiles/app.dir/mnt/host/source/src/platform/ec/build/zephyr/trulo/modules/ec/common/mkbp_info.c.obj
[vader:rw] [225/369] Building C object modules/ec/zephyr/CMakeFiles/ec_shim.dir/shim/src/keyboard_raw.c.obj
[vader:ro] [184/369] Building C object zephyr/drivers/watchdog/CMakeFiles/drivers__watchdog.dir/wdt_shell.c.obj
[vader:rw] [226/369] Building C object modules/ec/zephyr/CMakeFiles/ec_shim.dir/shim/src/keyscan.c.obj
[trulo:ro] [84/417] Building C object CMakeFiles/app.dir/mnt/host/source/src/platform/ec/build/zephyr/trulo/modules/ec/common/acpi.c.obj
[vader:ro] [185/369] Linking C static library zephyr/drivers/watchdog/libdrivers__watchdog.a
[vader:rw] [227/369] Building C object modules/ec/zephyr/CMakeFiles/ec_shim.dir/shim/src/mkbp_event.c.obj
[glassway:ro] -- Found Dtc: /usr/bin/dtc (found suitable version "1.6.0", minimum required is "1.4.6")
[trulo:rw] [115/417] Building C object CMakeFiles/app.dir/mnt/host/source/src/platform/ec/build/zephyr/trulo/modules/ec/common/mkbp_input_devices.c.obj
[glassway:ro] -- Found BOARD.dts: /mnt/host/source/src/platform/ec/zephyr/boards/google/npcx9/npcx9_npcx9m3f.dts
[glassway:ro] -- Found devicetree overlay: /mnt/host/source/src/platform/ec/zephyr/program/nissa/glassway/project.overlay
[vader:ro] [186/369] Building C object modules/ec/zephyr/CMakeFiles/ec_shim.dir/app/ec/ec_app_main.c.obj
[vader:ro] [187/369] Building C object modules/ec/zephyr/CMakeFiles/ec_shim.dir/app/ec/main_shim.c.obj
[trulo:ro] [85/417] Building C object CMakeFiles/app.dir/mnt/host/source/src/platform/ec/build/zephyr/trulo/modules/ec/common/backlight_lid.c.obj
[trulo:rw] [116/417] Building C object CMakeFiles/app.dir/mnt/host/source/src/platform/ec/build/zephyr/trulo/modules/ec/common/led_common.c.obj
[vader:rw] [228/369] Building C object modules/ec/zephyr/CMakeFiles/ec_shim.dir/shim/src/motionsense_sensors.c.obj
[vader:ro] [188/369] Building C object modules/ec/zephyr/CMakeFiles/ec_shim.dir/drivers/cros_flash/cros_flash_npcx.c.obj
[vader:rw] [229/369] Building C object modules/ec/zephyr/CMakeFiles/ec_shim.dir/shim/src/power.c.obj
[vader:rw] [230/369] Building C object modules/ec/zephyr/CMakeFiles/ec_shim.dir/shim/src/panic.c.obj
[vader:ro] [189/369] Building C object modules/ec/zephyr/CMakeFiles/ec_shim.dir/drivers/cros_kb_raw/cros_kb_raw_npcx.c.obj
[trulo:rw] [117/417] Building C object CMakeFiles/app.dir/mnt/host/source/src/platform/ec/build/zephyr/trulo/modules/ec/common/lid_switch.c.obj
[trulo:ro] [86/417] Building C object CMakeFiles/app.dir/mnt/host/source/src/platform/ec/build/zephyr/trulo/modules/ec/common/battery_info.c.obj
[vader:rw] [231/369] Building C object modules/ec/zephyr/CMakeFiles/ec_shim.dir/shim/src/temp_sensors.c.obj
[vader:ro] [190/369] Building C object modules/ec/zephyr/CMakeFiles/ec_shim.dir/drivers/cros_system/cros_system_npcx.c.obj
[trulo:rw] [118/417] Building C object CMakeFiles/app.dir/mnt/host/source/src/platform/ec/build/zephyr/trulo/modules/ec/common/mkbp_event.c.obj
[vader:ro] [191/369] Building C object modules/ec/zephyr/CMakeFiles/ec_shim.dir/drivers/usbc/ucsi_v3.c.obj
[vader:rw] [232/369] Building C object modules/ec/zephyr/CMakeFiles/ec_shim.dir/shim/src/thermal.c.obj
[vader:rw] [233/369] Building C object modules/ec/zephyr/CMakeFiles/ec_shim.dir/shim/src/hwtimer.c.obj
[trulo:rw] [119/417] Building C object CMakeFiles/app.dir/mnt/host/source/src/platform/ec/build/zephyr/trulo/modules/ec/common/port80.c.obj
[vader:rw] [234/369] Building C object modules/ec/zephyr/CMakeFiles/ec_shim.dir/shim/src/i2c.c.obj
[trulo:ro] [87/417] Building C object CMakeFiles/app.dir/mnt/host/source/src/platform/ec/build/zephyr/trulo/modules/ec/common/battery_fuel_gauge.c.obj
[vader:ro] [192/369] Building C object modules/ec/zephyr/CMakeFiles/ec_shim.dir/drivers/usbc/pdc_rts54xx.c.obj
[trulo:ro] [88/417] Building C object CMakeFiles/app.dir/mnt/host/source/src/platform/ec/build/zephyr/trulo/modules/ec/common/battery.c.obj
[vader:rw] [235/369] cd /mnt/host/source/src/platform/ec/build/zephyr/vader/build-rw/modules/ec/zephyr && PYTHONPATH=/mnt/host/source/src/platform/ec/build/zephyr/vader/modules/ec/zephyr/zmake/ /usr/bin/python3.11 /mnt/host/source/src/platform/ec/build/zephyr/vader/modules/ec/zephyr/zmake/zephyr_build_tools/generate_ec_version.py /mnt/host/source/src/platform/ec/build/zephyr/vader/build-rw/modules/ec/zephyr/include/ec_version.h --name Zephyr-Kernel --version 16543.0.0 --static
[vader:rw] INFO:root:Using a static version string
[vader:ro] [193/369] Building C object modules/ec/zephyr/CMakeFiles/ec_shim.dir/shim/chip/npcx/clock.c.obj
[vader:rw] INFO:root:Version string: Zephyr-Kernel-16543.0.0
[vader:rw] INFO:root:Writing header to /mnt/host/source/src/platform/ec/build/zephyr/vader/build-rw/modules/ec/zephyr/include/ec_version.h
[vader:rw] [236/369] Building C object modules/ec/zephyr/CMakeFiles/ec_shim.dir/shim/src/tasks.c.obj
[trulo:ro] [89/417] Building C object CMakeFiles/app.dir/mnt/host/source/src/platform/ec/build/zephyr/trulo/modules/ec/driver/battery/smart.c.obj
[vader:ro] [194/369] Building C object modules/ec/zephyr/CMakeFiles/ec_shim.dir/drivers/usbc/pdc_rts54xx_fwup.c.obj
[trulo:rw] [120/417] Building C object CMakeFiles/app.dir/mnt/host/source/src/platform/ec/build/zephyr/trulo/modules/ec/common/power_button.c.obj
[trulo:rw] [121/417] Building C object CMakeFiles/app.dir/mnt/host/source/src/platform/ec/build/zephyr/trulo/modules/ec/power/hibernate.c.obj
[glassway:ro] -- Generated zephyr.dts: /mnt/host/source/src/platform/ec/build/zephyr/glassway/build-ro/zephyr/zephyr.dts
[glassway:ro] -- Generated pickled edt: /mnt/host/source/src/platform/ec/build/zephyr/glassway/build-ro/zephyr/edt.pickle
[vader:rw] [237/369] Building C object modules/ec/zephyr/CMakeFiles/ec_shim.dir/shim/src/watchdog.c.obj
[vader:rw] [238/369] Building C object CMakeFiles/app.dir/mnt/host/source/src/platform/ec/zephyr/subsys/ap_pwrseq/ap_events.c.obj
[vader:ro] [195/369] Building C object modules/ec/zephyr/CMakeFiles/ec_shim.dir/shim/chip/npcx/rom_chip.c.obj
[vader:rw] [239/369] Building C object modules/ec/zephyr/CMakeFiles/ec_shim.dir/shim/src/usba.c.obj
[vader:ro] [196/369] Building C object modules/ec/zephyr/CMakeFiles/ec_shim.dir/shim/chip/npcx/gpio.c.obj
[vader:ro] [197/369] Building C object modules/ec/zephyr/CMakeFiles/ec_shim.dir/shim/chip/npcx/keyboard_raw.c.obj
[trulo:ro] [90/417] Building C object CMakeFiles/app.dir/mnt/host/source/src/platform/ec/build/zephyr/trulo/modules/ec/driver/charger/bq25710.c.obj
[glassway:ro] -- Generated devicetree_generated.h: /mnt/host/source/src/platform/ec/build/zephyr/glassway/build-ro/zephyr/include/generated/zephyr/devicetree_generated.h
[trulo:rw] [122/417] Building C object CMakeFiles/app.dir/mnt/host/source/src/platform/ec/build/zephyr/trulo/modules/ec/common/panic_output.c.obj
[vader:ro] [198/369] Building C object modules/ec/zephyr/CMakeFiles/ec_shim.dir/shim/chip/npcx/shi.c.obj
[vader:rw] [240/369] Building C object CMakeFiles/app.dir/mnt/host/source/src/platform/ec/zephyr/subsys/pd_controller/pdc_pmc_debug.c.obj
[trulo:rw] [123/417] Building C object CMakeFiles/app.dir/mnt/host/source/src/platform/ec/build/zephyr/trulo/modules/ec/common/shared_mem.c.obj
[vader:ro] [199/369] Building C object modules/ec/zephyr/CMakeFiles/ec_shim.dir/shim/chip/npcx/system.c.obj
[trulo:rw] [124/417] Building C object CMakeFiles/app.dir/mnt/host/source/src/platform/ec/build/zephyr/trulo/modules/ec/common/switch.c.obj
[vader:rw] [241/369] Building C object CMakeFiles/app.dir/mnt/host/source/src/platform/ec/zephyr/subsys/pd_controller/pdc_host_cmd.c.obj
[vader:ro] [200/369] Building C object modules/ec/zephyr/CMakeFiles/ec_shim.dir/shim/chip/npcx/system_external_storage.c.obj
[vader:rw] [242/369] Building C object CMakeFiles/app.dir/mnt/host/source/src/platform/ec/zephyr/subsys/pd_controller/pdc_console.c.obj
[vader:ro] [201/369] Building C object modules/ec/zephyr/CMakeFiles/ec_shim.dir/shim/chip/npcx/power_policy.c.obj
[trulo:ro] [91/417] Building C object CMakeFiles/app.dir/mnt/host/source/src/platform/ec/build/zephyr/trulo/modules/ec/common/charger.c.obj
[/mnt/host/source/src/platform/ec/build/zephyr/guren-lcov]   /mnt/host/source/src/platform/ec/build/zephyr/guren/build-rw/modules/ec/zephyr/CMakeFiles/ec_shim.dir/shim/src/usba.c.gcno:no functions found
[/mnt/host/source/src/platform/ec/build/zephyr/guren-lcov] stderr:
[vader:ro] [202/369] Building C object modules/ec/zephyr/CMakeFiles/ec_shim.dir/shim/src/crc.c.obj
[trulo:rw] [125/417] Building C object CMakeFiles/app.dir/mnt/host/source/src/platform/ec/build/zephyr/trulo/modules/ec/common/spi_flash_reg.c.obj
[vader:rw] [243/369] Building C object CMakeFiles/app.dir/mnt/host/source/src/platform/ec/zephyr/subsys/pd_controller/pdc_power_mgmt.c.obj
[vader:rw] [244/369] Building C object CMakeFiles/app.dir/mnt/host/source/src/platform/ec/zephyr/subsys/pd_controller/pdc_stub.c.obj
[vader:ro] [203/369] Building C object modules/ec/zephyr/CMakeFiles/ec_shim.dir/shim/core/cortex-m/mpu.c.obj
[vader:ro] [204/369] Building C object modules/ec/zephyr/CMakeFiles/ec_shim.dir/shim/core/cortex-m/panic.c.obj
[trulo:rw] [126/417] Building C object CMakeFiles/app.dir/mnt/host/source/src/platform/ec/build/zephyr/trulo/modules/ec/common/tablet_mode.c.obj
[glassway:ro] /mnt/host/source/src/platform/ec/build/zephyr/glassway/build-ro/zephyr/zephyr.dts:4747.9-4754.5: Warning (gpios_property): /fans/fan_0: Missing property '#gpio-cells' in node /named-gpios/fan-enable or bad phandle (referred from enable-gpio[0])
[vader:rw] [245/369] Building C object CMakeFiles/app.dir/mnt/host/source/src/platform/ec/zephyr/subsys/pd_controller/pdc_dpm.c.obj
[trulo:ro] [92/417] Building C object CMakeFiles/app.dir/mnt/host/source/src/platform/ec/build/zephyr/trulo/modules/ec/common/charge_state.c.obj
[trulo:ro] [93/417] Building C object CMakeFiles/app.dir/mnt/host/source/src/platform/ec/build/zephyr/trulo/modules/ec/common/charge_manager.c.obj
[vader:ro] [205/369] Building C object modules/ec/zephyr/CMakeFiles/ec_shim.dir/shim/src/console.c.obj
[vader:rw] [246/369] Building C object CMakeFiles/app.dir/mnt/host/source/src/platform/ec/zephyr/subsys/pd_controller/pdc_runtime_port_config.c.obj
[trulo:rw] [127/417] Building C object CMakeFiles/app.dir/mnt/host/source/src/platform/ec/build/zephyr/trulo/modules/ec/common/thermal.c.obj
[trulo:ro] [94/417] Building C object CMakeFiles/app.dir/mnt/host/source/src/platform/ec/build/zephyr/trulo/modules/ec/common/cbi_common.c.obj
[vader:ro] [206/369] Building C object modules/ec/zephyr/CMakeFiles/ec_shim.dir/shim/src/gpio.c.obj
[vader:rw] [247/369] Building C object CMakeFiles/app.dir/mnt/host/source/src/platform/ec/zephyr/subsys/ucsi/ppm_common.c.obj
[vader:ro] [207/369] Building C object modules/ec/zephyr/CMakeFiles/ec_shim.dir/shim/src/panic_utils.c.obj
[vader:ro] [208/369] Building C object modules/ec/zephyr/CMakeFiles/ec_shim.dir/shim/src/gpio_int.c.obj
[vader:rw] [248/369] Building C object CMakeFiles/app.dir/mnt/host/source/src/platform/ec/zephyr/subsys/ucsi/ppm_console.c.obj
[trulo:rw] [128/417] Building C object CMakeFiles/app.dir/mnt/host/source/src/platform/ec/build/zephyr/trulo/modules/ec/common/temp_sensor.c.obj
[trulo:rw] [129/417] Building C object CMakeFiles/app.dir/mnt/host/source/src/platform/ec/build/zephyr/trulo/modules/ec/driver/temp_sensor/thermistor.c.obj
[trulo:ro] [95/417] Building C object CMakeFiles/app.dir/mnt/host/source/src/platform/ec/build/zephyr/trulo/modules/ec/common/cbi_config.c.obj
[vader:rw] [249/369] Building C object CMakeFiles/app.dir/mnt/host/source/src/platform/ec/zephyr/subsys/ucsi/ppm_driver.c.obj
[vader:ro] [209/369] Building C object modules/ec/zephyr/CMakeFiles/ec_shim.dir/shim/src/pm_state.c.obj
[vader:ro] [210/369] Building C object modules/ec/zephyr/CMakeFiles/ec_shim.dir/shim/src/cbi/cros_cbi.c.obj
[vader:rw] [250/369] Building C object CMakeFiles/app.dir/mnt/host/source/src/platform/ec/zephyr/subsys/ucsi/ucsi_host_cmd.c.obj
[trulo:rw] [130/417] Building C object CMakeFiles/app.dir/mnt/host/source/src/platform/ec/build/zephyr/trulo/modules/ec/common/throttle_ap.c.obj
[vader:rw] [251/369] Building C object CMakeFiles/app.dir/mnt/host/source/src/platform/ec/build/zephyr/vader/modules/ec/builtin/stdlib.c.obj
[vader:ro] [211/369] Building C object modules/ec/zephyr/CMakeFiles/ec_shim.dir/shim/src/cbi/cros_cbi_fw_config.c.obj
[vader:ro] [212/369] Building C object modules/ec/zephyr/CMakeFiles/ec_shim.dir/shim/src/cbi/cbi_flash.c.obj
[vader:rw] [252/369] Building C object CMakeFiles/app.dir/mnt/host/source/src/platform/ec/build/zephyr/vader/modules/ec/common/base32.c.obj
[trulo:ro] [96/417] Building C object CMakeFiles/app.dir/mnt/host/source/src/platform/ec/build/zephyr/trulo/modules/ec/common/memory_commands.c.obj
[vader:ro] [213/369] Building ASM object modules/ec/zephyr/CMakeFiles/ec_shim.dir/shim/src/libgcc_arm.S.obj
[trulo:rw] [131/417] Building C object CMakeFiles/app.dir/mnt/host/source/src/platform/ec/build/zephyr/trulo/modules/ec/common/timer.c.obj
[trulo:ro] [97/417] Building C object CMakeFiles/app.dir/mnt/host/source/src/platform/ec/build/zephyr/trulo/modules/ec/common/cbi.c.obj
[vader:rw] [253/369] Building C object CMakeFiles/app.dir/mnt/host/source/src/platform/ec/build/zephyr/vader/modules/ec/common/console_output.c.obj
[trulo:rw] [132/417] Building C object CMakeFiles/app.dir/mnt/host/source/src/platform/ec/build/zephyr/trulo/modules/ec/common/usb_port_power_dumb.c.obj
[vader:ro] [214/369] Building C object modules/ec/zephyr/CMakeFiles/ec_shim.dir/shim/src/led_driver/led.c.obj
[vader:ro] [215/369] Building C object modules/ec/zephyr/CMakeFiles/ec_shim.dir/shim/src/led_driver/led_pwm.c.obj
[trulo:ro] [98/417] Building C object CMakeFiles/app.dir/mnt/host/source/src/platform/ec/build/zephyr/trulo/modules/ec/common/dptf.c.obj
[vader:rw] [254/369] Building C object CMakeFiles/app.dir/mnt/host/source/src/platform/ec/build/zephyr/vader/modules/ec/common/ec_features.c.obj
[trulo:rw] [133/417] Building C object CMakeFiles/app.dir/mnt/host/source/src/platform/ec/build/zephyr/trulo/modules/ec/common/usbc_utils.c.obj
[vader:rw] [255/369] Building C object CMakeFiles/app.dir/mnt/host/source/src/platform/ec/build/zephyr/vader/modules/ec/common/gpio_commands.c.obj
[vader:rw] [256/369] Building C object CMakeFiles/app.dir/mnt/host/source/src/platform/ec/build/zephyr/vader/modules/ec/common/peripheral.c.obj
[vader:ro] [216/369] Building C object modules/ec/zephyr/CMakeFiles/ec_shim.dir/shim/src/system.c.obj
[trulo:ro] [99/417] Building C object CMakeFiles/app.dir/mnt/host/source/src/platform/ec/build/zephyr/trulo/modules/ec/common/ap_reset_log.c.obj
[glassway:ro] warning: PLATFORM_EC_LED_COMMON (defined at /mnt/host/source/src/platform/ec/zephyr/Kconfig.led:5)
[glassway:ro] was assigned the value 'y' but got the value 'n'. Check these unsatisfied dependencies:
[glassway:ro] (!PLATFORM_EC_LED_DT) (=n). See
[glassway:ro] http://docs.zephyrproject.org/latest/kconfig.html#CONFIG_PLATFORM_EC_LED_COMMON and/or look up
[glassway:ro] PLATFORM_EC_LED_COMMON in the menuconfig/guiconfig interface. The Application Development Primer,
[glassway:ro] Setting Configuration Values, and Kconfig - Tips and Best Practices sections of the manual might be
[glassway:ro] helpful too.
[glassway:ro] warning: PLATFORM_EC_LED_ONOFF_STATES (defined at
[glassway:ro] /mnt/host/source/src/platform/ec/zephyr/Kconfig.led:157) was assigned the value 'y' but got the
[glassway:ro] value 'n'. Check these unsatisfied dependencies: PLATFORM_EC_LED_COMMON (=n). See
[glassway:ro] http://docs.zephyrproject.org/latest/kconfig.html#CONFIG_PLATFORM_EC_LED_ONOFF_STATES and/or look up
[glassway:ro] PLATFORM_EC_LED_ONOFF_STATES in the menuconfig/guiconfig interface. The Application Development
[glassway:ro] Primer, Setting Configuration Values, and Kconfig - Tips and Best Practices sections of the manual
[glassway:ro] might be helpful too.
[vader:ro] [217/369] Building C object modules/ec/zephyr/CMakeFiles/ec_shim.dir/shim/src/pdc_shim.c.obj
[vader:rw] [257/369] Building C object CMakeFiles/app.dir/mnt/host/source/src/platform/ec/build/zephyr/vader/modules/ec/common/printf.c.obj
[trulo:ro] [100/417] Building C object CMakeFiles/app.dir/mnt/host/source/src/platform/ec/build/zephyr/trulo/modules/ec/common/espi.c.obj
[trulo:rw] [134/417] Building C object CMakeFiles/app.dir/mnt/host/source/src/platform/ec/build/zephyr/trulo/modules/ec/common/chargen.c.obj
[vader:ro] [218/369] Building C object modules/ec/zephyr/CMakeFiles/ec_shim.dir/shim/src/adc.c.obj
[vader:ro] [219/369] Building C object modules/ec/zephyr/CMakeFiles/ec_shim.dir/shim/src/battery.c.obj
[trulo:ro] [101/417] Building C object CMakeFiles/app.dir/mnt/host/source/src/platform/ec/build/zephyr/trulo/modules/ec/common/extpower_common.c.obj
[trulo:rw] [135/417] Building C object CMakeFiles/app.dir/mnt/host/source/src/platform/ec/build/zephyr/trulo/modules/ec/common/usb_pd_host_cmd_common.c.obj
[vader:rw] [258/369] Building C object CMakeFiles/app.dir/mnt/host/source/src/platform/ec/build/zephyr/vader/modules/ec/common/queue.c.obj
[glassway:ro] Parsing /mnt/host/source/src/platform/ec/zephyr/program/nissa/Kconfig
[trulo:rw] [136/417] Building C object CMakeFiles/app.dir/mnt/host/source/src/platform/ec/build/zephyr/trulo/modules/ec/common/usb_common.c.obj
[vader:ro] [220/369] Building C object modules/ec/zephyr/CMakeFiles/ec_shim.dir/shim/src/charger.c.obj
[vader:rw] [259/369] Building C object CMakeFiles/app.dir/mnt/host/source/src/platform/ec/build/zephyr/vader/modules/ec/common/system.c.obj
[vader:rw] [260/369] Building C object CMakeFiles/app.dir/mnt/host/source/src/platform/ec/build/zephyr/vader/modules/ec/common/system_boot_time.c.obj
[trulo:ro] [102/417] Building C object CMakeFiles/app.dir/mnt/host/source/src/platform/ec/build/zephyr/trulo/modules/ec/common/extpower_gpio.c.obj
[vader:ro] [221/369] Building C object modules/ec/zephyr/CMakeFiles/ec_shim.dir/shim/src/flash.c.obj
[vader:rw] [261/369] Building C object CMakeFiles/app.dir/mnt/host/source/src/platform/ec/build/zephyr/vader/modules/ec/common/uart_printf.c.obj
[vader:ro] [222/369] Building C object modules/ec/zephyr/CMakeFiles/ec_shim.dir/shim/src/host_command.c.obj
[vader:rw] [262/369] Building C object CMakeFiles/app.dir/mnt/host/source/src/platform/ec/build/zephyr/vader/modules/ec/common/util.c.obj
[trulo:rw] [137/417] Building C object CMakeFiles/app.dir/mnt/host/source/src/platform/ec/build/zephyr/trulo/modules/ec/common/vboot_hash.c.obj
[glassway:ro] Loaded configuration '/mnt/host/source/src/platform/ec/zephyr/boards/google/npcx9/npcx9_npcx9m3f_defconfig'
[glassway:ro] Merged configuration '/mnt/host/source/src/platform/ec/zephyr/program/nissa/program.conf'
[glassway:ro] Merged configuration '/mnt/host/source/src/platform/ec/zephyr/program/nissa/npcx_program.conf'
[glassway:ro] Merged configuration '/mnt/host/source/src/platform/ec/zephyr/program/nissa/glassway/project.conf'
[glassway:ro] Merged configuration '/mnt/host/source/src/platform/ec/build/zephyr/glassway/kconfig-ro.conf'
[glassway:ro] Configuration saved to '/mnt/host/source/src/platform/ec/build/zephyr/glassway/build-ro/zephyr/.config'
[glassway:ro] Kconfig header saved to '/mnt/host/source/src/platform/ec/build/zephyr/glassway/build-ro/zephyr/include/generated/zephyr/autoconf.h'
[glassway:ro] -- Found GnuLd: /home/jpmurphy/.cache/coreboot-sdk/arm-eabi/ea40ddd1d190c3b48435c474c0b545719371813a/arm-eabi/bin/ld.bfd (found version "2.43.1")
[trulo:rw] [138/417] Building C object CMakeFiles/app.dir/mnt/host/source/src/platform/ec/build/zephyr/trulo/modules/ec/common/button.c.obj
[vader:ro] [223/369] Building C object modules/ec/zephyr/CMakeFiles/ec_shim.dir/shim/src/hooks.c.obj
[vader:ro] [224/369] Building C object modules/ec/zephyr/CMakeFiles/ec_shim.dir/shim/src/console_buffer.c.obj
[trulo:ro] [103/417] Building C object CMakeFiles/app.dir/mnt/host/source/src/platform/ec/build/zephyr/trulo/modules/ec/common/fan.c.obj
[vader:rw] [263/369] Building C object CMakeFiles/app.dir/mnt/host/source/src/platform/ec/build/zephyr/vader/modules/ec/common/version.c.obj
[vader:ro] [225/369] Building C object modules/ec/zephyr/CMakeFiles/ec_shim.dir/shim/src/keyboard_raw.c.obj
[glassway:ro] -- The C compiler identification is GNU 14.2.0
[trulo:rw] [139/417] Building C object CMakeFiles/app.dir/mnt/host/source/src/platform/ec/build/zephyr/trulo/modules/ec/common/vboot/efs2.c.obj
[vader:rw] [264/369] Building C object CMakeFiles/app.dir/mnt/host/source/src/platform/ec/build/zephyr/vader/modules/ec/driver/accelgyro_bmi_common.c.obj
[vader:rw] [265/369] Building C object CMakeFiles/app.dir/mnt/host/source/src/platform/ec/build/zephyr/vader/modules/ec/driver/accel_bma4xx.c.obj
[trulo:ro] [104/417] Building C object CMakeFiles/app.dir/mnt/host/source/src/platform/ec/build/zephyr/trulo/modules/ec/common/host_command.c.obj
[glassway:ro] -- The CXX compiler identification is GNU 14.2.0
[trulo:ro] [105/417] Building C object CMakeFiles/app.dir/mnt/host/source/src/platform/ec/build/zephyr/trulo/modules/ec/common/flash.c.obj
[glassway:ro] -- The ASM compiler identification is GNU
[glassway:ro] -- Found assembler: /home/jpmurphy/.cache/coreboot-sdk/arm-eabi/ea40ddd1d190c3b48435c474c0b545719371813a/bin/arm-eabi-gcc
[vader:ro] [226/369] Building C object modules/ec/zephyr/CMakeFiles/ec_shim.dir/shim/src/keyscan.c.obj
[vader:ro] [227/369] Building C object modules/ec/zephyr/CMakeFiles/ec_shim.dir/shim/src/mkbp_event.c.obj
[glassway:ro] warning: Deprecated symbol I2C_ALLOW_NO_STOP_TRANSACTIONS is enabled.
[glassway:ro] CMake Warning at /mnt/host/source/src/platform/ec/zephyr/cmake/linker/ld/linker_libraries.cmake:11 (message):
[glassway:ro]   Disabling c_library
[glassway:ro] Call Stack (most recent call first):
[glassway:ro]   /mnt/host/source/src/third_party/zephyr/main/cmake/target_toolchain_flags.cmake:48 (include)
[glassway:ro]   /mnt/host/source/src/third_party/zephyr/main/cmake/modules/kernel.cmake:153 (include)
[glassway:ro]   /mnt/host/source/src/third_party/zephyr/main/cmake/modules/zephyr_default.cmake:138 (include)
[glassway:ro]   /mnt/host/source/src/third_party/zephyr/main/share/zephyr-package/cmake/ZephyrConfig.cmake:66 (include)
[glassway:ro]   /mnt/host/source/src/third_party/zephyr/main/share/zephyr-package/cmake/ZephyrConfig.cmake:97 (include_boilerplate)
[glassway:ro]   CMakeLists.txt:7 (find_package)
[vader:rw] [266/369] Building C object CMakeFiles/app.dir/mnt/host/source/src/platform/ec/build/zephyr/vader/modules/ec/driver/accelgyro_bmi3xx.c.obj
[trulo:rw] [140/417] Building C object CMakeFiles/app.dir/mnt/host/source/src/platform/ec/build/zephyr/trulo/modules/ec/common/vstore.c.obj
[trulo:rw] [141/417] Building C object CMakeFiles/app.dir/mnt/host/source/src/platform/ec/build/zephyr/trulo/modules/ec/common/math_util.c.obj
[vader:rw] [267/369] Building C object CMakeFiles/app.dir/mnt/host/source/src/platform/ec/build/zephyr/vader/modules/ec/common/motion_sense_fifo.c.obj
[vader:ro] [228/369] Building C object modules/ec/zephyr/CMakeFiles/ec_shim.dir/shim/src/motionsense_sensors.c.obj
[vader:ro] [229/369] Building C object modules/ec/zephyr/CMakeFiles/ec_shim.dir/shim/src/panic.c.obj
[trulo:ro] [106/417] Building C object CMakeFiles/app.dir/mnt/host/source/src/platform/ec/build/zephyr/trulo/modules/ec/common/uart_hostcmd.c.obj
[vader:rw] [268/369] Building C object CMakeFiles/app.dir/mnt/host/source/src/platform/ec/build/zephyr/vader/modules/ec/common/battery.c.obj
[glassway:ro] -- Performing EC specific devicetree checks
[trulo:ro] [107/417] Building C object CMakeFiles/app.dir/mnt/host/source/src/platform/ec/build/zephyr/trulo/modules/ec/common/host_command_task.c.obj
[trulo:rw] [142/417] Building C object CMakeFiles/app.dir/src/board_power.c.obj
[vader:rw] [269/369] Building C object CMakeFiles/app.dir/mnt/host/source/src/platform/ec/build/zephyr/vader/modules/ec/common/adc.c.obj
[vader:ro] [230/369] Building C object modules/ec/zephyr/CMakeFiles/ec_shim.dir/shim/src/power.c.obj
[vader:ro] [231/369] Building C object modules/ec/zephyr/CMakeFiles/ec_shim.dir/shim/src/temp_sensors.c.obj
[glassway:ro] INFO: Verified 54 GPIOs, no duplicates found
[glassway:ro] INFO: Verified 24 '*-gpios' properties, all flags match.
[glassway:ro] INFO: Skipped 19 named-gpios children.
[trulo:ro] [108/417] Building C object CMakeFiles/app.dir/mnt/host/source/src/platform/ec/build/zephyr/trulo/modules/ec/common/host_event_commands.c.obj
[vader:rw] [270/369] Building C object CMakeFiles/app.dir/mnt/host/source/src/platform/ec/build/zephyr/vader/modules/ec/common/battery_info.c.obj
[glassway:ro] -- Generating component manifest file
[vader:ro] [232/369] Building C object modules/ec/zephyr/CMakeFiles/ec_shim.dir/shim/src/hwtimer.c.obj
[trulo:rw] [143/417] Building C object CMakeFiles/app.dir/trulo/src/touch_panel.c.obj
[vader:ro] [233/369] Building C object modules/ec/zephyr/CMakeFiles/ec_shim.dir/shim/src/thermal.c.obj
[vader:rw] [271/369] Building C object CMakeFiles/app.dir/mnt/host/source/src/platform/ec/build/zephyr/vader/modules/ec/common/battery_fuel_gauge.c.obj
[trulo:rw] [144/417] Building C object zephyr/CMakeFiles/zephyr.dir/lib/cpp/abi/cpp_dtors.c.obj
[trulo:rw] [145/417] Building C object CMakeFiles/app.dir/trulo/src/hdmi.c.obj
[glassway:ro] INFO: Running CME, outputting to /mnt/host/source/src/platform/ec/build/zephyr/glassway/build-ro/zephyr/component_manifest.json
[trulo:rw] [146/417] Building C object zephyr/CMakeFiles/zephyr.dir/lib/libc/validate_libc.c.obj
[glassway:ro] -- warning_base_override: -Wall;-Wformat;-Wformat-security;-Wformat;-Wno-format-zero-length;-Wno-pointer-sign;-Wpointer-arith;-Wexpansion-to-defined
[trulo:rw] [147/417] Linking CXX static library app/libapp.a
[trulo:ro] [109/417] Building C object CMakeFiles/app.dir/mnt/host/source/src/platform/ec/build/zephyr/trulo/modules/ec/common/uptime.c.obj
[vader:rw] [272/369] Building C object CMakeFiles/app.dir/mnt/host/source/src/platform/ec/build/zephyr/vader/modules/ec/driver/charger/bq25710.c.obj
[vader:rw] [273/369] Building C object CMakeFiles/app.dir/mnt/host/source/src/platform/ec/build/zephyr/vader/modules/ec/driver/battery/smart.c.obj
[vader:ro] [234/369] Building C object modules/ec/zephyr/CMakeFiles/ec_shim.dir/shim/src/i2c.c.obj
[trulo:ro] [110/417] Building C object CMakeFiles/app.dir/mnt/host/source/src/platform/ec/build/zephyr/trulo/modules/ec/common/i2c_controller.c.obj
[vader:ro] [235/369] Building C object modules/ec/zephyr/CMakeFiles/ec_shim.dir/shim/src/tasks.c.obj
[glassway:ro] -- Found gen_kobject_list: /mnt/host/source/src/third_party/zephyr/main/scripts/build/gen_kobject_list.py
[vader:ro] [236/369] cd /mnt/host/source/src/platform/ec/build/zephyr/vader/build-ro/modules/ec/zephyr && PYTHONPATH=/mnt/host/source/src/platform/ec/build/zephyr/vader/modules/ec/zephyr/zmake/ /usr/bin/python3.11 /mnt/host/source/src/platform/ec/build/zephyr/vader/modules/ec/zephyr/zmake/zephyr_build_tools/generate_ec_version.py /mnt/host/source/src/platform/ec/build/zephyr/vader/build-ro/modules/ec/zephyr/include/ec_version.h --name Zephyr-Kernel --version 16543.0.0 --static
[vader:ro] INFO:root:Using a static version string
[trulo:ro] [111/417] Building C object CMakeFiles/app.dir/mnt/host/source/src/platform/ec/build/zephyr/trulo/modules/ec/common/i2c_passthru.c.obj
[vader:ro] INFO:root:Version string: Zephyr-Kernel-16543.0.0
[vader:ro] INFO:root:Writing header to /mnt/host/source/src/platform/ec/build/zephyr/vader/build-ro/modules/ec/zephyr/include/ec_version.h
[vader:ro] [237/369] Building C object modules/ec/zephyr/CMakeFiles/ec_shim.dir/shim/src/usba.c.obj
[vader:rw] [274/369] Building C object CMakeFiles/app.dir/mnt/host/source/src/platform/ec/build/zephyr/vader/modules/ec/common/charger.c.obj
[vader:ro] [238/369] Building C object modules/ec/zephyr/CMakeFiles/ec_shim.dir/shim/src/watchdog.c.obj
[glassway:ro] -- Configuring done (16.4s)
[trulo:rw] [148/417] Building C object zephyr/CMakeFiles/zephyr.dir/lib/heap/heap.c.obj
[trulo:rw] [149/417] Building C object zephyr/CMakeFiles/zephyr.dir/lib/os/cbprintf_packaged.c.obj
[vader:rw] [275/369] Building C object CMakeFiles/app.dir/mnt/host/source/src/platform/ec/build/zephyr/vader/modules/ec/common/charge_state.c.obj
[vader:ro] [239/369] Building C object zephyr/kernel/CMakeFiles/kernel.dir/main_weak.c.obj
[trulo:rw] [150/417] Building C object zephyr/CMakeFiles/zephyr.dir/lib/os/clock.c.obj
[glassway:ro] -- Generating done (0.5s)
[glassway:ro] INFO: Component virtual-mux-0(cros-ec,usbc-mux-virtual) not on I2C bus, skip it
[glassway:ro] INFO: Component virtual-mux-1(cros-ec,usbc-mux-virtual) not on I2C bus, skip it
[glassway:ro] INFO: Component virtual-mux-1(cros-ec,usbc-mux-virtual) not on I2C bus, skip it
[glassway:ro] CMake Warning:
[vader:rw] [276/369] Building C object CMakeFiles/app.dir/mnt/host/source/src/platform/ec/build/zephyr/vader/modules/ec/common/cbi_common.c.obj
[vader:ro] [240/369] Building C object CMakeFiles/app.dir/mnt/host/source/src/platform/ec/zephyr/subsys/ap_pwrseq/ap_events.c.obj
[trulo:ro] [112/417] Building C object CMakeFiles/app.dir/mnt/host/source/src/platform/ec/build/zephyr/trulo/modules/ec/common/keyboard_8042_sharedlib.c.obj
[glassway:ro] -- Build files have been written to: /mnt/host/source/src/platform/ec/build/zephyr/glassway/build-ro
[glassway:ro]   Manually-specified variables were not used by the project:
[glassway:ro]     COREBOOT_SDK_ROOT_libstdcxx_riscv64
[glassway:ro]     COREBOOT_SDK_ROOT_libstdcxx_x86
[glassway:ro]     COREBOOT_SDK_ROOT_nds32
[glassway:ro]     COREBOOT_SDK_ROOT_picolibc_riscv64
[glassway:ro]     COREBOOT_SDK_ROOT_picolibc_x86
[glassway:ro]     COREBOOT_SDK_ROOT_riscv
[glassway:ro]     COREBOOT_SDK_ROOT_riscv64
[glassway:ro]     COREBOOT_SDK_ROOT_x86
[vader:rw] [277/369] Building C object CMakeFiles/app.dir/mnt/host/source/src/platform/ec/build/zephyr/vader/modules/ec/common/charge_manager.c.obj
[trulo:rw] [151/417] Building C object zephyr/CMakeFiles/zephyr.dir/lib/os/printk.c.obj
[vader:rw] [278/369] Building C object CMakeFiles/app.dir/mnt/host/source/src/platform/ec/build/zephyr/vader/modules/ec/common/cbi.c.obj
[trulo:ro] [113/417] Building C object CMakeFiles/app.dir/mnt/host/source/src/platform/ec/build/zephyr/trulo/modules/ec/common/mkbp_fifo.c.obj
[trulo:rw] [152/417] Building C object zephyr/CMakeFiles/zephyr.dir/lib/os/sem.c.obj
[vader:ro] [241/369] Building C object CMakeFiles/app.dir/mnt/host/source/src/platform/ec/zephyr/subsys/pd_controller/pdc_pmc_debug.c.obj
[trulo:rw] [153/417] Building C object zephyr/CMakeFiles/zephyr.dir/lib/os/thread_entry.c.obj
[vader:rw] [279/369] Building C object CMakeFiles/app.dir/mnt/host/source/src/platform/ec/build/zephyr/vader/modules/ec/common/cbi_config.c.obj
[vader:rw] [280/369] Building C object CMakeFiles/app.dir/mnt/host/source/src/platform/ec/build/zephyr/vader/modules/ec/common/memory_commands.c.obj
[trulo:rw] [154/417] Building C object zephyr/CMakeFiles/zephyr.dir/lib/utils/dec.c.obj
[vader:ro] [242/369] Building C object CMakeFiles/app.dir/mnt/host/source/src/platform/ec/zephyr/subsys/pd_controller/pdc_host_cmd.c.obj
[vader:ro] [243/369] Building C object CMakeFiles/app.dir/mnt/host/source/src/platform/ec/zephyr/subsys/pd_controller/pdc_console.c.obj
[vader:ro] [244/369] Building C object CMakeFiles/app.dir/mnt/host/source/src/platform/ec/zephyr/subsys/pd_controller/pdc_power_mgmt.c.obj
[trulo:rw] [155/417] Building C object zephyr/CMakeFiles/zephyr.dir/lib/os/cbprintf_nano.c.obj
[trulo:rw] [156/417] Building C object zephyr/CMakeFiles/zephyr.dir/lib/utils/hex.c.obj
[trulo:ro] [114/417] Building C object CMakeFiles/app.dir/mnt/host/source/src/platform/ec/build/zephyr/trulo/modules/ec/common/keyboard_8042.c.obj
[trulo:ro] [115/417] Building C object CMakeFiles/app.dir/mnt/host/source/src/platform/ec/build/zephyr/trulo/modules/ec/common/mkbp_info.c.obj
[vader:rw] [281/369] Building C object CMakeFiles/app.dir/mnt/host/source/src/platform/ec/build/zephyr/vader/modules/ec/common/ap_reset_log.c.obj
[trulo:ro] [116/417] Building C object CMakeFiles/app.dir/mnt/host/source/src/platform/ec/build/zephyr/trulo/modules/ec/common/mkbp_input_devices.c.obj
[trulo:rw] [157/417] Building C object zephyr/CMakeFiles/zephyr.dir/lib/os/assert.c.obj
[vader:rw] [282/369] Building C object CMakeFiles/app.dir/mnt/host/source/src/platform/ec/build/zephyr/vader/modules/ec/common/chipset.c.obj
[trulo:ro] [117/417] Building C object CMakeFiles/app.dir/mnt/host/source/src/platform/ec/build/zephyr/trulo/modules/ec/common/led_common.c.obj
[vader:rw] [283/369] Building C object CMakeFiles/app.dir/mnt/host/source/src/platform/ec/build/zephyr/vader/modules/ec/common/extpower_common.c.obj
[vader:ro] [245/369] Building C object CMakeFiles/app.dir/mnt/host/source/src/platform/ec/zephyr/subsys/pd_controller/pdc_stub.c.obj
[trulo:rw] [158/417] Building C object zephyr/CMakeFiles/zephyr.dir/lib/utils/timeutil.c.obj
[vader:rw] [284/369] Building C object CMakeFiles/app.dir/mnt/host/source/src/platform/ec/build/zephyr/vader/modules/ec/common/extpower_gpio.c.obj
[trulo:rw] [159/417] Building C object zephyr/CMakeFiles/zephyr.dir/lib/utils/bitmask.c.obj
[vader:ro] [246/369] Building C object CMakeFiles/app.dir/mnt/host/source/src/platform/ec/zephyr/subsys/pd_controller/pdc_runtime_port_config.c.obj
[trulo:rw] [160/417] Building C object zephyr/CMakeFiles/zephyr.dir/lib/utils/rb.c.obj
[vader:ro] [247/369] Building C object CMakeFiles/app.dir/mnt/host/source/src/platform/ec/zephyr/subsys/ucsi/ppm_common.c.obj
[vader:ro] [248/369] Building C object CMakeFiles/app.dir/mnt/host/source/src/platform/ec/zephyr/subsys/pd_controller/pdc_dpm.c.obj
[trulo:ro] [118/417] Building C object CMakeFiles/app.dir/mnt/host/source/src/platform/ec/build/zephyr/trulo/modules/ec/common/lid_switch.c.obj
[vader:rw] [285/369] Building C object CMakeFiles/app.dir/mnt/host/source/src/platform/ec/build/zephyr/vader/modules/ec/common/flash.c.obj
[trulo:rw] [161/417] Building C object zephyr/CMakeFiles/zephyr.dir/lib/utils/bitarray.c.obj
[vader:rw] [286/369] Building C object CMakeFiles/app.dir/mnt/host/source/src/platform/ec/build/zephyr/vader/modules/ec/common/host_command.c.obj
[trulo:ro] [119/417] Building C object CMakeFiles/app.dir/mnt/host/source/src/platform/ec/build/zephyr/trulo/modules/ec/common/mkbp_event.c.obj
[trulo:ro] [120/417] Building C object CMakeFiles/app.dir/mnt/host/source/src/platform/ec/build/zephyr/trulo/modules/ec/common/port80.c.obj
[vader:rw] [287/369] Building C object CMakeFiles/app.dir/mnt/host/source/src/platform/ec/build/zephyr/vader/modules/ec/common/host_event_commands.c.obj
[trulo:ro] [121/417] Building C object CMakeFiles/app.dir/mnt/host/source/src/platform/ec/build/zephyr/trulo/modules/ec/common/power_button.c.obj
[vader:ro] [249/369] Building C object CMakeFiles/app.dir/mnt/host/source/src/platform/ec/zephyr/subsys/ucsi/ppm_console.c.obj
[vader:rw] [288/369] Building C object CMakeFiles/app.dir/mnt/host/source/src/platform/ec/build/zephyr/vader/modules/ec/common/uart_hostcmd.c.obj
[trulo:rw] [162/417] Building C object zephyr/CMakeFiles/zephyr.dir/lib/utils/ring_buffer.c.obj
[trulo:rw] [163/417] Building C object zephyr/CMakeFiles/zephyr.dir/lib/utils/getopt/getopt.c.obj
[trulo:rw] [164/417] Building C object zephyr/CMakeFiles/zephyr.dir/lib/utils/last_section_id.c.obj
[trulo:rw] [165/417] Building C object zephyr/CMakeFiles/zephyr.dir/lib/utils/getopt/getopt_common.c.obj
[vader:ro] [250/369] Building C object CMakeFiles/app.dir/mnt/host/source/src/platform/ec/zephyr/subsys/ucsi/ucsi_host_cmd.c.obj
[vader:ro] [251/369] Building C object CMakeFiles/app.dir/mnt/host/source/src/platform/ec/build/zephyr/vader/modules/ec/builtin/stdlib.c.obj
[trulo:rw] [166/417] Building C object zephyr/CMakeFiles/zephyr.dir/misc/generated/configs.c.obj
[vader:ro] [252/369] Building C object CMakeFiles/app.dir/mnt/host/source/src/platform/ec/zephyr/subsys/ucsi/ppm_driver.c.obj
[vader:rw] [289/369] Building C object CMakeFiles/app.dir/mnt/host/source/src/platform/ec/build/zephyr/vader/modules/ec/common/uptime.c.obj
[vader:rw] [290/369] Building C object CMakeFiles/app.dir/mnt/host/source/src/platform/ec/build/zephyr/vader/modules/ec/common/i2c_controller.c.obj
[vader:ro] [253/369] Building C object CMakeFiles/app.dir/mnt/host/source/src/platform/ec/build/zephyr/vader/modules/ec/common/base32.c.obj
[trulo:ro] [122/417] Building C object CMakeFiles/app.dir/mnt/host/source/src/platform/ec/build/zephyr/trulo/modules/ec/power/hibernate.c.obj
[vader:rw] [291/369] Building C object CMakeFiles/app.dir/mnt/host/source/src/platform/ec/build/zephyr/vader/modules/ec/common/virtual_battery.c.obj
[trulo:ro] [123/417] Building C object CMakeFiles/app.dir/mnt/host/source/src/platform/ec/build/zephyr/trulo/modules/ec/common/panic_output.c.obj
[trulo:ro] [124/417] Building C object CMakeFiles/app.dir/mnt/host/source/src/platform/ec/build/zephyr/trulo/modules/ec/common/shared_mem.c.obj
[trulo:ro] [125/417] Building C object CMakeFiles/app.dir/mnt/host/source/src/platform/ec/build/zephyr/trulo/modules/ec/common/switch.c.obj
[trulo:rw] [167/417] Building C object zephyr/CMakeFiles/zephyr.dir/soc/nuvoton/npcx/common/npcxn/registers.c.obj
[trulo:rw] [168/417] Building C object zephyr/CMakeFiles/zephyr.dir/soc/nuvoton/npcx/common/scfg.c.obj
[vader:rw] [292/369] Building C object CMakeFiles/app.dir/mnt/host/source/src/platform/ec/build/zephyr/vader/modules/ec/common/i2c_passthru.c.obj
[trulo:rw] [169/417] Building C object zephyr/CMakeFiles/zephyr.dir/soc/nuvoton/npcx/common/power.c.obj
[vader:ro] [254/369] Building C object CMakeFiles/app.dir/mnt/host/source/src/platform/ec/build/zephyr/vader/modules/ec/common/ec_features.c.obj
[vader:ro] [255/369] Building C object CMakeFiles/app.dir/mnt/host/source/src/platform/ec/build/zephyr/vader/modules/ec/common/console_output.c.obj
[vader:ro] [256/369] Building C object CMakeFiles/app.dir/mnt/host/source/src/platform/ec/build/zephyr/vader/modules/ec/common/gpio_commands.c.obj
[trulo:ro] [126/417] Building C object CMakeFiles/app.dir/mnt/host/source/src/platform/ec/build/zephyr/trulo/modules/ec/common/spi_flash_reg.c.obj
[vader:rw] [293/369] Building C object CMakeFiles/app.dir/mnt/host/source/src/platform/ec/build/zephyr/vader/modules/ec/common/keyboard_scan.c.obj
[trulo:rw] [170/417] Building C object zephyr/CMakeFiles/zephyr.dir/soc/nuvoton/npcx/npcx9/soc.c.obj
[vader:rw] [294/369] Building C object CMakeFiles/app.dir/mnt/host/source/src/platform/ec/build/zephyr/vader/modules/ec/common/mkbp_fifo.c.obj
[vader:ro] [257/369] Building C object CMakeFiles/app.dir/mnt/host/source/src/platform/ec/build/zephyr/vader/modules/ec/common/peripheral.c.obj
[vader:rw] [295/369] Building C object CMakeFiles/app.dir/mnt/host/source/src/platform/ec/build/zephyr/vader/modules/ec/common/mkbp_info.c.obj
[trulo:rw] [171/417] Building C object zephyr/CMakeFiles/zephyr.dir/subsys/logging/log_minimal.c.obj
[trulo:rw] [172/417] Building C object zephyr/CMakeFiles/zephyr.dir/subsys/mem_mgmt/mem_attr.c.obj
[vader:rw] [296/369] Building C object CMakeFiles/app.dir/mnt/host/source/src/platform/ec/build/zephyr/vader/modules/ec/common/keyboard_mkbp.c.obj
[trulo:ro] [127/417] Building C object CMakeFiles/app.dir/mnt/host/source/src/platform/ec/build/zephyr/trulo/modules/ec/common/tablet_mode.c.obj
[vader:ro] [258/369] Building C object CMakeFiles/app.dir/mnt/host/source/src/platform/ec/build/zephyr/vader/modules/ec/common/printf.c.obj
[trulo:ro] [128/417] Building C object CMakeFiles/app.dir/mnt/host/source/src/platform/ec/build/zephyr/trulo/modules/ec/common/thermal.c.obj
[vader:ro] [259/369] Building C object CMakeFiles/app.dir/mnt/host/source/src/platform/ec/build/zephyr/vader/modules/ec/common/queue.c.obj
[trulo:ro] [129/417] Building C object CMakeFiles/app.dir/mnt/host/source/src/platform/ec/build/zephyr/trulo/modules/ec/common/temp_sensor.c.obj
[trulo:rw] [173/417] Building C object zephyr/CMakeFiles/zephyr.dir/subsys/pm/state.c.obj
[vader:ro] [260/369] Building C object CMakeFiles/app.dir/mnt/host/source/src/platform/ec/build/zephyr/vader/modules/ec/common/system.c.obj
[trulo:rw] [174/417] Building C object zephyr/CMakeFiles/zephyr.dir/subsys/pm/policy/policy_events.c.obj
[vader:ro] [261/369] Building C object CMakeFiles/app.dir/mnt/host/source/src/platform/ec/build/zephyr/vader/modules/ec/common/system_boot_time.c.obj
[trulo:rw] [175/417] Building C object zephyr/CMakeFiles/zephyr.dir/subsys/pm/pm.c.obj
[vader:rw] [297/369] Building C object CMakeFiles/app.dir/mnt/host/source/src/platform/ec/build/zephyr/vader/modules/ec/common/mkbp_input_devices.c.obj
[vader:rw] [298/369] Building C object CMakeFiles/app.dir/mnt/host/source/src/platform/ec/build/zephyr/vader/modules/ec/common/led_common.c.obj
[trulo:ro] [130/417] Building C object CMakeFiles/app.dir/mnt/host/source/src/platform/ec/build/zephyr/trulo/modules/ec/driver/temp_sensor/thermistor.c.obj
[vader:rw] [299/369] Building C object CMakeFiles/app.dir/mnt/host/source/src/platform/ec/build/zephyr/vader/modules/ec/common/lid_switch.c.obj
[vader:ro] [262/369] Building C object CMakeFiles/app.dir/mnt/host/source/src/platform/ec/build/zephyr/vader/modules/ec/common/uart_printf.c.obj
[vader:rw] [300/369] Building C object CMakeFiles/app.dir/mnt/host/source/src/platform/ec/build/zephyr/vader/modules/ec/common/mkbp_event.c.obj
[vader:ro] [263/369] Building C object CMakeFiles/app.dir/mnt/host/source/src/platform/ec/build/zephyr/vader/modules/ec/common/util.c.obj
[trulo:ro] [131/417] Building C object CMakeFiles/app.dir/mnt/host/source/src/platform/ec/build/zephyr/trulo/modules/ec/common/timer.c.obj
[trulo:rw] [176/417] Building C object zephyr/CMakeFiles/zephyr.dir/subsys/pm/policy/policy_latency.c.obj
[trulo:ro] [132/417] Building C object CMakeFiles/app.dir/mnt/host/source/src/platform/ec/build/zephyr/trulo/modules/ec/common/throttle_ap.c.obj
[trulo:ro] [133/417] Building C object CMakeFiles/app.dir/mnt/host/source/src/platform/ec/build/zephyr/trulo/modules/ec/common/usb_port_power_dumb.c.obj
[trulo:rw] [177/417] Building C object zephyr/CMakeFiles/zephyr.dir/subsys/pm/policy/policy_state_lock.c.obj
[vader:ro] [264/369] Building C object CMakeFiles/app.dir/mnt/host/source/src/platform/ec/build/zephyr/vader/modules/ec/common/version.c.obj
[/mnt/host/source/src/platform/ec/build/zephyr/guren-lcov]   /mnt/host/source/src/platform/ec/build/zephyr/guren/build-rw/CMakeFiles/app.dir/mnt/host/source/src/platform/ec/build/zephyr/guren/modules/ec/common/usb_pd_pdo.c.gcno:no functions found
[/mnt/host/source/src/platform/ec/build/zephyr/guren-lcov] stderr:
[vader:rw] [301/369] Building C object CMakeFiles/app.dir/mnt/host/source/src/platform/ec/build/zephyr/vader/modules/ec/common/power_button.c.obj
[trulo:rw] [178/417] Building C object zephyr/CMakeFiles/zephyr.dir/subsys/pm/device.c.obj
[trulo:ro] [134/417] Building C object CMakeFiles/app.dir/mnt/host/source/src/platform/ec/build/zephyr/trulo/modules/ec/common/usbc_utils.c.obj
[vader:ro] [265/369] Building C object CMakeFiles/app.dir/mnt/host/source/src/platform/ec/build/zephyr/vader/modules/ec/driver/accel_bma4xx.c.obj
[vader:rw] [302/369] Building C object CMakeFiles/app.dir/mnt/host/source/src/platform/ec/build/zephyr/vader/modules/ec/common/motion_sense.c.obj
[vader:rw] [303/369] Building C object CMakeFiles/app.dir/mnt/host/source/src/platform/ec/build/zephyr/vader/modules/ec/power/common.c.obj
[vader:ro] [266/369] Building C object CMakeFiles/app.dir/mnt/host/source/src/platform/ec/build/zephyr/vader/modules/ec/driver/accelgyro_bmi_common.c.obj
[vader:rw] [304/369] Building C object CMakeFiles/app.dir/mnt/host/source/src/platform/ec/build/zephyr/vader/modules/ec/power/host_sleep.c.obj
[trulo:rw] [179/417] Building C object zephyr/CMakeFiles/zephyr.dir/subsys/pm/device_runtime.c.obj
[vader:ro] [267/369] Building C object CMakeFiles/app.dir/mnt/host/source/src/platform/ec/build/zephyr/vader/modules/ec/driver/accelgyro_bmi3xx.c.obj
[trulo:ro] [135/417] Building C object CMakeFiles/app.dir/mnt/host/source/src/platform/ec/build/zephyr/trulo/modules/ec/common/chargen.c.obj
[trulo:rw] [180/417] Building C object zephyr/CMakeFiles/zephyr.dir/subsys/pm/device_system_managed.c.obj
[trulo:ro] [136/417] Building C object CMakeFiles/app.dir/mnt/host/source/src/platform/ec/build/zephyr/trulo/modules/ec/common/usb_pd_host_cmd_common.c.obj
[trulo:ro] [137/417] Building C object CMakeFiles/app.dir/mnt/host/source/src/platform/ec/build/zephyr/trulo/modules/ec/common/usb_common.c.obj
[vader:ro] [268/369] Building C object CMakeFiles/app.dir/mnt/host/source/src/platform/ec/build/zephyr/vader/modules/ec/common/motion_sense_fifo.c.obj
[trulo:rw] [181/417] Building C object zephyr/CMakeFiles/zephyr.dir/subsys/testsuite/coverage/coverage.c.obj
[vader:rw] [305/369] Building C object CMakeFiles/app.dir/mnt/host/source/src/platform/ec/build/zephyr/vader/modules/ec/power/mt8186.c.obj
[vader:rw] [306/369] Building C object CMakeFiles/app.dir/mnt/host/source/src/platform/ec/build/zephyr/vader/modules/ec/common/sha256.c.obj
[vader:rw] [307/369] Building C object CMakeFiles/app.dir/mnt/host/source/src/platform/ec/build/zephyr/vader/modules/ec/common/panic_output.c.obj
[vader:ro] [269/369] Building C object CMakeFiles/app.dir/mnt/host/source/src/platform/ec/build/zephyr/vader/modules/ec/common/adc.c.obj
[trulo:rw] [182/417] Building C object zephyr/CMakeFiles/zephyr.dir/subsys/tracing/tracing_none.c.obj
[vader:ro] [270/369] Building C object CMakeFiles/app.dir/mnt/host/source/src/platform/ec/build/zephyr/vader/modules/ec/common/battery.c.obj
[vader:rw] [308/369] Building C object CMakeFiles/app.dir/mnt/host/source/src/platform/ec/build/zephyr/vader/modules/ec/common/shared_mem.c.obj
[trulo:ro] [138/417] Building C object CMakeFiles/app.dir/mnt/host/source/src/platform/ec/build/zephyr/trulo/modules/ec/common/vboot_hash.c.obj
[trulo:rw] [183/417] Building C object zephyr/CMakeFiles/zephyr.dir/subsys/shell/modules/kernel_service/kernel_shell.c.obj
[vader:ro] [271/369] Building C object CMakeFiles/app.dir/mnt/host/source/src/platform/ec/build/zephyr/vader/modules/ec/common/battery_info.c.obj
[trulo:rw] [184/417] Building C object zephyr/CMakeFiles/zephyr.dir/subsys/shell/modules/kernel_service/cycles.c.obj
[trulo:ro] [139/417] Building C object CMakeFiles/app.dir/mnt/host/source/src/platform/ec/build/zephyr/trulo/modules/ec/common/button.c.obj
[trulo:ro] [140/417] Building C object CMakeFiles/app.dir/mnt/host/source/src/platform/ec/build/zephyr/trulo/modules/ec/common/vstore.c.obj
[vader:ro] [272/369] Building C object CMakeFiles/app.dir/mnt/host/source/src/platform/ec/build/zephyr/vader/modules/ec/common/battery_fuel_gauge.c.obj
[vader:rw] [309/369] Building C object CMakeFiles/app.dir/mnt/host/source/src/platform/ec/build/zephyr/vader/modules/ec/common/spi_flash_reg.c.obj
[vader:rw] [310/369] Building C object CMakeFiles/app.dir/mnt/host/source/src/platform/ec/build/zephyr/vader/modules/ec/common/switch.c.obj
[vader:rw] [311/369] Building C object CMakeFiles/app.dir/mnt/host/source/src/platform/ec/build/zephyr/vader/modules/ec/common/tablet_mode.c.obj
[vader:ro] [273/369] Building C object CMakeFiles/app.dir/mnt/host/source/src/platform/ec/build/zephyr/vader/modules/ec/driver/battery/smart.c.obj
[trulo:ro] [141/417] Building C object CMakeFiles/app.dir/mnt/host/source/src/platform/ec/build/zephyr/trulo/modules/ec/common/vboot/efs2.c.obj
[trulo:rw] [185/417] Building C object zephyr/CMakeFiles/zephyr.dir/subsys/shell/modules/kernel_service/sleep.c.obj
[vader:ro] [274/369] Building C object CMakeFiles/app.dir/mnt/host/source/src/platform/ec/build/zephyr/vader/modules/ec/driver/charger/bq25710.c.obj
[trulo:rw] [186/417] Building C object zephyr/CMakeFiles/zephyr.dir/subsys/shell/modules/kernel_service/uptime.c.obj
[trulo:ro] [142/417] Building C object CMakeFiles/app.dir/mnt/host/source/src/platform/ec/build/zephyr/trulo/modules/ec/common/math_util.c.obj
[vader:rw] [312/369] Building C object CMakeFiles/app.dir/mnt/host/source/src/platform/ec/build/zephyr/vader/modules/ec/common/thermal.c.obj
[vader:ro] [275/369] Building C object CMakeFiles/app.dir/mnt/host/source/src/platform/ec/build/zephyr/vader/modules/ec/common/charger.c.obj
[trulo:rw] [187/417] Building C object zephyr/CMakeFiles/zephyr.dir/subsys/shell/modules/kernel_service/version.c.obj
[trulo:ro] [143/417] Building C object CMakeFiles/app.dir/trulo/src/touch_panel.c.obj
[vader:rw] [313/369] Building C object CMakeFiles/app.dir/mnt/host/source/src/platform/ec/build/zephyr/vader/modules/ec/common/temp_sensor.c.obj
[trulo:ro] [144/417] Building C object CMakeFiles/app.dir/src/board_power.c.obj
[vader:rw] [314/369] Building C object CMakeFiles/app.dir/mnt/host/source/src/platform/ec/build/zephyr/vader/modules/ec/common/timer.c.obj
[vader:rw] [315/369] Building C object CMakeFiles/app.dir/mnt/host/source/src/platform/ec/build/zephyr/vader/modules/ec/driver/temp_sensor/thermistor.c.obj
[trulo:ro] [145/417] Building C object zephyr/CMakeFiles/zephyr.dir/lib/cpp/abi/cpp_dtors.c.obj
[trulo:rw] [188/417] Building C object zephyr/CMakeFiles/zephyr.dir/subsys/shell/modules/kernel_service/thread/thread.c.obj
[vader:ro] [276/369] Building C object CMakeFiles/app.dir/mnt/host/source/src/platform/ec/build/zephyr/vader/modules/ec/common/charge_state.c.obj
[trulo:ro] [146/417] Building C object zephyr/CMakeFiles/zephyr.dir/lib/libc/validate_libc.c.obj
[vader:ro] [277/369] Building C object CMakeFiles/app.dir/mnt/host/source/src/platform/ec/build/zephyr/vader/modules/ec/common/cbi_common.c.obj
[trulo:ro] [147/417] Building C object CMakeFiles/app.dir/trulo/src/hdmi.c.obj
[trulo:rw] [189/417] Building C object zephyr/CMakeFiles/zephyr.dir/subsys/shell/modules/kernel_service/thread/list.c.obj
[vader:rw] [316/369] Building C object CMakeFiles/app.dir/mnt/host/source/src/platform/ec/build/zephyr/vader/modules/ec/common/usb_port_power_dumb.c.obj
[trulo:ro] [148/417] Linking CXX static library app/libapp.a
[vader:ro] [278/369] Building C object CMakeFiles/app.dir/mnt/host/source/src/platform/ec/build/zephyr/vader/modules/ec/common/charge_manager.c.obj
[trulo:rw] [190/417] Building C object zephyr/CMakeFiles/zephyr.dir/subsys/shell/modules/kernel_service/thread/stacks.c.obj
[vader:ro] [279/369] Building C object CMakeFiles/app.dir/mnt/host/source/src/platform/ec/build/zephyr/vader/modules/ec/common/cbi.c.obj
[vader:rw] [317/369] Building C object CMakeFiles/app.dir/mnt/host/source/src/platform/ec/build/zephyr/vader/modules/ec/common/usbc_utils.c.obj
[trulo:ro] [149/417] Building C object zephyr/CMakeFiles/zephyr.dir/lib/heap/heap.c.obj
[trulo:ro] [150/417] Building C object zephyr/CMakeFiles/zephyr.dir/lib/os/cbprintf_packaged.c.obj
[vader:ro] [280/369] Building C object CMakeFiles/app.dir/mnt/host/source/src/platform/ec/build/zephyr/vader/modules/ec/common/cbi_config.c.obj
[vader:rw] [318/369] Building C object CMakeFiles/app.dir/mnt/host/source/src/platform/ec/build/zephyr/vader/modules/ec/common/chargen.c.obj
[trulo:rw] [191/417] Building C object zephyr/CMakeFiles/zephyr.dir/subsys/shell/modules/kernel_service/thread/suspend.c.obj
[trulo:ro] [151/417] Building C object zephyr/CMakeFiles/zephyr.dir/lib/os/clock.c.obj
[vader:rw] [319/369] Building C object CMakeFiles/app.dir/mnt/host/source/src/platform/ec/build/zephyr/vader/modules/ec/common/usb_common.c.obj
[vader:ro] [281/369] Building C object CMakeFiles/app.dir/mnt/host/source/src/platform/ec/build/zephyr/vader/modules/ec/common/memory_commands.c.obj
[trulo:rw] [192/417] Building C object zephyr/CMakeFiles/zephyr.dir/subsys/shell/modules/kernel_service/thread/resume.c.obj
[trulo:ro] [152/417] Building C object zephyr/CMakeFiles/zephyr.dir/lib/os/printk.c.obj
[trulo:rw] [193/417] Building C object zephyr/CMakeFiles/zephyr.dir/subsys/shell/modules/kernel_service/thread/kill.c.obj
[vader:rw] [320/369] Building C object CMakeFiles/app.dir/mnt/host/source/src/platform/ec/build/zephyr/vader/modules/ec/common/usb_pd_host_cmd_common.c.obj
[trulo:ro] [153/417] Building C object zephyr/CMakeFiles/zephyr.dir/lib/os/sem.c.obj
[vader:ro] [282/369] Building C object CMakeFiles/app.dir/mnt/host/source/src/platform/ec/build/zephyr/vader/modules/ec/common/chipset.c.obj
[trulo:ro] [154/417] Building C object zephyr/CMakeFiles/zephyr.dir/lib/os/thread_entry.c.obj
[vader:ro] [283/369] Building C object CMakeFiles/app.dir/mnt/host/source/src/platform/ec/build/zephyr/vader/modules/ec/common/ap_reset_log.c.obj
[vader:rw] [321/369] Building C object CMakeFiles/app.dir/mnt/host/source/src/platform/ec/build/zephyr/vader/modules/ec/common/vboot_hash.c.obj
[trulo:ro] [155/417] Building C object zephyr/CMakeFiles/zephyr.dir/lib/utils/dec.c.obj
[vader:ro] [284/369] Building C object CMakeFiles/app.dir/mnt/host/source/src/platform/ec/build/zephyr/vader/modules/ec/common/extpower_common.c.obj
[trulo:ro] [156/417] Building C object zephyr/CMakeFiles/zephyr.dir/lib/os/cbprintf_nano.c.obj
[vader:ro] [285/369] Building C object CMakeFiles/app.dir/mnt/host/source/src/platform/ec/build/zephyr/vader/modules/ec/common/extpower_gpio.c.obj
[trulo:rw] [194/417] Building C object zephyr/CMakeFiles/zephyr.dir/subsys/shell/backends/shell_uart.c.obj
[vader:rw] [322/369] Building C object CMakeFiles/app.dir/mnt/host/source/src/platform/ec/build/zephyr/vader/modules/ec/common/button.c.obj
[trulo:ro] [157/417] Building C object zephyr/CMakeFiles/zephyr.dir/lib/utils/hex.c.obj
[trulo:ro] [158/417] Building C object zephyr/CMakeFiles/zephyr.dir/lib/os/assert.c.obj
[vader:rw] [323/369] Building C object CMakeFiles/app.dir/mnt/host/source/src/platform/ec/build/zephyr/vader/modules/ec/common/vboot/efs2.c.obj
[trulo:ro] [159/417] Building C object zephyr/CMakeFiles/zephyr.dir/lib/utils/timeutil.c.obj
[trulo:rw] [195/417] Building C object zephyr/CMakeFiles/zephyr.dir/subsys/shell/shell.c.obj
[trulo:rw] [196/417] Building C object zephyr/CMakeFiles/zephyr.dir/subsys/shell/shell_fprintf.c.obj
[vader:rw] [324/369] Building C object CMakeFiles/app.dir/mnt/host/source/src/platform/ec/build/zephyr/vader/modules/ec/common/vstore.c.obj
[trulo:ro] [160/417] Building C object zephyr/CMakeFiles/zephyr.dir/lib/utils/bitmask.c.obj
[vader:ro] [286/369] Building C object CMakeFiles/app.dir/mnt/host/source/src/platform/ec/build/zephyr/vader/modules/ec/common/flash.c.obj
[trulo:ro] [161/417] Building C object zephyr/CMakeFiles/zephyr.dir/lib/utils/rb.c.obj
[vader:rw] [325/369] Building C object CMakeFiles/app.dir/mnt/host/source/src/platform/ec/build/zephyr/vader/modules/ec/common/math_util.c.obj
[vader:ro] [287/369] Building C object CMakeFiles/app.dir/mnt/host/source/src/platform/ec/build/zephyr/vader/modules/ec/common/host_command.c.obj
[trulo:ro] [162/417] Building C object zephyr/CMakeFiles/zephyr.dir/lib/utils/bitarray.c.obj
[vader:ro] [288/369] Building C object CMakeFiles/app.dir/mnt/host/source/src/platform/ec/build/zephyr/vader/modules/ec/common/host_event_commands.c.obj
[vader:rw] [326/369] Building C object CMakeFiles/app.dir/mnt/host/source/src/platform/ec/build/zephyr/vader/modules/ec/zephyr/program/skywalker/src/i2c.c.obj
[trulo:rw] [197/417] Building C object zephyr/CMakeFiles/zephyr.dir/subsys/shell/shell_utils.c.obj
[trulo:ro] [163/417] Building C object zephyr/CMakeFiles/zephyr.dir/lib/utils/ring_buffer.c.obj
[vader:ro] [289/369] Building C object CMakeFiles/app.dir/mnt/host/source/src/platform/ec/build/zephyr/vader/modules/ec/common/uart_hostcmd.c.obj
[vader:rw] [327/369] Building C object CMakeFiles/app.dir/mnt/host/source/src/platform/ec/build/zephyr/vader/modules/ec/zephyr/program/skywalker/src/hibernate.c.obj
[trulo:ro] [164/417] Building C object zephyr/CMakeFiles/zephyr.dir/lib/utils/last_section_id.c.obj
[trulo:ro] [165/417] Building C object zephyr/CMakeFiles/zephyr.dir/lib/utils/getopt/getopt.c.obj
[trulo:rw] [198/417] Building C object zephyr/CMakeFiles/zephyr.dir/subsys/shell/shell_help.c.obj
[trulo:ro] [166/417] Building C object zephyr/CMakeFiles/zephyr.dir/misc/generated/configs.c.obj
[trulo:rw] [199/417] Building C object zephyr/CMakeFiles/zephyr.dir/subsys/shell/shell_ops.c.obj
[/mnt/host/source/src/platform/ec/build/zephyr/guren-lcov]   /mnt/host/source/src/platform/ec/build/zephyr/guren/build-rw/CMakeFiles/app.dir/mnt/host/source/src/platform/ec/build/zephyr/guren/modules/ec/common/cbi_config.c.gcno:no functions found
[/mnt/host/source/src/platform/ec/build/zephyr/guren-lcov] stderr:
[trulo:ro] [167/417] Building C object zephyr/CMakeFiles/zephyr.dir/lib/utils/getopt/getopt_common.c.obj
[vader:ro] [290/369] Building C object CMakeFiles/app.dir/mnt/host/source/src/platform/ec/build/zephyr/vader/modules/ec/common/uptime.c.obj
[vader:rw] [328/369] Building C object CMakeFiles/app.dir/mnt/host/source/src/platform/ec/build/zephyr/vader/modules/ec/zephyr/program/skywalker/src/hooks.c.obj
[vader:rw] [329/369] Building C object CMakeFiles/app.dir/mnt/host/source/src/platform/ec/build/zephyr/vader/modules/ec/zephyr/program/skywalker/src/backlight.c.obj
[trulo:rw] [200/417] Building C object zephyr/CMakeFiles/zephyr.dir/subsys/shell/shell_history.c.obj
[vader:ro] [291/369] Building C object CMakeFiles/app.dir/mnt/host/source/src/platform/ec/build/zephyr/vader/modules/ec/common/i2c_passthru.c.obj
[vader:ro] [292/369] Building C object CMakeFiles/app.dir/mnt/host/source/src/platform/ec/build/zephyr/vader/modules/ec/common/i2c_controller.c.obj
[trulo:ro] [168/417] Building C object zephyr/CMakeFiles/zephyr.dir/soc/nuvoton/npcx/common/npcxn/registers.c.obj
[vader:rw] [330/369] Building C object CMakeFiles/app.dir/mnt/host/source/src/platform/ec/build/zephyr/vader/modules/ec/zephyr/program/skywalker/src/dp_alt_mode.c.obj
[trulo:rw] [201/417] Building C object zephyr/arch/common/CMakeFiles/arch__common.dir/sw_isr_common.c.obj
[vader:rw] [331/369] Building C object CMakeFiles/app.dir/mnt/host/source/src/platform/ec/build/zephyr/vader/modules/ec/zephyr/program/skywalker/src/pmic_resetb_irq.c.obj
[trulo:ro] [169/417] Building C object zephyr/CMakeFiles/zephyr.dir/soc/nuvoton/npcx/common/scfg.c.obj
[vader:ro] [293/369] Building C object CMakeFiles/app.dir/mnt/host/source/src/platform/ec/build/zephyr/vader/modules/ec/common/virtual_battery.c.obj
[trulo:ro] [170/417] Building C object zephyr/CMakeFiles/zephyr.dir/soc/nuvoton/npcx/common/power.c.obj
[trulo:rw] [202/417] Building C object zephyr/arch/common/CMakeFiles/arch__common.dir/init.c.obj
[vader:rw] [332/369] Linking C static library modules/ec/zephyr/libec_shim.a
[trulo:rw] [203/417] Building C object zephyr/CMakeFiles/zephyr.dir/drivers/flash/flash_util.c.obj
[trulo:ro] [171/417] Building C object zephyr/CMakeFiles/zephyr.dir/soc/nuvoton/npcx/npcx9/soc.c.obj
[trulo:rw] [204/417] Linking CXX static library zephyr/libzephyr.a
[vader:rw] [333/369] Building C object CMakeFiles/app.dir/vader/src/usbc_runtime.c.obj
[vader:ro] [294/369] Building C object CMakeFiles/app.dir/mnt/host/source/src/platform/ec/build/zephyr/vader/modules/ec/common/keyboard_scan.c.obj
[vader:ro] [295/369] Building C object CMakeFiles/app.dir/mnt/host/source/src/platform/ec/build/zephyr/vader/modules/ec/common/mkbp_info.c.obj
[trulo:rw] [205/417] Building C object zephyr/arch/common/CMakeFiles/arch__common.dir/xip.c.obj
[trulo:ro] [172/417] Building C object zephyr/CMakeFiles/zephyr.dir/subsys/logging/log_minimal.c.obj
[vader:ro] [296/369] Building C object CMakeFiles/app.dir/mnt/host/source/src/platform/ec/build/zephyr/vader/modules/ec/common/mkbp_fifo.c.obj
[vader:rw] [334/369] Building C object CMakeFiles/app.dir/vader/src/sensor.c.obj
[trulo:ro] [173/417] Building C object zephyr/CMakeFiles/zephyr.dir/subsys/pm/state.c.obj
[trulo:rw] [206/417] Building C object zephyr/arch/common/CMakeFiles/isr_tables.dir/isr_tables.c.obj
[vader:rw] [335/369] Building C object CMakeFiles/app.dir/vader/src/touch_pad.c.obj
[/mnt/host/source/src/platform/ec/build/zephyr/guren-lcov]   /mnt/host/source/src/platform/ec/build/zephyr/guren/build-rw/zephyr/arch/arch/arm/core/mpu/CMakeFiles/arch__arm__core__mpu.dir/arm_mpu_regions.c.gcno:no functions found
[/mnt/host/source/src/platform/ec/build/zephyr/guren-lcov] stderr:
[trulo:ro] [174/417] Building C object zephyr/CMakeFiles/zephyr.dir/subsys/mem_mgmt/mem_attr.c.obj
[vader:ro] [297/369] Building C object CMakeFiles/app.dir/mnt/host/source/src/platform/ec/build/zephyr/vader/modules/ec/common/keyboard_mkbp.c.obj
[vader:rw] [336/369] Building C object zephyr/kernel/CMakeFiles/kernel.dir/main_weak.c.obj
[trulo:rw] [207/417] Linking CXX static library zephyr/arch/common/libisr_tables.a
[trulo:ro] [175/417] Building C object zephyr/CMakeFiles/zephyr.dir/subsys/pm/pm.c.obj
[vader:rw] [337/369] Linking C static library app/libapp.a
[trulo:rw] [208/417] Linking CXX static library zephyr/arch/common/libarch__common.a
[vader:rw] [338/369] Building C object zephyr/kernel/CMakeFiles/kernel.dir/banner.c.obj
[trulo:rw] [209/417] Building ASM object zephyr/arch/arch/arm/core/CMakeFiles/arch__arm__core.dir/nmi_on_reset.S.obj
[trulo:rw] [210/417] Building C object zephyr/arch/arch/arm/core/CMakeFiles/arch__arm__core.dir/fatal.c.obj
[vader:rw] [339/369] Building C object zephyr/kernel/CMakeFiles/kernel.dir/busy_wait.c.obj
[trulo:rw] [211/417] Building C object zephyr/arch/arch/arm/core/CMakeFiles/arch__arm__core.dir/__aeabi_atexit.c.obj
[trulo:rw] [212/417] Building C object zephyr/arch/arch/arm/core/CMakeFiles/arch__arm__core.dir/nmi.c.obj
[trulo:ro] [176/417] Building C object zephyr/CMakeFiles/zephyr.dir/subsys/pm/policy/policy_events.c.obj
[trulo:ro] [177/417] Building C object zephyr/CMakeFiles/zephyr.dir/subsys/pm/policy/policy_latency.c.obj
[vader:ro] [298/369] Building C object CMakeFiles/app.dir/mnt/host/source/src/platform/ec/build/zephyr/vader/modules/ec/common/mkbp_input_devices.c.obj
[trulo:ro] [178/417] Building C object zephyr/CMakeFiles/zephyr.dir/subsys/pm/policy/policy_state_lock.c.obj
[vader:ro] [299/369] Building C object CMakeFiles/app.dir/mnt/host/source/src/platform/ec/build/zephyr/vader/modules/ec/common/led_common.c.obj
[vader:ro] [300/369] Building C object CMakeFiles/app.dir/mnt/host/source/src/platform/ec/build/zephyr/vader/modules/ec/common/lid_switch.c.obj
[vader:rw] [340/369] Building C object zephyr/kernel/CMakeFiles/kernel.dir/device.c.obj
[vader:rw] [341/369] Building C object zephyr/kernel/CMakeFiles/kernel.dir/errno.c.obj
[trulo:ro] [179/417] Building C object zephyr/CMakeFiles/zephyr.dir/subsys/pm/device.c.obj
[vader:rw] [342/369] Building C object zephyr/kernel/CMakeFiles/kernel.dir/fatal.c.obj
[/mnt/host/source/src/platform/ec/build/zephyr/guren-lcov]   /mnt/host/source/src/platform/ec/build/zephyr/guren/build-rw/zephyr/arch/common/CMakeFiles/isr_tables.dir/isr_tables.c.gcno:no functions found
[/mnt/host/source/src/platform/ec/build/zephyr/guren-lcov] stderr:
[vader:ro] [301/369] Building C object CMakeFiles/app.dir/mnt/host/source/src/platform/ec/build/zephyr/vader/modules/ec/common/mkbp_event.c.obj
[trulo:rw] [213/417] Building C object zephyr/arch/arch/arm/core/CMakeFiles/arch__arm__core.dir/tls.c.obj
[trulo:rw] [214/417] Linking CXX static library zephyr/arch/arch/arm/core/libarch__arm__core.a
[vader:rw] [343/369] Building C object zephyr/kernel/CMakeFiles/kernel.dir/init.c.obj
[trulo:rw] [215/417] Building C object zephyr/arch/arch/arm/core/cortex_m/CMakeFiles/arch__arm__core__cortex_m.dir/exc_exit.c.obj
[trulo:ro] [180/417] Building C object zephyr/CMakeFiles/zephyr.dir/subsys/pm/device_runtime.c.obj
[vader:rw] [344/369] Building C object zephyr/kernel/CMakeFiles/kernel.dir/version.c.obj
[trulo:ro] [181/417] Building C object zephyr/CMakeFiles/zephyr.dir/subsys/pm/device_system_managed.c.obj
[trulo:rw] [216/417] Building ASM object zephyr/arch/arch/arm/core/cortex_m/CMakeFiles/arch__arm__core__cortex_m.dir/fault_s.S.obj
[vader:rw] [345/369] Building C object zephyr/kernel/CMakeFiles/kernel.dir/kheap.c.obj
[trulo:ro] [182/417] Building C object zephyr/CMakeFiles/zephyr.dir/subsys/testsuite/coverage/coverage.c.obj
[trulo:ro] [183/417] Building C object zephyr/CMakeFiles/zephyr.dir/subsys/tracing/tracing_none.c.obj
[vader:rw] [346/369] Building C object zephyr/kernel/CMakeFiles/kernel.dir/mem_slab.c.obj
[vader:ro] [302/369] Building C object CMakeFiles/app.dir/mnt/host/source/src/platform/ec/build/zephyr/vader/modules/ec/common/power_button.c.obj
[vader:rw] [347/369] Building C object zephyr/kernel/CMakeFiles/kernel.dir/float.c.obj
[vader:ro] [303/369] Building C object CMakeFiles/app.dir/mnt/host/source/src/platform/ec/build/zephyr/vader/modules/ec/power/common.c.obj
[vader:ro] [304/369] Building C object CMakeFiles/app.dir/mnt/host/source/src/platform/ec/build/zephyr/vader/modules/ec/common/motion_sense.c.obj
[trulo:rw] [217/417] Building C object zephyr/arch/arch/arm/core/cortex_m/CMakeFiles/arch__arm__core__cortex_m.dir/fpu.c.obj
[vader:ro] [305/369] Building C object CMakeFiles/app.dir/mnt/host/source/src/platform/ec/build/zephyr/vader/modules/ec/power/host_sleep.c.obj
[trulo:rw] [218/417] Building C object zephyr/arch/arch/arm/core/cortex_m/CMakeFiles/arch__arm__core__cortex_m.dir/fault.c.obj
[trulo:rw] [219/417] Building ASM object zephyr/arch/arch/arm/core/cortex_m/CMakeFiles/arch__arm__core__cortex_m.dir/reset.S.obj
[trulo:ro] [184/417] Building C object zephyr/CMakeFiles/zephyr.dir/subsys/shell/modules/kernel_service/kernel_shell.c.obj
[trulo:ro] [185/417] Building C object zephyr/CMakeFiles/zephyr.dir/subsys/shell/modules/kernel_service/cycles.c.obj
[vader:rw] [348/369] Building C object zephyr/kernel/CMakeFiles/kernel.dir/mailbox.c.obj
[vader:rw] [349/369] Building C object zephyr/kernel/CMakeFiles/kernel.dir/idle.c.obj
[trulo:rw] [220/417] Building ASM object zephyr/arch/arch/arm/core/cortex_m/CMakeFiles/arch__arm__core__cortex_m.dir/vector_table.S.obj
[trulo:ro] [186/417] Building C object zephyr/CMakeFiles/zephyr.dir/subsys/shell/modules/kernel_service/sleep.c.obj
[trulo:ro] [187/417] Building C object zephyr/CMakeFiles/zephyr.dir/subsys/shell/modules/kernel_service/uptime.c.obj
[vader:ro] [306/369] Building C object CMakeFiles/app.dir/mnt/host/source/src/platform/ec/build/zephyr/vader/modules/ec/power/mt8186.c.obj
[vader:rw] [350/369] Building C object zephyr/kernel/CMakeFiles/kernel.dir/mutex.c.obj
[vader:rw] [351/369] Building C object zephyr/kernel/CMakeFiles/kernel.dir/msg_q.c.obj
[trulo:rw] [221/417] Building C object zephyr/arch/arch/arm/core/cortex_m/CMakeFiles/arch__arm__core__cortex_m.dir/scb.c.obj
[vader:ro] [307/369] Building C object CMakeFiles/app.dir/mnt/host/source/src/platform/ec/build/zephyr/vader/modules/ec/common/panic_output.c.obj
[trulo:rw] [222/417] Building C object zephyr/arch/arch/arm/core/cortex_m/CMakeFiles/arch__arm__core__cortex_m.dir/thread_abort.c.obj
[vader:ro] [308/369] Building C object CMakeFiles/app.dir/mnt/host/source/src/platform/ec/build/zephyr/vader/modules/ec/common/sha256.c.obj
[vader:ro] [309/369] Building C object CMakeFiles/app.dir/mnt/host/source/src/platform/ec/build/zephyr/vader/modules/ec/common/shared_mem.c.obj
[trulo:ro] [188/417] Building C object zephyr/CMakeFiles/zephyr.dir/subsys/shell/modules/kernel_service/thread/thread.c.obj
[trulo:ro] [189/417] Building C object zephyr/CMakeFiles/zephyr.dir/subsys/shell/modules/kernel_service/version.c.obj
[vader:rw] [352/369] Building C object zephyr/kernel/CMakeFiles/kernel.dir/queue.c.obj
[vader:rw] [353/369] Building C object zephyr/kernel/CMakeFiles/kernel.dir/sem.c.obj
[trulo:rw] [223/417] Building ASM object zephyr/arch/arch/arm/core/cortex_m/CMakeFiles/arch__arm__core__cortex_m.dir/swap_helper.S.obj
[trulo:ro] [190/417] Building C object zephyr/CMakeFiles/zephyr.dir/subsys/shell/modules/kernel_service/thread/stacks.c.obj
[trulo:ro] [191/417] Building C object zephyr/CMakeFiles/zephyr.dir/subsys/shell/modules/kernel_service/thread/list.c.obj
[trulo:rw] [224/417] Building C object zephyr/arch/arch/arm/core/cortex_m/CMakeFiles/arch__arm__core__cortex_m.dir/irq_manage.c.obj
[vader:ro] [310/369] Building C object CMakeFiles/app.dir/mnt/host/source/src/platform/ec/build/zephyr/vader/modules/ec/common/switch.c.obj
[vader:rw] [354/369] Building C object zephyr/kernel/CMakeFiles/kernel.dir/stack.c.obj
[vader:rw] [355/369] Building C object zephyr/kernel/CMakeFiles/kernel.dir/system_work_q.c.obj
[vader:ro] [311/369] Building C object CMakeFiles/app.dir/mnt/host/source/src/platform/ec/build/zephyr/vader/modules/ec/common/spi_flash_reg.c.obj
[trulo:rw] [225/417] Building C object zephyr/arch/arch/arm/core/cortex_m/CMakeFiles/arch__arm__core__cortex_m.dir/prep_c.c.obj
[vader:ro] [312/369] Building C object CMakeFiles/app.dir/mnt/host/source/src/platform/ec/build/zephyr/vader/modules/ec/common/tablet_mode.c.obj
[vader:rw] [356/369] Building C object zephyr/kernel/CMakeFiles/kernel.dir/work.c.obj
[trulo:ro] [192/417] Building C object zephyr/CMakeFiles/zephyr.dir/subsys/shell/modules/kernel_service/thread/resume.c.obj
[vader:ro] [313/369] Building C object CMakeFiles/app.dir/mnt/host/source/src/platform/ec/build/zephyr/vader/modules/ec/common/thermal.c.obj
[vader:rw] [357/369] Building C object zephyr/kernel/CMakeFiles/kernel.dir/condvar.c.obj
[trulo:ro] [193/417] Building C object zephyr/CMakeFiles/zephyr.dir/subsys/shell/modules/kernel_service/thread/suspend.c.obj
[trulo:rw] [226/417] Building C object zephyr/arch/arch/arm/core/cortex_m/CMakeFiles/arch__arm__core__cortex_m.dir/thread.c.obj
[trulo:rw] [227/417] Building C object zephyr/arch/arch/arm/core/cortex_m/CMakeFiles/arch__arm__core__cortex_m.dir/cpu_idle.c.obj
[trulo:ro] [194/417] Building C object zephyr/CMakeFiles/zephyr.dir/subsys/shell/modules/kernel_service/thread/kill.c.obj
[trulo:rw] [228/417] Building C object zephyr/arch/arch/arm/core/cortex_m/CMakeFiles/arch__arm__core__cortex_m.dir/irq_init.c.obj
[vader:rw] [358/369] Building C object zephyr/kernel/CMakeFiles/kernel.dir/thread.c.obj
[trulo:rw] [229/417] Building ASM object zephyr/arch/arch/arm/core/cortex_m/CMakeFiles/arch__arm__core__cortex_m.dir/__aeabi_read_tp.S.obj
[vader:rw] [359/369] Building C object zephyr/kernel/CMakeFiles/kernel.dir/sched.c.obj
[vader:ro] [314/369] Building C object CMakeFiles/app.dir/mnt/host/source/src/platform/ec/build/zephyr/vader/modules/ec/common/temp_sensor.c.obj
[trulo:ro] [195/417] Building C object zephyr/CMakeFiles/zephyr.dir/subsys/shell/backends/shell_uart.c.obj
[vader:ro] [315/369] Building C object CMakeFiles/app.dir/mnt/host/source/src/platform/ec/build/zephyr/vader/modules/ec/driver/temp_sensor/thermistor.c.obj
[vader:ro] [316/369] Building C object CMakeFiles/app.dir/mnt/host/source/src/platform/ec/build/zephyr/vader/modules/ec/common/timer.c.obj
[vader:rw] [360/369] Building C object zephyr/kernel/CMakeFiles/kernel.dir/spinlock_validate.c.obj
[vader:rw] [361/369] Building C object zephyr/kernel/CMakeFiles/kernel.dir/pipe.c.obj
[trulo:rw] [230/417] Building C object zephyr/arch/arch/arm/core/cortex_m/CMakeFiles/arch__arm__core__cortex_m.dir/isr_wrapper.c.obj
[trulo:ro] [196/417] Building C object zephyr/CMakeFiles/zephyr.dir/subsys/shell/shell_fprintf.c.obj
[trulo:rw] [231/417] Linking CXX static library zephyr/arch/arch/arm/core/cortex_m/libarch__arm__core__cortex_m.a
[vader:ro] [317/369] Building C object CMakeFiles/app.dir/mnt/host/source/src/platform/ec/build/zephyr/vader/modules/ec/common/usb_port_power_dumb.c.obj
[trulo:ro] [197/417] Building C object zephyr/CMakeFiles/zephyr.dir/subsys/shell/shell.c.obj
[/mnt/host/source/src/platform/ec/build/zephyr/guren-lcov]   /mnt/host/source/src/platform/ec/build/zephyr/guren/build-rw/zephyr/CMakeFiles/zephyr.dir/subsys/shell/modules/kernel_service/kernel_shell.c.gcno:no functions found
[trulo:ro] [198/417] Building C object zephyr/CMakeFiles/zephyr.dir/subsys/shell/shell_utils.c.obj
[/mnt/host/source/src/platform/ec/build/zephyr/guren-lcov] stderr:
[vader:rw] [362/369] Building C object zephyr/kernel/CMakeFiles/kernel.dir/thread_monitor.c.obj
[vader:rw] [363/369] Building C object zephyr/kernel/CMakeFiles/kernel.dir/timeout.c.obj
[trulo:rw] [232/417] Building C object zephyr/arch/arch/arm/core/mpu/CMakeFiles/arch__arm__core__mpu.dir/arm_core_mpu.c.obj
[trulo:ro] [199/417] Building C object zephyr/CMakeFiles/zephyr.dir/subsys/shell/shell_ops.c.obj
[/mnt/host/source/src/platform/ec/build/zephyr/guren-lcov]   /mnt/host/source/src/platform/ec/build/zephyr/guren/build-rw/zephyr/CMakeFiles/zephyr.dir/lib/libc/validate_libc.c.gcno:no functions found
[/mnt/host/source/src/platform/ec/build/zephyr/guren-lcov] stderr:
[trulo:rw] [233/417] Building C object zephyr/arch/arch/arm/core/mpu/CMakeFiles/arch__arm__core__mpu.dir/arm_mpu.c.obj
[vader:ro] [318/369] Building C object CMakeFiles/app.dir/mnt/host/source/src/platform/ec/build/zephyr/vader/modules/ec/common/usbc_utils.c.obj
[vader:rw] [364/369] Building C object zephyr/kernel/CMakeFiles/kernel.dir/timer.c.obj
[vader:rw] [365/369] Building C object zephyr/kernel/CMakeFiles/kernel.dir/poll.c.obj
[vader:ro] [319/369] Building C object CMakeFiles/app.dir/mnt/host/source/src/platform/ec/build/zephyr/vader/modules/ec/common/usb_common.c.obj
[trulo:rw] [234/417] Building C object zephyr/arch/arch/arm/core/mpu/CMakeFiles/arch__arm__core__mpu.dir/arm_mpu_regions.c.obj
[trulo:ro] [200/417] Building C object zephyr/CMakeFiles/zephyr.dir/subsys/shell/shell_help.c.obj
[trulo:rw] [235/417] Linking CXX static library zephyr/arch/arch/arm/core/mpu/libarch__arm__core__mpu.a
[vader:ro] [320/369] Building C object CMakeFiles/app.dir/mnt/host/source/src/platform/ec/build/zephyr/vader/modules/ec/common/chargen.c.obj
[trulo:ro] [201/417] Building C object zephyr/CMakeFiles/zephyr.dir/subsys/shell/shell_history.c.obj
[vader:rw] [366/369] Building C object zephyr/kernel/CMakeFiles/kernel.dir/events.c.obj
[vader:rw] [367/369] Building C object zephyr/kernel/CMakeFiles/kernel.dir/mempool.c.obj
[trulo:ro] [202/417] Building C object zephyr/arch/common/CMakeFiles/arch__common.dir/sw_isr_common.c.obj
[vader:ro] [321/369] Building C object CMakeFiles/app.dir/mnt/host/source/src/platform/ec/build/zephyr/vader/modules/ec/common/usb_pd_host_cmd_common.c.obj
[trulo:ro] [203/417] Building C object zephyr/CMakeFiles/zephyr.dir/drivers/flash/flash_util.c.obj
[trulo:rw] [236/417] Building C object zephyr/lib/libc/picolibc/CMakeFiles/lib__libc__picolibc.dir/assert.c.obj
[vader:rw] [368/369] Building C object zephyr/kernel/CMakeFiles/kernel.dir/dynamic_disabled.c.obj
[trulo:ro] [204/417] Building C object zephyr/arch/common/CMakeFiles/arch__common.dir/init.c.obj
[trulo:ro] [205/417] Linking CXX static library zephyr/libzephyr.a
[vader:rw] [369/369] Linking C static library zephyr/kernel/libkernel.a
[trulo:rw] [237/417] Building C object zephyr/lib/libc/picolibc/CMakeFiles/lib__libc__picolibc.dir/cbprintf.c.obj
[vader:ro] [322/369] Building C object CMakeFiles/app.dir/mnt/host/source/src/platform/ec/build/zephyr/vader/modules/ec/common/vboot_hash.c.obj
[trulo:ro] [206/417] Building C object zephyr/arch/arch/arm/core/CMakeFiles/arch__arm__core.dir/__aeabi_atexit.c.obj
[trulo:ro] [207/417] Building ASM object zephyr/arch/arch/arm/core/CMakeFiles/arch__arm__core.dir/nmi_on_reset.S.obj
[vader:ro] [323/369] Building C object CMakeFiles/app.dir/mnt/host/source/src/platform/ec/build/zephyr/vader/modules/ec/common/button.c.obj
[trulo:ro] [208/417] Building C object zephyr/arch/common/CMakeFiles/isr_tables.dir/isr_tables.c.obj
[trulo:rw] [238/417] Building C object zephyr/lib/libc/picolibc/CMakeFiles/lib__libc__picolibc.dir/chk_fail.c.obj
[trulo:ro] [209/417] Linking CXX static library zephyr/arch/common/libisr_tables.a
[trulo:ro] [210/417] Building C object zephyr/arch/common/CMakeFiles/arch__common.dir/xip.c.obj
[trulo:rw] [239/417] Building C object zephyr/lib/libc/picolibc/CMakeFiles/lib__libc__picolibc.dir/errno_wrap.c.obj
[/mnt/host/source/src/platform/ec/build/zephyr/guren-lcov]   /mnt/host/source/src/platform/ec/build/zephyr/guren/build-rw/zephyr/CMakeFiles/zephyr.dir/lib/utils/last_section_id.c.gcno:no functions found
[/mnt/host/source/src/platform/ec/build/zephyr/guren-lcov] stderr:
[vader:ro] [324/369] Building C object CMakeFiles/app.dir/mnt/host/source/src/platform/ec/build/zephyr/vader/modules/ec/common/vboot/efs2.c.obj
[trulo:ro] [211/417] Linking CXX static library zephyr/arch/common/libarch__common.a
[trulo:ro] [212/417] Building C object zephyr/arch/arch/arm/core/CMakeFiles/arch__arm__core.dir/nmi.c.obj
[trulo:rw] [240/417] Building C object zephyr/lib/libc/picolibc/CMakeFiles/lib__libc__picolibc.dir/exit.c.obj
[trulo:ro] [213/417] Building C object zephyr/arch/arch/arm/core/CMakeFiles/arch__arm__core.dir/fatal.c.obj
[vader:ro] [325/369] Building C object CMakeFiles/app.dir/mnt/host/source/src/platform/ec/build/zephyr/vader/modules/ec/common/vstore.c.obj
[trulo:ro] [214/417] Building ASM object zephyr/arch/arch/arm/core/cortex_m/CMakeFiles/arch__arm__core__cortex_m.dir/fault_s.S.obj
[trulo:rw] [241/417] Building C object zephyr/lib/libc/common/CMakeFiles/lib__libc__common.dir/source/time/time.c.obj
[trulo:rw] [242/417] Building C object zephyr/lib/libc/picolibc/CMakeFiles/lib__libc__picolibc.dir/locks.c.obj
[trulo:rw] [243/417] Building C object zephyr/lib/libc/picolibc/CMakeFiles/lib__libc__picolibc.dir/stdio.c.obj
[vader:ro] [326/369] Building C object CMakeFiles/app.dir/mnt/host/source/src/platform/ec/build/zephyr/vader/modules/ec/common/math_util.c.obj
[trulo:rw] [244/417] Building C object zephyr/lib/posix/c_lib_ext/CMakeFiles/lib__posix__c_lib_ext.dir/fnmatch.c.obj
[trulo:rw] [245/417] Linking CXX static library zephyr/lib/libc/picolibc/liblib__libc__picolibc.a
[trulo:rw] [246/417] Building C object zephyr/lib/libc/common/CMakeFiles/lib__libc__common.dir/source/stdlib/abort.c.obj
[trulo:ro] [215/417] Building C object zephyr/arch/arch/arm/core/cortex_m/CMakeFiles/arch__arm__core__cortex_m.dir/exc_exit.c.obj
[trulo:ro] [216/417] Building C object zephyr/arch/arch/arm/core/CMakeFiles/arch__arm__core.dir/tls.c.obj
[trulo:rw] [247/417] Linking CXX static library zephyr/lib/libc/common/liblib__libc__common.a
[trulo:ro] [217/417] Linking CXX static library zephyr/arch/arch/arm/core/libarch__arm__core.a
[trulo:rw] [248/417] Building C object zephyr/subsys/crc/CMakeFiles/subsys__crc.dir/crc4_sw.c.obj
[vader:ro] [327/369] Building C object CMakeFiles/app.dir/mnt/host/source/src/platform/ec/build/zephyr/vader/modules/ec/zephyr/program/skywalker/src/i2c.c.obj
[trulo:rw] [249/417] Building C object zephyr/subsys/crc/CMakeFiles/subsys__crc.dir/crc8_sw.c.obj
[trulo:rw] [250/417] Building C object zephyr/subsys/crc/CMakeFiles/subsys__crc.dir/crc16_sw.c.obj
[trulo:rw] [251/417] Building C object zephyr/subsys/crc/CMakeFiles/subsys__crc.dir/crc7_sw.c.obj
[trulo:ro] [218/417] Building C object zephyr/arch/arch/arm/core/cortex_m/CMakeFiles/arch__arm__core__cortex_m.dir/fpu.c.obj
[trulo:ro] [219/417] Building ASM object zephyr/arch/arch/arm/core/cortex_m/CMakeFiles/arch__arm__core__cortex_m.dir/vector_table.S.obj
[trulo:rw] [252/417] Building C object zephyr/subsys/crc/CMakeFiles/subsys__crc.dir/crc24_sw.c.obj
[vader:ro] [328/369] Building C object CMakeFiles/app.dir/mnt/host/source/src/platform/ec/build/zephyr/vader/modules/ec/zephyr/program/skywalker/src/hibernate.c.obj
[trulo:rw] [253/417] Building C object zephyr/subsys/crc/CMakeFiles/subsys__crc.dir/crc32c_sw.c.obj
[trulo:ro] [220/417] Building ASM object zephyr/arch/arch/arm/core/cortex_m/CMakeFiles/arch__arm__core__cortex_m.dir/reset.S.obj
[trulo:rw] [254/417] Building C object zephyr/subsys/crc/CMakeFiles/subsys__crc.dir/crc32_sw.c.obj
[trulo:ro] [221/417] Building C object zephyr/arch/arch/arm/core/cortex_m/CMakeFiles/arch__arm__core__cortex_m.dir/scb.c.obj
[trulo:rw] [255/417] Building C object zephyr/lib/posix/c_lib_ext/CMakeFiles/lib__posix__c_lib_ext.dir/getentropy.c.obj
[trulo:rw] [256/417] Building C object zephyr/subsys/crc/CMakeFiles/subsys__crc.dir/crc32k_4_2_sw.c.obj
[trulo:rw] [257/417] Building C object zephyr/lib/smf/CMakeFiles/lib__smf.dir/smf.c.obj
[trulo:rw] [258/417] Building C object zephyr/lib/posix/c_lib_ext/CMakeFiles/lib__posix__c_lib_ext.dir/getopt_shim.c.obj
[trulo:ro] [222/417] Building C object zephyr/arch/arch/arm/core/cortex_m/CMakeFiles/arch__arm__core__cortex_m.dir/thread_abort.c.obj
[vader:ro] [329/369] Building C object CMakeFiles/app.dir/mnt/host/source/src/platform/ec/build/zephyr/vader/modules/ec/zephyr/program/skywalker/src/backlight.c.obj
[trulo:rw] [259/417] Linking CXX static library zephyr/subsys/crc/libsubsys__crc.a
[trulo:rw] [260/417] Linking CXX static library zephyr/lib/smf/liblib__smf.a
[trulo:rw] [261/417] Linking CXX static library zephyr/lib/posix/c_lib_ext/liblib__posix__c_lib_ext.a
[trulo:ro] [223/417] Building C object zephyr/arch/arch/arm/core/cortex_m/CMakeFiles/arch__arm__core__cortex_m.dir/fault.c.obj
[vader:ro] [330/369] Building C object CMakeFiles/app.dir/mnt/host/source/src/platform/ec/build/zephyr/vader/modules/ec/zephyr/program/skywalker/src/hooks.c.obj
[trulo:rw] [262/417] Building C object zephyr/subsys/input/CMakeFiles/subsys__input.dir/input_hid.c.obj
[trulo:ro] [224/417] Building ASM object zephyr/arch/arch/arm/core/cortex_m/CMakeFiles/arch__arm__core__cortex_m.dir/swap_helper.S.obj
[trulo:ro] [225/417] Building C object zephyr/arch/arch/arm/core/cortex_m/CMakeFiles/arch__arm__core__cortex_m.dir/irq_manage.c.obj
[vader:ro] [331/369] Building C object CMakeFiles/app.dir/mnt/host/source/src/platform/ec/build/zephyr/vader/modules/ec/zephyr/program/skywalker/src/dp_alt_mode.c.obj
[trulo:rw] [263/417] Building C object zephyr/subsys/input/CMakeFiles/subsys__input.dir/input.c.obj
[trulo:ro] [226/417] Building C object zephyr/arch/arch/arm/core/cortex_m/CMakeFiles/arch__arm__core__cortex_m.dir/prep_c.c.obj
[trulo:ro] [227/417] Building C object zephyr/arch/arch/arm/core/cortex_m/CMakeFiles/arch__arm__core__cortex_m.dir/thread.c.obj
[vader:ro] [332/369] Building C object CMakeFiles/app.dir/mnt/host/source/src/platform/ec/build/zephyr/vader/modules/ec/zephyr/program/skywalker/src/pmic_resetb_irq.c.obj
[trulo:ro] [228/417] Building ASM object zephyr/arch/arch/arm/core/cortex_m/CMakeFiles/arch__arm__core__cortex_m.dir/__aeabi_read_tp.S.obj
[trulo:ro] [229/417] Building C object zephyr/arch/arch/arm/core/cortex_m/CMakeFiles/arch__arm__core__cortex_m.dir/cpu_idle.c.obj
[vader:ro] [333/369] Linking C static library modules/ec/zephyr/libec_shim.a
[trulo:ro] [230/417] Building C object zephyr/arch/arch/arm/core/cortex_m/CMakeFiles/arch__arm__core__cortex_m.dir/irq_init.c.obj
[trulo:ro] [231/417] Building C object zephyr/arch/arch/arm/core/cortex_m/CMakeFiles/arch__arm__core__cortex_m.dir/isr_wrapper.c.obj
[vader:ro] [334/369] Building C object CMakeFiles/app.dir/vader/src/usbc_runtime.c.obj
[trulo:rw] [264/417] Building C object zephyr/drivers/interrupt_controller/CMakeFiles/drivers__interrupt_controller.dir/intc_miwu.c.obj
[trulo:rw] [265/417] Building C object zephyr/drivers/adc/CMakeFiles/drivers__adc.dir/adc_common.c.obj
[trulo:rw] [266/417] Linking CXX static library zephyr/drivers/interrupt_controller/libdrivers__interrupt_controller.a
[vader:ro] [335/369] Building C object CMakeFiles/app.dir/vader/src/sensor.c.obj
[trulo:ro] [232/417] Linking CXX static library zephyr/arch/arch/arm/core/cortex_m/libarch__arm__core__cortex_m.a
[trulo:ro] [233/417] Building C object zephyr/arch/arch/arm/core/mpu/CMakeFiles/arch__arm__core__mpu.dir/arm_mpu_regions.c.obj
[trulo:ro] [234/417] Building C object zephyr/arch/arch/arm/core/mpu/CMakeFiles/arch__arm__core__mpu.dir/arm_core_mpu.c.obj
[vader:ro] [336/369] Building C object CMakeFiles/app.dir/vader/src/touch_pad.c.obj
[trulo:rw] [267/417] Building C object zephyr/subsys/input/CMakeFiles/subsys__input.dir/input_utils.c.obj
[vader:ro] [337/369] Building C object zephyr/kernel/CMakeFiles/kernel.dir/banner.c.obj
[trulo:rw] [268/417] Linking CXX static library zephyr/subsys/input/libsubsys__input.a
[trulo:rw] [269/417] Building C object zephyr/drivers/bbram/CMakeFiles/drivers__bbram.dir/bbram_npcx.c.obj
[trulo:ro] [235/417] Building C object zephyr/lib/libc/picolibc/CMakeFiles/lib__libc__picolibc.dir/assert.c.obj
[vader:ro] [338/369] Linking C static library app/libapp.a
[trulo:rw] [270/417] Building C object zephyr/drivers/adc/CMakeFiles/drivers__adc.dir/adc_npcx.c.obj
[trulo:ro] [236/417] Building C object zephyr/arch/arch/arm/core/mpu/CMakeFiles/arch__arm__core__mpu.dir/arm_mpu.c.obj
[trulo:rw] [271/417] Linking CXX static library zephyr/drivers/bbram/libdrivers__bbram.a
[trulo:ro] [237/417] Linking CXX static library zephyr/arch/arch/arm/core/mpu/libarch__arm__core__mpu.a
[trulo:ro] [238/417] Building C object zephyr/lib/libc/picolibc/CMakeFiles/lib__libc__picolibc.dir/cbprintf.c.obj
[trulo:rw] [272/417] Linking CXX static library zephyr/drivers/adc/libdrivers__adc.a
[vader:ro] [339/369] Building C object zephyr/kernel/CMakeFiles/kernel.dir/busy_wait.c.obj
[vader:ro] [340/369] Building C object zephyr/kernel/CMakeFiles/kernel.dir/device.c.obj
[trulo:rw] [273/417] Building C object zephyr/drivers/clock_control/CMakeFiles/drivers__clock_control.dir/clock_control_npcx.c.obj
[trulo:rw] [274/417] Building C object zephyr/drivers/console/CMakeFiles/drivers__console.dir/uart_console.c.obj
[trulo:ro] [239/417] Building C object zephyr/lib/libc/picolibc/CMakeFiles/lib__libc__picolibc.dir/chk_fail.c.obj
[trulo:rw] [275/417] Linking CXX static library zephyr/drivers/console/libdrivers__console.a
[trulo:rw] [276/417] Linking CXX static library zephyr/drivers/clock_control/libdrivers__clock_control.a
[trulo:ro] [240/417] Building C object zephyr/lib/libc/picolibc/CMakeFiles/lib__libc__picolibc.dir/errno_wrap.c.obj
[trulo:ro] [241/417] Building C object zephyr/lib/libc/picolibc/CMakeFiles/lib__libc__picolibc.dir/exit.c.obj
[vader:ro] [341/369] Building C object zephyr/kernel/CMakeFiles/kernel.dir/errno.c.obj
[trulo:ro] [242/417] Building C object zephyr/lib/libc/common/CMakeFiles/lib__libc__common.dir/source/time/time.c.obj
[trulo:ro] [243/417] Building C object zephyr/lib/posix/c_lib_ext/CMakeFiles/lib__posix__c_lib_ext.dir/fnmatch.c.obj
[trulo:ro] [244/417] Building C object zephyr/lib/libc/picolibc/CMakeFiles/lib__libc__picolibc.dir/locks.c.obj
[vader:ro] [342/369] Building C object zephyr/kernel/CMakeFiles/kernel.dir/fatal.c.obj
[trulo:ro] [245/417] Building C object zephyr/lib/libc/common/CMakeFiles/lib__libc__common.dir/source/stdlib/abort.c.obj
[trulo:ro] [246/417] Building C object zephyr/subsys/crc/CMakeFiles/subsys__crc.dir/crc4_sw.c.obj
[trulo:ro] [247/417] Linking CXX static library zephyr/lib/libc/common/liblib__libc__common.a
[vader:ro] [343/369] Building C object zephyr/kernel/CMakeFiles/kernel.dir/init.c.obj
[trulo:ro] [248/417] Building C object zephyr/lib/libc/picolibc/CMakeFiles/lib__libc__picolibc.dir/stdio.c.obj
[vader:ro] [344/369] Building C object zephyr/kernel/CMakeFiles/kernel.dir/kheap.c.obj
[trulo:rw] [277/417] Building C object zephyr/drivers/crypto/CMakeFiles/drivers__crypto.dir/crypto_npcx_sha.c.obj
[trulo:ro] [249/417] Building C object zephyr/subsys/crc/CMakeFiles/subsys__crc.dir/crc8_sw.c.obj
[trulo:ro] [250/417] Building C object zephyr/subsys/crc/CMakeFiles/subsys__crc.dir/crc16_sw.c.obj
[vader:ro] [345/369] Building C object zephyr/kernel/CMakeFiles/kernel.dir/version.c.obj
[trulo:rw] [278/417] Linking CXX static library zephyr/drivers/crypto/libdrivers__crypto.a
[trulo:ro] [251/417] Linking CXX static library zephyr/lib/libc/picolibc/liblib__libc__picolibc.a
[trulo:rw] [279/417] Building C object zephyr/drivers/eeprom/CMakeFiles/drivers__eeprom.dir/eeprom_at2x.c.obj
[trulo:ro] [252/417] Building C object zephyr/subsys/crc/CMakeFiles/subsys__crc.dir/crc7_sw.c.obj
[trulo:ro] [253/417] Building C object zephyr/subsys/crc/CMakeFiles/subsys__crc.dir/crc24_sw.c.obj
[trulo:ro] [254/417] Building C object zephyr/lib/posix/c_lib_ext/CMakeFiles/lib__posix__c_lib_ext.dir/getentropy.c.obj
[trulo:ro] [255/417] Building C object zephyr/lib/posix/c_lib_ext/CMakeFiles/lib__posix__c_lib_ext.dir/getopt_shim.c.obj
[trulo:ro] [256/417] Building C object zephyr/subsys/crc/CMakeFiles/subsys__crc.dir/crc32c_sw.c.obj
[trulo:rw] [280/417] Building C object zephyr/drivers/eeprom/CMakeFiles/drivers__eeprom.dir/eeprom_shell.c.obj
[trulo:ro] [257/417] Building C object zephyr/subsys/crc/CMakeFiles/subsys__crc.dir/crc32_sw.c.obj
[trulo:ro] [258/417] Building C object zephyr/subsys/crc/CMakeFiles/subsys__crc.dir/crc32k_4_2_sw.c.obj
[trulo:ro] [259/417] Linking CXX static library zephyr/lib/posix/c_lib_ext/liblib__posix__c_lib_ext.a
[trulo:rw] [281/417] Building C object zephyr/drivers/espi/CMakeFiles/drivers__espi.dir/host_subs_npcx.c.obj
[trulo:rw] [282/417] Linking CXX static library zephyr/drivers/eeprom/libdrivers__eeprom.a
[vader:ro] [346/369] Building C object zephyr/kernel/CMakeFiles/kernel.dir/mem_slab.c.obj
[vader:ro] [347/369] Building C object zephyr/kernel/CMakeFiles/kernel.dir/float.c.obj
[trulo:ro] [260/417] Linking CXX static library zephyr/subsys/crc/libsubsys__crc.a
[trulo:ro] [261/417] Building C object zephyr/subsys/input/CMakeFiles/subsys__input.dir/input_hid.c.obj
[trulo:ro] [262/417] Building C object zephyr/lib/smf/CMakeFiles/lib__smf.dir/smf.c.obj
[trulo:ro] [263/417] Linking CXX static library zephyr/lib/smf/liblib__smf.a
[vader:ro] [348/369] Building C object zephyr/kernel/CMakeFiles/kernel.dir/idle.c.obj
[trulo:rw] [283/417] Building C object zephyr/drivers/flash/CMakeFiles/drivers__flash.dir/jesd216.c.obj
[vader:ro] [349/369] Building C object zephyr/kernel/CMakeFiles/kernel.dir/mailbox.c.obj
[trulo:rw] [284/417] Building C object zephyr/drivers/espi/CMakeFiles/drivers__espi.dir/espi_npcx.c.obj
[trulo:rw] [285/417] Linking CXX static library zephyr/drivers/espi/libdrivers__espi.a
[trulo:ro] [264/417] Building C object zephyr/subsys/input/CMakeFiles/subsys__input.dir/input.c.obj
[trulo:rw] [286/417] Building C object zephyr/drivers/flash/CMakeFiles/drivers__flash.dir/flash_npcx_fiu_nor.c.obj
[vader:ro] [350/369] Building C object zephyr/kernel/CMakeFiles/kernel.dir/msg_q.c.obj
[trulo:ro] [265/417] Building C object zephyr/drivers/adc/CMakeFiles/drivers__adc.dir/adc_common.c.obj
[trulo:ro] [266/417] Building C object zephyr/drivers/interrupt_controller/CMakeFiles/drivers__interrupt_controller.dir/intc_miwu.c.obj
[vader:ro] [351/369] Building C object zephyr/kernel/CMakeFiles/kernel.dir/mutex.c.obj
[trulo:rw] [287/417] Building C object zephyr/drivers/flash/CMakeFiles/drivers__flash.dir/flash_npcx_fiu_qspi.c.obj
[trulo:ro] [267/417] Linking CXX static library zephyr/drivers/interrupt_controller/libdrivers__interrupt_controller.a
[trulo:rw] [288/417] Linking CXX static library zephyr/drivers/flash/libdrivers__flash.a
[trulo:ro] [268/417] Building C object zephyr/drivers/bbram/CMakeFiles/drivers__bbram.dir/bbram_npcx.c.obj
[trulo:rw] [289/417] Building C object zephyr/drivers/gpio/CMakeFiles/drivers__gpio.dir/gpio_npcx.c.obj
[trulo:ro] [269/417] Building C object zephyr/subsys/input/CMakeFiles/subsys__input.dir/input_utils.c.obj
[trulo:ro] [270/417] Linking CXX static library zephyr/drivers/bbram/libdrivers__bbram.a
[trulo:rw] [290/417] Linking CXX static library zephyr/drivers/gpio/libdrivers__gpio.a
[vader:ro] [352/369] Building C object zephyr/kernel/CMakeFiles/kernel.dir/queue.c.obj
[trulo:ro] [271/417] Linking CXX static library zephyr/subsys/input/libsubsys__input.a
[vader:ro] [353/369] Building C object zephyr/kernel/CMakeFiles/kernel.dir/sem.c.obj
[trulo:rw] [291/417] Building C object zephyr/drivers/i2c/CMakeFiles/drivers__i2c.dir/i2c_common.c.obj
[trulo:ro] [272/417] Building C object zephyr/drivers/clock_control/CMakeFiles/drivers__clock_control.dir/clock_control_npcx.c.obj
[vader:ro] [354/369] Building C object zephyr/kernel/CMakeFiles/kernel.dir/stack.c.obj
[trulo:ro] [273/417] Linking CXX static library zephyr/drivers/clock_control/libdrivers__clock_control.a
[trulo:ro] [274/417] Building C object zephyr/drivers/adc/CMakeFiles/drivers__adc.dir/adc_npcx.c.obj
[trulo:ro] [275/417] Building C object zephyr/drivers/console/CMakeFiles/drivers__console.dir/uart_console.c.obj
[vader:ro] [355/369] Building C object zephyr/kernel/CMakeFiles/kernel.dir/system_work_q.c.obj
[trulo:ro] [276/417] Linking CXX static library zephyr/drivers/adc/libdrivers__adc.a
[trulo:ro] [277/417] Linking CXX static library zephyr/drivers/console/libdrivers__console.a
[trulo:rw] [292/417] Building C object zephyr/drivers/i2c/CMakeFiles/drivers__i2c.dir/i2c_npcx_controller_fifo.c.obj
[trulo:rw] [293/417] Building C object zephyr/drivers/i2c/CMakeFiles/drivers__i2c.dir/i2c_shell.c.obj
[vader:ro] [356/369] Building C object zephyr/kernel/CMakeFiles/kernel.dir/condvar.c.obj
[trulo:ro] [278/417] Building C object zephyr/drivers/crypto/CMakeFiles/drivers__crypto.dir/crypto_npcx_sha.c.obj
[trulo:ro] [279/417] Linking CXX static library zephyr/drivers/crypto/libdrivers__crypto.a
[vader:ro] [357/369] Building C object zephyr/kernel/CMakeFiles/kernel.dir/work.c.obj
[trulo:rw] [294/417] Building C object zephyr/drivers/i2c/CMakeFiles/drivers__i2c.dir/i2c_npcx_port.c.obj
[trulo:rw] [295/417] Building C object zephyr/drivers/i2c/CMakeFiles/drivers__i2c.dir/i2c_npcx_controller.c.obj
[trulo:ro] [280/417] Building C object zephyr/drivers/eeprom/CMakeFiles/drivers__eeprom.dir/eeprom_at2x.c.obj
[trulo:rw] [296/417] Building C object zephyr/drivers/input/CMakeFiles/drivers__input.dir/input_kbd_matrix.c.obj
[trulo:ro] [281/417] Building C object zephyr/drivers/eeprom/CMakeFiles/drivers__eeprom.dir/eeprom_shell.c.obj
[vader:ro] [358/369] Building C object zephyr/kernel/CMakeFiles/kernel.dir/thread.c.obj
[trulo:rw] [297/417] Linking CXX static library zephyr/drivers/i2c/libdrivers__i2c.a
[trulo:rw] [298/417] Building C object zephyr/drivers/pinctrl/CMakeFiles/drivers__pinctrl.dir/common.c.obj
[trulo:ro] [282/417] Linking CXX static library zephyr/drivers/eeprom/libdrivers__eeprom.a
[vader:ro] [359/369] Building C object zephyr/kernel/CMakeFiles/kernel.dir/sched.c.obj
[trulo:ro] [283/417] Building C object zephyr/drivers/flash/CMakeFiles/drivers__flash.dir/jesd216.c.obj
[trulo:rw] [299/417] Linking CXX static library zephyr/drivers/sensor/libdrivers__sensor.a
[vader:ro] [360/369] Building C object zephyr/kernel/CMakeFiles/kernel.dir/pipe.c.obj
[trulo:ro] [284/417] Building C object zephyr/drivers/espi/CMakeFiles/drivers__espi.dir/host_subs_npcx.c.obj
[trulo:rw] [300/417] Building C object zephyr/drivers/pinctrl/CMakeFiles/drivers__pinctrl.dir/pinctrl_npcx.c.obj
[vader:ro] [361/369] Building C object zephyr/kernel/CMakeFiles/kernel.dir/spinlock_validate.c.obj
[trulo:rw] [301/417] Linking CXX static library zephyr/drivers/pinctrl/libdrivers__pinctrl.a
[trulo:rw] [302/417] Building C object zephyr/drivers/input/CMakeFiles/drivers__input.dir/input_npcx_kbd.c.obj
[trulo:rw] [303/417] Linking CXX static library zephyr/drivers/input/libdrivers__input.a
[trulo:ro] [285/417] Building C object zephyr/drivers/flash/CMakeFiles/drivers__flash.dir/flash_npcx_fiu_nor.c.obj
[trulo:ro] [286/417] Building C object zephyr/drivers/espi/CMakeFiles/drivers__espi.dir/espi_npcx.c.obj
[vader:ro] [362/369] Building C object zephyr/kernel/CMakeFiles/kernel.dir/thread_monitor.c.obj
[trulo:ro] [287/417] Building C object zephyr/drivers/flash/CMakeFiles/drivers__flash.dir/flash_npcx_fiu_qspi.c.obj
[trulo:rw] [304/417] Building C object zephyr/drivers/pwm/CMakeFiles/drivers__pwm.dir/pwm_npcx.c.obj
[trulo:ro] [288/417] Linking CXX static library zephyr/drivers/espi/libdrivers__espi.a
[trulo:rw] [305/417] Building C object zephyr/drivers/pwm/CMakeFiles/drivers__pwm.dir/pwm_shell.c.obj
[trulo:ro] [289/417] Linking CXX static library zephyr/drivers/flash/libdrivers__flash.a
[vader:ro] [363/369] Building C object zephyr/kernel/CMakeFiles/kernel.dir/timeout.c.obj
[trulo:rw] [306/417] Linking CXX static library zephyr/drivers/pwm/libdrivers__pwm.a
[vader:ro] [364/369] Building C object zephyr/kernel/CMakeFiles/kernel.dir/timer.c.obj
[trulo:ro] [290/417] Building C object zephyr/drivers/i2c/CMakeFiles/drivers__i2c.dir/i2c_common.c.obj
[trulo:rw] [307/417] Building C object zephyr/drivers/sensor/nuvoton/nuvoton_adc_cmp_npcx/CMakeFiles/drivers__sensor__nuvoton__nuvoton_adc_cmp_npcx.dir/adc_cmp_npcx.c.obj
[trulo:rw] [308/417] Linking CXX static library zephyr/drivers/sensor/nuvoton/nuvoton_adc_cmp_npcx/libdrivers__sensor__nuvoton__nuvoton_adc_cmp_npcx.a
[trulo:ro] [291/417] Building C object zephyr/drivers/gpio/CMakeFiles/drivers__gpio.dir/gpio_npcx.c.obj
[vader:ro] [365/369] Building C object zephyr/kernel/CMakeFiles/kernel.dir/poll.c.obj
[trulo:ro] [292/417] Linking CXX static library zephyr/drivers/gpio/libdrivers__gpio.a
[trulo:rw] [309/417] Building C object zephyr/drivers/sensor/nuvoton/nuvoton_tach_npcx/CMakeFiles/drivers__sensor__nuvoton__nuvoton_tach_npcx.dir/tach_nuvoton_npcx.c.obj
[glassway:rw] Building: /usr/bin/ninja -C /mnt/host/source/src/platform/ec/build/zephyr/glassway/build-rw all.libraries
Running `env -i SHELL=/bin/bash COLORTERM=truecolor DEPOT_TOOLS_UPDATE=0 LESS='-R -M --shift 5' SUDO_GID=0 JDK_HOME=/etc/java-config-2/current-system-vm CONFIG_PROTECT_MASK='/etc/gentoo-release /etc/sandbox.d /etc/fonts/fonts.conf /etc/terminfo /etc/ca-certificates.conf /etc/revdep-rebuild' CHROMEOS_CACHEDIR=/var/cache/chromeos-cache JAVA_HOME=/etc/java-config-2/current-system-vm SSH_AUTH_SOCK=/tmp/ssh-auth-sock SUDO_COMMAND=/bin/bash SUDO_USER=root SUDO_TTY=/dev/pts/2 EDITOR=/usr/bin/vi PWD=/mnt/host/source/src/platform/ec CONFIG_PROTECT=/usr/share/gnupg/qualified.txt LOGNAME=jpmurphy MANPATH=/etc/java-config-2/current-system-vm/man:/usr/local/share/man:/usr/share/man:/usr/share/gcc-data/x86_64-pc-linux-gnu/10.2.0/man:/usr/share/binutils-data/x86_64-pc-linux-gnu/2.45/man:/etc/java-config-2/current-system-vm/man/ SUDO_HOME=/root XAUTHORITY=/run/user/944457/gdm/Xauthority HOME=/home/jpmurphy LANG=C.UTF-8 LS_COLORS='rs=0:di=01;34:ln=01;36:mh=00:pi=40;33:so=01;35:do=01;35:bd=40;33;01:cd=40;33;01:or=01;05;37;41:mi=01;05;37;41:su=37;41:sg=30;43:ca=30;41:tw=30;42:ow=34;42:st=37;44:ex=01;32:*.tar=01;31:*.tgz=01;31:*.arc=01;31:*.arj=01;31:*.taz=01;31:*.lha=01;31:*.lz4=01;31:*.lzh=01;31:*.lzma=01;31:*.tlz=01;31:*.txz=01;31:*.tzo=01;31:*.t7z=01;31:*.zip=01;31:*.z=01;31:*.dz=01;31:*.gz=01;31:*.lrz=01;31:*.lz=01;31:*.lzo=01;31:*.xz=01;31:*.zst=01;31:*.tzst=01;31:*.bz2=01;31:*.bz=01;31:*.tbz=01;31:*.tbz2=01;31:*.tz=01;31:*.deb=01;31:*.rpm=01;31:*.jar=01;31:*.war=01;31:*.ear=01;31:*.sar=01;31:*.rar=01;31:*.alz=01;31:*.ace=01;31:*.zoo=01;31:*.cpio=01;31:*.7z=01;31:*.rz=01;31:*.cab=01;31:*.wim=01;31:*.swm=01;31:*.dwm=01;31:*.esd=01;31:*.jpg=01;35:*.jpeg=01;35:*.mjpg=01;35:*.mjpeg=01;35:*.gif=01;35:*.bmp=01;35:*.pbm=01;35:*.pgm=01;35:*.ppm=01;35:*.tga=01;35:*.xbm=01;35:*.xpm=01;35:*.tif=01;35:*.tiff=01;35:*.png=01;35:*.svg=01;35:*.svgz=01;35:*.mng=01;35:*.pcx=01;35:*.mov=01;35:*.mpg=01;35:*.mpeg=01;35:*.m2v=01;35:*.mkv=01;35:*.webm=01;35:*.webp=01;35:*.ogm=01;35:*.mp4=01;35:*.m4v=01;35:*.mp4v=01;35:*.vob=01;35:*.qt=01;35:*.nuv=01;35:*.wmv=01;35:*.asf=01;35:*.rm=01;35:*.rmvb=01;35:*.flc=01;35:*.avi=01;35:*.fli=01;35:*.flv=01;35:*.gl=01;35:*.dl=01;35:*.xcf=01;35:*.xwd=01;35:*.yuv=01;35:*.cgm=01;35:*.emf=01;35:*.ogv=01;35:*.ogx=01;35:*.cfg=00;32:*.conf=00;32:*.diff=00;32:*.doc=00;32:*.ini=00;32:*.log=00;32:*.patch=00;32:*.pdf=00;32:*.ps=00;32:*.tex=00;32:*.txt=00;32:*.aac=00;36:*.au=00;36:*.flac=00;36:*.m4a=00;36:*.mid=00;36:*.midi=00;36:*.mka=00;36:*.mp3=00;36:*.mpc=00;36:*.ogg=00;36:*.ra=00;36:*.wav=00;36:*.oga=00;36:*.opus=00;36:*.spx=00;36:*.xspf=00;36:' XDG_CURRENT_DESKTOP=GNOME INFOPATH=/usr/share/info:/usr/share/gcc-data/x86_64-pc-linux-gnu/10.2.0/info:/usr/share/binutils-data/x86_64-pc-linux-gnu/2.45/info:/usr/share/automake-1.16.5/info JAVAC=/etc/java-config-2/current-system-vm/bin/javac TERM=xterm-256color LESSOPEN='|lesspipe %s' USER=jpmurphy CROS_WORKON_SRCROOT=/mnt/host/source MANPAGER=manpager DISPLAY=:1 SHLVL=1 LC_MESSAGES=C EXTERNAL_TRUNK_PATH=/mnt/8f9d649a-3721-44cc-93c0-e6bd21a9689f/chromiumos GCC_SPECS='' PATH=/mnt/host/source/chromite/bin:/usr/local/bin:/usr/bin:/bin:/opt/bin:/mnt/host/source/chromite/sdk/bin:/mnt/host/source/chromite/bin PORTAGE_USERNAME=jpmurphy SUDO_UID=0 GCC_VER=10.2.0 MAIL=/var/mail/jpmurphy OLDPWD=/mnt/host/source/src/scripts traceparent=00-e87aca51550a78635907baa6a2476181-6d684811675d2973-01 _=./zephyr/firmware_builder.py COREBOOT_SDK_ROOT_x86=/home/jpmurphy/.cache/coreboot-sdk/i386-elf/dfbb0486385d938cfa9d73080b9d18d598ed4f49 COREBOOT_SDK_ROOT_picolibc_x86=/home/jpmurphy/.cache/coreboot-sdk/picolibc-i386-elf/eb8e8e687b95461de8cbf278f1c2076952d0ad17 COREBOOT_SDK_ROOT_riscv64=/home/jpmurphy/.cache/coreboot-sdk/riscv64-elf/96b949749225b6aaa92ed810ab769e8dfb12f000 COREBOOT_SDK_ROOT_picolibc_arm=/home/jpmurphy/.cache/coreboot-sdk/picolibc-arm-eabi/422a2aa3e1ef891b5bece9a3deb696ff83840d2e COREBOOT_SDK_ROOT_nds32=/home/jpmurphy/.cache/coreboot-sdk/nds32le-elf/d1a518c4a097666d86058e1444f85ca015d15511 COREBOOT_SDK_ROOT_picolibc_riscv64=/home/jpmurphy/.cache/coreboot-sdk/picolibc-riscv64-elf/f571e990ef0278564b31124f8bb109d9a697eb69 COREBOOT_SDK_ROOT_arm=/home/jpmurphy/.cache/coreboot-sdk/arm-eabi/ea40ddd1d190c3b48435c474c0b545719371813a COREBOOT_SDK_ROOT_libstdcxx_riscv64=/home/jpmurphy/.cache/coreboot-sdk/libstdcxx-riscv64-elf/17abf22a3a252e2d5d2062ced5324f7a623689e0 COREBOOT_SDK_ROOT_libstdcxx_arm=/home/jpmurphy/.cache/coreboot-sdk/libstdcxx-arm-eabi/5d7d82e150e44aa1968f1d366e267e6687b328ac COREBOOT_SDK_ROOT_riscv=/home/jpmurphy/.cache/coreboot-sdk/riscv-elf/9a27b9e82341c6e9126624f516ab3f261abb3e73 COREBOOT_SDK_ROOT_libstdcxx_x86=/home/jpmurphy/.cache/coreboot-sdk/libstdcxx-i386-elf/42ef9d2e87a76a37963175d7d428734e65648b87 PYTHONPATH=/mnt/host/source/src/platform/ec/zephyr/zmake PW_PIGWEED_CIPD_INSTALL_DIR=/usr CROSTC_USER_ACKNOWLEDGES_THAT_RISCV_IS_EXPERIMENTAL=1 MAKEFLAGS=' -j16 --jobserver-auth=5,6' /usr/bin/ninja -C /mnt/host/source/src/platform/ec/build/zephyr/glassway/build-rw all.libraries`
[vader:ro] [366/369] Building C object zephyr/kernel/CMakeFiles/kernel.dir/events.c.obj
[glassway:rw] ninja: Entering directory `/mnt/host/source/src/platform/ec/build/zephyr/glassway/build-rw'
[trulo:rw] [310/417] Linking CXX static library zephyr/drivers/sensor/nuvoton/nuvoton_tach_npcx/libdrivers__sensor__nuvoton__nuvoton_tach_npcx.a
[trulo:rw] [311/417] Building C object zephyr/drivers/serial/CMakeFiles/drivers__serial.dir/uart_npcx.c.obj
[trulo:rw] [312/417] Building C object zephyr/drivers/syscon/CMakeFiles/drivers__syscon.dir/syscon.c.obj
[trulo:rw] [313/417] Linking CXX static library zephyr/drivers/serial/libdrivers__serial.a
[trulo:ro] [293/417] Building C object zephyr/drivers/i2c/CMakeFiles/drivers__i2c.dir/i2c_npcx_controller_fifo.c.obj
[vader:ro] [367/369] Building C object zephyr/kernel/CMakeFiles/kernel.dir/mempool.c.obj
[trulo:rw] [314/417] Linking CXX static library zephyr/drivers/syscon/libdrivers__syscon.a
[trulo:ro] [294/417] Building C object zephyr/drivers/i2c/CMakeFiles/drivers__i2c.dir/i2c_shell.c.obj
Running (initial) lcov on /mnt/host/source/src/platform/ec/build/zephyr/uldrenite.
[vader:ro] [368/369] Building C object zephyr/kernel/CMakeFiles/kernel.dir/dynamic_disabled.c.obj
[/mnt/host/source/src/platform/ec/build/zephyr/guren-lcov]   /mnt/host/source/src/platform/ec/build/zephyr/guren/build-rw/zephyr/CMakeFiles/zephyr.dir/soc/nuvoton/npcx/common/npcxn/registers.c.gcno:no functions found
[/mnt/host/source/src/platform/ec/build/zephyr/guren-lcov] stderr:
[trulo:rw] [315/417] Building C object zephyr/drivers/timer/CMakeFiles/drivers__timer.dir/sys_clock_init.c.obj
[vader:ro] [369/369] Linking C static library zephyr/kernel/libkernel.a
[glassway:ro] Building: /usr/bin/ninja -C /mnt/host/source/src/platform/ec/build/zephyr/glassway/build-ro all.libraries
Running `env -i SHELL=/bin/bash COLORTERM=truecolor DEPOT_TOOLS_UPDATE=0 LESS='-R -M --shift 5' SUDO_GID=0 JDK_HOME=/etc/java-config-2/current-system-vm CONFIG_PROTECT_MASK='/etc/gentoo-release /etc/sandbox.d /etc/fonts/fonts.conf /etc/terminfo /etc/ca-certificates.conf /etc/revdep-rebuild' CHROMEOS_CACHEDIR=/var/cache/chromeos-cache JAVA_HOME=/etc/java-config-2/current-system-vm SSH_AUTH_SOCK=/tmp/ssh-auth-sock SUDO_COMMAND=/bin/bash SUDO_USER=root SUDO_TTY=/dev/pts/2 EDITOR=/usr/bin/vi PWD=/mnt/host/source/src/platform/ec CONFIG_PROTECT=/usr/share/gnupg/qualified.txt LOGNAME=jpmurphy MANPATH=/etc/java-config-2/current-system-vm/man:/usr/local/share/man:/usr/share/man:/usr/share/gcc-data/x86_64-pc-linux-gnu/10.2.0/man:/usr/share/binutils-data/x86_64-pc-linux-gnu/2.45/man:/etc/java-config-2/current-system-vm/man/ SUDO_HOME=/root XAUTHORITY=/run/user/944457/gdm/Xauthority HOME=/home/jpmurphy LANG=C.UTF-8 LS_COLORS='rs=0:di=01;34:ln=01;36:mh=00:pi=40;33:so=01;35:do=01;35:bd=40;33;01:cd=40;33;01:or=01;05;37;41:mi=01;05;37;41:su=37;41:sg=30;43:ca=30;41:tw=30;42:ow=34;42:st=37;44:ex=01;32:*.tar=01;31:*.tgz=01;31:*.arc=01;31:*.arj=01;31:*.taz=01;31:*.lha=01;31:*.lz4=01;31:*.lzh=01;31:*.lzma=01;31:*.tlz=01;31:*.txz=01;31:*.tzo=01;31:*.t7z=01;31:*.zip=01;31:*.z=01;31:*.dz=01;31:*.gz=01;31:*.lrz=01;31:*.lz=01;31:*.lzo=01;31:*.xz=01;31:*.zst=01;31:*.tzst=01;31:*.bz2=01;31:*.bz=01;31:*.tbz=01;31:*.tbz2=01;31:*.tz=01;31:*.deb=01;31:*.rpm=01;31:*.jar=01;31:*.war=01;31:*.ear=01;31:*.sar=01;31:*.rar=01;31:*.alz=01;31:*.ace=01;31:*.zoo=01;31:*.cpio=01;31:*.7z=01;31:*.rz=01;31:*.cab=01;31:*.wim=01;31:*.swm=01;31:*.dwm=01;31:*.esd=01;31:*.jpg=01;35:*.jpeg=01;35:*.mjpg=01;35:*.mjpeg=01;35:*.gif=01;35:*.bmp=01;35:*.pbm=01;35:*.pgm=01;35:*.ppm=01;35:*.tga=01;35:*.xbm=01;35:*.xpm=01;35:*.tif=01;35:*.tiff=01;35:*.png=01;35:*.svg=01;35:*.svgz=01;35:*.mng=01;35:*.pcx=01;35:*.mov=01;35:*.mpg=01;35:*.mpeg=01;35:*.m2v=01;35:*.mkv=01;35:*.webm=01;35:*.webp=01;35:*.ogm=01;35:*.mp4=01;35:*.m4v=01;35:*.mp4v=01;35:*.vob=01;35:*.qt=01;35:*.nuv=01;35:*.wmv=01;35:*.asf=01;35:*.rm=01;35:*.rmvb=01;35:*.flc=01;35:*.avi=01;35:*.fli=01;35:*.flv=01;35:*.gl=01;35:*.dl=01;35:*.xcf=01;35:*.xwd=01;35:*.yuv=01;35:*.cgm=01;35:*.emf=01;35:*.ogv=01;35:*.ogx=01;35:*.cfg=00;32:*.conf=00;32:*.diff=00;32:*.doc=00;32:*.ini=00;32:*.log=00;32:*.patch=00;32:*.pdf=00;32:*.ps=00;32:*.tex=00;32:*.txt=00;32:*.aac=00;36:*.au=00;36:*.flac=00;36:*.m4a=00;36:*.mid=00;36:*.midi=00;36:*.mka=00;36:*.mp3=00;36:*.mpc=00;36:*.ogg=00;36:*.ra=00;36:*.wav=00;36:*.oga=00;36:*.opus=00;36:*.spx=00;36:*.xspf=00;36:' XDG_CURRENT_DESKTOP=GNOME INFOPATH=/usr/share/info:/usr/share/gcc-data/x86_64-pc-linux-gnu/10.2.0/info:/usr/share/binutils-data/x86_64-pc-linux-gnu/2.45/info:/usr/share/automake-1.16.5/info JAVAC=/etc/java-config-2/current-system-vm/bin/javac TERM=xterm-256color LESSOPEN='|lesspipe %s' USER=jpmurphy CROS_WORKON_SRCROOT=/mnt/host/source MANPAGER=manpager DISPLAY=:1 SHLVL=1 LC_MESSAGES=C EXTERNAL_TRUNK_PATH=/mnt/8f9d649a-3721-44cc-93c0-e6bd21a9689f/chromiumos GCC_SPECS='' PATH=/mnt/host/source/chromite/bin:/usr/local/bin:/usr/bin:/bin:/opt/bin:/mnt/host/source/chromite/sdk/bin:/mnt/host/source/chromite/bin PORTAGE_USERNAME=jpmurphy SUDO_UID=0 GCC_VER=10.2.0 MAIL=/var/mail/jpmurphy OLDPWD=/mnt/host/source/src/scripts traceparent=00-e87aca51550a78635907baa6a2476181-6d684811675d2973-01 _=./zephyr/firmware_builder.py COREBOOT_SDK_ROOT_x86=/home/jpmurphy/.cache/coreboot-sdk/i386-elf/dfbb0486385d938cfa9d73080b9d18d598ed4f49 COREBOOT_SDK_ROOT_picolibc_x86=/home/jpmurphy/.cache/coreboot-sdk/picolibc-i386-elf/eb8e8e687b95461de8cbf278f1c2076952d0ad17 COREBOOT_SDK_ROOT_riscv64=/home/jpmurphy/.cache/coreboot-sdk/riscv64-elf/96b949749225b6aaa92ed810ab769e8dfb12f000 COREBOOT_SDK_ROOT_picolibc_arm=/home/jpmurphy/.cache/coreboot-sdk/picolibc-arm-eabi/422a2aa3e1ef891b5bece9a3deb696ff83840d2e COREBOOT_SDK_ROOT_nds32=/home/jpmurphy/.cache/coreboot-sdk/nds32le-elf/d1a518c4a097666d86058e1444f85ca015d15511 COREBOOT_SDK_ROOT_picolibc_riscv64=/home/jpmurphy/.cache/coreboot-sdk/picolibc-riscv64-elf/f571e990ef0278564b31124f8bb109d9a697eb69 COREBOOT_SDK_ROOT_arm=/home/jpmurphy/.cache/coreboot-sdk/arm-eabi/ea40ddd1d190c3b48435c474c0b545719371813a COREBOOT_SDK_ROOT_libstdcxx_riscv64=/home/jpmurphy/.cache/coreboot-sdk/libstdcxx-riscv64-elf/17abf22a3a252e2d5d2062ced5324f7a623689e0 COREBOOT_SDK_ROOT_libstdcxx_arm=/home/jpmurphy/.cache/coreboot-sdk/libstdcxx-arm-eabi/5d7d82e150e44aa1968f1d366e267e6687b328ac COREBOOT_SDK_ROOT_riscv=/home/jpmurphy/.cache/coreboot-sdk/riscv-elf/9a27b9e82341c6e9126624f516ab3f261abb3e73 COREBOOT_SDK_ROOT_libstdcxx_x86=/home/jpmurphy/.cache/coreboot-sdk/libstdcxx-i386-elf/42ef9d2e87a76a37963175d7d428734e65648b87 PYTHONPATH=/mnt/host/source/src/platform/ec/zephyr/zmake PW_PIGWEED_CIPD_INSTALL_DIR=/usr CROSTC_USER_ACKNOWLEDGES_THAT_RISCV_IS_EXPERIMENTAL=1 MAKEFLAGS=' -j16 --jobserver-auth=5,6' /usr/bin/ninja -C /mnt/host/source/src/platform/ec/build/zephyr/glassway/build-ro all.libraries`
[glassway:ro] ninja: Entering directory `/mnt/host/source/src/platform/ec/build/zephyr/glassway/build-ro'
[trulo:ro] [295/417] Building C object zephyr/drivers/input/CMakeFiles/drivers__input.dir/input_kbd_matrix.c.obj
[trulo:ro] [296/417] Building C object zephyr/drivers/i2c/CMakeFiles/drivers__i2c.dir/i2c_npcx_port.c.obj
Running `env -i PYTHONPATH=/usr/lib64/python-exec/python3.11:/mnt/host/source/src/platform/ec/zephyr/zmake:/usr/lib/python311.zip:/usr/lib/python3.11:/usr/lib/python3.11/lib-dynload:/usr/lib/python3.11/site-packages PW_PIGWEED_CIPD_INSTALL_DIR=/usr CROSTC_USER_ACKNOWLEDGES_THAT_RISCV_IS_EXPERIMENTAL=1 PATH=/mnt/host/source/chromite/bin:/usr/local/bin:/usr/bin:/bin:/opt/bin:/mnt/host/source/chromite/sdk/bin:/mnt/host/source/chromite/bin HOME=/home/jpmurphy JAVA_HOME=/etc/java-config-2/current-system-vm JDK_HOME=/etc/java-config-2/current-system-vm JAVAC=/etc/java-config-2/current-system-vm/bin/javac MAKEFLAGS=' -j16 --jobserver-auth=5,6' /usr/bin/lcov --gcov-tool /mnt/host/source/src/platform/ec/build/zephyr/uldrenite/build-rw/gcov.sh -q -o - -c -d /mnt/host/source/src/platform/ec/build/zephyr/uldrenite -t uldrenite --rc branch_coverage=1 --filter range --ignore-errors inconsistent,source --ignore-errors gcov,gcov -i`
[trulo:ro] [297/417] Building C object zephyr/drivers/i2c/CMakeFiles/drivers__i2c.dir/i2c_npcx_controller.c.obj
[glassway:rw] [1/413] Generating include/generated/zephyr/version.h
[glassway:rw] -- git describe warned: warning: tag 'upstream/v2.7.99' is externally known as 'v2.7.99'
[trulo:ro] [298/417] Building C object zephyr/drivers/pinctrl/CMakeFiles/drivers__pinctrl.dir/common.c.obj
[glassway:rw] -- Zephyr version: 4.3.99 (/mnt/host/source/src/third_party/zephyr/main)
[glassway:rw] [2/413] Preparing syscall dependency handling
[trulo:rw] [316/417] Building C object zephyr/drivers/timer/CMakeFiles/drivers__timer.dir/npcx_itim_timer.c.obj
[trulo:ro] [299/417] Linking CXX static library zephyr/drivers/i2c/libdrivers__i2c.a
[glassway:rw] [3/413] Generating misc/generated/syscalls_subdirs.trigger
[trulo:rw] [317/417] Linking CXX static library zephyr/drivers/timer/libdrivers__timer.a
[trulo:ro] [300/417] Building C object zephyr/drivers/pinctrl/CMakeFiles/drivers__pinctrl.dir/pinctrl_npcx.c.obj
[glassway:ro] [1/413] Generating include/generated/zephyr/version.h
[trulo:ro] [301/417] Building C object zephyr/drivers/input/CMakeFiles/drivers__input.dir/input_npcx_kbd.c.obj
[glassway:ro] -- git describe warned: warning: tag 'upstream/v2.7.99' is externally known as 'v2.7.99'
[glassway:ro] -- Zephyr version: 4.3.99 (/mnt/host/source/src/third_party/zephyr/main)
[glassway:ro] [2/413] Preparing syscall dependency handling
[trulo:ro] [302/417] Linking CXX static library zephyr/drivers/pinctrl/libdrivers__pinctrl.a
[trulo:ro] [303/417] Linking CXX static library zephyr/drivers/input/libdrivers__input.a
[glassway:ro] [3/413] Generating misc/generated/syscalls_subdirs.trigger
[trulo:rw] [318/417] Building C object zephyr/drivers/watchdog/CMakeFiles/drivers__watchdog.dir/wdt_npcx.c.obj
[trulo:rw] [319/417] Building C object zephyr/drivers/watchdog/CMakeFiles/drivers__watchdog.dir/wdt_shell.c.obj
[trulo:rw] [320/417] Building C object modules/ec/zephyr/CMakeFiles/ec_shim.dir/app/ec/main_shim.c.obj
[trulo:rw] [321/417] Linking CXX static library zephyr/drivers/watchdog/libdrivers__watchdog.a
[trulo:rw] [322/417] Building C object modules/ec/zephyr/CMakeFiles/ec_shim.dir/app/ec/ec_app_main.c.obj
[trulo:ro] [304/417] Building C object zephyr/drivers/pwm/CMakeFiles/drivers__pwm.dir/pwm_shell.c.obj
[trulo:rw] [323/417] Building C object modules/ec/zephyr/CMakeFiles/ec_shim.dir/drivers/keyboard_input/keyboard_customization_check.c.obj
[trulo:ro] [305/417] Building C object zephyr/drivers/pwm/CMakeFiles/drivers__pwm.dir/pwm_npcx.c.obj
[trulo:rw] [324/417] Building C object modules/ec/zephyr/CMakeFiles/ec_shim.dir/drivers/cros_flash/cros_flash_npcx.c.obj
[trulo:ro] [306/417] Linking CXX static library zephyr/drivers/pwm/libdrivers__pwm.a
[trulo:ro] [307/417] Building C object zephyr/drivers/sensor/nuvoton/nuvoton_adc_cmp_npcx/CMakeFiles/drivers__sensor__nuvoton__nuvoton_adc_cmp_npcx.dir/adc_cmp_npcx.c.obj
[trulo:ro] [308/417] Linking CXX static library zephyr/drivers/sensor/nuvoton/nuvoton_adc_cmp_npcx/libdrivers__sensor__nuvoton__nuvoton_adc_cmp_npcx.a
[glassway:rw] [4/413] Generating misc/generated/syscalls.json, misc/generated/struct_tags.json
[trulo:ro] [309/417] Building C object zephyr/drivers/syscon/CMakeFiles/drivers__syscon.dir/syscon.c.obj
[glassway:rw] [5/413] Generating include/generated/zephyr/syscall_dispatch.c, include/generated/zephyr/syscall_exports_llext.c, syscall_weakdefs_llext.c, include/generated/zephyr/syscall_list.h
[trulo:ro] [310/417] Linking CXX static library zephyr/drivers/syscon/libdrivers__syscon.a
[trulo:rw] [325/417] Building C object modules/ec/zephyr/CMakeFiles/ec_shim.dir/drivers/cros_system/cros_system_npcx.c.obj
[trulo:ro] [311/417] Building C object zephyr/drivers/sensor/nuvoton/nuvoton_tach_npcx/CMakeFiles/drivers__sensor__nuvoton__nuvoton_tach_npcx.dir/tach_nuvoton_npcx.c.obj
[glassway:ro] [4/413] Generating misc/generated/syscalls.json, misc/generated/struct_tags.json
[/mnt/host/source/src/platform/ec/build/zephyr/uldrenite-lcov] geninfo: WARNING: using JSON module "JSON::PP" - which is much slower than some alternatives.  Consider installing one of JSON::XS or Cpanel::JSON::XS
[glassway:rw] [6/413] Generating include/generated/zephyr/driver-validation.h
[trulo:ro] [312/417] Linking CXX static library zephyr/drivers/sensor/nuvoton/nuvoton_tach_npcx/libdrivers__sensor__nuvoton__nuvoton_tach_npcx.a
[trulo:rw] [326/417] Building C object modules/ec/zephyr/CMakeFiles/ec_shim.dir/mnt/host/source/src/platform/ec/build/zephyr/trulo/modules/ec/common/lid_angle_keyboard_policy.c.obj
[trulo:ro] [313/417] Building C object zephyr/drivers/serial/CMakeFiles/drivers__serial.dir/uart_npcx.c.obj
[glassway:ro] [5/413] Generating include/generated/zephyr/syscall_dispatch.c, include/generated/zephyr/syscall_exports_llext.c, syscall_weakdefs_llext.c, include/generated/zephyr/syscall_list.h
[trulo:ro] [314/417] Building C object zephyr/drivers/timer/CMakeFiles/drivers__timer.dir/sys_clock_init.c.obj
[trulo:ro] [315/417] Linking CXX static library zephyr/drivers/serial/libdrivers__serial.a
[glassway:rw] [7/413] Generating include/generated/zephyr/kobj-types-enum.h, include/generated/zephyr/otype-to-str.h, include/generated/zephyr/otype-to-size.h
[trulo:rw] [327/417] Building C object modules/ec/zephyr/CMakeFiles/ec_shim.dir/drivers/hibernate/hibernate_z5.c.obj
[trulo:rw] [328/417] Building C object modules/ec/zephyr/CMakeFiles/ec_shim.dir/drivers/keyboard_input/col_gpio_drive.c.obj
[trulo:rw] [329/417] Building C object modules/ec/zephyr/CMakeFiles/ec_shim.dir/drivers/keyboard_input/keyboard_input.c.obj
[glassway:rw] [8/413] Generating include/generated/device-api-sections.ld, include/generated/device-api-sections.cmake
[glassway:ro] [6/413] Generating include/generated/zephyr/driver-validation.h
[glassway:ro] [7/413] Generating include/generated/zephyr/kobj-types-enum.h, include/generated/zephyr/otype-to-str.h, include/generated/zephyr/otype-to-size.h
[trulo:ro] [316/417] Building C object zephyr/drivers/timer/CMakeFiles/drivers__timer.dir/npcx_itim_timer.c.obj
[trulo:rw] [330/417] Building C object modules/ec/zephyr/CMakeFiles/ec_shim.dir/drivers/keyboard_factory_test/keyboard_factory_test.c.obj
[glassway:ro] [8/413] Generating include/generated/device-api-sections.ld, include/generated/device-api-sections.cmake
[trulo:rw] [331/417] Building C object modules/ec/zephyr/CMakeFiles/ec_shim.dir/drivers/usbc/ucsi_v3.c.obj
[trulo:ro] [317/417] Linking CXX static library zephyr/drivers/timer/libdrivers__timer.a
[trulo:ro] [318/417] Building C object zephyr/drivers/watchdog/CMakeFiles/drivers__watchdog.dir/wdt_npcx.c.obj
[trulo:ro] [319/417] Building C object zephyr/drivers/watchdog/CMakeFiles/drivers__watchdog.dir/wdt_shell.c.obj
[trulo:ro] [320/417] Linking CXX static library zephyr/drivers/watchdog/libdrivers__watchdog.a
[trulo:ro] [321/417] Building C object modules/ec/zephyr/CMakeFiles/ec_shim.dir/app/ec/main_shim.c.obj
[glassway:rw] [9/413] Building C object zephyr/CMakeFiles/offsets.dir/arch/arm/core/offsets/offsets.c.obj
[trulo:ro] [322/417] Building C object modules/ec/zephyr/CMakeFiles/ec_shim.dir/app/ec/ec_app_main.c.obj
[trulo:ro] [323/417] Building C object modules/ec/zephyr/CMakeFiles/ec_shim.dir/drivers/keyboard_input/keyboard_customization_check.c.obj
[trulo:ro] [324/417] Building C object modules/ec/zephyr/CMakeFiles/ec_shim.dir/drivers/cros_flash/cros_flash_npcx.c.obj
[trulo:rw] [332/417] Building C object modules/ec/zephyr/CMakeFiles/ec_shim.dir/drivers/boot_keys/boot_keys.c.obj
[glassway:rw] [10/413] Generating include/generated/zephyr/offsets.h
[trulo:rw] [333/417] Building C object modules/ec/zephyr/CMakeFiles/ec_shim.dir/drivers/runtime_keys/runtime_keys.c.obj
[trulo:rw] [334/417] Building C object modules/ec/zephyr/CMakeFiles/ec_shim.dir/drivers/vivaldi_kbd/vivaldi_kbd.c.obj
[glassway:ro] [9/413] Building C object zephyr/CMakeFiles/offsets.dir/arch/arm/core/offsets/offsets.c.obj
[trulo:rw] [335/417] Building C object modules/ec/zephyr/CMakeFiles/ec_shim.dir/shim/chip/npcx/clock.c.obj
[trulo:ro] [325/417] Building C object modules/ec/zephyr/CMakeFiles/ec_shim.dir/mnt/host/source/src/platform/ec/build/zephyr/trulo/modules/ec/common/lid_angle_keyboard_policy.c.obj
[trulo:rw] [336/417] Building C object modules/ec/zephyr/CMakeFiles/ec_shim.dir/shim/chip/npcx/gpio.c.obj
[glassway:ro] [10/413] Generating include/generated/zephyr/offsets.h
[trulo:ro] [326/417] Building C object modules/ec/zephyr/CMakeFiles/ec_shim.dir/drivers/cros_system/cros_system_npcx.c.obj
[trulo:rw] [337/417] Building C object modules/ec/zephyr/CMakeFiles/ec_shim.dir/drivers/usbc/pdc_rts54xx.c.obj
[trulo:ro] [327/417] Building C object modules/ec/zephyr/CMakeFiles/ec_shim.dir/drivers/hibernate/hibernate_z5.c.obj
[glassway:rw] [11/413] Building C object zephyr/CMakeFiles/zephyr.dir/lib/libc/validate_libc.c.obj
[trulo:ro] [328/417] Building C object modules/ec/zephyr/CMakeFiles/ec_shim.dir/drivers/keyboard_input/col_gpio_drive.c.obj
[trulo:rw] [338/417] Building C object modules/ec/zephyr/CMakeFiles/ec_shim.dir/shim/chip/npcx/system_external_storage.c.obj
[trulo:ro] [329/417] Building C object modules/ec/zephyr/CMakeFiles/ec_shim.dir/drivers/keyboard_input/keyboard_input.c.obj
[glassway:ro] [11/413] Building C object zephyr/CMakeFiles/zephyr.dir/lib/libc/validate_libc.c.obj
[trulo:rw] [339/417] Building C object modules/ec/zephyr/CMakeFiles/ec_shim.dir/shim/chip/npcx/rom_chip.c.obj
[trulo:ro] [330/417] Building C object modules/ec/zephyr/CMakeFiles/ec_shim.dir/drivers/keyboard_factory_test/keyboard_factory_test.c.obj
[trulo:ro] [331/417] Building C object modules/ec/zephyr/CMakeFiles/ec_shim.dir/drivers/usbc/ucsi_v3.c.obj
[trulo:rw] [340/417] Building C object modules/ec/zephyr/CMakeFiles/ec_shim.dir/shim/chip/npcx/system.c.obj
[trulo:rw] [341/417] Building C object modules/ec/zephyr/CMakeFiles/ec_shim.dir/shim/chip/npcx/power_policy.c.obj
[trulo:rw] [342/417] Building C object modules/ec/zephyr/CMakeFiles/ec_shim.dir/shim/src/crc.c.obj
[trulo:rw] [343/417] Building C object modules/ec/zephyr/CMakeFiles/ec_shim.dir/shim/core/cortex-m/mpu.c.obj
[/mnt/host/source/src/platform/ec/build/zephyr/uldrenite-lcov] stderr:
[trulo:rw] [344/417] Building C object modules/ec/zephyr/CMakeFiles/ec_shim.dir/shim/core/cortex-m/panic.c.obj
[/mnt/host/source/src/platform/ec/build/zephyr/uldrenite-lcov]   /mnt/host/source/src/platform/ec/build/zephyr/uldrenite/build-ro/modules/ec/zephyr/CMakeFiles/ec_shim.dir/shim/src/thermal.c.gcno:no functions found
[/mnt/host/source/src/platform/ec/build/zephyr/uldrenite-lcov] stderr:
[glassway:rw] [12/413] Building C object zephyr/CMakeFiles/zephyr.dir/lib/heap/heap.c.obj
[glassway:ro] [12/413] Building C object zephyr/CMakeFiles/zephyr.dir/lib/heap/heap.c.obj
[trulo:ro] [332/417] Building C object modules/ec/zephyr/CMakeFiles/ec_shim.dir/drivers/boot_keys/boot_keys.c.obj
[/mnt/host/source/src/platform/ec/build/zephyr/uldrenite-lcov]   /mnt/host/source/src/platform/ec/build/zephyr/uldrenite/build-ro/modules/ec/zephyr/CMakeFiles/ec_shim.dir/shim/src/battery.c.gcno:no functions found
[/mnt/host/source/src/platform/ec/build/zephyr/uldrenite-lcov] stderr:
[trulo:rw] [345/417] Building C object modules/ec/zephyr/CMakeFiles/ec_shim.dir/shim/src/console.c.obj
[trulo:ro] [333/417] Building C object modules/ec/zephyr/CMakeFiles/ec_shim.dir/drivers/vivaldi_kbd/vivaldi_kbd.c.obj
[trulo:ro] [334/417] Building C object modules/ec/zephyr/CMakeFiles/ec_shim.dir/drivers/runtime_keys/runtime_keys.c.obj
[trulo:rw] [346/417] Building C object modules/ec/zephyr/CMakeFiles/ec_shim.dir/shim/src/panic_utils.c.obj
[trulo:ro] [335/417] Building C object modules/ec/zephyr/CMakeFiles/ec_shim.dir/shim/chip/npcx/clock.c.obj
[trulo:rw] [347/417] Building C object modules/ec/zephyr/CMakeFiles/ec_shim.dir/shim/src/gpio_int.c.obj
[trulo:ro] [336/417] Building C object modules/ec/zephyr/CMakeFiles/ec_shim.dir/shim/chip/npcx/gpio.c.obj
[trulo:rw] [348/417] Building C object modules/ec/zephyr/CMakeFiles/ec_shim.dir/shim/src/cbi/cros_cbi.c.obj
[trulo:rw] [349/417] Building C object modules/ec/zephyr/CMakeFiles/ec_shim.dir/shim/src/pm_state.c.obj
[glassway:rw] [13/413] Building C object zephyr/CMakeFiles/zephyr.dir/lib/os/cbprintf_packaged.c.obj
[trulo:ro] [337/417] Building C object modules/ec/zephyr/CMakeFiles/ec_shim.dir/drivers/usbc/pdc_rts54xx.c.obj
[trulo:rw] [350/417] Building C object modules/ec/zephyr/CMakeFiles/ec_shim.dir/shim/src/gpio.c.obj
[/mnt/host/source/src/platform/ec/build/zephyr/uldrenite-lcov]   /mnt/host/source/src/platform/ec/build/zephyr/uldrenite/build-ro/modules/ec/zephyr/CMakeFiles/ec_shim.dir/shim/src/charger.c.gcno:no functions found
[/mnt/host/source/src/platform/ec/build/zephyr/uldrenite-lcov] stderr:
[glassway:ro] [13/413] Building C object zephyr/CMakeFiles/zephyr.dir/lib/os/cbprintf_packaged.c.obj
[trulo:ro] [338/417] Building C object modules/ec/zephyr/CMakeFiles/ec_shim.dir/shim/chip/npcx/rom_chip.c.obj
[trulo:rw] [351/417] Building C object modules/ec/zephyr/CMakeFiles/ec_shim.dir/shim/src/cbi/cros_cbi_fw_config.c.obj
[trulo:ro] [339/417] Building C object modules/ec/zephyr/CMakeFiles/ec_shim.dir/shim/chip/npcx/system_external_storage.c.obj
[trulo:ro] [340/417] Building C object modules/ec/zephyr/CMakeFiles/ec_shim.dir/shim/chip/npcx/system.c.obj
[trulo:ro] [341/417] Building C object modules/ec/zephyr/CMakeFiles/ec_shim.dir/shim/chip/npcx/power_policy.c.obj
[trulo:ro] [342/417] Building C object modules/ec/zephyr/CMakeFiles/ec_shim.dir/shim/core/cortex-m/mpu.c.obj
[trulo:rw] [352/417] Building C object modules/ec/zephyr/CMakeFiles/ec_shim.dir/shim/src/cbi/cbi_eeprom.c.obj
[trulo:ro] [343/417] Building C object modules/ec/zephyr/CMakeFiles/ec_shim.dir/shim/src/crc.c.obj
[trulo:rw] [353/417] Building C object modules/ec/zephyr/CMakeFiles/ec_shim.dir/shim/src/cbi/cbi_transfer.c.obj
[trulo:ro] [344/417] Building C object modules/ec/zephyr/CMakeFiles/ec_shim.dir/shim/core/cortex-m/panic.c.obj
[glassway:rw] [14/413] Building C object zephyr/CMakeFiles/zephyr.dir/lib/os/clock.c.obj
[trulo:rw] [354/417] Building C object modules/ec/zephyr/CMakeFiles/ec_shim.dir/shim/src/cbi/cbi_flash.c.obj
[/mnt/host/source/src/platform/ec/build/zephyr/guren-lcov]   /mnt/host/source/src/platform/ec/build/zephyr/guren/build-rw/zephyr/drivers/sensor/CMakeFiles/drivers__sensor.dir/mnt/host/source/src/third_party/zephyr/main/misc/empty_file.c.gcno:no functions found
[/mnt/host/source/src/platform/ec/build/zephyr/guren-lcov] Filter suppressions 'region':
[trulo:rw] [355/417] Building C object modules/ec/zephyr/CMakeFiles/ec_shim.dir/shim/src/led_driver/led_pwm.c.obj
[glassway:ro] [14/413] Building C object zephyr/CMakeFiles/zephyr.dir/lib/os/clock.c.obj
[/mnt/host/source/src/platform/ec/build/zephyr/guren-lcov]     42 instances
[/mnt/host/source/src/platform/ec/build/zephyr/guren-lcov]     36 coverpoints
[/mnt/host/source/src/platform/ec/build/zephyr/guren-lcov] Message summary:
[/mnt/host/source/src/platform/ec/build/zephyr/guren-lcov]   29 ignore messages:
[/mnt/host/source/src/platform/ec/build/zephyr/guren-lcov]     gcov: 29
[trulo:rw] [356/417] Building C object modules/ec/zephyr/CMakeFiles/ec_shim.dir/shim/src/led_driver/led.c.obj
[trulo:ro] [345/417] Building C object modules/ec/zephyr/CMakeFiles/ec_shim.dir/shim/src/console.c.obj
[trulo:ro] [346/417] Building C object modules/ec/zephyr/CMakeFiles/ec_shim.dir/shim/src/panic_utils.c.obj
[trulo:ro] [347/417] Building C object modules/ec/zephyr/CMakeFiles/ec_shim.dir/shim/src/gpio_int.c.obj
[glassway:rw] [15/413] Building C object zephyr/CMakeFiles/zephyr.dir/lib/os/printk.c.obj
[trulo:ro] [348/417] Building C object modules/ec/zephyr/CMakeFiles/ec_shim.dir/shim/src/pm_state.c.obj
[trulo:ro] [349/417] Building C object modules/ec/zephyr/CMakeFiles/ec_shim.dir/shim/src/cbi/cros_cbi.c.obj
[trulo:rw] [357/417] Building C object modules/ec/zephyr/CMakeFiles/ec_shim.dir/shim/src/pdc_shim.c.obj
[trulo:rw] [358/417] Building C object modules/ec/zephyr/CMakeFiles/ec_shim.dir/shim/src/system.c.obj
[trulo:rw] [359/417] Building C object modules/ec/zephyr/CMakeFiles/ec_shim.dir/shim/src/charger.c.obj
[trulo:rw] [360/417] Building C object modules/ec/zephyr/CMakeFiles/ec_shim.dir/shim/src/battery.c.obj
[trulo:rw] [361/417] Building C object modules/ec/zephyr/CMakeFiles/ec_shim.dir/shim/src/adc.c.obj
[trulo:ro] [350/417] Building C object modules/ec/zephyr/CMakeFiles/ec_shim.dir/shim/src/gpio.c.obj
[glassway:ro] [15/413] Building C object zephyr/CMakeFiles/zephyr.dir/lib/os/printk.c.obj
[trulo:rw] [362/417] Building C object modules/ec/zephyr/CMakeFiles/ec_shim.dir/shim/src/chipset_api.c.obj
[/mnt/host/source/src/platform/ec/build/zephyr/uldrenite-lcov]   /mnt/host/source/src/platform/ec/build/zephyr/uldrenite/build-ro/modules/ec/zephyr/CMakeFiles/ec_shim.dir/shim/src/usba.c.gcno:no functions found
[/mnt/host/source/src/platform/ec/build/zephyr/uldrenite-lcov] stderr:
[glassway:rw] [16/413] Building C object zephyr/CMakeFiles/zephyr.dir/lib/os/sem.c.obj
[trulo:ro] [351/417] Building C object modules/ec/zephyr/CMakeFiles/ec_shim.dir/shim/src/cbi/cros_cbi_fw_config.c.obj
[trulo:ro] [352/417] Building C object modules/ec/zephyr/CMakeFiles/ec_shim.dir/shim/src/cbi/cbi_transfer.c.obj
[trulo:ro] [353/417] Building C object modules/ec/zephyr/CMakeFiles/ec_shim.dir/shim/src/cbi/cbi_eeprom.c.obj
[trulo:rw] [363/417] Building C object modules/ec/zephyr/CMakeFiles/ec_shim.dir/shim/src/espi.c.obj
[trulo:ro] [354/417] Building C object modules/ec/zephyr/CMakeFiles/ec_shim.dir/shim/src/cbi/cbi_flash.c.obj
[glassway:ro] [16/413] Building C object zephyr/CMakeFiles/zephyr.dir/lib/os/sem.c.obj
[trulo:ro] [355/417] Building C object modules/ec/zephyr/CMakeFiles/ec_shim.dir/shim/src/led_driver/led.c.obj
[trulo:rw] [364/417] Building C object modules/ec/zephyr/CMakeFiles/ec_shim.dir/shim/src/host_command.c.obj
[trulo:rw] [365/417] Building C object modules/ec/zephyr/CMakeFiles/ec_shim.dir/shim/src/hooks.c.obj
[trulo:rw] [366/417] Building C object modules/ec/zephyr/CMakeFiles/ec_shim.dir/shim/src/mkbp_event.c.obj
[trulo:rw] [367/417] Building C object modules/ec/zephyr/CMakeFiles/ec_shim.dir/shim/src/console_buffer.c.obj
[trulo:ro] [356/417] Building C object modules/ec/zephyr/CMakeFiles/ec_shim.dir/shim/src/led_driver/led_pwm.c.obj
[trulo:rw] [368/417] Building C object modules/ec/zephyr/CMakeFiles/ec_shim.dir/shim/src/flash.c.obj
[trulo:rw] [369/417] Building C object modules/ec/zephyr/CMakeFiles/ec_shim.dir/shim/src/fan.c.obj
[glassway:rw] [17/413] Building C object zephyr/CMakeFiles/zephyr.dir/lib/os/thread_entry.c.obj
[/mnt/host/source/src/platform/ec/build/zephyr/uldrenite-lcov]   /mnt/host/source/src/platform/ec/build/zephyr/uldrenite/build-ro/modules/ec/zephyr/CMakeFiles/ec_shim.dir/drivers/keyboard_input/keyboard_customization_check.c.gcno:no functions found
[/mnt/host/source/src/platform/ec/build/zephyr/uldrenite-lcov] stderr:
[trulo:rw] [370/417] Building C object modules/ec/zephyr/CMakeFiles/ec_shim.dir/shim/src/panic.c.obj
[trulo:ro] [357/417] Building C object modules/ec/zephyr/CMakeFiles/ec_shim.dir/shim/src/pdc_shim.c.obj
[glassway:ro] [17/413] Building C object zephyr/CMakeFiles/zephyr.dir/lib/os/thread_entry.c.obj
[trulo:ro] [358/417] Building C object modules/ec/zephyr/CMakeFiles/ec_shim.dir/shim/src/battery.c.obj
[trulo:ro] [359/417] Building C object modules/ec/zephyr/CMakeFiles/ec_shim.dir/shim/src/adc.c.obj
[trulo:ro] [360/417] Building C object modules/ec/zephyr/CMakeFiles/ec_shim.dir/shim/src/system.c.obj
[trulo:rw] [371/417] Building C object modules/ec/zephyr/CMakeFiles/ec_shim.dir/shim/src/hwtimer.c.obj
[trulo:rw] [372/417] Building C object modules/ec/zephyr/CMakeFiles/ec_shim.dir/shim/src/thermal.c.obj
[trulo:rw] [373/417] Building C object modules/ec/zephyr/CMakeFiles/ec_shim.dir/shim/src/i2c.c.obj
[trulo:ro] [361/417] Building C object modules/ec/zephyr/CMakeFiles/ec_shim.dir/shim/src/charger.c.obj
[trulo:rw] [374/417] Building C object modules/ec/zephyr/CMakeFiles/ec_shim.dir/shim/src/temp_sensors.c.obj
[glassway:rw] [18/413] Building C object zephyr/CMakeFiles/zephyr.dir/lib/os/cbprintf_nano.c.obj
[trulo:rw] [375/417] Building C object modules/ec/zephyr/CMakeFiles/ec_shim.dir/shim/src/tasks.c.obj
[trulo:ro] [362/417] Building C object modules/ec/zephyr/CMakeFiles/ec_shim.dir/shim/src/chipset_api.c.obj
[trulo:rw] [376/417] Building C object modules/ec/zephyr/CMakeFiles/ec_shim.dir/shim/src/watchdog.c.obj
[glassway:ro] [18/413] Building C object zephyr/CMakeFiles/zephyr.dir/lib/os/cbprintf_nano.c.obj
[trulo:rw] [377/417] Building C object modules/ec/zephyr/CMakeFiles/ec_shim.dir/shim/src/usba.c.obj
[trulo:ro] [363/417] Building C object modules/ec/zephyr/CMakeFiles/ec_shim.dir/shim/src/hooks.c.obj
[trulo:ro] [364/417] Building C object modules/ec/zephyr/CMakeFiles/ec_shim.dir/shim/src/flash.c.obj
[glassway:rw] [19/413] Building C object zephyr/CMakeFiles/zephyr.dir/lib/os/cbprintf.c.obj
[trulo:rw] [378/417] Building C object modules/ec/zephyr/CMakeFiles/ec_shim.dir/shim/src/power_host_sleep_api.c.obj
[trulo:ro] [365/417] Building C object modules/ec/zephyr/CMakeFiles/ec_shim.dir/shim/src/host_command.c.obj
[trulo:rw] [379/417] Building C object modules/ec/zephyr/CMakeFiles/ec_shim.dir/shim/src/sha256_hw.c.obj
[trulo:ro] [366/417] Building C object modules/ec/zephyr/CMakeFiles/ec_shim.dir/shim/src/fan.c.obj
[trulo:ro] [367/417] Building C object modules/ec/zephyr/CMakeFiles/ec_shim.dir/shim/src/console_buffer.c.obj
[glassway:ro] [19/413] Building C object zephyr/CMakeFiles/zephyr.dir/lib/os/cbprintf.c.obj
[trulo:rw] [380/417] Building C object zephyr/kernel/CMakeFiles/kernel.dir/main_weak.c.obj
[trulo:ro] [368/417] Building C object modules/ec/zephyr/CMakeFiles/ec_shim.dir/shim/src/espi.c.obj
[/mnt/host/source/src/platform/ec/build/zephyr/uldrenite-lcov]   /mnt/host/source/src/platform/ec/build/zephyr/uldrenite/build-ro/modules/ec/zephyr/drivers/pw_transport/CMakeFiles/pw_transport.proto.nanopb.dir/pw_transport.proto/nanopb/pw_transport/proto/transport.pb.c.gcno:no functions found
[/mnt/host/source/src/platform/ec/build/zephyr/uldrenite-lcov] stderr:
[trulo:rw] [381/417] Linking CXX static library modules/ec/zephyr/libec_shim.a
[trulo:rw] [382/417] Building C object zephyr/kernel/CMakeFiles/kernel.dir/banner.c.obj
[trulo:ro] [369/417] Building C object modules/ec/zephyr/CMakeFiles/ec_shim.dir/shim/src/mkbp_event.c.obj
[glassway:rw] [20/413] Building C object zephyr/CMakeFiles/zephyr.dir/lib/os/assert.c.obj
[trulo:ro] [370/417] Building C object modules/ec/zephyr/CMakeFiles/ec_shim.dir/shim/src/panic.c.obj
[trulo:rw] [383/417] Building C object zephyr/kernel/CMakeFiles/kernel.dir/busy_wait.c.obj
[trulo:rw] [384/417] Building C object zephyr/kernel/CMakeFiles/kernel.dir/device.c.obj
[trulo:ro] [371/417] Building C object modules/ec/zephyr/CMakeFiles/ec_shim.dir/shim/src/hwtimer.c.obj
[glassway:ro] [20/413] Building C object zephyr/CMakeFiles/zephyr.dir/lib/os/assert.c.obj
[trulo:ro] [372/417] Building C object modules/ec/zephyr/CMakeFiles/ec_shim.dir/shim/src/thermal.c.obj
[glassway:rw] [21/413] Building C object zephyr/CMakeFiles/zephyr.dir/lib/utils/dec.c.obj
[trulo:rw] [385/417] Building C object zephyr/kernel/CMakeFiles/kernel.dir/errno.c.obj
[trulo:ro] [373/417] Building C object modules/ec/zephyr/CMakeFiles/ec_shim.dir/shim/src/temp_sensors.c.obj
[glassway:ro] [21/413] Building C object zephyr/CMakeFiles/zephyr.dir/lib/utils/dec.c.obj
[trulo:ro] [374/417] Building C object modules/ec/zephyr/CMakeFiles/ec_shim.dir/shim/src/i2c.c.obj
[trulo:rw] [386/417] Building C object zephyr/kernel/CMakeFiles/kernel.dir/fatal.c.obj
[glassway:rw] [22/413] Building C object zephyr/CMakeFiles/zephyr.dir/lib/utils/hex.c.obj
[glassway:ro] [22/413] Building C object zephyr/CMakeFiles/zephyr.dir/lib/utils/hex.c.obj
[trulo:rw] [387/417] Building C object zephyr/kernel/CMakeFiles/kernel.dir/init.c.obj
[trulo:rw] [388/417] Building C object zephyr/kernel/CMakeFiles/kernel.dir/kheap.c.obj
[trulo:ro] [375/417] Building C object modules/ec/zephyr/CMakeFiles/ec_shim.dir/shim/src/watchdog.c.obj
[trulo:ro] [376/417] Building C object modules/ec/zephyr/CMakeFiles/ec_shim.dir/shim/src/tasks.c.obj
[trulo:rw] [389/417] Building C object zephyr/kernel/CMakeFiles/kernel.dir/version.c.obj
[trulo:ro] [377/417] Building C object modules/ec/zephyr/CMakeFiles/ec_shim.dir/shim/src/usba.c.obj
[trulo:ro] [378/417] Building C object modules/ec/zephyr/CMakeFiles/ec_shim.dir/shim/src/power_host_sleep_api.c.obj
[trulo:rw] [390/417] Building C object zephyr/kernel/CMakeFiles/kernel.dir/mem_slab.c.obj
[trulo:rw] [391/417] Building C object zephyr/kernel/CMakeFiles/kernel.dir/float.c.obj
[glassway:rw] [23/413] Building C object zephyr/CMakeFiles/zephyr.dir/lib/utils/rb.c.obj
[trulo:ro] [379/417] Building C object modules/ec/zephyr/CMakeFiles/ec_shim.dir/shim/src/sha256_hw.c.obj
[glassway:ro] [23/413] Building C object zephyr/CMakeFiles/zephyr.dir/lib/utils/rb.c.obj
[trulo:ro] [380/417] Linking CXX static library modules/ec/zephyr/libec_shim.a
[glassway:rw] [24/413] Building C object zephyr/CMakeFiles/zephyr.dir/lib/utils/timeutil.c.obj
[trulo:rw] [392/417] Building CXX object modules/ec/zephyr/drivers/dsp_comms/service/CMakeFiles/dsp.service.dir/i2c_target_pio_funcs.cc.obj
[trulo:ro] [381/417] Building C object zephyr/kernel/CMakeFiles/kernel.dir/banner.c.obj
[trulo:rw] [393/417] Building CXX object modules/ec/zephyr/drivers/dsp_comms/service/CMakeFiles/dsp.service.dir/i2c_target_buffer_funcs.cc.obj
[trulo:rw] [394/417] Building C object zephyr/kernel/CMakeFiles/kernel.dir/mailbox.c.obj
[trulo:ro] [382/417] Building C object zephyr/kernel/CMakeFiles/kernel.dir/main_weak.c.obj
[glassway:ro] [24/413] Building C object zephyr/CMakeFiles/zephyr.dir/lib/utils/timeutil.c.obj
[trulo:rw] [395/417] Building C object zephyr/kernel/CMakeFiles/kernel.dir/idle.c.obj
[trulo:rw] [396/417] Building CXX object modules/ec/zephyr/drivers/dsp_comms/service/CMakeFiles/dsp.service.dir/dsp_service.cc.obj
[trulo:rw] [397/417] Building C object zephyr/kernel/CMakeFiles/kernel.dir/msg_q.c.obj
[trulo:rw] [398/417] Linking CXX static library modules/ec/zephyr/drivers/dsp_comms/service/libdsp.service.a
[trulo:rw] [399/417] Building C object zephyr/kernel/CMakeFiles/kernel.dir/mutex.c.obj
[trulo:ro] [383/417] Building C object zephyr/kernel/CMakeFiles/kernel.dir/busy_wait.c.obj
[glassway:rw] [25/413] Building C object zephyr/CMakeFiles/zephyr.dir/lib/utils/bitarray.c.obj
[trulo:rw] [400/417] Building C object zephyr/kernel/CMakeFiles/kernel.dir/queue.c.obj
[trulo:ro] [384/417] Building C object zephyr/kernel/CMakeFiles/kernel.dir/device.c.obj
[trulo:rw] [401/417] Building C object zephyr/kernel/CMakeFiles/kernel.dir/sem.c.obj
[trulo:rw] [402/417] Building C object zephyr/kernel/CMakeFiles/kernel.dir/stack.c.obj
[glassway:ro] [25/413] Building C object zephyr/CMakeFiles/zephyr.dir/lib/utils/bitarray.c.obj
[trulo:ro] [385/417] Building C object zephyr/kernel/CMakeFiles/kernel.dir/errno.c.obj
[glassway:rw] [26/413] Building C object zephyr/CMakeFiles/zephyr.dir/lib/utils/bitmask.c.obj
[trulo:rw] [403/417] Building C object zephyr/kernel/CMakeFiles/kernel.dir/system_work_q.c.obj
[trulo:rw] [404/417] Building C object zephyr/kernel/CMakeFiles/kernel.dir/condvar.c.obj
[glassway:ro] [26/413] Building C object zephyr/CMakeFiles/zephyr.dir/lib/utils/bitmask.c.obj
[trulo:rw] [405/417] Building C object zephyr/kernel/CMakeFiles/kernel.dir/work.c.obj
[trulo:rw] [406/417] Building C object zephyr/kernel/CMakeFiles/kernel.dir/thread.c.obj
[trulo:ro] [386/417] Building C object zephyr/kernel/CMakeFiles/kernel.dir/fatal.c.obj
[trulo:ro] [387/417] Building C object zephyr/kernel/CMakeFiles/kernel.dir/init.c.obj
[trulo:ro] [388/417] Building C object zephyr/kernel/CMakeFiles/kernel.dir/kheap.c.obj
[trulo:rw] [407/417] Building C object zephyr/kernel/CMakeFiles/kernel.dir/pipe.c.obj
[trulo:rw] [408/417] Building C object zephyr/kernel/CMakeFiles/kernel.dir/spinlock_validate.c.obj
[glassway:rw] [27/413] Building C object zephyr/CMakeFiles/zephyr.dir/lib/utils/getopt/getopt.c.obj
[trulo:rw] [409/417] Building C object zephyr/kernel/CMakeFiles/kernel.dir/thread_monitor.c.obj
[trulo:ro] [389/417] Building C object zephyr/kernel/CMakeFiles/kernel.dir/version.c.obj
[trulo:rw] [410/417] Building C object zephyr/kernel/CMakeFiles/kernel.dir/sched.c.obj
[glassway:ro] [27/413] Building C object zephyr/CMakeFiles/zephyr.dir/lib/utils/getopt/getopt.c.obj
[trulo:rw] [411/417] Building C object zephyr/kernel/CMakeFiles/kernel.dir/timeout.c.obj
[trulo:rw] [412/417] Building C object zephyr/kernel/CMakeFiles/kernel.dir/timer.c.obj
[trulo:ro] [390/417] Building CXX object modules/ec/zephyr/drivers/dsp_comms/service/CMakeFiles/dsp.service.dir/i2c_target_pio_funcs.cc.obj
[glassway:ro] [28/413] Building C object zephyr/CMakeFiles/zephyr.dir/lib/utils/last_section_id.c.obj
[glassway:ro] [29/413] Building C object zephyr/CMakeFiles/zephyr.dir/lib/utils/ring_buffer.c.obj
[trulo:ro] [391/417] Building C object zephyr/kernel/CMakeFiles/kernel.dir/mem_slab.c.obj
[trulo:rw] [413/417] Building C object zephyr/kernel/CMakeFiles/kernel.dir/poll.c.obj
[trulo:ro] [392/417] Building C object zephyr/kernel/CMakeFiles/kernel.dir/float.c.obj
[trulo:ro] [393/417] Building CXX object modules/ec/zephyr/drivers/dsp_comms/service/CMakeFiles/dsp.service.dir/i2c_target_buffer_funcs.cc.obj
[glassway:ro] [30/413] Building C object zephyr/CMakeFiles/zephyr.dir/misc/generated/configs.c.obj
[trulo:rw] [414/417] Building C object zephyr/kernel/CMakeFiles/kernel.dir/dynamic_disabled.c.obj
[trulo:rw] [415/417] Building C object zephyr/kernel/CMakeFiles/kernel.dir/events.c.obj
[trulo:rw] [416/417] Building C object zephyr/kernel/CMakeFiles/kernel.dir/mempool.c.obj
Running (initial) lcov on /mnt/host/source/src/platform/ec/build/zephyr/vader.
[trulo:ro] [394/417] Building CXX object modules/ec/zephyr/drivers/dsp_comms/service/CMakeFiles/dsp.service.dir/dsp_service.cc.obj
[glassway:rw] [28/413] Building C object zephyr/CMakeFiles/zephyr.dir/lib/utils/getopt/getopt_common.c.obj
[glassway:rw] [29/413] Building C object zephyr/CMakeFiles/zephyr.dir/lib/utils/last_section_id.c.obj
[trulo:ro] [395/417] Building C object zephyr/kernel/CMakeFiles/kernel.dir/idle.c.obj
[trulo:ro] [396/417] Linking CXX static library modules/ec/zephyr/drivers/dsp_comms/service/libdsp.service.a
[glassway:rw] [30/413] Building C object zephyr/CMakeFiles/zephyr.dir/lib/utils/ring_buffer.c.obj
[trulo:rw] [417/417] Linking CXX static library zephyr/kernel/libkernel.a
[glassway:ro] [31/413] Building C object zephyr/CMakeFiles/zephyr.dir/lib/utils/getopt/getopt_common.c.obj
[glassway:rw] [31/413] Building C object zephyr/CMakeFiles/zephyr.dir/misc/generated/configs.c.obj
[/mnt/host/source/src/platform/ec/build/zephyr/uldrenite-lcov]   /mnt/host/source/src/platform/ec/build/zephyr/uldrenite/build-ro/modules/ec/zephyr/drivers/dsp_comms/CMakeFiles/dsp_comms.proto.nanopb.dir/dsp_comms.proto/nanopb/proto/ec_dsp.pb.c.gcno:no functions found
[/mnt/host/source/src/platform/ec/build/zephyr/uldrenite-lcov] stderr:
Running `env -i PYTHONPATH=/usr/lib64/python-exec/python3.11:/mnt/host/source/src/platform/ec/zephyr/zmake:/usr/lib/python311.zip:/usr/lib/python3.11:/usr/lib/python3.11/lib-dynload:/usr/lib/python3.11/site-packages PW_PIGWEED_CIPD_INSTALL_DIR=/usr CROSTC_USER_ACKNOWLEDGES_THAT_RISCV_IS_EXPERIMENTAL=1 PATH=/mnt/host/source/chromite/bin:/usr/local/bin:/usr/bin:/bin:/opt/bin:/mnt/host/source/chromite/sdk/bin:/mnt/host/source/chromite/bin HOME=/home/jpmurphy JAVA_HOME=/etc/java-config-2/current-system-vm JDK_HOME=/etc/java-config-2/current-system-vm JAVAC=/etc/java-config-2/current-system-vm/bin/javac MAKEFLAGS=' -j16 --jobserver-auth=5,6' /usr/bin/lcov --gcov-tool /mnt/host/source/src/platform/ec/build/zephyr/vader/build-rw/gcov.sh -q -o - -c -d /mnt/host/source/src/platform/ec/build/zephyr/vader -t vader --rc branch_coverage=1 --filter range --ignore-errors inconsistent,source --ignore-errors gcov,gcov -i`
[trulo:ro] [397/417] Building C object zephyr/kernel/CMakeFiles/kernel.dir/mailbox.c.obj
[glassway:ro] [32/413] Building C object zephyr/CMakeFiles/zephyr.dir/soc/nuvoton/npcx/common/power.c.obj
[trulo:ro] [398/417] Building C object zephyr/kernel/CMakeFiles/kernel.dir/msg_q.c.obj
[trulo:ro] [399/417] Building C object zephyr/kernel/CMakeFiles/kernel.dir/queue.c.obj
[trulo:ro] [400/417] Building C object zephyr/kernel/CMakeFiles/kernel.dir/mutex.c.obj
[glassway:ro] [33/413] Building C object zephyr/CMakeFiles/zephyr.dir/soc/nuvoton/npcx/common/scfg.c.obj
[trulo:ro] [401/417] Building C object zephyr/kernel/CMakeFiles/kernel.dir/sem.c.obj
[glassway:ro] [34/413] Building C object zephyr/CMakeFiles/zephyr.dir/soc/nuvoton/npcx/common/npcxn/registers.c.obj
[trulo:ro] [402/417] Building C object zephyr/kernel/CMakeFiles/kernel.dir/stack.c.obj
[glassway:rw] [32/413] Building C object zephyr/CMakeFiles/zephyr.dir/soc/nuvoton/npcx/common/power.c.obj
[trulo:ro] [403/417] Building C object zephyr/kernel/CMakeFiles/kernel.dir/system_work_q.c.obj
[glassway:rw] [33/413] Building C object zephyr/CMakeFiles/zephyr.dir/soc/nuvoton/npcx/common/scfg.c.obj
[glassway:rw] [34/413] Building C object zephyr/CMakeFiles/zephyr.dir/soc/nuvoton/npcx/common/npcxn/registers.c.obj
[glassway:ro] [35/413] Building C object zephyr/CMakeFiles/zephyr.dir/soc/nuvoton/npcx/npcx9/soc.c.obj
[/mnt/host/source/src/platform/ec/build/zephyr/vader-lcov] geninfo: WARNING: using JSON module "JSON::PP" - which is much slower than some alternatives.  Consider installing one of JSON::XS or Cpanel::JSON::XS
[trulo:ro] [404/417] Building C object zephyr/kernel/CMakeFiles/kernel.dir/work.c.obj
[trulo:ro] [405/417] Building C object zephyr/kernel/CMakeFiles/kernel.dir/condvar.c.obj
[glassway:ro] [36/413] Building C object zephyr/CMakeFiles/zephyr.dir/subsys/logging/log_minimal.c.obj
[glassway:ro] [37/413] Building C object zephyr/CMakeFiles/zephyr.dir/subsys/pm/state.c.obj
[trulo:ro] [406/417] Building C object zephyr/kernel/CMakeFiles/kernel.dir/spinlock_validate.c.obj
[trulo:ro] [407/417] Building C object zephyr/kernel/CMakeFiles/kernel.dir/thread.c.obj
[trulo:ro] [408/417] Building C object zephyr/kernel/CMakeFiles/kernel.dir/thread_monitor.c.obj
[glassway:rw] [35/413] Building C object zephyr/CMakeFiles/zephyr.dir/soc/nuvoton/npcx/npcx9/soc.c.obj
[glassway:ro] [38/413] Building C object zephyr/CMakeFiles/zephyr.dir/subsys/mem_mgmt/mem_attr.c.obj
[trulo:ro] [409/417] Building C object zephyr/kernel/CMakeFiles/kernel.dir/pipe.c.obj
[glassway:ro] [39/413] Building C object zephyr/CMakeFiles/zephyr.dir/subsys/pm/pm.c.obj
[trulo:ro] [410/417] Building C object zephyr/kernel/CMakeFiles/kernel.dir/sched.c.obj
[glassway:rw] [36/413] Building C object zephyr/CMakeFiles/zephyr.dir/subsys/logging/log_minimal.c.obj
[glassway:rw] [37/413] Building C object zephyr/CMakeFiles/zephyr.dir/subsys/mem_mgmt/mem_attr.c.obj
Toolchain <zmake.toolchains.CorebootSdkToolchain object at 0x7f412047ced0> selected by probe function.
[ponyta] Building in /mnt/host/source/src/platform/ec/build/zephyr/ponyta.
[trulo:ro] [411/417] Building C object zephyr/kernel/CMakeFiles/kernel.dir/timeout.c.obj
[glassway:ro] [40/413] Building C object zephyr/CMakeFiles/zephyr.dir/subsys/pm/policy/policy_latency.c.obj
[glassway:rw] [38/413] Building C object zephyr/CMakeFiles/zephyr.dir/subsys/pm/state.c.obj
[ponyta:rw] Configuring.
[trulo:ro] [412/417] Building C object zephyr/kernel/CMakeFiles/kernel.dir/timer.c.obj
Running `env -i PYTHONPATH=/usr/lib64/python-exec/python3.11:/mnt/host/source/src/platform/ec/zephyr/zmake:/usr/lib/python311.zip:/usr/lib/python3.11:/usr/lib/python3.11/lib-dynload:/usr/lib/python3.11/site-packages PW_PIGWEED_CIPD_INSTALL_DIR=/usr CROSTC_USER_ACKNOWLEDGES_THAT_RISCV_IS_EXPERIMENTAL=1 PATH=/mnt/host/source/chromite/bin:/usr/local/bin:/usr/bin:/bin:/opt/bin:/mnt/host/source/chromite/sdk/bin:/mnt/host/source/chromite/bin HOME=/home/jpmurphy JAVA_HOME=/etc/java-config-2/current-system-vm JDK_HOME=/etc/java-config-2/current-system-vm JAVAC=/etc/java-config-2/current-system-vm/bin/javac MAKEFLAGS=' -j16 --jobserver-auth=5,6' /usr/bin/cmake -S /mnt/host/source/src/platform/ec/zephyr/program/corsola -B /mnt/host/source/src/platform/ec/build/zephyr/ponyta/build-rw -GNinja -DCMAKE_EXPORT_COMPILE_COMMANDS=ON -DZEPHYR_BASE=/mnt/host/source/src/third_party/zephyr/main -DZMAKE_INCLUDE_DIR=/mnt/host/source/src/platform/ec/build/zephyr/ponyta/include -DPython3_EXECUTABLE=/usr/bin/python3.11 -DDTS_ROOT=/mnt/host/source/src/platform/ec/zephyr -DSYSCALL_INCLUDE_DIRS=/mnt/host/source/src/platform/ec/zephyr/include/drivers -DUSER_CACHE_DIR=/mnt/host/source/src/platform/ec/build/zephyr/user-cache '-DEXTRA_EC_VERSION_FLAGS=--version 16543.0.0 --static' -DTOOLCHAIN_ROOT=/mnt/host/source/src/platform/ec/zephyr -DCOREBOOT_SDK_ROOT_x86=/home/jpmurphy/.cache/coreboot-sdk/i386-elf/dfbb0486385d938cfa9d73080b9d18d598ed4f49 -DCOREBOOT_SDK_ROOT_picolibc_x86=/home/jpmurphy/.cache/coreboot-sdk/picolibc-i386-elf/eb8e8e687b95461de8cbf278f1c2076952d0ad17 -DCOREBOOT_SDK_ROOT_riscv64=/home/jpmurphy/.cache/coreboot-sdk/riscv64-elf/96b949749225b6aaa92ed810ab769e8dfb12f000 -DCOREBOOT_SDK_ROOT_picolibc_arm=/home/jpmurphy/.cache/coreboot-sdk/picolibc-arm-eabi/422a2aa3e1ef891b5bece9a3deb696ff83840d2e -DCOREBOOT_SDK_ROOT_nds32=/home/jpmurphy/.cache/coreboot-sdk/nds32le-elf/d1a518c4a097666d86058e1444f85ca015d15511 -DCOREBOOT_SDK_ROOT_picolibc_riscv64=/home/jpmurphy/.cache/coreboot-sdk/picolibc-riscv64-elf/f571e990ef0278564b31124f8bb109d9a697eb69 -DCOREBOOT_SDK_ROOT_arm=/home/jpmurphy/.cache/coreboot-sdk/arm-eabi/ea40ddd1d190c3b48435c474c0b545719371813a -DCOREBOOT_SDK_ROOT_libstdcxx_riscv64=/home/jpmurphy/.cache/coreboot-sdk/libstdcxx-riscv64-elf/17abf22a3a252e2d5d2062ced5324f7a623689e0 -DCOREBOOT_SDK_ROOT_libstdcxx_arm=/home/jpmurphy/.cache/coreboot-sdk/libstdcxx-arm-eabi/5d7d82e150e44aa1968f1d366e267e6687b328ac -DCOREBOOT_SDK_ROOT_riscv=/home/jpmurphy/.cache/coreboot-sdk/riscv-elf/9a27b9e82341c6e9126624f516ab3f261abb3e73 -DCOREBOOT_SDK_ROOT_libstdcxx_x86=/home/jpmurphy/.cache/coreboot-sdk/libstdcxx-i386-elf/42ef9d2e87a76a37963175d7d428734e65648b87 -DZEPHYR_TOOLCHAIN_VARIANT=coreboot-sdk '-DZEPHYR_MODULES=/mnt/host/source/src/platform/ec/build/zephyr/ponyta/modules/cmsis;/mnt/host/source/src/platform/ec/build/zephyr/ponyta/modules/cmsis_6;/mnt/host/source/src/platform/ec/build/zephyr/ponyta/modules/ec' -DDTC_OVERLAY_FILE=/mnt/host/source/src/platform/ec/zephyr/program/corsola/ponyta/project.overlay -DBOARD=npcx9/npcx9m3f -DCMAKE_C_FLAGS=-DSECTION_IS_RW '-DCONF_FILE=/mnt/host/source/src/platform/ec/zephyr/program/corsola/program.conf;/mnt/host/source/src/platform/ec/zephyr/program/corsola/npcx_program.conf;/mnt/host/source/src/platform/ec/zephyr/program/corsola/ponyta/project.conf;/mnt/host/source/src/platform/ec/build/zephyr/ponyta/kconfig-rw.conf'`
[glassway:ro] [41/413] Building C object zephyr/CMakeFiles/zephyr.dir/subsys/pm/policy/policy_events.c.obj
[ponyta:rw] -- Application: /mnt/host/source/src/platform/ec/zephyr/program/corsola
[ponyta:rw] Loading Zephyr default modules (Zephyr base (cached)).
[ponyta:ro] Configuring.
[trulo:ro] [413/417] Building C object zephyr/kernel/CMakeFiles/kernel.dir/poll.c.obj
Running `env -i PYTHONPATH=/usr/lib64/python-exec/python3.11:/mnt/host/source/src/platform/ec/zephyr/zmake:/usr/lib/python311.zip:/usr/lib/python3.11:/usr/lib/python3.11/lib-dynload:/usr/lib/python3.11/site-packages PW_PIGWEED_CIPD_INSTALL_DIR=/usr CROSTC_USER_ACKNOWLEDGES_THAT_RISCV_IS_EXPERIMENTAL=1 PATH=/mnt/host/source/chromite/bin:/usr/local/bin:/usr/bin:/bin:/opt/bin:/mnt/host/source/chromite/sdk/bin:/mnt/host/source/chromite/bin HOME=/home/jpmurphy JAVA_HOME=/etc/java-config-2/current-system-vm JDK_HOME=/etc/java-config-2/current-system-vm JAVAC=/etc/java-config-2/current-system-vm/bin/javac MAKEFLAGS=' -j16 --jobserver-auth=5,6' /usr/bin/cmake -S /mnt/host/source/src/platform/ec/zephyr/program/corsola -B /mnt/host/source/src/platform/ec/build/zephyr/ponyta/build-ro -GNinja -DCMAKE_EXPORT_COMPILE_COMMANDS=ON -DZEPHYR_BASE=/mnt/host/source/src/third_party/zephyr/main -DZMAKE_INCLUDE_DIR=/mnt/host/source/src/platform/ec/build/zephyr/ponyta/include -DPython3_EXECUTABLE=/usr/bin/python3.11 -DDTS_ROOT=/mnt/host/source/src/platform/ec/zephyr -DSYSCALL_INCLUDE_DIRS=/mnt/host/source/src/platform/ec/zephyr/include/drivers -DUSER_CACHE_DIR=/mnt/host/source/src/platform/ec/build/zephyr/user-cache '-DEXTRA_EC_VERSION_FLAGS=--version 16543.0.0 --static' -DTOOLCHAIN_ROOT=/mnt/host/source/src/platform/ec/zephyr -DCOREBOOT_SDK_ROOT_x86=/home/jpmurphy/.cache/coreboot-sdk/i386-elf/dfbb0486385d938cfa9d73080b9d18d598ed4f49 -DCOREBOOT_SDK_ROOT_picolibc_x86=/home/jpmurphy/.cache/coreboot-sdk/picolibc-i386-elf/eb8e8e687b95461de8cbf278f1c2076952d0ad17 -DCOREBOOT_SDK_ROOT_riscv64=/home/jpmurphy/.cache/coreboot-sdk/riscv64-elf/96b949749225b6aaa92ed810ab769e8dfb12f000 -DCOREBOOT_SDK_ROOT_picolibc_arm=/home/jpmurphy/.cache/coreboot-sdk/picolibc-arm-eabi/422a2aa3e1ef891b5bece9a3deb696ff83840d2e -DCOREBOOT_SDK_ROOT_nds32=/home/jpmurphy/.cache/coreboot-sdk/nds32le-elf/d1a518c4a097666d86058e1444f85ca015d15511 -DCOREBOOT_SDK_ROOT_picolibc_riscv64=/home/jpmurphy/.cache/coreboot-sdk/picolibc-riscv64-elf/f571e990ef0278564b31124f8bb109d9a697eb69 -DCOREBOOT_SDK_ROOT_arm=/home/jpmurphy/.cache/coreboot-sdk/arm-eabi/ea40ddd1d190c3b48435c474c0b545719371813a -DCOREBOOT_SDK_ROOT_libstdcxx_riscv64=/home/jpmurphy/.cache/coreboot-sdk/libstdcxx-riscv64-elf/17abf22a3a252e2d5d2062ced5324f7a623689e0 -DCOREBOOT_SDK_ROOT_libstdcxx_arm=/home/jpmurphy/.cache/coreboot-sdk/libstdcxx-arm-eabi/5d7d82e150e44aa1968f1d366e267e6687b328ac -DCOREBOOT_SDK_ROOT_riscv=/home/jpmurphy/.cache/coreboot-sdk/riscv-elf/9a27b9e82341c6e9126624f516ab3f261abb3e73 -DCOREBOOT_SDK_ROOT_libstdcxx_x86=/home/jpmurphy/.cache/coreboot-sdk/libstdcxx-i386-elf/42ef9d2e87a76a37963175d7d428734e65648b87 -DZEPHYR_TOOLCHAIN_VARIANT=coreboot-sdk '-DZEPHYR_MODULES=/mnt/host/source/src/platform/ec/build/zephyr/ponyta/modules/cmsis;/mnt/host/source/src/platform/ec/build/zephyr/ponyta/modules/cmsis_6;/mnt/host/source/src/platform/ec/build/zephyr/ponyta/modules/ec' -DDTC_OVERLAY_FILE=/mnt/host/source/src/platform/ec/zephyr/program/corsola/ponyta/project.overlay -DBOARD=npcx9/npcx9m3f -DCMAKE_C_FLAGS=-DSECTION_IS_RO '-DCONF_FILE=/mnt/host/source/src/platform/ec/zephyr/program/corsola/program.conf;/mnt/host/source/src/platform/ec/zephyr/program/corsola/npcx_program.conf;/mnt/host/source/src/platform/ec/zephyr/program/corsola/ponyta/project.conf;/mnt/host/source/src/platform/ec/build/zephyr/ponyta/kconfig-ro.conf'`
[ponyta:ro] Loading Zephyr default modules (Zephyr base (cached)).
[ponyta:ro] -- Application: /mnt/host/source/src/platform/ec/zephyr/program/corsola
[glassway:ro] [42/413] Building C object zephyr/CMakeFiles/zephyr.dir/subsys/pm/policy/policy_state_lock.c.obj
Running (initial) lcov on /mnt/host/source/src/platform/ec/build/zephyr/ruby.
[trulo:ro] [414/417] Building C object zephyr/kernel/CMakeFiles/kernel.dir/mempool.c.obj
[/mnt/host/source/src/platform/ec/build/zephyr/vader-lcov] stderr:
[trulo:ro] [415/417] Building C object zephyr/kernel/CMakeFiles/kernel.dir/events.c.obj
[glassway:ro] [43/413] Building C object zephyr/CMakeFiles/zephyr.dir/subsys/pm/device.c.obj
[glassway:rw] [39/413] Building C object zephyr/CMakeFiles/zephyr.dir/subsys/pm/pm.c.obj
Toolchain <zmake.toolchains.CorebootSdkToolchain object at 0x7f41204a9050> selected by probe function.
[eirtae] Building in /mnt/host/source/src/platform/ec/build/zephyr/eirtae.
[trulo:ro] [416/417] Building C object zephyr/kernel/CMakeFiles/kernel.dir/dynamic_disabled.c.obj
[glassway:rw] [40/413] Building C object zephyr/CMakeFiles/zephyr.dir/subsys/pm/policy/policy_events.c.obj
[ponyta:rw] -- CMake version: 3.31.7
[ponyta:rw] -- Found Python3: /usr/bin/python3.11 (found suitable version "3.11.11", minimum required is "3.10") found components: Interpreter
[trulo:ro] [417/417] Linking CXX static library zephyr/kernel/libkernel.a
[ponyta:rw] -- Cache files will be written to: /mnt/host/source/src/platform/ec/build/zephyr/user-cache
[ponyta:rw] -- Zephyr version: 4.3.99 (/mnt/host/source/src/third_party/zephyr/main)
[glassway:rw] [41/413] Building C object zephyr/CMakeFiles/zephyr.dir/subsys/pm/policy/policy_latency.c.obj
[ponyta:ro] -- CMake version: 3.31.7
[ponyta:ro] -- Found Python3: /usr/bin/python3.11 (found suitable version "3.11.11", minimum required is "3.10") found components: Interpreter
Running `env -i PYTHONPATH=/usr/lib64/python-exec/python3.11:/mnt/host/source/src/platform/ec/zephyr/zmake:/usr/lib/python311.zip:/usr/lib/python3.11:/usr/lib/python3.11/lib-dynload:/usr/lib/python3.11/site-packages PW_PIGWEED_CIPD_INSTALL_DIR=/usr CROSTC_USER_ACKNOWLEDGES_THAT_RISCV_IS_EXPERIMENTAL=1 PATH=/mnt/host/source/chromite/bin:/usr/local/bin:/usr/bin:/bin:/opt/bin:/mnt/host/source/chromite/sdk/bin:/mnt/host/source/chromite/bin HOME=/home/jpmurphy JAVA_HOME=/etc/java-config-2/current-system-vm JDK_HOME=/etc/java-config-2/current-system-vm JAVAC=/etc/java-config-2/current-system-vm/bin/javac MAKEFLAGS=' -j16 --jobserver-auth=5,6' /usr/bin/lcov --gcov-tool /mnt/host/source/src/platform/ec/build/zephyr/ruby/build-rw/gcov.sh -q -o - -c -d /mnt/host/source/src/platform/ec/build/zephyr/ruby -t ruby --rc branch_coverage=1 --filter range --ignore-errors inconsistent,source --ignore-errors gcov,gcov -i`
[ponyta:ro] -- Cache files will be written to: /mnt/host/source/src/platform/ec/build/zephyr/user-cache
[ponyta:ro] -- Zephyr version: 4.3.99 (/mnt/host/source/src/third_party/zephyr/main)
[/mnt/host/source/src/platform/ec/build/zephyr/vader-lcov]   /mnt/host/source/src/platform/ec/build/zephyr/vader/build-ro/modules/ec/zephyr/CMakeFiles/ec_shim.dir/shim/src/power.c.gcno:no functions found
[/mnt/host/source/src/platform/ec/build/zephyr/vader-lcov] stderr:
[glassway:rw] [42/413] Building C object zephyr/CMakeFiles/zephyr.dir/subsys/pm/policy/policy_state_lock.c.obj
[/mnt/host/source/src/platform/ec/build/zephyr/vader-lcov]   /mnt/host/source/src/platform/ec/build/zephyr/vader/build-ro/modules/ec/zephyr/CMakeFiles/ec_shim.dir/shim/src/thermal.c.gcno:no functions found
[/mnt/host/source/src/platform/ec/build/zephyr/vader-lcov] stderr:
[glassway:ro] [44/413] Building C object zephyr/CMakeFiles/zephyr.dir/subsys/pm/device_system_managed.c.obj
[glassway:ro] [45/413] Building C object zephyr/CMakeFiles/zephyr.dir/subsys/testsuite/coverage/coverage.c.obj
[glassway:ro] [46/413] Building C object zephyr/CMakeFiles/zephyr.dir/subsys/tracing/tracing_none.c.obj
[glassway:rw] [43/413] Building C object zephyr/CMakeFiles/zephyr.dir/subsys/pm/device.c.obj
[glassway:ro] [47/413] Building C object zephyr/CMakeFiles/zephyr.dir/subsys/shell/modules/kernel_service/kernel_shell.c.obj
[/mnt/host/source/src/platform/ec/build/zephyr/vader-lcov]   /mnt/host/source/src/platform/ec/build/zephyr/vader/build-ro/modules/ec/zephyr/CMakeFiles/ec_shim.dir/shim/src/battery.c.gcno:no functions found
[/mnt/host/source/src/platform/ec/build/zephyr/vader-lcov] stderr:
[glassway:ro] [48/413] Building C object zephyr/CMakeFiles/zephyr.dir/subsys/shell/modules/kernel_service/cycles.c.obj
[glassway:rw] [44/413] Building C object zephyr/CMakeFiles/zephyr.dir/subsys/pm/device_system_managed.c.obj
[glassway:rw] [45/413] Building C object zephyr/CMakeFiles/zephyr.dir/subsys/testsuite/coverage/coverage.c.obj
[glassway:ro] [49/413] Building C object zephyr/CMakeFiles/zephyr.dir/subsys/shell/modules/kernel_service/sleep.c.obj
[glassway:rw] [46/413] Building C object zephyr/CMakeFiles/zephyr.dir/subsys/tracing/tracing_none.c.obj
[glassway:rw] [47/413] Building C object zephyr/CMakeFiles/zephyr.dir/subsys/shell/modules/kernel_service/kernel_shell.c.obj
[/mnt/host/source/src/platform/ec/build/zephyr/uldrenite-lcov]   /mnt/host/source/src/platform/ec/build/zephyr/uldrenite/build-ro/CMakeFiles/app.dir/mnt/host/source/src/platform/ec/build/zephyr/uldrenite/modules/ec/common/chargen.c.gcno:no functions found
[/mnt/host/source/src/platform/ec/build/zephyr/uldrenite-lcov] stderr:
[glassway:ro] [50/413] Building C object zephyr/CMakeFiles/zephyr.dir/subsys/shell/modules/kernel_service/uptime.c.obj
[/mnt/host/source/src/platform/ec/build/zephyr/ruby-lcov] geninfo: WARNING: using JSON module "JSON::PP" - which is much slower than some alternatives.  Consider installing one of JSON::XS or Cpanel::JSON::XS
[glassway:ro] [51/413] Building C object zephyr/CMakeFiles/zephyr.dir/subsys/shell/modules/kernel_service/version.c.obj
[glassway:ro] [52/413] Building C object zephyr/CMakeFiles/zephyr.dir/subsys/shell/modules/kernel_service/thread/thread.c.obj
[glassway:ro] [53/413] Building C object zephyr/CMakeFiles/zephyr.dir/subsys/shell/modules/kernel_service/thread/list.c.obj
[/mnt/host/source/src/platform/ec/build/zephyr/vader-lcov]   /mnt/host/source/src/platform/ec/build/zephyr/vader/build-ro/modules/ec/zephyr/CMakeFiles/ec_shim.dir/shim/src/charger.c.gcno:no functions found
[/mnt/host/source/src/platform/ec/build/zephyr/vader-lcov] stderr:
[glassway:rw] [48/413] Building C object zephyr/CMakeFiles/zephyr.dir/subsys/shell/modules/kernel_service/cycles.c.obj
[glassway:rw] [49/413] Building C object zephyr/CMakeFiles/zephyr.dir/subsys/shell/modules/kernel_service/sleep.c.obj
[ponyta:rw] -- Board: npcx9, qualifiers: npcx9m3f
[glassway:ro] [54/413] Building C object zephyr/CMakeFiles/zephyr.dir/subsys/shell/modules/kernel_service/thread/stacks.c.obj
[glassway:rw] [50/413] Building C object zephyr/CMakeFiles/zephyr.dir/subsys/shell/modules/kernel_service/uptime.c.obj
[ponyta:ro] -- Board: npcx9, qualifiers: npcx9m3f
[glassway:ro] [55/413] Building C object zephyr/CMakeFiles/zephyr.dir/subsys/shell/modules/kernel_service/thread/suspend.c.obj
[glassway:rw] [51/413] Building C object zephyr/CMakeFiles/zephyr.dir/subsys/shell/modules/kernel_service/version.c.obj
[/mnt/host/source/src/platform/ec/build/zephyr/vader-lcov]   /mnt/host/source/src/platform/ec/build/zephyr/vader/build-ro/modules/ec/zephyr/CMakeFiles/ec_shim.dir/shim/src/usba.c.gcno:no functions found
[/mnt/host/source/src/platform/ec/build/zephyr/vader-lcov] stderr:
[glassway:rw] [52/413] Building C object zephyr/CMakeFiles/zephyr.dir/subsys/shell/modules/kernel_service/thread/thread.c.obj
[glassway:ro] [56/413] Building C object zephyr/CMakeFiles/zephyr.dir/subsys/shell/modules/kernel_service/thread/resume.c.obj
[glassway:ro] [57/413] Building C object zephyr/CMakeFiles/zephyr.dir/subsys/shell/modules/kernel_service/thread/kill.c.obj
[glassway:rw] [53/413] Building C object zephyr/CMakeFiles/zephyr.dir/subsys/shell/modules/kernel_service/thread/list.c.obj
[glassway:rw] [54/413] Building C object zephyr/CMakeFiles/zephyr.dir/subsys/shell/modules/kernel_service/thread/stacks.c.obj
[glassway:ro] [58/413] Building C object zephyr/CMakeFiles/zephyr.dir/subsys/shell/backends/shell_uart.c.obj
[glassway:ro] [59/413] Building C object zephyr/CMakeFiles/zephyr.dir/subsys/shell/shell_fprintf.c.obj
[glassway:rw] [55/413] Building C object zephyr/CMakeFiles/zephyr.dir/subsys/shell/modules/kernel_service/thread/suspend.c.obj
[glassway:ro] [60/413] Building C object zephyr/CMakeFiles/zephyr.dir/subsys/shell/shell.c.obj
[glassway:ro] [61/413] Building C object zephyr/CMakeFiles/zephyr.dir/subsys/shell/shell_utils.c.obj
[/mnt/host/source/src/platform/ec/build/zephyr/ruby-lcov] stderr:
[glassway:rw] [56/413] Building C object zephyr/CMakeFiles/zephyr.dir/subsys/shell/modules/kernel_service/thread/resume.c.obj
[glassway:rw] [57/413] Building C object zephyr/CMakeFiles/zephyr.dir/subsys/shell/modules/kernel_service/thread/kill.c.obj
[glassway:ro] [62/413] Building C object zephyr/CMakeFiles/zephyr.dir/subsys/shell/shell_history.c.obj
[glassway:ro] [63/413] Building C object zephyr/CMakeFiles/zephyr.dir/subsys/shell/shell_ops.c.obj
[/mnt/host/source/src/platform/ec/build/zephyr/ruby-lcov]   /mnt/host/source/src/platform/ec/build/zephyr/ruby/build-ro/modules/ec/zephyr/CMakeFiles/ec_shim.dir/shim/src/thermal.c.gcno:no functions found
[/mnt/host/source/src/platform/ec/build/zephyr/ruby-lcov] stderr:
[glassway:ro] [64/413] Building C object zephyr/arch/common/CMakeFiles/arch__common.dir/init.c.obj
[glassway:ro] [65/413] Building C object zephyr/CMakeFiles/zephyr.dir/drivers/flash/flash_util.c.obj
[glassway:ro] [66/413] Building C object zephyr/arch/common/CMakeFiles/arch__common.dir/sw_isr_common.c.obj
[glassway:rw] [58/413] Building C object zephyr/CMakeFiles/zephyr.dir/subsys/shell/backends/shell_uart.c.obj
[glassway:rw] [59/413] Building C object zephyr/CMakeFiles/zephyr.dir/subsys/shell/shell.c.obj
[glassway:ro] [67/413] Linking C static library zephyr/libzephyr.a
[/mnt/host/source/src/platform/ec/build/zephyr/ruby-lcov]   /mnt/host/source/src/platform/ec/build/zephyr/ruby/build-ro/modules/ec/zephyr/CMakeFiles/ec_shim.dir/shim/src/battery.c.gcno:no functions found
[/mnt/host/source/src/platform/ec/build/zephyr/ruby-lcov] stderr:
[glassway:ro] [68/413] Building C object zephyr/arch/common/CMakeFiles/arch__common.dir/xip.c.obj
[glassway:ro] [69/413] Building ASM object zephyr/arch/arch/arm/core/CMakeFiles/arch__arm__core.dir/nmi_on_reset.S.obj
[glassway:rw] [60/413] Building C object zephyr/CMakeFiles/zephyr.dir/subsys/shell/shell_fprintf.c.obj
[ponyta:ro] -- Found Dtc: /usr/bin/dtc (found suitable version "1.6.0", minimum required is "1.4.6")
[ponyta:ro] -- Found BOARD.dts: /mnt/host/source/src/platform/ec/zephyr/boards/google/npcx9/npcx9_npcx9m3f.dts
[ponyta:ro] -- Found devicetree overlay: /mnt/host/source/src/platform/ec/zephyr/program/corsola/ponyta/project.overlay
[ponyta:rw] -- Found Dtc: /usr/bin/dtc (found suitable version "1.6.0", minimum required is "1.4.6")
[ponyta:rw] -- Found BOARD.dts: /mnt/host/source/src/platform/ec/zephyr/boards/google/npcx9/npcx9_npcx9m3f.dts
[glassway:ro] [70/413] Building C object zephyr/arch/common/CMakeFiles/isr_tables.dir/isr_tables.c.obj
[glassway:ro] [71/413] Building ASM object zephyr/arch/arch/arm/core/cortex_m/CMakeFiles/arch__arm__core__cortex_m.dir/fault_s.S.obj
[glassway:ro] [72/413] Linking C static library zephyr/arch/common/libisr_tables.a
[glassway:rw] [61/413] Building C object zephyr/CMakeFiles/zephyr.dir/subsys/shell/shell_ops.c.obj
[glassway:rw] [62/413] Building C object zephyr/CMakeFiles/zephyr.dir/subsys/shell/shell_utils.c.obj
[glassway:ro] [73/413] Linking C static library zephyr/arch/common/libarch__common.a
[glassway:ro] [74/413] Building C object zephyr/arch/arch/arm/core/CMakeFiles/arch__arm__core.dir/nmi.c.obj
[glassway:ro] [75/413] Building C object zephyr/arch/arch/arm/core/CMakeFiles/arch__arm__core.dir/fatal.c.obj
[glassway:ro] [76/413] Linking C static library zephyr/arch/arch/arm/core/libarch__arm__core.a
[glassway:rw] [63/413] Building C object zephyr/CMakeFiles/zephyr.dir/subsys/shell/shell_history.c.obj
[glassway:rw] [64/413] Building C object zephyr/arch/common/CMakeFiles/arch__common.dir/init.c.obj
[glassway:ro] [77/413] Building C object zephyr/arch/arch/arm/core/cortex_m/CMakeFiles/arch__arm__core__cortex_m.dir/exc_exit.c.obj
[glassway:rw] [65/413] Building C object zephyr/arch/common/CMakeFiles/arch__common.dir/sw_isr_common.c.obj
[glassway:ro] [78/413] Building C object zephyr/arch/arch/arm/core/cortex_m/CMakeFiles/arch__arm__core__cortex_m.dir/fault.c.obj
[/mnt/host/source/src/platform/ec/build/zephyr/ruby-lcov]   /mnt/host/source/src/platform/ec/build/zephyr/ruby/build-ro/modules/ec/zephyr/CMakeFiles/ec_shim.dir/shim/src/charger.c.gcno:no functions found
[/mnt/host/source/src/platform/ec/build/zephyr/ruby-lcov] stderr:
[glassway:rw] [66/413] Building C object zephyr/CMakeFiles/zephyr.dir/drivers/flash/flash_util.c.obj
[glassway:rw] [67/413] Building C object zephyr/arch/common/CMakeFiles/arch__common.dir/xip.c.obj
[glassway:rw] [68/413] Linking C static library zephyr/libzephyr.a
[glassway:ro] [79/413] Building C object zephyr/arch/arch/arm/core/cortex_m/CMakeFiles/arch__arm__core__cortex_m.dir/fpu.c.obj
[glassway:ro] [80/413] Building ASM object zephyr/arch/arch/arm/core/cortex_m/CMakeFiles/arch__arm__core__cortex_m.dir/reset.S.obj
[glassway:ro] [81/413] Building ASM object zephyr/arch/arch/arm/core/cortex_m/CMakeFiles/arch__arm__core__cortex_m.dir/vector_table.S.obj
[glassway:ro] [82/413] Building C object zephyr/arch/arch/arm/core/cortex_m/CMakeFiles/arch__arm__core__cortex_m.dir/scb.c.obj
[glassway:rw] [69/413] Building ASM object zephyr/arch/arch/arm/core/CMakeFiles/arch__arm__core.dir/nmi_on_reset.S.obj
[glassway:ro] [83/413] Building C object zephyr/arch/arch/arm/core/cortex_m/CMakeFiles/arch__arm__core__cortex_m.dir/thread_abort.c.obj
[glassway:rw] [70/413] Building C object zephyr/arch/common/CMakeFiles/isr_tables.dir/isr_tables.c.obj
[glassway:rw] [71/413] Linking C static library zephyr/arch/common/libisr_tables.a
[glassway:rw] [72/413] Linking C static library zephyr/arch/common/libarch__common.a
[glassway:rw] [73/413] Building C object zephyr/arch/arch/arm/core/CMakeFiles/arch__arm__core.dir/fatal.c.obj
[glassway:rw] [74/413] Building C object zephyr/arch/arch/arm/core/CMakeFiles/arch__arm__core.dir/nmi.c.obj
[glassway:ro] [84/413] Building ASM object zephyr/arch/arch/arm/core/cortex_m/CMakeFiles/arch__arm__core__cortex_m.dir/swap_helper.S.obj
[glassway:rw] [75/413] Linking C static library zephyr/arch/arch/arm/core/libarch__arm__core.a
[glassway:rw] [76/413] Building ASM object zephyr/arch/arch/arm/core/cortex_m/CMakeFiles/arch__arm__core__cortex_m.dir/fault_s.S.obj
[glassway:rw] [77/413] Building C object zephyr/arch/arch/arm/core/cortex_m/CMakeFiles/arch__arm__core__cortex_m.dir/exc_exit.c.obj
[glassway:ro] [85/413] Building C object zephyr/arch/arch/arm/core/cortex_m/CMakeFiles/arch__arm__core__cortex_m.dir/prep_c.c.obj
[glassway:ro] [86/413] Building C object zephyr/arch/arch/arm/core/cortex_m/CMakeFiles/arch__arm__core__cortex_m.dir/irq_manage.c.obj
[ponyta:rw] node '/batteries/ult_u485496phr' compatible 'utl,hq24u3s1p3i' has unknown vendor prefix 'utl'
[glassway:rw] [78/413] Building C object zephyr/arch/arch/arm/core/cortex_m/CMakeFiles/arch__arm__core__cortex_m.dir/fault.c.obj
[glassway:ro] [87/413] Building C object zephyr/arch/arch/arm/core/cortex_m/CMakeFiles/arch__arm__core__cortex_m.dir/cpu_idle.c.obj
[glassway:ro] [88/413] Building C object zephyr/arch/arch/arm/core/cortex_m/CMakeFiles/arch__arm__core__cortex_m.dir/thread.c.obj
[glassway:ro] [89/413] Building C object zephyr/arch/arch/arm/core/cortex_m/CMakeFiles/arch__arm__core__cortex_m.dir/irq_init.c.obj
[ponyta:ro] node '/batteries/ult_u485496phr' compatible 'utl,hq24u3s1p3i' has unknown vendor prefix 'utl'
[glassway:ro] [90/413] Generating ../../../include/generated/libc/minimal/strerror_table.h
[ponyta:rw] -- Found devicetree overlay: /mnt/host/source/src/platform/ec/zephyr/program/corsola/ponyta/project.overlay
[ponyta:rw] -- Generated zephyr.dts: /mnt/host/source/src/platform/ec/build/zephyr/ponyta/build-rw/zephyr/zephyr.dts
[ponyta:rw] -- Generated pickled edt: /mnt/host/source/src/platform/ec/build/zephyr/ponyta/build-rw/zephyr/edt.pickle
[ponyta:ro] -- Generated zephyr.dts: /mnt/host/source/src/platform/ec/build/zephyr/ponyta/build-ro/zephyr/zephyr.dts
[ponyta:ro] -- Generated pickled edt: /mnt/host/source/src/platform/ec/build/zephyr/ponyta/build-ro/zephyr/edt.pickle
[glassway:ro] [91/413] Building C object zephyr/lib/libc/minimal/CMakeFiles/lib__libc__minimal.dir/source/stdlib/atoi.c.obj
[glassway:rw] [79/413] Building C object zephyr/arch/arch/arm/core/cortex_m/CMakeFiles/arch__arm__core__cortex_m.dir/fpu.c.obj
[glassway:rw] [80/413] Building ASM object zephyr/arch/arch/arm/core/cortex_m/CMakeFiles/arch__arm__core__cortex_m.dir/vector_table.S.obj
[glassway:rw] [81/413] Building ASM object zephyr/arch/arch/arm/core/cortex_m/CMakeFiles/arch__arm__core__cortex_m.dir/reset.S.obj
[glassway:ro] [92/413] Building C object zephyr/arch/arch/arm/core/cortex_m/CMakeFiles/arch__arm__core__cortex_m.dir/isr_wrapper.c.obj
[glassway:ro] [93/413] Building C object zephyr/lib/libc/minimal/CMakeFiles/lib__libc__minimal.dir/source/stdlib/strtol.c.obj
[glassway:rw] [82/413] Building C object zephyr/arch/arch/arm/core/cortex_m/CMakeFiles/arch__arm__core__cortex_m.dir/scb.c.obj
[glassway:ro] [94/413] Linking C static library zephyr/arch/arch/arm/core/cortex_m/libarch__arm__core__cortex_m.a
[glassway:rw] [83/413] Building C object zephyr/arch/arch/arm/core/cortex_m/CMakeFiles/arch__arm__core__cortex_m.dir/thread_abort.c.obj
[glassway:ro] [95/413] Building C object zephyr/arch/arch/arm/core/mpu/CMakeFiles/arch__arm__core__mpu.dir/arm_core_mpu.c.obj
[glassway:ro] [96/413] Building C object zephyr/lib/libc/minimal/CMakeFiles/lib__libc__minimal.dir/source/stdlib/strtoul.c.obj
[/mnt/host/source/src/platform/ec/build/zephyr/ruby-lcov]   /mnt/host/source/src/platform/ec/build/zephyr/ruby/build-ro/modules/ec/zephyr/CMakeFiles/ec_shim.dir/shim/src/usba.c.gcno:no functions found
[/mnt/host/source/src/platform/ec/build/zephyr/ruby-lcov] stderr:
[glassway:ro] [97/413] Building C object zephyr/arch/arch/arm/core/mpu/CMakeFiles/arch__arm__core__mpu.dir/arm_mpu_regions.c.obj
[glassway:ro] [98/413] Building C object zephyr/arch/arch/arm/core/mpu/CMakeFiles/arch__arm__core__mpu.dir/arm_mpu.c.obj
[glassway:ro] [99/413] Building C object zephyr/lib/libc/minimal/CMakeFiles/lib__libc__minimal.dir/source/stdlib/bsearch.c.obj
[glassway:ro] [100/413] Building C object zephyr/lib/libc/common/CMakeFiles/lib__libc__common.dir/source/stdlib/abort.c.obj
[glassway:ro] [101/413] Building C object zephyr/lib/libc/minimal/CMakeFiles/lib__libc__minimal.dir/source/stdlib/strtoll.c.obj
[ponyta:rw] -- Generated devicetree_generated.h: /mnt/host/source/src/platform/ec/build/zephyr/ponyta/build-rw/zephyr/include/generated/zephyr/devicetree_generated.h
[glassway:ro] [102/413] Building C object zephyr/lib/libc/minimal/CMakeFiles/lib__libc__minimal.dir/source/stdlib/strtoull.c.obj
[glassway:ro] [103/413] Linking C static library zephyr/arch/arch/arm/core/mpu/libarch__arm__core__mpu.a
[ponyta:ro] -- Generated devicetree_generated.h: /mnt/host/source/src/platform/ec/build/zephyr/ponyta/build-ro/zephyr/include/generated/zephyr/devicetree_generated.h
[glassway:ro] [104/413] Building C object zephyr/lib/libc/minimal/CMakeFiles/lib__libc__minimal.dir/source/string/strncasecmp.c.obj
[glassway:ro] [105/413] Building C object zephyr/lib/libc/minimal/CMakeFiles/lib__libc__minimal.dir/source/string/strstr.c.obj
[glassway:rw] [84/413] Building C object zephyr/arch/arch/arm/core/cortex_m/CMakeFiles/arch__arm__core__cortex_m.dir/irq_manage.c.obj
[glassway:rw] [85/413] Building ASM object zephyr/arch/arch/arm/core/cortex_m/CMakeFiles/arch__arm__core__cortex_m.dir/swap_helper.S.obj
[glassway:ro] [106/413] Building C object zephyr/lib/libc/minimal/CMakeFiles/lib__libc__minimal.dir/source/string/string.c.obj
[glassway:ro] [107/413] Building C object zephyr/lib/libc/minimal/CMakeFiles/lib__libc__minimal.dir/source/string/strspn.c.obj
[glassway:ro] [108/413] Building C object zephyr/lib/libc/minimal/CMakeFiles/lib__libc__minimal.dir/source/stdlib/qsort.c.obj
[glassway:ro] [109/413] Building C object zephyr/lib/libc/minimal/CMakeFiles/lib__libc__minimal.dir/source/string/strerror.c.obj
[glassway:rw] [86/413] Building C object zephyr/arch/arch/arm/core/cortex_m/CMakeFiles/arch__arm__core__cortex_m.dir/prep_c.c.obj
[glassway:rw] [87/413] Building C object zephyr/arch/arch/arm/core/cortex_m/CMakeFiles/arch__arm__core__cortex_m.dir/thread.c.obj
[glassway:ro] [110/413] Building C object zephyr/lib/libc/minimal/CMakeFiles/lib__libc__minimal.dir/source/math/sqrtf.c.obj
[glassway:rw] [88/413] Building C object zephyr/arch/arch/arm/core/cortex_m/CMakeFiles/arch__arm__core__cortex_m.dir/cpu_idle.c.obj
[/mnt/host/source/src/platform/ec/build/zephyr/uldrenite-lcov]   /mnt/host/source/src/platform/ec/build/zephyr/uldrenite/build-ro/CMakeFiles/app.dir/mnt/host/source/src/platform/ec/build/zephyr/uldrenite/modules/ec/common/cbi_config.c.gcno:no functions found
[/mnt/host/source/src/platform/ec/build/zephyr/uldrenite-lcov] stderr:
[glassway:ro] [111/413] Building C object zephyr/lib/libc/minimal/CMakeFiles/lib__libc__minimal.dir/source/stdlib/exit.c.obj
[glassway:ro] [112/413] Building C object zephyr/lib/libc/minimal/CMakeFiles/lib__libc__minimal.dir/source/math/sqrt.c.obj
[glassway:rw] [89/413] Building C object zephyr/arch/arch/arm/core/cortex_m/CMakeFiles/arch__arm__core__cortex_m.dir/irq_init.c.obj
[glassway:ro] [113/413] Building C object zephyr/lib/libc/minimal/CMakeFiles/lib__libc__minimal.dir/source/stdout/stdout_console.c.obj
[glassway:ro] [114/413] Building C object zephyr/lib/libc/common/CMakeFiles/lib__libc__common.dir/source/time/asctime.c.obj
[glassway:ro] [115/413] Building C object zephyr/lib/libc/minimal/CMakeFiles/lib__libc__minimal.dir/source/stdout/fprintf.c.obj
[glassway:ro] [116/413] Building C object zephyr/lib/libc/common/CMakeFiles/lib__libc__common.dir/source/time/gmtime_r.c.obj
[glassway:rw] [90/413] Building C object zephyr/arch/arch/arm/core/cortex_m/CMakeFiles/arch__arm__core__cortex_m.dir/isr_wrapper.c.obj
[glassway:rw] [91/413] Generating ../../../include/generated/libc/minimal/strerror_table.h
[glassway:ro] [117/413] Building C object zephyr/lib/libc/minimal/CMakeFiles/lib__libc__minimal.dir/source/stdout/sprintf.c.obj
[glassway:rw] [92/413] Linking C static library zephyr/arch/arch/arm/core/cortex_m/libarch__arm__core__cortex_m.a
[glassway:ro] [118/413] Building C object zephyr/lib/libc/common/CMakeFiles/lib__libc__common.dir/source/time/ctime.c.obj
[glassway:ro] [119/413] Building C object zephyr/lib/libc/common/CMakeFiles/lib__libc__common.dir/source/string/strnlen.c.obj
[glassway:rw] [93/413] Building C object zephyr/arch/arch/arm/core/mpu/CMakeFiles/arch__arm__core__mpu.dir/arm_core_mpu.c.obj
[glassway:rw] [94/413] Building C object zephyr/lib/libc/minimal/CMakeFiles/lib__libc__minimal.dir/source/stdlib/atoi.c.obj
[glassway:ro] [120/413] Building C object zephyr/lib/libc/common/CMakeFiles/lib__libc__common.dir/source/time/localtime_r_utc.c.obj
[glassway:ro] [121/413] Building C object zephyr/lib/libc/common/CMakeFiles/lib__libc__common.dir/source/time/time.c.obj
[glassway:rw] [95/413] Building C object zephyr/arch/arch/arm/core/mpu/CMakeFiles/arch__arm__core__mpu.dir/arm_mpu_regions.c.obj
[glassway:rw] [96/413] Building C object zephyr/lib/libc/minimal/CMakeFiles/lib__libc__minimal.dir/source/stdlib/strtol.c.obj
[glassway:rw] [97/413] Building C object zephyr/lib/libc/minimal/CMakeFiles/lib__libc__minimal.dir/source/stdlib/strtoul.c.obj
[glassway:rw] [98/413] Building C object zephyr/arch/arch/arm/core/mpu/CMakeFiles/arch__arm__core__mpu.dir/arm_mpu.c.obj
[glassway:ro] [122/413] Building C object zephyr/subsys/crc/CMakeFiles/subsys__crc.dir/crc4_sw.c.obj
[glassway:ro] [123/413] Building C object zephyr/lib/libc/minimal/CMakeFiles/lib__libc__minimal.dir/source/time/gmtime.c.obj
[glassway:rw] [99/413] Building C object zephyr/lib/libc/minimal/CMakeFiles/lib__libc__minimal.dir/source/stdlib/strtoll.c.obj
[glassway:ro] [124/413] Building C object zephyr/lib/posix/c_lib_ext/CMakeFiles/lib__posix__c_lib_ext.dir/fnmatch.c.obj
[glassway:rw] [100/413] Linking C static library zephyr/arch/arch/arm/core/mpu/libarch__arm__core__mpu.a
[glassway:rw] [101/413] Building C object zephyr/lib/libc/minimal/CMakeFiles/lib__libc__minimal.dir/source/stdlib/bsearch.c.obj
[glassway:rw] [102/413] Building C object zephyr/lib/libc/minimal/CMakeFiles/lib__libc__minimal.dir/source/stdlib/strtoull.c.obj
[glassway:ro] [125/413] Linking C static library zephyr/lib/libc/minimal/liblib__libc__minimal.a
[glassway:ro] [126/413] Building C object zephyr/subsys/crc/CMakeFiles/subsys__crc.dir/crc16_sw.c.obj
[glassway:rw] [103/413] Building C object zephyr/lib/libc/minimal/CMakeFiles/lib__libc__minimal.dir/source/string/strstr.c.obj
[glassway:ro] [127/413] Building C object zephyr/subsys/crc/CMakeFiles/subsys__crc.dir/crc8_sw.c.obj
[glassway:rw] [104/413] Building C object zephyr/lib/libc/minimal/CMakeFiles/lib__libc__minimal.dir/source/string/strncasecmp.c.obj
[glassway:ro] [128/413] Building C object zephyr/subsys/crc/CMakeFiles/subsys__crc.dir/crc7_sw.c.obj
[glassway:rw] [105/413] Building C object zephyr/lib/libc/minimal/CMakeFiles/lib__libc__minimal.dir/source/stdlib/qsort.c.obj
[glassway:rw] [106/413] Building C object zephyr/lib/libc/minimal/CMakeFiles/lib__libc__minimal.dir/source/string/strerror.c.obj
[glassway:ro] [129/413] Building C object zephyr/subsys/crc/CMakeFiles/subsys__crc.dir/crc24_sw.c.obj
[glassway:rw] [107/413] Building C object zephyr/lib/libc/minimal/CMakeFiles/lib__libc__minimal.dir/source/string/strspn.c.obj
[glassway:ro] [130/413] Building C object zephyr/subsys/crc/CMakeFiles/subsys__crc.dir/crc32c_sw.c.obj
[glassway:ro] [131/413] Building C object zephyr/subsys/crc/CMakeFiles/subsys__crc.dir/crc32_sw.c.obj
[glassway:rw] [108/413] Building C object zephyr/lib/libc/minimal/CMakeFiles/lib__libc__minimal.dir/source/string/string.c.obj
[glassway:ro] [132/413] Building C object zephyr/subsys/crc/CMakeFiles/subsys__crc.dir/crc32k_4_2_sw.c.obj
[glassway:ro] [133/413] Building C object zephyr/lib/libc/common/CMakeFiles/lib__libc__common.dir/source/stdlib/malloc.c.obj
[/mnt/host/source/src/platform/ec/build/zephyr/uldrenite-lcov]   /mnt/host/source/src/platform/ec/build/zephyr/uldrenite/build-ro/zephyr/arch/arch/arm/core/mpu/CMakeFiles/arch__arm__core__mpu.dir/arm_mpu_regions.c.gcno:no functions found
[/mnt/host/source/src/platform/ec/build/zephyr/uldrenite-lcov] stderr:
[glassway:ro] [134/413] Linking C static library zephyr/subsys/crc/libsubsys__crc.a
[glassway:ro] [135/413] Building C object zephyr/lib/posix/c_lib_ext/CMakeFiles/lib__posix__c_lib_ext.dir/getopt_shim.c.obj
[glassway:ro] [136/413] Linking C static library zephyr/lib/libc/common/liblib__libc__common.a
[glassway:ro] [137/413] Building C object zephyr/lib/posix/c_lib_ext/CMakeFiles/lib__posix__c_lib_ext.dir/getentropy.c.obj
[glassway:rw] [109/413] Building C object zephyr/lib/libc/minimal/CMakeFiles/lib__libc__minimal.dir/source/math/sqrtf.c.obj
[glassway:ro] [138/413] Linking C static library zephyr/lib/posix/c_lib_ext/liblib__posix__c_lib_ext.a
[glassway:rw] [110/413] Building C object zephyr/lib/libc/minimal/CMakeFiles/lib__libc__minimal.dir/source/stdlib/exit.c.obj
[glassway:rw] [111/413] Building C object zephyr/lib/libc/minimal/CMakeFiles/lib__libc__minimal.dir/source/math/sqrt.c.obj
[glassway:rw] [112/413] Building C object zephyr/lib/libc/minimal/CMakeFiles/lib__libc__minimal.dir/source/stdout/stdout_console.c.obj
[glassway:rw] [113/413] Building C object zephyr/lib/libc/minimal/CMakeFiles/lib__libc__minimal.dir/source/stdout/sprintf.c.obj
[glassway:rw] [114/413] Building C object zephyr/lib/libc/minimal/CMakeFiles/lib__libc__minimal.dir/source/stdout/fprintf.c.obj
[glassway:rw] [115/413] Building C object zephyr/lib/libc/common/CMakeFiles/lib__libc__common.dir/source/time/gmtime_r.c.obj
[glassway:rw] [116/413] Building C object zephyr/lib/libc/common/CMakeFiles/lib__libc__common.dir/source/time/asctime.c.obj
[/mnt/host/source/src/platform/ec/build/zephyr/vader-lcov]   /mnt/host/source/src/platform/ec/build/zephyr/vader/build-ro/modules/ec/zephyr/CMakeFiles/ec_shim.dir/shim/src/keyscan.c.gcno:no functions found
[/mnt/host/source/src/platform/ec/build/zephyr/vader-lcov] stderr:
[glassway:ro] [139/413] Building C object zephyr/drivers/adc/CMakeFiles/drivers__adc.dir/adc_common.c.obj
[glassway:ro] [140/413] Building C object zephyr/drivers/interrupt_controller/CMakeFiles/drivers__interrupt_controller.dir/intc_miwu.c.obj
[glassway:rw] [117/413] Building C object zephyr/lib/libc/common/CMakeFiles/lib__libc__common.dir/source/time/localtime_r_utc.c.obj
[glassway:ro] [141/413] Building C object zephyr/drivers/bbram/CMakeFiles/drivers__bbram.dir/bbram_npcx.c.obj
[glassway:ro] [142/413] Building C object zephyr/drivers/console/CMakeFiles/drivers__console.dir/uart_console.c.obj
[glassway:rw] [118/413] Building C object zephyr/lib/libc/common/CMakeFiles/lib__libc__common.dir/source/time/ctime.c.obj
[glassway:rw] [119/413] Building C object zephyr/lib/libc/common/CMakeFiles/lib__libc__common.dir/source/time/time.c.obj
[glassway:ro] [143/413] Building C object zephyr/drivers/clock_control/CMakeFiles/drivers__clock_control.dir/clock_control_npcx.c.obj
[glassway:ro] [144/413] Linking C static library zephyr/drivers/interrupt_controller/libdrivers__interrupt_controller.a
[glassway:ro] [145/413] Linking C static library zephyr/drivers/console/libdrivers__console.a
[glassway:ro] [146/413] Linking C static library zephyr/drivers/bbram/libdrivers__bbram.a
[glassway:ro] [147/413] Building C object zephyr/drivers/adc/CMakeFiles/drivers__adc.dir/adc_npcx.c.obj
[/mnt/host/source/src/platform/ec/build/zephyr/uldrenite-lcov]   /mnt/host/source/src/platform/ec/build/zephyr/uldrenite/build-ro/zephyr/arch/common/CMakeFiles/isr_tables.dir/isr_tables.c.gcno:no functions found
[/mnt/host/source/src/platform/ec/build/zephyr/uldrenite-lcov] stderr:
[glassway:ro] [148/413] Linking C static library zephyr/drivers/clock_control/libdrivers__clock_control.a
[glassway:rw] [120/413] Building C object zephyr/lib/libc/common/CMakeFiles/lib__libc__common.dir/source/string/strnlen.c.obj
[glassway:rw] [121/413] Building C object zephyr/lib/libc/minimal/CMakeFiles/lib__libc__minimal.dir/source/time/gmtime.c.obj
[glassway:ro] [149/413] Linking C static library zephyr/drivers/adc/libdrivers__adc.a
[glassway:rw] [122/413] Building C object zephyr/lib/posix/c_lib_ext/CMakeFiles/lib__posix__c_lib_ext.dir/fnmatch.c.obj
[glassway:rw] [123/413] Linking C static library zephyr/lib/libc/minimal/liblib__libc__minimal.a
[glassway:rw] [124/413] Building C object zephyr/lib/libc/common/CMakeFiles/lib__libc__common.dir/source/stdlib/abort.c.obj
[glassway:rw] [125/413] Building C object zephyr/subsys/crc/CMakeFiles/subsys__crc.dir/crc4_sw.c.obj
[glassway:rw] [126/413] Building C object zephyr/subsys/crc/CMakeFiles/subsys__crc.dir/crc8_sw.c.obj
[glassway:rw] [127/413] Building C object zephyr/subsys/crc/CMakeFiles/subsys__crc.dir/crc16_sw.c.obj
[glassway:rw] [128/413] Building C object zephyr/subsys/crc/CMakeFiles/subsys__crc.dir/crc7_sw.c.obj
[glassway:rw] [129/413] Building C object zephyr/subsys/crc/CMakeFiles/subsys__crc.dir/crc24_sw.c.obj
[glassway:ro] [150/413] Building C object zephyr/drivers/eeprom/CMakeFiles/drivers__eeprom.dir/eeprom_at2x.c.obj
[glassway:rw] [130/413] Building C object zephyr/subsys/crc/CMakeFiles/subsys__crc.dir/crc32c_sw.c.obj
[glassway:ro] [151/413] Linking C static library zephyr/drivers/eeprom/libdrivers__eeprom.a
[glassway:rw] [131/413] Building C object zephyr/lib/libc/common/CMakeFiles/lib__libc__common.dir/source/stdlib/malloc.c.obj
[glassway:rw] [132/413] Building C object zephyr/subsys/crc/CMakeFiles/subsys__crc.dir/crc32k_4_2_sw.c.obj
[glassway:rw] [133/413] Building C object zephyr/lib/posix/c_lib_ext/CMakeFiles/lib__posix__c_lib_ext.dir/getentropy.c.obj
[glassway:rw] [134/413] Building C object zephyr/subsys/crc/CMakeFiles/subsys__crc.dir/crc32_sw.c.obj
[glassway:rw] [135/413] Linking C static library zephyr/lib/libc/common/liblib__libc__common.a
[glassway:rw] [136/413] Linking C static library zephyr/subsys/crc/libsubsys__crc.a
[glassway:rw] [137/413] Building C object zephyr/lib/posix/c_lib_ext/CMakeFiles/lib__posix__c_lib_ext.dir/getopt_shim.c.obj
[glassway:ro] [152/413] Building C object zephyr/drivers/flash/CMakeFiles/drivers__flash.dir/flash_npcx_fiu_nor.c.obj
[glassway:rw] [138/413] Linking C static library zephyr/lib/posix/c_lib_ext/liblib__posix__c_lib_ext.a
[glassway:ro] [153/413] Building C object zephyr/drivers/flash/CMakeFiles/drivers__flash.dir/jesd216.c.obj
[glassway:ro] [154/413] Building C object zephyr/drivers/flash/CMakeFiles/drivers__flash.dir/flash_npcx_fiu_qspi.c.obj
[glassway:ro] [155/413] Building C object zephyr/drivers/espi/CMakeFiles/drivers__espi.dir/espi_npcx.c.obj
[glassway:ro] [156/413] Building C object zephyr/drivers/espi/CMakeFiles/drivers__espi.dir/host_subs_npcx.c.obj
[glassway:ro] [157/413] Linking C static library zephyr/drivers/flash/libdrivers__flash.a
[glassway:ro] [158/413] Linking C static library zephyr/drivers/espi/libdrivers__espi.a
[ponyta:rw] warning: PLATFORM_EC_USB_PD_DEBUG_LEVEL (defined at
[ponyta:rw] /mnt/host/source/src/platform/ec/zephyr/Kconfig.pd:61) was assigned the value '2' but got the value
[ponyta:rw] ''. Check these unsatisfied dependencies: PLATFORM_EC_USB_PD_DEBUG_FIXED_LEVEL (=n). See
[ponyta:rw] http://docs.zephyrproject.org/latest/kconfig.html#CONFIG_PLATFORM_EC_USB_PD_DEBUG_LEVEL and/or look
[ponyta:rw] up PLATFORM_EC_USB_PD_DEBUG_LEVEL in the menuconfig/guiconfig interface. The Application Development
[ponyta:rw] Primer, Setting Configuration Values, and Kconfig - Tips and Best Practices sections of the manual
[ponyta:rw] might be helpful too.
[ponyta:rw] warning: PLATFORM_EC_BC12_CLIENT_MODE_ONLY_PI3USB9201 (defined at
[ponyta:rw] /mnt/host/source/src/platform/ec/zephyr/Kconfig.usb_charger:53) was assigned the value 'y' but got
[ponyta:rw] the value 'n'. Check these unsatisfied dependencies: PLATFORM_EC_BC12_DETECT_PI3USB9201 (=n),
[ponyta:rw] PLATFORM_EC_USB_CHARGER (=n). See http://docs.zephyrproject.org/latest/kconfig.html#CONFIG_PLATFORM_
[ponyta:rw] EC_BC12_CLIENT_MODE_ONLY_PI3USB9201 and/or look up PLATFORM_EC_BC12_CLIENT_MODE_ONLY_PI3USB9201 in
[ponyta:rw] the menuconfig/guiconfig interface. The Application Development Primer, Setting Configuration
[ponyta:rw] Values, and Kconfig - Tips and Best Practices sections of the manual might be helpful too.
[ponyta:rw] warning: Deprecated symbol I2C_ALLOW_NO_STOP_TRANSACTIONS is enabled.
[ponyta:ro] warning: PLATFORM_EC_USB_PD_DEBUG_LEVEL (defined at
[ponyta:ro] /mnt/host/source/src/platform/ec/zephyr/Kconfig.pd:61) was assigned the value '2' but got the value
[ponyta:ro] ''. Check these unsatisfied dependencies: PLATFORM_EC_USB_PD_DEBUG_FIXED_LEVEL (=n). See
[ponyta:ro] http://docs.zephyrproject.org/latest/kconfig.html#CONFIG_PLATFORM_EC_USB_PD_DEBUG_LEVEL and/or look
[ponyta:ro] up PLATFORM_EC_USB_PD_DEBUG_LEVEL in the menuconfig/guiconfig interface. The Application Development
[ponyta:ro] Primer, Setting Configuration Values, and Kconfig - Tips and Best Practices sections of the manual
[ponyta:ro] might be helpful too.
[ponyta:ro] warning: PLATFORM_EC_BC12_CLIENT_MODE_ONLY_PI3USB9201 (defined at
[ponyta:ro] /mnt/host/source/src/platform/ec/zephyr/Kconfig.usb_charger:53) was assigned the value 'y' but got
[ponyta:ro] the value 'n'. Check these unsatisfied dependencies: PLATFORM_EC_BC12_DETECT_PI3USB9201 (=n),
[ponyta:ro] PLATFORM_EC_USB_CHARGER (=n). See http://docs.zephyrproject.org/latest/kconfig.html#CONFIG_PLATFORM_
[ponyta:ro] EC_BC12_CLIENT_MODE_ONLY_PI3USB9201 and/or look up PLATFORM_EC_BC12_CLIENT_MODE_ONLY_PI3USB9201 in
[ponyta:ro] the menuconfig/guiconfig interface. The Application Development Primer, Setting Configuration
[ponyta:ro] Values, and Kconfig - Tips and Best Practices sections of the manual might be helpful too.
[glassway:rw] [139/413] Building C object zephyr/drivers/adc/CMakeFiles/drivers__adc.dir/adc_common.c.obj
[glassway:ro] [159/413] Building C object zephyr/drivers/i2c/CMakeFiles/drivers__i2c.dir/i2c_common.c.obj
[glassway:rw] [140/413] Building C object zephyr/drivers/bbram/CMakeFiles/drivers__bbram.dir/bbram_npcx.c.obj
[glassway:ro] [160/413] Building C object zephyr/drivers/gpio/CMakeFiles/drivers__gpio.dir/gpio_npcx.c.obj
[glassway:rw] [141/413] Linking C static library zephyr/drivers/bbram/libdrivers__bbram.a
[glassway:rw] [142/413] Building C object zephyr/drivers/clock_control/CMakeFiles/drivers__clock_control.dir/clock_control_npcx.c.obj
[ponyta:rw] Parsing /mnt/host/source/src/platform/ec/zephyr/program/corsola/Kconfig
[glassway:ro] [161/413] Linking C static library zephyr/drivers/gpio/libdrivers__gpio.a
[glassway:rw] [143/413] Building C object zephyr/drivers/interrupt_controller/CMakeFiles/drivers__interrupt_controller.dir/intc_miwu.c.obj
[glassway:ro] [162/413] Building C object zephyr/drivers/i2c/CMakeFiles/drivers__i2c.dir/i2c_shell.c.obj
[glassway:rw] [144/413] Linking C static library zephyr/drivers/clock_control/libdrivers__clock_control.a
[glassway:rw] [145/413] Linking C static library zephyr/drivers/interrupt_controller/libdrivers__interrupt_controller.a
[glassway:ro] [163/413] Building C object zephyr/drivers/i2c/CMakeFiles/drivers__i2c.dir/i2c_npcx_controller_fifo.c.obj
[glassway:rw] [146/413] Building C object zephyr/drivers/adc/CMakeFiles/drivers__adc.dir/adc_npcx.c.obj
[glassway:rw] [147/413] Linking C static library zephyr/drivers/adc/libdrivers__adc.a
[glassway:ro] [164/413] Building C object zephyr/drivers/i2c/CMakeFiles/drivers__i2c.dir/i2c_npcx_controller.c.obj
[glassway:ro] [165/413] Building C object zephyr/drivers/i2c/CMakeFiles/drivers__i2c.dir/i2c_npcx_port.c.obj
[ponyta:ro] Parsing /mnt/host/source/src/platform/ec/zephyr/program/corsola/Kconfig
[glassway:ro] [166/413] Building C object zephyr/drivers/sensor/CMakeFiles/drivers__sensor.dir/mnt/host/source/src/third_party/zephyr/main/misc/empty_file.c.obj
[glassway:ro] [167/413] Linking C static library zephyr/drivers/i2c/libdrivers__i2c.a
[glassway:ro] [168/413] Linking C static library zephyr/drivers/sensor/libdrivers__sensor.a
[glassway:ro] [169/413] Building C object zephyr/drivers/pinctrl/CMakeFiles/drivers__pinctrl.dir/common.c.obj
[glassway:rw] [148/413] Building C object zephyr/drivers/console/CMakeFiles/drivers__console.dir/uart_console.c.obj
[glassway:ro] [170/413] Building C object zephyr/drivers/pinctrl/CMakeFiles/drivers__pinctrl.dir/pinctrl_npcx.c.obj
[glassway:rw] [149/413] Linking C static library zephyr/drivers/console/libdrivers__console.a
[glassway:ro] [171/413] Linking C static library zephyr/drivers/pinctrl/libdrivers__pinctrl.a
[glassway:rw] [150/413] Building C object zephyr/drivers/eeprom/CMakeFiles/drivers__eeprom.dir/eeprom_at2x.c.obj
[ponyta:rw] Loaded configuration '/mnt/host/source/src/platform/ec/zephyr/boards/google/npcx9/npcx9_npcx9m3f_defconfig'
[ponyta:rw] Merged configuration '/mnt/host/source/src/platform/ec/zephyr/program/corsola/program.conf'
[ponyta:rw] Merged configuration '/mnt/host/source/src/platform/ec/zephyr/program/corsola/npcx_program.conf'
[ponyta:rw] Merged configuration '/mnt/host/source/src/platform/ec/zephyr/program/corsola/ponyta/project.conf'
[ponyta:rw] Merged configuration '/mnt/host/source/src/platform/ec/build/zephyr/ponyta/kconfig-rw.conf'
[ponyta:rw] Configuration saved to '/mnt/host/source/src/platform/ec/build/zephyr/ponyta/build-rw/zephyr/.config'
[ponyta:rw] Kconfig header saved to '/mnt/host/source/src/platform/ec/build/zephyr/ponyta/build-rw/zephyr/include/generated/zephyr/autoconf.h'
[ponyta:rw] -- Found GnuLd: /home/jpmurphy/.cache/coreboot-sdk/arm-eabi/ea40ddd1d190c3b48435c474c0b545719371813a/arm-eabi/bin/ld.bfd (found version "2.43.1")
[glassway:ro] [172/413] Building C object zephyr/drivers/pwm/CMakeFiles/drivers__pwm.dir/pwm_npcx.c.obj
[glassway:rw] [151/413] Linking C static library zephyr/drivers/eeprom/libdrivers__eeprom.a
[glassway:rw] [152/413] Building C object zephyr/drivers/espi/CMakeFiles/drivers__espi.dir/espi_npcx.c.obj
[glassway:ro] [173/413] Linking C static library zephyr/drivers/pwm/libdrivers__pwm.a
[glassway:rw] [153/413] Building C object zephyr/drivers/flash/CMakeFiles/drivers__flash.dir/jesd216.c.obj
[glassway:rw] [154/413] Building C object zephyr/drivers/espi/CMakeFiles/drivers__espi.dir/host_subs_npcx.c.obj
[glassway:ro] [174/413] Building C object zephyr/drivers/syscon/CMakeFiles/drivers__syscon.dir/syscon.c.obj
[ponyta:rw] -- The C compiler identification is GNU 14.2.0
[glassway:ro] [175/413] Building C object zephyr/drivers/sensor/nuvoton/nuvoton_adc_cmp_npcx/CMakeFiles/drivers__sensor__nuvoton__nuvoton_adc_cmp_npcx.dir/adc_cmp_npcx.c.obj
[glassway:ro] [176/413] Linking C static library zephyr/drivers/syscon/libdrivers__syscon.a
[glassway:rw] [155/413] Linking C static library zephyr/drivers/espi/libdrivers__espi.a
[glassway:ro] [177/413] Building C object zephyr/drivers/sensor/nuvoton/nuvoton_tach_npcx/CMakeFiles/drivers__sensor__nuvoton__nuvoton_tach_npcx.dir/tach_nuvoton_npcx.c.obj
[ponyta:ro] Loaded configuration '/mnt/host/source/src/platform/ec/zephyr/boards/google/npcx9/npcx9_npcx9m3f_defconfig'
[ponyta:ro] Merged configuration '/mnt/host/source/src/platform/ec/zephyr/program/corsola/program.conf'
[ponyta:ro] Merged configuration '/mnt/host/source/src/platform/ec/zephyr/program/corsola/npcx_program.conf'
[ponyta:ro] Merged configuration '/mnt/host/source/src/platform/ec/zephyr/program/corsola/ponyta/project.conf'
[ponyta:ro] Merged configuration '/mnt/host/source/src/platform/ec/build/zephyr/ponyta/kconfig-ro.conf'
[ponyta:ro] Configuration saved to '/mnt/host/source/src/platform/ec/build/zephyr/ponyta/build-ro/zephyr/.config'
[ponyta:ro] Kconfig header saved to '/mnt/host/source/src/platform/ec/build/zephyr/ponyta/build-ro/zephyr/include/generated/zephyr/autoconf.h'
[ponyta:ro] -- Found GnuLd: /home/jpmurphy/.cache/coreboot-sdk/arm-eabi/ea40ddd1d190c3b48435c474c0b545719371813a/arm-eabi/bin/ld.bfd (found version "2.43.1")
[glassway:ro] [178/413] Linking C static library zephyr/drivers/sensor/nuvoton/nuvoton_adc_cmp_npcx/libdrivers__sensor__nuvoton__nuvoton_adc_cmp_npcx.a
[glassway:ro] [179/413] Building C object zephyr/drivers/serial/CMakeFiles/drivers__serial.dir/uart_npcx.c.obj
[/mnt/host/source/src/platform/ec/build/zephyr/vader-lcov]   /mnt/host/source/src/platform/ec/build/zephyr/vader/build-ro/CMakeFiles/app.dir/mnt/host/source/src/platform/ec/build/zephyr/vader/modules/ec/common/chargen.c.gcno:no functions found
[/mnt/host/source/src/platform/ec/build/zephyr/vader-lcov] stderr:
[glassway:ro] [180/413] Linking C static library zephyr/drivers/sensor/nuvoton/nuvoton_tach_npcx/libdrivers__sensor__nuvoton__nuvoton_tach_npcx.a
[glassway:ro] [181/413] Linking C static library zephyr/drivers/serial/libdrivers__serial.a
[ponyta:rw] -- The CXX compiler identification is GNU 14.2.0
[ponyta:rw] -- The ASM compiler identification is GNU
[ponyta:ro] -- The C compiler identification is GNU 14.2.0
[ponyta:rw] -- Found assembler: /home/jpmurphy/.cache/coreboot-sdk/arm-eabi/ea40ddd1d190c3b48435c474c0b545719371813a/bin/arm-eabi-gcc
[ponyta:rw] CMake Warning at /mnt/host/source/src/platform/ec/zephyr/cmake/linker/ld/linker_libraries.cmake:11 (message):
[ponyta:rw]   Disabling c_library
[ponyta:rw] Call Stack (most recent call first):
[ponyta:rw]   /mnt/host/source/src/third_party/zephyr/main/cmake/target_toolchain_flags.cmake:48 (include)
[ponyta:rw]   /mnt/host/source/src/third_party/zephyr/main/cmake/modules/kernel.cmake:153 (include)
[ponyta:rw]   /mnt/host/source/src/third_party/zephyr/main/cmake/modules/zephyr_default.cmake:138 (include)
[ponyta:rw]   /mnt/host/source/src/third_party/zephyr/main/share/zephyr-package/cmake/ZephyrConfig.cmake:66 (include)
[ponyta:rw]   /mnt/host/source/src/third_party/zephyr/main/share/zephyr-package/cmake/ZephyrConfig.cmake:97 (include_boilerplate)
[ponyta:rw]   CMakeLists.txt:7 (find_package)
[glassway:ro] [182/413] Building C object zephyr/drivers/timer/CMakeFiles/drivers__timer.dir/sys_clock_init.c.obj
[glassway:rw] [156/413] Building C object zephyr/drivers/flash/CMakeFiles/drivers__flash.dir/flash_npcx_fiu_nor.c.obj
[glassway:rw] [157/413] Building C object zephyr/drivers/i2c/CMakeFiles/drivers__i2c.dir/i2c_common.c.obj
[ponyta:ro] -- The CXX compiler identification is GNU 14.2.0
[glassway:ro] [183/413] Building C object zephyr/drivers/timer/CMakeFiles/drivers__timer.dir/npcx_itim_timer.c.obj
[glassway:rw] [158/413] Building C object zephyr/drivers/flash/CMakeFiles/drivers__flash.dir/flash_npcx_fiu_qspi.c.obj
[ponyta:ro] -- The ASM compiler identification is GNU
[glassway:rw] [159/413] Building C object zephyr/drivers/gpio/CMakeFiles/drivers__gpio.dir/gpio_npcx.c.obj
[ponyta:ro] warning: Deprecated symbol I2C_ALLOW_NO_STOP_TRANSACTIONS is enabled.
[ponyta:ro] CMake Warning at /mnt/host/source/src/platform/ec/zephyr/cmake/linker/ld/linker_libraries.cmake:11 (message):
[ponyta:ro]   Disabling c_library
[glassway:rw] [160/413] Linking C static library zephyr/drivers/flash/libdrivers__flash.a
[glassway:ro] [184/413] Linking C static library zephyr/drivers/timer/libdrivers__timer.a
[glassway:rw] [161/413] Linking C static library zephyr/drivers/gpio/libdrivers__gpio.a
[glassway:ro] [185/413] Building C object zephyr/drivers/watchdog/CMakeFiles/drivers__watchdog.dir/wdt_npcx.c.obj
[/mnt/host/source/src/platform/ec/build/zephyr/uldrenite-lcov]   /mnt/host/source/src/platform/ec/build/zephyr/uldrenite/build-ro/zephyr/CMakeFiles/zephyr.dir/subsys/shell/modules/kernel_service/kernel_shell.c.gcno:no functions found
[/mnt/host/source/src/platform/ec/build/zephyr/uldrenite-lcov] stderr:
[/mnt/host/source/src/platform/ec/build/zephyr/ruby-lcov]   /mnt/host/source/src/platform/ec/build/zephyr/ruby/build-ro/modules/ec/zephyr/CMakeFiles/ec_shim.dir/drivers/keyboard_input/keyboard_customization_check.c.gcno:no functions found
[/mnt/host/source/src/platform/ec/build/zephyr/ruby-lcov] stderr:
[glassway:ro] [186/413] Linking C static library zephyr/drivers/watchdog/libdrivers__watchdog.a
[ponyta:rw] -- Performing EC specific devicetree checks
[glassway:ro] [187/413] Building C object modules/ec/zephyr/CMakeFiles/ec_shim.dir/app/ec/main_shim.c.obj
[glassway:rw] [162/413] Building C object zephyr/drivers/i2c/CMakeFiles/drivers__i2c.dir/i2c_shell.c.obj
[ponyta:rw] INFO: Verified 60 GPIOs, no duplicates found
[ponyta:rw] INFO: Verified 3 '*-gpios' properties, all flags match.
[ponyta:rw] INFO: Skipped 1 named-gpios children.
[/mnt/host/source/src/platform/ec/build/zephyr/uldrenite-lcov]   /mnt/host/source/src/platform/ec/build/zephyr/uldrenite/build-ro/zephyr/CMakeFiles/zephyr.dir/lib/libc/validate_libc.c.gcno:no functions found
[/mnt/host/source/src/platform/ec/build/zephyr/uldrenite-lcov] stderr:
[glassway:ro] [188/413] Building C object modules/ec/zephyr/CMakeFiles/ec_shim.dir/app/ec/ec_app_main.c.obj
[glassway:ro] [189/413] Building C object modules/ec/zephyr/CMakeFiles/ec_shim.dir/drivers/cros_kb_raw/cros_kb_raw_npcx.c.obj
[glassway:ro] [190/413] Building C object modules/ec/zephyr/CMakeFiles/ec_shim.dir/drivers/cros_flash/cros_flash_npcx.c.obj
[ponyta:rw] -- Generating component manifest file
[ponyta:ro] -- Found assembler: /home/jpmurphy/.cache/coreboot-sdk/arm-eabi/ea40ddd1d190c3b48435c474c0b545719371813a/bin/arm-eabi-gcc
[ponyta:ro] -- Performing EC specific devicetree checks
[glassway:rw] [163/413] Building C object zephyr/drivers/i2c/CMakeFiles/drivers__i2c.dir/i2c_npcx_controller_fifo.c.obj
[glassway:rw] [164/413] Building C object zephyr/drivers/i2c/CMakeFiles/drivers__i2c.dir/i2c_npcx_controller.c.obj
[glassway:rw] [165/413] Building C object zephyr/drivers/pinctrl/CMakeFiles/drivers__pinctrl.dir/common.c.obj
[ponyta:rw] INFO: Running CME, outputting to /mnt/host/source/src/platform/ec/build/zephyr/ponyta/build-rw/zephyr/component_manifest.json
[ponyta:rw] INFO: Component anx7447-mux-0(analogix,usbc-mux-anx7447) not on I2C bus, skip it
[ponyta:rw] INFO: Component virtual-mux-0(cros-ec,usbc-mux-virtual) not on I2C bus, skip it
[ponyta:rw] INFO: Component virtual-mux-1(cros-ec,usbc-mux-virtual) not on I2C bus, skip it
[ponyta:ro] Call Stack (most recent call first):
[ponyta:ro]   /mnt/host/source/src/third_party/zephyr/main/cmake/target_toolchain_flags.cmake:48 (include)
[ponyta:ro]   /mnt/host/source/src/third_party/zephyr/main/cmake/modules/kernel.cmake:153 (include)
[ponyta:ro]   /mnt/host/source/src/third_party/zephyr/main/cmake/modules/zephyr_default.cmake:138 (include)
[ponyta:ro]   /mnt/host/source/src/third_party/zephyr/main/share/zephyr-package/cmake/ZephyrConfig.cmake:66 (include)
[ponyta:ro]   /mnt/host/source/src/third_party/zephyr/main/share/zephyr-package/cmake/ZephyrConfig.cmake:97 (include_boilerplate)
[ponyta:ro]   CMakeLists.txt:7 (find_package)
[ponyta:ro] INFO: Verified 60 GPIOs, no duplicates found
[ponyta:ro] INFO: Verified 3 '*-gpios' properties, all flags match.
[glassway:rw] [166/413] Building C object zephyr/drivers/sensor/CMakeFiles/drivers__sensor.dir/mnt/host/source/src/third_party/zephyr/main/misc/empty_file.c.obj
[glassway:rw] [167/413] Building C object zephyr/drivers/i2c/CMakeFiles/drivers__i2c.dir/i2c_npcx_port.c.obj
[glassway:rw] [168/413] Linking C static library zephyr/drivers/sensor/libdrivers__sensor.a
[glassway:rw] [169/413] Linking C static library zephyr/drivers/i2c/libdrivers__i2c.a
[glassway:ro] [191/413] Building C object modules/ec/zephyr/CMakeFiles/ec_shim.dir/drivers/cros_kblight/pwm_kblight.c.obj
[ponyta:rw] -- warning_base_override: -Wall;-Wformat;-Wformat-security;-Wformat;-Wno-format-zero-length;-Wno-pointer-sign;-Wpointer-arith;-Wexpansion-to-defined
[glassway:rw] [170/413] Building C object zephyr/drivers/pinctrl/CMakeFiles/drivers__pinctrl.dir/pinctrl_npcx.c.obj
[ponyta:ro] -- Generating component manifest file
[glassway:ro] [192/413] Building C object modules/ec/zephyr/CMakeFiles/ec_shim.dir/drivers/vivaldi_kbd/vivaldi_kbd.c.obj
[glassway:rw] [171/413] Linking C static library zephyr/drivers/pinctrl/libdrivers__pinctrl.a
[glassway:ro] [193/413] Building C object modules/ec/zephyr/CMakeFiles/ec_shim.dir/drivers/cros_system/cros_system_npcx.c.obj
[ponyta:ro] INFO: Skipped 1 named-gpios children.
[ponyta:ro] INFO: Running CME, outputting to /mnt/host/source/src/platform/ec/build/zephyr/ponyta/build-ro/zephyr/component_manifest.json
[ponyta:ro] INFO: Component anx7447-mux-0(analogix,usbc-mux-anx7447) not on I2C bus, skip it
[ponyta:ro] INFO: Component virtual-mux-0(cros-ec,usbc-mux-virtual) not on I2C bus, skip it
[ponyta:ro] INFO: Component virtual-mux-1(cros-ec,usbc-mux-virtual) not on I2C bus, skip it
[ponyta:ro] INFO: Component virtual-mux-1(cros-ec,usbc-mux-virtual) not on I2C bus, skip it
[ponyta:ro] -- warning_base_override: -Wall;-Wformat;-Wformat-security;-Wformat;-Wno-format-zero-length;-Wno-pointer-sign;-Wpointer-arith;-Wexpansion-to-defined
[glassway:ro] [194/413] Building C object modules/ec/zephyr/CMakeFiles/ec_shim.dir/shim/chip/npcx/clock.c.obj
[ponyta:rw] -- Found gen_kobject_list: /mnt/host/source/src/third_party/zephyr/main/scripts/build/gen_kobject_list.py
[glassway:ro] [195/413] Building C object modules/ec/zephyr/CMakeFiles/ec_shim.dir/shim/chip/npcx/rom_chip.c.obj
[ponyta:rw] INFO: Component virtual-mux-1(cros-ec,usbc-mux-virtual) not on I2C bus, skip it
[ponyta:rw] CMake Warning at /mnt/host/source/src/third_party/zephyr/main/CMakeLists.txt:2359 (message):
[glassway:rw] [172/413] Building C object zephyr/drivers/pwm/CMakeFiles/drivers__pwm.dir/pwm_npcx.c.obj
[glassway:rw] [173/413] Linking C static library zephyr/drivers/pwm/libdrivers__pwm.a
[ponyta:rw] -- Configuring done (16.1s)
[/mnt/host/source/src/platform/ec/build/zephyr/uldrenite-lcov]   /mnt/host/source/src/platform/ec/build/zephyr/uldrenite/build-ro/zephyr/CMakeFiles/zephyr.dir/lib/utils/last_section_id.c.gcno:no functions found
[/mnt/host/source/src/platform/ec/build/zephyr/uldrenite-lcov] stderr:
[glassway:rw] [174/413] Building C object zephyr/drivers/sensor/nuvoton/nuvoton_adc_cmp_npcx/CMakeFiles/drivers__sensor__nuvoton__nuvoton_adc_cmp_npcx.dir/adc_cmp_npcx.c.obj
[ponyta:ro] -- Found gen_kobject_list: /mnt/host/source/src/third_party/zephyr/main/scripts/build/gen_kobject_list.py
[glassway:rw] [175/413] Linking C static library zephyr/drivers/sensor/nuvoton/nuvoton_adc_cmp_npcx/libdrivers__sensor__nuvoton__nuvoton_adc_cmp_npcx.a
[glassway:rw] [176/413] Building C object zephyr/drivers/syscon/CMakeFiles/drivers__syscon.dir/syscon.c.obj
[ponyta:ro] CMake Warning at /mnt/host/source/src/third_party/zephyr/main/CMakeLists.txt:2359 (message):
[ponyta:ro]   __ASSERT() statements are globally ENABLED
[glassway:rw] [177/413] Building C object zephyr/drivers/sensor/nuvoton/nuvoton_tach_npcx/CMakeFiles/drivers__sensor__nuvoton__nuvoton_tach_npcx.dir/tach_nuvoton_npcx.c.obj
[glassway:rw] [178/413] Linking C static library zephyr/drivers/syscon/libdrivers__syscon.a
[glassway:ro] [196/413] Building C object modules/ec/zephyr/CMakeFiles/ec_shim.dir/shim/chip/npcx/keyboard_raw.c.obj
[ponyta:ro] -- Configuring done (16.4s)
[glassway:rw] [179/413] Linking C static library zephyr/drivers/sensor/nuvoton/nuvoton_tach_npcx/libdrivers__sensor__nuvoton__nuvoton_tach_npcx.a
[ponyta:rw] -- Generating done (0.5s)
[ponyta:rw]   __ASSERT() statements are globally ENABLED
[ponyta:rw] CMake Warning:
[ponyta:rw] -- Build files have been written to: /mnt/host/source/src/platform/ec/build/zephyr/ponyta/build-rw
[glassway:rw] [180/413] Building C object zephyr/drivers/serial/CMakeFiles/drivers__serial.dir/uart_npcx.c.obj
[glassway:ro] [197/413] Building C object modules/ec/zephyr/CMakeFiles/ec_shim.dir/shim/chip/npcx/system_external_storage.c.obj
[glassway:rw] [181/413] Linking C static library zephyr/drivers/serial/libdrivers__serial.a
[glassway:ro] [198/413] Building C object modules/ec/zephyr/CMakeFiles/ec_shim.dir/shim/chip/npcx/system.c.obj
[glassway:ro] [199/413] Building C object modules/ec/zephyr/CMakeFiles/ec_shim.dir/shim/chip/npcx/system_download_from_flash.c.obj
[ponyta:rw]   Manually-specified variables were not used by the project:
[ponyta:rw]     COREBOOT_SDK_ROOT_libstdcxx_riscv64
[ponyta:rw]     COREBOOT_SDK_ROOT_libstdcxx_x86
[ponyta:rw]     COREBOOT_SDK_ROOT_nds32
[ponyta:rw]     COREBOOT_SDK_ROOT_picolibc_riscv64
[ponyta:rw]     COREBOOT_SDK_ROOT_picolibc_x86
[ponyta:rw]     COREBOOT_SDK_ROOT_riscv
[ponyta:rw]     COREBOOT_SDK_ROOT_riscv64
[ponyta:rw]     COREBOOT_SDK_ROOT_x86
[glassway:ro] [200/413] Building C object modules/ec/zephyr/CMakeFiles/ec_shim.dir/shim/chip/npcx/power_policy.c.obj
[glassway:ro] [201/413] Building C object modules/ec/zephyr/CMakeFiles/ec_shim.dir/shim/chip/npcx/gpio.c.obj
[glassway:rw] [182/413] Building C object zephyr/drivers/timer/CMakeFiles/drivers__timer.dir/sys_clock_init.c.obj
[ponyta:ro] -- Generating done (0.4s)
[ponyta:ro] CMake Warning:
[ponyta:ro] -- Build files have been written to: /mnt/host/source/src/platform/ec/build/zephyr/ponyta/build-ro
[glassway:ro] [202/413] Building C object modules/ec/zephyr/CMakeFiles/ec_shim.dir/shim/src/crc.c.obj
Running (initial) lcov on /mnt/host/source/src/platform/ec/build/zephyr/trulo.
[ponyta:ro]   Manually-specified variables were not used by the project:
[ponyta:ro]     COREBOOT_SDK_ROOT_libstdcxx_riscv64
[ponyta:ro]     COREBOOT_SDK_ROOT_libstdcxx_x86
[ponyta:ro]     COREBOOT_SDK_ROOT_nds32
[ponyta:ro]     COREBOOT_SDK_ROOT_picolibc_riscv64
[ponyta:ro]     COREBOOT_SDK_ROOT_picolibc_x86
[ponyta:ro]     COREBOOT_SDK_ROOT_riscv
[ponyta:ro]     COREBOOT_SDK_ROOT_riscv64
[ponyta:ro]     COREBOOT_SDK_ROOT_x86
[glassway:rw] [183/413] Building C object zephyr/drivers/timer/CMakeFiles/drivers__timer.dir/npcx_itim_timer.c.obj
[glassway:rw] [184/413] Linking C static library zephyr/drivers/timer/libdrivers__timer.a
[glassway:rw] [185/413] Building C object zephyr/drivers/watchdog/CMakeFiles/drivers__watchdog.dir/wdt_npcx.c.obj
[glassway:rw] [186/413] Linking C static library zephyr/drivers/watchdog/libdrivers__watchdog.a
Running `env -i PYTHONPATH=/usr/lib64/python-exec/python3.11:/mnt/host/source/src/platform/ec/zephyr/zmake:/usr/lib/python311.zip:/usr/lib/python3.11:/usr/lib/python3.11/lib-dynload:/usr/lib/python3.11/site-packages PW_PIGWEED_CIPD_INSTALL_DIR=/usr CROSTC_USER_ACKNOWLEDGES_THAT_RISCV_IS_EXPERIMENTAL=1 PATH=/mnt/host/source/chromite/bin:/usr/local/bin:/usr/bin:/bin:/opt/bin:/mnt/host/source/chromite/sdk/bin:/mnt/host/source/chromite/bin HOME=/home/jpmurphy JAVA_HOME=/etc/java-config-2/current-system-vm JDK_HOME=/etc/java-config-2/current-system-vm JAVAC=/etc/java-config-2/current-system-vm/bin/javac MAKEFLAGS=' -j16 --jobserver-auth=5,6' /usr/bin/lcov --gcov-tool /mnt/host/source/src/platform/ec/build/zephyr/trulo/build-rw/gcov.sh -q -o - -c -d /mnt/host/source/src/platform/ec/build/zephyr/trulo -t trulo --rc branch_coverage=1 --filter range --ignore-errors inconsistent,source --ignore-errors gcov,gcov -i`
[glassway:ro] [203/413] Building C object modules/ec/zephyr/CMakeFiles/ec_shim.dir/shim/core/cortex-m/panic.c.obj
[glassway:ro] [204/413] Building C object modules/ec/zephyr/CMakeFiles/ec_shim.dir/shim/core/cortex-m/mpu.c.obj
[glassway:rw] [187/413] Building C object modules/ec/zephyr/CMakeFiles/ec_shim.dir/app/ec/main_shim.c.obj
[glassway:rw] [188/413] Building C object modules/ec/zephyr/CMakeFiles/ec_shim.dir/app/ec/ec_app_main.c.obj
[glassway:ro] [205/413] Building C object modules/ec/zephyr/CMakeFiles/ec_shim.dir/shim/src/console.c.obj
[glassway:ro] [206/413] Building C object modules/ec/zephyr/CMakeFiles/ec_shim.dir/shim/src/gpio_int.c.obj
[glassway:ro] [207/413] Building C object modules/ec/zephyr/CMakeFiles/ec_shim.dir/shim/src/panic_utils.c.obj
[glassway:rw] [189/413] Building C object modules/ec/zephyr/CMakeFiles/ec_shim.dir/drivers/cros_kb_raw/cros_kb_raw_npcx.c.obj
[glassway:ro] [208/413] Building C object modules/ec/zephyr/CMakeFiles/ec_shim.dir/shim/src/gpio.c.obj
[glassway:rw] [190/413] Building C object modules/ec/zephyr/CMakeFiles/ec_shim.dir/drivers/cros_flash/cros_flash_npcx.c.obj
[/mnt/host/source/src/platform/ec/build/zephyr/ruby-lcov]   /mnt/host/source/src/platform/ec/build/zephyr/ruby/build-ro/CMakeFiles/app.dir/mnt/host/source/src/platform/ec/build/zephyr/ruby/modules/ec/common/chargen.c.gcno:no functions found
[/mnt/host/source/src/platform/ec/build/zephyr/ruby-lcov] stderr:
[glassway:rw] [191/413] Building C object modules/ec/zephyr/CMakeFiles/ec_shim.dir/drivers/cros_kblight/pwm_kblight.c.obj
[glassway:rw] [192/413] Building C object modules/ec/zephyr/CMakeFiles/ec_shim.dir/drivers/cros_system/cros_system_npcx.c.obj
[glassway:ro] [209/413] Building C object modules/ec/zephyr/CMakeFiles/ec_shim.dir/shim/src/cbi/cros_cbi.c.obj
[glassway:ro] [210/413] Building C object modules/ec/zephyr/CMakeFiles/ec_shim.dir/shim/src/pm_state.c.obj
[glassway:rw] [193/413] Building C object modules/ec/zephyr/CMakeFiles/ec_shim.dir/drivers/vivaldi_kbd/vivaldi_kbd.c.obj
[/mnt/host/source/src/platform/ec/build/zephyr/uldrenite-lcov]   /mnt/host/source/src/platform/ec/build/zephyr/uldrenite/build-ro/zephyr/CMakeFiles/zephyr.dir/soc/nuvoton/npcx/common/npcxn/registers.c.gcno:no functions found
[/mnt/host/source/src/platform/ec/build/zephyr/uldrenite-lcov] stderr:
[glassway:rw] [194/413] Building C object modules/ec/zephyr/CMakeFiles/ec_shim.dir/shim/chip/npcx/clock.c.obj
[glassway:ro] [211/413] Building C object modules/ec/zephyr/CMakeFiles/ec_shim.dir/shim/src/cbi/cros_cbi_fw_config.c.obj
[glassway:rw] [195/413] Building C object modules/ec/zephyr/CMakeFiles/ec_shim.dir/shim/chip/npcx/rom_chip.c.obj
[glassway:ro] [212/413] Building C object modules/ec/zephyr/CMakeFiles/ec_shim.dir/shim/src/cbi/cbi_eeprom.c.obj
[glassway:ro] [213/413] Building C object modules/ec/zephyr/CMakeFiles/ec_shim.dir/shim/src/cbi/cros_cbi_ssfc.c.obj
[glassway:ro] [214/413] Building ASM object modules/ec/zephyr/CMakeFiles/ec_shim.dir/shim/src/libgcc_arm.S.obj
[glassway:ro] [215/413] Building C object modules/ec/zephyr/CMakeFiles/ec_shim.dir/shim/src/led_driver/led.c.obj
[/mnt/host/source/src/platform/ec/build/zephyr/trulo-lcov] geninfo: WARNING: using JSON module "JSON::PP" - which is much slower than some alternatives.  Consider installing one of JSON::XS or Cpanel::JSON::XS
[glassway:rw] [196/413] Building C object modules/ec/zephyr/CMakeFiles/ec_shim.dir/shim/chip/npcx/keyboard_raw.c.obj
[/mnt/host/source/src/platform/ec/build/zephyr/vader-lcov]   /mnt/host/source/src/platform/ec/build/zephyr/vader/build-ro/CMakeFiles/app.dir/mnt/host/source/src/platform/ec/build/zephyr/vader/modules/ec/common/cbi_config.c.gcno:no functions found
[/mnt/host/source/src/platform/ec/build/zephyr/vader-lcov] stderr:
[glassway:rw] [197/413] Building C object modules/ec/zephyr/CMakeFiles/ec_shim.dir/shim/chip/npcx/system.c.obj
[glassway:ro] [216/413] Building C object modules/ec/zephyr/CMakeFiles/ec_shim.dir/shim/src/led_driver/led_gpio.c.obj
[glassway:rw] [198/413] Building C object modules/ec/zephyr/CMakeFiles/ec_shim.dir/shim/chip/npcx/system_download_from_flash.c.obj
[glassway:rw] [199/413] Building C object modules/ec/zephyr/CMakeFiles/ec_shim.dir/shim/chip/npcx/gpio.c.obj
[glassway:rw] [200/413] Building C object modules/ec/zephyr/CMakeFiles/ec_shim.dir/shim/chip/npcx/system_external_storage.c.obj
[glassway:rw] [201/413] Building C object modules/ec/zephyr/CMakeFiles/ec_shim.dir/shim/chip/npcx/power_policy.c.obj
[glassway:ro] [217/413] Building C object modules/ec/zephyr/CMakeFiles/ec_shim.dir/shim/src/system.c.obj
[glassway:rw] [202/413] Building C object modules/ec/zephyr/CMakeFiles/ec_shim.dir/shim/src/crc.c.obj
[glassway:ro] [218/413] Building C object modules/ec/zephyr/CMakeFiles/ec_shim.dir/shim/src/adc.c.obj
[glassway:ro] [219/413] Building C object modules/ec/zephyr/CMakeFiles/ec_shim.dir/shim/src/charger.c.obj
[glassway:ro] [220/413] Building C object modules/ec/zephyr/CMakeFiles/ec_shim.dir/shim/src/battery.c.obj
[glassway:ro] [221/413] Building C object modules/ec/zephyr/CMakeFiles/ec_shim.dir/shim/src/chipset_api.c.obj
[glassway:rw] [203/413] Building C object modules/ec/zephyr/CMakeFiles/ec_shim.dir/shim/core/cortex-m/mpu.c.obj
[glassway:rw] [204/413] Building C object modules/ec/zephyr/CMakeFiles/ec_shim.dir/shim/core/cortex-m/panic.c.obj
[glassway:ro] [222/413] Building C object modules/ec/zephyr/CMakeFiles/ec_shim.dir/shim/src/espi.c.obj
[glassway:rw] [205/413] Building C object modules/ec/zephyr/CMakeFiles/ec_shim.dir/shim/src/console.c.obj
[/mnt/host/source/src/platform/ec/build/zephyr/vader-lcov]   /mnt/host/source/src/platform/ec/build/zephyr/vader/build-ro/zephyr/arch/arch/arm/core/mpu/CMakeFiles/arch__arm__core__mpu.dir/arm_mpu_regions.c.gcno:no functions found
[/mnt/host/source/src/platform/ec/build/zephyr/vader-lcov] stderr:
[glassway:rw] [206/413] Building C object modules/ec/zephyr/CMakeFiles/ec_shim.dir/shim/src/panic_utils.c.obj
[glassway:rw] [207/413] Building C object modules/ec/zephyr/CMakeFiles/ec_shim.dir/shim/src/gpio.c.obj
[glassway:rw] [208/413] Building C object modules/ec/zephyr/CMakeFiles/ec_shim.dir/shim/src/gpio_int.c.obj
[glassway:ro] [223/413] Building C object modules/ec/zephyr/CMakeFiles/ec_shim.dir/shim/src/hooks.c.obj
[glassway:ro] [224/413] Building C object modules/ec/zephyr/CMakeFiles/ec_shim.dir/shim/src/flash.c.obj
[glassway:ro] [225/413] Building C object modules/ec/zephyr/CMakeFiles/ec_shim.dir/shim/src/fan.c.obj
[glassway:rw] [209/413] Building C object modules/ec/zephyr/CMakeFiles/ec_shim.dir/shim/src/pm_state.c.obj
[glassway:ro] [226/413] Building C object modules/ec/zephyr/CMakeFiles/ec_shim.dir/shim/src/host_command.c.obj
[glassway:ro] [227/413] Building C object modules/ec/zephyr/CMakeFiles/ec_shim.dir/shim/src/console_buffer.c.obj
[glassway:rw] [210/413] Building C object modules/ec/zephyr/CMakeFiles/ec_shim.dir/shim/src/cbi/cros_cbi.c.obj
[glassway:ro] [228/413] Building C object modules/ec/zephyr/CMakeFiles/ec_shim.dir/shim/src/keyboard_raw.c.obj
[glassway:rw] [211/413] Building C object modules/ec/zephyr/CMakeFiles/ec_shim.dir/shim/src/cbi/cros_cbi_fw_config.c.obj
[glassway:rw] [212/413] Building C object modules/ec/zephyr/CMakeFiles/ec_shim.dir/shim/src/cbi/cros_cbi_ssfc.c.obj
[glassway:rw] [213/413] Building C object modules/ec/zephyr/CMakeFiles/ec_shim.dir/shim/src/cbi/cbi_eeprom.c.obj
[/mnt/host/source/src/platform/ec/build/zephyr/vader-lcov]   /mnt/host/source/src/platform/ec/build/zephyr/vader/build-ro/zephyr/arch/common/CMakeFiles/isr_tables.dir/isr_tables.c.gcno:no functions found
[/mnt/host/source/src/platform/ec/build/zephyr/vader-lcov] stderr:
[glassway:ro] [229/413] Building C object modules/ec/zephyr/CMakeFiles/ec_shim.dir/shim/src/mkbp_event.c.obj
[glassway:rw] [214/413] Building C object modules/ec/zephyr/CMakeFiles/ec_shim.dir/shim/src/led_driver/led.c.obj
[glassway:rw] [215/413] Building ASM object modules/ec/zephyr/CMakeFiles/ec_shim.dir/shim/src/libgcc_arm.S.obj
[glassway:ro] [230/413] Building C object modules/ec/zephyr/CMakeFiles/ec_shim.dir/shim/src/panic.c.obj
[/mnt/host/source/src/platform/ec/build/zephyr/trulo-lcov] stderr:
[glassway:ro] [231/413] Building C object modules/ec/zephyr/CMakeFiles/ec_shim.dir/shim/src/pwm_hc.c.obj
[glassway:ro] [232/413] Building C object modules/ec/zephyr/CMakeFiles/ec_shim.dir/shim/src/motionsense_sensors.c.obj
[glassway:rw] [216/413] Building C object modules/ec/zephyr/CMakeFiles/ec_shim.dir/shim/src/led_driver/led_gpio.c.obj
[/mnt/host/source/src/platform/ec/build/zephyr/uldrenite-lcov]   /mnt/host/source/src/platform/ec/build/zephyr/uldrenite/build-ro/zephyr/kernel/CMakeFiles/kernel.dir/errno.c.gcno:no functions found
[/mnt/host/source/src/platform/ec/build/zephyr/uldrenite-lcov] stderr:
[glassway:ro] [233/413] Building C object modules/ec/zephyr/CMakeFiles/ec_shim.dir/shim/src/temp_sensors.c.obj
[glassway:rw] [217/413] Building C object modules/ec/zephyr/CMakeFiles/ec_shim.dir/shim/src/system.c.obj
[/mnt/host/source/src/platform/ec/build/zephyr/trulo-lcov]   /mnt/host/source/src/platform/ec/build/zephyr/trulo/build-ro/modules/ec/zephyr/CMakeFiles/ec_shim.dir/shim/src/thermal.c.gcno:no functions found
[/mnt/host/source/src/platform/ec/build/zephyr/trulo-lcov] stderr:
[glassway:ro] [234/413] Building C object modules/ec/zephyr/CMakeFiles/ec_shim.dir/shim/src/thermal.c.obj
[glassway:ro] [235/413] Building C object modules/ec/zephyr/CMakeFiles/ec_shim.dir/shim/src/hwtimer.c.obj
[/mnt/host/source/src/platform/ec/build/zephyr/trulo-lcov]   /mnt/host/source/src/platform/ec/build/zephyr/trulo/build-ro/modules/ec/zephyr/CMakeFiles/ec_shim.dir/shim/src/battery.c.gcno:no functions found
[/mnt/host/source/src/platform/ec/build/zephyr/trulo-lcov] stderr:
[glassway:rw] [218/413] Building C object modules/ec/zephyr/CMakeFiles/ec_shim.dir/shim/src/battery.c.obj
[glassway:rw] [219/413] Building C object modules/ec/zephyr/CMakeFiles/ec_shim.dir/shim/src/charger.c.obj
[glassway:rw] [220/413] Building C object modules/ec/zephyr/CMakeFiles/ec_shim.dir/shim/src/adc.c.obj
[glassway:rw] [221/413] Building C object modules/ec/zephyr/CMakeFiles/ec_shim.dir/shim/src/chipset_api.c.obj
[glassway:ro] [236/413] Building C object modules/ec/zephyr/CMakeFiles/ec_shim.dir/shim/src/i2c.c.obj
[glassway:ro] [237/413] cd /mnt/host/source/src/platform/ec/build/zephyr/glassway/build-ro/modules/ec/zephyr && PYTHONPATH=/mnt/host/source/src/platform/ec/build/zephyr/glassway/modules/ec/zephyr/zmake/ /usr/bin/python3.11 /mnt/host/source/src/platform/ec/build/zephyr/glassway/modules/ec/zephyr/zmake/zephyr_build_tools/generate_ec_version.py /mnt/host/source/src/platform/ec/build/zephyr/glassway/build-ro/modules/ec/zephyr/include/ec_version.h --name Zephyr-Kernel --version 16543.0.0 --static
[glassway:ro] INFO:root:Using a static version string
[glassway:ro] INFO:root:Version string: Zephyr-Kernel-16543.0.0
[glassway:ro] INFO:root:Writing header to /mnt/host/source/src/platform/ec/build/zephyr/glassway/build-ro/modules/ec/zephyr/include/ec_version.h
[glassway:ro] [238/413] Building C object modules/ec/zephyr/CMakeFiles/ec_shim.dir/shim/src/tasks.c.obj
[glassway:ro] [239/413] Building C object modules/ec/zephyr/CMakeFiles/ec_shim.dir/shim/src/usba.c.obj
[glassway:ro] [240/413] Building C object modules/ec/zephyr/CMakeFiles/ec_shim.dir/shim/src/watchdog.c.obj
[glassway:rw] [222/413] Building C object modules/ec/zephyr/CMakeFiles/ec_shim.dir/shim/src/espi.c.obj
[/mnt/host/source/src/platform/ec/build/zephyr/uldrenite-lcov]   /mnt/host/source/src/platform/ec/build/zephyr/uldrenite/build-ro/zephyr/lib/libc/picolibc/CMakeFiles/lib__libc__picolibc.dir/errno_wrap.c.gcno:no functions found
[/mnt/host/source/src/platform/ec/build/zephyr/uldrenite-lcov] stderr:
[/mnt/host/source/src/platform/ec/build/zephyr/trulo-lcov]   /mnt/host/source/src/platform/ec/build/zephyr/trulo/build-ro/modules/ec/zephyr/CMakeFiles/ec_shim.dir/shim/src/charger.c.gcno:no functions found
[/mnt/host/source/src/platform/ec/build/zephyr/trulo-lcov] stderr:
[glassway:rw] [223/413] Building C object modules/ec/zephyr/CMakeFiles/ec_shim.dir/shim/src/fan.c.obj
[glassway:ro] [241/413] Building C object modules/ec/zephyr/CMakeFiles/ec_shim.dir/shim/src/power_host_sleep_api.c.obj
[/mnt/host/source/src/platform/ec/build/zephyr/ruby-lcov]   /mnt/host/source/src/platform/ec/build/zephyr/ruby/build-ro/CMakeFiles/app.dir/mnt/host/source/src/platform/ec/build/zephyr/ruby/modules/ec/common/cbi_config.c.gcno:no functions found
[/mnt/host/source/src/platform/ec/build/zephyr/ruby-lcov] stderr:
[glassway:ro] [242/413] Building C object modules/ec/zephyr/CMakeFiles/ec_shim.dir/shim/src/usb_muxes.c.obj
[glassway:rw] [224/413] Building C object modules/ec/zephyr/CMakeFiles/ec_shim.dir/shim/src/hooks.c.obj
[glassway:ro] [243/413] Building C object CMakeFiles/app.dir/mnt/host/source/src/platform/ec/zephyr/subsys/ap_pwrseq/ap_events.c.obj
[glassway:rw] [225/413] Building C object modules/ec/zephyr/CMakeFiles/ec_shim.dir/shim/src/host_command.c.obj
[glassway:rw] [226/413] Building C object modules/ec/zephyr/CMakeFiles/ec_shim.dir/shim/src/flash.c.obj
[glassway:rw] [227/413] Building C object modules/ec/zephyr/CMakeFiles/ec_shim.dir/shim/src/console_buffer.c.obj
[glassway:ro] [244/413] Building C object CMakeFiles/app.dir/mnt/host/source/src/platform/ec/zephyr/subsys/ap_pwrseq/power_signals.c.obj
[glassway:rw] [228/413] Building C object modules/ec/zephyr/CMakeFiles/ec_shim.dir/shim/src/keyboard_raw.c.obj
[glassway:ro] [245/413] Building C object CMakeFiles/app.dir/mnt/host/source/src/platform/ec/zephyr/subsys/ap_pwrseq/signal_gpio.c.obj
[glassway:ro] [246/413] Building C object CMakeFiles/app.dir/mnt/host/source/src/platform/ec/zephyr/subsys/ap_pwrseq/ap_power_interface.c.obj
[glassway:rw] [229/413] Building C object modules/ec/zephyr/CMakeFiles/ec_shim.dir/shim/src/mkbp_event.c.obj
[glassway:ro] [247/413] Building C object CMakeFiles/app.dir/mnt/host/source/src/platform/ec/zephyr/subsys/ap_pwrseq/signal_vw.c.obj
[glassway:ro] [248/413] Building C object CMakeFiles/app.dir/mnt/host/source/src/platform/ec/zephyr/subsys/ap_pwrseq/signal_adc.c.obj
[glassway:rw] [230/413] Building C object modules/ec/zephyr/CMakeFiles/ec_shim.dir/shim/src/panic.c.obj
[glassway:rw] [231/413] Building C object modules/ec/zephyr/CMakeFiles/ec_shim.dir/shim/src/motionsense_sensors.c.obj
[glassway:rw] [232/413] Building C object modules/ec/zephyr/CMakeFiles/ec_shim.dir/shim/src/pwm_hc.c.obj
[glassway:ro] [249/413] Building C object CMakeFiles/app.dir/mnt/host/source/src/platform/ec/zephyr/subsys/ap_pwrseq/power_host_sleep.c.obj
[glassway:rw] [233/413] Building C object modules/ec/zephyr/CMakeFiles/ec_shim.dir/shim/src/thermal.c.obj
[glassway:rw] [234/413] Building C object modules/ec/zephyr/CMakeFiles/ec_shim.dir/shim/src/temp_sensors.c.obj
[glassway:ro] [250/413] Building C object CMakeFiles/app.dir/mnt/host/source/src/platform/ec/zephyr/subsys/ap_pwrseq/x86_non_dsx_chipset_power_state.c.obj
[/mnt/host/source/src/platform/ec/build/zephyr/ruby-lcov]   /mnt/host/source/src/platform/ec/build/zephyr/ruby/build-ro/zephyr/arch/arch/arm/core/mpu/CMakeFiles/arch__arm__core__mpu.dir/arm_mpu_regions.c.gcno:no functions found
[/mnt/host/source/src/platform/ec/build/zephyr/ruby-lcov] stderr:
[glassway:ro] [251/413] Building C object CMakeFiles/app.dir/mnt/host/source/src/platform/ec/zephyr/subsys/ap_pwrseq/x86_non_dsx_common_pwrseq_sm_handler.c.obj
[glassway:ro] [252/413] Building C object CMakeFiles/app.dir/mnt/host/source/src/platform/ec/zephyr/subsys/ap_pwrseq/x86_non_dsx_common_pwrseq_host_sleep.c.obj
[/mnt/host/source/src/platform/ec/build/zephyr/trulo-lcov]   /mnt/host/source/src/platform/ec/build/zephyr/trulo/build-ro/modules/ec/zephyr/CMakeFiles/ec_shim.dir/shim/src/usba.c.gcno:no functions found
[/mnt/host/source/src/platform/ec/build/zephyr/trulo-lcov] stderr:
[glassway:rw] [235/413] Building C object modules/ec/zephyr/CMakeFiles/ec_shim.dir/shim/src/hwtimer.c.obj
[glassway:ro] [253/413] Building C object CMakeFiles/app.dir/mnt/host/source/src/platform/ec/zephyr/subsys/ap_pwrseq/x86_non_dsx_common_pwrseq_console.c.obj
[glassway:ro] [254/413] Building C object CMakeFiles/app.dir/mnt/host/source/src/platform/ec/zephyr/subsys/ap_pwrseq/x86_non_dsx_common_pwrseq_host_command.c.obj
[glassway:rw] [236/413] Building C object modules/ec/zephyr/CMakeFiles/ec_shim.dir/shim/src/i2c.c.obj
[/mnt/host/source/src/platform/ec/build/zephyr/vader-lcov]   /mnt/host/source/src/platform/ec/build/zephyr/vader/build-ro/zephyr/CMakeFiles/zephyr.dir/subsys/shell/modules/kernel_service/kernel_shell.c.gcno:no functions found
[/mnt/host/source/src/platform/ec/build/zephyr/vader-lcov] stderr:
[glassway:rw] [237/413] Building C object modules/ec/zephyr/CMakeFiles/ec_shim.dir/shim/src/usba.c.obj
[glassway:ro] [255/413] Building C object CMakeFiles/app.dir/mnt/host/source/src/platform/ec/zephyr/subsys/ap_pwrseq/x86_non_dsx_adlp_pwrseq_sm.c.obj
[glassway:rw] [238/413] Building C object modules/ec/zephyr/CMakeFiles/ec_shim.dir/shim/src/watchdog.c.obj
[glassway:rw] [239/413] Building C object modules/ec/zephyr/CMakeFiles/ec_shim.dir/shim/src/tasks.c.obj
[glassway:rw] [240/413] Building C object modules/ec/zephyr/CMakeFiles/ec_shim.dir/shim/src/power_host_sleep_api.c.obj
[glassway:ro] [256/413] Building C object CMakeFiles/app.dir/mnt/host/source/src/platform/ec/zephyr/subsys/ap_pwrseq/ap_reset_log.c.obj
[glassway:rw] [241/413] cd /mnt/host/source/src/platform/ec/build/zephyr/glassway/build-rw/modules/ec/zephyr && PYTHONPATH=/mnt/host/source/src/platform/ec/build/zephyr/glassway/modules/ec/zephyr/zmake/ /usr/bin/python3.11 /mnt/host/source/src/platform/ec/build/zephyr/glassway/modules/ec/zephyr/zmake/zephyr_build_tools/generate_ec_version.py /mnt/host/source/src/platform/ec/build/zephyr/glassway/build-rw/modules/ec/zephyr/include/ec_version.h --name Zephyr-Kernel --version 16543.0.0 --static
[glassway:rw] INFO:root:Using a static version string
[glassway:ro] [257/413] Building C object CMakeFiles/app.dir/mnt/host/source/src/platform/ec/build/zephyr/glassway/modules/ec/builtin/stdlib.c.obj
[/mnt/host/source/src/platform/ec/build/zephyr/vader-lcov]   /mnt/host/source/src/platform/ec/build/zephyr/vader/build-ro/zephyr/CMakeFiles/zephyr.dir/lib/libc/validate_libc.c.gcno:no functions found
[/mnt/host/source/src/platform/ec/build/zephyr/vader-lcov] stderr:
[glassway:ro] [258/413] Building C object CMakeFiles/app.dir/mnt/host/source/src/platform/ec/build/zephyr/glassway/modules/ec/common/base32.c.obj
[/mnt/host/source/src/platform/ec/build/zephyr/ruby-lcov]   /mnt/host/source/src/platform/ec/build/zephyr/ruby/build-ro/zephyr/arch/common/CMakeFiles/isr_tables.dir/isr_tables.c.gcno:no functions found
[/mnt/host/source/src/platform/ec/build/zephyr/ruby-lcov] stderr:
[glassway:rw] INFO:root:Version string: Zephyr-Kernel-16543.0.0
[glassway:rw] INFO:root:Writing header to /mnt/host/source/src/platform/ec/build/zephyr/glassway/build-rw/modules/ec/zephyr/include/ec_version.h
[glassway:rw] [242/413] Building C object modules/ec/zephyr/CMakeFiles/ec_shim.dir/shim/src/usb_muxes.c.obj
[glassway:rw] [243/413] Building C object zephyr/kernel/CMakeFiles/kernel.dir/banner.c.obj
[glassway:ro] [259/413] Building C object CMakeFiles/app.dir/mnt/host/source/src/platform/ec/build/zephyr/glassway/modules/ec/common/ec_features.c.obj
[glassway:ro] [260/413] Building C object CMakeFiles/app.dir/mnt/host/source/src/platform/ec/build/zephyr/glassway/modules/ec/common/console_output.c.obj
[/mnt/host/source/src/platform/ec/build/zephyr/trulo-lcov]   /mnt/host/source/src/platform/ec/build/zephyr/trulo/build-ro/modules/ec/zephyr/CMakeFiles/ec_shim.dir/drivers/keyboard_input/keyboard_customization_check.c.gcno:no functions found
[/mnt/host/source/src/platform/ec/build/zephyr/trulo-lcov] stderr:
[glassway:rw] [244/413] Building C object zephyr/kernel/CMakeFiles/kernel.dir/device.c.obj
[glassway:rw] [245/413] Building C object zephyr/kernel/CMakeFiles/kernel.dir/main_weak.c.obj
[glassway:rw] [246/413] Building C object zephyr/kernel/CMakeFiles/kernel.dir/busy_wait.c.obj
[glassway:ro] [261/413] Building C object CMakeFiles/app.dir/mnt/host/source/src/platform/ec/build/zephyr/glassway/modules/ec/common/gpio_commands.c.obj
[glassway:rw] [247/413] Building C object CMakeFiles/app.dir/mnt/host/source/src/platform/ec/zephyr/subsys/ap_pwrseq/ap_events.c.obj
[glassway:ro] [262/413] Building C object CMakeFiles/app.dir/mnt/host/source/src/platform/ec/build/zephyr/glassway/modules/ec/common/printf.c.obj
[glassway:ro] [263/413] Building C object CMakeFiles/app.dir/mnt/host/source/src/platform/ec/build/zephyr/glassway/modules/ec/common/peripheral.c.obj
[glassway:ro] [264/413] Building C object CMakeFiles/app.dir/mnt/host/source/src/platform/ec/build/zephyr/glassway/modules/ec/common/queue.c.obj
[/mnt/host/source/src/platform/ec/build/zephyr/vader-lcov]   /mnt/host/source/src/platform/ec/build/zephyr/vader/build-ro/zephyr/CMakeFiles/zephyr.dir/lib/utils/last_section_id.c.gcno:no functions found
[/mnt/host/source/src/platform/ec/build/zephyr/vader-lcov] stderr:
[glassway:rw] [248/413] Building C object CMakeFiles/app.dir/mnt/host/source/src/platform/ec/zephyr/subsys/ap_pwrseq/power_signals.c.obj
[glassway:rw] [249/413] Building C object CMakeFiles/app.dir/mnt/host/source/src/platform/ec/zephyr/subsys/ap_pwrseq/ap_power_interface.c.obj
[glassway:rw] [250/413] Building C object CMakeFiles/app.dir/mnt/host/source/src/platform/ec/zephyr/subsys/ap_pwrseq/signal_gpio.c.obj
[glassway:ro] [265/413] Building C object CMakeFiles/app.dir/mnt/host/source/src/platform/ec/build/zephyr/glassway/modules/ec/common/system_boot_time.c.obj
[glassway:rw] [251/413] Building C object CMakeFiles/app.dir/mnt/host/source/src/platform/ec/zephyr/subsys/ap_pwrseq/signal_vw.c.obj
[glassway:rw] [252/413] Building C object CMakeFiles/app.dir/mnt/host/source/src/platform/ec/zephyr/subsys/ap_pwrseq/signal_adc.c.obj
[glassway:ro] [266/413] Building C object CMakeFiles/app.dir/mnt/host/source/src/platform/ec/build/zephyr/glassway/modules/ec/common/uart_printf.c.obj
[glassway:ro] [267/413] Building C object CMakeFiles/app.dir/mnt/host/source/src/platform/ec/build/zephyr/glassway/modules/ec/common/system.c.obj
[glassway:ro] [268/413] Building C object CMakeFiles/app.dir/mnt/host/source/src/platform/ec/build/zephyr/glassway/modules/ec/common/util.c.obj
[glassway:rw] [253/413] Building C object CMakeFiles/app.dir/mnt/host/source/src/platform/ec/zephyr/subsys/ap_pwrseq/power_host_sleep.c.obj
[glassway:ro] [269/413] Building C object CMakeFiles/app.dir/mnt/host/source/src/platform/ec/build/zephyr/glassway/modules/ec/common/version.c.obj
[glassway:ro] [270/413] Building C object CMakeFiles/app.dir/mnt/host/source/src/platform/ec/build/zephyr/glassway/modules/ec/common/power_button_x86.c.obj
[/mnt/host/source/src/platform/ec/build/zephyr/trulo-lcov]   /mnt/host/source/src/platform/ec/build/zephyr/trulo/build-ro/modules/ec/zephyr/drivers/pw_transport/CMakeFiles/pw_transport.proto.nanopb.dir/pw_transport.proto/nanopb/pw_transport/proto/transport.pb.c.gcno:no functions found
[/mnt/host/source/src/platform/ec/build/zephyr/trulo-lcov] stderr:
[glassway:rw] [254/413] Building C object CMakeFiles/app.dir/mnt/host/source/src/platform/ec/zephyr/subsys/ap_pwrseq/x86_non_dsx_common_pwrseq_sm_handler.c.obj
[glassway:rw] [255/413] Building C object CMakeFiles/app.dir/mnt/host/source/src/platform/ec/zephyr/subsys/ap_pwrseq/x86_non_dsx_chipset_power_state.c.obj
[glassway:rw] [256/413] Building C object CMakeFiles/app.dir/mnt/host/source/src/platform/ec/zephyr/subsys/ap_pwrseq/x86_non_dsx_common_pwrseq_host_sleep.c.obj
[glassway:rw] [257/413] Building C object CMakeFiles/app.dir/mnt/host/source/src/platform/ec/zephyr/subsys/ap_pwrseq/x86_non_dsx_common_pwrseq_console.c.obj
[glassway:ro] [271/413] Building C object CMakeFiles/app.dir/mnt/host/source/src/platform/ec/build/zephyr/glassway/modules/ec/driver/accel_bma4xx.c.obj
[glassway:rw] [258/413] Building C object CMakeFiles/app.dir/mnt/host/source/src/platform/ec/zephyr/subsys/ap_pwrseq/x86_non_dsx_common_pwrseq_host_command.c.obj
[glassway:ro] [272/413] Building C object CMakeFiles/app.dir/mnt/host/source/src/platform/ec/build/zephyr/glassway/modules/ec/driver/accelgyro_bmi_common.c.obj
[glassway:ro] [273/413] Building C object CMakeFiles/app.dir/mnt/host/source/src/platform/ec/build/zephyr/glassway/modules/ec/driver/accelgyro_bmi3xx.c.obj
[glassway:ro] [274/413] Building C object CMakeFiles/app.dir/mnt/host/source/src/platform/ec/build/zephyr/glassway/modules/ec/driver/accelgyro_icm_common.c.obj
[glassway:rw] [259/413] Building C object CMakeFiles/app.dir/mnt/host/source/src/platform/ec/zephyr/subsys/ap_pwrseq/x86_non_dsx_adlp_pwrseq_sm.c.obj
[glassway:ro] [275/413] Building C object CMakeFiles/app.dir/mnt/host/source/src/platform/ec/build/zephyr/glassway/modules/ec/common/motion_sense_fifo.c.obj
[glassway:ro] [276/413] Building C object CMakeFiles/app.dir/mnt/host/source/src/platform/ec/build/zephyr/glassway/modules/ec/driver/accelgyro_icm42607.c.obj
[glassway:rw] [260/413] Building C object CMakeFiles/app.dir/mnt/host/source/src/platform/ec/zephyr/subsys/ap_pwrseq/ap_reset_log.c.obj
[glassway:rw] [261/413] Building C object CMakeFiles/app.dir/mnt/host/source/src/platform/ec/build/zephyr/glassway/modules/ec/common/base32.c.obj
[glassway:rw] [262/413] Building C object CMakeFiles/app.dir/mnt/host/source/src/platform/ec/build/zephyr/glassway/modules/ec/builtin/stdlib.c.obj
[glassway:rw] [263/413] Building C object CMakeFiles/app.dir/mnt/host/source/src/platform/ec/build/zephyr/glassway/modules/ec/common/console_output.c.obj
[glassway:ro] [277/413] Building C object CMakeFiles/app.dir/mnt/host/source/src/platform/ec/build/zephyr/glassway/modules/ec/common/adc.c.obj
[glassway:rw] [264/413] Building C object CMakeFiles/app.dir/mnt/host/source/src/platform/ec/build/zephyr/glassway/modules/ec/common/ec_features.c.obj
[/mnt/host/source/src/platform/ec/build/zephyr/ruby-lcov]   /mnt/host/source/src/platform/ec/build/zephyr/ruby/build-ro/zephyr/CMakeFiles/zephyr.dir/subsys/shell/modules/kernel_service/kernel_shell.c.gcno:no functions found
[/mnt/host/source/src/platform/ec/build/zephyr/ruby-lcov] stderr:
[glassway:ro] [278/413] Building C object CMakeFiles/app.dir/mnt/host/source/src/platform/ec/build/zephyr/glassway/modules/ec/common/acpi.c.obj
[glassway:ro] [279/413] Building C object CMakeFiles/app.dir/mnt/host/source/src/platform/ec/build/zephyr/glassway/modules/ec/common/backlight_lid.c.obj
[glassway:rw] [265/413] Building C object CMakeFiles/app.dir/mnt/host/source/src/platform/ec/build/zephyr/glassway/modules/ec/common/gpio_commands.c.obj
[glassway:ro] [280/413] Building C object CMakeFiles/app.dir/mnt/host/source/src/platform/ec/build/zephyr/glassway/modules/ec/common/battery.c.obj
[glassway:ro] [281/413] Building C object CMakeFiles/app.dir/mnt/host/source/src/platform/ec/build/zephyr/glassway/modules/ec/common/battery_info.c.obj
[glassway:ro] [282/413] Building C object CMakeFiles/app.dir/mnt/host/source/src/platform/ec/build/zephyr/glassway/modules/ec/common/battery_fuel_gauge.c.obj
[/mnt/host/source/src/platform/ec/build/zephyr/ruby-lcov]   /mnt/host/source/src/platform/ec/build/zephyr/ruby/build-ro/zephyr/CMakeFiles/zephyr.dir/lib/libc/validate_libc.c.gcno:no functions found
[/mnt/host/source/src/platform/ec/build/zephyr/ruby-lcov] stderr:
[glassway:rw] [266/413] Building C object CMakeFiles/app.dir/mnt/host/source/src/platform/ec/build/zephyr/glassway/modules/ec/common/peripheral.c.obj
[glassway:rw] [267/413] Building C object CMakeFiles/app.dir/mnt/host/source/src/platform/ec/build/zephyr/glassway/modules/ec/common/printf.c.obj
[glassway:rw] [268/413] Building C object CMakeFiles/app.dir/mnt/host/source/src/platform/ec/build/zephyr/glassway/modules/ec/common/queue.c.obj
[glassway:ro] [283/413] Building C object CMakeFiles/app.dir/mnt/host/source/src/platform/ec/build/zephyr/glassway/modules/ec/driver/battery/smart.c.obj
[glassway:rw] [269/413] Building C object CMakeFiles/app.dir/mnt/host/source/src/platform/ec/build/zephyr/glassway/modules/ec/common/system_boot_time.c.obj
[glassway:rw] [270/413] Building C object CMakeFiles/app.dir/mnt/host/source/src/platform/ec/build/zephyr/glassway/modules/ec/common/uart_printf.c.obj
[glassway:rw] [271/413] Building C object CMakeFiles/app.dir/mnt/host/source/src/platform/ec/build/zephyr/glassway/modules/ec/common/system.c.obj
[/mnt/host/source/src/platform/ec/build/zephyr/uldrenite-lcov]   /mnt/host/source/src/platform/ec/build/zephyr/uldrenite/build-ro/zephyr/drivers/sensor/CMakeFiles/drivers__sensor.dir/mnt/host/source/src/third_party/zephyr/main/misc/empty_file.c.gcno:no functions found
[/mnt/host/source/src/platform/ec/build/zephyr/uldrenite-lcov] stderr:
[glassway:ro] [284/413] Building C object CMakeFiles/app.dir/mnt/host/source/src/platform/ec/build/zephyr/glassway/modules/ec/common/charger.c.obj
[glassway:ro] [285/413] Building C object CMakeFiles/app.dir/mnt/host/source/src/platform/ec/build/zephyr/glassway/modules/ec/driver/charger/isl923x.c.obj
[glassway:ro] [286/413] Building C object CMakeFiles/app.dir/mnt/host/source/src/platform/ec/build/zephyr/glassway/modules/ec/common/ocpc.c.obj
[glassway:ro] [287/413] Building C object CMakeFiles/app.dir/mnt/host/source/src/platform/ec/build/zephyr/glassway/modules/ec/common/charge_state.c.obj
[/mnt/host/source/src/platform/ec/build/zephyr/uldrenite-lcov]   /mnt/host/source/src/platform/ec/build/zephyr/uldrenite/build-rw/modules/ec/zephyr/CMakeFiles/ec_shim.dir/shim/src/thermal.c.gcno:no functions found
[/mnt/host/source/src/platform/ec/build/zephyr/uldrenite-lcov] stderr:
[glassway:ro] [288/413] Building C object CMakeFiles/app.dir/mnt/host/source/src/platform/ec/build/zephyr/glassway/modules/ec/common/charge_manager.c.obj
[glassway:rw] [272/413] Building C object CMakeFiles/app.dir/mnt/host/source/src/platform/ec/build/zephyr/glassway/modules/ec/common/util.c.obj
[glassway:rw] [273/413] Building C object CMakeFiles/app.dir/mnt/host/source/src/platform/ec/build/zephyr/glassway/modules/ec/common/version.c.obj
[glassway:rw] [274/413] Building C object CMakeFiles/app.dir/mnt/host/source/src/platform/ec/build/zephyr/glassway/modules/ec/common/power_button_x86.c.obj
[/mnt/host/source/src/platform/ec/build/zephyr/ruby-lcov]   /mnt/host/source/src/platform/ec/build/zephyr/ruby/build-ro/zephyr/CMakeFiles/zephyr.dir/lib/utils/last_section_id.c.gcno:no functions found
[/mnt/host/source/src/platform/ec/build/zephyr/ruby-lcov] stderr:
[/mnt/host/source/src/platform/ec/build/zephyr/uldrenite-lcov]   /mnt/host/source/src/platform/ec/build/zephyr/uldrenite/build-rw/modules/ec/zephyr/CMakeFiles/ec_shim.dir/shim/src/battery.c.gcno:no functions found
[/mnt/host/source/src/platform/ec/build/zephyr/uldrenite-lcov] stderr:
[glassway:ro] [289/413] Building C object CMakeFiles/app.dir/mnt/host/source/src/platform/ec/build/zephyr/glassway/modules/ec/common/cbi_common.c.obj
[glassway:rw] [275/413] Building C object CMakeFiles/app.dir/mnt/host/source/src/platform/ec/build/zephyr/glassway/modules/ec/driver/accel_bma4xx.c.obj
[glassway:rw] [276/413] Building C object CMakeFiles/app.dir/mnt/host/source/src/platform/ec/build/zephyr/glassway/modules/ec/driver/accelgyro_bmi_common.c.obj
[glassway:ro] [290/413] Building C object CMakeFiles/app.dir/mnt/host/source/src/platform/ec/build/zephyr/glassway/modules/ec/common/cbi_config.c.obj
[glassway:ro] [291/413] Building C object CMakeFiles/app.dir/mnt/host/source/src/platform/ec/build/zephyr/glassway/modules/ec/common/dptf.c.obj
[glassway:rw] [277/413] Building C object CMakeFiles/app.dir/mnt/host/source/src/platform/ec/build/zephyr/glassway/modules/ec/driver/accelgyro_bmi3xx.c.obj
[glassway:ro] [292/413] Building C object CMakeFiles/app.dir/mnt/host/source/src/platform/ec/build/zephyr/glassway/modules/ec/common/cbi.c.obj
[glassway:ro] [293/413] Building C object CMakeFiles/app.dir/mnt/host/source/src/platform/ec/build/zephyr/glassway/modules/ec/common/espi.c.obj
[glassway:ro] [294/413] Building C object CMakeFiles/app.dir/mnt/host/source/src/platform/ec/build/zephyr/glassway/modules/ec/common/ap_reset_log.c.obj
[/mnt/host/source/src/platform/ec/build/zephyr/uldrenite-lcov]   /mnt/host/source/src/platform/ec/build/zephyr/uldrenite/build-rw/modules/ec/zephyr/CMakeFiles/ec_shim.dir/shim/src/charger.c.gcno:no functions found
[/mnt/host/source/src/platform/ec/build/zephyr/uldrenite-lcov] stderr:
[glassway:rw] [278/413] Building C object CMakeFiles/app.dir/mnt/host/source/src/platform/ec/build/zephyr/glassway/modules/ec/driver/accelgyro_icm_common.c.obj
[glassway:rw] [279/413] Building C object CMakeFiles/app.dir/mnt/host/source/src/platform/ec/build/zephyr/glassway/modules/ec/driver/accelgyro_icm42607.c.obj
[glassway:ro] [295/413] Building C object CMakeFiles/app.dir/mnt/host/source/src/platform/ec/build/zephyr/glassway/modules/ec/common/extpower_common.c.obj
[glassway:rw] [280/413] Building C object CMakeFiles/app.dir/mnt/host/source/src/platform/ec/build/zephyr/glassway/modules/ec/common/motion_sense_fifo.c.obj
[glassway:rw] [281/413] Building C object CMakeFiles/app.dir/mnt/host/source/src/platform/ec/build/zephyr/glassway/modules/ec/common/adc.c.obj
[glassway:rw] [282/413] Building C object CMakeFiles/app.dir/mnt/host/source/src/platform/ec/build/zephyr/glassway/modules/ec/common/acpi.c.obj
[glassway:rw] [283/413] Building C object CMakeFiles/app.dir/mnt/host/source/src/platform/ec/build/zephyr/glassway/modules/ec/common/backlight_lid.c.obj
[glassway:ro] [296/413] Building C object CMakeFiles/app.dir/mnt/host/source/src/platform/ec/build/zephyr/glassway/modules/ec/common/host_command.c.obj
[glassway:ro] [297/413] Building C object CMakeFiles/app.dir/mnt/host/source/src/platform/ec/build/zephyr/glassway/modules/ec/common/fan.c.obj
[glassway:ro] [298/413] Building C object CMakeFiles/app.dir/mnt/host/source/src/platform/ec/build/zephyr/glassway/modules/ec/common/flash.c.obj
[glassway:ro] [299/413] Building C object CMakeFiles/app.dir/mnt/host/source/src/platform/ec/build/zephyr/glassway/modules/ec/common/host_command_task.c.obj
[glassway:ro] [300/413] Building C object CMakeFiles/app.dir/mnt/host/source/src/platform/ec/build/zephyr/glassway/modules/ec/common/host_event_commands.c.obj
[glassway:rw] [284/413] Building C object CMakeFiles/app.dir/mnt/host/source/src/platform/ec/build/zephyr/glassway/modules/ec/common/battery_info.c.obj
[glassway:ro] [301/413] Building C object CMakeFiles/app.dir/mnt/host/source/src/platform/ec/build/zephyr/glassway/modules/ec/common/uart_hostcmd.c.obj
[glassway:rw] [285/413] Building C object CMakeFiles/app.dir/mnt/host/source/src/platform/ec/build/zephyr/glassway/modules/ec/common/battery.c.obj
[glassway:rw] [286/413] Building C object CMakeFiles/app.dir/mnt/host/source/src/platform/ec/build/zephyr/glassway/modules/ec/common/battery_fuel_gauge.c.obj
[/mnt/host/source/src/platform/ec/build/zephyr/trulo-lcov]   /mnt/host/source/src/platform/ec/build/zephyr/trulo/build-ro/modules/ec/zephyr/drivers/dsp_comms/CMakeFiles/dsp_comms.proto.nanopb.dir/dsp_comms.proto/nanopb/proto/ec_dsp.pb.c.gcno:no functions found
[/mnt/host/source/src/platform/ec/build/zephyr/trulo-lcov] stderr:
[glassway:rw] [287/413] Building C object CMakeFiles/app.dir/mnt/host/source/src/platform/ec/build/zephyr/glassway/modules/ec/driver/battery/smart.c.obj
[glassway:rw] [288/413] Building C object CMakeFiles/app.dir/mnt/host/source/src/platform/ec/build/zephyr/glassway/modules/ec/common/charger.c.obj
[glassway:ro] [302/413] Building C object CMakeFiles/app.dir/mnt/host/source/src/platform/ec/build/zephyr/glassway/modules/ec/common/uptime.c.obj
[glassway:ro] [303/413] Building C object CMakeFiles/app.dir/mnt/host/source/src/platform/ec/build/zephyr/glassway/modules/ec/common/i2c_controller.c.obj
[glassway:ro] [304/413] Building C object CMakeFiles/app.dir/mnt/host/source/src/platform/ec/build/zephyr/glassway/modules/ec/common/i2c_passthru.c.obj
[glassway:rw] [289/413] Building C object CMakeFiles/app.dir/mnt/host/source/src/platform/ec/build/zephyr/glassway/modules/ec/driver/charger/isl923x.c.obj
[glassway:ro] [305/413] Building C object CMakeFiles/app.dir/mnt/host/source/src/platform/ec/build/zephyr/glassway/modules/ec/common/keyboard_8042.c.obj
[glassway:ro] [306/413] Building C object CMakeFiles/app.dir/mnt/host/source/src/platform/ec/build/zephyr/glassway/modules/ec/common/keyboard_8042_sharedlib.c.obj
[/mnt/host/source/src/platform/ec/build/zephyr/uldrenite-lcov]   /mnt/host/source/src/platform/ec/build/zephyr/uldrenite/build-rw/modules/ec/zephyr/CMakeFiles/ec_shim.dir/shim/src/usba.c.gcno:no functions found
[/mnt/host/source/src/platform/ec/build/zephyr/uldrenite-lcov] stderr:
[glassway:ro] [307/413] Building C object CMakeFiles/app.dir/mnt/host/source/src/platform/ec/build/zephyr/glassway/modules/ec/common/keyboard_scan.c.obj
[glassway:rw] [290/413] Building C object CMakeFiles/app.dir/mnt/host/source/src/platform/ec/build/zephyr/glassway/modules/ec/common/charge_state.c.obj
[glassway:rw] [291/413] Building C object CMakeFiles/app.dir/mnt/host/source/src/platform/ec/build/zephyr/glassway/modules/ec/common/charge_manager.c.obj
[glassway:rw] [292/413] Building C object CMakeFiles/app.dir/mnt/host/source/src/platform/ec/build/zephyr/glassway/modules/ec/common/ocpc.c.obj
[glassway:rw] [293/413] Building C object CMakeFiles/app.dir/mnt/host/source/src/platform/ec/build/zephyr/glassway/modules/ec/common/cbi_common.c.obj
[glassway:rw] [294/413] Building C object CMakeFiles/app.dir/mnt/host/source/src/platform/ec/build/zephyr/glassway/modules/ec/common/cbi_config.c.obj
[glassway:ro] [308/413] Building C object CMakeFiles/app.dir/mnt/host/source/src/platform/ec/build/zephyr/glassway/modules/ec/common/mkbp_fifo.c.obj
[glassway:ro] [309/413] Building C object CMakeFiles/app.dir/mnt/host/source/src/platform/ec/build/zephyr/glassway/modules/ec/common/mkbp_info.c.obj
[glassway:rw] [295/413] Building C object CMakeFiles/app.dir/mnt/host/source/src/platform/ec/build/zephyr/glassway/modules/ec/common/cbi.c.obj
[glassway:ro] [310/413] Building C object CMakeFiles/app.dir/mnt/host/source/src/platform/ec/build/zephyr/glassway/modules/ec/common/mkbp_input_devices.c.obj
[glassway:ro] [311/413] Building C object CMakeFiles/app.dir/mnt/host/source/src/platform/ec/build/zephyr/glassway/modules/ec/common/led_common.c.obj
[glassway:ro] [312/413] Building C object CMakeFiles/app.dir/mnt/host/source/src/platform/ec/build/zephyr/glassway/modules/ec/common/keyboard_backlight.c.obj
[glassway:ro] [313/413] Building C object CMakeFiles/app.dir/mnt/host/source/src/platform/ec/build/zephyr/glassway/modules/ec/common/motion_lid.c.obj
[glassway:rw] [296/413] Building C object CMakeFiles/app.dir/mnt/host/source/src/platform/ec/build/zephyr/glassway/modules/ec/common/ap_reset_log.c.obj
[glassway:rw] [297/413] Building C object CMakeFiles/app.dir/mnt/host/source/src/platform/ec/build/zephyr/glassway/modules/ec/common/dptf.c.obj
[glassway:rw] [298/413] Building C object CMakeFiles/app.dir/mnt/host/source/src/platform/ec/build/zephyr/glassway/modules/ec/common/espi.c.obj
[glassway:rw] [299/413] Building C object CMakeFiles/app.dir/mnt/host/source/src/platform/ec/build/zephyr/glassway/modules/ec/common/extpower_common.c.obj
[/mnt/host/source/src/platform/ec/build/zephyr/uldrenite-lcov]   /mnt/host/source/src/platform/ec/build/zephyr/uldrenite/build-rw/modules/ec/zephyr/CMakeFiles/ec_shim.dir/drivers/keyboard_input/keyboard_customization_check.c.gcno:no functions found
[/mnt/host/source/src/platform/ec/build/zephyr/uldrenite-lcov] stderr:
[glassway:ro] [314/413] Building C object CMakeFiles/app.dir/mnt/host/source/src/platform/ec/build/zephyr/glassway/modules/ec/common/lid_angle.c.obj
[glassway:rw] [300/413] Building C object CMakeFiles/app.dir/mnt/host/source/src/platform/ec/build/zephyr/glassway/modules/ec/common/fan.c.obj
[glassway:ro] [315/413] Building C object CMakeFiles/app.dir/mnt/host/source/src/platform/ec/build/zephyr/glassway/modules/ec/common/lid_switch.c.obj
[glassway:ro] [316/413] Building C object CMakeFiles/app.dir/mnt/host/source/src/platform/ec/build/zephyr/glassway/modules/ec/common/lid_angle_keyboard_policy.c.obj
[glassway:ro] [317/413] Building C object CMakeFiles/app.dir/mnt/host/source/src/platform/ec/build/zephyr/glassway/modules/ec/common/mkbp_event.c.obj
[glassway:rw] [301/413] Building C object CMakeFiles/app.dir/mnt/host/source/src/platform/ec/build/zephyr/glassway/modules/ec/common/flash.c.obj
[glassway:ro] [318/413] Building C object CMakeFiles/app.dir/mnt/host/source/src/platform/ec/build/zephyr/glassway/modules/ec/common/port80.c.obj
[glassway:rw] [302/413] Building C object CMakeFiles/app.dir/mnt/host/source/src/platform/ec/build/zephyr/glassway/modules/ec/common/host_command.c.obj
[glassway:rw] [303/413] Building C object CMakeFiles/app.dir/mnt/host/source/src/platform/ec/build/zephyr/glassway/modules/ec/common/host_event_commands.c.obj
[glassway:ro] [319/413] Building C object CMakeFiles/app.dir/mnt/host/source/src/platform/ec/build/zephyr/glassway/modules/ec/common/motion_sense.c.obj
[glassway:rw] [304/413] Building C object CMakeFiles/app.dir/mnt/host/source/src/platform/ec/build/zephyr/glassway/modules/ec/common/host_command_task.c.obj
[glassway:rw] [305/413] Building C object CMakeFiles/app.dir/mnt/host/source/src/platform/ec/build/zephyr/glassway/modules/ec/common/uart_hostcmd.c.obj
[glassway:ro] [320/413] Building C object CMakeFiles/app.dir/mnt/host/source/src/platform/ec/build/zephyr/glassway/modules/ec/common/power_button.c.obj
[glassway:ro] [321/413] Building C object CMakeFiles/app.dir/mnt/host/source/src/platform/ec/build/zephyr/glassway/modules/ec/power/hibernate.c.obj
[glassway:ro] [322/413] Building C object CMakeFiles/app.dir/mnt/host/source/src/platform/ec/build/zephyr/glassway/modules/ec/common/sha256.c.obj
[glassway:rw] [306/413] Building C object CMakeFiles/app.dir/mnt/host/source/src/platform/ec/build/zephyr/glassway/modules/ec/common/uptime.c.obj
[glassway:rw] [307/413] Building C object CMakeFiles/app.dir/mnt/host/source/src/platform/ec/build/zephyr/glassway/modules/ec/common/i2c_controller.c.obj
[glassway:ro] [323/413] Building C object CMakeFiles/app.dir/mnt/host/source/src/platform/ec/build/zephyr/glassway/modules/ec/common/panic_output.c.obj
[glassway:ro] [324/413] Building C object CMakeFiles/app.dir/mnt/host/source/src/platform/ec/build/zephyr/glassway/modules/ec/common/shared_mem.c.obj
[/mnt/host/source/src/platform/ec/build/zephyr/trulo-lcov]   /mnt/host/source/src/platform/ec/build/zephyr/trulo/build-ro/CMakeFiles/app.dir/mnt/host/source/src/platform/ec/build/zephyr/trulo/modules/ec/common/chargen.c.gcno:no functions found
[/mnt/host/source/src/platform/ec/build/zephyr/trulo-lcov] stderr:
[/mnt/host/source/src/platform/ec/build/zephyr/uldrenite-lcov]   /mnt/host/source/src/platform/ec/build/zephyr/uldrenite/build-rw/modules/ec/zephyr/drivers/pw_transport/CMakeFiles/pw_transport.proto.nanopb.dir/pw_transport.proto/nanopb/pw_transport/proto/transport.pb.c.gcno:no functions found
[/mnt/host/source/src/platform/ec/build/zephyr/uldrenite-lcov] stderr:
[glassway:rw] [308/413] Building C object CMakeFiles/app.dir/mnt/host/source/src/platform/ec/build/zephyr/glassway/modules/ec/common/i2c_passthru.c.obj
[glassway:ro] [325/413] Building C object CMakeFiles/app.dir/mnt/host/source/src/platform/ec/build/zephyr/glassway/modules/ec/common/switch.c.obj
[glassway:rw] [309/413] Building C object CMakeFiles/app.dir/mnt/host/source/src/platform/ec/build/zephyr/glassway/modules/ec/common/keyboard_scan.c.obj
[glassway:rw] [310/413] Building C object CMakeFiles/app.dir/mnt/host/source/src/platform/ec/build/zephyr/glassway/modules/ec/common/keyboard_8042.c.obj
[glassway:rw] [311/413] Building C object CMakeFiles/app.dir/mnt/host/source/src/platform/ec/build/zephyr/glassway/modules/ec/common/keyboard_8042_sharedlib.c.obj
[glassway:ro] [326/413] Building C object CMakeFiles/app.dir/mnt/host/source/src/platform/ec/build/zephyr/glassway/modules/ec/common/tablet_mode.c.obj
[glassway:ro] [327/413] Building C object CMakeFiles/app.dir/mnt/host/source/src/platform/ec/build/zephyr/glassway/modules/ec/common/spi_flash_reg.c.obj
[glassway:ro] [328/413] Building C object CMakeFiles/app.dir/mnt/host/source/src/platform/ec/build/zephyr/glassway/modules/ec/common/thermal.c.obj
[glassway:ro] [329/413] Building C object CMakeFiles/app.dir/mnt/host/source/src/platform/ec/build/zephyr/glassway/modules/ec/common/temp_sensor.c.obj
[glassway:rw] [312/413] Building C object CMakeFiles/app.dir/mnt/host/source/src/platform/ec/build/zephyr/glassway/modules/ec/common/mkbp_fifo.c.obj
[glassway:rw] [313/413] Building C object CMakeFiles/app.dir/mnt/host/source/src/platform/ec/build/zephyr/glassway/modules/ec/common/mkbp_info.c.obj
[glassway:ro] [330/413] Building C object CMakeFiles/app.dir/mnt/host/source/src/platform/ec/build/zephyr/glassway/modules/ec/driver/temp_sensor/thermistor.c.obj
[glassway:rw] [314/413] Building C object CMakeFiles/app.dir/mnt/host/source/src/platform/ec/build/zephyr/glassway/modules/ec/common/mkbp_input_devices.c.obj
[glassway:ro] [331/413] Building C object CMakeFiles/app.dir/mnt/host/source/src/platform/ec/build/zephyr/glassway/modules/ec/common/throttle_ap.c.obj
[glassway:rw] [315/413] Building C object CMakeFiles/app.dir/mnt/host/source/src/platform/ec/build/zephyr/glassway/modules/ec/common/led_common.c.obj
[glassway:rw] [316/413] Building C object CMakeFiles/app.dir/mnt/host/source/src/platform/ec/build/zephyr/glassway/modules/ec/common/keyboard_backlight.c.obj
[glassway:rw] [317/413] Building C object CMakeFiles/app.dir/mnt/host/source/src/platform/ec/build/zephyr/glassway/modules/ec/common/motion_lid.c.obj
[glassway:ro] [332/413] Building C object CMakeFiles/app.dir/mnt/host/source/src/platform/ec/build/zephyr/glassway/modules/ec/common/timer.c.obj
[glassway:ro] [333/413] Building C object CMakeFiles/app.dir/mnt/host/source/src/platform/ec/build/zephyr/glassway/modules/ec/common/usb_port_power_dumb.c.obj
[glassway:rw] [318/413] Building C object CMakeFiles/app.dir/mnt/host/source/src/platform/ec/build/zephyr/glassway/modules/ec/common/lid_angle_keyboard_policy.c.obj
[glassway:ro] [334/413] Building C object CMakeFiles/app.dir/mnt/host/source/src/platform/ec/build/zephyr/glassway/modules/ec/common/typec_control.c.obj
[glassway:ro] [335/413] Building C object CMakeFiles/app.dir/mnt/host/source/src/platform/ec/build/zephyr/glassway/modules/ec/common/usb_pd_pdo.c.obj
[glassway:rw] [319/413] Building C object CMakeFiles/app.dir/mnt/host/source/src/platform/ec/build/zephyr/glassway/modules/ec/common/lid_angle.c.obj
[glassway:ro] [336/413] Building C object CMakeFiles/app.dir/mnt/host/source/src/platform/ec/build/zephyr/glassway/modules/ec/common/usb_common.c.obj
[glassway:rw] [320/413] Building C object CMakeFiles/app.dir/mnt/host/source/src/platform/ec/build/zephyr/glassway/modules/ec/common/lid_switch.c.obj
[glassway:ro] [337/413] Building C object CMakeFiles/app.dir/mnt/host/source/src/platform/ec/build/zephyr/glassway/modules/ec/common/usbc/usbc_task.c.obj
[glassway:rw] [321/413] Building C object CMakeFiles/app.dir/mnt/host/source/src/platform/ec/build/zephyr/glassway/modules/ec/common/mkbp_event.c.obj
[glassway:rw] [322/413] Building C object CMakeFiles/app.dir/mnt/host/source/src/platform/ec/build/zephyr/glassway/modules/ec/common/port80.c.obj
[glassway:rw] [323/413] Building C object CMakeFiles/app.dir/mnt/host/source/src/platform/ec/build/zephyr/glassway/modules/ec/common/motion_sense.c.obj
[/mnt/host/source/src/platform/ec/build/zephyr/ruby-lcov]   /mnt/host/source/src/platform/ec/build/zephyr/ruby/build-ro/zephyr/CMakeFiles/zephyr.dir/soc/nuvoton/npcx/common/npcxn/registers.c.gcno:no functions found
[/mnt/host/source/src/platform/ec/build/zephyr/ruby-lcov] stderr:
[glassway:ro] [338/413] Building C object CMakeFiles/app.dir/mnt/host/source/src/platform/ec/build/zephyr/glassway/modules/ec/common/usbc/usb_pd_timer.c.obj
[glassway:ro] [339/413] Building C object CMakeFiles/app.dir/mnt/host/source/src/platform/ec/build/zephyr/glassway/modules/ec/common/usbc/usb_sm.c.obj
[glassway:rw] [324/413] Building C object CMakeFiles/app.dir/mnt/host/source/src/platform/ec/build/zephyr/glassway/modules/ec/common/power_button.c.obj
[glassway:ro] [340/413] Building C object CMakeFiles/app.dir/mnt/host/source/src/platform/ec/build/zephyr/glassway/modules/ec/common/usbc_intr_task.c.obj
[glassway:ro] [341/413] Building C object CMakeFiles/app.dir/mnt/host/source/src/platform/ec/build/zephyr/glassway/modules/ec/common/usbc_utils.c.obj
[glassway:rw] [325/413] Building C object CMakeFiles/app.dir/mnt/host/source/src/platform/ec/build/zephyr/glassway/modules/ec/power/hibernate.c.obj
[glassway:ro] [342/413] Building C object CMakeFiles/app.dir/mnt/host/source/src/platform/ec/build/zephyr/glassway/modules/ec/common/usb_pd_flags.c.obj
[glassway:rw] [326/413] Building C object CMakeFiles/app.dir/mnt/host/source/src/platform/ec/build/zephyr/glassway/modules/ec/common/sha256.c.obj
[glassway:rw] [327/413] Building C object CMakeFiles/app.dir/mnt/host/source/src/platform/ec/build/zephyr/glassway/modules/ec/common/panic_output.c.obj
[glassway:ro] [343/413] Building C object CMakeFiles/app.dir/mnt/host/source/src/platform/ec/build/zephyr/glassway/modules/ec/common/chargen.c.obj
[glassway:rw] [328/413] Building C object CMakeFiles/app.dir/mnt/host/source/src/platform/ec/build/zephyr/glassway/modules/ec/common/shared_mem.c.obj
[glassway:rw] [329/413] Building C object CMakeFiles/app.dir/mnt/host/source/src/platform/ec/build/zephyr/glassway/modules/ec/common/switch.c.obj
[glassway:ro] [344/413] Building C object CMakeFiles/app.dir/mnt/host/source/src/platform/ec/build/zephyr/glassway/modules/ec/common/usbc/usb_pd_console.c.obj
[glassway:rw] [330/413] Building C object CMakeFiles/app.dir/mnt/host/source/src/platform/ec/build/zephyr/glassway/modules/ec/common/spi_flash_reg.c.obj
[glassway:ro] [345/413] Building C object CMakeFiles/app.dir/mnt/host/source/src/platform/ec/build/zephyr/glassway/modules/ec/driver/retimer/anx7483.c.obj
[glassway:ro] [346/413] Building C object CMakeFiles/app.dir/mnt/host/source/src/platform/ec/build/zephyr/glassway/modules/ec/driver/usb_mux/virtual.c.obj
[glassway:rw] [331/413] Building C object CMakeFiles/app.dir/mnt/host/source/src/platform/ec/build/zephyr/glassway/modules/ec/common/tablet_mode.c.obj
[glassway:ro] [347/413] Building C object CMakeFiles/app.dir/mnt/host/source/src/platform/ec/build/zephyr/glassway/modules/ec/driver/usb_mux/usb_mux.c.obj
[glassway:rw] [332/413] Building C object CMakeFiles/app.dir/mnt/host/source/src/platform/ec/build/zephyr/glassway/modules/ec/common/thermal.c.obj
[glassway:rw] [333/413] Building C object CMakeFiles/app.dir/mnt/host/source/src/platform/ec/build/zephyr/glassway/modules/ec/common/temp_sensor.c.obj
[glassway:ro] [348/413] Building C object CMakeFiles/app.dir/mnt/host/source/src/platform/ec/build/zephyr/glassway/modules/ec/common/usbc/usb_tc_drp_acc_trysrc_sm.c.obj
[/mnt/host/source/src/platform/ec/build/zephyr/vader-lcov]   /mnt/host/source/src/platform/ec/build/zephyr/vader/build-ro/zephyr/CMakeFiles/zephyr.dir/soc/nuvoton/npcx/common/npcxn/registers.c.gcno:no functions found
[/mnt/host/source/src/platform/ec/build/zephyr/vader-lcov] stderr:
[glassway:rw] [334/413] Building C object CMakeFiles/app.dir/mnt/host/source/src/platform/ec/build/zephyr/glassway/modules/ec/driver/temp_sensor/thermistor.c.obj
[glassway:rw] [335/413] Building C object CMakeFiles/app.dir/mnt/host/source/src/platform/ec/build/zephyr/glassway/modules/ec/common/throttle_ap.c.obj
[glassway:ro] [349/413] Building C object CMakeFiles/app.dir/mnt/host/source/src/platform/ec/build/zephyr/glassway/modules/ec/common/usbc/usb_prl_sm.c.obj
[glassway:rw] [336/413] Building C object CMakeFiles/app.dir/mnt/host/source/src/platform/ec/build/zephyr/glassway/modules/ec/common/timer.c.obj
[/mnt/host/source/src/platform/ec/build/zephyr/vader-lcov]   /mnt/host/source/src/platform/ec/build/zephyr/vader/build-rw/modules/ec/zephyr/CMakeFiles/ec_shim.dir/shim/src/power.c.gcno:no functions found
[/mnt/host/source/src/platform/ec/build/zephyr/vader-lcov] stderr:
[glassway:ro] [350/413] Building C object CMakeFiles/app.dir/mnt/host/source/src/platform/ec/build/zephyr/glassway/modules/ec/common/usbc/usb_pd_dpm.c.obj
[glassway:ro] [351/413] Building C object CMakeFiles/app.dir/mnt/host/source/src/platform/ec/build/zephyr/glassway/modules/ec/common/usbc/usbc_pd_policy.c.obj
[/mnt/host/source/src/platform/ec/build/zephyr/vader-lcov]   /mnt/host/source/src/platform/ec/build/zephyr/vader/build-rw/modules/ec/zephyr/CMakeFiles/ec_shim.dir/shim/src/thermal.c.gcno:no functions found
[/mnt/host/source/src/platform/ec/build/zephyr/vader-lcov] stderr:
[glassway:rw] [337/413] Building C object CMakeFiles/app.dir/mnt/host/source/src/platform/ec/build/zephyr/glassway/modules/ec/common/typec_control.c.obj
[glassway:rw] [338/413] Building C object CMakeFiles/app.dir/mnt/host/source/src/platform/ec/build/zephyr/glassway/modules/ec/common/usb_port_power_dumb.c.obj
[glassway:ro] [352/413] Building C object CMakeFiles/app.dir/mnt/host/source/src/platform/ec/build/zephyr/glassway/modules/ec/common/usbc/dp_alt_mode.c.obj
[glassway:ro] [353/413] Building C object CMakeFiles/app.dir/mnt/host/source/src/platform/ec/build/zephyr/glassway/modules/ec/common/usbc/usb_pe_drp_sm.c.obj
[/mnt/host/source/src/platform/ec/build/zephyr/trulo-lcov]   /mnt/host/source/src/platform/ec/build/zephyr/trulo/build-ro/CMakeFiles/app.dir/mnt/host/source/src/platform/ec/build/zephyr/trulo/modules/ec/common/cbi_config.c.gcno:no functions found
[/mnt/host/source/src/platform/ec/build/zephyr/trulo-lcov] stderr:
[glassway:rw] [339/413] Building C object CMakeFiles/app.dir/mnt/host/source/src/platform/ec/build/zephyr/glassway/modules/ec/common/usb_common.c.obj
[/mnt/host/source/src/platform/ec/build/zephyr/vader-lcov]   /mnt/host/source/src/platform/ec/build/zephyr/vader/build-rw/modules/ec/zephyr/CMakeFiles/ec_shim.dir/shim/src/battery.c.gcno:no functions found
[/mnt/host/source/src/platform/ec/build/zephyr/vader-lcov] stderr:
[glassway:rw] [340/413] Building C object CMakeFiles/app.dir/mnt/host/source/src/platform/ec/build/zephyr/glassway/modules/ec/common/usb_pd_pdo.c.obj
[glassway:ro] [354/413] Building C object CMakeFiles/app.dir/mnt/host/source/src/platform/ec/build/zephyr/glassway/modules/ec/common/usb_pd_console_cmd.c.obj
[glassway:ro] [355/413] Building C object CMakeFiles/app.dir/mnt/host/source/src/platform/ec/build/zephyr/glassway/modules/ec/common/usb_pd_host_cmd.c.obj
[glassway:rw] [341/413] Building C object CMakeFiles/app.dir/mnt/host/source/src/platform/ec/build/zephyr/glassway/modules/ec/common/usbc/usbc_task.c.obj
[glassway:rw] [342/413] Building C object CMakeFiles/app.dir/mnt/host/source/src/platform/ec/build/zephyr/glassway/modules/ec/common/usbc/usb_pd_timer.c.obj
[glassway:ro] [356/413] Building C object CMakeFiles/app.dir/mnt/host/source/src/platform/ec/build/zephyr/glassway/modules/ec/common/usbc/usb_pd_host.c.obj
[glassway:rw] [343/413] Building C object CMakeFiles/app.dir/mnt/host/source/src/platform/ec/build/zephyr/glassway/modules/ec/common/usbc_intr_task.c.obj
[glassway:ro] [357/413] Building C object CMakeFiles/app.dir/mnt/host/source/src/platform/ec/build/zephyr/glassway/modules/ec/common/usb_pd_host_cmd_common.c.obj
[glassway:rw] [344/413] Building C object CMakeFiles/app.dir/mnt/host/source/src/platform/ec/build/zephyr/glassway/modules/ec/common/usbc/usb_sm.c.obj
[glassway:ro] [358/413] Building C object CMakeFiles/app.dir/mnt/host/source/src/platform/ec/build/zephyr/glassway/modules/ec/common/usbc/svdm_rsp_dfp_only.c.obj
[glassway:ro] [359/413] Building C object CMakeFiles/app.dir/mnt/host/source/src/platform/ec/build/zephyr/glassway/modules/ec/zephyr/shim/src/tcpc.c.obj
[/mnt/host/source/src/platform/ec/build/zephyr/vader-lcov]   /mnt/host/source/src/platform/ec/build/zephyr/vader/build-rw/modules/ec/zephyr/CMakeFiles/ec_shim.dir/shim/src/charger.c.gcno:no functions found
[/mnt/host/source/src/platform/ec/build/zephyr/vader-lcov] stderr:
[glassway:rw] [345/413] Building C object CMakeFiles/app.dir/mnt/host/source/src/platform/ec/build/zephyr/glassway/modules/ec/common/usb_pd_flags.c.obj
[glassway:rw] [346/413] Building C object CMakeFiles/app.dir/mnt/host/source/src/platform/ec/build/zephyr/glassway/modules/ec/common/usbc_utils.c.obj
[glassway:ro] [360/413] Building C object CMakeFiles/app.dir/mnt/host/source/src/platform/ec/build/zephyr/glassway/modules/ec/common/usbc_ocp.c.obj
[glassway:rw] [347/413] Building C object CMakeFiles/app.dir/mnt/host/source/src/platform/ec/build/zephyr/glassway/modules/ec/common/chargen.c.obj
[/mnt/host/source/src/platform/ec/build/zephyr/vader-lcov]   /mnt/host/source/src/platform/ec/build/zephyr/vader/build-rw/modules/ec/zephyr/CMakeFiles/ec_shim.dir/shim/src/usba.c.gcno:no functions found
[/mnt/host/source/src/platform/ec/build/zephyr/vader-lcov] stderr:
[glassway:ro] [361/413] Building C object CMakeFiles/app.dir/mnt/host/source/src/platform/ec/build/zephyr/glassway/modules/ec/common/usb_pd_discovery.c.obj
[/mnt/host/source/src/platform/ec/build/zephyr/trulo-lcov]   /mnt/host/source/src/platform/ec/build/zephyr/trulo/build-ro/zephyr/arch/arch/arm/core/mpu/CMakeFiles/arch__arm__core__mpu.dir/arm_mpu_regions.c.gcno:no functions found
[/mnt/host/source/src/platform/ec/build/zephyr/trulo-lcov] stderr:
[glassway:rw] [348/413] Building C object CMakeFiles/app.dir/mnt/host/source/src/platform/ec/build/zephyr/glassway/modules/ec/common/usbc/usb_pd_console.c.obj
[glassway:ro] [362/413] Building C object CMakeFiles/app.dir/mnt/host/source/src/platform/ec/build/zephyr/glassway/modules/ec/common/usb_pd_dual_role.c.obj
[glassway:rw] [349/413] Building C object CMakeFiles/app.dir/mnt/host/source/src/platform/ec/build/zephyr/glassway/modules/ec/driver/retimer/anx7483.c.obj
[glassway:ro] [363/413] Building C object CMakeFiles/app.dir/mnt/host/source/src/platform/ec/build/zephyr/glassway/modules/ec/driver/tcpm/raa489000.c.obj
[glassway:ro] [364/413] Building C object CMakeFiles/app.dir/mnt/host/source/src/platform/ec/build/zephyr/glassway/modules/ec/common/vboot_hash.c.obj
[glassway:rw] [350/413] Building C object CMakeFiles/app.dir/mnt/host/source/src/platform/ec/build/zephyr/glassway/modules/ec/driver/usb_mux/virtual.c.obj
[glassway:rw] [351/413] Building C object CMakeFiles/app.dir/mnt/host/source/src/platform/ec/build/zephyr/glassway/modules/ec/driver/usb_mux/usb_mux.c.obj
[glassway:ro] [365/413] Building C object CMakeFiles/app.dir/mnt/host/source/src/platform/ec/build/zephyr/glassway/modules/ec/driver/tcpm/tcpci.c.obj
[glassway:ro] [366/413] Building C object CMakeFiles/app.dir/mnt/host/source/src/platform/ec/build/zephyr/glassway/modules/ec/common/button.c.obj
[glassway:rw] [352/413] Building C object CMakeFiles/app.dir/mnt/host/source/src/platform/ec/build/zephyr/glassway/modules/ec/common/usbc/usb_tc_drp_acc_trysrc_sm.c.obj
[glassway:ro] [367/413] Building C object CMakeFiles/app.dir/mnt/host/source/src/platform/ec/build/zephyr/glassway/modules/ec/common/vboot/efs2.c.obj
[glassway:rw] [353/413] Building C object CMakeFiles/app.dir/mnt/host/source/src/platform/ec/build/zephyr/glassway/modules/ec/common/usbc/usb_prl_sm.c.obj
[/mnt/host/source/src/platform/ec/build/zephyr/trulo-lcov]   /mnt/host/source/src/platform/ec/build/zephyr/trulo/build-ro/zephyr/arch/common/CMakeFiles/isr_tables.dir/isr_tables.c.gcno:no functions found
[/mnt/host/source/src/platform/ec/build/zephyr/trulo-lcov] stderr:
[glassway:ro] [368/413] Building C object CMakeFiles/app.dir/mnt/host/source/src/platform/ec/build/zephyr/glassway/modules/ec/common/math_util.c.obj
[glassway:ro] [369/413] Building C object CMakeFiles/app.dir/mnt/host/source/src/platform/ec/build/zephyr/glassway/modules/ec/common/vstore.c.obj
[glassway:ro] [370/413] Building C object CMakeFiles/app.dir/src/common.c.obj
[glassway:rw] [354/413] Building C object CMakeFiles/app.dir/mnt/host/source/src/platform/ec/build/zephyr/glassway/modules/ec/common/usbc/usb_pd_dpm.c.obj
[glassway:ro] [371/413] Building C object CMakeFiles/app.dir/src/board_power.c.obj
[glassway:rw] [355/413] Building C object CMakeFiles/app.dir/mnt/host/source/src/platform/ec/build/zephyr/glassway/modules/ec/common/usbc/usbc_pd_policy.c.obj
[/mnt/host/source/src/platform/ec/build/zephyr/ruby-lcov]   /mnt/host/source/src/platform/ec/build/zephyr/ruby/build-ro/zephyr/drivers/sensor/CMakeFiles/drivers__sensor.dir/mnt/host/source/src/third_party/zephyr/main/misc/empty_file.c.gcno:no functions found
[/mnt/host/source/src/platform/ec/build/zephyr/ruby-lcov] stderr:
[glassway:rw] [356/413] Building C object CMakeFiles/app.dir/mnt/host/source/src/platform/ec/build/zephyr/glassway/modules/ec/common/usbc/dp_alt_mode.c.obj
[glassway:rw] [357/413] Building C object CMakeFiles/app.dir/mnt/host/source/src/platform/ec/build/zephyr/glassway/modules/ec/common/usb_pd_console_cmd.c.obj
[glassway:rw] [358/413] Building C object CMakeFiles/app.dir/mnt/host/source/src/platform/ec/build/zephyr/glassway/modules/ec/common/usbc/usb_pe_drp_sm.c.obj
[glassway:ro] [372/413] Building C object CMakeFiles/app.dir/glassway/src/kb_backlight.c.obj
[glassway:ro] [373/413] Building C object CMakeFiles/app.dir/glassway/src/sub_board.c.obj
[glassway:rw] [359/413] Building C object CMakeFiles/app.dir/mnt/host/source/src/platform/ec/build/zephyr/glassway/modules/ec/common/usb_pd_host_cmd.c.obj
[/mnt/host/source/src/platform/ec/build/zephyr/ruby-lcov]   /mnt/host/source/src/platform/ec/build/zephyr/ruby/build-rw/modules/ec/zephyr/CMakeFiles/ec_shim.dir/shim/src/thermal.c.gcno:no functions found
[/mnt/host/source/src/platform/ec/build/zephyr/ruby-lcov] stderr:
[glassway:ro] [374/413] Building C object CMakeFiles/app.dir/glassway/src/board.c.obj
[glassway:ro] [375/413] Building C object CMakeFiles/app.dir/glassway/src/keyboard.c.obj
[glassway:ro] [376/413] Building C object CMakeFiles/app.dir/glassway/src/usb_mux_config.c.obj
[glassway:ro] [377/413] Linking C static library modules/ec/zephyr/libec_shim.a
[/mnt/host/source/src/platform/ec/build/zephyr/ruby-lcov]   /mnt/host/source/src/platform/ec/build/zephyr/ruby/build-rw/modules/ec/zephyr/CMakeFiles/ec_shim.dir/shim/src/battery.c.gcno:no functions found
[/mnt/host/source/src/platform/ec/build/zephyr/ruby-lcov] stderr:
[glassway:ro] [378/413] Building C object CMakeFiles/app.dir/glassway/src/fan.c.obj
[glassway:rw] [360/413] Building C object CMakeFiles/app.dir/mnt/host/source/src/platform/ec/build/zephyr/glassway/modules/ec/common/usbc/usb_pd_host.c.obj
[glassway:rw] [361/413] Building C object CMakeFiles/app.dir/mnt/host/source/src/platform/ec/build/zephyr/glassway/modules/ec/common/usb_pd_host_cmd_common.c.obj
[glassway:rw] [362/413] Building C object CMakeFiles/app.dir/mnt/host/source/src/platform/ec/build/zephyr/glassway/modules/ec/zephyr/shim/src/tcpc.c.obj
[glassway:ro] [379/413] Building C object CMakeFiles/app.dir/glassway/src/charger.c.obj
[glassway:rw] [363/413] Building C object CMakeFiles/app.dir/mnt/host/source/src/platform/ec/build/zephyr/glassway/modules/ec/common/usbc/svdm_rsp_dfp_only.c.obj
[glassway:rw] [364/413] Building C object CMakeFiles/app.dir/mnt/host/source/src/platform/ec/build/zephyr/glassway/modules/ec/common/usbc_ocp.c.obj
[glassway:ro] [380/413] Building C object CMakeFiles/app.dir/glassway/src/usbc.c.obj
[glassway:rw] [365/413] Building C object CMakeFiles/app.dir/mnt/host/source/src/platform/ec/build/zephyr/glassway/modules/ec/common/usb_pd_discovery.c.obj
[glassway:ro] [381/413] Building C object zephyr/kernel/CMakeFiles/kernel.dir/main_weak.c.obj
[glassway:ro] [382/413] Building C object zephyr/kernel/CMakeFiles/kernel.dir/banner.c.obj
[glassway:ro] [383/413] Building C object zephyr/kernel/CMakeFiles/kernel.dir/busy_wait.c.obj
[glassway:ro] [384/413] Linking C static library app/libapp.a
[/mnt/host/source/src/platform/ec/build/zephyr/uldrenite-lcov]   /mnt/host/source/src/platform/ec/build/zephyr/uldrenite/build-rw/modules/ec/zephyr/drivers/dsp_comms/CMakeFiles/dsp_comms.proto.nanopb.dir/dsp_comms.proto/nanopb/proto/ec_dsp.pb.c.gcno:no functions found
[/mnt/host/source/src/platform/ec/build/zephyr/uldrenite-lcov] stderr:
[/mnt/host/source/src/platform/ec/build/zephyr/ruby-lcov]   /mnt/host/source/src/platform/ec/build/zephyr/ruby/build-rw/modules/ec/zephyr/CMakeFiles/ec_shim.dir/shim/src/charger.c.gcno:no functions found
[/mnt/host/source/src/platform/ec/build/zephyr/ruby-lcov] stderr:
[glassway:ro] [385/413] Building C object zephyr/kernel/CMakeFiles/kernel.dir/device.c.obj
[glassway:rw] [366/413] Building C object CMakeFiles/app.dir/mnt/host/source/src/platform/ec/build/zephyr/glassway/modules/ec/common/usb_pd_dual_role.c.obj
[glassway:ro] [386/413] Building C object zephyr/kernel/CMakeFiles/kernel.dir/errno.c.obj
[glassway:rw] [367/413] Building C object CMakeFiles/app.dir/mnt/host/source/src/platform/ec/build/zephyr/glassway/modules/ec/driver/tcpm/tcpci.c.obj
[glassway:rw] [368/413] Building C object CMakeFiles/app.dir/mnt/host/source/src/platform/ec/build/zephyr/glassway/modules/ec/common/vboot_hash.c.obj
[glassway:ro] [387/413] Building C object zephyr/kernel/CMakeFiles/kernel.dir/version.c.obj
[glassway:rw] [369/413] Building C object CMakeFiles/app.dir/mnt/host/source/src/platform/ec/build/zephyr/glassway/modules/ec/driver/tcpm/raa489000.c.obj
[glassway:ro] [388/413] Building C object zephyr/kernel/CMakeFiles/kernel.dir/kheap.c.obj
[glassway:ro] [389/413] Building C object zephyr/kernel/CMakeFiles/kernel.dir/mem_slab.c.obj
[glassway:rw] [370/413] Building C object CMakeFiles/app.dir/mnt/host/source/src/platform/ec/build/zephyr/glassway/modules/ec/common/button.c.obj
[glassway:ro] [390/413] Building C object zephyr/kernel/CMakeFiles/kernel.dir/float.c.obj
[glassway:ro] [391/413] Building C object zephyr/kernel/CMakeFiles/kernel.dir/init.c.obj
[glassway:rw] [371/413] Building C object CMakeFiles/app.dir/mnt/host/source/src/platform/ec/build/zephyr/glassway/modules/ec/common/vboot/efs2.c.obj
[glassway:ro] [392/413] Building C object zephyr/kernel/CMakeFiles/kernel.dir/fatal.c.obj
[glassway:rw] [372/413] Building C object CMakeFiles/app.dir/mnt/host/source/src/platform/ec/build/zephyr/glassway/modules/ec/common/vstore.c.obj
[glassway:rw] [373/413] Building C object CMakeFiles/app.dir/mnt/host/source/src/platform/ec/build/zephyr/glassway/modules/ec/common/math_util.c.obj
[glassway:ro] [393/413] Building C object zephyr/kernel/CMakeFiles/kernel.dir/mailbox.c.obj
[glassway:rw] [374/413] Building C object CMakeFiles/app.dir/src/common.c.obj
[glassway:ro] [394/413] Building C object zephyr/kernel/CMakeFiles/kernel.dir/msg_q.c.obj
[glassway:ro] [395/413] Building C object zephyr/kernel/CMakeFiles/kernel.dir/idle.c.obj
[glassway:ro] [396/413] Building C object zephyr/kernel/CMakeFiles/kernel.dir/mutex.c.obj
[glassway:ro] [397/413] Building C object zephyr/kernel/CMakeFiles/kernel.dir/sem.c.obj
[glassway:rw] [375/413] Building C object CMakeFiles/app.dir/src/board_power.c.obj
[glassway:ro] [398/413] Building C object zephyr/kernel/CMakeFiles/kernel.dir/queue.c.obj
[glassway:rw] [376/413] Building C object CMakeFiles/app.dir/glassway/src/kb_backlight.c.obj
[glassway:rw] [377/413] Building C object CMakeFiles/app.dir/glassway/src/sub_board.c.obj
[/mnt/host/source/src/platform/ec/build/zephyr/trulo-lcov]   /mnt/host/source/src/platform/ec/build/zephyr/trulo/build-ro/zephyr/CMakeFiles/zephyr.dir/subsys/shell/modules/kernel_service/kernel_shell.c.gcno:no functions found
[/mnt/host/source/src/platform/ec/build/zephyr/trulo-lcov] stderr:
[/mnt/host/source/src/platform/ec/build/zephyr/ruby-lcov]   /mnt/host/source/src/platform/ec/build/zephyr/ruby/build-rw/modules/ec/zephyr/CMakeFiles/ec_shim.dir/shim/src/usba.c.gcno:no functions found
[/mnt/host/source/src/platform/ec/build/zephyr/ruby-lcov] stderr:
[glassway:ro] [399/413] Building C object zephyr/kernel/CMakeFiles/kernel.dir/stack.c.obj
[glassway:rw] [378/413] Building C object CMakeFiles/app.dir/glassway/src/board.c.obj
[glassway:rw] [379/413] Building C object CMakeFiles/app.dir/glassway/src/usb_mux_config.c.obj
[/mnt/host/source/src/platform/ec/build/zephyr/trulo-lcov]   /mnt/host/source/src/platform/ec/build/zephyr/trulo/build-ro/zephyr/CMakeFiles/zephyr.dir/lib/libc/validate_libc.c.gcno:no functions found
[/mnt/host/source/src/platform/ec/build/zephyr/trulo-lcov] stderr:
[glassway:ro] [400/413] Building C object zephyr/kernel/CMakeFiles/kernel.dir/system_work_q.c.obj
[glassway:rw] [380/413] Building C object CMakeFiles/app.dir/glassway/src/keyboard.c.obj
[glassway:ro] [401/413] Building C object zephyr/kernel/CMakeFiles/kernel.dir/condvar.c.obj
[glassway:ro] [402/413] Building C object zephyr/kernel/CMakeFiles/kernel.dir/work.c.obj
[glassway:rw] [381/413] Linking C static library modules/ec/zephyr/libec_shim.a
[glassway:ro] [403/413] Building C object zephyr/kernel/CMakeFiles/kernel.dir/thread.c.obj
[glassway:rw] [382/413] Building C object CMakeFiles/app.dir/glassway/src/fan.c.obj
[glassway:ro] [404/413] Building C object zephyr/kernel/CMakeFiles/kernel.dir/sched.c.obj
[glassway:rw] [383/413] Building C object CMakeFiles/app.dir/glassway/src/usbc.c.obj
[glassway:rw] [384/413] Building C object CMakeFiles/app.dir/glassway/src/charger.c.obj
[glassway:ro] [405/413] Building C object zephyr/kernel/CMakeFiles/kernel.dir/pipe.c.obj
[glassway:ro] [406/413] Building C object zephyr/kernel/CMakeFiles/kernel.dir/thread_monitor.c.obj
[glassway:rw] [385/413] Building C object zephyr/kernel/CMakeFiles/kernel.dir/fatal.c.obj
[glassway:rw] [386/413] Linking C static library app/libapp.a
[glassway:rw] [387/413] Building C object zephyr/kernel/CMakeFiles/kernel.dir/errno.c.obj
[glassway:rw] [388/413] Building C object zephyr/kernel/CMakeFiles/kernel.dir/version.c.obj
[glassway:ro] [407/413] Building C object zephyr/kernel/CMakeFiles/kernel.dir/timer.c.obj
[glassway:ro] [408/413] Building C object zephyr/kernel/CMakeFiles/kernel.dir/timeout.c.obj
[glassway:rw] [389/413] Building C object zephyr/kernel/CMakeFiles/kernel.dir/init.c.obj
[eirtae:rw] Configuring.
Running `env -i PYTHONPATH=/usr/lib64/python-exec/python3.11:/mnt/host/source/src/platform/ec/zephyr/zmake:/usr/lib/python311.zip:/usr/lib/python3.11:/usr/lib/python3.11/lib-dynload:/usr/lib/python3.11/site-packages PW_PIGWEED_CIPD_INSTALL_DIR=/usr CROSTC_USER_ACKNOWLEDGES_THAT_RISCV_IS_EXPERIMENTAL=1 PATH=/mnt/host/source/chromite/bin:/usr/local/bin:/usr/bin:/bin:/opt/bin:/mnt/host/source/chromite/sdk/bin:/mnt/host/source/chromite/bin HOME=/home/jpmurphy JAVA_HOME=/etc/java-config-2/current-system-vm JDK_HOME=/etc/java-config-2/current-system-vm JAVAC=/etc/java-config-2/current-system-vm/bin/javac MAKEFLAGS=' -j16 --jobserver-auth=5,6' /usr/bin/cmake -S /mnt/host/source/src/platform/ec/zephyr/program/roach -B /mnt/host/source/src/platform/ec/build/zephyr/eirtae/build-rw -GNinja -DCMAKE_EXPORT_COMPILE_COMMANDS=ON -DZEPHYR_BASE=/mnt/host/source/src/third_party/zephyr/main -DZMAKE_INCLUDE_DIR=/mnt/host/source/src/platform/ec/build/zephyr/eirtae/include -DPython3_EXECUTABLE=/usr/bin/python3.11 -DDTS_ROOT=/mnt/host/source/src/platform/ec/zephyr -DSYSCALL_INCLUDE_DIRS=/mnt/host/source/src/platform/ec/zephyr/include/drivers -DUSER_CACHE_DIR=/mnt/host/source/src/platform/ec/build/zephyr/user-cache '-DEXTRA_EC_VERSION_FLAGS=--version 16543.0.0 --static' -DTOOLCHAIN_ROOT=/mnt/host/source/src/platform/ec/zephyr -DCOREBOOT_SDK_ROOT_x86=/home/jpmurphy/.cache/coreboot-sdk/i386-elf/dfbb0486385d938cfa9d73080b9d18d598ed4f49 -DCOREBOOT_SDK_ROOT_picolibc_x86=/home/jpmurphy/.cache/coreboot-sdk/picolibc-i386-elf/eb8e8e687b95461de8cbf278f1c2076952d0ad17 -DCOREBOOT_SDK_ROOT_riscv64=/home/jpmurphy/.cache/coreboot-sdk/riscv64-elf/96b949749225b6aaa92ed810ab769e8dfb12f000 -DCOREBOOT_SDK_ROOT_picolibc_arm=/home/jpmurphy/.cache/coreboot-sdk/picolibc-arm-eabi/422a2aa3e1ef891b5bece9a3deb696ff83840d2e -DCOREBOOT_SDK_ROOT_nds32=/home/jpmurphy/.cache/coreboot-sdk/nds32le-elf/d1a518c4a097666d86058e1444f85ca015d15511 -DCOREBOOT_SDK_ROOT_picolibc_riscv64=/home/jpmurphy/.cache/coreboot-sdk/picolibc-riscv64-elf/f571e990ef0278564b31124f8bb109d9a697eb69 -DCOREBOOT_SDK_ROOT_arm=/home/jpmurphy/.cache/coreboot-sdk/arm-eabi/ea40ddd1d190c3b48435c474c0b545719371813a -DCOREBOOT_SDK_ROOT_libstdcxx_riscv64=/home/jpmurphy/.cache/coreboot-sdk/libstdcxx-riscv64-elf/17abf22a3a252e2d5d2062ced5324f7a623689e0 -DCOREBOOT_SDK_ROOT_libstdcxx_arm=/home/jpmurphy/.cache/coreboot-sdk/libstdcxx-arm-eabi/5d7d82e150e44aa1968f1d366e267e6687b328ac -DCOREBOOT_SDK_ROOT_riscv=/home/jpmurphy/.cache/coreboot-sdk/riscv-elf/9a27b9e82341c6e9126624f516ab3f261abb3e73 -DCOREBOOT_SDK_ROOT_libstdcxx_x86=/home/jpmurphy/.cache/coreboot-sdk/libstdcxx-i386-elf/42ef9d2e87a76a37963175d7d428734e65648b87 -DZEPHYR_TOOLCHAIN_VARIANT=coreboot-sdk -DZEPHYR_MODULES=/mnt/host/source/src/platform/ec/build/zephyr/eirtae/modules/ec -DDTC_OVERLAY_FILE=/mnt/host/source/src/platform/ec/zephyr/program/roach/eirtae/project.overlay -DBOARD=it8xxx2/it82202ax/512 -DCMAKE_C_FLAGS=-DSECTION_IS_RW '-DCONF_FILE=/mnt/host/source/src/platform/ec/zephyr/program/roach/program.conf;/mnt/host/source/src/platform/ec/zephyr/program/roach/eirtae/project.conf;/mnt/host/source/src/platform/ec/build/zephyr/eirtae/kconfig-rw.conf'`
[glassway:ro] [409/413] Building C object zephyr/kernel/CMakeFiles/kernel.dir/events.c.obj
[eirtae:rw] -- Application: /mnt/host/source/src/platform/ec/zephyr/program/roach
[eirtae:rw] Loading Zephyr default modules (Zephyr base (cached)).
[glassway:rw] [390/413] Building C object zephyr/kernel/CMakeFiles/kernel.dir/kheap.c.obj
[ponyta:rw] Building: /usr/bin/ninja -C /mnt/host/source/src/platform/ec/build/zephyr/ponyta/build-rw all.libraries
Running `env -i SHELL=/bin/bash COLORTERM=truecolor DEPOT_TOOLS_UPDATE=0 LESS='-R -M --shift 5' SUDO_GID=0 JDK_HOME=/etc/java-config-2/current-system-vm CONFIG_PROTECT_MASK='/etc/gentoo-release /etc/sandbox.d /etc/fonts/fonts.conf /etc/terminfo /etc/ca-certificates.conf /etc/revdep-rebuild' CHROMEOS_CACHEDIR=/var/cache/chromeos-cache JAVA_HOME=/etc/java-config-2/current-system-vm SSH_AUTH_SOCK=/tmp/ssh-auth-sock SUDO_COMMAND=/bin/bash SUDO_USER=root SUDO_TTY=/dev/pts/2 EDITOR=/usr/bin/vi PWD=/mnt/host/source/src/platform/ec CONFIG_PROTECT=/usr/share/gnupg/qualified.txt LOGNAME=jpmurphy MANPATH=/etc/java-config-2/current-system-vm/man:/usr/local/share/man:/usr/share/man:/usr/share/gcc-data/x86_64-pc-linux-gnu/10.2.0/man:/usr/share/binutils-data/x86_64-pc-linux-gnu/2.45/man:/etc/java-config-2/current-system-vm/man/ SUDO_HOME=/root XAUTHORITY=/run/user/944457/gdm/Xauthority HOME=/home/jpmurphy LANG=C.UTF-8 LS_COLORS='rs=0:di=01;34:ln=01;36:mh=00:pi=40;33:so=01;35:do=01;35:bd=40;33;01:cd=40;33;01:or=01;05;37;41:mi=01;05;37;41:su=37;41:sg=30;43:ca=30;41:tw=30;42:ow=34;42:st=37;44:ex=01;32:*.tar=01;31:*.tgz=01;31:*.arc=01;31:*.arj=01;31:*.taz=01;31:*.lha=01;31:*.lz4=01;31:*.lzh=01;31:*.lzma=01;31:*.tlz=01;31:*.txz=01;31:*.tzo=01;31:*.t7z=01;31:*.zip=01;31:*.z=01;31:*.dz=01;31:*.gz=01;31:*.lrz=01;31:*.lz=01;31:*.lzo=01;31:*.xz=01;31:*.zst=01;31:*.tzst=01;31:*.bz2=01;31:*.bz=01;31:*.tbz=01;31:*.tbz2=01;31:*.tz=01;31:*.deb=01;31:*.rpm=01;31:*.jar=01;31:*.war=01;31:*.ear=01;31:*.sar=01;31:*.rar=01;31:*.alz=01;31:*.ace=01;31:*.zoo=01;31:*.cpio=01;31:*.7z=01;31:*.rz=01;31:*.cab=01;31:*.wim=01;31:*.swm=01;31:*.dwm=01;31:*.esd=01;31:*.jpg=01;35:*.jpeg=01;35:*.mjpg=01;35:*.mjpeg=01;35:*.gif=01;35:*.bmp=01;35:*.pbm=01;35:*.pgm=01;35:*.ppm=01;35:*.tga=01;35:*.xbm=01;35:*.xpm=01;35:*.tif=01;35:*.tiff=01;35:*.png=01;35:*.svg=01;35:*.svgz=01;35:*.mng=01;35:*.pcx=01;35:*.mov=01;35:*.mpg=01;35:*.mpeg=01;35:*.m2v=01;35:*.mkv=01;35:*.webm=01;35:*.webp=01;35:*.ogm=01;35:*.mp4=01;35:*.m4v=01;35:*.mp4v=01;35:*.vob=01;35:*.qt=01;35:*.nuv=01;35:*.wmv=01;35:*.asf=01;35:*.rm=01;35:*.rmvb=01;35:*.flc=01;35:*.avi=01;35:*.fli=01;35:*.flv=01;35:*.gl=01;35:*.dl=01;35:*.xcf=01;35:*.xwd=01;35:*.yuv=01;35:*.cgm=01;35:*.emf=01;35:*.ogv=01;35:*.ogx=01;35:*.cfg=00;32:*.conf=00;32:*.diff=00;32:*.doc=00;32:*.ini=00;32:*.log=00;32:*.patch=00;32:*.pdf=00;32:*.ps=00;32:*.tex=00;32:*.txt=00;32:*.aac=00;36:*.au=00;36:*.flac=00;36:*.m4a=00;36:*.mid=00;36:*.midi=00;36:*.mka=00;36:*.mp3=00;36:*.mpc=00;36:*.ogg=00;36:*.ra=00;36:*.wav=00;36:*.oga=00;36:*.opus=00;36:*.spx=00;36:*.xspf=00;36:' XDG_CURRENT_DESKTOP=GNOME INFOPATH=/usr/share/info:/usr/share/gcc-data/x86_64-pc-linux-gnu/10.2.0/info:/usr/share/binutils-data/x86_64-pc-linux-gnu/2.45/info:/usr/share/automake-1.16.5/info JAVAC=/etc/java-config-2/current-system-vm/bin/javac TERM=xterm-256color LESSOPEN='|lesspipe %s' USER=jpmurphy CROS_WORKON_SRCROOT=/mnt/host/source MANPAGER=manpager DISPLAY=:1 SHLVL=1 LC_MESSAGES=C EXTERNAL_TRUNK_PATH=/mnt/8f9d649a-3721-44cc-93c0-e6bd21a9689f/chromiumos GCC_SPECS='' PATH=/mnt/host/source/chromite/bin:/usr/local/bin:/usr/bin:/bin:/opt/bin:/mnt/host/source/chromite/sdk/bin:/mnt/host/source/chromite/bin PORTAGE_USERNAME=jpmurphy SUDO_UID=0 GCC_VER=10.2.0 MAIL=/var/mail/jpmurphy OLDPWD=/mnt/host/source/src/scripts traceparent=00-e87aca51550a78635907baa6a2476181-6d684811675d2973-01 _=./zephyr/firmware_builder.py COREBOOT_SDK_ROOT_x86=/home/jpmurphy/.cache/coreboot-sdk/i386-elf/dfbb0486385d938cfa9d73080b9d18d598ed4f49 COREBOOT_SDK_ROOT_picolibc_x86=/home/jpmurphy/.cache/coreboot-sdk/picolibc-i386-elf/eb8e8e687b95461de8cbf278f1c2076952d0ad17 COREBOOT_SDK_ROOT_riscv64=/home/jpmurphy/.cache/coreboot-sdk/riscv64-elf/96b949749225b6aaa92ed810ab769e8dfb12f000 COREBOOT_SDK_ROOT_picolibc_arm=/home/jpmurphy/.cache/coreboot-sdk/picolibc-arm-eabi/422a2aa3e1ef891b5bece9a3deb696ff83840d2e COREBOOT_SDK_ROOT_nds32=/home/jpmurphy/.cache/coreboot-sdk/nds32le-elf/d1a518c4a097666d86058e1444f85ca015d15511 COREBOOT_SDK_ROOT_picolibc_riscv64=/home/jpmurphy/.cache/coreboot-sdk/picolibc-riscv64-elf/f571e990ef0278564b31124f8bb109d9a697eb69 COREBOOT_SDK_ROOT_arm=/home/jpmurphy/.cache/coreboot-sdk/arm-eabi/ea40ddd1d190c3b48435c474c0b545719371813a COREBOOT_SDK_ROOT_libstdcxx_riscv64=/home/jpmurphy/.cache/coreboot-sdk/libstdcxx-riscv64-elf/17abf22a3a252e2d5d2062ced5324f7a623689e0 COREBOOT_SDK_ROOT_libstdcxx_arm=/home/jpmurphy/.cache/coreboot-sdk/libstdcxx-arm-eabi/5d7d82e150e44aa1968f1d366e267e6687b328ac COREBOOT_SDK_ROOT_riscv=/home/jpmurphy/.cache/coreboot-sdk/riscv-elf/9a27b9e82341c6e9126624f516ab3f261abb3e73 COREBOOT_SDK_ROOT_libstdcxx_x86=/home/jpmurphy/.cache/coreboot-sdk/libstdcxx-i386-elf/42ef9d2e87a76a37963175d7d428734e65648b87 PYTHONPATH=/mnt/host/source/src/platform/ec/zephyr/zmake PW_PIGWEED_CIPD_INSTALL_DIR=/usr CROSTC_USER_ACKNOWLEDGES_THAT_RISCV_IS_EXPERIMENTAL=1 MAKEFLAGS=' -j16 --jobserver-auth=5,6' /usr/bin/ninja -C /mnt/host/source/src/platform/ec/build/zephyr/ponyta/build-rw all.libraries`
[glassway:ro] [410/413] Building C object zephyr/kernel/CMakeFiles/kernel.dir/poll.c.obj
[ponyta:rw] ninja: Entering directory `/mnt/host/source/src/platform/ec/build/zephyr/ponyta/build-rw'
[glassway:rw] [391/413] Building C object zephyr/kernel/CMakeFiles/kernel.dir/mem_slab.c.obj
[/mnt/host/source/src/platform/ec/build/zephyr/trulo-lcov]   /mnt/host/source/src/platform/ec/build/zephyr/trulo/build-ro/zephyr/CMakeFiles/zephyr.dir/lib/utils/last_section_id.c.gcno:no functions found
[/mnt/host/source/src/platform/ec/build/zephyr/trulo-lcov] stderr:
[eirtae:rw] -- CMake version: 3.31.7
[eirtae:rw] -- Found Python3: /usr/bin/python3.11 (found suitable version "3.11.11", minimum required is "3.10") found components: Interpreter
[eirtae:rw] -- Cache files will be written to: /mnt/host/source/src/platform/ec/build/zephyr/user-cache
[eirtae:rw] -- Zephyr version: 4.3.99 (/mnt/host/source/src/third_party/zephyr/main)
[glassway:ro] [411/413] Building C object zephyr/kernel/CMakeFiles/kernel.dir/mempool.c.obj
[ponyta:rw] [1/396] Preparing syscall dependency handling
[glassway:rw] [392/413] Building C object zephyr/kernel/CMakeFiles/kernel.dir/float.c.obj
[glassway:rw] [393/413] Building C object zephyr/kernel/CMakeFiles/kernel.dir/idle.c.obj
[glassway:ro] [412/413] Building C object zephyr/kernel/CMakeFiles/kernel.dir/dynamic_disabled.c.obj
[ponyta:rw] [2/396] Generating misc/generated/syscalls_subdirs.trigger
[glassway:rw] [394/413] Building C object zephyr/kernel/CMakeFiles/kernel.dir/msg_q.c.obj
[glassway:rw] [395/413] Building C object zephyr/kernel/CMakeFiles/kernel.dir/mailbox.c.obj
[glassway:ro] [413/413] Linking C static library zephyr/kernel/libkernel.a
[ponyta:rw] [3/396] cd /mnt/host/source/src/platform/ec/build/zephyr/ponyta/build-rw/modules/ec/zephyr && PYTHONPATH=/mnt/host/source/src/platform/ec/build/zephyr/ponyta/modules/ec/zephyr/zmake/ /usr/bin/python3.11 /mnt/host/source/src/platform/ec/build/zephyr/ponyta/modules/ec/zephyr/zmake/zephyr_build_tools/generate_ec_version.py /mnt/host/source/src/platform/ec/build/zephyr/ponyta/build-rw/modules/ec/zephyr/include/ec_version.h --name Zephyr-Kernel --version 16543.0.0 --static
[ponyta:rw] INFO:root:Using a static version string
[ponyta:rw] INFO:root:Version string: Zephyr-Kernel-16543.0.0
[ponyta:rw] INFO:root:Writing header to /mnt/host/source/src/platform/ec/build/zephyr/ponyta/build-rw/modules/ec/zephyr/include/ec_version.h
[ponyta:rw] [4/396] Generating include/generated/zephyr/version.h
[ponyta:rw] -- git describe warned: warning: tag 'upstream/v2.7.99' is externally known as 'v2.7.99'
[glassway:rw] [396/413] Building C object zephyr/kernel/CMakeFiles/kernel.dir/mutex.c.obj
[glassway:rw] [397/413] Building C object zephyr/kernel/CMakeFiles/kernel.dir/queue.c.obj
[glassway:rw] [398/413] Building C object zephyr/kernel/CMakeFiles/kernel.dir/sem.c.obj
[glassway:rw] [399/413] Building C object zephyr/kernel/CMakeFiles/kernel.dir/system_work_q.c.obj
[glassway:rw] [400/413] Building C object zephyr/kernel/CMakeFiles/kernel.dir/stack.c.obj
[glassway:rw] [401/413] Building C object zephyr/kernel/CMakeFiles/kernel.dir/condvar.c.obj
[ponyta:rw] -- Zephyr version: 4.3.99 (/mnt/host/source/src/third_party/zephyr/main)
[ponyta:rw] [5/396] Generating misc/generated/syscalls.json, misc/generated/struct_tags.json
[glassway:rw] [402/413] Building C object zephyr/kernel/CMakeFiles/kernel.dir/work.c.obj
[ponyta:rw] [6/396] Generating include/generated/zephyr/syscall_dispatch.c, include/generated/zephyr/syscall_exports_llext.c, syscall_weakdefs_llext.c, include/generated/zephyr/syscall_list.h
[glassway:rw] [403/413] Building C object zephyr/kernel/CMakeFiles/kernel.dir/thread.c.obj
[ponyta:ro] Building: /usr/bin/ninja -C /mnt/host/source/src/platform/ec/build/zephyr/ponyta/build-ro all.libraries
Running `env -i SHELL=/bin/bash COLORTERM=truecolor DEPOT_TOOLS_UPDATE=0 LESS='-R -M --shift 5' SUDO_GID=0 JDK_HOME=/etc/java-config-2/current-system-vm CONFIG_PROTECT_MASK='/etc/gentoo-release /etc/sandbox.d /etc/fonts/fonts.conf /etc/terminfo /etc/ca-certificates.conf /etc/revdep-rebuild' CHROMEOS_CACHEDIR=/var/cache/chromeos-cache JAVA_HOME=/etc/java-config-2/current-system-vm SSH_AUTH_SOCK=/tmp/ssh-auth-sock SUDO_COMMAND=/bin/bash SUDO_USER=root SUDO_TTY=/dev/pts/2 EDITOR=/usr/bin/vi PWD=/mnt/host/source/src/platform/ec CONFIG_PROTECT=/usr/share/gnupg/qualified.txt LOGNAME=jpmurphy MANPATH=/etc/java-config-2/current-system-vm/man:/usr/local/share/man:/usr/share/man:/usr/share/gcc-data/x86_64-pc-linux-gnu/10.2.0/man:/usr/share/binutils-data/x86_64-pc-linux-gnu/2.45/man:/etc/java-config-2/current-system-vm/man/ SUDO_HOME=/root XAUTHORITY=/run/user/944457/gdm/Xauthority HOME=/home/jpmurphy LANG=C.UTF-8 LS_COLORS='rs=0:di=01;34:ln=01;36:mh=00:pi=40;33:so=01;35:do=01;35:bd=40;33;01:cd=40;33;01:or=01;05;37;41:mi=01;05;37;41:su=37;41:sg=30;43:ca=30;41:tw=30;42:ow=34;42:st=37;44:ex=01;32:*.tar=01;31:*.tgz=01;31:*.arc=01;31:*.arj=01;31:*.taz=01;31:*.lha=01;31:*.lz4=01;31:*.lzh=01;31:*.lzma=01;31:*.tlz=01;31:*.txz=01;31:*.tzo=01;31:*.t7z=01;31:*.zip=01;31:*.z=01;31:*.dz=01;31:*.gz=01;31:*.lrz=01;31:*.lz=01;31:*.lzo=01;31:*.xz=01;31:*.zst=01;31:*.tzst=01;31:*.bz2=01;31:*.bz=01;31:*.tbz=01;31:*.tbz2=01;31:*.tz=01;31:*.deb=01;31:*.rpm=01;31:*.jar=01;31:*.war=01;31:*.ear=01;31:*.sar=01;31:*.rar=01;31:*.alz=01;31:*.ace=01;31:*.zoo=01;31:*.cpio=01;31:*.7z=01;31:*.rz=01;31:*.cab=01;31:*.wim=01;31:*.swm=01;31:*.dwm=01;31:*.esd=01;31:*.jpg=01;35:*.jpeg=01;35:*.mjpg=01;35:*.mjpeg=01;35:*.gif=01;35:*.bmp=01;35:*.pbm=01;35:*.pgm=01;35:*.ppm=01;35:*.tga=01;35:*.xbm=01;35:*.xpm=01;35:*.tif=01;35:*.tiff=01;35:*.png=01;35:*.svg=01;35:*.svgz=01;35:*.mng=01;35:*.pcx=01;35:*.mov=01;35:*.mpg=01;35:*.mpeg=01;35:*.m2v=01;35:*.mkv=01;35:*.webm=01;35:*.webp=01;35:*.ogm=01;35:*.mp4=01;35:*.m4v=01;35:*.mp4v=01;35:*.vob=01;35:*.qt=01;35:*.nuv=01;35:*.wmv=01;35:*.asf=01;35:*.rm=01;35:*.rmvb=01;35:*.flc=01;35:*.avi=01;35:*.fli=01;35:*.flv=01;35:*.gl=01;35:*.dl=01;35:*.xcf=01;35:*.xwd=01;35:*.yuv=01;35:*.cgm=01;35:*.emf=01;35:*.ogv=01;35:*.ogx=01;35:*.cfg=00;32:*.conf=00;32:*.diff=00;32:*.doc=00;32:*.ini=00;32:*.log=00;32:*.patch=00;32:*.pdf=00;32:*.ps=00;32:*.tex=00;32:*.txt=00;32:*.aac=00;36:*.au=00;36:*.flac=00;36:*.m4a=00;36:*.mid=00;36:*.midi=00;36:*.mka=00;36:*.mp3=00;36:*.mpc=00;36:*.ogg=00;36:*.ra=00;36:*.wav=00;36:*.oga=00;36:*.opus=00;36:*.spx=00;36:*.xspf=00;36:' XDG_CURRENT_DESKTOP=GNOME INFOPATH=/usr/share/info:/usr/share/gcc-data/x86_64-pc-linux-gnu/10.2.0/info:/usr/share/binutils-data/x86_64-pc-linux-gnu/2.45/info:/usr/share/automake-1.16.5/info JAVAC=/etc/java-config-2/current-system-vm/bin/javac TERM=xterm-256color LESSOPEN='|lesspipe %s' USER=jpmurphy CROS_WORKON_SRCROOT=/mnt/host/source MANPAGER=manpager DISPLAY=:1 SHLVL=1 LC_MESSAGES=C EXTERNAL_TRUNK_PATH=/mnt/8f9d649a-3721-44cc-93c0-e6bd21a9689f/chromiumos GCC_SPECS='' PATH=/mnt/host/source/chromite/bin:/usr/local/bin:/usr/bin:/bin:/opt/bin:/mnt/host/source/chromite/sdk/bin:/mnt/host/source/chromite/bin PORTAGE_USERNAME=jpmurphy SUDO_UID=0 GCC_VER=10.2.0 MAIL=/var/mail/jpmurphy OLDPWD=/mnt/host/source/src/scripts traceparent=00-e87aca51550a78635907baa6a2476181-6d684811675d2973-01 _=./zephyr/firmware_builder.py COREBOOT_SDK_ROOT_x86=/home/jpmurphy/.cache/coreboot-sdk/i386-elf/dfbb0486385d938cfa9d73080b9d18d598ed4f49 COREBOOT_SDK_ROOT_picolibc_x86=/home/jpmurphy/.cache/coreboot-sdk/picolibc-i386-elf/eb8e8e687b95461de8cbf278f1c2076952d0ad17 COREBOOT_SDK_ROOT_riscv64=/home/jpmurphy/.cache/coreboot-sdk/riscv64-elf/96b949749225b6aaa92ed810ab769e8dfb12f000 COREBOOT_SDK_ROOT_picolibc_arm=/home/jpmurphy/.cache/coreboot-sdk/picolibc-arm-eabi/422a2aa3e1ef891b5bece9a3deb696ff83840d2e COREBOOT_SDK_ROOT_nds32=/home/jpmurphy/.cache/coreboot-sdk/nds32le-elf/d1a518c4a097666d86058e1444f85ca015d15511 COREBOOT_SDK_ROOT_picolibc_riscv64=/home/jpmurphy/.cache/coreboot-sdk/picolibc-riscv64-elf/f571e990ef0278564b31124f8bb109d9a697eb69 COREBOOT_SDK_ROOT_arm=/home/jpmurphy/.cache/coreboot-sdk/arm-eabi/ea40ddd1d190c3b48435c474c0b545719371813a COREBOOT_SDK_ROOT_libstdcxx_riscv64=/home/jpmurphy/.cache/coreboot-sdk/libstdcxx-riscv64-elf/17abf22a3a252e2d5d2062ced5324f7a623689e0 COREBOOT_SDK_ROOT_libstdcxx_arm=/home/jpmurphy/.cache/coreboot-sdk/libstdcxx-arm-eabi/5d7d82e150e44aa1968f1d366e267e6687b328ac COREBOOT_SDK_ROOT_riscv=/home/jpmurphy/.cache/coreboot-sdk/riscv-elf/9a27b9e82341c6e9126624f516ab3f261abb3e73 COREBOOT_SDK_ROOT_libstdcxx_x86=/home/jpmurphy/.cache/coreboot-sdk/libstdcxx-i386-elf/42ef9d2e87a76a37963175d7d428734e65648b87 PYTHONPATH=/mnt/host/source/src/platform/ec/zephyr/zmake PW_PIGWEED_CIPD_INSTALL_DIR=/usr CROSTC_USER_ACKNOWLEDGES_THAT_RISCV_IS_EXPERIMENTAL=1 MAKEFLAGS=' -j16 --jobserver-auth=5,6' /usr/bin/ninja -C /mnt/host/source/src/platform/ec/build/zephyr/ponyta/build-ro all.libraries`
[glassway:rw] [404/413] Building C object zephyr/kernel/CMakeFiles/kernel.dir/pipe.c.obj
[ponyta:ro] ninja: Entering directory `/mnt/host/source/src/platform/ec/build/zephyr/ponyta/build-ro'
[glassway:rw] [405/413] Building C object zephyr/kernel/CMakeFiles/kernel.dir/sched.c.obj
[glassway:rw] [406/413] Building C object zephyr/kernel/CMakeFiles/kernel.dir/thread_monitor.c.obj
[eirtae:rw] -- Board: it8xxx2, qualifiers: it82202ax/512
[ponyta:rw] [7/396] Generating include/generated/device-api-sections.ld, include/generated/device-api-sections.cmake
[ponyta:rw] [8/396] Generating include/generated/zephyr/driver-validation.h
Toolchain <zmake.toolchains.CorebootSdkToolchain object at 0x7f4120489510> selected by probe function.
[yaviks] Building in /mnt/host/source/src/platform/ec/build/zephyr/yaviks.
[yaviks:rw] Configuring.
Running `env -i PYTHONPATH=/usr/lib64/python-exec/python3.11:/mnt/host/source/src/platform/ec/zephyr/zmake:/usr/lib/python311.zip:/usr/lib/python3.11:/usr/lib/python3.11/lib-dynload:/usr/lib/python3.11/site-packages PW_PIGWEED_CIPD_INSTALL_DIR=/usr CROSTC_USER_ACKNOWLEDGES_THAT_RISCV_IS_EXPERIMENTAL=1 PATH=/mnt/host/source/chromite/bin:/usr/local/bin:/usr/bin:/bin:/opt/bin:/mnt/host/source/chromite/sdk/bin:/mnt/host/source/chromite/bin HOME=/home/jpmurphy JAVA_HOME=/etc/java-config-2/current-system-vm JDK_HOME=/etc/java-config-2/current-system-vm JAVAC=/etc/java-config-2/current-system-vm/bin/javac MAKEFLAGS=' -j16 --jobserver-auth=5,6' /usr/bin/cmake -S /mnt/host/source/src/platform/ec/zephyr/program/nissa -B /mnt/host/source/src/platform/ec/build/zephyr/yaviks/build-rw -GNinja -DCMAKE_EXPORT_COMPILE_COMMANDS=ON -DZEPHYR_BASE=/mnt/host/source/src/third_party/zephyr/main -DZMAKE_INCLUDE_DIR=/mnt/host/source/src/platform/ec/build/zephyr/yaviks/include -DPython3_EXECUTABLE=/usr/bin/python3.11 -DDTS_ROOT=/mnt/host/source/src/platform/ec/zephyr -DSYSCALL_INCLUDE_DIRS=/mnt/host/source/src/platform/ec/zephyr/include/drivers -DUSER_CACHE_DIR=/mnt/host/source/src/platform/ec/build/zephyr/user-cache '-DEXTRA_EC_VERSION_FLAGS=--version 16543.0.0 --static' -DTOOLCHAIN_ROOT=/mnt/host/source/src/platform/ec/zephyr -DCOREBOOT_SDK_ROOT_x86=/home/jpmurphy/.cache/coreboot-sdk/i386-elf/dfbb0486385d938cfa9d73080b9d18d598ed4f49 -DCOREBOOT_SDK_ROOT_picolibc_x86=/home/jpmurphy/.cache/coreboot-sdk/picolibc-i386-elf/eb8e8e687b95461de8cbf278f1c2076952d0ad17 -DCOREBOOT_SDK_ROOT_riscv64=/home/jpmurphy/.cache/coreboot-sdk/riscv64-elf/96b949749225b6aaa92ed810ab769e8dfb12f000 -DCOREBOOT_SDK_ROOT_picolibc_arm=/home/jpmurphy/.cache/coreboot-sdk/picolibc-arm-eabi/422a2aa3e1ef891b5bece9a3deb696ff83840d2e -DCOREBOOT_SDK_ROOT_nds32=/home/jpmurphy/.cache/coreboot-sdk/nds32le-elf/d1a518c4a097666d86058e1444f85ca015d15511 -DCOREBOOT_SDK_ROOT_picolibc_riscv64=/home/jpmurphy/.cache/coreboot-sdk/picolibc-riscv64-elf/f571e990ef0278564b31124f8bb109d9a697eb69 -DCOREBOOT_SDK_ROOT_arm=/home/jpmurphy/.cache/coreboot-sdk/arm-eabi/ea40ddd1d190c3b48435c474c0b545719371813a -DCOREBOOT_SDK_ROOT_libstdcxx_riscv64=/home/jpmurphy/.cache/coreboot-sdk/libstdcxx-riscv64-elf/17abf22a3a252e2d5d2062ced5324f7a623689e0 -DCOREBOOT_SDK_ROOT_libstdcxx_arm=/home/jpmurphy/.cache/coreboot-sdk/libstdcxx-arm-eabi/5d7d82e150e44aa1968f1d366e267e6687b328ac -DCOREBOOT_SDK_ROOT_riscv=/home/jpmurphy/.cache/coreboot-sdk/riscv-elf/9a27b9e82341c6e9126624f516ab3f261abb3e73 -DCOREBOOT_SDK_ROOT_libstdcxx_x86=/home/jpmurphy/.cache/coreboot-sdk/libstdcxx-i386-elf/42ef9d2e87a76a37963175d7d428734e65648b87 -DZEPHYR_TOOLCHAIN_VARIANT=coreboot-sdk -DZEPHYR_MODULES=/mnt/host/source/src/platform/ec/build/zephyr/yaviks/modules/ec -DDTC_OVERLAY_FILE=/mnt/host/source/src/platform/ec/zephyr/program/nissa/yaviks/project.overlay -DBOARD=it8xxx2/it81302bx -DCMAKE_C_FLAGS=-DSECTION_IS_RW '-DCONF_FILE=/mnt/host/source/src/platform/ec/zephyr/program/nissa/program.conf;/mnt/host/source/src/platform/ec/zephyr/program/nissa/it8xxx2_program.conf;/mnt/host/source/src/platform/ec/zephyr/program/nissa/yaviks/project.conf;/mnt/host/source/src/platform/ec/build/zephyr/yaviks/kconfig-rw.conf'`
[yaviks:rw] Loading Zephyr default modules (Zephyr base (cached)).
[yaviks:rw] -- Application: /mnt/host/source/src/platform/ec/zephyr/program/nissa
Toolchain <zmake.toolchains.CorebootSdkToolchain object at 0x7f4120484410> selected by probe function.
[luuke] Building in /mnt/host/source/src/platform/ec/build/zephyr/luuke.
[ponyta:rw] [9/396] Generating include/generated/zephyr/kobj-types-enum.h, include/generated/zephyr/otype-to-str.h, include/generated/zephyr/otype-to-size.h
[ponyta:ro] [1/396] Preparing syscall dependency handling
[glassway:rw] [407/413] Building C object zephyr/kernel/CMakeFiles/kernel.dir/timeout.c.obj
[ponyta:ro] [2/396] Generating misc/generated/syscalls_subdirs.trigger
[glassway:rw] [408/413] Building C object zephyr/kernel/CMakeFiles/kernel.dir/timer.c.obj
[luuke:rw] Configuring.
Running `env -i PYTHONPATH=/usr/lib64/python-exec/python3.11:/mnt/host/source/src/platform/ec/zephyr/zmake:/usr/lib/python311.zip:/usr/lib/python3.11:/usr/lib/python3.11/lib-dynload:/usr/lib/python3.11/site-packages PW_PIGWEED_CIPD_INSTALL_DIR=/usr CROSTC_USER_ACKNOWLEDGES_THAT_RISCV_IS_EXPERIMENTAL=1 PATH=/mnt/host/source/chromite/bin:/usr/local/bin:/usr/bin:/bin:/opt/bin:/mnt/host/source/chromite/sdk/bin:/mnt/host/source/chromite/bin HOME=/home/jpmurphy JAVA_HOME=/etc/java-config-2/current-system-vm JDK_HOME=/etc/java-config-2/current-system-vm JAVAC=/etc/java-config-2/current-system-vm/bin/javac MAKEFLAGS=' -j16 --jobserver-auth=5,6' /usr/bin/cmake -S /mnt/host/source/src/platform/ec/zephyr/program/skywalker -B /mnt/host/source/src/platform/ec/build/zephyr/luuke/build-rw -GNinja -DCMAKE_EXPORT_COMPILE_COMMANDS=ON -DZEPHYR_BASE=/mnt/host/source/src/third_party/zephyr/main -DZMAKE_INCLUDE_DIR=/mnt/host/source/src/platform/ec/build/zephyr/luuke/include -DPython3_EXECUTABLE=/usr/bin/python3.11 -DDTS_ROOT=/mnt/host/source/src/platform/ec/zephyr -DSYSCALL_INCLUDE_DIRS=/mnt/host/source/src/platform/ec/zephyr/include/drivers -DUSER_CACHE_DIR=/mnt/host/source/src/platform/ec/build/zephyr/user-cache '-DEXTRA_EC_VERSION_FLAGS=--version 16543.0.0 --static' -DTOOLCHAIN_ROOT=/mnt/host/source/src/platform/ec/zephyr -DCOREBOOT_SDK_ROOT_x86=/home/jpmurphy/.cache/coreboot-sdk/i386-elf/dfbb0486385d938cfa9d73080b9d18d598ed4f49 -DCOREBOOT_SDK_ROOT_picolibc_x86=/home/jpmurphy/.cache/coreboot-sdk/picolibc-i386-elf/eb8e8e687b95461de8cbf278f1c2076952d0ad17 -DCOREBOOT_SDK_ROOT_riscv64=/home/jpmurphy/.cache/coreboot-sdk/riscv64-elf/96b949749225b6aaa92ed810ab769e8dfb12f000 -DCOREBOOT_SDK_ROOT_picolibc_arm=/home/jpmurphy/.cache/coreboot-sdk/picolibc-arm-eabi/422a2aa3e1ef891b5bece9a3deb696ff83840d2e -DCOREBOOT_SDK_ROOT_nds32=/home/jpmurphy/.cache/coreboot-sdk/nds32le-elf/d1a518c4a097666d86058e1444f85ca015d15511 -DCOREBOOT_SDK_ROOT_picolibc_riscv64=/home/jpmurphy/.cache/coreboot-sdk/picolibc-riscv64-elf/f571e990ef0278564b31124f8bb109d9a697eb69 -DCOREBOOT_SDK_ROOT_arm=/home/jpmurphy/.cache/coreboot-sdk/arm-eabi/ea40ddd1d190c3b48435c474c0b545719371813a -DCOREBOOT_SDK_ROOT_libstdcxx_riscv64=/home/jpmurphy/.cache/coreboot-sdk/libstdcxx-riscv64-elf/17abf22a3a252e2d5d2062ced5324f7a623689e0 -DCOREBOOT_SDK_ROOT_libstdcxx_arm=/home/jpmurphy/.cache/coreboot-sdk/libstdcxx-arm-eabi/5d7d82e150e44aa1968f1d366e267e6687b328ac -DCOREBOOT_SDK_ROOT_riscv=/home/jpmurphy/.cache/coreboot-sdk/riscv-elf/9a27b9e82341c6e9126624f516ab3f261abb3e73 -DCOREBOOT_SDK_ROOT_libstdcxx_x86=/home/jpmurphy/.cache/coreboot-sdk/libstdcxx-i386-elf/42ef9d2e87a76a37963175d7d428734e65648b87 -DZEPHYR_TOOLCHAIN_VARIANT=coreboot-sdk -DZEPHYR_MODULES=/mnt/host/source/src/platform/ec/build/zephyr/luuke/modules/ec -DDTC_OVERLAY_FILE=/mnt/host/source/src/platform/ec/zephyr/program/skywalker/luuke/project.overlay -DBOARD=it8xxx2/it82002aw -DCMAKE_C_FLAGS=-DSECTION_IS_RW '-DCONF_FILE=/mnt/host/source/src/platform/ec/zephyr/program/skywalker/program.conf;/mnt/host/source/src/platform/ec/zephyr/program/skywalker/ite_program.conf;/mnt/host/source/src/platform/ec/zephyr/program/skywalker/luuke/project.conf;/mnt/host/source/src/platform/ec/build/zephyr/luuke/kconfig-rw.conf'`
[ponyta:ro] [3/396] cd /mnt/host/source/src/platform/ec/build/zephyr/ponyta/build-ro/modules/ec/zephyr && PYTHONPATH=/mnt/host/source/src/platform/ec/build/zephyr/ponyta/modules/ec/zephyr/zmake/ /usr/bin/python3.11 /mnt/host/source/src/platform/ec/build/zephyr/ponyta/modules/ec/zephyr/zmake/zephyr_build_tools/generate_ec_version.py /mnt/host/source/src/platform/ec/build/zephyr/ponyta/build-ro/modules/ec/zephyr/include/ec_version.h --name Zephyr-Kernel --version 16543.0.0 --static
[ponyta:ro] INFO:root:Using a static version string
[luuke:rw] Loading Zephyr default modules (Zephyr base (cached)).
[luuke:rw] -- Application: /mnt/host/source/src/platform/ec/zephyr/program/skywalker
[yaviks:ro] Configuring.
Running `env -i PYTHONPATH=/usr/lib64/python-exec/python3.11:/mnt/host/source/src/platform/ec/zephyr/zmake:/usr/lib/python311.zip:/usr/lib/python3.11:/usr/lib/python3.11/lib-dynload:/usr/lib/python3.11/site-packages PW_PIGWEED_CIPD_INSTALL_DIR=/usr CROSTC_USER_ACKNOWLEDGES_THAT_RISCV_IS_EXPERIMENTAL=1 PATH=/mnt/host/source/chromite/bin:/usr/local/bin:/usr/bin:/bin:/opt/bin:/mnt/host/source/chromite/sdk/bin:/mnt/host/source/chromite/bin HOME=/home/jpmurphy JAVA_HOME=/etc/java-config-2/current-system-vm JDK_HOME=/etc/java-config-2/current-system-vm JAVAC=/etc/java-config-2/current-system-vm/bin/javac MAKEFLAGS=' -j16 --jobserver-auth=5,6' /usr/bin/cmake -S /mnt/host/source/src/platform/ec/zephyr/program/nissa -B /mnt/host/source/src/platform/ec/build/zephyr/yaviks/build-ro -GNinja -DCMAKE_EXPORT_COMPILE_COMMANDS=ON -DZEPHYR_BASE=/mnt/host/source/src/third_party/zephyr/main -DZMAKE_INCLUDE_DIR=/mnt/host/source/src/platform/ec/build/zephyr/yaviks/include -DPython3_EXECUTABLE=/usr/bin/python3.11 -DDTS_ROOT=/mnt/host/source/src/platform/ec/zephyr -DSYSCALL_INCLUDE_DIRS=/mnt/host/source/src/platform/ec/zephyr/include/drivers -DUSER_CACHE_DIR=/mnt/host/source/src/platform/ec/build/zephyr/user-cache '-DEXTRA_EC_VERSION_FLAGS=--version 16543.0.0 --static' -DTOOLCHAIN_ROOT=/mnt/host/source/src/platform/ec/zephyr -DCOREBOOT_SDK_ROOT_x86=/home/jpmurphy/.cache/coreboot-sdk/i386-elf/dfbb0486385d938cfa9d73080b9d18d598ed4f49 -DCOREBOOT_SDK_ROOT_picolibc_x86=/home/jpmurphy/.cache/coreboot-sdk/picolibc-i386-elf/eb8e8e687b95461de8cbf278f1c2076952d0ad17 -DCOREBOOT_SDK_ROOT_riscv64=/home/jpmurphy/.cache/coreboot-sdk/riscv64-elf/96b949749225b6aaa92ed810ab769e8dfb12f000 -DCOREBOOT_SDK_ROOT_picolibc_arm=/home/jpmurphy/.cache/coreboot-sdk/picolibc-arm-eabi/422a2aa3e1ef891b5bece9a3deb696ff83840d2e -DCOREBOOT_SDK_ROOT_nds32=/home/jpmurphy/.cache/coreboot-sdk/nds32le-elf/d1a518c4a097666d86058e1444f85ca015d15511 -DCOREBOOT_SDK_ROOT_picolibc_riscv64=/home/jpmurphy/.cache/coreboot-sdk/picolibc-riscv64-elf/f571e990ef0278564b31124f8bb109d9a697eb69 -DCOREBOOT_SDK_ROOT_arm=/home/jpmurphy/.cache/coreboot-sdk/arm-eabi/ea40ddd1d190c3b48435c474c0b545719371813a -DCOREBOOT_SDK_ROOT_libstdcxx_riscv64=/home/jpmurphy/.cache/coreboot-sdk/libstdcxx-riscv64-elf/17abf22a3a252e2d5d2062ced5324f7a623689e0 -DCOREBOOT_SDK_ROOT_libstdcxx_arm=/home/jpmurphy/.cache/coreboot-sdk/libstdcxx-arm-eabi/5d7d82e150e44aa1968f1d366e267e6687b328ac -DCOREBOOT_SDK_ROOT_riscv=/home/jpmurphy/.cache/coreboot-sdk/riscv-elf/9a27b9e82341c6e9126624f516ab3f261abb3e73 -DCOREBOOT_SDK_ROOT_libstdcxx_x86=/home/jpmurphy/.cache/coreboot-sdk/libstdcxx-i386-elf/42ef9d2e87a76a37963175d7d428734e65648b87 -DZEPHYR_TOOLCHAIN_VARIANT=coreboot-sdk -DZEPHYR_MODULES=/mnt/host/source/src/platform/ec/build/zephyr/yaviks/modules/ec -DDTC_OVERLAY_FILE=/mnt/host/source/src/platform/ec/zephyr/program/nissa/yaviks/project.overlay -DBOARD=it8xxx2/it81302bx -DCMAKE_C_FLAGS=-DSECTION_IS_RO '-DCONF_FILE=/mnt/host/source/src/platform/ec/zephyr/program/nissa/program.conf;/mnt/host/source/src/platform/ec/zephyr/program/nissa/it8xxx2_program.conf;/mnt/host/source/src/platform/ec/zephyr/program/nissa/yaviks/project.conf;/mnt/host/source/src/platform/ec/build/zephyr/yaviks/kconfig-ro.conf'`
[glassway:rw] [409/413] Building C object zephyr/kernel/CMakeFiles/kernel.dir/poll.c.obj
[yaviks:ro] Loading Zephyr default modules (Zephyr base (cached)).
[yaviks:ro] -- Application: /mnt/host/source/src/platform/ec/zephyr/program/nissa
[glassway:rw] [410/413] Building C object zephyr/kernel/CMakeFiles/kernel.dir/mempool.c.obj
[luuke:ro] Configuring.
Running `env -i PYTHONPATH=/usr/lib64/python-exec/python3.11:/mnt/host/source/src/platform/ec/zephyr/zmake:/usr/lib/python311.zip:/usr/lib/python3.11:/usr/lib/python3.11/lib-dynload:/usr/lib/python3.11/site-packages PW_PIGWEED_CIPD_INSTALL_DIR=/usr CROSTC_USER_ACKNOWLEDGES_THAT_RISCV_IS_EXPERIMENTAL=1 PATH=/mnt/host/source/chromite/bin:/usr/local/bin:/usr/bin:/bin:/opt/bin:/mnt/host/source/chromite/sdk/bin:/mnt/host/source/chromite/bin HOME=/home/jpmurphy JAVA_HOME=/etc/java-config-2/current-system-vm JDK_HOME=/etc/java-config-2/current-system-vm JAVAC=/etc/java-config-2/current-system-vm/bin/javac MAKEFLAGS=' -j16 --jobserver-auth=5,6' /usr/bin/cmake -S /mnt/host/source/src/platform/ec/zephyr/program/skywalker -B /mnt/host/source/src/platform/ec/build/zephyr/luuke/build-ro -GNinja -DCMAKE_EXPORT_COMPILE_COMMANDS=ON -DZEPHYR_BASE=/mnt/host/source/src/third_party/zephyr/main -DZMAKE_INCLUDE_DIR=/mnt/host/source/src/platform/ec/build/zephyr/luuke/include -DPython3_EXECUTABLE=/usr/bin/python3.11 -DDTS_ROOT=/mnt/host/source/src/platform/ec/zephyr -DSYSCALL_INCLUDE_DIRS=/mnt/host/source/src/platform/ec/zephyr/include/drivers -DUSER_CACHE_DIR=/mnt/host/source/src/platform/ec/build/zephyr/user-cache '-DEXTRA_EC_VERSION_FLAGS=--version 16543.0.0 --static' -DTOOLCHAIN_ROOT=/mnt/host/source/src/platform/ec/zephyr -DCOREBOOT_SDK_ROOT_x86=/home/jpmurphy/.cache/coreboot-sdk/i386-elf/dfbb0486385d938cfa9d73080b9d18d598ed4f49 -DCOREBOOT_SDK_ROOT_picolibc_x86=/home/jpmurphy/.cache/coreboot-sdk/picolibc-i386-elf/eb8e8e687b95461de8cbf278f1c2076952d0ad17 -DCOREBOOT_SDK_ROOT_riscv64=/home/jpmurphy/.cache/coreboot-sdk/riscv64-elf/96b949749225b6aaa92ed810ab769e8dfb12f000 -DCOREBOOT_SDK_ROOT_picolibc_arm=/home/jpmurphy/.cache/coreboot-sdk/picolibc-arm-eabi/422a2aa3e1ef891b5bece9a3deb696ff83840d2e -DCOREBOOT_SDK_ROOT_nds32=/home/jpmurphy/.cache/coreboot-sdk/nds32le-elf/d1a518c4a097666d86058e1444f85ca015d15511 -DCOREBOOT_SDK_ROOT_picolibc_riscv64=/home/jpmurphy/.cache/coreboot-sdk/picolibc-riscv64-elf/f571e990ef0278564b31124f8bb109d9a697eb69 -DCOREBOOT_SDK_ROOT_arm=/home/jpmurphy/.cache/coreboot-sdk/arm-eabi/ea40ddd1d190c3b48435c474c0b545719371813a -DCOREBOOT_SDK_ROOT_libstdcxx_riscv64=/home/jpmurphy/.cache/coreboot-sdk/libstdcxx-riscv64-elf/17abf22a3a252e2d5d2062ced5324f7a623689e0 -DCOREBOOT_SDK_ROOT_libstdcxx_arm=/home/jpmurphy/.cache/coreboot-sdk/libstdcxx-arm-eabi/5d7d82e150e44aa1968f1d366e267e6687b328ac -DCOREBOOT_SDK_ROOT_riscv=/home/jpmurphy/.cache/coreboot-sdk/riscv-elf/9a27b9e82341c6e9126624f516ab3f261abb3e73 -DCOREBOOT_SDK_ROOT_libstdcxx_x86=/home/jpmurphy/.cache/coreboot-sdk/libstdcxx-i386-elf/42ef9d2e87a76a37963175d7d428734e65648b87 -DZEPHYR_TOOLCHAIN_VARIANT=coreboot-sdk -DZEPHYR_MODULES=/mnt/host/source/src/platform/ec/build/zephyr/luuke/modules/ec -DDTC_OVERLAY_FILE=/mnt/host/source/src/platform/ec/zephyr/program/skywalker/luuke/project.overlay -DBOARD=it8xxx2/it82002aw -DCMAKE_C_FLAGS=-DSECTION_IS_RO '-DCONF_FILE=/mnt/host/source/src/platform/ec/zephyr/program/skywalker/program.conf;/mnt/host/source/src/platform/ec/zephyr/program/skywalker/ite_program.conf;/mnt/host/source/src/platform/ec/zephyr/program/skywalker/luuke/project.conf;/mnt/host/source/src/platform/ec/build/zephyr/luuke/kconfig-ro.conf'`
[luuke:ro] Loading Zephyr default modules (Zephyr base (cached)).
[luuke:ro] -- Application: /mnt/host/source/src/platform/ec/zephyr/program/skywalker
[luuke:ro] -- CMake version: 3.31.7
[yaviks:rw] -- CMake version: 3.31.7
[yaviks:rw] -- Found Python3: /usr/bin/python3.11 (found suitable version "3.11.11", minimum required is "3.10") found components: Interpreter
[yaviks:rw] -- Cache files will be written to: /mnt/host/source/src/platform/ec/build/zephyr/user-cache
[glassway:rw] [411/413] Building C object zephyr/kernel/CMakeFiles/kernel.dir/events.c.obj
Toolchain <zmake.toolchains.CorebootSdkToolchain object at 0x7f41204a5410> selected by probe function.
[matsu-ish] Building in /mnt/host/source/src/platform/ec/build/zephyr/matsu-ish.
[matsu-ish:singleimage] Configuring.
Running `env -i PYTHONPATH=/usr/lib64/python-exec/python3.11:/mnt/host/source/src/platform/ec/zephyr/zmake:/usr/lib/python311.zip:/usr/lib/python3.11:/usr/lib/python3.11/lib-dynload:/usr/lib/python3.11/site-packages PW_PIGWEED_CIPD_INSTALL_DIR=/usr CROSTC_USER_ACKNOWLEDGES_THAT_RISCV_IS_EXPERIMENTAL=1 PATH=/mnt/host/source/chromite/bin:/usr/local/bin:/usr/bin:/bin:/opt/bin:/mnt/host/source/chromite/sdk/bin:/mnt/host/source/chromite/bin HOME=/home/jpmurphy JAVA_HOME=/etc/java-config-2/current-system-vm JDK_HOME=/etc/java-config-2/current-system-vm JAVAC=/etc/java-config-2/current-system-vm/bin/javac MAKEFLAGS=' -j16 --jobserver-auth=5,6' /usr/bin/cmake -S /mnt/host/source/src/platform/ec/zephyr/program/ocelot -B /mnt/host/source/src/platform/ec/build/zephyr/matsu-ish/build-singleimage -GNinja -DCMAKE_EXPORT_COMPILE_COMMANDS=ON -DZEPHYR_BASE=/mnt/host/source/src/third_party/zephyr/main -DZMAKE_INCLUDE_DIR=/mnt/host/source/src/platform/ec/build/zephyr/matsu-ish/include -DPython3_EXECUTABLE=/usr/bin/python3.11 -DDTS_ROOT=/mnt/host/source/src/platform/ec/zephyr -DSYSCALL_INCLUDE_DIRS=/mnt/host/source/src/platform/ec/zephyr/include/drivers -DUSER_CACHE_DIR=/mnt/host/source/src/platform/ec/build/zephyr/user-cache '-DEXTRA_EC_VERSION_FLAGS=--version 16543.0.0 --static' -DTOOLCHAIN_ROOT=/mnt/host/source/src/platform/ec/zephyr -DCOREBOOT_SDK_ROOT_x86=/home/jpmurphy/.cache/coreboot-sdk/i386-elf/dfbb0486385d938cfa9d73080b9d18d598ed4f49 -DCOREBOOT_SDK_ROOT_picolibc_x86=/home/jpmurphy/.cache/coreboot-sdk/picolibc-i386-elf/eb8e8e687b95461de8cbf278f1c2076952d0ad17 -DCOREBOOT_SDK_ROOT_riscv64=/home/jpmurphy/.cache/coreboot-sdk/riscv64-elf/96b949749225b6aaa92ed810ab769e8dfb12f000 -DCOREBOOT_SDK_ROOT_picolibc_arm=/home/jpmurphy/.cache/coreboot-sdk/picolibc-arm-eabi/422a2aa3e1ef891b5bece9a3deb696ff83840d2e -DCOREBOOT_SDK_ROOT_nds32=/home/jpmurphy/.cache/coreboot-sdk/nds32le-elf/d1a518c4a097666d86058e1444f85ca015d15511 -DCOREBOOT_SDK_ROOT_picolibc_riscv64=/home/jpmurphy/.cache/coreboot-sdk/picolibc-riscv64-elf/f571e990ef0278564b31124f8bb109d9a697eb69 -DCOREBOOT_SDK_ROOT_arm=/home/jpmurphy/.cache/coreboot-sdk/arm-eabi/ea40ddd1d190c3b48435c474c0b545719371813a -DCOREBOOT_SDK_ROOT_libstdcxx_riscv64=/home/jpmurphy/.cache/coreboot-sdk/libstdcxx-riscv64-elf/17abf22a3a252e2d5d2062ced5324f7a623689e0 -DCOREBOOT_SDK_ROOT_libstdcxx_arm=/home/jpmurphy/.cache/coreboot-sdk/libstdcxx-arm-eabi/5d7d82e150e44aa1968f1d366e267e6687b328ac -DCOREBOOT_SDK_ROOT_riscv=/home/jpmurphy/.cache/coreboot-sdk/riscv-elf/9a27b9e82341c6e9126624f516ab3f261abb3e73 -DCOREBOOT_SDK_ROOT_libstdcxx_x86=/home/jpmurphy/.cache/coreboot-sdk/libstdcxx-i386-elf/42ef9d2e87a76a37963175d7d428734e65648b87 -DZEPHYR_TOOLCHAIN_VARIANT=coreboot-sdk '-DZEPHYR_MODULES=/mnt/host/source/src/platform/ec/build/zephyr/matsu-ish/modules/ec;/mnt/host/source/src/platform/ec/build/zephyr/matsu-ish/modules/cmsis;/mnt/host/source/src/platform/ec/build/zephyr/matsu-ish/modules/cmsis_6;/mnt/host/source/src/platform/ec/build/zephyr/matsu-ish/modules/hal_intel_public' -DDTC_OVERLAY_FILE=/mnt/host/source/src/platform/ec/zephyr/program/ocelot/matsu-ish/matsu-ish/project.overlay -DBOARD=intel_ish_5_8_0 '-DCONF_FILE=/mnt/host/source/src/platform/ec/zephyr/program/ocelot/matsu-ish/prj.conf;/mnt/host/source/src/platform/ec/zephyr/program/ocelot/matsu-ish/motionsense.conf;/mnt/host/source/src/platform/ec/build/zephyr/matsu-ish/kconfig-singleimage.conf'`
[yaviks:rw] -- Zephyr version: 4.3.99 (/mnt/host/source/src/third_party/zephyr/main)
[matsu-ish:singleimage] Loading Zephyr default modules (Zephyr base (cached)).
[matsu-ish:singleimage] -- Application: /mnt/host/source/src/platform/ec/zephyr/program/ocelot
Toolchain <zmake.toolchains.CorebootSdkToolchain object at 0x7f41204a4b50> selected by probe function.
[frostflow] Building in /mnt/host/source/src/platform/ec/build/zephyr/frostflow.
[ponyta:ro] INFO:root:Version string: Zephyr-Kernel-16543.0.0
[ponyta:ro] INFO:root:Writing header to /mnt/host/source/src/platform/ec/build/zephyr/ponyta/build-ro/modules/ec/zephyr/include/ec_version.h
[ponyta:ro] [4/396] Generating include/generated/zephyr/version.h
[frostflow:ro] Configuring.
Running `env -i PYTHONPATH=/usr/lib64/python-exec/python3.11:/mnt/host/source/src/platform/ec/zephyr/zmake:/usr/lib/python311.zip:/usr/lib/python3.11:/usr/lib/python3.11/lib-dynload:/usr/lib/python3.11/site-packages PW_PIGWEED_CIPD_INSTALL_DIR=/usr CROSTC_USER_ACKNOWLEDGES_THAT_RISCV_IS_EXPERIMENTAL=1 PATH=/mnt/host/source/chromite/bin:/usr/local/bin:/usr/bin:/bin:/opt/bin:/mnt/host/source/chromite/sdk/bin:/mnt/host/source/chromite/bin HOME=/home/jpmurphy JAVA_HOME=/etc/java-config-2/current-system-vm JDK_HOME=/etc/java-config-2/current-system-vm JAVAC=/etc/java-config-2/current-system-vm/bin/javac MAKEFLAGS=' -j16 --jobserver-auth=5,6' /usr/bin/cmake -S /mnt/host/source/src/platform/ec/zephyr/program/skyrim -B /mnt/host/source/src/platform/ec/build/zephyr/frostflow/build-ro -GNinja -DCMAKE_EXPORT_COMPILE_COMMANDS=ON -DZEPHYR_BASE=/mnt/host/source/src/third_party/zephyr/main -DZMAKE_INCLUDE_DIR=/mnt/host/source/src/platform/ec/build/zephyr/frostflow/include -DPython3_EXECUTABLE=/usr/bin/python3.11 -DDTS_ROOT=/mnt/host/source/src/platform/ec/zephyr -DSYSCALL_INCLUDE_DIRS=/mnt/host/source/src/platform/ec/zephyr/include/drivers -DUSER_CACHE_DIR=/mnt/host/source/src/platform/ec/build/zephyr/user-cache '-DEXTRA_EC_VERSION_FLAGS=--version 16543.0.0 --static' -DTOOLCHAIN_ROOT=/mnt/host/source/src/platform/ec/zephyr -DCOREBOOT_SDK_ROOT_x86=/home/jpmurphy/.cache/coreboot-sdk/i386-elf/dfbb0486385d938cfa9d73080b9d18d598ed4f49 -DCOREBOOT_SDK_ROOT_picolibc_x86=/home/jpmurphy/.cache/coreboot-sdk/picolibc-i386-elf/eb8e8e687b95461de8cbf278f1c2076952d0ad17 -DCOREBOOT_SDK_ROOT_riscv64=/home/jpmurphy/.cache/coreboot-sdk/riscv64-elf/96b949749225b6aaa92ed810ab769e8dfb12f000 -DCOREBOOT_SDK_ROOT_picolibc_arm=/home/jpmurphy/.cache/coreboot-sdk/picolibc-arm-eabi/422a2aa3e1ef891b5bece9a3deb696ff83840d2e -DCOREBOOT_SDK_ROOT_nds32=/home/jpmurphy/.cache/coreboot-sdk/nds32le-elf/d1a518c4a097666d86058e1444f85ca015d15511 -DCOREBOOT_SDK_ROOT_picolibc_riscv64=/home/jpmurphy/.cache/coreboot-sdk/picolibc-riscv64-elf/f571e990ef0278564b31124f8bb109d9a697eb69 -DCOREBOOT_SDK_ROOT_arm=/home/jpmurphy/.cache/coreboot-sdk/arm-eabi/ea40ddd1d190c3b48435c474c0b545719371813a -DCOREBOOT_SDK_ROOT_libstdcxx_riscv64=/home/jpmurphy/.cache/coreboot-sdk/libstdcxx-riscv64-elf/17abf22a3a252e2d5d2062ced5324f7a623689e0 -DCOREBOOT_SDK_ROOT_libstdcxx_arm=/home/jpmurphy/.cache/coreboot-sdk/libstdcxx-arm-eabi/5d7d82e150e44aa1968f1d366e267e6687b328ac -DCOREBOOT_SDK_ROOT_riscv=/home/jpmurphy/.cache/coreboot-sdk/riscv-elf/9a27b9e82341c6e9126624f516ab3f261abb3e73 -DCOREBOOT_SDK_ROOT_libstdcxx_x86=/home/jpmurphy/.cache/coreboot-sdk/libstdcxx-i386-elf/42ef9d2e87a76a37963175d7d428734e65648b87 -DZEPHYR_TOOLCHAIN_VARIANT=coreboot-sdk '-DZEPHYR_MODULES=/mnt/host/source/src/platform/ec/build/zephyr/frostflow/modules/cmsis;/mnt/host/source/src/platform/ec/build/zephyr/frostflow/modules/cmsis_6;/mnt/host/source/src/platform/ec/build/zephyr/frostflow/modules/ec' -DDTC_OVERLAY_FILE=/mnt/host/source/src/platform/ec/zephyr/program/skyrim/frostflow/project.overlay -DBOARD=npcx9/npcx9m3f -DCMAKE_C_FLAGS=-DSECTION_IS_RO '-DCONF_FILE=/mnt/host/source/src/platform/ec/zephyr/program/skyrim/program.conf;/mnt/host/source/src/platform/ec/zephyr/program/skyrim/frostflow/project.conf;/mnt/host/source/src/platform/ec/build/zephyr/frostflow/kconfig-ro.conf'`
[frostflow:ro] Loading Zephyr default modules (Zephyr base (cached)).
[frostflow:ro] -- Application: /mnt/host/source/src/platform/ec/zephyr/program/skyrim
[frostflow:ro] -- CMake version: 3.31.7
[glassway:rw] [412/413] Building C object zephyr/kernel/CMakeFiles/kernel.dir/dynamic_disabled.c.obj
Toolchain <zmake.toolchains.CorebootSdkToolchain object at 0x7f41204ac950> selected by probe function.
[anraggar] Building in /mnt/host/source/src/platform/ec/build/zephyr/anraggar.
[anraggar:rw] Configuring.
Running `env -i PYTHONPATH=/usr/lib64/python-exec/python3.11:/mnt/host/source/src/platform/ec/zephyr/zmake:/usr/lib/python311.zip:/usr/lib/python3.11:/usr/lib/python3.11/lib-dynload:/usr/lib/python3.11/site-packages PW_PIGWEED_CIPD_INSTALL_DIR=/usr CROSTC_USER_ACKNOWLEDGES_THAT_RISCV_IS_EXPERIMENTAL=1 PATH=/mnt/host/source/chromite/bin:/usr/local/bin:/usr/bin:/bin:/opt/bin:/mnt/host/source/chromite/sdk/bin:/mnt/host/source/chromite/bin HOME=/home/jpmurphy JAVA_HOME=/etc/java-config-2/current-system-vm JDK_HOME=/etc/java-config-2/current-system-vm JAVAC=/etc/java-config-2/current-system-vm/bin/javac MAKEFLAGS=' -j16 --jobserver-auth=5,6' /usr/bin/cmake -S /mnt/host/source/src/platform/ec/zephyr/program/nissa -B /mnt/host/source/src/platform/ec/build/zephyr/anraggar/build-rw -GNinja -DCMAKE_EXPORT_COMPILE_COMMANDS=ON -DZEPHYR_BASE=/mnt/host/source/src/third_party/zephyr/main -DZMAKE_INCLUDE_DIR=/mnt/host/source/src/platform/ec/build/zephyr/anraggar/include -DPython3_EXECUTABLE=/usr/bin/python3.11 -DDTS_ROOT=/mnt/host/source/src/platform/ec/zephyr -DSYSCALL_INCLUDE_DIRS=/mnt/host/source/src/platform/ec/zephyr/include/drivers -DUSER_CACHE_DIR=/mnt/host/source/src/platform/ec/build/zephyr/user-cache '-DEXTRA_EC_VERSION_FLAGS=--version 16543.0.0 --static' -DTOOLCHAIN_ROOT=/mnt/host/source/src/platform/ec/zephyr -DCOREBOOT_SDK_ROOT_x86=/home/jpmurphy/.cache/coreboot-sdk/i386-elf/dfbb0486385d938cfa9d73080b9d18d598ed4f49 -DCOREBOOT_SDK_ROOT_picolibc_x86=/home/jpmurphy/.cache/coreboot-sdk/picolibc-i386-elf/eb8e8e687b95461de8cbf278f1c2076952d0ad17 -DCOREBOOT_SDK_ROOT_riscv64=/home/jpmurphy/.cache/coreboot-sdk/riscv64-elf/96b949749225b6aaa92ed810ab769e8dfb12f000 -DCOREBOOT_SDK_ROOT_picolibc_arm=/home/jpmurphy/.cache/coreboot-sdk/picolibc-arm-eabi/422a2aa3e1ef891b5bece9a3deb696ff83840d2e -DCOREBOOT_SDK_ROOT_nds32=/home/jpmurphy/.cache/coreboot-sdk/nds32le-elf/d1a518c4a097666d86058e1444f85ca015d15511 -DCOREBOOT_SDK_ROOT_picolibc_riscv64=/home/jpmurphy/.cache/coreboot-sdk/picolibc-riscv64-elf/f571e990ef0278564b31124f8bb109d9a697eb69 -DCOREBOOT_SDK_ROOT_arm=/home/jpmurphy/.cache/coreboot-sdk/arm-eabi/ea40ddd1d190c3b48435c474c0b545719371813a -DCOREBOOT_SDK_ROOT_libstdcxx_riscv64=/home/jpmurphy/.cache/coreboot-sdk/libstdcxx-riscv64-elf/17abf22a3a252e2d5d2062ced5324f7a623689e0 -DCOREBOOT_SDK_ROOT_libstdcxx_arm=/home/jpmurphy/.cache/coreboot-sdk/libstdcxx-arm-eabi/5d7d82e150e44aa1968f1d366e267e6687b328ac -DCOREBOOT_SDK_ROOT_riscv=/home/jpmurphy/.cache/coreboot-sdk/riscv-elf/9a27b9e82341c6e9126624f516ab3f261abb3e73 -DCOREBOOT_SDK_ROOT_libstdcxx_x86=/home/jpmurphy/.cache/coreboot-sdk/libstdcxx-i386-elf/42ef9d2e87a76a37963175d7d428734e65648b87 -DZEPHYR_TOOLCHAIN_VARIANT=coreboot-sdk -DZEPHYR_MODULES=/mnt/host/source/src/platform/ec/build/zephyr/anraggar/modules/ec -DDTC_OVERLAY_FILE=/mnt/host/source/src/platform/ec/zephyr/program/nissa/anraggar/project.overlay -DBOARD=it8xxx2/it81302bx -DCMAKE_C_FLAGS=-DSECTION_IS_RW '-DCONF_FILE=/mnt/host/source/src/platform/ec/zephyr/program/nissa/program.conf;/mnt/host/source/src/platform/ec/zephyr/program/nissa/it8xxx2_program.conf;/mnt/host/source/src/platform/ec/zephyr/program/nissa/anraggar/project.conf;/mnt/host/source/src/platform/ec/build/zephyr/anraggar/kconfig-rw.conf'`
[luuke:rw] -- CMake version: 3.31.7
[luuke:rw] -- Found Python3: /usr/bin/python3.11 (found suitable version "3.11.11", minimum required is "3.10") found components: Interpreter
[luuke:rw] -- Cache files will be written to: /mnt/host/source/src/platform/ec/build/zephyr/user-cache
[anraggar:rw] Loading Zephyr default modules (Zephyr base (cached)).
[anraggar:rw] -- Application: /mnt/host/source/src/platform/ec/zephyr/program/nissa
[anraggar:rw] -- CMake version: 3.31.7
[luuke:rw] -- Zephyr version: 4.3.99 (/mnt/host/source/src/third_party/zephyr/main)
[/mnt/host/source/src/platform/ec/build/zephyr/trulo-lcov]   /mnt/host/source/src/platform/ec/build/zephyr/trulo/build-ro/zephyr/CMakeFiles/zephyr.dir/soc/nuvoton/npcx/common/npcxn/registers.c.gcno:no functions found
[/mnt/host/source/src/platform/ec/build/zephyr/trulo-lcov] stderr:
[yaviks:ro] -- CMake version: 3.31.7
[yaviks:ro] -- Found Python3: /usr/bin/python3.11 (found suitable version "3.11.11", minimum required is "3.10") found components: Interpreter
[glassway:rw] [413/413] Linking C static library zephyr/kernel/libkernel.a
[yaviks:ro] -- Cache files will be written to: /mnt/host/source/src/platform/ec/build/zephyr/user-cache
[yaviks:ro] -- Zephyr version: 4.3.99 (/mnt/host/source/src/third_party/zephyr/main)
[anraggar:ro] Configuring.
Running `env -i PYTHONPATH=/usr/lib64/python-exec/python3.11:/mnt/host/source/src/platform/ec/zephyr/zmake:/usr/lib/python311.zip:/usr/lib/python3.11:/usr/lib/python3.11/lib-dynload:/usr/lib/python3.11/site-packages PW_PIGWEED_CIPD_INSTALL_DIR=/usr CROSTC_USER_ACKNOWLEDGES_THAT_RISCV_IS_EXPERIMENTAL=1 PATH=/mnt/host/source/chromite/bin:/usr/local/bin:/usr/bin:/bin:/opt/bin:/mnt/host/source/chromite/sdk/bin:/mnt/host/source/chromite/bin HOME=/home/jpmurphy JAVA_HOME=/etc/java-config-2/current-system-vm JDK_HOME=/etc/java-config-2/current-system-vm JAVAC=/etc/java-config-2/current-system-vm/bin/javac MAKEFLAGS=' -j16 --jobserver-auth=5,6' /usr/bin/cmake -S /mnt/host/source/src/platform/ec/zephyr/program/nissa -B /mnt/host/source/src/platform/ec/build/zephyr/anraggar/build-ro -GNinja -DCMAKE_EXPORT_COMPILE_COMMANDS=ON -DZEPHYR_BASE=/mnt/host/source/src/third_party/zephyr/main -DZMAKE_INCLUDE_DIR=/mnt/host/source/src/platform/ec/build/zephyr/anraggar/include -DPython3_EXECUTABLE=/usr/bin/python3.11 -DDTS_ROOT=/mnt/host/source/src/platform/ec/zephyr -DSYSCALL_INCLUDE_DIRS=/mnt/host/source/src/platform/ec/zephyr/include/drivers -DUSER_CACHE_DIR=/mnt/host/source/src/platform/ec/build/zephyr/user-cache '-DEXTRA_EC_VERSION_FLAGS=--version 16543.0.0 --static' -DTOOLCHAIN_ROOT=/mnt/host/source/src/platform/ec/zephyr -DCOREBOOT_SDK_ROOT_x86=/home/jpmurphy/.cache/coreboot-sdk/i386-elf/dfbb0486385d938cfa9d73080b9d18d598ed4f49 -DCOREBOOT_SDK_ROOT_picolibc_x86=/home/jpmurphy/.cache/coreboot-sdk/picolibc-i386-elf/eb8e8e687b95461de8cbf278f1c2076952d0ad17 -DCOREBOOT_SDK_ROOT_riscv64=/home/jpmurphy/.cache/coreboot-sdk/riscv64-elf/96b949749225b6aaa92ed810ab769e8dfb12f000 -DCOREBOOT_SDK_ROOT_picolibc_arm=/home/jpmurphy/.cache/coreboot-sdk/picolibc-arm-eabi/422a2aa3e1ef891b5bece9a3deb696ff83840d2e -DCOREBOOT_SDK_ROOT_nds32=/home/jpmurphy/.cache/coreboot-sdk/nds32le-elf/d1a518c4a097666d86058e1444f85ca015d15511 -DCOREBOOT_SDK_ROOT_picolibc_riscv64=/home/jpmurphy/.cache/coreboot-sdk/picolibc-riscv64-elf/f571e990ef0278564b31124f8bb109d9a697eb69 -DCOREBOOT_SDK_ROOT_arm=/home/jpmurphy/.cache/coreboot-sdk/arm-eabi/ea40ddd1d190c3b48435c474c0b545719371813a -DCOREBOOT_SDK_ROOT_libstdcxx_riscv64=/home/jpmurphy/.cache/coreboot-sdk/libstdcxx-riscv64-elf/17abf22a3a252e2d5d2062ced5324f7a623689e0 -DCOREBOOT_SDK_ROOT_libstdcxx_arm=/home/jpmurphy/.cache/coreboot-sdk/libstdcxx-arm-eabi/5d7d82e150e44aa1968f1d366e267e6687b328ac -DCOREBOOT_SDK_ROOT_riscv=/home/jpmurphy/.cache/coreboot-sdk/riscv-elf/9a27b9e82341c6e9126624f516ab3f261abb3e73 -DCOREBOOT_SDK_ROOT_libstdcxx_x86=/home/jpmurphy/.cache/coreboot-sdk/libstdcxx-i386-elf/42ef9d2e87a76a37963175d7d428734e65648b87 -DZEPHYR_TOOLCHAIN_VARIANT=coreboot-sdk -DZEPHYR_MODULES=/mnt/host/source/src/platform/ec/build/zephyr/anraggar/modules/ec -DDTC_OVERLAY_FILE=/mnt/host/source/src/platform/ec/zephyr/program/nissa/anraggar/project.overlay -DBOARD=it8xxx2/it81302bx -DCMAKE_C_FLAGS=-DSECTION_IS_RO '-DCONF_FILE=/mnt/host/source/src/platform/ec/zephyr/program/nissa/program.conf;/mnt/host/source/src/platform/ec/zephyr/program/nissa/it8xxx2_program.conf;/mnt/host/source/src/platform/ec/zephyr/program/nissa/anraggar/project.conf;/mnt/host/source/src/platform/ec/build/zephyr/anraggar/kconfig-ro.conf'`
[anraggar:ro] Loading Zephyr default modules (Zephyr base (cached)).
[anraggar:ro] -- Application: /mnt/host/source/src/platform/ec/zephyr/program/nissa
[anraggar:ro] -- CMake version: 3.31.7
[ponyta:rw] [10/396] Building C object zephyr/CMakeFiles/offsets.dir/arch/arm/core/offsets/offsets.c.obj
[matsu-ish:singleimage] -- CMake version: 3.31.7
[matsu-ish:singleimage] -- Found Python3: /usr/bin/python3.11 (found suitable version "3.11.11", minimum required is "3.10") found components: Interpreter
[luuke:ro] -- Found Python3: /usr/bin/python3.11 (found suitable version "3.11.11", minimum required is "3.10") found components: Interpreter
[luuke:ro] -- Cache files will be written to: /mnt/host/source/src/platform/ec/build/zephyr/user-cache
[matsu-ish:singleimage] -- Cache files will be written to: /mnt/host/source/src/platform/ec/build/zephyr/user-cache
[luuke:ro] -- Zephyr version: 4.3.99 (/mnt/host/source/src/third_party/zephyr/main)
[matsu-ish:singleimage] -- Zephyr version: 4.3.99 (/mnt/host/source/src/third_party/zephyr/main)
[frostflow:ro] -- Found Python3: /usr/bin/python3.11 (found suitable version "3.11.11", minimum required is "3.10") found components: Interpreter
[frostflow:ro] -- Cache files will be written to: /mnt/host/source/src/platform/ec/build/zephyr/user-cache
[frostflow:ro] -- Zephyr version: 4.3.99 (/mnt/host/source/src/third_party/zephyr/main)
[anraggar:rw] -- Found Python3: /usr/bin/python3.11 (found suitable version "3.11.11", minimum required is "3.10") found components: Interpreter
[anraggar:rw] -- Cache files will be written to: /mnt/host/source/src/platform/ec/build/zephyr/user-cache
[anraggar:rw] -- Zephyr version: 4.3.99 (/mnt/host/source/src/third_party/zephyr/main)
[ponyta:rw] [11/396] Generating include/generated/zephyr/offsets.h
[/mnt/host/source/src/platform/ec/build/zephyr/uldrenite-lcov]   /mnt/host/source/src/platform/ec/build/zephyr/uldrenite/build-rw/CMakeFiles/app.dir/mnt/host/source/src/platform/ec/build/zephyr/uldrenite/modules/ec/common/cbi_config.c.gcno:no functions found
[/mnt/host/source/src/platform/ec/build/zephyr/uldrenite-lcov] stderr:
[anraggar:ro] -- Found Python3: /usr/bin/python3.11 (found suitable version "3.11.11", minimum required is "3.10") found components: Interpreter
[anraggar:ro] -- Cache files will be written to: /mnt/host/source/src/platform/ec/build/zephyr/user-cache
[anraggar:ro] -- Zephyr version: 4.3.99 (/mnt/host/source/src/third_party/zephyr/main)
[ponyta:ro] -- git describe warned: warning: tag 'upstream/v2.7.99' is externally known as 'v2.7.99'
[ponyta:ro] -- Zephyr version: 4.3.99 (/mnt/host/source/src/third_party/zephyr/main)
[ponyta:ro] [5/396] Generating misc/generated/syscalls.json, misc/generated/struct_tags.json
[ponyta:ro] [6/396] Generating include/generated/zephyr/syscall_dispatch.c, include/generated/zephyr/syscall_exports_llext.c, syscall_weakdefs_llext.c, include/generated/zephyr/syscall_list.h
[ponyta:ro] [7/396] Generating include/generated/zephyr/driver-validation.h
[eirtae:rw] -- Found Dtc: /usr/bin/dtc (found suitable version "1.6.0", minimum required is "1.4.6")
[eirtae:rw] -- Found BOARD.dts: /mnt/host/source/src/platform/ec/zephyr/boards/google/it8xxx2/it8xxx2_it82202ax_512.dts
[eirtae:rw] -- Found devicetree overlay: /mnt/host/source/src/platform/ec/zephyr/program/roach/eirtae/project.overlay
[ponyta:ro] [8/396] Generating include/generated/zephyr/kobj-types-enum.h, include/generated/zephyr/otype-to-str.h, include/generated/zephyr/otype-to-size.h
[ponyta:ro] [9/396] Generating include/generated/device-api-sections.ld, include/generated/device-api-sections.cmake
[ponyta:rw] [12/396] Building C object CMakeFiles/app.dir/mnt/host/source/src/platform/ec/zephyr/subsys/ap_pwrseq/ap_events.c.obj
[yaviks:rw] -- Board: it8xxx2, qualifiers: it81302bx
[ponyta:rw] [13/396] Building C object CMakeFiles/app.dir/mnt/host/source/src/platform/ec/build/zephyr/ponyta/modules/ec/builtin/stdlib.c.obj
[yaviks:ro] -- Board: it8xxx2, qualifiers: it81302bx
[luuke:rw] -- Board: it8xxx2, qualifiers: it82002aw
[frostflow:ro] -- Board: npcx9, qualifiers: npcx9m3f
[luuke:ro] -- Board: it8xxx2, qualifiers: it82002aw
[matsu-ish:singleimage] -- Board: intel_ish_5_8_0, qualifiers: intel_ish_5_8_0
[anraggar:rw] -- Board: it8xxx2, qualifiers: it81302bx
[/mnt/host/source/src/platform/ec/build/zephyr/uldrenite-lcov]   /mnt/host/source/src/platform/ec/build/zephyr/uldrenite/build-rw/zephyr/arch/arch/arm/core/mpu/CMakeFiles/arch__arm__core__mpu.dir/arm_mpu_regions.c.gcno:no functions found
[/mnt/host/source/src/platform/ec/build/zephyr/uldrenite-lcov] stderr:
[ponyta:ro] [10/396] Building C object zephyr/CMakeFiles/offsets.dir/arch/arm/core/offsets/offsets.c.obj
[anraggar:ro] -- Board: it8xxx2, qualifiers: it81302bx
[ponyta:ro] [11/396] Generating include/generated/zephyr/offsets.h
[ponyta:rw] [14/396] Building C object CMakeFiles/app.dir/mnt/host/source/src/platform/ec/build/zephyr/ponyta/modules/ec/common/base32.c.obj
[/mnt/host/source/src/platform/ec/build/zephyr/vader-lcov]   /mnt/host/source/src/platform/ec/build/zephyr/vader/build-rw/modules/ec/zephyr/CMakeFiles/ec_shim.dir/shim/src/keyscan.c.gcno:no functions found
[/mnt/host/source/src/platform/ec/build/zephyr/vader-lcov] stderr:
[eirtae:rw] -- Generated zephyr.dts: /mnt/host/source/src/platform/ec/build/zephyr/eirtae/build-rw/zephyr/zephyr.dts
[ponyta:rw] [15/396] Building C object CMakeFiles/app.dir/mnt/host/source/src/platform/ec/build/zephyr/ponyta/modules/ec/common/console_output.c.obj
[/mnt/host/source/src/platform/ec/build/zephyr/uldrenite-lcov]   /mnt/host/source/src/platform/ec/build/zephyr/uldrenite/build-rw/zephyr/arch/common/CMakeFiles/isr_tables.dir/isr_tables.c.gcno:no functions found
[/mnt/host/source/src/platform/ec/build/zephyr/uldrenite-lcov] stderr:
[eirtae:rw] -- Generated pickled edt: /mnt/host/source/src/platform/ec/build/zephyr/eirtae/build-rw/zephyr/edt.pickle
[eirtae:rw] -- Generated devicetree_generated.h: /mnt/host/source/src/platform/ec/build/zephyr/eirtae/build-rw/zephyr/include/generated/zephyr/devicetree_generated.h
[ponyta:ro] [12/396] Building C object CMakeFiles/app.dir/mnt/host/source/src/platform/ec/zephyr/subsys/ap_pwrseq/ap_events.c.obj
[ponyta:rw] [16/396] Building C object CMakeFiles/app.dir/mnt/host/source/src/platform/ec/build/zephyr/ponyta/modules/ec/common/ec_features.c.obj
[yaviks:rw] -- Found Dtc: /usr/bin/dtc (found suitable version "1.6.0", minimum required is "1.4.6")
[yaviks:ro] -- Found Dtc: /usr/bin/dtc (found suitable version "1.6.0", minimum required is "1.4.6")
[yaviks:rw] -- Found BOARD.dts: /mnt/host/source/src/platform/ec/zephyr/boards/google/it8xxx2/it8xxx2_it81302bx.dts
[yaviks:rw] -- Found devicetree overlay: /mnt/host/source/src/platform/ec/zephyr/program/nissa/yaviks/project.overlay
[yaviks:ro] -- Found BOARD.dts: /mnt/host/source/src/platform/ec/zephyr/boards/google/it8xxx2/it8xxx2_it81302bx.dts
[yaviks:ro] -- Found devicetree overlay: /mnt/host/source/src/platform/ec/zephyr/program/nissa/yaviks/project.overlay
[/mnt/host/source/src/platform/ec/build/zephyr/trulo-lcov]   /mnt/host/source/src/platform/ec/build/zephyr/trulo/build-ro/zephyr/kernel/CMakeFiles/kernel.dir/errno.c.gcno:no functions found
[/mnt/host/source/src/platform/ec/build/zephyr/trulo-lcov] stderr:
[luuke:rw] -- Found Dtc: /usr/bin/dtc (found suitable version "1.6.0", minimum required is "1.4.6")
[luuke:rw] -- Found BOARD.dts: /mnt/host/source/src/platform/ec/zephyr/boards/google/it8xxx2/it8xxx2_it82002aw.dts
[ponyta:rw] [17/396] Building C object CMakeFiles/app.dir/mnt/host/source/src/platform/ec/build/zephyr/ponyta/modules/ec/common/gpio_commands.c.obj
[frostflow:ro] -- Found Dtc: /usr/bin/dtc (found suitable version "1.6.0", minimum required is "1.4.6")
[frostflow:ro] -- Found BOARD.dts: /mnt/host/source/src/platform/ec/zephyr/boards/google/npcx9/npcx9_npcx9m3f.dts
[luuke:ro] -- Found Dtc: /usr/bin/dtc (found suitable version "1.6.0", minimum required is "1.4.6")
[luuke:ro] -- Found BOARD.dts: /mnt/host/source/src/platform/ec/zephyr/boards/google/it8xxx2/it8xxx2_it82002aw.dts
[luuke:ro] -- Found devicetree overlay: /mnt/host/source/src/platform/ec/zephyr/program/skywalker/luuke/project.overlay
[matsu-ish:singleimage] -- Found Dtc: /usr/bin/dtc (found suitable version "1.6.0", minimum required is "1.4.6")
[matsu-ish:singleimage] -- Found BOARD.dts: /mnt/host/source/src/third_party/zephyr/main/boards/intel/ish/intel_ish_5_8_0.dts
[matsu-ish:singleimage] -- Found devicetree overlay: /mnt/host/source/src/platform/ec/zephyr/program/ocelot/matsu-ish/matsu-ish/project.overlay
[anraggar:rw] -- Found Dtc: /usr/bin/dtc (found suitable version "1.6.0", minimum required is "1.4.6")
[anraggar:rw] -- Found BOARD.dts: /mnt/host/source/src/platform/ec/zephyr/boards/google/it8xxx2/it8xxx2_it81302bx.dts
[anraggar:rw] -- Found devicetree overlay: /mnt/host/source/src/platform/ec/zephyr/program/nissa/anraggar/project.overlay
[anraggar:ro] -- Found Dtc: /usr/bin/dtc (found suitable version "1.6.0", minimum required is "1.4.6")
[anraggar:ro] -- Found BOARD.dts: /mnt/host/source/src/platform/ec/zephyr/boards/google/it8xxx2/it8xxx2_it81302bx.dts
[anraggar:ro] -- Found devicetree overlay: /mnt/host/source/src/platform/ec/zephyr/program/nissa/anraggar/project.overlay
[ponyta:ro] [13/396] Building C object CMakeFiles/app.dir/mnt/host/source/src/platform/ec/build/zephyr/ponyta/modules/ec/builtin/stdlib.c.obj
[eirtae:rw] /mnt/host/source/src/platform/ec/build/zephyr/eirtae/build-rw/zephyr/zephyr.dts:1264.27-1928.5: Warning (avoid_unnecessary_addr_size): /soc/pin-controller: unnecessary #address-cells/#size-cells without "ranges" or child "reg" property
[ponyta:rw] [18/396] Building C object CMakeFiles/app.dir/mnt/host/source/src/platform/ec/build/zephyr/ponyta/modules/ec/common/peripheral.c.obj
[matsu-ish:singleimage] -- Generated zephyr.dts: /mnt/host/source/src/platform/ec/build/zephyr/matsu-ish/build-singleimage/zephyr/zephyr.dts
[ponyta:rw] [19/396] Building C object CMakeFiles/app.dir/mnt/host/source/src/platform/ec/build/zephyr/ponyta/modules/ec/common/printf.c.obj
[/mnt/host/source/src/platform/ec/build/zephyr/trulo-lcov]   /mnt/host/source/src/platform/ec/build/zephyr/trulo/build-ro/zephyr/lib/libc/picolibc/CMakeFiles/lib__libc__picolibc.dir/errno_wrap.c.gcno:no functions found
[/mnt/host/source/src/platform/ec/build/zephyr/trulo-lcov] stderr:
[matsu-ish:singleimage] -- Generated pickled edt: /mnt/host/source/src/platform/ec/build/zephyr/matsu-ish/build-singleimage/zephyr/edt.pickle
[matsu-ish:singleimage] -- Generated devicetree_generated.h: /mnt/host/source/src/platform/ec/build/zephyr/matsu-ish/build-singleimage/zephyr/include/generated/zephyr/devicetree_generated.h
[ponyta:ro] [14/396] Building C object CMakeFiles/app.dir/mnt/host/source/src/platform/ec/build/zephyr/ponyta/modules/ec/common/base32.c.obj
[yaviks:rw] -- Generated zephyr.dts: /mnt/host/source/src/platform/ec/build/zephyr/yaviks/build-rw/zephyr/zephyr.dts
[yaviks:rw] -- Generated pickled edt: /mnt/host/source/src/platform/ec/build/zephyr/yaviks/build-rw/zephyr/edt.pickle
[yaviks:ro] -- Generated zephyr.dts: /mnt/host/source/src/platform/ec/build/zephyr/yaviks/build-ro/zephyr/zephyr.dts
[yaviks:ro] -- Generated pickled edt: /mnt/host/source/src/platform/ec/build/zephyr/yaviks/build-ro/zephyr/edt.pickle
[ponyta:rw] [20/396] Building C object CMakeFiles/app.dir/mnt/host/source/src/platform/ec/build/zephyr/ponyta/modules/ec/common/queue.c.obj
[luuke:rw] -- Found devicetree overlay: /mnt/host/source/src/platform/ec/zephyr/program/skywalker/luuke/project.overlay
[luuke:rw] -- Generated zephyr.dts: /mnt/host/source/src/platform/ec/build/zephyr/luuke/build-rw/zephyr/zephyr.dts
[luuke:ro] -- Generated zephyr.dts: /mnt/host/source/src/platform/ec/build/zephyr/luuke/build-ro/zephyr/zephyr.dts
[luuke:ro] -- Generated pickled edt: /mnt/host/source/src/platform/ec/build/zephyr/luuke/build-ro/zephyr/edt.pickle
[frostflow:ro] node '/batteries/cdt_c340152' compatible 'cdt,c340152' has unknown vendor prefix 'cdt'
[ponyta:rw] [21/396] Building C object CMakeFiles/app.dir/mnt/host/source/src/platform/ec/build/zephyr/ponyta/modules/ec/common/system.c.obj
[anraggar:rw] -- Generated zephyr.dts: /mnt/host/source/src/platform/ec/build/zephyr/anraggar/build-rw/zephyr/zephyr.dts
[anraggar:rw] -- Generated pickled edt: /mnt/host/source/src/platform/ec/build/zephyr/anraggar/build-rw/zephyr/edt.pickle
[frostflow:ro] -- Found devicetree overlay: /mnt/host/source/src/platform/ec/zephyr/program/skyrim/frostflow/project.overlay
[frostflow:ro] -- Generated zephyr.dts: /mnt/host/source/src/platform/ec/build/zephyr/frostflow/build-ro/zephyr/zephyr.dts
[yaviks:ro] -- Generated devicetree_generated.h: /mnt/host/source/src/platform/ec/build/zephyr/yaviks/build-ro/zephyr/include/generated/zephyr/devicetree_generated.h
[anraggar:ro] -- Generated zephyr.dts: /mnt/host/source/src/platform/ec/build/zephyr/anraggar/build-ro/zephyr/zephyr.dts
[anraggar:ro] -- Generated pickled edt: /mnt/host/source/src/platform/ec/build/zephyr/anraggar/build-ro/zephyr/edt.pickle
[yaviks:rw] -- Generated devicetree_generated.h: /mnt/host/source/src/platform/ec/build/zephyr/yaviks/build-rw/zephyr/include/generated/zephyr/devicetree_generated.h
[ponyta:ro] [15/396] Building C object CMakeFiles/app.dir/mnt/host/source/src/platform/ec/build/zephyr/ponyta/modules/ec/common/console_output.c.obj
[luuke:rw] -- Generated pickled edt: /mnt/host/source/src/platform/ec/build/zephyr/luuke/build-rw/zephyr/edt.pickle
[luuke:rw] -- Generated devicetree_generated.h: /mnt/host/source/src/platform/ec/build/zephyr/luuke/build-rw/zephyr/include/generated/zephyr/devicetree_generated.h
[luuke:ro] -- Generated devicetree_generated.h: /mnt/host/source/src/platform/ec/build/zephyr/luuke/build-ro/zephyr/include/generated/zephyr/devicetree_generated.h
[ponyta:rw] [22/396] Building C object CMakeFiles/app.dir/mnt/host/source/src/platform/ec/build/zephyr/ponyta/modules/ec/common/system_boot_time.c.obj
[anraggar:rw] -- Generated devicetree_generated.h: /mnt/host/source/src/platform/ec/build/zephyr/anraggar/build-rw/zephyr/include/generated/zephyr/devicetree_generated.h
[anraggar:ro] -- Generated devicetree_generated.h: /mnt/host/source/src/platform/ec/build/zephyr/anraggar/build-ro/zephyr/include/generated/zephyr/devicetree_generated.h
[frostflow:ro] -- Generated pickled edt: /mnt/host/source/src/platform/ec/build/zephyr/frostflow/build-ro/zephyr/edt.pickle
[frostflow:ro] -- Generated devicetree_generated.h: /mnt/host/source/src/platform/ec/build/zephyr/frostflow/build-ro/zephyr/include/generated/zephyr/devicetree_generated.h
[ponyta:rw] [23/396] Building C object CMakeFiles/app.dir/mnt/host/source/src/platform/ec/build/zephyr/ponyta/modules/ec/common/uart_printf.c.obj
[ponyta:ro] [16/396] Building C object CMakeFiles/app.dir/mnt/host/source/src/platform/ec/build/zephyr/ponyta/modules/ec/common/ec_features.c.obj
[/mnt/host/source/src/platform/ec/build/zephyr/ruby-lcov]   /mnt/host/source/src/platform/ec/build/zephyr/ruby/build-rw/modules/ec/zephyr/CMakeFiles/ec_shim.dir/drivers/keyboard_input/keyboard_customization_check.c.gcno:no functions found
[/mnt/host/source/src/platform/ec/build/zephyr/ruby-lcov] stderr:
[/mnt/host/source/src/platform/ec/build/zephyr/uldrenite-lcov]   /mnt/host/source/src/platform/ec/build/zephyr/uldrenite/build-rw/zephyr/CMakeFiles/zephyr.dir/subsys/shell/modules/kernel_service/kernel_shell.c.gcno:no functions found
[/mnt/host/source/src/platform/ec/build/zephyr/uldrenite-lcov] stderr:
[eirtae:rw] warning: USB_DEVICE_VID (defined at
[eirtae:rw] /mnt/host/source/src/platform/ec/zephyr/subsys/usbd_service/Kconfig:107,
[eirtae:rw] subsys/usb/device/Kconfig:20) was assigned the value '0x18D1' but got the value ''. Check these
[eirtae:rw] unsatisfied dependencies: (USB_DEVICE_STACK_NEXT || USB_DEVICE_STACK) (=n). See
[eirtae:rw] http://docs.zephyrproject.org/latest/kconfig.html#CONFIG_USB_DEVICE_VID and/or look up
[eirtae:rw] USB_DEVICE_VID in the menuconfig/guiconfig interface. The Application Development Primer, Setting
[eirtae:rw] Configuration Values, and Kconfig - Tips and Best Practices sections of the manual might be helpful
[eirtae:rw] too.
[eirtae:rw] warning: USB_DEVICE_PID (defined at
[eirtae:rw] /mnt/host/source/src/platform/ec/zephyr/subsys/usbd_service/Kconfig:113,
[eirtae:rw] subsys/usb/device/Kconfig:26) was assigned the value '0x507A' but got the value ''. Check these
[eirtae:rw] unsatisfied dependencies: (USB_DEVICE_STACK_NEXT || USB_DEVICE_STACK) (=n). See
[eirtae:rw] http://docs.zephyrproject.org/latest/kconfig.html#CONFIG_USB_DEVICE_PID and/or look up
[eirtae:rw] USB_DEVICE_PID in the menuconfig/guiconfig interface. The Application Development Primer, Setting
[eirtae:rw] Configuration Values, and Kconfig - Tips and Best Practices sections of the manual might be helpful
[eirtae:rw] too.
[eirtae:rw] warning: PLATFORM_EC_RSA_KEY_SIZE (defined at
[eirtae:rw] /mnt/host/source/src/platform/ec/zephyr/Kconfig.rsa:15) was assigned the value '3072' but got the
[eirtae:rw] value ''. Check these unsatisfied dependencies: PLATFORM_EC_RSA (=n). See
[eirtae:rw] http://docs.zephyrproject.org/latest/kconfig.html#CONFIG_PLATFORM_EC_RSA_KEY_SIZE and/or look up
[eirtae:rw] PLATFORM_EC_RSA_KEY_SIZE in the menuconfig/guiconfig interface. The Application Development Primer,
[eirtae:rw] Setting Configuration Values, and Kconfig - Tips and Best Practices sections of the manual might be
[eirtae:rw] helpful too.
[eirtae:rw] warning: PLATFORM_EC_RSA_EXPONENT_3 (defined at
[eirtae:rw] /mnt/host/source/src/platform/ec/zephyr/Kconfig.rsa:21) was assigned the value 'y' but got the value
[eirtae:rw] 'n'. Check these unsatisfied dependencies: PLATFORM_EC_RSA (=n). See
[eirtae:rw] http://docs.zephyrproject.org/latest/kconfig.html#CONFIG_PLATFORM_EC_RSA_EXPONENT_3 and/or look up
[eirtae:rw] PLATFORM_EC_RSA_EXPONENT_3 in the menuconfig/guiconfig interface. The Application Development
[eirtae:rw] Primer, Setting Configuration Values, and Kconfig - Tips and Best Practices sections of the manual
[eirtae:rw] might be helpful too.
[eirtae:rw] warning: Deprecated symbol I2C_ALLOW_NO_STOP_TRANSACTIONS is enabled.
[yaviks:ro] /mnt/host/source/src/platform/ec/build/zephyr/yaviks/build-ro/zephyr/zephyr.dts:1224.27-1953.5: Warning (avoid_unnecessary_addr_size): /soc/pin-controller: unnecessary #address-cells/#size-cells without "ranges" or child "reg" property
[yaviks:ro] /mnt/host/source/src/platform/ec/build/zephyr/yaviks/build-ro/zephyr/zephyr.dts:2874.9-2882.5: Warning (gpios_property): /fans/fan_0: Missing property '#gpio-cells' in node /named-gpios/fan-enable or bad phandle (referred from enable-gpio[0])
[ponyta:rw] [24/396] Building C object CMakeFiles/app.dir/mnt/host/source/src/platform/ec/build/zephyr/ponyta/modules/ec/common/util.c.obj
[yaviks:rw] /mnt/host/source/src/platform/ec/build/zephyr/yaviks/build-rw/zephyr/zephyr.dts:1224.27-1953.5: Warning (avoid_unnecessary_addr_size): /soc/pin-controller: unnecessary #address-cells/#size-cells without "ranges" or child "reg" property
[luuke:rw] /mnt/host/source/src/platform/ec/build/zephyr/luuke/build-rw/zephyr/zephyr.dts:1260.27-1970.5: Warning (avoid_unnecessary_addr_size): /soc/pin-controller: unnecessary #address-cells/#size-cells without "ranges" or child "reg" property
[luuke:ro] /mnt/host/source/src/platform/ec/build/zephyr/luuke/build-ro/zephyr/zephyr.dts:1260.27-1970.5: Warning (avoid_unnecessary_addr_size): /soc/pin-controller: unnecessary #address-cells/#size-cells without "ranges" or child "reg" property
[/mnt/host/source/src/platform/ec/build/zephyr/uldrenite-lcov]   /mnt/host/source/src/platform/ec/build/zephyr/uldrenite/build-rw/zephyr/CMakeFiles/zephyr.dir/lib/libc/validate_libc.c.gcno:no functions found
[/mnt/host/source/src/platform/ec/build/zephyr/uldrenite-lcov] stderr:
[ponyta:rw] [25/396] Building C object CMakeFiles/app.dir/mnt/host/source/src/platform/ec/build/zephyr/ponyta/modules/ec/common/version.c.obj
[eirtae:rw] Parsing /mnt/host/source/src/platform/ec/zephyr/program/roach/Kconfig
[frostflow:ro] /mnt/host/source/src/platform/ec/build/zephyr/frostflow/build-ro/zephyr/zephyr.dts:4194.15-4202.5: Warning (gpios_property): /fans/fan_0: Missing property '#gpio-cells' in node /named-gpios/pg_pcore_s0_r_od or bad phandle (referred from pgood-gpio[0])
[anraggar:ro] /mnt/host/source/src/platform/ec/build/zephyr/anraggar/build-ro/zephyr/zephyr.dts:1213.27-1907.5: Warning (avoid_unnecessary_addr_size): /soc/pin-controller: unnecessary #address-cells/#size-cells without "ranges" or child "reg" property
[anraggar:rw] /mnt/host/source/src/platform/ec/build/zephyr/anraggar/build-rw/zephyr/zephyr.dts:1213.27-1907.5: Warning (avoid_unnecessary_addr_size): /soc/pin-controller: unnecessary #address-cells/#size-cells without "ranges" or child "reg" property
[ponyta:ro] [17/396] Building C object CMakeFiles/app.dir/mnt/host/source/src/platform/ec/build/zephyr/ponyta/modules/ec/common/gpio_commands.c.obj
[/mnt/host/source/src/platform/ec/build/zephyr/vader-lcov]   /mnt/host/source/src/platform/ec/build/zephyr/vader/build-rw/CMakeFiles/app.dir/mnt/host/source/src/platform/ec/build/zephyr/vader/modules/ec/common/cbi_config.c.gcno:no functions found
[/mnt/host/source/src/platform/ec/build/zephyr/vader-lcov] stderr:
[ponyta:rw] [26/396] Building C object CMakeFiles/app.dir/mnt/host/source/src/platform/ec/build/zephyr/ponyta/modules/ec/driver/accel_bma4xx.c.obj
[matsu-ish:singleimage] warning: Deprecated symbol I2C_ALLOW_NO_STOP_TRANSACTIONS is enabled.
[ponyta:rw] [27/396] Building C object CMakeFiles/app.dir/mnt/host/source/src/platform/ec/build/zephyr/ponyta/modules/ec/driver/accel_lis2dw12.c.obj
[eirtae:rw] Loaded configuration '/mnt/host/source/src/platform/ec/zephyr/boards/google/it8xxx2/it8xxx2_it82202ax_512_defconfig'
[eirtae:rw] Merged configuration '/mnt/host/source/src/platform/ec/zephyr/program/roach/program.conf'
[eirtae:rw] Merged configuration '/mnt/host/source/src/platform/ec/zephyr/program/roach/eirtae/project.conf'
[eirtae:rw] Merged configuration '/mnt/host/source/src/platform/ec/build/zephyr/eirtae/kconfig-rw.conf'
[eirtae:rw] Configuration saved to '/mnt/host/source/src/platform/ec/build/zephyr/eirtae/build-rw/zephyr/.config'
[eirtae:rw] Kconfig header saved to '/mnt/host/source/src/platform/ec/build/zephyr/eirtae/build-rw/zephyr/include/generated/zephyr/autoconf.h'
[eirtae:rw] -- Found GnuLd: /home/jpmurphy/.cache/coreboot-sdk/riscv64-elf/96b949749225b6aaa92ed810ab769e8dfb12f000/riscv64-elf/bin/ld.bfd (found version "2.43.1")
[/mnt/host/source/src/platform/ec/build/zephyr/uldrenite-lcov]   /mnt/host/source/src/platform/ec/build/zephyr/uldrenite/build-rw/zephyr/CMakeFiles/zephyr.dir/lib/utils/last_section_id.c.gcno:no functions found
[/mnt/host/source/src/platform/ec/build/zephyr/uldrenite-lcov] stderr:
[eirtae:rw] -- The C compiler identification is GNU 14.2.0
[ponyta:ro] [18/396] Building C object CMakeFiles/app.dir/mnt/host/source/src/platform/ec/build/zephyr/ponyta/modules/ec/common/peripheral.c.obj
[eirtae:rw] -- The CXX compiler identification is GNU 14.2.0
[matsu-ish:singleimage] Parsing /mnt/host/source/src/platform/ec/zephyr/program/ocelot/Kconfig
[eirtae:rw] -- The ASM compiler identification is GNU
[eirtae:rw] -- Found assembler: /home/jpmurphy/.cache/coreboot-sdk/riscv64-elf/96b949749225b6aaa92ed810ab769e8dfb12f000/bin/riscv64-elf-gcc
[eirtae:rw] CMake Warning at /mnt/host/source/src/platform/ec/zephyr/cmake/linker/ld/linker_libraries.cmake:11 (message):
[eirtae:rw]   Disabling c_library
[eirtae:rw] Call Stack (most recent call first):
[eirtae:rw]   /mnt/host/source/src/third_party/zephyr/main/cmake/target_toolchain_flags.cmake:48 (include)
[eirtae:rw]   /mnt/host/source/src/third_party/zephyr/main/cmake/modules/kernel.cmake:153 (include)
[eirtae:rw]   /mnt/host/source/src/third_party/zephyr/main/cmake/modules/zephyr_default.cmake:138 (include)
[ponyta:rw] [28/396] Building C object CMakeFiles/app.dir/mnt/host/source/src/platform/ec/build/zephyr/ponyta/modules/ec/driver/accelgyro_bmi_common.c.obj
[/mnt/host/source/src/platform/ec/build/zephyr/vader-lcov]   /mnt/host/source/src/platform/ec/build/zephyr/vader/build-rw/zephyr/arch/arch/arm/core/mpu/CMakeFiles/arch__arm__core__mpu.dir/arm_mpu_regions.c.gcno:no functions found
[/mnt/host/source/src/platform/ec/build/zephyr/vader-lcov] stderr:
[ponyta:rw] [29/396] Building C object CMakeFiles/app.dir/mnt/host/source/src/platform/ec/build/zephyr/ponyta/modules/ec/driver/accelgyro_bmi3xx.c.obj
[eirtae:rw] -- Performing EC specific devicetree checks
[ponyta:ro] [19/396] Building C object CMakeFiles/app.dir/mnt/host/source/src/platform/ec/build/zephyr/ponyta/modules/ec/common/printf.c.obj
[yaviks:ro] warning: PLATFORM_EC_ACCEL_FIFO (defined at
[yaviks:ro] /mnt/host/source/src/platform/ec/zephyr/Kconfig.motionsense:46) was assigned the value 'y' but got
[yaviks:ro] the value 'n'. Check these unsatisfied dependencies: PLATFORM_EC_MOTIONSENSE (=n). See
[yaviks:ro] http://docs.zephyrproject.org/latest/kconfig.html#CONFIG_PLATFORM_EC_ACCEL_FIFO and/or look up
[yaviks:ro] PLATFORM_EC_ACCEL_FIFO in the menuconfig/guiconfig interface. The Application Development Primer,
[yaviks:ro] Setting Configuration Values, and Kconfig - Tips and Best Practices sections of the manual might be
[yaviks:ro] helpful too.
[yaviks:ro] warning: PLATFORM_EC_SENSOR_TIGHT_TIMESTAMPS (defined at
[yaviks:ro] /mnt/host/source/src/platform/ec/zephyr/Kconfig.motionsense:69) was assigned the value 'y' but got
[yaviks:ro] the value 'n'. Check these unsatisfied dependencies: PLATFORM_EC_MOTIONSENSE (=n). See
[yaviks:ro] http://docs.zephyrproject.org/latest/kconfig.html#CONFIG_PLATFORM_EC_SENSOR_TIGHT_TIMESTAMPS and/or
[yaviks:ro] look up PLATFORM_EC_SENSOR_TIGHT_TIMESTAMPS in the menuconfig/guiconfig interface. The Application
[yaviks:ro] Development Primer, Setting Configuration Values, and Kconfig - Tips and Best Practices sections of
[yaviks:ro] the manual might be helpful too.
[yaviks:ro] warning: PLATFORM_EC_MAX_SENSOR_FREQ_MILLIHZ (defined at
[yaviks:ro] /mnt/host/source/src/platform/ec/zephyr/Kconfig.motionsense:96) was assigned the value '100000' but
[yaviks:ro] got the value ''. Check these unsatisfied dependencies: PLATFORM_EC_MOTIONSENSE (=n). See
[yaviks:ro] http://docs.zephyrproject.org/latest/kconfig.html#CONFIG_PLATFORM_EC_MAX_SENSOR_FREQ_MILLIHZ and/or
[yaviks:ro] look up PLATFORM_EC_MAX_SENSOR_FREQ_MILLIHZ in the menuconfig/guiconfig interface. The Application
[yaviks:ro] Development Primer, Setting Configuration Values, and Kconfig - Tips and Best Practices sections of
[yaviks:ro] the manual might be helpful too.
[yaviks:ro] warning: PLATFORM_EC_LID_ANGLE (defined at
[yaviks:ro] /mnt/host/source/src/platform/ec/zephyr/Kconfig.motionsense:116) was assigned the value 'y' but got
[yaviks:ro] the value 'n'. Check these unsatisfied dependencies: PLATFORM_EC_MOTIONSENSE (=n). See
[yaviks:ro] http://docs.zephyrproject.org/latest/kconfig.html#CONFIG_PLATFORM_EC_LID_ANGLE and/or look up
[yaviks:ro] PLATFORM_EC_LID_ANGLE in the menuconfig/guiconfig interface. The Application Development Primer,
[yaviks:ro] Setting Configuration Values, and Kconfig - Tips and Best Practices sections of the manual might be
[yaviks:ro] helpful too.
[yaviks:ro] warning: PLATFORM_EC_LID_ANGLE_UPDATE (defined at
[yaviks:ro] /mnt/host/source/src/platform/ec/zephyr/Kconfig.motionsense:127) was assigned the value 'y' but got
[yaviks:ro] the value 'n'. Check these unsatisfied dependencies: PLATFORM_EC_LID_ANGLE (=n),
[yaviks:ro] PLATFORM_EC_MOTIONSENSE (=n). See
[yaviks:ro] http://docs.zephyrproject.org/latest/kconfig.html#CONFIG_PLATFORM_EC_LID_ANGLE_UPDATE and/or look up
[yaviks:ro] PLATFORM_EC_LID_ANGLE_UPDATE in the menuconfig/guiconfig interface. The Application Development
[yaviks:ro] Primer, Setting Configuration Values, and Kconfig - Tips and Best Practices sections of the manual
[yaviks:ro] might be helpful too.
[yaviks:ro] warning: PLATFORM_EC_CONSOLE_CMD_ACCELS (defined at
[yaviks:ro] /mnt/host/source/src/platform/ec/zephyr/Kconfig.motionsense:143) was assigned the value 'y' but got
[yaviks:ro] the value 'n'. Check these unsatisfied dependencies: PLATFORM_EC_MOTIONSENSE (=n). See
[yaviks:ro] http://docs.zephyrproject.org/latest/kconfig.html#CONFIG_PLATFORM_EC_CONSOLE_CMD_ACCELS and/or look
[yaviks:ro] up PLATFORM_EC_CONSOLE_CMD_ACCELS in the menuconfig/guiconfig interface. The Application Development
[yaviks:ro] Primer, Setting Configuration Values, and Kconfig - Tips and Best Practices sections of the manual
[yaviks:ro] might be helpful too.
[yaviks:ro] warning: PLATFORM_EC_CONSOLE_CMD_ACCEL_INFO (defined at
[yaviks:ro] /mnt/host/source/src/platform/ec/zephyr/Kconfig.motionsense:159) was assigned the value 'y' but got
[yaviks:ro] the value 'n'. Check these unsatisfied dependencies: PLATFORM_EC_CONSOLE_CMD_ACCELS (=n),
[yaviks:ro] PLATFORM_EC_MOTIONSENSE (=n). See
[yaviks:ro] http://docs.zephyrproject.org/latest/kconfig.html#CONFIG_PLATFORM_EC_CONSOLE_CMD_ACCEL_INFO and/or
[yaviks:ro] look up PLATFORM_EC_CONSOLE_CMD_ACCEL_INFO in the menuconfig/guiconfig interface. The Application
[yaviks:ro] Development Primer, Setting Configuration Values, and Kconfig - Tips and Best Practices sections of
[yaviks:ro] the manual might be helpful too.
[yaviks:ro] warning: TASK_HOSTCMD_STACK_SIZE (defined at
[yaviks:ro] /mnt/host/source/src/platform/ec/zephyr/Kconfig.stacks:52,
[yaviks:ro] /mnt/host/source/src/platform/ec/zephyr/Kconfig.tasks:123) was assigned the value '1280' but got the
[yaviks:ro] value '1152'. See http://docs.zephyrproject.org/latest/kconfig.html#CONFIG_TASK_HOSTCMD_STACK_SIZE
[yaviks:ro] and/or look up TASK_HOSTCMD_STACK_SIZE in the menuconfig/guiconfig interface. The Application
[yaviks:ro] Development Primer, Setting Configuration Values, and Kconfig - Tips and Best Practices sections of
[yaviks:ro] the manual might be helpful too.
[yaviks:ro] warning: PLATFORM_EC_TABLET_MODE_SWITCH (defined at
[yaviks:ro] /mnt/host/source/src/platform/ec/zephyr/Kconfig.tabletmode:15) was assigned the value 'y' but got
[yaviks:ro] the value 'n'. Check these unsatisfied dependencies: PLATFORM_EC_TABLET_MODE (=n). See
[yaviks:ro] http://docs.zephyrproject.org/latest/kconfig.html#CONFIG_PLATFORM_EC_TABLET_MODE_SWITCH and/or look
[yaviks:ro] up PLATFORM_EC_TABLET_MODE_SWITCH in the menuconfig/guiconfig interface. The Application Development
[yaviks:ro] Primer, Setting Configuration Values, and Kconfig - Tips and Best Practices sections of the manual
[yaviks:ro] might be helpful too.
[yaviks:ro] warning: PLATFORM_EC_GMR_TABLET_MODE (defined at
[yaviks:ro] /mnt/host/source/src/platform/ec/zephyr/Kconfig.tabletmode:22) was assigned the value 'y' but got
[yaviks:ro] the value 'n'. Check these unsatisfied dependencies: PLATFORM_EC_TABLET_MODE (=n). See
[yaviks:ro] http://docs.zephyrproject.org/latest/kconfig.html#CONFIG_PLATFORM_EC_GMR_TABLET_MODE and/or look up
[yaviks:ro] PLATFORM_EC_GMR_TABLET_MODE in the menuconfig/guiconfig interface. The Application Development
[yaviks:ro] Primer, Setting Configuration Values, and Kconfig - Tips and Best Practices sections of the manual
[yaviks:ro] might be helpful too.
[eirtae:rw]   /mnt/host/source/src/third_party/zephyr/main/share/zephyr-package/cmake/ZephyrConfig.cmake:66 (include)
[eirtae:rw]   /mnt/host/source/src/third_party/zephyr/main/share/zephyr-package/cmake/ZephyrConfig.cmake:97 (include_boilerplate)
[eirtae:rw]   CMakeLists.txt:7 (find_package)
[eirtae:rw] INFO: Verified 3 GPIOs, no duplicates found
[matsu-ish:singleimage] Loaded configuration '/mnt/host/source/src/third_party/zephyr/main/boards/intel/ish/intel_ish_5_8_0_defconfig'
[matsu-ish:singleimage] Merged configuration '/mnt/host/source/src/platform/ec/zephyr/program/ocelot/matsu-ish/prj.conf'
[matsu-ish:singleimage] Merged configuration '/mnt/host/source/src/platform/ec/zephyr/program/ocelot/matsu-ish/motionsense.conf'
[matsu-ish:singleimage] Merged configuration '/mnt/host/source/src/platform/ec/build/zephyr/matsu-ish/kconfig-singleimage.conf'
[matsu-ish:singleimage] Configuration saved to '/mnt/host/source/src/platform/ec/build/zephyr/matsu-ish/build-singleimage/zephyr/.config'
[matsu-ish:singleimage] Kconfig header saved to '/mnt/host/source/src/platform/ec/build/zephyr/matsu-ish/build-singleimage/zephyr/include/generated/zephyr/autoconf.h'
[matsu-ish:singleimage] -- Found GnuLd: /home/jpmurphy/.cache/coreboot-sdk/i386-elf/dfbb0486385d938cfa9d73080b9d18d598ed4f49/i386-elf/bin/ld.bfd (found version "2.43.1")
[yaviks:rw] /mnt/host/source/src/platform/ec/build/zephyr/yaviks/build-rw/zephyr/zephyr.dts:2874.9-2882.5: Warning (gpios_property): /fans/fan_0: Missing property '#gpio-cells' in node /named-gpios/fan-enable or bad phandle (referred from enable-gpio[0])
[yaviks:rw] warning: PLATFORM_EC_ACCEL_FIFO (defined at
[yaviks:rw] /mnt/host/source/src/platform/ec/zephyr/Kconfig.motionsense:46) was assigned the value 'y' but got
[yaviks:rw] the value 'n'. Check these unsatisfied dependencies: PLATFORM_EC_MOTIONSENSE (=n). See
[yaviks:rw] http://docs.zephyrproject.org/latest/kconfig.html#CONFIG_PLATFORM_EC_ACCEL_FIFO and/or look up
[yaviks:rw] PLATFORM_EC_ACCEL_FIFO in the menuconfig/guiconfig interface. The Application Development Primer,
[yaviks:rw] Setting Configuration Values, and Kconfig - Tips and Best Practices sections of the manual might be
[yaviks:rw] helpful too.
[yaviks:rw] warning: PLATFORM_EC_SENSOR_TIGHT_TIMESTAMPS (defined at
[yaviks:rw] /mnt/host/source/src/platform/ec/zephyr/Kconfig.motionsense:69) was assigned the value 'y' but got
[yaviks:rw] the value 'n'. Check these unsatisfied dependencies: PLATFORM_EC_MOTIONSENSE (=n). See
[yaviks:rw] http://docs.zephyrproject.org/latest/kconfig.html#CONFIG_PLATFORM_EC_SENSOR_TIGHT_TIMESTAMPS and/or
[yaviks:rw] look up PLATFORM_EC_SENSOR_TIGHT_TIMESTAMPS in the menuconfig/guiconfig interface. The Application
[yaviks:rw] Development Primer, Setting Configuration Values, and Kconfig - Tips and Best Practices sections of
[yaviks:rw] the manual might be helpful too.
[yaviks:rw] warning: PLATFORM_EC_MAX_SENSOR_FREQ_MILLIHZ (defined at
[yaviks:rw] /mnt/host/source/src/platform/ec/zephyr/Kconfig.motionsense:96) was assigned the value '100000' but
[yaviks:rw] got the value ''. Check these unsatisfied dependencies: PLATFORM_EC_MOTIONSENSE (=n). See
[yaviks:rw] http://docs.zephyrproject.org/latest/kconfig.html#CONFIG_PLATFORM_EC_MAX_SENSOR_FREQ_MILLIHZ and/or
[yaviks:rw] look up PLATFORM_EC_MAX_SENSOR_FREQ_MILLIHZ in the menuconfig/guiconfig interface. The Application
[yaviks:rw] Development Primer, Setting Configuration Values, and Kconfig - Tips and Best Practices sections of
[yaviks:rw] the manual might be helpful too.
[yaviks:rw] warning: PLATFORM_EC_LID_ANGLE (defined at
[yaviks:rw] /mnt/host/source/src/platform/ec/zephyr/Kconfig.motionsense:116) was assigned the value 'y' but got
[yaviks:rw] the value 'n'. Check these unsatisfied dependencies: PLATFORM_EC_MOTIONSENSE (=n). See
[yaviks:rw] http://docs.zephyrproject.org/latest/kconfig.html#CONFIG_PLATFORM_EC_LID_ANGLE and/or look up
[yaviks:rw] PLATFORM_EC_LID_ANGLE in the menuconfig/guiconfig interface. The Application Development Primer,
[yaviks:rw] Setting Configuration Values, and Kconfig - Tips and Best Practices sections of the manual might be
[yaviks:rw] helpful too.
[yaviks:rw] warning: PLATFORM_EC_LID_ANGLE_UPDATE (defined at
[yaviks:rw] /mnt/host/source/src/platform/ec/zephyr/Kconfig.motionsense:127) was assigned the value 'y' but got
[yaviks:rw] the value 'n'. Check these unsatisfied dependencies: PLATFORM_EC_LID_ANGLE (=n),
[yaviks:rw] PLATFORM_EC_MOTIONSENSE (=n). See
[yaviks:rw] http://docs.zephyrproject.org/latest/kconfig.html#CONFIG_PLATFORM_EC_LID_ANGLE_UPDATE and/or look up
[yaviks:rw] PLATFORM_EC_LID_ANGLE_UPDATE in the menuconfig/guiconfig interface. The Application Development
[yaviks:rw] Primer, Setting Configuration Values, and Kconfig - Tips and Best Practices sections of the manual
[yaviks:rw] might be helpful too.
[yaviks:rw] warning: PLATFORM_EC_CONSOLE_CMD_ACCELS (defined at
[yaviks:rw] /mnt/host/source/src/platform/ec/zephyr/Kconfig.motionsense:143) was assigned the value 'y' but got
[yaviks:rw] the value 'n'. Check these unsatisfied dependencies: PLATFORM_EC_MOTIONSENSE (=n). See
[yaviks:rw] http://docs.zephyrproject.org/latest/kconfig.html#CONFIG_PLATFORM_EC_CONSOLE_CMD_ACCELS and/or look
[yaviks:rw] up PLATFORM_EC_CONSOLE_CMD_ACCELS in the menuconfig/guiconfig interface. The Application Development
[yaviks:rw] Primer, Setting Configuration Values, and Kconfig - Tips and Best Practices sections of the manual
[yaviks:rw] might be helpful too.
[yaviks:rw] warning: PLATFORM_EC_CONSOLE_CMD_ACCEL_INFO (defined at
[yaviks:rw] /mnt/host/source/src/platform/ec/zephyr/Kconfig.motionsense:159) was assigned the value 'y' but got
[yaviks:rw] the value 'n'. Check these unsatisfied dependencies: PLATFORM_EC_CONSOLE_CMD_ACCELS (=n),
[yaviks:rw] PLATFORM_EC_MOTIONSENSE (=n). See
[yaviks:rw] http://docs.zephyrproject.org/latest/kconfig.html#CONFIG_PLATFORM_EC_CONSOLE_CMD_ACCEL_INFO and/or
[yaviks:rw] look up PLATFORM_EC_CONSOLE_CMD_ACCEL_INFO in the menuconfig/guiconfig interface. The Application
[yaviks:rw] Development Primer, Setting Configuration Values, and Kconfig - Tips and Best Practices sections of
[yaviks:rw] the manual might be helpful too.
[yaviks:rw] warning: TASK_HOSTCMD_STACK_SIZE (defined at
[yaviks:rw] /mnt/host/source/src/platform/ec/zephyr/Kconfig.stacks:52,
[yaviks:rw] /mnt/host/source/src/platform/ec/zephyr/Kconfig.tasks:123) was assigned the value '1280' but got the
[yaviks:rw] value '1152'. See http://docs.zephyrproject.org/latest/kconfig.html#CONFIG_TASK_HOSTCMD_STACK_SIZE
[yaviks:rw] and/or look up TASK_HOSTCMD_STACK_SIZE in the menuconfig/guiconfig interface. The Application
[yaviks:rw] Development Primer, Setting Configuration Values, and Kconfig - Tips and Best Practices sections of
[yaviks:rw] the manual might be helpful too.
[yaviks:rw] warning: PLATFORM_EC_TABLET_MODE_SWITCH (defined at
[yaviks:rw] /mnt/host/source/src/platform/ec/zephyr/Kconfig.tabletmode:15) was assigned the value 'y' but got
[yaviks:rw] the value 'n'. Check these unsatisfied dependencies: PLATFORM_EC_TABLET_MODE (=n). See
[yaviks:rw] http://docs.zephyrproject.org/latest/kconfig.html#CONFIG_PLATFORM_EC_TABLET_MODE_SWITCH and/or look
[yaviks:rw] up PLATFORM_EC_TABLET_MODE_SWITCH in the menuconfig/guiconfig interface. The Application Development
[yaviks:rw] Primer, Setting Configuration Values, and Kconfig - Tips and Best Practices sections of the manual
[yaviks:rw] might be helpful too.
[yaviks:rw] warning: PLATFORM_EC_GMR_TABLET_MODE (defined at
[yaviks:rw] /mnt/host/source/src/platform/ec/zephyr/Kconfig.tabletmode:22) was assigned the value 'y' but got
[yaviks:rw] the value 'n'. Check these unsatisfied dependencies: PLATFORM_EC_TABLET_MODE (=n). See
[yaviks:rw] http://docs.zephyrproject.org/latest/kconfig.html#CONFIG_PLATFORM_EC_GMR_TABLET_MODE and/or look up
[yaviks:rw] PLATFORM_EC_GMR_TABLET_MODE in the menuconfig/guiconfig interface. The Application Development
[yaviks:rw] Primer, Setting Configuration Values, and Kconfig - Tips and Best Practices sections of the manual
[yaviks:rw] might be helpful too.
[yaviks:rw] warning: Deprecated symbol I2C_ALLOW_NO_STOP_TRANSACTIONS is enabled.
[matsu-ish:singleimage] -- The C compiler identification is GNU 14.2.0
[luuke:ro] warning: Deprecated symbol I2C_ALLOW_NO_STOP_TRANSACTIONS is enabled.
[eirtae:rw] -- Generating component manifest file
[ponyta:rw] [30/396] Building C object CMakeFiles/app.dir/mnt/host/source/src/platform/ec/build/zephyr/ponyta/modules/ec/driver/accelgyro_lsm6dsm.c.obj
[matsu-ish:singleimage] -- The CXX compiler identification is GNU 14.2.0
[yaviks:ro] Parsing /mnt/host/source/src/platform/ec/zephyr/program/nissa/Kconfig
[/mnt/host/source/src/platform/ec/build/zephyr/vader-lcov]   /mnt/host/source/src/platform/ec/build/zephyr/vader/build-rw/zephyr/arch/common/CMakeFiles/isr_tables.dir/isr_tables.c.gcno:no functions found
[/mnt/host/source/src/platform/ec/build/zephyr/vader-lcov] stderr:
[eirtae:rw] INFO: Verified 66 '*-gpios' properties, all flags match.
[eirtae:rw] INFO: Skipped 1 named-gpios children.
[eirtae:rw] INFO: Running CME, outputting to /mnt/host/source/src/platform/ec/build/zephyr/eirtae/build-rw/zephyr/component_manifest.json
[eirtae:rw] INFO: Project eirtae does not support SSFC
[eirtae:rw] INFO: No usbc node found
[eirtae:rw] INFO: No motionsense-sensor node found
[matsu-ish:singleimage] -- The ASM compiler identification is GNU
[matsu-ish:singleimage] -- Found assembler: /home/jpmurphy/.cache/coreboot-sdk/i386-elf/dfbb0486385d938cfa9d73080b9d18d598ed4f49/bin/i386-elf-gcc
[matsu-ish:singleimage] CMake Warning at /mnt/host/source/src/platform/ec/zephyr/cmake/linker/ld/linker_libraries.cmake:11 (message):
[matsu-ish:singleimage]   Disabling c_library
[matsu-ish:singleimage] Call Stack (most recent call first):
[matsu-ish:singleimage]   /mnt/host/source/src/third_party/zephyr/main/cmake/target_toolchain_flags.cmake:48 (include)
[matsu-ish:singleimage]   /mnt/host/source/src/third_party/zephyr/main/cmake/modules/kernel.cmake:153 (include)
[matsu-ish:singleimage]   /mnt/host/source/src/third_party/zephyr/main/cmake/modules/zephyr_default.cmake:138 (include)
[matsu-ish:singleimage]   /mnt/host/source/src/third_party/zephyr/main/share/zephyr-package/cmake/ZephyrConfig.cmake:66 (include)
[matsu-ish:singleimage]   /mnt/host/source/src/third_party/zephyr/main/share/zephyr-package/cmake/ZephyrConfig.cmake:97 (include_boilerplate)
[matsu-ish:singleimage]   CMakeLists.txt:7 (find_package)
[ponyta:rw] [31/396] Building C object CMakeFiles/app.dir/mnt/host/source/src/platform/ec/build/zephyr/ponyta/modules/ec/common/motion_sense_fifo.c.obj
[frostflow:ro] warning: PLATFORM_EC_PANIC_LOG (defined at /mnt/host/source/src/platform/ec/zephyr/Kconfig.panic:53)
[frostflow:ro] was assigned the value 'y' but got the value 'n'. Check these unsatisfied dependencies: (!CROS_EC_RO
[frostflow:ro] || ZTEST) (=n). See http://docs.zephyrproject.org/latest/kconfig.html#CONFIG_PLATFORM_EC_PANIC_LOG
[frostflow:ro] and/or look up PLATFORM_EC_PANIC_LOG in the menuconfig/guiconfig interface. The Application
[frostflow:ro] Development Primer, Setting Configuration Values, and Kconfig - Tips and Best Practices sections of
[frostflow:ro] the manual might be helpful too.
[anraggar:ro] warning: PLATFORM_EC_I2C_VIRTUAL_BATTERY_ADDR (defined at
[anraggar:ro] /mnt/host/source/src/platform/ec/zephyr/Kconfig.battery:130) was assigned the value '0x0f' but got
[anraggar:ro] the value ''. Check these unsatisfied dependencies: PLATFORM_EC_I2C_VIRTUAL_BATTERY (=n). See
[anraggar:ro] http://docs.zephyrproject.org/latest/kconfig.html#CONFIG_PLATFORM_EC_I2C_VIRTUAL_BATTERY_ADDR and/or
[anraggar:ro] look up PLATFORM_EC_I2C_VIRTUAL_BATTERY_ADDR in the menuconfig/guiconfig interface. The Application
[anraggar:ro] Development Primer, Setting Configuration Values, and Kconfig - Tips and Best Practices sections of
[anraggar:ro] the manual might be helpful too.
[anraggar:ro] warning: PLATFORM_EC_SMART_BATTERY_OPTIONAL_MFG_FUNC (defined at
[anraggar:ro] /mnt/host/source/src/platform/ec/zephyr/Kconfig.battery:341) was assigned the value 'y' but got the
[anraggar:ro] value 'n'. Check these unsatisfied dependencies: PLATFORM_EC_I2C_VIRTUAL_BATTERY (=n). See
[anraggar:ro] http://docs.zephyrproject.org/latest/kconfig.html#CONFIG_PLATFORM_EC_SMART_BATTERY_OPTIONAL_MFG_FUNC
[anraggar:ro] and/or look up PLATFORM_EC_SMART_BATTERY_OPTIONAL_MFG_FUNC in the menuconfig/guiconfig interface.
[anraggar:ro] The Application Development Primer, Setting Configuration Values, and Kconfig - Tips and Best
[anraggar:ro] Practices sections of the manual might be helpful too.
[anraggar:ro] warning: PLATFORM_EC_OCPC_DEF_RBATT_MOHMS (defined at
[anraggar:ro] /mnt/host/source/src/platform/ec/zephyr/Kconfig.charger:279) was assigned the value '21' but got the
[anraggar:ro] value ''. Check these unsatisfied dependencies: PLATFORM_EC_OCPC (=n). See
[anraggar:ro] http://docs.zephyrproject.org/latest/kconfig.html#CONFIG_PLATFORM_EC_OCPC_DEF_RBATT_MOHMS and/or
[anraggar:ro] look up PLATFORM_EC_OCPC_DEF_RBATT_MOHMS in the menuconfig/guiconfig interface. The Application
[anraggar:ro] Development Primer, Setting Configuration Values, and Kconfig - Tips and Best Practices sections of
[anraggar:ro] the manual might be helpful too.
[anraggar:ro] warning: PLATFORM_EC_OCPC_DEF_DRIVELIMIT_MILLIVOLTS (defined at
[anraggar:ro] /mnt/host/source/src/platform/ec/zephyr/Kconfig.charger:288) was assigned the value '200' but got
[anraggar:ro] the value ''. Check these unsatisfied dependencies: PLATFORM_EC_OCPC (=n). See
[anraggar:ro] http://docs.zephyrproject.org/latest/kconfig.html#CONFIG_PLATFORM_EC_OCPC_DEF_DRIVELIMIT_MILLIVOLTS
[anraggar:ro] and/or look up PLATFORM_EC_OCPC_DEF_DRIVELIMIT_MILLIVOLTS in the menuconfig/guiconfig interface. The
[anraggar:ro] Application Development Primer, Setting Configuration Values, and Kconfig - Tips and Best Practices
[anraggar:ro] sections of the manual might be helpful too.
[anraggar:ro] warning: TASK_HOSTCMD_STACK_SIZE (defined at
[anraggar:ro] /mnt/host/source/src/platform/ec/zephyr/Kconfig.stacks:52,
[anraggar:ro] /mnt/host/source/src/platform/ec/zephyr/Kconfig.tasks:123) was assigned the value '1280' but got the
[anraggar:ro] value '1152'. See http://docs.zephyrproject.org/latest/kconfig.html#CONFIG_TASK_HOSTCMD_STACK_SIZE
[anraggar:ro] and/or look up TASK_HOSTCMD_STACK_SIZE in the menuconfig/guiconfig interface. The Application
[anraggar:ro] Development Primer, Setting Configuration Values, and Kconfig - Tips and Best Practices sections of
[anraggar:ro] the manual might be helpful too.
[anraggar:ro] warning: Deprecated symbol I2C_ALLOW_NO_STOP_TRANSACTIONS is enabled.
[yaviks:rw] Parsing /mnt/host/source/src/platform/ec/zephyr/program/nissa/Kconfig
[anraggar:rw] warning: PLATFORM_EC_I2C_VIRTUAL_BATTERY_ADDR (defined at
[anraggar:rw] /mnt/host/source/src/platform/ec/zephyr/Kconfig.battery:130) was assigned the value '0x0f' but got
[anraggar:rw] the value ''. Check these unsatisfied dependencies: PLATFORM_EC_I2C_VIRTUAL_BATTERY (=n). See
[anraggar:rw] http://docs.zephyrproject.org/latest/kconfig.html#CONFIG_PLATFORM_EC_I2C_VIRTUAL_BATTERY_ADDR and/or
[anraggar:rw] look up PLATFORM_EC_I2C_VIRTUAL_BATTERY_ADDR in the menuconfig/guiconfig interface. The Application
[anraggar:rw] Development Primer, Setting Configuration Values, and Kconfig - Tips and Best Practices sections of
[anraggar:rw] the manual might be helpful too.
[anraggar:rw] warning: PLATFORM_EC_SMART_BATTERY_OPTIONAL_MFG_FUNC (defined at
[anraggar:rw] /mnt/host/source/src/platform/ec/zephyr/Kconfig.battery:341) was assigned the value 'y' but got the
[anraggar:rw] value 'n'. Check these unsatisfied dependencies: PLATFORM_EC_I2C_VIRTUAL_BATTERY (=n). See
[anraggar:rw] http://docs.zephyrproject.org/latest/kconfig.html#CONFIG_PLATFORM_EC_SMART_BATTERY_OPTIONAL_MFG_FUNC
[anraggar:rw] and/or look up PLATFORM_EC_SMART_BATTERY_OPTIONAL_MFG_FUNC in the menuconfig/guiconfig interface.
[anraggar:rw] The Application Development Primer, Setting Configuration Values, and Kconfig - Tips and Best
[anraggar:rw] Practices sections of the manual might be helpful too.
[anraggar:rw] warning: PLATFORM_EC_OCPC_DEF_RBATT_MOHMS (defined at
[anraggar:rw] /mnt/host/source/src/platform/ec/zephyr/Kconfig.charger:279) was assigned the value '21' but got the
[anraggar:rw] value ''. Check these unsatisfied dependencies: PLATFORM_EC_OCPC (=n). See
[anraggar:rw] http://docs.zephyrproject.org/latest/kconfig.html#CONFIG_PLATFORM_EC_OCPC_DEF_RBATT_MOHMS and/or
[anraggar:rw] look up PLATFORM_EC_OCPC_DEF_RBATT_MOHMS in the menuconfig/guiconfig interface. The Application
[anraggar:rw] Development Primer, Setting Configuration Values, and Kconfig - Tips and Best Practices sections of
[anraggar:rw] the manual might be helpful too.
[anraggar:rw] warning: PLATFORM_EC_OCPC_DEF_DRIVELIMIT_MILLIVOLTS (defined at
[anraggar:rw] /mnt/host/source/src/platform/ec/zephyr/Kconfig.charger:288) was assigned the value '200' but got
[anraggar:rw] the value ''. Check these unsatisfied dependencies: PLATFORM_EC_OCPC (=n). See
[anraggar:rw] http://docs.zephyrproject.org/latest/kconfig.html#CONFIG_PLATFORM_EC_OCPC_DEF_DRIVELIMIT_MILLIVOLTS
[anraggar:rw] and/or look up PLATFORM_EC_OCPC_DEF_DRIVELIMIT_MILLIVOLTS in the menuconfig/guiconfig interface. The
[anraggar:rw] Application Development Primer, Setting Configuration Values, and Kconfig - Tips and Best Practices
[anraggar:rw] sections of the manual might be helpful too.
[anraggar:rw] warning: TASK_HOSTCMD_STACK_SIZE (defined at
[anraggar:rw] /mnt/host/source/src/platform/ec/zephyr/Kconfig.stacks:52,
[anraggar:rw] /mnt/host/source/src/platform/ec/zephyr/Kconfig.tasks:123) was assigned the value '1280' but got the
[anraggar:rw] value '1152'. See http://docs.zephyrproject.org/latest/kconfig.html#CONFIG_TASK_HOSTCMD_STACK_SIZE
[anraggar:rw] and/or look up TASK_HOSTCMD_STACK_SIZE in the menuconfig/guiconfig interface. The Application
[anraggar:rw] Development Primer, Setting Configuration Values, and Kconfig - Tips and Best Practices sections of
[anraggar:rw] the manual might be helpful too.
[luuke:ro] Parsing /mnt/host/source/src/platform/ec/zephyr/program/skywalker/Kconfig
[eirtae:rw] -- warning_base_override: -Wall;-Wformat;-Wformat-security;-Wformat;-Wno-format-zero-length;-Wno-pointer-sign;-Wpointer-arith;-Wexpansion-to-defined
[ponyta:ro] [20/396] Building C object CMakeFiles/app.dir/mnt/host/source/src/platform/ec/build/zephyr/ponyta/modules/ec/common/queue.c.obj
[luuke:rw] Parsing /mnt/host/source/src/platform/ec/zephyr/program/skywalker/Kconfig
[matsu-ish:singleimage] -- Performing EC specific devicetree checks
[matsu-ish:singleimage] INFO: Verified 1 GPIOs, no duplicates found
[frostflow:ro] Parsing /mnt/host/source/src/platform/ec/zephyr/program/skyrim/Kconfig
[eirtae:rw] -- Found gen_kobject_list: /mnt/host/source/src/third_party/zephyr/main/scripts/build/gen_kobject_list.py
[anraggar:ro] Parsing /mnt/host/source/src/platform/ec/zephyr/program/nissa/Kconfig
[eirtae:rw] CMake Warning at /mnt/host/source/src/third_party/zephyr/main/CMakeLists.txt:2359 (message):
[eirtae:rw]   __ASSERT() statements are globally ENABLED
[matsu-ish:singleimage] -- Generating component manifest file
[anraggar:rw] Parsing /mnt/host/source/src/platform/ec/zephyr/program/nissa/Kconfig
[eirtae:rw] -- Configuring done (14.2s)
[matsu-ish:singleimage] INFO: Verified 0 '*-gpios' properties, all flags match.
[matsu-ish:singleimage] INFO: Skipped 1 named-gpios children.
[matsu-ish:singleimage] INFO: Running CME, outputting to /mnt/host/source/src/platform/ec/build/zephyr/matsu-ish/build-singleimage/zephyr/component_manifest.json
[matsu-ish:singleimage] INFO: Project matsu-ish does not support SSFC
[matsu-ish:singleimage] INFO: No usbc node found
[matsu-ish:singleimage] INFO: No motionsense-sensor-alt node found
[/mnt/host/source/src/platform/ec/build/zephyr/uldrenite-lcov]   /mnt/host/source/src/platform/ec/build/zephyr/uldrenite/build-rw/zephyr/CMakeFiles/zephyr.dir/soc/nuvoton/npcx/common/npcxn/registers.c.gcno:no functions found
[/mnt/host/source/src/platform/ec/build/zephyr/uldrenite-lcov] stderr:
[yaviks:ro] Loaded configuration '/mnt/host/source/src/platform/ec/zephyr/boards/google/it8xxx2/it8xxx2_it81302bx_defconfig'
[yaviks:ro] Merged configuration '/mnt/host/source/src/platform/ec/zephyr/program/nissa/program.conf'
[yaviks:ro] Merged configuration '/mnt/host/source/src/platform/ec/zephyr/program/nissa/it8xxx2_program.conf'
[yaviks:ro] Merged configuration '/mnt/host/source/src/platform/ec/zephyr/program/nissa/yaviks/project.conf'
[yaviks:ro] Merged configuration '/mnt/host/source/src/platform/ec/build/zephyr/yaviks/kconfig-ro.conf'
[yaviks:ro] Configuration saved to '/mnt/host/source/src/platform/ec/build/zephyr/yaviks/build-ro/zephyr/.config'
[yaviks:ro] Kconfig header saved to '/mnt/host/source/src/platform/ec/build/zephyr/yaviks/build-ro/zephyr/include/generated/zephyr/autoconf.h'
[yaviks:ro] -- Found GnuLd: /home/jpmurphy/.cache/coreboot-sdk/riscv64-elf/96b949749225b6aaa92ed810ab769e8dfb12f000/riscv64-elf/bin/ld.bfd (found version "2.43.1")
[ponyta:rw] [32/396] Building C object CMakeFiles/app.dir/mnt/host/source/src/platform/ec/build/zephyr/ponyta/modules/ec/common/adc.c.obj
[luuke:rw] Loaded configuration '/mnt/host/source/src/platform/ec/zephyr/boards/google/it8xxx2/it8xxx2_it82002aw_defconfig'
[luuke:rw] Merged configuration '/mnt/host/source/src/platform/ec/zephyr/program/skywalker/program.conf'
[luuke:rw] Merged configuration '/mnt/host/source/src/platform/ec/zephyr/program/skywalker/ite_program.conf'
[luuke:rw] Merged configuration '/mnt/host/source/src/platform/ec/zephyr/program/skywalker/luuke/project.conf'
[luuke:rw] Merged configuration '/mnt/host/source/src/platform/ec/build/zephyr/luuke/kconfig-rw.conf'
[luuke:rw] Configuration saved to '/mnt/host/source/src/platform/ec/build/zephyr/luuke/build-rw/zephyr/.config'
[luuke:rw] Kconfig header saved to '/mnt/host/source/src/platform/ec/build/zephyr/luuke/build-rw/zephyr/include/generated/zephyr/autoconf.h'
[luuke:rw] -- Found GnuLd: /home/jpmurphy/.cache/coreboot-sdk/riscv64-elf/96b949749225b6aaa92ed810ab769e8dfb12f000/riscv64-elf/bin/ld.bfd (found version "2.43.1")
[ponyta:rw] [33/396] Building C object CMakeFiles/app.dir/mnt/host/source/src/platform/ec/build/zephyr/ponyta/modules/ec/common/battery.c.obj
[matsu-ish:singleimage] -- warning_base_override: -Wall;-Wformat;-Wformat-security;-Wformat;-Wno-format-zero-length;-Wno-pointer-sign;-Wpointer-arith;-Wexpansion-to-defined
[yaviks:rw] Loaded configuration '/mnt/host/source/src/platform/ec/zephyr/boards/google/it8xxx2/it8xxx2_it81302bx_defconfig'
[yaviks:rw] Merged configuration '/mnt/host/source/src/platform/ec/zephyr/program/nissa/program.conf'
[yaviks:rw] Merged configuration '/mnt/host/source/src/platform/ec/zephyr/program/nissa/it8xxx2_program.conf'
[yaviks:rw] Merged configuration '/mnt/host/source/src/platform/ec/zephyr/program/nissa/yaviks/project.conf'
[yaviks:rw] Merged configuration '/mnt/host/source/src/platform/ec/build/zephyr/yaviks/kconfig-rw.conf'
[yaviks:rw] Configuration saved to '/mnt/host/source/src/platform/ec/build/zephyr/yaviks/build-rw/zephyr/.config'
[yaviks:rw] Kconfig header saved to '/mnt/host/source/src/platform/ec/build/zephyr/yaviks/build-rw/zephyr/include/generated/zephyr/autoconf.h'
[yaviks:rw] -- Found GnuLd: /home/jpmurphy/.cache/coreboot-sdk/riscv64-elf/96b949749225b6aaa92ed810ab769e8dfb12f000/riscv64-elf/bin/ld.bfd (found version "2.43.1")
[yaviks:ro] -- The C compiler identification is GNU 14.2.0
[luuke:ro] Loaded configuration '/mnt/host/source/src/platform/ec/zephyr/boards/google/it8xxx2/it8xxx2_it82002aw_defconfig'
[luuke:ro] Merged configuration '/mnt/host/source/src/platform/ec/zephyr/program/skywalker/program.conf'
[luuke:ro] Merged configuration '/mnt/host/source/src/platform/ec/zephyr/program/skywalker/ite_program.conf'
[luuke:ro] Merged configuration '/mnt/host/source/src/platform/ec/zephyr/program/skywalker/luuke/project.conf'
[luuke:ro] Merged configuration '/mnt/host/source/src/platform/ec/build/zephyr/luuke/kconfig-ro.conf'
[luuke:ro] Configuration saved to '/mnt/host/source/src/platform/ec/build/zephyr/luuke/build-ro/zephyr/.config'
[luuke:ro] Kconfig header saved to '/mnt/host/source/src/platform/ec/build/zephyr/luuke/build-ro/zephyr/include/generated/zephyr/autoconf.h'
[luuke:ro] -- Found GnuLd: /home/jpmurphy/.cache/coreboot-sdk/riscv64-elf/96b949749225b6aaa92ed810ab769e8dfb12f000/riscv64-elf/bin/ld.bfd (found version "2.43.1")
[eirtae:rw] -- Generating done (0.4s)
[eirtae:rw] CMake Warning:
[eirtae:rw]   Manually-specified variables were not used by the project:
[eirtae:rw]     COREBOOT_SDK_ROOT_arm
[eirtae:rw]     COREBOOT_SDK_ROOT_libstdcxx_arm
[eirtae:rw]     COREBOOT_SDK_ROOT_libstdcxx_x86
[eirtae:rw]     COREBOOT_SDK_ROOT_nds32
[eirtae:rw]     COREBOOT_SDK_ROOT_picolibc_arm
[eirtae:rw]     COREBOOT_SDK_ROOT_picolibc_x86
[eirtae:rw]     COREBOOT_SDK_ROOT_riscv
[eirtae:rw]     COREBOOT_SDK_ROOT_x86
[eirtae:rw] -- Build files have been written to: /mnt/host/source/src/platform/ec/build/zephyr/eirtae/build-rw
[luuke:rw] -- The C compiler identification is GNU 14.2.0
[yaviks:rw] -- The C compiler identification is GNU 14.2.0
[yaviks:ro] -- The CXX compiler identification is GNU 14.2.0
[matsu-ish:singleimage] -- Found gen_kobject_list: /mnt/host/source/src/third_party/zephyr/main/scripts/build/gen_kobject_list.py
[yaviks:ro] -- The ASM compiler identification is GNU
[yaviks:ro] -- Found assembler: /home/jpmurphy/.cache/coreboot-sdk/riscv64-elf/96b949749225b6aaa92ed810ab769e8dfb12f000/bin/riscv64-elf-gcc
[luuke:ro] -- The C compiler identification is GNU 14.2.0
[matsu-ish:singleimage] CMake Warning at /mnt/host/source/src/third_party/zephyr/main/CMakeLists.txt:1134 (message):
[matsu-ish:singleimage]   No SOURCES given to Zephyr library: drivers__syscon
[matsu-ish:singleimage]   Excluding target from build.
[matsu-ish:singleimage] CMake Warning at /mnt/host/source/src/third_party/zephyr/main/cmake/emu/simics.cmake:14 (message):
[matsu-ish:singleimage]   Simics simulator environment is not found at SIMICS_PROJECT:''
[matsu-ish:singleimage] Call Stack (most recent call first):
[matsu-ish:singleimage]   /mnt/host/source/src/third_party/zephyr/main/CMakeLists.txt:2336 (include)
[matsu-ish:singleimage] CMake Warning at /mnt/host/source/src/third_party/zephyr/main/CMakeLists.txt:2359 (message):
[matsu-ish:singleimage]   __ASSERT() statements are globally ENABLED
[yaviks:ro] warning: Deprecated symbol I2C_ALLOW_NO_STOP_TRANSACTIONS is enabled.
[yaviks:ro] CMake Warning at /mnt/host/source/src/platform/ec/zephyr/cmake/linker/ld/linker_libraries.cmake:11 (message):
[yaviks:ro]   Disabling c_library
[yaviks:ro] Call Stack (most recent call first):
[yaviks:ro]   /mnt/host/source/src/third_party/zephyr/main/cmake/target_toolchain_flags.cmake:48 (include)
[yaviks:ro]   /mnt/host/source/src/third_party/zephyr/main/cmake/modules/kernel.cmake:153 (include)
[yaviks:ro]   /mnt/host/source/src/third_party/zephyr/main/cmake/modules/zephyr_default.cmake:138 (include)
[yaviks:ro]   /mnt/host/source/src/third_party/zephyr/main/share/zephyr-package/cmake/ZephyrConfig.cmake:66 (include)
[yaviks:ro]   /mnt/host/source/src/third_party/zephyr/main/share/zephyr-package/cmake/ZephyrConfig.cmake:97 (include_boilerplate)
[yaviks:ro]   CMakeLists.txt:7 (find_package)
[ponyta:ro] [21/396] Building C object CMakeFiles/app.dir/mnt/host/source/src/platform/ec/build/zephyr/ponyta/modules/ec/common/system.c.obj
[luuke:rw] -- The CXX compiler identification is GNU 14.2.0
[/mnt/host/source/src/platform/ec/build/zephyr/trulo-lcov]   /mnt/host/source/src/platform/ec/build/zephyr/trulo/build-ro/zephyr/drivers/sensor/CMakeFiles/drivers__sensor.dir/mnt/host/source/src/third_party/zephyr/main/misc/empty_file.c.gcno:no functions found
[/mnt/host/source/src/platform/ec/build/zephyr/trulo-lcov] stderr:
[frostflow:ro] Loaded configuration '/mnt/host/source/src/platform/ec/zephyr/boards/google/npcx9/npcx9_npcx9m3f_defconfig'
[frostflow:ro] Merged configuration '/mnt/host/source/src/platform/ec/zephyr/program/skyrim/program.conf'
[frostflow:ro] Merged configuration '/mnt/host/source/src/platform/ec/zephyr/program/skyrim/frostflow/project.conf'
[frostflow:ro] Merged configuration '/mnt/host/source/src/platform/ec/build/zephyr/frostflow/kconfig-ro.conf'
[frostflow:ro] Configuration saved to '/mnt/host/source/src/platform/ec/build/zephyr/frostflow/build-ro/zephyr/.config'
[frostflow:ro] Kconfig header saved to '/mnt/host/source/src/platform/ec/build/zephyr/frostflow/build-ro/zephyr/include/generated/zephyr/autoconf.h'
[frostflow:ro] -- Found GnuLd: /home/jpmurphy/.cache/coreboot-sdk/arm-eabi/ea40ddd1d190c3b48435c474c0b545719371813a/arm-eabi/bin/ld.bfd (found version "2.43.1")
[anraggar:ro] Loaded configuration '/mnt/host/source/src/platform/ec/zephyr/boards/google/it8xxx2/it8xxx2_it81302bx_defconfig'
[anraggar:ro] Merged configuration '/mnt/host/source/src/platform/ec/zephyr/program/nissa/program.conf'
[anraggar:ro] Merged configuration '/mnt/host/source/src/platform/ec/zephyr/program/nissa/it8xxx2_program.conf'
[anraggar:ro] Merged configuration '/mnt/host/source/src/platform/ec/zephyr/program/nissa/anraggar/project.conf'
[anraggar:ro] Merged configuration '/mnt/host/source/src/platform/ec/build/zephyr/anraggar/kconfig-ro.conf'
[anraggar:ro] Configuration saved to '/mnt/host/source/src/platform/ec/build/zephyr/anraggar/build-ro/zephyr/.config'
[anraggar:ro] Kconfig header saved to '/mnt/host/source/src/platform/ec/build/zephyr/anraggar/build-ro/zephyr/include/generated/zephyr/autoconf.h'
[anraggar:ro] -- Found GnuLd: /home/jpmurphy/.cache/coreboot-sdk/riscv64-elf/96b949749225b6aaa92ed810ab769e8dfb12f000/riscv64-elf/bin/ld.bfd (found version "2.43.1")
[luuke:rw] -- The ASM compiler identification is GNU
[matsu-ish:singleimage] -- Configuring done (12.9s)
[luuke:rw] warning: Deprecated symbol I2C_ALLOW_NO_STOP_TRANSACTIONS is enabled.
[luuke:rw] CMake Warning at /mnt/host/source/src/platform/ec/zephyr/cmake/linker/ld/linker_libraries.cmake:11 (message):
[luuke:rw]   Disabling c_library
[luuke:rw] Call Stack (most recent call first):
[luuke:rw]   /mnt/host/source/src/third_party/zephyr/main/cmake/target_toolchain_flags.cmake:48 (include)
[luuke:rw]   /mnt/host/source/src/third_party/zephyr/main/cmake/modules/kernel.cmake:153 (include)
[luuke:rw]   /mnt/host/source/src/third_party/zephyr/main/cmake/modules/zephyr_default.cmake:138 (include)
[luuke:rw]   /mnt/host/source/src/third_party/zephyr/main/share/zephyr-package/cmake/ZephyrConfig.cmake:66 (include)
[luuke:rw]   /mnt/host/source/src/third_party/zephyr/main/share/zephyr-package/cmake/ZephyrConfig.cmake:97 (include_boilerplate)
[luuke:rw]   CMakeLists.txt:6 (find_package)
[yaviks:rw] -- The CXX compiler identification is GNU 14.2.0
[/mnt/host/source/src/platform/ec/build/zephyr/ruby-lcov]   /mnt/host/source/src/platform/ec/build/zephyr/ruby/build-rw/CMakeFiles/app.dir/mnt/host/source/src/platform/ec/build/zephyr/ruby/modules/ec/common/cbi_config.c.gcno:no functions found
[/mnt/host/source/src/platform/ec/build/zephyr/ruby-lcov] stderr:
[anraggar:rw] Loaded configuration '/mnt/host/source/src/platform/ec/zephyr/boards/google/it8xxx2/it8xxx2_it81302bx_defconfig'
[anraggar:rw] Merged configuration '/mnt/host/source/src/platform/ec/zephyr/program/nissa/program.conf'
[anraggar:rw] Merged configuration '/mnt/host/source/src/platform/ec/zephyr/program/nissa/it8xxx2_program.conf'
[anraggar:rw] Merged configuration '/mnt/host/source/src/platform/ec/zephyr/program/nissa/anraggar/project.conf'
[anraggar:rw] Merged configuration '/mnt/host/source/src/platform/ec/build/zephyr/anraggar/kconfig-rw.conf'
[anraggar:rw] Configuration saved to '/mnt/host/source/src/platform/ec/build/zephyr/anraggar/build-rw/zephyr/.config'
[anraggar:rw] Kconfig header saved to '/mnt/host/source/src/platform/ec/build/zephyr/anraggar/build-rw/zephyr/include/generated/zephyr/autoconf.h'
[anraggar:rw] -- Found GnuLd: /home/jpmurphy/.cache/coreboot-sdk/riscv64-elf/96b949749225b6aaa92ed810ab769e8dfb12f000/riscv64-elf/bin/ld.bfd (found version "2.43.1")
[luuke:ro] -- The CXX compiler identification is GNU 14.2.0
[yaviks:rw] -- The ASM compiler identification is GNU
[yaviks:rw] -- Found assembler: /home/jpmurphy/.cache/coreboot-sdk/riscv64-elf/96b949749225b6aaa92ed810ab769e8dfb12f000/bin/riscv64-elf-gcc
[luuke:ro] -- The ASM compiler identification is GNU
[luuke:ro] -- Found assembler: /home/jpmurphy/.cache/coreboot-sdk/riscv64-elf/96b949749225b6aaa92ed810ab769e8dfb12f000/bin/riscv64-elf-gcc
[frostflow:ro] -- The C compiler identification is GNU 14.2.0
[ponyta:rw] [34/396] Building C object CMakeFiles/app.dir/mnt/host/source/src/platform/ec/build/zephyr/ponyta/modules/ec/common/battery_info.c.obj
[yaviks:rw] CMake Warning at /mnt/host/source/src/platform/ec/zephyr/cmake/linker/ld/linker_libraries.cmake:11 (message):
[yaviks:rw]   Disabling c_library
[yaviks:rw] Call Stack (most recent call first):
[yaviks:rw]   /mnt/host/source/src/third_party/zephyr/main/cmake/target_toolchain_flags.cmake:48 (include)
[yaviks:rw]   /mnt/host/source/src/third_party/zephyr/main/cmake/modules/kernel.cmake:153 (include)
[yaviks:rw]   /mnt/host/source/src/third_party/zephyr/main/cmake/modules/zephyr_default.cmake:138 (include)
[yaviks:rw]   /mnt/host/source/src/third_party/zephyr/main/share/zephyr-package/cmake/ZephyrConfig.cmake:66 (include)
[yaviks:rw]   /mnt/host/source/src/third_party/zephyr/main/share/zephyr-package/cmake/ZephyrConfig.cmake:97 (include_boilerplate)
[yaviks:rw]   CMakeLists.txt:7 (find_package)
[luuke:ro] CMake Warning at /mnt/host/source/src/platform/ec/zephyr/cmake/linker/ld/linker_libraries.cmake:11 (message):
[luuke:ro]   Disabling c_library
[luuke:ro] Call Stack (most recent call first):
[luuke:ro]   /mnt/host/source/src/third_party/zephyr/main/cmake/target_toolchain_flags.cmake:48 (include)
[luuke:ro]   /mnt/host/source/src/third_party/zephyr/main/cmake/modules/kernel.cmake:153 (include)
[luuke:ro]   /mnt/host/source/src/third_party/zephyr/main/cmake/modules/zephyr_default.cmake:138 (include)
[anraggar:ro] -- The C compiler identification is GNU 14.2.0
[/mnt/host/source/src/platform/ec/build/zephyr/trulo-lcov]   /mnt/host/source/src/platform/ec/build/zephyr/trulo/build-rw/modules/ec/zephyr/CMakeFiles/ec_shim.dir/shim/src/thermal.c.gcno:no functions found
[/mnt/host/source/src/platform/ec/build/zephyr/trulo-lcov] stderr:
[ponyta:rw] [35/396] Building C object CMakeFiles/app.dir/mnt/host/source/src/platform/ec/build/zephyr/ponyta/modules/ec/common/battery_fuel_gauge.c.obj
[matsu-ish:singleimage] -- Generating done (0.4s)
[matsu-ish:singleimage] CMake Warning:
[matsu-ish:singleimage]   Manually-specified variables were not used by the project:
[matsu-ish:singleimage]     COREBOOT_SDK_ROOT_arm
[matsu-ish:singleimage]     COREBOOT_SDK_ROOT_libstdcxx_arm
[matsu-ish:singleimage]     COREBOOT_SDK_ROOT_libstdcxx_riscv64
[matsu-ish:singleimage]     COREBOOT_SDK_ROOT_nds32
[matsu-ish:singleimage]     COREBOOT_SDK_ROOT_picolibc_arm
[matsu-ish:singleimage]     COREBOOT_SDK_ROOT_picolibc_riscv64
[matsu-ish:singleimage]     COREBOOT_SDK_ROOT_riscv
[matsu-ish:singleimage]     COREBOOT_SDK_ROOT_riscv64
[matsu-ish:singleimage] -- Build files have been written to: /mnt/host/source/src/platform/ec/build/zephyr/matsu-ish/build-singleimage
[anraggar:rw] -- The C compiler identification is GNU 14.2.0
[frostflow:ro] -- The CXX compiler identification is GNU 14.2.0
[frostflow:ro] -- The ASM compiler identification is GNU
[frostflow:ro] -- Found assembler: /home/jpmurphy/.cache/coreboot-sdk/arm-eabi/ea40ddd1d190c3b48435c474c0b545719371813a/bin/arm-eabi-gcc
[anraggar:ro] -- The CXX compiler identification is GNU 14.2.0
[frostflow:ro] warning: Deprecated symbol I2C_ALLOW_NO_STOP_TRANSACTIONS is enabled.
[frostflow:ro] CMake Warning at /mnt/host/source/src/platform/ec/zephyr/cmake/linker/ld/linker_libraries.cmake:11 (message):
[/mnt/host/source/src/platform/ec/build/zephyr/trulo-lcov]   /mnt/host/source/src/platform/ec/build/zephyr/trulo/build-rw/modules/ec/zephyr/CMakeFiles/ec_shim.dir/shim/src/battery.c.gcno:no functions found
[/mnt/host/source/src/platform/ec/build/zephyr/trulo-lcov] stderr:
[yaviks:ro] -- Performing EC specific devicetree checks
[anraggar:ro] -- The ASM compiler identification is GNU
[anraggar:ro] -- Found assembler: /home/jpmurphy/.cache/coreboot-sdk/riscv64-elf/96b949749225b6aaa92ed810ab769e8dfb12f000/bin/riscv64-elf-gcc
[luuke:rw] -- Found assembler: /home/jpmurphy/.cache/coreboot-sdk/riscv64-elf/96b949749225b6aaa92ed810ab769e8dfb12f000/bin/riscv64-elf-gcc
[luuke:rw] -- Performing EC specific devicetree checks
[anraggar:ro] CMake Warning at /mnt/host/source/src/platform/ec/zephyr/cmake/linker/ld/linker_libraries.cmake:11 (message):
[anraggar:ro]   Disabling c_library
[anraggar:ro] Call Stack (most recent call first):
[anraggar:ro]   /mnt/host/source/src/third_party/zephyr/main/cmake/target_toolchain_flags.cmake:48 (include)
[anraggar:ro]   /mnt/host/source/src/third_party/zephyr/main/cmake/modules/kernel.cmake:153 (include)
[anraggar:ro]   /mnt/host/source/src/third_party/zephyr/main/cmake/modules/zephyr_default.cmake:138 (include)
[anraggar:ro]   /mnt/host/source/src/third_party/zephyr/main/share/zephyr-package/cmake/ZephyrConfig.cmake:66 (include)
[anraggar:ro]   /mnt/host/source/src/third_party/zephyr/main/share/zephyr-package/cmake/ZephyrConfig.cmake:97 (include_boilerplate)
[anraggar:ro]   CMakeLists.txt:7 (find_package)
[anraggar:rw] -- The CXX compiler identification is GNU 14.2.0
[ponyta:rw] [36/396] Building C object CMakeFiles/app.dir/mnt/host/source/src/platform/ec/build/zephyr/ponyta/modules/ec/driver/battery/smart.c.obj
[anraggar:rw] -- The ASM compiler identification is GNU
[anraggar:rw] -- Found assembler: /home/jpmurphy/.cache/coreboot-sdk/riscv64-elf/96b949749225b6aaa92ed810ab769e8dfb12f000/bin/riscv64-elf-gcc
[luuke:ro] -- Performing EC specific devicetree checks
[anraggar:rw] warning: Deprecated symbol I2C_ALLOW_NO_STOP_TRANSACTIONS is enabled.
[anraggar:rw] CMake Warning at /mnt/host/source/src/platform/ec/zephyr/cmake/linker/ld/linker_libraries.cmake:11 (message):
[anraggar:rw]   Disabling c_library
[anraggar:rw] Call Stack (most recent call first):
[anraggar:rw]   /mnt/host/source/src/third_party/zephyr/main/cmake/target_toolchain_flags.cmake:48 (include)
[anraggar:rw]   /mnt/host/source/src/third_party/zephyr/main/cmake/modules/kernel.cmake:153 (include)
[anraggar:rw]   /mnt/host/source/src/third_party/zephyr/main/cmake/modules/zephyr_default.cmake:138 (include)
[anraggar:rw]   /mnt/host/source/src/third_party/zephyr/main/share/zephyr-package/cmake/ZephyrConfig.cmake:66 (include)
[anraggar:rw]   /mnt/host/source/src/third_party/zephyr/main/share/zephyr-package/cmake/ZephyrConfig.cmake:97 (include_boilerplate)
[anraggar:rw]   CMakeLists.txt:7 (find_package)
[luuke:rw] INFO: Verified 40 GPIOs, no duplicates found
[ponyta:ro] [22/396] Building C object CMakeFiles/app.dir/mnt/host/source/src/platform/ec/build/zephyr/ponyta/modules/ec/common/system_boot_time.c.obj
[yaviks:rw] -- Performing EC specific devicetree checks
[yaviks:ro] INFO: Verified 53 GPIOs, no duplicates found
[yaviks:ro] INFO: Verified 20 '*-gpios' properties, all flags match.
[luuke:ro]   /mnt/host/source/src/third_party/zephyr/main/share/zephyr-package/cmake/ZephyrConfig.cmake:66 (include)
[luuke:ro]   /mnt/host/source/src/third_party/zephyr/main/share/zephyr-package/cmake/ZephyrConfig.cmake:97 (include_boilerplate)
[luuke:ro]   CMakeLists.txt:6 (find_package)
[luuke:ro] INFO: Verified 40 GPIOs, no duplicates found
[luuke:ro] INFO: Verified 28 '*-gpios' properties, all flags match.
[luuke:rw] -- Generating component manifest file
[yaviks:rw] INFO: Verified 53 GPIOs, no duplicates found
[yaviks:rw] INFO: Verified 20 '*-gpios' properties, all flags match.
[yaviks:ro] -- Generating component manifest file
[luuke:ro] -- Generating component manifest file
[luuke:rw] INFO: Verified 28 '*-gpios' properties, all flags match.
[luuke:rw] INFO: Skipped 1 named-gpios children.
[luuke:rw] INFO: Running CME, outputting to /mnt/host/source/src/platform/ec/build/zephyr/luuke/build-rw/zephyr/component_manifest.json
[yaviks:rw] -- Generating component manifest file
[frostflow:ro] -- Performing EC specific devicetree checks
[ponyta:ro] [23/396] Building C object CMakeFiles/app.dir/mnt/host/source/src/platform/ec/build/zephyr/ponyta/modules/ec/common/uart_printf.c.obj
[anraggar:ro] -- Performing EC specific devicetree checks
[/mnt/host/source/src/platform/ec/build/zephyr/trulo-lcov]   /mnt/host/source/src/platform/ec/build/zephyr/trulo/build-rw/modules/ec/zephyr/CMakeFiles/ec_shim.dir/shim/src/charger.c.gcno:no functions found
[/mnt/host/source/src/platform/ec/build/zephyr/trulo-lcov] stderr:
[ponyta:rw] [37/396] Building C object CMakeFiles/app.dir/mnt/host/source/src/platform/ec/build/zephyr/ponyta/modules/ec/driver/charger/isl923x.c.obj
[yaviks:ro] INFO: Skipped 14 named-gpios children.
[yaviks:ro] INFO: Running CME, outputting to /mnt/host/source/src/platform/ec/build/zephyr/yaviks/build-ro/zephyr/component_manifest.json
[yaviks:ro] INFO: Project yaviks does not support SSFC
[yaviks:ro] INFO: Component usbpd@f03700(ite,it8xxx2-usbpd) not on I2C bus, skip it
[yaviks:ro] INFO: Component virtual-mux-0(cros-ec,usbc-mux-virtual) not on I2C bus, skip it
[yaviks:ro] INFO: Component virtual-mux-1(cros-ec,usbc-mux-virtual) not on I2C bus, skip it
[yaviks:ro] INFO: Component tcpci-mux-1(parade,usbc-mux-ps8xxx) not on I2C bus, skip it
[ponyta:rw] [38/396] Building C object CMakeFiles/app.dir/mnt/host/source/src/platform/ec/build/zephyr/ponyta/modules/ec/common/charger.c.obj
[luuke:ro] INFO: Skipped 1 named-gpios children.
[luuke:ro] INFO: Running CME, outputting to /mnt/host/source/src/platform/ec/build/zephyr/luuke/build-ro/zephyr/component_manifest.json
[luuke:ro] INFO: Project luuke does not support SSFC
[anraggar:rw] -- Performing EC specific devicetree checks
[frostflow:ro]   Disabling c_library
[frostflow:ro] Call Stack (most recent call first):
[/mnt/host/source/src/platform/ec/build/zephyr/ruby-lcov]   /mnt/host/source/src/platform/ec/build/zephyr/ruby/build-rw/zephyr/arch/arch/arm/core/mpu/CMakeFiles/arch__arm__core__mpu.dir/arm_mpu_regions.c.gcno:no functions found
[frostflow:ro]   /mnt/host/source/src/third_party/zephyr/main/cmake/target_toolchain_flags.cmake:48 (include)
[/mnt/host/source/src/platform/ec/build/zephyr/ruby-lcov] stderr:
[frostflow:ro]   /mnt/host/source/src/third_party/zephyr/main/cmake/modules/kernel.cmake:153 (include)
[frostflow:ro]   /mnt/host/source/src/third_party/zephyr/main/cmake/modules/zephyr_default.cmake:138 (include)
[frostflow:ro]   /mnt/host/source/src/third_party/zephyr/main/share/zephyr-package/cmake/ZephyrConfig.cmake:66 (include)
[frostflow:ro]   /mnt/host/source/src/third_party/zephyr/main/share/zephyr-package/cmake/ZephyrConfig.cmake:97 (include_boilerplate)
[frostflow:ro]   CMakeLists.txt:7 (find_package)
[frostflow:ro] INFO: Verified 89 GPIOs, no duplicates found
[yaviks:rw] INFO: Skipped 14 named-gpios children.
[yaviks:rw] INFO: Running CME, outputting to /mnt/host/source/src/platform/ec/build/zephyr/yaviks/build-rw/zephyr/component_manifest.json
[yaviks:rw] INFO: Project yaviks does not support SSFC
[yaviks:rw] INFO: Component usbpd@f03700(ite,it8xxx2-usbpd) not on I2C bus, skip it
[yaviks:rw] INFO: Component virtual-mux-0(cros-ec,usbc-mux-virtual) not on I2C bus, skip it
[yaviks:rw] INFO: Component virtual-mux-1(cros-ec,usbc-mux-virtual) not on I2C bus, skip it
[yaviks:rw] INFO: Component tcpci-mux-1(parade,usbc-mux-ps8xxx) not on I2C bus, skip it
[yaviks:rw] INFO: Component virtual-mux-1(cros-ec,usbc-mux-virtual) not on I2C bus, skip it
[yaviks:rw] INFO: No motionsense-sensor node found
[anraggar:ro] INFO: Verified 56 GPIOs, no duplicates found
[anraggar:ro] INFO: Verified 14 '*-gpios' properties, all flags match.
[anraggar:ro] INFO: Skipped 14 named-gpios children.
[luuke:rw] -- warning_base_override: -Wall;-Wformat;-Wformat-security;-Wformat;-Wno-format-zero-length;-Wno-pointer-sign;-Wpointer-arith;-Wexpansion-to-defined
[anraggar:rw] INFO: Verified 56 GPIOs, no duplicates found
[anraggar:rw] INFO: Verified 14 '*-gpios' properties, all flags match.
[anraggar:rw] INFO: Skipped 14 named-gpios children.
[yaviks:ro] -- warning_base_override: -Wall;-Wformat;-Wformat-security;-Wformat;-Wno-format-zero-length;-Wno-pointer-sign;-Wpointer-arith;-Wexpansion-to-defined
[luuke:ro] -- warning_base_override: -Wall;-Wformat;-Wformat-security;-Wformat;-Wno-format-zero-length;-Wno-pointer-sign;-Wpointer-arith;-Wexpansion-to-defined
[yaviks:rw] -- warning_base_override: -Wall;-Wformat;-Wformat-security;-Wformat;-Wno-format-zero-length;-Wno-pointer-sign;-Wpointer-arith;-Wexpansion-to-defined
[frostflow:ro] -- Generating component manifest file
[ponyta:ro] [24/396] Building C object CMakeFiles/app.dir/mnt/host/source/src/platform/ec/build/zephyr/ponyta/modules/ec/common/util.c.obj
[anraggar:ro] -- Generating component manifest file
[anraggar:rw] -- Generating component manifest file
[luuke:rw] -- Found gen_kobject_list: /mnt/host/source/src/third_party/zephyr/main/scripts/build/gen_kobject_list.py
[frostflow:ro] INFO: Verified 7 '*-gpios' properties, all flags match.
[frostflow:ro] INFO: Skipped 2 named-gpios children.
[frostflow:ro] INFO: Running CME, outputting to /mnt/host/source/src/platform/ec/build/zephyr/frostflow/build-ro/zephyr/component_manifest.json
[frostflow:ro] INFO: Project frostflow does not support SSFC
[frostflow:ro] INFO: Component aoz1380(aoz,aoz1380) not on I2C bus, skip it
[frostflow:ro] INFO: No motionsense-sensor-alt node found
[ponyta:rw] [39/396] Building C object CMakeFiles/app.dir/mnt/host/source/src/platform/ec/build/zephyr/ponyta/modules/ec/common/charge_state.c.obj
[luuke:rw] INFO: Project luuke does not support SSFC
[luuke:rw] CMake Warning at /mnt/host/source/src/third_party/zephyr/main/CMakeLists.txt:1134 (message):
[luuke:rw]   No SOURCES given to Zephyr library: drivers__syscon
[luuke:rw]   Excluding target from build.
[anraggar:ro] INFO: Running CME, outputting to /mnt/host/source/src/platform/ec/build/zephyr/anraggar/build-ro/zephyr/component_manifest.json
[anraggar:ro] INFO: Component usbpd@f03700(ite,it8xxx2-usbpd) not on I2C bus, skip it
[anraggar:ro] INFO: Component virtual-mux-0(cros-ec,usbc-mux-virtual) not on I2C bus, skip it
[anraggar:ro] INFO: Component usbpd@f03800(ite,it8xxx2-usbpd) not on I2C bus, skip it
[anraggar:ro] INFO: Component virtual-mux-1(cros-ec,usbc-mux-virtual) not on I2C bus, skip it
[anraggar:ro] INFO: Component virtual-mux-1(cros-ec,usbc-mux-virtual) not on I2C bus, skip it
[yaviks:ro] -- Found gen_kobject_list: /mnt/host/source/src/third_party/zephyr/main/scripts/build/gen_kobject_list.py
[luuke:ro] -- Found gen_kobject_list: /mnt/host/source/src/third_party/zephyr/main/scripts/build/gen_kobject_list.py
[luuke:rw] CMake Warning at /mnt/host/source/src/third_party/zephyr/main/CMakeLists.txt:2359 (message):
[luuke:rw]   __ASSERT() statements are globally ENABLED
[luuke:ro] CMake Warning at /mnt/host/source/src/third_party/zephyr/main/CMakeLists.txt:1134 (message):
[luuke:ro]   No SOURCES given to Zephyr library: drivers__syscon
[luuke:ro]   Excluding target from build.
[yaviks:rw] -- Found gen_kobject_list: /mnt/host/source/src/third_party/zephyr/main/scripts/build/gen_kobject_list.py
[luuke:ro] CMake Warning at /mnt/host/source/src/third_party/zephyr/main/CMakeLists.txt:2359 (message):
[luuke:ro]   __ASSERT() statements are globally ENABLED
[anraggar:rw] INFO: Running CME, outputting to /mnt/host/source/src/platform/ec/build/zephyr/anraggar/build-rw/zephyr/component_manifest.json
[luuke:rw] -- Configuring done (15.4s)
[ponyta:rw] [40/396] Building C object CMakeFiles/app.dir/mnt/host/source/src/platform/ec/build/zephyr/ponyta/modules/ec/common/cbi_common.c.obj
[/mnt/host/source/src/platform/ec/build/zephyr/vader-lcov]   /mnt/host/source/src/platform/ec/build/zephyr/vader/build-rw/zephyr/CMakeFiles/zephyr.dir/subsys/shell/modules/kernel_service/kernel_shell.c.gcno:no functions found
[/mnt/host/source/src/platform/ec/build/zephyr/vader-lcov] stderr:
[yaviks:ro] -- Configuring done (15.4s)
[luuke:ro] -- Configuring done (15.4s)
[frostflow:ro] -- warning_base_override: -Wall;-Wformat;-Wformat-security;-Wformat;-Wno-format-zero-length;-Wno-pointer-sign;-Wpointer-arith;-Wexpansion-to-defined
[anraggar:ro] -- warning_base_override: -Wall;-Wformat;-Wformat-security;-Wformat;-Wno-format-zero-length;-Wno-pointer-sign;-Wpointer-arith;-Wexpansion-to-defined
[/mnt/host/source/src/platform/ec/build/zephyr/ruby-lcov]   /mnt/host/source/src/platform/ec/build/zephyr/ruby/build-rw/zephyr/arch/common/CMakeFiles/isr_tables.dir/isr_tables.c.gcno:no functions found
[/mnt/host/source/src/platform/ec/build/zephyr/ruby-lcov] stderr:
[ponyta:ro] [25/396] Building C object CMakeFiles/app.dir/mnt/host/source/src/platform/ec/build/zephyr/ponyta/modules/ec/common/version.c.obj
[yaviks:rw] -- Configuring done (15.8s)
[/mnt/host/source/src/platform/ec/build/zephyr/uldrenite-lcov]   /mnt/host/source/src/platform/ec/build/zephyr/uldrenite/build-rw/zephyr/kernel/CMakeFiles/kernel.dir/errno.c.gcno:no functions found
[/mnt/host/source/src/platform/ec/build/zephyr/uldrenite-lcov] stderr:
[anraggar:rw] -- warning_base_override: -Wall;-Wformat;-Wformat-security;-Wformat;-Wno-format-zero-length;-Wno-pointer-sign;-Wpointer-arith;-Wexpansion-to-defined
[luuke:rw] -- Generating done (0.3s)
[luuke:rw] CMake Warning:
[luuke:rw]   Manually-specified variables were not used by the project:
[luuke:rw]     COREBOOT_SDK_ROOT_arm
[luuke:rw]     COREBOOT_SDK_ROOT_libstdcxx_arm
[luuke:rw]     COREBOOT_SDK_ROOT_libstdcxx_x86
[luuke:rw]     COREBOOT_SDK_ROOT_nds32
[luuke:rw]     COREBOOT_SDK_ROOT_picolibc_arm
[luuke:rw]     COREBOOT_SDK_ROOT_picolibc_x86
[luuke:rw]     COREBOOT_SDK_ROOT_riscv
[luuke:rw]     COREBOOT_SDK_ROOT_x86
[luuke:rw] -- Build files have been written to: /mnt/host/source/src/platform/ec/build/zephyr/luuke/build-rw
[ponyta:rw] [41/396] Building C object CMakeFiles/app.dir/mnt/host/source/src/platform/ec/build/zephyr/ponyta/modules/ec/common/charge_manager.c.obj
[/mnt/host/source/src/platform/ec/build/zephyr/vader-lcov]   /mnt/host/source/src/platform/ec/build/zephyr/vader/build-rw/zephyr/CMakeFiles/zephyr.dir/lib/libc/validate_libc.c.gcno:no functions found
[/mnt/host/source/src/platform/ec/build/zephyr/vader-lcov] stderr:
[yaviks:ro] -- Generating done (0.4s)
[yaviks:ro] INFO: Component virtual-mux-1(cros-ec,usbc-mux-virtual) not on I2C bus, skip it
[yaviks:ro] INFO: No motionsense-sensor node found
[yaviks:ro] CMake Warning:
[yaviks:ro]   Manually-specified variables were not used by the project:
[yaviks:ro]     COREBOOT_SDK_ROOT_arm
[yaviks:ro]     COREBOOT_SDK_ROOT_libstdcxx_arm
[yaviks:ro]     COREBOOT_SDK_ROOT_libstdcxx_x86
[yaviks:ro]     COREBOOT_SDK_ROOT_nds32
[yaviks:ro]     COREBOOT_SDK_ROOT_picolibc_arm
[yaviks:ro]     COREBOOT_SDK_ROOT_picolibc_x86
[yaviks:ro]     COREBOOT_SDK_ROOT_riscv
[yaviks:ro]     COREBOOT_SDK_ROOT_x86
[yaviks:ro] -- Build files have been written to: /mnt/host/source/src/platform/ec/build/zephyr/yaviks/build-ro
[anraggar:ro] -- Found gen_kobject_list: /mnt/host/source/src/third_party/zephyr/main/scripts/build/gen_kobject_list.py
[luuke:ro] -- Generating done (0.4s)
[luuke:ro] CMake Warning:
[luuke:ro]   Manually-specified variables were not used by the project:
[luuke:ro]     COREBOOT_SDK_ROOT_arm
[luuke:ro]     COREBOOT_SDK_ROOT_libstdcxx_arm
[luuke:ro]     COREBOOT_SDK_ROOT_libstdcxx_x86
[luuke:ro]     COREBOOT_SDK_ROOT_nds32
[luuke:ro]     COREBOOT_SDK_ROOT_picolibc_arm
[luuke:ro]     COREBOOT_SDK_ROOT_picolibc_x86
[luuke:ro]     COREBOOT_SDK_ROOT_riscv
[luuke:ro]     COREBOOT_SDK_ROOT_x86
[luuke:ro] -- Build files have been written to: /mnt/host/source/src/platform/ec/build/zephyr/luuke/build-ro
[yaviks:rw] -- Generating done (0.4s)
[yaviks:rw] CMake Warning:
[frostflow:ro] -- Found gen_kobject_list: /mnt/host/source/src/third_party/zephyr/main/scripts/build/gen_kobject_list.py
[anraggar:rw] -- Found gen_kobject_list: /mnt/host/source/src/third_party/zephyr/main/scripts/build/gen_kobject_list.py
[anraggar:ro] -- Configuring done (15.7s)
[ponyta:ro] [26/396] Building C object CMakeFiles/app.dir/mnt/host/source/src/platform/ec/build/zephyr/ponyta/modules/ec/driver/accel_bma4xx.c.obj
[frostflow:ro] -- Configuring done (16.0s)
[ponyta:rw] [42/396] Building C object CMakeFiles/app.dir/mnt/host/source/src/platform/ec/build/zephyr/ponyta/modules/ec/common/cbi.c.obj
[anraggar:rw] -- Configuring done (15.9s)
[matsu-ish:singleimage] Building: /usr/bin/ninja -C /mnt/host/source/src/platform/ec/build/zephyr/matsu-ish/build-singleimage all.libraries
Running `env -i SHELL=/bin/bash COLORTERM=truecolor DEPOT_TOOLS_UPDATE=0 LESS='-R -M --shift 5' SUDO_GID=0 JDK_HOME=/etc/java-config-2/current-system-vm CONFIG_PROTECT_MASK='/etc/gentoo-release /etc/sandbox.d /etc/fonts/fonts.conf /etc/terminfo /etc/ca-certificates.conf /etc/revdep-rebuild' CHROMEOS_CACHEDIR=/var/cache/chromeos-cache JAVA_HOME=/etc/java-config-2/current-system-vm SSH_AUTH_SOCK=/tmp/ssh-auth-sock SUDO_COMMAND=/bin/bash SUDO_USER=root SUDO_TTY=/dev/pts/2 EDITOR=/usr/bin/vi PWD=/mnt/host/source/src/platform/ec CONFIG_PROTECT=/usr/share/gnupg/qualified.txt LOGNAME=jpmurphy MANPATH=/etc/java-config-2/current-system-vm/man:/usr/local/share/man:/usr/share/man:/usr/share/gcc-data/x86_64-pc-linux-gnu/10.2.0/man:/usr/share/binutils-data/x86_64-pc-linux-gnu/2.45/man:/etc/java-config-2/current-system-vm/man/ SUDO_HOME=/root XAUTHORITY=/run/user/944457/gdm/Xauthority HOME=/home/jpmurphy LANG=C.UTF-8 LS_COLORS='rs=0:di=01;34:ln=01;36:mh=00:pi=40;33:so=01;35:do=01;35:bd=40;33;01:cd=40;33;01:or=01;05;37;41:mi=01;05;37;41:su=37;41:sg=30;43:ca=30;41:tw=30;42:ow=34;42:st=37;44:ex=01;32:*.tar=01;31:*.tgz=01;31:*.arc=01;31:*.arj=01;31:*.taz=01;31:*.lha=01;31:*.lz4=01;31:*.lzh=01;31:*.lzma=01;31:*.tlz=01;31:*.txz=01;31:*.tzo=01;31:*.t7z=01;31:*.zip=01;31:*.z=01;31:*.dz=01;31:*.gz=01;31:*.lrz=01;31:*.lz=01;31:*.lzo=01;31:*.xz=01;31:*.zst=01;31:*.tzst=01;31:*.bz2=01;31:*.bz=01;31:*.tbz=01;31:*.tbz2=01;31:*.tz=01;31:*.deb=01;31:*.rpm=01;31:*.jar=01;31:*.war=01;31:*.ear=01;31:*.sar=01;31:*.rar=01;31:*.alz=01;31:*.ace=01;31:*.zoo=01;31:*.cpio=01;31:*.7z=01;31:*.rz=01;31:*.cab=01;31:*.wim=01;31:*.swm=01;31:*.dwm=01;31:*.esd=01;31:*.jpg=01;35:*.jpeg=01;35:*.mjpg=01;35:*.mjpeg=01;35:*.gif=01;35:*.bmp=01;35:*.pbm=01;35:*.pgm=01;35:*.ppm=01;35:*.tga=01;35:*.xbm=01;35:*.xpm=01;35:*.tif=01;35:*.tiff=01;35:*.png=01;35:*.svg=01;35:*.svgz=01;35:*.mng=01;35:*.pcx=01;35:*.mov=01;35:*.mpg=01;35:*.mpeg=01;35:*.m2v=01;35:*.mkv=01;35:*.webm=01;35:*.webp=01;35:*.ogm=01;35:*.mp4=01;35:*.m4v=01;35:*.mp4v=01;35:*.vob=01;35:*.qt=01;35:*.nuv=01;35:*.wmv=01;35:*.asf=01;35:*.rm=01;35:*.rmvb=01;35:*.flc=01;35:*.avi=01;35:*.fli=01;35:*.flv=01;35:*.gl=01;35:*.dl=01;35:*.xcf=01;35:*.xwd=01;35:*.yuv=01;35:*.cgm=01;35:*.emf=01;35:*.ogv=01;35:*.ogx=01;35:*.cfg=00;32:*.conf=00;32:*.diff=00;32:*.doc=00;32:*.ini=00;32:*.log=00;32:*.patch=00;32:*.pdf=00;32:*.ps=00;32:*.tex=00;32:*.txt=00;32:*.aac=00;36:*.au=00;36:*.flac=00;36:*.m4a=00;36:*.mid=00;36:*.midi=00;36:*.mka=00;36:*.mp3=00;36:*.mpc=00;36:*.ogg=00;36:*.ra=00;36:*.wav=00;36:*.oga=00;36:*.opus=00;36:*.spx=00;36:*.xspf=00;36:' XDG_CURRENT_DESKTOP=GNOME INFOPATH=/usr/share/info:/usr/share/gcc-data/x86_64-pc-linux-gnu/10.2.0/info:/usr/share/binutils-data/x86_64-pc-linux-gnu/2.45/info:/usr/share/automake-1.16.5/info JAVAC=/etc/java-config-2/current-system-vm/bin/javac TERM=xterm-256color LESSOPEN='|lesspipe %s' USER=jpmurphy CROS_WORKON_SRCROOT=/mnt/host/source MANPAGER=manpager DISPLAY=:1 SHLVL=1 LC_MESSAGES=C EXTERNAL_TRUNK_PATH=/mnt/8f9d649a-3721-44cc-93c0-e6bd21a9689f/chromiumos GCC_SPECS='' PATH=/mnt/host/source/chromite/bin:/usr/local/bin:/usr/bin:/bin:/opt/bin:/mnt/host/source/chromite/sdk/bin:/mnt/host/source/chromite/bin PORTAGE_USERNAME=jpmurphy SUDO_UID=0 GCC_VER=10.2.0 MAIL=/var/mail/jpmurphy OLDPWD=/mnt/host/source/src/scripts traceparent=00-e87aca51550a78635907baa6a2476181-6d684811675d2973-01 _=./zephyr/firmware_builder.py COREBOOT_SDK_ROOT_x86=/home/jpmurphy/.cache/coreboot-sdk/i386-elf/dfbb0486385d938cfa9d73080b9d18d598ed4f49 COREBOOT_SDK_ROOT_picolibc_x86=/home/jpmurphy/.cache/coreboot-sdk/picolibc-i386-elf/eb8e8e687b95461de8cbf278f1c2076952d0ad17 COREBOOT_SDK_ROOT_riscv64=/home/jpmurphy/.cache/coreboot-sdk/riscv64-elf/96b949749225b6aaa92ed810ab769e8dfb12f000 COREBOOT_SDK_ROOT_picolibc_arm=/home/jpmurphy/.cache/coreboot-sdk/picolibc-arm-eabi/422a2aa3e1ef891b5bece9a3deb696ff83840d2e COREBOOT_SDK_ROOT_nds32=/home/jpmurphy/.cache/coreboot-sdk/nds32le-elf/d1a518c4a097666d86058e1444f85ca015d15511 COREBOOT_SDK_ROOT_picolibc_riscv64=/home/jpmurphy/.cache/coreboot-sdk/picolibc-riscv64-elf/f571e990ef0278564b31124f8bb109d9a697eb69 COREBOOT_SDK_ROOT_arm=/home/jpmurphy/.cache/coreboot-sdk/arm-eabi/ea40ddd1d190c3b48435c474c0b545719371813a COREBOOT_SDK_ROOT_libstdcxx_riscv64=/home/jpmurphy/.cache/coreboot-sdk/libstdcxx-riscv64-elf/17abf22a3a252e2d5d2062ced5324f7a623689e0 COREBOOT_SDK_ROOT_libstdcxx_arm=/home/jpmurphy/.cache/coreboot-sdk/libstdcxx-arm-eabi/5d7d82e150e44aa1968f1d366e267e6687b328ac COREBOOT_SDK_ROOT_riscv=/home/jpmurphy/.cache/coreboot-sdk/riscv-elf/9a27b9e82341c6e9126624f516ab3f261abb3e73 COREBOOT_SDK_ROOT_libstdcxx_x86=/home/jpmurphy/.cache/coreboot-sdk/libstdcxx-i386-elf/42ef9d2e87a76a37963175d7d428734e65648b87 PYTHONPATH=/mnt/host/source/src/platform/ec/zephyr/zmake PW_PIGWEED_CIPD_INSTALL_DIR=/usr CROSTC_USER_ACKNOWLEDGES_THAT_RISCV_IS_EXPERIMENTAL=1 MAKEFLAGS=' -j16 --jobserver-auth=5,6' /usr/bin/ninja -C /mnt/host/source/src/platform/ec/build/zephyr/matsu-ish/build-singleimage all.libraries`
[yaviks:rw] -- Build files have been written to: /mnt/host/source/src/platform/ec/build/zephyr/yaviks/build-rw
[yaviks:rw]   Manually-specified variables were not used by the project:
[matsu-ish:singleimage] ninja: Entering directory `/mnt/host/source/src/platform/ec/build/zephyr/matsu-ish/build-singleimage'
[yaviks:rw]     COREBOOT_SDK_ROOT_arm
[yaviks:rw]     COREBOOT_SDK_ROOT_libstdcxx_arm
[yaviks:rw]     COREBOOT_SDK_ROOT_libstdcxx_x86
[yaviks:rw]     COREBOOT_SDK_ROOT_nds32
[yaviks:rw]     COREBOOT_SDK_ROOT_picolibc_arm
[yaviks:rw]     COREBOOT_SDK_ROOT_picolibc_x86
[yaviks:rw]     COREBOOT_SDK_ROOT_riscv
[yaviks:rw]     COREBOOT_SDK_ROOT_x86
[ponyta:rw] [43/396] Building C object CMakeFiles/app.dir/mnt/host/source/src/platform/ec/build/zephyr/ponyta/modules/ec/common/cbi_config.c.obj
[/mnt/host/source/src/platform/ec/build/zephyr/trulo-lcov]   /mnt/host/source/src/platform/ec/build/zephyr/trulo/build-rw/modules/ec/zephyr/CMakeFiles/ec_shim.dir/shim/src/usba.c.gcno:no functions found
[/mnt/host/source/src/platform/ec/build/zephyr/trulo-lcov] stderr:
[anraggar:ro] -- Generating done (0.4s)
[anraggar:ro] CMake Warning:
[anraggar:ro]   Manually-specified variables were not used by the project:
[anraggar:ro]     COREBOOT_SDK_ROOT_arm
[anraggar:ro]     COREBOOT_SDK_ROOT_libstdcxx_arm
[anraggar:ro]     COREBOOT_SDK_ROOT_libstdcxx_x86
[anraggar:ro]     COREBOOT_SDK_ROOT_nds32
[anraggar:ro]     COREBOOT_SDK_ROOT_picolibc_arm
[anraggar:ro]     COREBOOT_SDK_ROOT_picolibc_x86
[anraggar:ro]     COREBOOT_SDK_ROOT_riscv
[anraggar:ro]     COREBOOT_SDK_ROOT_x86
[anraggar:ro] -- Build files have been written to: /mnt/host/source/src/platform/ec/build/zephyr/anraggar/build-ro
[anraggar:rw] -- Generating done (0.5s)
[anraggar:rw] INFO: Component usbpd@f03700(ite,it8xxx2-usbpd) not on I2C bus, skip it
[anraggar:rw] -- Build files have been written to: /mnt/host/source/src/platform/ec/build/zephyr/anraggar/build-rw
[anraggar:rw] INFO: Component virtual-mux-0(cros-ec,usbc-mux-virtual) not on I2C bus, skip it
[anraggar:rw] INFO: Component usbpd@f03800(ite,it8xxx2-usbpd) not on I2C bus, skip it
[anraggar:rw] INFO: Component virtual-mux-1(cros-ec,usbc-mux-virtual) not on I2C bus, skip it
[anraggar:rw] INFO: Component virtual-mux-1(cros-ec,usbc-mux-virtual) not on I2C bus, skip it
[anraggar:rw] CMake Warning:
[ponyta:ro] [27/396] Building C object CMakeFiles/app.dir/mnt/host/source/src/platform/ec/build/zephyr/ponyta/modules/ec/driver/accel_lis2dw12.c.obj
[/mnt/host/source/src/platform/ec/build/zephyr/uldrenite-lcov]   /mnt/host/source/src/platform/ec/build/zephyr/uldrenite/build-rw/zephyr/lib/libc/picolibc/CMakeFiles/lib__libc__picolibc.dir/errno_wrap.c.gcno:no functions found
[/mnt/host/source/src/platform/ec/build/zephyr/uldrenite-lcov] stderr:
[frostflow:ro] -- Generating done (0.6s)
[frostflow:ro] CMake Warning:
[frostflow:ro]   Manually-specified variables were not used by the project:
[frostflow:ro]     COREBOOT_SDK_ROOT_libstdcxx_riscv64
[frostflow:ro]     COREBOOT_SDK_ROOT_libstdcxx_x86
[frostflow:ro]     COREBOOT_SDK_ROOT_nds32
[frostflow:ro]     COREBOOT_SDK_ROOT_picolibc_riscv64
[frostflow:ro]     COREBOOT_SDK_ROOT_picolibc_x86
[frostflow:ro]     COREBOOT_SDK_ROOT_riscv
[frostflow:ro] -- Build files have been written to: /mnt/host/source/src/platform/ec/build/zephyr/frostflow/build-ro
[ponyta:rw] [44/396] Building C object CMakeFiles/app.dir/mnt/host/source/src/platform/ec/build/zephyr/ponyta/modules/ec/common/memory_commands.c.obj
[anraggar:rw]   Manually-specified variables were not used by the project:
[anraggar:rw]     COREBOOT_SDK_ROOT_arm
[anraggar:rw]     COREBOOT_SDK_ROOT_libstdcxx_arm
[anraggar:rw]     COREBOOT_SDK_ROOT_libstdcxx_x86
[anraggar:rw]     COREBOOT_SDK_ROOT_nds32
[anraggar:rw]     COREBOOT_SDK_ROOT_picolibc_arm
[anraggar:rw]     COREBOOT_SDK_ROOT_picolibc_x86
[anraggar:rw]     COREBOOT_SDK_ROOT_riscv
[anraggar:rw]     COREBOOT_SDK_ROOT_x86
[ponyta:rw] [45/396] Building C object CMakeFiles/app.dir/mnt/host/source/src/platform/ec/build/zephyr/ponyta/modules/ec/common/chipset.c.obj
[frostflow:ro]     COREBOOT_SDK_ROOT_riscv64
[frostflow:ro]     COREBOOT_SDK_ROOT_x86
[matsu-ish:singleimage] [1/256] Generating include/generated/zephyr/version.h
[matsu-ish:singleimage] -- git describe warned: warning: tag 'upstream/v2.7.99' is externally known as 'v2.7.99'
[matsu-ish:singleimage] -- Zephyr version: 4.3.99 (/mnt/host/source/src/third_party/zephyr/main)
[matsu-ish:singleimage] [2/256] Preparing syscall dependency handling
[ponyta:rw] [46/396] Building C object CMakeFiles/app.dir/mnt/host/source/src/platform/ec/build/zephyr/ponyta/modules/ec/common/ap_reset_log.c.obj
[ponyta:rw] [47/396] Building C object CMakeFiles/app.dir/mnt/host/source/src/platform/ec/build/zephyr/ponyta/modules/ec/common/extpower_common.c.obj
[matsu-ish:singleimage] [3/256] Generating misc/generated/syscalls_subdirs.trigger
[/mnt/host/source/src/platform/ec/build/zephyr/vader-lcov]   /mnt/host/source/src/platform/ec/build/zephyr/vader/build-rw/zephyr/CMakeFiles/zephyr.dir/lib/utils/last_section_id.c.gcno:no functions found
[/mnt/host/source/src/platform/ec/build/zephyr/vader-lcov] stderr:
[ponyta:rw] [48/396] Building C object CMakeFiles/app.dir/mnt/host/source/src/platform/ec/build/zephyr/ponyta/modules/ec/common/extpower_gpio.c.obj
[ponyta:ro] [28/396] Building C object CMakeFiles/app.dir/mnt/host/source/src/platform/ec/build/zephyr/ponyta/modules/ec/driver/accelgyro_bmi_common.c.obj
[ponyta:rw] [49/396] Building C object CMakeFiles/app.dir/mnt/host/source/src/platform/ec/build/zephyr/ponyta/modules/ec/common/flash.c.obj
[ponyta:ro] [29/396] Building C object CMakeFiles/app.dir/mnt/host/source/src/platform/ec/build/zephyr/ponyta/modules/ec/driver/accelgyro_bmi3xx.c.obj
[/mnt/host/source/src/platform/ec/build/zephyr/trulo-lcov]   /mnt/host/source/src/platform/ec/build/zephyr/trulo/build-rw/modules/ec/zephyr/CMakeFiles/ec_shim.dir/drivers/keyboard_input/keyboard_customization_check.c.gcno:no functions found
[/mnt/host/source/src/platform/ec/build/zephyr/trulo-lcov] stderr:
[ponyta:ro] [30/396] Building C object CMakeFiles/app.dir/mnt/host/source/src/platform/ec/build/zephyr/ponyta/modules/ec/common/motion_sense_fifo.c.obj
[ponyta:ro] [31/396] Building C object CMakeFiles/app.dir/mnt/host/source/src/platform/ec/build/zephyr/ponyta/modules/ec/driver/accelgyro_lsm6dsm.c.obj
[ponyta:rw] [50/396] Building C object CMakeFiles/app.dir/mnt/host/source/src/platform/ec/build/zephyr/ponyta/modules/ec/common/host_command.c.obj
[ponyta:rw] [51/396] Building C object CMakeFiles/app.dir/mnt/host/source/src/platform/ec/build/zephyr/ponyta/modules/ec/common/host_command_task.c.obj
[ponyta:rw] [52/396] Building C object CMakeFiles/app.dir/mnt/host/source/src/platform/ec/build/zephyr/ponyta/modules/ec/common/uart_hostcmd.c.obj
[matsu-ish:singleimage] [4/256] Generating misc/generated/syscalls.json, misc/generated/struct_tags.json
[ponyta:ro] [32/396] Building C object CMakeFiles/app.dir/mnt/host/source/src/platform/ec/build/zephyr/ponyta/modules/ec/common/adc.c.obj
[matsu-ish:singleimage] [5/256] Generating include/generated/zephyr/syscall_dispatch.c, include/generated/zephyr/syscall_exports_llext.c, syscall_weakdefs_llext.c, include/generated/zephyr/syscall_list.h
[ponyta:rw] [53/396] Building C object CMakeFiles/app.dir/mnt/host/source/src/platform/ec/build/zephyr/ponyta/modules/ec/common/host_event_commands.c.obj
[ponyta:rw] [54/396] Building C object CMakeFiles/app.dir/mnt/host/source/src/platform/ec/build/zephyr/ponyta/modules/ec/common/uptime.c.obj
[ponyta:rw] [55/396] Building C object CMakeFiles/app.dir/mnt/host/source/src/platform/ec/build/zephyr/ponyta/modules/ec/common/i2c_controller.c.obj
[ponyta:ro] [33/396] Building C object CMakeFiles/app.dir/mnt/host/source/src/platform/ec/build/zephyr/ponyta/modules/ec/common/battery.c.obj
[matsu-ish:singleimage] [6/256] Generating include/generated/zephyr/driver-validation.h
[matsu-ish:singleimage] [7/256] Generating include/generated/zephyr/kobj-types-enum.h, include/generated/zephyr/otype-to-str.h, include/generated/zephyr/otype-to-size.h
[ponyta:ro] [34/396] Building C object CMakeFiles/app.dir/mnt/host/source/src/platform/ec/build/zephyr/ponyta/modules/ec/common/battery_info.c.obj
[matsu-ish:singleimage] [8/256] Generating include/generated/device-api-sections.ld, include/generated/device-api-sections.cmake
[ponyta:ro] [35/396] Building C object CMakeFiles/app.dir/mnt/host/source/src/platform/ec/build/zephyr/ponyta/modules/ec/common/battery_fuel_gauge.c.obj
[ponyta:rw] [56/396] Building C object CMakeFiles/app.dir/mnt/host/source/src/platform/ec/build/zephyr/ponyta/modules/ec/common/i2c_passthru.c.obj
[ponyta:ro] [36/396] Building C object CMakeFiles/app.dir/mnt/host/source/src/platform/ec/build/zephyr/ponyta/modules/ec/driver/battery/smart.c.obj
[ponyta:rw] [57/396] Building C object CMakeFiles/app.dir/mnt/host/source/src/platform/ec/build/zephyr/ponyta/modules/ec/common/virtual_battery.c.obj
[ponyta:rw] [58/396] Building C object CMakeFiles/app.dir/mnt/host/source/src/platform/ec/build/zephyr/ponyta/modules/ec/common/mkbp_fifo.c.obj
[matsu-ish:singleimage] [9/256] Building C object zephyr/CMakeFiles/offsets.dir/arch/x86/core/offsets/offsets.c.obj
[ponyta:rw] [59/396] Building C object CMakeFiles/app.dir/mnt/host/source/src/platform/ec/build/zephyr/ponyta/modules/ec/common/mkbp_info.c.obj
[ponyta:rw] [60/396] Building C object CMakeFiles/app.dir/mnt/host/source/src/platform/ec/build/zephyr/ponyta/modules/ec/common/keyboard_scan.c.obj
[matsu-ish:singleimage] [10/256] Generating include/generated/zephyr/offsets.h
[ponyta:ro] [37/396] Building C object CMakeFiles/app.dir/mnt/host/source/src/platform/ec/build/zephyr/ponyta/modules/ec/driver/charger/isl923x.c.obj
[/mnt/host/source/src/platform/ec/build/zephyr/trulo-lcov]   /mnt/host/source/src/platform/ec/build/zephyr/trulo/build-rw/modules/ec/zephyr/drivers/pw_transport/CMakeFiles/pw_transport.proto.nanopb.dir/pw_transport.proto/nanopb/pw_transport/proto/transport.pb.c.gcno:no functions found
[/mnt/host/source/src/platform/ec/build/zephyr/trulo-lcov] stderr:
[ponyta:rw] [61/396] Building C object CMakeFiles/app.dir/mnt/host/source/src/platform/ec/build/zephyr/ponyta/modules/ec/common/keyboard_mkbp.c.obj
[ponyta:ro] [38/396] Building C object CMakeFiles/app.dir/mnt/host/source/src/platform/ec/build/zephyr/ponyta/modules/ec/common/charger.c.obj
[matsu-ish:singleimage] [11/256] Building C object zephyr/CMakeFiles/zephyr.dir/lib/libc/validate_libc.c.obj
[/mnt/host/source/src/platform/ec/build/zephyr/ruby-lcov]   /mnt/host/source/src/platform/ec/build/zephyr/ruby/build-rw/zephyr/CMakeFiles/zephyr.dir/subsys/shell/modules/kernel_service/kernel_shell.c.gcno:no functions found
[/mnt/host/source/src/platform/ec/build/zephyr/ruby-lcov] stderr:
[ponyta:ro] [39/396] Building C object CMakeFiles/app.dir/mnt/host/source/src/platform/ec/build/zephyr/ponyta/modules/ec/common/cbi_common.c.obj
[ponyta:rw] [62/396] Building C object CMakeFiles/app.dir/mnt/host/source/src/platform/ec/build/zephyr/ponyta/modules/ec/common/led_common.c.obj
[ponyta:ro] [40/396] Building C object CMakeFiles/app.dir/mnt/host/source/src/platform/ec/build/zephyr/ponyta/modules/ec/common/charge_state.c.obj
[ponyta:rw] [63/396] Building C object CMakeFiles/app.dir/mnt/host/source/src/platform/ec/build/zephyr/ponyta/modules/ec/common/mkbp_input_devices.c.obj
[/mnt/host/source/src/platform/ec/build/zephyr/ruby-lcov]   /mnt/host/source/src/platform/ec/build/zephyr/ruby/build-rw/zephyr/CMakeFiles/zephyr.dir/lib/libc/validate_libc.c.gcno:no functions found
[/mnt/host/source/src/platform/ec/build/zephyr/ruby-lcov] stderr:
[ponyta:rw] [64/396] Building C object CMakeFiles/app.dir/mnt/host/source/src/platform/ec/build/zephyr/ponyta/modules/ec/common/motion_lid.c.obj
[ponyta:rw] [65/396] Building C object CMakeFiles/app.dir/mnt/host/source/src/platform/ec/build/zephyr/ponyta/modules/ec/common/lid_angle.c.obj
[ponyta:ro] [41/396] Building C object CMakeFiles/app.dir/mnt/host/source/src/platform/ec/build/zephyr/ponyta/modules/ec/common/charge_manager.c.obj
[matsu-ish:singleimage] [12/256] Building C object zephyr/CMakeFiles/zephyr.dir/lib/heap/heap.c.obj
[ponyta:rw] [66/396] Building C object CMakeFiles/app.dir/mnt/host/source/src/platform/ec/build/zephyr/ponyta/modules/ec/common/lid_angle_keyboard_policy.c.obj
[ponyta:ro] [42/396] Building C object CMakeFiles/app.dir/mnt/host/source/src/platform/ec/build/zephyr/ponyta/modules/ec/common/cbi.c.obj
[ponyta:rw] [67/396] Building C object CMakeFiles/app.dir/mnt/host/source/src/platform/ec/build/zephyr/ponyta/modules/ec/common/lid_switch.c.obj
[ponyta:ro] [43/396] Building C object CMakeFiles/app.dir/mnt/host/source/src/platform/ec/build/zephyr/ponyta/modules/ec/common/cbi_config.c.obj
[matsu-ish:singleimage] [13/256] Building C object zephyr/CMakeFiles/zephyr.dir/lib/os/cbprintf_packaged.c.obj
[ponyta:ro] [44/396] Building C object CMakeFiles/app.dir/mnt/host/source/src/platform/ec/build/zephyr/ponyta/modules/ec/common/memory_commands.c.obj
[ponyta:ro] [45/396] Building C object CMakeFiles/app.dir/mnt/host/source/src/platform/ec/build/zephyr/ponyta/modules/ec/common/chipset.c.obj
[ponyta:rw] [68/396] Building C object CMakeFiles/app.dir/mnt/host/source/src/platform/ec/build/zephyr/ponyta/modules/ec/common/mkbp_event.c.obj
[ponyta:rw] [69/396] Building C object CMakeFiles/app.dir/mnt/host/source/src/platform/ec/build/zephyr/ponyta/modules/ec/common/motion_sense.c.obj
[ponyta:ro] [46/396] Building C object CMakeFiles/app.dir/mnt/host/source/src/platform/ec/build/zephyr/ponyta/modules/ec/common/ap_reset_log.c.obj
[ponyta:rw] [70/396] Building C object CMakeFiles/app.dir/mnt/host/source/src/platform/ec/build/zephyr/ponyta/modules/ec/common/power_button.c.obj
[matsu-ish:singleimage] [14/256] Building C object zephyr/CMakeFiles/zephyr.dir/lib/os/clock.c.obj
[ponyta:rw] [71/396] Building C object CMakeFiles/app.dir/mnt/host/source/src/platform/ec/build/zephyr/ponyta/modules/ec/power/common.c.obj
[ponyta:rw] [72/396] Building C object CMakeFiles/app.dir/mnt/host/source/src/platform/ec/build/zephyr/ponyta/modules/ec/power/host_sleep.c.obj
[ponyta:rw] [73/396] Building C object CMakeFiles/app.dir/mnt/host/source/src/platform/ec/build/zephyr/ponyta/modules/ec/power/mt8186.c.obj
[ponyta:ro] [47/396] Building C object CMakeFiles/app.dir/mnt/host/source/src/platform/ec/build/zephyr/ponyta/modules/ec/common/extpower_common.c.obj
[/mnt/host/source/src/platform/ec/build/zephyr/ruby-lcov]   /mnt/host/source/src/platform/ec/build/zephyr/ruby/build-rw/zephyr/CMakeFiles/zephyr.dir/lib/utils/last_section_id.c.gcno:no functions found
[/mnt/host/source/src/platform/ec/build/zephyr/ruby-lcov] stderr:
[ponyta:ro] [48/396] Building C object CMakeFiles/app.dir/mnt/host/source/src/platform/ec/build/zephyr/ponyta/modules/ec/common/extpower_gpio.c.obj
[matsu-ish:singleimage] [15/256] Building C object zephyr/CMakeFiles/zephyr.dir/lib/os/printk.c.obj
[ponyta:rw] [74/396] Building C object CMakeFiles/app.dir/mnt/host/source/src/platform/ec/build/zephyr/ponyta/modules/ec/common/panic_output.c.obj
[ponyta:ro] [49/396] Building C object CMakeFiles/app.dir/mnt/host/source/src/platform/ec/build/zephyr/ponyta/modules/ec/common/host_command.c.obj
[ponyta:ro] [50/396] Building C object CMakeFiles/app.dir/mnt/host/source/src/platform/ec/build/zephyr/ponyta/modules/ec/common/flash.c.obj
[ponyta:rw] [75/396] Building C object CMakeFiles/app.dir/mnt/host/source/src/platform/ec/build/zephyr/ponyta/modules/ec/common/sha256.c.obj
[ponyta:rw] [76/396] Building C object CMakeFiles/app.dir/mnt/host/source/src/platform/ec/build/zephyr/ponyta/modules/ec/common/shared_mem.c.obj
[ponyta:ro] [51/396] Building C object CMakeFiles/app.dir/mnt/host/source/src/platform/ec/build/zephyr/ponyta/modules/ec/common/host_command_task.c.obj
[matsu-ish:singleimage] [16/256] Building C object zephyr/CMakeFiles/zephyr.dir/lib/os/sem.c.obj
[ponyta:rw] [77/396] Building C object CMakeFiles/app.dir/mnt/host/source/src/platform/ec/build/zephyr/ponyta/modules/ec/common/spi_flash_reg.c.obj
[ponyta:rw] [78/396] Building C object CMakeFiles/app.dir/mnt/host/source/src/platform/ec/build/zephyr/ponyta/modules/ec/common/switch.c.obj
[ponyta:rw] [79/396] Building C object CMakeFiles/app.dir/mnt/host/source/src/platform/ec/build/zephyr/ponyta/modules/ec/driver/stm_mems_common.c.obj
[ponyta:ro] [52/396] Building C object CMakeFiles/app.dir/mnt/host/source/src/platform/ec/build/zephyr/ponyta/modules/ec/common/uart_hostcmd.c.obj
[ponyta:ro] [53/396] Building C object CMakeFiles/app.dir/mnt/host/source/src/platform/ec/build/zephyr/ponyta/modules/ec/common/host_event_commands.c.obj
[matsu-ish:singleimage] [17/256] Building C object zephyr/CMakeFiles/zephyr.dir/lib/os/thread_entry.c.obj
[ponyta:rw] [80/396] Building C object CMakeFiles/app.dir/mnt/host/source/src/platform/ec/build/zephyr/ponyta/modules/ec/common/tablet_mode.c.obj
[matsu-ish:singleimage] [18/256] Building C object zephyr/CMakeFiles/zephyr.dir/lib/os/cbprintf_nano.c.obj
[ponyta:ro] [54/396] Building C object CMakeFiles/app.dir/mnt/host/source/src/platform/ec/build/zephyr/ponyta/modules/ec/common/i2c_controller.c.obj
[ponyta:rw] [81/396] Building C object CMakeFiles/app.dir/mnt/host/source/src/platform/ec/build/zephyr/ponyta/modules/ec/common/thermal.c.obj
[ponyta:ro] [55/396] Building C object CMakeFiles/app.dir/mnt/host/source/src/platform/ec/build/zephyr/ponyta/modules/ec/common/uptime.c.obj
[ponyta:ro] [56/396] Building C object CMakeFiles/app.dir/mnt/host/source/src/platform/ec/build/zephyr/ponyta/modules/ec/common/i2c_passthru.c.obj
[ponyta:rw] [82/396] Building C object CMakeFiles/app.dir/mnt/host/source/src/platform/ec/build/zephyr/ponyta/modules/ec/common/temp_sensor.c.obj
[ponyta:rw] [83/396] Building C object CMakeFiles/app.dir/mnt/host/source/src/platform/ec/build/zephyr/ponyta/modules/ec/common/timer.c.obj
[matsu-ish:singleimage] [19/256] Building C object zephyr/CMakeFiles/zephyr.dir/lib/os/cbprintf.c.obj
[ponyta:rw] [84/396] Building C object CMakeFiles/app.dir/mnt/host/source/src/platform/ec/build/zephyr/ponyta/modules/ec/driver/temp_sensor/thermistor.c.obj
[ponyta:rw] [85/396] Building C object CMakeFiles/app.dir/mnt/host/source/src/platform/ec/build/zephyr/ponyta/modules/ec/common/usb_port_power_dumb.c.obj
[ponyta:ro] [57/396] Building C object CMakeFiles/app.dir/mnt/host/source/src/platform/ec/build/zephyr/ponyta/modules/ec/common/virtual_battery.c.obj
[/mnt/host/source/src/platform/ec/build/zephyr/uldrenite-lcov]   /mnt/host/source/src/platform/ec/build/zephyr/uldrenite/build-rw/zephyr/drivers/sensor/CMakeFiles/drivers__sensor.dir/mnt/host/source/src/third_party/zephyr/main/misc/empty_file.c.gcno:no functions found
[/mnt/host/source/src/platform/ec/build/zephyr/uldrenite-lcov] Filter suppressions 'region':
[/mnt/host/source/src/platform/ec/build/zephyr/uldrenite-lcov]     41 instances
[/mnt/host/source/src/platform/ec/build/zephyr/uldrenite-lcov]     38 coverpoints
[/mnt/host/source/src/platform/ec/build/zephyr/uldrenite-lcov] Message summary:
[/mnt/host/source/src/platform/ec/build/zephyr/uldrenite-lcov]   35 ignore messages:
[/mnt/host/source/src/platform/ec/build/zephyr/uldrenite-lcov]     gcov: 35
[ponyta:ro] [58/396] Building C object CMakeFiles/app.dir/mnt/host/source/src/platform/ec/build/zephyr/ponyta/modules/ec/common/keyboard_scan.c.obj
[ponyta:rw] [86/396] Building C object CMakeFiles/app.dir/mnt/host/source/src/platform/ec/build/zephyr/ponyta/modules/ec/common/typec_control.c.obj
[matsu-ish:singleimage] [20/256] Building C object zephyr/CMakeFiles/zephyr.dir/lib/os/assert.c.obj
[matsu-ish:singleimage] [21/256] Building C object zephyr/CMakeFiles/zephyr.dir/lib/os/reboot.c.obj
[ponyta:ro] [59/396] Building C object CMakeFiles/app.dir/mnt/host/source/src/platform/ec/build/zephyr/ponyta/modules/ec/common/mkbp_fifo.c.obj
[matsu-ish:singleimage] [22/256] Building C object zephyr/CMakeFiles/zephyr.dir/lib/utils/dec.c.obj
[ponyta:ro] [60/396] Building C object CMakeFiles/app.dir/mnt/host/source/src/platform/ec/build/zephyr/ponyta/modules/ec/common/keyboard_mkbp.c.obj
[ponyta:rw] [87/396] Building C object CMakeFiles/app.dir/mnt/host/source/src/platform/ec/build/zephyr/ponyta/modules/ec/common/usb_common.c.obj
[ponyta:ro] [61/396] Building C object CMakeFiles/app.dir/mnt/host/source/src/platform/ec/build/zephyr/ponyta/modules/ec/common/mkbp_info.c.obj
[ponyta:rw] [88/396] Building C object CMakeFiles/app.dir/mnt/host/source/src/platform/ec/build/zephyr/ponyta/modules/ec/common/usb_pd_pdo.c.obj
[matsu-ish:singleimage] [23/256] Building C object zephyr/CMakeFiles/zephyr.dir/lib/utils/hex.c.obj
[ponyta:rw] [89/396] Building C object CMakeFiles/app.dir/mnt/host/source/src/platform/ec/build/zephyr/ponyta/modules/ec/common/usbc/usb_pd_timer.c.obj
[ponyta:rw] [90/396] Building C object CMakeFiles/app.dir/mnt/host/source/src/platform/ec/build/zephyr/ponyta/modules/ec/common/usbc/usbc_task.c.obj
[ponyta:rw] [91/396] Building C object CMakeFiles/app.dir/mnt/host/source/src/platform/ec/build/zephyr/ponyta/modules/ec/common/usbc/usb_sm.c.obj
[ponyta:ro] [62/396] Building C object CMakeFiles/app.dir/mnt/host/source/src/platform/ec/build/zephyr/ponyta/modules/ec/common/mkbp_input_devices.c.obj
[matsu-ish:singleimage] [24/256] Building C object zephyr/CMakeFiles/zephyr.dir/lib/utils/rb.c.obj
[matsu-ish:singleimage] [25/256] Building C object zephyr/CMakeFiles/zephyr.dir/lib/utils/timeutil.c.obj
[ponyta:ro] [63/396] Building C object CMakeFiles/app.dir/mnt/host/source/src/platform/ec/build/zephyr/ponyta/modules/ec/common/led_common.c.obj
[ponyta:rw] [92/396] Building C object CMakeFiles/app.dir/mnt/host/source/src/platform/ec/build/zephyr/ponyta/modules/ec/common/usbc_intr_task.c.obj
[matsu-ish:singleimage] [26/256] Building C object zephyr/CMakeFiles/zephyr.dir/lib/utils/bitmask.c.obj
[ponyta:ro] [64/396] Building C object CMakeFiles/app.dir/mnt/host/source/src/platform/ec/build/zephyr/ponyta/modules/ec/common/lid_angle.c.obj
[ponyta:rw] [93/396] Building C object CMakeFiles/app.dir/mnt/host/source/src/platform/ec/build/zephyr/ponyta/modules/ec/common/usb_pd_flags.c.obj
[ponyta:ro] [65/396] Building C object CMakeFiles/app.dir/mnt/host/source/src/platform/ec/build/zephyr/ponyta/modules/ec/common/motion_lid.c.obj
[ponyta:ro] [66/396] Building C object CMakeFiles/app.dir/mnt/host/source/src/platform/ec/build/zephyr/ponyta/modules/ec/common/lid_angle_keyboard_policy.c.obj
[ponyta:rw] [94/396] Building C object CMakeFiles/app.dir/mnt/host/source/src/platform/ec/build/zephyr/ponyta/modules/ec/common/usbc_utils.c.obj
[matsu-ish:singleimage] [27/256] Building C object zephyr/CMakeFiles/zephyr.dir/lib/utils/bitarray.c.obj
[ponyta:rw] [95/396] Building C object CMakeFiles/app.dir/mnt/host/source/src/platform/ec/build/zephyr/ponyta/modules/ec/common/chargen.c.obj
[ponyta:rw] [96/396] Building C object CMakeFiles/app.dir/mnt/host/source/src/platform/ec/build/zephyr/ponyta/modules/ec/common/usbc/usb_pd_console.c.obj
[ponyta:rw] [97/396] Building C object CMakeFiles/app.dir/mnt/host/source/src/platform/ec/build/zephyr/ponyta/modules/ec/driver/usb_mux/usb_mux.c.obj
[ponyta:ro] [67/396] Building C object CMakeFiles/app.dir/mnt/host/source/src/platform/ec/build/zephyr/ponyta/modules/ec/common/lid_switch.c.obj
[matsu-ish:singleimage] [28/256] Building C object zephyr/CMakeFiles/zephyr.dir/lib/utils/getopt/getopt.c.obj
[matsu-ish:singleimage] [29/256] Building C object zephyr/CMakeFiles/zephyr.dir/lib/utils/getopt/getopt_common.c.obj
[ponyta:ro] [68/396] Building C object CMakeFiles/app.dir/mnt/host/source/src/platform/ec/build/zephyr/ponyta/modules/ec/common/mkbp_event.c.obj
[matsu-ish:singleimage] [30/256] Building C object zephyr/CMakeFiles/zephyr.dir/lib/utils/ring_buffer.c.obj
[matsu-ish:singleimage] [31/256] Building C object zephyr/CMakeFiles/zephyr.dir/misc/generated/configs.c.obj
[ponyta:rw] [98/396] Building C object CMakeFiles/app.dir/mnt/host/source/src/platform/ec/build/zephyr/ponyta/modules/ec/driver/usb_mux/virtual.c.obj
[ponyta:rw] [99/396] Building C object CMakeFiles/app.dir/mnt/host/source/src/platform/ec/build/zephyr/ponyta/modules/ec/driver/usb_mux/ps8743.c.obj
[ponyta:ro] [69/396] Building C object CMakeFiles/app.dir/mnt/host/source/src/platform/ec/build/zephyr/ponyta/modules/ec/common/power_button.c.obj
[matsu-ish:singleimage] [32/256] Building C object zephyr/CMakeFiles/zephyr.dir/soc/intel/intel_ish/intel_ish5/soc.c.obj
[ponyta:ro] [70/396] Building C object CMakeFiles/app.dir/mnt/host/source/src/platform/ec/build/zephyr/ponyta/modules/ec/common/motion_sense.c.obj
[ponyta:ro] [71/396] Building C object CMakeFiles/app.dir/mnt/host/source/src/platform/ec/build/zephyr/ponyta/modules/ec/power/common.c.obj
[ponyta:rw] [100/396] Building C object CMakeFiles/app.dir/mnt/host/source/src/platform/ec/build/zephyr/ponyta/modules/ec/common/dps.c.obj
[ponyta:rw] [101/396] Building C object CMakeFiles/app.dir/mnt/host/source/src/platform/ec/build/zephyr/ponyta/modules/ec/common/pd_log.c.obj
[ponyta:rw] [102/396] Building C object CMakeFiles/app.dir/mnt/host/source/src/platform/ec/build/zephyr/ponyta/modules/ec/common/event_log.c.obj
[matsu-ish:singleimage] [33/256] Building C object zephyr/CMakeFiles/zephyr.dir/soc/intel/intel_ish/intel_ish5/pm/power.c.obj
[ponyta:ro] [72/396] Building C object CMakeFiles/app.dir/mnt/host/source/src/platform/ec/build/zephyr/ponyta/modules/ec/power/host_sleep.c.obj
[matsu-ish:singleimage] [34/256] Building C object zephyr/CMakeFiles/zephyr.dir/subsys/logging/log_minimal.c.obj
[ponyta:ro] [73/396] Building C object CMakeFiles/app.dir/mnt/host/source/src/platform/ec/build/zephyr/ponyta/modules/ec/power/mt8186.c.obj
[ponyta:rw] [103/396] Building C object CMakeFiles/app.dir/mnt/host/source/src/platform/ec/build/zephyr/ponyta/modules/ec/common/usbc/usb_tc_drp_acc_trysrc_sm.c.obj
[matsu-ish:singleimage] [35/256] Building C object zephyr/CMakeFiles/zephyr.dir/subsys/pm/state.c.obj
[matsu-ish:singleimage] [36/256] Building C object zephyr/CMakeFiles/zephyr.dir/subsys/pm/pm.c.obj
[ponyta:ro] [74/396] Building C object CMakeFiles/app.dir/mnt/host/source/src/platform/ec/build/zephyr/ponyta/modules/ec/common/panic_output.c.obj
[ponyta:ro] [75/396] Building C object CMakeFiles/app.dir/mnt/host/source/src/platform/ec/build/zephyr/ponyta/modules/ec/common/sha256.c.obj
[ponyta:rw] [104/396] Building C object CMakeFiles/app.dir/mnt/host/source/src/platform/ec/build/zephyr/ponyta/modules/ec/common/usbc/usbc_pd_policy.c.obj
[ponyta:ro] [76/396] Building C object CMakeFiles/app.dir/mnt/host/source/src/platform/ec/build/zephyr/ponyta/modules/ec/common/shared_mem.c.obj
[matsu-ish:singleimage] [37/256] Building C object zephyr/CMakeFiles/zephyr.dir/subsys/pm/policy/policy_events.c.obj
[ponyta:rw] [105/396] Building C object CMakeFiles/app.dir/mnt/host/source/src/platform/ec/build/zephyr/ponyta/modules/ec/common/usbc/usb_prl_sm.c.obj
[matsu-ish:singleimage] [38/256] Building C object zephyr/CMakeFiles/zephyr.dir/subsys/pm/policy/policy_latency.c.obj
[ponyta:rw] [106/396] Building C object CMakeFiles/app.dir/mnt/host/source/src/platform/ec/build/zephyr/ponyta/modules/ec/common/usbc/dp_alt_mode.c.obj
[ponyta:rw] [107/396] Building C object CMakeFiles/app.dir/mnt/host/source/src/platform/ec/build/zephyr/ponyta/modules/ec/common/usbc/usb_pd_dpm.c.obj
[ponyta:ro] [77/396] Building C object CMakeFiles/app.dir/mnt/host/source/src/platform/ec/build/zephyr/ponyta/modules/ec/common/switch.c.obj
[ponyta:ro] [78/396] Building C object CMakeFiles/app.dir/mnt/host/source/src/platform/ec/build/zephyr/ponyta/modules/ec/common/spi_flash_reg.c.obj
[matsu-ish:singleimage] [39/256] Building C object zephyr/CMakeFiles/zephyr.dir/subsys/pm/policy/policy_state_lock.c.obj
[ponyta:rw] [108/396] Building C object CMakeFiles/app.dir/mnt/host/source/src/platform/ec/build/zephyr/ponyta/modules/ec/common/usbc/usb_pe_drp_sm.c.obj
[ponyta:rw] [109/396] Building C object CMakeFiles/app.dir/mnt/host/source/src/platform/ec/build/zephyr/ponyta/modules/ec/common/usb_pd_console_cmd.c.obj
[matsu-ish:singleimage] [40/256] Building C object zephyr/CMakeFiles/zephyr.dir/subsys/pm/policy/policy_default.c.obj
[ponyta:ro] [79/396] Building C object CMakeFiles/app.dir/mnt/host/source/src/platform/ec/build/zephyr/ponyta/modules/ec/driver/stm_mems_common.c.obj
[ponyta:ro] [80/396] Building C object CMakeFiles/app.dir/mnt/host/source/src/platform/ec/build/zephyr/ponyta/modules/ec/common/thermal.c.obj
[matsu-ish:singleimage] [41/256] Building C object zephyr/CMakeFiles/zephyr.dir/subsys/pm/device.c.obj
[ponyta:ro] [81/396] Building C object CMakeFiles/app.dir/mnt/host/source/src/platform/ec/build/zephyr/ponyta/modules/ec/common/tablet_mode.c.obj
[ponyta:rw] [110/396] Building C object CMakeFiles/app.dir/mnt/host/source/src/platform/ec/build/zephyr/ponyta/modules/ec/common/usb_pd_host_cmd.c.obj
[matsu-ish:singleimage] [42/256] Building C object zephyr/CMakeFiles/zephyr.dir/subsys/pm/device_system_managed.c.obj
[ponyta:rw] [111/396] Building C object CMakeFiles/app.dir/mnt/host/source/src/platform/ec/build/zephyr/ponyta/modules/ec/common/usbc/usb_pd_host.c.obj
[ponyta:ro] [82/396] Building C object CMakeFiles/app.dir/mnt/host/source/src/platform/ec/build/zephyr/ponyta/modules/ec/common/temp_sensor.c.obj
[ponyta:rw] [112/396] Building C object CMakeFiles/app.dir/mnt/host/source/src/platform/ec/build/zephyr/ponyta/modules/ec/common/usb_pd_host_cmd_common.c.obj
[matsu-ish:singleimage] [43/256] Building C object zephyr/CMakeFiles/zephyr.dir/subsys/testsuite/coverage/coverage.c.obj
[ponyta:rw] [113/396] Building C object CMakeFiles/app.dir/mnt/host/source/src/platform/ec/build/zephyr/ponyta/modules/ec/common/usbc/svdm_rsp_dfp_only.c.obj
[ponyta:ro] [83/396] Building C object CMakeFiles/app.dir/mnt/host/source/src/platform/ec/build/zephyr/ponyta/modules/ec/driver/temp_sensor/thermistor.c.obj
[ponyta:rw] [114/396] Building C object CMakeFiles/app.dir/mnt/host/source/src/platform/ec/build/zephyr/ponyta/modules/ec/zephyr/shim/src/tcpc.c.obj
[matsu-ish:singleimage] [44/256] Building C object zephyr/CMakeFiles/zephyr.dir/subsys/tracing/tracing_none.c.obj
[ponyta:rw] [115/396] Building C object CMakeFiles/app.dir/mnt/host/source/src/platform/ec/build/zephyr/ponyta/modules/ec/common/usbc_ocp.c.obj
[matsu-ish:singleimage] [45/256] Building C object zephyr/CMakeFiles/zephyr.dir/subsys/shell/modules/kernel_service/kernel_shell.c.obj
[ponyta:ro] [84/396] Building C object CMakeFiles/app.dir/mnt/host/source/src/platform/ec/build/zephyr/ponyta/modules/ec/common/timer.c.obj
[matsu-ish:singleimage] [46/256] Building C object zephyr/CMakeFiles/zephyr.dir/subsys/shell/modules/kernel_service/cycles.c.obj
[ponyta:ro] [85/396] Building C object CMakeFiles/app.dir/mnt/host/source/src/platform/ec/build/zephyr/ponyta/modules/ec/common/usb_port_power_dumb.c.obj
[ponyta:ro] [86/396] Building C object CMakeFiles/app.dir/mnt/host/source/src/platform/ec/build/zephyr/ponyta/modules/ec/common/typec_control.c.obj
[ponyta:rw] [116/396] Building C object CMakeFiles/app.dir/mnt/host/source/src/platform/ec/build/zephyr/ponyta/modules/ec/common/usb_pd_discovery.c.obj
[ponyta:rw] [117/396] Building C object CMakeFiles/app.dir/mnt/host/source/src/platform/ec/build/zephyr/ponyta/modules/ec/common/usb_pd_dual_role.c.obj
[matsu-ish:singleimage] [47/256] Building C object zephyr/CMakeFiles/zephyr.dir/subsys/shell/modules/kernel_service/sleep.c.obj
[matsu-ish:singleimage] [48/256] Building C object zephyr/CMakeFiles/zephyr.dir/subsys/shell/modules/kernel_service/uptime.c.obj
[ponyta:rw] [118/396] Building C object CMakeFiles/app.dir/mnt/host/source/src/platform/ec/build/zephyr/ponyta/modules/ec/common/usbc/dp_hpd_gpio.c.obj
[ponyta:ro] [87/396] Building C object CMakeFiles/app.dir/mnt/host/source/src/platform/ec/build/zephyr/ponyta/modules/ec/common/usb_pd_pdo.c.obj
[ponyta:ro] [88/396] Building C object CMakeFiles/app.dir/mnt/host/source/src/platform/ec/build/zephyr/ponyta/modules/ec/common/usb_common.c.obj
[ponyta:rw] [119/396] Building C object CMakeFiles/app.dir/mnt/host/source/src/platform/ec/build/zephyr/ponyta/modules/ec/driver/tcpm/anx7447.c.obj
[ponyta:rw] [120/396] Building C object CMakeFiles/app.dir/mnt/host/source/src/platform/ec/build/zephyr/ponyta/modules/ec/driver/tcpm/rt1718s.c.obj
[matsu-ish:singleimage] [49/256] Building C object zephyr/CMakeFiles/zephyr.dir/subsys/shell/modules/kernel_service/reboot.c.obj
[matsu-ish:singleimage] [50/256] Building C object zephyr/CMakeFiles/zephyr.dir/subsys/shell/modules/kernel_service/version.c.obj
[/mnt/host/source/src/platform/ec/build/zephyr/trulo-lcov]   /mnt/host/source/src/platform/ec/build/zephyr/trulo/build-rw/modules/ec/zephyr/drivers/dsp_comms/CMakeFiles/dsp_comms.proto.nanopb.dir/dsp_comms.proto/nanopb/proto/ec_dsp.pb.c.gcno:no functions found
[/mnt/host/source/src/platform/ec/build/zephyr/trulo-lcov] stderr:
[ponyta:rw] [121/396] Building C object CMakeFiles/app.dir/mnt/host/source/src/platform/ec/build/zephyr/ponyta/modules/ec/driver/tcpm/tcpci.c.obj
[ponyta:ro] [89/396] Building C object CMakeFiles/app.dir/mnt/host/source/src/platform/ec/build/zephyr/ponyta/modules/ec/common/usbc/usbc_task.c.obj
[ponyta:ro] [90/396] Building C object CMakeFiles/app.dir/mnt/host/source/src/platform/ec/build/zephyr/ponyta/modules/ec/common/usbc/usb_pd_timer.c.obj
[ponyta:ro] [91/396] Building C object CMakeFiles/app.dir/mnt/host/source/src/platform/ec/build/zephyr/ponyta/modules/ec/common/usbc/usb_sm.c.obj
[matsu-ish:singleimage] [51/256] Building C object zephyr/CMakeFiles/zephyr.dir/subsys/shell/modules/kernel_service/thread/thread.c.obj
[matsu-ish:singleimage] [52/256] Building C object zephyr/CMakeFiles/zephyr.dir/subsys/shell/modules/kernel_service/thread/list.c.obj
[ponyta:rw] [122/396] Building C object CMakeFiles/app.dir/mnt/host/source/src/platform/ec/build/zephyr/ponyta/modules/ec/common/usbc_ppc.c.obj
[/mnt/host/source/src/platform/ec/build/zephyr/ruby-lcov]   /mnt/host/source/src/platform/ec/build/zephyr/ruby/build-rw/zephyr/CMakeFiles/zephyr.dir/soc/nuvoton/npcx/common/npcxn/registers.c.gcno:no functions found
[/mnt/host/source/src/platform/ec/build/zephyr/ruby-lcov] stderr:
[ponyta:rw] [123/396] Building C object CMakeFiles/app.dir/mnt/host/source/src/platform/ec/build/zephyr/ponyta/modules/ec/common/vboot_hash.c.obj
[ponyta:rw] [124/396] Building C object CMakeFiles/app.dir/mnt/host/source/src/platform/ec/build/zephyr/ponyta/modules/ec/driver/ppc/nx20p348x.c.obj
[ponyta:ro] [92/396] Building C object CMakeFiles/app.dir/mnt/host/source/src/platform/ec/build/zephyr/ponyta/modules/ec/common/usbc_utils.c.obj
[ponyta:ro] [93/396] Building C object CMakeFiles/app.dir/mnt/host/source/src/platform/ec/build/zephyr/ponyta/modules/ec/common/usbc_intr_task.c.obj
[matsu-ish:singleimage] [53/256] Building C object zephyr/CMakeFiles/zephyr.dir/subsys/shell/modules/kernel_service/thread/stacks.c.obj
[ponyta:rw] [125/396] Building C object CMakeFiles/app.dir/mnt/host/source/src/platform/ec/build/zephyr/ponyta/modules/ec/common/button.c.obj
[ponyta:rw] [126/396] Building C object CMakeFiles/app.dir/mnt/host/source/src/platform/ec/build/zephyr/ponyta/modules/ec/common/vboot/efs2.c.obj
[matsu-ish:singleimage] [54/256] Building C object zephyr/CMakeFiles/zephyr.dir/subsys/shell/modules/kernel_service/thread/unwind.c.obj
[ponyta:rw] [127/396] Building C object CMakeFiles/app.dir/mnt/host/source/src/platform/ec/build/zephyr/ponyta/modules/ec/common/vstore.c.obj
[ponyta:ro] [94/396] Building C object CMakeFiles/app.dir/mnt/host/source/src/platform/ec/build/zephyr/ponyta/modules/ec/common/usb_pd_flags.c.obj
[ponyta:ro] [95/396] Building C object CMakeFiles/app.dir/mnt/host/source/src/platform/ec/build/zephyr/ponyta/modules/ec/common/chargen.c.obj
[ponyta:ro] [96/396] Building C object CMakeFiles/app.dir/mnt/host/source/src/platform/ec/build/zephyr/ponyta/modules/ec/common/usbc/usb_pd_console.c.obj
[matsu-ish:singleimage] [55/256] Building C object zephyr/CMakeFiles/zephyr.dir/subsys/shell/modules/kernel_service/thread/suspend.c.obj
[matsu-ish:singleimage] [56/256] Building C object zephyr/CMakeFiles/zephyr.dir/subsys/shell/modules/kernel_service/thread/resume.c.obj
[ponyta:rw] [128/396] Building C object CMakeFiles/app.dir/mnt/host/source/src/platform/ec/build/zephyr/ponyta/modules/ec/common/math_util.c.obj
[ponyta:rw] [129/396] Building C object CMakeFiles/app.dir/src/board.c.obj
[ponyta:rw] [130/396] Building C object CMakeFiles/app.dir/src/hibernate.c.obj
[matsu-ish:singleimage] [57/256] Building C object zephyr/CMakeFiles/zephyr.dir/subsys/shell/modules/kernel_service/thread/kill.c.obj
[ponyta:ro] [97/396] Building C object CMakeFiles/app.dir/mnt/host/source/src/platform/ec/build/zephyr/ponyta/modules/ec/driver/usb_mux/usb_mux.c.obj
[matsu-ish:singleimage] [58/256] Building C object zephyr/CMakeFiles/zephyr.dir/subsys/shell/backends/shell_uart.c.obj
[ponyta:ro] [98/396] Building C object CMakeFiles/app.dir/mnt/host/source/src/platform/ec/build/zephyr/ponyta/modules/ec/driver/usb_mux/ps8743.c.obj
[ponyta:rw] [131/396] Building C object CMakeFiles/app.dir/src/usb_pd_policy.c.obj
[ponyta:ro] [99/396] Building C object CMakeFiles/app.dir/mnt/host/source/src/platform/ec/build/zephyr/ponyta/modules/ec/driver/usb_mux/virtual.c.obj
[ponyta:rw] [132/396] Building C object CMakeFiles/app.dir/src/usbc.c.obj
[ponyta:rw] [133/396] Building C object CMakeFiles/app.dir/src/variant_db_detection.c.obj
[matsu-ish:singleimage] [59/256] Building C object zephyr/CMakeFiles/zephyr.dir/subsys/shell/shell_fprintf.c.obj
[ponyta:rw] [134/396] Building C object CMakeFiles/app.dir/src/board_chipset.c.obj
[ponyta:ro] [100/396] Building C object CMakeFiles/app.dir/mnt/host/source/src/platform/ec/build/zephyr/ponyta/modules/ec/common/dps.c.obj
[/mnt/host/source/src/platform/ec/build/zephyr/vader-lcov]   /mnt/host/source/src/platform/ec/build/zephyr/vader/build-rw/zephyr/CMakeFiles/zephyr.dir/soc/nuvoton/npcx/common/npcxn/registers.c.gcno:no functions found
[/mnt/host/source/src/platform/ec/build/zephyr/vader-lcov] Filter suppressions 'region':
[ponyta:ro] [101/396] Building C object CMakeFiles/app.dir/mnt/host/source/src/platform/ec/build/zephyr/ponyta/modules/ec/common/event_log.c.obj
[/mnt/host/source/src/platform/ec/build/zephyr/vader-lcov]     158 instances
[/mnt/host/source/src/platform/ec/build/zephyr/vader-lcov]     240 coverpoints
[/mnt/host/source/src/platform/ec/build/zephyr/vader-lcov] Message summary:
[/mnt/host/source/src/platform/ec/build/zephyr/vader-lcov]   27 ignore messages:
[/mnt/host/source/src/platform/ec/build/zephyr/vader-lcov]     gcov: 27
[anraggar:rw] Building: /usr/bin/ninja -C /mnt/host/source/src/platform/ec/build/zephyr/anraggar/build-rw all.libraries
Running `env -i SHELL=/bin/bash COLORTERM=truecolor DEPOT_TOOLS_UPDATE=0 LESS='-R -M --shift 5' SUDO_GID=0 JDK_HOME=/etc/java-config-2/current-system-vm CONFIG_PROTECT_MASK='/etc/gentoo-release /etc/sandbox.d /etc/fonts/fonts.conf /etc/terminfo /etc/ca-certificates.conf /etc/revdep-rebuild' CHROMEOS_CACHEDIR=/var/cache/chromeos-cache JAVA_HOME=/etc/java-config-2/current-system-vm SSH_AUTH_SOCK=/tmp/ssh-auth-sock SUDO_COMMAND=/bin/bash SUDO_USER=root SUDO_TTY=/dev/pts/2 EDITOR=/usr/bin/vi PWD=/mnt/host/source/src/platform/ec CONFIG_PROTECT=/usr/share/gnupg/qualified.txt LOGNAME=jpmurphy MANPATH=/etc/java-config-2/current-system-vm/man:/usr/local/share/man:/usr/share/man:/usr/share/gcc-data/x86_64-pc-linux-gnu/10.2.0/man:/usr/share/binutils-data/x86_64-pc-linux-gnu/2.45/man:/etc/java-config-2/current-system-vm/man/ SUDO_HOME=/root XAUTHORITY=/run/user/944457/gdm/Xauthority HOME=/home/jpmurphy LANG=C.UTF-8 LS_COLORS='rs=0:di=01;34:ln=01;36:mh=00:pi=40;33:so=01;35:do=01;35:bd=40;33;01:cd=40;33;01:or=01;05;37;41:mi=01;05;37;41:su=37;41:sg=30;43:ca=30;41:tw=30;42:ow=34;42:st=37;44:ex=01;32:*.tar=01;31:*.tgz=01;31:*.arc=01;31:*.arj=01;31:*.taz=01;31:*.lha=01;31:*.lz4=01;31:*.lzh=01;31:*.lzma=01;31:*.tlz=01;31:*.txz=01;31:*.tzo=01;31:*.t7z=01;31:*.zip=01;31:*.z=01;31:*.dz=01;31:*.gz=01;31:*.lrz=01;31:*.lz=01;31:*.lzo=01;31:*.xz=01;31:*.zst=01;31:*.tzst=01;31:*.bz2=01;31:*.bz=01;31:*.tbz=01;31:*.tbz2=01;31:*.tz=01;31:*.deb=01;31:*.rpm=01;31:*.jar=01;31:*.war=01;31:*.ear=01;31:*.sar=01;31:*.rar=01;31:*.alz=01;31:*.ace=01;31:*.zoo=01;31:*.cpio=01;31:*.7z=01;31:*.rz=01;31:*.cab=01;31:*.wim=01;31:*.swm=01;31:*.dwm=01;31:*.esd=01;31:*.jpg=01;35:*.jpeg=01;35:*.mjpg=01;35:*.mjpeg=01;35:*.gif=01;35:*.bmp=01;35:*.pbm=01;35:*.pgm=01;35:*.ppm=01;35:*.tga=01;35:*.xbm=01;35:*.xpm=01;35:*.tif=01;35:*.tiff=01;35:*.png=01;35:*.svg=01;35:*.svgz=01;35:*.mng=01;35:*.pcx=01;35:*.mov=01;35:*.mpg=01;35:*.mpeg=01;35:*.m2v=01;35:*.mkv=01;35:*.webm=01;35:*.webp=01;35:*.ogm=01;35:*.mp4=01;35:*.m4v=01;35:*.mp4v=01;35:*.vob=01;35:*.qt=01;35:*.nuv=01;35:*.wmv=01;35:*.asf=01;35:*.rm=01;35:*.rmvb=01;35:*.flc=01;35:*.avi=01;35:*.fli=01;35:*.flv=01;35:*.gl=01;35:*.dl=01;35:*.xcf=01;35:*.xwd=01;35:*.yuv=01;35:*.cgm=01;35:*.emf=01;35:*.ogv=01;35:*.ogx=01;35:*.cfg=00;32:*.conf=00;32:*.diff=00;32:*.doc=00;32:*.ini=00;32:*.log=00;32:*.patch=00;32:*.pdf=00;32:*.ps=00;32:*.tex=00;32:*.txt=00;32:*.aac=00;36:*.au=00;36:*.flac=00;36:*.m4a=00;36:*.mid=00;36:*.midi=00;36:*.mka=00;36:*.mp3=00;36:*.mpc=00;36:*.ogg=00;36:*.ra=00;36:*.wav=00;36:*.oga=00;36:*.opus=00;36:*.spx=00;36:*.xspf=00;36:' XDG_CURRENT_DESKTOP=GNOME INFOPATH=/usr/share/info:/usr/share/gcc-data/x86_64-pc-linux-gnu/10.2.0/info:/usr/share/binutils-data/x86_64-pc-linux-gnu/2.45/info:/usr/share/automake-1.16.5/info JAVAC=/etc/java-config-2/current-system-vm/bin/javac TERM=xterm-256color LESSOPEN='|lesspipe %s' USER=jpmurphy CROS_WORKON_SRCROOT=/mnt/host/source MANPAGER=manpager DISPLAY=:1 SHLVL=1 LC_MESSAGES=C EXTERNAL_TRUNK_PATH=/mnt/8f9d649a-3721-44cc-93c0-e6bd21a9689f/chromiumos GCC_SPECS='' PATH=/mnt/host/source/chromite/bin:/usr/local/bin:/usr/bin:/bin:/opt/bin:/mnt/host/source/chromite/sdk/bin:/mnt/host/source/chromite/bin PORTAGE_USERNAME=jpmurphy SUDO_UID=0 GCC_VER=10.2.0 MAIL=/var/mail/jpmurphy OLDPWD=/mnt/host/source/src/scripts traceparent=00-e87aca51550a78635907baa6a2476181-6d684811675d2973-01 _=./zephyr/firmware_builder.py COREBOOT_SDK_ROOT_x86=/home/jpmurphy/.cache/coreboot-sdk/i386-elf/dfbb0486385d938cfa9d73080b9d18d598ed4f49 COREBOOT_SDK_ROOT_picolibc_x86=/home/jpmurphy/.cache/coreboot-sdk/picolibc-i386-elf/eb8e8e687b95461de8cbf278f1c2076952d0ad17 COREBOOT_SDK_ROOT_riscv64=/home/jpmurphy/.cache/coreboot-sdk/riscv64-elf/96b949749225b6aaa92ed810ab769e8dfb12f000 COREBOOT_SDK_ROOT_picolibc_arm=/home/jpmurphy/.cache/coreboot-sdk/picolibc-arm-eabi/422a2aa3e1ef891b5bece9a3deb696ff83840d2e COREBOOT_SDK_ROOT_nds32=/home/jpmurphy/.cache/coreboot-sdk/nds32le-elf/d1a518c4a097666d86058e1444f85ca015d15511 COREBOOT_SDK_ROOT_picolibc_riscv64=/home/jpmurphy/.cache/coreboot-sdk/picolibc-riscv64-elf/f571e990ef0278564b31124f8bb109d9a697eb69 COREBOOT_SDK_ROOT_arm=/home/jpmurphy/.cache/coreboot-sdk/arm-eabi/ea40ddd1d190c3b48435c474c0b545719371813a COREBOOT_SDK_ROOT_libstdcxx_riscv64=/home/jpmurphy/.cache/coreboot-sdk/libstdcxx-riscv64-elf/17abf22a3a252e2d5d2062ced5324f7a623689e0 COREBOOT_SDK_ROOT_libstdcxx_arm=/home/jpmurphy/.cache/coreboot-sdk/libstdcxx-arm-eabi/5d7d82e150e44aa1968f1d366e267e6687b328ac COREBOOT_SDK_ROOT_riscv=/home/jpmurphy/.cache/coreboot-sdk/riscv-elf/9a27b9e82341c6e9126624f516ab3f261abb3e73 COREBOOT_SDK_ROOT_libstdcxx_x86=/home/jpmurphy/.cache/coreboot-sdk/libstdcxx-i386-elf/42ef9d2e87a76a37963175d7d428734e65648b87 PYTHONPATH=/mnt/host/source/src/platform/ec/zephyr/zmake PW_PIGWEED_CIPD_INSTALL_DIR=/usr CROSTC_USER_ACKNOWLEDGES_THAT_RISCV_IS_EXPERIMENTAL=1 MAKEFLAGS=' -j16 --jobserver-auth=5,6' /usr/bin/ninja -C /mnt/host/source/src/platform/ec/build/zephyr/anraggar/build-rw all.libraries`
[anraggar:rw] ninja: Entering directory `/mnt/host/source/src/platform/ec/build/zephyr/anraggar/build-rw'
[matsu-ish:singleimage] [60/256] Building C object zephyr/CMakeFiles/zephyr.dir/subsys/shell/shell.c.obj
[ponyta:rw] [135/396] Building C object CMakeFiles/app.dir/src/npcx_i2c.c.obj
[matsu-ish:singleimage] [61/256] Building C object zephyr/CMakeFiles/zephyr.dir/subsys/shell/shell_utils.c.obj
[ponyta:ro] [102/396] Building C object CMakeFiles/app.dir/mnt/host/source/src/platform/ec/build/zephyr/ponyta/modules/ec/common/pd_log.c.obj
[ponyta:rw] [136/396] Building C object CMakeFiles/app.dir/src/npcx_usb_pd_policy.c.obj
[ponyta:rw] [137/396] Building C object zephyr/CMakeFiles/zephyr.dir/lib/libc/validate_libc.c.obj
[ponyta:rw] [138/396] Building C object CMakeFiles/app.dir/ponyta/src/board.c.obj
[ponyta:rw] [139/396] Building C object CMakeFiles/app.dir/src/npcx_usbc.c.obj
[matsu-ish:singleimage] [62/256] Building C object zephyr/CMakeFiles/zephyr.dir/subsys/shell/shell_ops.c.obj
[anraggar:rw] [1/400] Generating include/generated/zephyr/version.h
[anraggar:rw] -- git describe warned: warning: tag 'upstream/v2.7.99' is externally known as 'v2.7.99'
[anraggar:rw] -- Zephyr version: 4.3.99 (/mnt/host/source/src/third_party/zephyr/main)
[anraggar:rw] [2/400] Preparing syscall dependency handling
[anraggar:rw] [3/400] Generating misc/generated/syscalls_subdirs.trigger
[ponyta:rw] [140/396] Building C object CMakeFiles/app.dir/ponyta/src/thermal.c.obj
[ponyta:ro] [103/396] Building C object CMakeFiles/app.dir/mnt/host/source/src/platform/ec/build/zephyr/ponyta/modules/ec/common/usbc/usb_tc_drp_acc_trysrc_sm.c.obj
[ponyta:ro] [104/396] Building C object CMakeFiles/app.dir/mnt/host/source/src/platform/ec/build/zephyr/ponyta/modules/ec/common/usbc/usb_prl_sm.c.obj
[matsu-ish:singleimage] [63/256] Building C object zephyr/CMakeFiles/zephyr.dir/subsys/shell/shell_help.c.obj
[ponyta:rw] [141/396] Linking C static library app/libapp.a
[matsu-ish:singleimage] [64/256] Building C object zephyr/CMakeFiles/zephyr.dir/subsys/shell/shell_history.c.obj
[ponyta:ro] [105/396] Building C object CMakeFiles/app.dir/mnt/host/source/src/platform/ec/build/zephyr/ponyta/modules/ec/common/usbc/usb_pd_dpm.c.obj
[ponyta:rw] [142/396] Building C object zephyr/CMakeFiles/zephyr.dir/lib/heap/heap.c.obj
[ponyta:rw] [143/396] Building C object zephyr/CMakeFiles/zephyr.dir/lib/os/cbprintf_packaged.c.obj
[matsu-ish:singleimage] [65/256] Building C object zephyr/CMakeFiles/zephyr.dir/mnt/host/source/src/third_party/zephyrproject/modules/hal/intel/zephyr/bsp_sedi/bsp_sedi_rtos_utils.c.obj
[ponyta:rw] [144/396] Building C object zephyr/CMakeFiles/zephyr.dir/lib/os/sem.c.obj
[ponyta:ro] [106/396] Building C object CMakeFiles/app.dir/mnt/host/source/src/platform/ec/build/zephyr/ponyta/modules/ec/common/usbc/usbc_pd_policy.c.obj
[matsu-ish:singleimage] [66/256] Linking C static library zephyr/libzephyr.a
[matsu-ish:singleimage] [67/256] Building C object zephyr/arch/common/CMakeFiles/arch__common.dir/init.c.obj
[ponyta:rw] [145/396] Building C object zephyr/CMakeFiles/zephyr.dir/lib/os/printk.c.obj
[ponyta:ro] [107/396] Building C object CMakeFiles/app.dir/mnt/host/source/src/platform/ec/build/zephyr/ponyta/modules/ec/common/usbc/usb_pe_drp_sm.c.obj
[ponyta:rw] [146/396] Building C object zephyr/CMakeFiles/zephyr.dir/lib/os/clock.c.obj
[matsu-ish:singleimage] [68/256] Linking C static library zephyr/arch/common/libarch__common.a
[ponyta:rw] [147/396] Building C object zephyr/CMakeFiles/zephyr.dir/lib/os/thread_entry.c.obj
[anraggar:rw] [4/400] Generating misc/generated/syscalls.json, misc/generated/struct_tags.json
[ponyta:rw] [148/396] Building C object zephyr/CMakeFiles/zephyr.dir/lib/utils/dec.c.obj
[ponyta:rw] [149/396] Building C object zephyr/CMakeFiles/zephyr.dir/lib/utils/hex.c.obj
[ponyta:ro] [108/396] Building C object CMakeFiles/app.dir/mnt/host/source/src/platform/ec/build/zephyr/ponyta/modules/ec/common/usb_pd_console_cmd.c.obj
[matsu-ish:singleimage] [69/256] Building C object zephyr/arch/arch/x86/core/CMakeFiles/arch__x86__core.dir/cpuhalt.c.obj
[anraggar:rw] [5/400] Generating include/generated/zephyr/syscall_dispatch.c, include/generated/zephyr/syscall_exports_llext.c, syscall_weakdefs_llext.c, include/generated/zephyr/syscall_list.h
[ponyta:rw] [150/396] Building C object zephyr/CMakeFiles/zephyr.dir/lib/os/cbprintf_nano.c.obj
[matsu-ish:singleimage] [70/256] Building C object zephyr/arch/arch/x86/core/CMakeFiles/arch__x86__core.dir/prep_c.c.obj
[ponyta:ro] [109/396] Building C object CMakeFiles/app.dir/mnt/host/source/src/platform/ec/build/zephyr/ponyta/modules/ec/common/usbc/dp_alt_mode.c.obj
[ponyta:rw] [151/396] Building C object zephyr/CMakeFiles/zephyr.dir/lib/os/cbprintf.c.obj
[ponyta:rw] [152/396] Building C object zephyr/CMakeFiles/zephyr.dir/lib/utils/timeutil.c.obj
[anraggar:rw] [6/400] Generating include/generated/zephyr/driver-validation.h
[ponyta:rw] [153/396] Building C object zephyr/CMakeFiles/zephyr.dir/lib/os/assert.c.obj
[ponyta:ro] [110/396] Building C object CMakeFiles/app.dir/mnt/host/source/src/platform/ec/build/zephyr/ponyta/modules/ec/common/usb_pd_host_cmd.c.obj
[ponyta:rw] [154/396] Building C object zephyr/CMakeFiles/zephyr.dir/lib/utils/bitmask.c.obj
[anraggar:rw] [7/400] Generating include/generated/zephyr/kobj-types-enum.h, include/generated/zephyr/otype-to-str.h, include/generated/zephyr/otype-to-size.h
[matsu-ish:singleimage] [71/256] Building C object zephyr/arch/arch/x86/core/CMakeFiles/arch__x86__core.dir/cpuid.c.obj
[anraggar:rw] [8/400] Generating include/generated/device-api-sections.ld, include/generated/device-api-sections.cmake
[ponyta:ro] [111/396] Building C object CMakeFiles/app.dir/mnt/host/source/src/platform/ec/build/zephyr/ponyta/modules/ec/common/usbc/usb_pd_host.c.obj
[ponyta:rw] [155/396] Building C object zephyr/CMakeFiles/zephyr.dir/lib/utils/last_section_id.c.obj
[matsu-ish:singleimage] [72/256] Building C object zephyr/arch/arch/x86/core/CMakeFiles/arch__x86__core.dir/fatal.c.obj
[ponyta:rw] [156/396] Building C object zephyr/CMakeFiles/zephyr.dir/lib/utils/ring_buffer.c.obj
[ponyta:rw] [157/396] Building C object zephyr/CMakeFiles/zephyr.dir/lib/utils/rb.c.obj
[ponyta:rw] [158/396] Building C object zephyr/CMakeFiles/zephyr.dir/lib/utils/bitarray.c.obj
[ponyta:rw] [159/396] Building C object zephyr/CMakeFiles/zephyr.dir/misc/generated/configs.c.obj
[ponyta:ro] [112/396] Building C object CMakeFiles/app.dir/mnt/host/source/src/platform/ec/build/zephyr/ponyta/modules/ec/zephyr/shim/src/tcpc.c.obj
[matsu-ish:singleimage] [73/256] Building C object zephyr/arch/arch/x86/core/CMakeFiles/arch__x86__core.dir/spec_ctrl.c.obj
[ponyta:rw] [160/396] Building C object zephyr/CMakeFiles/zephyr.dir/lib/utils/getopt/getopt.c.obj
[ponyta:ro] [113/396] Building C object CMakeFiles/app.dir/mnt/host/source/src/platform/ec/build/zephyr/ponyta/modules/ec/common/usbc/svdm_rsp_dfp_only.c.obj
[ponyta:rw] [161/396] Building C object zephyr/CMakeFiles/zephyr.dir/lib/utils/getopt/getopt_common.c.obj
[matsu-ish:singleimage] [74/256] Building C object zephyr/arch/arch/x86/core/CMakeFiles/arch__x86__core.dir/reboot_rst_cnt.c.obj
[ponyta:ro] [114/396] Building C object CMakeFiles/app.dir/mnt/host/source/src/platform/ec/build/zephyr/ponyta/modules/ec/common/usb_pd_host_cmd_common.c.obj
[anraggar:rw] [9/400] Building C object zephyr/CMakeFiles/offsets.dir/arch/riscv/core/offsets/offsets.c.obj
[matsu-ish:singleimage] [75/256] Building ASM object zephyr/arch/arch/x86/core/CMakeFiles/arch__x86__core.dir/ia32/excstub.S.obj
[matsu-ish:singleimage] [76/256] Building ASM object zephyr/arch/arch/x86/core/CMakeFiles/arch__x86__core.dir/ia32/crt0.S.obj
[anraggar:rw] [10/400] Generating include/generated/zephyr/offsets.h
[ponyta:rw] [162/396] Building C object zephyr/CMakeFiles/zephyr.dir/soc/nuvoton/npcx/common/npcxn/registers.c.obj
[ponyta:ro] [115/396] Building C object CMakeFiles/app.dir/mnt/host/source/src/platform/ec/build/zephyr/ponyta/modules/ec/common/usbc_ocp.c.obj
[ponyta:rw] [163/396] Building C object zephyr/CMakeFiles/zephyr.dir/soc/nuvoton/npcx/common/power.c.obj
[ponyta:rw] [164/396] Building C object zephyr/CMakeFiles/zephyr.dir/soc/nuvoton/npcx/npcx9/soc.c.obj
[ponyta:rw] [165/396] Building C object zephyr/CMakeFiles/zephyr.dir/soc/nuvoton/npcx/common/scfg.c.obj
[/mnt/host/source/src/platform/ec/build/zephyr/trulo-lcov]   /mnt/host/source/src/platform/ec/build/zephyr/trulo/build-rw/CMakeFiles/app.dir/mnt/host/source/src/platform/ec/build/zephyr/trulo/modules/ec/common/cbi_config.c.gcno:no functions found
[/mnt/host/source/src/platform/ec/build/zephyr/trulo-lcov] stderr:
[ponyta:ro] [116/396] Building C object CMakeFiles/app.dir/mnt/host/source/src/platform/ec/build/zephyr/ponyta/modules/ec/common/usb_pd_discovery.c.obj
[matsu-ish:singleimage] [77/256] Building ASM object zephyr/arch/arch/x86/core/CMakeFiles/arch__x86__core.dir/ia32/intstub.S.obj
[matsu-ish:singleimage] [78/256] Building C object zephyr/arch/arch/x86/core/CMakeFiles/arch__x86__core.dir/ia32/irq_manage.c.obj
[ponyta:ro] [117/396] Building C object CMakeFiles/app.dir/mnt/host/source/src/platform/ec/build/zephyr/ponyta/modules/ec/common/usb_pd_dual_role.c.obj
[ponyta:rw] [166/396] Building C object zephyr/CMakeFiles/zephyr.dir/subsys/pm/pm.c.obj
[ponyta:rw] [167/396] Building C object zephyr/CMakeFiles/zephyr.dir/subsys/mem_mgmt/mem_attr.c.obj
[ponyta:ro] [118/396] Building C object CMakeFiles/app.dir/mnt/host/source/src/platform/ec/build/zephyr/ponyta/modules/ec/common/usbc/dp_hpd_gpio.c.obj
[anraggar:rw] [11/400] Building C object zephyr/CMakeFiles/zephyr.dir/lib/libc/validate_libc.c.obj
[ponyta:rw] [168/396] Building C object zephyr/CMakeFiles/zephyr.dir/subsys/pm/state.c.obj
[matsu-ish:singleimage] [79/256] Building C object zephyr/arch/arch/x86/core/CMakeFiles/arch__x86__core.dir/ia32/thread.c.obj
[matsu-ish:singleimage] [80/256] Building ASM object zephyr/arch/arch/x86/core/CMakeFiles/arch__x86__core.dir/ia32/swap.S.obj
[ponyta:rw] [169/396] Building C object zephyr/CMakeFiles/zephyr.dir/subsys/pm/policy/policy_events.c.obj
[ponyta:rw] [170/396] Building C object zephyr/CMakeFiles/zephyr.dir/subsys/pm/policy/policy_state_lock.c.obj
[ponyta:rw] [171/396] Building C object zephyr/CMakeFiles/zephyr.dir/subsys/pm/policy/policy_latency.c.obj
[ponyta:ro] [119/396] Building C object CMakeFiles/app.dir/mnt/host/source/src/platform/ec/build/zephyr/ponyta/modules/ec/driver/tcpm/anx7447.c.obj
[matsu-ish:singleimage] [81/256] Building C object zephyr/arch/arch/x86/core/CMakeFiles/arch__x86__core.dir/ia32/soft_float_stubs.c.obj
[ponyta:ro] [120/396] Building C object CMakeFiles/app.dir/mnt/host/source/src/platform/ec/build/zephyr/ponyta/modules/ec/driver/tcpm/rt1718s.c.obj
[matsu-ish:singleimage] [82/256] Generating ../../../include/generated/libc/minimal/strerror_table.h
[ponyta:rw] [172/396] Building C object zephyr/CMakeFiles/zephyr.dir/subsys/pm/device_system_managed.c.obj
[ponyta:rw] [173/396] Building C object zephyr/CMakeFiles/zephyr.dir/subsys/pm/device.c.obj
[anraggar:rw] [12/400] Building C object zephyr/CMakeFiles/zephyr.dir/lib/heap/heap.c.obj
[matsu-ish:singleimage] [83/256] Building C object zephyr/arch/arch/x86/core/CMakeFiles/arch__x86__core.dir/ia32/fatal.c.obj
[matsu-ish:singleimage] [84/256] Linking C static library zephyr/arch/arch/x86/core/libarch__x86__core.a
[matsu-ish:singleimage] [85/256] Building C object zephyr/lib/libc/minimal/CMakeFiles/lib__libc__minimal.dir/source/stdlib/atoi.c.obj
[ponyta:rw] [174/396] Building C object zephyr/CMakeFiles/zephyr.dir/subsys/testsuite/coverage/coverage.c.obj
[/mnt/host/source/src/platform/ec/build/zephyr/ruby-lcov]   /mnt/host/source/src/platform/ec/build/zephyr/ruby/build-rw/zephyr/drivers/sensor/CMakeFiles/drivers__sensor.dir/mnt/host/source/src/third_party/zephyr/main/misc/empty_file.c.gcno:no functions found
[/mnt/host/source/src/platform/ec/build/zephyr/ruby-lcov] Filter suppressions 'region':
[/mnt/host/source/src/platform/ec/build/zephyr/ruby-lcov]     153 instances
[/mnt/host/source/src/platform/ec/build/zephyr/ruby-lcov]     238 coverpoints
[/mnt/host/source/src/platform/ec/build/zephyr/ruby-lcov] Message summary:
[/mnt/host/source/src/platform/ec/build/zephyr/ruby-lcov]   27 ignore messages:
[/mnt/host/source/src/platform/ec/build/zephyr/ruby-lcov]     gcov: 27
[ponyta:ro] [121/396] Building C object CMakeFiles/app.dir/mnt/host/source/src/platform/ec/build/zephyr/ponyta/modules/ec/common/usbc_ppc.c.obj
[anraggar:ro] Building: /usr/bin/ninja -C /mnt/host/source/src/platform/ec/build/zephyr/anraggar/build-ro all.libraries
Running `env -i SHELL=/bin/bash COLORTERM=truecolor DEPOT_TOOLS_UPDATE=0 LESS='-R -M --shift 5' SUDO_GID=0 JDK_HOME=/etc/java-config-2/current-system-vm CONFIG_PROTECT_MASK='/etc/gentoo-release /etc/sandbox.d /etc/fonts/fonts.conf /etc/terminfo /etc/ca-certificates.conf /etc/revdep-rebuild' CHROMEOS_CACHEDIR=/var/cache/chromeos-cache JAVA_HOME=/etc/java-config-2/current-system-vm SSH_AUTH_SOCK=/tmp/ssh-auth-sock SUDO_COMMAND=/bin/bash SUDO_USER=root SUDO_TTY=/dev/pts/2 EDITOR=/usr/bin/vi PWD=/mnt/host/source/src/platform/ec CONFIG_PROTECT=/usr/share/gnupg/qualified.txt LOGNAME=jpmurphy MANPATH=/etc/java-config-2/current-system-vm/man:/usr/local/share/man:/usr/share/man:/usr/share/gcc-data/x86_64-pc-linux-gnu/10.2.0/man:/usr/share/binutils-data/x86_64-pc-linux-gnu/2.45/man:/etc/java-config-2/current-system-vm/man/ SUDO_HOME=/root XAUTHORITY=/run/user/944457/gdm/Xauthority HOME=/home/jpmurphy LANG=C.UTF-8 LS_COLORS='rs=0:di=01;34:ln=01;36:mh=00:pi=40;33:so=01;35:do=01;35:bd=40;33;01:cd=40;33;01:or=01;05;37;41:mi=01;05;37;41:su=37;41:sg=30;43:ca=30;41:tw=30;42:ow=34;42:st=37;44:ex=01;32:*.tar=01;31:*.tgz=01;31:*.arc=01;31:*.arj=01;31:*.taz=01;31:*.lha=01;31:*.lz4=01;31:*.lzh=01;31:*.lzma=01;31:*.tlz=01;31:*.txz=01;31:*.tzo=01;31:*.t7z=01;31:*.zip=01;31:*.z=01;31:*.dz=01;31:*.gz=01;31:*.lrz=01;31:*.lz=01;31:*.lzo=01;31:*.xz=01;31:*.zst=01;31:*.tzst=01;31:*.bz2=01;31:*.bz=01;31:*.tbz=01;31:*.tbz2=01;31:*.tz=01;31:*.deb=01;31:*.rpm=01;31:*.jar=01;31:*.war=01;31:*.ear=01;31:*.sar=01;31:*.rar=01;31:*.alz=01;31:*.ace=01;31:*.zoo=01;31:*.cpio=01;31:*.7z=01;31:*.rz=01;31:*.cab=01;31:*.wim=01;31:*.swm=01;31:*.dwm=01;31:*.esd=01;31:*.jpg=01;35:*.jpeg=01;35:*.mjpg=01;35:*.mjpeg=01;35:*.gif=01;35:*.bmp=01;35:*.pbm=01;35:*.pgm=01;35:*.ppm=01;35:*.tga=01;35:*.xbm=01;35:*.xpm=01;35:*.tif=01;35:*.tiff=01;35:*.png=01;35:*.svg=01;35:*.svgz=01;35:*.mng=01;35:*.pcx=01;35:*.mov=01;35:*.mpg=01;35:*.mpeg=01;35:*.m2v=01;35:*.mkv=01;35:*.webm=01;35:*.webp=01;35:*.ogm=01;35:*.mp4=01;35:*.m4v=01;35:*.mp4v=01;35:*.vob=01;35:*.qt=01;35:*.nuv=01;35:*.wmv=01;35:*.asf=01;35:*.rm=01;35:*.rmvb=01;35:*.flc=01;35:*.avi=01;35:*.fli=01;35:*.flv=01;35:*.gl=01;35:*.dl=01;35:*.xcf=01;35:*.xwd=01;35:*.yuv=01;35:*.cgm=01;35:*.emf=01;35:*.ogv=01;35:*.ogx=01;35:*.cfg=00;32:*.conf=00;32:*.diff=00;32:*.doc=00;32:*.ini=00;32:*.log=00;32:*.patch=00;32:*.pdf=00;32:*.ps=00;32:*.tex=00;32:*.txt=00;32:*.aac=00;36:*.au=00;36:*.flac=00;36:*.m4a=00;36:*.mid=00;36:*.midi=00;36:*.mka=00;36:*.mp3=00;36:*.mpc=00;36:*.ogg=00;36:*.ra=00;36:*.wav=00;36:*.oga=00;36:*.opus=00;36:*.spx=00;36:*.xspf=00;36:' XDG_CURRENT_DESKTOP=GNOME INFOPATH=/usr/share/info:/usr/share/gcc-data/x86_64-pc-linux-gnu/10.2.0/info:/usr/share/binutils-data/x86_64-pc-linux-gnu/2.45/info:/usr/share/automake-1.16.5/info JAVAC=/etc/java-config-2/current-system-vm/bin/javac TERM=xterm-256color LESSOPEN='|lesspipe %s' USER=jpmurphy CROS_WORKON_SRCROOT=/mnt/host/source MANPAGER=manpager DISPLAY=:1 SHLVL=1 LC_MESSAGES=C EXTERNAL_TRUNK_PATH=/mnt/8f9d649a-3721-44cc-93c0-e6bd21a9689f/chromiumos GCC_SPECS='' PATH=/mnt/host/source/chromite/bin:/usr/local/bin:/usr/bin:/bin:/opt/bin:/mnt/host/source/chromite/sdk/bin:/mnt/host/source/chromite/bin PORTAGE_USERNAME=jpmurphy SUDO_UID=0 GCC_VER=10.2.0 MAIL=/var/mail/jpmurphy OLDPWD=/mnt/host/source/src/scripts traceparent=00-e87aca51550a78635907baa6a2476181-6d684811675d2973-01 _=./zephyr/firmware_builder.py COREBOOT_SDK_ROOT_x86=/home/jpmurphy/.cache/coreboot-sdk/i386-elf/dfbb0486385d938cfa9d73080b9d18d598ed4f49 COREBOOT_SDK_ROOT_picolibc_x86=/home/jpmurphy/.cache/coreboot-sdk/picolibc-i386-elf/eb8e8e687b95461de8cbf278f1c2076952d0ad17 COREBOOT_SDK_ROOT_riscv64=/home/jpmurphy/.cache/coreboot-sdk/riscv64-elf/96b949749225b6aaa92ed810ab769e8dfb12f000 COREBOOT_SDK_ROOT_picolibc_arm=/home/jpmurphy/.cache/coreboot-sdk/picolibc-arm-eabi/422a2aa3e1ef891b5bece9a3deb696ff83840d2e COREBOOT_SDK_ROOT_nds32=/home/jpmurphy/.cache/coreboot-sdk/nds32le-elf/d1a518c4a097666d86058e1444f85ca015d15511 COREBOOT_SDK_ROOT_picolibc_riscv64=/home/jpmurphy/.cache/coreboot-sdk/picolibc-riscv64-elf/f571e990ef0278564b31124f8bb109d9a697eb69 COREBOOT_SDK_ROOT_arm=/home/jpmurphy/.cache/coreboot-sdk/arm-eabi/ea40ddd1d190c3b48435c474c0b545719371813a COREBOOT_SDK_ROOT_libstdcxx_riscv64=/home/jpmurphy/.cache/coreboot-sdk/libstdcxx-riscv64-elf/17abf22a3a252e2d5d2062ced5324f7a623689e0 COREBOOT_SDK_ROOT_libstdcxx_arm=/home/jpmurphy/.cache/coreboot-sdk/libstdcxx-arm-eabi/5d7d82e150e44aa1968f1d366e267e6687b328ac COREBOOT_SDK_ROOT_riscv=/home/jpmurphy/.cache/coreboot-sdk/riscv-elf/9a27b9e82341c6e9126624f516ab3f261abb3e73 COREBOOT_SDK_ROOT_libstdcxx_x86=/home/jpmurphy/.cache/coreboot-sdk/libstdcxx-i386-elf/42ef9d2e87a76a37963175d7d428734e65648b87 PYTHONPATH=/mnt/host/source/src/platform/ec/zephyr/zmake PW_PIGWEED_CIPD_INSTALL_DIR=/usr CROSTC_USER_ACKNOWLEDGES_THAT_RISCV_IS_EXPERIMENTAL=1 MAKEFLAGS=' -j16 --jobserver-auth=5,6' /usr/bin/ninja -C /mnt/host/source/src/platform/ec/build/zephyr/anraggar/build-ro all.libraries`
[anraggar:ro] ninja: Entering directory `/mnt/host/source/src/platform/ec/build/zephyr/anraggar/build-ro'
[matsu-ish:singleimage] [86/256] Building C object zephyr/lib/libc/minimal/CMakeFiles/lib__libc__minimal.dir/source/stdlib/strtol.c.obj
[ponyta:ro] [122/396] Building C object CMakeFiles/app.dir/mnt/host/source/src/platform/ec/build/zephyr/ponyta/modules/ec/driver/tcpm/tcpci.c.obj
[ponyta:rw] [175/396] Building C object zephyr/CMakeFiles/zephyr.dir/subsys/tracing/tracing_none.c.obj
[matsu-ish:singleimage] [87/256] Building C object zephyr/lib/libc/minimal/CMakeFiles/lib__libc__minimal.dir/source/stdlib/strtoul.c.obj
[ponyta:ro] [123/396] Building C object CMakeFiles/app.dir/mnt/host/source/src/platform/ec/build/zephyr/ponyta/modules/ec/driver/ppc/nx20p348x.c.obj
[matsu-ish:singleimage] [88/256] Building C object zephyr/lib/libc/minimal/CMakeFiles/lib__libc__minimal.dir/source/stdlib/strtoll.c.obj
[ponyta:rw] [176/396] Building C object zephyr/CMakeFiles/zephyr.dir/subsys/shell/modules/kernel_service/kernel_shell.c.obj
[ponyta:rw] [177/396] Building C object zephyr/CMakeFiles/zephyr.dir/subsys/shell/modules/kernel_service/cycles.c.obj
[matsu-ish:singleimage] [89/256] Building C object zephyr/lib/libc/minimal/CMakeFiles/lib__libc__minimal.dir/source/stdlib/strtoull.c.obj
[/mnt/host/source/src/platform/ec/build/zephyr/trulo-lcov]   /mnt/host/source/src/platform/ec/build/zephyr/trulo/build-rw/zephyr/arch/arch/arm/core/mpu/CMakeFiles/arch__arm__core__mpu.dir/arm_mpu_regions.c.gcno:no functions found
[/mnt/host/source/src/platform/ec/build/zephyr/trulo-lcov] stderr:
[matsu-ish:singleimage] [90/256] Building C object zephyr/lib/libc/minimal/CMakeFiles/lib__libc__minimal.dir/source/stdlib/bsearch.c.obj
[ponyta:ro] [124/396] Building C object CMakeFiles/app.dir/mnt/host/source/src/platform/ec/build/zephyr/ponyta/modules/ec/common/vboot_hash.c.obj
[ponyta:rw] [178/396] Building C object zephyr/CMakeFiles/zephyr.dir/subsys/shell/modules/kernel_service/sleep.c.obj
[ponyta:rw] [179/396] Building C object zephyr/CMakeFiles/zephyr.dir/subsys/shell/modules/kernel_service/uptime.c.obj
[matsu-ish:singleimage] [91/256] Building C object zephyr/lib/libc/minimal/CMakeFiles/lib__libc__minimal.dir/source/stdlib/exit.c.obj
[anraggar:rw] [13/400] Building C object zephyr/CMakeFiles/zephyr.dir/lib/os/cbprintf_packaged.c.obj
[anraggar:ro] [1/400] Generating include/generated/zephyr/version.h
[anraggar:ro] -- git describe warned: warning: tag 'upstream/v2.7.99' is externally known as 'v2.7.99'
[anraggar:ro] -- Zephyr version: 4.3.99 (/mnt/host/source/src/third_party/zephyr/main)
[anraggar:ro] [2/400] Preparing syscall dependency handling
[ponyta:ro] [125/396] Building C object CMakeFiles/app.dir/mnt/host/source/src/platform/ec/build/zephyr/ponyta/modules/ec/common/button.c.obj
[matsu-ish:singleimage] [92/256] Building C object zephyr/lib/libc/minimal/CMakeFiles/lib__libc__minimal.dir/source/stdlib/qsort.c.obj
[ponyta:rw] [180/396] Building C object zephyr/CMakeFiles/zephyr.dir/subsys/shell/modules/kernel_service/version.c.obj
[anraggar:ro] [3/400] Generating misc/generated/syscalls_subdirs.trigger
[matsu-ish:singleimage] [93/256] Building C object zephyr/lib/libc/minimal/CMakeFiles/lib__libc__minimal.dir/source/string/strncasecmp.c.obj
[matsu-ish:singleimage] [94/256] Building C object zephyr/lib/libc/minimal/CMakeFiles/lib__libc__minimal.dir/source/string/strerror.c.obj
[ponyta:rw] [181/396] Building C object zephyr/CMakeFiles/zephyr.dir/subsys/shell/modules/kernel_service/thread/thread.c.obj
[ponyta:ro] [126/396] Building C object CMakeFiles/app.dir/mnt/host/source/src/platform/ec/build/zephyr/ponyta/modules/ec/common/vboot/efs2.c.obj
[matsu-ish:singleimage] [95/256] Building C object zephyr/lib/libc/minimal/CMakeFiles/lib__libc__minimal.dir/source/string/strstr.c.obj
[ponyta:ro] [127/396] Building C object CMakeFiles/app.dir/mnt/host/source/src/platform/ec/build/zephyr/ponyta/modules/ec/common/math_util.c.obj
[ponyta:ro] [128/396] Building C object CMakeFiles/app.dir/mnt/host/source/src/platform/ec/build/zephyr/ponyta/modules/ec/common/vstore.c.obj
[ponyta:rw] [182/396] Building C object zephyr/CMakeFiles/zephyr.dir/subsys/shell/modules/kernel_service/thread/stacks.c.obj
[matsu-ish:singleimage] [96/256] Building C object zephyr/lib/libc/minimal/CMakeFiles/lib__libc__minimal.dir/source/string/string.c.obj
[ponyta:rw] [183/396] Building C object zephyr/CMakeFiles/zephyr.dir/subsys/shell/modules/kernel_service/thread/list.c.obj
[matsu-ish:singleimage] [97/256] Building C object zephyr/lib/libc/minimal/CMakeFiles/lib__libc__minimal.dir/source/string/strspn.c.obj
[ponyta:rw] [184/396] Building C object zephyr/CMakeFiles/zephyr.dir/subsys/shell/modules/kernel_service/thread/resume.c.obj
[anraggar:rw] [14/400] Building C object zephyr/CMakeFiles/zephyr.dir/lib/os/clock.c.obj
[ponyta:rw] [185/396] Building C object zephyr/CMakeFiles/zephyr.dir/subsys/shell/modules/kernel_service/thread/suspend.c.obj
[/mnt/host/source/src/platform/ec/build/zephyr/trulo-lcov]   /mnt/host/source/src/platform/ec/build/zephyr/trulo/build-rw/zephyr/arch/common/CMakeFiles/isr_tables.dir/isr_tables.c.gcno:no functions found
[/mnt/host/source/src/platform/ec/build/zephyr/trulo-lcov] stderr:
[matsu-ish:singleimage] [98/256] Building C object zephyr/lib/libc/minimal/CMakeFiles/lib__libc__minimal.dir/source/stdout/stdout_console.c.obj
[ponyta:ro] [129/396] Building C object CMakeFiles/app.dir/src/board.c.obj
[matsu-ish:singleimage] [99/256] Building C object zephyr/lib/libc/minimal/CMakeFiles/lib__libc__minimal.dir/source/stdout/sprintf.c.obj
[ponyta:ro] [130/396] Building C object CMakeFiles/app.dir/src/hibernate.c.obj
[ponyta:rw] [186/396] Building C object zephyr/CMakeFiles/zephyr.dir/subsys/shell/modules/kernel_service/thread/kill.c.obj
[anraggar:ro] [4/400] Generating misc/generated/syscalls.json, misc/generated/struct_tags.json
[matsu-ish:singleimage] [100/256] Building C object zephyr/lib/libc/minimal/CMakeFiles/lib__libc__minimal.dir/source/math/sqrtf.c.obj
[ponyta:rw] [187/396] Building C object zephyr/CMakeFiles/zephyr.dir/subsys/shell/backends/shell_uart.c.obj
[anraggar:ro] [5/400] Generating include/generated/zephyr/syscall_dispatch.c, include/generated/zephyr/syscall_exports_llext.c, syscall_weakdefs_llext.c, include/generated/zephyr/syscall_list.h
[matsu-ish:singleimage] [101/256] Building C object zephyr/lib/libc/minimal/CMakeFiles/lib__libc__minimal.dir/source/stdout/fprintf.c.obj
[ponyta:rw] [188/396] Building C object zephyr/CMakeFiles/zephyr.dir/subsys/shell/shell_fprintf.c.obj
[anraggar:ro] [6/400] Generating include/generated/zephyr/driver-validation.h
[ponyta:rw] [189/396] Building C object zephyr/CMakeFiles/zephyr.dir/subsys/shell/shell.c.obj
[anraggar:rw] [15/400] Building C object zephyr/CMakeFiles/zephyr.dir/lib/os/printk.c.obj
[matsu-ish:singleimage] [102/256] Building C object zephyr/lib/libc/minimal/CMakeFiles/lib__libc__minimal.dir/source/math/sqrt.c.obj
[ponyta:ro] [131/396] Building C object CMakeFiles/app.dir/src/usb_pd_policy.c.obj
[ponyta:rw] [190/396] Building C object zephyr/CMakeFiles/zephyr.dir/subsys/shell/shell_utils.c.obj
[ponyta:ro] [132/396] Building C object CMakeFiles/app.dir/src/usbc.c.obj
[ponyta:ro] [133/396] Building C object CMakeFiles/app.dir/src/variant_db_detection.c.obj
[anraggar:ro] [7/400] Generating include/generated/zephyr/kobj-types-enum.h, include/generated/zephyr/otype-to-str.h, include/generated/zephyr/otype-to-size.h
[ponyta:rw] [191/396] Building C object zephyr/CMakeFiles/zephyr.dir/subsys/shell/shell_ops.c.obj
[matsu-ish:singleimage] [103/256] Building C object zephyr/lib/libc/minimal/CMakeFiles/lib__libc__minimal.dir/source/time/gmtime.c.obj
[anraggar:ro] [8/400] Generating include/generated/device-api-sections.ld, include/generated/device-api-sections.cmake
[matsu-ish:singleimage] [104/256] Building C object zephyr/lib/libc/common/CMakeFiles/lib__libc__common.dir/source/stdlib/abort.c.obj
[matsu-ish:singleimage] [105/256] Linking C static library zephyr/lib/libc/minimal/liblib__libc__minimal.a
[ponyta:ro] [134/396] Building C object CMakeFiles/app.dir/src/board_chipset.c.obj
[ponyta:rw] [192/396] Building C object zephyr/CMakeFiles/zephyr.dir/subsys/shell/shell_history.c.obj
[ponyta:ro] [135/396] Building C object CMakeFiles/app.dir/src/npcx_i2c.c.obj
[ponyta:rw] [193/396] Building C object zephyr/CMakeFiles/zephyr.dir/subsys/shell/shell_help.c.obj
[matsu-ish:singleimage] [106/256] Building C object zephyr/lib/libc/common/CMakeFiles/lib__libc__common.dir/source/time/gmtime_r.c.obj
[ponyta:rw] [194/396] Building C object zephyr/CMakeFiles/zephyr.dir/drivers/flash/flash_util.c.obj
[ponyta:rw] [195/396] Building C object zephyr/arch/common/CMakeFiles/arch__common.dir/init.c.obj
[matsu-ish:singleimage] [107/256] Building C object zephyr/lib/libc/common/CMakeFiles/lib__libc__common.dir/source/time/asctime.c.obj
[anraggar:rw] [16/400] Building C object zephyr/CMakeFiles/zephyr.dir/lib/os/sem.c.obj
[ponyta:rw] [196/396] Linking C static library zephyr/libzephyr.a
[ponyta:rw] [197/396] Building C object zephyr/arch/common/CMakeFiles/arch__common.dir/sw_isr_common.c.obj
[matsu-ish:singleimage] [108/256] Building C object zephyr/lib/libc/common/CMakeFiles/lib__libc__common.dir/source/time/localtime_r_utc.c.obj
[matsu-ish:singleimage] [109/256] Building C object zephyr/lib/libc/common/CMakeFiles/lib__libc__common.dir/source/time/ctime.c.obj
[ponyta:rw] [198/396] Building ASM object zephyr/arch/arch/arm/core/CMakeFiles/arch__arm__core.dir/nmi_on_reset.S.obj
[ponyta:ro] [136/396] Building C object CMakeFiles/app.dir/ponyta/src/board.c.obj
[anraggar:ro] [9/400] Building C object zephyr/CMakeFiles/offsets.dir/arch/riscv/core/offsets/offsets.c.obj
[ponyta:rw] [199/396] Building C object zephyr/arch/common/CMakeFiles/arch__common.dir/xip.c.obj
[matsu-ish:singleimage] [110/256] Building C object zephyr/lib/libc/common/CMakeFiles/lib__libc__common.dir/source/time/time.c.obj
[ponyta:rw] [200/396] Building C object zephyr/arch/common/CMakeFiles/isr_tables.dir/isr_tables.c.obj
[anraggar:ro] [10/400] Generating include/generated/zephyr/offsets.h
[ponyta:ro] [137/396] Building C object CMakeFiles/app.dir/src/npcx_usbc.c.obj
[ponyta:ro] [138/396] Building C object CMakeFiles/app.dir/src/npcx_usb_pd_policy.c.obj
[matsu-ish:singleimage] [111/256] Building C object zephyr/lib/libc/common/CMakeFiles/lib__libc__common.dir/source/string/strnlen.c.obj
[ponyta:rw] [201/396] Linking C static library zephyr/arch/common/libisr_tables.a
[matsu-ish:singleimage] [112/256] Building C object zephyr/lib/libc/common/CMakeFiles/lib__libc__common.dir/source/stdlib/malloc.c.obj
[ponyta:rw] [202/396] Building ASM object zephyr/arch/arch/arm/core/cortex_m/CMakeFiles/arch__arm__core__cortex_m.dir/fault_s.S.obj
[ponyta:rw] [203/396] Building C object zephyr/arch/arch/arm/core/CMakeFiles/arch__arm__core.dir/fatal.c.obj
[ponyta:rw] [204/396] Building C object zephyr/arch/arch/arm/core/CMakeFiles/arch__arm__core.dir/nmi.c.obj
[ponyta:ro] [139/396] Building C object zephyr/CMakeFiles/zephyr.dir/lib/libc/validate_libc.c.obj
[matsu-ish:singleimage] [113/256] Linking C static library zephyr/lib/libc/common/liblib__libc__common.a
[anraggar:rw] [17/400] Building C object zephyr/CMakeFiles/zephyr.dir/lib/os/thread_entry.c.obj
[ponyta:rw] [205/396] Linking C static library zephyr/arch/common/libarch__common.a
[ponyta:rw] [206/396] Linking C static library zephyr/arch/arch/arm/core/libarch__arm__core.a
[ponyta:rw] [207/396] Building C object zephyr/arch/arch/arm/core/cortex_m/CMakeFiles/arch__arm__core__cortex_m.dir/exc_exit.c.obj
[ponyta:ro] [140/396] Building C object CMakeFiles/app.dir/ponyta/src/thermal.c.obj
[matsu-ish:singleimage] [114/256] Building C object zephyr/lib/posix/c_lib_ext/CMakeFiles/lib__posix__c_lib_ext.dir/fnmatch.c.obj
[ponyta:rw] [208/396] Building C object zephyr/arch/arch/arm/core/cortex_m/CMakeFiles/arch__arm__core__cortex_m.dir/fault.c.obj
[ponyta:ro] [141/396] Linking C static library app/libapp.a
[ponyta:rw] [209/396] Building ASM object zephyr/arch/arch/arm/core/cortex_m/CMakeFiles/arch__arm__core__cortex_m.dir/vector_table.S.obj
[matsu-ish:singleimage] [115/256] Building C object zephyr/lib/posix/c_lib_ext/CMakeFiles/lib__posix__c_lib_ext.dir/getentropy.c.obj
[ponyta:ro] [142/396] Building C object zephyr/CMakeFiles/zephyr.dir/lib/heap/heap.c.obj
[matsu-ish:singleimage] [116/256] Building C object zephyr/subsys/crc/CMakeFiles/subsys__crc.dir/crc4_sw.c.obj
[anraggar:ro] [11/400] Building C object zephyr/CMakeFiles/zephyr.dir/lib/libc/validate_libc.c.obj
[matsu-ish:singleimage] [117/256] Building C object zephyr/lib/posix/c_lib_ext/CMakeFiles/lib__posix__c_lib_ext.dir/getopt_shim.c.obj
[ponyta:ro] [143/396] Building C object zephyr/CMakeFiles/zephyr.dir/lib/os/clock.c.obj
[anraggar:rw] [18/400] Building C object zephyr/CMakeFiles/zephyr.dir/lib/os/cbprintf_nano.c.obj
[matsu-ish:singleimage] [118/256] Building C object zephyr/subsys/crc/CMakeFiles/subsys__crc.dir/crc8_sw.c.obj
[matsu-ish:singleimage] [119/256] Linking C static library zephyr/lib/posix/c_lib_ext/liblib__posix__c_lib_ext.a
[ponyta:ro] [144/396] Building C object zephyr/CMakeFiles/zephyr.dir/lib/os/cbprintf_packaged.c.obj
[ponyta:rw] [210/396] Building C object zephyr/arch/arch/arm/core/cortex_m/CMakeFiles/arch__arm__core__cortex_m.dir/scb.c.obj
[ponyta:rw] [211/396] Building C object zephyr/arch/arch/arm/core/cortex_m/CMakeFiles/arch__arm__core__cortex_m.dir/fpu.c.obj
[ponyta:rw] [212/396] Building C object zephyr/arch/arch/arm/core/cortex_m/CMakeFiles/arch__arm__core__cortex_m.dir/thread_abort.c.obj
[ponyta:rw] [213/396] Building ASM object zephyr/arch/arch/arm/core/cortex_m/CMakeFiles/arch__arm__core__cortex_m.dir/reset.S.obj
[matsu-ish:singleimage] [120/256] Building C object zephyr/subsys/crc/CMakeFiles/subsys__crc.dir/crc7_sw.c.obj
[matsu-ish:singleimage] [121/256] Building C object zephyr/subsys/crc/CMakeFiles/subsys__crc.dir/crc16_sw.c.obj
[ponyta:ro] [145/396] Building C object zephyr/CMakeFiles/zephyr.dir/lib/os/printk.c.obj
[matsu-ish:singleimage] [122/256] Building C object zephyr/subsys/crc/CMakeFiles/subsys__crc.dir/crc24_sw.c.obj
[matsu-ish:singleimage] [123/256] Building C object zephyr/subsys/crc/CMakeFiles/subsys__crc.dir/crc32c_sw.c.obj
[ponyta:rw] [214/396] Building ASM object zephyr/arch/arch/arm/core/cortex_m/CMakeFiles/arch__arm__core__cortex_m.dir/swap_helper.S.obj
[matsu-ish:singleimage] [124/256] Building C object zephyr/subsys/crc/CMakeFiles/subsys__crc.dir/crc32k_4_2_sw.c.obj
[ponyta:ro] [146/396] Building C object zephyr/CMakeFiles/zephyr.dir/lib/os/sem.c.obj
[ponyta:ro] [147/396] Building C object zephyr/CMakeFiles/zephyr.dir/lib/os/thread_entry.c.obj
[matsu-ish:singleimage] [125/256] Building C object zephyr/subsys/crc/CMakeFiles/subsys__crc.dir/crc32_sw.c.obj
[ponyta:rw] [215/396] Building C object zephyr/arch/arch/arm/core/cortex_m/CMakeFiles/arch__arm__core__cortex_m.dir/irq_manage.c.obj
[anraggar:ro] [12/400] Building C object zephyr/CMakeFiles/zephyr.dir/lib/heap/heap.c.obj
[matsu-ish:singleimage] [126/256] Linking C static library zephyr/subsys/crc/libsubsys__crc.a
[anraggar:rw] [19/400] Building C object zephyr/CMakeFiles/zephyr.dir/lib/os/cbprintf.c.obj
[ponyta:ro] [148/396] Building C object zephyr/CMakeFiles/zephyr.dir/lib/os/cbprintf_nano.c.obj
[ponyta:ro] [149/396] Building C object zephyr/CMakeFiles/zephyr.dir/lib/utils/hex.c.obj
[ponyta:ro] [150/396] Building C object zephyr/CMakeFiles/zephyr.dir/lib/utils/dec.c.obj
[ponyta:rw] [216/396] Building C object zephyr/arch/arch/arm/core/cortex_m/CMakeFiles/arch__arm__core__cortex_m.dir/irq_init.c.obj
[ponyta:ro] [151/396] Building C object zephyr/CMakeFiles/zephyr.dir/lib/os/cbprintf.c.obj
[ponyta:ro] [152/396] Building C object zephyr/CMakeFiles/zephyr.dir/lib/os/assert.c.obj
[matsu-ish:singleimage] [127/256] Building C object zephyr/drivers/interrupt_controller/CMakeFiles/drivers__interrupt_controller.dir/intc_ioapic.c.obj
[ponyta:rw] [217/396] Building C object zephyr/arch/arch/arm/core/cortex_m/CMakeFiles/arch__arm__core__cortex_m.dir/prep_c.c.obj
[ponyta:rw] [218/396] Building C object zephyr/arch/arch/arm/core/cortex_m/CMakeFiles/arch__arm__core__cortex_m.dir/cpu_idle.c.obj
[ponyta:rw] [219/396] Building C object zephyr/arch/arch/arm/core/cortex_m/CMakeFiles/arch__arm__core__cortex_m.dir/thread.c.obj
[matsu-ish:singleimage] [128/256] Building C object zephyr/drivers/interrupt_controller/CMakeFiles/drivers__interrupt_controller.dir/intc_loapic.c.obj
[ponyta:rw] [220/396] Generating ../../../include/generated/libc/minimal/strerror_table.h
[ponyta:ro] [153/396] Building C object zephyr/CMakeFiles/zephyr.dir/lib/utils/bitmask.c.obj
[ponyta:ro] [154/396] Building C object zephyr/CMakeFiles/zephyr.dir/lib/utils/timeutil.c.obj
[ponyta:rw] [221/396] Building C object zephyr/arch/arch/arm/core/cortex_m/CMakeFiles/arch__arm__core__cortex_m.dir/isr_wrapper.c.obj
[ponyta:rw] [222/396] Building C object zephyr/lib/libc/minimal/CMakeFiles/lib__libc__minimal.dir/source/stdlib/atoi.c.obj
[anraggar:ro] [13/400] Building C object zephyr/CMakeFiles/zephyr.dir/lib/os/cbprintf_packaged.c.obj
[ponyta:rw] [223/396] Linking C static library zephyr/arch/arch/arm/core/cortex_m/libarch__arm__core__cortex_m.a
[matsu-ish:singleimage] [129/256] Building C object zephyr/drivers/interrupt_controller/CMakeFiles/drivers__interrupt_controller.dir/intc_system_apic.c.obj
[ponyta:ro] [155/396] Building C object zephyr/CMakeFiles/zephyr.dir/lib/utils/ring_buffer.c.obj
[ponyta:rw] [224/396] Building C object zephyr/lib/libc/minimal/CMakeFiles/lib__libc__minimal.dir/source/stdlib/strtol.c.obj
[matsu-ish:singleimage] [130/256] Linking C static library zephyr/drivers/interrupt_controller/libdrivers__interrupt_controller.a
[ponyta:rw] [225/396] Building C object zephyr/arch/arch/arm/core/mpu/CMakeFiles/arch__arm__core__mpu.dir/arm_core_mpu.c.obj
[matsu-ish:singleimage] [131/256] Building C object zephyr/drivers/console/CMakeFiles/drivers__console.dir/uart_console.c.obj
[ponyta:rw] [226/396] Building C object zephyr/lib/libc/minimal/CMakeFiles/lib__libc__minimal.dir/source/stdlib/strtoul.c.obj
[anraggar:rw] [20/400] Building C object zephyr/CMakeFiles/zephyr.dir/lib/os/assert.c.obj
[matsu-ish:singleimage] [132/256] Linking C static library zephyr/drivers/console/libdrivers__console.a
[ponyta:ro] [156/396] Building C object zephyr/CMakeFiles/zephyr.dir/lib/utils/last_section_id.c.obj
[ponyta:ro] [157/396] Building C object zephyr/CMakeFiles/zephyr.dir/lib/utils/rb.c.obj
[ponyta:rw] [227/396] Building C object zephyr/arch/arch/arm/core/mpu/CMakeFiles/arch__arm__core__mpu.dir/arm_mpu_regions.c.obj
[ponyta:rw] [228/396] Building C object zephyr/lib/libc/minimal/CMakeFiles/lib__libc__minimal.dir/source/stdlib/bsearch.c.obj
[ponyta:ro] [158/396] Building C object zephyr/CMakeFiles/zephyr.dir/lib/utils/bitarray.c.obj
[/mnt/host/source/src/platform/ec/build/zephyr/trulo-lcov]   /mnt/host/source/src/platform/ec/build/zephyr/trulo/build-rw/zephyr/CMakeFiles/zephyr.dir/subsys/shell/modules/kernel_service/kernel_shell.c.gcno:no functions found
[/mnt/host/source/src/platform/ec/build/zephyr/trulo-lcov] stderr:
[ponyta:rw] [229/396] Building C object zephyr/lib/libc/minimal/CMakeFiles/lib__libc__minimal.dir/source/stdlib/strtoull.c.obj
[ponyta:rw] [230/396] Building C object zephyr/lib/libc/minimal/CMakeFiles/lib__libc__minimal.dir/source/stdlib/strtoll.c.obj
[matsu-ish:singleimage] [133/256] Building C object zephyr/drivers/gpio/CMakeFiles/drivers__gpio.dir/mnt/host/source/src/third_party/zephyrproject/modules/hal/intel/bsp_sedi/drivers/gpio/sedi_gpio.c.obj
[ponyta:rw] [231/396] Building C object zephyr/arch/arch/arm/core/mpu/CMakeFiles/arch__arm__core__mpu.dir/arm_mpu.c.obj
[ponyta:ro] [159/396] Building C object zephyr/CMakeFiles/zephyr.dir/misc/generated/configs.c.obj
[ponyta:rw] [232/396] Building C object zephyr/lib/libc/minimal/CMakeFiles/lib__libc__minimal.dir/source/string/strncasecmp.c.obj
[anraggar:rw] [21/400] Building C object zephyr/CMakeFiles/zephyr.dir/lib/utils/dec.c.obj
[ponyta:rw] [233/396] Building C object zephyr/lib/libc/common/CMakeFiles/lib__libc__common.dir/source/stdlib/abort.c.obj
[ponyta:ro] [160/396] Building C object zephyr/CMakeFiles/zephyr.dir/lib/utils/getopt/getopt.c.obj
[matsu-ish:singleimage] [134/256] Building C object zephyr/drivers/gpio/CMakeFiles/drivers__gpio.dir/gpio_sedi.c.obj
[ponyta:rw] [234/396] Linking C static library zephyr/arch/arch/arm/core/mpu/libarch__arm__core__mpu.a
[matsu-ish:singleimage] [135/256] Linking C static library zephyr/drivers/gpio/libdrivers__gpio.a
[ponyta:rw] [235/396] Building C object zephyr/lib/libc/minimal/CMakeFiles/lib__libc__minimal.dir/source/stdlib/qsort.c.obj
[ponyta:rw] [236/396] Building C object zephyr/lib/libc/minimal/CMakeFiles/lib__libc__minimal.dir/source/string/strerror.c.obj
[ponyta:rw] [237/396] Building C object zephyr/lib/libc/minimal/CMakeFiles/lib__libc__minimal.dir/source/string/strstr.c.obj
[ponyta:rw] [238/396] Building C object zephyr/lib/libc/minimal/CMakeFiles/lib__libc__minimal.dir/source/string/strspn.c.obj
[ponyta:rw] [239/396] Building C object zephyr/lib/libc/minimal/CMakeFiles/lib__libc__minimal.dir/source/string/string.c.obj
[anraggar:rw] [22/400] Building C object zephyr/CMakeFiles/zephyr.dir/lib/utils/hex.c.obj
[/mnt/host/source/src/platform/ec/build/zephyr/trulo-lcov]   /mnt/host/source/src/platform/ec/build/zephyr/trulo/build-rw/zephyr/CMakeFiles/zephyr.dir/lib/libc/validate_libc.c.gcno:no functions found
[/mnt/host/source/src/platform/ec/build/zephyr/trulo-lcov] stderr:
[anraggar:ro] [14/400] Building C object zephyr/CMakeFiles/zephyr.dir/lib/os/clock.c.obj
[ponyta:ro] [161/396] Building C object zephyr/CMakeFiles/zephyr.dir/lib/utils/getopt/getopt_common.c.obj
[matsu-ish:singleimage] [136/256] Building C object zephyr/drivers/i2c/CMakeFiles/drivers__i2c.dir/i2c_common.c.obj
[ponyta:rw] [240/396] Building C object zephyr/lib/libc/minimal/CMakeFiles/lib__libc__minimal.dir/source/math/sqrtf.c.obj
[ponyta:ro] [162/396] Building C object zephyr/CMakeFiles/zephyr.dir/soc/nuvoton/npcx/common/power.c.obj
[ponyta:ro] [163/396] Building C object zephyr/CMakeFiles/zephyr.dir/soc/nuvoton/npcx/common/scfg.c.obj
[ponyta:rw] [241/396] Building C object zephyr/lib/libc/minimal/CMakeFiles/lib__libc__minimal.dir/source/math/sqrt.c.obj
[ponyta:rw] [242/396] Building C object zephyr/lib/libc/minimal/CMakeFiles/lib__libc__minimal.dir/source/stdlib/exit.c.obj
[matsu-ish:singleimage] [137/256] Building C object zephyr/drivers/i2c/CMakeFiles/drivers__i2c.dir/i2c_shell.c.obj
[ponyta:ro] [164/396] Building C object zephyr/CMakeFiles/zephyr.dir/soc/nuvoton/npcx/npcx9/soc.c.obj
[ponyta:ro] [165/396] Building C object zephyr/CMakeFiles/zephyr.dir/soc/nuvoton/npcx/common/npcxn/registers.c.obj
[ponyta:rw] [243/396] Building C object zephyr/lib/libc/common/CMakeFiles/lib__libc__common.dir/source/time/gmtime_r.c.obj
[ponyta:rw] [244/396] Building C object zephyr/lib/libc/minimal/CMakeFiles/lib__libc__minimal.dir/source/stdout/stdout_console.c.obj
[ponyta:rw] [245/396] Building C object zephyr/lib/libc/minimal/CMakeFiles/lib__libc__minimal.dir/source/stdout/fprintf.c.obj
[ponyta:rw] [246/396] Building C object zephyr/lib/libc/common/CMakeFiles/lib__libc__common.dir/source/time/asctime.c.obj
[matsu-ish:singleimage] [138/256] Building C object zephyr/drivers/i2c/CMakeFiles/drivers__i2c.dir/i2c_sedi.c.obj
[ponyta:rw] [247/396] Building C object zephyr/lib/libc/minimal/CMakeFiles/lib__libc__minimal.dir/source/stdout/sprintf.c.obj
[anraggar:rw] [23/400] Building C object zephyr/CMakeFiles/zephyr.dir/lib/utils/rb.c.obj
[anraggar:ro] [15/400] Building C object zephyr/CMakeFiles/zephyr.dir/lib/os/printk.c.obj
[ponyta:rw] [248/396] Building C object zephyr/lib/libc/common/CMakeFiles/lib__libc__common.dir/source/time/localtime_r_utc.c.obj
[matsu-ish:singleimage] [139/256] Building C object zephyr/drivers/i2c/CMakeFiles/drivers__i2c.dir/mnt/host/source/src/third_party/zephyrproject/modules/hal/intel/bsp_sedi/drivers/i2c/sedi_i2c_dw_apb_200a.c.obj
[ponyta:rw] [249/396] Building C object zephyr/lib/libc/common/CMakeFiles/lib__libc__common.dir/source/time/ctime.c.obj
[ponyta:rw] [250/396] Building C object zephyr/lib/libc/common/CMakeFiles/lib__libc__common.dir/source/string/strnlen.c.obj
[ponyta:rw] [251/396] Building C object zephyr/lib/libc/common/CMakeFiles/lib__libc__common.dir/source/time/time.c.obj
[ponyta:ro] [166/396] Building C object zephyr/CMakeFiles/zephyr.dir/subsys/pm/state.c.obj
[matsu-ish:singleimage] [140/256] Linking C static library zephyr/drivers/i2c/libdrivers__i2c.a
[ponyta:rw] [252/396] Building C object zephyr/lib/posix/c_lib_ext/CMakeFiles/lib__posix__c_lib_ext.dir/fnmatch.c.obj
[ponyta:ro] [167/396] Building C object zephyr/CMakeFiles/zephyr.dir/subsys/mem_mgmt/mem_attr.c.obj
[ponyta:rw] [253/396] Building C object zephyr/lib/libc/minimal/CMakeFiles/lib__libc__minimal.dir/source/time/gmtime.c.obj
[ponyta:rw] [254/396] Building C object zephyr/subsys/crc/CMakeFiles/subsys__crc.dir/crc8_sw.c.obj
[ponyta:rw] [255/396] Building C object zephyr/subsys/crc/CMakeFiles/subsys__crc.dir/crc4_sw.c.obj
[ponyta:rw] [256/396] Linking C static library zephyr/lib/libc/minimal/liblib__libc__minimal.a
[anraggar:rw] [24/400] Building C object zephyr/CMakeFiles/zephyr.dir/lib/utils/timeutil.c.obj
[ponyta:ro] [168/396] Building C object zephyr/CMakeFiles/zephyr.dir/subsys/pm/pm.c.obj
[ponyta:rw] [257/396] Building C object zephyr/subsys/crc/CMakeFiles/subsys__crc.dir/crc7_sw.c.obj
[matsu-ish:singleimage] [141/256] Building C object zephyr/drivers/ipm/CMakeFiles/drivers__ipm.dir/mnt/host/source/src/third_party/zephyrproject/modules/hal/intel/bsp_sedi/drivers/ipc/sedi_ipc.c.obj
[ponyta:rw] [258/396] Building C object zephyr/subsys/crc/CMakeFiles/subsys__crc.dir/crc16_sw.c.obj
[matsu-ish:singleimage] [142/256] Building C object zephyr/drivers/ipm/CMakeFiles/drivers__ipm.dir/ipm_sedi.c.obj
[ponyta:rw] [259/396] Building C object zephyr/subsys/crc/CMakeFiles/subsys__crc.dir/crc24_sw.c.obj
[ponyta:ro] [169/396] Building C object zephyr/CMakeFiles/zephyr.dir/subsys/pm/policy/policy_events.c.obj
[matsu-ish:singleimage] [143/256] Linking C static library zephyr/drivers/ipm/libdrivers__ipm.a
[ponyta:ro] [170/396] Building C object zephyr/CMakeFiles/zephyr.dir/subsys/pm/policy/policy_latency.c.obj
[ponyta:rw] [260/396] Building C object zephyr/subsys/crc/CMakeFiles/subsys__crc.dir/crc32c_sw.c.obj
[ponyta:rw] [261/396] Building C object zephyr/subsys/crc/CMakeFiles/subsys__crc.dir/crc32k_4_2_sw.c.obj
[ponyta:rw] [262/396] Building C object zephyr/subsys/crc/CMakeFiles/subsys__crc.dir/crc32_sw.c.obj
[/mnt/host/source/src/platform/ec/build/zephyr/trulo-lcov]   /mnt/host/source/src/platform/ec/build/zephyr/trulo/build-rw/zephyr/CMakeFiles/zephyr.dir/lib/utils/last_section_id.c.gcno:no functions found
[/mnt/host/source/src/platform/ec/build/zephyr/trulo-lcov] stderr:
[ponyta:rw] [263/396] Building C object zephyr/lib/libc/common/CMakeFiles/lib__libc__common.dir/source/stdlib/malloc.c.obj
[ponyta:rw] [264/396] Linking C static library zephyr/subsys/crc/libsubsys__crc.a
[anraggar:ro] [16/400] Building C object zephyr/CMakeFiles/zephyr.dir/lib/os/sem.c.obj
[ponyta:rw] [265/396] Linking C static library zephyr/lib/libc/common/liblib__libc__common.a
[matsu-ish:singleimage] [144/256] Building C object zephyr/drivers/serial/CMakeFiles/drivers__serial.dir/uart_sedi.c.obj
[matsu-ish:singleimage] [145/256] Building C object zephyr/drivers/syscon/CMakeFiles/drivers__syscon.dir/mnt/host/source/src/third_party/zephyr/main/misc/empty_file.c.obj
[ponyta:rw] [266/396] Building C object zephyr/lib/posix/c_lib_ext/CMakeFiles/lib__posix__c_lib_ext.dir/getopt_shim.c.obj
[matsu-ish:singleimage] [146/256] Building C object zephyr/drivers/serial/CMakeFiles/drivers__serial.dir/mnt/host/source/src/third_party/zephyrproject/modules/hal/intel/bsp_sedi/drivers/usart/sedi_dw_uart.c.obj
[matsu-ish:singleimage] [147/256] Linking C static library zephyr/drivers/syscon/libdrivers__syscon.a
[ponyta:ro] [171/396] Building C object zephyr/CMakeFiles/zephyr.dir/subsys/pm/policy/policy_state_lock.c.obj
[anraggar:rw] [25/400] Building C object zephyr/CMakeFiles/zephyr.dir/lib/utils/bitarray.c.obj
[matsu-ish:singleimage] [148/256] Linking C static library zephyr/drivers/serial/libdrivers__serial.a
[ponyta:rw] [267/396] Building C object zephyr/lib/posix/c_lib_ext/CMakeFiles/lib__posix__c_lib_ext.dir/getentropy.c.obj
[ponyta:ro] [172/396] Building C object zephyr/CMakeFiles/zephyr.dir/subsys/pm/device.c.obj
[ponyta:rw] [268/396] Linking C static library zephyr/lib/posix/c_lib_ext/liblib__posix__c_lib_ext.a
[ponyta:ro] [173/396] Building C object zephyr/CMakeFiles/zephyr.dir/subsys/pm/device_system_managed.c.obj
[ponyta:ro] [174/396] Building C object zephyr/CMakeFiles/zephyr.dir/subsys/testsuite/coverage/coverage.c.obj
[ponyta:ro] [175/396] Building C object zephyr/CMakeFiles/zephyr.dir/subsys/tracing/tracing_none.c.obj
[anraggar:rw] [26/400] Building C object zephyr/CMakeFiles/zephyr.dir/lib/utils/bitmask.c.obj
[ponyta:rw] [269/396] Building C object zephyr/drivers/interrupt_controller/CMakeFiles/drivers__interrupt_controller.dir/intc_miwu.c.obj
[matsu-ish:singleimage] [149/256] Building C object zephyr/drivers/timer/CMakeFiles/drivers__timer.dir/hpet.c.obj
[ponyta:rw] [270/396] Building C object zephyr/drivers/adc/CMakeFiles/drivers__adc.dir/adc_common.c.obj
[matsu-ish:singleimage] [150/256] Building C object zephyr/drivers/timer/CMakeFiles/drivers__timer.dir/sys_clock_init.c.obj
[ponyta:rw] [271/396] Linking C static library zephyr/drivers/interrupt_controller/libdrivers__interrupt_controller.a
[matsu-ish:singleimage] [151/256] Linking C static library zephyr/drivers/timer/libdrivers__timer.a
[anraggar:ro] [17/400] Building C object zephyr/CMakeFiles/zephyr.dir/lib/os/thread_entry.c.obj
[ponyta:rw] [272/396] Building C object zephyr/drivers/bbram/CMakeFiles/drivers__bbram.dir/bbram_npcx.c.obj
[ponyta:rw] [273/396] Building C object zephyr/drivers/clock_control/CMakeFiles/drivers__clock_control.dir/clock_control_npcx.c.obj
[ponyta:rw] [274/396] Building C object zephyr/drivers/adc/CMakeFiles/drivers__adc.dir/adc_npcx.c.obj
[ponyta:rw] [275/396] Linking C static library zephyr/drivers/bbram/libdrivers__bbram.a
[ponyta:rw] [276/396] Linking C static library zephyr/drivers/adc/libdrivers__adc.a
[ponyta:rw] [277/396] Linking C static library zephyr/drivers/clock_control/libdrivers__clock_control.a
[ponyta:ro] [176/396] Building C object zephyr/CMakeFiles/zephyr.dir/subsys/shell/modules/kernel_service/kernel_shell.c.obj
[matsu-ish:singleimage] [152/256] Building C object modules/ec/zephyr/CMakeFiles/ec_shim.dir/app/ec/main_shim.c.obj
[ponyta:ro] [177/396] Building C object zephyr/CMakeFiles/zephyr.dir/subsys/shell/modules/kernel_service/cycles.c.obj
[ponyta:rw] [278/396] Building C object zephyr/drivers/console/CMakeFiles/drivers__console.dir/uart_console.c.obj
[anraggar:rw] [27/400] Building C object zephyr/CMakeFiles/zephyr.dir/lib/utils/getopt/getopt.c.obj
[ponyta:ro] [178/396] Building C object zephyr/CMakeFiles/zephyr.dir/subsys/shell/modules/kernel_service/uptime.c.obj
[matsu-ish:singleimage] [153/256] Building C object modules/ec/zephyr/CMakeFiles/ec_shim.dir/app/ec/ec_app_main.c.obj
[ponyta:rw] [279/396] Linking C static library zephyr/drivers/console/libdrivers__console.a
[ponyta:ro] [179/396] Building C object zephyr/CMakeFiles/zephyr.dir/subsys/shell/modules/kernel_service/version.c.obj
[ponyta:ro] [180/396] Building C object zephyr/CMakeFiles/zephyr.dir/subsys/shell/modules/kernel_service/sleep.c.obj
[ponyta:rw] [280/396] Building C object zephyr/drivers/eeprom/CMakeFiles/drivers__eeprom.dir/eeprom_shell.c.obj
[anraggar:ro] [18/400] Building C object zephyr/CMakeFiles/zephyr.dir/lib/os/cbprintf_nano.c.obj
[matsu-ish:singleimage] [154/256] Building C object modules/ec/zephyr/CMakeFiles/ec_shim.dir/shim/chip/stub/clock.c.obj
[ponyta:rw] [281/396] Building C object zephyr/drivers/eeprom/CMakeFiles/drivers__eeprom.dir/eeprom_at2x.c.obj
[ponyta:rw] [282/396] Linking C static library zephyr/drivers/eeprom/libdrivers__eeprom.a
[matsu-ish:singleimage] [155/256] Building C object modules/ec/zephyr/CMakeFiles/ec_shim.dir/shim/src/crc.c.obj
[ponyta:rw] [283/396] Building C object zephyr/drivers/flash/CMakeFiles/drivers__flash.dir/flash_npcx_fiu_nor.c.obj
[matsu-ish:singleimage] [156/256] Building C object modules/ec/zephyr/CMakeFiles/ec_shim.dir/shim/src/console.c.obj
[ponyta:rw] [284/396] Building C object zephyr/drivers/flash/CMakeFiles/drivers__flash.dir/jesd216.c.obj
[ponyta:ro] [181/396] Building C object zephyr/CMakeFiles/zephyr.dir/subsys/shell/modules/kernel_service/thread/thread.c.obj
[ponyta:ro] [182/396] Building C object zephyr/CMakeFiles/zephyr.dir/subsys/shell/modules/kernel_service/thread/list.c.obj
[ponyta:rw] [285/396] Building C object zephyr/drivers/flash/CMakeFiles/drivers__flash.dir/flash_npcx_fiu_qspi.c.obj
[anraggar:rw] [28/400] Building C object zephyr/CMakeFiles/zephyr.dir/lib/utils/getopt/getopt_common.c.obj
[ponyta:rw] [286/396] Linking C static library zephyr/drivers/flash/libdrivers__flash.a
[ponyta:ro] [183/396] Building C object zephyr/CMakeFiles/zephyr.dir/subsys/shell/modules/kernel_service/thread/stacks.c.obj
[ponyta:ro] [184/396] Building C object zephyr/CMakeFiles/zephyr.dir/subsys/shell/modules/kernel_service/thread/resume.c.obj
[anraggar:ro] [19/400] Building C object zephyr/CMakeFiles/zephyr.dir/lib/os/cbprintf.c.obj
[ponyta:ro] [185/396] Building C object zephyr/CMakeFiles/zephyr.dir/subsys/shell/modules/kernel_service/thread/suspend.c.obj
[anraggar:rw] [29/400] Building C object zephyr/CMakeFiles/zephyr.dir/lib/utils/ring_buffer.c.obj
[matsu-ish:singleimage] [157/256] Building C object modules/ec/zephyr/CMakeFiles/ec_shim.dir/shim/src/gpio_int.c.obj
[ponyta:rw] [287/396] Building C object zephyr/drivers/gpio/CMakeFiles/drivers__gpio.dir/gpio_npcx.c.obj
[matsu-ish:singleimage] [158/256] Building C object modules/ec/zephyr/CMakeFiles/ec_shim.dir/shim/src/gpio.c.obj
[anraggar:rw] [30/400] Building C object zephyr/CMakeFiles/zephyr.dir/lib/utils/last_section_id.c.obj
[ponyta:rw] [288/396] Linking C static library zephyr/drivers/gpio/libdrivers__gpio.a
[ponyta:rw] [289/396] Building C object zephyr/drivers/i2c/CMakeFiles/drivers__i2c.dir/i2c_common.c.obj
[anraggar:rw] [31/400] Building C object zephyr/CMakeFiles/zephyr.dir/misc/generated/configs.c.obj
[ponyta:rw] [290/396] Building C object zephyr/drivers/i2c/CMakeFiles/drivers__i2c.dir/i2c_npcx_controller_fifo.c.obj
[ponyta:rw] [291/396] Building C object zephyr/drivers/i2c/CMakeFiles/drivers__i2c.dir/i2c_shell.c.obj
[ponyta:rw] [292/396] Building C object zephyr/drivers/i2c/CMakeFiles/drivers__i2c.dir/i2c_npcx_controller.c.obj
[anraggar:ro] [20/400] Building C object zephyr/CMakeFiles/zephyr.dir/lib/os/assert.c.obj
[ponyta:rw] [293/396] Building C object zephyr/drivers/i2c/CMakeFiles/drivers__i2c.dir/i2c_npcx_port.c.obj
[matsu-ish:singleimage] [159/256] Building C object modules/ec/zephyr/CMakeFiles/ec_shim.dir/shim/src/panic_utils.c.obj
[/mnt/host/source/src/platform/ec/build/zephyr/trulo-lcov]   /mnt/host/source/src/platform/ec/build/zephyr/trulo/build-rw/zephyr/CMakeFiles/zephyr.dir/soc/nuvoton/npcx/common/npcxn/registers.c.gcno:no functions found
[/mnt/host/source/src/platform/ec/build/zephyr/trulo-lcov] stderr:
[matsu-ish:singleimage] [160/256] Building C object modules/ec/zephyr/CMakeFiles/ec_shim.dir/shim/src/pm_state.c.obj
[ponyta:ro] [186/396] Building C object zephyr/CMakeFiles/zephyr.dir/subsys/shell/shell_fprintf.c.obj
[ponyta:ro] [187/396] Building C object zephyr/CMakeFiles/zephyr.dir/subsys/shell/modules/kernel_service/thread/kill.c.obj
[ponyta:rw] [294/396] Linking C static library zephyr/drivers/i2c/libdrivers__i2c.a
[ponyta:ro] [188/396] Building C object zephyr/CMakeFiles/zephyr.dir/subsys/shell/backends/shell_uart.c.obj
[ponyta:rw] [295/396] Building C object zephyr/drivers/pinctrl/CMakeFiles/drivers__pinctrl.dir/common.c.obj
[ponyta:ro] [189/396] Building C object zephyr/CMakeFiles/zephyr.dir/subsys/shell/shell_utils.c.obj
[anraggar:ro] [21/400] Building C object zephyr/CMakeFiles/zephyr.dir/lib/utils/dec.c.obj
[anraggar:rw] [32/400] Building ASM object zephyr/CMakeFiles/zephyr.dir/soc/ite/ec/common/soc_irq.S.obj
[ponyta:ro] [190/396] Building C object zephyr/CMakeFiles/zephyr.dir/subsys/shell/shell.c.obj
[ponyta:rw] [296/396] Building C object zephyr/drivers/pinctrl/CMakeFiles/drivers__pinctrl.dir/pinctrl_npcx.c.obj
[ponyta:rw] [297/396] Linking C static library zephyr/drivers/pinctrl/libdrivers__pinctrl.a
[matsu-ish:singleimage] [161/256] Building C object modules/ec/zephyr/CMakeFiles/ec_shim.dir/shim/src/cbi/cros_cbi.c.obj
[anraggar:ro] [22/400] Building C object zephyr/CMakeFiles/zephyr.dir/lib/utils/hex.c.obj
[ponyta:rw] [298/396] Building C object zephyr/drivers/pwm/CMakeFiles/drivers__pwm.dir/pwm_shell.c.obj
[matsu-ish:singleimage] [162/256] Building C object modules/ec/zephyr/CMakeFiles/ec_shim.dir/shim/src/ish_system.c.obj
[ponyta:rw] [299/396] Building C object zephyr/drivers/pwm/CMakeFiles/drivers__pwm.dir/pwm_npcx.c.obj
[ponyta:rw] [300/396] Building C object zephyr/drivers/syscon/CMakeFiles/drivers__syscon.dir/syscon.c.obj
[ponyta:rw] [301/396] Linking C static library zephyr/drivers/pwm/libdrivers__pwm.a
[ponyta:rw] [302/396] Linking C static library zephyr/drivers/syscon/libdrivers__syscon.a
[ponyta:rw] [303/396] Building C object zephyr/drivers/serial/CMakeFiles/drivers__serial.dir/uart_npcx.c.obj
[ponyta:ro] [191/396] Building C object zephyr/CMakeFiles/zephyr.dir/subsys/shell/shell_history.c.obj
[ponyta:ro] [192/396] Building C object zephyr/CMakeFiles/zephyr.dir/drivers/flash/flash_util.c.obj
[anraggar:rw] [33/400] Building C object zephyr/CMakeFiles/zephyr.dir/soc/ite/ec/common/soc_common_irq.c.obj
[ponyta:rw] [304/396] Building C object zephyr/drivers/timer/CMakeFiles/drivers__timer.dir/sys_clock_init.c.obj
[ponyta:ro] [193/396] Building C object zephyr/CMakeFiles/zephyr.dir/subsys/shell/shell_help.c.obj
[ponyta:rw] [305/396] Linking C static library zephyr/drivers/serial/libdrivers__serial.a
[ponyta:ro] [194/396] Building C object zephyr/CMakeFiles/zephyr.dir/subsys/shell/shell_ops.c.obj
[matsu-ish:singleimage] [163/256] Building C object modules/ec/zephyr/CMakeFiles/ec_shim.dir/shim/src/host_command.c.obj
[ponyta:ro] [195/396] Building C object zephyr/arch/common/CMakeFiles/arch__common.dir/sw_isr_common.c.obj
[matsu-ish:singleimage] [164/256] Building C object modules/ec/zephyr/CMakeFiles/ec_shim.dir/shim/src/hooks.c.obj
[anraggar:ro] [23/400] Building C object zephyr/CMakeFiles/zephyr.dir/lib/utils/rb.c.obj
[ponyta:rw] [306/396] Building C object zephyr/drivers/timer/CMakeFiles/drivers__timer.dir/npcx_itim_timer.c.obj
[ponyta:ro] [196/396] Linking C static library zephyr/libzephyr.a
[ponyta:rw] [307/396] Linking C static library zephyr/drivers/timer/libdrivers__timer.a
[ponyta:rw] [308/396] Building C object zephyr/drivers/watchdog/CMakeFiles/drivers__watchdog.dir/wdt_npcx.c.obj
[ponyta:ro] [197/396] Building C object zephyr/arch/common/CMakeFiles/arch__common.dir/init.c.obj
[anraggar:ro] [24/400] Building C object zephyr/CMakeFiles/zephyr.dir/lib/utils/timeutil.c.obj
[ponyta:ro] [198/396] Building C object zephyr/arch/common/CMakeFiles/isr_tables.dir/isr_tables.c.obj
[matsu-ish:singleimage] [165/256] Building C object modules/ec/zephyr/CMakeFiles/ec_shim.dir/shim/src/mkbp_event.c.obj
[ponyta:ro] [199/396] Building ASM object zephyr/arch/arch/arm/core/CMakeFiles/arch__arm__core.dir/nmi_on_reset.S.obj
[matsu-ish:singleimage] [166/256] Building C object modules/ec/zephyr/CMakeFiles/ec_shim.dir/shim/src/console_buffer.c.obj
[anraggar:rw] [34/400] Building C object zephyr/CMakeFiles/zephyr.dir/soc/ite/ec/common/power.c.obj
[ponyta:ro] [200/396] Building C object zephyr/arch/common/CMakeFiles/arch__common.dir/xip.c.obj
[ponyta:ro] [201/396] Linking C static library zephyr/arch/common/libisr_tables.a
[ponyta:rw] [309/396] Building C object zephyr/drivers/watchdog/CMakeFiles/drivers__watchdog.dir/wdt_shell.c.obj
[ponyta:rw] [310/396] Building C object modules/ec/zephyr/CMakeFiles/ec_shim.dir/app/ec/main_shim.c.obj
[ponyta:ro] [202/396] Linking C static library zephyr/arch/common/libarch__common.a
[ponyta:rw] [311/396] Linking C static library zephyr/drivers/watchdog/libdrivers__watchdog.a
[ponyta:ro] [203/396] Building ASM object zephyr/arch/arch/arm/core/cortex_m/CMakeFiles/arch__arm__core__cortex_m.dir/fault_s.S.obj
[ponyta:ro] [204/396] Building C object zephyr/arch/arch/arm/core/CMakeFiles/arch__arm__core.dir/fatal.c.obj
[ponyta:ro] [205/396] Building C object zephyr/arch/arch/arm/core/CMakeFiles/arch__arm__core.dir/nmi.c.obj
[ponyta:rw] [312/396] Building C object modules/ec/zephyr/CMakeFiles/ec_shim.dir/drivers/cros_flash/cros_flash_npcx.c.obj
[ponyta:rw] [313/396] Building C object modules/ec/zephyr/CMakeFiles/ec_shim.dir/app/ec/ec_app_main.c.obj
[matsu-ish:singleimage] [167/256] Building C object modules/ec/zephyr/CMakeFiles/ec_shim.dir/shim/src/hwtimer.c.obj
[ponyta:ro] [206/396] Linking C static library zephyr/arch/arch/arm/core/libarch__arm__core.a
[matsu-ish:singleimage] [168/256] Building C object modules/ec/zephyr/CMakeFiles/ec_shim.dir/shim/src/motionsense_sensors.c.obj
[ponyta:rw] [314/396] Building C object modules/ec/zephyr/CMakeFiles/ec_shim.dir/drivers/cros_kb_raw/cros_kb_raw_npcx.c.obj
[anraggar:ro] [25/400] Building C object zephyr/CMakeFiles/zephyr.dir/lib/utils/bitarray.c.obj
[ponyta:ro] [207/396] Building C object zephyr/arch/arch/arm/core/cortex_m/CMakeFiles/arch__arm__core__cortex_m.dir/exc_exit.c.obj
[anraggar:rw] [35/400] Building C object zephyr/CMakeFiles/zephyr.dir/soc/ite/ec/common/policy.c.obj
[matsu-ish:singleimage] [169/256] Building C object modules/ec/zephyr/CMakeFiles/ec_shim.dir/shim/src/i2c.c.obj
[ponyta:rw] [315/396] Building C object modules/ec/zephyr/CMakeFiles/ec_shim.dir/drivers/cros_shi/cros_shi_npcx.c.obj
[ponyta:ro] [208/396] Building C object zephyr/arch/arch/arm/core/cortex_m/CMakeFiles/arch__arm__core__cortex_m.dir/fault.c.obj
[anraggar:ro] [26/400] Building C object zephyr/CMakeFiles/zephyr.dir/lib/utils/bitmask.c.obj
[ponyta:ro] [209/396] Building ASM object zephyr/arch/arch/arm/core/cortex_m/CMakeFiles/arch__arm__core__cortex_m.dir/reset.S.obj
[ponyta:rw] [316/396] Building C object modules/ec/zephyr/CMakeFiles/ec_shim.dir/drivers/cros_system/cros_system_npcx.c.obj
[ponyta:ro] [210/396] Building C object zephyr/arch/arch/arm/core/cortex_m/CMakeFiles/arch__arm__core__cortex_m.dir/fpu.c.obj
[ponyta:ro] [211/396] Building C object zephyr/arch/arch/arm/core/cortex_m/CMakeFiles/arch__arm__core__cortex_m.dir/scb.c.obj
[ponyta:rw] [317/396] Building C object modules/ec/zephyr/CMakeFiles/ec_shim.dir/shim/chip/npcx/clock.c.obj
[matsu-ish:singleimage] [170/256] Building C object modules/ec/zephyr/CMakeFiles/ec_shim.dir/shim/src/tasks.c.obj
[ponyta:ro] [212/396] Building ASM object zephyr/arch/arch/arm/core/cortex_m/CMakeFiles/arch__arm__core__cortex_m.dir/vector_table.S.obj
[ponyta:rw] [318/396] Building C object modules/ec/zephyr/CMakeFiles/ec_shim.dir/shim/chip/npcx/rom_chip.c.obj
[matsu-ish:singleimage] [171/256] Building C object modules/ec/zephyr/CMakeFiles/ec_shim.dir/shim/src/usbc_stub.c.obj
[ponyta:rw] [319/396] Building C object modules/ec/zephyr/CMakeFiles/ec_shim.dir/shim/chip/npcx/gpio.c.obj
[matsu-ish:singleimage] [172/256] cd /mnt/host/source/src/platform/ec/build/zephyr/matsu-ish/build-singleimage/modules/ec/zephyr && PYTHONPATH=/mnt/host/source/src/platform/ec/build/zephyr/matsu-ish/modules/ec/zephyr/zmake/ /usr/bin/python3.11 /mnt/host/source/src/platform/ec/build/zephyr/matsu-ish/modules/ec/zephyr/zmake/zephyr_build_tools/generate_ec_version.py /mnt/host/source/src/platform/ec/build/zephyr/matsu-ish/build-singleimage/modules/ec/zephyr/include/ec_version.h --name Zephyr-Kernel --version 16543.0.0 --static
[matsu-ish:singleimage] INFO:root:Using a static version string
[ponyta:rw] [320/396] Building C object modules/ec/zephyr/CMakeFiles/ec_shim.dir/shim/chip/npcx/keyboard_raw.c.obj
[ponyta:ro] [213/396] Building C object zephyr/arch/arch/arm/core/cortex_m/CMakeFiles/arch__arm__core__cortex_m.dir/thread_abort.c.obj
[anraggar:rw] [36/400] Building C object zephyr/CMakeFiles/zephyr.dir/soc/ite/ec/it8xxx2/soc.c.obj
[ponyta:ro] [214/396] Building ASM object zephyr/arch/arch/arm/core/cortex_m/CMakeFiles/arch__arm__core__cortex_m.dir/swap_helper.S.obj
[anraggar:ro] [27/400] Building C object zephyr/CMakeFiles/zephyr.dir/lib/utils/getopt/getopt.c.obj
[matsu-ish:singleimage] INFO:root:Version string: Zephyr-Kernel-16543.0.0
[matsu-ish:singleimage] INFO:root:Writing header to /mnt/host/source/src/platform/ec/build/zephyr/matsu-ish/build-singleimage/modules/ec/zephyr/include/ec_version.h
[matsu-ish:singleimage] [173/256] Building C object modules/ec/zephyr/CMakeFiles/ec_shim.dir/shim/src/host_command_heci.c.obj
[ponyta:ro] [215/396] Building C object zephyr/arch/arch/arm/core/cortex_m/CMakeFiles/arch__arm__core__cortex_m.dir/prep_c.c.obj
[matsu-ish:singleimage] [174/256] Building C object CMakeFiles/app.dir/mnt/host/source/src/platform/ec/zephyr/subsys/ap_pwrseq/ap_events.c.obj
[ponyta:rw] [321/396] Building C object modules/ec/zephyr/CMakeFiles/ec_shim.dir/shim/chip/npcx/shi.c.obj
[ponyta:ro] [216/396] Building C object zephyr/arch/arch/arm/core/cortex_m/CMakeFiles/arch__arm__core__cortex_m.dir/irq_manage.c.obj
[ponyta:rw] [322/396] Building C object modules/ec/zephyr/CMakeFiles/ec_shim.dir/shim/chip/npcx/system.c.obj
[ponyta:rw] [323/396] Building C object modules/ec/zephyr/CMakeFiles/ec_shim.dir/shim/src/crc.c.obj
[ponyta:ro] [217/396] Building C object zephyr/arch/arch/arm/core/cortex_m/CMakeFiles/arch__arm__core__cortex_m.dir/thread.c.obj
[anraggar:rw] [37/400] Building C object zephyr/CMakeFiles/zephyr.dir/soc/ite/ec/it8xxx2/check_regs.c.obj
[/mnt/host/source/src/platform/ec/build/zephyr/trulo-lcov]   /mnt/host/source/src/platform/ec/build/zephyr/trulo/build-rw/zephyr/kernel/CMakeFiles/kernel.dir/errno.c.gcno:no functions found
[/mnt/host/source/src/platform/ec/build/zephyr/trulo-lcov] stderr:
[ponyta:rw] [324/396] Building C object modules/ec/zephyr/CMakeFiles/ec_shim.dir/shim/chip/npcx/system_external_storage.c.obj
[ponyta:ro] [218/396] Building C object zephyr/arch/arch/arm/core/cortex_m/CMakeFiles/arch__arm__core__cortex_m.dir/cpu_idle.c.obj
[matsu-ish:singleimage] [175/256] Building C object CMakeFiles/app.dir/mnt/host/source/src/platform/ec/build/zephyr/matsu-ish/modules/ec/builtin/stdlib.c.obj
[ponyta:rw] [325/396] Building C object modules/ec/zephyr/CMakeFiles/ec_shim.dir/shim/chip/npcx/power_policy.c.obj
[ponyta:rw] [326/396] Building C object modules/ec/zephyr/CMakeFiles/ec_shim.dir/shim/core/cortex-m/panic.c.obj
[matsu-ish:singleimage] [176/256] Building C object CMakeFiles/app.dir/mnt/host/source/src/platform/ec/build/zephyr/matsu-ish/modules/ec/common/base32.c.obj
[anraggar:ro] [28/400] Building C object zephyr/CMakeFiles/zephyr.dir/lib/utils/getopt/getopt_common.c.obj
[ponyta:ro] [219/396] Building C object zephyr/arch/arch/arm/core/cortex_m/CMakeFiles/arch__arm__core__cortex_m.dir/irq_init.c.obj
[ponyta:rw] [327/396] Building C object modules/ec/zephyr/CMakeFiles/ec_shim.dir/shim/core/cortex-m/mpu.c.obj
[ponyta:ro] [220/396] Generating ../../../include/generated/libc/minimal/strerror_table.h
[anraggar:rw] [38/400] Building ASM object zephyr/CMakeFiles/zephyr.dir/soc/ite/ec/it8xxx2/vector.S.obj
[ponyta:ro] [221/396] Building C object zephyr/lib/libc/minimal/CMakeFiles/lib__libc__minimal.dir/source/stdlib/atoi.c.obj
[anraggar:ro] [29/400] Building C object zephyr/CMakeFiles/zephyr.dir/lib/utils/ring_buffer.c.obj
[ponyta:ro] [222/396] Building C object zephyr/arch/arch/arm/core/cortex_m/CMakeFiles/arch__arm__core__cortex_m.dir/isr_wrapper.c.obj
[anraggar:rw] [39/400] Building ASM object zephyr/CMakeFiles/zephyr.dir/soc/ite/ec/it8xxx2/__arithmetic.S.obj
[anraggar:ro] [30/400] Building C object zephyr/CMakeFiles/zephyr.dir/lib/utils/last_section_id.c.obj
[ponyta:ro] [223/396] Building C object zephyr/lib/libc/minimal/CMakeFiles/lib__libc__minimal.dir/source/stdlib/strtol.c.obj
[ponyta:ro] [224/396] Linking C static library zephyr/arch/arch/arm/core/cortex_m/libarch__arm__core__cortex_m.a
[ponyta:ro] [225/396] Building C object zephyr/arch/arch/arm/core/mpu/CMakeFiles/arch__arm__core__mpu.dir/arm_core_mpu.c.obj
[matsu-ish:singleimage] [177/256] Building C object CMakeFiles/app.dir/mnt/host/source/src/platform/ec/build/zephyr/matsu-ish/modules/ec/common/ec_features.c.obj
[matsu-ish:singleimage] [178/256] Building C object CMakeFiles/app.dir/mnt/host/source/src/platform/ec/build/zephyr/matsu-ish/modules/ec/common/console_output.c.obj
[ponyta:ro] [226/396] Building C object zephyr/arch/arch/arm/core/mpu/CMakeFiles/arch__arm__core__mpu.dir/arm_mpu_regions.c.obj
[ponyta:ro] [227/396] Building C object zephyr/arch/arch/arm/core/mpu/CMakeFiles/arch__arm__core__mpu.dir/arm_mpu.c.obj
[anraggar:ro] [31/400] Building C object zephyr/CMakeFiles/zephyr.dir/misc/generated/configs.c.obj
[ponyta:ro] [228/396] Building C object zephyr/lib/libc/minimal/CMakeFiles/lib__libc__minimal.dir/source/stdlib/strtoul.c.obj
[ponyta:ro] [229/396] Building C object zephyr/lib/libc/minimal/CMakeFiles/lib__libc__minimal.dir/source/stdlib/strtoll.c.obj
[ponyta:ro] [230/396] Building C object zephyr/lib/libc/minimal/CMakeFiles/lib__libc__minimal.dir/source/stdlib/strtoull.c.obj
[ponyta:ro] [231/396] Building C object zephyr/lib/libc/minimal/CMakeFiles/lib__libc__minimal.dir/source/stdlib/bsearch.c.obj
[ponyta:ro] [232/396] Linking C static library zephyr/arch/arch/arm/core/mpu/libarch__arm__core__mpu.a
[ponyta:rw] [328/396] Building C object modules/ec/zephyr/CMakeFiles/ec_shim.dir/shim/src/console.c.obj
[ponyta:rw] [329/396] Building C object modules/ec/zephyr/CMakeFiles/ec_shim.dir/shim/src/gpio_int.c.obj
[ponyta:rw] [330/396] Building C object modules/ec/zephyr/CMakeFiles/ec_shim.dir/shim/src/panic_utils.c.obj
[ponyta:rw] [331/396] Building C object modules/ec/zephyr/CMakeFiles/ec_shim.dir/shim/src/pm_state.c.obj
[ponyta:ro] [233/396] Building C object zephyr/lib/libc/minimal/CMakeFiles/lib__libc__minimal.dir/source/string/strstr.c.obj
[ponyta:ro] [234/396] Building C object zephyr/lib/libc/minimal/CMakeFiles/lib__libc__minimal.dir/source/string/strncasecmp.c.obj
[anraggar:ro] [32/400] Building ASM object zephyr/CMakeFiles/zephyr.dir/soc/ite/ec/common/soc_irq.S.obj
[ponyta:ro] [235/396] Building C object zephyr/lib/libc/minimal/CMakeFiles/lib__libc__minimal.dir/source/stdlib/qsort.c.obj
[ponyta:rw] [332/396] Building C object modules/ec/zephyr/CMakeFiles/ec_shim.dir/shim/src/gpio.c.obj
[ponyta:ro] [236/396] Building C object zephyr/lib/libc/minimal/CMakeFiles/lib__libc__minimal.dir/source/string/strerror.c.obj
[anraggar:rw] [40/400] Building C object zephyr/CMakeFiles/zephyr.dir/soc/ite/ec/it8xxx2/ilm.c.obj
[ponyta:ro] [237/396] Building C object zephyr/lib/libc/minimal/CMakeFiles/lib__libc__minimal.dir/source/string/strspn.c.obj
[matsu-ish:singleimage] [179/256] Building C object CMakeFiles/app.dir/mnt/host/source/src/platform/ec/build/zephyr/matsu-ish/modules/ec/common/gpio_commands.c.obj
[ponyta:ro] [238/396] Building C object zephyr/lib/libc/minimal/CMakeFiles/lib__libc__minimal.dir/source/string/string.c.obj
[matsu-ish:singleimage] [180/256] Building C object CMakeFiles/app.dir/mnt/host/source/src/platform/ec/build/zephyr/matsu-ish/modules/ec/common/peripheral.c.obj
[ponyta:rw] [333/396] Building C object modules/ec/zephyr/CMakeFiles/ec_shim.dir/shim/src/cbi/cros_cbi.c.obj
[/mnt/host/source/src/platform/ec/build/zephyr/trulo-lcov]   /mnt/host/source/src/platform/ec/build/zephyr/trulo/build-rw/zephyr/lib/libc/picolibc/CMakeFiles/lib__libc__picolibc.dir/errno_wrap.c.gcno:no functions found
[/mnt/host/source/src/platform/ec/build/zephyr/trulo-lcov] stderr:
[ponyta:ro] [239/396] Building C object zephyr/lib/libc/minimal/CMakeFiles/lib__libc__minimal.dir/source/stdlib/exit.c.obj
[ponyta:ro] [240/396] Building C object zephyr/lib/libc/minimal/CMakeFiles/lib__libc__minimal.dir/source/math/sqrtf.c.obj
[anraggar:ro] [33/400] Building C object zephyr/CMakeFiles/zephyr.dir/soc/ite/ec/common/soc_common_irq.c.obj
[ponyta:ro] [241/396] Building C object zephyr/lib/libc/minimal/CMakeFiles/lib__libc__minimal.dir/source/stdout/sprintf.c.obj
[matsu-ish:singleimage] [181/256] Building C object CMakeFiles/app.dir/mnt/host/source/src/platform/ec/build/zephyr/matsu-ish/modules/ec/common/queue.c.obj
[anraggar:rw] [41/400] Building C object zephyr/CMakeFiles/zephyr.dir/subsys/logging/log_minimal.c.obj
[ponyta:rw] [334/396] Building C object modules/ec/zephyr/CMakeFiles/ec_shim.dir/shim/src/cbi/cros_cbi_fw_config.c.obj
[ponyta:ro] [242/396] Building C object zephyr/lib/libc/minimal/CMakeFiles/lib__libc__minimal.dir/source/stdout/stdout_console.c.obj
[matsu-ish:singleimage] [182/256] Building C object CMakeFiles/app.dir/mnt/host/source/src/platform/ec/build/zephyr/matsu-ish/modules/ec/common/printf.c.obj
[ponyta:rw] [335/396] Building C object modules/ec/zephyr/CMakeFiles/ec_shim.dir/shim/src/cbi/cros_cbi_ssfc.c.obj
[ponyta:ro] [243/396] Building C object zephyr/lib/libc/minimal/CMakeFiles/lib__libc__minimal.dir/source/math/sqrt.c.obj
[ponyta:ro] [244/396] Building C object zephyr/lib/libc/minimal/CMakeFiles/lib__libc__minimal.dir/source/stdout/fprintf.c.obj
[ponyta:rw] [336/396] Building C object modules/ec/zephyr/CMakeFiles/ec_shim.dir/shim/src/led_driver/led.c.obj
[ponyta:rw] [337/396] Building ASM object modules/ec/zephyr/CMakeFiles/ec_shim.dir/shim/src/libgcc_arm.S.obj
[ponyta:ro] [245/396] Building C object zephyr/lib/libc/common/CMakeFiles/lib__libc__common.dir/source/time/gmtime_r.c.obj
[ponyta:rw] [338/396] Building C object modules/ec/zephyr/CMakeFiles/ec_shim.dir/shim/src/cbi/cbi_eeprom.c.obj
[ponyta:ro] [246/396] Building C object zephyr/lib/libc/common/CMakeFiles/lib__libc__common.dir/source/time/asctime.c.obj
[ponyta:ro] [247/396] Building C object zephyr/lib/libc/common/CMakeFiles/lib__libc__common.dir/source/time/localtime_r_utc.c.obj
[ponyta:rw] [339/396] Building C object modules/ec/zephyr/CMakeFiles/ec_shim.dir/shim/src/led_driver/led_pwm.c.obj
[ponyta:rw] [340/396] Building C object modules/ec/zephyr/CMakeFiles/ec_shim.dir/shim/src/system.c.obj
[ponyta:ro] [248/396] Building C object zephyr/lib/libc/common/CMakeFiles/lib__libc__common.dir/source/time/ctime.c.obj
[ponyta:ro] [249/396] Building C object zephyr/lib/libc/minimal/CMakeFiles/lib__libc__minimal.dir/source/time/gmtime.c.obj
[ponyta:ro] [250/396] Building C object zephyr/lib/libc/common/CMakeFiles/lib__libc__common.dir/source/time/time.c.obj
[matsu-ish:singleimage] [183/256] Building C object CMakeFiles/app.dir/mnt/host/source/src/platform/ec/build/zephyr/matsu-ish/modules/ec/common/system_boot_time.c.obj
[ponyta:ro] [251/396] Building C object zephyr/lib/libc/common/CMakeFiles/lib__libc__common.dir/source/string/strnlen.c.obj
[anraggar:ro] [34/400] Building C object zephyr/CMakeFiles/zephyr.dir/soc/ite/ec/common/power.c.obj
[ponyta:ro] [252/396] Building C object zephyr/lib/libc/common/CMakeFiles/lib__libc__common.dir/source/stdlib/abort.c.obj
[ponyta:ro] [253/396] Linking C static library zephyr/lib/libc/minimal/liblib__libc__minimal.a
[ponyta:ro] [254/396] Building C object zephyr/lib/posix/c_lib_ext/CMakeFiles/lib__posix__c_lib_ext.dir/fnmatch.c.obj
[anraggar:rw] [42/400] Building C object zephyr/CMakeFiles/zephyr.dir/subsys/pm/pm.c.obj
[matsu-ish:singleimage] [184/256] Building C object CMakeFiles/app.dir/mnt/host/source/src/platform/ec/build/zephyr/matsu-ish/modules/ec/common/system.c.obj
[ponyta:ro] [255/396] Building C object zephyr/subsys/crc/CMakeFiles/subsys__crc.dir/crc4_sw.c.obj
[ponyta:ro] [256/396] Building C object zephyr/subsys/crc/CMakeFiles/subsys__crc.dir/crc8_sw.c.obj
[ponyta:ro] [257/396] Building C object zephyr/subsys/crc/CMakeFiles/subsys__crc.dir/crc16_sw.c.obj
[ponyta:ro] [258/396] Building C object zephyr/subsys/crc/CMakeFiles/subsys__crc.dir/crc7_sw.c.obj
[matsu-ish:singleimage] [185/256] Building C object CMakeFiles/app.dir/mnt/host/source/src/platform/ec/build/zephyr/matsu-ish/modules/ec/common/uart_printf.c.obj
[ponyta:ro] [259/396] Building C object zephyr/subsys/crc/CMakeFiles/subsys__crc.dir/crc24_sw.c.obj
[anraggar:rw] [43/400] Building C object zephyr/CMakeFiles/zephyr.dir/subsys/pm/state.c.obj
[ponyta:ro] [260/396] Building C object zephyr/lib/libc/common/CMakeFiles/lib__libc__common.dir/source/stdlib/malloc.c.obj
[ponyta:rw] [341/396] Building C object modules/ec/zephyr/CMakeFiles/ec_shim.dir/shim/src/charger.c.obj
[ponyta:ro] [261/396] Building C object zephyr/subsys/crc/CMakeFiles/subsys__crc.dir/crc32c_sw.c.obj
[ponyta:ro] [262/396] Building C object zephyr/subsys/crc/CMakeFiles/subsys__crc.dir/crc32_sw.c.obj
[ponyta:rw] [342/396] Building C object modules/ec/zephyr/CMakeFiles/ec_shim.dir/shim/src/battery.c.obj
[ponyta:ro] [263/396] Linking C static library zephyr/lib/libc/common/liblib__libc__common.a
[ponyta:ro] [264/396] Building C object zephyr/subsys/crc/CMakeFiles/subsys__crc.dir/crc32k_4_2_sw.c.obj
[matsu-ish:singleimage] [186/256] Building C object CMakeFiles/app.dir/mnt/host/source/src/platform/ec/build/zephyr/matsu-ish/modules/ec/common/util.c.obj
[anraggar:ro] [35/400] Building C object zephyr/CMakeFiles/zephyr.dir/soc/ite/ec/common/policy.c.obj
[ponyta:ro] [265/396] Building C object zephyr/lib/posix/c_lib_ext/CMakeFiles/lib__posix__c_lib_ext.dir/getopt_shim.c.obj
[ponyta:rw] [343/396] Building C object modules/ec/zephyr/CMakeFiles/ec_shim.dir/shim/src/adc.c.obj
[ponyta:ro] [266/396] Building C object zephyr/lib/posix/c_lib_ext/CMakeFiles/lib__posix__c_lib_ext.dir/getentropy.c.obj
[ponyta:ro] [267/396] Linking C static library zephyr/subsys/crc/libsubsys__crc.a
[ponyta:rw] [344/396] Building C object modules/ec/zephyr/CMakeFiles/ec_shim.dir/shim/src/flash.c.obj
[ponyta:rw] [345/396] Building C object modules/ec/zephyr/CMakeFiles/ec_shim.dir/shim/src/hooks.c.obj
[ponyta:ro] [268/396] Linking C static library zephyr/lib/posix/c_lib_ext/liblib__posix__c_lib_ext.a
[ponyta:rw] [346/396] Building C object modules/ec/zephyr/CMakeFiles/ec_shim.dir/shim/src/host_command.c.obj
[matsu-ish:singleimage] [187/256] Building C object CMakeFiles/app.dir/mnt/host/source/src/platform/ec/build/zephyr/matsu-ish/modules/ec/common/version.c.obj
[anraggar:rw] [44/400] Building C object zephyr/CMakeFiles/zephyr.dir/subsys/pm/policy/policy_events.c.obj
[matsu-ish:singleimage] [188/256] Building C object CMakeFiles/app.dir/mnt/host/source/src/platform/ec/build/zephyr/matsu-ish/modules/ec/driver/accel_bma4xx.c.obj
[ponyta:ro] [269/396] Building C object zephyr/drivers/interrupt_controller/CMakeFiles/drivers__interrupt_controller.dir/intc_miwu.c.obj
[ponyta:ro] [270/396] Building C object zephyr/drivers/bbram/CMakeFiles/drivers__bbram.dir/bbram_npcx.c.obj
[ponyta:rw] [347/396] Building C object modules/ec/zephyr/CMakeFiles/ec_shim.dir/shim/src/keyboard_raw.c.obj
[ponyta:rw] [348/396] Building C object modules/ec/zephyr/CMakeFiles/ec_shim.dir/shim/src/console_buffer.c.obj
[anraggar:ro] [36/400] Building C object zephyr/CMakeFiles/zephyr.dir/soc/ite/ec/it8xxx2/soc.c.obj
[ponyta:ro] [271/396] Linking C static library zephyr/drivers/interrupt_controller/libdrivers__interrupt_controller.a
[matsu-ish:singleimage] [189/256] Building C object CMakeFiles/app.dir/mnt/host/source/src/platform/ec/build/zephyr/matsu-ish/modules/ec/common/motion_sense_fifo.c.obj
[ponyta:ro] [272/396] Building C object zephyr/drivers/adc/CMakeFiles/drivers__adc.dir/adc_common.c.obj
[ponyta:rw] [349/396] Building C object modules/ec/zephyr/CMakeFiles/ec_shim.dir/shim/src/keyscan.c.obj
[ponyta:ro] [273/396] Linking C static library zephyr/drivers/bbram/libdrivers__bbram.a
[ponyta:rw] [350/396] Building C object modules/ec/zephyr/CMakeFiles/ec_shim.dir/shim/src/mkbp_event.c.obj
[ponyta:ro] [274/396] Building C object zephyr/drivers/clock_control/CMakeFiles/drivers__clock_control.dir/clock_control_npcx.c.obj
[ponyta:ro] [275/396] Linking C static library zephyr/drivers/clock_control/libdrivers__clock_control.a
[ponyta:ro] [276/396] Building C object zephyr/drivers/adc/CMakeFiles/drivers__adc.dir/adc_npcx.c.obj
[matsu-ish:singleimage] [190/256] Building C object CMakeFiles/app.dir/mnt/host/source/src/platform/ec/build/zephyr/matsu-ish/modules/ec/common/cbi_common.c.obj
[ponyta:rw] [351/396] Building C object modules/ec/zephyr/CMakeFiles/ec_shim.dir/shim/src/panic.c.obj
[ponyta:rw] [352/396] Building C object modules/ec/zephyr/CMakeFiles/ec_shim.dir/shim/src/motionsense_sensors.c.obj
[ponyta:ro] [277/396] Linking C static library zephyr/drivers/adc/libdrivers__adc.a
[anraggar:rw] [45/400] Building C object zephyr/CMakeFiles/zephyr.dir/subsys/pm/policy/policy_latency.c.obj
[anraggar:ro] [37/400] Building C object zephyr/CMakeFiles/zephyr.dir/soc/ite/ec/it8xxx2/check_regs.c.obj
[matsu-ish:singleimage] [191/256] Building C object CMakeFiles/app.dir/mnt/host/source/src/platform/ec/build/zephyr/matsu-ish/modules/ec/common/cbi.c.obj
[ponyta:ro] [278/396] Building C object zephyr/drivers/console/CMakeFiles/drivers__console.dir/uart_console.c.obj
[ponyta:ro] [279/396] Linking C static library zephyr/drivers/console/libdrivers__console.a
[ponyta:rw] [353/396] Building C object modules/ec/zephyr/CMakeFiles/ec_shim.dir/shim/src/thermal.c.obj
[matsu-ish:singleimage] [192/256] Building C object CMakeFiles/app.dir/mnt/host/source/src/platform/ec/build/zephyr/matsu-ish/modules/ec/common/cbi_config.c.obj
[ponyta:ro] [280/396] Building C object zephyr/drivers/eeprom/CMakeFiles/drivers__eeprom.dir/eeprom_shell.c.obj
[ponyta:ro] [281/396] Building C object zephyr/drivers/eeprom/CMakeFiles/drivers__eeprom.dir/eeprom_at2x.c.obj
[ponyta:rw] [354/396] Building C object modules/ec/zephyr/CMakeFiles/ec_shim.dir/shim/src/hwtimer.c.obj
[anraggar:ro] [38/400] Building ASM object zephyr/CMakeFiles/zephyr.dir/soc/ite/ec/it8xxx2/vector.S.obj
[ponyta:ro] [282/396] Building C object zephyr/drivers/flash/CMakeFiles/drivers__flash.dir/jesd216.c.obj
[anraggar:rw] [46/400] Building C object zephyr/CMakeFiles/zephyr.dir/subsys/pm/policy/policy_state_lock.c.obj
[ponyta:rw] [355/396] Building C object modules/ec/zephyr/CMakeFiles/ec_shim.dir/shim/src/power.c.obj
[ponyta:ro] [283/396] Linking C static library zephyr/drivers/eeprom/libdrivers__eeprom.a
[ponyta:rw] [356/396] Building C object modules/ec/zephyr/CMakeFiles/ec_shim.dir/shim/src/temp_sensors.c.obj
[anraggar:ro] [39/400] Building ASM object zephyr/CMakeFiles/zephyr.dir/soc/ite/ec/it8xxx2/__arithmetic.S.obj
[ponyta:ro] [284/396] Building C object zephyr/drivers/flash/CMakeFiles/drivers__flash.dir/flash_npcx_fiu_nor.c.obj
[matsu-ish:singleimage] [193/256] Building C object CMakeFiles/app.dir/mnt/host/source/src/platform/ec/build/zephyr/matsu-ish/modules/ec/common/cbi_gpio.c.obj
[ponyta:rw] [357/396] Building C object modules/ec/zephyr/CMakeFiles/ec_shim.dir/shim/src/tasks.c.obj
[ponyta:rw] [358/396] Building C object modules/ec/zephyr/CMakeFiles/ec_shim.dir/shim/src/i2c.c.obj
[matsu-ish:singleimage] [194/256] Building C object CMakeFiles/app.dir/mnt/host/source/src/platform/ec/build/zephyr/matsu-ish/modules/ec/common/memory_commands.c.obj
[anraggar:rw] [47/400] Building C object zephyr/CMakeFiles/zephyr.dir/subsys/pm/device.c.obj
[matsu-ish:singleimage] [195/256] Building C object CMakeFiles/app.dir/mnt/host/source/src/platform/ec/build/zephyr/matsu-ish/modules/ec/common/ap_reset_log.c.obj
[ponyta:ro] [285/396] Building C object zephyr/drivers/flash/CMakeFiles/drivers__flash.dir/flash_npcx_fiu_qspi.c.obj
[ponyta:ro] [286/396] Linking C static library zephyr/drivers/flash/libdrivers__flash.a
[ponyta:rw] [359/396] Building C object modules/ec/zephyr/CMakeFiles/ec_shim.dir/shim/src/ppc.c.obj
[ponyta:ro] [287/396] Building C object zephyr/drivers/i2c/CMakeFiles/drivers__i2c.dir/i2c_common.c.obj
[ponyta:ro] [288/396] Building C object zephyr/drivers/i2c/CMakeFiles/drivers__i2c.dir/i2c_shell.c.obj
[ponyta:ro] [289/396] Building C object zephyr/drivers/gpio/CMakeFiles/drivers__gpio.dir/gpio_npcx.c.obj
[anraggar:ro] [40/400] Building C object zephyr/CMakeFiles/zephyr.dir/soc/ite/ec/it8xxx2/ilm.c.obj
[ponyta:rw] [360/396] Building C object modules/ec/zephyr/CMakeFiles/ec_shim.dir/shim/src/watchdog.c.obj
[ponyta:rw] [361/396] Building C object modules/ec/zephyr/CMakeFiles/ec_shim.dir/shim/src/usba.c.obj
[ponyta:ro] [290/396] Linking C static library zephyr/drivers/gpio/libdrivers__gpio.a
[matsu-ish:singleimage] [196/256] Building C object CMakeFiles/app.dir/mnt/host/source/src/platform/ec/build/zephyr/matsu-ish/modules/ec/common/host_command.c.obj
[ponyta:rw] [362/396] Building C object zephyr/kernel/CMakeFiles/kernel.dir/main_weak.c.obj
[ponyta:rw] [363/396] Building C object modules/ec/zephyr/CMakeFiles/ec_shim.dir/shim/src/usb_muxes.c.obj
[ponyta:rw] [364/396] Building C object zephyr/kernel/CMakeFiles/kernel.dir/banner.c.obj
[ponyta:ro] [291/396] Building C object zephyr/drivers/i2c/CMakeFiles/drivers__i2c.dir/i2c_npcx_controller.c.obj
[matsu-ish:singleimage] [197/256] Building C object CMakeFiles/app.dir/mnt/host/source/src/platform/ec/build/zephyr/matsu-ish/modules/ec/common/host_command_task.c.obj
[ponyta:rw] [365/396] Linking C static library modules/ec/zephyr/libec_shim.a
[anraggar:rw] [48/400] Building C object zephyr/CMakeFiles/zephyr.dir/subsys/pm/device_system_managed.c.obj
[ponyta:ro] [292/396] Building C object zephyr/drivers/pinctrl/CMakeFiles/drivers__pinctrl.dir/common.c.obj
[anraggar:ro] [41/400] Building C object zephyr/CMakeFiles/zephyr.dir/subsys/logging/log_minimal.c.obj
[ponyta:rw] [366/396] Building C object zephyr/kernel/CMakeFiles/kernel.dir/busy_wait.c.obj
[ponyta:ro] [293/396] Building C object zephyr/drivers/pinctrl/CMakeFiles/drivers__pinctrl.dir/pinctrl_npcx.c.obj
[ponyta:rw] [367/396] Building C object zephyr/kernel/CMakeFiles/kernel.dir/errno.c.obj
[ponyta:ro] [294/396] Building C object zephyr/drivers/i2c/CMakeFiles/drivers__i2c.dir/i2c_npcx_controller_fifo.c.obj
[ponyta:ro] [295/396] Linking C static library zephyr/drivers/pinctrl/libdrivers__pinctrl.a
[ponyta:ro] [296/396] Building C object zephyr/drivers/i2c/CMakeFiles/drivers__i2c.dir/i2c_npcx_port.c.obj
[ponyta:rw] [368/396] Building C object zephyr/kernel/CMakeFiles/kernel.dir/device.c.obj
[matsu-ish:singleimage] [198/256] Building C object CMakeFiles/app.dir/mnt/host/source/src/platform/ec/build/zephyr/matsu-ish/modules/ec/common/host_event_commands.c.obj
[ponyta:ro] [297/396] Linking C static library zephyr/drivers/i2c/libdrivers__i2c.a
[matsu-ish:singleimage] [199/256] Building C object CMakeFiles/app.dir/mnt/host/source/src/platform/ec/build/zephyr/matsu-ish/modules/ec/common/uart_hostcmd.c.obj
[ponyta:rw] [369/396] Building C object zephyr/kernel/CMakeFiles/kernel.dir/version.c.obj
[ponyta:ro] [298/396] Building C object zephyr/drivers/pwm/CMakeFiles/drivers__pwm.dir/pwm_shell.c.obj
[ponyta:rw] [370/396] Building C object zephyr/kernel/CMakeFiles/kernel.dir/init.c.obj
[anraggar:rw] [49/400] Building C object zephyr/CMakeFiles/zephyr.dir/subsys/testsuite/coverage/coverage.c.obj
[ponyta:rw] [371/396] Building C object zephyr/kernel/CMakeFiles/kernel.dir/fatal.c.obj
[ponyta:rw] [372/396] Building C object zephyr/kernel/CMakeFiles/kernel.dir/kheap.c.obj
[anraggar:ro] [42/400] Building C object zephyr/CMakeFiles/zephyr.dir/subsys/pm/pm.c.obj
[matsu-ish:singleimage] [200/256] Building C object CMakeFiles/app.dir/mnt/host/source/src/platform/ec/build/zephyr/matsu-ish/modules/ec/common/uptime.c.obj
[ponyta:ro] [299/396] Building C object zephyr/drivers/pwm/CMakeFiles/drivers__pwm.dir/pwm_npcx.c.obj
[ponyta:rw] [373/396] Building C object zephyr/kernel/CMakeFiles/kernel.dir/float.c.obj
[ponyta:rw] [374/396] Building C object zephyr/kernel/CMakeFiles/kernel.dir/mem_slab.c.obj
[ponyta:ro] [300/396] Building C object zephyr/drivers/syscon/CMakeFiles/drivers__syscon.dir/syscon.c.obj
[matsu-ish:singleimage] [201/256] Building C object CMakeFiles/app.dir/mnt/host/source/src/platform/ec/build/zephyr/matsu-ish/modules/ec/common/i2c_controller.c.obj
[ponyta:ro] [301/396] Linking C static library zephyr/drivers/pwm/libdrivers__pwm.a
[ponyta:ro] [302/396] Building C object zephyr/drivers/timer/CMakeFiles/drivers__timer.dir/sys_clock_init.c.obj
[ponyta:ro] [303/396] Linking C static library zephyr/drivers/syscon/libdrivers__syscon.a
[ponyta:ro] [304/396] Building C object zephyr/drivers/serial/CMakeFiles/drivers__serial.dir/uart_npcx.c.obj
[ponyta:rw] [375/396] Building C object zephyr/kernel/CMakeFiles/kernel.dir/idle.c.obj
[anraggar:rw] [50/400] Building C object zephyr/CMakeFiles/zephyr.dir/subsys/tracing/tracing_none.c.obj
[ponyta:ro] [305/396] Linking C static library zephyr/drivers/serial/libdrivers__serial.a
[anraggar:ro] [43/400] Building C object zephyr/CMakeFiles/zephyr.dir/subsys/pm/state.c.obj
[ponyta:rw] [376/396] Building C object zephyr/kernel/CMakeFiles/kernel.dir/msg_q.c.obj
[matsu-ish:singleimage] [202/256] Building C object CMakeFiles/app.dir/mnt/host/source/src/platform/ec/build/zephyr/matsu-ish/modules/ec/common/i2c_passthru.c.obj
[ponyta:ro] [306/396] Building C object zephyr/drivers/timer/CMakeFiles/drivers__timer.dir/npcx_itim_timer.c.obj
[ponyta:rw] [377/396] Building C object zephyr/kernel/CMakeFiles/kernel.dir/mailbox.c.obj
[ponyta:ro] [307/396] Linking C static library zephyr/drivers/timer/libdrivers__timer.a
[matsu-ish:singleimage] [203/256] Building C object CMakeFiles/app.dir/mnt/host/source/src/platform/ec/build/zephyr/matsu-ish/modules/ec/common/motion_lid.c.obj
[ponyta:rw] [378/396] Building C object zephyr/kernel/CMakeFiles/kernel.dir/mutex.c.obj
[ponyta:rw] [379/396] Building C object zephyr/kernel/CMakeFiles/kernel.dir/sem.c.obj
[ponyta:rw] [380/396] Building C object zephyr/kernel/CMakeFiles/kernel.dir/queue.c.obj
[anraggar:ro] [44/400] Building C object zephyr/CMakeFiles/zephyr.dir/subsys/pm/policy/policy_events.c.obj
[ponyta:ro] [308/396] Building C object zephyr/drivers/watchdog/CMakeFiles/drivers__watchdog.dir/wdt_npcx.c.obj
[ponyta:ro] [309/396] Building C object zephyr/drivers/watchdog/CMakeFiles/drivers__watchdog.dir/wdt_shell.c.obj
[matsu-ish:singleimage] [204/256] Building C object CMakeFiles/app.dir/mnt/host/source/src/platform/ec/build/zephyr/matsu-ish/modules/ec/common/lid_angle.c.obj
[anraggar:rw] [51/400] Building C object zephyr/CMakeFiles/zephyr.dir/subsys/shell/modules/kernel_service/kernel_shell.c.obj
[ponyta:rw] [381/396] Building C object zephyr/kernel/CMakeFiles/kernel.dir/stack.c.obj
[ponyta:ro] [310/396] Linking C static library zephyr/drivers/watchdog/libdrivers__watchdog.a
[ponyta:ro] [311/396] Building C object modules/ec/zephyr/CMakeFiles/ec_shim.dir/app/ec/main_shim.c.obj
[ponyta:rw] [382/396] Building C object zephyr/kernel/CMakeFiles/kernel.dir/system_work_q.c.obj
[matsu-ish:singleimage] [205/256] Building C object CMakeFiles/app.dir/mnt/host/source/src/platform/ec/build/zephyr/matsu-ish/modules/ec/common/lid_angle_keyboard_policy.c.obj
[/mnt/host/source/src/platform/ec/build/zephyr/trulo-lcov]   /mnt/host/source/src/platform/ec/build/zephyr/trulo/build-rw/zephyr/drivers/sensor/CMakeFiles/drivers__sensor.dir/mnt/host/source/src/third_party/zephyr/main/misc/empty_file.c.gcno:no functions found
[/mnt/host/source/src/platform/ec/build/zephyr/trulo-lcov] Filter suppressions 'region':
[/mnt/host/source/src/platform/ec/build/zephyr/trulo-lcov]     41 instances
[/mnt/host/source/src/platform/ec/build/zephyr/trulo-lcov]     38 coverpoints
[/mnt/host/source/src/platform/ec/build/zephyr/trulo-lcov] Message summary:
[/mnt/host/source/src/platform/ec/build/zephyr/trulo-lcov]   35 ignore messages:
[/mnt/host/source/src/platform/ec/build/zephyr/trulo-lcov]     gcov: 35
[ponyta:ro] [312/396] Building C object modules/ec/zephyr/CMakeFiles/ec_shim.dir/app/ec/ec_app_main.c.obj
[ponyta:rw] [383/396] Building C object zephyr/kernel/CMakeFiles/kernel.dir/work.c.obj
[ponyta:rw] [384/396] Building C object zephyr/kernel/CMakeFiles/kernel.dir/condvar.c.obj
[anraggar:ro] [45/400] Building C object zephyr/CMakeFiles/zephyr.dir/subsys/pm/policy/policy_latency.c.obj
[matsu-ish:singleimage] [206/256] Building C object CMakeFiles/app.dir/mnt/host/source/src/platform/ec/build/zephyr/matsu-ish/modules/ec/common/mkbp_event.c.obj
[ponyta:rw] [385/396] Building C object zephyr/kernel/CMakeFiles/kernel.dir/thread.c.obj
[ponyta:ro] [313/396] Building C object modules/ec/zephyr/CMakeFiles/ec_shim.dir/drivers/cros_flash/cros_flash_npcx.c.obj
[ponyta:rw] [386/396] Building C object zephyr/kernel/CMakeFiles/kernel.dir/sched.c.obj
[matsu-ish:singleimage] [207/256] Building C object CMakeFiles/app.dir/mnt/host/source/src/platform/ec/build/zephyr/matsu-ish/modules/ec/common/mkbp_fifo.c.obj
[ponyta:rw] [387/396] Building C object zephyr/kernel/CMakeFiles/kernel.dir/pipe.c.obj
[anraggar:rw] [52/400] Building C object zephyr/CMakeFiles/zephyr.dir/subsys/shell/modules/kernel_service/cycles.c.obj
[anraggar:ro] [46/400] Building C object zephyr/CMakeFiles/zephyr.dir/subsys/pm/policy/policy_state_lock.c.obj
[ponyta:rw] [388/396] Building C object zephyr/kernel/CMakeFiles/kernel.dir/spinlock_validate.c.obj
[ponyta:ro] [314/396] Building C object modules/ec/zephyr/CMakeFiles/ec_shim.dir/drivers/cros_kb_raw/cros_kb_raw_npcx.c.obj
[ponyta:rw] [389/396] Building C object zephyr/kernel/CMakeFiles/kernel.dir/thread_monitor.c.obj
[ponyta:ro] [315/396] Building C object modules/ec/zephyr/CMakeFiles/ec_shim.dir/drivers/cros_shi/cros_shi_npcx.c.obj
[ponyta:ro] [316/396] Building C object modules/ec/zephyr/CMakeFiles/ec_shim.dir/drivers/cros_system/cros_system_npcx.c.obj
[anraggar:ro] [47/400] Building C object zephyr/CMakeFiles/zephyr.dir/subsys/pm/device.c.obj
[ponyta:ro] [317/396] Building C object modules/ec/zephyr/CMakeFiles/ec_shim.dir/shim/chip/npcx/clock.c.obj
[ponyta:rw] [390/396] Building C object zephyr/kernel/CMakeFiles/kernel.dir/timeout.c.obj
[matsu-ish:singleimage] [208/256] Building C object CMakeFiles/app.dir/mnt/host/source/src/platform/ec/build/zephyr/matsu-ish/modules/ec/common/sha256.c.obj
[matsu-ish:singleimage] [209/256] Building C object CMakeFiles/app.dir/mnt/host/source/src/platform/ec/build/zephyr/matsu-ish/modules/ec/common/motion_sense.c.obj
[anraggar:rw] [53/400] Building C object zephyr/CMakeFiles/zephyr.dir/subsys/shell/modules/kernel_service/sleep.c.obj
[ponyta:rw] [391/396] Building C object zephyr/kernel/CMakeFiles/kernel.dir/timer.c.obj
[anraggar:ro] [48/400] Building C object zephyr/CMakeFiles/zephyr.dir/subsys/pm/device_system_managed.c.obj
[ponyta:ro] [318/396] Building C object modules/ec/zephyr/CMakeFiles/ec_shim.dir/shim/chip/npcx/gpio.c.obj
[ponyta:rw] [392/396] Building C object zephyr/kernel/CMakeFiles/kernel.dir/events.c.obj
[luuke:rw] Building: /usr/bin/ninja -C /mnt/host/source/src/platform/ec/build/zephyr/luuke/build-rw all.libraries
Running `env -i SHELL=/bin/bash COLORTERM=truecolor DEPOT_TOOLS_UPDATE=0 LESS='-R -M --shift 5' SUDO_GID=0 JDK_HOME=/etc/java-config-2/current-system-vm CONFIG_PROTECT_MASK='/etc/gentoo-release /etc/sandbox.d /etc/fonts/fonts.conf /etc/terminfo /etc/ca-certificates.conf /etc/revdep-rebuild' CHROMEOS_CACHEDIR=/var/cache/chromeos-cache JAVA_HOME=/etc/java-config-2/current-system-vm SSH_AUTH_SOCK=/tmp/ssh-auth-sock SUDO_COMMAND=/bin/bash SUDO_USER=root SUDO_TTY=/dev/pts/2 EDITOR=/usr/bin/vi PWD=/mnt/host/source/src/platform/ec CONFIG_PROTECT=/usr/share/gnupg/qualified.txt LOGNAME=jpmurphy MANPATH=/etc/java-config-2/current-system-vm/man:/usr/local/share/man:/usr/share/man:/usr/share/gcc-data/x86_64-pc-linux-gnu/10.2.0/man:/usr/share/binutils-data/x86_64-pc-linux-gnu/2.45/man:/etc/java-config-2/current-system-vm/man/ SUDO_HOME=/root XAUTHORITY=/run/user/944457/gdm/Xauthority HOME=/home/jpmurphy LANG=C.UTF-8 LS_COLORS='rs=0:di=01;34:ln=01;36:mh=00:pi=40;33:so=01;35:do=01;35:bd=40;33;01:cd=40;33;01:or=01;05;37;41:mi=01;05;37;41:su=37;41:sg=30;43:ca=30;41:tw=30;42:ow=34;42:st=37;44:ex=01;32:*.tar=01;31:*.tgz=01;31:*.arc=01;31:*.arj=01;31:*.taz=01;31:*.lha=01;31:*.lz4=01;31:*.lzh=01;31:*.lzma=01;31:*.tlz=01;31:*.txz=01;31:*.tzo=01;31:*.t7z=01;31:*.zip=01;31:*.z=01;31:*.dz=01;31:*.gz=01;31:*.lrz=01;31:*.lz=01;31:*.lzo=01;31:*.xz=01;31:*.zst=01;31:*.tzst=01;31:*.bz2=01;31:*.bz=01;31:*.tbz=01;31:*.tbz2=01;31:*.tz=01;31:*.deb=01;31:*.rpm=01;31:*.jar=01;31:*.war=01;31:*.ear=01;31:*.sar=01;31:*.rar=01;31:*.alz=01;31:*.ace=01;31:*.zoo=01;31:*.cpio=01;31:*.7z=01;31:*.rz=01;31:*.cab=01;31:*.wim=01;31:*.swm=01;31:*.dwm=01;31:*.esd=01;31:*.jpg=01;35:*.jpeg=01;35:*.mjpg=01;35:*.mjpeg=01;35:*.gif=01;35:*.bmp=01;35:*.pbm=01;35:*.pgm=01;35:*.ppm=01;35:*.tga=01;35:*.xbm=01;35:*.xpm=01;35:*.tif=01;35:*.tiff=01;35:*.png=01;35:*.svg=01;35:*.svgz=01;35:*.mng=01;35:*.pcx=01;35:*.mov=01;35:*.mpg=01;35:*.mpeg=01;35:*.m2v=01;35:*.mkv=01;35:*.webm=01;35:*.webp=01;35:*.ogm=01;35:*.mp4=01;35:*.m4v=01;35:*.mp4v=01;35:*.vob=01;35:*.qt=01;35:*.nuv=01;35:*.wmv=01;35:*.asf=01;35:*.rm=01;35:*.rmvb=01;35:*.flc=01;35:*.avi=01;35:*.fli=01;35:*.flv=01;35:*.gl=01;35:*.dl=01;35:*.xcf=01;35:*.xwd=01;35:*.yuv=01;35:*.cgm=01;35:*.emf=01;35:*.ogv=01;35:*.ogx=01;35:*.cfg=00;32:*.conf=00;32:*.diff=00;32:*.doc=00;32:*.ini=00;32:*.log=00;32:*.patch=00;32:*.pdf=00;32:*.ps=00;32:*.tex=00;32:*.txt=00;32:*.aac=00;36:*.au=00;36:*.flac=00;36:*.m4a=00;36:*.mid=00;36:*.midi=00;36:*.mka=00;36:*.mp3=00;36:*.mpc=00;36:*.ogg=00;36:*.ra=00;36:*.wav=00;36:*.oga=00;36:*.opus=00;36:*.spx=00;36:*.xspf=00;36:' XDG_CURRENT_DESKTOP=GNOME INFOPATH=/usr/share/info:/usr/share/gcc-data/x86_64-pc-linux-gnu/10.2.0/info:/usr/share/binutils-data/x86_64-pc-linux-gnu/2.45/info:/usr/share/automake-1.16.5/info JAVAC=/etc/java-config-2/current-system-vm/bin/javac TERM=xterm-256color LESSOPEN='|lesspipe %s' USER=jpmurphy CROS_WORKON_SRCROOT=/mnt/host/source MANPAGER=manpager DISPLAY=:1 SHLVL=1 LC_MESSAGES=C EXTERNAL_TRUNK_PATH=/mnt/8f9d649a-3721-44cc-93c0-e6bd21a9689f/chromiumos GCC_SPECS='' PATH=/mnt/host/source/chromite/bin:/usr/local/bin:/usr/bin:/bin:/opt/bin:/mnt/host/source/chromite/sdk/bin:/mnt/host/source/chromite/bin PORTAGE_USERNAME=jpmurphy SUDO_UID=0 GCC_VER=10.2.0 MAIL=/var/mail/jpmurphy OLDPWD=/mnt/host/source/src/scripts traceparent=00-e87aca51550a78635907baa6a2476181-6d684811675d2973-01 _=./zephyr/firmware_builder.py COREBOOT_SDK_ROOT_x86=/home/jpmurphy/.cache/coreboot-sdk/i386-elf/dfbb0486385d938cfa9d73080b9d18d598ed4f49 COREBOOT_SDK_ROOT_picolibc_x86=/home/jpmurphy/.cache/coreboot-sdk/picolibc-i386-elf/eb8e8e687b95461de8cbf278f1c2076952d0ad17 COREBOOT_SDK_ROOT_riscv64=/home/jpmurphy/.cache/coreboot-sdk/riscv64-elf/96b949749225b6aaa92ed810ab769e8dfb12f000 COREBOOT_SDK_ROOT_picolibc_arm=/home/jpmurphy/.cache/coreboot-sdk/picolibc-arm-eabi/422a2aa3e1ef891b5bece9a3deb696ff83840d2e COREBOOT_SDK_ROOT_nds32=/home/jpmurphy/.cache/coreboot-sdk/nds32le-elf/d1a518c4a097666d86058e1444f85ca015d15511 COREBOOT_SDK_ROOT_picolibc_riscv64=/home/jpmurphy/.cache/coreboot-sdk/picolibc-riscv64-elf/f571e990ef0278564b31124f8bb109d9a697eb69 COREBOOT_SDK_ROOT_arm=/home/jpmurphy/.cache/coreboot-sdk/arm-eabi/ea40ddd1d190c3b48435c474c0b545719371813a COREBOOT_SDK_ROOT_libstdcxx_riscv64=/home/jpmurphy/.cache/coreboot-sdk/libstdcxx-riscv64-elf/17abf22a3a252e2d5d2062ced5324f7a623689e0 COREBOOT_SDK_ROOT_libstdcxx_arm=/home/jpmurphy/.cache/coreboot-sdk/libstdcxx-arm-eabi/5d7d82e150e44aa1968f1d366e267e6687b328ac COREBOOT_SDK_ROOT_riscv=/home/jpmurphy/.cache/coreboot-sdk/riscv-elf/9a27b9e82341c6e9126624f516ab3f261abb3e73 COREBOOT_SDK_ROOT_libstdcxx_x86=/home/jpmurphy/.cache/coreboot-sdk/libstdcxx-i386-elf/42ef9d2e87a76a37963175d7d428734e65648b87 PYTHONPATH=/mnt/host/source/src/platform/ec/zephyr/zmake PW_PIGWEED_CIPD_INSTALL_DIR=/usr CROSTC_USER_ACKNOWLEDGES_THAT_RISCV_IS_EXPERIMENTAL=1 MAKEFLAGS=' -j16 --jobserver-auth=5,6' /usr/bin/ninja -C /mnt/host/source/src/platform/ec/build/zephyr/luuke/build-rw all.libraries`
[luuke:rw] ninja: Entering directory `/mnt/host/source/src/platform/ec/build/zephyr/luuke/build-rw'
[ponyta:rw] [393/396] Building C object zephyr/kernel/CMakeFiles/kernel.dir/mempool.c.obj
[ponyta:rw] [394/396] Building C object zephyr/kernel/CMakeFiles/kernel.dir/poll.c.obj
[ponyta:ro] [319/396] Building C object modules/ec/zephyr/CMakeFiles/ec_shim.dir/shim/chip/npcx/rom_chip.c.obj
[matsu-ish:singleimage] [210/256] Building C object CMakeFiles/app.dir/mnt/host/source/src/platform/ec/build/zephyr/matsu-ish/modules/ec/common/shared_mem.c.obj
[luuke:ro] Building: /usr/bin/ninja -C /mnt/host/source/src/platform/ec/build/zephyr/luuke/build-ro all.libraries
Running `env -i SHELL=/bin/bash COLORTERM=truecolor DEPOT_TOOLS_UPDATE=0 LESS='-R -M --shift 5' SUDO_GID=0 JDK_HOME=/etc/java-config-2/current-system-vm CONFIG_PROTECT_MASK='/etc/gentoo-release /etc/sandbox.d /etc/fonts/fonts.conf /etc/terminfo /etc/ca-certificates.conf /etc/revdep-rebuild' CHROMEOS_CACHEDIR=/var/cache/chromeos-cache JAVA_HOME=/etc/java-config-2/current-system-vm SSH_AUTH_SOCK=/tmp/ssh-auth-sock SUDO_COMMAND=/bin/bash SUDO_USER=root SUDO_TTY=/dev/pts/2 EDITOR=/usr/bin/vi PWD=/mnt/host/source/src/platform/ec CONFIG_PROTECT=/usr/share/gnupg/qualified.txt LOGNAME=jpmurphy MANPATH=/etc/java-config-2/current-system-vm/man:/usr/local/share/man:/usr/share/man:/usr/share/gcc-data/x86_64-pc-linux-gnu/10.2.0/man:/usr/share/binutils-data/x86_64-pc-linux-gnu/2.45/man:/etc/java-config-2/current-system-vm/man/ SUDO_HOME=/root XAUTHORITY=/run/user/944457/gdm/Xauthority HOME=/home/jpmurphy LANG=C.UTF-8 LS_COLORS='rs=0:di=01;34:ln=01;36:mh=00:pi=40;33:so=01;35:do=01;35:bd=40;33;01:cd=40;33;01:or=01;05;37;41:mi=01;05;37;41:su=37;41:sg=30;43:ca=30;41:tw=30;42:ow=34;42:st=37;44:ex=01;32:*.tar=01;31:*.tgz=01;31:*.arc=01;31:*.arj=01;31:*.taz=01;31:*.lha=01;31:*.lz4=01;31:*.lzh=01;31:*.lzma=01;31:*.tlz=01;31:*.txz=01;31:*.tzo=01;31:*.t7z=01;31:*.zip=01;31:*.z=01;31:*.dz=01;31:*.gz=01;31:*.lrz=01;31:*.lz=01;31:*.lzo=01;31:*.xz=01;31:*.zst=01;31:*.tzst=01;31:*.bz2=01;31:*.bz=01;31:*.tbz=01;31:*.tbz2=01;31:*.tz=01;31:*.deb=01;31:*.rpm=01;31:*.jar=01;31:*.war=01;31:*.ear=01;31:*.sar=01;31:*.rar=01;31:*.alz=01;31:*.ace=01;31:*.zoo=01;31:*.cpio=01;31:*.7z=01;31:*.rz=01;31:*.cab=01;31:*.wim=01;31:*.swm=01;31:*.dwm=01;31:*.esd=01;31:*.jpg=01;35:*.jpeg=01;35:*.mjpg=01;35:*.mjpeg=01;35:*.gif=01;35:*.bmp=01;35:*.pbm=01;35:*.pgm=01;35:*.ppm=01;35:*.tga=01;35:*.xbm=01;35:*.xpm=01;35:*.tif=01;35:*.tiff=01;35:*.png=01;35:*.svg=01;35:*.svgz=01;35:*.mng=01;35:*.pcx=01;35:*.mov=01;35:*.mpg=01;35:*.mpeg=01;35:*.m2v=01;35:*.mkv=01;35:*.webm=01;35:*.webp=01;35:*.ogm=01;35:*.mp4=01;35:*.m4v=01;35:*.mp4v=01;35:*.vob=01;35:*.qt=01;35:*.nuv=01;35:*.wmv=01;35:*.asf=01;35:*.rm=01;35:*.rmvb=01;35:*.flc=01;35:*.avi=01;35:*.fli=01;35:*.flv=01;35:*.gl=01;35:*.dl=01;35:*.xcf=01;35:*.xwd=01;35:*.yuv=01;35:*.cgm=01;35:*.emf=01;35:*.ogv=01;35:*.ogx=01;35:*.cfg=00;32:*.conf=00;32:*.diff=00;32:*.doc=00;32:*.ini=00;32:*.log=00;32:*.patch=00;32:*.pdf=00;32:*.ps=00;32:*.tex=00;32:*.txt=00;32:*.aac=00;36:*.au=00;36:*.flac=00;36:*.m4a=00;36:*.mid=00;36:*.midi=00;36:*.mka=00;36:*.mp3=00;36:*.mpc=00;36:*.ogg=00;36:*.ra=00;36:*.wav=00;36:*.oga=00;36:*.opus=00;36:*.spx=00;36:*.xspf=00;36:' XDG_CURRENT_DESKTOP=GNOME INFOPATH=/usr/share/info:/usr/share/gcc-data/x86_64-pc-linux-gnu/10.2.0/info:/usr/share/binutils-data/x86_64-pc-linux-gnu/2.45/info:/usr/share/automake-1.16.5/info JAVAC=/etc/java-config-2/current-system-vm/bin/javac TERM=xterm-256color LESSOPEN='|lesspipe %s' USER=jpmurphy CROS_WORKON_SRCROOT=/mnt/host/source MANPAGER=manpager DISPLAY=:1 SHLVL=1 LC_MESSAGES=C EXTERNAL_TRUNK_PATH=/mnt/8f9d649a-3721-44cc-93c0-e6bd21a9689f/chromiumos GCC_SPECS='' PATH=/mnt/host/source/chromite/bin:/usr/local/bin:/usr/bin:/bin:/opt/bin:/mnt/host/source/chromite/sdk/bin:/mnt/host/source/chromite/bin PORTAGE_USERNAME=jpmurphy SUDO_UID=0 GCC_VER=10.2.0 MAIL=/var/mail/jpmurphy OLDPWD=/mnt/host/source/src/scripts traceparent=00-e87aca51550a78635907baa6a2476181-6d684811675d2973-01 _=./zephyr/firmware_builder.py COREBOOT_SDK_ROOT_x86=/home/jpmurphy/.cache/coreboot-sdk/i386-elf/dfbb0486385d938cfa9d73080b9d18d598ed4f49 COREBOOT_SDK_ROOT_picolibc_x86=/home/jpmurphy/.cache/coreboot-sdk/picolibc-i386-elf/eb8e8e687b95461de8cbf278f1c2076952d0ad17 COREBOOT_SDK_ROOT_riscv64=/home/jpmurphy/.cache/coreboot-sdk/riscv64-elf/96b949749225b6aaa92ed810ab769e8dfb12f000 COREBOOT_SDK_ROOT_picolibc_arm=/home/jpmurphy/.cache/coreboot-sdk/picolibc-arm-eabi/422a2aa3e1ef891b5bece9a3deb696ff83840d2e COREBOOT_SDK_ROOT_nds32=/home/jpmurphy/.cache/coreboot-sdk/nds32le-elf/d1a518c4a097666d86058e1444f85ca015d15511 COREBOOT_SDK_ROOT_picolibc_riscv64=/home/jpmurphy/.cache/coreboot-sdk/picolibc-riscv64-elf/f571e990ef0278564b31124f8bb109d9a697eb69 COREBOOT_SDK_ROOT_arm=/home/jpmurphy/.cache/coreboot-sdk/arm-eabi/ea40ddd1d190c3b48435c474c0b545719371813a COREBOOT_SDK_ROOT_libstdcxx_riscv64=/home/jpmurphy/.cache/coreboot-sdk/libstdcxx-riscv64-elf/17abf22a3a252e2d5d2062ced5324f7a623689e0 COREBOOT_SDK_ROOT_libstdcxx_arm=/home/jpmurphy/.cache/coreboot-sdk/libstdcxx-arm-eabi/5d7d82e150e44aa1968f1d366e267e6687b328ac COREBOOT_SDK_ROOT_riscv=/home/jpmurphy/.cache/coreboot-sdk/riscv-elf/9a27b9e82341c6e9126624f516ab3f261abb3e73 COREBOOT_SDK_ROOT_libstdcxx_x86=/home/jpmurphy/.cache/coreboot-sdk/libstdcxx-i386-elf/42ef9d2e87a76a37963175d7d428734e65648b87 PYTHONPATH=/mnt/host/source/src/platform/ec/zephyr/zmake PW_PIGWEED_CIPD_INSTALL_DIR=/usr CROSTC_USER_ACKNOWLEDGES_THAT_RISCV_IS_EXPERIMENTAL=1 MAKEFLAGS=' -j16 --jobserver-auth=5,6' /usr/bin/ninja -C /mnt/host/source/src/platform/ec/build/zephyr/luuke/build-ro all.libraries`
[ponyta:rw] [395/396] Building C object zephyr/kernel/CMakeFiles/kernel.dir/dynamic_disabled.c.obj
[luuke:ro] ninja: Entering directory `/mnt/host/source/src/platform/ec/build/zephyr/luuke/build-ro'
[anraggar:ro] [49/400] Building C object zephyr/CMakeFiles/zephyr.dir/subsys/testsuite/coverage/coverage.c.obj
[matsu-ish:singleimage] [211/256] Building C object CMakeFiles/app.dir/mnt/host/source/src/platform/ec/build/zephyr/matsu-ish/modules/ec/common/timer.c.obj
[ponyta:rw] [396/396] Linking C static library zephyr/kernel/libkernel.a
[luuke:rw] [1/347] Preparing syscall dependency handling
[ponyta:ro] [320/396] Building C object modules/ec/zephyr/CMakeFiles/ec_shim.dir/shim/chip/npcx/keyboard_raw.c.obj
[luuke:rw] [2/347] Generating misc/generated/syscalls_subdirs.trigger
[ponyta:ro] [321/396] Building C object modules/ec/zephyr/CMakeFiles/ec_shim.dir/shim/chip/npcx/system.c.obj
[ponyta:ro] [322/396] Building C object modules/ec/zephyr/CMakeFiles/ec_shim.dir/shim/chip/npcx/shi.c.obj
[anraggar:ro] [50/400] Building C object zephyr/CMakeFiles/zephyr.dir/subsys/tracing/tracing_none.c.obj
[anraggar:rw] [54/400] Building C object zephyr/CMakeFiles/zephyr.dir/subsys/shell/modules/kernel_service/uptime.c.obj
[ponyta:ro] [323/396] Building C object modules/ec/zephyr/CMakeFiles/ec_shim.dir/shim/src/crc.c.obj
[luuke:rw] [3/347] Generating include/generated/zephyr/version.h
[anraggar:rw] [55/400] Building C object zephyr/CMakeFiles/zephyr.dir/subsys/shell/modules/kernel_service/version.c.obj
[anraggar:ro] [51/400] Building C object zephyr/CMakeFiles/zephyr.dir/subsys/shell/modules/kernel_service/kernel_shell.c.obj
[matsu-ish:singleimage] [212/256] Building C object CMakeFiles/app.dir/mnt/host/source/src/platform/ec/build/zephyr/matsu-ish/modules/ec/common/vstore.c.obj
[matsu-ish:singleimage] [213/256] Linking C static library modules/ec/zephyr/libec_shim.a
[luuke:rw] -- git describe warned: warning: tag 'upstream/v2.7.99' is externally known as 'v2.7.99'
[luuke:rw] -- Zephyr version: 4.3.99 (/mnt/host/source/src/third_party/zephyr/main)
[luuke:rw] [4/347] cd /mnt/host/source/src/platform/ec/build/zephyr/luuke/build-rw/modules/ec/zephyr && PYTHONPATH=/mnt/host/source/src/platform/ec/build/zephyr/luuke/modules/ec/zephyr/zmake/ /usr/bin/python3.11 /mnt/host/source/src/platform/ec/build/zephyr/luuke/modules/ec/zephyr/zmake/zephyr_build_tools/generate_ec_version.py /mnt/host/source/src/platform/ec/build/zephyr/luuke/build-rw/modules/ec/zephyr/include/ec_version.h --name Zephyr-Kernel --version 16543.0.0 --static
[luuke:rw] INFO:root:Using a static version string
[ponyta:ro] [324/396] Building C object modules/ec/zephyr/CMakeFiles/ec_shim.dir/shim/chip/npcx/system_external_storage.c.obj
[matsu-ish:singleimage] [214/256] Building C object CMakeFiles/app.dir/mnt/host/source/src/platform/ec/build/zephyr/matsu-ish/modules/ec/common/math_util.c.obj
[luuke:ro] [1/347] Generating include/generated/zephyr/version.h
[ponyta:ro] [325/396] Building C object modules/ec/zephyr/CMakeFiles/ec_shim.dir/shim/chip/npcx/power_policy.c.obj
[luuke:ro] -- git describe warned: warning: tag 'upstream/v2.7.99' is externally known as 'v2.7.99'
[luuke:ro] -- Zephyr version: 4.3.99 (/mnt/host/source/src/third_party/zephyr/main)
[luuke:ro] [2/347] Preparing syscall dependency handling
[matsu-ish:singleimage] [215/256] Linking C static library app/libapp.a
[luuke:ro] [3/347] Generating misc/generated/syscalls_subdirs.trigger
[anraggar:ro] [52/400] Building C object zephyr/CMakeFiles/zephyr.dir/subsys/shell/modules/kernel_service/cycles.c.obj
[ponyta:ro] [326/396] Building C object modules/ec/zephyr/CMakeFiles/ec_shim.dir/shim/core/cortex-m/mpu.c.obj
[anraggar:ro] [53/400] Building C object zephyr/CMakeFiles/zephyr.dir/subsys/shell/modules/kernel_service/sleep.c.obj
[matsu-ish:singleimage] [216/256] Building C object modules/ec/zephyr/subsys/host_service/CMakeFiles/..__..__..__platform__ec__zephyr__subsys__host_service.dir/zephyr_host_service.c.obj
[anraggar:rw] [56/400] Building C object zephyr/CMakeFiles/zephyr.dir/subsys/shell/modules/kernel_service/thread/thread.c.obj
[luuke:rw] INFO:root:Version string: Zephyr-Kernel-16543.0.0
[luuke:rw] INFO:root:Writing header to /mnt/host/source/src/platform/ec/build/zephyr/luuke/build-rw/modules/ec/zephyr/include/ec_version.h
[luuke:rw] [5/347] Generating misc/generated/syscalls.json, misc/generated/struct_tags.json
[ponyta:ro] [327/396] Building C object modules/ec/zephyr/CMakeFiles/ec_shim.dir/shim/core/cortex-m/panic.c.obj
[anraggar:ro] [54/400] Building C object zephyr/CMakeFiles/zephyr.dir/subsys/shell/modules/kernel_service/uptime.c.obj
[anraggar:rw] [57/400] Building C object zephyr/CMakeFiles/zephyr.dir/subsys/shell/modules/kernel_service/thread/list.c.obj
[ponyta:ro] [328/396] Building C object modules/ec/zephyr/CMakeFiles/ec_shim.dir/shim/src/console.c.obj
[matsu-ish:singleimage] [217/256] Building C object modules/ec/zephyr/subsys/host_service/CMakeFiles/..__..__..__platform__ec__zephyr__subsys__host_service.dir/sys_mng.c.obj
[luuke:rw] [6/347] Generating include/generated/zephyr/syscall_dispatch.c, include/generated/zephyr/syscall_exports_llext.c, syscall_weakdefs_llext.c, include/generated/zephyr/syscall_list.h
[matsu-ish:singleimage] [218/256] Linking C static library modules/ec/zephyr/subsys/host_service/lib..__..__..__platform__ec__zephyr__subsys__host_service.a
[luuke:rw] [7/347] Generating include/generated/zephyr/driver-validation.h
[ponyta:ro] [329/396] Building C object modules/ec/zephyr/CMakeFiles/ec_shim.dir/shim/src/gpio.c.obj
[anraggar:ro] [55/400] Building C object zephyr/CMakeFiles/zephyr.dir/subsys/shell/modules/kernel_service/version.c.obj
[ponyta:ro] [330/396] Building C object modules/ec/zephyr/CMakeFiles/ec_shim.dir/shim/src/gpio_int.c.obj
[ponyta:ro] [331/396] Building C object modules/ec/zephyr/CMakeFiles/ec_shim.dir/shim/src/panic_utils.c.obj
[luuke:ro] [4/347] Generating misc/generated/syscalls.json, misc/generated/struct_tags.json
[luuke:rw] [8/347] Generating include/generated/zephyr/kobj-types-enum.h, include/generated/zephyr/otype-to-str.h, include/generated/zephyr/otype-to-size.h
[matsu-ish:singleimage] [219/256] Building C object modules/ec/zephyr/subsys/host_service/heci/CMakeFiles/..__..__..__platform__ec__zephyr__subsys__host_service__heci.dir/heci_intf.c.obj
[anraggar:ro] [56/400] Building C object zephyr/CMakeFiles/zephyr.dir/subsys/shell/modules/kernel_service/thread/thread.c.obj
[luuke:rw] [9/347] Generating include/generated/device-api-sections.ld, include/generated/device-api-sections.cmake
[ponyta:ro] [332/396] Building C object modules/ec/zephyr/CMakeFiles/ec_shim.dir/shim/src/pm_state.c.obj
[luuke:ro] [5/347] Generating include/generated/zephyr/syscall_dispatch.c, include/generated/zephyr/syscall_exports_llext.c, syscall_weakdefs_llext.c, include/generated/zephyr/syscall_list.h
[matsu-ish:singleimage] [220/256] Building C object modules/ec/zephyr/subsys/host_service/heci/CMakeFiles/..__..__..__platform__ec__zephyr__subsys__host_service__heci.dir/heci_core.c.obj
[anraggar:rw] [58/400] Building C object zephyr/CMakeFiles/zephyr.dir/subsys/shell/modules/kernel_service/thread/stacks.c.obj
[anraggar:rw] [59/400] Building C object zephyr/CMakeFiles/zephyr.dir/subsys/shell/modules/kernel_service/thread/unwind.c.obj
[anraggar:ro] [57/400] Building C object zephyr/CMakeFiles/zephyr.dir/subsys/shell/modules/kernel_service/thread/list.c.obj
[luuke:ro] [6/347] Generating include/generated/zephyr/driver-validation.h
[ponyta:ro] [333/396] Building C object modules/ec/zephyr/CMakeFiles/ec_shim.dir/shim/src/cbi/cros_cbi.c.obj
[matsu-ish:singleimage] [221/256] Building C object modules/ec/zephyr/subsys/host_service/heci/CMakeFiles/..__..__..__platform__ec__zephyr__subsys__host_service__heci.dir/heci_system_state.c.obj
[ponyta:ro] [334/396] Building C object modules/ec/zephyr/CMakeFiles/ec_shim.dir/shim/src/cbi/cros_cbi_fw_config.c.obj
[ponyta:ro] [335/396] Building C object modules/ec/zephyr/CMakeFiles/ec_shim.dir/shim/src/cbi/cros_cbi_ssfc.c.obj
[ponyta:ro] [336/396] Building ASM object modules/ec/zephyr/CMakeFiles/ec_shim.dir/shim/src/libgcc_arm.S.obj
[luuke:ro] [7/347] Generating include/generated/zephyr/kobj-types-enum.h, include/generated/zephyr/otype-to-str.h, include/generated/zephyr/otype-to-size.h
[anraggar:ro] [58/400] Building C object zephyr/CMakeFiles/zephyr.dir/subsys/shell/modules/kernel_service/thread/stacks.c.obj
[luuke:ro] [8/347] Generating include/generated/device-api-sections.ld, include/generated/device-api-sections.cmake
[matsu-ish:singleimage] [222/256] Building C object modules/ec/zephyr/subsys/host_service/heci/CMakeFiles/..__..__..__platform__ec__zephyr__subsys__host_service__heci.dir/intfs/ipm_intf.c.obj
[luuke:rw] [10/347] Building C object zephyr/CMakeFiles/offsets.dir/arch/riscv/core/offsets/offsets.c.obj
[matsu-ish:singleimage] [223/256] Linking C static library modules/ec/zephyr/subsys/host_service/heci/lib..__..__..__platform__ec__zephyr__subsys__host_service__heci.a
[matsu-ish:singleimage] [224/256] Building C object zephyr/kernel/CMakeFiles/kernel.dir/main_weak.c.obj
[anraggar:ro] [59/400] Building C object zephyr/CMakeFiles/zephyr.dir/subsys/shell/modules/kernel_service/thread/unwind.c.obj
[anraggar:rw] [60/400] Building C object zephyr/CMakeFiles/zephyr.dir/subsys/shell/modules/kernel_service/thread/suspend.c.obj
[ponyta:ro] [337/396] Building C object modules/ec/zephyr/CMakeFiles/ec_shim.dir/shim/src/cbi/cbi_eeprom.c.obj
[ponyta:ro] [338/396] Building C object modules/ec/zephyr/CMakeFiles/ec_shim.dir/shim/src/led_driver/led_pwm.c.obj
[luuke:rw] [11/347] Generating include/generated/zephyr/offsets.h
[ponyta:ro] [339/396] Building C object modules/ec/zephyr/CMakeFiles/ec_shim.dir/shim/src/led_driver/led.c.obj
[anraggar:rw] [61/400] Building C object zephyr/CMakeFiles/zephyr.dir/subsys/shell/modules/kernel_service/thread/resume.c.obj
[anraggar:ro] [60/400] Building C object zephyr/CMakeFiles/zephyr.dir/subsys/shell/modules/kernel_service/thread/suspend.c.obj
[ponyta:ro] [340/396] Building C object modules/ec/zephyr/CMakeFiles/ec_shim.dir/shim/src/system.c.obj
[matsu-ish:singleimage] [225/256] Building C object zephyr/kernel/CMakeFiles/kernel.dir/banner.c.obj
[luuke:ro] [9/347] Building C object zephyr/CMakeFiles/offsets.dir/arch/riscv/core/offsets/offsets.c.obj
[matsu-ish:singleimage] [226/256] Building C object zephyr/kernel/CMakeFiles/kernel.dir/busy_wait.c.obj
[anraggar:ro] [61/400] Building C object zephyr/CMakeFiles/zephyr.dir/subsys/shell/modules/kernel_service/thread/resume.c.obj
[ponyta:ro] [341/396] Building C object modules/ec/zephyr/CMakeFiles/ec_shim.dir/shim/src/battery.c.obj
[ponyta:ro] [342/396] Building C object modules/ec/zephyr/CMakeFiles/ec_shim.dir/shim/src/adc.c.obj
[luuke:ro] [10/347] Generating include/generated/zephyr/offsets.h
[ponyta:ro] [343/396] Building C object modules/ec/zephyr/CMakeFiles/ec_shim.dir/shim/src/charger.c.obj
[anraggar:ro] [62/400] Building C object zephyr/CMakeFiles/zephyr.dir/subsys/shell/modules/kernel_service/thread/kill.c.obj
[matsu-ish:singleimage] [227/256] Building C object zephyr/kernel/CMakeFiles/kernel.dir/errno.c.obj
[matsu-ish:singleimage] [228/256] Building C object zephyr/kernel/CMakeFiles/kernel.dir/device.c.obj
[anraggar:rw] [62/400] Building C object zephyr/CMakeFiles/zephyr.dir/subsys/shell/modules/kernel_service/thread/kill.c.obj
[luuke:rw] [12/347] Building C object CMakeFiles/app.dir/mnt/host/source/src/platform/ec/zephyr/subsys/ap_pwrseq/ap_events.c.obj
[anraggar:rw] [63/400] Building C object zephyr/CMakeFiles/zephyr.dir/subsys/shell/modules/device_service.c.obj
[ponyta:ro] [344/396] Building C object modules/ec/zephyr/CMakeFiles/ec_shim.dir/shim/src/host_command.c.obj
[ponyta:ro] [345/396] Building C object modules/ec/zephyr/CMakeFiles/ec_shim.dir/shim/src/flash.c.obj
[matsu-ish:singleimage] [229/256] Building C object zephyr/kernel/CMakeFiles/kernel.dir/fatal.c.obj
[anraggar:ro] [63/400] Building C object zephyr/CMakeFiles/zephyr.dir/subsys/shell/modules/device_service.c.obj
[anraggar:ro] [64/400] Building C object zephyr/CMakeFiles/zephyr.dir/subsys/shell/modules/date_service.c.obj
[luuke:ro] [11/347] Building C object zephyr/CMakeFiles/zephyr.dir/lib/libc/validate_libc.c.obj
[ponyta:ro] [346/396] Building C object modules/ec/zephyr/CMakeFiles/ec_shim.dir/shim/src/hooks.c.obj
[matsu-ish:singleimage] [230/256] Building C object zephyr/kernel/CMakeFiles/kernel.dir/init.c.obj
[ponyta:ro] [347/396] Building C object modules/ec/zephyr/CMakeFiles/ec_shim.dir/shim/src/keyscan.c.obj
[ponyta:ro] [348/396] Building C object modules/ec/zephyr/CMakeFiles/ec_shim.dir/shim/src/console_buffer.c.obj
[ponyta:ro] [349/396] Building C object modules/ec/zephyr/CMakeFiles/ec_shim.dir/shim/src/keyboard_raw.c.obj
[anraggar:rw] [64/400] Building C object zephyr/CMakeFiles/zephyr.dir/subsys/shell/modules/date_service.c.obj
[anraggar:ro] [65/400] Building C object zephyr/CMakeFiles/zephyr.dir/subsys/shell/modules/devmem_service.c.obj
[matsu-ish:singleimage] [231/256] Building C object zephyr/kernel/CMakeFiles/kernel.dir/kheap.c.obj
[ponyta:ro] [350/396] Building C object modules/ec/zephyr/CMakeFiles/ec_shim.dir/shim/src/mkbp_event.c.obj
[matsu-ish:singleimage] [232/256] Building C object zephyr/kernel/CMakeFiles/kernel.dir/mem_slab.c.obj
[anraggar:rw] [65/400] Building C object zephyr/CMakeFiles/zephyr.dir/subsys/shell/modules/devmem_service.c.obj
[matsu-ish:singleimage] [233/256] Building C object zephyr/kernel/CMakeFiles/kernel.dir/version.c.obj
[luuke:rw] [13/347] Building C object CMakeFiles/app.dir/mnt/host/source/src/platform/ec/zephyr/subsys/pd_controller/pdc_pmc_debug.c.obj
[anraggar:ro] [66/400] Building C object zephyr/CMakeFiles/zephyr.dir/subsys/shell/backends/shell_uart.c.obj
[ponyta:ro] [351/396] Building C object modules/ec/zephyr/CMakeFiles/ec_shim.dir/shim/src/panic.c.obj
[anraggar:ro] [67/400] Building C object zephyr/CMakeFiles/zephyr.dir/subsys/shell/shell.c.obj
[matsu-ish:singleimage] [234/256] Building C object zephyr/kernel/CMakeFiles/kernel.dir/float.c.obj
[luuke:ro] [12/347] Building C object zephyr/CMakeFiles/zephyr.dir/lib/heap/heap.c.obj
[ponyta:ro] [352/396] Building C object modules/ec/zephyr/CMakeFiles/ec_shim.dir/shim/src/motionsense_sensors.c.obj
[matsu-ish:singleimage] [235/256] Building C object zephyr/kernel/CMakeFiles/kernel.dir/idle.c.obj
[anraggar:ro] [68/400] Building C object zephyr/CMakeFiles/zephyr.dir/subsys/shell/shell_fprintf.c.obj
[ponyta:ro] [353/396] Building C object modules/ec/zephyr/CMakeFiles/ec_shim.dir/shim/src/power.c.obj
[ponyta:ro] [354/396] Building C object modules/ec/zephyr/CMakeFiles/ec_shim.dir/shim/src/hwtimer.c.obj
[ponyta:ro] [355/396] Building C object modules/ec/zephyr/CMakeFiles/ec_shim.dir/shim/src/thermal.c.obj
[anraggar:rw] [66/400] Building C object zephyr/CMakeFiles/zephyr.dir/subsys/shell/backends/shell_uart.c.obj
[ponyta:ro] [356/396] Building C object modules/ec/zephyr/CMakeFiles/ec_shim.dir/shim/src/temp_sensors.c.obj
[matsu-ish:singleimage] [236/256] Building C object zephyr/kernel/CMakeFiles/kernel.dir/mailbox.c.obj
[anraggar:rw] [67/400] Building C object zephyr/CMakeFiles/zephyr.dir/subsys/shell/shell.c.obj
[ponyta:ro] [357/396] Building C object modules/ec/zephyr/CMakeFiles/ec_shim.dir/shim/src/i2c.c.obj
[anraggar:ro] [69/400] Building C object zephyr/CMakeFiles/zephyr.dir/subsys/shell/shell_utils.c.obj
[anraggar:ro] [70/400] Building C object zephyr/CMakeFiles/zephyr.dir/subsys/shell/shell_ops.c.obj
[matsu-ish:singleimage] [237/256] Building C object zephyr/kernel/CMakeFiles/kernel.dir/msg_q.c.obj
[luuke:ro] [13/347] Building C object zephyr/CMakeFiles/zephyr.dir/lib/os/cbprintf_packaged.c.obj
[anraggar:ro] [71/400] Building C object zephyr/CMakeFiles/zephyr.dir/subsys/shell/shell_help.c.obj
[ponyta:ro] [358/396] Building C object modules/ec/zephyr/CMakeFiles/ec_shim.dir/shim/src/tasks.c.obj
[matsu-ish:singleimage] [238/256] Building C object zephyr/kernel/CMakeFiles/kernel.dir/mutex.c.obj
[ponyta:ro] [359/396] Building C object zephyr/kernel/CMakeFiles/kernel.dir/main_weak.c.obj
[ponyta:ro] [360/396] Building C object modules/ec/zephyr/CMakeFiles/ec_shim.dir/shim/src/watchdog.c.obj
[ponyta:ro] [361/396] Building C object modules/ec/zephyr/CMakeFiles/ec_shim.dir/shim/src/ppc.c.obj
[matsu-ish:singleimage] [239/256] Building C object zephyr/kernel/CMakeFiles/kernel.dir/queue.c.obj
[anraggar:rw] [68/400] Building C object zephyr/CMakeFiles/zephyr.dir/subsys/shell/shell_fprintf.c.obj
[ponyta:ro] [362/396] Building C object modules/ec/zephyr/CMakeFiles/ec_shim.dir/shim/src/usba.c.obj
[ponyta:ro] [363/396] Building C object zephyr/kernel/CMakeFiles/kernel.dir/banner.c.obj
[anraggar:rw] [69/400] Building C object zephyr/CMakeFiles/zephyr.dir/subsys/shell/shell_utils.c.obj
[anraggar:ro] [72/400] Building C object zephyr/CMakeFiles/zephyr.dir/subsys/shell/shell_cmds.c.obj
[ponyta:ro] [364/396] Building C object modules/ec/zephyr/CMakeFiles/ec_shim.dir/shim/src/usb_muxes.c.obj
[matsu-ish:singleimage] [240/256] Building C object zephyr/kernel/CMakeFiles/kernel.dir/sem.c.obj
[anraggar:ro] [73/400] Building C object zephyr/CMakeFiles/zephyr.dir/subsys/shell/shell_history.c.obj
[ponyta:ro] [365/396] Linking C static library modules/ec/zephyr/libec_shim.a
[matsu-ish:singleimage] [241/256] Building C object zephyr/kernel/CMakeFiles/kernel.dir/stack.c.obj
[anraggar:ro] [74/400] Building C object zephyr/CMakeFiles/zephyr.dir/subsys/shell/shell_wildcard.c.obj
[ponyta:ro] [366/396] Building C object zephyr/kernel/CMakeFiles/kernel.dir/busy_wait.c.obj
[luuke:ro] [14/347] Building C object zephyr/CMakeFiles/zephyr.dir/lib/os/clock.c.obj
[matsu-ish:singleimage] [242/256] Building C object zephyr/kernel/CMakeFiles/kernel.dir/system_work_q.c.obj
[ponyta:ro] [367/396] Building C object zephyr/kernel/CMakeFiles/kernel.dir/errno.c.obj
[ponyta:ro] [368/396] Building C object zephyr/kernel/CMakeFiles/kernel.dir/device.c.obj
[ponyta:ro] [369/396] Building C object zephyr/kernel/CMakeFiles/kernel.dir/version.c.obj
[anraggar:rw] [70/400] Building C object zephyr/CMakeFiles/zephyr.dir/subsys/shell/shell_ops.c.obj
[ponyta:ro] [370/396] Building C object zephyr/kernel/CMakeFiles/kernel.dir/kheap.c.obj
[anraggar:ro] [75/400] Building C object zephyr/arch/common/CMakeFiles/arch__common.dir/sw_isr_common.c.obj
[luuke:rw] [14/347] Building C object CMakeFiles/app.dir/mnt/host/source/src/platform/ec/zephyr/subsys/pd_controller/pdc_power_mgmt.c.obj
[ponyta:ro] [371/396] Building C object zephyr/kernel/CMakeFiles/kernel.dir/init.c.obj
[ponyta:ro] [372/396] Building C object zephyr/kernel/CMakeFiles/kernel.dir/fatal.c.obj
[anraggar:ro] [76/400] Building C object zephyr/CMakeFiles/zephyr.dir/drivers/flash/flash_util.c.obj
[matsu-ish:singleimage] [243/256] Building C object zephyr/kernel/CMakeFiles/kernel.dir/condvar.c.obj
[anraggar:rw] [71/400] Building C object zephyr/CMakeFiles/zephyr.dir/subsys/shell/shell_help.c.obj
[anraggar:ro] [77/400] Building C object zephyr/arch/common/CMakeFiles/arch__common.dir/dynamic_isr.c.obj
[matsu-ish:singleimage] [244/256] Building C object zephyr/kernel/CMakeFiles/kernel.dir/work.c.obj
[ponyta:ro] [373/396] Building C object zephyr/kernel/CMakeFiles/kernel.dir/mem_slab.c.obj
[anraggar:ro] [78/400] Linking C static library zephyr/libzephyr.a
[luuke:ro] [15/347] Building C object zephyr/CMakeFiles/zephyr.dir/lib/os/printk.c.obj
[ponyta:ro] [374/396] Building C object zephyr/kernel/CMakeFiles/kernel.dir/float.c.obj
[anraggar:ro] [79/400] Building C object zephyr/arch/common/CMakeFiles/arch__common.dir/init.c.obj
[ponyta:ro] [375/396] Building C object zephyr/kernel/CMakeFiles/kernel.dir/mailbox.c.obj
[anraggar:rw] [72/400] Building C object zephyr/CMakeFiles/zephyr.dir/subsys/shell/shell_cmds.c.obj
[matsu-ish:singleimage] [245/256] Building C object zephyr/kernel/CMakeFiles/kernel.dir/thread.c.obj
[ponyta:ro] [376/396] Building C object zephyr/kernel/CMakeFiles/kernel.dir/idle.c.obj
[ponyta:ro] [377/396] Building C object zephyr/kernel/CMakeFiles/kernel.dir/msg_q.c.obj
[ponyta:ro] [378/396] Building C object zephyr/kernel/CMakeFiles/kernel.dir/queue.c.obj
[anraggar:ro] [80/400] Building C object zephyr/arch/common/CMakeFiles/isr_tables.dir/isr_tables.c.obj
[anraggar:rw] [73/400] Building C object zephyr/CMakeFiles/zephyr.dir/subsys/shell/shell_history.c.obj
[anraggar:ro] [81/400] Building C object zephyr/arch/common/CMakeFiles/arch__common.dir/xip.c.obj
[anraggar:ro] [82/400] Linking C static library zephyr/arch/common/libisr_tables.a
[luuke:ro] [16/347] Building C object zephyr/CMakeFiles/zephyr.dir/lib/os/sem.c.obj
[matsu-ish:singleimage] [246/256] Building C object zephyr/kernel/CMakeFiles/kernel.dir/sched.c.obj
[anraggar:ro] [83/400] Linking C static library zephyr/arch/common/libarch__common.a
[ponyta:ro] [379/396] Building C object zephyr/kernel/CMakeFiles/kernel.dir/mutex.c.obj
[ponyta:ro] [380/396] Building C object zephyr/kernel/CMakeFiles/kernel.dir/sem.c.obj
[luuke:rw] [15/347] Building C object CMakeFiles/app.dir/mnt/host/source/src/platform/ec/zephyr/subsys/pd_controller/pdc_console.c.obj
[anraggar:ro] [84/400] Building C object zephyr/arch/arch/riscv/core/CMakeFiles/arch__riscv__core.dir/cpu_idle.c.obj
[ponyta:ro] [381/396] Building C object zephyr/kernel/CMakeFiles/kernel.dir/stack.c.obj
[matsu-ish:singleimage] [247/256] Building C object zephyr/kernel/CMakeFiles/kernel.dir/pipe.c.obj
[matsu-ish:singleimage] [248/256] Building C object zephyr/kernel/CMakeFiles/kernel.dir/spinlock_validate.c.obj
[ponyta:ro] [382/396] Building C object zephyr/kernel/CMakeFiles/kernel.dir/system_work_q.c.obj
[anraggar:ro] [85/400] Building C object zephyr/arch/arch/riscv/core/CMakeFiles/arch__riscv__core.dir/prep_c.c.obj
[anraggar:rw] [74/400] Building C object zephyr/CMakeFiles/zephyr.dir/subsys/shell/shell_wildcard.c.obj
[ponyta:ro] [383/396] Building C object zephyr/kernel/CMakeFiles/kernel.dir/condvar.c.obj
[ponyta:ro] [384/396] Building C object zephyr/kernel/CMakeFiles/kernel.dir/work.c.obj
[ponyta:ro] [385/396] Building C object zephyr/kernel/CMakeFiles/kernel.dir/thread.c.obj
[anraggar:rw] [75/400] Building C object zephyr/CMakeFiles/zephyr.dir/drivers/flash/flash_util.c.obj
[luuke:ro] [17/347] Building C object zephyr/CMakeFiles/zephyr.dir/lib/os/thread_entry.c.obj
[anraggar:ro] [86/400] Building C object zephyr/arch/arch/riscv/core/CMakeFiles/arch__riscv__core.dir/irq_manage.c.obj
[anraggar:ro] [87/400] Building C object zephyr/arch/arch/riscv/core/CMakeFiles/arch__riscv__core.dir/fatal.c.obj
[matsu-ish:singleimage] [249/256] Building C object zephyr/kernel/CMakeFiles/kernel.dir/thread_monitor.c.obj
[matsu-ish:singleimage] [250/256] Building C object zephyr/kernel/CMakeFiles/kernel.dir/timeout.c.obj
[anraggar:rw] [76/400] Linking C static library zephyr/libzephyr.a
[ponyta:ro] [386/396] Building C object zephyr/kernel/CMakeFiles/kernel.dir/pipe.c.obj
[ponyta:ro] [387/396] Building C object zephyr/kernel/CMakeFiles/kernel.dir/spinlock_validate.c.obj
[ponyta:ro] [388/396] Building C object zephyr/kernel/CMakeFiles/kernel.dir/sched.c.obj
[luuke:rw] [16/347] Building C object CMakeFiles/app.dir/mnt/host/source/src/platform/ec/zephyr/subsys/pd_controller/pdc_host_cmd.c.obj
[anraggar:ro] [88/400] Building C object zephyr/arch/arch/riscv/core/CMakeFiles/arch__riscv__core.dir/reboot.c.obj
[anraggar:rw] [77/400] Building C object zephyr/arch/common/CMakeFiles/arch__common.dir/sw_isr_common.c.obj
[matsu-ish:singleimage] [251/256] Building C object zephyr/kernel/CMakeFiles/kernel.dir/timer.c.obj
[ponyta:ro] [389/396] Building C object zephyr/kernel/CMakeFiles/kernel.dir/thread_monitor.c.obj
[ponyta:ro] [390/396] Building C object zephyr/kernel/CMakeFiles/kernel.dir/timeout.c.obj
[matsu-ish:singleimage] [252/256] Building C object zephyr/kernel/CMakeFiles/kernel.dir/poll.c.obj
[anraggar:ro] [89/400] Building ASM object zephyr/arch/arch/riscv/core/CMakeFiles/arch__riscv__core.dir/reset.S.obj
Running (initial) lcov on /mnt/host/source/src/platform/ec/build/zephyr/glassway.
[ponyta:ro] [391/396] Building C object zephyr/kernel/CMakeFiles/kernel.dir/timer.c.obj
[anraggar:ro] [90/400] Building ASM object zephyr/arch/arch/riscv/core/CMakeFiles/arch__riscv__core.dir/switch.S.obj
[luuke:ro] [18/347] Building C object zephyr/CMakeFiles/zephyr.dir/lib/os/cbprintf_nano.c.obj
[ponyta:ro] [392/396] Building C object zephyr/kernel/CMakeFiles/kernel.dir/poll.c.obj
[anraggar:rw] [78/400] Building C object zephyr/arch/common/CMakeFiles/arch__common.dir/dynamic_isr.c.obj
[matsu-ish:singleimage] [253/256] Building C object zephyr/kernel/CMakeFiles/kernel.dir/events.c.obj
[anraggar:rw] [79/400] Building C object zephyr/arch/common/CMakeFiles/arch__common.dir/init.c.obj
[matsu-ish:singleimage] [254/256] Building C object zephyr/kernel/CMakeFiles/kernel.dir/mempool.c.obj
[ponyta:ro] [393/396] Building C object zephyr/kernel/CMakeFiles/kernel.dir/dynamic_disabled.c.obj
[anraggar:ro] [91/400] Building C object zephyr/arch/arch/riscv/core/CMakeFiles/arch__riscv__core.dir/thread.c.obj
[ponyta:ro] [394/396] Building C object zephyr/kernel/CMakeFiles/kernel.dir/events.c.obj
[matsu-ish:singleimage] [255/256] Building C object zephyr/kernel/CMakeFiles/kernel.dir/dynamic_disabled.c.obj
Running `env -i PYTHONPATH=/usr/lib64/python-exec/python3.11:/mnt/host/source/src/platform/ec/zephyr/zmake:/usr/lib/python311.zip:/usr/lib/python3.11:/usr/lib/python3.11/lib-dynload:/usr/lib/python3.11/site-packages PW_PIGWEED_CIPD_INSTALL_DIR=/usr CROSTC_USER_ACKNOWLEDGES_THAT_RISCV_IS_EXPERIMENTAL=1 PATH=/mnt/host/source/chromite/bin:/usr/local/bin:/usr/bin:/bin:/opt/bin:/mnt/host/source/chromite/sdk/bin:/mnt/host/source/chromite/bin HOME=/home/jpmurphy JAVA_HOME=/etc/java-config-2/current-system-vm JDK_HOME=/etc/java-config-2/current-system-vm JAVAC=/etc/java-config-2/current-system-vm/bin/javac MAKEFLAGS=' -j16 --jobserver-auth=5,6' /usr/bin/lcov --gcov-tool /mnt/host/source/src/platform/ec/build/zephyr/glassway/build-rw/gcov.sh -q -o - -c -d /mnt/host/source/src/platform/ec/build/zephyr/glassway -t glassway --rc branch_coverage=1 --filter range --ignore-errors inconsistent,source --ignore-errors gcov,gcov -i`
[anraggar:ro] [92/400] Generating ../../../include/generated/libc/minimal/strerror_table.h
[ponyta:ro] [395/396] Building C object zephyr/kernel/CMakeFiles/kernel.dir/mempool.c.obj
[matsu-ish:singleimage] [256/256] Linking C static library zephyr/kernel/libkernel.a
[luuke:rw] [17/347] Building C object CMakeFiles/app.dir/mnt/host/source/src/platform/ec/zephyr/subsys/pd_controller/pdc_stub.c.obj
[ponyta:ro] [396/396] Linking C static library zephyr/kernel/libkernel.a
[anraggar:ro] [93/400] Building ASM object zephyr/arch/arch/riscv/core/CMakeFiles/arch__riscv__core.dir/isr.S.obj
[anraggar:ro] [94/400] Building C object zephyr/lib/libc/minimal/CMakeFiles/lib__libc__minimal.dir/source/stdlib/atoi.c.obj
[luuke:ro] [19/347] Building C object zephyr/CMakeFiles/zephyr.dir/lib/os/assert.c.obj
[luuke:ro] [20/347] Building C object zephyr/CMakeFiles/zephyr.dir/lib/utils/dec.c.obj
[luuke:ro] [21/347] Building C object zephyr/CMakeFiles/zephyr.dir/lib/os/cbprintf.c.obj
[anraggar:ro] [95/400] Building C object zephyr/arch/arch/riscv/core/CMakeFiles/arch__riscv__core.dir/stacktrace.c.obj
[anraggar:ro] [96/400] Building C object zephyr/lib/libc/minimal/CMakeFiles/lib__libc__minimal.dir/source/stdlib/strtol.c.obj
[anraggar:rw] [80/400] Building C object zephyr/arch/common/CMakeFiles/arch__common.dir/xip.c.obj
[anraggar:ro] [97/400] Building C object zephyr/lib/libc/minimal/CMakeFiles/lib__libc__minimal.dir/source/stdlib/strtoul.c.obj
[anraggar:ro] [98/400] Building C object zephyr/lib/libc/minimal/CMakeFiles/lib__libc__minimal.dir/source/stdlib/strtoll.c.obj
[anraggar:ro] [99/400] Linking C static library zephyr/arch/arch/riscv/core/libarch__riscv__core.a
[anraggar:rw] [81/400] Building C object zephyr/arch/common/CMakeFiles/isr_tables.dir/isr_tables.c.obj
[anraggar:ro] [100/400] Building C object zephyr/lib/libc/minimal/CMakeFiles/lib__libc__minimal.dir/source/stdlib/strtoull.c.obj
[anraggar:rw] [82/400] Building C object zephyr/arch/arch/riscv/core/CMakeFiles/arch__riscv__core.dir/cpu_idle.c.obj
[anraggar:rw] [83/400] Linking C static library zephyr/arch/common/libisr_tables.a
[anraggar:ro] [101/400] Building C object zephyr/lib/libc/minimal/CMakeFiles/lib__libc__minimal.dir/source/stdlib/bsearch.c.obj
[anraggar:rw] [84/400] Linking C static library zephyr/arch/common/libarch__common.a
[luuke:ro] [22/347] Building C object zephyr/CMakeFiles/zephyr.dir/lib/utils/hex.c.obj
[anraggar:rw] [85/400] Building C object zephyr/arch/arch/riscv/core/CMakeFiles/arch__riscv__core.dir/fatal.c.obj
[anraggar:ro] [102/400] Building C object zephyr/lib/libc/minimal/CMakeFiles/lib__libc__minimal.dir/source/stdlib/qsort.c.obj
[anraggar:ro] [103/400] Building C object zephyr/lib/libc/minimal/CMakeFiles/lib__libc__minimal.dir/source/string/strerror.c.obj
[anraggar:ro] [104/400] Building C object zephyr/lib/libc/minimal/CMakeFiles/lib__libc__minimal.dir/source/string/strncasecmp.c.obj
[anraggar:rw] [86/400] Building C object zephyr/arch/arch/riscv/core/CMakeFiles/arch__riscv__core.dir/prep_c.c.obj
[luuke:ro] [23/347] Building C object zephyr/CMakeFiles/zephyr.dir/lib/utils/timeutil.c.obj
[/mnt/host/source/src/platform/ec/build/zephyr/glassway-lcov] geninfo: WARNING: using JSON module "JSON::PP" - which is much slower than some alternatives.  Consider installing one of JSON::XS or Cpanel::JSON::XS
[luuke:rw] [18/347] Building C object CMakeFiles/app.dir/mnt/host/source/src/platform/ec/zephyr/subsys/pd_controller/pdc_dpm.c.obj
[anraggar:ro] [105/400] Building C object zephyr/lib/libc/minimal/CMakeFiles/lib__libc__minimal.dir/source/string/strstr.c.obj
[anraggar:rw] [87/400] Building C object zephyr/arch/arch/riscv/core/CMakeFiles/arch__riscv__core.dir/irq_manage.c.obj
[anraggar:ro] [106/400] Building C object zephyr/lib/libc/minimal/CMakeFiles/lib__libc__minimal.dir/source/string/strspn.c.obj
[anraggar:ro] [107/400] Building C object zephyr/lib/libc/minimal/CMakeFiles/lib__libc__minimal.dir/source/string/string.c.obj
[luuke:rw] [19/347] Building C object CMakeFiles/app.dir/mnt/host/source/src/platform/ec/zephyr/subsys/ucsi/ppm_common.c.obj
[luuke:ro] [24/347] Building C object zephyr/CMakeFiles/zephyr.dir/lib/utils/bitmask.c.obj
[luuke:ro] [25/347] Building C object zephyr/CMakeFiles/zephyr.dir/lib/utils/rb.c.obj
[anraggar:ro] [108/400] Building C object zephyr/lib/libc/minimal/CMakeFiles/lib__libc__minimal.dir/source/stdlib/exit.c.obj
[luuke:rw] [20/347] Building C object CMakeFiles/app.dir/mnt/host/source/src/platform/ec/zephyr/subsys/ucsi/ppm_console.c.obj
[luuke:rw] [21/347] Building C object CMakeFiles/app.dir/mnt/host/source/src/platform/ec/zephyr/subsys/ucsi/ppm_driver.c.obj
[anraggar:rw] [88/400] Building C object zephyr/arch/arch/riscv/core/CMakeFiles/arch__riscv__core.dir/reboot.c.obj
[anraggar:ro] [109/400] Building C object zephyr/lib/libc/minimal/CMakeFiles/lib__libc__minimal.dir/source/math/sqrtf.c.obj
[anraggar:rw] [89/400] Building ASM object zephyr/arch/arch/riscv/core/CMakeFiles/arch__riscv__core.dir/reset.S.obj
[anraggar:rw] [90/400] Building ASM object zephyr/arch/arch/riscv/core/CMakeFiles/arch__riscv__core.dir/switch.S.obj
[luuke:ro] [26/347] Building C object zephyr/CMakeFiles/zephyr.dir/lib/utils/bitarray.c.obj
[anraggar:ro] [110/400] Building C object zephyr/lib/libc/minimal/CMakeFiles/lib__libc__minimal.dir/source/stdout/stdout_console.c.obj
[anraggar:rw] [91/400] Generating ../../../include/generated/libc/minimal/strerror_table.h
[anraggar:ro] [111/400] Building C object zephyr/lib/libc/minimal/CMakeFiles/lib__libc__minimal.dir/source/stdout/sprintf.c.obj
[anraggar:rw] [92/400] Building C object zephyr/lib/libc/minimal/CMakeFiles/lib__libc__minimal.dir/source/stdlib/atoi.c.obj
[anraggar:ro] [112/400] Building C object zephyr/lib/libc/minimal/CMakeFiles/lib__libc__minimal.dir/source/stdout/fprintf.c.obj
[anraggar:ro] [113/400] Building C object zephyr/lib/libc/minimal/CMakeFiles/lib__libc__minimal.dir/source/math/sqrt.c.obj
[luuke:ro] [27/347] Building C object zephyr/CMakeFiles/zephyr.dir/lib/utils/getopt/getopt.c.obj
[luuke:ro] [28/347] Building C object zephyr/CMakeFiles/zephyr.dir/lib/utils/getopt/getopt_common.c.obj
[anraggar:rw] [93/400] Building C object zephyr/arch/arch/riscv/core/CMakeFiles/arch__riscv__core.dir/thread.c.obj
[anraggar:ro] [114/400] Building C object zephyr/lib/libc/common/CMakeFiles/lib__libc__common.dir/source/time/gmtime_r.c.obj
[luuke:ro] [29/347] Building C object zephyr/CMakeFiles/zephyr.dir/lib/utils/ring_buffer.c.obj
[luuke:rw] [22/347] Building C object CMakeFiles/app.dir/mnt/host/source/src/platform/ec/zephyr/subsys/ucsi/ucsi_host_cmd.c.obj
[anraggar:rw] [94/400] Building C object zephyr/lib/libc/minimal/CMakeFiles/lib__libc__minimal.dir/source/stdlib/strtol.c.obj
[luuke:ro] [30/347] Building C object zephyr/CMakeFiles/zephyr.dir/lib/utils/last_section_id.c.obj
[luuke:rw] [23/347] Building C object CMakeFiles/app.dir/mnt/host/source/src/platform/ec/build/zephyr/luuke/modules/ec/builtin/stdlib.c.obj
[anraggar:ro] [115/400] Building C object zephyr/lib/libc/common/CMakeFiles/lib__libc__common.dir/source/time/asctime.c.obj
[anraggar:rw] [95/400] Building C object zephyr/lib/libc/minimal/CMakeFiles/lib__libc__minimal.dir/source/stdlib/strtoul.c.obj
[luuke:rw] [24/347] Building C object CMakeFiles/app.dir/mnt/host/source/src/platform/ec/build/zephyr/luuke/modules/ec/common/console_output.c.obj
[luuke:rw] [25/347] Building C object CMakeFiles/app.dir/mnt/host/source/src/platform/ec/build/zephyr/luuke/modules/ec/common/base32.c.obj
[anraggar:rw] [96/400] Building C object zephyr/lib/libc/minimal/CMakeFiles/lib__libc__minimal.dir/source/stdlib/strtoll.c.obj
[anraggar:ro] [116/400] Building C object zephyr/lib/libc/minimal/CMakeFiles/lib__libc__minimal.dir/source/time/gmtime.c.obj
[anraggar:rw] [97/400] Building ASM object zephyr/arch/arch/riscv/core/CMakeFiles/arch__riscv__core.dir/isr.S.obj
[luuke:ro] [31/347] Building ASM object zephyr/CMakeFiles/zephyr.dir/soc/ite/ec/common/soc_irq.S.obj
[anraggar:ro] [117/400] Building C object zephyr/lib/libc/common/CMakeFiles/lib__libc__common.dir/source/time/localtime_r_utc.c.obj
[anraggar:rw] [98/400] Building C object zephyr/lib/libc/minimal/CMakeFiles/lib__libc__minimal.dir/source/stdlib/strtoull.c.obj
[anraggar:ro] [118/400] Building C object zephyr/lib/libc/common/CMakeFiles/lib__libc__common.dir/source/time/ctime.c.obj
[anraggar:rw] [99/400] Building C object zephyr/lib/libc/minimal/CMakeFiles/lib__libc__minimal.dir/source/stdlib/bsearch.c.obj
[luuke:ro] [32/347] Building C object zephyr/CMakeFiles/zephyr.dir/misc/generated/configs.c.obj
[anraggar:ro] [119/400] Building C object zephyr/lib/libc/common/CMakeFiles/lib__libc__common.dir/source/stdlib/abort.c.obj
[anraggar:ro] [120/400] Linking C static library zephyr/lib/libc/minimal/liblib__libc__minimal.a
[anraggar:rw] [100/400] Building C object zephyr/arch/arch/riscv/core/CMakeFiles/arch__riscv__core.dir/stacktrace.c.obj
[anraggar:ro] [121/400] Building C object zephyr/lib/posix/c_lib_ext/CMakeFiles/lib__posix__c_lib_ext.dir/fnmatch.c.obj
[anraggar:rw] [101/400] Linking C static library zephyr/arch/arch/riscv/core/libarch__riscv__core.a
[anraggar:ro] [122/400] Building C object zephyr/lib/libc/common/CMakeFiles/lib__libc__common.dir/source/time/time.c.obj
[anraggar:ro] [123/400] Building C object zephyr/lib/libc/common/CMakeFiles/lib__libc__common.dir/source/string/strnlen.c.obj
[luuke:ro] [33/347] Building C object zephyr/CMakeFiles/zephyr.dir/soc/ite/ec/common/soc_common_irq.c.obj
[/mnt/host/source/src/platform/ec/build/zephyr/glassway-lcov] stderr:
[anraggar:rw] [102/400] Building C object zephyr/lib/libc/minimal/CMakeFiles/lib__libc__minimal.dir/source/string/strerror.c.obj
[anraggar:rw] [103/400] Building C object zephyr/lib/libc/minimal/CMakeFiles/lib__libc__minimal.dir/source/stdlib/qsort.c.obj
[anraggar:rw] [104/400] Building C object zephyr/lib/libc/minimal/CMakeFiles/lib__libc__minimal.dir/source/string/strncasecmp.c.obj
[anraggar:ro] [124/400] Building C object zephyr/subsys/crc/CMakeFiles/subsys__crc.dir/crc4_sw.c.obj
[anraggar:rw] [105/400] Building C object zephyr/lib/libc/minimal/CMakeFiles/lib__libc__minimal.dir/source/string/strstr.c.obj
[anraggar:rw] [106/400] Building C object zephyr/lib/libc/minimal/CMakeFiles/lib__libc__minimal.dir/source/string/string.c.obj
[anraggar:rw] [107/400] Building C object zephyr/lib/libc/minimal/CMakeFiles/lib__libc__minimal.dir/source/string/strspn.c.obj
[anraggar:ro] [125/400] Building C object zephyr/subsys/crc/CMakeFiles/subsys__crc.dir/crc8_sw.c.obj
[/mnt/host/source/src/platform/ec/build/zephyr/glassway-lcov]   /mnt/host/source/src/platform/ec/build/zephyr/glassway/build-ro/modules/ec/zephyr/CMakeFiles/ec_shim.dir/shim/src/thermal.c.gcno:no functions found
[/mnt/host/source/src/platform/ec/build/zephyr/glassway-lcov] stderr:
[luuke:ro] [34/347] Building C object zephyr/CMakeFiles/zephyr.dir/soc/ite/ec/common/power.c.obj
[anraggar:rw] [108/400] Building C object zephyr/lib/libc/minimal/CMakeFiles/lib__libc__minimal.dir/source/stdlib/exit.c.obj
[luuke:rw] [26/347] Building C object CMakeFiles/app.dir/mnt/host/source/src/platform/ec/build/zephyr/luuke/modules/ec/common/ec_features.c.obj
[luuke:rw] [27/347] Building C object CMakeFiles/app.dir/mnt/host/source/src/platform/ec/build/zephyr/luuke/modules/ec/common/gpio_commands.c.obj
[luuke:ro] [35/347] Building C object zephyr/CMakeFiles/zephyr.dir/soc/ite/ec/common/policy.c.obj
[luuke:rw] [28/347] Building C object CMakeFiles/app.dir/mnt/host/source/src/platform/ec/build/zephyr/luuke/modules/ec/common/printf.c.obj
[anraggar:ro] [126/400] Building C object zephyr/subsys/crc/CMakeFiles/subsys__crc.dir/crc16_sw.c.obj
[luuke:rw] [29/347] Building C object CMakeFiles/app.dir/mnt/host/source/src/platform/ec/build/zephyr/luuke/modules/ec/common/peripheral.c.obj
[anraggar:ro] [127/400] Building C object zephyr/lib/posix/c_lib_ext/CMakeFiles/lib__posix__c_lib_ext.dir/getentropy.c.obj
[anraggar:ro] [128/400] Building C object zephyr/lib/posix/c_lib_ext/CMakeFiles/lib__posix__c_lib_ext.dir/getopt_shim.c.obj
[anraggar:ro] [129/400] Building C object zephyr/subsys/crc/CMakeFiles/subsys__crc.dir/crc7_sw.c.obj
[/mnt/host/source/src/platform/ec/build/zephyr/glassway-lcov]   /mnt/host/source/src/platform/ec/build/zephyr/glassway/build-ro/modules/ec/zephyr/CMakeFiles/ec_shim.dir/shim/src/battery.c.gcno:no functions found
[anraggar:rw] [109/400] Building C object zephyr/lib/libc/minimal/CMakeFiles/lib__libc__minimal.dir/source/math/sqrtf.c.obj
[/mnt/host/source/src/platform/ec/build/zephyr/glassway-lcov] stderr:
[anraggar:ro] [130/400] Building C object zephyr/lib/libc/common/CMakeFiles/lib__libc__common.dir/source/stdlib/malloc.c.obj
[anraggar:ro] [131/400] Linking C static library zephyr/lib/posix/c_lib_ext/liblib__posix__c_lib_ext.a
[/mnt/host/source/src/platform/ec/build/zephyr/glassway-lcov]   /mnt/host/source/src/platform/ec/build/zephyr/glassway/build-ro/modules/ec/zephyr/CMakeFiles/ec_shim.dir/shim/src/charger.c.gcno:no functions found
[/mnt/host/source/src/platform/ec/build/zephyr/glassway-lcov] stderr:
[anraggar:ro] [132/400] Building C object zephyr/subsys/crc/CMakeFiles/subsys__crc.dir/crc24_sw.c.obj
[anraggar:ro] [133/400] Building C object zephyr/subsys/crc/CMakeFiles/subsys__crc.dir/crc32c_sw.c.obj
[anraggar:ro] [134/400] Linking C static library zephyr/lib/libc/common/liblib__libc__common.a
[anraggar:ro] [135/400] Building C object zephyr/subsys/crc/CMakeFiles/subsys__crc.dir/crc32_sw.c.obj
[anraggar:rw] [110/400] Building C object zephyr/lib/libc/minimal/CMakeFiles/lib__libc__minimal.dir/source/stdout/sprintf.c.obj
[anraggar:ro] [136/400] Building C object zephyr/subsys/crc/CMakeFiles/subsys__crc.dir/crc32k_4_2_sw.c.obj
[anraggar:rw] [111/400] Building C object zephyr/lib/libc/minimal/CMakeFiles/lib__libc__minimal.dir/source/stdout/fprintf.c.obj
[luuke:ro] [36/347] Building ASM object zephyr/CMakeFiles/zephyr.dir/soc/ite/ec/it8xxx2/vector.S.obj
[anraggar:ro] [137/400] Linking C static library zephyr/subsys/crc/libsubsys__crc.a
[luuke:ro] [37/347] Building C object zephyr/CMakeFiles/zephyr.dir/soc/ite/ec/it8xxx2/soc.c.obj
[anraggar:rw] [112/400] Building C object zephyr/lib/libc/minimal/CMakeFiles/lib__libc__minimal.dir/source/math/sqrt.c.obj
[luuke:ro] [38/347] Building C object zephyr/CMakeFiles/zephyr.dir/soc/ite/ec/it8xxx2/check_regs.c.obj
[anraggar:rw] [113/400] Building C object zephyr/lib/libc/minimal/CMakeFiles/lib__libc__minimal.dir/source/stdout/stdout_console.c.obj
[anraggar:rw] [114/400] Building C object zephyr/lib/libc/common/CMakeFiles/lib__libc__common.dir/source/time/gmtime_r.c.obj
[anraggar:rw] [115/400] Building C object zephyr/lib/libc/common/CMakeFiles/lib__libc__common.dir/source/time/asctime.c.obj
[luuke:rw] [30/347] Building C object CMakeFiles/app.dir/mnt/host/source/src/platform/ec/build/zephyr/luuke/modules/ec/common/queue.c.obj
[luuke:rw] [31/347] Building C object CMakeFiles/app.dir/mnt/host/source/src/platform/ec/build/zephyr/luuke/modules/ec/common/uart_printf.c.obj
[anraggar:ro] [138/400] Building C object zephyr/drivers/interrupt_controller/CMakeFiles/drivers__interrupt_controller.dir/intc_ite_it8xxx2.c.obj
[anraggar:ro] [139/400] Building C object zephyr/drivers/adc/CMakeFiles/drivers__adc.dir/adc_common.c.obj
[luuke:rw] [32/347] Building C object CMakeFiles/app.dir/mnt/host/source/src/platform/ec/build/zephyr/luuke/modules/ec/common/system_boot_time.c.obj
[anraggar:rw] [116/400] Building C object zephyr/lib/libc/common/CMakeFiles/lib__libc__common.dir/source/stdlib/abort.c.obj
[anraggar:rw] [117/400] Building C object zephyr/lib/libc/common/CMakeFiles/lib__libc__common.dir/source/time/localtime_r_utc.c.obj
[anraggar:ro] [140/400] Building C object zephyr/drivers/interrupt_controller/CMakeFiles/drivers__interrupt_controller.dir/wuc_ite_it8xxx2.c.obj
[luuke:rw] [33/347] Building C object CMakeFiles/app.dir/mnt/host/source/src/platform/ec/build/zephyr/luuke/modules/ec/common/system.c.obj
[anraggar:rw] [118/400] Building C object zephyr/lib/libc/minimal/CMakeFiles/lib__libc__minimal.dir/source/time/gmtime.c.obj
[anraggar:rw] [119/400] Building C object zephyr/lib/libc/common/CMakeFiles/lib__libc__common.dir/source/time/ctime.c.obj
[/mnt/host/source/src/platform/ec/build/zephyr/glassway-lcov]   /mnt/host/source/src/platform/ec/build/zephyr/glassway/build-ro/modules/ec/zephyr/CMakeFiles/ec_shim.dir/shim/src/usb_muxes.c.gcno:no functions found
[/mnt/host/source/src/platform/ec/build/zephyr/glassway-lcov] stderr:
[anraggar:ro] [141/400] Linking C static library zephyr/drivers/interrupt_controller/libdrivers__interrupt_controller.a
[luuke:ro] [39/347] Building C object zephyr/CMakeFiles/zephyr.dir/subsys/logging/log_minimal.c.obj
[luuke:ro] [40/347] Building C object zephyr/CMakeFiles/zephyr.dir/soc/ite/ec/it8xxx2/ilm.c.obj
[anraggar:rw] [120/400] Linking C static library zephyr/lib/libc/minimal/liblib__libc__minimal.a
[anraggar:rw] [121/400] Building C object zephyr/lib/libc/common/CMakeFiles/lib__libc__common.dir/source/string/strnlen.c.obj
[luuke:ro] [41/347] Building C object zephyr/CMakeFiles/zephyr.dir/subsys/pm/pm.c.obj
[anraggar:rw] [122/400] Building C object zephyr/lib/libc/common/CMakeFiles/lib__libc__common.dir/source/time/time.c.obj
[anraggar:rw] [123/400] Building C object zephyr/lib/posix/c_lib_ext/CMakeFiles/lib__posix__c_lib_ext.dir/fnmatch.c.obj
[anraggar:rw] [124/400] Building C object zephyr/subsys/crc/CMakeFiles/subsys__crc.dir/crc4_sw.c.obj
[anraggar:ro] [142/400] Building C object zephyr/drivers/adc/CMakeFiles/drivers__adc.dir/adc_ite_it8xxx2.c.obj
[luuke:rw] [34/347] Building C object CMakeFiles/app.dir/mnt/host/source/src/platform/ec/build/zephyr/luuke/modules/ec/common/util.c.obj
[anraggar:ro] [143/400] Linking C static library zephyr/drivers/adc/libdrivers__adc.a
[luuke:ro] [42/347] Building C object zephyr/CMakeFiles/zephyr.dir/subsys/pm/state.c.obj
[anraggar:rw] [125/400] Building C object zephyr/subsys/crc/CMakeFiles/subsys__crc.dir/crc8_sw.c.obj
[anraggar:ro] [144/400] Building C object zephyr/drivers/console/CMakeFiles/drivers__console.dir/uart_console.c.obj
[anraggar:ro] [145/400] Building C object zephyr/drivers/bbram/CMakeFiles/drivers__bbram.dir/bbram_it8xxx2.c.obj
[anraggar:rw] [126/400] Building C object zephyr/lib/libc/common/CMakeFiles/lib__libc__common.dir/source/stdlib/malloc.c.obj
[anraggar:ro] [146/400] Linking C static library zephyr/drivers/console/libdrivers__console.a
[anraggar:ro] [147/400] Linking C static library zephyr/drivers/bbram/libdrivers__bbram.a
[anraggar:rw] [127/400] Building C object zephyr/subsys/crc/CMakeFiles/subsys__crc.dir/crc16_sw.c.obj
[luuke:ro] [43/347] Building C object zephyr/CMakeFiles/zephyr.dir/subsys/pm/policy/policy_events.c.obj
[anraggar:rw] [128/400] Linking C static library zephyr/lib/libc/common/liblib__libc__common.a
[anraggar:ro] [148/400] Building C object zephyr/drivers/eeprom/CMakeFiles/drivers__eeprom.dir/eeprom_shell.c.obj
[luuke:rw] [35/347] Building C object CMakeFiles/app.dir/mnt/host/source/src/platform/ec/build/zephyr/luuke/modules/ec/driver/accel_bma4xx.c.obj
[luuke:rw] [36/347] Building C object CMakeFiles/app.dir/mnt/host/source/src/platform/ec/build/zephyr/luuke/modules/ec/common/version.c.obj
[luuke:ro] [44/347] Building C object zephyr/CMakeFiles/zephyr.dir/subsys/pm/policy/policy_latency.c.obj
[anraggar:rw] [129/400] Building C object zephyr/lib/posix/c_lib_ext/CMakeFiles/lib__posix__c_lib_ext.dir/getentropy.c.obj
[anraggar:rw] [130/400] Building C object zephyr/subsys/crc/CMakeFiles/subsys__crc.dir/crc7_sw.c.obj
[anraggar:rw] [131/400] Building C object zephyr/lib/posix/c_lib_ext/CMakeFiles/lib__posix__c_lib_ext.dir/getopt_shim.c.obj
[anraggar:rw] [132/400] Building C object zephyr/subsys/crc/CMakeFiles/subsys__crc.dir/crc24_sw.c.obj
[anraggar:rw] [133/400] Building C object zephyr/subsys/crc/CMakeFiles/subsys__crc.dir/crc32c_sw.c.obj
[anraggar:rw] [134/400] Linking C static library zephyr/lib/posix/c_lib_ext/liblib__posix__c_lib_ext.a
[luuke:rw] [37/347] Building C object CMakeFiles/app.dir/mnt/host/source/src/platform/ec/build/zephyr/luuke/modules/ec/driver/accel_lis2dw12.c.obj
[anraggar:rw] [135/400] Building C object zephyr/subsys/crc/CMakeFiles/subsys__crc.dir/crc32_sw.c.obj
[anraggar:rw] [136/400] Building C object zephyr/subsys/crc/CMakeFiles/subsys__crc.dir/crc32k_4_2_sw.c.obj
[anraggar:rw] [137/400] Linking C static library zephyr/subsys/crc/libsubsys__crc.a
[luuke:ro] [45/347] Building C object zephyr/CMakeFiles/zephyr.dir/subsys/pm/policy/policy_state_lock.c.obj
[anraggar:ro] [149/400] Building C object zephyr/drivers/eeprom/CMakeFiles/drivers__eeprom.dir/eeprom_at2x.c.obj
[anraggar:ro] [150/400] Linking C static library zephyr/drivers/eeprom/libdrivers__eeprom.a
[luuke:rw] [38/347] Building C object CMakeFiles/app.dir/mnt/host/source/src/platform/ec/build/zephyr/luuke/modules/ec/driver/accelgyro_bmi_common.c.obj
[anraggar:ro] [151/400] Building C object zephyr/drivers/flash/CMakeFiles/drivers__flash.dir/flash_ite_it8xxx2.c.obj
[luuke:ro] [46/347] Building C object zephyr/CMakeFiles/zephyr.dir/subsys/pm/device_system_managed.c.obj
[luuke:ro] [47/347] Building C object zephyr/CMakeFiles/zephyr.dir/subsys/pm/device.c.obj
[anraggar:ro] [152/400] Building C object zephyr/drivers/gpio/CMakeFiles/drivers__gpio.dir/gpio_ite_it8xxx2.c.obj
[anraggar:ro] [153/400] Linking C static library zephyr/drivers/flash/libdrivers__flash.a
[anraggar:ro] [154/400] Building C object zephyr/drivers/espi/CMakeFiles/drivers__espi.dir/espi_it8xxx2.c.obj
[anraggar:ro] [155/400] Linking C static library zephyr/drivers/espi/libdrivers__espi.a
[anraggar:rw] [138/400] Building C object zephyr/drivers/interrupt_controller/CMakeFiles/drivers__interrupt_controller.dir/intc_ite_it8xxx2.c.obj
[luuke:rw] [39/347] Building C object CMakeFiles/app.dir/mnt/host/source/src/platform/ec/build/zephyr/luuke/modules/ec/driver/accelgyro_bmi3xx.c.obj
[anraggar:rw] [139/400] Building C object zephyr/drivers/adc/CMakeFiles/drivers__adc.dir/adc_common.c.obj
[luuke:rw] [40/347] Building C object CMakeFiles/app.dir/mnt/host/source/src/platform/ec/build/zephyr/luuke/modules/ec/common/motion_sense_fifo.c.obj
[anraggar:rw] [140/400] Building C object zephyr/drivers/interrupt_controller/CMakeFiles/drivers__interrupt_controller.dir/wuc_ite_it8xxx2.c.obj
[anraggar:rw] [141/400] Linking C static library zephyr/drivers/interrupt_controller/libdrivers__interrupt_controller.a
[luuke:ro] [48/347] Building C object zephyr/CMakeFiles/zephyr.dir/subsys/testsuite/coverage/coverage.c.obj
[luuke:rw] [41/347] Building C object CMakeFiles/app.dir/mnt/host/source/src/platform/ec/build/zephyr/luuke/modules/ec/common/adc.c.obj
[luuke:ro] [49/347] Building C object zephyr/CMakeFiles/zephyr.dir/subsys/tracing/tracing_none.c.obj
[anraggar:rw] [142/400] Building C object zephyr/drivers/adc/CMakeFiles/drivers__adc.dir/adc_ite_it8xxx2.c.obj
[anraggar:ro] [156/400] Building C object zephyr/drivers/gpio/CMakeFiles/drivers__gpio.dir/gpio_kscan_ite_it8xxx2.c.obj
[luuke:ro] [50/347] Building C object zephyr/CMakeFiles/zephyr.dir/subsys/shell/modules/kernel_service/kernel_shell.c.obj
[anraggar:ro] [157/400] Linking C static library zephyr/drivers/gpio/libdrivers__gpio.a
[anraggar:rw] [143/400] Linking C static library zephyr/drivers/adc/libdrivers__adc.a
[anraggar:ro] [158/400] Building C object zephyr/drivers/i2c/CMakeFiles/drivers__i2c.dir/i2c_bitbang.c.obj
[anraggar:ro] [159/400] Building C object zephyr/drivers/i2c/CMakeFiles/drivers__i2c.dir/i2c_common.c.obj
[anraggar:rw] [144/400] Building C object zephyr/drivers/console/CMakeFiles/drivers__console.dir/uart_console.c.obj
[anraggar:rw] [145/400] Building C object zephyr/drivers/bbram/CMakeFiles/drivers__bbram.dir/bbram_it8xxx2.c.obj
[luuke:rw] [42/347] Building C object CMakeFiles/app.dir/mnt/host/source/src/platform/ec/build/zephyr/luuke/modules/ec/common/battery.c.obj
[anraggar:rw] [146/400] Linking C static library zephyr/drivers/console/libdrivers__console.a
[anraggar:rw] [147/400] Linking C static library zephyr/drivers/bbram/libdrivers__bbram.a
[anraggar:ro] [160/400] Building C object zephyr/drivers/i2c/CMakeFiles/drivers__i2c.dir/i2c_shell.c.obj
[anraggar:rw] [148/400] Building C object zephyr/drivers/eeprom/CMakeFiles/drivers__eeprom.dir/eeprom_shell.c.obj
[luuke:ro] [51/347] Building C object zephyr/CMakeFiles/zephyr.dir/subsys/shell/modules/kernel_service/cycles.c.obj
[luuke:ro] [52/347] Building C object zephyr/CMakeFiles/zephyr.dir/subsys/shell/modules/kernel_service/sleep.c.obj
[luuke:rw] [43/347] Building C object CMakeFiles/app.dir/mnt/host/source/src/platform/ec/build/zephyr/luuke/modules/ec/common/battery_fuel_gauge.c.obj
[luuke:rw] [44/347] Building C object CMakeFiles/app.dir/mnt/host/source/src/platform/ec/build/zephyr/luuke/modules/ec/common/battery_info.c.obj
[luuke:ro] [53/347] Building C object zephyr/CMakeFiles/zephyr.dir/subsys/shell/modules/kernel_service/uptime.c.obj
[anraggar:ro] [161/400] Building C object zephyr/drivers/pinctrl/CMakeFiles/drivers__pinctrl.dir/common.c.obj
[luuke:rw] [45/347] Building C object CMakeFiles/app.dir/mnt/host/source/src/platform/ec/build/zephyr/luuke/modules/ec/driver/battery/smart.c.obj
[anraggar:ro] [162/400] Building C object zephyr/drivers/sensor/CMakeFiles/drivers__sensor.dir/mnt/host/source/src/third_party/zephyr/main/misc/empty_file.c.obj
[anraggar:ro] [163/400] Building C object zephyr/drivers/i2c/CMakeFiles/drivers__i2c.dir/i2c_ite_enhance.c.obj
[anraggar:rw] [149/400] Building C object zephyr/drivers/eeprom/CMakeFiles/drivers__eeprom.dir/eeprom_at2x.c.obj
[anraggar:ro] [164/400] Linking C static library zephyr/drivers/sensor/libdrivers__sensor.a
[anraggar:rw] [150/400] Linking C static library zephyr/drivers/eeprom/libdrivers__eeprom.a
[anraggar:ro] [165/400] Building C object zephyr/drivers/i2c/CMakeFiles/drivers__i2c.dir/i2c_ite_it8xxx2.c.obj
[anraggar:ro] [166/400] Linking C static library zephyr/drivers/i2c/libdrivers__i2c.a
[anraggar:rw] [151/400] Building C object zephyr/drivers/flash/CMakeFiles/drivers__flash.dir/flash_ite_it8xxx2.c.obj
[luuke:ro] [54/347] Building C object zephyr/CMakeFiles/zephyr.dir/subsys/shell/modules/kernel_service/version.c.obj
[anraggar:rw] [152/400] Linking C static library zephyr/drivers/flash/libdrivers__flash.a
[luuke:ro] [55/347] Building C object zephyr/CMakeFiles/zephyr.dir/subsys/shell/modules/kernel_service/thread/thread.c.obj
[anraggar:rw] [153/400] Building C object zephyr/drivers/espi/CMakeFiles/drivers__espi.dir/espi_it8xxx2.c.obj
[anraggar:rw] [154/400] Building C object zephyr/drivers/gpio/CMakeFiles/drivers__gpio.dir/gpio_ite_it8xxx2.c.obj
[anraggar:ro] [167/400] Building C object zephyr/drivers/pinctrl/CMakeFiles/drivers__pinctrl.dir/pinctrl_ite_it8xxx2.c.obj
[luuke:ro] [56/347] Building C object zephyr/CMakeFiles/zephyr.dir/subsys/shell/modules/kernel_service/thread/list.c.obj
[luuke:rw] [46/347] Building C object CMakeFiles/app.dir/mnt/host/source/src/platform/ec/build/zephyr/luuke/modules/ec/driver/charger/bq25710.c.obj
[anraggar:rw] [155/400] Linking C static library zephyr/drivers/espi/libdrivers__espi.a
[anraggar:ro] [168/400] Linking C static library zephyr/drivers/pinctrl/libdrivers__pinctrl.a
[/mnt/host/source/src/platform/ec/build/zephyr/glassway-lcov]   /mnt/host/source/src/platform/ec/build/zephyr/glassway/build-ro/modules/ec/zephyr/CMakeFiles/ec_shim.dir/shim/src/usba.c.gcno:no functions found
[/mnt/host/source/src/platform/ec/build/zephyr/glassway-lcov] stderr:
[luuke:rw] [47/347] Building C object CMakeFiles/app.dir/mnt/host/source/src/platform/ec/build/zephyr/luuke/modules/ec/common/charger.c.obj
[anraggar:rw] [156/400] Building C object zephyr/drivers/gpio/CMakeFiles/drivers__gpio.dir/gpio_kscan_ite_it8xxx2.c.obj
[anraggar:ro] [169/400] Building C object zephyr/drivers/serial/CMakeFiles/drivers__serial.dir/uart_ite_it8xxx2.c.obj
[anraggar:rw] [157/400] Linking C static library zephyr/drivers/gpio/libdrivers__gpio.a
[luuke:rw] [48/347] Building C object CMakeFiles/app.dir/mnt/host/source/src/platform/ec/build/zephyr/luuke/modules/ec/common/charge_state.c.obj
[anraggar:ro] [170/400] Building C object zephyr/drivers/sensor/ite/ite_vcmp_it8xxx2/CMakeFiles/drivers__sensor__ite__ite_vcmp_it8xxx2.dir/vcmp_ite_it8xxx2.c.obj
[anraggar:ro] [171/400] Linking C static library zephyr/drivers/sensor/ite/ite_vcmp_it8xxx2/libdrivers__sensor__ite__ite_vcmp_it8xxx2.a
[anraggar:rw] [158/400] Building C object zephyr/drivers/i2c/CMakeFiles/drivers__i2c.dir/i2c_common.c.obj
[anraggar:ro] [172/400] Building C object zephyr/drivers/serial/CMakeFiles/drivers__serial.dir/uart_ns16550.c.obj
[anraggar:rw] [159/400] Building C object zephyr/drivers/i2c/CMakeFiles/drivers__i2c.dir/i2c_bitbang.c.obj
[luuke:ro] [57/347] Building C object zephyr/CMakeFiles/zephyr.dir/subsys/shell/modules/kernel_service/thread/stacks.c.obj
[luuke:ro] [58/347] Building C object zephyr/CMakeFiles/zephyr.dir/subsys/shell/modules/kernel_service/thread/suspend.c.obj
[luuke:ro] [59/347] Building C object zephyr/CMakeFiles/zephyr.dir/subsys/shell/modules/kernel_service/thread/unwind.c.obj
[luuke:rw] [49/347] Building C object CMakeFiles/app.dir/mnt/host/source/src/platform/ec/build/zephyr/luuke/modules/ec/common/cbi_common.c.obj
[anraggar:ro] [173/400] Linking C static library zephyr/drivers/serial/libdrivers__serial.a
[anraggar:ro] [174/400] Building C object zephyr/drivers/timer/CMakeFiles/drivers__timer.dir/sys_clock_init.c.obj
[luuke:rw] [50/347] Building C object CMakeFiles/app.dir/mnt/host/source/src/platform/ec/build/zephyr/luuke/modules/ec/common/charge_manager.c.obj
[anraggar:rw] [160/400] Building C object zephyr/drivers/i2c/CMakeFiles/drivers__i2c.dir/i2c_shell.c.obj
[anraggar:ro] [175/400] Building C object zephyr/drivers/timer/CMakeFiles/drivers__timer.dir/ite_it8xxx2_timer.c.obj
[anraggar:ro] [176/400] Linking C static library zephyr/drivers/timer/libdrivers__timer.a
[anraggar:rw] [161/400] Building C object zephyr/drivers/pinctrl/CMakeFiles/drivers__pinctrl.dir/common.c.obj
[luuke:rw] [51/347] Building C object CMakeFiles/app.dir/mnt/host/source/src/platform/ec/build/zephyr/luuke/modules/ec/common/cbi.c.obj
[luuke:rw] [52/347] Building C object CMakeFiles/app.dir/mnt/host/source/src/platform/ec/build/zephyr/luuke/modules/ec/common/cbi_config.c.obj
[anraggar:ro] [177/400] Building C object zephyr/drivers/watchdog/CMakeFiles/drivers__watchdog.dir/wdt_ite_it8xxx2.c.obj
[anraggar:rw] [162/400] Building C object zephyr/drivers/i2c/CMakeFiles/drivers__i2c.dir/i2c_ite_enhance.c.obj
[anraggar:rw] [163/400] Building C object zephyr/drivers/sensor/CMakeFiles/drivers__sensor.dir/mnt/host/source/src/third_party/zephyr/main/misc/empty_file.c.obj
[luuke:ro] [60/347] Building C object zephyr/CMakeFiles/zephyr.dir/subsys/shell/modules/kernel_service/thread/resume.c.obj
[anraggar:rw] [164/400] Linking C static library zephyr/drivers/sensor/libdrivers__sensor.a
[luuke:ro] [61/347] Building C object zephyr/CMakeFiles/zephyr.dir/subsys/shell/modules/kernel_service/thread/kill.c.obj
[anraggar:rw] [165/400] Building C object zephyr/drivers/i2c/CMakeFiles/drivers__i2c.dir/i2c_ite_it8xxx2.c.obj
[anraggar:rw] [166/400] Linking C static library zephyr/drivers/i2c/libdrivers__i2c.a
[luuke:ro] [62/347] Building C object zephyr/CMakeFiles/zephyr.dir/subsys/shell/backends/shell_uart.c.obj
[luuke:rw] [53/347] Building C object CMakeFiles/app.dir/mnt/host/source/src/platform/ec/build/zephyr/luuke/modules/ec/common/memory_commands.c.obj
[anraggar:ro] [178/400] Building C object zephyr/drivers/watchdog/CMakeFiles/drivers__watchdog.dir/wdt_shell.c.obj
[luuke:rw] [54/347] Building C object CMakeFiles/app.dir/mnt/host/source/src/platform/ec/build/zephyr/luuke/modules/ec/common/chipset.c.obj
[anraggar:ro] [179/400] Linking C static library zephyr/drivers/watchdog/libdrivers__watchdog.a
[anraggar:ro] [180/400] Building C object modules/ec/zephyr/CMakeFiles/ec_shim.dir/app/ec/main_shim.c.obj
[anraggar:ro] [181/400] Building C object modules/ec/zephyr/CMakeFiles/ec_shim.dir/app/ec/ec_app_main.c.obj
[anraggar:rw] [167/400] Building C object zephyr/drivers/pinctrl/CMakeFiles/drivers__pinctrl.dir/pinctrl_ite_it8xxx2.c.obj
[anraggar:rw] [168/400] Linking C static library zephyr/drivers/pinctrl/libdrivers__pinctrl.a
[luuke:rw] [55/347] Building C object CMakeFiles/app.dir/mnt/host/source/src/platform/ec/build/zephyr/luuke/modules/ec/common/ap_reset_log.c.obj
[anraggar:rw] [169/400] Building C object zephyr/drivers/sensor/ite/ite_vcmp_it8xxx2/CMakeFiles/drivers__sensor__ite__ite_vcmp_it8xxx2.dir/vcmp_ite_it8xxx2.c.obj
[anraggar:rw] [170/400] Building C object zephyr/drivers/serial/CMakeFiles/drivers__serial.dir/uart_ite_it8xxx2.c.obj
[anraggar:ro] [182/400] Building C object modules/ec/zephyr/CMakeFiles/ec_shim.dir/app/ec/chip/riscv/riscv-ite/it8xxx2-espi.c.obj
[luuke:ro] [63/347] Building C object zephyr/CMakeFiles/zephyr.dir/subsys/shell/shell_fprintf.c.obj
[anraggar:rw] [171/400] Linking C static library zephyr/drivers/sensor/ite/ite_vcmp_it8xxx2/libdrivers__sensor__ite__ite_vcmp_it8xxx2.a
[luuke:rw] [56/347] Building C object CMakeFiles/app.dir/mnt/host/source/src/platform/ec/build/zephyr/luuke/modules/ec/common/extpower_common.c.obj
[luuke:ro] [64/347] Building C object zephyr/CMakeFiles/zephyr.dir/subsys/shell/shell_utils.c.obj
[luuke:rw] [57/347] Building C object CMakeFiles/app.dir/mnt/host/source/src/platform/ec/build/zephyr/luuke/modules/ec/common/extpower_gpio.c.obj
[luuke:ro] [65/347] Building C object zephyr/CMakeFiles/zephyr.dir/subsys/shell/shell.c.obj
[anraggar:rw] [172/400] Building C object zephyr/drivers/serial/CMakeFiles/drivers__serial.dir/uart_ns16550.c.obj
[anraggar:rw] [173/400] Linking C static library zephyr/drivers/serial/libdrivers__serial.a
[anraggar:ro] [183/400] Building C object modules/ec/zephyr/CMakeFiles/ec_shim.dir/drivers/cros_kb_raw/cros_kb_raw_ite.c.obj
[anraggar:rw] [174/400] Building C object zephyr/drivers/timer/CMakeFiles/drivers__timer.dir/sys_clock_init.c.obj
[luuke:rw] [58/347] Building C object CMakeFiles/app.dir/mnt/host/source/src/platform/ec/build/zephyr/luuke/modules/ec/common/flash.c.obj
[anraggar:ro] [184/400] Building C object modules/ec/zephyr/CMakeFiles/ec_shim.dir/drivers/cros_flash/cros_flash_it8xxx2.c.obj
[anraggar:ro] [185/400] Building C object modules/ec/zephyr/CMakeFiles/ec_shim.dir/drivers/cros_system/cros_system_it8xxx2.c.obj
[anraggar:rw] [175/400] Building C object zephyr/drivers/timer/CMakeFiles/drivers__timer.dir/ite_it8xxx2_timer.c.obj
[anraggar:rw] [176/400] Linking C static library zephyr/drivers/timer/libdrivers__timer.a
[anraggar:ro] [186/400] Building C object modules/ec/zephyr/CMakeFiles/ec_shim.dir/drivers/vivaldi_kbd/vivaldi_kbd.c.obj
[anraggar:rw] [177/400] Building C object zephyr/drivers/watchdog/CMakeFiles/drivers__watchdog.dir/wdt_ite_it8xxx2.c.obj
[luuke:ro] [66/347] Building C object zephyr/CMakeFiles/zephyr.dir/subsys/shell/shell_ops.c.obj
[luuke:rw] [59/347] Building C object CMakeFiles/app.dir/mnt/host/source/src/platform/ec/build/zephyr/luuke/modules/ec/common/host_event_commands.c.obj
[luuke:ro] [67/347] Building C object zephyr/CMakeFiles/zephyr.dir/subsys/shell/shell_history.c.obj
[luuke:ro] [68/347] Building C object zephyr/CMakeFiles/zephyr.dir/subsys/shell/shell_help.c.obj
[luuke:rw] [60/347] Building C object CMakeFiles/app.dir/mnt/host/source/src/platform/ec/build/zephyr/luuke/modules/ec/common/host_command.c.obj
[luuke:rw] [61/347] Building C object CMakeFiles/app.dir/mnt/host/source/src/platform/ec/build/zephyr/luuke/modules/ec/common/uart_hostcmd.c.obj
[anraggar:rw] [178/400] Building C object zephyr/drivers/watchdog/CMakeFiles/drivers__watchdog.dir/wdt_shell.c.obj
[anraggar:ro] [187/400] Building C object modules/ec/zephyr/CMakeFiles/ec_shim.dir/shim/chip/it8xxx2/clock.c.obj
[anraggar:rw] [179/400] Linking C static library zephyr/drivers/watchdog/libdrivers__watchdog.a
[anraggar:ro] [188/400] Building C object modules/ec/zephyr/CMakeFiles/ec_shim.dir/shim/chip/it8xxx2/gpio.c.obj
[luuke:rw] [62/347] Building C object CMakeFiles/app.dir/mnt/host/source/src/platform/ec/build/zephyr/luuke/modules/ec/common/uptime.c.obj
[anraggar:ro] [189/400] Building C object modules/ec/zephyr/CMakeFiles/ec_shim.dir/shim/chip/it8xxx2/system.c.obj
[anraggar:rw] [180/400] Building C object modules/ec/zephyr/CMakeFiles/ec_shim.dir/app/ec/ec_app_main.c.obj
[luuke:ro] [69/347] Building C object zephyr/arch/common/CMakeFiles/arch__common.dir/sw_isr_common.c.obj
[anraggar:rw] [181/400] Building C object modules/ec/zephyr/CMakeFiles/ec_shim.dir/app/ec/main_shim.c.obj
[luuke:ro] [70/347] Building C object zephyr/arch/common/CMakeFiles/arch__common.dir/dynamic_isr.c.obj
[anraggar:ro] [190/400] Building C object modules/ec/zephyr/CMakeFiles/ec_shim.dir/shim/chip/it8xxx2/keyboard_raw.c.obj
[anraggar:ro] [191/400] Building C object modules/ec/zephyr/CMakeFiles/ec_shim.dir/shim/src/crc.c.obj
[anraggar:rw] [182/400] Building C object modules/ec/zephyr/CMakeFiles/ec_shim.dir/app/ec/chip/riscv/riscv-ite/it8xxx2-espi.c.obj
[luuke:ro] [71/347] Building C object zephyr/CMakeFiles/zephyr.dir/drivers/flash/flash_util.c.obj
[luuke:rw] [63/347] Building C object CMakeFiles/app.dir/mnt/host/source/src/platform/ec/build/zephyr/luuke/modules/ec/common/i2c_passthru.c.obj
[luuke:ro] [72/347] Linking C static library zephyr/libzephyr.a
[luuke:rw] [64/347] Building C object CMakeFiles/app.dir/mnt/host/source/src/platform/ec/build/zephyr/luuke/modules/ec/common/virtual_battery.c.obj
[luuke:rw] [65/347] Building C object CMakeFiles/app.dir/mnt/host/source/src/platform/ec/build/zephyr/luuke/modules/ec/common/i2c_controller.c.obj
[anraggar:ro] [192/400] Building C object modules/ec/zephyr/CMakeFiles/ec_shim.dir/shim/chip/it8xxx2/power_policy.c.obj
[luuke:ro] [73/347] Building C object zephyr/arch/common/CMakeFiles/arch__common.dir/init.c.obj
[anraggar:rw] [183/400] Building C object modules/ec/zephyr/CMakeFiles/ec_shim.dir/drivers/cros_flash/cros_flash_it8xxx2.c.obj
[anraggar:rw] [184/400] Building C object modules/ec/zephyr/CMakeFiles/ec_shim.dir/drivers/cros_kb_raw/cros_kb_raw_ite.c.obj
[luuke:ro] [74/347] Building C object zephyr/arch/common/CMakeFiles/arch__common.dir/xip.c.obj
[anraggar:ro] [193/400] Building C object modules/ec/zephyr/CMakeFiles/ec_shim.dir/shim/src/console.c.obj
[/mnt/host/source/src/platform/ec/build/zephyr/glassway-lcov]   /mnt/host/source/src/platform/ec/build/zephyr/glassway/build-ro/CMakeFiles/app.dir/mnt/host/source/src/platform/ec/build/zephyr/glassway/modules/ec/common/usb_pd_pdo.c.gcno:no functions found
[/mnt/host/source/src/platform/ec/build/zephyr/glassway-lcov] stderr:
[luuke:rw] [66/347] Building C object CMakeFiles/app.dir/mnt/host/source/src/platform/ec/build/zephyr/luuke/modules/ec/common/keyboard_scan.c.obj
[anraggar:rw] [185/400] Building C object modules/ec/zephyr/CMakeFiles/ec_shim.dir/drivers/cros_system/cros_system_it8xxx2.c.obj
[luuke:ro] [75/347] Building C object zephyr/arch/common/CMakeFiles/isr_tables.dir/isr_tables.c.obj
[luuke:ro] [76/347] Linking C static library zephyr/arch/common/libisr_tables.a
[anraggar:ro] [194/400] Building C object modules/ec/zephyr/CMakeFiles/ec_shim.dir/shim/src/gpio_int.c.obj
[luuke:ro] [77/347] Linking C static library zephyr/arch/common/libarch__common.a
[anraggar:rw] [186/400] Building C object modules/ec/zephyr/CMakeFiles/ec_shim.dir/drivers/vivaldi_kbd/vivaldi_kbd.c.obj
[anraggar:ro] [195/400] Building C object modules/ec/zephyr/CMakeFiles/ec_shim.dir/shim/src/gpio.c.obj
[luuke:ro] [78/347] Building C object zephyr/arch/arch/riscv/core/CMakeFiles/arch__riscv__core.dir/cpu_idle.c.obj
[luuke:rw] [67/347] Building C object CMakeFiles/app.dir/mnt/host/source/src/platform/ec/build/zephyr/luuke/modules/ec/common/keyboard_mkbp.c.obj
[luuke:rw] [68/347] Building C object CMakeFiles/app.dir/mnt/host/source/src/platform/ec/build/zephyr/luuke/modules/ec/common/mkbp_info.c.obj
[luuke:rw] [69/347] Building C object CMakeFiles/app.dir/mnt/host/source/src/platform/ec/build/zephyr/luuke/modules/ec/common/mkbp_fifo.c.obj
[anraggar:rw] [187/400] Building C object modules/ec/zephyr/CMakeFiles/ec_shim.dir/shim/chip/it8xxx2/clock.c.obj
[anraggar:ro] [196/400] Building C object modules/ec/zephyr/CMakeFiles/ec_shim.dir/shim/src/panic_utils.c.obj
[luuke:ro] [79/347] Building C object zephyr/arch/arch/riscv/core/CMakeFiles/arch__riscv__core.dir/prep_c.c.obj
[anraggar:rw] [188/400] Building C object modules/ec/zephyr/CMakeFiles/ec_shim.dir/shim/chip/it8xxx2/gpio.c.obj
[luuke:ro] [80/347] Building C object zephyr/arch/arch/riscv/core/CMakeFiles/arch__riscv__core.dir/fatal.c.obj
[anraggar:ro] [197/400] Building C object modules/ec/zephyr/CMakeFiles/ec_shim.dir/shim/src/pm_state.c.obj
[luuke:ro] [81/347] Building C object zephyr/arch/arch/riscv/core/CMakeFiles/arch__riscv__core.dir/irq_manage.c.obj
[anraggar:ro] [198/400] Building C object modules/ec/zephyr/CMakeFiles/ec_shim.dir/shim/src/cbi/cros_cbi.c.obj
[luuke:rw] [70/347] Building C object CMakeFiles/app.dir/mnt/host/source/src/platform/ec/build/zephyr/luuke/modules/ec/common/mkbp_input_devices.c.obj
[anraggar:rw] [189/400] Building C object modules/ec/zephyr/CMakeFiles/ec_shim.dir/shim/chip/it8xxx2/keyboard_raw.c.obj
[anraggar:rw] [190/400] Building C object modules/ec/zephyr/CMakeFiles/ec_shim.dir/shim/chip/it8xxx2/system.c.obj
[anraggar:ro] [199/400] Building C object modules/ec/zephyr/CMakeFiles/ec_shim.dir/shim/src/cbi/cros_cbi_fw_config.c.obj
[anraggar:rw] [191/400] Building C object modules/ec/zephyr/CMakeFiles/ec_shim.dir/shim/src/crc.c.obj
[luuke:ro] [82/347] Building C object zephyr/arch/arch/riscv/core/CMakeFiles/arch__riscv__core.dir/reboot.c.obj
[luuke:rw] [71/347] Building C object CMakeFiles/app.dir/mnt/host/source/src/platform/ec/build/zephyr/luuke/modules/ec/common/motion_lid.c.obj
[luuke:rw] [72/347] Building C object CMakeFiles/app.dir/mnt/host/source/src/platform/ec/build/zephyr/luuke/modules/ec/common/led_common.c.obj
[luuke:rw] [73/347] Building C object CMakeFiles/app.dir/mnt/host/source/src/platform/ec/build/zephyr/luuke/modules/ec/common/lid_angle.c.obj
[luuke:ro] [83/347] Building ASM object zephyr/arch/arch/riscv/core/CMakeFiles/arch__riscv__core.dir/reset.S.obj
[anraggar:ro] [200/400] Building C object modules/ec/zephyr/CMakeFiles/ec_shim.dir/shim/src/cbi/cros_cbi_ssfc.c.obj
[anraggar:rw] [192/400] Building C object modules/ec/zephyr/CMakeFiles/ec_shim.dir/shim/chip/it8xxx2/power_policy.c.obj
[luuke:ro] [84/347] Building ASM object zephyr/arch/arch/riscv/core/CMakeFiles/arch__riscv__core.dir/switch.S.obj
[anraggar:ro] [201/400] Building C object modules/ec/zephyr/CMakeFiles/ec_shim.dir/shim/src/cbi/cbi_eeprom.c.obj
[anraggar:rw] [193/400] Building C object modules/ec/zephyr/CMakeFiles/ec_shim.dir/shim/src/console.c.obj
[luuke:rw] [74/347] Building C object CMakeFiles/app.dir/mnt/host/source/src/platform/ec/build/zephyr/luuke/modules/ec/common/lid_angle_keyboard_policy.c.obj
[anraggar:ro] [202/400] Building C object modules/ec/zephyr/CMakeFiles/ec_shim.dir/shim/src/led_driver/led.c.obj
[luuke:ro] [85/347] Building ASM object zephyr/arch/arch/riscv/core/CMakeFiles/arch__riscv__core.dir/isr.S.obj
[luuke:ro] [86/347] Building C object zephyr/arch/arch/riscv/core/CMakeFiles/arch__riscv__core.dir/thread.c.obj
[luuke:ro] [87/347] Generating ../../../include/generated/libc/minimal/strerror_table.h
[anraggar:ro] [203/400] Building C object modules/ec/zephyr/CMakeFiles/ec_shim.dir/shim/src/led_driver/led_gpio.c.obj
[anraggar:rw] [194/400] Building C object modules/ec/zephyr/CMakeFiles/ec_shim.dir/shim/src/gpio.c.obj
[anraggar:rw] [195/400] Building C object modules/ec/zephyr/CMakeFiles/ec_shim.dir/shim/src/gpio_int.c.obj
[luuke:rw] [75/347] Building C object CMakeFiles/app.dir/mnt/host/source/src/platform/ec/build/zephyr/luuke/modules/ec/common/lid_switch.c.obj
[luuke:ro] [88/347] Building C object zephyr/lib/libc/minimal/CMakeFiles/lib__libc__minimal.dir/source/stdlib/atoi.c.obj
[luuke:rw] [76/347] Building C object CMakeFiles/app.dir/mnt/host/source/src/platform/ec/build/zephyr/luuke/modules/ec/common/mkbp_event.c.obj
[luuke:ro] [89/347] Building C object zephyr/arch/arch/riscv/core/CMakeFiles/arch__riscv__core.dir/stacktrace.c.obj
[anraggar:ro] [204/400] Building C object modules/ec/zephyr/CMakeFiles/ec_shim.dir/shim/src/system.c.obj
[anraggar:rw] [196/400] Building C object modules/ec/zephyr/CMakeFiles/ec_shim.dir/shim/src/panic_utils.c.obj
[luuke:ro] [90/347] Linking C static library zephyr/arch/arch/riscv/core/libarch__riscv__core.a
[luuke:ro] [91/347] Building C object zephyr/lib/libc/minimal/CMakeFiles/lib__libc__minimal.dir/source/stdlib/strtol.c.obj
[anraggar:rw] [197/400] Building C object modules/ec/zephyr/CMakeFiles/ec_shim.dir/shim/src/pm_state.c.obj
[anraggar:ro] [205/400] Building C object modules/ec/zephyr/CMakeFiles/ec_shim.dir/shim/src/adc.c.obj
[luuke:rw] [77/347] Building C object CMakeFiles/app.dir/mnt/host/source/src/platform/ec/build/zephyr/luuke/modules/ec/common/motion_sense.c.obj
[luuke:ro] [92/347] Building C object zephyr/lib/libc/minimal/CMakeFiles/lib__libc__minimal.dir/source/stdlib/strtoul.c.obj
[luuke:ro] [93/347] Building C object zephyr/lib/libc/minimal/CMakeFiles/lib__libc__minimal.dir/source/stdlib/strtoll.c.obj
[luuke:ro] [94/347] Building C object zephyr/lib/libc/common/CMakeFiles/lib__libc__common.dir/source/stdlib/abort.c.obj
[luuke:ro] [95/347] Building C object zephyr/lib/libc/minimal/CMakeFiles/lib__libc__minimal.dir/source/stdlib/bsearch.c.obj
[luuke:ro] [96/347] Building C object zephyr/lib/libc/minimal/CMakeFiles/lib__libc__minimal.dir/source/stdlib/strtoull.c.obj
[anraggar:rw] [198/400] Building C object modules/ec/zephyr/CMakeFiles/ec_shim.dir/shim/src/cbi/cros_cbi.c.obj
[luuke:rw] [78/347] Building C object CMakeFiles/app.dir/mnt/host/source/src/platform/ec/build/zephyr/luuke/modules/ec/common/power_button.c.obj
[anraggar:ro] [206/400] Building C object modules/ec/zephyr/CMakeFiles/ec_shim.dir/shim/src/charger.c.obj
[anraggar:ro] [207/400] Building C object modules/ec/zephyr/CMakeFiles/ec_shim.dir/shim/src/battery.c.obj
[luuke:ro] [97/347] Building C object zephyr/lib/libc/minimal/CMakeFiles/lib__libc__minimal.dir/source/stdlib/qsort.c.obj
[luuke:ro] [98/347] Building C object zephyr/lib/libc/minimal/CMakeFiles/lib__libc__minimal.dir/source/string/strerror.c.obj
[anraggar:rw] [199/400] Building C object modules/ec/zephyr/CMakeFiles/ec_shim.dir/shim/src/cbi/cros_cbi_fw_config.c.obj
[anraggar:ro] [208/400] Building C object modules/ec/zephyr/CMakeFiles/ec_shim.dir/shim/src/chipset_api.c.obj
[luuke:rw] [79/347] Building C object CMakeFiles/app.dir/mnt/host/source/src/platform/ec/build/zephyr/luuke/modules/ec/power/common.c.obj
[luuke:rw] [80/347] Building C object CMakeFiles/app.dir/mnt/host/source/src/platform/ec/build/zephyr/luuke/modules/ec/power/host_sleep.c.obj
[luuke:ro] [99/347] Building C object zephyr/lib/libc/minimal/CMakeFiles/lib__libc__minimal.dir/source/string/strncasecmp.c.obj
[luuke:ro] [100/347] Building C object zephyr/lib/libc/minimal/CMakeFiles/lib__libc__minimal.dir/source/string/strstr.c.obj
[anraggar:rw] [200/400] Building C object modules/ec/zephyr/CMakeFiles/ec_shim.dir/shim/src/cbi/cros_cbi_ssfc.c.obj
[anraggar:rw] [201/400] Building C object modules/ec/zephyr/CMakeFiles/ec_shim.dir/shim/src/cbi/cbi_eeprom.c.obj
[luuke:ro] [101/347] Building C object zephyr/lib/libc/minimal/CMakeFiles/lib__libc__minimal.dir/source/string/strspn.c.obj
[luuke:ro] [102/347] Building C object zephyr/lib/libc/minimal/CMakeFiles/lib__libc__minimal.dir/source/stdlib/exit.c.obj
[luuke:ro] [103/347] Building C object zephyr/lib/libc/minimal/CMakeFiles/lib__libc__minimal.dir/source/string/string.c.obj
[luuke:rw] [81/347] Building C object CMakeFiles/app.dir/mnt/host/source/src/platform/ec/build/zephyr/luuke/modules/ec/power/mt8186.c.obj
[anraggar:ro] [209/400] Building C object modules/ec/zephyr/CMakeFiles/ec_shim.dir/shim/src/espi.c.obj
[luuke:rw] [82/347] Building C object CMakeFiles/app.dir/mnt/host/source/src/platform/ec/build/zephyr/luuke/modules/ec/common/panic_output.c.obj
[anraggar:rw] [202/400] Building C object modules/ec/zephyr/CMakeFiles/ec_shim.dir/shim/src/led_driver/led.c.obj
[anraggar:ro] [210/400] Building C object modules/ec/zephyr/CMakeFiles/ec_shim.dir/shim/src/flash.c.obj
[anraggar:ro] [211/400] Building C object modules/ec/zephyr/CMakeFiles/ec_shim.dir/shim/src/hooks.c.obj
[anraggar:rw] [203/400] Building C object modules/ec/zephyr/CMakeFiles/ec_shim.dir/shim/src/led_driver/led_gpio.c.obj
[luuke:ro] [104/347] Building C object zephyr/lib/libc/minimal/CMakeFiles/lib__libc__minimal.dir/source/stdout/sprintf.c.obj
[luuke:rw] [83/347] Building C object CMakeFiles/app.dir/mnt/host/source/src/platform/ec/build/zephyr/luuke/modules/ec/common/switch.c.obj
[luuke:rw] [84/347] Building C object CMakeFiles/app.dir/mnt/host/source/src/platform/ec/build/zephyr/luuke/modules/ec/common/shared_mem.c.obj
[luuke:ro] [105/347] Building C object zephyr/lib/libc/minimal/CMakeFiles/lib__libc__minimal.dir/source/stdout/fprintf.c.obj
[anraggar:rw] [204/400] Building C object modules/ec/zephyr/CMakeFiles/ec_shim.dir/shim/src/adc.c.obj
[anraggar:ro] [212/400] Building C object modules/ec/zephyr/CMakeFiles/ec_shim.dir/shim/src/host_command.c.obj
[luuke:ro] [106/347] Building C object zephyr/lib/libc/minimal/CMakeFiles/lib__libc__minimal.dir/source/stdout/stdout_console.c.obj
[anraggar:rw] [205/400] Building C object modules/ec/zephyr/CMakeFiles/ec_shim.dir/shim/src/system.c.obj
[luuke:ro] [107/347] Building C object zephyr/lib/libc/minimal/CMakeFiles/lib__libc__minimal.dir/source/math/sqrtf.c.obj
[luuke:ro] [108/347] Building C object zephyr/lib/libc/minimal/CMakeFiles/lib__libc__minimal.dir/source/math/sqrt.c.obj
[anraggar:rw] [206/400] Building C object modules/ec/zephyr/CMakeFiles/ec_shim.dir/shim/src/battery.c.obj
[luuke:rw] [85/347] Building C object CMakeFiles/app.dir/mnt/host/source/src/platform/ec/build/zephyr/luuke/modules/ec/driver/stm_mems_common.c.obj
[luuke:ro] [109/347] Building C object zephyr/lib/libc/common/CMakeFiles/lib__libc__common.dir/source/time/gmtime_r.c.obj
[anraggar:ro] [213/400] Building C object modules/ec/zephyr/CMakeFiles/ec_shim.dir/shim/src/console_buffer.c.obj
[luuke:ro] [110/347] Building C object zephyr/lib/libc/common/CMakeFiles/lib__libc__common.dir/source/time/asctime.c.obj
[luuke:rw] [86/347] Building C object CMakeFiles/app.dir/mnt/host/source/src/platform/ec/build/zephyr/luuke/modules/ec/common/tablet_mode.c.obj
[luuke:ro] [111/347] Building C object zephyr/lib/libc/common/CMakeFiles/lib__libc__common.dir/source/time/localtime_r_utc.c.obj
[anraggar:ro] [214/400] Building C object modules/ec/zephyr/CMakeFiles/ec_shim.dir/shim/src/keyscan.c.obj
[anraggar:ro] [215/400] Building C object modules/ec/zephyr/CMakeFiles/ec_shim.dir/shim/src/keyboard_raw.c.obj
[luuke:ro] [112/347] Building C object zephyr/lib/libc/minimal/CMakeFiles/lib__libc__minimal.dir/source/time/gmtime.c.obj
[luuke:ro] [113/347] Linking C static library zephyr/lib/libc/minimal/liblib__libc__minimal.a
[luuke:ro] [114/347] Building C object zephyr/lib/libc/common/CMakeFiles/lib__libc__common.dir/source/time/ctime.c.obj
[anraggar:ro] [216/400] Building C object modules/ec/zephyr/CMakeFiles/ec_shim.dir/shim/src/mkbp_event.c.obj
[luuke:rw] [87/347] Building C object CMakeFiles/app.dir/mnt/host/source/src/platform/ec/build/zephyr/luuke/modules/ec/common/timer.c.obj
[luuke:rw] [88/347] Building C object CMakeFiles/app.dir/mnt/host/source/src/platform/ec/build/zephyr/luuke/modules/ec/common/usb_port_power_dumb.c.obj
[anraggar:rw] [207/400] Building C object modules/ec/zephyr/CMakeFiles/ec_shim.dir/shim/src/charger.c.obj
[luuke:ro] [115/347] Building C object zephyr/lib/libc/common/CMakeFiles/lib__libc__common.dir/source/time/time.c.obj
[luuke:ro] [116/347] Building C object zephyr/lib/libc/common/CMakeFiles/lib__libc__common.dir/source/string/strnlen.c.obj
[anraggar:rw] [208/400] Building C object modules/ec/zephyr/CMakeFiles/ec_shim.dir/shim/src/chipset_api.c.obj
[luuke:ro] [117/347] Building C object zephyr/lib/posix/c_lib_ext/CMakeFiles/lib__posix__c_lib_ext.dir/fnmatch.c.obj
[anraggar:rw] [209/400] Building C object modules/ec/zephyr/CMakeFiles/ec_shim.dir/shim/src/flash.c.obj
[luuke:rw] [89/347] Building C object CMakeFiles/app.dir/mnt/host/source/src/platform/ec/build/zephyr/luuke/modules/ec/common/usbc_utils.c.obj
[anraggar:rw] [210/400] Building C object modules/ec/zephyr/CMakeFiles/ec_shim.dir/shim/src/espi.c.obj
[anraggar:ro] [217/400] Building C object modules/ec/zephyr/CMakeFiles/ec_shim.dir/shim/src/motionsense_sensors.c.obj
[luuke:ro] [118/347] Building C object zephyr/lib/libc/common/CMakeFiles/lib__libc__common.dir/source/stdlib/malloc.c.obj
[luuke:ro] [119/347] Linking C static library zephyr/lib/libc/common/liblib__libc__common.a
[anraggar:ro] [218/400] Building C object modules/ec/zephyr/CMakeFiles/ec_shim.dir/shim/src/panic.c.obj
[luuke:rw] [90/347] Building C object CMakeFiles/app.dir/mnt/host/source/src/platform/ec/build/zephyr/luuke/modules/ec/common/usb_common.c.obj
[anraggar:ro] [219/400] Building C object modules/ec/zephyr/CMakeFiles/ec_shim.dir/shim/src/thermal.c.obj
[luuke:ro] [120/347] Building C object zephyr/lib/posix/c_lib_ext/CMakeFiles/lib__posix__c_lib_ext.dir/getentropy.c.obj
[anraggar:ro] [220/400] Building C object modules/ec/zephyr/CMakeFiles/ec_shim.dir/shim/src/temp_sensors.c.obj
[luuke:rw] [91/347] Building C object CMakeFiles/app.dir/mnt/host/source/src/platform/ec/build/zephyr/luuke/modules/ec/common/chargen.c.obj
[luuke:ro] [121/347] Building C object zephyr/lib/posix/c_lib_ext/CMakeFiles/lib__posix__c_lib_ext.dir/getopt_shim.c.obj
[luuke:rw] [92/347] Building C object CMakeFiles/app.dir/mnt/host/source/src/platform/ec/build/zephyr/luuke/modules/ec/common/usb_pd_host_cmd_common.c.obj
[luuke:ro] [122/347] Linking C static library zephyr/lib/posix/c_lib_ext/liblib__posix__c_lib_ext.a
[anraggar:rw] [211/400] Building C object modules/ec/zephyr/CMakeFiles/ec_shim.dir/shim/src/hooks.c.obj
[anraggar:ro] [221/400] Building C object modules/ec/zephyr/CMakeFiles/ec_shim.dir/shim/src/hwtimer.c.obj
[anraggar:rw] [212/400] Building C object modules/ec/zephyr/CMakeFiles/ec_shim.dir/shim/src/host_command.c.obj
[anraggar:rw] [213/400] Building C object modules/ec/zephyr/CMakeFiles/ec_shim.dir/shim/src/console_buffer.c.obj
[luuke:rw] [93/347] Building C object CMakeFiles/app.dir/mnt/host/source/src/platform/ec/build/zephyr/luuke/modules/ec/common/vboot_hash.c.obj
[luuke:ro] [123/347] Building C object zephyr/lib/smf/CMakeFiles/lib__smf.dir/smf.c.obj
[anraggar:rw] [214/400] Building C object modules/ec/zephyr/CMakeFiles/ec_shim.dir/shim/src/keyboard_raw.c.obj
[luuke:ro] [124/347] Linking C static library zephyr/lib/smf/liblib__smf.a
[anraggar:ro] [222/400] Building C object modules/ec/zephyr/CMakeFiles/ec_shim.dir/shim/src/i2c.c.obj
[luuke:ro] [125/347] Building C object zephyr/subsys/mgmt/ec_host_cmd/CMakeFiles/subsys__mgmt__ec_host_cmd.dir/ec_host_cmd_handler.c.obj
[luuke:ro] [126/347] Building C object zephyr/subsys/crc/CMakeFiles/subsys__crc.dir/crc4_sw.c.obj
[luuke:rw] [94/347] Building C object CMakeFiles/app.dir/mnt/host/source/src/platform/ec/build/zephyr/luuke/modules/ec/common/button.c.obj
[luuke:ro] [127/347] Linking C static library zephyr/subsys/mgmt/ec_host_cmd/libsubsys__mgmt__ec_host_cmd.a
[anraggar:rw] [215/400] Building C object modules/ec/zephyr/CMakeFiles/ec_shim.dir/shim/src/keyscan.c.obj
[luuke:rw] [95/347] Building C object CMakeFiles/app.dir/mnt/host/source/src/platform/ec/build/zephyr/luuke/modules/ec/common/vstore.c.obj
[luuke:rw] [96/347] Building C object CMakeFiles/app.dir/mnt/host/source/src/platform/ec/build/zephyr/luuke/modules/ec/common/vboot/efs2.c.obj
[luuke:ro] [128/347] Building C object zephyr/subsys/mgmt/ec_host_cmd/backends/CMakeFiles/subsys__mgmt__ec_host_cmd__backends.dir/ec_host_cmd_backend_shi_ite.c.obj
[anraggar:ro] [223/400] Building C object modules/ec/zephyr/CMakeFiles/ec_shim.dir/shim/src/tasks.c.obj
[anraggar:ro] [224/400] Building C object modules/ec/zephyr/CMakeFiles/ec_shim.dir/shim/src/watchdog.c.obj
[luuke:ro] [129/347] Building C object zephyr/subsys/crc/CMakeFiles/subsys__crc.dir/crc8_sw.c.obj
[luuke:ro] [130/347] Building C object zephyr/subsys/crc/CMakeFiles/subsys__crc.dir/crc16_sw.c.obj
[luuke:ro] [131/347] Linking C static library zephyr/subsys/mgmt/ec_host_cmd/backends/libsubsys__mgmt__ec_host_cmd__backends.a
[anraggar:rw] [216/400] Building C object modules/ec/zephyr/CMakeFiles/ec_shim.dir/shim/src/mkbp_event.c.obj
[luuke:ro] [132/347] Building C object zephyr/subsys/crc/CMakeFiles/subsys__crc.dir/crc24_sw.c.obj
[luuke:ro] [133/347] Building C object zephyr/subsys/crc/CMakeFiles/subsys__crc.dir/crc7_sw.c.obj
[luuke:ro] [134/347] Building C object zephyr/subsys/crc/CMakeFiles/subsys__crc.dir/crc32c_sw.c.obj
[anraggar:ro] [225/400] Building C object modules/ec/zephyr/CMakeFiles/ec_shim.dir/shim/src/ppc.c.obj
[anraggar:ro] [226/400] cd /mnt/host/source/src/platform/ec/build/zephyr/anraggar/build-ro/modules/ec/zephyr && PYTHONPATH=/mnt/host/source/src/platform/ec/build/zephyr/anraggar/modules/ec/zephyr/zmake/ /usr/bin/python3.11 /mnt/host/source/src/platform/ec/build/zephyr/anraggar/modules/ec/zephyr/zmake/zephyr_build_tools/generate_ec_version.py /mnt/host/source/src/platform/ec/build/zephyr/anraggar/build-ro/modules/ec/zephyr/include/ec_version.h --name Zephyr-Kernel --version 16543.0.0 --static
[anraggar:ro] INFO:root:Using a static version string
[luuke:ro] [135/347] Building C object zephyr/subsys/crc/CMakeFiles/subsys__crc.dir/crc32_sw.c.obj
[luuke:ro] [136/347] Building C object zephyr/subsys/crc/CMakeFiles/subsys__crc.dir/crc32k_4_2_sw.c.obj
[anraggar:ro] INFO:root:Version string: Zephyr-Kernel-16543.0.0
[anraggar:ro] INFO:root:Writing header to /mnt/host/source/src/platform/ec/build/zephyr/anraggar/build-ro/modules/ec/zephyr/include/ec_version.h
[anraggar:ro] [227/400] Building C object modules/ec/zephyr/CMakeFiles/ec_shim.dir/shim/src/usba.c.obj
[anraggar:rw] [217/400] Building C object modules/ec/zephyr/CMakeFiles/ec_shim.dir/shim/src/panic.c.obj
[anraggar:rw] [218/400] Building C object modules/ec/zephyr/CMakeFiles/ec_shim.dir/shim/src/motionsense_sensors.c.obj
[luuke:rw] [97/347] Building C object CMakeFiles/app.dir/mnt/host/source/src/platform/ec/build/zephyr/luuke/modules/ec/common/math_util.c.obj
[luuke:ro] [137/347] Linking C static library zephyr/subsys/crc/libsubsys__crc.a
[luuke:rw] [98/347] Building C object CMakeFiles/app.dir/mnt/host/source/src/platform/ec/build/zephyr/luuke/modules/ec/zephyr/program/skywalker/src/i2c.c.obj
[luuke:rw] [99/347] Building C object CMakeFiles/app.dir/mnt/host/source/src/platform/ec/build/zephyr/luuke/modules/ec/zephyr/program/skywalker/src/hibernate.c.obj
[anraggar:rw] [219/400] Building C object modules/ec/zephyr/CMakeFiles/ec_shim.dir/shim/src/thermal.c.obj
[anraggar:ro] [228/400] Building C object modules/ec/zephyr/CMakeFiles/ec_shim.dir/shim/src/usb_muxes.c.obj
[luuke:rw] [100/347] Building C object CMakeFiles/app.dir/mnt/host/source/src/platform/ec/build/zephyr/luuke/modules/ec/zephyr/program/skywalker/src/hooks.c.obj
[luuke:ro] [138/347] Building C object zephyr/drivers/interrupt_controller/CMakeFiles/drivers__interrupt_controller.dir/intc_ite_it8xxx2_v2.c.obj
[anraggar:ro] [229/400] Building C object modules/ec/zephyr/CMakeFiles/ec_shim.dir/shim/src/power_host_sleep_api.c.obj
[anraggar:rw] [220/400] Building C object modules/ec/zephyr/CMakeFiles/ec_shim.dir/shim/src/temp_sensors.c.obj
[anraggar:rw] [221/400] Building C object modules/ec/zephyr/CMakeFiles/ec_shim.dir/shim/src/hwtimer.c.obj
[anraggar:ro] [230/400] Building C object CMakeFiles/app.dir/mnt/host/source/src/platform/ec/zephyr/subsys/ap_pwrseq/ap_events.c.obj
[luuke:ro] [139/347] Building C object zephyr/drivers/interrupt_controller/CMakeFiles/drivers__interrupt_controller.dir/wuc_ite_it8xxx2.c.obj
[luuke:ro] [140/347] Linking C static library zephyr/drivers/interrupt_controller/libdrivers__interrupt_controller.a
[/mnt/host/source/src/platform/ec/build/zephyr/glassway-lcov]   /mnt/host/source/src/platform/ec/build/zephyr/glassway/build-ro/CMakeFiles/app.dir/mnt/host/source/src/platform/ec/build/zephyr/glassway/modules/ec/common/chargen.c.gcno:no functions found
[/mnt/host/source/src/platform/ec/build/zephyr/glassway-lcov] stderr:
[anraggar:ro] [231/400] Building C object CMakeFiles/app.dir/mnt/host/source/src/platform/ec/zephyr/subsys/ap_pwrseq/ap_power_interface.c.obj
[luuke:ro] [141/347] Building C object zephyr/drivers/adc/CMakeFiles/drivers__adc.dir/adc_common.c.obj
[luuke:rw] [101/347] Building C object CMakeFiles/app.dir/mnt/host/source/src/platform/ec/build/zephyr/luuke/modules/ec/zephyr/program/skywalker/src/backlight.c.obj
[anraggar:rw] [222/400] Building C object modules/ec/zephyr/CMakeFiles/ec_shim.dir/shim/src/i2c.c.obj
[luuke:rw] [102/347] Building C object zephyr/CMakeFiles/zephyr.dir/lib/libc/validate_libc.c.obj
[luuke:rw] [103/347] Building C object CMakeFiles/app.dir/mnt/host/source/src/platform/ec/build/zephyr/luuke/modules/ec/zephyr/program/skywalker/src/dp_alt_mode.c.obj
[luuke:rw] [104/347] Building C object CMakeFiles/app.dir/luuke/src/sensor.c.obj
[anraggar:ro] [232/400] Building C object CMakeFiles/app.dir/mnt/host/source/src/platform/ec/zephyr/subsys/ap_pwrseq/power_signals.c.obj
[anraggar:ro] [233/400] Building C object CMakeFiles/app.dir/mnt/host/source/src/platform/ec/zephyr/subsys/ap_pwrseq/signal_gpio.c.obj
[anraggar:rw] [223/400] Building C object modules/ec/zephyr/CMakeFiles/ec_shim.dir/shim/src/tasks.c.obj
[anraggar:rw] [224/400] Building C object modules/ec/zephyr/CMakeFiles/ec_shim.dir/shim/src/watchdog.c.obj
[anraggar:rw] [225/400] Building C object modules/ec/zephyr/CMakeFiles/ec_shim.dir/shim/src/ppc.c.obj
[luuke:ro] [142/347] Building C object zephyr/drivers/bbram/CMakeFiles/drivers__bbram.dir/bbram_it8xxx2.c.obj
[luuke:ro] [143/347] Building C object zephyr/drivers/console/CMakeFiles/drivers__console.dir/uart_console.c.obj
[luuke:ro] [144/347] Building C object zephyr/drivers/adc/CMakeFiles/drivers__adc.dir/adc_ite_it8xxx2.c.obj
[luuke:ro] [145/347] Linking C static library zephyr/drivers/console/libdrivers__console.a
[anraggar:ro] [234/400] Building C object CMakeFiles/app.dir/mnt/host/source/src/platform/ec/zephyr/subsys/ap_pwrseq/signal_vw.c.obj
[anraggar:rw] [226/400] cd /mnt/host/source/src/platform/ec/build/zephyr/anraggar/build-rw/modules/ec/zephyr && PYTHONPATH=/mnt/host/source/src/platform/ec/build/zephyr/anraggar/modules/ec/zephyr/zmake/ /usr/bin/python3.11 /mnt/host/source/src/platform/ec/build/zephyr/anraggar/modules/ec/zephyr/zmake/zephyr_build_tools/generate_ec_version.py /mnt/host/source/src/platform/ec/build/zephyr/anraggar/build-rw/modules/ec/zephyr/include/ec_version.h --name Zephyr-Kernel --version 16543.0.0 --static
[anraggar:rw] INFO:root:Using a static version string
[luuke:rw] [105/347] Linking C static library app/libapp.a
[luuke:ro] [146/347] Linking C static library zephyr/drivers/bbram/libdrivers__bbram.a
[anraggar:ro] [235/400] Building C object CMakeFiles/app.dir/mnt/host/source/src/platform/ec/zephyr/subsys/ap_pwrseq/signal_adc.c.obj
[luuke:ro] [147/347] Linking C static library zephyr/drivers/adc/libdrivers__adc.a
[luuke:rw] [106/347] Building C object zephyr/CMakeFiles/zephyr.dir/lib/heap/heap.c.obj
[anraggar:rw] INFO:root:Version string: Zephyr-Kernel-16543.0.0
[anraggar:rw] INFO:root:Writing header to /mnt/host/source/src/platform/ec/build/zephyr/anraggar/build-rw/modules/ec/zephyr/include/ec_version.h
[anraggar:rw] [227/400] Building C object modules/ec/zephyr/CMakeFiles/ec_shim.dir/shim/src/usba.c.obj
[luuke:rw] [107/347] Building C object zephyr/CMakeFiles/zephyr.dir/lib/os/cbprintf_packaged.c.obj
[luuke:rw] [108/347] Building C object zephyr/CMakeFiles/zephyr.dir/lib/os/clock.c.obj
[anraggar:ro] [236/400] Building C object CMakeFiles/app.dir/mnt/host/source/src/platform/ec/zephyr/subsys/ap_pwrseq/power_host_sleep.c.obj
[anraggar:rw] [228/400] Building C object CMakeFiles/app.dir/mnt/host/source/src/platform/ec/zephyr/subsys/ap_pwrseq/ap_events.c.obj
[luuke:ro] [148/347] Building C object zephyr/drivers/crypto/CMakeFiles/drivers__crypto.dir/crypto_it8xxx2_sha_v2.c.obj
[anraggar:rw] [229/400] Building C object modules/ec/zephyr/CMakeFiles/ec_shim.dir/shim/src/power_host_sleep_api.c.obj
[luuke:ro] [149/347] Linking C static library zephyr/drivers/crypto/libdrivers__crypto.a
[luuke:rw] [109/347] Building C object zephyr/CMakeFiles/zephyr.dir/lib/os/printk.c.obj
[anraggar:rw] [230/400] Building C object modules/ec/zephyr/CMakeFiles/ec_shim.dir/shim/src/usb_muxes.c.obj
[anraggar:ro] [237/400] Building C object CMakeFiles/app.dir/mnt/host/source/src/platform/ec/zephyr/subsys/ap_pwrseq/x86_non_dsx_common_pwrseq_sm_handler.c.obj
[luuke:ro] [150/347] Building C object zephyr/drivers/flash/CMakeFiles/drivers__flash.dir/flash_ite_it8xxx2.c.obj
[luuke:rw] [110/347] Building C object zephyr/CMakeFiles/zephyr.dir/lib/os/sem.c.obj
[anraggar:ro] [238/400] Building C object CMakeFiles/app.dir/mnt/host/source/src/platform/ec/zephyr/subsys/ap_pwrseq/x86_non_dsx_chipset_power_state.c.obj
[luuke:ro] [151/347] Linking C static library zephyr/drivers/flash/libdrivers__flash.a
[anraggar:ro] [239/400] Building C object CMakeFiles/app.dir/mnt/host/source/src/platform/ec/zephyr/subsys/ap_pwrseq/x86_non_dsx_common_pwrseq_host_sleep.c.obj
[luuke:rw] [111/347] Building C object zephyr/CMakeFiles/zephyr.dir/lib/os/thread_entry.c.obj
[luuke:rw] [112/347] Building C object zephyr/CMakeFiles/zephyr.dir/lib/os/cbprintf_nano.c.obj
[anraggar:rw] [231/400] Building C object CMakeFiles/app.dir/mnt/host/source/src/platform/ec/zephyr/subsys/ap_pwrseq/ap_power_interface.c.obj
[luuke:rw] [113/347] Building C object zephyr/CMakeFiles/zephyr.dir/lib/os/cbprintf.c.obj
[luuke:rw] [114/347] Building C object zephyr/CMakeFiles/zephyr.dir/lib/utils/dec.c.obj
[anraggar:rw] [232/400] Building C object CMakeFiles/app.dir/mnt/host/source/src/platform/ec/zephyr/subsys/ap_pwrseq/power_signals.c.obj
[luuke:ro] [152/347] Building C object zephyr/drivers/gpio/CMakeFiles/drivers__gpio.dir/gpio_ite_it8xxx2_v2.c.obj
[luuke:rw] [115/347] Building C object zephyr/CMakeFiles/zephyr.dir/lib/utils/hex.c.obj
[luuke:ro] [153/347] Building C object zephyr/drivers/i2c/CMakeFiles/drivers__i2c.dir/i2c_bitbang.c.obj
[luuke:rw] [116/347] Building C object zephyr/CMakeFiles/zephyr.dir/lib/os/assert.c.obj
[luuke:ro] [154/347] Building C object zephyr/drivers/i2c/CMakeFiles/drivers__i2c.dir/i2c_common.c.obj
[anraggar:rw] [233/400] Building C object CMakeFiles/app.dir/mnt/host/source/src/platform/ec/zephyr/subsys/ap_pwrseq/signal_gpio.c.obj
[luuke:ro] [155/347] Linking C static library zephyr/drivers/gpio/libdrivers__gpio.a
[anraggar:ro] [240/400] Building C object CMakeFiles/app.dir/mnt/host/source/src/platform/ec/zephyr/subsys/ap_pwrseq/x86_non_dsx_common_pwrseq_console.c.obj
[anraggar:rw] [234/400] Building C object CMakeFiles/app.dir/mnt/host/source/src/platform/ec/zephyr/subsys/ap_pwrseq/signal_vw.c.obj
[anraggar:ro] [241/400] Building C object CMakeFiles/app.dir/mnt/host/source/src/platform/ec/zephyr/subsys/ap_pwrseq/x86_non_dsx_common_pwrseq_host_command.c.obj
[anraggar:ro] [242/400] Building C object CMakeFiles/app.dir/mnt/host/source/src/platform/ec/zephyr/subsys/ap_pwrseq/x86_non_dsx_adlp_pwrseq_sm.c.obj
[luuke:rw] [117/347] Building C object zephyr/CMakeFiles/zephyr.dir/lib/utils/bitmask.c.obj
[anraggar:ro] [243/400] Building C object CMakeFiles/app.dir/mnt/host/source/src/platform/ec/zephyr/subsys/ap_pwrseq/ap_reset_log.c.obj
[luuke:rw] [118/347] Building C object zephyr/CMakeFiles/zephyr.dir/lib/utils/timeutil.c.obj
[luuke:rw] [119/347] Building C object zephyr/CMakeFiles/zephyr.dir/lib/utils/rb.c.obj
[anraggar:rw] [235/400] Building C object CMakeFiles/app.dir/mnt/host/source/src/platform/ec/zephyr/subsys/ap_pwrseq/signal_adc.c.obj
[luuke:ro] [156/347] Building C object zephyr/drivers/pinctrl/CMakeFiles/drivers__pinctrl.dir/common.c.obj
[luuke:rw] [120/347] Building C object zephyr/CMakeFiles/zephyr.dir/lib/utils/bitarray.c.obj
[anraggar:ro] [244/400] Building C object CMakeFiles/app.dir/mnt/host/source/src/platform/ec/build/zephyr/anraggar/modules/ec/builtin/stdlib.c.obj
[luuke:ro] [157/347] Building C object zephyr/drivers/i2c/CMakeFiles/drivers__i2c.dir/i2c_shell.c.obj
[anraggar:rw] [236/400] Building C object CMakeFiles/app.dir/mnt/host/source/src/platform/ec/zephyr/subsys/ap_pwrseq/power_host_sleep.c.obj
[luuke:rw] [121/347] Building C object zephyr/CMakeFiles/zephyr.dir/lib/utils/ring_buffer.c.obj
[luuke:rw] [122/347] Building C object zephyr/CMakeFiles/zephyr.dir/lib/utils/last_section_id.c.obj
[anraggar:ro] [245/400] Building C object CMakeFiles/app.dir/mnt/host/source/src/platform/ec/build/zephyr/anraggar/modules/ec/common/base32.c.obj
[anraggar:rw] [237/400] Building C object CMakeFiles/app.dir/mnt/host/source/src/platform/ec/zephyr/subsys/ap_pwrseq/x86_non_dsx_chipset_power_state.c.obj
[luuke:rw] [123/347] Building C object zephyr/CMakeFiles/zephyr.dir/lib/utils/getopt/getopt.c.obj
[luuke:rw] [124/347] Building C object zephyr/CMakeFiles/zephyr.dir/lib/utils/getopt/getopt_common.c.obj
[anraggar:rw] [238/400] Building C object CMakeFiles/app.dir/mnt/host/source/src/platform/ec/zephyr/subsys/ap_pwrseq/x86_non_dsx_common_pwrseq_sm_handler.c.obj
[anraggar:ro] [246/400] Building C object CMakeFiles/app.dir/mnt/host/source/src/platform/ec/build/zephyr/anraggar/modules/ec/common/console_output.c.obj
[luuke:ro] [158/347] Building C object zephyr/drivers/i2c/CMakeFiles/drivers__i2c.dir/i2c_ite_enhance.c.obj
[luuke:ro] [159/347] Linking C static library zephyr/drivers/i2c/libdrivers__i2c.a
[anraggar:ro] [247/400] Building C object CMakeFiles/app.dir/mnt/host/source/src/platform/ec/build/zephyr/anraggar/modules/ec/common/ec_features.c.obj
[luuke:rw] [125/347] Building ASM object zephyr/CMakeFiles/zephyr.dir/soc/ite/ec/common/soc_irq.S.obj
[luuke:rw] [126/347] Building C object zephyr/CMakeFiles/zephyr.dir/misc/generated/configs.c.obj
[anraggar:rw] [239/400] Building C object CMakeFiles/app.dir/mnt/host/source/src/platform/ec/zephyr/subsys/ap_pwrseq/x86_non_dsx_common_pwrseq_host_sleep.c.obj
[luuke:ro] [160/347] Building C object zephyr/drivers/pwm/CMakeFiles/drivers__pwm.dir/pwm_shell.c.obj
[luuke:ro] [161/347] Building C object zephyr/drivers/pinctrl/CMakeFiles/drivers__pinctrl.dir/pinctrl_ite_it8xxx2.c.obj
[luuke:rw] [127/347] Building C object zephyr/CMakeFiles/zephyr.dir/soc/ite/ec/common/power.c.obj
[anraggar:ro] [248/400] Building C object CMakeFiles/app.dir/mnt/host/source/src/platform/ec/build/zephyr/anraggar/modules/ec/common/gpio_commands.c.obj
[luuke:rw] [128/347] Building C object zephyr/CMakeFiles/zephyr.dir/soc/ite/ec/common/soc_common_irq.c.obj
[luuke:ro] [162/347] Linking C static library zephyr/drivers/pinctrl/libdrivers__pinctrl.a
[anraggar:rw] [240/400] Building C object CMakeFiles/app.dir/mnt/host/source/src/platform/ec/zephyr/subsys/ap_pwrseq/x86_non_dsx_common_pwrseq_console.c.obj
[anraggar:rw] [241/400] Building C object CMakeFiles/app.dir/mnt/host/source/src/platform/ec/zephyr/subsys/ap_pwrseq/x86_non_dsx_common_pwrseq_host_command.c.obj
[luuke:rw] [129/347] Building C object zephyr/CMakeFiles/zephyr.dir/soc/ite/ec/common/policy.c.obj
[anraggar:ro] [249/400] Building C object CMakeFiles/app.dir/mnt/host/source/src/platform/ec/build/zephyr/anraggar/modules/ec/common/peripheral.c.obj
[luuke:rw] [130/347] Building ASM object zephyr/CMakeFiles/zephyr.dir/soc/ite/ec/it8xxx2/vector.S.obj
[anraggar:rw] [242/400] Building C object CMakeFiles/app.dir/mnt/host/source/src/platform/ec/zephyr/subsys/ap_pwrseq/x86_non_dsx_adlp_pwrseq_sm.c.obj
[anraggar:ro] [250/400] Building C object CMakeFiles/app.dir/mnt/host/source/src/platform/ec/build/zephyr/anraggar/modules/ec/common/printf.c.obj
[luuke:ro] [163/347] Building C object zephyr/drivers/pwm/CMakeFiles/drivers__pwm.dir/pwm_ite_it8xxx2.c.obj
[luuke:ro] [164/347] Linking C static library zephyr/drivers/pwm/libdrivers__pwm.a
[anraggar:ro] [251/400] Building C object CMakeFiles/app.dir/mnt/host/source/src/platform/ec/build/zephyr/anraggar/modules/ec/common/queue.c.obj
[luuke:rw] [131/347] Building C object zephyr/CMakeFiles/zephyr.dir/soc/ite/ec/it8xxx2/soc.c.obj
[luuke:rw] [132/347] Building C object zephyr/CMakeFiles/zephyr.dir/soc/ite/ec/it8xxx2/check_regs.c.obj
[luuke:ro] [165/347] Building C object zephyr/drivers/syscon/CMakeFiles/drivers__syscon.dir/mnt/host/source/src/third_party/zephyr/main/misc/empty_file.c.obj
[luuke:ro] [166/347] Linking C static library zephyr/drivers/syscon/libdrivers__syscon.a
[luuke:ro] [167/347] Building C object zephyr/drivers/serial/CMakeFiles/drivers__serial.dir/uart_ite_it8xxx2.c.obj
[anraggar:rw] [243/400] Building C object CMakeFiles/app.dir/mnt/host/source/src/platform/ec/zephyr/subsys/ap_pwrseq/ap_reset_log.c.obj
[luuke:ro] [168/347] Building C object zephyr/drivers/serial/CMakeFiles/drivers__serial.dir/uart_ns16550.c.obj
[anraggar:rw] [244/400] Building C object CMakeFiles/app.dir/mnt/host/source/src/platform/ec/build/zephyr/anraggar/modules/ec/builtin/stdlib.c.obj
[anraggar:rw] [245/400] Building C object CMakeFiles/app.dir/mnt/host/source/src/platform/ec/build/zephyr/anraggar/modules/ec/common/base32.c.obj
[luuke:rw] [133/347] Building C object zephyr/CMakeFiles/zephyr.dir/soc/ite/ec/it8xxx2/ilm.c.obj
[anraggar:ro] [252/400] Building C object CMakeFiles/app.dir/mnt/host/source/src/platform/ec/build/zephyr/anraggar/modules/ec/common/system.c.obj
[luuke:ro] [169/347] Linking C static library zephyr/drivers/serial/libdrivers__serial.a
[anraggar:ro] [253/400] Building C object CMakeFiles/app.dir/mnt/host/source/src/platform/ec/build/zephyr/anraggar/modules/ec/common/system_boot_time.c.obj
[luuke:rw] [134/347] Building C object zephyr/CMakeFiles/zephyr.dir/subsys/pm/state.c.obj
[luuke:rw] [135/347] Building C object zephyr/CMakeFiles/zephyr.dir/subsys/logging/log_minimal.c.obj
[anraggar:rw] [246/400] Building C object CMakeFiles/app.dir/mnt/host/source/src/platform/ec/build/zephyr/anraggar/modules/ec/common/console_output.c.obj
[luuke:rw] [136/347] Building C object zephyr/CMakeFiles/zephyr.dir/subsys/pm/pm.c.obj
[anraggar:ro] [254/400] Building C object CMakeFiles/app.dir/mnt/host/source/src/platform/ec/build/zephyr/anraggar/modules/ec/common/uart_printf.c.obj
[anraggar:ro] [255/400] Building C object CMakeFiles/app.dir/mnt/host/source/src/platform/ec/build/zephyr/anraggar/modules/ec/common/util.c.obj
[luuke:ro] [170/347] Building C object zephyr/drivers/timer/CMakeFiles/drivers__timer.dir/sys_clock_init.c.obj
[luuke:ro] [171/347] Building C object zephyr/drivers/timer/CMakeFiles/drivers__timer.dir/ite_it8xxx2_timer.c.obj
[anraggar:rw] [247/400] Building C object CMakeFiles/app.dir/mnt/host/source/src/platform/ec/build/zephyr/anraggar/modules/ec/common/ec_features.c.obj
[luuke:ro] [172/347] Linking C static library zephyr/drivers/timer/libdrivers__timer.a
[luuke:rw] [137/347] Building C object zephyr/CMakeFiles/zephyr.dir/subsys/pm/policy/policy_events.c.obj
[luuke:rw] [138/347] Building C object zephyr/CMakeFiles/zephyr.dir/subsys/pm/policy/policy_latency.c.obj
[luuke:ro] [173/347] Building C object zephyr/drivers/watchdog/CMakeFiles/drivers__watchdog.dir/wdt_ite_it8xxx2.c.obj
[anraggar:rw] [248/400] Building C object CMakeFiles/app.dir/mnt/host/source/src/platform/ec/build/zephyr/anraggar/modules/ec/common/peripheral.c.obj
[luuke:rw] [139/347] Building C object zephyr/CMakeFiles/zephyr.dir/subsys/pm/policy/policy_state_lock.c.obj
[anraggar:rw] [249/400] Building C object CMakeFiles/app.dir/mnt/host/source/src/platform/ec/build/zephyr/anraggar/modules/ec/common/gpio_commands.c.obj
[anraggar:ro] [256/400] Building C object CMakeFiles/app.dir/mnt/host/source/src/platform/ec/build/zephyr/anraggar/modules/ec/common/version.c.obj
[anraggar:ro] [257/400] Building C object CMakeFiles/app.dir/mnt/host/source/src/platform/ec/build/zephyr/anraggar/modules/ec/common/power_button_x86.c.obj
[luuke:rw] [140/347] Building C object zephyr/CMakeFiles/zephyr.dir/subsys/pm/device.c.obj
[luuke:ro] [174/347] Building C object zephyr/drivers/watchdog/CMakeFiles/drivers__watchdog.dir/wdt_shell.c.obj
[luuke:ro] [175/347] Linking C static library zephyr/drivers/watchdog/libdrivers__watchdog.a
[/mnt/host/source/src/platform/ec/build/zephyr/glassway-lcov]   /mnt/host/source/src/platform/ec/build/zephyr/glassway/build-ro/CMakeFiles/app.dir/mnt/host/source/src/platform/ec/build/zephyr/glassway/modules/ec/common/cbi_config.c.gcno:no functions found
[/mnt/host/source/src/platform/ec/build/zephyr/glassway-lcov] stderr:
[anraggar:rw] [250/400] Building C object CMakeFiles/app.dir/mnt/host/source/src/platform/ec/build/zephyr/anraggar/modules/ec/common/printf.c.obj
[anraggar:rw] [251/400] Building C object CMakeFiles/app.dir/mnt/host/source/src/platform/ec/build/zephyr/anraggar/modules/ec/common/queue.c.obj
[anraggar:ro] [258/400] Building C object CMakeFiles/app.dir/mnt/host/source/src/platform/ec/build/zephyr/anraggar/modules/ec/driver/accel_lis2dw12.c.obj
[anraggar:ro] [259/400] Building C object CMakeFiles/app.dir/mnt/host/source/src/platform/ec/build/zephyr/anraggar/modules/ec/driver/accel_bma4xx.c.obj
[luuke:rw] [141/347] Building C object zephyr/CMakeFiles/zephyr.dir/subsys/pm/device_system_managed.c.obj
[luuke:rw] [142/347] Building C object zephyr/CMakeFiles/zephyr.dir/subsys/tracing/tracing_none.c.obj
[luuke:rw] [143/347] Building C object zephyr/CMakeFiles/zephyr.dir/subsys/testsuite/coverage/coverage.c.obj
[luuke:ro] [176/347] Building C object modules/ec/zephyr/CMakeFiles/ec_shim.dir/app/ec/main_shim.c.obj
[luuke:ro] [177/347] Building C object modules/ec/zephyr/CMakeFiles/ec_shim.dir/app/ec/ec_app_main.c.obj
[luuke:rw] [144/347] Building C object zephyr/CMakeFiles/zephyr.dir/subsys/shell/modules/kernel_service/kernel_shell.c.obj
[anraggar:ro] [260/400] Building C object CMakeFiles/app.dir/mnt/host/source/src/platform/ec/build/zephyr/anraggar/modules/ec/driver/accelgyro_bmi_common.c.obj
[anraggar:rw] [252/400] Building C object CMakeFiles/app.dir/mnt/host/source/src/platform/ec/build/zephyr/anraggar/modules/ec/common/system.c.obj
[anraggar:rw] [253/400] Building C object CMakeFiles/app.dir/mnt/host/source/src/platform/ec/build/zephyr/anraggar/modules/ec/common/system_boot_time.c.obj
[anraggar:ro] [261/400] Building C object CMakeFiles/app.dir/mnt/host/source/src/platform/ec/build/zephyr/anraggar/modules/ec/driver/accelgyro_bmi3xx.c.obj
[luuke:rw] [145/347] Building C object zephyr/CMakeFiles/zephyr.dir/subsys/shell/modules/kernel_service/sleep.c.obj
[luuke:rw] [146/347] Building C object zephyr/CMakeFiles/zephyr.dir/subsys/shell/modules/kernel_service/cycles.c.obj
[anraggar:rw] [254/400] Building C object CMakeFiles/app.dir/mnt/host/source/src/platform/ec/build/zephyr/anraggar/modules/ec/common/uart_printf.c.obj
[anraggar:rw] [255/400] Building C object CMakeFiles/app.dir/mnt/host/source/src/platform/ec/build/zephyr/anraggar/modules/ec/common/util.c.obj
[luuke:rw] [147/347] Building C object zephyr/CMakeFiles/zephyr.dir/subsys/shell/modules/kernel_service/uptime.c.obj
[anraggar:ro] [262/400] Building C object CMakeFiles/app.dir/mnt/host/source/src/platform/ec/build/zephyr/anraggar/modules/ec/driver/accelgyro_lsm6dsm.c.obj
[luuke:ro] [178/347] Building C object modules/ec/zephyr/CMakeFiles/ec_shim.dir/drivers/cros_flash/cros_flash_it8xxx2.c.obj
[luuke:rw] [148/347] Building C object zephyr/CMakeFiles/zephyr.dir/subsys/shell/modules/kernel_service/version.c.obj
[anraggar:ro] [263/400] Building C object CMakeFiles/app.dir/mnt/host/source/src/platform/ec/build/zephyr/anraggar/modules/ec/common/motion_sense_fifo.c.obj
[luuke:ro] [179/347] Building C object modules/ec/zephyr/CMakeFiles/ec_shim.dir/drivers/cros_kb_raw/cros_kb_raw_ite.c.obj
[luuke:ro] [180/347] Building C object modules/ec/zephyr/CMakeFiles/ec_shim.dir/drivers/cros_system/cros_system_it8xxx2.c.obj
[anraggar:rw] [256/400] Building C object CMakeFiles/app.dir/mnt/host/source/src/platform/ec/build/zephyr/anraggar/modules/ec/common/version.c.obj
[anraggar:ro] [264/400] Building C object CMakeFiles/app.dir/mnt/host/source/src/platform/ec/build/zephyr/anraggar/modules/ec/common/adc.c.obj
[/mnt/host/source/src/platform/ec/build/zephyr/glassway-lcov]   /mnt/host/source/src/platform/ec/build/zephyr/glassway/build-ro/zephyr/arch/arch/arm/core/mpu/CMakeFiles/arch__arm__core__mpu.dir/arm_mpu_regions.c.gcno:no functions found
[/mnt/host/source/src/platform/ec/build/zephyr/glassway-lcov] stderr:
[luuke:rw] [149/347] Building C object zephyr/CMakeFiles/zephyr.dir/subsys/shell/modules/kernel_service/thread/thread.c.obj
[anraggar:rw] [257/400] Building C object CMakeFiles/app.dir/mnt/host/source/src/platform/ec/build/zephyr/anraggar/modules/ec/common/power_button_x86.c.obj
[luuke:rw] [150/347] Building C object zephyr/CMakeFiles/zephyr.dir/subsys/shell/modules/kernel_service/thread/list.c.obj
[anraggar:ro] [265/400] Building C object CMakeFiles/app.dir/mnt/host/source/src/platform/ec/build/zephyr/anraggar/modules/ec/common/acpi.c.obj
[luuke:rw] [151/347] Building C object zephyr/CMakeFiles/zephyr.dir/subsys/shell/modules/kernel_service/thread/stacks.c.obj
[luuke:ro] [181/347] Building C object modules/ec/zephyr/CMakeFiles/ec_shim.dir/drivers/usbc/ucsi_v3.c.obj
[anraggar:ro] [266/400] Building C object CMakeFiles/app.dir/mnt/host/source/src/platform/ec/build/zephyr/anraggar/modules/ec/common/backlight_lid.c.obj
[luuke:rw] [152/347] Building C object zephyr/CMakeFiles/zephyr.dir/subsys/shell/modules/kernel_service/thread/unwind.c.obj
[anraggar:rw] [258/400] Building C object CMakeFiles/app.dir/mnt/host/source/src/platform/ec/build/zephyr/anraggar/modules/ec/driver/accel_lis2dw12.c.obj
[anraggar:rw] [259/400] Building C object CMakeFiles/app.dir/mnt/host/source/src/platform/ec/build/zephyr/anraggar/modules/ec/driver/accel_bma4xx.c.obj
[luuke:ro] [182/347] Building C object modules/ec/zephyr/CMakeFiles/ec_shim.dir/shim/chip/it8xxx2/clock.c.obj
[luuke:rw] [153/347] Building C object zephyr/CMakeFiles/zephyr.dir/subsys/shell/modules/kernel_service/thread/suspend.c.obj
[anraggar:ro] [267/400] Building C object CMakeFiles/app.dir/mnt/host/source/src/platform/ec/build/zephyr/anraggar/modules/ec/common/battery.c.obj
[anraggar:ro] [268/400] Building C object CMakeFiles/app.dir/mnt/host/source/src/platform/ec/build/zephyr/anraggar/modules/ec/common/battery_info.c.obj
[anraggar:rw] [260/400] Building C object CMakeFiles/app.dir/mnt/host/source/src/platform/ec/build/zephyr/anraggar/modules/ec/driver/accelgyro_bmi_common.c.obj
[luuke:rw] [154/347] Building C object zephyr/CMakeFiles/zephyr.dir/subsys/shell/modules/kernel_service/thread/resume.c.obj
[anraggar:rw] [261/400] Building C object CMakeFiles/app.dir/mnt/host/source/src/platform/ec/build/zephyr/anraggar/modules/ec/driver/accelgyro_bmi3xx.c.obj
[/mnt/host/source/src/platform/ec/build/zephyr/glassway-lcov]   /mnt/host/source/src/platform/ec/build/zephyr/glassway/build-ro/zephyr/arch/common/CMakeFiles/isr_tables.dir/isr_tables.c.gcno:no functions found
[/mnt/host/source/src/platform/ec/build/zephyr/glassway-lcov] stderr:
[luuke:rw] [155/347] Building C object zephyr/CMakeFiles/zephyr.dir/subsys/shell/modules/kernel_service/thread/kill.c.obj
[luuke:ro] [183/347] Building C object modules/ec/zephyr/CMakeFiles/ec_shim.dir/drivers/usbc/pdc_rts54xx.c.obj
[anraggar:ro] [269/400] Building C object CMakeFiles/app.dir/mnt/host/source/src/platform/ec/build/zephyr/anraggar/modules/ec/driver/battery/smart.c.obj
[anraggar:rw] [262/400] Building C object CMakeFiles/app.dir/mnt/host/source/src/platform/ec/build/zephyr/anraggar/modules/ec/common/motion_sense_fifo.c.obj
[anraggar:ro] [270/400] Building C object CMakeFiles/app.dir/mnt/host/source/src/platform/ec/build/zephyr/anraggar/modules/ec/common/battery_fuel_gauge.c.obj
[luuke:rw] [156/347] Building C object zephyr/CMakeFiles/zephyr.dir/subsys/shell/backends/shell_uart.c.obj
[luuke:ro] [184/347] Building C object modules/ec/zephyr/CMakeFiles/ec_shim.dir/shim/chip/it8xxx2/system.c.obj
[anraggar:rw] [263/400] Building C object CMakeFiles/app.dir/mnt/host/source/src/platform/ec/build/zephyr/anraggar/modules/ec/driver/accelgyro_lsm6dsm.c.obj
[luuke:ro] [185/347] Building C object modules/ec/zephyr/CMakeFiles/ec_shim.dir/shim/chip/it8xxx2/gpio.c.obj
[luuke:rw] [157/347] Building C object zephyr/CMakeFiles/zephyr.dir/subsys/shell/shell_fprintf.c.obj
[anraggar:ro] [271/400] Building C object CMakeFiles/app.dir/mnt/host/source/src/platform/ec/build/zephyr/anraggar/modules/ec/driver/charger/bq25710.c.obj
[anraggar:ro] [272/400] Building C object CMakeFiles/app.dir/mnt/host/source/src/platform/ec/build/zephyr/anraggar/modules/ec/common/charger.c.obj
[anraggar:rw] [264/400] Building C object CMakeFiles/app.dir/mnt/host/source/src/platform/ec/build/zephyr/anraggar/modules/ec/common/adc.c.obj
[luuke:rw] [158/347] Building C object zephyr/CMakeFiles/zephyr.dir/subsys/shell/shell.c.obj
[luuke:ro] [186/347] Building C object modules/ec/zephyr/CMakeFiles/ec_shim.dir/shim/chip/it8xxx2/keyboard_raw.c.obj
[luuke:rw] [159/347] Building C object zephyr/CMakeFiles/zephyr.dir/subsys/shell/shell_utils.c.obj
[anraggar:rw] [265/400] Building C object CMakeFiles/app.dir/mnt/host/source/src/platform/ec/build/zephyr/anraggar/modules/ec/common/acpi.c.obj
[anraggar:rw] [266/400] Building C object CMakeFiles/app.dir/mnt/host/source/src/platform/ec/build/zephyr/anraggar/modules/ec/common/backlight_lid.c.obj
[luuke:ro] [187/347] Building C object modules/ec/zephyr/CMakeFiles/ec_shim.dir/shim/chip/it8xxx2/power_policy.c.obj
[luuke:rw] [160/347] Building C object zephyr/CMakeFiles/zephyr.dir/subsys/shell/shell_ops.c.obj
[luuke:rw] [161/347] Building C object zephyr/CMakeFiles/zephyr.dir/subsys/shell/shell_help.c.obj
[luuke:ro] [188/347] Building C object modules/ec/zephyr/CMakeFiles/ec_shim.dir/shim/chip/it8xxx2/shi.c.obj
[anraggar:rw] [267/400] Building C object CMakeFiles/app.dir/mnt/host/source/src/platform/ec/build/zephyr/anraggar/modules/ec/common/battery.c.obj
[anraggar:ro] [273/400] Building C object CMakeFiles/app.dir/mnt/host/source/src/platform/ec/build/zephyr/anraggar/modules/ec/common/charge_state.c.obj
[anraggar:ro] [274/400] Building C object CMakeFiles/app.dir/mnt/host/source/src/platform/ec/build/zephyr/anraggar/modules/ec/common/charge_manager.c.obj
[luuke:ro] [189/347] Building C object modules/ec/zephyr/CMakeFiles/ec_shim.dir/shim/src/crc.c.obj
[anraggar:ro] [275/400] Building C object CMakeFiles/app.dir/mnt/host/source/src/platform/ec/build/zephyr/anraggar/modules/ec/common/cbi_common.c.obj
[luuke:rw] [162/347] Building C object zephyr/CMakeFiles/zephyr.dir/subsys/shell/shell_history.c.obj
[anraggar:ro] [276/400] Building C object CMakeFiles/app.dir/mnt/host/source/src/platform/ec/build/zephyr/anraggar/modules/ec/common/cbi.c.obj
[luuke:rw] [163/347] Building C object zephyr/CMakeFiles/zephyr.dir/drivers/flash/flash_util.c.obj
[luuke:ro] [190/347] Building C object modules/ec/zephyr/CMakeFiles/ec_shim.dir/shim/src/console.c.obj
[anraggar:rw] [268/400] Building C object CMakeFiles/app.dir/mnt/host/source/src/platform/ec/build/zephyr/anraggar/modules/ec/common/battery_info.c.obj
[luuke:rw] [164/347] Linking C static library zephyr/libzephyr.a
[luuke:rw] [165/347] Building C object zephyr/arch/common/CMakeFiles/arch__common.dir/dynamic_isr.c.obj
[luuke:rw] [166/347] Building C object zephyr/arch/common/CMakeFiles/arch__common.dir/sw_isr_common.c.obj
[anraggar:rw] [269/400] Building C object CMakeFiles/app.dir/mnt/host/source/src/platform/ec/build/zephyr/anraggar/modules/ec/common/battery_fuel_gauge.c.obj
[luuke:rw] [167/347] Building C object zephyr/arch/common/CMakeFiles/arch__common.dir/init.c.obj
[anraggar:rw] [270/400] Building C object CMakeFiles/app.dir/mnt/host/source/src/platform/ec/build/zephyr/anraggar/modules/ec/driver/battery/smart.c.obj
[anraggar:ro] [277/400] Building C object CMakeFiles/app.dir/mnt/host/source/src/platform/ec/build/zephyr/anraggar/modules/ec/common/cbi_config.c.obj
[anraggar:rw] [271/400] Building C object CMakeFiles/app.dir/mnt/host/source/src/platform/ec/build/zephyr/anraggar/modules/ec/driver/charger/bq25710.c.obj
[anraggar:ro] [278/400] Building C object CMakeFiles/app.dir/mnt/host/source/src/platform/ec/build/zephyr/anraggar/modules/ec/common/memory_commands.c.obj
[luuke:ro] [191/347] Building C object modules/ec/zephyr/CMakeFiles/ec_shim.dir/shim/src/gpio_int.c.obj
[anraggar:ro] [279/400] Building C object CMakeFiles/app.dir/mnt/host/source/src/platform/ec/build/zephyr/anraggar/modules/ec/common/ap_reset_log.c.obj
[luuke:ro] [192/347] Building C object modules/ec/zephyr/CMakeFiles/ec_shim.dir/shim/src/gpio.c.obj
[anraggar:ro] [280/400] Building C object CMakeFiles/app.dir/mnt/host/source/src/platform/ec/build/zephyr/anraggar/modules/ec/common/dptf.c.obj
[luuke:rw] [168/347] Building C object zephyr/arch/common/CMakeFiles/arch__common.dir/xip.c.obj
[luuke:rw] [169/347] Building C object zephyr/arch/common/CMakeFiles/isr_tables.dir/isr_tables.c.obj
[luuke:rw] [170/347] Building C object zephyr/arch/arch/riscv/core/CMakeFiles/arch__riscv__core.dir/cpu_idle.c.obj
[luuke:ro] [193/347] Building C object modules/ec/zephyr/CMakeFiles/ec_shim.dir/shim/src/panic_utils.c.obj
[luuke:rw] [171/347] Linking C static library zephyr/arch/common/libisr_tables.a
[luuke:rw] [172/347] Linking C static library zephyr/arch/common/libarch__common.a
[anraggar:rw] [272/400] Building C object CMakeFiles/app.dir/mnt/host/source/src/platform/ec/build/zephyr/anraggar/modules/ec/common/charger.c.obj
[luuke:rw] [173/347] Building C object zephyr/arch/arch/riscv/core/CMakeFiles/arch__riscv__core.dir/fatal.c.obj
[luuke:rw] [174/347] Building C object zephyr/arch/arch/riscv/core/CMakeFiles/arch__riscv__core.dir/prep_c.c.obj
[anraggar:rw] [273/400] Building C object CMakeFiles/app.dir/mnt/host/source/src/platform/ec/build/zephyr/anraggar/modules/ec/common/cbi_common.c.obj
[anraggar:ro] [281/400] Building C object CMakeFiles/app.dir/mnt/host/source/src/platform/ec/build/zephyr/anraggar/modules/ec/common/espi.c.obj
[anraggar:rw] [274/400] Building C object CMakeFiles/app.dir/mnt/host/source/src/platform/ec/build/zephyr/anraggar/modules/ec/common/charge_state.c.obj
[luuke:ro] [194/347] Building C object modules/ec/zephyr/CMakeFiles/ec_shim.dir/shim/src/pm_state.c.obj
[luuke:rw] [175/347] Building C object zephyr/arch/arch/riscv/core/CMakeFiles/arch__riscv__core.dir/irq_manage.c.obj
[anraggar:ro] [282/400] Building C object CMakeFiles/app.dir/mnt/host/source/src/platform/ec/build/zephyr/anraggar/modules/ec/common/extpower_gpio.c.obj
[luuke:ro] [195/347] Building C object modules/ec/zephyr/CMakeFiles/ec_shim.dir/shim/src/cbi/cros_cbi.c.obj
[anraggar:ro] [283/400] Building C object CMakeFiles/app.dir/mnt/host/source/src/platform/ec/build/zephyr/anraggar/modules/ec/common/extpower_common.c.obj
[anraggar:rw] [275/400] Building C object CMakeFiles/app.dir/mnt/host/source/src/platform/ec/build/zephyr/anraggar/modules/ec/common/charge_manager.c.obj
[luuke:rw] [176/347] Building C object zephyr/arch/arch/riscv/core/CMakeFiles/arch__riscv__core.dir/reboot.c.obj
[anraggar:ro] [284/400] Building C object CMakeFiles/app.dir/mnt/host/source/src/platform/ec/build/zephyr/anraggar/modules/ec/common/flash.c.obj
[luuke:ro] [196/347] Building C object modules/ec/zephyr/CMakeFiles/ec_shim.dir/shim/src/cbi/cbi_flash.c.obj
[anraggar:rw] [276/400] Building C object CMakeFiles/app.dir/mnt/host/source/src/platform/ec/build/zephyr/anraggar/modules/ec/common/cbi.c.obj
[luuke:rw] [177/347] Building ASM object zephyr/arch/arch/riscv/core/CMakeFiles/arch__riscv__core.dir/switch.S.obj
[luuke:rw] [178/347] Building ASM object zephyr/arch/arch/riscv/core/CMakeFiles/arch__riscv__core.dir/reset.S.obj
[luuke:rw] [179/347] Generating ../../../include/generated/libc/minimal/strerror_table.h
[anraggar:rw] [277/400] Building C object CMakeFiles/app.dir/mnt/host/source/src/platform/ec/build/zephyr/anraggar/modules/ec/common/cbi_config.c.obj
[/mnt/host/source/src/platform/ec/build/zephyr/glassway-lcov]   /mnt/host/source/src/platform/ec/build/zephyr/glassway/build-ro/zephyr/CMakeFiles/zephyr.dir/subsys/shell/modules/kernel_service/kernel_shell.c.gcno:no functions found
[/mnt/host/source/src/platform/ec/build/zephyr/glassway-lcov] stderr:
[luuke:rw] [180/347] Building C object zephyr/arch/arch/riscv/core/CMakeFiles/arch__riscv__core.dir/thread.c.obj
[luuke:rw] [181/347] Building C object zephyr/lib/libc/minimal/CMakeFiles/lib__libc__minimal.dir/source/stdlib/atoi.c.obj
[anraggar:ro] [285/400] Building C object CMakeFiles/app.dir/mnt/host/source/src/platform/ec/build/zephyr/anraggar/modules/ec/common/host_command.c.obj
[luuke:rw] [182/347] Building ASM object zephyr/arch/arch/riscv/core/CMakeFiles/arch__riscv__core.dir/isr.S.obj
[luuke:ro] [197/347] Building C object modules/ec/zephyr/CMakeFiles/ec_shim.dir/shim/src/led_driver/led_pwm.c.obj
[anraggar:rw] [278/400] Building C object CMakeFiles/app.dir/mnt/host/source/src/platform/ec/build/zephyr/anraggar/modules/ec/common/memory_commands.c.obj
[luuke:rw] [183/347] Building C object zephyr/lib/libc/minimal/CMakeFiles/lib__libc__minimal.dir/source/stdlib/strtol.c.obj
[anraggar:rw] [279/400] Building C object CMakeFiles/app.dir/mnt/host/source/src/platform/ec/build/zephyr/anraggar/modules/ec/common/dptf.c.obj
[anraggar:ro] [286/400] Building C object CMakeFiles/app.dir/mnt/host/source/src/platform/ec/build/zephyr/anraggar/modules/ec/common/host_event_commands.c.obj
[luuke:ro] [198/347] Building C object modules/ec/zephyr/CMakeFiles/ec_shim.dir/shim/src/led_driver/led.c.obj
[anraggar:ro] [287/400] Building C object CMakeFiles/app.dir/mnt/host/source/src/platform/ec/build/zephyr/anraggar/modules/ec/common/host_command_task.c.obj
[/mnt/host/source/src/platform/ec/build/zephyr/glassway-lcov]   /mnt/host/source/src/platform/ec/build/zephyr/glassway/build-ro/zephyr/CMakeFiles/zephyr.dir/lib/libc/validate_libc.c.gcno:no functions found
[/mnt/host/source/src/platform/ec/build/zephyr/glassway-lcov] stderr:
[anraggar:ro] [288/400] Building C object CMakeFiles/app.dir/mnt/host/source/src/platform/ec/build/zephyr/anraggar/modules/ec/common/uart_hostcmd.c.obj
[luuke:rw] [184/347] Building C object zephyr/lib/libc/minimal/CMakeFiles/lib__libc__minimal.dir/source/stdlib/strtoul.c.obj
[luuke:rw] [185/347] Building C object zephyr/lib/libc/minimal/CMakeFiles/lib__libc__minimal.dir/source/stdlib/strtoll.c.obj
[luuke:rw] [186/347] Building C object zephyr/lib/libc/minimal/CMakeFiles/lib__libc__minimal.dir/source/stdlib/bsearch.c.obj
[luuke:rw] [187/347] Building C object zephyr/arch/arch/riscv/core/CMakeFiles/arch__riscv__core.dir/stacktrace.c.obj
[luuke:rw] [188/347] Building C object zephyr/lib/libc/minimal/CMakeFiles/lib__libc__minimal.dir/source/stdlib/strtoull.c.obj
[luuke:ro] [199/347] Building C object modules/ec/zephyr/CMakeFiles/ec_shim.dir/shim/src/system.c.obj
[luuke:rw] [189/347] Linking C static library zephyr/arch/arch/riscv/core/libarch__riscv__core.a
[anraggar:rw] [280/400] Building C object CMakeFiles/app.dir/mnt/host/source/src/platform/ec/build/zephyr/anraggar/modules/ec/common/ap_reset_log.c.obj
[luuke:rw] [190/347] Building C object zephyr/lib/libc/minimal/CMakeFiles/lib__libc__minimal.dir/source/string/strncasecmp.c.obj
[luuke:rw] [191/347] Building C object zephyr/lib/libc/minimal/CMakeFiles/lib__libc__minimal.dir/source/string/strerror.c.obj
[anraggar:rw] [281/400] Building C object CMakeFiles/app.dir/mnt/host/source/src/platform/ec/build/zephyr/anraggar/modules/ec/common/espi.c.obj
[luuke:rw] [192/347] Building C object zephyr/lib/libc/minimal/CMakeFiles/lib__libc__minimal.dir/source/stdlib/qsort.c.obj
[luuke:rw] [193/347] Building C object zephyr/lib/libc/minimal/CMakeFiles/lib__libc__minimal.dir/source/string/strstr.c.obj
[luuke:rw] [194/347] Building C object zephyr/lib/libc/minimal/CMakeFiles/lib__libc__minimal.dir/source/string/string.c.obj
[luuke:rw] [195/347] Building C object zephyr/lib/libc/minimal/CMakeFiles/lib__libc__minimal.dir/source/string/strspn.c.obj
[anraggar:ro] [289/400] Building C object CMakeFiles/app.dir/mnt/host/source/src/platform/ec/build/zephyr/anraggar/modules/ec/common/uptime.c.obj
[luuke:rw] [196/347] Building C object zephyr/lib/libc/minimal/CMakeFiles/lib__libc__minimal.dir/source/stdlib/exit.c.obj
[anraggar:rw] [282/400] Building C object CMakeFiles/app.dir/mnt/host/source/src/platform/ec/build/zephyr/anraggar/modules/ec/common/extpower_common.c.obj
[anraggar:rw] [283/400] Building C object CMakeFiles/app.dir/mnt/host/source/src/platform/ec/build/zephyr/anraggar/modules/ec/common/extpower_gpio.c.obj
[luuke:ro] [200/347] Building C object modules/ec/zephyr/CMakeFiles/ec_shim.dir/shim/src/adc.c.obj
[luuke:ro] [201/347] Building C object modules/ec/zephyr/CMakeFiles/ec_shim.dir/shim/src/pdc_shim.c.obj
[luuke:ro] [202/347] Building C object modules/ec/zephyr/CMakeFiles/ec_shim.dir/shim/src/battery.c.obj
[anraggar:ro] [290/400] Building C object CMakeFiles/app.dir/mnt/host/source/src/platform/ec/build/zephyr/anraggar/modules/ec/common/i2c_controller.c.obj
[luuke:rw] [197/347] Building C object zephyr/lib/libc/minimal/CMakeFiles/lib__libc__minimal.dir/source/math/sqrtf.c.obj
[anraggar:ro] [291/400] Building C object CMakeFiles/app.dir/mnt/host/source/src/platform/ec/build/zephyr/anraggar/modules/ec/common/i2c_passthru.c.obj
[luuke:rw] [198/347] Building C object zephyr/lib/libc/minimal/CMakeFiles/lib__libc__minimal.dir/source/stdout/sprintf.c.obj
[anraggar:ro] [292/400] Building C object CMakeFiles/app.dir/mnt/host/source/src/platform/ec/build/zephyr/anraggar/modules/ec/common/keyboard_scan.c.obj
[luuke:rw] [199/347] Building C object zephyr/lib/libc/minimal/CMakeFiles/lib__libc__minimal.dir/source/math/sqrt.c.obj
[luuke:rw] [200/347] Building C object zephyr/lib/libc/minimal/CMakeFiles/lib__libc__minimal.dir/source/stdout/stdout_console.c.obj
[anraggar:rw] [284/400] Building C object CMakeFiles/app.dir/mnt/host/source/src/platform/ec/build/zephyr/anraggar/modules/ec/common/flash.c.obj
[anraggar:rw] [285/400] Building C object CMakeFiles/app.dir/mnt/host/source/src/platform/ec/build/zephyr/anraggar/modules/ec/common/host_command.c.obj
[luuke:rw] [201/347] Building C object zephyr/lib/libc/minimal/CMakeFiles/lib__libc__minimal.dir/source/stdout/fprintf.c.obj
[luuke:rw] [202/347] Building C object zephyr/lib/libc/common/CMakeFiles/lib__libc__common.dir/source/time/gmtime_r.c.obj
[luuke:ro] [203/347] Building C object modules/ec/zephyr/CMakeFiles/ec_shim.dir/shim/src/charger.c.obj
[luuke:rw] [203/347] Building C object zephyr/lib/libc/common/CMakeFiles/lib__libc__common.dir/source/time/asctime.c.obj
[anraggar:rw] [286/400] Building C object CMakeFiles/app.dir/mnt/host/source/src/platform/ec/build/zephyr/anraggar/modules/ec/common/host_command_task.c.obj
[/mnt/host/source/src/platform/ec/build/zephyr/glassway-lcov]   /mnt/host/source/src/platform/ec/build/zephyr/glassway/build-ro/zephyr/CMakeFiles/zephyr.dir/lib/utils/last_section_id.c.gcno:no functions found
[/mnt/host/source/src/platform/ec/build/zephyr/glassway-lcov] stderr:
[anraggar:ro] [293/400] Building C object CMakeFiles/app.dir/mnt/host/source/src/platform/ec/build/zephyr/anraggar/modules/ec/common/keyboard_8042.c.obj
[luuke:ro] [204/347] Building C object modules/ec/zephyr/CMakeFiles/ec_shim.dir/shim/src/flash.c.obj
[anraggar:rw] [287/400] Building C object CMakeFiles/app.dir/mnt/host/source/src/platform/ec/build/zephyr/anraggar/modules/ec/common/host_event_commands.c.obj
[anraggar:ro] [294/400] Building C object CMakeFiles/app.dir/mnt/host/source/src/platform/ec/build/zephyr/anraggar/modules/ec/common/keyboard_8042_sharedlib.c.obj
[luuke:rw] [204/347] Building C object zephyr/lib/libc/common/CMakeFiles/lib__libc__common.dir/source/time/localtime_r_utc.c.obj
[anraggar:ro] [295/400] Building C object CMakeFiles/app.dir/mnt/host/source/src/platform/ec/build/zephyr/anraggar/modules/ec/common/mkbp_fifo.c.obj
[luuke:ro] [205/347] Building C object modules/ec/zephyr/CMakeFiles/ec_shim.dir/shim/src/hooks.c.obj
[luuke:rw] [205/347] Building C object zephyr/lib/libc/minimal/CMakeFiles/lib__libc__minimal.dir/source/time/gmtime.c.obj
[luuke:rw] [206/347] Building C object zephyr/lib/libc/common/CMakeFiles/lib__libc__common.dir/source/time/ctime.c.obj
[luuke:rw] [207/347] Linking C static library zephyr/lib/libc/minimal/liblib__libc__minimal.a
[luuke:rw] [208/347] Building C object zephyr/lib/libc/common/CMakeFiles/lib__libc__common.dir/source/stdlib/abort.c.obj
[anraggar:rw] [288/400] Building C object CMakeFiles/app.dir/mnt/host/source/src/platform/ec/build/zephyr/anraggar/modules/ec/common/uart_hostcmd.c.obj
[anraggar:ro] [296/400] Building C object CMakeFiles/app.dir/mnt/host/source/src/platform/ec/build/zephyr/anraggar/modules/ec/common/mkbp_info.c.obj
[luuke:rw] [209/347] Building C object zephyr/lib/libc/common/CMakeFiles/lib__libc__common.dir/source/time/time.c.obj
[luuke:rw] [210/347] Building C object zephyr/lib/libc/common/CMakeFiles/lib__libc__common.dir/source/string/strnlen.c.obj
[luuke:rw] [211/347] Building C object zephyr/lib/posix/c_lib_ext/CMakeFiles/lib__posix__c_lib_ext.dir/fnmatch.c.obj
[luuke:ro] [206/347] Building C object modules/ec/zephyr/CMakeFiles/ec_shim.dir/shim/src/host_command.c.obj
[anraggar:rw] [289/400] Building C object CMakeFiles/app.dir/mnt/host/source/src/platform/ec/build/zephyr/anraggar/modules/ec/common/uptime.c.obj
[anraggar:ro] [297/400] Building C object CMakeFiles/app.dir/mnt/host/source/src/platform/ec/build/zephyr/anraggar/modules/ec/common/mkbp_input_devices.c.obj
[anraggar:rw] [290/400] Building C object CMakeFiles/app.dir/mnt/host/source/src/platform/ec/build/zephyr/anraggar/modules/ec/common/i2c_passthru.c.obj
[luuke:ro] [207/347] Building C object modules/ec/zephyr/CMakeFiles/ec_shim.dir/shim/src/console_buffer.c.obj
[anraggar:rw] [291/400] Building C object CMakeFiles/app.dir/mnt/host/source/src/platform/ec/build/zephyr/anraggar/modules/ec/common/i2c_controller.c.obj
[luuke:ro] [208/347] Building C object modules/ec/zephyr/CMakeFiles/ec_shim.dir/shim/src/keyboard_raw.c.obj
[luuke:rw] [212/347] Building C object zephyr/lib/libc/common/CMakeFiles/lib__libc__common.dir/source/stdlib/malloc.c.obj
[luuke:rw] [213/347] Building C object zephyr/lib/posix/c_lib_ext/CMakeFiles/lib__posix__c_lib_ext.dir/getopt_shim.c.obj
[anraggar:ro] [298/400] Building C object CMakeFiles/app.dir/mnt/host/source/src/platform/ec/build/zephyr/anraggar/modules/ec/common/motion_lid.c.obj
[anraggar:ro] [299/400] Building C object CMakeFiles/app.dir/mnt/host/source/src/platform/ec/build/zephyr/anraggar/modules/ec/common/led_common.c.obj
[luuke:rw] [214/347] Linking C static library zephyr/lib/libc/common/liblib__libc__common.a
[luuke:rw] [215/347] Building C object zephyr/lib/posix/c_lib_ext/CMakeFiles/lib__posix__c_lib_ext.dir/getentropy.c.obj
[luuke:rw] [216/347] Linking C static library zephyr/lib/posix/c_lib_ext/liblib__posix__c_lib_ext.a
[anraggar:ro] [300/400] Building C object CMakeFiles/app.dir/mnt/host/source/src/platform/ec/build/zephyr/anraggar/modules/ec/common/lid_angle.c.obj
[luuke:rw] [217/347] Building C object zephyr/lib/smf/CMakeFiles/lib__smf.dir/smf.c.obj
[anraggar:rw] [292/400] Building C object CMakeFiles/app.dir/mnt/host/source/src/platform/ec/build/zephyr/anraggar/modules/ec/common/keyboard_scan.c.obj
[luuke:ro] [209/347] Building C object modules/ec/zephyr/CMakeFiles/ec_shim.dir/shim/src/keyscan.c.obj
[luuke:rw] [218/347] Building C object zephyr/subsys/crc/CMakeFiles/subsys__crc.dir/crc4_sw.c.obj
[luuke:rw] [219/347] Linking C static library zephyr/lib/smf/liblib__smf.a
[luuke:rw] [220/347] Building C object zephyr/subsys/crc/CMakeFiles/subsys__crc.dir/crc16_sw.c.obj
[luuke:rw] [221/347] Building C object zephyr/subsys/crc/CMakeFiles/subsys__crc.dir/crc8_sw.c.obj
[luuke:ro] [210/347] Building C object modules/ec/zephyr/CMakeFiles/ec_shim.dir/shim/src/mkbp_event.c.obj
[anraggar:ro] [301/400] Building C object CMakeFiles/app.dir/mnt/host/source/src/platform/ec/build/zephyr/anraggar/modules/ec/common/lid_angle_keyboard_policy.c.obj
[anraggar:rw] [293/400] Building C object CMakeFiles/app.dir/mnt/host/source/src/platform/ec/build/zephyr/anraggar/modules/ec/common/keyboard_8042.c.obj
[luuke:rw] [222/347] Building C object zephyr/subsys/mgmt/ec_host_cmd/CMakeFiles/subsys__mgmt__ec_host_cmd.dir/ec_host_cmd_handler.c.obj
[luuke:rw] [223/347] Building C object zephyr/subsys/crc/CMakeFiles/subsys__crc.dir/crc7_sw.c.obj
[luuke:rw] [224/347] Building C object zephyr/subsys/crc/CMakeFiles/subsys__crc.dir/crc24_sw.c.obj
[luuke:rw] [225/347] Linking C static library zephyr/subsys/mgmt/ec_host_cmd/libsubsys__mgmt__ec_host_cmd.a
[anraggar:rw] [294/400] Building C object CMakeFiles/app.dir/mnt/host/source/src/platform/ec/build/zephyr/anraggar/modules/ec/common/mkbp_fifo.c.obj
[luuke:ro] [211/347] Building C object modules/ec/zephyr/CMakeFiles/ec_shim.dir/shim/src/motionsense_sensors.c.obj
[anraggar:rw] [295/400] Building C object CMakeFiles/app.dir/mnt/host/source/src/platform/ec/build/zephyr/anraggar/modules/ec/common/keyboard_8042_sharedlib.c.obj
[anraggar:ro] [302/400] Building C object CMakeFiles/app.dir/mnt/host/source/src/platform/ec/build/zephyr/anraggar/modules/ec/common/mkbp_event.c.obj
[luuke:rw] [226/347] Building C object zephyr/subsys/crc/CMakeFiles/subsys__crc.dir/crc32_sw.c.obj
[anraggar:ro] [303/400] Building C object CMakeFiles/app.dir/mnt/host/source/src/platform/ec/build/zephyr/anraggar/modules/ec/common/lid_switch.c.obj
[luuke:rw] [227/347] Building C object zephyr/subsys/crc/CMakeFiles/subsys__crc.dir/crc32c_sw.c.obj
[luuke:rw] [228/347] Building C object zephyr/subsys/crc/CMakeFiles/subsys__crc.dir/crc32k_4_2_sw.c.obj
[luuke:rw] [229/347] Building C object zephyr/subsys/mgmt/ec_host_cmd/backends/CMakeFiles/subsys__mgmt__ec_host_cmd__backends.dir/ec_host_cmd_backend_shi_ite.c.obj
[luuke:rw] [230/347] Linking C static library zephyr/subsys/crc/libsubsys__crc.a
[luuke:rw] [231/347] Linking C static library zephyr/subsys/mgmt/ec_host_cmd/backends/libsubsys__mgmt__ec_host_cmd__backends.a
[anraggar:ro] [304/400] Building C object CMakeFiles/app.dir/mnt/host/source/src/platform/ec/build/zephyr/anraggar/modules/ec/common/motion_sense.c.obj
[anraggar:rw] [296/400] Building C object CMakeFiles/app.dir/mnt/host/source/src/platform/ec/build/zephyr/anraggar/modules/ec/common/mkbp_info.c.obj
[luuke:ro] [212/347] Building C object modules/ec/zephyr/CMakeFiles/ec_shim.dir/shim/src/panic.c.obj
[luuke:ro] [213/347] Building C object modules/ec/zephyr/CMakeFiles/ec_shim.dir/shim/src/power.c.obj
[luuke:ro] [214/347] Building C object modules/ec/zephyr/CMakeFiles/ec_shim.dir/shim/src/hwtimer.c.obj
[anraggar:rw] [297/400] Building C object CMakeFiles/app.dir/mnt/host/source/src/platform/ec/build/zephyr/anraggar/modules/ec/common/mkbp_input_devices.c.obj
[anraggar:ro] [305/400] Building C object CMakeFiles/app.dir/mnt/host/source/src/platform/ec/build/zephyr/anraggar/modules/ec/common/port80.c.obj
[luuke:rw] [232/347] Building C object zephyr/drivers/interrupt_controller/CMakeFiles/drivers__interrupt_controller.dir/wuc_ite_it8xxx2.c.obj
[luuke:rw] [233/347] Building C object zephyr/drivers/interrupt_controller/CMakeFiles/drivers__interrupt_controller.dir/intc_ite_it8xxx2_v2.c.obj
[anraggar:rw] [298/400] Building C object CMakeFiles/app.dir/mnt/host/source/src/platform/ec/build/zephyr/anraggar/modules/ec/common/led_common.c.obj
[luuke:rw] [234/347] Linking C static library zephyr/drivers/interrupt_controller/libdrivers__interrupt_controller.a
[anraggar:ro] [306/400] Building C object CMakeFiles/app.dir/mnt/host/source/src/platform/ec/build/zephyr/anraggar/modules/ec/common/power_button.c.obj
[anraggar:rw] [299/400] Building C object CMakeFiles/app.dir/mnt/host/source/src/platform/ec/build/zephyr/anraggar/modules/ec/common/motion_lid.c.obj
[anraggar:ro] [307/400] Building C object CMakeFiles/app.dir/mnt/host/source/src/platform/ec/build/zephyr/anraggar/modules/ec/power/hibernate.c.obj
[luuke:rw] [235/347] Building C object zephyr/drivers/adc/CMakeFiles/drivers__adc.dir/adc_common.c.obj
[luuke:rw] [236/347] Building C object zephyr/drivers/adc/CMakeFiles/drivers__adc.dir/adc_ite_it8xxx2.c.obj
[anraggar:ro] [308/400] Building C object CMakeFiles/app.dir/mnt/host/source/src/platform/ec/build/zephyr/anraggar/modules/ec/common/panic_output.c.obj
[anraggar:rw] [300/400] Building C object CMakeFiles/app.dir/mnt/host/source/src/platform/ec/build/zephyr/anraggar/modules/ec/common/lid_angle.c.obj
[luuke:rw] [237/347] Linking C static library zephyr/drivers/adc/libdrivers__adc.a
[luuke:ro] [215/347] Building C object modules/ec/zephyr/CMakeFiles/ec_shim.dir/shim/src/i2c.c.obj
[anraggar:rw] [301/400] Building C object CMakeFiles/app.dir/mnt/host/source/src/platform/ec/build/zephyr/anraggar/modules/ec/common/lid_angle_keyboard_policy.c.obj
[luuke:rw] [238/347] Building C object zephyr/drivers/bbram/CMakeFiles/drivers__bbram.dir/bbram_it8xxx2.c.obj
[anraggar:ro] [309/400] Building C object CMakeFiles/app.dir/mnt/host/source/src/platform/ec/build/zephyr/anraggar/modules/ec/driver/sha256/sha256_it8xxx2.c.obj
[luuke:ro] [216/347] Building C object modules/ec/zephyr/CMakeFiles/ec_shim.dir/shim/src/watchdog.c.obj
[luuke:rw] [239/347] Linking C static library zephyr/drivers/bbram/libdrivers__bbram.a
[luuke:ro] [217/347] Building C object modules/ec/zephyr/CMakeFiles/ec_shim.dir/shim/src/tasks.c.obj
[luuke:rw] [240/347] Building C object zephyr/drivers/console/CMakeFiles/drivers__console.dir/uart_console.c.obj
[luuke:rw] [241/347] Building C object zephyr/drivers/crypto/CMakeFiles/drivers__crypto.dir/crypto_it8xxx2_sha_v2.c.obj
[luuke:rw] [242/347] Linking C static library zephyr/drivers/console/libdrivers__console.a
[luuke:rw] [243/347] Linking C static library zephyr/drivers/crypto/libdrivers__crypto.a
[anraggar:rw] [302/400] Building C object CMakeFiles/app.dir/mnt/host/source/src/platform/ec/build/zephyr/anraggar/modules/ec/common/lid_switch.c.obj
[luuke:ro] [218/347] cd /mnt/host/source/src/platform/ec/build/zephyr/luuke/build-ro/modules/ec/zephyr && PYTHONPATH=/mnt/host/source/src/platform/ec/build/zephyr/luuke/modules/ec/zephyr/zmake/ /usr/bin/python3.11 /mnt/host/source/src/platform/ec/build/zephyr/luuke/modules/ec/zephyr/zmake/zephyr_build_tools/generate_ec_version.py /mnt/host/source/src/platform/ec/build/zephyr/luuke/build-ro/modules/ec/zephyr/include/ec_version.h --name Zephyr-Kernel --version 16543.0.0 --static
[luuke:ro] INFO:root:Using a static version string
[anraggar:ro] [310/400] Building C object CMakeFiles/app.dir/mnt/host/source/src/platform/ec/build/zephyr/anraggar/modules/ec/common/shared_mem.c.obj
[anraggar:ro] [311/400] Building C object CMakeFiles/app.dir/mnt/host/source/src/platform/ec/build/zephyr/anraggar/modules/ec/common/switch.c.obj
[luuke:rw] [244/347] Building C object zephyr/drivers/flash/CMakeFiles/drivers__flash.dir/flash_ite_it8xxx2.c.obj
[anraggar:rw] [303/400] Building C object CMakeFiles/app.dir/mnt/host/source/src/platform/ec/build/zephyr/anraggar/modules/ec/common/mkbp_event.c.obj
[luuke:rw] [245/347] Linking C static library zephyr/drivers/flash/libdrivers__flash.a
[anraggar:ro] [312/400] Building C object CMakeFiles/app.dir/mnt/host/source/src/platform/ec/build/zephyr/anraggar/modules/ec/driver/stm_mems_common.c.obj
[anraggar:rw] [304/400] Building C object CMakeFiles/app.dir/mnt/host/source/src/platform/ec/build/zephyr/anraggar/modules/ec/common/motion_sense.c.obj
[luuke:ro] INFO:root:Version string: Zephyr-Kernel-16543.0.0
[luuke:ro] INFO:root:Writing header to /mnt/host/source/src/platform/ec/build/zephyr/luuke/build-ro/modules/ec/zephyr/include/ec_version.h
[luuke:ro] [219/347] Building C object modules/ec/zephyr/CMakeFiles/ec_shim.dir/shim/src/usba.c.obj
[anraggar:rw] [305/400] Building C object CMakeFiles/app.dir/mnt/host/source/src/platform/ec/build/zephyr/anraggar/modules/ec/common/port80.c.obj
[luuke:rw] [246/347] Building C object zephyr/drivers/i2c/CMakeFiles/drivers__i2c.dir/i2c_common.c.obj
[luuke:ro] [220/347] Building C object modules/ec/zephyr/CMakeFiles/ec_shim.dir/shim/src/sha256_hw.c.obj
[anraggar:ro] [313/400] Building C object CMakeFiles/app.dir/mnt/host/source/src/platform/ec/build/zephyr/anraggar/modules/ec/common/tablet_mode.c.obj
[luuke:ro] [221/347] Building C object CMakeFiles/app.dir/mnt/host/source/src/platform/ec/zephyr/subsys/ap_pwrseq/ap_events.c.obj
[luuke:rw] [247/347] Building C object zephyr/drivers/i2c/CMakeFiles/drivers__i2c.dir/i2c_bitbang.c.obj
[anraggar:rw] [306/400] Building C object CMakeFiles/app.dir/mnt/host/source/src/platform/ec/build/zephyr/anraggar/modules/ec/common/power_button.c.obj
[anraggar:ro] [314/400] Building C object CMakeFiles/app.dir/mnt/host/source/src/platform/ec/build/zephyr/anraggar/modules/ec/common/thermal.c.obj
[anraggar:ro] [315/400] Building C object CMakeFiles/app.dir/mnt/host/source/src/platform/ec/build/zephyr/anraggar/modules/ec/common/temp_sensor.c.obj
[luuke:rw] [248/347] Building C object zephyr/drivers/i2c/CMakeFiles/drivers__i2c.dir/i2c_shell.c.obj
[anraggar:rw] [307/400] Building C object CMakeFiles/app.dir/mnt/host/source/src/platform/ec/build/zephyr/anraggar/modules/ec/power/hibernate.c.obj
[luuke:rw] [249/347] Building C object zephyr/drivers/gpio/CMakeFiles/drivers__gpio.dir/gpio_ite_it8xxx2_v2.c.obj
[anraggar:ro] [316/400] Building C object CMakeFiles/app.dir/mnt/host/source/src/platform/ec/build/zephyr/anraggar/modules/ec/driver/temp_sensor/thermistor.c.obj
[luuke:rw] [250/347] Linking C static library zephyr/drivers/gpio/libdrivers__gpio.a
[luuke:rw] [251/347] Building C object zephyr/drivers/pinctrl/CMakeFiles/drivers__pinctrl.dir/common.c.obj
[anraggar:rw] [308/400] Building C object CMakeFiles/app.dir/mnt/host/source/src/platform/ec/build/zephyr/anraggar/modules/ec/common/panic_output.c.obj
[anraggar:rw] [309/400] Building C object CMakeFiles/app.dir/mnt/host/source/src/platform/ec/build/zephyr/anraggar/modules/ec/driver/sha256/sha256_it8xxx2.c.obj
[anraggar:ro] [317/400] Building C object CMakeFiles/app.dir/mnt/host/source/src/platform/ec/build/zephyr/anraggar/modules/ec/common/throttle_ap.c.obj
[luuke:ro] [222/347] Building C object CMakeFiles/app.dir/mnt/host/source/src/platform/ec/zephyr/subsys/pd_controller/pdc_pmc_debug.c.obj
[luuke:rw] [252/347] Building C object zephyr/drivers/i2c/CMakeFiles/drivers__i2c.dir/i2c_ite_enhance.c.obj
[anraggar:rw] [310/400] Building C object CMakeFiles/app.dir/mnt/host/source/src/platform/ec/build/zephyr/anraggar/modules/ec/common/shared_mem.c.obj
[luuke:rw] [253/347] Linking C static library zephyr/drivers/i2c/libdrivers__i2c.a
[anraggar:ro] [318/400] Building C object CMakeFiles/app.dir/mnt/host/source/src/platform/ec/build/zephyr/anraggar/modules/ec/common/usb_port_power_dumb.c.obj
[anraggar:ro] [319/400] Building C object CMakeFiles/app.dir/mnt/host/source/src/platform/ec/build/zephyr/anraggar/modules/ec/common/timer.c.obj
[luuke:ro] [223/347] Building C object CMakeFiles/app.dir/mnt/host/source/src/platform/ec/zephyr/subsys/pd_controller/pdc_console.c.obj
[luuke:rw] [254/347] Building C object zephyr/drivers/pinctrl/CMakeFiles/drivers__pinctrl.dir/pinctrl_ite_it8xxx2.c.obj
[luuke:rw] [255/347] Linking C static library zephyr/drivers/pinctrl/libdrivers__pinctrl.a
[luuke:rw] [256/347] Building C object zephyr/drivers/pwm/CMakeFiles/drivers__pwm.dir/pwm_shell.c.obj
[anraggar:rw] [311/400] Building C object CMakeFiles/app.dir/mnt/host/source/src/platform/ec/build/zephyr/anraggar/modules/ec/common/switch.c.obj
[luuke:rw] [257/347] Building C object zephyr/drivers/pwm/CMakeFiles/drivers__pwm.dir/pwm_ite_it8xxx2.c.obj
[anraggar:ro] [320/400] Building C object CMakeFiles/app.dir/mnt/host/source/src/platform/ec/build/zephyr/anraggar/modules/ec/common/typec_control.c.obj
[anraggar:rw] [312/400] Building C object CMakeFiles/app.dir/mnt/host/source/src/platform/ec/build/zephyr/anraggar/modules/ec/driver/stm_mems_common.c.obj
[luuke:rw] [258/347] Building C object zephyr/drivers/syscon/CMakeFiles/drivers__syscon.dir/mnt/host/source/src/third_party/zephyr/main/misc/empty_file.c.obj
[anraggar:rw] [313/400] Building C object CMakeFiles/app.dir/mnt/host/source/src/platform/ec/build/zephyr/anraggar/modules/ec/common/tablet_mode.c.obj
[luuke:rw] [259/347] Linking C static library zephyr/drivers/pwm/libdrivers__pwm.a
[luuke:rw] [260/347] Linking C static library zephyr/drivers/syscon/libdrivers__syscon.a
[luuke:ro] [224/347] Building C object CMakeFiles/app.dir/mnt/host/source/src/platform/ec/zephyr/subsys/pd_controller/pdc_host_cmd.c.obj
[luuke:rw] [261/347] Building C object zephyr/drivers/serial/CMakeFiles/drivers__serial.dir/uart_ite_it8xxx2.c.obj
[anraggar:ro] [321/400] Building C object CMakeFiles/app.dir/mnt/host/source/src/platform/ec/build/zephyr/anraggar/modules/ec/common/usb_common.c.obj
[anraggar:ro] [322/400] Building C object CMakeFiles/app.dir/mnt/host/source/src/platform/ec/build/zephyr/anraggar/modules/ec/common/usb_pd_pdo.c.obj
[luuke:ro] [225/347] Building C object CMakeFiles/app.dir/mnt/host/source/src/platform/ec/zephyr/subsys/pd_controller/pdc_power_mgmt.c.obj
[anraggar:rw] [314/400] Building C object CMakeFiles/app.dir/mnt/host/source/src/platform/ec/build/zephyr/anraggar/modules/ec/common/thermal.c.obj
[luuke:ro] [226/347] Building C object CMakeFiles/app.dir/mnt/host/source/src/platform/ec/zephyr/subsys/pd_controller/pdc_stub.c.obj
[anraggar:rw] [315/400] Building C object CMakeFiles/app.dir/mnt/host/source/src/platform/ec/build/zephyr/anraggar/modules/ec/common/temp_sensor.c.obj
[luuke:rw] [262/347] Building C object zephyr/drivers/serial/CMakeFiles/drivers__serial.dir/uart_ns16550.c.obj
[luuke:rw] [263/347] Building C object zephyr/drivers/timer/CMakeFiles/drivers__timer.dir/sys_clock_init.c.obj
[anraggar:ro] [323/400] Building C object CMakeFiles/app.dir/mnt/host/source/src/platform/ec/build/zephyr/anraggar/modules/ec/common/usbc/usbc_task.c.obj
[anraggar:ro] [324/400] Building C object CMakeFiles/app.dir/mnt/host/source/src/platform/ec/build/zephyr/anraggar/modules/ec/common/usbc/usb_pd_timer.c.obj
[luuke:rw] [264/347] Linking C static library zephyr/drivers/serial/libdrivers__serial.a
[anraggar:rw] [316/400] Building C object CMakeFiles/app.dir/mnt/host/source/src/platform/ec/build/zephyr/anraggar/modules/ec/common/throttle_ap.c.obj
[anraggar:rw] [317/400] Building C object CMakeFiles/app.dir/mnt/host/source/src/platform/ec/build/zephyr/anraggar/modules/ec/driver/temp_sensor/thermistor.c.obj
[luuke:rw] [265/347] Building C object zephyr/drivers/timer/CMakeFiles/drivers__timer.dir/ite_it8xxx2_timer.c.obj
[luuke:rw] [266/347] Linking C static library zephyr/drivers/timer/libdrivers__timer.a
[luuke:rw] [267/347] Building C object zephyr/drivers/watchdog/CMakeFiles/drivers__watchdog.dir/wdt_ite_it8xxx2.c.obj
[luuke:ro] [227/347] Building C object CMakeFiles/app.dir/mnt/host/source/src/platform/ec/zephyr/subsys/pd_controller/pdc_dpm.c.obj
[anraggar:ro] [325/400] Building C object CMakeFiles/app.dir/mnt/host/source/src/platform/ec/build/zephyr/anraggar/modules/ec/common/usbc_intr_task.c.obj
[anraggar:ro] [326/400] Building C object CMakeFiles/app.dir/mnt/host/source/src/platform/ec/build/zephyr/anraggar/modules/ec/common/usbc/usb_sm.c.obj
[luuke:rw] [268/347] Building C object zephyr/drivers/watchdog/CMakeFiles/drivers__watchdog.dir/wdt_shell.c.obj
[luuke:rw] [269/347] Linking C static library zephyr/drivers/watchdog/libdrivers__watchdog.a
[luuke:ro] [228/347] Building C object CMakeFiles/app.dir/mnt/host/source/src/platform/ec/zephyr/subsys/ucsi/ppm_console.c.obj
[anraggar:ro] [327/400] Building C object CMakeFiles/app.dir/mnt/host/source/src/platform/ec/build/zephyr/anraggar/modules/ec/common/usb_pd_flags.c.obj
[anraggar:rw] [318/400] Building C object CMakeFiles/app.dir/mnt/host/source/src/platform/ec/build/zephyr/anraggar/modules/ec/common/timer.c.obj
[anraggar:rw] [319/400] Building C object CMakeFiles/app.dir/mnt/host/source/src/platform/ec/build/zephyr/anraggar/modules/ec/common/usb_port_power_dumb.c.obj
[anraggar:ro] [328/400] Building C object CMakeFiles/app.dir/mnt/host/source/src/platform/ec/build/zephyr/anraggar/modules/ec/common/usbc_utils.c.obj
[luuke:ro] [229/347] Building C object CMakeFiles/app.dir/mnt/host/source/src/platform/ec/zephyr/subsys/ucsi/ppm_common.c.obj
[luuke:rw] [270/347] Building C object modules/ec/zephyr/CMakeFiles/ec_shim.dir/app/ec/main_shim.c.obj
[luuke:rw] [271/347] Building C object modules/ec/zephyr/CMakeFiles/ec_shim.dir/app/ec/ec_app_main.c.obj
[anraggar:rw] [320/400] Building C object CMakeFiles/app.dir/mnt/host/source/src/platform/ec/build/zephyr/anraggar/modules/ec/common/typec_control.c.obj
[anraggar:rw] [321/400] Building C object CMakeFiles/app.dir/mnt/host/source/src/platform/ec/build/zephyr/anraggar/modules/ec/common/usb_common.c.obj
[/mnt/host/source/src/platform/ec/build/zephyr/glassway-lcov]   /mnt/host/source/src/platform/ec/build/zephyr/glassway/build-ro/zephyr/CMakeFiles/zephyr.dir/soc/nuvoton/npcx/common/npcxn/registers.c.gcno:no functions found
[/mnt/host/source/src/platform/ec/build/zephyr/glassway-lcov] stderr:
[luuke:rw] [272/347] Building C object modules/ec/zephyr/CMakeFiles/ec_shim.dir/drivers/cros_flash/cros_flash_it8xxx2.c.obj
[anraggar:ro] [329/400] Building C object CMakeFiles/app.dir/mnt/host/source/src/platform/ec/build/zephyr/anraggar/modules/ec/common/chargen.c.obj
[anraggar:ro] [330/400] Building C object CMakeFiles/app.dir/mnt/host/source/src/platform/ec/build/zephyr/anraggar/modules/ec/common/usbc/usb_pd_console.c.obj
[luuke:ro] [230/347] Building C object CMakeFiles/app.dir/mnt/host/source/src/platform/ec/zephyr/subsys/ucsi/ppm_driver.c.obj
[luuke:ro] [231/347] Building C object CMakeFiles/app.dir/mnt/host/source/src/platform/ec/build/zephyr/luuke/modules/ec/builtin/stdlib.c.obj
[luuke:rw] [273/347] Building C object modules/ec/zephyr/CMakeFiles/ec_shim.dir/drivers/cros_kb_raw/cros_kb_raw_ite.c.obj
[anraggar:rw] [322/400] Building C object CMakeFiles/app.dir/mnt/host/source/src/platform/ec/build/zephyr/anraggar/modules/ec/common/usb_pd_pdo.c.obj
[anraggar:ro] [331/400] Building C object CMakeFiles/app.dir/mnt/host/source/src/platform/ec/build/zephyr/anraggar/modules/ec/driver/retimer/anx7483.c.obj
[anraggar:rw] [323/400] Building C object CMakeFiles/app.dir/mnt/host/source/src/platform/ec/build/zephyr/anraggar/modules/ec/common/usbc/usbc_task.c.obj
[luuke:ro] [232/347] Building C object CMakeFiles/app.dir/mnt/host/source/src/platform/ec/zephyr/subsys/ucsi/ucsi_host_cmd.c.obj
[anraggar:ro] [332/400] Building C object CMakeFiles/app.dir/mnt/host/source/src/platform/ec/build/zephyr/anraggar/modules/ec/driver/usb_mux/usb_mux.c.obj
[luuke:rw] [274/347] Building C object modules/ec/zephyr/CMakeFiles/ec_shim.dir/drivers/cros_system/cros_system_it8xxx2.c.obj
[luuke:rw] [275/347] Building C object modules/ec/zephyr/CMakeFiles/ec_shim.dir/drivers/usbc/ucsi_v3.c.obj
[anraggar:rw] [324/400] Building C object CMakeFiles/app.dir/mnt/host/source/src/platform/ec/build/zephyr/anraggar/modules/ec/common/usbc/usb_sm.c.obj
[anraggar:rw] [325/400] Building C object CMakeFiles/app.dir/mnt/host/source/src/platform/ec/build/zephyr/anraggar/modules/ec/common/usbc/usb_pd_timer.c.obj
[anraggar:ro] [333/400] Building C object CMakeFiles/app.dir/mnt/host/source/src/platform/ec/build/zephyr/anraggar/modules/ec/driver/usb_mux/virtual.c.obj
[luuke:ro] [233/347] Building C object CMakeFiles/app.dir/mnt/host/source/src/platform/ec/build/zephyr/luuke/modules/ec/common/base32.c.obj
[luuke:rw] [276/347] Building C object modules/ec/zephyr/CMakeFiles/ec_shim.dir/shim/chip/it8xxx2/clock.c.obj
[anraggar:rw] [326/400] Building C object CMakeFiles/app.dir/mnt/host/source/src/platform/ec/build/zephyr/anraggar/modules/ec/common/usbc_utils.c.obj
[luuke:ro] [234/347] Building C object CMakeFiles/app.dir/mnt/host/source/src/platform/ec/build/zephyr/luuke/modules/ec/common/ec_features.c.obj
[luuke:ro] [235/347] Building C object CMakeFiles/app.dir/mnt/host/source/src/platform/ec/build/zephyr/luuke/modules/ec/common/console_output.c.obj
[luuke:rw] [277/347] Building C object modules/ec/zephyr/CMakeFiles/ec_shim.dir/drivers/usbc/pdc_rts54xx.c.obj
[anraggar:rw] [327/400] Building C object CMakeFiles/app.dir/mnt/host/source/src/platform/ec/build/zephyr/anraggar/modules/ec/common/usbc_intr_task.c.obj
[anraggar:rw] [328/400] Building C object CMakeFiles/app.dir/mnt/host/source/src/platform/ec/build/zephyr/anraggar/modules/ec/common/usb_pd_flags.c.obj
[anraggar:ro] [334/400] Building C object CMakeFiles/app.dir/mnt/host/source/src/platform/ec/build/zephyr/anraggar/modules/ec/common/usbc/usb_prl_sm.c.obj
[anraggar:ro] [335/400] Building C object CMakeFiles/app.dir/mnt/host/source/src/platform/ec/build/zephyr/anraggar/modules/ec/common/usbc/usb_tc_drp_acc_trysrc_sm.c.obj
[luuke:rw] [278/347] Building C object modules/ec/zephyr/CMakeFiles/ec_shim.dir/shim/chip/it8xxx2/system.c.obj
[anraggar:rw] [329/400] Building C object CMakeFiles/app.dir/mnt/host/source/src/platform/ec/build/zephyr/anraggar/modules/ec/common/chargen.c.obj
[luuke:rw] [279/347] Building C object modules/ec/zephyr/CMakeFiles/ec_shim.dir/shim/chip/it8xxx2/gpio.c.obj
[luuke:ro] [236/347] Building C object CMakeFiles/app.dir/mnt/host/source/src/platform/ec/build/zephyr/luuke/modules/ec/common/gpio_commands.c.obj
[anraggar:ro] [336/400] Building C object CMakeFiles/app.dir/mnt/host/source/src/platform/ec/build/zephyr/anraggar/modules/ec/common/usbc/usb_pe_drp_sm.c.obj
[luuke:rw] [280/347] Building C object modules/ec/zephyr/CMakeFiles/ec_shim.dir/shim/chip/it8xxx2/keyboard_raw.c.obj
[anraggar:ro] [337/400] Building C object CMakeFiles/app.dir/mnt/host/source/src/platform/ec/build/zephyr/anraggar/modules/ec/common/usbc/usb_pd_dpm.c.obj
[luuke:ro] [237/347] Building C object CMakeFiles/app.dir/mnt/host/source/src/platform/ec/build/zephyr/luuke/modules/ec/common/printf.c.obj
[luuke:ro] [238/347] Building C object CMakeFiles/app.dir/mnt/host/source/src/platform/ec/build/zephyr/luuke/modules/ec/common/peripheral.c.obj
[anraggar:rw] [330/400] Building C object CMakeFiles/app.dir/mnt/host/source/src/platform/ec/build/zephyr/anraggar/modules/ec/common/usbc/usb_pd_console.c.obj
[luuke:rw] [281/347] Building C object modules/ec/zephyr/CMakeFiles/ec_shim.dir/shim/chip/it8xxx2/power_policy.c.obj
[luuke:rw] [282/347] Building C object modules/ec/zephyr/CMakeFiles/ec_shim.dir/shim/src/crc.c.obj
[anraggar:rw] [331/400] Building C object CMakeFiles/app.dir/mnt/host/source/src/platform/ec/build/zephyr/anraggar/modules/ec/driver/usb_mux/usb_mux.c.obj
[anraggar:rw] [332/400] Building C object CMakeFiles/app.dir/mnt/host/source/src/platform/ec/build/zephyr/anraggar/modules/ec/driver/retimer/anx7483.c.obj
[anraggar:ro] [338/400] Building C object CMakeFiles/app.dir/mnt/host/source/src/platform/ec/build/zephyr/anraggar/modules/ec/common/usbc/usbc_pd_policy.c.obj
[luuke:rw] [283/347] Building C object modules/ec/zephyr/CMakeFiles/ec_shim.dir/shim/chip/it8xxx2/shi.c.obj
[anraggar:ro] [339/400] Building C object CMakeFiles/app.dir/mnt/host/source/src/platform/ec/build/zephyr/anraggar/modules/ec/common/usbc/dp_alt_mode.c.obj
[anraggar:rw] [333/400] Building C object CMakeFiles/app.dir/mnt/host/source/src/platform/ec/build/zephyr/anraggar/modules/ec/driver/usb_mux/virtual.c.obj
[luuke:rw] [284/347] Building C object modules/ec/zephyr/CMakeFiles/ec_shim.dir/shim/src/console.c.obj
[luuke:ro] [239/347] Building C object CMakeFiles/app.dir/mnt/host/source/src/platform/ec/build/zephyr/luuke/modules/ec/common/queue.c.obj
[anraggar:ro] [340/400] Building C object CMakeFiles/app.dir/mnt/host/source/src/platform/ec/build/zephyr/anraggar/modules/ec/common/usb_pd_host_cmd.c.obj
[anraggar:ro] [341/400] Building C object CMakeFiles/app.dir/mnt/host/source/src/platform/ec/build/zephyr/anraggar/modules/ec/common/usb_pd_console_cmd.c.obj
[luuke:ro] [240/347] Building C object CMakeFiles/app.dir/mnt/host/source/src/platform/ec/build/zephyr/luuke/modules/ec/common/system_boot_time.c.obj
[luuke:rw] [285/347] Building C object modules/ec/zephyr/CMakeFiles/ec_shim.dir/shim/src/gpio.c.obj
[luuke:rw] [286/347] Building C object modules/ec/zephyr/CMakeFiles/ec_shim.dir/shim/src/gpio_int.c.obj
[luuke:rw] [287/347] Building C object modules/ec/zephyr/CMakeFiles/ec_shim.dir/shim/src/panic_utils.c.obj
[luuke:ro] [241/347] Building C object CMakeFiles/app.dir/mnt/host/source/src/platform/ec/build/zephyr/luuke/modules/ec/common/system.c.obj
[anraggar:ro] [342/400] Building C object CMakeFiles/app.dir/mnt/host/source/src/platform/ec/build/zephyr/anraggar/modules/ec/common/usbc/usb_pd_host.c.obj
[anraggar:rw] [334/400] Building C object CMakeFiles/app.dir/mnt/host/source/src/platform/ec/build/zephyr/anraggar/modules/ec/common/usbc/usb_tc_drp_acc_trysrc_sm.c.obj
[luuke:rw] [288/347] Building C object modules/ec/zephyr/CMakeFiles/ec_shim.dir/shim/src/pm_state.c.obj
[anraggar:rw] [335/400] Building C object CMakeFiles/app.dir/mnt/host/source/src/platform/ec/build/zephyr/anraggar/modules/ec/common/usbc/usb_prl_sm.c.obj
[anraggar:ro] [343/400] Building C object CMakeFiles/app.dir/mnt/host/source/src/platform/ec/build/zephyr/anraggar/modules/ec/zephyr/shim/src/tcpc.c.obj
[luuke:ro] [242/347] Building C object CMakeFiles/app.dir/mnt/host/source/src/platform/ec/build/zephyr/luuke/modules/ec/common/uart_printf.c.obj
[anraggar:rw] [336/400] Building C object CMakeFiles/app.dir/mnt/host/source/src/platform/ec/build/zephyr/anraggar/modules/ec/common/usbc/usb_pd_dpm.c.obj
[anraggar:ro] [344/400] Building C object CMakeFiles/app.dir/mnt/host/source/src/platform/ec/build/zephyr/anraggar/modules/ec/common/usbc/svdm_rsp_dfp_only.c.obj
[anraggar:ro] [345/400] Building C object CMakeFiles/app.dir/mnt/host/source/src/platform/ec/build/zephyr/anraggar/modules/ec/common/usb_pd_host_cmd_common.c.obj
[luuke:ro] [243/347] Building C object CMakeFiles/app.dir/mnt/host/source/src/platform/ec/build/zephyr/luuke/modules/ec/common/util.c.obj
[anraggar:rw] [337/400] Building C object CMakeFiles/app.dir/mnt/host/source/src/platform/ec/build/zephyr/anraggar/modules/ec/common/usbc/usb_pe_drp_sm.c.obj
[luuke:rw] [289/347] Building C object modules/ec/zephyr/CMakeFiles/ec_shim.dir/shim/src/cbi/cros_cbi.c.obj
[luuke:rw] [290/347] Building C object modules/ec/zephyr/CMakeFiles/ec_shim.dir/shim/src/cbi/cbi_flash.c.obj
[luuke:rw] [291/347] Building C object modules/ec/zephyr/CMakeFiles/ec_shim.dir/shim/src/led_driver/led.c.obj
[anraggar:rw] [338/400] Building C object CMakeFiles/app.dir/mnt/host/source/src/platform/ec/build/zephyr/anraggar/modules/ec/common/usbc/usbc_pd_policy.c.obj
[luuke:ro] [244/347] Building C object CMakeFiles/app.dir/mnt/host/source/src/platform/ec/build/zephyr/luuke/modules/ec/common/version.c.obj
[anraggar:ro] [346/400] Building C object CMakeFiles/app.dir/mnt/host/source/src/platform/ec/build/zephyr/anraggar/modules/ec/common/usbc_ocp.c.obj
[luuke:rw] [292/347] Building C object modules/ec/zephyr/CMakeFiles/ec_shim.dir/shim/src/led_driver/led_pwm.c.obj
[anraggar:ro] [347/400] Building C object CMakeFiles/app.dir/mnt/host/source/src/platform/ec/build/zephyr/anraggar/modules/ec/common/usb_pd_discovery.c.obj
[anraggar:rw] [339/400] Building C object CMakeFiles/app.dir/mnt/host/source/src/platform/ec/build/zephyr/anraggar/modules/ec/common/usbc/dp_alt_mode.c.obj
[anraggar:ro] [348/400] Building C object CMakeFiles/app.dir/mnt/host/source/src/platform/ec/build/zephyr/anraggar/modules/ec/common/usb_pd_dual_role.c.obj
[anraggar:rw] [340/400] Building C object CMakeFiles/app.dir/mnt/host/source/src/platform/ec/build/zephyr/anraggar/modules/ec/common/usb_pd_console_cmd.c.obj
[luuke:ro] [245/347] Building C object CMakeFiles/app.dir/mnt/host/source/src/platform/ec/build/zephyr/luuke/modules/ec/driver/accel_bma4xx.c.obj
[anraggar:ro] [349/400] Building C object CMakeFiles/app.dir/mnt/host/source/src/platform/ec/build/zephyr/anraggar/modules/ec/driver/tcpm/tcpci.c.obj
[luuke:ro] [246/347] Building C object CMakeFiles/app.dir/mnt/host/source/src/platform/ec/build/zephyr/luuke/modules/ec/driver/accel_lis2dw12.c.obj
[luuke:rw] [293/347] Building C object modules/ec/zephyr/CMakeFiles/ec_shim.dir/shim/src/system.c.obj
[luuke:rw] [294/347] Building C object modules/ec/zephyr/CMakeFiles/ec_shim.dir/shim/src/pdc_shim.c.obj
[luuke:rw] [295/347] Building C object modules/ec/zephyr/CMakeFiles/ec_shim.dir/shim/src/adc.c.obj
[anraggar:rw] [341/400] Building C object CMakeFiles/app.dir/mnt/host/source/src/platform/ec/build/zephyr/anraggar/modules/ec/common/usb_pd_host_cmd.c.obj
[luuke:rw] [296/347] Building C object modules/ec/zephyr/CMakeFiles/ec_shim.dir/shim/src/battery.c.obj
[anraggar:rw] [342/400] Building C object CMakeFiles/app.dir/mnt/host/source/src/platform/ec/build/zephyr/anraggar/modules/ec/common/usbc/usb_pd_host.c.obj
[anraggar:ro] [350/400] Building C object CMakeFiles/app.dir/mnt/host/source/src/platform/ec/build/zephyr/anraggar/modules/ec/driver/tcpm/ite_pd_intc.c.obj
[luuke:ro] [247/347] Building C object CMakeFiles/app.dir/mnt/host/source/src/platform/ec/build/zephyr/luuke/modules/ec/driver/accelgyro_bmi_common.c.obj
[anraggar:ro] [351/400] Building C object CMakeFiles/app.dir/mnt/host/source/src/platform/ec/build/zephyr/anraggar/modules/ec/driver/tcpm/it8xxx2.c.obj
[anraggar:rw] [343/400] Building C object CMakeFiles/app.dir/mnt/host/source/src/platform/ec/build/zephyr/anraggar/modules/ec/common/usb_pd_host_cmd_common.c.obj
[anraggar:ro] [352/400] Building C object CMakeFiles/app.dir/mnt/host/source/src/platform/ec/build/zephyr/anraggar/modules/ec/common/usbc_ppc.c.obj
[anraggar:rw] [344/400] Building C object CMakeFiles/app.dir/mnt/host/source/src/platform/ec/build/zephyr/anraggar/modules/ec/zephyr/shim/src/tcpc.c.obj
[anraggar:ro] [353/400] Building C object CMakeFiles/app.dir/mnt/host/source/src/platform/ec/build/zephyr/anraggar/modules/ec/driver/ppc/syv682x.c.obj
[luuke:ro] [248/347] Building C object CMakeFiles/app.dir/mnt/host/source/src/platform/ec/build/zephyr/luuke/modules/ec/driver/accelgyro_bmi3xx.c.obj
[luuke:rw] [297/347] Building C object modules/ec/zephyr/CMakeFiles/ec_shim.dir/shim/src/charger.c.obj
[luuke:ro] [249/347] Building C object CMakeFiles/app.dir/mnt/host/source/src/platform/ec/build/zephyr/luuke/modules/ec/common/motion_sense_fifo.c.obj
[luuke:rw] [298/347] Building C object modules/ec/zephyr/CMakeFiles/ec_shim.dir/shim/src/host_command.c.obj
[anraggar:rw] [345/400] Building C object CMakeFiles/app.dir/mnt/host/source/src/platform/ec/build/zephyr/anraggar/modules/ec/common/usbc/svdm_rsp_dfp_only.c.obj
[luuke:rw] [299/347] Building C object modules/ec/zephyr/CMakeFiles/ec_shim.dir/shim/src/hooks.c.obj
[luuke:rw] [300/347] Building C object modules/ec/zephyr/CMakeFiles/ec_shim.dir/shim/src/flash.c.obj
[anraggar:rw] [346/400] Building C object CMakeFiles/app.dir/mnt/host/source/src/platform/ec/build/zephyr/anraggar/modules/ec/common/usbc_ocp.c.obj
[luuke:ro] [250/347] Building C object CMakeFiles/app.dir/mnt/host/source/src/platform/ec/build/zephyr/luuke/modules/ec/common/adc.c.obj
[/mnt/host/source/src/platform/ec/build/zephyr/glassway-lcov]   /mnt/host/source/src/platform/ec/build/zephyr/glassway/build-ro/zephyr/drivers/sensor/CMakeFiles/drivers__sensor.dir/mnt/host/source/src/third_party/zephyr/main/misc/empty_file.c.gcno:no functions found
[/mnt/host/source/src/platform/ec/build/zephyr/glassway-lcov] stderr:
[anraggar:ro] [354/400] Building C object CMakeFiles/app.dir/mnt/host/source/src/platform/ec/build/zephyr/anraggar/modules/ec/common/button.c.obj
[anraggar:ro] [355/400] Building C object CMakeFiles/app.dir/mnt/host/source/src/platform/ec/build/zephyr/anraggar/modules/ec/common/vboot_hash.c.obj
[anraggar:ro] [356/400] Building C object CMakeFiles/app.dir/mnt/host/source/src/platform/ec/build/zephyr/anraggar/modules/ec/common/vboot/efs2.c.obj
[anraggar:rw] [347/400] Building C object CMakeFiles/app.dir/mnt/host/source/src/platform/ec/build/zephyr/anraggar/modules/ec/common/usb_pd_discovery.c.obj
[luuke:rw] [301/347] Building C object modules/ec/zephyr/CMakeFiles/ec_shim.dir/shim/src/console_buffer.c.obj
[anraggar:rw] [348/400] Building C object CMakeFiles/app.dir/mnt/host/source/src/platform/ec/build/zephyr/anraggar/modules/ec/common/usb_pd_dual_role.c.obj
[anraggar:ro] [357/400] Building C object CMakeFiles/app.dir/mnt/host/source/src/platform/ec/build/zephyr/anraggar/modules/ec/common/vstore.c.obj
[luuke:rw] [302/347] Building C object modules/ec/zephyr/CMakeFiles/ec_shim.dir/shim/src/keyscan.c.obj
[luuke:rw] [303/347] Building C object modules/ec/zephyr/CMakeFiles/ec_shim.dir/shim/src/mkbp_event.c.obj
[luuke:ro] [251/347] Building C object CMakeFiles/app.dir/mnt/host/source/src/platform/ec/build/zephyr/luuke/modules/ec/common/battery_info.c.obj
[/mnt/host/source/src/platform/ec/build/zephyr/glassway-lcov]   /mnt/host/source/src/platform/ec/build/zephyr/glassway/build-rw/modules/ec/zephyr/CMakeFiles/ec_shim.dir/shim/src/thermal.c.gcno:no functions found
[/mnt/host/source/src/platform/ec/build/zephyr/glassway-lcov] stderr:
[luuke:ro] [252/347] Building C object CMakeFiles/app.dir/mnt/host/source/src/platform/ec/build/zephyr/luuke/modules/ec/common/battery.c.obj
[luuke:rw] [304/347] Building C object modules/ec/zephyr/CMakeFiles/ec_shim.dir/shim/src/keyboard_raw.c.obj
[anraggar:rw] [349/400] Building C object CMakeFiles/app.dir/mnt/host/source/src/platform/ec/build/zephyr/anraggar/modules/ec/driver/tcpm/ite_pd_intc.c.obj
[anraggar:rw] [350/400] Building C object CMakeFiles/app.dir/mnt/host/source/src/platform/ec/build/zephyr/anraggar/modules/ec/driver/tcpm/tcpci.c.obj
[anraggar:ro] [358/400] Building C object CMakeFiles/app.dir/mnt/host/source/src/platform/ec/build/zephyr/anraggar/modules/ec/common/math_util.c.obj
[luuke:ro] [253/347] Building C object CMakeFiles/app.dir/mnt/host/source/src/platform/ec/build/zephyr/luuke/modules/ec/common/battery_fuel_gauge.c.obj
[/mnt/host/source/src/platform/ec/build/zephyr/glassway-lcov]   /mnt/host/source/src/platform/ec/build/zephyr/glassway/build-rw/modules/ec/zephyr/CMakeFiles/ec_shim.dir/shim/src/battery.c.gcno:no functions found
[/mnt/host/source/src/platform/ec/build/zephyr/glassway-lcov] stderr:
[/mnt/host/source/src/platform/ec/build/zephyr/glassway-lcov]   /mnt/host/source/src/platform/ec/build/zephyr/glassway/build-rw/modules/ec/zephyr/CMakeFiles/ec_shim.dir/shim/src/charger.c.gcno:no functions found
[/mnt/host/source/src/platform/ec/build/zephyr/glassway-lcov] stderr:
[anraggar:ro] [359/400] Building C object CMakeFiles/app.dir/src/board_power.c.obj
[anraggar:ro] [360/400] Building C object CMakeFiles/app.dir/src/common.c.obj
[anraggar:rw] [351/400] Building C object CMakeFiles/app.dir/mnt/host/source/src/platform/ec/build/zephyr/anraggar/modules/ec/driver/tcpm/it8xxx2.c.obj
[luuke:rw] [305/347] Building C object modules/ec/zephyr/CMakeFiles/ec_shim.dir/shim/src/panic.c.obj
[luuke:rw] [306/347] Building C object modules/ec/zephyr/CMakeFiles/ec_shim.dir/shim/src/hwtimer.c.obj
[luuke:rw] [307/347] Building C object modules/ec/zephyr/CMakeFiles/ec_shim.dir/shim/src/motionsense_sensors.c.obj
[anraggar:ro] [361/400] Building C object CMakeFiles/app.dir/anraggar/src/board.c.obj
[anraggar:rw] [352/400] Building C object CMakeFiles/app.dir/mnt/host/source/src/platform/ec/build/zephyr/anraggar/modules/ec/common/usbc_ppc.c.obj
[luuke:rw] [308/347] Building C object modules/ec/zephyr/CMakeFiles/ec_shim.dir/shim/src/power.c.obj
[luuke:ro] [254/347] Building C object CMakeFiles/app.dir/mnt/host/source/src/platform/ec/build/zephyr/luuke/modules/ec/driver/battery/smart.c.obj
[anraggar:rw] [353/400] Building C object CMakeFiles/app.dir/mnt/host/source/src/platform/ec/build/zephyr/anraggar/modules/ec/common/vboot_hash.c.obj
[luuke:ro] [255/347] Building C object CMakeFiles/app.dir/mnt/host/source/src/platform/ec/build/zephyr/luuke/modules/ec/driver/charger/bq25710.c.obj
[anraggar:rw] [354/400] Building C object CMakeFiles/app.dir/mnt/host/source/src/platform/ec/build/zephyr/anraggar/modules/ec/driver/ppc/syv682x.c.obj
[anraggar:ro] [362/400] Building C object CMakeFiles/app.dir/anraggar/src/sub_board.c.obj
[/mnt/host/source/src/platform/ec/build/zephyr/glassway-lcov]   /mnt/host/source/src/platform/ec/build/zephyr/glassway/build-rw/modules/ec/zephyr/CMakeFiles/ec_shim.dir/shim/src/usb_muxes.c.gcno:no functions found
[/mnt/host/source/src/platform/ec/build/zephyr/glassway-lcov] stderr:
[anraggar:ro] [363/400] Building C object CMakeFiles/app.dir/anraggar/src/prochot.c.obj
[luuke:ro] [256/347] Building C object CMakeFiles/app.dir/mnt/host/source/src/platform/ec/build/zephyr/luuke/modules/ec/common/charger.c.obj
[anraggar:ro] [364/400] Building C object CMakeFiles/app.dir/anraggar/src/usbc.c.obj
[anraggar:rw] [355/400] Building C object CMakeFiles/app.dir/mnt/host/source/src/platform/ec/build/zephyr/anraggar/modules/ec/common/button.c.obj
[luuke:rw] [309/347] Building C object modules/ec/zephyr/CMakeFiles/ec_shim.dir/shim/src/i2c.c.obj
[anraggar:ro] [365/400] Linking C static library modules/ec/zephyr/libec_shim.a
[luuke:rw] [310/347] Building C object modules/ec/zephyr/CMakeFiles/ec_shim.dir/shim/src/usba.c.obj
[anraggar:ro] [366/400] Building C object CMakeFiles/app.dir/anraggar/src/charger.c.obj
[anraggar:rw] [356/400] Building C object CMakeFiles/app.dir/mnt/host/source/src/platform/ec/build/zephyr/anraggar/modules/ec/common/vboot/efs2.c.obj
[luuke:rw] [311/347] Building C object modules/ec/zephyr/CMakeFiles/ec_shim.dir/shim/src/watchdog.c.obj
[luuke:rw] [312/347] Building C object modules/ec/zephyr/CMakeFiles/ec_shim.dir/shim/src/tasks.c.obj
[anraggar:rw] [357/400] Building C object CMakeFiles/app.dir/mnt/host/source/src/platform/ec/build/zephyr/anraggar/modules/ec/common/vstore.c.obj
[anraggar:rw] [358/400] Building C object CMakeFiles/app.dir/mnt/host/source/src/platform/ec/build/zephyr/anraggar/modules/ec/common/math_util.c.obj
[anraggar:ro] [367/400] Building C object CMakeFiles/app.dir/anraggar/src/keyboard_customization.c.obj
[anraggar:ro] [368/400] Building C object zephyr/kernel/CMakeFiles/kernel.dir/main_weak.c.obj
[luuke:ro] [257/347] Building C object CMakeFiles/app.dir/mnt/host/source/src/platform/ec/build/zephyr/luuke/modules/ec/common/cbi_common.c.obj
[luuke:rw] [313/347] Building C object zephyr/kernel/CMakeFiles/kernel.dir/main_weak.c.obj
[luuke:ro] [258/347] Building C object CMakeFiles/app.dir/mnt/host/source/src/platform/ec/build/zephyr/luuke/modules/ec/common/charge_state.c.obj
[anraggar:ro] [369/400] Building C object zephyr/kernel/CMakeFiles/kernel.dir/banner.c.obj
[anraggar:ro] [370/400] Linking C static library app/libapp.a
[luuke:ro] [259/347] Building C object CMakeFiles/app.dir/mnt/host/source/src/platform/ec/build/zephyr/luuke/modules/ec/common/charge_manager.c.obj
[anraggar:ro] [371/400] Building C object zephyr/kernel/CMakeFiles/kernel.dir/busy_wait.c.obj
[luuke:rw] [314/347] Building C object zephyr/kernel/CMakeFiles/kernel.dir/banner.c.obj
[luuke:rw] [315/347] Building C object modules/ec/zephyr/CMakeFiles/ec_shim.dir/shim/src/sha256_hw.c.obj
[luuke:rw] [316/347] Building C object zephyr/kernel/CMakeFiles/kernel.dir/busy_wait.c.obj
[anraggar:rw] [359/400] Building C object CMakeFiles/app.dir/src/board_power.c.obj
[luuke:rw] [317/347] Linking C static library modules/ec/zephyr/libec_shim.a
[anraggar:rw] [360/400] Building C object CMakeFiles/app.dir/src/common.c.obj
[anraggar:rw] [361/400] Building C object CMakeFiles/app.dir/anraggar/src/board.c.obj
[luuke:rw] [318/347] Building C object zephyr/kernel/CMakeFiles/kernel.dir/device.c.obj
[anraggar:rw] [362/400] Building C object CMakeFiles/app.dir/anraggar/src/sub_board.c.obj
[anraggar:ro] [372/400] Building C object zephyr/kernel/CMakeFiles/kernel.dir/device.c.obj
[anraggar:ro] [373/400] Building C object zephyr/kernel/CMakeFiles/kernel.dir/errno.c.obj
[luuke:ro] [260/347] Building C object CMakeFiles/app.dir/mnt/host/source/src/platform/ec/build/zephyr/luuke/modules/ec/common/cbi_config.c.obj
[anraggar:ro] [374/400] Building C object zephyr/kernel/CMakeFiles/kernel.dir/init.c.obj
[anraggar:ro] [375/400] Building C object zephyr/kernel/CMakeFiles/kernel.dir/fatal.c.obj
[luuke:rw] [319/347] Building C object zephyr/kernel/CMakeFiles/kernel.dir/errno.c.obj
[luuke:ro] [261/347] Building C object CMakeFiles/app.dir/mnt/host/source/src/platform/ec/build/zephyr/luuke/modules/ec/common/cbi.c.obj
[luuke:rw] [320/347] Building C object zephyr/kernel/CMakeFiles/kernel.dir/fatal.c.obj
[anraggar:ro] [376/400] Building C object zephyr/kernel/CMakeFiles/kernel.dir/version.c.obj
[luuke:ro] [262/347] Building C object CMakeFiles/app.dir/mnt/host/source/src/platform/ec/build/zephyr/luuke/modules/ec/common/memory_commands.c.obj
[luuke:rw] [321/347] Building C object zephyr/kernel/CMakeFiles/kernel.dir/init.c.obj
[anraggar:rw] [363/400] Building C object CMakeFiles/app.dir/anraggar/src/usbc.c.obj
[anraggar:rw] [364/400] Building C object CMakeFiles/app.dir/anraggar/src/prochot.c.obj
[luuke:rw] [322/347] Building C object zephyr/kernel/CMakeFiles/kernel.dir/kheap.c.obj
[anraggar:ro] [377/400] Building C object zephyr/kernel/CMakeFiles/kernel.dir/kheap.c.obj
[luuke:rw] [323/347] Building C object zephyr/kernel/CMakeFiles/kernel.dir/version.c.obj
[anraggar:rw] [365/400] Linking C static library modules/ec/zephyr/libec_shim.a
[anraggar:rw] [366/400] Building C object CMakeFiles/app.dir/anraggar/src/charger.c.obj
[anraggar:ro] [378/400] Building C object zephyr/kernel/CMakeFiles/kernel.dir/float.c.obj
[anraggar:ro] [379/400] Building C object zephyr/kernel/CMakeFiles/kernel.dir/mem_slab.c.obj
[anraggar:rw] [367/400] Building C object CMakeFiles/app.dir/anraggar/src/keyboard_customization.c.obj
[luuke:rw] [324/347] Building C object zephyr/kernel/CMakeFiles/kernel.dir/mem_slab.c.obj
[luuke:rw] [325/347] Building C object zephyr/kernel/CMakeFiles/kernel.dir/float.c.obj
[luuke:ro] [263/347] Building C object CMakeFiles/app.dir/mnt/host/source/src/platform/ec/build/zephyr/luuke/modules/ec/common/chipset.c.obj
[luuke:ro] [264/347] Building C object CMakeFiles/app.dir/mnt/host/source/src/platform/ec/build/zephyr/luuke/modules/ec/common/ap_reset_log.c.obj
[anraggar:rw] [368/400] Linking C static library app/libapp.a
[anraggar:ro] [380/400] Building C object zephyr/kernel/CMakeFiles/kernel.dir/idle.c.obj
[luuke:ro] [265/347] Building C object CMakeFiles/app.dir/mnt/host/source/src/platform/ec/build/zephyr/luuke/modules/ec/common/extpower_common.c.obj
[anraggar:ro] [381/400] Building C object zephyr/kernel/CMakeFiles/kernel.dir/mailbox.c.obj
[anraggar:rw] [369/400] Building C object zephyr/kernel/CMakeFiles/kernel.dir/banner.c.obj
[luuke:rw] [326/347] Building C object zephyr/kernel/CMakeFiles/kernel.dir/idle.c.obj
[anraggar:rw] [370/400] Building C object zephyr/kernel/CMakeFiles/kernel.dir/main_weak.c.obj
[luuke:rw] [327/347] Building C object zephyr/kernel/CMakeFiles/kernel.dir/mailbox.c.obj
[anraggar:rw] [371/400] Building C object zephyr/kernel/CMakeFiles/kernel.dir/busy_wait.c.obj
[anraggar:ro] [382/400] Building C object zephyr/kernel/CMakeFiles/kernel.dir/msg_q.c.obj
[anraggar:ro] [383/400] Building C object zephyr/kernel/CMakeFiles/kernel.dir/mutex.c.obj
[luuke:rw] [328/347] Building C object zephyr/kernel/CMakeFiles/kernel.dir/msg_q.c.obj
[luuke:rw] [329/347] Building C object zephyr/kernel/CMakeFiles/kernel.dir/mutex.c.obj
[anraggar:rw] [372/400] Building C object zephyr/kernel/CMakeFiles/kernel.dir/device.c.obj
[luuke:ro] [266/347] Building C object CMakeFiles/app.dir/mnt/host/source/src/platform/ec/build/zephyr/luuke/modules/ec/common/extpower_gpio.c.obj
[anraggar:ro] [384/400] Building C object zephyr/kernel/CMakeFiles/kernel.dir/queue.c.obj
[anraggar:ro] [385/400] Building C object zephyr/kernel/CMakeFiles/kernel.dir/sem.c.obj
[anraggar:rw] [373/400] Building C object zephyr/kernel/CMakeFiles/kernel.dir/errno.c.obj
[luuke:ro] [267/347] Building C object CMakeFiles/app.dir/mnt/host/source/src/platform/ec/build/zephyr/luuke/modules/ec/common/flash.c.obj
[anraggar:rw] [374/400] Building C object zephyr/kernel/CMakeFiles/kernel.dir/fatal.c.obj
[luuke:ro] [268/347] Building C object CMakeFiles/app.dir/mnt/host/source/src/platform/ec/build/zephyr/luuke/modules/ec/common/host_command.c.obj
[anraggar:ro] [386/400] Building C object zephyr/kernel/CMakeFiles/kernel.dir/stack.c.obj
[anraggar:rw] [375/400] Building C object zephyr/kernel/CMakeFiles/kernel.dir/init.c.obj
[anraggar:ro] [387/400] Building C object zephyr/kernel/CMakeFiles/kernel.dir/system_work_q.c.obj
[luuke:rw] [330/347] Building C object zephyr/kernel/CMakeFiles/kernel.dir/sem.c.obj
[luuke:rw] [331/347] Building C object zephyr/kernel/CMakeFiles/kernel.dir/queue.c.obj
[luuke:rw] [332/347] Building C object zephyr/kernel/CMakeFiles/kernel.dir/stack.c.obj
[luuke:rw] [333/347] Building C object zephyr/kernel/CMakeFiles/kernel.dir/system_work_q.c.obj
[anraggar:rw] [376/400] Building C object zephyr/kernel/CMakeFiles/kernel.dir/kheap.c.obj
[anraggar:rw] [377/400] Building C object zephyr/kernel/CMakeFiles/kernel.dir/version.c.obj
[anraggar:ro] [388/400] Building C object zephyr/kernel/CMakeFiles/kernel.dir/work.c.obj
[anraggar:ro] [389/400] Building C object zephyr/kernel/CMakeFiles/kernel.dir/condvar.c.obj
[anraggar:rw] [378/400] Building C object zephyr/kernel/CMakeFiles/kernel.dir/float.c.obj
[/mnt/host/source/src/platform/ec/build/zephyr/glassway-lcov]   /mnt/host/source/src/platform/ec/build/zephyr/glassway/build-rw/modules/ec/zephyr/CMakeFiles/ec_shim.dir/shim/src/usba.c.gcno:no functions found
[/mnt/host/source/src/platform/ec/build/zephyr/glassway-lcov] stderr:
[anraggar:rw] [379/400] Building C object zephyr/kernel/CMakeFiles/kernel.dir/mem_slab.c.obj
[luuke:ro] [269/347] Building C object CMakeFiles/app.dir/mnt/host/source/src/platform/ec/build/zephyr/luuke/modules/ec/common/uart_hostcmd.c.obj
[anraggar:ro] [390/400] Building C object zephyr/kernel/CMakeFiles/kernel.dir/thread.c.obj
[luuke:ro] [270/347] Building C object CMakeFiles/app.dir/mnt/host/source/src/platform/ec/build/zephyr/luuke/modules/ec/common/host_event_commands.c.obj
[anraggar:rw] [380/400] Building C object zephyr/kernel/CMakeFiles/kernel.dir/mailbox.c.obj
[luuke:rw] [334/347] Building C object zephyr/kernel/CMakeFiles/kernel.dir/condvar.c.obj
[luuke:ro] [271/347] Building C object CMakeFiles/app.dir/mnt/host/source/src/platform/ec/build/zephyr/luuke/modules/ec/common/uptime.c.obj
[luuke:rw] [335/347] Building C object zephyr/kernel/CMakeFiles/kernel.dir/work.c.obj
[luuke:rw] [336/347] Building C object zephyr/kernel/CMakeFiles/kernel.dir/thread.c.obj
[anraggar:rw] [381/400] Building C object zephyr/kernel/CMakeFiles/kernel.dir/idle.c.obj
[anraggar:ro] [391/400] Building C object zephyr/kernel/CMakeFiles/kernel.dir/sched.c.obj
[anraggar:ro] [392/400] Building C object zephyr/kernel/CMakeFiles/kernel.dir/pipe.c.obj
[luuke:rw] [337/347] Building C object zephyr/kernel/CMakeFiles/kernel.dir/sched.c.obj
[anraggar:rw] [382/400] Building C object zephyr/kernel/CMakeFiles/kernel.dir/msg_q.c.obj
[anraggar:ro] [393/400] Building C object zephyr/kernel/CMakeFiles/kernel.dir/thread_monitor.c.obj
[anraggar:rw] [383/400] Building C object zephyr/kernel/CMakeFiles/kernel.dir/mutex.c.obj
[anraggar:ro] [394/400] Building C object zephyr/kernel/CMakeFiles/kernel.dir/timeout.c.obj
[anraggar:rw] [384/400] Building C object zephyr/kernel/CMakeFiles/kernel.dir/queue.c.obj
[luuke:rw] [338/347] Building C object zephyr/kernel/CMakeFiles/kernel.dir/spinlock_validate.c.obj
[luuke:rw] [339/347] Building C object zephyr/kernel/CMakeFiles/kernel.dir/pipe.c.obj
[luuke:ro] [272/347] Building C object CMakeFiles/app.dir/mnt/host/source/src/platform/ec/build/zephyr/luuke/modules/ec/common/i2c_passthru.c.obj
[luuke:rw] [340/347] Building C object zephyr/kernel/CMakeFiles/kernel.dir/thread_monitor.c.obj
[anraggar:ro] [395/400] Building C object zephyr/kernel/CMakeFiles/kernel.dir/timer.c.obj
[luuke:ro] [273/347] Building C object CMakeFiles/app.dir/mnt/host/source/src/platform/ec/build/zephyr/luuke/modules/ec/common/virtual_battery.c.obj
[luuke:ro] [274/347] Building C object CMakeFiles/app.dir/mnt/host/source/src/platform/ec/build/zephyr/luuke/modules/ec/common/i2c_controller.c.obj
[anraggar:rw] [385/400] Building C object zephyr/kernel/CMakeFiles/kernel.dir/sem.c.obj
[anraggar:rw] [386/400] Building C object zephyr/kernel/CMakeFiles/kernel.dir/stack.c.obj
[anraggar:ro] [396/400] Building C object zephyr/kernel/CMakeFiles/kernel.dir/events.c.obj
[anraggar:ro] [397/400] Building C object zephyr/kernel/CMakeFiles/kernel.dir/poll.c.obj
[luuke:rw] [341/347] Building C object zephyr/kernel/CMakeFiles/kernel.dir/timeout.c.obj
[anraggar:rw] [387/400] Building C object zephyr/kernel/CMakeFiles/kernel.dir/system_work_q.c.obj
[anraggar:ro] [398/400] Building C object zephyr/kernel/CMakeFiles/kernel.dir/mempool.c.obj
[anraggar:rw] [388/400] Building C object zephyr/kernel/CMakeFiles/kernel.dir/work.c.obj
[luuke:rw] [342/347] Building C object zephyr/kernel/CMakeFiles/kernel.dir/timer.c.obj
Running (initial) lcov on /mnt/host/source/src/platform/ec/build/zephyr/matsu-ish.
[anraggar:ro] [399/400] Building C object zephyr/kernel/CMakeFiles/kernel.dir/dynamic_disabled.c.obj
[luuke:rw] [343/347] Building C object zephyr/kernel/CMakeFiles/kernel.dir/events.c.obj
Running (initial) lcov on /mnt/host/source/src/platform/ec/build/zephyr/ponyta.
[luuke:rw] [344/347] Building C object zephyr/kernel/CMakeFiles/kernel.dir/poll.c.obj
[anraggar:ro] [400/400] Linking C static library zephyr/kernel/libkernel.a
[anraggar:rw] [389/400] Building C object zephyr/kernel/CMakeFiles/kernel.dir/condvar.c.obj
[luuke:ro] [275/347] Building C object CMakeFiles/app.dir/mnt/host/source/src/platform/ec/build/zephyr/luuke/modules/ec/common/mkbp_info.c.obj
[eirtae:ro] Configuring.
Running `env -i PYTHONPATH=/usr/lib64/python-exec/python3.11:/mnt/host/source/src/platform/ec/zephyr/zmake:/usr/lib/python311.zip:/usr/lib/python3.11:/usr/lib/python3.11/lib-dynload:/usr/lib/python3.11/site-packages PW_PIGWEED_CIPD_INSTALL_DIR=/usr CROSTC_USER_ACKNOWLEDGES_THAT_RISCV_IS_EXPERIMENTAL=1 PATH=/mnt/host/source/chromite/bin:/usr/local/bin:/usr/bin:/bin:/opt/bin:/mnt/host/source/chromite/sdk/bin:/mnt/host/source/chromite/bin HOME=/home/jpmurphy JAVA_HOME=/etc/java-config-2/current-system-vm JDK_HOME=/etc/java-config-2/current-system-vm JAVAC=/etc/java-config-2/current-system-vm/bin/javac MAKEFLAGS=' -j16 --jobserver-auth=5,6' /usr/bin/cmake -S /mnt/host/source/src/platform/ec/zephyr/program/roach -B /mnt/host/source/src/platform/ec/build/zephyr/eirtae/build-ro -GNinja -DCMAKE_EXPORT_COMPILE_COMMANDS=ON -DZEPHYR_BASE=/mnt/host/source/src/third_party/zephyr/main -DZMAKE_INCLUDE_DIR=/mnt/host/source/src/platform/ec/build/zephyr/eirtae/include -DPython3_EXECUTABLE=/usr/bin/python3.11 -DDTS_ROOT=/mnt/host/source/src/platform/ec/zephyr -DSYSCALL_INCLUDE_DIRS=/mnt/host/source/src/platform/ec/zephyr/include/drivers -DUSER_CACHE_DIR=/mnt/host/source/src/platform/ec/build/zephyr/user-cache '-DEXTRA_EC_VERSION_FLAGS=--version 16543.0.0 --static' -DTOOLCHAIN_ROOT=/mnt/host/source/src/platform/ec/zephyr -DCOREBOOT_SDK_ROOT_x86=/home/jpmurphy/.cache/coreboot-sdk/i386-elf/dfbb0486385d938cfa9d73080b9d18d598ed4f49 -DCOREBOOT_SDK_ROOT_picolibc_x86=/home/jpmurphy/.cache/coreboot-sdk/picolibc-i386-elf/eb8e8e687b95461de8cbf278f1c2076952d0ad17 -DCOREBOOT_SDK_ROOT_riscv64=/home/jpmurphy/.cache/coreboot-sdk/riscv64-elf/96b949749225b6aaa92ed810ab769e8dfb12f000 -DCOREBOOT_SDK_ROOT_picolibc_arm=/home/jpmurphy/.cache/coreboot-sdk/picolibc-arm-eabi/422a2aa3e1ef891b5bece9a3deb696ff83840d2e -DCOREBOOT_SDK_ROOT_nds32=/home/jpmurphy/.cache/coreboot-sdk/nds32le-elf/d1a518c4a097666d86058e1444f85ca015d15511 -DCOREBOOT_SDK_ROOT_picolibc_riscv64=/home/jpmurphy/.cache/coreboot-sdk/picolibc-riscv64-elf/f571e990ef0278564b31124f8bb109d9a697eb69 -DCOREBOOT_SDK_ROOT_arm=/home/jpmurphy/.cache/coreboot-sdk/arm-eabi/ea40ddd1d190c3b48435c474c0b545719371813a -DCOREBOOT_SDK_ROOT_libstdcxx_riscv64=/home/jpmurphy/.cache/coreboot-sdk/libstdcxx-riscv64-elf/17abf22a3a252e2d5d2062ced5324f7a623689e0 -DCOREBOOT_SDK_ROOT_libstdcxx_arm=/home/jpmurphy/.cache/coreboot-sdk/libstdcxx-arm-eabi/5d7d82e150e44aa1968f1d366e267e6687b328ac -DCOREBOOT_SDK_ROOT_riscv=/home/jpmurphy/.cache/coreboot-sdk/riscv-elf/9a27b9e82341c6e9126624f516ab3f261abb3e73 -DCOREBOOT_SDK_ROOT_libstdcxx_x86=/home/jpmurphy/.cache/coreboot-sdk/libstdcxx-i386-elf/42ef9d2e87a76a37963175d7d428734e65648b87 -DZEPHYR_TOOLCHAIN_VARIANT=coreboot-sdk -DZEPHYR_MODULES=/mnt/host/source/src/platform/ec/build/zephyr/eirtae/modules/ec -DDTC_OVERLAY_FILE=/mnt/host/source/src/platform/ec/zephyr/program/roach/eirtae/project.overlay -DBOARD=it8xxx2/it82202ax/512 -DCMAKE_C_FLAGS=-DSECTION_IS_RO '-DCONF_FILE=/mnt/host/source/src/platform/ec/zephyr/program/roach/program.conf;/mnt/host/source/src/platform/ec/zephyr/program/roach/eirtae/project.conf;/mnt/host/source/src/platform/ec/build/zephyr/eirtae/kconfig-ro.conf'`
[luuke:rw] [345/347] Building C object zephyr/kernel/CMakeFiles/kernel.dir/mempool.c.obj
[luuke:ro] [276/347] Building C object CMakeFiles/app.dir/mnt/host/source/src/platform/ec/build/zephyr/luuke/modules/ec/common/mkbp_fifo.c.obj
[eirtae:ro] Loading Zephyr default modules (Zephyr base (cached)).
[eirtae:ro] -- Application: /mnt/host/source/src/platform/ec/zephyr/program/roach
Running `env -i PYTHONPATH=/usr/lib64/python-exec/python3.11:/mnt/host/source/src/platform/ec/zephyr/zmake:/usr/lib/python311.zip:/usr/lib/python3.11:/usr/lib/python3.11/lib-dynload:/usr/lib/python3.11/site-packages PW_PIGWEED_CIPD_INSTALL_DIR=/usr CROSTC_USER_ACKNOWLEDGES_THAT_RISCV_IS_EXPERIMENTAL=1 PATH=/mnt/host/source/chromite/bin:/usr/local/bin:/usr/bin:/bin:/opt/bin:/mnt/host/source/chromite/sdk/bin:/mnt/host/source/chromite/bin HOME=/home/jpmurphy JAVA_HOME=/etc/java-config-2/current-system-vm JDK_HOME=/etc/java-config-2/current-system-vm JAVAC=/etc/java-config-2/current-system-vm/bin/javac MAKEFLAGS=' -j16 --jobserver-auth=5,6' /usr/bin/lcov --gcov-tool /mnt/host/source/src/platform/ec/build/zephyr/matsu-ish/build-singleimage/gcov.sh -q -o - -c -d /mnt/host/source/src/platform/ec/build/zephyr/matsu-ish -t matsu-ish --rc branch_coverage=1 --filter range --ignore-errors inconsistent,source --ignore-errors gcov,gcov -i`
[anraggar:rw] [390/400] Building C object zephyr/kernel/CMakeFiles/kernel.dir/thread.c.obj
[anraggar:rw] [391/400] Building C object zephyr/kernel/CMakeFiles/kernel.dir/pipe.c.obj
Running `env -i PYTHONPATH=/usr/lib64/python-exec/python3.11:/mnt/host/source/src/platform/ec/zephyr/zmake:/usr/lib/python311.zip:/usr/lib/python3.11:/usr/lib/python3.11/lib-dynload:/usr/lib/python3.11/site-packages PW_PIGWEED_CIPD_INSTALL_DIR=/usr CROSTC_USER_ACKNOWLEDGES_THAT_RISCV_IS_EXPERIMENTAL=1 PATH=/mnt/host/source/chromite/bin:/usr/local/bin:/usr/bin:/bin:/opt/bin:/mnt/host/source/chromite/sdk/bin:/mnt/host/source/chromite/bin HOME=/home/jpmurphy JAVA_HOME=/etc/java-config-2/current-system-vm JDK_HOME=/etc/java-config-2/current-system-vm JAVAC=/etc/java-config-2/current-system-vm/bin/javac MAKEFLAGS=' -j16 --jobserver-auth=5,6' /usr/bin/lcov --gcov-tool /mnt/host/source/src/platform/ec/build/zephyr/ponyta/build-rw/gcov.sh -q -o - -c -d /mnt/host/source/src/platform/ec/build/zephyr/ponyta -t ponyta --rc branch_coverage=1 --filter range --ignore-errors inconsistent,source --ignore-errors gcov,gcov -i`
[luuke:ro] [277/347] Building C object CMakeFiles/app.dir/mnt/host/source/src/platform/ec/build/zephyr/luuke/modules/ec/common/keyboard_mkbp.c.obj
[luuke:ro] [278/347] Building C object CMakeFiles/app.dir/mnt/host/source/src/platform/ec/build/zephyr/luuke/modules/ec/common/keyboard_scan.c.obj
[luuke:rw] [346/347] Building C object zephyr/kernel/CMakeFiles/kernel.dir/dynamic_disabled.c.obj
[yaviks:ro] Building: /usr/bin/ninja -C /mnt/host/source/src/platform/ec/build/zephyr/yaviks/build-ro all.libraries
Running `env -i SHELL=/bin/bash COLORTERM=truecolor DEPOT_TOOLS_UPDATE=0 LESS='-R -M --shift 5' SUDO_GID=0 JDK_HOME=/etc/java-config-2/current-system-vm CONFIG_PROTECT_MASK='/etc/gentoo-release /etc/sandbox.d /etc/fonts/fonts.conf /etc/terminfo /etc/ca-certificates.conf /etc/revdep-rebuild' CHROMEOS_CACHEDIR=/var/cache/chromeos-cache JAVA_HOME=/etc/java-config-2/current-system-vm SSH_AUTH_SOCK=/tmp/ssh-auth-sock SUDO_COMMAND=/bin/bash SUDO_USER=root SUDO_TTY=/dev/pts/2 EDITOR=/usr/bin/vi PWD=/mnt/host/source/src/platform/ec CONFIG_PROTECT=/usr/share/gnupg/qualified.txt LOGNAME=jpmurphy MANPATH=/etc/java-config-2/current-system-vm/man:/usr/local/share/man:/usr/share/man:/usr/share/gcc-data/x86_64-pc-linux-gnu/10.2.0/man:/usr/share/binutils-data/x86_64-pc-linux-gnu/2.45/man:/etc/java-config-2/current-system-vm/man/ SUDO_HOME=/root XAUTHORITY=/run/user/944457/gdm/Xauthority HOME=/home/jpmurphy LANG=C.UTF-8 LS_COLORS='rs=0:di=01;34:ln=01;36:mh=00:pi=40;33:so=01;35:do=01;35:bd=40;33;01:cd=40;33;01:or=01;05;37;41:mi=01;05;37;41:su=37;41:sg=30;43:ca=30;41:tw=30;42:ow=34;42:st=37;44:ex=01;32:*.tar=01;31:*.tgz=01;31:*.arc=01;31:*.arj=01;31:*.taz=01;31:*.lha=01;31:*.lz4=01;31:*.lzh=01;31:*.lzma=01;31:*.tlz=01;31:*.txz=01;31:*.tzo=01;31:*.t7z=01;31:*.zip=01;31:*.z=01;31:*.dz=01;31:*.gz=01;31:*.lrz=01;31:*.lz=01;31:*.lzo=01;31:*.xz=01;31:*.zst=01;31:*.tzst=01;31:*.bz2=01;31:*.bz=01;31:*.tbz=01;31:*.tbz2=01;31:*.tz=01;31:*.deb=01;31:*.rpm=01;31:*.jar=01;31:*.war=01;31:*.ear=01;31:*.sar=01;31:*.rar=01;31:*.alz=01;31:*.ace=01;31:*.zoo=01;31:*.cpio=01;31:*.7z=01;31:*.rz=01;31:*.cab=01;31:*.wim=01;31:*.swm=01;31:*.dwm=01;31:*.esd=01;31:*.jpg=01;35:*.jpeg=01;35:*.mjpg=01;35:*.mjpeg=01;35:*.gif=01;35:*.bmp=01;35:*.pbm=01;35:*.pgm=01;35:*.ppm=01;35:*.tga=01;35:*.xbm=01;35:*.xpm=01;35:*.tif=01;35:*.tiff=01;35:*.png=01;35:*.svg=01;35:*.svgz=01;35:*.mng=01;35:*.pcx=01;35:*.mov=01;35:*.mpg=01;35:*.mpeg=01;35:*.m2v=01;35:*.mkv=01;35:*.webm=01;35:*.webp=01;35:*.ogm=01;35:*.mp4=01;35:*.m4v=01;35:*.mp4v=01;35:*.vob=01;35:*.qt=01;35:*.nuv=01;35:*.wmv=01;35:*.asf=01;35:*.rm=01;35:*.rmvb=01;35:*.flc=01;35:*.avi=01;35:*.fli=01;35:*.flv=01;35:*.gl=01;35:*.dl=01;35:*.xcf=01;35:*.xwd=01;35:*.yuv=01;35:*.cgm=01;35:*.emf=01;35:*.ogv=01;35:*.ogx=01;35:*.cfg=00;32:*.conf=00;32:*.diff=00;32:*.doc=00;32:*.ini=00;32:*.log=00;32:*.patch=00;32:*.pdf=00;32:*.ps=00;32:*.tex=00;32:*.txt=00;32:*.aac=00;36:*.au=00;36:*.flac=00;36:*.m4a=00;36:*.mid=00;36:*.midi=00;36:*.mka=00;36:*.mp3=00;36:*.mpc=00;36:*.ogg=00;36:*.ra=00;36:*.wav=00;36:*.oga=00;36:*.opus=00;36:*.spx=00;36:*.xspf=00;36:' XDG_CURRENT_DESKTOP=GNOME INFOPATH=/usr/share/info:/usr/share/gcc-data/x86_64-pc-linux-gnu/10.2.0/info:/usr/share/binutils-data/x86_64-pc-linux-gnu/2.45/info:/usr/share/automake-1.16.5/info JAVAC=/etc/java-config-2/current-system-vm/bin/javac TERM=xterm-256color LESSOPEN='|lesspipe %s' USER=jpmurphy CROS_WORKON_SRCROOT=/mnt/host/source MANPAGER=manpager DISPLAY=:1 SHLVL=1 LC_MESSAGES=C EXTERNAL_TRUNK_PATH=/mnt/8f9d649a-3721-44cc-93c0-e6bd21a9689f/chromiumos GCC_SPECS='' PATH=/mnt/host/source/chromite/bin:/usr/local/bin:/usr/bin:/bin:/opt/bin:/mnt/host/source/chromite/sdk/bin:/mnt/host/source/chromite/bin PORTAGE_USERNAME=jpmurphy SUDO_UID=0 GCC_VER=10.2.0 MAIL=/var/mail/jpmurphy OLDPWD=/mnt/host/source/src/scripts traceparent=00-e87aca51550a78635907baa6a2476181-6d684811675d2973-01 _=./zephyr/firmware_builder.py COREBOOT_SDK_ROOT_x86=/home/jpmurphy/.cache/coreboot-sdk/i386-elf/dfbb0486385d938cfa9d73080b9d18d598ed4f49 COREBOOT_SDK_ROOT_picolibc_x86=/home/jpmurphy/.cache/coreboot-sdk/picolibc-i386-elf/eb8e8e687b95461de8cbf278f1c2076952d0ad17 COREBOOT_SDK_ROOT_riscv64=/home/jpmurphy/.cache/coreboot-sdk/riscv64-elf/96b949749225b6aaa92ed810ab769e8dfb12f000 COREBOOT_SDK_ROOT_picolibc_arm=/home/jpmurphy/.cache/coreboot-sdk/picolibc-arm-eabi/422a2aa3e1ef891b5bece9a3deb696ff83840d2e COREBOOT_SDK_ROOT_nds32=/home/jpmurphy/.cache/coreboot-sdk/nds32le-elf/d1a518c4a097666d86058e1444f85ca015d15511 COREBOOT_SDK_ROOT_picolibc_riscv64=/home/jpmurphy/.cache/coreboot-sdk/picolibc-riscv64-elf/f571e990ef0278564b31124f8bb109d9a697eb69 COREBOOT_SDK_ROOT_arm=/home/jpmurphy/.cache/coreboot-sdk/arm-eabi/ea40ddd1d190c3b48435c474c0b545719371813a COREBOOT_SDK_ROOT_libstdcxx_riscv64=/home/jpmurphy/.cache/coreboot-sdk/libstdcxx-riscv64-elf/17abf22a3a252e2d5d2062ced5324f7a623689e0 COREBOOT_SDK_ROOT_libstdcxx_arm=/home/jpmurphy/.cache/coreboot-sdk/libstdcxx-arm-eabi/5d7d82e150e44aa1968f1d366e267e6687b328ac COREBOOT_SDK_ROOT_riscv=/home/jpmurphy/.cache/coreboot-sdk/riscv-elf/9a27b9e82341c6e9126624f516ab3f261abb3e73 COREBOOT_SDK_ROOT_libstdcxx_x86=/home/jpmurphy/.cache/coreboot-sdk/libstdcxx-i386-elf/42ef9d2e87a76a37963175d7d428734e65648b87 PYTHONPATH=/mnt/host/source/src/platform/ec/zephyr/zmake PW_PIGWEED_CIPD_INSTALL_DIR=/usr CROSTC_USER_ACKNOWLEDGES_THAT_RISCV_IS_EXPERIMENTAL=1 MAKEFLAGS=' -j16 --jobserver-auth=5,6' /usr/bin/ninja -C /mnt/host/source/src/platform/ec/build/zephyr/yaviks/build-ro all.libraries`
[yaviks:ro] ninja: Entering directory `/mnt/host/source/src/platform/ec/build/zephyr/yaviks/build-ro'
[anraggar:rw] [392/400] Building C object zephyr/kernel/CMakeFiles/kernel.dir/thread_monitor.c.obj
[anraggar:rw] [393/400] Building C object zephyr/kernel/CMakeFiles/kernel.dir/sched.c.obj
[luuke:rw] [347/347] Linking C static library zephyr/kernel/libkernel.a
[eirtae:ro] -- CMake version: 3.31.7
[eirtae:ro] -- Found Python3: /usr/bin/python3.11 (found suitable version "3.11.11", minimum required is "3.10") found components: Interpreter
[eirtae:ro] -- Cache files will be written to: /mnt/host/source/src/platform/ec/build/zephyr/user-cache
[eirtae:ro] -- Zephyr version: 4.3.99 (/mnt/host/source/src/third_party/zephyr/main)
[anraggar:rw] [394/400] Building C object zephyr/kernel/CMakeFiles/kernel.dir/timeout.c.obj
[anraggar:rw] [395/400] Building C object zephyr/kernel/CMakeFiles/kernel.dir/timer.c.obj
[yaviks:ro] [1/392] Preparing syscall dependency handling
[yaviks:ro] [2/392] Generating misc/generated/syscalls_subdirs.trigger
[anraggar:rw] [396/400] Building C object zephyr/kernel/CMakeFiles/kernel.dir/poll.c.obj
[/mnt/host/source/src/platform/ec/build/zephyr/matsu-ish-lcov] geninfo: WARNING: (format) invalid characters removed from testname
[anraggar:rw] [397/400] Building C object zephyr/kernel/CMakeFiles/kernel.dir/events.c.obj
[luuke:ro] [279/347] Building C object CMakeFiles/app.dir/mnt/host/source/src/platform/ec/build/zephyr/luuke/modules/ec/common/mkbp_input_devices.c.obj
[luuke:ro] [280/347] Building C object CMakeFiles/app.dir/mnt/host/source/src/platform/ec/build/zephyr/luuke/modules/ec/common/led_common.c.obj
[yaviks:ro] [3/392] Generating include/generated/zephyr/version.h
[anraggar:rw] [398/400] Building C object zephyr/kernel/CMakeFiles/kernel.dir/mempool.c.obj
[/mnt/host/source/src/platform/ec/build/zephyr/matsu-ish-lcov] 	(use "geninfo --ignore-errors format,format ..." to suppress this warning)
[/mnt/host/source/src/platform/ec/build/zephyr/matsu-ish-lcov] geninfo: WARNING: using JSON module "JSON::PP" - which is much slower than some alternatives.  Consider installing one of JSON::XS or Cpanel::JSON::XS
[anraggar:rw] [399/400] Building C object zephyr/kernel/CMakeFiles/kernel.dir/dynamic_disabled.c.obj
[/mnt/host/source/src/platform/ec/build/zephyr/ponyta-lcov] geninfo: WARNING: using JSON module "JSON::PP" - which is much slower than some alternatives.  Consider installing one of JSON::XS or Cpanel::JSON::XS
[yaviks:ro] -- git describe warned: warning: tag 'upstream/v2.7.99' is externally known as 'v2.7.99'
[yaviks:ro] -- Zephyr version: 4.3.99 (/mnt/host/source/src/third_party/zephyr/main)
[yaviks:ro] [4/392] cd /mnt/host/source/src/platform/ec/build/zephyr/yaviks/build-ro/modules/ec/zephyr && PYTHONPATH=/mnt/host/source/src/platform/ec/build/zephyr/yaviks/modules/ec/zephyr/zmake/ /usr/bin/python3.11 /mnt/host/source/src/platform/ec/build/zephyr/yaviks/modules/ec/zephyr/zmake/zephyr_build_tools/generate_ec_version.py /mnt/host/source/src/platform/ec/build/zephyr/yaviks/build-ro/modules/ec/zephyr/include/ec_version.h --name Zephyr-Kernel --version 16543.0.0 --static
[yaviks:ro] INFO:root:Using a static version string
[anraggar:rw] [400/400] Linking C static library zephyr/kernel/libkernel.a
[yaviks:rw] Building: /usr/bin/ninja -C /mnt/host/source/src/platform/ec/build/zephyr/yaviks/build-rw all.libraries
Running `env -i SHELL=/bin/bash COLORTERM=truecolor DEPOT_TOOLS_UPDATE=0 LESS='-R -M --shift 5' SUDO_GID=0 JDK_HOME=/etc/java-config-2/current-system-vm CONFIG_PROTECT_MASK='/etc/gentoo-release /etc/sandbox.d /etc/fonts/fonts.conf /etc/terminfo /etc/ca-certificates.conf /etc/revdep-rebuild' CHROMEOS_CACHEDIR=/var/cache/chromeos-cache JAVA_HOME=/etc/java-config-2/current-system-vm SSH_AUTH_SOCK=/tmp/ssh-auth-sock SUDO_COMMAND=/bin/bash SUDO_USER=root SUDO_TTY=/dev/pts/2 EDITOR=/usr/bin/vi PWD=/mnt/host/source/src/platform/ec CONFIG_PROTECT=/usr/share/gnupg/qualified.txt LOGNAME=jpmurphy MANPATH=/etc/java-config-2/current-system-vm/man:/usr/local/share/man:/usr/share/man:/usr/share/gcc-data/x86_64-pc-linux-gnu/10.2.0/man:/usr/share/binutils-data/x86_64-pc-linux-gnu/2.45/man:/etc/java-config-2/current-system-vm/man/ SUDO_HOME=/root XAUTHORITY=/run/user/944457/gdm/Xauthority HOME=/home/jpmurphy LANG=C.UTF-8 LS_COLORS='rs=0:di=01;34:ln=01;36:mh=00:pi=40;33:so=01;35:do=01;35:bd=40;33;01:cd=40;33;01:or=01;05;37;41:mi=01;05;37;41:su=37;41:sg=30;43:ca=30;41:tw=30;42:ow=34;42:st=37;44:ex=01;32:*.tar=01;31:*.tgz=01;31:*.arc=01;31:*.arj=01;31:*.taz=01;31:*.lha=01;31:*.lz4=01;31:*.lzh=01;31:*.lzma=01;31:*.tlz=01;31:*.txz=01;31:*.tzo=01;31:*.t7z=01;31:*.zip=01;31:*.z=01;31:*.dz=01;31:*.gz=01;31:*.lrz=01;31:*.lz=01;31:*.lzo=01;31:*.xz=01;31:*.zst=01;31:*.tzst=01;31:*.bz2=01;31:*.bz=01;31:*.tbz=01;31:*.tbz2=01;31:*.tz=01;31:*.deb=01;31:*.rpm=01;31:*.jar=01;31:*.war=01;31:*.ear=01;31:*.sar=01;31:*.rar=01;31:*.alz=01;31:*.ace=01;31:*.zoo=01;31:*.cpio=01;31:*.7z=01;31:*.rz=01;31:*.cab=01;31:*.wim=01;31:*.swm=01;31:*.dwm=01;31:*.esd=01;31:*.jpg=01;35:*.jpeg=01;35:*.mjpg=01;35:*.mjpeg=01;35:*.gif=01;35:*.bmp=01;35:*.pbm=01;35:*.pgm=01;35:*.ppm=01;35:*.tga=01;35:*.xbm=01;35:*.xpm=01;35:*.tif=01;35:*.tiff=01;35:*.png=01;35:*.svg=01;35:*.svgz=01;35:*.mng=01;35:*.pcx=01;35:*.mov=01;35:*.mpg=01;35:*.mpeg=01;35:*.m2v=01;35:*.mkv=01;35:*.webm=01;35:*.webp=01;35:*.ogm=01;35:*.mp4=01;35:*.m4v=01;35:*.mp4v=01;35:*.vob=01;35:*.qt=01;35:*.nuv=01;35:*.wmv=01;35:*.asf=01;35:*.rm=01;35:*.rmvb=01;35:*.flc=01;35:*.avi=01;35:*.fli=01;35:*.flv=01;35:*.gl=01;35:*.dl=01;35:*.xcf=01;35:*.xwd=01;35:*.yuv=01;35:*.cgm=01;35:*.emf=01;35:*.ogv=01;35:*.ogx=01;35:*.cfg=00;32:*.conf=00;32:*.diff=00;32:*.doc=00;32:*.ini=00;32:*.log=00;32:*.patch=00;32:*.pdf=00;32:*.ps=00;32:*.tex=00;32:*.txt=00;32:*.aac=00;36:*.au=00;36:*.flac=00;36:*.m4a=00;36:*.mid=00;36:*.midi=00;36:*.mka=00;36:*.mp3=00;36:*.mpc=00;36:*.ogg=00;36:*.ra=00;36:*.wav=00;36:*.oga=00;36:*.opus=00;36:*.spx=00;36:*.xspf=00;36:' XDG_CURRENT_DESKTOP=GNOME INFOPATH=/usr/share/info:/usr/share/gcc-data/x86_64-pc-linux-gnu/10.2.0/info:/usr/share/binutils-data/x86_64-pc-linux-gnu/2.45/info:/usr/share/automake-1.16.5/info JAVAC=/etc/java-config-2/current-system-vm/bin/javac TERM=xterm-256color LESSOPEN='|lesspipe %s' USER=jpmurphy CROS_WORKON_SRCROOT=/mnt/host/source MANPAGER=manpager DISPLAY=:1 SHLVL=1 LC_MESSAGES=C EXTERNAL_TRUNK_PATH=/mnt/8f9d649a-3721-44cc-93c0-e6bd21a9689f/chromiumos GCC_SPECS='' PATH=/mnt/host/source/chromite/bin:/usr/local/bin:/usr/bin:/bin:/opt/bin:/mnt/host/source/chromite/sdk/bin:/mnt/host/source/chromite/bin PORTAGE_USERNAME=jpmurphy SUDO_UID=0 GCC_VER=10.2.0 MAIL=/var/mail/jpmurphy OLDPWD=/mnt/host/source/src/scripts traceparent=00-e87aca51550a78635907baa6a2476181-6d684811675d2973-01 _=./zephyr/firmware_builder.py COREBOOT_SDK_ROOT_x86=/home/jpmurphy/.cache/coreboot-sdk/i386-elf/dfbb0486385d938cfa9d73080b9d18d598ed4f49 COREBOOT_SDK_ROOT_picolibc_x86=/home/jpmurphy/.cache/coreboot-sdk/picolibc-i386-elf/eb8e8e687b95461de8cbf278f1c2076952d0ad17 COREBOOT_SDK_ROOT_riscv64=/home/jpmurphy/.cache/coreboot-sdk/riscv64-elf/96b949749225b6aaa92ed810ab769e8dfb12f000 COREBOOT_SDK_ROOT_picolibc_arm=/home/jpmurphy/.cache/coreboot-sdk/picolibc-arm-eabi/422a2aa3e1ef891b5bece9a3deb696ff83840d2e COREBOOT_SDK_ROOT_nds32=/home/jpmurphy/.cache/coreboot-sdk/nds32le-elf/d1a518c4a097666d86058e1444f85ca015d15511 COREBOOT_SDK_ROOT_picolibc_riscv64=/home/jpmurphy/.cache/coreboot-sdk/picolibc-riscv64-elf/f571e990ef0278564b31124f8bb109d9a697eb69 COREBOOT_SDK_ROOT_arm=/home/jpmurphy/.cache/coreboot-sdk/arm-eabi/ea40ddd1d190c3b48435c474c0b545719371813a COREBOOT_SDK_ROOT_libstdcxx_riscv64=/home/jpmurphy/.cache/coreboot-sdk/libstdcxx-riscv64-elf/17abf22a3a252e2d5d2062ced5324f7a623689e0 COREBOOT_SDK_ROOT_libstdcxx_arm=/home/jpmurphy/.cache/coreboot-sdk/libstdcxx-arm-eabi/5d7d82e150e44aa1968f1d366e267e6687b328ac COREBOOT_SDK_ROOT_riscv=/home/jpmurphy/.cache/coreboot-sdk/riscv-elf/9a27b9e82341c6e9126624f516ab3f261abb3e73 COREBOOT_SDK_ROOT_libstdcxx_x86=/home/jpmurphy/.cache/coreboot-sdk/libstdcxx-i386-elf/42ef9d2e87a76a37963175d7d428734e65648b87 PYTHONPATH=/mnt/host/source/src/platform/ec/zephyr/zmake PW_PIGWEED_CIPD_INSTALL_DIR=/usr CROSTC_USER_ACKNOWLEDGES_THAT_RISCV_IS_EXPERIMENTAL=1 MAKEFLAGS=' -j16 --jobserver-auth=5,6' /usr/bin/ninja -C /mnt/host/source/src/platform/ec/build/zephyr/yaviks/build-rw all.libraries`
[luuke:ro] [281/347] Building C object CMakeFiles/app.dir/mnt/host/source/src/platform/ec/build/zephyr/luuke/modules/ec/common/lid_angle.c.obj
[luuke:ro] [282/347] Building C object CMakeFiles/app.dir/mnt/host/source/src/platform/ec/build/zephyr/luuke/modules/ec/common/motion_lid.c.obj
[yaviks:rw] ninja: Entering directory `/mnt/host/source/src/platform/ec/build/zephyr/yaviks/build-rw'
[luuke:ro] [283/347] Building C object CMakeFiles/app.dir/mnt/host/source/src/platform/ec/build/zephyr/luuke/modules/ec/common/lid_angle_keyboard_policy.c.obj
[yaviks:ro] INFO:root:Version string: Zephyr-Kernel-16543.0.0
[yaviks:ro] INFO:root:Writing header to /mnt/host/source/src/platform/ec/build/zephyr/yaviks/build-ro/modules/ec/zephyr/include/ec_version.h
[yaviks:ro] [5/392] Generating misc/generated/syscalls.json, misc/generated/struct_tags.json
[yaviks:rw] [1/392] Preparing syscall dependency handling
[luuke:ro] [284/347] Building C object CMakeFiles/app.dir/mnt/host/source/src/platform/ec/build/zephyr/luuke/modules/ec/common/lid_switch.c.obj
[luuke:ro] [285/347] Building C object CMakeFiles/app.dir/mnt/host/source/src/platform/ec/build/zephyr/luuke/modules/ec/common/power_button.c.obj
[eirtae:ro] -- Board: it8xxx2, qualifiers: it82202ax/512
[yaviks:rw] [2/392] Generating misc/generated/syscalls_subdirs.trigger
[yaviks:rw] [3/392] Generating include/generated/zephyr/version.h
[yaviks:rw] -- git describe warned: warning: tag 'upstream/v2.7.99' is externally known as 'v2.7.99'
[yaviks:ro] [6/392] Generating include/generated/zephyr/syscall_dispatch.c, include/generated/zephyr/syscall_exports_llext.c, syscall_weakdefs_llext.c, include/generated/zephyr/syscall_list.h
[luuke:ro] [286/347] Building C object CMakeFiles/app.dir/mnt/host/source/src/platform/ec/build/zephyr/luuke/modules/ec/common/mkbp_event.c.obj
[yaviks:rw] -- Zephyr version: 4.3.99 (/mnt/host/source/src/third_party/zephyr/main)
[yaviks:rw] [4/392] cd /mnt/host/source/src/platform/ec/build/zephyr/yaviks/build-rw/modules/ec/zephyr && PYTHONPATH=/mnt/host/source/src/platform/ec/build/zephyr/yaviks/modules/ec/zephyr/zmake/ /usr/bin/python3.11 /mnt/host/source/src/platform/ec/build/zephyr/yaviks/modules/ec/zephyr/zmake/zephyr_build_tools/generate_ec_version.py /mnt/host/source/src/platform/ec/build/zephyr/yaviks/build-rw/modules/ec/zephyr/include/ec_version.h --name Zephyr-Kernel --version 16543.0.0 --static
[yaviks:rw] INFO:root:Using a static version string
[luuke:ro] [287/347] Building C object CMakeFiles/app.dir/mnt/host/source/src/platform/ec/build/zephyr/luuke/modules/ec/power/host_sleep.c.obj
[luuke:ro] [288/347] Building C object CMakeFiles/app.dir/mnt/host/source/src/platform/ec/build/zephyr/luuke/modules/ec/power/common.c.obj
[yaviks:ro] [7/392] Generating include/generated/zephyr/driver-validation.h
[/mnt/host/source/src/platform/ec/build/zephyr/ponyta-lcov] stderr:
[luuke:ro] [289/347] Building C object CMakeFiles/app.dir/mnt/host/source/src/platform/ec/build/zephyr/luuke/modules/ec/common/panic_output.c.obj
[luuke:ro] [290/347] Building C object CMakeFiles/app.dir/mnt/host/source/src/platform/ec/build/zephyr/luuke/modules/ec/common/motion_sense.c.obj
[luuke:ro] [291/347] Building C object CMakeFiles/app.dir/mnt/host/source/src/platform/ec/build/zephyr/luuke/modules/ec/power/mt8186.c.obj
[luuke:ro] [292/347] Building C object CMakeFiles/app.dir/mnt/host/source/src/platform/ec/build/zephyr/luuke/modules/ec/common/shared_mem.c.obj
[yaviks:ro] [8/392] Generating include/generated/zephyr/kobj-types-enum.h, include/generated/zephyr/otype-to-str.h, include/generated/zephyr/otype-to-size.h
[yaviks:ro] [9/392] Generating include/generated/device-api-sections.ld, include/generated/device-api-sections.cmake
[/mnt/host/source/src/platform/ec/build/zephyr/ponyta-lcov]   /mnt/host/source/src/platform/ec/build/zephyr/ponyta/build-ro/modules/ec/zephyr/CMakeFiles/ec_shim.dir/shim/src/power.c.gcno:no functions found
[/mnt/host/source/src/platform/ec/build/zephyr/ponyta-lcov] stderr:
[/mnt/host/source/src/platform/ec/build/zephyr/ponyta-lcov]   /mnt/host/source/src/platform/ec/build/zephyr/ponyta/build-ro/modules/ec/zephyr/CMakeFiles/ec_shim.dir/shim/src/thermal.c.gcno:no functions found
[/mnt/host/source/src/platform/ec/build/zephyr/ponyta-lcov] stderr:
[luuke:ro] [293/347] Building C object CMakeFiles/app.dir/mnt/host/source/src/platform/ec/build/zephyr/luuke/modules/ec/common/switch.c.obj
[luuke:ro] [294/347] Building C object CMakeFiles/app.dir/mnt/host/source/src/platform/ec/build/zephyr/luuke/modules/ec/driver/stm_mems_common.c.obj
[yaviks:rw] INFO:root:Version string: Zephyr-Kernel-16543.0.0
[yaviks:rw] INFO:root:Writing header to /mnt/host/source/src/platform/ec/build/zephyr/yaviks/build-rw/modules/ec/zephyr/include/ec_version.h
[yaviks:rw] [5/392] Generating misc/generated/syscalls.json, misc/generated/struct_tags.json
[luuke:ro] [295/347] Building C object CMakeFiles/app.dir/mnt/host/source/src/platform/ec/build/zephyr/luuke/modules/ec/common/tablet_mode.c.obj
[luuke:ro] [296/347] Building C object CMakeFiles/app.dir/mnt/host/source/src/platform/ec/build/zephyr/luuke/modules/ec/common/timer.c.obj
[/mnt/host/source/src/platform/ec/build/zephyr/ponyta-lcov]   /mnt/host/source/src/platform/ec/build/zephyr/ponyta/build-ro/modules/ec/zephyr/CMakeFiles/ec_shim.dir/shim/src/battery.c.gcno:no functions found
[/mnt/host/source/src/platform/ec/build/zephyr/ponyta-lcov] stderr:
[/mnt/host/source/src/platform/ec/build/zephyr/ponyta-lcov]   /mnt/host/source/src/platform/ec/build/zephyr/ponyta/build-ro/modules/ec/zephyr/CMakeFiles/ec_shim.dir/shim/src/charger.c.gcno:no functions found
[/mnt/host/source/src/platform/ec/build/zephyr/ponyta-lcov] stderr:
[luuke:ro] [297/347] Building C object CMakeFiles/app.dir/mnt/host/source/src/platform/ec/build/zephyr/luuke/modules/ec/common/chargen.c.obj
[luuke:ro] [298/347] Building C object CMakeFiles/app.dir/mnt/host/source/src/platform/ec/build/zephyr/luuke/modules/ec/common/usb_port_power_dumb.c.obj
[yaviks:rw] [6/392] Generating include/generated/zephyr/syscall_dispatch.c, include/generated/zephyr/syscall_exports_llext.c, syscall_weakdefs_llext.c, include/generated/zephyr/syscall_list.h
[luuke:ro] [299/347] Building C object CMakeFiles/app.dir/mnt/host/source/src/platform/ec/build/zephyr/luuke/modules/ec/common/usbc_utils.c.obj
[yaviks:ro] [10/392] Building C object zephyr/CMakeFiles/offsets.dir/arch/riscv/core/offsets/offsets.c.obj
[luuke:ro] [300/347] Building C object CMakeFiles/app.dir/mnt/host/source/src/platform/ec/build/zephyr/luuke/modules/ec/common/usb_pd_host_cmd_common.c.obj
[yaviks:rw] [7/392] Generating include/generated/zephyr/driver-validation.h
[luuke:ro] [301/347] Building C object CMakeFiles/app.dir/mnt/host/source/src/platform/ec/build/zephyr/luuke/modules/ec/common/usb_common.c.obj
[yaviks:ro] [11/392] Generating include/generated/zephyr/offsets.h
[yaviks:rw] [8/392] Generating include/generated/zephyr/kobj-types-enum.h, include/generated/zephyr/otype-to-str.h, include/generated/zephyr/otype-to-size.h
[yaviks:rw] [9/392] Generating include/generated/device-api-sections.ld, include/generated/device-api-sections.cmake
[eirtae:ro] -- Found Dtc: /usr/bin/dtc (found suitable version "1.6.0", minimum required is "1.4.6")
[eirtae:ro] -- Found BOARD.dts: /mnt/host/source/src/platform/ec/zephyr/boards/google/it8xxx2/it8xxx2_it82202ax_512.dts
[eirtae:ro] -- Found devicetree overlay: /mnt/host/source/src/platform/ec/zephyr/program/roach/eirtae/project.overlay
[luuke:ro] [302/347] Building C object CMakeFiles/app.dir/mnt/host/source/src/platform/ec/build/zephyr/luuke/modules/ec/common/vboot_hash.c.obj
[luuke:ro] [303/347] Building C object CMakeFiles/app.dir/mnt/host/source/src/platform/ec/build/zephyr/luuke/modules/ec/common/math_util.c.obj
[luuke:ro] [304/347] Building C object CMakeFiles/app.dir/mnt/host/source/src/platform/ec/build/zephyr/luuke/modules/ec/common/button.c.obj
[luuke:ro] [305/347] Building C object CMakeFiles/app.dir/mnt/host/source/src/platform/ec/build/zephyr/luuke/modules/ec/zephyr/program/skywalker/src/i2c.c.obj
[luuke:ro] [306/347] Building C object CMakeFiles/app.dir/mnt/host/source/src/platform/ec/build/zephyr/luuke/modules/ec/common/vstore.c.obj
[luuke:ro] [307/347] Building C object CMakeFiles/app.dir/mnt/host/source/src/platform/ec/build/zephyr/luuke/modules/ec/common/vboot/efs2.c.obj
[luuke:ro] [308/347] Linking C static library modules/ec/zephyr/libec_shim.a
[luuke:ro] [309/347] Building C object CMakeFiles/app.dir/mnt/host/source/src/platform/ec/build/zephyr/luuke/modules/ec/zephyr/program/skywalker/src/hibernate.c.obj
[/mnt/host/source/src/platform/ec/build/zephyr/ponyta-lcov]   /mnt/host/source/src/platform/ec/build/zephyr/ponyta/build-ro/modules/ec/zephyr/CMakeFiles/ec_shim.dir/shim/src/usb_muxes.c.gcno:no functions found
[/mnt/host/source/src/platform/ec/build/zephyr/ponyta-lcov] stderr:
[yaviks:ro] [12/392] Building C object CMakeFiles/app.dir/mnt/host/source/src/platform/ec/zephyr/subsys/ap_pwrseq/ap_events.c.obj
[luuke:ro] [310/347] Building C object CMakeFiles/app.dir/mnt/host/source/src/platform/ec/build/zephyr/luuke/modules/ec/zephyr/program/skywalker/src/hooks.c.obj
[luuke:ro] [311/347] Building C object CMakeFiles/app.dir/mnt/host/source/src/platform/ec/build/zephyr/luuke/modules/ec/zephyr/program/skywalker/src/backlight.c.obj
[yaviks:rw] [10/392] Building C object zephyr/CMakeFiles/offsets.dir/arch/riscv/core/offsets/offsets.c.obj
[luuke:ro] [312/347] Building C object CMakeFiles/app.dir/mnt/host/source/src/platform/ec/build/zephyr/luuke/modules/ec/zephyr/program/skywalker/src/dp_alt_mode.c.obj
[luuke:ro] [313/347] Building C object zephyr/kernel/CMakeFiles/kernel.dir/main_weak.c.obj
[yaviks:rw] [11/392] Generating include/generated/zephyr/offsets.h
[luuke:ro] [314/347] Building C object zephyr/kernel/CMakeFiles/kernel.dir/banner.c.obj
[luuke:ro] [315/347] Building C object zephyr/kernel/CMakeFiles/kernel.dir/errno.c.obj
[luuke:ro] [316/347] Building C object zephyr/kernel/CMakeFiles/kernel.dir/busy_wait.c.obj
[/mnt/host/source/src/platform/ec/build/zephyr/ponyta-lcov]   /mnt/host/source/src/platform/ec/build/zephyr/ponyta/build-ro/modules/ec/zephyr/CMakeFiles/ec_shim.dir/shim/src/usba.c.gcno:no functions found
[/mnt/host/source/src/platform/ec/build/zephyr/ponyta-lcov] stderr:
[luuke:ro] [317/347] Building C object zephyr/kernel/CMakeFiles/kernel.dir/device.c.obj
[luuke:ro] [318/347] Building C object CMakeFiles/app.dir/luuke/src/sensor.c.obj
[luuke:ro] [319/347] Building C object zephyr/kernel/CMakeFiles/kernel.dir/version.c.obj
[luuke:ro] [320/347] Building C object zephyr/kernel/CMakeFiles/kernel.dir/fatal.c.obj
[luuke:ro] [321/347] Linking C static library app/libapp.a
[yaviks:ro] [13/392] Building C object CMakeFiles/app.dir/mnt/host/source/src/platform/ec/zephyr/subsys/ap_pwrseq/ap_power_interface.c.obj
[eirtae:ro] -- Generated zephyr.dts: /mnt/host/source/src/platform/ec/build/zephyr/eirtae/build-ro/zephyr/zephyr.dts
[eirtae:ro] -- Generated pickled edt: /mnt/host/source/src/platform/ec/build/zephyr/eirtae/build-ro/zephyr/edt.pickle
[luuke:ro] [322/347] Building C object zephyr/kernel/CMakeFiles/kernel.dir/kheap.c.obj
[luuke:ro] [323/347] Building C object zephyr/kernel/CMakeFiles/kernel.dir/init.c.obj
[yaviks:rw] [12/392] Building C object CMakeFiles/app.dir/mnt/host/source/src/platform/ec/zephyr/subsys/ap_pwrseq/ap_events.c.obj
[luuke:ro] [324/347] Building C object zephyr/kernel/CMakeFiles/kernel.dir/mem_slab.c.obj
[luuke:ro] [325/347] Building C object zephyr/kernel/CMakeFiles/kernel.dir/float.c.obj
[luuke:ro] [326/347] Building C object zephyr/kernel/CMakeFiles/kernel.dir/mailbox.c.obj
[luuke:ro] [327/347] Building C object zephyr/kernel/CMakeFiles/kernel.dir/idle.c.obj
[luuke:ro] [328/347] Building C object zephyr/kernel/CMakeFiles/kernel.dir/msg_q.c.obj
[eirtae:ro] -- Generated devicetree_generated.h: /mnt/host/source/src/platform/ec/build/zephyr/eirtae/build-ro/zephyr/include/generated/zephyr/devicetree_generated.h
[luuke:ro] [329/347] Building C object zephyr/kernel/CMakeFiles/kernel.dir/queue.c.obj
[luuke:ro] [330/347] Building C object zephyr/kernel/CMakeFiles/kernel.dir/sem.c.obj
[luuke:ro] [331/347] Building C object zephyr/kernel/CMakeFiles/kernel.dir/mutex.c.obj
[yaviks:ro] [14/392] Building C object CMakeFiles/app.dir/mnt/host/source/src/platform/ec/zephyr/subsys/ap_pwrseq/power_signals.c.obj
[luuke:ro] [332/347] Building C object zephyr/kernel/CMakeFiles/kernel.dir/system_work_q.c.obj
[luuke:ro] [333/347] Building C object zephyr/kernel/CMakeFiles/kernel.dir/stack.c.obj
[luuke:ro] [334/347] Building C object zephyr/kernel/CMakeFiles/kernel.dir/condvar.c.obj
[yaviks:rw] [13/392] Building C object CMakeFiles/app.dir/mnt/host/source/src/platform/ec/zephyr/subsys/ap_pwrseq/ap_power_interface.c.obj
[luuke:ro] [335/347] Building C object zephyr/kernel/CMakeFiles/kernel.dir/thread.c.obj
[luuke:ro] [336/347] Building C object zephyr/kernel/CMakeFiles/kernel.dir/spinlock_validate.c.obj
[luuke:ro] [337/347] Building C object zephyr/kernel/CMakeFiles/kernel.dir/pipe.c.obj
[luuke:ro] [338/347] Building C object zephyr/kernel/CMakeFiles/kernel.dir/work.c.obj
[luuke:ro] [339/347] Building C object zephyr/kernel/CMakeFiles/kernel.dir/thread_monitor.c.obj
[luuke:ro] [340/347] Building C object zephyr/kernel/CMakeFiles/kernel.dir/sched.c.obj
[luuke:ro] [341/347] Building C object zephyr/kernel/CMakeFiles/kernel.dir/timer.c.obj
[luuke:ro] [342/347] Building C object zephyr/kernel/CMakeFiles/kernel.dir/timeout.c.obj
Running (initial) lcov on /mnt/host/source/src/platform/ec/build/zephyr/anraggar.
[frostflow:rw] Configuring.
Running `env -i PYTHONPATH=/usr/lib64/python-exec/python3.11:/mnt/host/source/src/platform/ec/zephyr/zmake:/usr/lib/python311.zip:/usr/lib/python3.11:/usr/lib/python3.11/lib-dynload:/usr/lib/python3.11/site-packages PW_PIGWEED_CIPD_INSTALL_DIR=/usr CROSTC_USER_ACKNOWLEDGES_THAT_RISCV_IS_EXPERIMENTAL=1 PATH=/mnt/host/source/chromite/bin:/usr/local/bin:/usr/bin:/bin:/opt/bin:/mnt/host/source/chromite/sdk/bin:/mnt/host/source/chromite/bin HOME=/home/jpmurphy JAVA_HOME=/etc/java-config-2/current-system-vm JDK_HOME=/etc/java-config-2/current-system-vm JAVAC=/etc/java-config-2/current-system-vm/bin/javac MAKEFLAGS=' -j16 --jobserver-auth=5,6' /usr/bin/cmake -S /mnt/host/source/src/platform/ec/zephyr/program/skyrim -B /mnt/host/source/src/platform/ec/build/zephyr/frostflow/build-rw -GNinja -DCMAKE_EXPORT_COMPILE_COMMANDS=ON -DZEPHYR_BASE=/mnt/host/source/src/third_party/zephyr/main -DZMAKE_INCLUDE_DIR=/mnt/host/source/src/platform/ec/build/zephyr/frostflow/include -DPython3_EXECUTABLE=/usr/bin/python3.11 -DDTS_ROOT=/mnt/host/source/src/platform/ec/zephyr -DSYSCALL_INCLUDE_DIRS=/mnt/host/source/src/platform/ec/zephyr/include/drivers -DUSER_CACHE_DIR=/mnt/host/source/src/platform/ec/build/zephyr/user-cache '-DEXTRA_EC_VERSION_FLAGS=--version 16543.0.0 --static' -DTOOLCHAIN_ROOT=/mnt/host/source/src/platform/ec/zephyr -DCOREBOOT_SDK_ROOT_x86=/home/jpmurphy/.cache/coreboot-sdk/i386-elf/dfbb0486385d938cfa9d73080b9d18d598ed4f49 -DCOREBOOT_SDK_ROOT_picolibc_x86=/home/jpmurphy/.cache/coreboot-sdk/picolibc-i386-elf/eb8e8e687b95461de8cbf278f1c2076952d0ad17 -DCOREBOOT_SDK_ROOT_riscv64=/home/jpmurphy/.cache/coreboot-sdk/riscv64-elf/96b949749225b6aaa92ed810ab769e8dfb12f000 -DCOREBOOT_SDK_ROOT_picolibc_arm=/home/jpmurphy/.cache/coreboot-sdk/picolibc-arm-eabi/422a2aa3e1ef891b5bece9a3deb696ff83840d2e -DCOREBOOT_SDK_ROOT_nds32=/home/jpmurphy/.cache/coreboot-sdk/nds32le-elf/d1a518c4a097666d86058e1444f85ca015d15511 -DCOREBOOT_SDK_ROOT_picolibc_riscv64=/home/jpmurphy/.cache/coreboot-sdk/picolibc-riscv64-elf/f571e990ef0278564b31124f8bb109d9a697eb69 -DCOREBOOT_SDK_ROOT_arm=/home/jpmurphy/.cache/coreboot-sdk/arm-eabi/ea40ddd1d190c3b48435c474c0b545719371813a -DCOREBOOT_SDK_ROOT_libstdcxx_riscv64=/home/jpmurphy/.cache/coreboot-sdk/libstdcxx-riscv64-elf/17abf22a3a252e2d5d2062ced5324f7a623689e0 -DCOREBOOT_SDK_ROOT_libstdcxx_arm=/home/jpmurphy/.cache/coreboot-sdk/libstdcxx-arm-eabi/5d7d82e150e44aa1968f1d366e267e6687b328ac -DCOREBOOT_SDK_ROOT_riscv=/home/jpmurphy/.cache/coreboot-sdk/riscv-elf/9a27b9e82341c6e9126624f516ab3f261abb3e73 -DCOREBOOT_SDK_ROOT_libstdcxx_x86=/home/jpmurphy/.cache/coreboot-sdk/libstdcxx-i386-elf/42ef9d2e87a76a37963175d7d428734e65648b87 -DZEPHYR_TOOLCHAIN_VARIANT=coreboot-sdk '-DZEPHYR_MODULES=/mnt/host/source/src/platform/ec/build/zephyr/frostflow/modules/cmsis;/mnt/host/source/src/platform/ec/build/zephyr/frostflow/modules/cmsis_6;/mnt/host/source/src/platform/ec/build/zephyr/frostflow/modules/ec' -DDTC_OVERLAY_FILE=/mnt/host/source/src/platform/ec/zephyr/program/skyrim/frostflow/project.overlay -DBOARD=npcx9/npcx9m3f -DCMAKE_C_FLAGS=-DSECTION_IS_RW '-DCONF_FILE=/mnt/host/source/src/platform/ec/zephyr/program/skyrim/program.conf;/mnt/host/source/src/platform/ec/zephyr/program/skyrim/frostflow/project.conf;/mnt/host/source/src/platform/ec/build/zephyr/frostflow/kconfig-rw.conf'`
[luuke:ro] [343/347] Building C object zephyr/kernel/CMakeFiles/kernel.dir/events.c.obj
[frostflow:rw] Loading Zephyr default modules (Zephyr base (cached)).
[frostflow:rw] -- Application: /mnt/host/source/src/platform/ec/zephyr/program/skyrim
[frostflow:rw] -- CMake version: 3.31.7
Toolchain <zmake.toolchains.CorebootSdkToolchain object at 0x7f412079bf50> selected by probe function.
[kingler] Building in /mnt/host/source/src/platform/ec/build/zephyr/kingler.
[luuke:ro] [344/347] Building C object zephyr/kernel/CMakeFiles/kernel.dir/poll.c.obj
[yaviks:ro] [15/392] Building C object CMakeFiles/app.dir/mnt/host/source/src/platform/ec/zephyr/subsys/ap_pwrseq/signal_gpio.c.obj
[eirtae:ro] /mnt/host/source/src/platform/ec/build/zephyr/eirtae/build-ro/zephyr/zephyr.dts:1264.27-1928.5: Warning (avoid_unnecessary_addr_size): /soc/pin-controller: unnecessary #address-cells/#size-cells without "ranges" or child "reg" property
[yaviks:rw] [14/392] Building C object CMakeFiles/app.dir/mnt/host/source/src/platform/ec/zephyr/subsys/ap_pwrseq/power_signals.c.obj
[luuke:ro] [345/347] Building C object zephyr/kernel/CMakeFiles/kernel.dir/dynamic_disabled.c.obj
Running `env -i PYTHONPATH=/usr/lib64/python-exec/python3.11:/mnt/host/source/src/platform/ec/zephyr/zmake:/usr/lib/python311.zip:/usr/lib/python3.11:/usr/lib/python3.11/lib-dynload:/usr/lib/python3.11/site-packages PW_PIGWEED_CIPD_INSTALL_DIR=/usr CROSTC_USER_ACKNOWLEDGES_THAT_RISCV_IS_EXPERIMENTAL=1 PATH=/mnt/host/source/chromite/bin:/usr/local/bin:/usr/bin:/bin:/opt/bin:/mnt/host/source/chromite/sdk/bin:/mnt/host/source/chromite/bin HOME=/home/jpmurphy JAVA_HOME=/etc/java-config-2/current-system-vm JDK_HOME=/etc/java-config-2/current-system-vm JAVAC=/etc/java-config-2/current-system-vm/bin/javac MAKEFLAGS=' -j16 --jobserver-auth=5,6' /usr/bin/lcov --gcov-tool /mnt/host/source/src/platform/ec/build/zephyr/anraggar/build-rw/gcov.sh -q -o - -c -d /mnt/host/source/src/platform/ec/build/zephyr/anraggar -t anraggar --rc branch_coverage=1 --filter range --ignore-errors inconsistent,source --ignore-errors gcov,gcov -i`
[luuke:ro] [346/347] Building C object zephyr/kernel/CMakeFiles/kernel.dir/mempool.c.obj
[luuke:ro] [347/347] Linking C static library zephyr/kernel/libkernel.a
[yaviks:ro] [16/392] Building C object CMakeFiles/app.dir/mnt/host/source/src/platform/ec/zephyr/subsys/ap_pwrseq/signal_vw.c.obj
[frostflow:rw] -- Found Python3: /usr/bin/python3.11 (found suitable version "3.11.11", minimum required is "3.10") found components: Interpreter
[frostflow:rw] -- Cache files will be written to: /mnt/host/source/src/platform/ec/build/zephyr/user-cache
[frostflow:rw] -- Zephyr version: 4.3.99 (/mnt/host/source/src/third_party/zephyr/main)
[yaviks:ro] [17/392] Building C object CMakeFiles/app.dir/mnt/host/source/src/platform/ec/zephyr/subsys/ap_pwrseq/signal_adc.c.obj
[yaviks:rw] [15/392] Building C object CMakeFiles/app.dir/mnt/host/source/src/platform/ec/zephyr/subsys/ap_pwrseq/signal_gpio.c.obj
[yaviks:rw] [16/392] Building C object CMakeFiles/app.dir/mnt/host/source/src/platform/ec/zephyr/subsys/ap_pwrseq/signal_vw.c.obj
[yaviks:rw] [17/392] Building C object CMakeFiles/app.dir/mnt/host/source/src/platform/ec/zephyr/subsys/ap_pwrseq/signal_adc.c.obj
[yaviks:ro] [18/392] Building C object CMakeFiles/app.dir/mnt/host/source/src/platform/ec/zephyr/subsys/ap_pwrseq/power_host_sleep.c.obj
[yaviks:rw] [18/392] Building C object CMakeFiles/app.dir/mnt/host/source/src/platform/ec/zephyr/subsys/ap_pwrseq/power_host_sleep.c.obj
[/mnt/host/source/src/platform/ec/build/zephyr/matsu-ish-lcov] stderr:
[yaviks:rw] [19/392] Building C object CMakeFiles/app.dir/mnt/host/source/src/platform/ec/zephyr/subsys/ap_pwrseq/x86_non_dsx_common_pwrseq_sm_handler.c.obj
[yaviks:rw] [20/392] Building C object CMakeFiles/app.dir/mnt/host/source/src/platform/ec/zephyr/subsys/ap_pwrseq/x86_non_dsx_chipset_power_state.c.obj
[/mnt/host/source/src/platform/ec/build/zephyr/anraggar-lcov] geninfo: WARNING: using JSON module "JSON::PP" - which is much slower than some alternatives.  Consider installing one of JSON::XS or Cpanel::JSON::XS
[/mnt/host/source/src/platform/ec/build/zephyr/ponyta-lcov]   /mnt/host/source/src/platform/ec/build/zephyr/ponyta/build-ro/modules/ec/zephyr/CMakeFiles/ec_shim.dir/shim/src/keyscan.c.gcno:no functions found
[/mnt/host/source/src/platform/ec/build/zephyr/ponyta-lcov] stderr:
[yaviks:ro] [19/392] Building C object CMakeFiles/app.dir/mnt/host/source/src/platform/ec/zephyr/subsys/ap_pwrseq/x86_non_dsx_chipset_power_state.c.obj
[yaviks:ro] [20/392] Building C object CMakeFiles/app.dir/mnt/host/source/src/platform/ec/zephyr/subsys/ap_pwrseq/x86_non_dsx_common_pwrseq_sm_handler.c.obj
[yaviks:rw] [21/392] Building C object CMakeFiles/app.dir/mnt/host/source/src/platform/ec/zephyr/subsys/ap_pwrseq/x86_non_dsx_common_pwrseq_host_sleep.c.obj
[yaviks:ro] [21/392] Building C object CMakeFiles/app.dir/mnt/host/source/src/platform/ec/zephyr/subsys/ap_pwrseq/x86_non_dsx_common_pwrseq_host_sleep.c.obj
[/mnt/host/source/src/platform/ec/build/zephyr/matsu-ish-lcov]   /mnt/host/source/src/platform/ec/build/zephyr/matsu-ish/build-singleimage/CMakeFiles/app.dir/mnt/host/source/src/platform/ec/build/zephyr/matsu-ish/modules/ec/common/cbi_config.c.gcno:no functions found
[/mnt/host/source/src/platform/ec/build/zephyr/matsu-ish-lcov] stderr:
[yaviks:rw] [22/392] Building C object CMakeFiles/app.dir/mnt/host/source/src/platform/ec/zephyr/subsys/ap_pwrseq/x86_non_dsx_common_pwrseq_console.c.obj
[yaviks:rw] [23/392] Building C object CMakeFiles/app.dir/mnt/host/source/src/platform/ec/zephyr/subsys/ap_pwrseq/x86_non_dsx_common_pwrseq_host_command.c.obj
[yaviks:ro] [22/392] Building C object CMakeFiles/app.dir/mnt/host/source/src/platform/ec/zephyr/subsys/ap_pwrseq/x86_non_dsx_common_pwrseq_console.c.obj
[yaviks:rw] [24/392] Building C object CMakeFiles/app.dir/mnt/host/source/src/platform/ec/zephyr/subsys/ap_pwrseq/ap_reset_log.c.obj
[frostflow:rw] -- Board: npcx9, qualifiers: npcx9m3f
[yaviks:rw] [25/392] Building C object CMakeFiles/app.dir/mnt/host/source/src/platform/ec/zephyr/subsys/ap_pwrseq/x86_non_dsx_adlp_pwrseq_sm.c.obj
[yaviks:rw] [26/392] Building C object CMakeFiles/app.dir/mnt/host/source/src/platform/ec/build/zephyr/yaviks/modules/ec/builtin/stdlib.c.obj
[yaviks:rw] [27/392] Building C object CMakeFiles/app.dir/mnt/host/source/src/platform/ec/build/zephyr/yaviks/modules/ec/common/base32.c.obj
[yaviks:ro] [23/392] Building C object CMakeFiles/app.dir/mnt/host/source/src/platform/ec/zephyr/subsys/ap_pwrseq/x86_non_dsx_adlp_pwrseq_sm.c.obj
[yaviks:ro] [24/392] Building C object CMakeFiles/app.dir/mnt/host/source/src/platform/ec/zephyr/subsys/ap_pwrseq/ap_reset_log.c.obj
[yaviks:ro] [25/392] Building C object CMakeFiles/app.dir/mnt/host/source/src/platform/ec/zephyr/subsys/ap_pwrseq/x86_non_dsx_common_pwrseq_host_command.c.obj
[yaviks:rw] [28/392] Building C object CMakeFiles/app.dir/mnt/host/source/src/platform/ec/build/zephyr/yaviks/modules/ec/common/console_output.c.obj
[/mnt/host/source/src/platform/ec/build/zephyr/anraggar-lcov] stderr:
[yaviks:rw] [29/392] Building C object CMakeFiles/app.dir/mnt/host/source/src/platform/ec/build/zephyr/yaviks/modules/ec/common/ec_features.c.obj
[/mnt/host/source/src/platform/ec/build/zephyr/anraggar-lcov]   /mnt/host/source/src/platform/ec/build/zephyr/anraggar/build-ro/modules/ec/zephyr/CMakeFiles/ec_shim.dir/shim/src/thermal.c.gcno:no functions found
[/mnt/host/source/src/platform/ec/build/zephyr/anraggar-lcov] stderr:
[yaviks:ro] [26/392] Building C object CMakeFiles/app.dir/mnt/host/source/src/platform/ec/build/zephyr/yaviks/modules/ec/builtin/stdlib.c.obj
[yaviks:rw] [30/392] Building C object CMakeFiles/app.dir/mnt/host/source/src/platform/ec/build/zephyr/yaviks/modules/ec/common/gpio_commands.c.obj
[yaviks:rw] [31/392] Building C object CMakeFiles/app.dir/mnt/host/source/src/platform/ec/build/zephyr/yaviks/modules/ec/common/peripheral.c.obj
[yaviks:rw] [32/392] Building C object CMakeFiles/app.dir/mnt/host/source/src/platform/ec/build/zephyr/yaviks/modules/ec/common/printf.c.obj
[yaviks:ro] [27/392] Building C object CMakeFiles/app.dir/mnt/host/source/src/platform/ec/build/zephyr/yaviks/modules/ec/common/base32.c.obj
[/mnt/host/source/src/platform/ec/build/zephyr/anraggar-lcov]   /mnt/host/source/src/platform/ec/build/zephyr/anraggar/build-ro/modules/ec/zephyr/CMakeFiles/ec_shim.dir/shim/src/battery.c.gcno:no functions found
[/mnt/host/source/src/platform/ec/build/zephyr/anraggar-lcov] stderr:
[yaviks:rw] [33/392] Building C object CMakeFiles/app.dir/mnt/host/source/src/platform/ec/build/zephyr/yaviks/modules/ec/common/queue.c.obj
[/mnt/host/source/src/platform/ec/build/zephyr/anraggar-lcov]   /mnt/host/source/src/platform/ec/build/zephyr/anraggar/build-ro/modules/ec/zephyr/CMakeFiles/ec_shim.dir/shim/src/charger.c.gcno:no functions found
[/mnt/host/source/src/platform/ec/build/zephyr/anraggar-lcov] stderr:
[yaviks:ro] [28/392] Building C object CMakeFiles/app.dir/mnt/host/source/src/platform/ec/build/zephyr/yaviks/modules/ec/common/console_output.c.obj
[eirtae:ro] warning: USB_DEVICE_VID (defined at
[eirtae:ro] /mnt/host/source/src/platform/ec/zephyr/subsys/usbd_service/Kconfig:107,
[eirtae:ro] subsys/usb/device/Kconfig:20) was assigned the value '0x18D1' but got the value ''. Check these
[eirtae:ro] unsatisfied dependencies: (USB_DEVICE_STACK_NEXT || USB_DEVICE_STACK) (=n). See
[eirtae:ro] http://docs.zephyrproject.org/latest/kconfig.html#CONFIG_USB_DEVICE_VID and/or look up
[eirtae:ro] USB_DEVICE_VID in the menuconfig/guiconfig interface. The Application Development Primer, Setting
[eirtae:ro] Configuration Values, and Kconfig - Tips and Best Practices sections of the manual might be helpful
[eirtae:ro] too.
[eirtae:ro] warning: USB_DEVICE_PID (defined at
[eirtae:ro] /mnt/host/source/src/platform/ec/zephyr/subsys/usbd_service/Kconfig:113,
[eirtae:ro] subsys/usb/device/Kconfig:26) was assigned the value '0x507A' but got the value ''. Check these
[eirtae:ro] unsatisfied dependencies: (USB_DEVICE_STACK_NEXT || USB_DEVICE_STACK) (=n). See
[eirtae:ro] http://docs.zephyrproject.org/latest/kconfig.html#CONFIG_USB_DEVICE_PID and/or look up
[eirtae:ro] USB_DEVICE_PID in the menuconfig/guiconfig interface. The Application Development Primer, Setting
[eirtae:ro] Configuration Values, and Kconfig - Tips and Best Practices sections of the manual might be helpful
[eirtae:ro] too.
[yaviks:ro] [29/392] Building C object CMakeFiles/app.dir/mnt/host/source/src/platform/ec/build/zephyr/yaviks/modules/ec/common/ec_features.c.obj
[yaviks:rw] [34/392] Building C object CMakeFiles/app.dir/mnt/host/source/src/platform/ec/build/zephyr/yaviks/modules/ec/common/uart_printf.c.obj
[yaviks:ro] [30/392] Building C object CMakeFiles/app.dir/mnt/host/source/src/platform/ec/build/zephyr/yaviks/modules/ec/common/gpio_commands.c.obj
[/mnt/host/source/src/platform/ec/build/zephyr/matsu-ish-lcov]   /mnt/host/source/src/platform/ec/build/zephyr/matsu-ish/build-singleimage/zephyr/arch/arch/x86/core/CMakeFiles/arch__x86__core.dir/spec_ctrl.c.gcno:no functions found
[/mnt/host/source/src/platform/ec/build/zephyr/matsu-ish-lcov] stderr:
[yaviks:rw] [35/392] Building C object CMakeFiles/app.dir/mnt/host/source/src/platform/ec/build/zephyr/yaviks/modules/ec/common/system.c.obj
[yaviks:rw] [36/392] Building C object CMakeFiles/app.dir/mnt/host/source/src/platform/ec/build/zephyr/yaviks/modules/ec/common/system_boot_time.c.obj
[yaviks:rw] [37/392] Building C object CMakeFiles/app.dir/mnt/host/source/src/platform/ec/build/zephyr/yaviks/modules/ec/common/util.c.obj
[yaviks:ro] [31/392] Building C object CMakeFiles/app.dir/mnt/host/source/src/platform/ec/build/zephyr/yaviks/modules/ec/common/peripheral.c.obj
[eirtae:ro] Parsing /mnt/host/source/src/platform/ec/zephyr/program/roach/Kconfig
[frostflow:rw] -- Found Dtc: /usr/bin/dtc (found suitable version "1.6.0", minimum required is "1.4.6")
[frostflow:rw] -- Found BOARD.dts: /mnt/host/source/src/platform/ec/zephyr/boards/google/npcx9/npcx9_npcx9m3f.dts
[frostflow:rw] -- Found devicetree overlay: /mnt/host/source/src/platform/ec/zephyr/program/skyrim/frostflow/project.overlay
[yaviks:rw] [38/392] Building C object CMakeFiles/app.dir/mnt/host/source/src/platform/ec/build/zephyr/yaviks/modules/ec/common/version.c.obj
[yaviks:ro] [32/392] Building C object CMakeFiles/app.dir/mnt/host/source/src/platform/ec/build/zephyr/yaviks/modules/ec/common/printf.c.obj
[/mnt/host/source/src/platform/ec/build/zephyr/anraggar-lcov]   /mnt/host/source/src/platform/ec/build/zephyr/anraggar/build-ro/modules/ec/zephyr/CMakeFiles/ec_shim.dir/shim/src/usb_muxes.c.gcno:no functions found
[/mnt/host/source/src/platform/ec/build/zephyr/anraggar-lcov] stderr:
[yaviks:rw] [39/392] Building C object CMakeFiles/app.dir/mnt/host/source/src/platform/ec/build/zephyr/yaviks/modules/ec/common/power_button_x86.c.obj
[yaviks:ro] [33/392] Building C object CMakeFiles/app.dir/mnt/host/source/src/platform/ec/build/zephyr/yaviks/modules/ec/common/queue.c.obj
[/mnt/host/source/src/platform/ec/build/zephyr/anraggar-lcov]   /mnt/host/source/src/platform/ec/build/zephyr/anraggar/build-ro/modules/ec/zephyr/CMakeFiles/ec_shim.dir/shim/src/usba.c.gcno:no functions found
[/mnt/host/source/src/platform/ec/build/zephyr/anraggar-lcov] stderr:
[yaviks:rw] [40/392] Building C object CMakeFiles/app.dir/mnt/host/source/src/platform/ec/build/zephyr/yaviks/modules/ec/common/backlight_lid.c.obj
[yaviks:ro] [34/392] Building C object CMakeFiles/app.dir/mnt/host/source/src/platform/ec/build/zephyr/yaviks/modules/ec/common/system.c.obj
[yaviks:ro] [35/392] Building C object CMakeFiles/app.dir/mnt/host/source/src/platform/ec/build/zephyr/yaviks/modules/ec/common/system_boot_time.c.obj
[yaviks:rw] [41/392] Building C object CMakeFiles/app.dir/mnt/host/source/src/platform/ec/build/zephyr/yaviks/modules/ec/common/adc.c.obj
[yaviks:ro] [36/392] Building C object CMakeFiles/app.dir/mnt/host/source/src/platform/ec/build/zephyr/yaviks/modules/ec/common/uart_printf.c.obj
[yaviks:rw] [42/392] Building C object CMakeFiles/app.dir/mnt/host/source/src/platform/ec/build/zephyr/yaviks/modules/ec/common/acpi.c.obj
[yaviks:rw] [43/392] Building C object CMakeFiles/app.dir/mnt/host/source/src/platform/ec/build/zephyr/yaviks/modules/ec/common/battery.c.obj
[yaviks:rw] [44/392] Building C object CMakeFiles/app.dir/mnt/host/source/src/platform/ec/build/zephyr/yaviks/modules/ec/common/battery_info.c.obj
[eirtae:ro] Loaded configuration '/mnt/host/source/src/platform/ec/zephyr/boards/google/it8xxx2/it8xxx2_it82202ax_512_defconfig'
[eirtae:ro] Merged configuration '/mnt/host/source/src/platform/ec/zephyr/program/roach/program.conf'
[eirtae:ro] Merged configuration '/mnt/host/source/src/platform/ec/zephyr/program/roach/eirtae/project.conf'
[eirtae:ro] Merged configuration '/mnt/host/source/src/platform/ec/build/zephyr/eirtae/kconfig-ro.conf'
[eirtae:ro] Configuration saved to '/mnt/host/source/src/platform/ec/build/zephyr/eirtae/build-ro/zephyr/.config'
[eirtae:ro] Kconfig header saved to '/mnt/host/source/src/platform/ec/build/zephyr/eirtae/build-ro/zephyr/include/generated/zephyr/autoconf.h'
[eirtae:ro] -- Found GnuLd: /home/jpmurphy/.cache/coreboot-sdk/riscv64-elf/96b949749225b6aaa92ed810ab769e8dfb12f000/riscv64-elf/bin/ld.bfd (found version "2.43.1")
[yaviks:rw] [45/392] Building C object CMakeFiles/app.dir/mnt/host/source/src/platform/ec/build/zephyr/yaviks/modules/ec/common/battery_fuel_gauge.c.obj
[eirtae:ro] -- The C compiler identification is GNU 14.2.0
[yaviks:ro] [37/392] Building C object CMakeFiles/app.dir/mnt/host/source/src/platform/ec/build/zephyr/yaviks/modules/ec/common/util.c.obj
[yaviks:rw] [46/392] Building C object CMakeFiles/app.dir/mnt/host/source/src/platform/ec/build/zephyr/yaviks/modules/ec/driver/battery/smart.c.obj
[yaviks:ro] [38/392] Building C object CMakeFiles/app.dir/mnt/host/source/src/platform/ec/build/zephyr/yaviks/modules/ec/common/version.c.obj
[eirtae:ro] -- The CXX compiler identification is GNU 14.2.0
[yaviks:ro] [39/392] Building C object CMakeFiles/app.dir/mnt/host/source/src/platform/ec/build/zephyr/yaviks/modules/ec/common/power_button_x86.c.obj
[yaviks:rw] [47/392] Building C object CMakeFiles/app.dir/mnt/host/source/src/platform/ec/build/zephyr/yaviks/modules/ec/driver/bc12/pi3usb9201.c.obj
[yaviks:rw] [48/392] Building C object CMakeFiles/app.dir/mnt/host/source/src/platform/ec/build/zephyr/yaviks/modules/ec/driver/charger/sm5803.c.obj
[eirtae:ro] -- The ASM compiler identification is GNU
[eirtae:ro] -- Found assembler: /home/jpmurphy/.cache/coreboot-sdk/riscv64-elf/96b949749225b6aaa92ed810ab769e8dfb12f000/bin/riscv64-elf-gcc
[eirtae:ro] warning: Deprecated symbol I2C_ALLOW_NO_STOP_TRANSACTIONS is enabled.
[eirtae:ro] CMake Warning at /mnt/host/source/src/platform/ec/zephyr/cmake/linker/ld/linker_libraries.cmake:11 (message):
[eirtae:ro]   Disabling c_library
[eirtae:ro] Call Stack (most recent call first):
[eirtae:ro]   /mnt/host/source/src/third_party/zephyr/main/cmake/target_toolchain_flags.cmake:48 (include)
[eirtae:ro]   /mnt/host/source/src/third_party/zephyr/main/cmake/modules/kernel.cmake:153 (include)
[eirtae:ro]   /mnt/host/source/src/third_party/zephyr/main/cmake/modules/zephyr_default.cmake:138 (include)
[eirtae:ro]   /mnt/host/source/src/third_party/zephyr/main/share/zephyr-package/cmake/ZephyrConfig.cmake:66 (include)
[eirtae:ro]   /mnt/host/source/src/third_party/zephyr/main/share/zephyr-package/cmake/ZephyrConfig.cmake:97 (include_boilerplate)
[eirtae:ro]   CMakeLists.txt:7 (find_package)
[yaviks:ro] [40/392] Building C object CMakeFiles/app.dir/mnt/host/source/src/platform/ec/build/zephyr/yaviks/modules/ec/common/adc.c.obj
[/mnt/host/source/src/platform/ec/build/zephyr/glassway-lcov]   /mnt/host/source/src/platform/ec/build/zephyr/glassway/build-rw/CMakeFiles/app.dir/mnt/host/source/src/platform/ec/build/zephyr/glassway/modules/ec/common/usb_pd_pdo.c.gcno:no functions found
[/mnt/host/source/src/platform/ec/build/zephyr/glassway-lcov] stderr:
[yaviks:rw] [49/392] Building C object CMakeFiles/app.dir/mnt/host/source/src/platform/ec/build/zephyr/yaviks/modules/ec/common/charge_state.c.obj
[yaviks:rw] [50/392] Building C object CMakeFiles/app.dir/mnt/host/source/src/platform/ec/build/zephyr/yaviks/modules/ec/common/charger.c.obj
[frostflow:rw] node '/batteries/cdt_c340152' compatible 'cdt,c340152' has unknown vendor prefix 'cdt'
[/mnt/host/source/src/platform/ec/build/zephyr/ponyta-lcov]   /mnt/host/source/src/platform/ec/build/zephyr/ponyta/build-ro/CMakeFiles/app.dir/mnt/host/source/src/platform/ec/build/zephyr/ponyta/modules/ec/common/usb_pd_pdo.c.gcno:no functions found
[/mnt/host/source/src/platform/ec/build/zephyr/ponyta-lcov] stderr:
[yaviks:ro] [41/392] Building C object CMakeFiles/app.dir/mnt/host/source/src/platform/ec/build/zephyr/yaviks/modules/ec/common/acpi.c.obj
[eirtae:ro] -- Performing EC specific devicetree checks
[yaviks:rw] [51/392] Building C object CMakeFiles/app.dir/mnt/host/source/src/platform/ec/build/zephyr/yaviks/modules/ec/common/charge_manager.c.obj
[frostflow:rw] -- Generated zephyr.dts: /mnt/host/source/src/platform/ec/build/zephyr/frostflow/build-rw/zephyr/zephyr.dts
[frostflow:rw] -- Generated pickled edt: /mnt/host/source/src/platform/ec/build/zephyr/frostflow/build-rw/zephyr/edt.pickle
[yaviks:ro] [42/392] Building C object CMakeFiles/app.dir/mnt/host/source/src/platform/ec/build/zephyr/yaviks/modules/ec/common/backlight_lid.c.obj
[yaviks:rw] [52/392] Building C object CMakeFiles/app.dir/mnt/host/source/src/platform/ec/build/zephyr/yaviks/modules/ec/common/ocpc.c.obj
[eirtae:ro] INFO: Verified 3 GPIOs, no duplicates found
[eirtae:ro] INFO: Verified 66 '*-gpios' properties, all flags match.
[eirtae:ro] INFO: Skipped 1 named-gpios children.
[yaviks:rw] [53/392] Building C object CMakeFiles/app.dir/mnt/host/source/src/platform/ec/build/zephyr/yaviks/modules/ec/common/cbi_common.c.obj
[yaviks:ro] [43/392] Building C object CMakeFiles/app.dir/mnt/host/source/src/platform/ec/build/zephyr/yaviks/modules/ec/common/battery.c.obj
[yaviks:rw] [54/392] Building C object CMakeFiles/app.dir/mnt/host/source/src/platform/ec/build/zephyr/yaviks/modules/ec/common/cbi.c.obj
[yaviks:rw] [55/392] Building C object CMakeFiles/app.dir/mnt/host/source/src/platform/ec/build/zephyr/yaviks/modules/ec/common/cbi_config.c.obj
[eirtae:ro] -- Generating component manifest file
[yaviks:ro] [44/392] Building C object CMakeFiles/app.dir/mnt/host/source/src/platform/ec/build/zephyr/yaviks/modules/ec/common/battery_info.c.obj
[yaviks:rw] [56/392] Building C object CMakeFiles/app.dir/mnt/host/source/src/platform/ec/build/zephyr/yaviks/modules/ec/common/dptf.c.obj
[frostflow:rw] -- Generated devicetree_generated.h: /mnt/host/source/src/platform/ec/build/zephyr/frostflow/build-rw/zephyr/include/generated/zephyr/devicetree_generated.h
[eirtae:ro] INFO: Running CME, outputting to /mnt/host/source/src/platform/ec/build/zephyr/eirtae/build-ro/zephyr/component_manifest.json
[eirtae:ro] INFO: Project eirtae does not support SSFC
[eirtae:ro] INFO: No usbc node found
[eirtae:ro] INFO: No motionsense-sensor node found
[eirtae:ro] -- warning_base_override: -Wall;-Wformat;-Wformat-security;-Wformat;-Wno-format-zero-length;-Wno-pointer-sign;-Wpointer-arith;-Wexpansion-to-defined
[yaviks:rw] [57/392] Building C object CMakeFiles/app.dir/mnt/host/source/src/platform/ec/build/zephyr/yaviks/modules/ec/common/ap_reset_log.c.obj
[yaviks:ro] [45/392] Building C object CMakeFiles/app.dir/mnt/host/source/src/platform/ec/build/zephyr/yaviks/modules/ec/common/battery_fuel_gauge.c.obj
[yaviks:rw] [58/392] Building C object CMakeFiles/app.dir/mnt/host/source/src/platform/ec/build/zephyr/yaviks/modules/ec/common/espi.c.obj
[yaviks:rw] [59/392] Building C object CMakeFiles/app.dir/mnt/host/source/src/platform/ec/build/zephyr/yaviks/modules/ec/common/extpower_common.c.obj
[yaviks:ro] [46/392] Building C object CMakeFiles/app.dir/mnt/host/source/src/platform/ec/build/zephyr/yaviks/modules/ec/driver/bc12/pi3usb9201.c.obj
[eirtae:ro] -- Found gen_kobject_list: /mnt/host/source/src/third_party/zephyr/main/scripts/build/gen_kobject_list.py
[yaviks:ro] [47/392] Building C object CMakeFiles/app.dir/mnt/host/source/src/platform/ec/build/zephyr/yaviks/modules/ec/driver/battery/smart.c.obj
[eirtae:ro] CMake Warning at /mnt/host/source/src/third_party/zephyr/main/CMakeLists.txt:2359 (message):
[eirtae:ro]   __ASSERT() statements are globally ENABLED
[/mnt/host/source/src/platform/ec/build/zephyr/matsu-ish-lcov]   /mnt/host/source/src/platform/ec/build/zephyr/matsu-ish/build-singleimage/zephyr/CMakeFiles/zephyr.dir/subsys/shell/modules/kernel_service/kernel_shell.c.gcno:no functions found
[/mnt/host/source/src/platform/ec/build/zephyr/matsu-ish-lcov] stderr:
[yaviks:rw] [60/392] Building C object CMakeFiles/app.dir/mnt/host/source/src/platform/ec/build/zephyr/yaviks/modules/ec/common/fan.c.obj
[eirtae:ro] -- Configuring done (14.1s)
[yaviks:rw] [61/392] Building C object CMakeFiles/app.dir/mnt/host/source/src/platform/ec/build/zephyr/yaviks/modules/ec/common/flash.c.obj
[/mnt/host/source/src/platform/ec/build/zephyr/anraggar-lcov]   /mnt/host/source/src/platform/ec/build/zephyr/anraggar/build-ro/modules/ec/zephyr/CMakeFiles/ec_shim.dir/shim/src/keyscan.c.gcno:no functions found
[/mnt/host/source/src/platform/ec/build/zephyr/anraggar-lcov] stderr:
[yaviks:ro] [48/392] Building C object CMakeFiles/app.dir/mnt/host/source/src/platform/ec/build/zephyr/yaviks/modules/ec/driver/charger/sm5803.c.obj
[yaviks:rw] [62/392] Building C object CMakeFiles/app.dir/mnt/host/source/src/platform/ec/build/zephyr/yaviks/modules/ec/common/host_command.c.obj
[yaviks:rw] [63/392] Building C object CMakeFiles/app.dir/mnt/host/source/src/platform/ec/build/zephyr/yaviks/modules/ec/common/host_command_task.c.obj
[eirtae:ro] -- Generating done (0.4s)
[eirtae:ro] CMake Warning:
[eirtae:ro]   Manually-specified variables were not used by the project:
[eirtae:ro]     COREBOOT_SDK_ROOT_arm
[eirtae:ro]     COREBOOT_SDK_ROOT_libstdcxx_arm
[eirtae:ro]     COREBOOT_SDK_ROOT_libstdcxx_x86
[eirtae:ro]     COREBOOT_SDK_ROOT_nds32
[eirtae:ro]     COREBOOT_SDK_ROOT_picolibc_arm
[eirtae:ro]     COREBOOT_SDK_ROOT_picolibc_x86
[eirtae:ro]     COREBOOT_SDK_ROOT_riscv
[eirtae:ro]     COREBOOT_SDK_ROOT_x86
[eirtae:ro] -- Build files have been written to: /mnt/host/source/src/platform/ec/build/zephyr/eirtae/build-ro
[yaviks:ro] [49/392] Building C object CMakeFiles/app.dir/mnt/host/source/src/platform/ec/build/zephyr/yaviks/modules/ec/common/charger.c.obj
[yaviks:rw] [64/392] Building C object CMakeFiles/app.dir/mnt/host/source/src/platform/ec/build/zephyr/yaviks/modules/ec/common/uart_hostcmd.c.obj
[yaviks:rw] [65/392] Building C object CMakeFiles/app.dir/mnt/host/source/src/platform/ec/build/zephyr/yaviks/modules/ec/common/host_event_commands.c.obj
Running (initial) lcov on /mnt/host/source/src/platform/ec/build/zephyr/luuke.
[frostflow:rw] /mnt/host/source/src/platform/ec/build/zephyr/frostflow/build-rw/zephyr/zephyr.dts:4194.15-4202.5: Warning (gpios_property): /fans/fan_0: Missing property '#gpio-cells' in node /named-gpios/pg_pcore_s0_r_od or bad phandle (referred from pgood-gpio[0])
[yaviks:ro] [50/392] Building C object CMakeFiles/app.dir/mnt/host/source/src/platform/ec/build/zephyr/yaviks/modules/ec/common/charge_state.c.obj
[yaviks:rw] [66/392] Building C object CMakeFiles/app.dir/mnt/host/source/src/platform/ec/build/zephyr/yaviks/modules/ec/common/uptime.c.obj
[yaviks:ro] [51/392] Building C object CMakeFiles/app.dir/mnt/host/source/src/platform/ec/build/zephyr/yaviks/modules/ec/common/charge_manager.c.obj
Running `env -i PYTHONPATH=/usr/lib64/python-exec/python3.11:/mnt/host/source/src/platform/ec/zephyr/zmake:/usr/lib/python311.zip:/usr/lib/python3.11:/usr/lib/python3.11/lib-dynload:/usr/lib/python3.11/site-packages PW_PIGWEED_CIPD_INSTALL_DIR=/usr CROSTC_USER_ACKNOWLEDGES_THAT_RISCV_IS_EXPERIMENTAL=1 PATH=/mnt/host/source/chromite/bin:/usr/local/bin:/usr/bin:/bin:/opt/bin:/mnt/host/source/chromite/sdk/bin:/mnt/host/source/chromite/bin HOME=/home/jpmurphy JAVA_HOME=/etc/java-config-2/current-system-vm JDK_HOME=/etc/java-config-2/current-system-vm JAVAC=/etc/java-config-2/current-system-vm/bin/javac MAKEFLAGS=' -j16 --jobserver-auth=5,6' /usr/bin/lcov --gcov-tool /mnt/host/source/src/platform/ec/build/zephyr/luuke/build-rw/gcov.sh -q -o - -c -d /mnt/host/source/src/platform/ec/build/zephyr/luuke -t luuke --rc branch_coverage=1 --filter range --ignore-errors inconsistent,source --ignore-errors gcov,gcov -i`
[yaviks:rw] [67/392] Building C object CMakeFiles/app.dir/mnt/host/source/src/platform/ec/build/zephyr/yaviks/modules/ec/common/i2c_controller.c.obj
[yaviks:rw] [68/392] Building C object CMakeFiles/app.dir/mnt/host/source/src/platform/ec/build/zephyr/yaviks/modules/ec/common/i2c_passthru.c.obj
[yaviks:ro] [52/392] Building C object CMakeFiles/app.dir/mnt/host/source/src/platform/ec/build/zephyr/yaviks/modules/ec/common/ocpc.c.obj
[yaviks:ro] [53/392] Building C object CMakeFiles/app.dir/mnt/host/source/src/platform/ec/build/zephyr/yaviks/modules/ec/common/cbi_common.c.obj
[yaviks:rw] [69/392] Building C object CMakeFiles/app.dir/mnt/host/source/src/platform/ec/build/zephyr/yaviks/modules/ec/common/keyboard_scan.c.obj
[yaviks:rw] [70/392] Building C object CMakeFiles/app.dir/mnt/host/source/src/platform/ec/build/zephyr/yaviks/modules/ec/common/keyboard_8042_sharedlib.c.obj
[yaviks:rw] [71/392] Building C object CMakeFiles/app.dir/mnt/host/source/src/platform/ec/build/zephyr/yaviks/modules/ec/common/keyboard_8042.c.obj
[yaviks:ro] [54/392] Building C object CMakeFiles/app.dir/mnt/host/source/src/platform/ec/build/zephyr/yaviks/modules/ec/common/cbi.c.obj
[yaviks:ro] [55/392] Building C object CMakeFiles/app.dir/mnt/host/source/src/platform/ec/build/zephyr/yaviks/modules/ec/common/cbi_config.c.obj
[yaviks:rw] [72/392] Building C object CMakeFiles/app.dir/mnt/host/source/src/platform/ec/build/zephyr/yaviks/modules/ec/common/mkbp_fifo.c.obj
[yaviks:rw] [73/392] Building C object CMakeFiles/app.dir/mnt/host/source/src/platform/ec/build/zephyr/yaviks/modules/ec/common/mkbp_info.c.obj
[/mnt/host/source/src/platform/ec/build/zephyr/luuke-lcov] geninfo: WARNING: using JSON module "JSON::PP" - which is much slower than some alternatives.  Consider installing one of JSON::XS or Cpanel::JSON::XS
[yaviks:rw] [74/392] Building C object CMakeFiles/app.dir/mnt/host/source/src/platform/ec/build/zephyr/yaviks/modules/ec/common/mkbp_input_devices.c.obj
[yaviks:ro] [56/392] Building C object CMakeFiles/app.dir/mnt/host/source/src/platform/ec/build/zephyr/yaviks/modules/ec/common/ap_reset_log.c.obj
[yaviks:ro] [57/392] Building C object CMakeFiles/app.dir/mnt/host/source/src/platform/ec/build/zephyr/yaviks/modules/ec/common/dptf.c.obj
[yaviks:rw] [75/392] Building C object CMakeFiles/app.dir/mnt/host/source/src/platform/ec/build/zephyr/yaviks/modules/ec/common/keyboard_backlight.c.obj
[yaviks:rw] [76/392] Building C object CMakeFiles/app.dir/mnt/host/source/src/platform/ec/build/zephyr/yaviks/modules/ec/common/led_common.c.obj
[yaviks:rw] [77/392] Building C object CMakeFiles/app.dir/mnt/host/source/src/platform/ec/build/zephyr/yaviks/modules/ec/common/led_onoff_states.c.obj
[yaviks:ro] [58/392] Building C object CMakeFiles/app.dir/mnt/host/source/src/platform/ec/build/zephyr/yaviks/modules/ec/common/espi.c.obj
[yaviks:ro] [59/392] Building C object CMakeFiles/app.dir/mnt/host/source/src/platform/ec/build/zephyr/yaviks/modules/ec/common/extpower_common.c.obj
[yaviks:rw] [78/392] Building C object CMakeFiles/app.dir/mnt/host/source/src/platform/ec/build/zephyr/yaviks/modules/ec/common/lid_switch.c.obj
[yaviks:rw] [79/392] Building C object CMakeFiles/app.dir/mnt/host/source/src/platform/ec/build/zephyr/yaviks/modules/ec/common/mkbp_event.c.obj
[yaviks:rw] [80/392] Building C object CMakeFiles/app.dir/mnt/host/source/src/platform/ec/build/zephyr/yaviks/modules/ec/common/port80.c.obj
[yaviks:ro] [60/392] Building C object CMakeFiles/app.dir/mnt/host/source/src/platform/ec/build/zephyr/yaviks/modules/ec/common/fan.c.obj
[/mnt/host/source/src/platform/ec/build/zephyr/luuke-lcov] stderr:
[yaviks:ro] [61/392] Building C object CMakeFiles/app.dir/mnt/host/source/src/platform/ec/build/zephyr/yaviks/modules/ec/common/flash.c.obj
[yaviks:rw] [81/392] Building C object CMakeFiles/app.dir/mnt/host/source/src/platform/ec/build/zephyr/yaviks/modules/ec/power/hibernate.c.obj
[yaviks:rw] [82/392] Building C object CMakeFiles/app.dir/mnt/host/source/src/platform/ec/build/zephyr/yaviks/modules/ec/common/power_button.c.obj
[yaviks:rw] [83/392] Building C object CMakeFiles/app.dir/mnt/host/source/src/platform/ec/build/zephyr/yaviks/modules/ec/common/panic_output.c.obj
[yaviks:rw] [84/392] Building C object CMakeFiles/app.dir/mnt/host/source/src/platform/ec/build/zephyr/yaviks/modules/ec/driver/sha256/sha256_it8xxx2.c.obj
[yaviks:ro] [62/392] Building C object CMakeFiles/app.dir/mnt/host/source/src/platform/ec/build/zephyr/yaviks/modules/ec/common/host_command.c.obj
[frostflow:rw] warning: Deprecated symbol I2C_ALLOW_NO_STOP_TRANSACTIONS is enabled.
[yaviks:ro] [63/392] Building C object CMakeFiles/app.dir/mnt/host/source/src/platform/ec/build/zephyr/yaviks/modules/ec/common/host_command_task.c.obj
[/mnt/host/source/src/platform/ec/build/zephyr/luuke-lcov]   /mnt/host/source/src/platform/ec/build/zephyr/luuke/build-ro/modules/ec/zephyr/CMakeFiles/ec_shim.dir/shim/src/power.c.gcno:no functions found
[/mnt/host/source/src/platform/ec/build/zephyr/luuke-lcov] stderr:
[yaviks:rw] [85/392] Building C object CMakeFiles/app.dir/mnt/host/source/src/platform/ec/build/zephyr/yaviks/modules/ec/common/shared_mem.c.obj
[/mnt/host/source/src/platform/ec/build/zephyr/luuke-lcov]   /mnt/host/source/src/platform/ec/build/zephyr/luuke/build-ro/modules/ec/zephyr/CMakeFiles/ec_shim.dir/shim/src/battery.c.gcno:no functions found
[/mnt/host/source/src/platform/ec/build/zephyr/luuke-lcov] stderr:
[yaviks:rw] [86/392] Building C object CMakeFiles/app.dir/mnt/host/source/src/platform/ec/build/zephyr/yaviks/modules/ec/common/switch.c.obj
[yaviks:ro] [64/392] Building C object CMakeFiles/app.dir/mnt/host/source/src/platform/ec/build/zephyr/yaviks/modules/ec/common/uart_hostcmd.c.obj
[yaviks:ro] [65/392] Building C object CMakeFiles/app.dir/mnt/host/source/src/platform/ec/build/zephyr/yaviks/modules/ec/common/host_event_commands.c.obj
[frostflow:rw] Parsing /mnt/host/source/src/platform/ec/zephyr/program/skyrim/Kconfig
[yaviks:rw] [87/392] Building C object CMakeFiles/app.dir/mnt/host/source/src/platform/ec/build/zephyr/yaviks/modules/ec/common/thermal.c.obj
[yaviks:rw] [88/392] Building C object CMakeFiles/app.dir/mnt/host/source/src/platform/ec/build/zephyr/yaviks/modules/ec/driver/temp_sensor/thermistor.c.obj
[yaviks:rw] [89/392] Building C object CMakeFiles/app.dir/mnt/host/source/src/platform/ec/build/zephyr/yaviks/modules/ec/common/temp_sensor.c.obj
[yaviks:ro] [66/392] Building C object CMakeFiles/app.dir/mnt/host/source/src/platform/ec/build/zephyr/yaviks/modules/ec/common/uptime.c.obj
[yaviks:ro] [67/392] Building C object CMakeFiles/app.dir/mnt/host/source/src/platform/ec/build/zephyr/yaviks/modules/ec/common/i2c_controller.c.obj
[/mnt/host/source/src/platform/ec/build/zephyr/anraggar-lcov]   /mnt/host/source/src/platform/ec/build/zephyr/anraggar/build-ro/CMakeFiles/app.dir/mnt/host/source/src/platform/ec/build/zephyr/anraggar/modules/ec/common/usb_pd_pdo.c.gcno:no functions found
[/mnt/host/source/src/platform/ec/build/zephyr/anraggar-lcov] stderr:
[yaviks:rw] [90/392] Building C object CMakeFiles/app.dir/mnt/host/source/src/platform/ec/build/zephyr/yaviks/modules/ec/common/throttle_ap.c.obj
[/mnt/host/source/src/platform/ec/build/zephyr/luuke-lcov]   /mnt/host/source/src/platform/ec/build/zephyr/luuke/build-ro/modules/ec/zephyr/CMakeFiles/ec_shim.dir/shim/src/charger.c.gcno:no functions found
[/mnt/host/source/src/platform/ec/build/zephyr/luuke-lcov] stderr:
[yaviks:rw] [91/392] Building C object CMakeFiles/app.dir/mnt/host/source/src/platform/ec/build/zephyr/yaviks/modules/ec/common/timer.c.obj
[yaviks:ro] [68/392] Building C object CMakeFiles/app.dir/mnt/host/source/src/platform/ec/build/zephyr/yaviks/modules/ec/common/i2c_passthru.c.obj
[yaviks:rw] [92/392] Building C object CMakeFiles/app.dir/mnt/host/source/src/platform/ec/build/zephyr/yaviks/modules/ec/common/usb_charger.c.obj
[/mnt/host/source/src/platform/ec/build/zephyr/glassway-lcov]   /mnt/host/source/src/platform/ec/build/zephyr/glassway/build-rw/CMakeFiles/app.dir/mnt/host/source/src/platform/ec/build/zephyr/glassway/modules/ec/common/cbi_config.c.gcno:no functions found
[/mnt/host/source/src/platform/ec/build/zephyr/glassway-lcov] stderr:
[/mnt/host/source/src/platform/ec/build/zephyr/luuke-lcov]   /mnt/host/source/src/platform/ec/build/zephyr/luuke/build-ro/modules/ec/zephyr/CMakeFiles/ec_shim.dir/shim/src/usba.c.gcno:no functions found
[/mnt/host/source/src/platform/ec/build/zephyr/luuke-lcov] stderr:
[yaviks:rw] [93/392] Building C object CMakeFiles/app.dir/mnt/host/source/src/platform/ec/build/zephyr/yaviks/modules/ec/common/typec_control.c.obj
[yaviks:ro] [69/392] Building C object CMakeFiles/app.dir/mnt/host/source/src/platform/ec/build/zephyr/yaviks/modules/ec/common/keyboard_8042.c.obj
[yaviks:ro] [70/392] Building C object CMakeFiles/app.dir/mnt/host/source/src/platform/ec/build/zephyr/yaviks/modules/ec/common/keyboard_scan.c.obj
[yaviks:rw] [94/392] Building C object CMakeFiles/app.dir/mnt/host/source/src/platform/ec/build/zephyr/yaviks/modules/ec/common/usb_port_power_smart.c.obj
[yaviks:rw] [95/392] Building C object CMakeFiles/app.dir/mnt/host/source/src/platform/ec/build/zephyr/yaviks/modules/ec/common/usb_common.c.obj
[frostflow:rw] Loaded configuration '/mnt/host/source/src/platform/ec/zephyr/boards/google/npcx9/npcx9_npcx9m3f_defconfig'
[frostflow:rw] Merged configuration '/mnt/host/source/src/platform/ec/zephyr/program/skyrim/program.conf'
[frostflow:rw] Merged configuration '/mnt/host/source/src/platform/ec/zephyr/program/skyrim/frostflow/project.conf'
[frostflow:rw] Merged configuration '/mnt/host/source/src/platform/ec/build/zephyr/frostflow/kconfig-rw.conf'
[frostflow:rw] Configuration saved to '/mnt/host/source/src/platform/ec/build/zephyr/frostflow/build-rw/zephyr/.config'
[frostflow:rw] Kconfig header saved to '/mnt/host/source/src/platform/ec/build/zephyr/frostflow/build-rw/zephyr/include/generated/zephyr/autoconf.h'
[frostflow:rw] -- Found GnuLd: /home/jpmurphy/.cache/coreboot-sdk/arm-eabi/ea40ddd1d190c3b48435c474c0b545719371813a/arm-eabi/bin/ld.bfd (found version "2.43.1")
[yaviks:ro] [71/392] Building C object CMakeFiles/app.dir/mnt/host/source/src/platform/ec/build/zephyr/yaviks/modules/ec/common/keyboard_8042_sharedlib.c.obj
[yaviks:rw] [96/392] Building C object CMakeFiles/app.dir/mnt/host/source/src/platform/ec/build/zephyr/yaviks/modules/ec/common/usb_pd_pdo.c.obj
[frostflow:rw] -- The C compiler identification is GNU 14.2.0
[yaviks:rw] [97/392] Building C object CMakeFiles/app.dir/mnt/host/source/src/platform/ec/build/zephyr/yaviks/modules/ec/common/usbc/usbc_task.c.obj
[yaviks:rw] [98/392] Building C object CMakeFiles/app.dir/mnt/host/source/src/platform/ec/build/zephyr/yaviks/modules/ec/common/usbc/usb_pd_timer.c.obj
[yaviks:ro] [72/392] Building C object CMakeFiles/app.dir/mnt/host/source/src/platform/ec/build/zephyr/yaviks/modules/ec/common/mkbp_fifo.c.obj
[frostflow:rw] -- The CXX compiler identification is GNU 14.2.0
[frostflow:rw] -- The ASM compiler identification is GNU
[frostflow:rw] -- Found assembler: /home/jpmurphy/.cache/coreboot-sdk/arm-eabi/ea40ddd1d190c3b48435c474c0b545719371813a/bin/arm-eabi-gcc
[frostflow:rw] CMake Warning at /mnt/host/source/src/platform/ec/zephyr/cmake/linker/ld/linker_libraries.cmake:11 (message):
[frostflow:rw]   Disabling c_library
[yaviks:rw] [99/392] Building C object CMakeFiles/app.dir/mnt/host/source/src/platform/ec/build/zephyr/yaviks/modules/ec/common/usbc/usb_sm.c.obj
[yaviks:ro] [73/392] Building C object CMakeFiles/app.dir/mnt/host/source/src/platform/ec/build/zephyr/yaviks/modules/ec/common/mkbp_input_devices.c.obj
[yaviks:rw] [100/392] Building C object CMakeFiles/app.dir/mnt/host/source/src/platform/ec/build/zephyr/yaviks/modules/ec/common/usbc_intr_task.c.obj
[yaviks:ro] [74/392] Building C object CMakeFiles/app.dir/mnt/host/source/src/platform/ec/build/zephyr/yaviks/modules/ec/common/mkbp_info.c.obj
[/mnt/host/source/src/platform/ec/build/zephyr/ponyta-lcov]   /mnt/host/source/src/platform/ec/build/zephyr/ponyta/build-ro/CMakeFiles/app.dir/mnt/host/source/src/platform/ec/build/zephyr/ponyta/modules/ec/common/chargen.c.gcno:no functions found
[/mnt/host/source/src/platform/ec/build/zephyr/ponyta-lcov] stderr:
[yaviks:rw] [101/392] Building C object CMakeFiles/app.dir/mnt/host/source/src/platform/ec/build/zephyr/yaviks/modules/ec/common/usbc_utils.c.obj
[yaviks:rw] [102/392] Building C object CMakeFiles/app.dir/mnt/host/source/src/platform/ec/build/zephyr/yaviks/modules/ec/common/usb_pd_flags.c.obj
[yaviks:ro] [75/392] Building C object CMakeFiles/app.dir/mnt/host/source/src/platform/ec/build/zephyr/yaviks/modules/ec/common/keyboard_backlight.c.obj
[yaviks:rw] [103/392] Building C object CMakeFiles/app.dir/mnt/host/source/src/platform/ec/build/zephyr/yaviks/modules/ec/common/chargen.c.obj
[/mnt/host/source/src/platform/ec/build/zephyr/glassway-lcov]   /mnt/host/source/src/platform/ec/build/zephyr/glassway/build-rw/zephyr/arch/arch/arm/core/mpu/CMakeFiles/arch__arm__core__mpu.dir/arm_mpu_regions.c.gcno:no functions found
[/mnt/host/source/src/platform/ec/build/zephyr/glassway-lcov] stderr:
[yaviks:rw] [104/392] Building C object CMakeFiles/app.dir/mnt/host/source/src/platform/ec/build/zephyr/yaviks/modules/ec/common/usbc/usb_pd_console.c.obj
[frostflow:rw] -- Performing EC specific devicetree checks
[yaviks:ro] [76/392] Building C object CMakeFiles/app.dir/mnt/host/source/src/platform/ec/build/zephyr/yaviks/modules/ec/common/led_common.c.obj
[yaviks:rw] [105/392] Building C object CMakeFiles/app.dir/mnt/host/source/src/platform/ec/build/zephyr/yaviks/modules/ec/driver/usb_mux/usb_mux.c.obj
[frostflow:rw] Call Stack (most recent call first):
[frostflow:rw]   /mnt/host/source/src/third_party/zephyr/main/cmake/target_toolchain_flags.cmake:48 (include)
[frostflow:rw]   /mnt/host/source/src/third_party/zephyr/main/cmake/modules/kernel.cmake:153 (include)
[frostflow:rw]   /mnt/host/source/src/third_party/zephyr/main/cmake/modules/zephyr_default.cmake:138 (include)
[frostflow:rw]   /mnt/host/source/src/third_party/zephyr/main/share/zephyr-package/cmake/ZephyrConfig.cmake:66 (include)
[frostflow:rw]   /mnt/host/source/src/third_party/zephyr/main/share/zephyr-package/cmake/ZephyrConfig.cmake:97 (include_boilerplate)
[frostflow:rw]   CMakeLists.txt:7 (find_package)
[frostflow:rw] INFO: Verified 89 GPIOs, no duplicates found
[frostflow:rw] INFO: Verified 7 '*-gpios' properties, all flags match.
[frostflow:rw] INFO: Skipped 2 named-gpios children.
[yaviks:rw] [106/392] Building C object CMakeFiles/app.dir/mnt/host/source/src/platform/ec/build/zephyr/yaviks/modules/ec/driver/usb_mux/virtual.c.obj
[yaviks:ro] [77/392] Building C object CMakeFiles/app.dir/mnt/host/source/src/platform/ec/build/zephyr/yaviks/modules/ec/common/led_onoff_states.c.obj
[yaviks:ro] [78/392] Building C object CMakeFiles/app.dir/mnt/host/source/src/platform/ec/build/zephyr/yaviks/modules/ec/common/lid_switch.c.obj
[yaviks:ro] [79/392] Building C object CMakeFiles/app.dir/mnt/host/source/src/platform/ec/build/zephyr/yaviks/modules/ec/common/mkbp_event.c.obj
[frostflow:rw] -- Generating component manifest file
[yaviks:rw] [107/392] Building C object CMakeFiles/app.dir/mnt/host/source/src/platform/ec/build/zephyr/yaviks/modules/ec/common/usbc/usb_prl_sm.c.obj
[yaviks:rw] [108/392] Building C object CMakeFiles/app.dir/mnt/host/source/src/platform/ec/build/zephyr/yaviks/modules/ec/common/usbc/usb_tc_drp_acc_trysrc_sm.c.obj
[yaviks:ro] [80/392] Building C object CMakeFiles/app.dir/mnt/host/source/src/platform/ec/build/zephyr/yaviks/modules/ec/common/port80.c.obj
[frostflow:rw] INFO: Running CME, outputting to /mnt/host/source/src/platform/ec/build/zephyr/frostflow/build-rw/zephyr/component_manifest.json
[frostflow:rw] -- warning_base_override: -Wall;-Wformat;-Wformat-security;-Wformat;-Wno-format-zero-length;-Wno-pointer-sign;-Wpointer-arith;-Wexpansion-to-defined
[yaviks:rw] [109/392] Building C object CMakeFiles/app.dir/mnt/host/source/src/platform/ec/build/zephyr/yaviks/modules/ec/common/usbc/usb_pd_dpm.c.obj
[/mnt/host/source/src/platform/ec/build/zephyr/glassway-lcov]   /mnt/host/source/src/platform/ec/build/zephyr/glassway/build-rw/zephyr/arch/common/CMakeFiles/isr_tables.dir/isr_tables.c.gcno:no functions found
[/mnt/host/source/src/platform/ec/build/zephyr/glassway-lcov] stderr:
[yaviks:rw] [110/392] Building C object CMakeFiles/app.dir/mnt/host/source/src/platform/ec/build/zephyr/yaviks/modules/ec/common/usbc/usbc_pd_policy.c.obj
[yaviks:rw] [111/392] Building C object CMakeFiles/app.dir/mnt/host/source/src/platform/ec/build/zephyr/yaviks/modules/ec/common/usbc/dp_alt_mode.c.obj
[yaviks:ro] [81/392] Building C object CMakeFiles/app.dir/mnt/host/source/src/platform/ec/build/zephyr/yaviks/modules/ec/common/power_button.c.obj
[yaviks:ro] [82/392] Building C object CMakeFiles/app.dir/mnt/host/source/src/platform/ec/build/zephyr/yaviks/modules/ec/common/panic_output.c.obj
[yaviks:rw] [112/392] Building C object CMakeFiles/app.dir/mnt/host/source/src/platform/ec/build/zephyr/yaviks/modules/ec/common/usbc/usb_pe_drp_sm.c.obj
[yaviks:ro] [83/392] Building C object CMakeFiles/app.dir/mnt/host/source/src/platform/ec/build/zephyr/yaviks/modules/ec/power/hibernate.c.obj
[frostflow:rw] -- Found gen_kobject_list: /mnt/host/source/src/third_party/zephyr/main/scripts/build/gen_kobject_list.py
[yaviks:rw] [113/392] Building C object CMakeFiles/app.dir/mnt/host/source/src/platform/ec/build/zephyr/yaviks/modules/ec/common/usb_pd_console_cmd.c.obj
[frostflow:rw] -- Configuring done (16.0s)
[yaviks:rw] [114/392] Building C object CMakeFiles/app.dir/mnt/host/source/src/platform/ec/build/zephyr/yaviks/modules/ec/common/usb_pd_host_cmd.c.obj
[yaviks:ro] [84/392] Building C object CMakeFiles/app.dir/mnt/host/source/src/platform/ec/build/zephyr/yaviks/modules/ec/driver/sha256/sha256_it8xxx2.c.obj
[yaviks:rw] [115/392] Building C object CMakeFiles/app.dir/mnt/host/source/src/platform/ec/build/zephyr/yaviks/modules/ec/common/usbc/usb_pd_host.c.obj
[yaviks:rw] [116/392] Building C object CMakeFiles/app.dir/mnt/host/source/src/platform/ec/build/zephyr/yaviks/modules/ec/zephyr/shim/src/tcpc.c.obj
[yaviks:rw] [117/392] Building C object CMakeFiles/app.dir/mnt/host/source/src/platform/ec/build/zephyr/yaviks/modules/ec/common/usbc/svdm_rsp_dfp_only.c.obj
[frostflow:rw] -- Generating done (0.4s)
[frostflow:rw] INFO: Project frostflow does not support SSFC
[frostflow:rw] INFO: Component aoz1380(aoz,aoz1380) not on I2C bus, skip it
[frostflow:rw] INFO: No motionsense-sensor-alt node found
[frostflow:rw] CMake Warning:
[frostflow:rw]   Manually-specified variables were not used by the project:
[frostflow:rw]     COREBOOT_SDK_ROOT_libstdcxx_riscv64
[frostflow:rw]     COREBOOT_SDK_ROOT_libstdcxx_x86
[frostflow:rw]     COREBOOT_SDK_ROOT_nds32
[frostflow:rw]     COREBOOT_SDK_ROOT_picolibc_riscv64
[frostflow:rw]     COREBOOT_SDK_ROOT_picolibc_x86
[frostflow:rw]     COREBOOT_SDK_ROOT_riscv
[frostflow:rw]     COREBOOT_SDK_ROOT_riscv64
[frostflow:rw]     COREBOOT_SDK_ROOT_x86
[frostflow:rw] -- Build files have been written to: /mnt/host/source/src/platform/ec/build/zephyr/frostflow/build-rw
[yaviks:ro] [85/392] Building C object CMakeFiles/app.dir/mnt/host/source/src/platform/ec/build/zephyr/yaviks/modules/ec/common/switch.c.obj
[yaviks:ro] [86/392] Building C object CMakeFiles/app.dir/mnt/host/source/src/platform/ec/build/zephyr/yaviks/modules/ec/common/shared_mem.c.obj
[yaviks:rw] [118/392] Building C object CMakeFiles/app.dir/mnt/host/source/src/platform/ec/build/zephyr/yaviks/modules/ec/common/usb_pd_host_cmd_common.c.obj
[yaviks:ro] [87/392] Building C object CMakeFiles/app.dir/mnt/host/source/src/platform/ec/build/zephyr/yaviks/modules/ec/common/thermal.c.obj
[yaviks:rw] [119/392] Building C object CMakeFiles/app.dir/mnt/host/source/src/platform/ec/build/zephyr/yaviks/modules/ec/common/usbc_ocp.c.obj
[yaviks:rw] [120/392] Building C object CMakeFiles/app.dir/mnt/host/source/src/platform/ec/build/zephyr/yaviks/modules/ec/common/usb_pd_discovery.c.obj
[yaviks:ro] [88/392] Building C object CMakeFiles/app.dir/mnt/host/source/src/platform/ec/build/zephyr/yaviks/modules/ec/common/temp_sensor.c.obj
[yaviks:rw] [121/392] Building C object CMakeFiles/app.dir/mnt/host/source/src/platform/ec/build/zephyr/yaviks/modules/ec/common/usb_pd_dual_role.c.obj
[yaviks:ro] [89/392] Building C object CMakeFiles/app.dir/mnt/host/source/src/platform/ec/build/zephyr/yaviks/modules/ec/driver/temp_sensor/thermistor.c.obj
[yaviks:rw] [122/392] Building C object CMakeFiles/app.dir/mnt/host/source/src/platform/ec/build/zephyr/yaviks/modules/ec/driver/tcpm/ps8xxx.c.obj
[yaviks:rw] [123/392] Building C object CMakeFiles/app.dir/mnt/host/source/src/platform/ec/build/zephyr/yaviks/modules/ec/driver/tcpm/ite_pd_intc.c.obj
[yaviks:ro] [90/392] Building C object CMakeFiles/app.dir/mnt/host/source/src/platform/ec/build/zephyr/yaviks/modules/ec/common/throttle_ap.c.obj
[/mnt/host/source/src/platform/ec/build/zephyr/matsu-ish-lcov]   /mnt/host/source/src/platform/ec/build/zephyr/matsu-ish/build-singleimage/zephyr/CMakeFiles/zephyr.dir/lib/libc/validate_libc.c.gcno:no functions found
[/mnt/host/source/src/platform/ec/build/zephyr/matsu-ish-lcov] stderr:
[yaviks:rw] [124/392] Building C object CMakeFiles/app.dir/mnt/host/source/src/platform/ec/build/zephyr/yaviks/modules/ec/driver/tcpm/tcpci.c.obj
[yaviks:rw] [125/392] Building C object CMakeFiles/app.dir/mnt/host/source/src/platform/ec/build/zephyr/yaviks/modules/ec/common/vboot_hash.c.obj
[yaviks:ro] [91/392] Building C object CMakeFiles/app.dir/mnt/host/source/src/platform/ec/build/zephyr/yaviks/modules/ec/common/timer.c.obj
[yaviks:rw] [126/392] Building C object CMakeFiles/app.dir/mnt/host/source/src/platform/ec/build/zephyr/yaviks/modules/ec/driver/tcpm/it8xxx2.c.obj
[yaviks:rw] [127/392] Building C object CMakeFiles/app.dir/mnt/host/source/src/platform/ec/build/zephyr/yaviks/modules/ec/common/vboot/efs2.c.obj
[yaviks:ro] [92/392] Building C object CMakeFiles/app.dir/mnt/host/source/src/platform/ec/build/zephyr/yaviks/modules/ec/common/usb_charger.c.obj
[yaviks:rw] [128/392] Building C object CMakeFiles/app.dir/mnt/host/source/src/platform/ec/build/zephyr/yaviks/modules/ec/common/vstore.c.obj
[yaviks:rw] [129/392] Building C object CMakeFiles/app.dir/mnt/host/source/src/platform/ec/build/zephyr/yaviks/modules/ec/common/math_util.c.obj
[yaviks:ro] [93/392] Building C object CMakeFiles/app.dir/mnt/host/source/src/platform/ec/build/zephyr/yaviks/modules/ec/common/usb_port_power_smart.c.obj
[yaviks:ro] [94/392] Building C object CMakeFiles/app.dir/mnt/host/source/src/platform/ec/build/zephyr/yaviks/modules/ec/common/typec_control.c.obj
[yaviks:rw] [130/392] Building C object CMakeFiles/app.dir/src/board_power.c.obj
[yaviks:rw] [131/392] Building C object CMakeFiles/app.dir/src/common.c.obj
[yaviks:rw] [132/392] Building C object CMakeFiles/app.dir/yaviks/src/led.c.obj
[yaviks:rw] [133/392] Building C object CMakeFiles/app.dir/yaviks/src/keyboard.c.obj
[yaviks:ro] [95/392] Building C object CMakeFiles/app.dir/mnt/host/source/src/platform/ec/build/zephyr/yaviks/modules/ec/common/usb_common.c.obj
[yaviks:ro] [96/392] Building C object CMakeFiles/app.dir/mnt/host/source/src/platform/ec/build/zephyr/yaviks/modules/ec/common/usb_pd_pdo.c.obj
[yaviks:rw] [134/392] Building C object CMakeFiles/app.dir/yaviks/src/board.c.obj
[yaviks:rw] [135/392] Building C object CMakeFiles/app.dir/yaviks/src/sub_board.c.obj
[yaviks:rw] [136/392] Building C object CMakeFiles/app.dir/yaviks/src/thermal.c.obj
[/mnt/host/source/src/platform/ec/build/zephyr/luuke-lcov]   /mnt/host/source/src/platform/ec/build/zephyr/luuke/build-ro/modules/ec/zephyr/CMakeFiles/ec_shim.dir/shim/src/keyscan.c.gcno:no functions found
[/mnt/host/source/src/platform/ec/build/zephyr/luuke-lcov] stderr:
[yaviks:ro] [97/392] Building C object CMakeFiles/app.dir/mnt/host/source/src/platform/ec/build/zephyr/yaviks/modules/ec/common/usbc/usb_pd_timer.c.obj
[yaviks:ro] [98/392] Building C object CMakeFiles/app.dir/mnt/host/source/src/platform/ec/build/zephyr/yaviks/modules/ec/common/usbc/usbc_task.c.obj
[yaviks:rw] [137/392] Building C object zephyr/CMakeFiles/zephyr.dir/lib/libc/validate_libc.c.obj
[yaviks:rw] [138/392] Building C object CMakeFiles/app.dir/yaviks/src/charger.c.obj
[/mnt/host/source/src/platform/ec/build/zephyr/ponyta-lcov]   /mnt/host/source/src/platform/ec/build/zephyr/ponyta/build-ro/CMakeFiles/app.dir/mnt/host/source/src/platform/ec/build/zephyr/ponyta/modules/ec/common/cbi_config.c.gcno:no functions found
[/mnt/host/source/src/platform/ec/build/zephyr/ponyta-lcov] stderr:
[yaviks:rw] [139/392] Building C object CMakeFiles/app.dir/yaviks/src/fan.c.obj
[yaviks:rw] [140/392] Building C object CMakeFiles/app.dir/yaviks/src/usbc.c.obj
[yaviks:ro] [99/392] Building C object CMakeFiles/app.dir/mnt/host/source/src/platform/ec/build/zephyr/yaviks/modules/ec/common/usbc/usb_sm.c.obj
[yaviks:ro] [100/392] Building C object CMakeFiles/app.dir/mnt/host/source/src/platform/ec/build/zephyr/yaviks/modules/ec/common/usbc_intr_task.c.obj
[yaviks:rw] [141/392] Building C object zephyr/CMakeFiles/zephyr.dir/lib/heap/heap.c.obj
[yaviks:rw] [142/392] Linking C static library app/libapp.a
[yaviks:rw] [143/392] Building C object zephyr/CMakeFiles/zephyr.dir/lib/os/clock.c.obj
[yaviks:rw] [144/392] Building C object zephyr/CMakeFiles/zephyr.dir/lib/os/cbprintf_packaged.c.obj
[/mnt/host/source/src/platform/ec/build/zephyr/glassway-lcov]   /mnt/host/source/src/platform/ec/build/zephyr/glassway/build-rw/zephyr/CMakeFiles/zephyr.dir/subsys/shell/modules/kernel_service/kernel_shell.c.gcno:no functions found
[/mnt/host/source/src/platform/ec/build/zephyr/glassway-lcov] stderr:
[/mnt/host/source/src/platform/ec/build/zephyr/matsu-ish-lcov]   /mnt/host/source/src/platform/ec/build/zephyr/matsu-ish/build-singleimage/zephyr/drivers/syscon/CMakeFiles/drivers__syscon.dir/mnt/host/source/src/third_party/zephyr/main/misc/empty_file.c.gcno:no functions found
[/mnt/host/source/src/platform/ec/build/zephyr/matsu-ish-lcov] Filter suppressions 'region':
[/mnt/host/source/src/platform/ec/build/zephyr/matsu-ish-lcov]     18 instances
[/mnt/host/source/src/platform/ec/build/zephyr/matsu-ish-lcov]     4 coverpoints
[/mnt/host/source/src/platform/ec/build/zephyr/matsu-ish-lcov] Message summary:
[/mnt/host/source/src/platform/ec/build/zephyr/matsu-ish-lcov]   1 warning message:
[/mnt/host/source/src/platform/ec/build/zephyr/matsu-ish-lcov]     format: 1
[/mnt/host/source/src/platform/ec/build/zephyr/matsu-ish-lcov]   5 ignore messages:
[/mnt/host/source/src/platform/ec/build/zephyr/matsu-ish-lcov]     gcov: 5
[yaviks:ro] [101/392] Building C object CMakeFiles/app.dir/mnt/host/source/src/platform/ec/build/zephyr/yaviks/modules/ec/common/usb_pd_flags.c.obj
[yaviks:rw] [145/392] Building C object zephyr/CMakeFiles/zephyr.dir/lib/os/printk.c.obj
[/mnt/host/source/src/platform/ec/build/zephyr/glassway-lcov]   /mnt/host/source/src/platform/ec/build/zephyr/glassway/build-rw/zephyr/CMakeFiles/zephyr.dir/lib/libc/validate_libc.c.gcno:no functions found
[/mnt/host/source/src/platform/ec/build/zephyr/glassway-lcov] stderr:
[yaviks:rw] [146/392] Building C object zephyr/CMakeFiles/zephyr.dir/lib/os/sem.c.obj
[yaviks:rw] [147/392] Building C object zephyr/CMakeFiles/zephyr.dir/lib/utils/dec.c.obj
[yaviks:ro] [102/392] Building C object CMakeFiles/app.dir/mnt/host/source/src/platform/ec/build/zephyr/yaviks/modules/ec/common/usbc_utils.c.obj
[yaviks:rw] [148/392] Building C object zephyr/CMakeFiles/zephyr.dir/lib/os/thread_entry.c.obj
[yaviks:rw] [149/392] Building C object zephyr/CMakeFiles/zephyr.dir/lib/utils/hex.c.obj
[yaviks:rw] [150/392] Building C object zephyr/CMakeFiles/zephyr.dir/lib/os/cbprintf_nano.c.obj
[yaviks:rw] [151/392] Building C object zephyr/CMakeFiles/zephyr.dir/lib/os/cbprintf.c.obj
[yaviks:rw] [152/392] Building C object zephyr/CMakeFiles/zephyr.dir/lib/utils/timeutil.c.obj
[yaviks:ro] [103/392] Building C object CMakeFiles/app.dir/mnt/host/source/src/platform/ec/build/zephyr/yaviks/modules/ec/common/chargen.c.obj
[yaviks:rw] [153/392] Building C object zephyr/CMakeFiles/zephyr.dir/lib/os/assert.c.obj
[/mnt/host/source/src/platform/ec/build/zephyr/anraggar-lcov]   /mnt/host/source/src/platform/ec/build/zephyr/anraggar/build-ro/CMakeFiles/app.dir/mnt/host/source/src/platform/ec/build/zephyr/anraggar/modules/ec/common/chargen.c.gcno:no functions found
[/mnt/host/source/src/platform/ec/build/zephyr/anraggar-lcov] stderr:
[yaviks:rw] [154/392] Building C object zephyr/CMakeFiles/zephyr.dir/lib/utils/bitmask.c.obj
[yaviks:rw] [155/392] Building C object zephyr/CMakeFiles/zephyr.dir/lib/utils/last_section_id.c.obj
[yaviks:ro] [104/392] Building C object CMakeFiles/app.dir/mnt/host/source/src/platform/ec/build/zephyr/yaviks/modules/ec/common/usbc/usb_pd_console.c.obj
[yaviks:rw] [156/392] Building C object zephyr/CMakeFiles/zephyr.dir/lib/utils/ring_buffer.c.obj
[yaviks:rw] [157/392] Building C object zephyr/CMakeFiles/zephyr.dir/misc/generated/configs.c.obj
[yaviks:rw] [158/392] Building C object zephyr/CMakeFiles/zephyr.dir/lib/utils/rb.c.obj
[yaviks:rw] [159/392] Building C object zephyr/CMakeFiles/zephyr.dir/lib/utils/bitarray.c.obj
[/mnt/host/source/src/platform/ec/build/zephyr/ponyta-lcov]   /mnt/host/source/src/platform/ec/build/zephyr/ponyta/build-ro/zephyr/arch/arch/arm/core/mpu/CMakeFiles/arch__arm__core__mpu.dir/arm_mpu_regions.c.gcno:no functions found
[/mnt/host/source/src/platform/ec/build/zephyr/ponyta-lcov] stderr:
[yaviks:rw] [160/392] Building ASM object zephyr/CMakeFiles/zephyr.dir/soc/ite/ec/common/soc_irq.S.obj
[yaviks:rw] [161/392] Building C object zephyr/CMakeFiles/zephyr.dir/lib/utils/getopt/getopt.c.obj
[yaviks:rw] [162/392] Building C object zephyr/CMakeFiles/zephyr.dir/lib/utils/getopt/getopt_common.c.obj
[yaviks:rw] [163/392] Building C object zephyr/CMakeFiles/zephyr.dir/soc/ite/ec/common/soc_common_irq.c.obj
[yaviks:ro] [105/392] Building C object CMakeFiles/app.dir/mnt/host/source/src/platform/ec/build/zephyr/yaviks/modules/ec/driver/usb_mux/virtual.c.obj
[yaviks:rw] [164/392] Building ASM object zephyr/CMakeFiles/zephyr.dir/soc/ite/ec/it8xxx2/__arithmetic.S.obj
[yaviks:ro] [106/392] Building C object CMakeFiles/app.dir/mnt/host/source/src/platform/ec/build/zephyr/yaviks/modules/ec/driver/usb_mux/usb_mux.c.obj
[yaviks:rw] [165/392] Building C object zephyr/CMakeFiles/zephyr.dir/soc/ite/ec/common/power.c.obj
[yaviks:rw] [166/392] Building ASM object zephyr/CMakeFiles/zephyr.dir/soc/ite/ec/it8xxx2/vector.S.obj
[yaviks:rw] [167/392] Building C object zephyr/CMakeFiles/zephyr.dir/soc/ite/ec/it8xxx2/check_regs.c.obj
[yaviks:rw] [168/392] Building C object zephyr/CMakeFiles/zephyr.dir/soc/ite/ec/common/policy.c.obj
[yaviks:rw] [169/392] Building C object zephyr/CMakeFiles/zephyr.dir/soc/ite/ec/it8xxx2/soc.c.obj
[/mnt/host/source/src/platform/ec/build/zephyr/glassway-lcov]   /mnt/host/source/src/platform/ec/build/zephyr/glassway/build-rw/zephyr/CMakeFiles/zephyr.dir/lib/utils/last_section_id.c.gcno:no functions found
[/mnt/host/source/src/platform/ec/build/zephyr/glassway-lcov] stderr:
[yaviks:ro] [107/392] Building C object CMakeFiles/app.dir/mnt/host/source/src/platform/ec/build/zephyr/yaviks/modules/ec/common/usbc/usb_tc_drp_acc_trysrc_sm.c.obj
[yaviks:rw] [170/392] Building C object zephyr/CMakeFiles/zephyr.dir/subsys/pm/state.c.obj
[yaviks:rw] [171/392] Building C object zephyr/CMakeFiles/zephyr.dir/soc/ite/ec/it8xxx2/ilm.c.obj
[yaviks:ro] [108/392] Building C object CMakeFiles/app.dir/mnt/host/source/src/platform/ec/build/zephyr/yaviks/modules/ec/common/usbc/usb_prl_sm.c.obj
[yaviks:rw] [172/392] Building C object zephyr/CMakeFiles/zephyr.dir/subsys/logging/log_minimal.c.obj
[yaviks:rw] [173/392] Building C object zephyr/CMakeFiles/zephyr.dir/subsys/pm/pm.c.obj
[yaviks:rw] [174/392] Building C object zephyr/CMakeFiles/zephyr.dir/subsys/pm/policy/policy_events.c.obj
[/mnt/host/source/src/platform/ec/build/zephyr/ponyta-lcov]   /mnt/host/source/src/platform/ec/build/zephyr/ponyta/build-ro/zephyr/arch/common/CMakeFiles/isr_tables.dir/isr_tables.c.gcno:no functions found
[/mnt/host/source/src/platform/ec/build/zephyr/ponyta-lcov] stderr:
[yaviks:rw] [175/392] Building C object zephyr/CMakeFiles/zephyr.dir/subsys/pm/policy/policy_state_lock.c.obj
[yaviks:rw] [176/392] Building C object zephyr/CMakeFiles/zephyr.dir/subsys/pm/policy/policy_latency.c.obj
[yaviks:rw] [177/392] Building C object zephyr/CMakeFiles/zephyr.dir/subsys/pm/device.c.obj
[yaviks:ro] [109/392] Building C object CMakeFiles/app.dir/mnt/host/source/src/platform/ec/build/zephyr/yaviks/modules/ec/common/usbc/usb_pd_dpm.c.obj
[yaviks:rw] [178/392] Building C object zephyr/CMakeFiles/zephyr.dir/subsys/testsuite/coverage/coverage.c.obj
[yaviks:ro] [110/392] Building C object CMakeFiles/app.dir/mnt/host/source/src/platform/ec/build/zephyr/yaviks/modules/ec/common/usbc/usb_pe_drp_sm.c.obj
[yaviks:rw] [179/392] Building C object zephyr/CMakeFiles/zephyr.dir/subsys/tracing/tracing_none.c.obj
[yaviks:rw] [180/392] Building C object zephyr/CMakeFiles/zephyr.dir/subsys/pm/device_system_managed.c.obj
[yaviks:rw] [181/392] Building C object zephyr/CMakeFiles/zephyr.dir/subsys/shell/modules/kernel_service/kernel_shell.c.obj
[yaviks:ro] [111/392] Building C object CMakeFiles/app.dir/mnt/host/source/src/platform/ec/build/zephyr/yaviks/modules/ec/common/usbc/usbc_pd_policy.c.obj
[yaviks:rw] [182/392] Building C object zephyr/CMakeFiles/zephyr.dir/subsys/shell/modules/kernel_service/sleep.c.obj
[yaviks:rw] [183/392] Building C object zephyr/CMakeFiles/zephyr.dir/subsys/shell/modules/kernel_service/cycles.c.obj
[yaviks:rw] [184/392] Building C object zephyr/CMakeFiles/zephyr.dir/subsys/shell/modules/kernel_service/uptime.c.obj
[yaviks:ro] [112/392] Building C object CMakeFiles/app.dir/mnt/host/source/src/platform/ec/build/zephyr/yaviks/modules/ec/common/usbc/dp_alt_mode.c.obj
[yaviks:rw] [185/392] Building C object zephyr/CMakeFiles/zephyr.dir/subsys/shell/modules/kernel_service/version.c.obj
[yaviks:rw] [186/392] Building C object zephyr/CMakeFiles/zephyr.dir/subsys/shell/modules/kernel_service/thread/list.c.obj
[yaviks:rw] [187/392] Building C object zephyr/CMakeFiles/zephyr.dir/subsys/shell/modules/kernel_service/thread/stacks.c.obj
[yaviks:rw] [188/392] Building C object zephyr/CMakeFiles/zephyr.dir/subsys/shell/modules/kernel_service/thread/unwind.c.obj
[yaviks:rw] [189/392] Building C object zephyr/CMakeFiles/zephyr.dir/subsys/shell/modules/kernel_service/thread/thread.c.obj
[yaviks:ro] [113/392] Building C object CMakeFiles/app.dir/mnt/host/source/src/platform/ec/build/zephyr/yaviks/modules/ec/common/usb_pd_console_cmd.c.obj
[yaviks:rw] [190/392] Building C object zephyr/CMakeFiles/zephyr.dir/subsys/shell/modules/kernel_service/thread/resume.c.obj
[yaviks:rw] [191/392] Building C object zephyr/CMakeFiles/zephyr.dir/subsys/shell/modules/kernel_service/thread/suspend.c.obj
[/mnt/host/source/src/platform/ec/build/zephyr/luuke-lcov]   /mnt/host/source/src/platform/ec/build/zephyr/luuke/build-ro/CMakeFiles/app.dir/mnt/host/source/src/platform/ec/build/zephyr/luuke/modules/ec/common/chargen.c.gcno:no functions found
[/mnt/host/source/src/platform/ec/build/zephyr/luuke-lcov] stderr:
[yaviks:ro] [114/392] Building C object CMakeFiles/app.dir/mnt/host/source/src/platform/ec/build/zephyr/yaviks/modules/ec/common/usb_pd_host_cmd.c.obj
[yaviks:rw] [192/392] Building C object zephyr/CMakeFiles/zephyr.dir/subsys/shell/modules/kernel_service/thread/kill.c.obj
[yaviks:ro] [115/392] Building C object CMakeFiles/app.dir/mnt/host/source/src/platform/ec/build/zephyr/yaviks/modules/ec/common/usbc/usb_pd_host.c.obj
[yaviks:rw] [193/392] Building C object zephyr/CMakeFiles/zephyr.dir/subsys/shell/modules/device_service.c.obj
[yaviks:ro] [116/392] Building C object CMakeFiles/app.dir/mnt/host/source/src/platform/ec/build/zephyr/yaviks/modules/ec/zephyr/shim/src/tcpc.c.obj
[yaviks:rw] [194/392] Building C object zephyr/CMakeFiles/zephyr.dir/subsys/shell/modules/devmem_service.c.obj
[yaviks:rw] [195/392] Building C object zephyr/CMakeFiles/zephyr.dir/subsys/shell/modules/date_service.c.obj
[yaviks:rw] [196/392] Building C object zephyr/CMakeFiles/zephyr.dir/subsys/shell/shell.c.obj
[yaviks:rw] [197/392] Building C object zephyr/CMakeFiles/zephyr.dir/subsys/shell/backends/shell_uart.c.obj
[yaviks:rw] [198/392] Building C object zephyr/CMakeFiles/zephyr.dir/subsys/shell/shell_fprintf.c.obj
[yaviks:rw] [199/392] Building C object zephyr/CMakeFiles/zephyr.dir/subsys/shell/shell_utils.c.obj
[yaviks:rw] [200/392] Building C object zephyr/CMakeFiles/zephyr.dir/subsys/shell/shell_ops.c.obj
[yaviks:ro] [117/392] Building C object CMakeFiles/app.dir/mnt/host/source/src/platform/ec/build/zephyr/yaviks/modules/ec/common/usbc/svdm_rsp_dfp_only.c.obj
[yaviks:ro] [118/392] Building C object CMakeFiles/app.dir/mnt/host/source/src/platform/ec/build/zephyr/yaviks/modules/ec/common/usb_pd_host_cmd_common.c.obj
[yaviks:rw] [201/392] Building C object zephyr/CMakeFiles/zephyr.dir/subsys/shell/shell_cmds.c.obj
[yaviks:ro] [119/392] Building C object CMakeFiles/app.dir/mnt/host/source/src/platform/ec/build/zephyr/yaviks/modules/ec/common/usbc_ocp.c.obj
[yaviks:rw] [202/392] Building C object zephyr/arch/common/CMakeFiles/arch__common.dir/init.c.obj
[yaviks:rw] [203/392] Building C object zephyr/CMakeFiles/zephyr.dir/subsys/shell/shell_history.c.obj
[yaviks:rw] [204/392] Building C object zephyr/arch/common/CMakeFiles/arch__common.dir/sw_isr_common.c.obj
[yaviks:rw] [205/392] Building C object zephyr/arch/common/CMakeFiles/arch__common.dir/dynamic_isr.c.obj
[yaviks:rw] [206/392] Building C object zephyr/CMakeFiles/zephyr.dir/drivers/flash/flash_util.c.obj
[yaviks:ro] [120/392] Building C object CMakeFiles/app.dir/mnt/host/source/src/platform/ec/build/zephyr/yaviks/modules/ec/common/usb_pd_discovery.c.obj
[yaviks:rw] [207/392] Building C object zephyr/CMakeFiles/zephyr.dir/subsys/shell/shell_wildcard.c.obj
[yaviks:rw] [208/392] Building C object zephyr/arch/common/CMakeFiles/arch__common.dir/xip.c.obj
[yaviks:rw] [209/392] Linking C static library zephyr/libzephyr.a
[yaviks:rw] [210/392] Building C object zephyr/arch/common/CMakeFiles/isr_tables.dir/isr_tables.c.obj
[yaviks:rw] [211/392] Building C object zephyr/arch/arch/riscv/core/CMakeFiles/arch__riscv__core.dir/prep_c.c.obj
[yaviks:rw] [212/392] Linking C static library zephyr/arch/common/libisr_tables.a
[yaviks:ro] [121/392] Building C object CMakeFiles/app.dir/mnt/host/source/src/platform/ec/build/zephyr/yaviks/modules/ec/common/usb_pd_dual_role.c.obj
[yaviks:rw] [213/392] Building C object zephyr/arch/arch/riscv/core/CMakeFiles/arch__riscv__core.dir/cpu_idle.c.obj
[yaviks:rw] [214/392] Linking C static library zephyr/arch/common/libarch__common.a
[yaviks:rw] [215/392] Building C object zephyr/arch/arch/riscv/core/CMakeFiles/arch__riscv__core.dir/fatal.c.obj
[yaviks:ro] [122/392] Building C object CMakeFiles/app.dir/mnt/host/source/src/platform/ec/build/zephyr/yaviks/modules/ec/driver/tcpm/ps8xxx.c.obj
[yaviks:rw] [216/392] Building C object zephyr/arch/arch/riscv/core/CMakeFiles/arch__riscv__core.dir/irq_manage.c.obj
[yaviks:rw] [217/392] Generating ../../../include/generated/libc/minimal/strerror_table.h
[yaviks:rw] [218/392] Building C object zephyr/arch/arch/riscv/core/CMakeFiles/arch__riscv__core.dir/reboot.c.obj
[yaviks:ro] [123/392] Building C object CMakeFiles/app.dir/mnt/host/source/src/platform/ec/build/zephyr/yaviks/modules/ec/driver/tcpm/tcpci.c.obj
[yaviks:rw] [219/392] Building C object zephyr/lib/libc/minimal/CMakeFiles/lib__libc__minimal.dir/source/stdlib/atoi.c.obj
[yaviks:rw] [220/392] Building ASM object zephyr/arch/arch/riscv/core/CMakeFiles/arch__riscv__core.dir/reset.S.obj
[yaviks:rw] [221/392] Building C object zephyr/lib/libc/minimal/CMakeFiles/lib__libc__minimal.dir/source/stdlib/strtol.c.obj
[yaviks:rw] [222/392] Building C object zephyr/arch/arch/riscv/core/CMakeFiles/arch__riscv__core.dir/thread.c.obj
[yaviks:rw] [223/392] Building ASM object zephyr/arch/arch/riscv/core/CMakeFiles/arch__riscv__core.dir/switch.S.obj
[yaviks:rw] [224/392] Building C object zephyr/lib/libc/minimal/CMakeFiles/lib__libc__minimal.dir/source/stdlib/strtoul.c.obj
[yaviks:ro] [124/392] Building C object CMakeFiles/app.dir/mnt/host/source/src/platform/ec/build/zephyr/yaviks/modules/ec/driver/tcpm/ite_pd_intc.c.obj
[yaviks:rw] [225/392] Building C object zephyr/lib/libc/minimal/CMakeFiles/lib__libc__minimal.dir/source/stdlib/strtoll.c.obj
[yaviks:rw] [226/392] Building C object zephyr/lib/libc/minimal/CMakeFiles/lib__libc__minimal.dir/source/stdlib/strtoull.c.obj
[yaviks:rw] [227/392] Building C object zephyr/lib/libc/minimal/CMakeFiles/lib__libc__minimal.dir/source/stdlib/bsearch.c.obj
[yaviks:rw] [228/392] Building ASM object zephyr/arch/arch/riscv/core/CMakeFiles/arch__riscv__core.dir/isr.S.obj
[yaviks:rw] [229/392] Building C object zephyr/arch/arch/riscv/core/CMakeFiles/arch__riscv__core.dir/stacktrace.c.obj
[yaviks:rw] [230/392] Linking C static library zephyr/arch/arch/riscv/core/libarch__riscv__core.a
[yaviks:rw] [231/392] Building C object zephyr/lib/libc/common/CMakeFiles/lib__libc__common.dir/source/stdlib/abort.c.obj
[/mnt/host/source/src/platform/ec/build/zephyr/ponyta-lcov]   /mnt/host/source/src/platform/ec/build/zephyr/ponyta/build-ro/zephyr/CMakeFiles/zephyr.dir/subsys/shell/modules/kernel_service/kernel_shell.c.gcno:no functions found
[/mnt/host/source/src/platform/ec/build/zephyr/ponyta-lcov] stderr:
[yaviks:rw] [232/392] Building C object zephyr/lib/libc/minimal/CMakeFiles/lib__libc__minimal.dir/source/string/strstr.c.obj
[yaviks:rw] [233/392] Building C object zephyr/lib/libc/minimal/CMakeFiles/lib__libc__minimal.dir/source/string/strncasecmp.c.obj
[yaviks:ro] [125/392] Building C object CMakeFiles/app.dir/mnt/host/source/src/platform/ec/build/zephyr/yaviks/modules/ec/driver/tcpm/it8xxx2.c.obj
[yaviks:rw] [234/392] Building C object zephyr/lib/libc/minimal/CMakeFiles/lib__libc__minimal.dir/source/string/string.c.obj
[yaviks:rw] [235/392] Building C object zephyr/lib/libc/minimal/CMakeFiles/lib__libc__minimal.dir/source/string/strerror.c.obj
[yaviks:rw] [236/392] Building C object zephyr/lib/libc/minimal/CMakeFiles/lib__libc__minimal.dir/source/stdlib/qsort.c.obj
[yaviks:rw] [237/392] Building C object zephyr/lib/libc/minimal/CMakeFiles/lib__libc__minimal.dir/source/string/strspn.c.obj
[yaviks:ro] [126/392] Building C object CMakeFiles/app.dir/mnt/host/source/src/platform/ec/build/zephyr/yaviks/modules/ec/common/vboot_hash.c.obj
[/mnt/host/source/src/platform/ec/build/zephyr/ponyta-lcov]   /mnt/host/source/src/platform/ec/build/zephyr/ponyta/build-ro/zephyr/CMakeFiles/zephyr.dir/lib/libc/validate_libc.c.gcno:no functions found
[/mnt/host/source/src/platform/ec/build/zephyr/ponyta-lcov] stderr:
[yaviks:rw] [238/392] Building C object zephyr/lib/libc/minimal/CMakeFiles/lib__libc__minimal.dir/source/stdlib/exit.c.obj
[yaviks:ro] [127/392] Building C object CMakeFiles/app.dir/mnt/host/source/src/platform/ec/build/zephyr/yaviks/modules/ec/common/vboot/efs2.c.obj
[yaviks:rw] [239/392] Building C object zephyr/lib/libc/minimal/CMakeFiles/lib__libc__minimal.dir/source/math/sqrt.c.obj
[yaviks:rw] [240/392] Building C object zephyr/lib/libc/common/CMakeFiles/lib__libc__common.dir/source/time/asctime.c.obj
[yaviks:rw] [241/392] Building C object zephyr/lib/libc/minimal/CMakeFiles/lib__libc__minimal.dir/source/math/sqrtf.c.obj
[yaviks:rw] [242/392] Building C object zephyr/lib/libc/common/CMakeFiles/lib__libc__common.dir/source/time/gmtime_r.c.obj
[/mnt/host/source/src/platform/ec/build/zephyr/anraggar-lcov]   /mnt/host/source/src/platform/ec/build/zephyr/anraggar/build-ro/CMakeFiles/app.dir/mnt/host/source/src/platform/ec/build/zephyr/anraggar/modules/ec/common/cbi_config.c.gcno:no functions found
[/mnt/host/source/src/platform/ec/build/zephyr/anraggar-lcov] stderr:
[yaviks:ro] [128/392] Building C object CMakeFiles/app.dir/mnt/host/source/src/platform/ec/build/zephyr/yaviks/modules/ec/common/vstore.c.obj
[yaviks:rw] [243/392] Building C object zephyr/lib/libc/minimal/CMakeFiles/lib__libc__minimal.dir/source/stdout/stdout_console.c.obj
[yaviks:rw] [244/392] Building C object zephyr/lib/libc/common/CMakeFiles/lib__libc__common.dir/source/time/localtime_r_utc.c.obj
[yaviks:rw] [245/392] Building C object zephyr/lib/libc/common/CMakeFiles/lib__libc__common.dir/source/time/ctime.c.obj
[yaviks:rw] [246/392] Building C object zephyr/lib/libc/minimal/CMakeFiles/lib__libc__minimal.dir/source/stdout/sprintf.c.obj
[yaviks:rw] [247/392] Building C object zephyr/lib/libc/common/CMakeFiles/lib__libc__common.dir/source/string/strnlen.c.obj
[yaviks:rw] [248/392] Building C object zephyr/lib/libc/common/CMakeFiles/lib__libc__common.dir/source/time/time.c.obj
[yaviks:rw] [249/392] Building C object zephyr/lib/libc/minimal/CMakeFiles/lib__libc__minimal.dir/source/stdout/fprintf.c.obj
[yaviks:rw] [250/392] Building C object zephyr/lib/posix/c_lib_ext/CMakeFiles/lib__posix__c_lib_ext.dir/fnmatch.c.obj
[yaviks:rw] [251/392] Building C object zephyr/subsys/crc/CMakeFiles/subsys__crc.dir/crc4_sw.c.obj
[yaviks:ro] [129/392] Building C object CMakeFiles/app.dir/mnt/host/source/src/platform/ec/build/zephyr/yaviks/modules/ec/common/math_util.c.obj
[yaviks:rw] [252/392] Building C object zephyr/subsys/crc/CMakeFiles/subsys__crc.dir/crc8_sw.c.obj
[yaviks:rw] [253/392] Building C object zephyr/subsys/crc/CMakeFiles/subsys__crc.dir/crc16_sw.c.obj
[yaviks:rw] [254/392] Building C object zephyr/lib/libc/minimal/CMakeFiles/lib__libc__minimal.dir/source/time/gmtime.c.obj
[yaviks:rw] [255/392] Building C object zephyr/subsys/crc/CMakeFiles/subsys__crc.dir/crc7_sw.c.obj
[yaviks:rw] [256/392] Building C object zephyr/subsys/crc/CMakeFiles/subsys__crc.dir/crc32_sw.c.obj
[yaviks:rw] [257/392] Linking C static library zephyr/lib/libc/minimal/liblib__libc__minimal.a
[yaviks:rw] [258/392] Building C object zephyr/subsys/crc/CMakeFiles/subsys__crc.dir/crc32c_sw.c.obj
[yaviks:rw] [259/392] Building C object zephyr/subsys/crc/CMakeFiles/subsys__crc.dir/crc32k_4_2_sw.c.obj
[yaviks:rw] [260/392] Building C object zephyr/subsys/crc/CMakeFiles/subsys__crc.dir/crc24_sw.c.obj
[yaviks:ro] [130/392] Building C object CMakeFiles/app.dir/src/board_power.c.obj
[yaviks:rw] [261/392] Building C object zephyr/lib/libc/common/CMakeFiles/lib__libc__common.dir/source/stdlib/malloc.c.obj
[yaviks:ro] [131/392] Building C object CMakeFiles/app.dir/src/common.c.obj
[/mnt/host/source/src/platform/ec/build/zephyr/anraggar-lcov]   /mnt/host/source/src/platform/ec/build/zephyr/anraggar/build-ro/zephyr/arch/arch/riscv/core/CMakeFiles/arch__riscv__core.dir/cpu_idle.c.gcno:no functions found
[/mnt/host/source/src/platform/ec/build/zephyr/anraggar-lcov] stderr:
[yaviks:rw] [262/392] Linking C static library zephyr/subsys/crc/libsubsys__crc.a
[yaviks:rw] [263/392] Linking C static library zephyr/lib/libc/common/liblib__libc__common.a
[yaviks:ro] [132/392] Building C object CMakeFiles/app.dir/yaviks/src/led.c.obj
[yaviks:rw] [264/392] Building C object zephyr/lib/posix/c_lib_ext/CMakeFiles/lib__posix__c_lib_ext.dir/getentropy.c.obj
[yaviks:rw] [265/392] Building C object zephyr/lib/posix/c_lib_ext/CMakeFiles/lib__posix__c_lib_ext.dir/getopt_shim.c.obj
[yaviks:rw] [266/392] Linking C static library zephyr/lib/posix/c_lib_ext/liblib__posix__c_lib_ext.a
[yaviks:rw] [267/392] Building C object zephyr/drivers/interrupt_controller/CMakeFiles/drivers__interrupt_controller.dir/wuc_ite_it8xxx2.c.obj
[yaviks:ro] [133/392] Building C object CMakeFiles/app.dir/yaviks/src/keyboard.c.obj
[yaviks:rw] [268/392] Building C object zephyr/drivers/interrupt_controller/CMakeFiles/drivers__interrupt_controller.dir/intc_ite_it8xxx2.c.obj
[yaviks:rw] [269/392] Building C object zephyr/drivers/adc/CMakeFiles/drivers__adc.dir/adc_common.c.obj
[/mnt/host/source/src/platform/ec/build/zephyr/ponyta-lcov]   /mnt/host/source/src/platform/ec/build/zephyr/ponyta/build-ro/zephyr/CMakeFiles/zephyr.dir/lib/utils/last_section_id.c.gcno:no functions found
[/mnt/host/source/src/platform/ec/build/zephyr/ponyta-lcov] stderr:
[yaviks:rw] [270/392] Linking C static library zephyr/drivers/interrupt_controller/libdrivers__interrupt_controller.a
[yaviks:rw] [271/392] Building C object zephyr/drivers/bbram/CMakeFiles/drivers__bbram.dir/bbram_it8xxx2.c.obj
[yaviks:rw] [272/392] Building C object zephyr/drivers/adc/CMakeFiles/drivers__adc.dir/adc_ite_it8xxx2.c.obj
[yaviks:rw] [273/392] Linking C static library zephyr/drivers/bbram/libdrivers__bbram.a
[yaviks:rw] [274/392] Building C object zephyr/drivers/console/CMakeFiles/drivers__console.dir/uart_console.c.obj
[yaviks:rw] [275/392] Linking C static library zephyr/drivers/adc/libdrivers__adc.a
[yaviks:ro] [134/392] Building C object CMakeFiles/app.dir/yaviks/src/board.c.obj
[yaviks:ro] [135/392] Building C object CMakeFiles/app.dir/yaviks/src/sub_board.c.obj
[yaviks:rw] [276/392] Linking C static library zephyr/drivers/console/libdrivers__console.a
[yaviks:rw] [277/392] Building C object zephyr/drivers/eeprom/CMakeFiles/drivers__eeprom.dir/eeprom_at2x.c.obj
[yaviks:ro] [136/392] Building C object CMakeFiles/app.dir/yaviks/src/thermal.c.obj
[yaviks:rw] [278/392] Linking C static library zephyr/drivers/eeprom/libdrivers__eeprom.a
[/mnt/host/source/src/platform/ec/build/zephyr/luuke-lcov]   /mnt/host/source/src/platform/ec/build/zephyr/luuke/build-ro/CMakeFiles/app.dir/mnt/host/source/src/platform/ec/build/zephyr/luuke/modules/ec/common/cbi_config.c.gcno:no functions found
[/mnt/host/source/src/platform/ec/build/zephyr/luuke-lcov] stderr:
[yaviks:rw] [279/392] Building C object zephyr/drivers/gpio/CMakeFiles/drivers__gpio.dir/gpio_kscan_ite_it8xxx2.c.obj
[/mnt/host/source/src/platform/ec/build/zephyr/anraggar-lcov]   /mnt/host/source/src/platform/ec/build/zephyr/anraggar/build-ro/zephyr/arch/common/CMakeFiles/isr_tables.dir/isr_tables.c.gcno:no functions found
[/mnt/host/source/src/platform/ec/build/zephyr/anraggar-lcov] stderr:
[yaviks:rw] [280/392] Building C object zephyr/drivers/espi/CMakeFiles/drivers__espi.dir/espi_it8xxx2.c.obj
[yaviks:rw] [281/392] Building C object zephyr/drivers/flash/CMakeFiles/drivers__flash.dir/flash_ite_it8xxx2.c.obj
[yaviks:rw] [282/392] Linking C static library zephyr/drivers/espi/libdrivers__espi.a
[yaviks:rw] [283/392] Linking C static library zephyr/drivers/flash/libdrivers__flash.a
[yaviks:rw] [284/392] Building C object zephyr/drivers/gpio/CMakeFiles/drivers__gpio.dir/gpio_ite_it8xxx2.c.obj
[yaviks:rw] [285/392] Building C object zephyr/drivers/i2c/CMakeFiles/drivers__i2c.dir/i2c_common.c.obj
[yaviks:rw] [286/392] Linking C static library zephyr/drivers/gpio/libdrivers__gpio.a
[yaviks:rw] [287/392] Building C object zephyr/drivers/i2c/CMakeFiles/drivers__i2c.dir/i2c_shell.c.obj
[/mnt/host/source/src/platform/ec/build/zephyr/luuke-lcov]   /mnt/host/source/src/platform/ec/build/zephyr/luuke/build-ro/zephyr/arch/arch/riscv/core/CMakeFiles/arch__riscv__core.dir/cpu_idle.c.gcno:no functions found
[/mnt/host/source/src/platform/ec/build/zephyr/luuke-lcov] stderr:
[yaviks:ro] [137/392] Building C object zephyr/CMakeFiles/zephyr.dir/lib/libc/validate_libc.c.obj
[yaviks:ro] [138/392] Building C object CMakeFiles/app.dir/yaviks/src/usbc.c.obj
[yaviks:rw] [288/392] Building C object zephyr/drivers/i2c/CMakeFiles/drivers__i2c.dir/i2c_bitbang.c.obj
[yaviks:ro] [139/392] Building C object CMakeFiles/app.dir/yaviks/src/charger.c.obj
[yaviks:rw] [289/392] Building C object zephyr/drivers/sensor/CMakeFiles/drivers__sensor.dir/mnt/host/source/src/third_party/zephyr/main/misc/empty_file.c.obj
[yaviks:rw] [290/392] Building C object zephyr/drivers/i2c/CMakeFiles/drivers__i2c.dir/i2c_ite_enhance.c.obj
[yaviks:rw] [291/392] Linking C static library zephyr/drivers/sensor/libdrivers__sensor.a
[yaviks:ro] [140/392] Building C object CMakeFiles/app.dir/yaviks/src/fan.c.obj
[yaviks:rw] [292/392] Building C object zephyr/drivers/pinctrl/CMakeFiles/drivers__pinctrl.dir/common.c.obj
[yaviks:ro] [141/392] Linking C static library app/libapp.a
[yaviks:rw] [293/392] Building C object zephyr/drivers/pwm/CMakeFiles/drivers__pwm.dir/pwm_ite_it8xxx2.c.obj
[yaviks:rw] [294/392] Building C object zephyr/drivers/i2c/CMakeFiles/drivers__i2c.dir/i2c_ite_it8xxx2.c.obj
[yaviks:rw] [295/392] Building C object zephyr/drivers/pinctrl/CMakeFiles/drivers__pinctrl.dir/pinctrl_ite_it8xxx2.c.obj
[yaviks:ro] [142/392] Building C object zephyr/CMakeFiles/zephyr.dir/lib/heap/heap.c.obj
[yaviks:rw] [296/392] Linking C static library zephyr/drivers/pwm/libdrivers__pwm.a
[yaviks:ro] [143/392] Building C object zephyr/CMakeFiles/zephyr.dir/lib/os/cbprintf_packaged.c.obj
[yaviks:rw] [297/392] Linking C static library zephyr/drivers/i2c/libdrivers__i2c.a
[yaviks:rw] [298/392] Linking C static library zephyr/drivers/pinctrl/libdrivers__pinctrl.a
[yaviks:rw] [299/392] Building C object zephyr/drivers/sensor/ite/ite_tach_it8xxx2/CMakeFiles/drivers__sensor__ite__ite_tach_it8xxx2.dir/tach_ite_it8xxx2.c.obj
[yaviks:ro] [144/392] Building C object zephyr/CMakeFiles/zephyr.dir/lib/os/clock.c.obj
[yaviks:rw] [300/392] Linking C static library zephyr/drivers/sensor/ite/ite_tach_it8xxx2/libdrivers__sensor__ite__ite_tach_it8xxx2.a
[yaviks:rw] [301/392] Building C object zephyr/drivers/sensor/ite/ite_vcmp_it8xxx2/CMakeFiles/drivers__sensor__ite__ite_vcmp_it8xxx2.dir/vcmp_ite_it8xxx2.c.obj
[yaviks:rw] [302/392] Building C object zephyr/drivers/serial/CMakeFiles/drivers__serial.dir/uart_ite_it8xxx2.c.obj
[yaviks:rw] [303/392] Building C object zephyr/drivers/serial/CMakeFiles/drivers__serial.dir/uart_ns16550.c.obj
[yaviks:rw] [304/392] Linking C static library zephyr/drivers/sensor/ite/ite_vcmp_it8xxx2/libdrivers__sensor__ite__ite_vcmp_it8xxx2.a
[yaviks:rw] [305/392] Linking C static library zephyr/drivers/serial/libdrivers__serial.a
[yaviks:rw] [306/392] Building C object zephyr/drivers/timer/CMakeFiles/drivers__timer.dir/sys_clock_init.c.obj
[/mnt/host/source/src/platform/ec/build/zephyr/luuke-lcov]   /mnt/host/source/src/platform/ec/build/zephyr/luuke/build-ro/zephyr/arch/common/CMakeFiles/isr_tables.dir/isr_tables.c.gcno:no functions found
[/mnt/host/source/src/platform/ec/build/zephyr/luuke-lcov] stderr:
[yaviks:ro] [145/392] Building C object zephyr/CMakeFiles/zephyr.dir/lib/os/printk.c.obj
[yaviks:rw] [307/392] Building C object zephyr/drivers/watchdog/CMakeFiles/drivers__watchdog.dir/wdt_ite_it8xxx2.c.obj
[yaviks:ro] [146/392] Building C object zephyr/CMakeFiles/zephyr.dir/lib/os/thread_entry.c.obj
[yaviks:ro] [147/392] Building C object zephyr/CMakeFiles/zephyr.dir/lib/os/sem.c.obj
[yaviks:rw] [308/392] Building C object zephyr/drivers/timer/CMakeFiles/drivers__timer.dir/ite_it8xxx2_timer.c.obj
[yaviks:ro] [148/392] Building C object zephyr/CMakeFiles/zephyr.dir/lib/os/cbprintf_nano.c.obj
[yaviks:rw] [309/392] Linking C static library zephyr/drivers/watchdog/libdrivers__watchdog.a
[yaviks:rw] [310/392] Linking C static library zephyr/drivers/timer/libdrivers__timer.a
[yaviks:rw] [311/392] Building C object modules/ec/zephyr/CMakeFiles/ec_shim.dir/app/ec/main_shim.c.obj
[yaviks:ro] [149/392] Building C object zephyr/CMakeFiles/zephyr.dir/lib/utils/dec.c.obj
[yaviks:rw] [312/392] Building C object modules/ec/zephyr/CMakeFiles/ec_shim.dir/app/ec/ec_app_main.c.obj
[yaviks:rw] [313/392] Building C object modules/ec/zephyr/CMakeFiles/ec_shim.dir/app/ec/chip/riscv/riscv-ite/it8xxx2-espi.c.obj
[yaviks:ro] [150/392] Building C object zephyr/CMakeFiles/zephyr.dir/lib/utils/hex.c.obj
[yaviks:ro] [151/392] Building C object zephyr/CMakeFiles/zephyr.dir/lib/os/cbprintf.c.obj
[yaviks:rw] [314/392] Building C object modules/ec/zephyr/CMakeFiles/ec_shim.dir/drivers/cros_kblight/pwm_kblight.c.obj
[yaviks:rw] [315/392] Building C object modules/ec/zephyr/CMakeFiles/ec_shim.dir/drivers/cros_flash/cros_flash_it8xxx2.c.obj
[yaviks:rw] [316/392] Building C object modules/ec/zephyr/CMakeFiles/ec_shim.dir/drivers/cros_kb_raw/cros_kb_raw_ite.c.obj
[yaviks:ro] [152/392] Building C object zephyr/CMakeFiles/zephyr.dir/lib/utils/timeutil.c.obj
[/mnt/host/source/src/platform/ec/build/zephyr/glassway-lcov]   /mnt/host/source/src/platform/ec/build/zephyr/glassway/build-rw/zephyr/CMakeFiles/zephyr.dir/soc/nuvoton/npcx/common/npcxn/registers.c.gcno:no functions found
[/mnt/host/source/src/platform/ec/build/zephyr/glassway-lcov] stderr:
[yaviks:ro] [153/392] Building C object zephyr/CMakeFiles/zephyr.dir/lib/os/assert.c.obj
[yaviks:rw] [317/392] Building C object modules/ec/zephyr/CMakeFiles/ec_shim.dir/drivers/vivaldi_kbd/vivaldi_kbd.c.obj
[yaviks:rw] [318/392] Building C object modules/ec/zephyr/CMakeFiles/ec_shim.dir/drivers/cros_system/cros_system_it8xxx2.c.obj
[yaviks:ro] [154/392] Building C object zephyr/CMakeFiles/zephyr.dir/lib/utils/rb.c.obj
[yaviks:ro] [155/392] Building C object zephyr/CMakeFiles/zephyr.dir/lib/utils/bitmask.c.obj
[yaviks:ro] [156/392] Building C object zephyr/CMakeFiles/zephyr.dir/lib/utils/bitarray.c.obj
[yaviks:rw] [319/392] Building C object modules/ec/zephyr/CMakeFiles/ec_shim.dir/shim/chip/it8xxx2/clock.c.obj
[yaviks:rw] [320/392] Building C object modules/ec/zephyr/CMakeFiles/ec_shim.dir/shim/src/crc.c.obj
[yaviks:ro] [157/392] Building C object zephyr/CMakeFiles/zephyr.dir/lib/utils/last_section_id.c.obj
[yaviks:rw] [321/392] Building C object modules/ec/zephyr/CMakeFiles/ec_shim.dir/shim/chip/it8xxx2/system.c.obj
[yaviks:rw] [322/392] Building C object modules/ec/zephyr/CMakeFiles/ec_shim.dir/shim/chip/it8xxx2/keyboard_raw.c.obj
[yaviks:ro] [158/392] Building C object zephyr/CMakeFiles/zephyr.dir/lib/utils/getopt/getopt.c.obj
[yaviks:ro] [159/392] Building C object zephyr/CMakeFiles/zephyr.dir/lib/utils/ring_buffer.c.obj
[yaviks:rw] [323/392] Building C object modules/ec/zephyr/CMakeFiles/ec_shim.dir/shim/chip/it8xxx2/power_policy.c.obj
[yaviks:ro] [160/392] Building C object zephyr/CMakeFiles/zephyr.dir/misc/generated/configs.c.obj
[yaviks:rw] [324/392] Building C object modules/ec/zephyr/CMakeFiles/ec_shim.dir/shim/chip/it8xxx2/gpio.c.obj
[yaviks:rw] [325/392] Building C object modules/ec/zephyr/CMakeFiles/ec_shim.dir/shim/src/console.c.obj
[yaviks:ro] [161/392] Building C object zephyr/CMakeFiles/zephyr.dir/lib/utils/getopt/getopt_common.c.obj
[yaviks:ro] [162/392] Building ASM object zephyr/CMakeFiles/zephyr.dir/soc/ite/ec/common/soc_irq.S.obj
[yaviks:rw] [326/392] Building C object modules/ec/zephyr/CMakeFiles/ec_shim.dir/shim/src/panic_utils.c.obj
[yaviks:rw] [327/392] Building C object modules/ec/zephyr/CMakeFiles/ec_shim.dir/shim/src/gpio.c.obj
[yaviks:ro] [163/392] Building C object zephyr/CMakeFiles/zephyr.dir/soc/ite/ec/common/soc_common_irq.c.obj
[yaviks:ro] [164/392] Building C object zephyr/CMakeFiles/zephyr.dir/soc/ite/ec/common/power.c.obj
[yaviks:rw] [328/392] Building C object modules/ec/zephyr/CMakeFiles/ec_shim.dir/shim/src/gpio_int.c.obj
[yaviks:rw] [329/392] Building C object modules/ec/zephyr/CMakeFiles/ec_shim.dir/shim/src/cbi/cros_cbi.c.obj
[yaviks:rw] [330/392] Building C object modules/ec/zephyr/CMakeFiles/ec_shim.dir/shim/src/pm_state.c.obj
[yaviks:rw] [331/392] Building C object modules/ec/zephyr/CMakeFiles/ec_shim.dir/shim/src/cbi/cros_cbi_fw_config.c.obj
[yaviks:rw] [332/392] Building C object modules/ec/zephyr/CMakeFiles/ec_shim.dir/shim/src/cbi/cbi_eeprom.c.obj
[yaviks:ro] [165/392] Building C object zephyr/CMakeFiles/zephyr.dir/soc/ite/ec/it8xxx2/soc.c.obj
[yaviks:ro] [166/392] Building C object zephyr/CMakeFiles/zephyr.dir/soc/ite/ec/common/policy.c.obj
[yaviks:ro] [167/392] Building ASM object zephyr/CMakeFiles/zephyr.dir/soc/ite/ec/it8xxx2/vector.S.obj
[yaviks:rw] [333/392] Building C object modules/ec/zephyr/CMakeFiles/ec_shim.dir/shim/src/system.c.obj
[yaviks:ro] [168/392] Building C object zephyr/CMakeFiles/zephyr.dir/soc/ite/ec/it8xxx2/check_regs.c.obj
[yaviks:rw] [334/392] Building C object modules/ec/zephyr/CMakeFiles/ec_shim.dir/shim/src/battery.c.obj
[yaviks:ro] [169/392] Building ASM object zephyr/CMakeFiles/zephyr.dir/soc/ite/ec/it8xxx2/__arithmetic.S.obj
[/mnt/host/source/src/platform/ec/build/zephyr/anraggar-lcov]   /mnt/host/source/src/platform/ec/build/zephyr/anraggar/build-ro/zephyr/CMakeFiles/zephyr.dir/subsys/shell/modules/kernel_service/kernel_shell.c.gcno:no functions found
[/mnt/host/source/src/platform/ec/build/zephyr/anraggar-lcov] stderr:
[yaviks:rw] [335/392] Building C object modules/ec/zephyr/CMakeFiles/ec_shim.dir/shim/src/adc.c.obj
[yaviks:rw] [336/392] Building C object modules/ec/zephyr/CMakeFiles/ec_shim.dir/shim/src/charger.c.obj
[/mnt/host/source/src/platform/ec/build/zephyr/anraggar-lcov]   /mnt/host/source/src/platform/ec/build/zephyr/anraggar/build-ro/zephyr/CMakeFiles/zephyr.dir/lib/libc/validate_libc.c.gcno:no functions found
[/mnt/host/source/src/platform/ec/build/zephyr/anraggar-lcov] stderr:
[yaviks:ro] [170/392] Building C object zephyr/CMakeFiles/zephyr.dir/subsys/logging/log_minimal.c.obj
[yaviks:rw] [337/392] Building C object modules/ec/zephyr/CMakeFiles/ec_shim.dir/shim/src/chipset_api.c.obj
[yaviks:ro] [171/392] Building C object zephyr/CMakeFiles/zephyr.dir/soc/ite/ec/it8xxx2/ilm.c.obj
[yaviks:rw] [338/392] Building C object modules/ec/zephyr/CMakeFiles/ec_shim.dir/shim/src/espi.c.obj
[yaviks:ro] [172/392] Building C object zephyr/CMakeFiles/zephyr.dir/subsys/pm/pm.c.obj
[yaviks:rw] [339/392] Building C object modules/ec/zephyr/CMakeFiles/ec_shim.dir/shim/src/fan.c.obj
[yaviks:ro] [173/392] Building C object zephyr/CMakeFiles/zephyr.dir/subsys/pm/state.c.obj
[yaviks:rw] [340/392] Building C object modules/ec/zephyr/CMakeFiles/ec_shim.dir/shim/src/hooks.c.obj
[yaviks:rw] [341/392] Building C object modules/ec/zephyr/CMakeFiles/ec_shim.dir/shim/src/flash.c.obj
[yaviks:rw] [342/392] Building C object modules/ec/zephyr/CMakeFiles/ec_shim.dir/shim/src/host_command.c.obj
[/mnt/host/source/src/platform/ec/build/zephyr/luuke-lcov]   /mnt/host/source/src/platform/ec/build/zephyr/luuke/build-ro/zephyr/CMakeFiles/zephyr.dir/subsys/shell/modules/kernel_service/kernel_shell.c.gcno:no functions found
[/mnt/host/source/src/platform/ec/build/zephyr/luuke-lcov] stderr:
[yaviks:rw] [343/392] Building C object modules/ec/zephyr/CMakeFiles/ec_shim.dir/shim/src/console_buffer.c.obj
[yaviks:ro] [174/392] Building C object zephyr/CMakeFiles/zephyr.dir/subsys/pm/policy/policy_events.c.obj
[yaviks:ro] [175/392] Building C object zephyr/CMakeFiles/zephyr.dir/subsys/pm/policy/policy_latency.c.obj
[yaviks:rw] [344/392] Building C object modules/ec/zephyr/CMakeFiles/ec_shim.dir/shim/src/keyboard_raw.c.obj
[yaviks:rw] [345/392] Building C object modules/ec/zephyr/CMakeFiles/ec_shim.dir/shim/src/keyscan.c.obj
[/mnt/host/source/src/platform/ec/build/zephyr/luuke-lcov]   /mnt/host/source/src/platform/ec/build/zephyr/luuke/build-ro/zephyr/CMakeFiles/zephyr.dir/lib/libc/validate_libc.c.gcno:no functions found
[/mnt/host/source/src/platform/ec/build/zephyr/luuke-lcov] stderr:
[yaviks:ro] [176/392] Building C object zephyr/CMakeFiles/zephyr.dir/subsys/pm/policy/policy_state_lock.c.obj
[yaviks:rw] [346/392] Building C object modules/ec/zephyr/CMakeFiles/ec_shim.dir/shim/src/mkbp_event.c.obj
[/mnt/host/source/src/platform/ec/build/zephyr/anraggar-lcov]   /mnt/host/source/src/platform/ec/build/zephyr/anraggar/build-ro/zephyr/CMakeFiles/zephyr.dir/lib/utils/last_section_id.c.gcno:no functions found
[/mnt/host/source/src/platform/ec/build/zephyr/anraggar-lcov] stderr:
[yaviks:rw] [347/392] Building C object modules/ec/zephyr/CMakeFiles/ec_shim.dir/shim/src/panic.c.obj
[yaviks:ro] [177/392] Building C object zephyr/CMakeFiles/zephyr.dir/subsys/pm/device.c.obj
[yaviks:rw] [348/392] Building C object modules/ec/zephyr/CMakeFiles/ec_shim.dir/shim/src/pwm_hc.c.obj
[yaviks:rw] [349/392] Building C object modules/ec/zephyr/CMakeFiles/ec_shim.dir/shim/src/thermal.c.obj
[yaviks:ro] [178/392] Building C object zephyr/CMakeFiles/zephyr.dir/subsys/pm/device_system_managed.c.obj
[yaviks:ro] [179/392] Building C object zephyr/CMakeFiles/zephyr.dir/subsys/tracing/tracing_none.c.obj
[yaviks:ro] [180/392] Building C object zephyr/CMakeFiles/zephyr.dir/subsys/testsuite/coverage/coverage.c.obj
[yaviks:rw] [350/392] Building C object modules/ec/zephyr/CMakeFiles/ec_shim.dir/shim/src/hwtimer.c.obj
[yaviks:rw] [351/392] Building C object modules/ec/zephyr/CMakeFiles/ec_shim.dir/shim/src/temp_sensors.c.obj
[yaviks:rw] [352/392] Building C object modules/ec/zephyr/CMakeFiles/ec_shim.dir/shim/src/i2c.c.obj
[yaviks:rw] [353/392] Building C object modules/ec/zephyr/CMakeFiles/ec_shim.dir/shim/src/tasks.c.obj
[yaviks:rw] [354/392] Building C object modules/ec/zephyr/CMakeFiles/ec_shim.dir/shim/src/bc12.c.obj
[/mnt/host/source/src/platform/ec/build/zephyr/luuke-lcov]   /mnt/host/source/src/platform/ec/build/zephyr/luuke/build-ro/zephyr/CMakeFiles/zephyr.dir/lib/utils/last_section_id.c.gcno:no functions found
[yaviks:ro] [181/392] Building C object zephyr/CMakeFiles/zephyr.dir/subsys/shell/modules/kernel_service/kernel_shell.c.obj
[/mnt/host/source/src/platform/ec/build/zephyr/luuke-lcov] stderr:
[yaviks:rw] [355/392] Building C object modules/ec/zephyr/CMakeFiles/ec_shim.dir/shim/src/watchdog.c.obj
[yaviks:ro] [182/392] Building C object zephyr/CMakeFiles/zephyr.dir/subsys/shell/modules/kernel_service/cycles.c.obj
[yaviks:rw] [356/392] Building C object modules/ec/zephyr/CMakeFiles/ec_shim.dir/shim/src/power_host_sleep_api.c.obj
[yaviks:ro] [183/392] Building C object zephyr/CMakeFiles/zephyr.dir/subsys/shell/modules/kernel_service/uptime.c.obj
[yaviks:ro] [184/392] Building C object zephyr/CMakeFiles/zephyr.dir/subsys/shell/modules/kernel_service/sleep.c.obj
[yaviks:rw] [357/392] Building C object modules/ec/zephyr/CMakeFiles/ec_shim.dir/shim/src/usba.c.obj
[yaviks:rw] [358/392] Building C object modules/ec/zephyr/CMakeFiles/ec_shim.dir/shim/src/bc12_pi3usb9201.c.obj
[yaviks:rw] [359/392] Building C object zephyr/kernel/CMakeFiles/kernel.dir/main_weak.c.obj
[yaviks:rw] [360/392] Building C object modules/ec/zephyr/CMakeFiles/ec_shim.dir/shim/src/usb_muxes.c.obj
[yaviks:rw] [361/392] Building C object zephyr/kernel/CMakeFiles/kernel.dir/banner.c.obj
[yaviks:rw] [362/392] Building C object zephyr/kernel/CMakeFiles/kernel.dir/busy_wait.c.obj
[yaviks:rw] [363/392] Linking C static library modules/ec/zephyr/libec_shim.a
[yaviks:rw] [364/392] Building C object zephyr/kernel/CMakeFiles/kernel.dir/device.c.obj
[yaviks:rw] [365/392] Building C object zephyr/kernel/CMakeFiles/kernel.dir/errno.c.obj
[yaviks:ro] [185/392] Building C object zephyr/CMakeFiles/zephyr.dir/subsys/shell/modules/kernel_service/version.c.obj
[yaviks:rw] [366/392] Building C object zephyr/kernel/CMakeFiles/kernel.dir/version.c.obj
[yaviks:ro] [186/392] Building C object zephyr/CMakeFiles/zephyr.dir/subsys/shell/modules/kernel_service/thread/list.c.obj
[yaviks:rw] [367/392] Building C object zephyr/kernel/CMakeFiles/kernel.dir/fatal.c.obj
[yaviks:ro] [187/392] Building C object zephyr/CMakeFiles/zephyr.dir/subsys/shell/modules/kernel_service/thread/thread.c.obj
[yaviks:ro] [188/392] Building C object zephyr/CMakeFiles/zephyr.dir/subsys/shell/modules/kernel_service/thread/stacks.c.obj
[yaviks:rw] [368/392] Building C object zephyr/kernel/CMakeFiles/kernel.dir/kheap.c.obj
[yaviks:rw] [369/392] Building C object zephyr/kernel/CMakeFiles/kernel.dir/init.c.obj
[yaviks:rw] [370/392] Building C object zephyr/kernel/CMakeFiles/kernel.dir/mem_slab.c.obj
[yaviks:rw] [371/392] Building C object zephyr/kernel/CMakeFiles/kernel.dir/float.c.obj
[yaviks:rw] [372/392] Building C object zephyr/kernel/CMakeFiles/kernel.dir/idle.c.obj
[yaviks:rw] [373/392] Building C object zephyr/kernel/CMakeFiles/kernel.dir/mailbox.c.obj
[yaviks:ro] [189/392] Building C object zephyr/CMakeFiles/zephyr.dir/subsys/shell/modules/kernel_service/thread/unwind.c.obj
[yaviks:rw] [374/392] Building C object zephyr/kernel/CMakeFiles/kernel.dir/msg_q.c.obj
[yaviks:ro] [190/392] Building C object zephyr/CMakeFiles/zephyr.dir/subsys/shell/modules/kernel_service/thread/suspend.c.obj
[yaviks:rw] [375/392] Building C object zephyr/kernel/CMakeFiles/kernel.dir/mutex.c.obj
[yaviks:ro] [191/392] Building C object zephyr/CMakeFiles/zephyr.dir/subsys/shell/modules/kernel_service/thread/resume.c.obj
[yaviks:rw] [376/392] Building C object zephyr/kernel/CMakeFiles/kernel.dir/queue.c.obj
[yaviks:ro] [192/392] Building C object zephyr/CMakeFiles/zephyr.dir/subsys/shell/modules/kernel_service/thread/kill.c.obj
[yaviks:rw] [377/392] Building C object zephyr/kernel/CMakeFiles/kernel.dir/sem.c.obj
[yaviks:rw] [378/392] Building C object zephyr/kernel/CMakeFiles/kernel.dir/stack.c.obj
[yaviks:rw] [379/392] Building C object zephyr/kernel/CMakeFiles/kernel.dir/system_work_q.c.obj
[yaviks:rw] [380/392] Building C object zephyr/kernel/CMakeFiles/kernel.dir/work.c.obj
[yaviks:rw] [381/392] Building C object zephyr/kernel/CMakeFiles/kernel.dir/condvar.c.obj
[yaviks:ro] [193/392] Building C object zephyr/CMakeFiles/zephyr.dir/subsys/shell/modules/device_service.c.obj
[yaviks:ro] [194/392] Building C object zephyr/CMakeFiles/zephyr.dir/subsys/shell/modules/date_service.c.obj
[yaviks:rw] [382/392] Building C object zephyr/kernel/CMakeFiles/kernel.dir/thread.c.obj
[yaviks:rw] [383/392] Building C object zephyr/kernel/CMakeFiles/kernel.dir/sched.c.obj
[yaviks:rw] [384/392] Building C object zephyr/kernel/CMakeFiles/kernel.dir/thread_monitor.c.obj
[frostflow:rw] Building: /usr/bin/ninja -C /mnt/host/source/src/platform/ec/build/zephyr/frostflow/build-rw all.libraries
Running `env -i SHELL=/bin/bash COLORTERM=truecolor DEPOT_TOOLS_UPDATE=0 LESS='-R -M --shift 5' SUDO_GID=0 JDK_HOME=/etc/java-config-2/current-system-vm CONFIG_PROTECT_MASK='/etc/gentoo-release /etc/sandbox.d /etc/fonts/fonts.conf /etc/terminfo /etc/ca-certificates.conf /etc/revdep-rebuild' CHROMEOS_CACHEDIR=/var/cache/chromeos-cache JAVA_HOME=/etc/java-config-2/current-system-vm SSH_AUTH_SOCK=/tmp/ssh-auth-sock SUDO_COMMAND=/bin/bash SUDO_USER=root SUDO_TTY=/dev/pts/2 EDITOR=/usr/bin/vi PWD=/mnt/host/source/src/platform/ec CONFIG_PROTECT=/usr/share/gnupg/qualified.txt LOGNAME=jpmurphy MANPATH=/etc/java-config-2/current-system-vm/man:/usr/local/share/man:/usr/share/man:/usr/share/gcc-data/x86_64-pc-linux-gnu/10.2.0/man:/usr/share/binutils-data/x86_64-pc-linux-gnu/2.45/man:/etc/java-config-2/current-system-vm/man/ SUDO_HOME=/root XAUTHORITY=/run/user/944457/gdm/Xauthority HOME=/home/jpmurphy LANG=C.UTF-8 LS_COLORS='rs=0:di=01;34:ln=01;36:mh=00:pi=40;33:so=01;35:do=01;35:bd=40;33;01:cd=40;33;01:or=01;05;37;41:mi=01;05;37;41:su=37;41:sg=30;43:ca=30;41:tw=30;42:ow=34;42:st=37;44:ex=01;32:*.tar=01;31:*.tgz=01;31:*.arc=01;31:*.arj=01;31:*.taz=01;31:*.lha=01;31:*.lz4=01;31:*.lzh=01;31:*.lzma=01;31:*.tlz=01;31:*.txz=01;31:*.tzo=01;31:*.t7z=01;31:*.zip=01;31:*.z=01;31:*.dz=01;31:*.gz=01;31:*.lrz=01;31:*.lz=01;31:*.lzo=01;31:*.xz=01;31:*.zst=01;31:*.tzst=01;31:*.bz2=01;31:*.bz=01;31:*.tbz=01;31:*.tbz2=01;31:*.tz=01;31:*.deb=01;31:*.rpm=01;31:*.jar=01;31:*.war=01;31:*.ear=01;31:*.sar=01;31:*.rar=01;31:*.alz=01;31:*.ace=01;31:*.zoo=01;31:*.cpio=01;31:*.7z=01;31:*.rz=01;31:*.cab=01;31:*.wim=01;31:*.swm=01;31:*.dwm=01;31:*.esd=01;31:*.jpg=01;35:*.jpeg=01;35:*.mjpg=01;35:*.mjpeg=01;35:*.gif=01;35:*.bmp=01;35:*.pbm=01;35:*.pgm=01;35:*.ppm=01;35:*.tga=01;35:*.xbm=01;35:*.xpm=01;35:*.tif=01;35:*.tiff=01;35:*.png=01;35:*.svg=01;35:*.svgz=01;35:*.mng=01;35:*.pcx=01;35:*.mov=01;35:*.mpg=01;35:*.mpeg=01;35:*.m2v=01;35:*.mkv=01;35:*.webm=01;35:*.webp=01;35:*.ogm=01;35:*.mp4=01;35:*.m4v=01;35:*.mp4v=01;35:*.vob=01;35:*.qt=01;35:*.nuv=01;35:*.wmv=01;35:*.asf=01;35:*.rm=01;35:*.rmvb=01;35:*.flc=01;35:*.avi=01;35:*.fli=01;35:*.flv=01;35:*.gl=01;35:*.dl=01;35:*.xcf=01;35:*.xwd=01;35:*.yuv=01;35:*.cgm=01;35:*.emf=01;35:*.ogv=01;35:*.ogx=01;35:*.cfg=00;32:*.conf=00;32:*.diff=00;32:*.doc=00;32:*.ini=00;32:*.log=00;32:*.patch=00;32:*.pdf=00;32:*.ps=00;32:*.tex=00;32:*.txt=00;32:*.aac=00;36:*.au=00;36:*.flac=00;36:*.m4a=00;36:*.mid=00;36:*.midi=00;36:*.mka=00;36:*.mp3=00;36:*.mpc=00;36:*.ogg=00;36:*.ra=00;36:*.wav=00;36:*.oga=00;36:*.opus=00;36:*.spx=00;36:*.xspf=00;36:' XDG_CURRENT_DESKTOP=GNOME INFOPATH=/usr/share/info:/usr/share/gcc-data/x86_64-pc-linux-gnu/10.2.0/info:/usr/share/binutils-data/x86_64-pc-linux-gnu/2.45/info:/usr/share/automake-1.16.5/info JAVAC=/etc/java-config-2/current-system-vm/bin/javac TERM=xterm-256color LESSOPEN='|lesspipe %s' USER=jpmurphy CROS_WORKON_SRCROOT=/mnt/host/source MANPAGER=manpager DISPLAY=:1 SHLVL=1 LC_MESSAGES=C EXTERNAL_TRUNK_PATH=/mnt/8f9d649a-3721-44cc-93c0-e6bd21a9689f/chromiumos GCC_SPECS='' PATH=/mnt/host/source/chromite/bin:/usr/local/bin:/usr/bin:/bin:/opt/bin:/mnt/host/source/chromite/sdk/bin:/mnt/host/source/chromite/bin PORTAGE_USERNAME=jpmurphy SUDO_UID=0 GCC_VER=10.2.0 MAIL=/var/mail/jpmurphy OLDPWD=/mnt/host/source/src/scripts traceparent=00-e87aca51550a78635907baa6a2476181-6d684811675d2973-01 _=./zephyr/firmware_builder.py COREBOOT_SDK_ROOT_x86=/home/jpmurphy/.cache/coreboot-sdk/i386-elf/dfbb0486385d938cfa9d73080b9d18d598ed4f49 COREBOOT_SDK_ROOT_picolibc_x86=/home/jpmurphy/.cache/coreboot-sdk/picolibc-i386-elf/eb8e8e687b95461de8cbf278f1c2076952d0ad17 COREBOOT_SDK_ROOT_riscv64=/home/jpmurphy/.cache/coreboot-sdk/riscv64-elf/96b949749225b6aaa92ed810ab769e8dfb12f000 COREBOOT_SDK_ROOT_picolibc_arm=/home/jpmurphy/.cache/coreboot-sdk/picolibc-arm-eabi/422a2aa3e1ef891b5bece9a3deb696ff83840d2e COREBOOT_SDK_ROOT_nds32=/home/jpmurphy/.cache/coreboot-sdk/nds32le-elf/d1a518c4a097666d86058e1444f85ca015d15511 COREBOOT_SDK_ROOT_picolibc_riscv64=/home/jpmurphy/.cache/coreboot-sdk/picolibc-riscv64-elf/f571e990ef0278564b31124f8bb109d9a697eb69 COREBOOT_SDK_ROOT_arm=/home/jpmurphy/.cache/coreboot-sdk/arm-eabi/ea40ddd1d190c3b48435c474c0b545719371813a COREBOOT_SDK_ROOT_libstdcxx_riscv64=/home/jpmurphy/.cache/coreboot-sdk/libstdcxx-riscv64-elf/17abf22a3a252e2d5d2062ced5324f7a623689e0 COREBOOT_SDK_ROOT_libstdcxx_arm=/home/jpmurphy/.cache/coreboot-sdk/libstdcxx-arm-eabi/5d7d82e150e44aa1968f1d366e267e6687b328ac COREBOOT_SDK_ROOT_riscv=/home/jpmurphy/.cache/coreboot-sdk/riscv-elf/9a27b9e82341c6e9126624f516ab3f261abb3e73 COREBOOT_SDK_ROOT_libstdcxx_x86=/home/jpmurphy/.cache/coreboot-sdk/libstdcxx-i386-elf/42ef9d2e87a76a37963175d7d428734e65648b87 PYTHONPATH=/mnt/host/source/src/platform/ec/zephyr/zmake PW_PIGWEED_CIPD_INSTALL_DIR=/usr CROSTC_USER_ACKNOWLEDGES_THAT_RISCV_IS_EXPERIMENTAL=1 MAKEFLAGS=' -j16 --jobserver-auth=5,6' /usr/bin/ninja -C /mnt/host/source/src/platform/ec/build/zephyr/frostflow/build-rw all.libraries`
[yaviks:rw] [385/392] Building C object zephyr/kernel/CMakeFiles/kernel.dir/pipe.c.obj
[frostflow:rw] ninja: Entering directory `/mnt/host/source/src/platform/ec/build/zephyr/frostflow/build-rw'
[yaviks:ro] [195/392] Building C object zephyr/CMakeFiles/zephyr.dir/subsys/shell/modules/devmem_service.c.obj
[yaviks:ro] [196/392] Building C object zephyr/CMakeFiles/zephyr.dir/subsys/shell/backends/shell_uart.c.obj
[yaviks:rw] [386/392] Building C object zephyr/kernel/CMakeFiles/kernel.dir/timeout.c.obj
[frostflow:rw] [1/419] Preparing syscall dependency handling
[frostflow:ro] Building: /usr/bin/ninja -C /mnt/host/source/src/platform/ec/build/zephyr/frostflow/build-ro all.libraries
Running `env -i SHELL=/bin/bash COLORTERM=truecolor DEPOT_TOOLS_UPDATE=0 LESS='-R -M --shift 5' SUDO_GID=0 JDK_HOME=/etc/java-config-2/current-system-vm CONFIG_PROTECT_MASK='/etc/gentoo-release /etc/sandbox.d /etc/fonts/fonts.conf /etc/terminfo /etc/ca-certificates.conf /etc/revdep-rebuild' CHROMEOS_CACHEDIR=/var/cache/chromeos-cache JAVA_HOME=/etc/java-config-2/current-system-vm SSH_AUTH_SOCK=/tmp/ssh-auth-sock SUDO_COMMAND=/bin/bash SUDO_USER=root SUDO_TTY=/dev/pts/2 EDITOR=/usr/bin/vi PWD=/mnt/host/source/src/platform/ec CONFIG_PROTECT=/usr/share/gnupg/qualified.txt LOGNAME=jpmurphy MANPATH=/etc/java-config-2/current-system-vm/man:/usr/local/share/man:/usr/share/man:/usr/share/gcc-data/x86_64-pc-linux-gnu/10.2.0/man:/usr/share/binutils-data/x86_64-pc-linux-gnu/2.45/man:/etc/java-config-2/current-system-vm/man/ SUDO_HOME=/root XAUTHORITY=/run/user/944457/gdm/Xauthority HOME=/home/jpmurphy LANG=C.UTF-8 LS_COLORS='rs=0:di=01;34:ln=01;36:mh=00:pi=40;33:so=01;35:do=01;35:bd=40;33;01:cd=40;33;01:or=01;05;37;41:mi=01;05;37;41:su=37;41:sg=30;43:ca=30;41:tw=30;42:ow=34;42:st=37;44:ex=01;32:*.tar=01;31:*.tgz=01;31:*.arc=01;31:*.arj=01;31:*.taz=01;31:*.lha=01;31:*.lz4=01;31:*.lzh=01;31:*.lzma=01;31:*.tlz=01;31:*.txz=01;31:*.tzo=01;31:*.t7z=01;31:*.zip=01;31:*.z=01;31:*.dz=01;31:*.gz=01;31:*.lrz=01;31:*.lz=01;31:*.lzo=01;31:*.xz=01;31:*.zst=01;31:*.tzst=01;31:*.bz2=01;31:*.bz=01;31:*.tbz=01;31:*.tbz2=01;31:*.tz=01;31:*.deb=01;31:*.rpm=01;31:*.jar=01;31:*.war=01;31:*.ear=01;31:*.sar=01;31:*.rar=01;31:*.alz=01;31:*.ace=01;31:*.zoo=01;31:*.cpio=01;31:*.7z=01;31:*.rz=01;31:*.cab=01;31:*.wim=01;31:*.swm=01;31:*.dwm=01;31:*.esd=01;31:*.jpg=01;35:*.jpeg=01;35:*.mjpg=01;35:*.mjpeg=01;35:*.gif=01;35:*.bmp=01;35:*.pbm=01;35:*.pgm=01;35:*.ppm=01;35:*.tga=01;35:*.xbm=01;35:*.xpm=01;35:*.tif=01;35:*.tiff=01;35:*.png=01;35:*.svg=01;35:*.svgz=01;35:*.mng=01;35:*.pcx=01;35:*.mov=01;35:*.mpg=01;35:*.mpeg=01;35:*.m2v=01;35:*.mkv=01;35:*.webm=01;35:*.webp=01;35:*.ogm=01;35:*.mp4=01;35:*.m4v=01;35:*.mp4v=01;35:*.vob=01;35:*.qt=01;35:*.nuv=01;35:*.wmv=01;35:*.asf=01;35:*.rm=01;35:*.rmvb=01;35:*.flc=01;35:*.avi=01;35:*.fli=01;35:*.flv=01;35:*.gl=01;35:*.dl=01;35:*.xcf=01;35:*.xwd=01;35:*.yuv=01;35:*.cgm=01;35:*.emf=01;35:*.ogv=01;35:*.ogx=01;35:*.cfg=00;32:*.conf=00;32:*.diff=00;32:*.doc=00;32:*.ini=00;32:*.log=00;32:*.patch=00;32:*.pdf=00;32:*.ps=00;32:*.tex=00;32:*.txt=00;32:*.aac=00;36:*.au=00;36:*.flac=00;36:*.m4a=00;36:*.mid=00;36:*.midi=00;36:*.mka=00;36:*.mp3=00;36:*.mpc=00;36:*.ogg=00;36:*.ra=00;36:*.wav=00;36:*.oga=00;36:*.opus=00;36:*.spx=00;36:*.xspf=00;36:' XDG_CURRENT_DESKTOP=GNOME INFOPATH=/usr/share/info:/usr/share/gcc-data/x86_64-pc-linux-gnu/10.2.0/info:/usr/share/binutils-data/x86_64-pc-linux-gnu/2.45/info:/usr/share/automake-1.16.5/info JAVAC=/etc/java-config-2/current-system-vm/bin/javac TERM=xterm-256color LESSOPEN='|lesspipe %s' USER=jpmurphy CROS_WORKON_SRCROOT=/mnt/host/source MANPAGER=manpager DISPLAY=:1 SHLVL=1 LC_MESSAGES=C EXTERNAL_TRUNK_PATH=/mnt/8f9d649a-3721-44cc-93c0-e6bd21a9689f/chromiumos GCC_SPECS='' PATH=/mnt/host/source/chromite/bin:/usr/local/bin:/usr/bin:/bin:/opt/bin:/mnt/host/source/chromite/sdk/bin:/mnt/host/source/chromite/bin PORTAGE_USERNAME=jpmurphy SUDO_UID=0 GCC_VER=10.2.0 MAIL=/var/mail/jpmurphy OLDPWD=/mnt/host/source/src/scripts traceparent=00-e87aca51550a78635907baa6a2476181-6d684811675d2973-01 _=./zephyr/firmware_builder.py COREBOOT_SDK_ROOT_x86=/home/jpmurphy/.cache/coreboot-sdk/i386-elf/dfbb0486385d938cfa9d73080b9d18d598ed4f49 COREBOOT_SDK_ROOT_picolibc_x86=/home/jpmurphy/.cache/coreboot-sdk/picolibc-i386-elf/eb8e8e687b95461de8cbf278f1c2076952d0ad17 COREBOOT_SDK_ROOT_riscv64=/home/jpmurphy/.cache/coreboot-sdk/riscv64-elf/96b949749225b6aaa92ed810ab769e8dfb12f000 COREBOOT_SDK_ROOT_picolibc_arm=/home/jpmurphy/.cache/coreboot-sdk/picolibc-arm-eabi/422a2aa3e1ef891b5bece9a3deb696ff83840d2e COREBOOT_SDK_ROOT_nds32=/home/jpmurphy/.cache/coreboot-sdk/nds32le-elf/d1a518c4a097666d86058e1444f85ca015d15511 COREBOOT_SDK_ROOT_picolibc_riscv64=/home/jpmurphy/.cache/coreboot-sdk/picolibc-riscv64-elf/f571e990ef0278564b31124f8bb109d9a697eb69 COREBOOT_SDK_ROOT_arm=/home/jpmurphy/.cache/coreboot-sdk/arm-eabi/ea40ddd1d190c3b48435c474c0b545719371813a COREBOOT_SDK_ROOT_libstdcxx_riscv64=/home/jpmurphy/.cache/coreboot-sdk/libstdcxx-riscv64-elf/17abf22a3a252e2d5d2062ced5324f7a623689e0 COREBOOT_SDK_ROOT_libstdcxx_arm=/home/jpmurphy/.cache/coreboot-sdk/libstdcxx-arm-eabi/5d7d82e150e44aa1968f1d366e267e6687b328ac COREBOOT_SDK_ROOT_riscv=/home/jpmurphy/.cache/coreboot-sdk/riscv-elf/9a27b9e82341c6e9126624f516ab3f261abb3e73 COREBOOT_SDK_ROOT_libstdcxx_x86=/home/jpmurphy/.cache/coreboot-sdk/libstdcxx-i386-elf/42ef9d2e87a76a37963175d7d428734e65648b87 PYTHONPATH=/mnt/host/source/src/platform/ec/zephyr/zmake PW_PIGWEED_CIPD_INSTALL_DIR=/usr CROSTC_USER_ACKNOWLEDGES_THAT_RISCV_IS_EXPERIMENTAL=1 MAKEFLAGS=' -j16 --jobserver-auth=5,6' /usr/bin/ninja -C /mnt/host/source/src/platform/ec/build/zephyr/frostflow/build-ro all.libraries`
[yaviks:rw] [387/392] Building C object zephyr/kernel/CMakeFiles/kernel.dir/timer.c.obj
[frostflow:ro] ninja: Entering directory `/mnt/host/source/src/platform/ec/build/zephyr/frostflow/build-ro'
[frostflow:rw] [2/419] Generating misc/generated/syscalls_subdirs.trigger
[/mnt/host/source/src/platform/ec/build/zephyr/glassway-lcov]   /mnt/host/source/src/platform/ec/build/zephyr/glassway/build-rw/zephyr/drivers/sensor/CMakeFiles/drivers__sensor.dir/mnt/host/source/src/third_party/zephyr/main/misc/empty_file.c.gcno:no functions found
[/mnt/host/source/src/platform/ec/build/zephyr/glassway-lcov] Filter suppressions 'region':
[yaviks:rw] [388/392] Building C object zephyr/kernel/CMakeFiles/kernel.dir/events.c.obj
[frostflow:ro] [1/417] Preparing syscall dependency handling
[yaviks:rw] [389/392] Building C object zephyr/kernel/CMakeFiles/kernel.dir/poll.c.obj
[frostflow:ro] [2/417] Generating misc/generated/syscalls_subdirs.trigger
[/mnt/host/source/src/platform/ec/build/zephyr/glassway-lcov]     42 instances
[/mnt/host/source/src/platform/ec/build/zephyr/glassway-lcov]     36 coverpoints
[/mnt/host/source/src/platform/ec/build/zephyr/glassway-lcov] Message summary:
[/mnt/host/source/src/platform/ec/build/zephyr/glassway-lcov]   29 ignore messages:
[/mnt/host/source/src/platform/ec/build/zephyr/glassway-lcov]     gcov: 29
[frostflow:rw] [3/419] cd /mnt/host/source/src/platform/ec/build/zephyr/frostflow/build-rw/modules/ec/zephyr && PYTHONPATH=/mnt/host/source/src/platform/ec/build/zephyr/frostflow/modules/ec/zephyr/zmake/ /usr/bin/python3.11 /mnt/host/source/src/platform/ec/build/zephyr/frostflow/modules/ec/zephyr/zmake/zephyr_build_tools/generate_ec_version.py /mnt/host/source/src/platform/ec/build/zephyr/frostflow/build-rw/modules/ec/zephyr/include/ec_version.h --name Zephyr-Kernel --version 16543.0.0 --static
[yaviks:ro] [197/392] Building C object zephyr/CMakeFiles/zephyr.dir/subsys/shell/shell_fprintf.c.obj
Toolchain <zmake.toolchains.CorebootSdkToolchain object at 0x7f41439d7c10> selected by probe function.
[dooku] Building in /mnt/host/source/src/platform/ec/build/zephyr/dooku.
[yaviks:rw] [390/392] Building C object zephyr/kernel/CMakeFiles/kernel.dir/dynamic_disabled.c.obj
[yaviks:rw] [391/392] Building C object zephyr/kernel/CMakeFiles/kernel.dir/mempool.c.obj
[frostflow:rw] INFO:root:Using a static version string
[frostflow:rw] INFO:root:Version string: Zephyr-Kernel-16543.0.0
[frostflow:rw] INFO:root:Writing header to /mnt/host/source/src/platform/ec/build/zephyr/frostflow/build-rw/modules/ec/zephyr/include/ec_version.h
[frostflow:rw] [4/419] Generating include/generated/zephyr/version.h
[yaviks:ro] [198/392] Building C object zephyr/CMakeFiles/zephyr.dir/subsys/shell/shell.c.obj
[yaviks:ro] [199/392] Building C object zephyr/CMakeFiles/zephyr.dir/subsys/shell/shell_ops.c.obj
[yaviks:rw] [392/392] Linking C static library zephyr/kernel/libkernel.a
[frostflow:ro] [3/417] Generating include/generated/zephyr/version.h
[dooku:ro] Configuring.
Running `env -i PYTHONPATH=/usr/lib64/python-exec/python3.11:/mnt/host/source/src/platform/ec/zephyr/zmake:/usr/lib/python311.zip:/usr/lib/python3.11:/usr/lib/python3.11/lib-dynload:/usr/lib/python3.11/site-packages PW_PIGWEED_CIPD_INSTALL_DIR=/usr CROSTC_USER_ACKNOWLEDGES_THAT_RISCV_IS_EXPERIMENTAL=1 PATH=/mnt/host/source/chromite/bin:/usr/local/bin:/usr/bin:/bin:/opt/bin:/mnt/host/source/chromite/sdk/bin:/mnt/host/source/chromite/bin HOME=/home/jpmurphy JAVA_HOME=/etc/java-config-2/current-system-vm JDK_HOME=/etc/java-config-2/current-system-vm JAVAC=/etc/java-config-2/current-system-vm/bin/javac MAKEFLAGS=' -j16 --jobserver-auth=5,6' /usr/bin/cmake -S /mnt/host/source/src/platform/ec/zephyr/program/skywalker -B /mnt/host/source/src/platform/ec/build/zephyr/dooku/build-ro -GNinja -DCMAKE_EXPORT_COMPILE_COMMANDS=ON -DZEPHYR_BASE=/mnt/host/source/src/third_party/zephyr/main -DZMAKE_INCLUDE_DIR=/mnt/host/source/src/platform/ec/build/zephyr/dooku/include -DPython3_EXECUTABLE=/usr/bin/python3.11 -DDTS_ROOT=/mnt/host/source/src/platform/ec/zephyr -DSYSCALL_INCLUDE_DIRS=/mnt/host/source/src/platform/ec/zephyr/include/drivers -DUSER_CACHE_DIR=/mnt/host/source/src/platform/ec/build/zephyr/user-cache '-DEXTRA_EC_VERSION_FLAGS=--version 16543.0.0 --static' -DTOOLCHAIN_ROOT=/mnt/host/source/src/platform/ec/zephyr -DCOREBOOT_SDK_ROOT_x86=/home/jpmurphy/.cache/coreboot-sdk/i386-elf/dfbb0486385d938cfa9d73080b9d18d598ed4f49 -DCOREBOOT_SDK_ROOT_picolibc_x86=/home/jpmurphy/.cache/coreboot-sdk/picolibc-i386-elf/eb8e8e687b95461de8cbf278f1c2076952d0ad17 -DCOREBOOT_SDK_ROOT_riscv64=/home/jpmurphy/.cache/coreboot-sdk/riscv64-elf/96b949749225b6aaa92ed810ab769e8dfb12f000 -DCOREBOOT_SDK_ROOT_picolibc_arm=/home/jpmurphy/.cache/coreboot-sdk/picolibc-arm-eabi/422a2aa3e1ef891b5bece9a3deb696ff83840d2e -DCOREBOOT_SDK_ROOT_nds32=/home/jpmurphy/.cache/coreboot-sdk/nds32le-elf/d1a518c4a097666d86058e1444f85ca015d15511 -DCOREBOOT_SDK_ROOT_picolibc_riscv64=/home/jpmurphy/.cache/coreboot-sdk/picolibc-riscv64-elf/f571e990ef0278564b31124f8bb109d9a697eb69 -DCOREBOOT_SDK_ROOT_arm=/home/jpmurphy/.cache/coreboot-sdk/arm-eabi/ea40ddd1d190c3b48435c474c0b545719371813a -DCOREBOOT_SDK_ROOT_libstdcxx_riscv64=/home/jpmurphy/.cache/coreboot-sdk/libstdcxx-riscv64-elf/17abf22a3a252e2d5d2062ced5324f7a623689e0 -DCOREBOOT_SDK_ROOT_libstdcxx_arm=/home/jpmurphy/.cache/coreboot-sdk/libstdcxx-arm-eabi/5d7d82e150e44aa1968f1d366e267e6687b328ac -DCOREBOOT_SDK_ROOT_riscv=/home/jpmurphy/.cache/coreboot-sdk/riscv-elf/9a27b9e82341c6e9126624f516ab3f261abb3e73 -DCOREBOOT_SDK_ROOT_libstdcxx_x86=/home/jpmurphy/.cache/coreboot-sdk/libstdcxx-i386-elf/42ef9d2e87a76a37963175d7d428734e65648b87 -DZEPHYR_TOOLCHAIN_VARIANT=coreboot-sdk -DZEPHYR_MODULES=/mnt/host/source/src/platform/ec/build/zephyr/dooku/modules/ec -DDTC_OVERLAY_FILE=/mnt/host/source/src/platform/ec/zephyr/program/skywalker/dooku/project.overlay -DBOARD=it8xxx2/it82002aw -DCMAKE_C_FLAGS=-DSECTION_IS_RO '-DCONF_FILE=/mnt/host/source/src/platform/ec/zephyr/program/skywalker/program.conf;/mnt/host/source/src/platform/ec/zephyr/program/skywalker/ite_program.conf;/mnt/host/source/src/platform/ec/zephyr/program/skywalker/dooku/project.conf;/mnt/host/source/src/platform/ec/build/zephyr/dooku/kconfig-ro.conf'`
[yaviks:ro] [200/392] Building C object zephyr/CMakeFiles/zephyr.dir/subsys/shell/shell_utils.c.obj
[dooku:ro] Loading Zephyr default modules (Zephyr base (cached)).
[dooku:ro] -- Application: /mnt/host/source/src/platform/ec/zephyr/program/skywalker
[dooku:ro] -- CMake version: 3.31.7
[frostflow:ro] -- git describe warned: warning: tag 'upstream/v2.7.99' is externally known as 'v2.7.99'
[frostflow:ro] -- Zephyr version: 4.3.99 (/mnt/host/source/src/third_party/zephyr/main)
[frostflow:ro] [4/417] cd /mnt/host/source/src/platform/ec/build/zephyr/frostflow/build-ro/modules/ec/zephyr && PYTHONPATH=/mnt/host/source/src/platform/ec/build/zephyr/frostflow/modules/ec/zephyr/zmake/ /usr/bin/python3.11 /mnt/host/source/src/platform/ec/build/zephyr/frostflow/modules/ec/zephyr/zmake/zephyr_build_tools/generate_ec_version.py /mnt/host/source/src/platform/ec/build/zephyr/frostflow/build-ro/modules/ec/zephyr/include/ec_version.h --name Zephyr-Kernel --version 16543.0.0 --static
[yaviks:ro] [201/392] Building C object zephyr/CMakeFiles/zephyr.dir/subsys/shell/shell_history.c.obj
[yaviks:ro] [202/392] Building C object zephyr/CMakeFiles/zephyr.dir/subsys/shell/shell_cmds.c.obj
[frostflow:rw] -- git describe warned: warning: tag 'upstream/v2.7.99' is externally known as 'v2.7.99'
[frostflow:rw] -- Zephyr version: 4.3.99 (/mnt/host/source/src/third_party/zephyr/main)
[frostflow:rw] [5/419] Generating misc/generated/syscalls.json, misc/generated/struct_tags.json
[yaviks:ro] [203/392] Building C object zephyr/CMakeFiles/zephyr.dir/subsys/shell/shell_wildcard.c.obj
[dooku:ro] -- Found Python3: /usr/bin/python3.11 (found suitable version "3.11.11", minimum required is "3.10") found components: Interpreter
[dooku:ro] -- Cache files will be written to: /mnt/host/source/src/platform/ec/build/zephyr/user-cache
[dooku:ro] -- Zephyr version: 4.3.99 (/mnt/host/source/src/third_party/zephyr/main)
[yaviks:ro] [204/392] Building C object zephyr/arch/common/CMakeFiles/arch__common.dir/sw_isr_common.c.obj
[yaviks:ro] [205/392] Building C object zephyr/arch/common/CMakeFiles/arch__common.dir/dynamic_isr.c.obj
[frostflow:ro] INFO:root:Using a static version string
[frostflow:ro] INFO:root:Version string: Zephyr-Kernel-16543.0.0
[frostflow:ro] INFO:root:Writing header to /mnt/host/source/src/platform/ec/build/zephyr/frostflow/build-ro/modules/ec/zephyr/include/ec_version.h
[frostflow:ro] [5/417] Generating misc/generated/syscalls.json, misc/generated/struct_tags.json
[yaviks:ro] [206/392] Building C object zephyr/arch/common/CMakeFiles/arch__common.dir/init.c.obj
[frostflow:rw] [6/419] Generating include/generated/zephyr/syscall_dispatch.c, include/generated/zephyr/syscall_exports_llext.c, syscall_weakdefs_llext.c, include/generated/zephyr/syscall_list.h
[yaviks:ro] [207/392] Building C object zephyr/CMakeFiles/zephyr.dir/drivers/flash/flash_util.c.obj
[frostflow:ro] [6/417] Generating include/generated/zephyr/syscall_dispatch.c, include/generated/zephyr/syscall_exports_llext.c, syscall_weakdefs_llext.c, include/generated/zephyr/syscall_list.h
[yaviks:ro] [208/392] Building C object zephyr/arch/common/CMakeFiles/arch__common.dir/xip.c.obj
[yaviks:ro] [209/392] Linking C static library zephyr/libzephyr.a
[frostflow:rw] [7/419] Generating include/generated/zephyr/driver-validation.h
[yaviks:ro] [210/392] Building C object zephyr/arch/arch/riscv/core/CMakeFiles/arch__riscv__core.dir/prep_c.c.obj
[frostflow:ro] [7/417] Generating include/generated/zephyr/driver-validation.h
[yaviks:ro] [211/392] Building C object zephyr/arch/common/CMakeFiles/isr_tables.dir/isr_tables.c.obj
[yaviks:ro] [212/392] Linking C static library zephyr/arch/common/libisr_tables.a
[frostflow:rw] [8/419] Generating include/generated/zephyr/kobj-types-enum.h, include/generated/zephyr/otype-to-str.h, include/generated/zephyr/otype-to-size.h
[yaviks:ro] [213/392] Building C object zephyr/arch/arch/riscv/core/CMakeFiles/arch__riscv__core.dir/cpu_idle.c.obj
[yaviks:ro] [214/392] Linking C static library zephyr/arch/common/libarch__common.a
[frostflow:ro] [8/417] Generating include/generated/zephyr/kobj-types-enum.h, include/generated/zephyr/otype-to-str.h, include/generated/zephyr/otype-to-size.h
[yaviks:ro] [215/392] Building C object zephyr/arch/arch/riscv/core/CMakeFiles/arch__riscv__core.dir/reboot.c.obj
[yaviks:ro] [216/392] Building C object zephyr/arch/arch/riscv/core/CMakeFiles/arch__riscv__core.dir/fatal.c.obj
[frostflow:rw] [9/419] Generating include/generated/device-api-sections.ld, include/generated/device-api-sections.cmake
[yaviks:ro] [217/392] Generating ../../../include/generated/libc/minimal/strerror_table.h
[yaviks:ro] [218/392] Building C object zephyr/arch/arch/riscv/core/CMakeFiles/arch__riscv__core.dir/irq_manage.c.obj
[frostflow:ro] [9/417] Generating include/generated/device-api-sections.ld, include/generated/device-api-sections.cmake
[yaviks:ro] [219/392] Building ASM object zephyr/arch/arch/riscv/core/CMakeFiles/arch__riscv__core.dir/reset.S.obj
[yaviks:ro] [220/392] Building ASM object zephyr/arch/arch/riscv/core/CMakeFiles/arch__riscv__core.dir/switch.S.obj
[yaviks:ro] [221/392] Building C object zephyr/lib/libc/common/CMakeFiles/lib__libc__common.dir/source/time/gmtime_r.c.obj
[yaviks:ro] [222/392] Building C object zephyr/lib/libc/minimal/CMakeFiles/lib__libc__minimal.dir/source/stdlib/atoi.c.obj
[yaviks:ro] [223/392] Building C object zephyr/lib/libc/minimal/CMakeFiles/lib__libc__minimal.dir/source/stdlib/strtol.c.obj
[yaviks:ro] [224/392] Building C object zephyr/arch/arch/riscv/core/CMakeFiles/arch__riscv__core.dir/thread.c.obj
[yaviks:ro] [225/392] Building C object zephyr/lib/libc/minimal/CMakeFiles/lib__libc__minimal.dir/source/stdlib/strtoul.c.obj
[yaviks:ro] [226/392] Building ASM object zephyr/arch/arch/riscv/core/CMakeFiles/arch__riscv__core.dir/isr.S.obj
[yaviks:ro] [227/392] Building C object zephyr/arch/arch/riscv/core/CMakeFiles/arch__riscv__core.dir/stacktrace.c.obj
[yaviks:ro] [228/392] Building C object zephyr/lib/libc/common/CMakeFiles/lib__libc__common.dir/source/time/asctime.c.obj
[yaviks:ro] [229/392] Building C object zephyr/lib/libc/minimal/CMakeFiles/lib__libc__minimal.dir/source/stdlib/strtoll.c.obj
[yaviks:ro] [230/392] Building C object zephyr/lib/libc/minimal/CMakeFiles/lib__libc__minimal.dir/source/stdlib/bsearch.c.obj
[yaviks:ro] [231/392] Linking C static library zephyr/arch/arch/riscv/core/libarch__riscv__core.a
[yaviks:ro] [232/392] Building C object zephyr/lib/libc/minimal/CMakeFiles/lib__libc__minimal.dir/source/stdlib/strtoull.c.obj
[yaviks:ro] [233/392] Building C object zephyr/lib/libc/minimal/CMakeFiles/lib__libc__minimal.dir/source/string/strncasecmp.c.obj
[yaviks:ro] [234/392] Building C object zephyr/lib/libc/minimal/CMakeFiles/lib__libc__minimal.dir/source/string/strstr.c.obj
[yaviks:ro] [235/392] Building C object zephyr/lib/libc/minimal/CMakeFiles/lib__libc__minimal.dir/source/string/strspn.c.obj
[yaviks:ro] [236/392] Building C object zephyr/lib/libc/minimal/CMakeFiles/lib__libc__minimal.dir/source/stdlib/qsort.c.obj
[yaviks:ro] [237/392] Building C object zephyr/lib/libc/minimal/CMakeFiles/lib__libc__minimal.dir/source/string/strerror.c.obj
[yaviks:ro] [238/392] Building C object zephyr/lib/libc/minimal/CMakeFiles/lib__libc__minimal.dir/source/string/string.c.obj
[yaviks:ro] [239/392] Building C object zephyr/lib/libc/common/CMakeFiles/lib__libc__common.dir/source/stdlib/abort.c.obj
[yaviks:ro] [240/392] Building C object zephyr/lib/libc/minimal/CMakeFiles/lib__libc__minimal.dir/source/math/sqrt.c.obj
[dooku:ro] -- Board: it8xxx2, qualifiers: it82002aw
[yaviks:ro] [241/392] Building C object zephyr/lib/libc/minimal/CMakeFiles/lib__libc__minimal.dir/source/math/sqrtf.c.obj
[yaviks:ro] [242/392] Building C object zephyr/lib/libc/common/CMakeFiles/lib__libc__common.dir/source/time/ctime.c.obj
[yaviks:ro] [243/392] Building C object zephyr/lib/libc/minimal/CMakeFiles/lib__libc__minimal.dir/source/stdlib/exit.c.obj
[yaviks:ro] [244/392] Building C object zephyr/lib/libc/common/CMakeFiles/lib__libc__common.dir/source/time/localtime_r_utc.c.obj
[frostflow:ro] [10/417] Building C object zephyr/CMakeFiles/offsets.dir/arch/arm/core/offsets/offsets.c.obj
[yaviks:ro] [245/392] Building C object zephyr/lib/libc/common/CMakeFiles/lib__libc__common.dir/source/time/time.c.obj
[yaviks:ro] [246/392] Building C object zephyr/lib/libc/common/CMakeFiles/lib__libc__common.dir/source/string/strnlen.c.obj
[yaviks:ro] [247/392] Building C object zephyr/lib/libc/minimal/CMakeFiles/lib__libc__minimal.dir/source/stdout/sprintf.c.obj
[frostflow:rw] [10/419] Building C object zephyr/CMakeFiles/offsets.dir/arch/arm/core/offsets/offsets.c.obj
[yaviks:ro] [248/392] Building C object zephyr/lib/posix/c_lib_ext/CMakeFiles/lib__posix__c_lib_ext.dir/fnmatch.c.obj
[yaviks:ro] [249/392] Building C object zephyr/subsys/crc/CMakeFiles/subsys__crc.dir/crc4_sw.c.obj
[yaviks:ro] [250/392] Building C object zephyr/subsys/crc/CMakeFiles/subsys__crc.dir/crc8_sw.c.obj
[frostflow:ro] [11/417] Generating include/generated/zephyr/offsets.h
[yaviks:ro] [251/392] Building C object zephyr/lib/libc/minimal/CMakeFiles/lib__libc__minimal.dir/source/stdout/fprintf.c.obj
[yaviks:ro] [252/392] Building C object zephyr/lib/libc/minimal/CMakeFiles/lib__libc__minimal.dir/source/stdout/stdout_console.c.obj
[yaviks:ro] [253/392] Building C object zephyr/subsys/crc/CMakeFiles/subsys__crc.dir/crc16_sw.c.obj
[yaviks:ro] [254/392] Building C object zephyr/subsys/crc/CMakeFiles/subsys__crc.dir/crc7_sw.c.obj
[yaviks:ro] [255/392] Building C object zephyr/subsys/crc/CMakeFiles/subsys__crc.dir/crc24_sw.c.obj
[frostflow:rw] [11/419] Generating include/generated/zephyr/offsets.h
[yaviks:ro] [256/392] Building C object zephyr/lib/libc/minimal/CMakeFiles/lib__libc__minimal.dir/source/time/gmtime.c.obj
[yaviks:ro] [257/392] Building C object zephyr/subsys/crc/CMakeFiles/subsys__crc.dir/crc32c_sw.c.obj
[yaviks:ro] [258/392] Building C object zephyr/subsys/crc/CMakeFiles/subsys__crc.dir/crc32_sw.c.obj
[yaviks:ro] [259/392] Building C object zephyr/subsys/crc/CMakeFiles/subsys__crc.dir/crc32k_4_2_sw.c.obj
[yaviks:ro] [260/392] Linking C static library zephyr/lib/libc/minimal/liblib__libc__minimal.a
[yaviks:ro] [261/392] Linking C static library zephyr/subsys/crc/libsubsys__crc.a
[yaviks:ro] [262/392] Building C object zephyr/lib/libc/common/CMakeFiles/lib__libc__common.dir/source/stdlib/malloc.c.obj
[yaviks:ro] [263/392] Building C object zephyr/lib/posix/c_lib_ext/CMakeFiles/lib__posix__c_lib_ext.dir/getentropy.c.obj
[yaviks:ro] [264/392] Linking C static library zephyr/lib/libc/common/liblib__libc__common.a
[yaviks:ro] [265/392] Building C object zephyr/lib/posix/c_lib_ext/CMakeFiles/lib__posix__c_lib_ext.dir/getopt_shim.c.obj
[yaviks:ro] [266/392] Linking C static library zephyr/lib/posix/c_lib_ext/liblib__posix__c_lib_ext.a
[/mnt/host/source/src/platform/ec/build/zephyr/ponyta-lcov]   /mnt/host/source/src/platform/ec/build/zephyr/ponyta/build-ro/zephyr/CMakeFiles/zephyr.dir/soc/nuvoton/npcx/common/npcxn/registers.c.gcno:no functions found
[/mnt/host/source/src/platform/ec/build/zephyr/ponyta-lcov] stderr:
[yaviks:ro] [267/392] Building C object zephyr/drivers/interrupt_controller/CMakeFiles/drivers__interrupt_controller.dir/intc_ite_it8xxx2.c.obj
[yaviks:ro] [268/392] Building C object zephyr/drivers/adc/CMakeFiles/drivers__adc.dir/adc_common.c.obj
[frostflow:ro] [12/417] Building C object CMakeFiles/app.dir/mnt/host/source/src/platform/ec/zephyr/subsys/ap_pwrseq/ap_events.c.obj
[yaviks:ro] [269/392] Building C object zephyr/drivers/interrupt_controller/CMakeFiles/drivers__interrupt_controller.dir/wuc_ite_it8xxx2.c.obj
[yaviks:ro] [270/392] Building C object zephyr/drivers/adc/CMakeFiles/drivers__adc.dir/adc_ite_it8xxx2.c.obj
[yaviks:ro] [271/392] Building C object zephyr/drivers/console/CMakeFiles/drivers__console.dir/uart_console.c.obj
[yaviks:ro] [272/392] Building C object zephyr/drivers/bbram/CMakeFiles/drivers__bbram.dir/bbram_it8xxx2.c.obj
[yaviks:ro] [273/392] Linking C static library zephyr/drivers/adc/libdrivers__adc.a
[yaviks:ro] [274/392] Linking C static library zephyr/drivers/console/libdrivers__console.a
[yaviks:ro] [275/392] Linking C static library zephyr/drivers/interrupt_controller/libdrivers__interrupt_controller.a
[yaviks:ro] [276/392] Linking C static library zephyr/drivers/bbram/libdrivers__bbram.a
[frostflow:rw] [12/419] Building C object CMakeFiles/app.dir/mnt/host/source/src/platform/ec/zephyr/subsys/ap_pwrseq/ap_events.c.obj
[yaviks:ro] [277/392] Building C object zephyr/drivers/eeprom/CMakeFiles/drivers__eeprom.dir/eeprom_at2x.c.obj
[yaviks:ro] [278/392] Linking C static library zephyr/drivers/eeprom/libdrivers__eeprom.a
[yaviks:ro] [279/392] Building C object zephyr/drivers/flash/CMakeFiles/drivers__flash.dir/flash_ite_it8xxx2.c.obj
[/mnt/host/source/src/platform/ec/build/zephyr/ponyta-lcov]   /mnt/host/source/src/platform/ec/build/zephyr/ponyta/build-rw/modules/ec/zephyr/CMakeFiles/ec_shim.dir/shim/src/power.c.gcno:no functions found
[/mnt/host/source/src/platform/ec/build/zephyr/ponyta-lcov] stderr:
[yaviks:ro] [280/392] Linking C static library zephyr/drivers/flash/libdrivers__flash.a
[yaviks:ro] [281/392] Building C object zephyr/drivers/espi/CMakeFiles/drivers__espi.dir/espi_it8xxx2.c.obj
[/mnt/host/source/src/platform/ec/build/zephyr/ponyta-lcov]   /mnt/host/source/src/platform/ec/build/zephyr/ponyta/build-rw/modules/ec/zephyr/CMakeFiles/ec_shim.dir/shim/src/thermal.c.gcno:no functions found
[/mnt/host/source/src/platform/ec/build/zephyr/ponyta-lcov] stderr:
[yaviks:ro] [282/392] Linking C static library zephyr/drivers/espi/libdrivers__espi.a
[yaviks:ro] [283/392] Building C object zephyr/drivers/gpio/CMakeFiles/drivers__gpio.dir/gpio_ite_it8xxx2.c.obj
[dooku:ro] -- Found Dtc: /usr/bin/dtc (found suitable version "1.6.0", minimum required is "1.4.6")
[yaviks:ro] [284/392] Building C object zephyr/drivers/i2c/CMakeFiles/drivers__i2c.dir/i2c_common.c.obj
[yaviks:ro] [285/392] Building C object zephyr/drivers/sensor/CMakeFiles/drivers__sensor.dir/mnt/host/source/src/third_party/zephyr/main/misc/empty_file.c.obj
[yaviks:ro] [286/392] Building C object zephyr/drivers/gpio/CMakeFiles/drivers__gpio.dir/gpio_kscan_ite_it8xxx2.c.obj
[yaviks:ro] [287/392] Linking C static library zephyr/drivers/sensor/libdrivers__sensor.a
[yaviks:ro] [288/392] Linking C static library zephyr/drivers/gpio/libdrivers__gpio.a
[/mnt/host/source/src/platform/ec/build/zephyr/ponyta-lcov]   /mnt/host/source/src/platform/ec/build/zephyr/ponyta/build-rw/modules/ec/zephyr/CMakeFiles/ec_shim.dir/shim/src/battery.c.gcno:no functions found
[/mnt/host/source/src/platform/ec/build/zephyr/ponyta-lcov] stderr:
[/mnt/host/source/src/platform/ec/build/zephyr/ponyta-lcov]   /mnt/host/source/src/platform/ec/build/zephyr/ponyta/build-rw/modules/ec/zephyr/CMakeFiles/ec_shim.dir/shim/src/charger.c.gcno:no functions found
[/mnt/host/source/src/platform/ec/build/zephyr/ponyta-lcov] stderr:
[yaviks:ro] [289/392] Building C object zephyr/drivers/i2c/CMakeFiles/drivers__i2c.dir/i2c_shell.c.obj
[yaviks:ro] [290/392] Building C object zephyr/drivers/pinctrl/CMakeFiles/drivers__pinctrl.dir/common.c.obj
[yaviks:ro] [291/392] Building C object zephyr/drivers/i2c/CMakeFiles/drivers__i2c.dir/i2c_bitbang.c.obj
[yaviks:ro] [292/392] Building C object zephyr/drivers/i2c/CMakeFiles/drivers__i2c.dir/i2c_ite_enhance.c.obj
[frostflow:ro] [13/417] Building C object CMakeFiles/app.dir/mnt/host/source/src/platform/ec/build/zephyr/frostflow/modules/ec/builtin/stdlib.c.obj
[yaviks:ro] [293/392] Building C object zephyr/drivers/i2c/CMakeFiles/drivers__i2c.dir/i2c_ite_it8xxx2.c.obj
[frostflow:rw] [13/419] Building C object CMakeFiles/app.dir/mnt/host/source/src/platform/ec/build/zephyr/frostflow/modules/ec/builtin/stdlib.c.obj
[yaviks:ro] [294/392] Linking C static library zephyr/drivers/i2c/libdrivers__i2c.a
[yaviks:ro] [295/392] Building C object zephyr/drivers/pwm/CMakeFiles/drivers__pwm.dir/pwm_ite_it8xxx2.c.obj
[yaviks:ro] [296/392] Linking C static library zephyr/drivers/pwm/libdrivers__pwm.a
[yaviks:ro] [297/392] Building C object zephyr/drivers/pinctrl/CMakeFiles/drivers__pinctrl.dir/pinctrl_ite_it8xxx2.c.obj
[/mnt/host/source/src/platform/ec/build/zephyr/anraggar-lcov]   /mnt/host/source/src/platform/ec/build/zephyr/anraggar/build-ro/zephyr/CMakeFiles/zephyr.dir/soc/ite/ec/it8xxx2/check_regs.c.gcno:no functions found
[/mnt/host/source/src/platform/ec/build/zephyr/anraggar-lcov] stderr:
[yaviks:ro] [298/392] Building C object zephyr/drivers/sensor/ite/ite_tach_it8xxx2/CMakeFiles/drivers__sensor__ite__ite_tach_it8xxx2.dir/tach_ite_it8xxx2.c.obj
[yaviks:ro] [299/392] Linking C static library zephyr/drivers/pinctrl/libdrivers__pinctrl.a
[yaviks:ro] [300/392] Building C object zephyr/drivers/serial/CMakeFiles/drivers__serial.dir/uart_ite_it8xxx2.c.obj
[yaviks:ro] [301/392] Linking C static library zephyr/drivers/sensor/ite/ite_tach_it8xxx2/libdrivers__sensor__ite__ite_tach_it8xxx2.a
[yaviks:ro] [302/392] Building C object zephyr/drivers/sensor/ite/ite_vcmp_it8xxx2/CMakeFiles/drivers__sensor__ite__ite_vcmp_it8xxx2.dir/vcmp_ite_it8xxx2.c.obj
[yaviks:ro] [303/392] Building C object zephyr/drivers/timer/CMakeFiles/drivers__timer.dir/sys_clock_init.c.obj
[yaviks:ro] [304/392] Linking C static library zephyr/drivers/sensor/ite/ite_vcmp_it8xxx2/libdrivers__sensor__ite__ite_vcmp_it8xxx2.a
[yaviks:ro] [305/392] Building C object zephyr/drivers/serial/CMakeFiles/drivers__serial.dir/uart_ns16550.c.obj
[yaviks:ro] [306/392] Building C object zephyr/drivers/timer/CMakeFiles/drivers__timer.dir/ite_it8xxx2_timer.c.obj
[yaviks:ro] [307/392] Building C object zephyr/drivers/watchdog/CMakeFiles/drivers__watchdog.dir/wdt_ite_it8xxx2.c.obj
[yaviks:ro] [308/392] Linking C static library zephyr/drivers/timer/libdrivers__timer.a
[yaviks:ro] [309/392] Linking C static library zephyr/drivers/serial/libdrivers__serial.a
[yaviks:ro] [310/392] Linking C static library zephyr/drivers/watchdog/libdrivers__watchdog.a
[/mnt/host/source/src/platform/ec/build/zephyr/ponyta-lcov]   /mnt/host/source/src/platform/ec/build/zephyr/ponyta/build-rw/modules/ec/zephyr/CMakeFiles/ec_shim.dir/shim/src/usb_muxes.c.gcno:no functions found
[/mnt/host/source/src/platform/ec/build/zephyr/ponyta-lcov] stderr:
[frostflow:rw] [14/419] Building C object CMakeFiles/app.dir/mnt/host/source/src/platform/ec/build/zephyr/frostflow/modules/ec/common/base32.c.obj
[frostflow:ro] [14/417] Building C object CMakeFiles/app.dir/mnt/host/source/src/platform/ec/build/zephyr/frostflow/modules/ec/common/base32.c.obj
[yaviks:ro] [311/392] Building C object modules/ec/zephyr/CMakeFiles/ec_shim.dir/app/ec/main_shim.c.obj
[yaviks:ro] [312/392] Building C object modules/ec/zephyr/CMakeFiles/ec_shim.dir/app/ec/chip/riscv/riscv-ite/it8xxx2-espi.c.obj
[yaviks:ro] [313/392] Building C object modules/ec/zephyr/CMakeFiles/ec_shim.dir/app/ec/ec_app_main.c.obj
[dooku:ro] -- Found BOARD.dts: /mnt/host/source/src/platform/ec/zephyr/boards/google/it8xxx2/it8xxx2_it82002aw.dts
[dooku:ro] -- Found devicetree overlay: /mnt/host/source/src/platform/ec/zephyr/program/skywalker/dooku/project.overlay
[dooku:ro] -- Generated zephyr.dts: /mnt/host/source/src/platform/ec/build/zephyr/dooku/build-ro/zephyr/zephyr.dts
[dooku:ro] -- Generated pickled edt: /mnt/host/source/src/platform/ec/build/zephyr/dooku/build-ro/zephyr/edt.pickle
[yaviks:ro] [314/392] Building C object modules/ec/zephyr/CMakeFiles/ec_shim.dir/drivers/cros_flash/cros_flash_it8xxx2.c.obj
[yaviks:ro] [315/392] Building C object modules/ec/zephyr/CMakeFiles/ec_shim.dir/drivers/cros_kb_raw/cros_kb_raw_ite.c.obj
[yaviks:ro] [316/392] Building C object modules/ec/zephyr/CMakeFiles/ec_shim.dir/drivers/cros_kblight/pwm_kblight.c.obj
[/mnt/host/source/src/platform/ec/build/zephyr/ponyta-lcov]   /mnt/host/source/src/platform/ec/build/zephyr/ponyta/build-rw/modules/ec/zephyr/CMakeFiles/ec_shim.dir/shim/src/usba.c.gcno:no functions found
[/mnt/host/source/src/platform/ec/build/zephyr/ponyta-lcov] stderr:
[yaviks:ro] [317/392] Building C object modules/ec/zephyr/CMakeFiles/ec_shim.dir/shim/chip/it8xxx2/clock.c.obj
[yaviks:ro] [318/392] Building C object modules/ec/zephyr/CMakeFiles/ec_shim.dir/shim/src/crc.c.obj
[yaviks:ro] [319/392] Building C object modules/ec/zephyr/CMakeFiles/ec_shim.dir/drivers/cros_system/cros_system_it8xxx2.c.obj
[yaviks:ro] [320/392] Building C object modules/ec/zephyr/CMakeFiles/ec_shim.dir/drivers/vivaldi_kbd/vivaldi_kbd.c.obj
[dooku:ro] -- Generated devicetree_generated.h: /mnt/host/source/src/platform/ec/build/zephyr/dooku/build-ro/zephyr/include/generated/zephyr/devicetree_generated.h
[yaviks:ro] [321/392] Building C object modules/ec/zephyr/CMakeFiles/ec_shim.dir/shim/chip/it8xxx2/gpio.c.obj
[yaviks:ro] [322/392] Building C object modules/ec/zephyr/CMakeFiles/ec_shim.dir/shim/chip/it8xxx2/system.c.obj
[yaviks:ro] [323/392] Building C object modules/ec/zephyr/CMakeFiles/ec_shim.dir/shim/chip/it8xxx2/keyboard_raw.c.obj
[frostflow:ro] [15/417] Building C object CMakeFiles/app.dir/mnt/host/source/src/platform/ec/build/zephyr/frostflow/modules/ec/common/console_output.c.obj
[yaviks:ro] [324/392] Building C object modules/ec/zephyr/CMakeFiles/ec_shim.dir/shim/chip/it8xxx2/power_policy.c.obj
[frostflow:rw] [15/419] Building C object CMakeFiles/app.dir/mnt/host/source/src/platform/ec/build/zephyr/frostflow/modules/ec/common/console_output.c.obj
[yaviks:ro] [325/392] Building C object modules/ec/zephyr/CMakeFiles/ec_shim.dir/shim/src/console.c.obj
[yaviks:ro] [326/392] Building C object modules/ec/zephyr/CMakeFiles/ec_shim.dir/shim/src/gpio.c.obj
[yaviks:ro] [327/392] Building C object modules/ec/zephyr/CMakeFiles/ec_shim.dir/shim/src/panic_utils.c.obj
[yaviks:ro] [328/392] Building C object modules/ec/zephyr/CMakeFiles/ec_shim.dir/shim/src/gpio_int.c.obj
[yaviks:ro] [329/392] Building C object modules/ec/zephyr/CMakeFiles/ec_shim.dir/shim/src/pm_state.c.obj
[yaviks:ro] [330/392] Building C object modules/ec/zephyr/CMakeFiles/ec_shim.dir/shim/src/cbi/cros_cbi.c.obj
[yaviks:ro] [331/392] Building C object modules/ec/zephyr/CMakeFiles/ec_shim.dir/shim/src/cbi/cros_cbi_fw_config.c.obj
[yaviks:ro] [332/392] Building C object modules/ec/zephyr/CMakeFiles/ec_shim.dir/shim/src/cbi/cbi_eeprom.c.obj
[yaviks:ro] [333/392] Building C object modules/ec/zephyr/CMakeFiles/ec_shim.dir/shim/src/system.c.obj
[yaviks:ro] [334/392] Building C object modules/ec/zephyr/CMakeFiles/ec_shim.dir/shim/src/adc.c.obj
[yaviks:ro] [335/392] Building C object modules/ec/zephyr/CMakeFiles/ec_shim.dir/shim/src/battery.c.obj
[frostflow:ro] [16/417] Building C object CMakeFiles/app.dir/mnt/host/source/src/platform/ec/build/zephyr/frostflow/modules/ec/common/ec_features.c.obj
[yaviks:ro] [336/392] Building C object modules/ec/zephyr/CMakeFiles/ec_shim.dir/shim/src/charger.c.obj
[/mnt/host/source/src/platform/ec/build/zephyr/luuke-lcov]   /mnt/host/source/src/platform/ec/build/zephyr/luuke/build-ro/zephyr/CMakeFiles/zephyr.dir/soc/ite/ec/it8xxx2/check_regs.c.gcno:no functions found
[/mnt/host/source/src/platform/ec/build/zephyr/luuke-lcov] stderr:
[frostflow:rw] [16/419] Building C object CMakeFiles/app.dir/mnt/host/source/src/platform/ec/build/zephyr/frostflow/modules/ec/common/ec_features.c.obj
[yaviks:ro] [337/392] Building C object modules/ec/zephyr/CMakeFiles/ec_shim.dir/shim/src/chipset_api.c.obj
[dooku:ro] /mnt/host/source/src/platform/ec/build/zephyr/dooku/build-ro/zephyr/zephyr.dts:1258.27-1988.5: Warning (avoid_unnecessary_addr_size): /soc/pin-controller: unnecessary #address-cells/#size-cells without "ranges" or child "reg" property
[yaviks:ro] [338/392] Building C object modules/ec/zephyr/CMakeFiles/ec_shim.dir/shim/src/espi.c.obj
[yaviks:ro] [339/392] Building C object modules/ec/zephyr/CMakeFiles/ec_shim.dir/shim/src/fan.c.obj
[yaviks:ro] [340/392] Building C object modules/ec/zephyr/CMakeFiles/ec_shim.dir/shim/src/flash.c.obj
[yaviks:ro] [341/392] Building C object modules/ec/zephyr/CMakeFiles/ec_shim.dir/shim/src/hooks.c.obj
[yaviks:ro] [342/392] Building C object modules/ec/zephyr/CMakeFiles/ec_shim.dir/shim/src/host_command.c.obj
[yaviks:ro] [343/392] Building C object modules/ec/zephyr/CMakeFiles/ec_shim.dir/shim/src/mkbp_event.c.obj
[yaviks:ro] [344/392] Building C object modules/ec/zephyr/CMakeFiles/ec_shim.dir/shim/src/console_buffer.c.obj
[yaviks:ro] [345/392] Building C object modules/ec/zephyr/CMakeFiles/ec_shim.dir/shim/src/keyboard_raw.c.obj
[yaviks:ro] [346/392] Building C object modules/ec/zephyr/CMakeFiles/ec_shim.dir/shim/src/keyscan.c.obj
[frostflow:ro] [17/417] Building C object CMakeFiles/app.dir/mnt/host/source/src/platform/ec/build/zephyr/frostflow/modules/ec/common/gpio_commands.c.obj
[yaviks:ro] [347/392] Building C object modules/ec/zephyr/CMakeFiles/ec_shim.dir/shim/src/panic.c.obj
[frostflow:rw] [17/419] Building C object CMakeFiles/app.dir/mnt/host/source/src/platform/ec/build/zephyr/frostflow/modules/ec/common/gpio_commands.c.obj
[yaviks:ro] [348/392] Building C object modules/ec/zephyr/CMakeFiles/ec_shim.dir/shim/src/hwtimer.c.obj
[yaviks:ro] [349/392] Building C object modules/ec/zephyr/CMakeFiles/ec_shim.dir/shim/src/pwm_hc.c.obj
[yaviks:ro] [350/392] Building C object modules/ec/zephyr/CMakeFiles/ec_shim.dir/shim/src/thermal.c.obj
[yaviks:ro] [351/392] Building C object modules/ec/zephyr/CMakeFiles/ec_shim.dir/shim/src/temp_sensors.c.obj
[yaviks:ro] [352/392] Building C object modules/ec/zephyr/CMakeFiles/ec_shim.dir/shim/src/i2c.c.obj
[yaviks:ro] [353/392] Building C object modules/ec/zephyr/CMakeFiles/ec_shim.dir/shim/src/bc12_pi3usb9201.c.obj
[yaviks:ro] [354/392] Building C object modules/ec/zephyr/CMakeFiles/ec_shim.dir/shim/src/bc12.c.obj
[yaviks:ro] [355/392] Building C object modules/ec/zephyr/CMakeFiles/ec_shim.dir/shim/src/watchdog.c.obj
[yaviks:ro] [356/392] Building C object modules/ec/zephyr/CMakeFiles/ec_shim.dir/shim/src/tasks.c.obj
[yaviks:ro] [357/392] Building C object modules/ec/zephyr/CMakeFiles/ec_shim.dir/shim/src/usba.c.obj
[yaviks:ro] [358/392] Building C object zephyr/kernel/CMakeFiles/kernel.dir/main_weak.c.obj
[yaviks:ro] [359/392] Building C object zephyr/kernel/CMakeFiles/kernel.dir/banner.c.obj
[frostflow:ro] [18/417] Building C object CMakeFiles/app.dir/mnt/host/source/src/platform/ec/build/zephyr/frostflow/modules/ec/common/peripheral.c.obj
[yaviks:ro] [360/392] Building C object modules/ec/zephyr/CMakeFiles/ec_shim.dir/shim/src/power_host_sleep_api.c.obj
[yaviks:ro] [361/392] Building C object modules/ec/zephyr/CMakeFiles/ec_shim.dir/shim/src/usb_muxes.c.obj
[frostflow:rw] [18/419] Building C object CMakeFiles/app.dir/mnt/host/source/src/platform/ec/build/zephyr/frostflow/modules/ec/common/peripheral.c.obj
[/mnt/host/source/src/platform/ec/build/zephyr/ponyta-lcov]   /mnt/host/source/src/platform/ec/build/zephyr/ponyta/build-rw/modules/ec/zephyr/CMakeFiles/ec_shim.dir/shim/src/keyscan.c.gcno:no functions found
[/mnt/host/source/src/platform/ec/build/zephyr/ponyta-lcov] stderr:
[yaviks:ro] [362/392] Building C object zephyr/kernel/CMakeFiles/kernel.dir/version.c.obj
[yaviks:ro] [363/392] Linking C static library modules/ec/zephyr/libec_shim.a
[yaviks:ro] [364/392] Building C object zephyr/kernel/CMakeFiles/kernel.dir/busy_wait.c.obj
[yaviks:ro] [365/392] Building C object zephyr/kernel/CMakeFiles/kernel.dir/errno.c.obj
[yaviks:ro] [366/392] Building C object zephyr/kernel/CMakeFiles/kernel.dir/device.c.obj
[yaviks:ro] [367/392] Building C object zephyr/kernel/CMakeFiles/kernel.dir/fatal.c.obj
[yaviks:ro] [368/392] Building C object zephyr/kernel/CMakeFiles/kernel.dir/init.c.obj
[yaviks:ro] [369/392] Building C object zephyr/kernel/CMakeFiles/kernel.dir/mem_slab.c.obj
[yaviks:ro] [370/392] Building C object zephyr/kernel/CMakeFiles/kernel.dir/float.c.obj
[yaviks:ro] [371/392] Building C object zephyr/kernel/CMakeFiles/kernel.dir/kheap.c.obj
[/mnt/host/source/src/platform/ec/build/zephyr/anraggar-lcov]   /mnt/host/source/src/platform/ec/build/zephyr/anraggar/build-ro/zephyr/drivers/sensor/CMakeFiles/drivers__sensor.dir/mnt/host/source/src/third_party/zephyr/main/misc/empty_file.c.gcno:no functions found
[/mnt/host/source/src/platform/ec/build/zephyr/anraggar-lcov] stderr:
[/mnt/host/source/src/platform/ec/build/zephyr/anraggar-lcov]   /mnt/host/source/src/platform/ec/build/zephyr/anraggar/build-rw/modules/ec/zephyr/CMakeFiles/ec_shim.dir/shim/src/thermal.c.gcno:no functions found
[/mnt/host/source/src/platform/ec/build/zephyr/anraggar-lcov] stderr:
[yaviks:ro] [372/392] Building C object zephyr/kernel/CMakeFiles/kernel.dir/mailbox.c.obj
[yaviks:ro] [373/392] Building C object zephyr/kernel/CMakeFiles/kernel.dir/idle.c.obj
[frostflow:ro] [19/417] Building C object CMakeFiles/app.dir/mnt/host/source/src/platform/ec/build/zephyr/frostflow/modules/ec/common/printf.c.obj
[yaviks:ro] [374/392] Building C object zephyr/kernel/CMakeFiles/kernel.dir/msg_q.c.obj
[/mnt/host/source/src/platform/ec/build/zephyr/luuke-lcov]   /mnt/host/source/src/platform/ec/build/zephyr/luuke/build-ro/zephyr/drivers/syscon/CMakeFiles/drivers__syscon.dir/mnt/host/source/src/third_party/zephyr/main/misc/empty_file.c.gcno:no functions found
[/mnt/host/source/src/platform/ec/build/zephyr/luuke-lcov] stderr:
[yaviks:ro] [375/392] Building C object zephyr/kernel/CMakeFiles/kernel.dir/queue.c.obj
[yaviks:ro] [376/392] Building C object zephyr/kernel/CMakeFiles/kernel.dir/mutex.c.obj
[yaviks:ro] [377/392] Building C object zephyr/kernel/CMakeFiles/kernel.dir/sem.c.obj
[frostflow:rw] [19/419] Building C object CMakeFiles/app.dir/mnt/host/source/src/platform/ec/build/zephyr/frostflow/modules/ec/common/printf.c.obj
[yaviks:ro] [378/392] Building C object zephyr/kernel/CMakeFiles/kernel.dir/stack.c.obj
[/mnt/host/source/src/platform/ec/build/zephyr/anraggar-lcov]   /mnt/host/source/src/platform/ec/build/zephyr/anraggar/build-rw/modules/ec/zephyr/CMakeFiles/ec_shim.dir/shim/src/battery.c.gcno:no functions found
[/mnt/host/source/src/platform/ec/build/zephyr/anraggar-lcov] stderr:
[yaviks:ro] [379/392] Building C object zephyr/kernel/CMakeFiles/kernel.dir/system_work_q.c.obj
[yaviks:ro] [380/392] Building C object zephyr/kernel/CMakeFiles/kernel.dir/condvar.c.obj
[/mnt/host/source/src/platform/ec/build/zephyr/anraggar-lcov]   /mnt/host/source/src/platform/ec/build/zephyr/anraggar/build-rw/modules/ec/zephyr/CMakeFiles/ec_shim.dir/shim/src/charger.c.gcno:no functions found
[/mnt/host/source/src/platform/ec/build/zephyr/anraggar-lcov] stderr:
[yaviks:ro] [381/392] Building C object zephyr/kernel/CMakeFiles/kernel.dir/work.c.obj
[yaviks:ro] [382/392] Building C object zephyr/kernel/CMakeFiles/kernel.dir/thread.c.obj
[yaviks:ro] [383/392] Building C object zephyr/kernel/CMakeFiles/kernel.dir/thread_monitor.c.obj
[dooku:ro] Parsing /mnt/host/source/src/platform/ec/zephyr/program/skywalker/Kconfig
[/mnt/host/source/src/platform/ec/build/zephyr/luuke-lcov]   /mnt/host/source/src/platform/ec/build/zephyr/luuke/build-rw/modules/ec/zephyr/CMakeFiles/ec_shim.dir/shim/src/power.c.gcno:no functions found
[/mnt/host/source/src/platform/ec/build/zephyr/luuke-lcov] stderr:
[yaviks:ro] [384/392] Building C object zephyr/kernel/CMakeFiles/kernel.dir/timer.c.obj
[yaviks:ro] [385/392] Building C object zephyr/kernel/CMakeFiles/kernel.dir/timeout.c.obj
[yaviks:ro] [386/392] Building C object zephyr/kernel/CMakeFiles/kernel.dir/sched.c.obj
[eirtae:rw] Building: /usr/bin/ninja -C /mnt/host/source/src/platform/ec/build/zephyr/eirtae/build-rw all.libraries
Running `env -i SHELL=/bin/bash COLORTERM=truecolor DEPOT_TOOLS_UPDATE=0 LESS='-R -M --shift 5' SUDO_GID=0 JDK_HOME=/etc/java-config-2/current-system-vm CONFIG_PROTECT_MASK='/etc/gentoo-release /etc/sandbox.d /etc/fonts/fonts.conf /etc/terminfo /etc/ca-certificates.conf /etc/revdep-rebuild' CHROMEOS_CACHEDIR=/var/cache/chromeos-cache JAVA_HOME=/etc/java-config-2/current-system-vm SSH_AUTH_SOCK=/tmp/ssh-auth-sock SUDO_COMMAND=/bin/bash SUDO_USER=root SUDO_TTY=/dev/pts/2 EDITOR=/usr/bin/vi PWD=/mnt/host/source/src/platform/ec CONFIG_PROTECT=/usr/share/gnupg/qualified.txt LOGNAME=jpmurphy MANPATH=/etc/java-config-2/current-system-vm/man:/usr/local/share/man:/usr/share/man:/usr/share/gcc-data/x86_64-pc-linux-gnu/10.2.0/man:/usr/share/binutils-data/x86_64-pc-linux-gnu/2.45/man:/etc/java-config-2/current-system-vm/man/ SUDO_HOME=/root XAUTHORITY=/run/user/944457/gdm/Xauthority HOME=/home/jpmurphy LANG=C.UTF-8 LS_COLORS='rs=0:di=01;34:ln=01;36:mh=00:pi=40;33:so=01;35:do=01;35:bd=40;33;01:cd=40;33;01:or=01;05;37;41:mi=01;05;37;41:su=37;41:sg=30;43:ca=30;41:tw=30;42:ow=34;42:st=37;44:ex=01;32:*.tar=01;31:*.tgz=01;31:*.arc=01;31:*.arj=01;31:*.taz=01;31:*.lha=01;31:*.lz4=01;31:*.lzh=01;31:*.lzma=01;31:*.tlz=01;31:*.txz=01;31:*.tzo=01;31:*.t7z=01;31:*.zip=01;31:*.z=01;31:*.dz=01;31:*.gz=01;31:*.lrz=01;31:*.lz=01;31:*.lzo=01;31:*.xz=01;31:*.zst=01;31:*.tzst=01;31:*.bz2=01;31:*.bz=01;31:*.tbz=01;31:*.tbz2=01;31:*.tz=01;31:*.deb=01;31:*.rpm=01;31:*.jar=01;31:*.war=01;31:*.ear=01;31:*.sar=01;31:*.rar=01;31:*.alz=01;31:*.ace=01;31:*.zoo=01;31:*.cpio=01;31:*.7z=01;31:*.rz=01;31:*.cab=01;31:*.wim=01;31:*.swm=01;31:*.dwm=01;31:*.esd=01;31:*.jpg=01;35:*.jpeg=01;35:*.mjpg=01;35:*.mjpeg=01;35:*.gif=01;35:*.bmp=01;35:*.pbm=01;35:*.pgm=01;35:*.ppm=01;35:*.tga=01;35:*.xbm=01;35:*.xpm=01;35:*.tif=01;35:*.tiff=01;35:*.png=01;35:*.svg=01;35:*.svgz=01;35:*.mng=01;35:*.pcx=01;35:*.mov=01;35:*.mpg=01;35:*.mpeg=01;35:*.m2v=01;35:*.mkv=01;35:*.webm=01;35:*.webp=01;35:*.ogm=01;35:*.mp4=01;35:*.m4v=01;35:*.mp4v=01;35:*.vob=01;35:*.qt=01;35:*.nuv=01;35:*.wmv=01;35:*.asf=01;35:*.rm=01;35:*.rmvb=01;35:*.flc=01;35:*.avi=01;35:*.fli=01;35:*.flv=01;35:*.gl=01;35:*.dl=01;35:*.xcf=01;35:*.xwd=01;35:*.yuv=01;35:*.cgm=01;35:*.emf=01;35:*.ogv=01;35:*.ogx=01;35:*.cfg=00;32:*.conf=00;32:*.diff=00;32:*.doc=00;32:*.ini=00;32:*.log=00;32:*.patch=00;32:*.pdf=00;32:*.ps=00;32:*.tex=00;32:*.txt=00;32:*.aac=00;36:*.au=00;36:*.flac=00;36:*.m4a=00;36:*.mid=00;36:*.midi=00;36:*.mka=00;36:*.mp3=00;36:*.mpc=00;36:*.ogg=00;36:*.ra=00;36:*.wav=00;36:*.oga=00;36:*.opus=00;36:*.spx=00;36:*.xspf=00;36:' XDG_CURRENT_DESKTOP=GNOME INFOPATH=/usr/share/info:/usr/share/gcc-data/x86_64-pc-linux-gnu/10.2.0/info:/usr/share/binutils-data/x86_64-pc-linux-gnu/2.45/info:/usr/share/automake-1.16.5/info JAVAC=/etc/java-config-2/current-system-vm/bin/javac TERM=xterm-256color LESSOPEN='|lesspipe %s' USER=jpmurphy CROS_WORKON_SRCROOT=/mnt/host/source MANPAGER=manpager DISPLAY=:1 SHLVL=1 LC_MESSAGES=C EXTERNAL_TRUNK_PATH=/mnt/8f9d649a-3721-44cc-93c0-e6bd21a9689f/chromiumos GCC_SPECS='' PATH=/mnt/host/source/chromite/bin:/usr/local/bin:/usr/bin:/bin:/opt/bin:/mnt/host/source/chromite/sdk/bin:/mnt/host/source/chromite/bin PORTAGE_USERNAME=jpmurphy SUDO_UID=0 GCC_VER=10.2.0 MAIL=/var/mail/jpmurphy OLDPWD=/mnt/host/source/src/scripts traceparent=00-e87aca51550a78635907baa6a2476181-6d684811675d2973-01 _=./zephyr/firmware_builder.py COREBOOT_SDK_ROOT_x86=/home/jpmurphy/.cache/coreboot-sdk/i386-elf/dfbb0486385d938cfa9d73080b9d18d598ed4f49 COREBOOT_SDK_ROOT_picolibc_x86=/home/jpmurphy/.cache/coreboot-sdk/picolibc-i386-elf/eb8e8e687b95461de8cbf278f1c2076952d0ad17 COREBOOT_SDK_ROOT_riscv64=/home/jpmurphy/.cache/coreboot-sdk/riscv64-elf/96b949749225b6aaa92ed810ab769e8dfb12f000 COREBOOT_SDK_ROOT_picolibc_arm=/home/jpmurphy/.cache/coreboot-sdk/picolibc-arm-eabi/422a2aa3e1ef891b5bece9a3deb696ff83840d2e COREBOOT_SDK_ROOT_nds32=/home/jpmurphy/.cache/coreboot-sdk/nds32le-elf/d1a518c4a097666d86058e1444f85ca015d15511 COREBOOT_SDK_ROOT_picolibc_riscv64=/home/jpmurphy/.cache/coreboot-sdk/picolibc-riscv64-elf/f571e990ef0278564b31124f8bb109d9a697eb69 COREBOOT_SDK_ROOT_arm=/home/jpmurphy/.cache/coreboot-sdk/arm-eabi/ea40ddd1d190c3b48435c474c0b545719371813a COREBOOT_SDK_ROOT_libstdcxx_riscv64=/home/jpmurphy/.cache/coreboot-sdk/libstdcxx-riscv64-elf/17abf22a3a252e2d5d2062ced5324f7a623689e0 COREBOOT_SDK_ROOT_libstdcxx_arm=/home/jpmurphy/.cache/coreboot-sdk/libstdcxx-arm-eabi/5d7d82e150e44aa1968f1d366e267e6687b328ac COREBOOT_SDK_ROOT_riscv=/home/jpmurphy/.cache/coreboot-sdk/riscv-elf/9a27b9e82341c6e9126624f516ab3f261abb3e73 COREBOOT_SDK_ROOT_libstdcxx_x86=/home/jpmurphy/.cache/coreboot-sdk/libstdcxx-i386-elf/42ef9d2e87a76a37963175d7d428734e65648b87 PYTHONPATH=/mnt/host/source/src/platform/ec/zephyr/zmake PW_PIGWEED_CIPD_INSTALL_DIR=/usr CROSTC_USER_ACKNOWLEDGES_THAT_RISCV_IS_EXPERIMENTAL=1 MAKEFLAGS=' -j16 --jobserver-auth=5,6' /usr/bin/ninja -C /mnt/host/source/src/platform/ec/build/zephyr/eirtae/build-rw all.libraries`
[yaviks:ro] [387/392] Building C object zephyr/kernel/CMakeFiles/kernel.dir/events.c.obj
[yaviks:ro] [388/392] Building C object zephyr/kernel/CMakeFiles/kernel.dir/pipe.c.obj
[eirtae:rw] ninja: Entering directory `/mnt/host/source/src/platform/ec/build/zephyr/eirtae/build-rw'
[yaviks:ro] [389/392] Building C object zephyr/kernel/CMakeFiles/kernel.dir/poll.c.obj
[frostflow:ro] [20/417] Building C object CMakeFiles/app.dir/mnt/host/source/src/platform/ec/build/zephyr/frostflow/modules/ec/common/queue.c.obj
[yaviks:ro] [390/392] Building C object zephyr/kernel/CMakeFiles/kernel.dir/mempool.c.obj
[/mnt/host/source/src/platform/ec/build/zephyr/luuke-lcov]   /mnt/host/source/src/platform/ec/build/zephyr/luuke/build-rw/modules/ec/zephyr/CMakeFiles/ec_shim.dir/shim/src/battery.c.gcno:no functions found
[/mnt/host/source/src/platform/ec/build/zephyr/luuke-lcov] stderr:
[frostflow:rw] [20/419] Building C object CMakeFiles/app.dir/mnt/host/source/src/platform/ec/build/zephyr/frostflow/modules/ec/common/queue.c.obj
[eirtae:ro] Building: /usr/bin/ninja -C /mnt/host/source/src/platform/ec/build/zephyr/eirtae/build-ro all.libraries
Running `env -i SHELL=/bin/bash COLORTERM=truecolor DEPOT_TOOLS_UPDATE=0 LESS='-R -M --shift 5' SUDO_GID=0 JDK_HOME=/etc/java-config-2/current-system-vm CONFIG_PROTECT_MASK='/etc/gentoo-release /etc/sandbox.d /etc/fonts/fonts.conf /etc/terminfo /etc/ca-certificates.conf /etc/revdep-rebuild' CHROMEOS_CACHEDIR=/var/cache/chromeos-cache JAVA_HOME=/etc/java-config-2/current-system-vm SSH_AUTH_SOCK=/tmp/ssh-auth-sock SUDO_COMMAND=/bin/bash SUDO_USER=root SUDO_TTY=/dev/pts/2 EDITOR=/usr/bin/vi PWD=/mnt/host/source/src/platform/ec CONFIG_PROTECT=/usr/share/gnupg/qualified.txt LOGNAME=jpmurphy MANPATH=/etc/java-config-2/current-system-vm/man:/usr/local/share/man:/usr/share/man:/usr/share/gcc-data/x86_64-pc-linux-gnu/10.2.0/man:/usr/share/binutils-data/x86_64-pc-linux-gnu/2.45/man:/etc/java-config-2/current-system-vm/man/ SUDO_HOME=/root XAUTHORITY=/run/user/944457/gdm/Xauthority HOME=/home/jpmurphy LANG=C.UTF-8 LS_COLORS='rs=0:di=01;34:ln=01;36:mh=00:pi=40;33:so=01;35:do=01;35:bd=40;33;01:cd=40;33;01:or=01;05;37;41:mi=01;05;37;41:su=37;41:sg=30;43:ca=30;41:tw=30;42:ow=34;42:st=37;44:ex=01;32:*.tar=01;31:*.tgz=01;31:*.arc=01;31:*.arj=01;31:*.taz=01;31:*.lha=01;31:*.lz4=01;31:*.lzh=01;31:*.lzma=01;31:*.tlz=01;31:*.txz=01;31:*.tzo=01;31:*.t7z=01;31:*.zip=01;31:*.z=01;31:*.dz=01;31:*.gz=01;31:*.lrz=01;31:*.lz=01;31:*.lzo=01;31:*.xz=01;31:*.zst=01;31:*.tzst=01;31:*.bz2=01;31:*.bz=01;31:*.tbz=01;31:*.tbz2=01;31:*.tz=01;31:*.deb=01;31:*.rpm=01;31:*.jar=01;31:*.war=01;31:*.ear=01;31:*.sar=01;31:*.rar=01;31:*.alz=01;31:*.ace=01;31:*.zoo=01;31:*.cpio=01;31:*.7z=01;31:*.rz=01;31:*.cab=01;31:*.wim=01;31:*.swm=01;31:*.dwm=01;31:*.esd=01;31:*.jpg=01;35:*.jpeg=01;35:*.mjpg=01;35:*.mjpeg=01;35:*.gif=01;35:*.bmp=01;35:*.pbm=01;35:*.pgm=01;35:*.ppm=01;35:*.tga=01;35:*.xbm=01;35:*.xpm=01;35:*.tif=01;35:*.tiff=01;35:*.png=01;35:*.svg=01;35:*.svgz=01;35:*.mng=01;35:*.pcx=01;35:*.mov=01;35:*.mpg=01;35:*.mpeg=01;35:*.m2v=01;35:*.mkv=01;35:*.webm=01;35:*.webp=01;35:*.ogm=01;35:*.mp4=01;35:*.m4v=01;35:*.mp4v=01;35:*.vob=01;35:*.qt=01;35:*.nuv=01;35:*.wmv=01;35:*.asf=01;35:*.rm=01;35:*.rmvb=01;35:*.flc=01;35:*.avi=01;35:*.fli=01;35:*.flv=01;35:*.gl=01;35:*.dl=01;35:*.xcf=01;35:*.xwd=01;35:*.yuv=01;35:*.cgm=01;35:*.emf=01;35:*.ogv=01;35:*.ogx=01;35:*.cfg=00;32:*.conf=00;32:*.diff=00;32:*.doc=00;32:*.ini=00;32:*.log=00;32:*.patch=00;32:*.pdf=00;32:*.ps=00;32:*.tex=00;32:*.txt=00;32:*.aac=00;36:*.au=00;36:*.flac=00;36:*.m4a=00;36:*.mid=00;36:*.midi=00;36:*.mka=00;36:*.mp3=00;36:*.mpc=00;36:*.ogg=00;36:*.ra=00;36:*.wav=00;36:*.oga=00;36:*.opus=00;36:*.spx=00;36:*.xspf=00;36:' XDG_CURRENT_DESKTOP=GNOME INFOPATH=/usr/share/info:/usr/share/gcc-data/x86_64-pc-linux-gnu/10.2.0/info:/usr/share/binutils-data/x86_64-pc-linux-gnu/2.45/info:/usr/share/automake-1.16.5/info JAVAC=/etc/java-config-2/current-system-vm/bin/javac TERM=xterm-256color LESSOPEN='|lesspipe %s' USER=jpmurphy CROS_WORKON_SRCROOT=/mnt/host/source MANPAGER=manpager DISPLAY=:1 SHLVL=1 LC_MESSAGES=C EXTERNAL_TRUNK_PATH=/mnt/8f9d649a-3721-44cc-93c0-e6bd21a9689f/chromiumos GCC_SPECS='' PATH=/mnt/host/source/chromite/bin:/usr/local/bin:/usr/bin:/bin:/opt/bin:/mnt/host/source/chromite/sdk/bin:/mnt/host/source/chromite/bin PORTAGE_USERNAME=jpmurphy SUDO_UID=0 GCC_VER=10.2.0 MAIL=/var/mail/jpmurphy OLDPWD=/mnt/host/source/src/scripts traceparent=00-e87aca51550a78635907baa6a2476181-6d684811675d2973-01 _=./zephyr/firmware_builder.py COREBOOT_SDK_ROOT_x86=/home/jpmurphy/.cache/coreboot-sdk/i386-elf/dfbb0486385d938cfa9d73080b9d18d598ed4f49 COREBOOT_SDK_ROOT_picolibc_x86=/home/jpmurphy/.cache/coreboot-sdk/picolibc-i386-elf/eb8e8e687b95461de8cbf278f1c2076952d0ad17 COREBOOT_SDK_ROOT_riscv64=/home/jpmurphy/.cache/coreboot-sdk/riscv64-elf/96b949749225b6aaa92ed810ab769e8dfb12f000 COREBOOT_SDK_ROOT_picolibc_arm=/home/jpmurphy/.cache/coreboot-sdk/picolibc-arm-eabi/422a2aa3e1ef891b5bece9a3deb696ff83840d2e COREBOOT_SDK_ROOT_nds32=/home/jpmurphy/.cache/coreboot-sdk/nds32le-elf/d1a518c4a097666d86058e1444f85ca015d15511 COREBOOT_SDK_ROOT_picolibc_riscv64=/home/jpmurphy/.cache/coreboot-sdk/picolibc-riscv64-elf/f571e990ef0278564b31124f8bb109d9a697eb69 COREBOOT_SDK_ROOT_arm=/home/jpmurphy/.cache/coreboot-sdk/arm-eabi/ea40ddd1d190c3b48435c474c0b545719371813a COREBOOT_SDK_ROOT_libstdcxx_riscv64=/home/jpmurphy/.cache/coreboot-sdk/libstdcxx-riscv64-elf/17abf22a3a252e2d5d2062ced5324f7a623689e0 COREBOOT_SDK_ROOT_libstdcxx_arm=/home/jpmurphy/.cache/coreboot-sdk/libstdcxx-arm-eabi/5d7d82e150e44aa1968f1d366e267e6687b328ac COREBOOT_SDK_ROOT_riscv=/home/jpmurphy/.cache/coreboot-sdk/riscv-elf/9a27b9e82341c6e9126624f516ab3f261abb3e73 COREBOOT_SDK_ROOT_libstdcxx_x86=/home/jpmurphy/.cache/coreboot-sdk/libstdcxx-i386-elf/42ef9d2e87a76a37963175d7d428734e65648b87 PYTHONPATH=/mnt/host/source/src/platform/ec/zephyr/zmake PW_PIGWEED_CIPD_INSTALL_DIR=/usr CROSTC_USER_ACKNOWLEDGES_THAT_RISCV_IS_EXPERIMENTAL=1 MAKEFLAGS=' -j16 --jobserver-auth=5,6' /usr/bin/ninja -C /mnt/host/source/src/platform/ec/build/zephyr/eirtae/build-ro all.libraries`
[yaviks:ro] [391/392] Building C object zephyr/kernel/CMakeFiles/kernel.dir/dynamic_disabled.c.obj
[eirtae:ro] ninja: Entering directory `/mnt/host/source/src/platform/ec/build/zephyr/eirtae/build-ro'
[yaviks:ro] [392/392] Linking C static library zephyr/kernel/libkernel.a
[eirtae:ro] [1/261] Preparing syscall dependency handling
[/mnt/host/source/src/platform/ec/build/zephyr/anraggar-lcov]   /mnt/host/source/src/platform/ec/build/zephyr/anraggar/build-rw/modules/ec/zephyr/CMakeFiles/ec_shim.dir/shim/src/usb_muxes.c.gcno:no functions found
[/mnt/host/source/src/platform/ec/build/zephyr/anraggar-lcov] stderr:
[eirtae:ro] [2/261] Generating misc/generated/syscalls_subdirs.trigger
[eirtae:rw] [1/258] Generating include/generated/zephyr/version.h
[eirtae:rw] -- git describe warned: warning: tag 'upstream/v2.7.99' is externally known as 'v2.7.99'
[eirtae:rw] -- Zephyr version: 4.3.99 (/mnt/host/source/src/third_party/zephyr/main)
[eirtae:rw] [2/258] Preparing syscall dependency handling
[dooku:ro] Loaded configuration '/mnt/host/source/src/platform/ec/zephyr/boards/google/it8xxx2/it8xxx2_it82002aw_defconfig'
[dooku:ro] Merged configuration '/mnt/host/source/src/platform/ec/zephyr/program/skywalker/program.conf'
[dooku:ro] Merged configuration '/mnt/host/source/src/platform/ec/zephyr/program/skywalker/ite_program.conf'
[eirtae:rw] [3/258] Generating misc/generated/syscalls_subdirs.trigger
[dooku:ro] Merged configuration '/mnt/host/source/src/platform/ec/zephyr/program/skywalker/dooku/project.conf'
[dooku:ro] Merged configuration '/mnt/host/source/src/platform/ec/build/zephyr/dooku/kconfig-ro.conf'
[dooku:ro] Configuration saved to '/mnt/host/source/src/platform/ec/build/zephyr/dooku/build-ro/zephyr/.config'
[dooku:ro] Kconfig header saved to '/mnt/host/source/src/platform/ec/build/zephyr/dooku/build-ro/zephyr/include/generated/zephyr/autoconf.h'
[dooku:ro] -- Found GnuLd: /home/jpmurphy/.cache/coreboot-sdk/riscv64-elf/96b949749225b6aaa92ed810ab769e8dfb12f000/riscv64-elf/bin/ld.bfd (found version "2.43.1")
[frostflow:rw] [21/419] Building C object CMakeFiles/app.dir/mnt/host/source/src/platform/ec/build/zephyr/frostflow/modules/ec/common/system_boot_time.c.obj
[eirtae:ro] [3/261] Generating include/generated/zephyr/version.h
[eirtae:ro] -- git describe warned: warning: tag 'upstream/v2.7.99' is externally known as 'v2.7.99'
[frostflow:ro] [21/417] Building C object CMakeFiles/app.dir/mnt/host/source/src/platform/ec/build/zephyr/frostflow/modules/ec/common/system_boot_time.c.obj
[/mnt/host/source/src/platform/ec/build/zephyr/luuke-lcov]   /mnt/host/source/src/platform/ec/build/zephyr/luuke/build-rw/modules/ec/zephyr/CMakeFiles/ec_shim.dir/shim/src/charger.c.gcno:no functions found
[/mnt/host/source/src/platform/ec/build/zephyr/luuke-lcov] stderr:
[frostflow:rw] [22/419] Building C object CMakeFiles/app.dir/mnt/host/source/src/platform/ec/build/zephyr/frostflow/modules/ec/common/uart_printf.c.obj
[/mnt/host/source/src/platform/ec/build/zephyr/anraggar-lcov]   /mnt/host/source/src/platform/ec/build/zephyr/anraggar/build-rw/modules/ec/zephyr/CMakeFiles/ec_shim.dir/shim/src/usba.c.gcno:no functions found
[/mnt/host/source/src/platform/ec/build/zephyr/anraggar-lcov] stderr:
[frostflow:ro] [22/417] Building C object CMakeFiles/app.dir/mnt/host/source/src/platform/ec/build/zephyr/frostflow/modules/ec/common/uart_printf.c.obj
[dooku:ro] -- The C compiler identification is GNU 14.2.0
[frostflow:rw] [23/419] Building C object CMakeFiles/app.dir/mnt/host/source/src/platform/ec/build/zephyr/frostflow/modules/ec/common/system.c.obj
[eirtae:ro] -- Zephyr version: 4.3.99 (/mnt/host/source/src/third_party/zephyr/main)
[eirtae:ro] [4/261] cd /mnt/host/source/src/platform/ec/build/zephyr/eirtae/build-ro/modules/ec/zephyr && PYTHONPATH=/mnt/host/source/src/platform/ec/build/zephyr/eirtae/modules/ec/zephyr/zmake/ /usr/bin/python3.11 /mnt/host/source/src/platform/ec/build/zephyr/eirtae/modules/ec/zephyr/zmake/zephyr_build_tools/generate_ec_version.py /mnt/host/source/src/platform/ec/build/zephyr/eirtae/build-ro/modules/ec/zephyr/include/ec_version.h --name Zephyr-Kernel --version 16543.0.0 --static
[frostflow:ro] [23/417] Building C object CMakeFiles/app.dir/mnt/host/source/src/platform/ec/build/zephyr/frostflow/modules/ec/common/system.c.obj
[frostflow:ro] [24/417] Building C object CMakeFiles/app.dir/mnt/host/source/src/platform/ec/build/zephyr/frostflow/modules/ec/common/util.c.obj
[frostflow:rw] [24/419] Building C object CMakeFiles/app.dir/mnt/host/source/src/platform/ec/build/zephyr/frostflow/modules/ec/common/util.c.obj
[/mnt/host/source/src/platform/ec/build/zephyr/luuke-lcov]   /mnt/host/source/src/platform/ec/build/zephyr/luuke/build-rw/modules/ec/zephyr/CMakeFiles/ec_shim.dir/shim/src/usba.c.gcno:no functions found
[/mnt/host/source/src/platform/ec/build/zephyr/luuke-lcov] stderr:
[eirtae:ro] INFO:root:Using a static version string
[eirtae:ro] INFO:root:Version string: Zephyr-Kernel-16543.0.0
[eirtae:ro] INFO:root:Writing header to /mnt/host/source/src/platform/ec/build/zephyr/eirtae/build-ro/modules/ec/zephyr/include/ec_version.h
[eirtae:ro] [5/261] Generating misc/generated/syscalls.json, misc/generated/struct_tags.json
[frostflow:rw] [25/419] Building C object CMakeFiles/app.dir/mnt/host/source/src/platform/ec/build/zephyr/frostflow/modules/ec/common/version.c.obj
[dooku:ro] -- The CXX compiler identification is GNU 14.2.0
[eirtae:ro] [6/261] Generating include/generated/zephyr/syscall_dispatch.c, include/generated/zephyr/syscall_exports_llext.c, syscall_weakdefs_llext.c, include/generated/zephyr/syscall_list.h
[dooku:ro] -- The ASM compiler identification is GNU
[dooku:ro] -- Found assembler: /home/jpmurphy/.cache/coreboot-sdk/riscv64-elf/96b949749225b6aaa92ed810ab769e8dfb12f000/bin/riscv64-elf-gcc
[dooku:ro] warning: Deprecated symbol I2C_ALLOW_NO_STOP_TRANSACTIONS is enabled.
[dooku:ro] CMake Warning at /mnt/host/source/src/platform/ec/zephyr/cmake/linker/ld/linker_libraries.cmake:11 (message):
[dooku:ro]   Disabling c_library
[eirtae:rw] [4/258] Generating misc/generated/syscalls.json, misc/generated/struct_tags.json
[eirtae:ro] [7/261] Generating include/generated/zephyr/driver-validation.h
[eirtae:rw] [5/258] Generating include/generated/zephyr/syscall_dispatch.c, include/generated/zephyr/syscall_exports_llext.c, syscall_weakdefs_llext.c, include/generated/zephyr/syscall_list.h
[frostflow:rw] [26/419] Building C object CMakeFiles/app.dir/mnt/host/source/src/platform/ec/build/zephyr/frostflow/modules/ec/common/power_button_x86.c.obj
[eirtae:ro] [8/261] Generating include/generated/zephyr/kobj-types-enum.h, include/generated/zephyr/otype-to-str.h, include/generated/zephyr/otype-to-size.h
[frostflow:ro] [25/417] Building C object CMakeFiles/app.dir/mnt/host/source/src/platform/ec/build/zephyr/frostflow/modules/ec/common/version.c.obj
[eirtae:rw] [6/258] Generating include/generated/zephyr/driver-validation.h
[eirtae:ro] [9/261] Generating include/generated/device-api-sections.ld, include/generated/device-api-sections.cmake
[frostflow:rw] [27/419] Building C object CMakeFiles/app.dir/mnt/host/source/src/platform/ec/build/zephyr/frostflow/modules/ec/driver/accel_bma4xx.c.obj
[frostflow:ro] [26/417] Building C object CMakeFiles/app.dir/mnt/host/source/src/platform/ec/build/zephyr/frostflow/modules/ec/common/power_button_x86.c.obj
[frostflow:rw] [28/419] Building C object CMakeFiles/app.dir/mnt/host/source/src/platform/ec/build/zephyr/frostflow/modules/ec/driver/accelgyro_bmi_common.c.obj
[frostflow:ro] [27/417] Building C object CMakeFiles/app.dir/mnt/host/source/src/platform/ec/build/zephyr/frostflow/modules/ec/driver/accel_bma4xx.c.obj
[dooku:ro] -- Performing EC specific devicetree checks
[eirtae:rw] [7/258] Generating include/generated/zephyr/kobj-types-enum.h, include/generated/zephyr/otype-to-str.h, include/generated/zephyr/otype-to-size.h
[frostflow:ro] [28/417] Building C object CMakeFiles/app.dir/mnt/host/source/src/platform/ec/build/zephyr/frostflow/modules/ec/driver/accelgyro_bmi_common.c.obj
[eirtae:rw] [8/258] Generating include/generated/device-api-sections.ld, include/generated/device-api-sections.cmake
[frostflow:rw] [29/419] Building C object CMakeFiles/app.dir/mnt/host/source/src/platform/ec/build/zephyr/frostflow/modules/ec/driver/accelgyro_bmi3xx.c.obj
[frostflow:rw] [30/419] Building C object CMakeFiles/app.dir/mnt/host/source/src/platform/ec/build/zephyr/frostflow/modules/ec/driver/amd_stb.c.obj
[dooku:ro] Call Stack (most recent call first):
[dooku:ro]   /mnt/host/source/src/third_party/zephyr/main/cmake/target_toolchain_flags.cmake:48 (include)
[dooku:ro]   /mnt/host/source/src/third_party/zephyr/main/cmake/modules/kernel.cmake:153 (include)
[dooku:ro]   /mnt/host/source/src/third_party/zephyr/main/cmake/modules/zephyr_default.cmake:138 (include)
[dooku:ro]   /mnt/host/source/src/third_party/zephyr/main/share/zephyr-package/cmake/ZephyrConfig.cmake:66 (include)
[dooku:ro]   /mnt/host/source/src/third_party/zephyr/main/share/zephyr-package/cmake/ZephyrConfig.cmake:97 (include_boilerplate)
[dooku:ro]   CMakeLists.txt:6 (find_package)
[dooku:ro] INFO: Verified 37 GPIOs, no duplicates found
[frostflow:rw] [31/419] Building C object CMakeFiles/app.dir/mnt/host/source/src/platform/ec/build/zephyr/frostflow/modules/ec/common/motion_sense_fifo.c.obj
[eirtae:ro] [10/261] Building C object zephyr/CMakeFiles/offsets.dir/arch/riscv/core/offsets/offsets.c.obj
[dooku:ro] -- Generating component manifest file
[eirtae:ro] [11/261] Generating include/generated/zephyr/offsets.h
[eirtae:rw] [9/258] Building C object zephyr/CMakeFiles/offsets.dir/arch/riscv/core/offsets/offsets.c.obj
[frostflow:rw] [32/419] Building C object CMakeFiles/app.dir/mnt/host/source/src/platform/ec/build/zephyr/frostflow/modules/ec/common/adc.c.obj
[dooku:ro] INFO: Verified 26 '*-gpios' properties, all flags match.
[dooku:ro] INFO: Skipped 1 named-gpios children.
[dooku:ro] INFO: Running CME, outputting to /mnt/host/source/src/platform/ec/build/zephyr/dooku/build-ro/zephyr/component_manifest.json
[dooku:ro] INFO: Project dooku does not support SSFC
[dooku:ro] INFO: No motionsense-sensor node found
[eirtae:rw] [10/258] Generating include/generated/zephyr/offsets.h
[frostflow:ro] [29/417] Building C object CMakeFiles/app.dir/mnt/host/source/src/platform/ec/build/zephyr/frostflow/modules/ec/driver/accelgyro_bmi3xx.c.obj
[frostflow:ro] [30/417] Building C object CMakeFiles/app.dir/mnt/host/source/src/platform/ec/build/zephyr/frostflow/modules/ec/driver/amd_stb.c.obj
[frostflow:rw] [33/419] Building C object CMakeFiles/app.dir/mnt/host/source/src/platform/ec/build/zephyr/frostflow/modules/ec/common/acpi.c.obj
[frostflow:rw] [34/419] Building C object CMakeFiles/app.dir/mnt/host/source/src/platform/ec/build/zephyr/frostflow/modules/ec/driver/sb_rmi.c.obj
[dooku:ro] -- warning_base_override: -Wall;-Wformat;-Wformat-security;-Wformat;-Wno-format-zero-length;-Wno-pointer-sign;-Wpointer-arith;-Wexpansion-to-defined
[frostflow:ro] [31/417] Building C object CMakeFiles/app.dir/mnt/host/source/src/platform/ec/build/zephyr/frostflow/modules/ec/common/motion_sense_fifo.c.obj
[frostflow:rw] [35/419] Building C object CMakeFiles/app.dir/mnt/host/source/src/platform/ec/build/zephyr/frostflow/modules/ec/common/backlight_lid.c.obj
[eirtae:ro] [12/261] Building C object CMakeFiles/app.dir/mnt/host/source/src/platform/ec/zephyr/subsys/ap_pwrseq/ap_events.c.obj
[frostflow:rw] [36/419] Building C object CMakeFiles/app.dir/mnt/host/source/src/platform/ec/build/zephyr/frostflow/modules/ec/driver/amd_stt.c.obj
[eirtae:rw] [11/258] Building C object zephyr/CMakeFiles/zephyr.dir/lib/libc/validate_libc.c.obj
[frostflow:ro] [32/417] Building C object CMakeFiles/app.dir/mnt/host/source/src/platform/ec/build/zephyr/frostflow/modules/ec/common/adc.c.obj
[dooku:ro] -- Found gen_kobject_list: /mnt/host/source/src/third_party/zephyr/main/scripts/build/gen_kobject_list.py
[frostflow:rw] [37/419] Building C object CMakeFiles/app.dir/mnt/host/source/src/platform/ec/build/zephyr/frostflow/modules/ec/common/battery.c.obj
[dooku:ro] CMake Warning at /mnt/host/source/src/third_party/zephyr/main/CMakeLists.txt:1134 (message):
[dooku:ro]   No SOURCES given to Zephyr library: drivers__syscon
[dooku:ro]   Excluding target from build.
[dooku:ro] CMake Warning at /mnt/host/source/src/third_party/zephyr/main/CMakeLists.txt:2359 (message):
[dooku:ro]   __ASSERT() statements are globally ENABLED
[dooku:ro] -- Configuring done (15.5s)
[frostflow:rw] [38/419] Building C object CMakeFiles/app.dir/mnt/host/source/src/platform/ec/build/zephyr/frostflow/modules/ec/common/battery_info.c.obj
[frostflow:rw] [39/419] Building C object CMakeFiles/app.dir/mnt/host/source/src/platform/ec/build/zephyr/frostflow/modules/ec/common/battery_fuel_gauge.c.obj
[frostflow:ro] [33/417] Building C object CMakeFiles/app.dir/mnt/host/source/src/platform/ec/build/zephyr/frostflow/modules/ec/driver/sb_rmi.c.obj
[frostflow:ro] [34/417] Building C object CMakeFiles/app.dir/mnt/host/source/src/platform/ec/build/zephyr/frostflow/modules/ec/common/acpi.c.obj
[eirtae:ro] [13/261] Building C object CMakeFiles/app.dir/mnt/host/source/src/platform/ec/build/zephyr/eirtae/modules/ec/builtin/stdlib.c.obj
[frostflow:rw] [40/419] Building C object CMakeFiles/app.dir/mnt/host/source/src/platform/ec/build/zephyr/frostflow/modules/ec/driver/battery/smart.c.obj
[dooku:ro] -- Generating done (0.4s)
[dooku:ro] CMake Warning:
[dooku:ro]   Manually-specified variables were not used by the project:
[dooku:ro]     COREBOOT_SDK_ROOT_arm
[dooku:ro]     COREBOOT_SDK_ROOT_libstdcxx_arm
[dooku:ro]     COREBOOT_SDK_ROOT_libstdcxx_x86
[dooku:ro]     COREBOOT_SDK_ROOT_nds32
[dooku:ro]     COREBOOT_SDK_ROOT_picolibc_arm
[dooku:ro]     COREBOOT_SDK_ROOT_picolibc_x86
[dooku:ro]     COREBOOT_SDK_ROOT_riscv
[dooku:ro]     COREBOOT_SDK_ROOT_x86
[dooku:ro] -- Build files have been written to: /mnt/host/source/src/platform/ec/build/zephyr/dooku/build-ro
[eirtae:rw] [12/258] Building C object zephyr/CMakeFiles/zephyr.dir/lib/heap/heap.c.obj
[frostflow:ro] [35/417] Building C object CMakeFiles/app.dir/mnt/host/source/src/platform/ec/build/zephyr/frostflow/modules/ec/driver/amd_stt.c.obj
[frostflow:rw] [41/419] Building C object CMakeFiles/app.dir/mnt/host/source/src/platform/ec/build/zephyr/frostflow/modules/ec/driver/bc12/pi3usb9201.c.obj
[frostflow:ro] [36/417] Building C object CMakeFiles/app.dir/mnt/host/source/src/platform/ec/build/zephyr/frostflow/modules/ec/common/backlight_lid.c.obj
[/mnt/host/source/src/platform/ec/build/zephyr/anraggar-lcov]   /mnt/host/source/src/platform/ec/build/zephyr/anraggar/build-rw/modules/ec/zephyr/CMakeFiles/ec_shim.dir/shim/src/keyscan.c.gcno:no functions found
[/mnt/host/source/src/platform/ec/build/zephyr/anraggar-lcov] stderr:
[frostflow:rw] [42/419] Building C object CMakeFiles/app.dir/mnt/host/source/src/platform/ec/build/zephyr/frostflow/modules/ec/common/charger.c.obj
[frostflow:rw] [43/419] Building C object CMakeFiles/app.dir/mnt/host/source/src/platform/ec/build/zephyr/frostflow/modules/ec/driver/charger/isl9241.c.obj
[eirtae:ro] [14/261] Building C object CMakeFiles/app.dir/mnt/host/source/src/platform/ec/build/zephyr/eirtae/modules/ec/common/base32.c.obj
[eirtae:rw] [13/258] Building C object zephyr/CMakeFiles/zephyr.dir/lib/os/cbprintf_packaged.c.obj
[frostflow:rw] [44/419] Building C object CMakeFiles/app.dir/mnt/host/source/src/platform/ec/build/zephyr/frostflow/modules/ec/common/cbi_common.c.obj
[frostflow:ro] [37/417] Building C object CMakeFiles/app.dir/mnt/host/source/src/platform/ec/build/zephyr/frostflow/modules/ec/common/battery_info.c.obj
[frostflow:ro] [38/417] Building C object CMakeFiles/app.dir/mnt/host/source/src/platform/ec/build/zephyr/frostflow/modules/ec/common/battery.c.obj
[frostflow:rw] [45/419] Building C object CMakeFiles/app.dir/mnt/host/source/src/platform/ec/build/zephyr/frostflow/modules/ec/common/charge_state.c.obj
[eirtae:rw] [14/258] Building C object zephyr/CMakeFiles/zephyr.dir/lib/os/clock.c.obj
[frostflow:rw] [46/419] Building C object CMakeFiles/app.dir/mnt/host/source/src/platform/ec/build/zephyr/frostflow/modules/ec/common/charge_manager.c.obj
[frostflow:ro] [39/417] Building C object CMakeFiles/app.dir/mnt/host/source/src/platform/ec/build/zephyr/frostflow/modules/ec/common/battery_fuel_gauge.c.obj
[eirtae:ro] [15/261] Building C object CMakeFiles/app.dir/mnt/host/source/src/platform/ec/build/zephyr/eirtae/modules/ec/common/console_output.c.obj
[frostflow:rw] [47/419] Building C object CMakeFiles/app.dir/mnt/host/source/src/platform/ec/build/zephyr/frostflow/modules/ec/common/cbi.c.obj
[frostflow:rw] [48/419] Building C object CMakeFiles/app.dir/mnt/host/source/src/platform/ec/build/zephyr/frostflow/modules/ec/common/cbi_config.c.obj
[frostflow:ro] [40/417] Building C object CMakeFiles/app.dir/mnt/host/source/src/platform/ec/build/zephyr/frostflow/modules/ec/driver/battery/smart.c.obj
[eirtae:rw] [15/258] Building C object zephyr/CMakeFiles/zephyr.dir/lib/os/printk.c.obj
[frostflow:rw] [49/419] Building C object CMakeFiles/app.dir/mnt/host/source/src/platform/ec/build/zephyr/frostflow/modules/ec/common/dptf.c.obj
[eirtae:rw] [16/258] Building C object zephyr/CMakeFiles/zephyr.dir/lib/os/sem.c.obj
[eirtae:rw] [17/258] Building C object zephyr/CMakeFiles/zephyr.dir/lib/os/thread_entry.c.obj
[frostflow:rw] [50/419] Building C object CMakeFiles/app.dir/mnt/host/source/src/platform/ec/build/zephyr/frostflow/modules/ec/common/chipset.c.obj
[frostflow:ro] [41/417] Building C object CMakeFiles/app.dir/mnt/host/source/src/platform/ec/build/zephyr/frostflow/modules/ec/driver/bc12/pi3usb9201.c.obj
[frostflow:ro] [42/417] Building C object CMakeFiles/app.dir/mnt/host/source/src/platform/ec/build/zephyr/frostflow/modules/ec/driver/charger/isl9241.c.obj
[eirtae:ro] [16/261] Building C object CMakeFiles/app.dir/mnt/host/source/src/platform/ec/build/zephyr/eirtae/modules/ec/common/ec_features.c.obj
[frostflow:rw] [51/419] Building C object CMakeFiles/app.dir/mnt/host/source/src/platform/ec/build/zephyr/frostflow/modules/ec/common/espi.c.obj
[frostflow:rw] [52/419] Building C object CMakeFiles/app.dir/mnt/host/source/src/platform/ec/build/zephyr/frostflow/modules/ec/common/ap_reset_log.c.obj
[frostflow:rw] [53/419] Building C object CMakeFiles/app.dir/mnt/host/source/src/platform/ec/build/zephyr/frostflow/modules/ec/common/extpower_gpio.c.obj
[eirtae:rw] [18/258] Building C object zephyr/CMakeFiles/zephyr.dir/lib/os/cbprintf_nano.c.obj
[frostflow:rw] [54/419] Building C object CMakeFiles/app.dir/mnt/host/source/src/platform/ec/build/zephyr/frostflow/modules/ec/common/extpower_common.c.obj
[eirtae:rw] [19/258] Building C object zephyr/CMakeFiles/zephyr.dir/lib/os/cbprintf.c.obj
[frostflow:ro] [43/417] Building C object CMakeFiles/app.dir/mnt/host/source/src/platform/ec/build/zephyr/frostflow/modules/ec/common/charger.c.obj
[frostflow:ro] [44/417] Building C object CMakeFiles/app.dir/mnt/host/source/src/platform/ec/build/zephyr/frostflow/modules/ec/common/charge_state.c.obj
[frostflow:rw] [55/419] Building C object CMakeFiles/app.dir/mnt/host/source/src/platform/ec/build/zephyr/frostflow/modules/ec/common/fan.c.obj
[eirtae:rw] [20/258] Building C object zephyr/CMakeFiles/zephyr.dir/lib/utils/dec.c.obj
[eirtae:ro] [17/261] Building C object CMakeFiles/app.dir/mnt/host/source/src/platform/ec/build/zephyr/eirtae/modules/ec/common/gpio_commands.c.obj
[frostflow:ro] [45/417] Building C object CMakeFiles/app.dir/mnt/host/source/src/platform/ec/build/zephyr/frostflow/modules/ec/common/cbi_common.c.obj
[eirtae:rw] [21/258] Building C object zephyr/CMakeFiles/zephyr.dir/lib/os/assert.c.obj
[eirtae:rw] [22/258] Building C object zephyr/CMakeFiles/zephyr.dir/lib/utils/hex.c.obj
[frostflow:rw] [56/419] Building C object CMakeFiles/app.dir/mnt/host/source/src/platform/ec/build/zephyr/frostflow/modules/ec/common/flash.c.obj
[frostflow:rw] [57/419] Building C object CMakeFiles/app.dir/mnt/host/source/src/platform/ec/build/zephyr/frostflow/modules/ec/common/host_command.c.obj
[frostflow:ro] [46/417] Building C object CMakeFiles/app.dir/mnt/host/source/src/platform/ec/build/zephyr/frostflow/modules/ec/common/charge_manager.c.obj
[frostflow:rw] [58/419] Building C object CMakeFiles/app.dir/mnt/host/source/src/platform/ec/build/zephyr/frostflow/modules/ec/common/host_command_task.c.obj
[frostflow:rw] [59/419] Building C object CMakeFiles/app.dir/mnt/host/source/src/platform/ec/build/zephyr/frostflow/modules/ec/common/uart_hostcmd.c.obj
[frostflow:rw] [60/419] Building C object CMakeFiles/app.dir/mnt/host/source/src/platform/ec/build/zephyr/frostflow/modules/ec/common/host_event_commands.c.obj
[eirtae:rw] [23/258] Building C object zephyr/CMakeFiles/zephyr.dir/lib/utils/timeutil.c.obj
[frostflow:ro] [47/417] Building C object CMakeFiles/app.dir/mnt/host/source/src/platform/ec/build/zephyr/frostflow/modules/ec/common/cbi_config.c.obj
[eirtae:ro] [18/261] Building C object CMakeFiles/app.dir/mnt/host/source/src/platform/ec/build/zephyr/eirtae/modules/ec/common/peripheral.c.obj
[frostflow:rw] [61/419] Building C object CMakeFiles/app.dir/mnt/host/source/src/platform/ec/build/zephyr/frostflow/modules/ec/common/uptime.c.obj
[frostflow:ro] [48/417] Building C object CMakeFiles/app.dir/mnt/host/source/src/platform/ec/build/zephyr/frostflow/modules/ec/common/cbi.c.obj
[eirtae:rw] [24/258] Building C object zephyr/CMakeFiles/zephyr.dir/lib/utils/rb.c.obj
[frostflow:ro] [49/417] Building C object CMakeFiles/app.dir/mnt/host/source/src/platform/ec/build/zephyr/frostflow/modules/ec/common/dptf.c.obj
[eirtae:rw] [25/258] Building C object zephyr/CMakeFiles/zephyr.dir/lib/utils/bitmask.c.obj
[frostflow:ro] [50/417] Building C object CMakeFiles/app.dir/mnt/host/source/src/platform/ec/build/zephyr/frostflow/modules/ec/common/chipset.c.obj
[frostflow:rw] [62/419] Building C object CMakeFiles/app.dir/mnt/host/source/src/platform/ec/build/zephyr/frostflow/modules/ec/common/i2c_controller.c.obj
[eirtae:rw] [26/258] Building C object zephyr/CMakeFiles/zephyr.dir/lib/utils/bitarray.c.obj
[eirtae:ro] [19/261] Building C object CMakeFiles/app.dir/mnt/host/source/src/platform/ec/build/zephyr/eirtae/modules/ec/common/printf.c.obj
[frostflow:rw] [63/419] Building C object CMakeFiles/app.dir/mnt/host/source/src/platform/ec/build/zephyr/frostflow/modules/ec/common/i2c_passthru.c.obj
[frostflow:rw] [64/419] Building C object CMakeFiles/app.dir/mnt/host/source/src/platform/ec/build/zephyr/frostflow/modules/ec/common/keyboard_8042_sharedlib.c.obj
[frostflow:rw] [65/419] Building C object CMakeFiles/app.dir/mnt/host/source/src/platform/ec/build/zephyr/frostflow/modules/ec/common/keyboard_8042.c.obj
[frostflow:ro] [51/417] Building C object CMakeFiles/app.dir/mnt/host/source/src/platform/ec/build/zephyr/frostflow/modules/ec/common/ap_reset_log.c.obj
[frostflow:rw] [66/419] Building C object CMakeFiles/app.dir/mnt/host/source/src/platform/ec/build/zephyr/frostflow/modules/ec/common/keyboard_scan.c.obj
[frostflow:ro] [52/417] Building C object CMakeFiles/app.dir/mnt/host/source/src/platform/ec/build/zephyr/frostflow/modules/ec/common/espi.c.obj
[frostflow:rw] [67/419] Building C object CMakeFiles/app.dir/mnt/host/source/src/platform/ec/build/zephyr/frostflow/modules/ec/common/mkbp_fifo.c.obj
[eirtae:rw] [27/258] Building C object zephyr/CMakeFiles/zephyr.dir/lib/utils/getopt/getopt.c.obj
[eirtae:rw] [28/258] Building C object zephyr/CMakeFiles/zephyr.dir/lib/utils/getopt/getopt_common.c.obj
[frostflow:ro] [53/417] Building C object CMakeFiles/app.dir/mnt/host/source/src/platform/ec/build/zephyr/frostflow/modules/ec/common/extpower_common.c.obj
[eirtae:rw] [29/258] Building C object zephyr/CMakeFiles/zephyr.dir/lib/utils/ring_buffer.c.obj
[eirtae:ro] [20/261] Building C object CMakeFiles/app.dir/mnt/host/source/src/platform/ec/build/zephyr/eirtae/modules/ec/common/queue.c.obj
[eirtae:rw] [30/258] Building C object zephyr/CMakeFiles/zephyr.dir/lib/utils/last_section_id.c.obj
[frostflow:rw] [68/419] Building C object CMakeFiles/app.dir/mnt/host/source/src/platform/ec/build/zephyr/frostflow/modules/ec/common/mkbp_info.c.obj
[frostflow:rw] [69/419] Building C object CMakeFiles/app.dir/mnt/host/source/src/platform/ec/build/zephyr/frostflow/modules/ec/common/mkbp_input_devices.c.obj
[frostflow:ro] [54/417] Building C object CMakeFiles/app.dir/mnt/host/source/src/platform/ec/build/zephyr/frostflow/modules/ec/common/extpower_gpio.c.obj
[eirtae:rw] [31/258] Building ASM object zephyr/CMakeFiles/zephyr.dir/soc/ite/ec/common/soc_irq.S.obj
[frostflow:rw] [70/419] Building C object CMakeFiles/app.dir/mnt/host/source/src/platform/ec/build/zephyr/frostflow/modules/ec/common/led_common.c.obj
[eirtae:rw] [32/258] Building C object zephyr/CMakeFiles/zephyr.dir/misc/generated/configs.c.obj
[frostflow:rw] [71/419] Building C object CMakeFiles/app.dir/mnt/host/source/src/platform/ec/build/zephyr/frostflow/modules/ec/common/keyboard_backlight.c.obj
[frostflow:rw] [72/419] Building C object CMakeFiles/app.dir/mnt/host/source/src/platform/ec/build/zephyr/frostflow/modules/ec/common/lid_angle.c.obj
[frostflow:rw] [73/419] Building C object CMakeFiles/app.dir/mnt/host/source/src/platform/ec/build/zephyr/frostflow/modules/ec/common/motion_lid.c.obj
[frostflow:ro] [55/417] Building C object CMakeFiles/app.dir/mnt/host/source/src/platform/ec/build/zephyr/frostflow/modules/ec/common/fan.c.obj
[frostflow:ro] [56/417] Building C object CMakeFiles/app.dir/mnt/host/source/src/platform/ec/build/zephyr/frostflow/modules/ec/common/flash.c.obj
[frostflow:ro] [57/417] Building C object CMakeFiles/app.dir/mnt/host/source/src/platform/ec/build/zephyr/frostflow/modules/ec/common/host_command.c.obj
[eirtae:rw] [33/258] Building C object zephyr/CMakeFiles/zephyr.dir/soc/ite/ec/common/soc_common_irq.c.obj
[eirtae:ro] [21/261] Building C object CMakeFiles/app.dir/mnt/host/source/src/platform/ec/build/zephyr/eirtae/modules/ec/common/system.c.obj
[eirtae:rw] [34/258] Building C object zephyr/CMakeFiles/zephyr.dir/soc/ite/ec/common/power.c.obj
[frostflow:rw] [74/419] Building C object CMakeFiles/app.dir/mnt/host/source/src/platform/ec/build/zephyr/frostflow/modules/ec/common/lid_angle_keyboard_policy.c.obj
[frostflow:ro] [58/417] Building C object CMakeFiles/app.dir/mnt/host/source/src/platform/ec/build/zephyr/frostflow/modules/ec/common/host_command_task.c.obj
[frostflow:rw] [75/419] Building C object CMakeFiles/app.dir/mnt/host/source/src/platform/ec/build/zephyr/frostflow/modules/ec/common/lid_switch.c.obj
[frostflow:rw] [76/419] Building C object CMakeFiles/app.dir/mnt/host/source/src/platform/ec/build/zephyr/frostflow/modules/ec/common/mkbp_event.c.obj
[eirtae:rw] [35/258] Building C object zephyr/CMakeFiles/zephyr.dir/soc/ite/ec/common/policy.c.obj
[eirtae:rw] [36/258] Building C object zephyr/CMakeFiles/zephyr.dir/soc/ite/ec/it8xxx2/soc.c.obj
[frostflow:rw] [77/419] Building C object CMakeFiles/app.dir/mnt/host/source/src/platform/ec/build/zephyr/frostflow/modules/ec/common/motion_sense.c.obj
[frostflow:ro] [59/417] Building C object CMakeFiles/app.dir/mnt/host/source/src/platform/ec/build/zephyr/frostflow/modules/ec/common/uart_hostcmd.c.obj
[frostflow:rw] [78/419] Building C object CMakeFiles/app.dir/mnt/host/source/src/platform/ec/build/zephyr/frostflow/modules/ec/common/port80.c.obj
[frostflow:rw] [79/419] Building C object CMakeFiles/app.dir/mnt/host/source/src/platform/ec/build/zephyr/frostflow/modules/ec/common/power_button.c.obj
[frostflow:ro] [60/417] Building C object CMakeFiles/app.dir/mnt/host/source/src/platform/ec/build/zephyr/frostflow/modules/ec/common/host_event_commands.c.obj
[eirtae:ro] [22/261] Building C object CMakeFiles/app.dir/mnt/host/source/src/platform/ec/build/zephyr/eirtae/modules/ec/common/system_boot_time.c.obj
[frostflow:ro] [61/417] Building C object CMakeFiles/app.dir/mnt/host/source/src/platform/ec/build/zephyr/frostflow/modules/ec/common/uptime.c.obj
[eirtae:rw] [37/258] Building ASM object zephyr/CMakeFiles/zephyr.dir/soc/ite/ec/it8xxx2/vector.S.obj
[eirtae:rw] [38/258] Building C object zephyr/CMakeFiles/zephyr.dir/soc/ite/ec/it8xxx2/check_regs.c.obj
[frostflow:rw] [80/419] Building C object CMakeFiles/app.dir/mnt/host/source/src/platform/ec/build/zephyr/frostflow/modules/ec/power/common.c.obj
[frostflow:rw] [81/419] Building C object CMakeFiles/app.dir/mnt/host/source/src/platform/ec/build/zephyr/frostflow/modules/ec/power/amd_x86.c.obj
[frostflow:rw] [82/419] Building C object CMakeFiles/app.dir/mnt/host/source/src/platform/ec/build/zephyr/frostflow/modules/ec/power/host_sleep.c.obj
[eirtae:ro] [23/261] Building C object CMakeFiles/app.dir/mnt/host/source/src/platform/ec/build/zephyr/eirtae/modules/ec/common/uart_printf.c.obj
[frostflow:ro] [62/417] Building C object CMakeFiles/app.dir/mnt/host/source/src/platform/ec/build/zephyr/frostflow/modules/ec/common/i2c_controller.c.obj
[frostflow:rw] [83/419] Building C object CMakeFiles/app.dir/mnt/host/source/src/platform/ec/build/zephyr/frostflow/modules/ec/common/panic_output.c.obj
[frostflow:rw] [84/419] Building C object CMakeFiles/app.dir/mnt/host/source/src/platform/ec/build/zephyr/frostflow/modules/ec/common/panic_log.c.obj
[eirtae:rw] [39/258] Building C object zephyr/CMakeFiles/zephyr.dir/soc/ite/ec/it8xxx2/ilm.c.obj
[eirtae:rw] [40/258] Building C object zephyr/CMakeFiles/zephyr.dir/subsys/logging/log_minimal.c.obj
[frostflow:rw] [85/419] Building C object CMakeFiles/app.dir/mnt/host/source/src/platform/ec/build/zephyr/frostflow/modules/ec/common/preserved_ring_buf.c.obj
[/mnt/host/source/src/platform/ec/build/zephyr/ponyta-lcov]   /mnt/host/source/src/platform/ec/build/zephyr/ponyta/build-rw/CMakeFiles/app.dir/mnt/host/source/src/platform/ec/build/zephyr/ponyta/modules/ec/common/usb_pd_pdo.c.gcno:no functions found
[/mnt/host/source/src/platform/ec/build/zephyr/ponyta-lcov] stderr:
[frostflow:ro] [63/417] Building C object CMakeFiles/app.dir/mnt/host/source/src/platform/ec/build/zephyr/frostflow/modules/ec/common/i2c_passthru.c.obj
[frostflow:ro] [64/417] Building C object CMakeFiles/app.dir/mnt/host/source/src/platform/ec/build/zephyr/frostflow/modules/ec/common/keyboard_scan.c.obj
[frostflow:ro] [65/417] Building C object CMakeFiles/app.dir/mnt/host/source/src/platform/ec/build/zephyr/frostflow/modules/ec/common/keyboard_8042.c.obj
[frostflow:rw] [86/419] Building C object CMakeFiles/app.dir/mnt/host/source/src/platform/ec/build/zephyr/frostflow/modules/ec/common/sha256.c.obj
[eirtae:rw] [41/258] Building C object zephyr/CMakeFiles/zephyr.dir/subsys/pm/state.c.obj
[eirtae:ro] [24/261] Building C object CMakeFiles/app.dir/mnt/host/source/src/platform/ec/build/zephyr/eirtae/modules/ec/common/util.c.obj
[frostflow:rw] [87/419] Building C object CMakeFiles/app.dir/mnt/host/source/src/platform/ec/build/zephyr/frostflow/modules/ec/common/switch.c.obj
[eirtae:rw] [42/258] Building C object zephyr/CMakeFiles/zephyr.dir/subsys/pm/pm.c.obj
[frostflow:rw] [88/419] Building C object CMakeFiles/app.dir/mnt/host/source/src/platform/ec/build/zephyr/frostflow/modules/ec/common/spi_flash_reg.c.obj
[frostflow:rw] [89/419] Building C object CMakeFiles/app.dir/mnt/host/source/src/platform/ec/build/zephyr/frostflow/modules/ec/common/shared_mem.c.obj
[frostflow:ro] [66/417] Building C object CMakeFiles/app.dir/mnt/host/source/src/platform/ec/build/zephyr/frostflow/modules/ec/common/keyboard_8042_sharedlib.c.obj
[/mnt/host/source/src/platform/ec/build/zephyr/luuke-lcov]   /mnt/host/source/src/platform/ec/build/zephyr/luuke/build-rw/modules/ec/zephyr/CMakeFiles/ec_shim.dir/shim/src/keyscan.c.gcno:no functions found
[/mnt/host/source/src/platform/ec/build/zephyr/luuke-lcov] stderr:
[frostflow:rw] [90/419] Building C object CMakeFiles/app.dir/mnt/host/source/src/platform/ec/build/zephyr/frostflow/modules/ec/common/tablet_mode.c.obj
[frostflow:ro] [67/417] Building C object CMakeFiles/app.dir/mnt/host/source/src/platform/ec/build/zephyr/frostflow/modules/ec/common/mkbp_fifo.c.obj
[frostflow:rw] [91/419] Building C object CMakeFiles/app.dir/mnt/host/source/src/platform/ec/build/zephyr/frostflow/modules/ec/common/thermal.c.obj
[eirtae:rw] [43/258] Building C object zephyr/CMakeFiles/zephyr.dir/subsys/pm/policy/policy_events.c.obj
[eirtae:ro] [25/261] Building C object CMakeFiles/app.dir/mnt/host/source/src/platform/ec/build/zephyr/eirtae/modules/ec/common/version.c.obj
[frostflow:ro] [68/417] Building C object CMakeFiles/app.dir/mnt/host/source/src/platform/ec/build/zephyr/frostflow/modules/ec/common/mkbp_input_devices.c.obj
[eirtae:rw] [44/258] Building C object zephyr/CMakeFiles/zephyr.dir/subsys/pm/policy/policy_latency.c.obj
[frostflow:ro] [69/417] Building C object CMakeFiles/app.dir/mnt/host/source/src/platform/ec/build/zephyr/frostflow/modules/ec/common/mkbp_info.c.obj
[frostflow:rw] [92/419] Building C object CMakeFiles/app.dir/mnt/host/source/src/platform/ec/build/zephyr/frostflow/modules/ec/common/temp_sensor.c.obj
[frostflow:rw] [93/419] Building C object CMakeFiles/app.dir/mnt/host/source/src/platform/ec/build/zephyr/frostflow/modules/ec/driver/temp_sensor/sb_tsi.c.obj
[frostflow:rw] [94/419] Building C object CMakeFiles/app.dir/mnt/host/source/src/platform/ec/build/zephyr/frostflow/modules/ec/driver/temp_sensor/thermistor.c.obj
[frostflow:rw] [95/419] Building C object CMakeFiles/app.dir/mnt/host/source/src/platform/ec/build/zephyr/frostflow/modules/ec/driver/temp_sensor/pct2075.c.obj
[eirtae:rw] [45/258] Building C object zephyr/CMakeFiles/zephyr.dir/subsys/pm/policy/policy_state_lock.c.obj
[frostflow:rw] [96/419] Building C object CMakeFiles/app.dir/mnt/host/source/src/platform/ec/build/zephyr/frostflow/modules/ec/common/throttle_ap.c.obj
[eirtae:ro] [26/261] Building C object CMakeFiles/app.dir/mnt/host/source/src/platform/ec/build/zephyr/eirtae/modules/ec/third_party/boringssl/common/curve25519.c.obj
[frostflow:ro] [70/417] Building C object CMakeFiles/app.dir/mnt/host/source/src/platform/ec/build/zephyr/frostflow/modules/ec/common/led_common.c.obj
[eirtae:rw] [46/258] Building C object zephyr/CMakeFiles/zephyr.dir/subsys/pm/device.c.obj
[frostflow:ro] [71/417] Building C object CMakeFiles/app.dir/mnt/host/source/src/platform/ec/build/zephyr/frostflow/modules/ec/common/keyboard_backlight.c.obj
[frostflow:rw] [97/419] Building C object CMakeFiles/app.dir/mnt/host/source/src/platform/ec/build/zephyr/frostflow/modules/ec/common/timer.c.obj
[frostflow:ro] [72/417] Building C object CMakeFiles/app.dir/mnt/host/source/src/platform/ec/build/zephyr/frostflow/modules/ec/common/motion_lid.c.obj
[frostflow:ro] [73/417] Building C object CMakeFiles/app.dir/mnt/host/source/src/platform/ec/build/zephyr/frostflow/modules/ec/common/lid_angle.c.obj
[eirtae:rw] [47/258] Building C object zephyr/CMakeFiles/zephyr.dir/subsys/pm/device_system_managed.c.obj
[frostflow:rw] [98/419] Building C object CMakeFiles/app.dir/mnt/host/source/src/platform/ec/build/zephyr/frostflow/modules/ec/common/usb_charger.c.obj
[frostflow:rw] [99/419] Building C object CMakeFiles/app.dir/mnt/host/source/src/platform/ec/build/zephyr/frostflow/modules/ec/common/typec_control.c.obj
[eirtae:rw] [48/258] Building C object zephyr/CMakeFiles/zephyr.dir/subsys/testsuite/coverage/coverage.c.obj
[frostflow:rw] [100/419] Building C object CMakeFiles/app.dir/mnt/host/source/src/platform/ec/build/zephyr/frostflow/modules/ec/common/usb_pd_pdo.c.obj
[frostflow:rw] [101/419] Building C object CMakeFiles/app.dir/mnt/host/source/src/platform/ec/build/zephyr/frostflow/modules/ec/common/usb_port_power_dumb.c.obj
[eirtae:ro] [27/261] Building C object CMakeFiles/app.dir/mnt/host/source/src/platform/ec/build/zephyr/eirtae/modules/ec/third_party/boringssl/common/curve25519-generic.c.obj
[frostflow:ro] [74/417] Building C object CMakeFiles/app.dir/mnt/host/source/src/platform/ec/build/zephyr/frostflow/modules/ec/common/lid_angle_keyboard_policy.c.obj
[eirtae:rw] [49/258] Building C object zephyr/CMakeFiles/zephyr.dir/subsys/tracing/tracing_none.c.obj
[frostflow:rw] [102/419] Building C object CMakeFiles/app.dir/mnt/host/source/src/platform/ec/build/zephyr/frostflow/modules/ec/common/usbc/usbc_task.c.obj
[frostflow:rw] [103/419] Building C object CMakeFiles/app.dir/mnt/host/source/src/platform/ec/build/zephyr/frostflow/modules/ec/common/usb_common.c.obj
[frostflow:ro] [75/417] Building C object CMakeFiles/app.dir/mnt/host/source/src/platform/ec/build/zephyr/frostflow/modules/ec/common/lid_switch.c.obj
[eirtae:rw] [50/258] Building C object zephyr/CMakeFiles/zephyr.dir/subsys/shell/modules/kernel_service/kernel_shell.c.obj
[frostflow:ro] [76/417] Building C object CMakeFiles/app.dir/mnt/host/source/src/platform/ec/build/zephyr/frostflow/modules/ec/common/mkbp_event.c.obj
[frostflow:rw] [104/419] Building C object CMakeFiles/app.dir/mnt/host/source/src/platform/ec/build/zephyr/frostflow/modules/ec/common/usbc/usb_pd_timer.c.obj
[eirtae:rw] [51/258] Building C object zephyr/CMakeFiles/zephyr.dir/subsys/shell/modules/kernel_service/cycles.c.obj
[eirtae:ro] [28/261] Building C object CMakeFiles/app.dir/mnt/host/source/src/platform/ec/build/zephyr/eirtae/modules/ec/common/memory_commands.c.obj
[frostflow:ro] [77/417] Building C object CMakeFiles/app.dir/mnt/host/source/src/platform/ec/build/zephyr/frostflow/modules/ec/common/motion_sense.c.obj
[frostflow:rw] [105/419] Building C object CMakeFiles/app.dir/mnt/host/source/src/platform/ec/build/zephyr/frostflow/modules/ec/common/usbc_utils.c.obj
[frostflow:rw] [106/419] Building C object CMakeFiles/app.dir/mnt/host/source/src/platform/ec/build/zephyr/frostflow/modules/ec/common/usbc/usb_sm.c.obj
[frostflow:rw] [107/419] Building C object CMakeFiles/app.dir/mnt/host/source/src/platform/ec/build/zephyr/frostflow/modules/ec/common/usbc_intr_task.c.obj
[frostflow:ro] [78/417] Building C object CMakeFiles/app.dir/mnt/host/source/src/platform/ec/build/zephyr/frostflow/modules/ec/common/port80.c.obj
[eirtae:rw] [52/258] Building C object zephyr/CMakeFiles/zephyr.dir/subsys/shell/modules/kernel_service/sleep.c.obj
[frostflow:rw] [108/419] Building C object CMakeFiles/app.dir/mnt/host/source/src/platform/ec/build/zephyr/frostflow/modules/ec/common/usb_pd_flags.c.obj
[frostflow:rw] [109/419] Building C object CMakeFiles/app.dir/mnt/host/source/src/platform/ec/build/zephyr/frostflow/modules/ec/common/chargen.c.obj
[eirtae:rw] [53/258] Building C object zephyr/CMakeFiles/zephyr.dir/subsys/shell/modules/kernel_service/uptime.c.obj
[frostflow:ro] [79/417] Building C object CMakeFiles/app.dir/mnt/host/source/src/platform/ec/build/zephyr/frostflow/modules/ec/common/power_button.c.obj
[frostflow:ro] [80/417] Building C object CMakeFiles/app.dir/mnt/host/source/src/platform/ec/build/zephyr/frostflow/modules/ec/power/common.c.obj
[eirtae:ro] [29/261] Building C object CMakeFiles/app.dir/mnt/host/source/src/platform/ec/build/zephyr/eirtae/modules/ec/common/flash.c.obj
[frostflow:rw] [110/419] Building C object CMakeFiles/app.dir/mnt/host/source/src/platform/ec/build/zephyr/frostflow/modules/ec/common/usbc/usb_pd_console.c.obj
[eirtae:rw] [54/258] Building C object zephyr/CMakeFiles/zephyr.dir/subsys/shell/modules/kernel_service/version.c.obj
[eirtae:rw] [55/258] Building C object zephyr/CMakeFiles/zephyr.dir/subsys/shell/modules/kernel_service/thread/thread.c.obj
[frostflow:ro] [81/417] Building C object CMakeFiles/app.dir/mnt/host/source/src/platform/ec/build/zephyr/frostflow/modules/ec/power/amd_x86.c.obj
[frostflow:rw] [111/419] Building C object CMakeFiles/app.dir/mnt/host/source/src/platform/ec/build/zephyr/frostflow/modules/ec/driver/retimer/ps8818.c.obj
[frostflow:rw] [112/419] Building C object CMakeFiles/app.dir/mnt/host/source/src/platform/ec/build/zephyr/frostflow/modules/ec/driver/retimer/ps8811.c.obj
[frostflow:rw] [113/419] Building C object CMakeFiles/app.dir/mnt/host/source/src/platform/ec/build/zephyr/frostflow/modules/ec/driver/usb_mux/anx7451.c.obj
[frostflow:ro] [82/417] Building C object CMakeFiles/app.dir/mnt/host/source/src/platform/ec/build/zephyr/frostflow/modules/ec/power/host_sleep.c.obj
[frostflow:rw] [114/419] Building C object CMakeFiles/app.dir/mnt/host/source/src/platform/ec/build/zephyr/frostflow/modules/ec/driver/usb_mux/usb_mux.c.obj
[frostflow:ro] [83/417] Building C object CMakeFiles/app.dir/mnt/host/source/src/platform/ec/build/zephyr/frostflow/modules/ec/common/panic_output.c.obj
[frostflow:rw] [115/419] Building C object CMakeFiles/app.dir/mnt/host/source/src/platform/ec/build/zephyr/frostflow/modules/ec/driver/usb_mux/amd_fp6.c.obj
[eirtae:rw] [56/258] Building C object zephyr/CMakeFiles/zephyr.dir/subsys/shell/modules/kernel_service/thread/list.c.obj
[frostflow:ro] [84/417] Building C object CMakeFiles/app.dir/mnt/host/source/src/platform/ec/build/zephyr/frostflow/modules/ec/common/sha256.c.obj
[eirtae:rw] [57/258] Building C object zephyr/CMakeFiles/zephyr.dir/subsys/shell/modules/kernel_service/thread/stacks.c.obj
[eirtae:ro] [30/261] Building C object CMakeFiles/app.dir/mnt/host/source/src/platform/ec/build/zephyr/eirtae/modules/ec/common/i2c_controller.c.obj
[frostflow:rw] [116/419] Building C object CMakeFiles/app.dir/mnt/host/source/src/platform/ec/build/zephyr/frostflow/modules/ec/common/event_log.c.obj
[/mnt/host/source/src/platform/ec/build/zephyr/ponyta-lcov]   /mnt/host/source/src/platform/ec/build/zephyr/ponyta/build-rw/CMakeFiles/app.dir/mnt/host/source/src/platform/ec/build/zephyr/ponyta/modules/ec/common/cbi_config.c.gcno:no functions found
[/mnt/host/source/src/platform/ec/build/zephyr/ponyta-lcov] stderr:
[frostflow:ro] [85/417] Building C object CMakeFiles/app.dir/mnt/host/source/src/platform/ec/build/zephyr/frostflow/modules/ec/common/shared_mem.c.obj
[frostflow:rw] [117/419] Building C object CMakeFiles/app.dir/mnt/host/source/src/platform/ec/build/zephyr/frostflow/modules/ec/common/pd_log.c.obj
[eirtae:rw] [58/258] Building C object zephyr/CMakeFiles/zephyr.dir/subsys/shell/modules/kernel_service/thread/unwind.c.obj
[eirtae:rw] [59/258] Building C object zephyr/CMakeFiles/zephyr.dir/subsys/shell/modules/kernel_service/thread/suspend.c.obj
[frostflow:ro] [86/417] Building C object CMakeFiles/app.dir/mnt/host/source/src/platform/ec/build/zephyr/frostflow/modules/ec/common/switch.c.obj
[frostflow:rw] [118/419] Building C object CMakeFiles/app.dir/mnt/host/source/src/platform/ec/build/zephyr/frostflow/modules/ec/common/usbc/usb_prl_sm.c.obj
[frostflow:ro] [87/417] Building C object CMakeFiles/app.dir/mnt/host/source/src/platform/ec/build/zephyr/frostflow/modules/ec/common/spi_flash_reg.c.obj
[eirtae:ro] [31/261] Building C object CMakeFiles/app.dir/mnt/host/source/src/platform/ec/build/zephyr/eirtae/modules/ec/common/i2c_passthru.c.obj
[frostflow:rw] [119/419] Building C object CMakeFiles/app.dir/mnt/host/source/src/platform/ec/build/zephyr/frostflow/modules/ec/common/usbc/usb_tc_drp_acc_trysrc_sm.c.obj
[/mnt/host/source/src/platform/ec/build/zephyr/anraggar-lcov]   /mnt/host/source/src/platform/ec/build/zephyr/anraggar/build-rw/CMakeFiles/app.dir/mnt/host/source/src/platform/ec/build/zephyr/anraggar/modules/ec/common/usb_pd_pdo.c.gcno:no functions found
[/mnt/host/source/src/platform/ec/build/zephyr/anraggar-lcov] stderr:
[/mnt/host/source/src/platform/ec/build/zephyr/luuke-lcov]   /mnt/host/source/src/platform/ec/build/zephyr/luuke/build-rw/CMakeFiles/app.dir/mnt/host/source/src/platform/ec/build/zephyr/luuke/modules/ec/common/cbi_config.c.gcno:no functions found
[/mnt/host/source/src/platform/ec/build/zephyr/luuke-lcov] stderr:
[frostflow:rw] [120/419] Building C object CMakeFiles/app.dir/mnt/host/source/src/platform/ec/build/zephyr/frostflow/modules/ec/common/usbc/usb_pd_dpm.c.obj
[frostflow:ro] [88/417] Building C object CMakeFiles/app.dir/mnt/host/source/src/platform/ec/build/zephyr/frostflow/modules/ec/common/tablet_mode.c.obj
[eirtae:rw] [60/258] Building C object zephyr/CMakeFiles/zephyr.dir/subsys/shell/modules/kernel_service/thread/resume.c.obj
[eirtae:rw] [61/258] Building C object zephyr/CMakeFiles/zephyr.dir/subsys/shell/modules/kernel_service/thread/kill.c.obj
[frostflow:rw] [121/419] Building C object CMakeFiles/app.dir/mnt/host/source/src/platform/ec/build/zephyr/frostflow/modules/ec/common/usbc/usbc_pd_policy.c.obj
[frostflow:rw] [122/419] Building C object CMakeFiles/app.dir/mnt/host/source/src/platform/ec/build/zephyr/frostflow/modules/ec/common/usbc/usb_pe_drp_sm.c.obj
[frostflow:ro] [89/417] Building C object CMakeFiles/app.dir/mnt/host/source/src/platform/ec/build/zephyr/frostflow/modules/ec/common/thermal.c.obj
[/mnt/host/source/src/platform/ec/build/zephyr/luuke-lcov]   /mnt/host/source/src/platform/ec/build/zephyr/luuke/build-rw/zephyr/arch/arch/riscv/core/CMakeFiles/arch__riscv__core.dir/cpu_idle.c.gcno:no functions found
[/mnt/host/source/src/platform/ec/build/zephyr/luuke-lcov] stderr:
[frostflow:ro] [90/417] Building C object CMakeFiles/app.dir/mnt/host/source/src/platform/ec/build/zephyr/frostflow/modules/ec/common/temp_sensor.c.obj
[frostflow:rw] [123/419] Building C object CMakeFiles/app.dir/mnt/host/source/src/platform/ec/build/zephyr/frostflow/modules/ec/common/usb_pd_console_cmd.c.obj
[/mnt/host/source/src/platform/ec/build/zephyr/ponyta-lcov]   /mnt/host/source/src/platform/ec/build/zephyr/ponyta/build-rw/zephyr/arch/arch/arm/core/mpu/CMakeFiles/arch__arm__core__mpu.dir/arm_mpu_regions.c.gcno:no functions found
[/mnt/host/source/src/platform/ec/build/zephyr/ponyta-lcov] stderr:
[frostflow:rw] [124/419] Building C object CMakeFiles/app.dir/mnt/host/source/src/platform/ec/build/zephyr/frostflow/modules/ec/common/usbc/dp_alt_mode.c.obj
[eirtae:ro] [32/261] Building C object CMakeFiles/app.dir/mnt/host/source/src/platform/ec/build/zephyr/eirtae/modules/ec/common/keyboard_scan.c.obj
[frostflow:ro] [91/417] Building C object CMakeFiles/app.dir/mnt/host/source/src/platform/ec/build/zephyr/frostflow/modules/ec/driver/temp_sensor/thermistor.c.obj
[frostflow:rw] [125/419] Building C object CMakeFiles/app.dir/mnt/host/source/src/platform/ec/build/zephyr/frostflow/modules/ec/common/usb_pd_host_cmd.c.obj
[frostflow:rw] [126/419] Building C object CMakeFiles/app.dir/mnt/host/source/src/platform/ec/build/zephyr/frostflow/modules/ec/common/usbc/usb_pd_host.c.obj
[eirtae:rw] [62/258] Building C object zephyr/CMakeFiles/zephyr.dir/subsys/shell/backends/shell_uart.c.obj
[frostflow:ro] [92/417] Building C object CMakeFiles/app.dir/mnt/host/source/src/platform/ec/build/zephyr/frostflow/modules/ec/driver/temp_sensor/pct2075.c.obj
[eirtae:rw] [63/258] Building C object zephyr/CMakeFiles/zephyr.dir/subsys/shell/shell.c.obj
[frostflow:rw] [127/419] Building C object CMakeFiles/app.dir/mnt/host/source/src/platform/ec/build/zephyr/frostflow/modules/ec/common/usb_pd_host_cmd_common.c.obj
[frostflow:rw] [128/419] Building C object CMakeFiles/app.dir/mnt/host/source/src/platform/ec/build/zephyr/frostflow/modules/ec/zephyr/shim/src/tcpc.c.obj
[frostflow:ro] [93/417] Building C object CMakeFiles/app.dir/mnt/host/source/src/platform/ec/build/zephyr/frostflow/modules/ec/driver/temp_sensor/sb_tsi.c.obj
[eirtae:rw] [64/258] Building C object zephyr/CMakeFiles/zephyr.dir/subsys/shell/shell_fprintf.c.obj
[eirtae:ro] [33/261] Building C object CMakeFiles/app.dir/mnt/host/source/src/platform/ec/build/zephyr/eirtae/modules/ec/common/panic_output.c.obj
[frostflow:ro] [94/417] Building C object CMakeFiles/app.dir/mnt/host/source/src/platform/ec/build/zephyr/frostflow/modules/ec/common/throttle_ap.c.obj
[frostflow:rw] [129/419] Building C object CMakeFiles/app.dir/mnt/host/source/src/platform/ec/build/zephyr/frostflow/modules/ec/common/usbc/svdm_rsp_dfp_only.c.obj
[frostflow:rw] [130/419] Building C object CMakeFiles/app.dir/mnt/host/source/src/platform/ec/build/zephyr/frostflow/modules/ec/common/usbc_ocp.c.obj
[/mnt/host/source/src/platform/ec/build/zephyr/luuke-lcov]   /mnt/host/source/src/platform/ec/build/zephyr/luuke/build-rw/zephyr/arch/common/CMakeFiles/isr_tables.dir/isr_tables.c.gcno:no functions found
[/mnt/host/source/src/platform/ec/build/zephyr/luuke-lcov] stderr:
[/mnt/host/source/src/platform/ec/build/zephyr/ponyta-lcov]   /mnt/host/source/src/platform/ec/build/zephyr/ponyta/build-rw/zephyr/arch/common/CMakeFiles/isr_tables.dir/isr_tables.c.gcno:no functions found
[/mnt/host/source/src/platform/ec/build/zephyr/ponyta-lcov] stderr:
[eirtae:rw] [65/258] Building C object zephyr/CMakeFiles/zephyr.dir/subsys/shell/shell_utils.c.obj
[frostflow:rw] [131/419] Building C object CMakeFiles/app.dir/mnt/host/source/src/platform/ec/build/zephyr/frostflow/modules/ec/common/usb_pd_dual_role.c.obj
[frostflow:ro] [95/417] Building C object CMakeFiles/app.dir/mnt/host/source/src/platform/ec/build/zephyr/frostflow/modules/ec/common/timer.c.obj
[frostflow:rw] [132/419] Building C object CMakeFiles/app.dir/mnt/host/source/src/platform/ec/build/zephyr/frostflow/modules/ec/common/usb_pd_discovery.c.obj
[frostflow:ro] [96/417] Building C object CMakeFiles/app.dir/mnt/host/source/src/platform/ec/build/zephyr/frostflow/modules/ec/common/usb_charger.c.obj
[eirtae:ro] [34/261] Building C object CMakeFiles/app.dir/mnt/host/source/src/platform/ec/build/zephyr/eirtae/modules/ec/common/rsa.c.obj
[eirtae:rw] [66/258] Building C object zephyr/CMakeFiles/zephyr.dir/subsys/shell/shell_ops.c.obj
[frostflow:rw] [133/419] Building C object CMakeFiles/app.dir/mnt/host/source/src/platform/ec/build/zephyr/frostflow/modules/ec/common/usbc/dp_hpd_gpio.c.obj
[frostflow:ro] [97/417] Building C object CMakeFiles/app.dir/mnt/host/source/src/platform/ec/build/zephyr/frostflow/modules/ec/common/usb_port_power_dumb.c.obj
[eirtae:rw] [67/258] Building C object zephyr/CMakeFiles/zephyr.dir/subsys/shell/shell_help.c.obj
[frostflow:ro] [98/417] Building C object CMakeFiles/app.dir/mnt/host/source/src/platform/ec/build/zephyr/frostflow/modules/ec/common/typec_control.c.obj
[frostflow:rw] [134/419] Building C object CMakeFiles/app.dir/mnt/host/source/src/platform/ec/build/zephyr/frostflow/modules/ec/driver/tcpm/nct38xx.c.obj
[frostflow:rw] [135/419] Building C object CMakeFiles/app.dir/mnt/host/source/src/platform/ec/build/zephyr/frostflow/modules/ec/common/usbc_ppc.c.obj
[frostflow:rw] [136/419] Building C object CMakeFiles/app.dir/mnt/host/source/src/platform/ec/build/zephyr/frostflow/modules/ec/driver/tcpm/tcpci.c.obj
[eirtae:rw] [68/258] Building C object zephyr/CMakeFiles/zephyr.dir/subsys/shell/shell_history.c.obj
[frostflow:rw] [137/419] Building C object CMakeFiles/app.dir/mnt/host/source/src/platform/ec/build/zephyr/frostflow/modules/ec/driver/ppc/aoz1380.c.obj
[frostflow:ro] [99/417] Building C object CMakeFiles/app.dir/mnt/host/source/src/platform/ec/build/zephyr/frostflow/modules/ec/common/usb_pd_pdo.c.obj
[eirtae:ro] [35/261] Building C object CMakeFiles/app.dir/mnt/host/source/src/platform/ec/build/zephyr/eirtae/modules/ec/common/vboot/vb21_lib.c.obj
[frostflow:rw] [138/419] Building C object CMakeFiles/app.dir/mnt/host/source/src/platform/ec/build/zephyr/frostflow/modules/ec/driver/ppc/nx20p348x.c.obj
[frostflow:ro] [100/417] Building C object CMakeFiles/app.dir/mnt/host/source/src/platform/ec/build/zephyr/frostflow/modules/ec/common/usb_common.c.obj
[eirtae:rw] [69/258] Building C object zephyr/CMakeFiles/zephyr.dir/drivers/flash/flash_util.c.obj
[eirtae:rw] [70/258] Linking C static library zephyr/libzephyr.a
[frostflow:rw] [139/419] Building C object CMakeFiles/app.dir/mnt/host/source/src/platform/ec/build/zephyr/frostflow/modules/ec/common/vboot_hash.c.obj
[eirtae:rw] [71/258] Building C object zephyr/arch/common/CMakeFiles/arch__common.dir/sw_isr_common.c.obj
[frostflow:ro] [101/417] Building C object CMakeFiles/app.dir/mnt/host/source/src/platform/ec/build/zephyr/frostflow/modules/ec/common/usbc/usb_pd_timer.c.obj
[frostflow:ro] [102/417] Building C object CMakeFiles/app.dir/mnt/host/source/src/platform/ec/build/zephyr/frostflow/modules/ec/common/usbc/usbc_task.c.obj
[frostflow:rw] [140/419] Building C object CMakeFiles/app.dir/mnt/host/source/src/platform/ec/build/zephyr/frostflow/modules/ec/common/button.c.obj
[frostflow:rw] [141/419] Building C object CMakeFiles/app.dir/mnt/host/source/src/platform/ec/build/zephyr/frostflow/modules/ec/common/math_util.c.obj
[frostflow:rw] [142/419] Building C object CMakeFiles/app.dir/mnt/host/source/src/platform/ec/build/zephyr/frostflow/modules/ec/common/vboot/efs2.c.obj
[eirtae:ro] [36/261] Building C object CMakeFiles/app.dir/mnt/host/source/src/platform/ec/build/zephyr/eirtae/modules/ec/common/rwsig.c.obj
[frostflow:rw] [143/419] Building C object CMakeFiles/app.dir/mnt/host/source/src/platform/ec/build/zephyr/frostflow/modules/ec/common/vstore.c.obj
[eirtae:rw] [72/258] Building C object zephyr/arch/common/CMakeFiles/arch__common.dir/dynamic_isr.c.obj
[frostflow:rw] [144/419] Building C object CMakeFiles/app.dir/src/common.c.obj
[eirtae:rw] [73/258] Building C object zephyr/arch/common/CMakeFiles/arch__common.dir/init.c.obj
[frostflow:ro] [103/417] Building C object CMakeFiles/app.dir/mnt/host/source/src/platform/ec/build/zephyr/frostflow/modules/ec/common/usbc/usb_sm.c.obj
[frostflow:ro] [104/417] Building C object CMakeFiles/app.dir/mnt/host/source/src/platform/ec/build/zephyr/frostflow/modules/ec/common/usbc_intr_task.c.obj
[frostflow:rw] [145/419] Building C object CMakeFiles/app.dir/src/i2c_policy.c.obj
[eirtae:rw] [74/258] Building C object zephyr/arch/common/CMakeFiles/isr_tables.dir/isr_tables.c.obj
[frostflow:ro] [105/417] Building C object CMakeFiles/app.dir/mnt/host/source/src/platform/ec/build/zephyr/frostflow/modules/ec/common/usb_pd_flags.c.obj
[eirtae:rw] [75/258] Linking C static library zephyr/arch/common/libisr_tables.a
[eirtae:rw] [76/258] Building C object zephyr/arch/common/CMakeFiles/arch__common.dir/xip.c.obj
[frostflow:ro] [106/417] Building C object CMakeFiles/app.dir/mnt/host/source/src/platform/ec/build/zephyr/frostflow/modules/ec/common/usbc_utils.c.obj
[eirtae:ro] [37/261] Building C object CMakeFiles/app.dir/mnt/host/source/src/platform/ec/build/zephyr/eirtae/modules/ec/common/vboot/common.c.obj
[eirtae:rw] [77/258] Linking C static library zephyr/arch/common/libarch__common.a
[frostflow:rw] [146/419] Building C object CMakeFiles/app.dir/src/usb_pd_policy.c.obj
[frostflow:rw] [147/419] Building C object CMakeFiles/app.dir/src/stt.c.obj
[frostflow:rw] [148/419] Building C object CMakeFiles/app.dir/src/power_signals.c.obj
[frostflow:rw] [149/419] Building C object CMakeFiles/app.dir/src/usb_mux_config.c.obj
[frostflow:ro] [107/417] Building C object CMakeFiles/app.dir/mnt/host/source/src/platform/ec/build/zephyr/frostflow/modules/ec/common/chargen.c.obj
[frostflow:rw] [150/419] Building C object CMakeFiles/app.dir/src/usbc_config.c.obj
[eirtae:rw] [78/258] Building C object zephyr/arch/arch/riscv/core/CMakeFiles/arch__riscv__core.dir/cpu_idle.c.obj
[frostflow:ro] [108/417] Building C object CMakeFiles/app.dir/mnt/host/source/src/platform/ec/build/zephyr/frostflow/modules/ec/common/usbc/usb_pd_console.c.obj
[eirtae:rw] [79/258] Building C object zephyr/arch/arch/riscv/core/CMakeFiles/arch__riscv__core.dir/fatal.c.obj
[eirtae:ro] [38/261] Building C object CMakeFiles/app.dir/mnt/host/source/src/platform/ec/build/zephyr/eirtae/modules/ec/common/rollback.c.obj
[frostflow:ro] [109/417] Building C object CMakeFiles/app.dir/mnt/host/source/src/platform/ec/build/zephyr/frostflow/modules/ec/driver/retimer/ps8818.c.obj
[frostflow:rw] [151/419] Building C object CMakeFiles/app.dir/frostflow/src/usb_mux_config.c.obj
[frostflow:ro] [110/417] Building C object CMakeFiles/app.dir/mnt/host/source/src/platform/ec/build/zephyr/frostflow/modules/ec/driver/retimer/ps8811.c.obj
[frostflow:rw] [152/419] Building C object CMakeFiles/app.dir/frostflow/src/ppc_config.c.obj
[frostflow:rw] [153/419] Building C object CMakeFiles/app.dir/frostflow/src/thermal.c.obj
[frostflow:rw] [154/419] Building C object zephyr/CMakeFiles/zephyr.dir/lib/libc/validate_libc.c.obj
[eirtae:rw] [80/258] Building C object zephyr/arch/arch/riscv/core/CMakeFiles/arch__riscv__core.dir/irq_manage.c.obj
[eirtae:rw] [81/258] Building C object zephyr/arch/arch/riscv/core/CMakeFiles/arch__riscv__core.dir/prep_c.c.obj
[frostflow:rw] [155/419] Building C object CMakeFiles/app.dir/frostflow/src/keyboard_customization.c.obj
[frostflow:rw] [156/419] Building C object CMakeFiles/app.dir/frostflow/src/charger.c.obj
[frostflow:ro] [111/417] Building C object CMakeFiles/app.dir/mnt/host/source/src/platform/ec/build/zephyr/frostflow/modules/ec/driver/usb_mux/anx7451.c.obj
[eirtae:ro] [39/261] Building C object CMakeFiles/app.dir/mnt/host/source/src/platform/ec/build/zephyr/eirtae/modules/ec/common/sha256.c.obj
[/mnt/host/source/src/platform/ec/build/zephyr/luuke-lcov]   /mnt/host/source/src/platform/ec/build/zephyr/luuke/build-rw/zephyr/CMakeFiles/zephyr.dir/subsys/shell/modules/kernel_service/kernel_shell.c.gcno:no functions found
[/mnt/host/source/src/platform/ec/build/zephyr/luuke-lcov] stderr:
[frostflow:rw] [157/419] Linking C static library app/libapp.a
[/mnt/host/source/src/platform/ec/build/zephyr/ponyta-lcov]   /mnt/host/source/src/platform/ec/build/zephyr/ponyta/build-rw/zephyr/CMakeFiles/zephyr.dir/subsys/shell/modules/kernel_service/kernel_shell.c.gcno:no functions found
[/mnt/host/source/src/platform/ec/build/zephyr/ponyta-lcov] stderr:
[frostflow:ro] [112/417] Building C object CMakeFiles/app.dir/mnt/host/source/src/platform/ec/build/zephyr/frostflow/modules/ec/driver/usb_mux/usb_mux.c.obj
[eirtae:rw] [82/258] Building ASM object zephyr/arch/arch/riscv/core/CMakeFiles/arch__riscv__core.dir/reset.S.obj
[/mnt/host/source/src/platform/ec/build/zephyr/luuke-lcov]   /mnt/host/source/src/platform/ec/build/zephyr/luuke/build-rw/zephyr/CMakeFiles/zephyr.dir/lib/libc/validate_libc.c.gcno:no functions found
[/mnt/host/source/src/platform/ec/build/zephyr/luuke-lcov] stderr:
[eirtae:rw] [83/258] Building C object zephyr/arch/arch/riscv/core/CMakeFiles/arch__riscv__core.dir/reboot.c.obj
[frostflow:rw] [158/419] Building C object zephyr/CMakeFiles/zephyr.dir/lib/heap/heap.c.obj
[/mnt/host/source/src/platform/ec/build/zephyr/ponyta-lcov]   /mnt/host/source/src/platform/ec/build/zephyr/ponyta/build-rw/zephyr/CMakeFiles/zephyr.dir/lib/libc/validate_libc.c.gcno:no functions found
[/mnt/host/source/src/platform/ec/build/zephyr/ponyta-lcov] stderr:
[frostflow:rw] [159/419] Building C object zephyr/CMakeFiles/zephyr.dir/lib/os/clock.c.obj
[frostflow:ro] [113/417] Building C object CMakeFiles/app.dir/mnt/host/source/src/platform/ec/build/zephyr/frostflow/modules/ec/driver/usb_mux/amd_fp6.c.obj
[frostflow:rw] [160/419] Building C object zephyr/CMakeFiles/zephyr.dir/lib/os/sem.c.obj
[/mnt/host/source/src/platform/ec/build/zephyr/anraggar-lcov]   /mnt/host/source/src/platform/ec/build/zephyr/anraggar/build-rw/CMakeFiles/app.dir/mnt/host/source/src/platform/ec/build/zephyr/anraggar/modules/ec/common/cbi_config.c.gcno:no functions found
[/mnt/host/source/src/platform/ec/build/zephyr/anraggar-lcov] stderr:
[frostflow:rw] [161/419] Building C object zephyr/CMakeFiles/zephyr.dir/lib/os/cbprintf_packaged.c.obj
[frostflow:rw] [162/419] Building C object zephyr/CMakeFiles/zephyr.dir/lib/os/printk.c.obj
[frostflow:ro] [114/417] Building C object CMakeFiles/app.dir/mnt/host/source/src/platform/ec/build/zephyr/frostflow/modules/ec/common/event_log.c.obj
[eirtae:ro] [40/261] Building C object CMakeFiles/app.dir/mnt/host/source/src/platform/ec/build/zephyr/eirtae/modules/ec/common/shared_mem.c.obj
[frostflow:rw] [163/419] Building C object zephyr/CMakeFiles/zephyr.dir/lib/os/thread_entry.c.obj
[frostflow:rw] [164/419] Building C object zephyr/CMakeFiles/zephyr.dir/lib/utils/dec.c.obj
[frostflow:rw] [165/419] Building C object zephyr/CMakeFiles/zephyr.dir/lib/utils/hex.c.obj
[eirtae:rw] [84/258] Building C object zephyr/arch/arch/riscv/core/CMakeFiles/arch__riscv__core.dir/thread.c.obj
[eirtae:rw] [85/258] Building ASM object zephyr/arch/arch/riscv/core/CMakeFiles/arch__riscv__core.dir/switch.S.obj
[frostflow:ro] [115/417] Building C object CMakeFiles/app.dir/mnt/host/source/src/platform/ec/build/zephyr/frostflow/modules/ec/common/pd_log.c.obj
[frostflow:rw] [166/419] Building C object zephyr/CMakeFiles/zephyr.dir/lib/utils/timeutil.c.obj
[frostflow:rw] [167/419] Building C object zephyr/CMakeFiles/zephyr.dir/lib/os/cbprintf_nano.c.obj
[frostflow:rw] [168/419] Building C object zephyr/CMakeFiles/zephyr.dir/lib/os/cbprintf.c.obj
[frostflow:rw] [169/419] Building C object zephyr/CMakeFiles/zephyr.dir/lib/os/assert.c.obj
[/mnt/host/source/src/platform/ec/build/zephyr/anraggar-lcov]   /mnt/host/source/src/platform/ec/build/zephyr/anraggar/build-rw/zephyr/arch/arch/riscv/core/CMakeFiles/arch__riscv__core.dir/cpu_idle.c.gcno:no functions found
[eirtae:ro] [41/261] Building C object CMakeFiles/app.dir/mnt/host/source/src/platform/ec/build/zephyr/eirtae/modules/ec/common/timer.c.obj
[/mnt/host/source/src/platform/ec/build/zephyr/anraggar-lcov] stderr:
[frostflow:rw] [170/419] Building C object zephyr/CMakeFiles/zephyr.dir/lib/utils/bitmask.c.obj
[/mnt/host/source/src/platform/ec/build/zephyr/luuke-lcov]   /mnt/host/source/src/platform/ec/build/zephyr/luuke/build-rw/zephyr/CMakeFiles/zephyr.dir/lib/utils/last_section_id.c.gcno:no functions found
[/mnt/host/source/src/platform/ec/build/zephyr/luuke-lcov] stderr:
[frostflow:rw] [171/419] Building C object zephyr/CMakeFiles/zephyr.dir/lib/utils/last_section_id.c.obj
[eirtae:rw] [86/258] Building ASM object zephyr/arch/arch/riscv/core/CMakeFiles/arch__riscv__core.dir/isr.S.obj
[frostflow:rw] [172/419] Building C object zephyr/CMakeFiles/zephyr.dir/lib/utils/rb.c.obj
[frostflow:ro] [116/417] Building C object CMakeFiles/app.dir/mnt/host/source/src/platform/ec/build/zephyr/frostflow/modules/ec/common/usbc/usb_tc_drp_acc_trysrc_sm.c.obj
[eirtae:rw] [87/258] Generating ../../../include/generated/libc/minimal/strerror_table.h
[frostflow:rw] [173/419] Building C object zephyr/CMakeFiles/zephyr.dir/lib/utils/ring_buffer.c.obj
[frostflow:rw] [174/419] Building C object zephyr/CMakeFiles/zephyr.dir/lib/utils/bitarray.c.obj
[eirtae:rw] [88/258] Building C object zephyr/arch/arch/riscv/core/CMakeFiles/arch__riscv__core.dir/stacktrace.c.obj
[frostflow:rw] [175/419] Building C object zephyr/CMakeFiles/zephyr.dir/misc/generated/configs.c.obj
[eirtae:rw] [89/258] Building C object zephyr/lib/libc/minimal/CMakeFiles/lib__libc__minimal.dir/source/stdlib/atoi.c.obj
[eirtae:rw] [90/258] Linking C static library zephyr/arch/arch/riscv/core/libarch__riscv__core.a
[frostflow:ro] [117/417] Building C object CMakeFiles/app.dir/mnt/host/source/src/platform/ec/build/zephyr/frostflow/modules/ec/common/usbc/usb_prl_sm.c.obj
[eirtae:rw] [91/258] Building C object zephyr/lib/libc/minimal/CMakeFiles/lib__libc__minimal.dir/source/stdlib/strtoul.c.obj
[/mnt/host/source/src/platform/ec/build/zephyr/ponyta-lcov]   /mnt/host/source/src/platform/ec/build/zephyr/ponyta/build-rw/zephyr/CMakeFiles/zephyr.dir/lib/utils/last_section_id.c.gcno:no functions found
[/mnt/host/source/src/platform/ec/build/zephyr/ponyta-lcov] stderr:
[eirtae:rw] [92/258] Building C object zephyr/lib/libc/minimal/CMakeFiles/lib__libc__minimal.dir/source/stdlib/strtol.c.obj
[frostflow:rw] [176/419] Building C object zephyr/CMakeFiles/zephyr.dir/lib/utils/getopt/getopt_common.c.obj
[frostflow:rw] [177/419] Building C object zephyr/CMakeFiles/zephyr.dir/lib/utils/getopt/getopt.c.obj
[eirtae:rw] [93/258] Building C object zephyr/lib/libc/minimal/CMakeFiles/lib__libc__minimal.dir/source/stdlib/strtoll.c.obj
[eirtae:rw] [94/258] Building C object zephyr/lib/libc/minimal/CMakeFiles/lib__libc__minimal.dir/source/stdlib/strtoull.c.obj
[eirtae:ro] [42/261] Building C object CMakeFiles/app.dir/mnt/host/source/src/platform/ec/build/zephyr/eirtae/modules/ec/common/update_fw.c.obj
[frostflow:ro] [118/417] Building C object CMakeFiles/app.dir/mnt/host/source/src/platform/ec/build/zephyr/frostflow/modules/ec/common/usbc/usb_pe_drp_sm.c.obj
[eirtae:rw] [95/258] Building C object zephyr/lib/libc/minimal/CMakeFiles/lib__libc__minimal.dir/source/stdlib/bsearch.c.obj
[frostflow:rw] [178/419] Building C object zephyr/CMakeFiles/zephyr.dir/soc/nuvoton/npcx/common/npcxn/registers.c.obj
[frostflow:ro] [119/417] Building C object CMakeFiles/app.dir/mnt/host/source/src/platform/ec/build/zephyr/frostflow/modules/ec/common/usbc/usb_pd_dpm.c.obj
[frostflow:rw] [179/419] Building C object zephyr/CMakeFiles/zephyr.dir/soc/nuvoton/npcx/common/power.c.obj
[eirtae:rw] [96/258] Building C object zephyr/lib/libc/minimal/CMakeFiles/lib__libc__minimal.dir/source/stdlib/qsort.c.obj
[frostflow:rw] [180/419] Building C object zephyr/CMakeFiles/zephyr.dir/soc/nuvoton/npcx/common/scfg.c.obj
[frostflow:rw] [181/419] Building C object zephyr/CMakeFiles/zephyr.dir/soc/nuvoton/npcx/npcx9/soc.c.obj
[frostflow:ro] [120/417] Building C object CMakeFiles/app.dir/mnt/host/source/src/platform/ec/build/zephyr/frostflow/modules/ec/common/usbc/usbc_pd_policy.c.obj
[eirtae:rw] [97/258] Building C object zephyr/lib/libc/minimal/CMakeFiles/lib__libc__minimal.dir/source/stdlib/exit.c.obj
[eirtae:rw] [98/258] Building C object zephyr/lib/libc/minimal/CMakeFiles/lib__libc__minimal.dir/source/string/strerror.c.obj
[frostflow:rw] [182/419] Building C object zephyr/CMakeFiles/zephyr.dir/subsys/logging/log_minimal.c.obj
[eirtae:rw] [99/258] Building C object zephyr/lib/libc/minimal/CMakeFiles/lib__libc__minimal.dir/source/string/strncasecmp.c.obj
[/mnt/host/source/src/platform/ec/build/zephyr/anraggar-lcov]   /mnt/host/source/src/platform/ec/build/zephyr/anraggar/build-rw/zephyr/arch/common/CMakeFiles/isr_tables.dir/isr_tables.c.gcno:no functions found
[/mnt/host/source/src/platform/ec/build/zephyr/anraggar-lcov] stderr:
[eirtae:ro] [43/261] Building C object CMakeFiles/app.dir/mnt/host/source/src/platform/ec/build/zephyr/eirtae/modules/ec/common/usb_update.c.obj
[eirtae:rw] [100/258] Building C object zephyr/lib/libc/minimal/CMakeFiles/lib__libc__minimal.dir/source/string/strstr.c.obj
[frostflow:rw] [183/419] Building C object zephyr/CMakeFiles/zephyr.dir/subsys/pm/state.c.obj
[eirtae:rw] [101/258] Building C object zephyr/lib/libc/minimal/CMakeFiles/lib__libc__minimal.dir/source/string/string.c.obj
[frostflow:rw] [184/419] Building C object zephyr/CMakeFiles/zephyr.dir/subsys/mem_mgmt/mem_attr.c.obj
[frostflow:ro] [121/417] Building C object CMakeFiles/app.dir/mnt/host/source/src/platform/ec/build/zephyr/frostflow/modules/ec/common/usbc/dp_alt_mode.c.obj
[frostflow:rw] [185/419] Building C object zephyr/CMakeFiles/zephyr.dir/subsys/pm/pm.c.obj
[eirtae:rw] [102/258] Building C object zephyr/lib/libc/minimal/CMakeFiles/lib__libc__minimal.dir/source/string/strspn.c.obj
[frostflow:rw] [186/419] Building C object zephyr/CMakeFiles/zephyr.dir/subsys/pm/policy/policy_events.c.obj
[frostflow:rw] [187/419] Building C object zephyr/CMakeFiles/zephyr.dir/subsys/pm/policy/policy_latency.c.obj
[frostflow:ro] [122/417] Building C object CMakeFiles/app.dir/mnt/host/source/src/platform/ec/build/zephyr/frostflow/modules/ec/common/usb_pd_console_cmd.c.obj
[frostflow:ro] [123/417] Building C object CMakeFiles/app.dir/mnt/host/source/src/platform/ec/build/zephyr/frostflow/modules/ec/common/usb_pd_host_cmd.c.obj
[eirtae:ro] [44/261] Building C object CMakeFiles/app.dir/mnt/host/source/src/platform/ec/build/zephyr/eirtae/modules/ec/common/queue_policies.c.obj
[frostflow:rw] [188/419] Building C object zephyr/CMakeFiles/zephyr.dir/subsys/pm/policy/policy_state_lock.c.obj
[frostflow:ro] [124/417] Building C object CMakeFiles/app.dir/mnt/host/source/src/platform/ec/build/zephyr/frostflow/modules/ec/common/usbc/usb_pd_host.c.obj
[eirtae:rw] [103/258] Building C object zephyr/lib/libc/minimal/CMakeFiles/lib__libc__minimal.dir/source/stdout/stdout_console.c.obj
[eirtae:rw] [104/258] Building C object zephyr/lib/libc/minimal/CMakeFiles/lib__libc__minimal.dir/source/stdout/sprintf.c.obj
[frostflow:rw] [189/419] Building C object zephyr/CMakeFiles/zephyr.dir/subsys/pm/device_system_managed.c.obj
[frostflow:rw] [190/419] Building C object zephyr/CMakeFiles/zephyr.dir/subsys/pm/device.c.obj
[frostflow:rw] [191/419] Building C object zephyr/CMakeFiles/zephyr.dir/subsys/testsuite/coverage/coverage.c.obj
[frostflow:rw] [192/419] Building C object zephyr/CMakeFiles/zephyr.dir/subsys/tracing/tracing_none.c.obj
[eirtae:rw] [105/258] Building C object zephyr/lib/libc/minimal/CMakeFiles/lib__libc__minimal.dir/source/math/sqrtf.c.obj
[frostflow:rw] [193/419] Building C object zephyr/CMakeFiles/zephyr.dir/subsys/shell/modules/kernel_service/kernel_shell.c.obj
[eirtae:rw] [106/258] Building C object zephyr/lib/libc/minimal/CMakeFiles/lib__libc__minimal.dir/source/stdout/fprintf.c.obj
[frostflow:ro] [125/417] Building C object CMakeFiles/app.dir/mnt/host/source/src/platform/ec/build/zephyr/frostflow/modules/ec/zephyr/shim/src/tcpc.c.obj
[eirtae:rw] [107/258] Building C object zephyr/lib/libc/minimal/CMakeFiles/lib__libc__minimal.dir/source/math/sqrt.c.obj
[frostflow:ro] [126/417] Building C object CMakeFiles/app.dir/mnt/host/source/src/platform/ec/build/zephyr/frostflow/modules/ec/common/usb_pd_host_cmd_common.c.obj
[frostflow:ro] [127/417] Building C object CMakeFiles/app.dir/mnt/host/source/src/platform/ec/build/zephyr/frostflow/modules/ec/common/usbc/svdm_rsp_dfp_only.c.obj
[eirtae:ro] [45/261] Building C object CMakeFiles/app.dir/mnt/host/source/src/platform/ec/build/zephyr/eirtae/modules/ec/driver/touchpad_focal.c.obj
[frostflow:rw] [194/419] Building C object zephyr/CMakeFiles/zephyr.dir/subsys/shell/modules/kernel_service/cycles.c.obj
[frostflow:rw] [195/419] Building C object zephyr/CMakeFiles/zephyr.dir/subsys/shell/modules/kernel_service/uptime.c.obj
[frostflow:rw] [196/419] Building C object zephyr/CMakeFiles/zephyr.dir/subsys/shell/modules/kernel_service/sleep.c.obj
[frostflow:ro] [128/417] Building C object CMakeFiles/app.dir/mnt/host/source/src/platform/ec/build/zephyr/frostflow/modules/ec/common/usbc_ocp.c.obj
[frostflow:rw] [197/419] Building C object zephyr/CMakeFiles/zephyr.dir/subsys/shell/modules/kernel_service/version.c.obj
[eirtae:rw] [108/258] Building C object zephyr/lib/libc/minimal/CMakeFiles/lib__libc__minimal.dir/source/time/gmtime.c.obj
[eirtae:rw] [109/258] Building C object zephyr/lib/libc/common/CMakeFiles/lib__libc__common.dir/source/stdlib/abort.c.obj
[eirtae:rw] [110/258] Linking C static library zephyr/lib/libc/minimal/liblib__libc__minimal.a
[frostflow:rw] [198/419] Building C object zephyr/CMakeFiles/zephyr.dir/subsys/shell/backends/shell_uart.c.obj
[frostflow:rw] [199/419] Building C object zephyr/CMakeFiles/zephyr.dir/subsys/shell/shell.c.obj
[eirtae:rw] [111/258] Building C object zephyr/lib/libc/common/CMakeFiles/lib__libc__common.dir/source/time/gmtime_r.c.obj
[eirtae:rw] [112/258] Building C object zephyr/lib/libc/common/CMakeFiles/lib__libc__common.dir/source/time/asctime.c.obj
[eirtae:ro] [46/261] Building C object CMakeFiles/app.dir/mnt/host/source/src/platform/ec/build/zephyr/eirtae/modules/ec/common/math_util.c.obj
[frostflow:ro] [129/417] Building C object CMakeFiles/app.dir/mnt/host/source/src/platform/ec/build/zephyr/frostflow/modules/ec/common/usb_pd_dual_role.c.obj
[frostflow:rw] [200/419] Building C object zephyr/CMakeFiles/zephyr.dir/subsys/shell/shell_fprintf.c.obj
[frostflow:ro] [130/417] Building C object CMakeFiles/app.dir/mnt/host/source/src/platform/ec/build/zephyr/frostflow/modules/ec/common/usbc/dp_hpd_gpio.c.obj
[eirtae:rw] [113/258] Building C object zephyr/lib/libc/common/CMakeFiles/lib__libc__common.dir/source/time/localtime_r_utc.c.obj
[frostflow:ro] [131/417] Building C object CMakeFiles/app.dir/mnt/host/source/src/platform/ec/build/zephyr/frostflow/modules/ec/common/usb_pd_discovery.c.obj
[eirtae:ro] [47/261] Building C object CMakeFiles/app.dir/src/fakes.c.obj
[eirtae:rw] [114/258] Building C object zephyr/lib/libc/common/CMakeFiles/lib__libc__common.dir/source/time/ctime.c.obj
[frostflow:rw] [201/419] Building C object zephyr/CMakeFiles/zephyr.dir/subsys/shell/shell_utils.c.obj
[frostflow:rw] [202/419] Building C object zephyr/CMakeFiles/zephyr.dir/subsys/shell/shell_ops.c.obj
[frostflow:rw] [203/419] Building C object zephyr/CMakeFiles/zephyr.dir/subsys/shell/shell_history.c.obj
[eirtae:ro] [48/261] Building C object CMakeFiles/app.dir/src/one_wire.c.obj
[frostflow:rw] [204/419] Building C object zephyr/arch/common/CMakeFiles/arch__common.dir/init.c.obj
[eirtae:rw] [115/258] Building C object zephyr/lib/libc/common/CMakeFiles/lib__libc__common.dir/source/time/time.c.obj
[eirtae:ro] [49/261] Linking C static library app/libapp.a
[frostflow:rw] [205/419] Building C object zephyr/arch/common/CMakeFiles/arch__common.dir/sw_isr_common.c.obj
[frostflow:ro] [132/417] Building C object CMakeFiles/app.dir/mnt/host/source/src/platform/ec/build/zephyr/frostflow/modules/ec/driver/tcpm/nct38xx.c.obj
[frostflow:rw] [206/419] Building C object zephyr/CMakeFiles/zephyr.dir/drivers/flash/flash_util.c.obj
[frostflow:rw] [207/419] Building ASM object zephyr/arch/arch/arm/core/CMakeFiles/arch__arm__core.dir/nmi_on_reset.S.obj
[eirtae:rw] [116/258] Building C object zephyr/lib/libc/common/CMakeFiles/lib__libc__common.dir/source/string/strnlen.c.obj
[frostflow:rw] [208/419] Linking C static library zephyr/libzephyr.a
[eirtae:rw] [117/258] Building C object zephyr/lib/libc/common/CMakeFiles/lib__libc__common.dir/source/stdlib/malloc.c.obj
[frostflow:rw] [209/419] Building C object zephyr/arch/common/CMakeFiles/arch__common.dir/xip.c.obj
[eirtae:rw] [118/258] Linking C static library zephyr/lib/libc/common/liblib__libc__common.a
[eirtae:rw] [119/258] Building C object zephyr/lib/posix/c_lib_ext/CMakeFiles/lib__posix__c_lib_ext.dir/fnmatch.c.obj
[eirtae:ro] [50/261] Building C object zephyr/CMakeFiles/zephyr.dir/lib/libc/validate_libc.c.obj
[frostflow:rw] [210/419] Building C object zephyr/arch/common/CMakeFiles/isr_tables.dir/isr_tables.c.obj
[frostflow:ro] [133/417] Building C object CMakeFiles/app.dir/mnt/host/source/src/platform/ec/build/zephyr/frostflow/modules/ec/common/usbc_ppc.c.obj
[frostflow:rw] [211/419] Building ASM object zephyr/arch/arch/arm/core/cortex_m/CMakeFiles/arch__arm__core__cortex_m.dir/fault_s.S.obj
[frostflow:rw] [212/419] Linking C static library zephyr/arch/common/libisr_tables.a
[frostflow:rw] [213/419] Building C object zephyr/arch/arch/arm/core/CMakeFiles/arch__arm__core.dir/fatal.c.obj
[frostflow:ro] [134/417] Building C object CMakeFiles/app.dir/mnt/host/source/src/platform/ec/build/zephyr/frostflow/modules/ec/driver/tcpm/tcpci.c.obj
[frostflow:ro] [135/417] Building C object CMakeFiles/app.dir/mnt/host/source/src/platform/ec/build/zephyr/frostflow/modules/ec/driver/ppc/aoz1380.c.obj
[frostflow:rw] [214/419] Building C object zephyr/arch/arch/arm/core/CMakeFiles/arch__arm__core.dir/nmi.c.obj
[frostflow:rw] [215/419] Linking C static library zephyr/arch/common/libarch__common.a
[frostflow:rw] [216/419] Linking C static library zephyr/arch/arch/arm/core/libarch__arm__core.a
[frostflow:rw] [217/419] Building C object zephyr/arch/arch/arm/core/cortex_m/CMakeFiles/arch__arm__core__cortex_m.dir/exc_exit.c.obj
[eirtae:rw] [120/258] Building C object zephyr/lib/posix/c_lib_ext/CMakeFiles/lib__posix__c_lib_ext.dir/getentropy.c.obj
[frostflow:rw] [218/419] Building C object zephyr/arch/arch/arm/core/cortex_m/CMakeFiles/arch__arm__core__cortex_m.dir/fault.c.obj
[frostflow:ro] [136/417] Building C object CMakeFiles/app.dir/mnt/host/source/src/platform/ec/build/zephyr/frostflow/modules/ec/driver/ppc/nx20p348x.c.obj
[eirtae:rw] [121/258] Building C object zephyr/lib/posix/c_lib_ext/CMakeFiles/lib__posix__c_lib_ext.dir/getopt_shim.c.obj
[eirtae:rw] [122/258] Linking C static library zephyr/lib/posix/c_lib_ext/liblib__posix__c_lib_ext.a
[frostflow:rw] [219/419] Building ASM object zephyr/arch/arch/arm/core/cortex_m/CMakeFiles/arch__arm__core__cortex_m.dir/vector_table.S.obj
[eirtae:rw] [123/258] Building C object zephyr/subsys/crc/CMakeFiles/subsys__crc.dir/crc4_sw.c.obj
[eirtae:ro] [51/261] Building C object zephyr/CMakeFiles/zephyr.dir/lib/heap/heap.c.obj
[frostflow:rw] [220/419] Building ASM object zephyr/arch/arch/arm/core/cortex_m/CMakeFiles/arch__arm__core__cortex_m.dir/reset.S.obj
[eirtae:rw] [124/258] Building C object zephyr/subsys/crc/CMakeFiles/subsys__crc.dir/crc8_sw.c.obj
[frostflow:rw] [221/419] Building C object zephyr/arch/arch/arm/core/cortex_m/CMakeFiles/arch__arm__core__cortex_m.dir/fpu.c.obj
[eirtae:rw] [125/258] Building C object zephyr/subsys/crc/CMakeFiles/subsys__crc.dir/crc16_sw.c.obj
[frostflow:rw] [222/419] Building C object zephyr/arch/arch/arm/core/cortex_m/CMakeFiles/arch__arm__core__cortex_m.dir/thread_abort.c.obj
[frostflow:rw] [223/419] Building C object zephyr/arch/arch/arm/core/cortex_m/CMakeFiles/arch__arm__core__cortex_m.dir/scb.c.obj
[eirtae:rw] [126/258] Building C object zephyr/subsys/crc/CMakeFiles/subsys__crc.dir/crc7_sw.c.obj
[eirtae:rw] [127/258] Building C object zephyr/subsys/crc/CMakeFiles/subsys__crc.dir/crc24_sw.c.obj
[eirtae:rw] [128/258] Building C object zephyr/subsys/crc/CMakeFiles/subsys__crc.dir/crc32c_sw.c.obj
[frostflow:ro] [137/417] Building C object CMakeFiles/app.dir/mnt/host/source/src/platform/ec/build/zephyr/frostflow/modules/ec/common/button.c.obj
[frostflow:ro] [138/417] Building C object CMakeFiles/app.dir/mnt/host/source/src/platform/ec/build/zephyr/frostflow/modules/ec/common/vboot/efs2.c.obj
[frostflow:rw] [224/419] Building ASM object zephyr/arch/arch/arm/core/cortex_m/CMakeFiles/arch__arm__core__cortex_m.dir/swap_helper.S.obj
[eirtae:rw] [129/258] Building C object zephyr/subsys/crc/CMakeFiles/subsys__crc.dir/crc32_sw.c.obj
[frostflow:ro] [139/417] Building C object CMakeFiles/app.dir/mnt/host/source/src/platform/ec/build/zephyr/frostflow/modules/ec/common/vboot_hash.c.obj
[eirtae:rw] [130/258] Building C object zephyr/subsys/crc/CMakeFiles/subsys__crc.dir/crc32k_4_2_sw.c.obj
[/mnt/host/source/src/platform/ec/build/zephyr/anraggar-lcov]   /mnt/host/source/src/platform/ec/build/zephyr/anraggar/build-rw/zephyr/CMakeFiles/zephyr.dir/subsys/shell/modules/kernel_service/kernel_shell.c.gcno:no functions found
[/mnt/host/source/src/platform/ec/build/zephyr/anraggar-lcov] stderr:
[eirtae:rw] [131/258] Linking C static library zephyr/subsys/crc/libsubsys__crc.a
[frostflow:ro] [140/417] Building C object CMakeFiles/app.dir/mnt/host/source/src/platform/ec/build/zephyr/frostflow/modules/ec/common/vstore.c.obj
[frostflow:rw] [225/419] Building C object zephyr/arch/arch/arm/core/cortex_m/CMakeFiles/arch__arm__core__cortex_m.dir/irq_manage.c.obj
[eirtae:ro] [52/261] Building C object zephyr/CMakeFiles/zephyr.dir/lib/os/cbprintf_packaged.c.obj
[/mnt/host/source/src/platform/ec/build/zephyr/anraggar-lcov]   /mnt/host/source/src/platform/ec/build/zephyr/anraggar/build-rw/zephyr/CMakeFiles/zephyr.dir/lib/libc/validate_libc.c.gcno:no functions found
[/mnt/host/source/src/platform/ec/build/zephyr/anraggar-lcov] stderr:
[frostflow:rw] [226/419] Building C object zephyr/arch/arch/arm/core/cortex_m/CMakeFiles/arch__arm__core__cortex_m.dir/irq_init.c.obj
[frostflow:rw] [227/419] Building C object zephyr/arch/arch/arm/core/cortex_m/CMakeFiles/arch__arm__core__cortex_m.dir/thread.c.obj
[frostflow:rw] [228/419] Building C object zephyr/arch/arch/arm/core/cortex_m/CMakeFiles/arch__arm__core__cortex_m.dir/prep_c.c.obj
[frostflow:rw] [229/419] Building C object zephyr/arch/arch/arm/core/cortex_m/CMakeFiles/arch__arm__core__cortex_m.dir/cpu_idle.c.obj
[frostflow:rw] [230/419] Generating ../../../include/generated/libc/minimal/strerror_table.h
[frostflow:rw] [231/419] Building C object zephyr/arch/arch/arm/core/cortex_m/CMakeFiles/arch__arm__core__cortex_m.dir/isr_wrapper.c.obj
[frostflow:rw] [232/419] Building C object zephyr/lib/libc/minimal/CMakeFiles/lib__libc__minimal.dir/source/stdlib/atoi.c.obj
[frostflow:rw] [233/419] Linking C static library zephyr/arch/arch/arm/core/cortex_m/libarch__arm__core__cortex_m.a
[frostflow:ro] [141/417] Building C object CMakeFiles/app.dir/mnt/host/source/src/platform/ec/build/zephyr/frostflow/modules/ec/common/math_util.c.obj
[eirtae:rw] [132/258] Building C object zephyr/drivers/interrupt_controller/CMakeFiles/drivers__interrupt_controller.dir/wuc_ite_it8xxx2.c.obj
[eirtae:rw] [133/258] Building C object zephyr/drivers/interrupt_controller/CMakeFiles/drivers__interrupt_controller.dir/intc_ite_it8xxx2_v2.c.obj
[eirtae:rw] [134/258] Linking C static library zephyr/drivers/interrupt_controller/libdrivers__interrupt_controller.a
[frostflow:ro] [142/417] Building C object CMakeFiles/app.dir/src/common.c.obj
[frostflow:rw] [234/419] Building C object zephyr/lib/libc/minimal/CMakeFiles/lib__libc__minimal.dir/source/stdlib/strtol.c.obj
[frostflow:rw] [235/419] Building C object zephyr/lib/libc/minimal/CMakeFiles/lib__libc__minimal.dir/source/stdlib/strtoul.c.obj
[frostflow:ro] [143/417] Building C object CMakeFiles/app.dir/src/i2c_policy.c.obj
[frostflow:rw] [236/419] Building C object zephyr/arch/arch/arm/core/mpu/CMakeFiles/arch__arm__core__mpu.dir/arm_mpu_regions.c.obj
[frostflow:rw] [237/419] Building C object zephyr/lib/libc/minimal/CMakeFiles/lib__libc__minimal.dir/source/stdlib/strtoull.c.obj
[eirtae:ro] [53/261] Building C object zephyr/CMakeFiles/zephyr.dir/lib/os/clock.c.obj
[frostflow:rw] [238/419] Building C object zephyr/lib/libc/minimal/CMakeFiles/lib__libc__minimal.dir/source/stdlib/strtoll.c.obj
[frostflow:rw] [239/419] Building C object zephyr/arch/arch/arm/core/mpu/CMakeFiles/arch__arm__core__mpu.dir/arm_core_mpu.c.obj
[frostflow:rw] [240/419] Building C object zephyr/lib/libc/minimal/CMakeFiles/lib__libc__minimal.dir/source/stdlib/bsearch.c.obj
[frostflow:rw] [241/419] Building C object zephyr/lib/libc/minimal/CMakeFiles/lib__libc__minimal.dir/source/string/strncasecmp.c.obj
[frostflow:rw] [242/419] Building C object zephyr/lib/libc/minimal/CMakeFiles/lib__libc__minimal.dir/source/string/strerror.c.obj
[eirtae:rw] [135/258] Building C object zephyr/drivers/bbram/CMakeFiles/drivers__bbram.dir/bbram_it8xxx2.c.obj
[frostflow:ro] [144/417] Building C object CMakeFiles/app.dir/src/power_signals.c.obj
[frostflow:rw] [243/419] Building C object zephyr/lib/libc/common/CMakeFiles/lib__libc__common.dir/source/stdlib/abort.c.obj
[eirtae:rw] [136/258] Linking C static library zephyr/drivers/bbram/libdrivers__bbram.a
[frostflow:rw] [244/419] Building C object zephyr/lib/libc/minimal/CMakeFiles/lib__libc__minimal.dir/source/stdlib/qsort.c.obj
[frostflow:rw] [245/419] Building C object zephyr/arch/arch/arm/core/mpu/CMakeFiles/arch__arm__core__mpu.dir/arm_mpu.c.obj
[eirtae:rw] [137/258] Building C object zephyr/drivers/console/CMakeFiles/drivers__console.dir/uart_console.c.obj
[frostflow:rw] [246/419] Building C object zephyr/lib/libc/minimal/CMakeFiles/lib__libc__minimal.dir/source/string/strstr.c.obj
[frostflow:rw] [247/419] Building C object zephyr/lib/libc/minimal/CMakeFiles/lib__libc__minimal.dir/source/string/strspn.c.obj
[frostflow:rw] [248/419] Building C object zephyr/lib/libc/minimal/CMakeFiles/lib__libc__minimal.dir/source/string/string.c.obj
[frostflow:rw] [249/419] Linking C static library zephyr/arch/arch/arm/core/mpu/libarch__arm__core__mpu.a
[eirtae:rw] [138/258] Linking C static library zephyr/drivers/console/libdrivers__console.a
[eirtae:ro] [54/261] Building C object zephyr/CMakeFiles/zephyr.dir/lib/os/printk.c.obj
[/mnt/host/source/src/platform/ec/build/zephyr/anraggar-lcov]   /mnt/host/source/src/platform/ec/build/zephyr/anraggar/build-rw/zephyr/CMakeFiles/zephyr.dir/lib/utils/last_section_id.c.gcno:no functions found
[/mnt/host/source/src/platform/ec/build/zephyr/anraggar-lcov] stderr:
[frostflow:ro] [145/417] Building C object CMakeFiles/app.dir/src/usb_pd_policy.c.obj
[frostflow:rw] [250/419] Building C object zephyr/lib/libc/minimal/CMakeFiles/lib__libc__minimal.dir/source/math/sqrt.c.obj
[frostflow:rw] [251/419] Building C object zephyr/lib/libc/minimal/CMakeFiles/lib__libc__minimal.dir/source/math/sqrtf.c.obj
[frostflow:ro] [146/417] Building C object CMakeFiles/app.dir/src/usb_mux_config.c.obj
[frostflow:rw] [252/419] Building C object zephyr/lib/libc/minimal/CMakeFiles/lib__libc__minimal.dir/source/stdlib/exit.c.obj
[frostflow:ro] [147/417] Building C object CMakeFiles/app.dir/src/usbc_config.c.obj
[eirtae:ro] [55/261] Building C object zephyr/CMakeFiles/zephyr.dir/lib/os/sem.c.obj
[eirtae:rw] [139/258] Building C object zephyr/drivers/flash/CMakeFiles/drivers__flash.dir/flash_ite_it8xxx2.c.obj
[frostflow:rw] [253/419] Building C object zephyr/lib/libc/common/CMakeFiles/lib__libc__common.dir/source/time/gmtime_r.c.obj
[frostflow:rw] [254/419] Building C object zephyr/lib/libc/minimal/CMakeFiles/lib__libc__minimal.dir/source/stdout/stdout_console.c.obj
[frostflow:rw] [255/419] Building C object zephyr/lib/libc/common/CMakeFiles/lib__libc__common.dir/source/time/asctime.c.obj
[frostflow:rw] [256/419] Building C object zephyr/lib/libc/minimal/CMakeFiles/lib__libc__minimal.dir/source/stdout/fprintf.c.obj
[eirtae:rw] [140/258] Linking C static library zephyr/drivers/flash/libdrivers__flash.a
[frostflow:rw] [257/419] Building C object zephyr/lib/libc/minimal/CMakeFiles/lib__libc__minimal.dir/source/stdout/sprintf.c.obj
[frostflow:ro] [148/417] Building C object CMakeFiles/app.dir/src/stt.c.obj
[frostflow:rw] [258/419] Building C object zephyr/lib/libc/common/CMakeFiles/lib__libc__common.dir/source/time/ctime.c.obj
[frostflow:rw] [259/419] Building C object zephyr/lib/libc/common/CMakeFiles/lib__libc__common.dir/source/time/localtime_r_utc.c.obj
[frostflow:rw] [260/419] Building C object zephyr/lib/libc/common/CMakeFiles/lib__libc__common.dir/source/string/strnlen.c.obj
[frostflow:rw] [261/419] Building C object zephyr/lib/libc/common/CMakeFiles/lib__libc__common.dir/source/time/time.c.obj
[frostflow:rw] [262/419] Building C object zephyr/lib/posix/c_lib_ext/CMakeFiles/lib__posix__c_lib_ext.dir/fnmatch.c.obj
[frostflow:rw] [263/419] Building C object zephyr/subsys/crc/CMakeFiles/subsys__crc.dir/crc4_sw.c.obj
[eirtae:ro] [56/261] Building C object zephyr/CMakeFiles/zephyr.dir/lib/os/thread_entry.c.obj
[frostflow:rw] [264/419] Building C object zephyr/subsys/crc/CMakeFiles/subsys__crc.dir/crc8_sw.c.obj
[frostflow:ro] [149/417] Building C object CMakeFiles/app.dir/frostflow/src/usb_mux_config.c.obj
[frostflow:rw] [265/419] Building C object zephyr/subsys/crc/CMakeFiles/subsys__crc.dir/crc16_sw.c.obj
[eirtae:rw] [141/258] Building C object zephyr/drivers/i2c/CMakeFiles/drivers__i2c.dir/i2c_common.c.obj
[frostflow:rw] [266/419] Building C object zephyr/lib/libc/minimal/CMakeFiles/lib__libc__minimal.dir/source/time/gmtime.c.obj
[frostflow:rw] [267/419] Building C object zephyr/subsys/crc/CMakeFiles/subsys__crc.dir/crc7_sw.c.obj
[frostflow:ro] [150/417] Building C object CMakeFiles/app.dir/frostflow/src/ppc_config.c.obj
[eirtae:rw] [142/258] Building C object zephyr/drivers/gpio/CMakeFiles/drivers__gpio.dir/gpio_ite_it8xxx2_v2.c.obj
[frostflow:rw] [268/419] Linking C static library zephyr/lib/libc/minimal/liblib__libc__minimal.a
[frostflow:rw] [269/419] Building C object zephyr/subsys/crc/CMakeFiles/subsys__crc.dir/crc24_sw.c.obj
[eirtae:rw] [143/258] Linking C static library zephyr/drivers/gpio/libdrivers__gpio.a
[frostflow:ro] [151/417] Building C object CMakeFiles/app.dir/frostflow/src/thermal.c.obj
[frostflow:rw] [270/419] Building C object zephyr/subsys/crc/CMakeFiles/subsys__crc.dir/crc32k_4_2_sw.c.obj
[frostflow:rw] [271/419] Building C object zephyr/subsys/crc/CMakeFiles/subsys__crc.dir/crc32c_sw.c.obj
[frostflow:rw] [272/419] Building C object zephyr/subsys/crc/CMakeFiles/subsys__crc.dir/crc32_sw.c.obj
[frostflow:rw] [273/419] Building C object zephyr/lib/libc/common/CMakeFiles/lib__libc__common.dir/source/stdlib/malloc.c.obj
[frostflow:rw] [274/419] Linking C static library zephyr/subsys/crc/libsubsys__crc.a
[frostflow:rw] [275/419] Linking C static library zephyr/lib/libc/common/liblib__libc__common.a
[frostflow:rw] [276/419] Building C object zephyr/lib/posix/c_lib_ext/CMakeFiles/lib__posix__c_lib_ext.dir/getentropy.c.obj
[frostflow:rw] [277/419] Building C object zephyr/lib/posix/c_lib_ext/CMakeFiles/lib__posix__c_lib_ext.dir/getopt_shim.c.obj
[eirtae:ro] [57/261] Building C object zephyr/CMakeFiles/zephyr.dir/lib/os/cbprintf_nano.c.obj
[frostflow:ro] [152/417] Building C object CMakeFiles/app.dir/frostflow/src/charger.c.obj
[frostflow:rw] [278/419] Linking C static library zephyr/lib/posix/c_lib_ext/liblib__posix__c_lib_ext.a
[eirtae:rw] [144/258] Building C object zephyr/drivers/i2c/CMakeFiles/drivers__i2c.dir/i2c_bitbang.c.obj
[frostflow:ro] [153/417] Building C object zephyr/CMakeFiles/zephyr.dir/lib/libc/validate_libc.c.obj
[eirtae:rw] [145/258] Building C object zephyr/drivers/i2c/CMakeFiles/drivers__i2c.dir/i2c_shell.c.obj
[frostflow:ro] [154/417] Building C object CMakeFiles/app.dir/frostflow/src/keyboard_customization.c.obj
[frostflow:ro] [155/417] Building C object zephyr/CMakeFiles/zephyr.dir/lib/heap/heap.c.obj
[eirtae:ro] [58/261] Building C object zephyr/CMakeFiles/zephyr.dir/lib/os/cbprintf.c.obj
[frostflow:rw] [279/419] Building C object zephyr/drivers/adc/CMakeFiles/drivers__adc.dir/adc_common.c.obj
[frostflow:ro] [156/417] Linking C static library app/libapp.a
[frostflow:rw] [280/419] Building C object zephyr/drivers/interrupt_controller/CMakeFiles/drivers__interrupt_controller.dir/intc_miwu.c.obj
[frostflow:rw] [281/419] Building C object zephyr/drivers/bbram/CMakeFiles/drivers__bbram.dir/bbram_npcx.c.obj
[frostflow:rw] [282/419] Linking C static library zephyr/drivers/interrupt_controller/libdrivers__interrupt_controller.a
[frostflow:rw] [283/419] Building C object zephyr/drivers/clock_control/CMakeFiles/drivers__clock_control.dir/clock_control_npcx.c.obj
[frostflow:rw] [284/419] Building C object zephyr/drivers/adc/CMakeFiles/drivers__adc.dir/adc_npcx.c.obj
[frostflow:rw] [285/419] Linking C static library zephyr/drivers/clock_control/libdrivers__clock_control.a
[frostflow:rw] [286/419] Linking C static library zephyr/drivers/bbram/libdrivers__bbram.a
[frostflow:rw] [287/419] Building C object zephyr/drivers/console/CMakeFiles/drivers__console.dir/uart_console.c.obj
[frostflow:rw] [288/419] Linking C static library zephyr/drivers/adc/libdrivers__adc.a
[eirtae:rw] [146/258] Building C object zephyr/drivers/pinctrl/CMakeFiles/drivers__pinctrl.dir/common.c.obj
[frostflow:ro] [157/417] Building C object zephyr/CMakeFiles/zephyr.dir/lib/os/cbprintf_packaged.c.obj
[frostflow:rw] [289/419] Linking C static library zephyr/drivers/console/libdrivers__console.a
[eirtae:rw] [147/258] Building C object zephyr/drivers/i2c/CMakeFiles/drivers__i2c.dir/i2c_ite_enhance.c.obj
[eirtae:rw] [148/258] Linking C static library zephyr/drivers/i2c/libdrivers__i2c.a
[eirtae:ro] [59/261] Building C object zephyr/CMakeFiles/zephyr.dir/lib/os/assert.c.obj
[frostflow:ro] [158/417] Building C object zephyr/CMakeFiles/zephyr.dir/lib/os/clock.c.obj
[frostflow:rw] [290/419] Building C object zephyr/drivers/eeprom/CMakeFiles/drivers__eeprom.dir/eeprom_shell.c.obj
[frostflow:ro] [159/417] Building C object zephyr/CMakeFiles/zephyr.dir/lib/os/printk.c.obj
[eirtae:ro] [60/261] Building C object zephyr/CMakeFiles/zephyr.dir/lib/utils/dec.c.obj
[frostflow:ro] [160/417] Building C object zephyr/CMakeFiles/zephyr.dir/lib/os/sem.c.obj
[frostflow:rw] [291/419] Building C object zephyr/drivers/eeprom/CMakeFiles/drivers__eeprom.dir/eeprom_at2x.c.obj
[/mnt/host/source/src/platform/ec/build/zephyr/luuke-lcov]   /mnt/host/source/src/platform/ec/build/zephyr/luuke/build-rw/zephyr/CMakeFiles/zephyr.dir/soc/ite/ec/it8xxx2/check_regs.c.gcno:no functions found
[/mnt/host/source/src/platform/ec/build/zephyr/luuke-lcov] stderr:
[eirtae:ro] [61/261] Building C object zephyr/CMakeFiles/zephyr.dir/lib/utils/hex.c.obj
[frostflow:rw] [292/419] Building C object zephyr/drivers/flash/CMakeFiles/drivers__flash.dir/jesd216.c.obj
[frostflow:rw] [293/419] Linking C static library zephyr/drivers/eeprom/libdrivers__eeprom.a
[eirtae:rw] [149/258] Building C object zephyr/drivers/pinctrl/CMakeFiles/drivers__pinctrl.dir/pinctrl_ite_it8xxx2.c.obj
[eirtae:rw] [150/258] Building C object zephyr/drivers/serial/CMakeFiles/drivers__serial.dir/uart_ite_it8xxx2.c.obj
[frostflow:rw] [294/419] Building C object zephyr/drivers/espi/CMakeFiles/drivers__espi.dir/host_subs_npcx.c.obj
[frostflow:rw] [295/419] Building C object zephyr/drivers/espi/CMakeFiles/drivers__espi.dir/espi_npcx.c.obj
[frostflow:ro] [161/417] Building C object zephyr/CMakeFiles/zephyr.dir/lib/os/thread_entry.c.obj
[eirtae:rw] [151/258] Linking C static library zephyr/drivers/pinctrl/libdrivers__pinctrl.a
[frostflow:rw] [296/419] Building C object zephyr/drivers/flash/CMakeFiles/drivers__flash.dir/flash_npcx_fiu_nor.c.obj
[frostflow:rw] [297/419] Linking C static library zephyr/drivers/espi/libdrivers__espi.a
[frostflow:ro] [162/417] Building C object zephyr/CMakeFiles/zephyr.dir/lib/os/cbprintf_nano.c.obj
[frostflow:ro] [163/417] Building C object zephyr/CMakeFiles/zephyr.dir/lib/utils/dec.c.obj
[frostflow:ro] [164/417] Building C object zephyr/CMakeFiles/zephyr.dir/lib/os/cbprintf.c.obj
[frostflow:ro] [165/417] Building C object zephyr/CMakeFiles/zephyr.dir/lib/os/assert.c.obj
[frostflow:ro] [166/417] Building C object zephyr/CMakeFiles/zephyr.dir/lib/utils/hex.c.obj
[frostflow:rw] [298/419] Building C object zephyr/drivers/flash/CMakeFiles/drivers__flash.dir/flash_npcx_fiu_qspi.c.obj
[eirtae:rw] [152/258] Building C object zephyr/drivers/timer/CMakeFiles/drivers__timer.dir/sys_clock_init.c.obj
[frostflow:rw] [299/419] Linking C static library zephyr/drivers/flash/libdrivers__flash.a
[eirtae:ro] [62/261] Building C object zephyr/CMakeFiles/zephyr.dir/lib/utils/rb.c.obj
[frostflow:ro] [167/417] Building C object zephyr/CMakeFiles/zephyr.dir/lib/utils/timeutil.c.obj
[frostflow:ro] [168/417] Building C object zephyr/CMakeFiles/zephyr.dir/lib/utils/bitmask.c.obj
[frostflow:rw] [300/419] Building C object zephyr/drivers/gpio/CMakeFiles/drivers__gpio.dir/gpio_nct38xx.c.obj
[eirtae:rw] [153/258] Building C object zephyr/drivers/serial/CMakeFiles/drivers__serial.dir/uart_ns16550.c.obj
[eirtae:rw] [154/258] Linking C static library zephyr/drivers/serial/libdrivers__serial.a
[frostflow:rw] [301/419] Building C object zephyr/drivers/i2c/CMakeFiles/drivers__i2c.dir/i2c_shell.c.obj
[eirtae:ro] [63/261] Building C object zephyr/CMakeFiles/zephyr.dir/lib/utils/timeutil.c.obj
[frostflow:rw] [302/419] Building C object zephyr/drivers/gpio/CMakeFiles/drivers__gpio.dir/gpio_nct38xx_port.c.obj
[frostflow:rw] [303/419] Building C object zephyr/drivers/i2c/CMakeFiles/drivers__i2c.dir/i2c_common.c.obj
[frostflow:ro] [169/417] Building C object zephyr/CMakeFiles/zephyr.dir/lib/utils/rb.c.obj
[frostflow:rw] [304/419] Building C object zephyr/drivers/gpio/CMakeFiles/drivers__gpio.dir/gpio_npcx.c.obj
[eirtae:rw] [155/258] Building C object zephyr/drivers/timer/CMakeFiles/drivers__timer.dir/ite_it8xxx2_timer.c.obj
[frostflow:rw] [305/419] Linking C static library zephyr/drivers/gpio/libdrivers__gpio.a
[eirtae:rw] [156/258] Linking C static library zephyr/drivers/timer/libdrivers__timer.a
[frostflow:ro] [170/417] Building C object zephyr/CMakeFiles/zephyr.dir/lib/utils/bitarray.c.obj
[frostflow:ro] [171/417] Building C object zephyr/CMakeFiles/zephyr.dir/lib/utils/getopt/getopt.c.obj
[frostflow:ro] [172/417] Building C object zephyr/CMakeFiles/zephyr.dir/lib/utils/ring_buffer.c.obj
[frostflow:ro] [173/417] Building C object zephyr/CMakeFiles/zephyr.dir/lib/utils/getopt/getopt_common.c.obj
[frostflow:ro] [174/417] Building C object zephyr/CMakeFiles/zephyr.dir/lib/utils/last_section_id.c.obj
[eirtae:rw] [157/258] Building C object zephyr/drivers/watchdog/CMakeFiles/drivers__watchdog.dir/wdt_ite_it8xxx2.c.obj
[frostflow:rw] [306/419] Building C object zephyr/drivers/i2c/CMakeFiles/drivers__i2c.dir/i2c_npcx_controller.c.obj
[frostflow:ro] [175/417] Building C object zephyr/CMakeFiles/zephyr.dir/misc/generated/configs.c.obj
[eirtae:ro] [64/261] Building C object zephyr/CMakeFiles/zephyr.dir/lib/utils/bitarray.c.obj
[frostflow:rw] [307/419] Building C object zephyr/drivers/i2c/CMakeFiles/drivers__i2c.dir/i2c_npcx_controller_fifo.c.obj
[frostflow:rw] [308/419] Building C object zephyr/drivers/pinctrl/CMakeFiles/drivers__pinctrl.dir/common.c.obj
[frostflow:rw] [309/419] Building C object zephyr/drivers/sensor/CMakeFiles/drivers__sensor.dir/mnt/host/source/src/third_party/zephyr/main/misc/empty_file.c.obj
[frostflow:rw] [310/419] Building C object zephyr/drivers/mfd/CMakeFiles/drivers__mfd.dir/mfd_nct38xx.c.obj
[eirtae:ro] [65/261] Building C object zephyr/CMakeFiles/zephyr.dir/lib/utils/bitmask.c.obj
[frostflow:rw] [311/419] Building C object zephyr/drivers/i2c/CMakeFiles/drivers__i2c.dir/i2c_npcx_port.c.obj
[frostflow:rw] [312/419] Building C object zephyr/drivers/pinctrl/CMakeFiles/drivers__pinctrl.dir/pinctrl_npcx.c.obj
[frostflow:rw] [313/419] Linking C static library zephyr/drivers/sensor/libdrivers__sensor.a
[frostflow:rw] [314/419] Linking C static library zephyr/drivers/mfd/libdrivers__mfd.a
[eirtae:rw] [158/258] Building C object zephyr/drivers/watchdog/CMakeFiles/drivers__watchdog.dir/wdt_shell.c.obj
[frostflow:rw] [315/419] Linking C static library zephyr/drivers/i2c/libdrivers__i2c.a
[frostflow:rw] [316/419] Linking C static library zephyr/drivers/pinctrl/libdrivers__pinctrl.a
[eirtae:rw] [159/258] Linking C static library zephyr/drivers/watchdog/libdrivers__watchdog.a
[frostflow:ro] [176/417] Building C object zephyr/CMakeFiles/zephyr.dir/soc/nuvoton/npcx/common/power.c.obj
[frostflow:ro] [177/417] Building C object zephyr/CMakeFiles/zephyr.dir/soc/nuvoton/npcx/common/npcxn/registers.c.obj
[frostflow:ro] [178/417] Building C object zephyr/CMakeFiles/zephyr.dir/soc/nuvoton/npcx/common/scfg.c.obj
[frostflow:rw] [317/419] Building C object zephyr/drivers/pwm/CMakeFiles/drivers__pwm.dir/pwm_shell.c.obj
[frostflow:ro] [179/417] Building C object zephyr/CMakeFiles/zephyr.dir/soc/nuvoton/npcx/npcx9/soc.c.obj
[eirtae:rw] [160/258] Building C object modules/ec/zephyr/CMakeFiles/ec_shim.dir/app/ec/ec_app_main.c.obj
[frostflow:rw] [318/419] Building C object zephyr/drivers/pwm/CMakeFiles/drivers__pwm.dir/pwm_npcx.c.obj
[eirtae:ro] [66/261] Building C object zephyr/CMakeFiles/zephyr.dir/lib/utils/getopt/getopt.c.obj
[frostflow:rw] [319/419] Linking C static library zephyr/drivers/pwm/libdrivers__pwm.a
[eirtae:rw] [161/258] Building C object modules/ec/zephyr/CMakeFiles/ec_shim.dir/app/ec/main_shim.c.obj
[frostflow:rw] [320/419] Building C object zephyr/drivers/syscon/CMakeFiles/drivers__syscon.dir/syscon.c.obj
[frostflow:rw] [321/419] Building C object zephyr/drivers/timer/CMakeFiles/drivers__timer.dir/sys_clock_init.c.obj
[frostflow:rw] [322/419] Linking C static library zephyr/drivers/syscon/libdrivers__syscon.a
[frostflow:rw] [323/419] Building C object zephyr/drivers/sensor/nuvoton/nuvoton_tach_npcx/CMakeFiles/drivers__sensor__nuvoton__nuvoton_tach_npcx.dir/tach_nuvoton_npcx.c.obj
[frostflow:rw] [324/419] Building C object zephyr/drivers/serial/CMakeFiles/drivers__serial.dir/uart_npcx.c.obj
[frostflow:rw] [325/419] Linking C static library zephyr/drivers/sensor/nuvoton/nuvoton_tach_npcx/libdrivers__sensor__nuvoton__nuvoton_tach_npcx.a
[frostflow:ro] [180/417] Building C object zephyr/CMakeFiles/zephyr.dir/subsys/pm/state.c.obj
[frostflow:rw] [326/419] Linking C static library zephyr/drivers/serial/libdrivers__serial.a
[/mnt/host/source/src/platform/ec/build/zephyr/luuke-lcov]   /mnt/host/source/src/platform/ec/build/zephyr/luuke/build-rw/zephyr/drivers/syscon/CMakeFiles/drivers__syscon.dir/mnt/host/source/src/third_party/zephyr/main/misc/empty_file.c.gcno:no functions found
[/mnt/host/source/src/platform/ec/build/zephyr/luuke-lcov] Filter suppressions 'region':
[frostflow:ro] [181/417] Building C object zephyr/CMakeFiles/zephyr.dir/subsys/logging/log_minimal.c.obj
[/mnt/host/source/src/platform/ec/build/zephyr/luuke-lcov]     40 instances
[/mnt/host/source/src/platform/ec/build/zephyr/luuke-lcov]     28 coverpoints
[/mnt/host/source/src/platform/ec/build/zephyr/luuke-lcov] Message summary:
[/mnt/host/source/src/platform/ec/build/zephyr/luuke-lcov]   27 ignore messages:
[/mnt/host/source/src/platform/ec/build/zephyr/luuke-lcov]     gcov: 27
Running (initial) lcov on /mnt/host/source/src/platform/ec/build/zephyr/yaviks.
[eirtae:ro] [67/261] Building C object zephyr/CMakeFiles/zephyr.dir/lib/utils/getopt/getopt_common.c.obj
[frostflow:rw] [327/419] Building C object zephyr/drivers/timer/CMakeFiles/drivers__timer.dir/npcx_itim_timer.c.obj
[frostflow:ro] [182/417] Building C object zephyr/CMakeFiles/zephyr.dir/subsys/pm/pm.c.obj
[frostflow:ro] [183/417] Building C object zephyr/CMakeFiles/zephyr.dir/subsys/mem_mgmt/mem_attr.c.obj
[eirtae:rw] [162/258] Building C object modules/ec/zephyr/CMakeFiles/ec_shim.dir/drivers/cros_flash/cros_flash_it8xxx2.c.obj
[frostflow:rw] [328/419] Linking C static library zephyr/drivers/timer/libdrivers__timer.a
[eirtae:rw] [163/258] Building C object modules/ec/zephyr/CMakeFiles/ec_shim.dir/drivers/cros_kb_raw/cros_kb_raw_ite.c.obj
Running `env -i PYTHONPATH=/usr/lib64/python-exec/python3.11:/mnt/host/source/src/platform/ec/zephyr/zmake:/usr/lib/python311.zip:/usr/lib/python3.11:/usr/lib/python3.11/lib-dynload:/usr/lib/python3.11/site-packages PW_PIGWEED_CIPD_INSTALL_DIR=/usr CROSTC_USER_ACKNOWLEDGES_THAT_RISCV_IS_EXPERIMENTAL=1 PATH=/mnt/host/source/chromite/bin:/usr/local/bin:/usr/bin:/bin:/opt/bin:/mnt/host/source/chromite/sdk/bin:/mnt/host/source/chromite/bin HOME=/home/jpmurphy JAVA_HOME=/etc/java-config-2/current-system-vm JDK_HOME=/etc/java-config-2/current-system-vm JAVAC=/etc/java-config-2/current-system-vm/bin/javac MAKEFLAGS=' -j16 --jobserver-auth=5,6' /usr/bin/lcov --gcov-tool /mnt/host/source/src/platform/ec/build/zephyr/yaviks/build-rw/gcov.sh -q -o - -c -d /mnt/host/source/src/platform/ec/build/zephyr/yaviks -t yaviks --rc branch_coverage=1 --filter range --ignore-errors inconsistent,source --ignore-errors gcov,gcov -i`
[eirtae:ro] [68/261] Building C object zephyr/CMakeFiles/zephyr.dir/lib/utils/ring_buffer.c.obj
[frostflow:rw] [329/419] Building C object zephyr/drivers/watchdog/CMakeFiles/drivers__watchdog.dir/wdt_npcx.c.obj
[frostflow:rw] [330/419] Building C object zephyr/drivers/watchdog/CMakeFiles/drivers__watchdog.dir/wdt_shell.c.obj
[frostflow:rw] [331/419] Linking C static library zephyr/drivers/watchdog/libdrivers__watchdog.a
[eirtae:ro] [69/261] Building C object zephyr/CMakeFiles/zephyr.dir/lib/utils/last_section_id.c.obj
[/mnt/host/source/src/platform/ec/build/zephyr/ponyta-lcov]   /mnt/host/source/src/platform/ec/build/zephyr/ponyta/build-rw/zephyr/CMakeFiles/zephyr.dir/soc/nuvoton/npcx/common/npcxn/registers.c.gcno:no functions found
[/mnt/host/source/src/platform/ec/build/zephyr/ponyta-lcov] Filter suppressions 'region':
[frostflow:ro] [184/417] Building C object zephyr/CMakeFiles/zephyr.dir/subsys/pm/policy/policy_events.c.obj
[/mnt/host/source/src/platform/ec/build/zephyr/ponyta-lcov]     35 instances
[/mnt/host/source/src/platform/ec/build/zephyr/ponyta-lcov]     20 coverpoints
[/mnt/host/source/src/platform/ec/build/zephyr/ponyta-lcov] Message summary:
[/mnt/host/source/src/platform/ec/build/zephyr/ponyta-lcov]   31 ignore messages:
[/mnt/host/source/src/platform/ec/build/zephyr/ponyta-lcov]     gcov: 31
[frostflow:ro] [185/417] Building C object zephyr/CMakeFiles/zephyr.dir/subsys/pm/policy/policy_latency.c.obj
[frostflow:rw] [332/419] Building C object modules/ec/zephyr/CMakeFiles/ec_shim.dir/app/ec/main_shim.c.obj
[frostflow:rw] [333/419] Building C object modules/ec/zephyr/CMakeFiles/ec_shim.dir/app/ec/ec_app_main.c.obj
[frostflow:ro] [186/417] Building C object zephyr/CMakeFiles/zephyr.dir/subsys/pm/policy/policy_state_lock.c.obj
[eirtae:rw] [164/258] Building C object modules/ec/zephyr/CMakeFiles/ec_shim.dir/drivers/cros_system/cros_system_it8xxx2.c.obj
[frostflow:ro] [187/417] Building C object zephyr/CMakeFiles/zephyr.dir/subsys/pm/device.c.obj
[eirtae:ro] [70/261] Building C object zephyr/CMakeFiles/zephyr.dir/misc/generated/configs.c.obj
[frostflow:rw] [334/419] Building C object modules/ec/zephyr/CMakeFiles/ec_shim.dir/drivers/cros_flash/cros_flash_npcx.c.obj
[eirtae:rw] [165/258] Building C object modules/ec/zephyr/CMakeFiles/ec_shim.dir/drivers/one_wire_uart/one_wire_uart.c.obj
[frostflow:rw] [335/419] Building C object modules/ec/zephyr/CMakeFiles/ec_shim.dir/drivers/cros_kb_raw/cros_kb_raw_npcx.c.obj
[eirtae:ro] [71/261] Building ASM object zephyr/CMakeFiles/zephyr.dir/soc/ite/ec/common/soc_irq.S.obj
[frostflow:rw] [336/419] Building C object modules/ec/zephyr/CMakeFiles/ec_shim.dir/drivers/cros_kblight/pwm_kblight.c.obj
[/mnt/host/source/src/platform/ec/build/zephyr/yaviks-lcov] geninfo: WARNING: using JSON module "JSON::PP" - which is much slower than some alternatives.  Consider installing one of JSON::XS or Cpanel::JSON::XS
[frostflow:ro] [188/417] Building C object zephyr/CMakeFiles/zephyr.dir/subsys/pm/device_system_managed.c.obj
[frostflow:ro] [189/417] Building C object zephyr/CMakeFiles/zephyr.dir/subsys/testsuite/coverage/coverage.c.obj
[frostflow:ro] [190/417] Building C object zephyr/CMakeFiles/zephyr.dir/subsys/tracing/tracing_none.c.obj
[eirtae:rw] [166/258] Building C object modules/ec/zephyr/CMakeFiles/ec_shim.dir/drivers/one_wire_uart/keyboard.c.obj
[frostflow:rw] [337/419] Building C object modules/ec/zephyr/CMakeFiles/ec_shim.dir/drivers/cros_system/cros_system_npcx.c.obj
[frostflow:rw] [338/419] Building C object modules/ec/zephyr/CMakeFiles/ec_shim.dir/shim/chip/npcx/clock.c.obj
[frostflow:rw] [339/419] Building C object modules/ec/zephyr/CMakeFiles/ec_shim.dir/shim/chip/npcx/gpio.c.obj
[frostflow:rw] [340/419] Building C object modules/ec/zephyr/CMakeFiles/ec_shim.dir/drivers/vivaldi_kbd/vivaldi_kbd.c.obj
[frostflow:ro] [191/417] Building C object zephyr/CMakeFiles/zephyr.dir/subsys/shell/modules/kernel_service/kernel_shell.c.obj
[eirtae:ro] [72/261] Building C object zephyr/CMakeFiles/zephyr.dir/soc/ite/ec/common/soc_common_irq.c.obj
[eirtae:rw] [167/258] Building C object modules/ec/zephyr/CMakeFiles/ec_shim.dir/shim/chip/it8xxx2/clock.c.obj
[frostflow:rw] [341/419] Building C object modules/ec/zephyr/CMakeFiles/ec_shim.dir/shim/chip/npcx/rom_chip.c.obj
[frostflow:rw] [342/419] Building C object modules/ec/zephyr/CMakeFiles/ec_shim.dir/shim/chip/npcx/keyboard_raw.c.obj
[eirtae:ro] [73/261] Building C object zephyr/CMakeFiles/zephyr.dir/soc/ite/ec/common/power.c.obj
[frostflow:ro] [192/417] Building C object zephyr/CMakeFiles/zephyr.dir/subsys/shell/modules/kernel_service/sleep.c.obj
[frostflow:rw] [343/419] Building C object modules/ec/zephyr/CMakeFiles/ec_shim.dir/shim/src/crc.c.obj
[frostflow:rw] [344/419] Building C object modules/ec/zephyr/CMakeFiles/ec_shim.dir/shim/chip/npcx/system.c.obj
[frostflow:ro] [193/417] Building C object zephyr/CMakeFiles/zephyr.dir/subsys/shell/modules/kernel_service/cycles.c.obj
[eirtae:rw] [168/258] Building C object modules/ec/zephyr/CMakeFiles/ec_shim.dir/shim/chip/it8xxx2/system.c.obj
[/mnt/host/source/src/platform/ec/build/zephyr/yaviks-lcov] stderr:
[frostflow:ro] [194/417] Building C object zephyr/CMakeFiles/zephyr.dir/subsys/shell/modules/kernel_service/version.c.obj
[frostflow:rw] [345/419] Building C object modules/ec/zephyr/CMakeFiles/ec_shim.dir/shim/core/cortex-m/panic.c.obj
[frostflow:rw] [346/419] Building C object modules/ec/zephyr/CMakeFiles/ec_shim.dir/shim/chip/npcx/power_policy.c.obj
[frostflow:rw] [347/419] Building C object modules/ec/zephyr/CMakeFiles/ec_shim.dir/shim/chip/npcx/system_external_storage.c.obj
[frostflow:ro] [195/417] Building C object zephyr/CMakeFiles/zephyr.dir/subsys/shell/modules/kernel_service/uptime.c.obj
[frostflow:rw] [348/419] Building C object modules/ec/zephyr/CMakeFiles/ec_shim.dir/shim/core/cortex-m/mpu.c.obj
[/mnt/host/source/src/platform/ec/build/zephyr/yaviks-lcov]   /mnt/host/source/src/platform/ec/build/zephyr/yaviks/build-ro/modules/ec/zephyr/CMakeFiles/ec_shim.dir/shim/src/thermal.c.gcno:no functions found
[/mnt/host/source/src/platform/ec/build/zephyr/yaviks-lcov] stderr:
[/mnt/host/source/src/platform/ec/build/zephyr/anraggar-lcov]   /mnt/host/source/src/platform/ec/build/zephyr/anraggar/build-rw/zephyr/CMakeFiles/zephyr.dir/soc/ite/ec/it8xxx2/check_regs.c.gcno:no functions found
[/mnt/host/source/src/platform/ec/build/zephyr/anraggar-lcov] stderr:
[eirtae:ro] [74/261] Building C object zephyr/CMakeFiles/zephyr.dir/soc/ite/ec/common/policy.c.obj
[eirtae:rw] [169/258] Building C object modules/ec/zephyr/CMakeFiles/ec_shim.dir/shim/chip/it8xxx2/keyboard_raw.c.obj
[/mnt/host/source/src/platform/ec/build/zephyr/yaviks-lcov]   /mnt/host/source/src/platform/ec/build/zephyr/yaviks/build-ro/modules/ec/zephyr/CMakeFiles/ec_shim.dir/shim/src/battery.c.gcno:no functions found
[/mnt/host/source/src/platform/ec/build/zephyr/yaviks-lcov] stderr:
[frostflow:rw] [349/419] Building C object modules/ec/zephyr/CMakeFiles/ec_shim.dir/shim/src/console.c.obj
[/mnt/host/source/src/platform/ec/build/zephyr/yaviks-lcov]   /mnt/host/source/src/platform/ec/build/zephyr/yaviks/build-ro/modules/ec/zephyr/CMakeFiles/ec_shim.dir/shim/src/charger.c.gcno:no functions found
[/mnt/host/source/src/platform/ec/build/zephyr/yaviks-lcov] stderr:
[frostflow:ro] [196/417] Building C object zephyr/CMakeFiles/zephyr.dir/subsys/shell/shell_fprintf.c.obj
[frostflow:rw] [350/419] Building C object modules/ec/zephyr/CMakeFiles/ec_shim.dir/shim/src/gpio_int.c.obj
[frostflow:ro] [197/417] Building C object zephyr/CMakeFiles/zephyr.dir/subsys/shell/backends/shell_uart.c.obj
[frostflow:ro] [198/417] Building C object zephyr/CMakeFiles/zephyr.dir/subsys/shell/shell.c.obj
[frostflow:ro] [199/417] Building C object zephyr/CMakeFiles/zephyr.dir/subsys/shell/shell_utils.c.obj
[frostflow:rw] [351/419] Building C object modules/ec/zephyr/CMakeFiles/ec_shim.dir/shim/src/panic_utils.c.obj
[frostflow:rw] [352/419] Building C object modules/ec/zephyr/CMakeFiles/ec_shim.dir/shim/src/gpio.c.obj
[frostflow:rw] [353/419] Building C object modules/ec/zephyr/CMakeFiles/ec_shim.dir/shim/src/cbi/cros_cbi.c.obj
[frostflow:rw] [354/419] Building C object modules/ec/zephyr/CMakeFiles/ec_shim.dir/shim/src/cbi/cros_cbi_fw_config.c.obj
[eirtae:ro] [75/261] Building C object zephyr/CMakeFiles/zephyr.dir/soc/ite/ec/it8xxx2/soc.c.obj
[frostflow:rw] [355/419] Building ASM object modules/ec/zephyr/CMakeFiles/ec_shim.dir/shim/src/libgcc_arm.S.obj
[frostflow:rw] [356/419] Building C object modules/ec/zephyr/CMakeFiles/ec_shim.dir/shim/src/pm_state.c.obj
[eirtae:rw] [170/258] Building C object modules/ec/zephyr/CMakeFiles/ec_shim.dir/shim/chip/it8xxx2/power_policy.c.obj
[/mnt/host/source/src/platform/ec/build/zephyr/yaviks-lcov]   /mnt/host/source/src/platform/ec/build/zephyr/yaviks/build-ro/modules/ec/zephyr/CMakeFiles/ec_shim.dir/shim/src/usb_muxes.c.gcno:no functions found
[/mnt/host/source/src/platform/ec/build/zephyr/yaviks-lcov] stderr:
[frostflow:ro] [200/417] Building C object zephyr/CMakeFiles/zephyr.dir/subsys/shell/shell_ops.c.obj
[eirtae:ro] [76/261] Building C object zephyr/CMakeFiles/zephyr.dir/soc/ite/ec/it8xxx2/check_regs.c.obj
[frostflow:ro] [201/417] Building C object zephyr/CMakeFiles/zephyr.dir/subsys/shell/shell_history.c.obj
[frostflow:ro] [202/417] Building C object zephyr/arch/common/CMakeFiles/arch__common.dir/sw_isr_common.c.obj
[frostflow:ro] [203/417] Building C object zephyr/CMakeFiles/zephyr.dir/drivers/flash/flash_util.c.obj
[frostflow:rw] [357/419] Building C object modules/ec/zephyr/CMakeFiles/ec_shim.dir/shim/src/cbi/cbi_eeprom.c.obj
[frostflow:ro] [204/417] Linking C static library zephyr/libzephyr.a
[/mnt/host/source/src/platform/ec/build/zephyr/yaviks-lcov]   /mnt/host/source/src/platform/ec/build/zephyr/yaviks/build-ro/modules/ec/zephyr/CMakeFiles/ec_shim.dir/shim/src/usba.c.gcno:no functions found
[/mnt/host/source/src/platform/ec/build/zephyr/yaviks-lcov] stderr:
[frostflow:rw] [358/419] Building C object modules/ec/zephyr/CMakeFiles/ec_shim.dir/shim/src/led_driver/led.c.obj
[eirtae:ro] [77/261] Building ASM object zephyr/CMakeFiles/zephyr.dir/soc/ite/ec/it8xxx2/vector.S.obj
[frostflow:rw] [359/419] Building C object modules/ec/zephyr/CMakeFiles/ec_shim.dir/shim/src/charger.c.obj
[frostflow:ro] [205/417] Building C object zephyr/arch/common/CMakeFiles/arch__common.dir/init.c.obj
[frostflow:rw] [360/419] Building C object modules/ec/zephyr/CMakeFiles/ec_shim.dir/shim/src/led_driver/led_pwm.c.obj
[frostflow:rw] [361/419] Building C object modules/ec/zephyr/CMakeFiles/ec_shim.dir/shim/src/system.c.obj
[eirtae:rw] [171/258] Building C object modules/ec/zephyr/CMakeFiles/ec_shim.dir/shim/chip/it8xxx2/gpio.c.obj
[frostflow:rw] [362/419] Building C object modules/ec/zephyr/CMakeFiles/ec_shim.dir/shim/src/battery.c.obj
[frostflow:rw] [363/419] Building C object modules/ec/zephyr/CMakeFiles/ec_shim.dir/shim/src/adc.c.obj
[eirtae:rw] [172/258] Building C object modules/ec/zephyr/CMakeFiles/ec_shim.dir/shim/src/console.c.obj
[eirtae:rw] [173/258] Building C object modules/ec/zephyr/CMakeFiles/ec_shim.dir/shim/src/crc.c.obj
[frostflow:ro] [206/417] Building C object zephyr/arch/common/CMakeFiles/arch__common.dir/xip.c.obj
[/mnt/host/source/src/platform/ec/build/zephyr/yaviks-lcov]   /mnt/host/source/src/platform/ec/build/zephyr/yaviks/build-ro/modules/ec/zephyr/CMakeFiles/ec_shim.dir/shim/src/keyscan.c.gcno:no functions found
[/mnt/host/source/src/platform/ec/build/zephyr/yaviks-lcov] stderr:
[frostflow:ro] [207/417] Building C object zephyr/arch/common/CMakeFiles/isr_tables.dir/isr_tables.c.obj
[frostflow:ro] [208/417] Linking C static library zephyr/arch/common/libisr_tables.a
[frostflow:ro] [209/417] Building ASM object zephyr/arch/arch/arm/core/CMakeFiles/arch__arm__core.dir/nmi_on_reset.S.obj
[frostflow:ro] [210/417] Linking C static library zephyr/arch/common/libarch__common.a
[eirtae:ro] [78/261] Building C object zephyr/CMakeFiles/zephyr.dir/soc/ite/ec/it8xxx2/ilm.c.obj
[frostflow:ro] [211/417] Building C object zephyr/arch/arch/arm/core/CMakeFiles/arch__arm__core.dir/fatal.c.obj
[frostflow:rw] [364/419] Building C object modules/ec/zephyr/CMakeFiles/ec_shim.dir/shim/src/espi.c.obj
[frostflow:ro] [212/417] Building C object zephyr/arch/arch/arm/core/CMakeFiles/arch__arm__core.dir/nmi.c.obj
[frostflow:ro] [213/417] Building ASM object zephyr/arch/arch/arm/core/cortex_m/CMakeFiles/arch__arm__core__cortex_m.dir/fault_s.S.obj
[frostflow:ro] [214/417] Linking C static library zephyr/arch/arch/arm/core/libarch__arm__core.a
[eirtae:rw] [174/258] Building C object modules/ec/zephyr/CMakeFiles/ec_shim.dir/shim/src/gpio.c.obj
[frostflow:rw] [365/419] Building C object modules/ec/zephyr/CMakeFiles/ec_shim.dir/shim/src/flash.c.obj
[eirtae:rw] [175/258] Building C object modules/ec/zephyr/CMakeFiles/ec_shim.dir/shim/src/gpio_int.c.obj
[frostflow:rw] [366/419] Building C object modules/ec/zephyr/CMakeFiles/ec_shim.dir/shim/src/console_buffer.c.obj
[frostflow:rw] [367/419] Building C object modules/ec/zephyr/CMakeFiles/ec_shim.dir/shim/src/hooks.c.obj
[frostflow:rw] [368/419] Building C object modules/ec/zephyr/CMakeFiles/ec_shim.dir/shim/src/keyboard_raw.c.obj
[frostflow:rw] [369/419] Building C object modules/ec/zephyr/CMakeFiles/ec_shim.dir/shim/src/fan.c.obj
[frostflow:rw] [370/419] Building C object modules/ec/zephyr/CMakeFiles/ec_shim.dir/shim/src/host_command.c.obj
[eirtae:ro] [79/261] Building C object zephyr/CMakeFiles/zephyr.dir/subsys/logging/log_minimal.c.obj
[frostflow:ro] [215/417] Building C object zephyr/arch/arch/arm/core/cortex_m/CMakeFiles/arch__arm__core__cortex_m.dir/exc_exit.c.obj
[frostflow:ro] [216/417] Building C object zephyr/arch/arch/arm/core/cortex_m/CMakeFiles/arch__arm__core__cortex_m.dir/fault.c.obj
[eirtae:rw] [176/258] Building C object modules/ec/zephyr/CMakeFiles/ec_shim.dir/shim/src/panic_utils.c.obj
[frostflow:ro] [217/417] Building C object zephyr/arch/arch/arm/core/cortex_m/CMakeFiles/arch__arm__core__cortex_m.dir/fpu.c.obj
[frostflow:rw] [371/419] Building C object modules/ec/zephyr/CMakeFiles/ec_shim.dir/shim/src/keyscan.c.obj
[frostflow:ro] [218/417] Building ASM object zephyr/arch/arch/arm/core/cortex_m/CMakeFiles/arch__arm__core__cortex_m.dir/reset.S.obj
[eirtae:rw] [177/258] Building C object modules/ec/zephyr/CMakeFiles/ec_shim.dir/shim/src/pm_state.c.obj
[frostflow:rw] [372/419] Building C object modules/ec/zephyr/CMakeFiles/ec_shim.dir/shim/src/mkbp_event.c.obj
[eirtae:ro] [80/261] Building C object zephyr/CMakeFiles/zephyr.dir/subsys/pm/pm.c.obj
[frostflow:ro] [219/417] Building ASM object zephyr/arch/arch/arm/core/cortex_m/CMakeFiles/arch__arm__core__cortex_m.dir/vector_table.S.obj
[frostflow:rw] [373/419] Building C object modules/ec/zephyr/CMakeFiles/ec_shim.dir/shim/src/motionsense_sensors.c.obj
[frostflow:ro] [220/417] Building C object zephyr/arch/arch/arm/core/cortex_m/CMakeFiles/arch__arm__core__cortex_m.dir/scb.c.obj
[frostflow:rw] [374/419] Building C object modules/ec/zephyr/CMakeFiles/ec_shim.dir/shim/src/panic.c.obj
[frostflow:rw] [375/419] Building C object modules/ec/zephyr/CMakeFiles/ec_shim.dir/shim/src/thermal.c.obj
[frostflow:rw] [376/419] Building C object modules/ec/zephyr/CMakeFiles/ec_shim.dir/shim/src/pwm_hc.c.obj
[frostflow:rw] [377/419] Building C object modules/ec/zephyr/CMakeFiles/ec_shim.dir/shim/src/temp_sensors.c.obj
[frostflow:ro] [221/417] Building C object zephyr/arch/arch/arm/core/cortex_m/CMakeFiles/arch__arm__core__cortex_m.dir/thread_abort.c.obj
[eirtae:ro] [81/261] Building C object zephyr/CMakeFiles/zephyr.dir/subsys/pm/state.c.obj
[frostflow:ro] [222/417] Building ASM object zephyr/arch/arch/arm/core/cortex_m/CMakeFiles/arch__arm__core__cortex_m.dir/swap_helper.S.obj
[frostflow:rw] [378/419] Building C object modules/ec/zephyr/CMakeFiles/ec_shim.dir/shim/src/hwtimer.c.obj
[eirtae:rw] [178/258] Building C object modules/ec/zephyr/CMakeFiles/ec_shim.dir/shim/src/system.c.obj
[eirtae:rw] [179/258] Building C object modules/ec/zephyr/CMakeFiles/ec_shim.dir/shim/src/flash.c.obj
[frostflow:ro] [223/417] Building C object zephyr/arch/arch/arm/core/cortex_m/CMakeFiles/arch__arm__core__cortex_m.dir/irq_manage.c.obj
[frostflow:rw] [379/419] Building C object modules/ec/zephyr/CMakeFiles/ec_shim.dir/shim/src/i2c.c.obj
[frostflow:ro] [224/417] Building C object zephyr/arch/arch/arm/core/cortex_m/CMakeFiles/arch__arm__core__cortex_m.dir/prep_c.c.obj
[eirtae:ro] [82/261] Building C object zephyr/CMakeFiles/zephyr.dir/subsys/pm/policy/policy_events.c.obj
[frostflow:rw] [380/419] Building C object modules/ec/zephyr/CMakeFiles/ec_shim.dir/shim/src/bc12.c.obj
[/mnt/host/source/src/platform/ec/build/zephyr/yaviks-lcov]   /mnt/host/source/src/platform/ec/build/zephyr/yaviks/build-ro/modules/ec/zephyr/CMakeFiles/ec_shim.dir/shim/src/bc12.c.gcno:no functions found
[/mnt/host/source/src/platform/ec/build/zephyr/yaviks-lcov] stderr:
[frostflow:rw] [381/419] Building C object modules/ec/zephyr/CMakeFiles/ec_shim.dir/shim/src/tasks.c.obj
[frostflow:rw] [382/419] Building C object modules/ec/zephyr/CMakeFiles/ec_shim.dir/shim/src/watchdog.c.obj
[frostflow:ro] [225/417] Building C object zephyr/arch/arch/arm/core/cortex_m/CMakeFiles/arch__arm__core__cortex_m.dir/thread.c.obj
[frostflow:rw] [383/419] Building C object modules/ec/zephyr/CMakeFiles/ec_shim.dir/shim/src/bc12_pi3usb9201.c.obj
[eirtae:rw] [180/258] Building C object modules/ec/zephyr/CMakeFiles/ec_shim.dir/shim/src/keyboard_raw.c.obj
[frostflow:ro] [226/417] Building C object zephyr/arch/arch/arm/core/cortex_m/CMakeFiles/arch__arm__core__cortex_m.dir/cpu_idle.c.obj
[frostflow:rw] [384/419] Building C object modules/ec/zephyr/CMakeFiles/ec_shim.dir/shim/src/ppc.c.obj
[frostflow:rw] [385/419] Building C object modules/ec/zephyr/CMakeFiles/ec_shim.dir/shim/src/tcpc_nct38xx.c.obj
[eirtae:rw] [181/258] Building C object modules/ec/zephyr/CMakeFiles/ec_shim.dir/shim/src/hooks.c.obj
[frostflow:ro] [227/417] Building C object zephyr/arch/arch/arm/core/cortex_m/CMakeFiles/arch__arm__core__cortex_m.dir/irq_init.c.obj
[eirtae:ro] [83/261] Building C object zephyr/CMakeFiles/zephyr.dir/subsys/pm/policy/policy_latency.c.obj
[frostflow:rw] [386/419] Building C object modules/ec/zephyr/CMakeFiles/ec_shim.dir/shim/src/usba.c.obj
[frostflow:ro] [228/417] Building C object zephyr/arch/arch/arm/core/cortex_m/CMakeFiles/arch__arm__core__cortex_m.dir/isr_wrapper.c.obj
[eirtae:rw] [182/258] Building C object modules/ec/zephyr/CMakeFiles/ec_shim.dir/shim/src/keyscan.c.obj
[frostflow:rw] [387/419] Building C object zephyr/kernel/CMakeFiles/kernel.dir/busy_wait.c.obj
[frostflow:rw] [388/419] Building C object zephyr/kernel/CMakeFiles/kernel.dir/main_weak.c.obj
[frostflow:ro] [229/417] Building C object zephyr/arch/arch/arm/core/mpu/CMakeFiles/arch__arm__core__mpu.dir/arm_core_mpu.c.obj
[frostflow:ro] [230/417] Linking C static library zephyr/arch/arch/arm/core/cortex_m/libarch__arm__core__cortex_m.a
[frostflow:ro] [231/417] Generating ../../../include/generated/libc/minimal/strerror_table.h
[frostflow:rw] [389/419] Building C object zephyr/kernel/CMakeFiles/kernel.dir/device.c.obj
[frostflow:rw] [390/419] Building C object zephyr/kernel/CMakeFiles/kernel.dir/banner.c.obj
[frostflow:rw] [391/419] Building C object modules/ec/zephyr/CMakeFiles/ec_shim.dir/shim/src/usb_muxes.c.obj
[frostflow:ro] [232/417] Building C object zephyr/lib/libc/minimal/CMakeFiles/lib__libc__minimal.dir/source/stdlib/atoi.c.obj
[frostflow:ro] [233/417] Building C object zephyr/arch/arch/arm/core/mpu/CMakeFiles/arch__arm__core__mpu.dir/arm_mpu.c.obj
[frostflow:ro] [234/417] Building C object zephyr/arch/arch/arm/core/mpu/CMakeFiles/arch__arm__core__mpu.dir/arm_mpu_regions.c.obj
[eirtae:rw] [183/258] Building C object modules/ec/zephyr/CMakeFiles/ec_shim.dir/shim/src/panic.c.obj
[frostflow:rw] [392/419] Linking C static library modules/ec/zephyr/libec_shim.a
[frostflow:rw] [393/419] Building C object zephyr/kernel/CMakeFiles/kernel.dir/errno.c.obj
[frostflow:ro] [235/417] Linking C static library zephyr/arch/arch/arm/core/mpu/libarch__arm__core__mpu.a
[frostflow:ro] [236/417] Building C object zephyr/lib/libc/minimal/CMakeFiles/lib__libc__minimal.dir/source/stdlib/strtol.c.obj
[frostflow:rw] [394/419] Building C object zephyr/kernel/CMakeFiles/kernel.dir/version.c.obj
[eirtae:ro] [84/261] Building C object zephyr/CMakeFiles/zephyr.dir/subsys/pm/policy/policy_state_lock.c.obj
[frostflow:ro] [237/417] Building C object zephyr/lib/libc/minimal/CMakeFiles/lib__libc__minimal.dir/source/stdlib/strtoul.c.obj
[frostflow:ro] [238/417] Building C object zephyr/lib/libc/minimal/CMakeFiles/lib__libc__minimal.dir/source/stdlib/strtoll.c.obj
[eirtae:rw] [184/258] Building C object modules/ec/zephyr/CMakeFiles/ec_shim.dir/shim/src/hwtimer.c.obj
[frostflow:ro] [239/417] Building C object zephyr/lib/libc/minimal/CMakeFiles/lib__libc__minimal.dir/source/stdlib/bsearch.c.obj
[frostflow:ro] [240/417] Building C object zephyr/lib/libc/minimal/CMakeFiles/lib__libc__minimal.dir/source/stdlib/strtoull.c.obj
[frostflow:rw] [395/419] Building C object zephyr/kernel/CMakeFiles/kernel.dir/fatal.c.obj
[/mnt/host/source/src/platform/ec/build/zephyr/anraggar-lcov]   /mnt/host/source/src/platform/ec/build/zephyr/anraggar/build-rw/zephyr/drivers/sensor/CMakeFiles/drivers__sensor.dir/mnt/host/source/src/third_party/zephyr/main/misc/empty_file.c.gcno:no functions found
[/mnt/host/source/src/platform/ec/build/zephyr/anraggar-lcov] Filter suppressions 'region':
[frostflow:rw] [396/419] Building C object zephyr/kernel/CMakeFiles/kernel.dir/float.c.obj
[frostflow:ro] [241/417] Building C object zephyr/lib/libc/common/CMakeFiles/lib__libc__common.dir/source/stdlib/abort.c.obj
[/mnt/host/source/src/platform/ec/build/zephyr/anraggar-lcov]     43 instances
[/mnt/host/source/src/platform/ec/build/zephyr/anraggar-lcov]     38 coverpoints
[/mnt/host/source/src/platform/ec/build/zephyr/anraggar-lcov] Message summary:
[/mnt/host/source/src/platform/ec/build/zephyr/anraggar-lcov]   31 ignore messages:
[/mnt/host/source/src/platform/ec/build/zephyr/anraggar-lcov]     gcov: 31
[frostflow:rw] [397/419] Building C object zephyr/kernel/CMakeFiles/kernel.dir/kheap.c.obj
[frostflow:rw] [398/419] Building C object zephyr/kernel/CMakeFiles/kernel.dir/mem_slab.c.obj
[frostflow:rw] [399/419] Building C object zephyr/kernel/CMakeFiles/kernel.dir/init.c.obj
[frostflow:ro] [242/417] Building C object zephyr/lib/libc/minimal/CMakeFiles/lib__libc__minimal.dir/source/stdlib/qsort.c.obj
[frostflow:ro] [243/417] Building C object zephyr/lib/libc/minimal/CMakeFiles/lib__libc__minimal.dir/source/string/strerror.c.obj
[eirtae:rw] [185/258] Building C object modules/ec/zephyr/CMakeFiles/ec_shim.dir/shim/src/i2c.c.obj
[frostflow:ro] [244/417] Building C object zephyr/lib/libc/minimal/CMakeFiles/lib__libc__minimal.dir/source/string/strstr.c.obj
[frostflow:ro] [245/417] Building C object zephyr/lib/libc/minimal/CMakeFiles/lib__libc__minimal.dir/source/string/strncasecmp.c.obj
[eirtae:ro] [85/261] Building C object zephyr/CMakeFiles/zephyr.dir/subsys/pm/device.c.obj
[frostflow:ro] [246/417] Building C object zephyr/lib/libc/minimal/CMakeFiles/lib__libc__minimal.dir/source/string/string.c.obj
[frostflow:rw] [400/419] Building C object zephyr/kernel/CMakeFiles/kernel.dir/idle.c.obj
[frostflow:ro] [247/417] Building C object zephyr/lib/libc/minimal/CMakeFiles/lib__libc__minimal.dir/source/string/strspn.c.obj
[frostflow:ro] [248/417] Building C object zephyr/lib/libc/minimal/CMakeFiles/lib__libc__minimal.dir/source/stdlib/exit.c.obj
[eirtae:rw] [186/258] Building C object modules/ec/zephyr/CMakeFiles/ec_shim.dir/shim/src/tasks.c.obj
[frostflow:rw] [401/419] Building C object zephyr/kernel/CMakeFiles/kernel.dir/mailbox.c.obj
[frostflow:ro] [249/417] Building C object zephyr/lib/libc/minimal/CMakeFiles/lib__libc__minimal.dir/source/math/sqrtf.c.obj
[frostflow:ro] [250/417] Building C object zephyr/lib/libc/minimal/CMakeFiles/lib__libc__minimal.dir/source/math/sqrt.c.obj
[frostflow:rw] [402/419] Building C object zephyr/kernel/CMakeFiles/kernel.dir/msg_q.c.obj
[frostflow:rw] [403/419] Building C object zephyr/kernel/CMakeFiles/kernel.dir/stack.c.obj
[frostflow:rw] [404/419] Building C object zephyr/kernel/CMakeFiles/kernel.dir/sem.c.obj
[frostflow:rw] [405/419] Building C object zephyr/kernel/CMakeFiles/kernel.dir/queue.c.obj
[eirtae:rw] [187/258] Building C object modules/ec/zephyr/CMakeFiles/ec_shim.dir/shim/src/watchdog.c.obj
[frostflow:rw] [406/419] Building C object zephyr/kernel/CMakeFiles/kernel.dir/mutex.c.obj
[frostflow:ro] [251/417] Building C object zephyr/lib/libc/common/CMakeFiles/lib__libc__common.dir/source/time/asctime.c.obj
[frostflow:ro] [252/417] Building C object zephyr/lib/libc/minimal/CMakeFiles/lib__libc__minimal.dir/source/stdout/sprintf.c.obj
[eirtae:ro] [86/261] Building C object zephyr/CMakeFiles/zephyr.dir/subsys/pm/device_system_managed.c.obj
[frostflow:ro] [253/417] Building C object zephyr/lib/libc/minimal/CMakeFiles/lib__libc__minimal.dir/source/stdout/stdout_console.c.obj
[eirtae:rw] [188/258] cd /mnt/host/source/src/platform/ec/build/zephyr/eirtae/build-rw/modules/ec/zephyr && PYTHONPATH=/mnt/host/source/src/platform/ec/build/zephyr/eirtae/modules/ec/zephyr/zmake/ /usr/bin/python3.11 /mnt/host/source/src/platform/ec/build/zephyr/eirtae/modules/ec/zephyr/zmake/zephyr_build_tools/generate_ec_version.py /mnt/host/source/src/platform/ec/build/zephyr/eirtae/build-rw/modules/ec/zephyr/include/ec_version.h --name Zephyr-Kernel --version 16543.0.0 --static
[eirtae:rw] INFO:root:Using a static version string
[eirtae:rw] INFO:root:Version string: Zephyr-Kernel-16543.0.0
[eirtae:rw] INFO:root:Writing header to /mnt/host/source/src/platform/ec/build/zephyr/eirtae/build-rw/modules/ec/zephyr/include/ec_version.h
[eirtae:rw] [189/258] Building C object modules/ec/zephyr/CMakeFiles/ec_shim.dir/shim/src/usbc_stub.c.obj
[frostflow:ro] [254/417] Building C object zephyr/lib/libc/minimal/CMakeFiles/lib__libc__minimal.dir/source/stdout/fprintf.c.obj
[frostflow:ro] [255/417] Building C object zephyr/lib/libc/common/CMakeFiles/lib__libc__common.dir/source/time/gmtime_r.c.obj
[frostflow:rw] [407/419] Building C object zephyr/kernel/CMakeFiles/kernel.dir/system_work_q.c.obj
[frostflow:ro] [256/417] Building C object zephyr/lib/libc/minimal/CMakeFiles/lib__libc__minimal.dir/source/time/gmtime.c.obj
[frostflow:ro] [257/417] Building C object zephyr/lib/libc/common/CMakeFiles/lib__libc__common.dir/source/time/ctime.c.obj
[frostflow:ro] [258/417] Building C object zephyr/lib/libc/common/CMakeFiles/lib__libc__common.dir/source/time/localtime_r_utc.c.obj
[frostflow:ro] [259/417] Building C object zephyr/lib/libc/common/CMakeFiles/lib__libc__common.dir/source/time/time.c.obj
[frostflow:ro] [260/417] Linking C static library zephyr/lib/libc/minimal/liblib__libc__minimal.a
[frostflow:ro] [261/417] Building C object zephyr/lib/libc/common/CMakeFiles/lib__libc__common.dir/source/string/strnlen.c.obj
[frostflow:rw] [408/419] Building C object zephyr/kernel/CMakeFiles/kernel.dir/work.c.obj
[frostflow:ro] [262/417] Building C object zephyr/lib/posix/c_lib_ext/CMakeFiles/lib__posix__c_lib_ext.dir/fnmatch.c.obj
[frostflow:rw] [409/419] Building C object zephyr/kernel/CMakeFiles/kernel.dir/condvar.c.obj
[frostflow:rw] [410/419] Building C object zephyr/kernel/CMakeFiles/kernel.dir/thread.c.obj
[frostflow:ro] [263/417] Building C object zephyr/subsys/crc/CMakeFiles/subsys__crc.dir/crc4_sw.c.obj
[frostflow:rw] [411/419] Building C object zephyr/kernel/CMakeFiles/kernel.dir/pipe.c.obj
[frostflow:ro] [264/417] Building C object zephyr/subsys/crc/CMakeFiles/subsys__crc.dir/crc8_sw.c.obj
[eirtae:ro] [87/261] Building C object zephyr/CMakeFiles/zephyr.dir/subsys/testsuite/coverage/coverage.c.obj
[eirtae:rw] [190/258] Building C object CMakeFiles/app.dir/mnt/host/source/src/platform/ec/build/zephyr/eirtae/modules/ec/builtin/stdlib.c.obj
[frostflow:ro] [265/417] Building C object zephyr/subsys/crc/CMakeFiles/subsys__crc.dir/crc16_sw.c.obj
[frostflow:rw] [412/419] Building C object zephyr/kernel/CMakeFiles/kernel.dir/timeout.c.obj
[eirtae:rw] [191/258] Building C object CMakeFiles/app.dir/mnt/host/source/src/platform/ec/zephyr/subsys/ap_pwrseq/ap_events.c.obj
[frostflow:ro] [266/417] Building C object zephyr/subsys/crc/CMakeFiles/subsys__crc.dir/crc7_sw.c.obj
[frostflow:ro] [267/417] Building C object zephyr/lib/libc/common/CMakeFiles/lib__libc__common.dir/source/stdlib/malloc.c.obj
[frostflow:ro] [268/417] Building C object zephyr/subsys/crc/CMakeFiles/subsys__crc.dir/crc24_sw.c.obj
[frostflow:rw] [413/419] Building C object zephyr/kernel/CMakeFiles/kernel.dir/sched.c.obj
[frostflow:ro] [269/417] Linking C static library zephyr/lib/libc/common/liblib__libc__common.a
[frostflow:ro] [270/417] Building C object zephyr/subsys/crc/CMakeFiles/subsys__crc.dir/crc32c_sw.c.obj
[frostflow:rw] [414/419] Building C object zephyr/kernel/CMakeFiles/kernel.dir/timer.c.obj
[frostflow:ro] [271/417] Building C object zephyr/subsys/crc/CMakeFiles/subsys__crc.dir/crc32_sw.c.obj
[frostflow:ro] [272/417] Building C object zephyr/subsys/crc/CMakeFiles/subsys__crc.dir/crc32k_4_2_sw.c.obj
[frostflow:ro] [273/417] Building C object zephyr/lib/posix/c_lib_ext/CMakeFiles/lib__posix__c_lib_ext.dir/getentropy.c.obj
[frostflow:ro] [274/417] Building C object zephyr/lib/posix/c_lib_ext/CMakeFiles/lib__posix__c_lib_ext.dir/getopt_shim.c.obj
[frostflow:ro] [275/417] Linking C static library zephyr/subsys/crc/libsubsys__crc.a
[eirtae:ro] [88/261] Building C object zephyr/CMakeFiles/zephyr.dir/subsys/tracing/tracing_none.c.obj
[frostflow:ro] [276/417] Linking C static library zephyr/lib/posix/c_lib_ext/liblib__posix__c_lib_ext.a
[frostflow:rw] [415/419] Building C object zephyr/kernel/CMakeFiles/kernel.dir/events.c.obj
[frostflow:rw] [416/419] Building C object zephyr/kernel/CMakeFiles/kernel.dir/poll.c.obj
[kingler:ro] Configuring.
Running `env -i PYTHONPATH=/usr/lib64/python-exec/python3.11:/mnt/host/source/src/platform/ec/zephyr/zmake:/usr/lib/python311.zip:/usr/lib/python3.11:/usr/lib/python3.11/lib-dynload:/usr/lib/python3.11/site-packages PW_PIGWEED_CIPD_INSTALL_DIR=/usr CROSTC_USER_ACKNOWLEDGES_THAT_RISCV_IS_EXPERIMENTAL=1 PATH=/mnt/host/source/chromite/bin:/usr/local/bin:/usr/bin:/bin:/opt/bin:/mnt/host/source/chromite/sdk/bin:/mnt/host/source/chromite/bin HOME=/home/jpmurphy JAVA_HOME=/etc/java-config-2/current-system-vm JDK_HOME=/etc/java-config-2/current-system-vm JAVAC=/etc/java-config-2/current-system-vm/bin/javac MAKEFLAGS=' -j16 --jobserver-auth=5,6' /usr/bin/cmake -S /mnt/host/source/src/platform/ec/zephyr/program/corsola -B /mnt/host/source/src/platform/ec/build/zephyr/kingler/build-ro -GNinja -DCMAKE_EXPORT_COMPILE_COMMANDS=ON -DZEPHYR_BASE=/mnt/host/source/src/third_party/zephyr/main -DZMAKE_INCLUDE_DIR=/mnt/host/source/src/platform/ec/build/zephyr/kingler/include -DPython3_EXECUTABLE=/usr/bin/python3.11 -DDTS_ROOT=/mnt/host/source/src/platform/ec/zephyr -DSYSCALL_INCLUDE_DIRS=/mnt/host/source/src/platform/ec/zephyr/include/drivers -DUSER_CACHE_DIR=/mnt/host/source/src/platform/ec/build/zephyr/user-cache '-DEXTRA_EC_VERSION_FLAGS=--version 16543.0.0 --static' -DTOOLCHAIN_ROOT=/mnt/host/source/src/platform/ec/zephyr -DCOREBOOT_SDK_ROOT_x86=/home/jpmurphy/.cache/coreboot-sdk/i386-elf/dfbb0486385d938cfa9d73080b9d18d598ed4f49 -DCOREBOOT_SDK_ROOT_picolibc_x86=/home/jpmurphy/.cache/coreboot-sdk/picolibc-i386-elf/eb8e8e687b95461de8cbf278f1c2076952d0ad17 -DCOREBOOT_SDK_ROOT_riscv64=/home/jpmurphy/.cache/coreboot-sdk/riscv64-elf/96b949749225b6aaa92ed810ab769e8dfb12f000 -DCOREBOOT_SDK_ROOT_picolibc_arm=/home/jpmurphy/.cache/coreboot-sdk/picolibc-arm-eabi/422a2aa3e1ef891b5bece9a3deb696ff83840d2e -DCOREBOOT_SDK_ROOT_nds32=/home/jpmurphy/.cache/coreboot-sdk/nds32le-elf/d1a518c4a097666d86058e1444f85ca015d15511 -DCOREBOOT_SDK_ROOT_picolibc_riscv64=/home/jpmurphy/.cache/coreboot-sdk/picolibc-riscv64-elf/f571e990ef0278564b31124f8bb109d9a697eb69 -DCOREBOOT_SDK_ROOT_arm=/home/jpmurphy/.cache/coreboot-sdk/arm-eabi/ea40ddd1d190c3b48435c474c0b545719371813a -DCOREBOOT_SDK_ROOT_libstdcxx_riscv64=/home/jpmurphy/.cache/coreboot-sdk/libstdcxx-riscv64-elf/17abf22a3a252e2d5d2062ced5324f7a623689e0 -DCOREBOOT_SDK_ROOT_libstdcxx_arm=/home/jpmurphy/.cache/coreboot-sdk/libstdcxx-arm-eabi/5d7d82e150e44aa1968f1d366e267e6687b328ac -DCOREBOOT_SDK_ROOT_riscv=/home/jpmurphy/.cache/coreboot-sdk/riscv-elf/9a27b9e82341c6e9126624f516ab3f261abb3e73 -DCOREBOOT_SDK_ROOT_libstdcxx_x86=/home/jpmurphy/.cache/coreboot-sdk/libstdcxx-i386-elf/42ef9d2e87a76a37963175d7d428734e65648b87 -DZEPHYR_TOOLCHAIN_VARIANT=coreboot-sdk '-DZEPHYR_MODULES=/mnt/host/source/src/platform/ec/build/zephyr/kingler/modules/cmsis;/mnt/host/source/src/platform/ec/build/zephyr/kingler/modules/cmsis_6;/mnt/host/source/src/platform/ec/build/zephyr/kingler/modules/ec' -DDTC_OVERLAY_FILE=/mnt/host/source/src/platform/ec/zephyr/program/corsola/kingler/project.overlay -DBOARD=npcx9/npcx9m3f -DCMAKE_C_FLAGS=-DSECTION_IS_RO '-DCONF_FILE=/mnt/host/source/src/platform/ec/zephyr/program/corsola/program.conf;/mnt/host/source/src/platform/ec/zephyr/program/corsola/npcx_program.conf;/mnt/host/source/src/platform/ec/zephyr/program/corsola/kingler/project.conf;/mnt/host/source/src/platform/ec/build/zephyr/kingler/kconfig-ro.conf'`
[kingler:ro] Loading Zephyr default modules (Zephyr base (cached)).
[kingler:ro] -- Application: /mnt/host/source/src/platform/ec/zephyr/program/corsola
[dooku:rw] Configuring.
[frostflow:rw] [417/419] Building C object zephyr/kernel/CMakeFiles/kernel.dir/mempool.c.obj
Running `env -i PYTHONPATH=/usr/lib64/python-exec/python3.11:/mnt/host/source/src/platform/ec/zephyr/zmake:/usr/lib/python311.zip:/usr/lib/python3.11:/usr/lib/python3.11/lib-dynload:/usr/lib/python3.11/site-packages PW_PIGWEED_CIPD_INSTALL_DIR=/usr CROSTC_USER_ACKNOWLEDGES_THAT_RISCV_IS_EXPERIMENTAL=1 PATH=/mnt/host/source/chromite/bin:/usr/local/bin:/usr/bin:/bin:/opt/bin:/mnt/host/source/chromite/sdk/bin:/mnt/host/source/chromite/bin HOME=/home/jpmurphy JAVA_HOME=/etc/java-config-2/current-system-vm JDK_HOME=/etc/java-config-2/current-system-vm JAVAC=/etc/java-config-2/current-system-vm/bin/javac MAKEFLAGS=' -j16 --jobserver-auth=5,6' /usr/bin/cmake -S /mnt/host/source/src/platform/ec/zephyr/program/skywalker -B /mnt/host/source/src/platform/ec/build/zephyr/dooku/build-rw -GNinja -DCMAKE_EXPORT_COMPILE_COMMANDS=ON -DZEPHYR_BASE=/mnt/host/source/src/third_party/zephyr/main -DZMAKE_INCLUDE_DIR=/mnt/host/source/src/platform/ec/build/zephyr/dooku/include -DPython3_EXECUTABLE=/usr/bin/python3.11 -DDTS_ROOT=/mnt/host/source/src/platform/ec/zephyr -DSYSCALL_INCLUDE_DIRS=/mnt/host/source/src/platform/ec/zephyr/include/drivers -DUSER_CACHE_DIR=/mnt/host/source/src/platform/ec/build/zephyr/user-cache '-DEXTRA_EC_VERSION_FLAGS=--version 16543.0.0 --static' -DTOOLCHAIN_ROOT=/mnt/host/source/src/platform/ec/zephyr -DCOREBOOT_SDK_ROOT_x86=/home/jpmurphy/.cache/coreboot-sdk/i386-elf/dfbb0486385d938cfa9d73080b9d18d598ed4f49 -DCOREBOOT_SDK_ROOT_picolibc_x86=/home/jpmurphy/.cache/coreboot-sdk/picolibc-i386-elf/eb8e8e687b95461de8cbf278f1c2076952d0ad17 -DCOREBOOT_SDK_ROOT_riscv64=/home/jpmurphy/.cache/coreboot-sdk/riscv64-elf/96b949749225b6aaa92ed810ab769e8dfb12f000 -DCOREBOOT_SDK_ROOT_picolibc_arm=/home/jpmurphy/.cache/coreboot-sdk/picolibc-arm-eabi/422a2aa3e1ef891b5bece9a3deb696ff83840d2e -DCOREBOOT_SDK_ROOT_nds32=/home/jpmurphy/.cache/coreboot-sdk/nds32le-elf/d1a518c4a097666d86058e1444f85ca015d15511 -DCOREBOOT_SDK_ROOT_picolibc_riscv64=/home/jpmurphy/.cache/coreboot-sdk/picolibc-riscv64-elf/f571e990ef0278564b31124f8bb109d9a697eb69 -DCOREBOOT_SDK_ROOT_arm=/home/jpmurphy/.cache/coreboot-sdk/arm-eabi/ea40ddd1d190c3b48435c474c0b545719371813a -DCOREBOOT_SDK_ROOT_libstdcxx_riscv64=/home/jpmurphy/.cache/coreboot-sdk/libstdcxx-riscv64-elf/17abf22a3a252e2d5d2062ced5324f7a623689e0 -DCOREBOOT_SDK_ROOT_libstdcxx_arm=/home/jpmurphy/.cache/coreboot-sdk/libstdcxx-arm-eabi/5d7d82e150e44aa1968f1d366e267e6687b328ac -DCOREBOOT_SDK_ROOT_riscv=/home/jpmurphy/.cache/coreboot-sdk/riscv-elf/9a27b9e82341c6e9126624f516ab3f261abb3e73 -DCOREBOOT_SDK_ROOT_libstdcxx_x86=/home/jpmurphy/.cache/coreboot-sdk/libstdcxx-i386-elf/42ef9d2e87a76a37963175d7d428734e65648b87 -DZEPHYR_TOOLCHAIN_VARIANT=coreboot-sdk -DZEPHYR_MODULES=/mnt/host/source/src/platform/ec/build/zephyr/dooku/modules/ec -DDTC_OVERLAY_FILE=/mnt/host/source/src/platform/ec/zephyr/program/skywalker/dooku/project.overlay -DBOARD=it8xxx2/it82002aw -DCMAKE_C_FLAGS=-DSECTION_IS_RW '-DCONF_FILE=/mnt/host/source/src/platform/ec/zephyr/program/skywalker/program.conf;/mnt/host/source/src/platform/ec/zephyr/program/skywalker/ite_program.conf;/mnt/host/source/src/platform/ec/zephyr/program/skywalker/dooku/project.conf;/mnt/host/source/src/platform/ec/build/zephyr/dooku/kconfig-rw.conf'`
[dooku:rw] -- Application: /mnt/host/source/src/platform/ec/zephyr/program/skywalker
[dooku:rw] Loading Zephyr default modules (Zephyr base (cached)).
[eirtae:rw] [192/258] Building C object CMakeFiles/app.dir/mnt/host/source/src/platform/ec/build/zephyr/eirtae/modules/ec/common/console_output.c.obj
[frostflow:rw] [418/419] Building C object zephyr/kernel/CMakeFiles/kernel.dir/dynamic_disabled.c.obj
[eirtae:rw] [193/258] Building C object CMakeFiles/app.dir/mnt/host/source/src/platform/ec/build/zephyr/eirtae/modules/ec/common/base32.c.obj
[/mnt/host/source/src/platform/ec/build/zephyr/yaviks-lcov]   /mnt/host/source/src/platform/ec/build/zephyr/yaviks/build-ro/CMakeFiles/app.dir/mnt/host/source/src/platform/ec/build/zephyr/yaviks/modules/ec/common/usb_pd_pdo.c.gcno:no functions found
[/mnt/host/source/src/platform/ec/build/zephyr/yaviks-lcov] stderr:
[eirtae:ro] [89/261] Building C object zephyr/CMakeFiles/zephyr.dir/subsys/shell/modules/kernel_service/kernel_shell.c.obj
[frostflow:rw] [419/419] Linking C static library zephyr/kernel/libkernel.a
[kingler:ro] -- CMake version: 3.31.7
[kingler:ro] -- Found Python3: /usr/bin/python3.11 (found suitable version "3.11.11", minimum required is "3.10") found components: Interpreter
[kingler:ro] -- Cache files will be written to: /mnt/host/source/src/platform/ec/build/zephyr/user-cache
[kingler:ro] -- Zephyr version: 4.3.99 (/mnt/host/source/src/third_party/zephyr/main)
[dooku:rw] -- CMake version: 3.31.7
[dooku:rw] -- Found Python3: /usr/bin/python3.11 (found suitable version "3.11.11", minimum required is "3.10") found components: Interpreter
[dooku:rw] -- Cache files will be written to: /mnt/host/source/src/platform/ec/build/zephyr/user-cache
[dooku:rw] -- Zephyr version: 4.3.99 (/mnt/host/source/src/third_party/zephyr/main)
[frostflow:ro] [277/417] Building C object zephyr/drivers/interrupt_controller/CMakeFiles/drivers__interrupt_controller.dir/intc_miwu.c.obj
[frostflow:ro] [278/417] Building C object zephyr/drivers/adc/CMakeFiles/drivers__adc.dir/adc_common.c.obj
[eirtae:ro] [90/261] Building C object zephyr/CMakeFiles/zephyr.dir/subsys/shell/modules/kernel_service/cycles.c.obj
[frostflow:ro] [279/417] Linking C static library zephyr/drivers/interrupt_controller/libdrivers__interrupt_controller.a
[frostflow:ro] [280/417] Building C object zephyr/drivers/bbram/CMakeFiles/drivers__bbram.dir/bbram_npcx.c.obj
[frostflow:ro] [281/417] Linking C static library zephyr/drivers/bbram/libdrivers__bbram.a
[frostflow:ro] [282/417] Building C object zephyr/drivers/eeprom/CMakeFiles/drivers__eeprom.dir/eeprom_shell.c.obj
[frostflow:ro] [283/417] Building C object zephyr/drivers/clock_control/CMakeFiles/drivers__clock_control.dir/clock_control_npcx.c.obj
[eirtae:ro] [91/261] Building C object zephyr/CMakeFiles/zephyr.dir/subsys/shell/modules/kernel_service/sleep.c.obj
[frostflow:ro] [284/417] Building C object zephyr/drivers/console/CMakeFiles/drivers__console.dir/uart_console.c.obj
[frostflow:ro] [285/417] Building C object zephyr/drivers/adc/CMakeFiles/drivers__adc.dir/adc_npcx.c.obj
[frostflow:ro] [286/417] Linking C static library zephyr/drivers/clock_control/libdrivers__clock_control.a
[frostflow:ro] [287/417] Linking C static library zephyr/drivers/console/libdrivers__console.a
[eirtae:ro] [92/261] Building C object zephyr/CMakeFiles/zephyr.dir/subsys/shell/modules/kernel_service/uptime.c.obj
[eirtae:rw] [194/258] Building C object CMakeFiles/app.dir/mnt/host/source/src/platform/ec/build/zephyr/eirtae/modules/ec/common/ec_features.c.obj
[frostflow:ro] [288/417] Linking C static library zephyr/drivers/adc/libdrivers__adc.a
[eirtae:rw] [195/258] Building C object CMakeFiles/app.dir/mnt/host/source/src/platform/ec/build/zephyr/eirtae/modules/ec/common/gpio_commands.c.obj
[eirtae:rw] [196/258] Building C object CMakeFiles/app.dir/mnt/host/source/src/platform/ec/build/zephyr/eirtae/modules/ec/common/peripheral.c.obj
[eirtae:ro] [93/261] Building C object zephyr/CMakeFiles/zephyr.dir/subsys/shell/modules/kernel_service/version.c.obj
[eirtae:ro] [94/261] Building C object zephyr/CMakeFiles/zephyr.dir/subsys/shell/modules/kernel_service/thread/thread.c.obj
[frostflow:ro] [289/417] Building C object zephyr/drivers/eeprom/CMakeFiles/drivers__eeprom.dir/eeprom_at2x.c.obj
[frostflow:ro] [290/417] Building C object zephyr/drivers/flash/CMakeFiles/drivers__flash.dir/jesd216.c.obj
[frostflow:ro] [291/417] Linking C static library zephyr/drivers/eeprom/libdrivers__eeprom.a
[frostflow:ro] [292/417] Building C object zephyr/drivers/espi/CMakeFiles/drivers__espi.dir/host_subs_npcx.c.obj
[eirtae:ro] [95/261] Building C object zephyr/CMakeFiles/zephyr.dir/subsys/shell/modules/kernel_service/thread/list.c.obj
[eirtae:rw] [197/258] Building C object CMakeFiles/app.dir/mnt/host/source/src/platform/ec/build/zephyr/eirtae/modules/ec/common/printf.c.obj
[eirtae:rw] [198/258] Building C object CMakeFiles/app.dir/mnt/host/source/src/platform/ec/build/zephyr/eirtae/modules/ec/common/queue.c.obj
[frostflow:ro] [293/417] Building C object zephyr/drivers/espi/CMakeFiles/drivers__espi.dir/espi_npcx.c.obj
[frostflow:ro] [294/417] Building C object zephyr/drivers/flash/CMakeFiles/drivers__flash.dir/flash_npcx_fiu_qspi.c.obj
[eirtae:ro] [96/261] Building C object zephyr/CMakeFiles/zephyr.dir/subsys/shell/modules/kernel_service/thread/stacks.c.obj
[frostflow:ro] [295/417] Building C object zephyr/drivers/gpio/CMakeFiles/drivers__gpio.dir/gpio_nct38xx.c.obj
[kingler:ro] -- Board: npcx9, qualifiers: npcx9m3f
[frostflow:ro] [296/417] Linking C static library zephyr/drivers/espi/libdrivers__espi.a
[frostflow:ro] [297/417] Building C object zephyr/drivers/flash/CMakeFiles/drivers__flash.dir/flash_npcx_fiu_nor.c.obj
[eirtae:ro] [97/261] Building C object zephyr/CMakeFiles/zephyr.dir/subsys/shell/modules/kernel_service/thread/unwind.c.obj
[dooku:rw] -- Board: it8xxx2, qualifiers: it82002aw
[frostflow:ro] [298/417] Linking C static library zephyr/drivers/flash/libdrivers__flash.a
[eirtae:rw] [199/258] Building C object CMakeFiles/app.dir/mnt/host/source/src/platform/ec/build/zephyr/eirtae/modules/ec/common/system.c.obj
[eirtae:ro] [98/261] Building C object zephyr/CMakeFiles/zephyr.dir/subsys/shell/modules/kernel_service/thread/suspend.c.obj
[eirtae:ro] [99/261] Building C object zephyr/CMakeFiles/zephyr.dir/subsys/shell/modules/kernel_service/thread/resume.c.obj
[eirtae:rw] [200/258] Building C object CMakeFiles/app.dir/mnt/host/source/src/platform/ec/build/zephyr/eirtae/modules/ec/common/uart_printf.c.obj
[frostflow:ro] [299/417] Building C object zephyr/drivers/i2c/CMakeFiles/drivers__i2c.dir/i2c_common.c.obj
[eirtae:rw] [201/258] Building C object CMakeFiles/app.dir/mnt/host/source/src/platform/ec/build/zephyr/eirtae/modules/ec/common/system_boot_time.c.obj
[frostflow:ro] [300/417] Building C object zephyr/drivers/gpio/CMakeFiles/drivers__gpio.dir/gpio_npcx.c.obj
[eirtae:ro] [100/261] Building C object zephyr/CMakeFiles/zephyr.dir/subsys/shell/modules/kernel_service/thread/kill.c.obj
[frostflow:ro] [301/417] Building C object zephyr/drivers/gpio/CMakeFiles/drivers__gpio.dir/gpio_nct38xx_port.c.obj
[frostflow:ro] [302/417] Building C object zephyr/drivers/i2c/CMakeFiles/drivers__i2c.dir/i2c_npcx_controller_fifo.c.obj
[frostflow:ro] [303/417] Building C object zephyr/drivers/i2c/CMakeFiles/drivers__i2c.dir/i2c_shell.c.obj
[frostflow:ro] [304/417] Linking C static library zephyr/drivers/gpio/libdrivers__gpio.a
[frostflow:ro] [305/417] Building C object zephyr/drivers/i2c/CMakeFiles/drivers__i2c.dir/i2c_npcx_controller.c.obj
[eirtae:rw] [202/258] Building C object CMakeFiles/app.dir/mnt/host/source/src/platform/ec/build/zephyr/eirtae/modules/ec/common/util.c.obj
[frostflow:ro] [306/417] Building C object zephyr/drivers/i2c/CMakeFiles/drivers__i2c.dir/i2c_npcx_port.c.obj
[frostflow:ro] [307/417] Building C object zephyr/drivers/sensor/CMakeFiles/drivers__sensor.dir/mnt/host/source/src/third_party/zephyr/main/misc/empty_file.c.obj
[eirtae:ro] [101/261] Building C object zephyr/CMakeFiles/zephyr.dir/subsys/shell/backends/shell_uart.c.obj
[frostflow:ro] [308/417] Linking C static library zephyr/drivers/i2c/libdrivers__i2c.a
[frostflow:ro] [309/417] Linking C static library zephyr/drivers/sensor/libdrivers__sensor.a
[frostflow:ro] [310/417] Building C object zephyr/drivers/pinctrl/CMakeFiles/drivers__pinctrl.dir/common.c.obj
[eirtae:rw] [203/258] Building C object CMakeFiles/app.dir/mnt/host/source/src/platform/ec/build/zephyr/eirtae/modules/ec/common/version.c.obj
[eirtae:rw] [204/258] Building C object CMakeFiles/app.dir/mnt/host/source/src/platform/ec/build/zephyr/eirtae/modules/ec/third_party/boringssl/common/curve25519.c.obj
[eirtae:ro] [102/261] Building C object zephyr/CMakeFiles/zephyr.dir/subsys/shell/shell_fprintf.c.obj
[frostflow:ro] [311/417] Building C object zephyr/drivers/mfd/CMakeFiles/drivers__mfd.dir/mfd_nct38xx.c.obj
[frostflow:ro] [312/417] Linking C static library zephyr/drivers/mfd/libdrivers__mfd.a
[frostflow:ro] [313/417] Building C object zephyr/drivers/pinctrl/CMakeFiles/drivers__pinctrl.dir/pinctrl_npcx.c.obj
[eirtae:ro] [103/261] Building C object zephyr/CMakeFiles/zephyr.dir/subsys/shell/shell.c.obj
[frostflow:ro] [314/417] Linking C static library zephyr/drivers/pinctrl/libdrivers__pinctrl.a
[kingler:ro] -- Found Dtc: /usr/bin/dtc (found suitable version "1.6.0", minimum required is "1.4.6")
[frostflow:ro] [315/417] Building C object zephyr/drivers/pwm/CMakeFiles/drivers__pwm.dir/pwm_shell.c.obj
[kingler:ro] -- Found BOARD.dts: /mnt/host/source/src/platform/ec/zephyr/boards/google/npcx9/npcx9_npcx9m3f.dts
[eirtae:ro] [104/261] Building C object zephyr/CMakeFiles/zephyr.dir/subsys/shell/shell_utils.c.obj
[frostflow:ro] [316/417] Building C object zephyr/drivers/pwm/CMakeFiles/drivers__pwm.dir/pwm_npcx.c.obj
[dooku:rw] -- Found Dtc: /usr/bin/dtc (found suitable version "1.6.0", minimum required is "1.4.6")
[dooku:rw] -- Found BOARD.dts: /mnt/host/source/src/platform/ec/zephyr/boards/google/it8xxx2/it8xxx2_it82002aw.dts
[dooku:rw] -- Found devicetree overlay: /mnt/host/source/src/platform/ec/zephyr/program/skywalker/dooku/project.overlay
[eirtae:rw] [205/258] Building C object CMakeFiles/app.dir/mnt/host/source/src/platform/ec/build/zephyr/eirtae/modules/ec/third_party/boringssl/common/curve25519-generic.c.obj
[eirtae:rw] [206/258] Building C object CMakeFiles/app.dir/mnt/host/source/src/platform/ec/build/zephyr/eirtae/modules/ec/common/memory_commands.c.obj
[frostflow:ro] [317/417] Linking C static library zephyr/drivers/pwm/libdrivers__pwm.a
[frostflow:ro] [318/417] Building C object zephyr/drivers/syscon/CMakeFiles/drivers__syscon.dir/syscon.c.obj
[frostflow:ro] [319/417] Building C object zephyr/drivers/sensor/nuvoton/nuvoton_tach_npcx/CMakeFiles/drivers__sensor__nuvoton__nuvoton_tach_npcx.dir/tach_nuvoton_npcx.c.obj
[frostflow:ro] [320/417] Linking C static library zephyr/drivers/syscon/libdrivers__syscon.a
[frostflow:ro] [321/417] Linking C static library zephyr/drivers/sensor/nuvoton/nuvoton_tach_npcx/libdrivers__sensor__nuvoton__nuvoton_tach_npcx.a
[frostflow:ro] [322/417] Building C object zephyr/drivers/serial/CMakeFiles/drivers__serial.dir/uart_npcx.c.obj
[eirtae:rw] [207/258] Building C object CMakeFiles/app.dir/mnt/host/source/src/platform/ec/build/zephyr/eirtae/modules/ec/common/flash.c.obj
[frostflow:ro] [323/417] Linking C static library zephyr/drivers/serial/libdrivers__serial.a
[eirtae:ro] [105/261] Building C object zephyr/CMakeFiles/zephyr.dir/subsys/shell/shell_ops.c.obj
[frostflow:ro] [324/417] Building C object zephyr/drivers/timer/CMakeFiles/drivers__timer.dir/sys_clock_init.c.obj
[eirtae:ro] [106/261] Building C object zephyr/CMakeFiles/zephyr.dir/subsys/shell/shell_help.c.obj
[eirtae:ro] [107/261] Building C object zephyr/CMakeFiles/zephyr.dir/subsys/shell/shell_history.c.obj
[frostflow:ro] [325/417] Building C object zephyr/drivers/watchdog/CMakeFiles/drivers__watchdog.dir/wdt_npcx.c.obj
[frostflow:ro] [326/417] Building C object zephyr/drivers/timer/CMakeFiles/drivers__timer.dir/npcx_itim_timer.c.obj
[frostflow:ro] [327/417] Linking C static library zephyr/drivers/timer/libdrivers__timer.a
[eirtae:rw] [208/258] Building C object CMakeFiles/app.dir/mnt/host/source/src/platform/ec/build/zephyr/eirtae/modules/ec/common/i2c_passthru.c.obj
[eirtae:rw] [209/258] Building C object CMakeFiles/app.dir/mnt/host/source/src/platform/ec/build/zephyr/eirtae/modules/ec/common/i2c_controller.c.obj
[frostflow:ro] [328/417] Building C object zephyr/drivers/watchdog/CMakeFiles/drivers__watchdog.dir/wdt_shell.c.obj
[eirtae:ro] [108/261] Building C object zephyr/arch/common/CMakeFiles/arch__common.dir/sw_isr_common.c.obj
[frostflow:ro] [329/417] Linking C static library zephyr/drivers/watchdog/libdrivers__watchdog.a
[eirtae:ro] [109/261] Building C object zephyr/CMakeFiles/zephyr.dir/drivers/flash/flash_util.c.obj
[eirtae:ro] [110/261] Building C object zephyr/arch/common/CMakeFiles/arch__common.dir/dynamic_isr.c.obj
[eirtae:ro] [111/261] Linking C static library zephyr/libzephyr.a
[frostflow:ro] [330/417] Building C object modules/ec/zephyr/CMakeFiles/ec_shim.dir/app/ec/main_shim.c.obj
[eirtae:rw] [210/258] Building C object CMakeFiles/app.dir/mnt/host/source/src/platform/ec/build/zephyr/eirtae/modules/ec/common/keyboard_scan.c.obj
[frostflow:ro] [331/417] Building C object modules/ec/zephyr/CMakeFiles/ec_shim.dir/app/ec/ec_app_main.c.obj
[eirtae:ro] [112/261] Building C object zephyr/arch/common/CMakeFiles/arch__common.dir/init.c.obj
[frostflow:ro] [332/417] Building C object modules/ec/zephyr/CMakeFiles/ec_shim.dir/drivers/cros_flash/cros_flash_npcx.c.obj
[frostflow:ro] [333/417] Building C object modules/ec/zephyr/CMakeFiles/ec_shim.dir/drivers/cros_kb_raw/cros_kb_raw_npcx.c.obj
[frostflow:ro] [334/417] Building C object modules/ec/zephyr/CMakeFiles/ec_shim.dir/drivers/cros_kblight/pwm_kblight.c.obj
[eirtae:rw] [211/258] Building C object CMakeFiles/app.dir/mnt/host/source/src/platform/ec/build/zephyr/eirtae/modules/ec/common/panic_output.c.obj
[eirtae:ro] [113/261] Building C object zephyr/arch/common/CMakeFiles/isr_tables.dir/isr_tables.c.obj
[eirtae:rw] [212/258] Building C object CMakeFiles/app.dir/mnt/host/source/src/platform/ec/build/zephyr/eirtae/modules/ec/common/vboot/vb21_lib.c.obj
[eirtae:ro] [114/261] Building C object zephyr/arch/common/CMakeFiles/arch__common.dir/xip.c.obj
[eirtae:ro] [115/261] Linking C static library zephyr/arch/common/libisr_tables.a
[eirtae:ro] [116/261] Linking C static library zephyr/arch/common/libarch__common.a
[dooku:rw] -- Generated zephyr.dts: /mnt/host/source/src/platform/ec/build/zephyr/dooku/build-rw/zephyr/zephyr.dts
[dooku:rw] -- Generated pickled edt: /mnt/host/source/src/platform/ec/build/zephyr/dooku/build-rw/zephyr/edt.pickle
[frostflow:ro] [335/417] Building C object modules/ec/zephyr/CMakeFiles/ec_shim.dir/drivers/cros_system/cros_system_npcx.c.obj
[eirtae:ro] [117/261] Building C object zephyr/arch/arch/riscv/core/CMakeFiles/arch__riscv__core.dir/cpu_idle.c.obj
[kingler:ro] -- Found devicetree overlay: /mnt/host/source/src/platform/ec/zephyr/program/corsola/kingler/project.overlay
[kingler:ro] -- Generated zephyr.dts: /mnt/host/source/src/platform/ec/build/zephyr/kingler/build-ro/zephyr/zephyr.dts
[eirtae:rw] [213/258] Building C object CMakeFiles/app.dir/mnt/host/source/src/platform/ec/build/zephyr/eirtae/modules/ec/common/rollback.c.obj
[frostflow:ro] [336/417] Building C object modules/ec/zephyr/CMakeFiles/ec_shim.dir/drivers/vivaldi_kbd/vivaldi_kbd.c.obj
[frostflow:ro] [337/417] Building C object modules/ec/zephyr/CMakeFiles/ec_shim.dir/shim/chip/npcx/clock.c.obj
[frostflow:ro] [338/417] Building C object modules/ec/zephyr/CMakeFiles/ec_shim.dir/shim/chip/npcx/gpio.c.obj
[frostflow:ro] [339/417] Building C object modules/ec/zephyr/CMakeFiles/ec_shim.dir/shim/chip/npcx/rom_chip.c.obj
[eirtae:rw] [214/258] Building C object CMakeFiles/app.dir/mnt/host/source/src/platform/ec/build/zephyr/eirtae/modules/ec/common/sha256.c.obj
[eirtae:ro] [118/261] Building C object zephyr/arch/arch/riscv/core/CMakeFiles/arch__riscv__core.dir/prep_c.c.obj
[dooku:rw] -- Generated devicetree_generated.h: /mnt/host/source/src/platform/ec/build/zephyr/dooku/build-rw/zephyr/include/generated/zephyr/devicetree_generated.h
[frostflow:ro] [340/417] Building C object modules/ec/zephyr/CMakeFiles/ec_shim.dir/shim/chip/npcx/keyboard_raw.c.obj
[eirtae:ro] [119/261] Building C object zephyr/arch/arch/riscv/core/CMakeFiles/arch__riscv__core.dir/irq_manage.c.obj
[eirtae:rw] [215/258] Building C object CMakeFiles/app.dir/mnt/host/source/src/platform/ec/build/zephyr/eirtae/modules/ec/common/shared_mem.c.obj
[eirtae:ro] [120/261] Building C object zephyr/arch/arch/riscv/core/CMakeFiles/arch__riscv__core.dir/fatal.c.obj
[kingler:ro] -- Generated pickled edt: /mnt/host/source/src/platform/ec/build/zephyr/kingler/build-ro/zephyr/edt.pickle
[kingler:ro] -- Generated devicetree_generated.h: /mnt/host/source/src/platform/ec/build/zephyr/kingler/build-ro/zephyr/include/generated/zephyr/devicetree_generated.h
[frostflow:ro] [341/417] Building C object modules/ec/zephyr/CMakeFiles/ec_shim.dir/shim/chip/npcx/system.c.obj
[frostflow:ro] [342/417] Building C object modules/ec/zephyr/CMakeFiles/ec_shim.dir/shim/src/crc.c.obj
[eirtae:rw] [216/258] Building C object CMakeFiles/app.dir/mnt/host/source/src/platform/ec/build/zephyr/eirtae/modules/ec/common/timer.c.obj
[eirtae:ro] [121/261] Building C object zephyr/arch/arch/riscv/core/CMakeFiles/arch__riscv__core.dir/reboot.c.obj
[frostflow:ro] [343/417] Building C object modules/ec/zephyr/CMakeFiles/ec_shim.dir/shim/chip/npcx/system_external_storage.c.obj
[eirtae:ro] [122/261] Building ASM object zephyr/arch/arch/riscv/core/CMakeFiles/arch__riscv__core.dir/reset.S.obj
[eirtae:rw] [217/258] Building C object CMakeFiles/app.dir/mnt/host/source/src/platform/ec/build/zephyr/eirtae/modules/ec/common/update_fw.c.obj
[eirtae:ro] [123/261] Building ASM object zephyr/arch/arch/riscv/core/CMakeFiles/arch__riscv__core.dir/switch.S.obj
[frostflow:ro] [344/417] Building C object modules/ec/zephyr/CMakeFiles/ec_shim.dir/shim/core/cortex-m/panic.c.obj
[frostflow:ro] [345/417] Building C object modules/ec/zephyr/CMakeFiles/ec_shim.dir/shim/chip/npcx/power_policy.c.obj
[frostflow:ro] [346/417] Building C object modules/ec/zephyr/CMakeFiles/ec_shim.dir/shim/core/cortex-m/mpu.c.obj
[frostflow:ro] [347/417] Building C object modules/ec/zephyr/CMakeFiles/ec_shim.dir/shim/src/console.c.obj
[eirtae:rw] [218/258] Building C object CMakeFiles/app.dir/mnt/host/source/src/platform/ec/build/zephyr/eirtae/modules/ec/common/usb_update.c.obj
[eirtae:rw] [219/258] Building C object CMakeFiles/app.dir/mnt/host/source/src/platform/ec/build/zephyr/eirtae/modules/ec/common/queue_policies.c.obj
[eirtae:rw] [220/258] Building C object CMakeFiles/app.dir/src/fakes.c.obj
[eirtae:ro] [124/261] Building ASM object zephyr/arch/arch/riscv/core/CMakeFiles/arch__riscv__core.dir/isr.S.obj
[eirtae:rw] [221/258] Building C object CMakeFiles/app.dir/src/one_wire.c.obj
[eirtae:ro] [125/261] Generating ../../../include/generated/libc/minimal/strerror_table.h
[eirtae:ro] [126/261] Building C object zephyr/arch/arch/riscv/core/CMakeFiles/arch__riscv__core.dir/thread.c.obj
[frostflow:ro] [348/417] Building C object modules/ec/zephyr/CMakeFiles/ec_shim.dir/shim/src/gpio_int.c.obj
[eirtae:rw] [222/258] Linking C static library modules/ec/zephyr/libec_shim.a
[frostflow:ro] [349/417] Building C object modules/ec/zephyr/CMakeFiles/ec_shim.dir/shim/src/gpio.c.obj
[/mnt/host/source/src/platform/ec/build/zephyr/yaviks-lcov]   /mnt/host/source/src/platform/ec/build/zephyr/yaviks/build-ro/CMakeFiles/app.dir/mnt/host/source/src/platform/ec/build/zephyr/yaviks/modules/ec/common/chargen.c.gcno:no functions found
[/mnt/host/source/src/platform/ec/build/zephyr/yaviks-lcov] stderr:
[eirtae:ro] [127/261] Building C object zephyr/lib/libc/minimal/CMakeFiles/lib__libc__minimal.dir/source/stdlib/atoi.c.obj
[eirtae:ro] [128/261] Building C object zephyr/arch/arch/riscv/core/CMakeFiles/arch__riscv__core.dir/stacktrace.c.obj
[eirtae:ro] [129/261] Linking C static library zephyr/arch/arch/riscv/core/libarch__riscv__core.a
[eirtae:ro] [130/261] Building C object zephyr/lib/libc/minimal/CMakeFiles/lib__libc__minimal.dir/source/stdlib/strtol.c.obj
[dooku:rw] /mnt/host/source/src/platform/ec/build/zephyr/dooku/build-rw/zephyr/zephyr.dts:1258.27-1988.5: Warning (avoid_unnecessary_addr_size): /soc/pin-controller: unnecessary #address-cells/#size-cells without "ranges" or child "reg" property
[frostflow:ro] [350/417] Building C object modules/ec/zephyr/CMakeFiles/ec_shim.dir/shim/src/panic_utils.c.obj
[eirtae:ro] [131/261] Building C object zephyr/lib/libc/minimal/CMakeFiles/lib__libc__minimal.dir/source/stdlib/strtoul.c.obj
[eirtae:rw] [223/258] Building C object CMakeFiles/app.dir/mnt/host/source/src/platform/ec/build/zephyr/eirtae/modules/ec/driver/touchpad_focal.c.obj
[frostflow:ro] [351/417] Building C object modules/ec/zephyr/CMakeFiles/ec_shim.dir/shim/src/cbi/cros_cbi.c.obj
[eirtae:rw] [224/258] Building C object CMakeFiles/app.dir/mnt/host/source/src/platform/ec/build/zephyr/eirtae/modules/ec/common/math_util.c.obj
[frostflow:ro] [352/417] Building C object modules/ec/zephyr/CMakeFiles/ec_shim.dir/shim/src/pm_state.c.obj
[eirtae:ro] [132/261] Building C object zephyr/lib/libc/minimal/CMakeFiles/lib__libc__minimal.dir/source/stdlib/strtoull.c.obj
[eirtae:ro] [133/261] Building C object zephyr/lib/libc/minimal/CMakeFiles/lib__libc__minimal.dir/source/stdlib/strtoll.c.obj
[eirtae:ro] [134/261] Building C object zephyr/lib/libc/minimal/CMakeFiles/lib__libc__minimal.dir/source/stdlib/bsearch.c.obj
[frostflow:ro] [353/417] Building ASM object modules/ec/zephyr/CMakeFiles/ec_shim.dir/shim/src/libgcc_arm.S.obj
[eirtae:rw] [225/258] Linking C static library app/libapp.a
[frostflow:ro] [354/417] Building C object modules/ec/zephyr/CMakeFiles/ec_shim.dir/shim/src/cbi/cros_cbi_fw_config.c.obj
[frostflow:ro] [355/417] Building C object modules/ec/zephyr/CMakeFiles/ec_shim.dir/shim/src/cbi/cbi_eeprom.c.obj
[eirtae:rw] [226/258] Building C object zephyr/kernel/CMakeFiles/kernel.dir/main_weak.c.obj
[eirtae:ro] [135/261] Building C object zephyr/lib/libc/minimal/CMakeFiles/lib__libc__minimal.dir/source/stdlib/qsort.c.obj
[eirtae:ro] [136/261] Building C object zephyr/lib/libc/minimal/CMakeFiles/lib__libc__minimal.dir/source/string/strerror.c.obj
[eirtae:rw] [227/258] Building C object zephyr/kernel/CMakeFiles/kernel.dir/banner.c.obj
[eirtae:ro] [137/261] Building C object zephyr/lib/libc/minimal/CMakeFiles/lib__libc__minimal.dir/source/string/strncasecmp.c.obj
[eirtae:ro] [138/261] Building C object zephyr/lib/libc/minimal/CMakeFiles/lib__libc__minimal.dir/source/stdlib/exit.c.obj
[eirtae:ro] [139/261] Building C object zephyr/lib/libc/minimal/CMakeFiles/lib__libc__minimal.dir/source/string/strstr.c.obj
[eirtae:rw] [228/258] Building C object zephyr/kernel/CMakeFiles/kernel.dir/busy_wait.c.obj
[frostflow:ro] [356/417] Building C object modules/ec/zephyr/CMakeFiles/ec_shim.dir/shim/src/led_driver/led_pwm.c.obj
[eirtae:ro] [140/261] Building C object zephyr/lib/libc/minimal/CMakeFiles/lib__libc__minimal.dir/source/string/string.c.obj
[eirtae:ro] [141/261] Building C object zephyr/lib/libc/minimal/CMakeFiles/lib__libc__minimal.dir/source/string/strspn.c.obj
[frostflow:ro] [357/417] Building C object modules/ec/zephyr/CMakeFiles/ec_shim.dir/shim/src/system.c.obj
[frostflow:ro] [358/417] Building C object modules/ec/zephyr/CMakeFiles/ec_shim.dir/shim/src/led_driver/led.c.obj
[eirtae:rw] [229/258] Building C object zephyr/kernel/CMakeFiles/kernel.dir/device.c.obj
[frostflow:ro] [359/417] Building C object modules/ec/zephyr/CMakeFiles/ec_shim.dir/shim/src/charger.c.obj
[eirtae:rw] [230/258] Building C object zephyr/kernel/CMakeFiles/kernel.dir/errno.c.obj
[frostflow:ro] [360/417] Building C object modules/ec/zephyr/CMakeFiles/ec_shim.dir/shim/src/battery.c.obj
[eirtae:ro] [142/261] Building C object zephyr/lib/libc/minimal/CMakeFiles/lib__libc__minimal.dir/source/stdout/stdout_console.c.obj
[frostflow:ro] [361/417] Building C object modules/ec/zephyr/CMakeFiles/ec_shim.dir/shim/src/adc.c.obj
[eirtae:ro] [143/261] Building C object zephyr/lib/libc/minimal/CMakeFiles/lib__libc__minimal.dir/source/stdout/sprintf.c.obj
[eirtae:ro] [144/261] Building C object zephyr/lib/libc/minimal/CMakeFiles/lib__libc__minimal.dir/source/stdout/fprintf.c.obj
[eirtae:rw] [231/258] Building C object zephyr/kernel/CMakeFiles/kernel.dir/fatal.c.obj
[frostflow:ro] [362/417] Building C object modules/ec/zephyr/CMakeFiles/ec_shim.dir/shim/src/espi.c.obj
[eirtae:ro] [145/261] Building C object zephyr/lib/libc/minimal/CMakeFiles/lib__libc__minimal.dir/source/math/sqrtf.c.obj
[eirtae:ro] [146/261] Building C object zephyr/lib/libc/minimal/CMakeFiles/lib__libc__minimal.dir/source/math/sqrt.c.obj
[eirtae:rw] [232/258] Building C object zephyr/kernel/CMakeFiles/kernel.dir/init.c.obj
[eirtae:rw] [233/258] Building C object zephyr/kernel/CMakeFiles/kernel.dir/kheap.c.obj
[eirtae:ro] [147/261] Building C object zephyr/lib/libc/minimal/CMakeFiles/lib__libc__minimal.dir/source/time/gmtime.c.obj
[eirtae:ro] [148/261] Linking C static library zephyr/lib/libc/minimal/liblib__libc__minimal.a
[eirtae:ro] [149/261] Building C object zephyr/lib/libc/common/CMakeFiles/lib__libc__common.dir/source/time/asctime.c.obj
[frostflow:ro] [363/417] Building C object modules/ec/zephyr/CMakeFiles/ec_shim.dir/shim/src/flash.c.obj
[frostflow:ro] [364/417] Building C object modules/ec/zephyr/CMakeFiles/ec_shim.dir/shim/src/fan.c.obj
[eirtae:rw] [234/258] Building C object zephyr/kernel/CMakeFiles/kernel.dir/mem_slab.c.obj
[frostflow:ro] [365/417] Building C object modules/ec/zephyr/CMakeFiles/ec_shim.dir/shim/src/hooks.c.obj
[eirtae:rw] [235/258] Building C object zephyr/kernel/CMakeFiles/kernel.dir/version.c.obj
[eirtae:ro] [150/261] Building C object zephyr/lib/libc/common/CMakeFiles/lib__libc__common.dir/source/stdlib/abort.c.obj
[eirtae:ro] [151/261] Building C object zephyr/lib/libc/common/CMakeFiles/lib__libc__common.dir/source/time/gmtime_r.c.obj
[frostflow:ro] [366/417] Building C object modules/ec/zephyr/CMakeFiles/ec_shim.dir/shim/src/host_command.c.obj
[eirtae:ro] [152/261] Building C object zephyr/lib/libc/common/CMakeFiles/lib__libc__common.dir/source/time/localtime_r_utc.c.obj
[frostflow:ro] [367/417] Building C object modules/ec/zephyr/CMakeFiles/ec_shim.dir/shim/src/keyboard_raw.c.obj
[frostflow:ro] [368/417] Building C object modules/ec/zephyr/CMakeFiles/ec_shim.dir/shim/src/console_buffer.c.obj
[frostflow:ro] [369/417] Building C object modules/ec/zephyr/CMakeFiles/ec_shim.dir/shim/src/keyscan.c.obj
[eirtae:ro] [153/261] Building C object zephyr/lib/libc/common/CMakeFiles/lib__libc__common.dir/source/time/time.c.obj
[eirtae:ro] [154/261] Building C object zephyr/lib/libc/common/CMakeFiles/lib__libc__common.dir/source/time/ctime.c.obj
[eirtae:rw] [236/258] Building C object zephyr/kernel/CMakeFiles/kernel.dir/float.c.obj
[eirtae:ro] [155/261] Building C object zephyr/lib/libc/common/CMakeFiles/lib__libc__common.dir/source/string/strnlen.c.obj
[eirtae:rw] [237/258] Building C object zephyr/kernel/CMakeFiles/kernel.dir/mailbox.c.obj
[eirtae:ro] [156/261] Building C object zephyr/lib/posix/c_lib_ext/CMakeFiles/lib__posix__c_lib_ext.dir/fnmatch.c.obj
[eirtae:rw] [238/258] Building C object zephyr/kernel/CMakeFiles/kernel.dir/idle.c.obj
[kingler:ro] warning: SHELL_TAB_AUTOCOMPLETION (defined at
[kingler:ro] /mnt/host/source/src/platform/ec/zephyr/app/ec/Kconfig:188, subsys/shell/Kconfig:131) was assigned
[kingler:ro] the value 'y' but got the value 'n'. See
[kingler:ro] http://docs.zephyrproject.org/latest/kconfig.html#CONFIG_SHELL_TAB_AUTOCOMPLETION and/or look up
[kingler:ro] SHELL_TAB_AUTOCOMPLETION in the menuconfig/guiconfig interface. The Application Development Primer,
[kingler:ro] Setting Configuration Values, and Kconfig - Tips and Best Practices sections of the manual might be
[kingler:ro] helpful too.
[kingler:ro] warning: PLATFORM_EC_LED_COMMON (defined at /mnt/host/source/src/platform/ec/zephyr/Kconfig.led:5)
[kingler:ro] was assigned the value 'y' but got the value 'n'. Check these unsatisfied dependencies:
[kingler:ro] (!PLATFORM_EC_LED_DT) (=n). See
[kingler:ro] http://docs.zephyrproject.org/latest/kconfig.html#CONFIG_PLATFORM_EC_LED_COMMON and/or look up
[kingler:ro] PLATFORM_EC_LED_COMMON in the menuconfig/guiconfig interface. The Application Development Primer,
[kingler:ro] Setting Configuration Values, and Kconfig - Tips and Best Practices sections of the manual might be
[kingler:ro] helpful too.
[kingler:ro] warning: PLATFORM_EC_LED_ONOFF_STATES (defined at
[kingler:ro] /mnt/host/source/src/platform/ec/zephyr/Kconfig.led:157) was assigned the value 'y' but got the
[kingler:ro] value 'n'. Check these unsatisfied dependencies: PLATFORM_EC_LED_COMMON (=n). See
[kingler:ro] http://docs.zephyrproject.org/latest/kconfig.html#CONFIG_PLATFORM_EC_LED_ONOFF_STATES and/or look up
[kingler:ro] PLATFORM_EC_LED_ONOFF_STATES in the menuconfig/guiconfig interface. The Application Development
[kingler:ro] Primer, Setting Configuration Values, and Kconfig - Tips and Best Practices sections of the manual
[kingler:ro] might be helpful too.
[kingler:ro] warning: Deprecated symbol I2C_ALLOW_NO_STOP_TRANSACTIONS is enabled.
[frostflow:ro] [370/417] Building C object modules/ec/zephyr/CMakeFiles/ec_shim.dir/shim/src/mkbp_event.c.obj
[eirtae:ro] [157/261] Building C object zephyr/lib/libc/common/CMakeFiles/lib__libc__common.dir/source/stdlib/malloc.c.obj
[eirtae:ro] [158/261] Linking C static library zephyr/lib/libc/common/liblib__libc__common.a
[dooku:rw] warning: Deprecated symbol I2C_ALLOW_NO_STOP_TRANSACTIONS is enabled.
[frostflow:ro] [371/417] Building C object modules/ec/zephyr/CMakeFiles/ec_shim.dir/shim/src/panic.c.obj
[frostflow:ro] [372/417] Building C object modules/ec/zephyr/CMakeFiles/ec_shim.dir/shim/src/motionsense_sensors.c.obj
[frostflow:ro] [373/417] Building C object modules/ec/zephyr/CMakeFiles/ec_shim.dir/shim/src/hwtimer.c.obj
[eirtae:ro] [159/261] Building C object zephyr/subsys/crc/CMakeFiles/subsys__crc.dir/crc4_sw.c.obj
[frostflow:ro] [374/417] Building C object modules/ec/zephyr/CMakeFiles/ec_shim.dir/shim/src/thermal.c.obj
[eirtae:rw] [239/258] Building C object zephyr/kernel/CMakeFiles/kernel.dir/msg_q.c.obj
[eirtae:ro] [160/261] Building C object zephyr/lib/posix/c_lib_ext/CMakeFiles/lib__posix__c_lib_ext.dir/getentropy.c.obj
[frostflow:ro] [375/417] Building C object modules/ec/zephyr/CMakeFiles/ec_shim.dir/shim/src/pwm_hc.c.obj
[eirtae:ro] [161/261] Building C object zephyr/lib/posix/c_lib_ext/CMakeFiles/lib__posix__c_lib_ext.dir/getopt_shim.c.obj
[eirtae:ro] [162/261] Linking C static library zephyr/lib/posix/c_lib_ext/liblib__posix__c_lib_ext.a
[eirtae:ro] [163/261] Building C object zephyr/subsys/crc/CMakeFiles/subsys__crc.dir/crc8_sw.c.obj
[kingler:ro] Parsing /mnt/host/source/src/platform/ec/zephyr/program/corsola/Kconfig
[frostflow:ro] [376/417] Building C object modules/ec/zephyr/CMakeFiles/ec_shim.dir/shim/src/temp_sensors.c.obj
[eirtae:ro] [164/261] Building C object zephyr/subsys/crc/CMakeFiles/subsys__crc.dir/crc16_sw.c.obj
[eirtae:ro] [165/261] Building C object zephyr/subsys/crc/CMakeFiles/subsys__crc.dir/crc7_sw.c.obj
[eirtae:rw] [240/258] Building C object zephyr/kernel/CMakeFiles/kernel.dir/mutex.c.obj
[eirtae:rw] [241/258] Building C object zephyr/kernel/CMakeFiles/kernel.dir/queue.c.obj
[eirtae:ro] [166/261] Building C object zephyr/subsys/crc/CMakeFiles/subsys__crc.dir/crc24_sw.c.obj
[dooku:rw] Parsing /mnt/host/source/src/platform/ec/zephyr/program/skywalker/Kconfig
[eirtae:ro] [167/261] Building C object zephyr/subsys/crc/CMakeFiles/subsys__crc.dir/crc32c_sw.c.obj
[eirtae:ro] [168/261] Building C object zephyr/subsys/crc/CMakeFiles/subsys__crc.dir/crc32_sw.c.obj
[eirtae:ro] [169/261] Building C object zephyr/subsys/crc/CMakeFiles/subsys__crc.dir/crc32k_4_2_sw.c.obj
[eirtae:ro] [170/261] Linking C static library zephyr/subsys/crc/libsubsys__crc.a
[eirtae:rw] [242/258] Building C object zephyr/kernel/CMakeFiles/kernel.dir/sem.c.obj
[frostflow:ro] [377/417] Building C object modules/ec/zephyr/CMakeFiles/ec_shim.dir/shim/src/i2c.c.obj
[eirtae:rw] [243/258] Building C object zephyr/kernel/CMakeFiles/kernel.dir/system_work_q.c.obj
[frostflow:ro] [378/417] Building C object modules/ec/zephyr/CMakeFiles/ec_shim.dir/shim/src/bc12.c.obj
[frostflow:ro] [379/417] Building C object modules/ec/zephyr/CMakeFiles/ec_shim.dir/shim/src/watchdog.c.obj
[frostflow:ro] [380/417] Building C object modules/ec/zephyr/CMakeFiles/ec_shim.dir/shim/src/tasks.c.obj
[eirtae:rw] [244/258] Building C object zephyr/kernel/CMakeFiles/kernel.dir/stack.c.obj
[eirtae:ro] [171/261] Building C object zephyr/drivers/interrupt_controller/CMakeFiles/drivers__interrupt_controller.dir/wuc_ite_it8xxx2.c.obj
[eirtae:ro] [172/261] Building C object zephyr/drivers/interrupt_controller/CMakeFiles/drivers__interrupt_controller.dir/intc_ite_it8xxx2_v2.c.obj
[frostflow:ro] [381/417] Building C object modules/ec/zephyr/CMakeFiles/ec_shim.dir/shim/src/ppc.c.obj
[frostflow:ro] [382/417] Building C object modules/ec/zephyr/CMakeFiles/ec_shim.dir/shim/src/bc12_pi3usb9201.c.obj
[kingler:ro] Loaded configuration '/mnt/host/source/src/platform/ec/zephyr/boards/google/npcx9/npcx9_npcx9m3f_defconfig'
[kingler:ro] Merged configuration '/mnt/host/source/src/platform/ec/zephyr/program/corsola/program.conf'
[kingler:ro] Merged configuration '/mnt/host/source/src/platform/ec/zephyr/program/corsola/npcx_program.conf'
[kingler:ro] Merged configuration '/mnt/host/source/src/platform/ec/zephyr/program/corsola/kingler/project.conf'
[kingler:ro] Merged configuration '/mnt/host/source/src/platform/ec/build/zephyr/kingler/kconfig-ro.conf'
[kingler:ro] Configuration saved to '/mnt/host/source/src/platform/ec/build/zephyr/kingler/build-ro/zephyr/.config'
[kingler:ro] Kconfig header saved to '/mnt/host/source/src/platform/ec/build/zephyr/kingler/build-ro/zephyr/include/generated/zephyr/autoconf.h'
[kingler:ro] -- Found GnuLd: /home/jpmurphy/.cache/coreboot-sdk/arm-eabi/ea40ddd1d190c3b48435c474c0b545719371813a/arm-eabi/bin/ld.bfd (found version "2.43.1")
[eirtae:ro] [173/261] Linking C static library zephyr/drivers/interrupt_controller/libdrivers__interrupt_controller.a
[eirtae:ro] [174/261] Building C object zephyr/drivers/bbram/CMakeFiles/drivers__bbram.dir/bbram_it8xxx2.c.obj
[frostflow:ro] [383/417] Building C object modules/ec/zephyr/CMakeFiles/ec_shim.dir/shim/src/tcpc_nct38xx.c.obj
[eirtae:ro] [175/261] Linking C static library zephyr/drivers/bbram/libdrivers__bbram.a
[dooku:rw] Loaded configuration '/mnt/host/source/src/platform/ec/zephyr/boards/google/it8xxx2/it8xxx2_it82002aw_defconfig'
[dooku:rw] Merged configuration '/mnt/host/source/src/platform/ec/zephyr/program/skywalker/program.conf'
[dooku:rw] Merged configuration '/mnt/host/source/src/platform/ec/zephyr/program/skywalker/ite_program.conf'
[dooku:rw] Merged configuration '/mnt/host/source/src/platform/ec/zephyr/program/skywalker/dooku/project.conf'
[dooku:rw] Merged configuration '/mnt/host/source/src/platform/ec/build/zephyr/dooku/kconfig-rw.conf'
[dooku:rw] Configuration saved to '/mnt/host/source/src/platform/ec/build/zephyr/dooku/build-rw/zephyr/.config'
[dooku:rw] Kconfig header saved to '/mnt/host/source/src/platform/ec/build/zephyr/dooku/build-rw/zephyr/include/generated/zephyr/autoconf.h'
[dooku:rw] -- Found GnuLd: /home/jpmurphy/.cache/coreboot-sdk/riscv64-elf/96b949749225b6aaa92ed810ab769e8dfb12f000/riscv64-elf/bin/ld.bfd (found version "2.43.1")
[kingler:ro] -- The C compiler identification is GNU 14.2.0
[eirtae:rw] [245/258] Building C object zephyr/kernel/CMakeFiles/kernel.dir/work.c.obj
[eirtae:rw] [246/258] Building C object zephyr/kernel/CMakeFiles/kernel.dir/condvar.c.obj
[frostflow:ro] [384/417] Building C object zephyr/kernel/CMakeFiles/kernel.dir/main_weak.c.obj
[eirtae:ro] [176/261] Building C object zephyr/drivers/console/CMakeFiles/drivers__console.dir/uart_console.c.obj
[dooku:rw] -- The C compiler identification is GNU 14.2.0
[kingler:ro] -- The CXX compiler identification is GNU 14.2.0
[frostflow:ro] [385/417] Building C object modules/ec/zephyr/CMakeFiles/ec_shim.dir/shim/src/usba.c.obj
[eirtae:ro] [177/261] Linking C static library zephyr/drivers/console/libdrivers__console.a
[eirtae:rw] [247/258] Building C object zephyr/kernel/CMakeFiles/kernel.dir/thread.c.obj
[kingler:ro] -- The ASM compiler identification is GNU
[kingler:ro] -- Found assembler: /home/jpmurphy/.cache/coreboot-sdk/arm-eabi/ea40ddd1d190c3b48435c474c0b545719371813a/bin/arm-eabi-gcc
[kingler:ro] CMake Warning at /mnt/host/source/src/platform/ec/zephyr/cmake/linker/ld/linker_libraries.cmake:11 (message):
[kingler:ro]   Disabling c_library
[kingler:ro] Call Stack (most recent call first):
[kingler:ro]   /mnt/host/source/src/third_party/zephyr/main/cmake/target_toolchain_flags.cmake:48 (include)
[kingler:ro]   /mnt/host/source/src/third_party/zephyr/main/cmake/modules/kernel.cmake:153 (include)
[kingler:ro]   /mnt/host/source/src/third_party/zephyr/main/cmake/modules/zephyr_default.cmake:138 (include)
[kingler:ro]   /mnt/host/source/src/third_party/zephyr/main/share/zephyr-package/cmake/ZephyrConfig.cmake:66 (include)
[kingler:ro]   /mnt/host/source/src/third_party/zephyr/main/share/zephyr-package/cmake/ZephyrConfig.cmake:97 (include_boilerplate)
[kingler:ro]   CMakeLists.txt:7 (find_package)
[frostflow:ro] [386/417] Building C object zephyr/kernel/CMakeFiles/kernel.dir/banner.c.obj
[eirtae:ro] [178/261] Building C object zephyr/drivers/flash/CMakeFiles/drivers__flash.dir/flash_ite_it8xxx2.c.obj
[/mnt/host/source/src/platform/ec/build/zephyr/yaviks-lcov]   /mnt/host/source/src/platform/ec/build/zephyr/yaviks/build-ro/CMakeFiles/app.dir/mnt/host/source/src/platform/ec/build/zephyr/yaviks/modules/ec/common/cbi_config.c.gcno:no functions found
[/mnt/host/source/src/platform/ec/build/zephyr/yaviks-lcov] stderr:
[eirtae:ro] [179/261] Linking C static library zephyr/drivers/flash/libdrivers__flash.a
[frostflow:ro] [387/417] Building C object zephyr/kernel/CMakeFiles/kernel.dir/device.c.obj
[frostflow:ro] [388/417] Building C object zephyr/kernel/CMakeFiles/kernel.dir/busy_wait.c.obj
[dooku:rw] -- The CXX compiler identification is GNU 14.2.0
[frostflow:ro] [389/417] Building C object zephyr/kernel/CMakeFiles/kernel.dir/errno.c.obj
[frostflow:ro] [390/417] Building C object modules/ec/zephyr/CMakeFiles/ec_shim.dir/shim/src/usb_muxes.c.obj
[dooku:rw] -- The ASM compiler identification is GNU
[dooku:rw] -- Found assembler: /home/jpmurphy/.cache/coreboot-sdk/riscv64-elf/96b949749225b6aaa92ed810ab769e8dfb12f000/bin/riscv64-elf-gcc
[dooku:rw] CMake Warning at /mnt/host/source/src/platform/ec/zephyr/cmake/linker/ld/linker_libraries.cmake:11 (message):
[frostflow:ro] [391/417] Building C object zephyr/kernel/CMakeFiles/kernel.dir/version.c.obj
[frostflow:ro] [392/417] Linking C static library modules/ec/zephyr/libec_shim.a
[eirtae:rw] [248/258] Building C object zephyr/kernel/CMakeFiles/kernel.dir/pipe.c.obj
[eirtae:rw] [249/258] Building C object zephyr/kernel/CMakeFiles/kernel.dir/spinlock_validate.c.obj
[kingler:ro] -- Performing EC specific devicetree checks
[eirtae:ro] [180/261] Building C object zephyr/drivers/i2c/CMakeFiles/drivers__i2c.dir/i2c_common.c.obj
[eirtae:rw] [250/258] Building C object zephyr/kernel/CMakeFiles/kernel.dir/sched.c.obj
[frostflow:ro] [393/417] Building C object zephyr/kernel/CMakeFiles/kernel.dir/fatal.c.obj
[frostflow:ro] [394/417] Building C object zephyr/kernel/CMakeFiles/kernel.dir/init.c.obj
[eirtae:ro] [181/261] Building C object zephyr/drivers/i2c/CMakeFiles/drivers__i2c.dir/i2c_bitbang.c.obj
[/mnt/host/source/src/platform/ec/build/zephyr/yaviks-lcov]   /mnt/host/source/src/platform/ec/build/zephyr/yaviks/build-ro/zephyr/arch/arch/riscv/core/CMakeFiles/arch__riscv__core.dir/cpu_idle.c.gcno:no functions found
[/mnt/host/source/src/platform/ec/build/zephyr/yaviks-lcov] stderr:
[kingler:ro] INFO: Verified 59 GPIOs, no duplicates found
[dooku:rw] -- Performing EC specific devicetree checks
[frostflow:ro] [395/417] Building C object zephyr/kernel/CMakeFiles/kernel.dir/kheap.c.obj
[eirtae:ro] [182/261] Building C object zephyr/drivers/gpio/CMakeFiles/drivers__gpio.dir/gpio_ite_it8xxx2_v2.c.obj
[eirtae:ro] [183/261] Linking C static library zephyr/drivers/gpio/libdrivers__gpio.a
[frostflow:ro] [396/417] Building C object zephyr/kernel/CMakeFiles/kernel.dir/float.c.obj
[frostflow:ro] [397/417] Building C object zephyr/kernel/CMakeFiles/kernel.dir/mem_slab.c.obj
[eirtae:rw] [251/258] Building C object zephyr/kernel/CMakeFiles/kernel.dir/thread_monitor.c.obj
[dooku:rw]   Disabling c_library
[dooku:rw] Call Stack (most recent call first):
[dooku:rw]   /mnt/host/source/src/third_party/zephyr/main/cmake/target_toolchain_flags.cmake:48 (include)
[dooku:rw]   /mnt/host/source/src/third_party/zephyr/main/cmake/modules/kernel.cmake:153 (include)
[dooku:rw]   /mnt/host/source/src/third_party/zephyr/main/cmake/modules/zephyr_default.cmake:138 (include)
[dooku:rw]   /mnt/host/source/src/third_party/zephyr/main/share/zephyr-package/cmake/ZephyrConfig.cmake:66 (include)
[dooku:rw]   /mnt/host/source/src/third_party/zephyr/main/share/zephyr-package/cmake/ZephyrConfig.cmake:97 (include_boilerplate)
[dooku:rw]   CMakeLists.txt:6 (find_package)
[dooku:rw] INFO: Verified 37 GPIOs, no duplicates found
[dooku:rw] INFO: Verified 26 '*-gpios' properties, all flags match.
[dooku:rw] INFO: Skipped 1 named-gpios children.
[frostflow:ro] [398/417] Building C object zephyr/kernel/CMakeFiles/kernel.dir/mailbox.c.obj
[kingler:ro] -- Generating component manifest file
[frostflow:ro] [399/417] Building C object zephyr/kernel/CMakeFiles/kernel.dir/idle.c.obj
[dooku:rw] -- Generating component manifest file
[eirtae:ro] [184/261] Building C object zephyr/drivers/i2c/CMakeFiles/drivers__i2c.dir/i2c_shell.c.obj
[eirtae:rw] [252/258] Building C object zephyr/kernel/CMakeFiles/kernel.dir/timer.c.obj
[eirtae:rw] [253/258] Building C object zephyr/kernel/CMakeFiles/kernel.dir/timeout.c.obj
[kingler:ro] INFO: Verified 3 '*-gpios' properties, all flags match.
[kingler:ro] INFO: Skipped 1 named-gpios children.
[kingler:ro] INFO: Running CME, outputting to /mnt/host/source/src/platform/ec/build/zephyr/kingler/build-ro/zephyr/component_manifest.json
[kingler:ro] INFO: Project kingler does not support SSFC
[kingler:ro] INFO: Component anx7447-mux-0(analogix,usbc-mux-anx7447) not on I2C bus, skip it
[kingler:ro] INFO: Component virtual-mux-0(cros-ec,usbc-mux-virtual) not on I2C bus, skip it
[kingler:ro] INFO: Component virtual-mux-1(cros-ec,usbc-mux-virtual) not on I2C bus, skip it
[kingler:ro] INFO: Component virtual-mux-1(cros-ec,usbc-mux-virtual) not on I2C bus, skip it
[kingler:ro] INFO: No motionsense-sensor-alt node found
[eirtae:ro] [185/261] Building C object zephyr/drivers/pinctrl/CMakeFiles/drivers__pinctrl.dir/common.c.obj
[dooku:rw] INFO: Running CME, outputting to /mnt/host/source/src/platform/ec/build/zephyr/dooku/build-rw/zephyr/component_manifest.json
[dooku:rw] INFO: Project dooku does not support SSFC
[dooku:rw] INFO: No motionsense-sensor node found
[dooku:rw] -- warning_base_override: -Wall;-Wformat;-Wformat-security;-Wformat;-Wno-format-zero-length;-Wno-pointer-sign;-Wpointer-arith;-Wexpansion-to-defined
[frostflow:ro] [400/417] Building C object zephyr/kernel/CMakeFiles/kernel.dir/msg_q.c.obj
[eirtae:ro] [186/261] Building C object zephyr/drivers/i2c/CMakeFiles/drivers__i2c.dir/i2c_ite_enhance.c.obj
[frostflow:ro] [401/417] Building C object zephyr/kernel/CMakeFiles/kernel.dir/mutex.c.obj
[kingler:ro] -- warning_base_override: -Wall;-Wformat;-Wformat-security;-Wformat;-Wno-format-zero-length;-Wno-pointer-sign;-Wpointer-arith;-Wexpansion-to-defined
[eirtae:ro] [187/261] Linking C static library zephyr/drivers/i2c/libdrivers__i2c.a
[frostflow:ro] [402/417] Building C object zephyr/kernel/CMakeFiles/kernel.dir/queue.c.obj
[eirtae:rw] [254/258] Building C object zephyr/kernel/CMakeFiles/kernel.dir/poll.c.obj
[frostflow:ro] [403/417] Building C object zephyr/kernel/CMakeFiles/kernel.dir/stack.c.obj
[frostflow:ro] [404/417] Building C object zephyr/kernel/CMakeFiles/kernel.dir/sem.c.obj
[dooku:rw] -- Found gen_kobject_list: /mnt/host/source/src/third_party/zephyr/main/scripts/build/gen_kobject_list.py
[eirtae:rw] [255/258] Building C object zephyr/kernel/CMakeFiles/kernel.dir/events.c.obj
[frostflow:ro] [405/417] Building C object zephyr/kernel/CMakeFiles/kernel.dir/system_work_q.c.obj
[kingler:ro] -- Found gen_kobject_list: /mnt/host/source/src/third_party/zephyr/main/scripts/build/gen_kobject_list.py
[eirtae:rw] [256/258] Building C object zephyr/kernel/CMakeFiles/kernel.dir/mempool.c.obj
[dooku:rw] CMake Warning at /mnt/host/source/src/third_party/zephyr/main/CMakeLists.txt:1134 (message):
[dooku:rw]   No SOURCES given to Zephyr library: drivers__syscon
[dooku:rw]   Excluding target from build.
[dooku:rw] CMake Warning at /mnt/host/source/src/third_party/zephyr/main/CMakeLists.txt:2359 (message):
[dooku:rw]   __ASSERT() statements are globally ENABLED
[kingler:ro] CMake Warning at /mnt/host/source/src/third_party/zephyr/main/CMakeLists.txt:2359 (message):
[kingler:ro]   __ASSERT() statements are globally ENABLED
[eirtae:ro] [188/261] Building C object zephyr/drivers/serial/CMakeFiles/drivers__serial.dir/uart_ite_it8xxx2.c.obj
[/mnt/host/source/src/platform/ec/build/zephyr/yaviks-lcov]   /mnt/host/source/src/platform/ec/build/zephyr/yaviks/build-ro/zephyr/arch/common/CMakeFiles/isr_tables.dir/isr_tables.c.gcno:no functions found
[/mnt/host/source/src/platform/ec/build/zephyr/yaviks-lcov] stderr:
[eirtae:ro] [189/261] Building C object zephyr/drivers/pinctrl/CMakeFiles/drivers__pinctrl.dir/pinctrl_ite_it8xxx2.c.obj
[kingler:ro] -- Configuring done (16.1s)
[frostflow:ro] [406/417] Building C object zephyr/kernel/CMakeFiles/kernel.dir/work.c.obj
[dooku:rw] -- Configuring done (16.1s)
[eirtae:ro] [190/261] Linking C static library zephyr/drivers/pinctrl/libdrivers__pinctrl.a
[kingler:rw] Configuring.
[eirtae:rw] [257/258] Building C object zephyr/kernel/CMakeFiles/kernel.dir/dynamic_disabled.c.obj
Running `env -i PYTHONPATH=/usr/lib64/python-exec/python3.11:/mnt/host/source/src/platform/ec/zephyr/zmake:/usr/lib/python311.zip:/usr/lib/python3.11:/usr/lib/python3.11/lib-dynload:/usr/lib/python3.11/site-packages PW_PIGWEED_CIPD_INSTALL_DIR=/usr CROSTC_USER_ACKNOWLEDGES_THAT_RISCV_IS_EXPERIMENTAL=1 PATH=/mnt/host/source/chromite/bin:/usr/local/bin:/usr/bin:/bin:/opt/bin:/mnt/host/source/chromite/sdk/bin:/mnt/host/source/chromite/bin HOME=/home/jpmurphy JAVA_HOME=/etc/java-config-2/current-system-vm JDK_HOME=/etc/java-config-2/current-system-vm JAVAC=/etc/java-config-2/current-system-vm/bin/javac MAKEFLAGS=' -j16 --jobserver-auth=5,6' /usr/bin/cmake -S /mnt/host/source/src/platform/ec/zephyr/program/corsola -B /mnt/host/source/src/platform/ec/build/zephyr/kingler/build-rw -GNinja -DCMAKE_EXPORT_COMPILE_COMMANDS=ON -DZEPHYR_BASE=/mnt/host/source/src/third_party/zephyr/main -DZMAKE_INCLUDE_DIR=/mnt/host/source/src/platform/ec/build/zephyr/kingler/include -DPython3_EXECUTABLE=/usr/bin/python3.11 -DDTS_ROOT=/mnt/host/source/src/platform/ec/zephyr -DSYSCALL_INCLUDE_DIRS=/mnt/host/source/src/platform/ec/zephyr/include/drivers -DUSER_CACHE_DIR=/mnt/host/source/src/platform/ec/build/zephyr/user-cache '-DEXTRA_EC_VERSION_FLAGS=--version 16543.0.0 --static' -DTOOLCHAIN_ROOT=/mnt/host/source/src/platform/ec/zephyr -DCOREBOOT_SDK_ROOT_x86=/home/jpmurphy/.cache/coreboot-sdk/i386-elf/dfbb0486385d938cfa9d73080b9d18d598ed4f49 -DCOREBOOT_SDK_ROOT_picolibc_x86=/home/jpmurphy/.cache/coreboot-sdk/picolibc-i386-elf/eb8e8e687b95461de8cbf278f1c2076952d0ad17 -DCOREBOOT_SDK_ROOT_riscv64=/home/jpmurphy/.cache/coreboot-sdk/riscv64-elf/96b949749225b6aaa92ed810ab769e8dfb12f000 -DCOREBOOT_SDK_ROOT_picolibc_arm=/home/jpmurphy/.cache/coreboot-sdk/picolibc-arm-eabi/422a2aa3e1ef891b5bece9a3deb696ff83840d2e -DCOREBOOT_SDK_ROOT_nds32=/home/jpmurphy/.cache/coreboot-sdk/nds32le-elf/d1a518c4a097666d86058e1444f85ca015d15511 -DCOREBOOT_SDK_ROOT_picolibc_riscv64=/home/jpmurphy/.cache/coreboot-sdk/picolibc-riscv64-elf/f571e990ef0278564b31124f8bb109d9a697eb69 -DCOREBOOT_SDK_ROOT_arm=/home/jpmurphy/.cache/coreboot-sdk/arm-eabi/ea40ddd1d190c3b48435c474c0b545719371813a -DCOREBOOT_SDK_ROOT_libstdcxx_riscv64=/home/jpmurphy/.cache/coreboot-sdk/libstdcxx-riscv64-elf/17abf22a3a252e2d5d2062ced5324f7a623689e0 -DCOREBOOT_SDK_ROOT_libstdcxx_arm=/home/jpmurphy/.cache/coreboot-sdk/libstdcxx-arm-eabi/5d7d82e150e44aa1968f1d366e267e6687b328ac -DCOREBOOT_SDK_ROOT_riscv=/home/jpmurphy/.cache/coreboot-sdk/riscv-elf/9a27b9e82341c6e9126624f516ab3f261abb3e73 -DCOREBOOT_SDK_ROOT_libstdcxx_x86=/home/jpmurphy/.cache/coreboot-sdk/libstdcxx-i386-elf/42ef9d2e87a76a37963175d7d428734e65648b87 -DZEPHYR_TOOLCHAIN_VARIANT=coreboot-sdk '-DZEPHYR_MODULES=/mnt/host/source/src/platform/ec/build/zephyr/kingler/modules/cmsis;/mnt/host/source/src/platform/ec/build/zephyr/kingler/modules/cmsis_6;/mnt/host/source/src/platform/ec/build/zephyr/kingler/modules/ec' -DDTC_OVERLAY_FILE=/mnt/host/source/src/platform/ec/zephyr/program/corsola/kingler/project.overlay -DBOARD=npcx9/npcx9m3f -DCMAKE_C_FLAGS=-DSECTION_IS_RW '-DCONF_FILE=/mnt/host/source/src/platform/ec/zephyr/program/corsola/program.conf;/mnt/host/source/src/platform/ec/zephyr/program/corsola/npcx_program.conf;/mnt/host/source/src/platform/ec/zephyr/program/corsola/kingler/project.conf;/mnt/host/source/src/platform/ec/build/zephyr/kingler/kconfig-rw.conf'`
[frostflow:ro] [407/417] Building C object zephyr/kernel/CMakeFiles/kernel.dir/condvar.c.obj
[kingler:rw] Loading Zephyr default modules (Zephyr base (cached)).
[kingler:rw] -- Application: /mnt/host/source/src/platform/ec/zephyr/program/corsola
[kingler:rw] -- CMake version: 3.31.7
[eirtae:ro] [191/261] Building C object zephyr/drivers/serial/CMakeFiles/drivers__serial.dir/uart_ns16550.c.obj
[eirtae:rw] [258/258] Linking C static library zephyr/kernel/libkernel.a
[eirtae:ro] [192/261] Linking C static library zephyr/drivers/serial/libdrivers__serial.a
[frostflow:ro] [408/417] Building C object zephyr/kernel/CMakeFiles/kernel.dir/thread.c.obj
[kingler:ro] -- Generating done (0.5s)
[kingler:ro] CMake Warning:
[kingler:ro]   Manually-specified variables were not used by the project:
[kingler:ro]     COREBOOT_SDK_ROOT_libstdcxx_riscv64
[kingler:ro]     COREBOOT_SDK_ROOT_libstdcxx_x86
[kingler:ro]     COREBOOT_SDK_ROOT_nds32
[kingler:ro]     COREBOOT_SDK_ROOT_picolibc_riscv64
[kingler:ro]     COREBOOT_SDK_ROOT_picolibc_x86
[kingler:ro]     COREBOOT_SDK_ROOT_riscv
[kingler:ro]     COREBOOT_SDK_ROOT_riscv64
[kingler:ro]     COREBOOT_SDK_ROOT_x86
[kingler:ro] -- Build files have been written to: /mnt/host/source/src/platform/ec/build/zephyr/kingler/build-ro
[frostflow:ro] [409/417] Building C object zephyr/kernel/CMakeFiles/kernel.dir/timeout.c.obj
[frostflow:ro] [410/417] Building C object zephyr/kernel/CMakeFiles/kernel.dir/pipe.c.obj
[dooku:rw] -- Generating done (0.5s)
[dooku:rw] CMake Warning:
[dooku:rw]   Manually-specified variables were not used by the project:
[dooku:rw]     COREBOOT_SDK_ROOT_arm
[dooku:rw]     COREBOOT_SDK_ROOT_libstdcxx_arm
[dooku:rw] -- Build files have been written to: /mnt/host/source/src/platform/ec/build/zephyr/dooku/build-rw
[dooku:rw]     COREBOOT_SDK_ROOT_libstdcxx_x86
[dooku:rw]     COREBOOT_SDK_ROOT_nds32
[dooku:rw]     COREBOOT_SDK_ROOT_picolibc_arm
[dooku:rw]     COREBOOT_SDK_ROOT_picolibc_x86
Toolchain <zmake.toolchains.CorebootSdkToolchain object at 0x7f41439ef410> selected by probe function.
[dirks] Building in /mnt/host/source/src/platform/ec/build/zephyr/dirks.
[frostflow:ro] [411/417] Building C object zephyr/kernel/CMakeFiles/kernel.dir/sched.c.obj
[dirks:rw] Configuring.
Running `env -i PYTHONPATH=/usr/lib64/python-exec/python3.11:/mnt/host/source/src/platform/ec/zephyr/zmake:/usr/lib/python311.zip:/usr/lib/python3.11:/usr/lib/python3.11/lib-dynload:/usr/lib/python3.11/site-packages PW_PIGWEED_CIPD_INSTALL_DIR=/usr CROSTC_USER_ACKNOWLEDGES_THAT_RISCV_IS_EXPERIMENTAL=1 PATH=/mnt/host/source/chromite/bin:/usr/local/bin:/usr/bin:/bin:/opt/bin:/mnt/host/source/chromite/sdk/bin:/mnt/host/source/chromite/bin HOME=/home/jpmurphy JAVA_HOME=/etc/java-config-2/current-system-vm JDK_HOME=/etc/java-config-2/current-system-vm JAVAC=/etc/java-config-2/current-system-vm/bin/javac MAKEFLAGS=' -j16 --jobserver-auth=5,6' /usr/bin/cmake -S /mnt/host/source/src/platform/ec/zephyr/program/nissa -B /mnt/host/source/src/platform/ec/build/zephyr/dirks/build-rw -GNinja -DCMAKE_EXPORT_COMPILE_COMMANDS=ON -DZEPHYR_BASE=/mnt/host/source/src/third_party/zephyr/main -DZMAKE_INCLUDE_DIR=/mnt/host/source/src/platform/ec/build/zephyr/dirks/include -DPython3_EXECUTABLE=/usr/bin/python3.11 -DDTS_ROOT=/mnt/host/source/src/platform/ec/zephyr -DSYSCALL_INCLUDE_DIRS=/mnt/host/source/src/platform/ec/zephyr/include/drivers -DUSER_CACHE_DIR=/mnt/host/source/src/platform/ec/build/zephyr/user-cache '-DEXTRA_EC_VERSION_FLAGS=--version 16543.0.0 --static' -DTOOLCHAIN_ROOT=/mnt/host/source/src/platform/ec/zephyr -DCOREBOOT_SDK_ROOT_x86=/home/jpmurphy/.cache/coreboot-sdk/i386-elf/dfbb0486385d938cfa9d73080b9d18d598ed4f49 -DCOREBOOT_SDK_ROOT_picolibc_x86=/home/jpmurphy/.cache/coreboot-sdk/picolibc-i386-elf/eb8e8e687b95461de8cbf278f1c2076952d0ad17 -DCOREBOOT_SDK_ROOT_riscv64=/home/jpmurphy/.cache/coreboot-sdk/riscv64-elf/96b949749225b6aaa92ed810ab769e8dfb12f000 -DCOREBOOT_SDK_ROOT_picolibc_arm=/home/jpmurphy/.cache/coreboot-sdk/picolibc-arm-eabi/422a2aa3e1ef891b5bece9a3deb696ff83840d2e -DCOREBOOT_SDK_ROOT_nds32=/home/jpmurphy/.cache/coreboot-sdk/nds32le-elf/d1a518c4a097666d86058e1444f85ca015d15511 -DCOREBOOT_SDK_ROOT_picolibc_riscv64=/home/jpmurphy/.cache/coreboot-sdk/picolibc-riscv64-elf/f571e990ef0278564b31124f8bb109d9a697eb69 -DCOREBOOT_SDK_ROOT_arm=/home/jpmurphy/.cache/coreboot-sdk/arm-eabi/ea40ddd1d190c3b48435c474c0b545719371813a -DCOREBOOT_SDK_ROOT_libstdcxx_riscv64=/home/jpmurphy/.cache/coreboot-sdk/libstdcxx-riscv64-elf/17abf22a3a252e2d5d2062ced5324f7a623689e0 -DCOREBOOT_SDK_ROOT_libstdcxx_arm=/home/jpmurphy/.cache/coreboot-sdk/libstdcxx-arm-eabi/5d7d82e150e44aa1968f1d366e267e6687b328ac -DCOREBOOT_SDK_ROOT_riscv=/home/jpmurphy/.cache/coreboot-sdk/riscv-elf/9a27b9e82341c6e9126624f516ab3f261abb3e73 -DCOREBOOT_SDK_ROOT_libstdcxx_x86=/home/jpmurphy/.cache/coreboot-sdk/libstdcxx-i386-elf/42ef9d2e87a76a37963175d7d428734e65648b87 -DZEPHYR_TOOLCHAIN_VARIANT=coreboot-sdk -DZEPHYR_MODULES=/mnt/host/source/src/platform/ec/build/zephyr/dirks/modules/ec -DDTC_OVERLAY_FILE=/mnt/host/source/src/platform/ec/zephyr/program/nissa/dirks/project.overlay -DBOARD=it8xxx2/it81302bx -DCMAKE_C_FLAGS=-DSECTION_IS_RW '-DCONF_FILE=/mnt/host/source/src/platform/ec/zephyr/program/nissa/program.conf;/mnt/host/source/src/platform/ec/zephyr/program/nissa/it8xxx2_program.conf;/mnt/host/source/src/platform/ec/zephyr/program/nissa/dirks/project.conf;/mnt/host/source/src/platform/ec/build/zephyr/dirks/kconfig-rw.conf'`
[dirks:rw] Loading Zephyr default modules (Zephyr base (cached)).
[dirks:rw] -- Application: /mnt/host/source/src/platform/ec/zephyr/program/nissa
[dirks:rw] -- CMake version: 3.31.7
[frostflow:ro] [412/417] Building C object zephyr/kernel/CMakeFiles/kernel.dir/timer.c.obj
[eirtae:ro] [193/261] Building C object zephyr/drivers/timer/CMakeFiles/drivers__timer.dir/sys_clock_init.c.obj
[eirtae:ro] [194/261] Building C object zephyr/drivers/timer/CMakeFiles/drivers__timer.dir/ite_it8xxx2_timer.c.obj
[kingler:rw] -- Found Python3: /usr/bin/python3.11 (found suitable version "3.11.11", minimum required is "3.10") found components: Interpreter
[kingler:rw] -- Cache files will be written to: /mnt/host/source/src/platform/ec/build/zephyr/user-cache
[dirks:ro] Configuring.
Running `env -i PYTHONPATH=/usr/lib64/python-exec/python3.11:/mnt/host/source/src/platform/ec/zephyr/zmake:/usr/lib/python311.zip:/usr/lib/python3.11:/usr/lib/python3.11/lib-dynload:/usr/lib/python3.11/site-packages PW_PIGWEED_CIPD_INSTALL_DIR=/usr CROSTC_USER_ACKNOWLEDGES_THAT_RISCV_IS_EXPERIMENTAL=1 PATH=/mnt/host/source/chromite/bin:/usr/local/bin:/usr/bin:/bin:/opt/bin:/mnt/host/source/chromite/sdk/bin:/mnt/host/source/chromite/bin HOME=/home/jpmurphy JAVA_HOME=/etc/java-config-2/current-system-vm JDK_HOME=/etc/java-config-2/current-system-vm JAVAC=/etc/java-config-2/current-system-vm/bin/javac MAKEFLAGS=' -j16 --jobserver-auth=5,6' /usr/bin/cmake -S /mnt/host/source/src/platform/ec/zephyr/program/nissa -B /mnt/host/source/src/platform/ec/build/zephyr/dirks/build-ro -GNinja -DCMAKE_EXPORT_COMPILE_COMMANDS=ON -DZEPHYR_BASE=/mnt/host/source/src/third_party/zephyr/main -DZMAKE_INCLUDE_DIR=/mnt/host/source/src/platform/ec/build/zephyr/dirks/include -DPython3_EXECUTABLE=/usr/bin/python3.11 -DDTS_ROOT=/mnt/host/source/src/platform/ec/zephyr -DSYSCALL_INCLUDE_DIRS=/mnt/host/source/src/platform/ec/zephyr/include/drivers -DUSER_CACHE_DIR=/mnt/host/source/src/platform/ec/build/zephyr/user-cache '-DEXTRA_EC_VERSION_FLAGS=--version 16543.0.0 --static' -DTOOLCHAIN_ROOT=/mnt/host/source/src/platform/ec/zephyr -DCOREBOOT_SDK_ROOT_x86=/home/jpmurphy/.cache/coreboot-sdk/i386-elf/dfbb0486385d938cfa9d73080b9d18d598ed4f49 -DCOREBOOT_SDK_ROOT_picolibc_x86=/home/jpmurphy/.cache/coreboot-sdk/picolibc-i386-elf/eb8e8e687b95461de8cbf278f1c2076952d0ad17 -DCOREBOOT_SDK_ROOT_riscv64=/home/jpmurphy/.cache/coreboot-sdk/riscv64-elf/96b949749225b6aaa92ed810ab769e8dfb12f000 -DCOREBOOT_SDK_ROOT_picolibc_arm=/home/jpmurphy/.cache/coreboot-sdk/picolibc-arm-eabi/422a2aa3e1ef891b5bece9a3deb696ff83840d2e -DCOREBOOT_SDK_ROOT_nds32=/home/jpmurphy/.cache/coreboot-sdk/nds32le-elf/d1a518c4a097666d86058e1444f85ca015d15511 -DCOREBOOT_SDK_ROOT_picolibc_riscv64=/home/jpmurphy/.cache/coreboot-sdk/picolibc-riscv64-elf/f571e990ef0278564b31124f8bb109d9a697eb69 -DCOREBOOT_SDK_ROOT_arm=/home/jpmurphy/.cache/coreboot-sdk/arm-eabi/ea40ddd1d190c3b48435c474c0b545719371813a -DCOREBOOT_SDK_ROOT_libstdcxx_riscv64=/home/jpmurphy/.cache/coreboot-sdk/libstdcxx-riscv64-elf/17abf22a3a252e2d5d2062ced5324f7a623689e0 -DCOREBOOT_SDK_ROOT_libstdcxx_arm=/home/jpmurphy/.cache/coreboot-sdk/libstdcxx-arm-eabi/5d7d82e150e44aa1968f1d366e267e6687b328ac -DCOREBOOT_SDK_ROOT_riscv=/home/jpmurphy/.cache/coreboot-sdk/riscv-elf/9a27b9e82341c6e9126624f516ab3f261abb3e73 -DCOREBOOT_SDK_ROOT_libstdcxx_x86=/home/jpmurphy/.cache/coreboot-sdk/libstdcxx-i386-elf/42ef9d2e87a76a37963175d7d428734e65648b87 -DZEPHYR_TOOLCHAIN_VARIANT=coreboot-sdk -DZEPHYR_MODULES=/mnt/host/source/src/platform/ec/build/zephyr/dirks/modules/ec -DDTC_OVERLAY_FILE=/mnt/host/source/src/platform/ec/zephyr/program/nissa/dirks/project.overlay -DBOARD=it8xxx2/it81302bx -DCMAKE_C_FLAGS=-DSECTION_IS_RO '-DCONF_FILE=/mnt/host/source/src/platform/ec/zephyr/program/nissa/program.conf;/mnt/host/source/src/platform/ec/zephyr/program/nissa/it8xxx2_program.conf;/mnt/host/source/src/platform/ec/zephyr/program/nissa/dirks/project.conf;/mnt/host/source/src/platform/ec/build/zephyr/dirks/kconfig-ro.conf'`
[eirtae:ro] [195/261] Building C object zephyr/drivers/watchdog/CMakeFiles/drivers__watchdog.dir/wdt_ite_it8xxx2.c.obj
[kingler:rw] -- Zephyr version: 4.3.99 (/mnt/host/source/src/third_party/zephyr/main)
[eirtae:ro] [196/261] Linking C static library zephyr/drivers/timer/libdrivers__timer.a
[dirks:ro] Loading Zephyr default modules (Zephyr base (cached)).
[dirks:ro] -- Application: /mnt/host/source/src/platform/ec/zephyr/program/nissa
[dirks:ro] -- CMake version: 3.31.7
[dooku:rw]     COREBOOT_SDK_ROOT_riscv
[dooku:rw]     COREBOOT_SDK_ROOT_x86
Toolchain <zmake.toolchains.CorebootSdkToolchain object at 0x7f41207a5ad0> selected by probe function.
[craask] Building in /mnt/host/source/src/platform/ec/build/zephyr/craask.
[eirtae:ro] [197/261] Building C object zephyr/drivers/watchdog/CMakeFiles/drivers__watchdog.dir/wdt_shell.c.obj
[eirtae:ro] [198/261] Linking C static library zephyr/drivers/watchdog/libdrivers__watchdog.a
[dirks:rw] -- Found Python3: /usr/bin/python3.11 (found suitable version "3.11.11", minimum required is "3.10") found components: Interpreter
[dirks:rw] -- Cache files will be written to: /mnt/host/source/src/platform/ec/build/zephyr/user-cache
[dirks:rw] -- Zephyr version: 4.3.99 (/mnt/host/source/src/third_party/zephyr/main)
[frostflow:ro] [413/417] Building C object zephyr/kernel/CMakeFiles/kernel.dir/events.c.obj
Toolchain <zmake.toolchains.CorebootSdkToolchain object at 0x7f4120799f10> selected by probe function.
[voltorb] Building in /mnt/host/source/src/platform/ec/build/zephyr/voltorb.
[voltorb:rw] Configuring.
Running `env -i PYTHONPATH=/usr/lib64/python-exec/python3.11:/mnt/host/source/src/platform/ec/zephyr/zmake:/usr/lib/python311.zip:/usr/lib/python3.11:/usr/lib/python3.11/lib-dynload:/usr/lib/python3.11/site-packages PW_PIGWEED_CIPD_INSTALL_DIR=/usr CROSTC_USER_ACKNOWLEDGES_THAT_RISCV_IS_EXPERIMENTAL=1 PATH=/mnt/host/source/chromite/bin:/usr/local/bin:/usr/bin:/bin:/opt/bin:/mnt/host/source/chromite/sdk/bin:/mnt/host/source/chromite/bin HOME=/home/jpmurphy JAVA_HOME=/etc/java-config-2/current-system-vm JDK_HOME=/etc/java-config-2/current-system-vm JAVAC=/etc/java-config-2/current-system-vm/bin/javac MAKEFLAGS=' -j16 --jobserver-auth=5,6' /usr/bin/cmake -S /mnt/host/source/src/platform/ec/zephyr/program/corsola -B /mnt/host/source/src/platform/ec/build/zephyr/voltorb/build-rw -GNinja -DCMAKE_EXPORT_COMPILE_COMMANDS=ON -DZEPHYR_BASE=/mnt/host/source/src/third_party/zephyr/main -DZMAKE_INCLUDE_DIR=/mnt/host/source/src/platform/ec/build/zephyr/voltorb/include -DPython3_EXECUTABLE=/usr/bin/python3.11 -DDTS_ROOT=/mnt/host/source/src/platform/ec/zephyr -DSYSCALL_INCLUDE_DIRS=/mnt/host/source/src/platform/ec/zephyr/include/drivers -DUSER_CACHE_DIR=/mnt/host/source/src/platform/ec/build/zephyr/user-cache '-DEXTRA_EC_VERSION_FLAGS=--version 16543.0.0 --static' -DTOOLCHAIN_ROOT=/mnt/host/source/src/platform/ec/zephyr -DCOREBOOT_SDK_ROOT_x86=/home/jpmurphy/.cache/coreboot-sdk/i386-elf/dfbb0486385d938cfa9d73080b9d18d598ed4f49 -DCOREBOOT_SDK_ROOT_picolibc_x86=/home/jpmurphy/.cache/coreboot-sdk/picolibc-i386-elf/eb8e8e687b95461de8cbf278f1c2076952d0ad17 -DCOREBOOT_SDK_ROOT_riscv64=/home/jpmurphy/.cache/coreboot-sdk/riscv64-elf/96b949749225b6aaa92ed810ab769e8dfb12f000 -DCOREBOOT_SDK_ROOT_picolibc_arm=/home/jpmurphy/.cache/coreboot-sdk/picolibc-arm-eabi/422a2aa3e1ef891b5bece9a3deb696ff83840d2e -DCOREBOOT_SDK_ROOT_nds32=/home/jpmurphy/.cache/coreboot-sdk/nds32le-elf/d1a518c4a097666d86058e1444f85ca015d15511 -DCOREBOOT_SDK_ROOT_picolibc_riscv64=/home/jpmurphy/.cache/coreboot-sdk/picolibc-riscv64-elf/f571e990ef0278564b31124f8bb109d9a697eb69 -DCOREBOOT_SDK_ROOT_arm=/home/jpmurphy/.cache/coreboot-sdk/arm-eabi/ea40ddd1d190c3b48435c474c0b545719371813a -DCOREBOOT_SDK_ROOT_libstdcxx_riscv64=/home/jpmurphy/.cache/coreboot-sdk/libstdcxx-riscv64-elf/17abf22a3a252e2d5d2062ced5324f7a623689e0 -DCOREBOOT_SDK_ROOT_libstdcxx_arm=/home/jpmurphy/.cache/coreboot-sdk/libstdcxx-arm-eabi/5d7d82e150e44aa1968f1d366e267e6687b328ac -DCOREBOOT_SDK_ROOT_riscv=/home/jpmurphy/.cache/coreboot-sdk/riscv-elf/9a27b9e82341c6e9126624f516ab3f261abb3e73 -DCOREBOOT_SDK_ROOT_libstdcxx_x86=/home/jpmurphy/.cache/coreboot-sdk/libstdcxx-i386-elf/42ef9d2e87a76a37963175d7d428734e65648b87 -DZEPHYR_TOOLCHAIN_VARIANT=coreboot-sdk '-DZEPHYR_MODULES=/mnt/host/source/src/platform/ec/build/zephyr/voltorb/modules/cmsis;/mnt/host/source/src/platform/ec/build/zephyr/voltorb/modules/cmsis_6;/mnt/host/source/src/platform/ec/build/zephyr/voltorb/modules/ec' -DDTC_OVERLAY_FILE=/mnt/host/source/src/platform/ec/zephyr/program/corsola/voltorb/project.overlay -DBOARD=npcx9/npcx9m3f -DCMAKE_C_FLAGS=-DSECTION_IS_RW '-DCONF_FILE=/mnt/host/source/src/platform/ec/zephyr/program/corsola/program.conf;/mnt/host/source/src/platform/ec/zephyr/program/corsola/npcx_program.conf;/mnt/host/source/src/platform/ec/zephyr/program/corsola/voltorb/project.conf;/mnt/host/source/src/platform/ec/build/zephyr/voltorb/kconfig-rw.conf'`
[frostflow:ro] [414/417] Building C object zephyr/kernel/CMakeFiles/kernel.dir/poll.c.obj
[voltorb:rw] -- Application: /mnt/host/source/src/platform/ec/zephyr/program/corsola
[voltorb:rw] Loading Zephyr default modules (Zephyr base (cached)).
[eirtae:ro] [199/261] Building C object modules/ec/zephyr/CMakeFiles/ec_shim.dir/app/ec/main_shim.c.obj
[dirks:ro] -- Found Python3: /usr/bin/python3.11 (found suitable version "3.11.11", minimum required is "3.10") found components: Interpreter
[dirks:ro] -- Cache files will be written to: /mnt/host/source/src/platform/ec/build/zephyr/user-cache
[dirks:ro] -- Zephyr version: 4.3.99 (/mnt/host/source/src/third_party/zephyr/main)
[frostflow:ro] [415/417] Building C object zephyr/kernel/CMakeFiles/kernel.dir/mempool.c.obj
[frostflow:ro] [416/417] Building C object zephyr/kernel/CMakeFiles/kernel.dir/dynamic_disabled.c.obj
[frostflow:ro] [417/417] Linking C static library zephyr/kernel/libkernel.a
[eirtae:ro] [200/261] Building C object modules/ec/zephyr/CMakeFiles/ec_shim.dir/app/ec/ec_app_main.c.obj
[voltorb:ro] Configuring.
Running `env -i PYTHONPATH=/usr/lib64/python-exec/python3.11:/mnt/host/source/src/platform/ec/zephyr/zmake:/usr/lib/python311.zip:/usr/lib/python3.11:/usr/lib/python3.11/lib-dynload:/usr/lib/python3.11/site-packages PW_PIGWEED_CIPD_INSTALL_DIR=/usr CROSTC_USER_ACKNOWLEDGES_THAT_RISCV_IS_EXPERIMENTAL=1 PATH=/mnt/host/source/chromite/bin:/usr/local/bin:/usr/bin:/bin:/opt/bin:/mnt/host/source/chromite/sdk/bin:/mnt/host/source/chromite/bin HOME=/home/jpmurphy JAVA_HOME=/etc/java-config-2/current-system-vm JDK_HOME=/etc/java-config-2/current-system-vm JAVAC=/etc/java-config-2/current-system-vm/bin/javac MAKEFLAGS=' -j16 --jobserver-auth=5,6' /usr/bin/cmake -S /mnt/host/source/src/platform/ec/zephyr/program/corsola -B /mnt/host/source/src/platform/ec/build/zephyr/voltorb/build-ro -GNinja -DCMAKE_EXPORT_COMPILE_COMMANDS=ON -DZEPHYR_BASE=/mnt/host/source/src/third_party/zephyr/main -DZMAKE_INCLUDE_DIR=/mnt/host/source/src/platform/ec/build/zephyr/voltorb/include -DPython3_EXECUTABLE=/usr/bin/python3.11 -DDTS_ROOT=/mnt/host/source/src/platform/ec/zephyr -DSYSCALL_INCLUDE_DIRS=/mnt/host/source/src/platform/ec/zephyr/include/drivers -DUSER_CACHE_DIR=/mnt/host/source/src/platform/ec/build/zephyr/user-cache '-DEXTRA_EC_VERSION_FLAGS=--version 16543.0.0 --static' -DTOOLCHAIN_ROOT=/mnt/host/source/src/platform/ec/zephyr -DCOREBOOT_SDK_ROOT_x86=/home/jpmurphy/.cache/coreboot-sdk/i386-elf/dfbb0486385d938cfa9d73080b9d18d598ed4f49 -DCOREBOOT_SDK_ROOT_picolibc_x86=/home/jpmurphy/.cache/coreboot-sdk/picolibc-i386-elf/eb8e8e687b95461de8cbf278f1c2076952d0ad17 -DCOREBOOT_SDK_ROOT_riscv64=/home/jpmurphy/.cache/coreboot-sdk/riscv64-elf/96b949749225b6aaa92ed810ab769e8dfb12f000 -DCOREBOOT_SDK_ROOT_picolibc_arm=/home/jpmurphy/.cache/coreboot-sdk/picolibc-arm-eabi/422a2aa3e1ef891b5bece9a3deb696ff83840d2e -DCOREBOOT_SDK_ROOT_nds32=/home/jpmurphy/.cache/coreboot-sdk/nds32le-elf/d1a518c4a097666d86058e1444f85ca015d15511 -DCOREBOOT_SDK_ROOT_picolibc_riscv64=/home/jpmurphy/.cache/coreboot-sdk/picolibc-riscv64-elf/f571e990ef0278564b31124f8bb109d9a697eb69 -DCOREBOOT_SDK_ROOT_arm=/home/jpmurphy/.cache/coreboot-sdk/arm-eabi/ea40ddd1d190c3b48435c474c0b545719371813a -DCOREBOOT_SDK_ROOT_libstdcxx_riscv64=/home/jpmurphy/.cache/coreboot-sdk/libstdcxx-riscv64-elf/17abf22a3a252e2d5d2062ced5324f7a623689e0 -DCOREBOOT_SDK_ROOT_libstdcxx_arm=/home/jpmurphy/.cache/coreboot-sdk/libstdcxx-arm-eabi/5d7d82e150e44aa1968f1d366e267e6687b328ac -DCOREBOOT_SDK_ROOT_riscv=/home/jpmurphy/.cache/coreboot-sdk/riscv-elf/9a27b9e82341c6e9126624f516ab3f261abb3e73 -DCOREBOOT_SDK_ROOT_libstdcxx_x86=/home/jpmurphy/.cache/coreboot-sdk/libstdcxx-i386-elf/42ef9d2e87a76a37963175d7d428734e65648b87 -DZEPHYR_TOOLCHAIN_VARIANT=coreboot-sdk '-DZEPHYR_MODULES=/mnt/host/source/src/platform/ec/build/zephyr/voltorb/modules/cmsis;/mnt/host/source/src/platform/ec/build/zephyr/voltorb/modules/cmsis_6;/mnt/host/source/src/platform/ec/build/zephyr/voltorb/modules/ec' -DDTC_OVERLAY_FILE=/mnt/host/source/src/platform/ec/zephyr/program/corsola/voltorb/project.overlay -DBOARD=npcx9/npcx9m3f -DCMAKE_C_FLAGS=-DSECTION_IS_RO '-DCONF_FILE=/mnt/host/source/src/platform/ec/zephyr/program/corsola/program.conf;/mnt/host/source/src/platform/ec/zephyr/program/corsola/npcx_program.conf;/mnt/host/source/src/platform/ec/zephyr/program/corsola/voltorb/project.conf;/mnt/host/source/src/platform/ec/build/zephyr/voltorb/kconfig-ro.conf'`
[voltorb:ro] Loading Zephyr default modules (Zephyr base (cached)).
[voltorb:ro] -- Application: /mnt/host/source/src/platform/ec/zephyr/program/corsola
[voltorb:ro] -- CMake version: 3.31.7
[eirtae:ro] [201/261] Building C object modules/ec/zephyr/CMakeFiles/ec_shim.dir/drivers/cros_kb_raw/cros_kb_raw_ite.c.obj
[voltorb:rw] -- CMake version: 3.31.7
[voltorb:rw] -- Found Python3: /usr/bin/python3.11 (found suitable version "3.11.11", minimum required is "3.10") found components: Interpreter
[voltorb:rw] -- Cache files will be written to: /mnt/host/source/src/platform/ec/build/zephyr/user-cache
[voltorb:rw] -- Zephyr version: 4.3.99 (/mnt/host/source/src/third_party/zephyr/main)
[eirtae:ro] [202/261] Building C object modules/ec/zephyr/CMakeFiles/ec_shim.dir/drivers/cros_flash/cros_flash_it8xxx2.c.obj
[eirtae:ro] [203/261] Building C object modules/ec/zephyr/CMakeFiles/ec_shim.dir/drivers/cros_system/cros_system_it8xxx2.c.obj
[eirtae:ro] [204/261] Building C object modules/ec/zephyr/CMakeFiles/ec_shim.dir/shim/chip/it8xxx2/clock.c.obj
[eirtae:ro] [205/261] Building C object modules/ec/zephyr/CMakeFiles/ec_shim.dir/drivers/one_wire_uart/one_wire_uart.c.obj
[voltorb:ro] -- Found Python3: /usr/bin/python3.11 (found suitable version "3.11.11", minimum required is "3.10") found components: Interpreter
[voltorb:ro] -- Cache files will be written to: /mnt/host/source/src/platform/ec/build/zephyr/user-cache
[voltorb:ro] -- Zephyr version: 4.3.99 (/mnt/host/source/src/third_party/zephyr/main)
[eirtae:ro] [206/261] Building C object modules/ec/zephyr/CMakeFiles/ec_shim.dir/drivers/one_wire_uart/keyboard.c.obj
[eirtae:ro] [207/261] Building C object modules/ec/zephyr/CMakeFiles/ec_shim.dir/shim/src/crc.c.obj
[eirtae:ro] [208/261] Building C object modules/ec/zephyr/CMakeFiles/ec_shim.dir/shim/chip/it8xxx2/keyboard_raw.c.obj
[eirtae:ro] [209/261] Building C object modules/ec/zephyr/CMakeFiles/ec_shim.dir/shim/chip/it8xxx2/system.c.obj
[eirtae:ro] [210/261] Building C object modules/ec/zephyr/CMakeFiles/ec_shim.dir/shim/chip/it8xxx2/power_policy.c.obj
[kingler:rw] -- Board: npcx9, qualifiers: npcx9m3f
[eirtae:ro] [211/261] Building C object modules/ec/zephyr/CMakeFiles/ec_shim.dir/shim/src/panic_utils.c.obj
[dirks:rw] -- Board: it8xxx2, qualifiers: it81302bx
[eirtae:ro] [212/261] Building C object modules/ec/zephyr/CMakeFiles/ec_shim.dir/shim/src/console.c.obj
[eirtae:ro] [213/261] Building C object modules/ec/zephyr/CMakeFiles/ec_shim.dir/shim/src/pm_state.c.obj
[eirtae:ro] [214/261] Building C object modules/ec/zephyr/CMakeFiles/ec_shim.dir/shim/src/gpio_int.c.obj
[eirtae:ro] [215/261] Building C object modules/ec/zephyr/CMakeFiles/ec_shim.dir/shim/src/gpio.c.obj
[eirtae:ro] [216/261] Building C object modules/ec/zephyr/CMakeFiles/ec_shim.dir/shim/src/system.c.obj
[dirks:ro] -- Board: it8xxx2, qualifiers: it81302bx
[eirtae:ro] [217/261] Building C object modules/ec/zephyr/CMakeFiles/ec_shim.dir/shim/src/hooks.c.obj
[eirtae:ro] [218/261] Building C object modules/ec/zephyr/CMakeFiles/ec_shim.dir/shim/src/flash.c.obj
[eirtae:ro] [219/261] Building C object modules/ec/zephyr/CMakeFiles/ec_shim.dir/shim/src/keyboard_raw.c.obj
[voltorb:rw] -- Board: npcx9, qualifiers: npcx9m3f
[eirtae:ro] [220/261] Building C object modules/ec/zephyr/CMakeFiles/ec_shim.dir/shim/src/keyscan.c.obj
[eirtae:ro] [221/261] Building C object modules/ec/zephyr/CMakeFiles/ec_shim.dir/shim/src/hwtimer.c.obj
[voltorb:ro] -- Board: npcx9, qualifiers: npcx9m3f
[eirtae:ro] [222/261] Building C object modules/ec/zephyr/CMakeFiles/ec_shim.dir/shim/src/panic.c.obj
[eirtae:ro] [223/261] Building C object modules/ec/zephyr/CMakeFiles/ec_shim.dir/shim/src/i2c.c.obj
[eirtae:ro] [224/261] Building C object zephyr/kernel/CMakeFiles/kernel.dir/banner.c.obj
[eirtae:ro] [225/261] Building C object zephyr/kernel/CMakeFiles/kernel.dir/main_weak.c.obj
[eirtae:ro] [226/261] Building C object modules/ec/zephyr/CMakeFiles/ec_shim.dir/shim/src/watchdog.c.obj
[eirtae:ro] [227/261] Building C object modules/ec/zephyr/CMakeFiles/ec_shim.dir/shim/src/tasks.c.obj
[eirtae:ro] [228/261] Building C object modules/ec/zephyr/CMakeFiles/ec_shim.dir/shim/src/usbc_stub.c.obj
[eirtae:ro] [229/261] Building C object zephyr/kernel/CMakeFiles/kernel.dir/version.c.obj
[eirtae:ro] [230/261] Building C object zephyr/kernel/CMakeFiles/kernel.dir/busy_wait.c.obj
[eirtae:ro] [231/261] Building C object zephyr/kernel/CMakeFiles/kernel.dir/device.c.obj
[eirtae:ro] [232/261] Building C object zephyr/kernel/CMakeFiles/kernel.dir/errno.c.obj
[eirtae:ro] [233/261] Building C object zephyr/kernel/CMakeFiles/kernel.dir/fatal.c.obj
[eirtae:ro] [234/261] Building C object zephyr/kernel/CMakeFiles/kernel.dir/float.c.obj
[/mnt/host/source/src/platform/ec/build/zephyr/yaviks-lcov]   /mnt/host/source/src/platform/ec/build/zephyr/yaviks/build-ro/zephyr/CMakeFiles/zephyr.dir/subsys/shell/modules/kernel_service/kernel_shell.c.gcno:no functions found
[/mnt/host/source/src/platform/ec/build/zephyr/yaviks-lcov] stderr:
[eirtae:ro] [235/261] Building C object zephyr/kernel/CMakeFiles/kernel.dir/kheap.c.obj
[eirtae:ro] [236/261] Building C object zephyr/kernel/CMakeFiles/kernel.dir/init.c.obj
[kingler:rw] -- Found Dtc: /usr/bin/dtc (found suitable version "1.6.0", minimum required is "1.4.6")
[kingler:rw] -- Found BOARD.dts: /mnt/host/source/src/platform/ec/zephyr/boards/google/npcx9/npcx9_npcx9m3f.dts
[kingler:rw] -- Found devicetree overlay: /mnt/host/source/src/platform/ec/zephyr/program/corsola/kingler/project.overlay
[eirtae:ro] [237/261] Building C object zephyr/kernel/CMakeFiles/kernel.dir/mem_slab.c.obj
[eirtae:ro] [238/261] Building C object zephyr/kernel/CMakeFiles/kernel.dir/idle.c.obj
[eirtae:ro] [239/261] Building C object modules/ec/zephyr/CMakeFiles/ec_shim.dir/shim/chip/it8xxx2/gpio.c.obj
[eirtae:ro] [240/261] Building C object zephyr/kernel/CMakeFiles/kernel.dir/mailbox.c.obj
[eirtae:ro] [241/261] Linking C static library modules/ec/zephyr/libec_shim.a
[/mnt/host/source/src/platform/ec/build/zephyr/yaviks-lcov]   /mnt/host/source/src/platform/ec/build/zephyr/yaviks/build-ro/zephyr/CMakeFiles/zephyr.dir/lib/libc/validate_libc.c.gcno:no functions found
[/mnt/host/source/src/platform/ec/build/zephyr/yaviks-lcov] stderr:
[dirks:rw] -- Found Dtc: /usr/bin/dtc (found suitable version "1.6.0", minimum required is "1.4.6")
[dirks:rw] -- Found BOARD.dts: /mnt/host/source/src/platform/ec/zephyr/boards/google/it8xxx2/it8xxx2_it81302bx.dts
[eirtae:ro] [242/261] Building C object zephyr/kernel/CMakeFiles/kernel.dir/mutex.c.obj
[eirtae:ro] [243/261] Building C object zephyr/kernel/CMakeFiles/kernel.dir/msg_q.c.obj
[dirks:ro] -- Found Dtc: /usr/bin/dtc (found suitable version "1.6.0", minimum required is "1.4.6")
[dirks:ro] -- Found BOARD.dts: /mnt/host/source/src/platform/ec/zephyr/boards/google/it8xxx2/it8xxx2_it81302bx.dts
[dirks:ro] -- Found devicetree overlay: /mnt/host/source/src/platform/ec/zephyr/program/nissa/dirks/project.overlay
[eirtae:ro] [244/261] Building C object zephyr/kernel/CMakeFiles/kernel.dir/system_work_q.c.obj
[eirtae:ro] [245/261] Building C object zephyr/kernel/CMakeFiles/kernel.dir/sem.c.obj
[eirtae:ro] [246/261] Building C object zephyr/kernel/CMakeFiles/kernel.dir/stack.c.obj
[eirtae:ro] [247/261] Building C object zephyr/kernel/CMakeFiles/kernel.dir/queue.c.obj
[eirtae:ro] [248/261] Building C object zephyr/kernel/CMakeFiles/kernel.dir/condvar.c.obj
[eirtae:ro] [249/261] Building C object zephyr/kernel/CMakeFiles/kernel.dir/thread.c.obj
[voltorb:rw] -- Found Dtc: /usr/bin/dtc (found suitable version "1.6.0", minimum required is "1.4.6")
[voltorb:rw] -- Found BOARD.dts: /mnt/host/source/src/platform/ec/zephyr/boards/google/npcx9/npcx9_npcx9m3f.dts
[eirtae:ro] [250/261] Building C object zephyr/kernel/CMakeFiles/kernel.dir/work.c.obj
[voltorb:ro] -- Found Dtc: /usr/bin/dtc (found suitable version "1.6.0", minimum required is "1.4.6")
[voltorb:ro] -- Found BOARD.dts: /mnt/host/source/src/platform/ec/zephyr/boards/google/npcx9/npcx9_npcx9m3f.dts
[voltorb:ro] -- Found devicetree overlay: /mnt/host/source/src/platform/ec/zephyr/program/corsola/voltorb/project.overlay
[eirtae:ro] [251/261] Building C object zephyr/kernel/CMakeFiles/kernel.dir/pipe.c.obj
Toolchain <zmake.toolchains.CorebootSdkToolchain object at 0x7f41204aeb10> selected by probe function.
[brox-sku4] Building in /mnt/host/source/src/platform/ec/build/zephyr/brox-sku4.
[eirtae:ro] [252/261] Building C object zephyr/kernel/CMakeFiles/kernel.dir/spinlock_validate.c.obj
Running (initial) lcov on /mnt/host/source/src/platform/ec/build/zephyr/frostflow.
[eirtae:ro] [253/261] Building C object zephyr/kernel/CMakeFiles/kernel.dir/thread_monitor.c.obj
[brox-sku4:ro] Configuring.
Running `env -i PYTHONPATH=/usr/lib64/python-exec/python3.11:/mnt/host/source/src/platform/ec/zephyr/zmake:/usr/lib/python311.zip:/usr/lib/python3.11:/usr/lib/python3.11/lib-dynload:/usr/lib/python3.11/site-packages PW_PIGWEED_CIPD_INSTALL_DIR=/usr CROSTC_USER_ACKNOWLEDGES_THAT_RISCV_IS_EXPERIMENTAL=1 PATH=/mnt/host/source/chromite/bin:/usr/local/bin:/usr/bin:/bin:/opt/bin:/mnt/host/source/chromite/sdk/bin:/mnt/host/source/chromite/bin HOME=/home/jpmurphy JAVA_HOME=/etc/java-config-2/current-system-vm JDK_HOME=/etc/java-config-2/current-system-vm JAVAC=/etc/java-config-2/current-system-vm/bin/javac MAKEFLAGS=' -j16 --jobserver-auth=5,6' /usr/bin/cmake -S /mnt/host/source/src/platform/ec/zephyr/program/brox -B /mnt/host/source/src/platform/ec/build/zephyr/brox-sku4/build-ro -GNinja -DCMAKE_EXPORT_COMPILE_COMMANDS=ON -DZEPHYR_BASE=/mnt/host/source/src/third_party/zephyr/main -DZMAKE_INCLUDE_DIR=/mnt/host/source/src/platform/ec/build/zephyr/brox-sku4/include -DPython3_EXECUTABLE=/usr/bin/python3.11 -DDTS_ROOT=/mnt/host/source/src/platform/ec/zephyr -DSYSCALL_INCLUDE_DIRS=/mnt/host/source/src/platform/ec/zephyr/include/drivers -DUSER_CACHE_DIR=/mnt/host/source/src/platform/ec/build/zephyr/user-cache '-DEXTRA_EC_VERSION_FLAGS=--version 16543.0.0 --static' -DTOOLCHAIN_ROOT=/mnt/host/source/src/platform/ec/zephyr -DCOREBOOT_SDK_ROOT_x86=/home/jpmurphy/.cache/coreboot-sdk/i386-elf/dfbb0486385d938cfa9d73080b9d18d598ed4f49 -DCOREBOOT_SDK_ROOT_picolibc_x86=/home/jpmurphy/.cache/coreboot-sdk/picolibc-i386-elf/eb8e8e687b95461de8cbf278f1c2076952d0ad17 -DCOREBOOT_SDK_ROOT_riscv64=/home/jpmurphy/.cache/coreboot-sdk/riscv64-elf/96b949749225b6aaa92ed810ab769e8dfb12f000 -DCOREBOOT_SDK_ROOT_picolibc_arm=/home/jpmurphy/.cache/coreboot-sdk/picolibc-arm-eabi/422a2aa3e1ef891b5bece9a3deb696ff83840d2e -DCOREBOOT_SDK_ROOT_nds32=/home/jpmurphy/.cache/coreboot-sdk/nds32le-elf/d1a518c4a097666d86058e1444f85ca015d15511 -DCOREBOOT_SDK_ROOT_picolibc_riscv64=/home/jpmurphy/.cache/coreboot-sdk/picolibc-riscv64-elf/f571e990ef0278564b31124f8bb109d9a697eb69 -DCOREBOOT_SDK_ROOT_arm=/home/jpmurphy/.cache/coreboot-sdk/arm-eabi/ea40ddd1d190c3b48435c474c0b545719371813a -DCOREBOOT_SDK_ROOT_libstdcxx_riscv64=/home/jpmurphy/.cache/coreboot-sdk/libstdcxx-riscv64-elf/17abf22a3a252e2d5d2062ced5324f7a623689e0 -DCOREBOOT_SDK_ROOT_libstdcxx_arm=/home/jpmurphy/.cache/coreboot-sdk/libstdcxx-arm-eabi/5d7d82e150e44aa1968f1d366e267e6687b328ac -DCOREBOOT_SDK_ROOT_riscv=/home/jpmurphy/.cache/coreboot-sdk/riscv-elf/9a27b9e82341c6e9126624f516ab3f261abb3e73 -DCOREBOOT_SDK_ROOT_libstdcxx_x86=/home/jpmurphy/.cache/coreboot-sdk/libstdcxx-i386-elf/42ef9d2e87a76a37963175d7d428734e65648b87 -DZEPHYR_TOOLCHAIN_VARIANT=coreboot-sdk -DZEPHYR_MODULES=/mnt/host/source/src/platform/ec/build/zephyr/brox-sku4/modules/ec -DDTC_OVERLAY_FILE=/mnt/host/source/src/platform/ec/zephyr/program/brox/brox-sku4/project.overlay -DBOARD=it8xxx2/it82002aw -DCMAKE_C_FLAGS=-DSECTION_IS_RO '-DCONF_FILE=/mnt/host/source/src/platform/ec/zephyr/program/brox/program.conf;/mnt/host/source/src/platform/ec/zephyr/program/brox/ite.conf;/mnt/host/source/src/platform/ec/zephyr/program/brox/brox/project.conf;/mnt/host/source/src/platform/ec/zephyr/program/brox/brox-sku4/project.conf;/mnt/host/source/src/platform/ec/zephyr/program/brox/motionsense.conf;/mnt/host/source/src/platform/ec/build/zephyr/brox-sku4/kconfig-ro.conf'`
[brox-sku4:ro] Loading Zephyr default modules (Zephyr base (cached)).
[brox-sku4:ro] -- Application: /mnt/host/source/src/platform/ec/zephyr/program/brox
[brox-sku4:ro] -- CMake version: 3.31.7
[eirtae:ro] [254/261] Building C object zephyr/kernel/CMakeFiles/kernel.dir/sched.c.obj
[brox-sku4:rw] Configuring.
Running `env -i PYTHONPATH=/usr/lib64/python-exec/python3.11:/mnt/host/source/src/platform/ec/zephyr/zmake:/usr/lib/python311.zip:/usr/lib/python3.11:/usr/lib/python3.11/lib-dynload:/usr/lib/python3.11/site-packages PW_PIGWEED_CIPD_INSTALL_DIR=/usr CROSTC_USER_ACKNOWLEDGES_THAT_RISCV_IS_EXPERIMENTAL=1 PATH=/mnt/host/source/chromite/bin:/usr/local/bin:/usr/bin:/bin:/opt/bin:/mnt/host/source/chromite/sdk/bin:/mnt/host/source/chromite/bin HOME=/home/jpmurphy JAVA_HOME=/etc/java-config-2/current-system-vm JDK_HOME=/etc/java-config-2/current-system-vm JAVAC=/etc/java-config-2/current-system-vm/bin/javac MAKEFLAGS=' -j16 --jobserver-auth=5,6' /usr/bin/cmake -S /mnt/host/source/src/platform/ec/zephyr/program/brox -B /mnt/host/source/src/platform/ec/build/zephyr/brox-sku4/build-rw -GNinja -DCMAKE_EXPORT_COMPILE_COMMANDS=ON -DZEPHYR_BASE=/mnt/host/source/src/third_party/zephyr/main -DZMAKE_INCLUDE_DIR=/mnt/host/source/src/platform/ec/build/zephyr/brox-sku4/include -DPython3_EXECUTABLE=/usr/bin/python3.11 -DDTS_ROOT=/mnt/host/source/src/platform/ec/zephyr -DSYSCALL_INCLUDE_DIRS=/mnt/host/source/src/platform/ec/zephyr/include/drivers -DUSER_CACHE_DIR=/mnt/host/source/src/platform/ec/build/zephyr/user-cache '-DEXTRA_EC_VERSION_FLAGS=--version 16543.0.0 --static' -DTOOLCHAIN_ROOT=/mnt/host/source/src/platform/ec/zephyr -DCOREBOOT_SDK_ROOT_x86=/home/jpmurphy/.cache/coreboot-sdk/i386-elf/dfbb0486385d938cfa9d73080b9d18d598ed4f49 -DCOREBOOT_SDK_ROOT_picolibc_x86=/home/jpmurphy/.cache/coreboot-sdk/picolibc-i386-elf/eb8e8e687b95461de8cbf278f1c2076952d0ad17 -DCOREBOOT_SDK_ROOT_riscv64=/home/jpmurphy/.cache/coreboot-sdk/riscv64-elf/96b949749225b6aaa92ed810ab769e8dfb12f000 -DCOREBOOT_SDK_ROOT_picolibc_arm=/home/jpmurphy/.cache/coreboot-sdk/picolibc-arm-eabi/422a2aa3e1ef891b5bece9a3deb696ff83840d2e -DCOREBOOT_SDK_ROOT_nds32=/home/jpmurphy/.cache/coreboot-sdk/nds32le-elf/d1a518c4a097666d86058e1444f85ca015d15511 -DCOREBOOT_SDK_ROOT_picolibc_riscv64=/home/jpmurphy/.cache/coreboot-sdk/picolibc-riscv64-elf/f571e990ef0278564b31124f8bb109d9a697eb69 -DCOREBOOT_SDK_ROOT_arm=/home/jpmurphy/.cache/coreboot-sdk/arm-eabi/ea40ddd1d190c3b48435c474c0b545719371813a -DCOREBOOT_SDK_ROOT_libstdcxx_riscv64=/home/jpmurphy/.cache/coreboot-sdk/libstdcxx-riscv64-elf/17abf22a3a252e2d5d2062ced5324f7a623689e0 -DCOREBOOT_SDK_ROOT_libstdcxx_arm=/home/jpmurphy/.cache/coreboot-sdk/libstdcxx-arm-eabi/5d7d82e150e44aa1968f1d366e267e6687b328ac -DCOREBOOT_SDK_ROOT_riscv=/home/jpmurphy/.cache/coreboot-sdk/riscv-elf/9a27b9e82341c6e9126624f516ab3f261abb3e73 -DCOREBOOT_SDK_ROOT_libstdcxx_x86=/home/jpmurphy/.cache/coreboot-sdk/libstdcxx-i386-elf/42ef9d2e87a76a37963175d7d428734e65648b87 -DZEPHYR_TOOLCHAIN_VARIANT=coreboot-sdk -DZEPHYR_MODULES=/mnt/host/source/src/platform/ec/build/zephyr/brox-sku4/modules/ec -DDTC_OVERLAY_FILE=/mnt/host/source/src/platform/ec/zephyr/program/brox/brox-sku4/project.overlay -DBOARD=it8xxx2/it82002aw -DCMAKE_C_FLAGS=-DSECTION_IS_RW '-DCONF_FILE=/mnt/host/source/src/platform/ec/zephyr/program/brox/program.conf;/mnt/host/source/src/platform/ec/zephyr/program/brox/ite.conf;/mnt/host/source/src/platform/ec/zephyr/program/brox/brox/project.conf;/mnt/host/source/src/platform/ec/zephyr/program/brox/brox-sku4/project.conf;/mnt/host/source/src/platform/ec/zephyr/program/brox/motionsense.conf;/mnt/host/source/src/platform/ec/build/zephyr/brox-sku4/kconfig-rw.conf'`
[brox-sku4:rw] Loading Zephyr default modules (Zephyr base (cached)).
[brox-sku4:rw] -- Application: /mnt/host/source/src/platform/ec/zephyr/program/brox
[brox-sku4:rw] -- CMake version: 3.31.7
[dooku:rw] Building: /usr/bin/ninja -C /mnt/host/source/src/platform/ec/build/zephyr/dooku/build-rw all.libraries
Running `env -i SHELL=/bin/bash COLORTERM=truecolor DEPOT_TOOLS_UPDATE=0 LESS='-R -M --shift 5' SUDO_GID=0 JDK_HOME=/etc/java-config-2/current-system-vm CONFIG_PROTECT_MASK='/etc/gentoo-release /etc/sandbox.d /etc/fonts/fonts.conf /etc/terminfo /etc/ca-certificates.conf /etc/revdep-rebuild' CHROMEOS_CACHEDIR=/var/cache/chromeos-cache JAVA_HOME=/etc/java-config-2/current-system-vm SSH_AUTH_SOCK=/tmp/ssh-auth-sock SUDO_COMMAND=/bin/bash SUDO_USER=root SUDO_TTY=/dev/pts/2 EDITOR=/usr/bin/vi PWD=/mnt/host/source/src/platform/ec CONFIG_PROTECT=/usr/share/gnupg/qualified.txt LOGNAME=jpmurphy MANPATH=/etc/java-config-2/current-system-vm/man:/usr/local/share/man:/usr/share/man:/usr/share/gcc-data/x86_64-pc-linux-gnu/10.2.0/man:/usr/share/binutils-data/x86_64-pc-linux-gnu/2.45/man:/etc/java-config-2/current-system-vm/man/ SUDO_HOME=/root XAUTHORITY=/run/user/944457/gdm/Xauthority HOME=/home/jpmurphy LANG=C.UTF-8 LS_COLORS='rs=0:di=01;34:ln=01;36:mh=00:pi=40;33:so=01;35:do=01;35:bd=40;33;01:cd=40;33;01:or=01;05;37;41:mi=01;05;37;41:su=37;41:sg=30;43:ca=30;41:tw=30;42:ow=34;42:st=37;44:ex=01;32:*.tar=01;31:*.tgz=01;31:*.arc=01;31:*.arj=01;31:*.taz=01;31:*.lha=01;31:*.lz4=01;31:*.lzh=01;31:*.lzma=01;31:*.tlz=01;31:*.txz=01;31:*.tzo=01;31:*.t7z=01;31:*.zip=01;31:*.z=01;31:*.dz=01;31:*.gz=01;31:*.lrz=01;31:*.lz=01;31:*.lzo=01;31:*.xz=01;31:*.zst=01;31:*.tzst=01;31:*.bz2=01;31:*.bz=01;31:*.tbz=01;31:*.tbz2=01;31:*.tz=01;31:*.deb=01;31:*.rpm=01;31:*.jar=01;31:*.war=01;31:*.ear=01;31:*.sar=01;31:*.rar=01;31:*.alz=01;31:*.ace=01;31:*.zoo=01;31:*.cpio=01;31:*.7z=01;31:*.rz=01;31:*.cab=01;31:*.wim=01;31:*.swm=01;31:*.dwm=01;31:*.esd=01;31:*.jpg=01;35:*.jpeg=01;35:*.mjpg=01;35:*.mjpeg=01;35:*.gif=01;35:*.bmp=01;35:*.pbm=01;35:*.pgm=01;35:*.ppm=01;35:*.tga=01;35:*.xbm=01;35:*.xpm=01;35:*.tif=01;35:*.tiff=01;35:*.png=01;35:*.svg=01;35:*.svgz=01;35:*.mng=01;35:*.pcx=01;35:*.mov=01;35:*.mpg=01;35:*.mpeg=01;35:*.m2v=01;35:*.mkv=01;35:*.webm=01;35:*.webp=01;35:*.ogm=01;35:*.mp4=01;35:*.m4v=01;35:*.mp4v=01;35:*.vob=01;35:*.qt=01;35:*.nuv=01;35:*.wmv=01;35:*.asf=01;35:*.rm=01;35:*.rmvb=01;35:*.flc=01;35:*.avi=01;35:*.fli=01;35:*.flv=01;35:*.gl=01;35:*.dl=01;35:*.xcf=01;35:*.xwd=01;35:*.yuv=01;35:*.cgm=01;35:*.emf=01;35:*.ogv=01;35:*.ogx=01;35:*.cfg=00;32:*.conf=00;32:*.diff=00;32:*.doc=00;32:*.ini=00;32:*.log=00;32:*.patch=00;32:*.pdf=00;32:*.ps=00;32:*.tex=00;32:*.txt=00;32:*.aac=00;36:*.au=00;36:*.flac=00;36:*.m4a=00;36:*.mid=00;36:*.midi=00;36:*.mka=00;36:*.mp3=00;36:*.mpc=00;36:*.ogg=00;36:*.ra=00;36:*.wav=00;36:*.oga=00;36:*.opus=00;36:*.spx=00;36:*.xspf=00;36:' XDG_CURRENT_DESKTOP=GNOME INFOPATH=/usr/share/info:/usr/share/gcc-data/x86_64-pc-linux-gnu/10.2.0/info:/usr/share/binutils-data/x86_64-pc-linux-gnu/2.45/info:/usr/share/automake-1.16.5/info JAVAC=/etc/java-config-2/current-system-vm/bin/javac TERM=xterm-256color LESSOPEN='|lesspipe %s' USER=jpmurphy CROS_WORKON_SRCROOT=/mnt/host/source MANPAGER=manpager DISPLAY=:1 SHLVL=1 LC_MESSAGES=C EXTERNAL_TRUNK_PATH=/mnt/8f9d649a-3721-44cc-93c0-e6bd21a9689f/chromiumos GCC_SPECS='' PATH=/mnt/host/source/chromite/bin:/usr/local/bin:/usr/bin:/bin:/opt/bin:/mnt/host/source/chromite/sdk/bin:/mnt/host/source/chromite/bin PORTAGE_USERNAME=jpmurphy SUDO_UID=0 GCC_VER=10.2.0 MAIL=/var/mail/jpmurphy OLDPWD=/mnt/host/source/src/scripts traceparent=00-e87aca51550a78635907baa6a2476181-6d684811675d2973-01 _=./zephyr/firmware_builder.py COREBOOT_SDK_ROOT_x86=/home/jpmurphy/.cache/coreboot-sdk/i386-elf/dfbb0486385d938cfa9d73080b9d18d598ed4f49 COREBOOT_SDK_ROOT_picolibc_x86=/home/jpmurphy/.cache/coreboot-sdk/picolibc-i386-elf/eb8e8e687b95461de8cbf278f1c2076952d0ad17 COREBOOT_SDK_ROOT_riscv64=/home/jpmurphy/.cache/coreboot-sdk/riscv64-elf/96b949749225b6aaa92ed810ab769e8dfb12f000 COREBOOT_SDK_ROOT_picolibc_arm=/home/jpmurphy/.cache/coreboot-sdk/picolibc-arm-eabi/422a2aa3e1ef891b5bece9a3deb696ff83840d2e COREBOOT_SDK_ROOT_nds32=/home/jpmurphy/.cache/coreboot-sdk/nds32le-elf/d1a518c4a097666d86058e1444f85ca015d15511 COREBOOT_SDK_ROOT_picolibc_riscv64=/home/jpmurphy/.cache/coreboot-sdk/picolibc-riscv64-elf/f571e990ef0278564b31124f8bb109d9a697eb69 COREBOOT_SDK_ROOT_arm=/home/jpmurphy/.cache/coreboot-sdk/arm-eabi/ea40ddd1d190c3b48435c474c0b545719371813a COREBOOT_SDK_ROOT_libstdcxx_riscv64=/home/jpmurphy/.cache/coreboot-sdk/libstdcxx-riscv64-elf/17abf22a3a252e2d5d2062ced5324f7a623689e0 COREBOOT_SDK_ROOT_libstdcxx_arm=/home/jpmurphy/.cache/coreboot-sdk/libstdcxx-arm-eabi/5d7d82e150e44aa1968f1d366e267e6687b328ac COREBOOT_SDK_ROOT_riscv=/home/jpmurphy/.cache/coreboot-sdk/riscv-elf/9a27b9e82341c6e9126624f516ab3f261abb3e73 COREBOOT_SDK_ROOT_libstdcxx_x86=/home/jpmurphy/.cache/coreboot-sdk/libstdcxx-i386-elf/42ef9d2e87a76a37963175d7d428734e65648b87 PYTHONPATH=/mnt/host/source/src/platform/ec/zephyr/zmake PW_PIGWEED_CIPD_INSTALL_DIR=/usr CROSTC_USER_ACKNOWLEDGES_THAT_RISCV_IS_EXPERIMENTAL=1 MAKEFLAGS=' -j16 --jobserver-auth=5,6' /usr/bin/ninja -C /mnt/host/source/src/platform/ec/build/zephyr/dooku/build-rw all.libraries`
[eirtae:ro] [255/261] Building C object zephyr/kernel/CMakeFiles/kernel.dir/timer.c.obj
[dooku:rw] ninja: Entering directory `/mnt/host/source/src/platform/ec/build/zephyr/dooku/build-rw'
[eirtae:ro] [256/261] Building C object zephyr/kernel/CMakeFiles/kernel.dir/timeout.c.obj
[dooku:ro] Building: /usr/bin/ninja -C /mnt/host/source/src/platform/ec/build/zephyr/dooku/build-ro all.libraries
Running `env -i SHELL=/bin/bash COLORTERM=truecolor DEPOT_TOOLS_UPDATE=0 LESS='-R -M --shift 5' SUDO_GID=0 JDK_HOME=/etc/java-config-2/current-system-vm CONFIG_PROTECT_MASK='/etc/gentoo-release /etc/sandbox.d /etc/fonts/fonts.conf /etc/terminfo /etc/ca-certificates.conf /etc/revdep-rebuild' CHROMEOS_CACHEDIR=/var/cache/chromeos-cache JAVA_HOME=/etc/java-config-2/current-system-vm SSH_AUTH_SOCK=/tmp/ssh-auth-sock SUDO_COMMAND=/bin/bash SUDO_USER=root SUDO_TTY=/dev/pts/2 EDITOR=/usr/bin/vi PWD=/mnt/host/source/src/platform/ec CONFIG_PROTECT=/usr/share/gnupg/qualified.txt LOGNAME=jpmurphy MANPATH=/etc/java-config-2/current-system-vm/man:/usr/local/share/man:/usr/share/man:/usr/share/gcc-data/x86_64-pc-linux-gnu/10.2.0/man:/usr/share/binutils-data/x86_64-pc-linux-gnu/2.45/man:/etc/java-config-2/current-system-vm/man/ SUDO_HOME=/root XAUTHORITY=/run/user/944457/gdm/Xauthority HOME=/home/jpmurphy LANG=C.UTF-8 LS_COLORS='rs=0:di=01;34:ln=01;36:mh=00:pi=40;33:so=01;35:do=01;35:bd=40;33;01:cd=40;33;01:or=01;05;37;41:mi=01;05;37;41:su=37;41:sg=30;43:ca=30;41:tw=30;42:ow=34;42:st=37;44:ex=01;32:*.tar=01;31:*.tgz=01;31:*.arc=01;31:*.arj=01;31:*.taz=01;31:*.lha=01;31:*.lz4=01;31:*.lzh=01;31:*.lzma=01;31:*.tlz=01;31:*.txz=01;31:*.tzo=01;31:*.t7z=01;31:*.zip=01;31:*.z=01;31:*.dz=01;31:*.gz=01;31:*.lrz=01;31:*.lz=01;31:*.lzo=01;31:*.xz=01;31:*.zst=01;31:*.tzst=01;31:*.bz2=01;31:*.bz=01;31:*.tbz=01;31:*.tbz2=01;31:*.tz=01;31:*.deb=01;31:*.rpm=01;31:*.jar=01;31:*.war=01;31:*.ear=01;31:*.sar=01;31:*.rar=01;31:*.alz=01;31:*.ace=01;31:*.zoo=01;31:*.cpio=01;31:*.7z=01;31:*.rz=01;31:*.cab=01;31:*.wim=01;31:*.swm=01;31:*.dwm=01;31:*.esd=01;31:*.jpg=01;35:*.jpeg=01;35:*.mjpg=01;35:*.mjpeg=01;35:*.gif=01;35:*.bmp=01;35:*.pbm=01;35:*.pgm=01;35:*.ppm=01;35:*.tga=01;35:*.xbm=01;35:*.xpm=01;35:*.tif=01;35:*.tiff=01;35:*.png=01;35:*.svg=01;35:*.svgz=01;35:*.mng=01;35:*.pcx=01;35:*.mov=01;35:*.mpg=01;35:*.mpeg=01;35:*.m2v=01;35:*.mkv=01;35:*.webm=01;35:*.webp=01;35:*.ogm=01;35:*.mp4=01;35:*.m4v=01;35:*.mp4v=01;35:*.vob=01;35:*.qt=01;35:*.nuv=01;35:*.wmv=01;35:*.asf=01;35:*.rm=01;35:*.rmvb=01;35:*.flc=01;35:*.avi=01;35:*.fli=01;35:*.flv=01;35:*.gl=01;35:*.dl=01;35:*.xcf=01;35:*.xwd=01;35:*.yuv=01;35:*.cgm=01;35:*.emf=01;35:*.ogv=01;35:*.ogx=01;35:*.cfg=00;32:*.conf=00;32:*.diff=00;32:*.doc=00;32:*.ini=00;32:*.log=00;32:*.patch=00;32:*.pdf=00;32:*.ps=00;32:*.tex=00;32:*.txt=00;32:*.aac=00;36:*.au=00;36:*.flac=00;36:*.m4a=00;36:*.mid=00;36:*.midi=00;36:*.mka=00;36:*.mp3=00;36:*.mpc=00;36:*.ogg=00;36:*.ra=00;36:*.wav=00;36:*.oga=00;36:*.opus=00;36:*.spx=00;36:*.xspf=00;36:' XDG_CURRENT_DESKTOP=GNOME INFOPATH=/usr/share/info:/usr/share/gcc-data/x86_64-pc-linux-gnu/10.2.0/info:/usr/share/binutils-data/x86_64-pc-linux-gnu/2.45/info:/usr/share/automake-1.16.5/info JAVAC=/etc/java-config-2/current-system-vm/bin/javac TERM=xterm-256color LESSOPEN='|lesspipe %s' USER=jpmurphy CROS_WORKON_SRCROOT=/mnt/host/source MANPAGER=manpager DISPLAY=:1 SHLVL=1 LC_MESSAGES=C EXTERNAL_TRUNK_PATH=/mnt/8f9d649a-3721-44cc-93c0-e6bd21a9689f/chromiumos GCC_SPECS='' PATH=/mnt/host/source/chromite/bin:/usr/local/bin:/usr/bin:/bin:/opt/bin:/mnt/host/source/chromite/sdk/bin:/mnt/host/source/chromite/bin PORTAGE_USERNAME=jpmurphy SUDO_UID=0 GCC_VER=10.2.0 MAIL=/var/mail/jpmurphy OLDPWD=/mnt/host/source/src/scripts traceparent=00-e87aca51550a78635907baa6a2476181-6d684811675d2973-01 _=./zephyr/firmware_builder.py COREBOOT_SDK_ROOT_x86=/home/jpmurphy/.cache/coreboot-sdk/i386-elf/dfbb0486385d938cfa9d73080b9d18d598ed4f49 COREBOOT_SDK_ROOT_picolibc_x86=/home/jpmurphy/.cache/coreboot-sdk/picolibc-i386-elf/eb8e8e687b95461de8cbf278f1c2076952d0ad17 COREBOOT_SDK_ROOT_riscv64=/home/jpmurphy/.cache/coreboot-sdk/riscv64-elf/96b949749225b6aaa92ed810ab769e8dfb12f000 COREBOOT_SDK_ROOT_picolibc_arm=/home/jpmurphy/.cache/coreboot-sdk/picolibc-arm-eabi/422a2aa3e1ef891b5bece9a3deb696ff83840d2e COREBOOT_SDK_ROOT_nds32=/home/jpmurphy/.cache/coreboot-sdk/nds32le-elf/d1a518c4a097666d86058e1444f85ca015d15511 COREBOOT_SDK_ROOT_picolibc_riscv64=/home/jpmurphy/.cache/coreboot-sdk/picolibc-riscv64-elf/f571e990ef0278564b31124f8bb109d9a697eb69 COREBOOT_SDK_ROOT_arm=/home/jpmurphy/.cache/coreboot-sdk/arm-eabi/ea40ddd1d190c3b48435c474c0b545719371813a COREBOOT_SDK_ROOT_libstdcxx_riscv64=/home/jpmurphy/.cache/coreboot-sdk/libstdcxx-riscv64-elf/17abf22a3a252e2d5d2062ced5324f7a623689e0 COREBOOT_SDK_ROOT_libstdcxx_arm=/home/jpmurphy/.cache/coreboot-sdk/libstdcxx-arm-eabi/5d7d82e150e44aa1968f1d366e267e6687b328ac COREBOOT_SDK_ROOT_riscv=/home/jpmurphy/.cache/coreboot-sdk/riscv-elf/9a27b9e82341c6e9126624f516ab3f261abb3e73 COREBOOT_SDK_ROOT_libstdcxx_x86=/home/jpmurphy/.cache/coreboot-sdk/libstdcxx-i386-elf/42ef9d2e87a76a37963175d7d428734e65648b87 PYTHONPATH=/mnt/host/source/src/platform/ec/zephyr/zmake PW_PIGWEED_CIPD_INSTALL_DIR=/usr CROSTC_USER_ACKNOWLEDGES_THAT_RISCV_IS_EXPERIMENTAL=1 MAKEFLAGS=' -j16 --jobserver-auth=5,6' /usr/bin/ninja -C /mnt/host/source/src/platform/ec/build/zephyr/dooku/build-ro all.libraries`
[dooku:ro] ninja: Entering directory `/mnt/host/source/src/platform/ec/build/zephyr/dooku/build-ro'
[eirtae:ro] [257/261] Building C object zephyr/kernel/CMakeFiles/kernel.dir/events.c.obj
[craask:ro] Configuring.
Running `env -i PYTHONPATH=/usr/lib64/python-exec/python3.11:/mnt/host/source/src/platform/ec/zephyr/zmake:/usr/lib/python311.zip:/usr/lib/python3.11:/usr/lib/python3.11/lib-dynload:/usr/lib/python3.11/site-packages PW_PIGWEED_CIPD_INSTALL_DIR=/usr CROSTC_USER_ACKNOWLEDGES_THAT_RISCV_IS_EXPERIMENTAL=1 PATH=/mnt/host/source/chromite/bin:/usr/local/bin:/usr/bin:/bin:/opt/bin:/mnt/host/source/chromite/sdk/bin:/mnt/host/source/chromite/bin HOME=/home/jpmurphy JAVA_HOME=/etc/java-config-2/current-system-vm JDK_HOME=/etc/java-config-2/current-system-vm JAVAC=/etc/java-config-2/current-system-vm/bin/javac MAKEFLAGS=' -j16 --jobserver-auth=5,6' /usr/bin/cmake -S /mnt/host/source/src/platform/ec/zephyr/program/nissa -B /mnt/host/source/src/platform/ec/build/zephyr/craask/build-ro -GNinja -DCMAKE_EXPORT_COMPILE_COMMANDS=ON -DZEPHYR_BASE=/mnt/host/source/src/third_party/zephyr/main -DZMAKE_INCLUDE_DIR=/mnt/host/source/src/platform/ec/build/zephyr/craask/include -DPython3_EXECUTABLE=/usr/bin/python3.11 -DDTS_ROOT=/mnt/host/source/src/platform/ec/zephyr -DSYSCALL_INCLUDE_DIRS=/mnt/host/source/src/platform/ec/zephyr/include/drivers -DUSER_CACHE_DIR=/mnt/host/source/src/platform/ec/build/zephyr/user-cache '-DEXTRA_EC_VERSION_FLAGS=--version 16543.0.0 --static' -DTOOLCHAIN_ROOT=/mnt/host/source/src/platform/ec/zephyr -DCOREBOOT_SDK_ROOT_x86=/home/jpmurphy/.cache/coreboot-sdk/i386-elf/dfbb0486385d938cfa9d73080b9d18d598ed4f49 -DCOREBOOT_SDK_ROOT_picolibc_x86=/home/jpmurphy/.cache/coreboot-sdk/picolibc-i386-elf/eb8e8e687b95461de8cbf278f1c2076952d0ad17 -DCOREBOOT_SDK_ROOT_riscv64=/home/jpmurphy/.cache/coreboot-sdk/riscv64-elf/96b949749225b6aaa92ed810ab769e8dfb12f000 -DCOREBOOT_SDK_ROOT_picolibc_arm=/home/jpmurphy/.cache/coreboot-sdk/picolibc-arm-eabi/422a2aa3e1ef891b5bece9a3deb696ff83840d2e -DCOREBOOT_SDK_ROOT_nds32=/home/jpmurphy/.cache/coreboot-sdk/nds32le-elf/d1a518c4a097666d86058e1444f85ca015d15511 -DCOREBOOT_SDK_ROOT_picolibc_riscv64=/home/jpmurphy/.cache/coreboot-sdk/picolibc-riscv64-elf/f571e990ef0278564b31124f8bb109d9a697eb69 -DCOREBOOT_SDK_ROOT_arm=/home/jpmurphy/.cache/coreboot-sdk/arm-eabi/ea40ddd1d190c3b48435c474c0b545719371813a -DCOREBOOT_SDK_ROOT_libstdcxx_riscv64=/home/jpmurphy/.cache/coreboot-sdk/libstdcxx-riscv64-elf/17abf22a3a252e2d5d2062ced5324f7a623689e0 -DCOREBOOT_SDK_ROOT_libstdcxx_arm=/home/jpmurphy/.cache/coreboot-sdk/libstdcxx-arm-eabi/5d7d82e150e44aa1968f1d366e267e6687b328ac -DCOREBOOT_SDK_ROOT_riscv=/home/jpmurphy/.cache/coreboot-sdk/riscv-elf/9a27b9e82341c6e9126624f516ab3f261abb3e73 -DCOREBOOT_SDK_ROOT_libstdcxx_x86=/home/jpmurphy/.cache/coreboot-sdk/libstdcxx-i386-elf/42ef9d2e87a76a37963175d7d428734e65648b87 -DZEPHYR_TOOLCHAIN_VARIANT=coreboot-sdk '-DZEPHYR_MODULES=/mnt/host/source/src/platform/ec/build/zephyr/craask/modules/cmsis;/mnt/host/source/src/platform/ec/build/zephyr/craask/modules/cmsis_6;/mnt/host/source/src/platform/ec/build/zephyr/craask/modules/ec' -DDTC_OVERLAY_FILE=/mnt/host/source/src/platform/ec/zephyr/program/nissa/craask/project.overlay -DBOARD=npcx9/npcx9m3f -DCMAKE_C_FLAGS=-DSECTION_IS_RO '-DCONF_FILE=/mnt/host/source/src/platform/ec/zephyr/program/nissa/program.conf;/mnt/host/source/src/platform/ec/zephyr/program/nissa/npcx_program.conf;/mnt/host/source/src/platform/ec/zephyr/program/nissa/craask/project.conf;/mnt/host/source/src/platform/ec/build/zephyr/craask/kconfig-ro.conf'`
[/mnt/host/source/src/platform/ec/build/zephyr/yaviks-lcov]   /mnt/host/source/src/platform/ec/build/zephyr/yaviks/build-ro/zephyr/CMakeFiles/zephyr.dir/lib/utils/last_section_id.c.gcno:no functions found
[/mnt/host/source/src/platform/ec/build/zephyr/yaviks-lcov] stderr:
[craask:ro] Loading Zephyr default modules (Zephyr base (cached)).
[craask:ro] -- Application: /mnt/host/source/src/platform/ec/zephyr/program/nissa
[craask:ro] -- CMake version: 3.31.7
[craask:rw] Configuring.
Running `env -i PYTHONPATH=/usr/lib64/python-exec/python3.11:/mnt/host/source/src/platform/ec/zephyr/zmake:/usr/lib/python311.zip:/usr/lib/python3.11:/usr/lib/python3.11/lib-dynload:/usr/lib/python3.11/site-packages PW_PIGWEED_CIPD_INSTALL_DIR=/usr CROSTC_USER_ACKNOWLEDGES_THAT_RISCV_IS_EXPERIMENTAL=1 PATH=/mnt/host/source/chromite/bin:/usr/local/bin:/usr/bin:/bin:/opt/bin:/mnt/host/source/chromite/sdk/bin:/mnt/host/source/chromite/bin HOME=/home/jpmurphy JAVA_HOME=/etc/java-config-2/current-system-vm JDK_HOME=/etc/java-config-2/current-system-vm JAVAC=/etc/java-config-2/current-system-vm/bin/javac MAKEFLAGS=' -j16 --jobserver-auth=5,6' /usr/bin/cmake -S /mnt/host/source/src/platform/ec/zephyr/program/nissa -B /mnt/host/source/src/platform/ec/build/zephyr/craask/build-rw -GNinja -DCMAKE_EXPORT_COMPILE_COMMANDS=ON -DZEPHYR_BASE=/mnt/host/source/src/third_party/zephyr/main -DZMAKE_INCLUDE_DIR=/mnt/host/source/src/platform/ec/build/zephyr/craask/include -DPython3_EXECUTABLE=/usr/bin/python3.11 -DDTS_ROOT=/mnt/host/source/src/platform/ec/zephyr -DSYSCALL_INCLUDE_DIRS=/mnt/host/source/src/platform/ec/zephyr/include/drivers -DUSER_CACHE_DIR=/mnt/host/source/src/platform/ec/build/zephyr/user-cache '-DEXTRA_EC_VERSION_FLAGS=--version 16543.0.0 --static' -DTOOLCHAIN_ROOT=/mnt/host/source/src/platform/ec/zephyr -DCOREBOOT_SDK_ROOT_x86=/home/jpmurphy/.cache/coreboot-sdk/i386-elf/dfbb0486385d938cfa9d73080b9d18d598ed4f49 -DCOREBOOT_SDK_ROOT_picolibc_x86=/home/jpmurphy/.cache/coreboot-sdk/picolibc-i386-elf/eb8e8e687b95461de8cbf278f1c2076952d0ad17 -DCOREBOOT_SDK_ROOT_riscv64=/home/jpmurphy/.cache/coreboot-sdk/riscv64-elf/96b949749225b6aaa92ed810ab769e8dfb12f000 -DCOREBOOT_SDK_ROOT_picolibc_arm=/home/jpmurphy/.cache/coreboot-sdk/picolibc-arm-eabi/422a2aa3e1ef891b5bece9a3deb696ff83840d2e -DCOREBOOT_SDK_ROOT_nds32=/home/jpmurphy/.cache/coreboot-sdk/nds32le-elf/d1a518c4a097666d86058e1444f85ca015d15511 -DCOREBOOT_SDK_ROOT_picolibc_riscv64=/home/jpmurphy/.cache/coreboot-sdk/picolibc-riscv64-elf/f571e990ef0278564b31124f8bb109d9a697eb69 -DCOREBOOT_SDK_ROOT_arm=/home/jpmurphy/.cache/coreboot-sdk/arm-eabi/ea40ddd1d190c3b48435c474c0b545719371813a -DCOREBOOT_SDK_ROOT_libstdcxx_riscv64=/home/jpmurphy/.cache/coreboot-sdk/libstdcxx-riscv64-elf/17abf22a3a252e2d5d2062ced5324f7a623689e0 -DCOREBOOT_SDK_ROOT_libstdcxx_arm=/home/jpmurphy/.cache/coreboot-sdk/libstdcxx-arm-eabi/5d7d82e150e44aa1968f1d366e267e6687b328ac -DCOREBOOT_SDK_ROOT_riscv=/home/jpmurphy/.cache/coreboot-sdk/riscv-elf/9a27b9e82341c6e9126624f516ab3f261abb3e73 -DCOREBOOT_SDK_ROOT_libstdcxx_x86=/home/jpmurphy/.cache/coreboot-sdk/libstdcxx-i386-elf/42ef9d2e87a76a37963175d7d428734e65648b87 -DZEPHYR_TOOLCHAIN_VARIANT=coreboot-sdk '-DZEPHYR_MODULES=/mnt/host/source/src/platform/ec/build/zephyr/craask/modules/cmsis;/mnt/host/source/src/platform/ec/build/zephyr/craask/modules/cmsis_6;/mnt/host/source/src/platform/ec/build/zephyr/craask/modules/ec' -DDTC_OVERLAY_FILE=/mnt/host/source/src/platform/ec/zephyr/program/nissa/craask/project.overlay -DBOARD=npcx9/npcx9m3f -DCMAKE_C_FLAGS=-DSECTION_IS_RW '-DCONF_FILE=/mnt/host/source/src/platform/ec/zephyr/program/nissa/program.conf;/mnt/host/source/src/platform/ec/zephyr/program/nissa/npcx_program.conf;/mnt/host/source/src/platform/ec/zephyr/program/nissa/craask/project.conf;/mnt/host/source/src/platform/ec/build/zephyr/craask/kconfig-rw.conf'`
[eirtae:ro] [258/261] Building C object zephyr/kernel/CMakeFiles/kernel.dir/poll.c.obj
[craask:rw] Loading Zephyr default modules (Zephyr base (cached)).
[craask:rw] -- Application: /mnt/host/source/src/platform/ec/zephyr/program/nissa
Running `env -i PYTHONPATH=/usr/lib64/python-exec/python3.11:/mnt/host/source/src/platform/ec/zephyr/zmake:/usr/lib/python311.zip:/usr/lib/python3.11:/usr/lib/python3.11/lib-dynload:/usr/lib/python3.11/site-packages PW_PIGWEED_CIPD_INSTALL_DIR=/usr CROSTC_USER_ACKNOWLEDGES_THAT_RISCV_IS_EXPERIMENTAL=1 PATH=/mnt/host/source/chromite/bin:/usr/local/bin:/usr/bin:/bin:/opt/bin:/mnt/host/source/chromite/sdk/bin:/mnt/host/source/chromite/bin HOME=/home/jpmurphy JAVA_HOME=/etc/java-config-2/current-system-vm JDK_HOME=/etc/java-config-2/current-system-vm JAVAC=/etc/java-config-2/current-system-vm/bin/javac MAKEFLAGS=' -j16 --jobserver-auth=5,6' /usr/bin/lcov --gcov-tool /mnt/host/source/src/platform/ec/build/zephyr/frostflow/build-rw/gcov.sh -q -o - -c -d /mnt/host/source/src/platform/ec/build/zephyr/frostflow -t frostflow --rc branch_coverage=1 --filter range --ignore-errors inconsistent,source --ignore-errors gcov,gcov -i`
[eirtae:ro] [259/261] Building C object zephyr/kernel/CMakeFiles/kernel.dir/dynamic_disabled.c.obj
Toolchain <zmake.toolchains.CorebootSdkToolchain object at 0x7f4120510050> selected by probe function.
[eirtae:ro] [260/261] Building C object zephyr/kernel/CMakeFiles/kernel.dir/mempool.c.obj
[ruby-ish] Building in /mnt/host/source/src/platform/ec/build/zephyr/ruby-ish.
[dooku:rw] [1/347] Preparing syscall dependency handling
[brox-sku4:ro] -- Found Python3: /usr/bin/python3.11 (found suitable version "3.11.11", minimum required is "3.10") found components: Interpreter
[brox-sku4:ro] -- Cache files will be written to: /mnt/host/source/src/platform/ec/build/zephyr/user-cache
[brox-sku4:ro] -- Zephyr version: 4.3.99 (/mnt/host/source/src/third_party/zephyr/main)
[eirtae:ro] [261/261] Linking C static library zephyr/kernel/libkernel.a
[dooku:rw] [2/347] Generating misc/generated/syscalls_subdirs.trigger
[dooku:ro] [1/347] Preparing syscall dependency handling
[brox-sku4:rw] -- Found Python3: /usr/bin/python3.11 (found suitable version "3.11.11", minimum required is "3.10") found components: Interpreter
[brox-sku4:rw] -- Cache files will be written to: /mnt/host/source/src/platform/ec/build/zephyr/user-cache
[dooku:rw] [3/347] cd /mnt/host/source/src/platform/ec/build/zephyr/dooku/build-rw/modules/ec/zephyr && PYTHONPATH=/mnt/host/source/src/platform/ec/build/zephyr/dooku/modules/ec/zephyr/zmake/ /usr/bin/python3.11 /mnt/host/source/src/platform/ec/build/zephyr/dooku/modules/ec/zephyr/zmake/zephyr_build_tools/generate_ec_version.py /mnt/host/source/src/platform/ec/build/zephyr/dooku/build-rw/modules/ec/zephyr/include/ec_version.h --name Zephyr-Kernel --version 16543.0.0 --static
[dooku:rw] INFO:root:Using a static version string
[brox-sku4:rw] -- Zephyr version: 4.3.99 (/mnt/host/source/src/third_party/zephyr/main)
[dooku:ro] [2/347] Generating misc/generated/syscalls_subdirs.trigger
[craask:ro] -- Found Python3: /usr/bin/python3.11 (found suitable version "3.11.11", minimum required is "3.10") found components: Interpreter
[craask:ro] -- Cache files will be written to: /mnt/host/source/src/platform/ec/build/zephyr/user-cache
[craask:ro] -- Zephyr version: 4.3.99 (/mnt/host/source/src/third_party/zephyr/main)
[dirks:rw] -- Found devicetree overlay: /mnt/host/source/src/platform/ec/zephyr/program/nissa/dirks/project.overlay
[dirks:rw] -- Generated zephyr.dts: /mnt/host/source/src/platform/ec/build/zephyr/dirks/build-rw/zephyr/zephyr.dts
[craask:rw] -- CMake version: 3.31.7
[craask:rw] -- Found Python3: /usr/bin/python3.11 (found suitable version "3.11.11", minimum required is "3.10") found components: Interpreter
[craask:rw] -- Cache files will be written to: /mnt/host/source/src/platform/ec/build/zephyr/user-cache
[craask:rw] -- Zephyr version: 4.3.99 (/mnt/host/source/src/third_party/zephyr/main)
[dooku:ro] [3/347] Generating include/generated/zephyr/version.h
[dooku:ro] -- git describe warned: warning: tag 'upstream/v2.7.99' is externally known as 'v2.7.99'
[dooku:rw] INFO:root:Version string: Zephyr-Kernel-16543.0.0
[dooku:rw] INFO:root:Writing header to /mnt/host/source/src/platform/ec/build/zephyr/dooku/build-rw/modules/ec/zephyr/include/ec_version.h
[dooku:rw] [4/347] Generating include/generated/zephyr/version.h
[ruby-ish:singleimage] Configuring.
Running `env -i PYTHONPATH=/usr/lib64/python-exec/python3.11:/mnt/host/source/src/platform/ec/zephyr/zmake:/usr/lib/python311.zip:/usr/lib/python3.11:/usr/lib/python3.11/lib-dynload:/usr/lib/python3.11/site-packages PW_PIGWEED_CIPD_INSTALL_DIR=/usr CROSTC_USER_ACKNOWLEDGES_THAT_RISCV_IS_EXPERIMENTAL=1 PATH=/mnt/host/source/chromite/bin:/usr/local/bin:/usr/bin:/bin:/opt/bin:/mnt/host/source/chromite/sdk/bin:/mnt/host/source/chromite/bin HOME=/home/jpmurphy JAVA_HOME=/etc/java-config-2/current-system-vm JDK_HOME=/etc/java-config-2/current-system-vm JAVAC=/etc/java-config-2/current-system-vm/bin/javac MAKEFLAGS=' -j16 --jobserver-auth=5,6' /usr/bin/cmake -S /mnt/host/source/src/platform/ec/zephyr/program/fatcat -B /mnt/host/source/src/platform/ec/build/zephyr/ruby-ish/build-singleimage -GNinja -DCMAKE_EXPORT_COMPILE_COMMANDS=ON -DZEPHYR_BASE=/mnt/host/source/src/third_party/zephyr/main -DZMAKE_INCLUDE_DIR=/mnt/host/source/src/platform/ec/build/zephyr/ruby-ish/include -DPython3_EXECUTABLE=/usr/bin/python3.11 -DDTS_ROOT=/mnt/host/source/src/platform/ec/zephyr -DSYSCALL_INCLUDE_DIRS=/mnt/host/source/src/platform/ec/zephyr/include/drivers -DUSER_CACHE_DIR=/mnt/host/source/src/platform/ec/build/zephyr/user-cache -DPW_ROOT=/mnt/host/source/src/third_party/pigweed -DNANOPB_DIR=/mnt/host/source/src/third_party/zephyr/nanopb '-DEXTRA_EC_VERSION_FLAGS=--version 16543.0.0 --static' -DTOOLCHAIN_ROOT=/mnt/host/source/src/platform/ec/zephyr -DCOREBOOT_SDK_ROOT_x86=/home/jpmurphy/.cache/coreboot-sdk/i386-elf/dfbb0486385d938cfa9d73080b9d18d598ed4f49 -DCOREBOOT_SDK_ROOT_picolibc_x86=/home/jpmurphy/.cache/coreboot-sdk/picolibc-i386-elf/eb8e8e687b95461de8cbf278f1c2076952d0ad17 -DCOREBOOT_SDK_ROOT_riscv64=/home/jpmurphy/.cache/coreboot-sdk/riscv64-elf/96b949749225b6aaa92ed810ab769e8dfb12f000 -DCOREBOOT_SDK_ROOT_picolibc_arm=/home/jpmurphy/.cache/coreboot-sdk/picolibc-arm-eabi/422a2aa3e1ef891b5bece9a3deb696ff83840d2e -DCOREBOOT_SDK_ROOT_nds32=/home/jpmurphy/.cache/coreboot-sdk/nds32le-elf/d1a518c4a097666d86058e1444f85ca015d15511 -DCOREBOOT_SDK_ROOT_picolibc_riscv64=/home/jpmurphy/.cache/coreboot-sdk/picolibc-riscv64-elf/f571e990ef0278564b31124f8bb109d9a697eb69 -DCOREBOOT_SDK_ROOT_arm=/home/jpmurphy/.cache/coreboot-sdk/arm-eabi/ea40ddd1d190c3b48435c474c0b545719371813a -DCOREBOOT_SDK_ROOT_libstdcxx_riscv64=/home/jpmurphy/.cache/coreboot-sdk/libstdcxx-riscv64-elf/17abf22a3a252e2d5d2062ced5324f7a623689e0 -DCOREBOOT_SDK_ROOT_libstdcxx_arm=/home/jpmurphy/.cache/coreboot-sdk/libstdcxx-arm-eabi/5d7d82e150e44aa1968f1d366e267e6687b328ac -DCOREBOOT_SDK_ROOT_riscv=/home/jpmurphy/.cache/coreboot-sdk/riscv-elf/9a27b9e82341c6e9126624f516ab3f261abb3e73 -DCOREBOOT_SDK_ROOT_libstdcxx_x86=/home/jpmurphy/.cache/coreboot-sdk/libstdcxx-i386-elf/42ef9d2e87a76a37963175d7d428734e65648b87 -DZEPHYR_TOOLCHAIN_VARIANT=coreboot-sdk '-DZEPHYR_MODULES=/mnt/host/source/src/platform/ec/build/zephyr/ruby-ish/modules/ec;/mnt/host/source/src/platform/ec/build/zephyr/ruby-ish/modules/cmsis;/mnt/host/source/src/platform/ec/build/zephyr/ruby-ish/modules/cmsis_6;/mnt/host/source/src/platform/ec/build/zephyr/ruby-ish/modules/hal_intel_public;/mnt/host/source/src/platform/ec/build/zephyr/ruby-ish/modules/pigweed;/mnt/host/source/src/platform/ec/build/zephyr/ruby-ish/modules/nanopb' -DDTC_OVERLAY_FILE=/mnt/host/source/src/platform/ec/zephyr/program/fatcat/ruby-ish/project.overlay -DBOARD=intel_ish_5_8_0 '-DCONF_FILE=/mnt/host/source/src/platform/ec/zephyr/program/fatcat/dsp_comms.conf;/mnt/host/source/src/platform/ec/zephyr/program/fatcat/ruby-ish/project.conf;/mnt/host/source/src/platform/ec/build/zephyr/ruby-ish/kconfig-singleimage.conf'`
[ruby-ish:singleimage] Loading Zephyr default modules (Zephyr base (cached)).
[ruby-ish:singleimage] -- Application: /mnt/host/source/src/platform/ec/zephyr/program/fatcat
[ruby-ish:singleimage] -- CMake version: 3.31.7
[dooku:ro] -- Zephyr version: 4.3.99 (/mnt/host/source/src/third_party/zephyr/main)
[dooku:ro] [4/347] cd /mnt/host/source/src/platform/ec/build/zephyr/dooku/build-ro/modules/ec/zephyr && PYTHONPATH=/mnt/host/source/src/platform/ec/build/zephyr/dooku/modules/ec/zephyr/zmake/ /usr/bin/python3.11 /mnt/host/source/src/platform/ec/build/zephyr/dooku/modules/ec/zephyr/zmake/zephyr_build_tools/generate_ec_version.py /mnt/host/source/src/platform/ec/build/zephyr/dooku/build-ro/modules/ec/zephyr/include/ec_version.h --name Zephyr-Kernel --version 16543.0.0 --static
[dooku:ro] INFO:root:Using a static version string
[dirks:ro] -- Generated zephyr.dts: /mnt/host/source/src/platform/ec/build/zephyr/dirks/build-ro/zephyr/zephyr.dts
[dirks:ro] -- Generated pickled edt: /mnt/host/source/src/platform/ec/build/zephyr/dirks/build-ro/zephyr/edt.pickle
[kingler:rw] -- Generated zephyr.dts: /mnt/host/source/src/platform/ec/build/zephyr/kingler/build-rw/zephyr/zephyr.dts
[kingler:rw] -- Generated pickled edt: /mnt/host/source/src/platform/ec/build/zephyr/kingler/build-rw/zephyr/edt.pickle
[ruby-ish:singleimage] -- Found Python3: /usr/bin/python3.11 (found suitable version "3.11.11", minimum required is "3.10") found components: Interpreter
[dirks:rw] -- Generated pickled edt: /mnt/host/source/src/platform/ec/build/zephyr/dirks/build-rw/zephyr/edt.pickle
[dirks:rw] -- Generated devicetree_generated.h: /mnt/host/source/src/platform/ec/build/zephyr/dirks/build-rw/zephyr/include/generated/zephyr/devicetree_generated.h
[ruby-ish:singleimage] -- Cache files will be written to: /mnt/host/source/src/platform/ec/build/zephyr/user-cache
[ruby-ish:singleimage] -- Zephyr version: 4.3.99 (/mnt/host/source/src/third_party/zephyr/main)
[/mnt/host/source/src/platform/ec/build/zephyr/frostflow-lcov] geninfo: WARNING: using JSON module "JSON::PP" - which is much slower than some alternatives.  Consider installing one of JSON::XS or Cpanel::JSON::XS
Running (initial) lcov on /mnt/host/source/src/platform/ec/build/zephyr/eirtae.
[dooku:rw] -- git describe warned: warning: tag 'upstream/v2.7.99' is externally known as 'v2.7.99'
[dooku:rw] -- Zephyr version: 4.3.99 (/mnt/host/source/src/third_party/zephyr/main)
[dooku:rw] [5/347] Generating misc/generated/syscalls.json, misc/generated/struct_tags.json
[dirks:ro] -- Generated devicetree_generated.h: /mnt/host/source/src/platform/ec/build/zephyr/dirks/build-ro/zephyr/include/generated/zephyr/devicetree_generated.h
[kingler:rw] -- Generated devicetree_generated.h: /mnt/host/source/src/platform/ec/build/zephyr/kingler/build-rw/zephyr/include/generated/zephyr/devicetree_generated.h
[dooku:ro] INFO:root:Version string: Zephyr-Kernel-16543.0.0
[dooku:ro] INFO:root:Writing header to /mnt/host/source/src/platform/ec/build/zephyr/dooku/build-ro/modules/ec/zephyr/include/ec_version.h
[dooku:ro] [5/347] Generating misc/generated/syscalls.json, misc/generated/struct_tags.json
[dooku:rw] [6/347] Generating include/generated/zephyr/syscall_dispatch.c, include/generated/zephyr/syscall_exports_llext.c, syscall_weakdefs_llext.c, include/generated/zephyr/syscall_list.h
[dooku:ro] [6/347] Generating include/generated/zephyr/syscall_dispatch.c, include/generated/zephyr/syscall_exports_llext.c, syscall_weakdefs_llext.c, include/generated/zephyr/syscall_list.h
[dooku:rw] [7/347] Generating include/generated/zephyr/kobj-types-enum.h, include/generated/zephyr/otype-to-str.h, include/generated/zephyr/otype-to-size.h
[dooku:rw] [8/347] Generating include/generated/zephyr/driver-validation.h
[dooku:rw] [9/347] Generating include/generated/device-api-sections.ld, include/generated/device-api-sections.cmake
Toolchain <zmake.toolchains.CorebootSdkToolchain object at 0x7f41205125d0> selected by probe function.
[ocelotrvp-ish] Building in /mnt/host/source/src/platform/ec/build/zephyr/ocelotrvp-ish.
Running `env -i PYTHONPATH=/usr/lib64/python-exec/python3.11:/mnt/host/source/src/platform/ec/zephyr/zmake:/usr/lib/python311.zip:/usr/lib/python3.11:/usr/lib/python3.11/lib-dynload:/usr/lib/python3.11/site-packages PW_PIGWEED_CIPD_INSTALL_DIR=/usr CROSTC_USER_ACKNOWLEDGES_THAT_RISCV_IS_EXPERIMENTAL=1 PATH=/mnt/host/source/chromite/bin:/usr/local/bin:/usr/bin:/bin:/opt/bin:/mnt/host/source/chromite/sdk/bin:/mnt/host/source/chromite/bin HOME=/home/jpmurphy JAVA_HOME=/etc/java-config-2/current-system-vm JDK_HOME=/etc/java-config-2/current-system-vm JAVAC=/etc/java-config-2/current-system-vm/bin/javac MAKEFLAGS=' -j16 --jobserver-auth=5,6' /usr/bin/lcov --gcov-tool /mnt/host/source/src/platform/ec/build/zephyr/eirtae/build-rw/gcov.sh -q -o - -c -d /mnt/host/source/src/platform/ec/build/zephyr/eirtae -t eirtae --rc branch_coverage=1 --filter range --ignore-errors inconsistent,source --ignore-errors gcov,gcov -i`
[brox-sku4:ro] -- Board: it8xxx2, qualifiers: it82002aw
[brox-sku4:rw] -- Board: it8xxx2, qualifiers: it82002aw
[dooku:ro] [7/347] Generating include/generated/zephyr/driver-validation.h
[dooku:ro] [8/347] Generating include/generated/device-api-sections.ld, include/generated/device-api-sections.cmake
[craask:ro] -- Board: npcx9, qualifiers: npcx9m3f
[dooku:ro] [9/347] Generating include/generated/zephyr/kobj-types-enum.h, include/generated/zephyr/otype-to-str.h, include/generated/zephyr/otype-to-size.h
[voltorb:rw] -- Found devicetree overlay: /mnt/host/source/src/platform/ec/zephyr/program/corsola/voltorb/project.overlay
[voltorb:rw] -- Generated zephyr.dts: /mnt/host/source/src/platform/ec/build/zephyr/voltorb/build-rw/zephyr/zephyr.dts
[dooku:rw] [10/347] Building C object zephyr/drivers/syscon/CMakeFiles/drivers__syscon.dir/mnt/host/source/src/third_party/zephyr/main/misc/empty_file.c.obj
[craask:rw] -- Board: npcx9, qualifiers: npcx9m3f
[dooku:rw] [11/347] Linking C static library zephyr/drivers/syscon/libdrivers__syscon.a
[voltorb:ro] -- Generated zephyr.dts: /mnt/host/source/src/platform/ec/build/zephyr/voltorb/build-ro/zephyr/zephyr.dts
[/mnt/host/source/src/platform/ec/build/zephyr/frostflow-lcov] stderr:
[dooku:rw] [12/347] Building C object zephyr/CMakeFiles/offsets.dir/arch/riscv/core/offsets/offsets.c.obj
[dooku:ro] [10/347] Building C object zephyr/drivers/syscon/CMakeFiles/drivers__syscon.dir/mnt/host/source/src/third_party/zephyr/main/misc/empty_file.c.obj
[dirks:rw] /mnt/host/source/src/platform/ec/build/zephyr/dirks/build-rw/zephyr/zephyr.dts:1221.27-1885.5: Warning (avoid_unnecessary_addr_size): /soc/pin-controller: unnecessary #address-cells/#size-cells without "ranges" or child "reg" property
[ruby-ish:singleimage] -- Board: intel_ish_5_8_0, qualifiers: intel_ish_5_8_0
[dooku:ro] [11/347] Building C object zephyr/CMakeFiles/offsets.dir/arch/riscv/core/offsets/offsets.c.obj
[dooku:ro] [12/347] Linking C static library zephyr/drivers/syscon/libdrivers__syscon.a
[voltorb:rw] -- Generated pickled edt: /mnt/host/source/src/platform/ec/build/zephyr/voltorb/build-rw/zephyr/edt.pickle
[voltorb:rw] -- Generated devicetree_generated.h: /mnt/host/source/src/platform/ec/build/zephyr/voltorb/build-rw/zephyr/include/generated/zephyr/devicetree_generated.h
[dooku:rw] [13/347] Generating include/generated/zephyr/offsets.h
[voltorb:ro] -- Generated pickled edt: /mnt/host/source/src/platform/ec/build/zephyr/voltorb/build-ro/zephyr/edt.pickle
[voltorb:ro] -- Generated devicetree_generated.h: /mnt/host/source/src/platform/ec/build/zephyr/voltorb/build-ro/zephyr/include/generated/zephyr/devicetree_generated.h
[/mnt/host/source/src/platform/ec/build/zephyr/frostflow-lcov]   /mnt/host/source/src/platform/ec/build/zephyr/frostflow/build-ro/modules/ec/zephyr/CMakeFiles/ec_shim.dir/shim/src/thermal.c.gcno:no functions found
[/mnt/host/source/src/platform/ec/build/zephyr/frostflow-lcov] stderr:
[dooku:ro] [13/347] Generating include/generated/zephyr/offsets.h
[/mnt/host/source/src/platform/ec/build/zephyr/eirtae-lcov] geninfo: WARNING: using JSON module "JSON::PP" - which is much slower than some alternatives.  Consider installing one of JSON::XS or Cpanel::JSON::XS
[dirks:ro] /mnt/host/source/src/platform/ec/build/zephyr/dirks/build-ro/zephyr/zephyr.dts:1221.27-1885.5: Warning (avoid_unnecessary_addr_size): /soc/pin-controller: unnecessary #address-cells/#size-cells without "ranges" or child "reg" property
[/mnt/host/source/src/platform/ec/build/zephyr/frostflow-lcov]   /mnt/host/source/src/platform/ec/build/zephyr/frostflow/build-ro/modules/ec/zephyr/CMakeFiles/ec_shim.dir/shim/src/battery.c.gcno:no functions found
[/mnt/host/source/src/platform/ec/build/zephyr/frostflow-lcov] stderr:
[/mnt/host/source/src/platform/ec/build/zephyr/frostflow-lcov]   /mnt/host/source/src/platform/ec/build/zephyr/frostflow/build-ro/modules/ec/zephyr/CMakeFiles/ec_shim.dir/shim/src/charger.c.gcno:no functions found
[/mnt/host/source/src/platform/ec/build/zephyr/frostflow-lcov] stderr:
[dooku:rw] [14/347] Building C object CMakeFiles/app.dir/mnt/host/source/src/platform/ec/zephyr/subsys/ap_pwrseq/ap_events.c.obj
[dooku:ro] [14/347] Building C object CMakeFiles/app.dir/mnt/host/source/src/platform/ec/zephyr/subsys/ap_pwrseq/ap_events.c.obj
[brox-sku4:ro] -- Found Dtc: /usr/bin/dtc (found suitable version "1.6.0", minimum required is "1.4.6")
[brox-sku4:rw] -- Found Dtc: /usr/bin/dtc (found suitable version "1.6.0", minimum required is "1.4.6")
[brox-sku4:ro] -- Found BOARD.dts: /mnt/host/source/src/platform/ec/zephyr/boards/google/it8xxx2/it8xxx2_it82002aw.dts
[brox-sku4:ro] -- Found devicetree overlay: /mnt/host/source/src/platform/ec/zephyr/program/brox/brox-sku4/project.overlay
[brox-sku4:rw] -- Found BOARD.dts: /mnt/host/source/src/platform/ec/zephyr/boards/google/it8xxx2/it8xxx2_it82002aw.dts
[brox-sku4:rw] -- Found devicetree overlay: /mnt/host/source/src/platform/ec/zephyr/program/brox/brox-sku4/project.overlay
[dooku:rw] [15/347] Building C object CMakeFiles/app.dir/mnt/host/source/src/platform/ec/zephyr/subsys/pd_controller/pdc_pmc_debug.c.obj
[craask:ro] -- Found Dtc: /usr/bin/dtc (found suitable version "1.6.0", minimum required is "1.4.6")
[craask:ro] -- Found BOARD.dts: /mnt/host/source/src/platform/ec/zephyr/boards/google/npcx9/npcx9_npcx9m3f.dts
[craask:ro] -- Found devicetree overlay: /mnt/host/source/src/platform/ec/zephyr/program/nissa/craask/project.overlay
[/mnt/host/source/src/platform/ec/build/zephyr/frostflow-lcov]   /mnt/host/source/src/platform/ec/build/zephyr/frostflow/build-ro/modules/ec/zephyr/CMakeFiles/ec_shim.dir/shim/src/usb_muxes.c.gcno:no functions found
[/mnt/host/source/src/platform/ec/build/zephyr/frostflow-lcov] stderr:
[craask:rw] -- Found Dtc: /usr/bin/dtc (found suitable version "1.6.0", minimum required is "1.4.6")
[craask:rw] -- Found BOARD.dts: /mnt/host/source/src/platform/ec/zephyr/boards/google/npcx9/npcx9_npcx9m3f.dts
[craask:rw] -- Found devicetree overlay: /mnt/host/source/src/platform/ec/zephyr/program/nissa/craask/project.overlay
[/mnt/host/source/src/platform/ec/build/zephyr/frostflow-lcov]   /mnt/host/source/src/platform/ec/build/zephyr/frostflow/build-ro/modules/ec/zephyr/CMakeFiles/ec_shim.dir/shim/src/usba.c.gcno:no functions found
[/mnt/host/source/src/platform/ec/build/zephyr/frostflow-lcov] stderr:
[ruby-ish:singleimage] -- Found Dtc: /usr/bin/dtc (found suitable version "1.6.0", minimum required is "1.4.6")
[ruby-ish:singleimage] -- Found BOARD.dts: /mnt/host/source/src/third_party/zephyr/main/boards/intel/ish/intel_ish_5_8_0.dts
[ruby-ish:singleimage] -- Found devicetree overlay: /mnt/host/source/src/platform/ec/zephyr/program/fatcat/ruby-ish/project.overlay
[dooku:ro] [15/347] Building C object CMakeFiles/app.dir/mnt/host/source/src/platform/ec/zephyr/subsys/pd_controller/pdc_pmc_debug.c.obj
[/mnt/host/source/src/platform/ec/build/zephyr/eirtae-lcov] stderr:
[dooku:rw] [16/347] Building C object CMakeFiles/app.dir/mnt/host/source/src/platform/ec/zephyr/subsys/pd_controller/pdc_console.c.obj
[/mnt/host/source/src/platform/ec/build/zephyr/frostflow-lcov]   /mnt/host/source/src/platform/ec/build/zephyr/frostflow/build-ro/modules/ec/zephyr/CMakeFiles/ec_shim.dir/shim/src/keyscan.c.gcno:no functions found
[/mnt/host/source/src/platform/ec/build/zephyr/frostflow-lcov] stderr:
[ruby-ish:singleimage] -- Generated zephyr.dts: /mnt/host/source/src/platform/ec/build/zephyr/ruby-ish/build-singleimage/zephyr/zephyr.dts
[ruby-ish:singleimage] -- Generated pickled edt: /mnt/host/source/src/platform/ec/build/zephyr/ruby-ish/build-singleimage/zephyr/edt.pickle
[ruby-ish:singleimage] -- Generated devicetree_generated.h: /mnt/host/source/src/platform/ec/build/zephyr/ruby-ish/build-singleimage/zephyr/include/generated/zephyr/devicetree_generated.h
[dirks:rw] warning: PLATFORM_EC_OCPC_DEF_RBATT_MOHMS (defined at
[dirks:rw] /mnt/host/source/src/platform/ec/zephyr/Kconfig.charger:279) was assigned the value '21' but got the
[dirks:rw] value ''. Check these unsatisfied dependencies: PLATFORM_EC_OCPC (=n), PLATFORM_EC_CHARGER (=n). See
[dirks:rw] http://docs.zephyrproject.org/latest/kconfig.html#CONFIG_PLATFORM_EC_OCPC_DEF_RBATT_MOHMS and/or
[dirks:rw] look up PLATFORM_EC_OCPC_DEF_RBATT_MOHMS in the menuconfig/guiconfig interface. The Application
[dirks:rw] Development Primer, Setting Configuration Values, and Kconfig - Tips and Best Practices sections of
[dirks:rw] the manual might be helpful too.
[dirks:rw] warning: PLATFORM_EC_OCPC_DEF_DRIVELIMIT_MILLIVOLTS (defined at
[dirks:rw] /mnt/host/source/src/platform/ec/zephyr/Kconfig.charger:288) was assigned the value '200' but got
[dirks:rw] the value ''. Check these unsatisfied dependencies: PLATFORM_EC_OCPC (=n), PLATFORM_EC_CHARGER (=n).
[dirks:rw] See
[dirks:rw] http://docs.zephyrproject.org/latest/kconfig.html#CONFIG_PLATFORM_EC_OCPC_DEF_DRIVELIMIT_MILLIVOLTS
[dirks:rw] and/or look up PLATFORM_EC_OCPC_DEF_DRIVELIMIT_MILLIVOLTS in the menuconfig/guiconfig interface. The
[dirks:rw] Application Development Primer, Setting Configuration Values, and Kconfig - Tips and Best Practices
[dirks:rw] sections of the manual might be helpful too.
[dirks:rw] warning: PLATFORM_EC_CHARGER_DISCHARGE_ON_AC (defined at
[dirks:rw] /mnt/host/source/src/platform/ec/zephyr/Kconfig.charger:297) was assigned the value 'y' but got the
[dirks:rw] value 'n'. Check these unsatisfied dependencies: PLATFORM_EC_CHARGER (=n). See
[dirks:rw] http://docs.zephyrproject.org/latest/kconfig.html#CONFIG_PLATFORM_EC_CHARGER_DISCHARGE_ON_AC and/or
[dirks:rw] look up PLATFORM_EC_CHARGER_DISCHARGE_ON_AC in the menuconfig/guiconfig interface. The Application
[dirks:rw] Development Primer, Setting Configuration Values, and Kconfig - Tips and Best Practices sections of
[dirks:rw] the manual might be helpful too.
[dirks:rw] warning: PLATFORM_EC_CHARGER_SENSE_RESISTOR (defined at
[dirks:rw] /mnt/host/source/src/platform/ec/zephyr/Kconfig.charger:964) was assigned the value '10' but got the
[dirks:rw] value ''. Check these unsatisfied dependencies: PLATFORM_EC_CHARGER (=n). See
[dirks:rw] http://docs.zephyrproject.org/latest/kconfig.html#CONFIG_PLATFORM_EC_CHARGER_SENSE_RESISTOR and/or
[dirks:rw] look up PLATFORM_EC_CHARGER_SENSE_RESISTOR in the menuconfig/guiconfig interface. The Application
[dirks:rw] Development Primer, Setting Configuration Values, and Kconfig - Tips and Best Practices sections of
[dirks:rw] the manual might be helpful too.
[dirks:rw] warning: PLATFORM_EC_CHARGER_SENSE_RESISTOR_AC (defined at
[dirks:rw] /mnt/host/source/src/platform/ec/zephyr/Kconfig.charger:971) was assigned the value '10' but got the
[dirks:rw] value ''. Check these unsatisfied dependencies: PLATFORM_EC_CHARGER (=n). See
[dirks:rw] http://docs.zephyrproject.org/latest/kconfig.html#CONFIG_PLATFORM_EC_CHARGER_SENSE_RESISTOR_AC
[dirks:rw] and/or look up PLATFORM_EC_CHARGER_SENSE_RESISTOR_AC in the menuconfig/guiconfig interface. The
[dirks:rw] Application Development Primer, Setting Configuration Values, and Kconfig - Tips and Best Practices
[dirks:rw] sections of the manual might be helpful too.
[dirks:rw] warning: PLATFORM_EC_MAX_SENSOR_FREQ_MILLIHZ (defined at
[dirks:rw] /mnt/host/source/src/platform/ec/zephyr/Kconfig.motionsense:96) was assigned the value '100000' but
[dirks:rw] got the value ''. Check these unsatisfied dependencies: PLATFORM_EC_MOTIONSENSE (=n). See
[dirks:rw] http://docs.zephyrproject.org/latest/kconfig.html#CONFIG_PLATFORM_EC_MAX_SENSOR_FREQ_MILLIHZ and/or
[dirks:rw] look up PLATFORM_EC_MAX_SENSOR_FREQ_MILLIHZ in the menuconfig/guiconfig interface. The Application
[dirks:rw] Development Primer, Setting Configuration Values, and Kconfig - Tips and Best Practices sections of
[dirks:rw] the manual might be helpful too.
[dirks:rw] warning: TASK_HOSTCMD_STACK_SIZE (defined at
[dirks:rw] /mnt/host/source/src/platform/ec/zephyr/Kconfig.stacks:52,
[dirks:rw] /mnt/host/source/src/platform/ec/zephyr/Kconfig.tasks:123) was assigned the value '1280' but got the
[dirks:rw] value '1152'. See http://docs.zephyrproject.org/latest/kconfig.html#CONFIG_TASK_HOSTCMD_STACK_SIZE
[dirks:rw] and/or look up TASK_HOSTCMD_STACK_SIZE in the menuconfig/guiconfig interface. The Application
[dirks:rw] Development Primer, Setting Configuration Values, and Kconfig - Tips and Best Practices sections of
[dirks:rw] the manual might be helpful too.
[dirks:rw] warning: The choice symbol PLATFORM_EC_BATTERY_PRESENT_GPIO (defined at
[dirks:rw] /mnt/host/source/src/platform/ec/zephyr/Kconfig.battery:77) was selected (set =y), but no symbol
[dirks:rw] ended up as the choice selection. See
[dirks:rw] http://docs.zephyrproject.org/latest/kconfig.html#CONFIG_PLATFORM_EC_BATTERY_PRESENT_GPIO and/or
[dirks:rw] look up PLATFORM_EC_BATTERY_PRESENT_GPIO in the menuconfig/guiconfig interface. The Application
[dirks:rw] Development Primer, Setting Configuration Values, and Kconfig - Tips and Best Practices sections of
[dirks:rw] the manual might be helpful too.
[dirks:rw] warning: The choice symbol PLATFORM_EC_OCPC (defined at
[dirks:rw] /mnt/host/source/src/platform/ec/zephyr/Kconfig.charger:30) was selected (set =y), but no symbol
[dirks:rw] ended up as the choice selection. See
[dirks:rw] http://docs.zephyrproject.org/latest/kconfig.html#CONFIG_PLATFORM_EC_OCPC and/or look up
[dirks:rw] PLATFORM_EC_OCPC in the menuconfig/guiconfig interface. The Application Development Primer, Setting
[dirks:rw] Configuration Values, and Kconfig - Tips and Best Practices sections of the manual might be helpful
[dirks:rw] too.
[dirks:rw] warning: The choice symbol PLATFORM_EC_CHARGER_DISCHARGE_ON_AC_CHARGER (defined at
[dirks:rw] /mnt/host/source/src/platform/ec/zephyr/Kconfig.charger:312) was selected (set =y), but no symbol
[dirks:rw] ended up as the choice selection. See
[dirks:rw] http://docs.zephyrproject.org/latest/kconfig.html#CONFIG_PLATFORM_EC_CHARGER_DISCHARGE_ON_AC_CHARGER
[dirks:rw] and/or look up PLATFORM_EC_CHARGER_DISCHARGE_ON_AC_CHARGER in the menuconfig/guiconfig interface.
[dirks:rw] The Application Development Primer, Setting Configuration Values, and Kconfig - Tips and Best
[dirks:rw] Practices sections of the manual might be helpful too.
[dirks:rw] warning: The choice symbol PLATFORM_EC_KEYBOARD_PROTOCOL_8042 (defined at
[dirks:rw] /mnt/host/source/src/platform/ec/zephyr/Kconfig.keyboard:75) was selected (set =y), but no symbol
[dirks:rw] ended up as the choice selection. See
[dirks:rw] http://docs.zephyrproject.org/latest/kconfig.html#CONFIG_PLATFORM_EC_KEYBOARD_PROTOCOL_8042 and/or
[dirks:rw] look up PLATFORM_EC_KEYBOARD_PROTOCOL_8042 in the menuconfig/guiconfig interface. The Application
[dirks:rw] Development Primer, Setting Configuration Values, and Kconfig - Tips and Best Practices sections of
[dirks:rw] the manual might be helpful too.
[dirks:rw] warning: Deprecated symbol I2C_ALLOW_NO_STOP_TRANSACTIONS is enabled.
[brox-sku4:rw] -- Generated zephyr.dts: /mnt/host/source/src/platform/ec/build/zephyr/brox-sku4/build-rw/zephyr/zephyr.dts
[brox-sku4:rw] -- Generated pickled edt: /mnt/host/source/src/platform/ec/build/zephyr/brox-sku4/build-rw/zephyr/edt.pickle
[dooku:rw] [17/347] Building C object CMakeFiles/app.dir/mnt/host/source/src/platform/ec/zephyr/subsys/pd_controller/pdc_power_mgmt.c.obj
[brox-sku4:ro] -- Generated zephyr.dts: /mnt/host/source/src/platform/ec/build/zephyr/brox-sku4/build-ro/zephyr/zephyr.dts
[brox-sku4:ro] -- Generated pickled edt: /mnt/host/source/src/platform/ec/build/zephyr/brox-sku4/build-ro/zephyr/edt.pickle
[dirks:ro] warning: PLATFORM_EC_OCPC_DEF_RBATT_MOHMS (defined at
[dirks:ro] /mnt/host/source/src/platform/ec/zephyr/Kconfig.charger:279) was assigned the value '21' but got the
[dirks:ro] value ''. Check these unsatisfied dependencies: PLATFORM_EC_OCPC (=n), PLATFORM_EC_CHARGER (=n). See
[dirks:ro] http://docs.zephyrproject.org/latest/kconfig.html#CONFIG_PLATFORM_EC_OCPC_DEF_RBATT_MOHMS and/or
[dirks:ro] look up PLATFORM_EC_OCPC_DEF_RBATT_MOHMS in the menuconfig/guiconfig interface. The Application
[dirks:ro] Development Primer, Setting Configuration Values, and Kconfig - Tips and Best Practices sections of
[dirks:ro] the manual might be helpful too.
[dirks:ro] warning: PLATFORM_EC_OCPC_DEF_DRIVELIMIT_MILLIVOLTS (defined at
[dirks:ro] /mnt/host/source/src/platform/ec/zephyr/Kconfig.charger:288) was assigned the value '200' but got
[dirks:ro] the value ''. Check these unsatisfied dependencies: PLATFORM_EC_OCPC (=n), PLATFORM_EC_CHARGER (=n).
[dirks:ro] See
[dirks:ro] http://docs.zephyrproject.org/latest/kconfig.html#CONFIG_PLATFORM_EC_OCPC_DEF_DRIVELIMIT_MILLIVOLTS
[dirks:ro] and/or look up PLATFORM_EC_OCPC_DEF_DRIVELIMIT_MILLIVOLTS in the menuconfig/guiconfig interface. The
[dirks:ro] Application Development Primer, Setting Configuration Values, and Kconfig - Tips and Best Practices
[dirks:ro] sections of the manual might be helpful too.
[dirks:ro] warning: PLATFORM_EC_CHARGER_DISCHARGE_ON_AC (defined at
[dirks:ro] /mnt/host/source/src/platform/ec/zephyr/Kconfig.charger:297) was assigned the value 'y' but got the
[dirks:ro] value 'n'. Check these unsatisfied dependencies: PLATFORM_EC_CHARGER (=n). See
[dirks:ro] http://docs.zephyrproject.org/latest/kconfig.html#CONFIG_PLATFORM_EC_CHARGER_DISCHARGE_ON_AC and/or
[dirks:ro] look up PLATFORM_EC_CHARGER_DISCHARGE_ON_AC in the menuconfig/guiconfig interface. The Application
[dirks:ro] Development Primer, Setting Configuration Values, and Kconfig - Tips and Best Practices sections of
[dirks:ro] the manual might be helpful too.
[dirks:ro] warning: PLATFORM_EC_CHARGER_SENSE_RESISTOR (defined at
[dirks:ro] /mnt/host/source/src/platform/ec/zephyr/Kconfig.charger:964) was assigned the value '10' but got the
[dirks:ro] value ''. Check these unsatisfied dependencies: PLATFORM_EC_CHARGER (=n). See
[dirks:ro] http://docs.zephyrproject.org/latest/kconfig.html#CONFIG_PLATFORM_EC_CHARGER_SENSE_RESISTOR and/or
[dirks:ro] look up PLATFORM_EC_CHARGER_SENSE_RESISTOR in the menuconfig/guiconfig interface. The Application
[dirks:ro] Development Primer, Setting Configuration Values, and Kconfig - Tips and Best Practices sections of
[dirks:ro] the manual might be helpful too.
[dirks:ro] warning: PLATFORM_EC_CHARGER_SENSE_RESISTOR_AC (defined at
[dirks:ro] /mnt/host/source/src/platform/ec/zephyr/Kconfig.charger:971) was assigned the value '10' but got the
[dirks:ro] value ''. Check these unsatisfied dependencies: PLATFORM_EC_CHARGER (=n). See
[dirks:ro] http://docs.zephyrproject.org/latest/kconfig.html#CONFIG_PLATFORM_EC_CHARGER_SENSE_RESISTOR_AC
[dirks:ro] and/or look up PLATFORM_EC_CHARGER_SENSE_RESISTOR_AC in the menuconfig/guiconfig interface. The
[dirks:ro] Application Development Primer, Setting Configuration Values, and Kconfig - Tips and Best Practices
[dirks:ro] sections of the manual might be helpful too.
[dirks:ro] warning: PLATFORM_EC_MAX_SENSOR_FREQ_MILLIHZ (defined at
[dirks:ro] /mnt/host/source/src/platform/ec/zephyr/Kconfig.motionsense:96) was assigned the value '100000' but
[dirks:ro] got the value ''. Check these unsatisfied dependencies: PLATFORM_EC_MOTIONSENSE (=n). See
[dirks:ro] http://docs.zephyrproject.org/latest/kconfig.html#CONFIG_PLATFORM_EC_MAX_SENSOR_FREQ_MILLIHZ and/or
[dirks:ro] look up PLATFORM_EC_MAX_SENSOR_FREQ_MILLIHZ in the menuconfig/guiconfig interface. The Application
[dirks:ro] Development Primer, Setting Configuration Values, and Kconfig - Tips and Best Practices sections of
[dirks:ro] the manual might be helpful too.
[dirks:ro] warning: TASK_HOSTCMD_STACK_SIZE (defined at
[dirks:ro] /mnt/host/source/src/platform/ec/zephyr/Kconfig.stacks:52,
[dirks:ro] /mnt/host/source/src/platform/ec/zephyr/Kconfig.tasks:123) was assigned the value '1280' but got the
[dirks:ro] value '1152'. See http://docs.zephyrproject.org/latest/kconfig.html#CONFIG_TASK_HOSTCMD_STACK_SIZE
[dirks:ro] and/or look up TASK_HOSTCMD_STACK_SIZE in the menuconfig/guiconfig interface. The Application
[dirks:ro] Development Primer, Setting Configuration Values, and Kconfig - Tips and Best Practices sections of
[dirks:ro] the manual might be helpful too.
[dirks:ro] warning: The choice symbol PLATFORM_EC_BATTERY_PRESENT_GPIO (defined at
[dirks:ro] /mnt/host/source/src/platform/ec/zephyr/Kconfig.battery:77) was selected (set =y), but no symbol
[dirks:ro] ended up as the choice selection. See
[dirks:ro] http://docs.zephyrproject.org/latest/kconfig.html#CONFIG_PLATFORM_EC_BATTERY_PRESENT_GPIO and/or
[dirks:ro] look up PLATFORM_EC_BATTERY_PRESENT_GPIO in the menuconfig/guiconfig interface. The Application
[dirks:ro] Development Primer, Setting Configuration Values, and Kconfig - Tips and Best Practices sections of
[dirks:ro] the manual might be helpful too.
[dirks:ro] warning: The choice symbol PLATFORM_EC_OCPC (defined at
[dirks:ro] /mnt/host/source/src/platform/ec/zephyr/Kconfig.charger:30) was selected (set =y), but no symbol
[dirks:ro] ended up as the choice selection. See
[dirks:ro] http://docs.zephyrproject.org/latest/kconfig.html#CONFIG_PLATFORM_EC_OCPC and/or look up
[dirks:ro] PLATFORM_EC_OCPC in the menuconfig/guiconfig interface. The Application Development Primer, Setting
[dirks:ro] Configuration Values, and Kconfig - Tips and Best Practices sections of the manual might be helpful
[dirks:ro] too.
[dirks:ro] warning: The choice symbol PLATFORM_EC_CHARGER_DISCHARGE_ON_AC_CHARGER (defined at
[dirks:ro] /mnt/host/source/src/platform/ec/zephyr/Kconfig.charger:312) was selected (set =y), but no symbol
[dirks:ro] ended up as the choice selection. See
[dirks:ro] http://docs.zephyrproject.org/latest/kconfig.html#CONFIG_PLATFORM_EC_CHARGER_DISCHARGE_ON_AC_CHARGER
[dirks:ro] and/or look up PLATFORM_EC_CHARGER_DISCHARGE_ON_AC_CHARGER in the menuconfig/guiconfig interface.
[dirks:ro] The Application Development Primer, Setting Configuration Values, and Kconfig - Tips and Best
[dirks:ro] Practices sections of the manual might be helpful too.
[dirks:ro] warning: The choice symbol PLATFORM_EC_KEYBOARD_PROTOCOL_8042 (defined at
[dirks:ro] /mnt/host/source/src/platform/ec/zephyr/Kconfig.keyboard:75) was selected (set =y), but no symbol
[dirks:ro] ended up as the choice selection. See
[dirks:ro] http://docs.zephyrproject.org/latest/kconfig.html#CONFIG_PLATFORM_EC_KEYBOARD_PROTOCOL_8042 and/or
[dirks:ro] look up PLATFORM_EC_KEYBOARD_PROTOCOL_8042 in the menuconfig/guiconfig interface. The Application
[dirks:ro] Development Primer, Setting Configuration Values, and Kconfig - Tips and Best Practices sections of
[dirks:ro] the manual might be helpful too.
[dirks:ro] warning: Deprecated symbol I2C_ALLOW_NO_STOP_TRANSACTIONS is enabled.
[dooku:rw] [18/347] Building C object CMakeFiles/app.dir/mnt/host/source/src/platform/ec/zephyr/subsys/pd_controller/pdc_host_cmd.c.obj
[kingler:rw] warning: SHELL_TAB_AUTOCOMPLETION (defined at
[kingler:rw] /mnt/host/source/src/platform/ec/zephyr/app/ec/Kconfig:188, subsys/shell/Kconfig:131) was assigned
[kingler:rw] the value 'y' but got the value 'n'. See
[kingler:rw] http://docs.zephyrproject.org/latest/kconfig.html#CONFIG_SHELL_TAB_AUTOCOMPLETION and/or look up
[kingler:rw] SHELL_TAB_AUTOCOMPLETION in the menuconfig/guiconfig interface. The Application Development Primer,
[kingler:rw] Setting Configuration Values, and Kconfig - Tips and Best Practices sections of the manual might be
[kingler:rw] helpful too.
[kingler:rw] warning: PLATFORM_EC_LED_COMMON (defined at /mnt/host/source/src/platform/ec/zephyr/Kconfig.led:5)
[kingler:rw] was assigned the value 'y' but got the value 'n'. Check these unsatisfied dependencies:
[kingler:rw] (!PLATFORM_EC_LED_DT) (=n). See
[kingler:rw] http://docs.zephyrproject.org/latest/kconfig.html#CONFIG_PLATFORM_EC_LED_COMMON and/or look up
[kingler:rw] PLATFORM_EC_LED_COMMON in the menuconfig/guiconfig interface. The Application Development Primer,
[kingler:rw] Setting Configuration Values, and Kconfig - Tips and Best Practices sections of the manual might be
[kingler:rw] helpful too.
[kingler:rw] warning: PLATFORM_EC_LED_ONOFF_STATES (defined at
[kingler:rw] /mnt/host/source/src/platform/ec/zephyr/Kconfig.led:157) was assigned the value 'y' but got the
[kingler:rw] value 'n'. Check these unsatisfied dependencies: PLATFORM_EC_LED_COMMON (=n). See
[kingler:rw] http://docs.zephyrproject.org/latest/kconfig.html#CONFIG_PLATFORM_EC_LED_ONOFF_STATES and/or look up
[kingler:rw] PLATFORM_EC_LED_ONOFF_STATES in the menuconfig/guiconfig interface. The Application Development
[kingler:rw] Primer, Setting Configuration Values, and Kconfig - Tips and Best Practices sections of the manual
[kingler:rw] might be helpful too.
[dirks:rw] Parsing /mnt/host/source/src/platform/ec/zephyr/program/nissa/Kconfig
[brox-sku4:rw] -- Generated devicetree_generated.h: /mnt/host/source/src/platform/ec/build/zephyr/brox-sku4/build-rw/zephyr/include/generated/zephyr/devicetree_generated.h
[brox-sku4:ro] -- Generated devicetree_generated.h: /mnt/host/source/src/platform/ec/build/zephyr/brox-sku4/build-ro/zephyr/include/generated/zephyr/devicetree_generated.h
[dirks:ro] Parsing /mnt/host/source/src/platform/ec/zephyr/program/nissa/Kconfig
[dooku:rw] [19/347] Building C object CMakeFiles/app.dir/mnt/host/source/src/platform/ec/zephyr/subsys/pd_controller/pdc_stub.c.obj
[craask:ro] -- Generated zephyr.dts: /mnt/host/source/src/platform/ec/build/zephyr/craask/build-ro/zephyr/zephyr.dts
[kingler:rw] Parsing /mnt/host/source/src/platform/ec/zephyr/program/corsola/Kconfig
[craask:rw] -- Generated zephyr.dts: /mnt/host/source/src/platform/ec/build/zephyr/craask/build-rw/zephyr/zephyr.dts
[craask:rw] -- Generated pickled edt: /mnt/host/source/src/platform/ec/build/zephyr/craask/build-rw/zephyr/edt.pickle
[dooku:ro] [16/347] Building C object CMakeFiles/app.dir/mnt/host/source/src/platform/ec/zephyr/subsys/pd_controller/pdc_power_mgmt.c.obj
[dooku:rw] [20/347] Building C object CMakeFiles/app.dir/mnt/host/source/src/platform/ec/zephyr/subsys/pd_controller/pdc_dpm.c.obj
[dirks:rw] Loaded configuration '/mnt/host/source/src/platform/ec/zephyr/boards/google/it8xxx2/it8xxx2_it81302bx_defconfig'
[dirks:rw] Merged configuration '/mnt/host/source/src/platform/ec/zephyr/program/nissa/program.conf'
[dirks:rw] Merged configuration '/mnt/host/source/src/platform/ec/zephyr/program/nissa/it8xxx2_program.conf'
[dirks:rw] Merged configuration '/mnt/host/source/src/platform/ec/zephyr/program/nissa/dirks/project.conf'
[dirks:rw] Merged configuration '/mnt/host/source/src/platform/ec/build/zephyr/dirks/kconfig-rw.conf'
[dirks:rw] Configuration saved to '/mnt/host/source/src/platform/ec/build/zephyr/dirks/build-rw/zephyr/.config'
[dirks:rw] Kconfig header saved to '/mnt/host/source/src/platform/ec/build/zephyr/dirks/build-rw/zephyr/include/generated/zephyr/autoconf.h'
[dirks:rw] -- Found GnuLd: /home/jpmurphy/.cache/coreboot-sdk/riscv64-elf/96b949749225b6aaa92ed810ab769e8dfb12f000/riscv64-elf/bin/ld.bfd (found version "2.43.1")
[voltorb:rw] warning: PLATFORM_EC_USB_PD_DEBUG_LEVEL (defined at
[voltorb:rw] /mnt/host/source/src/platform/ec/zephyr/Kconfig.pd:61) was assigned the value '2' but got the value
[voltorb:rw] ''. Check these unsatisfied dependencies: PLATFORM_EC_USB_PD_DEBUG_FIXED_LEVEL (=n). See
[voltorb:rw] http://docs.zephyrproject.org/latest/kconfig.html#CONFIG_PLATFORM_EC_USB_PD_DEBUG_LEVEL and/or look
[voltorb:rw] up PLATFORM_EC_USB_PD_DEBUG_LEVEL in the menuconfig/guiconfig interface. The Application Development
[voltorb:rw] Primer, Setting Configuration Values, and Kconfig - Tips and Best Practices sections of the manual
[voltorb:rw] might be helpful too.
[craask:ro] -- Generated pickled edt: /mnt/host/source/src/platform/ec/build/zephyr/craask/build-ro/zephyr/edt.pickle
[craask:ro] -- Generated devicetree_generated.h: /mnt/host/source/src/platform/ec/build/zephyr/craask/build-ro/zephyr/include/generated/zephyr/devicetree_generated.h
[voltorb:rw] warning: The choice symbol PLATFORM_EC_ACCELGYRO_BMI_COMM_I2C (defined at
[voltorb:rw] /mnt/host/source/src/platform/ec/zephyr/Kconfig.accelgyro_bmi:23) was selected (set =y), but no
[voltorb:rw] symbol ended up as the choice selection. See
[voltorb:rw] http://docs.zephyrproject.org/latest/kconfig.html#CONFIG_PLATFORM_EC_ACCELGYRO_BMI_COMM_I2C and/or
[voltorb:rw] look up PLATFORM_EC_ACCELGYRO_BMI_COMM_I2C in the menuconfig/guiconfig interface. The Application
[voltorb:rw] Development Primer, Setting Configuration Values, and Kconfig - Tips and Best Practices sections of
[voltorb:rw] the manual might be helpful too.
[voltorb:rw] warning: Deprecated symbol I2C_ALLOW_NO_STOP_TRANSACTIONS is enabled.
[voltorb:ro] warning: PLATFORM_EC_USB_PD_DEBUG_LEVEL (defined at
[voltorb:ro] /mnt/host/source/src/platform/ec/zephyr/Kconfig.pd:61) was assigned the value '2' but got the value
[voltorb:ro] ''. Check these unsatisfied dependencies: PLATFORM_EC_USB_PD_DEBUG_FIXED_LEVEL (=n). See
[voltorb:ro] http://docs.zephyrproject.org/latest/kconfig.html#CONFIG_PLATFORM_EC_USB_PD_DEBUG_LEVEL and/or look
[voltorb:ro] up PLATFORM_EC_USB_PD_DEBUG_LEVEL in the menuconfig/guiconfig interface. The Application Development
[voltorb:ro] Primer, Setting Configuration Values, and Kconfig - Tips and Best Practices sections of the manual
[voltorb:ro] might be helpful too.
[voltorb:ro] warning: The choice symbol PLATFORM_EC_ACCELGYRO_BMI_COMM_I2C (defined at
[voltorb:ro] /mnt/host/source/src/platform/ec/zephyr/Kconfig.accelgyro_bmi:23) was selected (set =y), but no
[voltorb:ro] symbol ended up as the choice selection. See
[voltorb:ro] http://docs.zephyrproject.org/latest/kconfig.html#CONFIG_PLATFORM_EC_ACCELGYRO_BMI_COMM_I2C and/or
[voltorb:ro] look up PLATFORM_EC_ACCELGYRO_BMI_COMM_I2C in the menuconfig/guiconfig interface. The Application
[voltorb:ro] Development Primer, Setting Configuration Values, and Kconfig - Tips and Best Practices sections of
[voltorb:ro] the manual might be helpful too.
[voltorb:ro] warning: Deprecated symbol I2C_ALLOW_NO_STOP_TRANSACTIONS is enabled.
[dirks:ro] Loaded configuration '/mnt/host/source/src/platform/ec/zephyr/boards/google/it8xxx2/it8xxx2_it81302bx_defconfig'
[dirks:ro] Merged configuration '/mnt/host/source/src/platform/ec/zephyr/program/nissa/program.conf'
[dirks:ro] Merged configuration '/mnt/host/source/src/platform/ec/zephyr/program/nissa/it8xxx2_program.conf'
[dirks:ro] Merged configuration '/mnt/host/source/src/platform/ec/zephyr/program/nissa/dirks/project.conf'
[dirks:ro] Merged configuration '/mnt/host/source/src/platform/ec/build/zephyr/dirks/kconfig-ro.conf'
[dirks:ro] Configuration saved to '/mnt/host/source/src/platform/ec/build/zephyr/dirks/build-ro/zephyr/.config'
[dirks:ro] Kconfig header saved to '/mnt/host/source/src/platform/ec/build/zephyr/dirks/build-ro/zephyr/include/generated/zephyr/autoconf.h'
[dirks:ro] -- Found GnuLd: /home/jpmurphy/.cache/coreboot-sdk/riscv64-elf/96b949749225b6aaa92ed810ab769e8dfb12f000/riscv64-elf/bin/ld.bfd (found version "2.43.1")
[craask:rw] -- Generated devicetree_generated.h: /mnt/host/source/src/platform/ec/build/zephyr/craask/build-rw/zephyr/include/generated/zephyr/devicetree_generated.h
[dirks:rw] -- The C compiler identification is GNU 14.2.0
[brox-sku4:ro] /mnt/host/source/src/platform/ec/build/zephyr/brox-sku4/build-ro/zephyr/zephyr.dts:1345.27-2058.5: Warning (avoid_unnecessary_addr_size): /soc/pin-controller: unnecessary #address-cells/#size-cells without "ranges" or child "reg" property
[dooku:rw] [21/347] Building C object CMakeFiles/app.dir/mnt/host/source/src/platform/ec/zephyr/subsys/ucsi/ppm_common.c.obj
[kingler:rw] Loaded configuration '/mnt/host/source/src/platform/ec/zephyr/boards/google/npcx9/npcx9_npcx9m3f_defconfig'
[kingler:rw] Merged configuration '/mnt/host/source/src/platform/ec/zephyr/program/corsola/program.conf'
[kingler:rw] Merged configuration '/mnt/host/source/src/platform/ec/zephyr/program/corsola/npcx_program.conf'
[kingler:rw] Merged configuration '/mnt/host/source/src/platform/ec/zephyr/program/corsola/kingler/project.conf'
[kingler:rw] Merged configuration '/mnt/host/source/src/platform/ec/build/zephyr/kingler/kconfig-rw.conf'
[kingler:rw] Configuration saved to '/mnt/host/source/src/platform/ec/build/zephyr/kingler/build-rw/zephyr/.config'
[kingler:rw] Kconfig header saved to '/mnt/host/source/src/platform/ec/build/zephyr/kingler/build-rw/zephyr/include/generated/zephyr/autoconf.h'
[kingler:rw] -- Found GnuLd: /home/jpmurphy/.cache/coreboot-sdk/arm-eabi/ea40ddd1d190c3b48435c474c0b545719371813a/arm-eabi/bin/ld.bfd (found version "2.43.1")
[brox-sku4:rw] /mnt/host/source/src/platform/ec/build/zephyr/brox-sku4/build-rw/zephyr/zephyr.dts:1345.27-2058.5: Warning (avoid_unnecessary_addr_size): /soc/pin-controller: unnecessary #address-cells/#size-cells without "ranges" or child "reg" property
[dirks:ro] -- The C compiler identification is GNU 14.2.0
[dirks:rw] -- The CXX compiler identification is GNU 14.2.0
[dooku:ro] [17/347] Building C object CMakeFiles/app.dir/mnt/host/source/src/platform/ec/zephyr/subsys/pd_controller/pdc_console.c.obj
[dirks:rw] -- The ASM compiler identification is GNU
[dirks:rw] -- Found assembler: /home/jpmurphy/.cache/coreboot-sdk/riscv64-elf/96b949749225b6aaa92ed810ab769e8dfb12f000/bin/riscv64-elf-gcc
[dooku:rw] [22/347] Building C object CMakeFiles/app.dir/mnt/host/source/src/platform/ec/zephyr/subsys/ucsi/ppm_console.c.obj
[voltorb:ro] Parsing /mnt/host/source/src/platform/ec/zephyr/program/corsola/Kconfig
[voltorb:rw] Parsing /mnt/host/source/src/platform/ec/zephyr/program/corsola/Kconfig
[dirks:rw] CMake Warning at /mnt/host/source/src/platform/ec/zephyr/cmake/linker/ld/linker_libraries.cmake:11 (message):
[dirks:rw]   Disabling c_library
[dirks:rw] Call Stack (most recent call first):
[dirks:rw]   /mnt/host/source/src/third_party/zephyr/main/cmake/target_toolchain_flags.cmake:48 (include)
[dirks:rw]   /mnt/host/source/src/third_party/zephyr/main/cmake/modules/kernel.cmake:153 (include)
[dirks:rw]   /mnt/host/source/src/third_party/zephyr/main/cmake/modules/zephyr_default.cmake:138 (include)
[dirks:rw]   /mnt/host/source/src/third_party/zephyr/main/share/zephyr-package/cmake/ZephyrConfig.cmake:66 (include)
[/mnt/host/source/src/platform/ec/build/zephyr/yaviks-lcov]   /mnt/host/source/src/platform/ec/build/zephyr/yaviks/build-ro/zephyr/CMakeFiles/zephyr.dir/soc/ite/ec/it8xxx2/check_regs.c.gcno:no functions found
[/mnt/host/source/src/platform/ec/build/zephyr/yaviks-lcov] stderr:
[kingler:rw] -- The C compiler identification is GNU 14.2.0
[dirks:ro] -- The CXX compiler identification is GNU 14.2.0
[/mnt/host/source/src/platform/ec/build/zephyr/frostflow-lcov]   /mnt/host/source/src/platform/ec/build/zephyr/frostflow/build-ro/modules/ec/zephyr/CMakeFiles/ec_shim.dir/shim/src/bc12.c.gcno:no functions found
[/mnt/host/source/src/platform/ec/build/zephyr/frostflow-lcov] stderr:
[kingler:rw] -- The CXX compiler identification is GNU 14.2.0
[dirks:ro] -- The ASM compiler identification is GNU
[dirks:ro] -- Found assembler: /home/jpmurphy/.cache/coreboot-sdk/riscv64-elf/96b949749225b6aaa92ed810ab769e8dfb12f000/bin/riscv64-elf-gcc
[kingler:rw] -- The ASM compiler identification is GNU
[kingler:rw] -- Found assembler: /home/jpmurphy/.cache/coreboot-sdk/arm-eabi/ea40ddd1d190c3b48435c474c0b545719371813a/bin/arm-eabi-gcc
[dirks:ro] CMake Warning at /mnt/host/source/src/platform/ec/zephyr/cmake/linker/ld/linker_libraries.cmake:11 (message):
[dirks:ro]   Disabling c_library
[dirks:ro] Call Stack (most recent call first):
[dirks:ro]   /mnt/host/source/src/third_party/zephyr/main/cmake/target_toolchain_flags.cmake:48 (include)
[dirks:ro]   /mnt/host/source/src/third_party/zephyr/main/cmake/modules/kernel.cmake:153 (include)
[dirks:ro]   /mnt/host/source/src/third_party/zephyr/main/cmake/modules/zephyr_default.cmake:138 (include)
[dirks:ro]   /mnt/host/source/src/third_party/zephyr/main/share/zephyr-package/cmake/ZephyrConfig.cmake:66 (include)
[dirks:ro]   /mnt/host/source/src/third_party/zephyr/main/share/zephyr-package/cmake/ZephyrConfig.cmake:97 (include_boilerplate)
[kingler:rw] warning: Deprecated symbol I2C_ALLOW_NO_STOP_TRANSACTIONS is enabled.
[kingler:rw] CMake Warning at /mnt/host/source/src/platform/ec/zephyr/cmake/linker/ld/linker_libraries.cmake:11 (message):
[kingler:rw]   Disabling c_library
[kingler:rw] Call Stack (most recent call first):
[kingler:rw]   /mnt/host/source/src/third_party/zephyr/main/cmake/target_toolchain_flags.cmake:48 (include)
[kingler:rw]   /mnt/host/source/src/third_party/zephyr/main/cmake/modules/kernel.cmake:153 (include)
[kingler:rw]   /mnt/host/source/src/third_party/zephyr/main/cmake/modules/zephyr_default.cmake:138 (include)
[kingler:rw]   /mnt/host/source/src/third_party/zephyr/main/share/zephyr-package/cmake/ZephyrConfig.cmake:66 (include)
[kingler:rw]   /mnt/host/source/src/third_party/zephyr/main/share/zephyr-package/cmake/ZephyrConfig.cmake:97 (include_boilerplate)
[kingler:rw]   CMakeLists.txt:7 (find_package)
[dooku:ro] [18/347] Building C object CMakeFiles/app.dir/mnt/host/source/src/platform/ec/zephyr/subsys/pd_controller/pdc_host_cmd.c.obj
[craask:ro] /mnt/host/source/src/platform/ec/build/zephyr/craask/build-ro/zephyr/zephyr.dts:4308.9-4315.5: Warning (gpios_property): /fans/fan_0: Missing property '#gpio-cells' in node /named-gpios/fan-enable or bad phandle (referred from enable-gpio[0])
[dooku:rw] [23/347] Building C object CMakeFiles/app.dir/mnt/host/source/src/platform/ec/zephyr/subsys/ucsi/ppm_driver.c.obj
[dooku:rw] [24/347] Building C object CMakeFiles/app.dir/mnt/host/source/src/platform/ec/zephyr/subsys/ucsi/ucsi_host_cmd.c.obj
[dirks:rw] -- Performing EC specific devicetree checks
[voltorb:ro] Loaded configuration '/mnt/host/source/src/platform/ec/zephyr/boards/google/npcx9/npcx9_npcx9m3f_defconfig'
[voltorb:ro] Merged configuration '/mnt/host/source/src/platform/ec/zephyr/program/corsola/program.conf'
[voltorb:ro] Merged configuration '/mnt/host/source/src/platform/ec/zephyr/program/corsola/npcx_program.conf'
[voltorb:ro] Merged configuration '/mnt/host/source/src/platform/ec/zephyr/program/corsola/voltorb/project.conf'
[voltorb:ro] Merged configuration '/mnt/host/source/src/platform/ec/build/zephyr/voltorb/kconfig-ro.conf'
[voltorb:ro] Configuration saved to '/mnt/host/source/src/platform/ec/build/zephyr/voltorb/build-ro/zephyr/.config'
[voltorb:ro] Kconfig header saved to '/mnt/host/source/src/platform/ec/build/zephyr/voltorb/build-ro/zephyr/include/generated/zephyr/autoconf.h'
[voltorb:ro] -- Found GnuLd: /home/jpmurphy/.cache/coreboot-sdk/arm-eabi/ea40ddd1d190c3b48435c474c0b545719371813a/arm-eabi/bin/ld.bfd (found version "2.43.1")
[kingler:rw] -- Performing EC specific devicetree checks
[dirks:ro] -- Performing EC specific devicetree checks
[craask:rw] /mnt/host/source/src/platform/ec/build/zephyr/craask/build-rw/zephyr/zephyr.dts:4308.9-4315.5: Warning (gpios_property): /fans/fan_0: Missing property '#gpio-cells' in node /named-gpios/fan-enable or bad phandle (referred from enable-gpio[0])
[voltorb:rw] Loaded configuration '/mnt/host/source/src/platform/ec/zephyr/boards/google/npcx9/npcx9_npcx9m3f_defconfig'
[voltorb:rw] Merged configuration '/mnt/host/source/src/platform/ec/zephyr/program/corsola/program.conf'
[voltorb:rw] Merged configuration '/mnt/host/source/src/platform/ec/zephyr/program/corsola/npcx_program.conf'
[voltorb:rw] Merged configuration '/mnt/host/source/src/platform/ec/zephyr/program/corsola/voltorb/project.conf'
[voltorb:rw] Merged configuration '/mnt/host/source/src/platform/ec/build/zephyr/voltorb/kconfig-rw.conf'
[voltorb:rw] Configuration saved to '/mnt/host/source/src/platform/ec/build/zephyr/voltorb/build-rw/zephyr/.config'
[voltorb:rw] Kconfig header saved to '/mnt/host/source/src/platform/ec/build/zephyr/voltorb/build-rw/zephyr/include/generated/zephyr/autoconf.h'
[voltorb:rw] -- Found GnuLd: /home/jpmurphy/.cache/coreboot-sdk/arm-eabi/ea40ddd1d190c3b48435c474c0b545719371813a/arm-eabi/bin/ld.bfd (found version "2.43.1")
[dirks:rw]   /mnt/host/source/src/third_party/zephyr/main/share/zephyr-package/cmake/ZephyrConfig.cmake:97 (include_boilerplate)
[dirks:rw]   CMakeLists.txt:7 (find_package)
[dirks:rw] INFO: Verified 51 GPIOs, no duplicates found
[dirks:rw] INFO: Verified 18 '*-gpios' properties, all flags match.
[kingler:rw] INFO: Verified 59 GPIOs, no duplicates found
[kingler:rw] INFO: Verified 3 '*-gpios' properties, all flags match.
[kingler:rw] INFO: Skipped 1 named-gpios children.
[voltorb:ro] -- The C compiler identification is GNU 14.2.0
[dirks:ro]   CMakeLists.txt:7 (find_package)
[dirks:ro] INFO: Verified 51 GPIOs, no duplicates found
[dirks:ro] INFO: Verified 18 '*-gpios' properties, all flags match.
[dirks:rw] -- Generating component manifest file
[voltorb:rw] -- The C compiler identification is GNU 14.2.0
[kingler:rw] -- Generating component manifest file
[voltorb:ro] -- The CXX compiler identification is GNU 14.2.0
[dooku:ro] [19/347] Building C object CMakeFiles/app.dir/mnt/host/source/src/platform/ec/zephyr/subsys/pd_controller/pdc_stub.c.obj
[dirks:rw] INFO: Skipped 14 named-gpios children.
[dirks:rw] INFO: Running CME, outputting to /mnt/host/source/src/platform/ec/build/zephyr/dirks/build-rw/zephyr/component_manifest.json
[dirks:rw] INFO: Project dirks does not support SSFC
[dirks:rw] INFO: Component usbpd@f03700(ite,it8xxx2-usbpd) not on I2C bus, skip it
[dirks:rw] INFO: Component virtual-mux-0(cros-ec,usbc-mux-virtual) not on I2C bus, skip it
[dirks:rw] INFO: No motionsense-sensor node found
[dirks:ro] -- Generating component manifest file
[voltorb:ro] -- The ASM compiler identification is GNU
[dooku:rw] [25/347] Building C object CMakeFiles/app.dir/mnt/host/source/src/platform/ec/build/zephyr/dooku/modules/ec/common/base32.c.obj
[voltorb:ro] CMake Warning at /mnt/host/source/src/platform/ec/zephyr/cmake/linker/ld/linker_libraries.cmake:11 (message):
[voltorb:ro]   Disabling c_library
[voltorb:ro] Call Stack (most recent call first):
[voltorb:ro]   /mnt/host/source/src/third_party/zephyr/main/cmake/target_toolchain_flags.cmake:48 (include)
[voltorb:ro]   /mnt/host/source/src/third_party/zephyr/main/cmake/modules/kernel.cmake:153 (include)
[voltorb:ro]   /mnt/host/source/src/third_party/zephyr/main/cmake/modules/zephyr_default.cmake:138 (include)
[voltorb:ro]   /mnt/host/source/src/third_party/zephyr/main/share/zephyr-package/cmake/ZephyrConfig.cmake:66 (include)
[voltorb:ro]   /mnt/host/source/src/third_party/zephyr/main/share/zephyr-package/cmake/ZephyrConfig.cmake:97 (include_boilerplate)
[voltorb:ro]   CMakeLists.txt:7 (find_package)
[dooku:rw] [26/347] Building C object CMakeFiles/app.dir/mnt/host/source/src/platform/ec/build/zephyr/dooku/modules/ec/builtin/stdlib.c.obj
[kingler:rw] INFO: Running CME, outputting to /mnt/host/source/src/platform/ec/build/zephyr/kingler/build-rw/zephyr/component_manifest.json
[voltorb:rw] -- The CXX compiler identification is GNU 14.2.0
[ruby-ish:singleimage] warning: Deprecated symbol I2C_ALLOW_NO_STOP_TRANSACTIONS is enabled.
[kingler:rw] -- warning_base_override: -Wall;-Wformat;-Wformat-security;-Wformat;-Wno-format-zero-length;-Wno-pointer-sign;-Wpointer-arith;-Wexpansion-to-defined
[dirks:ro] INFO: Skipped 14 named-gpios children.
[dirks:ro] INFO: Running CME, outputting to /mnt/host/source/src/platform/ec/build/zephyr/dirks/build-ro/zephyr/component_manifest.json
[dirks:ro] INFO: Project dirks does not support SSFC
[dirks:ro] INFO: Component usbpd@f03700(ite,it8xxx2-usbpd) not on I2C bus, skip it
[voltorb:rw] -- The ASM compiler identification is GNU
[voltorb:rw] -- Found assembler: /home/jpmurphy/.cache/coreboot-sdk/arm-eabi/ea40ddd1d190c3b48435c474c0b545719371813a/bin/arm-eabi-gcc
[voltorb:rw] CMake Warning at /mnt/host/source/src/platform/ec/zephyr/cmake/linker/ld/linker_libraries.cmake:11 (message):
[voltorb:rw]   Disabling c_library
[voltorb:rw] Call Stack (most recent call first):
[voltorb:rw]   /mnt/host/source/src/third_party/zephyr/main/cmake/target_toolchain_flags.cmake:48 (include)
[voltorb:rw]   /mnt/host/source/src/third_party/zephyr/main/cmake/modules/kernel.cmake:153 (include)
[voltorb:rw]   /mnt/host/source/src/third_party/zephyr/main/cmake/modules/zephyr_default.cmake:138 (include)
[voltorb:rw]   /mnt/host/source/src/third_party/zephyr/main/share/zephyr-package/cmake/ZephyrConfig.cmake:66 (include)
[voltorb:rw]   /mnt/host/source/src/third_party/zephyr/main/share/zephyr-package/cmake/ZephyrConfig.cmake:97 (include_boilerplate)
[voltorb:rw]   CMakeLists.txt:7 (find_package)
[dirks:rw] -- warning_base_override: -Wall;-Wformat;-Wformat-security;-Wformat;-Wno-format-zero-length;-Wno-pointer-sign;-Wpointer-arith;-Wexpansion-to-defined
[dirks:ro] -- warning_base_override: -Wall;-Wformat;-Wformat-security;-Wformat;-Wno-format-zero-length;-Wno-pointer-sign;-Wpointer-arith;-Wexpansion-to-defined
[kingler:rw] -- Found gen_kobject_list: /mnt/host/source/src/third_party/zephyr/main/scripts/build/gen_kobject_list.py
[kingler:rw] INFO: Project kingler does not support SSFC
[kingler:rw] INFO: Component anx7447-mux-0(analogix,usbc-mux-anx7447) not on I2C bus, skip it
[kingler:rw] INFO: Component virtual-mux-0(cros-ec,usbc-mux-virtual) not on I2C bus, skip it
[kingler:rw] INFO: Component virtual-mux-1(cros-ec,usbc-mux-virtual) not on I2C bus, skip it
[kingler:rw] INFO: Component virtual-mux-1(cros-ec,usbc-mux-virtual) not on I2C bus, skip it
[kingler:rw] INFO: No motionsense-sensor-alt node found
[kingler:rw] CMake Warning at /mnt/host/source/src/third_party/zephyr/main/CMakeLists.txt:2359 (message):
[kingler:rw]   __ASSERT() statements are globally ENABLED
[/mnt/host/source/src/platform/ec/build/zephyr/eirtae-lcov]   /mnt/host/source/src/platform/ec/build/zephyr/eirtae/build-ro/modules/ec/zephyr/CMakeFiles/ec_shim.dir/shim/src/keyscan.c.gcno:no functions found
[/mnt/host/source/src/platform/ec/build/zephyr/eirtae-lcov] stderr:
[dirks:rw] -- Found gen_kobject_list: /mnt/host/source/src/third_party/zephyr/main/scripts/build/gen_kobject_list.py
[ruby-ish:singleimage] Parsing /mnt/host/source/src/platform/ec/zephyr/program/fatcat/Kconfig
[voltorb:ro] -- Found assembler: /home/jpmurphy/.cache/coreboot-sdk/arm-eabi/ea40ddd1d190c3b48435c474c0b545719371813a/bin/arm-eabi-gcc
[voltorb:ro] -- Performing EC specific devicetree checks
[kingler:rw] -- Configuring done (15.4s)
[dirks:rw] -- [no-LTO] Building kernel files without LTO
[voltorb:rw] -- Performing EC specific devicetree checks
[dooku:rw] [27/347] Building C object CMakeFiles/app.dir/mnt/host/source/src/platform/ec/build/zephyr/dooku/modules/ec/common/console_output.c.obj
[voltorb:ro] INFO: Verified 56 GPIOs, no duplicates found
[dooku:rw] [28/347] Building C object CMakeFiles/app.dir/mnt/host/source/src/platform/ec/build/zephyr/dooku/modules/ec/common/ec_features.c.obj
[dirks:rw] -- Configuring done (15.3s)
[dooku:ro] [20/347] Building C object CMakeFiles/app.dir/mnt/host/source/src/platform/ec/zephyr/subsys/pd_controller/pdc_dpm.c.obj
[dirks:ro] -- Found gen_kobject_list: /mnt/host/source/src/third_party/zephyr/main/scripts/build/gen_kobject_list.py
[dirks:ro] -- [no-LTO] Building kernel files without LTO
[voltorb:rw] INFO: Verified 56 GPIOs, no duplicates found
[voltorb:rw] INFO: Verified 8 '*-gpios' properties, all flags match.
[voltorb:rw] INFO: Skipped 1 named-gpios children.
[kingler:rw] -- Generating done (0.4s)
[kingler:rw] CMake Warning:
[kingler:rw] -- Build files have been written to: /mnt/host/source/src/platform/ec/build/zephyr/kingler/build-rw
[brox-sku4:ro] warning: USBC_PDC_TRACE_MSG (defined at
[brox-sku4:ro] /mnt/host/source/src/platform/ec/zephyr/drivers/usbc/Kconfig:82) was assigned the value 'y' but got
[brox-sku4:ro] the value 'n'. Check these unsatisfied dependencies: USBC_PDC_RTS54XX (=n). See
[brox-sku4:ro] http://docs.zephyrproject.org/latest/kconfig.html#CONFIG_USBC_PDC_TRACE_MSG and/or look up
[brox-sku4:ro] USBC_PDC_TRACE_MSG in the menuconfig/guiconfig interface. The Application Development Primer,
[brox-sku4:ro] Setting Configuration Values, and Kconfig - Tips and Best Practices sections of the manual might be
[brox-sku4:ro] helpful too.
[brox-sku4:rw] warning: USBC_PDC_TRACE_MSG (defined at
[brox-sku4:rw] /mnt/host/source/src/platform/ec/zephyr/drivers/usbc/Kconfig:82) was assigned the value 'y' but got
[brox-sku4:rw] the value 'n'. Check these unsatisfied dependencies: USBC_PDC_RTS54XX (=n). See
[brox-sku4:rw] http://docs.zephyrproject.org/latest/kconfig.html#CONFIG_USBC_PDC_TRACE_MSG and/or look up
[brox-sku4:rw] USBC_PDC_TRACE_MSG in the menuconfig/guiconfig interface. The Application Development Primer,
[brox-sku4:rw] Setting Configuration Values, and Kconfig - Tips and Best Practices sections of the manual might be
[brox-sku4:rw] helpful too.
[brox-sku4:rw] warning: Deprecated symbol I2C_ALLOW_NO_STOP_TRANSACTIONS is enabled.
[voltorb:ro] -- Generating component manifest file
[/mnt/host/source/src/platform/ec/build/zephyr/eirtae-lcov]   /mnt/host/source/src/platform/ec/build/zephyr/eirtae/build-ro/zephyr/arch/arch/riscv/core/CMakeFiles/arch__riscv__core.dir/cpu_idle.c.gcno:no functions found
[/mnt/host/source/src/platform/ec/build/zephyr/eirtae-lcov] stderr:
[dirks:ro] -- Configuring done (15.5s)
[voltorb:rw] -- Generating component manifest file
[kingler:rw]   Manually-specified variables were not used by the project:
[kingler:rw]     COREBOOT_SDK_ROOT_libstdcxx_riscv64
[kingler:rw]     COREBOOT_SDK_ROOT_libstdcxx_x86
[kingler:rw]     COREBOOT_SDK_ROOT_nds32
[kingler:rw]     COREBOOT_SDK_ROOT_picolibc_riscv64
[kingler:rw]     COREBOOT_SDK_ROOT_picolibc_x86
[kingler:rw]     COREBOOT_SDK_ROOT_riscv
[kingler:rw]     COREBOOT_SDK_ROOT_riscv64
[kingler:rw]     COREBOOT_SDK_ROOT_x86
[dirks:rw] -- Generating done (0.5s)
[dirks:rw] CMake Warning:
[dirks:rw]   Manually-specified variables were not used by the project:
[dirks:rw]     COREBOOT_SDK_ROOT_arm
[dirks:rw]     COREBOOT_SDK_ROOT_libstdcxx_arm
[dirks:rw]     COREBOOT_SDK_ROOT_libstdcxx_x86
[dirks:rw]     COREBOOT_SDK_ROOT_nds32
[dirks:rw]     COREBOOT_SDK_ROOT_picolibc_arm
[dirks:rw]     COREBOOT_SDK_ROOT_picolibc_x86
[dirks:rw]     COREBOOT_SDK_ROOT_riscv
[dirks:rw]     COREBOOT_SDK_ROOT_x86
[dirks:rw] -- Build files have been written to: /mnt/host/source/src/platform/ec/build/zephyr/dirks/build-rw
[voltorb:ro] INFO: Verified 8 '*-gpios' properties, all flags match.
[voltorb:ro] INFO: Skipped 1 named-gpios children.
[voltorb:ro] INFO: Running CME, outputting to /mnt/host/source/src/platform/ec/build/zephyr/voltorb/build-ro/zephyr/component_manifest.json
[ruby-ish:singleimage] INFOSetting TOOLCHAIN_HAS_PICOLIBC to support full build.
[voltorb:rw] INFO: Running CME, outputting to /mnt/host/source/src/platform/ec/build/zephyr/voltorb/build-rw/zephyr/component_manifest.json
[voltorb:rw] INFO: Project voltorb does not support SSFC
[voltorb:rw] INFO: Component anx7447-mux-0(analogix,usbc-mux-anx7447) not on I2C bus, skip it
[voltorb:rw] INFO: Component virtual-mux-0(cros-ec,usbc-mux-virtual) not on I2C bus, skip it
[voltorb:rw] INFO: Component virtual-mux-1(cros-ec,usbc-mux-virtual) not on I2C bus, skip it
[voltorb:rw] INFO: Component virtual-mux-1(cros-ec,usbc-mux-virtual) not on I2C bus, skip it
[voltorb:rw] INFO: No motionsense-sensor node found
[ruby-ish:singleimage] Loaded configuration '/mnt/host/source/src/third_party/zephyr/main/boards/intel/ish/intel_ish_5_8_0_defconfig'
[ruby-ish:singleimage] Merged configuration '/mnt/host/source/src/platform/ec/zephyr/program/fatcat/dsp_comms.conf'
[ruby-ish:singleimage] Merged configuration '/mnt/host/source/src/platform/ec/zephyr/program/fatcat/ruby-ish/project.conf'
[ruby-ish:singleimage] Merged configuration '/mnt/host/source/src/platform/ec/build/zephyr/ruby-ish/kconfig-singleimage.conf'
[ruby-ish:singleimage] Configuration saved to '/mnt/host/source/src/platform/ec/build/zephyr/ruby-ish/build-singleimage/zephyr/.config'
[ruby-ish:singleimage] Kconfig header saved to '/mnt/host/source/src/platform/ec/build/zephyr/ruby-ish/build-singleimage/zephyr/include/generated/zephyr/autoconf.h'
[ruby-ish:singleimage] -- Found GnuLd: /home/jpmurphy/.cache/coreboot-sdk/i386-elf/dfbb0486385d938cfa9d73080b9d18d598ed4f49/i386-elf/bin/ld.bfd (found version "2.43.1")
[dooku:rw] [29/347] Building C object CMakeFiles/app.dir/mnt/host/source/src/platform/ec/build/zephyr/dooku/modules/ec/common/gpio_commands.c.obj
[voltorb:ro] -- warning_base_override: -Wall;-Wformat;-Wformat-security;-Wformat;-Wno-format-zero-length;-Wno-pointer-sign;-Wpointer-arith;-Wexpansion-to-defined
[brox-sku4:ro] Parsing /mnt/host/source/src/platform/ec/zephyr/program/brox/Kconfig
[dirks:ro] -- Generating done (0.5s)
[dirks:ro] INFO: Component virtual-mux-0(cros-ec,usbc-mux-virtual) not on I2C bus, skip it
[dirks:ro] INFO: No motionsense-sensor node found
[dirks:ro] CMake Warning:
[dirks:ro] -- Build files have been written to: /mnt/host/source/src/platform/ec/build/zephyr/dirks/build-ro
[brox-sku4:rw] Parsing /mnt/host/source/src/platform/ec/zephyr/program/brox/Kconfig
[dooku:rw] [30/347] Building C object CMakeFiles/app.dir/mnt/host/source/src/platform/ec/build/zephyr/dooku/modules/ec/common/peripheral.c.obj
[voltorb:rw] -- warning_base_override: -Wall;-Wformat;-Wformat-security;-Wformat;-Wno-format-zero-length;-Wno-pointer-sign;-Wpointer-arith;-Wexpansion-to-defined
[ruby-ish:singleimage] -- The C compiler identification is GNU 14.2.0
[dooku:ro] [21/347] Building C object CMakeFiles/app.dir/mnt/host/source/src/platform/ec/zephyr/subsys/ucsi/ppm_common.c.obj
[dirks:ro]   Manually-specified variables were not used by the project:
[dirks:ro]     COREBOOT_SDK_ROOT_arm
[dirks:ro]     COREBOOT_SDK_ROOT_libstdcxx_arm
[dirks:ro]     COREBOOT_SDK_ROOT_libstdcxx_x86
[dirks:ro]     COREBOOT_SDK_ROOT_nds32
[dirks:ro]     COREBOOT_SDK_ROOT_picolibc_arm
[dirks:ro]     COREBOOT_SDK_ROOT_picolibc_x86
[dirks:ro]     COREBOOT_SDK_ROOT_riscv
[dirks:ro]     COREBOOT_SDK_ROOT_x86
[voltorb:ro] -- Found gen_kobject_list: /mnt/host/source/src/third_party/zephyr/main/scripts/build/gen_kobject_list.py
[ruby-ish:singleimage] -- The CXX compiler identification is GNU 14.2.0
[/mnt/host/source/src/platform/ec/build/zephyr/eirtae-lcov]   /mnt/host/source/src/platform/ec/build/zephyr/eirtae/build-ro/zephyr/arch/common/CMakeFiles/isr_tables.dir/isr_tables.c.gcno:no functions found
[/mnt/host/source/src/platform/ec/build/zephyr/eirtae-lcov] stderr:
[voltorb:ro] INFO: Project voltorb does not support SSFC
[voltorb:ro] INFO: Component anx7447-mux-0(analogix,usbc-mux-anx7447) not on I2C bus, skip it
[voltorb:ro] INFO: Component virtual-mux-0(cros-ec,usbc-mux-virtual) not on I2C bus, skip it
[voltorb:ro] INFO: Component virtual-mux-1(cros-ec,usbc-mux-virtual) not on I2C bus, skip it
[voltorb:ro] INFO: Component virtual-mux-1(cros-ec,usbc-mux-virtual) not on I2C bus, skip it
[voltorb:ro] INFO: No motionsense-sensor node found
[voltorb:ro] CMake Warning at /mnt/host/source/src/third_party/zephyr/main/CMakeLists.txt:2359 (message):
[craask:ro] warning: PLATFORM_EC_PANIC_LOG (defined at /mnt/host/source/src/platform/ec/zephyr/Kconfig.panic:53)
[craask:ro] was assigned the value 'y' but got the value 'n'. Check these unsatisfied dependencies: (!CROS_EC_RO
[craask:ro] || ZTEST) (=n). See http://docs.zephyrproject.org/latest/kconfig.html#CONFIG_PLATFORM_EC_PANIC_LOG
[craask:ro] and/or look up PLATFORM_EC_PANIC_LOG in the menuconfig/guiconfig interface. The Application
[craask:ro] Development Primer, Setting Configuration Values, and Kconfig - Tips and Best Practices sections of
[craask:ro] the manual might be helpful too.
[craask:ro] warning: PLATFORM_EC_NOINIT_END_OF_RAM_SECTION_OFFSET (defined at
[craask:ro] /mnt/host/source/src/platform/ec/zephyr/Kconfig:691) was assigned the value '1024' but got the value
[craask:ro] ''. Check these unsatisfied dependencies: PLATFORM_EC_NOINIT_END_OF_RAM_SECTION (=n). See http://doc
[craask:ro] s.zephyrproject.org/latest/kconfig.html#CONFIG_PLATFORM_EC_NOINIT_END_OF_RAM_SECTION_OFFSET and/or
[craask:ro] look up PLATFORM_EC_NOINIT_END_OF_RAM_SECTION_OFFSET in the menuconfig/guiconfig interface. The
[craask:ro] Application Development Primer, Setting Configuration Values, and Kconfig - Tips and Best Practices
[craask:ro] sections of the manual might be helpful too.
[ruby-ish:singleimage] -- The ASM compiler identification is GNU
[craask:ro] warning: Deprecated symbol I2C_ALLOW_NO_STOP_TRANSACTIONS is enabled.
[ruby-ish:singleimage] -- Found assembler: /home/jpmurphy/.cache/coreboot-sdk/i386-elf/dfbb0486385d938cfa9d73080b9d18d598ed4f49/bin/i386-elf-gcc
[voltorb:rw] -- Found gen_kobject_list: /mnt/host/source/src/third_party/zephyr/main/scripts/build/gen_kobject_list.py
[ruby-ish:singleimage] INFOSetting TOOLCHAIN_HAS_NEWLIB to support full build.
[ruby-ish:singleimage] CMake Warning at /mnt/host/source/src/platform/ec/zephyr/cmake/linker/ld/linker_libraries.cmake:11 (message):
[ruby-ish:singleimage]   Disabling c_library
[ruby-ish:singleimage] Call Stack (most recent call first):
[ruby-ish:singleimage]   /mnt/host/source/src/third_party/zephyr/main/cmake/target_toolchain_flags.cmake:48 (include)
[ruby-ish:singleimage]   /mnt/host/source/src/third_party/zephyr/main/cmake/modules/kernel.cmake:153 (include)
[ruby-ish:singleimage]   /mnt/host/source/src/third_party/zephyr/main/cmake/modules/zephyr_default.cmake:138 (include)
[ruby-ish:singleimage]   /mnt/host/source/src/third_party/zephyr/main/share/zephyr-package/cmake/ZephyrConfig.cmake:66 (include)
[ruby-ish:singleimage]   /mnt/host/source/src/third_party/zephyr/main/share/zephyr-package/cmake/ZephyrConfig.cmake:97 (include_boilerplate)
[ruby-ish:singleimage]   CMakeLists.txt:7 (find_package)
[voltorb:ro] -- Configuring done (16.0s)
[voltorb:rw] CMake Warning at /mnt/host/source/src/third_party/zephyr/main/CMakeLists.txt:2359 (message):
[voltorb:rw]   __ASSERT() statements are globally ENABLED
[dooku:ro] [22/347] Building C object CMakeFiles/app.dir/mnt/host/source/src/platform/ec/zephyr/subsys/ucsi/ppm_console.c.obj
[voltorb:rw] -- Configuring done (16.5s)
[dooku:rw] [31/347] Building C object CMakeFiles/app.dir/mnt/host/source/src/platform/ec/build/zephyr/dooku/modules/ec/common/queue.c.obj
[dooku:rw] [32/347] Building C object CMakeFiles/app.dir/mnt/host/source/src/platform/ec/build/zephyr/dooku/modules/ec/common/printf.c.obj
[ruby-ish:singleimage] -- Performing EC specific devicetree checks
[brox-sku4:ro] Loaded configuration '/mnt/host/source/src/platform/ec/zephyr/boards/google/it8xxx2/it8xxx2_it82002aw_defconfig'
[brox-sku4:rw] Loaded configuration '/mnt/host/source/src/platform/ec/zephyr/boards/google/it8xxx2/it8xxx2_it82002aw_defconfig'
[brox-sku4:ro] Merged configuration '/mnt/host/source/src/platform/ec/zephyr/program/brox/program.conf'
[brox-sku4:rw] Merged configuration '/mnt/host/source/src/platform/ec/zephyr/program/brox/program.conf'
[brox-sku4:ro] Merged configuration '/mnt/host/source/src/platform/ec/zephyr/program/brox/ite.conf'
[brox-sku4:rw] Merged configuration '/mnt/host/source/src/platform/ec/zephyr/program/brox/ite.conf'
[brox-sku4:ro] Merged configuration '/mnt/host/source/src/platform/ec/zephyr/program/brox/brox/project.conf'
[brox-sku4:rw] Merged configuration '/mnt/host/source/src/platform/ec/zephyr/program/brox/brox/project.conf'
[brox-sku4:ro] Merged configuration '/mnt/host/source/src/platform/ec/zephyr/program/brox/brox-sku4/project.conf'
[brox-sku4:rw] Merged configuration '/mnt/host/source/src/platform/ec/zephyr/program/brox/brox-sku4/project.conf'
[brox-sku4:ro] Merged configuration '/mnt/host/source/src/platform/ec/zephyr/program/brox/motionsense.conf'
[brox-sku4:rw] Merged configuration '/mnt/host/source/src/platform/ec/zephyr/program/brox/motionsense.conf'
[brox-sku4:ro] Merged configuration '/mnt/host/source/src/platform/ec/build/zephyr/brox-sku4/kconfig-ro.conf'
[brox-sku4:rw] Merged configuration '/mnt/host/source/src/platform/ec/build/zephyr/brox-sku4/kconfig-rw.conf'
[brox-sku4:ro] Configuration saved to '/mnt/host/source/src/platform/ec/build/zephyr/brox-sku4/build-ro/zephyr/.config'
[brox-sku4:rw] Configuration saved to '/mnt/host/source/src/platform/ec/build/zephyr/brox-sku4/build-rw/zephyr/.config'
[brox-sku4:ro] Kconfig header saved to '/mnt/host/source/src/platform/ec/build/zephyr/brox-sku4/build-ro/zephyr/include/generated/zephyr/autoconf.h'
[brox-sku4:rw] Kconfig header saved to '/mnt/host/source/src/platform/ec/build/zephyr/brox-sku4/build-rw/zephyr/include/generated/zephyr/autoconf.h'
[brox-sku4:ro] -- Found GnuLd: /home/jpmurphy/.cache/coreboot-sdk/riscv64-elf/96b949749225b6aaa92ed810ab769e8dfb12f000/riscv64-elf/bin/ld.bfd (found version "2.43.1")
[brox-sku4:rw] -- Found GnuLd: /home/jpmurphy/.cache/coreboot-sdk/riscv64-elf/96b949749225b6aaa92ed810ab769e8dfb12f000/riscv64-elf/bin/ld.bfd (found version "2.43.1")
[voltorb:ro] -- Generating done (0.5s)
[voltorb:ro]   __ASSERT() statements are globally ENABLED
[voltorb:ro] CMake Warning:
[voltorb:ro] -- Build files have been written to: /mnt/host/source/src/platform/ec/build/zephyr/voltorb/build-ro
[dooku:rw] [33/347] Building C object CMakeFiles/app.dir/mnt/host/source/src/platform/ec/build/zephyr/dooku/modules/ec/common/system.c.obj
[craask:ro] Parsing /mnt/host/source/src/platform/ec/zephyr/program/nissa/Kconfig
[ruby-ish:singleimage] INFOSetting c++_library to libstdc++ install path
[ruby-ish:singleimage] INFOSetting c_library to picolibc install path
[ruby-ish:singleimage] INFO: Verified 1 GPIOs, no duplicates found
[ruby-ish:singleimage] INFO: Verified 1 '*-gpios' properties, all flags match.
[dooku:ro] [23/347] Building C object CMakeFiles/app.dir/mnt/host/source/src/platform/ec/zephyr/subsys/ucsi/ppm_driver.c.obj
[voltorb:ro]   Manually-specified variables were not used by the project:
[voltorb:ro]     COREBOOT_SDK_ROOT_libstdcxx_riscv64
[voltorb:ro]     COREBOOT_SDK_ROOT_libstdcxx_x86
[voltorb:ro]     COREBOOT_SDK_ROOT_nds32
[voltorb:ro]     COREBOOT_SDK_ROOT_picolibc_riscv64
[voltorb:ro]     COREBOOT_SDK_ROOT_picolibc_x86
[voltorb:ro]     COREBOOT_SDK_ROOT_riscv
[voltorb:ro]     COREBOOT_SDK_ROOT_riscv64
[voltorb:ro]     COREBOOT_SDK_ROOT_x86
[dooku:ro] [24/347] Building C object CMakeFiles/app.dir/mnt/host/source/src/platform/ec/zephyr/subsys/ucsi/ucsi_host_cmd.c.obj
[voltorb:rw] -- Generating done (0.6s)
[voltorb:rw] CMake Warning:
[voltorb:rw] -- Build files have been written to: /mnt/host/source/src/platform/ec/build/zephyr/voltorb/build-rw
[brox-sku4:rw] -- The C compiler identification is GNU 14.2.0
[craask:rw] Parsing /mnt/host/source/src/platform/ec/zephyr/program/nissa/Kconfig
[brox-sku4:ro] -- The C compiler identification is GNU 14.2.0
[ruby-ish:singleimage] -- Generating component manifest file
[dooku:ro] [25/347] Building C object CMakeFiles/app.dir/mnt/host/source/src/platform/ec/build/zephyr/dooku/modules/ec/builtin/stdlib.c.obj
[ruby-ish:singleimage] INFO: Skipped 1 named-gpios children.
[ruby-ish:singleimage] INFO: Running CME, outputting to /mnt/host/source/src/platform/ec/build/zephyr/ruby-ish/build-singleimage/zephyr/component_manifest.json
[ruby-ish:singleimage] INFO: Project ruby-ish does not support SSFC
[ruby-ish:singleimage] INFO: No usbc node found
[ruby-ish:singleimage] INFO: Component base-als-rgb(cros-ec,tcs3400-rgb) not on I2C bus, skip it
[ruby-ish:singleimage] INFO: No motionsense-sensor-alt node found
[voltorb:rw]   Manually-specified variables were not used by the project:
[voltorb:rw]     COREBOOT_SDK_ROOT_libstdcxx_riscv64
[voltorb:rw]     COREBOOT_SDK_ROOT_libstdcxx_x86
[voltorb:rw]     COREBOOT_SDK_ROOT_nds32
[voltorb:rw]     COREBOOT_SDK_ROOT_picolibc_riscv64
[voltorb:rw]     COREBOOT_SDK_ROOT_picolibc_x86
[voltorb:rw]     COREBOOT_SDK_ROOT_riscv
[voltorb:rw]     COREBOOT_SDK_ROOT_riscv64
[voltorb:rw]     COREBOOT_SDK_ROOT_x86
[dooku:rw] [34/347] Building C object CMakeFiles/app.dir/mnt/host/source/src/platform/ec/build/zephyr/dooku/modules/ec/common/system_boot_time.c.obj
[brox-sku4:ro] -- The CXX compiler identification is GNU 14.2.0
[dooku:rw] [35/347] Building C object CMakeFiles/app.dir/mnt/host/source/src/platform/ec/build/zephyr/dooku/modules/ec/common/uart_printf.c.obj
[brox-sku4:rw] -- The CXX compiler identification is GNU 14.2.0
[/mnt/host/source/src/platform/ec/build/zephyr/yaviks-lcov]   /mnt/host/source/src/platform/ec/build/zephyr/yaviks/build-ro/zephyr/drivers/sensor/CMakeFiles/drivers__sensor.dir/mnt/host/source/src/third_party/zephyr/main/misc/empty_file.c.gcno:no functions found
[/mnt/host/source/src/platform/ec/build/zephyr/yaviks-lcov] stderr:
[brox-sku4:ro] -- The ASM compiler identification is GNU
[/mnt/host/source/src/platform/ec/build/zephyr/frostflow-lcov]   /mnt/host/source/src/platform/ec/build/zephyr/frostflow/build-ro/CMakeFiles/app.dir/mnt/host/source/src/platform/ec/build/zephyr/frostflow/modules/ec/common/usb_pd_pdo.c.gcno:no functions found
[/mnt/host/source/src/platform/ec/build/zephyr/frostflow-lcov] stderr:
[brox-sku4:ro] warning: Deprecated symbol I2C_ALLOW_NO_STOP_TRANSACTIONS is enabled.
[brox-sku4:ro] CMake Warning at /mnt/host/source/src/platform/ec/zephyr/cmake/linker/ld/linker_libraries.cmake:11 (message):
[brox-sku4:ro]   Disabling c_library
[brox-sku4:ro] Call Stack (most recent call first):
[brox-sku4:ro]   /mnt/host/source/src/third_party/zephyr/main/cmake/target_toolchain_flags.cmake:48 (include)
[brox-sku4:ro]   /mnt/host/source/src/third_party/zephyr/main/cmake/modules/kernel.cmake:153 (include)
[brox-sku4:ro]   /mnt/host/source/src/third_party/zephyr/main/cmake/modules/zephyr_default.cmake:138 (include)
[brox-sku4:ro]   /mnt/host/source/src/third_party/zephyr/main/share/zephyr-package/cmake/ZephyrConfig.cmake:66 (include)
[brox-sku4:ro]   /mnt/host/source/src/third_party/zephyr/main/share/zephyr-package/cmake/ZephyrConfig.cmake:97 (include_boilerplate)
[brox-sku4:ro]   CMakeLists.txt:6 (find_package)
[brox-sku4:rw] -- The ASM compiler identification is GNU
[brox-sku4:rw] -- Found assembler: /home/jpmurphy/.cache/coreboot-sdk/riscv64-elf/96b949749225b6aaa92ed810ab769e8dfb12f000/bin/riscv64-elf-gcc
[brox-sku4:rw] CMake Warning at /mnt/host/source/src/platform/ec/zephyr/cmake/linker/ld/linker_libraries.cmake:11 (message):
[brox-sku4:rw]   Disabling c_library
[dooku:ro] [26/347] Building C object CMakeFiles/app.dir/mnt/host/source/src/platform/ec/build/zephyr/dooku/modules/ec/common/base32.c.obj
[dooku:rw] [36/347] Building C object CMakeFiles/app.dir/mnt/host/source/src/platform/ec/build/zephyr/dooku/modules/ec/common/util.c.obj
[dooku:ro] [27/347] Building C object CMakeFiles/app.dir/mnt/host/source/src/platform/ec/build/zephyr/dooku/modules/ec/common/console_output.c.obj
[ruby-ish:singleimage] -- warning_base_override: -Wall;-Wformat;-Wformat-security;-Wformat;-Wno-format-zero-length;-Wno-pointer-sign;-Wpointer-arith;-Wexpansion-to-defined
[ruby-ish:singleimage] The PW_ROOT environment variable is not set; using /mnt/host/source/src/platform/ec/build/zephyr/ruby-ish/modules/pigweed within CMake
[/mnt/host/source/src/platform/ec/build/zephyr/yaviks-lcov]   /mnt/host/source/src/platform/ec/build/zephyr/yaviks/build-rw/modules/ec/zephyr/CMakeFiles/ec_shim.dir/shim/src/thermal.c.gcno:no functions found
[/mnt/host/source/src/platform/ec/build/zephyr/yaviks-lcov] stderr:
[dooku:ro] [28/347] Building C object CMakeFiles/app.dir/mnt/host/source/src/platform/ec/build/zephyr/dooku/modules/ec/common/ec_features.c.obj
[craask:ro] Loaded configuration '/mnt/host/source/src/platform/ec/zephyr/boards/google/npcx9/npcx9_npcx9m3f_defconfig'
[craask:ro] Merged configuration '/mnt/host/source/src/platform/ec/zephyr/program/nissa/program.conf'
[craask:ro] Merged configuration '/mnt/host/source/src/platform/ec/zephyr/program/nissa/npcx_program.conf'
[craask:ro] Merged configuration '/mnt/host/source/src/platform/ec/zephyr/program/nissa/craask/project.conf'
[craask:ro] Merged configuration '/mnt/host/source/src/platform/ec/build/zephyr/craask/kconfig-ro.conf'
[craask:ro] Configuration saved to '/mnt/host/source/src/platform/ec/build/zephyr/craask/build-ro/zephyr/.config'
[craask:ro] Kconfig header saved to '/mnt/host/source/src/platform/ec/build/zephyr/craask/build-ro/zephyr/include/generated/zephyr/autoconf.h'
[craask:ro] -- Found GnuLd: /home/jpmurphy/.cache/coreboot-sdk/arm-eabi/ea40ddd1d190c3b48435c474c0b545719371813a/arm-eabi/bin/ld.bfd (found version "2.43.1")
[dooku:ro] [29/347] Building C object CMakeFiles/app.dir/mnt/host/source/src/platform/ec/build/zephyr/dooku/modules/ec/common/gpio_commands.c.obj
[dooku:rw] [37/347] Building C object CMakeFiles/app.dir/mnt/host/source/src/platform/ec/build/zephyr/dooku/modules/ec/common/version.c.obj
[brox-sku4:ro] -- Found assembler: /home/jpmurphy/.cache/coreboot-sdk/riscv64-elf/96b949749225b6aaa92ed810ab769e8dfb12f000/bin/riscv64-elf-gcc
[brox-sku4:ro] -- Performing EC specific devicetree checks
[craask:rw] Loaded configuration '/mnt/host/source/src/platform/ec/zephyr/boards/google/npcx9/npcx9_npcx9m3f_defconfig'
[craask:rw] Merged configuration '/mnt/host/source/src/platform/ec/zephyr/program/nissa/program.conf'
[craask:rw] Merged configuration '/mnt/host/source/src/platform/ec/zephyr/program/nissa/npcx_program.conf'
[craask:rw] Merged configuration '/mnt/host/source/src/platform/ec/zephyr/program/nissa/craask/project.conf'
[craask:rw] Merged configuration '/mnt/host/source/src/platform/ec/build/zephyr/craask/kconfig-rw.conf'
[craask:rw] Configuration saved to '/mnt/host/source/src/platform/ec/build/zephyr/craask/build-rw/zephyr/.config'
[craask:rw] Kconfig header saved to '/mnt/host/source/src/platform/ec/build/zephyr/craask/build-rw/zephyr/include/generated/zephyr/autoconf.h'
[craask:rw] -- Found GnuLd: /home/jpmurphy/.cache/coreboot-sdk/arm-eabi/ea40ddd1d190c3b48435c474c0b545719371813a/arm-eabi/bin/ld.bfd (found version "2.43.1")
[/mnt/host/source/src/platform/ec/build/zephyr/yaviks-lcov]   /mnt/host/source/src/platform/ec/build/zephyr/yaviks/build-rw/modules/ec/zephyr/CMakeFiles/ec_shim.dir/shim/src/battery.c.gcno:no functions found
[/mnt/host/source/src/platform/ec/build/zephyr/yaviks-lcov] stderr:
[dooku:rw] [38/347] Building C object CMakeFiles/app.dir/mnt/host/source/src/platform/ec/build/zephyr/dooku/modules/ec/common/adc.c.obj
[craask:ro] -- The C compiler identification is GNU 14.2.0
[/mnt/host/source/src/platform/ec/build/zephyr/yaviks-lcov]   /mnt/host/source/src/platform/ec/build/zephyr/yaviks/build-rw/modules/ec/zephyr/CMakeFiles/ec_shim.dir/shim/src/charger.c.gcno:no functions found
[/mnt/host/source/src/platform/ec/build/zephyr/yaviks-lcov] stderr:
[brox-sku4:rw] -- Performing EC specific devicetree checks
[brox-sku4:ro] INFO: Verified 46 GPIOs, no duplicates found
[brox-sku4:ro] INFO: Verified 46 '*-gpios' properties, all flags match.
[brox-sku4:ro] INFO: Skipped 16 named-gpios children.
[craask:rw] -- The C compiler identification is GNU 14.2.0
[dooku:rw] [39/347] Building C object CMakeFiles/app.dir/mnt/host/source/src/platform/ec/build/zephyr/dooku/modules/ec/common/battery.c.obj
[dooku:ro] [30/347] Building C object CMakeFiles/app.dir/mnt/host/source/src/platform/ec/build/zephyr/dooku/modules/ec/common/peripheral.c.obj
[brox-sku4:rw] Call Stack (most recent call first):
[brox-sku4:rw]   /mnt/host/source/src/third_party/zephyr/main/cmake/target_toolchain_flags.cmake:48 (include)
[brox-sku4:rw]   /mnt/host/source/src/third_party/zephyr/main/cmake/modules/kernel.cmake:153 (include)
[brox-sku4:rw]   /mnt/host/source/src/third_party/zephyr/main/cmake/modules/zephyr_default.cmake:138 (include)
[brox-sku4:rw]   /mnt/host/source/src/third_party/zephyr/main/share/zephyr-package/cmake/ZephyrConfig.cmake:66 (include)
[brox-sku4:rw]   /mnt/host/source/src/third_party/zephyr/main/share/zephyr-package/cmake/ZephyrConfig.cmake:97 (include_boilerplate)
[brox-sku4:rw]   CMakeLists.txt:6 (find_package)
[brox-sku4:rw] INFO: Verified 46 GPIOs, no duplicates found
[brox-sku4:rw] INFO: Verified 46 '*-gpios' properties, all flags match.
[brox-sku4:rw] INFO: Skipped 16 named-gpios children.
[craask:ro] -- The CXX compiler identification is GNU 14.2.0
[dooku:rw] [40/347] Building C object CMakeFiles/app.dir/mnt/host/source/src/platform/ec/build/zephyr/dooku/modules/ec/common/battery_info.c.obj
[brox-sku4:ro] -- Generating component manifest file
[dooku:ro] [31/347] Building C object CMakeFiles/app.dir/mnt/host/source/src/platform/ec/build/zephyr/dooku/modules/ec/common/printf.c.obj
[dooku:ro] [32/347] Building C object CMakeFiles/app.dir/mnt/host/source/src/platform/ec/build/zephyr/dooku/modules/ec/common/queue.c.obj
[craask:ro] -- The ASM compiler identification is GNU
[craask:ro] -- Found assembler: /home/jpmurphy/.cache/coreboot-sdk/arm-eabi/ea40ddd1d190c3b48435c474c0b545719371813a/bin/arm-eabi-gcc
[craask:ro] CMake Warning at /mnt/host/source/src/platform/ec/zephyr/cmake/linker/ld/linker_libraries.cmake:11 (message):
[craask:ro]   Disabling c_library
[craask:ro] Call Stack (most recent call first):
[craask:ro]   /mnt/host/source/src/third_party/zephyr/main/cmake/target_toolchain_flags.cmake:48 (include)
[craask:ro]   /mnt/host/source/src/third_party/zephyr/main/cmake/modules/kernel.cmake:153 (include)
[craask:ro]   /mnt/host/source/src/third_party/zephyr/main/cmake/modules/zephyr_default.cmake:138 (include)
[craask:ro]   /mnt/host/source/src/third_party/zephyr/main/share/zephyr-package/cmake/ZephyrConfig.cmake:66 (include)
[craask:ro]   /mnt/host/source/src/third_party/zephyr/main/share/zephyr-package/cmake/ZephyrConfig.cmake:97 (include_boilerplate)
[craask:ro]   CMakeLists.txt:7 (find_package)
[craask:rw] -- The CXX compiler identification is GNU 14.2.0
[brox-sku4:rw] -- Generating component manifest file
[craask:rw] -- The ASM compiler identification is GNU
[craask:rw] -- Found assembler: /home/jpmurphy/.cache/coreboot-sdk/arm-eabi/ea40ddd1d190c3b48435c474c0b545719371813a/bin/arm-eabi-gcc
[craask:rw] warning: Deprecated symbol I2C_ALLOW_NO_STOP_TRANSACTIONS is enabled.
[craask:rw] CMake Warning at /mnt/host/source/src/platform/ec/zephyr/cmake/linker/ld/linker_libraries.cmake:11 (message):
[craask:rw]   Disabling c_library
[craask:rw] Call Stack (most recent call first):
[craask:rw]   /mnt/host/source/src/third_party/zephyr/main/cmake/target_toolchain_flags.cmake:48 (include)
[craask:rw]   /mnt/host/source/src/third_party/zephyr/main/cmake/modules/kernel.cmake:153 (include)
[craask:rw]   /mnt/host/source/src/third_party/zephyr/main/cmake/modules/zephyr_default.cmake:138 (include)
[craask:rw]   /mnt/host/source/src/third_party/zephyr/main/share/zephyr-package/cmake/ZephyrConfig.cmake:66 (include)
[craask:rw]   /mnt/host/source/src/third_party/zephyr/main/share/zephyr-package/cmake/ZephyrConfig.cmake:97 (include_boilerplate)
[craask:rw]   CMakeLists.txt:7 (find_package)
[brox-sku4:ro] INFO: Running CME, outputting to /mnt/host/source/src/platform/ec/build/zephyr/brox-sku4/build-ro/zephyr/component_manifest.json
[brox-sku4:ro] WARNING: Unknown or disabled I2C port: i2c@f04480(i2c_ec_pmc_pd)
[brox-sku4:ro] INFO: Project brox-sku4 does not support SSFC
[brox-sku4:ro] INFO: No motionsense-sensor-alt node found
[brox-sku4:rw] INFO: Running CME, outputting to /mnt/host/source/src/platform/ec/build/zephyr/brox-sku4/build-rw/zephyr/component_manifest.json
[dooku:rw] [41/347] Building C object CMakeFiles/app.dir/mnt/host/source/src/platform/ec/build/zephyr/dooku/modules/ec/common/battery_fuel_gauge.c.obj
[dooku:ro] [33/347] Building C object CMakeFiles/app.dir/mnt/host/source/src/platform/ec/build/zephyr/dooku/modules/ec/common/system.c.obj
[/mnt/host/source/src/platform/ec/build/zephyr/yaviks-lcov]   /mnt/host/source/src/platform/ec/build/zephyr/yaviks/build-rw/modules/ec/zephyr/CMakeFiles/ec_shim.dir/shim/src/usb_muxes.c.gcno:no functions found
[/mnt/host/source/src/platform/ec/build/zephyr/yaviks-lcov] stderr:
[dooku:rw] [42/347] Building C object CMakeFiles/app.dir/mnt/host/source/src/platform/ec/build/zephyr/dooku/modules/ec/driver/battery/smart.c.obj
[brox-sku4:ro] -- warning_base_override: -Wall;-Wformat;-Wformat-security;-Wformat;-Wno-format-zero-length;-Wno-pointer-sign;-Wpointer-arith;-Wexpansion-to-defined
[brox-sku4:rw] -- warning_base_override: -Wall;-Wformat;-Wformat-security;-Wformat;-Wno-format-zero-length;-Wno-pointer-sign;-Wpointer-arith;-Wexpansion-to-defined
[dooku:ro] [34/347] Building C object CMakeFiles/app.dir/mnt/host/source/src/platform/ec/build/zephyr/dooku/modules/ec/common/system_boot_time.c.obj
[dooku:rw] [43/347] Building C object CMakeFiles/app.dir/mnt/host/source/src/platform/ec/build/zephyr/dooku/modules/ec/driver/charger/bq25710.c.obj
[dooku:ro] [35/347] Building C object CMakeFiles/app.dir/mnt/host/source/src/platform/ec/build/zephyr/dooku/modules/ec/common/uart_printf.c.obj
[dooku:ro] [36/347] Building C object CMakeFiles/app.dir/mnt/host/source/src/platform/ec/build/zephyr/dooku/modules/ec/common/util.c.obj
[/mnt/host/source/src/platform/ec/build/zephyr/yaviks-lcov]   /mnt/host/source/src/platform/ec/build/zephyr/yaviks/build-rw/modules/ec/zephyr/CMakeFiles/ec_shim.dir/shim/src/usba.c.gcno:no functions found
[/mnt/host/source/src/platform/ec/build/zephyr/yaviks-lcov] stderr:
[craask:rw] -- Performing EC specific devicetree checks
[dooku:rw] [44/347] Building C object CMakeFiles/app.dir/mnt/host/source/src/platform/ec/build/zephyr/dooku/modules/ec/common/charger.c.obj
[brox-sku4:ro] -- Found gen_kobject_list: /mnt/host/source/src/third_party/zephyr/main/scripts/build/gen_kobject_list.py
[craask:ro] -- Performing EC specific devicetree checks
[craask:rw] INFO: Verified 59 GPIOs, no duplicates found
[brox-sku4:rw] -- Found gen_kobject_list: /mnt/host/source/src/third_party/zephyr/main/scripts/build/gen_kobject_list.py
[craask:rw] INFO: Verified 15 '*-gpios' properties, all flags match.
[craask:rw] INFO: Skipped 19 named-gpios children.
[brox-sku4:ro] CMake Warning at /mnt/host/source/src/third_party/zephyr/main/CMakeLists.txt:2359 (message):
[brox-sku4:ro]   __ASSERT() statements are globally ENABLED
[brox-sku4:rw] WARNING: Unknown or disabled I2C port: i2c@f04480(i2c_ec_pmc_pd)
[brox-sku4:rw] INFO: Project brox-sku4 does not support SSFC
[brox-sku4:rw] INFO: No motionsense-sensor-alt node found
[brox-sku4:rw] CMake Warning at /mnt/host/source/src/third_party/zephyr/main/CMakeLists.txt:2359 (message):
[brox-sku4:rw]   __ASSERT() statements are globally ENABLED
[craask:ro] INFO: Verified 59 GPIOs, no duplicates found
[craask:ro] INFO: Verified 15 '*-gpios' properties, all flags match.
[craask:ro] INFO: Skipped 19 named-gpios children.
[dooku:ro] [37/347] Building C object CMakeFiles/app.dir/mnt/host/source/src/platform/ec/build/zephyr/dooku/modules/ec/common/version.c.obj
[brox-sku4:ro] -- Configuring done (15.7s)
[/mnt/host/source/src/platform/ec/build/zephyr/eirtae-lcov]   /mnt/host/source/src/platform/ec/build/zephyr/eirtae/build-ro/zephyr/CMakeFiles/zephyr.dir/subsys/shell/modules/kernel_service/kernel_shell.c.gcno:no functions found
[/mnt/host/source/src/platform/ec/build/zephyr/eirtae-lcov] stderr:
[brox-sku4:rw] -- Configuring done (15.6s)
[craask:rw] -- Generating component manifest file
[/mnt/host/source/src/platform/ec/build/zephyr/yaviks-lcov]   /mnt/host/source/src/platform/ec/build/zephyr/yaviks/build-rw/modules/ec/zephyr/CMakeFiles/ec_shim.dir/shim/src/keyscan.c.gcno:no functions found
[/mnt/host/source/src/platform/ec/build/zephyr/yaviks-lcov] stderr:
[dooku:rw] [45/347] Building C object CMakeFiles/app.dir/mnt/host/source/src/platform/ec/build/zephyr/dooku/modules/ec/common/cbi_common.c.obj
[craask:ro] -- Generating component manifest file
[/mnt/host/source/src/platform/ec/build/zephyr/eirtae-lcov]   /mnt/host/source/src/platform/ec/build/zephyr/eirtae/build-ro/zephyr/CMakeFiles/zephyr.dir/lib/libc/validate_libc.c.gcno:no functions found
[/mnt/host/source/src/platform/ec/build/zephyr/eirtae-lcov] stderr:
[dooku:ro] [38/347] Building C object CMakeFiles/app.dir/mnt/host/source/src/platform/ec/build/zephyr/dooku/modules/ec/common/adc.c.obj
[craask:rw] INFO: Running CME, outputting to /mnt/host/source/src/platform/ec/build/zephyr/craask/build-rw/zephyr/component_manifest.json
[craask:rw] INFO: Component virtual-mux-0(cros-ec,usbc-mux-virtual) not on I2C bus, skip it
[craask:rw] INFO: Component virtual-mux-1(cros-ec,usbc-mux-virtual) not on I2C bus, skip it
[craask:rw] INFO: Component virtual-mux-1(cros-ec,usbc-mux-virtual) not on I2C bus, skip it
[dooku:rw] [46/347] Building C object CMakeFiles/app.dir/mnt/host/source/src/platform/ec/build/zephyr/dooku/modules/ec/common/charge_state.c.obj
[dooku:ro] [39/347] Building C object CMakeFiles/app.dir/mnt/host/source/src/platform/ec/build/zephyr/dooku/modules/ec/common/battery.c.obj
[dooku:ro] [40/347] Building C object CMakeFiles/app.dir/mnt/host/source/src/platform/ec/build/zephyr/dooku/modules/ec/common/battery_info.c.obj
[craask:ro] INFO: Running CME, outputting to /mnt/host/source/src/platform/ec/build/zephyr/craask/build-ro/zephyr/component_manifest.json
[craask:ro] INFO: Component virtual-mux-0(cros-ec,usbc-mux-virtual) not on I2C bus, skip it
[craask:ro] INFO: Component virtual-mux-1(cros-ec,usbc-mux-virtual) not on I2C bus, skip it
[craask:ro] INFO: Component virtual-mux-1(cros-ec,usbc-mux-virtual) not on I2C bus, skip it
[brox-sku4:rw] -- Generating done (0.4s)
[brox-sku4:rw] CMake Warning:
[brox-sku4:rw] -- Build files have been written to: /mnt/host/source/src/platform/ec/build/zephyr/brox-sku4/build-rw
[dooku:rw] [47/347] Building C object CMakeFiles/app.dir/mnt/host/source/src/platform/ec/build/zephyr/dooku/modules/ec/common/charge_manager.c.obj
[brox-sku4:ro] -- Generating done (0.6s)
[brox-sku4:ro] CMake Warning:
[brox-sku4:ro]   Manually-specified variables were not used by the project:
[brox-sku4:ro]     COREBOOT_SDK_ROOT_arm
[brox-sku4:ro]     COREBOOT_SDK_ROOT_libstdcxx_arm
[brox-sku4:ro] -- Build files have been written to: /mnt/host/source/src/platform/ec/build/zephyr/brox-sku4/build-ro
[brox-sku4:ro]     COREBOOT_SDK_ROOT_libstdcxx_x86
[brox-sku4:ro]     COREBOOT_SDK_ROOT_nds32
[brox-sku4:ro]     COREBOOT_SDK_ROOT_picolibc_arm
[brox-sku4:ro]     COREBOOT_SDK_ROOT_picolibc_x86
[craask:rw] -- warning_base_override: -Wall;-Wformat;-Wformat-security;-Wformat;-Wno-format-zero-length;-Wno-pointer-sign;-Wpointer-arith;-Wexpansion-to-defined
[craask:ro] -- warning_base_override: -Wall;-Wformat;-Wformat-security;-Wformat;-Wno-format-zero-length;-Wno-pointer-sign;-Wpointer-arith;-Wexpansion-to-defined
[brox-sku4:rw]   Manually-specified variables were not used by the project:
[brox-sku4:rw]     COREBOOT_SDK_ROOT_arm
[brox-sku4:rw]     COREBOOT_SDK_ROOT_libstdcxx_arm
[brox-sku4:rw]     COREBOOT_SDK_ROOT_libstdcxx_x86
[brox-sku4:rw]     COREBOOT_SDK_ROOT_nds32
[brox-sku4:rw]     COREBOOT_SDK_ROOT_picolibc_arm
[brox-sku4:rw]     COREBOOT_SDK_ROOT_picolibc_x86
[brox-sku4:rw]     COREBOOT_SDK_ROOT_riscv
[brox-sku4:rw]     COREBOOT_SDK_ROOT_x86
[brox-sku4:ro]     COREBOOT_SDK_ROOT_riscv
[brox-sku4:ro]     COREBOOT_SDK_ROOT_x86
[dooku:rw] [48/347] Building C object CMakeFiles/app.dir/mnt/host/source/src/platform/ec/build/zephyr/dooku/modules/ec/common/cbi.c.obj
[dooku:rw] [49/347] Building C object CMakeFiles/app.dir/mnt/host/source/src/platform/ec/build/zephyr/dooku/modules/ec/common/cbi_config.c.obj
[craask:rw] -- Found gen_kobject_list: /mnt/host/source/src/third_party/zephyr/main/scripts/build/gen_kobject_list.py
[dooku:ro] [41/347] Building C object CMakeFiles/app.dir/mnt/host/source/src/platform/ec/build/zephyr/dooku/modules/ec/common/battery_fuel_gauge.c.obj
[craask:ro] -- Found gen_kobject_list: /mnt/host/source/src/third_party/zephyr/main/scripts/build/gen_kobject_list.py
[dooku:rw] [50/347] Building C object CMakeFiles/app.dir/mnt/host/source/src/platform/ec/build/zephyr/dooku/modules/ec/common/memory_commands.c.obj
[craask:rw] -- Configuring done (16.6s)
[dooku:ro] [42/347] Building C object CMakeFiles/app.dir/mnt/host/source/src/platform/ec/build/zephyr/dooku/modules/ec/driver/battery/smart.c.obj
[dooku:rw] [51/347] Building C object CMakeFiles/app.dir/mnt/host/source/src/platform/ec/build/zephyr/dooku/modules/ec/common/chipset.c.obj
[craask:ro] -- Configuring done (16.9s)
[/mnt/host/source/src/platform/ec/build/zephyr/eirtae-lcov]   /mnt/host/source/src/platform/ec/build/zephyr/eirtae/build-ro/zephyr/CMakeFiles/zephyr.dir/lib/utils/last_section_id.c.gcno:no functions found
[/mnt/host/source/src/platform/ec/build/zephyr/eirtae-lcov] stderr:
[dooku:ro] [43/347] Building C object CMakeFiles/app.dir/mnt/host/source/src/platform/ec/build/zephyr/dooku/modules/ec/driver/charger/bq25710.c.obj
[dooku:ro] [44/347] Building C object CMakeFiles/app.dir/mnt/host/source/src/platform/ec/build/zephyr/dooku/modules/ec/common/charger.c.obj
[dooku:rw] [52/347] Building C object CMakeFiles/app.dir/mnt/host/source/src/platform/ec/build/zephyr/dooku/modules/ec/common/ap_reset_log.c.obj
[craask:rw] -- Generating done (0.5s)
[craask:rw] CMake Warning:
[craask:rw] -- Build files have been written to: /mnt/host/source/src/platform/ec/build/zephyr/craask/build-rw
[dooku:rw] [53/347] Building C object CMakeFiles/app.dir/mnt/host/source/src/platform/ec/build/zephyr/dooku/modules/ec/common/extpower_common.c.obj
[ruby-ish:singleimage] -- Found gen_kobject_list: /mnt/host/source/src/third_party/zephyr/main/scripts/build/gen_kobject_list.py
[dooku:rw] [54/347] Building C object CMakeFiles/app.dir/mnt/host/source/src/platform/ec/build/zephyr/dooku/modules/ec/common/extpower_gpio.c.obj
[ruby-ish:singleimage] CMake Warning at /mnt/host/source/src/third_party/zephyr/main/CMakeLists.txt:1134 (message):
[ruby-ish:singleimage]   No SOURCES given to Zephyr library: drivers__syscon
[ruby-ish:singleimage]   Excluding target from build.
[ruby-ish:singleimage] CMake Warning at /mnt/host/source/src/third_party/zephyr/main/cmake/emu/simics.cmake:14 (message):
[ruby-ish:singleimage]   Simics simulator environment is not found at SIMICS_PROJECT:''
[ruby-ish:singleimage] Call Stack (most recent call first):
[ruby-ish:singleimage]   /mnt/host/source/src/third_party/zephyr/main/CMakeLists.txt:2336 (include)
[ruby-ish:singleimage] CMake Warning at /mnt/host/source/src/third_party/zephyr/main/CMakeLists.txt:2359 (message):
[ruby-ish:singleimage]   __ASSERT() statements are globally ENABLED
[craask:ro] -- Generating done (0.5s)
[craask:ro] CMake Warning:
[craask:ro] -- Build files have been written to: /mnt/host/source/src/platform/ec/build/zephyr/craask/build-ro
[craask:rw]   Manually-specified variables were not used by the project:
[craask:rw]     COREBOOT_SDK_ROOT_libstdcxx_riscv64
[craask:rw]     COREBOOT_SDK_ROOT_libstdcxx_x86
[craask:rw]     COREBOOT_SDK_ROOT_nds32
[craask:rw]     COREBOOT_SDK_ROOT_picolibc_riscv64
[craask:rw]     COREBOOT_SDK_ROOT_picolibc_x86
[craask:rw]     COREBOOT_SDK_ROOT_riscv
[craask:rw]     COREBOOT_SDK_ROOT_riscv64
[craask:rw]     COREBOOT_SDK_ROOT_x86
[dooku:ro] [45/347] Building C object CMakeFiles/app.dir/mnt/host/source/src/platform/ec/build/zephyr/dooku/modules/ec/common/cbi_common.c.obj
[ruby-ish:singleimage] -- Configuring done (17.0s)
[craask:ro]   Manually-specified variables were not used by the project:
[craask:ro]     COREBOOT_SDK_ROOT_libstdcxx_riscv64
[craask:ro]     COREBOOT_SDK_ROOT_libstdcxx_x86
[craask:ro]     COREBOOT_SDK_ROOT_nds32
[craask:ro]     COREBOOT_SDK_ROOT_picolibc_riscv64
[craask:ro]     COREBOOT_SDK_ROOT_picolibc_x86
[craask:ro]     COREBOOT_SDK_ROOT_riscv
[craask:ro]     COREBOOT_SDK_ROOT_riscv64
[craask:ro]     COREBOOT_SDK_ROOT_x86
[dooku:ro] [46/347] Building C object CMakeFiles/app.dir/mnt/host/source/src/platform/ec/build/zephyr/dooku/modules/ec/common/charge_state.c.obj
[dooku:rw] [55/347] Building C object CMakeFiles/app.dir/mnt/host/source/src/platform/ec/build/zephyr/dooku/modules/ec/common/flash.c.obj
[dooku:rw] [56/347] Building C object CMakeFiles/app.dir/mnt/host/source/src/platform/ec/build/zephyr/dooku/modules/ec/common/host_command.c.obj
[dooku:ro] [47/347] Building C object CMakeFiles/app.dir/mnt/host/source/src/platform/ec/build/zephyr/dooku/modules/ec/common/cbi_config.c.obj
[dooku:ro] [48/347] Building C object CMakeFiles/app.dir/mnt/host/source/src/platform/ec/build/zephyr/dooku/modules/ec/common/charge_manager.c.obj
[dooku:ro] [49/347] Building C object CMakeFiles/app.dir/mnt/host/source/src/platform/ec/build/zephyr/dooku/modules/ec/common/cbi.c.obj
[dooku:rw] [57/347] Building C object CMakeFiles/app.dir/mnt/host/source/src/platform/ec/build/zephyr/dooku/modules/ec/common/uart_hostcmd.c.obj
[dooku:rw] [58/347] Building C object CMakeFiles/app.dir/mnt/host/source/src/platform/ec/build/zephyr/dooku/modules/ec/common/host_event_commands.c.obj
[dooku:ro] [50/347] Building C object CMakeFiles/app.dir/mnt/host/source/src/platform/ec/build/zephyr/dooku/modules/ec/common/memory_commands.c.obj
[dooku:ro] [51/347] Building C object CMakeFiles/app.dir/mnt/host/source/src/platform/ec/build/zephyr/dooku/modules/ec/common/chipset.c.obj
[dooku:ro] [52/347] Building C object CMakeFiles/app.dir/mnt/host/source/src/platform/ec/build/zephyr/dooku/modules/ec/common/extpower_common.c.obj
[dooku:ro] [53/347] Building C object CMakeFiles/app.dir/mnt/host/source/src/platform/ec/build/zephyr/dooku/modules/ec/common/ap_reset_log.c.obj
[dooku:ro] [54/347] Building C object CMakeFiles/app.dir/mnt/host/source/src/platform/ec/build/zephyr/dooku/modules/ec/common/extpower_gpio.c.obj
[dooku:rw] [59/347] Building C object CMakeFiles/app.dir/mnt/host/source/src/platform/ec/build/zephyr/dooku/modules/ec/common/uptime.c.obj
[dooku:rw] [60/347] Building C object CMakeFiles/app.dir/mnt/host/source/src/platform/ec/build/zephyr/dooku/modules/ec/common/i2c_passthru.c.obj
[dooku:rw] [61/347] Building C object CMakeFiles/app.dir/mnt/host/source/src/platform/ec/build/zephyr/dooku/modules/ec/common/i2c_controller.c.obj
[/mnt/host/source/src/platform/ec/build/zephyr/yaviks-lcov]   /mnt/host/source/src/platform/ec/build/zephyr/yaviks/build-rw/modules/ec/zephyr/CMakeFiles/ec_shim.dir/shim/src/bc12.c.gcno:no functions found
[/mnt/host/source/src/platform/ec/build/zephyr/yaviks-lcov] stderr:
[dooku:rw] [62/347] Building C object CMakeFiles/app.dir/mnt/host/source/src/platform/ec/build/zephyr/dooku/modules/ec/common/virtual_battery.c.obj
[dooku:ro] [55/347] Building C object CMakeFiles/app.dir/mnt/host/source/src/platform/ec/build/zephyr/dooku/modules/ec/common/flash.c.obj
[dooku:rw] [63/347] Building C object CMakeFiles/app.dir/mnt/host/source/src/platform/ec/build/zephyr/dooku/modules/ec/common/mkbp_fifo.c.obj
[dooku:ro] [56/347] Building C object CMakeFiles/app.dir/mnt/host/source/src/platform/ec/build/zephyr/dooku/modules/ec/common/host_command.c.obj
[dooku:ro] [57/347] Building C object CMakeFiles/app.dir/mnt/host/source/src/platform/ec/build/zephyr/dooku/modules/ec/common/uart_hostcmd.c.obj
[dooku:ro] [58/347] Building C object CMakeFiles/app.dir/mnt/host/source/src/platform/ec/build/zephyr/dooku/modules/ec/common/host_event_commands.c.obj
[dooku:rw] [64/347] Building C object CMakeFiles/app.dir/mnt/host/source/src/platform/ec/build/zephyr/dooku/modules/ec/common/keyboard_scan.c.obj
[dooku:ro] [59/347] Building C object CMakeFiles/app.dir/mnt/host/source/src/platform/ec/build/zephyr/dooku/modules/ec/common/uptime.c.obj
[dooku:rw] [65/347] Building C object CMakeFiles/app.dir/mnt/host/source/src/platform/ec/build/zephyr/dooku/modules/ec/common/mkbp_info.c.obj
[dooku:ro] [60/347] Building C object CMakeFiles/app.dir/mnt/host/source/src/platform/ec/build/zephyr/dooku/modules/ec/common/i2c_passthru.c.obj
[dooku:rw] [66/347] Building C object CMakeFiles/app.dir/mnt/host/source/src/platform/ec/build/zephyr/dooku/modules/ec/common/keyboard_mkbp.c.obj
[dooku:ro] [61/347] Building C object CMakeFiles/app.dir/mnt/host/source/src/platform/ec/build/zephyr/dooku/modules/ec/common/i2c_controller.c.obj
[dooku:rw] [67/347] Building C object CMakeFiles/app.dir/mnt/host/source/src/platform/ec/build/zephyr/dooku/modules/ec/common/mkbp_input_devices.c.obj
[dooku:rw] [68/347] Building C object CMakeFiles/app.dir/mnt/host/source/src/platform/ec/build/zephyr/dooku/modules/ec/common/keyboard_backlight.c.obj
[dooku:ro] [62/347] Building C object CMakeFiles/app.dir/mnt/host/source/src/platform/ec/build/zephyr/dooku/modules/ec/common/virtual_battery.c.obj
[dooku:ro] [63/347] Building C object CMakeFiles/app.dir/mnt/host/source/src/platform/ec/build/zephyr/dooku/modules/ec/common/mkbp_fifo.c.obj
[dooku:ro] [64/347] Building C object CMakeFiles/app.dir/mnt/host/source/src/platform/ec/build/zephyr/dooku/modules/ec/common/mkbp_info.c.obj
[dooku:rw] [69/347] Building C object CMakeFiles/app.dir/mnt/host/source/src/platform/ec/build/zephyr/dooku/modules/ec/common/led_common.c.obj
[dooku:ro] [65/347] Building C object CMakeFiles/app.dir/mnt/host/source/src/platform/ec/build/zephyr/dooku/modules/ec/common/keyboard_scan.c.obj
[dooku:ro] [66/347] Building C object CMakeFiles/app.dir/mnt/host/source/src/platform/ec/build/zephyr/dooku/modules/ec/common/keyboard_mkbp.c.obj
[dooku:ro] [67/347] Building C object CMakeFiles/app.dir/mnt/host/source/src/platform/ec/build/zephyr/dooku/modules/ec/common/mkbp_input_devices.c.obj
[dooku:ro] [68/347] Building C object CMakeFiles/app.dir/mnt/host/source/src/platform/ec/build/zephyr/dooku/modules/ec/common/keyboard_backlight.c.obj
[dooku:rw] [70/347] Building C object CMakeFiles/app.dir/mnt/host/source/src/platform/ec/build/zephyr/dooku/modules/ec/common/lid_switch.c.obj
[dooku:rw] [71/347] Building C object CMakeFiles/app.dir/mnt/host/source/src/platform/ec/build/zephyr/dooku/modules/ec/common/power_button.c.obj
[dooku:rw] [72/347] Building C object CMakeFiles/app.dir/mnt/host/source/src/platform/ec/build/zephyr/dooku/modules/ec/common/mkbp_event.c.obj
[dooku:ro] [69/347] Building C object CMakeFiles/app.dir/mnt/host/source/src/platform/ec/build/zephyr/dooku/modules/ec/common/led_common.c.obj
[dooku:ro] [70/347] Building C object CMakeFiles/app.dir/mnt/host/source/src/platform/ec/build/zephyr/dooku/modules/ec/common/lid_switch.c.obj
[dooku:rw] [73/347] Building C object CMakeFiles/app.dir/mnt/host/source/src/platform/ec/build/zephyr/dooku/modules/ec/power/common.c.obj
[dooku:ro] [71/347] Building C object CMakeFiles/app.dir/mnt/host/source/src/platform/ec/build/zephyr/dooku/modules/ec/common/power_button.c.obj
[/mnt/host/source/src/platform/ec/build/zephyr/frostflow-lcov]   /mnt/host/source/src/platform/ec/build/zephyr/frostflow/build-ro/CMakeFiles/app.dir/mnt/host/source/src/platform/ec/build/zephyr/frostflow/modules/ec/common/chargen.c.gcno:no functions found
[/mnt/host/source/src/platform/ec/build/zephyr/frostflow-lcov] stderr:
[dooku:ro] [72/347] Building C object CMakeFiles/app.dir/mnt/host/source/src/platform/ec/build/zephyr/dooku/modules/ec/common/mkbp_event.c.obj
[dooku:rw] [74/347] Building C object CMakeFiles/app.dir/mnt/host/source/src/platform/ec/build/zephyr/dooku/modules/ec/power/host_sleep.c.obj
[dooku:ro] [73/347] Building C object CMakeFiles/app.dir/mnt/host/source/src/platform/ec/build/zephyr/dooku/modules/ec/power/common.c.obj
[dooku:ro] [74/347] Building C object CMakeFiles/app.dir/mnt/host/source/src/platform/ec/build/zephyr/dooku/modules/ec/power/host_sleep.c.obj
[dooku:ro] [75/347] Building C object CMakeFiles/app.dir/mnt/host/source/src/platform/ec/build/zephyr/dooku/modules/ec/power/mt8186.c.obj
[dooku:rw] [75/347] Building C object CMakeFiles/app.dir/mnt/host/source/src/platform/ec/build/zephyr/dooku/modules/ec/power/mt8186.c.obj
[dooku:rw] [76/347] Building C object CMakeFiles/app.dir/mnt/host/source/src/platform/ec/build/zephyr/dooku/modules/ec/common/shared_mem.c.obj
[dooku:rw] [77/347] Building C object CMakeFiles/app.dir/mnt/host/source/src/platform/ec/build/zephyr/dooku/modules/ec/common/panic_output.c.obj
[dooku:ro] [76/347] Building C object CMakeFiles/app.dir/mnt/host/source/src/platform/ec/build/zephyr/dooku/modules/ec/common/panic_output.c.obj
[dooku:ro] [77/347] Building C object CMakeFiles/app.dir/mnt/host/source/src/platform/ec/build/zephyr/dooku/modules/ec/common/shared_mem.c.obj
[dooku:rw] [78/347] Building C object CMakeFiles/app.dir/mnt/host/source/src/platform/ec/build/zephyr/dooku/modules/ec/common/switch.c.obj
[dooku:ro] [78/347] Building C object CMakeFiles/app.dir/mnt/host/source/src/platform/ec/build/zephyr/dooku/modules/ec/common/switch.c.obj
[dooku:ro] [79/347] Building C object CMakeFiles/app.dir/mnt/host/source/src/platform/ec/build/zephyr/dooku/modules/ec/common/thermal.c.obj
[dooku:ro] [80/347] Building C object CMakeFiles/app.dir/mnt/host/source/src/platform/ec/build/zephyr/dooku/modules/ec/driver/temp_sensor/thermistor.c.obj
[dooku:ro] [81/347] Building C object CMakeFiles/app.dir/mnt/host/source/src/platform/ec/build/zephyr/dooku/modules/ec/common/temp_sensor.c.obj
[dooku:rw] [79/347] Building C object CMakeFiles/app.dir/mnt/host/source/src/platform/ec/build/zephyr/dooku/modules/ec/common/thermal.c.obj
[dooku:ro] [82/347] Building C object CMakeFiles/app.dir/mnt/host/source/src/platform/ec/build/zephyr/dooku/modules/ec/common/timer.c.obj
[dooku:rw] [80/347] Building C object CMakeFiles/app.dir/mnt/host/source/src/platform/ec/build/zephyr/dooku/modules/ec/driver/temp_sensor/thermistor.c.obj
[dooku:rw] [81/347] Building C object CMakeFiles/app.dir/mnt/host/source/src/platform/ec/build/zephyr/dooku/modules/ec/common/timer.c.obj
[dooku:rw] [82/347] Building C object CMakeFiles/app.dir/mnt/host/source/src/platform/ec/build/zephyr/dooku/modules/ec/common/temp_sensor.c.obj
[dooku:ro] [83/347] Building C object CMakeFiles/app.dir/mnt/host/source/src/platform/ec/build/zephyr/dooku/modules/ec/common/usb_port_power_dumb.c.obj
[dooku:rw] [83/347] Building C object CMakeFiles/app.dir/mnt/host/source/src/platform/ec/build/zephyr/dooku/modules/ec/common/usb_port_power_dumb.c.obj
[dooku:ro] [84/347] Building C object CMakeFiles/app.dir/mnt/host/source/src/platform/ec/build/zephyr/dooku/modules/ec/common/usbc_utils.c.obj
[dooku:ro] [85/347] Building C object CMakeFiles/app.dir/mnt/host/source/src/platform/ec/build/zephyr/dooku/modules/ec/common/usb_common.c.obj
[dooku:ro] [86/347] Building C object CMakeFiles/app.dir/mnt/host/source/src/platform/ec/build/zephyr/dooku/modules/ec/common/chargen.c.obj
[dooku:rw] [84/347] Building C object CMakeFiles/app.dir/mnt/host/source/src/platform/ec/build/zephyr/dooku/modules/ec/common/usbc_utils.c.obj
[dooku:ro] [87/347] Building C object CMakeFiles/app.dir/mnt/host/source/src/platform/ec/build/zephyr/dooku/modules/ec/common/vboot_hash.c.obj
[dooku:rw] [85/347] Building C object CMakeFiles/app.dir/mnt/host/source/src/platform/ec/build/zephyr/dooku/modules/ec/common/chargen.c.obj
[dooku:ro] [88/347] Building C object CMakeFiles/app.dir/mnt/host/source/src/platform/ec/build/zephyr/dooku/modules/ec/common/vboot/efs2.c.obj
[dooku:ro] [89/347] Building C object CMakeFiles/app.dir/mnt/host/source/src/platform/ec/build/zephyr/dooku/modules/ec/common/button.c.obj
[dooku:ro] [90/347] Building C object CMakeFiles/app.dir/mnt/host/source/src/platform/ec/build/zephyr/dooku/modules/ec/common/usb_pd_host_cmd_common.c.obj
[dooku:rw] [86/347] Building C object CMakeFiles/app.dir/mnt/host/source/src/platform/ec/build/zephyr/dooku/modules/ec/common/usb_common.c.obj
[dooku:ro] [91/347] Building C object CMakeFiles/app.dir/mnt/host/source/src/platform/ec/build/zephyr/dooku/modules/ec/common/vstore.c.obj
[dooku:rw] [87/347] Building C object CMakeFiles/app.dir/mnt/host/source/src/platform/ec/build/zephyr/dooku/modules/ec/common/usb_pd_host_cmd_common.c.obj
[dooku:rw] [88/347] Building C object CMakeFiles/app.dir/mnt/host/source/src/platform/ec/build/zephyr/dooku/modules/ec/common/vboot_hash.c.obj
[dooku:ro] [92/347] Building C object CMakeFiles/app.dir/mnt/host/source/src/platform/ec/build/zephyr/dooku/modules/ec/common/math_util.c.obj
[dooku:ro] [93/347] Building C object CMakeFiles/app.dir/mnt/host/source/src/platform/ec/build/zephyr/dooku/modules/ec/zephyr/program/skywalker/src/i2c.c.obj
[ruby-ish:singleimage] -- Generating done (6.5s)
[ruby-ish:singleimage] CMake Warning:
[ruby-ish:singleimage]   Manually-specified variables were not used by the project:
[ruby-ish:singleimage]     COREBOOT_SDK_ROOT_arm
[ruby-ish:singleimage]     COREBOOT_SDK_ROOT_libstdcxx_arm
[ruby-ish:singleimage]     COREBOOT_SDK_ROOT_libstdcxx_riscv64
[ruby-ish:singleimage]     COREBOOT_SDK_ROOT_nds32
[ruby-ish:singleimage]     COREBOOT_SDK_ROOT_picolibc_arm
[ruby-ish:singleimage]     COREBOOT_SDK_ROOT_picolibc_riscv64
[ruby-ish:singleimage]     COREBOOT_SDK_ROOT_riscv
[ruby-ish:singleimage]     COREBOOT_SDK_ROOT_riscv64
[ruby-ish:singleimage]     PW_ROOT
[ruby-ish:singleimage] -- Build files have been written to: /mnt/host/source/src/platform/ec/build/zephyr/ruby-ish/build-singleimage
[dooku:ro] [94/347] Building C object CMakeFiles/app.dir/mnt/host/source/src/platform/ec/build/zephyr/dooku/modules/ec/zephyr/program/skywalker/src/hibernate.c.obj
[dooku:ro] [95/347] Building C object CMakeFiles/app.dir/mnt/host/source/src/platform/ec/build/zephyr/dooku/modules/ec/zephyr/program/skywalker/src/pmic_resetb_irq.c.obj
[dooku:rw] [89/347] Building C object CMakeFiles/app.dir/mnt/host/source/src/platform/ec/build/zephyr/dooku/modules/ec/common/vboot/efs2.c.obj
[dooku:rw] [90/347] Building C object CMakeFiles/app.dir/mnt/host/source/src/platform/ec/build/zephyr/dooku/modules/ec/common/button.c.obj
[dooku:ro] [96/347] Building C object CMakeFiles/app.dir/mnt/host/source/src/platform/ec/build/zephyr/dooku/modules/ec/zephyr/program/skywalker/src/backlight.c.obj
[dooku:ro] [97/347] Building C object CMakeFiles/app.dir/mnt/host/source/src/platform/ec/build/zephyr/dooku/modules/ec/zephyr/program/skywalker/src/hooks.c.obj
[dooku:rw] [91/347] Building C object CMakeFiles/app.dir/mnt/host/source/src/platform/ec/build/zephyr/dooku/modules/ec/common/vstore.c.obj
[dooku:ro] [98/347] Building C object CMakeFiles/app.dir/dooku/src/charger.c.obj
[dooku:rw] [92/347] Building C object CMakeFiles/app.dir/mnt/host/source/src/platform/ec/build/zephyr/dooku/modules/ec/common/math_util.c.obj
[dooku:ro] [99/347] Building C object CMakeFiles/app.dir/dooku/src/keyboard.c.obj
[dooku:rw] [93/347] Building C object CMakeFiles/app.dir/mnt/host/source/src/platform/ec/build/zephyr/dooku/modules/ec/zephyr/program/skywalker/src/i2c.c.obj
[brox-sku4:rw] Building: /usr/bin/ninja -C /mnt/host/source/src/platform/ec/build/zephyr/brox-sku4/build-rw all.libraries
Running `env -i SHELL=/bin/bash COLORTERM=truecolor DEPOT_TOOLS_UPDATE=0 LESS='-R -M --shift 5' SUDO_GID=0 JDK_HOME=/etc/java-config-2/current-system-vm CONFIG_PROTECT_MASK='/etc/gentoo-release /etc/sandbox.d /etc/fonts/fonts.conf /etc/terminfo /etc/ca-certificates.conf /etc/revdep-rebuild' CHROMEOS_CACHEDIR=/var/cache/chromeos-cache JAVA_HOME=/etc/java-config-2/current-system-vm SSH_AUTH_SOCK=/tmp/ssh-auth-sock SUDO_COMMAND=/bin/bash SUDO_USER=root SUDO_TTY=/dev/pts/2 EDITOR=/usr/bin/vi PWD=/mnt/host/source/src/platform/ec CONFIG_PROTECT=/usr/share/gnupg/qualified.txt LOGNAME=jpmurphy MANPATH=/etc/java-config-2/current-system-vm/man:/usr/local/share/man:/usr/share/man:/usr/share/gcc-data/x86_64-pc-linux-gnu/10.2.0/man:/usr/share/binutils-data/x86_64-pc-linux-gnu/2.45/man:/etc/java-config-2/current-system-vm/man/ SUDO_HOME=/root XAUTHORITY=/run/user/944457/gdm/Xauthority HOME=/home/jpmurphy LANG=C.UTF-8 LS_COLORS='rs=0:di=01;34:ln=01;36:mh=00:pi=40;33:so=01;35:do=01;35:bd=40;33;01:cd=40;33;01:or=01;05;37;41:mi=01;05;37;41:su=37;41:sg=30;43:ca=30;41:tw=30;42:ow=34;42:st=37;44:ex=01;32:*.tar=01;31:*.tgz=01;31:*.arc=01;31:*.arj=01;31:*.taz=01;31:*.lha=01;31:*.lz4=01;31:*.lzh=01;31:*.lzma=01;31:*.tlz=01;31:*.txz=01;31:*.tzo=01;31:*.t7z=01;31:*.zip=01;31:*.z=01;31:*.dz=01;31:*.gz=01;31:*.lrz=01;31:*.lz=01;31:*.lzo=01;31:*.xz=01;31:*.zst=01;31:*.tzst=01;31:*.bz2=01;31:*.bz=01;31:*.tbz=01;31:*.tbz2=01;31:*.tz=01;31:*.deb=01;31:*.rpm=01;31:*.jar=01;31:*.war=01;31:*.ear=01;31:*.sar=01;31:*.rar=01;31:*.alz=01;31:*.ace=01;31:*.zoo=01;31:*.cpio=01;31:*.7z=01;31:*.rz=01;31:*.cab=01;31:*.wim=01;31:*.swm=01;31:*.dwm=01;31:*.esd=01;31:*.jpg=01;35:*.jpeg=01;35:*.mjpg=01;35:*.mjpeg=01;35:*.gif=01;35:*.bmp=01;35:*.pbm=01;35:*.pgm=01;35:*.ppm=01;35:*.tga=01;35:*.xbm=01;35:*.xpm=01;35:*.tif=01;35:*.tiff=01;35:*.png=01;35:*.svg=01;35:*.svgz=01;35:*.mng=01;35:*.pcx=01;35:*.mov=01;35:*.mpg=01;35:*.mpeg=01;35:*.m2v=01;35:*.mkv=01;35:*.webm=01;35:*.webp=01;35:*.ogm=01;35:*.mp4=01;35:*.m4v=01;35:*.mp4v=01;35:*.vob=01;35:*.qt=01;35:*.nuv=01;35:*.wmv=01;35:*.asf=01;35:*.rm=01;35:*.rmvb=01;35:*.flc=01;35:*.avi=01;35:*.fli=01;35:*.flv=01;35:*.gl=01;35:*.dl=01;35:*.xcf=01;35:*.xwd=01;35:*.yuv=01;35:*.cgm=01;35:*.emf=01;35:*.ogv=01;35:*.ogx=01;35:*.cfg=00;32:*.conf=00;32:*.diff=00;32:*.doc=00;32:*.ini=00;32:*.log=00;32:*.patch=00;32:*.pdf=00;32:*.ps=00;32:*.tex=00;32:*.txt=00;32:*.aac=00;36:*.au=00;36:*.flac=00;36:*.m4a=00;36:*.mid=00;36:*.midi=00;36:*.mka=00;36:*.mp3=00;36:*.mpc=00;36:*.ogg=00;36:*.ra=00;36:*.wav=00;36:*.oga=00;36:*.opus=00;36:*.spx=00;36:*.xspf=00;36:' XDG_CURRENT_DESKTOP=GNOME INFOPATH=/usr/share/info:/usr/share/gcc-data/x86_64-pc-linux-gnu/10.2.0/info:/usr/share/binutils-data/x86_64-pc-linux-gnu/2.45/info:/usr/share/automake-1.16.5/info JAVAC=/etc/java-config-2/current-system-vm/bin/javac TERM=xterm-256color LESSOPEN='|lesspipe %s' USER=jpmurphy CROS_WORKON_SRCROOT=/mnt/host/source MANPAGER=manpager DISPLAY=:1 SHLVL=1 LC_MESSAGES=C EXTERNAL_TRUNK_PATH=/mnt/8f9d649a-3721-44cc-93c0-e6bd21a9689f/chromiumos GCC_SPECS='' PATH=/mnt/host/source/chromite/bin:/usr/local/bin:/usr/bin:/bin:/opt/bin:/mnt/host/source/chromite/sdk/bin:/mnt/host/source/chromite/bin PORTAGE_USERNAME=jpmurphy SUDO_UID=0 GCC_VER=10.2.0 MAIL=/var/mail/jpmurphy OLDPWD=/mnt/host/source/src/scripts traceparent=00-e87aca51550a78635907baa6a2476181-6d684811675d2973-01 _=./zephyr/firmware_builder.py COREBOOT_SDK_ROOT_x86=/home/jpmurphy/.cache/coreboot-sdk/i386-elf/dfbb0486385d938cfa9d73080b9d18d598ed4f49 COREBOOT_SDK_ROOT_picolibc_x86=/home/jpmurphy/.cache/coreboot-sdk/picolibc-i386-elf/eb8e8e687b95461de8cbf278f1c2076952d0ad17 COREBOOT_SDK_ROOT_riscv64=/home/jpmurphy/.cache/coreboot-sdk/riscv64-elf/96b949749225b6aaa92ed810ab769e8dfb12f000 COREBOOT_SDK_ROOT_picolibc_arm=/home/jpmurphy/.cache/coreboot-sdk/picolibc-arm-eabi/422a2aa3e1ef891b5bece9a3deb696ff83840d2e COREBOOT_SDK_ROOT_nds32=/home/jpmurphy/.cache/coreboot-sdk/nds32le-elf/d1a518c4a097666d86058e1444f85ca015d15511 COREBOOT_SDK_ROOT_picolibc_riscv64=/home/jpmurphy/.cache/coreboot-sdk/picolibc-riscv64-elf/f571e990ef0278564b31124f8bb109d9a697eb69 COREBOOT_SDK_ROOT_arm=/home/jpmurphy/.cache/coreboot-sdk/arm-eabi/ea40ddd1d190c3b48435c474c0b545719371813a COREBOOT_SDK_ROOT_libstdcxx_riscv64=/home/jpmurphy/.cache/coreboot-sdk/libstdcxx-riscv64-elf/17abf22a3a252e2d5d2062ced5324f7a623689e0 COREBOOT_SDK_ROOT_libstdcxx_arm=/home/jpmurphy/.cache/coreboot-sdk/libstdcxx-arm-eabi/5d7d82e150e44aa1968f1d366e267e6687b328ac COREBOOT_SDK_ROOT_riscv=/home/jpmurphy/.cache/coreboot-sdk/riscv-elf/9a27b9e82341c6e9126624f516ab3f261abb3e73 COREBOOT_SDK_ROOT_libstdcxx_x86=/home/jpmurphy/.cache/coreboot-sdk/libstdcxx-i386-elf/42ef9d2e87a76a37963175d7d428734e65648b87 PYTHONPATH=/mnt/host/source/src/platform/ec/zephyr/zmake PW_PIGWEED_CIPD_INSTALL_DIR=/usr CROSTC_USER_ACKNOWLEDGES_THAT_RISCV_IS_EXPERIMENTAL=1 MAKEFLAGS=' -j16 --jobserver-auth=5,6' /usr/bin/ninja -C /mnt/host/source/src/platform/ec/build/zephyr/brox-sku4/build-rw all.libraries`
[dooku:ro] [100/347] Building C object CMakeFiles/app.dir/dooku/src/dp_alt_mode.c.obj
[brox-sku4:rw] ninja: Entering directory `/mnt/host/source/src/platform/ec/build/zephyr/brox-sku4/build-rw'
[dooku:rw] [94/347] Building C object CMakeFiles/app.dir/mnt/host/source/src/platform/ec/build/zephyr/dooku/modules/ec/zephyr/program/skywalker/src/hibernate.c.obj
[dooku:ro] [101/347] Building C object zephyr/CMakeFiles/zephyr.dir/lib/libc/validate_libc.c.obj
[dooku:ro] [102/347] Building C object CMakeFiles/app.dir/dooku/src/touch_panel.c.obj
[dooku:ro] [103/347] Building C object CMakeFiles/app.dir/dooku/src/led.c.obj
[dooku:rw] [95/347] Building C object CMakeFiles/app.dir/mnt/host/source/src/platform/ec/build/zephyr/dooku/modules/ec/zephyr/program/skywalker/src/backlight.c.obj
[dooku:ro] [104/347] Building C object CMakeFiles/app.dir/dooku/src/thermal.c.obj
[dooku:rw] [96/347] Building C object CMakeFiles/app.dir/mnt/host/source/src/platform/ec/build/zephyr/dooku/modules/ec/zephyr/program/skywalker/src/hooks.c.obj
[dooku:ro] [105/347] Building C object zephyr/CMakeFiles/zephyr.dir/lib/heap/heap.c.obj
[dooku:rw] [97/347] Building C object CMakeFiles/app.dir/mnt/host/source/src/platform/ec/build/zephyr/dooku/modules/ec/zephyr/program/skywalker/src/pmic_resetb_irq.c.obj
[brox-sku4:rw] [1/385] Generating include/generated/zephyr/version.h
[brox-sku4:rw] -- git describe warned: warning: tag 'upstream/v2.7.99' is externally known as 'v2.7.99'
[brox-sku4:rw] -- Zephyr version: 4.3.99 (/mnt/host/source/src/third_party/zephyr/main)
[brox-sku4:rw] [2/385] Preparing syscall dependency handling
[dooku:ro] [106/347] Linking C static library app/libapp.a
[brox-sku4:rw] [3/385] Generating misc/generated/syscalls_subdirs.trigger
[dooku:rw] [98/347] Building C object CMakeFiles/app.dir/dooku/src/charger.c.obj
[dooku:ro] [107/347] Building C object zephyr/CMakeFiles/zephyr.dir/lib/os/cbprintf_packaged.c.obj
[dooku:ro] [108/347] Building C object zephyr/CMakeFiles/zephyr.dir/lib/os/clock.c.obj
[dooku:ro] [109/347] Building C object zephyr/CMakeFiles/zephyr.dir/lib/os/printk.c.obj
[dooku:ro] [110/347] Building C object zephyr/CMakeFiles/zephyr.dir/lib/os/sem.c.obj
[dooku:ro] [111/347] Building C object zephyr/CMakeFiles/zephyr.dir/lib/os/thread_entry.c.obj
[dooku:ro] [112/347] Building C object zephyr/CMakeFiles/zephyr.dir/lib/os/cbprintf_nano.c.obj
[dooku:ro] [113/347] Building C object zephyr/CMakeFiles/zephyr.dir/lib/utils/dec.c.obj
[dooku:rw] [99/347] Building C object CMakeFiles/app.dir/dooku/src/dp_alt_mode.c.obj
[dooku:ro] [114/347] Building C object zephyr/CMakeFiles/zephyr.dir/lib/utils/hex.c.obj
[/mnt/host/source/src/platform/ec/build/zephyr/frostflow-lcov]   /mnt/host/source/src/platform/ec/build/zephyr/frostflow/build-ro/CMakeFiles/app.dir/mnt/host/source/src/platform/ec/build/zephyr/frostflow/modules/ec/common/cbi_config.c.gcno:no functions found
[/mnt/host/source/src/platform/ec/build/zephyr/frostflow-lcov] stderr:
[dooku:ro] [115/347] Building C object zephyr/CMakeFiles/zephyr.dir/lib/os/cbprintf.c.obj
[dooku:rw] [100/347] Building C object CMakeFiles/app.dir/dooku/src/keyboard.c.obj
[dooku:ro] [116/347] Building C object zephyr/CMakeFiles/zephyr.dir/lib/os/assert.c.obj
[dooku:rw] [101/347] Building C object CMakeFiles/app.dir/dooku/src/thermal.c.obj
[dooku:ro] [117/347] Building C object zephyr/CMakeFiles/zephyr.dir/lib/utils/bitmask.c.obj
[dooku:ro] [118/347] Building C object zephyr/CMakeFiles/zephyr.dir/lib/utils/timeutil.c.obj
[dooku:rw] [102/347] Building C object CMakeFiles/app.dir/dooku/src/touch_panel.c.obj
[dooku:ro] [119/347] Building C object zephyr/CMakeFiles/zephyr.dir/lib/utils/last_section_id.c.obj
[dooku:ro] [120/347] Building C object zephyr/CMakeFiles/zephyr.dir/lib/utils/rb.c.obj
[brox-sku4:rw] [4/385] Generating misc/generated/syscalls.json, misc/generated/struct_tags.json
[dooku:rw] [103/347] Building C object CMakeFiles/app.dir/dooku/src/led.c.obj
[dooku:ro] [121/347] Building C object zephyr/CMakeFiles/zephyr.dir/lib/utils/ring_buffer.c.obj
[dooku:rw] [104/347] Building C object zephyr/CMakeFiles/zephyr.dir/lib/libc/validate_libc.c.obj
[brox-sku4:rw] [5/385] Generating include/generated/zephyr/syscall_dispatch.c, include/generated/zephyr/syscall_exports_llext.c, syscall_weakdefs_llext.c, include/generated/zephyr/syscall_list.h
[dooku:ro] [122/347] Building ASM object zephyr/CMakeFiles/zephyr.dir/soc/ite/ec/common/soc_irq.S.obj
[dooku:rw] [105/347] Linking C static library app/libapp.a
[dooku:ro] [123/347] Building C object zephyr/CMakeFiles/zephyr.dir/misc/generated/configs.c.obj
[dooku:ro] [124/347] Building C object zephyr/CMakeFiles/zephyr.dir/lib/utils/bitarray.c.obj
[dooku:ro] [125/347] Building C object zephyr/CMakeFiles/zephyr.dir/lib/utils/getopt/getopt.c.obj
[brox-sku4:rw] [6/385] Generating include/generated/zephyr/driver-validation.h
[dooku:ro] [126/347] Building C object zephyr/CMakeFiles/zephyr.dir/lib/utils/getopt/getopt_common.c.obj
[/mnt/host/source/src/platform/ec/build/zephyr/frostflow-lcov]   /mnt/host/source/src/platform/ec/build/zephyr/frostflow/build-ro/CMakeFiles/app.dir/src/common.c.gcno:no functions found
[/mnt/host/source/src/platform/ec/build/zephyr/frostflow-lcov] stderr:
[dooku:rw] [106/347] Building C object zephyr/CMakeFiles/zephyr.dir/lib/heap/heap.c.obj
[brox-sku4:rw] [7/385] Generating include/generated/zephyr/kobj-types-enum.h, include/generated/zephyr/otype-to-str.h, include/generated/zephyr/otype-to-size.h
[brox-sku4:rw] [8/385] Generating include/generated/device-api-sections.ld, include/generated/device-api-sections.cmake
[dooku:ro] [127/347] Building C object zephyr/CMakeFiles/zephyr.dir/soc/ite/ec/common/soc_common_irq.c.obj
[dooku:rw] [107/347] Building C object zephyr/CMakeFiles/zephyr.dir/lib/os/clock.c.obj
[dooku:rw] [108/347] Building C object zephyr/CMakeFiles/zephyr.dir/lib/os/cbprintf_packaged.c.obj
[dooku:ro] [128/347] Building ASM object zephyr/CMakeFiles/zephyr.dir/soc/ite/ec/it8xxx2/vector.S.obj
[dooku:ro] [129/347] Building C object zephyr/CMakeFiles/zephyr.dir/soc/ite/ec/common/power.c.obj
[dooku:rw] [109/347] Building C object zephyr/CMakeFiles/zephyr.dir/lib/os/printk.c.obj
[dooku:ro] [130/347] Building C object zephyr/CMakeFiles/zephyr.dir/soc/ite/ec/it8xxx2/check_regs.c.obj
[dooku:ro] [131/347] Building C object zephyr/CMakeFiles/zephyr.dir/soc/ite/ec/common/policy.c.obj
[dooku:rw] [110/347] Building C object zephyr/CMakeFiles/zephyr.dir/lib/os/sem.c.obj
[dooku:ro] [132/347] Building C object zephyr/CMakeFiles/zephyr.dir/soc/ite/ec/it8xxx2/ilm.c.obj
[dooku:ro] [133/347] Building C object zephyr/CMakeFiles/zephyr.dir/soc/ite/ec/it8xxx2/soc.c.obj
[dooku:rw] [111/347] Building C object zephyr/CMakeFiles/zephyr.dir/lib/os/thread_entry.c.obj
[dooku:rw] [112/347] Building C object zephyr/CMakeFiles/zephyr.dir/lib/os/cbprintf.c.obj
[dooku:rw] [113/347] Building C object zephyr/CMakeFiles/zephyr.dir/lib/utils/dec.c.obj
[dooku:rw] [114/347] Building C object zephyr/CMakeFiles/zephyr.dir/lib/os/cbprintf_nano.c.obj
[dooku:ro] [134/347] Building C object zephyr/CMakeFiles/zephyr.dir/subsys/pm/state.c.obj
[brox-sku4:rw] [9/385] Building C object zephyr/CMakeFiles/offsets.dir/arch/riscv/core/offsets/offsets.c.obj
[dooku:ro] [135/347] Building C object zephyr/CMakeFiles/zephyr.dir/subsys/logging/log_minimal.c.obj
[dooku:rw] [115/347] Building C object zephyr/CMakeFiles/zephyr.dir/lib/os/assert.c.obj
[dooku:ro] [136/347] Building C object zephyr/CMakeFiles/zephyr.dir/subsys/pm/policy/policy_events.c.obj
[dooku:ro] [137/347] Building C object zephyr/CMakeFiles/zephyr.dir/subsys/pm/policy/policy_latency.c.obj
[brox-sku4:rw] [10/385] Generating include/generated/zephyr/offsets.h
[dooku:ro] [138/347] Building C object zephyr/CMakeFiles/zephyr.dir/subsys/pm/pm.c.obj
[dooku:rw] [116/347] Building C object zephyr/CMakeFiles/zephyr.dir/lib/utils/hex.c.obj
[dooku:rw] [117/347] Building C object zephyr/CMakeFiles/zephyr.dir/lib/utils/timeutil.c.obj
[dooku:ro] [139/347] Building C object zephyr/CMakeFiles/zephyr.dir/subsys/pm/policy/policy_state_lock.c.obj
[dooku:rw] [118/347] Building C object zephyr/CMakeFiles/zephyr.dir/lib/utils/bitmask.c.obj
[dooku:ro] [140/347] Building C object zephyr/CMakeFiles/zephyr.dir/subsys/pm/device.c.obj
[/mnt/host/source/src/platform/ec/build/zephyr/frostflow-lcov]   /mnt/host/source/src/platform/ec/build/zephyr/frostflow/build-ro/zephyr/arch/arch/arm/core/mpu/CMakeFiles/arch__arm__core__mpu.dir/arm_mpu_regions.c.gcno:no functions found
[/mnt/host/source/src/platform/ec/build/zephyr/frostflow-lcov] stderr:
[dooku:ro] [141/347] Building C object zephyr/CMakeFiles/zephyr.dir/subsys/tracing/tracing_none.c.obj
[dooku:ro] [142/347] Building C object zephyr/CMakeFiles/zephyr.dir/subsys/pm/device_system_managed.c.obj
[dooku:rw] [119/347] Building C object zephyr/CMakeFiles/zephyr.dir/lib/utils/ring_buffer.c.obj
[dooku:rw] [120/347] Building C object zephyr/CMakeFiles/zephyr.dir/lib/utils/rb.c.obj
[dooku:rw] [121/347] Building C object zephyr/CMakeFiles/zephyr.dir/lib/utils/bitarray.c.obj
[dooku:ro] [143/347] Building C object zephyr/CMakeFiles/zephyr.dir/subsys/shell/modules/kernel_service/kernel_shell.c.obj
[brox-sku4:rw] [11/385] Building C object zephyr/CMakeFiles/zephyr.dir/lib/libc/validate_libc.c.obj
[dooku:rw] [122/347] Building C object zephyr/CMakeFiles/zephyr.dir/lib/utils/last_section_id.c.obj
[dooku:ro] [144/347] Building C object zephyr/CMakeFiles/zephyr.dir/subsys/testsuite/coverage/coverage.c.obj
[dooku:ro] [145/347] Building C object zephyr/CMakeFiles/zephyr.dir/subsys/shell/modules/kernel_service/cycles.c.obj
[dooku:rw] [123/347] Building C object zephyr/CMakeFiles/zephyr.dir/lib/utils/getopt/getopt.c.obj
[/mnt/host/source/src/platform/ec/build/zephyr/frostflow-lcov]   /mnt/host/source/src/platform/ec/build/zephyr/frostflow/build-ro/zephyr/arch/common/CMakeFiles/isr_tables.dir/isr_tables.c.gcno:no functions found
[/mnt/host/source/src/platform/ec/build/zephyr/frostflow-lcov] stderr:
[dooku:rw] [124/347] Building C object zephyr/CMakeFiles/zephyr.dir/lib/utils/getopt/getopt_common.c.obj
[dooku:ro] [146/347] Building C object zephyr/CMakeFiles/zephyr.dir/subsys/shell/modules/kernel_service/sleep.c.obj
[dooku:rw] [125/347] Building C object zephyr/CMakeFiles/zephyr.dir/misc/generated/configs.c.obj
[dooku:ro] [147/347] Building C object zephyr/CMakeFiles/zephyr.dir/subsys/shell/modules/kernel_service/uptime.c.obj
[dooku:rw] [126/347] Building ASM object zephyr/CMakeFiles/zephyr.dir/soc/ite/ec/common/soc_irq.S.obj
[dooku:ro] [148/347] Building C object zephyr/CMakeFiles/zephyr.dir/subsys/shell/modules/kernel_service/thread/thread.c.obj
[dooku:ro] [149/347] Building C object zephyr/CMakeFiles/zephyr.dir/subsys/shell/modules/kernel_service/thread/list.c.obj
[dooku:ro] [150/347] Building C object zephyr/CMakeFiles/zephyr.dir/subsys/shell/modules/kernel_service/version.c.obj
[dooku:rw] [127/347] Building C object zephyr/CMakeFiles/zephyr.dir/soc/ite/ec/common/soc_common_irq.c.obj
[dooku:rw] [128/347] Building C object zephyr/CMakeFiles/zephyr.dir/soc/ite/ec/common/power.c.obj
[dooku:ro] [151/347] Building C object zephyr/CMakeFiles/zephyr.dir/subsys/shell/modules/kernel_service/thread/unwind.c.obj
[dooku:ro] [152/347] Building C object zephyr/CMakeFiles/zephyr.dir/subsys/shell/modules/kernel_service/thread/stacks.c.obj
[brox-sku4:rw] [12/385] Building C object zephyr/CMakeFiles/zephyr.dir/lib/heap/heap.c.obj
[dooku:rw] [129/347] Building C object zephyr/CMakeFiles/zephyr.dir/soc/ite/ec/common/policy.c.obj
[dooku:rw] [130/347] Building ASM object zephyr/CMakeFiles/zephyr.dir/soc/ite/ec/it8xxx2/vector.S.obj
[dooku:rw] [131/347] Building C object zephyr/CMakeFiles/zephyr.dir/soc/ite/ec/it8xxx2/check_regs.c.obj
[dooku:ro] [153/347] Building C object zephyr/CMakeFiles/zephyr.dir/subsys/shell/modules/kernel_service/thread/suspend.c.obj
[dooku:ro] [154/347] Building C object zephyr/CMakeFiles/zephyr.dir/subsys/shell/modules/kernel_service/thread/resume.c.obj
[dooku:rw] [132/347] Building C object zephyr/CMakeFiles/zephyr.dir/soc/ite/ec/it8xxx2/soc.c.obj
[dooku:ro] [155/347] Building C object zephyr/CMakeFiles/zephyr.dir/subsys/shell/modules/kernel_service/thread/kill.c.obj
[dooku:rw] [133/347] Building C object zephyr/CMakeFiles/zephyr.dir/soc/ite/ec/it8xxx2/ilm.c.obj
[dooku:ro] [156/347] Building C object zephyr/CMakeFiles/zephyr.dir/subsys/shell/backends/shell_uart.c.obj
[dooku:ro] [157/347] Building C object zephyr/CMakeFiles/zephyr.dir/subsys/shell/shell_fprintf.c.obj
[brox-sku4:rw] [13/385] Building C object zephyr/CMakeFiles/zephyr.dir/lib/os/cbprintf_packaged.c.obj
[/mnt/host/source/src/platform/ec/build/zephyr/eirtae-lcov]   /mnt/host/source/src/platform/ec/build/zephyr/eirtae/build-ro/zephyr/CMakeFiles/zephyr.dir/soc/ite/ec/it8xxx2/check_regs.c.gcno:no functions found
[/mnt/host/source/src/platform/ec/build/zephyr/eirtae-lcov] stderr:
[dooku:rw] [134/347] Building C object zephyr/CMakeFiles/zephyr.dir/subsys/pm/state.c.obj
[dooku:ro] [158/347] Building C object zephyr/CMakeFiles/zephyr.dir/subsys/shell/shell_utils.c.obj
[dooku:ro] [159/347] Building C object zephyr/CMakeFiles/zephyr.dir/subsys/shell/shell.c.obj
[dooku:rw] [135/347] Building C object zephyr/CMakeFiles/zephyr.dir/subsys/logging/log_minimal.c.obj
[dooku:rw] [136/347] Building C object zephyr/CMakeFiles/zephyr.dir/subsys/pm/pm.c.obj
[dooku:ro] [160/347] Building C object zephyr/CMakeFiles/zephyr.dir/subsys/shell/shell_history.c.obj
[dooku:rw] [137/347] Building C object zephyr/CMakeFiles/zephyr.dir/subsys/pm/policy/policy_events.c.obj
[dooku:ro] [161/347] Building C object zephyr/CMakeFiles/zephyr.dir/subsys/shell/shell_ops.c.obj
[dooku:ro] [162/347] Building C object zephyr/CMakeFiles/zephyr.dir/subsys/shell/shell_help.c.obj
[dooku:ro] [163/347] Building C object zephyr/arch/common/CMakeFiles/arch__common.dir/sw_isr_common.c.obj
[dooku:rw] [138/347] Building C object zephyr/CMakeFiles/zephyr.dir/subsys/pm/policy/policy_latency.c.obj
[dooku:ro] [164/347] Building C object zephyr/arch/common/CMakeFiles/arch__common.dir/dynamic_isr.c.obj
[dooku:ro] [165/347] Building C object zephyr/CMakeFiles/zephyr.dir/drivers/flash/flash_util.c.obj
[dooku:ro] [166/347] Building C object zephyr/arch/common/CMakeFiles/arch__common.dir/init.c.obj
[dooku:rw] [139/347] Building C object zephyr/CMakeFiles/zephyr.dir/subsys/pm/policy/policy_state_lock.c.obj
[brox-sku4:rw] [14/385] Building C object zephyr/CMakeFiles/zephyr.dir/lib/os/clock.c.obj
[dooku:ro] [167/347] Linking C static library zephyr/libzephyr.a
[dooku:ro] [168/347] Building C object zephyr/arch/common/CMakeFiles/isr_tables.dir/isr_tables.c.obj
[dooku:ro] [169/347] Building C object zephyr/arch/common/CMakeFiles/arch__common.dir/xip.c.obj
[dooku:rw] [140/347] Building C object zephyr/CMakeFiles/zephyr.dir/subsys/pm/device_system_managed.c.obj
[dooku:ro] [170/347] Linking C static library zephyr/arch/common/libisr_tables.a
[dooku:ro] [171/347] Building C object zephyr/arch/arch/riscv/core/CMakeFiles/arch__riscv__core.dir/cpu_idle.c.obj
[dooku:rw] [141/347] Building C object zephyr/CMakeFiles/zephyr.dir/subsys/testsuite/coverage/coverage.c.obj
[dooku:ro] [172/347] Building C object zephyr/arch/arch/riscv/core/CMakeFiles/arch__riscv__core.dir/prep_c.c.obj
[dooku:rw] [142/347] Building C object zephyr/CMakeFiles/zephyr.dir/subsys/pm/device.c.obj
[dooku:ro] [173/347] Linking C static library zephyr/arch/common/libarch__common.a
[dooku:ro] [174/347] Building C object zephyr/arch/arch/riscv/core/CMakeFiles/arch__riscv__core.dir/fatal.c.obj
[dooku:rw] [143/347] Building C object zephyr/CMakeFiles/zephyr.dir/subsys/tracing/tracing_none.c.obj
[dooku:ro] [175/347] Building C object zephyr/arch/arch/riscv/core/CMakeFiles/arch__riscv__core.dir/irq_manage.c.obj
[dooku:rw] [144/347] Building C object zephyr/CMakeFiles/zephyr.dir/subsys/shell/modules/kernel_service/kernel_shell.c.obj
[dooku:ro] [176/347] Building C object zephyr/arch/arch/riscv/core/CMakeFiles/arch__riscv__core.dir/reboot.c.obj
[dooku:ro] [177/347] Generating ../../../include/generated/libc/minimal/strerror_table.h
[dooku:ro] [178/347] Building ASM object zephyr/arch/arch/riscv/core/CMakeFiles/arch__riscv__core.dir/reset.S.obj
[brox-sku4:rw] [15/385] Building C object zephyr/CMakeFiles/zephyr.dir/lib/os/printk.c.obj
[dooku:rw] [145/347] Building C object zephyr/CMakeFiles/zephyr.dir/subsys/shell/modules/kernel_service/cycles.c.obj
[dooku:ro] [179/347] Building C object zephyr/arch/arch/riscv/core/CMakeFiles/arch__riscv__core.dir/thread.c.obj
[dooku:ro] [180/347] Building ASM object zephyr/arch/arch/riscv/core/CMakeFiles/arch__riscv__core.dir/isr.S.obj
[dooku:ro] [181/347] Building C object zephyr/lib/libc/minimal/CMakeFiles/lib__libc__minimal.dir/source/stdlib/atoi.c.obj
[dooku:ro] [182/347] Building C object zephyr/lib/libc/minimal/CMakeFiles/lib__libc__minimal.dir/source/stdlib/strtol.c.obj
[dooku:ro] [183/347] Building ASM object zephyr/arch/arch/riscv/core/CMakeFiles/arch__riscv__core.dir/switch.S.obj
[dooku:rw] [146/347] Building C object zephyr/CMakeFiles/zephyr.dir/subsys/shell/modules/kernel_service/sleep.c.obj
[dooku:rw] [147/347] Building C object zephyr/CMakeFiles/zephyr.dir/subsys/shell/modules/kernel_service/uptime.c.obj
[dooku:ro] [184/347] Building C object zephyr/lib/libc/minimal/CMakeFiles/lib__libc__minimal.dir/source/stdlib/bsearch.c.obj
[dooku:ro] [185/347] Building C object zephyr/lib/libc/minimal/CMakeFiles/lib__libc__minimal.dir/source/stdlib/strtoll.c.obj
[dooku:ro] [186/347] Building C object zephyr/lib/libc/minimal/CMakeFiles/lib__libc__minimal.dir/source/stdlib/strtoul.c.obj
[/mnt/host/source/src/platform/ec/build/zephyr/yaviks-lcov]   /mnt/host/source/src/platform/ec/build/zephyr/yaviks/build-rw/CMakeFiles/app.dir/mnt/host/source/src/platform/ec/build/zephyr/yaviks/modules/ec/common/usb_pd_pdo.c.gcno:no functions found
[/mnt/host/source/src/platform/ec/build/zephyr/yaviks-lcov] stderr:
[dooku:ro] [187/347] Building C object zephyr/lib/libc/minimal/CMakeFiles/lib__libc__minimal.dir/source/stdlib/strtoull.c.obj
[dooku:ro] [188/347] Building C object zephyr/arch/arch/riscv/core/CMakeFiles/arch__riscv__core.dir/stacktrace.c.obj
[dooku:rw] [148/347] Building C object zephyr/CMakeFiles/zephyr.dir/subsys/shell/modules/kernel_service/version.c.obj
[dooku:ro] [189/347] Linking C static library zephyr/arch/arch/riscv/core/libarch__riscv__core.a
[dooku:ro] [190/347] Building C object zephyr/lib/libc/minimal/CMakeFiles/lib__libc__minimal.dir/source/string/strstr.c.obj
[dooku:ro] [191/347] Building C object zephyr/lib/libc/common/CMakeFiles/lib__libc__common.dir/source/stdlib/abort.c.obj
[dooku:rw] [149/347] Building C object zephyr/CMakeFiles/zephyr.dir/subsys/shell/modules/kernel_service/thread/thread.c.obj
[dooku:ro] [192/347] Building C object zephyr/lib/libc/minimal/CMakeFiles/lib__libc__minimal.dir/source/stdlib/qsort.c.obj
[dooku:ro] [193/347] Building C object zephyr/lib/libc/minimal/CMakeFiles/lib__libc__minimal.dir/source/string/strncasecmp.c.obj
[/mnt/host/source/src/platform/ec/build/zephyr/frostflow-lcov]   /mnt/host/source/src/platform/ec/build/zephyr/frostflow/build-ro/zephyr/CMakeFiles/zephyr.dir/subsys/shell/modules/kernel_service/kernel_shell.c.gcno:no functions found
[/mnt/host/source/src/platform/ec/build/zephyr/frostflow-lcov] stderr:
[dooku:ro] [194/347] Building C object zephyr/lib/libc/minimal/CMakeFiles/lib__libc__minimal.dir/source/string/strerror.c.obj
[dooku:ro] [195/347] Building C object zephyr/lib/libc/minimal/CMakeFiles/lib__libc__minimal.dir/source/string/strspn.c.obj
[dooku:ro] [196/347] Building C object zephyr/lib/libc/minimal/CMakeFiles/lib__libc__minimal.dir/source/string/string.c.obj
[dooku:rw] [150/347] Building C object zephyr/CMakeFiles/zephyr.dir/subsys/shell/modules/kernel_service/thread/list.c.obj
[/mnt/host/source/src/platform/ec/build/zephyr/frostflow-lcov]   /mnt/host/source/src/platform/ec/build/zephyr/frostflow/build-ro/zephyr/CMakeFiles/zephyr.dir/lib/libc/validate_libc.c.gcno:no functions found
[/mnt/host/source/src/platform/ec/build/zephyr/frostflow-lcov] stderr:
[dooku:ro] [197/347] Building C object zephyr/lib/libc/minimal/CMakeFiles/lib__libc__minimal.dir/source/stdlib/exit.c.obj
[dooku:rw] [151/347] Building C object zephyr/CMakeFiles/zephyr.dir/subsys/shell/modules/kernel_service/thread/unwind.c.obj
[brox-sku4:rw] [16/385] Building C object zephyr/CMakeFiles/zephyr.dir/lib/os/sem.c.obj
[dooku:rw] [152/347] Building C object zephyr/CMakeFiles/zephyr.dir/subsys/shell/modules/kernel_service/thread/stacks.c.obj
[dooku:ro] [198/347] Building C object zephyr/lib/libc/minimal/CMakeFiles/lib__libc__minimal.dir/source/math/sqrt.c.obj
[dooku:ro] [199/347] Building C object zephyr/lib/libc/minimal/CMakeFiles/lib__libc__minimal.dir/source/math/sqrtf.c.obj
[dooku:ro] [200/347] Building C object zephyr/lib/libc/common/CMakeFiles/lib__libc__common.dir/source/time/gmtime_r.c.obj
[dooku:rw] [153/347] Building C object zephyr/CMakeFiles/zephyr.dir/subsys/shell/modules/kernel_service/thread/suspend.c.obj
[dooku:ro] [201/347] Building C object zephyr/lib/libc/common/CMakeFiles/lib__libc__common.dir/source/time/asctime.c.obj
[dooku:ro] [202/347] Building C object zephyr/lib/libc/minimal/CMakeFiles/lib__libc__minimal.dir/source/stdout/stdout_console.c.obj
[dooku:ro] [203/347] Building C object zephyr/lib/libc/minimal/CMakeFiles/lib__libc__minimal.dir/source/stdout/sprintf.c.obj
[dooku:ro] [204/347] Building C object zephyr/lib/libc/minimal/CMakeFiles/lib__libc__minimal.dir/source/stdout/fprintf.c.obj
[dooku:ro] [205/347] Building C object zephyr/lib/libc/common/CMakeFiles/lib__libc__common.dir/source/time/localtime_r_utc.c.obj
[dooku:rw] [154/347] Building C object zephyr/CMakeFiles/zephyr.dir/subsys/shell/modules/kernel_service/thread/resume.c.obj
[dooku:ro] [206/347] Building C object zephyr/lib/libc/minimal/CMakeFiles/lib__libc__minimal.dir/source/time/gmtime.c.obj
[dooku:rw] [155/347] Building C object zephyr/CMakeFiles/zephyr.dir/subsys/shell/modules/kernel_service/thread/kill.c.obj
[dooku:ro] [207/347] Building C object zephyr/lib/libc/common/CMakeFiles/lib__libc__common.dir/source/time/ctime.c.obj
[dooku:ro] [208/347] Linking C static library zephyr/lib/libc/minimal/liblib__libc__minimal.a
[dooku:ro] [209/347] Building C object zephyr/lib/libc/common/CMakeFiles/lib__libc__common.dir/source/string/strnlen.c.obj
[brox-sku4:rw] [17/385] Building C object zephyr/CMakeFiles/zephyr.dir/lib/os/thread_entry.c.obj
[dooku:ro] [210/347] Building C object zephyr/lib/libc/common/CMakeFiles/lib__libc__common.dir/source/time/time.c.obj
[dooku:ro] [211/347] Building C object zephyr/lib/posix/c_lib_ext/CMakeFiles/lib__posix__c_lib_ext.dir/fnmatch.c.obj
[dooku:rw] [156/347] Building C object zephyr/CMakeFiles/zephyr.dir/subsys/shell/backends/shell_uart.c.obj
[dooku:ro] [212/347] Building C object zephyr/subsys/crc/CMakeFiles/subsys__crc.dir/crc4_sw.c.obj
[dooku:rw] [157/347] Building C object zephyr/CMakeFiles/zephyr.dir/subsys/shell/shell_fprintf.c.obj
[dooku:ro] [213/347] Building C object zephyr/subsys/crc/CMakeFiles/subsys__crc.dir/crc8_sw.c.obj
[dooku:ro] [214/347] Building C object zephyr/lib/libc/common/CMakeFiles/lib__libc__common.dir/source/stdlib/malloc.c.obj
[dooku:ro] [215/347] Building C object zephyr/lib/posix/c_lib_ext/CMakeFiles/lib__posix__c_lib_ext.dir/getentropy.c.obj
[/mnt/host/source/src/platform/ec/build/zephyr/frostflow-lcov]   /mnt/host/source/src/platform/ec/build/zephyr/frostflow/build-ro/zephyr/CMakeFiles/zephyr.dir/lib/utils/last_section_id.c.gcno:no functions found
[/mnt/host/source/src/platform/ec/build/zephyr/frostflow-lcov] stderr:
[dooku:ro] [216/347] Linking C static library zephyr/lib/libc/common/liblib__libc__common.a
[dooku:rw] [158/347] Building C object zephyr/CMakeFiles/zephyr.dir/subsys/shell/shell.c.obj
[dooku:ro] [217/347] Building C object zephyr/subsys/crc/CMakeFiles/subsys__crc.dir/crc16_sw.c.obj
[dooku:rw] [159/347] Building C object zephyr/CMakeFiles/zephyr.dir/subsys/shell/shell_utils.c.obj
[dooku:ro] [218/347] Building C object zephyr/lib/posix/c_lib_ext/CMakeFiles/lib__posix__c_lib_ext.dir/getopt_shim.c.obj
[dooku:ro] [219/347] Building C object zephyr/subsys/crc/CMakeFiles/subsys__crc.dir/crc7_sw.c.obj
[dooku:ro] [220/347] Building C object zephyr/lib/smf/CMakeFiles/lib__smf.dir/smf.c.obj
[brox-sku4:rw] [18/385] Building C object zephyr/CMakeFiles/zephyr.dir/lib/os/cbprintf_nano.c.obj
[dooku:ro] [221/347] Linking C static library zephyr/lib/posix/c_lib_ext/liblib__posix__c_lib_ext.a
[dooku:rw] [160/347] Building C object zephyr/CMakeFiles/zephyr.dir/subsys/shell/shell_ops.c.obj
[dooku:ro] [222/347] Building C object zephyr/subsys/crc/CMakeFiles/subsys__crc.dir/crc24_sw.c.obj
[dooku:ro] [223/347] Linking C static library zephyr/lib/smf/liblib__smf.a
[dooku:ro] [224/347] Building C object zephyr/subsys/crc/CMakeFiles/subsys__crc.dir/crc32c_sw.c.obj
[dooku:ro] [225/347] Building C object zephyr/subsys/crc/CMakeFiles/subsys__crc.dir/crc32_sw.c.obj
[dooku:ro] [226/347] Building C object zephyr/subsys/mgmt/ec_host_cmd/CMakeFiles/subsys__mgmt__ec_host_cmd.dir/ec_host_cmd_handler.c.obj
[dooku:ro] [227/347] Building C object zephyr/subsys/crc/CMakeFiles/subsys__crc.dir/crc32k_4_2_sw.c.obj
[dooku:ro] [228/347] Linking C static library zephyr/subsys/crc/libsubsys__crc.a
[dooku:ro] [229/347] Building C object zephyr/subsys/mgmt/ec_host_cmd/backends/CMakeFiles/subsys__mgmt__ec_host_cmd__backends.dir/ec_host_cmd_backend_shi_ite.c.obj
[dooku:rw] [161/347] Building C object zephyr/CMakeFiles/zephyr.dir/subsys/shell/shell_history.c.obj
[dooku:ro] [230/347] Linking C static library zephyr/subsys/mgmt/ec_host_cmd/libsubsys__mgmt__ec_host_cmd.a
[dooku:ro] [231/347] Linking C static library zephyr/subsys/mgmt/ec_host_cmd/backends/libsubsys__mgmt__ec_host_cmd__backends.a
[dooku:rw] [162/347] Building C object zephyr/CMakeFiles/zephyr.dir/subsys/shell/shell_help.c.obj
[dooku:rw] [163/347] Building C object zephyr/arch/common/CMakeFiles/arch__common.dir/sw_isr_common.c.obj
[dooku:rw] [164/347] Building C object zephyr/CMakeFiles/zephyr.dir/drivers/flash/flash_util.c.obj
[dooku:rw] [165/347] Building C object zephyr/arch/common/CMakeFiles/arch__common.dir/dynamic_isr.c.obj
[dooku:rw] [166/347] Building C object zephyr/arch/common/CMakeFiles/arch__common.dir/init.c.obj
[brox-sku4:rw] [19/385] Building C object zephyr/CMakeFiles/zephyr.dir/lib/os/cbprintf.c.obj
[dooku:ro] [232/347] Building C object zephyr/drivers/interrupt_controller/CMakeFiles/drivers__interrupt_controller.dir/intc_ite_it8xxx2_v2.c.obj
[dooku:ro] [233/347] Building C object zephyr/drivers/bbram/CMakeFiles/drivers__bbram.dir/bbram_it8xxx2.c.obj
[dooku:rw] [167/347] Linking C static library zephyr/libzephyr.a
[dooku:ro] [234/347] Linking C static library zephyr/drivers/bbram/libdrivers__bbram.a
[dooku:ro] [235/347] Building C object zephyr/drivers/adc/CMakeFiles/drivers__adc.dir/adc_common.c.obj
[dooku:rw] [168/347] Building C object zephyr/arch/common/CMakeFiles/arch__common.dir/xip.c.obj
[dooku:ro] [236/347] Building C object zephyr/drivers/interrupt_controller/CMakeFiles/drivers__interrupt_controller.dir/wuc_ite_it8xxx2.c.obj
[dooku:ro] [237/347] Building C object zephyr/drivers/console/CMakeFiles/drivers__console.dir/uart_console.c.obj
[dooku:ro] [238/347] Linking C static library zephyr/drivers/console/libdrivers__console.a
[dooku:ro] [239/347] Linking C static library zephyr/drivers/interrupt_controller/libdrivers__interrupt_controller.a
[dooku:rw] [169/347] Building C object zephyr/arch/common/CMakeFiles/isr_tables.dir/isr_tables.c.obj
[dooku:ro] [240/347] Building C object zephyr/drivers/crypto/CMakeFiles/drivers__crypto.dir/crypto_it8xxx2_sha_v2.c.obj
[dooku:ro] [241/347] Building C object zephyr/drivers/adc/CMakeFiles/drivers__adc.dir/adc_ite_it8xxx2.c.obj
[dooku:ro] [242/347] Linking C static library zephyr/drivers/crypto/libdrivers__crypto.a
[dooku:rw] [170/347] Linking C static library zephyr/arch/common/libisr_tables.a
[dooku:rw] [171/347] Building C object zephyr/arch/arch/riscv/core/CMakeFiles/arch__riscv__core.dir/cpu_idle.c.obj
[dooku:ro] [243/347] Linking C static library zephyr/drivers/adc/libdrivers__adc.a
[dooku:rw] [172/347] Building C object zephyr/arch/arch/riscv/core/CMakeFiles/arch__riscv__core.dir/prep_c.c.obj
[dooku:rw] [173/347] Linking C static library zephyr/arch/common/libarch__common.a
[brox-sku4:rw] [20/385] Building C object zephyr/CMakeFiles/zephyr.dir/lib/os/assert.c.obj
[dooku:rw] [174/347] Building C object zephyr/arch/arch/riscv/core/CMakeFiles/arch__riscv__core.dir/fatal.c.obj
[dooku:ro] [244/347] Building C object zephyr/drivers/flash/CMakeFiles/drivers__flash.dir/flash_ite_it8xxx2.c.obj
[brox-sku4:rw] [21/385] Building C object zephyr/CMakeFiles/zephyr.dir/lib/utils/base64.c.obj
[dooku:rw] [175/347] Building C object zephyr/arch/arch/riscv/core/CMakeFiles/arch__riscv__core.dir/irq_manage.c.obj
[dooku:ro] [245/347] Linking C static library zephyr/drivers/flash/libdrivers__flash.a
[dooku:ro] [246/347] Building C object zephyr/drivers/i2c/CMakeFiles/drivers__i2c.dir/i2c_common.c.obj
[dooku:ro] [247/347] Building C object zephyr/drivers/i2c/CMakeFiles/drivers__i2c.dir/i2c_bitbang.c.obj
[dooku:ro] [248/347] Building C object zephyr/drivers/i2c/CMakeFiles/drivers__i2c.dir/i2c_shell.c.obj
[dooku:ro] [249/347] Building C object zephyr/drivers/pinctrl/CMakeFiles/drivers__pinctrl.dir/common.c.obj
[brox-sku4:rw] [22/385] Building C object zephyr/CMakeFiles/zephyr.dir/lib/utils/dec.c.obj
[dooku:rw] [176/347] Building ASM object zephyr/arch/arch/riscv/core/CMakeFiles/arch__riscv__core.dir/switch.S.obj
[dooku:rw] [177/347] Building C object zephyr/arch/arch/riscv/core/CMakeFiles/arch__riscv__core.dir/reboot.c.obj
[/mnt/host/source/src/platform/ec/build/zephyr/eirtae-lcov]   /mnt/host/source/src/platform/ec/build/zephyr/eirtae/build-rw/modules/ec/zephyr/CMakeFiles/ec_shim.dir/shim/src/keyscan.c.gcno:no functions found
[/mnt/host/source/src/platform/ec/build/zephyr/eirtae-lcov] stderr:
[dooku:rw] [178/347] Generating ../../../include/generated/libc/minimal/strerror_table.h
[dooku:rw] [179/347] Building ASM object zephyr/arch/arch/riscv/core/CMakeFiles/arch__riscv__core.dir/reset.S.obj
[dooku:rw] [180/347] Building C object zephyr/arch/arch/riscv/core/CMakeFiles/arch__riscv__core.dir/thread.c.obj
[brox-sku4:rw] [23/385] Building C object zephyr/CMakeFiles/zephyr.dir/lib/utils/hex.c.obj
[dooku:rw] [181/347] Building C object zephyr/lib/libc/minimal/CMakeFiles/lib__libc__minimal.dir/source/stdlib/atoi.c.obj
[dooku:rw] [182/347] Building C object zephyr/lib/libc/minimal/CMakeFiles/lib__libc__minimal.dir/source/stdlib/strtol.c.obj
[dooku:ro] [250/347] Building C object zephyr/drivers/gpio/CMakeFiles/drivers__gpio.dir/gpio_ite_it8xxx2_v2.c.obj
[dooku:ro] [251/347] Building C object zephyr/drivers/i2c/CMakeFiles/drivers__i2c.dir/i2c_ite_enhance.c.obj
[dooku:ro] [252/347] Linking C static library zephyr/drivers/gpio/libdrivers__gpio.a
[dooku:rw] [183/347] Building ASM object zephyr/arch/arch/riscv/core/CMakeFiles/arch__riscv__core.dir/isr.S.obj
[dooku:rw] [184/347] Building C object zephyr/lib/libc/minimal/CMakeFiles/lib__libc__minimal.dir/source/stdlib/strtoul.c.obj
[dooku:ro] [253/347] Linking C static library zephyr/drivers/i2c/libdrivers__i2c.a
[dooku:ro] [254/347] Building C object zephyr/drivers/pwm/CMakeFiles/drivers__pwm.dir/pwm_shell.c.obj
[dooku:rw] [185/347] Building C object zephyr/lib/libc/minimal/CMakeFiles/lib__libc__minimal.dir/source/stdlib/strtoll.c.obj
[dooku:rw] [186/347] Building C object zephyr/lib/libc/minimal/CMakeFiles/lib__libc__minimal.dir/source/stdlib/strtoull.c.obj
[dooku:rw] [187/347] Building C object zephyr/lib/libc/minimal/CMakeFiles/lib__libc__minimal.dir/source/stdlib/bsearch.c.obj
[dooku:ro] [255/347] Building C object zephyr/drivers/pwm/CMakeFiles/drivers__pwm.dir/pwm_ite_it8xxx2.c.obj
[/mnt/host/source/src/platform/ec/build/zephyr/eirtae-lcov]   /mnt/host/source/src/platform/ec/build/zephyr/eirtae/build-rw/zephyr/arch/arch/riscv/core/CMakeFiles/arch__riscv__core.dir/cpu_idle.c.gcno:no functions found
[/mnt/host/source/src/platform/ec/build/zephyr/eirtae-lcov] stderr:
[dooku:rw] [188/347] Building C object zephyr/arch/arch/riscv/core/CMakeFiles/arch__riscv__core.dir/stacktrace.c.obj
[dooku:ro] [256/347] Linking C static library zephyr/drivers/pwm/libdrivers__pwm.a
[dooku:ro] [257/347] Building C object zephyr/drivers/serial/CMakeFiles/drivers__serial.dir/uart_ite_it8xxx2.c.obj
[dooku:rw] [189/347] Linking C static library zephyr/arch/arch/riscv/core/libarch__riscv__core.a
[dooku:rw] [190/347] Building C object zephyr/lib/libc/minimal/CMakeFiles/lib__libc__minimal.dir/source/string/strncasecmp.c.obj
[dooku:ro] [258/347] Building C object zephyr/drivers/pinctrl/CMakeFiles/drivers__pinctrl.dir/pinctrl_ite_it8xxx2.c.obj
[dooku:ro] [259/347] Building C object zephyr/drivers/serial/CMakeFiles/drivers__serial.dir/uart_ns16550.c.obj
[dooku:ro] [260/347] Linking C static library zephyr/drivers/pinctrl/libdrivers__pinctrl.a
[dooku:rw] [191/347] Building C object zephyr/lib/libc/minimal/CMakeFiles/lib__libc__minimal.dir/source/stdlib/qsort.c.obj
[dooku:rw] [192/347] Building C object zephyr/lib/libc/minimal/CMakeFiles/lib__libc__minimal.dir/source/string/strerror.c.obj
[dooku:ro] [261/347] Linking C static library zephyr/drivers/serial/libdrivers__serial.a
[dooku:rw] [193/347] Building C object zephyr/lib/libc/minimal/CMakeFiles/lib__libc__minimal.dir/source/string/string.c.obj
[dooku:rw] [194/347] Building C object zephyr/lib/libc/minimal/CMakeFiles/lib__libc__minimal.dir/source/string/strstr.c.obj
[dooku:ro] [262/347] Building C object zephyr/drivers/timer/CMakeFiles/drivers__timer.dir/sys_clock_init.c.obj
[dooku:rw] [195/347] Building C object zephyr/lib/libc/minimal/CMakeFiles/lib__libc__minimal.dir/source/string/strspn.c.obj
[dooku:rw] [196/347] Building C object zephyr/lib/libc/minimal/CMakeFiles/lib__libc__minimal.dir/source/stdlib/exit.c.obj
[dooku:ro] [263/347] Building C object zephyr/drivers/timer/CMakeFiles/drivers__timer.dir/ite_it8xxx2_timer.c.obj
[dooku:ro] [264/347] Linking C static library zephyr/drivers/timer/libdrivers__timer.a
[brox-sku4:rw] [24/385] Building C object zephyr/CMakeFiles/zephyr.dir/lib/utils/rb.c.obj
[dooku:ro] [265/347] Building C object zephyr/drivers/watchdog/CMakeFiles/drivers__watchdog.dir/wdt_ite_it8xxx2.c.obj
[dooku:rw] [197/347] Building C object zephyr/lib/libc/minimal/CMakeFiles/lib__libc__minimal.dir/source/math/sqrt.c.obj
[dooku:ro] [266/347] Building C object zephyr/drivers/watchdog/CMakeFiles/drivers__watchdog.dir/wdt_shell.c.obj
[dooku:ro] [267/347] Linking C static library zephyr/drivers/watchdog/libdrivers__watchdog.a
[dooku:rw] [198/347] Building C object zephyr/lib/libc/minimal/CMakeFiles/lib__libc__minimal.dir/source/math/sqrtf.c.obj
[dooku:rw] [199/347] Building C object zephyr/lib/libc/minimal/CMakeFiles/lib__libc__minimal.dir/source/stdout/stdout_console.c.obj
[dooku:ro] [268/347] Building C object modules/ec/zephyr/CMakeFiles/ec_shim.dir/app/ec/main_shim.c.obj
[brox-sku4:rw] [25/385] Building C object zephyr/CMakeFiles/zephyr.dir/lib/utils/timeutil.c.obj
[dooku:rw] [200/347] Building C object zephyr/lib/libc/minimal/CMakeFiles/lib__libc__minimal.dir/source/stdout/fprintf.c.obj
[dooku:rw] [201/347] Building C object zephyr/lib/libc/minimal/CMakeFiles/lib__libc__minimal.dir/source/stdout/sprintf.c.obj
[dooku:ro] [269/347] Building C object modules/ec/zephyr/CMakeFiles/ec_shim.dir/app/ec/ec_app_main.c.obj
[/mnt/host/source/src/platform/ec/build/zephyr/eirtae-lcov]   /mnt/host/source/src/platform/ec/build/zephyr/eirtae/build-rw/zephyr/arch/common/CMakeFiles/isr_tables.dir/isr_tables.c.gcno:no functions found
[/mnt/host/source/src/platform/ec/build/zephyr/eirtae-lcov] stderr:
[dooku:ro] [270/347] Building C object modules/ec/zephyr/CMakeFiles/ec_shim.dir/drivers/cros_flash/cros_flash_it8xxx2.c.obj
[dooku:rw] [202/347] Building C object zephyr/lib/libc/common/CMakeFiles/lib__libc__common.dir/source/time/gmtime_r.c.obj
[dooku:rw] [203/347] Building C object zephyr/lib/libc/common/CMakeFiles/lib__libc__common.dir/source/time/asctime.c.obj
[dooku:ro] [271/347] Building C object modules/ec/zephyr/CMakeFiles/ec_shim.dir/drivers/cros_kb_raw/cros_kb_raw_ite.c.obj
[dooku:rw] [204/347] Building C object zephyr/lib/libc/minimal/CMakeFiles/lib__libc__minimal.dir/source/time/gmtime.c.obj
[dooku:ro] [272/347] Building C object modules/ec/zephyr/CMakeFiles/ec_shim.dir/drivers/cros_kblight/pwm_kblight.c.obj
[dooku:rw] [205/347] Building C object zephyr/lib/libc/common/CMakeFiles/lib__libc__common.dir/source/time/localtime_r_utc.c.obj
[dooku:rw] [206/347] Linking C static library zephyr/lib/libc/minimal/liblib__libc__minimal.a
[dooku:rw] [207/347] Building C object zephyr/lib/libc/common/CMakeFiles/lib__libc__common.dir/source/stdlib/abort.c.obj
[dooku:rw] [208/347] Building C object zephyr/lib/libc/common/CMakeFiles/lib__libc__common.dir/source/time/ctime.c.obj
[dooku:rw] [209/347] Building C object zephyr/lib/libc/common/CMakeFiles/lib__libc__common.dir/source/time/time.c.obj
[dooku:rw] [210/347] Building C object zephyr/lib/libc/common/CMakeFiles/lib__libc__common.dir/source/string/strnlen.c.obj
[/mnt/host/source/src/platform/ec/build/zephyr/yaviks-lcov]   /mnt/host/source/src/platform/ec/build/zephyr/yaviks/build-rw/CMakeFiles/app.dir/mnt/host/source/src/platform/ec/build/zephyr/yaviks/modules/ec/common/cbi_config.c.gcno:no functions found
[/mnt/host/source/src/platform/ec/build/zephyr/yaviks-lcov] stderr:
[dooku:rw] [211/347] Building C object zephyr/lib/posix/c_lib_ext/CMakeFiles/lib__posix__c_lib_ext.dir/fnmatch.c.obj
[dooku:ro] [273/347] Building C object modules/ec/zephyr/CMakeFiles/ec_shim.dir/drivers/cros_system/cros_system_it8xxx2.c.obj
[dooku:ro] [274/347] Building C object modules/ec/zephyr/CMakeFiles/ec_shim.dir/drivers/usbc/ucsi_v3.c.obj
[dooku:ro] [275/347] Building C object modules/ec/zephyr/CMakeFiles/ec_shim.dir/shim/chip/it8xxx2/clock.c.obj
[brox-sku4:rw] [26/385] Building C object zephyr/CMakeFiles/zephyr.dir/lib/utils/bitarray.c.obj
[dooku:ro] [276/347] Building C object modules/ec/zephyr/CMakeFiles/ec_shim.dir/shim/chip/it8xxx2/system.c.obj
[dooku:ro] [277/347] Building C object modules/ec/zephyr/CMakeFiles/ec_shim.dir/shim/chip/it8xxx2/keyboard_raw.c.obj
[dooku:rw] [212/347] Building C object zephyr/lib/posix/c_lib_ext/CMakeFiles/lib__posix__c_lib_ext.dir/getentropy.c.obj
[dooku:rw] [213/347] Building C object zephyr/lib/libc/common/CMakeFiles/lib__libc__common.dir/source/stdlib/malloc.c.obj
[brox-sku4:rw] [27/385] Building C object zephyr/CMakeFiles/zephyr.dir/lib/utils/bitmask.c.obj
[dooku:rw] [214/347] Building C object zephyr/lib/posix/c_lib_ext/CMakeFiles/lib__posix__c_lib_ext.dir/getopt_shim.c.obj
[dooku:ro] [278/347] Building C object modules/ec/zephyr/CMakeFiles/ec_shim.dir/shim/chip/it8xxx2/gpio.c.obj
[dooku:rw] [215/347] Linking C static library zephyr/lib/libc/common/liblib__libc__common.a
[dooku:rw] [216/347] Building C object zephyr/lib/smf/CMakeFiles/lib__smf.dir/smf.c.obj
[dooku:rw] [217/347] Linking C static library zephyr/lib/smf/liblib__smf.a
[dooku:rw] [218/347] Linking C static library zephyr/lib/posix/c_lib_ext/liblib__posix__c_lib_ext.a
[dooku:ro] [279/347] Building C object modules/ec/zephyr/CMakeFiles/ec_shim.dir/shim/src/crc.c.obj
[dooku:rw] [219/347] Building C object zephyr/subsys/mgmt/ec_host_cmd/CMakeFiles/subsys__mgmt__ec_host_cmd.dir/ec_host_cmd_handler.c.obj
[/mnt/host/source/src/platform/ec/build/zephyr/yaviks-lcov]   /mnt/host/source/src/platform/ec/build/zephyr/yaviks/build-rw/zephyr/arch/arch/riscv/core/CMakeFiles/arch__riscv__core.dir/cpu_idle.c.gcno:no functions found
[/mnt/host/source/src/platform/ec/build/zephyr/yaviks-lcov] stderr:
[dooku:ro] [280/347] Building C object modules/ec/zephyr/CMakeFiles/ec_shim.dir/shim/chip/it8xxx2/power_policy.c.obj
[dooku:rw] [220/347] Building C object zephyr/subsys/crc/CMakeFiles/subsys__crc.dir/crc16_sw.c.obj
[dooku:rw] [221/347] Linking C static library zephyr/subsys/mgmt/ec_host_cmd/libsubsys__mgmt__ec_host_cmd.a
[dooku:rw] [222/347] Building C object zephyr/subsys/crc/CMakeFiles/subsys__crc.dir/crc4_sw.c.obj
[dooku:ro] [281/347] Building C object modules/ec/zephyr/CMakeFiles/ec_shim.dir/shim/chip/it8xxx2/shi.c.obj
[dooku:rw] [223/347] Building C object zephyr/subsys/crc/CMakeFiles/subsys__crc.dir/crc8_sw.c.obj
[dooku:ro] [282/347] Building C object modules/ec/zephyr/CMakeFiles/ec_shim.dir/drivers/usbc/pdc_rts54xx.c.obj
[dooku:rw] [224/347] Building C object zephyr/subsys/crc/CMakeFiles/subsys__crc.dir/crc7_sw.c.obj
[dooku:rw] [225/347] Building C object zephyr/subsys/crc/CMakeFiles/subsys__crc.dir/crc24_sw.c.obj
[dooku:rw] [226/347] Building C object zephyr/subsys/crc/CMakeFiles/subsys__crc.dir/crc32c_sw.c.obj
[dooku:rw] [227/347] Building C object zephyr/subsys/crc/CMakeFiles/subsys__crc.dir/crc32_sw.c.obj
[dooku:ro] [283/347] Building C object modules/ec/zephyr/CMakeFiles/ec_shim.dir/shim/src/console.c.obj
[dooku:rw] [228/347] Building C object zephyr/subsys/crc/CMakeFiles/subsys__crc.dir/crc32k_4_2_sw.c.obj
[dooku:rw] [229/347] Linking C static library zephyr/subsys/crc/libsubsys__crc.a
[brox-sku4:rw] [28/385] Building C object zephyr/CMakeFiles/zephyr.dir/lib/utils/getopt/getopt.c.obj
[dooku:ro] [284/347] Building C object modules/ec/zephyr/CMakeFiles/ec_shim.dir/shim/src/panic_utils.c.obj
[dooku:rw] [230/347] Building C object zephyr/subsys/mgmt/ec_host_cmd/backends/CMakeFiles/subsys__mgmt__ec_host_cmd__backends.dir/ec_host_cmd_backend_shi_ite.c.obj
[dooku:ro] [285/347] Building C object modules/ec/zephyr/CMakeFiles/ec_shim.dir/shim/src/gpio_int.c.obj
[dooku:rw] [231/347] Linking C static library zephyr/subsys/mgmt/ec_host_cmd/backends/libsubsys__mgmt__ec_host_cmd__backends.a
[dooku:ro] [286/347] Building C object modules/ec/zephyr/CMakeFiles/ec_shim.dir/shim/src/gpio.c.obj
[dooku:ro] [287/347] Building C object modules/ec/zephyr/CMakeFiles/ec_shim.dir/shim/src/pm_state.c.obj
[dooku:ro] [288/347] Building C object modules/ec/zephyr/CMakeFiles/ec_shim.dir/shim/src/cbi/cros_cbi.c.obj
[dooku:rw] [232/347] Building C object zephyr/drivers/interrupt_controller/CMakeFiles/drivers__interrupt_controller.dir/wuc_ite_it8xxx2.c.obj
[dooku:ro] [289/347] Building C object modules/ec/zephyr/CMakeFiles/ec_shim.dir/shim/src/cbi/cros_cbi_fw_config.c.obj
[dooku:rw] [233/347] Building C object zephyr/drivers/adc/CMakeFiles/drivers__adc.dir/adc_common.c.obj
[dooku:rw] [234/347] Building C object zephyr/drivers/interrupt_controller/CMakeFiles/drivers__interrupt_controller.dir/intc_ite_it8xxx2_v2.c.obj
[dooku:ro] [290/347] Building C object modules/ec/zephyr/CMakeFiles/ec_shim.dir/shim/src/cbi/cbi_flash.c.obj
[dooku:rw] [235/347] Linking C static library zephyr/drivers/interrupt_controller/libdrivers__interrupt_controller.a
[brox-sku4:rw] [29/385] Building C object zephyr/CMakeFiles/zephyr.dir/lib/utils/getopt/getopt_common.c.obj
[dooku:rw] [236/347] Building C object zephyr/drivers/bbram/CMakeFiles/drivers__bbram.dir/bbram_it8xxx2.c.obj
[dooku:rw] [237/347] Linking C static library zephyr/drivers/bbram/libdrivers__bbram.a
[dooku:rw] [238/347] Building C object zephyr/drivers/adc/CMakeFiles/drivers__adc.dir/adc_ite_it8xxx2.c.obj
[dooku:rw] [239/347] Linking C static library zephyr/drivers/adc/libdrivers__adc.a
[dooku:ro] [291/347] Building C object modules/ec/zephyr/CMakeFiles/ec_shim.dir/shim/src/pdc_shim.c.obj
[dooku:ro] [292/347] Building C object modules/ec/zephyr/CMakeFiles/ec_shim.dir/shim/src/adc.c.obj
[dooku:ro] [293/347] Building C object modules/ec/zephyr/CMakeFiles/ec_shim.dir/shim/src/system.c.obj
[dooku:ro] [294/347] Building C object modules/ec/zephyr/CMakeFiles/ec_shim.dir/shim/src/charger.c.obj
[dooku:rw] [240/347] Building C object zephyr/drivers/console/CMakeFiles/drivers__console.dir/uart_console.c.obj
[/mnt/host/source/src/platform/ec/build/zephyr/yaviks-lcov]   /mnt/host/source/src/platform/ec/build/zephyr/yaviks/build-rw/zephyr/arch/common/CMakeFiles/isr_tables.dir/isr_tables.c.gcno:no functions found
[/mnt/host/source/src/platform/ec/build/zephyr/yaviks-lcov] stderr:
[brox-sku4:rw] [30/385] Building C object zephyr/CMakeFiles/zephyr.dir/lib/utils/ring_buffer.c.obj
[dooku:ro] [295/347] Building C object modules/ec/zephyr/CMakeFiles/ec_shim.dir/shim/src/battery.c.obj
[dooku:rw] [241/347] Linking C static library zephyr/drivers/console/libdrivers__console.a
[brox-sku4:rw] [31/385] Building C object zephyr/CMakeFiles/zephyr.dir/lib/utils/last_section_id.c.obj
[dooku:rw] [242/347] Building C object zephyr/drivers/crypto/CMakeFiles/drivers__crypto.dir/crypto_it8xxx2_sha_v2.c.obj
[dooku:rw] [243/347] Linking C static library zephyr/drivers/crypto/libdrivers__crypto.a
[dooku:rw] [244/347] Building C object zephyr/drivers/flash/CMakeFiles/drivers__flash.dir/flash_ite_it8xxx2.c.obj
[dooku:rw] [245/347] Linking C static library zephyr/drivers/flash/libdrivers__flash.a
[dooku:ro] [296/347] Building C object modules/ec/zephyr/CMakeFiles/ec_shim.dir/shim/src/flash.c.obj
[dooku:ro] [297/347] Building C object modules/ec/zephyr/CMakeFiles/ec_shim.dir/shim/src/hooks.c.obj
[dooku:rw] [246/347] Building C object zephyr/drivers/i2c/CMakeFiles/drivers__i2c.dir/i2c_common.c.obj
[brox-sku4:rw] [32/385] Building C object zephyr/CMakeFiles/zephyr.dir/misc/generated/configs.c.obj
[dooku:ro] [298/347] Building C object modules/ec/zephyr/CMakeFiles/ec_shim.dir/shim/src/console_buffer.c.obj
[dooku:ro] [299/347] Building C object modules/ec/zephyr/CMakeFiles/ec_shim.dir/shim/src/keyboard_raw.c.obj
[dooku:ro] [300/347] Building C object modules/ec/zephyr/CMakeFiles/ec_shim.dir/shim/src/keyscan.c.obj
[dooku:ro] [301/347] Building C object modules/ec/zephyr/CMakeFiles/ec_shim.dir/shim/src/mkbp_event.c.obj
[dooku:rw] [247/347] Building C object zephyr/drivers/i2c/CMakeFiles/drivers__i2c.dir/i2c_bitbang.c.obj
[dooku:ro] [302/347] Building C object modules/ec/zephyr/CMakeFiles/ec_shim.dir/shim/src/host_command.c.obj
[/mnt/host/source/src/platform/ec/build/zephyr/eirtae-lcov]   /mnt/host/source/src/platform/ec/build/zephyr/eirtae/build-rw/zephyr/CMakeFiles/zephyr.dir/subsys/shell/modules/kernel_service/kernel_shell.c.gcno:no functions found
[/mnt/host/source/src/platform/ec/build/zephyr/eirtae-lcov] stderr:
[brox-sku4:rw] [33/385] Building ASM object zephyr/CMakeFiles/zephyr.dir/soc/ite/ec/common/soc_irq.S.obj
[dooku:rw] [248/347] Building C object zephyr/drivers/i2c/CMakeFiles/drivers__i2c.dir/i2c_shell.c.obj
[dooku:ro] [303/347] Building C object modules/ec/zephyr/CMakeFiles/ec_shim.dir/shim/src/panic.c.obj
[/mnt/host/source/src/platform/ec/build/zephyr/eirtae-lcov]   /mnt/host/source/src/platform/ec/build/zephyr/eirtae/build-rw/zephyr/CMakeFiles/zephyr.dir/lib/libc/validate_libc.c.gcno:no functions found
[/mnt/host/source/src/platform/ec/build/zephyr/eirtae-lcov] stderr:
[dooku:rw] [249/347] Building C object zephyr/drivers/pinctrl/CMakeFiles/drivers__pinctrl.dir/common.c.obj
[/mnt/host/source/src/platform/ec/build/zephyr/frostflow-lcov]   /mnt/host/source/src/platform/ec/build/zephyr/frostflow/build-ro/zephyr/CMakeFiles/zephyr.dir/soc/nuvoton/npcx/common/npcxn/registers.c.gcno:no functions found
[/mnt/host/source/src/platform/ec/build/zephyr/frostflow-lcov] stderr:
[dooku:ro] [304/347] Building C object modules/ec/zephyr/CMakeFiles/ec_shim.dir/shim/src/power.c.obj
[dooku:rw] [250/347] Building C object zephyr/drivers/gpio/CMakeFiles/drivers__gpio.dir/gpio_ite_it8xxx2_v2.c.obj
[dooku:rw] [251/347] Linking C static library zephyr/drivers/gpio/libdrivers__gpio.a
[dooku:rw] [252/347] Building C object zephyr/drivers/i2c/CMakeFiles/drivers__i2c.dir/i2c_ite_enhance.c.obj
[dooku:ro] [305/347] Building C object modules/ec/zephyr/CMakeFiles/ec_shim.dir/shim/src/hwtimer.c.obj
[dooku:rw] [253/347] Linking C static library zephyr/drivers/i2c/libdrivers__i2c.a
[brox-sku4:rw] [34/385] Building C object zephyr/CMakeFiles/zephyr.dir/soc/ite/ec/common/soc_common_irq.c.obj
[dooku:ro] [306/347] Building C object modules/ec/zephyr/CMakeFiles/ec_shim.dir/shim/src/thermal.c.obj
[dooku:ro] [307/347] Building C object modules/ec/zephyr/CMakeFiles/ec_shim.dir/shim/src/pwm_hc.c.obj
[dooku:rw] [254/347] Building C object zephyr/drivers/pinctrl/CMakeFiles/drivers__pinctrl.dir/pinctrl_ite_it8xxx2.c.obj
[dooku:ro] [308/347] Building C object modules/ec/zephyr/CMakeFiles/ec_shim.dir/shim/src/temp_sensors.c.obj
[dooku:ro] [309/347] Building C object modules/ec/zephyr/CMakeFiles/ec_shim.dir/shim/src/i2c.c.obj
[dooku:rw] [255/347] Linking C static library zephyr/drivers/pinctrl/libdrivers__pinctrl.a
[dooku:rw] [256/347] Building C object zephyr/drivers/pwm/CMakeFiles/drivers__pwm.dir/pwm_shell.c.obj
[dooku:rw] [257/347] Building C object zephyr/drivers/pwm/CMakeFiles/drivers__pwm.dir/pwm_ite_it8xxx2.c.obj
[dooku:ro] [310/347] Building C object modules/ec/zephyr/CMakeFiles/ec_shim.dir/shim/src/tasks.c.obj
[dooku:rw] [258/347] Linking C static library zephyr/drivers/pwm/libdrivers__pwm.a
[dooku:rw] [259/347] Building C object zephyr/drivers/serial/CMakeFiles/drivers__serial.dir/uart_ite_it8xxx2.c.obj
[dooku:ro] [311/347] Building C object zephyr/kernel/CMakeFiles/kernel.dir/main_weak.c.obj
[dooku:ro] [312/347] Building C object modules/ec/zephyr/CMakeFiles/ec_shim.dir/shim/src/watchdog.c.obj
[dooku:ro] [313/347] Building C object modules/ec/zephyr/CMakeFiles/ec_shim.dir/shim/src/usba.c.obj
[dooku:ro] [314/347] Building C object zephyr/kernel/CMakeFiles/kernel.dir/banner.c.obj
[brox-sku4:rw] [35/385] Building C object zephyr/CMakeFiles/zephyr.dir/soc/ite/ec/common/power.c.obj
[/mnt/host/source/src/platform/ec/build/zephyr/eirtae-lcov]   /mnt/host/source/src/platform/ec/build/zephyr/eirtae/build-rw/zephyr/CMakeFiles/zephyr.dir/lib/utils/last_section_id.c.gcno:no functions found
[/mnt/host/source/src/platform/ec/build/zephyr/eirtae-lcov] stderr:
[dooku:rw] [260/347] Building C object zephyr/drivers/serial/CMakeFiles/drivers__serial.dir/uart_ns16550.c.obj
[dooku:rw] [261/347] Linking C static library zephyr/drivers/serial/libdrivers__serial.a
[dooku:ro] [315/347] Building C object modules/ec/zephyr/CMakeFiles/ec_shim.dir/shim/src/sha256_hw.c.obj
[dooku:ro] [316/347] Building C object zephyr/kernel/CMakeFiles/kernel.dir/busy_wait.c.obj
[dooku:rw] [262/347] Building C object zephyr/drivers/timer/CMakeFiles/drivers__timer.dir/ite_it8xxx2_timer.c.obj
[dooku:rw] [263/347] Building C object zephyr/drivers/timer/CMakeFiles/drivers__timer.dir/sys_clock_init.c.obj
[dooku:ro] [317/347] Linking C static library modules/ec/zephyr/libec_shim.a
[dooku:rw] [264/347] Linking C static library zephyr/drivers/timer/libdrivers__timer.a
[dooku:ro] [318/347] Building C object zephyr/kernel/CMakeFiles/kernel.dir/device.c.obj
[dooku:rw] [265/347] Building C object zephyr/drivers/watchdog/CMakeFiles/drivers__watchdog.dir/wdt_ite_it8xxx2.c.obj
[dooku:ro] [319/347] Building C object zephyr/kernel/CMakeFiles/kernel.dir/errno.c.obj
[dooku:ro] [320/347] Building C object zephyr/kernel/CMakeFiles/kernel.dir/version.c.obj
[dooku:rw] [266/347] Building C object zephyr/drivers/watchdog/CMakeFiles/drivers__watchdog.dir/wdt_shell.c.obj
[dooku:rw] [267/347] Linking C static library zephyr/drivers/watchdog/libdrivers__watchdog.a
[dooku:ro] [321/347] Building C object zephyr/kernel/CMakeFiles/kernel.dir/kheap.c.obj
[brox-sku4:rw] [36/385] Building C object zephyr/CMakeFiles/zephyr.dir/soc/ite/ec/common/policy.c.obj
[dooku:ro] [322/347] Building C object zephyr/kernel/CMakeFiles/kernel.dir/fatal.c.obj
[dooku:ro] [323/347] Building C object zephyr/kernel/CMakeFiles/kernel.dir/init.c.obj
[dooku:ro] [324/347] Building C object zephyr/kernel/CMakeFiles/kernel.dir/float.c.obj
[dooku:rw] [268/347] Building C object modules/ec/zephyr/CMakeFiles/ec_shim.dir/app/ec/main_shim.c.obj
[dooku:ro] [325/347] Building C object zephyr/kernel/CMakeFiles/kernel.dir/mem_slab.c.obj
[dooku:rw] [269/347] Building C object modules/ec/zephyr/CMakeFiles/ec_shim.dir/app/ec/ec_app_main.c.obj
[dooku:rw] [270/347] Building C object modules/ec/zephyr/CMakeFiles/ec_shim.dir/drivers/cros_flash/cros_flash_it8xxx2.c.obj
[dooku:rw] [271/347] Building C object modules/ec/zephyr/CMakeFiles/ec_shim.dir/drivers/cros_kb_raw/cros_kb_raw_ite.c.obj
[dooku:ro] [326/347] Building C object zephyr/kernel/CMakeFiles/kernel.dir/idle.c.obj
[dooku:ro] [327/347] Building C object zephyr/kernel/CMakeFiles/kernel.dir/mailbox.c.obj
[dooku:rw] [272/347] Building C object modules/ec/zephyr/CMakeFiles/ec_shim.dir/drivers/cros_kblight/pwm_kblight.c.obj
[dooku:ro] [328/347] Building C object zephyr/kernel/CMakeFiles/kernel.dir/msg_q.c.obj
[brox-sku4:rw] [37/385] Building C object zephyr/CMakeFiles/zephyr.dir/soc/ite/ec/it8xxx2/soc.c.obj
[dooku:ro] [329/347] Building C object zephyr/kernel/CMakeFiles/kernel.dir/mutex.c.obj
[dooku:ro] [330/347] Building C object zephyr/kernel/CMakeFiles/kernel.dir/queue.c.obj
[dooku:ro] [331/347] Building C object zephyr/kernel/CMakeFiles/kernel.dir/sem.c.obj
[dooku:ro] [332/347] Building C object zephyr/kernel/CMakeFiles/kernel.dir/stack.c.obj
[dooku:rw] [273/347] Building C object modules/ec/zephyr/CMakeFiles/ec_shim.dir/drivers/usbc/ucsi_v3.c.obj
[dooku:rw] [274/347] Building C object modules/ec/zephyr/CMakeFiles/ec_shim.dir/drivers/cros_system/cros_system_it8xxx2.c.obj
[dooku:ro] [333/347] Building C object zephyr/kernel/CMakeFiles/kernel.dir/system_work_q.c.obj
[dooku:rw] [275/347] Building C object modules/ec/zephyr/CMakeFiles/ec_shim.dir/shim/chip/it8xxx2/clock.c.obj
[brox-sku4:rw] [38/385] Building C object zephyr/CMakeFiles/zephyr.dir/soc/ite/ec/it8xxx2/check_regs.c.obj
[dooku:ro] [334/347] Building C object zephyr/kernel/CMakeFiles/kernel.dir/condvar.c.obj
[dooku:ro] [335/347] Building C object zephyr/kernel/CMakeFiles/kernel.dir/thread.c.obj
[/mnt/host/source/src/platform/ec/build/zephyr/yaviks-lcov]   /mnt/host/source/src/platform/ec/build/zephyr/yaviks/build-rw/zephyr/CMakeFiles/zephyr.dir/subsys/shell/modules/kernel_service/kernel_shell.c.gcno:no functions found
[/mnt/host/source/src/platform/ec/build/zephyr/yaviks-lcov] stderr:
[dooku:ro] [336/347] Building C object zephyr/kernel/CMakeFiles/kernel.dir/pipe.c.obj
[dooku:ro] [337/347] Building C object zephyr/kernel/CMakeFiles/kernel.dir/work.c.obj
[dooku:ro] [338/347] Building C object zephyr/kernel/CMakeFiles/kernel.dir/spinlock_validate.c.obj
[brox-sku4:rw] [39/385] Building ASM object zephyr/CMakeFiles/zephyr.dir/soc/ite/ec/it8xxx2/vector.S.obj
[dooku:rw] [276/347] Building C object modules/ec/zephyr/CMakeFiles/ec_shim.dir/shim/chip/it8xxx2/system.c.obj
[dooku:rw] [277/347] Building C object modules/ec/zephyr/CMakeFiles/ec_shim.dir/shim/chip/it8xxx2/gpio.c.obj
[dooku:rw] [278/347] Building C object modules/ec/zephyr/CMakeFiles/ec_shim.dir/shim/chip/it8xxx2/keyboard_raw.c.obj
[dooku:ro] [339/347] Building C object zephyr/kernel/CMakeFiles/kernel.dir/sched.c.obj
[dooku:ro] [340/347] Building C object zephyr/kernel/CMakeFiles/kernel.dir/thread_monitor.c.obj
[dooku:rw] [279/347] Building C object modules/ec/zephyr/CMakeFiles/ec_shim.dir/drivers/usbc/pdc_rts54xx.c.obj
[dooku:rw] [280/347] Building C object modules/ec/zephyr/CMakeFiles/ec_shim.dir/shim/src/crc.c.obj
[dooku:rw] [281/347] Building C object modules/ec/zephyr/CMakeFiles/ec_shim.dir/shim/chip/it8xxx2/power_policy.c.obj
[/mnt/host/source/src/platform/ec/build/zephyr/yaviks-lcov]   /mnt/host/source/src/platform/ec/build/zephyr/yaviks/build-rw/zephyr/CMakeFiles/zephyr.dir/lib/libc/validate_libc.c.gcno:no functions found
[/mnt/host/source/src/platform/ec/build/zephyr/yaviks-lcov] stderr:
[dooku:ro] [341/347] Building C object zephyr/kernel/CMakeFiles/kernel.dir/timeout.c.obj
[dooku:ro] [342/347] Building C object zephyr/kernel/CMakeFiles/kernel.dir/timer.c.obj
[dooku:ro] [343/347] Building C object zephyr/kernel/CMakeFiles/kernel.dir/events.c.obj
[craask:rw] Building: /usr/bin/ninja -C /mnt/host/source/src/platform/ec/build/zephyr/craask/build-rw all.libraries
Running `env -i SHELL=/bin/bash COLORTERM=truecolor DEPOT_TOOLS_UPDATE=0 LESS='-R -M --shift 5' SUDO_GID=0 JDK_HOME=/etc/java-config-2/current-system-vm CONFIG_PROTECT_MASK='/etc/gentoo-release /etc/sandbox.d /etc/fonts/fonts.conf /etc/terminfo /etc/ca-certificates.conf /etc/revdep-rebuild' CHROMEOS_CACHEDIR=/var/cache/chromeos-cache JAVA_HOME=/etc/java-config-2/current-system-vm SSH_AUTH_SOCK=/tmp/ssh-auth-sock SUDO_COMMAND=/bin/bash SUDO_USER=root SUDO_TTY=/dev/pts/2 EDITOR=/usr/bin/vi PWD=/mnt/host/source/src/platform/ec CONFIG_PROTECT=/usr/share/gnupg/qualified.txt LOGNAME=jpmurphy MANPATH=/etc/java-config-2/current-system-vm/man:/usr/local/share/man:/usr/share/man:/usr/share/gcc-data/x86_64-pc-linux-gnu/10.2.0/man:/usr/share/binutils-data/x86_64-pc-linux-gnu/2.45/man:/etc/java-config-2/current-system-vm/man/ SUDO_HOME=/root XAUTHORITY=/run/user/944457/gdm/Xauthority HOME=/home/jpmurphy LANG=C.UTF-8 LS_COLORS='rs=0:di=01;34:ln=01;36:mh=00:pi=40;33:so=01;35:do=01;35:bd=40;33;01:cd=40;33;01:or=01;05;37;41:mi=01;05;37;41:su=37;41:sg=30;43:ca=30;41:tw=30;42:ow=34;42:st=37;44:ex=01;32:*.tar=01;31:*.tgz=01;31:*.arc=01;31:*.arj=01;31:*.taz=01;31:*.lha=01;31:*.lz4=01;31:*.lzh=01;31:*.lzma=01;31:*.tlz=01;31:*.txz=01;31:*.tzo=01;31:*.t7z=01;31:*.zip=01;31:*.z=01;31:*.dz=01;31:*.gz=01;31:*.lrz=01;31:*.lz=01;31:*.lzo=01;31:*.xz=01;31:*.zst=01;31:*.tzst=01;31:*.bz2=01;31:*.bz=01;31:*.tbz=01;31:*.tbz2=01;31:*.tz=01;31:*.deb=01;31:*.rpm=01;31:*.jar=01;31:*.war=01;31:*.ear=01;31:*.sar=01;31:*.rar=01;31:*.alz=01;31:*.ace=01;31:*.zoo=01;31:*.cpio=01;31:*.7z=01;31:*.rz=01;31:*.cab=01;31:*.wim=01;31:*.swm=01;31:*.dwm=01;31:*.esd=01;31:*.jpg=01;35:*.jpeg=01;35:*.mjpg=01;35:*.mjpeg=01;35:*.gif=01;35:*.bmp=01;35:*.pbm=01;35:*.pgm=01;35:*.ppm=01;35:*.tga=01;35:*.xbm=01;35:*.xpm=01;35:*.tif=01;35:*.tiff=01;35:*.png=01;35:*.svg=01;35:*.svgz=01;35:*.mng=01;35:*.pcx=01;35:*.mov=01;35:*.mpg=01;35:*.mpeg=01;35:*.m2v=01;35:*.mkv=01;35:*.webm=01;35:*.webp=01;35:*.ogm=01;35:*.mp4=01;35:*.m4v=01;35:*.mp4v=01;35:*.vob=01;35:*.qt=01;35:*.nuv=01;35:*.wmv=01;35:*.asf=01;35:*.rm=01;35:*.rmvb=01;35:*.flc=01;35:*.avi=01;35:*.fli=01;35:*.flv=01;35:*.gl=01;35:*.dl=01;35:*.xcf=01;35:*.xwd=01;35:*.yuv=01;35:*.cgm=01;35:*.emf=01;35:*.ogv=01;35:*.ogx=01;35:*.cfg=00;32:*.conf=00;32:*.diff=00;32:*.doc=00;32:*.ini=00;32:*.log=00;32:*.patch=00;32:*.pdf=00;32:*.ps=00;32:*.tex=00;32:*.txt=00;32:*.aac=00;36:*.au=00;36:*.flac=00;36:*.m4a=00;36:*.mid=00;36:*.midi=00;36:*.mka=00;36:*.mp3=00;36:*.mpc=00;36:*.ogg=00;36:*.ra=00;36:*.wav=00;36:*.oga=00;36:*.opus=00;36:*.spx=00;36:*.xspf=00;36:' XDG_CURRENT_DESKTOP=GNOME INFOPATH=/usr/share/info:/usr/share/gcc-data/x86_64-pc-linux-gnu/10.2.0/info:/usr/share/binutils-data/x86_64-pc-linux-gnu/2.45/info:/usr/share/automake-1.16.5/info JAVAC=/etc/java-config-2/current-system-vm/bin/javac TERM=xterm-256color LESSOPEN='|lesspipe %s' USER=jpmurphy CROS_WORKON_SRCROOT=/mnt/host/source MANPAGER=manpager DISPLAY=:1 SHLVL=1 LC_MESSAGES=C EXTERNAL_TRUNK_PATH=/mnt/8f9d649a-3721-44cc-93c0-e6bd21a9689f/chromiumos GCC_SPECS='' PATH=/mnt/host/source/chromite/bin:/usr/local/bin:/usr/bin:/bin:/opt/bin:/mnt/host/source/chromite/sdk/bin:/mnt/host/source/chromite/bin PORTAGE_USERNAME=jpmurphy SUDO_UID=0 GCC_VER=10.2.0 MAIL=/var/mail/jpmurphy OLDPWD=/mnt/host/source/src/scripts traceparent=00-e87aca51550a78635907baa6a2476181-6d684811675d2973-01 _=./zephyr/firmware_builder.py COREBOOT_SDK_ROOT_x86=/home/jpmurphy/.cache/coreboot-sdk/i386-elf/dfbb0486385d938cfa9d73080b9d18d598ed4f49 COREBOOT_SDK_ROOT_picolibc_x86=/home/jpmurphy/.cache/coreboot-sdk/picolibc-i386-elf/eb8e8e687b95461de8cbf278f1c2076952d0ad17 COREBOOT_SDK_ROOT_riscv64=/home/jpmurphy/.cache/coreboot-sdk/riscv64-elf/96b949749225b6aaa92ed810ab769e8dfb12f000 COREBOOT_SDK_ROOT_picolibc_arm=/home/jpmurphy/.cache/coreboot-sdk/picolibc-arm-eabi/422a2aa3e1ef891b5bece9a3deb696ff83840d2e COREBOOT_SDK_ROOT_nds32=/home/jpmurphy/.cache/coreboot-sdk/nds32le-elf/d1a518c4a097666d86058e1444f85ca015d15511 COREBOOT_SDK_ROOT_picolibc_riscv64=/home/jpmurphy/.cache/coreboot-sdk/picolibc-riscv64-elf/f571e990ef0278564b31124f8bb109d9a697eb69 COREBOOT_SDK_ROOT_arm=/home/jpmurphy/.cache/coreboot-sdk/arm-eabi/ea40ddd1d190c3b48435c474c0b545719371813a COREBOOT_SDK_ROOT_libstdcxx_riscv64=/home/jpmurphy/.cache/coreboot-sdk/libstdcxx-riscv64-elf/17abf22a3a252e2d5d2062ced5324f7a623689e0 COREBOOT_SDK_ROOT_libstdcxx_arm=/home/jpmurphy/.cache/coreboot-sdk/libstdcxx-arm-eabi/5d7d82e150e44aa1968f1d366e267e6687b328ac COREBOOT_SDK_ROOT_riscv=/home/jpmurphy/.cache/coreboot-sdk/riscv-elf/9a27b9e82341c6e9126624f516ab3f261abb3e73 COREBOOT_SDK_ROOT_libstdcxx_x86=/home/jpmurphy/.cache/coreboot-sdk/libstdcxx-i386-elf/42ef9d2e87a76a37963175d7d428734e65648b87 PYTHONPATH=/mnt/host/source/src/platform/ec/zephyr/zmake PW_PIGWEED_CIPD_INSTALL_DIR=/usr CROSTC_USER_ACKNOWLEDGES_THAT_RISCV_IS_EXPERIMENTAL=1 MAKEFLAGS=' -j16 --jobserver-auth=5,6' /usr/bin/ninja -C /mnt/host/source/src/platform/ec/build/zephyr/craask/build-rw all.libraries`
[dooku:ro] [344/347] Building C object zephyr/kernel/CMakeFiles/kernel.dir/mempool.c.obj
[craask:rw] ninja: Entering directory `/mnt/host/source/src/platform/ec/build/zephyr/craask/build-rw'
[dooku:ro] [345/347] Building C object zephyr/kernel/CMakeFiles/kernel.dir/poll.c.obj
[brox-sku4:rw] [40/385] Building C object zephyr/CMakeFiles/zephyr.dir/soc/ite/ec/it8xxx2/ilm.c.obj
[dooku:rw] [282/347] Building C object modules/ec/zephyr/CMakeFiles/ec_shim.dir/shim/chip/it8xxx2/shi.c.obj
[dooku:ro] [346/347] Building C object zephyr/kernel/CMakeFiles/kernel.dir/dynamic_disabled.c.obj
[dooku:ro] [347/347] Linking C static library zephyr/kernel/libkernel.a
[craask:ro] Building: /usr/bin/ninja -C /mnt/host/source/src/platform/ec/build/zephyr/craask/build-ro all.libraries
Running `env -i SHELL=/bin/bash COLORTERM=truecolor DEPOT_TOOLS_UPDATE=0 LESS='-R -M --shift 5' SUDO_GID=0 JDK_HOME=/etc/java-config-2/current-system-vm CONFIG_PROTECT_MASK='/etc/gentoo-release /etc/sandbox.d /etc/fonts/fonts.conf /etc/terminfo /etc/ca-certificates.conf /etc/revdep-rebuild' CHROMEOS_CACHEDIR=/var/cache/chromeos-cache JAVA_HOME=/etc/java-config-2/current-system-vm SSH_AUTH_SOCK=/tmp/ssh-auth-sock SUDO_COMMAND=/bin/bash SUDO_USER=root SUDO_TTY=/dev/pts/2 EDITOR=/usr/bin/vi PWD=/mnt/host/source/src/platform/ec CONFIG_PROTECT=/usr/share/gnupg/qualified.txt LOGNAME=jpmurphy MANPATH=/etc/java-config-2/current-system-vm/man:/usr/local/share/man:/usr/share/man:/usr/share/gcc-data/x86_64-pc-linux-gnu/10.2.0/man:/usr/share/binutils-data/x86_64-pc-linux-gnu/2.45/man:/etc/java-config-2/current-system-vm/man/ SUDO_HOME=/root XAUTHORITY=/run/user/944457/gdm/Xauthority HOME=/home/jpmurphy LANG=C.UTF-8 LS_COLORS='rs=0:di=01;34:ln=01;36:mh=00:pi=40;33:so=01;35:do=01;35:bd=40;33;01:cd=40;33;01:or=01;05;37;41:mi=01;05;37;41:su=37;41:sg=30;43:ca=30;41:tw=30;42:ow=34;42:st=37;44:ex=01;32:*.tar=01;31:*.tgz=01;31:*.arc=01;31:*.arj=01;31:*.taz=01;31:*.lha=01;31:*.lz4=01;31:*.lzh=01;31:*.lzma=01;31:*.tlz=01;31:*.txz=01;31:*.tzo=01;31:*.t7z=01;31:*.zip=01;31:*.z=01;31:*.dz=01;31:*.gz=01;31:*.lrz=01;31:*.lz=01;31:*.lzo=01;31:*.xz=01;31:*.zst=01;31:*.tzst=01;31:*.bz2=01;31:*.bz=01;31:*.tbz=01;31:*.tbz2=01;31:*.tz=01;31:*.deb=01;31:*.rpm=01;31:*.jar=01;31:*.war=01;31:*.ear=01;31:*.sar=01;31:*.rar=01;31:*.alz=01;31:*.ace=01;31:*.zoo=01;31:*.cpio=01;31:*.7z=01;31:*.rz=01;31:*.cab=01;31:*.wim=01;31:*.swm=01;31:*.dwm=01;31:*.esd=01;31:*.jpg=01;35:*.jpeg=01;35:*.mjpg=01;35:*.mjpeg=01;35:*.gif=01;35:*.bmp=01;35:*.pbm=01;35:*.pgm=01;35:*.ppm=01;35:*.tga=01;35:*.xbm=01;35:*.xpm=01;35:*.tif=01;35:*.tiff=01;35:*.png=01;35:*.svg=01;35:*.svgz=01;35:*.mng=01;35:*.pcx=01;35:*.mov=01;35:*.mpg=01;35:*.mpeg=01;35:*.m2v=01;35:*.mkv=01;35:*.webm=01;35:*.webp=01;35:*.ogm=01;35:*.mp4=01;35:*.m4v=01;35:*.mp4v=01;35:*.vob=01;35:*.qt=01;35:*.nuv=01;35:*.wmv=01;35:*.asf=01;35:*.rm=01;35:*.rmvb=01;35:*.flc=01;35:*.avi=01;35:*.fli=01;35:*.flv=01;35:*.gl=01;35:*.dl=01;35:*.xcf=01;35:*.xwd=01;35:*.yuv=01;35:*.cgm=01;35:*.emf=01;35:*.ogv=01;35:*.ogx=01;35:*.cfg=00;32:*.conf=00;32:*.diff=00;32:*.doc=00;32:*.ini=00;32:*.log=00;32:*.patch=00;32:*.pdf=00;32:*.ps=00;32:*.tex=00;32:*.txt=00;32:*.aac=00;36:*.au=00;36:*.flac=00;36:*.m4a=00;36:*.mid=00;36:*.midi=00;36:*.mka=00;36:*.mp3=00;36:*.mpc=00;36:*.ogg=00;36:*.ra=00;36:*.wav=00;36:*.oga=00;36:*.opus=00;36:*.spx=00;36:*.xspf=00;36:' XDG_CURRENT_DESKTOP=GNOME INFOPATH=/usr/share/info:/usr/share/gcc-data/x86_64-pc-linux-gnu/10.2.0/info:/usr/share/binutils-data/x86_64-pc-linux-gnu/2.45/info:/usr/share/automake-1.16.5/info JAVAC=/etc/java-config-2/current-system-vm/bin/javac TERM=xterm-256color LESSOPEN='|lesspipe %s' USER=jpmurphy CROS_WORKON_SRCROOT=/mnt/host/source MANPAGER=manpager DISPLAY=:1 SHLVL=1 LC_MESSAGES=C EXTERNAL_TRUNK_PATH=/mnt/8f9d649a-3721-44cc-93c0-e6bd21a9689f/chromiumos GCC_SPECS='' PATH=/mnt/host/source/chromite/bin:/usr/local/bin:/usr/bin:/bin:/opt/bin:/mnt/host/source/chromite/sdk/bin:/mnt/host/source/chromite/bin PORTAGE_USERNAME=jpmurphy SUDO_UID=0 GCC_VER=10.2.0 MAIL=/var/mail/jpmurphy OLDPWD=/mnt/host/source/src/scripts traceparent=00-e87aca51550a78635907baa6a2476181-6d684811675d2973-01 _=./zephyr/firmware_builder.py COREBOOT_SDK_ROOT_x86=/home/jpmurphy/.cache/coreboot-sdk/i386-elf/dfbb0486385d938cfa9d73080b9d18d598ed4f49 COREBOOT_SDK_ROOT_picolibc_x86=/home/jpmurphy/.cache/coreboot-sdk/picolibc-i386-elf/eb8e8e687b95461de8cbf278f1c2076952d0ad17 COREBOOT_SDK_ROOT_riscv64=/home/jpmurphy/.cache/coreboot-sdk/riscv64-elf/96b949749225b6aaa92ed810ab769e8dfb12f000 COREBOOT_SDK_ROOT_picolibc_arm=/home/jpmurphy/.cache/coreboot-sdk/picolibc-arm-eabi/422a2aa3e1ef891b5bece9a3deb696ff83840d2e COREBOOT_SDK_ROOT_nds32=/home/jpmurphy/.cache/coreboot-sdk/nds32le-elf/d1a518c4a097666d86058e1444f85ca015d15511 COREBOOT_SDK_ROOT_picolibc_riscv64=/home/jpmurphy/.cache/coreboot-sdk/picolibc-riscv64-elf/f571e990ef0278564b31124f8bb109d9a697eb69 COREBOOT_SDK_ROOT_arm=/home/jpmurphy/.cache/coreboot-sdk/arm-eabi/ea40ddd1d190c3b48435c474c0b545719371813a COREBOOT_SDK_ROOT_libstdcxx_riscv64=/home/jpmurphy/.cache/coreboot-sdk/libstdcxx-riscv64-elf/17abf22a3a252e2d5d2062ced5324f7a623689e0 COREBOOT_SDK_ROOT_libstdcxx_arm=/home/jpmurphy/.cache/coreboot-sdk/libstdcxx-arm-eabi/5d7d82e150e44aa1968f1d366e267e6687b328ac COREBOOT_SDK_ROOT_riscv=/home/jpmurphy/.cache/coreboot-sdk/riscv-elf/9a27b9e82341c6e9126624f516ab3f261abb3e73 COREBOOT_SDK_ROOT_libstdcxx_x86=/home/jpmurphy/.cache/coreboot-sdk/libstdcxx-i386-elf/42ef9d2e87a76a37963175d7d428734e65648b87 PYTHONPATH=/mnt/host/source/src/platform/ec/zephyr/zmake PW_PIGWEED_CIPD_INSTALL_DIR=/usr CROSTC_USER_ACKNOWLEDGES_THAT_RISCV_IS_EXPERIMENTAL=1 MAKEFLAGS=' -j16 --jobserver-auth=5,6' /usr/bin/ninja -C /mnt/host/source/src/platform/ec/build/zephyr/craask/build-ro all.libraries`
[dooku:rw] [283/347] Building C object modules/ec/zephyr/CMakeFiles/ec_shim.dir/shim/src/panic_utils.c.obj
[craask:ro] ninja: Entering directory `/mnt/host/source/src/platform/ec/build/zephyr/craask/build-ro'
[dooku:rw] [284/347] Building C object modules/ec/zephyr/CMakeFiles/ec_shim.dir/shim/src/console.c.obj
[dooku:rw] [285/347] Building C object modules/ec/zephyr/CMakeFiles/ec_shim.dir/shim/src/gpio_int.c.obj
[dooku:rw] [286/347] Building C object modules/ec/zephyr/CMakeFiles/ec_shim.dir/shim/src/pm_state.c.obj
[craask:rw] [1/416] Generating include/generated/zephyr/version.h
[dooku:rw] [287/347] Building C object modules/ec/zephyr/CMakeFiles/ec_shim.dir/shim/src/cbi/cros_cbi.c.obj
[craask:rw] -- git describe warned: warning: tag 'upstream/v2.7.99' is externally known as 'v2.7.99'
[craask:rw] -- Zephyr version: 4.3.99 (/mnt/host/source/src/third_party/zephyr/main)
[craask:rw] [2/416] Preparing syscall dependency handling
[brox-sku4:rw] [41/385] Building C object zephyr/CMakeFiles/zephyr.dir/subsys/logging/log_minimal.c.obj
[dooku:rw] [288/347] Building C object modules/ec/zephyr/CMakeFiles/ec_shim.dir/shim/src/gpio.c.obj
[craask:rw] [3/416] Generating misc/generated/syscalls_subdirs.trigger
[dooku:rw] [289/347] Building C object modules/ec/zephyr/CMakeFiles/ec_shim.dir/shim/src/cbi/cros_cbi_fw_config.c.obj
[/mnt/host/source/src/platform/ec/build/zephyr/yaviks-lcov]   /mnt/host/source/src/platform/ec/build/zephyr/yaviks/build-rw/zephyr/CMakeFiles/zephyr.dir/lib/utils/last_section_id.c.gcno:no functions found
[/mnt/host/source/src/platform/ec/build/zephyr/yaviks-lcov] stderr:
[brox-sku4:rw] [42/385] Building C object zephyr/CMakeFiles/zephyr.dir/subsys/pm/pm.c.obj
[dooku:rw] [290/347] Building C object modules/ec/zephyr/CMakeFiles/ec_shim.dir/shim/src/cbi/cbi_flash.c.obj
[craask:ro] [1/414] Generating include/generated/zephyr/version.h
[craask:ro] -- git describe warned: warning: tag 'upstream/v2.7.99' is externally known as 'v2.7.99'
[craask:ro] -- Zephyr version: 4.3.99 (/mnt/host/source/src/third_party/zephyr/main)
[craask:ro] [2/414] Preparing syscall dependency handling
[dooku:rw] [291/347] Building C object modules/ec/zephyr/CMakeFiles/ec_shim.dir/shim/src/system.c.obj
[craask:ro] [3/414] Generating misc/generated/syscalls_subdirs.trigger
[dooku:rw] [292/347] Building C object modules/ec/zephyr/CMakeFiles/ec_shim.dir/shim/src/battery.c.obj
[brox-sku4:rw] [43/385] Building C object zephyr/CMakeFiles/zephyr.dir/subsys/pm/state.c.obj
[dooku:rw] [293/347] Building C object modules/ec/zephyr/CMakeFiles/ec_shim.dir/shim/src/adc.c.obj
[dooku:rw] [294/347] Building C object modules/ec/zephyr/CMakeFiles/ec_shim.dir/shim/src/pdc_shim.c.obj
[dooku:rw] [295/347] Building C object modules/ec/zephyr/CMakeFiles/ec_shim.dir/shim/src/charger.c.obj
[dooku:rw] [296/347] Building C object modules/ec/zephyr/CMakeFiles/ec_shim.dir/shim/src/flash.c.obj
[dooku:rw] [297/347] Building C object modules/ec/zephyr/CMakeFiles/ec_shim.dir/shim/src/hooks.c.obj
[dooku:rw] [298/347] Building C object modules/ec/zephyr/CMakeFiles/ec_shim.dir/shim/src/host_command.c.obj
[brox-sku4:rw] [44/385] Building C object zephyr/CMakeFiles/zephyr.dir/subsys/pm/policy/policy_events.c.obj
[craask:rw] [4/416] Generating misc/generated/syscalls.json, misc/generated/struct_tags.json
[dooku:rw] [299/347] Building C object modules/ec/zephyr/CMakeFiles/ec_shim.dir/shim/src/keyscan.c.obj
[dooku:rw] [300/347] Building C object modules/ec/zephyr/CMakeFiles/ec_shim.dir/shim/src/console_buffer.c.obj
[dooku:rw] [301/347] Building C object modules/ec/zephyr/CMakeFiles/ec_shim.dir/shim/src/keyboard_raw.c.obj
[brox-sku4:rw] [45/385] Building C object zephyr/CMakeFiles/zephyr.dir/subsys/pm/policy/policy_latency.c.obj
[craask:rw] [5/416] Generating include/generated/zephyr/syscall_dispatch.c, include/generated/zephyr/syscall_exports_llext.c, syscall_weakdefs_llext.c, include/generated/zephyr/syscall_list.h
[dooku:rw] [302/347] Building C object modules/ec/zephyr/CMakeFiles/ec_shim.dir/shim/src/mkbp_event.c.obj
[/mnt/host/source/src/platform/ec/build/zephyr/frostflow-lcov]   /mnt/host/source/src/platform/ec/build/zephyr/frostflow/build-ro/zephyr/drivers/sensor/CMakeFiles/drivers__sensor.dir/mnt/host/source/src/third_party/zephyr/main/misc/empty_file.c.gcno:no functions found
[/mnt/host/source/src/platform/ec/build/zephyr/frostflow-lcov] stderr:
[craask:ro] [4/414] Generating misc/generated/syscalls.json, misc/generated/struct_tags.json
[craask:rw] [6/416] Generating include/generated/zephyr/driver-validation.h
[dooku:rw] [303/347] Building C object modules/ec/zephyr/CMakeFiles/ec_shim.dir/shim/src/power.c.obj
[dooku:rw] [304/347] Building C object modules/ec/zephyr/CMakeFiles/ec_shim.dir/shim/src/panic.c.obj
[craask:ro] [5/414] Generating include/generated/zephyr/syscall_dispatch.c, include/generated/zephyr/syscall_exports_llext.c, syscall_weakdefs_llext.c, include/generated/zephyr/syscall_list.h
[craask:rw] [7/416] Generating include/generated/zephyr/kobj-types-enum.h, include/generated/zephyr/otype-to-str.h, include/generated/zephyr/otype-to-size.h
[/mnt/host/source/src/platform/ec/build/zephyr/frostflow-lcov]   /mnt/host/source/src/platform/ec/build/zephyr/frostflow/build-rw/modules/ec/zephyr/CMakeFiles/ec_shim.dir/shim/src/thermal.c.gcno:no functions found
[/mnt/host/source/src/platform/ec/build/zephyr/frostflow-lcov] stderr:
[dooku:rw] [305/347] Building C object modules/ec/zephyr/CMakeFiles/ec_shim.dir/shim/src/pwm_hc.c.obj
[craask:rw] [8/416] Generating include/generated/device-api-sections.ld, include/generated/device-api-sections.cmake
[dooku:rw] [306/347] Building C object modules/ec/zephyr/CMakeFiles/ec_shim.dir/shim/src/thermal.c.obj
[craask:ro] [6/414] Generating include/generated/zephyr/driver-validation.h
[brox-sku4:rw] [46/385] Building C object zephyr/CMakeFiles/zephyr.dir/subsys/pm/policy/policy_state_lock.c.obj
[dooku:rw] [307/347] Building C object modules/ec/zephyr/CMakeFiles/ec_shim.dir/shim/src/hwtimer.c.obj
[dooku:rw] [308/347] Building C object modules/ec/zephyr/CMakeFiles/ec_shim.dir/shim/src/temp_sensors.c.obj
[dooku:rw] [309/347] Building C object modules/ec/zephyr/CMakeFiles/ec_shim.dir/shim/src/i2c.c.obj
[craask:ro] [7/414] Generating include/generated/zephyr/kobj-types-enum.h, include/generated/zephyr/otype-to-str.h, include/generated/zephyr/otype-to-size.h
[/mnt/host/source/src/platform/ec/build/zephyr/frostflow-lcov]   /mnt/host/source/src/platform/ec/build/zephyr/frostflow/build-rw/modules/ec/zephyr/CMakeFiles/ec_shim.dir/shim/src/battery.c.gcno:no functions found
[/mnt/host/source/src/platform/ec/build/zephyr/frostflow-lcov] stderr:
[brox-sku4:rw] [47/385] Building C object zephyr/CMakeFiles/zephyr.dir/subsys/pm/device.c.obj
[craask:ro] [8/414] Generating include/generated/device-api-sections.ld, include/generated/device-api-sections.cmake
[dooku:rw] [310/347] Building C object modules/ec/zephyr/CMakeFiles/ec_shim.dir/shim/src/tasks.c.obj
[dooku:rw] [311/347] Building C object modules/ec/zephyr/CMakeFiles/ec_shim.dir/shim/src/watchdog.c.obj
[dooku:rw] [312/347] Building C object modules/ec/zephyr/CMakeFiles/ec_shim.dir/shim/src/usba.c.obj
[/mnt/host/source/src/platform/ec/build/zephyr/frostflow-lcov]   /mnt/host/source/src/platform/ec/build/zephyr/frostflow/build-rw/modules/ec/zephyr/CMakeFiles/ec_shim.dir/shim/src/charger.c.gcno:no functions found
[/mnt/host/source/src/platform/ec/build/zephyr/frostflow-lcov] stderr:
[dooku:rw] [313/347] Building C object modules/ec/zephyr/CMakeFiles/ec_shim.dir/shim/src/sha256_hw.c.obj
[dooku:rw] [314/347] Building C object zephyr/kernel/CMakeFiles/kernel.dir/main_weak.c.obj
[dooku:rw] [315/347] Building C object zephyr/kernel/CMakeFiles/kernel.dir/banner.c.obj
[dooku:rw] [316/347] Linking C static library modules/ec/zephyr/libec_shim.a
[craask:rw] [9/416] Building C object zephyr/CMakeFiles/offsets.dir/arch/arm/core/offsets/offsets.c.obj
[dooku:rw] [317/347] Building C object zephyr/kernel/CMakeFiles/kernel.dir/device.c.obj
[dooku:rw] [318/347] Building C object zephyr/kernel/CMakeFiles/kernel.dir/busy_wait.c.obj
[dooku:rw] [319/347] Building C object zephyr/kernel/CMakeFiles/kernel.dir/version.c.obj
[dooku:rw] [320/347] Building C object zephyr/kernel/CMakeFiles/kernel.dir/errno.c.obj
[brox-sku4:rw] [48/385] Building C object zephyr/CMakeFiles/zephyr.dir/subsys/pm/device_runtime.c.obj
[craask:rw] [10/416] Generating include/generated/zephyr/offsets.h
[brox-sku4:rw] [49/385] Building C object zephyr/CMakeFiles/zephyr.dir/subsys/pm/device_system_managed.c.obj
[dooku:rw] [321/347] Building C object zephyr/kernel/CMakeFiles/kernel.dir/fatal.c.obj
[dooku:rw] [322/347] Building C object zephyr/kernel/CMakeFiles/kernel.dir/kheap.c.obj
[craask:ro] [9/414] Building C object zephyr/CMakeFiles/offsets.dir/arch/arm/core/offsets/offsets.c.obj
[dooku:rw] [323/347] Building C object zephyr/kernel/CMakeFiles/kernel.dir/init.c.obj
[craask:ro] [10/414] Generating include/generated/zephyr/offsets.h
[dooku:rw] [324/347] Building C object zephyr/kernel/CMakeFiles/kernel.dir/float.c.obj
[dooku:rw] [325/347] Building C object zephyr/kernel/CMakeFiles/kernel.dir/idle.c.obj
[dooku:rw] [326/347] Building C object zephyr/kernel/CMakeFiles/kernel.dir/mem_slab.c.obj
[/mnt/host/source/src/platform/ec/build/zephyr/frostflow-lcov]   /mnt/host/source/src/platform/ec/build/zephyr/frostflow/build-rw/modules/ec/zephyr/CMakeFiles/ec_shim.dir/shim/src/usb_muxes.c.gcno:no functions found
[/mnt/host/source/src/platform/ec/build/zephyr/frostflow-lcov] stderr:
[dooku:rw] [327/347] Building C object zephyr/kernel/CMakeFiles/kernel.dir/mailbox.c.obj
[dooku:rw] [328/347] Building C object zephyr/kernel/CMakeFiles/kernel.dir/msg_q.c.obj
[brox-sku4:rw] [50/385] Building C object zephyr/CMakeFiles/zephyr.dir/subsys/tracing/tracing_none.c.obj
[dooku:rw] [329/347] Building C object zephyr/kernel/CMakeFiles/kernel.dir/mutex.c.obj
[craask:rw] [11/416] Building C object zephyr/CMakeFiles/zephyr.dir/lib/libc/validate_libc.c.obj
[brox-sku4:rw] [51/385] Building C object zephyr/CMakeFiles/zephyr.dir/subsys/testsuite/coverage/coverage.c.obj
[dooku:rw] [330/347] Building C object zephyr/kernel/CMakeFiles/kernel.dir/sem.c.obj
[dooku:rw] [331/347] Building C object zephyr/kernel/CMakeFiles/kernel.dir/stack.c.obj
[dooku:rw] [332/347] Building C object zephyr/kernel/CMakeFiles/kernel.dir/system_work_q.c.obj
[/mnt/host/source/src/platform/ec/build/zephyr/frostflow-lcov]   /mnt/host/source/src/platform/ec/build/zephyr/frostflow/build-rw/modules/ec/zephyr/CMakeFiles/ec_shim.dir/shim/src/usba.c.gcno:no functions found
[/mnt/host/source/src/platform/ec/build/zephyr/frostflow-lcov] stderr:
[dooku:rw] [333/347] Building C object zephyr/kernel/CMakeFiles/kernel.dir/queue.c.obj
[craask:ro] [11/414] Building C object zephyr/CMakeFiles/zephyr.dir/lib/libc/validate_libc.c.obj
[dooku:rw] [334/347] Building C object zephyr/kernel/CMakeFiles/kernel.dir/condvar.c.obj
[dooku:rw] [335/347] Building C object zephyr/kernel/CMakeFiles/kernel.dir/work.c.obj
[brox-sku4:rw] [52/385] Building C object zephyr/CMakeFiles/zephyr.dir/subsys/shell/modules/kernel_service/kernel_shell.c.obj
[dooku:rw] [336/347] Building C object zephyr/kernel/CMakeFiles/kernel.dir/pipe.c.obj
[dooku:rw] [337/347] Building C object zephyr/kernel/CMakeFiles/kernel.dir/thread.c.obj
[dooku:rw] [338/347] Building C object zephyr/kernel/CMakeFiles/kernel.dir/spinlock_validate.c.obj
[brox-sku4:rw] [53/385] Building C object zephyr/CMakeFiles/zephyr.dir/subsys/shell/modules/kernel_service/cycles.c.obj
[dirks:rw] Building: /usr/bin/ninja -C /mnt/host/source/src/platform/ec/build/zephyr/dirks/build-rw all.libraries
Running `env -i SHELL=/bin/bash COLORTERM=truecolor DEPOT_TOOLS_UPDATE=0 LESS='-R -M --shift 5' SUDO_GID=0 JDK_HOME=/etc/java-config-2/current-system-vm CONFIG_PROTECT_MASK='/etc/gentoo-release /etc/sandbox.d /etc/fonts/fonts.conf /etc/terminfo /etc/ca-certificates.conf /etc/revdep-rebuild' CHROMEOS_CACHEDIR=/var/cache/chromeos-cache JAVA_HOME=/etc/java-config-2/current-system-vm SSH_AUTH_SOCK=/tmp/ssh-auth-sock SUDO_COMMAND=/bin/bash SUDO_USER=root SUDO_TTY=/dev/pts/2 EDITOR=/usr/bin/vi PWD=/mnt/host/source/src/platform/ec CONFIG_PROTECT=/usr/share/gnupg/qualified.txt LOGNAME=jpmurphy MANPATH=/etc/java-config-2/current-system-vm/man:/usr/local/share/man:/usr/share/man:/usr/share/gcc-data/x86_64-pc-linux-gnu/10.2.0/man:/usr/share/binutils-data/x86_64-pc-linux-gnu/2.45/man:/etc/java-config-2/current-system-vm/man/ SUDO_HOME=/root XAUTHORITY=/run/user/944457/gdm/Xauthority HOME=/home/jpmurphy LANG=C.UTF-8 LS_COLORS='rs=0:di=01;34:ln=01;36:mh=00:pi=40;33:so=01;35:do=01;35:bd=40;33;01:cd=40;33;01:or=01;05;37;41:mi=01;05;37;41:su=37;41:sg=30;43:ca=30;41:tw=30;42:ow=34;42:st=37;44:ex=01;32:*.tar=01;31:*.tgz=01;31:*.arc=01;31:*.arj=01;31:*.taz=01;31:*.lha=01;31:*.lz4=01;31:*.lzh=01;31:*.lzma=01;31:*.tlz=01;31:*.txz=01;31:*.tzo=01;31:*.t7z=01;31:*.zip=01;31:*.z=01;31:*.dz=01;31:*.gz=01;31:*.lrz=01;31:*.lz=01;31:*.lzo=01;31:*.xz=01;31:*.zst=01;31:*.tzst=01;31:*.bz2=01;31:*.bz=01;31:*.tbz=01;31:*.tbz2=01;31:*.tz=01;31:*.deb=01;31:*.rpm=01;31:*.jar=01;31:*.war=01;31:*.ear=01;31:*.sar=01;31:*.rar=01;31:*.alz=01;31:*.ace=01;31:*.zoo=01;31:*.cpio=01;31:*.7z=01;31:*.rz=01;31:*.cab=01;31:*.wim=01;31:*.swm=01;31:*.dwm=01;31:*.esd=01;31:*.jpg=01;35:*.jpeg=01;35:*.mjpg=01;35:*.mjpeg=01;35:*.gif=01;35:*.bmp=01;35:*.pbm=01;35:*.pgm=01;35:*.ppm=01;35:*.tga=01;35:*.xbm=01;35:*.xpm=01;35:*.tif=01;35:*.tiff=01;35:*.png=01;35:*.svg=01;35:*.svgz=01;35:*.mng=01;35:*.pcx=01;35:*.mov=01;35:*.mpg=01;35:*.mpeg=01;35:*.m2v=01;35:*.mkv=01;35:*.webm=01;35:*.webp=01;35:*.ogm=01;35:*.mp4=01;35:*.m4v=01;35:*.mp4v=01;35:*.vob=01;35:*.qt=01;35:*.nuv=01;35:*.wmv=01;35:*.asf=01;35:*.rm=01;35:*.rmvb=01;35:*.flc=01;35:*.avi=01;35:*.fli=01;35:*.flv=01;35:*.gl=01;35:*.dl=01;35:*.xcf=01;35:*.xwd=01;35:*.yuv=01;35:*.cgm=01;35:*.emf=01;35:*.ogv=01;35:*.ogx=01;35:*.cfg=00;32:*.conf=00;32:*.diff=00;32:*.doc=00;32:*.ini=00;32:*.log=00;32:*.patch=00;32:*.pdf=00;32:*.ps=00;32:*.tex=00;32:*.txt=00;32:*.aac=00;36:*.au=00;36:*.flac=00;36:*.m4a=00;36:*.mid=00;36:*.midi=00;36:*.mka=00;36:*.mp3=00;36:*.mpc=00;36:*.ogg=00;36:*.ra=00;36:*.wav=00;36:*.oga=00;36:*.opus=00;36:*.spx=00;36:*.xspf=00;36:' XDG_CURRENT_DESKTOP=GNOME INFOPATH=/usr/share/info:/usr/share/gcc-data/x86_64-pc-linux-gnu/10.2.0/info:/usr/share/binutils-data/x86_64-pc-linux-gnu/2.45/info:/usr/share/automake-1.16.5/info JAVAC=/etc/java-config-2/current-system-vm/bin/javac TERM=xterm-256color LESSOPEN='|lesspipe %s' USER=jpmurphy CROS_WORKON_SRCROOT=/mnt/host/source MANPAGER=manpager DISPLAY=:1 SHLVL=1 LC_MESSAGES=C EXTERNAL_TRUNK_PATH=/mnt/8f9d649a-3721-44cc-93c0-e6bd21a9689f/chromiumos GCC_SPECS='' PATH=/mnt/host/source/chromite/bin:/usr/local/bin:/usr/bin:/bin:/opt/bin:/mnt/host/source/chromite/sdk/bin:/mnt/host/source/chromite/bin PORTAGE_USERNAME=jpmurphy SUDO_UID=0 GCC_VER=10.2.0 MAIL=/var/mail/jpmurphy OLDPWD=/mnt/host/source/src/scripts traceparent=00-e87aca51550a78635907baa6a2476181-6d684811675d2973-01 _=./zephyr/firmware_builder.py COREBOOT_SDK_ROOT_x86=/home/jpmurphy/.cache/coreboot-sdk/i386-elf/dfbb0486385d938cfa9d73080b9d18d598ed4f49 COREBOOT_SDK_ROOT_picolibc_x86=/home/jpmurphy/.cache/coreboot-sdk/picolibc-i386-elf/eb8e8e687b95461de8cbf278f1c2076952d0ad17 COREBOOT_SDK_ROOT_riscv64=/home/jpmurphy/.cache/coreboot-sdk/riscv64-elf/96b949749225b6aaa92ed810ab769e8dfb12f000 COREBOOT_SDK_ROOT_picolibc_arm=/home/jpmurphy/.cache/coreboot-sdk/picolibc-arm-eabi/422a2aa3e1ef891b5bece9a3deb696ff83840d2e COREBOOT_SDK_ROOT_nds32=/home/jpmurphy/.cache/coreboot-sdk/nds32le-elf/d1a518c4a097666d86058e1444f85ca015d15511 COREBOOT_SDK_ROOT_picolibc_riscv64=/home/jpmurphy/.cache/coreboot-sdk/picolibc-riscv64-elf/f571e990ef0278564b31124f8bb109d9a697eb69 COREBOOT_SDK_ROOT_arm=/home/jpmurphy/.cache/coreboot-sdk/arm-eabi/ea40ddd1d190c3b48435c474c0b545719371813a COREBOOT_SDK_ROOT_libstdcxx_riscv64=/home/jpmurphy/.cache/coreboot-sdk/libstdcxx-riscv64-elf/17abf22a3a252e2d5d2062ced5324f7a623689e0 COREBOOT_SDK_ROOT_libstdcxx_arm=/home/jpmurphy/.cache/coreboot-sdk/libstdcxx-arm-eabi/5d7d82e150e44aa1968f1d366e267e6687b328ac COREBOOT_SDK_ROOT_riscv=/home/jpmurphy/.cache/coreboot-sdk/riscv-elf/9a27b9e82341c6e9126624f516ab3f261abb3e73 COREBOOT_SDK_ROOT_libstdcxx_x86=/home/jpmurphy/.cache/coreboot-sdk/libstdcxx-i386-elf/42ef9d2e87a76a37963175d7d428734e65648b87 PYTHONPATH=/mnt/host/source/src/platform/ec/zephyr/zmake PW_PIGWEED_CIPD_INSTALL_DIR=/usr CROSTC_USER_ACKNOWLEDGES_THAT_RISCV_IS_EXPERIMENTAL=1 MAKEFLAGS=' -j16 --jobserver-auth=5,6' /usr/bin/ninja -C /mnt/host/source/src/platform/ec/build/zephyr/dirks/build-rw all.libraries`
[dooku:rw] [339/347] Building C object zephyr/kernel/CMakeFiles/kernel.dir/thread_monitor.c.obj
Toolchain <zmake.toolchains.CorebootSdkToolchain object at 0x7f41204a5e10> selected by probe function.
[minimal-it8xxx2] Building in /mnt/host/source/src/platform/ec/build/zephyr/minimal-it8xxx2.
[dooku:rw] [340/347] Building C object zephyr/kernel/CMakeFiles/kernel.dir/sched.c.obj
[dirks:rw] ninja: Entering directory `/mnt/host/source/src/platform/ec/build/zephyr/dirks/build-rw'
[craask:rw] [12/416] Building C object zephyr/CMakeFiles/zephyr.dir/lib/heap/heap.c.obj
[/mnt/host/source/src/platform/ec/build/zephyr/frostflow-lcov]   /mnt/host/source/src/platform/ec/build/zephyr/frostflow/build-rw/modules/ec/zephyr/CMakeFiles/ec_shim.dir/shim/src/keyscan.c.gcno:no functions found
[/mnt/host/source/src/platform/ec/build/zephyr/frostflow-lcov] stderr:
[dooku:rw] [341/347] Building C object zephyr/kernel/CMakeFiles/kernel.dir/timeout.c.obj
[dirks:rw] [1/372] Preparing syscall dependency handling
[dooku:rw] [342/347] Building C object zephyr/kernel/CMakeFiles/kernel.dir/timer.c.obj
[craask:ro] [12/414] Building C object zephyr/CMakeFiles/zephyr.dir/lib/heap/heap.c.obj
[dooku:rw] [343/347] Building C object zephyr/kernel/CMakeFiles/kernel.dir/poll.c.obj
[dirks:rw] [2/372] Generating misc/generated/syscalls_subdirs.trigger
[minimal-it8xxx2:rw] Configuring.
[dooku:rw] [344/347] Building C object zephyr/kernel/CMakeFiles/kernel.dir/mempool.c.obj
Running `env -i PYTHONPATH=/usr/lib64/python-exec/python3.11:/mnt/host/source/src/platform/ec/zephyr/zmake:/usr/lib/python311.zip:/usr/lib/python3.11:/usr/lib/python3.11/lib-dynload:/usr/lib/python3.11/site-packages PW_PIGWEED_CIPD_INSTALL_DIR=/usr CROSTC_USER_ACKNOWLEDGES_THAT_RISCV_IS_EXPERIMENTAL=1 PATH=/mnt/host/source/chromite/bin:/usr/local/bin:/usr/bin:/bin:/opt/bin:/mnt/host/source/chromite/sdk/bin:/mnt/host/source/chromite/bin HOME=/home/jpmurphy JAVA_HOME=/etc/java-config-2/current-system-vm JDK_HOME=/etc/java-config-2/current-system-vm JAVAC=/etc/java-config-2/current-system-vm/bin/javac MAKEFLAGS=' -j16 --jobserver-auth=5,6' /usr/bin/cmake -S /mnt/host/source/src/platform/ec/zephyr/program/minimal -B /mnt/host/source/src/platform/ec/build/zephyr/minimal-it8xxx2/build-rw -GNinja -DCMAKE_EXPORT_COMPILE_COMMANDS=ON -DZEPHYR_BASE=/mnt/host/source/src/third_party/zephyr/main -DZMAKE_INCLUDE_DIR=/mnt/host/source/src/platform/ec/build/zephyr/minimal-it8xxx2/include -DPython3_EXECUTABLE=/usr/bin/python3.11 -DDTS_ROOT=/mnt/host/source/src/platform/ec/zephyr -DSYSCALL_INCLUDE_DIRS=/mnt/host/source/src/platform/ec/zephyr/include/drivers -DUSER_CACHE_DIR=/mnt/host/source/src/platform/ec/build/zephyr/user-cache '-DEXTRA_EC_VERSION_FLAGS=--version 16543.0.0 --static' -DTOOLCHAIN_ROOT=/mnt/host/source/src/platform/ec/zephyr -DCOREBOOT_SDK_ROOT_x86=/home/jpmurphy/.cache/coreboot-sdk/i386-elf/dfbb0486385d938cfa9d73080b9d18d598ed4f49 -DCOREBOOT_SDK_ROOT_picolibc_x86=/home/jpmurphy/.cache/coreboot-sdk/picolibc-i386-elf/eb8e8e687b95461de8cbf278f1c2076952d0ad17 -DCOREBOOT_SDK_ROOT_riscv64=/home/jpmurphy/.cache/coreboot-sdk/riscv64-elf/96b949749225b6aaa92ed810ab769e8dfb12f000 -DCOREBOOT_SDK_ROOT_picolibc_arm=/home/jpmurphy/.cache/coreboot-sdk/picolibc-arm-eabi/422a2aa3e1ef891b5bece9a3deb696ff83840d2e -DCOREBOOT_SDK_ROOT_nds32=/home/jpmurphy/.cache/coreboot-sdk/nds32le-elf/d1a518c4a097666d86058e1444f85ca015d15511 -DCOREBOOT_SDK_ROOT_picolibc_riscv64=/home/jpmurphy/.cache/coreboot-sdk/picolibc-riscv64-elf/f571e990ef0278564b31124f8bb109d9a697eb69 -DCOREBOOT_SDK_ROOT_arm=/home/jpmurphy/.cache/coreboot-sdk/arm-eabi/ea40ddd1d190c3b48435c474c0b545719371813a -DCOREBOOT_SDK_ROOT_libstdcxx_riscv64=/home/jpmurphy/.cache/coreboot-sdk/libstdcxx-riscv64-elf/17abf22a3a252e2d5d2062ced5324f7a623689e0 -DCOREBOOT_SDK_ROOT_libstdcxx_arm=/home/jpmurphy/.cache/coreboot-sdk/libstdcxx-arm-eabi/5d7d82e150e44aa1968f1d366e267e6687b328ac -DCOREBOOT_SDK_ROOT_riscv=/home/jpmurphy/.cache/coreboot-sdk/riscv-elf/9a27b9e82341c6e9126624f516ab3f261abb3e73 -DCOREBOOT_SDK_ROOT_libstdcxx_x86=/home/jpmurphy/.cache/coreboot-sdk/libstdcxx-i386-elf/42ef9d2e87a76a37963175d7d428734e65648b87 -DZEPHYR_TOOLCHAIN_VARIANT=coreboot-sdk -DZEPHYR_MODULES=/mnt/host/source/src/platform/ec/build/zephyr/minimal-it8xxx2/modules/ec -DDTC_OVERLAY_FILE=/mnt/host/source/src/platform/ec/zephyr/program/minimal/it8xxx2.dts -DBOARD=it8xxx2/it81302bx -DCMAKE_C_FLAGS=-DSECTION_IS_RW '-DCONF_FILE=/mnt/host/source/src/platform/ec/zephyr/program/minimal/prj.conf;/mnt/host/source/src/platform/ec/build/zephyr/minimal-it8xxx2/kconfig-rw.conf'`
[minimal-it8xxx2:rw] Loading Zephyr default modules (Zephyr base (cached)).
[minimal-it8xxx2:rw] -- Application: /mnt/host/source/src/platform/ec/zephyr/program/minimal
[minimal-it8xxx2:rw] -- CMake version: 3.31.7
[brox-sku4:rw] [54/385] Building C object zephyr/CMakeFiles/zephyr.dir/subsys/shell/modules/kernel_service/sleep.c.obj
[dooku:rw] [345/347] Building C object zephyr/kernel/CMakeFiles/kernel.dir/events.c.obj
[minimal-it8xxx2:ro] Configuring.
Running `env -i PYTHONPATH=/usr/lib64/python-exec/python3.11:/mnt/host/source/src/platform/ec/zephyr/zmake:/usr/lib/python311.zip:/usr/lib/python3.11:/usr/lib/python3.11/lib-dynload:/usr/lib/python3.11/site-packages PW_PIGWEED_CIPD_INSTALL_DIR=/usr CROSTC_USER_ACKNOWLEDGES_THAT_RISCV_IS_EXPERIMENTAL=1 PATH=/mnt/host/source/chromite/bin:/usr/local/bin:/usr/bin:/bin:/opt/bin:/mnt/host/source/chromite/sdk/bin:/mnt/host/source/chromite/bin HOME=/home/jpmurphy JAVA_HOME=/etc/java-config-2/current-system-vm JDK_HOME=/etc/java-config-2/current-system-vm JAVAC=/etc/java-config-2/current-system-vm/bin/javac MAKEFLAGS=' -j16 --jobserver-auth=5,6' /usr/bin/cmake -S /mnt/host/source/src/platform/ec/zephyr/program/minimal -B /mnt/host/source/src/platform/ec/build/zephyr/minimal-it8xxx2/build-ro -GNinja -DCMAKE_EXPORT_COMPILE_COMMANDS=ON -DZEPHYR_BASE=/mnt/host/source/src/third_party/zephyr/main -DZMAKE_INCLUDE_DIR=/mnt/host/source/src/platform/ec/build/zephyr/minimal-it8xxx2/include -DPython3_EXECUTABLE=/usr/bin/python3.11 -DDTS_ROOT=/mnt/host/source/src/platform/ec/zephyr -DSYSCALL_INCLUDE_DIRS=/mnt/host/source/src/platform/ec/zephyr/include/drivers -DUSER_CACHE_DIR=/mnt/host/source/src/platform/ec/build/zephyr/user-cache '-DEXTRA_EC_VERSION_FLAGS=--version 16543.0.0 --static' -DTOOLCHAIN_ROOT=/mnt/host/source/src/platform/ec/zephyr -DCOREBOOT_SDK_ROOT_x86=/home/jpmurphy/.cache/coreboot-sdk/i386-elf/dfbb0486385d938cfa9d73080b9d18d598ed4f49 -DCOREBOOT_SDK_ROOT_picolibc_x86=/home/jpmurphy/.cache/coreboot-sdk/picolibc-i386-elf/eb8e8e687b95461de8cbf278f1c2076952d0ad17 -DCOREBOOT_SDK_ROOT_riscv64=/home/jpmurphy/.cache/coreboot-sdk/riscv64-elf/96b949749225b6aaa92ed810ab769e8dfb12f000 -DCOREBOOT_SDK_ROOT_picolibc_arm=/home/jpmurphy/.cache/coreboot-sdk/picolibc-arm-eabi/422a2aa3e1ef891b5bece9a3deb696ff83840d2e -DCOREBOOT_SDK_ROOT_nds32=/home/jpmurphy/.cache/coreboot-sdk/nds32le-elf/d1a518c4a097666d86058e1444f85ca015d15511 -DCOREBOOT_SDK_ROOT_picolibc_riscv64=/home/jpmurphy/.cache/coreboot-sdk/picolibc-riscv64-elf/f571e990ef0278564b31124f8bb109d9a697eb69 -DCOREBOOT_SDK_ROOT_arm=/home/jpmurphy/.cache/coreboot-sdk/arm-eabi/ea40ddd1d190c3b48435c474c0b545719371813a -DCOREBOOT_SDK_ROOT_libstdcxx_riscv64=/home/jpmurphy/.cache/coreboot-sdk/libstdcxx-riscv64-elf/17abf22a3a252e2d5d2062ced5324f7a623689e0 -DCOREBOOT_SDK_ROOT_libstdcxx_arm=/home/jpmurphy/.cache/coreboot-sdk/libstdcxx-arm-eabi/5d7d82e150e44aa1968f1d366e267e6687b328ac -DCOREBOOT_SDK_ROOT_riscv=/home/jpmurphy/.cache/coreboot-sdk/riscv-elf/9a27b9e82341c6e9126624f516ab3f261abb3e73 -DCOREBOOT_SDK_ROOT_libstdcxx_x86=/home/jpmurphy/.cache/coreboot-sdk/libstdcxx-i386-elf/42ef9d2e87a76a37963175d7d428734e65648b87 -DZEPHYR_TOOLCHAIN_VARIANT=coreboot-sdk -DZEPHYR_MODULES=/mnt/host/source/src/platform/ec/build/zephyr/minimal-it8xxx2/modules/ec -DDTC_OVERLAY_FILE=/mnt/host/source/src/platform/ec/zephyr/program/minimal/it8xxx2.dts -DBOARD=it8xxx2/it81302bx -DCMAKE_C_FLAGS=-DSECTION_IS_RO '-DCONF_FILE=/mnt/host/source/src/platform/ec/zephyr/program/minimal/prj.conf;/mnt/host/source/src/platform/ec/build/zephyr/minimal-it8xxx2/kconfig-ro.conf'`
[minimal-it8xxx2:ro] Loading Zephyr default modules (Zephyr base (cached)).
[dirks:rw] [3/372] cd /mnt/host/source/src/platform/ec/build/zephyr/dirks/build-rw/modules/ec/zephyr && PYTHONPATH=/mnt/host/source/src/platform/ec/build/zephyr/dirks/modules/ec/zephyr/zmake/ /usr/bin/python3.11 /mnt/host/source/src/platform/ec/build/zephyr/dirks/modules/ec/zephyr/zmake/zephyr_build_tools/generate_ec_version.py /mnt/host/source/src/platform/ec/build/zephyr/dirks/build-rw/modules/ec/zephyr/include/ec_version.h --name Zephyr-Kernel --version 16543.0.0 --static
[minimal-it8xxx2:ro] -- Application: /mnt/host/source/src/platform/ec/zephyr/program/minimal
[minimal-it8xxx2:ro] -- CMake version: 3.31.7
[dooku:rw] [346/347] Building C object zephyr/kernel/CMakeFiles/kernel.dir/dynamic_disabled.c.obj
Toolchain <zmake.toolchains.CorebootSdkToolchain object at 0x7f4120534550> selected by probe function.
[trulo-ti] Building in /mnt/host/source/src/platform/ec/build/zephyr/trulo-ti.
[dirks:rw] INFO:root:Using a static version string
[dirks:rw] INFO:root:Version string: Zephyr-Kernel-16543.0.0
[dirks:rw] INFO:root:Writing header to /mnt/host/source/src/platform/ec/build/zephyr/dirks/build-rw/modules/ec/zephyr/include/ec_version.h
[dirks:rw] [4/372] Generating include/generated/zephyr/version.h
[dirks:rw] -- git describe warned: warning: tag 'upstream/v2.7.99' is externally known as 'v2.7.99'
[dooku:rw] [347/347] Linking C static library zephyr/kernel/libkernel.a
[brox-sku4:rw] [55/385] Building C object zephyr/CMakeFiles/zephyr.dir/subsys/shell/modules/kernel_service/uptime.c.obj
[craask:rw] [13/416] Building C object zephyr/CMakeFiles/zephyr.dir/lib/os/cbprintf_packaged.c.obj
[minimal-it8xxx2:rw] -- Found Python3: /usr/bin/python3.11 (found suitable version "3.11.11", minimum required is "3.10") found components: Interpreter
[minimal-it8xxx2:rw] -- Cache files will be written to: /mnt/host/source/src/platform/ec/build/zephyr/user-cache
[minimal-it8xxx2:rw] -- Zephyr version: 4.3.99 (/mnt/host/source/src/third_party/zephyr/main)
[minimal-it8xxx2:ro] -- Found Python3: /usr/bin/python3.11 (found suitable version "3.11.11", minimum required is "3.10") found components: Interpreter
[minimal-it8xxx2:ro] -- Cache files will be written to: /mnt/host/source/src/platform/ec/build/zephyr/user-cache
[minimal-it8xxx2:ro] -- Zephyr version: 4.3.99 (/mnt/host/source/src/third_party/zephyr/main)
[craask:rw] [14/416] Building C object zephyr/CMakeFiles/zephyr.dir/lib/os/clock.c.obj
[brox-sku4:rw] [56/385] Building C object zephyr/CMakeFiles/zephyr.dir/subsys/shell/modules/kernel_service/version.c.obj
[brox-sku4:rw] [57/385] Building C object zephyr/CMakeFiles/zephyr.dir/subsys/shell/modules/kernel_service/thread/thread.c.obj
[craask:rw] [15/416] Building C object zephyr/CMakeFiles/zephyr.dir/lib/os/printk.c.obj
[craask:ro] [13/414] Building C object zephyr/CMakeFiles/zephyr.dir/lib/os/cbprintf_packaged.c.obj
[dirks:rw] -- Zephyr version: 4.3.99 (/mnt/host/source/src/third_party/zephyr/main)
[dirks:rw] [5/372] Generating misc/generated/syscalls.json, misc/generated/struct_tags.json
[craask:ro] [14/414] Building C object zephyr/CMakeFiles/zephyr.dir/lib/os/clock.c.obj
[craask:ro] [15/414] Building C object zephyr/CMakeFiles/zephyr.dir/lib/os/printk.c.obj
[dirks:rw] [6/372] Generating include/generated/zephyr/syscall_dispatch.c, include/generated/zephyr/syscall_exports_llext.c, syscall_weakdefs_llext.c, include/generated/zephyr/syscall_list.h
[brox-sku4:rw] [58/385] Building C object zephyr/CMakeFiles/zephyr.dir/subsys/shell/modules/kernel_service/thread/list.c.obj
[craask:rw] [16/416] Building C object zephyr/CMakeFiles/zephyr.dir/lib/os/sem.c.obj
[dirks:rw] [7/372] Generating include/generated/zephyr/driver-validation.h
[craask:rw] [17/416] Building C object zephyr/CMakeFiles/zephyr.dir/lib/os/thread_entry.c.obj
[brox-sku4:rw] [59/385] Building C object zephyr/CMakeFiles/zephyr.dir/subsys/shell/modules/kernel_service/thread/stacks.c.obj
[brox-sku4:rw] [60/385] Building C object zephyr/CMakeFiles/zephyr.dir/subsys/shell/modules/kernel_service/thread/unwind.c.obj
[dirks:rw] [8/372] Generating include/generated/zephyr/kobj-types-enum.h, include/generated/zephyr/otype-to-str.h, include/generated/zephyr/otype-to-size.h
[dirks:rw] [9/372] Generating include/generated/device-api-sections.ld, include/generated/device-api-sections.cmake
[craask:rw] [18/416] Building C object zephyr/CMakeFiles/zephyr.dir/lib/os/cbprintf_nano.c.obj
[craask:ro] [16/414] Building C object zephyr/CMakeFiles/zephyr.dir/lib/os/sem.c.obj
[craask:ro] [17/414] Building C object zephyr/CMakeFiles/zephyr.dir/lib/os/thread_entry.c.obj
[craask:ro] [18/414] Building C object zephyr/CMakeFiles/zephyr.dir/lib/os/cbprintf_nano.c.obj
[brox-sku4:rw] [61/385] Building C object zephyr/CMakeFiles/zephyr.dir/subsys/shell/modules/kernel_service/thread/suspend.c.obj
[minimal-it8xxx2:rw] -- Board: it8xxx2, qualifiers: it81302bx
[craask:ro] [19/414] Building C object zephyr/CMakeFiles/zephyr.dir/lib/os/cbprintf.c.obj
[minimal-it8xxx2:ro] -- Board: it8xxx2, qualifiers: it81302bx
[craask:rw] [19/416] Building C object zephyr/CMakeFiles/zephyr.dir/lib/os/cbprintf.c.obj
[craask:rw] [20/416] Building C object zephyr/CMakeFiles/zephyr.dir/lib/utils/dec.c.obj
[craask:ro] [20/414] Building C object zephyr/CMakeFiles/zephyr.dir/lib/utils/dec.c.obj
[craask:ro] [21/414] Building C object zephyr/CMakeFiles/zephyr.dir/lib/utils/hex.c.obj
[brox-sku4:rw] [62/385] Building C object zephyr/CMakeFiles/zephyr.dir/subsys/shell/modules/kernel_service/thread/resume.c.obj
[dirks:rw] [10/372] Building C object zephyr/CMakeFiles/offsets.dir/arch/riscv/core/offsets/offsets.c.obj
[craask:rw] [21/416] Building C object zephyr/CMakeFiles/zephyr.dir/lib/os/assert.c.obj
[brox-sku4:rw] [63/385] Building C object zephyr/CMakeFiles/zephyr.dir/subsys/shell/modules/kernel_service/thread/kill.c.obj
[craask:rw] [22/416] Building C object zephyr/CMakeFiles/zephyr.dir/lib/utils/hex.c.obj
[craask:ro] [22/414] Building C object zephyr/CMakeFiles/zephyr.dir/lib/utils/timeutil.c.obj
[dirks:rw] [11/372] Generating include/generated/zephyr/offsets.h
[craask:ro] [23/414] Building C object zephyr/CMakeFiles/zephyr.dir/lib/os/assert.c.obj
[craask:rw] [23/416] Building C object zephyr/CMakeFiles/zephyr.dir/lib/utils/timeutil.c.obj
[craask:ro] [24/414] Building C object zephyr/CMakeFiles/zephyr.dir/lib/utils/bitmask.c.obj
[craask:ro] [25/414] Building C object zephyr/CMakeFiles/zephyr.dir/lib/utils/rb.c.obj
[brox-sku4:rw] [64/385] Building C object zephyr/CMakeFiles/zephyr.dir/subsys/shell/backends/shell_uart.c.obj
[craask:rw] [24/416] Building C object zephyr/CMakeFiles/zephyr.dir/lib/utils/rb.c.obj
[craask:ro] [26/414] Building C object zephyr/CMakeFiles/zephyr.dir/lib/utils/bitarray.c.obj
[craask:rw] [25/416] Building C object zephyr/CMakeFiles/zephyr.dir/lib/utils/bitmask.c.obj
[brox-sku4:rw] [65/385] Building C object zephyr/CMakeFiles/zephyr.dir/subsys/shell/shell_fprintf.c.obj
[craask:ro] [27/414] Building C object zephyr/CMakeFiles/zephyr.dir/lib/utils/ring_buffer.c.obj
[craask:ro] [28/414] Building C object zephyr/CMakeFiles/zephyr.dir/lib/utils/last_section_id.c.obj
[/mnt/host/source/src/platform/ec/build/zephyr/frostflow-lcov]   /mnt/host/source/src/platform/ec/build/zephyr/frostflow/build-rw/modules/ec/zephyr/CMakeFiles/ec_shim.dir/shim/src/bc12.c.gcno:no functions found
[/mnt/host/source/src/platform/ec/build/zephyr/frostflow-lcov] stderr:
[dirks:rw] [12/372] Building C object CMakeFiles/app.dir/mnt/host/source/src/platform/ec/zephyr/subsys/ap_pwrseq/ap_events.c.obj
[craask:rw] [26/416] Building C object zephyr/CMakeFiles/zephyr.dir/lib/utils/bitarray.c.obj
[craask:ro] [29/414] Building C object zephyr/CMakeFiles/zephyr.dir/misc/generated/configs.c.obj
[craask:ro] [30/414] Building C object zephyr/CMakeFiles/zephyr.dir/lib/utils/getopt/getopt.c.obj
[craask:rw] [27/416] Building C object zephyr/CMakeFiles/zephyr.dir/lib/utils/ring_buffer.c.obj
[brox-sku4:rw] [66/385] Building C object zephyr/CMakeFiles/zephyr.dir/subsys/shell/shell.c.obj
[craask:ro] [31/414] Building C object zephyr/CMakeFiles/zephyr.dir/lib/utils/getopt/getopt_common.c.obj
[craask:rw] [28/416] Building C object zephyr/CMakeFiles/zephyr.dir/lib/utils/last_section_id.c.obj
[craask:rw] [29/416] Building C object zephyr/CMakeFiles/zephyr.dir/lib/utils/getopt/getopt.c.obj
[brox-sku4:rw] [67/385] Building C object zephyr/CMakeFiles/zephyr.dir/subsys/shell/shell_utils.c.obj
[craask:rw] [30/416] Building C object zephyr/CMakeFiles/zephyr.dir/misc/generated/configs.c.obj
[craask:rw] [31/416] Building C object zephyr/CMakeFiles/zephyr.dir/lib/utils/getopt/getopt_common.c.obj
[minimal-it8xxx2:rw] -- Found Dtc: /usr/bin/dtc (found suitable version "1.6.0", minimum required is "1.4.6")
[/mnt/host/source/src/platform/ec/build/zephyr/eirtae-lcov]   /mnt/host/source/src/platform/ec/build/zephyr/eirtae/build-rw/zephyr/CMakeFiles/zephyr.dir/soc/ite/ec/it8xxx2/check_regs.c.gcno:no functions found
[/mnt/host/source/src/platform/ec/build/zephyr/eirtae-lcov] Filter suppressions 'region':
[minimal-it8xxx2:rw] -- Found BOARD.dts: /mnt/host/source/src/platform/ec/zephyr/boards/google/it8xxx2/it8xxx2_it81302bx.dts
[minimal-it8xxx2:rw] -- Found devicetree overlay: /mnt/host/source/src/platform/ec/zephyr/program/minimal/it8xxx2.dts
[brox-sku4:rw] [68/385] Building C object zephyr/CMakeFiles/zephyr.dir/subsys/shell/shell_ops.c.obj
[dirks:rw] [13/372] Building C object CMakeFiles/app.dir/mnt/host/source/src/platform/ec/zephyr/subsys/ap_pwrseq/ap_power_interface.c.obj
[/mnt/host/source/src/platform/ec/build/zephyr/eirtae-lcov]     22 instances
[/mnt/host/source/src/platform/ec/build/zephyr/eirtae-lcov]     12 coverpoints
[/mnt/host/source/src/platform/ec/build/zephyr/eirtae-lcov] Message summary:
[/mnt/host/source/src/platform/ec/build/zephyr/eirtae-lcov]   14 ignore messages:
[/mnt/host/source/src/platform/ec/build/zephyr/eirtae-lcov]     gcov: 14
Running (initial) lcov on /mnt/host/source/src/platform/ec/build/zephyr/dooku.
[craask:ro] [32/414] Building C object zephyr/CMakeFiles/zephyr.dir/soc/nuvoton/npcx/common/power.c.obj
[craask:ro] [33/414] Building C object zephyr/CMakeFiles/zephyr.dir/soc/nuvoton/npcx/common/npcxn/registers.c.obj
[minimal-it8xxx2:ro] -- Found Dtc: /usr/bin/dtc (found suitable version "1.6.0", minimum required is "1.4.6")
[minimal-it8xxx2:ro] -- Found BOARD.dts: /mnt/host/source/src/platform/ec/zephyr/boards/google/it8xxx2/it8xxx2_it81302bx.dts
[minimal-it8xxx2:ro] -- Found devicetree overlay: /mnt/host/source/src/platform/ec/zephyr/program/minimal/it8xxx2.dts
[craask:ro] [34/414] Building C object zephyr/CMakeFiles/zephyr.dir/soc/nuvoton/npcx/common/scfg.c.obj
[brox-sku4:rw] [69/385] Building C object zephyr/CMakeFiles/zephyr.dir/subsys/shell/shell_help.c.obj
[craask:ro] [35/414] Building C object zephyr/CMakeFiles/zephyr.dir/soc/nuvoton/npcx/npcx9/soc.c.obj
Running `env -i PYTHONPATH=/usr/lib64/python-exec/python3.11:/mnt/host/source/src/platform/ec/zephyr/zmake:/usr/lib/python311.zip:/usr/lib/python3.11:/usr/lib/python3.11/lib-dynload:/usr/lib/python3.11/site-packages PW_PIGWEED_CIPD_INSTALL_DIR=/usr CROSTC_USER_ACKNOWLEDGES_THAT_RISCV_IS_EXPERIMENTAL=1 PATH=/mnt/host/source/chromite/bin:/usr/local/bin:/usr/bin:/bin:/opt/bin:/mnt/host/source/chromite/sdk/bin:/mnt/host/source/chromite/bin HOME=/home/jpmurphy JAVA_HOME=/etc/java-config-2/current-system-vm JDK_HOME=/etc/java-config-2/current-system-vm JAVAC=/etc/java-config-2/current-system-vm/bin/javac MAKEFLAGS=' -j16 --jobserver-auth=5,6' /usr/bin/lcov --gcov-tool /mnt/host/source/src/platform/ec/build/zephyr/dooku/build-rw/gcov.sh -q -o - -c -d /mnt/host/source/src/platform/ec/build/zephyr/dooku -t dooku --rc branch_coverage=1 --filter range --ignore-errors inconsistent,source --ignore-errors gcov,gcov -i`
[craask:rw] [32/416] Building C object zephyr/CMakeFiles/zephyr.dir/soc/nuvoton/npcx/common/power.c.obj
[brox-sku4:rw] [70/385] Building C object zephyr/CMakeFiles/zephyr.dir/subsys/shell/shell_history.c.obj
[craask:rw] [33/416] Building C object zephyr/CMakeFiles/zephyr.dir/soc/nuvoton/npcx/common/npcxn/registers.c.obj
[craask:rw] [34/416] Building C object zephyr/CMakeFiles/zephyr.dir/soc/nuvoton/npcx/common/scfg.c.obj
[brox-sku4:rw] [71/385] Building C object zephyr/CMakeFiles/zephyr.dir/drivers/flash/flash_util.c.obj
[brox-sku4:rw] [72/385] Linking C static library zephyr/libzephyr.a
[craask:ro] [36/414] Building C object zephyr/CMakeFiles/zephyr.dir/subsys/logging/log_minimal.c.obj
[dirks:rw] [14/372] Building C object CMakeFiles/app.dir/mnt/host/source/src/platform/ec/zephyr/subsys/ap_pwrseq/power_signals.c.obj
[craask:ro] [37/414] Building C object zephyr/CMakeFiles/zephyr.dir/subsys/pm/state.c.obj
[brox-sku4:rw] [73/385] Building C object zephyr/arch/common/CMakeFiles/arch__common.dir/sw_isr_common.c.obj
[craask:ro] [38/414] Building C object zephyr/CMakeFiles/zephyr.dir/subsys/pm/pm.c.obj
[craask:ro] [39/414] Building C object zephyr/CMakeFiles/zephyr.dir/subsys/mem_mgmt/mem_attr.c.obj
[minimal-it8xxx2:rw] -- Generated zephyr.dts: /mnt/host/source/src/platform/ec/build/zephyr/minimal-it8xxx2/build-rw/zephyr/zephyr.dts
[minimal-it8xxx2:rw] -- Generated pickled edt: /mnt/host/source/src/platform/ec/build/zephyr/minimal-it8xxx2/build-rw/zephyr/edt.pickle
[brox-sku4:rw] [74/385] Building C object zephyr/arch/common/CMakeFiles/arch__common.dir/dynamic_isr.c.obj
[minimal-it8xxx2:ro] -- Generated zephyr.dts: /mnt/host/source/src/platform/ec/build/zephyr/minimal-it8xxx2/build-ro/zephyr/zephyr.dts
[brox-sku4:rw] [75/385] Building C object zephyr/arch/common/CMakeFiles/arch__common.dir/init.c.obj
[craask:rw] [35/416] Building C object zephyr/CMakeFiles/zephyr.dir/soc/nuvoton/npcx/npcx9/soc.c.obj
[craask:rw] [36/416] Building C object zephyr/CMakeFiles/zephyr.dir/subsys/logging/log_minimal.c.obj
[/mnt/host/source/src/platform/ec/build/zephyr/yaviks-lcov]   /mnt/host/source/src/platform/ec/build/zephyr/yaviks/build-rw/zephyr/CMakeFiles/zephyr.dir/soc/ite/ec/it8xxx2/check_regs.c.gcno:no functions found
[/mnt/host/source/src/platform/ec/build/zephyr/yaviks-lcov] stderr:
[/mnt/host/source/src/platform/ec/build/zephyr/dooku-lcov] geninfo: WARNING: using JSON module "JSON::PP" - which is much slower than some alternatives.  Consider installing one of JSON::XS or Cpanel::JSON::XS
[minimal-it8xxx2:rw] -- Generated devicetree_generated.h: /mnt/host/source/src/platform/ec/build/zephyr/minimal-it8xxx2/build-rw/zephyr/include/generated/zephyr/devicetree_generated.h
[craask:rw] [37/416] Building C object zephyr/CMakeFiles/zephyr.dir/subsys/mem_mgmt/mem_attr.c.obj
[brox-sku4:rw] [76/385] Building C object zephyr/arch/common/CMakeFiles/arch__common.dir/xip.c.obj
[craask:ro] [40/414] Building C object zephyr/CMakeFiles/zephyr.dir/subsys/pm/policy/policy_latency.c.obj
[minimal-it8xxx2:ro] -- Generated pickled edt: /mnt/host/source/src/platform/ec/build/zephyr/minimal-it8xxx2/build-ro/zephyr/edt.pickle
[minimal-it8xxx2:ro] -- Generated devicetree_generated.h: /mnt/host/source/src/platform/ec/build/zephyr/minimal-it8xxx2/build-ro/zephyr/include/generated/zephyr/devicetree_generated.h
[craask:ro] [41/414] Building C object zephyr/CMakeFiles/zephyr.dir/subsys/pm/policy/policy_events.c.obj
[brox-sku4:rw] [77/385] Building C object zephyr/arch/common/CMakeFiles/isr_tables.dir/isr_tables.c.obj
[dirks:rw] [15/372] Building C object CMakeFiles/app.dir/mnt/host/source/src/platform/ec/zephyr/subsys/ap_pwrseq/signal_gpio.c.obj
[brox-sku4:rw] [78/385] Linking C static library zephyr/arch/common/libisr_tables.a
[craask:ro] [42/414] Building C object zephyr/CMakeFiles/zephyr.dir/subsys/pm/policy/policy_state_lock.c.obj
[craask:ro] [43/414] Building C object zephyr/CMakeFiles/zephyr.dir/subsys/pm/device.c.obj
[brox-sku4:rw] [79/385] Linking C static library zephyr/arch/common/libarch__common.a
[brox-sku4:rw] [80/385] Building C object zephyr/arch/arch/riscv/core/CMakeFiles/arch__riscv__core.dir/cpu_idle.c.obj
[craask:rw] [38/416] Building C object zephyr/CMakeFiles/zephyr.dir/subsys/pm/state.c.obj
[craask:rw] [39/416] Building C object zephyr/CMakeFiles/zephyr.dir/subsys/pm/pm.c.obj
[brox-sku4:rw] [81/385] Building C object zephyr/arch/arch/riscv/core/CMakeFiles/arch__riscv__core.dir/prep_c.c.obj
[craask:rw] [40/416] Building C object zephyr/CMakeFiles/zephyr.dir/subsys/pm/policy/policy_events.c.obj
[/mnt/host/source/src/platform/ec/build/zephyr/dooku-lcov] stderr:
[brox-sku4:rw] [82/385] Building C object zephyr/arch/arch/riscv/core/CMakeFiles/arch__riscv__core.dir/fatal.c.obj
[craask:ro] [44/414] Building C object zephyr/CMakeFiles/zephyr.dir/subsys/testsuite/coverage/coverage.c.obj
[craask:ro] [45/414] Building C object zephyr/CMakeFiles/zephyr.dir/subsys/pm/device_system_managed.c.obj
[brox-sku4:rw] [83/385] Building C object zephyr/arch/arch/riscv/core/CMakeFiles/arch__riscv__core.dir/irq_manage.c.obj
[dirks:rw] [16/372] Building C object CMakeFiles/app.dir/mnt/host/source/src/platform/ec/zephyr/subsys/ap_pwrseq/signal_vw.c.obj
[craask:ro] [46/414] Building C object zephyr/CMakeFiles/zephyr.dir/subsys/tracing/tracing_none.c.obj
[craask:rw] [41/416] Building C object zephyr/CMakeFiles/zephyr.dir/subsys/pm/policy/policy_latency.c.obj
[craask:ro] [47/414] Building C object zephyr/CMakeFiles/zephyr.dir/subsys/shell/modules/kernel_service/kernel_shell.c.obj
[brox-sku4:rw] [84/385] Building C object zephyr/arch/arch/riscv/core/CMakeFiles/arch__riscv__core.dir/reboot.c.obj
[/mnt/host/source/src/platform/ec/build/zephyr/dooku-lcov]   /mnt/host/source/src/platform/ec/build/zephyr/dooku/build-ro/modules/ec/zephyr/CMakeFiles/ec_shim.dir/shim/src/power.c.gcno:no functions found
[/mnt/host/source/src/platform/ec/build/zephyr/dooku-lcov] stderr:
[craask:rw] [42/416] Building C object zephyr/CMakeFiles/zephyr.dir/subsys/pm/policy/policy_state_lock.c.obj
[minimal-it8xxx2:ro] /mnt/host/source/src/platform/ec/build/zephyr/minimal-it8xxx2/build-ro/zephyr/zephyr.dts:1181.27-1832.5: Warning (avoid_unnecessary_addr_size): /soc/pin-controller: unnecessary #address-cells/#size-cells without "ranges" or child "reg" property
[minimal-it8xxx2:rw] /mnt/host/source/src/platform/ec/build/zephyr/minimal-it8xxx2/build-rw/zephyr/zephyr.dts:1181.27-1832.5: Warning (avoid_unnecessary_addr_size): /soc/pin-controller: unnecessary #address-cells/#size-cells without "ranges" or child "reg" property
[/mnt/host/source/src/platform/ec/build/zephyr/dooku-lcov]   /mnt/host/source/src/platform/ec/build/zephyr/dooku/build-ro/modules/ec/zephyr/CMakeFiles/ec_shim.dir/shim/src/thermal.c.gcno:no functions found
[/mnt/host/source/src/platform/ec/build/zephyr/dooku-lcov] stderr:
[brox-sku4:rw] [85/385] Building ASM object zephyr/arch/arch/riscv/core/CMakeFiles/arch__riscv__core.dir/reset.S.obj
[craask:ro] [48/414] Building C object zephyr/CMakeFiles/zephyr.dir/subsys/shell/modules/kernel_service/cycles.c.obj
[craask:rw] [43/416] Building C object zephyr/CMakeFiles/zephyr.dir/subsys/pm/device.c.obj
[brox-sku4:rw] [86/385] Building ASM object zephyr/arch/arch/riscv/core/CMakeFiles/arch__riscv__core.dir/switch.S.obj
[craask:ro] [49/414] Building C object zephyr/CMakeFiles/zephyr.dir/subsys/shell/modules/kernel_service/sleep.c.obj
[/mnt/host/source/src/platform/ec/build/zephyr/dooku-lcov]   /mnt/host/source/src/platform/ec/build/zephyr/dooku/build-ro/modules/ec/zephyr/CMakeFiles/ec_shim.dir/shim/src/battery.c.gcno:no functions found
[/mnt/host/source/src/platform/ec/build/zephyr/dooku-lcov] stderr:
[dirks:rw] [17/372] Building C object CMakeFiles/app.dir/mnt/host/source/src/platform/ec/zephyr/subsys/ap_pwrseq/signal_adc.c.obj
[craask:rw] [44/416] Building C object zephyr/CMakeFiles/zephyr.dir/subsys/pm/device_system_managed.c.obj
[craask:ro] [50/414] Building C object zephyr/CMakeFiles/zephyr.dir/subsys/shell/modules/kernel_service/version.c.obj
[craask:ro] [51/414] Building C object zephyr/CMakeFiles/zephyr.dir/subsys/shell/modules/kernel_service/uptime.c.obj
[brox-sku4:rw] [87/385] Building C object zephyr/arch/arch/riscv/core/CMakeFiles/arch__riscv__core.dir/thread.c.obj
[brox-sku4:rw] [88/385] Generating ../../../include/generated/libc/minimal/strerror_table.h
[craask:rw] [45/416] Building C object zephyr/CMakeFiles/zephyr.dir/subsys/testsuite/coverage/coverage.c.obj
[brox-sku4:rw] [89/385] Building C object zephyr/lib/libc/minimal/CMakeFiles/lib__libc__minimal.dir/source/stdlib/atoi.c.obj
[brox-sku4:rw] [90/385] Building ASM object zephyr/arch/arch/riscv/core/CMakeFiles/arch__riscv__core.dir/isr.S.obj
[brox-sku4:rw] [91/385] Building C object zephyr/arch/arch/riscv/core/CMakeFiles/arch__riscv__core.dir/stacktrace.c.obj
[craask:ro] [52/414] Building C object zephyr/CMakeFiles/zephyr.dir/subsys/shell/backends/shell_uart.c.obj
[brox-sku4:rw] [92/385] Linking C static library zephyr/arch/arch/riscv/core/libarch__riscv__core.a
[brox-sku4:rw] [93/385] Building C object zephyr/lib/libc/minimal/CMakeFiles/lib__libc__minimal.dir/source/stdlib/strtol.c.obj
[brox-sku4:rw] [94/385] Building C object zephyr/lib/libc/minimal/CMakeFiles/lib__libc__minimal.dir/source/stdlib/strtoul.c.obj
[craask:rw] [46/416] Building C object zephyr/CMakeFiles/zephyr.dir/subsys/tracing/tracing_none.c.obj
[brox-sku4:rw] [95/385] Building C object zephyr/lib/libc/minimal/CMakeFiles/lib__libc__minimal.dir/source/stdlib/bsearch.c.obj
[/mnt/host/source/src/platform/ec/build/zephyr/dooku-lcov]   /mnt/host/source/src/platform/ec/build/zephyr/dooku/build-ro/modules/ec/zephyr/CMakeFiles/ec_shim.dir/shim/src/charger.c.gcno:no functions found
[/mnt/host/source/src/platform/ec/build/zephyr/dooku-lcov] stderr:
[brox-sku4:rw] [96/385] Building C object zephyr/lib/libc/minimal/CMakeFiles/lib__libc__minimal.dir/source/stdlib/strtoll.c.obj
[craask:ro] [53/414] Building C object zephyr/CMakeFiles/zephyr.dir/subsys/shell/shell.c.obj
[brox-sku4:rw] [97/385] Building C object zephyr/lib/libc/minimal/CMakeFiles/lib__libc__minimal.dir/source/stdlib/strtoull.c.obj
[craask:rw] [47/416] Building C object zephyr/CMakeFiles/zephyr.dir/subsys/shell/modules/kernel_service/kernel_shell.c.obj
[dirks:rw] [18/372] Building C object CMakeFiles/app.dir/mnt/host/source/src/platform/ec/zephyr/subsys/ap_pwrseq/power_host_sleep.c.obj
[craask:ro] [54/414] Building C object zephyr/CMakeFiles/zephyr.dir/subsys/shell/shell_fprintf.c.obj
[craask:ro] [55/414] Building C object zephyr/CMakeFiles/zephyr.dir/subsys/shell/shell_utils.c.obj
[brox-sku4:rw] [98/385] Building C object zephyr/lib/libc/minimal/CMakeFiles/lib__libc__minimal.dir/source/stdlib/qsort.c.obj
[brox-sku4:rw] [99/385] Building C object zephyr/lib/libc/minimal/CMakeFiles/lib__libc__minimal.dir/source/string/strerror.c.obj
[craask:rw] [48/416] Building C object zephyr/CMakeFiles/zephyr.dir/subsys/shell/modules/kernel_service/cycles.c.obj
[brox-sku4:rw] [100/385] Building C object zephyr/lib/libc/minimal/CMakeFiles/lib__libc__minimal.dir/source/string/strncasecmp.c.obj
[/mnt/host/source/src/platform/ec/build/zephyr/dooku-lcov]   /mnt/host/source/src/platform/ec/build/zephyr/dooku/build-ro/modules/ec/zephyr/CMakeFiles/ec_shim.dir/shim/src/usba.c.gcno:no functions found
[/mnt/host/source/src/platform/ec/build/zephyr/dooku-lcov] stderr:
[brox-sku4:rw] [101/385] Building C object zephyr/lib/libc/minimal/CMakeFiles/lib__libc__minimal.dir/source/string/strstr.c.obj
[brox-sku4:rw] [102/385] Building C object zephyr/lib/libc/minimal/CMakeFiles/lib__libc__minimal.dir/source/stdlib/exit.c.obj
[craask:ro] [56/414] Building C object zephyr/CMakeFiles/zephyr.dir/subsys/shell/shell_ops.c.obj
[craask:rw] [49/416] Building C object zephyr/CMakeFiles/zephyr.dir/subsys/shell/modules/kernel_service/sleep.c.obj
[brox-sku4:rw] [103/385] Building C object zephyr/lib/libc/minimal/CMakeFiles/lib__libc__minimal.dir/source/string/strspn.c.obj
[brox-sku4:rw] [104/385] Building C object zephyr/lib/libc/minimal/CMakeFiles/lib__libc__minimal.dir/source/string/string.c.obj
[craask:ro] [57/414] Building C object zephyr/CMakeFiles/zephyr.dir/subsys/shell/shell_history.c.obj
[craask:rw] [50/416] Building C object zephyr/CMakeFiles/zephyr.dir/subsys/shell/modules/kernel_service/uptime.c.obj
[dirks:rw] [19/372] Building C object CMakeFiles/app.dir/mnt/host/source/src/platform/ec/zephyr/subsys/ap_pwrseq/x86_non_dsx_common_pwrseq_sm_handler.c.obj
[craask:ro] [58/414] Building C object zephyr/CMakeFiles/zephyr.dir/drivers/flash/flash_util.c.obj
[craask:ro] [59/414] Building C object zephyr/arch/common/CMakeFiles/arch__common.dir/sw_isr_common.c.obj
[craask:ro] [60/414] Building C object zephyr/arch/common/CMakeFiles/arch__common.dir/init.c.obj
[brox-sku4:rw] [105/385] Building C object zephyr/lib/libc/minimal/CMakeFiles/lib__libc__minimal.dir/source/stdout/stdout_console.c.obj
[craask:ro] [61/414] Linking C static library zephyr/libzephyr.a
[craask:rw] [51/416] Building C object zephyr/CMakeFiles/zephyr.dir/subsys/shell/modules/kernel_service/version.c.obj
[brox-sku4:rw] [106/385] Building C object zephyr/lib/libc/minimal/CMakeFiles/lib__libc__minimal.dir/source/stdout/sprintf.c.obj
[brox-sku4:rw] [107/385] Building C object zephyr/lib/libc/minimal/CMakeFiles/lib__libc__minimal.dir/source/stdout/fprintf.c.obj
[brox-sku4:rw] [108/385] Building C object zephyr/lib/libc/minimal/CMakeFiles/lib__libc__minimal.dir/source/math/sqrtf.c.obj
[craask:rw] [52/416] Building C object zephyr/CMakeFiles/zephyr.dir/subsys/shell/backends/shell_uart.c.obj
[craask:ro] [62/414] Building C object zephyr/arch/common/CMakeFiles/arch__common.dir/xip.c.obj
[brox-sku4:rw] [109/385] Building C object zephyr/lib/libc/minimal/CMakeFiles/lib__libc__minimal.dir/source/math/sqrt.c.obj
[craask:ro] [63/414] Building ASM object zephyr/arch/arch/arm/core/CMakeFiles/arch__arm__core.dir/nmi_on_reset.S.obj
[dirks:rw] [20/372] Building C object CMakeFiles/app.dir/mnt/host/source/src/platform/ec/zephyr/subsys/ap_pwrseq/x86_non_dsx_chipset_power_state.c.obj
[craask:ro] [64/414] Building C object zephyr/arch/common/CMakeFiles/isr_tables.dir/isr_tables.c.obj
[craask:ro] [65/414] Linking C static library zephyr/arch/common/libisr_tables.a
[craask:rw] [53/416] Building C object zephyr/CMakeFiles/zephyr.dir/subsys/shell/shell.c.obj
[craask:rw] [54/416] Building C object zephyr/CMakeFiles/zephyr.dir/subsys/shell/shell_fprintf.c.obj
[craask:ro] [66/414] Building C object zephyr/arch/arch/arm/core/CMakeFiles/arch__arm__core.dir/fatal.c.obj
[craask:ro] [67/414] Linking C static library zephyr/arch/common/libarch__common.a
[craask:ro] [68/414] Building C object zephyr/arch/arch/arm/core/CMakeFiles/arch__arm__core.dir/nmi.c.obj
[brox-sku4:rw] [110/385] Building C object zephyr/lib/libc/common/CMakeFiles/lib__libc__common.dir/source/time/asctime.c.obj
[brox-sku4:rw] [111/385] Building C object zephyr/lib/libc/minimal/CMakeFiles/lib__libc__minimal.dir/source/time/gmtime.c.obj
[brox-sku4:rw] [112/385] Linking C static library zephyr/lib/libc/minimal/liblib__libc__minimal.a
[craask:ro] [69/414] Linking C static library zephyr/arch/arch/arm/core/libarch__arm__core.a
[craask:ro] [70/414] Building ASM object zephyr/arch/arch/arm/core/cortex_m/CMakeFiles/arch__arm__core__cortex_m.dir/fault_s.S.obj
[minimal-it8xxx2:rw] Parsing /mnt/host/source/src/third_party/zephyr/main/Kconfig
[brox-sku4:rw] [113/385] Building C object zephyr/lib/libc/common/CMakeFiles/lib__libc__common.dir/source/stdlib/abort.c.obj
[brox-sku4:rw] [114/385] Building C object zephyr/lib/libc/common/CMakeFiles/lib__libc__common.dir/source/time/gmtime_r.c.obj
[minimal-it8xxx2:ro] Parsing /mnt/host/source/src/third_party/zephyr/main/Kconfig
[craask:rw] [55/416] Building C object zephyr/CMakeFiles/zephyr.dir/subsys/shell/shell_utils.c.obj
[brox-sku4:rw] [115/385] Building C object zephyr/lib/libc/common/CMakeFiles/lib__libc__common.dir/source/time/ctime.c.obj
[brox-sku4:rw] [116/385] Building C object zephyr/lib/libc/common/CMakeFiles/lib__libc__common.dir/source/time/localtime_r_utc.c.obj
[brox-sku4:rw] [117/385] Building C object zephyr/lib/libc/common/CMakeFiles/lib__libc__common.dir/source/time/time.c.obj
[craask:ro] [71/414] Building C object zephyr/arch/arch/arm/core/cortex_m/CMakeFiles/arch__arm__core__cortex_m.dir/exc_exit.c.obj
[brox-sku4:rw] [118/385] Building C object zephyr/lib/libc/common/CMakeFiles/lib__libc__common.dir/source/string/strnlen.c.obj
[dirks:rw] [21/372] Building C object CMakeFiles/app.dir/mnt/host/source/src/platform/ec/zephyr/subsys/ap_pwrseq/x86_non_dsx_common_pwrseq_host_sleep.c.obj
[craask:rw] [56/416] Building C object zephyr/CMakeFiles/zephyr.dir/subsys/shell/shell_history.c.obj
[craask:rw] [57/416] Building C object zephyr/CMakeFiles/zephyr.dir/subsys/shell/shell_ops.c.obj
[brox-sku4:rw] [119/385] Building C object zephyr/lib/posix/c_lib_ext/CMakeFiles/lib__posix__c_lib_ext.dir/fnmatch.c.obj
[craask:ro] [72/414] Building C object zephyr/arch/arch/arm/core/cortex_m/CMakeFiles/arch__arm__core__cortex_m.dir/fpu.c.obj
[craask:ro] [73/414] Building C object zephyr/arch/arch/arm/core/cortex_m/CMakeFiles/arch__arm__core__cortex_m.dir/fault.c.obj
[craask:ro] [74/414] Building ASM object zephyr/arch/arch/arm/core/cortex_m/CMakeFiles/arch__arm__core__cortex_m.dir/reset.S.obj
[/mnt/host/source/src/platform/ec/build/zephyr/yaviks-lcov]   /mnt/host/source/src/platform/ec/build/zephyr/yaviks/build-rw/zephyr/drivers/sensor/CMakeFiles/drivers__sensor.dir/mnt/host/source/src/third_party/zephyr/main/misc/empty_file.c.gcno:no functions found
[/mnt/host/source/src/platform/ec/build/zephyr/yaviks-lcov] Filter suppressions 'region':
[minimal-it8xxx2:rw] Loaded configuration '/mnt/host/source/src/platform/ec/zephyr/boards/google/it8xxx2/it8xxx2_it81302bx_defconfig'
[minimal-it8xxx2:rw] Merged configuration '/mnt/host/source/src/platform/ec/zephyr/program/minimal/prj.conf'
[minimal-it8xxx2:rw] Merged configuration '/mnt/host/source/src/platform/ec/build/zephyr/minimal-it8xxx2/kconfig-rw.conf'
[minimal-it8xxx2:rw] Configuration saved to '/mnt/host/source/src/platform/ec/build/zephyr/minimal-it8xxx2/build-rw/zephyr/.config'
[minimal-it8xxx2:rw] Kconfig header saved to '/mnt/host/source/src/platform/ec/build/zephyr/minimal-it8xxx2/build-rw/zephyr/include/generated/zephyr/autoconf.h'
[minimal-it8xxx2:rw] -- Found GnuLd: /home/jpmurphy/.cache/coreboot-sdk/riscv64-elf/96b949749225b6aaa92ed810ab769e8dfb12f000/riscv64-elf/bin/ld.bfd (found version "2.43.1")
[/mnt/host/source/src/platform/ec/build/zephyr/yaviks-lcov]     37 instances
[/mnt/host/source/src/platform/ec/build/zephyr/yaviks-lcov]     32 coverpoints
[/mnt/host/source/src/platform/ec/build/zephyr/yaviks-lcov] Message summary:
[/mnt/host/source/src/platform/ec/build/zephyr/yaviks-lcov]   33 ignore messages:
[/mnt/host/source/src/platform/ec/build/zephyr/yaviks-lcov]     gcov: 33
[minimal-it8xxx2:ro] Loaded configuration '/mnt/host/source/src/platform/ec/zephyr/boards/google/it8xxx2/it8xxx2_it81302bx_defconfig'
[minimal-it8xxx2:ro] Merged configuration '/mnt/host/source/src/platform/ec/zephyr/program/minimal/prj.conf'
[minimal-it8xxx2:ro] Merged configuration '/mnt/host/source/src/platform/ec/build/zephyr/minimal-it8xxx2/kconfig-ro.conf'
[brox-sku4:rw] [120/385] Building C object zephyr/lib/libc/common/CMakeFiles/lib__libc__common.dir/source/stdlib/malloc.c.obj
[minimal-it8xxx2:ro] Configuration saved to '/mnt/host/source/src/platform/ec/build/zephyr/minimal-it8xxx2/build-ro/zephyr/.config'
[minimal-it8xxx2:ro] Kconfig header saved to '/mnt/host/source/src/platform/ec/build/zephyr/minimal-it8xxx2/build-ro/zephyr/include/generated/zephyr/autoconf.h'
[minimal-it8xxx2:ro] -- Found GnuLd: /home/jpmurphy/.cache/coreboot-sdk/riscv64-elf/96b949749225b6aaa92ed810ab769e8dfb12f000/riscv64-elf/bin/ld.bfd (found version "2.43.1")
[craask:rw] [58/416] Building C object zephyr/arch/common/CMakeFiles/arch__common.dir/init.c.obj
[craask:ro] [75/414] Building ASM object zephyr/arch/arch/arm/core/cortex_m/CMakeFiles/arch__arm__core__cortex_m.dir/vector_table.S.obj
[brox-sku4:rw] [121/385] Linking C static library zephyr/lib/libc/common/liblib__libc__common.a
[minimal-it8xxx2:rw] -- The C compiler identification is GNU 14.2.0
[craask:ro] [76/414] Building C object zephyr/arch/arch/arm/core/cortex_m/CMakeFiles/arch__arm__core__cortex_m.dir/scb.c.obj
[craask:rw] [59/416] Building C object zephyr/CMakeFiles/zephyr.dir/drivers/flash/flash_util.c.obj
[dirks:rw] [22/372] Building C object CMakeFiles/app.dir/mnt/host/source/src/platform/ec/zephyr/subsys/ap_pwrseq/x86_non_dsx_common_pwrseq_console.c.obj
[brox-sku4:rw] [122/385] Building C object zephyr/lib/posix/c_lib_ext/CMakeFiles/lib__posix__c_lib_ext.dir/getentropy.c.obj
[brox-sku4:rw] [123/385] Building C object zephyr/lib/posix/c_lib_ext/CMakeFiles/lib__posix__c_lib_ext.dir/getopt_shim.c.obj
[craask:rw] [60/416] Building C object zephyr/arch/common/CMakeFiles/arch__common.dir/sw_isr_common.c.obj
[brox-sku4:rw] [124/385] Linking C static library zephyr/lib/posix/c_lib_ext/liblib__posix__c_lib_ext.a
[brox-sku4:rw] [125/385] Building C object zephyr/subsys/crc/CMakeFiles/subsys__crc.dir/crc4_sw.c.obj
[craask:rw] [61/416] Linking C static library zephyr/libzephyr.a
[minimal-it8xxx2:ro] -- The C compiler identification is GNU 14.2.0
[minimal-it8xxx2:rw] -- The CXX compiler identification is GNU 14.2.0
[brox-sku4:rw] [126/385] Building C object zephyr/subsys/crc/CMakeFiles/subsys__crc.dir/crc8_sw.c.obj
[minimal-it8xxx2:rw] -- The ASM compiler identification is GNU
[craask:ro] [77/414] Building ASM object zephyr/arch/arch/arm/core/cortex_m/CMakeFiles/arch__arm__core__cortex_m.dir/swap_helper.S.obj
[minimal-it8xxx2:rw] -- Found assembler: /home/jpmurphy/.cache/coreboot-sdk/riscv64-elf/96b949749225b6aaa92ed810ab769e8dfb12f000/bin/riscv64-elf-gcc
[minimal-it8xxx2:rw] CMake Warning at /mnt/host/source/src/platform/ec/zephyr/cmake/linker/ld/linker_libraries.cmake:11 (message):
[minimal-it8xxx2:rw]   Disabling c_library
[minimal-it8xxx2:rw] Call Stack (most recent call first):
[minimal-it8xxx2:rw]   /mnt/host/source/src/third_party/zephyr/main/cmake/target_toolchain_flags.cmake:48 (include)
[minimal-it8xxx2:rw]   /mnt/host/source/src/third_party/zephyr/main/cmake/modules/kernel.cmake:153 (include)
[minimal-it8xxx2:rw]   /mnt/host/source/src/third_party/zephyr/main/cmake/modules/zephyr_default.cmake:138 (include)
[minimal-it8xxx2:rw]   /mnt/host/source/src/third_party/zephyr/main/share/zephyr-package/cmake/ZephyrConfig.cmake:66 (include)
[minimal-it8xxx2:rw]   /mnt/host/source/src/third_party/zephyr/main/share/zephyr-package/cmake/ZephyrConfig.cmake:97 (include_boilerplate)
[minimal-it8xxx2:rw]   CMakeLists.txt:6 (find_package)
[brox-sku4:rw] [127/385] Building C object zephyr/subsys/crc/CMakeFiles/subsys__crc.dir/crc16_sw.c.obj
[craask:ro] [78/414] Building C object zephyr/arch/arch/arm/core/cortex_m/CMakeFiles/arch__arm__core__cortex_m.dir/thread_abort.c.obj
[minimal-it8xxx2:ro] -- The CXX compiler identification is GNU 14.2.0
[brox-sku4:rw] [128/385] Building C object zephyr/subsys/crc/CMakeFiles/subsys__crc.dir/crc7_sw.c.obj
[minimal-it8xxx2:ro] -- The ASM compiler identification is GNU
[minimal-it8xxx2:ro] -- Found assembler: /home/jpmurphy/.cache/coreboot-sdk/riscv64-elf/96b949749225b6aaa92ed810ab769e8dfb12f000/bin/riscv64-elf-gcc
[minimal-it8xxx2:ro] CMake Warning at /mnt/host/source/src/platform/ec/zephyr/cmake/linker/ld/linker_libraries.cmake:11 (message):
[minimal-it8xxx2:ro]   Disabling c_library
[minimal-it8xxx2:ro] Call Stack (most recent call first):
[minimal-it8xxx2:ro]   /mnt/host/source/src/third_party/zephyr/main/cmake/target_toolchain_flags.cmake:48 (include)
[minimal-it8xxx2:ro]   /mnt/host/source/src/third_party/zephyr/main/cmake/modules/kernel.cmake:153 (include)
[minimal-it8xxx2:ro]   /mnt/host/source/src/third_party/zephyr/main/cmake/modules/zephyr_default.cmake:138 (include)
[minimal-it8xxx2:ro]   /mnt/host/source/src/third_party/zephyr/main/share/zephyr-package/cmake/ZephyrConfig.cmake:66 (include)
[minimal-it8xxx2:ro]   /mnt/host/source/src/third_party/zephyr/main/share/zephyr-package/cmake/ZephyrConfig.cmake:97 (include_boilerplate)
[minimal-it8xxx2:ro]   CMakeLists.txt:6 (find_package)
[brox-sku4:rw] [129/385] Building C object zephyr/subsys/crc/CMakeFiles/subsys__crc.dir/crc24_sw.c.obj
[brox-sku4:rw] [130/385] Building C object zephyr/subsys/crc/CMakeFiles/subsys__crc.dir/crc32c_sw.c.obj
[craask:ro] [79/414] Building C object zephyr/arch/arch/arm/core/cortex_m/CMakeFiles/arch__arm__core__cortex_m.dir/irq_manage.c.obj
[craask:rw] [62/416] Building C object zephyr/arch/common/CMakeFiles/arch__common.dir/xip.c.obj
[dirks:rw] [23/372] Building C object CMakeFiles/app.dir/mnt/host/source/src/platform/ec/zephyr/subsys/ap_pwrseq/x86_non_dsx_common_pwrseq_host_command.c.obj
[craask:ro] [80/414] Building C object zephyr/arch/arch/arm/core/cortex_m/CMakeFiles/arch__arm__core__cortex_m.dir/prep_c.c.obj
[brox-sku4:rw] [131/385] Building C object zephyr/subsys/crc/CMakeFiles/subsys__crc.dir/crc32_sw.c.obj
[brox-sku4:rw] [132/385] Building C object zephyr/lib/smf/CMakeFiles/lib__smf.dir/smf.c.obj
[brox-sku4:rw] [133/385] Linking C static library zephyr/lib/smf/liblib__smf.a
[craask:rw] [63/416] Building C object zephyr/arch/common/CMakeFiles/isr_tables.dir/isr_tables.c.obj
[craask:rw] [64/416] Linking C static library zephyr/arch/common/libisr_tables.a
[brox-sku4:rw] [134/385] Building C object zephyr/subsys/crc/CMakeFiles/subsys__crc.dir/crc32k_4_2_sw.c.obj
[brox-sku4:rw] [135/385] Linking C static library zephyr/subsys/crc/libsubsys__crc.a
[craask:rw] [65/416] Linking C static library zephyr/arch/common/libarch__common.a
[dirks:rw] [24/372] Building C object CMakeFiles/app.dir/mnt/host/source/src/platform/ec/zephyr/subsys/ap_pwrseq/x86_non_dsx_adlp_pwrseq_sm.c.obj
[minimal-it8xxx2:rw] -- Performing EC specific devicetree checks
[brox-sku4:rw] [136/385] Building C object zephyr/subsys/input/CMakeFiles/subsys__input.dir/input_hid.c.obj
[craask:rw] [66/416] Building C object zephyr/arch/arch/arm/core/CMakeFiles/arch__arm__core.dir/fatal.c.obj
[minimal-it8xxx2:ro] -- Performing EC specific devicetree checks
[craask:rw] [67/416] Building ASM object zephyr/arch/arch/arm/core/CMakeFiles/arch__arm__core.dir/nmi_on_reset.S.obj
[minimal-it8xxx2:rw] INFO: Verified 1 GPIOs, no duplicates found
[minimal-it8xxx2:rw] INFO: Verified 0 '*-gpios' properties, all flags match.
[craask:ro] [81/414] Building C object zephyr/arch/arch/arm/core/cortex_m/CMakeFiles/arch__arm__core__cortex_m.dir/thread.c.obj
[craask:ro] [82/414] Building C object zephyr/arch/arch/arm/core/cortex_m/CMakeFiles/arch__arm__core__cortex_m.dir/cpu_idle.c.obj
[minimal-it8xxx2:ro] INFO: Verified 1 GPIOs, no duplicates found
[minimal-it8xxx2:ro] INFO: Verified 0 '*-gpios' properties, all flags match.
[minimal-it8xxx2:ro] INFO: Skipped 1 named-gpios children.
[craask:ro] [83/414] Building C object zephyr/arch/arch/arm/core/cortex_m/CMakeFiles/arch__arm__core__cortex_m.dir/irq_init.c.obj
[craask:ro] [84/414] Building C object zephyr/arch/arch/arm/core/cortex_m/CMakeFiles/arch__arm__core__cortex_m.dir/isr_wrapper.c.obj
[dirks:rw] [25/372] Building C object CMakeFiles/app.dir/mnt/host/source/src/platform/ec/zephyr/subsys/ap_pwrseq/ap_reset_log.c.obj
[brox-sku4:rw] [137/385] Building C object zephyr/subsys/input/CMakeFiles/subsys__input.dir/input.c.obj
[craask:ro] [85/414] Linking C static library zephyr/arch/arch/arm/core/cortex_m/libarch__arm__core__cortex_m.a
[craask:rw] [68/416] Building C object zephyr/arch/arch/arm/core/CMakeFiles/arch__arm__core.dir/nmi.c.obj
[craask:ro] [86/414] Generating ../../../include/generated/libc/minimal/strerror_table.h
[craask:rw] [69/416] Linking C static library zephyr/arch/arch/arm/core/libarch__arm__core.a
[dirks:rw] [26/372] Building C object CMakeFiles/app.dir/mnt/host/source/src/platform/ec/build/zephyr/dirks/modules/ec/builtin/stdlib.c.obj
[brox-sku4:rw] [138/385] Building C object zephyr/subsys/input/CMakeFiles/subsys__input.dir/input_utils.c.obj
[minimal-it8xxx2:rw] -- warning_base_override: -Wall;-Wformat;-Wformat-security;-Wformat;-Wno-format-zero-length;-Wno-pointer-sign;-Wpointer-arith;-Wexpansion-to-defined
[craask:rw] [70/416] Building ASM object zephyr/arch/arch/arm/core/cortex_m/CMakeFiles/arch__arm__core__cortex_m.dir/fault_s.S.obj
[craask:ro] [87/414] Building C object zephyr/lib/libc/minimal/CMakeFiles/lib__libc__minimal.dir/source/stdlib/atoi.c.obj
[brox-sku4:rw] [139/385] Linking C static library zephyr/subsys/input/libsubsys__input.a
[brox-sku4:rw] [140/385] Building C object zephyr/drivers/interrupt_controller/CMakeFiles/drivers__interrupt_controller.dir/intc_ite_it8xxx2_v2.c.obj
[craask:rw] [71/416] Building C object zephyr/arch/arch/arm/core/cortex_m/CMakeFiles/arch__arm__core__cortex_m.dir/exc_exit.c.obj
[minimal-it8xxx2:ro] -- warning_base_override: -Wall;-Wformat;-Wformat-security;-Wformat;-Wno-format-zero-length;-Wno-pointer-sign;-Wpointer-arith;-Wexpansion-to-defined
[craask:ro] [88/414] Building C object zephyr/lib/libc/minimal/CMakeFiles/lib__libc__minimal.dir/source/stdlib/strtol.c.obj
[craask:ro] [89/414] Building C object zephyr/lib/libc/minimal/CMakeFiles/lib__libc__minimal.dir/source/stdlib/strtoul.c.obj
[minimal-it8xxx2:rw] -- Found gen_kobject_list: /mnt/host/source/src/third_party/zephyr/main/scripts/build/gen_kobject_list.py
[minimal-it8xxx2:rw] INFO: Skipped 1 named-gpios children.
[minimal-it8xxx2:rw] CMake Warning at /mnt/host/source/src/third_party/zephyr/main/CMakeLists.txt:1134 (message):
[craask:ro] [90/414] Building C object zephyr/arch/arch/arm/core/mpu/CMakeFiles/arch__arm__core__mpu.dir/arm_core_mpu.c.obj
[minimal-it8xxx2:rw]   No SOURCES given to Zephyr library: drivers__syscon
[minimal-it8xxx2:rw]   Excluding target from build.
[minimal-it8xxx2:rw] CMake Warning at /mnt/host/source/src/third_party/zephyr/main/CMakeLists.txt:2359 (message):
[dirks:rw] [27/372] Building C object CMakeFiles/app.dir/mnt/host/source/src/platform/ec/build/zephyr/dirks/modules/ec/common/base32.c.obj
[craask:rw] [72/416] Building C object zephyr/arch/arch/arm/core/cortex_m/CMakeFiles/arch__arm__core__cortex_m.dir/fault.c.obj
[craask:ro] [91/414] Building C object zephyr/arch/arch/arm/core/mpu/CMakeFiles/arch__arm__core__mpu.dir/arm_mpu_regions.c.obj
[craask:ro] [92/414] Building C object zephyr/lib/libc/minimal/CMakeFiles/lib__libc__minimal.dir/source/stdlib/strtoll.c.obj
[minimal-it8xxx2:rw] -- Configuring done (14.6s)
[craask:ro] [93/414] Building C object zephyr/arch/arch/arm/core/mpu/CMakeFiles/arch__arm__core__mpu.dir/arm_mpu.c.obj
[brox-sku4:rw] [141/385] Building C object zephyr/drivers/interrupt_controller/CMakeFiles/drivers__interrupt_controller.dir/wuc_ite_it8xxx2.c.obj
[craask:ro] [94/414] Building C object zephyr/lib/libc/minimal/CMakeFiles/lib__libc__minimal.dir/source/stdlib/strtoull.c.obj
[craask:ro] [95/414] Building C object zephyr/lib/libc/minimal/CMakeFiles/lib__libc__minimal.dir/source/stdlib/bsearch.c.obj
[craask:ro] [96/414] Linking C static library zephyr/arch/arch/arm/core/mpu/libarch__arm__core__mpu.a
[brox-sku4:rw] [142/385] Linking C static library zephyr/drivers/interrupt_controller/libdrivers__interrupt_controller.a
[minimal-it8xxx2:ro] -- Found gen_kobject_list: /mnt/host/source/src/third_party/zephyr/main/scripts/build/gen_kobject_list.py
[dirks:rw] [28/372] Building C object CMakeFiles/app.dir/mnt/host/source/src/platform/ec/build/zephyr/dirks/modules/ec/common/console_output.c.obj
[minimal-it8xxx2:ro] CMake Warning at /mnt/host/source/src/third_party/zephyr/main/CMakeLists.txt:1134 (message):
[minimal-it8xxx2:ro]   No SOURCES given to Zephyr library: drivers__syscon
[minimal-it8xxx2:ro]   Excluding target from build.
[minimal-it8xxx2:ro] CMake Warning at /mnt/host/source/src/third_party/zephyr/main/CMakeLists.txt:2359 (message):
[craask:ro] [97/414] Building C object zephyr/lib/libc/minimal/CMakeFiles/lib__libc__minimal.dir/source/string/strncasecmp.c.obj
[brox-sku4:rw] [143/385] Building C object zephyr/drivers/adc/CMakeFiles/drivers__adc.dir/adc_common.c.obj
[craask:rw] [73/416] Building C object zephyr/arch/arch/arm/core/cortex_m/CMakeFiles/arch__arm__core__cortex_m.dir/fpu.c.obj
[craask:ro] [98/414] Building C object zephyr/lib/libc/minimal/CMakeFiles/lib__libc__minimal.dir/source/string/strerror.c.obj
[minimal-it8xxx2:ro] -- Configuring done (15.0s)
[craask:rw] [74/416] Building ASM object zephyr/arch/arch/arm/core/cortex_m/CMakeFiles/arch__arm__core__cortex_m.dir/reset.S.obj
[craask:ro] [99/414] Building C object zephyr/lib/libc/minimal/CMakeFiles/lib__libc__minimal.dir/source/string/strstr.c.obj
[brox-sku4:rw] [144/385] Building C object zephyr/drivers/adc/CMakeFiles/drivers__adc.dir/adc_ite_it8xxx2.c.obj
[minimal-it8xxx2:rw] -- Generating done (0.5s)
[minimal-it8xxx2:rw]   __ASSERT() statements are globally ENABLED
[minimal-it8xxx2:rw] CMake Warning:
[minimal-it8xxx2:rw]   Manually-specified variables were not used by the project:
[minimal-it8xxx2:rw]     COREBOOT_SDK_ROOT_arm
[minimal-it8xxx2:rw]     COREBOOT_SDK_ROOT_libstdcxx_arm
[minimal-it8xxx2:rw]     COREBOOT_SDK_ROOT_libstdcxx_x86
[minimal-it8xxx2:rw]     COREBOOT_SDK_ROOT_nds32
[minimal-it8xxx2:rw]     COREBOOT_SDK_ROOT_picolibc_arm
[minimal-it8xxx2:rw]     COREBOOT_SDK_ROOT_picolibc_x86
[minimal-it8xxx2:rw]     COREBOOT_SDK_ROOT_riscv
[minimal-it8xxx2:rw]     COREBOOT_SDK_ROOT_x86
[minimal-it8xxx2:rw] -- Build files have been written to: /mnt/host/source/src/platform/ec/build/zephyr/minimal-it8xxx2/build-rw
[craask:ro] [100/414] Building C object zephyr/lib/libc/minimal/CMakeFiles/lib__libc__minimal.dir/source/stdlib/qsort.c.obj
[brox-sku4:rw] [145/385] Linking C static library zephyr/drivers/adc/libdrivers__adc.a
[craask:ro] [101/414] Building C object zephyr/lib/libc/minimal/CMakeFiles/lib__libc__minimal.dir/source/string/string.c.obj
[craask:ro] [102/414] Building C object zephyr/lib/libc/minimal/CMakeFiles/lib__libc__minimal.dir/source/string/strspn.c.obj
[craask:rw] [75/416] Building C object zephyr/arch/arch/arm/core/cortex_m/CMakeFiles/arch__arm__core__cortex_m.dir/scb.c.obj
[dirks:rw] [29/372] Building C object CMakeFiles/app.dir/mnt/host/source/src/platform/ec/build/zephyr/dirks/modules/ec/common/ec_features.c.obj
[minimal-it8xxx2:ro] -- Generating done (0.4s)
[minimal-it8xxx2:ro]   __ASSERT() statements are globally ENABLED
[minimal-it8xxx2:ro] CMake Warning:
[minimal-it8xxx2:ro]   Manually-specified variables were not used by the project:
[minimal-it8xxx2:ro]     COREBOOT_SDK_ROOT_arm
[minimal-it8xxx2:ro]     COREBOOT_SDK_ROOT_libstdcxx_arm
[minimal-it8xxx2:ro]     COREBOOT_SDK_ROOT_libstdcxx_x86
[minimal-it8xxx2:ro]     COREBOOT_SDK_ROOT_nds32
[minimal-it8xxx2:ro]     COREBOOT_SDK_ROOT_picolibc_arm
[minimal-it8xxx2:ro]     COREBOOT_SDK_ROOT_picolibc_x86
[minimal-it8xxx2:ro]     COREBOOT_SDK_ROOT_riscv
[minimal-it8xxx2:ro]     COREBOOT_SDK_ROOT_x86
[minimal-it8xxx2:ro] -- Build files have been written to: /mnt/host/source/src/platform/ec/build/zephyr/minimal-it8xxx2/build-ro
[craask:ro] [103/414] Building C object zephyr/lib/libc/minimal/CMakeFiles/lib__libc__minimal.dir/source/stdlib/exit.c.obj
[trulo-ti:ro] Configuring.
Running `env -i PYTHONPATH=/usr/lib64/python-exec/python3.11:/mnt/host/source/src/platform/ec/zephyr/zmake:/usr/lib/python311.zip:/usr/lib/python3.11:/usr/lib/python3.11/lib-dynload:/usr/lib/python3.11/site-packages PW_PIGWEED_CIPD_INSTALL_DIR=/usr CROSTC_USER_ACKNOWLEDGES_THAT_RISCV_IS_EXPERIMENTAL=1 PATH=/mnt/host/source/chromite/bin:/usr/local/bin:/usr/bin:/bin:/opt/bin:/mnt/host/source/chromite/sdk/bin:/mnt/host/source/chromite/bin HOME=/home/jpmurphy JAVA_HOME=/etc/java-config-2/current-system-vm JDK_HOME=/etc/java-config-2/current-system-vm JAVAC=/etc/java-config-2/current-system-vm/bin/javac MAKEFLAGS=' -j16 --jobserver-auth=5,6' /usr/bin/cmake -S /mnt/host/source/src/platform/ec/zephyr/program/trulo -B /mnt/host/source/src/platform/ec/build/zephyr/trulo-ti/build-ro -GNinja -DCMAKE_EXPORT_COMPILE_COMMANDS=ON -DZEPHYR_BASE=/mnt/host/source/src/third_party/zephyr/main -DZMAKE_INCLUDE_DIR=/mnt/host/source/src/platform/ec/build/zephyr/trulo-ti/include -DPython3_EXECUTABLE=/usr/bin/python3.11 -DDTS_ROOT=/mnt/host/source/src/platform/ec/zephyr -DSYSCALL_INCLUDE_DIRS=/mnt/host/source/src/platform/ec/zephyr/include/drivers -DUSER_CACHE_DIR=/mnt/host/source/src/platform/ec/build/zephyr/user-cache -DPW_ROOT=/mnt/host/source/src/third_party/pigweed -DNANOPB_DIR=/mnt/host/source/src/third_party/zephyr/nanopb '-DEXTRA_EC_VERSION_FLAGS=--version 16543.0.0 --static' -DTOOLCHAIN_ROOT=/mnt/host/source/src/platform/ec/zephyr -DCOREBOOT_SDK_ROOT_x86=/home/jpmurphy/.cache/coreboot-sdk/i386-elf/dfbb0486385d938cfa9d73080b9d18d598ed4f49 -DCOREBOOT_SDK_ROOT_picolibc_x86=/home/jpmurphy/.cache/coreboot-sdk/picolibc-i386-elf/eb8e8e687b95461de8cbf278f1c2076952d0ad17 -DCOREBOOT_SDK_ROOT_riscv64=/home/jpmurphy/.cache/coreboot-sdk/riscv64-elf/96b949749225b6aaa92ed810ab769e8dfb12f000 -DCOREBOOT_SDK_ROOT_picolibc_arm=/home/jpmurphy/.cache/coreboot-sdk/picolibc-arm-eabi/422a2aa3e1ef891b5bece9a3deb696ff83840d2e -DCOREBOOT_SDK_ROOT_nds32=/home/jpmurphy/.cache/coreboot-sdk/nds32le-elf/d1a518c4a097666d86058e1444f85ca015d15511 -DCOREBOOT_SDK_ROOT_picolibc_riscv64=/home/jpmurphy/.cache/coreboot-sdk/picolibc-riscv64-elf/f571e990ef0278564b31124f8bb109d9a697eb69 -DCOREBOOT_SDK_ROOT_arm=/home/jpmurphy/.cache/coreboot-sdk/arm-eabi/ea40ddd1d190c3b48435c474c0b545719371813a -DCOREBOOT_SDK_ROOT_libstdcxx_riscv64=/home/jpmurphy/.cache/coreboot-sdk/libstdcxx-riscv64-elf/17abf22a3a252e2d5d2062ced5324f7a623689e0 -DCOREBOOT_SDK_ROOT_libstdcxx_arm=/home/jpmurphy/.cache/coreboot-sdk/libstdcxx-arm-eabi/5d7d82e150e44aa1968f1d366e267e6687b328ac -DCOREBOOT_SDK_ROOT_riscv=/home/jpmurphy/.cache/coreboot-sdk/riscv-elf/9a27b9e82341c6e9126624f516ab3f261abb3e73 -DCOREBOOT_SDK_ROOT_libstdcxx_x86=/home/jpmurphy/.cache/coreboot-sdk/libstdcxx-i386-elf/42ef9d2e87a76a37963175d7d428734e65648b87 -DZEPHYR_TOOLCHAIN_VARIANT=coreboot-sdk '-DZEPHYR_MODULES=/mnt/host/source/src/platform/ec/build/zephyr/trulo-ti/modules/cmsis;/mnt/host/source/src/platform/ec/build/zephyr/trulo-ti/modules/cmsis_6;/mnt/host/source/src/platform/ec/build/zephyr/trulo-ti/modules/picolibc;/mnt/host/source/src/platform/ec/build/zephyr/trulo-ti/modules/ec;/mnt/host/source/src/platform/ec/build/zephyr/trulo-ti/modules/pigweed;/mnt/host/source/src/platform/ec/build/zephyr/trulo-ti/modules/nanopb' -DDTC_OVERLAY_FILE=/mnt/host/source/src/platform/ec/zephyr/program/trulo/trulo-ti/project.overlay -DBOARD=npcx9/npcx9m3f -DCMAKE_C_FLAGS=-DSECTION_IS_RO '-DCONF_FILE=/mnt/host/source/src/platform/ec/zephyr/program/trulo/program.conf;/mnt/host/source/src/platform/ec/zephyr/program/trulo/trulo/project.conf;/mnt/host/source/src/platform/ec/zephyr/program/trulo/trulo-ti/project.conf;/mnt/host/source/src/platform/ec/zephyr/program/trulo/dsp_comms.conf;/mnt/host/source/src/platform/ec/build/zephyr/trulo-ti/kconfig-ro.conf'`
[trulo-ti:ro] Loading Zephyr default modules (Zephyr base (cached)).
[trulo-ti:ro] -- Application: /mnt/host/source/src/platform/ec/zephyr/program/trulo
[trulo-ti:ro] -- CMake version: 3.31.7
[craask:rw] [76/416] Building ASM object zephyr/arch/arch/arm/core/cortex_m/CMakeFiles/arch__arm__core__cortex_m.dir/vector_table.S.obj
[brox-sku4:rw] [146/385] Building C object zephyr/drivers/bbram/CMakeFiles/drivers__bbram.dir/bbram_it8xxx2.c.obj
[trulo-ti:rw] Configuring.
Running `env -i PYTHONPATH=/usr/lib64/python-exec/python3.11:/mnt/host/source/src/platform/ec/zephyr/zmake:/usr/lib/python311.zip:/usr/lib/python3.11:/usr/lib/python3.11/lib-dynload:/usr/lib/python3.11/site-packages PW_PIGWEED_CIPD_INSTALL_DIR=/usr CROSTC_USER_ACKNOWLEDGES_THAT_RISCV_IS_EXPERIMENTAL=1 PATH=/mnt/host/source/chromite/bin:/usr/local/bin:/usr/bin:/bin:/opt/bin:/mnt/host/source/chromite/sdk/bin:/mnt/host/source/chromite/bin HOME=/home/jpmurphy JAVA_HOME=/etc/java-config-2/current-system-vm JDK_HOME=/etc/java-config-2/current-system-vm JAVAC=/etc/java-config-2/current-system-vm/bin/javac MAKEFLAGS=' -j16 --jobserver-auth=5,6' /usr/bin/cmake -S /mnt/host/source/src/platform/ec/zephyr/program/trulo -B /mnt/host/source/src/platform/ec/build/zephyr/trulo-ti/build-rw -GNinja -DCMAKE_EXPORT_COMPILE_COMMANDS=ON -DZEPHYR_BASE=/mnt/host/source/src/third_party/zephyr/main -DZMAKE_INCLUDE_DIR=/mnt/host/source/src/platform/ec/build/zephyr/trulo-ti/include -DPython3_EXECUTABLE=/usr/bin/python3.11 -DDTS_ROOT=/mnt/host/source/src/platform/ec/zephyr -DSYSCALL_INCLUDE_DIRS=/mnt/host/source/src/platform/ec/zephyr/include/drivers -DUSER_CACHE_DIR=/mnt/host/source/src/platform/ec/build/zephyr/user-cache -DPW_ROOT=/mnt/host/source/src/third_party/pigweed -DNANOPB_DIR=/mnt/host/source/src/third_party/zephyr/nanopb '-DEXTRA_EC_VERSION_FLAGS=--version 16543.0.0 --static' -DTOOLCHAIN_ROOT=/mnt/host/source/src/platform/ec/zephyr -DCOREBOOT_SDK_ROOT_x86=/home/jpmurphy/.cache/coreboot-sdk/i386-elf/dfbb0486385d938cfa9d73080b9d18d598ed4f49 -DCOREBOOT_SDK_ROOT_picolibc_x86=/home/jpmurphy/.cache/coreboot-sdk/picolibc-i386-elf/eb8e8e687b95461de8cbf278f1c2076952d0ad17 -DCOREBOOT_SDK_ROOT_riscv64=/home/jpmurphy/.cache/coreboot-sdk/riscv64-elf/96b949749225b6aaa92ed810ab769e8dfb12f000 -DCOREBOOT_SDK_ROOT_picolibc_arm=/home/jpmurphy/.cache/coreboot-sdk/picolibc-arm-eabi/422a2aa3e1ef891b5bece9a3deb696ff83840d2e -DCOREBOOT_SDK_ROOT_nds32=/home/jpmurphy/.cache/coreboot-sdk/nds32le-elf/d1a518c4a097666d86058e1444f85ca015d15511 -DCOREBOOT_SDK_ROOT_picolibc_riscv64=/home/jpmurphy/.cache/coreboot-sdk/picolibc-riscv64-elf/f571e990ef0278564b31124f8bb109d9a697eb69 -DCOREBOOT_SDK_ROOT_arm=/home/jpmurphy/.cache/coreboot-sdk/arm-eabi/ea40ddd1d190c3b48435c474c0b545719371813a -DCOREBOOT_SDK_ROOT_libstdcxx_riscv64=/home/jpmurphy/.cache/coreboot-sdk/libstdcxx-riscv64-elf/17abf22a3a252e2d5d2062ced5324f7a623689e0 -DCOREBOOT_SDK_ROOT_libstdcxx_arm=/home/jpmurphy/.cache/coreboot-sdk/libstdcxx-arm-eabi/5d7d82e150e44aa1968f1d366e267e6687b328ac -DCOREBOOT_SDK_ROOT_riscv=/home/jpmurphy/.cache/coreboot-sdk/riscv-elf/9a27b9e82341c6e9126624f516ab3f261abb3e73 -DCOREBOOT_SDK_ROOT_libstdcxx_x86=/home/jpmurphy/.cache/coreboot-sdk/libstdcxx-i386-elf/42ef9d2e87a76a37963175d7d428734e65648b87 -DZEPHYR_TOOLCHAIN_VARIANT=coreboot-sdk '-DZEPHYR_MODULES=/mnt/host/source/src/platform/ec/build/zephyr/trulo-ti/modules/cmsis;/mnt/host/source/src/platform/ec/build/zephyr/trulo-ti/modules/cmsis_6;/mnt/host/source/src/platform/ec/build/zephyr/trulo-ti/modules/picolibc;/mnt/host/source/src/platform/ec/build/zephyr/trulo-ti/modules/ec;/mnt/host/source/src/platform/ec/build/zephyr/trulo-ti/modules/pigweed;/mnt/host/source/src/platform/ec/build/zephyr/trulo-ti/modules/nanopb' -DDTC_OVERLAY_FILE=/mnt/host/source/src/platform/ec/zephyr/program/trulo/trulo-ti/project.overlay -DBOARD=npcx9/npcx9m3f -DCMAKE_C_FLAGS=-DSECTION_IS_RW '-DCONF_FILE=/mnt/host/source/src/platform/ec/zephyr/program/trulo/program.conf;/mnt/host/source/src/platform/ec/zephyr/program/trulo/trulo/project.conf;/mnt/host/source/src/platform/ec/zephyr/program/trulo/trulo-ti/project.conf;/mnt/host/source/src/platform/ec/zephyr/program/trulo/dsp_comms.conf;/mnt/host/source/src/platform/ec/build/zephyr/trulo-ti/kconfig-rw.conf'`
[brox-sku4:rw] [147/385] Building C object zephyr/drivers/console/CMakeFiles/drivers__console.dir/uart_console.c.obj
[trulo-ti:rw] Loading Zephyr default modules (Zephyr base (cached)).
[trulo-ti:rw] -- Application: /mnt/host/source/src/platform/ec/zephyr/program/trulo
[brox-sku4:rw] [148/385] Linking C static library zephyr/drivers/bbram/libdrivers__bbram.a
[brox-sku4:rw] [149/385] Linking C static library zephyr/drivers/console/libdrivers__console.a
[craask:rw] [77/416] Building C object zephyr/arch/arch/arm/core/cortex_m/CMakeFiles/arch__arm__core__cortex_m.dir/thread_abort.c.obj
[dirks:rw] [30/372] Building C object CMakeFiles/app.dir/mnt/host/source/src/platform/ec/build/zephyr/dirks/modules/ec/common/gpio_commands.c.obj
[craask:ro] [104/414] Building C object zephyr/lib/libc/minimal/CMakeFiles/lib__libc__minimal.dir/source/math/sqrtf.c.obj
[brox-sku4:rw] [150/385] Building C object zephyr/drivers/crypto/CMakeFiles/drivers__crypto.dir/crypto_it8xxx2_sha_v2.c.obj
[trulo-ti:ro] -- Found Python3: /usr/bin/python3.11 (found suitable version "3.11.11", minimum required is "3.10") found components: Interpreter
[trulo-ti:ro] -- Cache files will be written to: /mnt/host/source/src/platform/ec/build/zephyr/user-cache
[trulo-ti:ro] -- Zephyr version: 4.3.99 (/mnt/host/source/src/third_party/zephyr/main)
[brox-sku4:rw] [151/385] Linking C static library zephyr/drivers/crypto/libdrivers__crypto.a
[craask:ro] [105/414] Building C object zephyr/lib/libc/minimal/CMakeFiles/lib__libc__minimal.dir/source/stdout/sprintf.c.obj
[craask:ro] [106/414] Building C object zephyr/lib/libc/minimal/CMakeFiles/lib__libc__minimal.dir/source/stdout/fprintf.c.obj
[craask:ro] [107/414] Building C object zephyr/lib/libc/minimal/CMakeFiles/lib__libc__minimal.dir/source/math/sqrt.c.obj
[trulo-ti:rw] -- CMake version: 3.31.7
[trulo-ti:rw] -- Found Python3: /usr/bin/python3.11 (found suitable version "3.11.11", minimum required is "3.10") found components: Interpreter
[trulo-ti:rw] -- Cache files will be written to: /mnt/host/source/src/platform/ec/build/zephyr/user-cache
[trulo-ti:rw] -- Zephyr version: 4.3.99 (/mnt/host/source/src/third_party/zephyr/main)
[craask:ro] [108/414] Building C object zephyr/lib/libc/minimal/CMakeFiles/lib__libc__minimal.dir/source/stdout/stdout_console.c.obj
[dirks:rw] [31/372] Building C object CMakeFiles/app.dir/mnt/host/source/src/platform/ec/build/zephyr/dirks/modules/ec/common/peripheral.c.obj
[craask:rw] [78/416] Building ASM object zephyr/arch/arch/arm/core/cortex_m/CMakeFiles/arch__arm__core__cortex_m.dir/swap_helper.S.obj
[/mnt/host/source/src/platform/ec/build/zephyr/dooku-lcov]   /mnt/host/source/src/platform/ec/build/zephyr/dooku/build-ro/modules/ec/zephyr/CMakeFiles/ec_shim.dir/shim/src/keyscan.c.gcno:no functions found
[/mnt/host/source/src/platform/ec/build/zephyr/dooku-lcov] stderr:
[craask:ro] [109/414] Building C object zephyr/lib/libc/common/CMakeFiles/lib__libc__common.dir/source/time/gmtime_r.c.obj
[craask:ro] [110/414] Building C object zephyr/lib/libc/common/CMakeFiles/lib__libc__common.dir/source/time/asctime.c.obj
[craask:rw] [79/416] Building C object zephyr/arch/arch/arm/core/cortex_m/CMakeFiles/arch__arm__core__cortex_m.dir/irq_manage.c.obj
[brox-sku4:rw] [152/385] Building C object zephyr/drivers/flash/CMakeFiles/drivers__flash.dir/flash_ite_it8xxx2.c.obj
[brox-sku4:rw] [153/385] Linking C static library zephyr/drivers/flash/libdrivers__flash.a
[dirks:rw] [32/372] Building C object CMakeFiles/app.dir/mnt/host/source/src/platform/ec/build/zephyr/dirks/modules/ec/common/printf.c.obj
[craask:ro] [111/414] Building C object zephyr/lib/libc/common/CMakeFiles/lib__libc__common.dir/source/time/ctime.c.obj
[craask:ro] [112/414] Building C object zephyr/lib/libc/common/CMakeFiles/lib__libc__common.dir/source/time/localtime_r_utc.c.obj
[craask:rw] [80/416] Building C object zephyr/arch/arch/arm/core/cortex_m/CMakeFiles/arch__arm__core__cortex_m.dir/prep_c.c.obj
[craask:ro] [113/414] Building C object zephyr/lib/libc/minimal/CMakeFiles/lib__libc__minimal.dir/source/time/gmtime.c.obj
[brox-sku4:rw] [154/385] Building C object zephyr/drivers/espi/CMakeFiles/drivers__espi.dir/espi_it8xxx2.c.obj
[brox-sku4:rw] [155/385] Linking C static library zephyr/drivers/espi/libdrivers__espi.a
[craask:ro] [114/414] Building C object zephyr/lib/libc/common/CMakeFiles/lib__libc__common.dir/source/stdlib/abort.c.obj
[craask:ro] [115/414] Building C object zephyr/lib/libc/common/CMakeFiles/lib__libc__common.dir/source/time/time.c.obj
[dirks:rw] [33/372] Building C object CMakeFiles/app.dir/mnt/host/source/src/platform/ec/build/zephyr/dirks/modules/ec/common/queue.c.obj
[craask:ro] [116/414] Building C object zephyr/lib/libc/common/CMakeFiles/lib__libc__common.dir/source/string/strnlen.c.obj
[craask:ro] [117/414] Linking C static library zephyr/lib/libc/minimal/liblib__libc__minimal.a
[craask:rw] [81/416] Building C object zephyr/arch/arch/arm/core/cortex_m/CMakeFiles/arch__arm__core__cortex_m.dir/thread.c.obj
[craask:rw] [82/416] Building C object zephyr/arch/arch/arm/core/cortex_m/CMakeFiles/arch__arm__core__cortex_m.dir/cpu_idle.c.obj
[craask:ro] [118/414] Building C object zephyr/lib/posix/c_lib_ext/CMakeFiles/lib__posix__c_lib_ext.dir/fnmatch.c.obj
[brox-sku4:rw] [156/385] Building C object zephyr/drivers/i2c/CMakeFiles/drivers__i2c.dir/i2c_common.c.obj
[trulo-ti:ro] -- Board: npcx9, qualifiers: npcx9m3f
[craask:rw] [83/416] Building C object zephyr/arch/arch/arm/core/cortex_m/CMakeFiles/arch__arm__core__cortex_m.dir/irq_init.c.obj
[craask:ro] [119/414] Building C object zephyr/subsys/crc/CMakeFiles/subsys__crc.dir/crc4_sw.c.obj
[craask:ro] [120/414] Building C object zephyr/subsys/crc/CMakeFiles/subsys__crc.dir/crc8_sw.c.obj
[craask:ro] [121/414] Building C object zephyr/lib/libc/common/CMakeFiles/lib__libc__common.dir/source/stdlib/malloc.c.obj
[dirks:rw] [34/372] Building C object CMakeFiles/app.dir/mnt/host/source/src/platform/ec/build/zephyr/dirks/modules/ec/common/system.c.obj
[trulo-ti:rw] -- Board: npcx9, qualifiers: npcx9m3f
[brox-sku4:rw] [157/385] Building C object zephyr/drivers/gpio/CMakeFiles/drivers__gpio.dir/gpio_ite_it8xxx2_v2.c.obj
[craask:ro] [122/414] Linking C static library zephyr/lib/libc/common/liblib__libc__common.a
[brox-sku4:rw] [158/385] Building C object zephyr/drivers/i2c/CMakeFiles/drivers__i2c.dir/i2c_bitbang.c.obj
[craask:ro] [123/414] Building C object zephyr/subsys/crc/CMakeFiles/subsys__crc.dir/crc16_sw.c.obj
[brox-sku4:rw] [159/385] Linking C static library zephyr/drivers/gpio/libdrivers__gpio.a
[dirks:rw] [35/372] Building C object CMakeFiles/app.dir/mnt/host/source/src/platform/ec/build/zephyr/dirks/modules/ec/common/system_boot_time.c.obj
[craask:ro] [124/414] Building C object zephyr/subsys/crc/CMakeFiles/subsys__crc.dir/crc7_sw.c.obj
[craask:ro] [125/414] Building C object zephyr/lib/posix/c_lib_ext/CMakeFiles/lib__posix__c_lib_ext.dir/getentropy.c.obj
[craask:ro] [126/414] Building C object zephyr/lib/posix/c_lib_ext/CMakeFiles/lib__posix__c_lib_ext.dir/getopt_shim.c.obj
[craask:ro] [127/414] Building C object zephyr/subsys/crc/CMakeFiles/subsys__crc.dir/crc24_sw.c.obj
[craask:ro] [128/414] Building C object zephyr/subsys/crc/CMakeFiles/subsys__crc.dir/crc32c_sw.c.obj
[craask:rw] [84/416] Building C object zephyr/arch/arch/arm/core/cortex_m/CMakeFiles/arch__arm__core__cortex_m.dir/isr_wrapper.c.obj
[craask:ro] [129/414] Linking C static library zephyr/lib/posix/c_lib_ext/liblib__posix__c_lib_ext.a
[craask:ro] [130/414] Building C object zephyr/subsys/crc/CMakeFiles/subsys__crc.dir/crc32_sw.c.obj
[craask:rw] [85/416] Building C object zephyr/arch/arch/arm/core/mpu/CMakeFiles/arch__arm__core__mpu.dir/arm_core_mpu.c.obj
[craask:ro] [131/414] Building C object zephyr/subsys/crc/CMakeFiles/subsys__crc.dir/crc32k_4_2_sw.c.obj
[craask:rw] [86/416] Linking C static library zephyr/arch/arch/arm/core/cortex_m/libarch__arm__core__cortex_m.a
[craask:rw] [87/416] Generating ../../../include/generated/libc/minimal/strerror_table.h
[craask:ro] [132/414] Linking C static library zephyr/subsys/crc/libsubsys__crc.a
[brox-sku4:rw] [160/385] Building C object zephyr/drivers/i2c/CMakeFiles/drivers__i2c.dir/i2c_shell.c.obj
[dirks:rw] [36/372] Building C object CMakeFiles/app.dir/mnt/host/source/src/platform/ec/build/zephyr/dirks/modules/ec/common/uart_printf.c.obj
[craask:rw] [88/416] Building C object zephyr/arch/arch/arm/core/mpu/CMakeFiles/arch__arm__core__mpu.dir/arm_mpu.c.obj
[craask:rw] [89/416] Building C object zephyr/lib/libc/minimal/CMakeFiles/lib__libc__minimal.dir/source/stdlib/atoi.c.obj
[brox-sku4:rw] [161/385] Building C object zephyr/drivers/input/CMakeFiles/drivers__input.dir/input_ite_it8xxx2_kbd.c.obj
[craask:rw] [90/416] Building C object zephyr/lib/libc/minimal/CMakeFiles/lib__libc__minimal.dir/source/stdlib/strtol.c.obj
[dirks:rw] [37/372] Building C object CMakeFiles/app.dir/mnt/host/source/src/platform/ec/build/zephyr/dirks/modules/ec/common/util.c.obj
[craask:rw] [91/416] Building C object zephyr/lib/libc/minimal/CMakeFiles/lib__libc__minimal.dir/source/stdlib/strtoul.c.obj
[craask:rw] [92/416] Building C object zephyr/lib/libc/minimal/CMakeFiles/lib__libc__minimal.dir/source/stdlib/strtoll.c.obj
[craask:rw] [93/416] Building C object zephyr/arch/arch/arm/core/mpu/CMakeFiles/arch__arm__core__mpu.dir/arm_mpu_regions.c.obj
[craask:rw] [94/416] Linking C static library zephyr/arch/arch/arm/core/mpu/libarch__arm__core__mpu.a
[craask:ro] [133/414] Building C object zephyr/drivers/interrupt_controller/CMakeFiles/drivers__interrupt_controller.dir/intc_miwu.c.obj
[/mnt/host/source/src/platform/ec/build/zephyr/frostflow-lcov]   /mnt/host/source/src/platform/ec/build/zephyr/frostflow/build-rw/CMakeFiles/app.dir/mnt/host/source/src/platform/ec/build/zephyr/frostflow/modules/ec/common/usb_pd_pdo.c.gcno:no functions found
[/mnt/host/source/src/platform/ec/build/zephyr/frostflow-lcov] stderr:
[brox-sku4:rw] [162/385] Building C object zephyr/drivers/i2c/CMakeFiles/drivers__i2c.dir/i2c_ite_enhance.c.obj
[craask:rw] [95/416] Building C object zephyr/lib/libc/minimal/CMakeFiles/lib__libc__minimal.dir/source/stdlib/bsearch.c.obj
[craask:rw] [96/416] Building C object zephyr/lib/libc/minimal/CMakeFiles/lib__libc__minimal.dir/source/stdlib/strtoull.c.obj
[craask:ro] [134/414] Linking C static library zephyr/drivers/interrupt_controller/libdrivers__interrupt_controller.a
[brox-sku4:rw] [163/385] Linking C static library zephyr/drivers/i2c/libdrivers__i2c.a
[craask:ro] [135/414] Building C object zephyr/drivers/adc/CMakeFiles/drivers__adc.dir/adc_common.c.obj
[brox-sku4:rw] [164/385] Building C object zephyr/drivers/input/CMakeFiles/drivers__input.dir/input_kbd_matrix.c.obj
[craask:ro] [136/414] Building C object zephyr/drivers/adc/CMakeFiles/drivers__adc.dir/adc_npcx.c.obj
[brox-sku4:rw] [165/385] Linking C static library zephyr/drivers/input/libdrivers__input.a
[dirks:rw] [38/372] Building C object CMakeFiles/app.dir/mnt/host/source/src/platform/ec/build/zephyr/dirks/modules/ec/common/version.c.obj
[brox-sku4:rw] [166/385] Building C object zephyr/drivers/pinctrl/CMakeFiles/drivers__pinctrl.dir/common.c.obj
[craask:ro] [137/414] Linking C static library zephyr/drivers/adc/libdrivers__adc.a
[/mnt/host/source/src/platform/ec/build/zephyr/dooku-lcov]   /mnt/host/source/src/platform/ec/build/zephyr/dooku/build-ro/CMakeFiles/app.dir/mnt/host/source/src/platform/ec/build/zephyr/dooku/modules/ec/common/chargen.c.gcno:no functions found
[/mnt/host/source/src/platform/ec/build/zephyr/dooku-lcov] stderr:
[craask:ro] [138/414] Building C object zephyr/drivers/bbram/CMakeFiles/drivers__bbram.dir/bbram_npcx.c.obj
[craask:rw] [97/416] Building C object zephyr/lib/libc/minimal/CMakeFiles/lib__libc__minimal.dir/source/string/strerror.c.obj
[craask:rw] [98/416] Building C object zephyr/lib/libc/minimal/CMakeFiles/lib__libc__minimal.dir/source/stdlib/qsort.c.obj
[trulo-ti:ro] -- Found Dtc: /usr/bin/dtc (found suitable version "1.6.0", minimum required is "1.4.6")
[trulo-ti:ro] -- Found BOARD.dts: /mnt/host/source/src/platform/ec/zephyr/boards/google/npcx9/npcx9_npcx9m3f.dts
[trulo-ti:ro] -- Found devicetree overlay: /mnt/host/source/src/platform/ec/zephyr/program/trulo/trulo-ti/project.overlay
[craask:ro] [139/414] Linking C static library zephyr/drivers/bbram/libdrivers__bbram.a
[craask:rw] [99/416] Building C object zephyr/lib/libc/minimal/CMakeFiles/lib__libc__minimal.dir/source/string/strncasecmp.c.obj
[craask:rw] [100/416] Building C object zephyr/lib/libc/minimal/CMakeFiles/lib__libc__minimal.dir/source/string/strstr.c.obj
[trulo-ti:rw] -- Found Dtc: /usr/bin/dtc (found suitable version "1.6.0", minimum required is "1.4.6")
[craask:rw] [101/416] Building C object zephyr/lib/libc/minimal/CMakeFiles/lib__libc__minimal.dir/source/string/strspn.c.obj
[trulo-ti:rw] -- Found BOARD.dts: /mnt/host/source/src/platform/ec/zephyr/boards/google/npcx9/npcx9_npcx9m3f.dts
[trulo-ti:rw] -- Found devicetree overlay: /mnt/host/source/src/platform/ec/zephyr/program/trulo/trulo-ti/project.overlay
[dirks:rw] [39/372] Building C object CMakeFiles/app.dir/mnt/host/source/src/platform/ec/build/zephyr/dirks/modules/ec/common/power_button_x86.c.obj
[craask:rw] [102/416] Building C object zephyr/lib/libc/minimal/CMakeFiles/lib__libc__minimal.dir/source/string/string.c.obj
[craask:rw] [103/416] Building C object zephyr/lib/libc/minimal/CMakeFiles/lib__libc__minimal.dir/source/stdlib/exit.c.obj
[craask:ro] [140/414] Building C object zephyr/drivers/clock_control/CMakeFiles/drivers__clock_control.dir/clock_control_npcx.c.obj
[craask:ro] [141/414] Linking C static library zephyr/drivers/clock_control/libdrivers__clock_control.a
[brox-sku4:rw] [167/385] Building C object zephyr/drivers/pwm/CMakeFiles/drivers__pwm.dir/pwm_ite_it8xxx2.c.obj
[brox-sku4:rw] [168/385] Building C object zephyr/drivers/pinctrl/CMakeFiles/drivers__pinctrl.dir/pinctrl_ite_it8xxx2.c.obj
[brox-sku4:rw] [169/385] Building C object zephyr/drivers/pwm/CMakeFiles/drivers__pwm.dir/pwm_shell.c.obj
[brox-sku4:rw] [170/385] Linking C static library zephyr/drivers/pinctrl/libdrivers__pinctrl.a
[craask:ro] [142/414] Building C object zephyr/drivers/console/CMakeFiles/drivers__console.dir/uart_console.c.obj
[brox-sku4:rw] [171/385] Linking C static library zephyr/drivers/pwm/libdrivers__pwm.a
[dirks:rw] [40/372] Building C object CMakeFiles/app.dir/mnt/host/source/src/platform/ec/build/zephyr/dirks/modules/ec/common/adc.c.obj
[brox-sku4:rw] [172/385] Building C object zephyr/drivers/sensor/CMakeFiles/drivers__sensor.dir/mnt/host/source/src/third_party/zephyr/main/misc/empty_file.c.obj
[brox-sku4:rw] [173/385] Linking C static library zephyr/drivers/sensor/libdrivers__sensor.a
[craask:ro] [143/414] Linking C static library zephyr/drivers/console/libdrivers__console.a
[craask:ro] [144/414] Building C object zephyr/drivers/eeprom/CMakeFiles/drivers__eeprom.dir/eeprom_at2x.c.obj
[craask:ro] [145/414] Linking C static library zephyr/drivers/eeprom/libdrivers__eeprom.a
[craask:rw] [104/416] Building C object zephyr/lib/libc/minimal/CMakeFiles/lib__libc__minimal.dir/source/stdout/sprintf.c.obj
[craask:rw] [105/416] Building C object zephyr/lib/libc/minimal/CMakeFiles/lib__libc__minimal.dir/source/stdout/stdout_console.c.obj
[dirks:rw] [41/372] Building C object CMakeFiles/app.dir/mnt/host/source/src/platform/ec/build/zephyr/dirks/modules/ec/common/acpi.c.obj
[craask:rw] [106/416] Building C object zephyr/lib/libc/minimal/CMakeFiles/lib__libc__minimal.dir/source/stdout/fprintf.c.obj
[craask:ro] [146/414] Building C object zephyr/drivers/espi/CMakeFiles/drivers__espi.dir/espi_npcx.c.obj
[craask:rw] [107/416] Building C object zephyr/lib/libc/minimal/CMakeFiles/lib__libc__minimal.dir/source/math/sqrt.c.obj
[craask:rw] [108/416] Building C object zephyr/lib/libc/minimal/CMakeFiles/lib__libc__minimal.dir/source/math/sqrtf.c.obj
[brox-sku4:rw] [174/385] Building C object zephyr/drivers/sensor/ite/ite_tach_it8xxx2/CMakeFiles/drivers__sensor__ite__ite_tach_it8xxx2.dir/tach_ite_it8xxx2.c.obj
[brox-sku4:rw] [175/385] Building C object zephyr/drivers/sensor/ite/ite_vcmp_it8xxx2/CMakeFiles/drivers__sensor__ite__ite_vcmp_it8xxx2.dir/vcmp_ite_it8xxx2.c.obj
[craask:ro] [147/414] Building C object zephyr/drivers/espi/CMakeFiles/drivers__espi.dir/host_subs_npcx.c.obj
[brox-sku4:rw] [176/385] Linking C static library zephyr/drivers/sensor/ite/ite_tach_it8xxx2/libdrivers__sensor__ite__ite_tach_it8xxx2.a
[brox-sku4:rw] [177/385] Linking C static library zephyr/drivers/sensor/ite/ite_vcmp_it8xxx2/libdrivers__sensor__ite__ite_vcmp_it8xxx2.a
[craask:ro] [148/414] Building C object zephyr/drivers/flash/CMakeFiles/drivers__flash.dir/jesd216.c.obj
[brox-sku4:rw] [178/385] Building C object zephyr/drivers/serial/CMakeFiles/drivers__serial.dir/uart_ite_it8xxx2.c.obj
[craask:rw] [109/416] Building C object zephyr/lib/libc/common/CMakeFiles/lib__libc__common.dir/source/time/asctime.c.obj
[craask:ro] [149/414] Linking C static library zephyr/drivers/espi/libdrivers__espi.a
[craask:ro] [150/414] Building C object zephyr/drivers/flash/CMakeFiles/drivers__flash.dir/flash_npcx_fiu_nor.c.obj
[dirks:rw] [42/372] Building C object CMakeFiles/app.dir/mnt/host/source/src/platform/ec/build/zephyr/dirks/modules/ec/common/charge_manager.c.obj
[dirks:rw] [43/372] Building C object CMakeFiles/app.dir/mnt/host/source/src/platform/ec/build/zephyr/dirks/modules/ec/common/cbi_common.c.obj
[craask:rw] [110/416] Building C object zephyr/lib/libc/common/CMakeFiles/lib__libc__common.dir/source/time/gmtime_r.c.obj
[craask:rw] [111/416] Building C object zephyr/lib/libc/minimal/CMakeFiles/lib__libc__minimal.dir/source/time/gmtime.c.obj
[craask:rw] [112/416] Building C object zephyr/lib/libc/common/CMakeFiles/lib__libc__common.dir/source/time/localtime_r_utc.c.obj
[craask:rw] [113/416] Linking C static library zephyr/lib/libc/minimal/liblib__libc__minimal.a
[craask:rw] [114/416] Building C object zephyr/lib/libc/common/CMakeFiles/lib__libc__common.dir/source/stdlib/abort.c.obj
[craask:ro] [151/414] Building C object zephyr/drivers/flash/CMakeFiles/drivers__flash.dir/flash_npcx_fiu_qspi.c.obj
[brox-sku4:rw] [179/385] Building C object zephyr/drivers/timer/CMakeFiles/drivers__timer.dir/sys_clock_init.c.obj
[craask:ro] [152/414] Linking C static library zephyr/drivers/flash/libdrivers__flash.a
[craask:rw] [115/416] Building C object zephyr/lib/libc/common/CMakeFiles/lib__libc__common.dir/source/time/ctime.c.obj
[craask:rw] [116/416] Building C object zephyr/lib/libc/common/CMakeFiles/lib__libc__common.dir/source/time/time.c.obj
[trulo-ti:ro] -- Generated zephyr.dts: /mnt/host/source/src/platform/ec/build/zephyr/trulo-ti/build-ro/zephyr/zephyr.dts
[trulo-ti:ro] -- Generated pickled edt: /mnt/host/source/src/platform/ec/build/zephyr/trulo-ti/build-ro/zephyr/edt.pickle
[brox-sku4:rw] [180/385] Building C object zephyr/drivers/timer/CMakeFiles/drivers__timer.dir/ite_it8xxx2_timer.c.obj
[brox-sku4:rw] [181/385] Building C object zephyr/drivers/serial/CMakeFiles/drivers__serial.dir/uart_ns16550.c.obj
[brox-sku4:rw] [182/385] Linking C static library zephyr/drivers/timer/libdrivers__timer.a
[craask:ro] [153/414] Building C object zephyr/drivers/i2c/CMakeFiles/drivers__i2c.dir/i2c_common.c.obj
[brox-sku4:rw] [183/385] Linking C static library zephyr/drivers/serial/libdrivers__serial.a
[craask:rw] [117/416] Building C object zephyr/lib/libc/common/CMakeFiles/lib__libc__common.dir/source/string/strnlen.c.obj
[dirks:rw] [44/372] Building C object CMakeFiles/app.dir/mnt/host/source/src/platform/ec/build/zephyr/dirks/modules/ec/common/cbi_config.c.obj
[trulo-ti:rw] -- Generated zephyr.dts: /mnt/host/source/src/platform/ec/build/zephyr/trulo-ti/build-rw/zephyr/zephyr.dts
[trulo-ti:rw] -- Generated pickled edt: /mnt/host/source/src/platform/ec/build/zephyr/trulo-ti/build-rw/zephyr/edt.pickle
[craask:rw] [118/416] Building C object zephyr/lib/posix/c_lib_ext/CMakeFiles/lib__posix__c_lib_ext.dir/fnmatch.c.obj
[dirks:rw] [45/372] Building C object CMakeFiles/app.dir/mnt/host/source/src/platform/ec/build/zephyr/dirks/modules/ec/common/cbi.c.obj
[craask:ro] [154/414] Building C object zephyr/drivers/gpio/CMakeFiles/drivers__gpio.dir/gpio_npcx.c.obj
[craask:ro] [155/414] Building C object zephyr/drivers/i2c/CMakeFiles/drivers__i2c.dir/i2c_shell.c.obj
[craask:ro] [156/414] Linking C static library zephyr/drivers/gpio/libdrivers__gpio.a
[craask:rw] [119/416] Building C object zephyr/lib/libc/common/CMakeFiles/lib__libc__common.dir/source/stdlib/malloc.c.obj
[brox-sku4:rw] [184/385] Building C object zephyr/drivers/watchdog/CMakeFiles/drivers__watchdog.dir/wdt_ite_it8xxx2.c.obj
[craask:rw] [120/416] Linking C static library zephyr/lib/libc/common/liblib__libc__common.a
[trulo-ti:ro] -- Generated devicetree_generated.h: /mnt/host/source/src/platform/ec/build/zephyr/trulo-ti/build-ro/zephyr/include/generated/zephyr/devicetree_generated.h
[craask:ro] [157/414] Building C object zephyr/drivers/i2c/CMakeFiles/drivers__i2c.dir/i2c_npcx_controller.c.obj
[craask:rw] [121/416] Building C object zephyr/subsys/crc/CMakeFiles/subsys__crc.dir/crc4_sw.c.obj
[trulo-ti:rw] -- Generated devicetree_generated.h: /mnt/host/source/src/platform/ec/build/zephyr/trulo-ti/build-rw/zephyr/include/generated/zephyr/devicetree_generated.h
[brox-sku4:rw] [185/385] Building C object zephyr/drivers/watchdog/CMakeFiles/drivers__watchdog.dir/wdt_shell.c.obj
[craask:rw] [122/416] Building C object zephyr/lib/posix/c_lib_ext/CMakeFiles/lib__posix__c_lib_ext.dir/getentropy.c.obj
[craask:rw] [123/416] Building C object zephyr/subsys/crc/CMakeFiles/subsys__crc.dir/crc8_sw.c.obj
[brox-sku4:rw] [186/385] Linking C static library zephyr/drivers/watchdog/libdrivers__watchdog.a
[craask:ro] [158/414] Building C object zephyr/drivers/pinctrl/CMakeFiles/drivers__pinctrl.dir/common.c.obj
[craask:rw] [124/416] Building C object zephyr/lib/posix/c_lib_ext/CMakeFiles/lib__posix__c_lib_ext.dir/getopt_shim.c.obj
[craask:ro] [159/414] Building C object zephyr/drivers/i2c/CMakeFiles/drivers__i2c.dir/i2c_npcx_controller_fifo.c.obj
[brox-sku4:rw] [187/385] Building C object modules/ec/zephyr/CMakeFiles/ec_shim.dir/app/ec/ec_app_main.c.obj
[craask:rw] [125/416] Building C object zephyr/subsys/crc/CMakeFiles/subsys__crc.dir/crc7_sw.c.obj
[craask:rw] [126/416] Linking C static library zephyr/lib/posix/c_lib_ext/liblib__posix__c_lib_ext.a
[craask:rw] [127/416] Building C object zephyr/subsys/crc/CMakeFiles/subsys__crc.dir/crc16_sw.c.obj
[dirks:rw] [46/372] Building C object CMakeFiles/app.dir/mnt/host/source/src/platform/ec/build/zephyr/dirks/modules/ec/driver/cec/bitbang.c.obj
[craask:ro] [160/414] Building C object zephyr/drivers/sensor/CMakeFiles/drivers__sensor.dir/mnt/host/source/src/third_party/zephyr/main/misc/empty_file.c.obj
[dirks:rw] [47/372] Building C object CMakeFiles/app.dir/mnt/host/source/src/platform/ec/build/zephyr/dirks/modules/ec/common/cec.c.obj
[craask:rw] [128/416] Building C object zephyr/subsys/crc/CMakeFiles/subsys__crc.dir/crc24_sw.c.obj
[craask:rw] [129/416] Building C object zephyr/subsys/crc/CMakeFiles/subsys__crc.dir/crc32c_sw.c.obj
[craask:ro] [161/414] Building C object zephyr/drivers/i2c/CMakeFiles/drivers__i2c.dir/i2c_npcx_port.c.obj
[craask:ro] [162/414] Linking C static library zephyr/drivers/sensor/libdrivers__sensor.a
[craask:rw] [130/416] Building C object zephyr/subsys/crc/CMakeFiles/subsys__crc.dir/crc32_sw.c.obj
[craask:ro] [163/414] Linking C static library zephyr/drivers/i2c/libdrivers__i2c.a
[craask:rw] [131/416] Building C object zephyr/subsys/crc/CMakeFiles/subsys__crc.dir/crc32k_4_2_sw.c.obj
[brox-sku4:rw] [188/385] Building C object modules/ec/zephyr/CMakeFiles/ec_shim.dir/app/ec/main_shim.c.obj
[craask:rw] [132/416] Linking C static library zephyr/subsys/crc/libsubsys__crc.a
[craask:ro] [164/414] Building C object zephyr/drivers/pinctrl/CMakeFiles/drivers__pinctrl.dir/pinctrl_npcx.c.obj
[craask:ro] [165/414] Linking C static library zephyr/drivers/pinctrl/libdrivers__pinctrl.a
[brox-sku4:rw] [189/385] Building C object modules/ec/zephyr/CMakeFiles/ec_shim.dir/app/ec/chip/riscv/riscv-ite/it8xxx2-espi.c.obj
[dirks:rw] [48/372] Building C object CMakeFiles/app.dir/mnt/host/source/src/platform/ec/build/zephyr/dirks/modules/ec/driver/cec/it83xx.c.obj
[brox-sku4:rw] [190/385] Building C object modules/ec/zephyr/CMakeFiles/ec_shim.dir/drivers/cros_flash/cros_flash_it8xxx2.c.obj
[craask:ro] [166/414] Building C object zephyr/drivers/pwm/CMakeFiles/drivers__pwm.dir/pwm_npcx.c.obj
[trulo-ti:ro] /mnt/host/source/src/platform/ec/build/zephyr/trulo-ti/build-ro/zephyr/zephyr.dts:4686.9-4693.5: Warning (gpios_property): /fans/fan_0: Missing property '#gpio-cells' in node /named-gpios/fan-enable or bad phandle (referred from enable-gpio[0])
[dirks:rw] [49/372] Building C object CMakeFiles/app.dir/mnt/host/source/src/platform/ec/build/zephyr/dirks/modules/ec/common/memory_commands.c.obj
[craask:ro] [167/414] Linking C static library zephyr/drivers/pwm/libdrivers__pwm.a
[craask:rw] [133/416] Building C object zephyr/drivers/adc/CMakeFiles/drivers__adc.dir/adc_common.c.obj
[craask:rw] [134/416] Building C object zephyr/drivers/interrupt_controller/CMakeFiles/drivers__interrupt_controller.dir/intc_miwu.c.obj
[trulo-ti:rw] /mnt/host/source/src/platform/ec/build/zephyr/trulo-ti/build-rw/zephyr/zephyr.dts:4686.9-4693.5: Warning (gpios_property): /fans/fan_0: Missing property '#gpio-cells' in node /named-gpios/fan-enable or bad phandle (referred from enable-gpio[0])
[brox-sku4:rw] [191/385] Building C object modules/ec/zephyr/CMakeFiles/ec_shim.dir/drivers/cros_kblight/pwm_kblight.c.obj
[craask:ro] [168/414] Building C object zephyr/drivers/sensor/nuvoton/nuvoton_adc_cmp_npcx/CMakeFiles/drivers__sensor__nuvoton__nuvoton_adc_cmp_npcx.dir/adc_cmp_npcx.c.obj
[craask:rw] [135/416] Linking C static library zephyr/drivers/interrupt_controller/libdrivers__interrupt_controller.a
[/mnt/host/source/src/platform/ec/build/zephyr/dooku-lcov]   /mnt/host/source/src/platform/ec/build/zephyr/dooku/build-ro/CMakeFiles/app.dir/mnt/host/source/src/platform/ec/build/zephyr/dooku/modules/ec/common/cbi_config.c.gcno:no functions found
[/mnt/host/source/src/platform/ec/build/zephyr/dooku-lcov] stderr:
[brox-sku4:rw] [192/385] Building C object modules/ec/zephyr/CMakeFiles/ec_shim.dir/drivers/keyboard_input/keyboard_customization_check.c.obj
[/mnt/host/source/src/platform/ec/build/zephyr/frostflow-lcov]   /mnt/host/source/src/platform/ec/build/zephyr/frostflow/build-rw/CMakeFiles/app.dir/mnt/host/source/src/platform/ec/build/zephyr/frostflow/modules/ec/common/cbi_config.c.gcno:no functions found
[/mnt/host/source/src/platform/ec/build/zephyr/frostflow-lcov] stderr:
[craask:ro] [169/414] Building C object zephyr/drivers/sensor/nuvoton/nuvoton_tach_npcx/CMakeFiles/drivers__sensor__nuvoton__nuvoton_tach_npcx.dir/tach_nuvoton_npcx.c.obj
[craask:ro] [170/414] Linking C static library zephyr/drivers/sensor/nuvoton/nuvoton_adc_cmp_npcx/libdrivers__sensor__nuvoton__nuvoton_adc_cmp_npcx.a
[craask:ro] [171/414] Linking C static library zephyr/drivers/sensor/nuvoton/nuvoton_tach_npcx/libdrivers__sensor__nuvoton__nuvoton_tach_npcx.a
[craask:rw] [136/416] Building C object zephyr/drivers/adc/CMakeFiles/drivers__adc.dir/adc_npcx.c.obj
[craask:rw] [137/416] Linking C static library zephyr/drivers/adc/libdrivers__adc.a
[brox-sku4:rw] [193/385] Building C object modules/ec/zephyr/CMakeFiles/ec_shim.dir/drivers/cros_system/cros_system_it8xxx2.c.obj
[craask:ro] [172/414] Building C object zephyr/drivers/serial/CMakeFiles/drivers__serial.dir/uart_npcx.c.obj
[dirks:rw] [50/372] Building C object CMakeFiles/app.dir/mnt/host/source/src/platform/ec/build/zephyr/dirks/modules/ec/common/dptf.c.obj
[craask:ro] [173/414] Linking C static library zephyr/drivers/serial/libdrivers__serial.a
[dirks:rw] [51/372] Building C object CMakeFiles/app.dir/mnt/host/source/src/platform/ec/build/zephyr/dirks/modules/ec/common/ap_reset_log.c.obj
[craask:ro] [174/414] Building C object zephyr/drivers/syscon/CMakeFiles/drivers__syscon.dir/syscon.c.obj
[brox-sku4:rw] [194/385] Building C object modules/ec/zephyr/CMakeFiles/ec_shim.dir/drivers/keyboard_input/keyboard_input.c.obj
[craask:ro] [175/414] Linking C static library zephyr/drivers/syscon/libdrivers__syscon.a
[craask:rw] [138/416] Building C object zephyr/drivers/bbram/CMakeFiles/drivers__bbram.dir/bbram_npcx.c.obj
[/mnt/host/source/src/platform/ec/build/zephyr/dooku-lcov]   /mnt/host/source/src/platform/ec/build/zephyr/dooku/build-ro/zephyr/arch/arch/riscv/core/CMakeFiles/arch__riscv__core.dir/cpu_idle.c.gcno:no functions found
[/mnt/host/source/src/platform/ec/build/zephyr/dooku-lcov] stderr:
[craask:rw] [139/416] Linking C static library zephyr/drivers/bbram/libdrivers__bbram.a
[craask:rw] [140/416] Building C object zephyr/drivers/clock_control/CMakeFiles/drivers__clock_control.dir/clock_control_npcx.c.obj
[brox-sku4:rw] [195/385] Building C object modules/ec/zephyr/CMakeFiles/ec_shim.dir/drivers/keyboard_input/col_gpio_drive.c.obj
[craask:ro] [176/414] Building C object zephyr/drivers/timer/CMakeFiles/drivers__timer.dir/sys_clock_init.c.obj
[/mnt/host/source/src/platform/ec/build/zephyr/frostflow-lcov]   /mnt/host/source/src/platform/ec/build/zephyr/frostflow/build-rw/CMakeFiles/app.dir/src/common.c.gcno:no functions found
[/mnt/host/source/src/platform/ec/build/zephyr/frostflow-lcov] stderr:
[craask:rw] [141/416] Linking C static library zephyr/drivers/clock_control/libdrivers__clock_control.a
[craask:ro] [177/414] Building C object zephyr/drivers/timer/CMakeFiles/drivers__timer.dir/npcx_itim_timer.c.obj
[craask:rw] [142/416] Building C object zephyr/drivers/console/CMakeFiles/drivers__console.dir/uart_console.c.obj
[craask:ro] [178/414] Linking C static library zephyr/drivers/timer/libdrivers__timer.a
[dirks:rw] [52/372] Building C object CMakeFiles/app.dir/mnt/host/source/src/platform/ec/build/zephyr/dirks/modules/ec/common/espi.c.obj
[craask:rw] [143/416] Linking C static library zephyr/drivers/console/libdrivers__console.a
[brox-sku4:rw] [196/385] Building C object modules/ec/zephyr/CMakeFiles/ec_shim.dir/drivers/usbc/ucsi_v3.c.obj
[brox-sku4:rw] [197/385] Building C object modules/ec/zephyr/CMakeFiles/ec_shim.dir/drivers/keyboard_factory_test/keyboard_factory_test.c.obj
[craask:ro] [179/414] Building C object zephyr/drivers/watchdog/CMakeFiles/drivers__watchdog.dir/wdt_npcx.c.obj
[dirks:rw] [53/372] Building C object CMakeFiles/app.dir/mnt/host/source/src/platform/ec/build/zephyr/dirks/modules/ec/common/flash.c.obj
[craask:ro] [180/414] Linking C static library zephyr/drivers/watchdog/libdrivers__watchdog.a
[craask:rw] [144/416] Building C object zephyr/drivers/eeprom/CMakeFiles/drivers__eeprom.dir/eeprom_at2x.c.obj
[craask:ro] [181/414] Building C object modules/ec/zephyr/CMakeFiles/ec_shim.dir/app/ec/ec_app_main.c.obj
[/mnt/host/source/src/platform/ec/build/zephyr/dooku-lcov]   /mnt/host/source/src/platform/ec/build/zephyr/dooku/build-ro/zephyr/arch/common/CMakeFiles/isr_tables.dir/isr_tables.c.gcno:no functions found
[/mnt/host/source/src/platform/ec/build/zephyr/dooku-lcov] stderr:
[craask:rw] [145/416] Linking C static library zephyr/drivers/eeprom/libdrivers__eeprom.a
[craask:ro] [182/414] Building C object modules/ec/zephyr/CMakeFiles/ec_shim.dir/app/ec/main_shim.c.obj
[craask:rw] [146/416] Building C object zephyr/drivers/espi/CMakeFiles/drivers__espi.dir/espi_npcx.c.obj
[dirks:rw] [54/372] Building C object CMakeFiles/app.dir/mnt/host/source/src/platform/ec/build/zephyr/dirks/modules/ec/common/host_command.c.obj
[craask:ro] [183/414] Building C object modules/ec/zephyr/CMakeFiles/ec_shim.dir/drivers/cros_flash/cros_flash_npcx.c.obj
[brox-sku4:rw] [198/385] Building C object modules/ec/zephyr/CMakeFiles/ec_shim.dir/drivers/usbc/tps6699x_cmd.c.obj
[dirks:rw] [55/372] Building C object CMakeFiles/app.dir/mnt/host/source/src/platform/ec/build/zephyr/dirks/modules/ec/common/host_command_task.c.obj
[craask:rw] [147/416] Building C object zephyr/drivers/espi/CMakeFiles/drivers__espi.dir/host_subs_npcx.c.obj
[brox-sku4:rw] [199/385] Building C object modules/ec/zephyr/CMakeFiles/ec_shim.dir/drivers/usbc/tps6699x_fwup.c.obj
[craask:ro] [184/414] Building C object modules/ec/zephyr/CMakeFiles/ec_shim.dir/drivers/cros_kb_raw/cros_kb_raw_npcx.c.obj
[craask:rw] [148/416] Linking C static library zephyr/drivers/espi/libdrivers__espi.a
[brox-sku4:rw] [200/385] Building C object modules/ec/zephyr/CMakeFiles/ec_shim.dir/drivers/usbc/pdc_tps6699x.c.obj
[trulo-ti:ro] warning: Deprecated symbol I2C_ALLOW_NO_STOP_TRANSACTIONS is enabled.
[/mnt/host/source/src/platform/ec/build/zephyr/frostflow-lcov]   /mnt/host/source/src/platform/ec/build/zephyr/frostflow/build-rw/zephyr/arch/arch/arm/core/mpu/CMakeFiles/arch__arm__core__mpu.dir/arm_mpu_regions.c.gcno:no functions found
[/mnt/host/source/src/platform/ec/build/zephyr/frostflow-lcov] stderr:
[craask:ro] [185/414] Building C object modules/ec/zephyr/CMakeFiles/ec_shim.dir/drivers/cros_kblight/pwm_kblight.c.obj
[craask:rw] [149/416] Building C object zephyr/drivers/flash/CMakeFiles/drivers__flash.dir/jesd216.c.obj
[craask:ro] [186/414] Building C object modules/ec/zephyr/CMakeFiles/ec_shim.dir/drivers/cros_system/cros_system_npcx.c.obj
[craask:rw] [150/416] Building C object zephyr/drivers/flash/CMakeFiles/drivers__flash.dir/flash_npcx_fiu_nor.c.obj
[trulo-ti:rw] warning: Deprecated symbol I2C_ALLOW_NO_STOP_TRANSACTIONS is enabled.
[dirks:rw] [56/372] Building C object CMakeFiles/app.dir/mnt/host/source/src/platform/ec/build/zephyr/dirks/modules/ec/common/host_event_commands.c.obj
[dirks:rw] [57/372] Building C object CMakeFiles/app.dir/mnt/host/source/src/platform/ec/build/zephyr/dirks/modules/ec/common/uart_hostcmd.c.obj
[trulo-ti:ro] Parsing /mnt/host/source/src/platform/ec/zephyr/program/trulo/Kconfig
[brox-sku4:rw] [201/385] Building C object modules/ec/zephyr/CMakeFiles/ec_shim.dir/drivers/boot_keys/boot_keys.c.obj
[/mnt/host/source/src/platform/ec/build/zephyr/frostflow-lcov]   /mnt/host/source/src/platform/ec/build/zephyr/frostflow/build-rw/zephyr/arch/common/CMakeFiles/isr_tables.dir/isr_tables.c.gcno:no functions found
[/mnt/host/source/src/platform/ec/build/zephyr/frostflow-lcov] stderr:
[craask:ro] [187/414] Building C object modules/ec/zephyr/CMakeFiles/ec_shim.dir/drivers/vivaldi_kbd/vivaldi_kbd.c.obj
[brox-sku4:rw] [202/385] Building C object modules/ec/zephyr/CMakeFiles/ec_shim.dir/drivers/runtime_keys/runtime_keys.c.obj
[trulo-ti:rw] Parsing /mnt/host/source/src/platform/ec/zephyr/program/trulo/Kconfig
[craask:ro] [188/414] Building C object modules/ec/zephyr/CMakeFiles/ec_shim.dir/shim/chip/npcx/clock.c.obj
[craask:rw] [151/416] Building C object zephyr/drivers/flash/CMakeFiles/drivers__flash.dir/flash_npcx_fiu_qspi.c.obj
[brox-sku4:rw] [203/385] Building C object modules/ec/zephyr/CMakeFiles/ec_shim.dir/drivers/vivaldi_kbd/vivaldi_kbd.c.obj
[craask:rw] [152/416] Linking C static library zephyr/drivers/flash/libdrivers__flash.a
[craask:rw] [153/416] Building C object zephyr/drivers/i2c/CMakeFiles/drivers__i2c.dir/i2c_common.c.obj
[craask:rw] [154/416] Building C object zephyr/drivers/gpio/CMakeFiles/drivers__gpio.dir/gpio_npcx.c.obj
[dirks:rw] [58/372] Building C object CMakeFiles/app.dir/mnt/host/source/src/platform/ec/build/zephyr/dirks/modules/ec/common/uptime.c.obj
[craask:ro] [189/414] Building C object modules/ec/zephyr/CMakeFiles/ec_shim.dir/shim/chip/npcx/rom_chip.c.obj
[craask:rw] [155/416] Linking C static library zephyr/drivers/gpio/libdrivers__gpio.a
[dirks:rw] [59/372] Building C object CMakeFiles/app.dir/mnt/host/source/src/platform/ec/build/zephyr/dirks/modules/ec/common/i2c_controller.c.obj
[craask:ro] [190/414] Building C object modules/ec/zephyr/CMakeFiles/ec_shim.dir/shim/chip/npcx/gpio.c.obj
[brox-sku4:rw] [204/385] Building C object modules/ec/zephyr/CMakeFiles/ec_shim.dir/drivers/prochot_vcmp/prochot_vcmp.c.obj
[brox-sku4:rw] [205/385] Building C object modules/ec/zephyr/CMakeFiles/ec_shim.dir/shim/chip/it8xxx2/clock.c.obj
[trulo-ti:ro] INFOSetting TOOLCHAIN_HAS_PICOLIBC to support full build.
[trulo-ti:ro] INFOSetting TOOLCHAIN_HAS_NEWLIB to support full build.
[craask:ro] [191/414] Building C object modules/ec/zephyr/CMakeFiles/ec_shim.dir/shim/chip/npcx/keyboard_raw.c.obj
[trulo-ti:ro] Loaded configuration '/mnt/host/source/src/platform/ec/zephyr/boards/google/npcx9/npcx9_npcx9m3f_defconfig'
[trulo-ti:ro] Merged configuration '/mnt/host/source/src/platform/ec/zephyr/program/trulo/program.conf'
[trulo-ti:ro] Merged configuration '/mnt/host/source/src/platform/ec/zephyr/program/trulo/trulo/project.conf'
[trulo-ti:ro] Merged configuration '/mnt/host/source/src/platform/ec/zephyr/program/trulo/trulo-ti/project.conf'
[trulo-ti:ro] Merged configuration '/mnt/host/source/src/platform/ec/zephyr/program/trulo/dsp_comms.conf'
[trulo-ti:ro] Merged configuration '/mnt/host/source/src/platform/ec/build/zephyr/trulo-ti/kconfig-ro.conf'
[trulo-ti:ro] Configuration saved to '/mnt/host/source/src/platform/ec/build/zephyr/trulo-ti/build-ro/zephyr/.config'
[trulo-ti:ro] Kconfig header saved to '/mnt/host/source/src/platform/ec/build/zephyr/trulo-ti/build-ro/zephyr/include/generated/zephyr/autoconf.h'
[trulo-ti:ro] -- Found GnuLd: /home/jpmurphy/.cache/coreboot-sdk/arm-eabi/ea40ddd1d190c3b48435c474c0b545719371813a/arm-eabi/bin/ld.bfd (found version "2.43.1")
[trulo-ti:rw] INFOSetting TOOLCHAIN_HAS_PICOLIBC to support full build.
[trulo-ti:rw] INFOSetting TOOLCHAIN_HAS_NEWLIB to support full build.
[trulo-ti:rw] Loaded configuration '/mnt/host/source/src/platform/ec/zephyr/boards/google/npcx9/npcx9_npcx9m3f_defconfig'
[trulo-ti:rw] Merged configuration '/mnt/host/source/src/platform/ec/zephyr/program/trulo/program.conf'
[craask:ro] [192/414] Building C object modules/ec/zephyr/CMakeFiles/ec_shim.dir/shim/chip/npcx/system.c.obj
[trulo-ti:rw] Merged configuration '/mnt/host/source/src/platform/ec/zephyr/program/trulo/trulo/project.conf'
[trulo-ti:rw] Merged configuration '/mnt/host/source/src/platform/ec/zephyr/program/trulo/trulo-ti/project.conf'
[trulo-ti:rw] Merged configuration '/mnt/host/source/src/platform/ec/zephyr/program/trulo/dsp_comms.conf'
[trulo-ti:rw] Merged configuration '/mnt/host/source/src/platform/ec/build/zephyr/trulo-ti/kconfig-rw.conf'
[trulo-ti:rw] Configuration saved to '/mnt/host/source/src/platform/ec/build/zephyr/trulo-ti/build-rw/zephyr/.config'
[trulo-ti:rw] Kconfig header saved to '/mnt/host/source/src/platform/ec/build/zephyr/trulo-ti/build-rw/zephyr/include/generated/zephyr/autoconf.h'
[trulo-ti:rw] -- Found GnuLd: /home/jpmurphy/.cache/coreboot-sdk/arm-eabi/ea40ddd1d190c3b48435c474c0b545719371813a/arm-eabi/bin/ld.bfd (found version "2.43.1")
[craask:rw] [156/416] Building C object zephyr/drivers/i2c/CMakeFiles/drivers__i2c.dir/i2c_shell.c.obj
[dirks:rw] [60/372] Building C object CMakeFiles/app.dir/mnt/host/source/src/platform/ec/build/zephyr/dirks/modules/ec/common/i2c_passthru.c.obj
[trulo-ti:ro] -- The C compiler identification is GNU 14.2.0
[trulo-ti:rw] -- The C compiler identification is GNU 14.2.0
[craask:rw] [157/416] Building C object zephyr/drivers/i2c/CMakeFiles/drivers__i2c.dir/i2c_npcx_controller.c.obj
[trulo-ti:ro] -- The CXX compiler identification is GNU 14.2.0
[craask:ro] [193/414] Building C object modules/ec/zephyr/CMakeFiles/ec_shim.dir/shim/chip/npcx/system_external_storage.c.obj
[brox-sku4:rw] [206/385] Building C object modules/ec/zephyr/CMakeFiles/ec_shim.dir/shim/chip/it8xxx2/gpio.c.obj
[dirks:rw] [61/372] Building C object CMakeFiles/app.dir/mnt/host/source/src/platform/ec/build/zephyr/dirks/modules/ec/common/mkbp_fifo.c.obj
[craask:rw] [158/416] Building C object zephyr/drivers/i2c/CMakeFiles/drivers__i2c.dir/i2c_npcx_controller_fifo.c.obj
[trulo-ti:ro] -- The ASM compiler identification is GNU
[trulo-ti:ro] CMake Warning at /mnt/host/source/src/platform/ec/zephyr/cmake/linker/ld/linker_libraries.cmake:11 (message):
[trulo-ti:ro]   Disabling c_library
[trulo-ti:ro] Call Stack (most recent call first):
[trulo-ti:ro]   /mnt/host/source/src/third_party/zephyr/main/cmake/target_toolchain_flags.cmake:48 (include)
[trulo-ti:ro]   /mnt/host/source/src/third_party/zephyr/main/cmake/modules/kernel.cmake:153 (include)
[trulo-ti:ro]   /mnt/host/source/src/third_party/zephyr/main/cmake/modules/zephyr_default.cmake:138 (include)
[trulo-ti:ro]   /mnt/host/source/src/third_party/zephyr/main/share/zephyr-package/cmake/ZephyrConfig.cmake:66 (include)
[trulo-ti:ro]   /mnt/host/source/src/third_party/zephyr/main/share/zephyr-package/cmake/ZephyrConfig.cmake:97 (include_boilerplate)
[trulo-ti:ro]   CMakeLists.txt:6 (find_package)
[trulo-ti:ro] INFOSetting c++_library to libstdc++ install path
[trulo-ti:ro] INFOSetting c_library to picolibc install path
[trulo-ti:rw] -- The CXX compiler identification is GNU 14.2.0
[brox-sku4:rw] [207/385] Building C object modules/ec/zephyr/CMakeFiles/ec_shim.dir/shim/chip/it8xxx2/system.c.obj
[brox-sku4:rw] [208/385] Building C object modules/ec/zephyr/CMakeFiles/ec_shim.dir/shim/chip/it8xxx2/power_policy.c.obj
[trulo-ti:rw] -- The ASM compiler identification is GNU
[trulo-ti:rw] -- Found assembler: /home/jpmurphy/.cache/coreboot-sdk/arm-eabi/ea40ddd1d190c3b48435c474c0b545719371813a/bin/arm-eabi-gcc
[trulo-ti:rw] CMake Warning at /mnt/host/source/src/platform/ec/zephyr/cmake/linker/ld/linker_libraries.cmake:11 (message):
[trulo-ti:rw]   Disabling c_library
[trulo-ti:rw] Call Stack (most recent call first):
[trulo-ti:rw]   /mnt/host/source/src/third_party/zephyr/main/cmake/target_toolchain_flags.cmake:48 (include)
[trulo-ti:rw]   /mnt/host/source/src/third_party/zephyr/main/cmake/modules/kernel.cmake:153 (include)
[trulo-ti:rw]   /mnt/host/source/src/third_party/zephyr/main/cmake/modules/zephyr_default.cmake:138 (include)
[trulo-ti:rw]   /mnt/host/source/src/third_party/zephyr/main/share/zephyr-package/cmake/ZephyrConfig.cmake:66 (include)
[trulo-ti:rw]   /mnt/host/source/src/third_party/zephyr/main/share/zephyr-package/cmake/ZephyrConfig.cmake:97 (include_boilerplate)
[trulo-ti:rw]   CMakeLists.txt:6 (find_package)
[trulo-ti:rw] INFOSetting c++_library to libstdc++ install path
[craask:ro] [194/414] Building C object modules/ec/zephyr/CMakeFiles/ec_shim.dir/shim/chip/npcx/system_download_from_flash.c.obj
[craask:ro] [195/414] Building C object modules/ec/zephyr/CMakeFiles/ec_shim.dir/shim/chip/npcx/power_policy.c.obj
[brox-sku4:rw] [209/385] Building C object modules/ec/zephyr/CMakeFiles/ec_shim.dir/shim/src/crc.c.obj
[craask:ro] [196/414] Building C object modules/ec/zephyr/CMakeFiles/ec_shim.dir/shim/src/crc.c.obj
[craask:rw] [159/416] Building C object zephyr/drivers/pinctrl/CMakeFiles/drivers__pinctrl.dir/common.c.obj
[craask:rw] [160/416] Building C object zephyr/drivers/i2c/CMakeFiles/drivers__i2c.dir/i2c_npcx_port.c.obj
[dirks:rw] [62/372] Building C object CMakeFiles/app.dir/mnt/host/source/src/platform/ec/build/zephyr/dirks/modules/ec/common/mkbp_info.c.obj
[craask:rw] [161/416] Linking C static library zephyr/drivers/i2c/libdrivers__i2c.a
[craask:ro] [197/414] Building C object modules/ec/zephyr/CMakeFiles/ec_shim.dir/shim/core/cortex-m/mpu.c.obj
[craask:rw] [162/416] Building C object zephyr/drivers/pinctrl/CMakeFiles/drivers__pinctrl.dir/pinctrl_npcx.c.obj
[craask:rw] [163/416] Building C object zephyr/drivers/sensor/CMakeFiles/drivers__sensor.dir/mnt/host/source/src/third_party/zephyr/main/misc/empty_file.c.obj
[craask:ro] [198/414] Building C object modules/ec/zephyr/CMakeFiles/ec_shim.dir/shim/core/cortex-m/panic.c.obj
[craask:rw] [164/416] Linking C static library zephyr/drivers/pinctrl/libdrivers__pinctrl.a
[craask:rw] [165/416] Linking C static library zephyr/drivers/sensor/libdrivers__sensor.a
[dirks:rw] [63/372] Building C object CMakeFiles/app.dir/mnt/host/source/src/platform/ec/build/zephyr/dirks/modules/ec/common/mkbp_input_devices.c.obj
[/mnt/host/source/src/platform/ec/build/zephyr/dooku-lcov]   /mnt/host/source/src/platform/ec/build/zephyr/dooku/build-ro/zephyr/CMakeFiles/zephyr.dir/subsys/shell/modules/kernel_service/kernel_shell.c.gcno:no functions found
[/mnt/host/source/src/platform/ec/build/zephyr/dooku-lcov] stderr:
[trulo-ti:rw] -- Using ccache: /usr/bin/ccache
[trulo-ti:rw] -- Performing EC specific devicetree checks
[brox-sku4:rw] [210/385] Building C object modules/ec/zephyr/CMakeFiles/ec_shim.dir/shim/src/console.c.obj
[trulo-ti:ro] -- Found assembler: /home/jpmurphy/.cache/coreboot-sdk/arm-eabi/ea40ddd1d190c3b48435c474c0b545719371813a/bin/arm-eabi-gcc
[trulo-ti:ro] -- Using ccache: /usr/bin/ccache
[trulo-ti:ro] -- Performing EC specific devicetree checks
[trulo-ti:rw] INFOSetting c_library to picolibc install path
[trulo-ti:rw] INFO: Verified 53 GPIOs, no duplicates found
[brox-sku4:rw] [211/385] Building C object modules/ec/zephyr/CMakeFiles/ec_shim.dir/shim/src/gpio_int.c.obj
[/mnt/host/source/src/platform/ec/build/zephyr/dooku-lcov]   /mnt/host/source/src/platform/ec/build/zephyr/dooku/build-ro/zephyr/CMakeFiles/zephyr.dir/lib/libc/validate_libc.c.gcno:no functions found
[/mnt/host/source/src/platform/ec/build/zephyr/dooku-lcov] stderr:
[craask:ro] [199/414] Building C object modules/ec/zephyr/CMakeFiles/ec_shim.dir/shim/src/console.c.obj
[brox-sku4:rw] [212/385] Building C object modules/ec/zephyr/CMakeFiles/ec_shim.dir/shim/src/gpio.c.obj
[craask:rw] [166/416] Building C object zephyr/drivers/pwm/CMakeFiles/drivers__pwm.dir/pwm_npcx.c.obj
[dirks:rw] [64/372] Building C object CMakeFiles/app.dir/mnt/host/source/src/platform/ec/build/zephyr/dirks/modules/ec/common/led_common.c.obj
[craask:rw] [167/416] Linking C static library zephyr/drivers/pwm/libdrivers__pwm.a
[trulo-ti:ro] INFO: Verified 53 GPIOs, no duplicates found
[trulo-ti:ro] INFO: Verified 24 '*-gpios' properties, all flags match.
[trulo-ti:ro] INFO: Skipped 20 named-gpios children.
[trulo-ti:rw] -- Generating component manifest file
[craask:ro] [200/414] Building C object modules/ec/zephyr/CMakeFiles/ec_shim.dir/shim/src/gpio.c.obj
[craask:ro] [201/414] Building C object modules/ec/zephyr/CMakeFiles/ec_shim.dir/shim/src/gpio_int.c.obj
[trulo-ti:rw] INFO: Verified 24 '*-gpios' properties, all flags match.
[trulo-ti:rw] INFO: Skipped 20 named-gpios children.
[trulo-ti:rw] INFO: Running CME, outputting to /mnt/host/source/src/platform/ec/build/zephyr/trulo-ti/build-rw/zephyr/component_manifest.json
[trulo-ti:rw] INFO: Project trulo-ti does not support SSFC
[trulo-ti:rw] INFO: No motionsense-sensor node found
[trulo-ti:ro] -- Generating component manifest file
[craask:ro] [202/414] Building C object modules/ec/zephyr/CMakeFiles/ec_shim.dir/shim/src/panic_utils.c.obj
[brox-sku4:rw] [213/385] Building C object modules/ec/zephyr/CMakeFiles/ec_shim.dir/shim/src/panic_utils.c.obj
[craask:rw] [168/416] Building C object zephyr/drivers/sensor/nuvoton/nuvoton_adc_cmp_npcx/CMakeFiles/drivers__sensor__nuvoton__nuvoton_adc_cmp_npcx.dir/adc_cmp_npcx.c.obj
[dirks:rw] [65/372] Building C object CMakeFiles/app.dir/mnt/host/source/src/platform/ec/build/zephyr/dirks/modules/ec/common/mkbp_event.c.obj
[craask:rw] [169/416] Linking C static library zephyr/drivers/sensor/nuvoton/nuvoton_adc_cmp_npcx/libdrivers__sensor__nuvoton__nuvoton_adc_cmp_npcx.a
[trulo-ti:ro] INFO: Running CME, outputting to /mnt/host/source/src/platform/ec/build/zephyr/trulo-ti/build-ro/zephyr/component_manifest.json
[craask:rw] [170/416] Building C object zephyr/drivers/sensor/nuvoton/nuvoton_tach_npcx/CMakeFiles/drivers__sensor__nuvoton__nuvoton_tach_npcx.dir/tach_nuvoton_npcx.c.obj
[craask:rw] [171/416] Linking C static library zephyr/drivers/sensor/nuvoton/nuvoton_tach_npcx/libdrivers__sensor__nuvoton__nuvoton_tach_npcx.a
[brox-sku4:rw] [214/385] Building C object modules/ec/zephyr/CMakeFiles/ec_shim.dir/shim/src/pm_state.c.obj
[brox-sku4:rw] [215/385] Building C object modules/ec/zephyr/CMakeFiles/ec_shim.dir/shim/src/cbi/cros_cbi.c.obj
[dirks:rw] [66/372] Building C object CMakeFiles/app.dir/mnt/host/source/src/platform/ec/build/zephyr/dirks/modules/ec/common/port80.c.obj
[trulo-ti:rw] -- warning_base_override: -Wall;-Wformat;-Wformat-security;-Wformat;-Wno-format-zero-length;-Wno-pointer-sign;-Wpointer-arith;-Wexpansion-to-defined
[trulo-ti:rw] The PW_ROOT environment variable is not set; using /mnt/host/source/src/platform/ec/build/zephyr/trulo-ti/modules/pigweed within CMake
[craask:ro] [203/414] Building C object modules/ec/zephyr/CMakeFiles/ec_shim.dir/shim/src/pm_state.c.obj
[trulo-ti:ro] -- warning_base_override: -Wall;-Wformat;-Wformat-security;-Wformat;-Wno-format-zero-length;-Wno-pointer-sign;-Wpointer-arith;-Wexpansion-to-defined
[trulo-ti:ro] INFO: Project trulo-ti does not support SSFC
[trulo-ti:ro] INFO: No motionsense-sensor node found
[trulo-ti:ro] The PW_ROOT environment variable is not set; using /mnt/host/source/src/platform/ec/build/zephyr/trulo-ti/modules/pigweed within CMake
[/mnt/host/source/src/platform/ec/build/zephyr/dooku-lcov]   /mnt/host/source/src/platform/ec/build/zephyr/dooku/build-ro/zephyr/CMakeFiles/zephyr.dir/lib/utils/last_section_id.c.gcno:no functions found
[/mnt/host/source/src/platform/ec/build/zephyr/dooku-lcov] stderr:
[craask:ro] [204/414] Building C object modules/ec/zephyr/CMakeFiles/ec_shim.dir/shim/src/cbi/cros_cbi.c.obj
[craask:rw] [172/416] Building C object zephyr/drivers/serial/CMakeFiles/drivers__serial.dir/uart_npcx.c.obj
[craask:rw] [173/416] Linking C static library zephyr/drivers/serial/libdrivers__serial.a
[/mnt/host/source/src/platform/ec/build/zephyr/frostflow-lcov]   /mnt/host/source/src/platform/ec/build/zephyr/frostflow/build-rw/zephyr/CMakeFiles/zephyr.dir/subsys/shell/modules/kernel_service/kernel_shell.c.gcno:no functions found
[/mnt/host/source/src/platform/ec/build/zephyr/frostflow-lcov] stderr:
[dirks:rw] [67/372] Building C object CMakeFiles/app.dir/mnt/host/source/src/platform/ec/build/zephyr/dirks/modules/ec/common/power_button.c.obj
[brox-sku4:rw] [216/385] Building C object modules/ec/zephyr/CMakeFiles/ec_shim.dir/shim/src/cbi/cbi_flash.c.obj
[craask:rw] [174/416] Building C object zephyr/drivers/syscon/CMakeFiles/drivers__syscon.dir/syscon.c.obj
[craask:ro] [205/414] Building C object modules/ec/zephyr/CMakeFiles/ec_shim.dir/shim/src/cbi/cros_cbi_ssfc.c.obj
[craask:ro] [206/414] Building C object modules/ec/zephyr/CMakeFiles/ec_shim.dir/shim/src/cbi/cros_cbi_fw_config.c.obj
[craask:rw] [175/416] Linking C static library zephyr/drivers/syscon/libdrivers__syscon.a
[/mnt/host/source/src/platform/ec/build/zephyr/frostflow-lcov]   /mnt/host/source/src/platform/ec/build/zephyr/frostflow/build-rw/zephyr/CMakeFiles/zephyr.dir/lib/libc/validate_libc.c.gcno:no functions found
[/mnt/host/source/src/platform/ec/build/zephyr/frostflow-lcov] stderr:
[craask:ro] [207/414] Building ASM object modules/ec/zephyr/CMakeFiles/ec_shim.dir/shim/src/libgcc_arm.S.obj
[craask:rw] [176/416] Building C object zephyr/drivers/timer/CMakeFiles/drivers__timer.dir/sys_clock_init.c.obj
[brox-sku4:rw] [217/385] Building C object modules/ec/zephyr/CMakeFiles/ec_shim.dir/shim/src/led_driver/led.c.obj
[dirks:rw] [68/372] Building C object CMakeFiles/app.dir/mnt/host/source/src/platform/ec/build/zephyr/dirks/modules/ec/common/panic_output.c.obj
[brox-sku4:rw] [218/385] Building C object modules/ec/zephyr/CMakeFiles/ec_shim.dir/shim/src/led_driver/led_pwm.c.obj
[craask:ro] [208/414] Building C object modules/ec/zephyr/CMakeFiles/ec_shim.dir/shim/src/cbi/cbi_eeprom.c.obj
[dirks:rw] [69/372] Building C object CMakeFiles/app.dir/mnt/host/source/src/platform/ec/build/zephyr/dirks/modules/ec/driver/sha256/sha256_it8xxx2.c.obj
[craask:ro] [209/414] Building C object modules/ec/zephyr/CMakeFiles/ec_shim.dir/shim/src/system.c.obj
[craask:rw] [177/416] Building C object zephyr/drivers/timer/CMakeFiles/drivers__timer.dir/npcx_itim_timer.c.obj
[craask:rw] [178/416] Linking C static library zephyr/drivers/timer/libdrivers__timer.a
[brox-sku4:rw] [219/385] Building C object modules/ec/zephyr/CMakeFiles/ec_shim.dir/shim/src/system.c.obj
[craask:rw] [179/416] Building C object zephyr/drivers/watchdog/CMakeFiles/drivers__watchdog.dir/wdt_npcx.c.obj
[craask:rw] [180/416] Linking C static library zephyr/drivers/watchdog/libdrivers__watchdog.a
[craask:ro] [210/414] Building C object modules/ec/zephyr/CMakeFiles/ec_shim.dir/shim/src/battery.c.obj
[craask:ro] [211/414] Building C object modules/ec/zephyr/CMakeFiles/ec_shim.dir/shim/src/adc.c.obj
[dirks:rw] [70/372] Building C object CMakeFiles/app.dir/mnt/host/source/src/platform/ec/build/zephyr/dirks/modules/ec/common/shared_mem.c.obj
[craask:rw] [181/416] Building C object modules/ec/zephyr/CMakeFiles/ec_shim.dir/app/ec/ec_app_main.c.obj
[brox-sku4:rw] [220/385] Building C object modules/ec/zephyr/CMakeFiles/ec_shim.dir/shim/src/adc.c.obj
[brox-sku4:rw] [221/385] Building C object modules/ec/zephyr/CMakeFiles/ec_shim.dir/shim/src/pdc_shim.c.obj
[craask:ro] [212/414] Building C object modules/ec/zephyr/CMakeFiles/ec_shim.dir/shim/src/charger.c.obj
[/mnt/host/source/src/platform/ec/build/zephyr/frostflow-lcov]   /mnt/host/source/src/platform/ec/build/zephyr/frostflow/build-rw/zephyr/CMakeFiles/zephyr.dir/lib/utils/last_section_id.c.gcno:no functions found
[/mnt/host/source/src/platform/ec/build/zephyr/frostflow-lcov] stderr:
[dirks:rw] [71/372] Building C object CMakeFiles/app.dir/mnt/host/source/src/platform/ec/build/zephyr/dirks/modules/ec/common/switch.c.obj
[brox-sku4:rw] [222/385] Building C object modules/ec/zephyr/CMakeFiles/ec_shim.dir/shim/src/battery.c.obj
[craask:rw] [182/416] Building C object modules/ec/zephyr/CMakeFiles/ec_shim.dir/app/ec/main_shim.c.obj
[craask:ro] [213/414] Building C object modules/ec/zephyr/CMakeFiles/ec_shim.dir/shim/src/chipset_api.c.obj
[dirks:rw] [72/372] Building C object CMakeFiles/app.dir/mnt/host/source/src/platform/ec/build/zephyr/dirks/modules/ec/common/thermal.c.obj
[brox-sku4:rw] [223/385] Building C object modules/ec/zephyr/CMakeFiles/ec_shim.dir/shim/src/charger.c.obj
[craask:rw] [183/416] Building C object modules/ec/zephyr/CMakeFiles/ec_shim.dir/drivers/cros_flash/cros_flash_npcx.c.obj
[craask:ro] [214/414] Building C object modules/ec/zephyr/CMakeFiles/ec_shim.dir/shim/src/espi.c.obj
[brox-sku4:rw] [224/385] Building C object modules/ec/zephyr/CMakeFiles/ec_shim.dir/shim/src/chipset_api.c.obj
[craask:rw] [184/416] Building C object modules/ec/zephyr/CMakeFiles/ec_shim.dir/drivers/cros_kb_raw/cros_kb_raw_npcx.c.obj
[craask:ro] [215/414] Building C object modules/ec/zephyr/CMakeFiles/ec_shim.dir/shim/src/fan.c.obj
[dirks:rw] [73/372] Building C object CMakeFiles/app.dir/mnt/host/source/src/platform/ec/build/zephyr/dirks/modules/ec/common/temp_sensor.c.obj
[craask:ro] [216/414] Building C object modules/ec/zephyr/CMakeFiles/ec_shim.dir/shim/src/flash.c.obj
[craask:rw] [185/416] Building C object modules/ec/zephyr/CMakeFiles/ec_shim.dir/drivers/cros_kblight/pwm_kblight.c.obj
[brox-sku4:rw] [225/385] Building C object modules/ec/zephyr/CMakeFiles/ec_shim.dir/shim/src/espi.c.obj
[dirks:rw] [74/372] Building C object CMakeFiles/app.dir/mnt/host/source/src/platform/ec/build/zephyr/dirks/modules/ec/driver/temp_sensor/thermistor.c.obj
[craask:ro] [217/414] Building C object modules/ec/zephyr/CMakeFiles/ec_shim.dir/shim/src/hooks.c.obj
[brox-sku4:rw] [226/385] Building C object modules/ec/zephyr/CMakeFiles/ec_shim.dir/shim/src/flash.c.obj
[trulo-ti:ro] -- Found gen_kobject_list: /mnt/host/source/src/third_party/zephyr/main/scripts/build/gen_kobject_list.py
[craask:ro] [218/414] Building C object modules/ec/zephyr/CMakeFiles/ec_shim.dir/shim/src/host_command.c.obj
[trulo-ti:ro] CMake Warning at /mnt/host/source/src/third_party/zephyr/main/CMakeLists.txt:2359 (message):
[trulo-ti:ro]   __ASSERT() statements are globally ENABLED
[brox-sku4:rw] [227/385] Building C object modules/ec/zephyr/CMakeFiles/ec_shim.dir/shim/src/fan.c.obj
[craask:rw] [186/416] Building C object modules/ec/zephyr/CMakeFiles/ec_shim.dir/drivers/cros_system/cros_system_npcx.c.obj
[dirks:rw] [75/372] Building C object CMakeFiles/app.dir/mnt/host/source/src/platform/ec/build/zephyr/dirks/modules/ec/common/throttle_ap.c.obj
[craask:ro] [219/414] Building C object modules/ec/zephyr/CMakeFiles/ec_shim.dir/shim/src/console_buffer.c.obj
[trulo-ti:rw] -- Found gen_kobject_list: /mnt/host/source/src/third_party/zephyr/main/scripts/build/gen_kobject_list.py
[craask:rw] [187/416] Building C object modules/ec/zephyr/CMakeFiles/ec_shim.dir/drivers/vivaldi_kbd/vivaldi_kbd.c.obj
[trulo-ti:rw] CMake Warning at /mnt/host/source/src/third_party/zephyr/main/CMakeLists.txt:2359 (message):
[trulo-ti:rw]   __ASSERT() statements are globally ENABLED
[craask:rw] [188/416] Building C object modules/ec/zephyr/CMakeFiles/ec_shim.dir/shim/chip/npcx/clock.c.obj
[trulo-ti:ro] -- Configuring done (21.0s)
[craask:ro] [220/414] Building C object modules/ec/zephyr/CMakeFiles/ec_shim.dir/shim/src/keyboard_raw.c.obj
[brox-sku4:rw] [228/385] Building C object modules/ec/zephyr/CMakeFiles/ec_shim.dir/shim/src/hooks.c.obj
[trulo-ti:rw] -- Configuring done (21.0s)
[dirks:rw] [76/372] Building C object CMakeFiles/app.dir/mnt/host/source/src/platform/ec/build/zephyr/dirks/modules/ec/common/timer.c.obj
[craask:ro] [221/414] Building C object modules/ec/zephyr/CMakeFiles/ec_shim.dir/shim/src/mkbp_event.c.obj
[brox-sku4:rw] [229/385] Building C object modules/ec/zephyr/CMakeFiles/ec_shim.dir/shim/src/host_command.c.obj
[dirks:rw] [77/372] Building C object CMakeFiles/app.dir/mnt/host/source/src/platform/ec/build/zephyr/dirks/modules/ec/common/usb_port_power_dumb.c.obj
[brox-sku4:rw] [230/385] Building C object modules/ec/zephyr/CMakeFiles/ec_shim.dir/shim/src/console_buffer.c.obj
[craask:ro] [222/414] Building C object modules/ec/zephyr/CMakeFiles/ec_shim.dir/shim/src/panic.c.obj
[craask:rw] [189/416] Building C object modules/ec/zephyr/CMakeFiles/ec_shim.dir/shim/chip/npcx/rom_chip.c.obj
[craask:ro] [223/414] Building C object modules/ec/zephyr/CMakeFiles/ec_shim.dir/shim/src/motionsense_sensors.c.obj
[brox-sku4:rw] [231/385] Building C object modules/ec/zephyr/CMakeFiles/ec_shim.dir/shim/src/mkbp_event.c.obj
[craask:rw] [190/416] Building C object modules/ec/zephyr/CMakeFiles/ec_shim.dir/shim/chip/npcx/keyboard_raw.c.obj
[craask:ro] [224/414] Building C object modules/ec/zephyr/CMakeFiles/ec_shim.dir/shim/src/pwm_hc.c.obj
[dirks:rw] [78/372] Building C object CMakeFiles/app.dir/mnt/host/source/src/platform/ec/build/zephyr/dirks/modules/ec/common/typec_control.c.obj
[craask:rw] [191/416] Building C object modules/ec/zephyr/CMakeFiles/ec_shim.dir/shim/chip/npcx/gpio.c.obj
[brox-sku4:rw] [232/385] Building C object modules/ec/zephyr/CMakeFiles/ec_shim.dir/shim/src/motionsense_sensors.c.obj
[craask:ro] [225/414] Building C object modules/ec/zephyr/CMakeFiles/ec_shim.dir/shim/src/pwm_led.c.obj
[brox-sku4:rw] [233/385] Building C object modules/ec/zephyr/CMakeFiles/ec_shim.dir/shim/src/panic.c.obj
[dirks:rw] [79/372] Building C object CMakeFiles/app.dir/mnt/host/source/src/platform/ec/build/zephyr/dirks/modules/ec/common/usb_common.c.obj
[craask:ro] [226/414] Building C object modules/ec/zephyr/CMakeFiles/ec_shim.dir/shim/src/thermal.c.obj
[craask:rw] [192/416] Building C object modules/ec/zephyr/CMakeFiles/ec_shim.dir/shim/chip/npcx/system.c.obj
[brox-sku4:rw] [234/385] Building C object modules/ec/zephyr/CMakeFiles/ec_shim.dir/shim/src/pwm_hc.c.obj
[craask:ro] [227/414] Building C object modules/ec/zephyr/CMakeFiles/ec_shim.dir/shim/src/hwtimer.c.obj
[craask:ro] [228/414] Building C object modules/ec/zephyr/CMakeFiles/ec_shim.dir/shim/src/temp_sensors.c.obj
[dirks:rw] [80/372] Building C object CMakeFiles/app.dir/mnt/host/source/src/platform/ec/build/zephyr/dirks/modules/ec/common/usb_pd_pdo.c.obj
[craask:rw] [193/416] Building C object modules/ec/zephyr/CMakeFiles/ec_shim.dir/shim/chip/npcx/system_external_storage.c.obj
[craask:rw] [194/416] Building C object modules/ec/zephyr/CMakeFiles/ec_shim.dir/shim/chip/npcx/system_download_from_flash.c.obj
[craask:ro] [229/414] Building C object modules/ec/zephyr/CMakeFiles/ec_shim.dir/shim/src/i2c.c.obj
[brox-sku4:rw] [235/385] Building C object modules/ec/zephyr/CMakeFiles/ec_shim.dir/shim/src/thermal.c.obj
[brox-sku4:rw] [236/385] Building C object modules/ec/zephyr/CMakeFiles/ec_shim.dir/shim/src/temp_sensors.c.obj
[dirks:rw] [81/372] Building C object CMakeFiles/app.dir/mnt/host/source/src/platform/ec/build/zephyr/dirks/modules/ec/common/usbc/usbc_task.c.obj
[brox-sku4:rw] [237/385] Building C object modules/ec/zephyr/CMakeFiles/ec_shim.dir/shim/src/hwtimer.c.obj
[craask:rw] [195/416] Building C object modules/ec/zephyr/CMakeFiles/ec_shim.dir/shim/chip/npcx/power_policy.c.obj
[dirks:rw] [82/372] Building C object CMakeFiles/app.dir/mnt/host/source/src/platform/ec/build/zephyr/dirks/modules/ec/common/usbc/usb_pd_timer.c.obj
[craask:ro] [230/414] Building C object modules/ec/zephyr/CMakeFiles/ec_shim.dir/shim/src/bc12.c.obj
[craask:ro] [231/414] Building C object modules/ec/zephyr/CMakeFiles/ec_shim.dir/shim/src/tasks.c.obj
[craask:ro] [232/414] Building C object modules/ec/zephyr/CMakeFiles/ec_shim.dir/shim/src/watchdog.c.obj
[craask:rw] [196/416] Building C object modules/ec/zephyr/CMakeFiles/ec_shim.dir/shim/core/cortex-m/mpu.c.obj
[craask:rw] [197/416] Building C object modules/ec/zephyr/CMakeFiles/ec_shim.dir/shim/core/cortex-m/panic.c.obj
[craask:rw] [198/416] Building C object modules/ec/zephyr/CMakeFiles/ec_shim.dir/shim/src/crc.c.obj
[brox-sku4:rw] [238/385] Building C object modules/ec/zephyr/CMakeFiles/ec_shim.dir/shim/src/i2c.c.obj
[dirks:rw] [83/372] Building C object CMakeFiles/app.dir/mnt/host/source/src/platform/ec/build/zephyr/dirks/modules/ec/common/usbc/usb_sm.c.obj
[craask:ro] [233/414] Building C object modules/ec/zephyr/CMakeFiles/ec_shim.dir/shim/src/bc12_pi3usb9201.c.obj
[brox-sku4:rw] [239/385] Building C object modules/ec/zephyr/CMakeFiles/ec_shim.dir/shim/src/tasks.c.obj
[craask:ro] [234/414] cd /mnt/host/source/src/platform/ec/build/zephyr/craask/build-ro/modules/ec/zephyr && PYTHONPATH=/mnt/host/source/src/platform/ec/build/zephyr/craask/modules/ec/zephyr/zmake/ /usr/bin/python3.11 /mnt/host/source/src/platform/ec/build/zephyr/craask/modules/ec/zephyr/zmake/zephyr_build_tools/generate_ec_version.py /mnt/host/source/src/platform/ec/build/zephyr/craask/build-ro/modules/ec/zephyr/include/ec_version.h --name Zephyr-Kernel --version 16543.0.0 --static
[craask:ro] INFO:root:Using a static version string
[brox-sku4:rw] [240/385] Building C object modules/ec/zephyr/CMakeFiles/ec_shim.dir/shim/src/watchdog.c.obj
[dirks:rw] [84/372] Building C object CMakeFiles/app.dir/mnt/host/source/src/platform/ec/build/zephyr/dirks/modules/ec/common/usbc_intr_task.c.obj
[craask:rw] [199/416] Building C object modules/ec/zephyr/CMakeFiles/ec_shim.dir/shim/src/console.c.obj
[craask:ro] INFO:root:Version string: Zephyr-Kernel-16543.0.0
[craask:ro] INFO:root:Writing header to /mnt/host/source/src/platform/ec/build/zephyr/craask/build-ro/modules/ec/zephyr/include/ec_version.h
[craask:ro] [235/414] Building C object modules/ec/zephyr/CMakeFiles/ec_shim.dir/shim/src/usba.c.obj
[craask:ro] [236/414] Building C object modules/ec/zephyr/CMakeFiles/ec_shim.dir/shim/src/power_host_sleep_api.c.obj
[craask:ro] [237/414] Building C object modules/ec/zephyr/CMakeFiles/ec_shim.dir/shim/src/usb_muxes.c.obj
[dirks:rw] [85/372] Building C object CMakeFiles/app.dir/mnt/host/source/src/platform/ec/build/zephyr/dirks/modules/ec/common/usbc_utils.c.obj
[craask:rw] [200/416] Building C object modules/ec/zephyr/CMakeFiles/ec_shim.dir/shim/src/gpio_int.c.obj
[brox-sku4:rw] [241/385] Building C object modules/ec/zephyr/CMakeFiles/ec_shim.dir/shim/src/usba.c.obj
[craask:rw] [201/416] Building C object modules/ec/zephyr/CMakeFiles/ec_shim.dir/shim/src/gpio.c.obj
[brox-sku4:rw] [242/385] cd /mnt/host/source/src/platform/ec/build/zephyr/brox-sku4/build-rw/modules/ec/zephyr && PYTHONPATH=/mnt/host/source/src/platform/ec/build/zephyr/brox-sku4/modules/ec/zephyr/zmake/ /usr/bin/python3.11 /mnt/host/source/src/platform/ec/build/zephyr/brox-sku4/modules/ec/zephyr/zmake/zephyr_build_tools/generate_ec_version.py /mnt/host/source/src/platform/ec/build/zephyr/brox-sku4/build-rw/modules/ec/zephyr/include/ec_version.h --name Zephyr-Kernel --version 16543.0.0 --static
[dirks:rw] [86/372] Building C object CMakeFiles/app.dir/mnt/host/source/src/platform/ec/build/zephyr/dirks/modules/ec/common/usb_pd_flags.c.obj
[craask:ro] [238/414] Building C object CMakeFiles/app.dir/mnt/host/source/src/platform/ec/zephyr/subsys/ap_pwrseq/ap_events.c.obj
[brox-sku4:rw] INFO:root:Using a static version string
[brox-sku4:rw] INFO:root:Version string: Zephyr-Kernel-16543.0.0
[brox-sku4:rw] INFO:root:Writing header to /mnt/host/source/src/platform/ec/build/zephyr/brox-sku4/build-rw/modules/ec/zephyr/include/ec_version.h
[brox-sku4:rw] [243/385] Building C object modules/ec/zephyr/CMakeFiles/ec_shim.dir/shim/src/power_host_sleep_api.c.obj
[brox-sku4:rw] [244/385] Building C object modules/ec/zephyr/CMakeFiles/ec_shim.dir/shim/src/sha256_hw.c.obj
[craask:rw] [202/416] Building C object modules/ec/zephyr/CMakeFiles/ec_shim.dir/shim/src/panic_utils.c.obj
[craask:ro] [239/414] Building C object CMakeFiles/app.dir/mnt/host/source/src/platform/ec/zephyr/subsys/ap_pwrseq/ap_power_interface.c.obj
[craask:ro] [240/414] Building C object CMakeFiles/app.dir/mnt/host/source/src/platform/ec/zephyr/subsys/ap_pwrseq/power_signals.c.obj
[dirks:rw] [87/372] Building C object CMakeFiles/app.dir/mnt/host/source/src/platform/ec/build/zephyr/dirks/modules/ec/common/chargen.c.obj
[brox-sku4:rw] [245/385] Building C object CMakeFiles/app.dir/mnt/host/source/src/platform/ec/zephyr/subsys/ap_pwrseq/ap_events.c.obj
[craask:rw] [203/416] Building C object modules/ec/zephyr/CMakeFiles/ec_shim.dir/shim/src/pm_state.c.obj
[craask:ro] [241/414] Building C object CMakeFiles/app.dir/mnt/host/source/src/platform/ec/zephyr/subsys/ap_pwrseq/signal_gpio.c.obj
[craask:rw] [204/416] Building C object modules/ec/zephyr/CMakeFiles/ec_shim.dir/shim/src/cbi/cros_cbi.c.obj
[dirks:rw] [88/372] Building C object CMakeFiles/app.dir/mnt/host/source/src/platform/ec/build/zephyr/dirks/modules/ec/common/usbc/usb_pd_console.c.obj
[brox-sku4:rw] [246/385] Building C object CMakeFiles/app.dir/mnt/host/source/src/platform/ec/zephyr/subsys/ap_pwrseq/ap_power_interface.c.obj
[brox-sku4:rw] [247/385] Building C object CMakeFiles/app.dir/mnt/host/source/src/platform/ec/zephyr/subsys/ap_pwrseq/power_signals.c.obj
[craask:ro] [242/414] Building C object CMakeFiles/app.dir/mnt/host/source/src/platform/ec/zephyr/subsys/ap_pwrseq/signal_vw.c.obj
[craask:rw] [205/416] Building C object modules/ec/zephyr/CMakeFiles/ec_shim.dir/shim/src/cbi/cros_cbi_fw_config.c.obj
[craask:ro] [243/414] Building C object CMakeFiles/app.dir/mnt/host/source/src/platform/ec/zephyr/subsys/ap_pwrseq/power_host_sleep.c.obj
[dirks:rw] [89/372] Building C object CMakeFiles/app.dir/mnt/host/source/src/platform/ec/build/zephyr/dirks/modules/ec/driver/retimer/ps8811.c.obj
[craask:ro] [244/414] Building C object CMakeFiles/app.dir/mnt/host/source/src/platform/ec/zephyr/subsys/ap_pwrseq/signal_adc.c.obj
[brox-sku4:rw] [248/385] Building C object CMakeFiles/app.dir/mnt/host/source/src/platform/ec/zephyr/subsys/ap_pwrseq/signal_gpio.c.obj
[craask:rw] [206/416] Building C object modules/ec/zephyr/CMakeFiles/ec_shim.dir/shim/src/cbi/cros_cbi_ssfc.c.obj
[craask:rw] [207/416] Building C object modules/ec/zephyr/CMakeFiles/ec_shim.dir/shim/src/cbi/cbi_eeprom.c.obj
[dirks:rw] [90/372] Building C object CMakeFiles/app.dir/mnt/host/source/src/platform/ec/build/zephyr/dirks/modules/ec/driver/usb_mux/usb_mux.c.obj
[craask:ro] [245/414] Building C object CMakeFiles/app.dir/mnt/host/source/src/platform/ec/zephyr/subsys/ap_pwrseq/x86_non_dsx_common_pwrseq_sm_handler.c.obj
[brox-sku4:rw] [249/385] Building C object CMakeFiles/app.dir/mnt/host/source/src/platform/ec/zephyr/subsys/ap_pwrseq/power_host_sleep.c.obj
[brox-sku4:rw] [250/385] Building C object CMakeFiles/app.dir/mnt/host/source/src/platform/ec/zephyr/subsys/ap_pwrseq/signal_vw.c.obj
[craask:rw] [208/416] Building ASM object modules/ec/zephyr/CMakeFiles/ec_shim.dir/shim/src/libgcc_arm.S.obj
[craask:ro] [246/414] Building C object CMakeFiles/app.dir/mnt/host/source/src/platform/ec/zephyr/subsys/ap_pwrseq/x86_non_dsx_chipset_power_state.c.obj
[craask:rw] [209/416] Building C object modules/ec/zephyr/CMakeFiles/ec_shim.dir/shim/src/system.c.obj
[dirks:rw] [91/372] Building C object CMakeFiles/app.dir/mnt/host/source/src/platform/ec/build/zephyr/dirks/modules/ec/driver/usb_mux/virtual.c.obj
[craask:ro] [247/414] Building C object CMakeFiles/app.dir/mnt/host/source/src/platform/ec/zephyr/subsys/ap_pwrseq/x86_non_dsx_common_pwrseq_host_sleep.c.obj
[craask:ro] [248/414] Building C object CMakeFiles/app.dir/mnt/host/source/src/platform/ec/zephyr/subsys/ap_pwrseq/x86_non_dsx_common_pwrseq_console.c.obj
[/mnt/host/source/src/platform/ec/build/zephyr/dooku-lcov]   /mnt/host/source/src/platform/ec/build/zephyr/dooku/build-ro/zephyr/CMakeFiles/zephyr.dir/soc/ite/ec/it8xxx2/check_regs.c.gcno:no functions found
[/mnt/host/source/src/platform/ec/build/zephyr/dooku-lcov] stderr:
[brox-sku4:rw] [251/385] Building C object CMakeFiles/app.dir/mnt/host/source/src/platform/ec/zephyr/subsys/ap_pwrseq/x86_non_dsx_common_pwrseq_sm_handler.c.obj
[/mnt/host/source/src/platform/ec/build/zephyr/frostflow-lcov]   /mnt/host/source/src/platform/ec/build/zephyr/frostflow/build-rw/zephyr/CMakeFiles/zephyr.dir/soc/nuvoton/npcx/common/npcxn/registers.c.gcno:no functions found
[/mnt/host/source/src/platform/ec/build/zephyr/frostflow-lcov] stderr:
[brox-sku4:rw] [252/385] Building C object CMakeFiles/app.dir/mnt/host/source/src/platform/ec/zephyr/subsys/ap_pwrseq/x86_non_dsx_chipset_power_state.c.obj
[craask:rw] [210/416] Building C object modules/ec/zephyr/CMakeFiles/ec_shim.dir/shim/src/adc.c.obj
[brox-sku4:rw] [253/385] Building C object CMakeFiles/app.dir/mnt/host/source/src/platform/ec/zephyr/subsys/ap_pwrseq/x86_non_dsx_common_pwrseq_host_sleep.c.obj
[craask:rw] [211/416] Building C object modules/ec/zephyr/CMakeFiles/ec_shim.dir/shim/src/battery.c.obj
[craask:ro] [249/414] Building C object CMakeFiles/app.dir/mnt/host/source/src/platform/ec/zephyr/subsys/ap_pwrseq/x86_non_dsx_common_pwrseq_host_command.c.obj
[dirks:rw] [92/372] Building C object CMakeFiles/app.dir/mnt/host/source/src/platform/ec/build/zephyr/dirks/modules/ec/common/usbc/usb_tc_drp_acc_trysrc_sm.c.obj
[craask:ro] [250/414] Building C object CMakeFiles/app.dir/mnt/host/source/src/platform/ec/zephyr/subsys/ap_pwrseq/x86_non_dsx_adlp_pwrseq_sm.c.obj
[craask:rw] [212/416] Building C object modules/ec/zephyr/CMakeFiles/ec_shim.dir/shim/src/charger.c.obj
[trulo-ti:ro] -- Generating done (7.9s)
[trulo-ti:ro] CMake Warning:
[trulo-ti:ro]   Manually-specified variables were not used by the project:
[trulo-ti:ro]     COREBOOT_SDK_ROOT_libstdcxx_riscv64
[trulo-ti:ro]     COREBOOT_SDK_ROOT_libstdcxx_x86
[trulo-ti:ro]     COREBOOT_SDK_ROOT_nds32
[trulo-ti:ro]     COREBOOT_SDK_ROOT_picolibc_riscv64
[trulo-ti:ro]     COREBOOT_SDK_ROOT_picolibc_x86
[trulo-ti:ro]     COREBOOT_SDK_ROOT_riscv
[trulo-ti:ro]     COREBOOT_SDK_ROOT_riscv64
[trulo-ti:ro]     COREBOOT_SDK_ROOT_x86
[trulo-ti:ro]     PW_ROOT
[trulo-ti:ro] -- Build files have been written to: /mnt/host/source/src/platform/ec/build/zephyr/trulo-ti/build-ro
[craask:ro] [251/414] Building C object CMakeFiles/app.dir/mnt/host/source/src/platform/ec/build/zephyr/craask/modules/ec/builtin/stdlib.c.obj
[craask:ro] [252/414] Building C object CMakeFiles/app.dir/mnt/host/source/src/platform/ec/zephyr/subsys/ap_pwrseq/ap_reset_log.c.obj
[dirks:rw] [93/372] Building C object CMakeFiles/app.dir/mnt/host/source/src/platform/ec/build/zephyr/dirks/modules/ec/common/usbc/usb_prl_sm.c.obj
[trulo-ti:rw] -- Generating done (7.9s)
[trulo-ti:rw] CMake Warning:
[trulo-ti:rw] -- Build files have been written to: /mnt/host/source/src/platform/ec/build/zephyr/trulo-ti/build-rw
[brox-sku4:rw] [254/385] Building C object CMakeFiles/app.dir/mnt/host/source/src/platform/ec/zephyr/subsys/ap_pwrseq/x86_non_dsx_common_pwrseq_console.c.obj
[brox-sku4:rw] [255/385] Building C object CMakeFiles/app.dir/mnt/host/source/src/platform/ec/zephyr/subsys/ap_pwrseq/x86_non_dsx_adlp_pwrseq_sm.c.obj
[craask:rw] [213/416] Building C object modules/ec/zephyr/CMakeFiles/ec_shim.dir/shim/src/chipset_api.c.obj
[brox-sku4:rw] [256/385] Building C object CMakeFiles/app.dir/mnt/host/source/src/platform/ec/zephyr/subsys/ap_pwrseq/x86_non_dsx_common_pwrseq_host_command.c.obj
[craask:ro] [253/414] Building C object CMakeFiles/app.dir/mnt/host/source/src/platform/ec/build/zephyr/craask/modules/ec/common/base32.c.obj
[craask:rw] [214/416] Building C object modules/ec/zephyr/CMakeFiles/ec_shim.dir/shim/src/espi.c.obj
[craask:ro] [254/414] Building C object CMakeFiles/app.dir/mnt/host/source/src/platform/ec/build/zephyr/craask/modules/ec/common/console_output.c.obj
[trulo-ti:rw]   Manually-specified variables were not used by the project:
[trulo-ti:rw]     COREBOOT_SDK_ROOT_libstdcxx_riscv64
[trulo-ti:rw]     COREBOOT_SDK_ROOT_libstdcxx_x86
[trulo-ti:rw]     COREBOOT_SDK_ROOT_nds32
[trulo-ti:rw]     COREBOOT_SDK_ROOT_picolibc_riscv64
[trulo-ti:rw]     COREBOOT_SDK_ROOT_picolibc_x86
[trulo-ti:rw]     COREBOOT_SDK_ROOT_riscv
[trulo-ti:rw]     COREBOOT_SDK_ROOT_riscv64
[trulo-ti:rw]     COREBOOT_SDK_ROOT_x86
[trulo-ti:rw]     PW_ROOT
[craask:ro] [255/414] Building C object CMakeFiles/app.dir/mnt/host/source/src/platform/ec/build/zephyr/craask/modules/ec/common/gpio_commands.c.obj
[dirks:rw] [94/372] Building C object CMakeFiles/app.dir/mnt/host/source/src/platform/ec/build/zephyr/dirks/modules/ec/common/usbc/usb_pe_drp_sm.c.obj
[craask:ro] [256/414] Building C object CMakeFiles/app.dir/mnt/host/source/src/platform/ec/build/zephyr/craask/modules/ec/common/ec_features.c.obj
[dirks:rw] [95/372] Building C object CMakeFiles/app.dir/mnt/host/source/src/platform/ec/build/zephyr/dirks/modules/ec/common/usbc/usb_pd_dpm.c.obj
[brox-sku4:rw] [257/385] Building C object CMakeFiles/app.dir/mnt/host/source/src/platform/ec/zephyr/subsys/ap_pwrseq/ap_reset_log.c.obj
[craask:rw] [215/416] Building C object modules/ec/zephyr/CMakeFiles/ec_shim.dir/shim/src/fan.c.obj
[craask:rw] [216/416] Building C object modules/ec/zephyr/CMakeFiles/ec_shim.dir/shim/src/flash.c.obj
[brox-sku4:rw] [258/385] Building C object CMakeFiles/app.dir/mnt/host/source/src/platform/ec/zephyr/subsys/pd_controller/pdc_pmc_debug.c.obj
[craask:ro] [257/414] Building C object CMakeFiles/app.dir/mnt/host/source/src/platform/ec/build/zephyr/craask/modules/ec/common/peripheral.c.obj
[craask:ro] [258/414] Building C object CMakeFiles/app.dir/mnt/host/source/src/platform/ec/build/zephyr/craask/modules/ec/common/printf.c.obj
[brox-sku4:rw] [259/385] Building C object CMakeFiles/app.dir/mnt/host/source/src/platform/ec/zephyr/subsys/pd_controller/retimer_fw_update.c.obj
[dirks:rw] [96/372] Building C object CMakeFiles/app.dir/mnt/host/source/src/platform/ec/build/zephyr/dirks/modules/ec/common/usbc/usbc_pd_policy.c.obj
[craask:rw] [217/416] Building C object modules/ec/zephyr/CMakeFiles/ec_shim.dir/shim/src/hooks.c.obj
[craask:ro] [259/414] Building C object CMakeFiles/app.dir/mnt/host/source/src/platform/ec/build/zephyr/craask/modules/ec/common/queue.c.obj
[craask:ro] [260/414] Building C object CMakeFiles/app.dir/mnt/host/source/src/platform/ec/build/zephyr/craask/modules/ec/common/system_boot_time.c.obj
[craask:ro] [261/414] Building C object CMakeFiles/app.dir/mnt/host/source/src/platform/ec/build/zephyr/craask/modules/ec/common/system.c.obj
[dirks:rw] [97/372] Building C object CMakeFiles/app.dir/mnt/host/source/src/platform/ec/build/zephyr/dirks/modules/ec/common/usbc/dp_alt_mode.c.obj
[craask:rw] [218/416] Building C object modules/ec/zephyr/CMakeFiles/ec_shim.dir/shim/src/host_command.c.obj
[/mnt/host/source/src/platform/ec/build/zephyr/dooku-lcov]   /mnt/host/source/src/platform/ec/build/zephyr/dooku/build-ro/zephyr/drivers/syscon/CMakeFiles/drivers__syscon.dir/mnt/host/source/src/third_party/zephyr/main/misc/empty_file.c.gcno:no functions found
[/mnt/host/source/src/platform/ec/build/zephyr/dooku-lcov] stderr:
[brox-sku4:rw] [260/385] Building C object CMakeFiles/app.dir/mnt/host/source/src/platform/ec/zephyr/subsys/pd_controller/pdc_console.c.obj
[craask:ro] [262/414] Building C object CMakeFiles/app.dir/mnt/host/source/src/platform/ec/build/zephyr/craask/modules/ec/common/uart_printf.c.obj
[brox-sku4:rw] [261/385] Building C object CMakeFiles/app.dir/mnt/host/source/src/platform/ec/zephyr/subsys/pd_controller/pdc_host_cmd.c.obj
[brox-sku4:rw] [262/385] Building C object CMakeFiles/app.dir/mnt/host/source/src/platform/ec/zephyr/subsys/pd_controller/pdc_stub.c.obj
[craask:rw] [219/416] Building C object modules/ec/zephyr/CMakeFiles/ec_shim.dir/shim/src/console_buffer.c.obj
[craask:ro] [263/414] Building C object CMakeFiles/app.dir/mnt/host/source/src/platform/ec/build/zephyr/craask/modules/ec/common/util.c.obj
[craask:rw] [220/416] Building C object modules/ec/zephyr/CMakeFiles/ec_shim.dir/shim/src/keyboard_raw.c.obj
[/mnt/host/source/src/platform/ec/build/zephyr/dooku-lcov]   /mnt/host/source/src/platform/ec/build/zephyr/dooku/build-rw/modules/ec/zephyr/CMakeFiles/ec_shim.dir/shim/src/power.c.gcno:no functions found
[/mnt/host/source/src/platform/ec/build/zephyr/dooku-lcov] stderr:
[dirks:rw] [98/372] Building C object CMakeFiles/app.dir/mnt/host/source/src/platform/ec/build/zephyr/dirks/modules/ec/common/usb_pd_console_cmd.c.obj
[/mnt/host/source/src/platform/ec/build/zephyr/dooku-lcov]   /mnt/host/source/src/platform/ec/build/zephyr/dooku/build-rw/modules/ec/zephyr/CMakeFiles/ec_shim.dir/shim/src/thermal.c.gcno:no functions found
[/mnt/host/source/src/platform/ec/build/zephyr/dooku-lcov] stderr:
[craask:ro] [264/414] Building C object CMakeFiles/app.dir/mnt/host/source/src/platform/ec/build/zephyr/craask/modules/ec/common/version.c.obj
[dirks:rw] [99/372] Building C object CMakeFiles/app.dir/mnt/host/source/src/platform/ec/build/zephyr/dirks/modules/ec/common/usb_pd_host_cmd.c.obj
[craask:ro] [265/414] Building C object CMakeFiles/app.dir/mnt/host/source/src/platform/ec/build/zephyr/craask/modules/ec/common/power_button_x86.c.obj
[craask:rw] [221/416] Building C object modules/ec/zephyr/CMakeFiles/ec_shim.dir/shim/src/mkbp_event.c.obj
[craask:ro] [266/414] Building C object CMakeFiles/app.dir/mnt/host/source/src/platform/ec/build/zephyr/craask/modules/ec/driver/accel_bma4xx.c.obj
[brox-sku4:rw] [263/385] Building C object CMakeFiles/app.dir/mnt/host/source/src/platform/ec/zephyr/subsys/pd_controller/pdc_dpm.c.obj
[/mnt/host/source/src/platform/ec/build/zephyr/dooku-lcov]   /mnt/host/source/src/platform/ec/build/zephyr/dooku/build-rw/modules/ec/zephyr/CMakeFiles/ec_shim.dir/shim/src/battery.c.gcno:no functions found
[/mnt/host/source/src/platform/ec/build/zephyr/dooku-lcov] stderr:
[brox-sku4:rw] [264/385] Building C object CMakeFiles/app.dir/mnt/host/source/src/platform/ec/zephyr/subsys/pd_controller/pdc_power_mgmt.c.obj
[brox-sku4:rw] [265/385] Building C object CMakeFiles/app.dir/mnt/host/source/src/platform/ec/zephyr/subsys/ucsi/ppm_common.c.obj
[brox-sku4:rw] [266/385] Building C object CMakeFiles/app.dir/mnt/host/source/src/platform/ec/zephyr/subsys/ucsi/ppm_console.c.obj
[craask:ro] [267/414] Building C object CMakeFiles/app.dir/mnt/host/source/src/platform/ec/build/zephyr/craask/modules/ec/driver/accel_lis2dw12.c.obj
[dirks:rw] [100/372] Building C object CMakeFiles/app.dir/mnt/host/source/src/platform/ec/build/zephyr/dirks/modules/ec/common/usbc/usb_pd_host.c.obj
[craask:ro] [268/414] Building C object CMakeFiles/app.dir/mnt/host/source/src/platform/ec/build/zephyr/craask/modules/ec/driver/accelgyro_bmi_common.c.obj
[craask:rw] [222/416] Building C object modules/ec/zephyr/CMakeFiles/ec_shim.dir/shim/src/panic.c.obj
[craask:rw] [223/416] Building C object modules/ec/zephyr/CMakeFiles/ec_shim.dir/shim/src/motionsense_sensors.c.obj
[dirks:rw] [101/372] Building C object CMakeFiles/app.dir/mnt/host/source/src/platform/ec/build/zephyr/dirks/modules/ec/zephyr/shim/src/tcpc.c.obj
[craask:ro] [269/414] Building C object CMakeFiles/app.dir/mnt/host/source/src/platform/ec/build/zephyr/craask/modules/ec/driver/accelgyro_bmi3xx.c.obj
[/mnt/host/source/src/platform/ec/build/zephyr/dooku-lcov]   /mnt/host/source/src/platform/ec/build/zephyr/dooku/build-rw/modules/ec/zephyr/CMakeFiles/ec_shim.dir/shim/src/charger.c.gcno:no functions found
[/mnt/host/source/src/platform/ec/build/zephyr/dooku-lcov] stderr:
[craask:rw] [224/416] Building C object modules/ec/zephyr/CMakeFiles/ec_shim.dir/shim/src/pwm_hc.c.obj
[craask:ro] [270/414] Building C object CMakeFiles/app.dir/mnt/host/source/src/platform/ec/build/zephyr/craask/modules/ec/driver/accelgyro_lsm6dso.c.obj
[brox-sku4:rw] [267/385] Building C object CMakeFiles/app.dir/mnt/host/source/src/platform/ec/zephyr/subsys/ucsi/ppm_driver.c.obj
[craask:ro] [271/414] Building C object CMakeFiles/app.dir/mnt/host/source/src/platform/ec/build/zephyr/craask/modules/ec/common/motion_sense_fifo.c.obj
[brox-sku4:rw] [268/385] Building C object CMakeFiles/app.dir/mnt/host/source/src/platform/ec/zephyr/subsys/ucsi/ucsi_host_cmd.c.obj
[brox-sku4:rw] [269/385] Building C object CMakeFiles/app.dir/mnt/host/source/src/platform/ec/build/zephyr/brox-sku4/modules/ec/common/base32.c.obj
[brox-sku4:rw] [270/385] Building C object CMakeFiles/app.dir/mnt/host/source/src/platform/ec/build/zephyr/brox-sku4/modules/ec/builtin/stdlib.c.obj
[dirks:rw] [102/372] Building C object CMakeFiles/app.dir/mnt/host/source/src/platform/ec/build/zephyr/dirks/modules/ec/common/usb_pd_host_cmd_common.c.obj
[dirks:rw] [103/372] Building C object CMakeFiles/app.dir/mnt/host/source/src/platform/ec/build/zephyr/dirks/modules/ec/common/usbc/svdm_rsp_dfp_only.c.obj
[/mnt/host/source/src/platform/ec/build/zephyr/dooku-lcov]   /mnt/host/source/src/platform/ec/build/zephyr/dooku/build-rw/modules/ec/zephyr/CMakeFiles/ec_shim.dir/shim/src/usba.c.gcno:no functions found
[/mnt/host/source/src/platform/ec/build/zephyr/dooku-lcov] stderr:
[craask:ro] [272/414] Building C object CMakeFiles/app.dir/mnt/host/source/src/platform/ec/build/zephyr/craask/modules/ec/common/acpi.c.obj
[craask:rw] [225/416] Building C object modules/ec/zephyr/CMakeFiles/ec_shim.dir/shim/src/pwm_led.c.obj
[craask:ro] [273/414] Building C object CMakeFiles/app.dir/mnt/host/source/src/platform/ec/build/zephyr/craask/modules/ec/common/adc.c.obj
[craask:rw] [226/416] Building C object modules/ec/zephyr/CMakeFiles/ec_shim.dir/shim/src/temp_sensors.c.obj
[craask:ro] [274/414] Building C object CMakeFiles/app.dir/mnt/host/source/src/platform/ec/build/zephyr/craask/modules/ec/common/backlight_lid.c.obj
[craask:rw] [227/416] Building C object modules/ec/zephyr/CMakeFiles/ec_shim.dir/shim/src/thermal.c.obj
[brox-sku4:rw] [271/385] Building C object CMakeFiles/app.dir/mnt/host/source/src/platform/ec/build/zephyr/brox-sku4/modules/ec/common/console_output.c.obj
[craask:ro] [275/414] Building C object CMakeFiles/app.dir/mnt/host/source/src/platform/ec/build/zephyr/craask/modules/ec/common/battery.c.obj
[dirks:rw] [104/372] Building C object CMakeFiles/app.dir/mnt/host/source/src/platform/ec/build/zephyr/dirks/modules/ec/common/usbc_ocp.c.obj
[craask:ro] [276/414] Building C object CMakeFiles/app.dir/mnt/host/source/src/platform/ec/build/zephyr/craask/modules/ec/common/battery_info.c.obj
[brox-sku4:rw] [272/385] Building C object CMakeFiles/app.dir/mnt/host/source/src/platform/ec/build/zephyr/brox-sku4/modules/ec/common/ec_features.c.obj
[brox-sku4:rw] [273/385] Building C object CMakeFiles/app.dir/mnt/host/source/src/platform/ec/build/zephyr/brox-sku4/modules/ec/common/peripheral.c.obj
[brox-sku4:rw] [274/385] Building C object CMakeFiles/app.dir/mnt/host/source/src/platform/ec/build/zephyr/brox-sku4/modules/ec/common/gpio_commands.c.obj
[dirks:rw] [105/372] Building C object CMakeFiles/app.dir/mnt/host/source/src/platform/ec/build/zephyr/dirks/modules/ec/common/usb_pd_discovery.c.obj
[craask:rw] [228/416] Building C object modules/ec/zephyr/CMakeFiles/ec_shim.dir/shim/src/hwtimer.c.obj
[craask:ro] [277/414] Building C object CMakeFiles/app.dir/mnt/host/source/src/platform/ec/build/zephyr/craask/modules/ec/common/battery_fuel_gauge.c.obj
[craask:ro] [278/414] Building C object CMakeFiles/app.dir/mnt/host/source/src/platform/ec/build/zephyr/craask/modules/ec/driver/battery/smart.c.obj
[craask:rw] [229/416] Building C object modules/ec/zephyr/CMakeFiles/ec_shim.dir/shim/src/i2c.c.obj
[craask:ro] [279/414] Building C object CMakeFiles/app.dir/mnt/host/source/src/platform/ec/build/zephyr/craask/modules/ec/driver/bc12/pi3usb9201.c.obj
[brox-sku4:rw] [275/385] Building C object CMakeFiles/app.dir/mnt/host/source/src/platform/ec/build/zephyr/brox-sku4/modules/ec/common/printf.c.obj
[dirks:rw] [106/372] Building C object CMakeFiles/app.dir/mnt/host/source/src/platform/ec/build/zephyr/dirks/modules/ec/common/usb_pd_dual_role.c.obj
[craask:rw] [230/416] Building C object modules/ec/zephyr/CMakeFiles/ec_shim.dir/shim/src/tasks.c.obj
[brox-sku4:rw] [276/385] Building C object CMakeFiles/app.dir/mnt/host/source/src/platform/ec/build/zephyr/brox-sku4/modules/ec/common/queue.c.obj
[brox-sku4:rw] [277/385] Building C object CMakeFiles/app.dir/mnt/host/source/src/platform/ec/build/zephyr/brox-sku4/modules/ec/common/system_boot_time.c.obj
[craask:ro] [280/414] Building C object CMakeFiles/app.dir/mnt/host/source/src/platform/ec/build/zephyr/craask/modules/ec/common/charger.c.obj
[dirks:rw] [107/372] Building C object CMakeFiles/app.dir/mnt/host/source/src/platform/ec/build/zephyr/dirks/modules/ec/driver/tcpm/tcpci.c.obj
[craask:ro] [281/414] Building C object CMakeFiles/app.dir/mnt/host/source/src/platform/ec/build/zephyr/craask/modules/ec/driver/charger/isl923x.c.obj
[/mnt/host/source/src/platform/ec/build/zephyr/frostflow-lcov]   /mnt/host/source/src/platform/ec/build/zephyr/frostflow/build-rw/zephyr/drivers/sensor/CMakeFiles/drivers__sensor.dir/mnt/host/source/src/third_party/zephyr/main/misc/empty_file.c.gcno:no functions found
[/mnt/host/source/src/platform/ec/build/zephyr/frostflow-lcov] Filter suppressions 'region':
[craask:rw] [231/416] Building C object modules/ec/zephyr/CMakeFiles/ec_shim.dir/shim/src/watchdog.c.obj
[brox-sku4:rw] [278/385] Building C object CMakeFiles/app.dir/mnt/host/source/src/platform/ec/build/zephyr/brox-sku4/modules/ec/common/system.c.obj
[/mnt/host/source/src/platform/ec/build/zephyr/frostflow-lcov]     36 instances
[/mnt/host/source/src/platform/ec/build/zephyr/frostflow-lcov]     22 coverpoints
[/mnt/host/source/src/platform/ec/build/zephyr/frostflow-lcov] Message summary:
[/mnt/host/source/src/platform/ec/build/zephyr/frostflow-lcov]   35 ignore messages:
[/mnt/host/source/src/platform/ec/build/zephyr/frostflow-lcov]     gcov: 35
[brox-sku4:rw] [279/385] Building C object CMakeFiles/app.dir/mnt/host/source/src/platform/ec/build/zephyr/brox-sku4/modules/ec/common/uart_printf.c.obj
[craask:rw] [232/416] Building C object modules/ec/zephyr/CMakeFiles/ec_shim.dir/shim/src/bc12.c.obj
[dirks:rw] [108/372] Building C object CMakeFiles/app.dir/mnt/host/source/src/platform/ec/build/zephyr/dirks/modules/ec/driver/tcpm/ite_pd_intc.c.obj
[craask:ro] [282/414] Building C object CMakeFiles/app.dir/mnt/host/source/src/platform/ec/build/zephyr/craask/modules/ec/common/charge_state.c.obj
[brox-sku4:rw] [280/385] Building C object CMakeFiles/app.dir/mnt/host/source/src/platform/ec/build/zephyr/brox-sku4/modules/ec/common/util.c.obj
[craask:ro] [283/414] Building C object CMakeFiles/app.dir/mnt/host/source/src/platform/ec/build/zephyr/craask/modules/ec/common/ocpc.c.obj
[craask:ro] [284/414] Building C object CMakeFiles/app.dir/mnt/host/source/src/platform/ec/build/zephyr/craask/modules/ec/common/charge_manager.c.obj
[craask:rw] [233/416] Building C object modules/ec/zephyr/CMakeFiles/ec_shim.dir/shim/src/bc12_pi3usb9201.c.obj
[brox-sku4:rw] [281/385] Building C object CMakeFiles/app.dir/mnt/host/source/src/platform/ec/build/zephyr/brox-sku4/modules/ec/common/version.c.obj
[craask:ro] [285/414] Building C object CMakeFiles/app.dir/mnt/host/source/src/platform/ec/build/zephyr/craask/modules/ec/common/cbi_common.c.obj
[dirks:rw] [109/372] Building C object CMakeFiles/app.dir/mnt/host/source/src/platform/ec/build/zephyr/dirks/modules/ec/driver/tcpm/it8xxx2.c.obj
[craask:ro] [286/414] Building C object CMakeFiles/app.dir/mnt/host/source/src/platform/ec/build/zephyr/craask/modules/ec/common/cbi.c.obj
[brox-sku4:rw] [282/385] Building C object CMakeFiles/app.dir/mnt/host/source/src/platform/ec/build/zephyr/brox-sku4/modules/ec/common/power_button_x86.c.obj
[craask:rw] [234/416] Building C object modules/ec/zephyr/CMakeFiles/ec_shim.dir/shim/src/usba.c.obj
[dirks:rw] [110/372] Building C object CMakeFiles/app.dir/mnt/host/source/src/platform/ec/build/zephyr/dirks/modules/ec/common/usbc_ppc.c.obj
[craask:rw] [235/416] cd /mnt/host/source/src/platform/ec/build/zephyr/craask/build-rw/modules/ec/zephyr && PYTHONPATH=/mnt/host/source/src/platform/ec/build/zephyr/craask/modules/ec/zephyr/zmake/ /usr/bin/python3.11 /mnt/host/source/src/platform/ec/build/zephyr/craask/modules/ec/zephyr/zmake/zephyr_build_tools/generate_ec_version.py /mnt/host/source/src/platform/ec/build/zephyr/craask/build-rw/modules/ec/zephyr/include/ec_version.h --name Zephyr-Kernel --version 16543.0.0 --static
[craask:rw] INFO:root:Using a static version string
[brox-sku4:rw] [283/385] Building C object CMakeFiles/app.dir/mnt/host/source/src/platform/ec/build/zephyr/brox-sku4/modules/ec/driver/accel_bma4xx.c.obj
[dirks:rw] [111/372] Building C object CMakeFiles/app.dir/mnt/host/source/src/platform/ec/build/zephyr/dirks/modules/ec/driver/ppc/syv682x.c.obj
[craask:rw] INFO:root:Version string: Zephyr-Kernel-16543.0.0
[craask:rw] INFO:root:Writing header to /mnt/host/source/src/platform/ec/build/zephyr/craask/build-rw/modules/ec/zephyr/include/ec_version.h
[craask:rw] [236/416] Building C object modules/ec/zephyr/CMakeFiles/ec_shim.dir/shim/src/power_host_sleep_api.c.obj
[craask:ro] [287/414] Building C object CMakeFiles/app.dir/mnt/host/source/src/platform/ec/build/zephyr/craask/modules/ec/common/cbi_config.c.obj
[brox-sku4:rw] [284/385] Building C object CMakeFiles/app.dir/mnt/host/source/src/platform/ec/build/zephyr/brox-sku4/modules/ec/common/motion_sense_fifo.c.obj
[craask:ro] [288/414] Building C object CMakeFiles/app.dir/mnt/host/source/src/platform/ec/build/zephyr/craask/modules/ec/common/dptf.c.obj
[craask:ro] [289/414] Building C object CMakeFiles/app.dir/mnt/host/source/src/platform/ec/build/zephyr/craask/modules/ec/common/ap_reset_log.c.obj
[brox-sku4:rw] [285/385] Building C object CMakeFiles/app.dir/mnt/host/source/src/platform/ec/build/zephyr/brox-sku4/modules/ec/common/adc.c.obj
[craask:rw] [237/416] Building C object modules/ec/zephyr/CMakeFiles/ec_shim.dir/shim/src/usb_muxes.c.obj
[craask:ro] [290/414] Building C object CMakeFiles/app.dir/mnt/host/source/src/platform/ec/build/zephyr/craask/modules/ec/common/espi.c.obj
[craask:ro] [291/414] Building C object CMakeFiles/app.dir/mnt/host/source/src/platform/ec/build/zephyr/craask/modules/ec/common/extpower_common.c.obj
[dirks:rw] [112/372] Building C object CMakeFiles/app.dir/mnt/host/source/src/platform/ec/build/zephyr/dirks/modules/ec/common/vboot_hash.c.obj
[brox-sku4:rw] [286/385] Building C object CMakeFiles/app.dir/mnt/host/source/src/platform/ec/build/zephyr/brox-sku4/modules/ec/common/acpi.c.obj
[dirks:rw] [113/372] Building C object CMakeFiles/app.dir/mnt/host/source/src/platform/ec/build/zephyr/dirks/modules/ec/common/button.c.obj
[brox-sku4:rw] [287/385] Building C object CMakeFiles/app.dir/mnt/host/source/src/platform/ec/build/zephyr/brox-sku4/modules/ec/common/backlight_lid.c.obj
[craask:rw] [238/416] Building C object CMakeFiles/app.dir/mnt/host/source/src/platform/ec/zephyr/subsys/ap_pwrseq/ap_events.c.obj
[dirks:rw] [114/372] Building C object CMakeFiles/app.dir/mnt/host/source/src/platform/ec/build/zephyr/dirks/modules/ec/common/vboot/efs2.c.obj
[craask:rw] [239/416] Building C object CMakeFiles/app.dir/mnt/host/source/src/platform/ec/zephyr/subsys/ap_pwrseq/ap_power_interface.c.obj
[craask:ro] [292/414] Building C object CMakeFiles/app.dir/mnt/host/source/src/platform/ec/build/zephyr/craask/modules/ec/common/flash.c.obj
[dirks:rw] [115/372] Building C object CMakeFiles/app.dir/mnt/host/source/src/platform/ec/build/zephyr/dirks/modules/ec/common/vstore.c.obj
[craask:ro] [293/414] Building C object CMakeFiles/app.dir/mnt/host/source/src/platform/ec/build/zephyr/craask/modules/ec/common/fan.c.obj
[brox-sku4:rw] [288/385] Building C object CMakeFiles/app.dir/mnt/host/source/src/platform/ec/build/zephyr/brox-sku4/modules/ec/common/battery.c.obj
[craask:rw] [240/416] Building C object CMakeFiles/app.dir/mnt/host/source/src/platform/ec/zephyr/subsys/ap_pwrseq/power_signals.c.obj
[brox-sku4:rw] [289/385] Building C object CMakeFiles/app.dir/mnt/host/source/src/platform/ec/build/zephyr/brox-sku4/modules/ec/common/battery_info.c.obj
[dirks:rw] [116/372] Building C object CMakeFiles/app.dir/mnt/host/source/src/platform/ec/build/zephyr/dirks/modules/ec/common/math_util.c.obj
[craask:ro] [294/414] Building C object CMakeFiles/app.dir/mnt/host/source/src/platform/ec/build/zephyr/craask/modules/ec/common/host_command_task.c.obj
[craask:ro] [295/414] Building C object CMakeFiles/app.dir/mnt/host/source/src/platform/ec/build/zephyr/craask/modules/ec/common/host_command.c.obj
[brox-sku4:rw] [290/385] Building C object CMakeFiles/app.dir/mnt/host/source/src/platform/ec/build/zephyr/brox-sku4/modules/ec/common/battery_fuel_gauge.c.obj
[brox-sku4:rw] [291/385] Building C object CMakeFiles/app.dir/mnt/host/source/src/platform/ec/build/zephyr/brox-sku4/modules/ec/driver/battery/smart.c.obj
[dirks:rw] [117/372] Building C object CMakeFiles/app.dir/src/common.c.obj
[craask:rw] [241/416] Building C object CMakeFiles/app.dir/mnt/host/source/src/platform/ec/zephyr/subsys/ap_pwrseq/signal_gpio.c.obj
[craask:ro] [296/414] Building C object CMakeFiles/app.dir/mnt/host/source/src/platform/ec/build/zephyr/craask/modules/ec/common/host_event_commands.c.obj
[dirks:rw] [118/372] Building C object CMakeFiles/app.dir/src/board_power.c.obj
[craask:ro] [297/414] Building C object CMakeFiles/app.dir/mnt/host/source/src/platform/ec/build/zephyr/craask/modules/ec/common/uart_hostcmd.c.obj
[craask:rw] [242/416] Building C object CMakeFiles/app.dir/mnt/host/source/src/platform/ec/zephyr/subsys/ap_pwrseq/signal_vw.c.obj
[craask:ro] [298/414] Building C object CMakeFiles/app.dir/mnt/host/source/src/platform/ec/build/zephyr/craask/modules/ec/common/uptime.c.obj
[brox-sku4:rw] [292/385] Building C object CMakeFiles/app.dir/mnt/host/source/src/platform/ec/build/zephyr/brox-sku4/modules/ec/driver/charger/isl923x.c.obj
[brox-sku4:rw] [293/385] Building C object CMakeFiles/app.dir/mnt/host/source/src/platform/ec/build/zephyr/brox-sku4/modules/ec/common/charger.c.obj
[dirks:rw] [119/372] Building C object CMakeFiles/app.dir/dirks/src/led.c.obj
[craask:ro] [299/414] Building C object CMakeFiles/app.dir/mnt/host/source/src/platform/ec/build/zephyr/craask/modules/ec/common/i2c_controller.c.obj
[dirks:rw] [120/372] Building C object CMakeFiles/app.dir/dirks/src/barrel_jack.c.obj
[craask:rw] [243/416] Building C object CMakeFiles/app.dir/mnt/host/source/src/platform/ec/zephyr/subsys/ap_pwrseq/signal_adc.c.obj
[craask:ro] [300/414] Building C object CMakeFiles/app.dir/mnt/host/source/src/platform/ec/build/zephyr/craask/modules/ec/common/i2c_passthru.c.obj
[dirks:rw] [121/372] Building C object CMakeFiles/app.dir/dirks/src/hdmi.c.obj
[craask:rw] [244/416] Building C object CMakeFiles/app.dir/mnt/host/source/src/platform/ec/zephyr/subsys/ap_pwrseq/power_host_sleep.c.obj
[brox-sku4:rw] [294/385] Building C object CMakeFiles/app.dir/mnt/host/source/src/platform/ec/build/zephyr/brox-sku4/modules/ec/common/charge_state.c.obj
[craask:ro] [301/414] Building C object CMakeFiles/app.dir/mnt/host/source/src/platform/ec/build/zephyr/craask/modules/ec/common/keyboard_scan.c.obj
[brox-sku4:rw] [295/385] Building C object CMakeFiles/app.dir/mnt/host/source/src/platform/ec/build/zephyr/brox-sku4/modules/ec/common/charge_manager.c.obj
[craask:ro] [302/414] Building C object CMakeFiles/app.dir/mnt/host/source/src/platform/ec/build/zephyr/craask/modules/ec/common/keyboard_8042.c.obj
[brox-sku4:rw] [296/385] Building C object CMakeFiles/app.dir/mnt/host/source/src/platform/ec/build/zephyr/brox-sku4/modules/ec/common/cbi_common.c.obj
[craask:ro] [303/414] Building C object CMakeFiles/app.dir/mnt/host/source/src/platform/ec/build/zephyr/craask/modules/ec/common/keyboard_8042_sharedlib.c.obj
[craask:rw] [245/416] Building C object CMakeFiles/app.dir/mnt/host/source/src/platform/ec/zephyr/subsys/ap_pwrseq/x86_non_dsx_common_pwrseq_sm_handler.c.obj
[dirks:rw] [122/372] Building C object zephyr/CMakeFiles/zephyr.dir/lib/libc/validate_libc.c.obj
[dirks:rw] [123/372] Building C object CMakeFiles/app.dir/dirks/src/usbc.c.obj
[dirks:rw] [124/372] Building C object CMakeFiles/app.dir/dirks/src/thermal.c.obj
[craask:rw] [246/416] Building C object CMakeFiles/app.dir/mnt/host/source/src/platform/ec/zephyr/subsys/ap_pwrseq/x86_non_dsx_chipset_power_state.c.obj
[brox-sku4:rw] [297/385] Building C object CMakeFiles/app.dir/mnt/host/source/src/platform/ec/build/zephyr/brox-sku4/modules/ec/common/cbi.c.obj
[brox-sku4:rw] [298/385] Building C object CMakeFiles/app.dir/mnt/host/source/src/platform/ec/build/zephyr/brox-sku4/modules/ec/common/cbi_config.c.obj
[craask:ro] [304/414] Building C object CMakeFiles/app.dir/mnt/host/source/src/platform/ec/build/zephyr/craask/modules/ec/common/mkbp_fifo.c.obj
[craask:ro] [305/414] Building C object CMakeFiles/app.dir/mnt/host/source/src/platform/ec/build/zephyr/craask/modules/ec/common/mkbp_info.c.obj
[dirks:rw] [125/372] Linking C static library app/libapp.a
[craask:rw] [247/416] Building C object CMakeFiles/app.dir/mnt/host/source/src/platform/ec/zephyr/subsys/ap_pwrseq/x86_non_dsx_common_pwrseq_host_sleep.c.obj
[craask:ro] [306/414] Building C object CMakeFiles/app.dir/mnt/host/source/src/platform/ec/build/zephyr/craask/modules/ec/common/mkbp_input_devices.c.obj
[brox-sku4:rw] [299/385] Building C object CMakeFiles/app.dir/mnt/host/source/src/platform/ec/build/zephyr/brox-sku4/modules/ec/common/memory_commands.c.obj
[dirks:rw] [126/372] Building C object zephyr/CMakeFiles/zephyr.dir/lib/os/cbprintf_packaged.c.obj
[brox-sku4:rw] [300/385] Building C object CMakeFiles/app.dir/mnt/host/source/src/platform/ec/build/zephyr/brox-sku4/modules/ec/common/dptf.c.obj
[dirks:rw] [127/372] Building C object zephyr/CMakeFiles/zephyr.dir/lib/heap/heap.c.obj
[craask:ro] [307/414] Building C object CMakeFiles/app.dir/mnt/host/source/src/platform/ec/build/zephyr/craask/modules/ec/common/keyboard_backlight.c.obj
[craask:ro] [308/414] Building C object CMakeFiles/app.dir/mnt/host/source/src/platform/ec/build/zephyr/craask/modules/ec/common/led_common.c.obj
[brox-sku4:rw] [301/385] Building C object CMakeFiles/app.dir/mnt/host/source/src/platform/ec/build/zephyr/brox-sku4/modules/ec/common/espi.c.obj
[craask:rw] [248/416] Building C object CMakeFiles/app.dir/mnt/host/source/src/platform/ec/zephyr/subsys/ap_pwrseq/x86_non_dsx_common_pwrseq_console.c.obj
[dirks:rw] [128/372] Building C object zephyr/CMakeFiles/zephyr.dir/lib/os/clock.c.obj
[craask:rw] [249/416] Building C object CMakeFiles/app.dir/mnt/host/source/src/platform/ec/zephyr/subsys/ap_pwrseq/x86_non_dsx_common_pwrseq_host_command.c.obj
[brox-sku4:rw] [302/385] Building C object CMakeFiles/app.dir/mnt/host/source/src/platform/ec/build/zephyr/brox-sku4/modules/ec/common/ap_reset_log.c.obj
[craask:ro] [309/414] Building C object CMakeFiles/app.dir/mnt/host/source/src/platform/ec/build/zephyr/craask/modules/ec/common/led_onoff_states.c.obj
[craask:ro] [310/414] Building C object CMakeFiles/app.dir/mnt/host/source/src/platform/ec/build/zephyr/craask/modules/ec/common/led_pwm.c.obj
[dirks:rw] [129/372] Building C object zephyr/CMakeFiles/zephyr.dir/lib/os/sem.c.obj
[dirks:rw] [130/372] Building C object zephyr/CMakeFiles/zephyr.dir/lib/os/printk.c.obj
[dirks:rw] [131/372] Building C object zephyr/CMakeFiles/zephyr.dir/lib/os/thread_entry.c.obj
[craask:rw] [250/416] Building C object CMakeFiles/app.dir/mnt/host/source/src/platform/ec/zephyr/subsys/ap_pwrseq/x86_non_dsx_adlp_pwrseq_sm.c.obj
[brox-sku4:rw] [303/385] Building C object CMakeFiles/app.dir/mnt/host/source/src/platform/ec/build/zephyr/brox-sku4/modules/ec/common/extpower_gpio.c.obj
[brox-sku4:rw] [304/385] Building C object CMakeFiles/app.dir/mnt/host/source/src/platform/ec/build/zephyr/brox-sku4/modules/ec/common/extpower_common.c.obj
[craask:ro] [311/414] Building C object CMakeFiles/app.dir/mnt/host/source/src/platform/ec/build/zephyr/craask/modules/ec/common/motion_lid.c.obj
[craask:rw] [251/416] Building C object CMakeFiles/app.dir/mnt/host/source/src/platform/ec/zephyr/subsys/ap_pwrseq/ap_reset_log.c.obj
[craask:ro] [312/414] Building C object CMakeFiles/app.dir/mnt/host/source/src/platform/ec/build/zephyr/craask/modules/ec/common/lid_angle.c.obj
[craask:ro] [313/414] Building C object CMakeFiles/app.dir/mnt/host/source/src/platform/ec/build/zephyr/craask/modules/ec/common/lid_angle_keyboard_policy.c.obj
[brox-sku4:rw] [305/385] Building C object CMakeFiles/app.dir/mnt/host/source/src/platform/ec/build/zephyr/brox-sku4/modules/ec/common/fan.c.obj
[dirks:rw] [132/372] Building C object zephyr/CMakeFiles/zephyr.dir/lib/os/cbprintf_nano.c.obj
[craask:rw] [252/416] Building C object CMakeFiles/app.dir/mnt/host/source/src/platform/ec/build/zephyr/craask/modules/ec/builtin/stdlib.c.obj
[dirks:rw] [133/372] Building C object zephyr/CMakeFiles/zephyr.dir/lib/os/cbprintf.c.obj
[dirks:rw] [134/372] Building C object zephyr/CMakeFiles/zephyr.dir/lib/os/assert.c.obj
[dirks:rw] [135/372] Building C object zephyr/CMakeFiles/zephyr.dir/lib/utils/dec.c.obj
[craask:ro] [314/414] Building C object CMakeFiles/app.dir/mnt/host/source/src/platform/ec/build/zephyr/craask/modules/ec/common/lid_switch.c.obj
[brox-sku4:rw] [306/385] Building C object CMakeFiles/app.dir/mnt/host/source/src/platform/ec/build/zephyr/brox-sku4/modules/ec/common/flash.c.obj
[craask:ro] [315/414] Building C object CMakeFiles/app.dir/mnt/host/source/src/platform/ec/build/zephyr/craask/modules/ec/common/mkbp_event.c.obj
[dirks:rw] [136/372] Building C object zephyr/CMakeFiles/zephyr.dir/lib/utils/hex.c.obj
[craask:rw] [253/416] Building C object CMakeFiles/app.dir/mnt/host/source/src/platform/ec/build/zephyr/craask/modules/ec/common/base32.c.obj
[brox-sku4:rw] [307/385] Building C object CMakeFiles/app.dir/mnt/host/source/src/platform/ec/build/zephyr/brox-sku4/modules/ec/common/host_command.c.obj
[dirks:rw] [137/372] Building C object zephyr/CMakeFiles/zephyr.dir/lib/utils/timeutil.c.obj
[brox-sku4:rw] [308/385] Building C object CMakeFiles/app.dir/mnt/host/source/src/platform/ec/build/zephyr/brox-sku4/modules/ec/common/host_command_task.c.obj
[craask:ro] [316/414] Building C object CMakeFiles/app.dir/mnt/host/source/src/platform/ec/build/zephyr/craask/modules/ec/common/motion_sense.c.obj
[dirks:rw] [138/372] Building C object zephyr/CMakeFiles/zephyr.dir/lib/utils/rb.c.obj
[craask:rw] [254/416] Building C object CMakeFiles/app.dir/mnt/host/source/src/platform/ec/build/zephyr/craask/modules/ec/common/console_output.c.obj
[craask:ro] [317/414] Building C object CMakeFiles/app.dir/mnt/host/source/src/platform/ec/build/zephyr/craask/modules/ec/common/port80.c.obj
[craask:ro] [318/414] Building C object CMakeFiles/app.dir/mnt/host/source/src/platform/ec/build/zephyr/craask/modules/ec/common/power_button.c.obj
[dirks:rw] [139/372] Building C object zephyr/CMakeFiles/zephyr.dir/lib/utils/bitmask.c.obj
[brox-sku4:rw] [309/385] Building C object CMakeFiles/app.dir/mnt/host/source/src/platform/ec/build/zephyr/brox-sku4/modules/ec/common/host_event_commands.c.obj
[brox-sku4:rw] [310/385] Building C object CMakeFiles/app.dir/mnt/host/source/src/platform/ec/build/zephyr/brox-sku4/modules/ec/common/uart_hostcmd.c.obj
[craask:rw] [255/416] Building C object CMakeFiles/app.dir/mnt/host/source/src/platform/ec/build/zephyr/craask/modules/ec/common/ec_features.c.obj
[dirks:rw] [140/372] Building C object zephyr/CMakeFiles/zephyr.dir/lib/utils/bitarray.c.obj
[craask:ro] [319/414] Building C object CMakeFiles/app.dir/mnt/host/source/src/platform/ec/build/zephyr/craask/modules/ec/common/panic_output.c.obj
[craask:ro] [320/414] Building C object CMakeFiles/app.dir/mnt/host/source/src/platform/ec/build/zephyr/craask/modules/ec/power/hibernate.c.obj
[brox-sku4:rw] [311/385] Building C object CMakeFiles/app.dir/mnt/host/source/src/platform/ec/build/zephyr/brox-sku4/modules/ec/common/uptime.c.obj
[dirks:rw] [141/372] Building C object zephyr/CMakeFiles/zephyr.dir/lib/utils/getopt/getopt.c.obj
[dirks:rw] [142/372] Building C object zephyr/CMakeFiles/zephyr.dir/lib/utils/ring_buffer.c.obj
[dirks:rw] [143/372] Building C object zephyr/CMakeFiles/zephyr.dir/lib/utils/getopt/getopt_common.c.obj
[dirks:rw] [144/372] Building C object zephyr/CMakeFiles/zephyr.dir/lib/utils/last_section_id.c.obj
[craask:rw] [256/416] Building C object CMakeFiles/app.dir/mnt/host/source/src/platform/ec/build/zephyr/craask/modules/ec/common/gpio_commands.c.obj
[brox-sku4:rw] [312/385] Building C object CMakeFiles/app.dir/mnt/host/source/src/platform/ec/build/zephyr/brox-sku4/modules/ec/common/i2c_controller.c.obj
[craask:ro] [321/414] Building C object CMakeFiles/app.dir/mnt/host/source/src/platform/ec/build/zephyr/craask/modules/ec/common/sha256.c.obj
[craask:rw] [257/416] Building C object CMakeFiles/app.dir/mnt/host/source/src/platform/ec/build/zephyr/craask/modules/ec/common/peripheral.c.obj
[brox-sku4:rw] [313/385] Building C object CMakeFiles/app.dir/mnt/host/source/src/platform/ec/build/zephyr/brox-sku4/modules/ec/common/i2c_passthru.c.obj
[dirks:rw] [145/372] Building C object zephyr/CMakeFiles/zephyr.dir/misc/generated/configs.c.obj
[craask:ro] [322/414] Building C object CMakeFiles/app.dir/mnt/host/source/src/platform/ec/build/zephyr/craask/modules/ec/common/switch.c.obj
[dirks:rw] [146/372] Building ASM object zephyr/CMakeFiles/zephyr.dir/soc/ite/ec/common/soc_irq.S.obj
[craask:ro] [323/414] Building C object CMakeFiles/app.dir/mnt/host/source/src/platform/ec/build/zephyr/craask/modules/ec/common/shared_mem.c.obj
[craask:rw] [258/416] Building C object CMakeFiles/app.dir/mnt/host/source/src/platform/ec/build/zephyr/craask/modules/ec/common/printf.c.obj
[dirks:rw] [147/372] Building C object zephyr/CMakeFiles/zephyr.dir/soc/ite/ec/common/soc_common_irq.c.obj
[brox-sku4:rw] [314/385] Building C object CMakeFiles/app.dir/mnt/host/source/src/platform/ec/build/zephyr/brox-sku4/modules/ec/common/keyboard_8042.c.obj
[brox-sku4:rw] [315/385] Building C object CMakeFiles/app.dir/mnt/host/source/src/platform/ec/build/zephyr/brox-sku4/modules/ec/common/keyboard_8042_sharedlib.c.obj
[/mnt/host/source/src/platform/ec/build/zephyr/dooku-lcov]   /mnt/host/source/src/platform/ec/build/zephyr/dooku/build-rw/modules/ec/zephyr/CMakeFiles/ec_shim.dir/shim/src/keyscan.c.gcno:no functions found
[/mnt/host/source/src/platform/ec/build/zephyr/dooku-lcov] stderr:
[craask:ro] [324/414] Building C object CMakeFiles/app.dir/mnt/host/source/src/platform/ec/build/zephyr/craask/modules/ec/common/spi_flash_reg.c.obj
[craask:ro] [325/414] Building C object CMakeFiles/app.dir/mnt/host/source/src/platform/ec/build/zephyr/craask/modules/ec/driver/stm_mems_common.c.obj
[dirks:rw] [148/372] Building C object zephyr/CMakeFiles/zephyr.dir/soc/ite/ec/common/power.c.obj
[dirks:rw] [149/372] Building C object zephyr/CMakeFiles/zephyr.dir/soc/ite/ec/common/policy.c.obj
[brox-sku4:rw] [316/385] Building C object CMakeFiles/app.dir/mnt/host/source/src/platform/ec/build/zephyr/brox-sku4/modules/ec/common/mkbp_fifo.c.obj
[craask:rw] [259/416] Building C object CMakeFiles/app.dir/mnt/host/source/src/platform/ec/build/zephyr/craask/modules/ec/common/queue.c.obj
[brox-sku4:rw] [317/385] Building C object CMakeFiles/app.dir/mnt/host/source/src/platform/ec/build/zephyr/brox-sku4/modules/ec/common/mkbp_info.c.obj
[craask:ro] [326/414] Building C object CMakeFiles/app.dir/mnt/host/source/src/platform/ec/build/zephyr/craask/modules/ec/common/tablet_mode.c.obj
[craask:rw] [260/416] Building C object CMakeFiles/app.dir/mnt/host/source/src/platform/ec/build/zephyr/craask/modules/ec/common/system.c.obj
[craask:ro] [327/414] Building C object CMakeFiles/app.dir/mnt/host/source/src/platform/ec/build/zephyr/craask/modules/ec/common/thermal.c.obj
[dirks:rw] [150/372] Building C object zephyr/CMakeFiles/zephyr.dir/soc/ite/ec/it8xxx2/soc.c.obj
[dirks:rw] [151/372] Building ASM object zephyr/CMakeFiles/zephyr.dir/soc/ite/ec/it8xxx2/vector.S.obj
[dirks:rw] [152/372] Building C object zephyr/CMakeFiles/zephyr.dir/soc/ite/ec/it8xxx2/check_regs.c.obj
[craask:ro] [328/414] Building C object CMakeFiles/app.dir/mnt/host/source/src/platform/ec/build/zephyr/craask/modules/ec/common/temp_sensor.c.obj
[brox-sku4:rw] [318/385] Building C object CMakeFiles/app.dir/mnt/host/source/src/platform/ec/build/zephyr/brox-sku4/modules/ec/common/mkbp_input_devices.c.obj
[dirks:rw] [153/372] Building ASM object zephyr/CMakeFiles/zephyr.dir/soc/ite/ec/it8xxx2/__arithmetic.S.obj
[craask:rw] [261/416] Building C object CMakeFiles/app.dir/mnt/host/source/src/platform/ec/build/zephyr/craask/modules/ec/common/system_boot_time.c.obj
[brox-sku4:rw] [319/385] Building C object CMakeFiles/app.dir/mnt/host/source/src/platform/ec/build/zephyr/brox-sku4/modules/ec/common/keyboard_backlight.c.obj
[craask:ro] [329/414] Building C object CMakeFiles/app.dir/mnt/host/source/src/platform/ec/build/zephyr/craask/modules/ec/common/throttle_ap.c.obj
[craask:ro] [330/414] Building C object CMakeFiles/app.dir/mnt/host/source/src/platform/ec/build/zephyr/craask/modules/ec/driver/temp_sensor/thermistor.c.obj
[brox-sku4:rw] [320/385] Building C object CMakeFiles/app.dir/mnt/host/source/src/platform/ec/build/zephyr/brox-sku4/modules/ec/common/led_common.c.obj
[dirks:rw] [154/372] Building C object zephyr/CMakeFiles/zephyr.dir/soc/ite/ec/it8xxx2/ilm.c.obj
[craask:rw] [262/416] Building C object CMakeFiles/app.dir/mnt/host/source/src/platform/ec/build/zephyr/craask/modules/ec/common/uart_printf.c.obj
[dirks:rw] [155/372] Building C object zephyr/CMakeFiles/zephyr.dir/subsys/logging/log_minimal.c.obj
[dirks:rw] [156/372] Building C object zephyr/CMakeFiles/zephyr.dir/subsys/pm/pm.c.obj
[brox-sku4:rw] [321/385] Building C object CMakeFiles/app.dir/mnt/host/source/src/platform/ec/build/zephyr/brox-sku4/modules/ec/common/motion_lid.c.obj
[craask:ro] [331/414] Building C object CMakeFiles/app.dir/mnt/host/source/src/platform/ec/build/zephyr/craask/modules/ec/common/timer.c.obj
[craask:ro] [332/414] Building C object CMakeFiles/app.dir/mnt/host/source/src/platform/ec/build/zephyr/craask/modules/ec/common/usb_charger.c.obj
[craask:rw] [263/416] Building C object CMakeFiles/app.dir/mnt/host/source/src/platform/ec/build/zephyr/craask/modules/ec/common/util.c.obj
[brox-sku4:rw] [322/385] Building C object CMakeFiles/app.dir/mnt/host/source/src/platform/ec/build/zephyr/brox-sku4/modules/ec/common/lid_angle.c.obj
[brox-sku4:rw] [323/385] Building C object CMakeFiles/app.dir/mnt/host/source/src/platform/ec/build/zephyr/brox-sku4/modules/ec/common/lid_angle_keyboard_policy.c.obj
[craask:ro] [333/414] Building C object CMakeFiles/app.dir/mnt/host/source/src/platform/ec/build/zephyr/craask/modules/ec/common/usb_port_power_smart.c.obj
[dirks:rw] [157/372] Building C object zephyr/CMakeFiles/zephyr.dir/subsys/pm/state.c.obj
[craask:rw] [264/416] Building C object CMakeFiles/app.dir/mnt/host/source/src/platform/ec/build/zephyr/craask/modules/ec/common/version.c.obj
[dirks:rw] [158/372] Building C object zephyr/CMakeFiles/zephyr.dir/subsys/pm/policy/policy_latency.c.obj
[craask:ro] [334/414] Building C object CMakeFiles/app.dir/mnt/host/source/src/platform/ec/build/zephyr/craask/modules/ec/common/typec_control.c.obj
[brox-sku4:rw] [324/385] Building C object CMakeFiles/app.dir/mnt/host/source/src/platform/ec/build/zephyr/brox-sku4/modules/ec/common/lid_switch.c.obj
[dirks:rw] [159/372] Building C object zephyr/CMakeFiles/zephyr.dir/subsys/pm/policy/policy_events.c.obj
[dirks:rw] [160/372] Building C object zephyr/CMakeFiles/zephyr.dir/subsys/pm/policy/policy_state_lock.c.obj
[craask:ro] [335/414] Building C object CMakeFiles/app.dir/mnt/host/source/src/platform/ec/build/zephyr/craask/modules/ec/common/usb_common.c.obj
[craask:ro] [336/414] Building C object CMakeFiles/app.dir/mnt/host/source/src/platform/ec/build/zephyr/craask/modules/ec/common/usb_pd_pdo.c.obj
[craask:rw] [265/416] Building C object CMakeFiles/app.dir/mnt/host/source/src/platform/ec/build/zephyr/craask/modules/ec/common/power_button_x86.c.obj
[brox-sku4:rw] [325/385] Building C object CMakeFiles/app.dir/mnt/host/source/src/platform/ec/build/zephyr/brox-sku4/modules/ec/common/mkbp_event.c.obj
[dirks:rw] [161/372] Building C object zephyr/CMakeFiles/zephyr.dir/subsys/pm/device.c.obj
[craask:ro] [337/414] Building C object CMakeFiles/app.dir/mnt/host/source/src/platform/ec/build/zephyr/craask/modules/ec/common/usbc/usbc_task.c.obj
[brox-sku4:rw] [326/385] Building C object CMakeFiles/app.dir/mnt/host/source/src/platform/ec/build/zephyr/brox-sku4/modules/ec/common/port80.c.obj
[craask:rw] [266/416] Building C object CMakeFiles/app.dir/mnt/host/source/src/platform/ec/build/zephyr/craask/modules/ec/driver/accel_bma4xx.c.obj
[craask:ro] [338/414] Building C object CMakeFiles/app.dir/mnt/host/source/src/platform/ec/build/zephyr/craask/modules/ec/common/usbc/usb_pd_timer.c.obj
[dirks:rw] [162/372] Building C object zephyr/CMakeFiles/zephyr.dir/subsys/pm/device_system_managed.c.obj
[brox-sku4:rw] [327/385] Building C object CMakeFiles/app.dir/mnt/host/source/src/platform/ec/build/zephyr/brox-sku4/modules/ec/common/motion_sense.c.obj
[dirks:rw] [163/372] Building C object zephyr/CMakeFiles/zephyr.dir/subsys/testsuite/coverage/coverage.c.obj
[brox-sku4:rw] [328/385] Building C object CMakeFiles/app.dir/mnt/host/source/src/platform/ec/build/zephyr/brox-sku4/modules/ec/common/power_button.c.obj
[craask:ro] [339/414] Building C object CMakeFiles/app.dir/mnt/host/source/src/platform/ec/build/zephyr/craask/modules/ec/common/usbc/usb_sm.c.obj
[craask:rw] [267/416] Building C object CMakeFiles/app.dir/mnt/host/source/src/platform/ec/build/zephyr/craask/modules/ec/driver/accel_lis2dw12.c.obj
[dirks:rw] [164/372] Building C object zephyr/CMakeFiles/zephyr.dir/subsys/tracing/tracing_none.c.obj
[brox-sku4:rw] [329/385] Building C object CMakeFiles/app.dir/mnt/host/source/src/platform/ec/build/zephyr/brox-sku4/modules/ec/power/hibernate.c.obj
[craask:rw] [268/416] Building C object CMakeFiles/app.dir/mnt/host/source/src/platform/ec/build/zephyr/craask/modules/ec/driver/accelgyro_bmi_common.c.obj
[dirks:rw] [165/372] Building C object zephyr/CMakeFiles/zephyr.dir/subsys/shell/modules/kernel_service/kernel_shell.c.obj
[craask:ro] [340/414] Building C object CMakeFiles/app.dir/mnt/host/source/src/platform/ec/build/zephyr/craask/modules/ec/common/usbc_utils.c.obj
[craask:ro] [341/414] Building C object CMakeFiles/app.dir/mnt/host/source/src/platform/ec/build/zephyr/craask/modules/ec/common/usbc_intr_task.c.obj
[craask:ro] [342/414] Building C object CMakeFiles/app.dir/mnt/host/source/src/platform/ec/build/zephyr/craask/modules/ec/common/usb_pd_flags.c.obj
[dirks:rw] [166/372] Building C object zephyr/CMakeFiles/zephyr.dir/subsys/shell/modules/kernel_service/cycles.c.obj
[brox-sku4:rw] [330/385] Building C object CMakeFiles/app.dir/mnt/host/source/src/platform/ec/build/zephyr/brox-sku4/modules/ec/common/panic_output.c.obj
[brox-sku4:rw] [331/385] Building C object CMakeFiles/app.dir/mnt/host/source/src/platform/ec/build/zephyr/brox-sku4/modules/ec/common/shared_mem.c.obj
[craask:ro] [343/414] Building C object CMakeFiles/app.dir/mnt/host/source/src/platform/ec/build/zephyr/craask/modules/ec/common/chargen.c.obj
[craask:rw] [269/416] Building C object CMakeFiles/app.dir/mnt/host/source/src/platform/ec/build/zephyr/craask/modules/ec/driver/accelgyro_bmi3xx.c.obj
[brox-sku4:rw] [332/385] Building C object CMakeFiles/app.dir/mnt/host/source/src/platform/ec/build/zephyr/brox-sku4/modules/ec/common/switch.c.obj
[dirks:rw] [167/372] Building C object zephyr/CMakeFiles/zephyr.dir/subsys/shell/modules/kernel_service/sleep.c.obj
[craask:ro] [344/414] Building C object CMakeFiles/app.dir/mnt/host/source/src/platform/ec/build/zephyr/craask/modules/ec/common/usbc/usb_pd_console.c.obj
[dirks:rw] [168/372] Building C object zephyr/CMakeFiles/zephyr.dir/subsys/shell/modules/kernel_service/uptime.c.obj
[dirks:rw] [169/372] Building C object zephyr/CMakeFiles/zephyr.dir/subsys/shell/modules/kernel_service/version.c.obj
[craask:rw] [270/416] Building C object CMakeFiles/app.dir/mnt/host/source/src/platform/ec/build/zephyr/craask/modules/ec/driver/accelgyro_lsm6dso.c.obj
[brox-sku4:rw] [333/385] Building C object CMakeFiles/app.dir/mnt/host/source/src/platform/ec/build/zephyr/brox-sku4/modules/ec/common/tablet_mode.c.obj
[craask:rw] [271/416] Building C object CMakeFiles/app.dir/mnt/host/source/src/platform/ec/build/zephyr/craask/modules/ec/common/motion_sense_fifo.c.obj
[craask:ro] [345/414] Building C object CMakeFiles/app.dir/mnt/host/source/src/platform/ec/build/zephyr/craask/modules/ec/driver/retimer/anx7483.c.obj
[brox-sku4:rw] [334/385] Building C object CMakeFiles/app.dir/mnt/host/source/src/platform/ec/build/zephyr/brox-sku4/modules/ec/common/thermal.c.obj
[brox-sku4:rw] [335/385] Building C object CMakeFiles/app.dir/mnt/host/source/src/platform/ec/build/zephyr/brox-sku4/modules/ec/common/temp_sensor.c.obj
[dirks:rw] [170/372] Building C object zephyr/CMakeFiles/zephyr.dir/subsys/shell/modules/kernel_service/thread/thread.c.obj
[dirks:rw] [171/372] Building C object zephyr/CMakeFiles/zephyr.dir/subsys/shell/modules/kernel_service/thread/list.c.obj
[craask:ro] [346/414] Building C object CMakeFiles/app.dir/mnt/host/source/src/platform/ec/build/zephyr/craask/modules/ec/driver/usb_mux/virtual.c.obj
[dirks:rw] [172/372] Building C object zephyr/CMakeFiles/zephyr.dir/subsys/shell/modules/kernel_service/thread/stacks.c.obj
[brox-sku4:rw] [336/385] Building C object CMakeFiles/app.dir/mnt/host/source/src/platform/ec/build/zephyr/brox-sku4/modules/ec/driver/temp_sensor/thermistor.c.obj
[craask:ro] [347/414] Building C object CMakeFiles/app.dir/mnt/host/source/src/platform/ec/build/zephyr/craask/modules/ec/driver/usb_mux/usb_mux.c.obj
[craask:rw] [272/416] Building C object CMakeFiles/app.dir/mnt/host/source/src/platform/ec/build/zephyr/craask/modules/ec/common/adc.c.obj
[brox-sku4:rw] [337/385] Building C object CMakeFiles/app.dir/mnt/host/source/src/platform/ec/build/zephyr/brox-sku4/modules/ec/common/timer.c.obj
[/mnt/host/source/src/platform/ec/build/zephyr/dooku-lcov]   /mnt/host/source/src/platform/ec/build/zephyr/dooku/build-rw/CMakeFiles/app.dir/mnt/host/source/src/platform/ec/build/zephyr/dooku/modules/ec/common/cbi_config.c.gcno:no functions found
[/mnt/host/source/src/platform/ec/build/zephyr/dooku-lcov] stderr:
[craask:ro] [348/414] Building C object CMakeFiles/app.dir/mnt/host/source/src/platform/ec/build/zephyr/craask/modules/ec/common/usbc/usb_tc_drp_acc_trysrc_sm.c.obj
[craask:ro] [349/414] Building C object CMakeFiles/app.dir/mnt/host/source/src/platform/ec/build/zephyr/craask/modules/ec/common/usbc/usb_prl_sm.c.obj
[craask:rw] [273/416] Building C object CMakeFiles/app.dir/mnt/host/source/src/platform/ec/build/zephyr/craask/modules/ec/common/backlight_lid.c.obj
[dirks:rw] [173/372] Building C object zephyr/CMakeFiles/zephyr.dir/subsys/shell/modules/kernel_service/thread/unwind.c.obj
[dirks:rw] [174/372] Building C object zephyr/CMakeFiles/zephyr.dir/subsys/shell/modules/kernel_service/thread/suspend.c.obj
[dirks:rw] [175/372] Building C object zephyr/CMakeFiles/zephyr.dir/subsys/shell/modules/kernel_service/thread/resume.c.obj
[craask:rw] [274/416] Building C object CMakeFiles/app.dir/mnt/host/source/src/platform/ec/build/zephyr/craask/modules/ec/common/acpi.c.obj
[brox-sku4:rw] [338/385] Building C object CMakeFiles/app.dir/mnt/host/source/src/platform/ec/build/zephyr/brox-sku4/modules/ec/common/usbc_utils.c.obj
[brox-sku4:rw] [339/385] Building C object CMakeFiles/app.dir/mnt/host/source/src/platform/ec/build/zephyr/brox-sku4/modules/ec/common/usb_port_power_dumb.c.obj
[craask:ro] [350/414] Building C object CMakeFiles/app.dir/mnt/host/source/src/platform/ec/build/zephyr/craask/modules/ec/common/usbc/usbc_pd_policy.c.obj
[brox-sku4:rw] [340/385] Building C object CMakeFiles/app.dir/mnt/host/source/src/platform/ec/build/zephyr/brox-sku4/modules/ec/common/usb_common.c.obj
[craask:ro] [351/414] Building C object CMakeFiles/app.dir/mnt/host/source/src/platform/ec/build/zephyr/craask/modules/ec/common/usbc/usb_pd_dpm.c.obj
[/mnt/host/source/src/platform/ec/build/zephyr/dooku-lcov]   /mnt/host/source/src/platform/ec/build/zephyr/dooku/build-rw/zephyr/arch/arch/riscv/core/CMakeFiles/arch__riscv__core.dir/cpu_idle.c.gcno:no functions found
[/mnt/host/source/src/platform/ec/build/zephyr/dooku-lcov] stderr:
[dirks:rw] [176/372] Building C object zephyr/CMakeFiles/zephyr.dir/subsys/shell/modules/device_service.c.obj
[dirks:rw] [177/372] Building C object zephyr/CMakeFiles/zephyr.dir/subsys/shell/modules/date_service.c.obj
[dirks:rw] [178/372] Building C object zephyr/CMakeFiles/zephyr.dir/subsys/shell/modules/kernel_service/thread/kill.c.obj
[craask:ro] [352/414] Building C object CMakeFiles/app.dir/mnt/host/source/src/platform/ec/build/zephyr/craask/modules/ec/common/usbc/usb_pe_drp_sm.c.obj
[craask:rw] [275/416] Building C object CMakeFiles/app.dir/mnt/host/source/src/platform/ec/build/zephyr/craask/modules/ec/common/battery.c.obj
[brox-sku4:rw] [341/385] Building C object CMakeFiles/app.dir/mnt/host/source/src/platform/ec/build/zephyr/brox-sku4/modules/ec/common/usb_pd_host_cmd_common.c.obj
[craask:ro] [353/414] Building C object CMakeFiles/app.dir/mnt/host/source/src/platform/ec/build/zephyr/craask/modules/ec/common/usbc/dp_alt_mode.c.obj
[craask:rw] [276/416] Building C object CMakeFiles/app.dir/mnt/host/source/src/platform/ec/build/zephyr/craask/modules/ec/common/battery_fuel_gauge.c.obj
[craask:rw] [277/416] Building C object CMakeFiles/app.dir/mnt/host/source/src/platform/ec/build/zephyr/craask/modules/ec/common/battery_info.c.obj
[brox-sku4:rw] [342/385] Building C object CMakeFiles/app.dir/mnt/host/source/src/platform/ec/build/zephyr/brox-sku4/modules/ec/common/button.c.obj
[brox-sku4:rw] [343/385] Building C object CMakeFiles/app.dir/mnt/host/source/src/platform/ec/build/zephyr/brox-sku4/modules/ec/common/vboot_hash.c.obj
[craask:ro] [354/414] Building C object CMakeFiles/app.dir/mnt/host/source/src/platform/ec/build/zephyr/craask/modules/ec/common/usb_pd_console_cmd.c.obj
[brox-sku4:rw] [344/385] Building C object CMakeFiles/app.dir/mnt/host/source/src/platform/ec/build/zephyr/brox-sku4/modules/ec/common/vboot/efs2.c.obj
[dirks:rw] [179/372] Building C object zephyr/CMakeFiles/zephyr.dir/subsys/shell/modules/devmem_service.c.obj
[craask:ro] [355/414] Building C object CMakeFiles/app.dir/mnt/host/source/src/platform/ec/build/zephyr/craask/modules/ec/common/usb_pd_host_cmd.c.obj
[dirks:rw] [180/372] Building C object zephyr/CMakeFiles/zephyr.dir/subsys/shell/backends/shell_uart.c.obj
[craask:ro] [356/414] Building C object CMakeFiles/app.dir/mnt/host/source/src/platform/ec/build/zephyr/craask/modules/ec/common/usbc/usb_pd_host.c.obj
[dirks:rw] [181/372] Building C object zephyr/CMakeFiles/zephyr.dir/subsys/shell/shell.c.obj
[/mnt/host/source/src/platform/ec/build/zephyr/dooku-lcov]   /mnt/host/source/src/platform/ec/build/zephyr/dooku/build-rw/zephyr/arch/common/CMakeFiles/isr_tables.dir/isr_tables.c.gcno:no functions found
[/mnt/host/source/src/platform/ec/build/zephyr/dooku-lcov] stderr:
[craask:rw] [278/416] Building C object CMakeFiles/app.dir/mnt/host/source/src/platform/ec/build/zephyr/craask/modules/ec/driver/battery/smart.c.obj
[brox-sku4:rw] [345/385] Building C object CMakeFiles/app.dir/mnt/host/source/src/platform/ec/build/zephyr/brox-sku4/modules/ec/common/vstore.c.obj
[craask:ro] [357/414] Building C object CMakeFiles/app.dir/mnt/host/source/src/platform/ec/build/zephyr/craask/modules/ec/zephyr/shim/src/tcpc.c.obj
[brox-sku4:rw] [346/385] Building C object CMakeFiles/app.dir/src/board_power.c.obj
[craask:rw] [279/416] Building C object CMakeFiles/app.dir/mnt/host/source/src/platform/ec/build/zephyr/craask/modules/ec/driver/bc12/pi3usb9201.c.obj
[dirks:rw] [182/372] Building C object zephyr/CMakeFiles/zephyr.dir/subsys/shell/shell_fprintf.c.obj
[craask:ro] [358/414] Building C object CMakeFiles/app.dir/mnt/host/source/src/platform/ec/build/zephyr/craask/modules/ec/common/usb_pd_host_cmd_common.c.obj
[brox-sku4:rw] [347/385] Building C object CMakeFiles/app.dir/mnt/host/source/src/platform/ec/build/zephyr/brox-sku4/modules/ec/common/math_util.c.obj
[craask:ro] [359/414] Building C object CMakeFiles/app.dir/mnt/host/source/src/platform/ec/build/zephyr/craask/modules/ec/common/usbc/svdm_rsp_dfp_only.c.obj
[brox-sku4:rw] [348/385] Building C object CMakeFiles/app.dir/src/hibernate.c.obj
[brox-sku4:rw] [349/385] Linking C static library modules/ec/zephyr/libec_shim.a
[craask:rw] [280/416] Building C object CMakeFiles/app.dir/mnt/host/source/src/platform/ec/build/zephyr/craask/modules/ec/driver/charger/isl923x.c.obj
[dirks:rw] [183/372] Building C object zephyr/CMakeFiles/zephyr.dir/subsys/shell/shell_ops.c.obj
[dirks:rw] [184/372] Building C object zephyr/CMakeFiles/zephyr.dir/subsys/shell/shell_utils.c.obj
[craask:ro] [360/414] Building C object CMakeFiles/app.dir/mnt/host/source/src/platform/ec/build/zephyr/craask/modules/ec/common/usbc_ocp.c.obj
[brox-sku4:rw] [350/385] Building C object CMakeFiles/app.dir/src/suspend_resume.c.obj
[craask:ro] [361/414] Building C object CMakeFiles/app.dir/mnt/host/source/src/platform/ec/build/zephyr/craask/modules/ec/common/usb_pd_discovery.c.obj
[brox-sku4:rw] [351/385] Building C object CMakeFiles/app.dir/src/usbc.c.obj
[brox-sku4:rw] [352/385] Building C object zephyr/kernel/CMakeFiles/kernel.dir/banner.c.obj
[brox-sku4:rw] [353/385] Building C object zephyr/kernel/CMakeFiles/kernel.dir/main_weak.c.obj
[dirks:rw] [185/372] Building C object zephyr/CMakeFiles/zephyr.dir/subsys/shell/shell_help.c.obj
[dirks:rw] [186/372] Building C object zephyr/CMakeFiles/zephyr.dir/subsys/shell/shell_cmds.c.obj
[craask:ro] [362/414] Building C object CMakeFiles/app.dir/mnt/host/source/src/platform/ec/build/zephyr/craask/modules/ec/common/usb_pd_dual_role.c.obj
[brox-sku4:rw] [354/385] Linking C static library app/libapp.a
[dirks:rw] [187/372] Building C object zephyr/CMakeFiles/zephyr.dir/subsys/shell/shell_history.c.obj
[craask:rw] [281/416] Building C object CMakeFiles/app.dir/mnt/host/source/src/platform/ec/build/zephyr/craask/modules/ec/common/charger.c.obj
[craask:ro] [363/414] Building C object CMakeFiles/app.dir/mnt/host/source/src/platform/ec/build/zephyr/craask/modules/ec/driver/tcpm/raa489000.c.obj
[brox-sku4:rw] [355/385] Building C object zephyr/kernel/CMakeFiles/kernel.dir/busy_wait.c.obj
[craask:rw] [282/416] Building C object CMakeFiles/app.dir/mnt/host/source/src/platform/ec/build/zephyr/craask/modules/ec/common/charge_state.c.obj
[craask:ro] [364/414] Building C object CMakeFiles/app.dir/mnt/host/source/src/platform/ec/build/zephyr/craask/modules/ec/driver/tcpm/tcpci.c.obj
[brox-sku4:rw] [356/385] Building C object zephyr/kernel/CMakeFiles/kernel.dir/errno.c.obj
[dirks:rw] [188/372] Building C object zephyr/arch/common/CMakeFiles/arch__common.dir/sw_isr_common.c.obj
[dirks:rw] [189/372] Building C object zephyr/CMakeFiles/zephyr.dir/subsys/shell/shell_wildcard.c.obj
[craask:ro] [365/414] Building C object CMakeFiles/app.dir/mnt/host/source/src/platform/ec/build/zephyr/craask/modules/ec/common/vboot_hash.c.obj
[brox-sku4:rw] [357/385] Building C object zephyr/kernel/CMakeFiles/kernel.dir/device.c.obj
[dirks:rw] [190/372] Building C object zephyr/CMakeFiles/zephyr.dir/drivers/flash/flash_util.c.obj
[craask:rw] [283/416] Building C object CMakeFiles/app.dir/mnt/host/source/src/platform/ec/build/zephyr/craask/modules/ec/common/charge_manager.c.obj
[craask:ro] [366/414] Building C object CMakeFiles/app.dir/mnt/host/source/src/platform/ec/build/zephyr/craask/modules/ec/common/button.c.obj
[dirks:rw] [191/372] Linking C static library zephyr/libzephyr.a
[brox-sku4:rw] [358/385] Building C object zephyr/kernel/CMakeFiles/kernel.dir/fatal.c.obj
[dirks:rw] [192/372] Building C object zephyr/arch/common/CMakeFiles/arch__common.dir/init.c.obj
[craask:ro] [367/414] Building C object CMakeFiles/app.dir/mnt/host/source/src/platform/ec/build/zephyr/craask/modules/ec/common/vboot/efs2.c.obj
[brox-sku4:rw] [359/385] Building C object zephyr/kernel/CMakeFiles/kernel.dir/init.c.obj
[craask:ro] [368/414] Building C object CMakeFiles/app.dir/mnt/host/source/src/platform/ec/build/zephyr/craask/modules/ec/common/vstore.c.obj
[craask:ro] [369/414] Building C object CMakeFiles/app.dir/mnt/host/source/src/platform/ec/build/zephyr/craask/modules/ec/common/math_util.c.obj
[craask:rw] [284/416] Building C object CMakeFiles/app.dir/mnt/host/source/src/platform/ec/build/zephyr/craask/modules/ec/common/ocpc.c.obj
[brox-sku4:rw] [360/385] Building C object zephyr/kernel/CMakeFiles/kernel.dir/version.c.obj
[dirks:rw] [193/372] Building C object zephyr/arch/common/CMakeFiles/arch__common.dir/dynamic_isr.c.obj
[brox-sku4:rw] [361/385] Building C object zephyr/kernel/CMakeFiles/kernel.dir/kheap.c.obj
[brox-sku4:rw] [362/385] Building C object zephyr/kernel/CMakeFiles/kernel.dir/mem_slab.c.obj
[dirks:rw] [194/372] Building C object zephyr/arch/common/CMakeFiles/arch__common.dir/xip.c.obj
[craask:rw] [285/416] Building C object CMakeFiles/app.dir/mnt/host/source/src/platform/ec/build/zephyr/craask/modules/ec/common/cbi_common.c.obj
[dirks:rw] [195/372] Building C object zephyr/arch/common/CMakeFiles/isr_tables.dir/isr_tables.c.obj
[dirks:rw] [196/372] Linking C static library zephyr/arch/common/libisr_tables.a
[brox-sku4:rw] [363/385] Building C object zephyr/kernel/CMakeFiles/kernel.dir/float.c.obj
[craask:ro] [370/414] Building C object CMakeFiles/app.dir/src/common.c.obj
[dirks:rw] [197/372] Linking C static library zephyr/arch/common/libarch__common.a
[dirks:rw] [198/372] Building C object zephyr/arch/arch/riscv/core/CMakeFiles/arch__riscv__core.dir/cpu_idle.c.obj
[craask:rw] [286/416] Building C object CMakeFiles/app.dir/mnt/host/source/src/platform/ec/build/zephyr/craask/modules/ec/common/cbi.c.obj
[craask:ro] [371/414] Building C object CMakeFiles/app.dir/src/board_power.c.obj
[brox-sku4:rw] [364/385] Building C object zephyr/kernel/CMakeFiles/kernel.dir/idle.c.obj
[brox-sku4:rw] [365/385] Building C object zephyr/kernel/CMakeFiles/kernel.dir/mailbox.c.obj
[craask:ro] [372/414] Building C object CMakeFiles/app.dir/craask/src/fan.c.obj
[craask:ro] [373/414] Building C object CMakeFiles/app.dir/src/sub_board.c.obj
[dirks:rw] [199/372] Building C object zephyr/arch/arch/riscv/core/CMakeFiles/arch__riscv__core.dir/fatal.c.obj
[dirks:rw] [200/372] Building C object zephyr/arch/arch/riscv/core/CMakeFiles/arch__riscv__core.dir/prep_c.c.obj
[craask:rw] [287/416] Building C object CMakeFiles/app.dir/mnt/host/source/src/platform/ec/build/zephyr/craask/modules/ec/common/cbi_config.c.obj
[brox-sku4:rw] [366/385] Building C object zephyr/kernel/CMakeFiles/kernel.dir/msg_q.c.obj
[dirks:rw] [201/372] Building C object zephyr/arch/arch/riscv/core/CMakeFiles/arch__riscv__core.dir/irq_manage.c.obj
[craask:rw] [288/416] Building C object CMakeFiles/app.dir/mnt/host/source/src/platform/ec/build/zephyr/craask/modules/ec/common/dptf.c.obj
[craask:ro] [374/414] Building C object CMakeFiles/app.dir/craask/src/form_factor.c.obj
[brox-sku4:rw] [367/385] Building C object zephyr/kernel/CMakeFiles/kernel.dir/mutex.c.obj
[craask:ro] [375/414] Building C object CMakeFiles/app.dir/craask/src/keyboard.c.obj
[dirks:rw] [202/372] Building C object zephyr/arch/arch/riscv/core/CMakeFiles/arch__riscv__core.dir/reboot.c.obj
[brox-sku4:rw] [368/385] Building C object zephyr/kernel/CMakeFiles/kernel.dir/sem.c.obj
[brox-sku4:rw] [369/385] Building C object zephyr/kernel/CMakeFiles/kernel.dir/queue.c.obj
[craask:rw] [289/416] Building C object CMakeFiles/app.dir/mnt/host/source/src/platform/ec/build/zephyr/craask/modules/ec/common/ap_reset_log.c.obj
[dirks:rw] [203/372] Building ASM object zephyr/arch/arch/riscv/core/CMakeFiles/arch__riscv__core.dir/reset.S.obj
[brox-sku4:rw] [370/385] Building C object zephyr/kernel/CMakeFiles/kernel.dir/stack.c.obj
[craask:ro] [376/414] Building C object CMakeFiles/app.dir/craask/src/led.c.obj
[craask:ro] [377/414] Building C object CMakeFiles/app.dir/craask/src/thermal.c.obj
[craask:ro] [378/414] Building C object CMakeFiles/app.dir/craask/src/kb_backlight.c.obj
[dirks:rw] [204/372] Building ASM object zephyr/arch/arch/riscv/core/CMakeFiles/arch__riscv__core.dir/switch.S.obj
[craask:rw] [290/416] Building C object CMakeFiles/app.dir/mnt/host/source/src/platform/ec/build/zephyr/craask/modules/ec/common/espi.c.obj
[/mnt/host/source/src/platform/ec/build/zephyr/dooku-lcov]   /mnt/host/source/src/platform/ec/build/zephyr/dooku/build-rw/zephyr/CMakeFiles/zephyr.dir/subsys/shell/modules/kernel_service/kernel_shell.c.gcno:no functions found
[/mnt/host/source/src/platform/ec/build/zephyr/dooku-lcov] stderr:
[brox-sku4:rw] [371/385] Building C object zephyr/kernel/CMakeFiles/kernel.dir/system_work_q.c.obj
[craask:ro] [379/414] Linking C static library modules/ec/zephyr/libec_shim.a
[dirks:rw] [205/372] Building C object zephyr/arch/arch/riscv/core/CMakeFiles/arch__riscv__core.dir/thread.c.obj
[craask:rw] [291/416] Building C object CMakeFiles/app.dir/mnt/host/source/src/platform/ec/build/zephyr/craask/modules/ec/common/extpower_common.c.obj
[dirks:rw] [206/372] Generating ../../../include/generated/libc/minimal/strerror_table.h
[/mnt/host/source/src/platform/ec/build/zephyr/dooku-lcov]   /mnt/host/source/src/platform/ec/build/zephyr/dooku/build-rw/zephyr/CMakeFiles/zephyr.dir/lib/libc/validate_libc.c.gcno:no functions found
[/mnt/host/source/src/platform/ec/build/zephyr/dooku-lcov] stderr:
[dirks:rw] [207/372] Building ASM object zephyr/arch/arch/riscv/core/CMakeFiles/arch__riscv__core.dir/isr.S.obj
[brox-sku4:rw] [372/385] Building C object zephyr/kernel/CMakeFiles/kernel.dir/condvar.c.obj
[craask:ro] [380/414] Building C object CMakeFiles/app.dir/craask/src/touch_panel.c.obj
[dirks:rw] [208/372] Building C object zephyr/lib/libc/minimal/CMakeFiles/lib__libc__minimal.dir/source/stdlib/atoi.c.obj
[dirks:rw] [209/372] Building C object zephyr/arch/arch/riscv/core/CMakeFiles/arch__riscv__core.dir/stacktrace.c.obj
[dirks:rw] [210/372] Building C object zephyr/lib/libc/minimal/CMakeFiles/lib__libc__minimal.dir/source/stdlib/strtol.c.obj
[brox-sku4:rw] [373/385] Building C object zephyr/kernel/CMakeFiles/kernel.dir/work.c.obj
[brox-sku4:rw] [374/385] Building C object zephyr/kernel/CMakeFiles/kernel.dir/thread.c.obj
[craask:ro] [381/414] Building C object CMakeFiles/app.dir/craask/src/usbc.c.obj
[dirks:rw] [211/372] Linking C static library zephyr/arch/arch/riscv/core/libarch__riscv__core.a
[dirks:rw] [212/372] Building C object zephyr/lib/libc/minimal/CMakeFiles/lib__libc__minimal.dir/source/stdlib/strtoul.c.obj
[craask:ro] [382/414] Building C object zephyr/kernel/CMakeFiles/kernel.dir/main_weak.c.obj
[dirks:rw] [213/372] Building C object zephyr/lib/libc/minimal/CMakeFiles/lib__libc__minimal.dir/source/stdlib/strtoll.c.obj
[craask:rw] [292/416] Building C object CMakeFiles/app.dir/mnt/host/source/src/platform/ec/build/zephyr/craask/modules/ec/common/fan.c.obj
[craask:ro] [383/414] Building C object zephyr/kernel/CMakeFiles/kernel.dir/banner.c.obj
[dirks:rw] [214/372] Building C object zephyr/lib/libc/minimal/CMakeFiles/lib__libc__minimal.dir/source/stdlib/bsearch.c.obj
[dirks:rw] [215/372] Building C object zephyr/lib/libc/minimal/CMakeFiles/lib__libc__minimal.dir/source/stdlib/strtoull.c.obj
[craask:ro] [384/414] Building C object CMakeFiles/app.dir/craask/src/charger.c.obj
[craask:rw] [293/416] Building C object CMakeFiles/app.dir/mnt/host/source/src/platform/ec/build/zephyr/craask/modules/ec/common/flash.c.obj
[dirks:rw] [216/372] Building C object zephyr/lib/libc/minimal/CMakeFiles/lib__libc__minimal.dir/source/stdlib/qsort.c.obj
[brox-sku4:rw] [375/385] Building C object zephyr/kernel/CMakeFiles/kernel.dir/sched.c.obj
[dirks:rw] [217/372] Building C object zephyr/lib/libc/minimal/CMakeFiles/lib__libc__minimal.dir/source/string/strerror.c.obj
[brox-sku4:rw] [376/385] Building C object zephyr/kernel/CMakeFiles/kernel.dir/pipe.c.obj
[craask:ro] [385/414] Building C object zephyr/kernel/CMakeFiles/kernel.dir/busy_wait.c.obj
[dirks:rw] [218/372] Building C object zephyr/lib/libc/minimal/CMakeFiles/lib__libc__minimal.dir/source/string/strncasecmp.c.obj
[brox-sku4:rw] [377/385] Building C object zephyr/kernel/CMakeFiles/kernel.dir/spinlock_validate.c.obj
[craask:ro] [386/414] Linking C static library app/libapp.a
[craask:rw] [294/416] Building C object CMakeFiles/app.dir/mnt/host/source/src/platform/ec/build/zephyr/craask/modules/ec/common/host_command.c.obj
[dirks:rw] [219/372] Building C object zephyr/lib/libc/minimal/CMakeFiles/lib__libc__minimal.dir/source/string/strstr.c.obj
[dirks:rw] [220/372] Building C object zephyr/lib/libc/minimal/CMakeFiles/lib__libc__minimal.dir/source/stdlib/exit.c.obj
[brox-sku4:rw] [378/385] Building C object zephyr/kernel/CMakeFiles/kernel.dir/thread_monitor.c.obj
[dirks:rw] [221/372] Building C object zephyr/lib/libc/minimal/CMakeFiles/lib__libc__minimal.dir/source/string/string.c.obj
[dirks:rw] [222/372] Building C object zephyr/lib/libc/minimal/CMakeFiles/lib__libc__minimal.dir/source/string/strspn.c.obj
[craask:ro] [387/414] Building C object zephyr/kernel/CMakeFiles/kernel.dir/device.c.obj
[/mnt/host/source/src/platform/ec/build/zephyr/dooku-lcov]   /mnt/host/source/src/platform/ec/build/zephyr/dooku/build-rw/zephyr/CMakeFiles/zephyr.dir/lib/utils/last_section_id.c.gcno:no functions found
[/mnt/host/source/src/platform/ec/build/zephyr/dooku-lcov] stderr:
[craask:ro] [388/414] Building C object zephyr/kernel/CMakeFiles/kernel.dir/errno.c.obj
[craask:ro] [389/414] Building C object zephyr/kernel/CMakeFiles/kernel.dir/fatal.c.obj
[craask:ro] [390/414] Building C object zephyr/kernel/CMakeFiles/kernel.dir/version.c.obj
[craask:rw] [295/416] Building C object CMakeFiles/app.dir/mnt/host/source/src/platform/ec/build/zephyr/craask/modules/ec/common/host_command_task.c.obj
[dirks:rw] [223/372] Building C object zephyr/lib/libc/minimal/CMakeFiles/lib__libc__minimal.dir/source/stdout/stdout_console.c.obj
[brox-sku4:rw] [379/385] Building C object zephyr/kernel/CMakeFiles/kernel.dir/timeout.c.obj
[dirks:rw] [224/372] Building C object zephyr/lib/libc/minimal/CMakeFiles/lib__libc__minimal.dir/source/stdout/fprintf.c.obj
[dirks:rw] [225/372] Building C object zephyr/lib/libc/minimal/CMakeFiles/lib__libc__minimal.dir/source/stdout/sprintf.c.obj
[brox-sku4:rw] [380/385] Building C object zephyr/kernel/CMakeFiles/kernel.dir/timer.c.obj
[brox-sku4:rw] [381/385] Building C object zephyr/kernel/CMakeFiles/kernel.dir/poll.c.obj
[craask:ro] [391/414] Building C object zephyr/kernel/CMakeFiles/kernel.dir/kheap.c.obj
[craask:ro] [392/414] Building C object zephyr/kernel/CMakeFiles/kernel.dir/init.c.obj
[craask:rw] [296/416] Building C object CMakeFiles/app.dir/mnt/host/source/src/platform/ec/build/zephyr/craask/modules/ec/common/host_event_commands.c.obj
[trulo-ti:ro] Building: /usr/bin/ninja -C /mnt/host/source/src/platform/ec/build/zephyr/trulo-ti/build-ro all.libraries
Running `env -i SHELL=/bin/bash COLORTERM=truecolor DEPOT_TOOLS_UPDATE=0 LESS='-R -M --shift 5' SUDO_GID=0 JDK_HOME=/etc/java-config-2/current-system-vm CONFIG_PROTECT_MASK='/etc/gentoo-release /etc/sandbox.d /etc/fonts/fonts.conf /etc/terminfo /etc/ca-certificates.conf /etc/revdep-rebuild' CHROMEOS_CACHEDIR=/var/cache/chromeos-cache JAVA_HOME=/etc/java-config-2/current-system-vm SSH_AUTH_SOCK=/tmp/ssh-auth-sock SUDO_COMMAND=/bin/bash SUDO_USER=root SUDO_TTY=/dev/pts/2 EDITOR=/usr/bin/vi PWD=/mnt/host/source/src/platform/ec CONFIG_PROTECT=/usr/share/gnupg/qualified.txt LOGNAME=jpmurphy MANPATH=/etc/java-config-2/current-system-vm/man:/usr/local/share/man:/usr/share/man:/usr/share/gcc-data/x86_64-pc-linux-gnu/10.2.0/man:/usr/share/binutils-data/x86_64-pc-linux-gnu/2.45/man:/etc/java-config-2/current-system-vm/man/ SUDO_HOME=/root XAUTHORITY=/run/user/944457/gdm/Xauthority HOME=/home/jpmurphy LANG=C.UTF-8 LS_COLORS='rs=0:di=01;34:ln=01;36:mh=00:pi=40;33:so=01;35:do=01;35:bd=40;33;01:cd=40;33;01:or=01;05;37;41:mi=01;05;37;41:su=37;41:sg=30;43:ca=30;41:tw=30;42:ow=34;42:st=37;44:ex=01;32:*.tar=01;31:*.tgz=01;31:*.arc=01;31:*.arj=01;31:*.taz=01;31:*.lha=01;31:*.lz4=01;31:*.lzh=01;31:*.lzma=01;31:*.tlz=01;31:*.txz=01;31:*.tzo=01;31:*.t7z=01;31:*.zip=01;31:*.z=01;31:*.dz=01;31:*.gz=01;31:*.lrz=01;31:*.lz=01;31:*.lzo=01;31:*.xz=01;31:*.zst=01;31:*.tzst=01;31:*.bz2=01;31:*.bz=01;31:*.tbz=01;31:*.tbz2=01;31:*.tz=01;31:*.deb=01;31:*.rpm=01;31:*.jar=01;31:*.war=01;31:*.ear=01;31:*.sar=01;31:*.rar=01;31:*.alz=01;31:*.ace=01;31:*.zoo=01;31:*.cpio=01;31:*.7z=01;31:*.rz=01;31:*.cab=01;31:*.wim=01;31:*.swm=01;31:*.dwm=01;31:*.esd=01;31:*.jpg=01;35:*.jpeg=01;35:*.mjpg=01;35:*.mjpeg=01;35:*.gif=01;35:*.bmp=01;35:*.pbm=01;35:*.pgm=01;35:*.ppm=01;35:*.tga=01;35:*.xbm=01;35:*.xpm=01;35:*.tif=01;35:*.tiff=01;35:*.png=01;35:*.svg=01;35:*.svgz=01;35:*.mng=01;35:*.pcx=01;35:*.mov=01;35:*.mpg=01;35:*.mpeg=01;35:*.m2v=01;35:*.mkv=01;35:*.webm=01;35:*.webp=01;35:*.ogm=01;35:*.mp4=01;35:*.m4v=01;35:*.mp4v=01;35:*.vob=01;35:*.qt=01;35:*.nuv=01;35:*.wmv=01;35:*.asf=01;35:*.rm=01;35:*.rmvb=01;35:*.flc=01;35:*.avi=01;35:*.fli=01;35:*.flv=01;35:*.gl=01;35:*.dl=01;35:*.xcf=01;35:*.xwd=01;35:*.yuv=01;35:*.cgm=01;35:*.emf=01;35:*.ogv=01;35:*.ogx=01;35:*.cfg=00;32:*.conf=00;32:*.diff=00;32:*.doc=00;32:*.ini=00;32:*.log=00;32:*.patch=00;32:*.pdf=00;32:*.ps=00;32:*.tex=00;32:*.txt=00;32:*.aac=00;36:*.au=00;36:*.flac=00;36:*.m4a=00;36:*.mid=00;36:*.midi=00;36:*.mka=00;36:*.mp3=00;36:*.mpc=00;36:*.ogg=00;36:*.ra=00;36:*.wav=00;36:*.oga=00;36:*.opus=00;36:*.spx=00;36:*.xspf=00;36:' XDG_CURRENT_DESKTOP=GNOME INFOPATH=/usr/share/info:/usr/share/gcc-data/x86_64-pc-linux-gnu/10.2.0/info:/usr/share/binutils-data/x86_64-pc-linux-gnu/2.45/info:/usr/share/automake-1.16.5/info JAVAC=/etc/java-config-2/current-system-vm/bin/javac TERM=xterm-256color LESSOPEN='|lesspipe %s' USER=jpmurphy CROS_WORKON_SRCROOT=/mnt/host/source MANPAGER=manpager DISPLAY=:1 SHLVL=1 LC_MESSAGES=C EXTERNAL_TRUNK_PATH=/mnt/8f9d649a-3721-44cc-93c0-e6bd21a9689f/chromiumos GCC_SPECS='' PATH=/mnt/host/source/chromite/bin:/usr/local/bin:/usr/bin:/bin:/opt/bin:/mnt/host/source/chromite/sdk/bin:/mnt/host/source/chromite/bin PORTAGE_USERNAME=jpmurphy SUDO_UID=0 GCC_VER=10.2.0 MAIL=/var/mail/jpmurphy OLDPWD=/mnt/host/source/src/scripts traceparent=00-e87aca51550a78635907baa6a2476181-6d684811675d2973-01 _=./zephyr/firmware_builder.py COREBOOT_SDK_ROOT_x86=/home/jpmurphy/.cache/coreboot-sdk/i386-elf/dfbb0486385d938cfa9d73080b9d18d598ed4f49 COREBOOT_SDK_ROOT_picolibc_x86=/home/jpmurphy/.cache/coreboot-sdk/picolibc-i386-elf/eb8e8e687b95461de8cbf278f1c2076952d0ad17 COREBOOT_SDK_ROOT_riscv64=/home/jpmurphy/.cache/coreboot-sdk/riscv64-elf/96b949749225b6aaa92ed810ab769e8dfb12f000 COREBOOT_SDK_ROOT_picolibc_arm=/home/jpmurphy/.cache/coreboot-sdk/picolibc-arm-eabi/422a2aa3e1ef891b5bece9a3deb696ff83840d2e COREBOOT_SDK_ROOT_nds32=/home/jpmurphy/.cache/coreboot-sdk/nds32le-elf/d1a518c4a097666d86058e1444f85ca015d15511 COREBOOT_SDK_ROOT_picolibc_riscv64=/home/jpmurphy/.cache/coreboot-sdk/picolibc-riscv64-elf/f571e990ef0278564b31124f8bb109d9a697eb69 COREBOOT_SDK_ROOT_arm=/home/jpmurphy/.cache/coreboot-sdk/arm-eabi/ea40ddd1d190c3b48435c474c0b545719371813a COREBOOT_SDK_ROOT_libstdcxx_riscv64=/home/jpmurphy/.cache/coreboot-sdk/libstdcxx-riscv64-elf/17abf22a3a252e2d5d2062ced5324f7a623689e0 COREBOOT_SDK_ROOT_libstdcxx_arm=/home/jpmurphy/.cache/coreboot-sdk/libstdcxx-arm-eabi/5d7d82e150e44aa1968f1d366e267e6687b328ac COREBOOT_SDK_ROOT_riscv=/home/jpmurphy/.cache/coreboot-sdk/riscv-elf/9a27b9e82341c6e9126624f516ab3f261abb3e73 COREBOOT_SDK_ROOT_libstdcxx_x86=/home/jpmurphy/.cache/coreboot-sdk/libstdcxx-i386-elf/42ef9d2e87a76a37963175d7d428734e65648b87 PYTHONPATH=/mnt/host/source/src/platform/ec/zephyr/zmake PW_PIGWEED_CIPD_INSTALL_DIR=/usr CROSTC_USER_ACKNOWLEDGES_THAT_RISCV_IS_EXPERIMENTAL=1 MAKEFLAGS=' -j16 --jobserver-auth=5,6' /usr/bin/ninja -C /mnt/host/source/src/platform/ec/build/zephyr/trulo-ti/build-ro all.libraries`
[brox-sku4:rw] [382/385] Building C object zephyr/kernel/CMakeFiles/kernel.dir/events.c.obj
[trulo-ti:ro] ninja: Entering directory `/mnt/host/source/src/platform/ec/build/zephyr/trulo-ti/build-ro'
[craask:ro] [393/414] Building C object zephyr/kernel/CMakeFiles/kernel.dir/mem_slab.c.obj
[dirks:rw] [226/372] Building C object zephyr/lib/libc/minimal/CMakeFiles/lib__libc__minimal.dir/source/math/sqrtf.c.obj
[craask:rw] [297/416] Building C object CMakeFiles/app.dir/mnt/host/source/src/platform/ec/build/zephyr/craask/modules/ec/common/uart_hostcmd.c.obj
[dirks:rw] [227/372] Building C object zephyr/lib/libc/minimal/CMakeFiles/lib__libc__minimal.dir/source/math/sqrt.c.obj
[craask:ro] [394/414] Building C object zephyr/kernel/CMakeFiles/kernel.dir/float.c.obj
[dirks:rw] [228/372] Building C object zephyr/lib/libc/common/CMakeFiles/lib__libc__common.dir/source/time/asctime.c.obj
[brox-sku4:rw] [383/385] Building C object zephyr/kernel/CMakeFiles/kernel.dir/mempool.c.obj
[dirks:rw] [229/372] Building C object zephyr/lib/libc/minimal/CMakeFiles/lib__libc__minimal.dir/source/time/gmtime.c.obj
[craask:ro] [395/414] Building C object zephyr/kernel/CMakeFiles/kernel.dir/idle.c.obj
[craask:rw] [298/416] Building C object CMakeFiles/app.dir/mnt/host/source/src/platform/ec/build/zephyr/craask/modules/ec/common/uptime.c.obj
[brox-sku4:rw] [384/385] Building C object zephyr/kernel/CMakeFiles/kernel.dir/dynamic_disabled.c.obj
[dirks:rw] [230/372] Building C object zephyr/lib/libc/common/CMakeFiles/lib__libc__common.dir/source/time/gmtime_r.c.obj
[dirks:rw] [231/372] Linking C static library zephyr/lib/libc/minimal/liblib__libc__minimal.a
[dirks:rw] [232/372] Building C object zephyr/lib/libc/common/CMakeFiles/lib__libc__common.dir/source/stdlib/abort.c.obj
[craask:ro] [396/414] Building C object zephyr/kernel/CMakeFiles/kernel.dir/msg_q.c.obj
[craask:ro] [397/414] Building C object zephyr/kernel/CMakeFiles/kernel.dir/mailbox.c.obj
[brox-sku4:rw] [385/385] Linking C static library zephyr/kernel/libkernel.a
[trulo-ti:rw] Building: /usr/bin/ninja -C /mnt/host/source/src/platform/ec/build/zephyr/trulo-ti/build-rw all.libraries
Running `env -i SHELL=/bin/bash COLORTERM=truecolor DEPOT_TOOLS_UPDATE=0 LESS='-R -M --shift 5' SUDO_GID=0 JDK_HOME=/etc/java-config-2/current-system-vm CONFIG_PROTECT_MASK='/etc/gentoo-release /etc/sandbox.d /etc/fonts/fonts.conf /etc/terminfo /etc/ca-certificates.conf /etc/revdep-rebuild' CHROMEOS_CACHEDIR=/var/cache/chromeos-cache JAVA_HOME=/etc/java-config-2/current-system-vm SSH_AUTH_SOCK=/tmp/ssh-auth-sock SUDO_COMMAND=/bin/bash SUDO_USER=root SUDO_TTY=/dev/pts/2 EDITOR=/usr/bin/vi PWD=/mnt/host/source/src/platform/ec CONFIG_PROTECT=/usr/share/gnupg/qualified.txt LOGNAME=jpmurphy MANPATH=/etc/java-config-2/current-system-vm/man:/usr/local/share/man:/usr/share/man:/usr/share/gcc-data/x86_64-pc-linux-gnu/10.2.0/man:/usr/share/binutils-data/x86_64-pc-linux-gnu/2.45/man:/etc/java-config-2/current-system-vm/man/ SUDO_HOME=/root XAUTHORITY=/run/user/944457/gdm/Xauthority HOME=/home/jpmurphy LANG=C.UTF-8 LS_COLORS='rs=0:di=01;34:ln=01;36:mh=00:pi=40;33:so=01;35:do=01;35:bd=40;33;01:cd=40;33;01:or=01;05;37;41:mi=01;05;37;41:su=37;41:sg=30;43:ca=30;41:tw=30;42:ow=34;42:st=37;44:ex=01;32:*.tar=01;31:*.tgz=01;31:*.arc=01;31:*.arj=01;31:*.taz=01;31:*.lha=01;31:*.lz4=01;31:*.lzh=01;31:*.lzma=01;31:*.tlz=01;31:*.txz=01;31:*.tzo=01;31:*.t7z=01;31:*.zip=01;31:*.z=01;31:*.dz=01;31:*.gz=01;31:*.lrz=01;31:*.lz=01;31:*.lzo=01;31:*.xz=01;31:*.zst=01;31:*.tzst=01;31:*.bz2=01;31:*.bz=01;31:*.tbz=01;31:*.tbz2=01;31:*.tz=01;31:*.deb=01;31:*.rpm=01;31:*.jar=01;31:*.war=01;31:*.ear=01;31:*.sar=01;31:*.rar=01;31:*.alz=01;31:*.ace=01;31:*.zoo=01;31:*.cpio=01;31:*.7z=01;31:*.rz=01;31:*.cab=01;31:*.wim=01;31:*.swm=01;31:*.dwm=01;31:*.esd=01;31:*.jpg=01;35:*.jpeg=01;35:*.mjpg=01;35:*.mjpeg=01;35:*.gif=01;35:*.bmp=01;35:*.pbm=01;35:*.pgm=01;35:*.ppm=01;35:*.tga=01;35:*.xbm=01;35:*.xpm=01;35:*.tif=01;35:*.tiff=01;35:*.png=01;35:*.svg=01;35:*.svgz=01;35:*.mng=01;35:*.pcx=01;35:*.mov=01;35:*.mpg=01;35:*.mpeg=01;35:*.m2v=01;35:*.mkv=01;35:*.webm=01;35:*.webp=01;35:*.ogm=01;35:*.mp4=01;35:*.m4v=01;35:*.mp4v=01;35:*.vob=01;35:*.qt=01;35:*.nuv=01;35:*.wmv=01;35:*.asf=01;35:*.rm=01;35:*.rmvb=01;35:*.flc=01;35:*.avi=01;35:*.fli=01;35:*.flv=01;35:*.gl=01;35:*.dl=01;35:*.xcf=01;35:*.xwd=01;35:*.yuv=01;35:*.cgm=01;35:*.emf=01;35:*.ogv=01;35:*.ogx=01;35:*.cfg=00;32:*.conf=00;32:*.diff=00;32:*.doc=00;32:*.ini=00;32:*.log=00;32:*.patch=00;32:*.pdf=00;32:*.ps=00;32:*.tex=00;32:*.txt=00;32:*.aac=00;36:*.au=00;36:*.flac=00;36:*.m4a=00;36:*.mid=00;36:*.midi=00;36:*.mka=00;36:*.mp3=00;36:*.mpc=00;36:*.ogg=00;36:*.ra=00;36:*.wav=00;36:*.oga=00;36:*.opus=00;36:*.spx=00;36:*.xspf=00;36:' XDG_CURRENT_DESKTOP=GNOME INFOPATH=/usr/share/info:/usr/share/gcc-data/x86_64-pc-linux-gnu/10.2.0/info:/usr/share/binutils-data/x86_64-pc-linux-gnu/2.45/info:/usr/share/automake-1.16.5/info JAVAC=/etc/java-config-2/current-system-vm/bin/javac TERM=xterm-256color LESSOPEN='|lesspipe %s' USER=jpmurphy CROS_WORKON_SRCROOT=/mnt/host/source MANPAGER=manpager DISPLAY=:1 SHLVL=1 LC_MESSAGES=C EXTERNAL_TRUNK_PATH=/mnt/8f9d649a-3721-44cc-93c0-e6bd21a9689f/chromiumos GCC_SPECS='' PATH=/mnt/host/source/chromite/bin:/usr/local/bin:/usr/bin:/bin:/opt/bin:/mnt/host/source/chromite/sdk/bin:/mnt/host/source/chromite/bin PORTAGE_USERNAME=jpmurphy SUDO_UID=0 GCC_VER=10.2.0 MAIL=/var/mail/jpmurphy OLDPWD=/mnt/host/source/src/scripts traceparent=00-e87aca51550a78635907baa6a2476181-6d684811675d2973-01 _=./zephyr/firmware_builder.py COREBOOT_SDK_ROOT_x86=/home/jpmurphy/.cache/coreboot-sdk/i386-elf/dfbb0486385d938cfa9d73080b9d18d598ed4f49 COREBOOT_SDK_ROOT_picolibc_x86=/home/jpmurphy/.cache/coreboot-sdk/picolibc-i386-elf/eb8e8e687b95461de8cbf278f1c2076952d0ad17 COREBOOT_SDK_ROOT_riscv64=/home/jpmurphy/.cache/coreboot-sdk/riscv64-elf/96b949749225b6aaa92ed810ab769e8dfb12f000 COREBOOT_SDK_ROOT_picolibc_arm=/home/jpmurphy/.cache/coreboot-sdk/picolibc-arm-eabi/422a2aa3e1ef891b5bece9a3deb696ff83840d2e COREBOOT_SDK_ROOT_nds32=/home/jpmurphy/.cache/coreboot-sdk/nds32le-elf/d1a518c4a097666d86058e1444f85ca015d15511 COREBOOT_SDK_ROOT_picolibc_riscv64=/home/jpmurphy/.cache/coreboot-sdk/picolibc-riscv64-elf/f571e990ef0278564b31124f8bb109d9a697eb69 COREBOOT_SDK_ROOT_arm=/home/jpmurphy/.cache/coreboot-sdk/arm-eabi/ea40ddd1d190c3b48435c474c0b545719371813a COREBOOT_SDK_ROOT_libstdcxx_riscv64=/home/jpmurphy/.cache/coreboot-sdk/libstdcxx-riscv64-elf/17abf22a3a252e2d5d2062ced5324f7a623689e0 COREBOOT_SDK_ROOT_libstdcxx_arm=/home/jpmurphy/.cache/coreboot-sdk/libstdcxx-arm-eabi/5d7d82e150e44aa1968f1d366e267e6687b328ac COREBOOT_SDK_ROOT_riscv=/home/jpmurphy/.cache/coreboot-sdk/riscv-elf/9a27b9e82341c6e9126624f516ab3f261abb3e73 COREBOOT_SDK_ROOT_libstdcxx_x86=/home/jpmurphy/.cache/coreboot-sdk/libstdcxx-i386-elf/42ef9d2e87a76a37963175d7d428734e65648b87 PYTHONPATH=/mnt/host/source/src/platform/ec/zephyr/zmake PW_PIGWEED_CIPD_INSTALL_DIR=/usr CROSTC_USER_ACKNOWLEDGES_THAT_RISCV_IS_EXPERIMENTAL=1 MAKEFLAGS=' -j16 --jobserver-auth=5,6' /usr/bin/ninja -C /mnt/host/source/src/platform/ec/build/zephyr/trulo-ti/build-rw all.libraries`
[trulo-ti:rw] ninja: Entering directory `/mnt/host/source/src/platform/ec/build/zephyr/trulo-ti/build-rw'
[dirks:rw] [233/372] Building C object zephyr/lib/libc/common/CMakeFiles/lib__libc__common.dir/source/time/ctime.c.obj
[dirks:rw] [234/372] Building C object zephyr/lib/libc/common/CMakeFiles/lib__libc__common.dir/source/time/localtime_r_utc.c.obj
[trulo-ti:ro] [1/417] Generating include/generated/zephyr/version.h
[trulo-ti:ro] -- git describe warned: warning: tag 'upstream/v2.7.99' is externally known as 'v2.7.99'
[trulo-ti:ro] -- Zephyr version: 4.3.99 (/mnt/host/source/src/third_party/zephyr/main)
[trulo-ti:ro] [2/417] Preparing syscall dependency handling
[dirks:rw] [235/372] Building C object zephyr/lib/libc/common/CMakeFiles/lib__libc__common.dir/source/time/time.c.obj
[dirks:rw] [236/372] Building C object zephyr/lib/libc/common/CMakeFiles/lib__libc__common.dir/source/string/strnlen.c.obj
[trulo-ti:ro] [3/417] Generating misc/generated/syscalls_subdirs.trigger
[craask:ro] [398/414] Building C object zephyr/kernel/CMakeFiles/kernel.dir/mutex.c.obj
[craask:rw] [299/416] Building C object CMakeFiles/app.dir/mnt/host/source/src/platform/ec/build/zephyr/craask/modules/ec/common/i2c_controller.c.obj
[dirks:rw] [237/372] Building C object zephyr/lib/posix/c_lib_ext/CMakeFiles/lib__posix__c_lib_ext.dir/fnmatch.c.obj
[craask:ro] [399/414] Building C object zephyr/kernel/CMakeFiles/kernel.dir/queue.c.obj
[dirks:rw] [238/372] Building C object zephyr/lib/libc/common/CMakeFiles/lib__libc__common.dir/source/stdlib/malloc.c.obj
[craask:rw] [300/416] Building C object CMakeFiles/app.dir/mnt/host/source/src/platform/ec/build/zephyr/craask/modules/ec/common/i2c_passthru.c.obj
[dirks:rw] [239/372] Building C object zephyr/subsys/crc/CMakeFiles/subsys__crc.dir/crc4_sw.c.obj
[dirks:rw] [240/372] Linking C static library zephyr/lib/libc/common/liblib__libc__common.a
[craask:ro] [400/414] Building C object zephyr/kernel/CMakeFiles/kernel.dir/sem.c.obj
[dirks:rw] [241/372] Building C object zephyr/subsys/crc/CMakeFiles/subsys__crc.dir/crc8_sw.c.obj
[dirks:rw] [242/372] Building C object zephyr/lib/posix/c_lib_ext/CMakeFiles/lib__posix__c_lib_ext.dir/getopt_shim.c.obj
[craask:ro] [401/414] Building C object zephyr/kernel/CMakeFiles/kernel.dir/system_work_q.c.obj
[craask:ro] [402/414] Building C object zephyr/kernel/CMakeFiles/kernel.dir/stack.c.obj
[dirks:rw] [243/372] Building C object zephyr/lib/posix/c_lib_ext/CMakeFiles/lib__posix__c_lib_ext.dir/getentropy.c.obj
[dirks:rw] [244/372] Building C object zephyr/subsys/crc/CMakeFiles/subsys__crc.dir/crc7_sw.c.obj
[trulo-ti:rw] [1/417] Generating include/generated/zephyr/version.h
[trulo-ti:rw] -- git describe warned: warning: tag 'upstream/v2.7.99' is externally known as 'v2.7.99'
[trulo-ti:rw] -- Zephyr version: 4.3.99 (/mnt/host/source/src/third_party/zephyr/main)
[trulo-ti:rw] [2/417] Preparing syscall dependency handling
[dirks:rw] [245/372] Building C object zephyr/subsys/crc/CMakeFiles/subsys__crc.dir/crc16_sw.c.obj
[trulo-ti:rw] [3/417] Generating misc/generated/syscalls_subdirs.trigger
[dirks:rw] [246/372] Building C object zephyr/subsys/crc/CMakeFiles/subsys__crc.dir/crc24_sw.c.obj
[dirks:rw] [247/372] Linking C static library zephyr/lib/posix/c_lib_ext/liblib__posix__c_lib_ext.a
[dirks:rw] [248/372] Building C object zephyr/subsys/crc/CMakeFiles/subsys__crc.dir/crc32_sw.c.obj
[dirks:rw] [249/372] Building C object zephyr/subsys/crc/CMakeFiles/subsys__crc.dir/crc32c_sw.c.obj
[craask:rw] [301/416] Building C object CMakeFiles/app.dir/mnt/host/source/src/platform/ec/build/zephyr/craask/modules/ec/common/keyboard_8042.c.obj
[trulo-ti:ro] [4/417] Generating misc/generated/syscalls.json, misc/generated/struct_tags.json
[dirks:rw] [250/372] Building C object zephyr/subsys/crc/CMakeFiles/subsys__crc.dir/crc32k_4_2_sw.c.obj
[craask:ro] [403/414] Building C object zephyr/kernel/CMakeFiles/kernel.dir/work.c.obj
[craask:rw] [302/416] Building C object CMakeFiles/app.dir/mnt/host/source/src/platform/ec/build/zephyr/craask/modules/ec/common/keyboard_scan.c.obj
[dirks:rw] [251/372] Linking C static library zephyr/subsys/crc/libsubsys__crc.a
[trulo-ti:ro] [5/417] Generating include/generated/zephyr/syscall_dispatch.c, include/generated/zephyr/syscall_exports_llext.c, syscall_weakdefs_llext.c, include/generated/zephyr/syscall_list.h
[craask:ro] [404/414] Building C object zephyr/kernel/CMakeFiles/kernel.dir/condvar.c.obj
[craask:rw] [303/416] Building C object CMakeFiles/app.dir/mnt/host/source/src/platform/ec/build/zephyr/craask/modules/ec/common/keyboard_8042_sharedlib.c.obj
[trulo-ti:ro] [6/417] Generating include/generated/zephyr/driver-validation.h
[craask:ro] [405/414] Building C object zephyr/kernel/CMakeFiles/kernel.dir/thread.c.obj
[craask:rw] [304/416] Building C object CMakeFiles/app.dir/mnt/host/source/src/platform/ec/build/zephyr/craask/modules/ec/common/mkbp_fifo.c.obj
[dirks:rw] [252/372] Building C object zephyr/drivers/interrupt_controller/CMakeFiles/drivers__interrupt_controller.dir/intc_ite_it8xxx2.c.obj
[craask:ro] [406/414] Building C object zephyr/kernel/CMakeFiles/kernel.dir/pipe.c.obj
[trulo-ti:ro] [7/417] Generating include/generated/zephyr/kobj-types-enum.h, include/generated/zephyr/otype-to-str.h, include/generated/zephyr/otype-to-size.h
[dirks:rw] [253/372] Building C object zephyr/drivers/interrupt_controller/CMakeFiles/drivers__interrupt_controller.dir/wuc_ite_it8xxx2.c.obj
[trulo-ti:ro] [8/417] Generating include/generated/device-api-sections.ld, include/generated/device-api-sections.cmake
[dirks:rw] [254/372] Building C object zephyr/drivers/adc/CMakeFiles/drivers__adc.dir/adc_common.c.obj
[craask:ro] [407/414] Building C object zephyr/kernel/CMakeFiles/kernel.dir/sched.c.obj
[dirks:rw] [255/372] Linking C static library zephyr/drivers/interrupt_controller/libdrivers__interrupt_controller.a
[trulo-ti:ro] [9/417] cd /mnt/host/source/src/platform/ec/build/zephyr/trulo-ti/build-ro/modules/ec/zephyr && PYTHONPATH=/mnt/host/source/src/platform/ec/build/zephyr/trulo-ti/modules/ec/zephyr/zmake/ /usr/bin/python3.11 /mnt/host/source/src/platform/ec/build/zephyr/trulo-ti/modules/ec/zephyr/zmake/zephyr_build_tools/generate_ec_version.py /mnt/host/source/src/platform/ec/build/zephyr/trulo-ti/build-ro/modules/ec/zephyr/include/ec_version.h --name Zephyr-Kernel --version 16543.0.0 --static
[trulo-ti:ro] INFO:root:Using a static version string
[trulo-ti:rw] [4/417] Generating misc/generated/syscalls.json, misc/generated/struct_tags.json
[trulo-ti:ro] INFO:root:Version string: Zephyr-Kernel-16543.0.0
[trulo-ti:ro] INFO:root:Writing header to /mnt/host/source/src/platform/ec/build/zephyr/trulo-ti/build-ro/modules/ec/zephyr/include/ec_version.h
[trulo-ti:ro] [10/417] Building CXX object modules/pigweed/pw_build/CMakeFiles/pw_build.empty.dir/empty_file.cc.obj
[craask:ro] [408/414] Building C object zephyr/kernel/CMakeFiles/kernel.dir/timeout.c.obj
[dirks:rw] [256/372] Building C object zephyr/drivers/adc/CMakeFiles/drivers__adc.dir/adc_ite_it8xxx2.c.obj
[trulo-ti:rw] [5/417] Generating include/generated/zephyr/syscall_dispatch.c, include/generated/zephyr/syscall_exports_llext.c, syscall_weakdefs_llext.c, include/generated/zephyr/syscall_list.h
[dirks:rw] [257/372] Linking C static library zephyr/drivers/adc/libdrivers__adc.a
[trulo-ti:ro] [11/417] Generating pw_third_party.nanopb.proto/sources/nanopb.proto
[craask:rw] [305/416] Building C object CMakeFiles/app.dir/mnt/host/source/src/platform/ec/build/zephyr/craask/modules/ec/common/mkbp_info.c.obj
[craask:ro] [409/414] Building C object zephyr/kernel/CMakeFiles/kernel.dir/timer.c.obj
[trulo-ti:ro] [12/417] Generating dsp_comms.proto/sources/proto/ec_dsp.proto, dsp_comms.proto/sources/proto/ec_dsp.options
[craask:rw] [306/416] Building C object CMakeFiles/app.dir/mnt/host/source/src/platform/ec/build/zephyr/craask/modules/ec/common/mkbp_input_devices.c.obj
[dirks:rw] [258/372] Building C object zephyr/drivers/bbram/CMakeFiles/drivers__bbram.dir/bbram_it8xxx2.c.obj
[trulo-ti:rw] [6/417] Generating include/generated/zephyr/driver-validation.h
[trulo-ti:ro] [13/417] Generating pw_transport.proto/sources/pw_transport/proto/transport.proto, pw_transport.proto/sources/pw_transport/proto/transport.options
[dirks:rw] [259/372] Linking C static library zephyr/drivers/bbram/libdrivers__bbram.a
[dirks:rw] [260/372] Building C object zephyr/drivers/console/CMakeFiles/drivers__console.dir/uart_console.c.obj
[craask:ro] [410/414] Building C object zephyr/kernel/CMakeFiles/kernel.dir/poll.c.obj
[trulo-ti:rw] [7/417] Generating include/generated/device-api-sections.ld, include/generated/device-api-sections.cmake
[dirks:rw] [261/372] Linking C static library zephyr/drivers/console/libdrivers__console.a
[trulo-ti:rw] [8/417] Generating include/generated/zephyr/kobj-types-enum.h, include/generated/zephyr/otype-to-str.h, include/generated/zephyr/otype-to-size.h
[craask:rw] [307/416] Building C object CMakeFiles/app.dir/mnt/host/source/src/platform/ec/build/zephyr/craask/modules/ec/common/led_common.c.obj
[craask:rw] [308/416] Building C object CMakeFiles/app.dir/mnt/host/source/src/platform/ec/build/zephyr/craask/modules/ec/common/keyboard_backlight.c.obj
[craask:ro] [411/414] Building C object zephyr/kernel/CMakeFiles/kernel.dir/events.c.obj
[trulo-ti:rw] [9/417] cd /mnt/host/source/src/platform/ec/build/zephyr/trulo-ti/build-rw/modules/ec/zephyr && PYTHONPATH=/mnt/host/source/src/platform/ec/build/zephyr/trulo-ti/modules/ec/zephyr/zmake/ /usr/bin/python3.11 /mnt/host/source/src/platform/ec/build/zephyr/trulo-ti/modules/ec/zephyr/zmake/zephyr_build_tools/generate_ec_version.py /mnt/host/source/src/platform/ec/build/zephyr/trulo-ti/build-rw/modules/ec/zephyr/include/ec_version.h --name Zephyr-Kernel --version 16543.0.0 --static
[dirks:rw] [262/372] Building C object zephyr/drivers/counter/CMakeFiles/drivers__counter.dir/counter_ite_it8xxx2.c.obj
[trulo-ti:rw] INFO:root:Using a static version string
[trulo-ti:rw] INFO:root:Version string: Zephyr-Kernel-16543.0.0
[trulo-ti:rw] INFO:root:Writing header to /mnt/host/source/src/platform/ec/build/zephyr/trulo-ti/build-rw/modules/ec/zephyr/include/ec_version.h
[trulo-ti:rw] [10/417] Building CXX object modules/pigweed/pw_build/CMakeFiles/pw_build.empty.dir/empty_file.cc.obj
[trulo-ti:rw] [11/417] Generating pw_third_party.nanopb.proto/sources/nanopb.proto
[craask:ro] [412/414] Building C object zephyr/kernel/CMakeFiles/kernel.dir/mempool.c.obj
[dirks:rw] [263/372] Linking C static library zephyr/drivers/counter/libdrivers__counter.a
[trulo-ti:rw] [12/417] Generating dsp_comms.proto/sources/proto/ec_dsp.proto, dsp_comms.proto/sources/proto/ec_dsp.options
[craask:ro] [413/414] Building C object zephyr/kernel/CMakeFiles/kernel.dir/dynamic_disabled.c.obj
[minimal-it8xxx2:rw] Building: /usr/bin/ninja -C /mnt/host/source/src/platform/ec/build/zephyr/minimal-it8xxx2/build-rw all.libraries
Running `env -i SHELL=/bin/bash COLORTERM=truecolor DEPOT_TOOLS_UPDATE=0 LESS='-R -M --shift 5' SUDO_GID=0 JDK_HOME=/etc/java-config-2/current-system-vm CONFIG_PROTECT_MASK='/etc/gentoo-release /etc/sandbox.d /etc/fonts/fonts.conf /etc/terminfo /etc/ca-certificates.conf /etc/revdep-rebuild' CHROMEOS_CACHEDIR=/var/cache/chromeos-cache JAVA_HOME=/etc/java-config-2/current-system-vm SSH_AUTH_SOCK=/tmp/ssh-auth-sock SUDO_COMMAND=/bin/bash SUDO_USER=root SUDO_TTY=/dev/pts/2 EDITOR=/usr/bin/vi PWD=/mnt/host/source/src/platform/ec CONFIG_PROTECT=/usr/share/gnupg/qualified.txt LOGNAME=jpmurphy MANPATH=/etc/java-config-2/current-system-vm/man:/usr/local/share/man:/usr/share/man:/usr/share/gcc-data/x86_64-pc-linux-gnu/10.2.0/man:/usr/share/binutils-data/x86_64-pc-linux-gnu/2.45/man:/etc/java-config-2/current-system-vm/man/ SUDO_HOME=/root XAUTHORITY=/run/user/944457/gdm/Xauthority HOME=/home/jpmurphy LANG=C.UTF-8 LS_COLORS='rs=0:di=01;34:ln=01;36:mh=00:pi=40;33:so=01;35:do=01;35:bd=40;33;01:cd=40;33;01:or=01;05;37;41:mi=01;05;37;41:su=37;41:sg=30;43:ca=30;41:tw=30;42:ow=34;42:st=37;44:ex=01;32:*.tar=01;31:*.tgz=01;31:*.arc=01;31:*.arj=01;31:*.taz=01;31:*.lha=01;31:*.lz4=01;31:*.lzh=01;31:*.lzma=01;31:*.tlz=01;31:*.txz=01;31:*.tzo=01;31:*.t7z=01;31:*.zip=01;31:*.z=01;31:*.dz=01;31:*.gz=01;31:*.lrz=01;31:*.lz=01;31:*.lzo=01;31:*.xz=01;31:*.zst=01;31:*.tzst=01;31:*.bz2=01;31:*.bz=01;31:*.tbz=01;31:*.tbz2=01;31:*.tz=01;31:*.deb=01;31:*.rpm=01;31:*.jar=01;31:*.war=01;31:*.ear=01;31:*.sar=01;31:*.rar=01;31:*.alz=01;31:*.ace=01;31:*.zoo=01;31:*.cpio=01;31:*.7z=01;31:*.rz=01;31:*.cab=01;31:*.wim=01;31:*.swm=01;31:*.dwm=01;31:*.esd=01;31:*.jpg=01;35:*.jpeg=01;35:*.mjpg=01;35:*.mjpeg=01;35:*.gif=01;35:*.bmp=01;35:*.pbm=01;35:*.pgm=01;35:*.ppm=01;35:*.tga=01;35:*.xbm=01;35:*.xpm=01;35:*.tif=01;35:*.tiff=01;35:*.png=01;35:*.svg=01;35:*.svgz=01;35:*.mng=01;35:*.pcx=01;35:*.mov=01;35:*.mpg=01;35:*.mpeg=01;35:*.m2v=01;35:*.mkv=01;35:*.webm=01;35:*.webp=01;35:*.ogm=01;35:*.mp4=01;35:*.m4v=01;35:*.mp4v=01;35:*.vob=01;35:*.qt=01;35:*.nuv=01;35:*.wmv=01;35:*.asf=01;35:*.rm=01;35:*.rmvb=01;35:*.flc=01;35:*.avi=01;35:*.fli=01;35:*.flv=01;35:*.gl=01;35:*.dl=01;35:*.xcf=01;35:*.xwd=01;35:*.yuv=01;35:*.cgm=01;35:*.emf=01;35:*.ogv=01;35:*.ogx=01;35:*.cfg=00;32:*.conf=00;32:*.diff=00;32:*.doc=00;32:*.ini=00;32:*.log=00;32:*.patch=00;32:*.pdf=00;32:*.ps=00;32:*.tex=00;32:*.txt=00;32:*.aac=00;36:*.au=00;36:*.flac=00;36:*.m4a=00;36:*.mid=00;36:*.midi=00;36:*.mka=00;36:*.mp3=00;36:*.mpc=00;36:*.ogg=00;36:*.ra=00;36:*.wav=00;36:*.oga=00;36:*.opus=00;36:*.spx=00;36:*.xspf=00;36:' XDG_CURRENT_DESKTOP=GNOME INFOPATH=/usr/share/info:/usr/share/gcc-data/x86_64-pc-linux-gnu/10.2.0/info:/usr/share/binutils-data/x86_64-pc-linux-gnu/2.45/info:/usr/share/automake-1.16.5/info JAVAC=/etc/java-config-2/current-system-vm/bin/javac TERM=xterm-256color LESSOPEN='|lesspipe %s' USER=jpmurphy CROS_WORKON_SRCROOT=/mnt/host/source MANPAGER=manpager DISPLAY=:1 SHLVL=1 LC_MESSAGES=C EXTERNAL_TRUNK_PATH=/mnt/8f9d649a-3721-44cc-93c0-e6bd21a9689f/chromiumos GCC_SPECS='' PATH=/mnt/host/source/chromite/bin:/usr/local/bin:/usr/bin:/bin:/opt/bin:/mnt/host/source/chromite/sdk/bin:/mnt/host/source/chromite/bin PORTAGE_USERNAME=jpmurphy SUDO_UID=0 GCC_VER=10.2.0 MAIL=/var/mail/jpmurphy OLDPWD=/mnt/host/source/src/scripts traceparent=00-e87aca51550a78635907baa6a2476181-6d684811675d2973-01 _=./zephyr/firmware_builder.py COREBOOT_SDK_ROOT_x86=/home/jpmurphy/.cache/coreboot-sdk/i386-elf/dfbb0486385d938cfa9d73080b9d18d598ed4f49 COREBOOT_SDK_ROOT_picolibc_x86=/home/jpmurphy/.cache/coreboot-sdk/picolibc-i386-elf/eb8e8e687b95461de8cbf278f1c2076952d0ad17 COREBOOT_SDK_ROOT_riscv64=/home/jpmurphy/.cache/coreboot-sdk/riscv64-elf/96b949749225b6aaa92ed810ab769e8dfb12f000 COREBOOT_SDK_ROOT_picolibc_arm=/home/jpmurphy/.cache/coreboot-sdk/picolibc-arm-eabi/422a2aa3e1ef891b5bece9a3deb696ff83840d2e COREBOOT_SDK_ROOT_nds32=/home/jpmurphy/.cache/coreboot-sdk/nds32le-elf/d1a518c4a097666d86058e1444f85ca015d15511 COREBOOT_SDK_ROOT_picolibc_riscv64=/home/jpmurphy/.cache/coreboot-sdk/picolibc-riscv64-elf/f571e990ef0278564b31124f8bb109d9a697eb69 COREBOOT_SDK_ROOT_arm=/home/jpmurphy/.cache/coreboot-sdk/arm-eabi/ea40ddd1d190c3b48435c474c0b545719371813a COREBOOT_SDK_ROOT_libstdcxx_riscv64=/home/jpmurphy/.cache/coreboot-sdk/libstdcxx-riscv64-elf/17abf22a3a252e2d5d2062ced5324f7a623689e0 COREBOOT_SDK_ROOT_libstdcxx_arm=/home/jpmurphy/.cache/coreboot-sdk/libstdcxx-arm-eabi/5d7d82e150e44aa1968f1d366e267e6687b328ac COREBOOT_SDK_ROOT_riscv=/home/jpmurphy/.cache/coreboot-sdk/riscv-elf/9a27b9e82341c6e9126624f516ab3f261abb3e73 COREBOOT_SDK_ROOT_libstdcxx_x86=/home/jpmurphy/.cache/coreboot-sdk/libstdcxx-i386-elf/42ef9d2e87a76a37963175d7d428734e65648b87 PYTHONPATH=/mnt/host/source/src/platform/ec/zephyr/zmake PW_PIGWEED_CIPD_INSTALL_DIR=/usr CROSTC_USER_ACKNOWLEDGES_THAT_RISCV_IS_EXPERIMENTAL=1 MAKEFLAGS=' -j16 --jobserver-auth=5,6' /usr/bin/ninja -C /mnt/host/source/src/platform/ec/build/zephyr/minimal-it8xxx2/build-rw all.libraries`
[minimal-it8xxx2:rw] ninja: Entering directory `/mnt/host/source/src/platform/ec/build/zephyr/minimal-it8xxx2/build-rw'
[trulo-ti:ro] [14/417] Generating /mnt/host/source/src/platform/ec/build/zephyr/trulo-ti/modules/nanopb/generator/proto/nanopb_pb2.py
[dirks:rw] [264/372] Building C object zephyr/drivers/eeprom/CMakeFiles/drivers__eeprom.dir/eeprom_shell.c.obj
[trulo-ti:rw] [13/417] Generating pw_transport.proto/sources/pw_transport/proto/transport.proto, pw_transport.proto/sources/pw_transport/proto/transport.options
[craask:ro] [414/414] Linking C static library zephyr/kernel/libkernel.a
[ruby-ish:singleimage] Building: /usr/bin/ninja -C /mnt/host/source/src/platform/ec/build/zephyr/ruby-ish/build-singleimage all.libraries
Running `env -i SHELL=/bin/bash COLORTERM=truecolor DEPOT_TOOLS_UPDATE=0 LESS='-R -M --shift 5' SUDO_GID=0 JDK_HOME=/etc/java-config-2/current-system-vm CONFIG_PROTECT_MASK='/etc/gentoo-release /etc/sandbox.d /etc/fonts/fonts.conf /etc/terminfo /etc/ca-certificates.conf /etc/revdep-rebuild' CHROMEOS_CACHEDIR=/var/cache/chromeos-cache JAVA_HOME=/etc/java-config-2/current-system-vm SSH_AUTH_SOCK=/tmp/ssh-auth-sock SUDO_COMMAND=/bin/bash SUDO_USER=root SUDO_TTY=/dev/pts/2 EDITOR=/usr/bin/vi PWD=/mnt/host/source/src/platform/ec CONFIG_PROTECT=/usr/share/gnupg/qualified.txt LOGNAME=jpmurphy MANPATH=/etc/java-config-2/current-system-vm/man:/usr/local/share/man:/usr/share/man:/usr/share/gcc-data/x86_64-pc-linux-gnu/10.2.0/man:/usr/share/binutils-data/x86_64-pc-linux-gnu/2.45/man:/etc/java-config-2/current-system-vm/man/ SUDO_HOME=/root XAUTHORITY=/run/user/944457/gdm/Xauthority HOME=/home/jpmurphy LANG=C.UTF-8 LS_COLORS='rs=0:di=01;34:ln=01;36:mh=00:pi=40;33:so=01;35:do=01;35:bd=40;33;01:cd=40;33;01:or=01;05;37;41:mi=01;05;37;41:su=37;41:sg=30;43:ca=30;41:tw=30;42:ow=34;42:st=37;44:ex=01;32:*.tar=01;31:*.tgz=01;31:*.arc=01;31:*.arj=01;31:*.taz=01;31:*.lha=01;31:*.lz4=01;31:*.lzh=01;31:*.lzma=01;31:*.tlz=01;31:*.txz=01;31:*.tzo=01;31:*.t7z=01;31:*.zip=01;31:*.z=01;31:*.dz=01;31:*.gz=01;31:*.lrz=01;31:*.lz=01;31:*.lzo=01;31:*.xz=01;31:*.zst=01;31:*.tzst=01;31:*.bz2=01;31:*.bz=01;31:*.tbz=01;31:*.tbz2=01;31:*.tz=01;31:*.deb=01;31:*.rpm=01;31:*.jar=01;31:*.war=01;31:*.ear=01;31:*.sar=01;31:*.rar=01;31:*.alz=01;31:*.ace=01;31:*.zoo=01;31:*.cpio=01;31:*.7z=01;31:*.rz=01;31:*.cab=01;31:*.wim=01;31:*.swm=01;31:*.dwm=01;31:*.esd=01;31:*.jpg=01;35:*.jpeg=01;35:*.mjpg=01;35:*.mjpeg=01;35:*.gif=01;35:*.bmp=01;35:*.pbm=01;35:*.pgm=01;35:*.ppm=01;35:*.tga=01;35:*.xbm=01;35:*.xpm=01;35:*.tif=01;35:*.tiff=01;35:*.png=01;35:*.svg=01;35:*.svgz=01;35:*.mng=01;35:*.pcx=01;35:*.mov=01;35:*.mpg=01;35:*.mpeg=01;35:*.m2v=01;35:*.mkv=01;35:*.webm=01;35:*.webp=01;35:*.ogm=01;35:*.mp4=01;35:*.m4v=01;35:*.mp4v=01;35:*.vob=01;35:*.qt=01;35:*.nuv=01;35:*.wmv=01;35:*.asf=01;35:*.rm=01;35:*.rmvb=01;35:*.flc=01;35:*.avi=01;35:*.fli=01;35:*.flv=01;35:*.gl=01;35:*.dl=01;35:*.xcf=01;35:*.xwd=01;35:*.yuv=01;35:*.cgm=01;35:*.emf=01;35:*.ogv=01;35:*.ogx=01;35:*.cfg=00;32:*.conf=00;32:*.diff=00;32:*.doc=00;32:*.ini=00;32:*.log=00;32:*.patch=00;32:*.pdf=00;32:*.ps=00;32:*.tex=00;32:*.txt=00;32:*.aac=00;36:*.au=00;36:*.flac=00;36:*.m4a=00;36:*.mid=00;36:*.midi=00;36:*.mka=00;36:*.mp3=00;36:*.mpc=00;36:*.ogg=00;36:*.ra=00;36:*.wav=00;36:*.oga=00;36:*.opus=00;36:*.spx=00;36:*.xspf=00;36:' XDG_CURRENT_DESKTOP=GNOME INFOPATH=/usr/share/info:/usr/share/gcc-data/x86_64-pc-linux-gnu/10.2.0/info:/usr/share/binutils-data/x86_64-pc-linux-gnu/2.45/info:/usr/share/automake-1.16.5/info JAVAC=/etc/java-config-2/current-system-vm/bin/javac TERM=xterm-256color LESSOPEN='|lesspipe %s' USER=jpmurphy CROS_WORKON_SRCROOT=/mnt/host/source MANPAGER=manpager DISPLAY=:1 SHLVL=1 LC_MESSAGES=C EXTERNAL_TRUNK_PATH=/mnt/8f9d649a-3721-44cc-93c0-e6bd21a9689f/chromiumos GCC_SPECS='' PATH=/mnt/host/source/chromite/bin:/usr/local/bin:/usr/bin:/bin:/opt/bin:/mnt/host/source/chromite/sdk/bin:/mnt/host/source/chromite/bin PORTAGE_USERNAME=jpmurphy SUDO_UID=0 GCC_VER=10.2.0 MAIL=/var/mail/jpmurphy OLDPWD=/mnt/host/source/src/scripts traceparent=00-e87aca51550a78635907baa6a2476181-6d684811675d2973-01 _=./zephyr/firmware_builder.py COREBOOT_SDK_ROOT_x86=/home/jpmurphy/.cache/coreboot-sdk/i386-elf/dfbb0486385d938cfa9d73080b9d18d598ed4f49 COREBOOT_SDK_ROOT_picolibc_x86=/home/jpmurphy/.cache/coreboot-sdk/picolibc-i386-elf/eb8e8e687b95461de8cbf278f1c2076952d0ad17 COREBOOT_SDK_ROOT_riscv64=/home/jpmurphy/.cache/coreboot-sdk/riscv64-elf/96b949749225b6aaa92ed810ab769e8dfb12f000 COREBOOT_SDK_ROOT_picolibc_arm=/home/jpmurphy/.cache/coreboot-sdk/picolibc-arm-eabi/422a2aa3e1ef891b5bece9a3deb696ff83840d2e COREBOOT_SDK_ROOT_nds32=/home/jpmurphy/.cache/coreboot-sdk/nds32le-elf/d1a518c4a097666d86058e1444f85ca015d15511 COREBOOT_SDK_ROOT_picolibc_riscv64=/home/jpmurphy/.cache/coreboot-sdk/picolibc-riscv64-elf/f571e990ef0278564b31124f8bb109d9a697eb69 COREBOOT_SDK_ROOT_arm=/home/jpmurphy/.cache/coreboot-sdk/arm-eabi/ea40ddd1d190c3b48435c474c0b545719371813a COREBOOT_SDK_ROOT_libstdcxx_riscv64=/home/jpmurphy/.cache/coreboot-sdk/libstdcxx-riscv64-elf/17abf22a3a252e2d5d2062ced5324f7a623689e0 COREBOOT_SDK_ROOT_libstdcxx_arm=/home/jpmurphy/.cache/coreboot-sdk/libstdcxx-arm-eabi/5d7d82e150e44aa1968f1d366e267e6687b328ac COREBOOT_SDK_ROOT_riscv=/home/jpmurphy/.cache/coreboot-sdk/riscv-elf/9a27b9e82341c6e9126624f516ab3f261abb3e73 COREBOOT_SDK_ROOT_libstdcxx_x86=/home/jpmurphy/.cache/coreboot-sdk/libstdcxx-i386-elf/42ef9d2e87a76a37963175d7d428734e65648b87 PYTHONPATH=/mnt/host/source/src/platform/ec/zephyr/zmake PW_PIGWEED_CIPD_INSTALL_DIR=/usr CROSTC_USER_ACKNOWLEDGES_THAT_RISCV_IS_EXPERIMENTAL=1 MAKEFLAGS=' -j16 --jobserver-auth=5,6' /usr/bin/ninja -C /mnt/host/source/src/platform/ec/build/zephyr/ruby-ish/build-singleimage all.libraries`
[ruby-ish:singleimage] ninja: Entering directory `/mnt/host/source/src/platform/ec/build/zephyr/ruby-ish/build-singleimage'
[dirks:rw] [265/372] Building C object zephyr/drivers/eeprom/CMakeFiles/drivers__eeprom.dir/eeprom_at2x.c.obj
[dirks:rw] [266/372] Linking C static library zephyr/drivers/eeprom/libdrivers__eeprom.a
[minimal-it8xxx2:ro] Building: /usr/bin/ninja -C /mnt/host/source/src/platform/ec/build/zephyr/minimal-it8xxx2/build-ro all.libraries
Running `env -i SHELL=/bin/bash COLORTERM=truecolor DEPOT_TOOLS_UPDATE=0 LESS='-R -M --shift 5' SUDO_GID=0 JDK_HOME=/etc/java-config-2/current-system-vm CONFIG_PROTECT_MASK='/etc/gentoo-release /etc/sandbox.d /etc/fonts/fonts.conf /etc/terminfo /etc/ca-certificates.conf /etc/revdep-rebuild' CHROMEOS_CACHEDIR=/var/cache/chromeos-cache JAVA_HOME=/etc/java-config-2/current-system-vm SSH_AUTH_SOCK=/tmp/ssh-auth-sock SUDO_COMMAND=/bin/bash SUDO_USER=root SUDO_TTY=/dev/pts/2 EDITOR=/usr/bin/vi PWD=/mnt/host/source/src/platform/ec CONFIG_PROTECT=/usr/share/gnupg/qualified.txt LOGNAME=jpmurphy MANPATH=/etc/java-config-2/current-system-vm/man:/usr/local/share/man:/usr/share/man:/usr/share/gcc-data/x86_64-pc-linux-gnu/10.2.0/man:/usr/share/binutils-data/x86_64-pc-linux-gnu/2.45/man:/etc/java-config-2/current-system-vm/man/ SUDO_HOME=/root XAUTHORITY=/run/user/944457/gdm/Xauthority HOME=/home/jpmurphy LANG=C.UTF-8 LS_COLORS='rs=0:di=01;34:ln=01;36:mh=00:pi=40;33:so=01;35:do=01;35:bd=40;33;01:cd=40;33;01:or=01;05;37;41:mi=01;05;37;41:su=37;41:sg=30;43:ca=30;41:tw=30;42:ow=34;42:st=37;44:ex=01;32:*.tar=01;31:*.tgz=01;31:*.arc=01;31:*.arj=01;31:*.taz=01;31:*.lha=01;31:*.lz4=01;31:*.lzh=01;31:*.lzma=01;31:*.tlz=01;31:*.txz=01;31:*.tzo=01;31:*.t7z=01;31:*.zip=01;31:*.z=01;31:*.dz=01;31:*.gz=01;31:*.lrz=01;31:*.lz=01;31:*.lzo=01;31:*.xz=01;31:*.zst=01;31:*.tzst=01;31:*.bz2=01;31:*.bz=01;31:*.tbz=01;31:*.tbz2=01;31:*.tz=01;31:*.deb=01;31:*.rpm=01;31:*.jar=01;31:*.war=01;31:*.ear=01;31:*.sar=01;31:*.rar=01;31:*.alz=01;31:*.ace=01;31:*.zoo=01;31:*.cpio=01;31:*.7z=01;31:*.rz=01;31:*.cab=01;31:*.wim=01;31:*.swm=01;31:*.dwm=01;31:*.esd=01;31:*.jpg=01;35:*.jpeg=01;35:*.mjpg=01;35:*.mjpeg=01;35:*.gif=01;35:*.bmp=01;35:*.pbm=01;35:*.pgm=01;35:*.ppm=01;35:*.tga=01;35:*.xbm=01;35:*.xpm=01;35:*.tif=01;35:*.tiff=01;35:*.png=01;35:*.svg=01;35:*.svgz=01;35:*.mng=01;35:*.pcx=01;35:*.mov=01;35:*.mpg=01;35:*.mpeg=01;35:*.m2v=01;35:*.mkv=01;35:*.webm=01;35:*.webp=01;35:*.ogm=01;35:*.mp4=01;35:*.m4v=01;35:*.mp4v=01;35:*.vob=01;35:*.qt=01;35:*.nuv=01;35:*.wmv=01;35:*.asf=01;35:*.rm=01;35:*.rmvb=01;35:*.flc=01;35:*.avi=01;35:*.fli=01;35:*.flv=01;35:*.gl=01;35:*.dl=01;35:*.xcf=01;35:*.xwd=01;35:*.yuv=01;35:*.cgm=01;35:*.emf=01;35:*.ogv=01;35:*.ogx=01;35:*.cfg=00;32:*.conf=00;32:*.diff=00;32:*.doc=00;32:*.ini=00;32:*.log=00;32:*.patch=00;32:*.pdf=00;32:*.ps=00;32:*.tex=00;32:*.txt=00;32:*.aac=00;36:*.au=00;36:*.flac=00;36:*.m4a=00;36:*.mid=00;36:*.midi=00;36:*.mka=00;36:*.mp3=00;36:*.mpc=00;36:*.ogg=00;36:*.ra=00;36:*.wav=00;36:*.oga=00;36:*.opus=00;36:*.spx=00;36:*.xspf=00;36:' XDG_CURRENT_DESKTOP=GNOME INFOPATH=/usr/share/info:/usr/share/gcc-data/x86_64-pc-linux-gnu/10.2.0/info:/usr/share/binutils-data/x86_64-pc-linux-gnu/2.45/info:/usr/share/automake-1.16.5/info JAVAC=/etc/java-config-2/current-system-vm/bin/javac TERM=xterm-256color LESSOPEN='|lesspipe %s' USER=jpmurphy CROS_WORKON_SRCROOT=/mnt/host/source MANPAGER=manpager DISPLAY=:1 SHLVL=1 LC_MESSAGES=C EXTERNAL_TRUNK_PATH=/mnt/8f9d649a-3721-44cc-93c0-e6bd21a9689f/chromiumos GCC_SPECS='' PATH=/mnt/host/source/chromite/bin:/usr/local/bin:/usr/bin:/bin:/opt/bin:/mnt/host/source/chromite/sdk/bin:/mnt/host/source/chromite/bin PORTAGE_USERNAME=jpmurphy SUDO_UID=0 GCC_VER=10.2.0 MAIL=/var/mail/jpmurphy OLDPWD=/mnt/host/source/src/scripts traceparent=00-e87aca51550a78635907baa6a2476181-6d684811675d2973-01 _=./zephyr/firmware_builder.py COREBOOT_SDK_ROOT_x86=/home/jpmurphy/.cache/coreboot-sdk/i386-elf/dfbb0486385d938cfa9d73080b9d18d598ed4f49 COREBOOT_SDK_ROOT_picolibc_x86=/home/jpmurphy/.cache/coreboot-sdk/picolibc-i386-elf/eb8e8e687b95461de8cbf278f1c2076952d0ad17 COREBOOT_SDK_ROOT_riscv64=/home/jpmurphy/.cache/coreboot-sdk/riscv64-elf/96b949749225b6aaa92ed810ab769e8dfb12f000 COREBOOT_SDK_ROOT_picolibc_arm=/home/jpmurphy/.cache/coreboot-sdk/picolibc-arm-eabi/422a2aa3e1ef891b5bece9a3deb696ff83840d2e COREBOOT_SDK_ROOT_nds32=/home/jpmurphy/.cache/coreboot-sdk/nds32le-elf/d1a518c4a097666d86058e1444f85ca015d15511 COREBOOT_SDK_ROOT_picolibc_riscv64=/home/jpmurphy/.cache/coreboot-sdk/picolibc-riscv64-elf/f571e990ef0278564b31124f8bb109d9a697eb69 COREBOOT_SDK_ROOT_arm=/home/jpmurphy/.cache/coreboot-sdk/arm-eabi/ea40ddd1d190c3b48435c474c0b545719371813a COREBOOT_SDK_ROOT_libstdcxx_riscv64=/home/jpmurphy/.cache/coreboot-sdk/libstdcxx-riscv64-elf/17abf22a3a252e2d5d2062ced5324f7a623689e0 COREBOOT_SDK_ROOT_libstdcxx_arm=/home/jpmurphy/.cache/coreboot-sdk/libstdcxx-arm-eabi/5d7d82e150e44aa1968f1d366e267e6687b328ac COREBOOT_SDK_ROOT_riscv=/home/jpmurphy/.cache/coreboot-sdk/riscv-elf/9a27b9e82341c6e9126624f516ab3f261abb3e73 COREBOOT_SDK_ROOT_libstdcxx_x86=/home/jpmurphy/.cache/coreboot-sdk/libstdcxx-i386-elf/42ef9d2e87a76a37963175d7d428734e65648b87 PYTHONPATH=/mnt/host/source/src/platform/ec/zephyr/zmake PW_PIGWEED_CIPD_INSTALL_DIR=/usr CROSTC_USER_ACKNOWLEDGES_THAT_RISCV_IS_EXPERIMENTAL=1 MAKEFLAGS=' -j16 --jobserver-auth=5,6' /usr/bin/ninja -C /mnt/host/source/src/platform/ec/build/zephyr/minimal-it8xxx2/build-ro all.libraries`
[trulo-ti:rw] [14/417] Generating /mnt/host/source/src/platform/ec/build/zephyr/trulo-ti/modules/nanopb/generator/proto/nanopb_pb2.py
[minimal-it8xxx2:ro] ninja: Entering directory `/mnt/host/source/src/platform/ec/build/zephyr/minimal-it8xxx2/build-ro'
[dirks:rw] [267/372] Building C object zephyr/drivers/flash/CMakeFiles/drivers__flash.dir/flash_ite_it8xxx2.c.obj
[craask:rw] [309/416] Building C object CMakeFiles/app.dir/mnt/host/source/src/platform/ec/build/zephyr/craask/modules/ec/common/led_pwm.c.obj
[dirks:rw] [268/372] Linking C static library zephyr/drivers/flash/libdrivers__flash.a
[dirks:rw] [269/372] Building C object zephyr/drivers/espi/CMakeFiles/drivers__espi.dir/espi_it8xxx2.c.obj
[craask:rw] [310/416] Building C object CMakeFiles/app.dir/mnt/host/source/src/platform/ec/build/zephyr/craask/modules/ec/common/led_onoff_states.c.obj
[dirks:rw] [270/372] Building C object zephyr/drivers/gpio/CMakeFiles/drivers__gpio.dir/gpio_kscan_ite_it8xxx2.c.obj
[minimal-it8xxx2:rw] [1/253] Generating include/generated/zephyr/version.h
[minimal-it8xxx2:rw] -- git describe warned: warning: tag 'upstream/v2.7.99' is externally known as 'v2.7.99'
[minimal-it8xxx2:rw] -- Zephyr version: 4.3.99 (/mnt/host/source/src/third_party/zephyr/main)
[minimal-it8xxx2:rw] [2/253] Preparing syscall dependency handling
[dirks:rw] [271/372] Linking C static library zephyr/drivers/espi/libdrivers__espi.a
[dirks:rw] [272/372] Building C object zephyr/drivers/gpio/CMakeFiles/drivers__gpio.dir/gpio_ite_it8xxx2.c.obj
[minimal-it8xxx2:rw] [3/253] Generating misc/generated/syscalls_subdirs.trigger
[craask:rw] [311/416] Building C object CMakeFiles/app.dir/mnt/host/source/src/platform/ec/build/zephyr/craask/modules/ec/common/lid_angle.c.obj
[dirks:rw] [273/372] Building C object zephyr/drivers/i2c/CMakeFiles/drivers__i2c.dir/i2c_common.c.obj
[craask:rw] [312/416] Building C object CMakeFiles/app.dir/mnt/host/source/src/platform/ec/build/zephyr/craask/modules/ec/common/motion_lid.c.obj
[trulo-ti:ro] [15/417] Generating dsp_comms.proto/nanopb/proto/ec_dsp.pb.h, dsp_comms.proto/nanopb/proto/ec_dsp.pb.c
[dirks:rw] [274/372] Linking C static library zephyr/drivers/gpio/libdrivers__gpio.a
[dirks:rw] [275/372] Building C object zephyr/drivers/i2c/CMakeFiles/drivers__i2c.dir/i2c_bitbang.c.obj
[ruby-ish:singleimage] [1/260] Generating include/generated/zephyr/version.h
[minimal-it8xxx2:ro] [1/253] Generating include/generated/zephyr/version.h
[minimal-it8xxx2:ro] -- git describe warned: warning: tag 'upstream/v2.7.99' is externally known as 'v2.7.99'
[ruby-ish:singleimage] -- git describe warned: warning: tag 'upstream/v2.7.99' is externally known as 'v2.7.99'
[ruby-ish:singleimage] -- Zephyr version: 4.3.99 (/mnt/host/source/src/third_party/zephyr/main)
[ruby-ish:singleimage] [2/260] Preparing syscall dependency handling
[minimal-it8xxx2:ro] -- Zephyr version: 4.3.99 (/mnt/host/source/src/third_party/zephyr/main)
[minimal-it8xxx2:ro] [2/253] Preparing syscall dependency handling
[trulo-ti:rw] [15/417] Generating dsp_comms.proto/nanopb/proto/ec_dsp.pb.h, dsp_comms.proto/nanopb/proto/ec_dsp.pb.c
[ruby-ish:singleimage] [3/260] Generating misc/generated/syscalls_subdirs.trigger
[minimal-it8xxx2:ro] [3/253] Generating misc/generated/syscalls_subdirs.trigger
[dirks:rw] [276/372] Building C object zephyr/drivers/pinctrl/CMakeFiles/drivers__pinctrl.dir/common.c.obj
[dirks:rw] [277/372] Building C object zephyr/drivers/i2c/CMakeFiles/drivers__i2c.dir/i2c_shell.c.obj
[dirks:rw] [278/372] Building C object zephyr/drivers/i2c/CMakeFiles/drivers__i2c.dir/i2c_ite_enhance.c.obj
[dirks:rw] [279/372] Building C object zephyr/drivers/i2c/CMakeFiles/drivers__i2c.dir/i2c_ite_it8xxx2.c.obj
[dirks:rw] [280/372] Building C object zephyr/drivers/sensor/CMakeFiles/drivers__sensor.dir/mnt/host/source/src/third_party/zephyr/main/misc/empty_file.c.obj
[trulo-ti:ro] [16/417] Generating pw_transport.proto/nanopb/pw_transport/proto/transport.pb.h, pw_transport.proto/nanopb/pw_transport/proto/transport.pb.c
[craask:rw] [313/416] Building C object CMakeFiles/app.dir/mnt/host/source/src/platform/ec/build/zephyr/craask/modules/ec/common/lid_switch.c.obj
[dirks:rw] [281/372] Linking C static library zephyr/drivers/i2c/libdrivers__i2c.a
[dirks:rw] [282/372] Linking C static library zephyr/drivers/sensor/libdrivers__sensor.a
[minimal-it8xxx2:rw] [4/253] Generating misc/generated/syscalls.json, misc/generated/struct_tags.json
[craask:rw] [314/416] Building C object CMakeFiles/app.dir/mnt/host/source/src/platform/ec/build/zephyr/craask/modules/ec/common/lid_angle_keyboard_policy.c.obj
[dirks:rw] [283/372] Building C object zephyr/drivers/pinctrl/CMakeFiles/drivers__pinctrl.dir/pinctrl_ite_it8xxx2.c.obj
[dirks:rw] [284/372] Building C object zephyr/drivers/pwm/CMakeFiles/drivers__pwm.dir/pwm_shell.c.obj
[minimal-it8xxx2:rw] [5/253] Generating include/generated/zephyr/syscall_dispatch.c, include/generated/zephyr/syscall_exports_llext.c, syscall_weakdefs_llext.c, include/generated/zephyr/syscall_list.h
[dirks:rw] [285/372] Linking C static library zephyr/drivers/pinctrl/libdrivers__pinctrl.a
[trulo-ti:rw] [16/417] Generating pw_transport.proto/nanopb/pw_transport/proto/transport.pb.h, pw_transport.proto/nanopb/pw_transport/proto/transport.pb.c
[craask:rw] [315/416] Building C object CMakeFiles/app.dir/mnt/host/source/src/platform/ec/build/zephyr/craask/modules/ec/common/mkbp_event.c.obj
[craask:rw] [316/416] Building C object CMakeFiles/app.dir/mnt/host/source/src/platform/ec/build/zephyr/craask/modules/ec/common/motion_sense.c.obj
[minimal-it8xxx2:rw] [6/253] Generating include/generated/zephyr/driver-validation.h
[dirks:rw] [286/372] Building C object zephyr/drivers/pwm/CMakeFiles/drivers__pwm.dir/pwm_ite_it8xxx2.c.obj
[dirks:rw] [287/372] Linking C static library zephyr/drivers/pwm/libdrivers__pwm.a
[dirks:rw] [288/372] Building C object zephyr/drivers/sensor/ite/ite_vcmp_it8xxx2/CMakeFiles/drivers__sensor__ite__ite_vcmp_it8xxx2.dir/vcmp_ite_it8xxx2.c.obj
[ruby-ish:singleimage] [4/260] Generating misc/generated/syscalls.json, misc/generated/struct_tags.json
[minimal-it8xxx2:ro] [4/253] Generating misc/generated/syscalls.json, misc/generated/struct_tags.json
[minimal-it8xxx2:rw] [7/253] Generating include/generated/zephyr/kobj-types-enum.h, include/generated/zephyr/otype-to-str.h, include/generated/zephyr/otype-to-size.h
[dirks:rw] [289/372] Linking C static library zephyr/drivers/sensor/ite/ite_vcmp_it8xxx2/libdrivers__sensor__ite__ite_vcmp_it8xxx2.a
[minimal-it8xxx2:rw] [8/253] Generating include/generated/device-api-sections.ld, include/generated/device-api-sections.cmake
[dirks:rw] [290/372] Building C object zephyr/drivers/serial/CMakeFiles/drivers__serial.dir/uart_ite_it8xxx2.c.obj
[dirks:rw] [291/372] Building C object zephyr/drivers/timer/CMakeFiles/drivers__timer.dir/sys_clock_init.c.obj
[minimal-it8xxx2:ro] [5/253] Generating include/generated/zephyr/syscall_dispatch.c, include/generated/zephyr/syscall_exports_llext.c, syscall_weakdefs_llext.c, include/generated/zephyr/syscall_list.h
[ruby-ish:singleimage] [5/260] Generating include/generated/zephyr/syscall_dispatch.c, include/generated/zephyr/syscall_exports_llext.c, syscall_weakdefs_llext.c, include/generated/zephyr/syscall_list.h
[trulo-ti:ro] [17/417] Building C object zephyr/CMakeFiles/offsets.dir/arch/arm/core/offsets/offsets.c.obj
[dirks:rw] [292/372] Building C object zephyr/drivers/timer/CMakeFiles/drivers__timer.dir/ite_it8xxx2_timer.c.obj
[dirks:rw] [293/372] Building C object zephyr/drivers/serial/CMakeFiles/drivers__serial.dir/uart_ns16550.c.obj
[minimal-it8xxx2:ro] [6/253] Generating include/generated/zephyr/driver-validation.h
[ruby-ish:singleimage] [6/260] Generating include/generated/zephyr/driver-validation.h
[dirks:rw] [294/372] Linking C static library zephyr/drivers/serial/libdrivers__serial.a
[trulo-ti:ro] [18/417] Building C object zephyr/drivers/sensor/CMakeFiles/drivers__sensor.dir/mnt/host/source/src/third_party/zephyr/main/misc/empty_file.c.obj
[dirks:rw] [295/372] Linking C static library zephyr/drivers/timer/libdrivers__timer.a
[craask:rw] [317/416] Building C object CMakeFiles/app.dir/mnt/host/source/src/platform/ec/build/zephyr/craask/modules/ec/common/port80.c.obj
[craask:rw] [318/416] Building C object CMakeFiles/app.dir/mnt/host/source/src/platform/ec/build/zephyr/craask/modules/ec/common/power_button.c.obj
[minimal-it8xxx2:ro] [7/253] Generating include/generated/zephyr/kobj-types-enum.h, include/generated/zephyr/otype-to-str.h, include/generated/zephyr/otype-to-size.h
[dirks:rw] [296/372] Building C object zephyr/drivers/watchdog/CMakeFiles/drivers__watchdog.dir/wdt_ite_it8xxx2.c.obj
[minimal-it8xxx2:ro] [8/253] Generating include/generated/device-api-sections.ld, include/generated/device-api-sections.cmake
[trulo-ti:rw] [17/417] Building C object zephyr/CMakeFiles/offsets.dir/arch/arm/core/offsets/offsets.c.obj
[trulo-ti:ro] [19/417] Building C object modules/ec/zephyr/drivers/dsp_comms/CMakeFiles/dsp_comms.proto.nanopb.dir/dsp_comms.proto/nanopb/proto/ec_dsp.pb.c.obj
[ruby-ish:singleimage] [7/260] Generating include/generated/zephyr/kobj-types-enum.h, include/generated/zephyr/otype-to-str.h, include/generated/zephyr/otype-to-size.h
[minimal-it8xxx2:rw] [9/253] Building C object zephyr/CMakeFiles/offsets.dir/arch/riscv/core/offsets/offsets.c.obj
[ruby-ish:singleimage] [8/260] Generating include/generated/device-api-sections.ld, include/generated/device-api-sections.cmake
[dirks:rw] [297/372] Building C object zephyr/drivers/watchdog/CMakeFiles/drivers__watchdog.dir/wdt_shell.c.obj
[craask:rw] [319/416] Building C object CMakeFiles/app.dir/mnt/host/source/src/platform/ec/build/zephyr/craask/modules/ec/power/hibernate.c.obj
[trulo-ti:rw] [18/417] Building C object zephyr/drivers/sensor/CMakeFiles/drivers__sensor.dir/mnt/host/source/src/third_party/zephyr/main/misc/empty_file.c.obj
[trulo-ti:ro] [20/417] Building C object modules/ec/zephyr/drivers/pw_transport/CMakeFiles/pw_transport.proto.nanopb.dir/pw_transport.proto/nanopb/pw_transport/proto/transport.pb.c.obj
[dirks:rw] [298/372] Building C object modules/ec/zephyr/CMakeFiles/ec_shim.dir/app/ec/main_shim.c.obj
[ruby-ish:singleimage] [9/260] cd /mnt/host/source/src/platform/ec/build/zephyr/ruby-ish/build-singleimage/modules/ec/zephyr && PYTHONPATH=/mnt/host/source/src/platform/ec/build/zephyr/ruby-ish/modules/ec/zephyr/zmake/ /usr/bin/python3.11 /mnt/host/source/src/platform/ec/build/zephyr/ruby-ish/modules/ec/zephyr/zmake/zephyr_build_tools/generate_ec_version.py /mnt/host/source/src/platform/ec/build/zephyr/ruby-ish/build-singleimage/modules/ec/zephyr/include/ec_version.h --name Zephyr-Kernel --version 16543.0.0 --static
[ruby-ish:singleimage] INFO:root:Using a static version string
[dirks:rw] [299/372] Linking C static library zephyr/drivers/watchdog/libdrivers__watchdog.a
[minimal-it8xxx2:rw] [10/253] Generating include/generated/zephyr/offsets.h
[dirks:rw] [300/372] Building C object modules/ec/zephyr/CMakeFiles/ec_shim.dir/app/ec/ec_app_main.c.obj
[craask:rw] [320/416] Building C object CMakeFiles/app.dir/mnt/host/source/src/platform/ec/build/zephyr/craask/modules/ec/common/panic_output.c.obj
[trulo-ti:rw] [19/417] Building C object modules/ec/zephyr/drivers/dsp_comms/CMakeFiles/dsp_comms.proto.nanopb.dir/dsp_comms.proto/nanopb/proto/ec_dsp.pb.c.obj
[ruby-ish:singleimage] INFO:root:Version string: Zephyr-Kernel-16543.0.0
[ruby-ish:singleimage] INFO:root:Writing header to /mnt/host/source/src/platform/ec/build/zephyr/ruby-ish/build-singleimage/modules/ec/zephyr/include/ec_version.h
[ruby-ish:singleimage] [10/260] Building CXX object modules/pigweed/pw_build/CMakeFiles/pw_build.empty.dir/empty_file.cc.obj
[dirks:rw] [301/372] Building C object modules/ec/zephyr/CMakeFiles/ec_shim.dir/app/ec/chip/riscv/riscv-ite/it8xxx2-espi.c.obj
[ruby-ish:singleimage] [11/260] Generating pw_third_party.nanopb.proto/sources/nanopb.proto
[minimal-it8xxx2:ro] [9/253] Building C object zephyr/CMakeFiles/offsets.dir/arch/riscv/core/offsets/offsets.c.obj
[ruby-ish:singleimage] [12/260] Generating dsp_comms.proto/sources/proto/ec_dsp.proto, dsp_comms.proto/sources/proto/ec_dsp.options
[trulo-ti:rw] [20/417] Building C object modules/ec/zephyr/drivers/pw_transport/CMakeFiles/pw_transport.proto.nanopb.dir/pw_transport.proto/nanopb/pw_transport/proto/transport.pb.c.obj
[ruby-ish:singleimage] [13/260] Generating pw_transport.proto/sources/pw_transport/proto/transport.proto, pw_transport.proto/sources/pw_transport/proto/transport.options
[dirks:rw] [302/372] Building C object modules/ec/zephyr/CMakeFiles/ec_shim.dir/drivers/cec_counter/cec_counter.c.obj
[minimal-it8xxx2:ro] [10/253] Generating include/generated/zephyr/offsets.h
[dirks:rw] [303/372] Building C object modules/ec/zephyr/CMakeFiles/ec_shim.dir/drivers/cros_flash/cros_flash_it8xxx2.c.obj
[craask:rw] [321/416] Building C object CMakeFiles/app.dir/mnt/host/source/src/platform/ec/build/zephyr/craask/modules/ec/common/preserved_ring_buf.c.obj
[craask:rw] [322/416] Building C object CMakeFiles/app.dir/mnt/host/source/src/platform/ec/build/zephyr/craask/modules/ec/common/panic_log.c.obj
[craask:rw] [323/416] Building C object CMakeFiles/app.dir/mnt/host/source/src/platform/ec/build/zephyr/craask/modules/ec/common/sha256.c.obj
[dirks:rw] [304/372] Building C object modules/ec/zephyr/CMakeFiles/ec_shim.dir/shim/chip/it8xxx2/clock.c.obj
[minimal-it8xxx2:rw] [11/253] Building C object zephyr/CMakeFiles/zephyr.dir/lib/libc/validate_libc.c.obj
[ruby-ish:singleimage] [14/260] Generating /mnt/host/source/src/platform/ec/build/zephyr/ruby-ish/modules/nanopb/generator/proto/nanopb_pb2.py
[dirks:rw] [305/372] Building C object modules/ec/zephyr/CMakeFiles/ec_shim.dir/shim/src/crc.c.obj
[dirks:rw] [306/372] Building C object modules/ec/zephyr/CMakeFiles/ec_shim.dir/drivers/cros_system/cros_system_it8xxx2.c.obj
[minimal-it8xxx2:ro] [11/253] Building C object zephyr/CMakeFiles/zephyr.dir/lib/libc/validate_libc.c.obj
[dirks:rw] [307/372] Building C object modules/ec/zephyr/CMakeFiles/ec_shim.dir/shim/chip/it8xxx2/system.c.obj
[craask:rw] [324/416] Building C object CMakeFiles/app.dir/mnt/host/source/src/platform/ec/build/zephyr/craask/modules/ec/common/shared_mem.c.obj
[dirks:rw] [308/372] Building C object modules/ec/zephyr/CMakeFiles/ec_shim.dir/shim/chip/it8xxx2/gpio.c.obj
[dirks:rw] [309/372] Building C object modules/ec/zephyr/CMakeFiles/ec_shim.dir/shim/chip/it8xxx2/power_policy.c.obj
[minimal-it8xxx2:rw] [12/253] Building C object zephyr/CMakeFiles/zephyr.dir/lib/heap/heap.c.obj
[dirks:rw] [310/372] Building C object modules/ec/zephyr/CMakeFiles/ec_shim.dir/shim/src/console.c.obj
[minimal-it8xxx2:ro] [12/253] Building C object zephyr/CMakeFiles/zephyr.dir/lib/heap/heap.c.obj
[dirks:rw] [311/372] Building C object modules/ec/zephyr/CMakeFiles/ec_shim.dir/shim/src/gpio_int.c.obj
[ruby-ish:singleimage] [15/260] Generating dsp_comms.proto/nanopb/proto/ec_dsp.pb.h, dsp_comms.proto/nanopb/proto/ec_dsp.pb.c
[craask:rw] [325/416] Building C object CMakeFiles/app.dir/mnt/host/source/src/platform/ec/build/zephyr/craask/modules/ec/common/switch.c.obj
[dirks:rw] [312/372] Building C object modules/ec/zephyr/CMakeFiles/ec_shim.dir/shim/src/gpio.c.obj
[craask:rw] [326/416] Building C object CMakeFiles/app.dir/mnt/host/source/src/platform/ec/build/zephyr/craask/modules/ec/common/spi_flash_reg.c.obj
[dirks:rw] [313/372] Building C object modules/ec/zephyr/CMakeFiles/ec_shim.dir/shim/src/panic_utils.c.obj
[craask:rw] [327/416] Building C object CMakeFiles/app.dir/mnt/host/source/src/platform/ec/build/zephyr/craask/modules/ec/driver/stm_mems_common.c.obj
[dirks:rw] [314/372] Building C object modules/ec/zephyr/CMakeFiles/ec_shim.dir/shim/src/pm_state.c.obj
[dirks:rw] [315/372] Building C object modules/ec/zephyr/CMakeFiles/ec_shim.dir/shim/src/cbi/cros_cbi.c.obj
[minimal-it8xxx2:rw] [13/253] Building C object zephyr/CMakeFiles/zephyr.dir/lib/os/cbprintf_packaged.c.obj
[craask:rw] [328/416] Building C object CMakeFiles/app.dir/mnt/host/source/src/platform/ec/build/zephyr/craask/modules/ec/common/tablet_mode.c.obj
[minimal-it8xxx2:ro] [13/253] Building C object zephyr/CMakeFiles/zephyr.dir/lib/os/cbprintf_packaged.c.obj
[trulo-ti:ro] [21/417] Building CXX object modules/ec/zephyr/shim/src/CMakeFiles/platform_ec_log.tokenized_handler.dir/pw_log_zephyr_tokenized.cc.obj
[ruby-ish:singleimage] [16/260] Generating pw_transport.proto/nanopb/pw_transport/proto/transport.pb.h, pw_transport.proto/nanopb/pw_transport/proto/transport.pb.c
[dirks:rw] [316/372] Building C object modules/ec/zephyr/CMakeFiles/ec_shim.dir/shim/src/cbi/cros_cbi_fw_config.c.obj
[dirks:rw] [317/372] Building C object modules/ec/zephyr/CMakeFiles/ec_shim.dir/shim/src/system.c.obj
[dirks:rw] [318/372] Building C object modules/ec/zephyr/CMakeFiles/ec_shim.dir/shim/src/cbi/cbi_eeprom.c.obj
[trulo-ti:rw] [21/417] Building CXX object modules/ec/zephyr/shim/src/CMakeFiles/platform_ec_log.tokenized_handler.dir/pw_log_zephyr_tokenized.cc.obj
[dirks:rw] [319/372] Building C object modules/ec/zephyr/CMakeFiles/ec_shim.dir/shim/src/cec.c.obj
[dirks:rw] [320/372] Building C object modules/ec/zephyr/CMakeFiles/ec_shim.dir/shim/src/adc.c.obj
[craask:rw] [329/416] Building C object CMakeFiles/app.dir/mnt/host/source/src/platform/ec/build/zephyr/craask/modules/ec/common/thermal.c.obj
[dirks:rw] [321/372] Building C object modules/ec/zephyr/CMakeFiles/ec_shim.dir/shim/src/cec_bitbang.c.obj
[ruby-ish:singleimage] [17/260] Building C object zephyr/CMakeFiles/offsets.dir/arch/x86/core/offsets/offsets.c.obj
[minimal-it8xxx2:rw] [14/253] Building C object zephyr/CMakeFiles/zephyr.dir/lib/os/clock.c.obj
[minimal-it8xxx2:ro] [14/253] Building C object zephyr/CMakeFiles/zephyr.dir/lib/os/clock.c.obj
[craask:rw] [330/416] Building C object CMakeFiles/app.dir/mnt/host/source/src/platform/ec/build/zephyr/craask/modules/ec/common/temp_sensor.c.obj
[ruby-ish:singleimage] [18/260] Building C object zephyr/drivers/syscon/CMakeFiles/drivers__syscon.dir/mnt/host/source/src/third_party/zephyr/main/misc/empty_file.c.obj
[craask:rw] [331/416] Building C object CMakeFiles/app.dir/mnt/host/source/src/platform/ec/build/zephyr/craask/modules/ec/driver/temp_sensor/thermistor.c.obj
[dirks:rw] [322/372] Building C object modules/ec/zephyr/CMakeFiles/ec_shim.dir/shim/src/chipset_api.c.obj
[craask:rw] [332/416] Building C object CMakeFiles/app.dir/mnt/host/source/src/platform/ec/build/zephyr/craask/modules/ec/common/throttle_ap.c.obj
[ruby-ish:singleimage] [19/260] Building C object modules/ec/zephyr/drivers/dsp_comms/CMakeFiles/dsp_comms.proto.nanopb.dir/dsp_comms.proto/nanopb/proto/ec_dsp.pb.c.obj
[minimal-it8xxx2:rw] [15/253] Building C object zephyr/CMakeFiles/zephyr.dir/lib/os/printk.c.obj
[dirks:rw] [323/372] Building C object modules/ec/zephyr/CMakeFiles/ec_shim.dir/shim/src/espi.c.obj
[ruby-ish:singleimage] [20/260] Building C object modules/ec/zephyr/drivers/pw_transport/CMakeFiles/pw_transport.proto.nanopb.dir/pw_transport.proto/nanopb/pw_transport/proto/transport.pb.c.obj
[minimal-it8xxx2:ro] [15/253] Building C object zephyr/CMakeFiles/zephyr.dir/lib/os/printk.c.obj
[dirks:rw] [324/372] Building C object modules/ec/zephyr/CMakeFiles/ec_shim.dir/shim/src/flash.c.obj
[dirks:rw] [325/372] Building C object modules/ec/zephyr/CMakeFiles/ec_shim.dir/shim/src/host_command.c.obj
[trulo-ti:ro] [22/417] Building CXX object modules/pigweed/pw_base64/CMakeFiles/pw_base64.dir/base64.cc.obj
[dirks:rw] [326/372] Building C object modules/ec/zephyr/CMakeFiles/ec_shim.dir/shim/src/console_buffer.c.obj
[dirks:rw] [327/372] Building C object modules/ec/zephyr/CMakeFiles/ec_shim.dir/shim/src/hooks.c.obj
[craask:rw] [333/416] Building C object CMakeFiles/app.dir/mnt/host/source/src/platform/ec/build/zephyr/craask/modules/ec/common/timer.c.obj
[craask:rw] [334/416] Building C object CMakeFiles/app.dir/mnt/host/source/src/platform/ec/build/zephyr/craask/modules/ec/common/usb_charger.c.obj
[dirks:rw] [328/372] Building C object modules/ec/zephyr/CMakeFiles/ec_shim.dir/shim/src/mkbp_event.c.obj
[ruby-ish:singleimage] [21/260] Building CXX object modules/pigweed/pw_log_zephyr/CMakeFiles/pw_log_zephyr.dir/log_zephyr.cc.obj
[minimal-it8xxx2:rw] [16/253] Building C object zephyr/CMakeFiles/zephyr.dir/lib/os/sem.c.obj
[ruby-ish:singleimage] [22/260] Linking CXX static library modules/pigweed/pw_log_zephyr/libpw_log_zephyr.a
[trulo-ti:rw] [22/417] Building CXX object modules/pigweed/pw_base64/CMakeFiles/pw_base64.dir/base64.cc.obj
[craask:rw] [335/416] Building C object CMakeFiles/app.dir/mnt/host/source/src/platform/ec/build/zephyr/craask/modules/ec/common/usb_port_power_smart.c.obj
[minimal-it8xxx2:ro] [16/253] Building C object zephyr/CMakeFiles/zephyr.dir/lib/os/sem.c.obj
[ruby-ish:singleimage] [23/260] Linking CXX static library modules/ec/zephyr/drivers/pw_transport/libpw_transport.proto.nanopb.a
[ruby-ish:singleimage] [24/260] Linking CXX static library modules/ec/zephyr/drivers/dsp_comms/libdsp_comms.proto.nanopb.a
[dirks:rw] [329/372] Building C object modules/ec/zephyr/CMakeFiles/ec_shim.dir/shim/src/panic.c.obj
[craask:rw] [336/416] Building C object CMakeFiles/app.dir/mnt/host/source/src/platform/ec/build/zephyr/craask/modules/ec/common/typec_control.c.obj
[dirks:rw] [330/372] Building C object modules/ec/zephyr/CMakeFiles/ec_shim.dir/shim/src/hwtimer.c.obj
[dirks:rw] [331/372] Building C object modules/ec/zephyr/CMakeFiles/ec_shim.dir/shim/src/thermal.c.obj
[ruby-ish:singleimage] [25/260] Generating include/generated/zephyr/offsets.h
[dirks:rw] [332/372] Building C object modules/ec/zephyr/CMakeFiles/ec_shim.dir/shim/src/temp_sensors.c.obj
[/mnt/host/source/src/platform/ec/build/zephyr/dooku-lcov]   /mnt/host/source/src/platform/ec/build/zephyr/dooku/build-rw/zephyr/CMakeFiles/zephyr.dir/soc/ite/ec/it8xxx2/check_regs.c.gcno:no functions found
[/mnt/host/source/src/platform/ec/build/zephyr/dooku-lcov] stderr:
[dirks:rw] [333/372] Building C object modules/ec/zephyr/CMakeFiles/ec_shim.dir/shim/src/i2c.c.obj
[minimal-it8xxx2:rw] [17/253] Building C object zephyr/CMakeFiles/zephyr.dir/lib/os/thread_entry.c.obj
[minimal-it8xxx2:ro] [17/253] Building C object zephyr/CMakeFiles/zephyr.dir/lib/os/thread_entry.c.obj
[dirks:rw] [334/372] Building C object modules/ec/zephyr/CMakeFiles/ec_shim.dir/shim/src/tasks.c.obj
[craask:rw] [337/416] Building C object CMakeFiles/app.dir/mnt/host/source/src/platform/ec/build/zephyr/craask/modules/ec/common/usb_pd_pdo.c.obj
[ruby-ish:singleimage] [26/260] Building C object CMakeFiles/app.dir/mnt/host/source/src/platform/ec/zephyr/subsys/ap_pwrseq/ap_events.c.obj
[craask:rw] [338/416] Building C object CMakeFiles/app.dir/mnt/host/source/src/platform/ec/build/zephyr/craask/modules/ec/common/usb_common.c.obj
[dirks:rw] [335/372] Building C object modules/ec/zephyr/CMakeFiles/ec_shim.dir/shim/src/ppc.c.obj
[dirks:rw] [336/372] Building C object modules/ec/zephyr/CMakeFiles/ec_shim.dir/shim/src/watchdog.c.obj
[dirks:rw] [337/372] Building C object modules/ec/zephyr/CMakeFiles/ec_shim.dir/shim/src/usba.c.obj
[minimal-it8xxx2:rw] [18/253] Building C object zephyr/CMakeFiles/zephyr.dir/lib/os/cbprintf_nano.c.obj
[dirks:rw] [338/372] Building C object modules/ec/zephyr/CMakeFiles/ec_shim.dir/shim/src/power_host_sleep_api.c.obj
[craask:rw] [339/416] Building C object CMakeFiles/app.dir/mnt/host/source/src/platform/ec/build/zephyr/craask/modules/ec/common/usbc/usbc_task.c.obj
[craask:rw] [340/416] Building C object CMakeFiles/app.dir/mnt/host/source/src/platform/ec/build/zephyr/craask/modules/ec/common/usbc/usb_pd_timer.c.obj
[trulo-ti:ro] [23/417] Building CXX object modules/pigweed/pw_bytes/CMakeFiles/pw_bytes.dir/byte_builder.cc.obj
[minimal-it8xxx2:ro] [18/253] Building C object zephyr/CMakeFiles/zephyr.dir/lib/os/cbprintf_nano.c.obj
[dirks:rw] [339/372] Building C object modules/ec/zephyr/CMakeFiles/ec_shim.dir/shim/src/usb_muxes.c.obj
[dirks:rw] [340/372] Building C object zephyr/kernel/CMakeFiles/kernel.dir/main_weak.c.obj
[ruby-ish:singleimage] [27/260] Building C object CMakeFiles/app.dir/mnt/host/source/src/platform/ec/build/zephyr/ruby-ish/modules/ec/builtin/stdlib.c.obj
[dirks:rw] [341/372] Linking C static library modules/ec/zephyr/libec_shim.a
[trulo-ti:ro] [24/417] Building CXX object modules/pigweed/pw_containers/CMakeFiles/pw_containers.intrusive_item.dir/intrusive_item.cc.obj
[dirks:rw] [342/372] Building C object zephyr/kernel/CMakeFiles/kernel.dir/banner.c.obj
[dirks:rw] [343/372] Building C object zephyr/kernel/CMakeFiles/kernel.dir/busy_wait.c.obj
[craask:rw] [341/416] Building C object CMakeFiles/app.dir/mnt/host/source/src/platform/ec/build/zephyr/craask/modules/ec/common/usbc/usb_sm.c.obj
[minimal-it8xxx2:ro] [19/253] Building C object zephyr/CMakeFiles/zephyr.dir/lib/os/cbprintf.c.obj
[dirks:rw] [344/372] Building C object zephyr/kernel/CMakeFiles/kernel.dir/errno.c.obj
[minimal-it8xxx2:rw] [19/253] Building C object zephyr/CMakeFiles/zephyr.dir/lib/os/cbprintf.c.obj
[trulo-ti:rw] [23/417] Building CXX object modules/pigweed/pw_bytes/CMakeFiles/pw_bytes.dir/byte_builder.cc.obj
[dirks:rw] [345/372] Building C object zephyr/kernel/CMakeFiles/kernel.dir/device.c.obj
[ruby-ish:singleimage] [28/260] Building C object CMakeFiles/app.dir/mnt/host/source/src/platform/ec/build/zephyr/ruby-ish/modules/ec/common/base32.c.obj
[craask:rw] [342/416] Building C object CMakeFiles/app.dir/mnt/host/source/src/platform/ec/build/zephyr/craask/modules/ec/common/usb_pd_flags.c.obj
[dirks:rw] [346/372] Building C object zephyr/kernel/CMakeFiles/kernel.dir/version.c.obj
[dirks:rw] [347/372] Building C object zephyr/kernel/CMakeFiles/kernel.dir/fatal.c.obj
[craask:rw] [343/416] Building C object CMakeFiles/app.dir/mnt/host/source/src/platform/ec/build/zephyr/craask/modules/ec/common/usbc_utils.c.obj
[craask:rw] [344/416] Building C object CMakeFiles/app.dir/mnt/host/source/src/platform/ec/build/zephyr/craask/modules/ec/common/usbc_intr_task.c.obj
[trulo-ti:rw] [24/417] Building CXX object modules/pigweed/pw_containers/CMakeFiles/pw_containers.intrusive_item.dir/intrusive_item.cc.obj
[dirks:rw] [348/372] Building C object zephyr/kernel/CMakeFiles/kernel.dir/init.c.obj
[dirks:rw] [349/372] Building C object zephyr/kernel/CMakeFiles/kernel.dir/kheap.c.obj
[minimal-it8xxx2:ro] [20/253] Building C object zephyr/CMakeFiles/zephyr.dir/lib/os/assert.c.obj
[dirks:rw] [350/372] Building C object zephyr/kernel/CMakeFiles/kernel.dir/float.c.obj
[dirks:rw] [351/372] Building C object zephyr/kernel/CMakeFiles/kernel.dir/mem_slab.c.obj
[minimal-it8xxx2:rw] [20/253] Building C object zephyr/CMakeFiles/zephyr.dir/lib/os/assert.c.obj
[ruby-ish:singleimage] [29/260] Building C object CMakeFiles/app.dir/mnt/host/source/src/platform/ec/build/zephyr/ruby-ish/modules/ec/common/console_output.c.obj
[dirks:rw] [352/372] Building C object zephyr/kernel/CMakeFiles/kernel.dir/idle.c.obj
[craask:rw] [345/416] Building C object CMakeFiles/app.dir/mnt/host/source/src/platform/ec/build/zephyr/craask/modules/ec/common/chargen.c.obj
[minimal-it8xxx2:ro] [21/253] Building C object zephyr/CMakeFiles/zephyr.dir/lib/utils/dec.c.obj
[minimal-it8xxx2:rw] [21/253] Building C object zephyr/CMakeFiles/zephyr.dir/lib/utils/dec.c.obj
[dirks:rw] [353/372] Building C object zephyr/kernel/CMakeFiles/kernel.dir/msg_q.c.obj
[dirks:rw] [354/372] Building C object zephyr/kernel/CMakeFiles/kernel.dir/mailbox.c.obj
[minimal-it8xxx2:ro] [22/253] Building C object zephyr/CMakeFiles/zephyr.dir/lib/utils/hex.c.obj
[dirks:rw] [355/372] Building C object zephyr/kernel/CMakeFiles/kernel.dir/mutex.c.obj
[minimal-it8xxx2:rw] [22/253] Building C object zephyr/CMakeFiles/zephyr.dir/lib/utils/hex.c.obj
[craask:rw] [346/416] Building C object CMakeFiles/app.dir/mnt/host/source/src/platform/ec/build/zephyr/craask/modules/ec/common/usbc/usb_pd_console.c.obj
[dirks:rw] [356/372] Building C object zephyr/kernel/CMakeFiles/kernel.dir/sem.c.obj
[trulo-ti:ro] [25/417] Building CXX object modules/pigweed/pw_log_tokenized/CMakeFiles/pw_log_tokenized.dir/log_tokenized.cc.obj
[craask:rw] [347/416] Building C object CMakeFiles/app.dir/mnt/host/source/src/platform/ec/build/zephyr/craask/modules/ec/driver/usb_mux/usb_mux.c.obj
[ruby-ish:singleimage] [30/260] Building C object CMakeFiles/app.dir/mnt/host/source/src/platform/ec/build/zephyr/ruby-ish/modules/ec/common/ec_features.c.obj
[trulo-ti:ro] [26/417] Building CXX object modules/pigweed/pw_status/CMakeFiles/pw_status.dir/status.cc.obj
[dirks:rw] [357/372] Building C object zephyr/kernel/CMakeFiles/kernel.dir/queue.c.obj
[craask:rw] [348/416] Building C object CMakeFiles/app.dir/mnt/host/source/src/platform/ec/build/zephyr/craask/modules/ec/driver/retimer/anx7483.c.obj
[dirks:rw] [358/372] Building C object zephyr/kernel/CMakeFiles/kernel.dir/stack.c.obj
[minimal-it8xxx2:ro] [23/253] Building C object zephyr/CMakeFiles/zephyr.dir/lib/utils/rb.c.obj
[dirks:rw] [359/372] Building C object zephyr/kernel/CMakeFiles/kernel.dir/system_work_q.c.obj
[dirks:rw] [360/372] Building C object zephyr/kernel/CMakeFiles/kernel.dir/condvar.c.obj
[craask:rw] [349/416] Building C object CMakeFiles/app.dir/mnt/host/source/src/platform/ec/build/zephyr/craask/modules/ec/driver/usb_mux/virtual.c.obj
[minimal-it8xxx2:rw] [23/253] Building C object zephyr/CMakeFiles/zephyr.dir/lib/utils/rb.c.obj
[dirks:rw] [361/372] Building C object zephyr/kernel/CMakeFiles/kernel.dir/work.c.obj
[trulo-ti:rw] [25/417] Building CXX object modules/pigweed/pw_log_tokenized/CMakeFiles/pw_log_tokenized.dir/log_tokenized.cc.obj
[dirks:rw] [362/372] Building C object zephyr/kernel/CMakeFiles/kernel.dir/thread.c.obj
[minimal-it8xxx2:ro] [24/253] Building C object zephyr/CMakeFiles/zephyr.dir/lib/utils/timeutil.c.obj
[ruby-ish:singleimage] [31/260] Building C object CMakeFiles/app.dir/mnt/host/source/src/platform/ec/build/zephyr/ruby-ish/modules/ec/common/gpio_commands.c.obj
[/mnt/host/source/src/platform/ec/build/zephyr/dooku-lcov]   /mnt/host/source/src/platform/ec/build/zephyr/dooku/build-rw/zephyr/drivers/syscon/CMakeFiles/drivers__syscon.dir/mnt/host/source/src/third_party/zephyr/main/misc/empty_file.c.gcno:no functions found
[/mnt/host/source/src/platform/ec/build/zephyr/dooku-lcov] Filter suppressions 'region':
[trulo-ti:rw] [26/417] Building CXX object modules/pigweed/pw_status/CMakeFiles/pw_status.dir/status.cc.obj
[dirks:rw] [363/372] Building C object zephyr/kernel/CMakeFiles/kernel.dir/pipe.c.obj
[minimal-it8xxx2:rw] [24/253] Building C object zephyr/CMakeFiles/zephyr.dir/lib/utils/timeutil.c.obj
[/mnt/host/source/src/platform/ec/build/zephyr/dooku-lcov]     37 instances
[/mnt/host/source/src/platform/ec/build/zephyr/dooku-lcov]     26 coverpoints
[/mnt/host/source/src/platform/ec/build/zephyr/dooku-lcov] Message summary:
[/mnt/host/source/src/platform/ec/build/zephyr/dooku-lcov]   29 ignore messages:
[/mnt/host/source/src/platform/ec/build/zephyr/dooku-lcov]     gcov: 29
[dirks:rw] [364/372] Building C object zephyr/kernel/CMakeFiles/kernel.dir/thread_monitor.c.obj
[dirks:rw] [365/372] Building C object zephyr/kernel/CMakeFiles/kernel.dir/sched.c.obj
[craask:rw] [350/416] Building C object CMakeFiles/app.dir/mnt/host/source/src/platform/ec/build/zephyr/craask/modules/ec/common/usbc/usb_tc_drp_acc_trysrc_sm.c.obj
[dirks:rw] [366/372] Building C object zephyr/kernel/CMakeFiles/kernel.dir/timeout.c.obj
[minimal-it8xxx2:rw] [25/253] Building C object zephyr/CMakeFiles/zephyr.dir/lib/utils/bitmask.c.obj
[ruby-ish:singleimage] [32/260] Building C object CMakeFiles/app.dir/mnt/host/source/src/platform/ec/build/zephyr/ruby-ish/modules/ec/common/peripheral.c.obj
[minimal-it8xxx2:ro] [25/253] Building C object zephyr/CMakeFiles/zephyr.dir/lib/utils/bitarray.c.obj
[dirks:rw] [367/372] Building C object zephyr/kernel/CMakeFiles/kernel.dir/timer.c.obj
[craask:rw] [351/416] Building C object CMakeFiles/app.dir/mnt/host/source/src/platform/ec/build/zephyr/craask/modules/ec/common/usbc/usb_prl_sm.c.obj
[dirks:rw] [368/372] Building C object zephyr/kernel/CMakeFiles/kernel.dir/poll.c.obj
[dirks:rw] [369/372] Building C object zephyr/kernel/CMakeFiles/kernel.dir/events.c.obj
[minimal-it8xxx2:ro] [26/253] Building C object zephyr/CMakeFiles/zephyr.dir/lib/utils/bitmask.c.obj
[dirks:rw] [370/372] Building C object zephyr/kernel/CMakeFiles/kernel.dir/mempool.c.obj
[minimal-it8xxx2:rw] [26/253] Building C object zephyr/CMakeFiles/zephyr.dir/lib/utils/bitarray.c.obj
[craask:rw] [352/416] Building C object CMakeFiles/app.dir/mnt/host/source/src/platform/ec/build/zephyr/craask/modules/ec/common/usbc/usb_pe_drp_sm.c.obj
[dirks:rw] [371/372] Building C object zephyr/kernel/CMakeFiles/kernel.dir/dynamic_disabled.c.obj
[craask:rw] [353/416] Building C object CMakeFiles/app.dir/mnt/host/source/src/platform/ec/build/zephyr/craask/modules/ec/common/usbc/usb_pd_dpm.c.obj
[minimal-it8xxx2:rw] [27/253] Building C object zephyr/CMakeFiles/zephyr.dir/lib/utils/last_section_id.c.obj
[minimal-it8xxx2:rw] [28/253] Building C object zephyr/CMakeFiles/zephyr.dir/lib/utils/getopt/getopt.c.obj
[ruby-ish:singleimage] [33/260] Building C object CMakeFiles/app.dir/mnt/host/source/src/platform/ec/build/zephyr/ruby-ish/modules/ec/common/printf.c.obj
[minimal-it8xxx2:rw] [29/253] Building C object zephyr/CMakeFiles/zephyr.dir/lib/utils/ring_buffer.c.obj
[trulo-ti:ro] [27/417] Building CXX object modules/pigweed/pw_tokenizer/CMakeFiles/pw_tokenizer.dir/encode_args.cc.obj
[minimal-it8xxx2:rw] [30/253] Building C object zephyr/CMakeFiles/zephyr.dir/lib/utils/getopt/getopt_common.c.obj
[minimal-it8xxx2:rw] [31/253] Building C object zephyr/CMakeFiles/zephyr.dir/misc/generated/configs.c.obj
[dirks:rw] [372/372] Linking C static library zephyr/kernel/libkernel.a
[minimal-it8xxx2:ro] [27/253] Building C object zephyr/CMakeFiles/zephyr.dir/lib/utils/getopt/getopt.c.obj
[minimal-it8xxx2:rw] [32/253] Building ASM object zephyr/CMakeFiles/zephyr.dir/soc/ite/ec/common/soc_irq.S.obj
[minimal-it8xxx2:ro] [28/253] Building C object zephyr/CMakeFiles/zephyr.dir/lib/utils/getopt/getopt_common.c.obj
[minimal-it8xxx2:ro] [29/253] Building C object zephyr/CMakeFiles/zephyr.dir/lib/utils/last_section_id.c.obj
[ruby-ish:singleimage] [34/260] Building C object CMakeFiles/app.dir/mnt/host/source/src/platform/ec/build/zephyr/ruby-ish/modules/ec/common/queue.c.obj
[craask:rw] [354/416] Building C object CMakeFiles/app.dir/mnt/host/source/src/platform/ec/build/zephyr/craask/modules/ec/common/usbc/usbc_pd_policy.c.obj
[trulo-ti:rw] [27/417] Building CXX object modules/pigweed/pw_tokenizer/CMakeFiles/pw_tokenizer.dir/hash.cc.obj
[minimal-it8xxx2:rw] [33/253] Building C object zephyr/CMakeFiles/zephyr.dir/soc/ite/ec/common/soc_common_irq.c.obj
[minimal-it8xxx2:ro] [30/253] Building C object zephyr/CMakeFiles/zephyr.dir/misc/generated/configs.c.obj
[minimal-it8xxx2:ro] [31/253] Building C object zephyr/CMakeFiles/zephyr.dir/lib/utils/ring_buffer.c.obj
[craask:rw] [355/416] Building C object CMakeFiles/app.dir/mnt/host/source/src/platform/ec/build/zephyr/craask/modules/ec/common/usbc/dp_alt_mode.c.obj
[trulo-ti:ro] [28/417] Building CXX object modules/pigweed/pw_tokenizer/CMakeFiles/pw_tokenizer.dir/hash.cc.obj
[trulo-ti:rw] [28/417] Building CXX object modules/pigweed/pw_tokenizer/CMakeFiles/pw_tokenizer.dir/encode_args.cc.obj
[minimal-it8xxx2:rw] [34/253] Building C object zephyr/CMakeFiles/zephyr.dir/soc/ite/ec/common/policy.c.obj
[ruby-ish:singleimage] [35/260] Building C object CMakeFiles/app.dir/mnt/host/source/src/platform/ec/build/zephyr/ruby-ish/modules/ec/common/system.c.obj
[minimal-it8xxx2:ro] [32/253] Building ASM object zephyr/CMakeFiles/zephyr.dir/soc/ite/ec/common/soc_irq.S.obj
[minimal-it8xxx2:rw] [35/253] Building C object zephyr/CMakeFiles/zephyr.dir/soc/ite/ec/common/power.c.obj
[minimal-it8xxx2:rw] [36/253] Building ASM object zephyr/CMakeFiles/zephyr.dir/soc/ite/ec/it8xxx2/__arithmetic.S.obj
[minimal-it8xxx2:rw] [37/253] Building C object zephyr/CMakeFiles/zephyr.dir/soc/ite/ec/it8xxx2/soc.c.obj
[craask:rw] [356/416] Building C object CMakeFiles/app.dir/mnt/host/source/src/platform/ec/build/zephyr/craask/modules/ec/common/usb_pd_console_cmd.c.obj
[minimal-it8xxx2:rw] [38/253] Building C object zephyr/CMakeFiles/zephyr.dir/soc/ite/ec/it8xxx2/check_regs.c.obj
[ruby-ish:singleimage] [36/260] Building C object CMakeFiles/app.dir/mnt/host/source/src/platform/ec/build/zephyr/ruby-ish/modules/ec/common/system_boot_time.c.obj
[craask:rw] [357/416] Building C object CMakeFiles/app.dir/mnt/host/source/src/platform/ec/build/zephyr/craask/modules/ec/common/usb_pd_host_cmd.c.obj
[minimal-it8xxx2:ro] [33/253] Building C object zephyr/CMakeFiles/zephyr.dir/soc/ite/ec/common/power.c.obj
[minimal-it8xxx2:ro] [34/253] Building C object zephyr/CMakeFiles/zephyr.dir/soc/ite/ec/common/soc_common_irq.c.obj
[minimal-it8xxx2:rw] [39/253] Building ASM object zephyr/CMakeFiles/zephyr.dir/soc/ite/ec/it8xxx2/vector.S.obj
[ruby-ish:singleimage] [37/260] Building C object CMakeFiles/app.dir/mnt/host/source/src/platform/ec/build/zephyr/ruby-ish/modules/ec/common/uart_printf.c.obj
[minimal-it8xxx2:ro] [35/253] Building C object zephyr/CMakeFiles/zephyr.dir/soc/ite/ec/common/policy.c.obj
[craask:rw] [358/416] Building C object CMakeFiles/app.dir/mnt/host/source/src/platform/ec/build/zephyr/craask/modules/ec/common/usbc/usb_pd_host.c.obj
[minimal-it8xxx2:rw] [40/253] Building C object zephyr/CMakeFiles/zephyr.dir/subsys/pm/pm.c.obj
[minimal-it8xxx2:rw] [41/253] Building C object zephyr/CMakeFiles/zephyr.dir/subsys/pm/state.c.obj
[minimal-it8xxx2:rw] [42/253] Building C object zephyr/CMakeFiles/zephyr.dir/soc/ite/ec/it8xxx2/ilm.c.obj
[ruby-ish:singleimage] [38/260] Building C object CMakeFiles/app.dir/mnt/host/source/src/platform/ec/build/zephyr/ruby-ish/modules/ec/common/util.c.obj
[minimal-it8xxx2:ro] [36/253] Building C object zephyr/CMakeFiles/zephyr.dir/soc/ite/ec/it8xxx2/soc.c.obj
[minimal-it8xxx2:ro] [37/253] Building C object zephyr/CMakeFiles/zephyr.dir/soc/ite/ec/it8xxx2/check_regs.c.obj
[minimal-it8xxx2:rw] [43/253] Building C object zephyr/CMakeFiles/zephyr.dir/subsys/logging/log_minimal.c.obj
[craask:rw] [359/416] Building C object CMakeFiles/app.dir/mnt/host/source/src/platform/ec/build/zephyr/craask/modules/ec/zephyr/shim/src/tcpc.c.obj
[minimal-it8xxx2:ro] [38/253] Building ASM object zephyr/CMakeFiles/zephyr.dir/soc/ite/ec/it8xxx2/__arithmetic.S.obj
[ruby-ish:singleimage] [39/260] Building C object CMakeFiles/app.dir/mnt/host/source/src/platform/ec/build/zephyr/ruby-ish/modules/ec/common/version.c.obj
[minimal-it8xxx2:ro] [39/253] Building ASM object zephyr/CMakeFiles/zephyr.dir/soc/ite/ec/it8xxx2/vector.S.obj
[trulo-ti:rw] [29/417] Building CXX object modules/pigweed/pw_tokenizer/CMakeFiles/pw_tokenizer.base64.dir/base64.cc.obj
[craask:rw] [360/416] Building C object CMakeFiles/app.dir/mnt/host/source/src/platform/ec/build/zephyr/craask/modules/ec/common/usbc/svdm_rsp_dfp_only.c.obj
[minimal-it8xxx2:rw] [44/253] Building C object zephyr/CMakeFiles/zephyr.dir/subsys/pm/policy/policy_state_lock.c.obj
[craask:rw] [361/416] Building C object CMakeFiles/app.dir/mnt/host/source/src/platform/ec/build/zephyr/craask/modules/ec/common/usb_pd_host_cmd_common.c.obj
[minimal-it8xxx2:rw] [45/253] Building C object zephyr/CMakeFiles/zephyr.dir/subsys/pm/policy/policy_latency.c.obj
[minimal-it8xxx2:rw] [46/253] Building C object zephyr/CMakeFiles/zephyr.dir/subsys/pm/policy/policy_events.c.obj
[trulo-ti:ro] [29/417] Building CXX object modules/pigweed/pw_tokenizer/CMakeFiles/pw_tokenizer.dir/tokenize.cc.obj
[trulo-ti:rw] [30/417] Building CXX object modules/pigweed/pw_tokenizer/CMakeFiles/pw_tokenizer.dir/tokenize.cc.obj
[ruby-ish:singleimage] [40/260] Building C object CMakeFiles/app.dir/mnt/host/source/src/platform/ec/build/zephyr/ruby-ish/modules/ec/common/motion_sense_fifo.c.obj
[minimal-it8xxx2:ro] [40/253] Building C object zephyr/CMakeFiles/zephyr.dir/soc/ite/ec/it8xxx2/ilm.c.obj
[minimal-it8xxx2:rw] [47/253] Building C object zephyr/CMakeFiles/zephyr.dir/subsys/pm/device.c.obj
[craask:rw] [362/416] Building C object CMakeFiles/app.dir/mnt/host/source/src/platform/ec/build/zephyr/craask/modules/ec/common/usbc_ocp.c.obj
[minimal-it8xxx2:ro] [41/253] Building C object zephyr/CMakeFiles/zephyr.dir/subsys/pm/pm.c.obj
[minimal-it8xxx2:ro] [42/253] Building C object zephyr/CMakeFiles/zephyr.dir/subsys/logging/log_minimal.c.obj
[ruby-ish:singleimage] [41/260] Building C object CMakeFiles/app.dir/mnt/host/source/src/platform/ec/build/zephyr/ruby-ish/modules/ec/driver/als_tcs3400.c.obj
[minimal-it8xxx2:rw] [48/253] Building C object zephyr/CMakeFiles/zephyr.dir/subsys/testsuite/coverage/coverage.c.obj
[minimal-it8xxx2:rw] [49/253] Building C object zephyr/CMakeFiles/zephyr.dir/subsys/tracing/tracing_none.c.obj
[minimal-it8xxx2:rw] [50/253] Building C object zephyr/CMakeFiles/zephyr.dir/subsys/pm/device_system_managed.c.obj
[craask:rw] [363/416] Building C object CMakeFiles/app.dir/mnt/host/source/src/platform/ec/build/zephyr/craask/modules/ec/common/usb_pd_discovery.c.obj
[minimal-it8xxx2:ro] [43/253] Building C object zephyr/CMakeFiles/zephyr.dir/subsys/pm/state.c.obj
[minimal-it8xxx2:rw] [51/253] Building C object zephyr/CMakeFiles/zephyr.dir/subsys/shell/modules/kernel_service/kernel_shell.c.obj
[ruby-ish:singleimage] [42/260] Building C object CMakeFiles/app.dir/mnt/host/source/src/platform/ec/build/zephyr/ruby-ish/modules/ec/common/cbi_common.c.obj
[minimal-it8xxx2:ro] [44/253] Building C object zephyr/CMakeFiles/zephyr.dir/subsys/pm/policy/policy_events.c.obj
[craask:rw] [364/416] Building C object CMakeFiles/app.dir/mnt/host/source/src/platform/ec/build/zephyr/craask/modules/ec/common/usb_pd_dual_role.c.obj
[ruby-ish:singleimage] [43/260] Building C object CMakeFiles/app.dir/mnt/host/source/src/platform/ec/build/zephyr/ruby-ish/modules/ec/common/cbi_gpio.c.obj
[minimal-it8xxx2:rw] [52/253] Building C object zephyr/CMakeFiles/zephyr.dir/subsys/shell/modules/kernel_service/sleep.c.obj
[minimal-it8xxx2:ro] [45/253] Building C object zephyr/CMakeFiles/zephyr.dir/subsys/pm/policy/policy_latency.c.obj
[craask:rw] [365/416] Building C object CMakeFiles/app.dir/mnt/host/source/src/platform/ec/build/zephyr/craask/modules/ec/driver/tcpm/raa489000.c.obj
[minimal-it8xxx2:rw] [53/253] Building C object zephyr/CMakeFiles/zephyr.dir/subsys/shell/modules/kernel_service/cycles.c.obj
[minimal-it8xxx2:ro] [46/253] Building C object zephyr/CMakeFiles/zephyr.dir/subsys/pm/policy/policy_state_lock.c.obj
[minimal-it8xxx2:rw] [54/253] Building C object zephyr/CMakeFiles/zephyr.dir/subsys/shell/modules/kernel_service/uptime.c.obj
[ruby-ish:singleimage] [44/260] Building C object CMakeFiles/app.dir/mnt/host/source/src/platform/ec/build/zephyr/ruby-ish/modules/ec/common/memory_commands.c.obj
[minimal-it8xxx2:rw] [55/253] Building C object zephyr/CMakeFiles/zephyr.dir/subsys/shell/modules/kernel_service/version.c.obj
[trulo-ti:ro] [30/417] Building CXX object modules/pigweed/pw_tokenizer/CMakeFiles/pw_tokenizer.base64.dir/base64.cc.obj
[craask:rw] [366/416] Building C object CMakeFiles/app.dir/mnt/host/source/src/platform/ec/build/zephyr/craask/modules/ec/driver/tcpm/tcpci.c.obj
[minimal-it8xxx2:ro] [47/253] Building C object zephyr/CMakeFiles/zephyr.dir/subsys/pm/device.c.obj
[minimal-it8xxx2:rw] [56/253] Building C object zephyr/CMakeFiles/zephyr.dir/subsys/shell/modules/kernel_service/thread/thread.c.obj
[minimal-it8xxx2:ro] [48/253] Building C object zephyr/CMakeFiles/zephyr.dir/subsys/pm/device_system_managed.c.obj
[craask:rw] [367/416] Building C object CMakeFiles/app.dir/mnt/host/source/src/platform/ec/build/zephyr/craask/modules/ec/common/vboot_hash.c.obj
[ruby-ish:singleimage] [45/260] Building C object CMakeFiles/app.dir/mnt/host/source/src/platform/ec/build/zephyr/ruby-ish/modules/ec/common/ap_reset_log.c.obj
[minimal-it8xxx2:ro] [49/253] Building C object zephyr/CMakeFiles/zephyr.dir/subsys/testsuite/coverage/coverage.c.obj
[minimal-it8xxx2:rw] [57/253] Building C object zephyr/CMakeFiles/zephyr.dir/subsys/shell/modules/kernel_service/thread/list.c.obj
[trulo-ti:rw] [31/417] Building CXX object modules/pigweed/pw_varint/CMakeFiles/pw_varint.dir/varint.cc.obj
[minimal-it8xxx2:rw] [58/253] Building C object zephyr/CMakeFiles/zephyr.dir/subsys/shell/modules/kernel_service/thread/unwind.c.obj
[trulo-ti:rw] [32/417] Linking CXX static library modules/pigweed/pw_varint/libpw_varint.a
[minimal-it8xxx2:rw] [59/253] Building C object zephyr/CMakeFiles/zephyr.dir/subsys/shell/modules/kernel_service/thread/stacks.c.obj
[ruby-ish:singleimage] [46/260] Building C object CMakeFiles/app.dir/mnt/host/source/src/platform/ec/build/zephyr/ruby-ish/modules/ec/common/host_command.c.obj
[trulo-ti:rw] [33/417] Linking CXX static library modules/pigweed/pw_tokenizer/libpw_tokenizer.base64.a
[craask:rw] [368/416] Building C object CMakeFiles/app.dir/mnt/host/source/src/platform/ec/build/zephyr/craask/modules/ec/common/button.c.obj
[minimal-it8xxx2:ro] [50/253] Building C object zephyr/CMakeFiles/zephyr.dir/subsys/tracing/tracing_none.c.obj
[trulo-ti:rw] [34/417] Linking CXX static library modules/pigweed/pw_tokenizer/libpw_tokenizer.a
[trulo-ti:rw] [35/417] Linking CXX static library modules/pigweed/pw_status/libpw_status.a
[minimal-it8xxx2:ro] [51/253] Building C object zephyr/CMakeFiles/zephyr.dir/subsys/shell/modules/kernel_service/kernel_shell.c.obj
[trulo-ti:rw] [36/417] Linking CXX static library modules/pigweed/pw_log_tokenized/libpw_log_tokenized.a
[minimal-it8xxx2:rw] [60/253] Building C object zephyr/CMakeFiles/zephyr.dir/subsys/shell/modules/kernel_service/thread/suspend.c.obj
[minimal-it8xxx2:ro] [52/253] Building C object zephyr/CMakeFiles/zephyr.dir/subsys/shell/modules/kernel_service/cycles.c.obj
[trulo-ti:rw] [37/417] Linking CXX static library modules/pigweed/pw_containers/libpw_containers.intrusive_item.a
[minimal-it8xxx2:rw] [61/253] Building C object zephyr/CMakeFiles/zephyr.dir/subsys/shell/modules/kernel_service/thread/resume.c.obj
[minimal-it8xxx2:rw] [62/253] Building C object zephyr/CMakeFiles/zephyr.dir/subsys/shell/modules/kernel_service/thread/kill.c.obj
[craask:rw] [369/416] Building C object CMakeFiles/app.dir/mnt/host/source/src/platform/ec/build/zephyr/craask/modules/ec/common/vboot/efs2.c.obj
[trulo-ti:rw] [38/417] Linking CXX static library modules/pigweed/pw_bytes/libpw_bytes.a
[ruby-ish:singleimage] [47/260] Building C object CMakeFiles/app.dir/mnt/host/source/src/platform/ec/build/zephyr/ruby-ish/modules/ec/common/host_command_task.c.obj
[trulo-ti:rw] [39/417] Linking CXX static library modules/pigweed/pw_base64/libpw_base64.a
[minimal-it8xxx2:rw] [63/253] Building C object zephyr/CMakeFiles/zephyr.dir/subsys/shell/backends/shell_uart.c.obj
[craask:rw] [370/416] Building C object CMakeFiles/app.dir/mnt/host/source/src/platform/ec/build/zephyr/craask/modules/ec/common/vstore.c.obj
[ruby-ish:singleimage] [48/260] Building C object CMakeFiles/app.dir/mnt/host/source/src/platform/ec/build/zephyr/ruby-ish/modules/ec/common/host_event_commands.c.obj
[trulo-ti:rw] [40/417] Linking CXX static library modules/ec/zephyr/shim/src/libplatform_ec_log.tokenized_handler.a
[minimal-it8xxx2:ro] [53/253] Building C object zephyr/CMakeFiles/zephyr.dir/subsys/shell/modules/kernel_service/sleep.c.obj
[trulo-ti:rw] [41/417] Linking CXX static library modules/ec/zephyr/drivers/pw_transport/libpw_transport.proto.nanopb.a
[minimal-it8xxx2:rw] [64/253] Building C object zephyr/CMakeFiles/zephyr.dir/subsys/shell/shell.c.obj
[craask:rw] [371/416] Building C object CMakeFiles/app.dir/mnt/host/source/src/platform/ec/build/zephyr/craask/modules/ec/common/math_util.c.obj
[minimal-it8xxx2:rw] [65/253] Building C object zephyr/CMakeFiles/zephyr.dir/subsys/shell/shell_fprintf.c.obj
[trulo-ti:rw] [42/417] Linking CXX static library modules/ec/zephyr/drivers/dsp_comms/libdsp_comms.proto.nanopb.a
[minimal-it8xxx2:ro] [54/253] Building C object zephyr/CMakeFiles/zephyr.dir/subsys/shell/modules/kernel_service/version.c.obj
[minimal-it8xxx2:ro] [55/253] Building C object zephyr/CMakeFiles/zephyr.dir/subsys/shell/modules/kernel_service/uptime.c.obj
[ruby-ish:singleimage] [49/260] Building C object CMakeFiles/app.dir/mnt/host/source/src/platform/ec/build/zephyr/ruby-ish/modules/ec/common/uart_hostcmd.c.obj
[minimal-it8xxx2:rw] [66/253] Building C object zephyr/CMakeFiles/zephyr.dir/subsys/shell/shell_utils.c.obj
[trulo-ti:rw] [43/417] Generating include/generated/zephyr/offsets.h
[minimal-it8xxx2:rw] [67/253] Building C object zephyr/CMakeFiles/zephyr.dir/subsys/shell/shell_help.c.obj
[minimal-it8xxx2:rw] [68/253] Building C object zephyr/CMakeFiles/zephyr.dir/subsys/shell/shell_ops.c.obj
[craask:rw] [372/416] Building C object CMakeFiles/app.dir/src/common.c.obj
[ruby-ish:singleimage] [50/260] Building C object CMakeFiles/app.dir/mnt/host/source/src/platform/ec/build/zephyr/ruby-ish/modules/ec/common/uptime.c.obj
[minimal-it8xxx2:ro] [56/253] Building C object zephyr/CMakeFiles/zephyr.dir/subsys/shell/modules/kernel_service/thread/thread.c.obj
[trulo-ti:ro] [31/417] Building CXX object modules/pigweed/pw_varint/CMakeFiles/pw_varint.dir/varint.cc.obj
[minimal-it8xxx2:rw] [69/253] Building C object zephyr/CMakeFiles/zephyr.dir/subsys/shell/shell_history.c.obj
[minimal-it8xxx2:rw] [70/253] Building C object zephyr/CMakeFiles/zephyr.dir/drivers/flash/flash_util.c.obj
[minimal-it8xxx2:ro] [57/253] Building C object zephyr/CMakeFiles/zephyr.dir/subsys/shell/modules/kernel_service/thread/list.c.obj
[trulo-ti:ro] [32/417] Linking CXX static library modules/pigweed/pw_varint/libpw_varint.a
[minimal-it8xxx2:ro] [58/253] Building C object zephyr/CMakeFiles/zephyr.dir/subsys/shell/modules/kernel_service/thread/stacks.c.obj
[minimal-it8xxx2:rw] [71/253] Linking C static library zephyr/libzephyr.a
[minimal-it8xxx2:rw] [72/253] Building C object zephyr/arch/common/CMakeFiles/arch__common.dir/sw_isr_common.c.obj
[minimal-it8xxx2:rw] [73/253] Building C object zephyr/arch/common/CMakeFiles/arch__common.dir/init.c.obj
[craask:rw] [373/416] Building C object CMakeFiles/app.dir/src/sub_board.c.obj
[ruby-ish:singleimage] [51/260] Building C object CMakeFiles/app.dir/mnt/host/source/src/platform/ec/build/zephyr/ruby-ish/modules/ec/common/i2c_controller.c.obj
[trulo-ti:ro] [33/417] Linking CXX static library modules/pigweed/pw_tokenizer/libpw_tokenizer.base64.a
[minimal-it8xxx2:rw] [74/253] Building C object zephyr/arch/common/CMakeFiles/arch__common.dir/dynamic_isr.c.obj
[trulo-ti:ro] [34/417] Linking CXX static library modules/pigweed/pw_tokenizer/libpw_tokenizer.a
[craask:rw] [374/416] Building C object CMakeFiles/app.dir/src/board_power.c.obj
[craask:rw] [375/416] Building C object CMakeFiles/app.dir/craask/src/fan.c.obj
[trulo-ti:ro] [35/417] Linking CXX static library modules/pigweed/pw_status/libpw_status.a
[trulo-ti:rw] [44/417] Building C object CMakeFiles/app.dir/mnt/host/source/src/platform/ec/zephyr/subsys/ap_pwrseq/ap_events.c.obj
[minimal-it8xxx2:ro] [59/253] Building C object zephyr/CMakeFiles/zephyr.dir/subsys/shell/modules/kernel_service/thread/unwind.c.obj
[trulo-ti:ro] [36/417] Linking CXX static library modules/pigweed/pw_log_tokenized/libpw_log_tokenized.a
[minimal-it8xxx2:rw] [75/253] Building C object zephyr/arch/common/CMakeFiles/arch__common.dir/xip.c.obj
[minimal-it8xxx2:ro] [60/253] Building C object zephyr/CMakeFiles/zephyr.dir/subsys/shell/modules/kernel_service/thread/suspend.c.obj
[trulo-ti:ro] [37/417] Linking CXX static library modules/pigweed/pw_containers/libpw_containers.intrusive_item.a
[ruby-ish:singleimage] [52/260] Building C object CMakeFiles/app.dir/mnt/host/source/src/platform/ec/build/zephyr/ruby-ish/modules/ec/common/i2c_passthru.c.obj
[minimal-it8xxx2:rw] [76/253] Building C object zephyr/arch/common/CMakeFiles/isr_tables.dir/isr_tables.c.obj
[minimal-it8xxx2:ro] [61/253] Building C object zephyr/CMakeFiles/zephyr.dir/subsys/shell/modules/kernel_service/thread/resume.c.obj
[trulo-ti:ro] [38/417] Linking CXX static library modules/pigweed/pw_bytes/libpw_bytes.a
[minimal-it8xxx2:rw] [77/253] Linking C static library zephyr/arch/common/libisr_tables.a
[minimal-it8xxx2:rw] [78/253] Building C object zephyr/arch/arch/riscv/core/CMakeFiles/arch__riscv__core.dir/cpu_idle.c.obj
[minimal-it8xxx2:rw] [79/253] Building C object zephyr/arch/arch/riscv/core/CMakeFiles/arch__riscv__core.dir/prep_c.c.obj
[craask:rw] [376/416] Building C object CMakeFiles/app.dir/craask/src/form_factor.c.obj
[trulo-ti:ro] [39/417] Linking CXX static library modules/pigweed/pw_base64/libpw_base64.a
[minimal-it8xxx2:rw] [80/253] Building C object zephyr/arch/arch/riscv/core/CMakeFiles/arch__riscv__core.dir/irq_manage.c.obj
[minimal-it8xxx2:rw] [81/253] Linking C static library zephyr/arch/common/libarch__common.a
[minimal-it8xxx2:rw] [82/253] Building C object zephyr/arch/arch/riscv/core/CMakeFiles/arch__riscv__core.dir/fatal.c.obj
[trulo-ti:ro] [40/417] Linking CXX static library modules/ec/zephyr/shim/src/libplatform_ec_log.tokenized_handler.a
[ruby-ish:singleimage] [53/260] Building C object CMakeFiles/app.dir/mnt/host/source/src/platform/ec/build/zephyr/ruby-ish/modules/ec/common/mkbp_event.c.obj
[trulo-ti:ro] [41/417] Linking CXX static library modules/ec/zephyr/drivers/pw_transport/libpw_transport.proto.nanopb.a
[minimal-it8xxx2:ro] [62/253] Building C object zephyr/CMakeFiles/zephyr.dir/subsys/shell/modules/kernel_service/thread/kill.c.obj
[trulo-ti:ro] [42/417] Linking CXX static library modules/ec/zephyr/drivers/dsp_comms/libdsp_comms.proto.nanopb.a
[craask:rw] [377/416] Building C object CMakeFiles/app.dir/craask/src/keyboard.c.obj
[ruby-ish:singleimage] [54/260] Building C object CMakeFiles/app.dir/mnt/host/source/src/platform/ec/build/zephyr/ruby-ish/modules/ec/common/mkbp_fifo.c.obj
[craask:rw] [378/416] Building C object CMakeFiles/app.dir/craask/src/kb_backlight.c.obj
[minimal-it8xxx2:ro] [63/253] Building C object zephyr/CMakeFiles/zephyr.dir/subsys/shell/backends/shell_uart.c.obj
[trulo-ti:ro] [43/417] Generating include/generated/zephyr/offsets.h
[craask:rw] [379/416] Building C object CMakeFiles/app.dir/craask/src/led.c.obj
[minimal-it8xxx2:rw] [83/253] Building ASM object zephyr/arch/arch/riscv/core/CMakeFiles/arch__riscv__core.dir/reset.S.obj
[minimal-it8xxx2:rw] [84/253] Building C object zephyr/arch/arch/riscv/core/CMakeFiles/arch__riscv__core.dir/reboot.c.obj
[minimal-it8xxx2:rw] [85/253] Building ASM object zephyr/arch/arch/riscv/core/CMakeFiles/arch__riscv__core.dir/switch.S.obj
[minimal-it8xxx2:rw] [86/253] Building ASM object zephyr/arch/arch/riscv/core/CMakeFiles/arch__riscv__core.dir/isr.S.obj
[minimal-it8xxx2:rw] [87/253] Generating ../../../include/generated/libc/minimal/strerror_table.h
[minimal-it8xxx2:ro] [64/253] Building C object zephyr/CMakeFiles/zephyr.dir/subsys/shell/shell.c.obj
[trulo-ti:rw] [45/417] Building C object CMakeFiles/app.dir/mnt/host/source/src/platform/ec/zephyr/subsys/ap_pwrseq/ap_power_interface.c.obj
[minimal-it8xxx2:rw] [88/253] Building C object zephyr/arch/arch/riscv/core/CMakeFiles/arch__riscv__core.dir/thread.c.obj
[minimal-it8xxx2:ro] [65/253] Building C object zephyr/CMakeFiles/zephyr.dir/subsys/shell/shell_fprintf.c.obj
[minimal-it8xxx2:rw] [89/253] Building C object zephyr/lib/libc/minimal/CMakeFiles/lib__libc__minimal.dir/source/stdlib/atoi.c.obj
[minimal-it8xxx2:rw] [90/253] Building C object zephyr/lib/libc/common/CMakeFiles/lib__libc__common.dir/source/time/asctime.c.obj
[minimal-it8xxx2:rw] [91/253] Building C object zephyr/lib/libc/minimal/CMakeFiles/lib__libc__minimal.dir/source/stdlib/strtol.c.obj
[ruby-ish:singleimage] [55/260] Building C object CMakeFiles/app.dir/mnt/host/source/src/platform/ec/build/zephyr/ruby-ish/modules/ec/common/sha256.c.obj
[minimal-it8xxx2:rw] [92/253] Building C object zephyr/lib/libc/minimal/CMakeFiles/lib__libc__minimal.dir/source/stdlib/strtoul.c.obj
[ruby-ish:singleimage] [56/260] Building C object CMakeFiles/app.dir/mnt/host/source/src/platform/ec/build/zephyr/ruby-ish/modules/ec/common/motion_sense.c.obj
[craask:rw] [380/416] Building C object CMakeFiles/app.dir/craask/src/thermal.c.obj
[minimal-it8xxx2:rw] [93/253] Building C object zephyr/lib/libc/minimal/CMakeFiles/lib__libc__minimal.dir/source/stdlib/strtoll.c.obj
[minimal-it8xxx2:ro] [66/253] Building C object zephyr/CMakeFiles/zephyr.dir/subsys/shell/shell_utils.c.obj
[minimal-it8xxx2:rw] [94/253] Building C object zephyr/lib/libc/minimal/CMakeFiles/lib__libc__minimal.dir/source/stdlib/strtoull.c.obj
[minimal-it8xxx2:rw] [95/253] Building C object zephyr/lib/libc/common/CMakeFiles/lib__libc__common.dir/source/stdlib/abort.c.obj
[minimal-it8xxx2:rw] [96/253] Building C object zephyr/arch/arch/riscv/core/CMakeFiles/arch__riscv__core.dir/stacktrace.c.obj
[minimal-it8xxx2:rw] [97/253] Building C object zephyr/lib/libc/minimal/CMakeFiles/lib__libc__minimal.dir/source/stdlib/bsearch.c.obj
[craask:rw] [381/416] Linking C static library modules/ec/zephyr/libec_shim.a
[minimal-it8xxx2:rw] [98/253] Linking C static library zephyr/arch/arch/riscv/core/libarch__riscv__core.a
[minimal-it8xxx2:ro] [67/253] Building C object zephyr/CMakeFiles/zephyr.dir/subsys/shell/shell_help.c.obj
[trulo-ti:ro] [44/417] Building C object CMakeFiles/app.dir/mnt/host/source/src/platform/ec/zephyr/subsys/ap_pwrseq/ap_events.c.obj
[minimal-it8xxx2:rw] [99/253] Building C object zephyr/lib/libc/minimal/CMakeFiles/lib__libc__minimal.dir/source/string/strncasecmp.c.obj
[minimal-it8xxx2:rw] [100/253] Building C object zephyr/lib/libc/minimal/CMakeFiles/lib__libc__minimal.dir/source/stdlib/qsort.c.obj
[minimal-it8xxx2:rw] [101/253] Building C object zephyr/lib/libc/minimal/CMakeFiles/lib__libc__minimal.dir/source/string/strstr.c.obj
[craask:rw] [382/416] Building C object CMakeFiles/app.dir/craask/src/touch_panel.c.obj
[minimal-it8xxx2:ro] [68/253] Building C object zephyr/CMakeFiles/zephyr.dir/subsys/shell/shell_ops.c.obj
[minimal-it8xxx2:rw] [102/253] Building C object zephyr/lib/libc/minimal/CMakeFiles/lib__libc__minimal.dir/source/string/strerror.c.obj
[craask:rw] [383/416] Building C object CMakeFiles/app.dir/craask/src/usbc.c.obj
[minimal-it8xxx2:rw] [103/253] Building C object zephyr/lib/libc/minimal/CMakeFiles/lib__libc__minimal.dir/source/string/strspn.c.obj
[craask:rw] [384/416] Building C object CMakeFiles/app.dir/craask/src/charger.c.obj
[trulo-ti:rw] [46/417] Building C object CMakeFiles/app.dir/mnt/host/source/src/platform/ec/zephyr/subsys/ap_pwrseq/power_signals.c.obj
[minimal-it8xxx2:rw] [104/253] Building C object zephyr/lib/libc/minimal/CMakeFiles/lib__libc__minimal.dir/source/string/string.c.obj
[ruby-ish:singleimage] [57/260] Building C object CMakeFiles/app.dir/mnt/host/source/src/platform/ec/build/zephyr/ruby-ish/modules/ec/common/shared_mem.c.obj
[ruby-ish:singleimage] [58/260] Building C object CMakeFiles/app.dir/mnt/host/source/src/platform/ec/build/zephyr/ruby-ish/modules/ec/common/timer.c.obj
[minimal-it8xxx2:ro] [69/253] Building C object zephyr/CMakeFiles/zephyr.dir/subsys/shell/shell_history.c.obj
[minimal-it8xxx2:rw] [105/253] Building C object zephyr/lib/libc/minimal/CMakeFiles/lib__libc__minimal.dir/source/stdlib/exit.c.obj
[craask:rw] [385/416] Linking C static library app/libapp.a
[minimal-it8xxx2:ro] [70/253] Building C object zephyr/arch/common/CMakeFiles/arch__common.dir/sw_isr_common.c.obj
[minimal-it8xxx2:rw] [106/253] Building C object zephyr/lib/libc/minimal/CMakeFiles/lib__libc__minimal.dir/source/math/sqrt.c.obj
[craask:rw] [386/416] Building C object zephyr/kernel/CMakeFiles/kernel.dir/main_weak.c.obj
[minimal-it8xxx2:rw] [107/253] Building C object zephyr/lib/libc/minimal/CMakeFiles/lib__libc__minimal.dir/source/stdout/stdout_console.c.obj
[minimal-it8xxx2:rw] [108/253] Building C object zephyr/lib/libc/minimal/CMakeFiles/lib__libc__minimal.dir/source/math/sqrtf.c.obj
[minimal-it8xxx2:rw] [109/253] Building C object zephyr/lib/libc/minimal/CMakeFiles/lib__libc__minimal.dir/source/stdout/fprintf.c.obj
[minimal-it8xxx2:ro] [71/253] Building C object zephyr/CMakeFiles/zephyr.dir/drivers/flash/flash_util.c.obj
[minimal-it8xxx2:rw] [110/253] Building C object zephyr/lib/libc/minimal/CMakeFiles/lib__libc__minimal.dir/source/stdout/sprintf.c.obj
[craask:rw] [387/416] Building C object zephyr/kernel/CMakeFiles/kernel.dir/banner.c.obj
[minimal-it8xxx2:rw] [111/253] Building C object zephyr/lib/libc/common/CMakeFiles/lib__libc__common.dir/source/time/gmtime_r.c.obj
[minimal-it8xxx2:ro] [72/253] Building C object zephyr/arch/common/CMakeFiles/arch__common.dir/dynamic_isr.c.obj
[minimal-it8xxx2:ro] [73/253] Linking C static library zephyr/libzephyr.a
[craask:rw] [388/416] Building C object zephyr/kernel/CMakeFiles/kernel.dir/busy_wait.c.obj
[minimal-it8xxx2:rw] [112/253] Building C object zephyr/lib/libc/common/CMakeFiles/lib__libc__common.dir/source/time/localtime_r_utc.c.obj
[minimal-it8xxx2:rw] [113/253] Building C object zephyr/lib/libc/common/CMakeFiles/lib__libc__common.dir/source/time/ctime.c.obj
[ruby-ish:singleimage] [59/260] Building C object CMakeFiles/app.dir/mnt/host/source/src/platform/ec/build/zephyr/ruby-ish/modules/ec/common/math_util.c.obj
[ruby-ish:singleimage] [60/260] Building C object CMakeFiles/app.dir/mnt/host/source/src/platform/ec/build/zephyr/ruby-ish/modules/ec/common/vstore.c.obj
[minimal-it8xxx2:ro] [74/253] Building C object zephyr/arch/common/CMakeFiles/arch__common.dir/init.c.obj
[minimal-it8xxx2:rw] [114/253] Building C object zephyr/lib/libc/common/CMakeFiles/lib__libc__common.dir/source/time/time.c.obj
[ruby-ish:singleimage] [61/260] Linking CXX static library app/libapp.a
[trulo-ti:ro] [45/417] Building C object CMakeFiles/app.dir/mnt/host/source/src/platform/ec/zephyr/subsys/ap_pwrseq/ap_power_interface.c.obj
[minimal-it8xxx2:rw] [115/253] Building C object zephyr/lib/libc/common/CMakeFiles/lib__libc__common.dir/source/string/strnlen.c.obj
[minimal-it8xxx2:rw] [116/253] Building C object zephyr/lib/libc/minimal/CMakeFiles/lib__libc__minimal.dir/source/time/gmtime.c.obj
[minimal-it8xxx2:rw] [117/253] Building C object zephyr/lib/posix/c_lib_ext/CMakeFiles/lib__posix__c_lib_ext.dir/fnmatch.c.obj
[craask:rw] [389/416] Building C object zephyr/kernel/CMakeFiles/kernel.dir/device.c.obj
[ruby-ish:singleimage] [62/260] Building C object zephyr/CMakeFiles/zephyr.dir/lib/cpp/abi/cpp_dtors.c.obj
[minimal-it8xxx2:rw] [118/253] Linking C static library zephyr/lib/libc/minimal/liblib__libc__minimal.a
[craask:rw] [390/416] Building C object zephyr/kernel/CMakeFiles/kernel.dir/errno.c.obj
[trulo-ti:rw] [47/417] Building C object CMakeFiles/app.dir/mnt/host/source/src/platform/ec/zephyr/subsys/ap_pwrseq/signal_gpio.c.obj
[minimal-it8xxx2:rw] [119/253] Building C object zephyr/subsys/crc/CMakeFiles/subsys__crc.dir/crc8_sw.c.obj
[minimal-it8xxx2:rw] [120/253] Building C object zephyr/subsys/crc/CMakeFiles/subsys__crc.dir/crc4_sw.c.obj
[ruby-ish:singleimage] [63/260] Building C object zephyr/CMakeFiles/zephyr.dir/lib/libc/validate_libc.c.obj
[minimal-it8xxx2:rw] [121/253] Building C object zephyr/lib/libc/common/CMakeFiles/lib__libc__common.dir/source/stdlib/malloc.c.obj
[minimal-it8xxx2:ro] [75/253] Building C object zephyr/arch/common/CMakeFiles/isr_tables.dir/isr_tables.c.obj
[minimal-it8xxx2:ro] [76/253] Building C object zephyr/arch/common/CMakeFiles/arch__common.dir/xip.c.obj
[minimal-it8xxx2:rw] [122/253] Linking C static library zephyr/lib/libc/common/liblib__libc__common.a
[minimal-it8xxx2:ro] [77/253] Building C object zephyr/arch/arch/riscv/core/CMakeFiles/arch__riscv__core.dir/cpu_idle.c.obj
[minimal-it8xxx2:rw] [123/253] Building C object zephyr/subsys/crc/CMakeFiles/subsys__crc.dir/crc7_sw.c.obj
[minimal-it8xxx2:ro] [78/253] Linking C static library zephyr/arch/common/libisr_tables.a
[minimal-it8xxx2:rw] [124/253] Building C object zephyr/lib/posix/c_lib_ext/CMakeFiles/lib__posix__c_lib_ext.dir/getentropy.c.obj
[minimal-it8xxx2:rw] [125/253] Building C object zephyr/subsys/crc/CMakeFiles/subsys__crc.dir/crc16_sw.c.obj
[minimal-it8xxx2:ro] [79/253] Linking C static library zephyr/arch/common/libarch__common.a
[craask:rw] [391/416] Building C object zephyr/kernel/CMakeFiles/kernel.dir/fatal.c.obj
[minimal-it8xxx2:rw] [126/253] Building C object zephyr/subsys/crc/CMakeFiles/subsys__crc.dir/crc32_sw.c.obj
[minimal-it8xxx2:rw] [127/253] Building C object zephyr/subsys/crc/CMakeFiles/subsys__crc.dir/crc32c_sw.c.obj
[minimal-it8xxx2:rw] [128/253] Building C object zephyr/subsys/crc/CMakeFiles/subsys__crc.dir/crc32k_4_2_sw.c.obj
[minimal-it8xxx2:rw] [129/253] Building C object zephyr/subsys/crc/CMakeFiles/subsys__crc.dir/crc24_sw.c.obj
[ruby-ish:singleimage] [64/260] Building C object zephyr/CMakeFiles/zephyr.dir/lib/heap/heap.c.obj
[minimal-it8xxx2:rw] [130/253] Building C object zephyr/lib/posix/c_lib_ext/CMakeFiles/lib__posix__c_lib_ext.dir/getopt_shim.c.obj
[minimal-it8xxx2:rw] [131/253] Linking C static library zephyr/lib/posix/c_lib_ext/liblib__posix__c_lib_ext.a
[minimal-it8xxx2:rw] [132/253] Linking C static library zephyr/subsys/crc/libsubsys__crc.a
[craask:rw] [392/416] Building C object zephyr/kernel/CMakeFiles/kernel.dir/init.c.obj
[ruby-ish:singleimage] [65/260] Building C object zephyr/CMakeFiles/zephyr.dir/lib/os/cbprintf_packaged.c.obj
[minimal-it8xxx2:ro] [80/253] Building C object zephyr/arch/arch/riscv/core/CMakeFiles/arch__riscv__core.dir/prep_c.c.obj
[craask:rw] [393/416] Building C object zephyr/kernel/CMakeFiles/kernel.dir/version.c.obj
[trulo-ti:ro] [46/417] Building C object CMakeFiles/app.dir/mnt/host/source/src/platform/ec/zephyr/subsys/ap_pwrseq/power_signals.c.obj
[craask:rw] [394/416] Building C object zephyr/kernel/CMakeFiles/kernel.dir/mem_slab.c.obj
[minimal-it8xxx2:ro] [81/253] Building C object zephyr/arch/arch/riscv/core/CMakeFiles/arch__riscv__core.dir/fatal.c.obj
[craask:rw] [395/416] Building C object zephyr/kernel/CMakeFiles/kernel.dir/kheap.c.obj
[minimal-it8xxx2:ro] [82/253] Building C object zephyr/arch/arch/riscv/core/CMakeFiles/arch__riscv__core.dir/irq_manage.c.obj
[minimal-it8xxx2:rw] [133/253] Building C object zephyr/drivers/bbram/CMakeFiles/drivers__bbram.dir/bbram_it8xxx2.c.obj
[ruby-ish:singleimage] [66/260] Building C object zephyr/CMakeFiles/zephyr.dir/lib/os/clock.c.obj
[minimal-it8xxx2:rw] [134/253] Building C object zephyr/drivers/interrupt_controller/CMakeFiles/drivers__interrupt_controller.dir/intc_ite_it8xxx2.c.obj
[minimal-it8xxx2:rw] [135/253] Linking C static library zephyr/drivers/bbram/libdrivers__bbram.a
[trulo-ti:rw] [48/417] Building C object CMakeFiles/app.dir/mnt/host/source/src/platform/ec/zephyr/subsys/ap_pwrseq/signal_vw.c.obj
[minimal-it8xxx2:rw] [136/253] Building C object zephyr/drivers/console/CMakeFiles/drivers__console.dir/uart_console.c.obj
[ruby-ish:singleimage] [67/260] Building C object zephyr/CMakeFiles/zephyr.dir/lib/os/printk.c.obj
[craask:rw] [396/416] Building C object zephyr/kernel/CMakeFiles/kernel.dir/float.c.obj
[minimal-it8xxx2:rw] [137/253] Building C object zephyr/drivers/flash/CMakeFiles/drivers__flash.dir/flash_ite_it8xxx2.c.obj
[minimal-it8xxx2:rw] [138/253] Linking C static library zephyr/drivers/console/libdrivers__console.a
[minimal-it8xxx2:rw] [139/253] Building C object zephyr/drivers/interrupt_controller/CMakeFiles/drivers__interrupt_controller.dir/wuc_ite_it8xxx2.c.obj
[minimal-it8xxx2:ro] [83/253] Building C object zephyr/arch/arch/riscv/core/CMakeFiles/arch__riscv__core.dir/reboot.c.obj
[minimal-it8xxx2:rw] [140/253] Linking C static library zephyr/drivers/interrupt_controller/libdrivers__interrupt_controller.a
[minimal-it8xxx2:rw] [141/253] Linking C static library zephyr/drivers/flash/libdrivers__flash.a
[craask:rw] [397/416] Building C object zephyr/kernel/CMakeFiles/kernel.dir/idle.c.obj
[ruby-ish:singleimage] [68/260] Building C object zephyr/CMakeFiles/zephyr.dir/lib/os/sem.c.obj
[minimal-it8xxx2:ro] [84/253] Building ASM object zephyr/arch/arch/riscv/core/CMakeFiles/arch__riscv__core.dir/reset.S.obj
[minimal-it8xxx2:ro] [85/253] Building ASM object zephyr/arch/arch/riscv/core/CMakeFiles/arch__riscv__core.dir/switch.S.obj
[minimal-it8xxx2:rw] [142/253] Building C object zephyr/drivers/pinctrl/CMakeFiles/drivers__pinctrl.dir/common.c.obj
[ruby-ish:singleimage] [69/260] Building C object zephyr/CMakeFiles/zephyr.dir/lib/os/thread_entry.c.obj
[craask:rw] [398/416] Building C object zephyr/kernel/CMakeFiles/kernel.dir/msg_q.c.obj
[minimal-it8xxx2:rw] [143/253] Building C object zephyr/drivers/gpio/CMakeFiles/drivers__gpio.dir/gpio_kscan_ite_it8xxx2.c.obj
[minimal-it8xxx2:rw] [144/253] Building C object zephyr/drivers/gpio/CMakeFiles/drivers__gpio.dir/gpio_ite_it8xxx2.c.obj
[minimal-it8xxx2:ro] [86/253] Building C object zephyr/arch/arch/riscv/core/CMakeFiles/arch__riscv__core.dir/thread.c.obj
[trulo-ti:ro] [47/417] Building C object CMakeFiles/app.dir/mnt/host/source/src/platform/ec/zephyr/subsys/ap_pwrseq/signal_gpio.c.obj
[craask:rw] [399/416] Building C object zephyr/kernel/CMakeFiles/kernel.dir/mailbox.c.obj
[minimal-it8xxx2:ro] [87/253] Generating ../../../include/generated/libc/minimal/strerror_table.h
[minimal-it8xxx2:rw] [145/253] Building C object zephyr/drivers/syscon/CMakeFiles/drivers__syscon.dir/mnt/host/source/src/third_party/zephyr/main/misc/empty_file.c.obj
[minimal-it8xxx2:rw] [146/253] Building C object zephyr/drivers/pinctrl/CMakeFiles/drivers__pinctrl.dir/pinctrl_ite_it8xxx2.c.obj
[minimal-it8xxx2:rw] [147/253] Linking C static library zephyr/drivers/gpio/libdrivers__gpio.a
[ruby-ish:singleimage] [70/260] Building C object zephyr/CMakeFiles/zephyr.dir/lib/os/cbprintf_complete.c.obj
[minimal-it8xxx2:rw] [148/253] Building C object zephyr/drivers/serial/CMakeFiles/drivers__serial.dir/uart_ite_it8xxx2.c.obj
[minimal-it8xxx2:rw] [149/253] Linking C static library zephyr/drivers/syscon/libdrivers__syscon.a
[minimal-it8xxx2:rw] [150/253] Linking C static library zephyr/drivers/pinctrl/libdrivers__pinctrl.a
[minimal-it8xxx2:ro] [88/253] Building C object zephyr/lib/libc/minimal/CMakeFiles/lib__libc__minimal.dir/source/stdlib/atoi.c.obj
[ruby-ish:singleimage] [71/260] Building C object zephyr/CMakeFiles/zephyr.dir/lib/os/assert.c.obj
[minimal-it8xxx2:ro] [89/253] Building ASM object zephyr/arch/arch/riscv/core/CMakeFiles/arch__riscv__core.dir/isr.S.obj
[minimal-it8xxx2:ro] [90/253] Building C object zephyr/arch/arch/riscv/core/CMakeFiles/arch__riscv__core.dir/stacktrace.c.obj
[craask:rw] [400/416] Building C object zephyr/kernel/CMakeFiles/kernel.dir/mutex.c.obj
[minimal-it8xxx2:ro] [91/253] Linking C static library zephyr/arch/arch/riscv/core/libarch__riscv__core.a
[minimal-it8xxx2:ro] [92/253] Building C object zephyr/lib/libc/minimal/CMakeFiles/lib__libc__minimal.dir/source/stdlib/strtol.c.obj
[minimal-it8xxx2:rw] [151/253] Building C object zephyr/drivers/serial/CMakeFiles/drivers__serial.dir/uart_ns16550.c.obj
[minimal-it8xxx2:ro] [93/253] Building C object zephyr/lib/libc/minimal/CMakeFiles/lib__libc__minimal.dir/source/stdlib/strtoul.c.obj
[craask:rw] [401/416] Building C object zephyr/kernel/CMakeFiles/kernel.dir/queue.c.obj
[minimal-it8xxx2:rw] [152/253] Linking C static library zephyr/drivers/serial/libdrivers__serial.a
[minimal-it8xxx2:ro] [94/253] Building C object zephyr/lib/libc/minimal/CMakeFiles/lib__libc__minimal.dir/source/stdlib/strtoll.c.obj
[trulo-ti:rw] [49/417] Building C object CMakeFiles/app.dir/mnt/host/source/src/platform/ec/zephyr/subsys/ap_pwrseq/signal_adc.c.obj
[minimal-it8xxx2:ro] [95/253] Building C object zephyr/lib/libc/minimal/CMakeFiles/lib__libc__minimal.dir/source/stdlib/strtoull.c.obj
[craask:rw] [402/416] Building C object zephyr/kernel/CMakeFiles/kernel.dir/sem.c.obj
[ruby-ish:singleimage] [72/260] Building C object zephyr/CMakeFiles/zephyr.dir/lib/os/reboot.c.obj
[minimal-it8xxx2:ro] [96/253] Building C object zephyr/lib/libc/minimal/CMakeFiles/lib__libc__minimal.dir/source/stdlib/bsearch.c.obj
[minimal-it8xxx2:rw] [153/253] Building C object zephyr/drivers/timer/CMakeFiles/drivers__timer.dir/sys_clock_init.c.obj
[ruby-ish:singleimage] [73/260] Building C object zephyr/CMakeFiles/zephyr.dir/lib/os/mpsc_pbuf.c.obj
[craask:rw] [403/416] Building C object zephyr/kernel/CMakeFiles/kernel.dir/stack.c.obj
[minimal-it8xxx2:rw] [154/253] Building C object zephyr/drivers/watchdog/CMakeFiles/drivers__watchdog.dir/wdt_ite_it8xxx2.c.obj
[minimal-it8xxx2:rw] [155/253] Building C object zephyr/drivers/watchdog/CMakeFiles/drivers__watchdog.dir/wdt_shell.c.obj
[minimal-it8xxx2:ro] [97/253] Building C object zephyr/lib/libc/minimal/CMakeFiles/lib__libc__minimal.dir/source/stdlib/qsort.c.obj
[minimal-it8xxx2:rw] [156/253] Building C object zephyr/drivers/timer/CMakeFiles/drivers__timer.dir/ite_it8xxx2_timer.c.obj
[minimal-it8xxx2:rw] [157/253] Linking C static library zephyr/drivers/watchdog/libdrivers__watchdog.a
[minimal-it8xxx2:ro] [98/253] Building C object zephyr/lib/libc/minimal/CMakeFiles/lib__libc__minimal.dir/source/string/strerror.c.obj
[minimal-it8xxx2:rw] [158/253] Linking C static library zephyr/drivers/timer/libdrivers__timer.a
[ruby-ish:singleimage] [74/260] Building C object zephyr/CMakeFiles/zephyr.dir/lib/utils/dec.c.obj
[craask:rw] [404/416] Building C object zephyr/kernel/CMakeFiles/kernel.dir/system_work_q.c.obj
[ruby-ish:singleimage] [75/260] Building C object zephyr/CMakeFiles/zephyr.dir/lib/utils/hex.c.obj
[trulo-ti:ro] [48/417] Building C object CMakeFiles/app.dir/mnt/host/source/src/platform/ec/zephyr/subsys/ap_pwrseq/signal_vw.c.obj
[minimal-it8xxx2:ro] [99/253] Building C object zephyr/lib/libc/minimal/CMakeFiles/lib__libc__minimal.dir/source/string/strncasecmp.c.obj
[minimal-it8xxx2:ro] [100/253] Building C object zephyr/lib/libc/minimal/CMakeFiles/lib__libc__minimal.dir/source/string/strstr.c.obj
[minimal-it8xxx2:ro] [101/253] Building C object zephyr/lib/libc/minimal/CMakeFiles/lib__libc__minimal.dir/source/stdlib/exit.c.obj
[minimal-it8xxx2:rw] [159/253] Building C object modules/ec/zephyr/CMakeFiles/ec_shim.dir/app/ec/main_shim.c.obj
[minimal-it8xxx2:ro] [102/253] Building C object zephyr/lib/libc/minimal/CMakeFiles/lib__libc__minimal.dir/source/string/string.c.obj
[minimal-it8xxx2:rw] [160/253] Building C object modules/ec/zephyr/CMakeFiles/ec_shim.dir/app/ec/ec_app_main.c.obj
[minimal-it8xxx2:ro] [103/253] Building C object zephyr/lib/libc/minimal/CMakeFiles/lib__libc__minimal.dir/source/string/strspn.c.obj
[craask:rw] [405/416] Building C object zephyr/kernel/CMakeFiles/kernel.dir/condvar.c.obj
[ruby-ish:singleimage] [76/260] Building C object zephyr/CMakeFiles/zephyr.dir/lib/utils/rb.c.obj
[ruby-ish:singleimage] [77/260] Building C object zephyr/CMakeFiles/zephyr.dir/lib/utils/timeutil.c.obj
[minimal-it8xxx2:rw] [161/253] Building C object modules/ec/zephyr/CMakeFiles/ec_shim.dir/drivers/cros_flash/cros_flash_it8xxx2.c.obj
[minimal-it8xxx2:rw] [162/253] Building C object modules/ec/zephyr/CMakeFiles/ec_shim.dir/shim/chip/it8xxx2/clock.c.obj
[trulo-ti:rw] [50/417] Building C object CMakeFiles/app.dir/mnt/host/source/src/platform/ec/zephyr/subsys/ap_pwrseq/power_host_sleep.c.obj
[minimal-it8xxx2:rw] [163/253] Building C object modules/ec/zephyr/CMakeFiles/ec_shim.dir/drivers/cros_system/cros_system_it8xxx2.c.obj
[minimal-it8xxx2:ro] [104/253] Building C object zephyr/lib/libc/minimal/CMakeFiles/lib__libc__minimal.dir/source/stdout/sprintf.c.obj
[craask:rw] [406/416] Building C object zephyr/kernel/CMakeFiles/kernel.dir/work.c.obj
[craask:rw] [407/416] Building C object zephyr/kernel/CMakeFiles/kernel.dir/thread.c.obj
[minimal-it8xxx2:ro] [105/253] Building C object zephyr/lib/libc/minimal/CMakeFiles/lib__libc__minimal.dir/source/stdout/stdout_console.c.obj
[ruby-ish:singleimage] [78/260] Building C object zephyr/CMakeFiles/zephyr.dir/lib/utils/bitmask.c.obj
[minimal-it8xxx2:ro] [106/253] Building C object zephyr/lib/libc/minimal/CMakeFiles/lib__libc__minimal.dir/source/stdout/fprintf.c.obj
[minimal-it8xxx2:rw] [164/253] Building C object modules/ec/zephyr/CMakeFiles/ec_shim.dir/shim/chip/it8xxx2/gpio.c.obj
[ruby-ish:singleimage] [79/260] Building C object zephyr/CMakeFiles/zephyr.dir/lib/utils/bitarray.c.obj
[craask:rw] [408/416] Building C object zephyr/kernel/CMakeFiles/kernel.dir/sched.c.obj
[minimal-it8xxx2:ro] [107/253] Building C object zephyr/lib/libc/minimal/CMakeFiles/lib__libc__minimal.dir/source/math/sqrtf.c.obj
[minimal-it8xxx2:ro] [108/253] Building C object zephyr/lib/libc/minimal/CMakeFiles/lib__libc__minimal.dir/source/math/sqrt.c.obj
[minimal-it8xxx2:rw] [165/253] Building C object modules/ec/zephyr/CMakeFiles/ec_shim.dir/shim/src/crc.c.obj
[minimal-it8xxx2:rw] [166/253] Building C object modules/ec/zephyr/CMakeFiles/ec_shim.dir/shim/chip/it8xxx2/power_policy.c.obj
[craask:rw] [409/416] Building C object zephyr/kernel/CMakeFiles/kernel.dir/pipe.c.obj
[minimal-it8xxx2:rw] [167/253] Building C object modules/ec/zephyr/CMakeFiles/ec_shim.dir/shim/src/console.c.obj
[trulo-ti:ro] [49/417] Building C object CMakeFiles/app.dir/mnt/host/source/src/platform/ec/zephyr/subsys/ap_pwrseq/signal_adc.c.obj
[minimal-it8xxx2:rw] [168/253] Building C object modules/ec/zephyr/CMakeFiles/ec_shim.dir/shim/chip/it8xxx2/system.c.obj
[craask:rw] [410/416] Building C object zephyr/kernel/CMakeFiles/kernel.dir/timeout.c.obj
[minimal-it8xxx2:ro] [109/253] Building C object zephyr/lib/libc/common/CMakeFiles/lib__libc__common.dir/source/time/asctime.c.obj
[ruby-ish:singleimage] [80/260] Building C object zephyr/CMakeFiles/zephyr.dir/lib/utils/getopt/getopt.c.obj
[minimal-it8xxx2:ro] [110/253] Building C object zephyr/lib/libc/minimal/CMakeFiles/lib__libc__minimal.dir/source/time/gmtime.c.obj
[ruby-ish:singleimage] [81/260] Building C object zephyr/CMakeFiles/zephyr.dir/lib/utils/getopt/getopt_common.c.obj
[minimal-it8xxx2:ro] [111/253] Building C object zephyr/lib/libc/common/CMakeFiles/lib__libc__common.dir/source/time/gmtime_r.c.obj
[minimal-it8xxx2:rw] [169/253] Building C object modules/ec/zephyr/CMakeFiles/ec_shim.dir/shim/src/gpio.c.obj
[minimal-it8xxx2:ro] [112/253] Linking C static library zephyr/lib/libc/minimal/liblib__libc__minimal.a
[minimal-it8xxx2:ro] [113/253] Building C object zephyr/lib/libc/common/CMakeFiles/lib__libc__common.dir/source/stdlib/abort.c.obj
[craask:rw] [411/416] Building C object zephyr/kernel/CMakeFiles/kernel.dir/timer.c.obj
[minimal-it8xxx2:rw] [170/253] Building C object modules/ec/zephyr/CMakeFiles/ec_shim.dir/shim/src/gpio_int.c.obj
[ruby-ish:singleimage] [82/260] Building C object zephyr/CMakeFiles/zephyr.dir/misc/generated/configs.c.obj
[minimal-it8xxx2:ro] [114/253] Building C object zephyr/lib/libc/common/CMakeFiles/lib__libc__common.dir/source/time/ctime.c.obj
[ruby-ish:singleimage] [83/260] Building C object zephyr/CMakeFiles/zephyr.dir/lib/utils/ring_buffer.c.obj
[minimal-it8xxx2:ro] [115/253] Building C object zephyr/lib/libc/common/CMakeFiles/lib__libc__common.dir/source/time/localtime_r_utc.c.obj
[minimal-it8xxx2:rw] [171/253] Building C object modules/ec/zephyr/CMakeFiles/ec_shim.dir/shim/src/panic_utils.c.obj
[trulo-ti:rw] [51/417] Building C object CMakeFiles/app.dir/mnt/host/source/src/platform/ec/zephyr/subsys/ap_pwrseq/x86_non_dsx_common_pwrseq_sm_handler.c.obj
[minimal-it8xxx2:ro] [116/253] Building C object zephyr/lib/libc/common/CMakeFiles/lib__libc__common.dir/source/string/strnlen.c.obj
[minimal-it8xxx2:rw] [172/253] Building C object modules/ec/zephyr/CMakeFiles/ec_shim.dir/shim/src/pm_state.c.obj
[minimal-it8xxx2:ro] [117/253] Building C object zephyr/lib/libc/common/CMakeFiles/lib__libc__common.dir/source/time/time.c.obj
[craask:rw] [412/416] Building C object zephyr/kernel/CMakeFiles/kernel.dir/poll.c.obj
[craask:rw] [413/416] Building C object zephyr/kernel/CMakeFiles/kernel.dir/events.c.obj
[minimal-it8xxx2:rw] [173/253] Building C object modules/ec/zephyr/CMakeFiles/ec_shim.dir/shim/src/cbi/cros_cbi.c.obj
[craask:rw] [414/416] Building C object zephyr/kernel/CMakeFiles/kernel.dir/mempool.c.obj
[minimal-it8xxx2:ro] [118/253] Building C object zephyr/lib/posix/c_lib_ext/CMakeFiles/lib__posix__c_lib_ext.dir/fnmatch.c.obj
[ruby-ish:singleimage] [84/260] Building C object zephyr/CMakeFiles/zephyr.dir/soc/intel/intel_ish/intel_ish5/soc.c.obj
[minimal-it8xxx2:rw] [174/253] Building C object modules/ec/zephyr/CMakeFiles/ec_shim.dir/shim/src/system.c.obj
[ruby-ish:singleimage] [85/260] Building C object zephyr/CMakeFiles/zephyr.dir/soc/intel/intel_ish/intel_ish5/pm/power.c.obj
[minimal-it8xxx2:ro] [119/253] Building C object zephyr/lib/libc/common/CMakeFiles/lib__libc__common.dir/source/stdlib/malloc.c.obj
[minimal-it8xxx2:ro] [120/253] Linking C static library zephyr/lib/libc/common/liblib__libc__common.a
[trulo-ti:ro] [50/417] Building C object CMakeFiles/app.dir/mnt/host/source/src/platform/ec/zephyr/subsys/ap_pwrseq/power_host_sleep.c.obj
[minimal-it8xxx2:rw] [175/253] Building C object modules/ec/zephyr/CMakeFiles/ec_shim.dir/shim/src/hooks.c.obj
[minimal-it8xxx2:ro] [121/253] Building C object zephyr/subsys/crc/CMakeFiles/subsys__crc.dir/crc4_sw.c.obj
[craask:rw] [415/416] Building C object zephyr/kernel/CMakeFiles/kernel.dir/dynamic_disabled.c.obj
[minimal-it8xxx2:rw] [176/253] Building C object modules/ec/zephyr/CMakeFiles/ec_shim.dir/shim/src/flash.c.obj
[minimal-it8xxx2:ro] [122/253] Building C object zephyr/lib/posix/c_lib_ext/CMakeFiles/lib__posix__c_lib_ext.dir/getentropy.c.obj
[minimal-it8xxx2:rw] [177/253] Building C object modules/ec/zephyr/CMakeFiles/ec_shim.dir/shim/src/host_command.c.obj
[craask:rw] [416/416] Linking C static library zephyr/kernel/libkernel.a
[minimal-it8xxx2:rw] [178/253] Building C object modules/ec/zephyr/CMakeFiles/ec_shim.dir/shim/src/panic.c.obj
[minimal-it8xxx2:ro] [123/253] Building C object zephyr/subsys/crc/CMakeFiles/subsys__crc.dir/crc8_sw.c.obj
[minimal-it8xxx2:ro] [124/253] Building C object zephyr/lib/posix/c_lib_ext/CMakeFiles/lib__posix__c_lib_ext.dir/getopt_shim.c.obj
[minimal-it8xxx2:rw] [179/253] Building C object modules/ec/zephyr/CMakeFiles/ec_shim.dir/shim/src/hwtimer.c.obj
[minimal-it8xxx2:rw] [180/253] Building C object modules/ec/zephyr/CMakeFiles/ec_shim.dir/shim/src/console_buffer.c.obj
[minimal-it8xxx2:ro] [125/253] Building C object zephyr/subsys/crc/CMakeFiles/subsys__crc.dir/crc16_sw.c.obj
[minimal-it8xxx2:rw] [181/253] cd /mnt/host/source/src/platform/ec/build/zephyr/minimal-it8xxx2/build-rw/modules/ec/zephyr && PYTHONPATH=/mnt/host/source/src/platform/ec/build/zephyr/minimal-it8xxx2/modules/ec/zephyr/zmake/ /usr/bin/python3.11 /mnt/host/source/src/platform/ec/build/zephyr/minimal-it8xxx2/modules/ec/zephyr/zmake/zephyr_build_tools/generate_ec_version.py /mnt/host/source/src/platform/ec/build/zephyr/minimal-it8xxx2/build-rw/modules/ec/zephyr/include/ec_version.h --name Zephyr-Kernel --version 16543.0.0 --static
[minimal-it8xxx2:ro] [126/253] Building C object zephyr/subsys/crc/CMakeFiles/subsys__crc.dir/crc7_sw.c.obj
[minimal-it8xxx2:ro] [127/253] Linking C static library zephyr/lib/posix/c_lib_ext/liblib__posix__c_lib_ext.a
[ruby-ish:singleimage] [86/260] Building C object zephyr/CMakeFiles/zephyr.dir/subsys/logging/log_mgmt.c.obj
[minimal-it8xxx2:ro] [128/253] Building C object zephyr/subsys/crc/CMakeFiles/subsys__crc.dir/crc32c_sw.c.obj
[ruby-ish:singleimage] [87/260] Building C object zephyr/CMakeFiles/zephyr.dir/subsys/logging/log_cache.c.obj
[ruby-ish:singleimage] [88/260] Building C object zephyr/CMakeFiles/zephyr.dir/subsys/logging/log_core.c.obj
[minimal-it8xxx2:ro] [129/253] Building C object zephyr/subsys/crc/CMakeFiles/subsys__crc.dir/crc32_sw.c.obj
[minimal-it8xxx2:ro] [130/253] Building C object zephyr/subsys/crc/CMakeFiles/subsys__crc.dir/crc32k_4_2_sw.c.obj
[minimal-it8xxx2:ro] [131/253] Building C object zephyr/subsys/crc/CMakeFiles/subsys__crc.dir/crc24_sw.c.obj
[minimal-it8xxx2:rw] INFO:root:Using a static version string
[minimal-it8xxx2:rw] INFO:root:Version string: Zephyr-Kernel-16543.0.0
[minimal-it8xxx2:ro] [132/253] Linking C static library zephyr/subsys/crc/libsubsys__crc.a
[minimal-it8xxx2:rw] INFO:root:Writing header to /mnt/host/source/src/platform/ec/build/zephyr/minimal-it8xxx2/build-rw/modules/ec/zephyr/include/ec_version.h
[minimal-it8xxx2:rw] [182/253] Building C object modules/ec/zephyr/CMakeFiles/ec_shim.dir/shim/src/tasks.c.obj
[minimal-it8xxx2:rw] [183/253] Building C object zephyr/kernel/CMakeFiles/kernel.dir/main_weak.c.obj
[trulo-ti:rw] [52/417] Building C object CMakeFiles/app.dir/mnt/host/source/src/platform/ec/zephyr/subsys/ap_pwrseq/x86_non_dsx_chipset_power_state.c.obj
[minimal-it8xxx2:rw] [184/253] Building C object modules/ec/zephyr/CMakeFiles/ec_shim.dir/shim/src/usbc_stub.c.obj
[minimal-it8xxx2:rw] [185/253] Building C object zephyr/kernel/CMakeFiles/kernel.dir/banner.c.obj
[minimal-it8xxx2:rw] [186/253] Building C object zephyr/kernel/CMakeFiles/kernel.dir/busy_wait.c.obj
[minimal-it8xxx2:rw] [187/253] Building C object modules/ec/zephyr/CMakeFiles/ec_shim.dir/shim/src/watchdog.c.obj
[ruby-ish:singleimage] [89/260] Building C object zephyr/CMakeFiles/zephyr.dir/subsys/logging/log_msg.c.obj
[ruby-ish:singleimage] [90/260] Building C object zephyr/CMakeFiles/zephyr.dir/subsys/pm/pm.c.obj
[minimal-it8xxx2:rw] [188/253] Building C object CMakeFiles/app.dir/mnt/host/source/src/platform/ec/zephyr/subsys/ap_pwrseq/ap_events.c.obj
[ruby-ish:singleimage] [91/260] Building C object zephyr/CMakeFiles/zephyr.dir/subsys/logging/log_output.c.obj
[minimal-it8xxx2:ro] [133/253] Building C object zephyr/drivers/interrupt_controller/CMakeFiles/drivers__interrupt_controller.dir/intc_ite_it8xxx2.c.obj
[minimal-it8xxx2:ro] [134/253] Building C object zephyr/drivers/bbram/CMakeFiles/drivers__bbram.dir/bbram_it8xxx2.c.obj
[minimal-it8xxx2:ro] [135/253] Building C object zephyr/drivers/interrupt_controller/CMakeFiles/drivers__interrupt_controller.dir/wuc_ite_it8xxx2.c.obj
[minimal-it8xxx2:ro] [136/253] Linking C static library zephyr/drivers/bbram/libdrivers__bbram.a
[minimal-it8xxx2:rw] [189/253] Building C object CMakeFiles/app.dir/mnt/host/source/src/platform/ec/build/zephyr/minimal-it8xxx2/modules/ec/builtin/stdlib.c.obj
[minimal-it8xxx2:ro] [137/253] Building C object zephyr/drivers/console/CMakeFiles/drivers__console.dir/uart_console.c.obj
[minimal-it8xxx2:ro] [138/253] Linking C static library zephyr/drivers/interrupt_controller/libdrivers__interrupt_controller.a
[ruby-ish:singleimage] [92/260] Building C object zephyr/CMakeFiles/zephyr.dir/subsys/pm/state.c.obj
[minimal-it8xxx2:rw] [190/253] Building C object CMakeFiles/app.dir/mnt/host/source/src/platform/ec/build/zephyr/minimal-it8xxx2/modules/ec/common/console_output.c.obj
[minimal-it8xxx2:ro] [139/253] Linking C static library zephyr/drivers/console/libdrivers__console.a
[ruby-ish:singleimage] [93/260] Building C object zephyr/CMakeFiles/zephyr.dir/subsys/pm/policy/policy_latency.c.obj
[minimal-it8xxx2:rw] [191/253] Building C object CMakeFiles/app.dir/mnt/host/source/src/platform/ec/build/zephyr/minimal-it8xxx2/modules/ec/common/base32.c.obj
[trulo-ti:ro] [51/417] Building C object CMakeFiles/app.dir/mnt/host/source/src/platform/ec/zephyr/subsys/ap_pwrseq/x86_non_dsx_common_pwrseq_sm_handler.c.obj
[minimal-it8xxx2:rw] [192/253] Building C object CMakeFiles/app.dir/mnt/host/source/src/platform/ec/build/zephyr/minimal-it8xxx2/modules/ec/common/peripheral.c.obj
[ruby-ish:singleimage] [94/260] Building C object zephyr/CMakeFiles/zephyr.dir/subsys/pm/policy/policy_events.c.obj
[minimal-it8xxx2:rw] [193/253] Building C object CMakeFiles/app.dir/mnt/host/source/src/platform/ec/build/zephyr/minimal-it8xxx2/modules/ec/common/gpio_commands.c.obj
[minimal-it8xxx2:rw] [194/253] Building C object CMakeFiles/app.dir/mnt/host/source/src/platform/ec/build/zephyr/minimal-it8xxx2/modules/ec/common/printf.c.obj
[minimal-it8xxx2:rw] [195/253] Building C object CMakeFiles/app.dir/mnt/host/source/src/platform/ec/build/zephyr/minimal-it8xxx2/modules/ec/common/ec_features.c.obj
[minimal-it8xxx2:ro] [140/253] Building C object zephyr/drivers/flash/CMakeFiles/drivers__flash.dir/flash_ite_it8xxx2.c.obj
[minimal-it8xxx2:ro] [141/253] Linking C static library zephyr/drivers/flash/libdrivers__flash.a
[trulo-ti:rw] [53/417] Building C object CMakeFiles/app.dir/mnt/host/source/src/platform/ec/zephyr/subsys/ap_pwrseq/x86_non_dsx_common_pwrseq_host_sleep.c.obj
[minimal-it8xxx2:ro] [142/253] Building C object zephyr/drivers/gpio/CMakeFiles/drivers__gpio.dir/gpio_kscan_ite_it8xxx2.c.obj
[ruby-ish:singleimage] [95/260] Building C object zephyr/CMakeFiles/zephyr.dir/subsys/pm/policy/policy_default.c.obj
[minimal-it8xxx2:ro] [143/253] Building C object zephyr/drivers/pinctrl/CMakeFiles/drivers__pinctrl.dir/common.c.obj
[ruby-ish:singleimage] [96/260] Building C object zephyr/CMakeFiles/zephyr.dir/subsys/pm/policy/policy_state_lock.c.obj
[minimal-it8xxx2:ro] [144/253] Building C object zephyr/drivers/gpio/CMakeFiles/drivers__gpio.dir/gpio_ite_it8xxx2.c.obj
[minimal-it8xxx2:rw] [196/253] Building C object CMakeFiles/app.dir/mnt/host/source/src/platform/ec/build/zephyr/minimal-it8xxx2/modules/ec/common/queue.c.obj
[minimal-it8xxx2:ro] [145/253] Linking C static library zephyr/drivers/gpio/libdrivers__gpio.a
[minimal-it8xxx2:ro] [146/253] Building C object zephyr/drivers/syscon/CMakeFiles/drivers__syscon.dir/mnt/host/source/src/third_party/zephyr/main/misc/empty_file.c.obj
[minimal-it8xxx2:rw] [197/253] Building C object CMakeFiles/app.dir/mnt/host/source/src/platform/ec/build/zephyr/minimal-it8xxx2/modules/ec/common/system_boot_time.c.obj
[ruby-ish:singleimage] [97/260] Building C object zephyr/CMakeFiles/zephyr.dir/subsys/pm/device.c.obj
[minimal-it8xxx2:rw] [198/253] Building C object CMakeFiles/app.dir/mnt/host/source/src/platform/ec/build/zephyr/minimal-it8xxx2/modules/ec/common/uart_printf.c.obj
[minimal-it8xxx2:ro] [147/253] Linking C static library zephyr/drivers/syscon/libdrivers__syscon.a
[minimal-it8xxx2:rw] [199/253] Building C object CMakeFiles/app.dir/mnt/host/source/src/platform/ec/build/zephyr/minimal-it8xxx2/modules/ec/common/util.c.obj
[minimal-it8xxx2:rw] [200/253] Building C object CMakeFiles/app.dir/mnt/host/source/src/platform/ec/build/zephyr/minimal-it8xxx2/modules/ec/common/version.c.obj
[minimal-it8xxx2:rw] [201/253] Building C object CMakeFiles/app.dir/mnt/host/source/src/platform/ec/build/zephyr/minimal-it8xxx2/modules/ec/common/system.c.obj
[minimal-it8xxx2:rw] [202/253] Building C object CMakeFiles/app.dir/mnt/host/source/src/platform/ec/build/zephyr/minimal-it8xxx2/modules/ec/common/cbi_common.c.obj
[ruby-ish:singleimage] [98/260] Building C object zephyr/CMakeFiles/zephyr.dir/subsys/testsuite/coverage/coverage.c.obj
[minimal-it8xxx2:ro] [148/253] Building C object zephyr/drivers/serial/CMakeFiles/drivers__serial.dir/uart_ns16550.c.obj
[ruby-ish:singleimage] [99/260] Building C object zephyr/CMakeFiles/zephyr.dir/subsys/pm/device_system_managed.c.obj
[ruby-ish:singleimage] [100/260] Building C object zephyr/CMakeFiles/zephyr.dir/subsys/tracing/tracing_none.c.obj
[minimal-it8xxx2:ro] [149/253] Building C object zephyr/drivers/pinctrl/CMakeFiles/drivers__pinctrl.dir/pinctrl_ite_it8xxx2.c.obj
[minimal-it8xxx2:ro] [150/253] Building C object zephyr/drivers/serial/CMakeFiles/drivers__serial.dir/uart_ite_it8xxx2.c.obj
[trulo-ti:ro] [52/417] Building C object CMakeFiles/app.dir/mnt/host/source/src/platform/ec/zephyr/subsys/ap_pwrseq/x86_non_dsx_chipset_power_state.c.obj
[minimal-it8xxx2:ro] [151/253] Building C object zephyr/drivers/timer/CMakeFiles/drivers__timer.dir/sys_clock_init.c.obj
[minimal-it8xxx2:ro] [152/253] Linking C static library zephyr/drivers/pinctrl/libdrivers__pinctrl.a
[minimal-it8xxx2:ro] [153/253] Linking C static library zephyr/drivers/serial/libdrivers__serial.a
[minimal-it8xxx2:rw] [203/253] Building C object CMakeFiles/app.dir/mnt/host/source/src/platform/ec/build/zephyr/minimal-it8xxx2/modules/ec/common/cbi.c.obj
[minimal-it8xxx2:rw] [204/253] Building C object CMakeFiles/app.dir/mnt/host/source/src/platform/ec/build/zephyr/minimal-it8xxx2/modules/ec/common/cbi_config.c.obj
[ruby-ish:singleimage] [101/260] Building C object zephyr/CMakeFiles/zephyr.dir/subsys/shell/modules/kernel_service/kernel_shell.c.obj
[trulo-ti:rw] [54/417] Building C object CMakeFiles/app.dir/mnt/host/source/src/platform/ec/zephyr/subsys/ap_pwrseq/x86_non_dsx_common_pwrseq_console.c.obj
[minimal-it8xxx2:rw] [205/253] Building C object CMakeFiles/app.dir/mnt/host/source/src/platform/ec/build/zephyr/minimal-it8xxx2/modules/ec/common/cbi_gpio.c.obj
[minimal-it8xxx2:rw] [206/253] Building C object CMakeFiles/app.dir/mnt/host/source/src/platform/ec/build/zephyr/minimal-it8xxx2/modules/ec/common/memory_commands.c.obj
[ruby-ish:singleimage] [102/260] Building C object zephyr/CMakeFiles/zephyr.dir/subsys/shell/modules/kernel_service/cycles.c.obj
[minimal-it8xxx2:rw] [207/253] Building C object CMakeFiles/app.dir/mnt/host/source/src/platform/ec/build/zephyr/minimal-it8xxx2/modules/ec/common/ap_reset_log.c.obj
[ruby-ish:singleimage] [103/260] Building C object zephyr/CMakeFiles/zephyr.dir/subsys/shell/modules/kernel_service/sleep.c.obj
[minimal-it8xxx2:rw] [208/253] Building C object CMakeFiles/app.dir/mnt/host/source/src/platform/ec/build/zephyr/minimal-it8xxx2/modules/ec/common/host_command.c.obj
[ruby-ish:singleimage] [104/260] Building C object zephyr/CMakeFiles/zephyr.dir/subsys/shell/modules/kernel_service/uptime.c.obj
[minimal-it8xxx2:rw] [209/253] Building C object CMakeFiles/app.dir/mnt/host/source/src/platform/ec/build/zephyr/minimal-it8xxx2/modules/ec/common/flash.c.obj
[minimal-it8xxx2:ro] [154/253] Building C object zephyr/drivers/watchdog/CMakeFiles/drivers__watchdog.dir/wdt_shell.c.obj
[minimal-it8xxx2:ro] [155/253] Building C object zephyr/drivers/timer/CMakeFiles/drivers__timer.dir/ite_it8xxx2_timer.c.obj
[minimal-it8xxx2:ro] [156/253] Building C object zephyr/drivers/watchdog/CMakeFiles/drivers__watchdog.dir/wdt_ite_it8xxx2.c.obj
[minimal-it8xxx2:rw] [210/253] Building C object CMakeFiles/app.dir/mnt/host/source/src/platform/ec/build/zephyr/minimal-it8xxx2/modules/ec/common/host_command_task.c.obj
[ruby-ish:singleimage] [105/260] Building C object zephyr/CMakeFiles/zephyr.dir/subsys/shell/modules/kernel_service/version.c.obj
[minimal-it8xxx2:rw] [211/253] Building C object CMakeFiles/app.dir/mnt/host/source/src/platform/ec/build/zephyr/minimal-it8xxx2/modules/ec/common/host_event_commands.c.obj
[minimal-it8xxx2:ro] [157/253] Linking C static library zephyr/drivers/timer/libdrivers__timer.a
[ruby-ish:singleimage] [106/260] Building C object zephyr/CMakeFiles/zephyr.dir/subsys/shell/modules/kernel_service/log-level.c.obj
[minimal-it8xxx2:ro] [158/253] Linking C static library zephyr/drivers/watchdog/libdrivers__watchdog.a
[minimal-it8xxx2:ro] [159/253] Building C object modules/ec/zephyr/CMakeFiles/ec_shim.dir/app/ec/ec_app_main.c.obj
[minimal-it8xxx2:rw] [212/253] Building C object CMakeFiles/app.dir/mnt/host/source/src/platform/ec/build/zephyr/minimal-it8xxx2/modules/ec/common/uptime.c.obj
[minimal-it8xxx2:rw] [213/253] Building C object CMakeFiles/app.dir/mnt/host/source/src/platform/ec/build/zephyr/minimal-it8xxx2/modules/ec/common/uart_hostcmd.c.obj
[minimal-it8xxx2:rw] [214/253] Building C object CMakeFiles/app.dir/mnt/host/source/src/platform/ec/build/zephyr/minimal-it8xxx2/modules/ec/common/panic_output.c.obj
[trulo-ti:ro] [53/417] Building C object CMakeFiles/app.dir/mnt/host/source/src/platform/ec/zephyr/subsys/ap_pwrseq/x86_non_dsx_common_pwrseq_host_sleep.c.obj
[ruby-ish:singleimage] [107/260] Building C object zephyr/CMakeFiles/zephyr.dir/subsys/shell/modules/kernel_service/reboot.c.obj
[trulo-ti:rw] [55/417] Building C object CMakeFiles/app.dir/mnt/host/source/src/platform/ec/zephyr/subsys/ap_pwrseq/x86_non_dsx_common_pwrseq_host_command.c.obj
[minimal-it8xxx2:rw] [215/253] Building C object CMakeFiles/app.dir/mnt/host/source/src/platform/ec/build/zephyr/minimal-it8xxx2/modules/ec/driver/sha256/sha256_it8xxx2.c.obj
[minimal-it8xxx2:ro] [160/253] Building C object modules/ec/zephyr/CMakeFiles/ec_shim.dir/app/ec/main_shim.c.obj
[ruby-ish:singleimage] [108/260] Building C object zephyr/CMakeFiles/zephyr.dir/subsys/shell/modules/kernel_service/thread/thread.c.obj
[ruby-ish:singleimage] [109/260] Building C object zephyr/CMakeFiles/zephyr.dir/subsys/shell/modules/kernel_service/thread/list.c.obj
[minimal-it8xxx2:rw] [216/253] Building C object CMakeFiles/app.dir/mnt/host/source/src/platform/ec/build/zephyr/minimal-it8xxx2/modules/ec/common/shared_mem.c.obj
[minimal-it8xxx2:rw] [217/253] Linking C static library modules/ec/zephyr/libec_shim.a
[minimal-it8xxx2:rw] [218/253] Building C object CMakeFiles/app.dir/mnt/host/source/src/platform/ec/build/zephyr/minimal-it8xxx2/modules/ec/common/timer.c.obj
[minimal-it8xxx2:ro] [161/253] Building C object modules/ec/zephyr/CMakeFiles/ec_shim.dir/shim/chip/it8xxx2/clock.c.obj
[minimal-it8xxx2:rw] [219/253] Building C object CMakeFiles/app.dir/mnt/host/source/src/platform/ec/build/zephyr/minimal-it8xxx2/modules/ec/common/vboot_hash.c.obj
[ruby-ish:singleimage] [110/260] Building C object zephyr/CMakeFiles/zephyr.dir/subsys/shell/modules/kernel_service/thread/stacks.c.obj
[minimal-it8xxx2:ro] [162/253] Building C object modules/ec/zephyr/CMakeFiles/ec_shim.dir/drivers/cros_flash/cros_flash_it8xxx2.c.obj
[minimal-it8xxx2:rw] [220/253] Building C object CMakeFiles/app.dir/mnt/host/source/src/platform/ec/build/zephyr/minimal-it8xxx2/modules/ec/common/chargen.c.obj
[minimal-it8xxx2:ro] [163/253] Building C object modules/ec/zephyr/CMakeFiles/ec_shim.dir/drivers/cros_system/cros_system_it8xxx2.c.obj
[minimal-it8xxx2:rw] [221/253] Building C object CMakeFiles/app.dir/mnt/host/source/src/platform/ec/build/zephyr/minimal-it8xxx2/modules/ec/common/vstore.c.obj
[minimal-it8xxx2:rw] [222/253] Building C object CMakeFiles/app.dir/mnt/host/source/src/platform/ec/build/zephyr/minimal-it8xxx2/modules/ec/common/math_util.c.obj
[ruby-ish:singleimage] [111/260] Building C object zephyr/CMakeFiles/zephyr.dir/subsys/shell/modules/kernel_service/thread/unwind.c.obj
[minimal-it8xxx2:rw] [223/253] Linking C static library app/libapp.a
[minimal-it8xxx2:rw] [224/253] Building C object zephyr/kernel/CMakeFiles/kernel.dir/device.c.obj
[minimal-it8xxx2:ro] [164/253] Building C object modules/ec/zephyr/CMakeFiles/ec_shim.dir/shim/chip/it8xxx2/gpio.c.obj
[ruby-ish:singleimage] [112/260] Building C object zephyr/CMakeFiles/zephyr.dir/subsys/shell/modules/kernel_service/thread/suspend.c.obj
[minimal-it8xxx2:rw] [225/253] Building C object zephyr/kernel/CMakeFiles/kernel.dir/errno.c.obj
[ruby-ish:singleimage] [113/260] Building C object zephyr/CMakeFiles/zephyr.dir/subsys/shell/modules/kernel_service/thread/resume.c.obj
[minimal-it8xxx2:rw] [226/253] Building C object zephyr/kernel/CMakeFiles/kernel.dir/version.c.obj
[minimal-it8xxx2:ro] [165/253] Building C object modules/ec/zephyr/CMakeFiles/ec_shim.dir/shim/src/crc.c.obj
[minimal-it8xxx2:ro] [166/253] Building C object modules/ec/zephyr/CMakeFiles/ec_shim.dir/shim/chip/it8xxx2/system.c.obj
[minimal-it8xxx2:rw] [227/253] Building C object zephyr/kernel/CMakeFiles/kernel.dir/fatal.c.obj
[minimal-it8xxx2:rw] [228/253] Building C object zephyr/kernel/CMakeFiles/kernel.dir/kheap.c.obj
[minimal-it8xxx2:rw] [229/253] Building C object zephyr/kernel/CMakeFiles/kernel.dir/init.c.obj
[trulo-ti:ro] [54/417] Building C object CMakeFiles/app.dir/mnt/host/source/src/platform/ec/zephyr/subsys/ap_pwrseq/x86_non_dsx_common_pwrseq_console.c.obj
[ruby-ish:singleimage] [114/260] Building C object zephyr/CMakeFiles/zephyr.dir/subsys/shell/modules/kernel_service/thread/kill.c.obj
[minimal-it8xxx2:ro] [167/253] Building C object modules/ec/zephyr/CMakeFiles/ec_shim.dir/shim/chip/it8xxx2/power_policy.c.obj
[minimal-it8xxx2:rw] [230/253] Building C object zephyr/kernel/CMakeFiles/kernel.dir/mem_slab.c.obj
[minimal-it8xxx2:rw] [231/253] Building C object zephyr/kernel/CMakeFiles/kernel.dir/float.c.obj
[minimal-it8xxx2:ro] [168/253] Building C object modules/ec/zephyr/CMakeFiles/ec_shim.dir/shim/src/console.c.obj
[trulo-ti:rw] [56/417] Building C object CMakeFiles/app.dir/mnt/host/source/src/platform/ec/zephyr/subsys/ap_pwrseq/x86_non_dsx_adlp_pwrseq_sm.c.obj
[minimal-it8xxx2:rw] [232/253] Building C object zephyr/kernel/CMakeFiles/kernel.dir/mailbox.c.obj
[minimal-it8xxx2:rw] [233/253] Building C object zephyr/kernel/CMakeFiles/kernel.dir/idle.c.obj
[ruby-ish:singleimage] [115/260] Building C object zephyr/CMakeFiles/zephyr.dir/subsys/shell/backends/shell_uart.c.obj
[minimal-it8xxx2:rw] [234/253] Building C object zephyr/kernel/CMakeFiles/kernel.dir/mutex.c.obj
[minimal-it8xxx2:ro] [169/253] Building C object modules/ec/zephyr/CMakeFiles/ec_shim.dir/shim/src/gpio_int.c.obj
[minimal-it8xxx2:rw] [235/253] Building C object zephyr/kernel/CMakeFiles/kernel.dir/msg_q.c.obj
[minimal-it8xxx2:ro] [170/253] Building C object modules/ec/zephyr/CMakeFiles/ec_shim.dir/shim/src/gpio.c.obj
[ruby-ish:singleimage] [116/260] Building C object zephyr/CMakeFiles/zephyr.dir/subsys/shell/shell_fprintf.c.obj
[ruby-ish:singleimage] [117/260] Building C object zephyr/CMakeFiles/zephyr.dir/subsys/shell/shell.c.obj
[minimal-it8xxx2:ro] [171/253] Building C object modules/ec/zephyr/CMakeFiles/ec_shim.dir/shim/src/panic_utils.c.obj
[minimal-it8xxx2:rw] [236/253] Building C object zephyr/kernel/CMakeFiles/kernel.dir/queue.c.obj
[minimal-it8xxx2:rw] [237/253] Building C object zephyr/kernel/CMakeFiles/kernel.dir/sem.c.obj
[minimal-it8xxx2:ro] [172/253] Building C object modules/ec/zephyr/CMakeFiles/ec_shim.dir/shim/src/pm_state.c.obj
[minimal-it8xxx2:rw] [238/253] Building C object zephyr/kernel/CMakeFiles/kernel.dir/stack.c.obj
[minimal-it8xxx2:rw] [239/253] Building C object zephyr/kernel/CMakeFiles/kernel.dir/system_work_q.c.obj
[trulo-ti:ro] [55/417] Building C object CMakeFiles/app.dir/mnt/host/source/src/platform/ec/zephyr/subsys/ap_pwrseq/x86_non_dsx_common_pwrseq_host_command.c.obj
[minimal-it8xxx2:rw] [240/253] Building C object zephyr/kernel/CMakeFiles/kernel.dir/work.c.obj
[ruby-ish:singleimage] [118/260] Building C object zephyr/CMakeFiles/zephyr.dir/subsys/shell/shell_utils.c.obj
[minimal-it8xxx2:ro] [173/253] Building C object modules/ec/zephyr/CMakeFiles/ec_shim.dir/shim/src/cbi/cros_cbi.c.obj
[minimal-it8xxx2:rw] [241/253] Building C object zephyr/kernel/CMakeFiles/kernel.dir/condvar.c.obj
[trulo-ti:rw] [57/417] Building C object CMakeFiles/app.dir/mnt/host/source/src/platform/ec/zephyr/subsys/ap_pwrseq/ap_reset_log.c.obj
[ruby-ish:singleimage] [119/260] Building C object zephyr/CMakeFiles/zephyr.dir/subsys/shell/shell_ops.c.obj
[ruby-ish:singleimage] [120/260] Building C object zephyr/CMakeFiles/zephyr.dir/subsys/shell/shell_log_backend.c.obj
[minimal-it8xxx2:ro] [174/253] Building C object modules/ec/zephyr/CMakeFiles/ec_shim.dir/shim/src/system.c.obj
[minimal-it8xxx2:rw] [242/253] Building C object zephyr/kernel/CMakeFiles/kernel.dir/thread.c.obj
[minimal-it8xxx2:rw] [243/253] Building C object zephyr/kernel/CMakeFiles/kernel.dir/sched.c.obj
[minimal-it8xxx2:ro] [175/253] Building C object modules/ec/zephyr/CMakeFiles/ec_shim.dir/shim/src/flash.c.obj
[minimal-it8xxx2:rw] [244/253] Building C object zephyr/kernel/CMakeFiles/kernel.dir/pipe.c.obj
[minimal-it8xxx2:rw] [245/253] Building C object zephyr/kernel/CMakeFiles/kernel.dir/thread_monitor.c.obj
[minimal-it8xxx2:rw] [246/253] Building C object zephyr/kernel/CMakeFiles/kernel.dir/spinlock_validate.c.obj
[ruby-ish:singleimage] [121/260] Building C object zephyr/CMakeFiles/zephyr.dir/subsys/shell/shell_help.c.obj
[minimal-it8xxx2:ro] [176/253] Building C object modules/ec/zephyr/CMakeFiles/ec_shim.dir/shim/src/hooks.c.obj
[ruby-ish:singleimage] [122/260] Building C object zephyr/CMakeFiles/zephyr.dir/subsys/shell/shell_history.c.obj
[minimal-it8xxx2:rw] [247/253] Building C object zephyr/kernel/CMakeFiles/kernel.dir/timeout.c.obj
[minimal-it8xxx2:rw] [248/253] Building C object zephyr/kernel/CMakeFiles/kernel.dir/timer.c.obj
[ruby-ish:singleimage] [123/260] Building C object zephyr/CMakeFiles/zephyr.dir/mnt/host/source/src/third_party/zephyrproject/modules/hal/intel/zephyr/bsp_sedi/bsp_sedi_rtos_utils.c.obj
[minimal-it8xxx2:ro] [177/253] Building C object modules/ec/zephyr/CMakeFiles/ec_shim.dir/shim/src/host_command.c.obj
[ruby-ish:singleimage] [124/260] Linking CXX static library zephyr/libzephyr.a
[minimal-it8xxx2:ro] [178/253] Building C object modules/ec/zephyr/CMakeFiles/ec_shim.dir/shim/src/console_buffer.c.obj
[minimal-it8xxx2:rw] [249/253] Building C object zephyr/kernel/CMakeFiles/kernel.dir/poll.c.obj
[minimal-it8xxx2:rw] [250/253] Building C object zephyr/kernel/CMakeFiles/kernel.dir/events.c.obj
[ruby-ish:singleimage] [125/260] Building C object zephyr/arch/common/CMakeFiles/arch__common.dir/init.c.obj
[minimal-it8xxx2:ro] [179/253] Building C object modules/ec/zephyr/CMakeFiles/ec_shim.dir/shim/src/panic.c.obj
[minimal-it8xxx2:rw] [251/253] Building C object zephyr/kernel/CMakeFiles/kernel.dir/mempool.c.obj
[voltorb:rw] Building: /usr/bin/ninja -C /mnt/host/source/src/platform/ec/build/zephyr/voltorb/build-rw all.libraries
Running `env -i SHELL=/bin/bash COLORTERM=truecolor DEPOT_TOOLS_UPDATE=0 LESS='-R -M --shift 5' SUDO_GID=0 JDK_HOME=/etc/java-config-2/current-system-vm CONFIG_PROTECT_MASK='/etc/gentoo-release /etc/sandbox.d /etc/fonts/fonts.conf /etc/terminfo /etc/ca-certificates.conf /etc/revdep-rebuild' CHROMEOS_CACHEDIR=/var/cache/chromeos-cache JAVA_HOME=/etc/java-config-2/current-system-vm SSH_AUTH_SOCK=/tmp/ssh-auth-sock SUDO_COMMAND=/bin/bash SUDO_USER=root SUDO_TTY=/dev/pts/2 EDITOR=/usr/bin/vi PWD=/mnt/host/source/src/platform/ec CONFIG_PROTECT=/usr/share/gnupg/qualified.txt LOGNAME=jpmurphy MANPATH=/etc/java-config-2/current-system-vm/man:/usr/local/share/man:/usr/share/man:/usr/share/gcc-data/x86_64-pc-linux-gnu/10.2.0/man:/usr/share/binutils-data/x86_64-pc-linux-gnu/2.45/man:/etc/java-config-2/current-system-vm/man/ SUDO_HOME=/root XAUTHORITY=/run/user/944457/gdm/Xauthority HOME=/home/jpmurphy LANG=C.UTF-8 LS_COLORS='rs=0:di=01;34:ln=01;36:mh=00:pi=40;33:so=01;35:do=01;35:bd=40;33;01:cd=40;33;01:or=01;05;37;41:mi=01;05;37;41:su=37;41:sg=30;43:ca=30;41:tw=30;42:ow=34;42:st=37;44:ex=01;32:*.tar=01;31:*.tgz=01;31:*.arc=01;31:*.arj=01;31:*.taz=01;31:*.lha=01;31:*.lz4=01;31:*.lzh=01;31:*.lzma=01;31:*.tlz=01;31:*.txz=01;31:*.tzo=01;31:*.t7z=01;31:*.zip=01;31:*.z=01;31:*.dz=01;31:*.gz=01;31:*.lrz=01;31:*.lz=01;31:*.lzo=01;31:*.xz=01;31:*.zst=01;31:*.tzst=01;31:*.bz2=01;31:*.bz=01;31:*.tbz=01;31:*.tbz2=01;31:*.tz=01;31:*.deb=01;31:*.rpm=01;31:*.jar=01;31:*.war=01;31:*.ear=01;31:*.sar=01;31:*.rar=01;31:*.alz=01;31:*.ace=01;31:*.zoo=01;31:*.cpio=01;31:*.7z=01;31:*.rz=01;31:*.cab=01;31:*.wim=01;31:*.swm=01;31:*.dwm=01;31:*.esd=01;31:*.jpg=01;35:*.jpeg=01;35:*.mjpg=01;35:*.mjpeg=01;35:*.gif=01;35:*.bmp=01;35:*.pbm=01;35:*.pgm=01;35:*.ppm=01;35:*.tga=01;35:*.xbm=01;35:*.xpm=01;35:*.tif=01;35:*.tiff=01;35:*.png=01;35:*.svg=01;35:*.svgz=01;35:*.mng=01;35:*.pcx=01;35:*.mov=01;35:*.mpg=01;35:*.mpeg=01;35:*.m2v=01;35:*.mkv=01;35:*.webm=01;35:*.webp=01;35:*.ogm=01;35:*.mp4=01;35:*.m4v=01;35:*.mp4v=01;35:*.vob=01;35:*.qt=01;35:*.nuv=01;35:*.wmv=01;35:*.asf=01;35:*.rm=01;35:*.rmvb=01;35:*.flc=01;35:*.avi=01;35:*.fli=01;35:*.flv=01;35:*.gl=01;35:*.dl=01;35:*.xcf=01;35:*.xwd=01;35:*.yuv=01;35:*.cgm=01;35:*.emf=01;35:*.ogv=01;35:*.ogx=01;35:*.cfg=00;32:*.conf=00;32:*.diff=00;32:*.doc=00;32:*.ini=00;32:*.log=00;32:*.patch=00;32:*.pdf=00;32:*.ps=00;32:*.tex=00;32:*.txt=00;32:*.aac=00;36:*.au=00;36:*.flac=00;36:*.m4a=00;36:*.mid=00;36:*.midi=00;36:*.mka=00;36:*.mp3=00;36:*.mpc=00;36:*.ogg=00;36:*.ra=00;36:*.wav=00;36:*.oga=00;36:*.opus=00;36:*.spx=00;36:*.xspf=00;36:' XDG_CURRENT_DESKTOP=GNOME INFOPATH=/usr/share/info:/usr/share/gcc-data/x86_64-pc-linux-gnu/10.2.0/info:/usr/share/binutils-data/x86_64-pc-linux-gnu/2.45/info:/usr/share/automake-1.16.5/info JAVAC=/etc/java-config-2/current-system-vm/bin/javac TERM=xterm-256color LESSOPEN='|lesspipe %s' USER=jpmurphy CROS_WORKON_SRCROOT=/mnt/host/source MANPAGER=manpager DISPLAY=:1 SHLVL=1 LC_MESSAGES=C EXTERNAL_TRUNK_PATH=/mnt/8f9d649a-3721-44cc-93c0-e6bd21a9689f/chromiumos GCC_SPECS='' PATH=/mnt/host/source/chromite/bin:/usr/local/bin:/usr/bin:/bin:/opt/bin:/mnt/host/source/chromite/sdk/bin:/mnt/host/source/chromite/bin PORTAGE_USERNAME=jpmurphy SUDO_UID=0 GCC_VER=10.2.0 MAIL=/var/mail/jpmurphy OLDPWD=/mnt/host/source/src/scripts traceparent=00-e87aca51550a78635907baa6a2476181-6d684811675d2973-01 _=./zephyr/firmware_builder.py COREBOOT_SDK_ROOT_x86=/home/jpmurphy/.cache/coreboot-sdk/i386-elf/dfbb0486385d938cfa9d73080b9d18d598ed4f49 COREBOOT_SDK_ROOT_picolibc_x86=/home/jpmurphy/.cache/coreboot-sdk/picolibc-i386-elf/eb8e8e687b95461de8cbf278f1c2076952d0ad17 COREBOOT_SDK_ROOT_riscv64=/home/jpmurphy/.cache/coreboot-sdk/riscv64-elf/96b949749225b6aaa92ed810ab769e8dfb12f000 COREBOOT_SDK_ROOT_picolibc_arm=/home/jpmurphy/.cache/coreboot-sdk/picolibc-arm-eabi/422a2aa3e1ef891b5bece9a3deb696ff83840d2e COREBOOT_SDK_ROOT_nds32=/home/jpmurphy/.cache/coreboot-sdk/nds32le-elf/d1a518c4a097666d86058e1444f85ca015d15511 COREBOOT_SDK_ROOT_picolibc_riscv64=/home/jpmurphy/.cache/coreboot-sdk/picolibc-riscv64-elf/f571e990ef0278564b31124f8bb109d9a697eb69 COREBOOT_SDK_ROOT_arm=/home/jpmurphy/.cache/coreboot-sdk/arm-eabi/ea40ddd1d190c3b48435c474c0b545719371813a COREBOOT_SDK_ROOT_libstdcxx_riscv64=/home/jpmurphy/.cache/coreboot-sdk/libstdcxx-riscv64-elf/17abf22a3a252e2d5d2062ced5324f7a623689e0 COREBOOT_SDK_ROOT_libstdcxx_arm=/home/jpmurphy/.cache/coreboot-sdk/libstdcxx-arm-eabi/5d7d82e150e44aa1968f1d366e267e6687b328ac COREBOOT_SDK_ROOT_riscv=/home/jpmurphy/.cache/coreboot-sdk/riscv-elf/9a27b9e82341c6e9126624f516ab3f261abb3e73 COREBOOT_SDK_ROOT_libstdcxx_x86=/home/jpmurphy/.cache/coreboot-sdk/libstdcxx-i386-elf/42ef9d2e87a76a37963175d7d428734e65648b87 PYTHONPATH=/mnt/host/source/src/platform/ec/zephyr/zmake PW_PIGWEED_CIPD_INSTALL_DIR=/usr CROSTC_USER_ACKNOWLEDGES_THAT_RISCV_IS_EXPERIMENTAL=1 MAKEFLAGS=' -j16 --jobserver-auth=5,6' /usr/bin/ninja -C /mnt/host/source/src/platform/ec/build/zephyr/voltorb/build-rw all.libraries`
[minimal-it8xxx2:rw] [252/253] Building C object zephyr/kernel/CMakeFiles/kernel.dir/dynamic_disabled.c.obj
[voltorb:rw] ninja: Entering directory `/mnt/host/source/src/platform/ec/build/zephyr/voltorb/build-rw'
[ruby-ish:singleimage] [126/260] Linking CXX static library zephyr/arch/common/libarch__common.a
[minimal-it8xxx2:ro] [180/253] cd /mnt/host/source/src/platform/ec/build/zephyr/minimal-it8xxx2/build-ro/modules/ec/zephyr && PYTHONPATH=/mnt/host/source/src/platform/ec/build/zephyr/minimal-it8xxx2/modules/ec/zephyr/zmake/ /usr/bin/python3.11 /mnt/host/source/src/platform/ec/build/zephyr/minimal-it8xxx2/modules/ec/zephyr/zmake/zephyr_build_tools/generate_ec_version.py /mnt/host/source/src/platform/ec/build/zephyr/minimal-it8xxx2/build-ro/modules/ec/zephyr/include/ec_version.h --name Zephyr-Kernel --version 16543.0.0 --static
[minimal-it8xxx2:ro] INFO:root:Using a static version string
[ruby-ish:singleimage] [127/260] Building C object zephyr/arch/arch/x86/core/CMakeFiles/arch__x86__core.dir/cpuhalt.c.obj
[minimal-it8xxx2:ro] INFO:root:Version string: Zephyr-Kernel-16543.0.0
[minimal-it8xxx2:ro] INFO:root:Writing header to /mnt/host/source/src/platform/ec/build/zephyr/minimal-it8xxx2/build-ro/modules/ec/zephyr/include/ec_version.h
[minimal-it8xxx2:ro] [181/253] Building C object modules/ec/zephyr/CMakeFiles/ec_shim.dir/shim/src/hwtimer.c.obj
[minimal-it8xxx2:rw] [253/253] Linking C static library zephyr/kernel/libkernel.a
[ruby-ish:singleimage] [128/260] Building C object zephyr/arch/arch/x86/core/CMakeFiles/arch__x86__core.dir/cpuid.c.obj
[ruby-ish:singleimage] [129/260] Building C object zephyr/arch/arch/x86/core/CMakeFiles/arch__x86__core.dir/prep_c.c.obj
[ruby-ish:singleimage] [130/260] Building C object zephyr/arch/arch/x86/core/CMakeFiles/arch__x86__core.dir/fatal.c.obj
[trulo-ti:ro] [56/417] Building C object CMakeFiles/app.dir/mnt/host/source/src/platform/ec/zephyr/subsys/ap_pwrseq/x86_non_dsx_adlp_pwrseq_sm.c.obj
[ruby-ish:singleimage] [131/260] Building C object zephyr/arch/arch/x86/core/CMakeFiles/arch__x86__core.dir/spec_ctrl.c.obj
[minimal-it8xxx2:ro] [182/253] Building C object modules/ec/zephyr/CMakeFiles/ec_shim.dir/shim/src/watchdog.c.obj
[minimal-it8xxx2:ro] [183/253] Building C object modules/ec/zephyr/CMakeFiles/ec_shim.dir/shim/src/usbc_stub.c.obj
[trulo-ti:rw] [58/417] Building C object CMakeFiles/app.dir/mnt/host/source/src/platform/ec/zephyr/subsys/pd_controller/pdc_pmc_debug.c.obj
[ruby-ish:singleimage] [132/260] Building C object zephyr/arch/arch/x86/core/CMakeFiles/arch__x86__core.dir/reboot_rst_cnt.c.obj
[voltorb:rw] [1/386] Generating include/generated/zephyr/version.h
[voltorb:rw] -- git describe warned: warning: tag 'upstream/v2.7.99' is externally known as 'v2.7.99'
[ruby-ish:singleimage] [133/260] Building C object zephyr/arch/arch/x86/core/CMakeFiles/arch__x86__core.dir/tls.c.obj
[voltorb:rw] -- Zephyr version: 4.3.99 (/mnt/host/source/src/third_party/zephyr/main)
[minimal-it8xxx2:ro] [184/253] Building C object CMakeFiles/app.dir/mnt/host/source/src/platform/ec/zephyr/subsys/ap_pwrseq/ap_events.c.obj
[voltorb:rw] [2/386] Preparing syscall dependency handling
[ruby-ish:singleimage] [134/260] Building ASM object zephyr/arch/arch/x86/core/CMakeFiles/arch__x86__core.dir/ia32/crt0.S.obj
[minimal-it8xxx2:ro] [185/253] Building C object modules/ec/zephyr/CMakeFiles/ec_shim.dir/shim/src/tasks.c.obj
[ruby-ish:singleimage] [135/260] Building ASM object zephyr/arch/arch/x86/core/CMakeFiles/arch__x86__core.dir/ia32/excstub.S.obj
[ruby-ish:singleimage] [136/260] Building ASM object zephyr/arch/arch/x86/core/CMakeFiles/arch__x86__core.dir/ia32/intstub.S.obj
[voltorb:rw] [3/386] Generating misc/generated/syscalls_subdirs.trigger
[minimal-it8xxx2:ro] [186/253] Building C object CMakeFiles/app.dir/mnt/host/source/src/platform/ec/build/zephyr/minimal-it8xxx2/modules/ec/builtin/stdlib.c.obj
[ruby-ish:singleimage] [137/260] Building C object zephyr/arch/arch/x86/core/CMakeFiles/arch__x86__core.dir/ia32/irq_manage.c.obj
[ruby-ish:singleimage] [138/260] Building ASM object zephyr/arch/arch/x86/core/CMakeFiles/arch__x86__core.dir/ia32/swap.S.obj
[ruby-ish:singleimage] [139/260] Building C object zephyr/arch/arch/x86/core/CMakeFiles/arch__x86__core.dir/ia32/tls.c.obj
[minimal-it8xxx2:ro] [187/253] Building C object CMakeFiles/app.dir/mnt/host/source/src/platform/ec/build/zephyr/minimal-it8xxx2/modules/ec/common/base32.c.obj
[ruby-ish:singleimage] [140/260] Building C object zephyr/arch/arch/x86/core/CMakeFiles/arch__x86__core.dir/ia32/thread.c.obj
[minimal-it8xxx2:ro] [188/253] Building C object CMakeFiles/app.dir/mnt/host/source/src/platform/ec/build/zephyr/minimal-it8xxx2/modules/ec/common/console_output.c.obj
[ruby-ish:singleimage] [141/260] Building C object zephyr/arch/arch/x86/core/CMakeFiles/arch__x86__core.dir/ia32/fatal.c.obj
[ruby-ish:singleimage] [142/260] Building C object zephyr/arch/arch/x86/core/CMakeFiles/arch__x86__core.dir/ia32/soft_float_stubs.c.obj
[trulo-ti:ro] [57/417] Building C object CMakeFiles/app.dir/mnt/host/source/src/platform/ec/zephyr/subsys/ap_pwrseq/ap_reset_log.c.obj
[minimal-it8xxx2:ro] [189/253] Building C object CMakeFiles/app.dir/mnt/host/source/src/platform/ec/build/zephyr/minimal-it8xxx2/modules/ec/common/peripheral.c.obj
[ruby-ish:singleimage] [143/260] Linking CXX static library zephyr/arch/arch/x86/core/libarch__x86__core.a
[ruby-ish:singleimage] [144/260] Building C object zephyr/lib/libc/picolibc/CMakeFiles/lib__libc__picolibc.dir/assert.c.obj
[minimal-it8xxx2:ro] [190/253] Building C object CMakeFiles/app.dir/mnt/host/source/src/platform/ec/build/zephyr/minimal-it8xxx2/modules/ec/common/gpio_commands.c.obj
[ruby-ish:singleimage] [145/260] Building C object zephyr/lib/libc/picolibc/CMakeFiles/lib__libc__picolibc.dir/cbprintf.c.obj
[minimal-it8xxx2:ro] [191/253] Building C object CMakeFiles/app.dir/mnt/host/source/src/platform/ec/build/zephyr/minimal-it8xxx2/modules/ec/common/ec_features.c.obj
[ruby-ish:singleimage] [146/260] Building C object zephyr/lib/libc/picolibc/CMakeFiles/lib__libc__picolibc.dir/chk_fail.c.obj
[voltorb:rw] [4/386] Generating misc/generated/syscalls.json, misc/generated/struct_tags.json
[trulo-ti:rw] [59/417] Building C object CMakeFiles/app.dir/mnt/host/source/src/platform/ec/zephyr/subsys/pd_controller/pdc_host_cmd.c.obj
[ruby-ish:singleimage] [147/260] Building C object zephyr/lib/libc/picolibc/CMakeFiles/lib__libc__picolibc.dir/errno_wrap.c.obj
[ruby-ish:singleimage] [148/260] Building C object zephyr/lib/libc/picolibc/CMakeFiles/lib__libc__picolibc.dir/exit.c.obj
[voltorb:rw] [5/386] Generating include/generated/zephyr/syscall_dispatch.c, include/generated/zephyr/syscall_exports_llext.c, syscall_weakdefs_llext.c, include/generated/zephyr/syscall_list.h
[minimal-it8xxx2:ro] [192/253] Building C object CMakeFiles/app.dir/mnt/host/source/src/platform/ec/build/zephyr/minimal-it8xxx2/modules/ec/common/printf.c.obj
[ruby-ish:singleimage] [149/260] Building C object zephyr/lib/libc/picolibc/CMakeFiles/lib__libc__picolibc.dir/stdio.c.obj
[ruby-ish:singleimage] [150/260] Building C object zephyr/lib/libc/picolibc/CMakeFiles/lib__libc__picolibc.dir/locks.c.obj
[ruby-ish:singleimage] [151/260] Building C object zephyr/lib/posix/c_lib_ext/CMakeFiles/lib__posix__c_lib_ext.dir/fnmatch.c.obj
[ruby-ish:singleimage] [152/260] Building C object zephyr/lib/libc/common/CMakeFiles/lib__libc__common.dir/source/time/time.c.obj
[ruby-ish:singleimage] [153/260] Linking CXX static library zephyr/lib/libc/picolibc/liblib__libc__picolibc.a
[ruby-ish:singleimage] [154/260] Building C object zephyr/lib/libc/common/CMakeFiles/lib__libc__common.dir/source/stdlib/abort.c.obj
[voltorb:rw] [6/386] Generating include/generated/zephyr/driver-validation.h
[ruby-ish:singleimage] [155/260] Linking CXX static library zephyr/lib/libc/common/liblib__libc__common.a
[ruby-ish:singleimage] [156/260] Building C object zephyr/subsys/crc/CMakeFiles/subsys__crc.dir/crc8_sw.c.obj
[ruby-ish:singleimage] [157/260] Building C object zephyr/subsys/crc/CMakeFiles/subsys__crc.dir/crc4_sw.c.obj
[ruby-ish:singleimage] [158/260] Building C object zephyr/subsys/crc/CMakeFiles/subsys__crc.dir/crc16_sw.c.obj
[minimal-it8xxx2:ro] [193/253] Building C object CMakeFiles/app.dir/mnt/host/source/src/platform/ec/build/zephyr/minimal-it8xxx2/modules/ec/common/queue.c.obj
[minimal-it8xxx2:ro] [194/253] Building C object CMakeFiles/app.dir/mnt/host/source/src/platform/ec/build/zephyr/minimal-it8xxx2/modules/ec/common/system_boot_time.c.obj
[ruby-ish:singleimage] [159/260] Building C object zephyr/lib/posix/c_lib_ext/CMakeFiles/lib__posix__c_lib_ext.dir/getentropy.c.obj
[ruby-ish:singleimage] [160/260] Building C object zephyr/subsys/crc/CMakeFiles/subsys__crc.dir/crc7_sw.c.obj
[voltorb:rw] [7/386] Generating include/generated/zephyr/kobj-types-enum.h, include/generated/zephyr/otype-to-str.h, include/generated/zephyr/otype-to-size.h
[minimal-it8xxx2:ro] [195/253] Building C object CMakeFiles/app.dir/mnt/host/source/src/platform/ec/build/zephyr/minimal-it8xxx2/modules/ec/common/uart_printf.c.obj
[minimal-it8xxx2:ro] [196/253] Building C object CMakeFiles/app.dir/mnt/host/source/src/platform/ec/build/zephyr/minimal-it8xxx2/modules/ec/common/system.c.obj
[voltorb:rw] [8/386] Generating include/generated/device-api-sections.ld, include/generated/device-api-sections.cmake
[ruby-ish:singleimage] [161/260] Building C object zephyr/lib/posix/c_lib_ext/CMakeFiles/lib__posix__c_lib_ext.dir/getopt_shim.c.obj
[ruby-ish:singleimage] [162/260] Building C object zephyr/subsys/crc/CMakeFiles/subsys__crc.dir/crc32_sw.c.obj
[ruby-ish:singleimage] [163/260] Building C object zephyr/subsys/crc/CMakeFiles/subsys__crc.dir/crc32c_sw.c.obj
[ruby-ish:singleimage] [164/260] Building C object zephyr/subsys/crc/CMakeFiles/subsys__crc.dir/crc32k_4_2_sw.c.obj
[ruby-ish:singleimage] [165/260] Building C object zephyr/subsys/crc/CMakeFiles/subsys__crc.dir/crc24_sw.c.obj
[ruby-ish:singleimage] [166/260] Linking CXX static library zephyr/lib/posix/c_lib_ext/liblib__posix__c_lib_ext.a
[ruby-ish:singleimage] [167/260] Linking CXX static library zephyr/subsys/crc/libsubsys__crc.a
[minimal-it8xxx2:ro] [197/253] Building C object CMakeFiles/app.dir/mnt/host/source/src/platform/ec/build/zephyr/minimal-it8xxx2/modules/ec/common/util.c.obj
[minimal-it8xxx2:ro] [198/253] Building C object CMakeFiles/app.dir/mnt/host/source/src/platform/ec/build/zephyr/minimal-it8xxx2/modules/ec/common/version.c.obj
[ruby-ish:singleimage] [168/260] Building C object zephyr/drivers/interrupt_controller/CMakeFiles/drivers__interrupt_controller.dir/intc_ioapic.c.obj
[ruby-ish:singleimage] [169/260] Building C object zephyr/drivers/gpio/CMakeFiles/drivers__gpio.dir/mnt/host/source/src/third_party/zephyrproject/modules/hal/intel/bsp_sedi/drivers/gpio/sedi_gpio.c.obj
[trulo-ti:ro] [58/417] Building C object CMakeFiles/app.dir/mnt/host/source/src/platform/ec/zephyr/subsys/pd_controller/pdc_pmc_debug.c.obj
[trulo-ti:rw] [60/417] Building C object CMakeFiles/app.dir/mnt/host/source/src/platform/ec/zephyr/subsys/pd_controller/pdc_console.c.obj
[minimal-it8xxx2:ro] [199/253] Building C object CMakeFiles/app.dir/mnt/host/source/src/platform/ec/build/zephyr/minimal-it8xxx2/modules/ec/common/cbi_common.c.obj
[ruby-ish:singleimage] [170/260] Building C object zephyr/drivers/interrupt_controller/CMakeFiles/drivers__interrupt_controller.dir/intc_system_apic.c.obj
[trulo-ti:rw] [61/417] Building C object CMakeFiles/app.dir/mnt/host/source/src/platform/ec/zephyr/subsys/pd_controller/pdc_stub.c.obj
[ruby-ish:singleimage] [171/260] Building C object zephyr/drivers/interrupt_controller/CMakeFiles/drivers__interrupt_controller.dir/intc_loapic.c.obj
[ruby-ish:singleimage] [172/260] Building C object zephyr/drivers/console/CMakeFiles/drivers__console.dir/uart_console.c.obj
[ruby-ish:singleimage] [173/260] Linking CXX static library zephyr/drivers/interrupt_controller/libdrivers__interrupt_controller.a
[ruby-ish:singleimage] [174/260] Building C object zephyr/drivers/gpio/CMakeFiles/drivers__gpio.dir/gpio_sedi.c.obj
[ruby-ish:singleimage] [175/260] Linking CXX static library zephyr/drivers/console/libdrivers__console.a
[minimal-it8xxx2:ro] [200/253] Building C object CMakeFiles/app.dir/mnt/host/source/src/platform/ec/build/zephyr/minimal-it8xxx2/modules/ec/common/cbi.c.obj
[ruby-ish:singleimage] [176/260] Linking CXX static library zephyr/drivers/gpio/libdrivers__gpio.a
[voltorb:rw] [9/386] Building C object zephyr/CMakeFiles/offsets.dir/arch/arm/core/offsets/offsets.c.obj
[minimal-it8xxx2:ro] [201/253] Building C object CMakeFiles/app.dir/mnt/host/source/src/platform/ec/build/zephyr/minimal-it8xxx2/modules/ec/common/cbi_config.c.obj
[ruby-ish:singleimage] [177/260] Building C object zephyr/drivers/i2c/CMakeFiles/drivers__i2c.dir/mnt/host/source/src/third_party/zephyrproject/modules/hal/intel/bsp_sedi/drivers/i2c/sedi_i2c_dw_apb_200a.c.obj
[ruby-ish:singleimage] [178/260] Building C object zephyr/drivers/ipm/CMakeFiles/drivers__ipm.dir/mnt/host/source/src/third_party/zephyrproject/modules/hal/intel/bsp_sedi/drivers/ipc/sedi_ipc.c.obj
[ruby-ish:singleimage] [179/260] Building C object zephyr/drivers/i2c/CMakeFiles/drivers__i2c.dir/i2c_shell.c.obj
[voltorb:rw] [10/386] Generating include/generated/zephyr/offsets.h
[ruby-ish:singleimage] [180/260] Building C object zephyr/drivers/i2c/CMakeFiles/drivers__i2c.dir/i2c_common.c.obj
[ruby-ish:singleimage] [181/260] Linking CXX static library zephyr/drivers/syscon/libdrivers__syscon.a
[minimal-it8xxx2:ro] [202/253] Building C object CMakeFiles/app.dir/mnt/host/source/src/platform/ec/build/zephyr/minimal-it8xxx2/modules/ec/common/cbi_gpio.c.obj
[minimal-it8xxx2:ro] [203/253] Building C object CMakeFiles/app.dir/mnt/host/source/src/platform/ec/build/zephyr/minimal-it8xxx2/modules/ec/common/memory_commands.c.obj
[ruby-ish:singleimage] [182/260] Building C object zephyr/drivers/i2c/CMakeFiles/drivers__i2c.dir/i2c_sedi.c.obj
[ruby-ish:singleimage] [183/260] Linking CXX static library zephyr/drivers/i2c/libdrivers__i2c.a
[minimal-it8xxx2:ro] [204/253] Building C object CMakeFiles/app.dir/mnt/host/source/src/platform/ec/build/zephyr/minimal-it8xxx2/modules/ec/common/ap_reset_log.c.obj
[ruby-ish:singleimage] [184/260] Building C object zephyr/drivers/ipm/CMakeFiles/drivers__ipm.dir/ipm_sedi.c.obj
[trulo-ti:rw] [62/417] Building C object CMakeFiles/app.dir/mnt/host/source/src/platform/ec/zephyr/subsys/pd_controller/pdc_power_mgmt.c.obj
[ruby-ish:singleimage] [185/260] Linking CXX static library zephyr/drivers/ipm/libdrivers__ipm.a
[ruby-ish:singleimage] [186/260] Building C object zephyr/drivers/timer/CMakeFiles/drivers__timer.dir/sys_clock_init.c.obj
[minimal-it8xxx2:ro] [205/253] Building C object CMakeFiles/app.dir/mnt/host/source/src/platform/ec/build/zephyr/minimal-it8xxx2/modules/ec/common/host_command.c.obj
[minimal-it8xxx2:ro] [206/253] Building C object CMakeFiles/app.dir/mnt/host/source/src/platform/ec/build/zephyr/minimal-it8xxx2/modules/ec/common/flash.c.obj
[ruby-ish:singleimage] [187/260] Building C object zephyr/drivers/serial/CMakeFiles/drivers__serial.dir/mnt/host/source/src/third_party/zephyrproject/modules/hal/intel/bsp_sedi/drivers/usart/sedi_dw_uart.c.obj
[ruby-ish:singleimage] [188/260] Building C object zephyr/drivers/serial/CMakeFiles/drivers__serial.dir/uart_sedi.c.obj
[ruby-ish:singleimage] [189/260] Building C object zephyr/drivers/timer/CMakeFiles/drivers__timer.dir/hpet.c.obj
[ruby-ish:singleimage] [190/260] Linking CXX static library zephyr/drivers/serial/libdrivers__serial.a
[ruby-ish:singleimage] [191/260] Linking CXX static library zephyr/drivers/timer/libdrivers__timer.a
[trulo-ti:rw] [63/417] Building C object CMakeFiles/app.dir/mnt/host/source/src/platform/ec/zephyr/subsys/pd_controller/pdc_dpm.c.obj
[voltorb:rw] [11/386] Building C object zephyr/CMakeFiles/zephyr.dir/lib/libc/validate_libc.c.obj
[ruby-ish:singleimage] [192/260] Building C object modules/ec/zephyr/CMakeFiles/ec_shim.dir/shim/src/crc.c.obj
[minimal-it8xxx2:ro] [207/253] Building C object CMakeFiles/app.dir/mnt/host/source/src/platform/ec/build/zephyr/minimal-it8xxx2/modules/ec/common/host_command_task.c.obj
[ruby-ish:singleimage] [193/260] Building C object modules/ec/zephyr/CMakeFiles/ec_shim.dir/shim/chip/stub/clock.c.obj
[ruby-ish:singleimage] [194/260] Building C object modules/ec/zephyr/CMakeFiles/ec_shim.dir/shim/src/console.c.obj
[minimal-it8xxx2:ro] [208/253] Building C object CMakeFiles/app.dir/mnt/host/source/src/platform/ec/build/zephyr/minimal-it8xxx2/modules/ec/common/uart_hostcmd.c.obj
[ruby-ish:singleimage] [195/260] Building C object modules/ec/zephyr/CMakeFiles/ec_shim.dir/app/ec/ec_app_main.c.obj
[ruby-ish:singleimage] [196/260] Building C object modules/ec/zephyr/CMakeFiles/ec_shim.dir/app/ec/main_shim.c.obj
[minimal-it8xxx2:ro] [209/253] Building C object CMakeFiles/app.dir/mnt/host/source/src/platform/ec/build/zephyr/minimal-it8xxx2/modules/ec/common/host_event_commands.c.obj
[trulo-ti:rw] [64/417] Building C object CMakeFiles/app.dir/mnt/host/source/src/platform/ec/zephyr/subsys/ucsi/ppm_common.c.obj
[minimal-it8xxx2:ro] [210/253] Building C object CMakeFiles/app.dir/mnt/host/source/src/platform/ec/build/zephyr/minimal-it8xxx2/modules/ec/common/panic_output.c.obj
[minimal-it8xxx2:ro] [211/253] Building C object CMakeFiles/app.dir/mnt/host/source/src/platform/ec/build/zephyr/minimal-it8xxx2/modules/ec/common/uptime.c.obj
[ruby-ish:singleimage] [197/260] Building C object modules/ec/zephyr/CMakeFiles/ec_shim.dir/shim/src/gpio.c.obj
[ruby-ish:singleimage] [198/260] Building C object modules/ec/zephyr/CMakeFiles/ec_shim.dir/shim/src/panic_utils.c.obj
[minimal-it8xxx2:ro] [212/253] Building C object CMakeFiles/app.dir/mnt/host/source/src/platform/ec/build/zephyr/minimal-it8xxx2/modules/ec/driver/sha256/sha256_it8xxx2.c.obj
[ruby-ish:singleimage] [199/260] Building C object modules/ec/zephyr/CMakeFiles/ec_shim.dir/shim/src/gpio_int.c.obj
[voltorb:rw] [12/386] Building C object zephyr/CMakeFiles/zephyr.dir/lib/heap/heap.c.obj
[ruby-ish:singleimage] [200/260] Building C object modules/ec/zephyr/CMakeFiles/ec_shim.dir/shim/src/cbi/cros_cbi.c.obj
[ruby-ish:singleimage] [201/260] Building C object modules/ec/zephyr/CMakeFiles/ec_shim.dir/shim/src/pm_state.c.obj
[ruby-ish:singleimage] [202/260] Building C object modules/ec/zephyr/CMakeFiles/ec_shim.dir/shim/src/ish_system.c.obj
[minimal-it8xxx2:ro] [213/253] Building C object CMakeFiles/app.dir/mnt/host/source/src/platform/ec/build/zephyr/minimal-it8xxx2/modules/ec/common/shared_mem.c.obj
[minimal-it8xxx2:ro] [214/253] Building C object CMakeFiles/app.dir/mnt/host/source/src/platform/ec/build/zephyr/minimal-it8xxx2/modules/ec/common/chargen.c.obj
[minimal-it8xxx2:ro] [215/253] Building C object CMakeFiles/app.dir/mnt/host/source/src/platform/ec/build/zephyr/minimal-it8xxx2/modules/ec/common/timer.c.obj
[minimal-it8xxx2:ro] [216/253] Building C object CMakeFiles/app.dir/mnt/host/source/src/platform/ec/build/zephyr/minimal-it8xxx2/modules/ec/common/vboot_hash.c.obj
[minimal-it8xxx2:ro] [217/253] Linking C static library modules/ec/zephyr/libec_shim.a
[trulo-ti:rw] [65/417] Building C object CMakeFiles/app.dir/mnt/host/source/src/platform/ec/zephyr/subsys/ucsi/ppm_console.c.obj
[ruby-ish:singleimage] [203/260] Building C object modules/ec/zephyr/CMakeFiles/ec_shim.dir/shim/src/hooks.c.obj
[ruby-ish:singleimage] [204/260] Building C object modules/ec/zephyr/CMakeFiles/ec_shim.dir/shim/src/host_command.c.obj
[ruby-ish:singleimage] [205/260] Building C object modules/ec/zephyr/CMakeFiles/ec_shim.dir/shim/src/console_buffer.c.obj
[minimal-it8xxx2:ro] [218/253] Building C object CMakeFiles/app.dir/mnt/host/source/src/platform/ec/build/zephyr/minimal-it8xxx2/modules/ec/common/vstore.c.obj
[ruby-ish:singleimage] [206/260] Building C object modules/ec/zephyr/CMakeFiles/ec_shim.dir/shim/src/mkbp_event.c.obj
[ruby-ish:singleimage] [207/260] Building C object modules/ec/zephyr/CMakeFiles/ec_shim.dir/shim/src/hwtimer.c.obj
[trulo-ti:rw] [66/417] Building C object CMakeFiles/app.dir/mnt/host/source/src/platform/ec/zephyr/subsys/ucsi/ppm_driver.c.obj
[ruby-ish:singleimage] [208/260] Building C object modules/ec/zephyr/CMakeFiles/ec_shim.dir/shim/src/motionsense_sensors.c.obj
[trulo-ti:rw] [67/417] Building C object CMakeFiles/app.dir/mnt/host/source/src/platform/ec/zephyr/subsys/ucsi/ucsi_host_cmd.c.obj
[minimal-it8xxx2:ro] [219/253] Building C object CMakeFiles/app.dir/mnt/host/source/src/platform/ec/build/zephyr/minimal-it8xxx2/modules/ec/common/math_util.c.obj
[minimal-it8xxx2:ro] [220/253] Linking C static library app/libapp.a
[minimal-it8xxx2:ro] [221/253] Building C object zephyr/kernel/CMakeFiles/kernel.dir/banner.c.obj
[voltorb:rw] [13/386] Building C object zephyr/CMakeFiles/zephyr.dir/lib/os/cbprintf_packaged.c.obj
[minimal-it8xxx2:ro] [222/253] Building C object zephyr/kernel/CMakeFiles/kernel.dir/main_weak.c.obj
[minimal-it8xxx2:ro] [223/253] Building C object zephyr/kernel/CMakeFiles/kernel.dir/busy_wait.c.obj
[ruby-ish:singleimage] [209/260] Building C object modules/ec/zephyr/CMakeFiles/ec_shim.dir/shim/src/i2c.c.obj
[ruby-ish:singleimage] [210/260] Building C object modules/ec/zephyr/CMakeFiles/ec_shim.dir/shim/src/usbc_stub.c.obj
[ruby-ish:singleimage] [211/260] Building C object modules/ec/zephyr/subsys/host_service/CMakeFiles/..__..__..__platform__ec__zephyr__subsys__host_service.dir/zephyr_host_service.c.obj
[minimal-it8xxx2:ro] [224/253] Building C object zephyr/kernel/CMakeFiles/kernel.dir/device.c.obj
[ruby-ish:singleimage] [212/260] Building C object modules/ec/zephyr/subsys/host_service/CMakeFiles/..__..__..__platform__ec__zephyr__subsys__host_service.dir/sys_mng.c.obj
[ruby-ish:singleimage] [213/260] Building C object modules/ec/zephyr/CMakeFiles/ec_shim.dir/shim/src/tasks.c.obj
[ruby-ish:singleimage] [214/260] Linking CXX static library modules/ec/zephyr/subsys/host_service/lib..__..__..__platform__ec__zephyr__subsys__host_service.a
[trulo-ti:ro] [59/417] Building C object CMakeFiles/app.dir/mnt/host/source/src/platform/ec/zephyr/subsys/pd_controller/pdc_power_mgmt.c.obj
[ruby-ish:singleimage] [215/260] Building C object modules/ec/zephyr/CMakeFiles/ec_shim.dir/shim/src/host_command_heci.c.obj
[minimal-it8xxx2:ro] [225/253] Building C object zephyr/kernel/CMakeFiles/kernel.dir/errno.c.obj
[ruby-ish:singleimage] [216/260] Linking CXX static library modules/ec/zephyr/libec_shim.a
[trulo-ti:rw] [68/417] Building C object CMakeFiles/app.dir/mnt/host/source/src/platform/ec/build/zephyr/trulo-ti/modules/ec/builtin/stdlib.c.obj
[trulo-ti:rw] [69/417] Building C object CMakeFiles/app.dir/mnt/host/source/src/platform/ec/build/zephyr/trulo-ti/modules/ec/common/base32.c.obj
[minimal-it8xxx2:ro] [226/253] Building C object zephyr/kernel/CMakeFiles/kernel.dir/init.c.obj
[minimal-it8xxx2:ro] [227/253] Building C object zephyr/kernel/CMakeFiles/kernel.dir/fatal.c.obj
[minimal-it8xxx2:ro] [228/253] Building C object zephyr/kernel/CMakeFiles/kernel.dir/version.c.obj
[ruby-ish:singleimage] [217/260] Building C object modules/ec/zephyr/subsys/host_service/heci/CMakeFiles/..__..__..__platform__ec__zephyr__subsys__host_service__heci.dir/heci_system_state.c.obj
[minimal-it8xxx2:ro] [229/253] Building C object zephyr/kernel/CMakeFiles/kernel.dir/kheap.c.obj
[ruby-ish:singleimage] [218/260] Building C object modules/ec/zephyr/subsys/host_service/heci/CMakeFiles/..__..__..__platform__ec__zephyr__subsys__host_service__heci.dir/heci_intf.c.obj
[ruby-ish:singleimage] [219/260] Building C object modules/ec/zephyr/subsys/host_service/heci/CMakeFiles/..__..__..__platform__ec__zephyr__subsys__host_service__heci.dir/intfs/ipm_intf.c.obj
[voltorb:rw] [14/386] Building C object zephyr/CMakeFiles/zephyr.dir/lib/os/clock.c.obj
[trulo-ti:rw] [70/417] Building C object CMakeFiles/app.dir/mnt/host/source/src/platform/ec/build/zephyr/trulo-ti/modules/ec/common/console_output.c.obj
[minimal-it8xxx2:ro] [230/253] Building C object zephyr/kernel/CMakeFiles/kernel.dir/mem_slab.c.obj
[ruby-ish:singleimage] [220/260] Building C object modules/ec/zephyr/subsys/host_service/heci/CMakeFiles/..__..__..__platform__ec__zephyr__subsys__host_service__heci.dir/heci_core.c.obj
[minimal-it8xxx2:ro] [231/253] Building C object zephyr/kernel/CMakeFiles/kernel.dir/float.c.obj
[ruby-ish:singleimage] [221/260] Building C object modules/ec/zephyr/drivers/dsp_comms/client/CMakeFiles/dsp.client.dir/dsp_client_transport.c.obj
[ruby-ish:singleimage] [222/260] Linking CXX static library modules/ec/zephyr/subsys/host_service/heci/lib..__..__..__platform__ec__zephyr__subsys__host_service__heci.a
[minimal-it8xxx2:ro] [232/253] Building C object zephyr/kernel/CMakeFiles/kernel.dir/idle.c.obj
[ruby-ish:singleimage] [223/260] Building C object modules/ec/zephyr/drivers/dsp_comms/client/CMakeFiles/dsp.client.dir/remote_cbi.c.obj
[minimal-it8xxx2:ro] [233/253] Building C object zephyr/kernel/CMakeFiles/kernel.dir/msg_q.c.obj
[minimal-it8xxx2:ro] [234/253] Building C object zephyr/kernel/CMakeFiles/kernel.dir/mailbox.c.obj
[ruby-ish:singleimage] [224/260] Building C object modules/ec/zephyr/drivers/dsp_comms/client/CMakeFiles/dsp.client.dir/dsp_client.c.obj
[ruby-ish:singleimage] [225/260] Building C object modules/ec/zephyr/drivers/dsp_comms/client/CMakeFiles/dsp.client.dir/remote_lid_switch.c.obj
[ruby-ish:singleimage] [226/260] Building C object modules/ec/zephyr/drivers/dsp_comms/client/CMakeFiles/dsp.client.dir/remote_tablet_switch.c.obj
[ruby-ish:singleimage] [227/260] Linking CXX static library modules/ec/zephyr/drivers/dsp_comms/client/libdsp.client.a
[ruby-ish:singleimage] [228/260] Building C object zephyr/kernel/CMakeFiles/kernel.dir/banner.c.obj
[ruby-ish:singleimage] [229/260] Building C object zephyr/kernel/CMakeFiles/kernel.dir/main_weak.c.obj
[trulo-ti:rw] [71/417] Building C object CMakeFiles/app.dir/mnt/host/source/src/platform/ec/build/zephyr/trulo-ti/modules/ec/common/ec_features.c.obj
[minimal-it8xxx2:ro] [235/253] Building C object zephyr/kernel/CMakeFiles/kernel.dir/mutex.c.obj
[ruby-ish:singleimage] [230/260] Building C object zephyr/kernel/CMakeFiles/kernel.dir/device.c.obj
[voltorb:rw] [15/386] Building C object zephyr/CMakeFiles/zephyr.dir/lib/os/printk.c.obj
[trulo-ti:rw] [72/417] Building C object CMakeFiles/app.dir/mnt/host/source/src/platform/ec/build/zephyr/trulo-ti/modules/ec/common/gpio_commands.c.obj
[minimal-it8xxx2:ro] [236/253] Building C object zephyr/kernel/CMakeFiles/kernel.dir/sem.c.obj
[ruby-ish:singleimage] [231/260] Building C object zephyr/kernel/CMakeFiles/kernel.dir/busy_wait.c.obj
[ruby-ish:singleimage] [232/260] Building C object zephyr/kernel/CMakeFiles/kernel.dir/errno.c.obj
[minimal-it8xxx2:ro] [237/253] Building C object zephyr/kernel/CMakeFiles/kernel.dir/queue.c.obj
[minimal-it8xxx2:ro] [238/253] Building C object zephyr/kernel/CMakeFiles/kernel.dir/system_work_q.c.obj
[minimal-it8xxx2:ro] [239/253] Building C object zephyr/kernel/CMakeFiles/kernel.dir/stack.c.obj
[ruby-ish:singleimage] [233/260] Building C object zephyr/kernel/CMakeFiles/kernel.dir/version.c.obj
[ruby-ish:singleimage] [234/260] Building C object zephyr/kernel/CMakeFiles/kernel.dir/fatal.c.obj
[trulo-ti:rw] [73/417] Building C object CMakeFiles/app.dir/mnt/host/source/src/platform/ec/build/zephyr/trulo-ti/modules/ec/common/peripheral.c.obj
[ruby-ish:singleimage] [235/260] Building C object zephyr/kernel/CMakeFiles/kernel.dir/float.c.obj
[ruby-ish:singleimage] [236/260] Building C object zephyr/kernel/CMakeFiles/kernel.dir/kheap.c.obj
[ruby-ish:singleimage] [237/260] Building C object zephyr/kernel/CMakeFiles/kernel.dir/init.c.obj
[ruby-ish:singleimage] [238/260] Building C object zephyr/kernel/CMakeFiles/kernel.dir/mem_slab.c.obj
[minimal-it8xxx2:ro] [240/253] Building C object zephyr/kernel/CMakeFiles/kernel.dir/work.c.obj
[minimal-it8xxx2:ro] [241/253] Building C object zephyr/kernel/CMakeFiles/kernel.dir/condvar.c.obj
[ruby-ish:singleimage] [239/260] Building C object zephyr/kernel/CMakeFiles/kernel.dir/idle.c.obj
[minimal-it8xxx2:ro] [242/253] Building C object zephyr/kernel/CMakeFiles/kernel.dir/thread.c.obj
[ruby-ish:singleimage] [240/260] Building C object zephyr/kernel/CMakeFiles/kernel.dir/mailbox.c.obj
[voltorb:rw] [16/386] Building C object zephyr/CMakeFiles/zephyr.dir/lib/os/sem.c.obj
[minimal-it8xxx2:ro] [243/253] Building C object zephyr/kernel/CMakeFiles/kernel.dir/sched.c.obj
[minimal-it8xxx2:ro] [244/253] Building C object zephyr/kernel/CMakeFiles/kernel.dir/pipe.c.obj
[ruby-ish:singleimage] [241/260] Building C object zephyr/kernel/CMakeFiles/kernel.dir/queue.c.obj
[trulo-ti:rw] [74/417] Building C object CMakeFiles/app.dir/mnt/host/source/src/platform/ec/build/zephyr/trulo-ti/modules/ec/common/printf.c.obj
[ruby-ish:singleimage] [242/260] Building C object zephyr/kernel/CMakeFiles/kernel.dir/mutex.c.obj
[ruby-ish:singleimage] [243/260] Building C object zephyr/kernel/CMakeFiles/kernel.dir/msg_q.c.obj
[trulo-ti:rw] [75/417] Building C object CMakeFiles/app.dir/mnt/host/source/src/platform/ec/build/zephyr/trulo-ti/modules/ec/common/queue.c.obj
[ruby-ish:singleimage] [244/260] Building C object zephyr/kernel/CMakeFiles/kernel.dir/sem.c.obj
[ruby-ish:singleimage] [245/260] Building C object zephyr/kernel/CMakeFiles/kernel.dir/system_work_q.c.obj
[ruby-ish:singleimage] [246/260] Building C object zephyr/kernel/CMakeFiles/kernel.dir/stack.c.obj
[minimal-it8xxx2:ro] [245/253] Building C object zephyr/kernel/CMakeFiles/kernel.dir/spinlock_validate.c.obj
[trulo-ti:ro] [60/417] Building C object CMakeFiles/app.dir/mnt/host/source/src/platform/ec/zephyr/subsys/pd_controller/pdc_console.c.obj
[minimal-it8xxx2:ro] [246/253] Building C object zephyr/kernel/CMakeFiles/kernel.dir/thread_monitor.c.obj
[minimal-it8xxx2:ro] [247/253] Building C object zephyr/kernel/CMakeFiles/kernel.dir/timeout.c.obj
[minimal-it8xxx2:ro] [248/253] Building C object zephyr/kernel/CMakeFiles/kernel.dir/timer.c.obj
[ruby-ish:singleimage] [247/260] Building C object zephyr/kernel/CMakeFiles/kernel.dir/condvar.c.obj
[ruby-ish:singleimage] [248/260] Building C object zephyr/kernel/CMakeFiles/kernel.dir/thread.c.obj
[voltorb:rw] [17/386] Building C object zephyr/CMakeFiles/zephyr.dir/lib/os/thread_entry.c.obj
[ruby-ish:singleimage] [249/260] Building C object zephyr/kernel/CMakeFiles/kernel.dir/work.c.obj
[ruby-ish:singleimage] [250/260] Building C object zephyr/kernel/CMakeFiles/kernel.dir/spinlock_validate.c.obj
[ruby-ish:singleimage] [251/260] Building C object zephyr/kernel/CMakeFiles/kernel.dir/pipe.c.obj
[minimal-it8xxx2:ro] [249/253] Building C object zephyr/kernel/CMakeFiles/kernel.dir/poll.c.obj
[ruby-ish:singleimage] [252/260] Building C object zephyr/kernel/CMakeFiles/kernel.dir/sched.c.obj
Running (initial) lcov on /mnt/host/source/src/platform/ec/build/zephyr/craask.
[minimal-it8xxx2:ro] [250/253] Building C object zephyr/kernel/CMakeFiles/kernel.dir/events.c.obj
[ruby-ish:singleimage] [253/260] Building C object zephyr/kernel/CMakeFiles/kernel.dir/thread_monitor.c.obj
[minimal-it8xxx2:ro] [251/253] Building C object zephyr/kernel/CMakeFiles/kernel.dir/mempool.c.obj
[minimal-it8xxx2:ro] [252/253] Building C object zephyr/kernel/CMakeFiles/kernel.dir/dynamic_disabled.c.obj
[ocelotrvp-ish:singleimage] Configuring.
Running `env -i PYTHONPATH=/usr/lib64/python-exec/python3.11:/mnt/host/source/src/platform/ec/zephyr/zmake:/usr/lib/python311.zip:/usr/lib/python3.11:/usr/lib/python3.11/lib-dynload:/usr/lib/python3.11/site-packages PW_PIGWEED_CIPD_INSTALL_DIR=/usr CROSTC_USER_ACKNOWLEDGES_THAT_RISCV_IS_EXPERIMENTAL=1 PATH=/mnt/host/source/chromite/bin:/usr/local/bin:/usr/bin:/bin:/opt/bin:/mnt/host/source/chromite/sdk/bin:/mnt/host/source/chromite/bin HOME=/home/jpmurphy JAVA_HOME=/etc/java-config-2/current-system-vm JDK_HOME=/etc/java-config-2/current-system-vm JAVAC=/etc/java-config-2/current-system-vm/bin/javac MAKEFLAGS=' -j16 --jobserver-auth=5,6' /usr/bin/cmake -S /mnt/host/source/src/platform/ec/zephyr/program/ocelot -B /mnt/host/source/src/platform/ec/build/zephyr/ocelotrvp-ish/build-singleimage -GNinja -DCMAKE_EXPORT_COMPILE_COMMANDS=ON -DZEPHYR_BASE=/mnt/host/source/src/third_party/zephyr/main -DZMAKE_INCLUDE_DIR=/mnt/host/source/src/platform/ec/build/zephyr/ocelotrvp-ish/include -DPython3_EXECUTABLE=/usr/bin/python3.11 -DDTS_ROOT=/mnt/host/source/src/platform/ec/zephyr -DSYSCALL_INCLUDE_DIRS=/mnt/host/source/src/platform/ec/zephyr/include/drivers -DUSER_CACHE_DIR=/mnt/host/source/src/platform/ec/build/zephyr/user-cache -DPW_ROOT=/mnt/host/source/src/third_party/pigweed -DNANOPB_DIR=/mnt/host/source/src/third_party/zephyr/nanopb '-DEXTRA_EC_VERSION_FLAGS=--version 16543.0.0 --static' -DTOOLCHAIN_ROOT=/mnt/host/source/src/platform/ec/zephyr -DCOREBOOT_SDK_ROOT_x86=/home/jpmurphy/.cache/coreboot-sdk/i386-elf/dfbb0486385d938cfa9d73080b9d18d598ed4f49 -DCOREBOOT_SDK_ROOT_picolibc_x86=/home/jpmurphy/.cache/coreboot-sdk/picolibc-i386-elf/eb8e8e687b95461de8cbf278f1c2076952d0ad17 -DCOREBOOT_SDK_ROOT_riscv64=/home/jpmurphy/.cache/coreboot-sdk/riscv64-elf/96b949749225b6aaa92ed810ab769e8dfb12f000 -DCOREBOOT_SDK_ROOT_picolibc_arm=/home/jpmurphy/.cache/coreboot-sdk/picolibc-arm-eabi/422a2aa3e1ef891b5bece9a3deb696ff83840d2e -DCOREBOOT_SDK_ROOT_nds32=/home/jpmurphy/.cache/coreboot-sdk/nds32le-elf/d1a518c4a097666d86058e1444f85ca015d15511 -DCOREBOOT_SDK_ROOT_picolibc_riscv64=/home/jpmurphy/.cache/coreboot-sdk/picolibc-riscv64-elf/f571e990ef0278564b31124f8bb109d9a697eb69 -DCOREBOOT_SDK_ROOT_arm=/home/jpmurphy/.cache/coreboot-sdk/arm-eabi/ea40ddd1d190c3b48435c474c0b545719371813a -DCOREBOOT_SDK_ROOT_libstdcxx_riscv64=/home/jpmurphy/.cache/coreboot-sdk/libstdcxx-riscv64-elf/17abf22a3a252e2d5d2062ced5324f7a623689e0 -DCOREBOOT_SDK_ROOT_libstdcxx_arm=/home/jpmurphy/.cache/coreboot-sdk/libstdcxx-arm-eabi/5d7d82e150e44aa1968f1d366e267e6687b328ac -DCOREBOOT_SDK_ROOT_riscv=/home/jpmurphy/.cache/coreboot-sdk/riscv-elf/9a27b9e82341c6e9126624f516ab3f261abb3e73 -DCOREBOOT_SDK_ROOT_libstdcxx_x86=/home/jpmurphy/.cache/coreboot-sdk/libstdcxx-i386-elf/42ef9d2e87a76a37963175d7d428734e65648b87 -DZEPHYR_TOOLCHAIN_VARIANT=coreboot-sdk '-DZEPHYR_MODULES=/mnt/host/source/src/platform/ec/build/zephyr/ocelotrvp-ish/modules/ec;/mnt/host/source/src/platform/ec/build/zephyr/ocelotrvp-ish/modules/cmsis;/mnt/host/source/src/platform/ec/build/zephyr/ocelotrvp-ish/modules/cmsis_6;/mnt/host/source/src/platform/ec/build/zephyr/ocelotrvp-ish/modules/hal_intel_public;/mnt/host/source/src/platform/ec/build/zephyr/ocelotrvp-ish/modules/pigweed;/mnt/host/source/src/platform/ec/build/zephyr/ocelotrvp-ish/modules/nanopb' -DDTC_OVERLAY_FILE=/mnt/host/source/src/platform/ec/zephyr/program/ocelot/ocelot-ish/ocelotrvp-ish/project.overlay -DBOARD=intel_ish_5_8_0 '-DCONF_FILE=/mnt/host/source/src/platform/ec/zephyr/program/ocelot/ocelot-ish/prj.conf;/mnt/host/source/src/platform/ec/zephyr/program/ocelot/ocelot-ish/motionsense.conf;/mnt/host/source/src/platform/ec/zephyr/program/ocelot/dsp_comms.conf;/mnt/host/source/src/platform/ec/build/zephyr/ocelotrvp-ish/kconfig-singleimage.conf'`
[ruby-ish:singleimage] [254/260] Building C object zephyr/kernel/CMakeFiles/kernel.dir/timeout.c.obj
[ocelotrvp-ish:singleimage] Loading Zephyr default modules (Zephyr base (cached)).
[trulo-ti:rw] [76/417] Building C object CMakeFiles/app.dir/mnt/host/source/src/platform/ec/build/zephyr/trulo-ti/modules/ec/common/system_boot_time.c.obj
[ocelotrvp-ish:singleimage] -- Application: /mnt/host/source/src/platform/ec/zephyr/program/ocelot
[ocelotrvp-ish:singleimage] -- CMake version: 3.31.7
[trulo-ti:rw] [77/417] Building C object CMakeFiles/app.dir/mnt/host/source/src/platform/ec/build/zephyr/trulo-ti/modules/ec/common/uart_printf.c.obj
[ruby-ish:singleimage] [255/260] Building C object zephyr/kernel/CMakeFiles/kernel.dir/timer.c.obj
[minimal-it8xxx2:ro] [253/253] Linking C static library zephyr/kernel/libkernel.a
Running (initial) lcov on /mnt/host/source/src/platform/ec/build/zephyr/minimal-it8xxx2.
[ruby-ish:singleimage] [256/260] Building C object zephyr/kernel/CMakeFiles/kernel.dir/events.c.obj
[ruby-ish:singleimage] [257/260] Building C object zephyr/kernel/CMakeFiles/kernel.dir/poll.c.obj
Running `env -i PYTHONPATH=/usr/lib64/python-exec/python3.11:/mnt/host/source/src/platform/ec/zephyr/zmake:/usr/lib/python311.zip:/usr/lib/python3.11:/usr/lib/python3.11/lib-dynload:/usr/lib/python3.11/site-packages PW_PIGWEED_CIPD_INSTALL_DIR=/usr CROSTC_USER_ACKNOWLEDGES_THAT_RISCV_IS_EXPERIMENTAL=1 PATH=/mnt/host/source/chromite/bin:/usr/local/bin:/usr/bin:/bin:/opt/bin:/mnt/host/source/chromite/sdk/bin:/mnt/host/source/chromite/bin HOME=/home/jpmurphy JAVA_HOME=/etc/java-config-2/current-system-vm JDK_HOME=/etc/java-config-2/current-system-vm JAVAC=/etc/java-config-2/current-system-vm/bin/javac MAKEFLAGS=' -j16 --jobserver-auth=5,6' /usr/bin/lcov --gcov-tool /mnt/host/source/src/platform/ec/build/zephyr/craask/build-rw/gcov.sh -q -o - -c -d /mnt/host/source/src/platform/ec/build/zephyr/craask -t craask --rc branch_coverage=1 --filter range --ignore-errors inconsistent,source --ignore-errors gcov,gcov -i`
[voltorb:rw] [18/386] Building C object zephyr/CMakeFiles/zephyr.dir/lib/os/cbprintf_nano.c.obj
[trulo-ti:ro] [61/417] Building C object CMakeFiles/app.dir/mnt/host/source/src/platform/ec/zephyr/subsys/pd_controller/pdc_host_cmd.c.obj
[ruby-ish:singleimage] [258/260] Building C object zephyr/kernel/CMakeFiles/kernel.dir/dynamic_disabled.c.obj
[brox-sku4:ro] Building: /usr/bin/ninja -C /mnt/host/source/src/platform/ec/build/zephyr/brox-sku4/build-ro all.libraries
Running `env -i SHELL=/bin/bash COLORTERM=truecolor DEPOT_TOOLS_UPDATE=0 LESS='-R -M --shift 5' SUDO_GID=0 JDK_HOME=/etc/java-config-2/current-system-vm CONFIG_PROTECT_MASK='/etc/gentoo-release /etc/sandbox.d /etc/fonts/fonts.conf /etc/terminfo /etc/ca-certificates.conf /etc/revdep-rebuild' CHROMEOS_CACHEDIR=/var/cache/chromeos-cache JAVA_HOME=/etc/java-config-2/current-system-vm SSH_AUTH_SOCK=/tmp/ssh-auth-sock SUDO_COMMAND=/bin/bash SUDO_USER=root SUDO_TTY=/dev/pts/2 EDITOR=/usr/bin/vi PWD=/mnt/host/source/src/platform/ec CONFIG_PROTECT=/usr/share/gnupg/qualified.txt LOGNAME=jpmurphy MANPATH=/etc/java-config-2/current-system-vm/man:/usr/local/share/man:/usr/share/man:/usr/share/gcc-data/x86_64-pc-linux-gnu/10.2.0/man:/usr/share/binutils-data/x86_64-pc-linux-gnu/2.45/man:/etc/java-config-2/current-system-vm/man/ SUDO_HOME=/root XAUTHORITY=/run/user/944457/gdm/Xauthority HOME=/home/jpmurphy LANG=C.UTF-8 LS_COLORS='rs=0:di=01;34:ln=01;36:mh=00:pi=40;33:so=01;35:do=01;35:bd=40;33;01:cd=40;33;01:or=01;05;37;41:mi=01;05;37;41:su=37;41:sg=30;43:ca=30;41:tw=30;42:ow=34;42:st=37;44:ex=01;32:*.tar=01;31:*.tgz=01;31:*.arc=01;31:*.arj=01;31:*.taz=01;31:*.lha=01;31:*.lz4=01;31:*.lzh=01;31:*.lzma=01;31:*.tlz=01;31:*.txz=01;31:*.tzo=01;31:*.t7z=01;31:*.zip=01;31:*.z=01;31:*.dz=01;31:*.gz=01;31:*.lrz=01;31:*.lz=01;31:*.lzo=01;31:*.xz=01;31:*.zst=01;31:*.tzst=01;31:*.bz2=01;31:*.bz=01;31:*.tbz=01;31:*.tbz2=01;31:*.tz=01;31:*.deb=01;31:*.rpm=01;31:*.jar=01;31:*.war=01;31:*.ear=01;31:*.sar=01;31:*.rar=01;31:*.alz=01;31:*.ace=01;31:*.zoo=01;31:*.cpio=01;31:*.7z=01;31:*.rz=01;31:*.cab=01;31:*.wim=01;31:*.swm=01;31:*.dwm=01;31:*.esd=01;31:*.jpg=01;35:*.jpeg=01;35:*.mjpg=01;35:*.mjpeg=01;35:*.gif=01;35:*.bmp=01;35:*.pbm=01;35:*.pgm=01;35:*.ppm=01;35:*.tga=01;35:*.xbm=01;35:*.xpm=01;35:*.tif=01;35:*.tiff=01;35:*.png=01;35:*.svg=01;35:*.svgz=01;35:*.mng=01;35:*.pcx=01;35:*.mov=01;35:*.mpg=01;35:*.mpeg=01;35:*.m2v=01;35:*.mkv=01;35:*.webm=01;35:*.webp=01;35:*.ogm=01;35:*.mp4=01;35:*.m4v=01;35:*.mp4v=01;35:*.vob=01;35:*.qt=01;35:*.nuv=01;35:*.wmv=01;35:*.asf=01;35:*.rm=01;35:*.rmvb=01;35:*.flc=01;35:*.avi=01;35:*.fli=01;35:*.flv=01;35:*.gl=01;35:*.dl=01;35:*.xcf=01;35:*.xwd=01;35:*.yuv=01;35:*.cgm=01;35:*.emf=01;35:*.ogv=01;35:*.ogx=01;35:*.cfg=00;32:*.conf=00;32:*.diff=00;32:*.doc=00;32:*.ini=00;32:*.log=00;32:*.patch=00;32:*.pdf=00;32:*.ps=00;32:*.tex=00;32:*.txt=00;32:*.aac=00;36:*.au=00;36:*.flac=00;36:*.m4a=00;36:*.mid=00;36:*.midi=00;36:*.mka=00;36:*.mp3=00;36:*.mpc=00;36:*.ogg=00;36:*.ra=00;36:*.wav=00;36:*.oga=00;36:*.opus=00;36:*.spx=00;36:*.xspf=00;36:' XDG_CURRENT_DESKTOP=GNOME INFOPATH=/usr/share/info:/usr/share/gcc-data/x86_64-pc-linux-gnu/10.2.0/info:/usr/share/binutils-data/x86_64-pc-linux-gnu/2.45/info:/usr/share/automake-1.16.5/info JAVAC=/etc/java-config-2/current-system-vm/bin/javac TERM=xterm-256color LESSOPEN='|lesspipe %s' USER=jpmurphy CROS_WORKON_SRCROOT=/mnt/host/source MANPAGER=manpager DISPLAY=:1 SHLVL=1 LC_MESSAGES=C EXTERNAL_TRUNK_PATH=/mnt/8f9d649a-3721-44cc-93c0-e6bd21a9689f/chromiumos GCC_SPECS='' PATH=/mnt/host/source/chromite/bin:/usr/local/bin:/usr/bin:/bin:/opt/bin:/mnt/host/source/chromite/sdk/bin:/mnt/host/source/chromite/bin PORTAGE_USERNAME=jpmurphy SUDO_UID=0 GCC_VER=10.2.0 MAIL=/var/mail/jpmurphy OLDPWD=/mnt/host/source/src/scripts traceparent=00-e87aca51550a78635907baa6a2476181-6d684811675d2973-01 _=./zephyr/firmware_builder.py COREBOOT_SDK_ROOT_x86=/home/jpmurphy/.cache/coreboot-sdk/i386-elf/dfbb0486385d938cfa9d73080b9d18d598ed4f49 COREBOOT_SDK_ROOT_picolibc_x86=/home/jpmurphy/.cache/coreboot-sdk/picolibc-i386-elf/eb8e8e687b95461de8cbf278f1c2076952d0ad17 COREBOOT_SDK_ROOT_riscv64=/home/jpmurphy/.cache/coreboot-sdk/riscv64-elf/96b949749225b6aaa92ed810ab769e8dfb12f000 COREBOOT_SDK_ROOT_picolibc_arm=/home/jpmurphy/.cache/coreboot-sdk/picolibc-arm-eabi/422a2aa3e1ef891b5bece9a3deb696ff83840d2e COREBOOT_SDK_ROOT_nds32=/home/jpmurphy/.cache/coreboot-sdk/nds32le-elf/d1a518c4a097666d86058e1444f85ca015d15511 COREBOOT_SDK_ROOT_picolibc_riscv64=/home/jpmurphy/.cache/coreboot-sdk/picolibc-riscv64-elf/f571e990ef0278564b31124f8bb109d9a697eb69 COREBOOT_SDK_ROOT_arm=/home/jpmurphy/.cache/coreboot-sdk/arm-eabi/ea40ddd1d190c3b48435c474c0b545719371813a COREBOOT_SDK_ROOT_libstdcxx_riscv64=/home/jpmurphy/.cache/coreboot-sdk/libstdcxx-riscv64-elf/17abf22a3a252e2d5d2062ced5324f7a623689e0 COREBOOT_SDK_ROOT_libstdcxx_arm=/home/jpmurphy/.cache/coreboot-sdk/libstdcxx-arm-eabi/5d7d82e150e44aa1968f1d366e267e6687b328ac COREBOOT_SDK_ROOT_riscv=/home/jpmurphy/.cache/coreboot-sdk/riscv-elf/9a27b9e82341c6e9126624f516ab3f261abb3e73 COREBOOT_SDK_ROOT_libstdcxx_x86=/home/jpmurphy/.cache/coreboot-sdk/libstdcxx-i386-elf/42ef9d2e87a76a37963175d7d428734e65648b87 PYTHONPATH=/mnt/host/source/src/platform/ec/zephyr/zmake PW_PIGWEED_CIPD_INSTALL_DIR=/usr CROSTC_USER_ACKNOWLEDGES_THAT_RISCV_IS_EXPERIMENTAL=1 MAKEFLAGS=' -j16 --jobserver-auth=5,6' /usr/bin/ninja -C /mnt/host/source/src/platform/ec/build/zephyr/brox-sku4/build-ro all.libraries`
[brox-sku4:ro] ninja: Entering directory `/mnt/host/source/src/platform/ec/build/zephyr/brox-sku4/build-ro'
[ruby-ish:singleimage] [259/260] Building C object zephyr/kernel/CMakeFiles/kernel.dir/mempool.c.obj
[voltorb:rw] [19/386] Building C object zephyr/CMakeFiles/zephyr.dir/lib/os/cbprintf.c.obj
[voltorb:rw] [20/386] Building C object zephyr/CMakeFiles/zephyr.dir/lib/utils/dec.c.obj
[ruby-ish:singleimage] [260/260] Linking CXX static library zephyr/kernel/libkernel.a
[ocelotrvp-ish:singleimage] -- Found Python3: /usr/bin/python3.11 (found suitable version "3.11.11", minimum required is "3.10") found components: Interpreter
[ocelotrvp-ish:singleimage] -- Cache files will be written to: /mnt/host/source/src/platform/ec/build/zephyr/user-cache
[ocelotrvp-ish:singleimage] -- Zephyr version: 4.3.99 (/mnt/host/source/src/third_party/zephyr/main)
[voltorb:rw] [21/386] Building C object zephyr/CMakeFiles/zephyr.dir/lib/utils/hex.c.obj
Running `env -i PYTHONPATH=/usr/lib64/python-exec/python3.11:/mnt/host/source/src/platform/ec/zephyr/zmake:/usr/lib/python311.zip:/usr/lib/python3.11:/usr/lib/python3.11/lib-dynload:/usr/lib/python3.11/site-packages PW_PIGWEED_CIPD_INSTALL_DIR=/usr CROSTC_USER_ACKNOWLEDGES_THAT_RISCV_IS_EXPERIMENTAL=1 PATH=/mnt/host/source/chromite/bin:/usr/local/bin:/usr/bin:/bin:/opt/bin:/mnt/host/source/chromite/sdk/bin:/mnt/host/source/chromite/bin HOME=/home/jpmurphy JAVA_HOME=/etc/java-config-2/current-system-vm JDK_HOME=/etc/java-config-2/current-system-vm JAVAC=/etc/java-config-2/current-system-vm/bin/javac MAKEFLAGS=' -j16 --jobserver-auth=5,6' /usr/bin/lcov --gcov-tool /mnt/host/source/src/platform/ec/build/zephyr/minimal-it8xxx2/build-rw/gcov.sh -q -o - -c -d /mnt/host/source/src/platform/ec/build/zephyr/minimal-it8xxx2 -t minimal-it8xxx2 --rc branch_coverage=1 --filter range --ignore-errors inconsistent,source --ignore-errors gcov,gcov -i`
[trulo-ti:rw] [78/417] Building C object CMakeFiles/app.dir/mnt/host/source/src/platform/ec/build/zephyr/trulo-ti/modules/ec/common/system.c.obj
[voltorb:rw] [22/386] Building C object zephyr/CMakeFiles/zephyr.dir/lib/utils/timeutil.c.obj
[voltorb:rw] [23/386] Building C object zephyr/CMakeFiles/zephyr.dir/lib/os/assert.c.obj
[brox-sku4:ro] [1/385] Generating include/generated/zephyr/version.h
[brox-sku4:ro] -- git describe warned: warning: tag 'upstream/v2.7.99' is externally known as 'v2.7.99'
[brox-sku4:ro] -- Zephyr version: 4.3.99 (/mnt/host/source/src/third_party/zephyr/main)
[brox-sku4:ro] [2/385] Preparing syscall dependency handling
[brox-sku4:ro] [3/385] Generating misc/generated/syscalls_subdirs.trigger
[trulo-ti:rw] [79/417] Building C object CMakeFiles/app.dir/mnt/host/source/src/platform/ec/build/zephyr/trulo-ti/modules/ec/common/version.c.obj
[voltorb:rw] [24/386] Building C object zephyr/CMakeFiles/zephyr.dir/lib/utils/bitmask.c.obj
[trulo-ti:rw] [80/417] Building C object CMakeFiles/app.dir/mnt/host/source/src/platform/ec/build/zephyr/trulo-ti/modules/ec/common/util.c.obj
[trulo-ti:ro] [62/417] Building C object CMakeFiles/app.dir/mnt/host/source/src/platform/ec/zephyr/subsys/pd_controller/pdc_stub.c.obj
[voltorb:rw] [25/386] Building C object zephyr/CMakeFiles/zephyr.dir/lib/utils/rb.c.obj
[/mnt/host/source/src/platform/ec/build/zephyr/craask-lcov] geninfo: WARNING: using JSON module "JSON::PP" - which is much slower than some alternatives.  Consider installing one of JSON::XS or Cpanel::JSON::XS
[voltorb:rw] [26/386] Building C object zephyr/CMakeFiles/zephyr.dir/lib/utils/bitarray.c.obj
[/mnt/host/source/src/platform/ec/build/zephyr/minimal-it8xxx2-lcov] geninfo: WARNING: (format) invalid characters removed from testname
[trulo-ti:rw] [81/417] Building C object CMakeFiles/app.dir/mnt/host/source/src/platform/ec/build/zephyr/trulo-ti/modules/ec/common/adc.c.obj
[trulo-ti:ro] [63/417] Building C object CMakeFiles/app.dir/mnt/host/source/src/platform/ec/zephyr/subsys/pd_controller/pdc_dpm.c.obj
[voltorb:rw] [27/386] Building C object zephyr/CMakeFiles/zephyr.dir/lib/utils/ring_buffer.c.obj
[voltorb:rw] [28/386] Building C object zephyr/CMakeFiles/zephyr.dir/lib/utils/last_section_id.c.obj
[trulo-ti:rw] [82/417] Building C object CMakeFiles/app.dir/mnt/host/source/src/platform/ec/build/zephyr/trulo-ti/modules/ec/common/power_button_x86.c.obj
[/mnt/host/source/src/platform/ec/build/zephyr/minimal-it8xxx2-lcov] 	(use "geninfo --ignore-errors format,format ..." to suppress this warning)
[/mnt/host/source/src/platform/ec/build/zephyr/minimal-it8xxx2-lcov] geninfo: WARNING: using JSON module "JSON::PP" - which is much slower than some alternatives.  Consider installing one of JSON::XS or Cpanel::JSON::XS
[voltorb:rw] [29/386] Building C object zephyr/CMakeFiles/zephyr.dir/lib/utils/getopt/getopt.c.obj
[voltorb:rw] [30/386] Building C object zephyr/CMakeFiles/zephyr.dir/misc/generated/configs.c.obj
[trulo-ti:rw] [83/417] Building C object CMakeFiles/app.dir/mnt/host/source/src/platform/ec/build/zephyr/trulo-ti/modules/ec/common/backlight_lid.c.obj
[trulo-ti:rw] [84/417] Building C object CMakeFiles/app.dir/mnt/host/source/src/platform/ec/build/zephyr/trulo-ti/modules/ec/common/acpi.c.obj
[brox-sku4:ro] [4/385] Generating misc/generated/syscalls.json, misc/generated/struct_tags.json
[ocelotrvp-ish:singleimage] -- Board: intel_ish_5_8_0, qualifiers: intel_ish_5_8_0
[brox-sku4:ro] [5/385] Generating include/generated/zephyr/syscall_dispatch.c, include/generated/zephyr/syscall_exports_llext.c, syscall_weakdefs_llext.c, include/generated/zephyr/syscall_list.h
[voltorb:rw] [31/386] Building C object zephyr/CMakeFiles/zephyr.dir/lib/utils/getopt/getopt_common.c.obj
[trulo-ti:rw] [85/417] Building C object CMakeFiles/app.dir/mnt/host/source/src/platform/ec/build/zephyr/trulo-ti/modules/ec/common/battery_info.c.obj
[brox-sku4:ro] [6/385] Generating include/generated/zephyr/driver-validation.h
[voltorb:rw] [32/386] Building C object zephyr/CMakeFiles/zephyr.dir/soc/nuvoton/npcx/common/power.c.obj
[brox-sku4:ro] [7/385] Generating include/generated/zephyr/kobj-types-enum.h, include/generated/zephyr/otype-to-str.h, include/generated/zephyr/otype-to-size.h
[voltorb:rw] [33/386] Building C object zephyr/CMakeFiles/zephyr.dir/soc/nuvoton/npcx/common/scfg.c.obj
[voltorb:rw] [34/386] Building C object zephyr/CMakeFiles/zephyr.dir/soc/nuvoton/npcx/common/npcxn/registers.c.obj
[brox-sku4:ro] [8/385] Generating include/generated/device-api-sections.ld, include/generated/device-api-sections.cmake
[trulo-ti:rw] [86/417] Building C object CMakeFiles/app.dir/mnt/host/source/src/platform/ec/build/zephyr/trulo-ti/modules/ec/driver/battery/smart.c.obj
[/mnt/host/source/src/platform/ec/build/zephyr/craask-lcov] stderr:
[voltorb:rw] [35/386] Building C object zephyr/CMakeFiles/zephyr.dir/soc/nuvoton/npcx/npcx9/soc.c.obj
[trulo-ti:rw] [87/417] Building C object CMakeFiles/app.dir/mnt/host/source/src/platform/ec/build/zephyr/trulo-ti/modules/ec/driver/charger/bq25710.c.obj
[trulo-ti:rw] [88/417] Building C object CMakeFiles/app.dir/mnt/host/source/src/platform/ec/build/zephyr/trulo-ti/modules/ec/common/battery_fuel_gauge.c.obj
[trulo-ti:ro] [64/417] Building C object CMakeFiles/app.dir/mnt/host/source/src/platform/ec/zephyr/subsys/ucsi/ppm_common.c.obj
[/mnt/host/source/src/platform/ec/build/zephyr/craask-lcov]   /mnt/host/source/src/platform/ec/build/zephyr/craask/build-ro/modules/ec/zephyr/CMakeFiles/ec_shim.dir/shim/src/thermal.c.gcno:no functions found
[/mnt/host/source/src/platform/ec/build/zephyr/craask-lcov] stderr:
[voltorb:rw] [36/386] Building C object zephyr/CMakeFiles/zephyr.dir/subsys/pm/state.c.obj
[voltorb:rw] [37/386] Building C object zephyr/CMakeFiles/zephyr.dir/subsys/mem_mgmt/mem_attr.c.obj
[trulo-ti:rw] [89/417] Building C object CMakeFiles/app.dir/mnt/host/source/src/platform/ec/build/zephyr/trulo-ti/modules/ec/common/battery.c.obj
[brox-sku4:ro] [9/385] Building C object zephyr/CMakeFiles/offsets.dir/arch/riscv/core/offsets/offsets.c.obj
[trulo-ti:ro] [65/417] Building C object CMakeFiles/app.dir/mnt/host/source/src/platform/ec/zephyr/subsys/ucsi/ppm_console.c.obj
[/mnt/host/source/src/platform/ec/build/zephyr/craask-lcov]   /mnt/host/source/src/platform/ec/build/zephyr/craask/build-ro/modules/ec/zephyr/CMakeFiles/ec_shim.dir/shim/src/battery.c.gcno:no functions found
[/mnt/host/source/src/platform/ec/build/zephyr/craask-lcov] stderr:
[voltorb:rw] [38/386] Building C object zephyr/CMakeFiles/zephyr.dir/subsys/pm/pm.c.obj
[/mnt/host/source/src/platform/ec/build/zephyr/craask-lcov]   /mnt/host/source/src/platform/ec/build/zephyr/craask/build-ro/modules/ec/zephyr/CMakeFiles/ec_shim.dir/shim/src/charger.c.gcno:no functions found
[/mnt/host/source/src/platform/ec/build/zephyr/craask-lcov] stderr:
[brox-sku4:ro] [10/385] Generating include/generated/zephyr/offsets.h
[voltorb:rw] [39/386] Building C object zephyr/CMakeFiles/zephyr.dir/subsys/pm/policy/policy_events.c.obj
[voltorb:rw] [40/386] Building C object zephyr/CMakeFiles/zephyr.dir/subsys/pm/policy/policy_latency.c.obj
[ocelotrvp-ish:singleimage] -- Found Dtc: /usr/bin/dtc (found suitable version "1.6.0", minimum required is "1.4.6")
[ocelotrvp-ish:singleimage] -- Found BOARD.dts: /mnt/host/source/src/third_party/zephyr/main/boards/intel/ish/intel_ish_5_8_0.dts
[ocelotrvp-ish:singleimage] -- Found devicetree overlay: /mnt/host/source/src/platform/ec/zephyr/program/ocelot/ocelot-ish/ocelotrvp-ish/project.overlay
[trulo-ti:rw] [90/417] Building C object CMakeFiles/app.dir/mnt/host/source/src/platform/ec/build/zephyr/trulo-ti/modules/ec/common/cbi_common.c.obj
[trulo-ti:rw] [91/417] Building C object CMakeFiles/app.dir/mnt/host/source/src/platform/ec/build/zephyr/trulo-ti/modules/ec/common/charger.c.obj
[voltorb:rw] [41/386] Building C object zephyr/CMakeFiles/zephyr.dir/subsys/pm/policy/policy_state_lock.c.obj
[brox-sku4:ro] [11/385] Building C object zephyr/CMakeFiles/zephyr.dir/lib/libc/validate_libc.c.obj
[voltorb:rw] [42/386] Building C object zephyr/CMakeFiles/zephyr.dir/subsys/pm/device.c.obj
[trulo-ti:rw] [92/417] Building C object CMakeFiles/app.dir/mnt/host/source/src/platform/ec/build/zephyr/trulo-ti/modules/ec/common/cbi_config.c.obj
[/mnt/host/source/src/platform/ec/build/zephyr/craask-lcov]   /mnt/host/source/src/platform/ec/build/zephyr/craask/build-ro/modules/ec/zephyr/CMakeFiles/ec_shim.dir/shim/src/usb_muxes.c.gcno:no functions found
[/mnt/host/source/src/platform/ec/build/zephyr/craask-lcov] stderr:
[trulo-ti:rw] [93/417] Building C object CMakeFiles/app.dir/mnt/host/source/src/platform/ec/build/zephyr/trulo-ti/modules/ec/common/charge_manager.c.obj
[voltorb:rw] [43/386] Building C object zephyr/CMakeFiles/zephyr.dir/subsys/pm/device_system_managed.c.obj
[trulo-ti:ro] [66/417] Building C object CMakeFiles/app.dir/mnt/host/source/src/platform/ec/zephyr/subsys/ucsi/ppm_driver.c.obj
[voltorb:rw] [44/386] Building C object zephyr/CMakeFiles/zephyr.dir/subsys/testsuite/coverage/coverage.c.obj
[voltorb:rw] [45/386] Building C object zephyr/CMakeFiles/zephyr.dir/subsys/tracing/tracing_none.c.obj
[ocelotrvp-ish:singleimage] -- Generated zephyr.dts: /mnt/host/source/src/platform/ec/build/zephyr/ocelotrvp-ish/build-singleimage/zephyr/zephyr.dts
[trulo-ti:rw] [94/417] Building C object CMakeFiles/app.dir/mnt/host/source/src/platform/ec/build/zephyr/trulo-ti/modules/ec/common/cbi.c.obj
[voltorb:rw] [46/386] Building C object zephyr/CMakeFiles/zephyr.dir/subsys/shell/modules/kernel_service/kernel_shell.c.obj
[brox-sku4:ro] [12/385] Building C object zephyr/CMakeFiles/zephyr.dir/lib/heap/heap.c.obj
[trulo-ti:rw] [95/417] Building C object CMakeFiles/app.dir/mnt/host/source/src/platform/ec/build/zephyr/trulo-ti/modules/ec/common/charge_state.c.obj
[ocelotrvp-ish:singleimage] -- Generated pickled edt: /mnt/host/source/src/platform/ec/build/zephyr/ocelotrvp-ish/build-singleimage/zephyr/edt.pickle
[ocelotrvp-ish:singleimage] -- Generated devicetree_generated.h: /mnt/host/source/src/platform/ec/build/zephyr/ocelotrvp-ish/build-singleimage/zephyr/include/generated/zephyr/devicetree_generated.h
[trulo-ti:rw] [96/417] Building C object CMakeFiles/app.dir/mnt/host/source/src/platform/ec/build/zephyr/trulo-ti/modules/ec/common/dptf.c.obj
[voltorb:rw] [47/386] Building C object zephyr/CMakeFiles/zephyr.dir/subsys/shell/modules/kernel_service/cycles.c.obj
[trulo-ti:rw] [97/417] Building C object CMakeFiles/app.dir/mnt/host/source/src/platform/ec/build/zephyr/trulo-ti/modules/ec/common/memory_commands.c.obj
[trulo-ti:rw] [98/417] Building C object CMakeFiles/app.dir/mnt/host/source/src/platform/ec/build/zephyr/trulo-ti/modules/ec/common/espi.c.obj
[voltorb:rw] [48/386] Building C object zephyr/CMakeFiles/zephyr.dir/subsys/shell/modules/kernel_service/sleep.c.obj
[trulo-ti:rw] [99/417] Building C object CMakeFiles/app.dir/mnt/host/source/src/platform/ec/build/zephyr/trulo-ti/modules/ec/common/ap_reset_log.c.obj
[/mnt/host/source/src/platform/ec/build/zephyr/craask-lcov]   /mnt/host/source/src/platform/ec/build/zephyr/craask/build-ro/modules/ec/zephyr/CMakeFiles/ec_shim.dir/shim/src/usba.c.gcno:no functions found
[/mnt/host/source/src/platform/ec/build/zephyr/craask-lcov] stderr:
[trulo-ti:ro] [67/417] Building C object CMakeFiles/app.dir/mnt/host/source/src/platform/ec/zephyr/subsys/ucsi/ucsi_host_cmd.c.obj
[trulo-ti:ro] [68/417] Building C object CMakeFiles/app.dir/mnt/host/source/src/platform/ec/build/zephyr/trulo-ti/modules/ec/common/base32.c.obj
[voltorb:rw] [49/386] Building C object zephyr/CMakeFiles/zephyr.dir/subsys/shell/modules/kernel_service/uptime.c.obj
[trulo-ti:ro] [69/417] Building C object CMakeFiles/app.dir/mnt/host/source/src/platform/ec/build/zephyr/trulo-ti/modules/ec/builtin/stdlib.c.obj
[voltorb:rw] [50/386] Building C object zephyr/CMakeFiles/zephyr.dir/subsys/shell/modules/kernel_service/version.c.obj
[brox-sku4:ro] [13/385] Building C object zephyr/CMakeFiles/zephyr.dir/lib/os/cbprintf_packaged.c.obj
[trulo-ti:rw] [100/417] Building C object CMakeFiles/app.dir/mnt/host/source/src/platform/ec/build/zephyr/trulo-ti/modules/ec/common/extpower_common.c.obj
[trulo-ti:rw] [101/417] Building C object CMakeFiles/app.dir/mnt/host/source/src/platform/ec/build/zephyr/trulo-ti/modules/ec/common/extpower_gpio.c.obj
[voltorb:rw] [51/386] Building C object zephyr/CMakeFiles/zephyr.dir/subsys/shell/modules/kernel_service/thread/thread.c.obj
[voltorb:rw] [52/386] Building C object zephyr/CMakeFiles/zephyr.dir/subsys/shell/modules/kernel_service/thread/list.c.obj
[voltorb:rw] [53/386] Building C object zephyr/CMakeFiles/zephyr.dir/subsys/shell/modules/kernel_service/thread/stacks.c.obj
[/mnt/host/source/src/platform/ec/build/zephyr/minimal-it8xxx2-lcov] stderr:
[trulo-ti:rw] [102/417] Building C object CMakeFiles/app.dir/mnt/host/source/src/platform/ec/build/zephyr/trulo-ti/modules/ec/common/host_command.c.obj
[trulo-ti:ro] [70/417] Building C object CMakeFiles/app.dir/mnt/host/source/src/platform/ec/build/zephyr/trulo-ti/modules/ec/common/console_output.c.obj
[trulo-ti:ro] [71/417] Building C object CMakeFiles/app.dir/mnt/host/source/src/platform/ec/build/zephyr/trulo-ti/modules/ec/common/ec_features.c.obj
[voltorb:rw] [54/386] Building C object zephyr/CMakeFiles/zephyr.dir/subsys/shell/modules/kernel_service/thread/suspend.c.obj
[brox-sku4:ro] [14/385] Building C object zephyr/CMakeFiles/zephyr.dir/lib/os/clock.c.obj
[trulo-ti:rw] [103/417] Building C object CMakeFiles/app.dir/mnt/host/source/src/platform/ec/build/zephyr/trulo-ti/modules/ec/common/host_command_task.c.obj
[trulo-ti:rw] [104/417] Building C object CMakeFiles/app.dir/mnt/host/source/src/platform/ec/build/zephyr/trulo-ti/modules/ec/common/fan.c.obj
[voltorb:rw] [55/386] Building C object zephyr/CMakeFiles/zephyr.dir/subsys/shell/modules/kernel_service/thread/resume.c.obj
[trulo-ti:rw] [105/417] Building C object CMakeFiles/app.dir/mnt/host/source/src/platform/ec/build/zephyr/trulo-ti/modules/ec/common/uart_hostcmd.c.obj
[trulo-ti:rw] [106/417] Building C object CMakeFiles/app.dir/mnt/host/source/src/platform/ec/build/zephyr/trulo-ti/modules/ec/common/flash.c.obj
[voltorb:rw] [56/386] Building C object zephyr/CMakeFiles/zephyr.dir/subsys/shell/modules/kernel_service/thread/kill.c.obj
[trulo-ti:rw] [107/417] Building C object CMakeFiles/app.dir/mnt/host/source/src/platform/ec/build/zephyr/trulo-ti/modules/ec/common/host_event_commands.c.obj
[voltorb:rw] [57/386] Building C object zephyr/CMakeFiles/zephyr.dir/subsys/shell/backends/shell_uart.c.obj
[brox-sku4:ro] [15/385] Building C object zephyr/CMakeFiles/zephyr.dir/lib/os/printk.c.obj
[trulo-ti:rw] [108/417] Building C object CMakeFiles/app.dir/mnt/host/source/src/platform/ec/build/zephyr/trulo-ti/modules/ec/common/uptime.c.obj
[voltorb:rw] [58/386] Building C object zephyr/CMakeFiles/zephyr.dir/subsys/shell/shell_fprintf.c.obj
[voltorb:rw] [59/386] Building C object zephyr/CMakeFiles/zephyr.dir/subsys/shell/shell.c.obj
[trulo-ti:ro] [72/417] Building C object CMakeFiles/app.dir/mnt/host/source/src/platform/ec/build/zephyr/trulo-ti/modules/ec/common/gpio_commands.c.obj
[trulo-ti:ro] [73/417] Building C object CMakeFiles/app.dir/mnt/host/source/src/platform/ec/build/zephyr/trulo-ti/modules/ec/common/peripheral.c.obj
[/mnt/host/source/src/platform/ec/build/zephyr/minimal-it8xxx2-lcov]   /mnt/host/source/src/platform/ec/build/zephyr/minimal-it8xxx2/build-ro/CMakeFiles/app.dir/mnt/host/source/src/platform/ec/build/zephyr/minimal-it8xxx2/modules/ec/common/chargen.c.gcno:no functions found
[/mnt/host/source/src/platform/ec/build/zephyr/minimal-it8xxx2-lcov] stderr:
[voltorb:rw] [60/386] Building C object zephyr/CMakeFiles/zephyr.dir/subsys/shell/shell_utils.c.obj
[trulo-ti:rw] [109/417] Building C object CMakeFiles/app.dir/mnt/host/source/src/platform/ec/build/zephyr/trulo-ti/modules/ec/common/i2c_passthru.c.obj
[trulo-ti:rw] [110/417] Building C object CMakeFiles/app.dir/mnt/host/source/src/platform/ec/build/zephyr/trulo-ti/modules/ec/common/i2c_controller.c.obj
[trulo-ti:rw] [111/417] Building C object CMakeFiles/app.dir/mnt/host/source/src/platform/ec/build/zephyr/trulo-ti/modules/ec/common/keyboard_8042_sharedlib.c.obj
[voltorb:rw] [61/386] Building C object zephyr/CMakeFiles/zephyr.dir/subsys/shell/shell_ops.c.obj
[/mnt/host/source/src/platform/ec/build/zephyr/minimal-it8xxx2-lcov]   /mnt/host/source/src/platform/ec/build/zephyr/minimal-it8xxx2/build-ro/CMakeFiles/app.dir/mnt/host/source/src/platform/ec/build/zephyr/minimal-it8xxx2/modules/ec/common/cbi_config.c.gcno:no functions found
[/mnt/host/source/src/platform/ec/build/zephyr/minimal-it8xxx2-lcov] stderr:
[brox-sku4:ro] [16/385] Building C object zephyr/CMakeFiles/zephyr.dir/lib/os/sem.c.obj
[/mnt/host/source/src/platform/ec/build/zephyr/craask-lcov]   /mnt/host/source/src/platform/ec/build/zephyr/craask/build-ro/modules/ec/zephyr/CMakeFiles/ec_shim.dir/shim/src/bc12.c.gcno:no functions found
[/mnt/host/source/src/platform/ec/build/zephyr/craask-lcov] stderr:
[trulo-ti:rw] [112/417] Building C object CMakeFiles/app.dir/mnt/host/source/src/platform/ec/build/zephyr/trulo-ti/modules/ec/common/mkbp_fifo.c.obj
[voltorb:rw] [62/386] Building C object zephyr/CMakeFiles/zephyr.dir/subsys/shell/shell_history.c.obj
[voltorb:rw] [63/386] Building C object zephyr/CMakeFiles/zephyr.dir/subsys/shell/shell_help.c.obj
[trulo-ti:rw] [113/417] Building C object CMakeFiles/app.dir/mnt/host/source/src/platform/ec/build/zephyr/trulo-ti/modules/ec/common/mkbp_info.c.obj
[voltorb:rw] [64/386] Building C object zephyr/CMakeFiles/zephyr.dir/drivers/flash/flash_util.c.obj
[trulo-ti:ro] [74/417] Building C object CMakeFiles/app.dir/mnt/host/source/src/platform/ec/build/zephyr/trulo-ti/modules/ec/common/printf.c.obj
[voltorb:rw] [65/386] Building C object zephyr/arch/common/CMakeFiles/arch__common.dir/sw_isr_common.c.obj
[/mnt/host/source/src/platform/ec/build/zephyr/minimal-it8xxx2-lcov]   /mnt/host/source/src/platform/ec/build/zephyr/minimal-it8xxx2/build-ro/zephyr/arch/arch/riscv/core/CMakeFiles/arch__riscv__core.dir/cpu_idle.c.gcno:no functions found
[/mnt/host/source/src/platform/ec/build/zephyr/minimal-it8xxx2-lcov] stderr:
[trulo-ti:ro] [75/417] Building C object CMakeFiles/app.dir/mnt/host/source/src/platform/ec/build/zephyr/trulo-ti/modules/ec/common/queue.c.obj
[brox-sku4:ro] [17/385] Building C object zephyr/CMakeFiles/zephyr.dir/lib/os/thread_entry.c.obj
[voltorb:rw] [66/386] Linking C static library zephyr/libzephyr.a
[voltorb:rw] [67/386] Building C object zephyr/arch/common/CMakeFiles/arch__common.dir/init.c.obj
[trulo-ti:rw] [114/417] Building C object CMakeFiles/app.dir/mnt/host/source/src/platform/ec/build/zephyr/trulo-ti/modules/ec/common/mkbp_input_devices.c.obj
[trulo-ti:rw] [115/417] Building C object CMakeFiles/app.dir/mnt/host/source/src/platform/ec/build/zephyr/trulo-ti/modules/ec/common/led_common.c.obj
[trulo-ti:rw] [116/417] Building C object CMakeFiles/app.dir/mnt/host/source/src/platform/ec/build/zephyr/trulo-ti/modules/ec/common/keyboard_8042.c.obj
[trulo-ti:rw] [117/417] Building C object CMakeFiles/app.dir/mnt/host/source/src/platform/ec/build/zephyr/trulo-ti/modules/ec/common/lid_switch.c.obj
[ocelotrvp-ish:singleimage] warning: Deprecated symbol I2C_ALLOW_NO_STOP_TRANSACTIONS is enabled.
[voltorb:rw] [68/386] Building C object zephyr/arch/common/CMakeFiles/arch__common.dir/xip.c.obj
[voltorb:rw] [69/386] Building ASM object zephyr/arch/arch/arm/core/CMakeFiles/arch__arm__core.dir/nmi_on_reset.S.obj
[voltorb:rw] [70/386] Building C object zephyr/arch/common/CMakeFiles/isr_tables.dir/isr_tables.c.obj
[trulo-ti:rw] [118/417] Building C object CMakeFiles/app.dir/mnt/host/source/src/platform/ec/build/zephyr/trulo-ti/modules/ec/common/mkbp_event.c.obj
[voltorb:rw] [71/386] Linking C static library zephyr/arch/common/libisr_tables.a
[voltorb:rw] [72/386] Building C object zephyr/arch/arch/arm/core/CMakeFiles/arch__arm__core.dir/nmi.c.obj
[voltorb:rw] [73/386] Building C object zephyr/arch/arch/arm/core/CMakeFiles/arch__arm__core.dir/fatal.c.obj
[brox-sku4:ro] [18/385] Building C object zephyr/CMakeFiles/zephyr.dir/lib/os/cbprintf_nano.c.obj
[voltorb:rw] [74/386] Linking C static library zephyr/arch/common/libarch__common.a
[trulo-ti:ro] [76/417] Building C object CMakeFiles/app.dir/mnt/host/source/src/platform/ec/build/zephyr/trulo-ti/modules/ec/common/system_boot_time.c.obj
[voltorb:rw] [75/386] Linking C static library zephyr/arch/arch/arm/core/libarch__arm__core.a
[ocelotrvp-ish:singleimage] Parsing /mnt/host/source/src/platform/ec/zephyr/program/ocelot/Kconfig
[/mnt/host/source/src/platform/ec/build/zephyr/minimal-it8xxx2-lcov]   /mnt/host/source/src/platform/ec/build/zephyr/minimal-it8xxx2/build-ro/zephyr/arch/common/CMakeFiles/isr_tables.dir/isr_tables.c.gcno:no functions found
[/mnt/host/source/src/platform/ec/build/zephyr/minimal-it8xxx2-lcov] stderr:
[trulo-ti:rw] [119/417] Building C object CMakeFiles/app.dir/mnt/host/source/src/platform/ec/build/zephyr/trulo-ti/modules/ec/common/port80.c.obj
[voltorb:rw] [76/386] Building ASM object zephyr/arch/arch/arm/core/cortex_m/CMakeFiles/arch__arm__core__cortex_m.dir/fault_s.S.obj
[voltorb:rw] [77/386] Building C object zephyr/arch/arch/arm/core/cortex_m/CMakeFiles/arch__arm__core__cortex_m.dir/exc_exit.c.obj
[trulo-ti:rw] [120/417] Building C object CMakeFiles/app.dir/mnt/host/source/src/platform/ec/build/zephyr/trulo-ti/modules/ec/power/hibernate.c.obj
[trulo-ti:rw] [121/417] Building C object CMakeFiles/app.dir/mnt/host/source/src/platform/ec/build/zephyr/trulo-ti/modules/ec/common/power_button.c.obj
[brox-sku4:ro] [19/385] Building C object zephyr/CMakeFiles/zephyr.dir/lib/os/cbprintf.c.obj
[trulo-ti:rw] [122/417] Building C object CMakeFiles/app.dir/mnt/host/source/src/platform/ec/build/zephyr/trulo-ti/modules/ec/common/shared_mem.c.obj
[trulo-ti:rw] [123/417] Building C object CMakeFiles/app.dir/mnt/host/source/src/platform/ec/build/zephyr/trulo-ti/modules/ec/common/panic_output.c.obj
[voltorb:rw] [78/386] Building C object zephyr/arch/arch/arm/core/cortex_m/CMakeFiles/arch__arm__core__cortex_m.dir/fault.c.obj
[voltorb:rw] [79/386] Building C object zephyr/arch/arch/arm/core/cortex_m/CMakeFiles/arch__arm__core__cortex_m.dir/fpu.c.obj
[ocelotrvp-ish:singleimage] INFOSetting TOOLCHAIN_HAS_PICOLIBC to support full build.
[trulo-ti:rw] [124/417] Building C object CMakeFiles/app.dir/mnt/host/source/src/platform/ec/build/zephyr/trulo-ti/modules/ec/common/switch.c.obj
[voltorb:rw] [80/386] Building ASM object zephyr/arch/arch/arm/core/cortex_m/CMakeFiles/arch__arm__core__cortex_m.dir/reset.S.obj
[ocelotrvp-ish:singleimage] Loaded configuration '/mnt/host/source/src/third_party/zephyr/main/boards/intel/ish/intel_ish_5_8_0_defconfig'
[ocelotrvp-ish:singleimage] Merged configuration '/mnt/host/source/src/platform/ec/zephyr/program/ocelot/ocelot-ish/prj.conf'
[ocelotrvp-ish:singleimage] Merged configuration '/mnt/host/source/src/platform/ec/zephyr/program/ocelot/ocelot-ish/motionsense.conf'
[ocelotrvp-ish:singleimage] Merged configuration '/mnt/host/source/src/platform/ec/zephyr/program/ocelot/dsp_comms.conf'
[ocelotrvp-ish:singleimage] Merged configuration '/mnt/host/source/src/platform/ec/build/zephyr/ocelotrvp-ish/kconfig-singleimage.conf'
[ocelotrvp-ish:singleimage] Configuration saved to '/mnt/host/source/src/platform/ec/build/zephyr/ocelotrvp-ish/build-singleimage/zephyr/.config'
[ocelotrvp-ish:singleimage] Kconfig header saved to '/mnt/host/source/src/platform/ec/build/zephyr/ocelotrvp-ish/build-singleimage/zephyr/include/generated/zephyr/autoconf.h'
[ocelotrvp-ish:singleimage] -- Found GnuLd: /home/jpmurphy/.cache/coreboot-sdk/i386-elf/dfbb0486385d938cfa9d73080b9d18d598ed4f49/i386-elf/bin/ld.bfd (found version "2.43.1")
[voltorb:rw] [81/386] Building C object zephyr/arch/arch/arm/core/cortex_m/CMakeFiles/arch__arm__core__cortex_m.dir/scb.c.obj
[trulo-ti:rw] [125/417] Building C object CMakeFiles/app.dir/mnt/host/source/src/platform/ec/build/zephyr/trulo-ti/modules/ec/common/spi_flash_reg.c.obj
[trulo-ti:ro] [77/417] Building C object CMakeFiles/app.dir/mnt/host/source/src/platform/ec/build/zephyr/trulo-ti/modules/ec/common/uart_printf.c.obj
[voltorb:rw] [82/386] Building ASM object zephyr/arch/arch/arm/core/cortex_m/CMakeFiles/arch__arm__core__cortex_m.dir/vector_table.S.obj
[brox-sku4:ro] [20/385] Building C object zephyr/CMakeFiles/zephyr.dir/lib/os/assert.c.obj
[ocelotrvp-ish:singleimage] -- The C compiler identification is GNU 14.2.0
[trulo-ti:ro] [78/417] Building C object CMakeFiles/app.dir/mnt/host/source/src/platform/ec/build/zephyr/trulo-ti/modules/ec/common/system.c.obj
[brox-sku4:ro] [21/385] Building C object zephyr/CMakeFiles/zephyr.dir/lib/utils/base64.c.obj
[voltorb:rw] [83/386] Building C object zephyr/arch/arch/arm/core/cortex_m/CMakeFiles/arch__arm__core__cortex_m.dir/thread_abort.c.obj
[ocelotrvp-ish:singleimage] -- The CXX compiler identification is GNU 14.2.0
[trulo-ti:rw] [126/417] Building C object CMakeFiles/app.dir/mnt/host/source/src/platform/ec/build/zephyr/trulo-ti/modules/ec/common/tablet_mode.c.obj
[trulo-ti:rw] [127/417] Building C object CMakeFiles/app.dir/mnt/host/source/src/platform/ec/build/zephyr/trulo-ti/modules/ec/driver/temp_sensor/thermistor.c.obj
[ocelotrvp-ish:singleimage] -- The ASM compiler identification is GNU
[ocelotrvp-ish:singleimage] -- Found assembler: /home/jpmurphy/.cache/coreboot-sdk/i386-elf/dfbb0486385d938cfa9d73080b9d18d598ed4f49/bin/i386-elf-gcc
[voltorb:rw] [84/386] Building ASM object zephyr/arch/arch/arm/core/cortex_m/CMakeFiles/arch__arm__core__cortex_m.dir/swap_helper.S.obj
[trulo-ti:rw] [128/417] Building C object CMakeFiles/app.dir/mnt/host/source/src/platform/ec/build/zephyr/trulo-ti/modules/ec/common/temp_sensor.c.obj
[ocelotrvp-ish:singleimage] INFOSetting TOOLCHAIN_HAS_NEWLIB to support full build.
[ocelotrvp-ish:singleimage] CMake Warning at /mnt/host/source/src/platform/ec/zephyr/cmake/linker/ld/linker_libraries.cmake:11 (message):
[ocelotrvp-ish:singleimage]   Disabling c_library
[ocelotrvp-ish:singleimage] Call Stack (most recent call first):
[ocelotrvp-ish:singleimage]   /mnt/host/source/src/third_party/zephyr/main/cmake/target_toolchain_flags.cmake:48 (include)
[ocelotrvp-ish:singleimage]   /mnt/host/source/src/third_party/zephyr/main/cmake/modules/kernel.cmake:153 (include)
[ocelotrvp-ish:singleimage]   /mnt/host/source/src/third_party/zephyr/main/cmake/modules/zephyr_default.cmake:138 (include)
[ocelotrvp-ish:singleimage]   /mnt/host/source/src/third_party/zephyr/main/share/zephyr-package/cmake/ZephyrConfig.cmake:66 (include)
[ocelotrvp-ish:singleimage]   /mnt/host/source/src/third_party/zephyr/main/share/zephyr-package/cmake/ZephyrConfig.cmake:97 (include_boilerplate)
[ocelotrvp-ish:singleimage]   CMakeLists.txt:7 (find_package)
[voltorb:rw] [85/386] Building C object zephyr/arch/arch/arm/core/cortex_m/CMakeFiles/arch__arm__core__cortex_m.dir/irq_manage.c.obj
[brox-sku4:ro] [22/385] Building C object zephyr/CMakeFiles/zephyr.dir/lib/utils/dec.c.obj
[trulo-ti:rw] [129/417] Building C object CMakeFiles/app.dir/mnt/host/source/src/platform/ec/build/zephyr/trulo-ti/modules/ec/common/thermal.c.obj
[brox-sku4:ro] [23/385] Building C object zephyr/CMakeFiles/zephyr.dir/lib/utils/hex.c.obj
[voltorb:rw] [86/386] Building C object zephyr/arch/arch/arm/core/cortex_m/CMakeFiles/arch__arm__core__cortex_m.dir/prep_c.c.obj
[trulo-ti:rw] [130/417] Building C object CMakeFiles/app.dir/mnt/host/source/src/platform/ec/build/zephyr/trulo-ti/modules/ec/common/throttle_ap.c.obj
[ocelotrvp-ish:singleimage] -- Performing EC specific devicetree checks
[trulo-ti:rw] [131/417] Building C object CMakeFiles/app.dir/mnt/host/source/src/platform/ec/build/zephyr/trulo-ti/modules/ec/common/timer.c.obj
[voltorb:rw] [87/386] Building C object zephyr/arch/arch/arm/core/cortex_m/CMakeFiles/arch__arm__core__cortex_m.dir/thread.c.obj
[trulo-ti:ro] [79/417] Building C object CMakeFiles/app.dir/mnt/host/source/src/platform/ec/build/zephyr/trulo-ti/modules/ec/common/util.c.obj
[ocelotrvp-ish:singleimage] INFOSetting c++_library to libstdc++ install path
[ocelotrvp-ish:singleimage] INFOSetting c_library to picolibc install path
[ocelotrvp-ish:singleimage] INFO: Verified 2 GPIOs, no duplicates found
[ocelotrvp-ish:singleimage] INFO: Verified 1 '*-gpios' properties, all flags match.
[ocelotrvp-ish:singleimage] INFO: Skipped 1 named-gpios children.
[voltorb:rw] [88/386] Building C object zephyr/arch/arch/arm/core/cortex_m/CMakeFiles/arch__arm__core__cortex_m.dir/cpu_idle.c.obj
[voltorb:rw] [89/386] Building C object zephyr/arch/arch/arm/core/cortex_m/CMakeFiles/arch__arm__core__cortex_m.dir/irq_init.c.obj
[trulo-ti:ro] [80/417] Building C object CMakeFiles/app.dir/mnt/host/source/src/platform/ec/build/zephyr/trulo-ti/modules/ec/common/version.c.obj
[ocelotrvp-ish:singleimage] -- Generating component manifest file
[trulo-ti:rw] [132/417] Building C object CMakeFiles/app.dir/mnt/host/source/src/platform/ec/build/zephyr/trulo-ti/modules/ec/common/usbc_utils.c.obj
[voltorb:rw] [90/386] Building C object zephyr/arch/arch/arm/core/cortex_m/CMakeFiles/arch__arm__core__cortex_m.dir/isr_wrapper.c.obj
[brox-sku4:ro] [24/385] Building C object zephyr/CMakeFiles/zephyr.dir/lib/utils/rb.c.obj
[voltorb:rw] [91/386] Linking C static library zephyr/arch/arch/arm/core/cortex_m/libarch__arm__core__cortex_m.a
[ocelotrvp-ish:singleimage] INFO: Running CME, outputting to /mnt/host/source/src/platform/ec/build/zephyr/ocelotrvp-ish/build-singleimage/zephyr/component_manifest.json
[ocelotrvp-ish:singleimage] INFO: Project ocelotrvp-ish does not support SSFC
[ocelotrvp-ish:singleimage] INFO: No usbc node found
[trulo-ti:rw] [133/417] Building C object CMakeFiles/app.dir/mnt/host/source/src/platform/ec/build/zephyr/trulo-ti/modules/ec/common/chargen.c.obj
[trulo-ti:rw] [134/417] Building C object CMakeFiles/app.dir/mnt/host/source/src/platform/ec/build/zephyr/trulo-ti/modules/ec/common/usb_port_power_dumb.c.obj
[voltorb:rw] [92/386] Generating ../../../include/generated/libc/minimal/strerror_table.h
[voltorb:rw] [93/386] Building C object zephyr/arch/arch/arm/core/mpu/CMakeFiles/arch__arm__core__mpu.dir/arm_mpu_regions.c.obj
[voltorb:rw] [94/386] Building C object zephyr/arch/arch/arm/core/mpu/CMakeFiles/arch__arm__core__mpu.dir/arm_core_mpu.c.obj
[voltorb:rw] [95/386] Building C object zephyr/lib/libc/minimal/CMakeFiles/lib__libc__minimal.dir/source/stdlib/atoi.c.obj
[trulo-ti:rw] [135/417] Building C object CMakeFiles/app.dir/mnt/host/source/src/platform/ec/build/zephyr/trulo-ti/modules/ec/common/usb_common.c.obj
[trulo-ti:rw] [136/417] Building C object CMakeFiles/app.dir/mnt/host/source/src/platform/ec/build/zephyr/trulo-ti/modules/ec/common/usb_pd_host_cmd_common.c.obj
[voltorb:rw] [96/386] Building C object zephyr/arch/arch/arm/core/mpu/CMakeFiles/arch__arm__core__mpu.dir/arm_mpu.c.obj
[brox-sku4:ro] [25/385] Building C object zephyr/CMakeFiles/zephyr.dir/lib/utils/timeutil.c.obj
[voltorb:rw] [97/386] Building C object zephyr/lib/libc/minimal/CMakeFiles/lib__libc__minimal.dir/source/stdlib/strtoul.c.obj
[voltorb:rw] [98/386] Building C object zephyr/lib/libc/minimal/CMakeFiles/lib__libc__minimal.dir/source/stdlib/strtol.c.obj
[voltorb:rw] [99/386] Linking C static library zephyr/arch/arch/arm/core/mpu/libarch__arm__core__mpu.a
[voltorb:rw] [100/386] Building C object zephyr/lib/libc/minimal/CMakeFiles/lib__libc__minimal.dir/source/stdlib/strtoll.c.obj
[voltorb:rw] [101/386] Building C object zephyr/lib/libc/minimal/CMakeFiles/lib__libc__minimal.dir/source/stdlib/strtoull.c.obj
[voltorb:rw] [102/386] Building C object zephyr/lib/libc/minimal/CMakeFiles/lib__libc__minimal.dir/source/stdlib/bsearch.c.obj
[ocelotrvp-ish:singleimage] -- warning_base_override: -Wall;-Wformat;-Wformat-security;-Wformat;-Wno-format-zero-length;-Wno-pointer-sign;-Wpointer-arith;-Wexpansion-to-defined
[ocelotrvp-ish:singleimage] INFO: No motionsense-sensor-alt node found
[ocelotrvp-ish:singleimage] The PW_ROOT environment variable is not set; using /mnt/host/source/src/platform/ec/build/zephyr/ocelotrvp-ish/modules/pigweed within CMake
[voltorb:rw] [103/386] Building C object zephyr/lib/libc/minimal/CMakeFiles/lib__libc__minimal.dir/source/string/strncasecmp.c.obj
[trulo-ti:rw] [137/417] Building C object CMakeFiles/app.dir/mnt/host/source/src/platform/ec/build/zephyr/trulo-ti/modules/ec/common/vboot_hash.c.obj
[voltorb:rw] [104/386] Building C object zephyr/lib/libc/minimal/CMakeFiles/lib__libc__minimal.dir/source/stdlib/qsort.c.obj
[trulo-ti:ro] [81/417] Building C object CMakeFiles/app.dir/mnt/host/source/src/platform/ec/build/zephyr/trulo-ti/modules/ec/common/adc.c.obj
[/mnt/host/source/src/platform/ec/build/zephyr/craask-lcov]   /mnt/host/source/src/platform/ec/build/zephyr/craask/build-ro/CMakeFiles/app.dir/mnt/host/source/src/platform/ec/build/zephyr/craask/modules/ec/common/usb_pd_pdo.c.gcno:no functions found
[/mnt/host/source/src/platform/ec/build/zephyr/craask-lcov] stderr:
[voltorb:rw] [105/386] Building C object zephyr/lib/libc/minimal/CMakeFiles/lib__libc__minimal.dir/source/string/strstr.c.obj
[voltorb:rw] [106/386] Building C object zephyr/lib/libc/minimal/CMakeFiles/lib__libc__minimal.dir/source/string/strerror.c.obj
[voltorb:rw] [107/386] Building C object zephyr/lib/libc/minimal/CMakeFiles/lib__libc__minimal.dir/source/string/strspn.c.obj
[voltorb:rw] [108/386] Building C object zephyr/lib/libc/minimal/CMakeFiles/lib__libc__minimal.dir/source/string/string.c.obj
[trulo-ti:ro] [82/417] Building C object CMakeFiles/app.dir/mnt/host/source/src/platform/ec/build/zephyr/trulo-ti/modules/ec/common/power_button_x86.c.obj
[trulo-ti:rw] [138/417] Building C object CMakeFiles/app.dir/mnt/host/source/src/platform/ec/build/zephyr/trulo-ti/modules/ec/common/button.c.obj
[brox-sku4:ro] [26/385] Building C object zephyr/CMakeFiles/zephyr.dir/lib/utils/bitarray.c.obj
[voltorb:rw] [109/386] Building C object zephyr/lib/libc/minimal/CMakeFiles/lib__libc__minimal.dir/source/stdlib/exit.c.obj
[trulo-ti:rw] [139/417] Building C object CMakeFiles/app.dir/mnt/host/source/src/platform/ec/build/zephyr/trulo-ti/modules/ec/common/vstore.c.obj
[/mnt/host/source/src/platform/ec/build/zephyr/minimal-it8xxx2-lcov]   /mnt/host/source/src/platform/ec/build/zephyr/minimal-it8xxx2/build-ro/zephyr/CMakeFiles/zephyr.dir/subsys/shell/modules/kernel_service/kernel_shell.c.gcno:no functions found
[/mnt/host/source/src/platform/ec/build/zephyr/minimal-it8xxx2-lcov] stderr:
[trulo-ti:rw] [140/417] Building C object CMakeFiles/app.dir/mnt/host/source/src/platform/ec/build/zephyr/trulo-ti/modules/ec/common/math_util.c.obj
[trulo-ti:rw] [141/417] Building C object CMakeFiles/app.dir/src/board_power.c.obj
[trulo-ti:rw] [142/417] Building C object zephyr/CMakeFiles/zephyr.dir/lib/cpp/abi/cpp_dtors.c.obj
[brox-sku4:ro] [27/385] Building C object zephyr/CMakeFiles/zephyr.dir/lib/utils/bitmask.c.obj
[/mnt/host/source/src/platform/ec/build/zephyr/minimal-it8xxx2-lcov]   /mnt/host/source/src/platform/ec/build/zephyr/minimal-it8xxx2/build-ro/zephyr/CMakeFiles/zephyr.dir/lib/libc/validate_libc.c.gcno:no functions found
[/mnt/host/source/src/platform/ec/build/zephyr/minimal-it8xxx2-lcov] stderr:
[voltorb:rw] [110/386] Building C object zephyr/lib/libc/minimal/CMakeFiles/lib__libc__minimal.dir/source/math/sqrtf.c.obj
[trulo-ti:rw] [143/417] Building C object CMakeFiles/app.dir/mnt/host/source/src/platform/ec/build/zephyr/trulo-ti/modules/ec/common/vboot/efs2.c.obj
[voltorb:rw] [111/386] Building C object zephyr/lib/libc/minimal/CMakeFiles/lib__libc__minimal.dir/source/stdout/stdout_console.c.obj
[voltorb:rw] [112/386] Building C object zephyr/lib/libc/minimal/CMakeFiles/lib__libc__minimal.dir/source/stdout/fprintf.c.obj
[voltorb:rw] [113/386] Building C object zephyr/lib/libc/minimal/CMakeFiles/lib__libc__minimal.dir/source/stdout/sprintf.c.obj
[voltorb:rw] [114/386] Building C object zephyr/lib/libc/minimal/CMakeFiles/lib__libc__minimal.dir/source/math/sqrt.c.obj
[trulo-ti:rw] [144/417] Building C object CMakeFiles/app.dir/trulo/src/touch_panel.c.obj
[trulo-ti:rw] [145/417] Building C object zephyr/CMakeFiles/zephyr.dir/lib/libc/validate_libc.c.obj
[voltorb:rw] [115/386] Building C object zephyr/lib/libc/common/CMakeFiles/lib__libc__common.dir/source/time/gmtime_r.c.obj
[voltorb:rw] [116/386] Building C object zephyr/lib/libc/common/CMakeFiles/lib__libc__common.dir/source/time/asctime.c.obj
[trulo-ti:ro] [83/417] Building C object CMakeFiles/app.dir/mnt/host/source/src/platform/ec/build/zephyr/trulo-ti/modules/ec/common/acpi.c.obj
[trulo-ti:ro] [84/417] Building C object CMakeFiles/app.dir/mnt/host/source/src/platform/ec/build/zephyr/trulo-ti/modules/ec/common/backlight_lid.c.obj
[brox-sku4:ro] [28/385] Building C object zephyr/CMakeFiles/zephyr.dir/lib/utils/getopt/getopt.c.obj
[voltorb:rw] [117/386] Building C object zephyr/lib/libc/common/CMakeFiles/lib__libc__common.dir/source/time/localtime_r_utc.c.obj
[trulo-ti:rw] [146/417] Building C object CMakeFiles/app.dir/trulo/src/hdmi.c.obj
[trulo-ti:rw] [147/417] Building C object zephyr/CMakeFiles/zephyr.dir/lib/heap/heap.c.obj
[trulo-ti:rw] [148/417] Building C object zephyr/CMakeFiles/zephyr.dir/lib/os/cbprintf_packaged.c.obj
[voltorb:rw] [118/386] Building C object zephyr/lib/libc/common/CMakeFiles/lib__libc__common.dir/source/time/ctime.c.obj
[voltorb:rw] [119/386] Building C object zephyr/lib/libc/common/CMakeFiles/lib__libc__common.dir/source/stdlib/abort.c.obj
[voltorb:rw] [120/386] Building C object zephyr/lib/libc/minimal/CMakeFiles/lib__libc__minimal.dir/source/time/gmtime.c.obj
[trulo-ti:rw] [149/417] Linking CXX static library app/libapp.a
[voltorb:rw] [121/386] Building C object zephyr/lib/libc/common/CMakeFiles/lib__libc__common.dir/source/time/time.c.obj
[trulo-ti:rw] [150/417] Building C object zephyr/CMakeFiles/zephyr.dir/lib/os/clock.c.obj
[voltorb:rw] [122/386] Linking C static library zephyr/lib/libc/minimal/liblib__libc__minimal.a
[voltorb:rw] [123/386] Building C object zephyr/lib/libc/common/CMakeFiles/lib__libc__common.dir/source/string/strnlen.c.obj
[voltorb:rw] [124/386] Building C object zephyr/lib/posix/c_lib_ext/CMakeFiles/lib__posix__c_lib_ext.dir/fnmatch.c.obj
[/mnt/host/source/src/platform/ec/build/zephyr/minimal-it8xxx2-lcov]   /mnt/host/source/src/platform/ec/build/zephyr/minimal-it8xxx2/build-ro/zephyr/CMakeFiles/zephyr.dir/lib/utils/last_section_id.c.gcno:no functions found
[/mnt/host/source/src/platform/ec/build/zephyr/minimal-it8xxx2-lcov] stderr:
[voltorb:rw] [125/386] Building C object zephyr/subsys/crc/CMakeFiles/subsys__crc.dir/crc4_sw.c.obj
[trulo-ti:rw] [151/417] Building C object zephyr/CMakeFiles/zephyr.dir/lib/os/sem.c.obj
[trulo-ti:rw] [152/417] Building C object zephyr/CMakeFiles/zephyr.dir/lib/utils/dec.c.obj
[brox-sku4:ro] [29/385] Building C object zephyr/CMakeFiles/zephyr.dir/lib/utils/getopt/getopt_common.c.obj
[trulo-ti:rw] [153/417] Building C object zephyr/CMakeFiles/zephyr.dir/lib/os/printk.c.obj
[voltorb:rw] [126/386] Building C object zephyr/subsys/crc/CMakeFiles/subsys__crc.dir/crc8_sw.c.obj
[trulo-ti:rw] [154/417] Building C object zephyr/CMakeFiles/zephyr.dir/lib/utils/hex.c.obj
[voltorb:rw] [127/386] Building C object zephyr/subsys/crc/CMakeFiles/subsys__crc.dir/crc16_sw.c.obj
[trulo-ti:rw] [155/417] Building C object zephyr/CMakeFiles/zephyr.dir/lib/os/thread_entry.c.obj
[trulo-ti:rw] [156/417] Building C object zephyr/CMakeFiles/zephyr.dir/lib/os/cbprintf_nano.c.obj
[voltorb:rw] [128/386] Building C object zephyr/lib/libc/common/CMakeFiles/lib__libc__common.dir/source/stdlib/malloc.c.obj
[trulo-ti:ro] [85/417] Building C object CMakeFiles/app.dir/mnt/host/source/src/platform/ec/build/zephyr/trulo-ti/modules/ec/common/battery_info.c.obj
[voltorb:rw] [129/386] Linking C static library zephyr/lib/libc/common/liblib__libc__common.a
[voltorb:rw] [130/386] Building C object zephyr/subsys/crc/CMakeFiles/subsys__crc.dir/crc7_sw.c.obj
[trulo-ti:rw] [157/417] Building C object zephyr/CMakeFiles/zephyr.dir/lib/os/assert.c.obj
[brox-sku4:ro] [30/385] Building C object zephyr/CMakeFiles/zephyr.dir/lib/utils/ring_buffer.c.obj
[voltorb:rw] [131/386] Building C object zephyr/lib/posix/c_lib_ext/CMakeFiles/lib__posix__c_lib_ext.dir/getentropy.c.obj
[trulo-ti:rw] [158/417] Building C object zephyr/CMakeFiles/zephyr.dir/lib/utils/timeutil.c.obj
[trulo-ti:rw] [159/417] Building C object zephyr/CMakeFiles/zephyr.dir/lib/utils/bitmask.c.obj
[voltorb:rw] [132/386] Building C object zephyr/lib/posix/c_lib_ext/CMakeFiles/lib__posix__c_lib_ext.dir/getopt_shim.c.obj
[voltorb:rw] [133/386] Building C object zephyr/subsys/crc/CMakeFiles/subsys__crc.dir/crc32c_sw.c.obj
[voltorb:rw] [134/386] Building C object zephyr/subsys/crc/CMakeFiles/subsys__crc.dir/crc24_sw.c.obj
[brox-sku4:ro] [31/385] Building C object zephyr/CMakeFiles/zephyr.dir/lib/utils/last_section_id.c.obj
[voltorb:rw] [135/386] Linking C static library zephyr/lib/posix/c_lib_ext/liblib__posix__c_lib_ext.a
[voltorb:rw] [136/386] Building C object zephyr/subsys/crc/CMakeFiles/subsys__crc.dir/crc32_sw.c.obj
[voltorb:rw] [137/386] Building C object zephyr/subsys/crc/CMakeFiles/subsys__crc.dir/crc32k_4_2_sw.c.obj
[trulo-ti:rw] [160/417] Building C object zephyr/CMakeFiles/zephyr.dir/lib/utils/last_section_id.c.obj
[voltorb:rw] [138/386] Linking C static library zephyr/subsys/crc/libsubsys__crc.a
[trulo-ti:rw] [161/417] Building C object zephyr/CMakeFiles/zephyr.dir/lib/utils/rb.c.obj
[trulo-ti:rw] [162/417] Building C object zephyr/CMakeFiles/zephyr.dir/lib/utils/ring_buffer.c.obj
[trulo-ti:rw] [163/417] Building C object zephyr/CMakeFiles/zephyr.dir/misc/generated/configs.c.obj
[brox-sku4:ro] [32/385] Building C object zephyr/CMakeFiles/zephyr.dir/misc/generated/configs.c.obj
[trulo-ti:rw] [164/417] Building C object zephyr/CMakeFiles/zephyr.dir/lib/utils/bitarray.c.obj
[trulo-ti:rw] [165/417] Building C object zephyr/CMakeFiles/zephyr.dir/lib/utils/getopt/getopt_common.c.obj
[trulo-ti:rw] [166/417] Building C object zephyr/CMakeFiles/zephyr.dir/lib/utils/getopt/getopt.c.obj
[trulo-ti:ro] [86/417] Building C object CMakeFiles/app.dir/mnt/host/source/src/platform/ec/build/zephyr/trulo-ti/modules/ec/common/battery.c.obj
[voltorb:rw] [139/386] Building C object zephyr/drivers/adc/CMakeFiles/drivers__adc.dir/adc_npcx.c.obj
[voltorb:rw] [140/386] Building C object zephyr/drivers/bbram/CMakeFiles/drivers__bbram.dir/bbram_npcx.c.obj
[voltorb:rw] [141/386] Building C object zephyr/drivers/interrupt_controller/CMakeFiles/drivers__interrupt_controller.dir/intc_miwu.c.obj
[voltorb:rw] [142/386] Building C object zephyr/drivers/adc/CMakeFiles/drivers__adc.dir/adc_common.c.obj
[brox-sku4:ro] [33/385] Building ASM object zephyr/CMakeFiles/zephyr.dir/soc/ite/ec/common/soc_irq.S.obj
[ocelotrvp-ish:singleimage] -- Found gen_kobject_list: /mnt/host/source/src/third_party/zephyr/main/scripts/build/gen_kobject_list.py
[voltorb:rw] [143/386] Linking C static library zephyr/drivers/interrupt_controller/libdrivers__interrupt_controller.a
[voltorb:rw] [144/386] Linking C static library zephyr/drivers/bbram/libdrivers__bbram.a
[voltorb:rw] [145/386] Linking C static library zephyr/drivers/adc/libdrivers__adc.a
[ocelotrvp-ish:singleimage] CMake Warning at /mnt/host/source/src/third_party/zephyr/main/CMakeLists.txt:1134 (message):
[ocelotrvp-ish:singleimage]   No SOURCES given to Zephyr library: drivers__syscon
[ocelotrvp-ish:singleimage]   Excluding target from build.
[ocelotrvp-ish:singleimage] CMake Warning at /mnt/host/source/src/third_party/zephyr/main/cmake/emu/simics.cmake:14 (message):
[ocelotrvp-ish:singleimage]   Simics simulator environment is not found at SIMICS_PROJECT:''
[ocelotrvp-ish:singleimage] Call Stack (most recent call first):
[ocelotrvp-ish:singleimage]   /mnt/host/source/src/third_party/zephyr/main/CMakeLists.txt:2336 (include)
[ocelotrvp-ish:singleimage] CMake Warning at /mnt/host/source/src/third_party/zephyr/main/CMakeLists.txt:2359 (message):
[ocelotrvp-ish:singleimage]   __ASSERT() statements are globally ENABLED
[trulo-ti:rw] [167/417] Building C object zephyr/CMakeFiles/zephyr.dir/soc/nuvoton/npcx/common/npcxn/registers.c.obj
[trulo-ti:ro] [87/417] Building C object CMakeFiles/app.dir/mnt/host/source/src/platform/ec/build/zephyr/trulo-ti/modules/ec/common/battery_fuel_gauge.c.obj
[trulo-ti:rw] [168/417] Building C object zephyr/CMakeFiles/zephyr.dir/soc/nuvoton/npcx/common/scfg.c.obj
[ocelotrvp-ish:singleimage] -- Configuring done (17.8s)
[trulo-ti:rw] [169/417] Building C object zephyr/CMakeFiles/zephyr.dir/soc/nuvoton/npcx/common/power.c.obj
[trulo-ti:rw] [170/417] Building C object zephyr/CMakeFiles/zephyr.dir/soc/nuvoton/npcx/npcx9/soc.c.obj
[voltorb:rw] [146/386] Building C object zephyr/drivers/clock_control/CMakeFiles/drivers__clock_control.dir/clock_control_npcx.c.obj
[brox-sku4:ro] [34/385] Building C object zephyr/CMakeFiles/zephyr.dir/soc/ite/ec/common/soc_common_irq.c.obj
[voltorb:rw] [147/386] Linking C static library zephyr/drivers/clock_control/libdrivers__clock_control.a
[trulo-ti:rw] [171/417] Building C object zephyr/CMakeFiles/zephyr.dir/subsys/logging/log_minimal.c.obj
[trulo-ti:rw] [172/417] Building C object zephyr/CMakeFiles/zephyr.dir/subsys/mem_mgmt/mem_attr.c.obj
[voltorb:rw] [148/386] Building C object zephyr/drivers/console/CMakeFiles/drivers__console.dir/uart_console.c.obj
[trulo-ti:rw] [173/417] Building C object zephyr/CMakeFiles/zephyr.dir/subsys/pm/state.c.obj
[voltorb:rw] [149/386] Building C object zephyr/drivers/eeprom/CMakeFiles/drivers__eeprom.dir/eeprom_at2x.c.obj
[voltorb:rw] [150/386] Linking C static library zephyr/drivers/console/libdrivers__console.a
[voltorb:rw] [151/386] Building C object zephyr/drivers/eeprom/CMakeFiles/drivers__eeprom.dir/eeprom_shell.c.obj
[voltorb:rw] [152/386] Linking C static library zephyr/drivers/eeprom/libdrivers__eeprom.a
[trulo-ti:rw] [174/417] Building C object zephyr/CMakeFiles/zephyr.dir/subsys/pm/pm.c.obj
[brox-sku4:ro] [35/385] Building C object zephyr/CMakeFiles/zephyr.dir/soc/ite/ec/common/power.c.obj
[trulo-ti:ro] [88/417] Building C object CMakeFiles/app.dir/mnt/host/source/src/platform/ec/build/zephyr/trulo-ti/modules/ec/driver/battery/smart.c.obj
[trulo-ti:rw] [175/417] Building C object zephyr/CMakeFiles/zephyr.dir/subsys/pm/policy/policy_events.c.obj
[trulo-ti:rw] [176/417] Building C object zephyr/CMakeFiles/zephyr.dir/subsys/pm/policy/policy_latency.c.obj
[voltorb:rw] [153/386] Building C object zephyr/drivers/flash/CMakeFiles/drivers__flash.dir/jesd216.c.obj
[trulo-ti:rw] [177/417] Building C object zephyr/CMakeFiles/zephyr.dir/subsys/pm/policy/policy_state_lock.c.obj
[trulo-ti:ro] [89/417] Building C object CMakeFiles/app.dir/mnt/host/source/src/platform/ec/build/zephyr/trulo-ti/modules/ec/driver/charger/bq25710.c.obj
[trulo-ti:rw] [178/417] Building C object zephyr/CMakeFiles/zephyr.dir/subsys/pm/device.c.obj
[voltorb:rw] [154/386] Building C object zephyr/drivers/flash/CMakeFiles/drivers__flash.dir/flash_npcx_fiu_nor.c.obj
[trulo-ti:rw] [179/417] Building C object zephyr/CMakeFiles/zephyr.dir/subsys/pm/device_runtime.c.obj
[voltorb:rw] [155/386] Building C object zephyr/drivers/flash/CMakeFiles/drivers__flash.dir/flash_npcx_fiu_qspi.c.obj
[voltorb:rw] [156/386] Linking C static library zephyr/drivers/flash/libdrivers__flash.a
[brox-sku4:ro] [36/385] Building C object zephyr/CMakeFiles/zephyr.dir/soc/ite/ec/common/policy.c.obj
[trulo-ti:rw] [180/417] Building C object zephyr/CMakeFiles/zephyr.dir/subsys/pm/device_system_managed.c.obj
[voltorb:rw] [157/386] Building C object zephyr/drivers/gpio/CMakeFiles/drivers__gpio.dir/gpio_npcx.c.obj
[trulo-ti:rw] [181/417] Building C object zephyr/CMakeFiles/zephyr.dir/subsys/testsuite/coverage/coverage.c.obj
[trulo-ti:rw] [182/417] Building C object zephyr/CMakeFiles/zephyr.dir/subsys/tracing/tracing_none.c.obj
[voltorb:rw] [158/386] Building C object zephyr/drivers/i2c/CMakeFiles/drivers__i2c.dir/i2c_common.c.obj
[voltorb:rw] [159/386] Linking C static library zephyr/drivers/gpio/libdrivers__gpio.a
[trulo-ti:rw] [183/417] Building C object zephyr/CMakeFiles/zephyr.dir/subsys/shell/modules/kernel_service/kernel_shell.c.obj
[trulo-ti:rw] [184/417] Building C object zephyr/CMakeFiles/zephyr.dir/subsys/shell/modules/kernel_service/cycles.c.obj
[voltorb:rw] [160/386] Building C object zephyr/drivers/i2c/CMakeFiles/drivers__i2c.dir/i2c_shell.c.obj
[trulo-ti:rw] [185/417] Building C object zephyr/CMakeFiles/zephyr.dir/subsys/shell/modules/kernel_service/sleep.c.obj
[brox-sku4:ro] [37/385] Building C object zephyr/CMakeFiles/zephyr.dir/soc/ite/ec/it8xxx2/soc.c.obj
[voltorb:rw] [161/386] Building C object zephyr/drivers/i2c/CMakeFiles/drivers__i2c.dir/i2c_npcx_controller.c.obj
[voltorb:rw] [162/386] Building C object zephyr/drivers/i2c/CMakeFiles/drivers__i2c.dir/i2c_npcx_controller_fifo.c.obj
[trulo-ti:rw] [186/417] Building C object zephyr/CMakeFiles/zephyr.dir/subsys/shell/modules/kernel_service/version.c.obj
[trulo-ti:rw] [187/417] Building C object zephyr/CMakeFiles/zephyr.dir/subsys/shell/modules/kernel_service/thread/thread.c.obj
[trulo-ti:rw] [188/417] Building C object zephyr/CMakeFiles/zephyr.dir/subsys/shell/modules/kernel_service/uptime.c.obj
[trulo-ti:ro] [90/417] Building C object CMakeFiles/app.dir/mnt/host/source/src/platform/ec/build/zephyr/trulo-ti/modules/ec/common/charger.c.obj
[voltorb:rw] [163/386] Building C object zephyr/drivers/i2c/CMakeFiles/drivers__i2c.dir/i2c_npcx_port.c.obj
[voltorb:rw] [164/386] Building C object zephyr/drivers/pinctrl/CMakeFiles/drivers__pinctrl.dir/common.c.obj
[voltorb:rw] [165/386] Linking C static library zephyr/drivers/i2c/libdrivers__i2c.a
[brox-sku4:ro] [38/385] Building C object zephyr/CMakeFiles/zephyr.dir/soc/ite/ec/it8xxx2/check_regs.c.obj
[trulo-ti:rw] [189/417] Building C object zephyr/CMakeFiles/zephyr.dir/subsys/shell/modules/kernel_service/thread/stacks.c.obj
[trulo-ti:rw] [190/417] Building C object zephyr/CMakeFiles/zephyr.dir/subsys/shell/modules/kernel_service/thread/list.c.obj
[voltorb:rw] [166/386] Building C object zephyr/drivers/pinctrl/CMakeFiles/drivers__pinctrl.dir/pinctrl_npcx.c.obj
[voltorb:rw] [167/386] Linking C static library zephyr/drivers/pinctrl/libdrivers__pinctrl.a
[trulo-ti:rw] [191/417] Building C object zephyr/CMakeFiles/zephyr.dir/subsys/shell/modules/kernel_service/thread/suspend.c.obj
[brox-sku4:ro] [39/385] Building ASM object zephyr/CMakeFiles/zephyr.dir/soc/ite/ec/it8xxx2/vector.S.obj
[voltorb:rw] [168/386] Building C object zephyr/drivers/pwm/CMakeFiles/drivers__pwm.dir/pwm_shell.c.obj
[trulo-ti:rw] [192/417] Building C object zephyr/CMakeFiles/zephyr.dir/subsys/shell/modules/kernel_service/thread/resume.c.obj
[trulo-ti:rw] [193/417] Building C object zephyr/CMakeFiles/zephyr.dir/subsys/shell/backends/shell_uart.c.obj
[trulo-ti:rw] [194/417] Building C object zephyr/CMakeFiles/zephyr.dir/subsys/shell/modules/kernel_service/thread/kill.c.obj
[trulo-ti:ro] [91/417] Building C object CMakeFiles/app.dir/mnt/host/source/src/platform/ec/build/zephyr/trulo-ti/modules/ec/common/charge_state.c.obj
[trulo-ti:rw] [195/417] Building C object zephyr/CMakeFiles/zephyr.dir/subsys/shell/shell_fprintf.c.obj
[voltorb:rw] [169/386] Building C object zephyr/drivers/serial/CMakeFiles/drivers__serial.dir/uart_npcx.c.obj
[voltorb:rw] [170/386] Building C object zephyr/drivers/pwm/CMakeFiles/drivers__pwm.dir/pwm_npcx.c.obj
[voltorb:rw] [171/386] Linking C static library zephyr/drivers/serial/libdrivers__serial.a
[voltorb:rw] [172/386] Building C object zephyr/drivers/syscon/CMakeFiles/drivers__syscon.dir/syscon.c.obj
[voltorb:rw] [173/386] Linking C static library zephyr/drivers/pwm/libdrivers__pwm.a
[voltorb:rw] [174/386] Linking C static library zephyr/drivers/syscon/libdrivers__syscon.a
[voltorb:rw] [175/386] Building C object zephyr/drivers/timer/CMakeFiles/drivers__timer.dir/sys_clock_init.c.obj
[brox-sku4:ro] [40/385] Building C object zephyr/CMakeFiles/zephyr.dir/soc/ite/ec/it8xxx2/ilm.c.obj
[trulo-ti:rw] [196/417] Building C object zephyr/CMakeFiles/zephyr.dir/subsys/shell/shell.c.obj
[trulo-ti:rw] [197/417] Building C object zephyr/CMakeFiles/zephyr.dir/subsys/shell/shell_utils.c.obj
[trulo-ti:ro] [92/417] Building C object CMakeFiles/app.dir/mnt/host/source/src/platform/ec/build/zephyr/trulo-ti/modules/ec/common/charge_manager.c.obj
[/mnt/host/source/src/platform/ec/build/zephyr/craask-lcov]   /mnt/host/source/src/platform/ec/build/zephyr/craask/build-ro/CMakeFiles/app.dir/mnt/host/source/src/platform/ec/build/zephyr/craask/modules/ec/common/chargen.c.gcno:no functions found
[/mnt/host/source/src/platform/ec/build/zephyr/craask-lcov] stderr:
[trulo-ti:rw] [198/417] Building C object zephyr/CMakeFiles/zephyr.dir/subsys/shell/shell_history.c.obj
[trulo-ti:rw] [199/417] Building C object zephyr/CMakeFiles/zephyr.dir/subsys/shell/shell_help.c.obj
[voltorb:rw] [176/386] Building C object zephyr/drivers/timer/CMakeFiles/drivers__timer.dir/npcx_itim_timer.c.obj
[voltorb:rw] [177/386] Building C object zephyr/drivers/watchdog/CMakeFiles/drivers__watchdog.dir/wdt_npcx.c.obj
[voltorb:rw] [178/386] Building C object zephyr/drivers/watchdog/CMakeFiles/drivers__watchdog.dir/wdt_shell.c.obj
[trulo-ti:rw] [200/417] Building C object zephyr/CMakeFiles/zephyr.dir/subsys/shell/shell_ops.c.obj
[trulo-ti:ro] [93/417] Building C object CMakeFiles/app.dir/mnt/host/source/src/platform/ec/build/zephyr/trulo-ti/modules/ec/common/cbi_common.c.obj
[voltorb:rw] [179/386] Linking C static library zephyr/drivers/timer/libdrivers__timer.a
[brox-sku4:ro] [41/385] Building C object zephyr/CMakeFiles/zephyr.dir/subsys/logging/log_minimal.c.obj
[trulo-ti:rw] [201/417] Building C object zephyr/arch/common/CMakeFiles/arch__common.dir/sw_isr_common.c.obj
[voltorb:rw] [180/386] Linking C static library zephyr/drivers/watchdog/libdrivers__watchdog.a
[trulo-ti:rw] [202/417] Building C object zephyr/arch/common/CMakeFiles/arch__common.dir/init.c.obj
[trulo-ti:rw] [203/417] Building C object zephyr/CMakeFiles/zephyr.dir/drivers/flash/flash_util.c.obj
[trulo-ti:rw] [204/417] Linking CXX static library zephyr/libzephyr.a
[trulo-ti:rw] [205/417] Building ASM object zephyr/arch/arch/arm/core/CMakeFiles/arch__arm__core.dir/nmi_on_reset.S.obj
[voltorb:rw] [181/386] Building C object modules/ec/zephyr/CMakeFiles/ec_shim.dir/app/ec/ec_app_main.c.obj
[trulo-ti:rw] [206/417] Building C object zephyr/arch/arch/arm/core/CMakeFiles/arch__arm__core.dir/__aeabi_atexit.c.obj
[trulo-ti:rw] [207/417] Building C object zephyr/arch/common/CMakeFiles/isr_tables.dir/isr_tables.c.obj
[trulo-ti:rw] [208/417] Linking CXX static library zephyr/arch/common/libisr_tables.a
[trulo-ti:rw] [209/417] Building C object zephyr/arch/common/CMakeFiles/arch__common.dir/xip.c.obj
[trulo-ti:rw] [210/417] Linking CXX static library zephyr/arch/common/libarch__common.a
[voltorb:rw] [182/386] Building C object modules/ec/zephyr/CMakeFiles/ec_shim.dir/app/ec/main_shim.c.obj
[brox-sku4:ro] [42/385] Building C object zephyr/CMakeFiles/zephyr.dir/subsys/pm/pm.c.obj
[trulo-ti:rw] [211/417] Building C object zephyr/arch/arch/arm/core/CMakeFiles/arch__arm__core.dir/nmi.c.obj
[trulo-ti:rw] [212/417] Building ASM object zephyr/arch/arch/arm/core/cortex_m/CMakeFiles/arch__arm__core__cortex_m.dir/fault_s.S.obj
[trulo-ti:ro] [94/417] Building C object CMakeFiles/app.dir/mnt/host/source/src/platform/ec/build/zephyr/trulo-ti/modules/ec/common/cbi_config.c.obj
[trulo-ti:rw] [213/417] Building C object zephyr/arch/arch/arm/core/CMakeFiles/arch__arm__core.dir/fatal.c.obj
[trulo-ti:rw] [214/417] Building C object zephyr/arch/arch/arm/core/CMakeFiles/arch__arm__core.dir/tls.c.obj
[voltorb:rw] [183/386] Building C object modules/ec/zephyr/CMakeFiles/ec_shim.dir/drivers/cros_flash/cros_flash_npcx.c.obj
[trulo-ti:rw] [215/417] Building C object zephyr/arch/arch/arm/core/cortex_m/CMakeFiles/arch__arm__core__cortex_m.dir/exc_exit.c.obj
[voltorb:rw] [184/386] Building C object modules/ec/zephyr/CMakeFiles/ec_shim.dir/drivers/cros_kb_raw/cros_kb_raw_npcx.c.obj
[trulo-ti:rw] [216/417] Linking CXX static library zephyr/arch/arch/arm/core/libarch__arm__core.a
[brox-sku4:ro] [43/385] Building C object zephyr/CMakeFiles/zephyr.dir/subsys/pm/state.c.obj
[ocelotrvp-ish:singleimage] -- Generating done (6.6s)
[ocelotrvp-ish:singleimage] CMake Warning:
[ocelotrvp-ish:singleimage]   Manually-specified variables were not used by the project:
[ocelotrvp-ish:singleimage]     COREBOOT_SDK_ROOT_arm
[ocelotrvp-ish:singleimage]     COREBOOT_SDK_ROOT_libstdcxx_arm
[ocelotrvp-ish:singleimage]     COREBOOT_SDK_ROOT_libstdcxx_riscv64
[ocelotrvp-ish:singleimage]     COREBOOT_SDK_ROOT_nds32
[ocelotrvp-ish:singleimage]     COREBOOT_SDK_ROOT_picolibc_arm
[ocelotrvp-ish:singleimage]     COREBOOT_SDK_ROOT_picolibc_riscv64
[ocelotrvp-ish:singleimage]     COREBOOT_SDK_ROOT_riscv
[ocelotrvp-ish:singleimage]     COREBOOT_SDK_ROOT_riscv64
[ocelotrvp-ish:singleimage]     PW_ROOT
[ocelotrvp-ish:singleimage] -- Build files have been written to: /mnt/host/source/src/platform/ec/build/zephyr/ocelotrvp-ish/build-singleimage
[voltorb:rw] [185/386] Building C object modules/ec/zephyr/CMakeFiles/ec_shim.dir/drivers/cros_shi/cros_shi_npcx.c.obj
[trulo-ti:ro] [95/417] Building C object CMakeFiles/app.dir/mnt/host/source/src/platform/ec/build/zephyr/trulo-ti/modules/ec/common/cbi.c.obj
[trulo-ti:rw] [217/417] Building ASM object zephyr/arch/arch/arm/core/cortex_m/CMakeFiles/arch__arm__core__cortex_m.dir/vector_table.S.obj
[trulo-ti:rw] [218/417] Building ASM object zephyr/arch/arch/arm/core/cortex_m/CMakeFiles/arch__arm__core__cortex_m.dir/reset.S.obj
[trulo-ti:rw] [219/417] Building C object zephyr/arch/arch/arm/core/cortex_m/CMakeFiles/arch__arm__core__cortex_m.dir/fpu.c.obj
[voltorb:rw] [186/386] Building C object modules/ec/zephyr/CMakeFiles/ec_shim.dir/drivers/cros_system/cros_system_npcx.c.obj
[/mnt/host/source/src/platform/ec/build/zephyr/minimal-it8xxx2-lcov]   /mnt/host/source/src/platform/ec/build/zephyr/minimal-it8xxx2/build-ro/zephyr/CMakeFiles/zephyr.dir/soc/ite/ec/it8xxx2/check_regs.c.gcno:no functions found
[/mnt/host/source/src/platform/ec/build/zephyr/minimal-it8xxx2-lcov] stderr:
[trulo-ti:rw] [220/417] Building C object zephyr/arch/arch/arm/core/cortex_m/CMakeFiles/arch__arm__core__cortex_m.dir/thread_abort.c.obj
[brox-sku4:ro] [44/385] Building C object zephyr/CMakeFiles/zephyr.dir/subsys/pm/policy/policy_events.c.obj
[trulo-ti:rw] [221/417] Building C object zephyr/arch/arch/arm/core/cortex_m/CMakeFiles/arch__arm__core__cortex_m.dir/fault.c.obj
[trulo-ti:rw] [222/417] Building C object zephyr/arch/arch/arm/core/cortex_m/CMakeFiles/arch__arm__core__cortex_m.dir/scb.c.obj
[voltorb:rw] [187/386] Building C object modules/ec/zephyr/CMakeFiles/ec_shim.dir/shim/chip/npcx/clock.c.obj
[voltorb:rw] [188/386] Building C object modules/ec/zephyr/CMakeFiles/ec_shim.dir/shim/chip/npcx/rom_chip.c.obj
[trulo-ti:ro] [96/417] Building C object CMakeFiles/app.dir/mnt/host/source/src/platform/ec/build/zephyr/trulo-ti/modules/ec/common/memory_commands.c.obj
[trulo-ti:rw] [223/417] Building ASM object zephyr/arch/arch/arm/core/cortex_m/CMakeFiles/arch__arm__core__cortex_m.dir/swap_helper.S.obj
[voltorb:rw] [189/386] Building C object modules/ec/zephyr/CMakeFiles/ec_shim.dir/shim/chip/npcx/gpio.c.obj
[trulo-ti:rw] [224/417] Building C object zephyr/arch/arch/arm/core/cortex_m/CMakeFiles/arch__arm__core__cortex_m.dir/irq_manage.c.obj
[trulo-ti:rw] [225/417] Building C object zephyr/arch/arch/arm/core/cortex_m/CMakeFiles/arch__arm__core__cortex_m.dir/prep_c.c.obj
[brox-sku4:ro] [45/385] Building C object zephyr/CMakeFiles/zephyr.dir/subsys/pm/policy/policy_latency.c.obj
[trulo-ti:rw] [226/417] Building ASM object zephyr/arch/arch/arm/core/cortex_m/CMakeFiles/arch__arm__core__cortex_m.dir/__aeabi_read_tp.S.obj
[trulo-ti:rw] [227/417] Building C object zephyr/arch/arch/arm/core/cortex_m/CMakeFiles/arch__arm__core__cortex_m.dir/irq_init.c.obj
[voltorb:rw] [190/386] Building C object modules/ec/zephyr/CMakeFiles/ec_shim.dir/shim/chip/npcx/keyboard_raw.c.obj
[trulo-ti:rw] [228/417] Building C object zephyr/arch/arch/arm/core/cortex_m/CMakeFiles/arch__arm__core__cortex_m.dir/thread.c.obj
[trulo-ti:ro] [97/417] Building C object CMakeFiles/app.dir/mnt/host/source/src/platform/ec/build/zephyr/trulo-ti/modules/ec/common/dptf.c.obj
[voltorb:rw] [191/386] Building C object modules/ec/zephyr/CMakeFiles/ec_shim.dir/shim/chip/npcx/shi.c.obj
[trulo-ti:rw] [229/417] Building C object zephyr/arch/arch/arm/core/cortex_m/CMakeFiles/arch__arm__core__cortex_m.dir/cpu_idle.c.obj
[voltorb:rw] [192/386] Building C object modules/ec/zephyr/CMakeFiles/ec_shim.dir/shim/chip/npcx/system.c.obj
[trulo-ti:ro] [98/417] Building C object CMakeFiles/app.dir/mnt/host/source/src/platform/ec/build/zephyr/trulo-ti/modules/ec/common/ap_reset_log.c.obj
[trulo-ti:rw] [230/417] Building C object zephyr/arch/arch/arm/core/cortex_m/CMakeFiles/arch__arm__core__cortex_m.dir/isr_wrapper.c.obj
[brox-sku4:ro] [46/385] Building C object zephyr/CMakeFiles/zephyr.dir/subsys/pm/policy/policy_state_lock.c.obj
[trulo-ti:ro] [99/417] Building C object CMakeFiles/app.dir/mnt/host/source/src/platform/ec/build/zephyr/trulo-ti/modules/ec/common/espi.c.obj
[trulo-ti:rw] [231/417] Linking CXX static library zephyr/arch/arch/arm/core/cortex_m/libarch__arm__core__cortex_m.a
[voltorb:rw] [193/386] Building C object modules/ec/zephyr/CMakeFiles/ec_shim.dir/shim/chip/npcx/system_external_storage.c.obj
[trulo-ti:rw] [232/417] Building C object zephyr/arch/arch/arm/core/mpu/CMakeFiles/arch__arm__core__mpu.dir/arm_core_mpu.c.obj
[trulo-ti:rw] [233/417] Building C object zephyr/arch/arch/arm/core/mpu/CMakeFiles/arch__arm__core__mpu.dir/arm_mpu_regions.c.obj
[trulo-ti:rw] [234/417] Building C object zephyr/lib/libc/picolibc/CMakeFiles/lib__libc__picolibc.dir/assert.c.obj
[voltorb:rw] [194/386] Building C object modules/ec/zephyr/CMakeFiles/ec_shim.dir/shim/chip/npcx/power_policy.c.obj
[voltorb:rw] [195/386] Building C object modules/ec/zephyr/CMakeFiles/ec_shim.dir/shim/src/crc.c.obj
[trulo-ti:rw] [235/417] Building C object zephyr/arch/arch/arm/core/mpu/CMakeFiles/arch__arm__core__mpu.dir/arm_mpu.c.obj
[voltorb:rw] [196/386] Building C object modules/ec/zephyr/CMakeFiles/ec_shim.dir/shim/core/cortex-m/mpu.c.obj
[trulo-ti:rw] [236/417] Building C object zephyr/lib/libc/picolibc/CMakeFiles/lib__libc__picolibc.dir/cbprintf.c.obj
[trulo-ti:ro] [100/417] Building C object CMakeFiles/app.dir/mnt/host/source/src/platform/ec/build/zephyr/trulo-ti/modules/ec/common/extpower_common.c.obj
[trulo-ti:rw] [237/417] Linking CXX static library zephyr/arch/arch/arm/core/mpu/libarch__arm__core__mpu.a
[voltorb:rw] [197/386] Building C object modules/ec/zephyr/CMakeFiles/ec_shim.dir/shim/core/cortex-m/panic.c.obj
[brox-sku4:ro] [47/385] Building C object zephyr/CMakeFiles/zephyr.dir/subsys/pm/device.c.obj
[trulo-ti:rw] [238/417] Building C object zephyr/lib/libc/picolibc/CMakeFiles/lib__libc__picolibc.dir/chk_fail.c.obj
[trulo-ti:ro] [101/417] Building C object CMakeFiles/app.dir/mnt/host/source/src/platform/ec/build/zephyr/trulo-ti/modules/ec/common/extpower_gpio.c.obj
[trulo-ti:rw] [239/417] Building C object zephyr/lib/libc/picolibc/CMakeFiles/lib__libc__picolibc.dir/errno_wrap.c.obj
[voltorb:rw] [198/386] Building C object modules/ec/zephyr/CMakeFiles/ec_shim.dir/shim/src/console.c.obj
[trulo-ti:rw] [240/417] Building C object zephyr/lib/libc/picolibc/CMakeFiles/lib__libc__picolibc.dir/exit.c.obj
[trulo-ti:rw] [241/417] Building C object zephyr/lib/libc/common/CMakeFiles/lib__libc__common.dir/source/time/time.c.obj
[trulo-ti:rw] [242/417] Building C object zephyr/lib/libc/picolibc/CMakeFiles/lib__libc__picolibc.dir/locks.c.obj
[trulo-ti:rw] [243/417] Building C object zephyr/lib/posix/c_lib_ext/CMakeFiles/lib__posix__c_lib_ext.dir/fnmatch.c.obj
[trulo-ti:rw] [244/417] Building C object zephyr/lib/libc/common/CMakeFiles/lib__libc__common.dir/source/stdlib/abort.c.obj
[trulo-ti:rw] [245/417] Building C object zephyr/lib/libc/picolibc/CMakeFiles/lib__libc__picolibc.dir/stdio.c.obj
[trulo-ti:rw] [246/417] Linking CXX static library zephyr/lib/libc/common/liblib__libc__common.a
[voltorb:rw] [199/386] Building C object modules/ec/zephyr/CMakeFiles/ec_shim.dir/shim/src/gpio.c.obj
[voltorb:rw] [200/386] Building C object modules/ec/zephyr/CMakeFiles/ec_shim.dir/shim/src/gpio_int.c.obj
[trulo-ti:rw] [247/417] Building C object zephyr/subsys/crc/CMakeFiles/subsys__crc.dir/crc4_sw.c.obj
[trulo-ti:ro] [102/417] Building C object CMakeFiles/app.dir/mnt/host/source/src/platform/ec/build/zephyr/trulo-ti/modules/ec/common/fan.c.obj
[trulo-ti:rw] [248/417] Linking CXX static library zephyr/lib/libc/picolibc/liblib__libc__picolibc.a
[trulo-ti:rw] [249/417] Building C object zephyr/subsys/crc/CMakeFiles/subsys__crc.dir/crc8_sw.c.obj
[voltorb:rw] [201/386] Building C object modules/ec/zephyr/CMakeFiles/ec_shim.dir/shim/src/panic_utils.c.obj
[brox-sku4:ro] [48/385] Building C object zephyr/CMakeFiles/zephyr.dir/subsys/pm/device_runtime.c.obj
[trulo-ti:rw] [250/417] Building C object zephyr/subsys/crc/CMakeFiles/subsys__crc.dir/crc16_sw.c.obj
[trulo-ti:rw] [251/417] Building C object zephyr/subsys/crc/CMakeFiles/subsys__crc.dir/crc7_sw.c.obj
[trulo-ti:rw] [252/417] Building C object zephyr/subsys/crc/CMakeFiles/subsys__crc.dir/crc24_sw.c.obj
[trulo-ti:rw] [253/417] Building C object zephyr/subsys/crc/CMakeFiles/subsys__crc.dir/crc32c_sw.c.obj
[trulo-ti:rw] [254/417] Building C object zephyr/subsys/crc/CMakeFiles/subsys__crc.dir/crc32_sw.c.obj
[trulo-ti:rw] [255/417] Building C object zephyr/subsys/crc/CMakeFiles/subsys__crc.dir/crc32k_4_2_sw.c.obj
[trulo-ti:rw] [256/417] Building C object zephyr/lib/posix/c_lib_ext/CMakeFiles/lib__posix__c_lib_ext.dir/getentropy.c.obj
[trulo-ti:rw] [257/417] Linking CXX static library zephyr/subsys/crc/libsubsys__crc.a
[voltorb:rw] [202/386] Building C object modules/ec/zephyr/CMakeFiles/ec_shim.dir/shim/src/pm_state.c.obj
[trulo-ti:ro] [103/417] Building C object CMakeFiles/app.dir/mnt/host/source/src/platform/ec/build/zephyr/trulo-ti/modules/ec/common/flash.c.obj
[trulo-ti:rw] [258/417] Building C object zephyr/lib/posix/c_lib_ext/CMakeFiles/lib__posix__c_lib_ext.dir/getopt_shim.c.obj
[trulo-ti:ro] [104/417] Building C object CMakeFiles/app.dir/mnt/host/source/src/platform/ec/build/zephyr/trulo-ti/modules/ec/common/host_command.c.obj
[trulo-ti:rw] [259/417] Building C object zephyr/subsys/input/CMakeFiles/subsys__input.dir/input_hid.c.obj
[trulo-ti:rw] [260/417] Linking CXX static library zephyr/lib/posix/c_lib_ext/liblib__posix__c_lib_ext.a
[trulo-ti:rw] [261/417] Building C object zephyr/lib/smf/CMakeFiles/lib__smf.dir/smf.c.obj
[voltorb:rw] [203/386] Building C object modules/ec/zephyr/CMakeFiles/ec_shim.dir/shim/src/cbi/cros_cbi.c.obj
[/mnt/host/source/src/platform/ec/build/zephyr/craask-lcov]   /mnt/host/source/src/platform/ec/build/zephyr/craask/build-ro/CMakeFiles/app.dir/mnt/host/source/src/platform/ec/build/zephyr/craask/modules/ec/common/cbi_config.c.gcno:no functions found
[/mnt/host/source/src/platform/ec/build/zephyr/craask-lcov] stderr:
[trulo-ti:rw] [262/417] Linking CXX static library zephyr/lib/smf/liblib__smf.a
[brox-sku4:ro] [49/385] Building C object zephyr/CMakeFiles/zephyr.dir/subsys/pm/device_system_managed.c.obj
[voltorb:rw] [204/386] Building C object modules/ec/zephyr/CMakeFiles/ec_shim.dir/shim/src/led_driver/led.c.obj
[voltorb:rw] [205/386] Building C object modules/ec/zephyr/CMakeFiles/ec_shim.dir/shim/src/cbi/cbi_eeprom.c.obj
[trulo-ti:rw] [263/417] Building C object zephyr/subsys/input/CMakeFiles/subsys__input.dir/input.c.obj
[voltorb:rw] [206/386] Building ASM object modules/ec/zephyr/CMakeFiles/ec_shim.dir/shim/src/libgcc_arm.S.obj
[trulo-ti:ro] [105/417] Building C object CMakeFiles/app.dir/mnt/host/source/src/platform/ec/build/zephyr/trulo-ti/modules/ec/common/host_command_task.c.obj
[voltorb:rw] [207/386] Building C object modules/ec/zephyr/CMakeFiles/ec_shim.dir/shim/src/led_driver/led_pwm.c.obj
[trulo-ti:rw] [264/417] Building C object zephyr/drivers/interrupt_controller/CMakeFiles/drivers__interrupt_controller.dir/intc_miwu.c.obj
[trulo-ti:ro] [106/417] Building C object CMakeFiles/app.dir/mnt/host/source/src/platform/ec/build/zephyr/trulo-ti/modules/ec/common/uart_hostcmd.c.obj
[trulo-ti:rw] [265/417] Building C object zephyr/drivers/adc/CMakeFiles/drivers__adc.dir/adc_common.c.obj
[trulo-ti:rw] [266/417] Linking CXX static library zephyr/drivers/interrupt_controller/libdrivers__interrupt_controller.a
[trulo-ti:rw] [267/417] Building C object zephyr/subsys/input/CMakeFiles/subsys__input.dir/input_utils.c.obj
[brox-sku4:ro] [50/385] Building C object zephyr/CMakeFiles/zephyr.dir/subsys/testsuite/coverage/coverage.c.obj
[trulo-ti:rw] [268/417] Linking CXX static library zephyr/subsys/input/libsubsys__input.a
[trulo-ti:rw] [269/417] Building C object zephyr/drivers/bbram/CMakeFiles/drivers__bbram.dir/bbram_npcx.c.obj
[trulo-ti:rw] [270/417] Linking CXX static library zephyr/drivers/bbram/libdrivers__bbram.a
[trulo-ti:ro] [107/417] Building C object CMakeFiles/app.dir/mnt/host/source/src/platform/ec/build/zephyr/trulo-ti/modules/ec/common/host_event_commands.c.obj
[voltorb:rw] [208/386] Building C object modules/ec/zephyr/CMakeFiles/ec_shim.dir/shim/src/system.c.obj
[trulo-ti:rw] [271/417] Building C object zephyr/drivers/clock_control/CMakeFiles/drivers__clock_control.dir/clock_control_npcx.c.obj
[trulo-ti:rw] [272/417] Linking CXX static library zephyr/drivers/clock_control/libdrivers__clock_control.a
[voltorb:rw] [209/386] Building C object modules/ec/zephyr/CMakeFiles/ec_shim.dir/shim/src/battery.c.obj
[voltorb:rw] [210/386] Building C object modules/ec/zephyr/CMakeFiles/ec_shim.dir/shim/src/adc.c.obj
[trulo-ti:rw] [273/417] Building C object zephyr/drivers/adc/CMakeFiles/drivers__adc.dir/adc_npcx.c.obj
[/mnt/host/source/src/platform/ec/build/zephyr/craask-lcov]   /mnt/host/source/src/platform/ec/build/zephyr/craask/build-ro/zephyr/arch/arch/arm/core/mpu/CMakeFiles/arch__arm__core__mpu.dir/arm_mpu_regions.c.gcno:no functions found
[/mnt/host/source/src/platform/ec/build/zephyr/craask-lcov] stderr:
[trulo-ti:rw] [274/417] Linking CXX static library zephyr/drivers/adc/libdrivers__adc.a
[brox-sku4:ro] [51/385] Building C object zephyr/CMakeFiles/zephyr.dir/subsys/tracing/tracing_none.c.obj
[trulo-ti:ro] [108/417] Building C object CMakeFiles/app.dir/mnt/host/source/src/platform/ec/build/zephyr/trulo-ti/modules/ec/common/uptime.c.obj
[trulo-ti:rw] [275/417] Building C object zephyr/drivers/console/CMakeFiles/drivers__console.dir/uart_console.c.obj
[voltorb:rw] [211/386] Building C object modules/ec/zephyr/CMakeFiles/ec_shim.dir/shim/src/charger.c.obj
[trulo-ti:rw] [276/417] Linking CXX static library zephyr/drivers/console/libdrivers__console.a
[trulo-ti:rw] [277/417] Building C object zephyr/drivers/crypto/CMakeFiles/drivers__crypto.dir/crypto_npcx_sha.c.obj
[trulo-ti:rw] [278/417] Linking CXX static library zephyr/drivers/crypto/libdrivers__crypto.a
[trulo-ti:ro] [109/417] Building C object CMakeFiles/app.dir/mnt/host/source/src/platform/ec/build/zephyr/trulo-ti/modules/ec/common/i2c_controller.c.obj
[/mnt/host/source/src/platform/ec/build/zephyr/craask-lcov]   /mnt/host/source/src/platform/ec/build/zephyr/craask/build-ro/zephyr/arch/common/CMakeFiles/isr_tables.dir/isr_tables.c.gcno:no functions found
[/mnt/host/source/src/platform/ec/build/zephyr/craask-lcov] stderr:
[trulo-ti:rw] [279/417] Building C object zephyr/drivers/eeprom/CMakeFiles/drivers__eeprom.dir/eeprom_at2x.c.obj
[voltorb:rw] [212/386] Building C object modules/ec/zephyr/CMakeFiles/ec_shim.dir/shim/src/flash.c.obj
[trulo-ti:ro] [110/417] Building C object CMakeFiles/app.dir/mnt/host/source/src/platform/ec/build/zephyr/trulo-ti/modules/ec/common/i2c_passthru.c.obj
[trulo-ti:rw] [280/417] Building C object zephyr/drivers/eeprom/CMakeFiles/drivers__eeprom.dir/eeprom_shell.c.obj
[brox-sku4:ro] [52/385] Building C object zephyr/CMakeFiles/zephyr.dir/subsys/shell/modules/kernel_service/kernel_shell.c.obj
[trulo-ti:rw] [281/417] Linking CXX static library zephyr/drivers/eeprom/libdrivers__eeprom.a
[voltorb:rw] [213/386] Building C object modules/ec/zephyr/CMakeFiles/ec_shim.dir/shim/src/host_command.c.obj
[voltorb:rw] [214/386] Building C object modules/ec/zephyr/CMakeFiles/ec_shim.dir/shim/src/hooks.c.obj
[voltorb:rw] [215/386] Building C object modules/ec/zephyr/CMakeFiles/ec_shim.dir/shim/src/console_buffer.c.obj
[trulo-ti:rw] [282/417] Building C object zephyr/drivers/espi/CMakeFiles/drivers__espi.dir/host_subs_npcx.c.obj
[trulo-ti:rw] [283/417] Building C object zephyr/drivers/flash/CMakeFiles/drivers__flash.dir/jesd216.c.obj
[brox-sku4:ro] [53/385] Building C object zephyr/CMakeFiles/zephyr.dir/subsys/shell/modules/kernel_service/cycles.c.obj
[voltorb:rw] [216/386] Building C object modules/ec/zephyr/CMakeFiles/ec_shim.dir/shim/src/keyboard_raw.c.obj
[trulo-ti:rw] [284/417] Building C object zephyr/drivers/espi/CMakeFiles/drivers__espi.dir/espi_npcx.c.obj
[trulo-ti:rw] [285/417] Building C object zephyr/drivers/flash/CMakeFiles/drivers__flash.dir/flash_npcx_fiu_nor.c.obj
[trulo-ti:rw] [286/417] Building C object zephyr/drivers/flash/CMakeFiles/drivers__flash.dir/flash_npcx_fiu_qspi.c.obj
[trulo-ti:rw] [287/417] Linking CXX static library zephyr/drivers/espi/libdrivers__espi.a
[trulo-ti:ro] [111/417] Building C object CMakeFiles/app.dir/mnt/host/source/src/platform/ec/build/zephyr/trulo-ti/modules/ec/common/keyboard_8042_sharedlib.c.obj
[trulo-ti:rw] [288/417] Linking CXX static library zephyr/drivers/flash/libdrivers__flash.a
[voltorb:rw] [217/386] Building C object modules/ec/zephyr/CMakeFiles/ec_shim.dir/shim/src/keyscan.c.obj
[voltorb:rw] [218/386] Building C object modules/ec/zephyr/CMakeFiles/ec_shim.dir/shim/src/mkbp_event.c.obj
[trulo-ti:ro] [112/417] Building C object CMakeFiles/app.dir/mnt/host/source/src/platform/ec/build/zephyr/trulo-ti/modules/ec/common/mkbp_fifo.c.obj
[voltorb:rw] [219/386] Building C object modules/ec/zephyr/CMakeFiles/ec_shim.dir/shim/src/panic.c.obj
[trulo-ti:rw] [289/417] Building C object zephyr/drivers/i2c/CMakeFiles/drivers__i2c.dir/i2c_common.c.obj
[brox-sku4:ro] [54/385] Building C object zephyr/CMakeFiles/zephyr.dir/subsys/shell/modules/kernel_service/sleep.c.obj
[/mnt/host/source/src/platform/ec/build/zephyr/minimal-it8xxx2-lcov]   /mnt/host/source/src/platform/ec/build/zephyr/minimal-it8xxx2/build-ro/zephyr/drivers/syscon/CMakeFiles/drivers__syscon.dir/mnt/host/source/src/third_party/zephyr/main/misc/empty_file.c.gcno:no functions found
[/mnt/host/source/src/platform/ec/build/zephyr/minimal-it8xxx2-lcov] stderr:
[trulo-ti:rw] [290/417] Building C object zephyr/drivers/gpio/CMakeFiles/drivers__gpio.dir/gpio_npcx.c.obj
[voltorb:rw] [220/386] Building C object modules/ec/zephyr/CMakeFiles/ec_shim.dir/shim/src/power.c.obj
[trulo-ti:ro] [113/417] Building C object CMakeFiles/app.dir/mnt/host/source/src/platform/ec/build/zephyr/trulo-ti/modules/ec/common/keyboard_8042.c.obj
[trulo-ti:rw] [291/417] Linking CXX static library zephyr/drivers/gpio/libdrivers__gpio.a
[trulo-ti:rw] [292/417] Building C object zephyr/drivers/i2c/CMakeFiles/drivers__i2c.dir/i2c_shell.c.obj
[voltorb:rw] [221/386] Building C object modules/ec/zephyr/CMakeFiles/ec_shim.dir/shim/src/thermal.c.obj
[trulo-ti:rw] [293/417] Building C object zephyr/drivers/i2c/CMakeFiles/drivers__i2c.dir/i2c_npcx_controller_fifo.c.obj
[trulo-ti:rw] [294/417] Building C object zephyr/drivers/i2c/CMakeFiles/drivers__i2c.dir/i2c_npcx_port.c.obj
[trulo-ti:ro] [114/417] Building C object CMakeFiles/app.dir/mnt/host/source/src/platform/ec/build/zephyr/trulo-ti/modules/ec/common/mkbp_info.c.obj
[voltorb:rw] [222/386] Building C object modules/ec/zephyr/CMakeFiles/ec_shim.dir/shim/src/temp_sensors.c.obj
[/mnt/host/source/src/platform/ec/build/zephyr/minimal-it8xxx2-lcov]   /mnt/host/source/src/platform/ec/build/zephyr/minimal-it8xxx2/build-rw/CMakeFiles/app.dir/mnt/host/source/src/platform/ec/build/zephyr/minimal-it8xxx2/modules/ec/common/cbi_config.c.gcno:no functions found
[/mnt/host/source/src/platform/ec/build/zephyr/minimal-it8xxx2-lcov] stderr:
[voltorb:rw] [223/386] Building C object modules/ec/zephyr/CMakeFiles/ec_shim.dir/shim/src/hwtimer.c.obj
[trulo-ti:ro] [115/417] Building C object CMakeFiles/app.dir/mnt/host/source/src/platform/ec/build/zephyr/trulo-ti/modules/ec/common/mkbp_input_devices.c.obj
[trulo-ti:rw] [295/417] Building C object zephyr/drivers/i2c/CMakeFiles/drivers__i2c.dir/i2c_npcx_controller.c.obj
[brox-sku4:ro] [55/385] Building C object zephyr/CMakeFiles/zephyr.dir/subsys/shell/modules/kernel_service/uptime.c.obj
[trulo-ti:rw] [296/417] Building C object zephyr/drivers/input/CMakeFiles/drivers__input.dir/input_kbd_matrix.c.obj
[trulo-ti:rw] [297/417] Linking CXX static library zephyr/drivers/i2c/libdrivers__i2c.a
[trulo-ti:rw] [298/417] Linking CXX static library zephyr/drivers/sensor/libdrivers__sensor.a
[voltorb:rw] [224/386] Building C object modules/ec/zephyr/CMakeFiles/ec_shim.dir/shim/src/i2c.c.obj
[trulo-ti:rw] [299/417] Building C object zephyr/drivers/pinctrl/CMakeFiles/drivers__pinctrl.dir/common.c.obj
[/mnt/host/source/src/platform/ec/build/zephyr/minimal-it8xxx2-lcov]   /mnt/host/source/src/platform/ec/build/zephyr/minimal-it8xxx2/build-rw/zephyr/arch/arch/riscv/core/CMakeFiles/arch__riscv__core.dir/cpu_idle.c.gcno:no functions found
[/mnt/host/source/src/platform/ec/build/zephyr/minimal-it8xxx2-lcov] stderr:
[trulo-ti:rw] [300/417] Building C object zephyr/drivers/pinctrl/CMakeFiles/drivers__pinctrl.dir/pinctrl_npcx.c.obj
[trulo-ti:rw] [301/417] Linking CXX static library zephyr/drivers/pinctrl/libdrivers__pinctrl.a
[trulo-ti:ro] [116/417] Building C object CMakeFiles/app.dir/mnt/host/source/src/platform/ec/build/zephyr/trulo-ti/modules/ec/common/led_common.c.obj
[trulo-ti:rw] [302/417] Building C object zephyr/drivers/input/CMakeFiles/drivers__input.dir/input_npcx_kbd.c.obj
[voltorb:rw] [225/386] Building C object modules/ec/zephyr/CMakeFiles/ec_shim.dir/shim/src/tasks.c.obj
[voltorb:rw] [226/386] Building C object modules/ec/zephyr/CMakeFiles/ec_shim.dir/shim/src/watchdog.c.obj
[trulo-ti:rw] [303/417] Linking CXX static library zephyr/drivers/input/libdrivers__input.a
[voltorb:rw] [227/386] Building C object modules/ec/zephyr/CMakeFiles/ec_shim.dir/shim/src/bc12.c.obj
[trulo-ti:rw] [304/417] Building C object zephyr/drivers/pwm/CMakeFiles/drivers__pwm.dir/pwm_shell.c.obj
[brox-sku4:ro] [56/385] Building C object zephyr/CMakeFiles/zephyr.dir/subsys/shell/modules/kernel_service/version.c.obj
[trulo-ti:ro] [117/417] Building C object CMakeFiles/app.dir/mnt/host/source/src/platform/ec/build/zephyr/trulo-ti/modules/ec/common/lid_switch.c.obj
[trulo-ti:ro] [118/417] Building C object CMakeFiles/app.dir/mnt/host/source/src/platform/ec/build/zephyr/trulo-ti/modules/ec/common/mkbp_event.c.obj
[trulo-ti:rw] [305/417] Building C object zephyr/drivers/sensor/nuvoton/nuvoton_adc_cmp_npcx/CMakeFiles/drivers__sensor__nuvoton__nuvoton_adc_cmp_npcx.dir/adc_cmp_npcx.c.obj
[trulo-ti:rw] [306/417] Building C object zephyr/drivers/pwm/CMakeFiles/drivers__pwm.dir/pwm_npcx.c.obj
[voltorb:rw] [228/386] Building C object modules/ec/zephyr/CMakeFiles/ec_shim.dir/shim/src/bc12_pi3usb9201.c.obj
[trulo-ti:rw] [307/417] Linking CXX static library zephyr/drivers/sensor/nuvoton/nuvoton_adc_cmp_npcx/libdrivers__sensor__nuvoton__nuvoton_adc_cmp_npcx.a
[trulo-ti:rw] [308/417] Linking CXX static library zephyr/drivers/pwm/libdrivers__pwm.a
[voltorb:rw] [229/386] cd /mnt/host/source/src/platform/ec/build/zephyr/voltorb/build-rw/modules/ec/zephyr && PYTHONPATH=/mnt/host/source/src/platform/ec/build/zephyr/voltorb/modules/ec/zephyr/zmake/ /usr/bin/python3.11 /mnt/host/source/src/platform/ec/build/zephyr/voltorb/modules/ec/zephyr/zmake/zephyr_build_tools/generate_ec_version.py /mnt/host/source/src/platform/ec/build/zephyr/voltorb/build-rw/modules/ec/zephyr/include/ec_version.h --name Zephyr-Kernel --version 16543.0.0 --static
[trulo-ti:rw] [309/417] Building C object zephyr/drivers/syscon/CMakeFiles/drivers__syscon.dir/syscon.c.obj
[trulo-ti:rw] [310/417] Linking CXX static library zephyr/drivers/syscon/libdrivers__syscon.a
[/mnt/host/source/src/platform/ec/build/zephyr/minimal-it8xxx2-lcov]   /mnt/host/source/src/platform/ec/build/zephyr/minimal-it8xxx2/build-rw/zephyr/arch/common/CMakeFiles/isr_tables.dir/isr_tables.c.gcno:no functions found
[/mnt/host/source/src/platform/ec/build/zephyr/minimal-it8xxx2-lcov] stderr:
[voltorb:rw] INFO:root:Using a static version string
[voltorb:rw] INFO:root:Version string: Zephyr-Kernel-16543.0.0
[voltorb:rw] INFO:root:Writing header to /mnt/host/source/src/platform/ec/build/zephyr/voltorb/build-rw/modules/ec/zephyr/include/ec_version.h
[voltorb:rw] [230/386] Building C object modules/ec/zephyr/CMakeFiles/ec_shim.dir/shim/src/usba.c.obj
[voltorb:rw] [231/386] Building C object modules/ec/zephyr/CMakeFiles/ec_shim.dir/shim/src/ppc.c.obj
[trulo-ti:rw] [311/417] Building C object zephyr/drivers/timer/CMakeFiles/drivers__timer.dir/sys_clock_init.c.obj
[/mnt/host/source/src/platform/ec/build/zephyr/craask-lcov]   /mnt/host/source/src/platform/ec/build/zephyr/craask/build-ro/zephyr/CMakeFiles/zephyr.dir/subsys/shell/modules/kernel_service/kernel_shell.c.gcno:no functions found
[/mnt/host/source/src/platform/ec/build/zephyr/craask-lcov] stderr:
[brox-sku4:ro] [57/385] Building C object zephyr/CMakeFiles/zephyr.dir/subsys/shell/modules/kernel_service/thread/thread.c.obj
[trulo-ti:rw] [312/417] Building C object zephyr/drivers/sensor/nuvoton/nuvoton_tach_npcx/CMakeFiles/drivers__sensor__nuvoton__nuvoton_tach_npcx.dir/tach_nuvoton_npcx.c.obj
[trulo-ti:rw] [313/417] Linking CXX static library zephyr/drivers/sensor/nuvoton/nuvoton_tach_npcx/libdrivers__sensor__nuvoton__nuvoton_tach_npcx.a
[trulo-ti:rw] [314/417] Building C object zephyr/drivers/serial/CMakeFiles/drivers__serial.dir/uart_npcx.c.obj
[trulo-ti:ro] [119/417] Building C object CMakeFiles/app.dir/mnt/host/source/src/platform/ec/build/zephyr/trulo-ti/modules/ec/common/port80.c.obj
[trulo-ti:rw] [315/417] Linking CXX static library zephyr/drivers/serial/libdrivers__serial.a
[voltorb:rw] [232/386] Building C object modules/ec/zephyr/CMakeFiles/ec_shim.dir/shim/src/usb_muxes.c.obj
[/mnt/host/source/src/platform/ec/build/zephyr/craask-lcov]   /mnt/host/source/src/platform/ec/build/zephyr/craask/build-ro/zephyr/CMakeFiles/zephyr.dir/lib/libc/validate_libc.c.gcno:no functions found
[/mnt/host/source/src/platform/ec/build/zephyr/craask-lcov] stderr:
[voltorb:rw] [233/386] Building C object CMakeFiles/app.dir/mnt/host/source/src/platform/ec/zephyr/subsys/ap_pwrseq/ap_events.c.obj
[trulo-ti:ro] [120/417] Building C object CMakeFiles/app.dir/mnt/host/source/src/platform/ec/build/zephyr/trulo-ti/modules/ec/power/hibernate.c.obj
[trulo-ti:rw] [316/417] Building C object zephyr/drivers/watchdog/CMakeFiles/drivers__watchdog.dir/wdt_npcx.c.obj
[trulo-ti:ro] [121/417] Building C object CMakeFiles/app.dir/mnt/host/source/src/platform/ec/build/zephyr/trulo-ti/modules/ec/common/power_button.c.obj
[brox-sku4:ro] [58/385] Building C object zephyr/CMakeFiles/zephyr.dir/subsys/shell/modules/kernel_service/thread/list.c.obj
[trulo-ti:rw] [317/417] Building C object zephyr/drivers/timer/CMakeFiles/drivers__timer.dir/npcx_itim_timer.c.obj
[voltorb:rw] [234/386] Building C object CMakeFiles/app.dir/mnt/host/source/src/platform/ec/build/zephyr/voltorb/modules/ec/common/base32.c.obj
[trulo-ti:rw] [318/417] Linking CXX static library zephyr/drivers/timer/libdrivers__timer.a
[trulo-ti:rw] [319/417] Building C object zephyr/drivers/watchdog/CMakeFiles/drivers__watchdog.dir/wdt_shell.c.obj
[voltorb:rw] [235/386] Building C object CMakeFiles/app.dir/mnt/host/source/src/platform/ec/build/zephyr/voltorb/modules/ec/builtin/stdlib.c.obj
[trulo-ti:rw] [320/417] Linking CXX static library zephyr/drivers/watchdog/libdrivers__watchdog.a
[trulo-ti:rw] [321/417] Building C object modules/ec/zephyr/CMakeFiles/ec_shim.dir/app/ec/main_shim.c.obj
[trulo-ti:rw] [322/417] Building C object modules/ec/zephyr/CMakeFiles/ec_shim.dir/app/ec/ec_app_main.c.obj
[trulo-ti:rw] [323/417] Building C object modules/ec/zephyr/CMakeFiles/ec_shim.dir/drivers/keyboard_input/keyboard_customization_check.c.obj
[voltorb:rw] [236/386] Building C object CMakeFiles/app.dir/mnt/host/source/src/platform/ec/build/zephyr/voltorb/modules/ec/common/console_output.c.obj
[brox-sku4:ro] [59/385] Building C object zephyr/CMakeFiles/zephyr.dir/subsys/shell/modules/kernel_service/thread/stacks.c.obj
[trulo-ti:ro] [122/417] Building C object CMakeFiles/app.dir/mnt/host/source/src/platform/ec/build/zephyr/trulo-ti/modules/ec/common/panic_output.c.obj
[voltorb:rw] [237/386] Building C object CMakeFiles/app.dir/mnt/host/source/src/platform/ec/build/zephyr/voltorb/modules/ec/common/ec_features.c.obj
[/mnt/host/source/src/platform/ec/build/zephyr/craask-lcov]   /mnt/host/source/src/platform/ec/build/zephyr/craask/build-ro/zephyr/CMakeFiles/zephyr.dir/lib/utils/last_section_id.c.gcno:no functions found
[/mnt/host/source/src/platform/ec/build/zephyr/craask-lcov] stderr:
[trulo-ti:rw] [324/417] Building C object modules/ec/zephyr/CMakeFiles/ec_shim.dir/drivers/cros_flash/cros_flash_npcx.c.obj
[voltorb:rw] [238/386] Building C object CMakeFiles/app.dir/mnt/host/source/src/platform/ec/build/zephyr/voltorb/modules/ec/common/gpio_commands.c.obj
[trulo-ti:ro] [123/417] Building C object CMakeFiles/app.dir/mnt/host/source/src/platform/ec/build/zephyr/trulo-ti/modules/ec/common/shared_mem.c.obj
[trulo-ti:rw] [325/417] Building C object modules/ec/zephyr/CMakeFiles/ec_shim.dir/drivers/cros_system/cros_system_npcx.c.obj
[voltorb:rw] [239/386] Building C object CMakeFiles/app.dir/mnt/host/source/src/platform/ec/build/zephyr/voltorb/modules/ec/common/peripheral.c.obj
[trulo-ti:rw] [326/417] Building C object modules/ec/zephyr/CMakeFiles/ec_shim.dir/mnt/host/source/src/platform/ec/build/zephyr/trulo-ti/modules/ec/common/lid_angle_keyboard_policy.c.obj
[trulo-ti:ro] [124/417] Building C object CMakeFiles/app.dir/mnt/host/source/src/platform/ec/build/zephyr/trulo-ti/modules/ec/common/switch.c.obj
[trulo-ti:rw] [327/417] Building C object modules/ec/zephyr/CMakeFiles/ec_shim.dir/drivers/keyboard_input/col_gpio_drive.c.obj
[trulo-ti:rw] [328/417] Building C object modules/ec/zephyr/CMakeFiles/ec_shim.dir/drivers/keyboard_input/keyboard_input.c.obj
[brox-sku4:ro] [60/385] Building C object zephyr/CMakeFiles/zephyr.dir/subsys/shell/modules/kernel_service/thread/unwind.c.obj
[voltorb:rw] [240/386] Building C object CMakeFiles/app.dir/mnt/host/source/src/platform/ec/build/zephyr/voltorb/modules/ec/common/printf.c.obj
[trulo-ti:rw] [329/417] Building C object modules/ec/zephyr/CMakeFiles/ec_shim.dir/drivers/usbc/ucsi_v3.c.obj
[trulo-ti:ro] [125/417] Building C object CMakeFiles/app.dir/mnt/host/source/src/platform/ec/build/zephyr/trulo-ti/modules/ec/common/spi_flash_reg.c.obj
[trulo-ti:rw] [330/417] Building C object modules/ec/zephyr/CMakeFiles/ec_shim.dir/drivers/keyboard_factory_test/keyboard_factory_test.c.obj
[voltorb:rw] [241/386] Building C object CMakeFiles/app.dir/mnt/host/source/src/platform/ec/build/zephyr/voltorb/modules/ec/common/queue.c.obj
[voltorb:rw] [242/386] Building C object CMakeFiles/app.dir/mnt/host/source/src/platform/ec/build/zephyr/voltorb/modules/ec/common/system_boot_time.c.obj
[trulo-ti:ro] [126/417] Building C object CMakeFiles/app.dir/mnt/host/source/src/platform/ec/build/zephyr/trulo-ti/modules/ec/common/tablet_mode.c.obj
[voltorb:rw] [243/386] Building C object CMakeFiles/app.dir/mnt/host/source/src/platform/ec/build/zephyr/voltorb/modules/ec/common/system.c.obj
[brox-sku4:ro] [61/385] Building C object zephyr/CMakeFiles/zephyr.dir/subsys/shell/modules/kernel_service/thread/suspend.c.obj
[trulo-ti:rw] [331/417] Building C object modules/ec/zephyr/CMakeFiles/ec_shim.dir/drivers/usbc/tps6699x_cmd.c.obj
[voltorb:rw] [244/386] Building C object CMakeFiles/app.dir/mnt/host/source/src/platform/ec/build/zephyr/voltorb/modules/ec/common/uart_printf.c.obj
[trulo-ti:ro] [127/417] Building C object CMakeFiles/app.dir/mnt/host/source/src/platform/ec/build/zephyr/trulo-ti/modules/ec/common/thermal.c.obj
[trulo-ti:rw] [332/417] Building C object modules/ec/zephyr/CMakeFiles/ec_shim.dir/drivers/runtime_keys/runtime_keys.c.obj
[trulo-ti:rw] [333/417] Building C object modules/ec/zephyr/CMakeFiles/ec_shim.dir/drivers/boot_keys/boot_keys.c.obj
[trulo-ti:rw] [334/417] Building C object modules/ec/zephyr/CMakeFiles/ec_shim.dir/drivers/vivaldi_kbd/vivaldi_kbd.c.obj
[trulo-ti:rw] [335/417] Building C object modules/ec/zephyr/CMakeFiles/ec_shim.dir/shim/chip/npcx/clock.c.obj
[voltorb:rw] [245/386] Building C object CMakeFiles/app.dir/mnt/host/source/src/platform/ec/build/zephyr/voltorb/modules/ec/common/util.c.obj
[trulo-ti:ro] [128/417] Building C object CMakeFiles/app.dir/mnt/host/source/src/platform/ec/build/zephyr/trulo-ti/modules/ec/common/temp_sensor.c.obj
[voltorb:rw] [246/386] Building C object CMakeFiles/app.dir/mnt/host/source/src/platform/ec/build/zephyr/voltorb/modules/ec/common/version.c.obj
[brox-sku4:ro] [62/385] Building C object zephyr/CMakeFiles/zephyr.dir/subsys/shell/modules/kernel_service/thread/resume.c.obj
[/mnt/host/source/src/platform/ec/build/zephyr/minimal-it8xxx2-lcov]   /mnt/host/source/src/platform/ec/build/zephyr/minimal-it8xxx2/build-rw/zephyr/CMakeFiles/zephyr.dir/subsys/shell/modules/kernel_service/kernel_shell.c.gcno:no functions found
[/mnt/host/source/src/platform/ec/build/zephyr/minimal-it8xxx2-lcov] stderr:
[trulo-ti:rw] [336/417] Building C object modules/ec/zephyr/CMakeFiles/ec_shim.dir/shim/chip/npcx/gpio.c.obj
[voltorb:rw] [247/386] Building C object CMakeFiles/app.dir/mnt/host/source/src/platform/ec/build/zephyr/voltorb/modules/ec/common/adc.c.obj
[voltorb:rw] [248/386] Building C object CMakeFiles/app.dir/mnt/host/source/src/platform/ec/build/zephyr/voltorb/modules/ec/common/battery.c.obj
[trulo-ti:rw] [337/417] Building C object modules/ec/zephyr/CMakeFiles/ec_shim.dir/shim/chip/npcx/rom_chip.c.obj
[/mnt/host/source/src/platform/ec/build/zephyr/minimal-it8xxx2-lcov]   /mnt/host/source/src/platform/ec/build/zephyr/minimal-it8xxx2/build-rw/zephyr/CMakeFiles/zephyr.dir/lib/libc/validate_libc.c.gcno:no functions found
[/mnt/host/source/src/platform/ec/build/zephyr/minimal-it8xxx2-lcov] stderr:
[trulo-ti:ro] [129/417] Building C object CMakeFiles/app.dir/mnt/host/source/src/platform/ec/build/zephyr/trulo-ti/modules/ec/driver/temp_sensor/thermistor.c.obj
[trulo-ti:rw] [338/417] Building C object modules/ec/zephyr/CMakeFiles/ec_shim.dir/shim/chip/npcx/power_policy.c.obj
[trulo-ti:ro] [130/417] Building C object CMakeFiles/app.dir/mnt/host/source/src/platform/ec/build/zephyr/trulo-ti/modules/ec/common/throttle_ap.c.obj
[voltorb:rw] [249/386] Building C object CMakeFiles/app.dir/mnt/host/source/src/platform/ec/build/zephyr/voltorb/modules/ec/common/battery_info.c.obj
[trulo-ti:rw] [339/417] Building C object modules/ec/zephyr/CMakeFiles/ec_shim.dir/shim/chip/npcx/system_external_storage.c.obj
[brox-sku4:ro] [63/385] Building C object zephyr/CMakeFiles/zephyr.dir/subsys/shell/modules/kernel_service/thread/kill.c.obj
[trulo-ti:rw] [340/417] Building C object modules/ec/zephyr/CMakeFiles/ec_shim.dir/shim/chip/npcx/system.c.obj
[trulo-ti:rw] [341/417] Building C object modules/ec/zephyr/CMakeFiles/ec_shim.dir/shim/src/crc.c.obj
[voltorb:rw] [250/386] Building C object CMakeFiles/app.dir/mnt/host/source/src/platform/ec/build/zephyr/voltorb/modules/ec/common/battery_fuel_gauge.c.obj
[trulo-ti:rw] [342/417] Building C object modules/ec/zephyr/CMakeFiles/ec_shim.dir/drivers/usbc/pdc_tps6699x.c.obj
[trulo-ti:ro] [131/417] Building C object CMakeFiles/app.dir/mnt/host/source/src/platform/ec/build/zephyr/trulo-ti/modules/ec/common/timer.c.obj
[trulo-ti:rw] [343/417] Building C object modules/ec/zephyr/CMakeFiles/ec_shim.dir/shim/core/cortex-m/mpu.c.obj
[trulo-ti:rw] [344/417] Building C object modules/ec/zephyr/CMakeFiles/ec_shim.dir/shim/core/cortex-m/panic.c.obj
[voltorb:rw] [251/386] Building C object CMakeFiles/app.dir/mnt/host/source/src/platform/ec/build/zephyr/voltorb/modules/ec/driver/bc12/rt1718s.c.obj
[voltorb:rw] [252/386] Building C object CMakeFiles/app.dir/mnt/host/source/src/platform/ec/build/zephyr/voltorb/modules/ec/driver/battery/smart.c.obj
[trulo-ti:ro] [132/417] Building C object CMakeFiles/app.dir/mnt/host/source/src/platform/ec/build/zephyr/trulo-ti/modules/ec/common/usb_port_power_dumb.c.obj
[voltorb:rw] [253/386] Building C object CMakeFiles/app.dir/mnt/host/source/src/platform/ec/build/zephyr/voltorb/modules/ec/driver/bc12/pi3usb9201.c.obj
[trulo-ti:ro] [133/417] Building C object CMakeFiles/app.dir/mnt/host/source/src/platform/ec/build/zephyr/trulo-ti/modules/ec/common/usbc_utils.c.obj
[/mnt/host/source/src/platform/ec/build/zephyr/minimal-it8xxx2-lcov]   /mnt/host/source/src/platform/ec/build/zephyr/minimal-it8xxx2/build-rw/zephyr/CMakeFiles/zephyr.dir/lib/utils/last_section_id.c.gcno:no functions found
[/mnt/host/source/src/platform/ec/build/zephyr/minimal-it8xxx2-lcov] stderr:
[trulo-ti:rw] [345/417] Building C object modules/ec/zephyr/CMakeFiles/ec_shim.dir/shim/src/console.c.obj
[brox-sku4:ro] [64/385] Building C object zephyr/CMakeFiles/zephyr.dir/subsys/shell/backends/shell_uart.c.obj
[trulo-ti:rw] [346/417] Building C object modules/ec/zephyr/CMakeFiles/ec_shim.dir/shim/src/gpio_int.c.obj
[voltorb:rw] [254/386] Building C object CMakeFiles/app.dir/mnt/host/source/src/platform/ec/build/zephyr/voltorb/modules/ec/driver/charger/isl923x.c.obj
[trulo-ti:rw] [347/417] Building C object modules/ec/zephyr/CMakeFiles/ec_shim.dir/shim/src/panic_utils.c.obj
[trulo-ti:rw] [348/417] Building C object modules/ec/zephyr/CMakeFiles/ec_shim.dir/shim/src/gpio.c.obj
[trulo-ti:rw] [349/417] Building C object modules/ec/zephyr/CMakeFiles/ec_shim.dir/shim/src/cbi/cros_cbi.c.obj
[trulo-ti:rw] [350/417] Building C object modules/ec/zephyr/CMakeFiles/ec_shim.dir/shim/src/pm_state.c.obj
[trulo-ti:ro] [134/417] Building C object CMakeFiles/app.dir/mnt/host/source/src/platform/ec/build/zephyr/trulo-ti/modules/ec/common/usb_common.c.obj
[voltorb:rw] [255/386] Building C object CMakeFiles/app.dir/mnt/host/source/src/platform/ec/build/zephyr/voltorb/modules/ec/common/charger.c.obj
[voltorb:rw] [256/386] Building C object CMakeFiles/app.dir/mnt/host/source/src/platform/ec/build/zephyr/voltorb/modules/ec/common/charge_state.c.obj
[trulo-ti:ro] [135/417] Building C object CMakeFiles/app.dir/mnt/host/source/src/platform/ec/build/zephyr/trulo-ti/modules/ec/common/chargen.c.obj
[trulo-ti:ro] [136/417] Building C object CMakeFiles/app.dir/mnt/host/source/src/platform/ec/build/zephyr/trulo-ti/modules/ec/common/usb_pd_host_cmd_common.c.obj
[voltorb:rw] [257/386] Building C object CMakeFiles/app.dir/mnt/host/source/src/platform/ec/build/zephyr/voltorb/modules/ec/common/cbi_common.c.obj
[trulo-ti:rw] [351/417] Building C object modules/ec/zephyr/CMakeFiles/ec_shim.dir/shim/src/cbi/cros_cbi_fw_config.c.obj
[brox-sku4:ro] [65/385] Building C object zephyr/CMakeFiles/zephyr.dir/subsys/shell/shell.c.obj
[voltorb:rw] [258/386] Building C object CMakeFiles/app.dir/mnt/host/source/src/platform/ec/build/zephyr/voltorb/modules/ec/common/charge_manager.c.obj
[trulo-ti:rw] [352/417] Building C object modules/ec/zephyr/CMakeFiles/ec_shim.dir/shim/src/cbi/cbi_transfer.c.obj
[trulo-ti:rw] [353/417] Building C object modules/ec/zephyr/CMakeFiles/ec_shim.dir/shim/src/cbi/cbi_eeprom.c.obj
[trulo-ti:rw] [354/417] Building C object modules/ec/zephyr/CMakeFiles/ec_shim.dir/shim/src/cbi/cbi_flash.c.obj
[trulo-ti:rw] [355/417] Building C object modules/ec/zephyr/CMakeFiles/ec_shim.dir/shim/src/led_driver/led.c.obj
[voltorb:rw] [259/386] Building C object CMakeFiles/app.dir/mnt/host/source/src/platform/ec/build/zephyr/voltorb/modules/ec/common/cbi.c.obj
[trulo-ti:rw] [356/417] Building C object modules/ec/zephyr/CMakeFiles/ec_shim.dir/shim/src/led_driver/led_pwm.c.obj
[voltorb:rw] [260/386] Building C object CMakeFiles/app.dir/mnt/host/source/src/platform/ec/build/zephyr/voltorb/modules/ec/common/cbi_config.c.obj
[brox-sku4:ro] [66/385] Building C object zephyr/CMakeFiles/zephyr.dir/subsys/shell/shell_fprintf.c.obj
[trulo-ti:ro] [137/417] Building C object CMakeFiles/app.dir/mnt/host/source/src/platform/ec/build/zephyr/trulo-ti/modules/ec/common/vboot_hash.c.obj
[trulo-ti:ro] [138/417] Building C object CMakeFiles/app.dir/mnt/host/source/src/platform/ec/build/zephyr/trulo-ti/modules/ec/common/button.c.obj
[voltorb:rw] [261/386] Building C object CMakeFiles/app.dir/mnt/host/source/src/platform/ec/build/zephyr/voltorb/modules/ec/common/memory_commands.c.obj
[voltorb:rw] [262/386] Building C object CMakeFiles/app.dir/mnt/host/source/src/platform/ec/build/zephyr/voltorb/modules/ec/common/chipset.c.obj
[trulo-ti:rw] [357/417] Building C object modules/ec/zephyr/CMakeFiles/ec_shim.dir/shim/src/pdc_shim.c.obj
[trulo-ti:rw] [358/417] Building C object modules/ec/zephyr/CMakeFiles/ec_shim.dir/shim/src/battery.c.obj
[trulo-ti:rw] [359/417] Building C object modules/ec/zephyr/CMakeFiles/ec_shim.dir/shim/src/adc.c.obj
[trulo-ti:rw] [360/417] Building C object modules/ec/zephyr/CMakeFiles/ec_shim.dir/shim/src/system.c.obj
[trulo-ti:ro] [139/417] Building C object CMakeFiles/app.dir/mnt/host/source/src/platform/ec/build/zephyr/trulo-ti/modules/ec/common/vboot/efs2.c.obj
[trulo-ti:rw] [361/417] Building C object modules/ec/zephyr/CMakeFiles/ec_shim.dir/shim/src/charger.c.obj
[trulo-ti:rw] [362/417] Building C object modules/ec/zephyr/CMakeFiles/ec_shim.dir/shim/src/chipset_api.c.obj
[voltorb:rw] [263/386] Building C object CMakeFiles/app.dir/mnt/host/source/src/platform/ec/build/zephyr/voltorb/modules/ec/common/ap_reset_log.c.obj
[voltorb:rw] [264/386] Building C object CMakeFiles/app.dir/mnt/host/source/src/platform/ec/build/zephyr/voltorb/modules/ec/common/extpower_common.c.obj
[brox-sku4:ro] [67/385] Building C object zephyr/CMakeFiles/zephyr.dir/subsys/shell/shell_utils.c.obj
[voltorb:rw] [265/386] Building C object CMakeFiles/app.dir/mnt/host/source/src/platform/ec/build/zephyr/voltorb/modules/ec/common/extpower_gpio.c.obj
[trulo-ti:ro] [140/417] Building C object CMakeFiles/app.dir/mnt/host/source/src/platform/ec/build/zephyr/trulo-ti/modules/ec/common/math_util.c.obj
[trulo-ti:ro] [141/417] Building C object CMakeFiles/app.dir/mnt/host/source/src/platform/ec/build/zephyr/trulo-ti/modules/ec/common/vstore.c.obj
[voltorb:rw] [266/386] Building C object CMakeFiles/app.dir/mnt/host/source/src/platform/ec/build/zephyr/voltorb/modules/ec/common/flash.c.obj
[trulo-ti:rw] [363/417] Building C object modules/ec/zephyr/CMakeFiles/ec_shim.dir/shim/src/flash.c.obj
[trulo-ti:ro] [142/417] Building C object CMakeFiles/app.dir/src/board_power.c.obj
[brox-sku4:ro] [68/385] Building C object zephyr/CMakeFiles/zephyr.dir/subsys/shell/shell_ops.c.obj
[trulo-ti:rw] [364/417] Building C object modules/ec/zephyr/CMakeFiles/ec_shim.dir/shim/src/host_command.c.obj
[trulo-ti:rw] [365/417] Building C object modules/ec/zephyr/CMakeFiles/ec_shim.dir/shim/src/hooks.c.obj
[trulo-ti:rw] [366/417] Building C object modules/ec/zephyr/CMakeFiles/ec_shim.dir/shim/src/console_buffer.c.obj
[voltorb:rw] [267/386] Building C object CMakeFiles/app.dir/mnt/host/source/src/platform/ec/build/zephyr/voltorb/modules/ec/common/host_command.c.obj
[trulo-ti:rw] [367/417] Building C object modules/ec/zephyr/CMakeFiles/ec_shim.dir/shim/src/fan.c.obj
[voltorb:rw] [268/386] Building C object CMakeFiles/app.dir/mnt/host/source/src/platform/ec/build/zephyr/voltorb/modules/ec/common/host_command_task.c.obj
[voltorb:rw] [269/386] Building C object CMakeFiles/app.dir/mnt/host/source/src/platform/ec/build/zephyr/voltorb/modules/ec/common/host_event_commands.c.obj
[trulo-ti:ro] [143/417] Building C object CMakeFiles/app.dir/trulo/src/touch_panel.c.obj
[voltorb:rw] [270/386] Building C object CMakeFiles/app.dir/mnt/host/source/src/platform/ec/build/zephyr/voltorb/modules/ec/common/uart_hostcmd.c.obj
[/mnt/host/source/src/platform/ec/build/zephyr/craask-lcov]   /mnt/host/source/src/platform/ec/build/zephyr/craask/build-ro/zephyr/CMakeFiles/zephyr.dir/soc/nuvoton/npcx/common/npcxn/registers.c.gcno:no functions found
[/mnt/host/source/src/platform/ec/build/zephyr/craask-lcov] stderr:
[trulo-ti:rw] [368/417] Building C object modules/ec/zephyr/CMakeFiles/ec_shim.dir/shim/src/espi.c.obj
[trulo-ti:ro] [144/417] Building C object CMakeFiles/app.dir/trulo/src/hdmi.c.obj
[trulo-ti:ro] [145/417] Building C object zephyr/CMakeFiles/zephyr.dir/lib/cpp/abi/cpp_dtors.c.obj
[trulo-ti:ro] [146/417] Linking CXX static library app/libapp.a
[brox-sku4:ro] [69/385] Building C object zephyr/CMakeFiles/zephyr.dir/subsys/shell/shell_help.c.obj
[trulo-ti:ro] [147/417] Building C object zephyr/CMakeFiles/zephyr.dir/lib/libc/validate_libc.c.obj
[trulo-ti:rw] [369/417] Building C object modules/ec/zephyr/CMakeFiles/ec_shim.dir/shim/src/mkbp_event.c.obj
[trulo-ti:rw] [370/417] Building C object modules/ec/zephyr/CMakeFiles/ec_shim.dir/shim/src/panic.c.obj
[voltorb:rw] [271/386] Building C object CMakeFiles/app.dir/mnt/host/source/src/platform/ec/build/zephyr/voltorb/modules/ec/common/uptime.c.obj
[trulo-ti:rw] [371/417] Building C object modules/ec/zephyr/CMakeFiles/ec_shim.dir/shim/src/hwtimer.c.obj
[trulo-ti:rw] [372/417] Building C object modules/ec/zephyr/CMakeFiles/ec_shim.dir/shim/src/thermal.c.obj
[voltorb:rw] [272/386] Building C object CMakeFiles/app.dir/mnt/host/source/src/platform/ec/build/zephyr/voltorb/modules/ec/common/i2c_controller.c.obj
[voltorb:rw] [273/386] Building C object CMakeFiles/app.dir/mnt/host/source/src/platform/ec/build/zephyr/voltorb/modules/ec/common/i2c_passthru.c.obj
[trulo-ti:rw] [373/417] Building C object modules/ec/zephyr/CMakeFiles/ec_shim.dir/shim/src/temp_sensors.c.obj
[trulo-ti:ro] [148/417] Building C object zephyr/CMakeFiles/zephyr.dir/lib/heap/heap.c.obj
[voltorb:rw] [274/386] Building C object CMakeFiles/app.dir/mnt/host/source/src/platform/ec/build/zephyr/voltorb/modules/ec/common/virtual_battery.c.obj
[trulo-ti:ro] [149/417] Building C object zephyr/CMakeFiles/zephyr.dir/lib/os/cbprintf_packaged.c.obj
[brox-sku4:ro] [70/385] Building C object zephyr/CMakeFiles/zephyr.dir/subsys/shell/shell_history.c.obj
[trulo-ti:rw] [374/417] Building C object modules/ec/zephyr/CMakeFiles/ec_shim.dir/shim/src/i2c.c.obj
[trulo-ti:ro] [150/417] Building C object zephyr/CMakeFiles/zephyr.dir/lib/os/clock.c.obj
[trulo-ti:rw] [375/417] Building C object modules/ec/zephyr/CMakeFiles/ec_shim.dir/shim/src/usba.c.obj
[trulo-ti:rw] [376/417] Building C object modules/ec/zephyr/CMakeFiles/ec_shim.dir/shim/src/power_host_sleep_api.c.obj
[voltorb:rw] [275/386] Building C object CMakeFiles/app.dir/mnt/host/source/src/platform/ec/build/zephyr/voltorb/modules/ec/common/keyboard_scan.c.obj
[trulo-ti:rw] [377/417] Building C object modules/ec/zephyr/CMakeFiles/ec_shim.dir/shim/src/tasks.c.obj
[trulo-ti:rw] [378/417] Building C object modules/ec/zephyr/CMakeFiles/ec_shim.dir/shim/src/watchdog.c.obj
[voltorb:rw] [276/386] Building C object CMakeFiles/app.dir/mnt/host/source/src/platform/ec/build/zephyr/voltorb/modules/ec/common/mkbp_info.c.obj
[voltorb:rw] [277/386] Building C object CMakeFiles/app.dir/mnt/host/source/src/platform/ec/build/zephyr/voltorb/modules/ec/common/mkbp_fifo.c.obj
[trulo-ti:rw] [379/417] Building C object modules/ec/zephyr/CMakeFiles/ec_shim.dir/shim/src/sha256_hw.c.obj
[trulo-ti:ro] [151/417] Building C object zephyr/CMakeFiles/zephyr.dir/lib/os/printk.c.obj
[voltorb:rw] [278/386] Building C object CMakeFiles/app.dir/mnt/host/source/src/platform/ec/build/zephyr/voltorb/modules/ec/common/keyboard_mkbp.c.obj
[brox-sku4:ro] [71/385] Building C object zephyr/CMakeFiles/zephyr.dir/drivers/flash/flash_util.c.obj
[trulo-ti:rw] [380/417] Linking CXX static library modules/ec/zephyr/libec_shim.a
[trulo-ti:ro] [152/417] Building C object zephyr/CMakeFiles/zephyr.dir/lib/os/sem.c.obj
[brox-sku4:ro] [72/385] Linking C static library zephyr/libzephyr.a
[trulo-ti:ro] [153/417] Building C object zephyr/CMakeFiles/zephyr.dir/lib/os/thread_entry.c.obj
[trulo-ti:ro] [154/417] Building C object zephyr/CMakeFiles/zephyr.dir/lib/utils/dec.c.obj
[voltorb:rw] [279/386] Building C object CMakeFiles/app.dir/mnt/host/source/src/platform/ec/build/zephyr/voltorb/modules/ec/common/led_common.c.obj
[trulo-ti:rw] [381/417] Building C object zephyr/kernel/CMakeFiles/kernel.dir/banner.c.obj
[voltorb:rw] [280/386] Building C object CMakeFiles/app.dir/mnt/host/source/src/platform/ec/build/zephyr/voltorb/modules/ec/common/mkbp_input_devices.c.obj
[trulo-ti:ro] [155/417] Building C object zephyr/CMakeFiles/zephyr.dir/lib/os/cbprintf_nano.c.obj
[trulo-ti:rw] [382/417] Building C object zephyr/kernel/CMakeFiles/kernel.dir/main_weak.c.obj
[trulo-ti:ro] [156/417] Building C object zephyr/CMakeFiles/zephyr.dir/lib/utils/hex.c.obj
[voltorb:rw] [281/386] Building C object CMakeFiles/app.dir/mnt/host/source/src/platform/ec/build/zephyr/voltorb/modules/ec/common/lid_switch.c.obj
[trulo-ti:ro] [157/417] Building C object zephyr/CMakeFiles/zephyr.dir/lib/os/assert.c.obj
[trulo-ti:rw] [383/417] Building C object zephyr/kernel/CMakeFiles/kernel.dir/busy_wait.c.obj
[brox-sku4:ro] [73/385] Building C object zephyr/arch/common/CMakeFiles/arch__common.dir/sw_isr_common.c.obj
[voltorb:rw] [282/386] Building C object CMakeFiles/app.dir/mnt/host/source/src/platform/ec/build/zephyr/voltorb/modules/ec/common/mkbp_event.c.obj
[trulo-ti:ro] [158/417] Building C object zephyr/CMakeFiles/zephyr.dir/lib/utils/timeutil.c.obj
[brox-sku4:ro] [74/385] Building C object zephyr/arch/common/CMakeFiles/arch__common.dir/dynamic_isr.c.obj
[trulo-ti:ro] [159/417] Building C object zephyr/CMakeFiles/zephyr.dir/lib/utils/bitmask.c.obj
[trulo-ti:rw] [384/417] Building C object zephyr/kernel/CMakeFiles/kernel.dir/errno.c.obj
[voltorb:rw] [283/386] Building C object CMakeFiles/app.dir/mnt/host/source/src/platform/ec/build/zephyr/voltorb/modules/ec/common/power_button.c.obj
[trulo-ti:ro] [160/417] Building C object zephyr/CMakeFiles/zephyr.dir/lib/utils/rb.c.obj
[voltorb:rw] [284/386] Building C object CMakeFiles/app.dir/mnt/host/source/src/platform/ec/build/zephyr/voltorb/modules/ec/power/common.c.obj
[trulo-ti:rw] [385/417] Building C object zephyr/kernel/CMakeFiles/kernel.dir/device.c.obj
[trulo-ti:ro] [161/417] Building C object zephyr/CMakeFiles/zephyr.dir/lib/utils/bitarray.c.obj
[voltorb:rw] [285/386] Building C object CMakeFiles/app.dir/mnt/host/source/src/platform/ec/build/zephyr/voltorb/modules/ec/power/host_sleep.c.obj
[trulo-ti:rw] [386/417] Building C object zephyr/kernel/CMakeFiles/kernel.dir/fatal.c.obj
[voltorb:rw] [286/386] Building C object CMakeFiles/app.dir/mnt/host/source/src/platform/ec/build/zephyr/voltorb/modules/ec/power/mt8186.c.obj
[brox-sku4:ro] [75/385] Building C object zephyr/arch/common/CMakeFiles/arch__common.dir/init.c.obj
[trulo-ti:ro] [162/417] Building C object zephyr/CMakeFiles/zephyr.dir/lib/utils/ring_buffer.c.obj
[trulo-ti:ro] [163/417] Building C object zephyr/CMakeFiles/zephyr.dir/lib/utils/last_section_id.c.obj
[trulo-ti:ro] [164/417] Building C object zephyr/CMakeFiles/zephyr.dir/lib/utils/getopt/getopt_common.c.obj
[trulo-ti:ro] [165/417] Building C object zephyr/CMakeFiles/zephyr.dir/lib/utils/getopt/getopt.c.obj
[voltorb:rw] [287/386] Building C object CMakeFiles/app.dir/mnt/host/source/src/platform/ec/build/zephyr/voltorb/modules/ec/common/panic_output.c.obj
[trulo-ti:ro] [166/417] Building C object zephyr/CMakeFiles/zephyr.dir/misc/generated/configs.c.obj
[voltorb:rw] [288/386] Building C object CMakeFiles/app.dir/mnt/host/source/src/platform/ec/build/zephyr/voltorb/modules/ec/common/sha256.c.obj
[trulo-ti:rw] [387/417] Building C object zephyr/kernel/CMakeFiles/kernel.dir/init.c.obj
[trulo-ti:rw] [388/417] Building C object zephyr/kernel/CMakeFiles/kernel.dir/kheap.c.obj
[voltorb:rw] [289/386] Building C object CMakeFiles/app.dir/mnt/host/source/src/platform/ec/build/zephyr/voltorb/modules/ec/common/shared_mem.c.obj
[brox-sku4:ro] [76/385] Building C object zephyr/arch/common/CMakeFiles/arch__common.dir/xip.c.obj
[trulo-ti:rw] [389/417] Building C object zephyr/kernel/CMakeFiles/kernel.dir/version.c.obj
[trulo-ti:rw] [390/417] Building C object zephyr/kernel/CMakeFiles/kernel.dir/mem_slab.c.obj
[trulo-ti:rw] [391/417] Building CXX object modules/ec/zephyr/drivers/dsp_comms/service/CMakeFiles/dsp.service.dir/i2c_target_pio_funcs.cc.obj
[voltorb:rw] [290/386] Building C object CMakeFiles/app.dir/mnt/host/source/src/platform/ec/build/zephyr/voltorb/modules/ec/common/switch.c.obj
[/mnt/host/source/src/platform/ec/build/zephyr/minimal-it8xxx2-lcov]   /mnt/host/source/src/platform/ec/build/zephyr/minimal-it8xxx2/build-rw/zephyr/CMakeFiles/zephyr.dir/soc/ite/ec/it8xxx2/check_regs.c.gcno:no functions found
[/mnt/host/source/src/platform/ec/build/zephyr/minimal-it8xxx2-lcov] stderr:
[trulo-ti:rw] [392/417] Building CXX object modules/ec/zephyr/drivers/dsp_comms/service/CMakeFiles/dsp.service.dir/i2c_target_buffer_funcs.cc.obj
[trulo-ti:rw] [393/417] Building CXX object modules/ec/zephyr/drivers/dsp_comms/service/CMakeFiles/dsp.service.dir/dsp_service.cc.obj
[trulo-ti:rw] [394/417] Linking CXX static library modules/ec/zephyr/drivers/dsp_comms/service/libdsp.service.a
[trulo-ti:ro] [167/417] Building C object zephyr/CMakeFiles/zephyr.dir/soc/nuvoton/npcx/common/npcxn/registers.c.obj
[brox-sku4:ro] [77/385] Building C object zephyr/arch/common/CMakeFiles/isr_tables.dir/isr_tables.c.obj
[trulo-ti:ro] [168/417] Building C object zephyr/CMakeFiles/zephyr.dir/soc/nuvoton/npcx/common/scfg.c.obj
[trulo-ti:rw] [395/417] Building C object zephyr/kernel/CMakeFiles/kernel.dir/float.c.obj
[voltorb:rw] [291/386] Building C object CMakeFiles/app.dir/mnt/host/source/src/platform/ec/build/zephyr/voltorb/modules/ec/common/spi_flash_reg.c.obj
[brox-sku4:ro] [78/385] Linking C static library zephyr/arch/common/libisr_tables.a
[trulo-ti:ro] [169/417] Building C object zephyr/CMakeFiles/zephyr.dir/soc/nuvoton/npcx/common/power.c.obj
[brox-sku4:ro] [79/385] Linking C static library zephyr/arch/common/libarch__common.a
[voltorb:rw] [292/386] Building C object CMakeFiles/app.dir/mnt/host/source/src/platform/ec/build/zephyr/voltorb/modules/ec/common/thermal.c.obj
[trulo-ti:rw] [396/417] Building C object zephyr/kernel/CMakeFiles/kernel.dir/idle.c.obj
[trulo-ti:rw] [397/417] Building C object zephyr/kernel/CMakeFiles/kernel.dir/mailbox.c.obj
[voltorb:rw] [293/386] Building C object CMakeFiles/app.dir/mnt/host/source/src/platform/ec/build/zephyr/voltorb/modules/ec/common/temp_sensor.c.obj
[trulo-ti:rw] [398/417] Building C object zephyr/kernel/CMakeFiles/kernel.dir/msg_q.c.obj
[brox-sku4:ro] [80/385] Building C object zephyr/arch/arch/riscv/core/CMakeFiles/arch__riscv__core.dir/cpu_idle.c.obj
[voltorb:rw] [294/386] Building C object CMakeFiles/app.dir/mnt/host/source/src/platform/ec/build/zephyr/voltorb/modules/ec/driver/temp_sensor/thermistor.c.obj
[trulo-ti:rw] [399/417] Building C object zephyr/kernel/CMakeFiles/kernel.dir/queue.c.obj
[trulo-ti:ro] [170/417] Building C object zephyr/CMakeFiles/zephyr.dir/soc/nuvoton/npcx/npcx9/soc.c.obj
[trulo-ti:rw] [400/417] Building C object zephyr/kernel/CMakeFiles/kernel.dir/mutex.c.obj
[/mnt/host/source/src/platform/ec/build/zephyr/craask-lcov]   /mnt/host/source/src/platform/ec/build/zephyr/craask/build-ro/zephyr/drivers/sensor/CMakeFiles/drivers__sensor.dir/mnt/host/source/src/third_party/zephyr/main/misc/empty_file.c.gcno:no functions found
[/mnt/host/source/src/platform/ec/build/zephyr/craask-lcov] stderr:
[trulo-ti:ro] [171/417] Building C object zephyr/CMakeFiles/zephyr.dir/subsys/logging/log_minimal.c.obj
[trulo-ti:ro] [172/417] Building C object zephyr/CMakeFiles/zephyr.dir/subsys/mem_mgmt/mem_attr.c.obj
[voltorb:rw] [295/386] Building C object CMakeFiles/app.dir/mnt/host/source/src/platform/ec/build/zephyr/voltorb/modules/ec/common/timer.c.obj
[trulo-ti:rw] [401/417] Building C object zephyr/kernel/CMakeFiles/kernel.dir/sem.c.obj
[voltorb:rw] [296/386] Building C object CMakeFiles/app.dir/mnt/host/source/src/platform/ec/build/zephyr/voltorb/modules/ec/common/usb_charger.c.obj
[trulo-ti:rw] [402/417] Building C object zephyr/kernel/CMakeFiles/kernel.dir/system_work_q.c.obj
[trulo-ti:rw] [403/417] Building C object zephyr/kernel/CMakeFiles/kernel.dir/stack.c.obj
[/mnt/host/source/src/platform/ec/build/zephyr/craask-lcov]   /mnt/host/source/src/platform/ec/build/zephyr/craask/build-rw/modules/ec/zephyr/CMakeFiles/ec_shim.dir/shim/src/thermal.c.gcno:no functions found
[/mnt/host/source/src/platform/ec/build/zephyr/craask-lcov] stderr:
[trulo-ti:ro] [173/417] Building C object zephyr/CMakeFiles/zephyr.dir/subsys/pm/state.c.obj
[voltorb:rw] [297/386] Building C object CMakeFiles/app.dir/mnt/host/source/src/platform/ec/build/zephyr/voltorb/modules/ec/common/usb_port_power_dumb.c.obj
[trulo-ti:rw] [404/417] Building C object zephyr/kernel/CMakeFiles/kernel.dir/work.c.obj
[/mnt/host/source/src/platform/ec/build/zephyr/minimal-it8xxx2-lcov]   /mnt/host/source/src/platform/ec/build/zephyr/minimal-it8xxx2/build-rw/zephyr/drivers/syscon/CMakeFiles/drivers__syscon.dir/mnt/host/source/src/third_party/zephyr/main/misc/empty_file.c.gcno:no functions found
[/mnt/host/source/src/platform/ec/build/zephyr/minimal-it8xxx2-lcov] Filter suppressions 'region':
[brox-sku4:ro] [81/385] Building C object zephyr/arch/arch/riscv/core/CMakeFiles/arch__riscv__core.dir/fatal.c.obj
[/mnt/host/source/src/platform/ec/build/zephyr/minimal-it8xxx2-lcov]     21 instances
[/mnt/host/source/src/platform/ec/build/zephyr/minimal-it8xxx2-lcov]     12 coverpoints
[/mnt/host/source/src/platform/ec/build/zephyr/minimal-it8xxx2-lcov] Message summary:
[/mnt/host/source/src/platform/ec/build/zephyr/minimal-it8xxx2-lcov]   1 warning message:
[/mnt/host/source/src/platform/ec/build/zephyr/minimal-it8xxx2-lcov]     format: 1
[/mnt/host/source/src/platform/ec/build/zephyr/minimal-it8xxx2-lcov]   17 ignore messages:
[/mnt/host/source/src/platform/ec/build/zephyr/minimal-it8xxx2-lcov]     gcov: 17
[trulo-ti:rw] [405/417] Building C object zephyr/kernel/CMakeFiles/kernel.dir/condvar.c.obj
[voltorb:rw] [298/386] Building C object CMakeFiles/app.dir/mnt/host/source/src/platform/ec/build/zephyr/voltorb/modules/ec/common/typec_control.c.obj
[trulo-ti:ro] [174/417] Building C object zephyr/CMakeFiles/zephyr.dir/subsys/pm/policy/policy_events.c.obj
[trulo-ti:ro] [175/417] Building C object zephyr/CMakeFiles/zephyr.dir/subsys/pm/pm.c.obj
[trulo-ti:rw] [406/417] Building C object zephyr/kernel/CMakeFiles/kernel.dir/thread.c.obj
[/mnt/host/source/src/platform/ec/build/zephyr/craask-lcov]   /mnt/host/source/src/platform/ec/build/zephyr/craask/build-rw/modules/ec/zephyr/CMakeFiles/ec_shim.dir/shim/src/battery.c.gcno:no functions found
[/mnt/host/source/src/platform/ec/build/zephyr/craask-lcov] stderr:
[brox-sku4:ro] [82/385] Building C object zephyr/arch/arch/riscv/core/CMakeFiles/arch__riscv__core.dir/prep_c.c.obj
[voltorb:rw] [299/386] Building C object CMakeFiles/app.dir/mnt/host/source/src/platform/ec/build/zephyr/voltorb/modules/ec/common/usb_common.c.obj
[/mnt/host/source/src/platform/ec/build/zephyr/craask-lcov]   /mnt/host/source/src/platform/ec/build/zephyr/craask/build-rw/modules/ec/zephyr/CMakeFiles/ec_shim.dir/shim/src/charger.c.gcno:no functions found
[/mnt/host/source/src/platform/ec/build/zephyr/craask-lcov] stderr:
[voltorb:rw] [300/386] Building C object CMakeFiles/app.dir/mnt/host/source/src/platform/ec/build/zephyr/voltorb/modules/ec/common/usb_pd_pdo.c.obj
[trulo-ti:rw] [407/417] Building C object zephyr/kernel/CMakeFiles/kernel.dir/sched.c.obj
[trulo-ti:rw] [408/417] Building C object zephyr/kernel/CMakeFiles/kernel.dir/pipe.c.obj
[trulo-ti:rw] [409/417] Building C object zephyr/kernel/CMakeFiles/kernel.dir/spinlock_validate.c.obj
[brox-sku4:ro] [83/385] Building C object zephyr/arch/arch/riscv/core/CMakeFiles/arch__riscv__core.dir/irq_manage.c.obj
[trulo-ti:ro] [176/417] Building C object zephyr/CMakeFiles/zephyr.dir/subsys/pm/policy/policy_latency.c.obj
[trulo-ti:rw] [410/417] Building C object zephyr/kernel/CMakeFiles/kernel.dir/timeout.c.obj
[trulo-ti:rw] [411/417] Building C object zephyr/kernel/CMakeFiles/kernel.dir/thread_monitor.c.obj
[trulo-ti:ro] [177/417] Building C object zephyr/CMakeFiles/zephyr.dir/subsys/pm/policy/policy_state_lock.c.obj
[voltorb:rw] [301/386] Building C object CMakeFiles/app.dir/mnt/host/source/src/platform/ec/build/zephyr/voltorb/modules/ec/common/usbc/usbc_task.c.obj
[brox-sku4:ro] [84/385] Building C object zephyr/arch/arch/riscv/core/CMakeFiles/arch__riscv__core.dir/reboot.c.obj
[voltorb:rw] [302/386] Building C object CMakeFiles/app.dir/mnt/host/source/src/platform/ec/build/zephyr/voltorb/modules/ec/common/usbc/usb_pd_timer.c.obj
[trulo-ti:ro] [178/417] Building C object zephyr/CMakeFiles/zephyr.dir/subsys/pm/device.c.obj
[trulo-ti:rw] [412/417] Building C object zephyr/kernel/CMakeFiles/kernel.dir/timer.c.obj
[/mnt/host/source/src/platform/ec/build/zephyr/craask-lcov]   /mnt/host/source/src/platform/ec/build/zephyr/craask/build-rw/modules/ec/zephyr/CMakeFiles/ec_shim.dir/shim/src/usb_muxes.c.gcno:no functions found
[/mnt/host/source/src/platform/ec/build/zephyr/craask-lcov] stderr:
[voltorb:rw] [303/386] Building C object CMakeFiles/app.dir/mnt/host/source/src/platform/ec/build/zephyr/voltorb/modules/ec/common/usbc/usb_sm.c.obj
[trulo-ti:rw] [413/417] Building C object zephyr/kernel/CMakeFiles/kernel.dir/mempool.c.obj
[trulo-ti:rw] [414/417] Building C object zephyr/kernel/CMakeFiles/kernel.dir/poll.c.obj
[brox-sku4:ro] [85/385] Building ASM object zephyr/arch/arch/riscv/core/CMakeFiles/arch__riscv__core.dir/reset.S.obj
[trulo-ti:rw] [415/417] Building C object zephyr/kernel/CMakeFiles/kernel.dir/events.c.obj
[voltorb:rw] [304/386] Building C object CMakeFiles/app.dir/mnt/host/source/src/platform/ec/build/zephyr/voltorb/modules/ec/common/usbc_intr_task.c.obj
[trulo-ti:ro] [179/417] Building C object zephyr/CMakeFiles/zephyr.dir/subsys/pm/device_runtime.c.obj
[trulo-ti:rw] [416/417] Building C object zephyr/kernel/CMakeFiles/kernel.dir/dynamic_disabled.c.obj
[trulo-ti:rw] [417/417] Linking CXX static library zephyr/kernel/libkernel.a
[brox-sku4:ro] [86/385] Building ASM object zephyr/arch/arch/riscv/core/CMakeFiles/arch__riscv__core.dir/switch.S.obj
[brox-sku4:ro] [87/385] Generating ../../../include/generated/libc/minimal/strerror_table.h
[trulo-ti:ro] [180/417] Building C object zephyr/CMakeFiles/zephyr.dir/subsys/pm/device_system_managed.c.obj
[brox-sku4:ro] [88/385] Building C object zephyr/arch/arch/riscv/core/CMakeFiles/arch__riscv__core.dir/thread.c.obj
[voltorb:rw] [305/386] Building C object CMakeFiles/app.dir/mnt/host/source/src/platform/ec/build/zephyr/voltorb/modules/ec/common/usbc_utils.c.obj
[trulo-ti:ro] [181/417] Building C object zephyr/CMakeFiles/zephyr.dir/subsys/testsuite/coverage/coverage.c.obj
[voltorb:rw] [306/386] Building C object CMakeFiles/app.dir/mnt/host/source/src/platform/ec/build/zephyr/voltorb/modules/ec/common/usb_pd_flags.c.obj
[brox-sku4:ro] [89/385] Building C object zephyr/lib/libc/minimal/CMakeFiles/lib__libc__minimal.dir/source/stdlib/atoi.c.obj
[brox-sku4:ro] [90/385] Building C object zephyr/lib/libc/minimal/CMakeFiles/lib__libc__minimal.dir/source/stdlib/strtol.c.obj
[brox-sku4:ro] [91/385] Building C object zephyr/lib/libc/minimal/CMakeFiles/lib__libc__minimal.dir/source/stdlib/strtoul.c.obj
[brox-sku4:ro] [92/385] Building ASM object zephyr/arch/arch/riscv/core/CMakeFiles/arch__riscv__core.dir/isr.S.obj
[trulo-ti:ro] [182/417] Building C object zephyr/CMakeFiles/zephyr.dir/subsys/tracing/tracing_none.c.obj
[brox-sku4:ro] [93/385] Building C object zephyr/lib/libc/minimal/CMakeFiles/lib__libc__minimal.dir/source/stdlib/strtoll.c.obj
[brox-sku4:ro] [94/385] Building C object zephyr/arch/arch/riscv/core/CMakeFiles/arch__riscv__core.dir/stacktrace.c.obj
[trulo-ti:ro] [183/417] Building C object zephyr/CMakeFiles/zephyr.dir/subsys/shell/modules/kernel_service/kernel_shell.c.obj
[brox-sku4:ro] [95/385] Building C object zephyr/lib/libc/minimal/CMakeFiles/lib__libc__minimal.dir/source/stdlib/bsearch.c.obj
[brox-sku4:ro] [96/385] Building C object zephyr/lib/libc/minimal/CMakeFiles/lib__libc__minimal.dir/source/stdlib/strtoull.c.obj
[brox-sku4:ro] [97/385] Linking C static library zephyr/arch/arch/riscv/core/libarch__riscv__core.a
[voltorb:rw] [307/386] Building C object CMakeFiles/app.dir/mnt/host/source/src/platform/ec/build/zephyr/voltorb/modules/ec/common/chargen.c.obj
[voltorb:rw] [308/386] Building C object CMakeFiles/app.dir/mnt/host/source/src/platform/ec/build/zephyr/voltorb/modules/ec/driver/usb_mux/usb_mux.c.obj
[brox-sku4:ro] [98/385] Building C object zephyr/lib/libc/minimal/CMakeFiles/lib__libc__minimal.dir/source/string/strncasecmp.c.obj
[voltorb:rw] [309/386] Building C object CMakeFiles/app.dir/mnt/host/source/src/platform/ec/build/zephyr/voltorb/modules/ec/common/usbc/usb_pd_console.c.obj
[brox-sku4:ro] [99/385] Building C object zephyr/lib/libc/minimal/CMakeFiles/lib__libc__minimal.dir/source/string/strerror.c.obj
[/mnt/host/source/src/platform/ec/build/zephyr/craask-lcov]   /mnt/host/source/src/platform/ec/build/zephyr/craask/build-rw/modules/ec/zephyr/CMakeFiles/ec_shim.dir/shim/src/usba.c.gcno:no functions found
[/mnt/host/source/src/platform/ec/build/zephyr/craask-lcov] stderr:
[trulo-ti:ro] [184/417] Building C object zephyr/CMakeFiles/zephyr.dir/subsys/shell/modules/kernel_service/cycles.c.obj
[voltorb:rw] [310/386] Building C object CMakeFiles/app.dir/mnt/host/source/src/platform/ec/build/zephyr/voltorb/modules/ec/driver/usb_mux/ps8743.c.obj
[brox-sku4:ro] [100/385] Building C object zephyr/lib/libc/minimal/CMakeFiles/lib__libc__minimal.dir/source/stdlib/qsort.c.obj
[brox-sku4:ro] [101/385] Building C object zephyr/lib/libc/minimal/CMakeFiles/lib__libc__minimal.dir/source/string/strstr.c.obj
[trulo-ti:ro] [185/417] Building C object zephyr/CMakeFiles/zephyr.dir/subsys/shell/modules/kernel_service/uptime.c.obj
[brox-sku4:ro] [102/385] Building C object zephyr/lib/libc/minimal/CMakeFiles/lib__libc__minimal.dir/source/string/string.c.obj
[voltorb:rw] [311/386] Building C object CMakeFiles/app.dir/mnt/host/source/src/platform/ec/build/zephyr/voltorb/modules/ec/driver/usb_mux/virtual.c.obj
[trulo-ti:ro] [186/417] Building C object zephyr/CMakeFiles/zephyr.dir/subsys/shell/modules/kernel_service/sleep.c.obj
[brox-sku4:ro] [103/385] Building C object zephyr/lib/libc/minimal/CMakeFiles/lib__libc__minimal.dir/source/stdlib/exit.c.obj
[brox-sku4:ro] [104/385] Building C object zephyr/lib/libc/minimal/CMakeFiles/lib__libc__minimal.dir/source/string/strspn.c.obj
[voltorb:rw] [312/386] Building C object CMakeFiles/app.dir/mnt/host/source/src/platform/ec/build/zephyr/voltorb/modules/ec/common/dps.c.obj
[trulo-ti:ro] [187/417] Building C object zephyr/CMakeFiles/zephyr.dir/subsys/shell/modules/kernel_service/version.c.obj
[trulo-ti:ro] [188/417] Building C object zephyr/CMakeFiles/zephyr.dir/subsys/shell/modules/kernel_service/thread/thread.c.obj
[brox-sku4:ro] [105/385] Building C object zephyr/lib/libc/minimal/CMakeFiles/lib__libc__minimal.dir/source/math/sqrtf.c.obj
[voltorb:rw] [313/386] Building C object CMakeFiles/app.dir/mnt/host/source/src/platform/ec/build/zephyr/voltorb/modules/ec/common/event_log.c.obj
[brox-sku4:ro] [106/385] Building C object zephyr/lib/libc/minimal/CMakeFiles/lib__libc__minimal.dir/source/stdout/stdout_console.c.obj
[brox-sku4:ro] [107/385] Building C object zephyr/lib/libc/minimal/CMakeFiles/lib__libc__minimal.dir/source/math/sqrt.c.obj
[voltorb:rw] [314/386] Building C object CMakeFiles/app.dir/mnt/host/source/src/platform/ec/build/zephyr/voltorb/modules/ec/common/pd_log.c.obj
[brox-sku4:ro] [108/385] Building C object zephyr/lib/libc/minimal/CMakeFiles/lib__libc__minimal.dir/source/stdout/fprintf.c.obj
[brox-sku4:ro] [109/385] Building C object zephyr/lib/libc/minimal/CMakeFiles/lib__libc__minimal.dir/source/stdout/sprintf.c.obj
[trulo-ti:ro] [189/417] Building C object zephyr/CMakeFiles/zephyr.dir/subsys/shell/modules/kernel_service/thread/list.c.obj
[trulo-ti:ro] [190/417] Building C object zephyr/CMakeFiles/zephyr.dir/subsys/shell/modules/kernel_service/thread/stacks.c.obj
[voltorb:rw] [315/386] Building C object CMakeFiles/app.dir/mnt/host/source/src/platform/ec/build/zephyr/voltorb/modules/ec/common/usbc/usb_tc_drp_acc_trysrc_sm.c.obj
[voltorb:rw] [316/386] Building C object CMakeFiles/app.dir/mnt/host/source/src/platform/ec/build/zephyr/voltorb/modules/ec/common/usbc/usb_prl_sm.c.obj
[trulo-ti:ro] [191/417] Building C object zephyr/CMakeFiles/zephyr.dir/subsys/shell/modules/kernel_service/thread/suspend.c.obj
[brox-sku4:ro] [110/385] Building C object zephyr/lib/libc/common/CMakeFiles/lib__libc__common.dir/source/time/gmtime_r.c.obj
[brox-sku4:ro] [111/385] Building C object zephyr/lib/libc/common/CMakeFiles/lib__libc__common.dir/source/time/asctime.c.obj
[trulo-ti:ro] [192/417] Building C object zephyr/CMakeFiles/zephyr.dir/subsys/shell/modules/kernel_service/thread/resume.c.obj
[voltorb:rw] [317/386] Building C object CMakeFiles/app.dir/mnt/host/source/src/platform/ec/build/zephyr/voltorb/modules/ec/common/usbc/usb_pd_dpm.c.obj
[trulo-ti:ro] [193/417] Building C object zephyr/CMakeFiles/zephyr.dir/subsys/shell/modules/kernel_service/thread/kill.c.obj
[brox-sku4:ro] [112/385] Building C object zephyr/lib/libc/common/CMakeFiles/lib__libc__common.dir/source/time/localtime_r_utc.c.obj
[brox-sku4:ro] [113/385] Building C object zephyr/lib/libc/common/CMakeFiles/lib__libc__common.dir/source/stdlib/abort.c.obj
[brox-sku4:ro] [114/385] Building C object zephyr/lib/libc/minimal/CMakeFiles/lib__libc__minimal.dir/source/time/gmtime.c.obj
[brox-sku4:ro] [115/385] Building C object zephyr/lib/libc/common/CMakeFiles/lib__libc__common.dir/source/time/ctime.c.obj
[voltorb:rw] [318/386] Building C object CMakeFiles/app.dir/mnt/host/source/src/platform/ec/build/zephyr/voltorb/modules/ec/common/usbc/usbc_pd_policy.c.obj
[brox-sku4:ro] [116/385] Linking C static library zephyr/lib/libc/minimal/liblib__libc__minimal.a
[brox-sku4:ro] [117/385] Building C object zephyr/lib/libc/common/CMakeFiles/lib__libc__common.dir/source/string/strnlen.c.obj
[voltorb:rw] [319/386] Building C object CMakeFiles/app.dir/mnt/host/source/src/platform/ec/build/zephyr/voltorb/modules/ec/common/usbc/usb_pe_drp_sm.c.obj
[brox-sku4:ro] [118/385] Building C object zephyr/lib/libc/common/CMakeFiles/lib__libc__common.dir/source/time/time.c.obj
[brox-sku4:ro] [119/385] Building C object zephyr/lib/posix/c_lib_ext/CMakeFiles/lib__posix__c_lib_ext.dir/fnmatch.c.obj
[trulo-ti:ro] [194/417] Building C object zephyr/CMakeFiles/zephyr.dir/subsys/shell/backends/shell_uart.c.obj
[voltorb:rw] [320/386] Building C object CMakeFiles/app.dir/mnt/host/source/src/platform/ec/build/zephyr/voltorb/modules/ec/common/usbc/dp_alt_mode.c.obj
[voltorb:rw] [321/386] Building C object CMakeFiles/app.dir/mnt/host/source/src/platform/ec/build/zephyr/voltorb/modules/ec/common/usb_pd_console_cmd.c.obj
[trulo-ti:ro] [195/417] Building C object zephyr/CMakeFiles/zephyr.dir/subsys/shell/shell_fprintf.c.obj
[voltorb:rw] [322/386] Building C object CMakeFiles/app.dir/mnt/host/source/src/platform/ec/build/zephyr/voltorb/modules/ec/common/usb_pd_host_cmd.c.obj
[trulo-ti:ro] [196/417] Building C object zephyr/CMakeFiles/zephyr.dir/subsys/shell/shell.c.obj
[brox-sku4:ro] [120/385] Building C object zephyr/lib/libc/common/CMakeFiles/lib__libc__common.dir/source/stdlib/malloc.c.obj
[brox-sku4:ro] [121/385] Linking C static library zephyr/lib/libc/common/liblib__libc__common.a
[trulo-ti:ro] [197/417] Building C object zephyr/CMakeFiles/zephyr.dir/subsys/shell/shell_ops.c.obj
[brox-sku4:ro] [122/385] Building C object zephyr/lib/posix/c_lib_ext/CMakeFiles/lib__posix__c_lib_ext.dir/getentropy.c.obj
[brox-sku4:ro] [123/385] Building C object zephyr/lib/posix/c_lib_ext/CMakeFiles/lib__posix__c_lib_ext.dir/getopt_shim.c.obj
[voltorb:rw] [323/386] Building C object CMakeFiles/app.dir/mnt/host/source/src/platform/ec/build/zephyr/voltorb/modules/ec/common/usbc/usb_pd_host.c.obj
[brox-sku4:ro] [124/385] Linking C static library zephyr/lib/posix/c_lib_ext/liblib__posix__c_lib_ext.a
[trulo-ti:ro] [198/417] Building C object zephyr/CMakeFiles/zephyr.dir/subsys/shell/shell_utils.c.obj
[brox-sku4:ro] [125/385] Building C object zephyr/subsys/crc/CMakeFiles/subsys__crc.dir/crc4_sw.c.obj
[brox-sku4:ro] [126/385] Building C object zephyr/subsys/crc/CMakeFiles/subsys__crc.dir/crc8_sw.c.obj
[brox-sku4:ro] [127/385] Building C object zephyr/lib/smf/CMakeFiles/lib__smf.dir/smf.c.obj
[brox-sku4:ro] [128/385] Building C object zephyr/subsys/crc/CMakeFiles/subsys__crc.dir/crc16_sw.c.obj
[brox-sku4:ro] [129/385] Building C object zephyr/subsys/crc/CMakeFiles/subsys__crc.dir/crc7_sw.c.obj
[voltorb:rw] [324/386] Building C object CMakeFiles/app.dir/mnt/host/source/src/platform/ec/build/zephyr/voltorb/modules/ec/zephyr/shim/src/tcpc.c.obj
[brox-sku4:ro] [130/385] Linking C static library zephyr/lib/smf/liblib__smf.a
[brox-sku4:ro] [131/385] Building C object zephyr/subsys/crc/CMakeFiles/subsys__crc.dir/crc24_sw.c.obj
[trulo-ti:ro] [199/417] Building C object zephyr/CMakeFiles/zephyr.dir/subsys/shell/shell_history.c.obj
[brox-sku4:ro] [132/385] Building C object zephyr/subsys/crc/CMakeFiles/subsys__crc.dir/crc32_sw.c.obj
[voltorb:rw] [325/386] Building C object CMakeFiles/app.dir/mnt/host/source/src/platform/ec/build/zephyr/voltorb/modules/ec/common/usbc/svdm_rsp_dfp_only.c.obj
[voltorb:rw] [326/386] Building C object CMakeFiles/app.dir/mnt/host/source/src/platform/ec/build/zephyr/voltorb/modules/ec/common/usb_pd_host_cmd_common.c.obj
[brox-sku4:ro] [133/385] Building C object zephyr/subsys/crc/CMakeFiles/subsys__crc.dir/crc32c_sw.c.obj
[trulo-ti:ro] [200/417] Building C object zephyr/CMakeFiles/zephyr.dir/subsys/shell/shell_help.c.obj
[trulo-ti:ro] [201/417] Building C object zephyr/arch/common/CMakeFiles/arch__common.dir/sw_isr_common.c.obj
[voltorb:rw] [327/386] Building C object CMakeFiles/app.dir/mnt/host/source/src/platform/ec/build/zephyr/voltorb/modules/ec/common/usbc_ocp.c.obj
[brox-sku4:ro] [134/385] Building C object zephyr/subsys/crc/CMakeFiles/subsys__crc.dir/crc32k_4_2_sw.c.obj
[brox-sku4:ro] [135/385] Linking C static library zephyr/subsys/crc/libsubsys__crc.a
[trulo-ti:ro] [202/417] Building C object zephyr/arch/common/CMakeFiles/arch__common.dir/init.c.obj
[voltorb:rw] [328/386] Building C object CMakeFiles/app.dir/mnt/host/source/src/platform/ec/build/zephyr/voltorb/modules/ec/common/usb_pd_discovery.c.obj
[brox-sku4:ro] [136/385] Building C object zephyr/subsys/input/CMakeFiles/subsys__input.dir/input_hid.c.obj
[trulo-ti:ro] [203/417] Building C object zephyr/CMakeFiles/zephyr.dir/drivers/flash/flash_util.c.obj
[trulo-ti:ro] [204/417] Linking CXX static library zephyr/libzephyr.a
[/mnt/host/source/src/platform/ec/build/zephyr/craask-lcov]   /mnt/host/source/src/platform/ec/build/zephyr/craask/build-rw/modules/ec/zephyr/CMakeFiles/ec_shim.dir/shim/src/bc12.c.gcno:no functions found
[/mnt/host/source/src/platform/ec/build/zephyr/craask-lcov] stderr:
[brox-sku4:ro] [137/385] Building C object zephyr/subsys/input/CMakeFiles/subsys__input.dir/input.c.obj
[trulo-ti:ro] [205/417] Building ASM object zephyr/arch/arch/arm/core/CMakeFiles/arch__arm__core.dir/nmi_on_reset.S.obj
[voltorb:rw] [329/386] Building C object CMakeFiles/app.dir/mnt/host/source/src/platform/ec/build/zephyr/voltorb/modules/ec/common/usb_pd_dual_role.c.obj
[trulo-ti:ro] [206/417] Building C object zephyr/arch/common/CMakeFiles/isr_tables.dir/isr_tables.c.obj
[trulo-ti:ro] [207/417] Building C object zephyr/arch/arch/arm/core/CMakeFiles/arch__arm__core.dir/__aeabi_atexit.c.obj
[trulo-ti:ro] [208/417] Linking CXX static library zephyr/arch/common/libisr_tables.a
[trulo-ti:ro] [209/417] Building C object zephyr/arch/common/CMakeFiles/arch__common.dir/xip.c.obj
[brox-sku4:ro] [138/385] Building C object zephyr/subsys/input/CMakeFiles/subsys__input.dir/input_utils.c.obj
[voltorb:rw] [330/386] Building C object CMakeFiles/app.dir/mnt/host/source/src/platform/ec/build/zephyr/voltorb/modules/ec/common/usbc/dp_hpd_gpio.c.obj
[brox-sku4:ro] [139/385] Linking C static library zephyr/subsys/input/libsubsys__input.a
[trulo-ti:ro] [210/417] Linking CXX static library zephyr/arch/common/libarch__common.a
[brox-sku4:ro] [140/385] Building C object zephyr/drivers/interrupt_controller/CMakeFiles/drivers__interrupt_controller.dir/intc_ite_it8xxx2_v2.c.obj
[trulo-ti:ro] [211/417] Building C object zephyr/arch/arch/arm/core/CMakeFiles/arch__arm__core.dir/nmi.c.obj
[voltorb:rw] [331/386] Building C object CMakeFiles/app.dir/mnt/host/source/src/platform/ec/build/zephyr/voltorb/modules/ec/driver/tcpm/anx7447.c.obj
[trulo-ti:ro] [212/417] Building C object zephyr/arch/arch/arm/core/CMakeFiles/arch__arm__core.dir/fatal.c.obj
[brox-sku4:ro] [141/385] Building C object zephyr/drivers/interrupt_controller/CMakeFiles/drivers__interrupt_controller.dir/wuc_ite_it8xxx2.c.obj
[voltorb:rw] [332/386] Building C object CMakeFiles/app.dir/mnt/host/source/src/platform/ec/build/zephyr/voltorb/modules/ec/driver/tcpm/rt1718s.c.obj
[brox-sku4:ro] [142/385] Linking C static library zephyr/drivers/interrupt_controller/libdrivers__interrupt_controller.a
[trulo-ti:ro] [213/417] Building ASM object zephyr/arch/arch/arm/core/cortex_m/CMakeFiles/arch__arm__core__cortex_m.dir/fault_s.S.obj
[voltorb:rw] [333/386] Building C object CMakeFiles/app.dir/mnt/host/source/src/platform/ec/build/zephyr/voltorb/modules/ec/common/usbc_ppc.c.obj
[brox-sku4:ro] [143/385] Building C object zephyr/drivers/adc/CMakeFiles/drivers__adc.dir/adc_common.c.obj
[voltorb:rw] [334/386] Building C object CMakeFiles/app.dir/mnt/host/source/src/platform/ec/build/zephyr/voltorb/modules/ec/driver/tcpm/tcpci.c.obj
[trulo-ti:ro] [214/417] Building C object zephyr/arch/arch/arm/core/CMakeFiles/arch__arm__core.dir/tls.c.obj
[trulo-ti:ro] [215/417] Linking CXX static library zephyr/arch/arch/arm/core/libarch__arm__core.a
[voltorb:rw] [335/386] Building C object CMakeFiles/app.dir/mnt/host/source/src/platform/ec/build/zephyr/voltorb/modules/ec/driver/ppc/nx20p348x.c.obj
[trulo-ti:ro] [216/417] Building C object zephyr/arch/arch/arm/core/cortex_m/CMakeFiles/arch__arm__core__cortex_m.dir/exc_exit.c.obj
[brox-sku4:ro] [144/385] Building C object zephyr/drivers/bbram/CMakeFiles/drivers__bbram.dir/bbram_it8xxx2.c.obj
[brox-sku4:ro] [145/385] Building C object zephyr/drivers/adc/CMakeFiles/drivers__adc.dir/adc_ite_it8xxx2.c.obj
[voltorb:rw] [336/386] Building C object CMakeFiles/app.dir/mnt/host/source/src/platform/ec/build/zephyr/voltorb/modules/ec/common/vboot_hash.c.obj
[brox-sku4:ro] [146/385] Linking C static library zephyr/drivers/bbram/libdrivers__bbram.a
[brox-sku4:ro] [147/385] Linking C static library zephyr/drivers/adc/libdrivers__adc.a
[trulo-ti:ro] [217/417] Building C object zephyr/arch/arch/arm/core/cortex_m/CMakeFiles/arch__arm__core__cortex_m.dir/fpu.c.obj
[brox-sku4:ro] [148/385] Building C object zephyr/drivers/console/CMakeFiles/drivers__console.dir/uart_console.c.obj
[brox-sku4:ro] [149/385] Linking C static library zephyr/drivers/console/libdrivers__console.a
[trulo-ti:ro] [218/417] Building ASM object zephyr/arch/arch/arm/core/cortex_m/CMakeFiles/arch__arm__core__cortex_m.dir/reset.S.obj
[voltorb:rw] [337/386] Building C object CMakeFiles/app.dir/mnt/host/source/src/platform/ec/build/zephyr/voltorb/modules/ec/common/button.c.obj
[brox-sku4:ro] [150/385] Building C object zephyr/drivers/crypto/CMakeFiles/drivers__crypto.dir/crypto_it8xxx2_sha_v2.c.obj
[brox-sku4:ro] [151/385] Linking C static library zephyr/drivers/crypto/libdrivers__crypto.a
[voltorb:rw] [338/386] Building C object CMakeFiles/app.dir/mnt/host/source/src/platform/ec/build/zephyr/voltorb/modules/ec/common/math_util.c.obj
[trulo-ti:ro] [219/417] Building ASM object zephyr/arch/arch/arm/core/cortex_m/CMakeFiles/arch__arm__core__cortex_m.dir/vector_table.S.obj
[voltorb:rw] [339/386] Building C object CMakeFiles/app.dir/mnt/host/source/src/platform/ec/build/zephyr/voltorb/modules/ec/common/vstore.c.obj
[trulo-ti:ro] [220/417] Building C object zephyr/arch/arch/arm/core/cortex_m/CMakeFiles/arch__arm__core__cortex_m.dir/scb.c.obj
[voltorb:rw] [340/386] Building C object CMakeFiles/app.dir/mnt/host/source/src/platform/ec/build/zephyr/voltorb/modules/ec/common/vboot/efs2.c.obj
[brox-sku4:ro] [152/385] Building C object zephyr/drivers/flash/CMakeFiles/drivers__flash.dir/flash_ite_it8xxx2.c.obj
[trulo-ti:ro] [221/417] Building C object zephyr/arch/arch/arm/core/cortex_m/CMakeFiles/arch__arm__core__cortex_m.dir/fault.c.obj
[brox-sku4:ro] [153/385] Linking C static library zephyr/drivers/flash/libdrivers__flash.a
[trulo-ti:ro] [222/417] Building C object zephyr/arch/arch/arm/core/cortex_m/CMakeFiles/arch__arm__core__cortex_m.dir/thread_abort.c.obj
[voltorb:rw] [341/386] Building C object CMakeFiles/app.dir/src/hibernate.c.obj
[trulo-ti:ro] [223/417] Building ASM object zephyr/arch/arch/arm/core/cortex_m/CMakeFiles/arch__arm__core__cortex_m.dir/swap_helper.S.obj
[voltorb:rw] [342/386] Building C object CMakeFiles/app.dir/src/board.c.obj
[brox-sku4:ro] [154/385] Building C object zephyr/drivers/i2c/CMakeFiles/drivers__i2c.dir/i2c_common.c.obj
[trulo-ti:ro] [224/417] Building C object zephyr/arch/arch/arm/core/cortex_m/CMakeFiles/arch__arm__core__cortex_m.dir/irq_manage.c.obj
[brox-sku4:ro] [155/385] Building C object zephyr/drivers/espi/CMakeFiles/drivers__espi.dir/espi_it8xxx2.c.obj
[brox-sku4:ro] [156/385] Linking C static library zephyr/drivers/espi/libdrivers__espi.a
[voltorb:rw] [343/386] Building C object CMakeFiles/app.dir/src/usbc.c.obj
[trulo-ti:ro] [225/417] Building C object zephyr/arch/arch/arm/core/cortex_m/CMakeFiles/arch__arm__core__cortex_m.dir/prep_c.c.obj
[voltorb:rw] [344/386] Building C object CMakeFiles/app.dir/src/board_chipset.c.obj
[voltorb:rw] [345/386] Building C object CMakeFiles/app.dir/src/usb_pd_policy.c.obj
[voltorb:rw] [346/386] Building C object CMakeFiles/app.dir/src/variant_db_detection.c.obj
[brox-sku4:ro] [157/385] Building C object zephyr/drivers/i2c/CMakeFiles/drivers__i2c.dir/i2c_bitbang.c.obj
[trulo-ti:ro] [226/417] Building C object zephyr/arch/arch/arm/core/cortex_m/CMakeFiles/arch__arm__core__cortex_m.dir/cpu_idle.c.obj
[trulo-ti:ro] [227/417] Building C object zephyr/arch/arch/arm/core/cortex_m/CMakeFiles/arch__arm__core__cortex_m.dir/irq_init.c.obj
[trulo-ti:ro] [228/417] Building ASM object zephyr/arch/arch/arm/core/cortex_m/CMakeFiles/arch__arm__core__cortex_m.dir/__aeabi_read_tp.S.obj
[trulo-ti:ro] [229/417] Building C object zephyr/arch/arch/arm/core/cortex_m/CMakeFiles/arch__arm__core__cortex_m.dir/thread.c.obj
[voltorb:rw] [347/386] Linking C static library modules/ec/zephyr/libec_shim.a
[brox-sku4:ro] [158/385] Building C object zephyr/drivers/gpio/CMakeFiles/drivers__gpio.dir/gpio_ite_it8xxx2_v2.c.obj
[voltorb:rw] [348/386] Building C object CMakeFiles/app.dir/src/npcx_i2c.c.obj
[brox-sku4:ro] [159/385] Linking C static library zephyr/drivers/gpio/libdrivers__gpio.a
[brox-sku4:ro] [160/385] Building C object zephyr/drivers/i2c/CMakeFiles/drivers__i2c.dir/i2c_shell.c.obj
[voltorb:rw] [349/386] Building C object CMakeFiles/app.dir/src/npcx_usb_pd_policy.c.obj
[trulo-ti:ro] [230/417] Building C object zephyr/arch/arch/arm/core/cortex_m/CMakeFiles/arch__arm__core__cortex_m.dir/isr_wrapper.c.obj
[trulo-ti:ro] [231/417] Linking CXX static library zephyr/arch/arch/arm/core/cortex_m/libarch__arm__core__cortex_m.a
[voltorb:rw] [350/386] Building C object CMakeFiles/app.dir/src/npcx_usbc.c.obj
[brox-sku4:ro] [161/385] Building C object zephyr/drivers/i2c/CMakeFiles/drivers__i2c.dir/i2c_ite_enhance.c.obj
[voltorb:rw] [351/386] Building C object zephyr/kernel/CMakeFiles/kernel.dir/main_weak.c.obj
[brox-sku4:ro] [162/385] Building C object zephyr/drivers/input/CMakeFiles/drivers__input.dir/input_ite_it8xxx2_kbd.c.obj
[trulo-ti:ro] [232/417] Building C object zephyr/arch/arch/arm/core/mpu/CMakeFiles/arch__arm__core__mpu.dir/arm_core_mpu.c.obj
[voltorb:rw] [352/386] Building C object CMakeFiles/app.dir/voltorb/src/board.c.obj
[trulo-ti:ro] [233/417] Building C object zephyr/arch/arch/arm/core/mpu/CMakeFiles/arch__arm__core__mpu.dir/arm_mpu_regions.c.obj
[brox-sku4:ro] [163/385] Linking C static library zephyr/drivers/i2c/libdrivers__i2c.a
[voltorb:rw] [353/386] Building C object zephyr/kernel/CMakeFiles/kernel.dir/banner.c.obj
[voltorb:rw] [354/386] Building C object CMakeFiles/app.dir/voltorb/src/usbc.c.obj
[brox-sku4:ro] [164/385] Building C object zephyr/drivers/pinctrl/CMakeFiles/drivers__pinctrl.dir/common.c.obj
[trulo-ti:ro] [234/417] Building C object zephyr/lib/libc/picolibc/CMakeFiles/lib__libc__picolibc.dir/assert.c.obj
[brox-sku4:ro] [165/385] Building C object zephyr/drivers/input/CMakeFiles/drivers__input.dir/input_kbd_matrix.c.obj
[voltorb:rw] [355/386] Linking C static library app/libapp.a
[brox-sku4:ro] [166/385] Linking C static library zephyr/drivers/input/libdrivers__input.a
[voltorb:rw] [356/386] Building C object zephyr/kernel/CMakeFiles/kernel.dir/busy_wait.c.obj
[trulo-ti:ro] [235/417] Building C object zephyr/arch/arch/arm/core/mpu/CMakeFiles/arch__arm__core__mpu.dir/arm_mpu.c.obj
[brox-sku4:ro] [167/385] Building C object zephyr/drivers/sensor/CMakeFiles/drivers__sensor.dir/mnt/host/source/src/third_party/zephyr/main/misc/empty_file.c.obj
[trulo-ti:ro] [236/417] Linking CXX static library zephyr/arch/arch/arm/core/mpu/libarch__arm__core__mpu.a
[brox-sku4:ro] [168/385] Linking C static library zephyr/drivers/sensor/libdrivers__sensor.a
[voltorb:rw] [357/386] Building C object zephyr/kernel/CMakeFiles/kernel.dir/device.c.obj
[voltorb:rw] [358/386] Building C object zephyr/kernel/CMakeFiles/kernel.dir/fatal.c.obj
[brox-sku4:ro] [169/385] Building C object zephyr/drivers/pwm/CMakeFiles/drivers__pwm.dir/pwm_shell.c.obj
[trulo-ti:ro] [237/417] Building C object zephyr/lib/libc/picolibc/CMakeFiles/lib__libc__picolibc.dir/cbprintf.c.obj
[voltorb:rw] [359/386] Building C object zephyr/kernel/CMakeFiles/kernel.dir/errno.c.obj
[trulo-ti:ro] [238/417] Building C object zephyr/lib/libc/picolibc/CMakeFiles/lib__libc__picolibc.dir/chk_fail.c.obj
[voltorb:rw] [360/386] Building C object zephyr/kernel/CMakeFiles/kernel.dir/init.c.obj
[brox-sku4:ro] [170/385] Building C object zephyr/drivers/pinctrl/CMakeFiles/drivers__pinctrl.dir/pinctrl_ite_it8xxx2.c.obj
[trulo-ti:ro] [239/417] Building C object zephyr/lib/libc/picolibc/CMakeFiles/lib__libc__picolibc.dir/errno_wrap.c.obj
[brox-sku4:ro] [171/385] Linking C static library zephyr/drivers/pinctrl/libdrivers__pinctrl.a
[brox-sku4:ro] [172/385] Building C object zephyr/drivers/pwm/CMakeFiles/drivers__pwm.dir/pwm_ite_it8xxx2.c.obj
[voltorb:rw] [361/386] Building C object zephyr/kernel/CMakeFiles/kernel.dir/version.c.obj
[brox-sku4:ro] [173/385] Linking C static library zephyr/drivers/pwm/libdrivers__pwm.a
[voltorb:rw] [362/386] Building C object zephyr/kernel/CMakeFiles/kernel.dir/mem_slab.c.obj
[voltorb:rw] [363/386] Building C object zephyr/kernel/CMakeFiles/kernel.dir/kheap.c.obj
[brox-sku4:ro] [174/385] Building C object zephyr/drivers/sensor/ite/ite_tach_it8xxx2/CMakeFiles/drivers__sensor__ite__ite_tach_it8xxx2.dir/tach_ite_it8xxx2.c.obj
[trulo-ti:ro] [240/417] Building C object zephyr/lib/libc/picolibc/CMakeFiles/lib__libc__picolibc.dir/exit.c.obj
[brox-sku4:ro] [175/385] Linking C static library zephyr/drivers/sensor/ite/ite_tach_it8xxx2/libdrivers__sensor__ite__ite_tach_it8xxx2.a
[trulo-ti:ro] [241/417] Building C object zephyr/lib/libc/common/CMakeFiles/lib__libc__common.dir/source/time/time.c.obj
[voltorb:rw] [364/386] Building C object zephyr/kernel/CMakeFiles/kernel.dir/float.c.obj
[trulo-ti:ro] [242/417] Building C object zephyr/lib/libc/picolibc/CMakeFiles/lib__libc__picolibc.dir/locks.c.obj
[trulo-ti:ro] [243/417] Building C object zephyr/lib/posix/c_lib_ext/CMakeFiles/lib__posix__c_lib_ext.dir/fnmatch.c.obj
[voltorb:rw] [365/386] Building C object zephyr/kernel/CMakeFiles/kernel.dir/mailbox.c.obj
[brox-sku4:ro] [176/385] Building C object zephyr/drivers/sensor/ite/ite_vcmp_it8xxx2/CMakeFiles/drivers__sensor__ite__ite_vcmp_it8xxx2.dir/vcmp_ite_it8xxx2.c.obj
[brox-sku4:ro] [177/385] Building C object zephyr/drivers/serial/CMakeFiles/drivers__serial.dir/uart_ite_it8xxx2.c.obj
[trulo-ti:ro] [244/417] Building C object zephyr/lib/libc/common/CMakeFiles/lib__libc__common.dir/source/stdlib/abort.c.obj
[brox-sku4:ro] [178/385] Linking C static library zephyr/drivers/sensor/ite/ite_vcmp_it8xxx2/libdrivers__sensor__ite__ite_vcmp_it8xxx2.a
[voltorb:rw] [366/386] Building C object zephyr/kernel/CMakeFiles/kernel.dir/msg_q.c.obj
[trulo-ti:ro] [245/417] Building C object zephyr/lib/libc/picolibc/CMakeFiles/lib__libc__picolibc.dir/stdio.c.obj
[trulo-ti:ro] [246/417] Linking CXX static library zephyr/lib/libc/common/liblib__libc__common.a
[voltorb:rw] [367/386] Building C object zephyr/kernel/CMakeFiles/kernel.dir/idle.c.obj
[brox-sku4:ro] [179/385] Building C object zephyr/drivers/serial/CMakeFiles/drivers__serial.dir/uart_ns16550.c.obj
[trulo-ti:ro] [247/417] Linking CXX static library zephyr/lib/libc/picolibc/liblib__libc__picolibc.a
[brox-sku4:ro] [180/385] Linking C static library zephyr/drivers/serial/libdrivers__serial.a
[voltorb:rw] [368/386] Building C object zephyr/kernel/CMakeFiles/kernel.dir/queue.c.obj
[brox-sku4:ro] [181/385] Building C object zephyr/drivers/timer/CMakeFiles/drivers__timer.dir/sys_clock_init.c.obj
[trulo-ti:ro] [248/417] Building C object zephyr/subsys/crc/CMakeFiles/subsys__crc.dir/crc4_sw.c.obj
[voltorb:rw] [369/386] Building C object zephyr/kernel/CMakeFiles/kernel.dir/mutex.c.obj
[trulo-ti:ro] [249/417] Building C object zephyr/subsys/crc/CMakeFiles/subsys__crc.dir/crc8_sw.c.obj
[trulo-ti:ro] [250/417] Building C object zephyr/subsys/crc/CMakeFiles/subsys__crc.dir/crc16_sw.c.obj
[voltorb:rw] [370/386] Building C object zephyr/kernel/CMakeFiles/kernel.dir/sem.c.obj
[trulo-ti:ro] [251/417] Building C object zephyr/lib/posix/c_lib_ext/CMakeFiles/lib__posix__c_lib_ext.dir/getentropy.c.obj
[trulo-ti:ro] [252/417] Building C object zephyr/subsys/crc/CMakeFiles/subsys__crc.dir/crc7_sw.c.obj
[trulo-ti:ro] [253/417] Building C object zephyr/lib/posix/c_lib_ext/CMakeFiles/lib__posix__c_lib_ext.dir/getopt_shim.c.obj
[voltorb:rw] [371/386] Building C object zephyr/kernel/CMakeFiles/kernel.dir/stack.c.obj
[trulo-ti:ro] [254/417] Building C object zephyr/lib/smf/CMakeFiles/lib__smf.dir/smf.c.obj
[trulo-ti:ro] [255/417] Linking CXX static library zephyr/lib/smf/liblib__smf.a
[trulo-ti:ro] [256/417] Building C object zephyr/subsys/crc/CMakeFiles/subsys__crc.dir/crc24_sw.c.obj
[trulo-ti:ro] [257/417] Linking CXX static library zephyr/lib/posix/c_lib_ext/liblib__posix__c_lib_ext.a
[trulo-ti:ro] [258/417] Building C object zephyr/subsys/crc/CMakeFiles/subsys__crc.dir/crc32c_sw.c.obj
[trulo-ti:ro] [259/417] Building C object zephyr/subsys/crc/CMakeFiles/subsys__crc.dir/crc32_sw.c.obj
[brox-sku4:ro] [182/385] Building C object zephyr/drivers/timer/CMakeFiles/drivers__timer.dir/ite_it8xxx2_timer.c.obj
[brox-sku4:ro] [183/385] Building C object zephyr/drivers/watchdog/CMakeFiles/drivers__watchdog.dir/wdt_ite_it8xxx2.c.obj
[trulo-ti:ro] [260/417] Building C object zephyr/subsys/crc/CMakeFiles/subsys__crc.dir/crc32k_4_2_sw.c.obj
[voltorb:rw] [372/386] Building C object zephyr/kernel/CMakeFiles/kernel.dir/system_work_q.c.obj
[brox-sku4:ro] [184/385] Linking C static library zephyr/drivers/timer/libdrivers__timer.a
[trulo-ti:ro] [261/417] Linking CXX static library zephyr/subsys/crc/libsubsys__crc.a
[brox-sku4:ro] [185/385] Building C object zephyr/drivers/watchdog/CMakeFiles/drivers__watchdog.dir/wdt_shell.c.obj
[voltorb:rw] [373/386] Building C object zephyr/kernel/CMakeFiles/kernel.dir/condvar.c.obj
[brox-sku4:ro] [186/385] Linking C static library zephyr/drivers/watchdog/libdrivers__watchdog.a
[voltorb:rw] [374/386] Building C object zephyr/kernel/CMakeFiles/kernel.dir/work.c.obj
[trulo-ti:ro] [262/417] Building C object zephyr/subsys/input/CMakeFiles/subsys__input.dir/input_hid.c.obj
[voltorb:rw] [375/386] Building C object zephyr/kernel/CMakeFiles/kernel.dir/thread.c.obj
[brox-sku4:ro] [187/385] Building C object modules/ec/zephyr/CMakeFiles/ec_shim.dir/app/ec/ec_app_main.c.obj
[voltorb:rw] [376/386] Building C object zephyr/kernel/CMakeFiles/kernel.dir/pipe.c.obj
[trulo-ti:ro] [263/417] Building C object zephyr/subsys/input/CMakeFiles/subsys__input.dir/input.c.obj
[voltorb:rw] [377/386] Building C object zephyr/kernel/CMakeFiles/kernel.dir/sched.c.obj
[brox-sku4:ro] [188/385] Building C object modules/ec/zephyr/CMakeFiles/ec_shim.dir/app/ec/main_shim.c.obj
[voltorb:rw] [378/386] Building C object zephyr/kernel/CMakeFiles/kernel.dir/spinlock_validate.c.obj
[voltorb:rw] [379/386] Building C object zephyr/kernel/CMakeFiles/kernel.dir/thread_monitor.c.obj
[brox-sku4:ro] [189/385] Building C object modules/ec/zephyr/CMakeFiles/ec_shim.dir/app/ec/chip/riscv/riscv-ite/it8xxx2-espi.c.obj
[trulo-ti:ro] [264/417] Building C object zephyr/drivers/interrupt_controller/CMakeFiles/drivers__interrupt_controller.dir/intc_miwu.c.obj
[trulo-ti:ro] [265/417] Building C object zephyr/drivers/adc/CMakeFiles/drivers__adc.dir/adc_common.c.obj
[voltorb:rw] [380/386] Building C object zephyr/kernel/CMakeFiles/kernel.dir/timeout.c.obj
[trulo-ti:ro] [266/417] Building C object zephyr/subsys/input/CMakeFiles/subsys__input.dir/input_utils.c.obj
[trulo-ti:ro] [267/417] Linking CXX static library zephyr/drivers/interrupt_controller/libdrivers__interrupt_controller.a
[trulo-ti:ro] [268/417] Linking CXX static library zephyr/subsys/input/libsubsys__input.a
[brox-sku4:ro] [190/385] Building C object modules/ec/zephyr/CMakeFiles/ec_shim.dir/drivers/cros_flash/cros_flash_it8xxx2.c.obj
[voltorb:rw] [381/386] Building C object zephyr/kernel/CMakeFiles/kernel.dir/timer.c.obj
[brox-sku4:ro] [191/385] Building C object modules/ec/zephyr/CMakeFiles/ec_shim.dir/drivers/keyboard_input/keyboard_customization_check.c.obj
[voltorb:rw] [382/386] Building C object zephyr/kernel/CMakeFiles/kernel.dir/poll.c.obj
[brox-sku4:ro] [192/385] Building C object modules/ec/zephyr/CMakeFiles/ec_shim.dir/drivers/cros_kblight/pwm_kblight.c.obj
[voltorb:rw] [383/386] Building C object zephyr/kernel/CMakeFiles/kernel.dir/events.c.obj
[voltorb:rw] [384/386] Building C object zephyr/kernel/CMakeFiles/kernel.dir/mempool.c.obj
[voltorb:rw] [385/386] Building C object zephyr/kernel/CMakeFiles/kernel.dir/dynamic_disabled.c.obj
[trulo-ti:ro] [269/417] Building C object zephyr/drivers/bbram/CMakeFiles/drivers__bbram.dir/bbram_npcx.c.obj
[trulo-ti:ro] [270/417] Linking CXX static library zephyr/drivers/bbram/libdrivers__bbram.a
[voltorb:rw] [386/386] Linking C static library zephyr/kernel/libkernel.a
[trulo-ti:ro] [271/417] Building C object zephyr/drivers/adc/CMakeFiles/drivers__adc.dir/adc_npcx.c.obj
[trulo-ti:ro] [272/417] Building C object zephyr/drivers/console/CMakeFiles/drivers__console.dir/uart_console.c.obj
[trulo-ti:ro] [273/417] Linking CXX static library zephyr/drivers/adc/libdrivers__adc.a
[brox-sku4:ro] [193/385] Building C object modules/ec/zephyr/CMakeFiles/ec_shim.dir/drivers/cros_system/cros_system_it8xxx2.c.obj
[brox-sku4:ro] [194/385] Building C object modules/ec/zephyr/CMakeFiles/ec_shim.dir/drivers/usbc/ucsi_v3.c.obj
[trulo-ti:ro] [274/417] Linking CXX static library zephyr/drivers/console/libdrivers__console.a
[trulo-ti:ro] [275/417] Building C object zephyr/drivers/clock_control/CMakeFiles/drivers__clock_control.dir/clock_control_npcx.c.obj
[brox-sku4:ro] [195/385] Building C object modules/ec/zephyr/CMakeFiles/ec_shim.dir/drivers/keyboard_input/keyboard_input.c.obj
[brox-sku4:ro] [196/385] Building C object modules/ec/zephyr/CMakeFiles/ec_shim.dir/drivers/keyboard_input/col_gpio_drive.c.obj
[trulo-ti:ro] [276/417] Linking CXX static library zephyr/drivers/clock_control/libdrivers__clock_control.a
[trulo-ti:ro] [277/417] Building C object zephyr/drivers/crypto/CMakeFiles/drivers__crypto.dir/crypto_npcx_sha.c.obj
[brox-sku4:ro] [197/385] Building C object modules/ec/zephyr/CMakeFiles/ec_shim.dir/drivers/keyboard_factory_test/keyboard_factory_test.c.obj
[trulo-ti:ro] [278/417] Linking CXX static library zephyr/drivers/crypto/libdrivers__crypto.a
[trulo-ti:ro] [279/417] Building C object zephyr/drivers/eeprom/CMakeFiles/drivers__eeprom.dir/eeprom_at2x.c.obj
[trulo-ti:ro] [280/417] Building C object zephyr/drivers/eeprom/CMakeFiles/drivers__eeprom.dir/eeprom_shell.c.obj
[trulo-ti:ro] [281/417] Building C object zephyr/drivers/flash/CMakeFiles/drivers__flash.dir/jesd216.c.obj
[trulo-ti:ro] [282/417] Linking CXX static library zephyr/drivers/eeprom/libdrivers__eeprom.a
[trulo-ti:ro] [283/417] Building C object zephyr/drivers/flash/CMakeFiles/drivers__flash.dir/flash_npcx_fiu_nor.c.obj
[trulo-ti:ro] [284/417] Building C object zephyr/drivers/espi/CMakeFiles/drivers__espi.dir/host_subs_npcx.c.obj
[brox-sku4:ro] [198/385] Building C object modules/ec/zephyr/CMakeFiles/ec_shim.dir/drivers/runtime_keys/runtime_keys.c.obj
[brox-sku4:ro] [199/385] Building C object modules/ec/zephyr/CMakeFiles/ec_shim.dir/drivers/usbc/tps6699x_cmd.c.obj
[brox-sku4:ro] [200/385] Building C object modules/ec/zephyr/CMakeFiles/ec_shim.dir/drivers/boot_keys/boot_keys.c.obj
[trulo-ti:ro] [285/417] Building C object zephyr/drivers/flash/CMakeFiles/drivers__flash.dir/flash_npcx_fiu_qspi.c.obj
[trulo-ti:ro] [286/417] Linking CXX static library zephyr/drivers/flash/libdrivers__flash.a
[trulo-ti:ro] [287/417] Building C object zephyr/drivers/espi/CMakeFiles/drivers__espi.dir/espi_npcx.c.obj
[trulo-ti:ro] [288/417] Building C object zephyr/drivers/i2c/CMakeFiles/drivers__i2c.dir/i2c_common.c.obj
[trulo-ti:ro] [289/417] Linking CXX static library zephyr/drivers/espi/libdrivers__espi.a
[brox-sku4:ro] [201/385] Building C object modules/ec/zephyr/CMakeFiles/ec_shim.dir/drivers/usbc/tps6699x_fwup.c.obj
[brox-sku4:ro] [202/385] Building C object modules/ec/zephyr/CMakeFiles/ec_shim.dir/drivers/vivaldi_kbd/vivaldi_kbd.c.obj
[trulo-ti:ro] [290/417] Building C object zephyr/drivers/gpio/CMakeFiles/drivers__gpio.dir/gpio_npcx.c.obj
[brox-sku4:ro] [203/385] Building C object modules/ec/zephyr/CMakeFiles/ec_shim.dir/drivers/usbc/pdc_tps6699x.c.obj
[trulo-ti:ro] [291/417] Linking CXX static library zephyr/drivers/gpio/libdrivers__gpio.a
[trulo-ti:ro] [292/417] Building C object zephyr/drivers/i2c/CMakeFiles/drivers__i2c.dir/i2c_npcx_controller_fifo.c.obj
[trulo-ti:ro] [293/417] Building C object zephyr/drivers/pinctrl/CMakeFiles/drivers__pinctrl.dir/common.c.obj
[brox-sku4:ro] [204/385] Building C object modules/ec/zephyr/CMakeFiles/ec_shim.dir/shim/chip/it8xxx2/clock.c.obj
[trulo-ti:ro] [294/417] Building C object zephyr/drivers/i2c/CMakeFiles/drivers__i2c.dir/i2c_shell.c.obj
[trulo-ti:ro] [295/417] Linking CXX static library zephyr/drivers/sensor/libdrivers__sensor.a
[trulo-ti:ro] [296/417] Building C object zephyr/drivers/pinctrl/CMakeFiles/drivers__pinctrl.dir/pinctrl_npcx.c.obj
[brox-sku4:ro] [205/385] Building C object modules/ec/zephyr/CMakeFiles/ec_shim.dir/drivers/prochot_vcmp/prochot_vcmp.c.obj
[brox-sku4:ro] [206/385] Building C object modules/ec/zephyr/CMakeFiles/ec_shim.dir/shim/src/crc.c.obj
[trulo-ti:ro] [297/417] Linking CXX static library zephyr/drivers/pinctrl/libdrivers__pinctrl.a
[trulo-ti:ro] [298/417] Building C object zephyr/drivers/input/CMakeFiles/drivers__input.dir/input_kbd_matrix.c.obj
[brox-sku4:ro] [207/385] Building C object modules/ec/zephyr/CMakeFiles/ec_shim.dir/shim/chip/it8xxx2/system.c.obj
[trulo-ti:ro] [299/417] Building C object zephyr/drivers/i2c/CMakeFiles/drivers__i2c.dir/i2c_npcx_port.c.obj
[brox-sku4:ro] [208/385] Building C object modules/ec/zephyr/CMakeFiles/ec_shim.dir/shim/chip/it8xxx2/power_policy.c.obj
[trulo-ti:ro] [300/417] Building C object zephyr/drivers/input/CMakeFiles/drivers__input.dir/input_npcx_kbd.c.obj
[trulo-ti:ro] [301/417] Building C object zephyr/drivers/i2c/CMakeFiles/drivers__i2c.dir/i2c_npcx_controller.c.obj
[brox-sku4:ro] [209/385] Building C object modules/ec/zephyr/CMakeFiles/ec_shim.dir/shim/chip/it8xxx2/gpio.c.obj
[trulo-ti:ro] [302/417] Linking CXX static library zephyr/drivers/input/libdrivers__input.a
[brox-sku4:ro] [210/385] Building C object modules/ec/zephyr/CMakeFiles/ec_shim.dir/shim/src/console.c.obj
[trulo-ti:ro] [303/417] Linking CXX static library zephyr/drivers/i2c/libdrivers__i2c.a
[trulo-ti:ro] [304/417] Building C object zephyr/drivers/pwm/CMakeFiles/drivers__pwm.dir/pwm_shell.c.obj
[trulo-ti:ro] [305/417] Building C object zephyr/drivers/pwm/CMakeFiles/drivers__pwm.dir/pwm_npcx.c.obj
[trulo-ti:ro] [306/417] Linking CXX static library zephyr/drivers/pwm/libdrivers__pwm.a
[brox-sku4:ro] [211/385] Building C object modules/ec/zephyr/CMakeFiles/ec_shim.dir/shim/src/panic_utils.c.obj
[trulo-ti:ro] [307/417] Building C object zephyr/drivers/syscon/CMakeFiles/drivers__syscon.dir/syscon.c.obj
[brox-sku4:ro] [212/385] Building C object modules/ec/zephyr/CMakeFiles/ec_shim.dir/shim/src/gpio.c.obj
[trulo-ti:ro] [308/417] Linking CXX static library zephyr/drivers/syscon/libdrivers__syscon.a
[trulo-ti:ro] [309/417] Building C object zephyr/drivers/sensor/nuvoton/nuvoton_adc_cmp_npcx/CMakeFiles/drivers__sensor__nuvoton__nuvoton_adc_cmp_npcx.dir/adc_cmp_npcx.c.obj
[brox-sku4:ro] [213/385] Building C object modules/ec/zephyr/CMakeFiles/ec_shim.dir/shim/src/gpio_int.c.obj
[trulo-ti:ro] [310/417] Building C object zephyr/drivers/timer/CMakeFiles/drivers__timer.dir/sys_clock_init.c.obj
[trulo-ti:ro] [311/417] Linking CXX static library zephyr/drivers/sensor/nuvoton/nuvoton_adc_cmp_npcx/libdrivers__sensor__nuvoton__nuvoton_adc_cmp_npcx.a
[brox-sku4:ro] [214/385] Building C object modules/ec/zephyr/CMakeFiles/ec_shim.dir/shim/src/pm_state.c.obj
[trulo-ti:ro] [312/417] Building C object zephyr/drivers/sensor/nuvoton/nuvoton_tach_npcx/CMakeFiles/drivers__sensor__nuvoton__nuvoton_tach_npcx.dir/tach_nuvoton_npcx.c.obj
[trulo-ti:ro] [313/417] Linking CXX static library zephyr/drivers/sensor/nuvoton/nuvoton_tach_npcx/libdrivers__sensor__nuvoton__nuvoton_tach_npcx.a
[brox-sku4:ro] [215/385] Building C object modules/ec/zephyr/CMakeFiles/ec_shim.dir/shim/src/cbi/cros_cbi.c.obj
[brox-sku4:ro] [216/385] Building C object modules/ec/zephyr/CMakeFiles/ec_shim.dir/shim/src/cbi/cbi_flash.c.obj
[trulo-ti:ro] [314/417] Building C object zephyr/drivers/serial/CMakeFiles/drivers__serial.dir/uart_npcx.c.obj
[trulo-ti:ro] [315/417] Linking CXX static library zephyr/drivers/serial/libdrivers__serial.a
[trulo-ti:ro] [316/417] Building C object zephyr/drivers/timer/CMakeFiles/drivers__timer.dir/npcx_itim_timer.c.obj
[trulo-ti:ro] [317/417] Building C object zephyr/drivers/watchdog/CMakeFiles/drivers__watchdog.dir/wdt_npcx.c.obj
[trulo-ti:ro] [318/417] Linking CXX static library zephyr/drivers/timer/libdrivers__timer.a
[trulo-ti:ro] [319/417] Building C object zephyr/drivers/watchdog/CMakeFiles/drivers__watchdog.dir/wdt_shell.c.obj
[trulo-ti:ro] [320/417] Building C object modules/ec/zephyr/CMakeFiles/ec_shim.dir/drivers/keyboard_input/keyboard_customization_check.c.obj
[trulo-ti:ro] [321/417] Linking CXX static library zephyr/drivers/watchdog/libdrivers__watchdog.a
[brox-sku4:ro] [217/385] Building C object modules/ec/zephyr/CMakeFiles/ec_shim.dir/shim/src/led_driver/led_pwm.c.obj
[brox-sku4:ro] [218/385] Building C object modules/ec/zephyr/CMakeFiles/ec_shim.dir/shim/src/led_driver/led.c.obj
[brox-sku4:ro] [219/385] Building C object modules/ec/zephyr/CMakeFiles/ec_shim.dir/shim/src/adc.c.obj
[trulo-ti:ro] [322/417] Building C object modules/ec/zephyr/CMakeFiles/ec_shim.dir/app/ec/main_shim.c.obj
[brox-sku4:ro] [220/385] Building C object modules/ec/zephyr/CMakeFiles/ec_shim.dir/shim/src/battery.c.obj
[trulo-ti:ro] [323/417] Building C object modules/ec/zephyr/CMakeFiles/ec_shim.dir/app/ec/ec_app_main.c.obj
[brox-sku4:ro] [221/385] Building C object modules/ec/zephyr/CMakeFiles/ec_shim.dir/shim/src/system.c.obj
[trulo-ti:ro] [324/417] Building C object modules/ec/zephyr/CMakeFiles/ec_shim.dir/mnt/host/source/src/platform/ec/build/zephyr/trulo-ti/modules/ec/common/lid_angle_keyboard_policy.c.obj
[brox-sku4:ro] [222/385] Building C object modules/ec/zephyr/CMakeFiles/ec_shim.dir/shim/src/pdc_shim.c.obj
[trulo-ti:ro] [325/417] Building C object modules/ec/zephyr/CMakeFiles/ec_shim.dir/drivers/cros_flash/cros_flash_npcx.c.obj
[trulo-ti:ro] [326/417] Building C object modules/ec/zephyr/CMakeFiles/ec_shim.dir/drivers/usbc/ucsi_v3.c.obj
[trulo-ti:ro] [327/417] Building C object modules/ec/zephyr/CMakeFiles/ec_shim.dir/drivers/cros_system/cros_system_npcx.c.obj
[trulo-ti:ro] [328/417] Building C object modules/ec/zephyr/CMakeFiles/ec_shim.dir/drivers/keyboard_input/col_gpio_drive.c.obj
[trulo-ti:ro] [329/417] Building C object modules/ec/zephyr/CMakeFiles/ec_shim.dir/drivers/keyboard_input/keyboard_input.c.obj
[brox-sku4:ro] [223/385] Building C object modules/ec/zephyr/CMakeFiles/ec_shim.dir/shim/src/charger.c.obj
[trulo-ti:ro] [330/417] Building C object modules/ec/zephyr/CMakeFiles/ec_shim.dir/drivers/keyboard_factory_test/keyboard_factory_test.c.obj
[brox-sku4:ro] [224/385] Building C object modules/ec/zephyr/CMakeFiles/ec_shim.dir/shim/src/chipset_api.c.obj
[brox-sku4:ro] [225/385] Building C object modules/ec/zephyr/CMakeFiles/ec_shim.dir/shim/src/flash.c.obj
[brox-sku4:ro] [226/385] Building C object modules/ec/zephyr/CMakeFiles/ec_shim.dir/shim/src/hooks.c.obj
[brox-sku4:ro] [227/385] Building C object modules/ec/zephyr/CMakeFiles/ec_shim.dir/shim/src/espi.c.obj
[brox-sku4:ro] [228/385] Building C object modules/ec/zephyr/CMakeFiles/ec_shim.dir/shim/src/fan.c.obj
[trulo-ti:ro] [331/417] Building C object modules/ec/zephyr/CMakeFiles/ec_shim.dir/drivers/usbc/tps6699x_cmd.c.obj
[trulo-ti:ro] [332/417] Building C object modules/ec/zephyr/CMakeFiles/ec_shim.dir/shim/chip/npcx/clock.c.obj
[trulo-ti:ro] [333/417] Building C object modules/ec/zephyr/CMakeFiles/ec_shim.dir/drivers/runtime_keys/runtime_keys.c.obj
[trulo-ti:ro] [334/417] Building C object modules/ec/zephyr/CMakeFiles/ec_shim.dir/drivers/boot_keys/boot_keys.c.obj
[trulo-ti:ro] [335/417] Building C object modules/ec/zephyr/CMakeFiles/ec_shim.dir/drivers/vivaldi_kbd/vivaldi_kbd.c.obj
[trulo-ti:ro] [336/417] Building C object modules/ec/zephyr/CMakeFiles/ec_shim.dir/shim/chip/npcx/gpio.c.obj
[brox-sku4:ro] [229/385] Building C object modules/ec/zephyr/CMakeFiles/ec_shim.dir/shim/src/host_command.c.obj
[trulo-ti:ro] [337/417] Building C object modules/ec/zephyr/CMakeFiles/ec_shim.dir/shim/chip/npcx/rom_chip.c.obj
[trulo-ti:ro] [338/417] Building C object modules/ec/zephyr/CMakeFiles/ec_shim.dir/shim/src/crc.c.obj
[brox-sku4:ro] [230/385] Building C object modules/ec/zephyr/CMakeFiles/ec_shim.dir/shim/src/mkbp_event.c.obj
[brox-sku4:ro] [231/385] Building C object modules/ec/zephyr/CMakeFiles/ec_shim.dir/shim/src/console_buffer.c.obj
[brox-sku4:ro] [232/385] Building C object modules/ec/zephyr/CMakeFiles/ec_shim.dir/shim/src/panic.c.obj
[brox-sku4:ro] [233/385] Building C object modules/ec/zephyr/CMakeFiles/ec_shim.dir/shim/src/motionsense_sensors.c.obj
[trulo-ti:ro] [339/417] Building C object modules/ec/zephyr/CMakeFiles/ec_shim.dir/shim/chip/npcx/system.c.obj
[brox-sku4:ro] [234/385] Building C object modules/ec/zephyr/CMakeFiles/ec_shim.dir/shim/src/pwm_hc.c.obj
[trulo-ti:ro] [340/417] Building C object modules/ec/zephyr/CMakeFiles/ec_shim.dir/shim/chip/npcx/system_external_storage.c.obj
[trulo-ti:ro] [341/417] Building C object modules/ec/zephyr/CMakeFiles/ec_shim.dir/shim/core/cortex-m/panic.c.obj
[trulo-ti:ro] [342/417] Building C object modules/ec/zephyr/CMakeFiles/ec_shim.dir/shim/core/cortex-m/mpu.c.obj
[trulo-ti:ro] [343/417] Building C object modules/ec/zephyr/CMakeFiles/ec_shim.dir/shim/chip/npcx/power_policy.c.obj
[brox-sku4:ro] [235/385] Building C object modules/ec/zephyr/CMakeFiles/ec_shim.dir/shim/src/hwtimer.c.obj
[brox-sku4:ro] [236/385] Building C object modules/ec/zephyr/CMakeFiles/ec_shim.dir/shim/src/thermal.c.obj
[trulo-ti:ro] [344/417] Building C object modules/ec/zephyr/CMakeFiles/ec_shim.dir/shim/src/console.c.obj
[brox-sku4:ro] [237/385] Building C object modules/ec/zephyr/CMakeFiles/ec_shim.dir/shim/src/temp_sensors.c.obj
[trulo-ti:ro] [345/417] Building C object modules/ec/zephyr/CMakeFiles/ec_shim.dir/shim/src/gpio_int.c.obj
[/mnt/host/source/src/platform/ec/build/zephyr/craask-lcov]   /mnt/host/source/src/platform/ec/build/zephyr/craask/build-rw/CMakeFiles/app.dir/mnt/host/source/src/platform/ec/build/zephyr/craask/modules/ec/common/usb_pd_pdo.c.gcno:no functions found
[/mnt/host/source/src/platform/ec/build/zephyr/craask-lcov] stderr:
[brox-sku4:ro] [238/385] Building C object modules/ec/zephyr/CMakeFiles/ec_shim.dir/shim/src/i2c.c.obj
[trulo-ti:ro] [346/417] Building C object modules/ec/zephyr/CMakeFiles/ec_shim.dir/shim/src/gpio.c.obj
[trulo-ti:ro] [347/417] Building C object modules/ec/zephyr/CMakeFiles/ec_shim.dir/drivers/usbc/pdc_tps6699x.c.obj
[trulo-ti:ro] [348/417] Building C object modules/ec/zephyr/CMakeFiles/ec_shim.dir/shim/src/panic_utils.c.obj
[brox-sku4:ro] [239/385] cd /mnt/host/source/src/platform/ec/build/zephyr/brox-sku4/build-ro/modules/ec/zephyr && PYTHONPATH=/mnt/host/source/src/platform/ec/build/zephyr/brox-sku4/modules/ec/zephyr/zmake/ /usr/bin/python3.11 /mnt/host/source/src/platform/ec/build/zephyr/brox-sku4/modules/ec/zephyr/zmake/zephyr_build_tools/generate_ec_version.py /mnt/host/source/src/platform/ec/build/zephyr/brox-sku4/build-ro/modules/ec/zephyr/include/ec_version.h --name Zephyr-Kernel --version 16543.0.0 --static
[brox-sku4:ro] INFO:root:Using a static version string
[brox-sku4:ro] INFO:root:Version string: Zephyr-Kernel-16543.0.0
[brox-sku4:ro] INFO:root:Writing header to /mnt/host/source/src/platform/ec/build/zephyr/brox-sku4/build-ro/modules/ec/zephyr/include/ec_version.h
[brox-sku4:ro] [240/385] Building C object modules/ec/zephyr/CMakeFiles/ec_shim.dir/shim/src/tasks.c.obj
[brox-sku4:ro] [241/385] Building C object modules/ec/zephyr/CMakeFiles/ec_shim.dir/shim/src/watchdog.c.obj
[trulo-ti:ro] [349/417] Building C object modules/ec/zephyr/CMakeFiles/ec_shim.dir/shim/src/cbi/cros_cbi.c.obj
[trulo-ti:ro] [350/417] Building C object modules/ec/zephyr/CMakeFiles/ec_shim.dir/shim/src/pm_state.c.obj
[brox-sku4:ro] [242/385] Building C object modules/ec/zephyr/CMakeFiles/ec_shim.dir/shim/src/usba.c.obj
[trulo-ti:ro] [351/417] Building C object modules/ec/zephyr/CMakeFiles/ec_shim.dir/shim/src/cbi/cros_cbi_fw_config.c.obj
[brox-sku4:ro] [243/385] Building C object modules/ec/zephyr/CMakeFiles/ec_shim.dir/shim/src/sha256_hw.c.obj
[brox-sku4:ro] [244/385] Building C object modules/ec/zephyr/CMakeFiles/ec_shim.dir/shim/src/power_host_sleep_api.c.obj
[trulo-ti:ro] [352/417] Building C object modules/ec/zephyr/CMakeFiles/ec_shim.dir/shim/src/cbi/cbi_transfer.c.obj
[trulo-ti:ro] [353/417] Building C object modules/ec/zephyr/CMakeFiles/ec_shim.dir/shim/src/cbi/cbi_eeprom.c.obj
[brox-sku4:ro] [245/385] Building C object CMakeFiles/app.dir/mnt/host/source/src/platform/ec/zephyr/subsys/ap_pwrseq/ap_events.c.obj
[trulo-ti:ro] [354/417] Building C object modules/ec/zephyr/CMakeFiles/ec_shim.dir/shim/src/cbi/cbi_flash.c.obj
[trulo-ti:ro] [355/417] Building C object modules/ec/zephyr/CMakeFiles/ec_shim.dir/shim/src/led_driver/led.c.obj
[brox-sku4:ro] [246/385] Building C object CMakeFiles/app.dir/mnt/host/source/src/platform/ec/zephyr/subsys/ap_pwrseq/power_signals.c.obj
[brox-sku4:ro] [247/385] Building C object CMakeFiles/app.dir/mnt/host/source/src/platform/ec/zephyr/subsys/ap_pwrseq/ap_power_interface.c.obj
[trulo-ti:ro] [356/417] Building C object modules/ec/zephyr/CMakeFiles/ec_shim.dir/shim/src/led_driver/led_pwm.c.obj
[trulo-ti:ro] [357/417] Building C object modules/ec/zephyr/CMakeFiles/ec_shim.dir/shim/src/system.c.obj
[brox-sku4:ro] [248/385] Building C object CMakeFiles/app.dir/mnt/host/source/src/platform/ec/zephyr/subsys/ap_pwrseq/signal_gpio.c.obj
[trulo-ti:ro] [358/417] Building C object modules/ec/zephyr/CMakeFiles/ec_shim.dir/shim/src/battery.c.obj
[brox-sku4:ro] [249/385] Building C object CMakeFiles/app.dir/mnt/host/source/src/platform/ec/zephyr/subsys/ap_pwrseq/signal_vw.c.obj
[trulo-ti:ro] [359/417] Building C object modules/ec/zephyr/CMakeFiles/ec_shim.dir/shim/src/adc.c.obj
[brox-sku4:ro] [250/385] Building C object CMakeFiles/app.dir/mnt/host/source/src/platform/ec/zephyr/subsys/ap_pwrseq/power_host_sleep.c.obj
[trulo-ti:ro] [360/417] Building C object modules/ec/zephyr/CMakeFiles/ec_shim.dir/shim/src/pdc_shim.c.obj
[trulo-ti:ro] [361/417] Building C object modules/ec/zephyr/CMakeFiles/ec_shim.dir/shim/src/charger.c.obj
[trulo-ti:ro] [362/417] Building C object modules/ec/zephyr/CMakeFiles/ec_shim.dir/shim/src/chipset_api.c.obj
[brox-sku4:ro] [251/385] Building C object CMakeFiles/app.dir/mnt/host/source/src/platform/ec/zephyr/subsys/ap_pwrseq/x86_non_dsx_common_pwrseq_sm_handler.c.obj
[brox-sku4:ro] [252/385] Building C object CMakeFiles/app.dir/mnt/host/source/src/platform/ec/zephyr/subsys/ap_pwrseq/x86_non_dsx_chipset_power_state.c.obj
[brox-sku4:ro] [253/385] Building C object CMakeFiles/app.dir/mnt/host/source/src/platform/ec/zephyr/subsys/ap_pwrseq/x86_non_dsx_common_pwrseq_host_sleep.c.obj
[brox-sku4:ro] [254/385] Building C object CMakeFiles/app.dir/mnt/host/source/src/platform/ec/zephyr/subsys/ap_pwrseq/x86_non_dsx_common_pwrseq_console.c.obj
[trulo-ti:ro] [363/417] Building C object modules/ec/zephyr/CMakeFiles/ec_shim.dir/shim/src/host_command.c.obj
[trulo-ti:ro] [364/417] Building C object modules/ec/zephyr/CMakeFiles/ec_shim.dir/shim/src/flash.c.obj
[brox-sku4:ro] [255/385] Building C object CMakeFiles/app.dir/mnt/host/source/src/platform/ec/zephyr/subsys/ap_pwrseq/x86_non_dsx_adlp_pwrseq_sm.c.obj
[trulo-ti:ro] [365/417] Building C object modules/ec/zephyr/CMakeFiles/ec_shim.dir/shim/src/mkbp_event.c.obj
[trulo-ti:ro] [366/417] Building C object modules/ec/zephyr/CMakeFiles/ec_shim.dir/shim/src/hooks.c.obj
[brox-sku4:ro] [256/385] Building C object CMakeFiles/app.dir/mnt/host/source/src/platform/ec/zephyr/subsys/ap_pwrseq/x86_non_dsx_common_pwrseq_host_command.c.obj
[trulo-ti:ro] [367/417] Building C object modules/ec/zephyr/CMakeFiles/ec_shim.dir/shim/src/panic.c.obj
[trulo-ti:ro] [368/417] Building C object modules/ec/zephyr/CMakeFiles/ec_shim.dir/shim/src/espi.c.obj
[trulo-ti:ro] [369/417] Building C object modules/ec/zephyr/CMakeFiles/ec_shim.dir/shim/src/console_buffer.c.obj
[trulo-ti:ro] [370/417] Building C object modules/ec/zephyr/CMakeFiles/ec_shim.dir/shim/src/fan.c.obj
[trulo-ti:ro] [371/417] Building C object modules/ec/zephyr/CMakeFiles/ec_shim.dir/shim/src/temp_sensors.c.obj
[brox-sku4:ro] [257/385] Building C object CMakeFiles/app.dir/mnt/host/source/src/platform/ec/zephyr/subsys/ap_pwrseq/ap_reset_log.c.obj
[trulo-ti:ro] [372/417] Building C object modules/ec/zephyr/CMakeFiles/ec_shim.dir/shim/src/hwtimer.c.obj
[brox-sku4:ro] [258/385] Building C object CMakeFiles/app.dir/mnt/host/source/src/platform/ec/zephyr/subsys/pd_controller/retimer_fw_update.c.obj
[brox-sku4:ro] [259/385] Building C object CMakeFiles/app.dir/mnt/host/source/src/platform/ec/zephyr/subsys/pd_controller/pdc_pmc_debug.c.obj
[trulo-ti:ro] [373/417] Building C object modules/ec/zephyr/CMakeFiles/ec_shim.dir/shim/src/thermal.c.obj
[brox-sku4:ro] [260/385] Building C object CMakeFiles/app.dir/mnt/host/source/src/platform/ec/zephyr/subsys/pd_controller/pdc_host_cmd.c.obj
[trulo-ti:ro] [374/417] Building C object modules/ec/zephyr/CMakeFiles/ec_shim.dir/shim/src/i2c.c.obj
[trulo-ti:ro] [375/417] Building C object modules/ec/zephyr/CMakeFiles/ec_shim.dir/shim/src/power_host_sleep_api.c.obj
[trulo-ti:ro] [376/417] Building C object modules/ec/zephyr/CMakeFiles/ec_shim.dir/shim/src/tasks.c.obj
[brox-sku4:ro] [261/385] Building C object CMakeFiles/app.dir/mnt/host/source/src/platform/ec/zephyr/subsys/pd_controller/pdc_console.c.obj
[trulo-ti:ro] [377/417] Building C object modules/ec/zephyr/CMakeFiles/ec_shim.dir/shim/src/watchdog.c.obj
[trulo-ti:ro] [378/417] Building C object modules/ec/zephyr/CMakeFiles/ec_shim.dir/shim/src/sha256_hw.c.obj
[brox-sku4:ro] [262/385] Building C object CMakeFiles/app.dir/mnt/host/source/src/platform/ec/zephyr/subsys/pd_controller/pdc_stub.c.obj
[trulo-ti:ro] [379/417] Building C object modules/ec/zephyr/CMakeFiles/ec_shim.dir/shim/src/usba.c.obj
[trulo-ti:ro] [380/417] Linking CXX static library modules/ec/zephyr/libec_shim.a
[brox-sku4:ro] [263/385] Building C object CMakeFiles/app.dir/mnt/host/source/src/platform/ec/zephyr/subsys/pd_controller/pdc_dpm.c.obj
[trulo-ti:ro] [381/417] Building C object zephyr/kernel/CMakeFiles/kernel.dir/main_weak.c.obj
[brox-sku4:ro] [264/385] Building C object CMakeFiles/app.dir/mnt/host/source/src/platform/ec/zephyr/subsys/ucsi/ppm_common.c.obj
[trulo-ti:ro] [382/417] Building C object zephyr/kernel/CMakeFiles/kernel.dir/banner.c.obj
[brox-sku4:ro] [265/385] Building C object CMakeFiles/app.dir/mnt/host/source/src/platform/ec/zephyr/subsys/ucsi/ppm_console.c.obj
[trulo-ti:ro] [383/417] Building C object zephyr/kernel/CMakeFiles/kernel.dir/busy_wait.c.obj
[trulo-ti:ro] [384/417] Building C object zephyr/kernel/CMakeFiles/kernel.dir/device.c.obj
[trulo-ti:ro] [385/417] Building C object zephyr/kernel/CMakeFiles/kernel.dir/errno.c.obj
[brox-sku4:ro] [266/385] Building C object CMakeFiles/app.dir/mnt/host/source/src/platform/ec/zephyr/subsys/ucsi/ucsi_host_cmd.c.obj
[brox-sku4:ro] [267/385] Building C object CMakeFiles/app.dir/mnt/host/source/src/platform/ec/zephyr/subsys/ucsi/ppm_driver.c.obj
[trulo-ti:ro] [386/417] Building C object zephyr/kernel/CMakeFiles/kernel.dir/version.c.obj
[brox-sku4:ro] [268/385] Building C object CMakeFiles/app.dir/mnt/host/source/src/platform/ec/zephyr/subsys/pd_controller/pdc_power_mgmt.c.obj
[trulo-ti:ro] [387/417] Building C object zephyr/kernel/CMakeFiles/kernel.dir/fatal.c.obj
[brox-sku4:ro] [269/385] Building C object CMakeFiles/app.dir/mnt/host/source/src/platform/ec/build/zephyr/brox-sku4/modules/ec/builtin/stdlib.c.obj
[brox-sku4:ro] [270/385] Building C object CMakeFiles/app.dir/mnt/host/source/src/platform/ec/build/zephyr/brox-sku4/modules/ec/common/base32.c.obj
[trulo-ti:ro] [388/417] Building C object zephyr/kernel/CMakeFiles/kernel.dir/float.c.obj
[trulo-ti:ro] [389/417] Building C object zephyr/kernel/CMakeFiles/kernel.dir/kheap.c.obj
[trulo-ti:ro] [390/417] Building C object zephyr/kernel/CMakeFiles/kernel.dir/init.c.obj
[trulo-ti:ro] [391/417] Building C object zephyr/kernel/CMakeFiles/kernel.dir/mem_slab.c.obj
[brox-sku4:ro] [271/385] Building C object CMakeFiles/app.dir/mnt/host/source/src/platform/ec/build/zephyr/brox-sku4/modules/ec/common/console_output.c.obj
[brox-sku4:ro] [272/385] Building C object CMakeFiles/app.dir/mnt/host/source/src/platform/ec/build/zephyr/brox-sku4/modules/ec/common/ec_features.c.obj
[trulo-ti:ro] [392/417] Building C object zephyr/kernel/CMakeFiles/kernel.dir/idle.c.obj
[brox-sku4:ro] [273/385] Building C object CMakeFiles/app.dir/mnt/host/source/src/platform/ec/build/zephyr/brox-sku4/modules/ec/common/gpio_commands.c.obj
[trulo-ti:ro] [393/417] Building C object zephyr/kernel/CMakeFiles/kernel.dir/mailbox.c.obj
[brox-sku4:ro] [274/385] Building C object CMakeFiles/app.dir/mnt/host/source/src/platform/ec/build/zephyr/brox-sku4/modules/ec/common/peripheral.c.obj
[brox-sku4:ro] [275/385] Building C object CMakeFiles/app.dir/mnt/host/source/src/platform/ec/build/zephyr/brox-sku4/modules/ec/common/printf.c.obj
[brox-sku4:ro] [276/385] Building C object CMakeFiles/app.dir/mnt/host/source/src/platform/ec/build/zephyr/brox-sku4/modules/ec/common/queue.c.obj
[trulo-ti:ro] [394/417] Building C object zephyr/kernel/CMakeFiles/kernel.dir/sem.c.obj
[trulo-ti:ro] [395/417] Building C object zephyr/kernel/CMakeFiles/kernel.dir/msg_q.c.obj
[trulo-ti:ro] [396/417] Building C object zephyr/kernel/CMakeFiles/kernel.dir/queue.c.obj
[brox-sku4:ro] [277/385] Building C object CMakeFiles/app.dir/mnt/host/source/src/platform/ec/build/zephyr/brox-sku4/modules/ec/common/uart_printf.c.obj
[trulo-ti:ro] [397/417] Building C object zephyr/kernel/CMakeFiles/kernel.dir/stack.c.obj
[trulo-ti:ro] [398/417] Building C object zephyr/kernel/CMakeFiles/kernel.dir/mutex.c.obj
[trulo-ti:ro] [399/417] Building C object zephyr/kernel/CMakeFiles/kernel.dir/system_work_q.c.obj
[brox-sku4:ro] [278/385] Building C object CMakeFiles/app.dir/mnt/host/source/src/platform/ec/build/zephyr/brox-sku4/modules/ec/common/system.c.obj
[trulo-ti:ro] [400/417] Building CXX object modules/ec/zephyr/drivers/dsp_comms/service/CMakeFiles/dsp.service.dir/dsp_service.cc.obj
[brox-sku4:ro] [279/385] Building C object CMakeFiles/app.dir/mnt/host/source/src/platform/ec/build/zephyr/brox-sku4/modules/ec/common/system_boot_time.c.obj
[trulo-ti:ro] [401/417] Building CXX object modules/ec/zephyr/drivers/dsp_comms/service/CMakeFiles/dsp.service.dir/i2c_target_pio_funcs.cc.obj
[brox-sku4:ro] [280/385] Building C object CMakeFiles/app.dir/mnt/host/source/src/platform/ec/build/zephyr/brox-sku4/modules/ec/common/util.c.obj
[brox-sku4:ro] [281/385] Building C object CMakeFiles/app.dir/mnt/host/source/src/platform/ec/build/zephyr/brox-sku4/modules/ec/common/version.c.obj
[trulo-ti:ro] [402/417] Building CXX object modules/ec/zephyr/drivers/dsp_comms/service/CMakeFiles/dsp.service.dir/i2c_target_buffer_funcs.cc.obj
[brox-sku4:ro] [282/385] Building C object CMakeFiles/app.dir/mnt/host/source/src/platform/ec/build/zephyr/brox-sku4/modules/ec/common/power_button_x86.c.obj
[trulo-ti:ro] [403/417] Building C object zephyr/kernel/CMakeFiles/kernel.dir/condvar.c.obj
[trulo-ti:ro] [404/417] Linking CXX static library modules/ec/zephyr/drivers/dsp_comms/service/libdsp.service.a
[trulo-ti:ro] [405/417] Building C object zephyr/kernel/CMakeFiles/kernel.dir/work.c.obj
[trulo-ti:ro] [406/417] Building C object zephyr/kernel/CMakeFiles/kernel.dir/thread.c.obj
[/mnt/host/source/src/platform/ec/build/zephyr/craask-lcov]   /mnt/host/source/src/platform/ec/build/zephyr/craask/build-rw/CMakeFiles/app.dir/mnt/host/source/src/platform/ec/build/zephyr/craask/modules/ec/common/cbi_config.c.gcno:no functions found
[/mnt/host/source/src/platform/ec/build/zephyr/craask-lcov] stderr:
[trulo-ti:ro] [407/417] Building C object zephyr/kernel/CMakeFiles/kernel.dir/thread_monitor.c.obj
[trulo-ti:ro] [408/417] Building C object zephyr/kernel/CMakeFiles/kernel.dir/spinlock_validate.c.obj
[ocelotrvp-ish:singleimage] Building: /usr/bin/ninja -C /mnt/host/source/src/platform/ec/build/zephyr/ocelotrvp-ish/build-singleimage all.libraries
Running `env -i SHELL=/bin/bash COLORTERM=truecolor DEPOT_TOOLS_UPDATE=0 LESS='-R -M --shift 5' SUDO_GID=0 JDK_HOME=/etc/java-config-2/current-system-vm CONFIG_PROTECT_MASK='/etc/gentoo-release /etc/sandbox.d /etc/fonts/fonts.conf /etc/terminfo /etc/ca-certificates.conf /etc/revdep-rebuild' CHROMEOS_CACHEDIR=/var/cache/chromeos-cache JAVA_HOME=/etc/java-config-2/current-system-vm SSH_AUTH_SOCK=/tmp/ssh-auth-sock SUDO_COMMAND=/bin/bash SUDO_USER=root SUDO_TTY=/dev/pts/2 EDITOR=/usr/bin/vi PWD=/mnt/host/source/src/platform/ec CONFIG_PROTECT=/usr/share/gnupg/qualified.txt LOGNAME=jpmurphy MANPATH=/etc/java-config-2/current-system-vm/man:/usr/local/share/man:/usr/share/man:/usr/share/gcc-data/x86_64-pc-linux-gnu/10.2.0/man:/usr/share/binutils-data/x86_64-pc-linux-gnu/2.45/man:/etc/java-config-2/current-system-vm/man/ SUDO_HOME=/root XAUTHORITY=/run/user/944457/gdm/Xauthority HOME=/home/jpmurphy LANG=C.UTF-8 LS_COLORS='rs=0:di=01;34:ln=01;36:mh=00:pi=40;33:so=01;35:do=01;35:bd=40;33;01:cd=40;33;01:or=01;05;37;41:mi=01;05;37;41:su=37;41:sg=30;43:ca=30;41:tw=30;42:ow=34;42:st=37;44:ex=01;32:*.tar=01;31:*.tgz=01;31:*.arc=01;31:*.arj=01;31:*.taz=01;31:*.lha=01;31:*.lz4=01;31:*.lzh=01;31:*.lzma=01;31:*.tlz=01;31:*.txz=01;31:*.tzo=01;31:*.t7z=01;31:*.zip=01;31:*.z=01;31:*.dz=01;31:*.gz=01;31:*.lrz=01;31:*.lz=01;31:*.lzo=01;31:*.xz=01;31:*.zst=01;31:*.tzst=01;31:*.bz2=01;31:*.bz=01;31:*.tbz=01;31:*.tbz2=01;31:*.tz=01;31:*.deb=01;31:*.rpm=01;31:*.jar=01;31:*.war=01;31:*.ear=01;31:*.sar=01;31:*.rar=01;31:*.alz=01;31:*.ace=01;31:*.zoo=01;31:*.cpio=01;31:*.7z=01;31:*.rz=01;31:*.cab=01;31:*.wim=01;31:*.swm=01;31:*.dwm=01;31:*.esd=01;31:*.jpg=01;35:*.jpeg=01;35:*.mjpg=01;35:*.mjpeg=01;35:*.gif=01;35:*.bmp=01;35:*.pbm=01;35:*.pgm=01;35:*.ppm=01;35:*.tga=01;35:*.xbm=01;35:*.xpm=01;35:*.tif=01;35:*.tiff=01;35:*.png=01;35:*.svg=01;35:*.svgz=01;35:*.mng=01;35:*.pcx=01;35:*.mov=01;35:*.mpg=01;35:*.mpeg=01;35:*.m2v=01;35:*.mkv=01;35:*.webm=01;35:*.webp=01;35:*.ogm=01;35:*.mp4=01;35:*.m4v=01;35:*.mp4v=01;35:*.vob=01;35:*.qt=01;35:*.nuv=01;35:*.wmv=01;35:*.asf=01;35:*.rm=01;35:*.rmvb=01;35:*.flc=01;35:*.avi=01;35:*.fli=01;35:*.flv=01;35:*.gl=01;35:*.dl=01;35:*.xcf=01;35:*.xwd=01;35:*.yuv=01;35:*.cgm=01;35:*.emf=01;35:*.ogv=01;35:*.ogx=01;35:*.cfg=00;32:*.conf=00;32:*.diff=00;32:*.doc=00;32:*.ini=00;32:*.log=00;32:*.patch=00;32:*.pdf=00;32:*.ps=00;32:*.tex=00;32:*.txt=00;32:*.aac=00;36:*.au=00;36:*.flac=00;36:*.m4a=00;36:*.mid=00;36:*.midi=00;36:*.mka=00;36:*.mp3=00;36:*.mpc=00;36:*.ogg=00;36:*.ra=00;36:*.wav=00;36:*.oga=00;36:*.opus=00;36:*.spx=00;36:*.xspf=00;36:' XDG_CURRENT_DESKTOP=GNOME INFOPATH=/usr/share/info:/usr/share/gcc-data/x86_64-pc-linux-gnu/10.2.0/info:/usr/share/binutils-data/x86_64-pc-linux-gnu/2.45/info:/usr/share/automake-1.16.5/info JAVAC=/etc/java-config-2/current-system-vm/bin/javac TERM=xterm-256color LESSOPEN='|lesspipe %s' USER=jpmurphy CROS_WORKON_SRCROOT=/mnt/host/source MANPAGER=manpager DISPLAY=:1 SHLVL=1 LC_MESSAGES=C EXTERNAL_TRUNK_PATH=/mnt/8f9d649a-3721-44cc-93c0-e6bd21a9689f/chromiumos GCC_SPECS='' PATH=/mnt/host/source/chromite/bin:/usr/local/bin:/usr/bin:/bin:/opt/bin:/mnt/host/source/chromite/sdk/bin:/mnt/host/source/chromite/bin PORTAGE_USERNAME=jpmurphy SUDO_UID=0 GCC_VER=10.2.0 MAIL=/var/mail/jpmurphy OLDPWD=/mnt/host/source/src/scripts traceparent=00-e87aca51550a78635907baa6a2476181-6d684811675d2973-01 _=./zephyr/firmware_builder.py COREBOOT_SDK_ROOT_x86=/home/jpmurphy/.cache/coreboot-sdk/i386-elf/dfbb0486385d938cfa9d73080b9d18d598ed4f49 COREBOOT_SDK_ROOT_picolibc_x86=/home/jpmurphy/.cache/coreboot-sdk/picolibc-i386-elf/eb8e8e687b95461de8cbf278f1c2076952d0ad17 COREBOOT_SDK_ROOT_riscv64=/home/jpmurphy/.cache/coreboot-sdk/riscv64-elf/96b949749225b6aaa92ed810ab769e8dfb12f000 COREBOOT_SDK_ROOT_picolibc_arm=/home/jpmurphy/.cache/coreboot-sdk/picolibc-arm-eabi/422a2aa3e1ef891b5bece9a3deb696ff83840d2e COREBOOT_SDK_ROOT_nds32=/home/jpmurphy/.cache/coreboot-sdk/nds32le-elf/d1a518c4a097666d86058e1444f85ca015d15511 COREBOOT_SDK_ROOT_picolibc_riscv64=/home/jpmurphy/.cache/coreboot-sdk/picolibc-riscv64-elf/f571e990ef0278564b31124f8bb109d9a697eb69 COREBOOT_SDK_ROOT_arm=/home/jpmurphy/.cache/coreboot-sdk/arm-eabi/ea40ddd1d190c3b48435c474c0b545719371813a COREBOOT_SDK_ROOT_libstdcxx_riscv64=/home/jpmurphy/.cache/coreboot-sdk/libstdcxx-riscv64-elf/17abf22a3a252e2d5d2062ced5324f7a623689e0 COREBOOT_SDK_ROOT_libstdcxx_arm=/home/jpmurphy/.cache/coreboot-sdk/libstdcxx-arm-eabi/5d7d82e150e44aa1968f1d366e267e6687b328ac COREBOOT_SDK_ROOT_riscv=/home/jpmurphy/.cache/coreboot-sdk/riscv-elf/9a27b9e82341c6e9126624f516ab3f261abb3e73 COREBOOT_SDK_ROOT_libstdcxx_x86=/home/jpmurphy/.cache/coreboot-sdk/libstdcxx-i386-elf/42ef9d2e87a76a37963175d7d428734e65648b87 PYTHONPATH=/mnt/host/source/src/platform/ec/zephyr/zmake PW_PIGWEED_CIPD_INSTALL_DIR=/usr CROSTC_USER_ACKNOWLEDGES_THAT_RISCV_IS_EXPERIMENTAL=1 MAKEFLAGS=' -j16 --jobserver-auth=5,6' /usr/bin/ninja -C /mnt/host/source/src/platform/ec/build/zephyr/ocelotrvp-ish/build-singleimage all.libraries`
[trulo-ti:ro] [409/417] Building C object zephyr/kernel/CMakeFiles/kernel.dir/pipe.c.obj
[ocelotrvp-ish:singleimage] ninja: Entering directory `/mnt/host/source/src/platform/ec/build/zephyr/ocelotrvp-ish/build-singleimage'
[brox-sku4:ro] [283/385] Building C object CMakeFiles/app.dir/mnt/host/source/src/platform/ec/build/zephyr/brox-sku4/modules/ec/common/motion_sense_fifo.c.obj
Toolchain <zmake.toolchains.CorebootSdkToolchain object at 0x7f41204a9850> selected by probe function.
[minimal-realtek] Building in /mnt/host/source/src/platform/ec/build/zephyr/minimal-realtek.
[trulo-ti:ro] [410/417] Building C object zephyr/kernel/CMakeFiles/kernel.dir/timeout.c.obj
[brox-sku4:ro] [284/385] Building C object CMakeFiles/app.dir/mnt/host/source/src/platform/ec/build/zephyr/brox-sku4/modules/ec/driver/accel_bma4xx.c.obj
[brox-sku4:ro] [285/385] Building C object CMakeFiles/app.dir/mnt/host/source/src/platform/ec/build/zephyr/brox-sku4/modules/ec/common/adc.c.obj
Running (initial) lcov on /mnt/host/source/src/platform/ec/build/zephyr/ruby-ish.
[trulo-ti:ro] [411/417] Building C object zephyr/kernel/CMakeFiles/kernel.dir/sched.c.obj
[brox-sku4:ro] [286/385] Building C object CMakeFiles/app.dir/mnt/host/source/src/platform/ec/build/zephyr/brox-sku4/modules/ec/common/acpi.c.obj
[brox-sku4:ro] [287/385] Building C object CMakeFiles/app.dir/mnt/host/source/src/platform/ec/build/zephyr/brox-sku4/modules/ec/common/backlight_lid.c.obj
[trulo-ti:ro] [412/417] Building C object zephyr/kernel/CMakeFiles/kernel.dir/timer.c.obj
[brox-sku4:ro] [288/385] Building C object CMakeFiles/app.dir/mnt/host/source/src/platform/ec/build/zephyr/brox-sku4/modules/ec/common/battery.c.obj
[trulo-ti:ro] [413/417] Building C object zephyr/kernel/CMakeFiles/kernel.dir/mempool.c.obj
[ocelotrvp-ish:singleimage] [1/266] Preparing syscall dependency handling
Running `env -i PYTHONPATH=/usr/lib64/python-exec/python3.11:/mnt/host/source/src/platform/ec/zephyr/zmake:/usr/lib/python311.zip:/usr/lib/python3.11:/usr/lib/python3.11/lib-dynload:/usr/lib/python3.11/site-packages PW_PIGWEED_CIPD_INSTALL_DIR=/usr CROSTC_USER_ACKNOWLEDGES_THAT_RISCV_IS_EXPERIMENTAL=1 PATH=/mnt/host/source/chromite/bin:/usr/local/bin:/usr/bin:/bin:/opt/bin:/mnt/host/source/chromite/sdk/bin:/mnt/host/source/chromite/bin HOME=/home/jpmurphy JAVA_HOME=/etc/java-config-2/current-system-vm JDK_HOME=/etc/java-config-2/current-system-vm JAVAC=/etc/java-config-2/current-system-vm/bin/javac MAKEFLAGS=' -j16 --jobserver-auth=5,6' /usr/bin/lcov --gcov-tool /mnt/host/source/src/platform/ec/build/zephyr/ruby-ish/build-singleimage/gcov.sh -q -o - -c -d /mnt/host/source/src/platform/ec/build/zephyr/ruby-ish -t ruby-ish --rc branch_coverage=1 --filter range --ignore-errors inconsistent,source --ignore-errors gcov,gcov -i`
[trulo-ti:ro] [414/417] Building C object zephyr/kernel/CMakeFiles/kernel.dir/poll.c.obj
[minimal-realtek:rw] Configuring.
Running `env -i PYTHONPATH=/usr/lib64/python-exec/python3.11:/mnt/host/source/src/platform/ec/zephyr/zmake:/usr/lib/python311.zip:/usr/lib/python3.11:/usr/lib/python3.11/lib-dynload:/usr/lib/python3.11/site-packages PW_PIGWEED_CIPD_INSTALL_DIR=/usr CROSTC_USER_ACKNOWLEDGES_THAT_RISCV_IS_EXPERIMENTAL=1 PATH=/mnt/host/source/chromite/bin:/usr/local/bin:/usr/bin:/bin:/opt/bin:/mnt/host/source/chromite/sdk/bin:/mnt/host/source/chromite/bin HOME=/home/jpmurphy JAVA_HOME=/etc/java-config-2/current-system-vm JDK_HOME=/etc/java-config-2/current-system-vm JAVAC=/etc/java-config-2/current-system-vm/bin/javac MAKEFLAGS=' -j16 --jobserver-auth=5,6' /usr/bin/cmake -S /mnt/host/source/src/platform/ec/zephyr/program/minimal -B /mnt/host/source/src/platform/ec/build/zephyr/minimal-realtek/build-rw -GNinja -DCMAKE_EXPORT_COMPILE_COMMANDS=ON -DZEPHYR_BASE=/mnt/host/source/src/third_party/zephyr/main -DZMAKE_INCLUDE_DIR=/mnt/host/source/src/platform/ec/build/zephyr/minimal-realtek/include -DPython3_EXECUTABLE=/usr/bin/python3.11 -DDTS_ROOT=/mnt/host/source/src/platform/ec/zephyr -DSYSCALL_INCLUDE_DIRS=/mnt/host/source/src/platform/ec/zephyr/include/drivers -DUSER_CACHE_DIR=/mnt/host/source/src/platform/ec/build/zephyr/user-cache '-DEXTRA_EC_VERSION_FLAGS=--version 16543.0.0 --static' -DTOOLCHAIN_ROOT=/mnt/host/source/src/platform/ec/zephyr -DCOREBOOT_SDK_ROOT_x86=/home/jpmurphy/.cache/coreboot-sdk/i386-elf/dfbb0486385d938cfa9d73080b9d18d598ed4f49 -DCOREBOOT_SDK_ROOT_picolibc_x86=/home/jpmurphy/.cache/coreboot-sdk/picolibc-i386-elf/eb8e8e687b95461de8cbf278f1c2076952d0ad17 -DCOREBOOT_SDK_ROOT_riscv64=/home/jpmurphy/.cache/coreboot-sdk/riscv64-elf/96b949749225b6aaa92ed810ab769e8dfb12f000 -DCOREBOOT_SDK_ROOT_picolibc_arm=/home/jpmurphy/.cache/coreboot-sdk/picolibc-arm-eabi/422a2aa3e1ef891b5bece9a3deb696ff83840d2e -DCOREBOOT_SDK_ROOT_nds32=/home/jpmurphy/.cache/coreboot-sdk/nds32le-elf/d1a518c4a097666d86058e1444f85ca015d15511 -DCOREBOOT_SDK_ROOT_picolibc_riscv64=/home/jpmurphy/.cache/coreboot-sdk/picolibc-riscv64-elf/f571e990ef0278564b31124f8bb109d9a697eb69 -DCOREBOOT_SDK_ROOT_arm=/home/jpmurphy/.cache/coreboot-sdk/arm-eabi/ea40ddd1d190c3b48435c474c0b545719371813a -DCOREBOOT_SDK_ROOT_libstdcxx_riscv64=/home/jpmurphy/.cache/coreboot-sdk/libstdcxx-riscv64-elf/17abf22a3a252e2d5d2062ced5324f7a623689e0 -DCOREBOOT_SDK_ROOT_libstdcxx_arm=/home/jpmurphy/.cache/coreboot-sdk/libstdcxx-arm-eabi/5d7d82e150e44aa1968f1d366e267e6687b328ac -DCOREBOOT_SDK_ROOT_riscv=/home/jpmurphy/.cache/coreboot-sdk/riscv-elf/9a27b9e82341c6e9126624f516ab3f261abb3e73 -DCOREBOOT_SDK_ROOT_libstdcxx_x86=/home/jpmurphy/.cache/coreboot-sdk/libstdcxx-i386-elf/42ef9d2e87a76a37963175d7d428734e65648b87 -DZEPHYR_TOOLCHAIN_VARIANT=coreboot-sdk '-DZEPHYR_MODULES=/mnt/host/source/src/platform/ec/build/zephyr/minimal-realtek/modules/cmsis;/mnt/host/source/src/platform/ec/build/zephyr/minimal-realtek/modules/cmsis_6;/mnt/host/source/src/platform/ec/build/zephyr/minimal-realtek/modules/ec' -DDTC_OVERLAY_FILE=/mnt/host/source/src/platform/ec/zephyr/program/minimal/realtek.dts -DBOARD=realtek/rts5912 -DCMAKE_C_FLAGS=-DSECTION_IS_RW '-DCONF_FILE=/mnt/host/source/src/platform/ec/zephyr/program/minimal/prj.conf;/mnt/host/source/src/platform/ec/zephyr/program/minimal/realtek.conf;/mnt/host/source/src/platform/ec/build/zephyr/minimal-realtek/kconfig-rw.conf'`
[minimal-realtek:rw] Loading Zephyr default modules (Zephyr base (cached)).
[minimal-realtek:rw] -- Application: /mnt/host/source/src/platform/ec/zephyr/program/minimal
[minimal-realtek:rw] -- CMake version: 3.31.7
[trulo-ti:ro] [415/417] Building C object zephyr/kernel/CMakeFiles/kernel.dir/events.c.obj
[ocelotrvp-ish:singleimage] [2/266] Generating misc/generated/syscalls_subdirs.trigger
[trulo-ti:ro] [416/417] Building C object zephyr/kernel/CMakeFiles/kernel.dir/dynamic_disabled.c.obj
[ocelotrvp-ish:singleimage] [3/266] cd /mnt/host/source/src/platform/ec/build/zephyr/ocelotrvp-ish/build-singleimage/modules/ec/zephyr && PYTHONPATH=/mnt/host/source/src/platform/ec/build/zephyr/ocelotrvp-ish/modules/ec/zephyr/zmake/ /usr/bin/python3.11 /mnt/host/source/src/platform/ec/build/zephyr/ocelotrvp-ish/modules/ec/zephyr/zmake/zephyr_build_tools/generate_ec_version.py /mnt/host/source/src/platform/ec/build/zephyr/ocelotrvp-ish/build-singleimage/modules/ec/zephyr/include/ec_version.h --name Zephyr-Kernel --version 16543.0.0 --static
[ocelotrvp-ish:singleimage] INFO:root:Using a static version string
[ocelotrvp-ish:singleimage] INFO:root:Version string: Zephyr-Kernel-16543.0.0
[ocelotrvp-ish:singleimage] INFO:root:Writing header to /mnt/host/source/src/platform/ec/build/zephyr/ocelotrvp-ish/build-singleimage/modules/ec/zephyr/include/ec_version.h
[ocelotrvp-ish:singleimage] [4/266] Building CXX object modules/pigweed/pw_build/CMakeFiles/pw_build.empty.dir/empty_file.cc.obj
[ocelotrvp-ish:singleimage] [5/266] Generating include/generated/zephyr/version.h
[trulo-ti:ro] [417/417] Linking CXX static library zephyr/kernel/libkernel.a
[ocelotrvp-ish:singleimage] -- git describe warned: warning: tag 'upstream/v2.7.99' is externally known as 'v2.7.99'
[ocelotrvp-ish:singleimage] -- Zephyr version: 4.3.99 (/mnt/host/source/src/third_party/zephyr/main)
[minimal-realtek:ro] Configuring.
Running `env -i PYTHONPATH=/usr/lib64/python-exec/python3.11:/mnt/host/source/src/platform/ec/zephyr/zmake:/usr/lib/python311.zip:/usr/lib/python3.11:/usr/lib/python3.11/lib-dynload:/usr/lib/python3.11/site-packages PW_PIGWEED_CIPD_INSTALL_DIR=/usr CROSTC_USER_ACKNOWLEDGES_THAT_RISCV_IS_EXPERIMENTAL=1 PATH=/mnt/host/source/chromite/bin:/usr/local/bin:/usr/bin:/bin:/opt/bin:/mnt/host/source/chromite/sdk/bin:/mnt/host/source/chromite/bin HOME=/home/jpmurphy JAVA_HOME=/etc/java-config-2/current-system-vm JDK_HOME=/etc/java-config-2/current-system-vm JAVAC=/etc/java-config-2/current-system-vm/bin/javac MAKEFLAGS=' -j16 --jobserver-auth=5,6' /usr/bin/cmake -S /mnt/host/source/src/platform/ec/zephyr/program/minimal -B /mnt/host/source/src/platform/ec/build/zephyr/minimal-realtek/build-ro -GNinja -DCMAKE_EXPORT_COMPILE_COMMANDS=ON -DZEPHYR_BASE=/mnt/host/source/src/third_party/zephyr/main -DZMAKE_INCLUDE_DIR=/mnt/host/source/src/platform/ec/build/zephyr/minimal-realtek/include -DPython3_EXECUTABLE=/usr/bin/python3.11 -DDTS_ROOT=/mnt/host/source/src/platform/ec/zephyr -DSYSCALL_INCLUDE_DIRS=/mnt/host/source/src/platform/ec/zephyr/include/drivers -DUSER_CACHE_DIR=/mnt/host/source/src/platform/ec/build/zephyr/user-cache '-DEXTRA_EC_VERSION_FLAGS=--version 16543.0.0 --static' -DTOOLCHAIN_ROOT=/mnt/host/source/src/platform/ec/zephyr -DCOREBOOT_SDK_ROOT_x86=/home/jpmurphy/.cache/coreboot-sdk/i386-elf/dfbb0486385d938cfa9d73080b9d18d598ed4f49 -DCOREBOOT_SDK_ROOT_picolibc_x86=/home/jpmurphy/.cache/coreboot-sdk/picolibc-i386-elf/eb8e8e687b95461de8cbf278f1c2076952d0ad17 -DCOREBOOT_SDK_ROOT_riscv64=/home/jpmurphy/.cache/coreboot-sdk/riscv64-elf/96b949749225b6aaa92ed810ab769e8dfb12f000 -DCOREBOOT_SDK_ROOT_picolibc_arm=/home/jpmurphy/.cache/coreboot-sdk/picolibc-arm-eabi/422a2aa3e1ef891b5bece9a3deb696ff83840d2e -DCOREBOOT_SDK_ROOT_nds32=/home/jpmurphy/.cache/coreboot-sdk/nds32le-elf/d1a518c4a097666d86058e1444f85ca015d15511 -DCOREBOOT_SDK_ROOT_picolibc_riscv64=/home/jpmurphy/.cache/coreboot-sdk/picolibc-riscv64-elf/f571e990ef0278564b31124f8bb109d9a697eb69 -DCOREBOOT_SDK_ROOT_arm=/home/jpmurphy/.cache/coreboot-sdk/arm-eabi/ea40ddd1d190c3b48435c474c0b545719371813a -DCOREBOOT_SDK_ROOT_libstdcxx_riscv64=/home/jpmurphy/.cache/coreboot-sdk/libstdcxx-riscv64-elf/17abf22a3a252e2d5d2062ced5324f7a623689e0 -DCOREBOOT_SDK_ROOT_libstdcxx_arm=/home/jpmurphy/.cache/coreboot-sdk/libstdcxx-arm-eabi/5d7d82e150e44aa1968f1d366e267e6687b328ac -DCOREBOOT_SDK_ROOT_riscv=/home/jpmurphy/.cache/coreboot-sdk/riscv-elf/9a27b9e82341c6e9126624f516ab3f261abb3e73 -DCOREBOOT_SDK_ROOT_libstdcxx_x86=/home/jpmurphy/.cache/coreboot-sdk/libstdcxx-i386-elf/42ef9d2e87a76a37963175d7d428734e65648b87 -DZEPHYR_TOOLCHAIN_VARIANT=coreboot-sdk '-DZEPHYR_MODULES=/mnt/host/source/src/platform/ec/build/zephyr/minimal-realtek/modules/cmsis;/mnt/host/source/src/platform/ec/build/zephyr/minimal-realtek/modules/cmsis_6;/mnt/host/source/src/platform/ec/build/zephyr/minimal-realtek/modules/ec' -DDTC_OVERLAY_FILE=/mnt/host/source/src/platform/ec/zephyr/program/minimal/realtek.dts -DBOARD=realtek/rts5912 -DCMAKE_C_FLAGS=-DSECTION_IS_RO '-DCONF_FILE=/mnt/host/source/src/platform/ec/zephyr/program/minimal/prj.conf;/mnt/host/source/src/platform/ec/zephyr/program/minimal/realtek.conf;/mnt/host/source/src/platform/ec/build/zephyr/minimal-realtek/kconfig-ro.conf'`
[ocelotrvp-ish:singleimage] [6/266] Generating pw_third_party.nanopb.proto/sources/nanopb.proto
[minimal-realtek:ro] -- Application: /mnt/host/source/src/platform/ec/zephyr/program/minimal
[minimal-realtek:ro] Loading Zephyr default modules (Zephyr base (cached)).
[minimal-realtek:rw] -- Found Python3: /usr/bin/python3.11 (found suitable version "3.11.11", minimum required is "3.10") found components: Interpreter
[minimal-realtek:rw] -- Cache files will be written to: /mnt/host/source/src/platform/ec/build/zephyr/user-cache
[minimal-realtek:rw] -- Zephyr version: 4.3.99 (/mnt/host/source/src/third_party/zephyr/main)
[brox-sku4:ro] [289/385] Building C object CMakeFiles/app.dir/mnt/host/source/src/platform/ec/build/zephyr/brox-sku4/modules/ec/common/battery_fuel_gauge.c.obj
[ocelotrvp-ish:singleimage] [7/266] Generating dsp_comms.proto/sources/proto/ec_dsp.proto, dsp_comms.proto/sources/proto/ec_dsp.options
[brox-sku4:ro] [290/385] Building C object CMakeFiles/app.dir/mnt/host/source/src/platform/ec/build/zephyr/brox-sku4/modules/ec/common/battery_info.c.obj
[ocelotrvp-ish:singleimage] [8/266] Generating pw_transport.proto/sources/pw_transport/proto/transport.proto, pw_transport.proto/sources/pw_transport/proto/transport.options
[brox-sku4:ro] [291/385] Building C object CMakeFiles/app.dir/mnt/host/source/src/platform/ec/build/zephyr/brox-sku4/modules/ec/driver/battery/smart.c.obj
[minimal-realtek:ro] -- CMake version: 3.31.7
[minimal-realtek:ro] -- Found Python3: /usr/bin/python3.11 (found suitable version "3.11.11", minimum required is "3.10") found components: Interpreter
[minimal-realtek:ro] -- Cache files will be written to: /mnt/host/source/src/platform/ec/build/zephyr/user-cache
[brox-sku4:ro] [292/385] Building C object CMakeFiles/app.dir/mnt/host/source/src/platform/ec/build/zephyr/brox-sku4/modules/ec/common/charger.c.obj
[minimal-realtek:ro] -- Zephyr version: 4.3.99 (/mnt/host/source/src/third_party/zephyr/main)
[brox-sku4:ro] [293/385] Building C object CMakeFiles/app.dir/mnt/host/source/src/platform/ec/build/zephyr/brox-sku4/modules/ec/common/cbi_common.c.obj
[ocelotrvp-ish:singleimage] [9/266] Generating /mnt/host/source/src/platform/ec/build/zephyr/ocelotrvp-ish/modules/nanopb/generator/proto/nanopb_pb2.py
[/mnt/host/source/src/platform/ec/build/zephyr/ruby-ish-lcov] geninfo: WARNING: (format) invalid characters removed from testname
[brox-sku4:ro] [294/385] Building C object CMakeFiles/app.dir/mnt/host/source/src/platform/ec/build/zephyr/brox-sku4/modules/ec/driver/charger/isl923x.c.obj
[ocelotrvp-ish:singleimage] [10/266] Generating misc/generated/syscalls.json, misc/generated/struct_tags.json
[/mnt/host/source/src/platform/ec/build/zephyr/craask-lcov]   /mnt/host/source/src/platform/ec/build/zephyr/craask/build-rw/zephyr/arch/arch/arm/core/mpu/CMakeFiles/arch__arm__core__mpu.dir/arm_mpu_regions.c.gcno:no functions found
[/mnt/host/source/src/platform/ec/build/zephyr/craask-lcov] stderr:
[brox-sku4:ro] [295/385] Building C object CMakeFiles/app.dir/mnt/host/source/src/platform/ec/build/zephyr/brox-sku4/modules/ec/common/charge_state.c.obj
[ocelotrvp-ish:singleimage] [11/266] Generating include/generated/zephyr/syscall_dispatch.c, include/generated/zephyr/syscall_exports_llext.c, syscall_weakdefs_llext.c, include/generated/zephyr/syscall_list.h
[/mnt/host/source/src/platform/ec/build/zephyr/ruby-ish-lcov] 	(use "geninfo --ignore-errors format,format ..." to suppress this warning)
[/mnt/host/source/src/platform/ec/build/zephyr/ruby-ish-lcov] stderr:
[brox-sku4:ro] [296/385] Building C object CMakeFiles/app.dir/mnt/host/source/src/platform/ec/build/zephyr/brox-sku4/modules/ec/common/cbi_config.c.obj
[brox-sku4:ro] [297/385] Building C object CMakeFiles/app.dir/mnt/host/source/src/platform/ec/build/zephyr/brox-sku4/modules/ec/common/charge_manager.c.obj
[/mnt/host/source/src/platform/ec/build/zephyr/ruby-ish-lcov]   /mnt/host/source/src/platform/ec/build/zephyr/ruby-ish/build-singleimage/modules/pigweed/pw_log_zephyr/CMakeFiles/pw_log_zephyr.dir/log_zephyr.cc.gcno:no functions found
[/mnt/host/source/src/platform/ec/build/zephyr/ruby-ish-lcov] geninfo: WARNING: using JSON module "JSON::PP" - which is much slower than some alternatives.  Consider installing one of JSON::XS or Cpanel::JSON::XS
[ocelotrvp-ish:singleimage] [12/266] Generating include/generated/zephyr/driver-validation.h
[brox-sku4:ro] [298/385] Building C object CMakeFiles/app.dir/mnt/host/source/src/platform/ec/build/zephyr/brox-sku4/modules/ec/common/memory_commands.c.obj
[brox-sku4:ro] [299/385] Building C object CMakeFiles/app.dir/mnt/host/source/src/platform/ec/build/zephyr/brox-sku4/modules/ec/common/cbi.c.obj
[/mnt/host/source/src/platform/ec/build/zephyr/craask-lcov]   /mnt/host/source/src/platform/ec/build/zephyr/craask/build-rw/zephyr/arch/common/CMakeFiles/isr_tables.dir/isr_tables.c.gcno:no functions found
[/mnt/host/source/src/platform/ec/build/zephyr/craask-lcov] stderr:
[ocelotrvp-ish:singleimage] [13/266] Generating include/generated/zephyr/kobj-types-enum.h, include/generated/zephyr/otype-to-str.h, include/generated/zephyr/otype-to-size.h
[brox-sku4:ro] [300/385] Building C object CMakeFiles/app.dir/mnt/host/source/src/platform/ec/build/zephyr/brox-sku4/modules/ec/common/espi.c.obj
[ocelotrvp-ish:singleimage] [14/266] Generating dsp_comms.proto/nanopb/proto/ec_dsp.pb.h, dsp_comms.proto/nanopb/proto/ec_dsp.pb.c
[ocelotrvp-ish:singleimage] [15/266] Generating include/generated/device-api-sections.ld, include/generated/device-api-sections.cmake
[brox-sku4:ro] [301/385] Building C object CMakeFiles/app.dir/mnt/host/source/src/platform/ec/build/zephyr/brox-sku4/modules/ec/common/dptf.c.obj
[brox-sku4:ro] [302/385] Building C object CMakeFiles/app.dir/mnt/host/source/src/platform/ec/build/zephyr/brox-sku4/modules/ec/common/ap_reset_log.c.obj
[brox-sku4:ro] [303/385] Building C object CMakeFiles/app.dir/mnt/host/source/src/platform/ec/build/zephyr/brox-sku4/modules/ec/common/extpower_common.c.obj
[brox-sku4:ro] [304/385] Building C object CMakeFiles/app.dir/mnt/host/source/src/platform/ec/build/zephyr/brox-sku4/modules/ec/common/extpower_gpio.c.obj
[minimal-realtek:rw] -- Board: realtek, qualifiers: rts5912
[brox-sku4:ro] [305/385] Building C object CMakeFiles/app.dir/mnt/host/source/src/platform/ec/build/zephyr/brox-sku4/modules/ec/common/fan.c.obj
[brox-sku4:ro] [306/385] Building C object CMakeFiles/app.dir/mnt/host/source/src/platform/ec/build/zephyr/brox-sku4/modules/ec/common/host_command.c.obj
[minimal-realtek:ro] -- Board: realtek, qualifiers: rts5912
[brox-sku4:ro] [307/385] Building C object CMakeFiles/app.dir/mnt/host/source/src/platform/ec/build/zephyr/brox-sku4/modules/ec/common/flash.c.obj
[ocelotrvp-ish:singleimage] [16/266] Generating pw_transport.proto/nanopb/pw_transport/proto/transport.pb.h, pw_transport.proto/nanopb/pw_transport/proto/transport.pb.c
[brox-sku4:ro] [308/385] Building C object CMakeFiles/app.dir/mnt/host/source/src/platform/ec/build/zephyr/brox-sku4/modules/ec/common/host_command_task.c.obj
[brox-sku4:ro] [309/385] Building C object CMakeFiles/app.dir/mnt/host/source/src/platform/ec/build/zephyr/brox-sku4/modules/ec/common/uart_hostcmd.c.obj
[brox-sku4:ro] [310/385] Building C object CMakeFiles/app.dir/mnt/host/source/src/platform/ec/build/zephyr/brox-sku4/modules/ec/common/host_event_commands.c.obj
[ocelotrvp-ish:singleimage] [17/266] Building C object zephyr/drivers/syscon/CMakeFiles/drivers__syscon.dir/mnt/host/source/src/third_party/zephyr/main/misc/empty_file.c.obj
[brox-sku4:ro] [311/385] Building C object CMakeFiles/app.dir/mnt/host/source/src/platform/ec/build/zephyr/brox-sku4/modules/ec/common/uptime.c.obj
[brox-sku4:ro] [312/385] Building C object CMakeFiles/app.dir/mnt/host/source/src/platform/ec/build/zephyr/brox-sku4/modules/ec/common/i2c_passthru.c.obj
[brox-sku4:ro] [313/385] Building C object CMakeFiles/app.dir/mnt/host/source/src/platform/ec/build/zephyr/brox-sku4/modules/ec/common/i2c_controller.c.obj
[ocelotrvp-ish:singleimage] [18/266] Building C object modules/ec/zephyr/drivers/dsp_comms/CMakeFiles/dsp_comms.proto.nanopb.dir/dsp_comms.proto/nanopb/proto/ec_dsp.pb.c.obj
[brox-sku4:ro] [314/385] Building C object CMakeFiles/app.dir/mnt/host/source/src/platform/ec/build/zephyr/brox-sku4/modules/ec/common/keyboard_8042_sharedlib.c.obj
[ocelotrvp-ish:singleimage] [19/266] Building C object zephyr/CMakeFiles/offsets.dir/arch/x86/core/offsets/offsets.c.obj
[ocelotrvp-ish:singleimage] [20/266] Building C object modules/ec/zephyr/drivers/pw_transport/CMakeFiles/pw_transport.proto.nanopb.dir/pw_transport.proto/nanopb/pw_transport/proto/transport.pb.c.obj
[brox-sku4:ro] [315/385] Building C object CMakeFiles/app.dir/mnt/host/source/src/platform/ec/build/zephyr/brox-sku4/modules/ec/common/keyboard_8042.c.obj
[brox-sku4:ro] [316/385] Building C object CMakeFiles/app.dir/mnt/host/source/src/platform/ec/build/zephyr/brox-sku4/modules/ec/common/mkbp_fifo.c.obj
[brox-sku4:ro] [317/385] Building C object CMakeFiles/app.dir/mnt/host/source/src/platform/ec/build/zephyr/brox-sku4/modules/ec/common/mkbp_info.c.obj
Running (initial) lcov on /mnt/host/source/src/platform/ec/build/zephyr/trulo-ti.
[brox-sku4:ro] [318/385] Building C object CMakeFiles/app.dir/mnt/host/source/src/platform/ec/build/zephyr/brox-sku4/modules/ec/common/keyboard_backlight.c.obj
[ocelotrvp-ish:singleimage] [21/266] Building CXX object modules/pigweed/pw_log_zephyr/CMakeFiles/pw_log_zephyr.dir/log_zephyr.cc.obj
[brox-sku4:ro] [319/385] Building C object CMakeFiles/app.dir/mnt/host/source/src/platform/ec/build/zephyr/brox-sku4/modules/ec/common/mkbp_input_devices.c.obj
[brox-sku4:ro] [320/385] Building C object CMakeFiles/app.dir/mnt/host/source/src/platform/ec/build/zephyr/brox-sku4/modules/ec/common/led_common.c.obj
[ocelotrvp-ish:singleimage] [22/266] Linking CXX static library modules/pigweed/pw_log_zephyr/libpw_log_zephyr.a
[ocelotrvp-ish:singleimage] [23/266] Linking CXX static library modules/ec/zephyr/drivers/pw_transport/libpw_transport.proto.nanopb.a
[ocelotrvp-ish:singleimage] [24/266] Linking CXX static library modules/ec/zephyr/drivers/dsp_comms/libdsp_comms.proto.nanopb.a
[brox-sku4:ro] [321/385] Building C object CMakeFiles/app.dir/mnt/host/source/src/platform/ec/build/zephyr/brox-sku4/modules/ec/common/motion_lid.c.obj
[brox-sku4:ro] [322/385] Building C object CMakeFiles/app.dir/mnt/host/source/src/platform/ec/build/zephyr/brox-sku4/modules/ec/common/lid_angle_keyboard_policy.c.obj
[brox-sku4:ro] [323/385] Building C object CMakeFiles/app.dir/mnt/host/source/src/platform/ec/build/zephyr/brox-sku4/modules/ec/common/lid_angle.c.obj
Running `env -i PYTHONPATH=/usr/lib64/python-exec/python3.11:/mnt/host/source/src/platform/ec/zephyr/zmake:/usr/lib/python311.zip:/usr/lib/python3.11:/usr/lib/python3.11/lib-dynload:/usr/lib/python3.11/site-packages PW_PIGWEED_CIPD_INSTALL_DIR=/usr CROSTC_USER_ACKNOWLEDGES_THAT_RISCV_IS_EXPERIMENTAL=1 PATH=/mnt/host/source/chromite/bin:/usr/local/bin:/usr/bin:/bin:/opt/bin:/mnt/host/source/chromite/sdk/bin:/mnt/host/source/chromite/bin HOME=/home/jpmurphy JAVA_HOME=/etc/java-config-2/current-system-vm JDK_HOME=/etc/java-config-2/current-system-vm JAVAC=/etc/java-config-2/current-system-vm/bin/javac MAKEFLAGS=' -j16 --jobserver-auth=5,6' /usr/bin/lcov --gcov-tool /mnt/host/source/src/platform/ec/build/zephyr/trulo-ti/build-rw/gcov.sh -q -o - -c -d /mnt/host/source/src/platform/ec/build/zephyr/trulo-ti -t trulo-ti --rc branch_coverage=1 --filter range --ignore-errors inconsistent,source --ignore-errors gcov,gcov -i`
[ocelotrvp-ish:singleimage] [25/266] Generating include/generated/zephyr/offsets.h
[brox-sku4:ro] [324/385] Building C object CMakeFiles/app.dir/mnt/host/source/src/platform/ec/build/zephyr/brox-sku4/modules/ec/common/lid_switch.c.obj
[/mnt/host/source/src/platform/ec/build/zephyr/ruby-ish-lcov] stderr:
[brox-sku4:ro] [325/385] Building C object CMakeFiles/app.dir/mnt/host/source/src/platform/ec/build/zephyr/brox-sku4/modules/ec/common/mkbp_event.c.obj
[minimal-realtek:rw] -- Found Dtc: /usr/bin/dtc (found suitable version "1.6.0", minimum required is "1.4.6")
[minimal-realtek:rw] -- Found BOARD.dts: /mnt/host/source/src/platform/ec/zephyr/boards/google/realtek/realtek_rts5912.dts
[minimal-realtek:rw] -- Found devicetree overlay: /mnt/host/source/src/platform/ec/zephyr/program/minimal/realtek.dts
[/mnt/host/source/src/platform/ec/build/zephyr/ruby-ish-lcov]   /mnt/host/source/src/platform/ec/build/zephyr/ruby-ish/build-singleimage/modules/ec/zephyr/drivers/pw_transport/CMakeFiles/pw_transport.proto.nanopb.dir/pw_transport.proto/nanopb/pw_transport/proto/transport.pb.c.gcno:no functions found
[/mnt/host/source/src/platform/ec/build/zephyr/ruby-ish-lcov] stderr:
[brox-sku4:ro] [326/385] Building C object CMakeFiles/app.dir/mnt/host/source/src/platform/ec/build/zephyr/brox-sku4/modules/ec/common/port80.c.obj
[brox-sku4:ro] [327/385] Building C object CMakeFiles/app.dir/mnt/host/source/src/platform/ec/build/zephyr/brox-sku4/modules/ec/common/motion_sense.c.obj
[ocelotrvp-ish:singleimage] [26/266] Building C object CMakeFiles/app.dir/mnt/host/source/src/platform/ec/zephyr/subsys/ap_pwrseq/ap_events.c.obj
[minimal-realtek:ro] -- Found Dtc: /usr/bin/dtc (found suitable version "1.6.0", minimum required is "1.4.6")
[minimal-realtek:ro] -- Found BOARD.dts: /mnt/host/source/src/platform/ec/zephyr/boards/google/realtek/realtek_rts5912.dts
[minimal-realtek:ro] -- Found devicetree overlay: /mnt/host/source/src/platform/ec/zephyr/program/minimal/realtek.dts
[brox-sku4:ro] [328/385] Building C object CMakeFiles/app.dir/mnt/host/source/src/platform/ec/build/zephyr/brox-sku4/modules/ec/power/hibernate.c.obj
[brox-sku4:ro] [329/385] Building C object CMakeFiles/app.dir/mnt/host/source/src/platform/ec/build/zephyr/brox-sku4/modules/ec/common/power_button.c.obj
[brox-sku4:ro] [330/385] Building C object CMakeFiles/app.dir/mnt/host/source/src/platform/ec/build/zephyr/brox-sku4/modules/ec/common/shared_mem.c.obj
[brox-sku4:ro] [331/385] Building C object CMakeFiles/app.dir/mnt/host/source/src/platform/ec/build/zephyr/brox-sku4/modules/ec/common/panic_output.c.obj
[brox-sku4:ro] [332/385] Building C object CMakeFiles/app.dir/mnt/host/source/src/platform/ec/build/zephyr/brox-sku4/modules/ec/common/switch.c.obj
[/mnt/host/source/src/platform/ec/build/zephyr/trulo-ti-lcov] geninfo: WARNING: (format) invalid characters removed from testname
[brox-sku4:ro] [333/385] Building C object CMakeFiles/app.dir/mnt/host/source/src/platform/ec/build/zephyr/brox-sku4/modules/ec/common/tablet_mode.c.obj
[brox-sku4:ro] [334/385] Building C object CMakeFiles/app.dir/mnt/host/source/src/platform/ec/build/zephyr/brox-sku4/modules/ec/common/thermal.c.obj
[minimal-realtek:rw] -- Generated zephyr.dts: /mnt/host/source/src/platform/ec/build/zephyr/minimal-realtek/build-rw/zephyr/zephyr.dts
[minimal-realtek:rw] -- Generated pickled edt: /mnt/host/source/src/platform/ec/build/zephyr/minimal-realtek/build-rw/zephyr/edt.pickle
[brox-sku4:ro] [335/385] Building C object CMakeFiles/app.dir/mnt/host/source/src/platform/ec/build/zephyr/brox-sku4/modules/ec/driver/temp_sensor/thermistor.c.obj
[ocelotrvp-ish:singleimage] [27/266] Building C object CMakeFiles/app.dir/mnt/host/source/src/platform/ec/build/zephyr/ocelotrvp-ish/modules/ec/builtin/stdlib.c.obj
[brox-sku4:ro] [336/385] Building C object CMakeFiles/app.dir/mnt/host/source/src/platform/ec/build/zephyr/brox-sku4/modules/ec/common/temp_sensor.c.obj
[brox-sku4:ro] [337/385] Building C object CMakeFiles/app.dir/mnt/host/source/src/platform/ec/build/zephyr/brox-sku4/modules/ec/common/timer.c.obj
[minimal-realtek:rw] -- Generated devicetree_generated.h: /mnt/host/source/src/platform/ec/build/zephyr/minimal-realtek/build-rw/zephyr/include/generated/zephyr/devicetree_generated.h
[/mnt/host/source/src/platform/ec/build/zephyr/trulo-ti-lcov] 	(use "geninfo --ignore-errors format,format ..." to suppress this warning)
[/mnt/host/source/src/platform/ec/build/zephyr/trulo-ti-lcov] geninfo: WARNING: using JSON module "JSON::PP" - which is much slower than some alternatives.  Consider installing one of JSON::XS or Cpanel::JSON::XS
[brox-sku4:ro] [338/385] Building C object CMakeFiles/app.dir/mnt/host/source/src/platform/ec/build/zephyr/brox-sku4/modules/ec/common/usbc_utils.c.obj
[brox-sku4:ro] [339/385] Building C object CMakeFiles/app.dir/mnt/host/source/src/platform/ec/build/zephyr/brox-sku4/modules/ec/common/usb_port_power_dumb.c.obj
[minimal-realtek:ro] -- Generated zephyr.dts: /mnt/host/source/src/platform/ec/build/zephyr/minimal-realtek/build-ro/zephyr/zephyr.dts
[minimal-realtek:ro] -- Generated pickled edt: /mnt/host/source/src/platform/ec/build/zephyr/minimal-realtek/build-ro/zephyr/edt.pickle
[brox-sku4:ro] [340/385] Building C object CMakeFiles/app.dir/mnt/host/source/src/platform/ec/build/zephyr/brox-sku4/modules/ec/common/usb_common.c.obj
[ocelotrvp-ish:singleimage] [28/266] Building C object CMakeFiles/app.dir/mnt/host/source/src/platform/ec/build/zephyr/ocelotrvp-ish/modules/ec/common/base32.c.obj
[brox-sku4:ro] [341/385] Building C object CMakeFiles/app.dir/mnt/host/source/src/platform/ec/build/zephyr/brox-sku4/modules/ec/common/usb_pd_host_cmd_common.c.obj
[brox-sku4:ro] [342/385] Building C object CMakeFiles/app.dir/mnt/host/source/src/platform/ec/build/zephyr/brox-sku4/modules/ec/common/vboot_hash.c.obj
[brox-sku4:ro] [343/385] Building C object CMakeFiles/app.dir/mnt/host/source/src/platform/ec/build/zephyr/brox-sku4/modules/ec/common/button.c.obj
[brox-sku4:ro] [344/385] Linking C static library modules/ec/zephyr/libec_shim.a
[/mnt/host/source/src/platform/ec/build/zephyr/craask-lcov]   /mnt/host/source/src/platform/ec/build/zephyr/craask/build-rw/zephyr/CMakeFiles/zephyr.dir/subsys/shell/modules/kernel_service/kernel_shell.c.gcno:no functions found
[/mnt/host/source/src/platform/ec/build/zephyr/craask-lcov] stderr:
[brox-sku4:ro] [345/385] Building C object CMakeFiles/app.dir/mnt/host/source/src/platform/ec/build/zephyr/brox-sku4/modules/ec/common/math_util.c.obj
[minimal-realtek:ro] -- Generated devicetree_generated.h: /mnt/host/source/src/platform/ec/build/zephyr/minimal-realtek/build-ro/zephyr/include/generated/zephyr/devicetree_generated.h
[brox-sku4:ro] [346/385] Building C object CMakeFiles/app.dir/mnt/host/source/src/platform/ec/build/zephyr/brox-sku4/modules/ec/common/vboot/efs2.c.obj
[brox-sku4:ro] [347/385] Building C object CMakeFiles/app.dir/mnt/host/source/src/platform/ec/build/zephyr/brox-sku4/modules/ec/common/vstore.c.obj
[brox-sku4:ro] [348/385] Building C object CMakeFiles/app.dir/src/board_power.c.obj
[ocelotrvp-ish:singleimage] [29/266] Building C object CMakeFiles/app.dir/mnt/host/source/src/platform/ec/build/zephyr/ocelotrvp-ish/modules/ec/common/console_output.c.obj
[/mnt/host/source/src/platform/ec/build/zephyr/craask-lcov]   /mnt/host/source/src/platform/ec/build/zephyr/craask/build-rw/zephyr/CMakeFiles/zephyr.dir/lib/libc/validate_libc.c.gcno:no functions found
[/mnt/host/source/src/platform/ec/build/zephyr/craask-lcov] stderr:
[brox-sku4:ro] [349/385] Building C object CMakeFiles/app.dir/src/hibernate.c.obj
[brox-sku4:ro] [350/385] Building C object zephyr/kernel/CMakeFiles/kernel.dir/main_weak.c.obj
[brox-sku4:ro] [351/385] Building C object CMakeFiles/app.dir/src/suspend_resume.c.obj
[brox-sku4:ro] [352/385] Building C object zephyr/kernel/CMakeFiles/kernel.dir/busy_wait.c.obj
[brox-sku4:ro] [353/385] Building C object CMakeFiles/app.dir/src/usbc.c.obj
[brox-sku4:ro] [354/385] Building C object zephyr/kernel/CMakeFiles/kernel.dir/banner.c.obj
[brox-sku4:ro] [355/385] Building C object zephyr/kernel/CMakeFiles/kernel.dir/device.c.obj
[brox-sku4:ro] [356/385] Building C object zephyr/kernel/CMakeFiles/kernel.dir/errno.c.obj
[brox-sku4:ro] [357/385] Building C object zephyr/kernel/CMakeFiles/kernel.dir/version.c.obj
[brox-sku4:ro] [358/385] Linking C static library app/libapp.a
[minimal-realtek:rw] /mnt/host/source/src/platform/ec/build/zephyr/minimal-realtek/build-rw/zephyr/zephyr.dts:861.20-863.5: Warning (simple_bus_reg): /soc/cros-flash: missing or empty reg/ranges property
[brox-sku4:ro] [359/385] Building C object zephyr/kernel/CMakeFiles/kernel.dir/fatal.c.obj
[ocelotrvp-ish:singleimage] [30/266] Building C object CMakeFiles/app.dir/mnt/host/source/src/platform/ec/build/zephyr/ocelotrvp-ish/modules/ec/common/ec_features.c.obj
[brox-sku4:ro] [360/385] Building C object zephyr/kernel/CMakeFiles/kernel.dir/init.c.obj
[brox-sku4:ro] [361/385] Building C object zephyr/kernel/CMakeFiles/kernel.dir/kheap.c.obj
[brox-sku4:ro] [362/385] Building C object zephyr/kernel/CMakeFiles/kernel.dir/mem_slab.c.obj
[brox-sku4:ro] [363/385] Building C object zephyr/kernel/CMakeFiles/kernel.dir/float.c.obj
[brox-sku4:ro] [364/385] Building C object zephyr/kernel/CMakeFiles/kernel.dir/idle.c.obj
[minimal-realtek:ro] /mnt/host/source/src/platform/ec/build/zephyr/minimal-realtek/build-ro/zephyr/zephyr.dts:861.20-863.5: Warning (simple_bus_reg): /soc/cros-flash: missing or empty reg/ranges property
[brox-sku4:ro] [365/385] Building C object zephyr/kernel/CMakeFiles/kernel.dir/mailbox.c.obj
[brox-sku4:ro] [366/385] Building C object zephyr/kernel/CMakeFiles/kernel.dir/msg_q.c.obj
[brox-sku4:ro] [367/385] Building C object zephyr/kernel/CMakeFiles/kernel.dir/mutex.c.obj
[ocelotrvp-ish:singleimage] [31/266] Building C object CMakeFiles/app.dir/mnt/host/source/src/platform/ec/build/zephyr/ocelotrvp-ish/modules/ec/common/gpio_commands.c.obj
[/mnt/host/source/src/platform/ec/build/zephyr/craask-lcov]   /mnt/host/source/src/platform/ec/build/zephyr/craask/build-rw/zephyr/CMakeFiles/zephyr.dir/lib/utils/last_section_id.c.gcno:no functions found
[/mnt/host/source/src/platform/ec/build/zephyr/craask-lcov] stderr:
[brox-sku4:ro] [368/385] Building C object zephyr/kernel/CMakeFiles/kernel.dir/sem.c.obj
[brox-sku4:ro] [369/385] Building C object zephyr/kernel/CMakeFiles/kernel.dir/queue.c.obj
[brox-sku4:ro] [370/385] Building C object zephyr/kernel/CMakeFiles/kernel.dir/system_work_q.c.obj
[brox-sku4:ro] [371/385] Building C object zephyr/kernel/CMakeFiles/kernel.dir/stack.c.obj
[brox-sku4:ro] [372/385] Building C object zephyr/kernel/CMakeFiles/kernel.dir/condvar.c.obj
[brox-sku4:ro] [373/385] Building C object zephyr/kernel/CMakeFiles/kernel.dir/spinlock_validate.c.obj
[brox-sku4:ro] [374/385] Building C object zephyr/kernel/CMakeFiles/kernel.dir/thread.c.obj
[brox-sku4:ro] [375/385] Building C object zephyr/kernel/CMakeFiles/kernel.dir/work.c.obj
[ocelotrvp-ish:singleimage] [32/266] Building C object CMakeFiles/app.dir/mnt/host/source/src/platform/ec/build/zephyr/ocelotrvp-ish/modules/ec/common/peripheral.c.obj
[brox-sku4:ro] [376/385] Building C object zephyr/kernel/CMakeFiles/kernel.dir/pipe.c.obj
[/mnt/host/source/src/platform/ec/build/zephyr/trulo-ti-lcov] stderr:
[brox-sku4:ro] [377/385] Building C object zephyr/kernel/CMakeFiles/kernel.dir/thread_monitor.c.obj
Toolchain <zmake.toolchains.CorebootSdkToolchain object at 0x7f41204a7650> selected by probe function.
[mtlrvpp_m1723] Building in /mnt/host/source/src/platform/ec/build/zephyr/mtlrvpp_m1723.
[brox-sku4:ro] [378/385] Building C object zephyr/kernel/CMakeFiles/kernel.dir/sched.c.obj
[brox-sku4:ro] [379/385] Building C object zephyr/kernel/CMakeFiles/kernel.dir/timeout.c.obj
[mtlrvpp_m1723:ro] Configuring.
Running `env -i PYTHONPATH=/usr/lib64/python-exec/python3.11:/mnt/host/source/src/platform/ec/zephyr/zmake:/usr/lib/python311.zip:/usr/lib/python3.11:/usr/lib/python3.11/lib-dynload:/usr/lib/python3.11/site-packages PW_PIGWEED_CIPD_INSTALL_DIR=/usr CROSTC_USER_ACKNOWLEDGES_THAT_RISCV_IS_EXPERIMENTAL=1 PATH=/mnt/host/source/chromite/bin:/usr/local/bin:/usr/bin:/bin:/opt/bin:/mnt/host/source/chromite/sdk/bin:/mnt/host/source/chromite/bin HOME=/home/jpmurphy JAVA_HOME=/etc/java-config-2/current-system-vm JDK_HOME=/etc/java-config-2/current-system-vm JAVAC=/etc/java-config-2/current-system-vm/bin/javac MAKEFLAGS=' -j16 --jobserver-auth=5,6' /usr/bin/cmake -S /mnt/host/source/src/platform/ec/zephyr/program/intelrvp -B /mnt/host/source/src/platform/ec/build/zephyr/mtlrvpp_m1723/build-ro -GNinja -DCMAKE_EXPORT_COMPILE_COMMANDS=ON -DZEPHYR_BASE=/mnt/host/source/src/third_party/zephyr/main -DZMAKE_INCLUDE_DIR=/mnt/host/source/src/platform/ec/build/zephyr/mtlrvpp_m1723/include -DPython3_EXECUTABLE=/usr/bin/python3.11 -DDTS_ROOT=/mnt/host/source/src/platform/ec/zephyr -DSYSCALL_INCLUDE_DIRS=/mnt/host/source/src/platform/ec/zephyr/include/drivers -DUSER_CACHE_DIR=/mnt/host/source/src/platform/ec/build/zephyr/user-cache '-DEXTRA_EC_VERSION_FLAGS=--version 16543.0.0 --static' -DTOOLCHAIN_ROOT=/mnt/host/source/src/platform/ec/zephyr -DCOREBOOT_SDK_ROOT_x86=/home/jpmurphy/.cache/coreboot-sdk/i386-elf/dfbb0486385d938cfa9d73080b9d18d598ed4f49 -DCOREBOOT_SDK_ROOT_picolibc_x86=/home/jpmurphy/.cache/coreboot-sdk/picolibc-i386-elf/eb8e8e687b95461de8cbf278f1c2076952d0ad17 -DCOREBOOT_SDK_ROOT_riscv64=/home/jpmurphy/.cache/coreboot-sdk/riscv64-elf/96b949749225b6aaa92ed810ab769e8dfb12f000 -DCOREBOOT_SDK_ROOT_picolibc_arm=/home/jpmurphy/.cache/coreboot-sdk/picolibc-arm-eabi/422a2aa3e1ef891b5bece9a3deb696ff83840d2e -DCOREBOOT_SDK_ROOT_nds32=/home/jpmurphy/.cache/coreboot-sdk/nds32le-elf/d1a518c4a097666d86058e1444f85ca015d15511 -DCOREBOOT_SDK_ROOT_picolibc_riscv64=/home/jpmurphy/.cache/coreboot-sdk/picolibc-riscv64-elf/f571e990ef0278564b31124f8bb109d9a697eb69 -DCOREBOOT_SDK_ROOT_arm=/home/jpmurphy/.cache/coreboot-sdk/arm-eabi/ea40ddd1d190c3b48435c474c0b545719371813a -DCOREBOOT_SDK_ROOT_libstdcxx_riscv64=/home/jpmurphy/.cache/coreboot-sdk/libstdcxx-riscv64-elf/17abf22a3a252e2d5d2062ced5324f7a623689e0 -DCOREBOOT_SDK_ROOT_libstdcxx_arm=/home/jpmurphy/.cache/coreboot-sdk/libstdcxx-arm-eabi/5d7d82e150e44aa1968f1d366e267e6687b328ac -DCOREBOOT_SDK_ROOT_riscv=/home/jpmurphy/.cache/coreboot-sdk/riscv-elf/9a27b9e82341c6e9126624f516ab3f261abb3e73 -DCOREBOOT_SDK_ROOT_libstdcxx_x86=/home/jpmurphy/.cache/coreboot-sdk/libstdcxx-i386-elf/42ef9d2e87a76a37963175d7d428734e65648b87 -DZEPHYR_TOOLCHAIN_VARIANT=coreboot-sdk '-DZEPHYR_MODULES=/mnt/host/source/src/platform/ec/build/zephyr/mtlrvpp_m1723/modules/cmsis;/mnt/host/source/src/platform/ec/build/zephyr/mtlrvpp_m1723/modules/cmsis_6;/mnt/host/source/src/platform/ec/build/zephyr/mtlrvpp_m1723/modules/ec' '-DDTC_OVERLAY_FILE=/mnt/host/source/src/platform/ec/zephyr/program/intelrvp/adlrvp/battery.dts;/mnt/host/source/src/platform/ec/zephyr/program/intelrvp/mtlrvp/mtlrvpp_mchp/fan.dts;/mnt/host/source/src/platform/ec/zephyr/program/intelrvp/mtlrvp/mtlrvpp_mchp/gpio.dts;/mnt/host/source/src/platform/ec/zephyr/program/intelrvp/mtlrvp/mtlrvpp_mchp/keyboard.dts;/mnt/host/source/src/platform/ec/zephyr/program/intelrvp/mtlrvp/mtlrvpp_npcx/interrupts.dts;/mnt/host/source/src/platform/ec/zephyr/program/intelrvp/mtlrvp/mtlrvpp_npcx/tcpc_interrupts.dts;/mnt/host/source/src/platform/ec/zephyr/program/intelrvp/mtlrvp/ioex.dts;/mnt/host/source/src/platform/ec/zephyr/program/intelrvp/mtlrvp/tcpc_ioex.dts;/mnt/host/source/src/platform/ec/zephyr/program/intelrvp/mtlrvp/mtlrvpp_mchp/mtlrvp_mchp.dts;/mnt/host/source/src/platform/ec/zephyr/program/intelrvp/mtlrvp/mtlrvpp_m1723/mtlrvp_flash.dts;/mnt/host/source/src/platform/ec/zephyr/program/intelrvp/mtlrvp/mtlrvpp_mchp/mtlrvp_mchp_power_signals.dts;/mnt/host/source/src/platform/ec/zephyr/program/intelrvp/adlrvp/adlrvp_npcx/temp_sensor.dts;/mnt/host/source/src/platform/ec/zephyr/program/intelrvp/mtlrvp/usbc.dts' -DBOARD=mec172x/mec172x_nsz/mec1723 -DCMAKE_C_FLAGS=-DSECTION_IS_RO '-DCONF_FILE=/mnt/host/source/src/platform/ec/zephyr/program/intelrvp/program.conf;/mnt/host/source/src/platform/ec/zephyr/program/intelrvp/mtlrvp/prj.conf;/mnt/host/source/src/platform/ec/zephyr/program/intelrvp/zephyr_ap_pwrseq.conf;/mnt/host/source/src/platform/ec/zephyr/program/intelrvp/mtlrvp/mtlrvpp_m1723/prj.conf;/mnt/host/source/src/platform/ec/zephyr/program/intelrvp/mtlrvp/mtlrvpp_mchp/board_mchp.conf;/mnt/host/source/src/platform/ec/zephyr/program/intelrvp/mtlrvp/tcpc.conf;/mnt/host/source/src/platform/ec/build/zephyr/mtlrvpp_m1723/kconfig-ro.conf'`
[mtlrvpp_m1723:ro] Loading Zephyr default modules (Zephyr base (cached)).
[mtlrvpp_m1723:ro] -- Application: /mnt/host/source/src/platform/ec/zephyr/program/intelrvp
[mtlrvpp_m1723:ro] -- CMake version: 3.31.7
[brox-sku4:ro] [380/385] Building C object zephyr/kernel/CMakeFiles/kernel.dir/timer.c.obj
[mtlrvpp_m1723:rw] Configuring.
Running `env -i PYTHONPATH=/usr/lib64/python-exec/python3.11:/mnt/host/source/src/platform/ec/zephyr/zmake:/usr/lib/python311.zip:/usr/lib/python3.11:/usr/lib/python3.11/lib-dynload:/usr/lib/python3.11/site-packages PW_PIGWEED_CIPD_INSTALL_DIR=/usr CROSTC_USER_ACKNOWLEDGES_THAT_RISCV_IS_EXPERIMENTAL=1 PATH=/mnt/host/source/chromite/bin:/usr/local/bin:/usr/bin:/bin:/opt/bin:/mnt/host/source/chromite/sdk/bin:/mnt/host/source/chromite/bin HOME=/home/jpmurphy JAVA_HOME=/etc/java-config-2/current-system-vm JDK_HOME=/etc/java-config-2/current-system-vm JAVAC=/etc/java-config-2/current-system-vm/bin/javac MAKEFLAGS=' -j16 --jobserver-auth=5,6' /usr/bin/cmake -S /mnt/host/source/src/platform/ec/zephyr/program/intelrvp -B /mnt/host/source/src/platform/ec/build/zephyr/mtlrvpp_m1723/build-rw -GNinja -DCMAKE_EXPORT_COMPILE_COMMANDS=ON -DZEPHYR_BASE=/mnt/host/source/src/third_party/zephyr/main -DZMAKE_INCLUDE_DIR=/mnt/host/source/src/platform/ec/build/zephyr/mtlrvpp_m1723/include -DPython3_EXECUTABLE=/usr/bin/python3.11 -DDTS_ROOT=/mnt/host/source/src/platform/ec/zephyr -DSYSCALL_INCLUDE_DIRS=/mnt/host/source/src/platform/ec/zephyr/include/drivers -DUSER_CACHE_DIR=/mnt/host/source/src/platform/ec/build/zephyr/user-cache '-DEXTRA_EC_VERSION_FLAGS=--version 16543.0.0 --static' -DTOOLCHAIN_ROOT=/mnt/host/source/src/platform/ec/zephyr -DCOREBOOT_SDK_ROOT_x86=/home/jpmurphy/.cache/coreboot-sdk/i386-elf/dfbb0486385d938cfa9d73080b9d18d598ed4f49 -DCOREBOOT_SDK_ROOT_picolibc_x86=/home/jpmurphy/.cache/coreboot-sdk/picolibc-i386-elf/eb8e8e687b95461de8cbf278f1c2076952d0ad17 -DCOREBOOT_SDK_ROOT_riscv64=/home/jpmurphy/.cache/coreboot-sdk/riscv64-elf/96b949749225b6aaa92ed810ab769e8dfb12f000 -DCOREBOOT_SDK_ROOT_picolibc_arm=/home/jpmurphy/.cache/coreboot-sdk/picolibc-arm-eabi/422a2aa3e1ef891b5bece9a3deb696ff83840d2e -DCOREBOOT_SDK_ROOT_nds32=/home/jpmurphy/.cache/coreboot-sdk/nds32le-elf/d1a518c4a097666d86058e1444f85ca015d15511 -DCOREBOOT_SDK_ROOT_picolibc_riscv64=/home/jpmurphy/.cache/coreboot-sdk/picolibc-riscv64-elf/f571e990ef0278564b31124f8bb109d9a697eb69 -DCOREBOOT_SDK_ROOT_arm=/home/jpmurphy/.cache/coreboot-sdk/arm-eabi/ea40ddd1d190c3b48435c474c0b545719371813a -DCOREBOOT_SDK_ROOT_libstdcxx_riscv64=/home/jpmurphy/.cache/coreboot-sdk/libstdcxx-riscv64-elf/17abf22a3a252e2d5d2062ced5324f7a623689e0 -DCOREBOOT_SDK_ROOT_libstdcxx_arm=/home/jpmurphy/.cache/coreboot-sdk/libstdcxx-arm-eabi/5d7d82e150e44aa1968f1d366e267e6687b328ac -DCOREBOOT_SDK_ROOT_riscv=/home/jpmurphy/.cache/coreboot-sdk/riscv-elf/9a27b9e82341c6e9126624f516ab3f261abb3e73 -DCOREBOOT_SDK_ROOT_libstdcxx_x86=/home/jpmurphy/.cache/coreboot-sdk/libstdcxx-i386-elf/42ef9d2e87a76a37963175d7d428734e65648b87 -DZEPHYR_TOOLCHAIN_VARIANT=coreboot-sdk '-DZEPHYR_MODULES=/mnt/host/source/src/platform/ec/build/zephyr/mtlrvpp_m1723/modules/cmsis;/mnt/host/source/src/platform/ec/build/zephyr/mtlrvpp_m1723/modules/cmsis_6;/mnt/host/source/src/platform/ec/build/zephyr/mtlrvpp_m1723/modules/ec' '-DDTC_OVERLAY_FILE=/mnt/host/source/src/platform/ec/zephyr/program/intelrvp/adlrvp/battery.dts;/mnt/host/source/src/platform/ec/zephyr/program/intelrvp/mtlrvp/mtlrvpp_mchp/fan.dts;/mnt/host/source/src/platform/ec/zephyr/program/intelrvp/mtlrvp/mtlrvpp_mchp/gpio.dts;/mnt/host/source/src/platform/ec/zephyr/program/intelrvp/mtlrvp/mtlrvpp_mchp/keyboard.dts;/mnt/host/source/src/platform/ec/zephyr/program/intelrvp/mtlrvp/mtlrvpp_npcx/interrupts.dts;/mnt/host/source/src/platform/ec/zephyr/program/intelrvp/mtlrvp/mtlrvpp_npcx/tcpc_interrupts.dts;/mnt/host/source/src/platform/ec/zephyr/program/intelrvp/mtlrvp/ioex.dts;/mnt/host/source/src/platform/ec/zephyr/program/intelrvp/mtlrvp/tcpc_ioex.dts;/mnt/host/source/src/platform/ec/zephyr/program/intelrvp/mtlrvp/mtlrvpp_mchp/mtlrvp_mchp.dts;/mnt/host/source/src/platform/ec/zephyr/program/intelrvp/mtlrvp/mtlrvpp_m1723/mtlrvp_flash.dts;/mnt/host/source/src/platform/ec/zephyr/program/intelrvp/mtlrvp/mtlrvpp_mchp/mtlrvp_mchp_power_signals.dts;/mnt/host/source/src/platform/ec/zephyr/program/intelrvp/adlrvp/adlrvp_npcx/temp_sensor.dts;/mnt/host/source/src/platform/ec/zephyr/program/intelrvp/mtlrvp/usbc.dts' -DBOARD=mec172x/mec172x_nsz/mec1723 -DCMAKE_C_FLAGS=-DSECTION_IS_RW '-DCONF_FILE=/mnt/host/source/src/platform/ec/zephyr/program/intelrvp/program.conf;/mnt/host/source/src/platform/ec/zephyr/program/intelrvp/mtlrvp/prj.conf;/mnt/host/source/src/platform/ec/zephyr/program/intelrvp/zephyr_ap_pwrseq.conf;/mnt/host/source/src/platform/ec/zephyr/program/intelrvp/mtlrvp/mtlrvpp_m1723/prj.conf;/mnt/host/source/src/platform/ec/zephyr/program/intelrvp/mtlrvp/mtlrvpp_mchp/board_mchp.conf;/mnt/host/source/src/platform/ec/zephyr/program/intelrvp/mtlrvp/tcpc.conf;/mnt/host/source/src/platform/ec/build/zephyr/mtlrvpp_m1723/kconfig-rw.conf'`
[mtlrvpp_m1723:rw] Loading Zephyr default modules (Zephyr base (cached)).
[mtlrvpp_m1723:rw] -- Application: /mnt/host/source/src/platform/ec/zephyr/program/intelrvp
[mtlrvpp_m1723:rw] -- CMake version: 3.31.7
[/mnt/host/source/src/platform/ec/build/zephyr/trulo-ti-lcov]   /mnt/host/source/src/platform/ec/build/zephyr/trulo-ti/build-ro/modules/ec/zephyr/CMakeFiles/ec_shim.dir/shim/src/thermal.c.gcno:no functions found
[/mnt/host/source/src/platform/ec/build/zephyr/trulo-ti-lcov] stderr:
[brox-sku4:ro] [381/385] Building C object zephyr/kernel/CMakeFiles/kernel.dir/poll.c.obj
[brox-sku4:ro] [382/385] Building C object zephyr/kernel/CMakeFiles/kernel.dir/events.c.obj
[ocelotrvp-ish:singleimage] [33/266] Building C object CMakeFiles/app.dir/mnt/host/source/src/platform/ec/build/zephyr/ocelotrvp-ish/modules/ec/common/printf.c.obj
[brox-sku4:ro] [383/385] Building C object zephyr/kernel/CMakeFiles/kernel.dir/mempool.c.obj
[ocelotrvp-ish:singleimage] [34/266] Building C object CMakeFiles/app.dir/mnt/host/source/src/platform/ec/build/zephyr/ocelotrvp-ish/modules/ec/common/queue.c.obj
[/mnt/host/source/src/platform/ec/build/zephyr/ruby-ish-lcov]   /mnt/host/source/src/platform/ec/build/zephyr/ruby-ish/build-singleimage/modules/ec/zephyr/drivers/dsp_comms/CMakeFiles/dsp_comms.proto.nanopb.dir/dsp_comms.proto/nanopb/proto/ec_dsp.pb.c.gcno:no functions found
[/mnt/host/source/src/platform/ec/build/zephyr/ruby-ish-lcov] stderr:
Toolchain <zmake.toolchains.CorebootSdkToolchain object at 0x7f4120535810> selected by probe function.
[winterhold] Building in /mnt/host/source/src/platform/ec/build/zephyr/winterhold.
[voltorb:ro] Building: /usr/bin/ninja -C /mnt/host/source/src/platform/ec/build/zephyr/voltorb/build-ro all.libraries
Running `env -i SHELL=/bin/bash COLORTERM=truecolor DEPOT_TOOLS_UPDATE=0 LESS='-R -M --shift 5' SUDO_GID=0 JDK_HOME=/etc/java-config-2/current-system-vm CONFIG_PROTECT_MASK='/etc/gentoo-release /etc/sandbox.d /etc/fonts/fonts.conf /etc/terminfo /etc/ca-certificates.conf /etc/revdep-rebuild' CHROMEOS_CACHEDIR=/var/cache/chromeos-cache JAVA_HOME=/etc/java-config-2/current-system-vm SSH_AUTH_SOCK=/tmp/ssh-auth-sock SUDO_COMMAND=/bin/bash SUDO_USER=root SUDO_TTY=/dev/pts/2 EDITOR=/usr/bin/vi PWD=/mnt/host/source/src/platform/ec CONFIG_PROTECT=/usr/share/gnupg/qualified.txt LOGNAME=jpmurphy MANPATH=/etc/java-config-2/current-system-vm/man:/usr/local/share/man:/usr/share/man:/usr/share/gcc-data/x86_64-pc-linux-gnu/10.2.0/man:/usr/share/binutils-data/x86_64-pc-linux-gnu/2.45/man:/etc/java-config-2/current-system-vm/man/ SUDO_HOME=/root XAUTHORITY=/run/user/944457/gdm/Xauthority HOME=/home/jpmurphy LANG=C.UTF-8 LS_COLORS='rs=0:di=01;34:ln=01;36:mh=00:pi=40;33:so=01;35:do=01;35:bd=40;33;01:cd=40;33;01:or=01;05;37;41:mi=01;05;37;41:su=37;41:sg=30;43:ca=30;41:tw=30;42:ow=34;42:st=37;44:ex=01;32:*.tar=01;31:*.tgz=01;31:*.arc=01;31:*.arj=01;31:*.taz=01;31:*.lha=01;31:*.lz4=01;31:*.lzh=01;31:*.lzma=01;31:*.tlz=01;31:*.txz=01;31:*.tzo=01;31:*.t7z=01;31:*.zip=01;31:*.z=01;31:*.dz=01;31:*.gz=01;31:*.lrz=01;31:*.lz=01;31:*.lzo=01;31:*.xz=01;31:*.zst=01;31:*.tzst=01;31:*.bz2=01;31:*.bz=01;31:*.tbz=01;31:*.tbz2=01;31:*.tz=01;31:*.deb=01;31:*.rpm=01;31:*.jar=01;31:*.war=01;31:*.ear=01;31:*.sar=01;31:*.rar=01;31:*.alz=01;31:*.ace=01;31:*.zoo=01;31:*.cpio=01;31:*.7z=01;31:*.rz=01;31:*.cab=01;31:*.wim=01;31:*.swm=01;31:*.dwm=01;31:*.esd=01;31:*.jpg=01;35:*.jpeg=01;35:*.mjpg=01;35:*.mjpeg=01;35:*.gif=01;35:*.bmp=01;35:*.pbm=01;35:*.pgm=01;35:*.ppm=01;35:*.tga=01;35:*.xbm=01;35:*.xpm=01;35:*.tif=01;35:*.tiff=01;35:*.png=01;35:*.svg=01;35:*.svgz=01;35:*.mng=01;35:*.pcx=01;35:*.mov=01;35:*.mpg=01;35:*.mpeg=01;35:*.m2v=01;35:*.mkv=01;35:*.webm=01;35:*.webp=01;35:*.ogm=01;35:*.mp4=01;35:*.m4v=01;35:*.mp4v=01;35:*.vob=01;35:*.qt=01;35:*.nuv=01;35:*.wmv=01;35:*.asf=01;35:*.rm=01;35:*.rmvb=01;35:*.flc=01;35:*.avi=01;35:*.fli=01;35:*.flv=01;35:*.gl=01;35:*.dl=01;35:*.xcf=01;35:*.xwd=01;35:*.yuv=01;35:*.cgm=01;35:*.emf=01;35:*.ogv=01;35:*.ogx=01;35:*.cfg=00;32:*.conf=00;32:*.diff=00;32:*.doc=00;32:*.ini=00;32:*.log=00;32:*.patch=00;32:*.pdf=00;32:*.ps=00;32:*.tex=00;32:*.txt=00;32:*.aac=00;36:*.au=00;36:*.flac=00;36:*.m4a=00;36:*.mid=00;36:*.midi=00;36:*.mka=00;36:*.mp3=00;36:*.mpc=00;36:*.ogg=00;36:*.ra=00;36:*.wav=00;36:*.oga=00;36:*.opus=00;36:*.spx=00;36:*.xspf=00;36:' XDG_CURRENT_DESKTOP=GNOME INFOPATH=/usr/share/info:/usr/share/gcc-data/x86_64-pc-linux-gnu/10.2.0/info:/usr/share/binutils-data/x86_64-pc-linux-gnu/2.45/info:/usr/share/automake-1.16.5/info JAVAC=/etc/java-config-2/current-system-vm/bin/javac TERM=xterm-256color LESSOPEN='|lesspipe %s' USER=jpmurphy CROS_WORKON_SRCROOT=/mnt/host/source MANPAGER=manpager DISPLAY=:1 SHLVL=1 LC_MESSAGES=C EXTERNAL_TRUNK_PATH=/mnt/8f9d649a-3721-44cc-93c0-e6bd21a9689f/chromiumos GCC_SPECS='' PATH=/mnt/host/source/chromite/bin:/usr/local/bin:/usr/bin:/bin:/opt/bin:/mnt/host/source/chromite/sdk/bin:/mnt/host/source/chromite/bin PORTAGE_USERNAME=jpmurphy SUDO_UID=0 GCC_VER=10.2.0 MAIL=/var/mail/jpmurphy OLDPWD=/mnt/host/source/src/scripts traceparent=00-e87aca51550a78635907baa6a2476181-6d684811675d2973-01 _=./zephyr/firmware_builder.py COREBOOT_SDK_ROOT_x86=/home/jpmurphy/.cache/coreboot-sdk/i386-elf/dfbb0486385d938cfa9d73080b9d18d598ed4f49 COREBOOT_SDK_ROOT_picolibc_x86=/home/jpmurphy/.cache/coreboot-sdk/picolibc-i386-elf/eb8e8e687b95461de8cbf278f1c2076952d0ad17 COREBOOT_SDK_ROOT_riscv64=/home/jpmurphy/.cache/coreboot-sdk/riscv64-elf/96b949749225b6aaa92ed810ab769e8dfb12f000 COREBOOT_SDK_ROOT_picolibc_arm=/home/jpmurphy/.cache/coreboot-sdk/picolibc-arm-eabi/422a2aa3e1ef891b5bece9a3deb696ff83840d2e COREBOOT_SDK_ROOT_nds32=/home/jpmurphy/.cache/coreboot-sdk/nds32le-elf/d1a518c4a097666d86058e1444f85ca015d15511 COREBOOT_SDK_ROOT_picolibc_riscv64=/home/jpmurphy/.cache/coreboot-sdk/picolibc-riscv64-elf/f571e990ef0278564b31124f8bb109d9a697eb69 COREBOOT_SDK_ROOT_arm=/home/jpmurphy/.cache/coreboot-sdk/arm-eabi/ea40ddd1d190c3b48435c474c0b545719371813a COREBOOT_SDK_ROOT_libstdcxx_riscv64=/home/jpmurphy/.cache/coreboot-sdk/libstdcxx-riscv64-elf/17abf22a3a252e2d5d2062ced5324f7a623689e0 COREBOOT_SDK_ROOT_libstdcxx_arm=/home/jpmurphy/.cache/coreboot-sdk/libstdcxx-arm-eabi/5d7d82e150e44aa1968f1d366e267e6687b328ac COREBOOT_SDK_ROOT_riscv=/home/jpmurphy/.cache/coreboot-sdk/riscv-elf/9a27b9e82341c6e9126624f516ab3f261abb3e73 COREBOOT_SDK_ROOT_libstdcxx_x86=/home/jpmurphy/.cache/coreboot-sdk/libstdcxx-i386-elf/42ef9d2e87a76a37963175d7d428734e65648b87 PYTHONPATH=/mnt/host/source/src/platform/ec/zephyr/zmake PW_PIGWEED_CIPD_INSTALL_DIR=/usr CROSTC_USER_ACKNOWLEDGES_THAT_RISCV_IS_EXPERIMENTAL=1 MAKEFLAGS=' -j16 --jobserver-auth=5,6' /usr/bin/ninja -C /mnt/host/source/src/platform/ec/build/zephyr/voltorb/build-ro all.libraries`
[brox-sku4:ro] [384/385] Building C object zephyr/kernel/CMakeFiles/kernel.dir/dynamic_disabled.c.obj
[voltorb:ro] ninja: Entering directory `/mnt/host/source/src/platform/ec/build/zephyr/voltorb/build-ro'
[/mnt/host/source/src/platform/ec/build/zephyr/trulo-ti-lcov]   /mnt/host/source/src/platform/ec/build/zephyr/trulo-ti/build-ro/modules/ec/zephyr/CMakeFiles/ec_shim.dir/shim/src/battery.c.gcno:no functions found
[/mnt/host/source/src/platform/ec/build/zephyr/trulo-ti-lcov] stderr:
[mtlrvpp_m1723:ro] -- Found Python3: /usr/bin/python3.11 (found suitable version "3.11.11", minimum required is "3.10") found components: Interpreter
[mtlrvpp_m1723:ro] -- Cache files will be written to: /mnt/host/source/src/platform/ec/build/zephyr/user-cache
[mtlrvpp_m1723:rw] -- Found Python3: /usr/bin/python3.11 (found suitable version "3.11.11", minimum required is "3.10") found components: Interpreter
[mtlrvpp_m1723:ro] -- Zephyr version: 4.3.99 (/mnt/host/source/src/third_party/zephyr/main)
[mtlrvpp_m1723:rw] -- Cache files will be written to: /mnt/host/source/src/platform/ec/build/zephyr/user-cache
[brox-sku4:ro] [385/385] Linking C static library zephyr/kernel/libkernel.a
[dirks:ro] Building: /usr/bin/ninja -C /mnt/host/source/src/platform/ec/build/zephyr/dirks/build-ro all.libraries
Running `env -i SHELL=/bin/bash COLORTERM=truecolor DEPOT_TOOLS_UPDATE=0 LESS='-R -M --shift 5' SUDO_GID=0 JDK_HOME=/etc/java-config-2/current-system-vm CONFIG_PROTECT_MASK='/etc/gentoo-release /etc/sandbox.d /etc/fonts/fonts.conf /etc/terminfo /etc/ca-certificates.conf /etc/revdep-rebuild' CHROMEOS_CACHEDIR=/var/cache/chromeos-cache JAVA_HOME=/etc/java-config-2/current-system-vm SSH_AUTH_SOCK=/tmp/ssh-auth-sock SUDO_COMMAND=/bin/bash SUDO_USER=root SUDO_TTY=/dev/pts/2 EDITOR=/usr/bin/vi PWD=/mnt/host/source/src/platform/ec CONFIG_PROTECT=/usr/share/gnupg/qualified.txt LOGNAME=jpmurphy MANPATH=/etc/java-config-2/current-system-vm/man:/usr/local/share/man:/usr/share/man:/usr/share/gcc-data/x86_64-pc-linux-gnu/10.2.0/man:/usr/share/binutils-data/x86_64-pc-linux-gnu/2.45/man:/etc/java-config-2/current-system-vm/man/ SUDO_HOME=/root XAUTHORITY=/run/user/944457/gdm/Xauthority HOME=/home/jpmurphy LANG=C.UTF-8 LS_COLORS='rs=0:di=01;34:ln=01;36:mh=00:pi=40;33:so=01;35:do=01;35:bd=40;33;01:cd=40;33;01:or=01;05;37;41:mi=01;05;37;41:su=37;41:sg=30;43:ca=30;41:tw=30;42:ow=34;42:st=37;44:ex=01;32:*.tar=01;31:*.tgz=01;31:*.arc=01;31:*.arj=01;31:*.taz=01;31:*.lha=01;31:*.lz4=01;31:*.lzh=01;31:*.lzma=01;31:*.tlz=01;31:*.txz=01;31:*.tzo=01;31:*.t7z=01;31:*.zip=01;31:*.z=01;31:*.dz=01;31:*.gz=01;31:*.lrz=01;31:*.lz=01;31:*.lzo=01;31:*.xz=01;31:*.zst=01;31:*.tzst=01;31:*.bz2=01;31:*.bz=01;31:*.tbz=01;31:*.tbz2=01;31:*.tz=01;31:*.deb=01;31:*.rpm=01;31:*.jar=01;31:*.war=01;31:*.ear=01;31:*.sar=01;31:*.rar=01;31:*.alz=01;31:*.ace=01;31:*.zoo=01;31:*.cpio=01;31:*.7z=01;31:*.rz=01;31:*.cab=01;31:*.wim=01;31:*.swm=01;31:*.dwm=01;31:*.esd=01;31:*.jpg=01;35:*.jpeg=01;35:*.mjpg=01;35:*.mjpeg=01;35:*.gif=01;35:*.bmp=01;35:*.pbm=01;35:*.pgm=01;35:*.ppm=01;35:*.tga=01;35:*.xbm=01;35:*.xpm=01;35:*.tif=01;35:*.tiff=01;35:*.png=01;35:*.svg=01;35:*.svgz=01;35:*.mng=01;35:*.pcx=01;35:*.mov=01;35:*.mpg=01;35:*.mpeg=01;35:*.m2v=01;35:*.mkv=01;35:*.webm=01;35:*.webp=01;35:*.ogm=01;35:*.mp4=01;35:*.m4v=01;35:*.mp4v=01;35:*.vob=01;35:*.qt=01;35:*.nuv=01;35:*.wmv=01;35:*.asf=01;35:*.rm=01;35:*.rmvb=01;35:*.flc=01;35:*.avi=01;35:*.fli=01;35:*.flv=01;35:*.gl=01;35:*.dl=01;35:*.xcf=01;35:*.xwd=01;35:*.yuv=01;35:*.cgm=01;35:*.emf=01;35:*.ogv=01;35:*.ogx=01;35:*.cfg=00;32:*.conf=00;32:*.diff=00;32:*.doc=00;32:*.ini=00;32:*.log=00;32:*.patch=00;32:*.pdf=00;32:*.ps=00;32:*.tex=00;32:*.txt=00;32:*.aac=00;36:*.au=00;36:*.flac=00;36:*.m4a=00;36:*.mid=00;36:*.midi=00;36:*.mka=00;36:*.mp3=00;36:*.mpc=00;36:*.ogg=00;36:*.ra=00;36:*.wav=00;36:*.oga=00;36:*.opus=00;36:*.spx=00;36:*.xspf=00;36:' XDG_CURRENT_DESKTOP=GNOME INFOPATH=/usr/share/info:/usr/share/gcc-data/x86_64-pc-linux-gnu/10.2.0/info:/usr/share/binutils-data/x86_64-pc-linux-gnu/2.45/info:/usr/share/automake-1.16.5/info JAVAC=/etc/java-config-2/current-system-vm/bin/javac TERM=xterm-256color LESSOPEN='|lesspipe %s' USER=jpmurphy CROS_WORKON_SRCROOT=/mnt/host/source MANPAGER=manpager DISPLAY=:1 SHLVL=1 LC_MESSAGES=C EXTERNAL_TRUNK_PATH=/mnt/8f9d649a-3721-44cc-93c0-e6bd21a9689f/chromiumos GCC_SPECS='' PATH=/mnt/host/source/chromite/bin:/usr/local/bin:/usr/bin:/bin:/opt/bin:/mnt/host/source/chromite/sdk/bin:/mnt/host/source/chromite/bin PORTAGE_USERNAME=jpmurphy SUDO_UID=0 GCC_VER=10.2.0 MAIL=/var/mail/jpmurphy OLDPWD=/mnt/host/source/src/scripts traceparent=00-e87aca51550a78635907baa6a2476181-6d684811675d2973-01 _=./zephyr/firmware_builder.py COREBOOT_SDK_ROOT_x86=/home/jpmurphy/.cache/coreboot-sdk/i386-elf/dfbb0486385d938cfa9d73080b9d18d598ed4f49 COREBOOT_SDK_ROOT_picolibc_x86=/home/jpmurphy/.cache/coreboot-sdk/picolibc-i386-elf/eb8e8e687b95461de8cbf278f1c2076952d0ad17 COREBOOT_SDK_ROOT_riscv64=/home/jpmurphy/.cache/coreboot-sdk/riscv64-elf/96b949749225b6aaa92ed810ab769e8dfb12f000 COREBOOT_SDK_ROOT_picolibc_arm=/home/jpmurphy/.cache/coreboot-sdk/picolibc-arm-eabi/422a2aa3e1ef891b5bece9a3deb696ff83840d2e COREBOOT_SDK_ROOT_nds32=/home/jpmurphy/.cache/coreboot-sdk/nds32le-elf/d1a518c4a097666d86058e1444f85ca015d15511 COREBOOT_SDK_ROOT_picolibc_riscv64=/home/jpmurphy/.cache/coreboot-sdk/picolibc-riscv64-elf/f571e990ef0278564b31124f8bb109d9a697eb69 COREBOOT_SDK_ROOT_arm=/home/jpmurphy/.cache/coreboot-sdk/arm-eabi/ea40ddd1d190c3b48435c474c0b545719371813a COREBOOT_SDK_ROOT_libstdcxx_riscv64=/home/jpmurphy/.cache/coreboot-sdk/libstdcxx-riscv64-elf/17abf22a3a252e2d5d2062ced5324f7a623689e0 COREBOOT_SDK_ROOT_libstdcxx_arm=/home/jpmurphy/.cache/coreboot-sdk/libstdcxx-arm-eabi/5d7d82e150e44aa1968f1d366e267e6687b328ac COREBOOT_SDK_ROOT_riscv=/home/jpmurphy/.cache/coreboot-sdk/riscv-elf/9a27b9e82341c6e9126624f516ab3f261abb3e73 COREBOOT_SDK_ROOT_libstdcxx_x86=/home/jpmurphy/.cache/coreboot-sdk/libstdcxx-i386-elf/42ef9d2e87a76a37963175d7d428734e65648b87 PYTHONPATH=/mnt/host/source/src/platform/ec/zephyr/zmake PW_PIGWEED_CIPD_INSTALL_DIR=/usr CROSTC_USER_ACKNOWLEDGES_THAT_RISCV_IS_EXPERIMENTAL=1 MAKEFLAGS=' -j16 --jobserver-auth=5,6' /usr/bin/ninja -C /mnt/host/source/src/platform/ec/build/zephyr/dirks/build-ro all.libraries`
[mtlrvpp_m1723:rw] -- Zephyr version: 4.3.99 (/mnt/host/source/src/third_party/zephyr/main)
[dirks:ro] ninja: Entering directory `/mnt/host/source/src/platform/ec/build/zephyr/dirks/build-ro'
[ocelotrvp-ish:singleimage] [35/266] Building C object CMakeFiles/app.dir/mnt/host/source/src/platform/ec/build/zephyr/ocelotrvp-ish/modules/ec/common/system_boot_time.c.obj
[ocelotrvp-ish:singleimage] [36/266] Building C object CMakeFiles/app.dir/mnt/host/source/src/platform/ec/build/zephyr/ocelotrvp-ish/modules/ec/common/system.c.obj
[ocelotrvp-ish:singleimage] [37/266] Building C object CMakeFiles/app.dir/mnt/host/source/src/platform/ec/build/zephyr/ocelotrvp-ish/modules/ec/common/uart_printf.c.obj
[ocelotrvp-ish:singleimage] [38/266] Building C object CMakeFiles/app.dir/mnt/host/source/src/platform/ec/build/zephyr/ocelotrvp-ish/modules/ec/common/version.c.obj
[ocelotrvp-ish:singleimage] [39/266] Building C object CMakeFiles/app.dir/mnt/host/source/src/platform/ec/build/zephyr/ocelotrvp-ish/modules/ec/common/util.c.obj
[ocelotrvp-ish:singleimage] [40/266] Building C object CMakeFiles/app.dir/mnt/host/source/src/platform/ec/build/zephyr/ocelotrvp-ish/modules/ec/driver/accel_bma4xx.c.obj
[voltorb:ro] [1/386] Generating include/generated/zephyr/version.h
[voltorb:ro] -- git describe warned: warning: tag 'upstream/v2.7.99' is externally known as 'v2.7.99'
[voltorb:ro] -- Zephyr version: 4.3.99 (/mnt/host/source/src/third_party/zephyr/main)
[voltorb:ro] [2/386] Preparing syscall dependency handling
[voltorb:ro] [3/386] Generating misc/generated/syscalls_subdirs.trigger
[ocelotrvp-ish:singleimage] [41/266] Building C object CMakeFiles/app.dir/mnt/host/source/src/platform/ec/build/zephyr/ocelotrvp-ish/modules/ec/driver/accelgyro_bmi_common.c.obj
[/mnt/host/source/src/platform/ec/build/zephyr/trulo-ti-lcov]   /mnt/host/source/src/platform/ec/build/zephyr/trulo-ti/build-ro/modules/ec/zephyr/CMakeFiles/ec_shim.dir/shim/src/charger.c.gcno:no functions found
[/mnt/host/source/src/platform/ec/build/zephyr/trulo-ti-lcov] stderr:
[dirks:ro] [1/372] Generating include/generated/zephyr/version.h
[dirks:ro] -- git describe warned: warning: tag 'upstream/v2.7.99' is externally known as 'v2.7.99'
[dirks:ro] -- Zephyr version: 4.3.99 (/mnt/host/source/src/third_party/zephyr/main)
[dirks:ro] [2/372] Preparing syscall dependency handling
[ocelotrvp-ish:singleimage] [42/266] Building C object CMakeFiles/app.dir/mnt/host/source/src/platform/ec/build/zephyr/ocelotrvp-ish/modules/ec/driver/accelgyro_bmi3xx.c.obj
[dirks:ro] [3/372] Generating misc/generated/syscalls_subdirs.trigger
[ocelotrvp-ish:singleimage] [43/266] Building C object CMakeFiles/app.dir/mnt/host/source/src/platform/ec/build/zephyr/ocelotrvp-ish/modules/ec/common/cbi_common.c.obj
[ocelotrvp-ish:singleimage] [44/266] Building C object CMakeFiles/app.dir/mnt/host/source/src/platform/ec/build/zephyr/ocelotrvp-ish/modules/ec/common/cbi_gpio.c.obj
[ocelotrvp-ish:singleimage] [45/266] Building C object CMakeFiles/app.dir/mnt/host/source/src/platform/ec/build/zephyr/ocelotrvp-ish/modules/ec/common/motion_sense_fifo.c.obj
[ocelotrvp-ish:singleimage] [46/266] Building C object CMakeFiles/app.dir/mnt/host/source/src/platform/ec/build/zephyr/ocelotrvp-ish/modules/ec/common/memory_commands.c.obj
[ocelotrvp-ish:singleimage] [47/266] Building C object CMakeFiles/app.dir/mnt/host/source/src/platform/ec/build/zephyr/ocelotrvp-ish/modules/ec/common/ap_reset_log.c.obj
[ocelotrvp-ish:singleimage] [48/266] Building C object CMakeFiles/app.dir/mnt/host/source/src/platform/ec/build/zephyr/ocelotrvp-ish/modules/ec/common/host_command.c.obj
[minimal-realtek:rw] Parsing /mnt/host/source/src/third_party/zephyr/main/Kconfig
[voltorb:ro] [4/386] Generating misc/generated/syscalls.json, misc/generated/struct_tags.json
[ocelotrvp-ish:singleimage] [49/266] Building C object CMakeFiles/app.dir/mnt/host/source/src/platform/ec/build/zephyr/ocelotrvp-ish/modules/ec/common/host_command_task.c.obj
[ocelotrvp-ish:singleimage] [50/266] Building C object CMakeFiles/app.dir/mnt/host/source/src/platform/ec/build/zephyr/ocelotrvp-ish/modules/ec/common/uart_hostcmd.c.obj
[mtlrvpp_m1723:rw] -- Board: mec172x, qualifiers: mec172x_nsz/mec1723
[mtlrvpp_m1723:ro] -- Board: mec172x, qualifiers: mec172x_nsz/mec1723
[ocelotrvp-ish:singleimage] [51/266] Building C object CMakeFiles/app.dir/mnt/host/source/src/platform/ec/build/zephyr/ocelotrvp-ish/modules/ec/common/host_event_commands.c.obj
[ocelotrvp-ish:singleimage] [52/266] Building C object CMakeFiles/app.dir/mnt/host/source/src/platform/ec/build/zephyr/ocelotrvp-ish/modules/ec/common/uptime.c.obj
[ocelotrvp-ish:singleimage] [53/266] Building C object CMakeFiles/app.dir/mnt/host/source/src/platform/ec/build/zephyr/ocelotrvp-ish/modules/ec/common/i2c_controller.c.obj
[voltorb:ro] [5/386] Generating include/generated/zephyr/syscall_dispatch.c, include/generated/zephyr/syscall_exports_llext.c, syscall_weakdefs_llext.c, include/generated/zephyr/syscall_list.h
[dirks:ro] [4/372] Generating misc/generated/syscalls.json, misc/generated/struct_tags.json
[minimal-realtek:ro] Parsing /mnt/host/source/src/third_party/zephyr/main/Kconfig
[ocelotrvp-ish:singleimage] [54/266] Building C object CMakeFiles/app.dir/mnt/host/source/src/platform/ec/build/zephyr/ocelotrvp-ish/modules/ec/common/i2c_passthru.c.obj
[voltorb:ro] [6/386] Generating include/generated/zephyr/driver-validation.h
[dirks:ro] [5/372] Generating include/generated/zephyr/syscall_dispatch.c, include/generated/zephyr/syscall_exports_llext.c, syscall_weakdefs_llext.c, include/generated/zephyr/syscall_list.h
[ocelotrvp-ish:singleimage] [55/266] Building C object CMakeFiles/app.dir/mnt/host/source/src/platform/ec/build/zephyr/ocelotrvp-ish/modules/ec/common/motion_lid.c.obj
[/mnt/host/source/src/platform/ec/build/zephyr/ruby-ish-lcov]   /mnt/host/source/src/platform/ec/build/zephyr/ruby-ish/build-singleimage/zephyr/arch/arch/x86/core/CMakeFiles/arch__x86__core.dir/spec_ctrl.c.gcno:no functions found
[/mnt/host/source/src/platform/ec/build/zephyr/ruby-ish-lcov] stderr:
[voltorb:ro] [7/386] Generating include/generated/zephyr/kobj-types-enum.h, include/generated/zephyr/otype-to-str.h, include/generated/zephyr/otype-to-size.h
[voltorb:ro] [8/386] Generating include/generated/device-api-sections.ld, include/generated/device-api-sections.cmake
[dirks:ro] [6/372] Generating include/generated/zephyr/driver-validation.h
[ocelotrvp-ish:singleimage] [56/266] Building C object CMakeFiles/app.dir/mnt/host/source/src/platform/ec/build/zephyr/ocelotrvp-ish/modules/ec/common/lid_angle.c.obj
[ocelotrvp-ish:singleimage] [57/266] Building C object CMakeFiles/app.dir/mnt/host/source/src/platform/ec/build/zephyr/ocelotrvp-ish/modules/ec/common/sha256.c.obj
[ocelotrvp-ish:singleimage] [58/266] Building C object CMakeFiles/app.dir/mnt/host/source/src/platform/ec/build/zephyr/ocelotrvp-ish/modules/ec/common/mkbp_event.c.obj
[ocelotrvp-ish:singleimage] [59/266] Building C object CMakeFiles/app.dir/mnt/host/source/src/platform/ec/build/zephyr/ocelotrvp-ish/modules/ec/common/mkbp_fifo.c.obj
[minimal-realtek:rw] Loaded configuration '/mnt/host/source/src/platform/ec/zephyr/boards/google/realtek/realtek_rts5912_defconfig'
[minimal-realtek:rw] Merged configuration '/mnt/host/source/src/platform/ec/zephyr/program/minimal/prj.conf'
[minimal-realtek:rw] Merged configuration '/mnt/host/source/src/platform/ec/zephyr/program/minimal/realtek.conf'
[minimal-realtek:rw] Merged configuration '/mnt/host/source/src/platform/ec/build/zephyr/minimal-realtek/kconfig-rw.conf'
[minimal-realtek:rw] Configuration saved to '/mnt/host/source/src/platform/ec/build/zephyr/minimal-realtek/build-rw/zephyr/.config'
[minimal-realtek:rw] Kconfig header saved to '/mnt/host/source/src/platform/ec/build/zephyr/minimal-realtek/build-rw/zephyr/include/generated/zephyr/autoconf.h'
[minimal-realtek:rw] -- Found GnuLd: /home/jpmurphy/.cache/coreboot-sdk/arm-eabi/ea40ddd1d190c3b48435c474c0b545719371813a/arm-eabi/bin/ld.bfd (found version "2.43.1")
[dirks:ro] [7/372] Generating include/generated/zephyr/kobj-types-enum.h, include/generated/zephyr/otype-to-str.h, include/generated/zephyr/otype-to-size.h
[ocelotrvp-ish:singleimage] [60/266] Building C object CMakeFiles/app.dir/mnt/host/source/src/platform/ec/build/zephyr/ocelotrvp-ish/modules/ec/common/shared_mem.c.obj
[dirks:ro] [8/372] Generating include/generated/device-api-sections.ld, include/generated/device-api-sections.cmake
[ocelotrvp-ish:singleimage] [61/266] Building C object CMakeFiles/app.dir/mnt/host/source/src/platform/ec/build/zephyr/ocelotrvp-ish/modules/ec/common/motion_sense.c.obj
[ocelotrvp-ish:singleimage] [62/266] Building C object zephyr/CMakeFiles/zephyr.dir/lib/cpp/abi/cpp_dtors.c.obj
[minimal-realtek:ro] Loaded configuration '/mnt/host/source/src/platform/ec/zephyr/boards/google/realtek/realtek_rts5912_defconfig'
[minimal-realtek:ro] Merged configuration '/mnt/host/source/src/platform/ec/zephyr/program/minimal/prj.conf'
[minimal-realtek:ro] Merged configuration '/mnt/host/source/src/platform/ec/zephyr/program/minimal/realtek.conf'
[minimal-realtek:ro] Merged configuration '/mnt/host/source/src/platform/ec/build/zephyr/minimal-realtek/kconfig-ro.conf'
[minimal-realtek:ro] Configuration saved to '/mnt/host/source/src/platform/ec/build/zephyr/minimal-realtek/build-ro/zephyr/.config'
[minimal-realtek:ro] Kconfig header saved to '/mnt/host/source/src/platform/ec/build/zephyr/minimal-realtek/build-ro/zephyr/include/generated/zephyr/autoconf.h'
[minimal-realtek:ro] -- Found GnuLd: /home/jpmurphy/.cache/coreboot-sdk/arm-eabi/ea40ddd1d190c3b48435c474c0b545719371813a/arm-eabi/bin/ld.bfd (found version "2.43.1")
[minimal-realtek:rw] -- The C compiler identification is GNU 14.2.0
[ocelotrvp-ish:singleimage] [63/266] Building C object CMakeFiles/app.dir/mnt/host/source/src/platform/ec/build/zephyr/ocelotrvp-ish/modules/ec/common/tablet_mode.c.obj
[/mnt/host/source/src/platform/ec/build/zephyr/trulo-ti-lcov]   /mnt/host/source/src/platform/ec/build/zephyr/trulo-ti/build-ro/modules/ec/zephyr/CMakeFiles/ec_shim.dir/shim/src/usba.c.gcno:no functions found
[/mnt/host/source/src/platform/ec/build/zephyr/trulo-ti-lcov] stderr:
[ocelotrvp-ish:singleimage] [64/266] Building C object zephyr/CMakeFiles/zephyr.dir/lib/libc/validate_libc.c.obj
[ocelotrvp-ish:singleimage] [65/266] Building C object CMakeFiles/app.dir/mnt/host/source/src/platform/ec/build/zephyr/ocelotrvp-ish/modules/ec/common/timer.c.obj
[minimal-realtek:rw] -- The CXX compiler identification is GNU 14.2.0
[minimal-realtek:ro] -- The C compiler identification is GNU 14.2.0
[minimal-realtek:rw] -- The ASM compiler identification is GNU
[minimal-realtek:rw] -- Found assembler: /home/jpmurphy/.cache/coreboot-sdk/arm-eabi/ea40ddd1d190c3b48435c474c0b545719371813a/bin/arm-eabi-gcc
[ocelotrvp-ish:singleimage] [66/266] Building C object CMakeFiles/app.dir/mnt/host/source/src/platform/ec/build/zephyr/ocelotrvp-ish/modules/ec/common/math_util.c.obj
[minimal-realtek:rw] /mnt/host/source/src/platform/ec/build/zephyr/minimal-realtek/build-rw/zephyr/zephyr.dts:367.40-378.5: Warning (unique_unit_address_if_enabled): /soc/uart_wrapper@40010200: duplicate unit-address (also used in node /soc/flash-controller@40010200)
[minimal-realtek:rw] CMake Warning at /mnt/host/source/src/platform/ec/zephyr/cmake/linker/ld/linker_libraries.cmake:11 (message):
[minimal-realtek:rw]   Disabling c_library
[ocelotrvp-ish:singleimage] [67/266] Building C object CMakeFiles/app.dir/mnt/host/source/src/platform/ec/build/zephyr/ocelotrvp-ish/modules/ec/common/vstore.c.obj
[voltorb:ro] [9/386] Building C object zephyr/CMakeFiles/offsets.dir/arch/arm/core/offsets/offsets.c.obj
[ocelotrvp-ish:singleimage] [68/266] Linking CXX static library app/libapp.a
[ocelotrvp-ish:singleimage] [69/266] Building C object zephyr/CMakeFiles/zephyr.dir/lib/heap/heap.c.obj
[minimal-realtek:ro] -- The CXX compiler identification is GNU 14.2.0
[ocelotrvp-ish:singleimage] [70/266] Building C object zephyr/CMakeFiles/zephyr.dir/lib/os/printk.c.obj
[ocelotrvp-ish:singleimage] [71/266] Building C object zephyr/CMakeFiles/zephyr.dir/lib/os/cbprintf_packaged.c.obj
[voltorb:ro] [10/386] Generating include/generated/zephyr/offsets.h
[dirks:ro] [9/372] Building C object zephyr/CMakeFiles/offsets.dir/arch/riscv/core/offsets/offsets.c.obj
[ocelotrvp-ish:singleimage] [72/266] Building C object zephyr/CMakeFiles/zephyr.dir/lib/os/clock.c.obj
[minimal-realtek:ro] -- The ASM compiler identification is GNU
[minimal-realtek:ro] /mnt/host/source/src/platform/ec/build/zephyr/minimal-realtek/build-ro/zephyr/zephyr.dts:367.40-378.5: Warning (unique_unit_address_if_enabled): /soc/uart_wrapper@40010200: duplicate unit-address (also used in node /soc/flash-controller@40010200)
[minimal-realtek:ro] CMake Warning at /mnt/host/source/src/platform/ec/zephyr/cmake/linker/ld/linker_libraries.cmake:11 (message):
[ocelotrvp-ish:singleimage] [73/266] Building C object zephyr/CMakeFiles/zephyr.dir/lib/os/thread_entry.c.obj
[dirks:ro] [10/372] Generating include/generated/zephyr/offsets.h
[ocelotrvp-ish:singleimage] [74/266] Building C object zephyr/CMakeFiles/zephyr.dir/lib/os/cbprintf_nano.c.obj
[ocelotrvp-ish:singleimage] [75/266] Building C object zephyr/CMakeFiles/zephyr.dir/lib/os/sem.c.obj
[minimal-realtek:rw] -- Performing EC specific devicetree checks
[mtlrvpp_m1723:ro] -- Found Dtc: /usr/bin/dtc (found suitable version "1.6.0", minimum required is "1.4.6")
[mtlrvpp_m1723:ro] -- Found BOARD.dts: /mnt/host/source/src/platform/ec/zephyr/boards/google/mec172x/mec172x_mec172x_nsz_mec1723.dts
[mtlrvpp_m1723:ro] -- Found devicetree overlay: /mnt/host/source/src/platform/ec/zephyr/program/intelrvp/adlrvp/battery.dts
[ocelotrvp-ish:singleimage] [76/266] Building C object zephyr/CMakeFiles/zephyr.dir/lib/os/assert.c.obj
[ocelotrvp-ish:singleimage] [77/266] Building C object zephyr/CMakeFiles/zephyr.dir/lib/utils/dec.c.obj
[ocelotrvp-ish:singleimage] [78/266] Building C object zephyr/CMakeFiles/zephyr.dir/lib/os/reboot.c.obj
[minimal-realtek:rw] Call Stack (most recent call first):
[minimal-realtek:rw]   /mnt/host/source/src/third_party/zephyr/main/cmake/target_toolchain_flags.cmake:48 (include)
[minimal-realtek:rw]   /mnt/host/source/src/third_party/zephyr/main/cmake/modules/kernel.cmake:153 (include)
[minimal-realtek:rw]   /mnt/host/source/src/third_party/zephyr/main/cmake/modules/zephyr_default.cmake:138 (include)
[minimal-realtek:rw]   /mnt/host/source/src/third_party/zephyr/main/share/zephyr-package/cmake/ZephyrConfig.cmake:66 (include)
[minimal-realtek:rw]   /mnt/host/source/src/third_party/zephyr/main/share/zephyr-package/cmake/ZephyrConfig.cmake:97 (include_boilerplate)
[minimal-realtek:rw]   CMakeLists.txt:6 (find_package)
[minimal-realtek:rw] INFO: Verified 1 GPIOs, no duplicates found
[minimal-realtek:rw] INFO: Verified 1 '*-gpios' properties, all flags match.
[minimal-realtek:rw] INFO: Skipped 1 named-gpios children.
[mtlrvpp_m1723:rw] -- Found Dtc: /usr/bin/dtc (found suitable version "1.6.0", minimum required is "1.4.6")
[mtlrvpp_m1723:rw] -- Found BOARD.dts: /mnt/host/source/src/platform/ec/zephyr/boards/google/mec172x/mec172x_mec172x_nsz_mec1723.dts
[mtlrvpp_m1723:rw] -- Found devicetree overlay: /mnt/host/source/src/platform/ec/zephyr/program/intelrvp/adlrvp/battery.dts
[mtlrvpp_m1723:rw] -- Found devicetree overlay: /mnt/host/source/src/platform/ec/zephyr/program/intelrvp/mtlrvp/mtlrvpp_mchp/fan.dts
[mtlrvpp_m1723:rw] -- Found devicetree overlay: /mnt/host/source/src/platform/ec/zephyr/program/intelrvp/mtlrvp/mtlrvpp_mchp/gpio.dts
[mtlrvpp_m1723:rw] -- Found devicetree overlay: /mnt/host/source/src/platform/ec/zephyr/program/intelrvp/mtlrvp/mtlrvpp_mchp/keyboard.dts
[mtlrvpp_m1723:rw] -- Found devicetree overlay: /mnt/host/source/src/platform/ec/zephyr/program/intelrvp/mtlrvp/mtlrvpp_npcx/interrupts.dts
[mtlrvpp_m1723:rw] -- Found devicetree overlay: /mnt/host/source/src/platform/ec/zephyr/program/intelrvp/mtlrvp/mtlrvpp_npcx/tcpc_interrupts.dts
[mtlrvpp_m1723:rw] -- Found devicetree overlay: /mnt/host/source/src/platform/ec/zephyr/program/intelrvp/mtlrvp/ioex.dts
[mtlrvpp_m1723:rw] -- Found devicetree overlay: /mnt/host/source/src/platform/ec/zephyr/program/intelrvp/mtlrvp/tcpc_ioex.dts
[mtlrvpp_m1723:rw] -- Found devicetree overlay: /mnt/host/source/src/platform/ec/zephyr/program/intelrvp/mtlrvp/mtlrvpp_mchp/mtlrvp_mchp.dts
[mtlrvpp_m1723:rw] -- Found devicetree overlay: /mnt/host/source/src/platform/ec/zephyr/program/intelrvp/mtlrvp/mtlrvpp_m1723/mtlrvp_flash.dts
[mtlrvpp_m1723:rw] -- Found devicetree overlay: /mnt/host/source/src/platform/ec/zephyr/program/intelrvp/mtlrvp/mtlrvpp_mchp/mtlrvp_mchp_power_signals.dts
[mtlrvpp_m1723:rw] -- Found devicetree overlay: /mnt/host/source/src/platform/ec/zephyr/program/intelrvp/adlrvp/adlrvp_npcx/temp_sensor.dts
[mtlrvpp_m1723:rw] -- Found devicetree overlay: /mnt/host/source/src/platform/ec/zephyr/program/intelrvp/mtlrvp/usbc.dts
[ocelotrvp-ish:singleimage] [79/266] Building C object zephyr/CMakeFiles/zephyr.dir/lib/utils/hex.c.obj
[ocelotrvp-ish:singleimage] [80/266] Building C object zephyr/CMakeFiles/zephyr.dir/lib/os/mpsc_pbuf.c.obj
[minimal-realtek:ro] -- Found assembler: /home/jpmurphy/.cache/coreboot-sdk/arm-eabi/ea40ddd1d190c3b48435c474c0b545719371813a/bin/arm-eabi-gcc
[minimal-realtek:ro] -- Performing EC specific devicetree checks
[ocelotrvp-ish:singleimage] [81/266] Building C object zephyr/CMakeFiles/zephyr.dir/lib/utils/timeutil.c.obj
[ocelotrvp-ish:singleimage] [82/266] Building C object zephyr/CMakeFiles/zephyr.dir/lib/utils/rb.c.obj
[minimal-realtek:ro]   Disabling c_library
[minimal-realtek:ro] Call Stack (most recent call first):
[minimal-realtek:ro]   /mnt/host/source/src/third_party/zephyr/main/cmake/target_toolchain_flags.cmake:48 (include)
[minimal-realtek:ro]   /mnt/host/source/src/third_party/zephyr/main/cmake/modules/kernel.cmake:153 (include)
[minimal-realtek:ro]   /mnt/host/source/src/third_party/zephyr/main/cmake/modules/zephyr_default.cmake:138 (include)
[minimal-realtek:ro]   /mnt/host/source/src/third_party/zephyr/main/share/zephyr-package/cmake/ZephyrConfig.cmake:66 (include)
[minimal-realtek:ro]   /mnt/host/source/src/third_party/zephyr/main/share/zephyr-package/cmake/ZephyrConfig.cmake:97 (include_boilerplate)
[minimal-realtek:ro]   CMakeLists.txt:6 (find_package)
[minimal-realtek:ro] INFO: Verified 1 GPIOs, no duplicates found
[/mnt/host/source/src/platform/ec/build/zephyr/trulo-ti-lcov]   /mnt/host/source/src/platform/ec/build/zephyr/trulo-ti/build-ro/modules/ec/zephyr/CMakeFiles/ec_shim.dir/drivers/keyboard_input/keyboard_customization_check.c.gcno:no functions found
[/mnt/host/source/src/platform/ec/build/zephyr/trulo-ti-lcov] stderr:
[ocelotrvp-ish:singleimage] [83/266] Building C object zephyr/CMakeFiles/zephyr.dir/lib/utils/bitmask.c.obj
[voltorb:ro] [11/386] Building C object zephyr/CMakeFiles/zephyr.dir/lib/libc/validate_libc.c.obj
[dirks:ro] [11/372] Building C object zephyr/CMakeFiles/zephyr.dir/lib/libc/validate_libc.c.obj
[ocelotrvp-ish:singleimage] [84/266] Building C object zephyr/CMakeFiles/zephyr.dir/misc/generated/configs.c.obj
[ocelotrvp-ish:singleimage] [85/266] Building C object zephyr/CMakeFiles/zephyr.dir/lib/utils/getopt/getopt.c.obj
[ocelotrvp-ish:singleimage] [86/266] Building C object zephyr/CMakeFiles/zephyr.dir/lib/utils/bitarray.c.obj
[minimal-realtek:rw] -- warning_base_override: -Wall;-Wformat;-Wformat-security;-Wformat;-Wno-format-zero-length;-Wno-pointer-sign;-Wpointer-arith;-Wexpansion-to-defined
[ocelotrvp-ish:singleimage] [87/266] Building C object zephyr/CMakeFiles/zephyr.dir/lib/utils/ring_buffer.c.obj
[minimal-realtek:ro] -- warning_base_override: -Wall;-Wformat;-Wformat-security;-Wformat;-Wno-format-zero-length;-Wno-pointer-sign;-Wpointer-arith;-Wexpansion-to-defined
[ocelotrvp-ish:singleimage] [88/266] Building C object zephyr/CMakeFiles/zephyr.dir/soc/intel/intel_ish/intel_ish5/soc.c.obj
[ocelotrvp-ish:singleimage] [89/266] Building C object zephyr/CMakeFiles/zephyr.dir/lib/utils/getopt/getopt_common.c.obj
[ocelotrvp-ish:singleimage] [90/266] Building C object zephyr/CMakeFiles/zephyr.dir/soc/intel/intel_ish/intel_ish5/pm/power.c.obj
[minimal-realtek:rw] -- Found gen_kobject_list: /mnt/host/source/src/third_party/zephyr/main/scripts/build/gen_kobject_list.py
[minimal-realtek:rw] CMake Warning at /mnt/host/source/src/third_party/zephyr/main/CMakeLists.txt:1134 (message):
[minimal-realtek:rw]   No SOURCES given to Zephyr library: drivers__syscon
[minimal-realtek:rw]   Excluding target from build.
[ocelotrvp-ish:singleimage] [91/266] Building C object zephyr/CMakeFiles/zephyr.dir/subsys/logging/log_cache.c.obj
[minimal-realtek:rw] CMake Warning at /mnt/host/source/src/third_party/zephyr/main/CMakeLists.txt:2359 (message):
[minimal-realtek:rw]   __ASSERT() statements are globally ENABLED
[minimal-realtek:ro] -- Found gen_kobject_list: /mnt/host/source/src/third_party/zephyr/main/scripts/build/gen_kobject_list.py
[minimal-realtek:ro] INFO: Verified 1 '*-gpios' properties, all flags match.
[minimal-realtek:ro] INFO: Skipped 1 named-gpios children.
[minimal-realtek:ro] CMake Warning at /mnt/host/source/src/third_party/zephyr/main/CMakeLists.txt:1134 (message):
[minimal-realtek:ro]   No SOURCES given to Zephyr library: drivers__syscon
[minimal-realtek:ro]   Excluding target from build.
[ocelotrvp-ish:singleimage] [92/266] Building C object zephyr/CMakeFiles/zephyr.dir/subsys/logging/log_mgmt.c.obj
[minimal-realtek:rw] -- Configuring done (13.9s)
[minimal-realtek:ro] CMake Warning at /mnt/host/source/src/third_party/zephyr/main/CMakeLists.txt:2359 (message):
[minimal-realtek:ro]   __ASSERT() statements are globally ENABLED
[ocelotrvp-ish:singleimage] [93/266] Building C object zephyr/CMakeFiles/zephyr.dir/subsys/logging/log_msg.c.obj
[voltorb:ro] [12/386] Building C object zephyr/CMakeFiles/zephyr.dir/lib/heap/heap.c.obj
[ocelotrvp-ish:singleimage] [94/266] Building C object zephyr/CMakeFiles/zephyr.dir/subsys/logging/log_core.c.obj
[dirks:ro] [12/372] Building C object zephyr/CMakeFiles/zephyr.dir/lib/heap/heap.c.obj
[ocelotrvp-ish:singleimage] [95/266] Building C object zephyr/CMakeFiles/zephyr.dir/subsys/pm/pm.c.obj
[ocelotrvp-ish:singleimage] [96/266] Building C object zephyr/CMakeFiles/zephyr.dir/subsys/logging/log_output.c.obj
[minimal-realtek:ro] -- Configuring done (13.8s)
[ocelotrvp-ish:singleimage] [97/266] Building C object zephyr/CMakeFiles/zephyr.dir/subsys/pm/state.c.obj
[ocelotrvp-ish:singleimage] [98/266] Building C object zephyr/CMakeFiles/zephyr.dir/subsys/pm/policy/policy_events.c.obj
[ocelotrvp-ish:singleimage] [99/266] Building C object zephyr/CMakeFiles/zephyr.dir/subsys/pm/policy/policy_state_lock.c.obj
[ocelotrvp-ish:singleimage] [100/266] Building C object zephyr/CMakeFiles/zephyr.dir/subsys/pm/policy/policy_latency.c.obj
[ocelotrvp-ish:singleimage] [101/266] Building C object zephyr/CMakeFiles/zephyr.dir/subsys/pm/policy/policy_default.c.obj
[minimal-realtek:rw] -- Generating done (0.5s)
[minimal-realtek:rw] CMake Warning:
[minimal-realtek:rw]   Manually-specified variables were not used by the project:
[minimal-realtek:rw]     COREBOOT_SDK_ROOT_libstdcxx_riscv64
[minimal-realtek:rw]     COREBOOT_SDK_ROOT_libstdcxx_x86
[minimal-realtek:rw]     COREBOOT_SDK_ROOT_nds32
[minimal-realtek:rw]     COREBOOT_SDK_ROOT_picolibc_riscv64
[minimal-realtek:rw]     COREBOOT_SDK_ROOT_picolibc_x86
[minimal-realtek:rw]     COREBOOT_SDK_ROOT_riscv
[minimal-realtek:rw]     COREBOOT_SDK_ROOT_riscv64
[minimal-realtek:rw]     COREBOOT_SDK_ROOT_x86
[minimal-realtek:rw] -- Build files have been written to: /mnt/host/source/src/platform/ec/build/zephyr/minimal-realtek/build-rw
[minimal-realtek:ro] -- Generating done (0.4s)
[minimal-realtek:ro] CMake Warning:
[minimal-realtek:ro]   Manually-specified variables were not used by the project:
[minimal-realtek:ro]     COREBOOT_SDK_ROOT_libstdcxx_riscv64
[minimal-realtek:ro]     COREBOOT_SDK_ROOT_libstdcxx_x86
[minimal-realtek:ro]     COREBOOT_SDK_ROOT_nds32
[minimal-realtek:ro]     COREBOOT_SDK_ROOT_picolibc_riscv64
[minimal-realtek:ro]     COREBOOT_SDK_ROOT_picolibc_x86
[minimal-realtek:ro]     COREBOOT_SDK_ROOT_riscv
[minimal-realtek:ro]     COREBOOT_SDK_ROOT_riscv64
[minimal-realtek:ro]     COREBOOT_SDK_ROOT_x86
[minimal-realtek:ro] -- Build files have been written to: /mnt/host/source/src/platform/ec/build/zephyr/minimal-realtek/build-ro
[ocelotrvp-ish:singleimage] [102/266] Building C object zephyr/CMakeFiles/zephyr.dir/subsys/pm/device_system_managed.c.obj
[ocelotrvp-ish:singleimage] [103/266] Building C object zephyr/CMakeFiles/zephyr.dir/subsys/pm/device.c.obj
[dirks:ro] [13/372] Building C object zephyr/CMakeFiles/zephyr.dir/lib/os/cbprintf_packaged.c.obj
[winterhold:ro] Configuring.
Running `env -i PYTHONPATH=/usr/lib64/python-exec/python3.11:/mnt/host/source/src/platform/ec/zephyr/zmake:/usr/lib/python311.zip:/usr/lib/python3.11:/usr/lib/python3.11/lib-dynload:/usr/lib/python3.11/site-packages PW_PIGWEED_CIPD_INSTALL_DIR=/usr CROSTC_USER_ACKNOWLEDGES_THAT_RISCV_IS_EXPERIMENTAL=1 PATH=/mnt/host/source/chromite/bin:/usr/local/bin:/usr/bin:/bin:/opt/bin:/mnt/host/source/chromite/sdk/bin:/mnt/host/source/chromite/bin HOME=/home/jpmurphy JAVA_HOME=/etc/java-config-2/current-system-vm JDK_HOME=/etc/java-config-2/current-system-vm JAVAC=/etc/java-config-2/current-system-vm/bin/javac MAKEFLAGS=' -j16 --jobserver-auth=5,6' /usr/bin/cmake -S /mnt/host/source/src/platform/ec/zephyr/program/skyrim -B /mnt/host/source/src/platform/ec/build/zephyr/winterhold/build-ro -GNinja -DCMAKE_EXPORT_COMPILE_COMMANDS=ON -DZEPHYR_BASE=/mnt/host/source/src/third_party/zephyr/main -DZMAKE_INCLUDE_DIR=/mnt/host/source/src/platform/ec/build/zephyr/winterhold/include -DPython3_EXECUTABLE=/usr/bin/python3.11 -DDTS_ROOT=/mnt/host/source/src/platform/ec/zephyr -DSYSCALL_INCLUDE_DIRS=/mnt/host/source/src/platform/ec/zephyr/include/drivers -DUSER_CACHE_DIR=/mnt/host/source/src/platform/ec/build/zephyr/user-cache '-DEXTRA_EC_VERSION_FLAGS=--version 16543.0.0 --static' -DTOOLCHAIN_ROOT=/mnt/host/source/src/platform/ec/zephyr -DCOREBOOT_SDK_ROOT_x86=/home/jpmurphy/.cache/coreboot-sdk/i386-elf/dfbb0486385d938cfa9d73080b9d18d598ed4f49 -DCOREBOOT_SDK_ROOT_picolibc_x86=/home/jpmurphy/.cache/coreboot-sdk/picolibc-i386-elf/eb8e8e687b95461de8cbf278f1c2076952d0ad17 -DCOREBOOT_SDK_ROOT_riscv64=/home/jpmurphy/.cache/coreboot-sdk/riscv64-elf/96b949749225b6aaa92ed810ab769e8dfb12f000 -DCOREBOOT_SDK_ROOT_picolibc_arm=/home/jpmurphy/.cache/coreboot-sdk/picolibc-arm-eabi/422a2aa3e1ef891b5bece9a3deb696ff83840d2e -DCOREBOOT_SDK_ROOT_nds32=/home/jpmurphy/.cache/coreboot-sdk/nds32le-elf/d1a518c4a097666d86058e1444f85ca015d15511 -DCOREBOOT_SDK_ROOT_picolibc_riscv64=/home/jpmurphy/.cache/coreboot-sdk/picolibc-riscv64-elf/f571e990ef0278564b31124f8bb109d9a697eb69 -DCOREBOOT_SDK_ROOT_arm=/home/jpmurphy/.cache/coreboot-sdk/arm-eabi/ea40ddd1d190c3b48435c474c0b545719371813a -DCOREBOOT_SDK_ROOT_libstdcxx_riscv64=/home/jpmurphy/.cache/coreboot-sdk/libstdcxx-riscv64-elf/17abf22a3a252e2d5d2062ced5324f7a623689e0 -DCOREBOOT_SDK_ROOT_libstdcxx_arm=/home/jpmurphy/.cache/coreboot-sdk/libstdcxx-arm-eabi/5d7d82e150e44aa1968f1d366e267e6687b328ac -DCOREBOOT_SDK_ROOT_riscv=/home/jpmurphy/.cache/coreboot-sdk/riscv-elf/9a27b9e82341c6e9126624f516ab3f261abb3e73 -DCOREBOOT_SDK_ROOT_libstdcxx_x86=/home/jpmurphy/.cache/coreboot-sdk/libstdcxx-i386-elf/42ef9d2e87a76a37963175d7d428734e65648b87 -DZEPHYR_TOOLCHAIN_VARIANT=coreboot-sdk '-DZEPHYR_MODULES=/mnt/host/source/src/platform/ec/build/zephyr/winterhold/modules/cmsis;/mnt/host/source/src/platform/ec/build/zephyr/winterhold/modules/cmsis_6;/mnt/host/source/src/platform/ec/build/zephyr/winterhold/modules/ec' -DDTC_OVERLAY_FILE=/mnt/host/source/src/platform/ec/zephyr/program/skyrim/winterhold/project.overlay -DBOARD=npcx9/npcx9m3f -DCMAKE_C_FLAGS=-DSECTION_IS_RO '-DCONF_FILE=/mnt/host/source/src/platform/ec/zephyr/program/skyrim/program.conf;/mnt/host/source/src/platform/ec/zephyr/program/skyrim/winterhold/project.conf;/mnt/host/source/src/platform/ec/build/zephyr/winterhold/kconfig-ro.conf'`
[ocelotrvp-ish:singleimage] [104/266] Building C object zephyr/CMakeFiles/zephyr.dir/subsys/tracing/tracing_none.c.obj
[winterhold:ro] Loading Zephyr default modules (Zephyr base (cached)).
[winterhold:ro] -- Application: /mnt/host/source/src/platform/ec/zephyr/program/skyrim
[winterhold:ro] -- CMake version: 3.31.7
[ocelotrvp-ish:singleimage] [105/266] Building C object zephyr/CMakeFiles/zephyr.dir/subsys/testsuite/coverage/coverage.c.obj
[voltorb:ro] [13/386] Building C object zephyr/CMakeFiles/zephyr.dir/lib/os/cbprintf_packaged.c.obj
[ocelotrvp-ish:singleimage] [106/266] Building C object zephyr/CMakeFiles/zephyr.dir/subsys/shell/modules/kernel_service/cycles.c.obj
[mtlrvpp_m1723:ro] -- Found devicetree overlay: /mnt/host/source/src/platform/ec/zephyr/program/intelrvp/mtlrvp/mtlrvpp_mchp/fan.dts
[ocelotrvp-ish:singleimage] [107/266] Building C object zephyr/CMakeFiles/zephyr.dir/subsys/shell/modules/kernel_service/kernel_shell.c.obj
[mtlrvpp_m1723:ro] -- Found devicetree overlay: /mnt/host/source/src/platform/ec/zephyr/program/intelrvp/mtlrvp/mtlrvpp_mchp/gpio.dts
[mtlrvpp_m1723:ro] -- Found devicetree overlay: /mnt/host/source/src/platform/ec/zephyr/program/intelrvp/mtlrvp/mtlrvpp_mchp/keyboard.dts
[mtlrvpp_m1723:ro] -- Found devicetree overlay: /mnt/host/source/src/platform/ec/zephyr/program/intelrvp/mtlrvp/mtlrvpp_npcx/interrupts.dts
[mtlrvpp_m1723:ro] -- Found devicetree overlay: /mnt/host/source/src/platform/ec/zephyr/program/intelrvp/mtlrvp/mtlrvpp_npcx/tcpc_interrupts.dts
[mtlrvpp_m1723:ro] -- Found devicetree overlay: /mnt/host/source/src/platform/ec/zephyr/program/intelrvp/mtlrvp/ioex.dts
[mtlrvpp_m1723:ro] -- Found devicetree overlay: /mnt/host/source/src/platform/ec/zephyr/program/intelrvp/mtlrvp/tcpc_ioex.dts
[mtlrvpp_m1723:ro] -- Found devicetree overlay: /mnt/host/source/src/platform/ec/zephyr/program/intelrvp/mtlrvp/mtlrvpp_mchp/mtlrvp_mchp.dts
[mtlrvpp_m1723:ro] -- Found devicetree overlay: /mnt/host/source/src/platform/ec/zephyr/program/intelrvp/mtlrvp/mtlrvpp_m1723/mtlrvp_flash.dts
[mtlrvpp_m1723:ro] -- Found devicetree overlay: /mnt/host/source/src/platform/ec/zephyr/program/intelrvp/mtlrvp/mtlrvpp_mchp/mtlrvp_mchp_power_signals.dts
[mtlrvpp_m1723:ro] -- Found devicetree overlay: /mnt/host/source/src/platform/ec/zephyr/program/intelrvp/adlrvp/adlrvp_npcx/temp_sensor.dts
[mtlrvpp_m1723:ro] -- Found devicetree overlay: /mnt/host/source/src/platform/ec/zephyr/program/intelrvp/mtlrvp/usbc.dts
[mtlrvpp_m1723:ro] -- Generated zephyr.dts: /mnt/host/source/src/platform/ec/build/zephyr/mtlrvpp_m1723/build-ro/zephyr/zephyr.dts
[ocelotrvp-ish:singleimage] [108/266] Building C object zephyr/CMakeFiles/zephyr.dir/subsys/shell/modules/kernel_service/sleep.c.obj
[/mnt/host/source/src/platform/ec/build/zephyr/trulo-ti-lcov]   /mnt/host/source/src/platform/ec/build/zephyr/trulo-ti/build-ro/modules/ec/zephyr/drivers/pw_transport/CMakeFiles/pw_transport.proto.nanopb.dir/pw_transport.proto/nanopb/pw_transport/proto/transport.pb.c.gcno:no functions found
[/mnt/host/source/src/platform/ec/build/zephyr/trulo-ti-lcov] stderr:
[ocelotrvp-ish:singleimage] [109/266] Building C object zephyr/CMakeFiles/zephyr.dir/subsys/shell/modules/kernel_service/version.c.obj
[mtlrvpp_m1723:rw] -- Generated zephyr.dts: /mnt/host/source/src/platform/ec/build/zephyr/mtlrvpp_m1723/build-rw/zephyr/zephyr.dts
[winterhold:ro] -- Found Python3: /usr/bin/python3.11 (found suitable version "3.11.11", minimum required is "3.10") found components: Interpreter
[winterhold:ro] -- Cache files will be written to: /mnt/host/source/src/platform/ec/build/zephyr/user-cache
[winterhold:ro] -- Zephyr version: 4.3.99 (/mnt/host/source/src/third_party/zephyr/main)
[ocelotrvp-ish:singleimage] [110/266] Building C object zephyr/CMakeFiles/zephyr.dir/subsys/shell/modules/kernel_service/uptime.c.obj
[ocelotrvp-ish:singleimage] [111/266] Building C object zephyr/CMakeFiles/zephyr.dir/subsys/shell/modules/kernel_service/log-level.c.obj
[ocelotrvp-ish:singleimage] [112/266] Building C object zephyr/CMakeFiles/zephyr.dir/subsys/shell/modules/kernel_service/reboot.c.obj
[ocelotrvp-ish:singleimage] [113/266] Building C object zephyr/CMakeFiles/zephyr.dir/subsys/shell/modules/kernel_service/thread/thread.c.obj
[ocelotrvp-ish:singleimage] [114/266] Building C object zephyr/CMakeFiles/zephyr.dir/subsys/shell/modules/kernel_service/thread/list.c.obj
[dirks:ro] [14/372] Building C object zephyr/CMakeFiles/zephyr.dir/lib/os/clock.c.obj
[voltorb:ro] [14/386] Building C object zephyr/CMakeFiles/zephyr.dir/lib/os/printk.c.obj
[ocelotrvp-ish:singleimage] [115/266] Building C object zephyr/CMakeFiles/zephyr.dir/subsys/shell/modules/kernel_service/thread/stacks.c.obj
[voltorb:ro] [15/386] Building C object zephyr/CMakeFiles/zephyr.dir/lib/os/clock.c.obj
[mtlrvpp_m1723:ro] -- Generated pickled edt: /mnt/host/source/src/platform/ec/build/zephyr/mtlrvpp_m1723/build-ro/zephyr/edt.pickle
[mtlrvpp_m1723:ro] -- Generated devicetree_generated.h: /mnt/host/source/src/platform/ec/build/zephyr/mtlrvpp_m1723/build-ro/zephyr/include/generated/zephyr/devicetree_generated.h
[mtlrvpp_m1723:rw] -- Generated pickled edt: /mnt/host/source/src/platform/ec/build/zephyr/mtlrvpp_m1723/build-rw/zephyr/edt.pickle
[mtlrvpp_m1723:rw] -- Generated devicetree_generated.h: /mnt/host/source/src/platform/ec/build/zephyr/mtlrvpp_m1723/build-rw/zephyr/include/generated/zephyr/devicetree_generated.h
[ocelotrvp-ish:singleimage] [116/266] Building C object zephyr/CMakeFiles/zephyr.dir/subsys/shell/modules/kernel_service/thread/unwind.c.obj
[ocelotrvp-ish:singleimage] [117/266] Building C object zephyr/CMakeFiles/zephyr.dir/subsys/shell/modules/kernel_service/thread/suspend.c.obj
[ocelotrvp-ish:singleimage] [118/266] Building C object zephyr/CMakeFiles/zephyr.dir/subsys/shell/modules/kernel_service/thread/resume.c.obj
[ocelotrvp-ish:singleimage] [119/266] Building C object zephyr/CMakeFiles/zephyr.dir/subsys/shell/modules/kernel_service/thread/kill.c.obj
[ocelotrvp-ish:singleimage] [120/266] Building C object zephyr/CMakeFiles/zephyr.dir/subsys/shell/shell_fprintf.c.obj
[dirks:ro] [15/372] Building C object zephyr/CMakeFiles/zephyr.dir/lib/os/printk.c.obj
[ocelotrvp-ish:singleimage] [121/266] Building C object zephyr/CMakeFiles/zephyr.dir/subsys/shell/shell_log_backend.c.obj
[ocelotrvp-ish:singleimage] [122/266] Building C object zephyr/CMakeFiles/zephyr.dir/subsys/shell/backends/shell_uart.c.obj
[ocelotrvp-ish:singleimage] [123/266] Building C object zephyr/CMakeFiles/zephyr.dir/subsys/shell/shell.c.obj
[voltorb:ro] [16/386] Building C object zephyr/CMakeFiles/zephyr.dir/lib/os/thread_entry.c.obj
[ocelotrvp-ish:singleimage] [124/266] Building C object zephyr/CMakeFiles/zephyr.dir/subsys/shell/shell_utils.c.obj
[ocelotrvp-ish:singleimage] [125/266] Building C object zephyr/CMakeFiles/zephyr.dir/subsys/shell/shell_ops.c.obj
[voltorb:ro] [17/386] Building C object zephyr/CMakeFiles/zephyr.dir/lib/os/sem.c.obj
[ocelotrvp-ish:singleimage] [126/266] Building C object zephyr/CMakeFiles/zephyr.dir/subsys/shell/shell_help.c.obj
[/mnt/host/source/src/platform/ec/build/zephyr/ruby-ish-lcov]   /mnt/host/source/src/platform/ec/build/zephyr/ruby-ish/build-singleimage/zephyr/CMakeFiles/zephyr.dir/subsys/shell/modules/kernel_service/kernel_shell.c.gcno:no functions found
[/mnt/host/source/src/platform/ec/build/zephyr/ruby-ish-lcov] stderr:
[ocelotrvp-ish:singleimage] [127/266] Building C object zephyr/arch/common/CMakeFiles/arch__common.dir/init.c.obj
[/mnt/host/source/src/platform/ec/build/zephyr/craask-lcov]   /mnt/host/source/src/platform/ec/build/zephyr/craask/build-rw/zephyr/CMakeFiles/zephyr.dir/soc/nuvoton/npcx/common/npcxn/registers.c.gcno:no functions found
[/mnt/host/source/src/platform/ec/build/zephyr/craask-lcov] stderr:
[ocelotrvp-ish:singleimage] [128/266] Building C object zephyr/CMakeFiles/zephyr.dir/subsys/shell/shell_history.c.obj
[ocelotrvp-ish:singleimage] [129/266] Linking CXX static library zephyr/arch/common/libarch__common.a
[ocelotrvp-ish:singleimage] [130/266] Building C object zephyr/CMakeFiles/zephyr.dir/mnt/host/source/src/third_party/zephyrproject/modules/hal/intel/zephyr/bsp_sedi/bsp_sedi_rtos_utils.c.obj
[winterhold:ro] -- Board: npcx9, qualifiers: npcx9m3f
[ocelotrvp-ish:singleimage] [131/266] Building C object zephyr/arch/arch/x86/core/CMakeFiles/arch__x86__core.dir/cpuhalt.c.obj
[dirks:ro] [16/372] Building C object zephyr/CMakeFiles/zephyr.dir/lib/os/sem.c.obj
[ocelotrvp-ish:singleimage] [132/266] Linking CXX static library zephyr/libzephyr.a
[ocelotrvp-ish:singleimage] [133/266] Building C object zephyr/arch/arch/x86/core/CMakeFiles/arch__x86__core.dir/prep_c.c.obj
[ocelotrvp-ish:singleimage] [134/266] Building C object zephyr/arch/arch/x86/core/CMakeFiles/arch__x86__core.dir/cpuid.c.obj
[mtlrvpp_m1723:ro] /mnt/host/source/src/platform/ec/build/zephyr/mtlrvpp_m1723/build-ro/zephyr/zephyr.dts:1209.31-1222.6: Warning (i2c_bus_reg): /soc/i2c@40004000/rvp-board-id: missing or empty reg property
[mtlrvpp_m1723:ro] /mnt/host/source/src/platform/ec/build/zephyr/mtlrvpp_m1723/build-ro/zephyr/zephyr.dts:2737.9-2745.5: Warning (gpios_property): /fans/fan_0: Missing property '#gpio-cells' in node /named-gpios/all-sys-pwrgd or bad phandle (referred from pgood-gpio[0])
[mtlrvpp_m1723:ro] /mnt/host/source/src/platform/ec/build/zephyr/mtlrvpp_m1723/build-ro/zephyr/zephyr.dts:2737.9-2745.5: Warning (gpios_property): /fans/fan_0: Missing property '#gpio-cells' in node /named-gpios/therm-sen-mecc-r or bad phandle (referred from enable-gpio[0])
[ocelotrvp-ish:singleimage] [135/266] Building C object zephyr/arch/arch/x86/core/CMakeFiles/arch__x86__core.dir/fatal.c.obj
[voltorb:ro] [18/386] Building C object zephyr/CMakeFiles/zephyr.dir/lib/os/cbprintf_nano.c.obj
[voltorb:ro] [19/386] Building C object zephyr/CMakeFiles/zephyr.dir/lib/os/cbprintf.c.obj
[ocelotrvp-ish:singleimage] [136/266] Building C object zephyr/arch/arch/x86/core/CMakeFiles/arch__x86__core.dir/spec_ctrl.c.obj
[ocelotrvp-ish:singleimage] [137/266] Building C object zephyr/arch/arch/x86/core/CMakeFiles/arch__x86__core.dir/reboot_rst_cnt.c.obj
[ocelotrvp-ish:singleimage] [138/266] Building C object zephyr/arch/arch/x86/core/CMakeFiles/arch__x86__core.dir/tls.c.obj
[ocelotrvp-ish:singleimage] [139/266] Building ASM object zephyr/arch/arch/x86/core/CMakeFiles/arch__x86__core.dir/ia32/excstub.S.obj
[mtlrvpp_m1723:rw] /mnt/host/source/src/platform/ec/build/zephyr/mtlrvpp_m1723/build-rw/zephyr/zephyr.dts:1209.31-1222.6: Warning (i2c_bus_reg): /soc/i2c@40004000/rvp-board-id: missing or empty reg property
[mtlrvpp_m1723:rw] /mnt/host/source/src/platform/ec/build/zephyr/mtlrvpp_m1723/build-rw/zephyr/zephyr.dts:2737.9-2745.5: Warning (gpios_property): /fans/fan_0: Missing property '#gpio-cells' in node /named-gpios/all-sys-pwrgd or bad phandle (referred from pgood-gpio[0])
[mtlrvpp_m1723:rw] /mnt/host/source/src/platform/ec/build/zephyr/mtlrvpp_m1723/build-rw/zephyr/zephyr.dts:2737.9-2745.5: Warning (gpios_property): /fans/fan_0: Missing property '#gpio-cells' in node /named-gpios/therm-sen-mecc-r or bad phandle (referred from enable-gpio[0])
[ocelotrvp-ish:singleimage] [140/266] Building ASM object zephyr/arch/arch/x86/core/CMakeFiles/arch__x86__core.dir/ia32/crt0.S.obj
[voltorb:ro] [20/386] Building C object zephyr/CMakeFiles/zephyr.dir/lib/utils/dec.c.obj
[ocelotrvp-ish:singleimage] [141/266] Building ASM object zephyr/arch/arch/x86/core/CMakeFiles/arch__x86__core.dir/ia32/intstub.S.obj
[dirks:ro] [17/372] Building C object zephyr/CMakeFiles/zephyr.dir/lib/os/thread_entry.c.obj
[ocelotrvp-ish:singleimage] [142/266] Building C object zephyr/arch/arch/x86/core/CMakeFiles/arch__x86__core.dir/ia32/irq_manage.c.obj
[ocelotrvp-ish:singleimage] [143/266] Building ASM object zephyr/arch/arch/x86/core/CMakeFiles/arch__x86__core.dir/ia32/swap.S.obj
[voltorb:ro] [21/386] Building C object zephyr/CMakeFiles/zephyr.dir/lib/utils/hex.c.obj
[ocelotrvp-ish:singleimage] [144/266] Building C object zephyr/arch/arch/x86/core/CMakeFiles/arch__x86__core.dir/ia32/tls.c.obj
[ocelotrvp-ish:singleimage] [145/266] Building C object zephyr/arch/arch/x86/core/CMakeFiles/arch__x86__core.dir/ia32/thread.c.obj
[voltorb:ro] [22/386] Building C object zephyr/CMakeFiles/zephyr.dir/lib/os/assert.c.obj
[ocelotrvp-ish:singleimage] [146/266] Building C object zephyr/arch/arch/x86/core/CMakeFiles/arch__x86__core.dir/ia32/soft_float_stubs.c.obj
[ocelotrvp-ish:singleimage] [147/266] Building C object zephyr/arch/arch/x86/core/CMakeFiles/arch__x86__core.dir/ia32/fatal.c.obj
[ocelotrvp-ish:singleimage] [148/266] Linking CXX static library zephyr/arch/arch/x86/core/libarch__x86__core.a
[ocelotrvp-ish:singleimage] [149/266] Building C object zephyr/lib/libc/picolibc/CMakeFiles/lib__libc__picolibc.dir/assert.c.obj
[ocelotrvp-ish:singleimage] [150/266] Building C object zephyr/lib/libc/picolibc/CMakeFiles/lib__libc__picolibc.dir/chk_fail.c.obj
[ocelotrvp-ish:singleimage] [151/266] Building C object zephyr/lib/libc/picolibc/CMakeFiles/lib__libc__picolibc.dir/cbprintf.c.obj
[ocelotrvp-ish:singleimage] [152/266] Building C object zephyr/lib/libc/picolibc/CMakeFiles/lib__libc__picolibc.dir/errno_wrap.c.obj
[dirks:ro] [18/372] Building C object zephyr/CMakeFiles/zephyr.dir/lib/os/cbprintf_nano.c.obj
[ocelotrvp-ish:singleimage] [153/266] Building C object zephyr/lib/libc/picolibc/CMakeFiles/lib__libc__picolibc.dir/exit.c.obj
[voltorb:ro] [23/386] Building C object zephyr/CMakeFiles/zephyr.dir/lib/utils/timeutil.c.obj
[ocelotrvp-ish:singleimage] [154/266] Building C object zephyr/lib/libc/picolibc/CMakeFiles/lib__libc__picolibc.dir/locks.c.obj
[ocelotrvp-ish:singleimage] [155/266] Building C object zephyr/lib/posix/c_lib_ext/CMakeFiles/lib__posix__c_lib_ext.dir/fnmatch.c.obj
[ocelotrvp-ish:singleimage] [156/266] Building C object zephyr/lib/libc/picolibc/CMakeFiles/lib__libc__picolibc.dir/stdio.c.obj
[voltorb:ro] [24/386] Building C object zephyr/CMakeFiles/zephyr.dir/lib/utils/rb.c.obj
[ocelotrvp-ish:singleimage] [157/266] Building C object zephyr/lib/libc/common/CMakeFiles/lib__libc__common.dir/source/time/time.c.obj
[ocelotrvp-ish:singleimage] [158/266] Linking CXX static library zephyr/lib/libc/picolibc/liblib__libc__picolibc.a
[ocelotrvp-ish:singleimage] [159/266] Building C object zephyr/subsys/crc/CMakeFiles/subsys__crc.dir/crc4_sw.c.obj
[ocelotrvp-ish:singleimage] [160/266] Building C object zephyr/subsys/crc/CMakeFiles/subsys__crc.dir/crc8_sw.c.obj
[winterhold:ro] -- Found Dtc: /usr/bin/dtc (found suitable version "1.6.0", minimum required is "1.4.6")
[ocelotrvp-ish:singleimage] [161/266] Building C object zephyr/lib/libc/common/CMakeFiles/lib__libc__common.dir/source/stdlib/abort.c.obj
[winterhold:ro] -- Found BOARD.dts: /mnt/host/source/src/platform/ec/zephyr/boards/google/npcx9/npcx9_npcx9m3f.dts
[winterhold:ro] -- Found devicetree overlay: /mnt/host/source/src/platform/ec/zephyr/program/skyrim/winterhold/project.overlay
[ocelotrvp-ish:singleimage] [162/266] Linking CXX static library zephyr/lib/libc/common/liblib__libc__common.a
[ocelotrvp-ish:singleimage] [163/266] Building C object zephyr/subsys/crc/CMakeFiles/subsys__crc.dir/crc7_sw.c.obj
[ocelotrvp-ish:singleimage] [164/266] Building C object zephyr/lib/posix/c_lib_ext/CMakeFiles/lib__posix__c_lib_ext.dir/getentropy.c.obj
[ocelotrvp-ish:singleimage] [165/266] Building C object zephyr/subsys/crc/CMakeFiles/subsys__crc.dir/crc24_sw.c.obj
[ocelotrvp-ish:singleimage] [166/266] Building C object zephyr/subsys/crc/CMakeFiles/subsys__crc.dir/crc16_sw.c.obj
[ocelotrvp-ish:singleimage] [167/266] Building C object zephyr/subsys/crc/CMakeFiles/subsys__crc.dir/crc32c_sw.c.obj
[dirks:ro] [19/372] Building C object zephyr/CMakeFiles/zephyr.dir/lib/os/cbprintf.c.obj
[voltorb:ro] [25/386] Building C object zephyr/CMakeFiles/zephyr.dir/lib/utils/bitmask.c.obj
[ocelotrvp-ish:singleimage] [168/266] Building C object zephyr/subsys/crc/CMakeFiles/subsys__crc.dir/crc32_sw.c.obj
[ocelotrvp-ish:singleimage] [169/266] Building C object zephyr/subsys/crc/CMakeFiles/subsys__crc.dir/crc32k_4_2_sw.c.obj
[ocelotrvp-ish:singleimage] [170/266] Building C object zephyr/lib/posix/c_lib_ext/CMakeFiles/lib__posix__c_lib_ext.dir/getopt_shim.c.obj
[ocelotrvp-ish:singleimage] [171/266] Linking CXX static library zephyr/lib/posix/c_lib_ext/liblib__posix__c_lib_ext.a
[ocelotrvp-ish:singleimage] [172/266] Linking CXX static library zephyr/subsys/crc/libsubsys__crc.a
[ocelotrvp-ish:singleimage] [173/266] Building C object zephyr/drivers/interrupt_controller/CMakeFiles/drivers__interrupt_controller.dir/intc_system_apic.c.obj
[ocelotrvp-ish:singleimage] [174/266] Building C object zephyr/drivers/interrupt_controller/CMakeFiles/drivers__interrupt_controller.dir/intc_ioapic.c.obj
[ocelotrvp-ish:singleimage] [175/266] Building C object zephyr/drivers/interrupt_controller/CMakeFiles/drivers__interrupt_controller.dir/intc_loapic.c.obj
[ocelotrvp-ish:singleimage] [176/266] Building C object zephyr/drivers/gpio/CMakeFiles/drivers__gpio.dir/mnt/host/source/src/third_party/zephyrproject/modules/hal/intel/bsp_sedi/drivers/gpio/sedi_gpio.c.obj
[ocelotrvp-ish:singleimage] [177/266] Building C object zephyr/drivers/console/CMakeFiles/drivers__console.dir/uart_console.c.obj
[ocelotrvp-ish:singleimage] [178/266] Linking CXX static library zephyr/drivers/interrupt_controller/libdrivers__interrupt_controller.a
[voltorb:ro] [26/386] Building C object zephyr/CMakeFiles/zephyr.dir/lib/utils/bitarray.c.obj
[ocelotrvp-ish:singleimage] [179/266] Linking CXX static library zephyr/drivers/console/libdrivers__console.a
[dirks:ro] [20/372] Building C object zephyr/CMakeFiles/zephyr.dir/lib/os/assert.c.obj
[ocelotrvp-ish:singleimage] [180/266] Building C object zephyr/drivers/gpio/CMakeFiles/drivers__gpio.dir/gpio_sedi.c.obj
[ocelotrvp-ish:singleimage] [181/266] Linking CXX static library zephyr/drivers/gpio/libdrivers__gpio.a
[ocelotrvp-ish:singleimage] [182/266] Building C object zephyr/drivers/i2c/CMakeFiles/drivers__i2c.dir/i2c_common.c.obj
[dirks:ro] [21/372] Building C object zephyr/CMakeFiles/zephyr.dir/lib/utils/dec.c.obj
[ocelotrvp-ish:singleimage] [183/266] Building C object zephyr/drivers/ipm/CMakeFiles/drivers__ipm.dir/mnt/host/source/src/third_party/zephyrproject/modules/hal/intel/bsp_sedi/drivers/ipc/sedi_ipc.c.obj
[voltorb:ro] [27/386] Building C object zephyr/CMakeFiles/zephyr.dir/lib/utils/getopt/getopt.c.obj
[ocelotrvp-ish:singleimage] [184/266] Linking CXX static library zephyr/drivers/syscon/libdrivers__syscon.a
[ocelotrvp-ish:singleimage] [185/266] Building C object zephyr/drivers/i2c/CMakeFiles/drivers__i2c.dir/mnt/host/source/src/third_party/zephyrproject/modules/hal/intel/bsp_sedi/drivers/i2c/sedi_i2c_dw_apb_200a.c.obj
[ocelotrvp-ish:singleimage] [186/266] Building C object zephyr/drivers/i2c/CMakeFiles/drivers__i2c.dir/i2c_sedi.c.obj
[ocelotrvp-ish:singleimage] [187/266] Building C object zephyr/drivers/ipm/CMakeFiles/drivers__ipm.dir/ipm_sedi.c.obj
[ocelotrvp-ish:singleimage] [188/266] Building C object zephyr/drivers/i2c/CMakeFiles/drivers__i2c.dir/i2c_shell.c.obj
[dirks:ro] [22/372] Building C object zephyr/CMakeFiles/zephyr.dir/lib/utils/hex.c.obj
[ocelotrvp-ish:singleimage] [189/266] Linking CXX static library zephyr/drivers/ipm/libdrivers__ipm.a
[ocelotrvp-ish:singleimage] [190/266] Linking CXX static library zephyr/drivers/i2c/libdrivers__i2c.a
[ocelotrvp-ish:singleimage] [191/266] Building C object zephyr/drivers/serial/CMakeFiles/drivers__serial.dir/mnt/host/source/src/third_party/zephyrproject/modules/hal/intel/bsp_sedi/drivers/usart/sedi_dw_uart.c.obj
[voltorb:ro] [28/386] Building C object zephyr/CMakeFiles/zephyr.dir/lib/utils/ring_buffer.c.obj
[mtlrvpp_m1723:ro] warning: PLATFORM_EC_HOSTCMD_AP_RESET (defined at
[mtlrvpp_m1723:ro] /mnt/host/source/src/platform/ec/zephyr/Kconfig.powerseq:60) was assigned the value 'y' but got the
[mtlrvpp_m1723:ro] value 'n'. Check these unsatisfied dependencies: PLATFORM_EC_POWERSEQ (=n). See
[mtlrvpp_m1723:ro] http://docs.zephyrproject.org/latest/kconfig.html#CONFIG_PLATFORM_EC_HOSTCMD_AP_RESET and/or look up
[mtlrvpp_m1723:ro] PLATFORM_EC_HOSTCMD_AP_RESET in the menuconfig/guiconfig interface. The Application Development
[mtlrvpp_m1723:ro] Primer, Setting Configuration Values, and Kconfig - Tips and Best Practices sections of the manual
[mtlrvpp_m1723:ro] might be helpful too.
[mtlrvpp_m1723:ro] warning: Deprecated symbol I2C_ALLOW_NO_STOP_TRANSACTIONS is enabled.
[ocelotrvp-ish:singleimage] [192/266] Building C object zephyr/drivers/serial/CMakeFiles/drivers__serial.dir/uart_sedi.c.obj
[voltorb:ro] [29/386] Building C object zephyr/CMakeFiles/zephyr.dir/lib/utils/getopt/getopt_common.c.obj
[ocelotrvp-ish:singleimage] [193/266] Building C object zephyr/drivers/timer/CMakeFiles/drivers__timer.dir/sys_clock_init.c.obj
[ocelotrvp-ish:singleimage] [194/266] Linking CXX static library zephyr/drivers/serial/libdrivers__serial.a
[voltorb:ro] [30/386] Building C object zephyr/CMakeFiles/zephyr.dir/lib/utils/last_section_id.c.obj
[/mnt/host/source/src/platform/ec/build/zephyr/ruby-ish-lcov]   /mnt/host/source/src/platform/ec/build/zephyr/ruby-ish/build-singleimage/zephyr/CMakeFiles/zephyr.dir/lib/libc/validate_libc.c.gcno:no functions found
[/mnt/host/source/src/platform/ec/build/zephyr/ruby-ish-lcov] stderr:
[mtlrvpp_m1723:rw] warning: PLATFORM_EC_HOSTCMD_AP_RESET (defined at
[mtlrvpp_m1723:rw] /mnt/host/source/src/platform/ec/zephyr/Kconfig.powerseq:60) was assigned the value 'y' but got the
[mtlrvpp_m1723:rw] value 'n'. Check these unsatisfied dependencies: PLATFORM_EC_POWERSEQ (=n). See
[mtlrvpp_m1723:rw] http://docs.zephyrproject.org/latest/kconfig.html#CONFIG_PLATFORM_EC_HOSTCMD_AP_RESET and/or look up
[mtlrvpp_m1723:rw] PLATFORM_EC_HOSTCMD_AP_RESET in the menuconfig/guiconfig interface. The Application Development
[mtlrvpp_m1723:rw] Primer, Setting Configuration Values, and Kconfig - Tips and Best Practices sections of the manual
[mtlrvpp_m1723:rw] might be helpful too.
[ocelotrvp-ish:singleimage] [195/266] Building C object zephyr/drivers/timer/CMakeFiles/drivers__timer.dir/hpet.c.obj
[voltorb:ro] [31/386] Building C object zephyr/CMakeFiles/zephyr.dir/misc/generated/configs.c.obj
[ocelotrvp-ish:singleimage] [196/266] Linking CXX static library zephyr/drivers/timer/libdrivers__timer.a
[ocelotrvp-ish:singleimage] [197/266] Building C object modules/ec/zephyr/CMakeFiles/ec_shim.dir/shim/src/crc.c.obj
[ocelotrvp-ish:singleimage] [198/266] Building C object modules/ec/zephyr/CMakeFiles/ec_shim.dir/shim/chip/stub/clock.c.obj
[ocelotrvp-ish:singleimage] [199/266] Building C object modules/ec/zephyr/CMakeFiles/ec_shim.dir/app/ec/main_shim.c.obj
[ocelotrvp-ish:singleimage] [200/266] Building C object modules/ec/zephyr/CMakeFiles/ec_shim.dir/app/ec/ec_app_main.c.obj
[dirks:ro] [23/372] Building C object zephyr/CMakeFiles/zephyr.dir/lib/utils/rb.c.obj
[ocelotrvp-ish:singleimage] [201/266] Building C object modules/ec/zephyr/CMakeFiles/ec_shim.dir/shim/src/console.c.obj
[mtlrvpp_m1723:ro] Parsing /mnt/host/source/src/platform/ec/zephyr/program/intelrvp/Kconfig
[mtlrvpp_m1723:rw] Parsing /mnt/host/source/src/platform/ec/zephyr/program/intelrvp/Kconfig
[ocelotrvp-ish:singleimage] [202/266] Building C object modules/ec/zephyr/CMakeFiles/ec_shim.dir/shim/src/gpio.c.obj
[dirks:ro] [24/372] Building C object zephyr/CMakeFiles/zephyr.dir/lib/utils/timeutil.c.obj
[ocelotrvp-ish:singleimage] [203/266] Building C object modules/ec/zephyr/CMakeFiles/ec_shim.dir/shim/src/panic_utils.c.obj
[voltorb:ro] [32/386] Building C object zephyr/CMakeFiles/zephyr.dir/soc/nuvoton/npcx/common/power.c.obj
[ocelotrvp-ish:singleimage] [204/266] Building C object modules/ec/zephyr/CMakeFiles/ec_shim.dir/shim/src/gpio_int.c.obj
[ocelotrvp-ish:singleimage] [205/266] Building C object modules/ec/zephyr/CMakeFiles/ec_shim.dir/shim/src/cbi/cros_cbi.c.obj
[ocelotrvp-ish:singleimage] [206/266] Building C object modules/ec/zephyr/CMakeFiles/ec_shim.dir/shim/src/pm_state.c.obj
[ocelotrvp-ish:singleimage] [207/266] Building C object modules/ec/zephyr/CMakeFiles/ec_shim.dir/shim/src/ish_system.c.obj
[winterhold:ro] -- Generated zephyr.dts: /mnt/host/source/src/platform/ec/build/zephyr/winterhold/build-ro/zephyr/zephyr.dts
[voltorb:ro] [33/386] Building C object zephyr/CMakeFiles/zephyr.dir/soc/nuvoton/npcx/common/scfg.c.obj
[/mnt/host/source/src/platform/ec/build/zephyr/trulo-ti-lcov]   /mnt/host/source/src/platform/ec/build/zephyr/trulo-ti/build-ro/modules/ec/zephyr/drivers/dsp_comms/CMakeFiles/dsp_comms.proto.nanopb.dir/dsp_comms.proto/nanopb/proto/ec_dsp.pb.c.gcno:no functions found
[/mnt/host/source/src/platform/ec/build/zephyr/trulo-ti-lcov] stderr:
[ocelotrvp-ish:singleimage] [208/266] Building C object modules/ec/zephyr/CMakeFiles/ec_shim.dir/shim/src/hooks.c.obj
[ocelotrvp-ish:singleimage] [209/266] Building C object modules/ec/zephyr/CMakeFiles/ec_shim.dir/shim/src/host_command.c.obj
[ocelotrvp-ish:singleimage] [210/266] Building C object modules/ec/zephyr/CMakeFiles/ec_shim.dir/shim/src/mkbp_event.c.obj
[ocelotrvp-ish:singleimage] [211/266] Building C object modules/ec/zephyr/CMakeFiles/ec_shim.dir/shim/src/hwtimer.c.obj
[ocelotrvp-ish:singleimage] [212/266] Building C object modules/ec/zephyr/CMakeFiles/ec_shim.dir/shim/src/console_buffer.c.obj
[dirks:ro] [25/372] Building C object zephyr/CMakeFiles/zephyr.dir/lib/utils/bitarray.c.obj
[voltorb:ro] [34/386] Building C object zephyr/CMakeFiles/zephyr.dir/soc/nuvoton/npcx/common/npcxn/registers.c.obj
[ocelotrvp-ish:singleimage] [213/266] Building C object modules/ec/zephyr/CMakeFiles/ec_shim.dir/shim/src/i2c.c.obj
[mtlrvpp_m1723:ro] Loaded configuration '/mnt/host/source/src/platform/ec/zephyr/boards/google/mec172x/mec172x_mec172x_nsz_mec1723_defconfig'
[mtlrvpp_m1723:ro] Merged configuration '/mnt/host/source/src/platform/ec/zephyr/program/intelrvp/program.conf'
[mtlrvpp_m1723:ro] Merged configuration '/mnt/host/source/src/platform/ec/zephyr/program/intelrvp/mtlrvp/prj.conf'
[mtlrvpp_m1723:ro] Merged configuration '/mnt/host/source/src/platform/ec/zephyr/program/intelrvp/zephyr_ap_pwrseq.conf'
[mtlrvpp_m1723:ro] Merged configuration '/mnt/host/source/src/platform/ec/zephyr/program/intelrvp/mtlrvp/mtlrvpp_m1723/prj.conf'
[mtlrvpp_m1723:ro] Merged configuration '/mnt/host/source/src/platform/ec/zephyr/program/intelrvp/mtlrvp/mtlrvpp_mchp/board_mchp.conf'
[mtlrvpp_m1723:ro] Merged configuration '/mnt/host/source/src/platform/ec/zephyr/program/intelrvp/mtlrvp/tcpc.conf'
[mtlrvpp_m1723:ro] Merged configuration '/mnt/host/source/src/platform/ec/build/zephyr/mtlrvpp_m1723/kconfig-ro.conf'
[mtlrvpp_m1723:ro] Configuration saved to '/mnt/host/source/src/platform/ec/build/zephyr/mtlrvpp_m1723/build-ro/zephyr/.config'
[mtlrvpp_m1723:ro] Kconfig header saved to '/mnt/host/source/src/platform/ec/build/zephyr/mtlrvpp_m1723/build-ro/zephyr/include/generated/zephyr/autoconf.h'
[mtlrvpp_m1723:ro] -- Found GnuLd: /home/jpmurphy/.cache/coreboot-sdk/arm-eabi/ea40ddd1d190c3b48435c474c0b545719371813a/arm-eabi/bin/ld.bfd (found version "2.43.1")
[ocelotrvp-ish:singleimage] [214/266] Building C object modules/ec/zephyr/CMakeFiles/ec_shim.dir/shim/src/motionsense_sensors.c.obj
[mtlrvpp_m1723:rw] Loaded configuration '/mnt/host/source/src/platform/ec/zephyr/boards/google/mec172x/mec172x_mec172x_nsz_mec1723_defconfig'
[mtlrvpp_m1723:rw] Merged configuration '/mnt/host/source/src/platform/ec/zephyr/program/intelrvp/program.conf'
[mtlrvpp_m1723:rw] Merged configuration '/mnt/host/source/src/platform/ec/zephyr/program/intelrvp/mtlrvp/prj.conf'
[mtlrvpp_m1723:rw] Merged configuration '/mnt/host/source/src/platform/ec/zephyr/program/intelrvp/zephyr_ap_pwrseq.conf'
[winterhold:ro] -- Generated pickled edt: /mnt/host/source/src/platform/ec/build/zephyr/winterhold/build-ro/zephyr/edt.pickle
[mtlrvpp_m1723:rw] Merged configuration '/mnt/host/source/src/platform/ec/zephyr/program/intelrvp/mtlrvp/mtlrvpp_m1723/prj.conf'
[winterhold:ro] -- Generated devicetree_generated.h: /mnt/host/source/src/platform/ec/build/zephyr/winterhold/build-ro/zephyr/include/generated/zephyr/devicetree_generated.h
[mtlrvpp_m1723:rw] Merged configuration '/mnt/host/source/src/platform/ec/zephyr/program/intelrvp/mtlrvp/mtlrvpp_mchp/board_mchp.conf'
[mtlrvpp_m1723:rw] Merged configuration '/mnt/host/source/src/platform/ec/zephyr/program/intelrvp/mtlrvp/tcpc.conf'
[mtlrvpp_m1723:rw] Merged configuration '/mnt/host/source/src/platform/ec/build/zephyr/mtlrvpp_m1723/kconfig-rw.conf'
[mtlrvpp_m1723:rw] Configuration saved to '/mnt/host/source/src/platform/ec/build/zephyr/mtlrvpp_m1723/build-rw/zephyr/.config'
[mtlrvpp_m1723:rw] Kconfig header saved to '/mnt/host/source/src/platform/ec/build/zephyr/mtlrvpp_m1723/build-rw/zephyr/include/generated/zephyr/autoconf.h'
[mtlrvpp_m1723:rw] -- Found GnuLd: /home/jpmurphy/.cache/coreboot-sdk/arm-eabi/ea40ddd1d190c3b48435c474c0b545719371813a/arm-eabi/bin/ld.bfd (found version "2.43.1")
[dirks:ro] [26/372] Building C object zephyr/CMakeFiles/zephyr.dir/lib/utils/bitmask.c.obj
[voltorb:ro] [35/386] Building C object zephyr/CMakeFiles/zephyr.dir/soc/nuvoton/npcx/npcx9/soc.c.obj
[ocelotrvp-ish:singleimage] [215/266] Building C object modules/ec/zephyr/subsys/host_service/CMakeFiles/..__..__..__platform__ec__zephyr__subsys__host_service.dir/zephyr_host_service.c.obj
[ocelotrvp-ish:singleimage] [216/266] Building C object modules/ec/zephyr/CMakeFiles/ec_shim.dir/shim/src/tasks.c.obj
[mtlrvpp_m1723:ro] -- The C compiler identification is GNU 14.2.0
[ocelotrvp-ish:singleimage] [217/266] Building C object modules/ec/zephyr/CMakeFiles/ec_shim.dir/shim/src/usbc_stub.c.obj
[mtlrvpp_m1723:rw] -- The C compiler identification is GNU 14.2.0
[ocelotrvp-ish:singleimage] [218/266] Building C object modules/ec/zephyr/subsys/host_service/CMakeFiles/..__..__..__platform__ec__zephyr__subsys__host_service.dir/sys_mng.c.obj
[ocelotrvp-ish:singleimage] [219/266] Building C object modules/ec/zephyr/CMakeFiles/ec_shim.dir/shim/src/host_command_heci.c.obj
[ocelotrvp-ish:singleimage] [220/266] Linking CXX static library modules/ec/zephyr/subsys/host_service/lib..__..__..__platform__ec__zephyr__subsys__host_service.a
[ocelotrvp-ish:singleimage] [221/266] Building C object modules/ec/zephyr/subsys/host_service/heci/CMakeFiles/..__..__..__platform__ec__zephyr__subsys__host_service__heci.dir/heci_intf.c.obj
[ocelotrvp-ish:singleimage] [222/266] Linking CXX static library modules/ec/zephyr/libec_shim.a
[mtlrvpp_m1723:ro] -- The CXX compiler identification is GNU 14.2.0
[voltorb:ro] [36/386] Building C object zephyr/CMakeFiles/zephyr.dir/subsys/mem_mgmt/mem_attr.c.obj
[mtlrvpp_m1723:rw] -- The CXX compiler identification is GNU 14.2.0
[mtlrvpp_m1723:ro] -- The ASM compiler identification is GNU
[mtlrvpp_m1723:ro] CMake Warning at /mnt/host/source/src/platform/ec/zephyr/cmake/linker/ld/linker_libraries.cmake:11 (message):
[mtlrvpp_m1723:ro]   Disabling c_library
[mtlrvpp_m1723:ro] Call Stack (most recent call first):
[mtlrvpp_m1723:ro]   /mnt/host/source/src/third_party/zephyr/main/cmake/target_toolchain_flags.cmake:48 (include)
[mtlrvpp_m1723:ro]   /mnt/host/source/src/third_party/zephyr/main/cmake/modules/kernel.cmake:153 (include)
[mtlrvpp_m1723:ro]   /mnt/host/source/src/third_party/zephyr/main/cmake/modules/zephyr_default.cmake:138 (include)
[mtlrvpp_m1723:ro]   /mnt/host/source/src/third_party/zephyr/main/share/zephyr-package/cmake/ZephyrConfig.cmake:66 (include)
[mtlrvpp_m1723:ro]   /mnt/host/source/src/third_party/zephyr/main/share/zephyr-package/cmake/ZephyrConfig.cmake:97 (include_boilerplate)
[mtlrvpp_m1723:ro]   CMakeLists.txt:7 (find_package)
[mtlrvpp_m1723:rw] -- The ASM compiler identification is GNU
[mtlrvpp_m1723:rw] -- Found assembler: /home/jpmurphy/.cache/coreboot-sdk/arm-eabi/ea40ddd1d190c3b48435c474c0b545719371813a/bin/arm-eabi-gcc
[mtlrvpp_m1723:rw] warning: Deprecated symbol I2C_ALLOW_NO_STOP_TRANSACTIONS is enabled.
[mtlrvpp_m1723:rw] CMake Warning at /mnt/host/source/src/platform/ec/zephyr/cmake/linker/ld/linker_libraries.cmake:11 (message):
[mtlrvpp_m1723:rw]   Disabling c_library
[mtlrvpp_m1723:rw] Call Stack (most recent call first):
[mtlrvpp_m1723:rw]   /mnt/host/source/src/third_party/zephyr/main/cmake/target_toolchain_flags.cmake:48 (include)
[mtlrvpp_m1723:rw]   /mnt/host/source/src/third_party/zephyr/main/cmake/modules/kernel.cmake:153 (include)
[mtlrvpp_m1723:rw]   /mnt/host/source/src/third_party/zephyr/main/cmake/modules/zephyr_default.cmake:138 (include)
[mtlrvpp_m1723:rw]   /mnt/host/source/src/third_party/zephyr/main/share/zephyr-package/cmake/ZephyrConfig.cmake:66 (include)
[mtlrvpp_m1723:rw]   /mnt/host/source/src/third_party/zephyr/main/share/zephyr-package/cmake/ZephyrConfig.cmake:97 (include_boilerplate)
[mtlrvpp_m1723:rw]   CMakeLists.txt:7 (find_package)
[ocelotrvp-ish:singleimage] [223/266] Building C object modules/ec/zephyr/subsys/host_service/heci/CMakeFiles/..__..__..__platform__ec__zephyr__subsys__host_service__heci.dir/heci_system_state.c.obj
[dirks:ro] [27/372] Building C object zephyr/CMakeFiles/zephyr.dir/lib/utils/getopt/getopt.c.obj
[ocelotrvp-ish:singleimage] [224/266] Building C object modules/ec/zephyr/subsys/host_service/heci/CMakeFiles/..__..__..__platform__ec__zephyr__subsys__host_service__heci.dir/intfs/ipm_intf.c.obj
[ocelotrvp-ish:singleimage] [225/266] Building C object modules/ec/zephyr/subsys/host_service/heci/CMakeFiles/..__..__..__platform__ec__zephyr__subsys__host_service__heci.dir/heci_core.c.obj
[ocelotrvp-ish:singleimage] [226/266] Linking CXX static library modules/ec/zephyr/subsys/host_service/heci/lib..__..__..__platform__ec__zephyr__subsys__host_service__heci.a
[ocelotrvp-ish:singleimage] [227/266] Building C object modules/ec/zephyr/drivers/dsp_comms/client/CMakeFiles/dsp.client.dir/remote_cbi.c.obj
[voltorb:ro] [37/386] Building C object zephyr/CMakeFiles/zephyr.dir/subsys/pm/pm.c.obj
[ocelotrvp-ish:singleimage] [228/266] Building C object modules/ec/zephyr/drivers/dsp_comms/client/CMakeFiles/dsp.client.dir/dsp_client.c.obj
[ocelotrvp-ish:singleimage] [229/266] Building C object modules/ec/zephyr/drivers/dsp_comms/client/CMakeFiles/dsp.client.dir/dsp_client_transport.c.obj
[voltorb:ro] [38/386] Building C object zephyr/CMakeFiles/zephyr.dir/subsys/pm/state.c.obj
[ocelotrvp-ish:singleimage] [230/266] Building C object modules/ec/zephyr/drivers/dsp_comms/client/CMakeFiles/dsp.client.dir/remote_lid_angle.c.obj
[ocelotrvp-ish:singleimage] [231/266] Building C object modules/ec/zephyr/drivers/dsp_comms/client/CMakeFiles/dsp.client.dir/remote_lid_switch.c.obj
[mtlrvpp_m1723:ro] -- Found assembler: /home/jpmurphy/.cache/coreboot-sdk/arm-eabi/ea40ddd1d190c3b48435c474c0b545719371813a/bin/arm-eabi-gcc
[mtlrvpp_m1723:ro] -- Performing EC specific devicetree checks
[ocelotrvp-ish:singleimage] [232/266] Building C object zephyr/kernel/CMakeFiles/kernel.dir/main_weak.c.obj
[winterhold:ro] /mnt/host/source/src/platform/ec/build/zephyr/winterhold/build-ro/zephyr/zephyr.dts:4228.15-4236.5: Warning (gpios_property): /fans/fan_0: Missing property '#gpio-cells' in node /named-gpios/pg_pcore_s0_r_od or bad phandle (referred from pgood-gpio[0])
[ocelotrvp-ish:singleimage] [233/266] Building C object modules/ec/zephyr/drivers/dsp_comms/client/CMakeFiles/dsp.client.dir/remote_tablet_switch.c.obj
[ocelotrvp-ish:singleimage] [234/266] Building C object zephyr/kernel/CMakeFiles/kernel.dir/banner.c.obj
[mtlrvpp_m1723:rw] -- Performing EC specific devicetree checks
[ocelotrvp-ish:singleimage] [235/266] Building C object zephyr/kernel/CMakeFiles/kernel.dir/busy_wait.c.obj
[mtlrvpp_m1723:ro] INFO: Verified 64 GPIOs, no duplicates found
[mtlrvpp_m1723:ro] INFO: Verified 14 '*-gpios' properties, all flags match.
[mtlrvpp_m1723:ro] INFO: Skipped 23 named-gpios children.
[ocelotrvp-ish:singleimage] [236/266] Building C object zephyr/kernel/CMakeFiles/kernel.dir/device.c.obj
[ocelotrvp-ish:singleimage] [237/266] Building C object zephyr/kernel/CMakeFiles/kernel.dir/errno.c.obj
[dirks:ro] [28/372] Building C object zephyr/CMakeFiles/zephyr.dir/lib/utils/getopt/getopt_common.c.obj
[ocelotrvp-ish:singleimage] [238/266] Linking CXX static library modules/ec/zephyr/drivers/dsp_comms/client/libdsp.client.a
[ocelotrvp-ish:singleimage] [239/266] Building C object zephyr/kernel/CMakeFiles/kernel.dir/version.c.obj
[/mnt/host/source/src/platform/ec/build/zephyr/craask-lcov]   /mnt/host/source/src/platform/ec/build/zephyr/craask/build-rw/zephyr/drivers/sensor/CMakeFiles/drivers__sensor.dir/mnt/host/source/src/third_party/zephyr/main/misc/empty_file.c.gcno:no functions found
[/mnt/host/source/src/platform/ec/build/zephyr/craask-lcov] Filter suppressions 'region':
[voltorb:ro] [39/386] Building C object zephyr/CMakeFiles/zephyr.dir/subsys/pm/policy/policy_events.c.obj
[/mnt/host/source/src/platform/ec/build/zephyr/ruby-ish-lcov]   /mnt/host/source/src/platform/ec/build/zephyr/ruby-ish/build-singleimage/zephyr/kernel/CMakeFiles/kernel.dir/errno.c.gcno:no functions found
[/mnt/host/source/src/platform/ec/build/zephyr/ruby-ish-lcov] stderr:
[mtlrvpp_m1723:rw] INFO: Verified 64 GPIOs, no duplicates found
[/mnt/host/source/src/platform/ec/build/zephyr/craask-lcov]     38 instances
[/mnt/host/source/src/platform/ec/build/zephyr/craask-lcov]     34 coverpoints
[/mnt/host/source/src/platform/ec/build/zephyr/craask-lcov] Message summary:
[/mnt/host/source/src/platform/ec/build/zephyr/craask-lcov]   31 ignore messages:
[/mnt/host/source/src/platform/ec/build/zephyr/craask-lcov]     gcov: 31
[voltorb:ro] [40/386] Building C object zephyr/CMakeFiles/zephyr.dir/subsys/pm/policy/policy_latency.c.obj
[mtlrvpp_m1723:ro] -- Generating component manifest file
[dirks:ro] [29/372] Building C object zephyr/CMakeFiles/zephyr.dir/lib/utils/last_section_id.c.obj
[dirks:ro] [30/372] Building C object zephyr/CMakeFiles/zephyr.dir/lib/utils/ring_buffer.c.obj
[mtlrvpp_m1723:rw] -- Generating component manifest file
[ocelotrvp-ish:singleimage] [240/266] Building C object zephyr/kernel/CMakeFiles/kernel.dir/fatal.c.obj
[ocelotrvp-ish:singleimage] [241/266] Building C object zephyr/kernel/CMakeFiles/kernel.dir/kheap.c.obj
[ocelotrvp-ish:singleimage] [242/266] Building C object zephyr/kernel/CMakeFiles/kernel.dir/init.c.obj
[ocelotrvp-ish:singleimage] [243/266] Building C object zephyr/kernel/CMakeFiles/kernel.dir/idle.c.obj
[ocelotrvp-ish:singleimage] [244/266] Building C object zephyr/kernel/CMakeFiles/kernel.dir/mailbox.c.obj
[mtlrvpp_m1723:ro] INFO: Running CME, outputting to /mnt/host/source/src/platform/ec/build/zephyr/mtlrvpp_m1723/build-ro/zephyr/component_manifest.json
[dirks:ro] [31/372] Building C object zephyr/CMakeFiles/zephyr.dir/misc/generated/configs.c.obj
[ocelotrvp-ish:singleimage] [245/266] Building C object zephyr/kernel/CMakeFiles/kernel.dir/mem_slab.c.obj
[ocelotrvp-ish:singleimage] [246/266] Building C object zephyr/kernel/CMakeFiles/kernel.dir/float.c.obj
[mtlrvpp_m1723:rw] INFO: Verified 14 '*-gpios' properties, all flags match.
[mtlrvpp_m1723:rw] INFO: Skipped 23 named-gpios children.
[mtlrvpp_m1723:rw] INFO: Running CME, outputting to /mnt/host/source/src/platform/ec/build/zephyr/mtlrvpp_m1723/build-rw/zephyr/component_manifest.json
[mtlrvpp_m1723:rw] INFO: Project mtlrvpp_m1723 does not support SSFC
[mtlrvpp_m1723:rw] INFO: Component virtual-mux-c0(cros-ec,usbc-mux-virtual) not on I2C bus, skip it
[mtlrvpp_m1723:rw] INFO: Component virtual-mux-c0(cros-ec,usbc-mux-virtual) not on I2C bus, skip it
[mtlrvpp_m1723:rw] INFO: Component virtual-mux-c1(cros-ec,usbc-mux-virtual) not on I2C bus, skip it
[mtlrvpp_m1723:rw] INFO: Component virtual-mux-c1(cros-ec,usbc-mux-virtual) not on I2C bus, skip it
[mtlrvpp_m1723:rw] INFO: Component virtual-mux-c2(cros-ec,usbc-mux-virtual) not on I2C bus, skip it
[mtlrvpp_m1723:rw] INFO: Component virtual-mux-c2(cros-ec,usbc-mux-virtual) not on I2C bus, skip it
[mtlrvpp_m1723:rw] INFO: Component virtual-mux-c3(cros-ec,usbc-mux-virtual) not on I2C bus, skip it
[mtlrvpp_m1723:rw] INFO: Component virtual-mux-c3(cros-ec,usbc-mux-virtual) not on I2C bus, skip it
[mtlrvpp_m1723:rw] INFO: No motionsense-sensor node found
[voltorb:ro] [41/386] Building C object zephyr/CMakeFiles/zephyr.dir/subsys/pm/policy/policy_state_lock.c.obj
[dirks:ro] [32/372] Building ASM object zephyr/CMakeFiles/zephyr.dir/soc/ite/ec/common/soc_irq.S.obj
[mtlrvpp_m1723:ro] -- warning_base_override: -Wall;-Wformat;-Wformat-security;-Wformat;-Wno-format-zero-length;-Wno-pointer-sign;-Wpointer-arith;-Wexpansion-to-defined
[mtlrvpp_m1723:rw] -- warning_base_override: -Wall;-Wformat;-Wformat-security;-Wformat;-Wno-format-zero-length;-Wno-pointer-sign;-Wpointer-arith;-Wexpansion-to-defined
[ocelotrvp-ish:singleimage] [247/266] Building C object zephyr/kernel/CMakeFiles/kernel.dir/system_work_q.c.obj
[ocelotrvp-ish:singleimage] [248/266] Building C object zephyr/kernel/CMakeFiles/kernel.dir/msg_q.c.obj
[ocelotrvp-ish:singleimage] [249/266] Building C object zephyr/kernel/CMakeFiles/kernel.dir/sem.c.obj
[ocelotrvp-ish:singleimage] [250/266] Building C object zephyr/kernel/CMakeFiles/kernel.dir/queue.c.obj
[voltorb:ro] [42/386] Building C object zephyr/CMakeFiles/zephyr.dir/subsys/pm/device.c.obj
[ocelotrvp-ish:singleimage] [251/266] Building C object zephyr/kernel/CMakeFiles/kernel.dir/stack.c.obj
[ocelotrvp-ish:singleimage] [252/266] Building C object zephyr/kernel/CMakeFiles/kernel.dir/mutex.c.obj
[dirks:ro] [33/372] Building C object zephyr/CMakeFiles/zephyr.dir/soc/ite/ec/common/soc_common_irq.c.obj
[mtlrvpp_m1723:ro] -- Found gen_kobject_list: /mnt/host/source/src/third_party/zephyr/main/scripts/build/gen_kobject_list.py
[mtlrvpp_m1723:rw] -- Found gen_kobject_list: /mnt/host/source/src/third_party/zephyr/main/scripts/build/gen_kobject_list.py
[mtlrvpp_m1723:ro] INFO: Project mtlrvpp_m1723 does not support SSFC
[mtlrvpp_m1723:ro] INFO: Component virtual-mux-c0(cros-ec,usbc-mux-virtual) not on I2C bus, skip it
[mtlrvpp_m1723:ro] INFO: Component virtual-mux-c0(cros-ec,usbc-mux-virtual) not on I2C bus, skip it
[mtlrvpp_m1723:ro] INFO: Component virtual-mux-c1(cros-ec,usbc-mux-virtual) not on I2C bus, skip it
[mtlrvpp_m1723:ro] INFO: Component virtual-mux-c1(cros-ec,usbc-mux-virtual) not on I2C bus, skip it
[mtlrvpp_m1723:ro] INFO: Component virtual-mux-c2(cros-ec,usbc-mux-virtual) not on I2C bus, skip it
[mtlrvpp_m1723:ro] INFO: Component virtual-mux-c2(cros-ec,usbc-mux-virtual) not on I2C bus, skip it
[mtlrvpp_m1723:ro] INFO: Component virtual-mux-c3(cros-ec,usbc-mux-virtual) not on I2C bus, skip it
[mtlrvpp_m1723:ro] INFO: Component virtual-mux-c3(cros-ec,usbc-mux-virtual) not on I2C bus, skip it
[mtlrvpp_m1723:ro] INFO: No motionsense-sensor node found
[mtlrvpp_m1723:ro] CMake Warning at /mnt/host/source/src/third_party/zephyr/main/CMakeLists.txt:2359 (message):
[mtlrvpp_m1723:ro]   __ASSERT() statements are globally ENABLED
[mtlrvpp_m1723:rw] CMake Warning at /mnt/host/source/src/third_party/zephyr/main/CMakeLists.txt:2359 (message):
[mtlrvpp_m1723:rw]   __ASSERT() statements are globally ENABLED
[ocelotrvp-ish:singleimage] [253/266] Building C object zephyr/kernel/CMakeFiles/kernel.dir/work.c.obj
[/mnt/host/source/src/platform/ec/build/zephyr/trulo-ti-lcov]   /mnt/host/source/src/platform/ec/build/zephyr/trulo-ti/build-ro/CMakeFiles/app.dir/mnt/host/source/src/platform/ec/build/zephyr/trulo-ti/modules/ec/common/chargen.c.gcno:no functions found
[/mnt/host/source/src/platform/ec/build/zephyr/trulo-ti-lcov] stderr:
[ocelotrvp-ish:singleimage] [254/266] Building C object zephyr/kernel/CMakeFiles/kernel.dir/condvar.c.obj
[dirks:ro] [34/372] Building C object zephyr/CMakeFiles/zephyr.dir/soc/ite/ec/common/power.c.obj
[mtlrvpp_m1723:ro] -- Configuring done (16.7s)
[ocelotrvp-ish:singleimage] [255/266] Building C object zephyr/kernel/CMakeFiles/kernel.dir/thread.c.obj
[voltorb:ro] [43/386] Building C object zephyr/CMakeFiles/zephyr.dir/subsys/pm/device_system_managed.c.obj
[ocelotrvp-ish:singleimage] [256/266] Building C object zephyr/kernel/CMakeFiles/kernel.dir/thread_monitor.c.obj
[mtlrvpp_m1723:rw] -- Configuring done (16.7s)
[ocelotrvp-ish:singleimage] [257/266] Building C object zephyr/kernel/CMakeFiles/kernel.dir/spinlock_validate.c.obj
[ocelotrvp-ish:singleimage] [258/266] Building C object zephyr/kernel/CMakeFiles/kernel.dir/pipe.c.obj
[ocelotrvp-ish:singleimage] [259/266] Building C object zephyr/kernel/CMakeFiles/kernel.dir/sched.c.obj
[dirks:ro] [35/372] Building C object zephyr/CMakeFiles/zephyr.dir/soc/ite/ec/common/policy.c.obj
[/mnt/host/source/src/platform/ec/build/zephyr/ruby-ish-lcov]   /mnt/host/source/src/platform/ec/build/zephyr/ruby-ish/build-singleimage/zephyr/lib/libc/picolibc/CMakeFiles/lib__libc__picolibc.dir/errno_wrap.c.gcno:no functions found
[/mnt/host/source/src/platform/ec/build/zephyr/ruby-ish-lcov] stderr:
[voltorb:ro] [44/386] Building C object zephyr/CMakeFiles/zephyr.dir/subsys/testsuite/coverage/coverage.c.obj
[ocelotrvp-ish:singleimage] [260/266] Building C object zephyr/kernel/CMakeFiles/kernel.dir/timer.c.obj
[ocelotrvp-ish:singleimage] [261/266] Building C object zephyr/kernel/CMakeFiles/kernel.dir/timeout.c.obj
[mtlrvpp_m1723:ro] -- Generating done (0.5s)
[mtlrvpp_m1723:ro] CMake Warning:
[mtlrvpp_m1723:ro]   Manually-specified variables were not used by the project:
[mtlrvpp_m1723:ro]     COREBOOT_SDK_ROOT_libstdcxx_riscv64
[mtlrvpp_m1723:ro]     COREBOOT_SDK_ROOT_libstdcxx_x86
[mtlrvpp_m1723:ro]     COREBOOT_SDK_ROOT_nds32
[mtlrvpp_m1723:ro]     COREBOOT_SDK_ROOT_picolibc_riscv64
[mtlrvpp_m1723:ro]     COREBOOT_SDK_ROOT_picolibc_x86
[mtlrvpp_m1723:ro]     COREBOOT_SDK_ROOT_riscv
[mtlrvpp_m1723:ro]     COREBOOT_SDK_ROOT_riscv64
[mtlrvpp_m1723:ro]     COREBOOT_SDK_ROOT_x86
[mtlrvpp_m1723:ro] -- Build files have been written to: /mnt/host/source/src/platform/ec/build/zephyr/mtlrvpp_m1723/build-ro
[ocelotrvp-ish:singleimage] [262/266] Building C object zephyr/kernel/CMakeFiles/kernel.dir/dynamic_disabled.c.obj
[minimal-realtek:rw] Building: /usr/bin/ninja -C /mnt/host/source/src/platform/ec/build/zephyr/minimal-realtek/build-rw all.libraries
Running `env -i SHELL=/bin/bash COLORTERM=truecolor DEPOT_TOOLS_UPDATE=0 LESS='-R -M --shift 5' SUDO_GID=0 JDK_HOME=/etc/java-config-2/current-system-vm CONFIG_PROTECT_MASK='/etc/gentoo-release /etc/sandbox.d /etc/fonts/fonts.conf /etc/terminfo /etc/ca-certificates.conf /etc/revdep-rebuild' CHROMEOS_CACHEDIR=/var/cache/chromeos-cache JAVA_HOME=/etc/java-config-2/current-system-vm SSH_AUTH_SOCK=/tmp/ssh-auth-sock SUDO_COMMAND=/bin/bash SUDO_USER=root SUDO_TTY=/dev/pts/2 EDITOR=/usr/bin/vi PWD=/mnt/host/source/src/platform/ec CONFIG_PROTECT=/usr/share/gnupg/qualified.txt LOGNAME=jpmurphy MANPATH=/etc/java-config-2/current-system-vm/man:/usr/local/share/man:/usr/share/man:/usr/share/gcc-data/x86_64-pc-linux-gnu/10.2.0/man:/usr/share/binutils-data/x86_64-pc-linux-gnu/2.45/man:/etc/java-config-2/current-system-vm/man/ SUDO_HOME=/root XAUTHORITY=/run/user/944457/gdm/Xauthority HOME=/home/jpmurphy LANG=C.UTF-8 LS_COLORS='rs=0:di=01;34:ln=01;36:mh=00:pi=40;33:so=01;35:do=01;35:bd=40;33;01:cd=40;33;01:or=01;05;37;41:mi=01;05;37;41:su=37;41:sg=30;43:ca=30;41:tw=30;42:ow=34;42:st=37;44:ex=01;32:*.tar=01;31:*.tgz=01;31:*.arc=01;31:*.arj=01;31:*.taz=01;31:*.lha=01;31:*.lz4=01;31:*.lzh=01;31:*.lzma=01;31:*.tlz=01;31:*.txz=01;31:*.tzo=01;31:*.t7z=01;31:*.zip=01;31:*.z=01;31:*.dz=01;31:*.gz=01;31:*.lrz=01;31:*.lz=01;31:*.lzo=01;31:*.xz=01;31:*.zst=01;31:*.tzst=01;31:*.bz2=01;31:*.bz=01;31:*.tbz=01;31:*.tbz2=01;31:*.tz=01;31:*.deb=01;31:*.rpm=01;31:*.jar=01;31:*.war=01;31:*.ear=01;31:*.sar=01;31:*.rar=01;31:*.alz=01;31:*.ace=01;31:*.zoo=01;31:*.cpio=01;31:*.7z=01;31:*.rz=01;31:*.cab=01;31:*.wim=01;31:*.swm=01;31:*.dwm=01;31:*.esd=01;31:*.jpg=01;35:*.jpeg=01;35:*.mjpg=01;35:*.mjpeg=01;35:*.gif=01;35:*.bmp=01;35:*.pbm=01;35:*.pgm=01;35:*.ppm=01;35:*.tga=01;35:*.xbm=01;35:*.xpm=01;35:*.tif=01;35:*.tiff=01;35:*.png=01;35:*.svg=01;35:*.svgz=01;35:*.mng=01;35:*.pcx=01;35:*.mov=01;35:*.mpg=01;35:*.mpeg=01;35:*.m2v=01;35:*.mkv=01;35:*.webm=01;35:*.webp=01;35:*.ogm=01;35:*.mp4=01;35:*.m4v=01;35:*.mp4v=01;35:*.vob=01;35:*.qt=01;35:*.nuv=01;35:*.wmv=01;35:*.asf=01;35:*.rm=01;35:*.rmvb=01;35:*.flc=01;35:*.avi=01;35:*.fli=01;35:*.flv=01;35:*.gl=01;35:*.dl=01;35:*.xcf=01;35:*.xwd=01;35:*.yuv=01;35:*.cgm=01;35:*.emf=01;35:*.ogv=01;35:*.ogx=01;35:*.cfg=00;32:*.conf=00;32:*.diff=00;32:*.doc=00;32:*.ini=00;32:*.log=00;32:*.patch=00;32:*.pdf=00;32:*.ps=00;32:*.tex=00;32:*.txt=00;32:*.aac=00;36:*.au=00;36:*.flac=00;36:*.m4a=00;36:*.mid=00;36:*.midi=00;36:*.mka=00;36:*.mp3=00;36:*.mpc=00;36:*.ogg=00;36:*.ra=00;36:*.wav=00;36:*.oga=00;36:*.opus=00;36:*.spx=00;36:*.xspf=00;36:' XDG_CURRENT_DESKTOP=GNOME INFOPATH=/usr/share/info:/usr/share/gcc-data/x86_64-pc-linux-gnu/10.2.0/info:/usr/share/binutils-data/x86_64-pc-linux-gnu/2.45/info:/usr/share/automake-1.16.5/info JAVAC=/etc/java-config-2/current-system-vm/bin/javac TERM=xterm-256color LESSOPEN='|lesspipe %s' USER=jpmurphy CROS_WORKON_SRCROOT=/mnt/host/source MANPAGER=manpager DISPLAY=:1 SHLVL=1 LC_MESSAGES=C EXTERNAL_TRUNK_PATH=/mnt/8f9d649a-3721-44cc-93c0-e6bd21a9689f/chromiumos GCC_SPECS='' PATH=/mnt/host/source/chromite/bin:/usr/local/bin:/usr/bin:/bin:/opt/bin:/mnt/host/source/chromite/sdk/bin:/mnt/host/source/chromite/bin PORTAGE_USERNAME=jpmurphy SUDO_UID=0 GCC_VER=10.2.0 MAIL=/var/mail/jpmurphy OLDPWD=/mnt/host/source/src/scripts traceparent=00-e87aca51550a78635907baa6a2476181-6d684811675d2973-01 _=./zephyr/firmware_builder.py COREBOOT_SDK_ROOT_x86=/home/jpmurphy/.cache/coreboot-sdk/i386-elf/dfbb0486385d938cfa9d73080b9d18d598ed4f49 COREBOOT_SDK_ROOT_picolibc_x86=/home/jpmurphy/.cache/coreboot-sdk/picolibc-i386-elf/eb8e8e687b95461de8cbf278f1c2076952d0ad17 COREBOOT_SDK_ROOT_riscv64=/home/jpmurphy/.cache/coreboot-sdk/riscv64-elf/96b949749225b6aaa92ed810ab769e8dfb12f000 COREBOOT_SDK_ROOT_picolibc_arm=/home/jpmurphy/.cache/coreboot-sdk/picolibc-arm-eabi/422a2aa3e1ef891b5bece9a3deb696ff83840d2e COREBOOT_SDK_ROOT_nds32=/home/jpmurphy/.cache/coreboot-sdk/nds32le-elf/d1a518c4a097666d86058e1444f85ca015d15511 COREBOOT_SDK_ROOT_picolibc_riscv64=/home/jpmurphy/.cache/coreboot-sdk/picolibc-riscv64-elf/f571e990ef0278564b31124f8bb109d9a697eb69 COREBOOT_SDK_ROOT_arm=/home/jpmurphy/.cache/coreboot-sdk/arm-eabi/ea40ddd1d190c3b48435c474c0b545719371813a COREBOOT_SDK_ROOT_libstdcxx_riscv64=/home/jpmurphy/.cache/coreboot-sdk/libstdcxx-riscv64-elf/17abf22a3a252e2d5d2062ced5324f7a623689e0 COREBOOT_SDK_ROOT_libstdcxx_arm=/home/jpmurphy/.cache/coreboot-sdk/libstdcxx-arm-eabi/5d7d82e150e44aa1968f1d366e267e6687b328ac COREBOOT_SDK_ROOT_riscv=/home/jpmurphy/.cache/coreboot-sdk/riscv-elf/9a27b9e82341c6e9126624f516ab3f261abb3e73 COREBOOT_SDK_ROOT_libstdcxx_x86=/home/jpmurphy/.cache/coreboot-sdk/libstdcxx-i386-elf/42ef9d2e87a76a37963175d7d428734e65648b87 PYTHONPATH=/mnt/host/source/src/platform/ec/zephyr/zmake PW_PIGWEED_CIPD_INSTALL_DIR=/usr CROSTC_USER_ACKNOWLEDGES_THAT_RISCV_IS_EXPERIMENTAL=1 MAKEFLAGS=' -j16 --jobserver-auth=5,6' /usr/bin/ninja -C /mnt/host/source/src/platform/ec/build/zephyr/minimal-realtek/build-rw all.libraries`
[ocelotrvp-ish:singleimage] [263/266] Building C object zephyr/kernel/CMakeFiles/kernel.dir/events.c.obj
[minimal-realtek:rw] ninja: Entering directory `/mnt/host/source/src/platform/ec/build/zephyr/minimal-realtek/build-rw'
[minimal-realtek:ro] Building: /usr/bin/ninja -C /mnt/host/source/src/platform/ec/build/zephyr/minimal-realtek/build-ro all.libraries
Running `env -i SHELL=/bin/bash COLORTERM=truecolor DEPOT_TOOLS_UPDATE=0 LESS='-R -M --shift 5' SUDO_GID=0 JDK_HOME=/etc/java-config-2/current-system-vm CONFIG_PROTECT_MASK='/etc/gentoo-release /etc/sandbox.d /etc/fonts/fonts.conf /etc/terminfo /etc/ca-certificates.conf /etc/revdep-rebuild' CHROMEOS_CACHEDIR=/var/cache/chromeos-cache JAVA_HOME=/etc/java-config-2/current-system-vm SSH_AUTH_SOCK=/tmp/ssh-auth-sock SUDO_COMMAND=/bin/bash SUDO_USER=root SUDO_TTY=/dev/pts/2 EDITOR=/usr/bin/vi PWD=/mnt/host/source/src/platform/ec CONFIG_PROTECT=/usr/share/gnupg/qualified.txt LOGNAME=jpmurphy MANPATH=/etc/java-config-2/current-system-vm/man:/usr/local/share/man:/usr/share/man:/usr/share/gcc-data/x86_64-pc-linux-gnu/10.2.0/man:/usr/share/binutils-data/x86_64-pc-linux-gnu/2.45/man:/etc/java-config-2/current-system-vm/man/ SUDO_HOME=/root XAUTHORITY=/run/user/944457/gdm/Xauthority HOME=/home/jpmurphy LANG=C.UTF-8 LS_COLORS='rs=0:di=01;34:ln=01;36:mh=00:pi=40;33:so=01;35:do=01;35:bd=40;33;01:cd=40;33;01:or=01;05;37;41:mi=01;05;37;41:su=37;41:sg=30;43:ca=30;41:tw=30;42:ow=34;42:st=37;44:ex=01;32:*.tar=01;31:*.tgz=01;31:*.arc=01;31:*.arj=01;31:*.taz=01;31:*.lha=01;31:*.lz4=01;31:*.lzh=01;31:*.lzma=01;31:*.tlz=01;31:*.txz=01;31:*.tzo=01;31:*.t7z=01;31:*.zip=01;31:*.z=01;31:*.dz=01;31:*.gz=01;31:*.lrz=01;31:*.lz=01;31:*.lzo=01;31:*.xz=01;31:*.zst=01;31:*.tzst=01;31:*.bz2=01;31:*.bz=01;31:*.tbz=01;31:*.tbz2=01;31:*.tz=01;31:*.deb=01;31:*.rpm=01;31:*.jar=01;31:*.war=01;31:*.ear=01;31:*.sar=01;31:*.rar=01;31:*.alz=01;31:*.ace=01;31:*.zoo=01;31:*.cpio=01;31:*.7z=01;31:*.rz=01;31:*.cab=01;31:*.wim=01;31:*.swm=01;31:*.dwm=01;31:*.esd=01;31:*.jpg=01;35:*.jpeg=01;35:*.mjpg=01;35:*.mjpeg=01;35:*.gif=01;35:*.bmp=01;35:*.pbm=01;35:*.pgm=01;35:*.ppm=01;35:*.tga=01;35:*.xbm=01;35:*.xpm=01;35:*.tif=01;35:*.tiff=01;35:*.png=01;35:*.svg=01;35:*.svgz=01;35:*.mng=01;35:*.pcx=01;35:*.mov=01;35:*.mpg=01;35:*.mpeg=01;35:*.m2v=01;35:*.mkv=01;35:*.webm=01;35:*.webp=01;35:*.ogm=01;35:*.mp4=01;35:*.m4v=01;35:*.mp4v=01;35:*.vob=01;35:*.qt=01;35:*.nuv=01;35:*.wmv=01;35:*.asf=01;35:*.rm=01;35:*.rmvb=01;35:*.flc=01;35:*.avi=01;35:*.fli=01;35:*.flv=01;35:*.gl=01;35:*.dl=01;35:*.xcf=01;35:*.xwd=01;35:*.yuv=01;35:*.cgm=01;35:*.emf=01;35:*.ogv=01;35:*.ogx=01;35:*.cfg=00;32:*.conf=00;32:*.diff=00;32:*.doc=00;32:*.ini=00;32:*.log=00;32:*.patch=00;32:*.pdf=00;32:*.ps=00;32:*.tex=00;32:*.txt=00;32:*.aac=00;36:*.au=00;36:*.flac=00;36:*.m4a=00;36:*.mid=00;36:*.midi=00;36:*.mka=00;36:*.mp3=00;36:*.mpc=00;36:*.ogg=00;36:*.ra=00;36:*.wav=00;36:*.oga=00;36:*.opus=00;36:*.spx=00;36:*.xspf=00;36:' XDG_CURRENT_DESKTOP=GNOME INFOPATH=/usr/share/info:/usr/share/gcc-data/x86_64-pc-linux-gnu/10.2.0/info:/usr/share/binutils-data/x86_64-pc-linux-gnu/2.45/info:/usr/share/automake-1.16.5/info JAVAC=/etc/java-config-2/current-system-vm/bin/javac TERM=xterm-256color LESSOPEN='|lesspipe %s' USER=jpmurphy CROS_WORKON_SRCROOT=/mnt/host/source MANPAGER=manpager DISPLAY=:1 SHLVL=1 LC_MESSAGES=C EXTERNAL_TRUNK_PATH=/mnt/8f9d649a-3721-44cc-93c0-e6bd21a9689f/chromiumos GCC_SPECS='' PATH=/mnt/host/source/chromite/bin:/usr/local/bin:/usr/bin:/bin:/opt/bin:/mnt/host/source/chromite/sdk/bin:/mnt/host/source/chromite/bin PORTAGE_USERNAME=jpmurphy SUDO_UID=0 GCC_VER=10.2.0 MAIL=/var/mail/jpmurphy OLDPWD=/mnt/host/source/src/scripts traceparent=00-e87aca51550a78635907baa6a2476181-6d684811675d2973-01 _=./zephyr/firmware_builder.py COREBOOT_SDK_ROOT_x86=/home/jpmurphy/.cache/coreboot-sdk/i386-elf/dfbb0486385d938cfa9d73080b9d18d598ed4f49 COREBOOT_SDK_ROOT_picolibc_x86=/home/jpmurphy/.cache/coreboot-sdk/picolibc-i386-elf/eb8e8e687b95461de8cbf278f1c2076952d0ad17 COREBOOT_SDK_ROOT_riscv64=/home/jpmurphy/.cache/coreboot-sdk/riscv64-elf/96b949749225b6aaa92ed810ab769e8dfb12f000 COREBOOT_SDK_ROOT_picolibc_arm=/home/jpmurphy/.cache/coreboot-sdk/picolibc-arm-eabi/422a2aa3e1ef891b5bece9a3deb696ff83840d2e COREBOOT_SDK_ROOT_nds32=/home/jpmurphy/.cache/coreboot-sdk/nds32le-elf/d1a518c4a097666d86058e1444f85ca015d15511 COREBOOT_SDK_ROOT_picolibc_riscv64=/home/jpmurphy/.cache/coreboot-sdk/picolibc-riscv64-elf/f571e990ef0278564b31124f8bb109d9a697eb69 COREBOOT_SDK_ROOT_arm=/home/jpmurphy/.cache/coreboot-sdk/arm-eabi/ea40ddd1d190c3b48435c474c0b545719371813a COREBOOT_SDK_ROOT_libstdcxx_riscv64=/home/jpmurphy/.cache/coreboot-sdk/libstdcxx-riscv64-elf/17abf22a3a252e2d5d2062ced5324f7a623689e0 COREBOOT_SDK_ROOT_libstdcxx_arm=/home/jpmurphy/.cache/coreboot-sdk/libstdcxx-arm-eabi/5d7d82e150e44aa1968f1d366e267e6687b328ac COREBOOT_SDK_ROOT_riscv=/home/jpmurphy/.cache/coreboot-sdk/riscv-elf/9a27b9e82341c6e9126624f516ab3f261abb3e73 COREBOOT_SDK_ROOT_libstdcxx_x86=/home/jpmurphy/.cache/coreboot-sdk/libstdcxx-i386-elf/42ef9d2e87a76a37963175d7d428734e65648b87 PYTHONPATH=/mnt/host/source/src/platform/ec/zephyr/zmake PW_PIGWEED_CIPD_INSTALL_DIR=/usr CROSTC_USER_ACKNOWLEDGES_THAT_RISCV_IS_EXPERIMENTAL=1 MAKEFLAGS=' -j16 --jobserver-auth=5,6' /usr/bin/ninja -C /mnt/host/source/src/platform/ec/build/zephyr/minimal-realtek/build-ro all.libraries`
[ocelotrvp-ish:singleimage] [264/266] Building C object zephyr/kernel/CMakeFiles/kernel.dir/mempool.c.obj
[minimal-realtek:ro] ninja: Entering directory `/mnt/host/source/src/platform/ec/build/zephyr/minimal-realtek/build-ro'
[dirks:ro] [36/372] Building C object zephyr/CMakeFiles/zephyr.dir/soc/ite/ec/it8xxx2/soc.c.obj
[winterhold:rw] Configuring.
Running `env -i PYTHONPATH=/usr/lib64/python-exec/python3.11:/mnt/host/source/src/platform/ec/zephyr/zmake:/usr/lib/python311.zip:/usr/lib/python3.11:/usr/lib/python3.11/lib-dynload:/usr/lib/python3.11/site-packages PW_PIGWEED_CIPD_INSTALL_DIR=/usr CROSTC_USER_ACKNOWLEDGES_THAT_RISCV_IS_EXPERIMENTAL=1 PATH=/mnt/host/source/chromite/bin:/usr/local/bin:/usr/bin:/bin:/opt/bin:/mnt/host/source/chromite/sdk/bin:/mnt/host/source/chromite/bin HOME=/home/jpmurphy JAVA_HOME=/etc/java-config-2/current-system-vm JDK_HOME=/etc/java-config-2/current-system-vm JAVAC=/etc/java-config-2/current-system-vm/bin/javac MAKEFLAGS=' -j16 --jobserver-auth=5,6' /usr/bin/cmake -S /mnt/host/source/src/platform/ec/zephyr/program/skyrim -B /mnt/host/source/src/platform/ec/build/zephyr/winterhold/build-rw -GNinja -DCMAKE_EXPORT_COMPILE_COMMANDS=ON -DZEPHYR_BASE=/mnt/host/source/src/third_party/zephyr/main -DZMAKE_INCLUDE_DIR=/mnt/host/source/src/platform/ec/build/zephyr/winterhold/include -DPython3_EXECUTABLE=/usr/bin/python3.11 -DDTS_ROOT=/mnt/host/source/src/platform/ec/zephyr -DSYSCALL_INCLUDE_DIRS=/mnt/host/source/src/platform/ec/zephyr/include/drivers -DUSER_CACHE_DIR=/mnt/host/source/src/platform/ec/build/zephyr/user-cache '-DEXTRA_EC_VERSION_FLAGS=--version 16543.0.0 --static' -DTOOLCHAIN_ROOT=/mnt/host/source/src/platform/ec/zephyr -DCOREBOOT_SDK_ROOT_x86=/home/jpmurphy/.cache/coreboot-sdk/i386-elf/dfbb0486385d938cfa9d73080b9d18d598ed4f49 -DCOREBOOT_SDK_ROOT_picolibc_x86=/home/jpmurphy/.cache/coreboot-sdk/picolibc-i386-elf/eb8e8e687b95461de8cbf278f1c2076952d0ad17 -DCOREBOOT_SDK_ROOT_riscv64=/home/jpmurphy/.cache/coreboot-sdk/riscv64-elf/96b949749225b6aaa92ed810ab769e8dfb12f000 -DCOREBOOT_SDK_ROOT_picolibc_arm=/home/jpmurphy/.cache/coreboot-sdk/picolibc-arm-eabi/422a2aa3e1ef891b5bece9a3deb696ff83840d2e -DCOREBOOT_SDK_ROOT_nds32=/home/jpmurphy/.cache/coreboot-sdk/nds32le-elf/d1a518c4a097666d86058e1444f85ca015d15511 -DCOREBOOT_SDK_ROOT_picolibc_riscv64=/home/jpmurphy/.cache/coreboot-sdk/picolibc-riscv64-elf/f571e990ef0278564b31124f8bb109d9a697eb69 -DCOREBOOT_SDK_ROOT_arm=/home/jpmurphy/.cache/coreboot-sdk/arm-eabi/ea40ddd1d190c3b48435c474c0b545719371813a -DCOREBOOT_SDK_ROOT_libstdcxx_riscv64=/home/jpmurphy/.cache/coreboot-sdk/libstdcxx-riscv64-elf/17abf22a3a252e2d5d2062ced5324f7a623689e0 -DCOREBOOT_SDK_ROOT_libstdcxx_arm=/home/jpmurphy/.cache/coreboot-sdk/libstdcxx-arm-eabi/5d7d82e150e44aa1968f1d366e267e6687b328ac -DCOREBOOT_SDK_ROOT_riscv=/home/jpmurphy/.cache/coreboot-sdk/riscv-elf/9a27b9e82341c6e9126624f516ab3f261abb3e73 -DCOREBOOT_SDK_ROOT_libstdcxx_x86=/home/jpmurphy/.cache/coreboot-sdk/libstdcxx-i386-elf/42ef9d2e87a76a37963175d7d428734e65648b87 -DZEPHYR_TOOLCHAIN_VARIANT=coreboot-sdk '-DZEPHYR_MODULES=/mnt/host/source/src/platform/ec/build/zephyr/winterhold/modules/cmsis;/mnt/host/source/src/platform/ec/build/zephyr/winterhold/modules/cmsis_6;/mnt/host/source/src/platform/ec/build/zephyr/winterhold/modules/ec' -DDTC_OVERLAY_FILE=/mnt/host/source/src/platform/ec/zephyr/program/skyrim/winterhold/project.overlay -DBOARD=npcx9/npcx9m3f -DCMAKE_C_FLAGS=-DSECTION_IS_RW '-DCONF_FILE=/mnt/host/source/src/platform/ec/zephyr/program/skyrim/program.conf;/mnt/host/source/src/platform/ec/zephyr/program/skyrim/winterhold/project.conf;/mnt/host/source/src/platform/ec/build/zephyr/winterhold/kconfig-rw.conf'`
[ocelotrvp-ish:singleimage] [265/266] Building C object zephyr/kernel/CMakeFiles/kernel.dir/poll.c.obj
[winterhold:rw] Loading Zephyr default modules (Zephyr base (cached)).
[winterhold:rw] -- Application: /mnt/host/source/src/platform/ec/zephyr/program/skyrim
[winterhold:rw] -- CMake version: 3.31.7
[mtlrvpp_m1723:rw] -- Generating done (0.7s)
[mtlrvpp_m1723:rw] CMake Warning:
[mtlrvpp_m1723:rw]   Manually-specified variables were not used by the project:
[mtlrvpp_m1723:rw]     COREBOOT_SDK_ROOT_libstdcxx_riscv64
[mtlrvpp_m1723:rw]     COREBOOT_SDK_ROOT_libstdcxx_x86
[mtlrvpp_m1723:rw]     COREBOOT_SDK_ROOT_nds32
[mtlrvpp_m1723:rw]     COREBOOT_SDK_ROOT_picolibc_riscv64
[mtlrvpp_m1723:rw]     COREBOOT_SDK_ROOT_picolibc_x86
[mtlrvpp_m1723:rw]     COREBOOT_SDK_ROOT_riscv
[dirks:ro] [37/372] Building ASM object zephyr/CMakeFiles/zephyr.dir/soc/ite/ec/it8xxx2/vector.S.obj
[mtlrvpp_m1723:rw]     COREBOOT_SDK_ROOT_riscv64
[mtlrvpp_m1723:rw]     COREBOOT_SDK_ROOT_x86
[mtlrvpp_m1723:rw] -- Build files have been written to: /mnt/host/source/src/platform/ec/build/zephyr/mtlrvpp_m1723/build-rw
[voltorb:ro] [45/386] Building C object zephyr/CMakeFiles/zephyr.dir/subsys/tracing/tracing_none.c.obj
[dirks:ro] [38/372] Building ASM object zephyr/CMakeFiles/zephyr.dir/soc/ite/ec/it8xxx2/__arithmetic.S.obj
[minimal-realtek:ro] [1/256] Preparing syscall dependency handling
[ocelotrvp-ish:singleimage] [266/266] Linking CXX static library zephyr/kernel/libkernel.a
[minimal-realtek:ro] [2/256] Generating misc/generated/syscalls_subdirs.trigger
[dirks:ro] [39/372] Building C object zephyr/CMakeFiles/zephyr.dir/soc/ite/ec/it8xxx2/check_regs.c.obj
[winterhold:rw] -- Found Python3: /usr/bin/python3.11 (found suitable version "3.11.11", minimum required is "3.10") found components: Interpreter
[winterhold:rw] -- Cache files will be written to: /mnt/host/source/src/platform/ec/build/zephyr/user-cache
[winterhold:rw] -- Zephyr version: 4.3.99 (/mnt/host/source/src/third_party/zephyr/main)
[voltorb:ro] [46/386] Building C object zephyr/CMakeFiles/zephyr.dir/subsys/shell/modules/kernel_service/kernel_shell.c.obj
[voltorb:ro] [47/386] Building C object zephyr/CMakeFiles/zephyr.dir/subsys/shell/modules/kernel_service/cycles.c.obj
[minimal-realtek:rw] [1/256] Generating include/generated/zephyr/version.h
[minimal-realtek:rw] -- git describe warned: warning: tag 'upstream/v2.7.99' is externally known as 'v2.7.99'
[minimal-realtek:rw] -- Zephyr version: 4.3.99 (/mnt/host/source/src/third_party/zephyr/main)
[minimal-realtek:rw] [2/256] Preparing syscall dependency handling
[minimal-realtek:ro] [3/256] Generating include/generated/zephyr/version.h
[minimal-realtek:ro] -- git describe warned: warning: tag 'upstream/v2.7.99' is externally known as 'v2.7.99'
[minimal-realtek:rw] [3/256] Generating misc/generated/syscalls_subdirs.trigger
[voltorb:ro] [48/386] Building C object zephyr/CMakeFiles/zephyr.dir/subsys/shell/modules/kernel_service/sleep.c.obj
[dirks:ro] [40/372] Building C object zephyr/CMakeFiles/zephyr.dir/subsys/pm/state.c.obj
[dirks:ro] [41/372] Building C object zephyr/CMakeFiles/zephyr.dir/subsys/logging/log_minimal.c.obj
[dirks:ro] [42/372] Building C object zephyr/CMakeFiles/zephyr.dir/soc/ite/ec/it8xxx2/ilm.c.obj
[minimal-realtek:ro] -- Zephyr version: 4.3.99 (/mnt/host/source/src/third_party/zephyr/main)
[minimal-realtek:ro] [4/256] cd /mnt/host/source/src/platform/ec/build/zephyr/minimal-realtek/build-ro/modules/ec/zephyr && PYTHONPATH=/mnt/host/source/src/platform/ec/build/zephyr/minimal-realtek/modules/ec/zephyr/zmake/ /usr/bin/python3.11 /mnt/host/source/src/platform/ec/build/zephyr/minimal-realtek/modules/ec/zephyr/zmake/zephyr_build_tools/generate_ec_version.py /mnt/host/source/src/platform/ec/build/zephyr/minimal-realtek/build-ro/modules/ec/zephyr/include/ec_version.h --name Zephyr-Kernel --version 16543.0.0 --static
[minimal-realtek:ro] INFO:root:Using a static version string
[winterhold:ro] warning: PLATFORM_EC_PANIC_LOG (defined at /mnt/host/source/src/platform/ec/zephyr/Kconfig.panic:53)
[winterhold:ro] was assigned the value 'y' but got the value 'n'. Check these unsatisfied dependencies: (!CROS_EC_RO
[winterhold:ro] || ZTEST) (=n). See http://docs.zephyrproject.org/latest/kconfig.html#CONFIG_PLATFORM_EC_PANIC_LOG
[winterhold:ro] and/or look up PLATFORM_EC_PANIC_LOG in the menuconfig/guiconfig interface. The Application
[winterhold:ro] Development Primer, Setting Configuration Values, and Kconfig - Tips and Best Practices sections of
[winterhold:ro] the manual might be helpful too.
[winterhold:ro] warning: Deprecated symbol I2C_ALLOW_NO_STOP_TRANSACTIONS is enabled.
[dirks:ro] [43/372] Building C object zephyr/CMakeFiles/zephyr.dir/subsys/pm/pm.c.obj
[voltorb:ro] [49/386] Building C object zephyr/CMakeFiles/zephyr.dir/subsys/shell/modules/kernel_service/uptime.c.obj
[minimal-realtek:ro] INFO:root:Version string: Zephyr-Kernel-16543.0.0
[minimal-realtek:ro] INFO:root:Writing header to /mnt/host/source/src/platform/ec/build/zephyr/minimal-realtek/build-ro/modules/ec/zephyr/include/ec_version.h
[minimal-realtek:ro] [5/256] Generating misc/generated/syscalls.json, misc/generated/struct_tags.json
[minimal-realtek:ro] [6/256] Generating include/generated/zephyr/syscall_dispatch.c, include/generated/zephyr/syscall_exports_llext.c, syscall_weakdefs_llext.c, include/generated/zephyr/syscall_list.h
[voltorb:ro] [50/386] Building C object zephyr/CMakeFiles/zephyr.dir/subsys/shell/modules/kernel_service/version.c.obj
[dirks:ro] [44/372] Building C object zephyr/CMakeFiles/zephyr.dir/subsys/pm/policy/policy_events.c.obj
[dirks:ro] [45/372] Building C object zephyr/CMakeFiles/zephyr.dir/subsys/pm/policy/policy_latency.c.obj
[dirks:ro] [46/372] Building C object zephyr/CMakeFiles/zephyr.dir/subsys/pm/policy/policy_state_lock.c.obj
[voltorb:ro] [51/386] Building C object zephyr/CMakeFiles/zephyr.dir/subsys/shell/modules/kernel_service/thread/thread.c.obj
[voltorb:ro] [52/386] Building C object zephyr/CMakeFiles/zephyr.dir/subsys/shell/modules/kernel_service/thread/list.c.obj
[voltorb:ro] [53/386] Building C object zephyr/CMakeFiles/zephyr.dir/subsys/shell/modules/kernel_service/thread/stacks.c.obj
[winterhold:ro] Parsing /mnt/host/source/src/platform/ec/zephyr/program/skyrim/Kconfig
[minimal-realtek:ro] [7/256] Generating include/generated/zephyr/driver-validation.h
[dirks:ro] [47/372] Building C object zephyr/CMakeFiles/zephyr.dir/subsys/pm/device.c.obj
[voltorb:ro] [54/386] Building C object zephyr/CMakeFiles/zephyr.dir/subsys/shell/modules/kernel_service/thread/suspend.c.obj
[minimal-realtek:rw] [4/256] Generating misc/generated/syscalls.json, misc/generated/struct_tags.json
[minimal-realtek:ro] [8/256] Generating include/generated/zephyr/kobj-types-enum.h, include/generated/zephyr/otype-to-str.h, include/generated/zephyr/otype-to-size.h
[minimal-realtek:ro] [9/256] Generating include/generated/device-api-sections.ld, include/generated/device-api-sections.cmake
[minimal-realtek:rw] [5/256] Generating include/generated/zephyr/syscall_dispatch.c, include/generated/zephyr/syscall_exports_llext.c, syscall_weakdefs_llext.c, include/generated/zephyr/syscall_list.h
[dirks:ro] [48/372] Building C object zephyr/CMakeFiles/zephyr.dir/subsys/pm/device_system_managed.c.obj
[winterhold:rw] -- Board: npcx9, qualifiers: npcx9m3f
[voltorb:ro] [55/386] Building C object zephyr/CMakeFiles/zephyr.dir/subsys/shell/modules/kernel_service/thread/resume.c.obj
[dirks:ro] [49/372] Building C object zephyr/CMakeFiles/zephyr.dir/subsys/testsuite/coverage/coverage.c.obj
[/mnt/host/source/src/platform/ec/build/zephyr/ruby-ish-lcov]   /mnt/host/source/src/platform/ec/build/zephyr/ruby-ish/build-singleimage/zephyr/drivers/syscon/CMakeFiles/drivers__syscon.dir/mnt/host/source/src/third_party/zephyr/main/misc/empty_file.c.gcno:no functions found
[/mnt/host/source/src/platform/ec/build/zephyr/ruby-ish-lcov] Filter suppressions 'region':
[dirks:ro] [50/372] Building C object zephyr/CMakeFiles/zephyr.dir/subsys/tracing/tracing_none.c.obj
[minimal-realtek:rw] [6/256] Generating include/generated/zephyr/driver-validation.h
[/mnt/host/source/src/platform/ec/build/zephyr/ruby-ish-lcov]     21 instances
[/mnt/host/source/src/platform/ec/build/zephyr/ruby-ish-lcov]     18 coverpoints
[/mnt/host/source/src/platform/ec/build/zephyr/ruby-ish-lcov] Message summary:
[/mnt/host/source/src/platform/ec/build/zephyr/ruby-ish-lcov]   1 warning message:
[/mnt/host/source/src/platform/ec/build/zephyr/ruby-ish-lcov]     format: 1
[/mnt/host/source/src/platform/ec/build/zephyr/ruby-ish-lcov]   9 ignore messages:
[/mnt/host/source/src/platform/ec/build/zephyr/ruby-ish-lcov]     gcov: 9
[dirks:ro] [51/372] Building C object zephyr/CMakeFiles/zephyr.dir/subsys/shell/modules/kernel_service/kernel_shell.c.obj
[voltorb:ro] [56/386] Building C object zephyr/CMakeFiles/zephyr.dir/subsys/shell/modules/kernel_service/thread/kill.c.obj
[voltorb:ro] [57/386] Building C object zephyr/CMakeFiles/zephyr.dir/subsys/shell/shell_fprintf.c.obj
[minimal-realtek:rw] [7/256] Generating include/generated/zephyr/kobj-types-enum.h, include/generated/zephyr/otype-to-str.h, include/generated/zephyr/otype-to-size.h
[voltorb:ro] [58/386] Building C object zephyr/CMakeFiles/zephyr.dir/subsys/shell/backends/shell_uart.c.obj
[minimal-realtek:ro] [10/256] Building C object zephyr/CMakeFiles/offsets.dir/arch/arm/core/offsets/offsets.c.obj
[voltorb:ro] [59/386] Building C object zephyr/CMakeFiles/zephyr.dir/subsys/shell/shell.c.obj
[minimal-realtek:rw] [8/256] Generating include/generated/device-api-sections.ld, include/generated/device-api-sections.cmake
[minimal-realtek:ro] [11/256] Generating include/generated/zephyr/offsets.h
[winterhold:ro] Loaded configuration '/mnt/host/source/src/platform/ec/zephyr/boards/google/npcx9/npcx9_npcx9m3f_defconfig'
[winterhold:ro] Merged configuration '/mnt/host/source/src/platform/ec/zephyr/program/skyrim/program.conf'
[winterhold:ro] Merged configuration '/mnt/host/source/src/platform/ec/zephyr/program/skyrim/winterhold/project.conf'
[winterhold:ro] Merged configuration '/mnt/host/source/src/platform/ec/build/zephyr/winterhold/kconfig-ro.conf'
[winterhold:ro] Configuration saved to '/mnt/host/source/src/platform/ec/build/zephyr/winterhold/build-ro/zephyr/.config'
[winterhold:ro] Kconfig header saved to '/mnt/host/source/src/platform/ec/build/zephyr/winterhold/build-ro/zephyr/include/generated/zephyr/autoconf.h'
[winterhold:ro] -- Found GnuLd: /home/jpmurphy/.cache/coreboot-sdk/arm-eabi/ea40ddd1d190c3b48435c474c0b545719371813a/arm-eabi/bin/ld.bfd (found version "2.43.1")
[voltorb:ro] [60/386] Building C object zephyr/CMakeFiles/zephyr.dir/subsys/shell/shell_utils.c.obj
[dirks:ro] [52/372] Building C object zephyr/CMakeFiles/zephyr.dir/subsys/shell/modules/kernel_service/sleep.c.obj
[dirks:ro] [53/372] Building C object zephyr/CMakeFiles/zephyr.dir/subsys/shell/modules/kernel_service/cycles.c.obj
[dirks:ro] [54/372] Building C object zephyr/CMakeFiles/zephyr.dir/subsys/shell/modules/kernel_service/uptime.c.obj
[voltorb:ro] [61/386] Building C object zephyr/arch/common/CMakeFiles/arch__common.dir/init.c.obj
[voltorb:ro] [62/386] Building C object zephyr/CMakeFiles/zephyr.dir/subsys/shell/shell_ops.c.obj
[dirks:ro] [55/372] Building C object zephyr/CMakeFiles/zephyr.dir/subsys/shell/modules/kernel_service/version.c.obj
[winterhold:ro] -- The C compiler identification is GNU 14.2.0
[minimal-realtek:rw] [9/256] Building C object zephyr/CMakeFiles/offsets.dir/arch/arm/core/offsets/offsets.c.obj
[voltorb:ro] [63/386] Building C object zephyr/arch/common/CMakeFiles/arch__common.dir/sw_isr_common.c.obj
[voltorb:ro] [64/386] Building C object zephyr/CMakeFiles/zephyr.dir/subsys/shell/shell_history.c.obj
[voltorb:ro] [65/386] Building C object zephyr/CMakeFiles/zephyr.dir/subsys/shell/shell_help.c.obj
[voltorb:ro] [66/386] Building C object zephyr/CMakeFiles/zephyr.dir/drivers/flash/flash_util.c.obj
[minimal-realtek:rw] [10/256] Generating include/generated/zephyr/offsets.h
[winterhold:ro] -- The CXX compiler identification is GNU 14.2.0
[minimal-realtek:ro] [12/256] Building C object CMakeFiles/app.dir/mnt/host/source/src/platform/ec/zephyr/subsys/ap_pwrseq/ap_events.c.obj
[voltorb:ro] [67/386] Building ASM object zephyr/arch/arch/arm/core/CMakeFiles/arch__arm__core.dir/nmi_on_reset.S.obj
[winterhold:ro] -- The ASM compiler identification is GNU
[voltorb:ro] [68/386] Linking C static library zephyr/libzephyr.a
[winterhold:ro] CMake Warning at /mnt/host/source/src/platform/ec/zephyr/cmake/linker/ld/linker_libraries.cmake:11 (message):
[voltorb:ro] [69/386] Building C object zephyr/arch/common/CMakeFiles/isr_tables.dir/isr_tables.c.obj
[dirks:ro] [56/372] Building C object zephyr/CMakeFiles/zephyr.dir/subsys/shell/modules/kernel_service/thread/list.c.obj
[dirks:ro] [57/372] Building C object zephyr/CMakeFiles/zephyr.dir/subsys/shell/modules/kernel_service/thread/thread.c.obj
[voltorb:ro] [70/386] Building ASM object zephyr/arch/arch/arm/core/cortex_m/CMakeFiles/arch__arm__core__cortex_m.dir/fault_s.S.obj
[voltorb:ro] [71/386] Linking C static library zephyr/arch/common/libisr_tables.a
[dirks:ro] [58/372] Building C object zephyr/CMakeFiles/zephyr.dir/subsys/shell/modules/kernel_service/thread/unwind.c.obj
[minimal-realtek:rw] [11/256] Building C object zephyr/CMakeFiles/zephyr.dir/lib/libc/validate_libc.c.obj
[voltorb:ro] [72/386] Building C object zephyr/arch/common/CMakeFiles/arch__common.dir/xip.c.obj
[dirks:ro] [59/372] Building C object zephyr/CMakeFiles/zephyr.dir/subsys/shell/modules/kernel_service/thread/stacks.c.obj
[voltorb:ro] [73/386] Building C object zephyr/arch/arch/arm/core/CMakeFiles/arch__arm__core.dir/fatal.c.obj
[voltorb:ro] [74/386] Linking C static library zephyr/arch/common/libarch__common.a
[minimal-realtek:ro] [13/256] Building C object CMakeFiles/app.dir/mnt/host/source/src/platform/ec/build/zephyr/minimal-realtek/modules/ec/builtin/stdlib.c.obj
[voltorb:ro] [75/386] Building C object zephyr/arch/arch/arm/core/cortex_m/CMakeFiles/arch__arm__core__cortex_m.dir/exc_exit.c.obj
[voltorb:ro] [76/386] Building C object zephyr/arch/arch/arm/core/CMakeFiles/arch__arm__core.dir/nmi.c.obj
[voltorb:ro] [77/386] Linking C static library zephyr/arch/arch/arm/core/libarch__arm__core.a
[winterhold:rw] -- Found Dtc: /usr/bin/dtc (found suitable version "1.6.0", minimum required is "1.4.6")
[winterhold:rw] -- Found BOARD.dts: /mnt/host/source/src/platform/ec/zephyr/boards/google/npcx9/npcx9_npcx9m3f.dts
[winterhold:rw] -- Found devicetree overlay: /mnt/host/source/src/platform/ec/zephyr/program/skyrim/winterhold/project.overlay
[voltorb:ro] [78/386] Building C object zephyr/arch/arch/arm/core/cortex_m/CMakeFiles/arch__arm__core__cortex_m.dir/fault.c.obj
[winterhold:ro] -- Found assembler: /home/jpmurphy/.cache/coreboot-sdk/arm-eabi/ea40ddd1d190c3b48435c474c0b545719371813a/bin/arm-eabi-gcc
[winterhold:ro] -- Performing EC specific devicetree checks
[dirks:ro] [60/372] Building C object zephyr/CMakeFiles/zephyr.dir/subsys/shell/modules/kernel_service/thread/suspend.c.obj
[minimal-realtek:rw] [12/256] Building C object zephyr/CMakeFiles/zephyr.dir/lib/heap/heap.c.obj
[dirks:ro] [61/372] Building C object zephyr/CMakeFiles/zephyr.dir/subsys/shell/modules/kernel_service/thread/resume.c.obj
[dirks:ro] [62/372] Building C object zephyr/CMakeFiles/zephyr.dir/subsys/shell/modules/kernel_service/thread/kill.c.obj
[voltorb:ro] [79/386] Building ASM object zephyr/arch/arch/arm/core/cortex_m/CMakeFiles/arch__arm__core__cortex_m.dir/vector_table.S.obj
[voltorb:ro] [80/386] Building ASM object zephyr/arch/arch/arm/core/cortex_m/CMakeFiles/arch__arm__core__cortex_m.dir/reset.S.obj
[winterhold:ro]   Disabling c_library
[winterhold:ro] Call Stack (most recent call first):
[winterhold:ro]   /mnt/host/source/src/third_party/zephyr/main/cmake/target_toolchain_flags.cmake:48 (include)
[winterhold:ro]   /mnt/host/source/src/third_party/zephyr/main/cmake/modules/kernel.cmake:153 (include)
[winterhold:ro]   /mnt/host/source/src/third_party/zephyr/main/cmake/modules/zephyr_default.cmake:138 (include)
[winterhold:ro]   /mnt/host/source/src/third_party/zephyr/main/share/zephyr-package/cmake/ZephyrConfig.cmake:66 (include)
[winterhold:ro]   /mnt/host/source/src/third_party/zephyr/main/share/zephyr-package/cmake/ZephyrConfig.cmake:97 (include_boilerplate)
[winterhold:ro]   CMakeLists.txt:7 (find_package)
[winterhold:ro] INFO: Verified 89 GPIOs, no duplicates found
[winterhold:ro] INFO: Verified 7 '*-gpios' properties, all flags match.
[winterhold:ro] INFO: Skipped 2 named-gpios children.
[voltorb:ro] [81/386] Building C object zephyr/arch/arch/arm/core/cortex_m/CMakeFiles/arch__arm__core__cortex_m.dir/fpu.c.obj
[minimal-realtek:ro] [14/256] Building C object CMakeFiles/app.dir/mnt/host/source/src/platform/ec/build/zephyr/minimal-realtek/modules/ec/common/base32.c.obj
[dirks:ro] [63/372] Building C object zephyr/CMakeFiles/zephyr.dir/subsys/shell/modules/device_service.c.obj
[voltorb:ro] [82/386] Building C object zephyr/arch/arch/arm/core/cortex_m/CMakeFiles/arch__arm__core__cortex_m.dir/thread_abort.c.obj
[voltorb:ro] [83/386] Building C object zephyr/arch/arch/arm/core/cortex_m/CMakeFiles/arch__arm__core__cortex_m.dir/scb.c.obj
[voltorb:ro] [84/386] Building ASM object zephyr/arch/arch/arm/core/cortex_m/CMakeFiles/arch__arm__core__cortex_m.dir/swap_helper.S.obj
[winterhold:ro] -- Generating component manifest file
[/mnt/host/source/src/platform/ec/build/zephyr/trulo-ti-lcov]   /mnt/host/source/src/platform/ec/build/zephyr/trulo-ti/build-ro/CMakeFiles/app.dir/mnt/host/source/src/platform/ec/build/zephyr/trulo-ti/modules/ec/common/cbi_config.c.gcno:no functions found
[/mnt/host/source/src/platform/ec/build/zephyr/trulo-ti-lcov] stderr:
[minimal-realtek:rw] [13/256] Building C object zephyr/CMakeFiles/zephyr.dir/lib/os/cbprintf_packaged.c.obj
[dirks:ro] [64/372] Building C object zephyr/CMakeFiles/zephyr.dir/subsys/shell/modules/date_service.c.obj
[winterhold:ro] INFO: Running CME, outputting to /mnt/host/source/src/platform/ec/build/zephyr/winterhold/build-ro/zephyr/component_manifest.json
[dirks:ro] [65/372] Building C object zephyr/CMakeFiles/zephyr.dir/subsys/shell/modules/devmem_service.c.obj
[minimal-realtek:ro] [15/256] Building C object CMakeFiles/app.dir/mnt/host/source/src/platform/ec/build/zephyr/minimal-realtek/modules/ec/common/console_output.c.obj
[voltorb:ro] [85/386] Building C object zephyr/arch/arch/arm/core/cortex_m/CMakeFiles/arch__arm__core__cortex_m.dir/prep_c.c.obj
[voltorb:ro] [86/386] Building C object zephyr/arch/arch/arm/core/cortex_m/CMakeFiles/arch__arm__core__cortex_m.dir/irq_manage.c.obj
[dirks:ro] [66/372] Building C object zephyr/CMakeFiles/zephyr.dir/subsys/shell/backends/shell_uart.c.obj
[voltorb:ro] [87/386] Building C object zephyr/arch/arch/arm/core/cortex_m/CMakeFiles/arch__arm__core__cortex_m.dir/irq_init.c.obj
[voltorb:ro] [88/386] Building C object zephyr/arch/arch/arm/core/cortex_m/CMakeFiles/arch__arm__core__cortex_m.dir/thread.c.obj
[voltorb:ro] [89/386] Building C object zephyr/arch/arch/arm/core/cortex_m/CMakeFiles/arch__arm__core__cortex_m.dir/cpu_idle.c.obj
[voltorb:ro] [90/386] Generating ../../../include/generated/libc/minimal/strerror_table.h
[voltorb:ro] [91/386] Building C object zephyr/arch/arch/arm/core/cortex_m/CMakeFiles/arch__arm__core__cortex_m.dir/isr_wrapper.c.obj
[minimal-realtek:rw] [14/256] Building C object zephyr/CMakeFiles/zephyr.dir/lib/os/clock.c.obj
[winterhold:ro] -- warning_base_override: -Wall;-Wformat;-Wformat-security;-Wformat;-Wno-format-zero-length;-Wno-pointer-sign;-Wpointer-arith;-Wexpansion-to-defined
[voltorb:ro] [92/386] Building C object zephyr/lib/libc/minimal/CMakeFiles/lib__libc__minimal.dir/source/stdlib/atoi.c.obj
[dirks:ro] [67/372] Building C object zephyr/CMakeFiles/zephyr.dir/subsys/shell/shell.c.obj
[voltorb:ro] [93/386] Building C object zephyr/lib/libc/common/CMakeFiles/lib__libc__common.dir/source/time/asctime.c.obj
[voltorb:ro] [94/386] Linking C static library zephyr/arch/arch/arm/core/cortex_m/libarch__arm__core__cortex_m.a
[voltorb:ro] [95/386] Building C object zephyr/arch/arch/arm/core/mpu/CMakeFiles/arch__arm__core__mpu.dir/arm_core_mpu.c.obj
[dirks:ro] [68/372] Building C object zephyr/CMakeFiles/zephyr.dir/subsys/shell/shell_fprintf.c.obj
[voltorb:ro] [96/386] Building C object zephyr/lib/libc/minimal/CMakeFiles/lib__libc__minimal.dir/source/stdlib/strtol.c.obj
[voltorb:ro] [97/386] Building C object zephyr/lib/libc/minimal/CMakeFiles/lib__libc__minimal.dir/source/stdlib/strtoul.c.obj
[voltorb:ro] [98/386] Building C object zephyr/lib/libc/minimal/CMakeFiles/lib__libc__minimal.dir/source/stdlib/bsearch.c.obj
[voltorb:ro] [99/386] Building C object zephyr/lib/libc/minimal/CMakeFiles/lib__libc__minimal.dir/source/stdlib/strtoll.c.obj
[dirks:ro] [69/372] Building C object zephyr/CMakeFiles/zephyr.dir/subsys/shell/shell_utils.c.obj
[voltorb:ro] [100/386] Building C object zephyr/arch/arch/arm/core/mpu/CMakeFiles/arch__arm__core__mpu.dir/arm_mpu_regions.c.obj
[winterhold:ro] -- Found gen_kobject_list: /mnt/host/source/src/third_party/zephyr/main/scripts/build/gen_kobject_list.py
[voltorb:ro] [101/386] Building C object zephyr/lib/libc/minimal/CMakeFiles/lib__libc__minimal.dir/source/stdlib/strtoull.c.obj
[minimal-realtek:rw] [15/256] Building C object zephyr/CMakeFiles/zephyr.dir/lib/os/printk.c.obj
[minimal-realtek:ro] [16/256] Building C object CMakeFiles/app.dir/mnt/host/source/src/platform/ec/build/zephyr/minimal-realtek/modules/ec/common/ec_features.c.obj
[voltorb:ro] [102/386] Building C object zephyr/lib/libc/common/CMakeFiles/lib__libc__common.dir/source/stdlib/abort.c.obj
[voltorb:ro] [103/386] Building C object zephyr/arch/arch/arm/core/mpu/CMakeFiles/arch__arm__core__mpu.dir/arm_mpu.c.obj
[voltorb:ro] [104/386] Building C object zephyr/lib/libc/minimal/CMakeFiles/lib__libc__minimal.dir/source/string/strncasecmp.c.obj
[dirks:ro] [70/372] Building C object zephyr/CMakeFiles/zephyr.dir/subsys/shell/shell_ops.c.obj
[voltorb:ro] [105/386] Building C object zephyr/lib/libc/minimal/CMakeFiles/lib__libc__minimal.dir/source/stdlib/qsort.c.obj
[voltorb:ro] [106/386] Building C object zephyr/lib/libc/minimal/CMakeFiles/lib__libc__minimal.dir/source/string/strstr.c.obj
[voltorb:ro] [107/386] Building C object zephyr/lib/libc/minimal/CMakeFiles/lib__libc__minimal.dir/source/string/string.c.obj
[voltorb:ro] [108/386] Building C object zephyr/lib/libc/minimal/CMakeFiles/lib__libc__minimal.dir/source/string/strspn.c.obj
[voltorb:ro] [109/386] Linking C static library zephyr/arch/arch/arm/core/mpu/libarch__arm__core__mpu.a
[winterhold:ro] -- Configuring done (17.4s)
[voltorb:ro] [110/386] Building C object zephyr/lib/libc/minimal/CMakeFiles/lib__libc__minimal.dir/source/string/strerror.c.obj
[dirks:ro] [71/372] Building C object zephyr/CMakeFiles/zephyr.dir/subsys/shell/shell_cmds.c.obj
[dirks:ro] [72/372] Building C object zephyr/CMakeFiles/zephyr.dir/subsys/shell/shell_help.c.obj
[/mnt/host/source/src/platform/ec/build/zephyr/trulo-ti-lcov]   /mnt/host/source/src/platform/ec/build/zephyr/trulo-ti/build-ro/zephyr/arch/arch/arm/core/mpu/CMakeFiles/arch__arm__core__mpu.dir/arm_mpu_regions.c.gcno:no functions found
[/mnt/host/source/src/platform/ec/build/zephyr/trulo-ti-lcov] stderr:
[voltorb:ro] [111/386] Building C object zephyr/lib/libc/minimal/CMakeFiles/lib__libc__minimal.dir/source/stdlib/exit.c.obj
[voltorb:ro] [112/386] Building C object zephyr/lib/libc/minimal/CMakeFiles/lib__libc__minimal.dir/source/math/sqrt.c.obj
[voltorb:ro] [113/386] Building C object zephyr/lib/libc/minimal/CMakeFiles/lib__libc__minimal.dir/source/math/sqrtf.c.obj
[minimal-realtek:rw] [16/256] Building C object zephyr/CMakeFiles/zephyr.dir/lib/os/sem.c.obj
[voltorb:ro] [114/386] Building C object zephyr/lib/libc/common/CMakeFiles/lib__libc__common.dir/source/time/gmtime_r.c.obj
[dirks:ro] [73/372] Building C object zephyr/CMakeFiles/zephyr.dir/subsys/shell/shell_history.c.obj
[minimal-realtek:ro] [17/256] Building C object CMakeFiles/app.dir/mnt/host/source/src/platform/ec/build/zephyr/minimal-realtek/modules/ec/common/gpio_commands.c.obj
[winterhold:rw] -- Generated zephyr.dts: /mnt/host/source/src/platform/ec/build/zephyr/winterhold/build-rw/zephyr/zephyr.dts
[winterhold:rw] -- Generated pickled edt: /mnt/host/source/src/platform/ec/build/zephyr/winterhold/build-rw/zephyr/edt.pickle
[dirks:ro] [74/372] Building C object zephyr/CMakeFiles/zephyr.dir/subsys/shell/shell_wildcard.c.obj
[voltorb:ro] [115/386] Building C object zephyr/lib/libc/common/CMakeFiles/lib__libc__common.dir/source/time/localtime_r_utc.c.obj
[winterhold:ro] -- Generating done (0.6s)
[winterhold:ro] INFO: Project winterhold does not support SSFC
[winterhold:ro] CMake Warning:
[dirks:ro] [75/372] Building C object zephyr/arch/common/CMakeFiles/arch__common.dir/sw_isr_common.c.obj
[voltorb:ro] [116/386] Building C object zephyr/lib/libc/minimal/CMakeFiles/lib__libc__minimal.dir/source/stdout/stdout_console.c.obj
[voltorb:ro] [117/386] Building C object zephyr/lib/libc/common/CMakeFiles/lib__libc__common.dir/source/time/time.c.obj
[voltorb:ro] [118/386] Building C object zephyr/lib/libc/common/CMakeFiles/lib__libc__common.dir/source/time/ctime.c.obj
[voltorb:ro] [119/386] Building C object zephyr/lib/libc/minimal/CMakeFiles/lib__libc__minimal.dir/source/stdout/sprintf.c.obj
[dirks:ro] [76/372] Building C object zephyr/CMakeFiles/zephyr.dir/drivers/flash/flash_util.c.obj
[voltorb:ro] [120/386] Building C object zephyr/lib/libc/minimal/CMakeFiles/lib__libc__minimal.dir/source/time/gmtime.c.obj
[voltorb:ro] [121/386] Building C object zephyr/lib/libc/minimal/CMakeFiles/lib__libc__minimal.dir/source/stdout/fprintf.c.obj
[winterhold:ro] -- Build files have been written to: /mnt/host/source/src/platform/ec/build/zephyr/winterhold/build-ro
[winterhold:ro]   Manually-specified variables were not used by the project:
[voltorb:ro] [122/386] Building C object zephyr/lib/libc/common/CMakeFiles/lib__libc__common.dir/source/string/strnlen.c.obj
[winterhold:ro]     COREBOOT_SDK_ROOT_libstdcxx_riscv64
[winterhold:ro]     COREBOOT_SDK_ROOT_libstdcxx_x86
[winterhold:ro]     COREBOOT_SDK_ROOT_nds32
[winterhold:ro]     COREBOOT_SDK_ROOT_picolibc_riscv64
[winterhold:ro]     COREBOOT_SDK_ROOT_picolibc_x86
[winterhold:ro]     COREBOOT_SDK_ROOT_riscv
[winterhold:ro]     COREBOOT_SDK_ROOT_riscv64
[winterhold:ro]     COREBOOT_SDK_ROOT_x86
[voltorb:ro] [123/386] Building C object zephyr/lib/posix/c_lib_ext/CMakeFiles/lib__posix__c_lib_ext.dir/fnmatch.c.obj
[dirks:ro] [77/372] Building C object zephyr/arch/common/CMakeFiles/arch__common.dir/dynamic_isr.c.obj
[minimal-realtek:rw] [17/256] Building C object zephyr/CMakeFiles/zephyr.dir/lib/os/thread_entry.c.obj
[dirks:ro] [78/372] Linking C static library zephyr/libzephyr.a
[voltorb:ro] [124/386] Linking C static library zephyr/lib/libc/minimal/liblib__libc__minimal.a
[voltorb:ro] [125/386] Building C object zephyr/subsys/crc/CMakeFiles/subsys__crc.dir/crc16_sw.c.obj
[voltorb:ro] [126/386] Building C object zephyr/subsys/crc/CMakeFiles/subsys__crc.dir/crc4_sw.c.obj
[dirks:ro] [79/372] Building C object zephyr/arch/common/CMakeFiles/arch__common.dir/init.c.obj
[voltorb:ro] [127/386] Building C object zephyr/subsys/crc/CMakeFiles/subsys__crc.dir/crc8_sw.c.obj
[voltorb:ro] [128/386] Building C object zephyr/subsys/crc/CMakeFiles/subsys__crc.dir/crc7_sw.c.obj
[/mnt/host/source/src/platform/ec/build/zephyr/trulo-ti-lcov]   /mnt/host/source/src/platform/ec/build/zephyr/trulo-ti/build-ro/zephyr/arch/common/CMakeFiles/isr_tables.dir/isr_tables.c.gcno:no functions found
[/mnt/host/source/src/platform/ec/build/zephyr/trulo-ti-lcov] stderr:
[voltorb:ro] [129/386] Building C object zephyr/subsys/crc/CMakeFiles/subsys__crc.dir/crc24_sw.c.obj
[minimal-realtek:ro] [18/256] Building C object CMakeFiles/app.dir/mnt/host/source/src/platform/ec/build/zephyr/minimal-realtek/modules/ec/common/peripheral.c.obj
[winterhold:rw] -- Generated devicetree_generated.h: /mnt/host/source/src/platform/ec/build/zephyr/winterhold/build-rw/zephyr/include/generated/zephyr/devicetree_generated.h
[voltorb:ro] [130/386] Building C object zephyr/subsys/crc/CMakeFiles/subsys__crc.dir/crc32_sw.c.obj
[voltorb:ro] [131/386] Building C object zephyr/subsys/crc/CMakeFiles/subsys__crc.dir/crc32c_sw.c.obj
[voltorb:ro] [132/386] Building C object zephyr/subsys/crc/CMakeFiles/subsys__crc.dir/crc32k_4_2_sw.c.obj
[dirks:ro] [80/372] Building C object zephyr/arch/common/CMakeFiles/arch__common.dir/xip.c.obj
[voltorb:ro] [133/386] Linking C static library zephyr/subsys/crc/libsubsys__crc.a
[minimal-realtek:rw] [18/256] Building C object zephyr/CMakeFiles/zephyr.dir/lib/os/cbprintf_nano.c.obj
[voltorb:ro] [134/386] Building C object zephyr/lib/posix/c_lib_ext/CMakeFiles/lib__posix__c_lib_ext.dir/getentropy.c.obj
[voltorb:ro] [135/386] Building C object zephyr/lib/libc/common/CMakeFiles/lib__libc__common.dir/source/stdlib/malloc.c.obj
[voltorb:ro] [136/386] Building C object zephyr/lib/posix/c_lib_ext/CMakeFiles/lib__posix__c_lib_ext.dir/getopt_shim.c.obj
[voltorb:ro] [137/386] Linking C static library zephyr/lib/libc/common/liblib__libc__common.a
[voltorb:ro] [138/386] Linking C static library zephyr/lib/posix/c_lib_ext/liblib__posix__c_lib_ext.a
[dirks:ro] [81/372] Building C object zephyr/arch/common/CMakeFiles/isr_tables.dir/isr_tables.c.obj
[dirks:ro] [82/372] Building C object zephyr/arch/arch/riscv/core/CMakeFiles/arch__riscv__core.dir/cpu_idle.c.obj
[dirks:ro] [83/372] Linking C static library zephyr/arch/common/libisr_tables.a
[minimal-realtek:ro] [19/256] Building C object CMakeFiles/app.dir/mnt/host/source/src/platform/ec/build/zephyr/minimal-realtek/modules/ec/common/printf.c.obj
[dirks:ro] [84/372] Building C object zephyr/arch/arch/riscv/core/CMakeFiles/arch__riscv__core.dir/fatal.c.obj
[minimal-realtek:rw] [19/256] Building C object zephyr/CMakeFiles/zephyr.dir/lib/os/cbprintf.c.obj
[dirks:ro] [85/372] Linking C static library zephyr/arch/common/libarch__common.a
[voltorb:ro] [139/386] Building C object zephyr/drivers/adc/CMakeFiles/drivers__adc.dir/adc_common.c.obj
[dirks:ro] [86/372] Building C object zephyr/arch/arch/riscv/core/CMakeFiles/arch__riscv__core.dir/irq_manage.c.obj
[voltorb:ro] [140/386] Building C object zephyr/drivers/interrupt_controller/CMakeFiles/drivers__interrupt_controller.dir/intc_miwu.c.obj
[voltorb:ro] [141/386] Building C object zephyr/drivers/bbram/CMakeFiles/drivers__bbram.dir/bbram_npcx.c.obj
[voltorb:ro] [142/386] Building C object zephyr/drivers/clock_control/CMakeFiles/drivers__clock_control.dir/clock_control_npcx.c.obj
[voltorb:ro] [143/386] Linking C static library zephyr/drivers/interrupt_controller/libdrivers__interrupt_controller.a
[dirks:ro] [87/372] Building C object zephyr/arch/arch/riscv/core/CMakeFiles/arch__riscv__core.dir/prep_c.c.obj
[voltorb:ro] [144/386] Linking C static library zephyr/drivers/clock_control/libdrivers__clock_control.a
[voltorb:ro] [145/386] Linking C static library zephyr/drivers/bbram/libdrivers__bbram.a
[voltorb:ro] [146/386] Building C object zephyr/drivers/adc/CMakeFiles/drivers__adc.dir/adc_npcx.c.obj
[voltorb:ro] [147/386] Building C object zephyr/drivers/eeprom/CMakeFiles/drivers__eeprom.dir/eeprom_shell.c.obj
[minimal-realtek:ro] [20/256] Building C object CMakeFiles/app.dir/mnt/host/source/src/platform/ec/build/zephyr/minimal-realtek/modules/ec/common/queue.c.obj
[voltorb:ro] [148/386] Linking C static library zephyr/drivers/adc/libdrivers__adc.a
[minimal-realtek:rw] [20/256] Building C object zephyr/CMakeFiles/zephyr.dir/lib/os/assert.c.obj
[voltorb:ro] [149/386] Building C object zephyr/drivers/console/CMakeFiles/drivers__console.dir/uart_console.c.obj
[dirks:ro] [88/372] Building C object zephyr/arch/arch/riscv/core/CMakeFiles/arch__riscv__core.dir/reboot.c.obj
[voltorb:ro] [150/386] Linking C static library zephyr/drivers/console/libdrivers__console.a
[voltorb:ro] [151/386] Building C object zephyr/drivers/eeprom/CMakeFiles/drivers__eeprom.dir/eeprom_at2x.c.obj
[dirks:ro] [89/372] Building ASM object zephyr/arch/arch/riscv/core/CMakeFiles/arch__riscv__core.dir/reset.S.obj
[dirks:ro] [90/372] Building ASM object zephyr/arch/arch/riscv/core/CMakeFiles/arch__riscv__core.dir/switch.S.obj
[dirks:ro] [91/372] Generating ../../../include/generated/libc/minimal/strerror_table.h
[voltorb:ro] [152/386] Linking C static library zephyr/drivers/eeprom/libdrivers__eeprom.a
[dirks:ro] [92/372] Building C object zephyr/arch/arch/riscv/core/CMakeFiles/arch__riscv__core.dir/thread.c.obj
[voltorb:ro] [153/386] Building C object zephyr/drivers/flash/CMakeFiles/drivers__flash.dir/jesd216.c.obj
[dirks:ro] [93/372] Building C object zephyr/lib/libc/minimal/CMakeFiles/lib__libc__minimal.dir/source/stdlib/atoi.c.obj
[winterhold:rw] /mnt/host/source/src/platform/ec/build/zephyr/winterhold/build-rw/zephyr/zephyr.dts:4228.15-4236.5: Warning (gpios_property): /fans/fan_0: Missing property '#gpio-cells' in node /named-gpios/pg_pcore_s0_r_od or bad phandle (referred from pgood-gpio[0])
[minimal-realtek:rw] [21/256] Building C object zephyr/CMakeFiles/zephyr.dir/lib/os/reboot.c.obj
[dirks:ro] [94/372] Building C object zephyr/lib/libc/minimal/CMakeFiles/lib__libc__minimal.dir/source/stdlib/strtol.c.obj
[voltorb:ro] [154/386] Building C object zephyr/drivers/flash/CMakeFiles/drivers__flash.dir/flash_npcx_fiu_nor.c.obj
[dirks:ro] [95/372] Building C object zephyr/lib/libc/minimal/CMakeFiles/lib__libc__minimal.dir/source/stdlib/strtoul.c.obj
[voltorb:ro] [155/386] Building C object zephyr/drivers/flash/CMakeFiles/drivers__flash.dir/flash_npcx_fiu_qspi.c.obj
[minimal-realtek:ro] [21/256] Building C object CMakeFiles/app.dir/mnt/host/source/src/platform/ec/build/zephyr/minimal-realtek/modules/ec/common/system.c.obj
[voltorb:ro] [156/386] Building C object zephyr/drivers/i2c/CMakeFiles/drivers__i2c.dir/i2c_common.c.obj
[dirks:ro] [96/372] Building ASM object zephyr/arch/arch/riscv/core/CMakeFiles/arch__riscv__core.dir/isr.S.obj
[voltorb:ro] [157/386] Linking C static library zephyr/drivers/flash/libdrivers__flash.a
[dirks:ro] [97/372] Building C object zephyr/lib/libc/minimal/CMakeFiles/lib__libc__minimal.dir/source/stdlib/strtoll.c.obj
[dirks:ro] [98/372] Building C object zephyr/arch/arch/riscv/core/CMakeFiles/arch__riscv__core.dir/stacktrace.c.obj
[dirks:ro] [99/372] Building C object zephyr/lib/libc/minimal/CMakeFiles/lib__libc__minimal.dir/source/stdlib/strtoull.c.obj
[minimal-realtek:rw] [22/256] Building C object zephyr/CMakeFiles/zephyr.dir/lib/utils/dec.c.obj
[dirks:ro] [100/372] Building C object zephyr/lib/libc/minimal/CMakeFiles/lib__libc__minimal.dir/source/stdlib/bsearch.c.obj
[voltorb:ro] [158/386] Building C object zephyr/drivers/i2c/CMakeFiles/drivers__i2c.dir/i2c_shell.c.obj
[voltorb:ro] [159/386] Building C object zephyr/drivers/gpio/CMakeFiles/drivers__gpio.dir/gpio_npcx.c.obj
[dirks:ro] [101/372] Linking C static library zephyr/arch/arch/riscv/core/libarch__riscv__core.a
[voltorb:ro] [160/386] Linking C static library zephyr/drivers/gpio/libdrivers__gpio.a
[voltorb:ro] [161/386] Building C object zephyr/drivers/i2c/CMakeFiles/drivers__i2c.dir/i2c_npcx_controller_fifo.c.obj
[dirks:ro] [102/372] Building C object zephyr/lib/libc/minimal/CMakeFiles/lib__libc__minimal.dir/source/string/strncasecmp.c.obj
[voltorb:ro] [162/386] Building C object zephyr/drivers/i2c/CMakeFiles/drivers__i2c.dir/i2c_npcx_controller.c.obj
[voltorb:ro] [163/386] Building C object zephyr/drivers/pinctrl/CMakeFiles/drivers__pinctrl.dir/common.c.obj
[dirks:ro] [103/372] Building C object zephyr/lib/libc/minimal/CMakeFiles/lib__libc__minimal.dir/source/string/strerror.c.obj
[minimal-realtek:rw] [23/256] Building C object zephyr/CMakeFiles/zephyr.dir/lib/utils/hex.c.obj
[dirks:ro] [104/372] Building C object zephyr/lib/libc/minimal/CMakeFiles/lib__libc__minimal.dir/source/stdlib/qsort.c.obj
[voltorb:ro] [164/386] Building C object zephyr/drivers/i2c/CMakeFiles/drivers__i2c.dir/i2c_npcx_port.c.obj
[voltorb:ro] [165/386] Building C object zephyr/drivers/pinctrl/CMakeFiles/drivers__pinctrl.dir/pinctrl_npcx.c.obj
[dirks:ro] [105/372] Building C object zephyr/lib/libc/minimal/CMakeFiles/lib__libc__minimal.dir/source/string/strstr.c.obj
[minimal-realtek:ro] [22/256] Building C object CMakeFiles/app.dir/mnt/host/source/src/platform/ec/build/zephyr/minimal-realtek/modules/ec/common/system_boot_time.c.obj
[voltorb:ro] [166/386] Linking C static library zephyr/drivers/pinctrl/libdrivers__pinctrl.a
[voltorb:ro] [167/386] Linking C static library zephyr/drivers/i2c/libdrivers__i2c.a
[dirks:ro] [106/372] Building C object zephyr/lib/libc/minimal/CMakeFiles/lib__libc__minimal.dir/source/string/strspn.c.obj
[dirks:ro] [107/372] Building C object zephyr/lib/libc/minimal/CMakeFiles/lib__libc__minimal.dir/source/string/string.c.obj
[dirks:ro] [108/372] Building C object zephyr/lib/libc/minimal/CMakeFiles/lib__libc__minimal.dir/source/stdlib/exit.c.obj
[voltorb:ro] [168/386] Building C object zephyr/drivers/pwm/CMakeFiles/drivers__pwm.dir/pwm_shell.c.obj
[dirks:ro] [109/372] Building C object zephyr/lib/libc/minimal/CMakeFiles/lib__libc__minimal.dir/source/math/sqrtf.c.obj
[minimal-realtek:rw] [24/256] Building C object zephyr/CMakeFiles/zephyr.dir/lib/utils/rb.c.obj
[voltorb:ro] [169/386] Building C object zephyr/drivers/syscon/CMakeFiles/drivers__syscon.dir/syscon.c.obj
[voltorb:ro] [170/386] Building C object zephyr/drivers/pwm/CMakeFiles/drivers__pwm.dir/pwm_npcx.c.obj
[voltorb:ro] [171/386] Building C object zephyr/drivers/timer/CMakeFiles/drivers__timer.dir/sys_clock_init.c.obj
[voltorb:ro] [172/386] Linking C static library zephyr/drivers/syscon/libdrivers__syscon.a
[dirks:ro] [110/372] Building C object zephyr/lib/libc/minimal/CMakeFiles/lib__libc__minimal.dir/source/stdout/stdout_console.c.obj
[minimal-realtek:ro] [23/256] Building C object CMakeFiles/app.dir/mnt/host/source/src/platform/ec/build/zephyr/minimal-realtek/modules/ec/common/uart_printf.c.obj
[voltorb:ro] [173/386] Linking C static library zephyr/drivers/pwm/libdrivers__pwm.a
[dirks:ro] [111/372] Building C object zephyr/lib/libc/minimal/CMakeFiles/lib__libc__minimal.dir/source/stdout/sprintf.c.obj
[voltorb:ro] [174/386] Building C object zephyr/drivers/serial/CMakeFiles/drivers__serial.dir/uart_npcx.c.obj
[dirks:ro] [112/372] Building C object zephyr/lib/libc/minimal/CMakeFiles/lib__libc__minimal.dir/source/stdout/fprintf.c.obj
[voltorb:ro] [175/386] Building C object zephyr/drivers/timer/CMakeFiles/drivers__timer.dir/npcx_itim_timer.c.obj
[minimal-realtek:rw] [25/256] Building C object zephyr/CMakeFiles/zephyr.dir/lib/utils/timeutil.c.obj
[voltorb:ro] [176/386] Linking C static library zephyr/drivers/serial/libdrivers__serial.a
[dirks:ro] [113/372] Building C object zephyr/lib/libc/minimal/CMakeFiles/lib__libc__minimal.dir/source/math/sqrt.c.obj
[voltorb:ro] [177/386] Building C object zephyr/drivers/watchdog/CMakeFiles/drivers__watchdog.dir/wdt_npcx.c.obj
[voltorb:ro] [178/386] Linking C static library zephyr/drivers/timer/libdrivers__timer.a
[dirks:ro] [114/372] Building C object zephyr/lib/libc/common/CMakeFiles/lib__libc__common.dir/source/time/asctime.c.obj
[voltorb:ro] [179/386] Building C object zephyr/drivers/watchdog/CMakeFiles/drivers__watchdog.dir/wdt_shell.c.obj
[dirks:ro] [115/372] Building C object zephyr/lib/libc/common/CMakeFiles/lib__libc__common.dir/source/time/gmtime_r.c.obj
[voltorb:ro] [180/386] Linking C static library zephyr/drivers/watchdog/libdrivers__watchdog.a
[dirks:ro] [116/372] Building C object zephyr/lib/libc/common/CMakeFiles/lib__libc__common.dir/source/time/ctime.c.obj
[voltorb:ro] [181/386] Building C object modules/ec/zephyr/CMakeFiles/ec_shim.dir/app/ec/ec_app_main.c.obj
[minimal-realtek:rw] [26/256] Building C object zephyr/CMakeFiles/zephyr.dir/lib/utils/bitarray.c.obj
[dirks:ro] [117/372] Building C object zephyr/lib/libc/common/CMakeFiles/lib__libc__common.dir/source/time/localtime_r_utc.c.obj
[dirks:ro] [118/372] Building C object zephyr/lib/libc/minimal/CMakeFiles/lib__libc__minimal.dir/source/time/gmtime.c.obj
[minimal-realtek:ro] [24/256] Building C object CMakeFiles/app.dir/mnt/host/source/src/platform/ec/build/zephyr/minimal-realtek/modules/ec/common/util.c.obj
[dirks:ro] [119/372] Building C object zephyr/lib/libc/common/CMakeFiles/lib__libc__common.dir/source/stdlib/abort.c.obj
[voltorb:ro] [182/386] Building C object modules/ec/zephyr/CMakeFiles/ec_shim.dir/app/ec/main_shim.c.obj
[dirks:ro] [120/372] Linking C static library zephyr/lib/libc/minimal/liblib__libc__minimal.a
[voltorb:ro] [183/386] Building C object modules/ec/zephyr/CMakeFiles/ec_shim.dir/drivers/cros_flash/cros_flash_npcx.c.obj
[dirks:ro] [121/372] Building C object zephyr/lib/libc/common/CMakeFiles/lib__libc__common.dir/source/string/strnlen.c.obj
[dirks:ro] [122/372] Building C object zephyr/lib/libc/common/CMakeFiles/lib__libc__common.dir/source/time/time.c.obj
[voltorb:ro] [184/386] Building C object modules/ec/zephyr/CMakeFiles/ec_shim.dir/drivers/cros_kb_raw/cros_kb_raw_npcx.c.obj
[dirks:ro] [123/372] Building C object zephyr/lib/posix/c_lib_ext/CMakeFiles/lib__posix__c_lib_ext.dir/fnmatch.c.obj
[minimal-realtek:rw] [27/256] Building C object zephyr/CMakeFiles/zephyr.dir/lib/utils/bitmask.c.obj
[/mnt/host/source/src/platform/ec/build/zephyr/trulo-ti-lcov]   /mnt/host/source/src/platform/ec/build/zephyr/trulo-ti/build-ro/zephyr/CMakeFiles/zephyr.dir/subsys/shell/modules/kernel_service/kernel_shell.c.gcno:no functions found
[/mnt/host/source/src/platform/ec/build/zephyr/trulo-ti-lcov] stderr:
[dirks:ro] [124/372] Building C object zephyr/subsys/crc/CMakeFiles/subsys__crc.dir/crc4_sw.c.obj
[voltorb:ro] [185/386] Building C object modules/ec/zephyr/CMakeFiles/ec_shim.dir/drivers/cros_shi/cros_shi_npcx.c.obj
[voltorb:ro] [186/386] Building C object modules/ec/zephyr/CMakeFiles/ec_shim.dir/shim/chip/npcx/clock.c.obj
[dirks:ro] [125/372] Building C object zephyr/subsys/crc/CMakeFiles/subsys__crc.dir/crc8_sw.c.obj
[minimal-realtek:ro] [25/256] Building C object CMakeFiles/app.dir/mnt/host/source/src/platform/ec/build/zephyr/minimal-realtek/modules/ec/common/version.c.obj
[voltorb:ro] [187/386] Building C object modules/ec/zephyr/CMakeFiles/ec_shim.dir/drivers/cros_system/cros_system_npcx.c.obj
[dirks:ro] [126/372] Building C object zephyr/lib/libc/common/CMakeFiles/lib__libc__common.dir/source/stdlib/malloc.c.obj
[/mnt/host/source/src/platform/ec/build/zephyr/trulo-ti-lcov]   /mnt/host/source/src/platform/ec/build/zephyr/trulo-ti/build-ro/zephyr/CMakeFiles/zephyr.dir/lib/libc/validate_libc.c.gcno:no functions found
[/mnt/host/source/src/platform/ec/build/zephyr/trulo-ti-lcov] stderr:
[minimal-realtek:rw] [28/256] Building C object zephyr/CMakeFiles/zephyr.dir/lib/utils/getopt/getopt.c.obj
[dirks:ro] [127/372] Building C object zephyr/subsys/crc/CMakeFiles/subsys__crc.dir/crc16_sw.c.obj
[voltorb:ro] [188/386] Building C object modules/ec/zephyr/CMakeFiles/ec_shim.dir/shim/chip/npcx/rom_chip.c.obj
[dirks:ro] [128/372] Linking C static library zephyr/lib/libc/common/liblib__libc__common.a
[dirks:ro] [129/372] Building C object zephyr/lib/posix/c_lib_ext/CMakeFiles/lib__posix__c_lib_ext.dir/getopt_shim.c.obj
[dirks:ro] [130/372] Building C object zephyr/lib/posix/c_lib_ext/CMakeFiles/lib__posix__c_lib_ext.dir/getentropy.c.obj
[voltorb:ro] [189/386] Building C object modules/ec/zephyr/CMakeFiles/ec_shim.dir/shim/chip/npcx/gpio.c.obj
[dirks:ro] [131/372] Building C object zephyr/subsys/crc/CMakeFiles/subsys__crc.dir/crc24_sw.c.obj
[voltorb:ro] [190/386] Building C object modules/ec/zephyr/CMakeFiles/ec_shim.dir/shim/chip/npcx/keyboard_raw.c.obj
[dirks:ro] [132/372] Building C object zephyr/subsys/crc/CMakeFiles/subsys__crc.dir/crc7_sw.c.obj
[dirks:ro] [133/372] Linking C static library zephyr/lib/posix/c_lib_ext/liblib__posix__c_lib_ext.a
[dirks:ro] [134/372] Building C object zephyr/subsys/crc/CMakeFiles/subsys__crc.dir/crc32c_sw.c.obj
[winterhold:rw] Parsing /mnt/host/source/src/platform/ec/zephyr/program/skyrim/Kconfig
[dirks:ro] [135/372] Building C object zephyr/subsys/crc/CMakeFiles/subsys__crc.dir/crc32_sw.c.obj
[dirks:ro] [136/372] Building C object zephyr/subsys/crc/CMakeFiles/subsys__crc.dir/crc32k_4_2_sw.c.obj
[voltorb:ro] [191/386] Building C object modules/ec/zephyr/CMakeFiles/ec_shim.dir/shim/src/crc.c.obj
[minimal-realtek:ro] [26/256] Building C object CMakeFiles/app.dir/mnt/host/source/src/platform/ec/build/zephyr/minimal-realtek/modules/ec/common/cbi_common.c.obj
[dirks:ro] [137/372] Linking C static library zephyr/subsys/crc/libsubsys__crc.a
[voltorb:ro] [192/386] Building C object modules/ec/zephyr/CMakeFiles/ec_shim.dir/shim/chip/npcx/shi.c.obj
[minimal-realtek:rw] [29/256] Building C object zephyr/CMakeFiles/zephyr.dir/lib/utils/getopt/getopt_common.c.obj
[voltorb:ro] [193/386] Building C object modules/ec/zephyr/CMakeFiles/ec_shim.dir/shim/chip/npcx/system.c.obj
[voltorb:ro] [194/386] Building C object modules/ec/zephyr/CMakeFiles/ec_shim.dir/shim/chip/npcx/system_external_storage.c.obj
[voltorb:ro] [195/386] Building C object modules/ec/zephyr/CMakeFiles/ec_shim.dir/shim/core/cortex-m/mpu.c.obj
[voltorb:ro] [196/386] Building C object modules/ec/zephyr/CMakeFiles/ec_shim.dir/shim/chip/npcx/power_policy.c.obj
[voltorb:ro] [197/386] Building C object modules/ec/zephyr/CMakeFiles/ec_shim.dir/shim/core/cortex-m/panic.c.obj
[minimal-realtek:rw] [30/256] Building C object zephyr/CMakeFiles/zephyr.dir/lib/utils/ring_buffer.c.obj
[minimal-realtek:rw] [31/256] Building C object zephyr/CMakeFiles/zephyr.dir/lib/utils/last_section_id.c.obj
[dirks:ro] [138/372] Building C object zephyr/drivers/interrupt_controller/CMakeFiles/drivers__interrupt_controller.dir/intc_ite_it8xxx2.c.obj
[dirks:ro] [139/372] Building C object zephyr/drivers/interrupt_controller/CMakeFiles/drivers__interrupt_controller.dir/wuc_ite_it8xxx2.c.obj
[dirks:ro] [140/372] Building C object zephyr/drivers/adc/CMakeFiles/drivers__adc.dir/adc_common.c.obj
[minimal-realtek:rw] [32/256] Building C object zephyr/CMakeFiles/zephyr.dir/misc/generated/configs.c.obj
[dirks:ro] [141/372] Linking C static library zephyr/drivers/interrupt_controller/libdrivers__interrupt_controller.a
[minimal-realtek:ro] [27/256] Building C object CMakeFiles/app.dir/mnt/host/source/src/platform/ec/build/zephyr/minimal-realtek/modules/ec/common/cbi.c.obj
[voltorb:ro] [198/386] Building C object modules/ec/zephyr/CMakeFiles/ec_shim.dir/shim/src/console.c.obj
[dirks:ro] [142/372] Building C object zephyr/drivers/adc/CMakeFiles/drivers__adc.dir/adc_ite_it8xxx2.c.obj
[dirks:ro] [143/372] Linking C static library zephyr/drivers/adc/libdrivers__adc.a
[voltorb:ro] [199/386] Building C object modules/ec/zephyr/CMakeFiles/ec_shim.dir/shim/src/panic_utils.c.obj
[/mnt/host/source/src/platform/ec/build/zephyr/trulo-ti-lcov]   /mnt/host/source/src/platform/ec/build/zephyr/trulo-ti/build-ro/zephyr/CMakeFiles/zephyr.dir/lib/utils/last_section_id.c.gcno:no functions found
[/mnt/host/source/src/platform/ec/build/zephyr/trulo-ti-lcov] stderr:
[voltorb:ro] [200/386] Building C object modules/ec/zephyr/CMakeFiles/ec_shim.dir/shim/src/gpio_int.c.obj
[voltorb:ro] [201/386] Building C object modules/ec/zephyr/CMakeFiles/ec_shim.dir/shim/src/gpio.c.obj
[winterhold:rw] Loaded configuration '/mnt/host/source/src/platform/ec/zephyr/boards/google/npcx9/npcx9_npcx9m3f_defconfig'
[winterhold:rw] Merged configuration '/mnt/host/source/src/platform/ec/zephyr/program/skyrim/program.conf'
[winterhold:rw] Merged configuration '/mnt/host/source/src/platform/ec/zephyr/program/skyrim/winterhold/project.conf'
[winterhold:rw] Merged configuration '/mnt/host/source/src/platform/ec/build/zephyr/winterhold/kconfig-rw.conf'
[winterhold:rw] Configuration saved to '/mnt/host/source/src/platform/ec/build/zephyr/winterhold/build-rw/zephyr/.config'
[winterhold:rw] Kconfig header saved to '/mnt/host/source/src/platform/ec/build/zephyr/winterhold/build-rw/zephyr/include/generated/zephyr/autoconf.h'
[winterhold:rw] -- Found GnuLd: /home/jpmurphy/.cache/coreboot-sdk/arm-eabi/ea40ddd1d190c3b48435c474c0b545719371813a/arm-eabi/bin/ld.bfd (found version "2.43.1")
[voltorb:ro] [202/386] Building ASM object modules/ec/zephyr/CMakeFiles/ec_shim.dir/shim/src/libgcc_arm.S.obj
[dirks:ro] [144/372] Building C object zephyr/drivers/bbram/CMakeFiles/drivers__bbram.dir/bbram_it8xxx2.c.obj
[voltorb:ro] [203/386] Building C object modules/ec/zephyr/CMakeFiles/ec_shim.dir/shim/src/cbi/cbi_eeprom.c.obj
[minimal-realtek:rw] [33/256] Building C object zephyr/CMakeFiles/zephyr.dir/soc/realtek/ec/rts5912/soc.c.obj
[voltorb:ro] [204/386] Building C object modules/ec/zephyr/CMakeFiles/ec_shim.dir/shim/src/pm_state.c.obj
[voltorb:ro] [205/386] Building C object modules/ec/zephyr/CMakeFiles/ec_shim.dir/shim/src/cbi/cros_cbi.c.obj
[minimal-realtek:ro] [28/256] Building C object CMakeFiles/app.dir/mnt/host/source/src/platform/ec/build/zephyr/minimal-realtek/modules/ec/common/cbi_config.c.obj
[dirks:ro] [145/372] Linking C static library zephyr/drivers/bbram/libdrivers__bbram.a
[dirks:ro] [146/372] Building C object zephyr/drivers/console/CMakeFiles/drivers__console.dir/uart_console.c.obj
[voltorb:ro] [206/386] Building C object modules/ec/zephyr/CMakeFiles/ec_shim.dir/shim/src/led_driver/led.c.obj
[dirks:ro] [147/372] Building C object zephyr/drivers/counter/CMakeFiles/drivers__counter.dir/counter_ite_it8xxx2.c.obj
[winterhold:rw] -- The C compiler identification is GNU 14.2.0
[dirks:ro] [148/372] Linking C static library zephyr/drivers/console/libdrivers__console.a
[dirks:ro] [149/372] Building C object zephyr/drivers/eeprom/CMakeFiles/drivers__eeprom.dir/eeprom_shell.c.obj
[dirks:ro] [150/372] Linking C static library zephyr/drivers/counter/libdrivers__counter.a
[winterhold:rw] -- The CXX compiler identification is GNU 14.2.0
[voltorb:ro] [207/386] Building C object modules/ec/zephyr/CMakeFiles/ec_shim.dir/shim/src/led_driver/led_pwm.c.obj
[minimal-realtek:rw] [34/256] Building C object zephyr/CMakeFiles/zephyr.dir/soc/realtek/ec/rts5912/device_power.c.obj
[winterhold:rw] -- The ASM compiler identification is GNU
[winterhold:rw] -- Found assembler: /home/jpmurphy/.cache/coreboot-sdk/arm-eabi/ea40ddd1d190c3b48435c474c0b545719371813a/bin/arm-eabi-gcc
[winterhold:rw] warning: Deprecated symbol I2C_ALLOW_NO_STOP_TRANSACTIONS is enabled.
[winterhold:rw] CMake Warning at /mnt/host/source/src/platform/ec/zephyr/cmake/linker/ld/linker_libraries.cmake:11 (message):
[winterhold:rw]   Disabling c_library
[winterhold:rw] Call Stack (most recent call first):
[winterhold:rw]   /mnt/host/source/src/third_party/zephyr/main/cmake/target_toolchain_flags.cmake:48 (include)
[winterhold:rw]   /mnt/host/source/src/third_party/zephyr/main/cmake/modules/kernel.cmake:153 (include)
[winterhold:rw]   /mnt/host/source/src/third_party/zephyr/main/cmake/modules/zephyr_default.cmake:138 (include)
[winterhold:rw]   /mnt/host/source/src/third_party/zephyr/main/share/zephyr-package/cmake/ZephyrConfig.cmake:66 (include)
[winterhold:rw]   /mnt/host/source/src/third_party/zephyr/main/share/zephyr-package/cmake/ZephyrConfig.cmake:97 (include_boilerplate)
[winterhold:rw]   CMakeLists.txt:7 (find_package)
[voltorb:ro] [208/386] Building C object modules/ec/zephyr/CMakeFiles/ec_shim.dir/shim/src/system.c.obj
[minimal-realtek:ro] [29/256] Building C object CMakeFiles/app.dir/mnt/host/source/src/platform/ec/build/zephyr/minimal-realtek/modules/ec/common/memory_commands.c.obj
[dirks:ro] [151/372] Building C object zephyr/drivers/eeprom/CMakeFiles/drivers__eeprom.dir/eeprom_at2x.c.obj
[voltorb:ro] [209/386] Building C object modules/ec/zephyr/CMakeFiles/ec_shim.dir/shim/src/battery.c.obj
[voltorb:ro] [210/386] Building C object modules/ec/zephyr/CMakeFiles/ec_shim.dir/shim/src/adc.c.obj
[voltorb:ro] [211/386] Building C object modules/ec/zephyr/CMakeFiles/ec_shim.dir/shim/src/charger.c.obj
[dirks:ro] [152/372] Linking C static library zephyr/drivers/eeprom/libdrivers__eeprom.a
[dirks:ro] [153/372] Building C object zephyr/drivers/flash/CMakeFiles/drivers__flash.dir/flash_ite_it8xxx2.c.obj
[dirks:ro] [154/372] Linking C static library zephyr/drivers/flash/libdrivers__flash.a
[voltorb:ro] [212/386] Building C object modules/ec/zephyr/CMakeFiles/ec_shim.dir/shim/src/hooks.c.obj
[minimal-realtek:rw] [35/256] Building C object zephyr/CMakeFiles/zephyr.dir/soc/realtek/ec/rts5912/power.c.obj
[voltorb:ro] [213/386] Building C object modules/ec/zephyr/CMakeFiles/ec_shim.dir/shim/src/host_command.c.obj
[dirks:ro] [155/372] Building C object zephyr/drivers/espi/CMakeFiles/drivers__espi.dir/espi_it8xxx2.c.obj
[voltorb:ro] [214/386] Building C object modules/ec/zephyr/CMakeFiles/ec_shim.dir/shim/src/flash.c.obj
[dirks:ro] [156/372] Building C object zephyr/drivers/gpio/CMakeFiles/drivers__gpio.dir/gpio_ite_it8xxx2.c.obj
[dirks:ro] [157/372] Linking C static library zephyr/drivers/espi/libdrivers__espi.a
[minimal-realtek:rw] [36/256] Building C object zephyr/CMakeFiles/zephyr.dir/soc/realtek/ec/rts5912/debug_swj.c.obj
[minimal-realtek:ro] [30/256] Building C object CMakeFiles/app.dir/mnt/host/source/src/platform/ec/build/zephyr/minimal-realtek/modules/ec/common/flash.c.obj
[voltorb:ro] [215/386] Building C object modules/ec/zephyr/CMakeFiles/ec_shim.dir/shim/src/console_buffer.c.obj
[winterhold:rw] -- Performing EC specific devicetree checks
[voltorb:ro] [216/386] Building C object modules/ec/zephyr/CMakeFiles/ec_shim.dir/shim/src/keyboard_raw.c.obj
[voltorb:ro] [217/386] Building C object modules/ec/zephyr/CMakeFiles/ec_shim.dir/shim/src/keyscan.c.obj
[voltorb:ro] [218/386] Building C object modules/ec/zephyr/CMakeFiles/ec_shim.dir/shim/src/mkbp_event.c.obj
[dirks:ro] [158/372] Building C object zephyr/drivers/gpio/CMakeFiles/drivers__gpio.dir/gpio_kscan_ite_it8xxx2.c.obj
[dirks:ro] [159/372] Building C object zephyr/drivers/i2c/CMakeFiles/drivers__i2c.dir/i2c_common.c.obj
[voltorb:ro] [219/386] Building C object modules/ec/zephyr/CMakeFiles/ec_shim.dir/shim/src/panic.c.obj
[winterhold:rw] INFO: Verified 89 GPIOs, no duplicates found
[winterhold:rw] INFO: Verified 7 '*-gpios' properties, all flags match.
[winterhold:rw] INFO: Skipped 2 named-gpios children.
[dirks:ro] [160/372] Building C object zephyr/drivers/i2c/CMakeFiles/drivers__i2c.dir/i2c_bitbang.c.obj
[dirks:ro] [161/372] Linking C static library zephyr/drivers/gpio/libdrivers__gpio.a
[dirks:ro] [162/372] Building C object zephyr/drivers/i2c/CMakeFiles/drivers__i2c.dir/i2c_shell.c.obj
[minimal-realtek:rw] [37/256] Building C object zephyr/CMakeFiles/zephyr.dir/subsys/logging/log_minimal.c.obj
[winterhold:rw] -- Generating component manifest file
[voltorb:ro] [220/386] Building C object modules/ec/zephyr/CMakeFiles/ec_shim.dir/shim/src/thermal.c.obj
[voltorb:ro] [221/386] Building C object modules/ec/zephyr/CMakeFiles/ec_shim.dir/shim/src/power.c.obj
[voltorb:ro] [222/386] Building C object modules/ec/zephyr/CMakeFiles/ec_shim.dir/shim/src/hwtimer.c.obj
[winterhold:rw] INFO: Running CME, outputting to /mnt/host/source/src/platform/ec/build/zephyr/winterhold/build-rw/zephyr/component_manifest.json
[winterhold:rw] INFO: Project winterhold does not support SSFC
[voltorb:ro] [223/386] Building C object modules/ec/zephyr/CMakeFiles/ec_shim.dir/shim/src/temp_sensors.c.obj
[minimal-realtek:ro] [31/256] Building C object CMakeFiles/app.dir/mnt/host/source/src/platform/ec/build/zephyr/minimal-realtek/modules/ec/common/panic_output.c.obj
[winterhold:rw] -- warning_base_override: -Wall;-Wformat;-Wformat-security;-Wformat;-Wno-format-zero-length;-Wno-pointer-sign;-Wpointer-arith;-Wexpansion-to-defined
[dirks:ro] [163/372] Building C object zephyr/drivers/pinctrl/CMakeFiles/drivers__pinctrl.dir/common.c.obj
[/mnt/host/source/src/platform/ec/build/zephyr/trulo-ti-lcov]   /mnt/host/source/src/platform/ec/build/zephyr/trulo-ti/build-ro/zephyr/CMakeFiles/zephyr.dir/soc/nuvoton/npcx/common/npcxn/registers.c.gcno:no functions found
[/mnt/host/source/src/platform/ec/build/zephyr/trulo-ti-lcov] stderr:
[voltorb:ro] [224/386] Building C object modules/ec/zephyr/CMakeFiles/ec_shim.dir/shim/src/bc12.c.obj
[voltorb:ro] [225/386] Building C object modules/ec/zephyr/CMakeFiles/ec_shim.dir/shim/src/i2c.c.obj
[dirks:ro] [164/372] Building C object zephyr/drivers/i2c/CMakeFiles/drivers__i2c.dir/i2c_ite_it8xxx2.c.obj
[dirks:ro] [165/372] Building C object zephyr/drivers/i2c/CMakeFiles/drivers__i2c.dir/i2c_ite_enhance.c.obj
[minimal-realtek:rw] [38/256] Building C object zephyr/CMakeFiles/zephyr.dir/subsys/pm/pm.c.obj
[dirks:ro] [166/372] Linking C static library zephyr/drivers/i2c/libdrivers__i2c.a
[voltorb:ro] [226/386] cd /mnt/host/source/src/platform/ec/build/zephyr/voltorb/build-ro/modules/ec/zephyr && PYTHONPATH=/mnt/host/source/src/platform/ec/build/zephyr/voltorb/modules/ec/zephyr/zmake/ /usr/bin/python3.11 /mnt/host/source/src/platform/ec/build/zephyr/voltorb/modules/ec/zephyr/zmake/zephyr_build_tools/generate_ec_version.py /mnt/host/source/src/platform/ec/build/zephyr/voltorb/build-ro/modules/ec/zephyr/include/ec_version.h --name Zephyr-Kernel --version 16543.0.0 --static
[voltorb:ro] INFO:root:Using a static version string
[voltorb:ro] INFO:root:Version string: Zephyr-Kernel-16543.0.0
[voltorb:ro] INFO:root:Writing header to /mnt/host/source/src/platform/ec/build/zephyr/voltorb/build-ro/modules/ec/zephyr/include/ec_version.h
[voltorb:ro] [227/386] Building C object modules/ec/zephyr/CMakeFiles/ec_shim.dir/shim/src/watchdog.c.obj
[winterhold:rw] -- Found gen_kobject_list: /mnt/host/source/src/third_party/zephyr/main/scripts/build/gen_kobject_list.py
[voltorb:ro] [228/386] Building C object modules/ec/zephyr/CMakeFiles/ec_shim.dir/shim/src/tasks.c.obj
[dirks:ro] [167/372] Building C object zephyr/drivers/pinctrl/CMakeFiles/drivers__pinctrl.dir/pinctrl_ite_it8xxx2.c.obj
[dirks:ro] [168/372] Building C object zephyr/drivers/sensor/CMakeFiles/drivers__sensor.dir/mnt/host/source/src/third_party/zephyr/main/misc/empty_file.c.obj
[minimal-realtek:ro] [32/256] Building C object CMakeFiles/app.dir/mnt/host/source/src/platform/ec/build/zephyr/minimal-realtek/modules/ec/common/sha256.c.obj
[dirks:ro] [169/372] Linking C static library zephyr/drivers/pinctrl/libdrivers__pinctrl.a
[dirks:ro] [170/372] Linking C static library zephyr/drivers/sensor/libdrivers__sensor.a
[voltorb:ro] [229/386] Building C object modules/ec/zephyr/CMakeFiles/ec_shim.dir/shim/src/bc12_pi3usb9201.c.obj
[voltorb:ro] [230/386] Building C object modules/ec/zephyr/CMakeFiles/ec_shim.dir/shim/src/ppc.c.obj
[voltorb:ro] [231/386] Building C object modules/ec/zephyr/CMakeFiles/ec_shim.dir/shim/src/usba.c.obj
[minimal-realtek:rw] [39/256] Building C object zephyr/CMakeFiles/zephyr.dir/subsys/pm/state.c.obj
[winterhold:rw] -- Configuring done (17.2s)
[dirks:ro] [171/372] Building C object zephyr/drivers/pwm/CMakeFiles/drivers__pwm.dir/pwm_shell.c.obj
[dirks:ro] [172/372] Building C object zephyr/drivers/pwm/CMakeFiles/drivers__pwm.dir/pwm_ite_it8xxx2.c.obj
[voltorb:ro] [232/386] Building C object zephyr/kernel/CMakeFiles/kernel.dir/main_weak.c.obj
[dirks:ro] [173/372] Linking C static library zephyr/drivers/pwm/libdrivers__pwm.a
[voltorb:ro] [233/386] Building C object CMakeFiles/app.dir/mnt/host/source/src/platform/ec/zephyr/subsys/ap_pwrseq/ap_events.c.obj
[minimal-realtek:ro] [33/256] Building C object CMakeFiles/app.dir/mnt/host/source/src/platform/ec/build/zephyr/minimal-realtek/modules/ec/common/shared_mem.c.obj
[voltorb:ro] [234/386] Building C object CMakeFiles/app.dir/mnt/host/source/src/platform/ec/build/zephyr/voltorb/modules/ec/common/base32.c.obj
[winterhold:rw] -- Generating done (0.5s)
[winterhold:rw] CMake Warning:
[winterhold:rw] -- Build files have been written to: /mnt/host/source/src/platform/ec/build/zephyr/winterhold/build-rw
[voltorb:ro] [235/386] Building C object modules/ec/zephyr/CMakeFiles/ec_shim.dir/shim/src/usb_muxes.c.obj
[voltorb:ro] [236/386] Building C object CMakeFiles/app.dir/mnt/host/source/src/platform/ec/build/zephyr/voltorb/modules/ec/builtin/stdlib.c.obj
[minimal-realtek:rw] [40/256] Building C object zephyr/CMakeFiles/zephyr.dir/subsys/pm/policy/policy_events.c.obj
[dirks:ro] [174/372] Building C object zephyr/drivers/sensor/ite/ite_vcmp_it8xxx2/CMakeFiles/drivers__sensor__ite__ite_vcmp_it8xxx2.dir/vcmp_ite_it8xxx2.c.obj
[winterhold:rw]   Manually-specified variables were not used by the project:
[winterhold:rw]     COREBOOT_SDK_ROOT_libstdcxx_riscv64
[winterhold:rw]     COREBOOT_SDK_ROOT_libstdcxx_x86
[winterhold:rw]     COREBOOT_SDK_ROOT_nds32
[winterhold:rw]     COREBOOT_SDK_ROOT_picolibc_riscv64
[winterhold:rw]     COREBOOT_SDK_ROOT_picolibc_x86
[winterhold:rw]     COREBOOT_SDK_ROOT_riscv
[winterhold:rw]     COREBOOT_SDK_ROOT_riscv64
[winterhold:rw]     COREBOOT_SDK_ROOT_x86
[dirks:ro] [175/372] Building C object zephyr/drivers/serial/CMakeFiles/drivers__serial.dir/uart_ite_it8xxx2.c.obj
[dirks:ro] [176/372] Building C object zephyr/drivers/serial/CMakeFiles/drivers__serial.dir/uart_ns16550.c.obj
[dirks:ro] [177/372] Linking C static library zephyr/drivers/sensor/ite/ite_vcmp_it8xxx2/libdrivers__sensor__ite__ite_vcmp_it8xxx2.a
[dirks:ro] [178/372] Linking C static library zephyr/drivers/serial/libdrivers__serial.a
[voltorb:ro] [237/386] Building C object CMakeFiles/app.dir/mnt/host/source/src/platform/ec/build/zephyr/voltorb/modules/ec/common/console_output.c.obj
[voltorb:ro] [238/386] Building C object CMakeFiles/app.dir/mnt/host/source/src/platform/ec/build/zephyr/voltorb/modules/ec/common/gpio_commands.c.obj
[minimal-realtek:ro] [34/256] Building C object CMakeFiles/app.dir/mnt/host/source/src/platform/ec/build/zephyr/minimal-realtek/modules/ec/common/spi_flash_reg.c.obj
[voltorb:ro] [239/386] Building C object CMakeFiles/app.dir/mnt/host/source/src/platform/ec/build/zephyr/voltorb/modules/ec/common/ec_features.c.obj
[dirks:ro] [179/372] Building C object zephyr/drivers/timer/CMakeFiles/drivers__timer.dir/sys_clock_init.c.obj
[voltorb:ro] [240/386] Building C object CMakeFiles/app.dir/mnt/host/source/src/platform/ec/build/zephyr/voltorb/modules/ec/common/peripheral.c.obj
[minimal-realtek:rw] [41/256] Building C object zephyr/CMakeFiles/zephyr.dir/subsys/pm/policy/policy_latency.c.obj
[voltorb:ro] [241/386] Building C object CMakeFiles/app.dir/mnt/host/source/src/platform/ec/build/zephyr/voltorb/modules/ec/common/printf.c.obj
[minimal-realtek:ro] [35/256] Building C object CMakeFiles/app.dir/mnt/host/source/src/platform/ec/build/zephyr/minimal-realtek/modules/ec/common/timer.c.obj
[dirks:ro] [180/372] Building C object zephyr/drivers/timer/CMakeFiles/drivers__timer.dir/ite_it8xxx2_timer.c.obj
[voltorb:ro] [242/386] Building C object CMakeFiles/app.dir/mnt/host/source/src/platform/ec/build/zephyr/voltorb/modules/ec/common/queue.c.obj
[minimal-realtek:ro] [36/256] Building C object CMakeFiles/app.dir/mnt/host/source/src/platform/ec/build/zephyr/minimal-realtek/modules/ec/common/vstore.c.obj
[dirks:ro] [181/372] Building C object zephyr/drivers/watchdog/CMakeFiles/drivers__watchdog.dir/wdt_ite_it8xxx2.c.obj
[dirks:ro] [182/372] Linking C static library zephyr/drivers/timer/libdrivers__timer.a
[voltorb:ro] [243/386] Building C object CMakeFiles/app.dir/mnt/host/source/src/platform/ec/build/zephyr/voltorb/modules/ec/common/system_boot_time.c.obj
[dirks:ro] [183/372] Building C object zephyr/drivers/watchdog/CMakeFiles/drivers__watchdog.dir/wdt_shell.c.obj
[voltorb:ro] [244/386] Building C object CMakeFiles/app.dir/mnt/host/source/src/platform/ec/build/zephyr/voltorb/modules/ec/common/system.c.obj
[minimal-realtek:rw] [42/256] Building C object zephyr/CMakeFiles/zephyr.dir/subsys/pm/policy/policy_state_lock.c.obj
[dirks:ro] [184/372] Linking C static library zephyr/drivers/watchdog/libdrivers__watchdog.a
[voltorb:ro] [245/386] Building C object CMakeFiles/app.dir/mnt/host/source/src/platform/ec/build/zephyr/voltorb/modules/ec/common/uart_printf.c.obj
[minimal-realtek:ro] [37/256] Building C object CMakeFiles/app.dir/mnt/host/source/src/platform/ec/build/zephyr/minimal-realtek/modules/ec/common/math_util.c.obj
[voltorb:ro] [246/386] Building C object CMakeFiles/app.dir/mnt/host/source/src/platform/ec/build/zephyr/voltorb/modules/ec/common/util.c.obj
[voltorb:ro] [247/386] Building C object CMakeFiles/app.dir/mnt/host/source/src/platform/ec/build/zephyr/voltorb/modules/ec/common/version.c.obj
[minimal-realtek:ro] [38/256] Linking C static library app/libapp.a
[dirks:ro] [185/372] Building C object modules/ec/zephyr/CMakeFiles/ec_shim.dir/app/ec/ec_app_main.c.obj
[minimal-realtek:ro] [39/256] Building C object zephyr/CMakeFiles/zephyr.dir/lib/libc/validate_libc.c.obj
[minimal-realtek:rw] [43/256] Building C object zephyr/CMakeFiles/zephyr.dir/subsys/pm/device.c.obj
[voltorb:ro] [248/386] Building C object CMakeFiles/app.dir/mnt/host/source/src/platform/ec/build/zephyr/voltorb/modules/ec/common/adc.c.obj
[voltorb:ro] [249/386] Building C object CMakeFiles/app.dir/mnt/host/source/src/platform/ec/build/zephyr/voltorb/modules/ec/common/battery.c.obj
[dirks:ro] [186/372] Building C object modules/ec/zephyr/CMakeFiles/ec_shim.dir/app/ec/main_shim.c.obj
[dirks:ro] [187/372] Building C object modules/ec/zephyr/CMakeFiles/ec_shim.dir/app/ec/chip/riscv/riscv-ite/it8xxx2-espi.c.obj
[minimal-realtek:ro] [40/256] Building C object zephyr/CMakeFiles/zephyr.dir/lib/heap/heap.c.obj
[voltorb:ro] [250/386] Building C object CMakeFiles/app.dir/mnt/host/source/src/platform/ec/build/zephyr/voltorb/modules/ec/common/battery_info.c.obj
[voltorb:ro] [251/386] Building C object CMakeFiles/app.dir/mnt/host/source/src/platform/ec/build/zephyr/voltorb/modules/ec/common/battery_fuel_gauge.c.obj
[voltorb:ro] [252/386] Building C object CMakeFiles/app.dir/mnt/host/source/src/platform/ec/build/zephyr/voltorb/modules/ec/driver/battery/smart.c.obj
[minimal-realtek:ro] [41/256] Building C object zephyr/CMakeFiles/zephyr.dir/lib/os/cbprintf_packaged.c.obj
[minimal-realtek:rw] [44/256] Building C object zephyr/CMakeFiles/zephyr.dir/subsys/pm/device_system_managed.c.obj
[dirks:ro] [188/372] Building C object modules/ec/zephyr/CMakeFiles/ec_shim.dir/drivers/cec_counter/cec_counter.c.obj
[voltorb:ro] [253/386] Building C object CMakeFiles/app.dir/mnt/host/source/src/platform/ec/build/zephyr/voltorb/modules/ec/driver/bc12/rt1718s.c.obj
[minimal-realtek:ro] [42/256] Building C object zephyr/CMakeFiles/zephyr.dir/lib/os/clock.c.obj
[voltorb:ro] [254/386] Building C object CMakeFiles/app.dir/mnt/host/source/src/platform/ec/build/zephyr/voltorb/modules/ec/driver/bc12/pi3usb9201.c.obj
[dirks:ro] [189/372] Building C object modules/ec/zephyr/CMakeFiles/ec_shim.dir/drivers/cros_flash/cros_flash_it8xxx2.c.obj
[/mnt/host/source/src/platform/ec/build/zephyr/trulo-ti-lcov]   /mnt/host/source/src/platform/ec/build/zephyr/trulo-ti/build-ro/zephyr/kernel/CMakeFiles/kernel.dir/errno.c.gcno:no functions found
[/mnt/host/source/src/platform/ec/build/zephyr/trulo-ti-lcov] stderr:
[voltorb:ro] [255/386] Building C object CMakeFiles/app.dir/mnt/host/source/src/platform/ec/build/zephyr/voltorb/modules/ec/driver/charger/isl923x.c.obj
[dirks:ro] [190/372] Building C object modules/ec/zephyr/CMakeFiles/ec_shim.dir/drivers/cros_system/cros_system_it8xxx2.c.obj
[minimal-realtek:ro] [43/256] Building C object zephyr/CMakeFiles/zephyr.dir/lib/os/printk.c.obj
[dirks:ro] [191/372] Building C object modules/ec/zephyr/CMakeFiles/ec_shim.dir/shim/chip/it8xxx2/clock.c.obj
[minimal-realtek:rw] [45/256] Building C object zephyr/CMakeFiles/zephyr.dir/subsys/testsuite/coverage/coverage.c.obj
[voltorb:ro] [256/386] Building C object CMakeFiles/app.dir/mnt/host/source/src/platform/ec/build/zephyr/voltorb/modules/ec/common/charger.c.obj
[minimal-realtek:ro] [44/256] Building C object zephyr/CMakeFiles/zephyr.dir/lib/os/sem.c.obj
[voltorb:ro] [257/386] Building C object CMakeFiles/app.dir/mnt/host/source/src/platform/ec/build/zephyr/voltorb/modules/ec/common/charge_state.c.obj
[voltorb:ro] [258/386] Building C object CMakeFiles/app.dir/mnt/host/source/src/platform/ec/build/zephyr/voltorb/modules/ec/common/cbi_common.c.obj
[minimal-realtek:ro] [45/256] Building C object zephyr/CMakeFiles/zephyr.dir/lib/os/thread_entry.c.obj
[voltorb:ro] [259/386] Building C object CMakeFiles/app.dir/mnt/host/source/src/platform/ec/build/zephyr/voltorb/modules/ec/common/cbi.c.obj
[voltorb:ro] [260/386] Building C object CMakeFiles/app.dir/mnt/host/source/src/platform/ec/build/zephyr/voltorb/modules/ec/common/cbi_config.c.obj
[minimal-realtek:rw] [46/256] Building C object zephyr/CMakeFiles/zephyr.dir/subsys/tracing/tracing_none.c.obj
[dirks:ro] [192/372] Building C object modules/ec/zephyr/CMakeFiles/ec_shim.dir/shim/chip/it8xxx2/system.c.obj
[voltorb:ro] [261/386] Building C object CMakeFiles/app.dir/mnt/host/source/src/platform/ec/build/zephyr/voltorb/modules/ec/common/memory_commands.c.obj
[voltorb:ro] [262/386] Building C object CMakeFiles/app.dir/mnt/host/source/src/platform/ec/build/zephyr/voltorb/modules/ec/common/charge_manager.c.obj
[dirks:ro] [193/372] Building C object modules/ec/zephyr/CMakeFiles/ec_shim.dir/shim/chip/it8xxx2/gpio.c.obj
[dirks:ro] [194/372] Building C object modules/ec/zephyr/CMakeFiles/ec_shim.dir/shim/chip/it8xxx2/power_policy.c.obj
[minimal-realtek:ro] [46/256] Building C object zephyr/CMakeFiles/zephyr.dir/lib/os/cbprintf_nano.c.obj
[voltorb:ro] [263/386] Building C object CMakeFiles/app.dir/mnt/host/source/src/platform/ec/build/zephyr/voltorb/modules/ec/common/chipset.c.obj
[dirks:ro] [195/372] Building C object modules/ec/zephyr/CMakeFiles/ec_shim.dir/shim/src/crc.c.obj
[minimal-realtek:ro] [47/256] Building C object zephyr/CMakeFiles/zephyr.dir/lib/os/cbprintf.c.obj
[dirks:ro] [196/372] Building C object modules/ec/zephyr/CMakeFiles/ec_shim.dir/shim/src/console.c.obj
[minimal-realtek:rw] [47/256] Building C object zephyr/CMakeFiles/zephyr.dir/subsys/shell/modules/kernel_service/kernel_shell.c.obj
[voltorb:ro] [264/386] Building C object CMakeFiles/app.dir/mnt/host/source/src/platform/ec/build/zephyr/voltorb/modules/ec/common/ap_reset_log.c.obj
[minimal-realtek:ro] [48/256] Building C object zephyr/CMakeFiles/zephyr.dir/lib/os/assert.c.obj
[voltorb:ro] [265/386] Building C object CMakeFiles/app.dir/mnt/host/source/src/platform/ec/build/zephyr/voltorb/modules/ec/common/extpower_common.c.obj
[/mnt/host/source/src/platform/ec/build/zephyr/trulo-ti-lcov]   /mnt/host/source/src/platform/ec/build/zephyr/trulo-ti/build-ro/zephyr/lib/libc/picolibc/CMakeFiles/lib__libc__picolibc.dir/errno_wrap.c.gcno:no functions found
[/mnt/host/source/src/platform/ec/build/zephyr/trulo-ti-lcov] stderr:
[voltorb:ro] [266/386] Building C object CMakeFiles/app.dir/mnt/host/source/src/platform/ec/build/zephyr/voltorb/modules/ec/common/extpower_gpio.c.obj
[minimal-realtek:ro] [49/256] Building C object zephyr/CMakeFiles/zephyr.dir/lib/os/reboot.c.obj
[minimal-realtek:ro] [50/256] Building C object zephyr/CMakeFiles/zephyr.dir/lib/utils/dec.c.obj
[dirks:ro] [197/372] Building C object modules/ec/zephyr/CMakeFiles/ec_shim.dir/shim/src/panic_utils.c.obj
[dirks:ro] [198/372] Building C object modules/ec/zephyr/CMakeFiles/ec_shim.dir/shim/src/gpio_int.c.obj
[minimal-realtek:rw] [48/256] Building C object zephyr/CMakeFiles/zephyr.dir/subsys/shell/modules/kernel_service/cycles.c.obj
[voltorb:ro] [267/386] Building C object CMakeFiles/app.dir/mnt/host/source/src/platform/ec/build/zephyr/voltorb/modules/ec/common/host_command.c.obj
[minimal-realtek:ro] [51/256] Building C object zephyr/CMakeFiles/zephyr.dir/lib/utils/hex.c.obj
[voltorb:ro] [268/386] Building C object CMakeFiles/app.dir/mnt/host/source/src/platform/ec/build/zephyr/voltorb/modules/ec/common/uart_hostcmd.c.obj
[voltorb:ro] [269/386] Building C object CMakeFiles/app.dir/mnt/host/source/src/platform/ec/build/zephyr/voltorb/modules/ec/common/flash.c.obj
[voltorb:ro] [270/386] Building C object CMakeFiles/app.dir/mnt/host/source/src/platform/ec/build/zephyr/voltorb/modules/ec/common/host_event_commands.c.obj
[dirks:ro] [199/372] Building C object modules/ec/zephyr/CMakeFiles/ec_shim.dir/shim/src/gpio.c.obj
[voltorb:ro] [271/386] Building C object CMakeFiles/app.dir/mnt/host/source/src/platform/ec/build/zephyr/voltorb/modules/ec/common/host_command_task.c.obj
[minimal-realtek:ro] [52/256] Building C object zephyr/CMakeFiles/zephyr.dir/lib/utils/rb.c.obj
[dirks:ro] [200/372] Building C object modules/ec/zephyr/CMakeFiles/ec_shim.dir/shim/src/pm_state.c.obj
[minimal-realtek:ro] [53/256] Building C object zephyr/CMakeFiles/zephyr.dir/lib/utils/timeutil.c.obj
[voltorb:ro] [272/386] Building C object CMakeFiles/app.dir/mnt/host/source/src/platform/ec/build/zephyr/voltorb/modules/ec/common/uptime.c.obj
[minimal-realtek:rw] [49/256] Building C object zephyr/CMakeFiles/zephyr.dir/subsys/shell/modules/kernel_service/sleep.c.obj
[dirks:ro] [201/372] Building C object modules/ec/zephyr/CMakeFiles/ec_shim.dir/shim/src/cbi/cros_cbi.c.obj
[minimal-realtek:ro] [54/256] Building C object zephyr/CMakeFiles/zephyr.dir/lib/utils/bitmask.c.obj
[voltorb:ro] [273/386] Building C object CMakeFiles/app.dir/mnt/host/source/src/platform/ec/build/zephyr/voltorb/modules/ec/common/i2c_controller.c.obj
[dirks:ro] [202/372] Building C object modules/ec/zephyr/CMakeFiles/ec_shim.dir/shim/src/cbi/cros_cbi_fw_config.c.obj
[voltorb:ro] [274/386] Building C object CMakeFiles/app.dir/mnt/host/source/src/platform/ec/build/zephyr/voltorb/modules/ec/common/i2c_passthru.c.obj
[minimal-realtek:ro] [55/256] Building C object zephyr/CMakeFiles/zephyr.dir/lib/utils/bitarray.c.obj
[dirks:ro] [203/372] Building C object modules/ec/zephyr/CMakeFiles/ec_shim.dir/shim/src/cbi/cbi_eeprom.c.obj
[voltorb:ro] [275/386] Building C object CMakeFiles/app.dir/mnt/host/source/src/platform/ec/build/zephyr/voltorb/modules/ec/common/mkbp_info.c.obj
[dirks:ro] [204/372] Building C object modules/ec/zephyr/CMakeFiles/ec_shim.dir/shim/src/system.c.obj
[voltorb:ro] [276/386] Building C object CMakeFiles/app.dir/mnt/host/source/src/platform/ec/build/zephyr/voltorb/modules/ec/common/virtual_battery.c.obj
[voltorb:ro] [277/386] Building C object CMakeFiles/app.dir/mnt/host/source/src/platform/ec/build/zephyr/voltorb/modules/ec/common/mkbp_fifo.c.obj
[voltorb:ro] [278/386] Building C object CMakeFiles/app.dir/mnt/host/source/src/platform/ec/build/zephyr/voltorb/modules/ec/common/keyboard_mkbp.c.obj
[minimal-realtek:ro] [56/256] Building C object zephyr/CMakeFiles/zephyr.dir/lib/utils/getopt/getopt.c.obj
[minimal-realtek:rw] [50/256] Building C object zephyr/CMakeFiles/zephyr.dir/subsys/shell/modules/kernel_service/uptime.c.obj
[voltorb:ro] [279/386] Building C object CMakeFiles/app.dir/mnt/host/source/src/platform/ec/build/zephyr/voltorb/modules/ec/common/keyboard_scan.c.obj
[voltorb:ro] [280/386] Building C object CMakeFiles/app.dir/mnt/host/source/src/platform/ec/build/zephyr/voltorb/modules/ec/common/mkbp_input_devices.c.obj
[dirks:ro] [205/372] Building C object modules/ec/zephyr/CMakeFiles/ec_shim.dir/shim/src/adc.c.obj
[minimal-realtek:ro] [57/256] Building C object zephyr/CMakeFiles/zephyr.dir/lib/utils/ring_buffer.c.obj
[minimal-realtek:ro] [58/256] Building C object zephyr/CMakeFiles/zephyr.dir/lib/utils/getopt/getopt_common.c.obj
[dirks:ro] [206/372] Building C object modules/ec/zephyr/CMakeFiles/ec_shim.dir/shim/src/cec.c.obj
[minimal-realtek:ro] [59/256] Building C object zephyr/CMakeFiles/zephyr.dir/lib/utils/last_section_id.c.obj
[minimal-realtek:rw] [51/256] Building C object zephyr/CMakeFiles/zephyr.dir/subsys/shell/modules/kernel_service/version.c.obj
[dirks:ro] [207/372] Building C object modules/ec/zephyr/CMakeFiles/ec_shim.dir/shim/src/cec_bitbang.c.obj
[minimal-realtek:ro] [60/256] Building C object zephyr/CMakeFiles/zephyr.dir/misc/generated/configs.c.obj
[voltorb:ro] [281/386] Building C object CMakeFiles/app.dir/mnt/host/source/src/platform/ec/build/zephyr/voltorb/modules/ec/common/led_common.c.obj
[dirks:ro] [208/372] Building C object modules/ec/zephyr/CMakeFiles/ec_shim.dir/shim/src/chipset_api.c.obj
[voltorb:ro] [282/386] Building C object CMakeFiles/app.dir/mnt/host/source/src/platform/ec/build/zephyr/voltorb/modules/ec/common/lid_switch.c.obj
[voltorb:ro] [283/386] Building C object CMakeFiles/app.dir/mnt/host/source/src/platform/ec/build/zephyr/voltorb/modules/ec/common/mkbp_event.c.obj
[minimal-realtek:ro] [61/256] Building C object zephyr/CMakeFiles/zephyr.dir/soc/realtek/ec/rts5912/soc.c.obj
[minimal-realtek:rw] [52/256] Building C object zephyr/CMakeFiles/zephyr.dir/subsys/shell/modules/kernel_service/reboot.c.obj
[voltorb:ro] [284/386] Building C object CMakeFiles/app.dir/mnt/host/source/src/platform/ec/build/zephyr/voltorb/modules/ec/common/power_button.c.obj
[minimal-realtek:ro] [62/256] Building C object zephyr/CMakeFiles/zephyr.dir/soc/realtek/ec/rts5912/device_power.c.obj
[voltorb:ro] [285/386] Building C object CMakeFiles/app.dir/mnt/host/source/src/platform/ec/build/zephyr/voltorb/modules/ec/power/common.c.obj
[voltorb:ro] [286/386] Building C object CMakeFiles/app.dir/mnt/host/source/src/platform/ec/build/zephyr/voltorb/modules/ec/power/host_sleep.c.obj
[voltorb:ro] [287/386] Building C object CMakeFiles/app.dir/mnt/host/source/src/platform/ec/build/zephyr/voltorb/modules/ec/power/mt8186.c.obj
[dirks:ro] [209/372] Building C object modules/ec/zephyr/CMakeFiles/ec_shim.dir/shim/src/flash.c.obj
[voltorb:ro] [288/386] Building C object CMakeFiles/app.dir/mnt/host/source/src/platform/ec/build/zephyr/voltorb/modules/ec/common/panic_output.c.obj
[dirks:ro] [210/372] Building C object modules/ec/zephyr/CMakeFiles/ec_shim.dir/shim/src/hooks.c.obj
[minimal-realtek:ro] [63/256] Building C object zephyr/CMakeFiles/zephyr.dir/soc/realtek/ec/rts5912/power.c.obj
[dirks:ro] [211/372] Building C object modules/ec/zephyr/CMakeFiles/ec_shim.dir/shim/src/espi.c.obj
[minimal-realtek:ro] [64/256] Building C object zephyr/CMakeFiles/zephyr.dir/soc/realtek/ec/rts5912/debug_swj.c.obj
[voltorb:ro] [289/386] Building C object CMakeFiles/app.dir/mnt/host/source/src/platform/ec/build/zephyr/voltorb/modules/ec/common/sha256.c.obj
[minimal-realtek:rw] [53/256] Building C object zephyr/CMakeFiles/zephyr.dir/subsys/shell/modules/kernel_service/thread/thread.c.obj
[dirks:ro] [212/372] Building C object modules/ec/zephyr/CMakeFiles/ec_shim.dir/shim/src/host_command.c.obj
[voltorb:ro] [290/386] Building C object CMakeFiles/app.dir/mnt/host/source/src/platform/ec/build/zephyr/voltorb/modules/ec/common/shared_mem.c.obj
[voltorb:ro] [291/386] Building C object CMakeFiles/app.dir/mnt/host/source/src/platform/ec/build/zephyr/voltorb/modules/ec/common/switch.c.obj
[minimal-realtek:ro] [65/256] Building C object zephyr/CMakeFiles/zephyr.dir/subsys/logging/log_minimal.c.obj
[voltorb:ro] [292/386] Building C object CMakeFiles/app.dir/mnt/host/source/src/platform/ec/build/zephyr/voltorb/modules/ec/common/spi_flash_reg.c.obj
[minimal-realtek:ro] [66/256] Building C object zephyr/CMakeFiles/zephyr.dir/subsys/pm/pm.c.obj
[voltorb:ro] [293/386] Building C object CMakeFiles/app.dir/mnt/host/source/src/platform/ec/build/zephyr/voltorb/modules/ec/common/temp_sensor.c.obj
[dirks:ro] [213/372] Building C object modules/ec/zephyr/CMakeFiles/ec_shim.dir/shim/src/console_buffer.c.obj
[dirks:ro] [214/372] Building C object modules/ec/zephyr/CMakeFiles/ec_shim.dir/shim/src/panic.c.obj
[minimal-realtek:rw] [54/256] Building C object zephyr/CMakeFiles/zephyr.dir/subsys/shell/modules/kernel_service/thread/list.c.obj
[dirks:ro] [215/372] Building C object modules/ec/zephyr/CMakeFiles/ec_shim.dir/shim/src/mkbp_event.c.obj
[voltorb:ro] [294/386] Building C object CMakeFiles/app.dir/mnt/host/source/src/platform/ec/build/zephyr/voltorb/modules/ec/driver/temp_sensor/thermistor.c.obj
[voltorb:ro] [295/386] Building C object CMakeFiles/app.dir/mnt/host/source/src/platform/ec/build/zephyr/voltorb/modules/ec/common/thermal.c.obj
[minimal-realtek:ro] [67/256] Building C object zephyr/CMakeFiles/zephyr.dir/subsys/pm/state.c.obj
[voltorb:ro] [296/386] Building C object CMakeFiles/app.dir/mnt/host/source/src/platform/ec/build/zephyr/voltorb/modules/ec/common/timer.c.obj
[dirks:ro] [216/372] Building C object modules/ec/zephyr/CMakeFiles/ec_shim.dir/shim/src/temp_sensors.c.obj
[voltorb:ro] [297/386] Building C object CMakeFiles/app.dir/mnt/host/source/src/platform/ec/build/zephyr/voltorb/modules/ec/common/usb_charger.c.obj
[minimal-realtek:ro] [68/256] Building C object zephyr/CMakeFiles/zephyr.dir/subsys/pm/policy/policy_events.c.obj
[minimal-realtek:rw] [55/256] Building C object zephyr/CMakeFiles/zephyr.dir/subsys/shell/modules/kernel_service/thread/stacks.c.obj
[dirks:ro] [217/372] Building C object modules/ec/zephyr/CMakeFiles/ec_shim.dir/shim/src/hwtimer.c.obj
[minimal-realtek:ro] [69/256] Building C object zephyr/CMakeFiles/zephyr.dir/subsys/pm/policy/policy_latency.c.obj
[dirks:ro] [218/372] Building C object modules/ec/zephyr/CMakeFiles/ec_shim.dir/shim/src/thermal.c.obj
[voltorb:ro] [298/386] Building C object CMakeFiles/app.dir/mnt/host/source/src/platform/ec/build/zephyr/voltorb/modules/ec/common/usb_port_power_dumb.c.obj
[voltorb:ro] [299/386] Building C object CMakeFiles/app.dir/mnt/host/source/src/platform/ec/build/zephyr/voltorb/modules/ec/common/typec_control.c.obj
[dirks:ro] [219/372] Building C object modules/ec/zephyr/CMakeFiles/ec_shim.dir/shim/src/i2c.c.obj
[minimal-realtek:ro] [70/256] Building C object zephyr/CMakeFiles/zephyr.dir/subsys/pm/policy/policy_state_lock.c.obj
[voltorb:ro] [300/386] Building C object CMakeFiles/app.dir/mnt/host/source/src/platform/ec/build/zephyr/voltorb/modules/ec/common/usb_common.c.obj
[voltorb:ro] [301/386] Building C object CMakeFiles/app.dir/mnt/host/source/src/platform/ec/build/zephyr/voltorb/modules/ec/common/usb_pd_pdo.c.obj
[voltorb:ro] [302/386] Building C object CMakeFiles/app.dir/mnt/host/source/src/platform/ec/build/zephyr/voltorb/modules/ec/common/usbc/usb_pd_timer.c.obj
[voltorb:ro] [303/386] Building C object CMakeFiles/app.dir/mnt/host/source/src/platform/ec/build/zephyr/voltorb/modules/ec/common/usbc/usbc_task.c.obj
[voltorb:ro] [304/386] Building C object CMakeFiles/app.dir/mnt/host/source/src/platform/ec/build/zephyr/voltorb/modules/ec/common/usbc/usb_sm.c.obj
[minimal-realtek:ro] [71/256] Building C object zephyr/CMakeFiles/zephyr.dir/subsys/pm/device.c.obj
[minimal-realtek:rw] [56/256] Building C object zephyr/CMakeFiles/zephyr.dir/subsys/shell/modules/kernel_service/thread/suspend.c.obj
[dirks:ro] [220/372] Building C object modules/ec/zephyr/CMakeFiles/ec_shim.dir/shim/src/tasks.c.obj
[voltorb:ro] [305/386] Building C object CMakeFiles/app.dir/mnt/host/source/src/platform/ec/build/zephyr/voltorb/modules/ec/common/usbc_intr_task.c.obj
[minimal-realtek:ro] [72/256] Building C object zephyr/CMakeFiles/zephyr.dir/subsys/pm/device_system_managed.c.obj
[dirks:ro] [221/372] Building C object modules/ec/zephyr/CMakeFiles/ec_shim.dir/shim/src/ppc.c.obj
[dirks:ro] [222/372] Building C object modules/ec/zephyr/CMakeFiles/ec_shim.dir/shim/src/usba.c.obj
[dirks:ro] [223/372] Building C object modules/ec/zephyr/CMakeFiles/ec_shim.dir/shim/src/watchdog.c.obj
[voltorb:ro] [306/386] Building C object CMakeFiles/app.dir/mnt/host/source/src/platform/ec/build/zephyr/voltorb/modules/ec/common/usb_pd_flags.c.obj
[minimal-realtek:ro] [73/256] Building C object zephyr/CMakeFiles/zephyr.dir/subsys/testsuite/coverage/coverage.c.obj
[dirks:ro] [224/372] cd /mnt/host/source/src/platform/ec/build/zephyr/dirks/build-ro/modules/ec/zephyr && PYTHONPATH=/mnt/host/source/src/platform/ec/build/zephyr/dirks/modules/ec/zephyr/zmake/ /usr/bin/python3.11 /mnt/host/source/src/platform/ec/build/zephyr/dirks/modules/ec/zephyr/zmake/zephyr_build_tools/generate_ec_version.py /mnt/host/source/src/platform/ec/build/zephyr/dirks/build-ro/modules/ec/zephyr/include/ec_version.h --name Zephyr-Kernel --version 16543.0.0 --static
[dirks:ro] INFO:root:Using a static version string
[minimal-realtek:rw] [57/256] Building C object zephyr/CMakeFiles/zephyr.dir/subsys/shell/modules/kernel_service/thread/resume.c.obj
[voltorb:ro] [307/386] Building C object CMakeFiles/app.dir/mnt/host/source/src/platform/ec/build/zephyr/voltorb/modules/ec/common/usbc_utils.c.obj
[minimal-realtek:ro] [74/256] Building C object zephyr/CMakeFiles/zephyr.dir/subsys/tracing/tracing_none.c.obj
[dirks:ro] INFO:root:Version string: Zephyr-Kernel-16543.0.0
[dirks:ro] INFO:root:Writing header to /mnt/host/source/src/platform/ec/build/zephyr/dirks/build-ro/modules/ec/zephyr/include/ec_version.h
[dirks:ro] [225/372] Building C object modules/ec/zephyr/CMakeFiles/ec_shim.dir/shim/src/power_host_sleep_api.c.obj
[voltorb:ro] [308/386] Building C object CMakeFiles/app.dir/mnt/host/source/src/platform/ec/build/zephyr/voltorb/modules/ec/driver/usb_mux/ps8743.c.obj
[voltorb:ro] [309/386] Building C object CMakeFiles/app.dir/mnt/host/source/src/platform/ec/build/zephyr/voltorb/modules/ec/common/chargen.c.obj
[voltorb:ro] [310/386] Building C object CMakeFiles/app.dir/mnt/host/source/src/platform/ec/build/zephyr/voltorb/modules/ec/common/usbc/usb_pd_console.c.obj
[voltorb:ro] [311/386] Building C object CMakeFiles/app.dir/mnt/host/source/src/platform/ec/build/zephyr/voltorb/modules/ec/driver/usb_mux/virtual.c.obj
[voltorb:ro] [312/386] Building C object CMakeFiles/app.dir/mnt/host/source/src/platform/ec/build/zephyr/voltorb/modules/ec/driver/usb_mux/usb_mux.c.obj
[minimal-realtek:ro] [75/256] Building C object zephyr/CMakeFiles/zephyr.dir/subsys/shell/modules/kernel_service/kernel_shell.c.obj
[minimal-realtek:rw] [58/256] Building C object zephyr/CMakeFiles/zephyr.dir/subsys/shell/modules/kernel_service/thread/kill.c.obj
[dirks:ro] [226/372] Building C object zephyr/kernel/CMakeFiles/kernel.dir/main_weak.c.obj
[dirks:ro] [227/372] Building C object CMakeFiles/app.dir/mnt/host/source/src/platform/ec/zephyr/subsys/ap_pwrseq/ap_events.c.obj
[voltorb:ro] [313/386] Building C object CMakeFiles/app.dir/mnt/host/source/src/platform/ec/build/zephyr/voltorb/modules/ec/common/dps.c.obj
[dirks:ro] [228/372] Building C object modules/ec/zephyr/CMakeFiles/ec_shim.dir/shim/src/usb_muxes.c.obj
[minimal-realtek:ro] [76/256] Building C object zephyr/CMakeFiles/zephyr.dir/subsys/shell/modules/kernel_service/cycles.c.obj
[voltorb:ro] [314/386] Building C object CMakeFiles/app.dir/mnt/host/source/src/platform/ec/build/zephyr/voltorb/modules/ec/common/event_log.c.obj
[minimal-realtek:ro] [77/256] Building C object zephyr/CMakeFiles/zephyr.dir/subsys/shell/modules/kernel_service/sleep.c.obj
[voltorb:ro] [315/386] Building C object CMakeFiles/app.dir/mnt/host/source/src/platform/ec/build/zephyr/voltorb/modules/ec/common/pd_log.c.obj
[dirks:ro] [229/372] Building C object CMakeFiles/app.dir/mnt/host/source/src/platform/ec/zephyr/subsys/ap_pwrseq/ap_power_interface.c.obj
[minimal-realtek:rw] [59/256] Building C object zephyr/CMakeFiles/zephyr.dir/subsys/shell/backends/shell_uart.c.obj
[dirks:ro] [230/372] Building C object CMakeFiles/app.dir/mnt/host/source/src/platform/ec/zephyr/subsys/ap_pwrseq/power_signals.c.obj
[dirks:ro] [231/372] Building C object CMakeFiles/app.dir/mnt/host/source/src/platform/ec/zephyr/subsys/ap_pwrseq/signal_gpio.c.obj
[voltorb:ro] [316/386] Building C object CMakeFiles/app.dir/mnt/host/source/src/platform/ec/build/zephyr/voltorb/modules/ec/common/usbc/usbc_pd_policy.c.obj
[voltorb:ro] [317/386] Building C object CMakeFiles/app.dir/mnt/host/source/src/platform/ec/build/zephyr/voltorb/modules/ec/common/usbc/usb_pd_dpm.c.obj
[minimal-realtek:ro] [78/256] Building C object zephyr/CMakeFiles/zephyr.dir/subsys/shell/modules/kernel_service/uptime.c.obj
[minimal-realtek:ro] [79/256] Building C object zephyr/CMakeFiles/zephyr.dir/subsys/shell/modules/kernel_service/version.c.obj
[voltorb:ro] [318/386] Building C object CMakeFiles/app.dir/mnt/host/source/src/platform/ec/build/zephyr/voltorb/modules/ec/common/usbc/usb_prl_sm.c.obj
[dirks:ro] [232/372] Building C object CMakeFiles/app.dir/mnt/host/source/src/platform/ec/zephyr/subsys/ap_pwrseq/signal_vw.c.obj
[voltorb:ro] [319/386] Building C object CMakeFiles/app.dir/mnt/host/source/src/platform/ec/build/zephyr/voltorb/modules/ec/common/usb_pd_console_cmd.c.obj
[voltorb:ro] [320/386] Building C object CMakeFiles/app.dir/mnt/host/source/src/platform/ec/build/zephyr/voltorb/modules/ec/common/usbc/usb_tc_drp_acc_trysrc_sm.c.obj
[voltorb:ro] [321/386] Building C object CMakeFiles/app.dir/mnt/host/source/src/platform/ec/build/zephyr/voltorb/modules/ec/common/usbc/usb_pe_drp_sm.c.obj
[voltorb:ro] [322/386] Building C object CMakeFiles/app.dir/mnt/host/source/src/platform/ec/build/zephyr/voltorb/modules/ec/common/usbc/dp_alt_mode.c.obj
[dirks:ro] [233/372] Building C object CMakeFiles/app.dir/mnt/host/source/src/platform/ec/zephyr/subsys/ap_pwrseq/signal_adc.c.obj
[minimal-realtek:rw] [60/256] Building C object zephyr/CMakeFiles/zephyr.dir/subsys/shell/shell.c.obj
[voltorb:ro] [323/386] Building C object CMakeFiles/app.dir/mnt/host/source/src/platform/ec/build/zephyr/voltorb/modules/ec/common/usb_pd_host_cmd.c.obj
[minimal-realtek:ro] [80/256] Building C object zephyr/CMakeFiles/zephyr.dir/subsys/shell/modules/kernel_service/reboot.c.obj
[minimal-realtek:ro] [81/256] Building C object zephyr/CMakeFiles/zephyr.dir/subsys/shell/modules/kernel_service/thread/thread.c.obj
[dirks:ro] [234/372] Building C object CMakeFiles/app.dir/mnt/host/source/src/platform/ec/zephyr/subsys/ap_pwrseq/power_host_sleep.c.obj
[dirks:ro] [235/372] Building C object CMakeFiles/app.dir/mnt/host/source/src/platform/ec/zephyr/subsys/ap_pwrseq/x86_non_dsx_common_pwrseq_sm_handler.c.obj
[minimal-realtek:rw] [61/256] Building C object zephyr/CMakeFiles/zephyr.dir/subsys/shell/shell_fprintf.c.obj
[dirks:ro] [236/372] Building C object CMakeFiles/app.dir/mnt/host/source/src/platform/ec/zephyr/subsys/ap_pwrseq/x86_non_dsx_chipset_power_state.c.obj
[voltorb:ro] [324/386] Building C object CMakeFiles/app.dir/mnt/host/source/src/platform/ec/build/zephyr/voltorb/modules/ec/zephyr/shim/src/tcpc.c.obj
[voltorb:ro] [325/386] Building C object CMakeFiles/app.dir/mnt/host/source/src/platform/ec/build/zephyr/voltorb/modules/ec/common/usbc/usb_pd_host.c.obj
[minimal-realtek:ro] [82/256] Building C object zephyr/CMakeFiles/zephyr.dir/subsys/shell/modules/kernel_service/thread/list.c.obj
[minimal-realtek:ro] [83/256] Building C object zephyr/CMakeFiles/zephyr.dir/subsys/shell/modules/kernel_service/thread/stacks.c.obj
[voltorb:ro] [326/386] Building C object CMakeFiles/app.dir/mnt/host/source/src/platform/ec/build/zephyr/voltorb/modules/ec/common/usbc/svdm_rsp_dfp_only.c.obj
[voltorb:ro] [327/386] Building C object CMakeFiles/app.dir/mnt/host/source/src/platform/ec/build/zephyr/voltorb/modules/ec/common/usb_pd_host_cmd_common.c.obj
[voltorb:ro] [328/386] Building C object CMakeFiles/app.dir/mnt/host/source/src/platform/ec/build/zephyr/voltorb/modules/ec/common/usb_pd_discovery.c.obj
[dirks:ro] [237/372] Building C object CMakeFiles/app.dir/mnt/host/source/src/platform/ec/zephyr/subsys/ap_pwrseq/x86_non_dsx_common_pwrseq_host_sleep.c.obj
[voltorb:ro] [329/386] Building C object CMakeFiles/app.dir/mnt/host/source/src/platform/ec/build/zephyr/voltorb/modules/ec/common/usbc_ocp.c.obj
[voltorb:ro] [330/386] Building C object CMakeFiles/app.dir/mnt/host/source/src/platform/ec/build/zephyr/voltorb/modules/ec/common/usb_pd_dual_role.c.obj
[/mnt/host/source/src/platform/ec/build/zephyr/trulo-ti-lcov]   /mnt/host/source/src/platform/ec/build/zephyr/trulo-ti/build-ro/zephyr/drivers/sensor/CMakeFiles/drivers__sensor.dir/mnt/host/source/src/third_party/zephyr/main/misc/empty_file.c.gcno:no functions found
[/mnt/host/source/src/platform/ec/build/zephyr/trulo-ti-lcov] stderr:
[voltorb:ro] [331/386] Building C object CMakeFiles/app.dir/mnt/host/source/src/platform/ec/build/zephyr/voltorb/modules/ec/common/usbc/dp_hpd_gpio.c.obj
[minimal-realtek:rw] [62/256] Building C object zephyr/CMakeFiles/zephyr.dir/subsys/shell/shell_utils.c.obj
[dirks:ro] [238/372] Building C object CMakeFiles/app.dir/mnt/host/source/src/platform/ec/zephyr/subsys/ap_pwrseq/x86_non_dsx_common_pwrseq_console.c.obj
[minimal-realtek:ro] [84/256] Building C object zephyr/CMakeFiles/zephyr.dir/subsys/shell/modules/kernel_service/thread/suspend.c.obj
[dirks:ro] [239/372] Building C object CMakeFiles/app.dir/mnt/host/source/src/platform/ec/zephyr/subsys/ap_pwrseq/x86_non_dsx_common_pwrseq_host_command.c.obj
[minimal-realtek:ro] [85/256] Building C object zephyr/CMakeFiles/zephyr.dir/subsys/shell/modules/kernel_service/thread/resume.c.obj
[dirks:ro] [240/372] Building C object CMakeFiles/app.dir/mnt/host/source/src/platform/ec/zephyr/subsys/ap_pwrseq/x86_non_dsx_adlp_pwrseq_sm.c.obj
[/mnt/host/source/src/platform/ec/build/zephyr/trulo-ti-lcov]   /mnt/host/source/src/platform/ec/build/zephyr/trulo-ti/build-rw/modules/ec/zephyr/CMakeFiles/ec_shim.dir/shim/src/thermal.c.gcno:no functions found
[/mnt/host/source/src/platform/ec/build/zephyr/trulo-ti-lcov] stderr:
[dirks:ro] [241/372] Building C object CMakeFiles/app.dir/mnt/host/source/src/platform/ec/zephyr/subsys/ap_pwrseq/ap_reset_log.c.obj
[minimal-realtek:ro] [86/256] Building C object zephyr/CMakeFiles/zephyr.dir/subsys/shell/modules/kernel_service/thread/kill.c.obj
[voltorb:ro] [332/386] Building C object CMakeFiles/app.dir/mnt/host/source/src/platform/ec/build/zephyr/voltorb/modules/ec/common/usbc_ppc.c.obj
[voltorb:ro] [333/386] Building C object CMakeFiles/app.dir/mnt/host/source/src/platform/ec/build/zephyr/voltorb/modules/ec/driver/tcpm/anx7447.c.obj
[minimal-realtek:rw] [63/256] Building C object zephyr/CMakeFiles/zephyr.dir/subsys/shell/shell_ops.c.obj
[voltorb:ro] [334/386] Building C object CMakeFiles/app.dir/mnt/host/source/src/platform/ec/build/zephyr/voltorb/modules/ec/driver/tcpm/rt1718s.c.obj
[/mnt/host/source/src/platform/ec/build/zephyr/trulo-ti-lcov]   /mnt/host/source/src/platform/ec/build/zephyr/trulo-ti/build-rw/modules/ec/zephyr/CMakeFiles/ec_shim.dir/shim/src/battery.c.gcno:no functions found
[/mnt/host/source/src/platform/ec/build/zephyr/trulo-ti-lcov] stderr:
[voltorb:ro] [335/386] Building C object CMakeFiles/app.dir/mnt/host/source/src/platform/ec/build/zephyr/voltorb/modules/ec/driver/tcpm/tcpci.c.obj
[minimal-realtek:ro] [87/256] Building C object zephyr/CMakeFiles/zephyr.dir/subsys/shell/backends/shell_uart.c.obj
[dirks:ro] [242/372] Building C object CMakeFiles/app.dir/mnt/host/source/src/platform/ec/build/zephyr/dirks/modules/ec/common/base32.c.obj
[voltorb:ro] [336/386] Building C object CMakeFiles/app.dir/mnt/host/source/src/platform/ec/build/zephyr/voltorb/modules/ec/driver/ppc/nx20p348x.c.obj
[voltorb:ro] [337/386] Building C object CMakeFiles/app.dir/mnt/host/source/src/platform/ec/build/zephyr/voltorb/modules/ec/common/vboot/efs2.c.obj
[voltorb:ro] [338/386] Building C object CMakeFiles/app.dir/mnt/host/source/src/platform/ec/build/zephyr/voltorb/modules/ec/common/vboot_hash.c.obj
[dirks:ro] [243/372] Building C object CMakeFiles/app.dir/mnt/host/source/src/platform/ec/build/zephyr/dirks/modules/ec/builtin/stdlib.c.obj
[voltorb:ro] [339/386] Building C object CMakeFiles/app.dir/mnt/host/source/src/platform/ec/build/zephyr/voltorb/modules/ec/common/button.c.obj
[dirks:ro] [244/372] Building C object CMakeFiles/app.dir/mnt/host/source/src/platform/ec/build/zephyr/dirks/modules/ec/common/console_output.c.obj
[minimal-realtek:rw] [64/256] Building C object zephyr/CMakeFiles/zephyr.dir/subsys/shell/shell_help.c.obj
[minimal-realtek:ro] [88/256] Building C object zephyr/CMakeFiles/zephyr.dir/subsys/shell/shell.c.obj
[minimal-realtek:ro] [89/256] Building C object zephyr/CMakeFiles/zephyr.dir/subsys/shell/shell_fprintf.c.obj
[dirks:ro] [245/372] Building C object CMakeFiles/app.dir/mnt/host/source/src/platform/ec/build/zephyr/dirks/modules/ec/common/ec_features.c.obj
[voltorb:ro] [340/386] Building C object CMakeFiles/app.dir/mnt/host/source/src/platform/ec/build/zephyr/voltorb/modules/ec/common/math_util.c.obj
[voltorb:ro] [341/386] Building C object CMakeFiles/app.dir/mnt/host/source/src/platform/ec/build/zephyr/voltorb/modules/ec/common/vstore.c.obj
[voltorb:ro] [342/386] Building C object CMakeFiles/app.dir/src/board.c.obj
[dirks:ro] [246/372] Building C object CMakeFiles/app.dir/mnt/host/source/src/platform/ec/build/zephyr/dirks/modules/ec/common/peripheral.c.obj
[dirks:ro] [247/372] Building C object CMakeFiles/app.dir/mnt/host/source/src/platform/ec/build/zephyr/dirks/modules/ec/common/gpio_commands.c.obj
[/mnt/host/source/src/platform/ec/build/zephyr/trulo-ti-lcov]   /mnt/host/source/src/platform/ec/build/zephyr/trulo-ti/build-rw/modules/ec/zephyr/CMakeFiles/ec_shim.dir/shim/src/charger.c.gcno:no functions found
[/mnt/host/source/src/platform/ec/build/zephyr/trulo-ti-lcov] stderr:
[voltorb:ro] [343/386] Building C object CMakeFiles/app.dir/src/hibernate.c.obj
[minimal-realtek:rw] [65/256] Building C object zephyr/CMakeFiles/zephyr.dir/subsys/shell/shell_history.c.obj
[voltorb:ro] [344/386] Building C object CMakeFiles/app.dir/src/board_chipset.c.obj
[minimal-realtek:ro] [90/256] Building C object zephyr/CMakeFiles/zephyr.dir/subsys/shell/shell_utils.c.obj
[dirks:ro] [248/372] Building C object CMakeFiles/app.dir/mnt/host/source/src/platform/ec/build/zephyr/dirks/modules/ec/common/printf.c.obj
[voltorb:ro] [345/386] Building C object CMakeFiles/app.dir/src/usb_pd_policy.c.obj
[voltorb:ro] [346/386] Building C object CMakeFiles/app.dir/src/variant_db_detection.c.obj
[minimal-realtek:ro] [91/256] Building C object zephyr/CMakeFiles/zephyr.dir/subsys/shell/shell_ops.c.obj
[voltorb:ro] [347/386] Building C object CMakeFiles/app.dir/src/usbc.c.obj
[voltorb:ro] [348/386] Linking C static library modules/ec/zephyr/libec_shim.a
[dirks:ro] [249/372] Building C object CMakeFiles/app.dir/mnt/host/source/src/platform/ec/build/zephyr/dirks/modules/ec/common/queue.c.obj
[voltorb:ro] [349/386] Building C object CMakeFiles/app.dir/src/npcx_i2c.c.obj
[minimal-realtek:rw] [66/256] Building C object zephyr/CMakeFiles/zephyr.dir/drivers/flash/flash_util.c.obj
[minimal-realtek:ro] [92/256] Building C object zephyr/CMakeFiles/zephyr.dir/subsys/shell/shell_help.c.obj
[voltorb:ro] [350/386] Building C object CMakeFiles/app.dir/src/npcx_usb_pd_policy.c.obj
[minimal-realtek:rw] [67/256] Linking C static library zephyr/libzephyr.a
[voltorb:ro] [351/386] Building C object CMakeFiles/app.dir/src/npcx_usbc.c.obj
[dirks:ro] [250/372] Building C object CMakeFiles/app.dir/mnt/host/source/src/platform/ec/build/zephyr/dirks/modules/ec/common/uart_printf.c.obj
[dirks:ro] [251/372] Building C object CMakeFiles/app.dir/mnt/host/source/src/platform/ec/build/zephyr/dirks/modules/ec/common/system_boot_time.c.obj
[minimal-realtek:ro] [93/256] Building C object zephyr/CMakeFiles/zephyr.dir/subsys/shell/shell_history.c.obj
[voltorb:ro] [352/386] Building C object zephyr/kernel/CMakeFiles/kernel.dir/banner.c.obj
[voltorb:ro] [353/386] Building C object CMakeFiles/app.dir/voltorb/src/board.c.obj
[voltorb:ro] [354/386] Building C object CMakeFiles/app.dir/voltorb/src/usbc.c.obj
[dirks:ro] [252/372] Building C object CMakeFiles/app.dir/mnt/host/source/src/platform/ec/build/zephyr/dirks/modules/ec/common/system.c.obj
[voltorb:ro] [355/386] Building C object zephyr/kernel/CMakeFiles/kernel.dir/busy_wait.c.obj
[dirks:ro] [253/372] Building C object CMakeFiles/app.dir/mnt/host/source/src/platform/ec/build/zephyr/dirks/modules/ec/common/util.c.obj
[minimal-realtek:ro] [94/256] Building C object zephyr/CMakeFiles/zephyr.dir/drivers/flash/flash_util.c.obj
[voltorb:ro] [356/386] Building C object zephyr/kernel/CMakeFiles/kernel.dir/device.c.obj
[voltorb:ro] [357/386] Building C object zephyr/kernel/CMakeFiles/kernel.dir/errno.c.obj
[minimal-realtek:rw] [68/256] Building C object zephyr/arch/common/CMakeFiles/arch__common.dir/sw_isr_common.c.obj
[minimal-realtek:ro] [95/256] Linking C static library zephyr/libzephyr.a
[voltorb:ro] [358/386] Building C object zephyr/kernel/CMakeFiles/kernel.dir/version.c.obj
[minimal-realtek:ro] [96/256] Building C object zephyr/arch/common/CMakeFiles/arch__common.dir/sw_isr_common.c.obj
[voltorb:ro] [359/386] Linking C static library app/libapp.a
[voltorb:ro] [360/386] Building C object zephyr/kernel/CMakeFiles/kernel.dir/fatal.c.obj
[dirks:ro] [254/372] Building C object CMakeFiles/app.dir/mnt/host/source/src/platform/ec/build/zephyr/dirks/modules/ec/common/version.c.obj
[voltorb:ro] [361/386] Building C object zephyr/kernel/CMakeFiles/kernel.dir/init.c.obj
[dirks:ro] [255/372] Building C object CMakeFiles/app.dir/mnt/host/source/src/platform/ec/build/zephyr/dirks/modules/ec/common/power_button_x86.c.obj
[voltorb:ro] [362/386] Building C object zephyr/kernel/CMakeFiles/kernel.dir/kheap.c.obj
[voltorb:ro] [363/386] Building C object zephyr/kernel/CMakeFiles/kernel.dir/mem_slab.c.obj
[minimal-realtek:rw] [69/256] Building C object zephyr/arch/common/CMakeFiles/arch__common.dir/dynamic_isr.c.obj
[minimal-realtek:ro] [97/256] Building C object zephyr/arch/common/CMakeFiles/arch__common.dir/init.c.obj
[minimal-realtek:ro] [98/256] Building C object zephyr/arch/common/CMakeFiles/arch__common.dir/dynamic_isr.c.obj
[voltorb:ro] [364/386] Building C object zephyr/kernel/CMakeFiles/kernel.dir/float.c.obj
[dirks:ro] [256/372] Building C object CMakeFiles/app.dir/mnt/host/source/src/platform/ec/build/zephyr/dirks/modules/ec/common/adc.c.obj
[minimal-realtek:rw] [70/256] Building C object zephyr/arch/common/CMakeFiles/arch__common.dir/init.c.obj
[dirks:ro] [257/372] Building C object CMakeFiles/app.dir/mnt/host/source/src/platform/ec/build/zephyr/dirks/modules/ec/common/acpi.c.obj
[voltorb:ro] [365/386] Building C object zephyr/kernel/CMakeFiles/kernel.dir/mailbox.c.obj
[/mnt/host/source/src/platform/ec/build/zephyr/trulo-ti-lcov]   /mnt/host/source/src/platform/ec/build/zephyr/trulo-ti/build-rw/modules/ec/zephyr/CMakeFiles/ec_shim.dir/shim/src/usba.c.gcno:no functions found
[/mnt/host/source/src/platform/ec/build/zephyr/trulo-ti-lcov] stderr:
[voltorb:ro] [366/386] Building C object zephyr/kernel/CMakeFiles/kernel.dir/idle.c.obj
[voltorb:ro] [367/386] Building C object zephyr/kernel/CMakeFiles/kernel.dir/msg_q.c.obj
[voltorb:ro] [368/386] Building C object zephyr/kernel/CMakeFiles/kernel.dir/mutex.c.obj
[minimal-realtek:ro] [99/256] Building C object zephyr/arch/common/CMakeFiles/arch__common.dir/xip.c.obj
[minimal-realtek:ro] [100/256] Building C object zephyr/arch/common/CMakeFiles/isr_tables.dir/isr_tables.c.obj
[voltorb:ro] [369/386] Building C object zephyr/kernel/CMakeFiles/kernel.dir/sem.c.obj
[minimal-realtek:ro] [101/256] Linking C static library zephyr/arch/common/libisr_tables.a
[dirks:ro] [258/372] Building C object CMakeFiles/app.dir/mnt/host/source/src/platform/ec/build/zephyr/dirks/modules/ec/common/cbi_common.c.obj
[minimal-realtek:ro] [102/256] Linking C static library zephyr/arch/common/libarch__common.a
[voltorb:ro] [370/386] Building C object zephyr/kernel/CMakeFiles/kernel.dir/stack.c.obj
[minimal-realtek:rw] [71/256] Building C object zephyr/arch/common/CMakeFiles/arch__common.dir/xip.c.obj
[voltorb:ro] [371/386] Building C object zephyr/kernel/CMakeFiles/kernel.dir/system_work_q.c.obj
[voltorb:ro] [372/386] Building C object zephyr/kernel/CMakeFiles/kernel.dir/queue.c.obj
[dirks:ro] [259/372] Building C object CMakeFiles/app.dir/mnt/host/source/src/platform/ec/build/zephyr/dirks/modules/ec/common/charge_manager.c.obj
[dirks:ro] [260/372] Building C object CMakeFiles/app.dir/mnt/host/source/src/platform/ec/build/zephyr/dirks/modules/ec/common/cbi_config.c.obj
[minimal-realtek:ro] [103/256] Building C object zephyr/arch/arch/arm/core/CMakeFiles/arch__arm__core.dir/fatal.c.obj
[voltorb:ro] [373/386] Building C object zephyr/kernel/CMakeFiles/kernel.dir/condvar.c.obj
[dirks:ro] [261/372] Building C object CMakeFiles/app.dir/mnt/host/source/src/platform/ec/build/zephyr/dirks/modules/ec/common/cbi.c.obj
[voltorb:ro] [374/386] Building C object zephyr/kernel/CMakeFiles/kernel.dir/work.c.obj
[minimal-realtek:ro] [104/256] Building C object zephyr/arch/arch/arm/core/CMakeFiles/arch__arm__core.dir/nmi.c.obj
[minimal-realtek:ro] [105/256] Building ASM object zephyr/arch/arch/arm/core/CMakeFiles/arch__arm__core.dir/nmi_on_reset.S.obj
[minimal-realtek:rw] [72/256] Building C object zephyr/arch/common/CMakeFiles/isr_tables.dir/isr_tables.c.obj
[voltorb:ro] [375/386] Building C object zephyr/kernel/CMakeFiles/kernel.dir/thread.c.obj
[minimal-realtek:ro] [106/256] Linking C static library zephyr/arch/arch/arm/core/libarch__arm__core.a
[minimal-realtek:rw] [73/256] Linking C static library zephyr/arch/common/libisr_tables.a
[voltorb:ro] [376/386] Building C object zephyr/kernel/CMakeFiles/kernel.dir/sched.c.obj
[minimal-realtek:rw] [74/256] Linking C static library zephyr/arch/common/libarch__common.a
[voltorb:ro] [377/386] Building C object zephyr/kernel/CMakeFiles/kernel.dir/pipe.c.obj
[dirks:ro] [262/372] Building C object CMakeFiles/app.dir/mnt/host/source/src/platform/ec/build/zephyr/dirks/modules/ec/common/cec.c.obj
[voltorb:ro] [378/386] Building C object zephyr/kernel/CMakeFiles/kernel.dir/spinlock_validate.c.obj
[voltorb:ro] [379/386] Building C object zephyr/kernel/CMakeFiles/kernel.dir/thread_monitor.c.obj
[minimal-realtek:ro] [107/256] Building C object zephyr/arch/arch/arm/core/cortex_m/CMakeFiles/arch__arm__core__cortex_m.dir/exc_exit.c.obj
[voltorb:ro] [380/386] Building C object zephyr/kernel/CMakeFiles/kernel.dir/timeout.c.obj
[dirks:ro] [263/372] Building C object CMakeFiles/app.dir/mnt/host/source/src/platform/ec/build/zephyr/dirks/modules/ec/driver/cec/it83xx.c.obj
[dirks:ro] [264/372] Building C object CMakeFiles/app.dir/mnt/host/source/src/platform/ec/build/zephyr/dirks/modules/ec/driver/cec/bitbang.c.obj
[minimal-realtek:ro] [108/256] Building ASM object zephyr/arch/arch/arm/core/cortex_m/CMakeFiles/arch__arm__core__cortex_m.dir/fault_s.S.obj
[minimal-realtek:ro] [109/256] Building C object zephyr/arch/arch/arm/core/cortex_m/CMakeFiles/arch__arm__core__cortex_m.dir/fault.c.obj
[/mnt/host/source/src/platform/ec/build/zephyr/trulo-ti-lcov]   /mnt/host/source/src/platform/ec/build/zephyr/trulo-ti/build-rw/modules/ec/zephyr/CMakeFiles/ec_shim.dir/drivers/keyboard_input/keyboard_customization_check.c.gcno:no functions found
[/mnt/host/source/src/platform/ec/build/zephyr/trulo-ti-lcov] stderr:
[voltorb:ro] [381/386] Building C object zephyr/kernel/CMakeFiles/kernel.dir/events.c.obj
[dirks:ro] [265/372] Building C object CMakeFiles/app.dir/mnt/host/source/src/platform/ec/build/zephyr/dirks/modules/ec/common/memory_commands.c.obj
[voltorb:ro] [382/386] Building C object zephyr/kernel/CMakeFiles/kernel.dir/timer.c.obj
[minimal-realtek:rw] [75/256] Building C object zephyr/arch/arch/arm/core/CMakeFiles/arch__arm__core.dir/fatal.c.obj
[voltorb:ro] [383/386] Building C object zephyr/kernel/CMakeFiles/kernel.dir/poll.c.obj
[voltorb:ro] [384/386] Building C object zephyr/kernel/CMakeFiles/kernel.dir/mempool.c.obj
[minimal-realtek:rw] [76/256] Building ASM object zephyr/arch/arch/arm/core/CMakeFiles/arch__arm__core.dir/nmi_on_reset.S.obj
[minimal-realtek:rw] [77/256] Building C object zephyr/arch/arch/arm/core/CMakeFiles/arch__arm__core.dir/nmi.c.obj
[voltorb:ro] [385/386] Building C object zephyr/kernel/CMakeFiles/kernel.dir/dynamic_disabled.c.obj
[minimal-realtek:rw] [78/256] Linking C static library zephyr/arch/arch/arm/core/libarch__arm__core.a
[minimal-realtek:rw] [79/256] Building ASM object zephyr/arch/arch/arm/core/cortex_m/CMakeFiles/arch__arm__core__cortex_m.dir/fault_s.S.obj
[voltorb:ro] [386/386] Linking C static library zephyr/kernel/libkernel.a
[dirks:ro] [266/372] Building C object CMakeFiles/app.dir/mnt/host/source/src/platform/ec/build/zephyr/dirks/modules/ec/common/ap_reset_log.c.obj
[minimal-realtek:ro] [110/256] Building C object zephyr/arch/arch/arm/core/cortex_m/CMakeFiles/arch__arm__core__cortex_m.dir/fpu.c.obj
[minimal-realtek:ro] [111/256] Building C object zephyr/arch/arch/arm/core/cortex_m/CMakeFiles/arch__arm__core__cortex_m.dir/scb.c.obj
[minimal-realtek:rw] [80/256] Building C object zephyr/arch/arch/arm/core/cortex_m/CMakeFiles/arch__arm__core__cortex_m.dir/exc_exit.c.obj
[minimal-realtek:ro] [112/256] Building ASM object zephyr/arch/arch/arm/core/cortex_m/CMakeFiles/arch__arm__core__cortex_m.dir/reset.S.obj
[dirks:ro] [267/372] Building C object CMakeFiles/app.dir/mnt/host/source/src/platform/ec/build/zephyr/dirks/modules/ec/common/dptf.c.obj
[dirks:ro] [268/372] Building C object CMakeFiles/app.dir/mnt/host/source/src/platform/ec/build/zephyr/dirks/modules/ec/common/espi.c.obj
[dirks:ro] [269/372] Building C object CMakeFiles/app.dir/mnt/host/source/src/platform/ec/build/zephyr/dirks/modules/ec/common/flash.c.obj
[minimal-realtek:rw] [81/256] Building C object zephyr/arch/arch/arm/core/cortex_m/CMakeFiles/arch__arm__core__cortex_m.dir/fpu.c.obj
[minimal-realtek:ro] [113/256] Building C object zephyr/arch/arch/arm/core/cortex_m/CMakeFiles/arch__arm__core__cortex_m.dir/thread_abort.c.obj
[minimal-realtek:rw] [82/256] Building ASM object zephyr/arch/arch/arm/core/cortex_m/CMakeFiles/arch__arm__core__cortex_m.dir/reset.S.obj
[minimal-realtek:rw] [83/256] Building C object zephyr/arch/arch/arm/core/cortex_m/CMakeFiles/arch__arm__core__cortex_m.dir/fault.c.obj
[minimal-realtek:ro] [114/256] Building ASM object zephyr/arch/arch/arm/core/cortex_m/CMakeFiles/arch__arm__core__cortex_m.dir/vector_table.S.obj
[minimal-realtek:rw] [84/256] Building C object zephyr/arch/arch/arm/core/cortex_m/CMakeFiles/arch__arm__core__cortex_m.dir/scb.c.obj
[minimal-realtek:ro] [115/256] Building ASM object zephyr/arch/arch/arm/core/cortex_m/CMakeFiles/arch__arm__core__cortex_m.dir/swap_helper.S.obj
[minimal-realtek:rw] [85/256] Building C object zephyr/arch/arch/arm/core/cortex_m/CMakeFiles/arch__arm__core__cortex_m.dir/thread_abort.c.obj
[dirks:ro] [270/372] Building C object CMakeFiles/app.dir/mnt/host/source/src/platform/ec/build/zephyr/dirks/modules/ec/common/host_command.c.obj
[minimal-realtek:ro] [116/256] Building C object zephyr/arch/arch/arm/core/cortex_m/CMakeFiles/arch__arm__core__cortex_m.dir/irq_manage.c.obj
[minimal-realtek:rw] [86/256] Building ASM object zephyr/arch/arch/arm/core/cortex_m/CMakeFiles/arch__arm__core__cortex_m.dir/vector_table.S.obj
[dirks:ro] [271/372] Building C object CMakeFiles/app.dir/mnt/host/source/src/platform/ec/build/zephyr/dirks/modules/ec/common/host_command_task.c.obj
[dirks:ro] [272/372] Building C object CMakeFiles/app.dir/mnt/host/source/src/platform/ec/build/zephyr/dirks/modules/ec/common/uart_hostcmd.c.obj
[minimal-realtek:rw] [87/256] Building C object zephyr/arch/arch/arm/core/cortex_m/CMakeFiles/arch__arm__core__cortex_m.dir/prep_c.c.obj
[minimal-realtek:rw] [88/256] Building ASM object zephyr/arch/arch/arm/core/cortex_m/CMakeFiles/arch__arm__core__cortex_m.dir/swap_helper.S.obj
[minimal-realtek:ro] [117/256] Building C object zephyr/arch/arch/arm/core/cortex_m/CMakeFiles/arch__arm__core__cortex_m.dir/prep_c.c.obj
[minimal-realtek:ro] [118/256] Building C object zephyr/arch/arch/arm/core/cortex_m/CMakeFiles/arch__arm__core__cortex_m.dir/thread.c.obj
[dirks:ro] [273/372] Building C object CMakeFiles/app.dir/mnt/host/source/src/platform/ec/build/zephyr/dirks/modules/ec/common/host_event_commands.c.obj
[minimal-realtek:rw] [89/256] Building C object zephyr/arch/arch/arm/core/cortex_m/CMakeFiles/arch__arm__core__cortex_m.dir/irq_manage.c.obj
[dirks:ro] [274/372] Building C object CMakeFiles/app.dir/mnt/host/source/src/platform/ec/build/zephyr/dirks/modules/ec/common/uptime.c.obj
[minimal-realtek:ro] [119/256] Building C object zephyr/arch/arch/arm/core/cortex_m/CMakeFiles/arch__arm__core__cortex_m.dir/cpu_idle.c.obj
[minimal-realtek:rw] [90/256] Building C object zephyr/arch/arch/arm/core/cortex_m/CMakeFiles/arch__arm__core__cortex_m.dir/thread.c.obj
[minimal-realtek:ro] [120/256] Building C object zephyr/arch/arch/arm/core/cortex_m/CMakeFiles/arch__arm__core__cortex_m.dir/irq_init.c.obj
[minimal-realtek:rw] [91/256] Generating ../../../include/generated/libc/minimal/strerror_table.h
[dirks:ro] [275/372] Building C object CMakeFiles/app.dir/mnt/host/source/src/platform/ec/build/zephyr/dirks/modules/ec/common/i2c_controller.c.obj
[minimal-realtek:ro] [121/256] Generating ../../../include/generated/libc/minimal/strerror_table.h
[/mnt/host/source/src/platform/ec/build/zephyr/trulo-ti-lcov]   /mnt/host/source/src/platform/ec/build/zephyr/trulo-ti/build-rw/modules/ec/zephyr/drivers/pw_transport/CMakeFiles/pw_transport.proto.nanopb.dir/pw_transport.proto/nanopb/pw_transport/proto/transport.pb.c.gcno:no functions found
[/mnt/host/source/src/platform/ec/build/zephyr/trulo-ti-lcov] stderr:
[minimal-realtek:rw] [92/256] Building C object zephyr/arch/arch/arm/core/cortex_m/CMakeFiles/arch__arm__core__cortex_m.dir/cpu_idle.c.obj
[minimal-realtek:ro] [122/256] Building C object zephyr/lib/libc/minimal/CMakeFiles/lib__libc__minimal.dir/source/stdlib/atoi.c.obj
[minimal-realtek:rw] [93/256] Building C object zephyr/lib/libc/minimal/CMakeFiles/lib__libc__minimal.dir/source/stdlib/atoi.c.obj
[minimal-realtek:rw] [94/256] Building C object zephyr/lib/libc/minimal/CMakeFiles/lib__libc__minimal.dir/source/stdlib/strtol.c.obj
[minimal-realtek:rw] [95/256] Building C object zephyr/arch/arch/arm/core/cortex_m/CMakeFiles/arch__arm__core__cortex_m.dir/irq_init.c.obj
[minimal-realtek:rw] [96/256] Building C object zephyr/lib/libc/minimal/CMakeFiles/lib__libc__minimal.dir/source/stdlib/strtoul.c.obj
[dirks:ro] [276/372] Building C object CMakeFiles/app.dir/mnt/host/source/src/platform/ec/build/zephyr/dirks/modules/ec/common/i2c_passthru.c.obj
[minimal-realtek:ro] [123/256] Building C object zephyr/lib/libc/minimal/CMakeFiles/lib__libc__minimal.dir/source/stdlib/strtol.c.obj
[minimal-realtek:ro] [124/256] Building C object zephyr/arch/arch/arm/core/cortex_m/cmse/CMakeFiles/arch__arm__core__cortex_m__cmse.dir/arm_core_cmse.c.obj
[minimal-realtek:rw] [97/256] Building C object zephyr/arch/arch/arm/core/cortex_m/cmse/CMakeFiles/arch__arm__core__cortex_m__cmse.dir/arm_core_cmse.c.obj
[minimal-realtek:rw] [98/256] Building C object zephyr/arch/arch/arm/core/cortex_m/CMakeFiles/arch__arm__core__cortex_m.dir/isr_wrapper.c.obj
[minimal-realtek:ro] [125/256] Building C object zephyr/arch/arch/arm/core/cortex_m/CMakeFiles/arch__arm__core__cortex_m.dir/isr_wrapper.c.obj
[minimal-realtek:rw] [99/256] Building C object zephyr/lib/libc/minimal/CMakeFiles/lib__libc__minimal.dir/source/stdlib/bsearch.c.obj
[minimal-realtek:rw] [100/256] Linking C static library zephyr/arch/arch/arm/core/cortex_m/cmse/libarch__arm__core__cortex_m__cmse.a
[minimal-realtek:rw] [101/256] Building C object zephyr/lib/libc/minimal/CMakeFiles/lib__libc__minimal.dir/source/stdlib/strtoull.c.obj
[minimal-realtek:ro] [126/256] Linking C static library zephyr/arch/arch/arm/core/cortex_m/cmse/libarch__arm__core__cortex_m__cmse.a
[minimal-realtek:rw] [102/256] Linking C static library zephyr/arch/arch/arm/core/cortex_m/libarch__arm__core__cortex_m.a
[minimal-realtek:rw] [103/256] Building C object zephyr/lib/libc/minimal/CMakeFiles/lib__libc__minimal.dir/source/stdlib/strtoll.c.obj
[minimal-realtek:ro] [127/256] Linking C static library zephyr/arch/arch/arm/core/cortex_m/libarch__arm__core__cortex_m.a
[minimal-realtek:ro] [128/256] Building C object zephyr/lib/libc/common/CMakeFiles/lib__libc__common.dir/source/stdlib/abort.c.obj
[dirks:ro] [277/372] Building C object CMakeFiles/app.dir/mnt/host/source/src/platform/ec/build/zephyr/dirks/modules/ec/common/mkbp_fifo.c.obj
[minimal-realtek:ro] [129/256] Building C object zephyr/lib/libc/minimal/CMakeFiles/lib__libc__minimal.dir/source/stdlib/strtoul.c.obj
[minimal-realtek:ro] [130/256] Building C object zephyr/lib/libc/minimal/CMakeFiles/lib__libc__minimal.dir/source/stdlib/strtoll.c.obj
[dirks:ro] [278/372] Building C object CMakeFiles/app.dir/mnt/host/source/src/platform/ec/build/zephyr/dirks/modules/ec/common/led_common.c.obj
[minimal-realtek:rw] [104/256] Building C object zephyr/lib/libc/minimal/CMakeFiles/lib__libc__minimal.dir/source/string/strncasecmp.c.obj
[dirks:ro] [279/372] Building C object CMakeFiles/app.dir/mnt/host/source/src/platform/ec/build/zephyr/dirks/modules/ec/common/mkbp_info.c.obj
[minimal-realtek:rw] [105/256] Building C object zephyr/lib/libc/minimal/CMakeFiles/lib__libc__minimal.dir/source/string/strstr.c.obj
[minimal-realtek:ro] [131/256] Building C object zephyr/lib/libc/minimal/CMakeFiles/lib__libc__minimal.dir/source/stdlib/bsearch.c.obj
[minimal-realtek:ro] [132/256] Building C object zephyr/lib/libc/minimal/CMakeFiles/lib__libc__minimal.dir/source/stdlib/strtoull.c.obj
[minimal-realtek:rw] [106/256] Building C object zephyr/lib/libc/minimal/CMakeFiles/lib__libc__minimal.dir/source/stdlib/qsort.c.obj
[minimal-realtek:rw] [107/256] Building C object zephyr/lib/libc/minimal/CMakeFiles/lib__libc__minimal.dir/source/string/strerror.c.obj
[dirks:ro] [280/372] Building C object CMakeFiles/app.dir/mnt/host/source/src/platform/ec/build/zephyr/dirks/modules/ec/common/mkbp_input_devices.c.obj
[minimal-realtek:rw] [108/256] Building C object zephyr/lib/libc/minimal/CMakeFiles/lib__libc__minimal.dir/source/string/strspn.c.obj
[minimal-realtek:rw] [109/256] Building C object zephyr/lib/libc/minimal/CMakeFiles/lib__libc__minimal.dir/source/string/string.c.obj
[minimal-realtek:ro] [133/256] Building C object zephyr/lib/libc/minimal/CMakeFiles/lib__libc__minimal.dir/source/stdlib/qsort.c.obj
[minimal-realtek:rw] [110/256] Building C object zephyr/lib/libc/minimal/CMakeFiles/lib__libc__minimal.dir/source/stdlib/exit.c.obj
[minimal-realtek:ro] [134/256] Building C object zephyr/lib/libc/minimal/CMakeFiles/lib__libc__minimal.dir/source/string/strncasecmp.c.obj
[dirks:ro] [281/372] Building C object CMakeFiles/app.dir/mnt/host/source/src/platform/ec/build/zephyr/dirks/modules/ec/common/port80.c.obj
[minimal-realtek:ro] [135/256] Building C object zephyr/lib/libc/minimal/CMakeFiles/lib__libc__minimal.dir/source/string/strerror.c.obj
[dirks:ro] [282/372] Building C object CMakeFiles/app.dir/mnt/host/source/src/platform/ec/build/zephyr/dirks/modules/ec/common/mkbp_event.c.obj
[minimal-realtek:ro] [136/256] Building C object zephyr/lib/libc/minimal/CMakeFiles/lib__libc__minimal.dir/source/string/strstr.c.obj
[minimal-realtek:ro] [137/256] Building C object zephyr/lib/libc/minimal/CMakeFiles/lib__libc__minimal.dir/source/string/string.c.obj
[minimal-realtek:ro] [138/256] Building C object zephyr/lib/libc/minimal/CMakeFiles/lib__libc__minimal.dir/source/stdlib/exit.c.obj
[minimal-realtek:ro] [139/256] Building C object zephyr/lib/libc/minimal/CMakeFiles/lib__libc__minimal.dir/source/string/strspn.c.obj
[minimal-realtek:rw] [111/256] Building C object zephyr/lib/libc/minimal/CMakeFiles/lib__libc__minimal.dir/source/math/sqrtf.c.obj
[minimal-realtek:rw] [112/256] Building C object zephyr/lib/libc/minimal/CMakeFiles/lib__libc__minimal.dir/source/math/sqrt.c.obj
[minimal-realtek:rw] [113/256] Building C object zephyr/lib/libc/minimal/CMakeFiles/lib__libc__minimal.dir/source/stdout/fprintf.c.obj
[minimal-realtek:rw] [114/256] Building C object zephyr/lib/libc/minimal/CMakeFiles/lib__libc__minimal.dir/source/stdout/sprintf.c.obj
[minimal-realtek:rw] [115/256] Building C object zephyr/lib/libc/minimal/CMakeFiles/lib__libc__minimal.dir/source/stdout/stdout_console.c.obj
[dirks:ro] [283/372] Building C object CMakeFiles/app.dir/mnt/host/source/src/platform/ec/build/zephyr/dirks/modules/ec/driver/sha256/sha256_it8xxx2.c.obj
[minimal-realtek:rw] [116/256] Building C object zephyr/lib/libc/common/CMakeFiles/lib__libc__common.dir/source/time/gmtime_r.c.obj
[minimal-realtek:ro] [140/256] Building C object zephyr/lib/libc/minimal/CMakeFiles/lib__libc__minimal.dir/source/stdout/sprintf.c.obj
[dirks:ro] [284/372] Building C object CMakeFiles/app.dir/mnt/host/source/src/platform/ec/build/zephyr/dirks/modules/ec/common/panic_output.c.obj
[dirks:ro] [285/372] Building C object CMakeFiles/app.dir/mnt/host/source/src/platform/ec/build/zephyr/dirks/modules/ec/common/shared_mem.c.obj
[minimal-realtek:ro] [141/256] Building C object zephyr/lib/libc/minimal/CMakeFiles/lib__libc__minimal.dir/source/math/sqrtf.c.obj
[minimal-realtek:rw] [117/256] Building C object zephyr/lib/libc/common/CMakeFiles/lib__libc__common.dir/source/time/localtime_r_utc.c.obj
[minimal-realtek:rw] [118/256] Building C object zephyr/lib/libc/common/CMakeFiles/lib__libc__common.dir/source/time/asctime.c.obj
[dirks:ro] [286/372] Building C object CMakeFiles/app.dir/mnt/host/source/src/platform/ec/build/zephyr/dirks/modules/ec/common/power_button.c.obj
[minimal-realtek:ro] [142/256] Building C object zephyr/lib/libc/minimal/CMakeFiles/lib__libc__minimal.dir/source/stdout/stdout_console.c.obj
[minimal-realtek:ro] [143/256] Building C object zephyr/lib/libc/minimal/CMakeFiles/lib__libc__minimal.dir/source/stdout/fprintf.c.obj
[minimal-realtek:rw] [119/256] Building C object zephyr/lib/libc/common/CMakeFiles/lib__libc__common.dir/source/time/ctime.c.obj
[minimal-realtek:ro] [144/256] Building C object zephyr/lib/libc/common/CMakeFiles/lib__libc__common.dir/source/time/gmtime_r.c.obj
[dirks:ro] [287/372] Building C object CMakeFiles/app.dir/mnt/host/source/src/platform/ec/build/zephyr/dirks/modules/ec/common/switch.c.obj
[minimal-realtek:rw] [120/256] Building C object zephyr/lib/libc/common/CMakeFiles/lib__libc__common.dir/source/stdlib/abort.c.obj
[minimal-realtek:ro] [145/256] Building C object zephyr/lib/libc/minimal/CMakeFiles/lib__libc__minimal.dir/source/math/sqrt.c.obj
[minimal-realtek:rw] [121/256] Building C object zephyr/lib/libc/minimal/CMakeFiles/lib__libc__minimal.dir/source/time/gmtime.c.obj
[minimal-realtek:rw] [122/256] Building C object zephyr/lib/libc/common/CMakeFiles/lib__libc__common.dir/source/string/strnlen.c.obj
[minimal-realtek:rw] [123/256] Building C object zephyr/lib/libc/common/CMakeFiles/lib__libc__common.dir/source/time/time.c.obj
[minimal-realtek:rw] [124/256] Linking C static library zephyr/lib/libc/minimal/liblib__libc__minimal.a
[minimal-realtek:ro] [146/256] Building C object zephyr/lib/libc/common/CMakeFiles/lib__libc__common.dir/source/time/asctime.c.obj
[dirks:ro] [288/372] Building C object CMakeFiles/app.dir/mnt/host/source/src/platform/ec/build/zephyr/dirks/modules/ec/common/thermal.c.obj
[minimal-realtek:rw] [125/256] Building C object zephyr/lib/posix/c_lib_ext/CMakeFiles/lib__posix__c_lib_ext.dir/fnmatch.c.obj
[minimal-realtek:ro] [147/256] Building C object zephyr/lib/libc/minimal/CMakeFiles/lib__libc__minimal.dir/source/time/gmtime.c.obj
[minimal-realtek:rw] [126/256] Building C object zephyr/subsys/crc/CMakeFiles/subsys__crc.dir/crc4_sw.c.obj
[minimal-realtek:ro] [148/256] Building C object zephyr/lib/libc/common/CMakeFiles/lib__libc__common.dir/source/time/localtime_r_utc.c.obj
[minimal-realtek:ro] [149/256] Building C object zephyr/lib/libc/common/CMakeFiles/lib__libc__common.dir/source/time/ctime.c.obj
[minimal-realtek:rw] [127/256] Building C object zephyr/subsys/crc/CMakeFiles/subsys__crc.dir/crc8_sw.c.obj
[minimal-realtek:ro] [150/256] Linking C static library zephyr/lib/libc/minimal/liblib__libc__minimal.a
[minimal-realtek:rw] [128/256] Building C object zephyr/lib/libc/common/CMakeFiles/lib__libc__common.dir/source/stdlib/malloc.c.obj
[minimal-realtek:rw] [129/256] Building C object zephyr/subsys/crc/CMakeFiles/subsys__crc.dir/crc16_sw.c.obj
[minimal-realtek:ro] [151/256] Building C object zephyr/lib/libc/common/CMakeFiles/lib__libc__common.dir/source/time/time.c.obj
[dirks:ro] [289/372] Building C object CMakeFiles/app.dir/mnt/host/source/src/platform/ec/build/zephyr/dirks/modules/ec/common/temp_sensor.c.obj
[minimal-realtek:rw] [130/256] Linking C static library zephyr/lib/libc/common/liblib__libc__common.a
[minimal-realtek:rw] [131/256] Building C object zephyr/subsys/crc/CMakeFiles/subsys__crc.dir/crc7_sw.c.obj
[minimal-realtek:ro] [152/256] Building C object zephyr/lib/libc/common/CMakeFiles/lib__libc__common.dir/source/string/strnlen.c.obj
[minimal-realtek:rw] [132/256] Building C object zephyr/lib/posix/c_lib_ext/CMakeFiles/lib__posix__c_lib_ext.dir/getentropy.c.obj
[minimal-realtek:rw] [133/256] Building C object zephyr/subsys/crc/CMakeFiles/subsys__crc.dir/crc24_sw.c.obj
[minimal-realtek:rw] [134/256] Building C object zephyr/lib/posix/c_lib_ext/CMakeFiles/lib__posix__c_lib_ext.dir/getopt_shim.c.obj
[dirks:ro] [290/372] Building C object CMakeFiles/app.dir/mnt/host/source/src/platform/ec/build/zephyr/dirks/modules/ec/common/throttle_ap.c.obj
[minimal-realtek:ro] [153/256] Building C object zephyr/lib/posix/c_lib_ext/CMakeFiles/lib__posix__c_lib_ext.dir/fnmatch.c.obj
[minimal-realtek:rw] [135/256] Building C object zephyr/subsys/crc/CMakeFiles/subsys__crc.dir/crc32c_sw.c.obj
[minimal-realtek:rw] [136/256] Building C object zephyr/subsys/crc/CMakeFiles/subsys__crc.dir/crc32k_4_2_sw.c.obj
[minimal-realtek:rw] [137/256] Building C object zephyr/subsys/crc/CMakeFiles/subsys__crc.dir/crc32_sw.c.obj
[minimal-realtek:rw] [138/256] Building C object zephyr/drivers/interrupt_controller/CMakeFiles/drivers__interrupt_controller.dir/mnt/host/source/src/third_party/zephyr/main/misc/empty_file.c.obj
[minimal-realtek:rw] [139/256] Linking C static library zephyr/lib/posix/c_lib_ext/liblib__posix__c_lib_ext.a
[minimal-realtek:ro] [154/256] Building C object zephyr/subsys/crc/CMakeFiles/subsys__crc.dir/crc4_sw.c.obj
[dirks:ro] [291/372] Building C object CMakeFiles/app.dir/mnt/host/source/src/platform/ec/build/zephyr/dirks/modules/ec/driver/temp_sensor/thermistor.c.obj
[dirks:ro] [292/372] Building C object CMakeFiles/app.dir/mnt/host/source/src/platform/ec/build/zephyr/dirks/modules/ec/common/timer.c.obj
[minimal-realtek:rw] [140/256] Linking C static library zephyr/subsys/crc/libsubsys__crc.a
[minimal-realtek:rw] [141/256] Linking C static library zephyr/drivers/interrupt_controller/libdrivers__interrupt_controller.a
[minimal-realtek:ro] [155/256] Building C object zephyr/lib/libc/common/CMakeFiles/lib__libc__common.dir/source/stdlib/malloc.c.obj
[dirks:ro] [293/372] Building C object CMakeFiles/app.dir/mnt/host/source/src/platform/ec/build/zephyr/dirks/modules/ec/common/usb_port_power_dumb.c.obj
[minimal-realtek:ro] [156/256] Linking C static library zephyr/lib/libc/common/liblib__libc__common.a
[minimal-realtek:ro] [157/256] Building C object zephyr/lib/posix/c_lib_ext/CMakeFiles/lib__posix__c_lib_ext.dir/getentropy.c.obj
[minimal-realtek:ro] [158/256] Building C object zephyr/subsys/crc/CMakeFiles/subsys__crc.dir/crc8_sw.c.obj
[minimal-realtek:ro] [159/256] Building C object zephyr/subsys/crc/CMakeFiles/subsys__crc.dir/crc16_sw.c.obj
[minimal-realtek:ro] [160/256] Building C object zephyr/subsys/crc/CMakeFiles/subsys__crc.dir/crc7_sw.c.obj
[minimal-realtek:ro] [161/256] Building C object zephyr/subsys/crc/CMakeFiles/subsys__crc.dir/crc24_sw.c.obj
[dirks:ro] [294/372] Building C object CMakeFiles/app.dir/mnt/host/source/src/platform/ec/build/zephyr/dirks/modules/ec/common/typec_control.c.obj
[minimal-realtek:rw] [142/256] Building C object zephyr/drivers/clock_control/CMakeFiles/drivers__clock_control.dir/clock_control_rts5912_sccon.c.obj
[minimal-realtek:rw] [143/256] Building C object zephyr/drivers/console/CMakeFiles/drivers__console.dir/uart_console.c.obj
[minimal-realtek:ro] [162/256] Building C object zephyr/lib/posix/c_lib_ext/CMakeFiles/lib__posix__c_lib_ext.dir/getopt_shim.c.obj
[minimal-realtek:ro] [163/256] Building C object zephyr/subsys/crc/CMakeFiles/subsys__crc.dir/crc32c_sw.c.obj
[minimal-realtek:ro] [164/256] Building C object zephyr/subsys/crc/CMakeFiles/subsys__crc.dir/crc32k_4_2_sw.c.obj
[minimal-realtek:ro] [165/256] Building C object zephyr/subsys/crc/CMakeFiles/subsys__crc.dir/crc32_sw.c.obj
[minimal-realtek:rw] [144/256] Building C object zephyr/drivers/bbram/CMakeFiles/drivers__bbram.dir/bbram_rts5912.c.obj
[minimal-realtek:rw] [145/256] Linking C static library zephyr/drivers/console/libdrivers__console.a
[minimal-realtek:rw] [146/256] Linking C static library zephyr/drivers/clock_control/libdrivers__clock_control.a
[minimal-realtek:rw] [147/256] Building C object zephyr/drivers/flash/CMakeFiles/drivers__flash.dir/flash_realtek_rts5912.c.obj
[minimal-realtek:ro] [166/256] Building C object zephyr/drivers/interrupt_controller/CMakeFiles/drivers__interrupt_controller.dir/mnt/host/source/src/third_party/zephyr/main/misc/empty_file.c.obj
[minimal-realtek:rw] [148/256] Linking C static library zephyr/drivers/bbram/libdrivers__bbram.a
[minimal-realtek:ro] [167/256] Linking C static library zephyr/lib/posix/c_lib_ext/liblib__posix__c_lib_ext.a
[minimal-realtek:ro] [168/256] Linking C static library zephyr/subsys/crc/libsubsys__crc.a
[minimal-realtek:rw] [149/256] Building C object zephyr/drivers/counter/CMakeFiles/drivers__counter.dir/counter_realtek_rts5912.c.obj
[minimal-realtek:rw] [150/256] Linking C static library zephyr/drivers/flash/libdrivers__flash.a
[minimal-realtek:ro] [169/256] Linking C static library zephyr/drivers/interrupt_controller/libdrivers__interrupt_controller.a
[minimal-realtek:rw] [151/256] Linking C static library zephyr/drivers/counter/libdrivers__counter.a
[dirks:ro] [295/372] Building C object CMakeFiles/app.dir/mnt/host/source/src/platform/ec/build/zephyr/dirks/modules/ec/common/usb_pd_pdo.c.obj
[dirks:ro] [296/372] Building C object CMakeFiles/app.dir/mnt/host/source/src/platform/ec/build/zephyr/dirks/modules/ec/common/usb_common.c.obj
[dirks:ro] [297/372] Building C object CMakeFiles/app.dir/mnt/host/source/src/platform/ec/build/zephyr/dirks/modules/ec/common/usbc/usbc_task.c.obj
[dirks:ro] [298/372] Building C object CMakeFiles/app.dir/mnt/host/source/src/platform/ec/build/zephyr/dirks/modules/ec/common/usbc/usb_pd_timer.c.obj
[minimal-realtek:rw] [152/256] Building C object zephyr/drivers/pinctrl/CMakeFiles/drivers__pinctrl.dir/common.c.obj
[dirks:ro] [299/372] Building C object CMakeFiles/app.dir/mnt/host/source/src/platform/ec/build/zephyr/dirks/modules/ec/common/usbc/usb_sm.c.obj
[minimal-realtek:ro] [170/256] Building C object zephyr/drivers/console/CMakeFiles/drivers__console.dir/uart_console.c.obj
[minimal-realtek:rw] [153/256] Building C object zephyr/drivers/syscon/CMakeFiles/drivers__syscon.dir/mnt/host/source/src/third_party/zephyr/main/misc/empty_file.c.obj
[minimal-realtek:ro] [171/256] Building C object zephyr/drivers/bbram/CMakeFiles/drivers__bbram.dir/bbram_rts5912.c.obj
[minimal-realtek:rw] [154/256] Building C object zephyr/drivers/pinctrl/CMakeFiles/drivers__pinctrl.dir/pinctrl_realtek_rts5912.c.obj
[minimal-realtek:rw] [155/256] Linking C static library zephyr/drivers/syscon/libdrivers__syscon.a
[minimal-realtek:ro] [172/256] Linking C static library zephyr/drivers/console/libdrivers__console.a
[minimal-realtek:rw] [156/256] Linking C static library zephyr/drivers/pinctrl/libdrivers__pinctrl.a
[minimal-realtek:ro] [173/256] Linking C static library zephyr/drivers/bbram/libdrivers__bbram.a
[minimal-realtek:ro] [174/256] Building C object zephyr/drivers/counter/CMakeFiles/drivers__counter.dir/counter_realtek_rts5912.c.obj
[dirks:ro] [300/372] Building C object CMakeFiles/app.dir/mnt/host/source/src/platform/ec/build/zephyr/dirks/modules/ec/common/usbc_intr_task.c.obj
[minimal-realtek:rw] [157/256] Building C object zephyr/drivers/serial/CMakeFiles/drivers__serial.dir/uart_realtek_rts5912.c.obj
[minimal-realtek:rw] [158/256] Building C object zephyr/drivers/serial/CMakeFiles/drivers__serial.dir/uart_ns16550.c.obj
[minimal-realtek:ro] [175/256] Linking C static library zephyr/drivers/counter/libdrivers__counter.a
[minimal-realtek:ro] [176/256] Building C object zephyr/drivers/clock_control/CMakeFiles/drivers__clock_control.dir/clock_control_rts5912_sccon.c.obj
[minimal-realtek:rw] [159/256] Linking C static library zephyr/drivers/serial/libdrivers__serial.a
[minimal-realtek:ro] [177/256] Linking C static library zephyr/drivers/clock_control/libdrivers__clock_control.a
[minimal-realtek:rw] [160/256] Building C object zephyr/drivers/gpio/CMakeFiles/drivers__gpio.dir/gpio_rts5912.c.obj
[minimal-realtek:rw] [161/256] Building C object zephyr/drivers/timer/CMakeFiles/drivers__timer.dir/sys_clock_init.c.obj
[dirks:ro] [301/372] Building C object CMakeFiles/app.dir/mnt/host/source/src/platform/ec/build/zephyr/dirks/modules/ec/common/usb_pd_flags.c.obj
[minimal-realtek:rw] [162/256] Linking C static library zephyr/drivers/gpio/libdrivers__gpio.a
[minimal-realtek:rw] [163/256] Building C object zephyr/drivers/timer/CMakeFiles/drivers__timer.dir/realtek_rts5912_rtmr.c.obj
[minimal-realtek:ro] [178/256] Building C object zephyr/drivers/pinctrl/CMakeFiles/drivers__pinctrl.dir/common.c.obj
[dirks:ro] [302/372] Building C object CMakeFiles/app.dir/mnt/host/source/src/platform/ec/build/zephyr/dirks/modules/ec/common/usbc_utils.c.obj
[dirks:ro] [303/372] Building C object CMakeFiles/app.dir/mnt/host/source/src/platform/ec/build/zephyr/dirks/modules/ec/common/chargen.c.obj
[minimal-realtek:rw] [164/256] Linking C static library zephyr/drivers/timer/libdrivers__timer.a
[dirks:ro] [304/372] Building C object CMakeFiles/app.dir/mnt/host/source/src/platform/ec/build/zephyr/dirks/modules/ec/common/usbc/usb_pd_console.c.obj
[minimal-realtek:rw] [165/256] Building C object zephyr/drivers/watchdog/CMakeFiles/drivers__watchdog.dir/wdt_counter.c.obj
[minimal-realtek:ro] [179/256] Building C object zephyr/drivers/flash/CMakeFiles/drivers__flash.dir/flash_realtek_rts5912.c.obj
[dirks:ro] [305/372] Building C object CMakeFiles/app.dir/mnt/host/source/src/platform/ec/build/zephyr/dirks/modules/ec/driver/retimer/ps8811.c.obj
[minimal-realtek:ro] [180/256] Building C object zephyr/drivers/pinctrl/CMakeFiles/drivers__pinctrl.dir/pinctrl_realtek_rts5912.c.obj
[minimal-realtek:ro] [181/256] Linking C static library zephyr/drivers/flash/libdrivers__flash.a
[minimal-realtek:ro] [182/256] Linking C static library zephyr/drivers/pinctrl/libdrivers__pinctrl.a
[minimal-realtek:rw] [166/256] Building C object zephyr/drivers/watchdog/CMakeFiles/drivers__watchdog.dir/wdt_shell.c.obj
[minimal-realtek:ro] [183/256] Building C object zephyr/drivers/gpio/CMakeFiles/drivers__gpio.dir/gpio_rts5912.c.obj
[minimal-realtek:rw] [167/256] Building C object zephyr/drivers/watchdog/CMakeFiles/drivers__watchdog.dir/wdt_rts5912.c.obj
[minimal-realtek:ro] [184/256] Building C object zephyr/drivers/syscon/CMakeFiles/drivers__syscon.dir/mnt/host/source/src/third_party/zephyr/main/misc/empty_file.c.obj
[minimal-realtek:rw] [168/256] Linking C static library zephyr/drivers/watchdog/libdrivers__watchdog.a
[minimal-realtek:ro] [185/256] Linking C static library zephyr/drivers/gpio/libdrivers__gpio.a
[minimal-realtek:ro] [186/256] Linking C static library zephyr/drivers/syscon/libdrivers__syscon.a
[minimal-realtek:ro] [187/256] Building C object zephyr/drivers/serial/CMakeFiles/drivers__serial.dir/uart_ns16550.c.obj
[dirks:ro] [306/372] Building C object CMakeFiles/app.dir/mnt/host/source/src/platform/ec/build/zephyr/dirks/modules/ec/driver/usb_mux/usb_mux.c.obj
[minimal-realtek:rw] [169/256] Building C object modules/ec/zephyr/CMakeFiles/ec_shim.dir/app/ec/main_shim.c.obj
[dirks:ro] [307/372] Building C object CMakeFiles/app.dir/mnt/host/source/src/platform/ec/build/zephyr/dirks/modules/ec/driver/usb_mux/virtual.c.obj
[minimal-realtek:rw] [170/256] Building C object modules/ec/zephyr/CMakeFiles/ec_shim.dir/app/ec/ec_app_main.c.obj
[minimal-realtek:ro] [188/256] Building C object zephyr/drivers/serial/CMakeFiles/drivers__serial.dir/uart_realtek_rts5912.c.obj
[minimal-realtek:rw] [171/256] Building C object modules/ec/zephyr/CMakeFiles/ec_shim.dir/drivers/cros_flash/cros_flash_rtk.c.obj
[minimal-realtek:rw] [172/256] Building C object modules/ec/zephyr/CMakeFiles/ec_shim.dir/drivers/cros_system/cros_system_rtk.c.obj
[minimal-realtek:ro] [189/256] Linking C static library zephyr/drivers/serial/libdrivers__serial.a
[minimal-realtek:ro] [190/256] Building C object zephyr/drivers/timer/CMakeFiles/drivers__timer.dir/sys_clock_init.c.obj
[minimal-realtek:rw] [173/256] Building C object modules/ec/zephyr/CMakeFiles/ec_shim.dir/shim/chip/rtk/clock.c.obj
[minimal-realtek:ro] [191/256] Building C object zephyr/drivers/timer/CMakeFiles/drivers__timer.dir/realtek_rts5912_rtmr.c.obj
[dirks:ro] [308/372] Building C object CMakeFiles/app.dir/mnt/host/source/src/platform/ec/build/zephyr/dirks/modules/ec/common/usbc/usb_tc_drp_acc_trysrc_sm.c.obj
[dirks:ro] [309/372] Building C object CMakeFiles/app.dir/mnt/host/source/src/platform/ec/build/zephyr/dirks/modules/ec/common/usbc/usb_prl_sm.c.obj
[minimal-realtek:ro] [192/256] Building C object zephyr/drivers/watchdog/CMakeFiles/drivers__watchdog.dir/wdt_counter.c.obj
[minimal-realtek:ro] [193/256] Linking C static library zephyr/drivers/timer/libdrivers__timer.a
[dirks:ro] [310/372] Building C object CMakeFiles/app.dir/mnt/host/source/src/platform/ec/build/zephyr/dirks/modules/ec/common/usbc/usb_pd_dpm.c.obj
[minimal-realtek:rw] [174/256] Building C object modules/ec/zephyr/CMakeFiles/ec_shim.dir/shim/chip/rtk/system_download_from_flash.c.obj
[minimal-realtek:rw] [175/256] Building C object modules/ec/zephyr/CMakeFiles/ec_shim.dir/shim/chip/rtk/system_external_storage.c.obj
[minimal-realtek:rw] [176/256] Building C object modules/ec/zephyr/CMakeFiles/ec_shim.dir/shim/core/cortex-m/panic.c.obj
[minimal-realtek:ro] [194/256] Building C object zephyr/drivers/watchdog/CMakeFiles/drivers__watchdog.dir/wdt_rts5912.c.obj
[dirks:ro] [311/372] Building C object CMakeFiles/app.dir/mnt/host/source/src/platform/ec/build/zephyr/dirks/modules/ec/common/usbc/usbc_pd_policy.c.obj
[dirks:ro] [312/372] Building C object CMakeFiles/app.dir/mnt/host/source/src/platform/ec/build/zephyr/dirks/modules/ec/common/usbc/usb_pe_drp_sm.c.obj
[minimal-realtek:rw] [177/256] Building C object modules/ec/zephyr/CMakeFiles/ec_shim.dir/shim/src/crc.c.obj
[minimal-realtek:rw] [178/256] Building C object modules/ec/zephyr/CMakeFiles/ec_shim.dir/shim/src/console.c.obj
[minimal-realtek:ro] [195/256] Building C object zephyr/drivers/watchdog/CMakeFiles/drivers__watchdog.dir/wdt_shell.c.obj
[minimal-realtek:rw] [179/256] Building C object modules/ec/zephyr/CMakeFiles/ec_shim.dir/shim/chip/rtk/power_policy.c.obj
[dirks:ro] [313/372] Building C object CMakeFiles/app.dir/mnt/host/source/src/platform/ec/build/zephyr/dirks/modules/ec/common/usbc/dp_alt_mode.c.obj
[minimal-realtek:ro] [196/256] Linking C static library zephyr/drivers/watchdog/libdrivers__watchdog.a
[minimal-realtek:ro] [197/256] Building C object modules/ec/zephyr/CMakeFiles/ec_shim.dir/app/ec/main_shim.c.obj
[minimal-realtek:ro] [198/256] Building C object modules/ec/zephyr/CMakeFiles/ec_shim.dir/app/ec/ec_app_main.c.obj
[minimal-realtek:rw] [180/256] Building C object modules/ec/zephyr/CMakeFiles/ec_shim.dir/shim/src/gpio.c.obj
[minimal-realtek:rw] [181/256] Building C object modules/ec/zephyr/CMakeFiles/ec_shim.dir/shim/src/panic_utils.c.obj
[minimal-realtek:rw] [182/256] Building C object modules/ec/zephyr/CMakeFiles/ec_shim.dir/shim/src/pm_state.c.obj
[dirks:ro] [314/372] Building C object CMakeFiles/app.dir/mnt/host/source/src/platform/ec/build/zephyr/dirks/modules/ec/common/usb_pd_host_cmd.c.obj
[minimal-realtek:ro] [199/256] Building C object modules/ec/zephyr/CMakeFiles/ec_shim.dir/drivers/cros_flash/cros_flash_rtk.c.obj
[minimal-realtek:rw] [183/256] Building C object modules/ec/zephyr/CMakeFiles/ec_shim.dir/shim/src/gpio_int.c.obj
[dirks:ro] [315/372] Building C object CMakeFiles/app.dir/mnt/host/source/src/platform/ec/build/zephyr/dirks/modules/ec/common/usb_pd_console_cmd.c.obj
[minimal-realtek:rw] [184/256] Building C object modules/ec/zephyr/CMakeFiles/ec_shim.dir/shim/src/cbi/cros_cbi.c.obj
[minimal-realtek:rw] [185/256] Building ASM object modules/ec/zephyr/CMakeFiles/ec_shim.dir/shim/src/libgcc_arm.S.obj
[dirks:ro] [316/372] Building C object CMakeFiles/app.dir/mnt/host/source/src/platform/ec/build/zephyr/dirks/modules/ec/common/usbc/usb_pd_host.c.obj
[dirks:ro] [317/372] Building C object CMakeFiles/app.dir/mnt/host/source/src/platform/ec/build/zephyr/dirks/modules/ec/zephyr/shim/src/tcpc.c.obj
[dirks:ro] [318/372] Building C object CMakeFiles/app.dir/mnt/host/source/src/platform/ec/build/zephyr/dirks/modules/ec/common/usbc/svdm_rsp_dfp_only.c.obj
[dirks:ro] [319/372] Building C object CMakeFiles/app.dir/mnt/host/source/src/platform/ec/build/zephyr/dirks/modules/ec/common/usb_pd_host_cmd_common.c.obj
[minimal-realtek:ro] [200/256] Building C object modules/ec/zephyr/CMakeFiles/ec_shim.dir/shim/chip/rtk/clock.c.obj
[minimal-realtek:ro] [201/256] Building C object modules/ec/zephyr/CMakeFiles/ec_shim.dir/drivers/cros_system/cros_system_rtk.c.obj
[minimal-realtek:rw] [186/256] Building C object modules/ec/zephyr/CMakeFiles/ec_shim.dir/shim/src/cbi/cbi_flash.c.obj
[minimal-realtek:ro] [202/256] Building C object modules/ec/zephyr/CMakeFiles/ec_shim.dir/shim/chip/rtk/system_external_storage.c.obj
[minimal-realtek:rw] [187/256] Building C object modules/ec/zephyr/CMakeFiles/ec_shim.dir/shim/src/system.c.obj
[minimal-realtek:ro] [203/256] Building C object modules/ec/zephyr/CMakeFiles/ec_shim.dir/shim/chip/rtk/system_download_from_flash.c.obj
[minimal-realtek:rw] [188/256] Building C object modules/ec/zephyr/CMakeFiles/ec_shim.dir/shim/src/flash.c.obj
[minimal-realtek:rw] [189/256] Building C object modules/ec/zephyr/CMakeFiles/ec_shim.dir/shim/src/hooks.c.obj
[dirks:ro] [320/372] Building C object CMakeFiles/app.dir/mnt/host/source/src/platform/ec/build/zephyr/dirks/modules/ec/common/usbc_ocp.c.obj
[minimal-realtek:rw] [190/256] Building C object modules/ec/zephyr/CMakeFiles/ec_shim.dir/shim/src/panic.c.obj
[minimal-realtek:ro] [204/256] Building C object modules/ec/zephyr/CMakeFiles/ec_shim.dir/shim/src/crc.c.obj
[minimal-realtek:ro] [205/256] Building C object modules/ec/zephyr/CMakeFiles/ec_shim.dir/shim/core/cortex-m/panic.c.obj
[minimal-realtek:rw] [191/256] cd /mnt/host/source/src/platform/ec/build/zephyr/minimal-realtek/build-rw/modules/ec/zephyr && PYTHONPATH=/mnt/host/source/src/platform/ec/build/zephyr/minimal-realtek/modules/ec/zephyr/zmake/ /usr/bin/python3.11 /mnt/host/source/src/platform/ec/build/zephyr/minimal-realtek/modules/ec/zephyr/zmake/zephyr_build_tools/generate_ec_version.py /mnt/host/source/src/platform/ec/build/zephyr/minimal-realtek/build-rw/modules/ec/zephyr/include/ec_version.h --name Zephyr-Kernel --version 16543.0.0 --static
[minimal-realtek:rw] INFO:root:Using a static version string
[minimal-realtek:rw] INFO:root:Version string: Zephyr-Kernel-16543.0.0
[minimal-realtek:rw] INFO:root:Writing header to /mnt/host/source/src/platform/ec/build/zephyr/minimal-realtek/build-rw/modules/ec/zephyr/include/ec_version.h
[minimal-realtek:rw] [192/256] Building C object modules/ec/zephyr/CMakeFiles/ec_shim.dir/shim/src/hwtimer.c.obj
[minimal-realtek:ro] [206/256] Building C object modules/ec/zephyr/CMakeFiles/ec_shim.dir/shim/chip/rtk/power_policy.c.obj
[dirks:ro] [321/372] Building C object CMakeFiles/app.dir/mnt/host/source/src/platform/ec/build/zephyr/dirks/modules/ec/common/usb_pd_dual_role.c.obj
[dirks:ro] [322/372] Building C object CMakeFiles/app.dir/mnt/host/source/src/platform/ec/build/zephyr/dirks/modules/ec/common/usb_pd_discovery.c.obj
[dirks:ro] [323/372] Building C object CMakeFiles/app.dir/mnt/host/source/src/platform/ec/build/zephyr/dirks/modules/ec/driver/tcpm/ite_pd_intc.c.obj
[minimal-realtek:ro] [207/256] Building C object modules/ec/zephyr/CMakeFiles/ec_shim.dir/shim/src/console.c.obj
[minimal-realtek:rw] [193/256] Building C object modules/ec/zephyr/CMakeFiles/ec_shim.dir/shim/src/usbc_stub.c.obj
[minimal-realtek:rw] [194/256] Building C object modules/ec/zephyr/CMakeFiles/ec_shim.dir/shim/src/tasks.c.obj
[dirks:ro] [324/372] Building C object CMakeFiles/app.dir/mnt/host/source/src/platform/ec/build/zephyr/dirks/modules/ec/driver/tcpm/it8xxx2.c.obj
[minimal-realtek:rw] [195/256] Building C object modules/ec/zephyr/CMakeFiles/ec_shim.dir/shim/src/watchdog.c.obj
[minimal-realtek:rw] [196/256] Building C object CMakeFiles/app.dir/mnt/host/source/src/platform/ec/zephyr/subsys/ap_pwrseq/ap_events.c.obj
[dirks:ro] [325/372] Building C object CMakeFiles/app.dir/mnt/host/source/src/platform/ec/build/zephyr/dirks/modules/ec/driver/tcpm/tcpci.c.obj
[minimal-realtek:ro] [208/256] Building C object modules/ec/zephyr/CMakeFiles/ec_shim.dir/shim/src/panic_utils.c.obj
[minimal-realtek:ro] [209/256] Building C object modules/ec/zephyr/CMakeFiles/ec_shim.dir/shim/src/gpio_int.c.obj
[minimal-realtek:rw] [197/256] Building C object CMakeFiles/app.dir/mnt/host/source/src/platform/ec/build/zephyr/minimal-realtek/modules/ec/builtin/stdlib.c.obj
[minimal-realtek:ro] [210/256] Building C object modules/ec/zephyr/CMakeFiles/ec_shim.dir/shim/src/gpio.c.obj
[dirks:ro] [326/372] Building C object CMakeFiles/app.dir/mnt/host/source/src/platform/ec/build/zephyr/dirks/modules/ec/common/usbc_ppc.c.obj
[minimal-realtek:ro] [211/256] Building C object modules/ec/zephyr/CMakeFiles/ec_shim.dir/shim/src/pm_state.c.obj
[dirks:ro] [327/372] Building C object CMakeFiles/app.dir/mnt/host/source/src/platform/ec/build/zephyr/dirks/modules/ec/driver/ppc/syv682x.c.obj
[minimal-realtek:rw] [198/256] Building C object CMakeFiles/app.dir/mnt/host/source/src/platform/ec/build/zephyr/minimal-realtek/modules/ec/common/base32.c.obj
[minimal-realtek:ro] [212/256] Building ASM object modules/ec/zephyr/CMakeFiles/ec_shim.dir/shim/src/libgcc_arm.S.obj
[minimal-realtek:rw] [199/256] Building C object CMakeFiles/app.dir/mnt/host/source/src/platform/ec/build/zephyr/minimal-realtek/modules/ec/common/console_output.c.obj
[minimal-realtek:rw] [200/256] Building C object CMakeFiles/app.dir/mnt/host/source/src/platform/ec/build/zephyr/minimal-realtek/modules/ec/common/gpio_commands.c.obj
[minimal-realtek:rw] [201/256] Building C object CMakeFiles/app.dir/mnt/host/source/src/platform/ec/build/zephyr/minimal-realtek/modules/ec/common/ec_features.c.obj
[minimal-realtek:ro] [213/256] Building C object modules/ec/zephyr/CMakeFiles/ec_shim.dir/shim/src/cbi/cros_cbi.c.obj
[dirks:ro] [328/372] Building C object CMakeFiles/app.dir/mnt/host/source/src/platform/ec/build/zephyr/dirks/modules/ec/common/button.c.obj
[dirks:ro] [329/372] Building C object CMakeFiles/app.dir/mnt/host/source/src/platform/ec/build/zephyr/dirks/modules/ec/common/vboot_hash.c.obj
[minimal-realtek:rw] [202/256] Building C object CMakeFiles/app.dir/mnt/host/source/src/platform/ec/build/zephyr/minimal-realtek/modules/ec/common/peripheral.c.obj
[minimal-realtek:ro] [214/256] Building C object modules/ec/zephyr/CMakeFiles/ec_shim.dir/shim/src/cbi/cbi_flash.c.obj
[minimal-realtek:ro] [215/256] Building C object modules/ec/zephyr/CMakeFiles/ec_shim.dir/shim/src/system.c.obj
[dirks:ro] [330/372] Building C object CMakeFiles/app.dir/mnt/host/source/src/platform/ec/build/zephyr/dirks/modules/ec/common/vstore.c.obj
[dirks:ro] [331/372] Building C object CMakeFiles/app.dir/mnt/host/source/src/platform/ec/build/zephyr/dirks/modules/ec/common/vboot/efs2.c.obj
[dirks:ro] [332/372] Building C object CMakeFiles/app.dir/mnt/host/source/src/platform/ec/build/zephyr/dirks/modules/ec/common/math_util.c.obj
[minimal-realtek:rw] [203/256] Building C object CMakeFiles/app.dir/mnt/host/source/src/platform/ec/build/zephyr/minimal-realtek/modules/ec/common/printf.c.obj
[minimal-realtek:ro] [216/256] Building C object modules/ec/zephyr/CMakeFiles/ec_shim.dir/shim/src/flash.c.obj
[minimal-realtek:ro] [217/256] Building C object modules/ec/zephyr/CMakeFiles/ec_shim.dir/shim/src/hwtimer.c.obj
[minimal-realtek:rw] [204/256] Building C object CMakeFiles/app.dir/mnt/host/source/src/platform/ec/build/zephyr/minimal-realtek/modules/ec/common/uart_printf.c.obj
[minimal-realtek:rw] [205/256] Building C object CMakeFiles/app.dir/mnt/host/source/src/platform/ec/build/zephyr/minimal-realtek/modules/ec/common/queue.c.obj
[minimal-realtek:rw] [206/256] Building C object CMakeFiles/app.dir/mnt/host/source/src/platform/ec/build/zephyr/minimal-realtek/modules/ec/common/system_boot_time.c.obj
[minimal-realtek:ro] [218/256] Building C object modules/ec/zephyr/CMakeFiles/ec_shim.dir/shim/src/hooks.c.obj
[minimal-realtek:rw] [207/256] Building C object CMakeFiles/app.dir/mnt/host/source/src/platform/ec/build/zephyr/minimal-realtek/modules/ec/common/system.c.obj
[minimal-realtek:ro] [219/256] Building C object modules/ec/zephyr/CMakeFiles/ec_shim.dir/shim/src/panic.c.obj
[dirks:ro] [333/372] Building C object CMakeFiles/app.dir/src/board_power.c.obj
[dirks:ro] [334/372] Building C object CMakeFiles/app.dir/src/common.c.obj
[dirks:ro] [335/372] Building C object CMakeFiles/app.dir/dirks/src/barrel_jack.c.obj
[dirks:ro] [336/372] Building C object CMakeFiles/app.dir/dirks/src/hdmi.c.obj
[dirks:ro] [337/372] Linking C static library modules/ec/zephyr/libec_shim.a
[minimal-realtek:rw] [208/256] Building C object CMakeFiles/app.dir/mnt/host/source/src/platform/ec/build/zephyr/minimal-realtek/modules/ec/common/util.c.obj
[minimal-realtek:rw] [209/256] Building C object CMakeFiles/app.dir/mnt/host/source/src/platform/ec/build/zephyr/minimal-realtek/modules/ec/common/cbi_config.c.obj
[minimal-realtek:ro] [220/256] Building C object zephyr/kernel/CMakeFiles/kernel.dir/main_weak.c.obj
[minimal-realtek:rw] [210/256] Building C object CMakeFiles/app.dir/mnt/host/source/src/platform/ec/build/zephyr/minimal-realtek/modules/ec/common/cbi_common.c.obj
[minimal-realtek:ro] [221/256] Building C object modules/ec/zephyr/CMakeFiles/ec_shim.dir/shim/src/tasks.c.obj
[dirks:ro] [338/372] Building C object CMakeFiles/app.dir/dirks/src/thermal.c.obj
[minimal-realtek:ro] [222/256] Building C object modules/ec/zephyr/CMakeFiles/ec_shim.dir/shim/src/watchdog.c.obj
[minimal-realtek:ro] [223/256] Building C object modules/ec/zephyr/CMakeFiles/ec_shim.dir/shim/src/usbc_stub.c.obj
[dirks:ro] [339/372] Building C object CMakeFiles/app.dir/dirks/src/led.c.obj
[minimal-realtek:rw] [211/256] Building C object CMakeFiles/app.dir/mnt/host/source/src/platform/ec/build/zephyr/minimal-realtek/modules/ec/common/cbi.c.obj
[minimal-realtek:ro] [224/256] Linking C static library modules/ec/zephyr/libec_shim.a
[minimal-realtek:rw] [212/256] Building C object CMakeFiles/app.dir/mnt/host/source/src/platform/ec/build/zephyr/minimal-realtek/modules/ec/common/version.c.obj
[minimal-realtek:ro] [225/256] Building C object zephyr/kernel/CMakeFiles/kernel.dir/banner.c.obj
[dirks:ro] [340/372] Building C object CMakeFiles/app.dir/dirks/src/usbc.c.obj
[minimal-realtek:rw] [213/256] Building C object CMakeFiles/app.dir/mnt/host/source/src/platform/ec/build/zephyr/minimal-realtek/modules/ec/common/memory_commands.c.obj
[minimal-realtek:ro] [226/256] Building C object zephyr/kernel/CMakeFiles/kernel.dir/device.c.obj
[dirks:ro] [341/372] Building C object zephyr/kernel/CMakeFiles/kernel.dir/busy_wait.c.obj
[dirks:ro] [342/372] Building C object zephyr/kernel/CMakeFiles/kernel.dir/banner.c.obj
[minimal-realtek:ro] [227/256] Building C object zephyr/kernel/CMakeFiles/kernel.dir/busy_wait.c.obj
[dirks:ro] [343/372] Building C object zephyr/kernel/CMakeFiles/kernel.dir/device.c.obj
[minimal-realtek:rw] [214/256] Building C object CMakeFiles/app.dir/mnt/host/source/src/platform/ec/build/zephyr/minimal-realtek/modules/ec/common/panic_output.c.obj
[dirks:ro] [344/372] Building C object zephyr/kernel/CMakeFiles/kernel.dir/errno.c.obj
[minimal-realtek:rw] [215/256] Building C object CMakeFiles/app.dir/mnt/host/source/src/platform/ec/build/zephyr/minimal-realtek/modules/ec/common/flash.c.obj
[minimal-realtek:ro] [228/256] Building C object zephyr/kernel/CMakeFiles/kernel.dir/errno.c.obj
[minimal-realtek:rw] [216/256] Building C object CMakeFiles/app.dir/mnt/host/source/src/platform/ec/build/zephyr/minimal-realtek/modules/ec/common/sha256.c.obj
[dirks:ro] [345/372] Building C object zephyr/kernel/CMakeFiles/kernel.dir/fatal.c.obj
[dirks:ro] [346/372] Linking C static library app/libapp.a
[minimal-realtek:rw] [217/256] Building C object CMakeFiles/app.dir/mnt/host/source/src/platform/ec/build/zephyr/minimal-realtek/modules/ec/common/shared_mem.c.obj
[minimal-realtek:rw] [218/256] Linking C static library modules/ec/zephyr/libec_shim.a
[minimal-realtek:ro] [229/256] Building C object zephyr/kernel/CMakeFiles/kernel.dir/fatal.c.obj
[dirks:ro] [347/372] Building C object zephyr/kernel/CMakeFiles/kernel.dir/version.c.obj
[minimal-realtek:ro] [230/256] Building C object zephyr/kernel/CMakeFiles/kernel.dir/kheap.c.obj
[minimal-realtek:rw] [219/256] Building C object CMakeFiles/app.dir/mnt/host/source/src/platform/ec/build/zephyr/minimal-realtek/modules/ec/common/spi_flash_reg.c.obj
[minimal-realtek:ro] [231/256] Building C object zephyr/kernel/CMakeFiles/kernel.dir/init.c.obj
[minimal-realtek:ro] [232/256] Building C object zephyr/kernel/CMakeFiles/kernel.dir/mem_slab.c.obj
[minimal-realtek:rw] [220/256] Building C object CMakeFiles/app.dir/mnt/host/source/src/platform/ec/build/zephyr/minimal-realtek/modules/ec/common/timer.c.obj
[dirks:ro] [348/372] Building C object zephyr/kernel/CMakeFiles/kernel.dir/kheap.c.obj
[minimal-realtek:ro] [233/256] Building C object zephyr/kernel/CMakeFiles/kernel.dir/version.c.obj
[minimal-realtek:rw] [221/256] Building C object CMakeFiles/app.dir/mnt/host/source/src/platform/ec/build/zephyr/minimal-realtek/modules/ec/common/vstore.c.obj
[dirks:ro] [349/372] Building C object zephyr/kernel/CMakeFiles/kernel.dir/mem_slab.c.obj
[dirks:ro] [350/372] Building C object zephyr/kernel/CMakeFiles/kernel.dir/float.c.obj
[dirks:ro] [351/372] Building C object zephyr/kernel/CMakeFiles/kernel.dir/init.c.obj
[minimal-realtek:rw] [222/256] Building C object CMakeFiles/app.dir/mnt/host/source/src/platform/ec/build/zephyr/minimal-realtek/modules/ec/common/math_util.c.obj
[minimal-realtek:rw] [223/256] Building C object zephyr/kernel/CMakeFiles/kernel.dir/main_weak.c.obj
[minimal-realtek:ro] [234/256] Building C object zephyr/kernel/CMakeFiles/kernel.dir/float.c.obj
[dirks:ro] [352/372] Building C object zephyr/kernel/CMakeFiles/kernel.dir/idle.c.obj
[minimal-realtek:rw] [224/256] Linking C static library app/libapp.a
[/mnt/host/source/src/platform/ec/build/zephyr/trulo-ti-lcov]   /mnt/host/source/src/platform/ec/build/zephyr/trulo-ti/build-rw/modules/ec/zephyr/drivers/dsp_comms/CMakeFiles/dsp_comms.proto.nanopb.dir/dsp_comms.proto/nanopb/proto/ec_dsp.pb.c.gcno:no functions found
[/mnt/host/source/src/platform/ec/build/zephyr/trulo-ti-lcov] stderr:
[minimal-realtek:rw] [225/256] Building C object zephyr/kernel/CMakeFiles/kernel.dir/banner.c.obj
[minimal-realtek:ro] [235/256] Building C object zephyr/kernel/CMakeFiles/kernel.dir/idle.c.obj
[minimal-realtek:ro] [236/256] Building C object zephyr/kernel/CMakeFiles/kernel.dir/mailbox.c.obj
[minimal-realtek:rw] [226/256] Building C object zephyr/kernel/CMakeFiles/kernel.dir/device.c.obj
[minimal-realtek:ro] [237/256] Building C object zephyr/kernel/CMakeFiles/kernel.dir/msg_q.c.obj
[minimal-realtek:rw] [227/256] Building C object zephyr/kernel/CMakeFiles/kernel.dir/errno.c.obj
[dirks:ro] [353/372] Building C object zephyr/kernel/CMakeFiles/kernel.dir/mailbox.c.obj
[minimal-realtek:rw] [228/256] Building C object zephyr/kernel/CMakeFiles/kernel.dir/busy_wait.c.obj
[minimal-realtek:ro] [238/256] Building C object zephyr/kernel/CMakeFiles/kernel.dir/mutex.c.obj
[dirks:ro] [354/372] Building C object zephyr/kernel/CMakeFiles/kernel.dir/sem.c.obj
[dirks:ro] [355/372] Building C object zephyr/kernel/CMakeFiles/kernel.dir/msg_q.c.obj
[minimal-realtek:rw] [229/256] Building C object zephyr/kernel/CMakeFiles/kernel.dir/fatal.c.obj
[dirks:ro] [356/372] Building C object zephyr/kernel/CMakeFiles/kernel.dir/mutex.c.obj
[minimal-realtek:ro] [239/256] Building C object zephyr/kernel/CMakeFiles/kernel.dir/queue.c.obj
[dirks:ro] [357/372] Building C object zephyr/kernel/CMakeFiles/kernel.dir/queue.c.obj
[minimal-realtek:ro] [240/256] Building C object zephyr/kernel/CMakeFiles/kernel.dir/sem.c.obj
[minimal-realtek:ro] [241/256] Building C object zephyr/kernel/CMakeFiles/kernel.dir/stack.c.obj
[minimal-realtek:rw] [230/256] Building C object zephyr/kernel/CMakeFiles/kernel.dir/version.c.obj
[minimal-realtek:rw] [231/256] Building C object zephyr/kernel/CMakeFiles/kernel.dir/init.c.obj
[minimal-realtek:rw] [232/256] Building C object zephyr/kernel/CMakeFiles/kernel.dir/kheap.c.obj
[dirks:ro] [358/372] Building C object zephyr/kernel/CMakeFiles/kernel.dir/stack.c.obj
[minimal-realtek:rw] [233/256] Building C object zephyr/kernel/CMakeFiles/kernel.dir/mem_slab.c.obj
[minimal-realtek:rw] [234/256] Building C object zephyr/kernel/CMakeFiles/kernel.dir/float.c.obj
[minimal-realtek:ro] [242/256] Building C object zephyr/kernel/CMakeFiles/kernel.dir/system_work_q.c.obj
[dirks:ro] [359/372] Building C object zephyr/kernel/CMakeFiles/kernel.dir/system_work_q.c.obj
[minimal-realtek:ro] [243/256] Building C object zephyr/kernel/CMakeFiles/kernel.dir/thread.c.obj
[minimal-realtek:ro] [244/256] Building C object zephyr/kernel/CMakeFiles/kernel.dir/condvar.c.obj
[dirks:ro] [360/372] Building C object zephyr/kernel/CMakeFiles/kernel.dir/condvar.c.obj
[minimal-realtek:rw] [235/256] Building C object zephyr/kernel/CMakeFiles/kernel.dir/msg_q.c.obj
[minimal-realtek:rw] [236/256] Building C object zephyr/kernel/CMakeFiles/kernel.dir/idle.c.obj
[dirks:ro] [361/372] Building C object zephyr/kernel/CMakeFiles/kernel.dir/work.c.obj
[minimal-realtek:rw] [237/256] Building C object zephyr/kernel/CMakeFiles/kernel.dir/queue.c.obj
[dirks:ro] [362/372] Building C object zephyr/kernel/CMakeFiles/kernel.dir/thread.c.obj
[minimal-realtek:rw] [238/256] Building C object zephyr/kernel/CMakeFiles/kernel.dir/mailbox.c.obj
[minimal-realtek:rw] [239/256] Building C object zephyr/kernel/CMakeFiles/kernel.dir/mutex.c.obj
[minimal-realtek:ro] [245/256] Building C object zephyr/kernel/CMakeFiles/kernel.dir/work.c.obj
[dirks:ro] [363/372] Building C object zephyr/kernel/CMakeFiles/kernel.dir/pipe.c.obj
[minimal-realtek:ro] [246/256] Building C object zephyr/kernel/CMakeFiles/kernel.dir/sched.c.obj
[dirks:ro] [364/372] Building C object zephyr/kernel/CMakeFiles/kernel.dir/thread_monitor.c.obj
[minimal-realtek:ro] [247/256] Building C object zephyr/kernel/CMakeFiles/kernel.dir/pipe.c.obj
[minimal-realtek:ro] [248/256] Building C object zephyr/kernel/CMakeFiles/kernel.dir/spinlock_validate.c.obj
[dirks:ro] [365/372] Building C object zephyr/kernel/CMakeFiles/kernel.dir/sched.c.obj
[minimal-realtek:rw] [240/256] Building C object zephyr/kernel/CMakeFiles/kernel.dir/sem.c.obj
[minimal-realtek:rw] [241/256] Building C object zephyr/kernel/CMakeFiles/kernel.dir/system_work_q.c.obj
[minimal-realtek:rw] [242/256] Building C object zephyr/kernel/CMakeFiles/kernel.dir/stack.c.obj
[minimal-realtek:rw] [243/256] Building C object zephyr/kernel/CMakeFiles/kernel.dir/condvar.c.obj
[dirks:ro] [366/372] Building C object zephyr/kernel/CMakeFiles/kernel.dir/timeout.c.obj
[minimal-realtek:rw] [244/256] Building C object zephyr/kernel/CMakeFiles/kernel.dir/work.c.obj
[minimal-realtek:ro] [249/256] Building C object zephyr/kernel/CMakeFiles/kernel.dir/thread_monitor.c.obj
[dirks:ro] [367/372] Building C object zephyr/kernel/CMakeFiles/kernel.dir/timer.c.obj
[minimal-realtek:ro] [250/256] Building C object zephyr/kernel/CMakeFiles/kernel.dir/timeout.c.obj
[dirks:ro] [368/372] Building C object zephyr/kernel/CMakeFiles/kernel.dir/events.c.obj
[minimal-realtek:ro] [251/256] Building C object zephyr/kernel/CMakeFiles/kernel.dir/timer.c.obj
[minimal-realtek:ro] [252/256] Building C object zephyr/kernel/CMakeFiles/kernel.dir/poll.c.obj
[dirks:ro] [369/372] Building C object zephyr/kernel/CMakeFiles/kernel.dir/poll.c.obj
Running (initial) lcov on /mnt/host/source/src/platform/ec/build/zephyr/voltorb.
[minimal-realtek:rw] [245/256] Building C object zephyr/kernel/CMakeFiles/kernel.dir/pipe.c.obj
[dirks:ro] [370/372] Building C object zephyr/kernel/CMakeFiles/kernel.dir/mempool.c.obj
[dirks:ro] [371/372] Building C object zephyr/kernel/CMakeFiles/kernel.dir/dynamic_disabled.c.obj
[minimal-realtek:rw] [246/256] Building C object zephyr/kernel/CMakeFiles/kernel.dir/spinlock_validate.c.obj
[minimal-realtek:rw] [247/256] Building C object zephyr/kernel/CMakeFiles/kernel.dir/thread.c.obj
[winterhold:rw] Building: /usr/bin/ninja -C /mnt/host/source/src/platform/ec/build/zephyr/winterhold/build-rw all.libraries
Running `env -i SHELL=/bin/bash COLORTERM=truecolor DEPOT_TOOLS_UPDATE=0 LESS='-R -M --shift 5' SUDO_GID=0 JDK_HOME=/etc/java-config-2/current-system-vm CONFIG_PROTECT_MASK='/etc/gentoo-release /etc/sandbox.d /etc/fonts/fonts.conf /etc/terminfo /etc/ca-certificates.conf /etc/revdep-rebuild' CHROMEOS_CACHEDIR=/var/cache/chromeos-cache JAVA_HOME=/etc/java-config-2/current-system-vm SSH_AUTH_SOCK=/tmp/ssh-auth-sock SUDO_COMMAND=/bin/bash SUDO_USER=root SUDO_TTY=/dev/pts/2 EDITOR=/usr/bin/vi PWD=/mnt/host/source/src/platform/ec CONFIG_PROTECT=/usr/share/gnupg/qualified.txt LOGNAME=jpmurphy MANPATH=/etc/java-config-2/current-system-vm/man:/usr/local/share/man:/usr/share/man:/usr/share/gcc-data/x86_64-pc-linux-gnu/10.2.0/man:/usr/share/binutils-data/x86_64-pc-linux-gnu/2.45/man:/etc/java-config-2/current-system-vm/man/ SUDO_HOME=/root XAUTHORITY=/run/user/944457/gdm/Xauthority HOME=/home/jpmurphy LANG=C.UTF-8 LS_COLORS='rs=0:di=01;34:ln=01;36:mh=00:pi=40;33:so=01;35:do=01;35:bd=40;33;01:cd=40;33;01:or=01;05;37;41:mi=01;05;37;41:su=37;41:sg=30;43:ca=30;41:tw=30;42:ow=34;42:st=37;44:ex=01;32:*.tar=01;31:*.tgz=01;31:*.arc=01;31:*.arj=01;31:*.taz=01;31:*.lha=01;31:*.lz4=01;31:*.lzh=01;31:*.lzma=01;31:*.tlz=01;31:*.txz=01;31:*.tzo=01;31:*.t7z=01;31:*.zip=01;31:*.z=01;31:*.dz=01;31:*.gz=01;31:*.lrz=01;31:*.lz=01;31:*.lzo=01;31:*.xz=01;31:*.zst=01;31:*.tzst=01;31:*.bz2=01;31:*.bz=01;31:*.tbz=01;31:*.tbz2=01;31:*.tz=01;31:*.deb=01;31:*.rpm=01;31:*.jar=01;31:*.war=01;31:*.ear=01;31:*.sar=01;31:*.rar=01;31:*.alz=01;31:*.ace=01;31:*.zoo=01;31:*.cpio=01;31:*.7z=01;31:*.rz=01;31:*.cab=01;31:*.wim=01;31:*.swm=01;31:*.dwm=01;31:*.esd=01;31:*.jpg=01;35:*.jpeg=01;35:*.mjpg=01;35:*.mjpeg=01;35:*.gif=01;35:*.bmp=01;35:*.pbm=01;35:*.pgm=01;35:*.ppm=01;35:*.tga=01;35:*.xbm=01;35:*.xpm=01;35:*.tif=01;35:*.tiff=01;35:*.png=01;35:*.svg=01;35:*.svgz=01;35:*.mng=01;35:*.pcx=01;35:*.mov=01;35:*.mpg=01;35:*.mpeg=01;35:*.m2v=01;35:*.mkv=01;35:*.webm=01;35:*.webp=01;35:*.ogm=01;35:*.mp4=01;35:*.m4v=01;35:*.mp4v=01;35:*.vob=01;35:*.qt=01;35:*.nuv=01;35:*.wmv=01;35:*.asf=01;35:*.rm=01;35:*.rmvb=01;35:*.flc=01;35:*.avi=01;35:*.fli=01;35:*.flv=01;35:*.gl=01;35:*.dl=01;35:*.xcf=01;35:*.xwd=01;35:*.yuv=01;35:*.cgm=01;35:*.emf=01;35:*.ogv=01;35:*.ogx=01;35:*.cfg=00;32:*.conf=00;32:*.diff=00;32:*.doc=00;32:*.ini=00;32:*.log=00;32:*.patch=00;32:*.pdf=00;32:*.ps=00;32:*.tex=00;32:*.txt=00;32:*.aac=00;36:*.au=00;36:*.flac=00;36:*.m4a=00;36:*.mid=00;36:*.midi=00;36:*.mka=00;36:*.mp3=00;36:*.mpc=00;36:*.ogg=00;36:*.ra=00;36:*.wav=00;36:*.oga=00;36:*.opus=00;36:*.spx=00;36:*.xspf=00;36:' XDG_CURRENT_DESKTOP=GNOME INFOPATH=/usr/share/info:/usr/share/gcc-data/x86_64-pc-linux-gnu/10.2.0/info:/usr/share/binutils-data/x86_64-pc-linux-gnu/2.45/info:/usr/share/automake-1.16.5/info JAVAC=/etc/java-config-2/current-system-vm/bin/javac TERM=xterm-256color LESSOPEN='|lesspipe %s' USER=jpmurphy CROS_WORKON_SRCROOT=/mnt/host/source MANPAGER=manpager DISPLAY=:1 SHLVL=1 LC_MESSAGES=C EXTERNAL_TRUNK_PATH=/mnt/8f9d649a-3721-44cc-93c0-e6bd21a9689f/chromiumos GCC_SPECS='' PATH=/mnt/host/source/chromite/bin:/usr/local/bin:/usr/bin:/bin:/opt/bin:/mnt/host/source/chromite/sdk/bin:/mnt/host/source/chromite/bin PORTAGE_USERNAME=jpmurphy SUDO_UID=0 GCC_VER=10.2.0 MAIL=/var/mail/jpmurphy OLDPWD=/mnt/host/source/src/scripts traceparent=00-e87aca51550a78635907baa6a2476181-6d684811675d2973-01 _=./zephyr/firmware_builder.py COREBOOT_SDK_ROOT_x86=/home/jpmurphy/.cache/coreboot-sdk/i386-elf/dfbb0486385d938cfa9d73080b9d18d598ed4f49 COREBOOT_SDK_ROOT_picolibc_x86=/home/jpmurphy/.cache/coreboot-sdk/picolibc-i386-elf/eb8e8e687b95461de8cbf278f1c2076952d0ad17 COREBOOT_SDK_ROOT_riscv64=/home/jpmurphy/.cache/coreboot-sdk/riscv64-elf/96b949749225b6aaa92ed810ab769e8dfb12f000 COREBOOT_SDK_ROOT_picolibc_arm=/home/jpmurphy/.cache/coreboot-sdk/picolibc-arm-eabi/422a2aa3e1ef891b5bece9a3deb696ff83840d2e COREBOOT_SDK_ROOT_nds32=/home/jpmurphy/.cache/coreboot-sdk/nds32le-elf/d1a518c4a097666d86058e1444f85ca015d15511 COREBOOT_SDK_ROOT_picolibc_riscv64=/home/jpmurphy/.cache/coreboot-sdk/picolibc-riscv64-elf/f571e990ef0278564b31124f8bb109d9a697eb69 COREBOOT_SDK_ROOT_arm=/home/jpmurphy/.cache/coreboot-sdk/arm-eabi/ea40ddd1d190c3b48435c474c0b545719371813a COREBOOT_SDK_ROOT_libstdcxx_riscv64=/home/jpmurphy/.cache/coreboot-sdk/libstdcxx-riscv64-elf/17abf22a3a252e2d5d2062ced5324f7a623689e0 COREBOOT_SDK_ROOT_libstdcxx_arm=/home/jpmurphy/.cache/coreboot-sdk/libstdcxx-arm-eabi/5d7d82e150e44aa1968f1d366e267e6687b328ac COREBOOT_SDK_ROOT_riscv=/home/jpmurphy/.cache/coreboot-sdk/riscv-elf/9a27b9e82341c6e9126624f516ab3f261abb3e73 COREBOOT_SDK_ROOT_libstdcxx_x86=/home/jpmurphy/.cache/coreboot-sdk/libstdcxx-i386-elf/42ef9d2e87a76a37963175d7d428734e65648b87 PYTHONPATH=/mnt/host/source/src/platform/ec/zephyr/zmake PW_PIGWEED_CIPD_INSTALL_DIR=/usr CROSTC_USER_ACKNOWLEDGES_THAT_RISCV_IS_EXPERIMENTAL=1 MAKEFLAGS=' -j16 --jobserver-auth=5,6' /usr/bin/ninja -C /mnt/host/source/src/platform/ec/build/zephyr/winterhold/build-rw all.libraries`
[winterhold:ro] Building: /usr/bin/ninja -C /mnt/host/source/src/platform/ec/build/zephyr/winterhold/build-ro all.libraries
Running `env -i SHELL=/bin/bash COLORTERM=truecolor DEPOT_TOOLS_UPDATE=0 LESS='-R -M --shift 5' SUDO_GID=0 JDK_HOME=/etc/java-config-2/current-system-vm CONFIG_PROTECT_MASK='/etc/gentoo-release /etc/sandbox.d /etc/fonts/fonts.conf /etc/terminfo /etc/ca-certificates.conf /etc/revdep-rebuild' CHROMEOS_CACHEDIR=/var/cache/chromeos-cache JAVA_HOME=/etc/java-config-2/current-system-vm SSH_AUTH_SOCK=/tmp/ssh-auth-sock SUDO_COMMAND=/bin/bash SUDO_USER=root SUDO_TTY=/dev/pts/2 EDITOR=/usr/bin/vi PWD=/mnt/host/source/src/platform/ec CONFIG_PROTECT=/usr/share/gnupg/qualified.txt LOGNAME=jpmurphy MANPATH=/etc/java-config-2/current-system-vm/man:/usr/local/share/man:/usr/share/man:/usr/share/gcc-data/x86_64-pc-linux-gnu/10.2.0/man:/usr/share/binutils-data/x86_64-pc-linux-gnu/2.45/man:/etc/java-config-2/current-system-vm/man/ SUDO_HOME=/root XAUTHORITY=/run/user/944457/gdm/Xauthority HOME=/home/jpmurphy LANG=C.UTF-8 LS_COLORS='rs=0:di=01;34:ln=01;36:mh=00:pi=40;33:so=01;35:do=01;35:bd=40;33;01:cd=40;33;01:or=01;05;37;41:mi=01;05;37;41:su=37;41:sg=30;43:ca=30;41:tw=30;42:ow=34;42:st=37;44:ex=01;32:*.tar=01;31:*.tgz=01;31:*.arc=01;31:*.arj=01;31:*.taz=01;31:*.lha=01;31:*.lz4=01;31:*.lzh=01;31:*.lzma=01;31:*.tlz=01;31:*.txz=01;31:*.tzo=01;31:*.t7z=01;31:*.zip=01;31:*.z=01;31:*.dz=01;31:*.gz=01;31:*.lrz=01;31:*.lz=01;31:*.lzo=01;31:*.xz=01;31:*.zst=01;31:*.tzst=01;31:*.bz2=01;31:*.bz=01;31:*.tbz=01;31:*.tbz2=01;31:*.tz=01;31:*.deb=01;31:*.rpm=01;31:*.jar=01;31:*.war=01;31:*.ear=01;31:*.sar=01;31:*.rar=01;31:*.alz=01;31:*.ace=01;31:*.zoo=01;31:*.cpio=01;31:*.7z=01;31:*.rz=01;31:*.cab=01;31:*.wim=01;31:*.swm=01;31:*.dwm=01;31:*.esd=01;31:*.jpg=01;35:*.jpeg=01;35:*.mjpg=01;35:*.mjpeg=01;35:*.gif=01;35:*.bmp=01;35:*.pbm=01;35:*.pgm=01;35:*.ppm=01;35:*.tga=01;35:*.xbm=01;35:*.xpm=01;35:*.tif=01;35:*.tiff=01;35:*.png=01;35:*.svg=01;35:*.svgz=01;35:*.mng=01;35:*.pcx=01;35:*.mov=01;35:*.mpg=01;35:*.mpeg=01;35:*.m2v=01;35:*.mkv=01;35:*.webm=01;35:*.webp=01;35:*.ogm=01;35:*.mp4=01;35:*.m4v=01;35:*.mp4v=01;35:*.vob=01;35:*.qt=01;35:*.nuv=01;35:*.wmv=01;35:*.asf=01;35:*.rm=01;35:*.rmvb=01;35:*.flc=01;35:*.avi=01;35:*.fli=01;35:*.flv=01;35:*.gl=01;35:*.dl=01;35:*.xcf=01;35:*.xwd=01;35:*.yuv=01;35:*.cgm=01;35:*.emf=01;35:*.ogv=01;35:*.ogx=01;35:*.cfg=00;32:*.conf=00;32:*.diff=00;32:*.doc=00;32:*.ini=00;32:*.log=00;32:*.patch=00;32:*.pdf=00;32:*.ps=00;32:*.tex=00;32:*.txt=00;32:*.aac=00;36:*.au=00;36:*.flac=00;36:*.m4a=00;36:*.mid=00;36:*.midi=00;36:*.mka=00;36:*.mp3=00;36:*.mpc=00;36:*.ogg=00;36:*.ra=00;36:*.wav=00;36:*.oga=00;36:*.opus=00;36:*.spx=00;36:*.xspf=00;36:' XDG_CURRENT_DESKTOP=GNOME INFOPATH=/usr/share/info:/usr/share/gcc-data/x86_64-pc-linux-gnu/10.2.0/info:/usr/share/binutils-data/x86_64-pc-linux-gnu/2.45/info:/usr/share/automake-1.16.5/info JAVAC=/etc/java-config-2/current-system-vm/bin/javac TERM=xterm-256color LESSOPEN='|lesspipe %s' USER=jpmurphy CROS_WORKON_SRCROOT=/mnt/host/source MANPAGER=manpager DISPLAY=:1 SHLVL=1 LC_MESSAGES=C EXTERNAL_TRUNK_PATH=/mnt/8f9d649a-3721-44cc-93c0-e6bd21a9689f/chromiumos GCC_SPECS='' PATH=/mnt/host/source/chromite/bin:/usr/local/bin:/usr/bin:/bin:/opt/bin:/mnt/host/source/chromite/sdk/bin:/mnt/host/source/chromite/bin PORTAGE_USERNAME=jpmurphy SUDO_UID=0 GCC_VER=10.2.0 MAIL=/var/mail/jpmurphy OLDPWD=/mnt/host/source/src/scripts traceparent=00-e87aca51550a78635907baa6a2476181-6d684811675d2973-01 _=./zephyr/firmware_builder.py COREBOOT_SDK_ROOT_x86=/home/jpmurphy/.cache/coreboot-sdk/i386-elf/dfbb0486385d938cfa9d73080b9d18d598ed4f49 COREBOOT_SDK_ROOT_picolibc_x86=/home/jpmurphy/.cache/coreboot-sdk/picolibc-i386-elf/eb8e8e687b95461de8cbf278f1c2076952d0ad17 COREBOOT_SDK_ROOT_riscv64=/home/jpmurphy/.cache/coreboot-sdk/riscv64-elf/96b949749225b6aaa92ed810ab769e8dfb12f000 COREBOOT_SDK_ROOT_picolibc_arm=/home/jpmurphy/.cache/coreboot-sdk/picolibc-arm-eabi/422a2aa3e1ef891b5bece9a3deb696ff83840d2e COREBOOT_SDK_ROOT_nds32=/home/jpmurphy/.cache/coreboot-sdk/nds32le-elf/d1a518c4a097666d86058e1444f85ca015d15511 COREBOOT_SDK_ROOT_picolibc_riscv64=/home/jpmurphy/.cache/coreboot-sdk/picolibc-riscv64-elf/f571e990ef0278564b31124f8bb109d9a697eb69 COREBOOT_SDK_ROOT_arm=/home/jpmurphy/.cache/coreboot-sdk/arm-eabi/ea40ddd1d190c3b48435c474c0b545719371813a COREBOOT_SDK_ROOT_libstdcxx_riscv64=/home/jpmurphy/.cache/coreboot-sdk/libstdcxx-riscv64-elf/17abf22a3a252e2d5d2062ced5324f7a623689e0 COREBOOT_SDK_ROOT_libstdcxx_arm=/home/jpmurphy/.cache/coreboot-sdk/libstdcxx-arm-eabi/5d7d82e150e44aa1968f1d366e267e6687b328ac COREBOOT_SDK_ROOT_riscv=/home/jpmurphy/.cache/coreboot-sdk/riscv-elf/9a27b9e82341c6e9126624f516ab3f261abb3e73 COREBOOT_SDK_ROOT_libstdcxx_x86=/home/jpmurphy/.cache/coreboot-sdk/libstdcxx-i386-elf/42ef9d2e87a76a37963175d7d428734e65648b87 PYTHONPATH=/mnt/host/source/src/platform/ec/zephyr/zmake PW_PIGWEED_CIPD_INSTALL_DIR=/usr CROSTC_USER_ACKNOWLEDGES_THAT_RISCV_IS_EXPERIMENTAL=1 MAKEFLAGS=' -j16 --jobserver-auth=5,6' /usr/bin/ninja -C /mnt/host/source/src/platform/ec/build/zephyr/winterhold/build-ro all.libraries`
[minimal-realtek:rw] [248/256] Building C object zephyr/kernel/CMakeFiles/kernel.dir/sched.c.obj
[winterhold:rw] ninja: Entering directory `/mnt/host/source/src/platform/ec/build/zephyr/winterhold/build-rw'
[winterhold:ro] ninja: Entering directory `/mnt/host/source/src/platform/ec/build/zephyr/winterhold/build-ro'
[mtlrvpp_m1723:rw] Building: /usr/bin/ninja -C /mnt/host/source/src/platform/ec/build/zephyr/mtlrvpp_m1723/build-rw all.libraries
Running `env -i SHELL=/bin/bash COLORTERM=truecolor DEPOT_TOOLS_UPDATE=0 LESS='-R -M --shift 5' SUDO_GID=0 JDK_HOME=/etc/java-config-2/current-system-vm CONFIG_PROTECT_MASK='/etc/gentoo-release /etc/sandbox.d /etc/fonts/fonts.conf /etc/terminfo /etc/ca-certificates.conf /etc/revdep-rebuild' CHROMEOS_CACHEDIR=/var/cache/chromeos-cache JAVA_HOME=/etc/java-config-2/current-system-vm SSH_AUTH_SOCK=/tmp/ssh-auth-sock SUDO_COMMAND=/bin/bash SUDO_USER=root SUDO_TTY=/dev/pts/2 EDITOR=/usr/bin/vi PWD=/mnt/host/source/src/platform/ec CONFIG_PROTECT=/usr/share/gnupg/qualified.txt LOGNAME=jpmurphy MANPATH=/etc/java-config-2/current-system-vm/man:/usr/local/share/man:/usr/share/man:/usr/share/gcc-data/x86_64-pc-linux-gnu/10.2.0/man:/usr/share/binutils-data/x86_64-pc-linux-gnu/2.45/man:/etc/java-config-2/current-system-vm/man/ SUDO_HOME=/root XAUTHORITY=/run/user/944457/gdm/Xauthority HOME=/home/jpmurphy LANG=C.UTF-8 LS_COLORS='rs=0:di=01;34:ln=01;36:mh=00:pi=40;33:so=01;35:do=01;35:bd=40;33;01:cd=40;33;01:or=01;05;37;41:mi=01;05;37;41:su=37;41:sg=30;43:ca=30;41:tw=30;42:ow=34;42:st=37;44:ex=01;32:*.tar=01;31:*.tgz=01;31:*.arc=01;31:*.arj=01;31:*.taz=01;31:*.lha=01;31:*.lz4=01;31:*.lzh=01;31:*.lzma=01;31:*.tlz=01;31:*.txz=01;31:*.tzo=01;31:*.t7z=01;31:*.zip=01;31:*.z=01;31:*.dz=01;31:*.gz=01;31:*.lrz=01;31:*.lz=01;31:*.lzo=01;31:*.xz=01;31:*.zst=01;31:*.tzst=01;31:*.bz2=01;31:*.bz=01;31:*.tbz=01;31:*.tbz2=01;31:*.tz=01;31:*.deb=01;31:*.rpm=01;31:*.jar=01;31:*.war=01;31:*.ear=01;31:*.sar=01;31:*.rar=01;31:*.alz=01;31:*.ace=01;31:*.zoo=01;31:*.cpio=01;31:*.7z=01;31:*.rz=01;31:*.cab=01;31:*.wim=01;31:*.swm=01;31:*.dwm=01;31:*.esd=01;31:*.jpg=01;35:*.jpeg=01;35:*.mjpg=01;35:*.mjpeg=01;35:*.gif=01;35:*.bmp=01;35:*.pbm=01;35:*.pgm=01;35:*.ppm=01;35:*.tga=01;35:*.xbm=01;35:*.xpm=01;35:*.tif=01;35:*.tiff=01;35:*.png=01;35:*.svg=01;35:*.svgz=01;35:*.mng=01;35:*.pcx=01;35:*.mov=01;35:*.mpg=01;35:*.mpeg=01;35:*.m2v=01;35:*.mkv=01;35:*.webm=01;35:*.webp=01;35:*.ogm=01;35:*.mp4=01;35:*.m4v=01;35:*.mp4v=01;35:*.vob=01;35:*.qt=01;35:*.nuv=01;35:*.wmv=01;35:*.asf=01;35:*.rm=01;35:*.rmvb=01;35:*.flc=01;35:*.avi=01;35:*.fli=01;35:*.flv=01;35:*.gl=01;35:*.dl=01;35:*.xcf=01;35:*.xwd=01;35:*.yuv=01;35:*.cgm=01;35:*.emf=01;35:*.ogv=01;35:*.ogx=01;35:*.cfg=00;32:*.conf=00;32:*.diff=00;32:*.doc=00;32:*.ini=00;32:*.log=00;32:*.patch=00;32:*.pdf=00;32:*.ps=00;32:*.tex=00;32:*.txt=00;32:*.aac=00;36:*.au=00;36:*.flac=00;36:*.m4a=00;36:*.mid=00;36:*.midi=00;36:*.mka=00;36:*.mp3=00;36:*.mpc=00;36:*.ogg=00;36:*.ra=00;36:*.wav=00;36:*.oga=00;36:*.opus=00;36:*.spx=00;36:*.xspf=00;36:' XDG_CURRENT_DESKTOP=GNOME INFOPATH=/usr/share/info:/usr/share/gcc-data/x86_64-pc-linux-gnu/10.2.0/info:/usr/share/binutils-data/x86_64-pc-linux-gnu/2.45/info:/usr/share/automake-1.16.5/info JAVAC=/etc/java-config-2/current-system-vm/bin/javac TERM=xterm-256color LESSOPEN='|lesspipe %s' USER=jpmurphy CROS_WORKON_SRCROOT=/mnt/host/source MANPAGER=manpager DISPLAY=:1 SHLVL=1 LC_MESSAGES=C EXTERNAL_TRUNK_PATH=/mnt/8f9d649a-3721-44cc-93c0-e6bd21a9689f/chromiumos GCC_SPECS='' PATH=/mnt/host/source/chromite/bin:/usr/local/bin:/usr/bin:/bin:/opt/bin:/mnt/host/source/chromite/sdk/bin:/mnt/host/source/chromite/bin PORTAGE_USERNAME=jpmurphy SUDO_UID=0 GCC_VER=10.2.0 MAIL=/var/mail/jpmurphy OLDPWD=/mnt/host/source/src/scripts traceparent=00-e87aca51550a78635907baa6a2476181-6d684811675d2973-01 _=./zephyr/firmware_builder.py COREBOOT_SDK_ROOT_x86=/home/jpmurphy/.cache/coreboot-sdk/i386-elf/dfbb0486385d938cfa9d73080b9d18d598ed4f49 COREBOOT_SDK_ROOT_picolibc_x86=/home/jpmurphy/.cache/coreboot-sdk/picolibc-i386-elf/eb8e8e687b95461de8cbf278f1c2076952d0ad17 COREBOOT_SDK_ROOT_riscv64=/home/jpmurphy/.cache/coreboot-sdk/riscv64-elf/96b949749225b6aaa92ed810ab769e8dfb12f000 COREBOOT_SDK_ROOT_picolibc_arm=/home/jpmurphy/.cache/coreboot-sdk/picolibc-arm-eabi/422a2aa3e1ef891b5bece9a3deb696ff83840d2e COREBOOT_SDK_ROOT_nds32=/home/jpmurphy/.cache/coreboot-sdk/nds32le-elf/d1a518c4a097666d86058e1444f85ca015d15511 COREBOOT_SDK_ROOT_picolibc_riscv64=/home/jpmurphy/.cache/coreboot-sdk/picolibc-riscv64-elf/f571e990ef0278564b31124f8bb109d9a697eb69 COREBOOT_SDK_ROOT_arm=/home/jpmurphy/.cache/coreboot-sdk/arm-eabi/ea40ddd1d190c3b48435c474c0b545719371813a COREBOOT_SDK_ROOT_libstdcxx_riscv64=/home/jpmurphy/.cache/coreboot-sdk/libstdcxx-riscv64-elf/17abf22a3a252e2d5d2062ced5324f7a623689e0 COREBOOT_SDK_ROOT_libstdcxx_arm=/home/jpmurphy/.cache/coreboot-sdk/libstdcxx-arm-eabi/5d7d82e150e44aa1968f1d366e267e6687b328ac COREBOOT_SDK_ROOT_riscv=/home/jpmurphy/.cache/coreboot-sdk/riscv-elf/9a27b9e82341c6e9126624f516ab3f261abb3e73 COREBOOT_SDK_ROOT_libstdcxx_x86=/home/jpmurphy/.cache/coreboot-sdk/libstdcxx-i386-elf/42ef9d2e87a76a37963175d7d428734e65648b87 PYTHONPATH=/mnt/host/source/src/platform/ec/zephyr/zmake PW_PIGWEED_CIPD_INSTALL_DIR=/usr CROSTC_USER_ACKNOWLEDGES_THAT_RISCV_IS_EXPERIMENTAL=1 MAKEFLAGS=' -j16 --jobserver-auth=5,6' /usr/bin/ninja -C /mnt/host/source/src/platform/ec/build/zephyr/mtlrvpp_m1723/build-rw all.libraries`
[minimal-realtek:rw] [249/256] Building C object zephyr/kernel/CMakeFiles/kernel.dir/thread_monitor.c.obj
[minimal-realtek:rw] [250/256] Building C object zephyr/kernel/CMakeFiles/kernel.dir/timeout.c.obj
[mtlrvpp_m1723:rw] ninja: Entering directory `/mnt/host/source/src/platform/ec/build/zephyr/mtlrvpp_m1723/build-rw'
[dirks:ro] [372/372] Linking C static library zephyr/kernel/libkernel.a
Toolchain <zmake.toolchains.CorebootSdkToolchain object at 0x7f4120444cd0> selected by probe function.
[crystaldrift] Building in /mnt/host/source/src/platform/ec/build/zephyr/crystaldrift.
Running (initial) lcov on /mnt/host/source/src/platform/ec/build/zephyr/dirks.
[minimal-realtek:ro] [253/256] Building C object zephyr/kernel/CMakeFiles/kernel.dir/events.c.obj
[winterhold:rw] [1/419] Preparing syscall dependency handling
[minimal-realtek:ro] [254/256] Building C object zephyr/kernel/CMakeFiles/kernel.dir/mempool.c.obj
[mtlrvpp_m1723:rw] [1/393] Preparing syscall dependency handling
[minimal-realtek:rw] [251/256] Building C object zephyr/kernel/CMakeFiles/kernel.dir/timer.c.obj
[crystaldrift:rw] Configuring.
Running `env -i PYTHONPATH=/usr/lib64/python-exec/python3.11:/mnt/host/source/src/platform/ec/zephyr/zmake:/usr/lib/python311.zip:/usr/lib/python3.11:/usr/lib/python3.11/lib-dynload:/usr/lib/python3.11/site-packages PW_PIGWEED_CIPD_INSTALL_DIR=/usr CROSTC_USER_ACKNOWLEDGES_THAT_RISCV_IS_EXPERIMENTAL=1 PATH=/mnt/host/source/chromite/bin:/usr/local/bin:/usr/bin:/bin:/opt/bin:/mnt/host/source/chromite/sdk/bin:/mnt/host/source/chromite/bin HOME=/home/jpmurphy JAVA_HOME=/etc/java-config-2/current-system-vm JDK_HOME=/etc/java-config-2/current-system-vm JAVAC=/etc/java-config-2/current-system-vm/bin/javac MAKEFLAGS=' -j16 --jobserver-auth=5,6' /usr/bin/cmake -S /mnt/host/source/src/platform/ec/zephyr/program/skyrim -B /mnt/host/source/src/platform/ec/build/zephyr/crystaldrift/build-rw -GNinja -DCMAKE_EXPORT_COMPILE_COMMANDS=ON -DZEPHYR_BASE=/mnt/host/source/src/third_party/zephyr/main -DZMAKE_INCLUDE_DIR=/mnt/host/source/src/platform/ec/build/zephyr/crystaldrift/include -DPython3_EXECUTABLE=/usr/bin/python3.11 -DDTS_ROOT=/mnt/host/source/src/platform/ec/zephyr -DSYSCALL_INCLUDE_DIRS=/mnt/host/source/src/platform/ec/zephyr/include/drivers -DUSER_CACHE_DIR=/mnt/host/source/src/platform/ec/build/zephyr/user-cache '-DEXTRA_EC_VERSION_FLAGS=--version 16543.0.0 --static' -DTOOLCHAIN_ROOT=/mnt/host/source/src/platform/ec/zephyr -DCOREBOOT_SDK_ROOT_x86=/home/jpmurphy/.cache/coreboot-sdk/i386-elf/dfbb0486385d938cfa9d73080b9d18d598ed4f49 -DCOREBOOT_SDK_ROOT_picolibc_x86=/home/jpmurphy/.cache/coreboot-sdk/picolibc-i386-elf/eb8e8e687b95461de8cbf278f1c2076952d0ad17 -DCOREBOOT_SDK_ROOT_riscv64=/home/jpmurphy/.cache/coreboot-sdk/riscv64-elf/96b949749225b6aaa92ed810ab769e8dfb12f000 -DCOREBOOT_SDK_ROOT_picolibc_arm=/home/jpmurphy/.cache/coreboot-sdk/picolibc-arm-eabi/422a2aa3e1ef891b5bece9a3deb696ff83840d2e -DCOREBOOT_SDK_ROOT_nds32=/home/jpmurphy/.cache/coreboot-sdk/nds32le-elf/d1a518c4a097666d86058e1444f85ca015d15511 -DCOREBOOT_SDK_ROOT_picolibc_riscv64=/home/jpmurphy/.cache/coreboot-sdk/picolibc-riscv64-elf/f571e990ef0278564b31124f8bb109d9a697eb69 -DCOREBOOT_SDK_ROOT_arm=/home/jpmurphy/.cache/coreboot-sdk/arm-eabi/ea40ddd1d190c3b48435c474c0b545719371813a -DCOREBOOT_SDK_ROOT_libstdcxx_riscv64=/home/jpmurphy/.cache/coreboot-sdk/libstdcxx-riscv64-elf/17abf22a3a252e2d5d2062ced5324f7a623689e0 -DCOREBOOT_SDK_ROOT_libstdcxx_arm=/home/jpmurphy/.cache/coreboot-sdk/libstdcxx-arm-eabi/5d7d82e150e44aa1968f1d366e267e6687b328ac -DCOREBOOT_SDK_ROOT_riscv=/home/jpmurphy/.cache/coreboot-sdk/riscv-elf/9a27b9e82341c6e9126624f516ab3f261abb3e73 -DCOREBOOT_SDK_ROOT_libstdcxx_x86=/home/jpmurphy/.cache/coreboot-sdk/libstdcxx-i386-elf/42ef9d2e87a76a37963175d7d428734e65648b87 -DZEPHYR_TOOLCHAIN_VARIANT=coreboot-sdk '-DZEPHYR_MODULES=/mnt/host/source/src/platform/ec/build/zephyr/crystaldrift/modules/cmsis;/mnt/host/source/src/platform/ec/build/zephyr/crystaldrift/modules/cmsis_6;/mnt/host/source/src/platform/ec/build/zephyr/crystaldrift/modules/ec' -DDTC_OVERLAY_FILE=/mnt/host/source/src/platform/ec/zephyr/program/skyrim/crystaldrift/project.overlay -DBOARD=npcx9/npcx9m3f -DCMAKE_C_FLAGS=-DSECTION_IS_RW '-DCONF_FILE=/mnt/host/source/src/platform/ec/zephyr/program/skyrim/program.conf;/mnt/host/source/src/platform/ec/zephyr/program/skyrim/crystaldrift/project.conf;/mnt/host/source/src/platform/ec/build/zephyr/crystaldrift/kconfig-rw.conf'`
[winterhold:rw] [2/419] Generating misc/generated/syscalls_subdirs.trigger
[mtlrvpp_m1723:ro] Building: /usr/bin/ninja -C /mnt/host/source/src/platform/ec/build/zephyr/mtlrvpp_m1723/build-ro all.libraries
Running `env -i SHELL=/bin/bash COLORTERM=truecolor DEPOT_TOOLS_UPDATE=0 LESS='-R -M --shift 5' SUDO_GID=0 JDK_HOME=/etc/java-config-2/current-system-vm CONFIG_PROTECT_MASK='/etc/gentoo-release /etc/sandbox.d /etc/fonts/fonts.conf /etc/terminfo /etc/ca-certificates.conf /etc/revdep-rebuild' CHROMEOS_CACHEDIR=/var/cache/chromeos-cache JAVA_HOME=/etc/java-config-2/current-system-vm SSH_AUTH_SOCK=/tmp/ssh-auth-sock SUDO_COMMAND=/bin/bash SUDO_USER=root SUDO_TTY=/dev/pts/2 EDITOR=/usr/bin/vi PWD=/mnt/host/source/src/platform/ec CONFIG_PROTECT=/usr/share/gnupg/qualified.txt LOGNAME=jpmurphy MANPATH=/etc/java-config-2/current-system-vm/man:/usr/local/share/man:/usr/share/man:/usr/share/gcc-data/x86_64-pc-linux-gnu/10.2.0/man:/usr/share/binutils-data/x86_64-pc-linux-gnu/2.45/man:/etc/java-config-2/current-system-vm/man/ SUDO_HOME=/root XAUTHORITY=/run/user/944457/gdm/Xauthority HOME=/home/jpmurphy LANG=C.UTF-8 LS_COLORS='rs=0:di=01;34:ln=01;36:mh=00:pi=40;33:so=01;35:do=01;35:bd=40;33;01:cd=40;33;01:or=01;05;37;41:mi=01;05;37;41:su=37;41:sg=30;43:ca=30;41:tw=30;42:ow=34;42:st=37;44:ex=01;32:*.tar=01;31:*.tgz=01;31:*.arc=01;31:*.arj=01;31:*.taz=01;31:*.lha=01;31:*.lz4=01;31:*.lzh=01;31:*.lzma=01;31:*.tlz=01;31:*.txz=01;31:*.tzo=01;31:*.t7z=01;31:*.zip=01;31:*.z=01;31:*.dz=01;31:*.gz=01;31:*.lrz=01;31:*.lz=01;31:*.lzo=01;31:*.xz=01;31:*.zst=01;31:*.tzst=01;31:*.bz2=01;31:*.bz=01;31:*.tbz=01;31:*.tbz2=01;31:*.tz=01;31:*.deb=01;31:*.rpm=01;31:*.jar=01;31:*.war=01;31:*.ear=01;31:*.sar=01;31:*.rar=01;31:*.alz=01;31:*.ace=01;31:*.zoo=01;31:*.cpio=01;31:*.7z=01;31:*.rz=01;31:*.cab=01;31:*.wim=01;31:*.swm=01;31:*.dwm=01;31:*.esd=01;31:*.jpg=01;35:*.jpeg=01;35:*.mjpg=01;35:*.mjpeg=01;35:*.gif=01;35:*.bmp=01;35:*.pbm=01;35:*.pgm=01;35:*.ppm=01;35:*.tga=01;35:*.xbm=01;35:*.xpm=01;35:*.tif=01;35:*.tiff=01;35:*.png=01;35:*.svg=01;35:*.svgz=01;35:*.mng=01;35:*.pcx=01;35:*.mov=01;35:*.mpg=01;35:*.mpeg=01;35:*.m2v=01;35:*.mkv=01;35:*.webm=01;35:*.webp=01;35:*.ogm=01;35:*.mp4=01;35:*.m4v=01;35:*.mp4v=01;35:*.vob=01;35:*.qt=01;35:*.nuv=01;35:*.wmv=01;35:*.asf=01;35:*.rm=01;35:*.rmvb=01;35:*.flc=01;35:*.avi=01;35:*.fli=01;35:*.flv=01;35:*.gl=01;35:*.dl=01;35:*.xcf=01;35:*.xwd=01;35:*.yuv=01;35:*.cgm=01;35:*.emf=01;35:*.ogv=01;35:*.ogx=01;35:*.cfg=00;32:*.conf=00;32:*.diff=00;32:*.doc=00;32:*.ini=00;32:*.log=00;32:*.patch=00;32:*.pdf=00;32:*.ps=00;32:*.tex=00;32:*.txt=00;32:*.aac=00;36:*.au=00;36:*.flac=00;36:*.m4a=00;36:*.mid=00;36:*.midi=00;36:*.mka=00;36:*.mp3=00;36:*.mpc=00;36:*.ogg=00;36:*.ra=00;36:*.wav=00;36:*.oga=00;36:*.opus=00;36:*.spx=00;36:*.xspf=00;36:' XDG_CURRENT_DESKTOP=GNOME INFOPATH=/usr/share/info:/usr/share/gcc-data/x86_64-pc-linux-gnu/10.2.0/info:/usr/share/binutils-data/x86_64-pc-linux-gnu/2.45/info:/usr/share/automake-1.16.5/info JAVAC=/etc/java-config-2/current-system-vm/bin/javac TERM=xterm-256color LESSOPEN='|lesspipe %s' USER=jpmurphy CROS_WORKON_SRCROOT=/mnt/host/source MANPAGER=manpager DISPLAY=:1 SHLVL=1 LC_MESSAGES=C EXTERNAL_TRUNK_PATH=/mnt/8f9d649a-3721-44cc-93c0-e6bd21a9689f/chromiumos GCC_SPECS='' PATH=/mnt/host/source/chromite/bin:/usr/local/bin:/usr/bin:/bin:/opt/bin:/mnt/host/source/chromite/sdk/bin:/mnt/host/source/chromite/bin PORTAGE_USERNAME=jpmurphy SUDO_UID=0 GCC_VER=10.2.0 MAIL=/var/mail/jpmurphy OLDPWD=/mnt/host/source/src/scripts traceparent=00-e87aca51550a78635907baa6a2476181-6d684811675d2973-01 _=./zephyr/firmware_builder.py COREBOOT_SDK_ROOT_x86=/home/jpmurphy/.cache/coreboot-sdk/i386-elf/dfbb0486385d938cfa9d73080b9d18d598ed4f49 COREBOOT_SDK_ROOT_picolibc_x86=/home/jpmurphy/.cache/coreboot-sdk/picolibc-i386-elf/eb8e8e687b95461de8cbf278f1c2076952d0ad17 COREBOOT_SDK_ROOT_riscv64=/home/jpmurphy/.cache/coreboot-sdk/riscv64-elf/96b949749225b6aaa92ed810ab769e8dfb12f000 COREBOOT_SDK_ROOT_picolibc_arm=/home/jpmurphy/.cache/coreboot-sdk/picolibc-arm-eabi/422a2aa3e1ef891b5bece9a3deb696ff83840d2e COREBOOT_SDK_ROOT_nds32=/home/jpmurphy/.cache/coreboot-sdk/nds32le-elf/d1a518c4a097666d86058e1444f85ca015d15511 COREBOOT_SDK_ROOT_picolibc_riscv64=/home/jpmurphy/.cache/coreboot-sdk/picolibc-riscv64-elf/f571e990ef0278564b31124f8bb109d9a697eb69 COREBOOT_SDK_ROOT_arm=/home/jpmurphy/.cache/coreboot-sdk/arm-eabi/ea40ddd1d190c3b48435c474c0b545719371813a COREBOOT_SDK_ROOT_libstdcxx_riscv64=/home/jpmurphy/.cache/coreboot-sdk/libstdcxx-riscv64-elf/17abf22a3a252e2d5d2062ced5324f7a623689e0 COREBOOT_SDK_ROOT_libstdcxx_arm=/home/jpmurphy/.cache/coreboot-sdk/libstdcxx-arm-eabi/5d7d82e150e44aa1968f1d366e267e6687b328ac COREBOOT_SDK_ROOT_riscv=/home/jpmurphy/.cache/coreboot-sdk/riscv-elf/9a27b9e82341c6e9126624f516ab3f261abb3e73 COREBOOT_SDK_ROOT_libstdcxx_x86=/home/jpmurphy/.cache/coreboot-sdk/libstdcxx-i386-elf/42ef9d2e87a76a37963175d7d428734e65648b87 PYTHONPATH=/mnt/host/source/src/platform/ec/zephyr/zmake PW_PIGWEED_CIPD_INSTALL_DIR=/usr CROSTC_USER_ACKNOWLEDGES_THAT_RISCV_IS_EXPERIMENTAL=1 MAKEFLAGS=' -j16 --jobserver-auth=5,6' /usr/bin/ninja -C /mnt/host/source/src/platform/ec/build/zephyr/mtlrvpp_m1723/build-ro all.libraries`
[minimal-realtek:ro] [255/256] Building C object zephyr/kernel/CMakeFiles/kernel.dir/dynamic_disabled.c.obj
[mtlrvpp_m1723:ro] ninja: Entering directory `/mnt/host/source/src/platform/ec/build/zephyr/mtlrvpp_m1723/build-ro'
[crystaldrift:rw] Loading Zephyr default modules (Zephyr base (cached)).
[crystaldrift:rw] -- Application: /mnt/host/source/src/platform/ec/zephyr/program/skyrim
[crystaldrift:rw] -- CMake version: 3.31.7
Running `env -i PYTHONPATH=/usr/lib64/python-exec/python3.11:/mnt/host/source/src/platform/ec/zephyr/zmake:/usr/lib/python311.zip:/usr/lib/python3.11:/usr/lib/python3.11/lib-dynload:/usr/lib/python3.11/site-packages PW_PIGWEED_CIPD_INSTALL_DIR=/usr CROSTC_USER_ACKNOWLEDGES_THAT_RISCV_IS_EXPERIMENTAL=1 PATH=/mnt/host/source/chromite/bin:/usr/local/bin:/usr/bin:/bin:/opt/bin:/mnt/host/source/chromite/sdk/bin:/mnt/host/source/chromite/bin HOME=/home/jpmurphy JAVA_HOME=/etc/java-config-2/current-system-vm JDK_HOME=/etc/java-config-2/current-system-vm JAVAC=/etc/java-config-2/current-system-vm/bin/javac MAKEFLAGS=' -j16 --jobserver-auth=5,6' /usr/bin/lcov --gcov-tool /mnt/host/source/src/platform/ec/build/zephyr/voltorb/build-rw/gcov.sh -q -o - -c -d /mnt/host/source/src/platform/ec/build/zephyr/voltorb -t voltorb --rc branch_coverage=1 --filter range --ignore-errors inconsistent,source --ignore-errors gcov,gcov -i`
[mtlrvpp_m1723:rw] [2/393] Generating misc/generated/syscalls_subdirs.trigger
[minimal-realtek:ro] [256/256] Linking C static library zephyr/kernel/libkernel.a
[minimal-realtek:rw] [252/256] Building C object zephyr/kernel/CMakeFiles/kernel.dir/events.c.obj
Running (initial) lcov on /mnt/host/source/src/platform/ec/build/zephyr/ocelotrvp-ish.
[mtlrvpp_m1723:ro] [1/393] Preparing syscall dependency handling
[minimal-realtek:rw] [253/256] Building C object zephyr/kernel/CMakeFiles/kernel.dir/mempool.c.obj
[minimal-realtek:rw] [254/256] Building C object zephyr/kernel/CMakeFiles/kernel.dir/dynamic_disabled.c.obj
[minimal-realtek:rw] [255/256] Building C object zephyr/kernel/CMakeFiles/kernel.dir/poll.c.obj
[mtlrvpp_m1723:ro] [2/393] Generating misc/generated/syscalls_subdirs.trigger
Running `env -i PYTHONPATH=/usr/lib64/python-exec/python3.11:/mnt/host/source/src/platform/ec/zephyr/zmake:/usr/lib/python311.zip:/usr/lib/python3.11:/usr/lib/python3.11/lib-dynload:/usr/lib/python3.11/site-packages PW_PIGWEED_CIPD_INSTALL_DIR=/usr CROSTC_USER_ACKNOWLEDGES_THAT_RISCV_IS_EXPERIMENTAL=1 PATH=/mnt/host/source/chromite/bin:/usr/local/bin:/usr/bin:/bin:/opt/bin:/mnt/host/source/chromite/sdk/bin:/mnt/host/source/chromite/bin HOME=/home/jpmurphy JAVA_HOME=/etc/java-config-2/current-system-vm JDK_HOME=/etc/java-config-2/current-system-vm JAVAC=/etc/java-config-2/current-system-vm/bin/javac MAKEFLAGS=' -j16 --jobserver-auth=5,6' /usr/bin/lcov --gcov-tool /mnt/host/source/src/platform/ec/build/zephyr/dirks/build-rw/gcov.sh -q -o - -c -d /mnt/host/source/src/platform/ec/build/zephyr/dirks -t dirks --rc branch_coverage=1 --filter range --ignore-errors inconsistent,source --ignore-errors gcov,gcov -i`
[winterhold:rw] [3/419] cd /mnt/host/source/src/platform/ec/build/zephyr/winterhold/build-rw/modules/ec/zephyr && PYTHONPATH=/mnt/host/source/src/platform/ec/build/zephyr/winterhold/modules/ec/zephyr/zmake/ /usr/bin/python3.11 /mnt/host/source/src/platform/ec/build/zephyr/winterhold/modules/ec/zephyr/zmake/zephyr_build_tools/generate_ec_version.py /mnt/host/source/src/platform/ec/build/zephyr/winterhold/build-rw/modules/ec/zephyr/include/ec_version.h --name Zephyr-Kernel --version 16543.0.0 --static
[winterhold:rw] INFO:root:Using a static version string
[mtlrvpp_m1723:rw] [3/393] cd /mnt/host/source/src/platform/ec/build/zephyr/mtlrvpp_m1723/build-rw/modules/ec/zephyr && PYTHONPATH=/mnt/host/source/src/platform/ec/build/zephyr/mtlrvpp_m1723/modules/ec/zephyr/zmake/ /usr/bin/python3.11 /mnt/host/source/src/platform/ec/build/zephyr/mtlrvpp_m1723/modules/ec/zephyr/zmake/zephyr_build_tools/generate_ec_version.py /mnt/host/source/src/platform/ec/build/zephyr/mtlrvpp_m1723/build-rw/modules/ec/zephyr/include/ec_version.h --name Zephyr-Kernel --version 16543.0.0 --static
[mtlrvpp_m1723:rw] INFO:root:Using a static version string
[minimal-realtek:rw] [256/256] Linking C static library zephyr/kernel/libkernel.a
[winterhold:ro] [1/417] Preparing syscall dependency handling
[mtlrvpp_m1723:ro] [3/393] cd /mnt/host/source/src/platform/ec/build/zephyr/mtlrvpp_m1723/build-ro/modules/ec/zephyr && PYTHONPATH=/mnt/host/source/src/platform/ec/build/zephyr/mtlrvpp_m1723/modules/ec/zephyr/zmake/ /usr/bin/python3.11 /mnt/host/source/src/platform/ec/build/zephyr/mtlrvpp_m1723/modules/ec/zephyr/zmake/zephyr_build_tools/generate_ec_version.py /mnt/host/source/src/platform/ec/build/zephyr/mtlrvpp_m1723/build-ro/modules/ec/zephyr/include/ec_version.h --name Zephyr-Kernel --version 16543.0.0 --static
[mtlrvpp_m1723:ro] INFO:root:Using a static version string
[winterhold:ro] [2/417] Generating include/generated/zephyr/version.h
[winterhold:ro] -- git describe warned: warning: tag 'upstream/v2.7.99' is externally known as 'v2.7.99'
[crystaldrift:rw] -- Found Python3: /usr/bin/python3.11 (found suitable version "3.11.11", minimum required is "3.10") found components: Interpreter
[crystaldrift:rw] -- Cache files will be written to: /mnt/host/source/src/platform/ec/build/zephyr/user-cache
[crystaldrift:rw] -- Zephyr version: 4.3.99 (/mnt/host/source/src/third_party/zephyr/main)
[winterhold:rw] INFO:root:Version string: Zephyr-Kernel-16543.0.0
[winterhold:rw] INFO:root:Writing header to /mnt/host/source/src/platform/ec/build/zephyr/winterhold/build-rw/modules/ec/zephyr/include/ec_version.h
[winterhold:rw] [4/419] Generating include/generated/zephyr/version.h
Running (initial) lcov on /mnt/host/source/src/platform/ec/build/zephyr/minimal-realtek.
[winterhold:ro] -- Zephyr version: 4.3.99 (/mnt/host/source/src/third_party/zephyr/main)
[winterhold:ro] [3/417] Generating misc/generated/syscalls_subdirs.trigger
Running `env -i PYTHONPATH=/usr/lib64/python-exec/python3.11:/mnt/host/source/src/platform/ec/zephyr/zmake:/usr/lib/python311.zip:/usr/lib/python3.11:/usr/lib/python3.11/lib-dynload:/usr/lib/python3.11/site-packages PW_PIGWEED_CIPD_INSTALL_DIR=/usr CROSTC_USER_ACKNOWLEDGES_THAT_RISCV_IS_EXPERIMENTAL=1 PATH=/mnt/host/source/chromite/bin:/usr/local/bin:/usr/bin:/bin:/opt/bin:/mnt/host/source/chromite/sdk/bin:/mnt/host/source/chromite/bin HOME=/home/jpmurphy JAVA_HOME=/etc/java-config-2/current-system-vm JDK_HOME=/etc/java-config-2/current-system-vm JAVAC=/etc/java-config-2/current-system-vm/bin/javac MAKEFLAGS=' -j16 --jobserver-auth=5,6' /usr/bin/lcov --gcov-tool /mnt/host/source/src/platform/ec/build/zephyr/ocelotrvp-ish/build-singleimage/gcov.sh -q -o - -c -d /mnt/host/source/src/platform/ec/build/zephyr/ocelotrvp-ish -t ocelotrvp-ish --rc branch_coverage=1 --filter range --ignore-errors inconsistent,source --ignore-errors gcov,gcov -i`
Running (initial) lcov on /mnt/host/source/src/platform/ec/build/zephyr/brox-sku4.
[mtlrvpp_m1723:rw] INFO:root:Version string: Zephyr-Kernel-16543.0.0
[mtlrvpp_m1723:rw] INFO:root:Writing header to /mnt/host/source/src/platform/ec/build/zephyr/mtlrvpp_m1723/build-rw/modules/ec/zephyr/include/ec_version.h
[mtlrvpp_m1723:rw] [4/393] Generating include/generated/zephyr/version.h
[winterhold:ro] [4/417] cd /mnt/host/source/src/platform/ec/build/zephyr/winterhold/build-ro/modules/ec/zephyr && PYTHONPATH=/mnt/host/source/src/platform/ec/build/zephyr/winterhold/modules/ec/zephyr/zmake/ /usr/bin/python3.11 /mnt/host/source/src/platform/ec/build/zephyr/winterhold/modules/ec/zephyr/zmake/zephyr_build_tools/generate_ec_version.py /mnt/host/source/src/platform/ec/build/zephyr/winterhold/build-ro/modules/ec/zephyr/include/ec_version.h --name Zephyr-Kernel --version 16543.0.0 --static
[mtlrvpp_m1723:ro] INFO:root:Version string: Zephyr-Kernel-16543.0.0
[mtlrvpp_m1723:ro] INFO:root:Writing header to /mnt/host/source/src/platform/ec/build/zephyr/mtlrvpp_m1723/build-ro/modules/ec/zephyr/include/ec_version.h
[mtlrvpp_m1723:ro] [4/393] Generating include/generated/zephyr/version.h
[kingler:ro] Building: /usr/bin/ninja -C /mnt/host/source/src/platform/ec/build/zephyr/kingler/build-ro all.libraries
Running `env -i SHELL=/bin/bash COLORTERM=truecolor DEPOT_TOOLS_UPDATE=0 LESS='-R -M --shift 5' SUDO_GID=0 JDK_HOME=/etc/java-config-2/current-system-vm CONFIG_PROTECT_MASK='/etc/gentoo-release /etc/sandbox.d /etc/fonts/fonts.conf /etc/terminfo /etc/ca-certificates.conf /etc/revdep-rebuild' CHROMEOS_CACHEDIR=/var/cache/chromeos-cache JAVA_HOME=/etc/java-config-2/current-system-vm SSH_AUTH_SOCK=/tmp/ssh-auth-sock SUDO_COMMAND=/bin/bash SUDO_USER=root SUDO_TTY=/dev/pts/2 EDITOR=/usr/bin/vi PWD=/mnt/host/source/src/platform/ec CONFIG_PROTECT=/usr/share/gnupg/qualified.txt LOGNAME=jpmurphy MANPATH=/etc/java-config-2/current-system-vm/man:/usr/local/share/man:/usr/share/man:/usr/share/gcc-data/x86_64-pc-linux-gnu/10.2.0/man:/usr/share/binutils-data/x86_64-pc-linux-gnu/2.45/man:/etc/java-config-2/current-system-vm/man/ SUDO_HOME=/root XAUTHORITY=/run/user/944457/gdm/Xauthority HOME=/home/jpmurphy LANG=C.UTF-8 LS_COLORS='rs=0:di=01;34:ln=01;36:mh=00:pi=40;33:so=01;35:do=01;35:bd=40;33;01:cd=40;33;01:or=01;05;37;41:mi=01;05;37;41:su=37;41:sg=30;43:ca=30;41:tw=30;42:ow=34;42:st=37;44:ex=01;32:*.tar=01;31:*.tgz=01;31:*.arc=01;31:*.arj=01;31:*.taz=01;31:*.lha=01;31:*.lz4=01;31:*.lzh=01;31:*.lzma=01;31:*.tlz=01;31:*.txz=01;31:*.tzo=01;31:*.t7z=01;31:*.zip=01;31:*.z=01;31:*.dz=01;31:*.gz=01;31:*.lrz=01;31:*.lz=01;31:*.lzo=01;31:*.xz=01;31:*.zst=01;31:*.tzst=01;31:*.bz2=01;31:*.bz=01;31:*.tbz=01;31:*.tbz2=01;31:*.tz=01;31:*.deb=01;31:*.rpm=01;31:*.jar=01;31:*.war=01;31:*.ear=01;31:*.sar=01;31:*.rar=01;31:*.alz=01;31:*.ace=01;31:*.zoo=01;31:*.cpio=01;31:*.7z=01;31:*.rz=01;31:*.cab=01;31:*.wim=01;31:*.swm=01;31:*.dwm=01;31:*.esd=01;31:*.jpg=01;35:*.jpeg=01;35:*.mjpg=01;35:*.mjpeg=01;35:*.gif=01;35:*.bmp=01;35:*.pbm=01;35:*.pgm=01;35:*.ppm=01;35:*.tga=01;35:*.xbm=01;35:*.xpm=01;35:*.tif=01;35:*.tiff=01;35:*.png=01;35:*.svg=01;35:*.svgz=01;35:*.mng=01;35:*.pcx=01;35:*.mov=01;35:*.mpg=01;35:*.mpeg=01;35:*.m2v=01;35:*.mkv=01;35:*.webm=01;35:*.webp=01;35:*.ogm=01;35:*.mp4=01;35:*.m4v=01;35:*.mp4v=01;35:*.vob=01;35:*.qt=01;35:*.nuv=01;35:*.wmv=01;35:*.asf=01;35:*.rm=01;35:*.rmvb=01;35:*.flc=01;35:*.avi=01;35:*.fli=01;35:*.flv=01;35:*.gl=01;35:*.dl=01;35:*.xcf=01;35:*.xwd=01;35:*.yuv=01;35:*.cgm=01;35:*.emf=01;35:*.ogv=01;35:*.ogx=01;35:*.cfg=00;32:*.conf=00;32:*.diff=00;32:*.doc=00;32:*.ini=00;32:*.log=00;32:*.patch=00;32:*.pdf=00;32:*.ps=00;32:*.tex=00;32:*.txt=00;32:*.aac=00;36:*.au=00;36:*.flac=00;36:*.m4a=00;36:*.mid=00;36:*.midi=00;36:*.mka=00;36:*.mp3=00;36:*.mpc=00;36:*.ogg=00;36:*.ra=00;36:*.wav=00;36:*.oga=00;36:*.opus=00;36:*.spx=00;36:*.xspf=00;36:' XDG_CURRENT_DESKTOP=GNOME INFOPATH=/usr/share/info:/usr/share/gcc-data/x86_64-pc-linux-gnu/10.2.0/info:/usr/share/binutils-data/x86_64-pc-linux-gnu/2.45/info:/usr/share/automake-1.16.5/info JAVAC=/etc/java-config-2/current-system-vm/bin/javac TERM=xterm-256color LESSOPEN='|lesspipe %s' USER=jpmurphy CROS_WORKON_SRCROOT=/mnt/host/source MANPAGER=manpager DISPLAY=:1 SHLVL=1 LC_MESSAGES=C EXTERNAL_TRUNK_PATH=/mnt/8f9d649a-3721-44cc-93c0-e6bd21a9689f/chromiumos GCC_SPECS='' PATH=/mnt/host/source/chromite/bin:/usr/local/bin:/usr/bin:/bin:/opt/bin:/mnt/host/source/chromite/sdk/bin:/mnt/host/source/chromite/bin PORTAGE_USERNAME=jpmurphy SUDO_UID=0 GCC_VER=10.2.0 MAIL=/var/mail/jpmurphy OLDPWD=/mnt/host/source/src/scripts traceparent=00-e87aca51550a78635907baa6a2476181-6d684811675d2973-01 _=./zephyr/firmware_builder.py COREBOOT_SDK_ROOT_x86=/home/jpmurphy/.cache/coreboot-sdk/i386-elf/dfbb0486385d938cfa9d73080b9d18d598ed4f49 COREBOOT_SDK_ROOT_picolibc_x86=/home/jpmurphy/.cache/coreboot-sdk/picolibc-i386-elf/eb8e8e687b95461de8cbf278f1c2076952d0ad17 COREBOOT_SDK_ROOT_riscv64=/home/jpmurphy/.cache/coreboot-sdk/riscv64-elf/96b949749225b6aaa92ed810ab769e8dfb12f000 COREBOOT_SDK_ROOT_picolibc_arm=/home/jpmurphy/.cache/coreboot-sdk/picolibc-arm-eabi/422a2aa3e1ef891b5bece9a3deb696ff83840d2e COREBOOT_SDK_ROOT_nds32=/home/jpmurphy/.cache/coreboot-sdk/nds32le-elf/d1a518c4a097666d86058e1444f85ca015d15511 COREBOOT_SDK_ROOT_picolibc_riscv64=/home/jpmurphy/.cache/coreboot-sdk/picolibc-riscv64-elf/f571e990ef0278564b31124f8bb109d9a697eb69 COREBOOT_SDK_ROOT_arm=/home/jpmurphy/.cache/coreboot-sdk/arm-eabi/ea40ddd1d190c3b48435c474c0b545719371813a COREBOOT_SDK_ROOT_libstdcxx_riscv64=/home/jpmurphy/.cache/coreboot-sdk/libstdcxx-riscv64-elf/17abf22a3a252e2d5d2062ced5324f7a623689e0 COREBOOT_SDK_ROOT_libstdcxx_arm=/home/jpmurphy/.cache/coreboot-sdk/libstdcxx-arm-eabi/5d7d82e150e44aa1968f1d366e267e6687b328ac COREBOOT_SDK_ROOT_riscv=/home/jpmurphy/.cache/coreboot-sdk/riscv-elf/9a27b9e82341c6e9126624f516ab3f261abb3e73 COREBOOT_SDK_ROOT_libstdcxx_x86=/home/jpmurphy/.cache/coreboot-sdk/libstdcxx-i386-elf/42ef9d2e87a76a37963175d7d428734e65648b87 PYTHONPATH=/mnt/host/source/src/platform/ec/zephyr/zmake PW_PIGWEED_CIPD_INSTALL_DIR=/usr CROSTC_USER_ACKNOWLEDGES_THAT_RISCV_IS_EXPERIMENTAL=1 MAKEFLAGS=' -j16 --jobserver-auth=5,6' /usr/bin/ninja -C /mnt/host/source/src/platform/ec/build/zephyr/kingler/build-ro all.libraries`
[kingler:ro] ninja: Entering directory `/mnt/host/source/src/platform/ec/build/zephyr/kingler/build-ro'
Running `env -i PYTHONPATH=/usr/lib64/python-exec/python3.11:/mnt/host/source/src/platform/ec/zephyr/zmake:/usr/lib/python311.zip:/usr/lib/python3.11:/usr/lib/python3.11/lib-dynload:/usr/lib/python3.11/site-packages PW_PIGWEED_CIPD_INSTALL_DIR=/usr CROSTC_USER_ACKNOWLEDGES_THAT_RISCV_IS_EXPERIMENTAL=1 PATH=/mnt/host/source/chromite/bin:/usr/local/bin:/usr/bin:/bin:/opt/bin:/mnt/host/source/chromite/sdk/bin:/mnt/host/source/chromite/bin HOME=/home/jpmurphy JAVA_HOME=/etc/java-config-2/current-system-vm JDK_HOME=/etc/java-config-2/current-system-vm JAVAC=/etc/java-config-2/current-system-vm/bin/javac MAKEFLAGS=' -j16 --jobserver-auth=5,6' /usr/bin/lcov --gcov-tool /mnt/host/source/src/platform/ec/build/zephyr/minimal-realtek/build-rw/gcov.sh -q -o - -c -d /mnt/host/source/src/platform/ec/build/zephyr/minimal-realtek -t minimal-realtek --rc branch_coverage=1 --filter range --ignore-errors inconsistent,source --ignore-errors gcov,gcov -i`
Running `env -i PYTHONPATH=/usr/lib64/python-exec/python3.11:/mnt/host/source/src/platform/ec/zephyr/zmake:/usr/lib/python311.zip:/usr/lib/python3.11:/usr/lib/python3.11/lib-dynload:/usr/lib/python3.11/site-packages PW_PIGWEED_CIPD_INSTALL_DIR=/usr CROSTC_USER_ACKNOWLEDGES_THAT_RISCV_IS_EXPERIMENTAL=1 PATH=/mnt/host/source/chromite/bin:/usr/local/bin:/usr/bin:/bin:/opt/bin:/mnt/host/source/chromite/sdk/bin:/mnt/host/source/chromite/bin HOME=/home/jpmurphy JAVA_HOME=/etc/java-config-2/current-system-vm JDK_HOME=/etc/java-config-2/current-system-vm JAVAC=/etc/java-config-2/current-system-vm/bin/javac MAKEFLAGS=' -j16 --jobserver-auth=5,6' /usr/bin/lcov --gcov-tool /mnt/host/source/src/platform/ec/build/zephyr/brox-sku4/build-rw/gcov.sh -q -o - -c -d /mnt/host/source/src/platform/ec/build/zephyr/brox-sku4 -t brox-sku4 --rc branch_coverage=1 --filter range --ignore-errors inconsistent,source --ignore-errors gcov,gcov -i`
[/mnt/host/source/src/platform/ec/build/zephyr/voltorb-lcov] geninfo: WARNING: using JSON module "JSON::PP" - which is much slower than some alternatives.  Consider installing one of JSON::XS or Cpanel::JSON::XS
[kingler:rw] Building: /usr/bin/ninja -C /mnt/host/source/src/platform/ec/build/zephyr/kingler/build-rw all.libraries
[winterhold:rw] -- git describe warned: warning: tag 'upstream/v2.7.99' is externally known as 'v2.7.99'
[winterhold:rw] -- Zephyr version: 4.3.99 (/mnt/host/source/src/third_party/zephyr/main)
[winterhold:rw] [5/419] Generating misc/generated/syscalls.json, misc/generated/struct_tags.json
Running `env -i SHELL=/bin/bash COLORTERM=truecolor DEPOT_TOOLS_UPDATE=0 LESS='-R -M --shift 5' SUDO_GID=0 JDK_HOME=/etc/java-config-2/current-system-vm CONFIG_PROTECT_MASK='/etc/gentoo-release /etc/sandbox.d /etc/fonts/fonts.conf /etc/terminfo /etc/ca-certificates.conf /etc/revdep-rebuild' CHROMEOS_CACHEDIR=/var/cache/chromeos-cache JAVA_HOME=/etc/java-config-2/current-system-vm SSH_AUTH_SOCK=/tmp/ssh-auth-sock SUDO_COMMAND=/bin/bash SUDO_USER=root SUDO_TTY=/dev/pts/2 EDITOR=/usr/bin/vi PWD=/mnt/host/source/src/platform/ec CONFIG_PROTECT=/usr/share/gnupg/qualified.txt LOGNAME=jpmurphy MANPATH=/etc/java-config-2/current-system-vm/man:/usr/local/share/man:/usr/share/man:/usr/share/gcc-data/x86_64-pc-linux-gnu/10.2.0/man:/usr/share/binutils-data/x86_64-pc-linux-gnu/2.45/man:/etc/java-config-2/current-system-vm/man/ SUDO_HOME=/root XAUTHORITY=/run/user/944457/gdm/Xauthority HOME=/home/jpmurphy LANG=C.UTF-8 LS_COLORS='rs=0:di=01;34:ln=01;36:mh=00:pi=40;33:so=01;35:do=01;35:bd=40;33;01:cd=40;33;01:or=01;05;37;41:mi=01;05;37;41:su=37;41:sg=30;43:ca=30;41:tw=30;42:ow=34;42:st=37;44:ex=01;32:*.tar=01;31:*.tgz=01;31:*.arc=01;31:*.arj=01;31:*.taz=01;31:*.lha=01;31:*.lz4=01;31:*.lzh=01;31:*.lzma=01;31:*.tlz=01;31:*.txz=01;31:*.tzo=01;31:*.t7z=01;31:*.zip=01;31:*.z=01;31:*.dz=01;31:*.gz=01;31:*.lrz=01;31:*.lz=01;31:*.lzo=01;31:*.xz=01;31:*.zst=01;31:*.tzst=01;31:*.bz2=01;31:*.bz=01;31:*.tbz=01;31:*.tbz2=01;31:*.tz=01;31:*.deb=01;31:*.rpm=01;31:*.jar=01;31:*.war=01;31:*.ear=01;31:*.sar=01;31:*.rar=01;31:*.alz=01;31:*.ace=01;31:*.zoo=01;31:*.cpio=01;31:*.7z=01;31:*.rz=01;31:*.cab=01;31:*.wim=01;31:*.swm=01;31:*.dwm=01;31:*.esd=01;31:*.jpg=01;35:*.jpeg=01;35:*.mjpg=01;35:*.mjpeg=01;35:*.gif=01;35:*.bmp=01;35:*.pbm=01;35:*.pgm=01;35:*.ppm=01;35:*.tga=01;35:*.xbm=01;35:*.xpm=01;35:*.tif=01;35:*.tiff=01;35:*.png=01;35:*.svg=01;35:*.svgz=01;35:*.mng=01;35:*.pcx=01;35:*.mov=01;35:*.mpg=01;35:*.mpeg=01;35:*.m2v=01;35:*.mkv=01;35:*.webm=01;35:*.webp=01;35:*.ogm=01;35:*.mp4=01;35:*.m4v=01;35:*.mp4v=01;35:*.vob=01;35:*.qt=01;35:*.nuv=01;35:*.wmv=01;35:*.asf=01;35:*.rm=01;35:*.rmvb=01;35:*.flc=01;35:*.avi=01;35:*.fli=01;35:*.flv=01;35:*.gl=01;35:*.dl=01;35:*.xcf=01;35:*.xwd=01;35:*.yuv=01;35:*.cgm=01;35:*.emf=01;35:*.ogv=01;35:*.ogx=01;35:*.cfg=00;32:*.conf=00;32:*.diff=00;32:*.doc=00;32:*.ini=00;32:*.log=00;32:*.patch=00;32:*.pdf=00;32:*.ps=00;32:*.tex=00;32:*.txt=00;32:*.aac=00;36:*.au=00;36:*.flac=00;36:*.m4a=00;36:*.mid=00;36:*.midi=00;36:*.mka=00;36:*.mp3=00;36:*.mpc=00;36:*.ogg=00;36:*.ra=00;36:*.wav=00;36:*.oga=00;36:*.opus=00;36:*.spx=00;36:*.xspf=00;36:' XDG_CURRENT_DESKTOP=GNOME INFOPATH=/usr/share/info:/usr/share/gcc-data/x86_64-pc-linux-gnu/10.2.0/info:/usr/share/binutils-data/x86_64-pc-linux-gnu/2.45/info:/usr/share/automake-1.16.5/info JAVAC=/etc/java-config-2/current-system-vm/bin/javac TERM=xterm-256color LESSOPEN='|lesspipe %s' USER=jpmurphy CROS_WORKON_SRCROOT=/mnt/host/source MANPAGER=manpager DISPLAY=:1 SHLVL=1 LC_MESSAGES=C EXTERNAL_TRUNK_PATH=/mnt/8f9d649a-3721-44cc-93c0-e6bd21a9689f/chromiumos GCC_SPECS='' PATH=/mnt/host/source/chromite/bin:/usr/local/bin:/usr/bin:/bin:/opt/bin:/mnt/host/source/chromite/sdk/bin:/mnt/host/source/chromite/bin PORTAGE_USERNAME=jpmurphy SUDO_UID=0 GCC_VER=10.2.0 MAIL=/var/mail/jpmurphy OLDPWD=/mnt/host/source/src/scripts traceparent=00-e87aca51550a78635907baa6a2476181-6d684811675d2973-01 _=./zephyr/firmware_builder.py COREBOOT_SDK_ROOT_x86=/home/jpmurphy/.cache/coreboot-sdk/i386-elf/dfbb0486385d938cfa9d73080b9d18d598ed4f49 COREBOOT_SDK_ROOT_picolibc_x86=/home/jpmurphy/.cache/coreboot-sdk/picolibc-i386-elf/eb8e8e687b95461de8cbf278f1c2076952d0ad17 COREBOOT_SDK_ROOT_riscv64=/home/jpmurphy/.cache/coreboot-sdk/riscv64-elf/96b949749225b6aaa92ed810ab769e8dfb12f000 COREBOOT_SDK_ROOT_picolibc_arm=/home/jpmurphy/.cache/coreboot-sdk/picolibc-arm-eabi/422a2aa3e1ef891b5bece9a3deb696ff83840d2e COREBOOT_SDK_ROOT_nds32=/home/jpmurphy/.cache/coreboot-sdk/nds32le-elf/d1a518c4a097666d86058e1444f85ca015d15511 COREBOOT_SDK_ROOT_picolibc_riscv64=/home/jpmurphy/.cache/coreboot-sdk/picolibc-riscv64-elf/f571e990ef0278564b31124f8bb109d9a697eb69 COREBOOT_SDK_ROOT_arm=/home/jpmurphy/.cache/coreboot-sdk/arm-eabi/ea40ddd1d190c3b48435c474c0b545719371813a COREBOOT_SDK_ROOT_libstdcxx_riscv64=/home/jpmurphy/.cache/coreboot-sdk/libstdcxx-riscv64-elf/17abf22a3a252e2d5d2062ced5324f7a623689e0 COREBOOT_SDK_ROOT_libstdcxx_arm=/home/jpmurphy/.cache/coreboot-sdk/libstdcxx-arm-eabi/5d7d82e150e44aa1968f1d366e267e6687b328ac COREBOOT_SDK_ROOT_riscv=/home/jpmurphy/.cache/coreboot-sdk/riscv-elf/9a27b9e82341c6e9126624f516ab3f261abb3e73 COREBOOT_SDK_ROOT_libstdcxx_x86=/home/jpmurphy/.cache/coreboot-sdk/libstdcxx-i386-elf/42ef9d2e87a76a37963175d7d428734e65648b87 PYTHONPATH=/mnt/host/source/src/platform/ec/zephyr/zmake PW_PIGWEED_CIPD_INSTALL_DIR=/usr CROSTC_USER_ACKNOWLEDGES_THAT_RISCV_IS_EXPERIMENTAL=1 MAKEFLAGS=' -j16 --jobserver-auth=5,6' /usr/bin/ninja -C /mnt/host/source/src/platform/ec/build/zephyr/kingler/build-rw all.libraries`
[kingler:rw] ninja: Entering directory `/mnt/host/source/src/platform/ec/build/zephyr/kingler/build-rw'
[mtlrvpp_m1723:rw] -- git describe warned: warning: tag 'upstream/v2.7.99' is externally known as 'v2.7.99'
[mtlrvpp_m1723:rw] -- Zephyr version: 4.3.99 (/mnt/host/source/src/third_party/zephyr/main)
[mtlrvpp_m1723:rw] [5/393] Generating misc/generated/syscalls.json, misc/generated/struct_tags.json
[winterhold:rw] [6/419] Generating include/generated/zephyr/syscall_dispatch.c, include/generated/zephyr/syscall_exports_llext.c, syscall_weakdefs_llext.c, include/generated/zephyr/syscall_list.h
[/mnt/host/source/src/platform/ec/build/zephyr/ocelotrvp-ish-lcov] geninfo: WARNING: (format) invalid characters removed from testname
[mtlrvpp_m1723:ro] -- git describe warned: warning: tag 'upstream/v2.7.99' is externally known as 'v2.7.99'
[mtlrvpp_m1723:ro] -- Zephyr version: 4.3.99 (/mnt/host/source/src/third_party/zephyr/main)
[mtlrvpp_m1723:ro] [5/393] Generating misc/generated/syscalls.json, misc/generated/struct_tags.json
[mtlrvpp_m1723:rw] [6/393] Generating include/generated/zephyr/syscall_dispatch.c, include/generated/zephyr/syscall_exports_llext.c, syscall_weakdefs_llext.c, include/generated/zephyr/syscall_list.h
[/mnt/host/source/src/platform/ec/build/zephyr/dirks-lcov] geninfo: WARNING: using JSON module "JSON::PP" - which is much slower than some alternatives.  Consider installing one of JSON::XS or Cpanel::JSON::XS
[winterhold:rw] [7/419] Generating include/generated/zephyr/driver-validation.h
[kingler:ro] [1/388] Generating include/generated/zephyr/version.h
[kingler:ro] -- git describe warned: warning: tag 'upstream/v2.7.99' is externally known as 'v2.7.99'
[kingler:ro] -- Zephyr version: 4.3.99 (/mnt/host/source/src/third_party/zephyr/main)
[kingler:ro] [2/388] Preparing syscall dependency handling
[winterhold:rw] [8/419] Generating include/generated/zephyr/kobj-types-enum.h, include/generated/zephyr/otype-to-str.h, include/generated/zephyr/otype-to-size.h
[winterhold:ro] INFO:root:Using a static version string
[winterhold:ro] INFO:root:Version string: Zephyr-Kernel-16543.0.0
[winterhold:ro] INFO:root:Writing header to /mnt/host/source/src/platform/ec/build/zephyr/winterhold/build-ro/modules/ec/zephyr/include/ec_version.h
[winterhold:ro] [5/417] Generating misc/generated/syscalls.json, misc/generated/struct_tags.json
[winterhold:rw] [9/419] Generating include/generated/device-api-sections.ld, include/generated/device-api-sections.cmake
[mtlrvpp_m1723:ro] [6/393] Generating include/generated/zephyr/syscall_dispatch.c, include/generated/zephyr/syscall_exports_llext.c, syscall_weakdefs_llext.c, include/generated/zephyr/syscall_list.h
[mtlrvpp_m1723:rw] [7/393] Generating include/generated/zephyr/kobj-types-enum.h, include/generated/zephyr/otype-to-str.h, include/generated/zephyr/otype-to-size.h
[kingler:ro] [3/388] Generating misc/generated/syscalls_subdirs.trigger
[mtlrvpp_m1723:rw] [8/393] Generating include/generated/zephyr/driver-validation.h
[mtlrvpp_m1723:ro] [7/393] Generating include/generated/device-api-sections.ld, include/generated/device-api-sections.cmake
[/mnt/host/source/src/platform/ec/build/zephyr/minimal-realtek-lcov] geninfo: WARNING: (format) invalid characters removed from testname
[mtlrvpp_m1723:rw] [9/393] Generating include/generated/device-api-sections.ld, include/generated/device-api-sections.cmake
[mtlrvpp_m1723:ro] [8/393] Generating include/generated/zephyr/driver-validation.h
[mtlrvpp_m1723:ro] [9/393] Generating include/generated/zephyr/kobj-types-enum.h, include/generated/zephyr/otype-to-str.h, include/generated/zephyr/otype-to-size.h
[winterhold:ro] [6/417] Generating include/generated/zephyr/syscall_dispatch.c, include/generated/zephyr/syscall_exports_llext.c, syscall_weakdefs_llext.c, include/generated/zephyr/syscall_list.h
[/mnt/host/source/src/platform/ec/build/zephyr/ocelotrvp-ish-lcov] 	(use "geninfo --ignore-errors format,format ..." to suppress this warning)
[/mnt/host/source/src/platform/ec/build/zephyr/ocelotrvp-ish-lcov] stderr:
[kingler:ro] [4/388] cd /mnt/host/source/src/platform/ec/build/zephyr/kingler/build-ro/modules/ec/zephyr && PYTHONPATH=/mnt/host/source/src/platform/ec/build/zephyr/kingler/modules/ec/zephyr/zmake/ /usr/bin/python3.11 /mnt/host/source/src/platform/ec/build/zephyr/kingler/modules/ec/zephyr/zmake/zephyr_build_tools/generate_ec_version.py /mnt/host/source/src/platform/ec/build/zephyr/kingler/build-ro/modules/ec/zephyr/include/ec_version.h --name Zephyr-Kernel --version 16543.0.0 --static
[kingler:ro] INFO:root:Using a static version string
[/mnt/host/source/src/platform/ec/build/zephyr/ocelotrvp-ish-lcov]   /mnt/host/source/src/platform/ec/build/zephyr/ocelotrvp-ish/build-singleimage/modules/pigweed/pw_log_zephyr/CMakeFiles/pw_log_zephyr.dir/log_zephyr.cc.gcno:no functions found
[/mnt/host/source/src/platform/ec/build/zephyr/ocelotrvp-ish-lcov] geninfo: WARNING: using JSON module "JSON::PP" - which is much slower than some alternatives.  Consider installing one of JSON::XS or Cpanel::JSON::XS
[winterhold:rw] [10/419] Building C object zephyr/drivers/sensor/CMakeFiles/drivers__sensor.dir/mnt/host/source/src/third_party/zephyr/main/misc/empty_file.c.obj
[crystaldrift:rw] -- Board: npcx9, qualifiers: npcx9m3f
[/mnt/host/source/src/platform/ec/build/zephyr/minimal-realtek-lcov] 	(use "geninfo --ignore-errors format,format ..." to suppress this warning)
[/mnt/host/source/src/platform/ec/build/zephyr/minimal-realtek-lcov] geninfo: WARNING: using JSON module "JSON::PP" - which is much slower than some alternatives.  Consider installing one of JSON::XS or Cpanel::JSON::XS
[kingler:rw] [1/388] Generating include/generated/zephyr/version.h
[winterhold:rw] [11/419] Linking C static library zephyr/drivers/sensor/libdrivers__sensor.a
[kingler:rw] -- git describe warned: warning: tag 'upstream/v2.7.99' is externally known as 'v2.7.99'
[kingler:rw] -- Zephyr version: 4.3.99 (/mnt/host/source/src/third_party/zephyr/main)
[kingler:rw] [2/388] Preparing syscall dependency handling
[winterhold:ro] [7/417] Generating include/generated/zephyr/driver-validation.h
[/mnt/host/source/src/platform/ec/build/zephyr/brox-sku4-lcov] geninfo: WARNING: (format) invalid characters removed from testname
[/mnt/host/source/src/platform/ec/build/zephyr/dirks-lcov] stderr:
[winterhold:ro] [8/417] Generating include/generated/zephyr/kobj-types-enum.h, include/generated/zephyr/otype-to-str.h, include/generated/zephyr/otype-to-size.h
[kingler:rw] [3/388] Generating misc/generated/syscalls_subdirs.trigger
[winterhold:ro] [9/417] Generating include/generated/device-api-sections.ld, include/generated/device-api-sections.cmake
[/mnt/host/source/src/platform/ec/build/zephyr/voltorb-lcov] stderr:
[mtlrvpp_m1723:rw] [10/393] Building C object zephyr/drivers/sensor/CMakeFiles/drivers__sensor.dir/mnt/host/source/src/third_party/zephyr/main/misc/empty_file.c.obj
[/mnt/host/source/src/platform/ec/build/zephyr/brox-sku4-lcov] 	(use "geninfo --ignore-errors format,format ..." to suppress this warning)
[/mnt/host/source/src/platform/ec/build/zephyr/brox-sku4-lcov] geninfo: WARNING: using JSON module "JSON::PP" - which is much slower than some alternatives.  Consider installing one of JSON::XS or Cpanel::JSON::XS
[mtlrvpp_m1723:rw] [11/393] Linking C static library zephyr/drivers/sensor/libdrivers__sensor.a
[/mnt/host/source/src/platform/ec/build/zephyr/voltorb-lcov]   /mnt/host/source/src/platform/ec/build/zephyr/voltorb/build-ro/modules/ec/zephyr/CMakeFiles/ec_shim.dir/shim/src/power.c.gcno:no functions found
[/mnt/host/source/src/platform/ec/build/zephyr/voltorb-lcov] stderr:
[/mnt/host/source/src/platform/ec/build/zephyr/dirks-lcov]   /mnt/host/source/src/platform/ec/build/zephyr/dirks/build-ro/modules/ec/zephyr/CMakeFiles/ec_shim.dir/shim/src/cec.c.gcno:no functions found
[/mnt/host/source/src/platform/ec/build/zephyr/dirks-lcov] stderr:
Toolchain <zmake.toolchains.CorebootSdkToolchain object at 0x7f4142ffe1d0> selected by probe function.
[skywalker-tps6699x] Building in /mnt/host/source/src/platform/ec/build/zephyr/skywalker-tps6699x.
[mtlrvpp_m1723:rw] [12/393] Building C object zephyr/CMakeFiles/offsets.dir/arch/arm/core/offsets/offsets.c.obj
[winterhold:rw] [12/419] Building C object zephyr/CMakeFiles/offsets.dir/arch/arm/core/offsets/offsets.c.obj
[/mnt/host/source/src/platform/ec/build/zephyr/voltorb-lcov]   /mnt/host/source/src/platform/ec/build/zephyr/voltorb/build-ro/modules/ec/zephyr/CMakeFiles/ec_shim.dir/shim/src/thermal.c.gcno:no functions found
[/mnt/host/source/src/platform/ec/build/zephyr/voltorb-lcov] stderr:
[mtlrvpp_m1723:ro] [10/393] Building C object zephyr/CMakeFiles/offsets.dir/arch/arm/core/offsets/offsets.c.obj
[kingler:rw] [4/388] cd /mnt/host/source/src/platform/ec/build/zephyr/kingler/build-rw/modules/ec/zephyr && PYTHONPATH=/mnt/host/source/src/platform/ec/build/zephyr/kingler/modules/ec/zephyr/zmake/ /usr/bin/python3.11 /mnt/host/source/src/platform/ec/build/zephyr/kingler/modules/ec/zephyr/zmake/zephyr_build_tools/generate_ec_version.py /mnt/host/source/src/platform/ec/build/zephyr/kingler/build-rw/modules/ec/zephyr/include/ec_version.h --name Zephyr-Kernel --version 16543.0.0 --static
[kingler:rw] INFO:root:Using a static version string
[winterhold:ro] [10/417] Building C object zephyr/drivers/sensor/CMakeFiles/drivers__sensor.dir/mnt/host/source/src/third_party/zephyr/main/misc/empty_file.c.obj
[kingler:ro] INFO:root:Version string: Zephyr-Kernel-16543.0.0
[kingler:ro] INFO:root:Writing header to /mnt/host/source/src/platform/ec/build/zephyr/kingler/build-ro/modules/ec/zephyr/include/ec_version.h
[kingler:ro] [5/388] Generating misc/generated/syscalls.json, misc/generated/struct_tags.json
[winterhold:rw] [13/419] Generating include/generated/zephyr/offsets.h
[winterhold:ro] [11/417] Linking C static library zephyr/drivers/sensor/libdrivers__sensor.a
[mtlrvpp_m1723:rw] [13/393] Generating include/generated/zephyr/offsets.h
[mtlrvpp_m1723:ro] [11/393] Generating include/generated/zephyr/offsets.h
[mtlrvpp_m1723:ro] [12/393] Building C object zephyr/drivers/sensor/CMakeFiles/drivers__sensor.dir/mnt/host/source/src/third_party/zephyr/main/misc/empty_file.c.obj
[kingler:ro] [6/388] Generating include/generated/zephyr/syscall_dispatch.c, include/generated/zephyr/syscall_exports_llext.c, syscall_weakdefs_llext.c, include/generated/zephyr/syscall_list.h
[/mnt/host/source/src/platform/ec/build/zephyr/voltorb-lcov]   /mnt/host/source/src/platform/ec/build/zephyr/voltorb/build-ro/modules/ec/zephyr/CMakeFiles/ec_shim.dir/shim/src/battery.c.gcno:no functions found
[/mnt/host/source/src/platform/ec/build/zephyr/voltorb-lcov] stderr:
[winterhold:ro] [12/417] Building C object zephyr/CMakeFiles/offsets.dir/arch/arm/core/offsets/offsets.c.obj
[/mnt/host/source/src/platform/ec/build/zephyr/voltorb-lcov]   /mnt/host/source/src/platform/ec/build/zephyr/voltorb/build-ro/modules/ec/zephyr/CMakeFiles/ec_shim.dir/shim/src/charger.c.gcno:no functions found
[/mnt/host/source/src/platform/ec/build/zephyr/voltorb-lcov] stderr:
[/mnt/host/source/src/platform/ec/build/zephyr/dirks-lcov]   /mnt/host/source/src/platform/ec/build/zephyr/dirks/build-ro/modules/ec/zephyr/CMakeFiles/ec_shim.dir/shim/src/thermal.c.gcno:no functions found
[/mnt/host/source/src/platform/ec/build/zephyr/dirks-lcov] stderr:
[kingler:rw] INFO:root:Version string: Zephyr-Kernel-16543.0.0
[kingler:rw] INFO:root:Writing header to /mnt/host/source/src/platform/ec/build/zephyr/kingler/build-rw/modules/ec/zephyr/include/ec_version.h
[kingler:rw] [5/388] Generating misc/generated/syscalls.json, misc/generated/struct_tags.json
[kingler:ro] [7/388] Generating include/generated/zephyr/driver-validation.h
[winterhold:ro] [13/417] Generating include/generated/zephyr/offsets.h
[kingler:rw] [6/388] Generating include/generated/zephyr/syscall_dispatch.c, include/generated/zephyr/syscall_exports_llext.c, syscall_weakdefs_llext.c, include/generated/zephyr/syscall_list.h
[kingler:ro] [8/388] Generating include/generated/zephyr/kobj-types-enum.h, include/generated/zephyr/otype-to-str.h, include/generated/zephyr/otype-to-size.h
[kingler:ro] [9/388] Generating include/generated/device-api-sections.ld, include/generated/device-api-sections.cmake
[mtlrvpp_m1723:rw] [14/393] Building C object CMakeFiles/app.dir/mnt/host/source/src/platform/ec/zephyr/subsys/ap_pwrseq/ap_events.c.obj
[kingler:rw] [7/388] Generating include/generated/zephyr/driver-validation.h
[/mnt/host/source/src/platform/ec/build/zephyr/trulo-ti-lcov]   /mnt/host/source/src/platform/ec/build/zephyr/trulo-ti/build-rw/CMakeFiles/app.dir/mnt/host/source/src/platform/ec/build/zephyr/trulo-ti/modules/ec/common/cbi_config.c.gcno:no functions found
[mtlrvpp_m1723:ro] [13/393] Building C object CMakeFiles/app.dir/mnt/host/source/src/platform/ec/zephyr/subsys/ap_pwrseq/ap_events.c.obj
[/mnt/host/source/src/platform/ec/build/zephyr/trulo-ti-lcov] stderr:
[winterhold:rw] [14/419] Building C object CMakeFiles/app.dir/mnt/host/source/src/platform/ec/zephyr/subsys/ap_pwrseq/ap_events.c.obj
[kingler:rw] [8/388] Generating include/generated/zephyr/kobj-types-enum.h, include/generated/zephyr/otype-to-str.h, include/generated/zephyr/otype-to-size.h
[/mnt/host/source/src/platform/ec/build/zephyr/brox-sku4-lcov] stderr:
[kingler:rw] [9/388] Generating include/generated/device-api-sections.ld, include/generated/device-api-sections.cmake
[mtlrvpp_m1723:ro] [14/393] Building C object CMakeFiles/app.dir/mnt/host/source/src/platform/ec/zephyr/subsys/ap_pwrseq/ap_power_interface.c.obj
[/mnt/host/source/src/platform/ec/build/zephyr/voltorb-lcov]   /mnt/host/source/src/platform/ec/build/zephyr/voltorb/build-ro/modules/ec/zephyr/CMakeFiles/ec_shim.dir/shim/src/usb_muxes.c.gcno:no functions found
[/mnt/host/source/src/platform/ec/build/zephyr/voltorb-lcov] stderr:
[crystaldrift:rw] -- Found Dtc: /usr/bin/dtc (found suitable version "1.6.0", minimum required is "1.4.6")
[crystaldrift:rw] -- Found BOARD.dts: /mnt/host/source/src/platform/ec/zephyr/boards/google/npcx9/npcx9_npcx9m3f.dts
[/mnt/host/source/src/platform/ec/build/zephyr/dirks-lcov]   /mnt/host/source/src/platform/ec/build/zephyr/dirks/build-ro/modules/ec/zephyr/CMakeFiles/ec_shim.dir/shim/src/usb_muxes.c.gcno:no functions found
[/mnt/host/source/src/platform/ec/build/zephyr/dirks-lcov] stderr:
[/mnt/host/source/src/platform/ec/build/zephyr/brox-sku4-lcov]   /mnt/host/source/src/platform/ec/build/zephyr/brox-sku4/build-ro/modules/ec/zephyr/CMakeFiles/ec_shim.dir/shim/src/thermal.c.gcno:no functions found
[/mnt/host/source/src/platform/ec/build/zephyr/brox-sku4-lcov] stderr:
[winterhold:rw] [15/419] Building C object CMakeFiles/app.dir/mnt/host/source/src/platform/ec/build/zephyr/winterhold/modules/ec/builtin/stdlib.c.obj
[winterhold:ro] [14/417] Building C object CMakeFiles/app.dir/mnt/host/source/src/platform/ec/zephyr/subsys/ap_pwrseq/ap_events.c.obj
[kingler:ro] [10/388] Building C object zephyr/CMakeFiles/offsets.dir/arch/arm/core/offsets/offsets.c.obj
[/mnt/host/source/src/platform/ec/build/zephyr/voltorb-lcov]   /mnt/host/source/src/platform/ec/build/zephyr/voltorb/build-ro/modules/ec/zephyr/CMakeFiles/ec_shim.dir/shim/src/usba.c.gcno:no functions found
[/mnt/host/source/src/platform/ec/build/zephyr/voltorb-lcov] stderr:
[winterhold:rw] [16/419] Building C object CMakeFiles/app.dir/mnt/host/source/src/platform/ec/build/zephyr/winterhold/modules/ec/common/base32.c.obj
[kingler:ro] [11/388] Generating include/generated/zephyr/offsets.h
[/mnt/host/source/src/platform/ec/build/zephyr/brox-sku4-lcov]   /mnt/host/source/src/platform/ec/build/zephyr/brox-sku4/build-ro/modules/ec/zephyr/CMakeFiles/ec_shim.dir/shim/src/battery.c.gcno:no functions found
[/mnt/host/source/src/platform/ec/build/zephyr/brox-sku4-lcov] stderr:
[/mnt/host/source/src/platform/ec/build/zephyr/voltorb-lcov]   /mnt/host/source/src/platform/ec/build/zephyr/voltorb/build-ro/modules/ec/zephyr/CMakeFiles/ec_shim.dir/shim/src/keyscan.c.gcno:no functions found
[/mnt/host/source/src/platform/ec/build/zephyr/voltorb-lcov] stderr:
[mtlrvpp_m1723:ro] [15/393] Building C object CMakeFiles/app.dir/mnt/host/source/src/platform/ec/zephyr/subsys/ap_pwrseq/power_signals.c.obj
[mtlrvpp_m1723:rw] [15/393] Building C object CMakeFiles/app.dir/mnt/host/source/src/platform/ec/zephyr/subsys/ap_pwrseq/ap_power_interface.c.obj
[kingler:rw] [10/388] Building C object zephyr/CMakeFiles/offsets.dir/arch/arm/core/offsets/offsets.c.obj
[/mnt/host/source/src/platform/ec/build/zephyr/ocelotrvp-ish-lcov] stderr:
[/mnt/host/source/src/platform/ec/build/zephyr/ocelotrvp-ish-lcov]   /mnt/host/source/src/platform/ec/build/zephyr/ocelotrvp-ish/build-singleimage/modules/ec/zephyr/drivers/pw_transport/CMakeFiles/pw_transport.proto.nanopb.dir/pw_transport.proto/nanopb/pw_transport/proto/transport.pb.c.gcno:no functions found
[/mnt/host/source/src/platform/ec/build/zephyr/ocelotrvp-ish-lcov] stderr:
[mtlrvpp_m1723:ro] [16/393] Building C object CMakeFiles/app.dir/mnt/host/source/src/platform/ec/zephyr/subsys/ap_pwrseq/signal_gpio.c.obj
[winterhold:rw] [17/419] Building C object CMakeFiles/app.dir/mnt/host/source/src/platform/ec/build/zephyr/winterhold/modules/ec/common/console_output.c.obj
[kingler:rw] [11/388] Generating include/generated/zephyr/offsets.h
[kingler:ro] [12/388] Building C object CMakeFiles/app.dir/mnt/host/source/src/platform/ec/zephyr/subsys/ap_pwrseq/ap_events.c.obj
[winterhold:rw] [18/419] Building C object CMakeFiles/app.dir/mnt/host/source/src/platform/ec/build/zephyr/winterhold/modules/ec/common/ec_features.c.obj
[/mnt/host/source/src/platform/ec/build/zephyr/brox-sku4-lcov]   /mnt/host/source/src/platform/ec/build/zephyr/brox-sku4/build-ro/modules/ec/zephyr/CMakeFiles/ec_shim.dir/shim/src/charger.c.gcno:no functions found
[/mnt/host/source/src/platform/ec/build/zephyr/brox-sku4-lcov] stderr:
[winterhold:ro] [15/417] Building C object CMakeFiles/app.dir/mnt/host/source/src/platform/ec/build/zephyr/winterhold/modules/ec/builtin/stdlib.c.obj
[/mnt/host/source/src/platform/ec/build/zephyr/trulo-ti-lcov]   /mnt/host/source/src/platform/ec/build/zephyr/trulo-ti/build-rw/zephyr/arch/arch/arm/core/mpu/CMakeFiles/arch__arm__core__mpu.dir/arm_mpu_regions.c.gcno:no functions found
[/mnt/host/source/src/platform/ec/build/zephyr/trulo-ti-lcov] stderr:
[winterhold:rw] [19/419] Building C object CMakeFiles/app.dir/mnt/host/source/src/platform/ec/build/zephyr/winterhold/modules/ec/common/gpio_commands.c.obj
[mtlrvpp_m1723:rw] [16/393] Building C object CMakeFiles/app.dir/mnt/host/source/src/platform/ec/zephyr/subsys/ap_pwrseq/power_signals.c.obj
[mtlrvpp_m1723:ro] [17/393] Building C object CMakeFiles/app.dir/mnt/host/source/src/platform/ec/zephyr/subsys/ap_pwrseq/signal_vw.c.obj
[kingler:rw] [12/388] Building C object CMakeFiles/app.dir/mnt/host/source/src/platform/ec/zephyr/subsys/ap_pwrseq/ap_events.c.obj
[mtlrvpp_m1723:ro] [18/393] Building C object CMakeFiles/app.dir/mnt/host/source/src/platform/ec/zephyr/subsys/ap_pwrseq/power_host_sleep.c.obj
[kingler:ro] [13/388] Building C object CMakeFiles/app.dir/mnt/host/source/src/platform/ec/build/zephyr/kingler/modules/ec/builtin/stdlib.c.obj
[winterhold:rw] [20/419] Building C object CMakeFiles/app.dir/mnt/host/source/src/platform/ec/build/zephyr/winterhold/modules/ec/common/peripheral.c.obj
[winterhold:ro] [16/417] Building C object CMakeFiles/app.dir/mnt/host/source/src/platform/ec/build/zephyr/winterhold/modules/ec/common/base32.c.obj
[winterhold:rw] [21/419] Building C object CMakeFiles/app.dir/mnt/host/source/src/platform/ec/build/zephyr/winterhold/modules/ec/common/queue.c.obj
[crystaldrift:rw] -- Found devicetree overlay: /mnt/host/source/src/platform/ec/zephyr/program/skyrim/crystaldrift/project.overlay
[crystaldrift:rw] -- Generated zephyr.dts: /mnt/host/source/src/platform/ec/build/zephyr/crystaldrift/build-rw/zephyr/zephyr.dts
[crystaldrift:rw] -- Generated pickled edt: /mnt/host/source/src/platform/ec/build/zephyr/crystaldrift/build-rw/zephyr/edt.pickle
[winterhold:rw] [22/419] Building C object CMakeFiles/app.dir/mnt/host/source/src/platform/ec/build/zephyr/winterhold/modules/ec/common/printf.c.obj
[/mnt/host/source/src/platform/ec/build/zephyr/trulo-ti-lcov]   /mnt/host/source/src/platform/ec/build/zephyr/trulo-ti/build-rw/zephyr/arch/common/CMakeFiles/isr_tables.dir/isr_tables.c.gcno:no functions found
[/mnt/host/source/src/platform/ec/build/zephyr/trulo-ti-lcov] stderr:
[mtlrvpp_m1723:rw] [17/393] Building C object CMakeFiles/app.dir/mnt/host/source/src/platform/ec/zephyr/subsys/ap_pwrseq/signal_gpio.c.obj
[kingler:rw] [13/388] Building C object CMakeFiles/app.dir/mnt/host/source/src/platform/ec/build/zephyr/kingler/modules/ec/builtin/stdlib.c.obj
[mtlrvpp_m1723:ro] [19/393] Building C object CMakeFiles/app.dir/mnt/host/source/src/platform/ec/zephyr/subsys/ap_pwrseq/x86_non_dsx_common_pwrseq_sm_handler.c.obj
[mtlrvpp_m1723:ro] [20/393] Building C object CMakeFiles/app.dir/mnt/host/source/src/platform/ec/zephyr/subsys/ap_pwrseq/x86_non_dsx_chipset_power_state.c.obj
[/mnt/host/source/src/platform/ec/build/zephyr/brox-sku4-lcov]   /mnt/host/source/src/platform/ec/build/zephyr/brox-sku4/build-ro/modules/ec/zephyr/CMakeFiles/ec_shim.dir/shim/src/usba.c.gcno:no functions found
[/mnt/host/source/src/platform/ec/build/zephyr/brox-sku4-lcov] stderr:
[/mnt/host/source/src/platform/ec/build/zephyr/dirks-lcov]   /mnt/host/source/src/platform/ec/build/zephyr/dirks/build-ro/modules/ec/zephyr/CMakeFiles/ec_shim.dir/shim/src/usba.c.gcno:no functions found
[/mnt/host/source/src/platform/ec/build/zephyr/dirks-lcov] stderr:
[kingler:ro] [14/388] Building C object CMakeFiles/app.dir/mnt/host/source/src/platform/ec/build/zephyr/kingler/modules/ec/common/base32.c.obj
[crystaldrift:rw] -- Generated devicetree_generated.h: /mnt/host/source/src/platform/ec/build/zephyr/crystaldrift/build-rw/zephyr/include/generated/zephyr/devicetree_generated.h
[winterhold:rw] [23/419] Building C object CMakeFiles/app.dir/mnt/host/source/src/platform/ec/build/zephyr/winterhold/modules/ec/common/system.c.obj
[winterhold:ro] [17/417] Building C object CMakeFiles/app.dir/mnt/host/source/src/platform/ec/build/zephyr/winterhold/modules/ec/common/console_output.c.obj
[winterhold:rw] [24/419] Building C object CMakeFiles/app.dir/mnt/host/source/src/platform/ec/build/zephyr/winterhold/modules/ec/common/uart_printf.c.obj
[/mnt/host/source/src/platform/ec/build/zephyr/minimal-realtek-lcov] stderr:
[winterhold:rw] [25/419] Building C object CMakeFiles/app.dir/mnt/host/source/src/platform/ec/build/zephyr/winterhold/modules/ec/common/system_boot_time.c.obj
[mtlrvpp_m1723:rw] [18/393] Building C object CMakeFiles/app.dir/mnt/host/source/src/platform/ec/zephyr/subsys/ap_pwrseq/signal_vw.c.obj
[/mnt/host/source/src/platform/ec/build/zephyr/voltorb-lcov]   /mnt/host/source/src/platform/ec/build/zephyr/voltorb/build-ro/modules/ec/zephyr/CMakeFiles/ec_shim.dir/shim/src/bc12.c.gcno:no functions found
[/mnt/host/source/src/platform/ec/build/zephyr/voltorb-lcov] stderr:
[kingler:rw] [14/388] Building C object CMakeFiles/app.dir/mnt/host/source/src/platform/ec/build/zephyr/kingler/modules/ec/common/base32.c.obj
[mtlrvpp_m1723:ro] [21/393] Building C object CMakeFiles/app.dir/mnt/host/source/src/platform/ec/zephyr/subsys/ap_pwrseq/x86_non_dsx_common_pwrseq_host_sleep.c.obj
[mtlrvpp_m1723:ro] [22/393] Building C object CMakeFiles/app.dir/mnt/host/source/src/platform/ec/zephyr/subsys/ap_pwrseq/x86_non_dsx_common_pwrseq_console.c.obj
[kingler:ro] [15/388] Building C object CMakeFiles/app.dir/mnt/host/source/src/platform/ec/build/zephyr/kingler/modules/ec/common/console_output.c.obj
[winterhold:rw] [26/419] Building C object CMakeFiles/app.dir/mnt/host/source/src/platform/ec/build/zephyr/winterhold/modules/ec/common/util.c.obj
[mtlrvpp_m1723:rw] [19/393] Building C object CMakeFiles/app.dir/mnt/host/source/src/platform/ec/zephyr/subsys/ap_pwrseq/power_host_sleep.c.obj
[winterhold:ro] [18/417] Building C object CMakeFiles/app.dir/mnt/host/source/src/platform/ec/build/zephyr/winterhold/modules/ec/common/ec_features.c.obj
[winterhold:rw] [27/419] Building C object CMakeFiles/app.dir/mnt/host/source/src/platform/ec/build/zephyr/winterhold/modules/ec/common/version.c.obj
[kingler:rw] [15/388] Building C object CMakeFiles/app.dir/mnt/host/source/src/platform/ec/build/zephyr/kingler/modules/ec/common/console_output.c.obj
[crystaldrift:rw] /mnt/host/source/src/platform/ec/build/zephyr/crystaldrift/build-rw/zephyr/zephyr.dts:4194.15-4201.5: Warning (gpios_property): /fans/fan_0: Missing property '#gpio-cells' in node /named-gpios/pg_pcore_s0_r_od or bad phandle (referred from pgood-gpio[0])
[winterhold:rw] [28/419] Building C object CMakeFiles/app.dir/mnt/host/source/src/platform/ec/build/zephyr/winterhold/modules/ec/common/power_button_x86.c.obj
[mtlrvpp_m1723:ro] [23/393] Building C object CMakeFiles/app.dir/mnt/host/source/src/platform/ec/zephyr/subsys/ap_pwrseq/x86_non_dsx_common_pwrseq_host_command.c.obj
[mtlrvpp_m1723:ro] [24/393] Building C object CMakeFiles/app.dir/mnt/host/source/src/platform/ec/zephyr/subsys/ap_pwrseq/x86_non_dsx_mtl_pwrseq_sm.c.obj
[/mnt/host/source/src/platform/ec/build/zephyr/minimal-realtek-lcov]   /mnt/host/source/src/platform/ec/build/zephyr/minimal-realtek/build-ro/CMakeFiles/app.dir/mnt/host/source/src/platform/ec/build/zephyr/minimal-realtek/modules/ec/common/cbi_config.c.gcno:no functions found
[/mnt/host/source/src/platform/ec/build/zephyr/minimal-realtek-lcov] stderr:
[kingler:ro] [16/388] Building C object CMakeFiles/app.dir/mnt/host/source/src/platform/ec/build/zephyr/kingler/modules/ec/common/ec_features.c.obj
[winterhold:rw] [29/419] Building C object CMakeFiles/app.dir/mnt/host/source/src/platform/ec/build/zephyr/winterhold/modules/ec/driver/accel_lis2dw12.c.obj
[mtlrvpp_m1723:rw] [20/393] Building C object CMakeFiles/app.dir/mnt/host/source/src/platform/ec/zephyr/subsys/ap_pwrseq/x86_non_dsx_common_pwrseq_sm_handler.c.obj
[kingler:rw] [16/388] Building C object CMakeFiles/app.dir/mnt/host/source/src/platform/ec/build/zephyr/kingler/modules/ec/common/ec_features.c.obj
[mtlrvpp_m1723:ro] [25/393] Building C object CMakeFiles/app.dir/mnt/host/source/src/platform/ec/build/zephyr/mtlrvpp_m1723/modules/ec/builtin/stdlib.c.obj
[winterhold:ro] [19/417] Building C object CMakeFiles/app.dir/mnt/host/source/src/platform/ec/build/zephyr/winterhold/modules/ec/common/gpio_commands.c.obj
[mtlrvpp_m1723:ro] [26/393] Building C object CMakeFiles/app.dir/mnt/host/source/src/platform/ec/zephyr/subsys/ap_pwrseq/ap_reset_log.c.obj
[winterhold:rw] [30/419] Building C object CMakeFiles/app.dir/mnt/host/source/src/platform/ec/build/zephyr/winterhold/modules/ec/driver/accelgyro_bmi_common.c.obj
[winterhold:rw] [31/419] Building C object CMakeFiles/app.dir/mnt/host/source/src/platform/ec/build/zephyr/winterhold/modules/ec/driver/accelgyro_bmi3xx.c.obj
[/mnt/host/source/src/platform/ec/build/zephyr/minimal-realtek-lcov]   /mnt/host/source/src/platform/ec/build/zephyr/minimal-realtek/build-ro/zephyr/arch/common/CMakeFiles/isr_tables.dir/isr_tables.c.gcno:no functions found
[/mnt/host/source/src/platform/ec/build/zephyr/minimal-realtek-lcov] stderr:
[kingler:ro] [17/388] Building C object CMakeFiles/app.dir/mnt/host/source/src/platform/ec/build/zephyr/kingler/modules/ec/common/gpio_commands.c.obj
[/mnt/host/source/src/platform/ec/build/zephyr/dirks-lcov]   /mnt/host/source/src/platform/ec/build/zephyr/dirks/build-ro/CMakeFiles/app.dir/mnt/host/source/src/platform/ec/build/zephyr/dirks/modules/ec/common/usb_pd_pdo.c.gcno:no functions found
[/mnt/host/source/src/platform/ec/build/zephyr/dirks-lcov] stderr:
[mtlrvpp_m1723:ro] [27/393] Building C object CMakeFiles/app.dir/mnt/host/source/src/platform/ec/build/zephyr/mtlrvpp_m1723/modules/ec/common/base32.c.obj
[mtlrvpp_m1723:rw] [21/393] Building C object CMakeFiles/app.dir/mnt/host/source/src/platform/ec/zephyr/subsys/ap_pwrseq/x86_non_dsx_chipset_power_state.c.obj
[kingler:rw] [17/388] Building C object CMakeFiles/app.dir/mnt/host/source/src/platform/ec/build/zephyr/kingler/modules/ec/common/gpio_commands.c.obj
[mtlrvpp_m1723:ro] [28/393] Building C object CMakeFiles/app.dir/mnt/host/source/src/platform/ec/build/zephyr/mtlrvpp_m1723/modules/ec/common/console_output.c.obj
[winterhold:rw] [32/419] Building C object CMakeFiles/app.dir/mnt/host/source/src/platform/ec/build/zephyr/winterhold/modules/ec/common/motion_sense_fifo.c.obj
[winterhold:ro] [20/417] Building C object CMakeFiles/app.dir/mnt/host/source/src/platform/ec/build/zephyr/winterhold/modules/ec/common/peripheral.c.obj
[winterhold:rw] [33/419] Building C object CMakeFiles/app.dir/mnt/host/source/src/platform/ec/build/zephyr/winterhold/modules/ec/driver/amd_stb.c.obj
[/mnt/host/source/src/platform/ec/build/zephyr/ocelotrvp-ish-lcov]   /mnt/host/source/src/platform/ec/build/zephyr/ocelotrvp-ish/build-singleimage/modules/ec/zephyr/drivers/dsp_comms/CMakeFiles/dsp_comms.proto.nanopb.dir/dsp_comms.proto/nanopb/proto/ec_dsp.pb.c.gcno:no functions found
[/mnt/host/source/src/platform/ec/build/zephyr/ocelotrvp-ish-lcov] stderr:
[/mnt/host/source/src/platform/ec/build/zephyr/trulo-ti-lcov]   /mnt/host/source/src/platform/ec/build/zephyr/trulo-ti/build-rw/zephyr/CMakeFiles/zephyr.dir/subsys/shell/modules/kernel_service/kernel_shell.c.gcno:no functions found
[/mnt/host/source/src/platform/ec/build/zephyr/trulo-ti-lcov] stderr:
[winterhold:rw] [34/419] Building C object CMakeFiles/app.dir/mnt/host/source/src/platform/ec/build/zephyr/winterhold/modules/ec/common/body_detection.c.obj
[kingler:ro] [18/388] Building C object CMakeFiles/app.dir/mnt/host/source/src/platform/ec/build/zephyr/kingler/modules/ec/common/peripheral.c.obj
[mtlrvpp_m1723:ro] [29/393] Building C object CMakeFiles/app.dir/mnt/host/source/src/platform/ec/build/zephyr/mtlrvpp_m1723/modules/ec/common/ec_features.c.obj
[/mnt/host/source/src/platform/ec/build/zephyr/trulo-ti-lcov]   /mnt/host/source/src/platform/ec/build/zephyr/trulo-ti/build-rw/zephyr/CMakeFiles/zephyr.dir/lib/libc/validate_libc.c.gcno:no functions found
[/mnt/host/source/src/platform/ec/build/zephyr/trulo-ti-lcov] stderr:
[kingler:rw] [18/388] Building C object CMakeFiles/app.dir/mnt/host/source/src/platform/ec/build/zephyr/kingler/modules/ec/common/peripheral.c.obj
[mtlrvpp_m1723:rw] [22/393] Building C object CMakeFiles/app.dir/mnt/host/source/src/platform/ec/zephyr/subsys/ap_pwrseq/x86_non_dsx_common_pwrseq_host_sleep.c.obj
[mtlrvpp_m1723:ro] [30/393] Building C object CMakeFiles/app.dir/mnt/host/source/src/platform/ec/build/zephyr/mtlrvpp_m1723/modules/ec/common/gpio_commands.c.obj
[winterhold:rw] [35/419] Building C object CMakeFiles/app.dir/mnt/host/source/src/platform/ec/build/zephyr/winterhold/modules/ec/common/body_detect_client.c.obj
[winterhold:ro] [21/417] Building C object CMakeFiles/app.dir/mnt/host/source/src/platform/ec/build/zephyr/winterhold/modules/ec/common/printf.c.obj
[winterhold:rw] [36/419] Building C object CMakeFiles/app.dir/mnt/host/source/src/platform/ec/build/zephyr/winterhold/modules/ec/common/body_detect_common.c.obj
[crystaldrift:rw] warning: Deprecated symbol I2C_ALLOW_NO_STOP_TRANSACTIONS is enabled.
[kingler:ro] [19/388] Building C object CMakeFiles/app.dir/mnt/host/source/src/platform/ec/build/zephyr/kingler/modules/ec/common/printf.c.obj
[winterhold:rw] [37/419] Building C object CMakeFiles/app.dir/mnt/host/source/src/platform/ec/build/zephyr/winterhold/modules/ec/common/adc.c.obj
[mtlrvpp_m1723:ro] [31/393] Building C object CMakeFiles/app.dir/mnt/host/source/src/platform/ec/build/zephyr/mtlrvpp_m1723/modules/ec/common/peripheral.c.obj
[/mnt/host/source/src/platform/ec/build/zephyr/voltorb-lcov]   /mnt/host/source/src/platform/ec/build/zephyr/voltorb/build-ro/CMakeFiles/app.dir/mnt/host/source/src/platform/ec/build/zephyr/voltorb/modules/ec/common/usb_pd_pdo.c.gcno:no functions found
[/mnt/host/source/src/platform/ec/build/zephyr/voltorb-lcov] stderr:
[crystaldrift:rw] Parsing /mnt/host/source/src/platform/ec/zephyr/program/skyrim/Kconfig
[kingler:rw] [19/388] Building C object CMakeFiles/app.dir/mnt/host/source/src/platform/ec/build/zephyr/kingler/modules/ec/common/printf.c.obj
[mtlrvpp_m1723:ro] [32/393] Building C object CMakeFiles/app.dir/mnt/host/source/src/platform/ec/build/zephyr/mtlrvpp_m1723/modules/ec/common/printf.c.obj
[mtlrvpp_m1723:rw] [23/393] Building C object CMakeFiles/app.dir/mnt/host/source/src/platform/ec/zephyr/subsys/ap_pwrseq/x86_non_dsx_common_pwrseq_console.c.obj
[winterhold:rw] [38/419] Building C object CMakeFiles/app.dir/mnt/host/source/src/platform/ec/build/zephyr/winterhold/modules/ec/common/acpi.c.obj
[winterhold:rw] [39/419] Building C object CMakeFiles/app.dir/mnt/host/source/src/platform/ec/build/zephyr/winterhold/modules/ec/driver/sb_rmi.c.obj
[/mnt/host/source/src/platform/ec/build/zephyr/ocelotrvp-ish-lcov]   /mnt/host/source/src/platform/ec/build/zephyr/ocelotrvp-ish/build-singleimage/zephyr/arch/arch/x86/core/CMakeFiles/arch__x86__core.dir/spec_ctrl.c.gcno:no functions found
[/mnt/host/source/src/platform/ec/build/zephyr/ocelotrvp-ish-lcov] stderr:
[winterhold:ro] [22/417] Building C object CMakeFiles/app.dir/mnt/host/source/src/platform/ec/build/zephyr/winterhold/modules/ec/common/queue.c.obj
[/mnt/host/source/src/platform/ec/build/zephyr/trulo-ti-lcov]   /mnt/host/source/src/platform/ec/build/zephyr/trulo-ti/build-rw/zephyr/CMakeFiles/zephyr.dir/lib/utils/last_section_id.c.gcno:no functions found
[/mnt/host/source/src/platform/ec/build/zephyr/trulo-ti-lcov] stderr:
[kingler:ro] [20/388] Building C object CMakeFiles/app.dir/mnt/host/source/src/platform/ec/build/zephyr/kingler/modules/ec/common/queue.c.obj
[winterhold:rw] [40/419] Building C object CMakeFiles/app.dir/mnt/host/source/src/platform/ec/build/zephyr/winterhold/modules/ec/driver/amd_stt.c.obj
[mtlrvpp_m1723:ro] [33/393] Building C object CMakeFiles/app.dir/mnt/host/source/src/platform/ec/build/zephyr/mtlrvpp_m1723/modules/ec/common/queue.c.obj
[kingler:rw] [20/388] Building C object CMakeFiles/app.dir/mnt/host/source/src/platform/ec/build/zephyr/kingler/modules/ec/common/queue.c.obj
[mtlrvpp_m1723:rw] [24/393] Building C object CMakeFiles/app.dir/mnt/host/source/src/platform/ec/zephyr/subsys/ap_pwrseq/x86_non_dsx_common_pwrseq_host_command.c.obj
[crystaldrift:rw] Loaded configuration '/mnt/host/source/src/platform/ec/zephyr/boards/google/npcx9/npcx9_npcx9m3f_defconfig'
[crystaldrift:rw] Merged configuration '/mnt/host/source/src/platform/ec/zephyr/program/skyrim/program.conf'
[crystaldrift:rw] Merged configuration '/mnt/host/source/src/platform/ec/zephyr/program/skyrim/crystaldrift/project.conf'
[crystaldrift:rw] Merged configuration '/mnt/host/source/src/platform/ec/build/zephyr/crystaldrift/kconfig-rw.conf'
[crystaldrift:rw] Configuration saved to '/mnt/host/source/src/platform/ec/build/zephyr/crystaldrift/build-rw/zephyr/.config'
[crystaldrift:rw] Kconfig header saved to '/mnt/host/source/src/platform/ec/build/zephyr/crystaldrift/build-rw/zephyr/include/generated/zephyr/autoconf.h'
[crystaldrift:rw] -- Found GnuLd: /home/jpmurphy/.cache/coreboot-sdk/arm-eabi/ea40ddd1d190c3b48435c474c0b545719371813a/arm-eabi/bin/ld.bfd (found version "2.43.1")
[mtlrvpp_m1723:ro] [34/393] Building C object CMakeFiles/app.dir/mnt/host/source/src/platform/ec/build/zephyr/mtlrvpp_m1723/modules/ec/common/system.c.obj
[/mnt/host/source/src/platform/ec/build/zephyr/minimal-realtek-lcov]   /mnt/host/source/src/platform/ec/build/zephyr/minimal-realtek/build-ro/zephyr/CMakeFiles/zephyr.dir/subsys/shell/modules/kernel_service/kernel_shell.c.gcno:no functions found
[/mnt/host/source/src/platform/ec/build/zephyr/minimal-realtek-lcov] stderr:
[winterhold:rw] [41/419] Building C object CMakeFiles/app.dir/mnt/host/source/src/platform/ec/build/zephyr/winterhold/modules/ec/common/backlight_lid.c.obj
[crystaldrift:rw] -- The C compiler identification is GNU 14.2.0
[/mnt/host/source/src/platform/ec/build/zephyr/minimal-realtek-lcov]   /mnt/host/source/src/platform/ec/build/zephyr/minimal-realtek/build-ro/zephyr/CMakeFiles/zephyr.dir/lib/libc/validate_libc.c.gcno:no functions found
[/mnt/host/source/src/platform/ec/build/zephyr/minimal-realtek-lcov] stderr:
[winterhold:rw] [42/419] Building C object CMakeFiles/app.dir/mnt/host/source/src/platform/ec/build/zephyr/winterhold/modules/ec/common/battery.c.obj
[kingler:ro] [21/388] Building C object CMakeFiles/app.dir/mnt/host/source/src/platform/ec/build/zephyr/kingler/modules/ec/common/system.c.obj
[crystaldrift:rw] -- The CXX compiler identification is GNU 14.2.0
[mtlrvpp_m1723:ro] [35/393] Building C object CMakeFiles/app.dir/mnt/host/source/src/platform/ec/build/zephyr/mtlrvpp_m1723/modules/ec/common/system_boot_time.c.obj
[winterhold:rw] [43/419] Building C object CMakeFiles/app.dir/mnt/host/source/src/platform/ec/build/zephyr/winterhold/modules/ec/common/battery_info.c.obj
[winterhold:ro] [23/417] Building C object CMakeFiles/app.dir/mnt/host/source/src/platform/ec/build/zephyr/winterhold/modules/ec/common/system.c.obj
[crystaldrift:rw] -- The ASM compiler identification is GNU
[crystaldrift:rw] CMake Warning at /mnt/host/source/src/platform/ec/zephyr/cmake/linker/ld/linker_libraries.cmake:11 (message):
[crystaldrift:rw]   Disabling c_library
[crystaldrift:rw] Call Stack (most recent call first):
[crystaldrift:rw]   /mnt/host/source/src/third_party/zephyr/main/cmake/target_toolchain_flags.cmake:48 (include)
[crystaldrift:rw]   /mnt/host/source/src/third_party/zephyr/main/cmake/modules/kernel.cmake:153 (include)
[crystaldrift:rw]   /mnt/host/source/src/third_party/zephyr/main/cmake/modules/zephyr_default.cmake:138 (include)
[crystaldrift:rw]   /mnt/host/source/src/third_party/zephyr/main/share/zephyr-package/cmake/ZephyrConfig.cmake:66 (include)
[crystaldrift:rw]   /mnt/host/source/src/third_party/zephyr/main/share/zephyr-package/cmake/ZephyrConfig.cmake:97 (include_boilerplate)
[crystaldrift:rw]   CMakeLists.txt:7 (find_package)
[kingler:rw] [21/388] Building C object CMakeFiles/app.dir/mnt/host/source/src/platform/ec/build/zephyr/kingler/modules/ec/common/system.c.obj
[mtlrvpp_m1723:ro] [36/393] Building C object CMakeFiles/app.dir/mnt/host/source/src/platform/ec/build/zephyr/mtlrvpp_m1723/modules/ec/common/uart_printf.c.obj
[mtlrvpp_m1723:rw] [25/393] Building C object CMakeFiles/app.dir/mnt/host/source/src/platform/ec/zephyr/subsys/ap_pwrseq/x86_non_dsx_mtl_pwrseq_sm.c.obj
[winterhold:rw] [44/419] Building C object CMakeFiles/app.dir/mnt/host/source/src/platform/ec/build/zephyr/winterhold/modules/ec/common/battery_fuel_gauge.c.obj
[kingler:ro] [22/388] Building C object CMakeFiles/app.dir/mnt/host/source/src/platform/ec/build/zephyr/kingler/modules/ec/common/system_boot_time.c.obj
[winterhold:rw] [45/419] Building C object CMakeFiles/app.dir/mnt/host/source/src/platform/ec/build/zephyr/winterhold/modules/ec/driver/battery/smart.c.obj
[crystaldrift:rw] -- Found assembler: /home/jpmurphy/.cache/coreboot-sdk/arm-eabi/ea40ddd1d190c3b48435c474c0b545719371813a/bin/arm-eabi-gcc
[crystaldrift:rw] -- Performing EC specific devicetree checks
[mtlrvpp_m1723:ro] [37/393] Building C object CMakeFiles/app.dir/mnt/host/source/src/platform/ec/build/zephyr/mtlrvpp_m1723/modules/ec/common/util.c.obj
[winterhold:ro] [24/417] Building C object CMakeFiles/app.dir/mnt/host/source/src/platform/ec/build/zephyr/winterhold/modules/ec/common/system_boot_time.c.obj
[winterhold:rw] [46/419] Building C object CMakeFiles/app.dir/mnt/host/source/src/platform/ec/build/zephyr/winterhold/modules/ec/driver/bc12/pi3usb9201.c.obj
[crystaldrift:rw] INFO: Verified 92 GPIOs, no duplicates found
[mtlrvpp_m1723:ro] [38/393] Building C object CMakeFiles/app.dir/mnt/host/source/src/platform/ec/build/zephyr/mtlrvpp_m1723/modules/ec/common/version.c.obj
[kingler:rw] [22/388] Building C object CMakeFiles/app.dir/mnt/host/source/src/platform/ec/build/zephyr/kingler/modules/ec/common/system_boot_time.c.obj
[mtlrvpp_m1723:rw] [26/393] Building C object CMakeFiles/app.dir/mnt/host/source/src/platform/ec/zephyr/subsys/ap_pwrseq/ap_reset_log.c.obj
[crystaldrift:rw] -- Generating component manifest file
[/mnt/host/source/src/platform/ec/build/zephyr/trulo-ti-lcov]   /mnt/host/source/src/platform/ec/build/zephyr/trulo-ti/build-rw/zephyr/CMakeFiles/zephyr.dir/soc/nuvoton/npcx/common/npcxn/registers.c.gcno:no functions found
[/mnt/host/source/src/platform/ec/build/zephyr/trulo-ti-lcov] stderr:
[crystaldrift:rw] INFO: Verified 7 '*-gpios' properties, all flags match.
[crystaldrift:rw] INFO: Skipped 2 named-gpios children.
[crystaldrift:rw] INFO: Running CME, outputting to /mnt/host/source/src/platform/ec/build/zephyr/crystaldrift/build-rw/zephyr/component_manifest.json
[kingler:ro] [23/388] Building C object CMakeFiles/app.dir/mnt/host/source/src/platform/ec/build/zephyr/kingler/modules/ec/common/uart_printf.c.obj
[crystaldrift:rw] INFO: Project crystaldrift does not support SSFC
[crystaldrift:rw] INFO: No motionsense-sensor-alt node found
[winterhold:rw] [47/419] Building C object CMakeFiles/app.dir/mnt/host/source/src/platform/ec/build/zephyr/winterhold/modules/ec/common/charger.c.obj
[winterhold:rw] [48/419] Building C object CMakeFiles/app.dir/mnt/host/source/src/platform/ec/build/zephyr/winterhold/modules/ec/driver/charger/isl923x.c.obj
[crystaldrift:rw] -- warning_base_override: -Wall;-Wformat;-Wformat-security;-Wformat;-Wno-format-zero-length;-Wno-pointer-sign;-Wpointer-arith;-Wexpansion-to-defined
[mtlrvpp_m1723:ro] [39/393] Building C object CMakeFiles/app.dir/mnt/host/source/src/platform/ec/build/zephyr/mtlrvpp_m1723/modules/ec/common/power_button_x86.c.obj
[winterhold:ro] [25/417] Building C object CMakeFiles/app.dir/mnt/host/source/src/platform/ec/build/zephyr/winterhold/modules/ec/common/uart_printf.c.obj
[/mnt/host/source/src/platform/ec/build/zephyr/dirks-lcov]   /mnt/host/source/src/platform/ec/build/zephyr/dirks/build-ro/CMakeFiles/app.dir/mnt/host/source/src/platform/ec/build/zephyr/dirks/modules/ec/common/chargen.c.gcno:no functions found
[/mnt/host/source/src/platform/ec/build/zephyr/dirks-lcov] stderr:
[kingler:rw] [23/388] Building C object CMakeFiles/app.dir/mnt/host/source/src/platform/ec/build/zephyr/kingler/modules/ec/common/uart_printf.c.obj
[mtlrvpp_m1723:ro] [40/393] Building C object CMakeFiles/app.dir/mnt/host/source/src/platform/ec/build/zephyr/mtlrvpp_m1723/modules/ec/common/adc.c.obj
[mtlrvpp_m1723:rw] [27/393] Building C object CMakeFiles/app.dir/mnt/host/source/src/platform/ec/build/zephyr/mtlrvpp_m1723/modules/ec/builtin/stdlib.c.obj
[winterhold:rw] [49/419] Building C object CMakeFiles/app.dir/mnt/host/source/src/platform/ec/build/zephyr/winterhold/modules/ec/common/charge_state.c.obj
[crystaldrift:rw] -- Found gen_kobject_list: /mnt/host/source/src/third_party/zephyr/main/scripts/build/gen_kobject_list.py
[crystaldrift:rw] -- Configuring done (16.2s)
[kingler:ro] [24/388] Building C object CMakeFiles/app.dir/mnt/host/source/src/platform/ec/build/zephyr/kingler/modules/ec/common/util.c.obj
[winterhold:rw] [50/419] Building C object CMakeFiles/app.dir/mnt/host/source/src/platform/ec/build/zephyr/winterhold/modules/ec/common/cbi_common.c.obj
[mtlrvpp_m1723:ro] [41/393] Building C object CMakeFiles/app.dir/mnt/host/source/src/platform/ec/build/zephyr/mtlrvpp_m1723/modules/ec/common/acpi.c.obj
[winterhold:ro] [26/417] Building C object CMakeFiles/app.dir/mnt/host/source/src/platform/ec/build/zephyr/winterhold/modules/ec/common/util.c.obj
[mtlrvpp_m1723:rw] [28/393] Building C object CMakeFiles/app.dir/mnt/host/source/src/platform/ec/build/zephyr/mtlrvpp_m1723/modules/ec/common/base32.c.obj
[kingler:rw] [24/388] Building C object CMakeFiles/app.dir/mnt/host/source/src/platform/ec/build/zephyr/kingler/modules/ec/common/util.c.obj
[winterhold:rw] [51/419] Building C object CMakeFiles/app.dir/mnt/host/source/src/platform/ec/build/zephyr/winterhold/modules/ec/common/charge_manager.c.obj
[crystaldrift:rw] -- Generating done (0.5s)
[crystaldrift:rw] CMake Warning:
[crystaldrift:rw]   Manually-specified variables were not used by the project:
[crystaldrift:rw]     COREBOOT_SDK_ROOT_libstdcxx_riscv64
[crystaldrift:rw]     COREBOOT_SDK_ROOT_libstdcxx_x86
[crystaldrift:rw]     COREBOOT_SDK_ROOT_nds32
[crystaldrift:rw]     COREBOOT_SDK_ROOT_picolibc_riscv64
[crystaldrift:rw]     COREBOOT_SDK_ROOT_picolibc_x86
[crystaldrift:rw]     COREBOOT_SDK_ROOT_riscv
[crystaldrift:rw]     COREBOOT_SDK_ROOT_riscv64
[crystaldrift:rw]     COREBOOT_SDK_ROOT_x86
[crystaldrift:rw] -- Build files have been written to: /mnt/host/source/src/platform/ec/build/zephyr/crystaldrift/build-rw
[/mnt/host/source/src/platform/ec/build/zephyr/ocelotrvp-ish-lcov]   /mnt/host/source/src/platform/ec/build/zephyr/ocelotrvp-ish/build-singleimage/zephyr/CMakeFiles/zephyr.dir/subsys/shell/modules/kernel_service/kernel_shell.c.gcno:no functions found
[/mnt/host/source/src/platform/ec/build/zephyr/ocelotrvp-ish-lcov] stderr:
[mtlrvpp_m1723:ro] [42/393] Building C object CMakeFiles/app.dir/mnt/host/source/src/platform/ec/build/zephyr/mtlrvpp_m1723/modules/ec/common/battery.c.obj
[winterhold:rw] [52/419] Building C object CMakeFiles/app.dir/mnt/host/source/src/platform/ec/build/zephyr/winterhold/modules/ec/common/cbi.c.obj
[kingler:ro] [25/388] Building C object CMakeFiles/app.dir/mnt/host/source/src/platform/ec/build/zephyr/kingler/modules/ec/common/version.c.obj
[winterhold:rw] [53/419] Building C object CMakeFiles/app.dir/mnt/host/source/src/platform/ec/build/zephyr/winterhold/modules/ec/common/cbi_config.c.obj
[mtlrvpp_m1723:ro] [43/393] Building C object CMakeFiles/app.dir/mnt/host/source/src/platform/ec/build/zephyr/mtlrvpp_m1723/modules/ec/common/battery_info.c.obj
[/mnt/host/source/src/platform/ec/build/zephyr/brox-sku4-lcov]   /mnt/host/source/src/platform/ec/build/zephyr/brox-sku4/build-ro/modules/ec/zephyr/CMakeFiles/ec_shim.dir/drivers/keyboard_input/keyboard_customization_check.c.gcno:no functions found
[/mnt/host/source/src/platform/ec/build/zephyr/brox-sku4-lcov] stderr:
[kingler:rw] [25/388] Building C object CMakeFiles/app.dir/mnt/host/source/src/platform/ec/build/zephyr/kingler/modules/ec/common/version.c.obj
[mtlrvpp_m1723:rw] [29/393] Building C object CMakeFiles/app.dir/mnt/host/source/src/platform/ec/build/zephyr/mtlrvpp_m1723/modules/ec/common/console_output.c.obj
[mtlrvpp_m1723:ro] [44/393] Building C object CMakeFiles/app.dir/mnt/host/source/src/platform/ec/build/zephyr/mtlrvpp_m1723/modules/ec/common/battery_fuel_gauge.c.obj
[winterhold:ro] [27/417] Building C object CMakeFiles/app.dir/mnt/host/source/src/platform/ec/build/zephyr/winterhold/modules/ec/common/version.c.obj
[winterhold:rw] [54/419] Building C object CMakeFiles/app.dir/mnt/host/source/src/platform/ec/build/zephyr/winterhold/modules/ec/common/dptf.c.obj
[winterhold:rw] [55/419] Building C object CMakeFiles/app.dir/mnt/host/source/src/platform/ec/build/zephyr/winterhold/modules/ec/common/chipset.c.obj
[/mnt/host/source/src/platform/ec/build/zephyr/voltorb-lcov]   /mnt/host/source/src/platform/ec/build/zephyr/voltorb/build-ro/CMakeFiles/app.dir/mnt/host/source/src/platform/ec/build/zephyr/voltorb/modules/ec/common/chargen.c.gcno:no functions found
[/mnt/host/source/src/platform/ec/build/zephyr/voltorb-lcov] stderr:
[kingler:ro] [26/388] Building C object CMakeFiles/app.dir/mnt/host/source/src/platform/ec/build/zephyr/kingler/modules/ec/driver/accel_bma4xx.c.obj
[kingler:rw] [26/388] Building C object CMakeFiles/app.dir/mnt/host/source/src/platform/ec/build/zephyr/kingler/modules/ec/driver/accel_bma4xx.c.obj
[winterhold:rw] [56/419] Building C object CMakeFiles/app.dir/mnt/host/source/src/platform/ec/build/zephyr/winterhold/modules/ec/common/ap_reset_log.c.obj
[mtlrvpp_m1723:ro] [45/393] Building C object CMakeFiles/app.dir/mnt/host/source/src/platform/ec/build/zephyr/mtlrvpp_m1723/modules/ec/driver/charger/isl9241.c.obj
[kingler:rw] [27/388] Building C object CMakeFiles/app.dir/mnt/host/source/src/platform/ec/build/zephyr/kingler/modules/ec/driver/accelgyro_bmi_common.c.obj
[mtlrvpp_m1723:ro] [46/393] Building C object CMakeFiles/app.dir/mnt/host/source/src/platform/ec/build/zephyr/mtlrvpp_m1723/modules/ec/driver/battery/smart.c.obj
[winterhold:rw] [57/419] Building C object CMakeFiles/app.dir/mnt/host/source/src/platform/ec/build/zephyr/winterhold/modules/ec/common/espi.c.obj
[mtlrvpp_m1723:rw] [30/393] Building C object CMakeFiles/app.dir/mnt/host/source/src/platform/ec/build/zephyr/mtlrvpp_m1723/modules/ec/common/ec_features.c.obj
[winterhold:ro] [28/417] Building C object CMakeFiles/app.dir/mnt/host/source/src/platform/ec/build/zephyr/winterhold/modules/ec/common/power_button_x86.c.obj
[/mnt/host/source/src/platform/ec/build/zephyr/trulo-ti-lcov]   /mnt/host/source/src/platform/ec/build/zephyr/trulo-ti/build-rw/zephyr/kernel/CMakeFiles/kernel.dir/errno.c.gcno:no functions found
[/mnt/host/source/src/platform/ec/build/zephyr/trulo-ti-lcov] stderr:
[winterhold:rw] [58/419] Building C object CMakeFiles/app.dir/mnt/host/source/src/platform/ec/build/zephyr/winterhold/modules/ec/common/extpower_common.c.obj
[kingler:ro] [27/388] Building C object CMakeFiles/app.dir/mnt/host/source/src/platform/ec/build/zephyr/kingler/modules/ec/driver/accelgyro_bmi_common.c.obj
[kingler:rw] [28/388] Building C object CMakeFiles/app.dir/mnt/host/source/src/platform/ec/build/zephyr/kingler/modules/ec/driver/accelgyro_bmi3xx.c.obj
[winterhold:rw] [59/419] Building C object CMakeFiles/app.dir/mnt/host/source/src/platform/ec/build/zephyr/winterhold/modules/ec/common/extpower_gpio.c.obj
[kingler:rw] [29/388] Building C object CMakeFiles/app.dir/mnt/host/source/src/platform/ec/build/zephyr/kingler/modules/ec/common/motion_sense_fifo.c.obj
[mtlrvpp_m1723:ro] [47/393] Building C object CMakeFiles/app.dir/mnt/host/source/src/platform/ec/build/zephyr/mtlrvpp_m1723/modules/ec/common/charger.c.obj
[mtlrvpp_m1723:rw] [31/393] Building C object CMakeFiles/app.dir/mnt/host/source/src/platform/ec/build/zephyr/mtlrvpp_m1723/modules/ec/common/gpio_commands.c.obj
[mtlrvpp_m1723:ro] [48/393] Building C object CMakeFiles/app.dir/mnt/host/source/src/platform/ec/build/zephyr/mtlrvpp_m1723/modules/ec/common/charge_state.c.obj
[winterhold:rw] [60/419] Building C object CMakeFiles/app.dir/mnt/host/source/src/platform/ec/build/zephyr/winterhold/modules/ec/common/fan.c.obj
[winterhold:ro] [29/417] Building C object CMakeFiles/app.dir/mnt/host/source/src/platform/ec/build/zephyr/winterhold/modules/ec/driver/accel_lis2dw12.c.obj
[winterhold:rw] [61/419] Building C object CMakeFiles/app.dir/mnt/host/source/src/platform/ec/build/zephyr/winterhold/modules/ec/common/flash.c.obj
[/mnt/host/source/src/platform/ec/build/zephyr/trulo-ti-lcov]   /mnt/host/source/src/platform/ec/build/zephyr/trulo-ti/build-rw/zephyr/lib/libc/picolibc/CMakeFiles/lib__libc__picolibc.dir/errno_wrap.c.gcno:no functions found
[/mnt/host/source/src/platform/ec/build/zephyr/trulo-ti-lcov] stderr:
[kingler:ro] [28/388] Building C object CMakeFiles/app.dir/mnt/host/source/src/platform/ec/build/zephyr/kingler/modules/ec/driver/accelgyro_bmi3xx.c.obj
[/mnt/host/source/src/platform/ec/build/zephyr/ocelotrvp-ish-lcov]   /mnt/host/source/src/platform/ec/build/zephyr/ocelotrvp-ish/build-singleimage/zephyr/CMakeFiles/zephyr.dir/lib/libc/validate_libc.c.gcno:no functions found
[/mnt/host/source/src/platform/ec/build/zephyr/ocelotrvp-ish-lcov] stderr:
[/mnt/host/source/src/platform/ec/build/zephyr/dirks-lcov]   /mnt/host/source/src/platform/ec/build/zephyr/dirks/build-ro/CMakeFiles/app.dir/mnt/host/source/src/platform/ec/build/zephyr/dirks/modules/ec/common/cbi_config.c.gcno:no functions found
[/mnt/host/source/src/platform/ec/build/zephyr/dirks-lcov] stderr:
[kingler:rw] [30/388] Building C object CMakeFiles/app.dir/mnt/host/source/src/platform/ec/build/zephyr/kingler/modules/ec/common/adc.c.obj
[kingler:rw] [31/388] Building C object CMakeFiles/app.dir/mnt/host/source/src/platform/ec/build/zephyr/kingler/modules/ec/common/battery.c.obj
[mtlrvpp_m1723:rw] [32/393] Building C object CMakeFiles/app.dir/mnt/host/source/src/platform/ec/build/zephyr/mtlrvpp_m1723/modules/ec/common/peripheral.c.obj
[mtlrvpp_m1723:ro] [49/393] Building C object CMakeFiles/app.dir/mnt/host/source/src/platform/ec/build/zephyr/mtlrvpp_m1723/modules/ec/common/cbi_common.c.obj
[winterhold:rw] [62/419] Building C object CMakeFiles/app.dir/mnt/host/source/src/platform/ec/build/zephyr/winterhold/modules/ec/common/host_command.c.obj
[mtlrvpp_m1723:ro] [50/393] Building C object CMakeFiles/app.dir/mnt/host/source/src/platform/ec/build/zephyr/mtlrvpp_m1723/modules/ec/common/charge_manager.c.obj
[winterhold:rw] [63/419] Building C object CMakeFiles/app.dir/mnt/host/source/src/platform/ec/build/zephyr/winterhold/modules/ec/common/host_command_task.c.obj
[/mnt/host/source/src/platform/ec/build/zephyr/dirks-lcov]   /mnt/host/source/src/platform/ec/build/zephyr/dirks/build-ro/zephyr/arch/arch/riscv/core/CMakeFiles/arch__riscv__core.dir/cpu_idle.c.gcno:no functions found
[/mnt/host/source/src/platform/ec/build/zephyr/dirks-lcov] stderr:
[winterhold:ro] [30/417] Building C object CMakeFiles/app.dir/mnt/host/source/src/platform/ec/build/zephyr/winterhold/modules/ec/driver/accelgyro_bmi_common.c.obj
[kingler:ro] [29/388] Building C object CMakeFiles/app.dir/mnt/host/source/src/platform/ec/build/zephyr/kingler/modules/ec/common/motion_sense_fifo.c.obj
[winterhold:rw] [64/419] Building C object CMakeFiles/app.dir/mnt/host/source/src/platform/ec/build/zephyr/winterhold/modules/ec/common/host_event_commands.c.obj
[kingler:rw] [32/388] Building C object CMakeFiles/app.dir/mnt/host/source/src/platform/ec/build/zephyr/kingler/modules/ec/common/battery_info.c.obj
[kingler:rw] [33/388] Building C object CMakeFiles/app.dir/mnt/host/source/src/platform/ec/build/zephyr/kingler/modules/ec/common/battery_fuel_gauge.c.obj
[mtlrvpp_m1723:rw] [33/393] Building C object CMakeFiles/app.dir/mnt/host/source/src/platform/ec/build/zephyr/mtlrvpp_m1723/modules/ec/common/printf.c.obj
[mtlrvpp_m1723:ro] [51/393] Building C object CMakeFiles/app.dir/mnt/host/source/src/platform/ec/build/zephyr/mtlrvpp_m1723/modules/ec/common/cbi_config.c.obj
[winterhold:rw] [65/419] Building C object CMakeFiles/app.dir/mnt/host/source/src/platform/ec/build/zephyr/winterhold/modules/ec/common/uart_hostcmd.c.obj
[mtlrvpp_m1723:ro] [52/393] Building C object CMakeFiles/app.dir/mnt/host/source/src/platform/ec/build/zephyr/mtlrvpp_m1723/modules/ec/common/cbi.c.obj
[winterhold:rw] [66/419] Building C object CMakeFiles/app.dir/mnt/host/source/src/platform/ec/build/zephyr/winterhold/modules/ec/common/uptime.c.obj
[winterhold:ro] [31/417] Building C object CMakeFiles/app.dir/mnt/host/source/src/platform/ec/build/zephyr/winterhold/modules/ec/driver/accelgyro_bmi3xx.c.obj
[/mnt/host/source/src/platform/ec/build/zephyr/dirks-lcov]   /mnt/host/source/src/platform/ec/build/zephyr/dirks/build-ro/zephyr/arch/common/CMakeFiles/isr_tables.dir/isr_tables.c.gcno:no functions found
[/mnt/host/source/src/platform/ec/build/zephyr/dirks-lcov] stderr:
[/mnt/host/source/src/platform/ec/build/zephyr/voltorb-lcov]   /mnt/host/source/src/platform/ec/build/zephyr/voltorb/build-ro/CMakeFiles/app.dir/mnt/host/source/src/platform/ec/build/zephyr/voltorb/modules/ec/common/cbi_config.c.gcno:no functions found
[/mnt/host/source/src/platform/ec/build/zephyr/voltorb-lcov] stderr:
[kingler:ro] [30/388] Building C object CMakeFiles/app.dir/mnt/host/source/src/platform/ec/build/zephyr/kingler/modules/ec/common/adc.c.obj
[kingler:rw] [34/388] Building C object CMakeFiles/app.dir/mnt/host/source/src/platform/ec/build/zephyr/kingler/modules/ec/driver/battery/smart.c.obj
[mtlrvpp_m1723:rw] [34/393] Building C object CMakeFiles/app.dir/mnt/host/source/src/platform/ec/build/zephyr/mtlrvpp_m1723/modules/ec/common/queue.c.obj
[winterhold:rw] [67/419] Building C object CMakeFiles/app.dir/mnt/host/source/src/platform/ec/build/zephyr/winterhold/modules/ec/common/i2c_controller.c.obj
[mtlrvpp_m1723:ro] [53/393] Building C object CMakeFiles/app.dir/mnt/host/source/src/platform/ec/build/zephyr/mtlrvpp_m1723/modules/ec/common/memory_commands.c.obj
[kingler:rw] [35/388] Building C object CMakeFiles/app.dir/mnt/host/source/src/platform/ec/build/zephyr/kingler/modules/ec/driver/bc12/rt1718s.c.obj
[mtlrvpp_m1723:ro] [54/393] Building C object CMakeFiles/app.dir/mnt/host/source/src/platform/ec/build/zephyr/mtlrvpp_m1723/modules/ec/common/dptf.c.obj
[winterhold:rw] [68/419] Building C object CMakeFiles/app.dir/mnt/host/source/src/platform/ec/build/zephyr/winterhold/modules/ec/common/i2c_passthru.c.obj
[/mnt/host/source/src/platform/ec/build/zephyr/brox-sku4-lcov]   /mnt/host/source/src/platform/ec/build/zephyr/brox-sku4/build-ro/CMakeFiles/app.dir/mnt/host/source/src/platform/ec/build/zephyr/brox-sku4/modules/ec/common/cbi_config.c.gcno:no functions found
[/mnt/host/source/src/platform/ec/build/zephyr/brox-sku4-lcov] stderr:
[winterhold:ro] [32/417] Building C object CMakeFiles/app.dir/mnt/host/source/src/platform/ec/build/zephyr/winterhold/modules/ec/common/motion_sense_fifo.c.obj
[winterhold:rw] [69/419] Building C object CMakeFiles/app.dir/mnt/host/source/src/platform/ec/build/zephyr/winterhold/modules/ec/common/keyboard_scan.c.obj
[/mnt/host/source/src/platform/ec/build/zephyr/minimal-realtek-lcov]   /mnt/host/source/src/platform/ec/build/zephyr/minimal-realtek/build-ro/zephyr/CMakeFiles/zephyr.dir/lib/utils/last_section_id.c.gcno:no functions found
[/mnt/host/source/src/platform/ec/build/zephyr/minimal-realtek-lcov] stderr:
[kingler:ro] [31/388] Building C object CMakeFiles/app.dir/mnt/host/source/src/platform/ec/build/zephyr/kingler/modules/ec/common/battery.c.obj
[kingler:rw] [36/388] Building C object CMakeFiles/app.dir/mnt/host/source/src/platform/ec/build/zephyr/kingler/modules/ec/driver/bc12/pi3usb9201.c.obj
[mtlrvpp_m1723:rw] [35/393] Building C object CMakeFiles/app.dir/mnt/host/source/src/platform/ec/build/zephyr/mtlrvpp_m1723/modules/ec/common/system.c.obj
[mtlrvpp_m1723:ro] [55/393] Building C object CMakeFiles/app.dir/mnt/host/source/src/platform/ec/build/zephyr/mtlrvpp_m1723/modules/ec/common/espi.c.obj
[/mnt/host/source/src/platform/ec/build/zephyr/voltorb-lcov]   /mnt/host/source/src/platform/ec/build/zephyr/voltorb/build-ro/zephyr/arch/arch/arm/core/mpu/CMakeFiles/arch__arm__core__mpu.dir/arm_mpu_regions.c.gcno:no functions found
[/mnt/host/source/src/platform/ec/build/zephyr/voltorb-lcov] stderr:
[mtlrvpp_m1723:ro] [56/393] Building C object CMakeFiles/app.dir/mnt/host/source/src/platform/ec/build/zephyr/mtlrvpp_m1723/modules/ec/common/ap_reset_log.c.obj
[/mnt/host/source/src/platform/ec/build/zephyr/ocelotrvp-ish-lcov]   /mnt/host/source/src/platform/ec/build/zephyr/ocelotrvp-ish/build-singleimage/zephyr/kernel/CMakeFiles/kernel.dir/errno.c.gcno:no functions found
[/mnt/host/source/src/platform/ec/build/zephyr/ocelotrvp-ish-lcov] stderr:
[/mnt/host/source/src/platform/ec/build/zephyr/brox-sku4-lcov]   /mnt/host/source/src/platform/ec/build/zephyr/brox-sku4/build-ro/zephyr/arch/arch/riscv/core/CMakeFiles/arch__riscv__core.dir/cpu_idle.c.gcno:no functions found
[/mnt/host/source/src/platform/ec/build/zephyr/brox-sku4-lcov] stderr:
[winterhold:rw] [70/419] Building C object CMakeFiles/app.dir/mnt/host/source/src/platform/ec/build/zephyr/winterhold/modules/ec/common/keyboard_8042.c.obj
[/mnt/host/source/src/platform/ec/build/zephyr/minimal-realtek-lcov]   /mnt/host/source/src/platform/ec/build/zephyr/minimal-realtek/build-ro/zephyr/drivers/syscon/CMakeFiles/drivers__syscon.dir/mnt/host/source/src/third_party/zephyr/main/misc/empty_file.c.gcno:no functions found
[/mnt/host/source/src/platform/ec/build/zephyr/minimal-realtek-lcov] stderr:
[kingler:rw] [37/388] Building C object CMakeFiles/app.dir/mnt/host/source/src/platform/ec/build/zephyr/kingler/modules/ec/driver/charger/isl923x.c.obj
[winterhold:rw] [71/419] Building C object CMakeFiles/app.dir/mnt/host/source/src/platform/ec/build/zephyr/winterhold/modules/ec/common/keyboard_8042_sharedlib.c.obj
[kingler:ro] [32/388] Building C object CMakeFiles/app.dir/mnt/host/source/src/platform/ec/build/zephyr/kingler/modules/ec/common/battery_info.c.obj
[winterhold:ro] [33/417] Building C object CMakeFiles/app.dir/mnt/host/source/src/platform/ec/build/zephyr/winterhold/modules/ec/driver/amd_stb.c.obj
[winterhold:rw] [72/419] Building C object CMakeFiles/app.dir/mnt/host/source/src/platform/ec/build/zephyr/winterhold/modules/ec/common/mkbp_fifo.c.obj
[/mnt/host/source/src/platform/ec/build/zephyr/voltorb-lcov]   /mnt/host/source/src/platform/ec/build/zephyr/voltorb/build-ro/zephyr/arch/common/CMakeFiles/isr_tables.dir/isr_tables.c.gcno:no functions found
[/mnt/host/source/src/platform/ec/build/zephyr/voltorb-lcov] stderr:
[mtlrvpp_m1723:ro] [57/393] Building C object CMakeFiles/app.dir/mnt/host/source/src/platform/ec/build/zephyr/mtlrvpp_m1723/modules/ec/common/extpower_gpio.c.obj
[mtlrvpp_m1723:ro] [58/393] Building C object CMakeFiles/app.dir/mnt/host/source/src/platform/ec/build/zephyr/mtlrvpp_m1723/modules/ec/common/extpower_common.c.obj
[kingler:rw] [38/388] Building C object CMakeFiles/app.dir/mnt/host/source/src/platform/ec/build/zephyr/kingler/modules/ec/common/charger.c.obj
[mtlrvpp_m1723:rw] [36/393] Building C object CMakeFiles/app.dir/mnt/host/source/src/platform/ec/build/zephyr/mtlrvpp_m1723/modules/ec/common/system_boot_time.c.obj
[/mnt/host/source/src/platform/ec/build/zephyr/brox-sku4-lcov]   /mnt/host/source/src/platform/ec/build/zephyr/brox-sku4/build-ro/zephyr/arch/common/CMakeFiles/isr_tables.dir/isr_tables.c.gcno:no functions found
[/mnt/host/source/src/platform/ec/build/zephyr/brox-sku4-lcov] stderr:
[winterhold:rw] [73/419] Building C object CMakeFiles/app.dir/mnt/host/source/src/platform/ec/build/zephyr/winterhold/modules/ec/common/mkbp_info.c.obj
[kingler:rw] [39/388] Building C object CMakeFiles/app.dir/mnt/host/source/src/platform/ec/build/zephyr/kingler/modules/ec/common/charge_state.c.obj
[winterhold:rw] [74/419] Building C object CMakeFiles/app.dir/mnt/host/source/src/platform/ec/build/zephyr/winterhold/modules/ec/common/mkbp_input_devices.c.obj
[/mnt/host/source/src/platform/ec/build/zephyr/ocelotrvp-ish-lcov]   /mnt/host/source/src/platform/ec/build/zephyr/ocelotrvp-ish/build-singleimage/zephyr/lib/libc/picolibc/CMakeFiles/lib__libc__picolibc.dir/errno_wrap.c.gcno:no functions found
[/mnt/host/source/src/platform/ec/build/zephyr/ocelotrvp-ish-lcov] stderr:
[kingler:ro] [33/388] Building C object CMakeFiles/app.dir/mnt/host/source/src/platform/ec/build/zephyr/kingler/modules/ec/common/battery_fuel_gauge.c.obj
[winterhold:ro] [34/417] Building C object CMakeFiles/app.dir/mnt/host/source/src/platform/ec/build/zephyr/winterhold/modules/ec/common/body_detection.c.obj
[mtlrvpp_m1723:rw] [37/393] Building C object CMakeFiles/app.dir/mnt/host/source/src/platform/ec/build/zephyr/mtlrvpp_m1723/modules/ec/common/uart_printf.c.obj
[winterhold:rw] [75/419] Building C object CMakeFiles/app.dir/mnt/host/source/src/platform/ec/build/zephyr/winterhold/modules/ec/common/keyboard_backlight.c.obj
[mtlrvpp_m1723:ro] [59/393] Building C object CMakeFiles/app.dir/mnt/host/source/src/platform/ec/build/zephyr/mtlrvpp_m1723/modules/ec/common/flash.c.obj
[mtlrvpp_m1723:ro] [60/393] Building C object CMakeFiles/app.dir/mnt/host/source/src/platform/ec/build/zephyr/mtlrvpp_m1723/modules/ec/common/fan.c.obj
[kingler:rw] [40/388] Building C object CMakeFiles/app.dir/mnt/host/source/src/platform/ec/build/zephyr/kingler/modules/ec/common/charge_manager.c.obj
[kingler:rw] [41/388] Building C object CMakeFiles/app.dir/mnt/host/source/src/platform/ec/build/zephyr/kingler/modules/ec/common/cbi_common.c.obj
[winterhold:rw] [76/419] Building C object CMakeFiles/app.dir/mnt/host/source/src/platform/ec/build/zephyr/winterhold/modules/ec/common/led_common.c.obj
[winterhold:rw] [77/419] Building C object CMakeFiles/app.dir/mnt/host/source/src/platform/ec/build/zephyr/winterhold/modules/ec/common/lid_switch.c.obj
[mtlrvpp_m1723:rw] [38/393] Building C object CMakeFiles/app.dir/mnt/host/source/src/platform/ec/build/zephyr/mtlrvpp_m1723/modules/ec/common/util.c.obj
[kingler:ro] [34/388] Building C object CMakeFiles/app.dir/mnt/host/source/src/platform/ec/build/zephyr/kingler/modules/ec/driver/battery/smart.c.obj
[mtlrvpp_m1723:ro] [61/393] Building C object CMakeFiles/app.dir/mnt/host/source/src/platform/ec/build/zephyr/mtlrvpp_m1723/modules/ec/common/host_command.c.obj
[winterhold:ro] [35/417] Building C object CMakeFiles/app.dir/mnt/host/source/src/platform/ec/build/zephyr/winterhold/modules/ec/common/body_detect_client.c.obj
[/mnt/host/source/src/platform/ec/build/zephyr/dirks-lcov]   /mnt/host/source/src/platform/ec/build/zephyr/dirks/build-ro/zephyr/CMakeFiles/zephyr.dir/subsys/shell/modules/kernel_service/kernel_shell.c.gcno:no functions found
[/mnt/host/source/src/platform/ec/build/zephyr/dirks-lcov] stderr:
[winterhold:rw] [78/419] Building C object CMakeFiles/app.dir/mnt/host/source/src/platform/ec/build/zephyr/winterhold/modules/ec/common/mkbp_event.c.obj
[mtlrvpp_m1723:ro] [62/393] Building C object CMakeFiles/app.dir/mnt/host/source/src/platform/ec/build/zephyr/mtlrvpp_m1723/modules/ec/common/host_command_task.c.obj
[kingler:rw] [42/388] Building C object CMakeFiles/app.dir/mnt/host/source/src/platform/ec/build/zephyr/kingler/modules/ec/common/cbi.c.obj
[kingler:rw] [43/388] Building C object CMakeFiles/app.dir/mnt/host/source/src/platform/ec/build/zephyr/kingler/modules/ec/common/cbi_config.c.obj
[/mnt/host/source/src/platform/ec/build/zephyr/dirks-lcov]   /mnt/host/source/src/platform/ec/build/zephyr/dirks/build-ro/zephyr/CMakeFiles/zephyr.dir/lib/libc/validate_libc.c.gcno:no functions found
[/mnt/host/source/src/platform/ec/build/zephyr/dirks-lcov] stderr:
[winterhold:rw] [79/419] Building C object CMakeFiles/app.dir/mnt/host/source/src/platform/ec/build/zephyr/winterhold/modules/ec/common/motion_sense.c.obj
[winterhold:rw] [80/419] Building C object CMakeFiles/app.dir/mnt/host/source/src/platform/ec/build/zephyr/winterhold/modules/ec/common/port80.c.obj
[mtlrvpp_m1723:rw] [39/393] Building C object CMakeFiles/app.dir/mnt/host/source/src/platform/ec/build/zephyr/mtlrvpp_m1723/modules/ec/common/version.c.obj
[/mnt/host/source/src/platform/ec/build/zephyr/trulo-ti-lcov]   /mnt/host/source/src/platform/ec/build/zephyr/trulo-ti/build-rw/zephyr/drivers/sensor/CMakeFiles/drivers__sensor.dir/mnt/host/source/src/third_party/zephyr/main/misc/empty_file.c.gcno:no functions found
[/mnt/host/source/src/platform/ec/build/zephyr/trulo-ti-lcov] Filter suppressions 'region':
[/mnt/host/source/src/platform/ec/build/zephyr/trulo-ti-lcov]     41 instances
[/mnt/host/source/src/platform/ec/build/zephyr/trulo-ti-lcov]     38 coverpoints
[/mnt/host/source/src/platform/ec/build/zephyr/trulo-ti-lcov] Message summary:
[/mnt/host/source/src/platform/ec/build/zephyr/trulo-ti-lcov]   1 warning message:
[/mnt/host/source/src/platform/ec/build/zephyr/trulo-ti-lcov]     format: 1
[/mnt/host/source/src/platform/ec/build/zephyr/trulo-ti-lcov]   35 ignore messages:
[/mnt/host/source/src/platform/ec/build/zephyr/trulo-ti-lcov]     gcov: 35
[kingler:ro] [35/388] Building C object CMakeFiles/app.dir/mnt/host/source/src/platform/ec/build/zephyr/kingler/modules/ec/driver/bc12/rt1718s.c.obj
[mtlrvpp_m1723:ro] [63/393] Building C object CMakeFiles/app.dir/mnt/host/source/src/platform/ec/build/zephyr/mtlrvpp_m1723/modules/ec/common/uart_hostcmd.c.obj
[mtlrvpp_m1723:ro] [64/393] Building C object CMakeFiles/app.dir/mnt/host/source/src/platform/ec/build/zephyr/mtlrvpp_m1723/modules/ec/common/host_event_commands.c.obj
[winterhold:ro] [36/417] Building C object CMakeFiles/app.dir/mnt/host/source/src/platform/ec/build/zephyr/winterhold/modules/ec/common/body_detect_common.c.obj
[/mnt/host/source/src/platform/ec/build/zephyr/ocelotrvp-ish-lcov]   /mnt/host/source/src/platform/ec/build/zephyr/ocelotrvp-ish/build-singleimage/zephyr/drivers/syscon/CMakeFiles/drivers__syscon.dir/mnt/host/source/src/third_party/zephyr/main/misc/empty_file.c.gcno:no functions found
[/mnt/host/source/src/platform/ec/build/zephyr/ocelotrvp-ish-lcov] Filter suppressions 'region':
[winterhold:rw] [81/419] Building C object CMakeFiles/app.dir/mnt/host/source/src/platform/ec/build/zephyr/winterhold/modules/ec/common/power_button.c.obj
[kingler:rw] [44/388] Building C object CMakeFiles/app.dir/mnt/host/source/src/platform/ec/build/zephyr/kingler/modules/ec/common/memory_commands.c.obj
[/mnt/host/source/src/platform/ec/build/zephyr/ocelotrvp-ish-lcov]     22 instances
[/mnt/host/source/src/platform/ec/build/zephyr/ocelotrvp-ish-lcov]     20 coverpoints
[/mnt/host/source/src/platform/ec/build/zephyr/ocelotrvp-ish-lcov] Message summary:
[/mnt/host/source/src/platform/ec/build/zephyr/ocelotrvp-ish-lcov]   1 warning message:
[/mnt/host/source/src/platform/ec/build/zephyr/ocelotrvp-ish-lcov]     format: 1
[/mnt/host/source/src/platform/ec/build/zephyr/ocelotrvp-ish-lcov]   9 ignore messages:
[/mnt/host/source/src/platform/ec/build/zephyr/ocelotrvp-ish-lcov]     gcov: 9
[kingler:rw] [45/388] Building C object CMakeFiles/app.dir/mnt/host/source/src/platform/ec/build/zephyr/kingler/modules/ec/common/chipset.c.obj
[/mnt/host/source/src/platform/ec/build/zephyr/dirks-lcov]   /mnt/host/source/src/platform/ec/build/zephyr/dirks/build-ro/zephyr/CMakeFiles/zephyr.dir/lib/utils/last_section_id.c.gcno:no functions found
[/mnt/host/source/src/platform/ec/build/zephyr/dirks-lcov] stderr:
[winterhold:rw] [82/419] Building C object CMakeFiles/app.dir/mnt/host/source/src/platform/ec/build/zephyr/winterhold/modules/ec/power/common.c.obj
[winterhold:rw] [83/419] Building C object CMakeFiles/app.dir/mnt/host/source/src/platform/ec/build/zephyr/winterhold/modules/ec/power/amd_x86.c.obj
[mtlrvpp_m1723:rw] [40/393] Building C object CMakeFiles/app.dir/mnt/host/source/src/platform/ec/build/zephyr/mtlrvpp_m1723/modules/ec/common/power_button_x86.c.obj
[/mnt/host/source/src/platform/ec/build/zephyr/voltorb-lcov]   /mnt/host/source/src/platform/ec/build/zephyr/voltorb/build-ro/zephyr/CMakeFiles/zephyr.dir/subsys/shell/modules/kernel_service/kernel_shell.c.gcno:no functions found
[/mnt/host/source/src/platform/ec/build/zephyr/voltorb-lcov] stderr:
[kingler:rw] [46/388] Building C object CMakeFiles/app.dir/mnt/host/source/src/platform/ec/build/zephyr/kingler/modules/ec/common/ap_reset_log.c.obj
[mtlrvpp_m1723:ro] [65/393] Building C object CMakeFiles/app.dir/mnt/host/source/src/platform/ec/build/zephyr/mtlrvpp_m1723/modules/ec/common/uptime.c.obj
[mtlrvpp_m1723:ro] [66/393] Building C object CMakeFiles/app.dir/mnt/host/source/src/platform/ec/build/zephyr/mtlrvpp_m1723/modules/ec/common/i2c_controller.c.obj
[kingler:ro] [36/388] Building C object CMakeFiles/app.dir/mnt/host/source/src/platform/ec/build/zephyr/kingler/modules/ec/driver/bc12/pi3usb9201.c.obj
[/mnt/host/source/src/platform/ec/build/zephyr/voltorb-lcov]   /mnt/host/source/src/platform/ec/build/zephyr/voltorb/build-ro/zephyr/CMakeFiles/zephyr.dir/lib/libc/validate_libc.c.gcno:no functions found
[/mnt/host/source/src/platform/ec/build/zephyr/voltorb-lcov] stderr:
[kingler:rw] [47/388] Building C object CMakeFiles/app.dir/mnt/host/source/src/platform/ec/build/zephyr/kingler/modules/ec/common/extpower_common.c.obj
[/mnt/host/source/src/platform/ec/build/zephyr/brox-sku4-lcov]   /mnt/host/source/src/platform/ec/build/zephyr/brox-sku4/build-ro/zephyr/CMakeFiles/zephyr.dir/subsys/shell/modules/kernel_service/kernel_shell.c.gcno:no functions found
[/mnt/host/source/src/platform/ec/build/zephyr/brox-sku4-lcov] stderr:
[winterhold:ro] [37/417] Building C object CMakeFiles/app.dir/mnt/host/source/src/platform/ec/build/zephyr/winterhold/modules/ec/common/adc.c.obj
[kingler:rw] [48/388] Building C object CMakeFiles/app.dir/mnt/host/source/src/platform/ec/build/zephyr/kingler/modules/ec/common/extpower_gpio.c.obj
[winterhold:rw] [84/419] Building C object CMakeFiles/app.dir/mnt/host/source/src/platform/ec/build/zephyr/winterhold/modules/ec/power/host_sleep.c.obj
[winterhold:ro] [38/417] Building C object CMakeFiles/app.dir/mnt/host/source/src/platform/ec/build/zephyr/winterhold/modules/ec/common/acpi.c.obj
[/mnt/host/source/src/platform/ec/build/zephyr/brox-sku4-lcov]   /mnt/host/source/src/platform/ec/build/zephyr/brox-sku4/build-ro/zephyr/CMakeFiles/zephyr.dir/lib/libc/validate_libc.c.gcno:no functions found
[/mnt/host/source/src/platform/ec/build/zephyr/brox-sku4-lcov] stderr:
[mtlrvpp_m1723:rw] [41/393] Building C object CMakeFiles/app.dir/mnt/host/source/src/platform/ec/build/zephyr/mtlrvpp_m1723/modules/ec/common/adc.c.obj
[winterhold:rw] [85/419] Building C object CMakeFiles/app.dir/mnt/host/source/src/platform/ec/build/zephyr/winterhold/modules/ec/common/panic_output.c.obj
[winterhold:rw] [86/419] Building C object CMakeFiles/app.dir/mnt/host/source/src/platform/ec/build/zephyr/winterhold/modules/ec/common/preserved_ring_buf.c.obj
[kingler:rw] [49/388] Building C object CMakeFiles/app.dir/mnt/host/source/src/platform/ec/build/zephyr/kingler/modules/ec/common/flash.c.obj
[mtlrvpp_m1723:ro] [67/393] Building C object CMakeFiles/app.dir/mnt/host/source/src/platform/ec/build/zephyr/mtlrvpp_m1723/modules/ec/common/i2c_passthru.c.obj
[mtlrvpp_m1723:ro] [68/393] Building C object CMakeFiles/app.dir/mnt/host/source/src/platform/ec/build/zephyr/mtlrvpp_m1723/modules/ec/driver/ioexpander/ccgxxf.c.obj
[kingler:rw] [50/388] Building C object CMakeFiles/app.dir/mnt/host/source/src/platform/ec/build/zephyr/kingler/modules/ec/common/host_command.c.obj
[kingler:ro] [37/388] Building C object CMakeFiles/app.dir/mnt/host/source/src/platform/ec/build/zephyr/kingler/modules/ec/driver/charger/isl923x.c.obj
[winterhold:ro] [39/417] Building C object CMakeFiles/app.dir/mnt/host/source/src/platform/ec/build/zephyr/winterhold/modules/ec/driver/sb_rmi.c.obj
[kingler:rw] [51/388] Building C object CMakeFiles/app.dir/mnt/host/source/src/platform/ec/build/zephyr/kingler/modules/ec/common/host_command_task.c.obj
[winterhold:rw] [87/419] Building C object CMakeFiles/app.dir/mnt/host/source/src/platform/ec/build/zephyr/winterhold/modules/ec/common/panic_log.c.obj
[/mnt/host/source/src/platform/ec/build/zephyr/minimal-realtek-lcov]   /mnt/host/source/src/platform/ec/build/zephyr/minimal-realtek/build-ro/zephyr/drivers/interrupt_controller/CMakeFiles/drivers__interrupt_controller.dir/mnt/host/source/src/third_party/zephyr/main/misc/empty_file.c.gcno:no functions found
[/mnt/host/source/src/platform/ec/build/zephyr/minimal-realtek-lcov] stderr:
[winterhold:ro] [40/417] Building C object CMakeFiles/app.dir/mnt/host/source/src/platform/ec/build/zephyr/winterhold/modules/ec/driver/amd_stt.c.obj
[/mnt/host/source/src/platform/ec/build/zephyr/voltorb-lcov]   /mnt/host/source/src/platform/ec/build/zephyr/voltorb/build-ro/zephyr/CMakeFiles/zephyr.dir/lib/utils/last_section_id.c.gcno:no functions found
[/mnt/host/source/src/platform/ec/build/zephyr/voltorb-lcov] stderr:
[mtlrvpp_m1723:rw] [42/393] Building C object CMakeFiles/app.dir/mnt/host/source/src/platform/ec/build/zephyr/mtlrvpp_m1723/modules/ec/common/acpi.c.obj
[winterhold:rw] [88/419] Building C object CMakeFiles/app.dir/mnt/host/source/src/platform/ec/build/zephyr/winterhold/modules/ec/common/sha256.c.obj
[mtlrvpp_m1723:ro] [69/393] Building C object CMakeFiles/app.dir/mnt/host/source/src/platform/ec/build/zephyr/mtlrvpp_m1723/modules/ec/driver/ioexpander/it8801.c.obj
[/mnt/host/source/src/platform/ec/build/zephyr/brox-sku4-lcov]   /mnt/host/source/src/platform/ec/build/zephyr/brox-sku4/build-ro/zephyr/CMakeFiles/zephyr.dir/lib/utils/last_section_id.c.gcno:no functions found
[/mnt/host/source/src/platform/ec/build/zephyr/brox-sku4-lcov] stderr:
[winterhold:rw] [89/419] Building C object CMakeFiles/app.dir/mnt/host/source/src/platform/ec/build/zephyr/winterhold/modules/ec/common/shared_mem.c.obj
[kingler:rw] [52/388] Building C object CMakeFiles/app.dir/mnt/host/source/src/platform/ec/build/zephyr/kingler/modules/ec/common/host_event_commands.c.obj
[kingler:rw] [53/388] Building C object CMakeFiles/app.dir/mnt/host/source/src/platform/ec/build/zephyr/kingler/modules/ec/common/uart_hostcmd.c.obj
[mtlrvpp_m1723:ro] [70/393] Building C object CMakeFiles/app.dir/mnt/host/source/src/platform/ec/build/zephyr/mtlrvpp_m1723/modules/ec/common/keyboard_scan.c.obj
[kingler:rw] [54/388] Building C object CMakeFiles/app.dir/mnt/host/source/src/platform/ec/build/zephyr/kingler/modules/ec/common/uptime.c.obj
[kingler:ro] [38/388] Building C object CMakeFiles/app.dir/mnt/host/source/src/platform/ec/build/zephyr/kingler/modules/ec/common/charger.c.obj
[winterhold:ro] [41/417] Building C object CMakeFiles/app.dir/mnt/host/source/src/platform/ec/build/zephyr/winterhold/modules/ec/common/backlight_lid.c.obj
[winterhold:rw] [90/419] Building C object CMakeFiles/app.dir/mnt/host/source/src/platform/ec/build/zephyr/winterhold/modules/ec/common/switch.c.obj
[winterhold:ro] [42/417] Building C object CMakeFiles/app.dir/mnt/host/source/src/platform/ec/build/zephyr/winterhold/modules/ec/common/battery.c.obj
[winterhold:rw] [91/419] Building C object CMakeFiles/app.dir/mnt/host/source/src/platform/ec/build/zephyr/winterhold/modules/ec/common/spi_flash_reg.c.obj
[mtlrvpp_m1723:rw] [43/393] Building C object CMakeFiles/app.dir/mnt/host/source/src/platform/ec/build/zephyr/mtlrvpp_m1723/modules/ec/common/battery.c.obj
[/mnt/host/source/src/platform/ec/build/zephyr/minimal-realtek-lcov]   /mnt/host/source/src/platform/ec/build/zephyr/minimal-realtek/build-rw/CMakeFiles/app.dir/mnt/host/source/src/platform/ec/build/zephyr/minimal-realtek/modules/ec/common/cbi_config.c.gcno:no functions found
[/mnt/host/source/src/platform/ec/build/zephyr/minimal-realtek-lcov] stderr:
[mtlrvpp_m1723:ro] [71/393] Building C object CMakeFiles/app.dir/mnt/host/source/src/platform/ec/build/zephyr/mtlrvpp_m1723/modules/ec/common/keyboard_8042.c.obj
[winterhold:rw] [92/419] Building C object CMakeFiles/app.dir/mnt/host/source/src/platform/ec/build/zephyr/winterhold/modules/ec/driver/stm_mems_common.c.obj
[kingler:rw] [55/388] Building C object CMakeFiles/app.dir/mnt/host/source/src/platform/ec/build/zephyr/kingler/modules/ec/common/i2c_controller.c.obj
[kingler:rw] [56/388] Building C object CMakeFiles/app.dir/mnt/host/source/src/platform/ec/build/zephyr/kingler/modules/ec/common/i2c_passthru.c.obj
[mtlrvpp_m1723:ro] [72/393] Building C object CMakeFiles/app.dir/mnt/host/source/src/platform/ec/build/zephyr/mtlrvpp_m1723/modules/ec/common/keyboard_8042_sharedlib.c.obj
[kingler:rw] [57/388] Building C object CMakeFiles/app.dir/mnt/host/source/src/platform/ec/build/zephyr/kingler/modules/ec/common/virtual_battery.c.obj
[winterhold:ro] [43/417] Building C object CMakeFiles/app.dir/mnt/host/source/src/platform/ec/build/zephyr/winterhold/modules/ec/common/battery_info.c.obj
[kingler:ro] [39/388] Building C object CMakeFiles/app.dir/mnt/host/source/src/platform/ec/build/zephyr/kingler/modules/ec/common/charge_state.c.obj
[winterhold:rw] [93/419] Building C object CMakeFiles/app.dir/mnt/host/source/src/platform/ec/build/zephyr/winterhold/modules/ec/common/thermal.c.obj
[winterhold:ro] [44/417] Building C object CMakeFiles/app.dir/mnt/host/source/src/platform/ec/build/zephyr/winterhold/modules/ec/common/battery_fuel_gauge.c.obj
[mtlrvpp_m1723:rw] [44/393] Building C object CMakeFiles/app.dir/mnt/host/source/src/platform/ec/build/zephyr/mtlrvpp_m1723/modules/ec/common/battery_info.c.obj
[winterhold:rw] [94/419] Building C object CMakeFiles/app.dir/mnt/host/source/src/platform/ec/build/zephyr/winterhold/modules/ec/common/temp_sensor.c.obj
[mtlrvpp_m1723:ro] [73/393] Building C object CMakeFiles/app.dir/mnt/host/source/src/platform/ec/build/zephyr/mtlrvpp_m1723/modules/ec/common/mkbp_fifo.c.obj
[/mnt/host/source/src/platform/ec/build/zephyr/minimal-realtek-lcov]   /mnt/host/source/src/platform/ec/build/zephyr/minimal-realtek/build-rw/zephyr/arch/common/CMakeFiles/isr_tables.dir/isr_tables.c.gcno:no functions found
[/mnt/host/source/src/platform/ec/build/zephyr/minimal-realtek-lcov] stderr:
[kingler:rw] [58/388] Building C object CMakeFiles/app.dir/mnt/host/source/src/platform/ec/build/zephyr/kingler/modules/ec/common/mkbp_fifo.c.obj
[winterhold:rw] [95/419] Building C object CMakeFiles/app.dir/mnt/host/source/src/platform/ec/build/zephyr/winterhold/modules/ec/driver/temp_sensor/thermistor.c.obj
[kingler:rw] [59/388] Building C object CMakeFiles/app.dir/mnt/host/source/src/platform/ec/build/zephyr/kingler/modules/ec/common/mkbp_info.c.obj
[mtlrvpp_m1723:ro] [74/393] Building C object CMakeFiles/app.dir/mnt/host/source/src/platform/ec/build/zephyr/mtlrvpp_m1723/modules/ec/common/mkbp_info.c.obj
[kingler:rw] [60/388] Building C object CMakeFiles/app.dir/mnt/host/source/src/platform/ec/build/zephyr/kingler/modules/ec/common/keyboard_scan.c.obj
[winterhold:ro] [45/417] Building C object CMakeFiles/app.dir/mnt/host/source/src/platform/ec/build/zephyr/winterhold/modules/ec/driver/battery/smart.c.obj
[winterhold:rw] [96/419] Building C object CMakeFiles/app.dir/mnt/host/source/src/platform/ec/build/zephyr/winterhold/modules/ec/driver/temp_sensor/pct2075.c.obj
[kingler:ro] [40/388] Building C object CMakeFiles/app.dir/mnt/host/source/src/platform/ec/build/zephyr/kingler/modules/ec/common/charge_manager.c.obj
[mtlrvpp_m1723:rw] [45/393] Building C object CMakeFiles/app.dir/mnt/host/source/src/platform/ec/build/zephyr/mtlrvpp_m1723/modules/ec/common/battery_fuel_gauge.c.obj
[kingler:rw] [61/388] Building C object CMakeFiles/app.dir/mnt/host/source/src/platform/ec/build/zephyr/kingler/modules/ec/common/keyboard_mkbp.c.obj
[mtlrvpp_m1723:ro] [75/393] Building C object CMakeFiles/app.dir/mnt/host/source/src/platform/ec/build/zephyr/mtlrvpp_m1723/modules/ec/common/mkbp_input_devices.c.obj
[winterhold:ro] [46/417] Building C object CMakeFiles/app.dir/mnt/host/source/src/platform/ec/build/zephyr/winterhold/modules/ec/driver/bc12/pi3usb9201.c.obj
[winterhold:rw] [97/419] Building C object CMakeFiles/app.dir/mnt/host/source/src/platform/ec/build/zephyr/winterhold/modules/ec/driver/temp_sensor/sb_tsi.c.obj
[winterhold:rw] [98/419] Building C object CMakeFiles/app.dir/mnt/host/source/src/platform/ec/build/zephyr/winterhold/modules/ec/common/throttle_ap.c.obj
[kingler:rw] [62/388] Building C object CMakeFiles/app.dir/mnt/host/source/src/platform/ec/build/zephyr/kingler/modules/ec/common/mkbp_input_devices.c.obj
[mtlrvpp_m1723:ro] [76/393] Building C object CMakeFiles/app.dir/mnt/host/source/src/platform/ec/build/zephyr/mtlrvpp_m1723/modules/ec/common/lid_switch.c.obj
[kingler:rw] [63/388] Building C object CMakeFiles/app.dir/mnt/host/source/src/platform/ec/build/zephyr/kingler/modules/ec/common/led_common.c.obj
[kingler:ro] [41/388] Building C object CMakeFiles/app.dir/mnt/host/source/src/platform/ec/build/zephyr/kingler/modules/ec/common/cbi_common.c.obj
[winterhold:rw] [99/419] Building C object CMakeFiles/app.dir/mnt/host/source/src/platform/ec/build/zephyr/winterhold/modules/ec/common/timer.c.obj
[mtlrvpp_m1723:rw] [46/393] Building C object CMakeFiles/app.dir/mnt/host/source/src/platform/ec/build/zephyr/mtlrvpp_m1723/modules/ec/driver/battery/smart.c.obj
[winterhold:ro] [47/417] Building C object CMakeFiles/app.dir/mnt/host/source/src/platform/ec/build/zephyr/winterhold/modules/ec/driver/charger/isl923x.c.obj
[mtlrvpp_m1723:ro] [77/393] Building C object CMakeFiles/app.dir/mnt/host/source/src/platform/ec/build/zephyr/mtlrvpp_m1723/modules/ec/common/mkbp_event.c.obj
[kingler:rw] [64/388] Building C object CMakeFiles/app.dir/mnt/host/source/src/platform/ec/build/zephyr/kingler/modules/ec/common/motion_lid.c.obj
[winterhold:ro] [48/417] Building C object CMakeFiles/app.dir/mnt/host/source/src/platform/ec/build/zephyr/winterhold/modules/ec/common/charger.c.obj
[kingler:rw] [65/388] Building C object CMakeFiles/app.dir/mnt/host/source/src/platform/ec/build/zephyr/kingler/modules/ec/common/lid_angle.c.obj
[winterhold:rw] [100/419] Building C object CMakeFiles/app.dir/mnt/host/source/src/platform/ec/build/zephyr/winterhold/modules/ec/common/usb_charger.c.obj
[winterhold:rw] [101/419] Building C object CMakeFiles/app.dir/mnt/host/source/src/platform/ec/build/zephyr/winterhold/modules/ec/common/usb_port_power_dumb.c.obj
[mtlrvpp_m1723:ro] [78/393] Building C object CMakeFiles/app.dir/mnt/host/source/src/platform/ec/build/zephyr/mtlrvpp_m1723/modules/ec/common/port80.c.obj
[kingler:rw] [66/388] Building C object CMakeFiles/app.dir/mnt/host/source/src/platform/ec/build/zephyr/kingler/modules/ec/common/lid_angle_keyboard_policy.c.obj
[kingler:ro] [42/388] Building C object CMakeFiles/app.dir/mnt/host/source/src/platform/ec/build/zephyr/kingler/modules/ec/common/cbi.c.obj
[mtlrvpp_m1723:rw] [47/393] Building C object CMakeFiles/app.dir/mnt/host/source/src/platform/ec/build/zephyr/mtlrvpp_m1723/modules/ec/driver/charger/isl9241.c.obj
[winterhold:rw] [102/419] Building C object CMakeFiles/app.dir/mnt/host/source/src/platform/ec/build/zephyr/winterhold/modules/ec/common/typec_control.c.obj
[mtlrvpp_m1723:ro] [79/393] Building C object CMakeFiles/app.dir/mnt/host/source/src/platform/ec/build/zephyr/mtlrvpp_m1723/modules/ec/common/power_button.c.obj
[winterhold:ro] [49/417] Building C object CMakeFiles/app.dir/mnt/host/source/src/platform/ec/build/zephyr/winterhold/modules/ec/common/charge_state.c.obj
[kingler:rw] [67/388] Building C object CMakeFiles/app.dir/mnt/host/source/src/platform/ec/build/zephyr/kingler/modules/ec/common/lid_switch.c.obj
[winterhold:rw] [103/419] Building C object CMakeFiles/app.dir/mnt/host/source/src/platform/ec/build/zephyr/winterhold/modules/ec/common/usb_pd_pdo.c.obj
[kingler:rw] [68/388] Building C object CMakeFiles/app.dir/mnt/host/source/src/platform/ec/build/zephyr/kingler/modules/ec/common/mkbp_event.c.obj
[mtlrvpp_m1723:ro] [80/393] Building C object CMakeFiles/app.dir/mnt/host/source/src/platform/ec/build/zephyr/mtlrvpp_m1723/modules/ec/power/hibernate.c.obj
[winterhold:rw] [104/419] Building C object CMakeFiles/app.dir/mnt/host/source/src/platform/ec/build/zephyr/winterhold/modules/ec/common/usb_common.c.obj
[kingler:rw] [69/388] Building C object CMakeFiles/app.dir/mnt/host/source/src/platform/ec/build/zephyr/kingler/modules/ec/common/motion_sense.c.obj
[winterhold:ro] [50/417] Building C object CMakeFiles/app.dir/mnt/host/source/src/platform/ec/build/zephyr/winterhold/modules/ec/common/charge_manager.c.obj
[kingler:ro] [43/388] Building C object CMakeFiles/app.dir/mnt/host/source/src/platform/ec/build/zephyr/kingler/modules/ec/common/cbi_config.c.obj
[mtlrvpp_m1723:rw] [48/393] Building C object CMakeFiles/app.dir/mnt/host/source/src/platform/ec/build/zephyr/mtlrvpp_m1723/modules/ec/common/charger.c.obj
[mtlrvpp_m1723:ro] [81/393] Building C object CMakeFiles/app.dir/mnt/host/source/src/platform/ec/build/zephyr/mtlrvpp_m1723/modules/ec/common/panic_output.c.obj
[/mnt/host/source/src/platform/ec/build/zephyr/dirks-lcov]   /mnt/host/source/src/platform/ec/build/zephyr/dirks/build-ro/zephyr/CMakeFiles/zephyr.dir/soc/ite/ec/it8xxx2/check_regs.c.gcno:no functions found
[/mnt/host/source/src/platform/ec/build/zephyr/dirks-lcov] stderr:
[winterhold:rw] [105/419] Building C object CMakeFiles/app.dir/mnt/host/source/src/platform/ec/build/zephyr/winterhold/modules/ec/common/usbc/usbc_task.c.obj
[winterhold:ro] [51/417] Building C object CMakeFiles/app.dir/mnt/host/source/src/platform/ec/build/zephyr/winterhold/modules/ec/common/cbi_common.c.obj
[mtlrvpp_m1723:ro] [82/393] Building C object CMakeFiles/app.dir/mnt/host/source/src/platform/ec/build/zephyr/mtlrvpp_m1723/modules/ec/common/sha256.c.obj
[/mnt/host/source/src/platform/ec/build/zephyr/minimal-realtek-lcov]   /mnt/host/source/src/platform/ec/build/zephyr/minimal-realtek/build-rw/zephyr/CMakeFiles/zephyr.dir/subsys/shell/modules/kernel_service/kernel_shell.c.gcno:no functions found
[/mnt/host/source/src/platform/ec/build/zephyr/minimal-realtek-lcov] stderr:
[winterhold:rw] [106/419] Building C object CMakeFiles/app.dir/mnt/host/source/src/platform/ec/build/zephyr/winterhold/modules/ec/common/usbc/usb_pd_timer.c.obj
[kingler:rw] [70/388] Building C object CMakeFiles/app.dir/mnt/host/source/src/platform/ec/build/zephyr/kingler/modules/ec/common/power_button.c.obj
[kingler:rw] [71/388] Building C object CMakeFiles/app.dir/mnt/host/source/src/platform/ec/build/zephyr/kingler/modules/ec/power/common.c.obj
[/mnt/host/source/src/platform/ec/build/zephyr/minimal-realtek-lcov]   /mnt/host/source/src/platform/ec/build/zephyr/minimal-realtek/build-rw/zephyr/CMakeFiles/zephyr.dir/lib/libc/validate_libc.c.gcno:no functions found
[/mnt/host/source/src/platform/ec/build/zephyr/minimal-realtek-lcov] stderr:
[winterhold:rw] [107/419] Building C object CMakeFiles/app.dir/mnt/host/source/src/platform/ec/build/zephyr/winterhold/modules/ec/common/usbc/usb_sm.c.obj
[kingler:rw] [72/388] Building C object CMakeFiles/app.dir/mnt/host/source/src/platform/ec/build/zephyr/kingler/modules/ec/power/host_sleep.c.obj
[kingler:ro] [44/388] Building C object CMakeFiles/app.dir/mnt/host/source/src/platform/ec/build/zephyr/kingler/modules/ec/common/memory_commands.c.obj
[winterhold:ro] [52/417] Building C object CMakeFiles/app.dir/mnt/host/source/src/platform/ec/build/zephyr/winterhold/modules/ec/common/cbi.c.obj
[mtlrvpp_m1723:ro] [83/393] Building C object CMakeFiles/app.dir/mnt/host/source/src/platform/ec/build/zephyr/mtlrvpp_m1723/modules/ec/common/shared_mem.c.obj
[winterhold:ro] [53/417] Building C object CMakeFiles/app.dir/mnt/host/source/src/platform/ec/build/zephyr/winterhold/modules/ec/common/cbi_config.c.obj
[mtlrvpp_m1723:rw] [49/393] Building C object CMakeFiles/app.dir/mnt/host/source/src/platform/ec/build/zephyr/mtlrvpp_m1723/modules/ec/common/charge_state.c.obj
[winterhold:rw] [108/419] Building C object CMakeFiles/app.dir/mnt/host/source/src/platform/ec/build/zephyr/winterhold/modules/ec/common/usbc_intr_task.c.obj
[kingler:rw] [73/388] Building C object CMakeFiles/app.dir/mnt/host/source/src/platform/ec/build/zephyr/kingler/modules/ec/power/mt8186.c.obj
[mtlrvpp_m1723:ro] [84/393] Building C object CMakeFiles/app.dir/mnt/host/source/src/platform/ec/build/zephyr/mtlrvpp_m1723/modules/ec/common/switch.c.obj
[winterhold:rw] [109/419] Building C object CMakeFiles/app.dir/mnt/host/source/src/platform/ec/build/zephyr/winterhold/modules/ec/common/usbc_utils.c.obj
[kingler:rw] [74/388] Building C object CMakeFiles/app.dir/mnt/host/source/src/platform/ec/build/zephyr/kingler/modules/ec/common/panic_output.c.obj
[kingler:rw] [75/388] Building C object CMakeFiles/app.dir/mnt/host/source/src/platform/ec/build/zephyr/kingler/modules/ec/common/sha256.c.obj
[winterhold:rw] [110/419] Building C object CMakeFiles/app.dir/mnt/host/source/src/platform/ec/build/zephyr/winterhold/modules/ec/common/usb_pd_flags.c.obj
[kingler:ro] [45/388] Building C object CMakeFiles/app.dir/mnt/host/source/src/platform/ec/build/zephyr/kingler/modules/ec/common/chipset.c.obj
[winterhold:ro] [54/417] Building C object CMakeFiles/app.dir/mnt/host/source/src/platform/ec/build/zephyr/winterhold/modules/ec/common/dptf.c.obj
[mtlrvpp_m1723:ro] [85/393] Building C object CMakeFiles/app.dir/mnt/host/source/src/platform/ec/build/zephyr/mtlrvpp_m1723/modules/ec/common/spi_flash_reg.c.obj
[kingler:rw] [76/388] Building C object CMakeFiles/app.dir/mnt/host/source/src/platform/ec/build/zephyr/kingler/modules/ec/common/shared_mem.c.obj
[winterhold:ro] [55/417] Building C object CMakeFiles/app.dir/mnt/host/source/src/platform/ec/build/zephyr/winterhold/modules/ec/common/chipset.c.obj
[mtlrvpp_m1723:ro] [86/393] Building C object CMakeFiles/app.dir/mnt/host/source/src/platform/ec/build/zephyr/mtlrvpp_m1723/modules/ec/common/tablet_mode.c.obj
[winterhold:rw] [111/419] Building C object CMakeFiles/app.dir/mnt/host/source/src/platform/ec/build/zephyr/winterhold/modules/ec/common/chargen.c.obj
[kingler:rw] [77/388] Building C object CMakeFiles/app.dir/mnt/host/source/src/platform/ec/build/zephyr/kingler/modules/ec/common/switch.c.obj
[mtlrvpp_m1723:rw] [50/393] Building C object CMakeFiles/app.dir/mnt/host/source/src/platform/ec/build/zephyr/mtlrvpp_m1723/modules/ec/common/charge_manager.c.obj
[kingler:rw] [78/388] Building C object CMakeFiles/app.dir/mnt/host/source/src/platform/ec/build/zephyr/kingler/modules/ec/common/spi_flash_reg.c.obj
[winterhold:rw] [112/419] Building C object CMakeFiles/app.dir/mnt/host/source/src/platform/ec/build/zephyr/winterhold/modules/ec/common/usbc/usb_pd_console.c.obj
[kingler:ro] [46/388] Building C object CMakeFiles/app.dir/mnt/host/source/src/platform/ec/build/zephyr/kingler/modules/ec/common/ap_reset_log.c.obj
[winterhold:rw] [113/419] Building C object CMakeFiles/app.dir/mnt/host/source/src/platform/ec/build/zephyr/winterhold/modules/ec/driver/retimer/anx7483.c.obj
[winterhold:ro] [56/417] Building C object CMakeFiles/app.dir/mnt/host/source/src/platform/ec/build/zephyr/winterhold/modules/ec/common/ap_reset_log.c.obj
[mtlrvpp_m1723:ro] [87/393] Building C object CMakeFiles/app.dir/mnt/host/source/src/platform/ec/build/zephyr/mtlrvpp_m1723/modules/ec/common/thermal.c.obj
[mtlrvpp_m1723:ro] [88/393] Building C object CMakeFiles/app.dir/mnt/host/source/src/platform/ec/build/zephyr/mtlrvpp_m1723/modules/ec/common/temp_sensor.c.obj
[mtlrvpp_m1723:rw] [51/393] Building C object CMakeFiles/app.dir/mnt/host/source/src/platform/ec/build/zephyr/mtlrvpp_m1723/modules/ec/common/cbi_common.c.obj
[kingler:rw] [79/388] Building C object CMakeFiles/app.dir/mnt/host/source/src/platform/ec/build/zephyr/kingler/modules/ec/common/tablet_mode.c.obj
[winterhold:ro] [57/417] Building C object CMakeFiles/app.dir/mnt/host/source/src/platform/ec/build/zephyr/winterhold/modules/ec/common/espi.c.obj
[kingler:rw] [80/388] Building C object CMakeFiles/app.dir/mnt/host/source/src/platform/ec/build/zephyr/kingler/modules/ec/common/timer.c.obj
[kingler:rw] [81/388] Building C object CMakeFiles/app.dir/mnt/host/source/src/platform/ec/build/zephyr/kingler/modules/ec/common/usb_charger.c.obj
[winterhold:rw] [114/419] Building C object CMakeFiles/app.dir/mnt/host/source/src/platform/ec/build/zephyr/winterhold/modules/ec/driver/retimer/ps8811.c.obj
[winterhold:rw] [115/419] Building C object CMakeFiles/app.dir/mnt/host/source/src/platform/ec/build/zephyr/winterhold/modules/ec/driver/usb_mux/anx7451.c.obj
[kingler:ro] [47/388] Building C object CMakeFiles/app.dir/mnt/host/source/src/platform/ec/build/zephyr/kingler/modules/ec/common/extpower_common.c.obj
[winterhold:rw] [116/419] Building C object CMakeFiles/app.dir/mnt/host/source/src/platform/ec/build/zephyr/winterhold/modules/ec/driver/usb_mux/usb_mux.c.obj
[/mnt/host/source/src/platform/ec/build/zephyr/brox-sku4-lcov]   /mnt/host/source/src/platform/ec/build/zephyr/brox-sku4/build-ro/zephyr/CMakeFiles/zephyr.dir/soc/ite/ec/it8xxx2/check_regs.c.gcno:no functions found
[/mnt/host/source/src/platform/ec/build/zephyr/brox-sku4-lcov] stderr:
[winterhold:ro] [58/417] Building C object CMakeFiles/app.dir/mnt/host/source/src/platform/ec/build/zephyr/winterhold/modules/ec/common/extpower_common.c.obj
[mtlrvpp_m1723:ro] [89/393] Building C object CMakeFiles/app.dir/mnt/host/source/src/platform/ec/build/zephyr/mtlrvpp_m1723/modules/ec/driver/temp_sensor/thermistor.c.obj
[mtlrvpp_m1723:ro] [90/393] Building C object CMakeFiles/app.dir/mnt/host/source/src/platform/ec/build/zephyr/mtlrvpp_m1723/modules/ec/common/timer.c.obj
[kingler:rw] [82/388] Building C object CMakeFiles/app.dir/mnt/host/source/src/platform/ec/build/zephyr/kingler/modules/ec/common/usb_port_power_dumb.c.obj
[mtlrvpp_m1723:rw] [52/393] Building C object CMakeFiles/app.dir/mnt/host/source/src/platform/ec/build/zephyr/mtlrvpp_m1723/modules/ec/common/cbi.c.obj
[kingler:rw] [83/388] Building C object CMakeFiles/app.dir/mnt/host/source/src/platform/ec/build/zephyr/kingler/modules/ec/common/typec_control.c.obj
[winterhold:ro] [59/417] Building C object CMakeFiles/app.dir/mnt/host/source/src/platform/ec/build/zephyr/winterhold/modules/ec/common/extpower_gpio.c.obj
[winterhold:rw] [117/419] Building C object CMakeFiles/app.dir/mnt/host/source/src/platform/ec/build/zephyr/winterhold/modules/ec/driver/usb_mux/amd_fp6.c.obj
[kingler:ro] [48/388] Building C object CMakeFiles/app.dir/mnt/host/source/src/platform/ec/build/zephyr/kingler/modules/ec/common/extpower_gpio.c.obj
[winterhold:rw] [118/419] Building C object CMakeFiles/app.dir/mnt/host/source/src/platform/ec/build/zephyr/winterhold/modules/ec/common/event_log.c.obj
[kingler:rw] [84/388] Building C object CMakeFiles/app.dir/mnt/host/source/src/platform/ec/build/zephyr/kingler/modules/ec/common/usb_common.c.obj
[/mnt/host/source/src/platform/ec/build/zephyr/dirks-lcov]   /mnt/host/source/src/platform/ec/build/zephyr/dirks/build-ro/zephyr/drivers/sensor/CMakeFiles/drivers__sensor.dir/mnt/host/source/src/third_party/zephyr/main/misc/empty_file.c.gcno:no functions found
[/mnt/host/source/src/platform/ec/build/zephyr/dirks-lcov] stderr:
[mtlrvpp_m1723:ro] [91/393] Building C object CMakeFiles/app.dir/mnt/host/source/src/platform/ec/build/zephyr/mtlrvpp_m1723/modules/ec/common/typec_control.c.obj
[winterhold:rw] [119/419] Building C object CMakeFiles/app.dir/mnt/host/source/src/platform/ec/build/zephyr/winterhold/modules/ec/common/pd_log.c.obj
[winterhold:ro] [60/417] Building C object CMakeFiles/app.dir/mnt/host/source/src/platform/ec/build/zephyr/winterhold/modules/ec/common/fan.c.obj
[kingler:rw] [85/388] Building C object CMakeFiles/app.dir/mnt/host/source/src/platform/ec/build/zephyr/kingler/modules/ec/common/usb_pd_pdo.c.obj
[mtlrvpp_m1723:ro] [92/393] Building C object CMakeFiles/app.dir/mnt/host/source/src/platform/ec/build/zephyr/mtlrvpp_m1723/modules/ec/common/usb_common.c.obj
[mtlrvpp_m1723:rw] [53/393] Building C object CMakeFiles/app.dir/mnt/host/source/src/platform/ec/build/zephyr/mtlrvpp_m1723/modules/ec/common/cbi_config.c.obj
[/mnt/host/source/src/platform/ec/build/zephyr/dirks-lcov]   /mnt/host/source/src/platform/ec/build/zephyr/dirks/build-rw/modules/ec/zephyr/CMakeFiles/ec_shim.dir/shim/src/cec.c.gcno:no functions found
[/mnt/host/source/src/platform/ec/build/zephyr/dirks-lcov] stderr:
[kingler:rw] [86/388] Building C object CMakeFiles/app.dir/mnt/host/source/src/platform/ec/build/zephyr/kingler/modules/ec/common/usbc/usbc_task.c.obj
[winterhold:ro] [61/417] Building C object CMakeFiles/app.dir/mnt/host/source/src/platform/ec/build/zephyr/winterhold/modules/ec/common/flash.c.obj
[kingler:ro] [49/388] Building C object CMakeFiles/app.dir/mnt/host/source/src/platform/ec/build/zephyr/kingler/modules/ec/common/flash.c.obj
[kingler:rw] [87/388] Building C object CMakeFiles/app.dir/mnt/host/source/src/platform/ec/build/zephyr/kingler/modules/ec/common/usbc/usb_pd_timer.c.obj
[/mnt/host/source/src/platform/ec/build/zephyr/dirks-lcov]   /mnt/host/source/src/platform/ec/build/zephyr/dirks/build-rw/modules/ec/zephyr/CMakeFiles/ec_shim.dir/shim/src/thermal.c.gcno:no functions found
[/mnt/host/source/src/platform/ec/build/zephyr/dirks-lcov] stderr:
[mtlrvpp_m1723:ro] [93/393] Building C object CMakeFiles/app.dir/mnt/host/source/src/platform/ec/build/zephyr/mtlrvpp_m1723/modules/ec/common/usb_pd_pdo.c.obj
[winterhold:rw] [120/419] Building C object CMakeFiles/app.dir/mnt/host/source/src/platform/ec/build/zephyr/winterhold/modules/ec/common/usbc/usb_prl_sm.c.obj
[winterhold:rw] [121/419] Building C object CMakeFiles/app.dir/mnt/host/source/src/platform/ec/build/zephyr/winterhold/modules/ec/common/usbc/usb_tc_drp_acc_trysrc_sm.c.obj
[winterhold:ro] [62/417] Building C object CMakeFiles/app.dir/mnt/host/source/src/platform/ec/build/zephyr/winterhold/modules/ec/common/host_command.c.obj
[kingler:rw] [88/388] Building C object CMakeFiles/app.dir/mnt/host/source/src/platform/ec/build/zephyr/kingler/modules/ec/common/usbc/usb_sm.c.obj
[mtlrvpp_m1723:ro] [94/393] Building C object CMakeFiles/app.dir/mnt/host/source/src/platform/ec/build/zephyr/mtlrvpp_m1723/modules/ec/common/usbc/usbc_task.c.obj
[mtlrvpp_m1723:rw] [54/393] Building C object CMakeFiles/app.dir/mnt/host/source/src/platform/ec/build/zephyr/mtlrvpp_m1723/modules/ec/common/memory_commands.c.obj
[kingler:rw] [89/388] Building C object CMakeFiles/app.dir/mnt/host/source/src/platform/ec/build/zephyr/kingler/modules/ec/common/usbc_intr_task.c.obj
[kingler:rw] [90/388] Building C object CMakeFiles/app.dir/mnt/host/source/src/platform/ec/build/zephyr/kingler/modules/ec/common/usbc_utils.c.obj
[winterhold:ro] [63/417] Building C object CMakeFiles/app.dir/mnt/host/source/src/platform/ec/build/zephyr/winterhold/modules/ec/common/host_command_task.c.obj
[kingler:ro] [50/388] Building C object CMakeFiles/app.dir/mnt/host/source/src/platform/ec/build/zephyr/kingler/modules/ec/common/host_command.c.obj
[winterhold:rw] [122/419] Building C object CMakeFiles/app.dir/mnt/host/source/src/platform/ec/build/zephyr/winterhold/modules/ec/common/usbc/usb_pe_drp_sm.c.obj
[mtlrvpp_m1723:ro] [95/393] Building C object CMakeFiles/app.dir/mnt/host/source/src/platform/ec/build/zephyr/mtlrvpp_m1723/modules/ec/common/usbc/usb_pd_timer.c.obj
[/mnt/host/source/src/platform/ec/build/zephyr/dirks-lcov]   /mnt/host/source/src/platform/ec/build/zephyr/dirks/build-rw/modules/ec/zephyr/CMakeFiles/ec_shim.dir/shim/src/usb_muxes.c.gcno:no functions found
[/mnt/host/source/src/platform/ec/build/zephyr/dirks-lcov] stderr:
[kingler:rw] [91/388] Building C object CMakeFiles/app.dir/mnt/host/source/src/platform/ec/build/zephyr/kingler/modules/ec/common/usb_pd_flags.c.obj
[mtlrvpp_m1723:ro] [96/393] Building C object CMakeFiles/app.dir/mnt/host/source/src/platform/ec/build/zephyr/mtlrvpp_m1723/modules/ec/common/usbc/usb_sm.c.obj
[/mnt/host/source/src/platform/ec/build/zephyr/voltorb-lcov]   /mnt/host/source/src/platform/ec/build/zephyr/voltorb/build-ro/zephyr/CMakeFiles/zephyr.dir/soc/nuvoton/npcx/common/npcxn/registers.c.gcno:no functions found
[/mnt/host/source/src/platform/ec/build/zephyr/voltorb-lcov] stderr:
[mtlrvpp_m1723:rw] [55/393] Building C object CMakeFiles/app.dir/mnt/host/source/src/platform/ec/build/zephyr/mtlrvpp_m1723/modules/ec/common/dptf.c.obj
[winterhold:rw] [123/419] Building C object CMakeFiles/app.dir/mnt/host/source/src/platform/ec/build/zephyr/winterhold/modules/ec/common/usbc/usbc_pd_policy.c.obj
[winterhold:rw] [124/419] Building C object CMakeFiles/app.dir/mnt/host/source/src/platform/ec/build/zephyr/winterhold/modules/ec/common/usbc/usb_pd_dpm.c.obj
[winterhold:ro] [64/417] Building C object CMakeFiles/app.dir/mnt/host/source/src/platform/ec/build/zephyr/winterhold/modules/ec/common/host_event_commands.c.obj
[kingler:rw] [92/388] Building C object CMakeFiles/app.dir/mnt/host/source/src/platform/ec/build/zephyr/kingler/modules/ec/common/chargen.c.obj
[kingler:rw] [93/388] Building C object CMakeFiles/app.dir/mnt/host/source/src/platform/ec/build/zephyr/kingler/modules/ec/common/usbc/usb_pd_console.c.obj
[/mnt/host/source/src/platform/ec/build/zephyr/voltorb-lcov]   /mnt/host/source/src/platform/ec/build/zephyr/voltorb/build-rw/modules/ec/zephyr/CMakeFiles/ec_shim.dir/shim/src/power.c.gcno:no functions found
[/mnt/host/source/src/platform/ec/build/zephyr/voltorb-lcov] stderr:
[winterhold:ro] [65/417] Building C object CMakeFiles/app.dir/mnt/host/source/src/platform/ec/build/zephyr/winterhold/modules/ec/common/uart_hostcmd.c.obj
[kingler:ro] [51/388] Building C object CMakeFiles/app.dir/mnt/host/source/src/platform/ec/build/zephyr/kingler/modules/ec/common/host_command_task.c.obj
[/mnt/host/source/src/platform/ec/build/zephyr/voltorb-lcov]   /mnt/host/source/src/platform/ec/build/zephyr/voltorb/build-rw/modules/ec/zephyr/CMakeFiles/ec_shim.dir/shim/src/thermal.c.gcno:no functions found
[/mnt/host/source/src/platform/ec/build/zephyr/voltorb-lcov] stderr:
[mtlrvpp_m1723:ro] [97/393] Building C object CMakeFiles/app.dir/mnt/host/source/src/platform/ec/build/zephyr/mtlrvpp_m1723/modules/ec/common/usbc_intr_task.c.obj
[winterhold:rw] [125/419] Building C object CMakeFiles/app.dir/mnt/host/source/src/platform/ec/build/zephyr/winterhold/modules/ec/common/usbc/dp_alt_mode.c.obj
[mtlrvpp_m1723:ro] [98/393] Building C object CMakeFiles/app.dir/mnt/host/source/src/platform/ec/build/zephyr/mtlrvpp_m1723/modules/ec/common/usbc_utils.c.obj
[mtlrvpp_m1723:rw] [56/393] Building C object CMakeFiles/app.dir/mnt/host/source/src/platform/ec/build/zephyr/mtlrvpp_m1723/modules/ec/common/ap_reset_log.c.obj
[kingler:rw] [94/388] Building C object CMakeFiles/app.dir/mnt/host/source/src/platform/ec/build/zephyr/kingler/modules/ec/driver/usb_mux/usb_mux.c.obj
[winterhold:rw] [126/419] Building C object CMakeFiles/app.dir/mnt/host/source/src/platform/ec/build/zephyr/winterhold/modules/ec/common/usb_pd_console_cmd.c.obj
[/mnt/host/source/src/platform/ec/build/zephyr/voltorb-lcov]   /mnt/host/source/src/platform/ec/build/zephyr/voltorb/build-rw/modules/ec/zephyr/CMakeFiles/ec_shim.dir/shim/src/battery.c.gcno:no functions found
[/mnt/host/source/src/platform/ec/build/zephyr/voltorb-lcov] stderr:
[winterhold:rw] [127/419] Building C object CMakeFiles/app.dir/mnt/host/source/src/platform/ec/build/zephyr/winterhold/modules/ec/common/usb_pd_host_cmd.c.obj
[winterhold:ro] [66/417] Building C object CMakeFiles/app.dir/mnt/host/source/src/platform/ec/build/zephyr/winterhold/modules/ec/common/uptime.c.obj
[/mnt/host/source/src/platform/ec/build/zephyr/voltorb-lcov]   /mnt/host/source/src/platform/ec/build/zephyr/voltorb/build-rw/modules/ec/zephyr/CMakeFiles/ec_shim.dir/shim/src/charger.c.gcno:no functions found
[/mnt/host/source/src/platform/ec/build/zephyr/voltorb-lcov] stderr:
[kingler:rw] [95/388] Building C object CMakeFiles/app.dir/mnt/host/source/src/platform/ec/build/zephyr/kingler/modules/ec/driver/usb_mux/ps8743.c.obj
[mtlrvpp_m1723:ro] [99/393] Building C object CMakeFiles/app.dir/mnt/host/source/src/platform/ec/build/zephyr/mtlrvpp_m1723/modules/ec/common/usb_pd_flags.c.obj
[kingler:rw] [96/388] Building C object CMakeFiles/app.dir/mnt/host/source/src/platform/ec/build/zephyr/kingler/modules/ec/driver/usb_mux/virtual.c.obj
[winterhold:ro] [67/417] Building C object CMakeFiles/app.dir/mnt/host/source/src/platform/ec/build/zephyr/winterhold/modules/ec/common/i2c_controller.c.obj
[kingler:ro] [52/388] Building C object CMakeFiles/app.dir/mnt/host/source/src/platform/ec/build/zephyr/kingler/modules/ec/common/host_event_commands.c.obj
[mtlrvpp_m1723:ro] [100/393] Building C object CMakeFiles/app.dir/mnt/host/source/src/platform/ec/build/zephyr/mtlrvpp_m1723/modules/ec/common/chargen.c.obj
[mtlrvpp_m1723:rw] [57/393] Building C object CMakeFiles/app.dir/mnt/host/source/src/platform/ec/build/zephyr/mtlrvpp_m1723/modules/ec/common/espi.c.obj
[winterhold:rw] [128/419] Building C object CMakeFiles/app.dir/mnt/host/source/src/platform/ec/build/zephyr/winterhold/modules/ec/common/usbc/usb_pd_host.c.obj
[winterhold:rw] [129/419] Building C object CMakeFiles/app.dir/mnt/host/source/src/platform/ec/build/zephyr/winterhold/modules/ec/zephyr/shim/src/tcpc.c.obj
[winterhold:ro] [68/417] Building C object CMakeFiles/app.dir/mnt/host/source/src/platform/ec/build/zephyr/winterhold/modules/ec/common/i2c_passthru.c.obj
[kingler:rw] [97/388] Building C object CMakeFiles/app.dir/mnt/host/source/src/platform/ec/build/zephyr/kingler/modules/ec/common/dps.c.obj
[winterhold:rw] [130/419] Building C object CMakeFiles/app.dir/mnt/host/source/src/platform/ec/build/zephyr/winterhold/modules/ec/common/usb_pd_host_cmd_common.c.obj
[/mnt/host/source/src/platform/ec/build/zephyr/voltorb-lcov]   /mnt/host/source/src/platform/ec/build/zephyr/voltorb/build-rw/modules/ec/zephyr/CMakeFiles/ec_shim.dir/shim/src/usb_muxes.c.gcno:no functions found
[/mnt/host/source/src/platform/ec/build/zephyr/voltorb-lcov] stderr:
[kingler:rw] [98/388] Building C object CMakeFiles/app.dir/mnt/host/source/src/platform/ec/build/zephyr/kingler/modules/ec/common/event_log.c.obj
[mtlrvpp_m1723:ro] [101/393] Building C object CMakeFiles/app.dir/mnt/host/source/src/platform/ec/build/zephyr/mtlrvpp_m1723/modules/ec/common/usbc/usb_pd_console.c.obj
[/mnt/host/source/src/platform/ec/build/zephyr/brox-sku4-lcov]   /mnt/host/source/src/platform/ec/build/zephyr/brox-sku4/build-ro/zephyr/drivers/sensor/CMakeFiles/drivers__sensor.dir/mnt/host/source/src/third_party/zephyr/main/misc/empty_file.c.gcno:no functions found
[/mnt/host/source/src/platform/ec/build/zephyr/brox-sku4-lcov] stderr:
[kingler:ro] [53/388] Building C object CMakeFiles/app.dir/mnt/host/source/src/platform/ec/build/zephyr/kingler/modules/ec/common/uart_hostcmd.c.obj
[kingler:rw] [99/388] Building C object CMakeFiles/app.dir/mnt/host/source/src/platform/ec/build/zephyr/kingler/modules/ec/common/pd_log.c.obj
[/mnt/host/source/src/platform/ec/build/zephyr/voltorb-lcov]   /mnt/host/source/src/platform/ec/build/zephyr/voltorb/build-rw/modules/ec/zephyr/CMakeFiles/ec_shim.dir/shim/src/usba.c.gcno:no functions found
[/mnt/host/source/src/platform/ec/build/zephyr/voltorb-lcov] stderr:
[mtlrvpp_m1723:rw] [58/393] Building C object CMakeFiles/app.dir/mnt/host/source/src/platform/ec/build/zephyr/mtlrvpp_m1723/modules/ec/common/extpower_common.c.obj
[mtlrvpp_m1723:ro] [102/393] Building C object CMakeFiles/app.dir/mnt/host/source/src/platform/ec/build/zephyr/mtlrvpp_m1723/modules/ec/driver/retimer/bb_retimer.c.obj
[winterhold:ro] [69/417] Building C object CMakeFiles/app.dir/mnt/host/source/src/platform/ec/build/zephyr/winterhold/modules/ec/common/keyboard_scan.c.obj
[/mnt/host/source/src/platform/ec/build/zephyr/brox-sku4-lcov]   /mnt/host/source/src/platform/ec/build/zephyr/brox-sku4/build-rw/modules/ec/zephyr/CMakeFiles/ec_shim.dir/shim/src/thermal.c.gcno:no functions found
[/mnt/host/source/src/platform/ec/build/zephyr/brox-sku4-lcov] stderr:
[winterhold:rw] [131/419] Building C object CMakeFiles/app.dir/mnt/host/source/src/platform/ec/build/zephyr/winterhold/modules/ec/common/usbc/svdm_rsp_dfp_only.c.obj
[/mnt/host/source/src/platform/ec/build/zephyr/voltorb-lcov]   /mnt/host/source/src/platform/ec/build/zephyr/voltorb/build-rw/modules/ec/zephyr/CMakeFiles/ec_shim.dir/shim/src/keyscan.c.gcno:no functions found
[/mnt/host/source/src/platform/ec/build/zephyr/voltorb-lcov] stderr:
[winterhold:rw] [132/419] Building C object CMakeFiles/app.dir/mnt/host/source/src/platform/ec/build/zephyr/winterhold/modules/ec/common/usbc_ocp.c.obj
[/mnt/host/source/src/platform/ec/build/zephyr/brox-sku4-lcov]   /mnt/host/source/src/platform/ec/build/zephyr/brox-sku4/build-rw/modules/ec/zephyr/CMakeFiles/ec_shim.dir/shim/src/battery.c.gcno:no functions found
[/mnt/host/source/src/platform/ec/build/zephyr/brox-sku4-lcov] stderr:
[winterhold:ro] [70/417] Building C object CMakeFiles/app.dir/mnt/host/source/src/platform/ec/build/zephyr/winterhold/modules/ec/common/keyboard_8042.c.obj
[winterhold:rw] [133/419] Building C object CMakeFiles/app.dir/mnt/host/source/src/platform/ec/build/zephyr/winterhold/modules/ec/common/usb_pd_discovery.c.obj
[/mnt/host/source/src/platform/ec/build/zephyr/dirks-lcov]   /mnt/host/source/src/platform/ec/build/zephyr/dirks/build-rw/modules/ec/zephyr/CMakeFiles/ec_shim.dir/shim/src/usba.c.gcno:no functions found
[/mnt/host/source/src/platform/ec/build/zephyr/dirks-lcov] stderr:
[kingler:rw] [100/388] Building C object CMakeFiles/app.dir/mnt/host/source/src/platform/ec/build/zephyr/kingler/modules/ec/common/usbc/usb_prl_sm.c.obj
[mtlrvpp_m1723:ro] [103/393] Building C object CMakeFiles/app.dir/mnt/host/source/src/platform/ec/build/zephyr/mtlrvpp_m1723/modules/ec/driver/usb_mux/usb_mux.c.obj
[kingler:ro] [54/388] Building C object CMakeFiles/app.dir/mnt/host/source/src/platform/ec/build/zephyr/kingler/modules/ec/common/uptime.c.obj
[kingler:rw] [101/388] Building C object CMakeFiles/app.dir/mnt/host/source/src/platform/ec/build/zephyr/kingler/modules/ec/common/usbc/usb_tc_drp_acc_trysrc_sm.c.obj
[mtlrvpp_m1723:rw] [59/393] Building C object CMakeFiles/app.dir/mnt/host/source/src/platform/ec/build/zephyr/mtlrvpp_m1723/modules/ec/common/extpower_gpio.c.obj
[mtlrvpp_m1723:ro] [104/393] Building C object CMakeFiles/app.dir/mnt/host/source/src/platform/ec/build/zephyr/mtlrvpp_m1723/modules/ec/driver/usb_mux/virtual.c.obj
[winterhold:ro] [71/417] Building C object CMakeFiles/app.dir/mnt/host/source/src/platform/ec/build/zephyr/winterhold/modules/ec/common/keyboard_8042_sharedlib.c.obj
[winterhold:rw] [134/419] Building C object CMakeFiles/app.dir/mnt/host/source/src/platform/ec/build/zephyr/winterhold/modules/ec/common/usb_pd_dual_role.c.obj
[kingler:rw] [102/388] Building C object CMakeFiles/app.dir/mnt/host/source/src/platform/ec/build/zephyr/kingler/modules/ec/common/usbc/usb_pe_drp_sm.c.obj
[/mnt/host/source/src/platform/ec/build/zephyr/minimal-realtek-lcov]   /mnt/host/source/src/platform/ec/build/zephyr/minimal-realtek/build-rw/zephyr/CMakeFiles/zephyr.dir/lib/utils/last_section_id.c.gcno:no functions found
[/mnt/host/source/src/platform/ec/build/zephyr/minimal-realtek-lcov] stderr:
[/mnt/host/source/src/platform/ec/build/zephyr/brox-sku4-lcov]   /mnt/host/source/src/platform/ec/build/zephyr/brox-sku4/build-rw/modules/ec/zephyr/CMakeFiles/ec_shim.dir/shim/src/charger.c.gcno:no functions found
[/mnt/host/source/src/platform/ec/build/zephyr/brox-sku4-lcov] stderr:
[winterhold:ro] [72/417] Building C object CMakeFiles/app.dir/mnt/host/source/src/platform/ec/build/zephyr/winterhold/modules/ec/common/mkbp_fifo.c.obj
[winterhold:rw] [135/419] Building C object CMakeFiles/app.dir/mnt/host/source/src/platform/ec/build/zephyr/winterhold/modules/ec/common/usbc/dp_hpd_gpio.c.obj
[winterhold:rw] [136/419] Building C object CMakeFiles/app.dir/mnt/host/source/src/platform/ec/build/zephyr/winterhold/modules/ec/driver/tcpm/nct38xx.c.obj
[kingler:ro] [55/388] Building C object CMakeFiles/app.dir/mnt/host/source/src/platform/ec/build/zephyr/kingler/modules/ec/common/i2c_controller.c.obj
[kingler:rw] [103/388] Building C object CMakeFiles/app.dir/mnt/host/source/src/platform/ec/build/zephyr/kingler/modules/ec/common/usbc/usb_pd_dpm.c.obj
[/mnt/host/source/src/platform/ec/build/zephyr/minimal-realtek-lcov]   /mnt/host/source/src/platform/ec/build/zephyr/minimal-realtek/build-rw/zephyr/drivers/syscon/CMakeFiles/drivers__syscon.dir/mnt/host/source/src/third_party/zephyr/main/misc/empty_file.c.gcno:no functions found
[/mnt/host/source/src/platform/ec/build/zephyr/minimal-realtek-lcov] stderr:
[kingler:rw] [104/388] Building C object CMakeFiles/app.dir/mnt/host/source/src/platform/ec/build/zephyr/kingler/modules/ec/common/usbc/usbc_pd_policy.c.obj
[mtlrvpp_m1723:rw] [60/393] Building C object CMakeFiles/app.dir/mnt/host/source/src/platform/ec/build/zephyr/mtlrvpp_m1723/modules/ec/common/fan.c.obj
[mtlrvpp_m1723:ro] [105/393] Building C object CMakeFiles/app.dir/mnt/host/source/src/platform/ec/build/zephyr/mtlrvpp_m1723/modules/ec/common/usbc/usb_tc_drp_acc_trysrc_sm.c.obj
[mtlrvpp_m1723:ro] [106/393] Building C object CMakeFiles/app.dir/mnt/host/source/src/platform/ec/build/zephyr/mtlrvpp_m1723/modules/ec/common/usbc/usb_prl_sm.c.obj
[winterhold:ro] [73/417] Building C object CMakeFiles/app.dir/mnt/host/source/src/platform/ec/build/zephyr/winterhold/modules/ec/common/mkbp_info.c.obj
[kingler:rw] [105/388] Building C object CMakeFiles/app.dir/mnt/host/source/src/platform/ec/build/zephyr/kingler/modules/ec/common/usbc/dp_alt_mode.c.obj
[winterhold:ro] [74/417] Building C object CMakeFiles/app.dir/mnt/host/source/src/platform/ec/build/zephyr/winterhold/modules/ec/common/mkbp_input_devices.c.obj
[winterhold:rw] [137/419] Building C object CMakeFiles/app.dir/mnt/host/source/src/platform/ec/build/zephyr/winterhold/modules/ec/driver/tcpm/tcpci.c.obj
[kingler:ro] [56/388] Building C object CMakeFiles/app.dir/mnt/host/source/src/platform/ec/build/zephyr/kingler/modules/ec/common/i2c_passthru.c.obj
[winterhold:rw] [138/419] Building C object CMakeFiles/app.dir/mnt/host/source/src/platform/ec/build/zephyr/winterhold/modules/ec/common/usbc_ppc.c.obj
[winterhold:rw] [139/419] Building C object CMakeFiles/app.dir/mnt/host/source/src/platform/ec/build/zephyr/winterhold/modules/ec/driver/ppc/nx20p348x.c.obj
[kingler:rw] [106/388] Building C object CMakeFiles/app.dir/mnt/host/source/src/platform/ec/build/zephyr/kingler/modules/ec/common/usb_pd_console_cmd.c.obj
[kingler:rw] [107/388] Building C object CMakeFiles/app.dir/mnt/host/source/src/platform/ec/build/zephyr/kingler/modules/ec/common/usb_pd_host_cmd.c.obj
[mtlrvpp_m1723:rw] [61/393] Building C object CMakeFiles/app.dir/mnt/host/source/src/platform/ec/build/zephyr/mtlrvpp_m1723/modules/ec/common/flash.c.obj
[/mnt/host/source/src/platform/ec/build/zephyr/minimal-realtek-lcov]   /mnt/host/source/src/platform/ec/build/zephyr/minimal-realtek/build-rw/zephyr/drivers/interrupt_controller/CMakeFiles/drivers__interrupt_controller.dir/mnt/host/source/src/third_party/zephyr/main/misc/empty_file.c.gcno:no functions found
[/mnt/host/source/src/platform/ec/build/zephyr/minimal-realtek-lcov] Filter suppressions 'region':
[/mnt/host/source/src/platform/ec/build/zephyr/minimal-realtek-lcov]     21 instances
[/mnt/host/source/src/platform/ec/build/zephyr/minimal-realtek-lcov]     12 coverpoints
[/mnt/host/source/src/platform/ec/build/zephyr/minimal-realtek-lcov] Message summary:
[/mnt/host/source/src/platform/ec/build/zephyr/minimal-realtek-lcov]   1 warning message:
[/mnt/host/source/src/platform/ec/build/zephyr/minimal-realtek-lcov]     format: 1
[/mnt/host/source/src/platform/ec/build/zephyr/minimal-realtek-lcov]   14 ignore messages:
[/mnt/host/source/src/platform/ec/build/zephyr/minimal-realtek-lcov]     gcov: 14
[skywalker-tps6699x:ro] Configuring.
Running `env -i PYTHONPATH=/usr/lib64/python-exec/python3.11:/mnt/host/source/src/platform/ec/zephyr/zmake:/usr/lib/python311.zip:/usr/lib/python3.11:/usr/lib/python3.11/lib-dynload:/usr/lib/python3.11/site-packages PW_PIGWEED_CIPD_INSTALL_DIR=/usr CROSTC_USER_ACKNOWLEDGES_THAT_RISCV_IS_EXPERIMENTAL=1 PATH=/mnt/host/source/chromite/bin:/usr/local/bin:/usr/bin:/bin:/opt/bin:/mnt/host/source/chromite/sdk/bin:/mnt/host/source/chromite/bin HOME=/home/jpmurphy JAVA_HOME=/etc/java-config-2/current-system-vm JDK_HOME=/etc/java-config-2/current-system-vm JAVAC=/etc/java-config-2/current-system-vm/bin/javac MAKEFLAGS=' -j16 --jobserver-auth=5,6' /usr/bin/cmake -S /mnt/host/source/src/platform/ec/zephyr/program/skywalker -B /mnt/host/source/src/platform/ec/build/zephyr/skywalker-tps6699x/build-ro -GNinja -DCMAKE_EXPORT_COMPILE_COMMANDS=ON -DZEPHYR_BASE=/mnt/host/source/src/third_party/zephyr/main -DZMAKE_INCLUDE_DIR=/mnt/host/source/src/platform/ec/build/zephyr/skywalker-tps6699x/include -DPython3_EXECUTABLE=/usr/bin/python3.11 -DDTS_ROOT=/mnt/host/source/src/platform/ec/zephyr -DSYSCALL_INCLUDE_DIRS=/mnt/host/source/src/platform/ec/zephyr/include/drivers -DUSER_CACHE_DIR=/mnt/host/source/src/platform/ec/build/zephyr/user-cache '-DEXTRA_EC_VERSION_FLAGS=--version 16543.0.0 --static' -DTOOLCHAIN_ROOT=/mnt/host/source/src/platform/ec/zephyr -DCOREBOOT_SDK_ROOT_x86=/home/jpmurphy/.cache/coreboot-sdk/i386-elf/dfbb0486385d938cfa9d73080b9d18d598ed4f49 -DCOREBOOT_SDK_ROOT_picolibc_x86=/home/jpmurphy/.cache/coreboot-sdk/picolibc-i386-elf/eb8e8e687b95461de8cbf278f1c2076952d0ad17 -DCOREBOOT_SDK_ROOT_riscv64=/home/jpmurphy/.cache/coreboot-sdk/riscv64-elf/96b949749225b6aaa92ed810ab769e8dfb12f000 -DCOREBOOT_SDK_ROOT_picolibc_arm=/home/jpmurphy/.cache/coreboot-sdk/picolibc-arm-eabi/422a2aa3e1ef891b5bece9a3deb696ff83840d2e -DCOREBOOT_SDK_ROOT_nds32=/home/jpmurphy/.cache/coreboot-sdk/nds32le-elf/d1a518c4a097666d86058e1444f85ca015d15511 -DCOREBOOT_SDK_ROOT_picolibc_riscv64=/home/jpmurphy/.cache/coreboot-sdk/picolibc-riscv64-elf/f571e990ef0278564b31124f8bb109d9a697eb69 -DCOREBOOT_SDK_ROOT_arm=/home/jpmurphy/.cache/coreboot-sdk/arm-eabi/ea40ddd1d190c3b48435c474c0b545719371813a -DCOREBOOT_SDK_ROOT_libstdcxx_riscv64=/home/jpmurphy/.cache/coreboot-sdk/libstdcxx-riscv64-elf/17abf22a3a252e2d5d2062ced5324f7a623689e0 -DCOREBOOT_SDK_ROOT_libstdcxx_arm=/home/jpmurphy/.cache/coreboot-sdk/libstdcxx-arm-eabi/5d7d82e150e44aa1968f1d366e267e6687b328ac -DCOREBOOT_SDK_ROOT_riscv=/home/jpmurphy/.cache/coreboot-sdk/riscv-elf/9a27b9e82341c6e9126624f516ab3f261abb3e73 -DCOREBOOT_SDK_ROOT_libstdcxx_x86=/home/jpmurphy/.cache/coreboot-sdk/libstdcxx-i386-elf/42ef9d2e87a76a37963175d7d428734e65648b87 -DZEPHYR_TOOLCHAIN_VARIANT=coreboot-sdk '-DZEPHYR_MODULES=/mnt/host/source/src/platform/ec/build/zephyr/skywalker-tps6699x/modules/cmsis;/mnt/host/source/src/platform/ec/build/zephyr/skywalker-tps6699x/modules/cmsis_6;/mnt/host/source/src/platform/ec/build/zephyr/skywalker-tps6699x/modules/ec' -DDTC_OVERLAY_FILE=/mnt/host/source/src/platform/ec/zephyr/program/skywalker/skywalker-tps6699x/project.overlay -DBOARD=npcx9/npcx9m7fb -DCMAKE_C_FLAGS=-DSECTION_IS_RO '-DCONF_FILE=/mnt/host/source/src/platform/ec/zephyr/program/skywalker/program.conf;/mnt/host/source/src/platform/ec/zephyr/program/skywalker/skywalker-tps6699x/project.conf;/mnt/host/source/src/platform/ec/build/zephyr/skywalker-tps6699x/kconfig-ro.conf'`
[skywalker-tps6699x:ro] Loading Zephyr default modules (Zephyr base (cached)).
[skywalker-tps6699x:ro] -- Application: /mnt/host/source/src/platform/ec/zephyr/program/skywalker
[mtlrvpp_m1723:ro] [107/393] Building C object CMakeFiles/app.dir/mnt/host/source/src/platform/ec/build/zephyr/mtlrvpp_m1723/modules/ec/common/usbc/usb_pd_dpm.c.obj
[winterhold:ro] [75/417] Building C object CMakeFiles/app.dir/mnt/host/source/src/platform/ec/build/zephyr/winterhold/modules/ec/common/keyboard_backlight.c.obj
[kingler:rw] [108/388] Building C object CMakeFiles/app.dir/mnt/host/source/src/platform/ec/build/zephyr/kingler/modules/ec/common/usbc/usb_pd_host.c.obj
[skywalker-tps6699x:ro] -- CMake version: 3.31.7
[skywalker-tps6699x:ro] -- Found Python3: /usr/bin/python3.11 (found suitable version "3.11.11", minimum required is "3.10") found components: Interpreter
[skywalker-tps6699x:ro] -- Cache files will be written to: /mnt/host/source/src/platform/ec/build/zephyr/user-cache
[skywalker-tps6699x:ro] -- Zephyr version: 4.3.99 (/mnt/host/source/src/third_party/zephyr/main)
[winterhold:ro] [76/417] Building C object CMakeFiles/app.dir/mnt/host/source/src/platform/ec/build/zephyr/winterhold/modules/ec/common/led_common.c.obj
[/mnt/host/source/src/platform/ec/build/zephyr/brox-sku4-lcov]   /mnt/host/source/src/platform/ec/build/zephyr/brox-sku4/build-rw/modules/ec/zephyr/CMakeFiles/ec_shim.dir/shim/src/usba.c.gcno:no functions found
[/mnt/host/source/src/platform/ec/build/zephyr/brox-sku4-lcov] stderr:
[mtlrvpp_m1723:ro] [108/393] Building C object CMakeFiles/app.dir/mnt/host/source/src/platform/ec/build/zephyr/mtlrvpp_m1723/modules/ec/common/usbc/usb_pe_drp_sm.c.obj
[winterhold:rw] [140/419] Building C object CMakeFiles/app.dir/mnt/host/source/src/platform/ec/build/zephyr/winterhold/modules/ec/common/vboot_hash.c.obj
[kingler:ro] [57/388] Building C object CMakeFiles/app.dir/mnt/host/source/src/platform/ec/build/zephyr/kingler/modules/ec/common/virtual_battery.c.obj
[winterhold:rw] [141/419] Building C object CMakeFiles/app.dir/mnt/host/source/src/platform/ec/build/zephyr/winterhold/modules/ec/common/button.c.obj
[/mnt/host/source/src/platform/ec/build/zephyr/voltorb-lcov]   /mnt/host/source/src/platform/ec/build/zephyr/voltorb/build-rw/modules/ec/zephyr/CMakeFiles/ec_shim.dir/shim/src/bc12.c.gcno:no functions found
[/mnt/host/source/src/platform/ec/build/zephyr/voltorb-lcov] stderr:
[mtlrvpp_m1723:rw] [62/393] Building C object CMakeFiles/app.dir/mnt/host/source/src/platform/ec/build/zephyr/mtlrvpp_m1723/modules/ec/common/host_command.c.obj
[kingler:rw] [109/388] Building C object CMakeFiles/app.dir/mnt/host/source/src/platform/ec/build/zephyr/kingler/modules/ec/common/usb_pd_host_cmd_common.c.obj
[winterhold:rw] [142/419] Building C object CMakeFiles/app.dir/mnt/host/source/src/platform/ec/build/zephyr/winterhold/modules/ec/common/vboot/efs2.c.obj
[kingler:rw] [110/388] Building C object CMakeFiles/app.dir/mnt/host/source/src/platform/ec/build/zephyr/kingler/modules/ec/zephyr/shim/src/tcpc.c.obj
[mtlrvpp_m1723:ro] [109/393] Building C object CMakeFiles/app.dir/mnt/host/source/src/platform/ec/build/zephyr/mtlrvpp_m1723/modules/ec/common/usbc/usbc_pd_policy.c.obj
[winterhold:ro] [77/417] Building C object CMakeFiles/app.dir/mnt/host/source/src/platform/ec/build/zephyr/winterhold/modules/ec/common/lid_switch.c.obj
[kingler:rw] [111/388] Building C object CMakeFiles/app.dir/mnt/host/source/src/platform/ec/build/zephyr/kingler/modules/ec/common/usbc/svdm_rsp_dfp_only.c.obj
[winterhold:ro] [78/417] Building C object CMakeFiles/app.dir/mnt/host/source/src/platform/ec/build/zephyr/winterhold/modules/ec/common/mkbp_event.c.obj
[winterhold:rw] [143/419] Building C object CMakeFiles/app.dir/mnt/host/source/src/platform/ec/build/zephyr/winterhold/modules/ec/common/vstore.c.obj
[mtlrvpp_m1723:rw] [63/393] Building C object CMakeFiles/app.dir/mnt/host/source/src/platform/ec/build/zephyr/mtlrvpp_m1723/modules/ec/common/host_command_task.c.obj
[winterhold:rw] [144/419] Building C object CMakeFiles/app.dir/src/common.c.obj
[kingler:rw] [112/388] Building C object CMakeFiles/app.dir/mnt/host/source/src/platform/ec/build/zephyr/kingler/modules/ec/common/usbc_ocp.c.obj
[skywalker-tps6699x:ro] -- Board: npcx9, qualifiers: npcx9m7fb
[winterhold:rw] [145/419] Building C object CMakeFiles/app.dir/mnt/host/source/src/platform/ec/build/zephyr/winterhold/modules/ec/common/math_util.c.obj
[kingler:ro] [58/388] Building C object CMakeFiles/app.dir/mnt/host/source/src/platform/ec/build/zephyr/kingler/modules/ec/common/keyboard_scan.c.obj
[mtlrvpp_m1723:ro] [110/393] Building C object CMakeFiles/app.dir/mnt/host/source/src/platform/ec/build/zephyr/mtlrvpp_m1723/modules/ec/common/usbc/dp_alt_mode.c.obj
[kingler:rw] [113/388] Building C object CMakeFiles/app.dir/mnt/host/source/src/platform/ec/build/zephyr/kingler/modules/ec/common/usb_pd_discovery.c.obj
[mtlrvpp_m1723:ro] [111/393] Building C object CMakeFiles/app.dir/mnt/host/source/src/platform/ec/build/zephyr/mtlrvpp_m1723/modules/ec/common/usbc/usb_mode.c.obj
[kingler:rw] [114/388] Building C object CMakeFiles/app.dir/mnt/host/source/src/platform/ec/build/zephyr/kingler/modules/ec/common/usb_pd_dual_role.c.obj
[winterhold:ro] [79/417] Building C object CMakeFiles/app.dir/mnt/host/source/src/platform/ec/build/zephyr/winterhold/modules/ec/common/motion_sense.c.obj
[winterhold:ro] [80/417] Building C object CMakeFiles/app.dir/mnt/host/source/src/platform/ec/build/zephyr/winterhold/modules/ec/common/port80.c.obj
[mtlrvpp_m1723:rw] [64/393] Building C object CMakeFiles/app.dir/mnt/host/source/src/platform/ec/build/zephyr/mtlrvpp_m1723/modules/ec/common/host_event_commands.c.obj
[winterhold:rw] [146/419] Building C object CMakeFiles/app.dir/src/i2c_policy.c.obj
[kingler:rw] [115/388] Building C object CMakeFiles/app.dir/mnt/host/source/src/platform/ec/build/zephyr/kingler/modules/ec/common/usbc/dp_hpd_gpio.c.obj
[kingler:ro] [59/388] Building C object CMakeFiles/app.dir/mnt/host/source/src/platform/ec/build/zephyr/kingler/modules/ec/common/mkbp_fifo.c.obj
[mtlrvpp_m1723:ro] [112/393] Building C object CMakeFiles/app.dir/mnt/host/source/src/platform/ec/build/zephyr/mtlrvpp_m1723/modules/ec/common/usbc/tbt_alt_mode.c.obj
[winterhold:rw] [147/419] Building C object CMakeFiles/app.dir/src/power_signals.c.obj
[winterhold:rw] [148/419] Building C object CMakeFiles/app.dir/src/usb_pd_policy.c.obj
[kingler:rw] [116/388] Building C object CMakeFiles/app.dir/mnt/host/source/src/platform/ec/build/zephyr/kingler/modules/ec/driver/tcpm/anx7447.c.obj
[mtlrvpp_m1723:ro] [113/393] Building C object CMakeFiles/app.dir/mnt/host/source/src/platform/ec/build/zephyr/mtlrvpp_m1723/modules/ec/common/usbc/usb_retimer_fw_update.c.obj
[kingler:rw] [117/388] Building C object CMakeFiles/app.dir/mnt/host/source/src/platform/ec/build/zephyr/kingler/modules/ec/driver/tcpm/rt1718s.c.obj
[mtlrvpp_m1723:rw] [65/393] Building C object CMakeFiles/app.dir/mnt/host/source/src/platform/ec/build/zephyr/mtlrvpp_m1723/modules/ec/common/uart_hostcmd.c.obj
[winterhold:ro] [81/417] Building C object CMakeFiles/app.dir/mnt/host/source/src/platform/ec/build/zephyr/winterhold/modules/ec/common/power_button.c.obj
[winterhold:ro] [82/417] Building C object CMakeFiles/app.dir/mnt/host/source/src/platform/ec/build/zephyr/winterhold/modules/ec/power/common.c.obj
[winterhold:rw] [149/419] Building C object CMakeFiles/app.dir/src/usb_mux_config.c.obj
[mtlrvpp_m1723:ro] [114/393] Building C object CMakeFiles/app.dir/mnt/host/source/src/platform/ec/build/zephyr/mtlrvpp_m1723/modules/ec/common/usb_pd_console_cmd.c.obj
[skywalker-tps6699x:ro] -- Found Dtc: /usr/bin/dtc (found suitable version "1.6.0", minimum required is "1.4.6")
[skywalker-tps6699x:ro] -- Found BOARD.dts: /mnt/host/source/src/platform/ec/zephyr/boards/google/npcx9/npcx9_npcx9m7fb.dts
[skywalker-tps6699x:ro] -- Found devicetree overlay: /mnt/host/source/src/platform/ec/zephyr/program/skywalker/skywalker-tps6699x/project.overlay
[kingler:ro] [60/388] Building C object CMakeFiles/app.dir/mnt/host/source/src/platform/ec/build/zephyr/kingler/modules/ec/common/mkbp_info.c.obj
[kingler:rw] [118/388] Building C object CMakeFiles/app.dir/mnt/host/source/src/platform/ec/build/zephyr/kingler/modules/ec/driver/tcpm/tcpci.c.obj
[kingler:rw] [119/388] Building C object CMakeFiles/app.dir/mnt/host/source/src/platform/ec/build/zephyr/kingler/modules/ec/common/usbc_ppc.c.obj
[winterhold:rw] [150/419] Building C object CMakeFiles/app.dir/src/stt.c.obj
[winterhold:rw] [151/419] Building C object CMakeFiles/app.dir/src/usbc_config.c.obj
[mtlrvpp_m1723:ro] [115/393] Building C object CMakeFiles/app.dir/mnt/host/source/src/platform/ec/build/zephyr/mtlrvpp_m1723/modules/ec/common/usb_pd_host_cmd.c.obj
[mtlrvpp_m1723:rw] [66/393] Building C object CMakeFiles/app.dir/mnt/host/source/src/platform/ec/build/zephyr/mtlrvpp_m1723/modules/ec/common/uptime.c.obj
[kingler:rw] [120/388] Building C object CMakeFiles/app.dir/mnt/host/source/src/platform/ec/build/zephyr/kingler/modules/ec/driver/ppc/nx20p348x.c.obj
[winterhold:ro] [83/417] Building C object CMakeFiles/app.dir/mnt/host/source/src/platform/ec/build/zephyr/winterhold/modules/ec/power/amd_x86.c.obj
[mtlrvpp_m1723:ro] [116/393] Building C object CMakeFiles/app.dir/mnt/host/source/src/platform/ec/build/zephyr/mtlrvpp_m1723/modules/ec/common/usbc/usb_pd_host.c.obj
[winterhold:ro] [84/417] Building C object CMakeFiles/app.dir/mnt/host/source/src/platform/ec/build/zephyr/winterhold/modules/ec/power/host_sleep.c.obj
[kingler:ro] [61/388] Building C object CMakeFiles/app.dir/mnt/host/source/src/platform/ec/build/zephyr/kingler/modules/ec/common/keyboard_mkbp.c.obj
[winterhold:rw] [152/419] Building C object CMakeFiles/app.dir/winterhold/src/usb_mux_config.c.obj
[kingler:rw] [121/388] Building C object CMakeFiles/app.dir/mnt/host/source/src/platform/ec/build/zephyr/kingler/modules/ec/common/vboot_hash.c.obj
[kingler:rw] [122/388] Building C object CMakeFiles/app.dir/mnt/host/source/src/platform/ec/build/zephyr/kingler/modules/ec/common/button.c.obj
[winterhold:rw] [153/419] Building C object CMakeFiles/app.dir/winterhold/src/kb_backlight.c.obj
[winterhold:rw] [154/419] Building C object CMakeFiles/app.dir/winterhold/src/sensor.c.obj
[mtlrvpp_m1723:ro] [117/393] Building C object CMakeFiles/app.dir/mnt/host/source/src/platform/ec/build/zephyr/mtlrvpp_m1723/modules/ec/zephyr/shim/src/tcpc.c.obj
[kingler:rw] [123/388] Building C object CMakeFiles/app.dir/mnt/host/source/src/platform/ec/build/zephyr/kingler/modules/ec/common/vboot/efs2.c.obj
[mtlrvpp_m1723:rw] [67/393] Building C object CMakeFiles/app.dir/mnt/host/source/src/platform/ec/build/zephyr/mtlrvpp_m1723/modules/ec/common/i2c_controller.c.obj
[winterhold:ro] [85/417] Building C object CMakeFiles/app.dir/mnt/host/source/src/platform/ec/build/zephyr/winterhold/modules/ec/common/sha256.c.obj
[winterhold:ro] [86/417] Building C object CMakeFiles/app.dir/mnt/host/source/src/platform/ec/build/zephyr/winterhold/modules/ec/common/panic_output.c.obj
[kingler:ro] [62/388] Building C object CMakeFiles/app.dir/mnt/host/source/src/platform/ec/build/zephyr/kingler/modules/ec/common/mkbp_input_devices.c.obj
[mtlrvpp_m1723:ro] [118/393] Building C object CMakeFiles/app.dir/mnt/host/source/src/platform/ec/build/zephyr/mtlrvpp_m1723/modules/ec/common/usb_pd_host_cmd_common.c.obj
[kingler:rw] [124/388] Building C object CMakeFiles/app.dir/mnt/host/source/src/platform/ec/build/zephyr/kingler/modules/ec/common/math_util.c.obj
[skywalker-tps6699x:ro] -- Generated zephyr.dts: /mnt/host/source/src/platform/ec/build/zephyr/skywalker-tps6699x/build-ro/zephyr/zephyr.dts
[kingler:rw] [125/388] Building C object CMakeFiles/app.dir/mnt/host/source/src/platform/ec/build/zephyr/kingler/modules/ec/common/vstore.c.obj
[winterhold:rw] [155/419] Building C object CMakeFiles/app.dir/winterhold/src/battery_present.c.obj
[winterhold:rw] [156/419] Building C object CMakeFiles/app.dir/winterhold/src/alt_charger.c.obj
[winterhold:rw] [157/419] Building C object CMakeFiles/app.dir/winterhold/src/thermal.c.obj
[mtlrvpp_m1723:ro] [119/393] Building C object CMakeFiles/app.dir/mnt/host/source/src/platform/ec/build/zephyr/mtlrvpp_m1723/modules/ec/common/usbc_ocp.c.obj
[mtlrvpp_m1723:rw] [68/393] Building C object CMakeFiles/app.dir/mnt/host/source/src/platform/ec/build/zephyr/mtlrvpp_m1723/modules/ec/common/i2c_passthru.c.obj
[skywalker-tps6699x:ro] -- Generated pickled edt: /mnt/host/source/src/platform/ec/build/zephyr/skywalker-tps6699x/build-ro/zephyr/edt.pickle
[skywalker-tps6699x:ro] -- Generated devicetree_generated.h: /mnt/host/source/src/platform/ec/build/zephyr/skywalker-tps6699x/build-ro/zephyr/include/generated/zephyr/devicetree_generated.h
[kingler:rw] [126/388] Building C object CMakeFiles/app.dir/src/board.c.obj
[kingler:ro] [63/388] Building C object CMakeFiles/app.dir/mnt/host/source/src/platform/ec/build/zephyr/kingler/modules/ec/common/led_common.c.obj
[winterhold:ro] [87/417] Building C object CMakeFiles/app.dir/mnt/host/source/src/platform/ec/build/zephyr/winterhold/modules/ec/common/switch.c.obj
[winterhold:ro] [88/417] Building C object CMakeFiles/app.dir/mnt/host/source/src/platform/ec/build/zephyr/winterhold/modules/ec/common/shared_mem.c.obj
[mtlrvpp_m1723:ro] [120/393] Building C object CMakeFiles/app.dir/mnt/host/source/src/platform/ec/build/zephyr/mtlrvpp_m1723/modules/ec/common/usb_pd_discovery.c.obj
[kingler:rw] [127/388] Building C object CMakeFiles/app.dir/src/hibernate.c.obj
[winterhold:rw] [158/419] Building C object zephyr/CMakeFiles/zephyr.dir/lib/libc/validate_libc.c.obj
[winterhold:rw] [159/419] Building C object zephyr/CMakeFiles/zephyr.dir/lib/heap/heap.c.obj
[winterhold:rw] [160/419] Building C object CMakeFiles/app.dir/winterhold/src/fan.c.obj
[kingler:rw] [128/388] Building C object CMakeFiles/app.dir/src/usbc.c.obj
[winterhold:rw] [161/419] Linking C static library app/libapp.a
[mtlrvpp_m1723:ro] [121/393] Building C object CMakeFiles/app.dir/mnt/host/source/src/platform/ec/build/zephyr/mtlrvpp_m1723/modules/ec/common/usb_pd_dual_role.c.obj
[mtlrvpp_m1723:rw] [69/393] Building C object CMakeFiles/app.dir/mnt/host/source/src/platform/ec/build/zephyr/mtlrvpp_m1723/modules/ec/driver/ioexpander/ccgxxf.c.obj
[kingler:rw] [129/388] Building C object CMakeFiles/app.dir/src/usb_pd_policy.c.obj
[winterhold:ro] [89/417] Building C object CMakeFiles/app.dir/mnt/host/source/src/platform/ec/build/zephyr/winterhold/modules/ec/common/spi_flash_reg.c.obj
[winterhold:rw] [162/419] Building C object zephyr/CMakeFiles/zephyr.dir/lib/os/cbprintf_packaged.c.obj
[kingler:ro] [64/388] Building C object CMakeFiles/app.dir/mnt/host/source/src/platform/ec/build/zephyr/kingler/modules/ec/common/motion_lid.c.obj
[mtlrvpp_m1723:ro] [122/393] Building C object CMakeFiles/app.dir/mnt/host/source/src/platform/ec/build/zephyr/mtlrvpp_m1723/modules/ec/driver/tcpm/ccgxxf.c.obj
[winterhold:ro] [90/417] Building C object CMakeFiles/app.dir/mnt/host/source/src/platform/ec/build/zephyr/winterhold/modules/ec/driver/stm_mems_common.c.obj
[winterhold:rw] [163/419] Building C object zephyr/CMakeFiles/zephyr.dir/lib/os/clock.c.obj
[kingler:rw] [130/388] Building C object CMakeFiles/app.dir/src/board_chipset.c.obj
[kingler:rw] [131/388] Building C object CMakeFiles/app.dir/src/variant_db_detection.c.obj
[winterhold:rw] [164/419] Building C object zephyr/CMakeFiles/zephyr.dir/lib/os/printk.c.obj
[/mnt/host/source/src/platform/ec/build/zephyr/dirks-lcov]   /mnt/host/source/src/platform/ec/build/zephyr/dirks/build-rw/CMakeFiles/app.dir/mnt/host/source/src/platform/ec/build/zephyr/dirks/modules/ec/common/usb_pd_pdo.c.gcno:no functions found
[/mnt/host/source/src/platform/ec/build/zephyr/dirks-lcov] stderr:
[mtlrvpp_m1723:rw] [70/393] Building C object CMakeFiles/app.dir/mnt/host/source/src/platform/ec/build/zephyr/mtlrvpp_m1723/modules/ec/driver/ioexpander/it8801.c.obj
[kingler:rw] [132/388] Building C object CMakeFiles/app.dir/src/npcx_i2c.c.obj
[mtlrvpp_m1723:ro] [123/393] Building C object CMakeFiles/app.dir/mnt/host/source/src/platform/ec/build/zephyr/mtlrvpp_m1723/modules/ec/driver/tcpm/nct38xx.c.obj
[winterhold:rw] [165/419] Building C object zephyr/CMakeFiles/zephyr.dir/lib/os/sem.c.obj
[winterhold:rw] [166/419] Building C object zephyr/CMakeFiles/zephyr.dir/lib/os/thread_entry.c.obj
[kingler:ro] [65/388] Building C object CMakeFiles/app.dir/mnt/host/source/src/platform/ec/build/zephyr/kingler/modules/ec/common/lid_angle.c.obj
[winterhold:ro] [91/417] Building C object CMakeFiles/app.dir/mnt/host/source/src/platform/ec/build/zephyr/winterhold/modules/ec/common/thermal.c.obj
[winterhold:ro] [92/417] Building C object CMakeFiles/app.dir/mnt/host/source/src/platform/ec/build/zephyr/winterhold/modules/ec/common/temp_sensor.c.obj
[kingler:rw] [133/388] Building C object CMakeFiles/app.dir/src/npcx_usb_pd_policy.c.obj
[mtlrvpp_m1723:ro] [124/393] Building C object CMakeFiles/app.dir/mnt/host/source/src/platform/ec/build/zephyr/mtlrvpp_m1723/modules/ec/driver/tcpm/tcpci.c.obj
[winterhold:rw] [167/419] Building C object zephyr/CMakeFiles/zephyr.dir/lib/os/cbprintf_nano.c.obj
[kingler:rw] [134/388] Building C object CMakeFiles/app.dir/src/npcx_usbc.c.obj
[winterhold:rw] [168/419] Building C object zephyr/CMakeFiles/zephyr.dir/lib/utils/dec.c.obj
[winterhold:rw] [169/419] Building C object zephyr/CMakeFiles/zephyr.dir/lib/os/cbprintf.c.obj
[winterhold:rw] [170/419] Building C object zephyr/CMakeFiles/zephyr.dir/lib/utils/hex.c.obj
[mtlrvpp_m1723:rw] [71/393] Building C object CMakeFiles/app.dir/mnt/host/source/src/platform/ec/build/zephyr/mtlrvpp_m1723/modules/ec/common/keyboard_scan.c.obj
[kingler:rw] [135/388] Building C object CMakeFiles/app.dir/kingler/src/button.c.obj
[winterhold:rw] [171/419] Building C object zephyr/CMakeFiles/zephyr.dir/lib/os/assert.c.obj
[mtlrvpp_m1723:ro] [125/393] Building C object CMakeFiles/app.dir/mnt/host/source/src/platform/ec/build/zephyr/mtlrvpp_m1723/modules/ec/common/usbc_ppc.c.obj
[kingler:ro] [66/388] Building C object CMakeFiles/app.dir/mnt/host/source/src/platform/ec/build/zephyr/kingler/modules/ec/common/lid_angle_keyboard_policy.c.obj
[kingler:rw] [136/388] Linking C static library app/libapp.a
[winterhold:rw] [172/419] Building C object zephyr/CMakeFiles/zephyr.dir/lib/utils/timeutil.c.obj
[winterhold:ro] [93/417] Building C object CMakeFiles/app.dir/mnt/host/source/src/platform/ec/build/zephyr/winterhold/modules/ec/driver/temp_sensor/pct2075.c.obj
[kingler:rw] [137/388] Building C object zephyr/CMakeFiles/zephyr.dir/lib/libc/validate_libc.c.obj
[kingler:rw] [138/388] Building C object zephyr/CMakeFiles/zephyr.dir/lib/heap/heap.c.obj
[winterhold:ro] [94/417] Building C object CMakeFiles/app.dir/mnt/host/source/src/platform/ec/build/zephyr/winterhold/modules/ec/driver/temp_sensor/thermistor.c.obj
[winterhold:rw] [173/419] Building C object zephyr/CMakeFiles/zephyr.dir/lib/utils/bitmask.c.obj
[mtlrvpp_m1723:ro] [126/393] Building C object CMakeFiles/app.dir/mnt/host/source/src/platform/ec/build/zephyr/mtlrvpp_m1723/modules/ec/driver/ppc/sn5s330.c.obj
[winterhold:rw] [174/419] Building C object zephyr/CMakeFiles/zephyr.dir/lib/utils/rb.c.obj
[winterhold:rw] [175/419] Building C object zephyr/CMakeFiles/zephyr.dir/lib/utils/bitarray.c.obj
[mtlrvpp_m1723:rw] [72/393] Building C object CMakeFiles/app.dir/mnt/host/source/src/platform/ec/build/zephyr/mtlrvpp_m1723/modules/ec/common/keyboard_8042.c.obj
[kingler:rw] [139/388] Building C object zephyr/CMakeFiles/zephyr.dir/lib/os/cbprintf_packaged.c.obj
[kingler:rw] [140/388] Building C object zephyr/CMakeFiles/zephyr.dir/lib/os/printk.c.obj
[kingler:ro] [67/388] Building C object CMakeFiles/app.dir/mnt/host/source/src/platform/ec/build/zephyr/kingler/modules/ec/common/lid_switch.c.obj
[mtlrvpp_m1723:ro] [127/393] Building C object CMakeFiles/app.dir/mnt/host/source/src/platform/ec/build/zephyr/mtlrvpp_m1723/modules/ec/common/vboot_hash.c.obj
[winterhold:rw] [176/419] Building C object zephyr/CMakeFiles/zephyr.dir/lib/utils/ring_buffer.c.obj
[kingler:rw] [141/388] Building C object zephyr/CMakeFiles/zephyr.dir/lib/os/clock.c.obj
[winterhold:rw] [177/419] Building C object zephyr/CMakeFiles/zephyr.dir/lib/utils/last_section_id.c.obj
[skywalker-tps6699x:ro] warning: Deprecated symbol I2C_ALLOW_NO_STOP_TRANSACTIONS is enabled.
[winterhold:ro] [95/417] Building C object CMakeFiles/app.dir/mnt/host/source/src/platform/ec/build/zephyr/winterhold/modules/ec/driver/temp_sensor/sb_tsi.c.obj
[winterhold:rw] [178/419] Building C object zephyr/CMakeFiles/zephyr.dir/misc/generated/configs.c.obj
[winterhold:rw] [179/419] Building C object zephyr/CMakeFiles/zephyr.dir/lib/utils/getopt/getopt.c.obj
[winterhold:ro] [96/417] Building C object CMakeFiles/app.dir/mnt/host/source/src/platform/ec/build/zephyr/winterhold/modules/ec/common/throttle_ap.c.obj
[winterhold:rw] [180/419] Building C object zephyr/CMakeFiles/zephyr.dir/lib/utils/getopt/getopt_common.c.obj
[kingler:rw] [142/388] Building C object zephyr/CMakeFiles/zephyr.dir/lib/os/sem.c.obj
[mtlrvpp_m1723:ro] [128/393] Building C object CMakeFiles/app.dir/mnt/host/source/src/platform/ec/build/zephyr/mtlrvpp_m1723/modules/ec/common/button.c.obj
[kingler:rw] [143/388] Building C object zephyr/CMakeFiles/zephyr.dir/lib/os/thread_entry.c.obj
[kingler:rw] [144/388] Building C object zephyr/CMakeFiles/zephyr.dir/lib/os/cbprintf_nano.c.obj
[mtlrvpp_m1723:rw] [73/393] Building C object CMakeFiles/app.dir/mnt/host/source/src/platform/ec/build/zephyr/mtlrvpp_m1723/modules/ec/common/keyboard_8042_sharedlib.c.obj
[skywalker-tps6699x:ro] Parsing /mnt/host/source/src/platform/ec/zephyr/program/skywalker/Kconfig
[mtlrvpp_m1723:ro] [129/393] Building C object CMakeFiles/app.dir/mnt/host/source/src/platform/ec/build/zephyr/mtlrvpp_m1723/modules/ec/common/vboot/efs2.c.obj
[kingler:ro] [68/388] Building C object CMakeFiles/app.dir/mnt/host/source/src/platform/ec/build/zephyr/kingler/modules/ec/common/mkbp_event.c.obj
[kingler:rw] [145/388] Building C object zephyr/CMakeFiles/zephyr.dir/lib/utils/dec.c.obj
[winterhold:rw] [181/419] Building C object zephyr/CMakeFiles/zephyr.dir/soc/nuvoton/npcx/common/power.c.obj
[winterhold:rw] [182/419] Building C object zephyr/CMakeFiles/zephyr.dir/soc/nuvoton/npcx/common/scfg.c.obj
[kingler:rw] [146/388] Building C object zephyr/CMakeFiles/zephyr.dir/lib/os/cbprintf.c.obj
[winterhold:rw] [183/419] Building C object zephyr/CMakeFiles/zephyr.dir/soc/nuvoton/npcx/common/npcxn/registers.c.obj
[kingler:rw] [147/388] Building C object zephyr/CMakeFiles/zephyr.dir/lib/os/assert.c.obj
[winterhold:ro] [97/417] Building C object CMakeFiles/app.dir/mnt/host/source/src/platform/ec/build/zephyr/winterhold/modules/ec/common/timer.c.obj
[kingler:rw] [148/388] Building C object zephyr/CMakeFiles/zephyr.dir/lib/utils/hex.c.obj
[winterhold:ro] [98/417] Building C object CMakeFiles/app.dir/mnt/host/source/src/platform/ec/build/zephyr/winterhold/modules/ec/common/usb_charger.c.obj
[mtlrvpp_m1723:ro] [130/393] Building C object CMakeFiles/app.dir/mnt/host/source/src/platform/ec/build/zephyr/mtlrvpp_m1723/modules/ec/common/vstore.c.obj
[kingler:rw] [149/388] Building C object zephyr/CMakeFiles/zephyr.dir/lib/utils/timeutil.c.obj
[mtlrvpp_m1723:rw] [74/393] Building C object CMakeFiles/app.dir/mnt/host/source/src/platform/ec/build/zephyr/mtlrvpp_m1723/modules/ec/common/mkbp_fifo.c.obj
[mtlrvpp_m1723:ro] [131/393] Building C object CMakeFiles/app.dir/mnt/host/source/src/platform/ec/build/zephyr/mtlrvpp_m1723/modules/ec/common/math_util.c.obj
[kingler:rw] [150/388] Building C object zephyr/CMakeFiles/zephyr.dir/lib/utils/bitmask.c.obj
[skywalker-tps6699x:ro] Loaded configuration '/mnt/host/source/src/platform/ec/zephyr/boards/google/npcx9/npcx9_npcx9m7fb_defconfig'
[skywalker-tps6699x:ro] Merged configuration '/mnt/host/source/src/platform/ec/zephyr/program/skywalker/program.conf'
[skywalker-tps6699x:ro] Merged configuration '/mnt/host/source/src/platform/ec/zephyr/program/skywalker/skywalker-tps6699x/project.conf'
[skywalker-tps6699x:ro] Merged configuration '/mnt/host/source/src/platform/ec/build/zephyr/skywalker-tps6699x/kconfig-ro.conf'
[skywalker-tps6699x:ro] Configuration saved to '/mnt/host/source/src/platform/ec/build/zephyr/skywalker-tps6699x/build-ro/zephyr/.config'
[skywalker-tps6699x:ro] Kconfig header saved to '/mnt/host/source/src/platform/ec/build/zephyr/skywalker-tps6699x/build-ro/zephyr/include/generated/zephyr/autoconf.h'
[skywalker-tps6699x:ro] -- Found GnuLd: /home/jpmurphy/.cache/coreboot-sdk/arm-eabi/ea40ddd1d190c3b48435c474c0b545719371813a/arm-eabi/bin/ld.bfd (found version "2.43.1")
[winterhold:rw] [184/419] Building C object zephyr/CMakeFiles/zephyr.dir/soc/nuvoton/npcx/npcx9/soc.c.obj
[winterhold:rw] [185/419] Building C object zephyr/CMakeFiles/zephyr.dir/subsys/logging/log_minimal.c.obj
[kingler:rw] [151/388] Building C object zephyr/CMakeFiles/zephyr.dir/lib/utils/rb.c.obj
[kingler:ro] [69/388] Building C object CMakeFiles/app.dir/mnt/host/source/src/platform/ec/build/zephyr/kingler/modules/ec/common/motion_sense.c.obj
[winterhold:rw] [186/419] Building C object zephyr/CMakeFiles/zephyr.dir/subsys/mem_mgmt/mem_attr.c.obj
[kingler:rw] [152/388] Building C object zephyr/CMakeFiles/zephyr.dir/lib/utils/bitarray.c.obj
[skywalker-tps6699x:ro] -- The C compiler identification is GNU 14.2.0
[winterhold:ro] [99/417] Building C object CMakeFiles/app.dir/mnt/host/source/src/platform/ec/build/zephyr/winterhold/modules/ec/common/usb_port_power_dumb.c.obj
[kingler:rw] [153/388] Building C object zephyr/CMakeFiles/zephyr.dir/lib/utils/ring_buffer.c.obj
[mtlrvpp_m1723:ro] [132/393] Building C object CMakeFiles/app.dir/src/intel_rvp_board_id.c.obj
[mtlrvpp_m1723:ro] [133/393] Building C object CMakeFiles/app.dir/src/intelrvp.c.obj
[skywalker-tps6699x:ro] -- The CXX compiler identification is GNU 14.2.0
[winterhold:rw] [187/419] Building C object zephyr/CMakeFiles/zephyr.dir/subsys/pm/state.c.obj
[winterhold:ro] [100/417] Building C object CMakeFiles/app.dir/mnt/host/source/src/platform/ec/build/zephyr/winterhold/modules/ec/common/typec_control.c.obj
[kingler:rw] [154/388] Building C object zephyr/CMakeFiles/zephyr.dir/lib/utils/last_section_id.c.obj
[skywalker-tps6699x:ro] -- The ASM compiler identification is GNU
[skywalker-tps6699x:ro] CMake Warning at /mnt/host/source/src/platform/ec/zephyr/cmake/linker/ld/linker_libraries.cmake:11 (message):
[skywalker-tps6699x:ro]   Disabling c_library
[skywalker-tps6699x:ro] Call Stack (most recent call first):
[skywalker-tps6699x:ro]   /mnt/host/source/src/third_party/zephyr/main/cmake/target_toolchain_flags.cmake:48 (include)
[skywalker-tps6699x:ro]   /mnt/host/source/src/third_party/zephyr/main/cmake/modules/kernel.cmake:153 (include)
[skywalker-tps6699x:ro]   /mnt/host/source/src/third_party/zephyr/main/cmake/modules/zephyr_default.cmake:138 (include)
[skywalker-tps6699x:ro]   /mnt/host/source/src/third_party/zephyr/main/share/zephyr-package/cmake/ZephyrConfig.cmake:66 (include)
[skywalker-tps6699x:ro]   /mnt/host/source/src/third_party/zephyr/main/share/zephyr-package/cmake/ZephyrConfig.cmake:97 (include_boilerplate)
[skywalker-tps6699x:ro]   CMakeLists.txt:6 (find_package)
[kingler:rw] [155/388] Building C object zephyr/CMakeFiles/zephyr.dir/lib/utils/getopt/getopt_common.c.obj
[/mnt/host/source/src/platform/ec/build/zephyr/dirks-lcov]   /mnt/host/source/src/platform/ec/build/zephyr/dirks/build-rw/CMakeFiles/app.dir/mnt/host/source/src/platform/ec/build/zephyr/dirks/modules/ec/common/cbi_config.c.gcno:no functions found
[/mnt/host/source/src/platform/ec/build/zephyr/dirks-lcov] stderr:
[mtlrvpp_m1723:rw] [75/393] Building C object CMakeFiles/app.dir/mnt/host/source/src/platform/ec/build/zephyr/mtlrvpp_m1723/modules/ec/common/mkbp_info.c.obj
[/mnt/host/source/src/platform/ec/build/zephyr/brox-sku4-lcov]   /mnt/host/source/src/platform/ec/build/zephyr/brox-sku4/build-rw/modules/ec/zephyr/CMakeFiles/ec_shim.dir/drivers/keyboard_input/keyboard_customization_check.c.gcno:no functions found
[/mnt/host/source/src/platform/ec/build/zephyr/brox-sku4-lcov] stderr:
[kingler:rw] [156/388] Building C object zephyr/CMakeFiles/zephyr.dir/lib/utils/getopt/getopt.c.obj
[winterhold:rw] [188/419] Building C object zephyr/CMakeFiles/zephyr.dir/subsys/pm/pm.c.obj
[/mnt/host/source/src/platform/ec/build/zephyr/voltorb-lcov]   /mnt/host/source/src/platform/ec/build/zephyr/voltorb/build-rw/CMakeFiles/app.dir/mnt/host/source/src/platform/ec/build/zephyr/voltorb/modules/ec/common/usb_pd_pdo.c.gcno:no functions found
[/mnt/host/source/src/platform/ec/build/zephyr/voltorb-lcov] stderr:
[kingler:rw] [157/388] Building C object zephyr/CMakeFiles/zephyr.dir/misc/generated/configs.c.obj
[winterhold:rw] [189/419] Building C object zephyr/CMakeFiles/zephyr.dir/subsys/pm/policy/policy_events.c.obj
[kingler:ro] [70/388] Building C object CMakeFiles/app.dir/mnt/host/source/src/platform/ec/build/zephyr/kingler/modules/ec/common/power_button.c.obj
[skywalker-tps6699x:ro] -- Found assembler: /home/jpmurphy/.cache/coreboot-sdk/arm-eabi/ea40ddd1d190c3b48435c474c0b545719371813a/bin/arm-eabi-gcc
[skywalker-tps6699x:ro] -- Performing EC specific devicetree checks
[mtlrvpp_m1723:ro] [134/393] Building C object CMakeFiles/app.dir/mtlrvp/src/board_id.c.obj
[winterhold:rw] [190/419] Building C object zephyr/CMakeFiles/zephyr.dir/subsys/pm/policy/policy_latency.c.obj
[mtlrvpp_m1723:ro] [135/393] Building C object CMakeFiles/app.dir/mtlrvp/src/common.c.obj
[/mnt/host/source/src/platform/ec/build/zephyr/dirks-lcov]   /mnt/host/source/src/platform/ec/build/zephyr/dirks/build-rw/zephyr/arch/arch/riscv/core/CMakeFiles/arch__riscv__core.dir/cpu_idle.c.gcno:no functions found
[/mnt/host/source/src/platform/ec/build/zephyr/dirks-lcov] stderr:
[kingler:rw] [158/388] Building C object zephyr/CMakeFiles/zephyr.dir/soc/nuvoton/npcx/common/power.c.obj
[skywalker-tps6699x:ro] INFO: Verified 40 GPIOs, no duplicates found
[skywalker-tps6699x:ro] INFO: Verified 30 '*-gpios' properties, all flags match.
[skywalker-tps6699x:ro] INFO: Skipped 1 named-gpios children.
[kingler:rw] [159/388] Building C object zephyr/CMakeFiles/zephyr.dir/soc/nuvoton/npcx/common/scfg.c.obj
[kingler:rw] [160/388] Building C object zephyr/CMakeFiles/zephyr.dir/soc/nuvoton/npcx/common/npcxn/registers.c.obj
[winterhold:ro] [101/417] Building C object CMakeFiles/app.dir/mnt/host/source/src/platform/ec/build/zephyr/winterhold/modules/ec/common/usb_common.c.obj
[winterhold:ro] [102/417] Building C object CMakeFiles/app.dir/mnt/host/source/src/platform/ec/build/zephyr/winterhold/modules/ec/common/usb_pd_pdo.c.obj
[winterhold:rw] [191/419] Building C object zephyr/CMakeFiles/zephyr.dir/subsys/pm/policy/policy_state_lock.c.obj
[mtlrvpp_m1723:rw] [76/393] Building C object CMakeFiles/app.dir/mnt/host/source/src/platform/ec/build/zephyr/mtlrvpp_m1723/modules/ec/common/mkbp_input_devices.c.obj
[winterhold:rw] [192/419] Building C object zephyr/CMakeFiles/zephyr.dir/subsys/pm/device.c.obj
[skywalker-tps6699x:ro] -- Generating component manifest file
[skywalker-tps6699x:ro] INFO: Running CME, outputting to /mnt/host/source/src/platform/ec/build/zephyr/skywalker-tps6699x/build-ro/zephyr/component_manifest.json
[skywalker-tps6699x:ro] INFO: Project skywalker-tps6699x does not support SSFC
[kingler:ro] [71/388] Building C object CMakeFiles/app.dir/mnt/host/source/src/platform/ec/build/zephyr/kingler/modules/ec/power/common.c.obj
[kingler:rw] [161/388] Building C object zephyr/CMakeFiles/zephyr.dir/soc/nuvoton/npcx/npcx9/soc.c.obj
[mtlrvpp_m1723:ro] [136/393] Building C object CMakeFiles/app.dir/mtlrvp/src/board_power.c.obj
[winterhold:rw] [193/419] Building C object zephyr/CMakeFiles/zephyr.dir/subsys/pm/device_system_managed.c.obj
[skywalker-tps6699x:ro] -- warning_base_override: -Wall;-Wformat;-Wformat-security;-Wformat;-Wno-format-zero-length;-Wno-pointer-sign;-Wpointer-arith;-Wexpansion-to-defined
[kingler:rw] [162/388] Building C object zephyr/CMakeFiles/zephyr.dir/subsys/mem_mgmt/mem_attr.c.obj
[kingler:rw] [163/388] Building C object zephyr/CMakeFiles/zephyr.dir/subsys/pm/pm.c.obj
[winterhold:rw] [194/419] Building C object zephyr/CMakeFiles/zephyr.dir/subsys/testsuite/coverage/coverage.c.obj
[mtlrvpp_m1723:rw] [77/393] Building C object CMakeFiles/app.dir/mnt/host/source/src/platform/ec/build/zephyr/mtlrvpp_m1723/modules/ec/common/lid_switch.c.obj
[mtlrvpp_m1723:ro] [137/393] Building C object CMakeFiles/app.dir/mtlrvp/src/tcpc.c.obj
[winterhold:rw] [195/419] Building C object zephyr/CMakeFiles/zephyr.dir/subsys/tracing/tracing_none.c.obj
[winterhold:ro] [103/417] Building C object CMakeFiles/app.dir/mnt/host/source/src/platform/ec/build/zephyr/winterhold/modules/ec/common/usbc/usb_pd_timer.c.obj
[winterhold:ro] [104/417] Building C object CMakeFiles/app.dir/mnt/host/source/src/platform/ec/build/zephyr/winterhold/modules/ec/common/usbc/usbc_task.c.obj
[kingler:rw] [164/388] Building C object zephyr/CMakeFiles/zephyr.dir/subsys/pm/state.c.obj
[skywalker-tps6699x:ro] -- Found gen_kobject_list: /mnt/host/source/src/third_party/zephyr/main/scripts/build/gen_kobject_list.py
[/mnt/host/source/src/platform/ec/build/zephyr/dirks-lcov]   /mnt/host/source/src/platform/ec/build/zephyr/dirks/build-rw/zephyr/arch/common/CMakeFiles/isr_tables.dir/isr_tables.c.gcno:no functions found
[/mnt/host/source/src/platform/ec/build/zephyr/dirks-lcov] stderr:
[skywalker-tps6699x:ro] CMake Warning at /mnt/host/source/src/third_party/zephyr/main/CMakeLists.txt:2359 (message):
[skywalker-tps6699x:ro]   __ASSERT() statements are globally ENABLED
[kingler:rw] [165/388] Building C object zephyr/CMakeFiles/zephyr.dir/subsys/pm/policy/policy_latency.c.obj
[winterhold:rw] [196/419] Building C object zephyr/CMakeFiles/zephyr.dir/subsys/shell/modules/kernel_service/kernel_shell.c.obj
[skywalker-tps6699x:ro] -- Configuring done (16.0s)
[kingler:rw] [166/388] Building C object zephyr/CMakeFiles/zephyr.dir/subsys/pm/policy/policy_events.c.obj
[kingler:ro] [72/388] Building C object CMakeFiles/app.dir/mnt/host/source/src/platform/ec/build/zephyr/kingler/modules/ec/power/host_sleep.c.obj
[winterhold:rw] [197/419] Building C object zephyr/CMakeFiles/zephyr.dir/subsys/shell/modules/kernel_service/cycles.c.obj
[mtlrvpp_m1723:ro] [138/393] Building C object CMakeFiles/app.dir/src/usb_pd_policy_mecc_1_1.c.obj
[winterhold:rw] [198/419] Building C object zephyr/CMakeFiles/zephyr.dir/subsys/shell/modules/kernel_service/sleep.c.obj
[kingler:rw] [167/388] Building C object zephyr/CMakeFiles/zephyr.dir/subsys/pm/policy/policy_state_lock.c.obj
[mtlrvpp_m1723:rw] [78/393] Building C object CMakeFiles/app.dir/mnt/host/source/src/platform/ec/build/zephyr/mtlrvpp_m1723/modules/ec/common/mkbp_event.c.obj
[mtlrvpp_m1723:ro] [139/393] Building C object CMakeFiles/app.dir/src/chg_usb_pd_mecc_1_1.c.obj
[skywalker-tps6699x:ro] -- Generating done (0.5s)
[skywalker-tps6699x:ro] CMake Warning:
[skywalker-tps6699x:ro]   Manually-specified variables were not used by the project:
[skywalker-tps6699x:ro]     COREBOOT_SDK_ROOT_libstdcxx_riscv64
[skywalker-tps6699x:ro]     COREBOOT_SDK_ROOT_libstdcxx_x86
[skywalker-tps6699x:ro]     COREBOOT_SDK_ROOT_nds32
[skywalker-tps6699x:ro]     COREBOOT_SDK_ROOT_picolibc_riscv64
[skywalker-tps6699x:ro]     COREBOOT_SDK_ROOT_picolibc_x86
[skywalker-tps6699x:ro]     COREBOOT_SDK_ROOT_riscv
[skywalker-tps6699x:ro]     COREBOOT_SDK_ROOT_riscv64
[skywalker-tps6699x:ro]     COREBOOT_SDK_ROOT_x86
[skywalker-tps6699x:ro] -- Build files have been written to: /mnt/host/source/src/platform/ec/build/zephyr/skywalker-tps6699x/build-ro
[winterhold:ro] [105/417] Building C object CMakeFiles/app.dir/mnt/host/source/src/platform/ec/build/zephyr/winterhold/modules/ec/common/usbc/usb_sm.c.obj
[kingler:rw] [168/388] Building C object zephyr/CMakeFiles/zephyr.dir/subsys/pm/device.c.obj
[winterhold:ro] [106/417] Building C object CMakeFiles/app.dir/mnt/host/source/src/platform/ec/build/zephyr/winterhold/modules/ec/common/usbc_intr_task.c.obj
[kingler:rw] [169/388] Building C object zephyr/CMakeFiles/zephyr.dir/subsys/pm/device_system_managed.c.obj
[winterhold:rw] [199/419] Building C object zephyr/CMakeFiles/zephyr.dir/subsys/shell/modules/kernel_service/uptime.c.obj
[winterhold:rw] [200/419] Building C object zephyr/CMakeFiles/zephyr.dir/subsys/shell/modules/kernel_service/version.c.obj
[kingler:ro] [73/388] Building C object CMakeFiles/app.dir/mnt/host/source/src/platform/ec/build/zephyr/kingler/modules/ec/power/mt8186.c.obj
[kingler:rw] [170/388] Building C object zephyr/CMakeFiles/zephyr.dir/subsys/testsuite/coverage/coverage.c.obj
[mtlrvpp_m1723:ro] [140/393] Building C object CMakeFiles/app.dir/src/chg_usb_tcpc.c.obj
[winterhold:rw] [201/419] Building C object zephyr/CMakeFiles/zephyr.dir/subsys/shell/backends/shell_uart.c.obj
[mtlrvpp_m1723:ro] [141/393] Building C object CMakeFiles/app.dir/src/dc_jack.c.obj
[kingler:rw] [171/388] Building C object zephyr/CMakeFiles/zephyr.dir/subsys/tracing/tracing_none.c.obj
[mtlrvpp_m1723:rw] [79/393] Building C object CMakeFiles/app.dir/mnt/host/source/src/platform/ec/build/zephyr/mtlrvpp_m1723/modules/ec/common/port80.c.obj
[kingler:rw] [172/388] Building C object zephyr/CMakeFiles/zephyr.dir/subsys/shell/modules/kernel_service/kernel_shell.c.obj
[mtlrvpp_m1723:ro] [142/393] Linking C static library app/libapp.a
[winterhold:ro] [107/417] Building C object CMakeFiles/app.dir/mnt/host/source/src/platform/ec/build/zephyr/winterhold/modules/ec/common/usb_pd_flags.c.obj
[winterhold:ro] [108/417] Building C object CMakeFiles/app.dir/mnt/host/source/src/platform/ec/build/zephyr/winterhold/modules/ec/common/usbc_utils.c.obj
[winterhold:ro] [109/417] Building C object CMakeFiles/app.dir/mnt/host/source/src/platform/ec/build/zephyr/winterhold/modules/ec/common/chargen.c.obj
[mtlrvpp_m1723:ro] [143/393] Building C object zephyr/CMakeFiles/zephyr.dir/lib/libc/validate_libc.c.obj
[winterhold:rw] [202/419] Building C object zephyr/CMakeFiles/zephyr.dir/subsys/shell/shell.c.obj
[kingler:rw] [173/388] Building C object zephyr/CMakeFiles/zephyr.dir/subsys/shell/modules/kernel_service/cycles.c.obj
[winterhold:rw] [203/419] Building C object zephyr/CMakeFiles/zephyr.dir/subsys/shell/shell_fprintf.c.obj
[winterhold:rw] [204/419] Building C object zephyr/CMakeFiles/zephyr.dir/subsys/shell/shell_utils.c.obj
[kingler:ro] [74/388] Building C object CMakeFiles/app.dir/mnt/host/source/src/platform/ec/build/zephyr/kingler/modules/ec/common/panic_output.c.obj
[kingler:rw] [174/388] Building C object zephyr/CMakeFiles/zephyr.dir/subsys/shell/modules/kernel_service/sleep.c.obj
[kingler:rw] [175/388] Building C object zephyr/CMakeFiles/zephyr.dir/subsys/shell/modules/kernel_service/uptime.c.obj
[mtlrvpp_m1723:ro] [144/393] Building C object zephyr/CMakeFiles/zephyr.dir/lib/heap/heap.c.obj
[mtlrvpp_m1723:rw] [80/393] Building C object CMakeFiles/app.dir/mnt/host/source/src/platform/ec/build/zephyr/mtlrvpp_m1723/modules/ec/common/power_button.c.obj
[mtlrvpp_m1723:ro] [145/393] Building C object zephyr/CMakeFiles/zephyr.dir/lib/os/cbprintf_packaged.c.obj
[winterhold:ro] [110/417] Building C object CMakeFiles/app.dir/mnt/host/source/src/platform/ec/build/zephyr/winterhold/modules/ec/common/usbc/usb_pd_console.c.obj
[/mnt/host/source/src/platform/ec/build/zephyr/voltorb-lcov]   /mnt/host/source/src/platform/ec/build/zephyr/voltorb/build-rw/CMakeFiles/app.dir/mnt/host/source/src/platform/ec/build/zephyr/voltorb/modules/ec/common/cbi_config.c.gcno:no functions found
[/mnt/host/source/src/platform/ec/build/zephyr/voltorb-lcov] stderr:
[kingler:rw] [176/388] Building C object zephyr/CMakeFiles/zephyr.dir/subsys/shell/modules/kernel_service/version.c.obj
[winterhold:ro] [111/417] Building C object CMakeFiles/app.dir/mnt/host/source/src/platform/ec/build/zephyr/winterhold/modules/ec/driver/retimer/ps8811.c.obj
[winterhold:ro] [112/417] Building C object CMakeFiles/app.dir/mnt/host/source/src/platform/ec/build/zephyr/winterhold/modules/ec/driver/retimer/anx7483.c.obj
[winterhold:rw] [205/419] Building C object zephyr/CMakeFiles/zephyr.dir/subsys/shell/shell_ops.c.obj
[kingler:ro] [75/388] Building C object CMakeFiles/app.dir/mnt/host/source/src/platform/ec/build/zephyr/kingler/modules/ec/common/sha256.c.obj
[kingler:rw] [177/388] Building C object zephyr/CMakeFiles/zephyr.dir/subsys/shell/modules/kernel_service/thread/thread.c.obj
[winterhold:rw] [206/419] Building C object zephyr/CMakeFiles/zephyr.dir/drivers/flash/flash_util.c.obj
[winterhold:rw] [207/419] Building C object zephyr/CMakeFiles/zephyr.dir/subsys/shell/shell_history.c.obj
[kingler:rw] [178/388] Building C object zephyr/CMakeFiles/zephyr.dir/subsys/shell/modules/kernel_service/thread/list.c.obj
[winterhold:rw] [208/419] Linking C static library zephyr/libzephyr.a
[mtlrvpp_m1723:ro] [146/393] Building C object zephyr/CMakeFiles/zephyr.dir/lib/os/clock.c.obj
[mtlrvpp_m1723:ro] [147/393] Building C object zephyr/CMakeFiles/zephyr.dir/lib/os/printk.c.obj
[mtlrvpp_m1723:rw] [81/393] Building C object CMakeFiles/app.dir/mnt/host/source/src/platform/ec/build/zephyr/mtlrvpp_m1723/modules/ec/power/hibernate.c.obj
[/mnt/host/source/src/platform/ec/build/zephyr/brox-sku4-lcov]   /mnt/host/source/src/platform/ec/build/zephyr/brox-sku4/build-rw/CMakeFiles/app.dir/mnt/host/source/src/platform/ec/build/zephyr/brox-sku4/modules/ec/common/cbi_config.c.gcno:no functions found
[/mnt/host/source/src/platform/ec/build/zephyr/brox-sku4-lcov] stderr:
[winterhold:rw] [209/419] Building C object zephyr/arch/common/CMakeFiles/arch__common.dir/sw_isr_common.c.obj
[winterhold:rw] [210/419] Building C object zephyr/arch/common/CMakeFiles/arch__common.dir/init.c.obj
[kingler:rw] [179/388] Building C object zephyr/CMakeFiles/zephyr.dir/subsys/shell/modules/kernel_service/thread/stacks.c.obj
[winterhold:ro] [113/417] Building C object CMakeFiles/app.dir/mnt/host/source/src/platform/ec/build/zephyr/winterhold/modules/ec/driver/usb_mux/anx7451.c.obj
[kingler:rw] [180/388] Building C object zephyr/CMakeFiles/zephyr.dir/subsys/shell/modules/kernel_service/thread/suspend.c.obj
[mtlrvpp_m1723:ro] [148/393] Building C object zephyr/CMakeFiles/zephyr.dir/lib/os/sem.c.obj
[winterhold:ro] [114/417] Building C object CMakeFiles/app.dir/mnt/host/source/src/platform/ec/build/zephyr/winterhold/modules/ec/driver/usb_mux/usb_mux.c.obj
[kingler:ro] [76/388] Building C object CMakeFiles/app.dir/mnt/host/source/src/platform/ec/build/zephyr/kingler/modules/ec/common/shared_mem.c.obj
[winterhold:rw] [211/419] Building C object zephyr/arch/common/CMakeFiles/arch__common.dir/xip.c.obj
[kingler:rw] [181/388] Building C object zephyr/CMakeFiles/zephyr.dir/subsys/shell/modules/kernel_service/thread/resume.c.obj
[winterhold:ro] [115/417] Building C object CMakeFiles/app.dir/mnt/host/source/src/platform/ec/build/zephyr/winterhold/modules/ec/driver/usb_mux/amd_fp6.c.obj
[mtlrvpp_m1723:ro] [149/393] Building C object zephyr/CMakeFiles/zephyr.dir/lib/os/thread_entry.c.obj
[/mnt/host/source/src/platform/ec/build/zephyr/brox-sku4-lcov]   /mnt/host/source/src/platform/ec/build/zephyr/brox-sku4/build-rw/zephyr/arch/arch/riscv/core/CMakeFiles/arch__riscv__core.dir/cpu_idle.c.gcno:no functions found
[/mnt/host/source/src/platform/ec/build/zephyr/brox-sku4-lcov] stderr:
[winterhold:rw] [212/419] Building C object zephyr/arch/common/CMakeFiles/isr_tables.dir/isr_tables.c.obj
[winterhold:rw] [213/419] Linking C static library zephyr/arch/common/libisr_tables.a
[kingler:rw] [182/388] Building C object zephyr/CMakeFiles/zephyr.dir/subsys/shell/modules/kernel_service/thread/kill.c.obj
[mtlrvpp_m1723:rw] [82/393] Building C object CMakeFiles/app.dir/mnt/host/source/src/platform/ec/build/zephyr/mtlrvpp_m1723/modules/ec/common/panic_output.c.obj
[winterhold:rw] [214/419] Linking C static library zephyr/arch/common/libarch__common.a
[/mnt/host/source/src/platform/ec/build/zephyr/voltorb-lcov]   /mnt/host/source/src/platform/ec/build/zephyr/voltorb/build-rw/zephyr/arch/arch/arm/core/mpu/CMakeFiles/arch__arm__core__mpu.dir/arm_mpu_regions.c.gcno:no functions found
[/mnt/host/source/src/platform/ec/build/zephyr/voltorb-lcov] stderr:
[mtlrvpp_m1723:ro] [150/393] Building C object zephyr/CMakeFiles/zephyr.dir/lib/os/cbprintf_nano.c.obj
[winterhold:rw] [215/419] Building C object zephyr/arch/arch/arm/core/CMakeFiles/arch__arm__core.dir/fatal.c.obj
[mtlrvpp_m1723:ro] [151/393] Building C object zephyr/CMakeFiles/zephyr.dir/lib/os/cbprintf.c.obj
[winterhold:rw] [216/419] Building ASM object zephyr/arch/arch/arm/core/CMakeFiles/arch__arm__core.dir/nmi_on_reset.S.obj
[winterhold:rw] [217/419] Building C object zephyr/arch/arch/arm/core/CMakeFiles/arch__arm__core.dir/nmi.c.obj
[/mnt/host/source/src/platform/ec/build/zephyr/dirks-lcov]   /mnt/host/source/src/platform/ec/build/zephyr/dirks/build-rw/zephyr/CMakeFiles/zephyr.dir/subsys/shell/modules/kernel_service/kernel_shell.c.gcno:no functions found
[/mnt/host/source/src/platform/ec/build/zephyr/dirks-lcov] stderr:
[winterhold:ro] [116/417] Building C object CMakeFiles/app.dir/mnt/host/source/src/platform/ec/build/zephyr/winterhold/modules/ec/common/event_log.c.obj
[mtlrvpp_m1723:ro] [152/393] Building C object zephyr/CMakeFiles/zephyr.dir/lib/utils/dec.c.obj
[winterhold:rw] [218/419] Linking C static library zephyr/arch/arch/arm/core/libarch__arm__core.a
[kingler:rw] [183/388] Building C object zephyr/CMakeFiles/zephyr.dir/subsys/shell/backends/shell_uart.c.obj
[kingler:ro] [77/388] Building C object CMakeFiles/app.dir/mnt/host/source/src/platform/ec/build/zephyr/kingler/modules/ec/common/switch.c.obj
[winterhold:ro] [117/417] Building C object CMakeFiles/app.dir/mnt/host/source/src/platform/ec/build/zephyr/winterhold/modules/ec/common/pd_log.c.obj
[winterhold:rw] [219/419] Building ASM object zephyr/arch/arch/arm/core/cortex_m/CMakeFiles/arch__arm__core__cortex_m.dir/fault_s.S.obj
[kingler:rw] [184/388] Building C object zephyr/CMakeFiles/zephyr.dir/subsys/shell/shell.c.obj
[/mnt/host/source/src/platform/ec/build/zephyr/dirks-lcov]   /mnt/host/source/src/platform/ec/build/zephyr/dirks/build-rw/zephyr/CMakeFiles/zephyr.dir/lib/libc/validate_libc.c.gcno:no functions found
[/mnt/host/source/src/platform/ec/build/zephyr/dirks-lcov] stderr:
[mtlrvpp_m1723:ro] [153/393] Building C object zephyr/CMakeFiles/zephyr.dir/lib/utils/hex.c.obj
[kingler:rw] [185/388] Building C object zephyr/CMakeFiles/zephyr.dir/subsys/shell/shell_fprintf.c.obj
[mtlrvpp_m1723:ro] [154/393] Building C object zephyr/CMakeFiles/zephyr.dir/lib/os/assert.c.obj
[mtlrvpp_m1723:rw] [83/393] Building C object CMakeFiles/app.dir/mnt/host/source/src/platform/ec/build/zephyr/mtlrvpp_m1723/modules/ec/common/sha256.c.obj
[winterhold:rw] [220/419] Building C object zephyr/arch/arch/arm/core/cortex_m/CMakeFiles/arch__arm__core__cortex_m.dir/exc_exit.c.obj
[/mnt/host/source/src/platform/ec/build/zephyr/brox-sku4-lcov]   /mnt/host/source/src/platform/ec/build/zephyr/brox-sku4/build-rw/zephyr/arch/common/CMakeFiles/isr_tables.dir/isr_tables.c.gcno:no functions found
[/mnt/host/source/src/platform/ec/build/zephyr/brox-sku4-lcov] stderr:
[winterhold:ro] [118/417] Building C object CMakeFiles/app.dir/mnt/host/source/src/platform/ec/build/zephyr/winterhold/modules/ec/common/usbc/usb_tc_drp_acc_trysrc_sm.c.obj
[mtlrvpp_m1723:ro] [155/393] Building C object zephyr/CMakeFiles/zephyr.dir/lib/utils/timeutil.c.obj
[/mnt/host/source/src/platform/ec/build/zephyr/voltorb-lcov]   /mnt/host/source/src/platform/ec/build/zephyr/voltorb/build-rw/zephyr/arch/common/CMakeFiles/isr_tables.dir/isr_tables.c.gcno:no functions found
[/mnt/host/source/src/platform/ec/build/zephyr/voltorb-lcov] stderr:
[winterhold:rw] [221/419] Building C object zephyr/arch/arch/arm/core/cortex_m/CMakeFiles/arch__arm__core__cortex_m.dir/fault.c.obj
[kingler:ro] [78/388] Building C object CMakeFiles/app.dir/mnt/host/source/src/platform/ec/build/zephyr/kingler/modules/ec/common/spi_flash_reg.c.obj
[winterhold:rw] [222/419] Building C object zephyr/arch/arch/arm/core/cortex_m/CMakeFiles/arch__arm__core__cortex_m.dir/fpu.c.obj
[kingler:rw] [186/388] Building C object zephyr/CMakeFiles/zephyr.dir/subsys/shell/shell_utils.c.obj
[mtlrvpp_m1723:ro] [156/393] Building C object zephyr/CMakeFiles/zephyr.dir/lib/utils/rb.c.obj
[kingler:rw] [187/388] Building C object zephyr/CMakeFiles/zephyr.dir/subsys/shell/shell_ops.c.obj
[kingler:rw] [188/388] Building C object zephyr/CMakeFiles/zephyr.dir/subsys/shell/shell_help.c.obj
[winterhold:rw] [223/419] Building ASM object zephyr/arch/arch/arm/core/cortex_m/CMakeFiles/arch__arm__core__cortex_m.dir/reset.S.obj
[mtlrvpp_m1723:ro] [157/393] Building C object zephyr/CMakeFiles/zephyr.dir/lib/utils/bitmask.c.obj
[winterhold:ro] [119/417] Building C object CMakeFiles/app.dir/mnt/host/source/src/platform/ec/build/zephyr/winterhold/modules/ec/common/usbc/usb_prl_sm.c.obj
[mtlrvpp_m1723:rw] [84/393] Building C object CMakeFiles/app.dir/mnt/host/source/src/platform/ec/build/zephyr/mtlrvpp_m1723/modules/ec/common/shared_mem.c.obj
[/mnt/host/source/src/platform/ec/build/zephyr/dirks-lcov]   /mnt/host/source/src/platform/ec/build/zephyr/dirks/build-rw/zephyr/CMakeFiles/zephyr.dir/lib/utils/last_section_id.c.gcno:no functions found
[/mnt/host/source/src/platform/ec/build/zephyr/dirks-lcov] stderr:
[winterhold:rw] [224/419] Building ASM object zephyr/arch/arch/arm/core/cortex_m/CMakeFiles/arch__arm__core__cortex_m.dir/vector_table.S.obj
[kingler:rw] [189/388] Building C object zephyr/arch/common/CMakeFiles/arch__common.dir/init.c.obj
[winterhold:rw] [225/419] Building C object zephyr/arch/arch/arm/core/cortex_m/CMakeFiles/arch__arm__core__cortex_m.dir/scb.c.obj
[mtlrvpp_m1723:ro] [158/393] Building C object zephyr/CMakeFiles/zephyr.dir/lib/utils/bitarray.c.obj
[kingler:rw] [190/388] Building C object zephyr/CMakeFiles/zephyr.dir/drivers/flash/flash_util.c.obj
[winterhold:ro] [120/417] Building C object CMakeFiles/app.dir/mnt/host/source/src/platform/ec/build/zephyr/winterhold/modules/ec/common/usbc/usb_pe_drp_sm.c.obj
[kingler:rw] [191/388] Building C object zephyr/arch/common/CMakeFiles/arch__common.dir/sw_isr_common.c.obj
[winterhold:rw] [226/419] Building C object zephyr/arch/arch/arm/core/cortex_m/CMakeFiles/arch__arm__core__cortex_m.dir/thread_abort.c.obj
[kingler:rw] [192/388] Linking C static library zephyr/libzephyr.a
[kingler:ro] [79/388] Building C object CMakeFiles/app.dir/mnt/host/source/src/platform/ec/build/zephyr/kingler/modules/ec/common/tablet_mode.c.obj
[mtlrvpp_m1723:ro] [159/393] Building C object zephyr/CMakeFiles/zephyr.dir/lib/utils/getopt/getopt.c.obj
[winterhold:ro] [121/417] Building C object CMakeFiles/app.dir/mnt/host/source/src/platform/ec/build/zephyr/winterhold/modules/ec/common/usbc/usb_pd_dpm.c.obj
[kingler:rw] [193/388] Building C object zephyr/arch/common/CMakeFiles/arch__common.dir/xip.c.obj
[mtlrvpp_m1723:ro] [160/393] Building C object zephyr/CMakeFiles/zephyr.dir/lib/utils/ring_buffer.c.obj
[winterhold:rw] [227/419] Building ASM object zephyr/arch/arch/arm/core/cortex_m/CMakeFiles/arch__arm__core__cortex_m.dir/swap_helper.S.obj
[kingler:rw] [194/388] Building C object zephyr/arch/common/CMakeFiles/isr_tables.dir/isr_tables.c.obj
[mtlrvpp_m1723:ro] [161/393] Building C object zephyr/CMakeFiles/zephyr.dir/lib/utils/getopt/getopt_common.c.obj
[mtlrvpp_m1723:ro] [162/393] Building C object zephyr/CMakeFiles/zephyr.dir/lib/utils/last_section_id.c.obj
[winterhold:ro] [122/417] Building C object CMakeFiles/app.dir/mnt/host/source/src/platform/ec/build/zephyr/winterhold/modules/ec/common/usbc/usbc_pd_policy.c.obj
[kingler:rw] [195/388] Linking C static library zephyr/arch/common/libisr_tables.a
[mtlrvpp_m1723:rw] [85/393] Building C object CMakeFiles/app.dir/mnt/host/source/src/platform/ec/build/zephyr/mtlrvpp_m1723/modules/ec/common/switch.c.obj
[kingler:rw] [196/388] Building C object zephyr/arch/arch/arm/core/CMakeFiles/arch__arm__core.dir/fatal.c.obj
[mtlrvpp_m1723:ro] [163/393] Building C object zephyr/CMakeFiles/zephyr.dir/misc/generated/configs.c.obj
[winterhold:rw] [228/419] Building C object zephyr/arch/arch/arm/core/cortex_m/CMakeFiles/arch__arm__core__cortex_m.dir/irq_manage.c.obj
[kingler:rw] [197/388] Linking C static library zephyr/arch/common/libarch__common.a
[winterhold:rw] [229/419] Building C object zephyr/arch/arch/arm/core/cortex_m/CMakeFiles/arch__arm__core__cortex_m.dir/prep_c.c.obj
[kingler:rw] [198/388] Building ASM object zephyr/arch/arch/arm/core/CMakeFiles/arch__arm__core.dir/nmi_on_reset.S.obj
[winterhold:ro] [123/417] Building C object CMakeFiles/app.dir/mnt/host/source/src/platform/ec/build/zephyr/winterhold/modules/ec/common/usbc/dp_alt_mode.c.obj
[kingler:ro] [80/388] Building C object CMakeFiles/app.dir/mnt/host/source/src/platform/ec/build/zephyr/kingler/modules/ec/common/timer.c.obj
[kingler:rw] [199/388] Building C object zephyr/arch/arch/arm/core/CMakeFiles/arch__arm__core.dir/nmi.c.obj
[kingler:rw] [200/388] Linking C static library zephyr/arch/arch/arm/core/libarch__arm__core.a
[winterhold:rw] [230/419] Building C object zephyr/arch/arch/arm/core/cortex_m/CMakeFiles/arch__arm__core__cortex_m.dir/thread.c.obj
[mtlrvpp_m1723:ro] [164/393] Building C object zephyr/CMakeFiles/zephyr.dir/soc/microchip/mec/mec172x/soc.c.obj
[winterhold:ro] [124/417] Building C object CMakeFiles/app.dir/mnt/host/source/src/platform/ec/build/zephyr/winterhold/modules/ec/common/usb_pd_console_cmd.c.obj
[mtlrvpp_m1723:ro] [165/393] Building C object zephyr/CMakeFiles/zephyr.dir/soc/microchip/mec/common/soc_ecia.c.obj
[mtlrvpp_m1723:rw] [86/393] Building C object CMakeFiles/app.dir/mnt/host/source/src/platform/ec/build/zephyr/mtlrvpp_m1723/modules/ec/common/spi_flash_reg.c.obj
[kingler:rw] [201/388] Building ASM object zephyr/arch/arch/arm/core/cortex_m/CMakeFiles/arch__arm__core__cortex_m.dir/fault_s.S.obj
[winterhold:rw] [231/419] Building C object zephyr/arch/arch/arm/core/cortex_m/CMakeFiles/arch__arm__core__cortex_m.dir/irq_init.c.obj
[kingler:rw] [202/388] Building C object zephyr/arch/arch/arm/core/cortex_m/CMakeFiles/arch__arm__core__cortex_m.dir/exc_exit.c.obj
[winterhold:rw] [232/419] Building C object zephyr/arch/arch/arm/core/cortex_m/CMakeFiles/arch__arm__core__cortex_m.dir/cpu_idle.c.obj
[kingler:rw] [203/388] Building C object zephyr/arch/arch/arm/core/cortex_m/CMakeFiles/arch__arm__core__cortex_m.dir/fault.c.obj
[winterhold:ro] [125/417] Building C object CMakeFiles/app.dir/mnt/host/source/src/platform/ec/build/zephyr/winterhold/modules/ec/common/usb_pd_host_cmd.c.obj
[kingler:ro] [81/388] Building C object CMakeFiles/app.dir/mnt/host/source/src/platform/ec/build/zephyr/kingler/modules/ec/common/usb_charger.c.obj
[winterhold:rw] [233/419] Building C object zephyr/arch/arch/arm/core/cortex_m/CMakeFiles/arch__arm__core__cortex_m.dir/isr_wrapper.c.obj
[mtlrvpp_m1723:ro] [166/393] Building C object zephyr/CMakeFiles/zephyr.dir/soc/microchip/mec/common/soc_i2c.c.obj
[winterhold:ro] [126/417] Building C object CMakeFiles/app.dir/mnt/host/source/src/platform/ec/build/zephyr/winterhold/modules/ec/common/usbc/usb_pd_host.c.obj
[mtlrvpp_m1723:ro] [167/393] Building C object zephyr/CMakeFiles/zephyr.dir/subsys/logging/log_minimal.c.obj
[winterhold:rw] [234/419] Linking C static library zephyr/arch/arch/arm/core/cortex_m/libarch__arm__core__cortex_m.a
[kingler:rw] [204/388] Building C object zephyr/arch/arch/arm/core/cortex_m/CMakeFiles/arch__arm__core__cortex_m.dir/fpu.c.obj
[winterhold:rw] [235/419] Building C object zephyr/arch/arch/arm/core/mpu/CMakeFiles/arch__arm__core__mpu.dir/arm_core_mpu.c.obj
[kingler:rw] [205/388] Building ASM object zephyr/arch/arch/arm/core/cortex_m/CMakeFiles/arch__arm__core__cortex_m.dir/reset.S.obj
[mtlrvpp_m1723:rw] [87/393] Building C object CMakeFiles/app.dir/mnt/host/source/src/platform/ec/build/zephyr/mtlrvpp_m1723/modules/ec/common/tablet_mode.c.obj
[winterhold:rw] [236/419] Generating ../../../include/generated/libc/minimal/strerror_table.h
[winterhold:rw] [237/419] Building C object zephyr/lib/libc/minimal/CMakeFiles/lib__libc__minimal.dir/source/stdlib/atoi.c.obj
[kingler:rw] [206/388] Building C object zephyr/arch/arch/arm/core/cortex_m/CMakeFiles/arch__arm__core__cortex_m.dir/scb.c.obj
[mtlrvpp_m1723:ro] [168/393] Building C object zephyr/CMakeFiles/zephyr.dir/subsys/mem_mgmt/mem_attr.c.obj
[winterhold:rw] [238/419] Building C object zephyr/arch/arch/arm/core/mpu/CMakeFiles/arch__arm__core__mpu.dir/arm_mpu.c.obj
[winterhold:ro] [127/417] Building C object CMakeFiles/app.dir/mnt/host/source/src/platform/ec/build/zephyr/winterhold/modules/ec/zephyr/shim/src/tcpc.c.obj
[winterhold:rw] [239/419] Building C object zephyr/lib/libc/minimal/CMakeFiles/lib__libc__minimal.dir/source/stdlib/strtol.c.obj
[kingler:rw] [207/388] Building ASM object zephyr/arch/arch/arm/core/cortex_m/CMakeFiles/arch__arm__core__cortex_m.dir/vector_table.S.obj
[mtlrvpp_m1723:ro] [169/393] Building C object zephyr/CMakeFiles/zephyr.dir/subsys/testsuite/coverage/coverage.c.obj
[winterhold:rw] [240/419] Building C object zephyr/lib/libc/minimal/CMakeFiles/lib__libc__minimal.dir/source/stdlib/strtoul.c.obj
[kingler:rw] [208/388] Building C object zephyr/arch/arch/arm/core/cortex_m/CMakeFiles/arch__arm__core__cortex_m.dir/thread_abort.c.obj
[winterhold:rw] [241/419] Building C object zephyr/arch/arch/arm/core/mpu/CMakeFiles/arch__arm__core__mpu.dir/arm_mpu_regions.c.obj
[winterhold:rw] [242/419] Building C object zephyr/lib/libc/minimal/CMakeFiles/lib__libc__minimal.dir/source/stdlib/strtoll.c.obj
[winterhold:ro] [128/417] Building C object CMakeFiles/app.dir/mnt/host/source/src/platform/ec/build/zephyr/winterhold/modules/ec/common/usb_pd_host_cmd_common.c.obj
[winterhold:rw] [243/419] Building C object zephyr/lib/libc/minimal/CMakeFiles/lib__libc__minimal.dir/source/stdlib/strtoull.c.obj
[winterhold:ro] [129/417] Building C object CMakeFiles/app.dir/mnt/host/source/src/platform/ec/build/zephyr/winterhold/modules/ec/common/usbc/svdm_rsp_dfp_only.c.obj
[kingler:ro] [82/388] Building C object CMakeFiles/app.dir/mnt/host/source/src/platform/ec/build/zephyr/kingler/modules/ec/common/usb_port_power_dumb.c.obj
[winterhold:rw] [244/419] Linking C static library zephyr/arch/arch/arm/core/mpu/libarch__arm__core__mpu.a
[winterhold:rw] [245/419] Building C object zephyr/lib/libc/minimal/CMakeFiles/lib__libc__minimal.dir/source/stdlib/bsearch.c.obj
[mtlrvpp_m1723:rw] [88/393] Building C object CMakeFiles/app.dir/mnt/host/source/src/platform/ec/build/zephyr/mtlrvpp_m1723/modules/ec/common/thermal.c.obj
[mtlrvpp_m1723:ro] [170/393] Building C object zephyr/CMakeFiles/zephyr.dir/subsys/tracing/tracing_none.c.obj
[/mnt/host/source/src/platform/ec/build/zephyr/voltorb-lcov]   /mnt/host/source/src/platform/ec/build/zephyr/voltorb/build-rw/zephyr/CMakeFiles/zephyr.dir/subsys/shell/modules/kernel_service/kernel_shell.c.gcno:no functions found
[/mnt/host/source/src/platform/ec/build/zephyr/voltorb-lcov] stderr:
[kingler:rw] [209/388] Building ASM object zephyr/arch/arch/arm/core/cortex_m/CMakeFiles/arch__arm__core__cortex_m.dir/swap_helper.S.obj
[winterhold:rw] [246/419] Building C object zephyr/lib/libc/minimal/CMakeFiles/lib__libc__minimal.dir/source/stdlib/qsort.c.obj
[winterhold:rw] [247/419] Building C object zephyr/lib/libc/minimal/CMakeFiles/lib__libc__minimal.dir/source/string/strerror.c.obj
[kingler:rw] [210/388] Building C object zephyr/arch/arch/arm/core/cortex_m/CMakeFiles/arch__arm__core__cortex_m.dir/irq_manage.c.obj
[/mnt/host/source/src/platform/ec/build/zephyr/brox-sku4-lcov]   /mnt/host/source/src/platform/ec/build/zephyr/brox-sku4/build-rw/zephyr/CMakeFiles/zephyr.dir/subsys/shell/modules/kernel_service/kernel_shell.c.gcno:no functions found
[/mnt/host/source/src/platform/ec/build/zephyr/brox-sku4-lcov] stderr:
[winterhold:rw] [248/419] Building C object zephyr/lib/libc/minimal/CMakeFiles/lib__libc__minimal.dir/source/string/strncasecmp.c.obj
[/mnt/host/source/src/platform/ec/build/zephyr/voltorb-lcov]   /mnt/host/source/src/platform/ec/build/zephyr/voltorb/build-rw/zephyr/CMakeFiles/zephyr.dir/lib/libc/validate_libc.c.gcno:no functions found
[/mnt/host/source/src/platform/ec/build/zephyr/voltorb-lcov] stderr:
[winterhold:rw] [249/419] Building C object zephyr/lib/libc/minimal/CMakeFiles/lib__libc__minimal.dir/source/string/strstr.c.obj
[mtlrvpp_m1723:ro] [171/393] Building C object zephyr/CMakeFiles/zephyr.dir/subsys/shell/modules/kernel_service/kernel_shell.c.obj
[kingler:rw] [211/388] Building C object zephyr/arch/arch/arm/core/cortex_m/CMakeFiles/arch__arm__core__cortex_m.dir/prep_c.c.obj
[winterhold:rw] [250/419] Building C object zephyr/lib/libc/minimal/CMakeFiles/lib__libc__minimal.dir/source/string/string.c.obj
[winterhold:ro] [130/417] Building C object CMakeFiles/app.dir/mnt/host/source/src/platform/ec/build/zephyr/winterhold/modules/ec/common/usbc_ocp.c.obj
[winterhold:rw] [251/419] Building C object zephyr/lib/libc/minimal/CMakeFiles/lib__libc__minimal.dir/source/string/strspn.c.obj
[winterhold:rw] [252/419] Building C object zephyr/lib/libc/minimal/CMakeFiles/lib__libc__minimal.dir/source/stdlib/exit.c.obj
[/mnt/host/source/src/platform/ec/build/zephyr/brox-sku4-lcov]   /mnt/host/source/src/platform/ec/build/zephyr/brox-sku4/build-rw/zephyr/CMakeFiles/zephyr.dir/lib/libc/validate_libc.c.gcno:no functions found
[/mnt/host/source/src/platform/ec/build/zephyr/brox-sku4-lcov] stderr:
[kingler:ro] [83/388] Building C object CMakeFiles/app.dir/mnt/host/source/src/platform/ec/build/zephyr/kingler/modules/ec/common/typec_control.c.obj
[winterhold:ro] [131/417] Building C object CMakeFiles/app.dir/mnt/host/source/src/platform/ec/build/zephyr/winterhold/modules/ec/common/usb_pd_dual_role.c.obj
[kingler:rw] [212/388] Building C object zephyr/arch/arch/arm/core/cortex_m/CMakeFiles/arch__arm__core__cortex_m.dir/thread.c.obj
[mtlrvpp_m1723:ro] [172/393] Building C object zephyr/CMakeFiles/zephyr.dir/subsys/shell/modules/kernel_service/cycles.c.obj
[mtlrvpp_m1723:rw] [89/393] Building C object CMakeFiles/app.dir/mnt/host/source/src/platform/ec/build/zephyr/mtlrvpp_m1723/modules/ec/common/temp_sensor.c.obj
[winterhold:ro] [132/417] Building C object CMakeFiles/app.dir/mnt/host/source/src/platform/ec/build/zephyr/winterhold/modules/ec/common/usb_pd_discovery.c.obj
[kingler:rw] [213/388] Building C object zephyr/arch/arch/arm/core/cortex_m/CMakeFiles/arch__arm__core__cortex_m.dir/irq_init.c.obj
[kingler:rw] [214/388] Building C object zephyr/arch/arch/arm/core/cortex_m/CMakeFiles/arch__arm__core__cortex_m.dir/cpu_idle.c.obj
[mtlrvpp_m1723:ro] [173/393] Building C object zephyr/CMakeFiles/zephyr.dir/subsys/shell/modules/kernel_service/sleep.c.obj
[winterhold:rw] [253/419] Building C object zephyr/lib/libc/minimal/CMakeFiles/lib__libc__minimal.dir/source/stdout/sprintf.c.obj
[winterhold:rw] [254/419] Building C object zephyr/lib/libc/minimal/CMakeFiles/lib__libc__minimal.dir/source/stdout/stdout_console.c.obj
[winterhold:rw] [255/419] Building C object zephyr/lib/libc/minimal/CMakeFiles/lib__libc__minimal.dir/source/stdout/fprintf.c.obj
[winterhold:rw] [256/419] Building C object zephyr/lib/libc/minimal/CMakeFiles/lib__libc__minimal.dir/source/math/sqrtf.c.obj
[winterhold:ro] [133/417] Building C object CMakeFiles/app.dir/mnt/host/source/src/platform/ec/build/zephyr/winterhold/modules/ec/common/usbc/dp_hpd_gpio.c.obj
[winterhold:rw] [257/419] Building C object zephyr/lib/libc/minimal/CMakeFiles/lib__libc__minimal.dir/source/math/sqrt.c.obj
[kingler:rw] [215/388] Building C object zephyr/arch/arch/arm/core/cortex_m/CMakeFiles/arch__arm__core__cortex_m.dir/isr_wrapper.c.obj
[mtlrvpp_m1723:ro] [174/393] Building C object zephyr/CMakeFiles/zephyr.dir/subsys/shell/modules/kernel_service/uptime.c.obj
[/mnt/host/source/src/platform/ec/build/zephyr/voltorb-lcov]   /mnt/host/source/src/platform/ec/build/zephyr/voltorb/build-rw/zephyr/CMakeFiles/zephyr.dir/lib/utils/last_section_id.c.gcno:no functions found
[/mnt/host/source/src/platform/ec/build/zephyr/voltorb-lcov] stderr:
[mtlrvpp_m1723:ro] [175/393] Building C object zephyr/CMakeFiles/zephyr.dir/subsys/shell/modules/kernel_service/version.c.obj
[kingler:rw] [216/388] Building C object zephyr/arch/arch/arm/core/mpu/CMakeFiles/arch__arm__core__mpu.dir/arm_core_mpu.c.obj
[winterhold:rw] [258/419] Building C object zephyr/lib/libc/common/CMakeFiles/lib__libc__common.dir/source/time/asctime.c.obj
[kingler:rw] [217/388] Linking C static library zephyr/arch/arch/arm/core/cortex_m/libarch__arm__core__cortex_m.a
[kingler:rw] [218/388] Building C object zephyr/arch/arch/arm/core/mpu/CMakeFiles/arch__arm__core__mpu.dir/arm_mpu.c.obj
[/mnt/host/source/src/platform/ec/build/zephyr/brox-sku4-lcov]   /mnt/host/source/src/platform/ec/build/zephyr/brox-sku4/build-rw/zephyr/CMakeFiles/zephyr.dir/lib/utils/last_section_id.c.gcno:no functions found
[/mnt/host/source/src/platform/ec/build/zephyr/brox-sku4-lcov] stderr:
[kingler:rw] [219/388] Generating ../../../include/generated/libc/minimal/strerror_table.h
[kingler:ro] [84/388] Building C object CMakeFiles/app.dir/mnt/host/source/src/platform/ec/build/zephyr/kingler/modules/ec/common/usb_common.c.obj
[winterhold:rw] [259/419] Building C object zephyr/lib/libc/common/CMakeFiles/lib__libc__common.dir/source/time/gmtime_r.c.obj
[winterhold:ro] [134/417] Building C object CMakeFiles/app.dir/mnt/host/source/src/platform/ec/build/zephyr/winterhold/modules/ec/driver/tcpm/nct38xx.c.obj
[mtlrvpp_m1723:rw] [90/393] Building C object CMakeFiles/app.dir/mnt/host/source/src/platform/ec/build/zephyr/mtlrvpp_m1723/modules/ec/driver/temp_sensor/thermistor.c.obj
[kingler:rw] [220/388] Building C object zephyr/lib/libc/minimal/CMakeFiles/lib__libc__minimal.dir/source/stdlib/atoi.c.obj
[winterhold:rw] [260/419] Building C object zephyr/lib/libc/minimal/CMakeFiles/lib__libc__minimal.dir/source/time/gmtime.c.obj
[winterhold:ro] [135/417] Building C object CMakeFiles/app.dir/mnt/host/source/src/platform/ec/build/zephyr/winterhold/modules/ec/driver/tcpm/tcpci.c.obj
[winterhold:rw] [261/419] Linking C static library zephyr/lib/libc/minimal/liblib__libc__minimal.a
[kingler:rw] [221/388] Building C object zephyr/lib/libc/minimal/CMakeFiles/lib__libc__minimal.dir/source/stdlib/strtol.c.obj
[winterhold:rw] [262/419] Building C object zephyr/lib/libc/common/CMakeFiles/lib__libc__common.dir/source/time/localtime_r_utc.c.obj
[winterhold:rw] [263/419] Building C object zephyr/lib/libc/common/CMakeFiles/lib__libc__common.dir/source/stdlib/abort.c.obj
[kingler:rw] [222/388] Building C object zephyr/lib/libc/minimal/CMakeFiles/lib__libc__minimal.dir/source/stdlib/strtoul.c.obj
[mtlrvpp_m1723:ro] [176/393] Building C object zephyr/CMakeFiles/zephyr.dir/subsys/shell/modules/kernel_service/thread/thread.c.obj
[winterhold:rw] [264/419] Building C object zephyr/lib/libc/common/CMakeFiles/lib__libc__common.dir/source/time/ctime.c.obj
[winterhold:ro] [136/417] Building C object CMakeFiles/app.dir/mnt/host/source/src/platform/ec/build/zephyr/winterhold/modules/ec/common/usbc_ppc.c.obj
[mtlrvpp_m1723:ro] [177/393] Building C object zephyr/CMakeFiles/zephyr.dir/subsys/shell/modules/kernel_service/thread/list.c.obj
[kingler:rw] [223/388] Building C object zephyr/arch/arch/arm/core/mpu/CMakeFiles/arch__arm__core__mpu.dir/arm_mpu_regions.c.obj
[kingler:rw] [224/388] Building C object zephyr/lib/libc/minimal/CMakeFiles/lib__libc__minimal.dir/source/stdlib/strtoll.c.obj
[kingler:rw] [225/388] Building C object zephyr/lib/libc/common/CMakeFiles/lib__libc__common.dir/source/stdlib/abort.c.obj
[winterhold:rw] [265/419] Building C object zephyr/lib/libc/common/CMakeFiles/lib__libc__common.dir/source/time/time.c.obj
[winterhold:rw] [266/419] Building C object zephyr/lib/libc/common/CMakeFiles/lib__libc__common.dir/source/string/strnlen.c.obj
[kingler:rw] [226/388] Linking C static library zephyr/arch/arch/arm/core/mpu/libarch__arm__core__mpu.a
[kingler:rw] [227/388] Building C object zephyr/lib/libc/minimal/CMakeFiles/lib__libc__minimal.dir/source/stdlib/strtoull.c.obj
[kingler:rw] [228/388] Building C object zephyr/lib/libc/minimal/CMakeFiles/lib__libc__minimal.dir/source/stdlib/bsearch.c.obj
[winterhold:rw] [267/419] Building C object zephyr/lib/posix/c_lib_ext/CMakeFiles/lib__posix__c_lib_ext.dir/fnmatch.c.obj
[kingler:ro] [85/388] Building C object CMakeFiles/app.dir/mnt/host/source/src/platform/ec/build/zephyr/kingler/modules/ec/common/usb_pd_pdo.c.obj
[mtlrvpp_m1723:rw] [91/393] Building C object CMakeFiles/app.dir/mnt/host/source/src/platform/ec/build/zephyr/mtlrvpp_m1723/modules/ec/common/timer.c.obj
[winterhold:ro] [137/417] Building C object CMakeFiles/app.dir/mnt/host/source/src/platform/ec/build/zephyr/winterhold/modules/ec/driver/ppc/nx20p348x.c.obj
[kingler:rw] [229/388] Building C object zephyr/lib/libc/minimal/CMakeFiles/lib__libc__minimal.dir/source/stdlib/qsort.c.obj
[kingler:rw] [230/388] Building C object zephyr/lib/libc/minimal/CMakeFiles/lib__libc__minimal.dir/source/string/strerror.c.obj
[winterhold:ro] [138/417] Building C object CMakeFiles/app.dir/mnt/host/source/src/platform/ec/build/zephyr/winterhold/modules/ec/common/vboot_hash.c.obj
[kingler:rw] [231/388] Building C object zephyr/lib/libc/minimal/CMakeFiles/lib__libc__minimal.dir/source/string/strncasecmp.c.obj
[kingler:rw] [232/388] Building C object zephyr/lib/libc/minimal/CMakeFiles/lib__libc__minimal.dir/source/string/strstr.c.obj
[winterhold:rw] [268/419] Building C object zephyr/lib/libc/common/CMakeFiles/lib__libc__common.dir/source/stdlib/malloc.c.obj
[mtlrvpp_m1723:ro] [178/393] Building C object zephyr/CMakeFiles/zephyr.dir/subsys/shell/modules/kernel_service/thread/stacks.c.obj
[winterhold:rw] [269/419] Linking C static library zephyr/lib/libc/common/liblib__libc__common.a
[kingler:rw] [233/388] Building C object zephyr/lib/libc/minimal/CMakeFiles/lib__libc__minimal.dir/source/string/strspn.c.obj
[mtlrvpp_m1723:ro] [179/393] Building C object zephyr/CMakeFiles/zephyr.dir/subsys/shell/modules/kernel_service/thread/suspend.c.obj
[kingler:rw] [234/388] Building C object zephyr/lib/libc/minimal/CMakeFiles/lib__libc__minimal.dir/source/stdlib/exit.c.obj
[winterhold:rw] [270/419] Building C object zephyr/lib/posix/c_lib_ext/CMakeFiles/lib__posix__c_lib_ext.dir/getentropy.c.obj
[kingler:rw] [235/388] Building C object zephyr/lib/libc/minimal/CMakeFiles/lib__libc__minimal.dir/source/string/string.c.obj
[winterhold:ro] [139/417] Building C object CMakeFiles/app.dir/mnt/host/source/src/platform/ec/build/zephyr/winterhold/modules/ec/common/button.c.obj
[winterhold:rw] [271/419] Building C object zephyr/subsys/crc/CMakeFiles/subsys__crc.dir/crc4_sw.c.obj
[winterhold:rw] [272/419] Building C object zephyr/lib/posix/c_lib_ext/CMakeFiles/lib__posix__c_lib_ext.dir/getopt_shim.c.obj
[winterhold:rw] [273/419] Building C object zephyr/subsys/crc/CMakeFiles/subsys__crc.dir/crc8_sw.c.obj
[winterhold:rw] [274/419] Building C object zephyr/subsys/crc/CMakeFiles/subsys__crc.dir/crc16_sw.c.obj
[winterhold:rw] [275/419] Linking C static library zephyr/lib/posix/c_lib_ext/liblib__posix__c_lib_ext.a
[winterhold:rw] [276/419] Building C object zephyr/subsys/crc/CMakeFiles/subsys__crc.dir/crc32c_sw.c.obj
[mtlrvpp_m1723:rw] [92/393] Building C object CMakeFiles/app.dir/mnt/host/source/src/platform/ec/build/zephyr/mtlrvpp_m1723/modules/ec/common/typec_control.c.obj
[winterhold:rw] [277/419] Building C object zephyr/subsys/crc/CMakeFiles/subsys__crc.dir/crc7_sw.c.obj
[kingler:ro] [86/388] Building C object CMakeFiles/app.dir/mnt/host/source/src/platform/ec/build/zephyr/kingler/modules/ec/common/usbc/usbc_task.c.obj
[winterhold:rw] [278/419] Building C object zephyr/subsys/crc/CMakeFiles/subsys__crc.dir/crc24_sw.c.obj
[winterhold:rw] [279/419] Building C object zephyr/subsys/crc/CMakeFiles/subsys__crc.dir/crc32k_4_2_sw.c.obj
[winterhold:rw] [280/419] Building C object zephyr/subsys/crc/CMakeFiles/subsys__crc.dir/crc32_sw.c.obj
[mtlrvpp_m1723:ro] [180/393] Building C object zephyr/CMakeFiles/zephyr.dir/subsys/shell/modules/kernel_service/thread/resume.c.obj
[winterhold:rw] [281/419] Linking C static library zephyr/subsys/crc/libsubsys__crc.a
[kingler:rw] [236/388] Building C object zephyr/lib/libc/minimal/CMakeFiles/lib__libc__minimal.dir/source/stdout/stdout_console.c.obj
[kingler:rw] [237/388] Building C object zephyr/lib/libc/minimal/CMakeFiles/lib__libc__minimal.dir/source/stdout/sprintf.c.obj
[mtlrvpp_m1723:ro] [181/393] Building C object zephyr/CMakeFiles/zephyr.dir/subsys/shell/modules/kernel_service/thread/kill.c.obj
[kingler:rw] [238/388] Building C object zephyr/lib/libc/minimal/CMakeFiles/lib__libc__minimal.dir/source/stdout/fprintf.c.obj
[winterhold:ro] [140/417] Building C object CMakeFiles/app.dir/mnt/host/source/src/platform/ec/build/zephyr/winterhold/modules/ec/common/vboot/efs2.c.obj
[kingler:rw] [239/388] Building C object zephyr/lib/libc/minimal/CMakeFiles/lib__libc__minimal.dir/source/math/sqrtf.c.obj
[winterhold:ro] [141/417] Building C object CMakeFiles/app.dir/mnt/host/source/src/platform/ec/build/zephyr/winterhold/modules/ec/common/vstore.c.obj
[kingler:rw] [240/388] Building C object zephyr/lib/libc/minimal/CMakeFiles/lib__libc__minimal.dir/source/math/sqrt.c.obj
[winterhold:ro] [142/417] Building C object CMakeFiles/app.dir/mnt/host/source/src/platform/ec/build/zephyr/winterhold/modules/ec/common/math_util.c.obj
[kingler:rw] [241/388] Building C object zephyr/lib/libc/common/CMakeFiles/lib__libc__common.dir/source/time/gmtime_r.c.obj
[kingler:rw] [242/388] Building C object zephyr/lib/libc/common/CMakeFiles/lib__libc__common.dir/source/time/asctime.c.obj
[kingler:rw] [243/388] Building C object zephyr/lib/libc/common/CMakeFiles/lib__libc__common.dir/source/time/localtime_r_utc.c.obj
[winterhold:rw] [282/419] Building C object zephyr/drivers/adc/CMakeFiles/drivers__adc.dir/adc_common.c.obj
[kingler:ro] [87/388] Building C object CMakeFiles/app.dir/mnt/host/source/src/platform/ec/build/zephyr/kingler/modules/ec/common/usbc/usb_pd_timer.c.obj
[mtlrvpp_m1723:ro] [182/393] Building C object zephyr/CMakeFiles/zephyr.dir/subsys/shell/backends/shell_uart.c.obj
[mtlrvpp_m1723:rw] [93/393] Building C object CMakeFiles/app.dir/mnt/host/source/src/platform/ec/build/zephyr/mtlrvpp_m1723/modules/ec/common/usb_common.c.obj
[kingler:rw] [244/388] Building C object zephyr/lib/libc/minimal/CMakeFiles/lib__libc__minimal.dir/source/time/gmtime.c.obj
[winterhold:rw] [283/419] Building C object zephyr/drivers/interrupt_controller/CMakeFiles/drivers__interrupt_controller.dir/intc_miwu.c.obj
[kingler:rw] [245/388] Building C object zephyr/lib/libc/common/CMakeFiles/lib__libc__common.dir/source/time/time.c.obj
[kingler:rw] [246/388] Building C object zephyr/lib/libc/common/CMakeFiles/lib__libc__common.dir/source/time/ctime.c.obj
[winterhold:rw] [284/419] Linking C static library zephyr/drivers/interrupt_controller/libdrivers__interrupt_controller.a
[kingler:rw] [247/388] Linking C static library zephyr/lib/libc/minimal/liblib__libc__minimal.a
[winterhold:ro] [143/417] Building C object CMakeFiles/app.dir/src/common.c.obj
[winterhold:rw] [285/419] Building C object zephyr/drivers/adc/CMakeFiles/drivers__adc.dir/adc_npcx.c.obj
[mtlrvpp_m1723:ro] [183/393] Building C object zephyr/CMakeFiles/zephyr.dir/subsys/shell/shell.c.obj
[kingler:rw] [248/388] Building C object zephyr/lib/libc/common/CMakeFiles/lib__libc__common.dir/source/string/strnlen.c.obj
[winterhold:rw] [286/419] Linking C static library zephyr/drivers/adc/libdrivers__adc.a
[winterhold:ro] [144/417] Building C object CMakeFiles/app.dir/src/i2c_policy.c.obj
[kingler:rw] [249/388] Building C object zephyr/lib/posix/c_lib_ext/CMakeFiles/lib__posix__c_lib_ext.dir/fnmatch.c.obj
[winterhold:ro] [145/417] Building C object CMakeFiles/app.dir/src/power_signals.c.obj
[/mnt/host/source/src/platform/ec/build/zephyr/dirks-lcov]   /mnt/host/source/src/platform/ec/build/zephyr/dirks/build-rw/zephyr/CMakeFiles/zephyr.dir/soc/ite/ec/it8xxx2/check_regs.c.gcno:no functions found
[/mnt/host/source/src/platform/ec/build/zephyr/dirks-lcov] stderr:
[winterhold:rw] [287/419] Building C object zephyr/drivers/bbram/CMakeFiles/drivers__bbram.dir/bbram_npcx.c.obj
[mtlrvpp_m1723:ro] [184/393] Building C object zephyr/CMakeFiles/zephyr.dir/subsys/shell/shell_fprintf.c.obj
[winterhold:rw] [288/419] Linking C static library zephyr/drivers/bbram/libdrivers__bbram.a
[mtlrvpp_m1723:rw] [94/393] Building C object CMakeFiles/app.dir/mnt/host/source/src/platform/ec/build/zephyr/mtlrvpp_m1723/modules/ec/common/usb_pd_pdo.c.obj
[kingler:rw] [250/388] Building C object zephyr/lib/libc/common/CMakeFiles/lib__libc__common.dir/source/stdlib/malloc.c.obj
[kingler:ro] [88/388] Building C object CMakeFiles/app.dir/mnt/host/source/src/platform/ec/build/zephyr/kingler/modules/ec/common/usbc/usb_sm.c.obj
[kingler:rw] [251/388] Linking C static library zephyr/lib/libc/common/liblib__libc__common.a
[winterhold:rw] [289/419] Building C object zephyr/drivers/clock_control/CMakeFiles/drivers__clock_control.dir/clock_control_npcx.c.obj
[mtlrvpp_m1723:ro] [185/393] Building C object zephyr/CMakeFiles/zephyr.dir/subsys/shell/shell_utils.c.obj
[winterhold:rw] [290/419] Linking C static library zephyr/drivers/clock_control/libdrivers__clock_control.a
[kingler:rw] [252/388] Building C object zephyr/subsys/crc/CMakeFiles/subsys__crc.dir/crc4_sw.c.obj
[winterhold:rw] [291/419] Building C object zephyr/drivers/console/CMakeFiles/drivers__console.dir/uart_console.c.obj
[kingler:rw] [253/388] Building C object zephyr/lib/posix/c_lib_ext/CMakeFiles/lib__posix__c_lib_ext.dir/getopt_shim.c.obj
[kingler:rw] [254/388] Building C object zephyr/lib/posix/c_lib_ext/CMakeFiles/lib__posix__c_lib_ext.dir/getentropy.c.obj
[kingler:rw] [255/388] Building C object zephyr/subsys/crc/CMakeFiles/subsys__crc.dir/crc8_sw.c.obj
[winterhold:ro] [146/417] Building C object CMakeFiles/app.dir/src/usb_pd_policy.c.obj
[winterhold:rw] [292/419] Linking C static library zephyr/drivers/console/libdrivers__console.a
[kingler:rw] [256/388] Linking C static library zephyr/lib/posix/c_lib_ext/liblib__posix__c_lib_ext.a
[kingler:rw] [257/388] Building C object zephyr/subsys/crc/CMakeFiles/subsys__crc.dir/crc16_sw.c.obj
[kingler:rw] [258/388] Building C object zephyr/subsys/crc/CMakeFiles/subsys__crc.dir/crc7_sw.c.obj
[kingler:rw] [259/388] Building C object zephyr/subsys/crc/CMakeFiles/subsys__crc.dir/crc24_sw.c.obj
[mtlrvpp_m1723:ro] [186/393] Building C object zephyr/CMakeFiles/zephyr.dir/subsys/shell/shell_ops.c.obj
[kingler:rw] [260/388] Building C object zephyr/subsys/crc/CMakeFiles/subsys__crc.dir/crc32c_sw.c.obj
[kingler:rw] [261/388] Building C object zephyr/subsys/crc/CMakeFiles/subsys__crc.dir/crc32k_4_2_sw.c.obj
[kingler:rw] [262/388] Building C object zephyr/subsys/crc/CMakeFiles/subsys__crc.dir/crc32_sw.c.obj
[winterhold:ro] [147/417] Building C object CMakeFiles/app.dir/src/usb_mux_config.c.obj
[kingler:rw] [263/388] Linking C static library zephyr/subsys/crc/libsubsys__crc.a
[winterhold:rw] [293/419] Building C object zephyr/drivers/eeprom/CMakeFiles/drivers__eeprom.dir/eeprom_shell.c.obj
[winterhold:ro] [148/417] Building C object CMakeFiles/app.dir/src/usbc_config.c.obj
[mtlrvpp_m1723:rw] [95/393] Building C object CMakeFiles/app.dir/mnt/host/source/src/platform/ec/build/zephyr/mtlrvpp_m1723/modules/ec/common/usbc/usbc_task.c.obj
[mtlrvpp_m1723:ro] [187/393] Building C object zephyr/CMakeFiles/zephyr.dir/subsys/shell/shell_help.c.obj
[kingler:ro] [89/388] Building C object CMakeFiles/app.dir/mnt/host/source/src/platform/ec/build/zephyr/kingler/modules/ec/common/usbc_intr_task.c.obj
[mtlrvpp_m1723:ro] [188/393] Building C object zephyr/CMakeFiles/zephyr.dir/subsys/shell/shell_history.c.obj
[winterhold:rw] [294/419] Building C object zephyr/drivers/eeprom/CMakeFiles/drivers__eeprom.dir/eeprom_at2x.c.obj
[winterhold:ro] [149/417] Building C object CMakeFiles/app.dir/src/stt.c.obj
[winterhold:rw] [295/419] Linking C static library zephyr/drivers/eeprom/libdrivers__eeprom.a
[winterhold:rw] [296/419] Building C object zephyr/drivers/espi/CMakeFiles/drivers__espi.dir/espi_npcx.c.obj
[kingler:rw] [264/388] Building C object zephyr/drivers/interrupt_controller/CMakeFiles/drivers__interrupt_controller.dir/intc_miwu.c.obj
[kingler:rw] [265/388] Building C object zephyr/drivers/adc/CMakeFiles/drivers__adc.dir/adc_common.c.obj
[kingler:rw] [266/388] Linking C static library zephyr/drivers/interrupt_controller/libdrivers__interrupt_controller.a
[mtlrvpp_m1723:ro] [189/393] Building C object zephyr/CMakeFiles/zephyr.dir/drivers/flash/flash_util.c.obj
[mtlrvpp_m1723:ro] [190/393] Building C object zephyr/arch/common/CMakeFiles/arch__common.dir/sw_isr_common.c.obj
[winterhold:ro] [150/417] Building C object CMakeFiles/app.dir/winterhold/src/kb_backlight.c.obj
[kingler:rw] [267/388] Building C object zephyr/drivers/adc/CMakeFiles/drivers__adc.dir/adc_npcx.c.obj
[mtlrvpp_m1723:ro] [191/393] Linking C static library zephyr/libzephyr.a
[winterhold:rw] [297/419] Building C object zephyr/drivers/espi/CMakeFiles/drivers__espi.dir/host_subs_npcx.c.obj
[kingler:ro] [90/388] Building C object CMakeFiles/app.dir/mnt/host/source/src/platform/ec/build/zephyr/kingler/modules/ec/common/usbc_utils.c.obj
[winterhold:ro] [151/417] Building C object CMakeFiles/app.dir/winterhold/src/usb_mux_config.c.obj
[kingler:rw] [268/388] Linking C static library zephyr/drivers/adc/libdrivers__adc.a
[winterhold:rw] [298/419] Linking C static library zephyr/drivers/espi/libdrivers__espi.a
[mtlrvpp_m1723:rw] [96/393] Building C object CMakeFiles/app.dir/mnt/host/source/src/platform/ec/build/zephyr/mtlrvpp_m1723/modules/ec/common/usbc/usb_pd_timer.c.obj
[kingler:rw] [269/388] Building C object zephyr/drivers/bbram/CMakeFiles/drivers__bbram.dir/bbram_npcx.c.obj
[kingler:rw] [270/388] Building C object zephyr/drivers/clock_control/CMakeFiles/drivers__clock_control.dir/clock_control_npcx.c.obj
[mtlrvpp_m1723:ro] [192/393] Building C object zephyr/arch/common/CMakeFiles/arch__common.dir/init.c.obj
[kingler:rw] [271/388] Linking C static library zephyr/drivers/bbram/libdrivers__bbram.a
[winterhold:rw] [299/419] Building C object zephyr/drivers/flash/CMakeFiles/drivers__flash.dir/jesd216.c.obj
[kingler:rw] [272/388] Linking C static library zephyr/drivers/clock_control/libdrivers__clock_control.a
[winterhold:rw] [300/419] Building C object zephyr/drivers/flash/CMakeFiles/drivers__flash.dir/flash_npcx_fiu_nor.c.obj
[winterhold:ro] [152/417] Building C object CMakeFiles/app.dir/winterhold/src/sensor.c.obj
[mtlrvpp_m1723:ro] [193/393] Building C object zephyr/arch/common/CMakeFiles/arch__common.dir/xip.c.obj
[kingler:ro] [91/388] Building C object CMakeFiles/app.dir/mnt/host/source/src/platform/ec/build/zephyr/kingler/modules/ec/common/usb_pd_flags.c.obj
[kingler:rw] [273/388] Building C object zephyr/drivers/console/CMakeFiles/drivers__console.dir/uart_console.c.obj
[kingler:rw] [274/388] Linking C static library zephyr/drivers/console/libdrivers__console.a
[winterhold:ro] [153/417] Building C object CMakeFiles/app.dir/winterhold/src/battery_present.c.obj
[winterhold:rw] [301/419] Building C object zephyr/drivers/flash/CMakeFiles/drivers__flash.dir/flash_npcx_fiu_qspi.c.obj
[mtlrvpp_m1723:ro] [194/393] Building C object zephyr/arch/common/CMakeFiles/isr_tables.dir/isr_tables.c.obj
[winterhold:rw] [302/419] Linking C static library zephyr/drivers/flash/libdrivers__flash.a
[mtlrvpp_m1723:ro] [195/393] Linking C static library zephyr/arch/common/libisr_tables.a
[winterhold:ro] [154/417] Building C object CMakeFiles/app.dir/winterhold/src/alt_charger.c.obj
[mtlrvpp_m1723:rw] [97/393] Building C object CMakeFiles/app.dir/mnt/host/source/src/platform/ec/build/zephyr/mtlrvpp_m1723/modules/ec/common/usbc/usb_sm.c.obj
[mtlrvpp_m1723:ro] [196/393] Linking C static library zephyr/arch/common/libarch__common.a
[kingler:rw] [275/388] Building C object zephyr/drivers/eeprom/CMakeFiles/drivers__eeprom.dir/eeprom_shell.c.obj
[mtlrvpp_m1723:ro] [197/393] Building C object zephyr/arch/arch/arm/core/CMakeFiles/arch__arm__core.dir/fatal.c.obj
[kingler:rw] [276/388] Building C object zephyr/drivers/eeprom/CMakeFiles/drivers__eeprom.dir/eeprom_at2x.c.obj
[winterhold:rw] [303/419] Building C object zephyr/drivers/gpio/CMakeFiles/drivers__gpio.dir/gpio_nct38xx.c.obj
[mtlrvpp_m1723:ro] [198/393] Building ASM object zephyr/arch/arch/arm/core/CMakeFiles/arch__arm__core.dir/nmi_on_reset.S.obj
[winterhold:rw] [304/419] Building C object zephyr/drivers/gpio/CMakeFiles/drivers__gpio.dir/gpio_nct38xx_port.c.obj
[kingler:rw] [277/388] Linking C static library zephyr/drivers/eeprom/libdrivers__eeprom.a
[kingler:ro] [92/388] Building C object CMakeFiles/app.dir/mnt/host/source/src/platform/ec/build/zephyr/kingler/modules/ec/common/chargen.c.obj
[kingler:rw] [278/388] Building C object zephyr/drivers/flash/CMakeFiles/drivers__flash.dir/jesd216.c.obj
[winterhold:ro] [155/417] Building C object CMakeFiles/app.dir/winterhold/src/thermal.c.obj
[mtlrvpp_m1723:ro] [199/393] Building C object zephyr/arch/arch/arm/core/CMakeFiles/arch__arm__core.dir/nmi.c.obj
[winterhold:ro] [156/417] Building C object zephyr/CMakeFiles/zephyr.dir/lib/libc/validate_libc.c.obj
[mtlrvpp_m1723:ro] [200/393] Linking C static library zephyr/arch/arch/arm/core/libarch__arm__core.a
[winterhold:ro] [157/417] Building C object CMakeFiles/app.dir/winterhold/src/fan.c.obj
[kingler:rw] [279/388] Building C object zephyr/drivers/flash/CMakeFiles/drivers__flash.dir/flash_npcx_fiu_nor.c.obj
[mtlrvpp_m1723:ro] [201/393] Building C object zephyr/arch/arch/arm/core/cortex_m/CMakeFiles/arch__arm__core__cortex_m.dir/exc_exit.c.obj
[winterhold:rw] [305/419] Building C object zephyr/drivers/gpio/CMakeFiles/drivers__gpio.dir/gpio_npcx.c.obj
[winterhold:rw] [306/419] Building C object zephyr/drivers/i2c/CMakeFiles/drivers__i2c.dir/i2c_common.c.obj
[mtlrvpp_m1723:ro] [202/393] Building ASM object zephyr/arch/arch/arm/core/cortex_m/CMakeFiles/arch__arm__core__cortex_m.dir/fault_s.S.obj
[winterhold:ro] [158/417] Linking C static library app/libapp.a
[mtlrvpp_m1723:rw] [98/393] Building C object CMakeFiles/app.dir/mnt/host/source/src/platform/ec/build/zephyr/mtlrvpp_m1723/modules/ec/common/usbc_intr_task.c.obj
[winterhold:rw] [307/419] Linking C static library zephyr/drivers/gpio/libdrivers__gpio.a
[winterhold:rw] [308/419] Building C object zephyr/drivers/i2c/CMakeFiles/drivers__i2c.dir/i2c_shell.c.obj
[kingler:rw] [280/388] Building C object zephyr/drivers/flash/CMakeFiles/drivers__flash.dir/flash_npcx_fiu_qspi.c.obj
[winterhold:ro] [159/417] Building C object zephyr/CMakeFiles/zephyr.dir/lib/heap/heap.c.obj
[kingler:rw] [281/388] Building C object zephyr/drivers/gpio/CMakeFiles/drivers__gpio.dir/gpio_npcx.c.obj
[kingler:rw] [282/388] Linking C static library zephyr/drivers/flash/libdrivers__flash.a
[kingler:ro] [93/388] Building C object CMakeFiles/app.dir/mnt/host/source/src/platform/ec/build/zephyr/kingler/modules/ec/common/usbc/usb_pd_console.c.obj
[kingler:rw] [283/388] Linking C static library zephyr/drivers/gpio/libdrivers__gpio.a
[mtlrvpp_m1723:ro] [203/393] Building C object zephyr/arch/arch/arm/core/cortex_m/CMakeFiles/arch__arm__core__cortex_m.dir/fpu.c.obj
[kingler:rw] [284/388] Building C object zephyr/drivers/i2c/CMakeFiles/drivers__i2c.dir/i2c_common.c.obj
[winterhold:ro] [160/417] Building C object zephyr/CMakeFiles/zephyr.dir/lib/os/cbprintf_packaged.c.obj
[mtlrvpp_m1723:ro] [204/393] Building C object zephyr/arch/arch/arm/core/cortex_m/CMakeFiles/arch__arm__core__cortex_m.dir/fault.c.obj
[mtlrvpp_m1723:rw] [99/393] Building C object CMakeFiles/app.dir/mnt/host/source/src/platform/ec/build/zephyr/mtlrvpp_m1723/modules/ec/common/usbc_utils.c.obj
[winterhold:ro] [161/417] Building C object zephyr/CMakeFiles/zephyr.dir/lib/os/clock.c.obj
[winterhold:rw] [309/419] Building C object zephyr/drivers/i2c/CMakeFiles/drivers__i2c.dir/i2c_npcx_controller_fifo.c.obj
[winterhold:rw] [310/419] Building C object zephyr/drivers/i2c/CMakeFiles/drivers__i2c.dir/i2c_npcx_controller.c.obj
[kingler:rw] [285/388] Building C object zephyr/drivers/i2c/CMakeFiles/drivers__i2c.dir/i2c_shell.c.obj
[winterhold:ro] [162/417] Building C object zephyr/CMakeFiles/zephyr.dir/lib/os/printk.c.obj
[winterhold:rw] [311/419] Building C object zephyr/drivers/i2c/CMakeFiles/drivers__i2c.dir/i2c_npcx_port.c.obj
[mtlrvpp_m1723:ro] [205/393] Building ASM object zephyr/arch/arch/arm/core/cortex_m/CMakeFiles/arch__arm__core__cortex_m.dir/reset.S.obj
[kingler:rw] [286/388] Building C object zephyr/drivers/i2c/CMakeFiles/drivers__i2c.dir/i2c_npcx_controller.c.obj
[winterhold:rw] [312/419] Linking C static library zephyr/drivers/i2c/libdrivers__i2c.a
[mtlrvpp_m1723:ro] [206/393] Building C object zephyr/arch/arch/arm/core/cortex_m/CMakeFiles/arch__arm__core__cortex_m.dir/scb.c.obj
[kingler:ro] [94/388] Building C object CMakeFiles/app.dir/mnt/host/source/src/platform/ec/build/zephyr/kingler/modules/ec/driver/usb_mux/usb_mux.c.obj
[winterhold:ro] [163/417] Building C object zephyr/CMakeFiles/zephyr.dir/lib/os/sem.c.obj
[kingler:rw] [287/388] Building C object zephyr/drivers/i2c/CMakeFiles/drivers__i2c.dir/i2c_npcx_controller_fifo.c.obj
[mtlrvpp_m1723:rw] [100/393] Building C object CMakeFiles/app.dir/mnt/host/source/src/platform/ec/build/zephyr/mtlrvpp_m1723/modules/ec/common/usb_pd_flags.c.obj
[winterhold:ro] [164/417] Building C object zephyr/CMakeFiles/zephyr.dir/lib/os/thread_entry.c.obj
[mtlrvpp_m1723:ro] [207/393] Building ASM object zephyr/arch/arch/arm/core/cortex_m/CMakeFiles/arch__arm__core__cortex_m.dir/vector_table.S.obj
[winterhold:rw] [313/419] Building C object zephyr/drivers/mfd/CMakeFiles/drivers__mfd.dir/mfd_nct38xx.c.obj
[winterhold:rw] [314/419] Linking C static library zephyr/drivers/mfd/libdrivers__mfd.a
[/mnt/host/source/src/platform/ec/build/zephyr/dirks-lcov]   /mnt/host/source/src/platform/ec/build/zephyr/dirks/build-rw/zephyr/drivers/sensor/CMakeFiles/drivers__sensor.dir/mnt/host/source/src/third_party/zephyr/main/misc/empty_file.c.gcno:no functions found
[kingler:rw] [288/388] Building C object zephyr/drivers/pinctrl/CMakeFiles/drivers__pinctrl.dir/common.c.obj
[/mnt/host/source/src/platform/ec/build/zephyr/dirks-lcov] Filter suppressions 'region':
[mtlrvpp_m1723:ro] [208/393] Building C object zephyr/arch/arch/arm/core/cortex_m/CMakeFiles/arch__arm__core__cortex_m.dir/thread_abort.c.obj
[winterhold:rw] [315/419] Building C object zephyr/drivers/pinctrl/CMakeFiles/drivers__pinctrl.dir/common.c.obj
[winterhold:ro] [165/417] Building C object zephyr/CMakeFiles/zephyr.dir/lib/os/cbprintf_nano.c.obj
[/mnt/host/source/src/platform/ec/build/zephyr/dirks-lcov]     35 instances
[/mnt/host/source/src/platform/ec/build/zephyr/dirks-lcov]     28 coverpoints
[/mnt/host/source/src/platform/ec/build/zephyr/dirks-lcov] Message summary:
[/mnt/host/source/src/platform/ec/build/zephyr/dirks-lcov]   27 ignore messages:
[/mnt/host/source/src/platform/ec/build/zephyr/dirks-lcov]     gcov: 27
[skywalker-tps6699x:rw] Configuring.
Running `env -i PYTHONPATH=/usr/lib64/python-exec/python3.11:/mnt/host/source/src/platform/ec/zephyr/zmake:/usr/lib/python311.zip:/usr/lib/python3.11:/usr/lib/python3.11/lib-dynload:/usr/lib/python3.11/site-packages PW_PIGWEED_CIPD_INSTALL_DIR=/usr CROSTC_USER_ACKNOWLEDGES_THAT_RISCV_IS_EXPERIMENTAL=1 PATH=/mnt/host/source/chromite/bin:/usr/local/bin:/usr/bin:/bin:/opt/bin:/mnt/host/source/chromite/sdk/bin:/mnt/host/source/chromite/bin HOME=/home/jpmurphy JAVA_HOME=/etc/java-config-2/current-system-vm JDK_HOME=/etc/java-config-2/current-system-vm JAVAC=/etc/java-config-2/current-system-vm/bin/javac MAKEFLAGS=' -j16 --jobserver-auth=5,6' /usr/bin/cmake -S /mnt/host/source/src/platform/ec/zephyr/program/skywalker -B /mnt/host/source/src/platform/ec/build/zephyr/skywalker-tps6699x/build-rw -GNinja -DCMAKE_EXPORT_COMPILE_COMMANDS=ON -DZEPHYR_BASE=/mnt/host/source/src/third_party/zephyr/main -DZMAKE_INCLUDE_DIR=/mnt/host/source/src/platform/ec/build/zephyr/skywalker-tps6699x/include -DPython3_EXECUTABLE=/usr/bin/python3.11 -DDTS_ROOT=/mnt/host/source/src/platform/ec/zephyr -DSYSCALL_INCLUDE_DIRS=/mnt/host/source/src/platform/ec/zephyr/include/drivers -DUSER_CACHE_DIR=/mnt/host/source/src/platform/ec/build/zephyr/user-cache '-DEXTRA_EC_VERSION_FLAGS=--version 16543.0.0 --static' -DTOOLCHAIN_ROOT=/mnt/host/source/src/platform/ec/zephyr -DCOREBOOT_SDK_ROOT_x86=/home/jpmurphy/.cache/coreboot-sdk/i386-elf/dfbb0486385d938cfa9d73080b9d18d598ed4f49 -DCOREBOOT_SDK_ROOT_picolibc_x86=/home/jpmurphy/.cache/coreboot-sdk/picolibc-i386-elf/eb8e8e687b95461de8cbf278f1c2076952d0ad17 -DCOREBOOT_SDK_ROOT_riscv64=/home/jpmurphy/.cache/coreboot-sdk/riscv64-elf/96b949749225b6aaa92ed810ab769e8dfb12f000 -DCOREBOOT_SDK_ROOT_picolibc_arm=/home/jpmurphy/.cache/coreboot-sdk/picolibc-arm-eabi/422a2aa3e1ef891b5bece9a3deb696ff83840d2e -DCOREBOOT_SDK_ROOT_nds32=/home/jpmurphy/.cache/coreboot-sdk/nds32le-elf/d1a518c4a097666d86058e1444f85ca015d15511 -DCOREBOOT_SDK_ROOT_picolibc_riscv64=/home/jpmurphy/.cache/coreboot-sdk/picolibc-riscv64-elf/f571e990ef0278564b31124f8bb109d9a697eb69 -DCOREBOOT_SDK_ROOT_arm=/home/jpmurphy/.cache/coreboot-sdk/arm-eabi/ea40ddd1d190c3b48435c474c0b545719371813a -DCOREBOOT_SDK_ROOT_libstdcxx_riscv64=/home/jpmurphy/.cache/coreboot-sdk/libstdcxx-riscv64-elf/17abf22a3a252e2d5d2062ced5324f7a623689e0 -DCOREBOOT_SDK_ROOT_libstdcxx_arm=/home/jpmurphy/.cache/coreboot-sdk/libstdcxx-arm-eabi/5d7d82e150e44aa1968f1d366e267e6687b328ac -DCOREBOOT_SDK_ROOT_riscv=/home/jpmurphy/.cache/coreboot-sdk/riscv-elf/9a27b9e82341c6e9126624f516ab3f261abb3e73 -DCOREBOOT_SDK_ROOT_libstdcxx_x86=/home/jpmurphy/.cache/coreboot-sdk/libstdcxx-i386-elf/42ef9d2e87a76a37963175d7d428734e65648b87 -DZEPHYR_TOOLCHAIN_VARIANT=coreboot-sdk '-DZEPHYR_MODULES=/mnt/host/source/src/platform/ec/build/zephyr/skywalker-tps6699x/modules/cmsis;/mnt/host/source/src/platform/ec/build/zephyr/skywalker-tps6699x/modules/cmsis_6;/mnt/host/source/src/platform/ec/build/zephyr/skywalker-tps6699x/modules/ec' -DDTC_OVERLAY_FILE=/mnt/host/source/src/platform/ec/zephyr/program/skywalker/skywalker-tps6699x/project.overlay -DBOARD=npcx9/npcx9m7fb -DCMAKE_C_FLAGS=-DSECTION_IS_RW '-DCONF_FILE=/mnt/host/source/src/platform/ec/zephyr/program/skywalker/program.conf;/mnt/host/source/src/platform/ec/zephyr/program/skywalker/skywalker-tps6699x/project.conf;/mnt/host/source/src/platform/ec/build/zephyr/skywalker-tps6699x/kconfig-rw.conf'`
[skywalker-tps6699x:rw] Loading Zephyr default modules (Zephyr base (cached)).
[skywalker-tps6699x:rw] -- Application: /mnt/host/source/src/platform/ec/zephyr/program/skywalker
[skywalker-tps6699x:rw] -- CMake version: 3.31.7
[winterhold:rw] [316/419] Building C object zephyr/drivers/pinctrl/CMakeFiles/drivers__pinctrl.dir/pinctrl_npcx.c.obj
[kingler:rw] [289/388] Building C object zephyr/drivers/i2c/CMakeFiles/drivers__i2c.dir/i2c_npcx_port.c.obj
[kingler:rw] [290/388] Building C object zephyr/drivers/pinctrl/CMakeFiles/drivers__pinctrl.dir/pinctrl_npcx.c.obj
[winterhold:rw] [317/419] Linking C static library zephyr/drivers/pinctrl/libdrivers__pinctrl.a
[kingler:rw] [291/388] Linking C static library zephyr/drivers/i2c/libdrivers__i2c.a
[kingler:rw] [292/388] Linking C static library zephyr/drivers/pinctrl/libdrivers__pinctrl.a
[winterhold:ro] [166/417] Building C object zephyr/CMakeFiles/zephyr.dir/lib/os/cbprintf.c.obj
[winterhold:ro] [167/417] Building C object zephyr/CMakeFiles/zephyr.dir/lib/utils/dec.c.obj
[/mnt/host/source/src/platform/ec/build/zephyr/brox-sku4-lcov]   /mnt/host/source/src/platform/ec/build/zephyr/brox-sku4/build-rw/zephyr/CMakeFiles/zephyr.dir/soc/ite/ec/it8xxx2/check_regs.c.gcno:no functions found
[/mnt/host/source/src/platform/ec/build/zephyr/brox-sku4-lcov] stderr:
[mtlrvpp_m1723:ro] [209/393] Building ASM object zephyr/arch/arch/arm/core/cortex_m/CMakeFiles/arch__arm__core__cortex_m.dir/swap_helper.S.obj
[winterhold:ro] [168/417] Building C object zephyr/CMakeFiles/zephyr.dir/lib/os/assert.c.obj
[winterhold:ro] [169/417] Building C object zephyr/CMakeFiles/zephyr.dir/lib/utils/hex.c.obj
[skywalker-tps6699x:rw] -- Found Python3: /usr/bin/python3.11 (found suitable version "3.11.11", minimum required is "3.10") found components: Interpreter
[skywalker-tps6699x:rw] -- Cache files will be written to: /mnt/host/source/src/platform/ec/build/zephyr/user-cache
[mtlrvpp_m1723:rw] [101/393] Building C object CMakeFiles/app.dir/mnt/host/source/src/platform/ec/build/zephyr/mtlrvpp_m1723/modules/ec/common/chargen.c.obj
[skywalker-tps6699x:rw] -- Zephyr version: 4.3.99 (/mnt/host/source/src/third_party/zephyr/main)
[mtlrvpp_m1723:ro] [210/393] Building C object zephyr/arch/arch/arm/core/cortex_m/CMakeFiles/arch__arm__core__cortex_m.dir/irq_manage.c.obj
[kingler:rw] [293/388] Building C object zephyr/drivers/pwm/CMakeFiles/drivers__pwm.dir/pwm_shell.c.obj
[kingler:ro] [95/388] Building C object CMakeFiles/app.dir/mnt/host/source/src/platform/ec/build/zephyr/kingler/modules/ec/driver/usb_mux/ps8743.c.obj
[winterhold:ro] [170/417] Building C object zephyr/CMakeFiles/zephyr.dir/lib/utils/timeutil.c.obj
[winterhold:rw] [318/419] Building C object zephyr/drivers/pwm/CMakeFiles/drivers__pwm.dir/pwm_shell.c.obj
[winterhold:rw] [319/419] Building C object zephyr/drivers/pwm/CMakeFiles/drivers__pwm.dir/pwm_npcx.c.obj
[kingler:rw] [294/388] Building C object zephyr/drivers/pwm/CMakeFiles/drivers__pwm.dir/pwm_npcx.c.obj
[winterhold:rw] [320/419] Linking C static library zephyr/drivers/pwm/libdrivers__pwm.a
[mtlrvpp_m1723:ro] [211/393] Building C object zephyr/arch/arch/arm/core/cortex_m/CMakeFiles/arch__arm__core__cortex_m.dir/prep_c.c.obj
[kingler:rw] [295/388] Linking C static library zephyr/drivers/pwm/libdrivers__pwm.a
[kingler:rw] [296/388] Building C object zephyr/drivers/serial/CMakeFiles/drivers__serial.dir/uart_npcx.c.obj
[winterhold:rw] [321/419] Building C object zephyr/drivers/sensor/nuvoton/nuvoton_tach_npcx/CMakeFiles/drivers__sensor__nuvoton__nuvoton_tach_npcx.dir/tach_nuvoton_npcx.c.obj
[winterhold:ro] [171/417] Building C object zephyr/CMakeFiles/zephyr.dir/lib/utils/rb.c.obj
[winterhold:ro] [172/417] Building C object zephyr/CMakeFiles/zephyr.dir/lib/utils/bitmask.c.obj
[kingler:rw] [297/388] Linking C static library zephyr/drivers/serial/libdrivers__serial.a
[winterhold:rw] [322/419] Linking C static library zephyr/drivers/sensor/nuvoton/nuvoton_tach_npcx/libdrivers__sensor__nuvoton__nuvoton_tach_npcx.a
[mtlrvpp_m1723:ro] [212/393] Building C object zephyr/arch/arch/arm/core/cortex_m/CMakeFiles/arch__arm__core__cortex_m.dir/thread.c.obj
[kingler:rw] [298/388] Building C object zephyr/drivers/syscon/CMakeFiles/drivers__syscon.dir/syscon.c.obj
[winterhold:ro] [173/417] Building C object zephyr/CMakeFiles/zephyr.dir/lib/utils/bitarray.c.obj
[kingler:rw] [299/388] Linking C static library zephyr/drivers/syscon/libdrivers__syscon.a
[mtlrvpp_m1723:rw] [102/393] Building C object CMakeFiles/app.dir/mnt/host/source/src/platform/ec/build/zephyr/mtlrvpp_m1723/modules/ec/common/usbc/usb_pd_console.c.obj
[winterhold:rw] [323/419] Building C object zephyr/drivers/syscon/CMakeFiles/drivers__syscon.dir/syscon.c.obj
[winterhold:ro] [174/417] Building C object zephyr/CMakeFiles/zephyr.dir/lib/utils/ring_buffer.c.obj
[mtlrvpp_m1723:ro] [213/393] Building C object zephyr/arch/arch/arm/core/cortex_m/CMakeFiles/arch__arm__core__cortex_m.dir/cpu_idle.c.obj
[kingler:ro] [96/388] Building C object CMakeFiles/app.dir/mnt/host/source/src/platform/ec/build/zephyr/kingler/modules/ec/driver/usb_mux/virtual.c.obj
[winterhold:rw] [324/419] Linking C static library zephyr/drivers/syscon/libdrivers__syscon.a
[kingler:rw] [300/388] Building C object zephyr/drivers/timer/CMakeFiles/drivers__timer.dir/sys_clock_init.c.obj
[winterhold:ro] [175/417] Building C object zephyr/CMakeFiles/zephyr.dir/lib/utils/last_section_id.c.obj
[winterhold:rw] [325/419] Building C object zephyr/drivers/serial/CMakeFiles/drivers__serial.dir/uart_npcx.c.obj
[winterhold:rw] [326/419] Linking C static library zephyr/drivers/serial/libdrivers__serial.a
[winterhold:ro] [176/417] Building C object zephyr/CMakeFiles/zephyr.dir/lib/utils/getopt/getopt_common.c.obj
[kingler:rw] [301/388] Building C object zephyr/drivers/timer/CMakeFiles/drivers__timer.dir/npcx_itim_timer.c.obj
[skywalker-tps6699x:rw] -- Board: npcx9, qualifiers: npcx9m7fb
[winterhold:ro] [177/417] Building C object zephyr/CMakeFiles/zephyr.dir/lib/utils/getopt/getopt.c.obj
[mtlrvpp_m1723:ro] [214/393] Building C object zephyr/arch/arch/arm/core/cortex_m/CMakeFiles/arch__arm__core__cortex_m.dir/irq_init.c.obj
[winterhold:rw] [327/419] Building C object zephyr/drivers/timer/CMakeFiles/drivers__timer.dir/sys_clock_init.c.obj
[kingler:rw] [302/388] Linking C static library zephyr/drivers/timer/libdrivers__timer.a
[winterhold:ro] [178/417] Building C object zephyr/CMakeFiles/zephyr.dir/misc/generated/configs.c.obj
[kingler:rw] [303/388] Building C object zephyr/drivers/watchdog/CMakeFiles/drivers__watchdog.dir/wdt_npcx.c.obj
[mtlrvpp_m1723:ro] [215/393] Building C object zephyr/arch/arch/arm/core/cortex_m/CMakeFiles/arch__arm__core__cortex_m.dir/isr_wrapper.c.obj
[mtlrvpp_m1723:ro] [216/393] Linking C static library zephyr/arch/arch/arm/core/cortex_m/libarch__arm__core__cortex_m.a
[mtlrvpp_m1723:rw] [103/393] Building C object CMakeFiles/app.dir/mnt/host/source/src/platform/ec/build/zephyr/mtlrvpp_m1723/modules/ec/driver/retimer/bb_retimer.c.obj
[winterhold:rw] [328/419] Building C object zephyr/drivers/timer/CMakeFiles/drivers__timer.dir/npcx_itim_timer.c.obj
[kingler:rw] [304/388] Building C object zephyr/drivers/watchdog/CMakeFiles/drivers__watchdog.dir/wdt_shell.c.obj
[winterhold:rw] [329/419] Linking C static library zephyr/drivers/timer/libdrivers__timer.a
[winterhold:rw] [330/419] Building C object zephyr/drivers/watchdog/CMakeFiles/drivers__watchdog.dir/wdt_npcx.c.obj
[kingler:rw] [305/388] Linking C static library zephyr/drivers/watchdog/libdrivers__watchdog.a
[winterhold:ro] [179/417] Building C object zephyr/CMakeFiles/zephyr.dir/soc/nuvoton/npcx/common/power.c.obj
[winterhold:rw] [331/419] Building C object zephyr/drivers/watchdog/CMakeFiles/drivers__watchdog.dir/wdt_shell.c.obj
[winterhold:ro] [180/417] Building C object zephyr/CMakeFiles/zephyr.dir/soc/nuvoton/npcx/common/npcxn/registers.c.obj
[mtlrvpp_m1723:ro] [217/393] Building C object zephyr/arch/arch/arm/core/mpu/CMakeFiles/arch__arm__core__mpu.dir/arm_core_mpu.c.obj
[kingler:ro] [97/388] Building C object CMakeFiles/app.dir/mnt/host/source/src/platform/ec/build/zephyr/kingler/modules/ec/common/dps.c.obj
[winterhold:ro] [181/417] Building C object zephyr/CMakeFiles/zephyr.dir/soc/nuvoton/npcx/common/scfg.c.obj
[winterhold:rw] [332/419] Linking C static library zephyr/drivers/watchdog/libdrivers__watchdog.a
[kingler:rw] [306/388] Building C object modules/ec/zephyr/CMakeFiles/ec_shim.dir/app/ec/main_shim.c.obj
[kingler:rw] [307/388] Building C object modules/ec/zephyr/CMakeFiles/ec_shim.dir/app/ec/ec_app_main.c.obj
[mtlrvpp_m1723:ro] [218/393] Building C object zephyr/arch/arch/arm/core/mpu/CMakeFiles/arch__arm__core__mpu.dir/arm_mpu.c.obj
[mtlrvpp_m1723:ro] [219/393] Generating ../../../include/generated/libc/minimal/strerror_table.h
[mtlrvpp_m1723:ro] [220/393] Building C object zephyr/arch/arch/arm/core/mpu/CMakeFiles/arch__arm__core__mpu.dir/arm_mpu_regions.c.obj
[mtlrvpp_m1723:ro] [221/393] Building C object zephyr/lib/libc/minimal/CMakeFiles/lib__libc__minimal.dir/source/stdlib/atoi.c.obj
[mtlrvpp_m1723:ro] [222/393] Linking C static library zephyr/arch/arch/arm/core/mpu/libarch__arm__core__mpu.a
[mtlrvpp_m1723:rw] [104/393] Building C object CMakeFiles/app.dir/mnt/host/source/src/platform/ec/build/zephyr/mtlrvpp_m1723/modules/ec/driver/usb_mux/usb_mux.c.obj
[winterhold:ro] [182/417] Building C object zephyr/CMakeFiles/zephyr.dir/soc/nuvoton/npcx/npcx9/soc.c.obj
[mtlrvpp_m1723:ro] [223/393] Building C object zephyr/lib/libc/minimal/CMakeFiles/lib__libc__minimal.dir/source/stdlib/strtol.c.obj
[winterhold:ro] [183/417] Building C object zephyr/CMakeFiles/zephyr.dir/subsys/logging/log_minimal.c.obj
[mtlrvpp_m1723:ro] [224/393] Building C object zephyr/lib/libc/minimal/CMakeFiles/lib__libc__minimal.dir/source/stdlib/strtoul.c.obj
[skywalker-tps6699x:rw] -- Found Dtc: /usr/bin/dtc (found suitable version "1.6.0", minimum required is "1.4.6")
[skywalker-tps6699x:rw] -- Found BOARD.dts: /mnt/host/source/src/platform/ec/zephyr/boards/google/npcx9/npcx9_npcx9m7fb.dts
[skywalker-tps6699x:rw] -- Found devicetree overlay: /mnt/host/source/src/platform/ec/zephyr/program/skywalker/skywalker-tps6699x/project.overlay
[winterhold:rw] [333/419] Building C object modules/ec/zephyr/CMakeFiles/ec_shim.dir/app/ec/main_shim.c.obj
[mtlrvpp_m1723:ro] [225/393] Building C object zephyr/lib/libc/minimal/CMakeFiles/lib__libc__minimal.dir/source/stdlib/strtoll.c.obj
[kingler:ro] [98/388] Building C object CMakeFiles/app.dir/mnt/host/source/src/platform/ec/build/zephyr/kingler/modules/ec/common/event_log.c.obj
[kingler:rw] [308/388] Building C object modules/ec/zephyr/CMakeFiles/ec_shim.dir/drivers/cros_flash/cros_flash_npcx.c.obj
[winterhold:ro] [184/417] Building C object zephyr/CMakeFiles/zephyr.dir/subsys/mem_mgmt/mem_attr.c.obj
[winterhold:rw] [334/419] Building C object modules/ec/zephyr/CMakeFiles/ec_shim.dir/app/ec/ec_app_main.c.obj
[mtlrvpp_m1723:ro] [226/393] Building C object zephyr/lib/libc/minimal/CMakeFiles/lib__libc__minimal.dir/source/stdlib/strtoull.c.obj
[winterhold:rw] [335/419] Building C object modules/ec/zephyr/CMakeFiles/ec_shim.dir/drivers/cros_flash/cros_flash_npcx.c.obj
[mtlrvpp_m1723:ro] [227/393] Building C object zephyr/lib/libc/minimal/CMakeFiles/lib__libc__minimal.dir/source/stdlib/bsearch.c.obj
[/mnt/host/source/src/platform/ec/build/zephyr/voltorb-lcov]   /mnt/host/source/src/platform/ec/build/zephyr/voltorb/build-rw/zephyr/CMakeFiles/zephyr.dir/soc/nuvoton/npcx/common/npcxn/registers.c.gcno:no functions found
[/mnt/host/source/src/platform/ec/build/zephyr/voltorb-lcov] Filter suppressions 'region':
[kingler:rw] [309/388] Building C object modules/ec/zephyr/CMakeFiles/ec_shim.dir/drivers/cros_kb_raw/cros_kb_raw_npcx.c.obj
[kingler:rw] [310/388] Building C object modules/ec/zephyr/CMakeFiles/ec_shim.dir/drivers/cros_shi/cros_shi_npcx.c.obj
[/mnt/host/source/src/platform/ec/build/zephyr/voltorb-lcov]     33 instances
[/mnt/host/source/src/platform/ec/build/zephyr/voltorb-lcov]     18 coverpoints
[/mnt/host/source/src/platform/ec/build/zephyr/voltorb-lcov] Message summary:
[/mnt/host/source/src/platform/ec/build/zephyr/voltorb-lcov]   33 ignore messages:
[/mnt/host/source/src/platform/ec/build/zephyr/voltorb-lcov]     gcov: 33
[mtlrvpp_m1723:ro] [228/393] Building C object zephyr/lib/libc/minimal/CMakeFiles/lib__libc__minimal.dir/source/stdlib/qsort.c.obj
[winterhold:ro] [185/417] Building C object zephyr/CMakeFiles/zephyr.dir/subsys/pm/state.c.obj
[mtlrvpp_m1723:ro] [229/393] Building C object zephyr/lib/libc/minimal/CMakeFiles/lib__libc__minimal.dir/source/string/strerror.c.obj
[mtlrvpp_m1723:ro] [230/393] Building C object zephyr/lib/libc/minimal/CMakeFiles/lib__libc__minimal.dir/source/string/strncasecmp.c.obj
[mtlrvpp_m1723:ro] [231/393] Building C object zephyr/lib/libc/minimal/CMakeFiles/lib__libc__minimal.dir/source/string/strstr.c.obj
[winterhold:ro] [186/417] Building C object zephyr/CMakeFiles/zephyr.dir/subsys/pm/pm.c.obj
[mtlrvpp_m1723:ro] [232/393] Building C object zephyr/lib/libc/minimal/CMakeFiles/lib__libc__minimal.dir/source/stdlib/exit.c.obj
[winterhold:ro] [187/417] Building C object zephyr/CMakeFiles/zephyr.dir/subsys/pm/policy/policy_events.c.obj
[mtlrvpp_m1723:rw] [105/393] Building C object CMakeFiles/app.dir/mnt/host/source/src/platform/ec/build/zephyr/mtlrvpp_m1723/modules/ec/driver/usb_mux/virtual.c.obj
[mtlrvpp_m1723:ro] [233/393] Building C object zephyr/lib/libc/minimal/CMakeFiles/lib__libc__minimal.dir/source/string/strspn.c.obj
[mtlrvpp_m1723:ro] [234/393] Building C object zephyr/lib/libc/minimal/CMakeFiles/lib__libc__minimal.dir/source/string/string.c.obj
[kingler:ro] [99/388] Building C object CMakeFiles/app.dir/mnt/host/source/src/platform/ec/build/zephyr/kingler/modules/ec/common/pd_log.c.obj
[kingler:rw] [311/388] Building C object modules/ec/zephyr/CMakeFiles/ec_shim.dir/shim/chip/npcx/clock.c.obj
[winterhold:rw] [336/419] Building C object modules/ec/zephyr/CMakeFiles/ec_shim.dir/drivers/cros_kb_raw/cros_kb_raw_npcx.c.obj
[kingler:rw] [312/388] Building C object modules/ec/zephyr/CMakeFiles/ec_shim.dir/shim/chip/npcx/gpio.c.obj
[winterhold:rw] [337/419] Building C object modules/ec/zephyr/CMakeFiles/ec_shim.dir/drivers/cros_kblight/pwm_kblight.c.obj
[kingler:rw] [313/388] Building C object modules/ec/zephyr/CMakeFiles/ec_shim.dir/drivers/cros_system/cros_system_npcx.c.obj
[winterhold:rw] [338/419] Building C object modules/ec/zephyr/CMakeFiles/ec_shim.dir/drivers/cros_system/cros_system_npcx.c.obj
[winterhold:ro] [188/417] Building C object zephyr/CMakeFiles/zephyr.dir/subsys/pm/policy/policy_latency.c.obj
[mtlrvpp_m1723:ro] [235/393] Building C object zephyr/lib/libc/minimal/CMakeFiles/lib__libc__minimal.dir/source/stdout/fprintf.c.obj
[mtlrvpp_m1723:ro] [236/393] Building C object zephyr/lib/libc/minimal/CMakeFiles/lib__libc__minimal.dir/source/stdout/stdout_console.c.obj
[winterhold:ro] [189/417] Building C object zephyr/CMakeFiles/zephyr.dir/subsys/pm/policy/policy_state_lock.c.obj
[mtlrvpp_m1723:ro] [237/393] Building C object zephyr/lib/libc/minimal/CMakeFiles/lib__libc__minimal.dir/source/stdout/sprintf.c.obj
[winterhold:ro] [190/417] Building C object zephyr/CMakeFiles/zephyr.dir/subsys/pm/device.c.obj
[mtlrvpp_m1723:ro] [238/393] Building C object zephyr/lib/libc/minimal/CMakeFiles/lib__libc__minimal.dir/source/math/sqrt.c.obj
[mtlrvpp_m1723:ro] [239/393] Building C object zephyr/lib/libc/minimal/CMakeFiles/lib__libc__minimal.dir/source/math/sqrtf.c.obj
[kingler:rw] [314/388] Building C object modules/ec/zephyr/CMakeFiles/ec_shim.dir/shim/chip/npcx/rom_chip.c.obj
[mtlrvpp_m1723:ro] [240/393] Building C object zephyr/lib/libc/common/CMakeFiles/lib__libc__common.dir/source/time/asctime.c.obj
[kingler:rw] [315/388] Building C object modules/ec/zephyr/CMakeFiles/ec_shim.dir/shim/chip/npcx/keyboard_raw.c.obj
[skywalker-tps6699x:rw] -- Generated zephyr.dts: /mnt/host/source/src/platform/ec/build/zephyr/skywalker-tps6699x/build-rw/zephyr/zephyr.dts
[winterhold:ro] [191/417] Building C object zephyr/CMakeFiles/zephyr.dir/subsys/pm/device_system_managed.c.obj
[winterhold:rw] [339/419] Building C object modules/ec/zephyr/CMakeFiles/ec_shim.dir/drivers/vivaldi_kbd/vivaldi_kbd.c.obj
[mtlrvpp_m1723:rw] [106/393] Building C object CMakeFiles/app.dir/mnt/host/source/src/platform/ec/build/zephyr/mtlrvpp_m1723/modules/ec/common/usbc/usb_tc_drp_acc_trysrc_sm.c.obj
[mtlrvpp_m1723:ro] [241/393] Building C object zephyr/lib/libc/common/CMakeFiles/lib__libc__common.dir/source/time/gmtime_r.c.obj
[kingler:ro] [100/388] Building C object CMakeFiles/app.dir/mnt/host/source/src/platform/ec/build/zephyr/kingler/modules/ec/common/usbc/usb_tc_drp_acc_trysrc_sm.c.obj
[kingler:rw] [316/388] Building C object modules/ec/zephyr/CMakeFiles/ec_shim.dir/shim/chip/npcx/shi.c.obj
[winterhold:rw] [340/419] Building C object modules/ec/zephyr/CMakeFiles/ec_shim.dir/shim/chip/npcx/clock.c.obj
[/mnt/host/source/src/platform/ec/build/zephyr/brox-sku4-lcov]   /mnt/host/source/src/platform/ec/build/zephyr/brox-sku4/build-rw/zephyr/drivers/sensor/CMakeFiles/drivers__sensor.dir/mnt/host/source/src/third_party/zephyr/main/misc/empty_file.c.gcno:no functions found
[/mnt/host/source/src/platform/ec/build/zephyr/brox-sku4-lcov] Filter suppressions 'region':
[winterhold:rw] [341/419] Building C object modules/ec/zephyr/CMakeFiles/ec_shim.dir/shim/chip/npcx/gpio.c.obj
[mtlrvpp_m1723:ro] [242/393] Building C object zephyr/lib/libc/common/CMakeFiles/lib__libc__common.dir/source/stdlib/abort.c.obj
[/mnt/host/source/src/platform/ec/build/zephyr/brox-sku4-lcov]     152 instances
[/mnt/host/source/src/platform/ec/build/zephyr/brox-sku4-lcov]     234 coverpoints
[/mnt/host/source/src/platform/ec/build/zephyr/brox-sku4-lcov] Message summary:
[/mnt/host/source/src/platform/ec/build/zephyr/brox-sku4-lcov]   1 warning message:
[/mnt/host/source/src/platform/ec/build/zephyr/brox-sku4-lcov]     format: 1
[/mnt/host/source/src/platform/ec/build/zephyr/brox-sku4-lcov]   26 ignore messages:
[/mnt/host/source/src/platform/ec/build/zephyr/brox-sku4-lcov]     gcov: 26
[mtlrvpp_m1723:ro] [243/393] Building C object zephyr/lib/libc/minimal/CMakeFiles/lib__libc__minimal.dir/source/time/gmtime.c.obj
[mtlrvpp_m1723:ro] [244/393] Building C object zephyr/lib/libc/common/CMakeFiles/lib__libc__common.dir/source/time/localtime_r_utc.c.obj
[winterhold:ro] [192/417] Building C object zephyr/CMakeFiles/zephyr.dir/subsys/tracing/tracing_none.c.obj
[winterhold:ro] [193/417] Building C object zephyr/CMakeFiles/zephyr.dir/subsys/testsuite/coverage/coverage.c.obj
[mtlrvpp_m1723:ro] [245/393] Linking C static library zephyr/lib/libc/minimal/liblib__libc__minimal.a
[mtlrvpp_m1723:ro] [246/393] Building C object zephyr/lib/libc/common/CMakeFiles/lib__libc__common.dir/source/time/ctime.c.obj
[skywalker-tps6699x:rw] -- Generated pickled edt: /mnt/host/source/src/platform/ec/build/zephyr/skywalker-tps6699x/build-rw/zephyr/edt.pickle
[skywalker-tps6699x:rw] -- Generated devicetree_generated.h: /mnt/host/source/src/platform/ec/build/zephyr/skywalker-tps6699x/build-rw/zephyr/include/generated/zephyr/devicetree_generated.h
[mtlrvpp_m1723:ro] [247/393] Building C object zephyr/lib/libc/common/CMakeFiles/lib__libc__common.dir/source/time/time.c.obj
[mtlrvpp_m1723:ro] [248/393] Building C object zephyr/lib/libc/common/CMakeFiles/lib__libc__common.dir/source/string/strnlen.c.obj
[mtlrvpp_m1723:ro] [249/393] Building C object zephyr/lib/posix/c_lib_ext/CMakeFiles/lib__posix__c_lib_ext.dir/fnmatch.c.obj
[winterhold:ro] [194/417] Building C object zephyr/CMakeFiles/zephyr.dir/subsys/shell/modules/kernel_service/kernel_shell.c.obj
[kingler:rw] [317/388] Building C object modules/ec/zephyr/CMakeFiles/ec_shim.dir/shim/chip/npcx/system.c.obj
[kingler:rw] [318/388] Building C object modules/ec/zephyr/CMakeFiles/ec_shim.dir/shim/chip/npcx/system_external_storage.c.obj
[winterhold:rw] [342/419] Building C object modules/ec/zephyr/CMakeFiles/ec_shim.dir/shim/chip/npcx/rom_chip.c.obj
[kingler:rw] [319/388] Building C object modules/ec/zephyr/CMakeFiles/ec_shim.dir/shim/chip/npcx/power_policy.c.obj
[winterhold:ro] [195/417] Building C object zephyr/CMakeFiles/zephyr.dir/subsys/shell/modules/kernel_service/cycles.c.obj
[mtlrvpp_m1723:ro] [250/393] Building C object zephyr/lib/libc/common/CMakeFiles/lib__libc__common.dir/source/stdlib/malloc.c.obj
[winterhold:rw] [343/419] Building C object modules/ec/zephyr/CMakeFiles/ec_shim.dir/shim/chip/npcx/keyboard_raw.c.obj
[mtlrvpp_m1723:ro] [251/393] Linking C static library zephyr/lib/libc/common/liblib__libc__common.a
[winterhold:ro] [196/417] Building C object zephyr/CMakeFiles/zephyr.dir/subsys/shell/modules/kernel_service/uptime.c.obj
[winterhold:ro] [197/417] Building C object zephyr/CMakeFiles/zephyr.dir/subsys/shell/modules/kernel_service/sleep.c.obj
[mtlrvpp_m1723:rw] [107/393] Building C object CMakeFiles/app.dir/mnt/host/source/src/platform/ec/build/zephyr/mtlrvpp_m1723/modules/ec/common/usbc/usb_prl_sm.c.obj
[kingler:ro] [101/388] Building C object CMakeFiles/app.dir/mnt/host/source/src/platform/ec/build/zephyr/kingler/modules/ec/common/usbc/usb_prl_sm.c.obj
[winterhold:rw] [344/419] Building C object modules/ec/zephyr/CMakeFiles/ec_shim.dir/shim/chip/npcx/system.c.obj
[mtlrvpp_m1723:ro] [252/393] Building C object zephyr/subsys/crc/CMakeFiles/subsys__crc.dir/crc4_sw.c.obj
[mtlrvpp_m1723:ro] [253/393] Building C object zephyr/lib/posix/c_lib_ext/CMakeFiles/lib__posix__c_lib_ext.dir/getentropy.c.obj
[mtlrvpp_m1723:ro] [254/393] Building C object zephyr/lib/posix/c_lib_ext/CMakeFiles/lib__posix__c_lib_ext.dir/getopt_shim.c.obj
[mtlrvpp_m1723:ro] [255/393] Building C object zephyr/subsys/crc/CMakeFiles/subsys__crc.dir/crc8_sw.c.obj
[mtlrvpp_m1723:ro] [256/393] Building C object zephyr/subsys/crc/CMakeFiles/subsys__crc.dir/crc16_sw.c.obj
[mtlrvpp_m1723:ro] [257/393] Linking C static library zephyr/lib/posix/c_lib_ext/liblib__posix__c_lib_ext.a
[kingler:rw] [320/388] Building C object modules/ec/zephyr/CMakeFiles/ec_shim.dir/shim/core/cortex-m/panic.c.obj
[mtlrvpp_m1723:ro] [258/393] Building C object zephyr/subsys/crc/CMakeFiles/subsys__crc.dir/crc7_sw.c.obj
[winterhold:ro] [198/417] Building C object zephyr/CMakeFiles/zephyr.dir/subsys/shell/modules/kernel_service/version.c.obj
[mtlrvpp_m1723:ro] [259/393] Building C object zephyr/subsys/crc/CMakeFiles/subsys__crc.dir/crc24_sw.c.obj
[mtlrvpp_m1723:ro] [260/393] Building C object zephyr/subsys/crc/CMakeFiles/subsys__crc.dir/crc32_sw.c.obj
[kingler:rw] [321/388] Building C object modules/ec/zephyr/CMakeFiles/ec_shim.dir/shim/src/crc.c.obj
[mtlrvpp_m1723:ro] [261/393] Building C object zephyr/subsys/crc/CMakeFiles/subsys__crc.dir/crc32c_sw.c.obj
[mtlrvpp_m1723:ro] [262/393] Building C object zephyr/subsys/crc/CMakeFiles/subsys__crc.dir/crc32k_4_2_sw.c.obj
[kingler:rw] [322/388] Building C object modules/ec/zephyr/CMakeFiles/ec_shim.dir/shim/core/cortex-m/mpu.c.obj
[kingler:rw] [323/388] Building C object modules/ec/zephyr/CMakeFiles/ec_shim.dir/shim/src/console.c.obj
[mtlrvpp_m1723:ro] [263/393] Linking C static library zephyr/subsys/crc/libsubsys__crc.a
[winterhold:ro] [199/417] Building C object zephyr/CMakeFiles/zephyr.dir/subsys/shell/shell_fprintf.c.obj
[winterhold:ro] [200/417] Building C object zephyr/CMakeFiles/zephyr.dir/subsys/shell/backends/shell_uart.c.obj
[winterhold:rw] [345/419] Building C object modules/ec/zephyr/CMakeFiles/ec_shim.dir/shim/chip/npcx/power_policy.c.obj
[winterhold:rw] [346/419] Building C object modules/ec/zephyr/CMakeFiles/ec_shim.dir/shim/chip/npcx/system_external_storage.c.obj
[winterhold:ro] [201/417] Building C object zephyr/CMakeFiles/zephyr.dir/subsys/shell/shell.c.obj
[winterhold:rw] [347/419] Building C object modules/ec/zephyr/CMakeFiles/ec_shim.dir/shim/core/cortex-m/mpu.c.obj
[mtlrvpp_m1723:ro] [264/393] Building C object zephyr/drivers/interrupt_controller/CMakeFiles/drivers__interrupt_controller.dir/intc_mchp_ecia_xec.c.obj
[winterhold:rw] [348/419] Building C object modules/ec/zephyr/CMakeFiles/ec_shim.dir/shim/src/crc.c.obj
[mtlrvpp_m1723:ro] [265/393] Building C object zephyr/drivers/adc/CMakeFiles/drivers__adc.dir/adc_common.c.obj
[mtlrvpp_m1723:ro] [266/393] Linking C static library zephyr/drivers/interrupt_controller/libdrivers__interrupt_controller.a
[mtlrvpp_m1723:rw] [108/393] Building C object CMakeFiles/app.dir/mnt/host/source/src/platform/ec/build/zephyr/mtlrvpp_m1723/modules/ec/common/usbc/usb_pe_drp_sm.c.obj
[winterhold:ro] [202/417] Building C object zephyr/CMakeFiles/zephyr.dir/subsys/shell/shell_utils.c.obj
[kingler:ro] [102/388] Building C object CMakeFiles/app.dir/mnt/host/source/src/platform/ec/build/zephyr/kingler/modules/ec/common/usbc/usb_pe_drp_sm.c.obj
[kingler:rw] [324/388] Building C object modules/ec/zephyr/CMakeFiles/ec_shim.dir/shim/src/panic_utils.c.obj
[winterhold:ro] [203/417] Building C object zephyr/CMakeFiles/zephyr.dir/subsys/shell/shell_ops.c.obj
[mtlrvpp_m1723:ro] [267/393] Building C object zephyr/drivers/adc/CMakeFiles/drivers__adc.dir/adc_mchp_xec.c.obj
[kingler:rw] [325/388] Building C object modules/ec/zephyr/CMakeFiles/ec_shim.dir/shim/src/gpio_int.c.obj
[winterhold:ro] [204/417] Building C object zephyr/CMakeFiles/zephyr.dir/subsys/shell/shell_history.c.obj
[kingler:rw] [326/388] Building C object modules/ec/zephyr/CMakeFiles/ec_shim.dir/shim/src/gpio.c.obj
[mtlrvpp_m1723:ro] [268/393] Linking C static library zephyr/drivers/adc/libdrivers__adc.a
[winterhold:rw] [349/419] Building C object modules/ec/zephyr/CMakeFiles/ec_shim.dir/shim/core/cortex-m/panic.c.obj
[winterhold:rw] [350/419] Building C object modules/ec/zephyr/CMakeFiles/ec_shim.dir/shim/src/console.c.obj
[winterhold:ro] [205/417] Building C object zephyr/CMakeFiles/zephyr.dir/drivers/flash/flash_util.c.obj
[winterhold:ro] [206/417] Linking C static library zephyr/libzephyr.a
[winterhold:ro] [207/417] Building C object zephyr/arch/common/CMakeFiles/arch__common.dir/init.c.obj
[mtlrvpp_m1723:ro] [269/393] Building C object zephyr/drivers/bbram/CMakeFiles/drivers__bbram.dir/bbram_xec.c.obj
[winterhold:ro] [208/417] Building C object zephyr/arch/common/CMakeFiles/arch__common.dir/sw_isr_common.c.obj
[mtlrvpp_m1723:ro] [270/393] Building C object zephyr/drivers/clock_control/CMakeFiles/drivers__clock_control.dir/clock_control_mchp_xec.c.obj
[mtlrvpp_m1723:ro] [271/393] Linking C static library zephyr/drivers/bbram/libdrivers__bbram.a
[winterhold:rw] [351/419] Building C object modules/ec/zephyr/CMakeFiles/ec_shim.dir/shim/src/gpio.c.obj
[mtlrvpp_m1723:ro] [272/393] Building C object zephyr/drivers/console/CMakeFiles/drivers__console.dir/uart_console.c.obj
[winterhold:ro] [209/417] Building C object zephyr/arch/common/CMakeFiles/arch__common.dir/xip.c.obj
[mtlrvpp_m1723:ro] [273/393] Linking C static library zephyr/drivers/clock_control/libdrivers__clock_control.a
[mtlrvpp_m1723:ro] [274/393] Linking C static library zephyr/drivers/console/libdrivers__console.a
[kingler:rw] [327/388] Building C object modules/ec/zephyr/CMakeFiles/ec_shim.dir/shim/src/cbi/cros_cbi.c.obj
[kingler:rw] [328/388] Building C object modules/ec/zephyr/CMakeFiles/ec_shim.dir/shim/src/pm_state.c.obj
[kingler:ro] [103/388] Building C object CMakeFiles/app.dir/mnt/host/source/src/platform/ec/build/zephyr/kingler/modules/ec/common/usbc/usb_pd_dpm.c.obj
[mtlrvpp_m1723:rw] [109/393] Building C object CMakeFiles/app.dir/mnt/host/source/src/platform/ec/build/zephyr/mtlrvpp_m1723/modules/ec/common/usbc/usb_pd_dpm.c.obj
[kingler:rw] [329/388] Building C object modules/ec/zephyr/CMakeFiles/ec_shim.dir/shim/src/cbi/cbi_eeprom.c.obj
[winterhold:ro] [210/417] Building ASM object zephyr/arch/arch/arm/core/CMakeFiles/arch__arm__core.dir/nmi_on_reset.S.obj
[winterhold:ro] [211/417] Building C object zephyr/arch/common/CMakeFiles/isr_tables.dir/isr_tables.c.obj
[winterhold:rw] [352/419] Building C object modules/ec/zephyr/CMakeFiles/ec_shim.dir/shim/src/panic_utils.c.obj
[winterhold:rw] [353/419] Building C object modules/ec/zephyr/CMakeFiles/ec_shim.dir/shim/src/gpio_int.c.obj
[winterhold:ro] [212/417] Linking C static library zephyr/arch/common/libisr_tables.a
[winterhold:ro] [213/417] Building C object zephyr/arch/arch/arm/core/CMakeFiles/arch__arm__core.dir/fatal.c.obj
[mtlrvpp_m1723:ro] [275/393] Building C object zephyr/drivers/eeprom/CMakeFiles/drivers__eeprom.dir/eeprom_shell.c.obj
[winterhold:ro] [214/417] Building C object zephyr/arch/arch/arm/core/CMakeFiles/arch__arm__core.dir/nmi.c.obj
[winterhold:ro] [215/417] Linking C static library zephyr/arch/common/libarch__common.a
[winterhold:ro] [216/417] Linking C static library zephyr/arch/arch/arm/core/libarch__arm__core.a
[winterhold:ro] [217/417] Building ASM object zephyr/arch/arch/arm/core/cortex_m/CMakeFiles/arch__arm__core__cortex_m.dir/fault_s.S.obj
[mtlrvpp_m1723:ro] [276/393] Building C object zephyr/drivers/eeprom/CMakeFiles/drivers__eeprom.dir/eeprom_at2x.c.obj
[mtlrvpp_m1723:ro] [277/393] Building C object zephyr/drivers/espi/CMakeFiles/drivers__espi.dir/espi_mchp_xec_host_v2.c.obj
[mtlrvpp_m1723:ro] [278/393] Linking C static library zephyr/drivers/eeprom/libdrivers__eeprom.a
[winterhold:rw] [354/419] Building C object modules/ec/zephyr/CMakeFiles/ec_shim.dir/shim/src/pm_state.c.obj
[kingler:rw] [330/388] Building C object modules/ec/zephyr/CMakeFiles/ec_shim.dir/shim/src/led_driver/led_pwm.c.obj
[winterhold:ro] [218/417] Building C object zephyr/arch/arch/arm/core/cortex_m/CMakeFiles/arch__arm__core__cortex_m.dir/exc_exit.c.obj
[mtlrvpp_m1723:rw] [110/393] Building C object CMakeFiles/app.dir/mnt/host/source/src/platform/ec/build/zephyr/mtlrvpp_m1723/modules/ec/common/usbc/usbc_pd_policy.c.obj
[kingler:rw] [331/388] Building C object modules/ec/zephyr/CMakeFiles/ec_shim.dir/shim/src/led_driver/led.c.obj
[kingler:ro] [104/388] Building C object CMakeFiles/app.dir/mnt/host/source/src/platform/ec/build/zephyr/kingler/modules/ec/common/usbc/usbc_pd_policy.c.obj
[kingler:rw] [332/388] Building C object modules/ec/zephyr/CMakeFiles/ec_shim.dir/shim/src/system.c.obj
[kingler:rw] [333/388] Building ASM object modules/ec/zephyr/CMakeFiles/ec_shim.dir/shim/src/libgcc_arm.S.obj
[winterhold:rw] [355/419] Building C object modules/ec/zephyr/CMakeFiles/ec_shim.dir/shim/src/cbi/cros_cbi_fw_config.c.obj
[winterhold:ro] [219/417] Building C object zephyr/arch/arch/arm/core/cortex_m/CMakeFiles/arch__arm__core__cortex_m.dir/fault.c.obj
[winterhold:ro] [220/417] Building C object zephyr/arch/arch/arm/core/cortex_m/CMakeFiles/arch__arm__core__cortex_m.dir/fpu.c.obj
[skywalker-tps6699x:rw] warning: Deprecated symbol I2C_ALLOW_NO_STOP_TRANSACTIONS is enabled.
[winterhold:rw] [356/419] Building C object modules/ec/zephyr/CMakeFiles/ec_shim.dir/shim/src/cbi/cros_cbi.c.obj
[mtlrvpp_m1723:ro] [279/393] Building C object zephyr/drivers/flash/CMakeFiles/drivers__flash.dir/jesd216.c.obj
[winterhold:ro] [221/417] Building ASM object zephyr/arch/arch/arm/core/cortex_m/CMakeFiles/arch__arm__core__cortex_m.dir/reset.S.obj
[mtlrvpp_m1723:ro] [280/393] Building C object zephyr/drivers/espi/CMakeFiles/drivers__espi.dir/espi_mchp_xec_v2.c.obj
[mtlrvpp_m1723:ro] [281/393] Linking C static library zephyr/drivers/espi/libdrivers__espi.a
[winterhold:ro] [222/417] Building ASM object zephyr/arch/arch/arm/core/cortex_m/CMakeFiles/arch__arm__core__cortex_m.dir/vector_table.S.obj
[mtlrvpp_m1723:ro] [282/393] Building C object zephyr/drivers/flash/CMakeFiles/drivers__flash.dir/spi_nor.c.obj
[winterhold:ro] [223/417] Building C object zephyr/arch/arch/arm/core/cortex_m/CMakeFiles/arch__arm__core__cortex_m.dir/scb.c.obj
[mtlrvpp_m1723:ro] [283/393] Linking C static library zephyr/drivers/flash/libdrivers__flash.a
[winterhold:rw] [357/419] Building C object modules/ec/zephyr/CMakeFiles/ec_shim.dir/shim/src/cbi/cbi_eeprom.c.obj
[kingler:rw] [334/388] Building C object modules/ec/zephyr/CMakeFiles/ec_shim.dir/shim/src/adc.c.obj
[kingler:rw] [335/388] Building C object modules/ec/zephyr/CMakeFiles/ec_shim.dir/shim/src/battery.c.obj
[mtlrvpp_m1723:rw] [111/393] Building C object CMakeFiles/app.dir/mnt/host/source/src/platform/ec/build/zephyr/mtlrvpp_m1723/modules/ec/common/usbc/dp_alt_mode.c.obj
[skywalker-tps6699x:rw] Parsing /mnt/host/source/src/platform/ec/zephyr/program/skywalker/Kconfig
[kingler:rw] [336/388] Building C object modules/ec/zephyr/CMakeFiles/ec_shim.dir/shim/src/charger.c.obj
[mtlrvpp_m1723:ro] [284/393] Building C object zephyr/drivers/gpio/CMakeFiles/drivers__gpio.dir/gpio_nct38xx.c.obj
[kingler:ro] [105/388] Building C object CMakeFiles/app.dir/mnt/host/source/src/platform/ec/build/zephyr/kingler/modules/ec/common/usbc/dp_alt_mode.c.obj
[winterhold:ro] [224/417] Building C object zephyr/arch/arch/arm/core/cortex_m/CMakeFiles/arch__arm__core__cortex_m.dir/thread_abort.c.obj
[winterhold:ro] [225/417] Building ASM object zephyr/arch/arch/arm/core/cortex_m/CMakeFiles/arch__arm__core__cortex_m.dir/swap_helper.S.obj
[winterhold:rw] [358/419] Building C object modules/ec/zephyr/CMakeFiles/ec_shim.dir/shim/src/led_driver/led.c.obj
[winterhold:rw] [359/419] Building C object modules/ec/zephyr/CMakeFiles/ec_shim.dir/shim/src/led_driver/led_pwm.c.obj
[winterhold:rw] [360/419] Building ASM object modules/ec/zephyr/CMakeFiles/ec_shim.dir/shim/src/libgcc_arm.S.obj
[mtlrvpp_m1723:ro] [285/393] Building C object zephyr/drivers/gpio/CMakeFiles/drivers__gpio.dir/gpio_nct38xx_port.c.obj
[mtlrvpp_m1723:ro] [286/393] Building C object zephyr/drivers/gpio/CMakeFiles/drivers__gpio.dir/gpio_pca95xx.c.obj
[winterhold:ro] [226/417] Building C object zephyr/arch/arch/arm/core/cortex_m/CMakeFiles/arch__arm__core__cortex_m.dir/irq_manage.c.obj
[winterhold:ro] [227/417] Building C object zephyr/arch/arch/arm/core/cortex_m/CMakeFiles/arch__arm__core__cortex_m.dir/prep_c.c.obj
[kingler:rw] [337/388] Building C object modules/ec/zephyr/CMakeFiles/ec_shim.dir/shim/src/host_command.c.obj
[kingler:rw] [338/388] Building C object modules/ec/zephyr/CMakeFiles/ec_shim.dir/shim/src/hooks.c.obj
[kingler:rw] [339/388] Building C object modules/ec/zephyr/CMakeFiles/ec_shim.dir/shim/src/flash.c.obj
[mtlrvpp_m1723:rw] [112/393] Building C object CMakeFiles/app.dir/mnt/host/source/src/platform/ec/build/zephyr/mtlrvpp_m1723/modules/ec/common/usbc/usb_mode.c.obj
[skywalker-tps6699x:rw] Loaded configuration '/mnt/host/source/src/platform/ec/zephyr/boards/google/npcx9/npcx9_npcx9m7fb_defconfig'
[skywalker-tps6699x:rw] Merged configuration '/mnt/host/source/src/platform/ec/zephyr/program/skywalker/program.conf'
[skywalker-tps6699x:rw] Merged configuration '/mnt/host/source/src/platform/ec/zephyr/program/skywalker/skywalker-tps6699x/project.conf'
[skywalker-tps6699x:rw] Merged configuration '/mnt/host/source/src/platform/ec/build/zephyr/skywalker-tps6699x/kconfig-rw.conf'
[skywalker-tps6699x:rw] Configuration saved to '/mnt/host/source/src/platform/ec/build/zephyr/skywalker-tps6699x/build-rw/zephyr/.config'
[skywalker-tps6699x:rw] Kconfig header saved to '/mnt/host/source/src/platform/ec/build/zephyr/skywalker-tps6699x/build-rw/zephyr/include/generated/zephyr/autoconf.h'
[skywalker-tps6699x:rw] -- Found GnuLd: /home/jpmurphy/.cache/coreboot-sdk/arm-eabi/ea40ddd1d190c3b48435c474c0b545719371813a/arm-eabi/bin/ld.bfd (found version "2.43.1")
[winterhold:rw] [361/419] Building C object modules/ec/zephyr/CMakeFiles/ec_shim.dir/shim/src/system.c.obj
[winterhold:ro] [228/417] Building C object zephyr/arch/arch/arm/core/cortex_m/CMakeFiles/arch__arm__core__cortex_m.dir/thread.c.obj
[winterhold:ro] [229/417] Building C object zephyr/arch/arch/arm/core/cortex_m/CMakeFiles/arch__arm__core__cortex_m.dir/cpu_idle.c.obj
[mtlrvpp_m1723:ro] [287/393] Building C object zephyr/drivers/gpio/CMakeFiles/drivers__gpio.dir/gpio_mchp_xec.c.obj
[mtlrvpp_m1723:ro] [288/393] Linking C static library zephyr/drivers/gpio/libdrivers__gpio.a
[skywalker-tps6699x:rw] -- The C compiler identification is GNU 14.2.0
[mtlrvpp_m1723:ro] [289/393] Building C object zephyr/drivers/i2c/CMakeFiles/drivers__i2c.dir/i2c_common.c.obj
[winterhold:ro] [230/417] Building C object zephyr/arch/arch/arm/core/cortex_m/CMakeFiles/arch__arm__core__cortex_m.dir/irq_init.c.obj
[kingler:ro] [106/388] Building C object CMakeFiles/app.dir/mnt/host/source/src/platform/ec/build/zephyr/kingler/modules/ec/common/usb_pd_console_cmd.c.obj
[mtlrvpp_m1723:ro] [290/393] Building C object zephyr/drivers/i2c/CMakeFiles/drivers__i2c.dir/i2c_shell.c.obj
[winterhold:ro] [231/417] Building C object zephyr/arch/arch/arm/core/cortex_m/CMakeFiles/arch__arm__core__cortex_m.dir/isr_wrapper.c.obj
[winterhold:rw] [362/419] Building C object modules/ec/zephyr/CMakeFiles/ec_shim.dir/shim/src/battery.c.obj
[winterhold:ro] [232/417] Linking C static library zephyr/arch/arch/arm/core/cortex_m/libarch__arm__core__cortex_m.a
[winterhold:rw] [363/419] Building C object modules/ec/zephyr/CMakeFiles/ec_shim.dir/shim/src/adc.c.obj
[winterhold:ro] [233/417] Generating ../../../include/generated/libc/minimal/strerror_table.h
[skywalker-tps6699x:rw] -- The CXX compiler identification is GNU 14.2.0
[kingler:rw] [340/388] Building C object modules/ec/zephyr/CMakeFiles/ec_shim.dir/shim/src/keyboard_raw.c.obj
[kingler:rw] [341/388] Building C object modules/ec/zephyr/CMakeFiles/ec_shim.dir/shim/src/mkbp_event.c.obj
[skywalker-tps6699x:rw] -- The ASM compiler identification is GNU
[skywalker-tps6699x:rw] CMake Warning at /mnt/host/source/src/platform/ec/zephyr/cmake/linker/ld/linker_libraries.cmake:11 (message):
[winterhold:ro] [234/417] Building C object zephyr/lib/libc/minimal/CMakeFiles/lib__libc__minimal.dir/source/stdlib/atoi.c.obj
[kingler:rw] [342/388] Building C object modules/ec/zephyr/CMakeFiles/ec_shim.dir/shim/src/console_buffer.c.obj
[mtlrvpp_m1723:ro] [291/393] Building C object zephyr/drivers/pinctrl/CMakeFiles/drivers__pinctrl.dir/common.c.obj
[mtlrvpp_m1723:ro] [292/393] Building C object zephyr/drivers/mfd/CMakeFiles/drivers__mfd.dir/mfd_nct38xx.c.obj
[winterhold:rw] [364/419] Building C object modules/ec/zephyr/CMakeFiles/ec_shim.dir/shim/src/charger.c.obj
[winterhold:ro] [235/417] Building C object zephyr/arch/arch/arm/core/mpu/CMakeFiles/arch__arm__core__mpu.dir/arm_core_mpu.c.obj
[winterhold:ro] [236/417] Building C object zephyr/arch/arch/arm/core/mpu/CMakeFiles/arch__arm__core__mpu.dir/arm_mpu.c.obj
[mtlrvpp_m1723:ro] [293/393] Linking C static library zephyr/drivers/mfd/libdrivers__mfd.a
[winterhold:ro] [237/417] Building C object zephyr/lib/libc/minimal/CMakeFiles/lib__libc__minimal.dir/source/stdlib/strtol.c.obj
[mtlrvpp_m1723:ro] [294/393] Building C object zephyr/drivers/i2c/CMakeFiles/drivers__i2c.dir/i2c_mchp_xec_v2.c.obj
[winterhold:ro] [238/417] Building C object zephyr/arch/arch/arm/core/mpu/CMakeFiles/arch__arm__core__mpu.dir/arm_mpu_regions.c.obj
[mtlrvpp_m1723:rw] [113/393] Building C object CMakeFiles/app.dir/mnt/host/source/src/platform/ec/build/zephyr/mtlrvpp_m1723/modules/ec/common/usbc/tbt_alt_mode.c.obj
[mtlrvpp_m1723:ro] [295/393] Linking C static library zephyr/drivers/i2c/libdrivers__i2c.a
[winterhold:ro] [239/417] Building C object zephyr/lib/libc/minimal/CMakeFiles/lib__libc__minimal.dir/source/stdlib/strtoll.c.obj
[kingler:ro] [107/388] Building C object CMakeFiles/app.dir/mnt/host/source/src/platform/ec/build/zephyr/kingler/modules/ec/common/usb_pd_host_cmd.c.obj
[winterhold:ro] [240/417] Building C object zephyr/lib/libc/minimal/CMakeFiles/lib__libc__minimal.dir/source/stdlib/strtoull.c.obj
[winterhold:ro] [241/417] Linking C static library zephyr/arch/arch/arm/core/mpu/libarch__arm__core__mpu.a
[winterhold:ro] [242/417] Building C object zephyr/lib/libc/minimal/CMakeFiles/lib__libc__minimal.dir/source/stdlib/strtoul.c.obj
[winterhold:ro] [243/417] Building C object zephyr/lib/libc/minimal/CMakeFiles/lib__libc__minimal.dir/source/stdlib/bsearch.c.obj
[skywalker-tps6699x:rw] -- Found assembler: /home/jpmurphy/.cache/coreboot-sdk/arm-eabi/ea40ddd1d190c3b48435c474c0b545719371813a/bin/arm-eabi-gcc
[skywalker-tps6699x:rw] -- Performing EC specific devicetree checks
[winterhold:ro] [244/417] Building C object zephyr/lib/libc/minimal/CMakeFiles/lib__libc__minimal.dir/source/string/strncasecmp.c.obj
[winterhold:ro] [245/417] Building C object zephyr/lib/libc/minimal/CMakeFiles/lib__libc__minimal.dir/source/stdlib/qsort.c.obj
[mtlrvpp_m1723:ro] [296/393] Building C object zephyr/drivers/pinctrl/CMakeFiles/drivers__pinctrl.dir/pinctrl_mchp_xec.c.obj
[winterhold:ro] [246/417] Building C object zephyr/lib/libc/minimal/CMakeFiles/lib__libc__minimal.dir/source/string/strstr.c.obj
[skywalker-tps6699x:rw]   Disabling c_library
[skywalker-tps6699x:rw] Call Stack (most recent call first):
[skywalker-tps6699x:rw]   /mnt/host/source/src/third_party/zephyr/main/cmake/target_toolchain_flags.cmake:48 (include)
[skywalker-tps6699x:rw]   /mnt/host/source/src/third_party/zephyr/main/cmake/modules/kernel.cmake:153 (include)
[skywalker-tps6699x:rw]   /mnt/host/source/src/third_party/zephyr/main/cmake/modules/zephyr_default.cmake:138 (include)
[skywalker-tps6699x:rw]   /mnt/host/source/src/third_party/zephyr/main/share/zephyr-package/cmake/ZephyrConfig.cmake:66 (include)
[skywalker-tps6699x:rw]   /mnt/host/source/src/third_party/zephyr/main/share/zephyr-package/cmake/ZephyrConfig.cmake:97 (include_boilerplate)
[skywalker-tps6699x:rw]   CMakeLists.txt:6 (find_package)
[skywalker-tps6699x:rw] INFO: Verified 40 GPIOs, no duplicates found
[skywalker-tps6699x:rw] INFO: Verified 30 '*-gpios' properties, all flags match.
[skywalker-tps6699x:rw] INFO: Skipped 1 named-gpios children.
[kingler:rw] [343/388] Building C object modules/ec/zephyr/CMakeFiles/ec_shim.dir/shim/src/motionsense_sensors.c.obj
[winterhold:ro] [247/417] Building C object zephyr/lib/libc/minimal/CMakeFiles/lib__libc__minimal.dir/source/string/strerror.c.obj
[mtlrvpp_m1723:ro] [297/393] Linking C static library zephyr/drivers/pinctrl/libdrivers__pinctrl.a
[winterhold:rw] [365/419] Building C object modules/ec/zephyr/CMakeFiles/ec_shim.dir/shim/src/espi.c.obj
[winterhold:ro] [248/417] Building C object zephyr/lib/libc/minimal/CMakeFiles/lib__libc__minimal.dir/source/string/strspn.c.obj
[kingler:rw] [344/388] Building C object modules/ec/zephyr/CMakeFiles/ec_shim.dir/shim/src/panic.c.obj
[mtlrvpp_m1723:ro] [298/393] Linking C static library zephyr/drivers/sensor/libdrivers__sensor.a
[winterhold:ro] [249/417] Building C object zephyr/lib/libc/minimal/CMakeFiles/lib__libc__minimal.dir/source/string/string.c.obj
[kingler:rw] [345/388] Building C object modules/ec/zephyr/CMakeFiles/ec_shim.dir/shim/src/power.c.obj
[winterhold:rw] [366/419] Building C object modules/ec/zephyr/CMakeFiles/ec_shim.dir/shim/src/fan.c.obj
[mtlrvpp_m1723:ro] [299/393] Building C object zephyr/drivers/pwm/CMakeFiles/drivers__pwm.dir/pwm_shell.c.obj
[skywalker-tps6699x:rw] -- Generating component manifest file
[mtlrvpp_m1723:ro] [300/393] Building C object zephyr/drivers/pwm/CMakeFiles/drivers__pwm.dir/pwm_mchp_xec.c.obj
[winterhold:rw] [367/419] Building C object modules/ec/zephyr/CMakeFiles/ec_shim.dir/shim/src/flash.c.obj
[mtlrvpp_m1723:rw] [114/393] Building C object CMakeFiles/app.dir/mnt/host/source/src/platform/ec/build/zephyr/mtlrvpp_m1723/modules/ec/common/usbc/usb_retimer_fw_update.c.obj
[mtlrvpp_m1723:ro] [301/393] Linking C static library zephyr/drivers/pwm/libdrivers__pwm.a
[winterhold:ro] [250/417] Building C object zephyr/lib/libc/minimal/CMakeFiles/lib__libc__minimal.dir/source/stdlib/exit.c.obj
[skywalker-tps6699x:rw] INFO: Running CME, outputting to /mnt/host/source/src/platform/ec/build/zephyr/skywalker-tps6699x/build-rw/zephyr/component_manifest.json
[skywalker-tps6699x:rw] -- warning_base_override: -Wall;-Wformat;-Wformat-security;-Wformat;-Wno-format-zero-length;-Wno-pointer-sign;-Wpointer-arith;-Wexpansion-to-defined
[kingler:ro] [108/388] Building C object CMakeFiles/app.dir/mnt/host/source/src/platform/ec/build/zephyr/kingler/modules/ec/common/usbc/usb_pd_host.c.obj
[kingler:rw] [346/388] Building C object modules/ec/zephyr/CMakeFiles/ec_shim.dir/shim/src/hwtimer.c.obj
[winterhold:ro] [251/417] Building C object zephyr/lib/libc/minimal/CMakeFiles/lib__libc__minimal.dir/source/math/sqrtf.c.obj
[winterhold:ro] [252/417] Building C object zephyr/lib/libc/minimal/CMakeFiles/lib__libc__minimal.dir/source/stdout/stdout_console.c.obj
[mtlrvpp_m1723:ro] [302/393] Building C object zephyr/drivers/sensor/microchip/mchp_tach_xec/CMakeFiles/drivers__sensor__microchip__mchp_tach_xec.dir/tach_mchp_xec.c.obj
[winterhold:ro] [253/417] Building C object zephyr/lib/libc/minimal/CMakeFiles/lib__libc__minimal.dir/source/stdout/sprintf.c.obj
[winterhold:ro] [254/417] Building C object zephyr/lib/libc/minimal/CMakeFiles/lib__libc__minimal.dir/source/stdout/fprintf.c.obj
[mtlrvpp_m1723:ro] [303/393] Linking C static library zephyr/drivers/sensor/microchip/mchp_tach_xec/libdrivers__sensor__microchip__mchp_tach_xec.a
[winterhold:ro] [255/417] Building C object zephyr/lib/libc/minimal/CMakeFiles/lib__libc__minimal.dir/source/math/sqrt.c.obj
[skywalker-tps6699x:rw] -- Found gen_kobject_list: /mnt/host/source/src/third_party/zephyr/main/scripts/build/gen_kobject_list.py
[mtlrvpp_m1723:ro] [304/393] Building C object zephyr/drivers/serial/CMakeFiles/drivers__serial.dir/uart_mchp_xec.c.obj
[kingler:rw] [347/388] Building C object modules/ec/zephyr/CMakeFiles/ec_shim.dir/shim/src/i2c.c.obj
[skywalker-tps6699x:rw] INFO: Project skywalker-tps6699x does not support SSFC
[skywalker-tps6699x:rw] CMake Warning at /mnt/host/source/src/third_party/zephyr/main/CMakeLists.txt:2359 (message):
[skywalker-tps6699x:rw]   __ASSERT() statements are globally ENABLED
[winterhold:rw] [368/419] Building C object modules/ec/zephyr/CMakeFiles/ec_shim.dir/shim/src/hooks.c.obj
[winterhold:rw] [369/419] Building C object modules/ec/zephyr/CMakeFiles/ec_shim.dir/shim/src/host_command.c.obj
[winterhold:ro] [256/417] Building C object zephyr/lib/libc/common/CMakeFiles/lib__libc__common.dir/source/time/gmtime_r.c.obj
[mtlrvpp_m1723:ro] [305/393] Linking C static library zephyr/drivers/serial/libdrivers__serial.a
[kingler:rw] [348/388] Building C object modules/ec/zephyr/CMakeFiles/ec_shim.dir/shim/src/tasks.c.obj
[winterhold:ro] [257/417] Building C object zephyr/lib/libc/common/CMakeFiles/lib__libc__common.dir/source/time/asctime.c.obj
[skywalker-tps6699x:rw] -- Configuring done (16.7s)
[mtlrvpp_m1723:ro] [306/393] Building C object zephyr/drivers/spi/CMakeFiles/drivers__spi.dir/spi_xec_qmspi_ldma.c.obj
[winterhold:rw] [370/419] Building C object modules/ec/zephyr/CMakeFiles/ec_shim.dir/shim/src/console_buffer.c.obj
[mtlrvpp_m1723:ro] [307/393] Linking C static library zephyr/drivers/spi/libdrivers__spi.a
[winterhold:ro] [258/417] Building C object zephyr/lib/libc/common/CMakeFiles/lib__libc__common.dir/source/time/localtime_r_utc.c.obj
[mtlrvpp_m1723:rw] [115/393] Building C object CMakeFiles/app.dir/mnt/host/source/src/platform/ec/build/zephyr/mtlrvpp_m1723/modules/ec/common/usb_pd_console_cmd.c.obj
[winterhold:ro] [259/417] Building C object zephyr/lib/libc/common/CMakeFiles/lib__libc__common.dir/source/time/ctime.c.obj
[mtlrvpp_m1723:ro] [308/393] Building C object zephyr/drivers/timer/CMakeFiles/drivers__timer.dir/sys_clock_init.c.obj
[winterhold:ro] [260/417] Building C object zephyr/lib/libc/common/CMakeFiles/lib__libc__common.dir/source/stdlib/abort.c.obj
[winterhold:ro] [261/417] Building C object zephyr/lib/libc/minimal/CMakeFiles/lib__libc__minimal.dir/source/time/gmtime.c.obj
[winterhold:ro] [262/417] Building C object zephyr/lib/libc/common/CMakeFiles/lib__libc__common.dir/source/time/time.c.obj
[mtlrvpp_m1723:ro] [309/393] Building C object zephyr/drivers/timer/CMakeFiles/drivers__timer.dir/mchp_xec_rtos_timer.c.obj
[skywalker-tps6699x:rw] -- Generating done (0.5s)
[skywalker-tps6699x:rw] CMake Warning:
[skywalker-tps6699x:rw]   Manually-specified variables were not used by the project:
[skywalker-tps6699x:rw]     COREBOOT_SDK_ROOT_libstdcxx_riscv64
[skywalker-tps6699x:rw]     COREBOOT_SDK_ROOT_libstdcxx_x86
[skywalker-tps6699x:rw]     COREBOOT_SDK_ROOT_nds32
[skywalker-tps6699x:rw]     COREBOOT_SDK_ROOT_picolibc_riscv64
[skywalker-tps6699x:rw]     COREBOOT_SDK_ROOT_picolibc_x86
[skywalker-tps6699x:rw]     COREBOOT_SDK_ROOT_riscv
[skywalker-tps6699x:rw]     COREBOOT_SDK_ROOT_riscv64
[skywalker-tps6699x:rw]     COREBOOT_SDK_ROOT_x86
[skywalker-tps6699x:rw] -- Build files have been written to: /mnt/host/source/src/platform/ec/build/zephyr/skywalker-tps6699x/build-rw
[winterhold:ro] [263/417] Linking C static library zephyr/lib/libc/minimal/liblib__libc__minimal.a
[winterhold:ro] [264/417] Building C object zephyr/lib/libc/common/CMakeFiles/lib__libc__common.dir/source/string/strnlen.c.obj
[mtlrvpp_m1723:ro] [310/393] Linking C static library zephyr/drivers/timer/libdrivers__timer.a
[kingler:ro] [109/388] Building C object CMakeFiles/app.dir/mnt/host/source/src/platform/ec/build/zephyr/kingler/modules/ec/zephyr/shim/src/tcpc.c.obj
[winterhold:ro] [265/417] Building C object zephyr/lib/posix/c_lib_ext/CMakeFiles/lib__posix__c_lib_ext.dir/fnmatch.c.obj
[kingler:rw] [349/388] Building C object modules/ec/zephyr/CMakeFiles/ec_shim.dir/shim/src/watchdog.c.obj
[kingler:rw] [350/388] Building C object modules/ec/zephyr/CMakeFiles/ec_shim.dir/shim/src/bc12.c.obj
[winterhold:rw] [371/419] Building C object modules/ec/zephyr/CMakeFiles/ec_shim.dir/shim/src/mkbp_event.c.obj
[winterhold:ro] [266/417] Building C object zephyr/subsys/crc/CMakeFiles/subsys__crc.dir/crc4_sw.c.obj
[winterhold:ro] [267/417] Building C object zephyr/subsys/crc/CMakeFiles/subsys__crc.dir/crc8_sw.c.obj
[winterhold:rw] [372/419] Building C object modules/ec/zephyr/CMakeFiles/ec_shim.dir/shim/src/keyboard_raw.c.obj
[mtlrvpp_m1723:ro] [311/393] Building C object zephyr/drivers/watchdog/CMakeFiles/drivers__watchdog.dir/wdt_shell.c.obj
[kingler:rw] [351/388] Building C object modules/ec/zephyr/CMakeFiles/ec_shim.dir/shim/src/bc12_pi3usb9201.c.obj
[mtlrvpp_m1723:ro] [312/393] Building C object zephyr/drivers/watchdog/CMakeFiles/drivers__watchdog.dir/wdt_mchp_xec.c.obj
[winterhold:ro] [268/417] Building C object zephyr/lib/libc/common/CMakeFiles/lib__libc__common.dir/source/stdlib/malloc.c.obj
[winterhold:ro] [269/417] Building C object zephyr/subsys/crc/CMakeFiles/subsys__crc.dir/crc16_sw.c.obj
[mtlrvpp_m1723:ro] [313/393] Linking C static library zephyr/drivers/watchdog/libdrivers__watchdog.a
[winterhold:ro] [270/417] Linking C static library zephyr/lib/libc/common/liblib__libc__common.a
[winterhold:ro] [271/417] Building C object zephyr/subsys/crc/CMakeFiles/subsys__crc.dir/crc7_sw.c.obj
[winterhold:rw] [373/419] Building C object modules/ec/zephyr/CMakeFiles/ec_shim.dir/shim/src/motionsense_sensors.c.obj
[winterhold:ro] [272/417] Building C object zephyr/lib/posix/c_lib_ext/CMakeFiles/lib__posix__c_lib_ext.dir/getentropy.c.obj
[mtlrvpp_m1723:rw] [116/393] Building C object CMakeFiles/app.dir/mnt/host/source/src/platform/ec/build/zephyr/mtlrvpp_m1723/modules/ec/common/usb_pd_host_cmd.c.obj
[winterhold:ro] [273/417] Building C object zephyr/subsys/crc/CMakeFiles/subsys__crc.dir/crc24_sw.c.obj
[winterhold:ro] [274/417] Building C object zephyr/subsys/crc/CMakeFiles/subsys__crc.dir/crc32c_sw.c.obj
[winterhold:ro] [275/417] Building C object zephyr/subsys/crc/CMakeFiles/subsys__crc.dir/crc32_sw.c.obj
[winterhold:ro] [276/417] Building C object zephyr/lib/posix/c_lib_ext/CMakeFiles/lib__posix__c_lib_ext.dir/getopt_shim.c.obj
[winterhold:ro] [277/417] Building C object zephyr/subsys/crc/CMakeFiles/subsys__crc.dir/crc32k_4_2_sw.c.obj
[winterhold:ro] [278/417] Linking C static library zephyr/lib/posix/c_lib_ext/liblib__posix__c_lib_ext.a
[mtlrvpp_m1723:ro] [314/393] Building C object modules/ec/zephyr/CMakeFiles/ec_shim.dir/app/ec/ec_app_main.c.obj
[kingler:ro] [110/388] Building C object CMakeFiles/app.dir/mnt/host/source/src/platform/ec/build/zephyr/kingler/modules/ec/common/usbc/svdm_rsp_dfp_only.c.obj
[kingler:rw] [352/388] Building C object modules/ec/zephyr/CMakeFiles/ec_shim.dir/shim/src/usba.c.obj
[kingler:rw] [353/388] Building C object modules/ec/zephyr/CMakeFiles/ec_shim.dir/shim/src/ppc.c.obj
[winterhold:ro] [279/417] Linking C static library zephyr/subsys/crc/libsubsys__crc.a
[kingler:ro] [111/388] Building C object CMakeFiles/app.dir/mnt/host/source/src/platform/ec/build/zephyr/kingler/modules/ec/common/usb_pd_host_cmd_common.c.obj
[mtlrvpp_m1723:ro] [315/393] Building C object modules/ec/zephyr/CMakeFiles/ec_shim.dir/app/ec/main_shim.c.obj
[winterhold:rw] [374/419] Building C object modules/ec/zephyr/CMakeFiles/ec_shim.dir/shim/src/panic.c.obj
[winterhold:rw] [375/419] Building C object modules/ec/zephyr/CMakeFiles/ec_shim.dir/shim/src/pwm_hc.c.obj
[kingler:rw] [354/388] Building C object modules/ec/zephyr/CMakeFiles/ec_shim.dir/shim/src/usb_muxes.c.obj
[kingler:rw] [355/388] Linking C static library modules/ec/zephyr/libec_shim.a
[mtlrvpp_m1723:ro] [316/393] Building C object modules/ec/zephyr/CMakeFiles/ec_shim.dir/drivers/cros_flash/cros_flash_xec.c.obj
[winterhold:ro] [280/417] Building C object zephyr/drivers/interrupt_controller/CMakeFiles/drivers__interrupt_controller.dir/intc_miwu.c.obj
[winterhold:ro] [281/417] Building C object zephyr/drivers/adc/CMakeFiles/drivers__adc.dir/adc_common.c.obj
[winterhold:ro] [282/417] Linking C static library zephyr/drivers/interrupt_controller/libdrivers__interrupt_controller.a
[mtlrvpp_m1723:rw] [117/393] Building C object CMakeFiles/app.dir/mnt/host/source/src/platform/ec/build/zephyr/mtlrvpp_m1723/modules/ec/common/usbc/usb_pd_host.c.obj
[winterhold:rw] [376/419] Building C object modules/ec/zephyr/CMakeFiles/ec_shim.dir/shim/src/temp_sensors.c.obj
[kingler:rw] [356/388] Building C object zephyr/kernel/CMakeFiles/kernel.dir/main_weak.c.obj
[winterhold:ro] [283/417] Building C object zephyr/drivers/bbram/CMakeFiles/drivers__bbram.dir/bbram_npcx.c.obj
[kingler:rw] [357/388] Building C object zephyr/kernel/CMakeFiles/kernel.dir/banner.c.obj
[mtlrvpp_m1723:ro] [317/393] Building C object modules/ec/zephyr/CMakeFiles/ec_shim.dir/drivers/cros_system/cros_system_xec.c.obj
[winterhold:ro] [284/417] Linking C static library zephyr/drivers/bbram/libdrivers__bbram.a
[kingler:ro] [112/388] Building C object CMakeFiles/app.dir/mnt/host/source/src/platform/ec/build/zephyr/kingler/modules/ec/common/usbc_ocp.c.obj
[winterhold:ro] [285/417] Building C object zephyr/drivers/adc/CMakeFiles/drivers__adc.dir/adc_npcx.c.obj
[kingler:ro] [113/388] Building C object CMakeFiles/app.dir/mnt/host/source/src/platform/ec/build/zephyr/kingler/modules/ec/common/usb_pd_discovery.c.obj
[winterhold:rw] [377/419] Building C object modules/ec/zephyr/CMakeFiles/ec_shim.dir/shim/src/hwtimer.c.obj
[winterhold:ro] [286/417] Linking C static library zephyr/drivers/adc/libdrivers__adc.a
[mtlrvpp_m1723:ro] [318/393] Building C object modules/ec/zephyr/CMakeFiles/ec_shim.dir/drivers/vivaldi_kbd/vivaldi_kbd.c.obj
[kingler:rw] [358/388] Building C object zephyr/kernel/CMakeFiles/kernel.dir/busy_wait.c.obj
[winterhold:rw] [378/419] Building C object modules/ec/zephyr/CMakeFiles/ec_shim.dir/shim/src/thermal.c.obj
[winterhold:ro] [287/417] Building C object zephyr/drivers/clock_control/CMakeFiles/drivers__clock_control.dir/clock_control_npcx.c.obj
[winterhold:ro] [288/417] Building C object zephyr/drivers/console/CMakeFiles/drivers__console.dir/uart_console.c.obj
[kingler:rw] [359/388] Building C object zephyr/kernel/CMakeFiles/kernel.dir/device.c.obj
[mtlrvpp_m1723:ro] [319/393] Building C object modules/ec/zephyr/CMakeFiles/ec_shim.dir/shim/chip/mchp/clock.c.obj
[winterhold:ro] [289/417] Linking C static library zephyr/drivers/clock_control/libdrivers__clock_control.a
[winterhold:ro] [290/417] Linking C static library zephyr/drivers/console/libdrivers__console.a
[kingler:rw] [360/388] Building C object zephyr/kernel/CMakeFiles/kernel.dir/errno.c.obj
[winterhold:rw] [379/419] Building C object modules/ec/zephyr/CMakeFiles/ec_shim.dir/shim/src/i2c.c.obj
[mtlrvpp_m1723:ro] [320/393] Building C object modules/ec/zephyr/CMakeFiles/ec_shim.dir/shim/chip/mchp/gpio.c.obj
[mtlrvpp_m1723:rw] [118/393] Building C object CMakeFiles/app.dir/mnt/host/source/src/platform/ec/build/zephyr/mtlrvpp_m1723/modules/ec/zephyr/shim/src/tcpc.c.obj
[winterhold:ro] [291/417] Building C object zephyr/drivers/eeprom/CMakeFiles/drivers__eeprom.dir/eeprom_shell.c.obj
[mtlrvpp_m1723:ro] [321/393] Building C object modules/ec/zephyr/CMakeFiles/ec_shim.dir/shim/chip/mchp/system.c.obj
[winterhold:ro] [292/417] Building C object zephyr/drivers/eeprom/CMakeFiles/drivers__eeprom.dir/eeprom_at2x.c.obj
[kingler:rw] [361/388] Building C object zephyr/kernel/CMakeFiles/kernel.dir/fatal.c.obj
[kingler:ro] [114/388] Building C object CMakeFiles/app.dir/mnt/host/source/src/platform/ec/build/zephyr/kingler/modules/ec/common/usbc/dp_hpd_gpio.c.obj
[kingler:ro] [115/388] Building C object CMakeFiles/app.dir/mnt/host/source/src/platform/ec/build/zephyr/kingler/modules/ec/common/usb_pd_dual_role.c.obj
[winterhold:ro] [293/417] Linking C static library zephyr/drivers/eeprom/libdrivers__eeprom.a
[kingler:rw] [362/388] Building C object zephyr/kernel/CMakeFiles/kernel.dir/init.c.obj
[winterhold:rw] [380/419] Building C object modules/ec/zephyr/CMakeFiles/ec_shim.dir/shim/src/tasks.c.obj
[winterhold:rw] [381/419] Building C object modules/ec/zephyr/CMakeFiles/ec_shim.dir/shim/src/watchdog.c.obj
[kingler:rw] [363/388] Building C object zephyr/kernel/CMakeFiles/kernel.dir/kheap.c.obj
[mtlrvpp_m1723:ro] [322/393] Building C object modules/ec/zephyr/CMakeFiles/ec_shim.dir/shim/chip/mchp/system_external_storage.c.obj
[mtlrvpp_m1723:ro] [323/393] Building C object modules/ec/zephyr/CMakeFiles/ec_shim.dir/shim/chip/mchp/system_download_from_flash.c.obj
[winterhold:ro] [294/417] Building C object zephyr/drivers/espi/CMakeFiles/drivers__espi.dir/host_subs_npcx.c.obj
[winterhold:ro] [295/417] Building C object zephyr/drivers/espi/CMakeFiles/drivers__espi.dir/espi_npcx.c.obj
[kingler:rw] [364/388] Building C object zephyr/kernel/CMakeFiles/kernel.dir/version.c.obj
[winterhold:ro] [296/417] Building C object zephyr/drivers/flash/CMakeFiles/drivers__flash.dir/jesd216.c.obj
[winterhold:ro] [297/417] Linking C static library zephyr/drivers/espi/libdrivers__espi.a
[mtlrvpp_m1723:rw] [119/393] Building C object CMakeFiles/app.dir/mnt/host/source/src/platform/ec/build/zephyr/mtlrvpp_m1723/modules/ec/common/usb_pd_host_cmd_common.c.obj
[winterhold:rw] [382/419] Building C object modules/ec/zephyr/CMakeFiles/ec_shim.dir/shim/src/bc12.c.obj
[mtlrvpp_m1723:ro] [324/393] Building C object modules/ec/zephyr/CMakeFiles/ec_shim.dir/shim/core/cortex-m/mpu.c.obj
[kingler:rw] [365/388] Building C object zephyr/kernel/CMakeFiles/kernel.dir/float.c.obj
[kingler:rw] [366/388] Building C object zephyr/kernel/CMakeFiles/kernel.dir/mem_slab.c.obj
[mtlrvpp_m1723:ro] [325/393] Building C object modules/ec/zephyr/CMakeFiles/ec_shim.dir/shim/src/crc.c.obj
[kingler:ro] [116/388] Building C object CMakeFiles/app.dir/mnt/host/source/src/platform/ec/build/zephyr/kingler/modules/ec/driver/tcpm/rt1718s.c.obj
[winterhold:ro] [298/417] Building C object zephyr/drivers/flash/CMakeFiles/drivers__flash.dir/flash_npcx_fiu_nor.c.obj
[kingler:ro] [117/388] Building C object CMakeFiles/app.dir/mnt/host/source/src/platform/ec/build/zephyr/kingler/modules/ec/driver/tcpm/anx7447.c.obj
[winterhold:rw] [383/419] Building C object modules/ec/zephyr/CMakeFiles/ec_shim.dir/shim/src/bc12_pi3usb9201.c.obj
[mtlrvpp_m1723:ro] [326/393] Building C object modules/ec/zephyr/CMakeFiles/ec_shim.dir/shim/core/cortex-m/panic.c.obj
[kingler:rw] [367/388] Building C object zephyr/kernel/CMakeFiles/kernel.dir/idle.c.obj
[winterhold:rw] [384/419] Building C object modules/ec/zephyr/CMakeFiles/ec_shim.dir/shim/src/ppc.c.obj
[mtlrvpp_m1723:ro] [327/393] Building C object modules/ec/zephyr/CMakeFiles/ec_shim.dir/shim/src/console.c.obj
[winterhold:ro] [299/417] Building C object zephyr/drivers/gpio/CMakeFiles/drivers__gpio.dir/gpio_nct38xx.c.obj
[kingler:rw] [368/388] Building C object zephyr/kernel/CMakeFiles/kernel.dir/mailbox.c.obj
[winterhold:ro] [300/417] Building C object zephyr/drivers/flash/CMakeFiles/drivers__flash.dir/flash_npcx_fiu_qspi.c.obj
[kingler:rw] [369/388] Building C object zephyr/kernel/CMakeFiles/kernel.dir/msg_q.c.obj
[winterhold:rw] [385/419] Building C object modules/ec/zephyr/CMakeFiles/ec_shim.dir/shim/src/tcpc_nct38xx.c.obj
[winterhold:ro] [301/417] Linking C static library zephyr/drivers/flash/libdrivers__flash.a
[winterhold:ro] [302/417] Building C object zephyr/drivers/gpio/CMakeFiles/drivers__gpio.dir/gpio_nct38xx_port.c.obj
[mtlrvpp_m1723:rw] [120/393] Building C object CMakeFiles/app.dir/mnt/host/source/src/platform/ec/build/zephyr/mtlrvpp_m1723/modules/ec/common/usbc_ocp.c.obj
[mtlrvpp_m1723:ro] [328/393] Building C object modules/ec/zephyr/CMakeFiles/ec_shim.dir/shim/src/gpio.c.obj
[kingler:ro] [118/388] Building C object CMakeFiles/app.dir/mnt/host/source/src/platform/ec/build/zephyr/kingler/modules/ec/common/usbc_ppc.c.obj
[winterhold:rw] [386/419] Building C object modules/ec/zephyr/CMakeFiles/ec_shim.dir/shim/src/usba.c.obj
[winterhold:ro] [303/417] Building C object zephyr/drivers/gpio/CMakeFiles/drivers__gpio.dir/gpio_npcx.c.obj
[winterhold:ro] [304/417] Linking C static library zephyr/drivers/gpio/libdrivers__gpio.a
[mtlrvpp_m1723:ro] [329/393] Building C object modules/ec/zephyr/CMakeFiles/ec_shim.dir/shim/src/panic_utils.c.obj
[mtlrvpp_m1723:ro] [330/393] Building C object modules/ec/zephyr/CMakeFiles/ec_shim.dir/shim/src/gpio_int.c.obj
[kingler:ro] [119/388] Building C object CMakeFiles/app.dir/mnt/host/source/src/platform/ec/build/zephyr/kingler/modules/ec/driver/tcpm/tcpci.c.obj
[kingler:rw] [370/388] Building C object zephyr/kernel/CMakeFiles/kernel.dir/mutex.c.obj
[kingler:rw] [371/388] Building C object zephyr/kernel/CMakeFiles/kernel.dir/queue.c.obj
[winterhold:ro] [305/417] Building C object zephyr/drivers/i2c/CMakeFiles/drivers__i2c.dir/i2c_common.c.obj
[kingler:rw] [372/388] Building C object zephyr/kernel/CMakeFiles/kernel.dir/sem.c.obj
[winterhold:rw] [387/419] Building C object zephyr/kernel/CMakeFiles/kernel.dir/main_weak.c.obj
[winterhold:ro] [306/417] Building C object zephyr/drivers/i2c/CMakeFiles/drivers__i2c.dir/i2c_shell.c.obj
[mtlrvpp_m1723:rw] [121/393] Building C object CMakeFiles/app.dir/mnt/host/source/src/platform/ec/build/zephyr/mtlrvpp_m1723/modules/ec/common/usb_pd_discovery.c.obj
[winterhold:rw] [388/419] Building C object modules/ec/zephyr/CMakeFiles/ec_shim.dir/shim/src/usb_muxes.c.obj
[mtlrvpp_m1723:ro] [331/393] Building C object modules/ec/zephyr/CMakeFiles/ec_shim.dir/shim/src/cbi/cros_cbi.c.obj
[winterhold:ro] [307/417] Building C object zephyr/drivers/i2c/CMakeFiles/drivers__i2c.dir/i2c_npcx_controller.c.obj
[winterhold:rw] [389/419] Building C object zephyr/kernel/CMakeFiles/kernel.dir/banner.c.obj
[winterhold:rw] [390/419] Linking C static library modules/ec/zephyr/libec_shim.a
[kingler:rw] [373/388] Building C object zephyr/kernel/CMakeFiles/kernel.dir/system_work_q.c.obj
[mtlrvpp_m1723:ro] [332/393] Building ASM object modules/ec/zephyr/CMakeFiles/ec_shim.dir/shim/src/libgcc_arm.S.obj
[kingler:ro] [120/388] Building C object CMakeFiles/app.dir/mnt/host/source/src/platform/ec/build/zephyr/kingler/modules/ec/driver/ppc/nx20p348x.c.obj
[mtlrvpp_m1723:ro] [333/393] Building C object modules/ec/zephyr/CMakeFiles/ec_shim.dir/shim/src/cbi/cbi_eeprom.c.obj
[kingler:rw] [374/388] Building C object zephyr/kernel/CMakeFiles/kernel.dir/stack.c.obj
[winterhold:ro] [308/417] Building C object zephyr/drivers/i2c/CMakeFiles/drivers__i2c.dir/i2c_npcx_controller_fifo.c.obj
[mtlrvpp_m1723:ro] [334/393] Building C object modules/ec/zephyr/CMakeFiles/ec_shim.dir/shim/src/system.c.obj
[kingler:ro] [121/388] Building C object CMakeFiles/app.dir/mnt/host/source/src/platform/ec/build/zephyr/kingler/modules/ec/common/vboot_hash.c.obj
[winterhold:rw] [391/419] Building C object zephyr/kernel/CMakeFiles/kernel.dir/busy_wait.c.obj
[winterhold:ro] [309/417] Building C object zephyr/drivers/i2c/CMakeFiles/drivers__i2c.dir/i2c_npcx_port.c.obj
[winterhold:ro] [310/417] Building C object zephyr/drivers/mfd/CMakeFiles/drivers__mfd.dir/mfd_nct38xx.c.obj
[kingler:rw] [375/388] Building C object zephyr/kernel/CMakeFiles/kernel.dir/work.c.obj
[winterhold:ro] [311/417] Linking C static library zephyr/drivers/mfd/libdrivers__mfd.a
[winterhold:ro] [312/417] Linking C static library zephyr/drivers/i2c/libdrivers__i2c.a
[winterhold:ro] [313/417] Building C object zephyr/drivers/pinctrl/CMakeFiles/drivers__pinctrl.dir/common.c.obj
[kingler:rw] [376/388] Building C object zephyr/kernel/CMakeFiles/kernel.dir/condvar.c.obj
[winterhold:rw] [392/419] Building C object zephyr/kernel/CMakeFiles/kernel.dir/errno.c.obj
[winterhold:rw] [393/419] Building C object zephyr/kernel/CMakeFiles/kernel.dir/device.c.obj
[winterhold:ro] [314/417] Building C object zephyr/drivers/pinctrl/CMakeFiles/drivers__pinctrl.dir/pinctrl_npcx.c.obj
[mtlrvpp_m1723:rw] [122/393] Building C object CMakeFiles/app.dir/mnt/host/source/src/platform/ec/build/zephyr/mtlrvpp_m1723/modules/ec/common/usb_pd_dual_role.c.obj
[kingler:ro] [122/388] Building C object CMakeFiles/app.dir/mnt/host/source/src/platform/ec/build/zephyr/kingler/modules/ec/common/button.c.obj
[kingler:rw] [377/388] Building C object zephyr/kernel/CMakeFiles/kernel.dir/thread.c.obj
[mtlrvpp_m1723:ro] [335/393] Building C object modules/ec/zephyr/CMakeFiles/ec_shim.dir/shim/src/battery.c.obj
[winterhold:ro] [315/417] Linking C static library zephyr/drivers/pinctrl/libdrivers__pinctrl.a
[mtlrvpp_m1723:ro] [336/393] Building C object modules/ec/zephyr/CMakeFiles/ec_shim.dir/shim/src/adc.c.obj
[winterhold:rw] [394/419] Building C object zephyr/kernel/CMakeFiles/kernel.dir/fatal.c.obj
[mtlrvpp_m1723:ro] [337/393] Building C object modules/ec/zephyr/CMakeFiles/ec_shim.dir/shim/src/charger.c.obj
[kingler:ro] [123/388] Building C object CMakeFiles/app.dir/mnt/host/source/src/platform/ec/build/zephyr/kingler/modules/ec/common/vboot/efs2.c.obj
[winterhold:ro] [316/417] Building C object zephyr/drivers/pwm/CMakeFiles/drivers__pwm.dir/pwm_shell.c.obj
[kingler:rw] [378/388] Building C object zephyr/kernel/CMakeFiles/kernel.dir/pipe.c.obj
[kingler:rw] [379/388] Building C object zephyr/kernel/CMakeFiles/kernel.dir/sched.c.obj
[winterhold:ro] [317/417] Building C object zephyr/drivers/sensor/nuvoton/nuvoton_tach_npcx/CMakeFiles/drivers__sensor__nuvoton__nuvoton_tach_npcx.dir/tach_nuvoton_npcx.c.obj
[winterhold:ro] [318/417] Linking C static library zephyr/drivers/sensor/nuvoton/nuvoton_tach_npcx/libdrivers__sensor__nuvoton__nuvoton_tach_npcx.a
[winterhold:ro] [319/417] Building C object zephyr/drivers/pwm/CMakeFiles/drivers__pwm.dir/pwm_npcx.c.obj
[winterhold:rw] [395/419] Building C object zephyr/kernel/CMakeFiles/kernel.dir/init.c.obj
[winterhold:rw] [396/419] Building C object zephyr/kernel/CMakeFiles/kernel.dir/kheap.c.obj
[winterhold:ro] [320/417] Linking C static library zephyr/drivers/pwm/libdrivers__pwm.a
[kingler:rw] [380/388] Building C object zephyr/kernel/CMakeFiles/kernel.dir/spinlock_validate.c.obj
[mtlrvpp_m1723:rw] [123/393] Building C object CMakeFiles/app.dir/mnt/host/source/src/platform/ec/build/zephyr/mtlrvpp_m1723/modules/ec/driver/tcpm/ccgxxf.c.obj
[winterhold:rw] [397/419] Building C object zephyr/kernel/CMakeFiles/kernel.dir/version.c.obj
[kingler:ro] [124/388] Building C object CMakeFiles/app.dir/mnt/host/source/src/platform/ec/build/zephyr/kingler/modules/ec/common/vstore.c.obj
[mtlrvpp_m1723:ro] [338/393] Building C object modules/ec/zephyr/CMakeFiles/ec_shim.dir/shim/src/chipset_api.c.obj
[winterhold:rw] [398/419] Building C object zephyr/kernel/CMakeFiles/kernel.dir/mem_slab.c.obj
[mtlrvpp_m1723:ro] [339/393] Building C object modules/ec/zephyr/CMakeFiles/ec_shim.dir/shim/src/espi.c.obj
[winterhold:ro] [321/417] Building C object zephyr/drivers/serial/CMakeFiles/drivers__serial.dir/uart_npcx.c.obj
[kingler:ro] [125/388] Building C object CMakeFiles/app.dir/mnt/host/source/src/platform/ec/build/zephyr/kingler/modules/ec/common/math_util.c.obj
[winterhold:ro] [322/417] Linking C static library zephyr/drivers/serial/libdrivers__serial.a
[kingler:rw] [381/388] Building C object zephyr/kernel/CMakeFiles/kernel.dir/thread_monitor.c.obj
[winterhold:ro] [323/417] Building C object zephyr/drivers/syscon/CMakeFiles/drivers__syscon.dir/syscon.c.obj
[winterhold:ro] [324/417] Linking C static library zephyr/drivers/syscon/libdrivers__syscon.a
[mtlrvpp_m1723:ro] [340/393] Building C object modules/ec/zephyr/CMakeFiles/ec_shim.dir/shim/src/fan.c.obj
[kingler:rw] [382/388] Building C object zephyr/kernel/CMakeFiles/kernel.dir/timeout.c.obj
[winterhold:ro] [325/417] Building C object zephyr/drivers/timer/CMakeFiles/drivers__timer.dir/sys_clock_init.c.obj
[winterhold:rw] [399/419] Building C object zephyr/kernel/CMakeFiles/kernel.dir/float.c.obj
[winterhold:ro] [326/417] Building C object zephyr/drivers/timer/CMakeFiles/drivers__timer.dir/npcx_itim_timer.c.obj
[kingler:rw] [383/388] Building C object zephyr/kernel/CMakeFiles/kernel.dir/timer.c.obj
[winterhold:rw] [400/419] Building C object zephyr/kernel/CMakeFiles/kernel.dir/idle.c.obj
[winterhold:ro] [327/417] Linking C static library zephyr/drivers/timer/libdrivers__timer.a
[mtlrvpp_m1723:ro] [341/393] Building C object modules/ec/zephyr/CMakeFiles/ec_shim.dir/shim/src/flash.c.obj
[winterhold:rw] [401/419] Building C object zephyr/kernel/CMakeFiles/kernel.dir/mailbox.c.obj
[kingler:ro] [126/388] Building C object CMakeFiles/app.dir/src/board.c.obj
[kingler:rw] [384/388] Building C object zephyr/kernel/CMakeFiles/kernel.dir/poll.c.obj
[mtlrvpp_m1723:rw] [124/393] Building C object CMakeFiles/app.dir/mnt/host/source/src/platform/ec/build/zephyr/mtlrvpp_m1723/modules/ec/driver/tcpm/nct38xx.c.obj
[winterhold:ro] [328/417] Building C object zephyr/drivers/watchdog/CMakeFiles/drivers__watchdog.dir/wdt_npcx.c.obj
[mtlrvpp_m1723:ro] [342/393] Building C object modules/ec/zephyr/CMakeFiles/ec_shim.dir/shim/src/hooks.c.obj
[kingler:rw] [385/388] Building C object zephyr/kernel/CMakeFiles/kernel.dir/events.c.obj
[kingler:ro] [127/388] Building C object CMakeFiles/app.dir/src/hibernate.c.obj
[winterhold:ro] [329/417] Building C object zephyr/drivers/watchdog/CMakeFiles/drivers__watchdog.dir/wdt_shell.c.obj
[mtlrvpp_m1723:ro] [343/393] Building C object modules/ec/zephyr/CMakeFiles/ec_shim.dir/shim/src/host_command.c.obj
[winterhold:ro] [330/417] Linking C static library zephyr/drivers/watchdog/libdrivers__watchdog.a
[winterhold:rw] [402/419] Building C object zephyr/kernel/CMakeFiles/kernel.dir/msg_q.c.obj
[kingler:rw] [386/388] Building C object zephyr/kernel/CMakeFiles/kernel.dir/mempool.c.obj
[winterhold:ro] [331/417] Building C object modules/ec/zephyr/CMakeFiles/ec_shim.dir/app/ec/ec_app_main.c.obj
[winterhold:rw] [403/419] Building C object zephyr/kernel/CMakeFiles/kernel.dir/queue.c.obj
[kingler:rw] [387/388] Building C object zephyr/kernel/CMakeFiles/kernel.dir/dynamic_disabled.c.obj
[mtlrvpp_m1723:ro] [344/393] Building C object modules/ec/zephyr/CMakeFiles/ec_shim.dir/shim/src/console_buffer.c.obj
[winterhold:ro] [332/417] Building C object modules/ec/zephyr/CMakeFiles/ec_shim.dir/app/ec/main_shim.c.obj
[winterhold:rw] [404/419] Building C object zephyr/kernel/CMakeFiles/kernel.dir/mutex.c.obj
[kingler:rw] [388/388] Linking C static library zephyr/kernel/libkernel.a
[mtlrvpp_m1723:ro] [345/393] Building C object modules/ec/zephyr/CMakeFiles/ec_shim.dir/shim/src/ioex.c.obj
[kingler:ro] [128/388] Building C object CMakeFiles/app.dir/src/usb_pd_policy.c.obj
[mtlrvpp_m1723:rw] [125/393] Building C object CMakeFiles/app.dir/mnt/host/source/src/platform/ec/build/zephyr/mtlrvpp_m1723/modules/ec/driver/tcpm/tcpci.c.obj
[winterhold:ro] [333/417] Building C object modules/ec/zephyr/CMakeFiles/ec_shim.dir/drivers/cros_flash/cros_flash_npcx.c.obj
[kingler:ro] [129/388] Building C object CMakeFiles/app.dir/src/usbc.c.obj
[mtlrvpp_m1723:ro] [346/393] Building C object modules/ec/zephyr/CMakeFiles/ec_shim.dir/shim/src/ioex_drv.c.obj
[winterhold:rw] [405/419] Building C object zephyr/kernel/CMakeFiles/kernel.dir/sem.c.obj
[mtlrvpp_m1723:ro] [347/393] Building C object modules/ec/zephyr/CMakeFiles/ec_shim.dir/shim/src/mkbp_event.c.obj
[winterhold:ro] [334/417] Building C object modules/ec/zephyr/CMakeFiles/ec_shim.dir/drivers/cros_kb_raw/cros_kb_raw_npcx.c.obj
[winterhold:rw] [406/419] Building C object zephyr/kernel/CMakeFiles/kernel.dir/system_work_q.c.obj
[winterhold:rw] [407/419] Building C object zephyr/kernel/CMakeFiles/kernel.dir/stack.c.obj
[mtlrvpp_m1723:rw] [126/393] Building C object CMakeFiles/app.dir/mnt/host/source/src/platform/ec/build/zephyr/mtlrvpp_m1723/modules/ec/common/usbc_ppc.c.obj
[mtlrvpp_m1723:ro] [348/393] Building C object modules/ec/zephyr/CMakeFiles/ec_shim.dir/shim/src/panic.c.obj
[winterhold:ro] [335/417] Building C object modules/ec/zephyr/CMakeFiles/ec_shim.dir/drivers/cros_kblight/pwm_kblight.c.obj
[winterhold:rw] [408/419] Building C object zephyr/kernel/CMakeFiles/kernel.dir/work.c.obj
[winterhold:ro] [336/417] Building C object modules/ec/zephyr/CMakeFiles/ec_shim.dir/drivers/cros_system/cros_system_npcx.c.obj
[kingler:ro] [130/388] Building C object CMakeFiles/app.dir/src/board_chipset.c.obj
[mtlrvpp_m1723:ro] [349/393] Building C object modules/ec/zephyr/CMakeFiles/ec_shim.dir/shim/src/temp_sensors.c.obj
[mtlrvpp_m1723:ro] [350/393] Building C object modules/ec/zephyr/CMakeFiles/ec_shim.dir/shim/src/hwtimer.c.obj
[mtlrvpp_m1723:ro] [351/393] Building C object modules/ec/zephyr/CMakeFiles/ec_shim.dir/shim/src/thermal.c.obj
[kingler:ro] [131/388] Building C object CMakeFiles/app.dir/src/variant_db_detection.c.obj
[winterhold:ro] [337/417] Building C object modules/ec/zephyr/CMakeFiles/ec_shim.dir/drivers/vivaldi_kbd/vivaldi_kbd.c.obj
[winterhold:rw] [409/419] Building C object zephyr/kernel/CMakeFiles/kernel.dir/condvar.c.obj
[mtlrvpp_m1723:rw] [127/393] Building C object CMakeFiles/app.dir/mnt/host/source/src/platform/ec/build/zephyr/mtlrvpp_m1723/modules/ec/driver/ppc/sn5s330.c.obj
[winterhold:rw] [410/419] Building C object zephyr/kernel/CMakeFiles/kernel.dir/thread.c.obj
[winterhold:ro] [338/417] Building C object modules/ec/zephyr/CMakeFiles/ec_shim.dir/shim/chip/npcx/clock.c.obj
[mtlrvpp_m1723:ro] [352/393] Building C object modules/ec/zephyr/CMakeFiles/ec_shim.dir/shim/src/i2c.c.obj
[mtlrvpp_m1723:rw] [128/393] Building C object CMakeFiles/app.dir/mnt/host/source/src/platform/ec/build/zephyr/mtlrvpp_m1723/modules/ec/common/vboot_hash.c.obj
[winterhold:rw] [411/419] Building C object zephyr/kernel/CMakeFiles/kernel.dir/sched.c.obj
[winterhold:ro] [339/417] Building C object modules/ec/zephyr/CMakeFiles/ec_shim.dir/shim/chip/npcx/gpio.c.obj
[winterhold:rw] [412/419] Building C object zephyr/kernel/CMakeFiles/kernel.dir/pipe.c.obj
[winterhold:ro] [340/417] Building C object modules/ec/zephyr/CMakeFiles/ec_shim.dir/shim/chip/npcx/rom_chip.c.obj
[kingler:ro] [132/388] Building C object CMakeFiles/app.dir/src/npcx_i2c.c.obj
[mtlrvpp_m1723:ro] [353/393] Building C object modules/ec/zephyr/CMakeFiles/ec_shim.dir/shim/src/watchdog.c.obj
[mtlrvpp_m1723:ro] [354/393] Building C object modules/ec/zephyr/CMakeFiles/ec_shim.dir/shim/src/tasks.c.obj
[mtlrvpp_m1723:ro] [355/393] Building C object modules/ec/zephyr/CMakeFiles/ec_shim.dir/shim/src/ppc.c.obj
[winterhold:rw] [413/419] Building C object zephyr/kernel/CMakeFiles/kernel.dir/timeout.c.obj
[mtlrvpp_m1723:rw] [129/393] Building C object CMakeFiles/app.dir/mnt/host/source/src/platform/ec/build/zephyr/mtlrvpp_m1723/modules/ec/common/button.c.obj
[winterhold:ro] [341/417] Building C object modules/ec/zephyr/CMakeFiles/ec_shim.dir/shim/chip/npcx/keyboard_raw.c.obj
[kingler:ro] [133/388] Building C object CMakeFiles/app.dir/src/npcx_usb_pd_policy.c.obj
[winterhold:rw] [414/419] Building C object zephyr/kernel/CMakeFiles/kernel.dir/timer.c.obj
[mtlrvpp_m1723:ro] [356/393] Building C object modules/ec/zephyr/CMakeFiles/ec_shim.dir/shim/src/tcpc_nct38xx.c.obj
[winterhold:ro] [342/417] Building C object modules/ec/zephyr/CMakeFiles/ec_shim.dir/shim/chip/npcx/system.c.obj
[winterhold:rw] [415/419] Building C object zephyr/kernel/CMakeFiles/kernel.dir/poll.c.obj
[mtlrvpp_m1723:rw] [130/393] Building C object CMakeFiles/app.dir/mnt/host/source/src/platform/ec/build/zephyr/mtlrvpp_m1723/modules/ec/common/vboot/efs2.c.obj
[winterhold:rw] [416/419] Building C object zephyr/kernel/CMakeFiles/kernel.dir/events.c.obj
[winterhold:ro] [343/417] Building C object modules/ec/zephyr/CMakeFiles/ec_shim.dir/shim/chip/npcx/system_external_storage.c.obj
[mtlrvpp_m1723:ro] [357/393] Building C object modules/ec/zephyr/CMakeFiles/ec_shim.dir/shim/src/power_host_sleep_api.c.obj
[winterhold:ro] [344/417] Building C object modules/ec/zephyr/CMakeFiles/ec_shim.dir/shim/chip/npcx/power_policy.c.obj
[winterhold:ro] [345/417] Building C object modules/ec/zephyr/CMakeFiles/ec_shim.dir/shim/src/crc.c.obj
[winterhold:rw] [417/419] Building C object zephyr/kernel/CMakeFiles/kernel.dir/mempool.c.obj
[crystaldrift:ro] Configuring.
Running `env -i PYTHONPATH=/usr/lib64/python-exec/python3.11:/mnt/host/source/src/platform/ec/zephyr/zmake:/usr/lib/python311.zip:/usr/lib/python3.11:/usr/lib/python3.11/lib-dynload:/usr/lib/python3.11/site-packages PW_PIGWEED_CIPD_INSTALL_DIR=/usr CROSTC_USER_ACKNOWLEDGES_THAT_RISCV_IS_EXPERIMENTAL=1 PATH=/mnt/host/source/chromite/bin:/usr/local/bin:/usr/bin:/bin:/opt/bin:/mnt/host/source/chromite/sdk/bin:/mnt/host/source/chromite/bin HOME=/home/jpmurphy JAVA_HOME=/etc/java-config-2/current-system-vm JDK_HOME=/etc/java-config-2/current-system-vm JAVAC=/etc/java-config-2/current-system-vm/bin/javac MAKEFLAGS=' -j16 --jobserver-auth=5,6' /usr/bin/cmake -S /mnt/host/source/src/platform/ec/zephyr/program/skyrim -B /mnt/host/source/src/platform/ec/build/zephyr/crystaldrift/build-ro -GNinja -DCMAKE_EXPORT_COMPILE_COMMANDS=ON -DZEPHYR_BASE=/mnt/host/source/src/third_party/zephyr/main -DZMAKE_INCLUDE_DIR=/mnt/host/source/src/platform/ec/build/zephyr/crystaldrift/include -DPython3_EXECUTABLE=/usr/bin/python3.11 -DDTS_ROOT=/mnt/host/source/src/platform/ec/zephyr -DSYSCALL_INCLUDE_DIRS=/mnt/host/source/src/platform/ec/zephyr/include/drivers -DUSER_CACHE_DIR=/mnt/host/source/src/platform/ec/build/zephyr/user-cache '-DEXTRA_EC_VERSION_FLAGS=--version 16543.0.0 --static' -DTOOLCHAIN_ROOT=/mnt/host/source/src/platform/ec/zephyr -DCOREBOOT_SDK_ROOT_x86=/home/jpmurphy/.cache/coreboot-sdk/i386-elf/dfbb0486385d938cfa9d73080b9d18d598ed4f49 -DCOREBOOT_SDK_ROOT_picolibc_x86=/home/jpmurphy/.cache/coreboot-sdk/picolibc-i386-elf/eb8e8e687b95461de8cbf278f1c2076952d0ad17 -DCOREBOOT_SDK_ROOT_riscv64=/home/jpmurphy/.cache/coreboot-sdk/riscv64-elf/96b949749225b6aaa92ed810ab769e8dfb12f000 -DCOREBOOT_SDK_ROOT_picolibc_arm=/home/jpmurphy/.cache/coreboot-sdk/picolibc-arm-eabi/422a2aa3e1ef891b5bece9a3deb696ff83840d2e -DCOREBOOT_SDK_ROOT_nds32=/home/jpmurphy/.cache/coreboot-sdk/nds32le-elf/d1a518c4a097666d86058e1444f85ca015d15511 -DCOREBOOT_SDK_ROOT_picolibc_riscv64=/home/jpmurphy/.cache/coreboot-sdk/picolibc-riscv64-elf/f571e990ef0278564b31124f8bb109d9a697eb69 -DCOREBOOT_SDK_ROOT_arm=/home/jpmurphy/.cache/coreboot-sdk/arm-eabi/ea40ddd1d190c3b48435c474c0b545719371813a -DCOREBOOT_SDK_ROOT_libstdcxx_riscv64=/home/jpmurphy/.cache/coreboot-sdk/libstdcxx-riscv64-elf/17abf22a3a252e2d5d2062ced5324f7a623689e0 -DCOREBOOT_SDK_ROOT_libstdcxx_arm=/home/jpmurphy/.cache/coreboot-sdk/libstdcxx-arm-eabi/5d7d82e150e44aa1968f1d366e267e6687b328ac -DCOREBOOT_SDK_ROOT_riscv=/home/jpmurphy/.cache/coreboot-sdk/riscv-elf/9a27b9e82341c6e9126624f516ab3f261abb3e73 -DCOREBOOT_SDK_ROOT_libstdcxx_x86=/home/jpmurphy/.cache/coreboot-sdk/libstdcxx-i386-elf/42ef9d2e87a76a37963175d7d428734e65648b87 -DZEPHYR_TOOLCHAIN_VARIANT=coreboot-sdk '-DZEPHYR_MODULES=/mnt/host/source/src/platform/ec/build/zephyr/crystaldrift/modules/cmsis;/mnt/host/source/src/platform/ec/build/zephyr/crystaldrift/modules/cmsis_6;/mnt/host/source/src/platform/ec/build/zephyr/crystaldrift/modules/ec' -DDTC_OVERLAY_FILE=/mnt/host/source/src/platform/ec/zephyr/program/skyrim/crystaldrift/project.overlay -DBOARD=npcx9/npcx9m3f -DCMAKE_C_FLAGS=-DSECTION_IS_RO '-DCONF_FILE=/mnt/host/source/src/platform/ec/zephyr/program/skyrim/program.conf;/mnt/host/source/src/platform/ec/zephyr/program/skyrim/crystaldrift/project.conf;/mnt/host/source/src/platform/ec/build/zephyr/crystaldrift/kconfig-ro.conf'`
[winterhold:rw] [418/419] Building C object zephyr/kernel/CMakeFiles/kernel.dir/dynamic_disabled.c.obj
[crystaldrift:ro] Loading Zephyr default modules (Zephyr base (cached)).
[crystaldrift:ro] -- Application: /mnt/host/source/src/platform/ec/zephyr/program/skyrim
[crystaldrift:ro] -- CMake version: 3.31.7
[mtlrvpp_m1723:ro] [358/393] Building C object zephyr/kernel/CMakeFiles/kernel.dir/main_weak.c.obj
[kingler:ro] [134/388] Building C object CMakeFiles/app.dir/src/npcx_usbc.c.obj
[kingler:ro] [135/388] Building C object CMakeFiles/app.dir/kingler/src/button.c.obj
[mtlrvpp_m1723:ro] [359/393] Building C object modules/ec/zephyr/CMakeFiles/ec_shim.dir/shim/src/bb_retimer_usb_mux.c.obj
[winterhold:rw] [419/419] Linking C static library zephyr/kernel/libkernel.a
[winterhold:ro] [346/417] Building C object modules/ec/zephyr/CMakeFiles/ec_shim.dir/shim/core/cortex-m/mpu.c.obj
[mtlrvpp_m1723:rw] [131/393] Building C object CMakeFiles/app.dir/mnt/host/source/src/platform/ec/build/zephyr/mtlrvpp_m1723/modules/ec/common/vstore.c.obj
[mtlrvpp_m1723:rw] [132/393] Building C object CMakeFiles/app.dir/mnt/host/source/src/platform/ec/build/zephyr/mtlrvpp_m1723/modules/ec/common/math_util.c.obj
[mtlrvpp_m1723:ro] [360/393] Building C object modules/ec/zephyr/CMakeFiles/ec_shim.dir/shim/src/usb_muxes.c.obj
[kingler:ro] [136/388] Linking C static library app/libapp.a
[winterhold:ro] [347/417] Building C object modules/ec/zephyr/CMakeFiles/ec_shim.dir/shim/core/cortex-m/panic.c.obj
[mtlrvpp_m1723:ro] [361/393] Building C object zephyr/kernel/CMakeFiles/kernel.dir/banner.c.obj
[mtlrvpp_m1723:rw] [133/393] Building C object CMakeFiles/app.dir/src/intelrvp.c.obj
[crystaldrift:ro] -- Found Python3: /usr/bin/python3.11 (found suitable version "3.11.11", minimum required is "3.10") found components: Interpreter
[mtlrvpp_m1723:ro] [362/393] Linking C static library modules/ec/zephyr/libec_shim.a
[crystaldrift:ro] -- Cache files will be written to: /mnt/host/source/src/platform/ec/build/zephyr/user-cache
[crystaldrift:ro] -- Zephyr version: 4.3.99 (/mnt/host/source/src/third_party/zephyr/main)
[winterhold:ro] [348/417] Building C object modules/ec/zephyr/CMakeFiles/ec_shim.dir/shim/src/console.c.obj
[mtlrvpp_m1723:rw] [134/393] Building C object CMakeFiles/app.dir/src/intel_rvp_board_id.c.obj
[mtlrvpp_m1723:ro] [363/393] Building C object zephyr/kernel/CMakeFiles/kernel.dir/busy_wait.c.obj
[kingler:ro] [137/388] Building C object zephyr/CMakeFiles/zephyr.dir/lib/libc/validate_libc.c.obj
[mtlrvpp_m1723:ro] [364/393] Building C object zephyr/kernel/CMakeFiles/kernel.dir/device.c.obj
[mtlrvpp_m1723:rw] [135/393] Building C object CMakeFiles/app.dir/mtlrvp/src/board_id.c.obj
[mtlrvpp_m1723:ro] [365/393] Building C object zephyr/kernel/CMakeFiles/kernel.dir/errno.c.obj
[kingler:ro] [138/388] Building C object zephyr/CMakeFiles/zephyr.dir/lib/heap/heap.c.obj
[mtlrvpp_m1723:rw] [136/393] Building C object CMakeFiles/app.dir/mtlrvp/src/common.c.obj
[mtlrvpp_m1723:rw] [137/393] Building C object CMakeFiles/app.dir/mtlrvp/src/board_power.c.obj
[winterhold:ro] [349/417] Building C object modules/ec/zephyr/CMakeFiles/ec_shim.dir/shim/src/gpio.c.obj
[mtlrvpp_m1723:ro] [366/393] Building C object zephyr/kernel/CMakeFiles/kernel.dir/fatal.c.obj
[winterhold:ro] [350/417] Building C object modules/ec/zephyr/CMakeFiles/ec_shim.dir/shim/src/panic_utils.c.obj
[winterhold:ro] [351/417] Building C object modules/ec/zephyr/CMakeFiles/ec_shim.dir/shim/src/gpio_int.c.obj
[mtlrvpp_m1723:ro] [367/393] Building C object zephyr/kernel/CMakeFiles/kernel.dir/init.c.obj
[mtlrvpp_m1723:rw] [138/393] Building C object CMakeFiles/app.dir/mtlrvp/src/tcpc.c.obj
[winterhold:ro] [352/417] Building C object modules/ec/zephyr/CMakeFiles/ec_shim.dir/shim/src/pm_state.c.obj
[mtlrvpp_m1723:rw] [139/393] Building C object CMakeFiles/app.dir/src/usb_pd_policy_mecc_1_1.c.obj
[kingler:ro] [139/388] Building C object zephyr/CMakeFiles/zephyr.dir/lib/os/cbprintf_packaged.c.obj
[mtlrvpp_m1723:ro] [368/393] Building C object zephyr/kernel/CMakeFiles/kernel.dir/kheap.c.obj
[mtlrvpp_m1723:ro] [369/393] Building C object zephyr/kernel/CMakeFiles/kernel.dir/version.c.obj
[mtlrvpp_m1723:ro] [370/393] Building C object zephyr/kernel/CMakeFiles/kernel.dir/mem_slab.c.obj
[mtlrvpp_m1723:ro] [371/393] Building C object zephyr/kernel/CMakeFiles/kernel.dir/float.c.obj
[kingler:ro] [140/388] Building C object zephyr/CMakeFiles/zephyr.dir/lib/os/clock.c.obj
[crystaldrift:ro] -- Board: npcx9, qualifiers: npcx9m3f
[mtlrvpp_m1723:rw] [140/393] Building C object CMakeFiles/app.dir/src/chg_usb_pd_mecc_1_1.c.obj
[mtlrvpp_m1723:rw] [141/393] Building C object CMakeFiles/app.dir/src/chg_usb_tcpc.c.obj
[mtlrvpp_m1723:rw] [142/393] Building C object zephyr/CMakeFiles/zephyr.dir/lib/libc/validate_libc.c.obj
[mtlrvpp_m1723:rw] [143/393] Building C object CMakeFiles/app.dir/src/dc_jack.c.obj
[winterhold:ro] [353/417] Building C object modules/ec/zephyr/CMakeFiles/ec_shim.dir/shim/src/cbi/cros_cbi_fw_config.c.obj
[winterhold:ro] [354/417] Building C object modules/ec/zephyr/CMakeFiles/ec_shim.dir/shim/src/cbi/cros_cbi.c.obj
[winterhold:ro] [355/417] Building C object modules/ec/zephyr/CMakeFiles/ec_shim.dir/shim/src/cbi/cbi_eeprom.c.obj
[mtlrvpp_m1723:rw] [144/393] Building C object zephyr/CMakeFiles/zephyr.dir/lib/heap/heap.c.obj
[mtlrvpp_m1723:ro] [372/393] Building C object zephyr/kernel/CMakeFiles/kernel.dir/mailbox.c.obj
[winterhold:ro] [356/417] Building ASM object modules/ec/zephyr/CMakeFiles/ec_shim.dir/shim/src/libgcc_arm.S.obj
[mtlrvpp_m1723:ro] [373/393] Building C object zephyr/kernel/CMakeFiles/kernel.dir/idle.c.obj
[mtlrvpp_m1723:rw] [145/393] Linking C static library app/libapp.a
[kingler:ro] [141/388] Building C object zephyr/CMakeFiles/zephyr.dir/lib/os/printk.c.obj
[mtlrvpp_m1723:ro] [374/393] Building C object zephyr/kernel/CMakeFiles/kernel.dir/mutex.c.obj
[kingler:ro] [142/388] Building C object zephyr/CMakeFiles/zephyr.dir/lib/os/sem.c.obj
[mtlrvpp_m1723:ro] [375/393] Building C object zephyr/kernel/CMakeFiles/kernel.dir/msg_q.c.obj
[mtlrvpp_m1723:rw] [146/393] Building C object zephyr/CMakeFiles/zephyr.dir/lib/os/cbprintf_packaged.c.obj
[winterhold:ro] [357/417] Building C object modules/ec/zephyr/CMakeFiles/ec_shim.dir/shim/src/led_driver/led.c.obj
[mtlrvpp_m1723:rw] [147/393] Building C object zephyr/CMakeFiles/zephyr.dir/lib/os/clock.c.obj
[mtlrvpp_m1723:rw] [148/393] Building C object zephyr/CMakeFiles/zephyr.dir/lib/os/printk.c.obj
[mtlrvpp_m1723:rw] [149/393] Building C object zephyr/CMakeFiles/zephyr.dir/lib/os/thread_entry.c.obj
[mtlrvpp_m1723:rw] [150/393] Building C object zephyr/CMakeFiles/zephyr.dir/lib/os/sem.c.obj
[mtlrvpp_m1723:ro] [376/393] Building C object zephyr/kernel/CMakeFiles/kernel.dir/queue.c.obj
[mtlrvpp_m1723:ro] [377/393] Building C object zephyr/kernel/CMakeFiles/kernel.dir/sem.c.obj
[kingler:ro] [143/388] Building C object zephyr/CMakeFiles/zephyr.dir/lib/os/thread_entry.c.obj
[mtlrvpp_m1723:ro] [378/393] Building C object zephyr/kernel/CMakeFiles/kernel.dir/stack.c.obj
[winterhold:ro] [358/417] Building C object modules/ec/zephyr/CMakeFiles/ec_shim.dir/shim/src/led_driver/led_pwm.c.obj
[mtlrvpp_m1723:rw] [151/393] Building C object zephyr/CMakeFiles/zephyr.dir/lib/os/cbprintf_nano.c.obj
[kingler:ro] [144/388] Building C object zephyr/CMakeFiles/zephyr.dir/lib/os/cbprintf_nano.c.obj
[mtlrvpp_m1723:rw] [152/393] Building C object zephyr/CMakeFiles/zephyr.dir/lib/utils/dec.c.obj
[winterhold:ro] [359/417] Building C object modules/ec/zephyr/CMakeFiles/ec_shim.dir/shim/src/system.c.obj
[mtlrvpp_m1723:rw] [153/393] Building C object zephyr/CMakeFiles/zephyr.dir/lib/utils/hex.c.obj
[mtlrvpp_m1723:ro] [379/393] Building C object zephyr/kernel/CMakeFiles/kernel.dir/system_work_q.c.obj
[mtlrvpp_m1723:rw] [154/393] Building C object zephyr/CMakeFiles/zephyr.dir/lib/os/cbprintf.c.obj
[winterhold:ro] [360/417] Building C object modules/ec/zephyr/CMakeFiles/ec_shim.dir/shim/src/adc.c.obj
[mtlrvpp_m1723:rw] [155/393] Building C object zephyr/CMakeFiles/zephyr.dir/lib/os/assert.c.obj
[winterhold:ro] [361/417] Building C object modules/ec/zephyr/CMakeFiles/ec_shim.dir/shim/src/battery.c.obj
[crystaldrift:ro] -- Found Dtc: /usr/bin/dtc (found suitable version "1.6.0", minimum required is "1.4.6")
[crystaldrift:ro] -- Found BOARD.dts: /mnt/host/source/src/platform/ec/zephyr/boards/google/npcx9/npcx9_npcx9m3f.dts
[crystaldrift:ro] -- Found devicetree overlay: /mnt/host/source/src/platform/ec/zephyr/program/skyrim/crystaldrift/project.overlay
[mtlrvpp_m1723:rw] [156/393] Building C object zephyr/CMakeFiles/zephyr.dir/lib/utils/timeutil.c.obj
[mtlrvpp_m1723:rw] [157/393] Building C object zephyr/CMakeFiles/zephyr.dir/lib/utils/bitmask.c.obj
[mtlrvpp_m1723:ro] [380/393] Building C object zephyr/kernel/CMakeFiles/kernel.dir/condvar.c.obj
[kingler:ro] [145/388] Building C object zephyr/CMakeFiles/zephyr.dir/lib/os/cbprintf.c.obj
[mtlrvpp_m1723:rw] [158/393] Building C object zephyr/CMakeFiles/zephyr.dir/lib/utils/rb.c.obj
[mtlrvpp_m1723:rw] [159/393] Building C object zephyr/CMakeFiles/zephyr.dir/lib/utils/ring_buffer.c.obj
[mtlrvpp_m1723:ro] [381/393] Building C object zephyr/kernel/CMakeFiles/kernel.dir/work.c.obj
[mtlrvpp_m1723:ro] [382/393] Building C object zephyr/kernel/CMakeFiles/kernel.dir/thread.c.obj
[kingler:ro] [146/388] Building C object zephyr/CMakeFiles/zephyr.dir/lib/os/assert.c.obj
[mtlrvpp_m1723:rw] [160/393] Building C object zephyr/CMakeFiles/zephyr.dir/lib/utils/bitarray.c.obj
[mtlrvpp_m1723:rw] [161/393] Building C object zephyr/CMakeFiles/zephyr.dir/lib/utils/last_section_id.c.obj
[mtlrvpp_m1723:rw] [162/393] Building C object zephyr/CMakeFiles/zephyr.dir/misc/generated/configs.c.obj
[kingler:ro] [147/388] Building C object zephyr/CMakeFiles/zephyr.dir/lib/utils/dec.c.obj
[winterhold:ro] [362/417] Building C object modules/ec/zephyr/CMakeFiles/ec_shim.dir/shim/src/charger.c.obj
[mtlrvpp_m1723:ro] [383/393] Building C object zephyr/kernel/CMakeFiles/kernel.dir/sched.c.obj
[mtlrvpp_m1723:rw] [163/393] Building C object zephyr/CMakeFiles/zephyr.dir/lib/utils/getopt/getopt.c.obj
[mtlrvpp_m1723:rw] [164/393] Building C object zephyr/CMakeFiles/zephyr.dir/lib/utils/getopt/getopt_common.c.obj
[kingler:ro] [148/388] Building C object zephyr/CMakeFiles/zephyr.dir/lib/utils/hex.c.obj
[mtlrvpp_m1723:ro] [384/393] Building C object zephyr/kernel/CMakeFiles/kernel.dir/pipe.c.obj
[winterhold:ro] [363/417] Building C object modules/ec/zephyr/CMakeFiles/ec_shim.dir/shim/src/espi.c.obj
[winterhold:ro] [364/417] Building C object modules/ec/zephyr/CMakeFiles/ec_shim.dir/shim/src/flash.c.obj
[mtlrvpp_m1723:ro] [385/393] Building C object zephyr/kernel/CMakeFiles/kernel.dir/thread_monitor.c.obj
[mtlrvpp_m1723:ro] [386/393] Building C object zephyr/kernel/CMakeFiles/kernel.dir/spinlock_validate.c.obj
[winterhold:ro] [365/417] Building C object modules/ec/zephyr/CMakeFiles/ec_shim.dir/shim/src/fan.c.obj
[kingler:ro] [149/388] Building C object zephyr/CMakeFiles/zephyr.dir/lib/utils/timeutil.c.obj
[mtlrvpp_m1723:rw] [165/393] Building C object zephyr/CMakeFiles/zephyr.dir/soc/microchip/mec/common/soc_ecia.c.obj
[mtlrvpp_m1723:rw] [166/393] Building C object zephyr/CMakeFiles/zephyr.dir/soc/microchip/mec/mec172x/soc.c.obj
[mtlrvpp_m1723:rw] [167/393] Building C object zephyr/CMakeFiles/zephyr.dir/soc/microchip/mec/common/soc_i2c.c.obj
[mtlrvpp_m1723:ro] [387/393] Building C object zephyr/kernel/CMakeFiles/kernel.dir/timeout.c.obj
[mtlrvpp_m1723:rw] [168/393] Building C object zephyr/CMakeFiles/zephyr.dir/subsys/logging/log_minimal.c.obj
[mtlrvpp_m1723:rw] [169/393] Building C object zephyr/CMakeFiles/zephyr.dir/subsys/mem_mgmt/mem_attr.c.obj
[kingler:ro] [150/388] Building C object zephyr/CMakeFiles/zephyr.dir/lib/utils/rb.c.obj
[mtlrvpp_m1723:ro] [388/393] Building C object zephyr/kernel/CMakeFiles/kernel.dir/timer.c.obj
[kingler:ro] [151/388] Building C object zephyr/CMakeFiles/zephyr.dir/lib/utils/bitmask.c.obj
[winterhold:ro] [366/417] Building C object modules/ec/zephyr/CMakeFiles/ec_shim.dir/shim/src/hooks.c.obj
[mtlrvpp_m1723:ro] [389/393] Building C object zephyr/kernel/CMakeFiles/kernel.dir/events.c.obj
[mtlrvpp_m1723:ro] [390/393] Building C object zephyr/kernel/CMakeFiles/kernel.dir/poll.c.obj
[mtlrvpp_m1723:rw] [170/393] Building C object zephyr/CMakeFiles/zephyr.dir/subsys/testsuite/coverage/coverage.c.obj
[mtlrvpp_m1723:rw] [171/393] Building C object zephyr/CMakeFiles/zephyr.dir/subsys/tracing/tracing_none.c.obj
[kingler:ro] [152/388] Building C object zephyr/CMakeFiles/zephyr.dir/lib/utils/bitarray.c.obj
[winterhold:ro] [367/417] Building C object modules/ec/zephyr/CMakeFiles/ec_shim.dir/shim/src/console_buffer.c.obj
[winterhold:ro] [368/417] Building C object modules/ec/zephyr/CMakeFiles/ec_shim.dir/shim/src/host_command.c.obj
[mtlrvpp_m1723:ro] [391/393] Building C object zephyr/kernel/CMakeFiles/kernel.dir/mempool.c.obj
[mtlrvpp_m1723:rw] [172/393] Building C object zephyr/CMakeFiles/zephyr.dir/subsys/shell/modules/kernel_service/kernel_shell.c.obj
[mtlrvpp_m1723:rw] [173/393] Building C object zephyr/CMakeFiles/zephyr.dir/subsys/shell/modules/kernel_service/cycles.c.obj
[mtlrvpp_m1723:rw] [174/393] Building C object zephyr/CMakeFiles/zephyr.dir/subsys/shell/modules/kernel_service/sleep.c.obj
[winterhold:ro] [369/417] Building C object modules/ec/zephyr/CMakeFiles/ec_shim.dir/shim/src/keyboard_raw.c.obj
[mtlrvpp_m1723:ro] [392/393] Building C object zephyr/kernel/CMakeFiles/kernel.dir/dynamic_disabled.c.obj
[mtlrvpp_m1723:ro] [393/393] Linking C static library zephyr/kernel/libkernel.a
Toolchain <zmake.toolchains.CorebootSdkToolchain object at 0x7f41204448d0> selected by probe function.
[spikyrock] Building in /mnt/host/source/src/platform/ec/build/zephyr/spikyrock.
[crystaldrift:ro] -- Generated zephyr.dts: /mnt/host/source/src/platform/ec/build/zephyr/crystaldrift/build-ro/zephyr/zephyr.dts
[crystaldrift:ro] -- Generated pickled edt: /mnt/host/source/src/platform/ec/build/zephyr/crystaldrift/build-ro/zephyr/edt.pickle
[kingler:ro] [153/388] Building C object zephyr/CMakeFiles/zephyr.dir/lib/utils/getopt/getopt.c.obj
[mtlrvpp_m1723:rw] [175/393] Building C object zephyr/CMakeFiles/zephyr.dir/subsys/shell/modules/kernel_service/uptime.c.obj
[kingler:ro] [154/388] Building C object zephyr/CMakeFiles/zephyr.dir/lib/utils/last_section_id.c.obj
[mtlrvpp_m1723:rw] [176/393] Building C object zephyr/CMakeFiles/zephyr.dir/subsys/shell/modules/kernel_service/thread/thread.c.obj
[mtlrvpp_m1723:rw] [177/393] Building C object zephyr/CMakeFiles/zephyr.dir/subsys/shell/modules/kernel_service/version.c.obj
[mtlrvpp_m1723:rw] [178/393] Building C object zephyr/CMakeFiles/zephyr.dir/subsys/shell/modules/kernel_service/thread/stacks.c.obj
[mtlrvpp_m1723:rw] [179/393] Building C object zephyr/CMakeFiles/zephyr.dir/subsys/shell/modules/kernel_service/thread/list.c.obj
[winterhold:ro] [370/417] Building C object modules/ec/zephyr/CMakeFiles/ec_shim.dir/shim/src/mkbp_event.c.obj
[kingler:ro] [155/388] Building C object zephyr/CMakeFiles/zephyr.dir/lib/utils/ring_buffer.c.obj
[kingler:ro] [156/388] Building C object zephyr/CMakeFiles/zephyr.dir/lib/utils/getopt/getopt_common.c.obj
[kingler:ro] [157/388] Building C object zephyr/CMakeFiles/zephyr.dir/misc/generated/configs.c.obj
[winterhold:ro] [371/417] Building C object modules/ec/zephyr/CMakeFiles/ec_shim.dir/shim/src/motionsense_sensors.c.obj
[winterhold:ro] [372/417] Building C object modules/ec/zephyr/CMakeFiles/ec_shim.dir/shim/src/pwm_hc.c.obj
[mtlrvpp_m1723:rw] [180/393] Building C object zephyr/CMakeFiles/zephyr.dir/subsys/shell/modules/kernel_service/thread/suspend.c.obj
[winterhold:ro] [373/417] Building C object modules/ec/zephyr/CMakeFiles/ec_shim.dir/shim/src/panic.c.obj
[crystaldrift:ro] -- Generated devicetree_generated.h: /mnt/host/source/src/platform/ec/build/zephyr/crystaldrift/build-ro/zephyr/include/generated/zephyr/devicetree_generated.h
[winterhold:ro] [374/417] Building C object modules/ec/zephyr/CMakeFiles/ec_shim.dir/shim/src/thermal.c.obj
[mtlrvpp_m1723:rw] [181/393] Building C object zephyr/CMakeFiles/zephyr.dir/subsys/shell/modules/kernel_service/thread/resume.c.obj
[winterhold:ro] [375/417] Building C object modules/ec/zephyr/CMakeFiles/ec_shim.dir/shim/src/temp_sensors.c.obj
[mtlrvpp_m1723:rw] [182/393] Building C object zephyr/CMakeFiles/zephyr.dir/subsys/shell/shell_fprintf.c.obj
[mtlrvpp_m1723:rw] [183/393] Building C object zephyr/CMakeFiles/zephyr.dir/subsys/shell/modules/kernel_service/thread/kill.c.obj
[mtlrvpp_m1723:rw] [184/393] Building C object zephyr/CMakeFiles/zephyr.dir/subsys/shell/backends/shell_uart.c.obj
[kingler:ro] [158/388] Building C object zephyr/CMakeFiles/zephyr.dir/soc/nuvoton/npcx/common/npcxn/registers.c.obj
[winterhold:ro] [376/417] Building C object modules/ec/zephyr/CMakeFiles/ec_shim.dir/shim/src/hwtimer.c.obj
[kingler:ro] [159/388] Building C object zephyr/CMakeFiles/zephyr.dir/soc/nuvoton/npcx/common/power.c.obj
[mtlrvpp_m1723:rw] [185/393] Building C object zephyr/CMakeFiles/zephyr.dir/subsys/shell/shell.c.obj
[mtlrvpp_m1723:rw] [186/393] Building C object zephyr/CMakeFiles/zephyr.dir/subsys/shell/shell_utils.c.obj
[kingler:ro] [160/388] Building C object zephyr/CMakeFiles/zephyr.dir/soc/nuvoton/npcx/common/scfg.c.obj
[winterhold:ro] [377/417] Building C object modules/ec/zephyr/CMakeFiles/ec_shim.dir/shim/src/i2c.c.obj
[winterhold:ro] [378/417] Building C object modules/ec/zephyr/CMakeFiles/ec_shim.dir/shim/src/watchdog.c.obj
[winterhold:ro] [379/417] Building C object modules/ec/zephyr/CMakeFiles/ec_shim.dir/shim/src/tasks.c.obj
[mtlrvpp_m1723:rw] [187/393] Building C object zephyr/CMakeFiles/zephyr.dir/subsys/shell/shell_ops.c.obj
[mtlrvpp_m1723:rw] [188/393] Building C object zephyr/CMakeFiles/zephyr.dir/subsys/shell/shell_help.c.obj
[mtlrvpp_m1723:rw] [189/393] Building C object zephyr/arch/common/CMakeFiles/arch__common.dir/init.c.obj
[mtlrvpp_m1723:rw] [190/393] Building C object zephyr/CMakeFiles/zephyr.dir/drivers/flash/flash_util.c.obj
[winterhold:ro] [380/417] Building C object modules/ec/zephyr/CMakeFiles/ec_shim.dir/shim/src/bc12.c.obj
[mtlrvpp_m1723:rw] [191/393] Building C object zephyr/CMakeFiles/zephyr.dir/subsys/shell/shell_history.c.obj
[kingler:ro] [161/388] Building C object zephyr/CMakeFiles/zephyr.dir/soc/nuvoton/npcx/npcx9/soc.c.obj
[mtlrvpp_m1723:rw] [192/393] Building C object zephyr/arch/common/CMakeFiles/arch__common.dir/sw_isr_common.c.obj
[mtlrvpp_m1723:rw] [193/393] Linking C static library zephyr/libzephyr.a
[winterhold:ro] [381/417] Building C object modules/ec/zephyr/CMakeFiles/ec_shim.dir/shim/src/bc12_pi3usb9201.c.obj
[crystaldrift:ro] /mnt/host/source/src/platform/ec/build/zephyr/crystaldrift/build-ro/zephyr/zephyr.dts:4194.15-4201.5: Warning (gpios_property): /fans/fan_0: Missing property '#gpio-cells' in node /named-gpios/pg_pcore_s0_r_od or bad phandle (referred from pgood-gpio[0])
[kingler:ro] [162/388] Building C object zephyr/CMakeFiles/zephyr.dir/subsys/mem_mgmt/mem_attr.c.obj
[kingler:ro] [163/388] Building C object zephyr/CMakeFiles/zephyr.dir/subsys/pm/pm.c.obj
[mtlrvpp_m1723:rw] [194/393] Building ASM object zephyr/arch/arch/arm/core/CMakeFiles/arch__arm__core.dir/nmi_on_reset.S.obj
[winterhold:ro] [382/417] Building C object modules/ec/zephyr/CMakeFiles/ec_shim.dir/shim/src/tcpc_nct38xx.c.obj
[winterhold:ro] [383/417] Building C object modules/ec/zephyr/CMakeFiles/ec_shim.dir/shim/src/ppc.c.obj
[mtlrvpp_m1723:rw] [195/393] Building C object zephyr/arch/common/CMakeFiles/isr_tables.dir/isr_tables.c.obj
[mtlrvpp_m1723:rw] [196/393] Building C object zephyr/arch/arch/arm/core/CMakeFiles/arch__arm__core.dir/fatal.c.obj
[kingler:ro] [164/388] Building C object zephyr/CMakeFiles/zephyr.dir/subsys/pm/state.c.obj
[mtlrvpp_m1723:rw] [197/393] Building C object zephyr/arch/arch/arm/core/CMakeFiles/arch__arm__core.dir/nmi.c.obj
[mtlrvpp_m1723:rw] [198/393] Linking C static library zephyr/arch/common/libisr_tables.a
[mtlrvpp_m1723:rw] [199/393] Building C object zephyr/arch/common/CMakeFiles/arch__common.dir/xip.c.obj
[mtlrvpp_m1723:rw] [200/393] Linking C static library zephyr/arch/arch/arm/core/libarch__arm__core.a
[winterhold:ro] [384/417] Building C object modules/ec/zephyr/CMakeFiles/ec_shim.dir/shim/src/usba.c.obj
[mtlrvpp_m1723:rw] [201/393] Linking C static library zephyr/arch/common/libarch__common.a
[mtlrvpp_m1723:rw] [202/393] Building ASM object zephyr/arch/arch/arm/core/cortex_m/CMakeFiles/arch__arm__core__cortex_m.dir/fault_s.S.obj
[winterhold:ro] [385/417] Building C object zephyr/kernel/CMakeFiles/kernel.dir/main_weak.c.obj
[mtlrvpp_m1723:rw] [203/393] Building C object zephyr/arch/arch/arm/core/cortex_m/CMakeFiles/arch__arm__core__cortex_m.dir/exc_exit.c.obj
[winterhold:ro] [386/417] Building C object zephyr/kernel/CMakeFiles/kernel.dir/banner.c.obj
[winterhold:ro] [387/417] Building C object modules/ec/zephyr/CMakeFiles/ec_shim.dir/shim/src/usb_muxes.c.obj
[kingler:ro] [165/388] Building C object zephyr/CMakeFiles/zephyr.dir/subsys/pm/policy/policy_events.c.obj
[kingler:ro] [166/388] Building C object zephyr/CMakeFiles/zephyr.dir/subsys/pm/policy/policy_latency.c.obj
[winterhold:ro] [388/417] Linking C static library modules/ec/zephyr/libec_shim.a
[mtlrvpp_m1723:rw] [204/393] Building C object zephyr/arch/arch/arm/core/cortex_m/CMakeFiles/arch__arm__core__cortex_m.dir/fault.c.obj
[mtlrvpp_m1723:rw] [205/393] Building C object zephyr/arch/arch/arm/core/cortex_m/CMakeFiles/arch__arm__core__cortex_m.dir/fpu.c.obj
[mtlrvpp_m1723:rw] [206/393] Building ASM object zephyr/arch/arch/arm/core/cortex_m/CMakeFiles/arch__arm__core__cortex_m.dir/vector_table.S.obj
[winterhold:ro] [389/417] Building C object zephyr/kernel/CMakeFiles/kernel.dir/busy_wait.c.obj
[kingler:ro] [167/388] Building C object zephyr/CMakeFiles/zephyr.dir/subsys/pm/policy/policy_state_lock.c.obj
[mtlrvpp_m1723:rw] [207/393] Building ASM object zephyr/arch/arch/arm/core/cortex_m/CMakeFiles/arch__arm__core__cortex_m.dir/reset.S.obj
[mtlrvpp_m1723:rw] [208/393] Building C object zephyr/arch/arch/arm/core/cortex_m/CMakeFiles/arch__arm__core__cortex_m.dir/scb.c.obj
[winterhold:ro] [390/417] Building C object zephyr/kernel/CMakeFiles/kernel.dir/device.c.obj
[mtlrvpp_m1723:rw] [209/393] Building C object zephyr/arch/arch/arm/core/cortex_m/CMakeFiles/arch__arm__core__cortex_m.dir/thread_abort.c.obj
[winterhold:ro] [391/417] Building C object zephyr/kernel/CMakeFiles/kernel.dir/errno.c.obj
[winterhold:ro] [392/417] Building C object zephyr/kernel/CMakeFiles/kernel.dir/fatal.c.obj
[winterhold:ro] [393/417] Building C object zephyr/kernel/CMakeFiles/kernel.dir/version.c.obj
[kingler:ro] [168/388] Building C object zephyr/CMakeFiles/zephyr.dir/subsys/pm/device.c.obj
[kingler:ro] [169/388] Building C object zephyr/CMakeFiles/zephyr.dir/subsys/pm/device_system_managed.c.obj
[winterhold:ro] [394/417] Building C object zephyr/kernel/CMakeFiles/kernel.dir/init.c.obj
[winterhold:ro] [395/417] Building C object zephyr/kernel/CMakeFiles/kernel.dir/kheap.c.obj
[mtlrvpp_m1723:rw] [210/393] Building ASM object zephyr/arch/arch/arm/core/cortex_m/CMakeFiles/arch__arm__core__cortex_m.dir/swap_helper.S.obj
[mtlrvpp_m1723:rw] [211/393] Building C object zephyr/arch/arch/arm/core/cortex_m/CMakeFiles/arch__arm__core__cortex_m.dir/prep_c.c.obj
[winterhold:ro] [396/417] Building C object zephyr/kernel/CMakeFiles/kernel.dir/mem_slab.c.obj
[kingler:ro] [170/388] Building C object zephyr/CMakeFiles/zephyr.dir/subsys/testsuite/coverage/coverage.c.obj
[mtlrvpp_m1723:rw] [212/393] Building C object zephyr/arch/arch/arm/core/cortex_m/CMakeFiles/arch__arm__core__cortex_m.dir/irq_manage.c.obj
[mtlrvpp_m1723:rw] [213/393] Building C object zephyr/arch/arch/arm/core/cortex_m/CMakeFiles/arch__arm__core__cortex_m.dir/thread.c.obj
[mtlrvpp_m1723:rw] [214/393] Building C object zephyr/arch/arch/arm/core/cortex_m/CMakeFiles/arch__arm__core__cortex_m.dir/cpu_idle.c.obj
[mtlrvpp_m1723:rw] [215/393] Building C object zephyr/arch/arch/arm/core/cortex_m/CMakeFiles/arch__arm__core__cortex_m.dir/irq_init.c.obj
[mtlrvpp_m1723:rw] [216/393] Generating ../../../include/generated/libc/minimal/strerror_table.h
[winterhold:ro] [397/417] Building C object zephyr/kernel/CMakeFiles/kernel.dir/float.c.obj
[mtlrvpp_m1723:rw] [217/393] Building C object zephyr/lib/libc/minimal/CMakeFiles/lib__libc__minimal.dir/source/stdlib/atoi.c.obj
[winterhold:ro] [398/417] Building C object zephyr/kernel/CMakeFiles/kernel.dir/idle.c.obj
[winterhold:ro] [399/417] Building C object zephyr/kernel/CMakeFiles/kernel.dir/mailbox.c.obj
[kingler:ro] [171/388] Building C object zephyr/CMakeFiles/zephyr.dir/subsys/shell/modules/kernel_service/kernel_shell.c.obj
[mtlrvpp_m1723:rw] [218/393] Building C object zephyr/lib/libc/minimal/CMakeFiles/lib__libc__minimal.dir/source/stdlib/strtol.c.obj
[kingler:ro] [172/388] Building C object zephyr/CMakeFiles/zephyr.dir/subsys/tracing/tracing_none.c.obj
[mtlrvpp_m1723:rw] [219/393] Building C object zephyr/arch/arch/arm/core/mpu/CMakeFiles/arch__arm__core__mpu.dir/arm_mpu_regions.c.obj
[mtlrvpp_m1723:rw] [220/393] Building C object zephyr/arch/arch/arm/core/cortex_m/CMakeFiles/arch__arm__core__cortex_m.dir/isr_wrapper.c.obj
[mtlrvpp_m1723:rw] [221/393] Building C object zephyr/arch/arch/arm/core/mpu/CMakeFiles/arch__arm__core__mpu.dir/arm_core_mpu.c.obj
[mtlrvpp_m1723:rw] [222/393] Building C object zephyr/lib/libc/minimal/CMakeFiles/lib__libc__minimal.dir/source/stdlib/strtoul.c.obj
[winterhold:ro] [400/417] Building C object zephyr/kernel/CMakeFiles/kernel.dir/msg_q.c.obj
[kingler:ro] [173/388] Building C object zephyr/CMakeFiles/zephyr.dir/subsys/shell/modules/kernel_service/cycles.c.obj
[mtlrvpp_m1723:rw] [223/393] Linking C static library zephyr/arch/arch/arm/core/cortex_m/libarch__arm__core__cortex_m.a
[mtlrvpp_m1723:rw] [224/393] Building C object zephyr/lib/libc/minimal/CMakeFiles/lib__libc__minimal.dir/source/stdlib/strtoll.c.obj
[mtlrvpp_m1723:rw] [225/393] Building C object zephyr/arch/arch/arm/core/mpu/CMakeFiles/arch__arm__core__mpu.dir/arm_mpu.c.obj
[mtlrvpp_m1723:rw] [226/393] Building C object zephyr/lib/libc/common/CMakeFiles/lib__libc__common.dir/source/stdlib/abort.c.obj
[mtlrvpp_m1723:rw] [227/393] Building C object zephyr/lib/libc/minimal/CMakeFiles/lib__libc__minimal.dir/source/stdlib/strtoull.c.obj
[mtlrvpp_m1723:rw] [228/393] Building C object zephyr/lib/libc/minimal/CMakeFiles/lib__libc__minimal.dir/source/stdlib/bsearch.c.obj
[winterhold:ro] [401/417] Building C object zephyr/kernel/CMakeFiles/kernel.dir/mutex.c.obj
[winterhold:ro] [402/417] Building C object zephyr/kernel/CMakeFiles/kernel.dir/queue.c.obj
[mtlrvpp_m1723:rw] [229/393] Linking C static library zephyr/arch/arch/arm/core/mpu/libarch__arm__core__mpu.a
[mtlrvpp_m1723:rw] [230/393] Building C object zephyr/lib/libc/minimal/CMakeFiles/lib__libc__minimal.dir/source/string/strncasecmp.c.obj
[crystaldrift:ro] warning: PLATFORM_EC_PANIC_LOG (defined at /mnt/host/source/src/platform/ec/zephyr/Kconfig.panic:53)
[crystaldrift:ro] was assigned the value 'y' but got the value 'n'. Check these unsatisfied dependencies: (!CROS_EC_RO
[crystaldrift:ro] || ZTEST) (=n). See http://docs.zephyrproject.org/latest/kconfig.html#CONFIG_PLATFORM_EC_PANIC_LOG
[crystaldrift:ro] and/or look up PLATFORM_EC_PANIC_LOG in the menuconfig/guiconfig interface. The Application
[crystaldrift:ro] Development Primer, Setting Configuration Values, and Kconfig - Tips and Best Practices sections of
[crystaldrift:ro] the manual might be helpful too.
[crystaldrift:ro] warning: Deprecated symbol I2C_ALLOW_NO_STOP_TRANSACTIONS is enabled.
[mtlrvpp_m1723:rw] [231/393] Building C object zephyr/lib/libc/minimal/CMakeFiles/lib__libc__minimal.dir/source/string/strstr.c.obj
[winterhold:ro] [403/417] Building C object zephyr/kernel/CMakeFiles/kernel.dir/sem.c.obj
[mtlrvpp_m1723:rw] [232/393] Building C object zephyr/lib/libc/minimal/CMakeFiles/lib__libc__minimal.dir/source/stdlib/qsort.c.obj
[mtlrvpp_m1723:rw] [233/393] Building C object zephyr/lib/libc/minimal/CMakeFiles/lib__libc__minimal.dir/source/string/strerror.c.obj
[mtlrvpp_m1723:rw] [234/393] Building C object zephyr/lib/libc/minimal/CMakeFiles/lib__libc__minimal.dir/source/string/string.c.obj
[mtlrvpp_m1723:rw] [235/393] Building C object zephyr/lib/libc/minimal/CMakeFiles/lib__libc__minimal.dir/source/string/strspn.c.obj
[winterhold:ro] [404/417] Building C object zephyr/kernel/CMakeFiles/kernel.dir/system_work_q.c.obj
[kingler:ro] [174/388] Building C object zephyr/CMakeFiles/zephyr.dir/subsys/shell/modules/kernel_service/sleep.c.obj
[winterhold:ro] [405/417] Building C object zephyr/kernel/CMakeFiles/kernel.dir/stack.c.obj
[kingler:ro] [175/388] Building C object zephyr/CMakeFiles/zephyr.dir/subsys/shell/modules/kernel_service/uptime.c.obj
[kingler:ro] [176/388] Building C object zephyr/CMakeFiles/zephyr.dir/subsys/shell/modules/kernel_service/version.c.obj
[mtlrvpp_m1723:rw] [236/393] Building C object zephyr/lib/libc/minimal/CMakeFiles/lib__libc__minimal.dir/source/stdlib/exit.c.obj
[mtlrvpp_m1723:rw] [237/393] Building C object zephyr/lib/libc/minimal/CMakeFiles/lib__libc__minimal.dir/source/math/sqrtf.c.obj
[crystaldrift:ro] Parsing /mnt/host/source/src/platform/ec/zephyr/program/skyrim/Kconfig
[mtlrvpp_m1723:rw] [238/393] Building C object zephyr/lib/libc/minimal/CMakeFiles/lib__libc__minimal.dir/source/math/sqrt.c.obj
[mtlrvpp_m1723:rw] [239/393] Building C object zephyr/lib/libc/minimal/CMakeFiles/lib__libc__minimal.dir/source/stdout/stdout_console.c.obj
[mtlrvpp_m1723:rw] [240/393] Building C object zephyr/lib/libc/minimal/CMakeFiles/lib__libc__minimal.dir/source/stdout/fprintf.c.obj
[winterhold:ro] [406/417] Building C object zephyr/kernel/CMakeFiles/kernel.dir/work.c.obj
[winterhold:ro] [407/417] Building C object zephyr/kernel/CMakeFiles/kernel.dir/condvar.c.obj
[mtlrvpp_m1723:rw] [241/393] Building C object zephyr/lib/libc/common/CMakeFiles/lib__libc__common.dir/source/time/gmtime_r.c.obj
[mtlrvpp_m1723:rw] [242/393] Building C object zephyr/lib/libc/minimal/CMakeFiles/lib__libc__minimal.dir/source/stdout/sprintf.c.obj
[mtlrvpp_m1723:rw] [243/393] Building C object zephyr/lib/libc/common/CMakeFiles/lib__libc__common.dir/source/time/asctime.c.obj
[mtlrvpp_m1723:rw] [244/393] Building C object zephyr/lib/libc/common/CMakeFiles/lib__libc__common.dir/source/string/strnlen.c.obj
[mtlrvpp_m1723:rw] [245/393] Building C object zephyr/lib/libc/common/CMakeFiles/lib__libc__common.dir/source/time/localtime_r_utc.c.obj
[winterhold:ro] [408/417] Building C object zephyr/kernel/CMakeFiles/kernel.dir/thread.c.obj
[mtlrvpp_m1723:rw] [246/393] Building C object zephyr/lib/libc/common/CMakeFiles/lib__libc__common.dir/source/time/ctime.c.obj
[winterhold:ro] [409/417] Building C object zephyr/kernel/CMakeFiles/kernel.dir/sched.c.obj
[kingler:ro] [177/388] Building C object zephyr/CMakeFiles/zephyr.dir/subsys/shell/modules/kernel_service/thread/thread.c.obj
[mtlrvpp_m1723:rw] [247/393] Building C object zephyr/lib/libc/common/CMakeFiles/lib__libc__common.dir/source/time/time.c.obj
[winterhold:ro] [410/417] Building C object zephyr/kernel/CMakeFiles/kernel.dir/pipe.c.obj
[mtlrvpp_m1723:rw] [248/393] Building C object zephyr/lib/posix/c_lib_ext/CMakeFiles/lib__posix__c_lib_ext.dir/fnmatch.c.obj
[mtlrvpp_m1723:rw] [249/393] Building C object zephyr/lib/libc/minimal/CMakeFiles/lib__libc__minimal.dir/source/time/gmtime.c.obj
[kingler:ro] [178/388] Building C object zephyr/CMakeFiles/zephyr.dir/subsys/shell/modules/kernel_service/thread/stacks.c.obj
[mtlrvpp_m1723:rw] [250/393] Building C object zephyr/subsys/crc/CMakeFiles/subsys__crc.dir/crc8_sw.c.obj
[mtlrvpp_m1723:rw] [251/393] Linking C static library zephyr/lib/libc/minimal/liblib__libc__minimal.a
[winterhold:ro] [411/417] Building C object zephyr/kernel/CMakeFiles/kernel.dir/timeout.c.obj
[mtlrvpp_m1723:rw] [252/393] Building C object zephyr/subsys/crc/CMakeFiles/subsys__crc.dir/crc4_sw.c.obj
[kingler:ro] [179/388] Building C object zephyr/CMakeFiles/zephyr.dir/subsys/shell/modules/kernel_service/thread/list.c.obj
[mtlrvpp_m1723:rw] [253/393] Building C object zephyr/subsys/crc/CMakeFiles/subsys__crc.dir/crc7_sw.c.obj
[winterhold:ro] [412/417] Building C object zephyr/kernel/CMakeFiles/kernel.dir/timer.c.obj
[mtlrvpp_m1723:rw] [254/393] Building C object zephyr/subsys/crc/CMakeFiles/subsys__crc.dir/crc16_sw.c.obj
[mtlrvpp_m1723:rw] [255/393] Building C object zephyr/lib/libc/common/CMakeFiles/lib__libc__common.dir/source/stdlib/malloc.c.obj
[mtlrvpp_m1723:rw] [256/393] Building C object zephyr/subsys/crc/CMakeFiles/subsys__crc.dir/crc32c_sw.c.obj
[mtlrvpp_m1723:rw] [257/393] Building C object zephyr/subsys/crc/CMakeFiles/subsys__crc.dir/crc24_sw.c.obj
[mtlrvpp_m1723:rw] [258/393] Linking C static library zephyr/lib/libc/common/liblib__libc__common.a
[mtlrvpp_m1723:rw] [259/393] Building C object zephyr/subsys/crc/CMakeFiles/subsys__crc.dir/crc32_sw.c.obj
[mtlrvpp_m1723:rw] [260/393] Building C object zephyr/lib/posix/c_lib_ext/CMakeFiles/lib__posix__c_lib_ext.dir/getopt_shim.c.obj
[crystaldrift:ro] Loaded configuration '/mnt/host/source/src/platform/ec/zephyr/boards/google/npcx9/npcx9_npcx9m3f_defconfig'
[crystaldrift:ro] Merged configuration '/mnt/host/source/src/platform/ec/zephyr/program/skyrim/program.conf'
[crystaldrift:ro] Merged configuration '/mnt/host/source/src/platform/ec/zephyr/program/skyrim/crystaldrift/project.conf'
[crystaldrift:ro] Merged configuration '/mnt/host/source/src/platform/ec/build/zephyr/crystaldrift/kconfig-ro.conf'
[crystaldrift:ro] Configuration saved to '/mnt/host/source/src/platform/ec/build/zephyr/crystaldrift/build-ro/zephyr/.config'
[crystaldrift:ro] Kconfig header saved to '/mnt/host/source/src/platform/ec/build/zephyr/crystaldrift/build-ro/zephyr/include/generated/zephyr/autoconf.h'
[crystaldrift:ro] -- Found GnuLd: /home/jpmurphy/.cache/coreboot-sdk/arm-eabi/ea40ddd1d190c3b48435c474c0b545719371813a/arm-eabi/bin/ld.bfd (found version "2.43.1")
[mtlrvpp_m1723:rw] [261/393] Building C object zephyr/subsys/crc/CMakeFiles/subsys__crc.dir/crc32k_4_2_sw.c.obj
[winterhold:ro] [413/417] Building C object zephyr/kernel/CMakeFiles/kernel.dir/poll.c.obj
[mtlrvpp_m1723:rw] [262/393] Building C object zephyr/lib/posix/c_lib_ext/CMakeFiles/lib__posix__c_lib_ext.dir/getentropy.c.obj
[mtlrvpp_m1723:rw] [263/393] Linking C static library zephyr/subsys/crc/libsubsys__crc.a
[mtlrvpp_m1723:rw] [264/393] Linking C static library zephyr/lib/posix/c_lib_ext/liblib__posix__c_lib_ext.a
[winterhold:ro] [414/417] Building C object zephyr/kernel/CMakeFiles/kernel.dir/mempool.c.obj
[winterhold:ro] [415/417] Building C object zephyr/kernel/CMakeFiles/kernel.dir/dynamic_disabled.c.obj
[kingler:ro] [180/388] Building C object zephyr/CMakeFiles/zephyr.dir/subsys/shell/modules/kernel_service/thread/suspend.c.obj
[winterhold:ro] [416/417] Building C object zephyr/kernel/CMakeFiles/kernel.dir/events.c.obj
[crystaldrift:ro] -- The C compiler identification is GNU 14.2.0
[kingler:ro] [181/388] Building C object zephyr/CMakeFiles/zephyr.dir/subsys/shell/modules/kernel_service/thread/resume.c.obj
[winterhold:ro] [417/417] Linking C static library zephyr/kernel/libkernel.a
[mtlrvpp_m1723:rw] [265/393] Building C object zephyr/drivers/interrupt_controller/CMakeFiles/drivers__interrupt_controller.dir/intc_mchp_ecia_xec.c.obj
[mtlrvpp_m1723:rw] [266/393] Linking C static library zephyr/drivers/interrupt_controller/libdrivers__interrupt_controller.a
[kingler:ro] [182/388] Building C object zephyr/CMakeFiles/zephyr.dir/subsys/shell/modules/kernel_service/thread/kill.c.obj
[crystaldrift:ro] -- The CXX compiler identification is GNU 14.2.0
[crystaldrift:ro] -- The ASM compiler identification is GNU
[crystaldrift:ro] -- Found assembler: /home/jpmurphy/.cache/coreboot-sdk/arm-eabi/ea40ddd1d190c3b48435c474c0b545719371813a/bin/arm-eabi-gcc
[crystaldrift:ro] CMake Warning at /mnt/host/source/src/platform/ec/zephyr/cmake/linker/ld/linker_libraries.cmake:11 (message):
[mtlrvpp_m1723:rw] [267/393] Building C object zephyr/drivers/adc/CMakeFiles/drivers__adc.dir/adc_common.c.obj
[kingler:ro] [183/388] Building C object zephyr/CMakeFiles/zephyr.dir/subsys/shell/backends/shell_uart.c.obj
[mtlrvpp_m1723:rw] [268/393] Building C object zephyr/drivers/adc/CMakeFiles/drivers__adc.dir/adc_mchp_xec.c.obj
[mtlrvpp_m1723:rw] [269/393] Building C object zephyr/drivers/bbram/CMakeFiles/drivers__bbram.dir/bbram_xec.c.obj
[mtlrvpp_m1723:rw] [270/393] Linking C static library zephyr/drivers/bbram/libdrivers__bbram.a
[mtlrvpp_m1723:rw] [271/393] Building C object zephyr/drivers/eeprom/CMakeFiles/drivers__eeprom.dir/eeprom_shell.c.obj
[mtlrvpp_m1723:rw] [272/393] Building C object zephyr/drivers/clock_control/CMakeFiles/drivers__clock_control.dir/clock_control_mchp_xec.c.obj
[mtlrvpp_m1723:rw] [273/393] Linking C static library zephyr/drivers/adc/libdrivers__adc.a
[mtlrvpp_m1723:rw] [274/393] Building C object zephyr/drivers/console/CMakeFiles/drivers__console.dir/uart_console.c.obj
[kingler:ro] [184/388] Building C object zephyr/CMakeFiles/zephyr.dir/subsys/shell/shell_fprintf.c.obj
[kingler:ro] [185/388] Building C object zephyr/CMakeFiles/zephyr.dir/subsys/shell/shell.c.obj
[mtlrvpp_m1723:rw] [275/393] Linking C static library zephyr/drivers/clock_control/libdrivers__clock_control.a
[mtlrvpp_m1723:rw] [276/393] Building C object zephyr/drivers/espi/CMakeFiles/drivers__espi.dir/espi_mchp_xec_host_v2.c.obj
[mtlrvpp_m1723:rw] [277/393] Linking C static library zephyr/drivers/console/libdrivers__console.a
[mtlrvpp_m1723:rw] [278/393] Building C object zephyr/drivers/eeprom/CMakeFiles/drivers__eeprom.dir/eeprom_at2x.c.obj
[mtlrvpp_m1723:rw] [279/393] Building C object zephyr/drivers/flash/CMakeFiles/drivers__flash.dir/jesd216.c.obj
[kingler:ro] [186/388] Building C object zephyr/CMakeFiles/zephyr.dir/subsys/shell/shell_utils.c.obj
[mtlrvpp_m1723:rw] [280/393] Linking C static library zephyr/drivers/eeprom/libdrivers__eeprom.a
[mtlrvpp_m1723:rw] [281/393] Building C object zephyr/drivers/espi/CMakeFiles/drivers__espi.dir/espi_mchp_xec_v2.c.obj
[kingler:ro] [187/388] Building C object zephyr/CMakeFiles/zephyr.dir/subsys/shell/shell_ops.c.obj
[mtlrvpp_m1723:rw] [282/393] Linking C static library zephyr/drivers/espi/libdrivers__espi.a
[kingler:ro] [188/388] Building C object zephyr/CMakeFiles/zephyr.dir/subsys/shell/shell_help.c.obj
[crystaldrift:ro] -- Performing EC specific devicetree checks
[mtlrvpp_m1723:rw] [283/393] Building C object zephyr/drivers/flash/CMakeFiles/drivers__flash.dir/spi_nor.c.obj
[mtlrvpp_m1723:rw] [284/393] Building C object zephyr/drivers/i2c/CMakeFiles/drivers__i2c.dir/i2c_common.c.obj
[mtlrvpp_m1723:rw] [285/393] Building C object zephyr/drivers/gpio/CMakeFiles/drivers__gpio.dir/gpio_nct38xx.c.obj
[kingler:ro] [189/388] Building C object zephyr/arch/common/CMakeFiles/arch__common.dir/sw_isr_common.c.obj
[kingler:ro] [190/388] Building C object zephyr/arch/common/CMakeFiles/arch__common.dir/init.c.obj
[mtlrvpp_m1723:rw] [286/393] Linking C static library zephyr/drivers/flash/libdrivers__flash.a
[mtlrvpp_m1723:rw] [287/393] Building C object zephyr/drivers/i2c/CMakeFiles/drivers__i2c.dir/i2c_shell.c.obj
[crystaldrift:ro]   Disabling c_library
[crystaldrift:ro] Call Stack (most recent call first):
[crystaldrift:ro]   /mnt/host/source/src/third_party/zephyr/main/cmake/target_toolchain_flags.cmake:48 (include)
[crystaldrift:ro]   /mnt/host/source/src/third_party/zephyr/main/cmake/modules/kernel.cmake:153 (include)
[crystaldrift:ro]   /mnt/host/source/src/third_party/zephyr/main/cmake/modules/zephyr_default.cmake:138 (include)
[crystaldrift:ro]   /mnt/host/source/src/third_party/zephyr/main/share/zephyr-package/cmake/ZephyrConfig.cmake:66 (include)
[crystaldrift:ro]   /mnt/host/source/src/third_party/zephyr/main/share/zephyr-package/cmake/ZephyrConfig.cmake:97 (include_boilerplate)
[crystaldrift:ro]   CMakeLists.txt:7 (find_package)
[crystaldrift:ro] INFO: Verified 92 GPIOs, no duplicates found
[mtlrvpp_m1723:rw] [288/393] Building C object zephyr/drivers/gpio/CMakeFiles/drivers__gpio.dir/gpio_nct38xx_port.c.obj
[kingler:ro] [191/388] Building C object zephyr/CMakeFiles/zephyr.dir/drivers/flash/flash_util.c.obj
[mtlrvpp_m1723:rw] [289/393] Building C object zephyr/drivers/pinctrl/CMakeFiles/drivers__pinctrl.dir/common.c.obj
[mtlrvpp_m1723:rw] [290/393] Building C object zephyr/drivers/gpio/CMakeFiles/drivers__gpio.dir/gpio_pca95xx.c.obj
[mtlrvpp_m1723:rw] [291/393] Building C object zephyr/drivers/mfd/CMakeFiles/drivers__mfd.dir/mfd_nct38xx.c.obj
[kingler:ro] [192/388] Linking C static library zephyr/libzephyr.a
[mtlrvpp_m1723:rw] [292/393] Linking C static library zephyr/drivers/mfd/libdrivers__mfd.a
[kingler:ro] [193/388] Building C object zephyr/arch/common/CMakeFiles/arch__common.dir/xip.c.obj
[mtlrvpp_m1723:rw] [293/393] Building C object zephyr/drivers/i2c/CMakeFiles/drivers__i2c.dir/i2c_mchp_xec_v2.c.obj
[crystaldrift:ro] -- Generating component manifest file
[kingler:ro] [194/388] Building C object zephyr/arch/common/CMakeFiles/isr_tables.dir/isr_tables.c.obj
[mtlrvpp_m1723:rw] [294/393] Linking C static library zephyr/drivers/i2c/libdrivers__i2c.a
[mtlrvpp_m1723:rw] [295/393] Building C object zephyr/drivers/gpio/CMakeFiles/drivers__gpio.dir/gpio_mchp_xec.c.obj
[kingler:ro] [195/388] Linking C static library zephyr/arch/common/libisr_tables.a
[mtlrvpp_m1723:rw] [296/393] Linking C static library zephyr/drivers/gpio/libdrivers__gpio.a
[kingler:ro] [196/388] Building ASM object zephyr/arch/arch/arm/core/CMakeFiles/arch__arm__core.dir/nmi_on_reset.S.obj
[mtlrvpp_m1723:rw] [297/393] Building C object zephyr/drivers/pinctrl/CMakeFiles/drivers__pinctrl.dir/pinctrl_mchp_xec.c.obj
[kingler:ro] [197/388] Linking C static library zephyr/arch/common/libarch__common.a
[mtlrvpp_m1723:rw] [298/393] Linking C static library zephyr/drivers/pinctrl/libdrivers__pinctrl.a
[crystaldrift:ro] INFO: Verified 7 '*-gpios' properties, all flags match.
[crystaldrift:ro] INFO: Skipped 2 named-gpios children.
[crystaldrift:ro] INFO: Running CME, outputting to /mnt/host/source/src/platform/ec/build/zephyr/crystaldrift/build-ro/zephyr/component_manifest.json
[crystaldrift:ro] -- warning_base_override: -Wall;-Wformat;-Wformat-security;-Wformat;-Wno-format-zero-length;-Wno-pointer-sign;-Wpointer-arith;-Wexpansion-to-defined
[mtlrvpp_m1723:rw] [299/393] Building C object zephyr/drivers/pwm/CMakeFiles/drivers__pwm.dir/pwm_shell.c.obj
[kingler:ro] [198/388] Building ASM object zephyr/arch/arch/arm/core/cortex_m/CMakeFiles/arch__arm__core__cortex_m.dir/fault_s.S.obj
[kingler:ro] [199/388] Building C object zephyr/arch/arch/arm/core/CMakeFiles/arch__arm__core.dir/fatal.c.obj
[mtlrvpp_m1723:rw] [300/393] Building C object zephyr/drivers/sensor/microchip/mchp_tach_xec/CMakeFiles/drivers__sensor__microchip__mchp_tach_xec.dir/tach_mchp_xec.c.obj
[kingler:ro] [200/388] Building C object zephyr/arch/arch/arm/core/CMakeFiles/arch__arm__core.dir/nmi.c.obj
[mtlrvpp_m1723:rw] [301/393] Building C object zephyr/drivers/timer/CMakeFiles/drivers__timer.dir/sys_clock_init.c.obj
[mtlrvpp_m1723:rw] [302/393] Building C object zephyr/drivers/serial/CMakeFiles/drivers__serial.dir/uart_mchp_xec.c.obj
[mtlrvpp_m1723:rw] [303/393] Building C object zephyr/drivers/pwm/CMakeFiles/drivers__pwm.dir/pwm_mchp_xec.c.obj
[mtlrvpp_m1723:rw] [304/393] Linking C static library zephyr/drivers/sensor/microchip/mchp_tach_xec/libdrivers__sensor__microchip__mchp_tach_xec.a
[kingler:ro] [201/388] Linking C static library zephyr/arch/arch/arm/core/libarch__arm__core.a
[mtlrvpp_m1723:rw] [305/393] Building C object zephyr/drivers/timer/CMakeFiles/drivers__timer.dir/mchp_xec_rtos_timer.c.obj
[mtlrvpp_m1723:rw] [306/393] Linking C static library zephyr/drivers/serial/libdrivers__serial.a
[kingler:ro] [202/388] Building C object zephyr/arch/arch/arm/core/cortex_m/CMakeFiles/arch__arm__core__cortex_m.dir/exc_exit.c.obj
[mtlrvpp_m1723:rw] [307/393] Linking C static library zephyr/drivers/pwm/libdrivers__pwm.a
[mtlrvpp_m1723:rw] [308/393] Building C object zephyr/drivers/spi/CMakeFiles/drivers__spi.dir/spi_xec_qmspi_ldma.c.obj
[mtlrvpp_m1723:rw] [309/393] Linking C static library zephyr/drivers/timer/libdrivers__timer.a
[crystaldrift:ro] -- Found gen_kobject_list: /mnt/host/source/src/third_party/zephyr/main/scripts/build/gen_kobject_list.py
[mtlrvpp_m1723:rw] [310/393] Building C object zephyr/drivers/watchdog/CMakeFiles/drivers__watchdog.dir/wdt_shell.c.obj
[mtlrvpp_m1723:rw] [311/393] Linking C static library zephyr/drivers/spi/libdrivers__spi.a
[kingler:ro] [203/388] Building C object zephyr/arch/arch/arm/core/cortex_m/CMakeFiles/arch__arm__core__cortex_m.dir/fault.c.obj
[mtlrvpp_m1723:rw] [312/393] Building C object zephyr/drivers/watchdog/CMakeFiles/drivers__watchdog.dir/wdt_mchp_xec.c.obj
[crystaldrift:ro] -- Configuring done (16.8s)
[mtlrvpp_m1723:rw] [313/393] Linking C static library zephyr/drivers/watchdog/libdrivers__watchdog.a
[kingler:ro] [204/388] Building C object zephyr/arch/arch/arm/core/cortex_m/CMakeFiles/arch__arm__core__cortex_m.dir/fpu.c.obj
[kingler:ro] [205/388] Building ASM object zephyr/arch/arch/arm/core/cortex_m/CMakeFiles/arch__arm__core__cortex_m.dir/reset.S.obj
[mtlrvpp_m1723:rw] [314/393] Building C object modules/ec/zephyr/CMakeFiles/ec_shim.dir/app/ec/main_shim.c.obj
[kingler:ro] [206/388] Building ASM object zephyr/arch/arch/arm/core/cortex_m/CMakeFiles/arch__arm__core__cortex_m.dir/vector_table.S.obj
[kingler:ro] [207/388] Building C object zephyr/arch/arch/arm/core/cortex_m/CMakeFiles/arch__arm__core__cortex_m.dir/scb.c.obj
[mtlrvpp_m1723:rw] [315/393] Building C object modules/ec/zephyr/CMakeFiles/ec_shim.dir/app/ec/ec_app_main.c.obj
[kingler:ro] [208/388] Building C object zephyr/arch/arch/arm/core/cortex_m/CMakeFiles/arch__arm__core__cortex_m.dir/thread_abort.c.obj
[mtlrvpp_m1723:rw] [316/393] Building C object modules/ec/zephyr/CMakeFiles/ec_shim.dir/shim/chip/mchp/gpio.c.obj
[mtlrvpp_m1723:rw] [317/393] Building C object modules/ec/zephyr/CMakeFiles/ec_shim.dir/shim/chip/mchp/clock.c.obj
[crystaldrift:ro] -- Generating done (0.5s)
[crystaldrift:ro] INFO: Project crystaldrift does not support SSFC
[crystaldrift:ro] INFO: No motionsense-sensor-alt node found
[crystaldrift:ro] CMake Warning:
[mtlrvpp_m1723:rw] [318/393] Building C object modules/ec/zephyr/CMakeFiles/ec_shim.dir/drivers/cros_system/cros_system_xec.c.obj
[mtlrvpp_m1723:rw] [319/393] Building C object modules/ec/zephyr/CMakeFiles/ec_shim.dir/drivers/vivaldi_kbd/vivaldi_kbd.c.obj
[mtlrvpp_m1723:rw] [320/393] Building C object modules/ec/zephyr/CMakeFiles/ec_shim.dir/shim/src/crc.c.obj
[mtlrvpp_m1723:rw] [321/393] Building C object modules/ec/zephyr/CMakeFiles/ec_shim.dir/drivers/cros_flash/cros_flash_xec.c.obj
[kingler:ro] [209/388] Building ASM object zephyr/arch/arch/arm/core/cortex_m/CMakeFiles/arch__arm__core__cortex_m.dir/swap_helper.S.obj
[spikyrock:rw] Configuring.
Running `env -i PYTHONPATH=/usr/lib64/python-exec/python3.11:/mnt/host/source/src/platform/ec/zephyr/zmake:/usr/lib/python311.zip:/usr/lib/python3.11:/usr/lib/python3.11/lib-dynload:/usr/lib/python3.11/site-packages PW_PIGWEED_CIPD_INSTALL_DIR=/usr CROSTC_USER_ACKNOWLEDGES_THAT_RISCV_IS_EXPERIMENTAL=1 PATH=/mnt/host/source/chromite/bin:/usr/local/bin:/usr/bin:/bin:/opt/bin:/mnt/host/source/chromite/sdk/bin:/mnt/host/source/chromite/bin HOME=/home/jpmurphy JAVA_HOME=/etc/java-config-2/current-system-vm JDK_HOME=/etc/java-config-2/current-system-vm JAVAC=/etc/java-config-2/current-system-vm/bin/javac MAKEFLAGS=' -j16 --jobserver-auth=5,6' /usr/bin/cmake -S /mnt/host/source/src/platform/ec/zephyr/program/roach -B /mnt/host/source/src/platform/ec/build/zephyr/spikyrock/build-rw -GNinja -DCMAKE_EXPORT_COMPILE_COMMANDS=ON -DZEPHYR_BASE=/mnt/host/source/src/third_party/zephyr/main -DZMAKE_INCLUDE_DIR=/mnt/host/source/src/platform/ec/build/zephyr/spikyrock/include -DPython3_EXECUTABLE=/usr/bin/python3.11 -DDTS_ROOT=/mnt/host/source/src/platform/ec/zephyr -DSYSCALL_INCLUDE_DIRS=/mnt/host/source/src/platform/ec/zephyr/include/drivers -DUSER_CACHE_DIR=/mnt/host/source/src/platform/ec/build/zephyr/user-cache '-DEXTRA_EC_VERSION_FLAGS=--version 16543.0.0 --static' -DTOOLCHAIN_ROOT=/mnt/host/source/src/platform/ec/zephyr -DCOREBOOT_SDK_ROOT_x86=/home/jpmurphy/.cache/coreboot-sdk/i386-elf/dfbb0486385d938cfa9d73080b9d18d598ed4f49 -DCOREBOOT_SDK_ROOT_picolibc_x86=/home/jpmurphy/.cache/coreboot-sdk/picolibc-i386-elf/eb8e8e687b95461de8cbf278f1c2076952d0ad17 -DCOREBOOT_SDK_ROOT_riscv64=/home/jpmurphy/.cache/coreboot-sdk/riscv64-elf/96b949749225b6aaa92ed810ab769e8dfb12f000 -DCOREBOOT_SDK_ROOT_picolibc_arm=/home/jpmurphy/.cache/coreboot-sdk/picolibc-arm-eabi/422a2aa3e1ef891b5bece9a3deb696ff83840d2e -DCOREBOOT_SDK_ROOT_nds32=/home/jpmurphy/.cache/coreboot-sdk/nds32le-elf/d1a518c4a097666d86058e1444f85ca015d15511 -DCOREBOOT_SDK_ROOT_picolibc_riscv64=/home/jpmurphy/.cache/coreboot-sdk/picolibc-riscv64-elf/f571e990ef0278564b31124f8bb109d9a697eb69 -DCOREBOOT_SDK_ROOT_arm=/home/jpmurphy/.cache/coreboot-sdk/arm-eabi/ea40ddd1d190c3b48435c474c0b545719371813a -DCOREBOOT_SDK_ROOT_libstdcxx_riscv64=/home/jpmurphy/.cache/coreboot-sdk/libstdcxx-riscv64-elf/17abf22a3a252e2d5d2062ced5324f7a623689e0 -DCOREBOOT_SDK_ROOT_libstdcxx_arm=/home/jpmurphy/.cache/coreboot-sdk/libstdcxx-arm-eabi/5d7d82e150e44aa1968f1d366e267e6687b328ac -DCOREBOOT_SDK_ROOT_riscv=/home/jpmurphy/.cache/coreboot-sdk/riscv-elf/9a27b9e82341c6e9126624f516ab3f261abb3e73 -DCOREBOOT_SDK_ROOT_libstdcxx_x86=/home/jpmurphy/.cache/coreboot-sdk/libstdcxx-i386-elf/42ef9d2e87a76a37963175d7d428734e65648b87 -DZEPHYR_TOOLCHAIN_VARIANT=coreboot-sdk -DZEPHYR_MODULES=/mnt/host/source/src/platform/ec/build/zephyr/spikyrock/modules/ec -DDTC_OVERLAY_FILE=/mnt/host/source/src/platform/ec/zephyr/program/roach/spikyrock/project.overlay -DBOARD=it8xxx2/it82202ax/512 -DCMAKE_C_FLAGS=-DSECTION_IS_RW '-DCONF_FILE=/mnt/host/source/src/platform/ec/zephyr/program/roach/program.conf;/mnt/host/source/src/platform/ec/zephyr/program/roach/spikyrock/project.conf;/mnt/host/source/src/platform/ec/build/zephyr/spikyrock/kconfig-rw.conf'`
[crystaldrift:ro] -- Build files have been written to: /mnt/host/source/src/platform/ec/build/zephyr/crystaldrift/build-ro
[crystaldrift:ro]   Manually-specified variables were not used by the project:
[spikyrock:rw] -- Application: /mnt/host/source/src/platform/ec/zephyr/program/roach
[spikyrock:rw] Loading Zephyr default modules (Zephyr base (cached)).
[crystaldrift:ro]     COREBOOT_SDK_ROOT_libstdcxx_riscv64
[crystaldrift:ro]     COREBOOT_SDK_ROOT_libstdcxx_x86
[crystaldrift:ro]     COREBOOT_SDK_ROOT_nds32
[crystaldrift:ro]     COREBOOT_SDK_ROOT_picolibc_riscv64
[crystaldrift:ro]     COREBOOT_SDK_ROOT_picolibc_x86
[crystaldrift:ro]     COREBOOT_SDK_ROOT_riscv
[crystaldrift:ro]     COREBOOT_SDK_ROOT_riscv64
[crystaldrift:ro]     COREBOOT_SDK_ROOT_x86
[mtlrvpp_m1723:rw] [322/393] Building C object modules/ec/zephyr/CMakeFiles/ec_shim.dir/shim/chip/mchp/system_external_storage.c.obj
[mtlrvpp_m1723:rw] [323/393] Building C object modules/ec/zephyr/CMakeFiles/ec_shim.dir/shim/chip/mchp/system_download_from_flash.c.obj
[mtlrvpp_m1723:rw] [324/393] Building C object modules/ec/zephyr/CMakeFiles/ec_shim.dir/shim/chip/mchp/system.c.obj
[kingler:ro] [210/388] Building C object zephyr/arch/arch/arm/core/cortex_m/CMakeFiles/arch__arm__core__cortex_m.dir/irq_manage.c.obj
[kingler:ro] [211/388] Building C object zephyr/arch/arch/arm/core/cortex_m/CMakeFiles/arch__arm__core__cortex_m.dir/thread.c.obj
[kingler:ro] [212/388] Building C object zephyr/arch/arch/arm/core/cortex_m/CMakeFiles/arch__arm__core__cortex_m.dir/prep_c.c.obj
[kingler:ro] [213/388] Building C object zephyr/arch/arch/arm/core/cortex_m/CMakeFiles/arch__arm__core__cortex_m.dir/cpu_idle.c.obj
[mtlrvpp_m1723:rw] [325/393] Building ASM object modules/ec/zephyr/CMakeFiles/ec_shim.dir/shim/src/libgcc_arm.S.obj
[mtlrvpp_m1723:rw] [326/393] Building C object modules/ec/zephyr/CMakeFiles/ec_shim.dir/shim/core/cortex-m/panic.c.obj
[spikyrock:rw] -- CMake version: 3.31.7
[spikyrock:rw] -- Found Python3: /usr/bin/python3.11 (found suitable version "3.11.11", minimum required is "3.10") found components: Interpreter
[spikyrock:rw] -- Cache files will be written to: /mnt/host/source/src/platform/ec/build/zephyr/user-cache
[mtlrvpp_m1723:rw] [327/393] Building C object modules/ec/zephyr/CMakeFiles/ec_shim.dir/shim/core/cortex-m/mpu.c.obj
[spikyrock:rw] -- Zephyr version: 4.3.99 (/mnt/host/source/src/third_party/zephyr/main)
[kingler:ro] [214/388] Building C object zephyr/arch/arch/arm/core/cortex_m/CMakeFiles/arch__arm__core__cortex_m.dir/irq_init.c.obj
[mtlrvpp_m1723:rw] [328/393] Building C object modules/ec/zephyr/CMakeFiles/ec_shim.dir/shim/src/panic_utils.c.obj
[mtlrvpp_m1723:rw] [329/393] Building C object modules/ec/zephyr/CMakeFiles/ec_shim.dir/shim/src/console.c.obj
[mtlrvpp_m1723:rw] [330/393] Building C object modules/ec/zephyr/CMakeFiles/ec_shim.dir/shim/src/cbi/cros_cbi.c.obj
[kingler:ro] [215/388] Generating ../../../include/generated/libc/minimal/strerror_table.h
[mtlrvpp_m1723:rw] [331/393] Building C object modules/ec/zephyr/CMakeFiles/ec_shim.dir/shim/src/gpio_int.c.obj
[kingler:ro] [216/388] Building C object zephyr/arch/arch/arm/core/cortex_m/CMakeFiles/arch__arm__core__cortex_m.dir/isr_wrapper.c.obj
[mtlrvpp_m1723:rw] [332/393] Building C object modules/ec/zephyr/CMakeFiles/ec_shim.dir/shim/src/gpio.c.obj
[kingler:ro] [217/388] Building C object zephyr/lib/libc/minimal/CMakeFiles/lib__libc__minimal.dir/source/stdlib/atoi.c.obj
[kingler:ro] [218/388] Linking C static library zephyr/arch/arch/arm/core/cortex_m/libarch__arm__core__cortex_m.a
[kingler:ro] [219/388] Building C object zephyr/arch/arch/arm/core/mpu/CMakeFiles/arch__arm__core__mpu.dir/arm_mpu_regions.c.obj
[mtlrvpp_m1723:rw] [333/393] Building C object modules/ec/zephyr/CMakeFiles/ec_shim.dir/shim/src/cbi/cbi_eeprom.c.obj
[kingler:ro] [220/388] Building C object zephyr/arch/arch/arm/core/mpu/CMakeFiles/arch__arm__core__mpu.dir/arm_core_mpu.c.obj
[kingler:ro] [221/388] Building C object zephyr/arch/arch/arm/core/mpu/CMakeFiles/arch__arm__core__mpu.dir/arm_mpu.c.obj
[kingler:ro] [222/388] Building C object zephyr/lib/libc/minimal/CMakeFiles/lib__libc__minimal.dir/source/stdlib/strtol.c.obj
[mtlrvpp_m1723:rw] [334/393] Building C object modules/ec/zephyr/CMakeFiles/ec_shim.dir/shim/src/system.c.obj
[kingler:ro] [223/388] Building C object zephyr/lib/libc/minimal/CMakeFiles/lib__libc__minimal.dir/source/stdlib/strtoll.c.obj
[kingler:ro] [224/388] Building C object zephyr/lib/libc/minimal/CMakeFiles/lib__libc__minimal.dir/source/stdlib/strtoul.c.obj
[kingler:ro] [225/388] Linking C static library zephyr/arch/arch/arm/core/mpu/libarch__arm__core__mpu.a
[kingler:ro] [226/388] Building C object zephyr/lib/libc/minimal/CMakeFiles/lib__libc__minimal.dir/source/stdlib/strtoull.c.obj
[kingler:ro] [227/388] Building C object zephyr/lib/libc/minimal/CMakeFiles/lib__libc__minimal.dir/source/stdlib/bsearch.c.obj
[mtlrvpp_m1723:rw] [335/393] Building C object modules/ec/zephyr/CMakeFiles/ec_shim.dir/shim/src/battery.c.obj
[mtlrvpp_m1723:rw] [336/393] Building C object modules/ec/zephyr/CMakeFiles/ec_shim.dir/shim/src/charger.c.obj
[kingler:ro] [228/388] Building C object zephyr/lib/libc/minimal/CMakeFiles/lib__libc__minimal.dir/source/string/strncasecmp.c.obj
[mtlrvpp_m1723:rw] [337/393] Building C object modules/ec/zephyr/CMakeFiles/ec_shim.dir/shim/src/adc.c.obj
[kingler:ro] [229/388] Building C object zephyr/lib/libc/minimal/CMakeFiles/lib__libc__minimal.dir/source/string/strerror.c.obj
[kingler:ro] [230/388] Building C object zephyr/lib/libc/minimal/CMakeFiles/lib__libc__minimal.dir/source/string/strstr.c.obj
[kingler:ro] [231/388] Building C object zephyr/lib/libc/minimal/CMakeFiles/lib__libc__minimal.dir/source/stdlib/qsort.c.obj
[kingler:ro] [232/388] Building C object zephyr/lib/libc/minimal/CMakeFiles/lib__libc__minimal.dir/source/string/strspn.c.obj
[kingler:ro] [233/388] Building C object zephyr/lib/libc/minimal/CMakeFiles/lib__libc__minimal.dir/source/string/string.c.obj
[mtlrvpp_m1723:rw] [338/393] Building C object modules/ec/zephyr/CMakeFiles/ec_shim.dir/shim/src/chipset_api.c.obj
[mtlrvpp_m1723:rw] [339/393] Building C object modules/ec/zephyr/CMakeFiles/ec_shim.dir/shim/src/host_command.c.obj
[mtlrvpp_m1723:rw] [340/393] Building C object modules/ec/zephyr/CMakeFiles/ec_shim.dir/shim/src/espi.c.obj
[kingler:ro] [234/388] Building C object zephyr/lib/libc/minimal/CMakeFiles/lib__libc__minimal.dir/source/math/sqrtf.c.obj
[mtlrvpp_m1723:rw] [341/393] Building C object modules/ec/zephyr/CMakeFiles/ec_shim.dir/shim/src/flash.c.obj
[kingler:ro] [235/388] Building C object zephyr/lib/libc/minimal/CMakeFiles/lib__libc__minimal.dir/source/stdlib/exit.c.obj
[mtlrvpp_m1723:rw] [342/393] Building C object modules/ec/zephyr/CMakeFiles/ec_shim.dir/shim/src/fan.c.obj
[mtlrvpp_m1723:rw] [343/393] Building C object modules/ec/zephyr/CMakeFiles/ec_shim.dir/shim/src/console_buffer.c.obj
[kingler:ro] [236/388] Building C object zephyr/lib/libc/minimal/CMakeFiles/lib__libc__minimal.dir/source/stdout/stdout_console.c.obj
[mtlrvpp_m1723:rw] [344/393] Building C object modules/ec/zephyr/CMakeFiles/ec_shim.dir/shim/src/hooks.c.obj
[spikyrock:rw] -- Board: it8xxx2, qualifiers: it82202ax/512
[mtlrvpp_m1723:rw] [345/393] Building C object modules/ec/zephyr/CMakeFiles/ec_shim.dir/shim/src/mkbp_event.c.obj
[kingler:ro] [237/388] Building C object zephyr/lib/libc/minimal/CMakeFiles/lib__libc__minimal.dir/source/stdout/sprintf.c.obj
[mtlrvpp_m1723:rw] [346/393] Building C object modules/ec/zephyr/CMakeFiles/ec_shim.dir/shim/src/ioex.c.obj
[kingler:ro] [238/388] Building C object zephyr/lib/libc/minimal/CMakeFiles/lib__libc__minimal.dir/source/math/sqrt.c.obj
[kingler:ro] [239/388] Building C object zephyr/lib/libc/common/CMakeFiles/lib__libc__common.dir/source/time/gmtime_r.c.obj
[mtlrvpp_m1723:rw] [347/393] Building C object modules/ec/zephyr/CMakeFiles/ec_shim.dir/shim/src/ioex_drv.c.obj
[kingler:ro] [240/388] Building C object zephyr/lib/libc/common/CMakeFiles/lib__libc__common.dir/source/time/asctime.c.obj
[kingler:ro] [241/388] Building C object zephyr/lib/libc/minimal/CMakeFiles/lib__libc__minimal.dir/source/stdout/fprintf.c.obj
[mtlrvpp_m1723:rw] [348/393] Building C object modules/ec/zephyr/CMakeFiles/ec_shim.dir/shim/src/panic.c.obj
[mtlrvpp_m1723:rw] [349/393] Building C object modules/ec/zephyr/CMakeFiles/ec_shim.dir/shim/src/thermal.c.obj
[mtlrvpp_m1723:rw] [350/393] Building C object modules/ec/zephyr/CMakeFiles/ec_shim.dir/shim/src/hwtimer.c.obj
[mtlrvpp_m1723:rw] [351/393] Building C object modules/ec/zephyr/CMakeFiles/ec_shim.dir/shim/src/temp_sensors.c.obj
[kingler:ro] [242/388] Building C object zephyr/lib/libc/common/CMakeFiles/lib__libc__common.dir/source/time/localtime_r_utc.c.obj
[kingler:ro] [243/388] Building C object zephyr/lib/libc/common/CMakeFiles/lib__libc__common.dir/source/time/ctime.c.obj
[kingler:ro] [244/388] Building C object zephyr/lib/libc/common/CMakeFiles/lib__libc__common.dir/source/stdlib/abort.c.obj
[kingler:ro] [245/388] Building C object zephyr/lib/libc/minimal/CMakeFiles/lib__libc__minimal.dir/source/time/gmtime.c.obj
[kingler:ro] [246/388] Building C object zephyr/lib/libc/common/CMakeFiles/lib__libc__common.dir/source/time/time.c.obj
[kingler:ro] [247/388] Building C object zephyr/lib/libc/common/CMakeFiles/lib__libc__common.dir/source/string/strnlen.c.obj
[kingler:ro] [248/388] Linking C static library zephyr/lib/libc/minimal/liblib__libc__minimal.a
[mtlrvpp_m1723:rw] [352/393] Building C object modules/ec/zephyr/CMakeFiles/ec_shim.dir/shim/src/i2c.c.obj
[kingler:ro] [249/388] Building C object zephyr/lib/posix/c_lib_ext/CMakeFiles/lib__posix__c_lib_ext.dir/fnmatch.c.obj
[kingler:ro] [250/388] Building C object zephyr/subsys/crc/CMakeFiles/subsys__crc.dir/crc4_sw.c.obj
[mtlrvpp_m1723:rw] [353/393] Building C object modules/ec/zephyr/CMakeFiles/ec_shim.dir/shim/src/watchdog.c.obj
[mtlrvpp_m1723:rw] [354/393] Building C object modules/ec/zephyr/CMakeFiles/ec_shim.dir/shim/src/tcpc_nct38xx.c.obj
[kingler:ro] [251/388] Building C object zephyr/subsys/crc/CMakeFiles/subsys__crc.dir/crc8_sw.c.obj
[mtlrvpp_m1723:rw] [355/393] Building C object modules/ec/zephyr/CMakeFiles/ec_shim.dir/shim/src/ppc.c.obj
[mtlrvpp_m1723:rw] [356/393] Building C object modules/ec/zephyr/CMakeFiles/ec_shim.dir/shim/src/power_host_sleep_api.c.obj
[kingler:ro] [252/388] Building C object zephyr/subsys/crc/CMakeFiles/subsys__crc.dir/crc16_sw.c.obj
[mtlrvpp_m1723:rw] [357/393] Building C object modules/ec/zephyr/CMakeFiles/ec_shim.dir/shim/src/tasks.c.obj
[mtlrvpp_m1723:rw] [358/393] Building C object zephyr/kernel/CMakeFiles/kernel.dir/main_weak.c.obj
[kingler:ro] [253/388] Building C object zephyr/subsys/crc/CMakeFiles/subsys__crc.dir/crc7_sw.c.obj
[mtlrvpp_m1723:rw] [359/393] Building C object zephyr/kernel/CMakeFiles/kernel.dir/banner.c.obj
[kingler:ro] [254/388] Building C object zephyr/subsys/crc/CMakeFiles/subsys__crc.dir/crc24_sw.c.obj
[kingler:ro] [255/388] Building C object zephyr/subsys/crc/CMakeFiles/subsys__crc.dir/crc32c_sw.c.obj
[kingler:ro] [256/388] Building C object zephyr/subsys/crc/CMakeFiles/subsys__crc.dir/crc32_sw.c.obj
[kingler:ro] [257/388] Building C object zephyr/lib/posix/c_lib_ext/CMakeFiles/lib__posix__c_lib_ext.dir/getentropy.c.obj
[kingler:ro] [258/388] Building C object zephyr/lib/posix/c_lib_ext/CMakeFiles/lib__posix__c_lib_ext.dir/getopt_shim.c.obj
[kingler:ro] [259/388] Building C object zephyr/subsys/crc/CMakeFiles/subsys__crc.dir/crc32k_4_2_sw.c.obj
[mtlrvpp_m1723:rw] [360/393] Building C object modules/ec/zephyr/CMakeFiles/ec_shim.dir/shim/src/usb_muxes.c.obj
[mtlrvpp_m1723:rw] [361/393] Building C object zephyr/kernel/CMakeFiles/kernel.dir/busy_wait.c.obj
[kingler:ro] [260/388] Building C object zephyr/lib/libc/common/CMakeFiles/lib__libc__common.dir/source/stdlib/malloc.c.obj
[kingler:ro] [261/388] Linking C static library zephyr/subsys/crc/libsubsys__crc.a
[mtlrvpp_m1723:rw] [362/393] Building C object modules/ec/zephyr/CMakeFiles/ec_shim.dir/shim/src/bb_retimer_usb_mux.c.obj
[kingler:ro] [262/388] Linking C static library zephyr/lib/libc/common/liblib__libc__common.a
[kingler:ro] [263/388] Linking C static library zephyr/lib/posix/c_lib_ext/liblib__posix__c_lib_ext.a
[mtlrvpp_m1723:rw] [363/393] Building C object zephyr/kernel/CMakeFiles/kernel.dir/errno.c.obj
[mtlrvpp_m1723:rw] [364/393] Building C object zephyr/kernel/CMakeFiles/kernel.dir/device.c.obj
[mtlrvpp_m1723:rw] [365/393] Building C object zephyr/kernel/CMakeFiles/kernel.dir/version.c.obj
[mtlrvpp_m1723:rw] [366/393] Building C object zephyr/kernel/CMakeFiles/kernel.dir/float.c.obj
[mtlrvpp_m1723:rw] [367/393] Linking C static library modules/ec/zephyr/libec_shim.a
[mtlrvpp_m1723:rw] [368/393] Building C object zephyr/kernel/CMakeFiles/kernel.dir/init.c.obj
[mtlrvpp_m1723:rw] [369/393] Building C object zephyr/kernel/CMakeFiles/kernel.dir/kheap.c.obj
[mtlrvpp_m1723:rw] [370/393] Building C object zephyr/kernel/CMakeFiles/kernel.dir/mem_slab.c.obj
[mtlrvpp_m1723:rw] [371/393] Building C object zephyr/kernel/CMakeFiles/kernel.dir/fatal.c.obj
[spikyrock:rw] -- Found Dtc: /usr/bin/dtc (found suitable version "1.6.0", minimum required is "1.4.6")
[spikyrock:rw] -- Found BOARD.dts: /mnt/host/source/src/platform/ec/zephyr/boards/google/it8xxx2/it8xxx2_it82202ax_512.dts
[spikyrock:rw] -- Found devicetree overlay: /mnt/host/source/src/platform/ec/zephyr/program/roach/spikyrock/project.overlay
[kingler:ro] [264/388] Building C object zephyr/drivers/adc/CMakeFiles/drivers__adc.dir/adc_common.c.obj
[kingler:ro] [265/388] Building C object zephyr/drivers/interrupt_controller/CMakeFiles/drivers__interrupt_controller.dir/intc_miwu.c.obj
[mtlrvpp_m1723:rw] [372/393] Building C object zephyr/kernel/CMakeFiles/kernel.dir/idle.c.obj
[mtlrvpp_m1723:rw] [373/393] Building C object zephyr/kernel/CMakeFiles/kernel.dir/mailbox.c.obj
[kingler:ro] [266/388] Building C object zephyr/drivers/bbram/CMakeFiles/drivers__bbram.dir/bbram_npcx.c.obj
[kingler:ro] [267/388] Linking C static library zephyr/drivers/interrupt_controller/libdrivers__interrupt_controller.a
[kingler:ro] [268/388] Building C object zephyr/drivers/clock_control/CMakeFiles/drivers__clock_control.dir/clock_control_npcx.c.obj
[mtlrvpp_m1723:rw] [374/393] Building C object zephyr/kernel/CMakeFiles/kernel.dir/mutex.c.obj
[mtlrvpp_m1723:rw] [375/393] Building C object zephyr/kernel/CMakeFiles/kernel.dir/system_work_q.c.obj
[kingler:ro] [269/388] Linking C static library zephyr/drivers/clock_control/libdrivers__clock_control.a
[mtlrvpp_m1723:rw] [376/393] Building C object zephyr/kernel/CMakeFiles/kernel.dir/msg_q.c.obj
[mtlrvpp_m1723:rw] [377/393] Building C object zephyr/kernel/CMakeFiles/kernel.dir/queue.c.obj
[mtlrvpp_m1723:rw] [378/393] Building C object zephyr/kernel/CMakeFiles/kernel.dir/sem.c.obj
[kingler:ro] [270/388] Linking C static library zephyr/drivers/bbram/libdrivers__bbram.a
[mtlrvpp_m1723:rw] [379/393] Building C object zephyr/kernel/CMakeFiles/kernel.dir/condvar.c.obj
[mtlrvpp_m1723:rw] [380/393] Building C object zephyr/kernel/CMakeFiles/kernel.dir/stack.c.obj
[kingler:ro] [271/388] Building C object zephyr/drivers/adc/CMakeFiles/drivers__adc.dir/adc_npcx.c.obj
[mtlrvpp_m1723:rw] [381/393] Building C object zephyr/kernel/CMakeFiles/kernel.dir/work.c.obj
[kingler:ro] [272/388] Linking C static library zephyr/drivers/adc/libdrivers__adc.a
[kingler:ro] [273/388] Building C object zephyr/drivers/console/CMakeFiles/drivers__console.dir/uart_console.c.obj
[mtlrvpp_m1723:rw] [382/393] Building C object zephyr/kernel/CMakeFiles/kernel.dir/thread.c.obj
[kingler:ro] [274/388] Linking C static library zephyr/drivers/console/libdrivers__console.a
[mtlrvpp_m1723:rw] [383/393] Building C object zephyr/kernel/CMakeFiles/kernel.dir/spinlock_validate.c.obj
[mtlrvpp_m1723:rw] [384/393] Building C object zephyr/kernel/CMakeFiles/kernel.dir/thread_monitor.c.obj
[kingler:ro] [275/388] Building C object zephyr/drivers/eeprom/CMakeFiles/drivers__eeprom.dir/eeprom_shell.c.obj
[mtlrvpp_m1723:rw] [385/393] Building C object zephyr/kernel/CMakeFiles/kernel.dir/pipe.c.obj
[crystaldrift:rw] Building: /usr/bin/ninja -C /mnt/host/source/src/platform/ec/build/zephyr/crystaldrift/build-rw all.libraries
Running `env -i SHELL=/bin/bash COLORTERM=truecolor DEPOT_TOOLS_UPDATE=0 LESS='-R -M --shift 5' SUDO_GID=0 JDK_HOME=/etc/java-config-2/current-system-vm CONFIG_PROTECT_MASK='/etc/gentoo-release /etc/sandbox.d /etc/fonts/fonts.conf /etc/terminfo /etc/ca-certificates.conf /etc/revdep-rebuild' CHROMEOS_CACHEDIR=/var/cache/chromeos-cache JAVA_HOME=/etc/java-config-2/current-system-vm SSH_AUTH_SOCK=/tmp/ssh-auth-sock SUDO_COMMAND=/bin/bash SUDO_USER=root SUDO_TTY=/dev/pts/2 EDITOR=/usr/bin/vi PWD=/mnt/host/source/src/platform/ec CONFIG_PROTECT=/usr/share/gnupg/qualified.txt LOGNAME=jpmurphy MANPATH=/etc/java-config-2/current-system-vm/man:/usr/local/share/man:/usr/share/man:/usr/share/gcc-data/x86_64-pc-linux-gnu/10.2.0/man:/usr/share/binutils-data/x86_64-pc-linux-gnu/2.45/man:/etc/java-config-2/current-system-vm/man/ SUDO_HOME=/root XAUTHORITY=/run/user/944457/gdm/Xauthority HOME=/home/jpmurphy LANG=C.UTF-8 LS_COLORS='rs=0:di=01;34:ln=01;36:mh=00:pi=40;33:so=01;35:do=01;35:bd=40;33;01:cd=40;33;01:or=01;05;37;41:mi=01;05;37;41:su=37;41:sg=30;43:ca=30;41:tw=30;42:ow=34;42:st=37;44:ex=01;32:*.tar=01;31:*.tgz=01;31:*.arc=01;31:*.arj=01;31:*.taz=01;31:*.lha=01;31:*.lz4=01;31:*.lzh=01;31:*.lzma=01;31:*.tlz=01;31:*.txz=01;31:*.tzo=01;31:*.t7z=01;31:*.zip=01;31:*.z=01;31:*.dz=01;31:*.gz=01;31:*.lrz=01;31:*.lz=01;31:*.lzo=01;31:*.xz=01;31:*.zst=01;31:*.tzst=01;31:*.bz2=01;31:*.bz=01;31:*.tbz=01;31:*.tbz2=01;31:*.tz=01;31:*.deb=01;31:*.rpm=01;31:*.jar=01;31:*.war=01;31:*.ear=01;31:*.sar=01;31:*.rar=01;31:*.alz=01;31:*.ace=01;31:*.zoo=01;31:*.cpio=01;31:*.7z=01;31:*.rz=01;31:*.cab=01;31:*.wim=01;31:*.swm=01;31:*.dwm=01;31:*.esd=01;31:*.jpg=01;35:*.jpeg=01;35:*.mjpg=01;35:*.mjpeg=01;35:*.gif=01;35:*.bmp=01;35:*.pbm=01;35:*.pgm=01;35:*.ppm=01;35:*.tga=01;35:*.xbm=01;35:*.xpm=01;35:*.tif=01;35:*.tiff=01;35:*.png=01;35:*.svg=01;35:*.svgz=01;35:*.mng=01;35:*.pcx=01;35:*.mov=01;35:*.mpg=01;35:*.mpeg=01;35:*.m2v=01;35:*.mkv=01;35:*.webm=01;35:*.webp=01;35:*.ogm=01;35:*.mp4=01;35:*.m4v=01;35:*.mp4v=01;35:*.vob=01;35:*.qt=01;35:*.nuv=01;35:*.wmv=01;35:*.asf=01;35:*.rm=01;35:*.rmvb=01;35:*.flc=01;35:*.avi=01;35:*.fli=01;35:*.flv=01;35:*.gl=01;35:*.dl=01;35:*.xcf=01;35:*.xwd=01;35:*.yuv=01;35:*.cgm=01;35:*.emf=01;35:*.ogv=01;35:*.ogx=01;35:*.cfg=00;32:*.conf=00;32:*.diff=00;32:*.doc=00;32:*.ini=00;32:*.log=00;32:*.patch=00;32:*.pdf=00;32:*.ps=00;32:*.tex=00;32:*.txt=00;32:*.aac=00;36:*.au=00;36:*.flac=00;36:*.m4a=00;36:*.mid=00;36:*.midi=00;36:*.mka=00;36:*.mp3=00;36:*.mpc=00;36:*.ogg=00;36:*.ra=00;36:*.wav=00;36:*.oga=00;36:*.opus=00;36:*.spx=00;36:*.xspf=00;36:' XDG_CURRENT_DESKTOP=GNOME INFOPATH=/usr/share/info:/usr/share/gcc-data/x86_64-pc-linux-gnu/10.2.0/info:/usr/share/binutils-data/x86_64-pc-linux-gnu/2.45/info:/usr/share/automake-1.16.5/info JAVAC=/etc/java-config-2/current-system-vm/bin/javac TERM=xterm-256color LESSOPEN='|lesspipe %s' USER=jpmurphy CROS_WORKON_SRCROOT=/mnt/host/source MANPAGER=manpager DISPLAY=:1 SHLVL=1 LC_MESSAGES=C EXTERNAL_TRUNK_PATH=/mnt/8f9d649a-3721-44cc-93c0-e6bd21a9689f/chromiumos GCC_SPECS='' PATH=/mnt/host/source/chromite/bin:/usr/local/bin:/usr/bin:/bin:/opt/bin:/mnt/host/source/chromite/sdk/bin:/mnt/host/source/chromite/bin PORTAGE_USERNAME=jpmurphy SUDO_UID=0 GCC_VER=10.2.0 MAIL=/var/mail/jpmurphy OLDPWD=/mnt/host/source/src/scripts traceparent=00-e87aca51550a78635907baa6a2476181-6d684811675d2973-01 _=./zephyr/firmware_builder.py COREBOOT_SDK_ROOT_x86=/home/jpmurphy/.cache/coreboot-sdk/i386-elf/dfbb0486385d938cfa9d73080b9d18d598ed4f49 COREBOOT_SDK_ROOT_picolibc_x86=/home/jpmurphy/.cache/coreboot-sdk/picolibc-i386-elf/eb8e8e687b95461de8cbf278f1c2076952d0ad17 COREBOOT_SDK_ROOT_riscv64=/home/jpmurphy/.cache/coreboot-sdk/riscv64-elf/96b949749225b6aaa92ed810ab769e8dfb12f000 COREBOOT_SDK_ROOT_picolibc_arm=/home/jpmurphy/.cache/coreboot-sdk/picolibc-arm-eabi/422a2aa3e1ef891b5bece9a3deb696ff83840d2e COREBOOT_SDK_ROOT_nds32=/home/jpmurphy/.cache/coreboot-sdk/nds32le-elf/d1a518c4a097666d86058e1444f85ca015d15511 COREBOOT_SDK_ROOT_picolibc_riscv64=/home/jpmurphy/.cache/coreboot-sdk/picolibc-riscv64-elf/f571e990ef0278564b31124f8bb109d9a697eb69 COREBOOT_SDK_ROOT_arm=/home/jpmurphy/.cache/coreboot-sdk/arm-eabi/ea40ddd1d190c3b48435c474c0b545719371813a COREBOOT_SDK_ROOT_libstdcxx_riscv64=/home/jpmurphy/.cache/coreboot-sdk/libstdcxx-riscv64-elf/17abf22a3a252e2d5d2062ced5324f7a623689e0 COREBOOT_SDK_ROOT_libstdcxx_arm=/home/jpmurphy/.cache/coreboot-sdk/libstdcxx-arm-eabi/5d7d82e150e44aa1968f1d366e267e6687b328ac COREBOOT_SDK_ROOT_riscv=/home/jpmurphy/.cache/coreboot-sdk/riscv-elf/9a27b9e82341c6e9126624f516ab3f261abb3e73 COREBOOT_SDK_ROOT_libstdcxx_x86=/home/jpmurphy/.cache/coreboot-sdk/libstdcxx-i386-elf/42ef9d2e87a76a37963175d7d428734e65648b87 PYTHONPATH=/mnt/host/source/src/platform/ec/zephyr/zmake PW_PIGWEED_CIPD_INSTALL_DIR=/usr CROSTC_USER_ACKNOWLEDGES_THAT_RISCV_IS_EXPERIMENTAL=1 MAKEFLAGS=' -j16 --jobserver-auth=5,6' /usr/bin/ninja -C /mnt/host/source/src/platform/ec/build/zephyr/crystaldrift/build-rw all.libraries`
[mtlrvpp_m1723:rw] [386/393] Building C object zephyr/kernel/CMakeFiles/kernel.dir/timeout.c.obj
[crystaldrift:rw] ninja: Entering directory `/mnt/host/source/src/platform/ec/build/zephyr/crystaldrift/build-rw'
[mtlrvpp_m1723:rw] [387/393] Building C object zephyr/kernel/CMakeFiles/kernel.dir/sched.c.obj
[crystaldrift:ro] Building: /usr/bin/ninja -C /mnt/host/source/src/platform/ec/build/zephyr/crystaldrift/build-ro all.libraries
[mtlrvpp_m1723:rw] [388/393] Building C object zephyr/kernel/CMakeFiles/kernel.dir/timer.c.obj
Running `env -i SHELL=/bin/bash COLORTERM=truecolor DEPOT_TOOLS_UPDATE=0 LESS='-R -M --shift 5' SUDO_GID=0 JDK_HOME=/etc/java-config-2/current-system-vm CONFIG_PROTECT_MASK='/etc/gentoo-release /etc/sandbox.d /etc/fonts/fonts.conf /etc/terminfo /etc/ca-certificates.conf /etc/revdep-rebuild' CHROMEOS_CACHEDIR=/var/cache/chromeos-cache JAVA_HOME=/etc/java-config-2/current-system-vm SSH_AUTH_SOCK=/tmp/ssh-auth-sock SUDO_COMMAND=/bin/bash SUDO_USER=root SUDO_TTY=/dev/pts/2 EDITOR=/usr/bin/vi PWD=/mnt/host/source/src/platform/ec CONFIG_PROTECT=/usr/share/gnupg/qualified.txt LOGNAME=jpmurphy MANPATH=/etc/java-config-2/current-system-vm/man:/usr/local/share/man:/usr/share/man:/usr/share/gcc-data/x86_64-pc-linux-gnu/10.2.0/man:/usr/share/binutils-data/x86_64-pc-linux-gnu/2.45/man:/etc/java-config-2/current-system-vm/man/ SUDO_HOME=/root XAUTHORITY=/run/user/944457/gdm/Xauthority HOME=/home/jpmurphy LANG=C.UTF-8 LS_COLORS='rs=0:di=01;34:ln=01;36:mh=00:pi=40;33:so=01;35:do=01;35:bd=40;33;01:cd=40;33;01:or=01;05;37;41:mi=01;05;37;41:su=37;41:sg=30;43:ca=30;41:tw=30;42:ow=34;42:st=37;44:ex=01;32:*.tar=01;31:*.tgz=01;31:*.arc=01;31:*.arj=01;31:*.taz=01;31:*.lha=01;31:*.lz4=01;31:*.lzh=01;31:*.lzma=01;31:*.tlz=01;31:*.txz=01;31:*.tzo=01;31:*.t7z=01;31:*.zip=01;31:*.z=01;31:*.dz=01;31:*.gz=01;31:*.lrz=01;31:*.lz=01;31:*.lzo=01;31:*.xz=01;31:*.zst=01;31:*.tzst=01;31:*.bz2=01;31:*.bz=01;31:*.tbz=01;31:*.tbz2=01;31:*.tz=01;31:*.deb=01;31:*.rpm=01;31:*.jar=01;31:*.war=01;31:*.ear=01;31:*.sar=01;31:*.rar=01;31:*.alz=01;31:*.ace=01;31:*.zoo=01;31:*.cpio=01;31:*.7z=01;31:*.rz=01;31:*.cab=01;31:*.wim=01;31:*.swm=01;31:*.dwm=01;31:*.esd=01;31:*.jpg=01;35:*.jpeg=01;35:*.mjpg=01;35:*.mjpeg=01;35:*.gif=01;35:*.bmp=01;35:*.pbm=01;35:*.pgm=01;35:*.ppm=01;35:*.tga=01;35:*.xbm=01;35:*.xpm=01;35:*.tif=01;35:*.tiff=01;35:*.png=01;35:*.svg=01;35:*.svgz=01;35:*.mng=01;35:*.pcx=01;35:*.mov=01;35:*.mpg=01;35:*.mpeg=01;35:*.m2v=01;35:*.mkv=01;35:*.webm=01;35:*.webp=01;35:*.ogm=01;35:*.mp4=01;35:*.m4v=01;35:*.mp4v=01;35:*.vob=01;35:*.qt=01;35:*.nuv=01;35:*.wmv=01;35:*.asf=01;35:*.rm=01;35:*.rmvb=01;35:*.flc=01;35:*.avi=01;35:*.fli=01;35:*.flv=01;35:*.gl=01;35:*.dl=01;35:*.xcf=01;35:*.xwd=01;35:*.yuv=01;35:*.cgm=01;35:*.emf=01;35:*.ogv=01;35:*.ogx=01;35:*.cfg=00;32:*.conf=00;32:*.diff=00;32:*.doc=00;32:*.ini=00;32:*.log=00;32:*.patch=00;32:*.pdf=00;32:*.ps=00;32:*.tex=00;32:*.txt=00;32:*.aac=00;36:*.au=00;36:*.flac=00;36:*.m4a=00;36:*.mid=00;36:*.midi=00;36:*.mka=00;36:*.mp3=00;36:*.mpc=00;36:*.ogg=00;36:*.ra=00;36:*.wav=00;36:*.oga=00;36:*.opus=00;36:*.spx=00;36:*.xspf=00;36:' XDG_CURRENT_DESKTOP=GNOME INFOPATH=/usr/share/info:/usr/share/gcc-data/x86_64-pc-linux-gnu/10.2.0/info:/usr/share/binutils-data/x86_64-pc-linux-gnu/2.45/info:/usr/share/automake-1.16.5/info JAVAC=/etc/java-config-2/current-system-vm/bin/javac TERM=xterm-256color LESSOPEN='|lesspipe %s' USER=jpmurphy CROS_WORKON_SRCROOT=/mnt/host/source MANPAGER=manpager DISPLAY=:1 SHLVL=1 LC_MESSAGES=C EXTERNAL_TRUNK_PATH=/mnt/8f9d649a-3721-44cc-93c0-e6bd21a9689f/chromiumos GCC_SPECS='' PATH=/mnt/host/source/chromite/bin:/usr/local/bin:/usr/bin:/bin:/opt/bin:/mnt/host/source/chromite/sdk/bin:/mnt/host/source/chromite/bin PORTAGE_USERNAME=jpmurphy SUDO_UID=0 GCC_VER=10.2.0 MAIL=/var/mail/jpmurphy OLDPWD=/mnt/host/source/src/scripts traceparent=00-e87aca51550a78635907baa6a2476181-6d684811675d2973-01 _=./zephyr/firmware_builder.py COREBOOT_SDK_ROOT_x86=/home/jpmurphy/.cache/coreboot-sdk/i386-elf/dfbb0486385d938cfa9d73080b9d18d598ed4f49 COREBOOT_SDK_ROOT_picolibc_x86=/home/jpmurphy/.cache/coreboot-sdk/picolibc-i386-elf/eb8e8e687b95461de8cbf278f1c2076952d0ad17 COREBOOT_SDK_ROOT_riscv64=/home/jpmurphy/.cache/coreboot-sdk/riscv64-elf/96b949749225b6aaa92ed810ab769e8dfb12f000 COREBOOT_SDK_ROOT_picolibc_arm=/home/jpmurphy/.cache/coreboot-sdk/picolibc-arm-eabi/422a2aa3e1ef891b5bece9a3deb696ff83840d2e COREBOOT_SDK_ROOT_nds32=/home/jpmurphy/.cache/coreboot-sdk/nds32le-elf/d1a518c4a097666d86058e1444f85ca015d15511 COREBOOT_SDK_ROOT_picolibc_riscv64=/home/jpmurphy/.cache/coreboot-sdk/picolibc-riscv64-elf/f571e990ef0278564b31124f8bb109d9a697eb69 COREBOOT_SDK_ROOT_arm=/home/jpmurphy/.cache/coreboot-sdk/arm-eabi/ea40ddd1d190c3b48435c474c0b545719371813a COREBOOT_SDK_ROOT_libstdcxx_riscv64=/home/jpmurphy/.cache/coreboot-sdk/libstdcxx-riscv64-elf/17abf22a3a252e2d5d2062ced5324f7a623689e0 COREBOOT_SDK_ROOT_libstdcxx_arm=/home/jpmurphy/.cache/coreboot-sdk/libstdcxx-arm-eabi/5d7d82e150e44aa1968f1d366e267e6687b328ac COREBOOT_SDK_ROOT_riscv=/home/jpmurphy/.cache/coreboot-sdk/riscv-elf/9a27b9e82341c6e9126624f516ab3f261abb3e73 COREBOOT_SDK_ROOT_libstdcxx_x86=/home/jpmurphy/.cache/coreboot-sdk/libstdcxx-i386-elf/42ef9d2e87a76a37963175d7d428734e65648b87 PYTHONPATH=/mnt/host/source/src/platform/ec/zephyr/zmake PW_PIGWEED_CIPD_INSTALL_DIR=/usr CROSTC_USER_ACKNOWLEDGES_THAT_RISCV_IS_EXPERIMENTAL=1 MAKEFLAGS=' -j16 --jobserver-auth=5,6' /usr/bin/ninja -C /mnt/host/source/src/platform/ec/build/zephyr/crystaldrift/build-ro all.libraries`
[kingler:ro] [276/388] Building C object zephyr/drivers/eeprom/CMakeFiles/drivers__eeprom.dir/eeprom_at2x.c.obj
[crystaldrift:ro] ninja: Entering directory `/mnt/host/source/src/platform/ec/build/zephyr/crystaldrift/build-ro'
[kingler:ro] [277/388] Building C object zephyr/drivers/flash/CMakeFiles/drivers__flash.dir/jesd216.c.obj
[kingler:ro] [278/388] Linking C static library zephyr/drivers/eeprom/libdrivers__eeprom.a
[mtlrvpp_m1723:rw] [389/393] Building C object zephyr/kernel/CMakeFiles/kernel.dir/events.c.obj
[mtlrvpp_m1723:rw] [390/393] Building C object zephyr/kernel/CMakeFiles/kernel.dir/poll.c.obj
[crystaldrift:ro] [1/416] Preparing syscall dependency handling
[crystaldrift:rw] [1/418] Preparing syscall dependency handling
[spikyrock:rw] -- Generated zephyr.dts: /mnt/host/source/src/platform/ec/build/zephyr/spikyrock/build-rw/zephyr/zephyr.dts
[mtlrvpp_m1723:rw] [391/393] Building C object zephyr/kernel/CMakeFiles/kernel.dir/mempool.c.obj
[crystaldrift:ro] [2/416] Generating misc/generated/syscalls_subdirs.trigger
[crystaldrift:rw] [2/418] Generating misc/generated/syscalls_subdirs.trigger
[crystaldrift:ro] [3/416] cd /mnt/host/source/src/platform/ec/build/zephyr/crystaldrift/build-ro/modules/ec/zephyr && PYTHONPATH=/mnt/host/source/src/platform/ec/build/zephyr/crystaldrift/modules/ec/zephyr/zmake/ /usr/bin/python3.11 /mnt/host/source/src/platform/ec/build/zephyr/crystaldrift/modules/ec/zephyr/zmake/zephyr_build_tools/generate_ec_version.py /mnt/host/source/src/platform/ec/build/zephyr/crystaldrift/build-ro/modules/ec/zephyr/include/ec_version.h --name Zephyr-Kernel --version 16543.0.0 --static
[crystaldrift:ro] INFO:root:Using a static version string
[kingler:ro] [279/388] Building C object zephyr/drivers/flash/CMakeFiles/drivers__flash.dir/flash_npcx_fiu_nor.c.obj
Running (initial) lcov on /mnt/host/source/src/platform/ec/build/zephyr/winterhold.
[mtlrvpp_m1723:rw] [392/393] Building C object zephyr/kernel/CMakeFiles/kernel.dir/dynamic_disabled.c.obj
[mtlrvpp_m1723:rw] [393/393] Linking C static library zephyr/kernel/libkernel.a
[kingler:ro] [280/388] Building C object zephyr/drivers/i2c/CMakeFiles/drivers__i2c.dir/i2c_common.c.obj
[crystaldrift:rw] [3/418] Generating include/generated/zephyr/version.h
[crystaldrift:rw] -- git describe warned: warning: tag 'upstream/v2.7.99' is externally known as 'v2.7.99'
[crystaldrift:rw] -- Zephyr version: 4.3.99 (/mnt/host/source/src/third_party/zephyr/main)
[crystaldrift:rw] [4/418] cd /mnt/host/source/src/platform/ec/build/zephyr/crystaldrift/build-rw/modules/ec/zephyr && PYTHONPATH=/mnt/host/source/src/platform/ec/build/zephyr/crystaldrift/modules/ec/zephyr/zmake/ /usr/bin/python3.11 /mnt/host/source/src/platform/ec/build/zephyr/crystaldrift/modules/ec/zephyr/zmake/zephyr_build_tools/generate_ec_version.py /mnt/host/source/src/platform/ec/build/zephyr/crystaldrift/build-rw/modules/ec/zephyr/include/ec_version.h --name Zephyr-Kernel --version 16543.0.0 --static
[kingler:ro] [281/388] Building C object zephyr/drivers/flash/CMakeFiles/drivers__flash.dir/flash_npcx_fiu_qspi.c.obj
[spikyrock:rw] -- Generated pickled edt: /mnt/host/source/src/platform/ec/build/zephyr/spikyrock/build-rw/zephyr/edt.pickle
[spikyrock:rw] -- Generated devicetree_generated.h: /mnt/host/source/src/platform/ec/build/zephyr/spikyrock/build-rw/zephyr/include/generated/zephyr/devicetree_generated.h
[kingler:ro] [282/388] Linking C static library zephyr/drivers/flash/libdrivers__flash.a
[crystaldrift:ro] INFO:root:Version string: Zephyr-Kernel-16543.0.0
[crystaldrift:ro] INFO:root:Writing header to /mnt/host/source/src/platform/ec/build/zephyr/crystaldrift/build-ro/modules/ec/zephyr/include/ec_version.h
[crystaldrift:ro] [4/416] Generating include/generated/zephyr/version.h
[kingler:ro] [283/388] Building C object zephyr/drivers/i2c/CMakeFiles/drivers__i2c.dir/i2c_shell.c.obj
Running `env -i PYTHONPATH=/usr/lib64/python-exec/python3.11:/mnt/host/source/src/platform/ec/zephyr/zmake:/usr/lib/python311.zip:/usr/lib/python3.11:/usr/lib/python3.11/lib-dynload:/usr/lib/python3.11/site-packages PW_PIGWEED_CIPD_INSTALL_DIR=/usr CROSTC_USER_ACKNOWLEDGES_THAT_RISCV_IS_EXPERIMENTAL=1 PATH=/mnt/host/source/chromite/bin:/usr/local/bin:/usr/bin:/bin:/opt/bin:/mnt/host/source/chromite/sdk/bin:/mnt/host/source/chromite/bin HOME=/home/jpmurphy JAVA_HOME=/etc/java-config-2/current-system-vm JDK_HOME=/etc/java-config-2/current-system-vm JAVAC=/etc/java-config-2/current-system-vm/bin/javac MAKEFLAGS=' -j16 --jobserver-auth=5,6' /usr/bin/lcov --gcov-tool /mnt/host/source/src/platform/ec/build/zephyr/winterhold/build-rw/gcov.sh -q -o - -c -d /mnt/host/source/src/platform/ec/build/zephyr/winterhold -t winterhold --rc branch_coverage=1 --filter range --ignore-errors inconsistent,source --ignore-errors gcov,gcov -i`
[kingler:ro] [284/388] Building C object zephyr/drivers/i2c/CMakeFiles/drivers__i2c.dir/i2c_npcx_controller_fifo.c.obj
[kingler:ro] [285/388] Building C object zephyr/drivers/gpio/CMakeFiles/drivers__gpio.dir/gpio_npcx.c.obj
[kingler:ro] [286/388] Linking C static library zephyr/drivers/gpio/libdrivers__gpio.a
[kingler:ro] [287/388] Building C object zephyr/drivers/i2c/CMakeFiles/drivers__i2c.dir/i2c_npcx_controller.c.obj
[kingler:ro] [288/388] Building C object zephyr/drivers/pinctrl/CMakeFiles/drivers__pinctrl.dir/common.c.obj
[kingler:ro] [289/388] Building C object zephyr/drivers/i2c/CMakeFiles/drivers__i2c.dir/i2c_npcx_port.c.obj
[kingler:ro] [290/388] Linking C static library zephyr/drivers/i2c/libdrivers__i2c.a
[crystaldrift:ro] -- git describe warned: warning: tag 'upstream/v2.7.99' is externally known as 'v2.7.99'
[crystaldrift:ro] -- Zephyr version: 4.3.99 (/mnt/host/source/src/third_party/zephyr/main)
[crystaldrift:ro] [5/416] Generating misc/generated/syscalls.json, misc/generated/struct_tags.json
Running (initial) lcov on /mnt/host/source/src/platform/ec/build/zephyr/mtlrvpp_m1723.
[kingler:ro] [291/388] Building C object zephyr/drivers/pinctrl/CMakeFiles/drivers__pinctrl.dir/pinctrl_npcx.c.obj
[crystaldrift:rw] INFO:root:Using a static version string
[crystaldrift:rw] INFO:root:Version string: Zephyr-Kernel-16543.0.0
[crystaldrift:rw] INFO:root:Writing header to /mnt/host/source/src/platform/ec/build/zephyr/crystaldrift/build-rw/modules/ec/zephyr/include/ec_version.h
[crystaldrift:rw] [5/418] Generating misc/generated/syscalls.json, misc/generated/struct_tags.json
[kingler:ro] [292/388] Linking C static library zephyr/drivers/pinctrl/libdrivers__pinctrl.a
[kingler:ro] [293/388] Building C object zephyr/drivers/pwm/CMakeFiles/drivers__pwm.dir/pwm_shell.c.obj
[kingler:ro] [294/388] Building C object zephyr/drivers/syscon/CMakeFiles/drivers__syscon.dir/syscon.c.obj
[crystaldrift:rw] [6/418] Generating include/generated/zephyr/syscall_dispatch.c, include/generated/zephyr/syscall_exports_llext.c, syscall_weakdefs_llext.c, include/generated/zephyr/syscall_list.h
[crystaldrift:ro] [6/416] Generating include/generated/zephyr/syscall_dispatch.c, include/generated/zephyr/syscall_exports_llext.c, syscall_weakdefs_llext.c, include/generated/zephyr/syscall_list.h
[kingler:ro] [295/388] Linking C static library zephyr/drivers/syscon/libdrivers__syscon.a
[kingler:ro] [296/388] Building C object zephyr/drivers/timer/CMakeFiles/drivers__timer.dir/sys_clock_init.c.obj
Running `env -i PYTHONPATH=/usr/lib64/python-exec/python3.11:/mnt/host/source/src/platform/ec/zephyr/zmake:/usr/lib/python311.zip:/usr/lib/python3.11:/usr/lib/python3.11/lib-dynload:/usr/lib/python3.11/site-packages PW_PIGWEED_CIPD_INSTALL_DIR=/usr CROSTC_USER_ACKNOWLEDGES_THAT_RISCV_IS_EXPERIMENTAL=1 PATH=/mnt/host/source/chromite/bin:/usr/local/bin:/usr/bin:/bin:/opt/bin:/mnt/host/source/chromite/sdk/bin:/mnt/host/source/chromite/bin HOME=/home/jpmurphy JAVA_HOME=/etc/java-config-2/current-system-vm JDK_HOME=/etc/java-config-2/current-system-vm JAVAC=/etc/java-config-2/current-system-vm/bin/javac MAKEFLAGS=' -j16 --jobserver-auth=5,6' /usr/bin/lcov --gcov-tool /mnt/host/source/src/platform/ec/build/zephyr/mtlrvpp_m1723/build-rw/gcov.sh -q -o - -c -d /mnt/host/source/src/platform/ec/build/zephyr/mtlrvpp_m1723 -t mtlrvpp_m1723 --rc branch_coverage=1 --filter range --ignore-errors inconsistent,source --ignore-errors gcov,gcov -i`
[kingler:ro] [297/388] Building C object zephyr/drivers/pwm/CMakeFiles/drivers__pwm.dir/pwm_npcx.c.obj
[kingler:ro] [298/388] Building C object zephyr/drivers/timer/CMakeFiles/drivers__timer.dir/npcx_itim_timer.c.obj
[crystaldrift:rw] [7/418] Generating include/generated/zephyr/driver-validation.h
[crystaldrift:ro] [7/416] Generating include/generated/zephyr/driver-validation.h
[kingler:ro] [299/388] Linking C static library zephyr/drivers/pwm/libdrivers__pwm.a
[kingler:ro] [300/388] Building C object zephyr/drivers/serial/CMakeFiles/drivers__serial.dir/uart_npcx.c.obj
[kingler:ro] [301/388] Linking C static library zephyr/drivers/timer/libdrivers__timer.a
[kingler:ro] [302/388] Linking C static library zephyr/drivers/serial/libdrivers__serial.a
[kingler:ro] [303/388] Building C object zephyr/drivers/watchdog/CMakeFiles/drivers__watchdog.dir/wdt_shell.c.obj
[kingler:ro] [304/388] Building C object zephyr/drivers/watchdog/CMakeFiles/drivers__watchdog.dir/wdt_npcx.c.obj
[kingler:ro] [305/388] Linking C static library zephyr/drivers/watchdog/libdrivers__watchdog.a
[crystaldrift:ro] [8/416] Generating include/generated/zephyr/kobj-types-enum.h, include/generated/zephyr/otype-to-str.h, include/generated/zephyr/otype-to-size.h
[/mnt/host/source/src/platform/ec/build/zephyr/winterhold-lcov] geninfo: WARNING: using JSON module "JSON::PP" - which is much slower than some alternatives.  Consider installing one of JSON::XS or Cpanel::JSON::XS
[crystaldrift:rw] [8/418] Generating include/generated/zephyr/kobj-types-enum.h, include/generated/zephyr/otype-to-str.h, include/generated/zephyr/otype-to-size.h
[crystaldrift:ro] [9/416] Generating include/generated/device-api-sections.ld, include/generated/device-api-sections.cmake
[crystaldrift:rw] [9/418] Generating include/generated/device-api-sections.ld, include/generated/device-api-sections.cmake
[kingler:ro] [306/388] Building C object modules/ec/zephyr/CMakeFiles/ec_shim.dir/app/ec/ec_app_main.c.obj
[kingler:ro] [307/388] Building C object modules/ec/zephyr/CMakeFiles/ec_shim.dir/app/ec/main_shim.c.obj
[spikyrock:rw] /mnt/host/source/src/platform/ec/build/zephyr/spikyrock/build-rw/zephyr/zephyr.dts:1269.27-1931.5: Warning (avoid_unnecessary_addr_size): /soc/pin-controller: unnecessary #address-cells/#size-cells without "ranges" or child "reg" property
[kingler:ro] [308/388] Building C object modules/ec/zephyr/CMakeFiles/ec_shim.dir/drivers/cros_flash/cros_flash_npcx.c.obj
[kingler:ro] [309/388] Building C object modules/ec/zephyr/CMakeFiles/ec_shim.dir/drivers/cros_kb_raw/cros_kb_raw_npcx.c.obj
[kingler:ro] [310/388] Building C object modules/ec/zephyr/CMakeFiles/ec_shim.dir/shim/chip/npcx/keyboard_raw.c.obj
[kingler:ro] [311/388] Building C object modules/ec/zephyr/CMakeFiles/ec_shim.dir/shim/chip/npcx/rom_chip.c.obj
[/mnt/host/source/src/platform/ec/build/zephyr/mtlrvpp_m1723-lcov] geninfo: WARNING: using JSON module "JSON::PP" - which is much slower than some alternatives.  Consider installing one of JSON::XS or Cpanel::JSON::XS
[kingler:ro] [312/388] Building C object modules/ec/zephyr/CMakeFiles/ec_shim.dir/shim/chip/npcx/clock.c.obj
[kingler:ro] [313/388] Building C object modules/ec/zephyr/CMakeFiles/ec_shim.dir/shim/chip/npcx/gpio.c.obj
[kingler:ro] [314/388] Building C object modules/ec/zephyr/CMakeFiles/ec_shim.dir/drivers/cros_system/cros_system_npcx.c.obj
[kingler:ro] [315/388] Building C object modules/ec/zephyr/CMakeFiles/ec_shim.dir/drivers/cros_shi/cros_shi_npcx.c.obj
[crystaldrift:ro] [10/416] Building C object zephyr/CMakeFiles/offsets.dir/arch/arm/core/offsets/offsets.c.obj
[kingler:ro] [316/388] Building C object modules/ec/zephyr/CMakeFiles/ec_shim.dir/shim/src/crc.c.obj
[kingler:ro] [317/388] Building C object modules/ec/zephyr/CMakeFiles/ec_shim.dir/shim/chip/npcx/shi.c.obj
[crystaldrift:rw] [10/418] Building C object zephyr/CMakeFiles/offsets.dir/arch/arm/core/offsets/offsets.c.obj
[crystaldrift:ro] [11/416] Generating include/generated/zephyr/offsets.h
[kingler:ro] [318/388] Building C object modules/ec/zephyr/CMakeFiles/ec_shim.dir/shim/chip/npcx/system.c.obj
[crystaldrift:rw] [11/418] Generating include/generated/zephyr/offsets.h
[kingler:ro] [319/388] Building C object modules/ec/zephyr/CMakeFiles/ec_shim.dir/shim/chip/npcx/system_external_storage.c.obj
[/mnt/host/source/src/platform/ec/build/zephyr/winterhold-lcov] stderr:
[kingler:ro] [320/388] Building C object modules/ec/zephyr/CMakeFiles/ec_shim.dir/shim/core/cortex-m/panic.c.obj
[kingler:ro] [321/388] Building C object modules/ec/zephyr/CMakeFiles/ec_shim.dir/shim/core/cortex-m/mpu.c.obj
[kingler:ro] [322/388] Building C object modules/ec/zephyr/CMakeFiles/ec_shim.dir/shim/src/gpio_int.c.obj
[kingler:ro] [323/388] Building C object modules/ec/zephyr/CMakeFiles/ec_shim.dir/shim/src/panic_utils.c.obj
[/mnt/host/source/src/platform/ec/build/zephyr/winterhold-lcov]   /mnt/host/source/src/platform/ec/build/zephyr/winterhold/build-ro/modules/ec/zephyr/CMakeFiles/ec_shim.dir/shim/src/thermal.c.gcno:no functions found
[/mnt/host/source/src/platform/ec/build/zephyr/winterhold-lcov] stderr:
[kingler:ro] [324/388] Building C object modules/ec/zephyr/CMakeFiles/ec_shim.dir/shim/chip/npcx/power_policy.c.obj
[kingler:ro] [325/388] Building C object modules/ec/zephyr/CMakeFiles/ec_shim.dir/shim/src/console.c.obj
[/mnt/host/source/src/platform/ec/build/zephyr/mtlrvpp_m1723-lcov] stderr:
[kingler:ro] [326/388] Building C object modules/ec/zephyr/CMakeFiles/ec_shim.dir/shim/src/pm_state.c.obj
[kingler:ro] [327/388] Building ASM object modules/ec/zephyr/CMakeFiles/ec_shim.dir/shim/src/libgcc_arm.S.obj
[kingler:ro] [328/388] Building C object modules/ec/zephyr/CMakeFiles/ec_shim.dir/shim/src/cbi/cros_cbi.c.obj
[crystaldrift:ro] [12/416] Building C object CMakeFiles/app.dir/mnt/host/source/src/platform/ec/zephyr/subsys/ap_pwrseq/ap_events.c.obj
[kingler:ro] [329/388] Building C object modules/ec/zephyr/CMakeFiles/ec_shim.dir/shim/src/gpio.c.obj
[crystaldrift:rw] [12/418] Building C object CMakeFiles/app.dir/mnt/host/source/src/platform/ec/zephyr/subsys/ap_pwrseq/ap_events.c.obj
[/mnt/host/source/src/platform/ec/build/zephyr/winterhold-lcov]   /mnt/host/source/src/platform/ec/build/zephyr/winterhold/build-ro/modules/ec/zephyr/CMakeFiles/ec_shim.dir/shim/src/battery.c.gcno:no functions found
[/mnt/host/source/src/platform/ec/build/zephyr/winterhold-lcov] stderr:
[/mnt/host/source/src/platform/ec/build/zephyr/winterhold-lcov]   /mnt/host/source/src/platform/ec/build/zephyr/winterhold/build-ro/modules/ec/zephyr/CMakeFiles/ec_shim.dir/shim/src/charger.c.gcno:no functions found
[/mnt/host/source/src/platform/ec/build/zephyr/winterhold-lcov] stderr:
[kingler:ro] [330/388] Building C object modules/ec/zephyr/CMakeFiles/ec_shim.dir/shim/src/cbi/cbi_eeprom.c.obj
[/mnt/host/source/src/platform/ec/build/zephyr/mtlrvpp_m1723-lcov]   /mnt/host/source/src/platform/ec/build/zephyr/mtlrvpp_m1723/build-ro/modules/ec/zephyr/CMakeFiles/ec_shim.dir/shim/src/thermal.c.gcno:no functions found
[/mnt/host/source/src/platform/ec/build/zephyr/mtlrvpp_m1723-lcov] stderr:
[kingler:ro] [331/388] Building C object modules/ec/zephyr/CMakeFiles/ec_shim.dir/shim/src/led_driver/led.c.obj
[kingler:ro] [332/388] Building C object modules/ec/zephyr/CMakeFiles/ec_shim.dir/shim/src/led_driver/led_pwm.c.obj
[/mnt/host/source/src/platform/ec/build/zephyr/mtlrvpp_m1723-lcov]   /mnt/host/source/src/platform/ec/build/zephyr/mtlrvpp_m1723/build-ro/modules/ec/zephyr/CMakeFiles/ec_shim.dir/shim/src/battery.c.gcno:no functions found
[/mnt/host/source/src/platform/ec/build/zephyr/mtlrvpp_m1723-lcov] stderr:
[/mnt/host/source/src/platform/ec/build/zephyr/mtlrvpp_m1723-lcov]   /mnt/host/source/src/platform/ec/build/zephyr/mtlrvpp_m1723/build-ro/modules/ec/zephyr/CMakeFiles/ec_shim.dir/shim/src/charger.c.gcno:no functions found
[/mnt/host/source/src/platform/ec/build/zephyr/mtlrvpp_m1723-lcov] stderr:
[kingler:ro] [333/388] Building C object modules/ec/zephyr/CMakeFiles/ec_shim.dir/shim/src/battery.c.obj
[kingler:ro] [334/388] Building C object modules/ec/zephyr/CMakeFiles/ec_shim.dir/shim/src/system.c.obj
[kingler:ro] [335/388] Building C object modules/ec/zephyr/CMakeFiles/ec_shim.dir/shim/src/charger.c.obj
[kingler:ro] [336/388] Building C object modules/ec/zephyr/CMakeFiles/ec_shim.dir/shim/src/flash.c.obj
[kingler:ro] [337/388] Building C object modules/ec/zephyr/CMakeFiles/ec_shim.dir/shim/src/adc.c.obj
[kingler:ro] [338/388] Building C object modules/ec/zephyr/CMakeFiles/ec_shim.dir/shim/src/host_command.c.obj
[crystaldrift:ro] [13/416] Building C object CMakeFiles/app.dir/mnt/host/source/src/platform/ec/build/zephyr/crystaldrift/modules/ec/builtin/stdlib.c.obj
[kingler:ro] [339/388] Building C object modules/ec/zephyr/CMakeFiles/ec_shim.dir/shim/src/hooks.c.obj
[kingler:ro] [340/388] Building C object modules/ec/zephyr/CMakeFiles/ec_shim.dir/shim/src/console_buffer.c.obj
[crystaldrift:rw] [13/418] Building C object CMakeFiles/app.dir/mnt/host/source/src/platform/ec/build/zephyr/crystaldrift/modules/ec/builtin/stdlib.c.obj
[kingler:ro] [341/388] Building C object modules/ec/zephyr/CMakeFiles/ec_shim.dir/shim/src/keyboard_raw.c.obj
[kingler:ro] [342/388] Building C object modules/ec/zephyr/CMakeFiles/ec_shim.dir/shim/src/mkbp_event.c.obj
[/mnt/host/source/src/platform/ec/build/zephyr/winterhold-lcov]   /mnt/host/source/src/platform/ec/build/zephyr/winterhold/build-ro/modules/ec/zephyr/CMakeFiles/ec_shim.dir/shim/src/usb_muxes.c.gcno:no functions found
[/mnt/host/source/src/platform/ec/build/zephyr/winterhold-lcov] stderr:
[spikyrock:rw] warning: PLATFORM_EC_RSA_KEY_SIZE (defined at
[spikyrock:rw] /mnt/host/source/src/platform/ec/zephyr/Kconfig.rsa:15) was assigned the value '3072' but got the
[spikyrock:rw] value ''. Check these unsatisfied dependencies: PLATFORM_EC_RSA (=n). See
[spikyrock:rw] http://docs.zephyrproject.org/latest/kconfig.html#CONFIG_PLATFORM_EC_RSA_KEY_SIZE and/or look up
[spikyrock:rw] PLATFORM_EC_RSA_KEY_SIZE in the menuconfig/guiconfig interface. The Application Development Primer,
[spikyrock:rw] Setting Configuration Values, and Kconfig - Tips and Best Practices sections of the manual might be
[spikyrock:rw] helpful too.
[spikyrock:rw] warning: PLATFORM_EC_RSA_EXPONENT_3 (defined at
[spikyrock:rw] /mnt/host/source/src/platform/ec/zephyr/Kconfig.rsa:21) was assigned the value 'y' but got the value
[spikyrock:rw] 'n'. Check these unsatisfied dependencies: PLATFORM_EC_RSA (=n). See
[spikyrock:rw] http://docs.zephyrproject.org/latest/kconfig.html#CONFIG_PLATFORM_EC_RSA_EXPONENT_3 and/or look up
[spikyrock:rw] PLATFORM_EC_RSA_EXPONENT_3 in the menuconfig/guiconfig interface. The Application Development
[spikyrock:rw] Primer, Setting Configuration Values, and Kconfig - Tips and Best Practices sections of the manual
[spikyrock:rw] might be helpful too.
[spikyrock:rw] warning: Deprecated symbol I2C_ALLOW_NO_STOP_TRANSACTIONS is enabled.
[kingler:ro] [343/388] Building C object modules/ec/zephyr/CMakeFiles/ec_shim.dir/shim/src/hwtimer.c.obj
[kingler:ro] [344/388] Building C object modules/ec/zephyr/CMakeFiles/ec_shim.dir/shim/src/panic.c.obj
[kingler:ro] [345/388] Building C object modules/ec/zephyr/CMakeFiles/ec_shim.dir/shim/src/motionsense_sensors.c.obj
[/mnt/host/source/src/platform/ec/build/zephyr/mtlrvpp_m1723-lcov]   /mnt/host/source/src/platform/ec/build/zephyr/mtlrvpp_m1723/build-ro/modules/ec/zephyr/CMakeFiles/ec_shim.dir/shim/src/usb_muxes.c.gcno:no functions found
[/mnt/host/source/src/platform/ec/build/zephyr/mtlrvpp_m1723-lcov] stderr:
[kingler:ro] [346/388] Building C object modules/ec/zephyr/CMakeFiles/ec_shim.dir/shim/src/i2c.c.obj
[kingler:ro] [347/388] Building C object modules/ec/zephyr/CMakeFiles/ec_shim.dir/shim/src/power.c.obj
[kingler:ro] [348/388] Building C object modules/ec/zephyr/CMakeFiles/ec_shim.dir/shim/src/bc12.c.obj
[crystaldrift:ro] [14/416] Building C object CMakeFiles/app.dir/mnt/host/source/src/platform/ec/build/zephyr/crystaldrift/modules/ec/common/base32.c.obj
[kingler:ro] [349/388] Building C object modules/ec/zephyr/CMakeFiles/ec_shim.dir/shim/src/tasks.c.obj
[kingler:ro] [350/388] Building C object modules/ec/zephyr/CMakeFiles/ec_shim.dir/shim/src/bc12_pi3usb9201.c.obj
[kingler:ro] [351/388] Building C object modules/ec/zephyr/CMakeFiles/ec_shim.dir/shim/src/watchdog.c.obj
[kingler:ro] [352/388] Building C object modules/ec/zephyr/CMakeFiles/ec_shim.dir/shim/src/usba.c.obj
[spikyrock:rw] Parsing /mnt/host/source/src/platform/ec/zephyr/program/roach/Kconfig
[crystaldrift:rw] [14/418] Building C object CMakeFiles/app.dir/mnt/host/source/src/platform/ec/build/zephyr/crystaldrift/modules/ec/common/base32.c.obj
[kingler:ro] [353/388] Building C object modules/ec/zephyr/CMakeFiles/ec_shim.dir/shim/src/ppc.c.obj
[kingler:ro] [354/388] Building C object zephyr/kernel/CMakeFiles/kernel.dir/main_weak.c.obj
[/mnt/host/source/src/platform/ec/build/zephyr/winterhold-lcov]   /mnt/host/source/src/platform/ec/build/zephyr/winterhold/build-ro/modules/ec/zephyr/CMakeFiles/ec_shim.dir/shim/src/usba.c.gcno:no functions found
[/mnt/host/source/src/platform/ec/build/zephyr/winterhold-lcov] stderr:
[kingler:ro] [355/388] Building C object zephyr/kernel/CMakeFiles/kernel.dir/banner.c.obj
[kingler:ro] [356/388] Building C object zephyr/kernel/CMakeFiles/kernel.dir/version.c.obj
[kingler:ro] [357/388] Building C object zephyr/kernel/CMakeFiles/kernel.dir/device.c.obj
[kingler:ro] [358/388] Building C object modules/ec/zephyr/CMakeFiles/ec_shim.dir/shim/src/usb_muxes.c.obj
[kingler:ro] [359/388] Building C object zephyr/kernel/CMakeFiles/kernel.dir/errno.c.obj
[kingler:ro] [360/388] Building C object zephyr/kernel/CMakeFiles/kernel.dir/busy_wait.c.obj
[kingler:ro] [361/388] Building C object zephyr/kernel/CMakeFiles/kernel.dir/kheap.c.obj
[kingler:ro] [362/388] Linking C static library modules/ec/zephyr/libec_shim.a
[kingler:ro] [363/388] Building C object zephyr/kernel/CMakeFiles/kernel.dir/init.c.obj
[kingler:ro] [364/388] Building C object zephyr/kernel/CMakeFiles/kernel.dir/mem_slab.c.obj
[kingler:ro] [365/388] Building C object zephyr/kernel/CMakeFiles/kernel.dir/fatal.c.obj
[kingler:ro] [366/388] Building C object zephyr/kernel/CMakeFiles/kernel.dir/float.c.obj
[spikyrock:rw] Loaded configuration '/mnt/host/source/src/platform/ec/zephyr/boards/google/it8xxx2/it8xxx2_it82202ax_512_defconfig'
[crystaldrift:ro] [15/416] Building C object CMakeFiles/app.dir/mnt/host/source/src/platform/ec/build/zephyr/crystaldrift/modules/ec/common/console_output.c.obj
[spikyrock:rw] Merged configuration '/mnt/host/source/src/platform/ec/zephyr/program/roach/program.conf'
[spikyrock:rw] Merged configuration '/mnt/host/source/src/platform/ec/zephyr/program/roach/spikyrock/project.conf'
[spikyrock:rw] Merged configuration '/mnt/host/source/src/platform/ec/build/zephyr/spikyrock/kconfig-rw.conf'
[spikyrock:rw] Configuration saved to '/mnt/host/source/src/platform/ec/build/zephyr/spikyrock/build-rw/zephyr/.config'
[spikyrock:rw] Kconfig header saved to '/mnt/host/source/src/platform/ec/build/zephyr/spikyrock/build-rw/zephyr/include/generated/zephyr/autoconf.h'
[spikyrock:rw] -- Found GnuLd: /home/jpmurphy/.cache/coreboot-sdk/riscv64-elf/96b949749225b6aaa92ed810ab769e8dfb12f000/riscv64-elf/bin/ld.bfd (found version "2.43.1")
[kingler:ro] [367/388] Building C object zephyr/kernel/CMakeFiles/kernel.dir/idle.c.obj
[crystaldrift:rw] [15/418] Building C object CMakeFiles/app.dir/mnt/host/source/src/platform/ec/build/zephyr/crystaldrift/modules/ec/common/console_output.c.obj
[kingler:ro] [368/388] Building C object zephyr/kernel/CMakeFiles/kernel.dir/mailbox.c.obj
[spikyrock:rw] -- The C compiler identification is GNU 14.2.0
[kingler:ro] [369/388] Building C object zephyr/kernel/CMakeFiles/kernel.dir/mutex.c.obj
[kingler:ro] [370/388] Building C object zephyr/kernel/CMakeFiles/kernel.dir/msg_q.c.obj
[kingler:ro] [371/388] Building C object zephyr/kernel/CMakeFiles/kernel.dir/sem.c.obj
[kingler:ro] [372/388] Building C object zephyr/kernel/CMakeFiles/kernel.dir/queue.c.obj
[kingler:ro] [373/388] Building C object zephyr/kernel/CMakeFiles/kernel.dir/stack.c.obj
[kingler:ro] [374/388] Building C object zephyr/kernel/CMakeFiles/kernel.dir/system_work_q.c.obj
[spikyrock:rw] -- The CXX compiler identification is GNU 14.2.0
[kingler:ro] [375/388] Building C object zephyr/kernel/CMakeFiles/kernel.dir/thread.c.obj
[kingler:ro] [376/388] Building C object zephyr/kernel/CMakeFiles/kernel.dir/condvar.c.obj
[kingler:ro] [377/388] Building C object zephyr/kernel/CMakeFiles/kernel.dir/work.c.obj
[spikyrock:rw] -- The ASM compiler identification is GNU
[spikyrock:rw] -- Found assembler: /home/jpmurphy/.cache/coreboot-sdk/riscv64-elf/96b949749225b6aaa92ed810ab769e8dfb12f000/bin/riscv64-elf-gcc
[spikyrock:rw] CMake Warning at /mnt/host/source/src/platform/ec/zephyr/cmake/linker/ld/linker_libraries.cmake:11 (message):
[spikyrock:rw]   Disabling c_library
[spikyrock:rw] Call Stack (most recent call first):
[spikyrock:rw]   /mnt/host/source/src/third_party/zephyr/main/cmake/target_toolchain_flags.cmake:48 (include)
[spikyrock:rw]   /mnt/host/source/src/third_party/zephyr/main/cmake/modules/kernel.cmake:153 (include)
[spikyrock:rw]   /mnt/host/source/src/third_party/zephyr/main/cmake/modules/zephyr_default.cmake:138 (include)
[spikyrock:rw]   /mnt/host/source/src/third_party/zephyr/main/share/zephyr-package/cmake/ZephyrConfig.cmake:66 (include)
[kingler:ro] [378/388] Building C object zephyr/kernel/CMakeFiles/kernel.dir/pipe.c.obj
Toolchain <zmake.toolchains.CorebootSdkToolchain object at 0x7f4120484750> selected by probe function.
[grogu] Building in /mnt/host/source/src/platform/ec/build/zephyr/grogu.
[grogu:rw] Configuring.
[kingler:ro] [379/388] Building C object zephyr/kernel/CMakeFiles/kernel.dir/spinlock_validate.c.obj
[crystaldrift:ro] [16/416] Building C object CMakeFiles/app.dir/mnt/host/source/src/platform/ec/build/zephyr/crystaldrift/modules/ec/common/ec_features.c.obj
Running `env -i PYTHONPATH=/usr/lib64/python-exec/python3.11:/mnt/host/source/src/platform/ec/zephyr/zmake:/usr/lib/python311.zip:/usr/lib/python3.11:/usr/lib/python3.11/lib-dynload:/usr/lib/python3.11/site-packages PW_PIGWEED_CIPD_INSTALL_DIR=/usr CROSTC_USER_ACKNOWLEDGES_THAT_RISCV_IS_EXPERIMENTAL=1 PATH=/mnt/host/source/chromite/bin:/usr/local/bin:/usr/bin:/bin:/opt/bin:/mnt/host/source/chromite/sdk/bin:/mnt/host/source/chromite/bin HOME=/home/jpmurphy JAVA_HOME=/etc/java-config-2/current-system-vm JDK_HOME=/etc/java-config-2/current-system-vm JAVAC=/etc/java-config-2/current-system-vm/bin/javac MAKEFLAGS=' -j16 --jobserver-auth=5,6' /usr/bin/cmake -S /mnt/host/source/src/platform/ec/zephyr/program/skywalker -B /mnt/host/source/src/platform/ec/build/zephyr/grogu/build-rw -GNinja -DCMAKE_EXPORT_COMPILE_COMMANDS=ON -DZEPHYR_BASE=/mnt/host/source/src/third_party/zephyr/main -DZMAKE_INCLUDE_DIR=/mnt/host/source/src/platform/ec/build/zephyr/grogu/include -DPython3_EXECUTABLE=/usr/bin/python3.11 -DDTS_ROOT=/mnt/host/source/src/platform/ec/zephyr -DSYSCALL_INCLUDE_DIRS=/mnt/host/source/src/platform/ec/zephyr/include/drivers -DUSER_CACHE_DIR=/mnt/host/source/src/platform/ec/build/zephyr/user-cache '-DEXTRA_EC_VERSION_FLAGS=--version 16543.0.0 --static' -DTOOLCHAIN_ROOT=/mnt/host/source/src/platform/ec/zephyr -DCOREBOOT_SDK_ROOT_x86=/home/jpmurphy/.cache/coreboot-sdk/i386-elf/dfbb0486385d938cfa9d73080b9d18d598ed4f49 -DCOREBOOT_SDK_ROOT_picolibc_x86=/home/jpmurphy/.cache/coreboot-sdk/picolibc-i386-elf/eb8e8e687b95461de8cbf278f1c2076952d0ad17 -DCOREBOOT_SDK_ROOT_riscv64=/home/jpmurphy/.cache/coreboot-sdk/riscv64-elf/96b949749225b6aaa92ed810ab769e8dfb12f000 -DCOREBOOT_SDK_ROOT_picolibc_arm=/home/jpmurphy/.cache/coreboot-sdk/picolibc-arm-eabi/422a2aa3e1ef891b5bece9a3deb696ff83840d2e -DCOREBOOT_SDK_ROOT_nds32=/home/jpmurphy/.cache/coreboot-sdk/nds32le-elf/d1a518c4a097666d86058e1444f85ca015d15511 -DCOREBOOT_SDK_ROOT_picolibc_riscv64=/home/jpmurphy/.cache/coreboot-sdk/picolibc-riscv64-elf/f571e990ef0278564b31124f8bb109d9a697eb69 -DCOREBOOT_SDK_ROOT_arm=/home/jpmurphy/.cache/coreboot-sdk/arm-eabi/ea40ddd1d190c3b48435c474c0b545719371813a -DCOREBOOT_SDK_ROOT_libstdcxx_riscv64=/home/jpmurphy/.cache/coreboot-sdk/libstdcxx-riscv64-elf/17abf22a3a252e2d5d2062ced5324f7a623689e0 -DCOREBOOT_SDK_ROOT_libstdcxx_arm=/home/jpmurphy/.cache/coreboot-sdk/libstdcxx-arm-eabi/5d7d82e150e44aa1968f1d366e267e6687b328ac -DCOREBOOT_SDK_ROOT_riscv=/home/jpmurphy/.cache/coreboot-sdk/riscv-elf/9a27b9e82341c6e9126624f516ab3f261abb3e73 -DCOREBOOT_SDK_ROOT_libstdcxx_x86=/home/jpmurphy/.cache/coreboot-sdk/libstdcxx-i386-elf/42ef9d2e87a76a37963175d7d428734e65648b87 -DZEPHYR_TOOLCHAIN_VARIANT=coreboot-sdk -DZEPHYR_MODULES=/mnt/host/source/src/platform/ec/build/zephyr/grogu/modules/ec -DDTC_OVERLAY_FILE=/mnt/host/source/src/platform/ec/zephyr/program/skywalker/grogu/project.overlay -DBOARD=it8xxx2/it82002aw -DCMAKE_C_FLAGS=-DSECTION_IS_RW '-DCONF_FILE=/mnt/host/source/src/platform/ec/zephyr/program/skywalker/program.conf;/mnt/host/source/src/platform/ec/zephyr/program/skywalker/ite_program.conf;/mnt/host/source/src/platform/ec/zephyr/program/skywalker/grogu/project.conf;/mnt/host/source/src/platform/ec/build/zephyr/grogu/kconfig-rw.conf'`
[grogu:rw] Loading Zephyr default modules (Zephyr base (cached)).
[grogu:rw] -- Application: /mnt/host/source/src/platform/ec/zephyr/program/skywalker
[grogu:rw] -- CMake version: 3.31.7
[kingler:ro] [380/388] Building C object zephyr/kernel/CMakeFiles/kernel.dir/sched.c.obj
[kingler:ro] [381/388] Building C object zephyr/kernel/CMakeFiles/kernel.dir/thread_monitor.c.obj
[kingler:ro] [382/388] Building C object zephyr/kernel/CMakeFiles/kernel.dir/timer.c.obj
[grogu:ro] Configuring.
Running `env -i PYTHONPATH=/usr/lib64/python-exec/python3.11:/mnt/host/source/src/platform/ec/zephyr/zmake:/usr/lib/python311.zip:/usr/lib/python3.11:/usr/lib/python3.11/lib-dynload:/usr/lib/python3.11/site-packages PW_PIGWEED_CIPD_INSTALL_DIR=/usr CROSTC_USER_ACKNOWLEDGES_THAT_RISCV_IS_EXPERIMENTAL=1 PATH=/mnt/host/source/chromite/bin:/usr/local/bin:/usr/bin:/bin:/opt/bin:/mnt/host/source/chromite/sdk/bin:/mnt/host/source/chromite/bin HOME=/home/jpmurphy JAVA_HOME=/etc/java-config-2/current-system-vm JDK_HOME=/etc/java-config-2/current-system-vm JAVAC=/etc/java-config-2/current-system-vm/bin/javac MAKEFLAGS=' -j16 --jobserver-auth=5,6' /usr/bin/cmake -S /mnt/host/source/src/platform/ec/zephyr/program/skywalker -B /mnt/host/source/src/platform/ec/build/zephyr/grogu/build-ro -GNinja -DCMAKE_EXPORT_COMPILE_COMMANDS=ON -DZEPHYR_BASE=/mnt/host/source/src/third_party/zephyr/main -DZMAKE_INCLUDE_DIR=/mnt/host/source/src/platform/ec/build/zephyr/grogu/include -DPython3_EXECUTABLE=/usr/bin/python3.11 -DDTS_ROOT=/mnt/host/source/src/platform/ec/zephyr -DSYSCALL_INCLUDE_DIRS=/mnt/host/source/src/platform/ec/zephyr/include/drivers -DUSER_CACHE_DIR=/mnt/host/source/src/platform/ec/build/zephyr/user-cache '-DEXTRA_EC_VERSION_FLAGS=--version 16543.0.0 --static' -DTOOLCHAIN_ROOT=/mnt/host/source/src/platform/ec/zephyr -DCOREBOOT_SDK_ROOT_x86=/home/jpmurphy/.cache/coreboot-sdk/i386-elf/dfbb0486385d938cfa9d73080b9d18d598ed4f49 -DCOREBOOT_SDK_ROOT_picolibc_x86=/home/jpmurphy/.cache/coreboot-sdk/picolibc-i386-elf/eb8e8e687b95461de8cbf278f1c2076952d0ad17 -DCOREBOOT_SDK_ROOT_riscv64=/home/jpmurphy/.cache/coreboot-sdk/riscv64-elf/96b949749225b6aaa92ed810ab769e8dfb12f000 -DCOREBOOT_SDK_ROOT_picolibc_arm=/home/jpmurphy/.cache/coreboot-sdk/picolibc-arm-eabi/422a2aa3e1ef891b5bece9a3deb696ff83840d2e -DCOREBOOT_SDK_ROOT_nds32=/home/jpmurphy/.cache/coreboot-sdk/nds32le-elf/d1a518c4a097666d86058e1444f85ca015d15511 -DCOREBOOT_SDK_ROOT_picolibc_riscv64=/home/jpmurphy/.cache/coreboot-sdk/picolibc-riscv64-elf/f571e990ef0278564b31124f8bb109d9a697eb69 -DCOREBOOT_SDK_ROOT_arm=/home/jpmurphy/.cache/coreboot-sdk/arm-eabi/ea40ddd1d190c3b48435c474c0b545719371813a -DCOREBOOT_SDK_ROOT_libstdcxx_riscv64=/home/jpmurphy/.cache/coreboot-sdk/libstdcxx-riscv64-elf/17abf22a3a252e2d5d2062ced5324f7a623689e0 -DCOREBOOT_SDK_ROOT_libstdcxx_arm=/home/jpmurphy/.cache/coreboot-sdk/libstdcxx-arm-eabi/5d7d82e150e44aa1968f1d366e267e6687b328ac -DCOREBOOT_SDK_ROOT_riscv=/home/jpmurphy/.cache/coreboot-sdk/riscv-elf/9a27b9e82341c6e9126624f516ab3f261abb3e73 -DCOREBOOT_SDK_ROOT_libstdcxx_x86=/home/jpmurphy/.cache/coreboot-sdk/libstdcxx-i386-elf/42ef9d2e87a76a37963175d7d428734e65648b87 -DZEPHYR_TOOLCHAIN_VARIANT=coreboot-sdk -DZEPHYR_MODULES=/mnt/host/source/src/platform/ec/build/zephyr/grogu/modules/ec -DDTC_OVERLAY_FILE=/mnt/host/source/src/platform/ec/zephyr/program/skywalker/grogu/project.overlay -DBOARD=it8xxx2/it82002aw -DCMAKE_C_FLAGS=-DSECTION_IS_RO '-DCONF_FILE=/mnt/host/source/src/platform/ec/zephyr/program/skywalker/program.conf;/mnt/host/source/src/platform/ec/zephyr/program/skywalker/ite_program.conf;/mnt/host/source/src/platform/ec/zephyr/program/skywalker/grogu/project.conf;/mnt/host/source/src/platform/ec/build/zephyr/grogu/kconfig-ro.conf'`
[kingler:ro] [383/388] Building C object zephyr/kernel/CMakeFiles/kernel.dir/timeout.c.obj
[grogu:ro] Loading Zephyr default modules (Zephyr base (cached)).
[grogu:ro] -- Application: /mnt/host/source/src/platform/ec/zephyr/program/skywalker
[grogu:ro] -- CMake version: 3.31.7
[kingler:ro] [384/388] Building C object zephyr/kernel/CMakeFiles/kernel.dir/events.c.obj
[crystaldrift:rw] [16/418] Building C object CMakeFiles/app.dir/mnt/host/source/src/platform/ec/build/zephyr/crystaldrift/modules/ec/common/ec_features.c.obj
[kingler:ro] [385/388] Building C object zephyr/kernel/CMakeFiles/kernel.dir/poll.c.obj
[spikyrock:rw] -- Performing EC specific devicetree checks
[kingler:ro] [386/388] Building C object zephyr/kernel/CMakeFiles/kernel.dir/dynamic_disabled.c.obj
[kingler:ro] [387/388] Building C object zephyr/kernel/CMakeFiles/kernel.dir/mempool.c.obj
[spikyrock:rw]   /mnt/host/source/src/third_party/zephyr/main/share/zephyr-package/cmake/ZephyrConfig.cmake:97 (include_boilerplate)
[spikyrock:rw]   CMakeLists.txt:7 (find_package)
[spikyrock:rw] INFO: Verified 4 GPIOs, no duplicates found
[spikyrock:rw] INFO: Verified 64 '*-gpios' properties, all flags match.
[spikyrock:rw] INFO: Skipped 1 named-gpios children.
[grogu:rw] -- Found Python3: /usr/bin/python3.11 (found suitable version "3.11.11", minimum required is "3.10") found components: Interpreter
[grogu:rw] -- Cache files will be written to: /mnt/host/source/src/platform/ec/build/zephyr/user-cache
[grogu:rw] -- Zephyr version: 4.3.99 (/mnt/host/source/src/third_party/zephyr/main)
[kingler:ro] [388/388] Linking C static library zephyr/kernel/libkernel.a
[grogu:ro] -- Found Python3: /usr/bin/python3.11 (found suitable version "3.11.11", minimum required is "3.10") found components: Interpreter
[grogu:ro] -- Cache files will be written to: /mnt/host/source/src/platform/ec/build/zephyr/user-cache
[grogu:ro] -- Zephyr version: 4.3.99 (/mnt/host/source/src/third_party/zephyr/main)
[spikyrock:rw] -- Generating component manifest file
[spikyrock:rw] INFO: Running CME, outputting to /mnt/host/source/src/platform/ec/build/zephyr/spikyrock/build-rw/zephyr/component_manifest.json
[spikyrock:rw] INFO: Project spikyrock does not support SSFC
[crystaldrift:rw] [17/418] Building C object CMakeFiles/app.dir/mnt/host/source/src/platform/ec/build/zephyr/crystaldrift/modules/ec/common/gpio_commands.c.obj
[crystaldrift:rw] [18/418] Building C object CMakeFiles/app.dir/mnt/host/source/src/platform/ec/build/zephyr/crystaldrift/modules/ec/common/peripheral.c.obj
[crystaldrift:ro] [17/416] Building C object CMakeFiles/app.dir/mnt/host/source/src/platform/ec/build/zephyr/crystaldrift/modules/ec/common/printf.c.obj
[crystaldrift:rw] [19/418] Building C object CMakeFiles/app.dir/mnt/host/source/src/platform/ec/build/zephyr/crystaldrift/modules/ec/common/printf.c.obj
[crystaldrift:ro] [18/416] Building C object CMakeFiles/app.dir/mnt/host/source/src/platform/ec/build/zephyr/crystaldrift/modules/ec/common/gpio_commands.c.obj
[crystaldrift:ro] [19/416] Building C object CMakeFiles/app.dir/mnt/host/source/src/platform/ec/build/zephyr/crystaldrift/modules/ec/common/peripheral.c.obj
[spikyrock:rw] -- warning_base_override: -Wall;-Wformat;-Wformat-security;-Wformat;-Wno-format-zero-length;-Wno-pointer-sign;-Wpointer-arith;-Wexpansion-to-defined
[crystaldrift:ro] [20/416] Building C object CMakeFiles/app.dir/mnt/host/source/src/platform/ec/build/zephyr/crystaldrift/modules/ec/common/queue.c.obj
[crystaldrift:rw] [20/418] Building C object CMakeFiles/app.dir/mnt/host/source/src/platform/ec/build/zephyr/crystaldrift/modules/ec/common/queue.c.obj
[/mnt/host/source/src/platform/ec/build/zephyr/mtlrvpp_m1723-lcov]   /mnt/host/source/src/platform/ec/build/zephyr/mtlrvpp_m1723/build-ro/modules/ec/zephyr/CMakeFiles/ec_shim.dir/shim/src/bb_retimer_usb_mux.c.gcno:no functions found
[/mnt/host/source/src/platform/ec/build/zephyr/mtlrvpp_m1723-lcov] stderr:
[crystaldrift:rw] [21/418] Building C object CMakeFiles/app.dir/mnt/host/source/src/platform/ec/build/zephyr/crystaldrift/modules/ec/common/system_boot_time.c.obj
[/mnt/host/source/src/platform/ec/build/zephyr/winterhold-lcov]   /mnt/host/source/src/platform/ec/build/zephyr/winterhold/build-ro/modules/ec/zephyr/CMakeFiles/ec_shim.dir/shim/src/bc12.c.gcno:no functions found
[/mnt/host/source/src/platform/ec/build/zephyr/winterhold-lcov] stderr:
[crystaldrift:rw] [22/418] Building C object CMakeFiles/app.dir/mnt/host/source/src/platform/ec/build/zephyr/crystaldrift/modules/ec/common/system.c.obj
[crystaldrift:rw] [23/418] Building C object CMakeFiles/app.dir/mnt/host/source/src/platform/ec/build/zephyr/crystaldrift/modules/ec/common/uart_printf.c.obj
[spikyrock:rw] -- Found gen_kobject_list: /mnt/host/source/src/third_party/zephyr/main/scripts/build/gen_kobject_list.py
[spikyrock:rw] INFO: No usbc node found
[spikyrock:rw] INFO: No motionsense-sensor node found
[spikyrock:rw] CMake Warning at /mnt/host/source/src/third_party/zephyr/main/CMakeLists.txt:2359 (message):
[spikyrock:rw]   __ASSERT() statements are globally ENABLED
[spikyrock:rw] Loading Zephyr default modules (Zephyr base (cached)).
[spikyrock:rw] -- Configuring done (15.6s)
[crystaldrift:rw] [24/418] Building C object CMakeFiles/app.dir/mnt/host/source/src/platform/ec/build/zephyr/crystaldrift/modules/ec/common/util.c.obj
[grogu:rw] -- Board: it8xxx2, qualifiers: it82002aw
[grogu:ro] -- Board: it8xxx2, qualifiers: it82002aw
[crystaldrift:rw] [25/418] Building C object CMakeFiles/app.dir/mnt/host/source/src/platform/ec/build/zephyr/crystaldrift/modules/ec/common/version.c.obj
[crystaldrift:rw] [26/418] Building C object CMakeFiles/app.dir/mnt/host/source/src/platform/ec/build/zephyr/crystaldrift/modules/ec/common/power_button_x86.c.obj
[crystaldrift:ro] [21/416] Building C object CMakeFiles/app.dir/mnt/host/source/src/platform/ec/build/zephyr/crystaldrift/modules/ec/common/uart_printf.c.obj
[crystaldrift:ro] [22/416] Building C object CMakeFiles/app.dir/mnt/host/source/src/platform/ec/build/zephyr/crystaldrift/modules/ec/common/system_boot_time.c.obj
[crystaldrift:ro] [23/416] Building C object CMakeFiles/app.dir/mnt/host/source/src/platform/ec/build/zephyr/crystaldrift/modules/ec/common/util.c.obj
[spikyrock:rw] -- Generating done (0.4s)
[spikyrock:rw] CMake Warning:
[spikyrock:rw] -- Build files have been written to: /mnt/host/source/src/platform/ec/build/zephyr/spikyrock/build-rw
[crystaldrift:ro] [24/416] Building C object CMakeFiles/app.dir/mnt/host/source/src/platform/ec/build/zephyr/crystaldrift/modules/ec/common/system.c.obj
[crystaldrift:rw] [27/418] Building C object CMakeFiles/app.dir/mnt/host/source/src/platform/ec/build/zephyr/crystaldrift/modules/ec/driver/accel_bma4xx.c.obj
[crystaldrift:rw] [28/418] Building C object CMakeFiles/app.dir/mnt/host/source/src/platform/ec/build/zephyr/crystaldrift/modules/ec/driver/accelgyro_bmi_common.c.obj
[spikyrock:rw]   Manually-specified variables were not used by the project:
[spikyrock:rw]     COREBOOT_SDK_ROOT_arm
[spikyrock:rw]     COREBOOT_SDK_ROOT_libstdcxx_arm
[spikyrock:rw]     COREBOOT_SDK_ROOT_libstdcxx_x86
[spikyrock:rw]     COREBOOT_SDK_ROOT_nds32
[spikyrock:rw]     COREBOOT_SDK_ROOT_picolibc_arm
[spikyrock:rw]     COREBOOT_SDK_ROOT_picolibc_x86
[spikyrock:rw]     COREBOOT_SDK_ROOT_riscv
[spikyrock:rw]     COREBOOT_SDK_ROOT_x86
[skywalker-tps6699x:ro] Building: /usr/bin/ninja -C /mnt/host/source/src/platform/ec/build/zephyr/skywalker-tps6699x/build-ro all.libraries
Running `env -i SHELL=/bin/bash COLORTERM=truecolor DEPOT_TOOLS_UPDATE=0 LESS='-R -M --shift 5' SUDO_GID=0 JDK_HOME=/etc/java-config-2/current-system-vm CONFIG_PROTECT_MASK='/etc/gentoo-release /etc/sandbox.d /etc/fonts/fonts.conf /etc/terminfo /etc/ca-certificates.conf /etc/revdep-rebuild' CHROMEOS_CACHEDIR=/var/cache/chromeos-cache JAVA_HOME=/etc/java-config-2/current-system-vm SSH_AUTH_SOCK=/tmp/ssh-auth-sock SUDO_COMMAND=/bin/bash SUDO_USER=root SUDO_TTY=/dev/pts/2 EDITOR=/usr/bin/vi PWD=/mnt/host/source/src/platform/ec CONFIG_PROTECT=/usr/share/gnupg/qualified.txt LOGNAME=jpmurphy MANPATH=/etc/java-config-2/current-system-vm/man:/usr/local/share/man:/usr/share/man:/usr/share/gcc-data/x86_64-pc-linux-gnu/10.2.0/man:/usr/share/binutils-data/x86_64-pc-linux-gnu/2.45/man:/etc/java-config-2/current-system-vm/man/ SUDO_HOME=/root XAUTHORITY=/run/user/944457/gdm/Xauthority HOME=/home/jpmurphy LANG=C.UTF-8 LS_COLORS='rs=0:di=01;34:ln=01;36:mh=00:pi=40;33:so=01;35:do=01;35:bd=40;33;01:cd=40;33;01:or=01;05;37;41:mi=01;05;37;41:su=37;41:sg=30;43:ca=30;41:tw=30;42:ow=34;42:st=37;44:ex=01;32:*.tar=01;31:*.tgz=01;31:*.arc=01;31:*.arj=01;31:*.taz=01;31:*.lha=01;31:*.lz4=01;31:*.lzh=01;31:*.lzma=01;31:*.tlz=01;31:*.txz=01;31:*.tzo=01;31:*.t7z=01;31:*.zip=01;31:*.z=01;31:*.dz=01;31:*.gz=01;31:*.lrz=01;31:*.lz=01;31:*.lzo=01;31:*.xz=01;31:*.zst=01;31:*.tzst=01;31:*.bz2=01;31:*.bz=01;31:*.tbz=01;31:*.tbz2=01;31:*.tz=01;31:*.deb=01;31:*.rpm=01;31:*.jar=01;31:*.war=01;31:*.ear=01;31:*.sar=01;31:*.rar=01;31:*.alz=01;31:*.ace=01;31:*.zoo=01;31:*.cpio=01;31:*.7z=01;31:*.rz=01;31:*.cab=01;31:*.wim=01;31:*.swm=01;31:*.dwm=01;31:*.esd=01;31:*.jpg=01;35:*.jpeg=01;35:*.mjpg=01;35:*.mjpeg=01;35:*.gif=01;35:*.bmp=01;35:*.pbm=01;35:*.pgm=01;35:*.ppm=01;35:*.tga=01;35:*.xbm=01;35:*.xpm=01;35:*.tif=01;35:*.tiff=01;35:*.png=01;35:*.svg=01;35:*.svgz=01;35:*.mng=01;35:*.pcx=01;35:*.mov=01;35:*.mpg=01;35:*.mpeg=01;35:*.m2v=01;35:*.mkv=01;35:*.webm=01;35:*.webp=01;35:*.ogm=01;35:*.mp4=01;35:*.m4v=01;35:*.mp4v=01;35:*.vob=01;35:*.qt=01;35:*.nuv=01;35:*.wmv=01;35:*.asf=01;35:*.rm=01;35:*.rmvb=01;35:*.flc=01;35:*.avi=01;35:*.fli=01;35:*.flv=01;35:*.gl=01;35:*.dl=01;35:*.xcf=01;35:*.xwd=01;35:*.yuv=01;35:*.cgm=01;35:*.emf=01;35:*.ogv=01;35:*.ogx=01;35:*.cfg=00;32:*.conf=00;32:*.diff=00;32:*.doc=00;32:*.ini=00;32:*.log=00;32:*.patch=00;32:*.pdf=00;32:*.ps=00;32:*.tex=00;32:*.txt=00;32:*.aac=00;36:*.au=00;36:*.flac=00;36:*.m4a=00;36:*.mid=00;36:*.midi=00;36:*.mka=00;36:*.mp3=00;36:*.mpc=00;36:*.ogg=00;36:*.ra=00;36:*.wav=00;36:*.oga=00;36:*.opus=00;36:*.spx=00;36:*.xspf=00;36:' XDG_CURRENT_DESKTOP=GNOME INFOPATH=/usr/share/info:/usr/share/gcc-data/x86_64-pc-linux-gnu/10.2.0/info:/usr/share/binutils-data/x86_64-pc-linux-gnu/2.45/info:/usr/share/automake-1.16.5/info JAVAC=/etc/java-config-2/current-system-vm/bin/javac TERM=xterm-256color LESSOPEN='|lesspipe %s' USER=jpmurphy CROS_WORKON_SRCROOT=/mnt/host/source MANPAGER=manpager DISPLAY=:1 SHLVL=1 LC_MESSAGES=C EXTERNAL_TRUNK_PATH=/mnt/8f9d649a-3721-44cc-93c0-e6bd21a9689f/chromiumos GCC_SPECS='' PATH=/mnt/host/source/chromite/bin:/usr/local/bin:/usr/bin:/bin:/opt/bin:/mnt/host/source/chromite/sdk/bin:/mnt/host/source/chromite/bin PORTAGE_USERNAME=jpmurphy SUDO_UID=0 GCC_VER=10.2.0 MAIL=/var/mail/jpmurphy OLDPWD=/mnt/host/source/src/scripts traceparent=00-e87aca51550a78635907baa6a2476181-6d684811675d2973-01 _=./zephyr/firmware_builder.py COREBOOT_SDK_ROOT_x86=/home/jpmurphy/.cache/coreboot-sdk/i386-elf/dfbb0486385d938cfa9d73080b9d18d598ed4f49 COREBOOT_SDK_ROOT_picolibc_x86=/home/jpmurphy/.cache/coreboot-sdk/picolibc-i386-elf/eb8e8e687b95461de8cbf278f1c2076952d0ad17 COREBOOT_SDK_ROOT_riscv64=/home/jpmurphy/.cache/coreboot-sdk/riscv64-elf/96b949749225b6aaa92ed810ab769e8dfb12f000 COREBOOT_SDK_ROOT_picolibc_arm=/home/jpmurphy/.cache/coreboot-sdk/picolibc-arm-eabi/422a2aa3e1ef891b5bece9a3deb696ff83840d2e COREBOOT_SDK_ROOT_nds32=/home/jpmurphy/.cache/coreboot-sdk/nds32le-elf/d1a518c4a097666d86058e1444f85ca015d15511 COREBOOT_SDK_ROOT_picolibc_riscv64=/home/jpmurphy/.cache/coreboot-sdk/picolibc-riscv64-elf/f571e990ef0278564b31124f8bb109d9a697eb69 COREBOOT_SDK_ROOT_arm=/home/jpmurphy/.cache/coreboot-sdk/arm-eabi/ea40ddd1d190c3b48435c474c0b545719371813a COREBOOT_SDK_ROOT_libstdcxx_riscv64=/home/jpmurphy/.cache/coreboot-sdk/libstdcxx-riscv64-elf/17abf22a3a252e2d5d2062ced5324f7a623689e0 COREBOOT_SDK_ROOT_libstdcxx_arm=/home/jpmurphy/.cache/coreboot-sdk/libstdcxx-arm-eabi/5d7d82e150e44aa1968f1d366e267e6687b328ac COREBOOT_SDK_ROOT_riscv=/home/jpmurphy/.cache/coreboot-sdk/riscv-elf/9a27b9e82341c6e9126624f516ab3f261abb3e73 COREBOOT_SDK_ROOT_libstdcxx_x86=/home/jpmurphy/.cache/coreboot-sdk/libstdcxx-i386-elf/42ef9d2e87a76a37963175d7d428734e65648b87 PYTHONPATH=/mnt/host/source/src/platform/ec/zephyr/zmake PW_PIGWEED_CIPD_INSTALL_DIR=/usr CROSTC_USER_ACKNOWLEDGES_THAT_RISCV_IS_EXPERIMENTAL=1 MAKEFLAGS=' -j16 --jobserver-auth=5,6' /usr/bin/ninja -C /mnt/host/source/src/platform/ec/build/zephyr/skywalker-tps6699x/build-ro all.libraries`
[skywalker-tps6699x:ro] ninja: Entering directory `/mnt/host/source/src/platform/ec/build/zephyr/skywalker-tps6699x/build-ro'
[crystaldrift:rw] [29/418] Building C object CMakeFiles/app.dir/mnt/host/source/src/platform/ec/build/zephyr/crystaldrift/modules/ec/common/motion_sense_fifo.c.obj
[crystaldrift:rw] [30/418] Building C object CMakeFiles/app.dir/mnt/host/source/src/platform/ec/build/zephyr/crystaldrift/modules/ec/driver/accelgyro_bmi3xx.c.obj
[crystaldrift:rw] [31/418] Building C object CMakeFiles/app.dir/mnt/host/source/src/platform/ec/build/zephyr/crystaldrift/modules/ec/driver/amd_stb.c.obj
[skywalker-tps6699x:ro] [1/365] Generating include/generated/zephyr/version.h
[skywalker-tps6699x:ro] -- git describe warned: warning: tag 'upstream/v2.7.99' is externally known as 'v2.7.99'
[skywalker-tps6699x:ro] -- Zephyr version: 4.3.99 (/mnt/host/source/src/third_party/zephyr/main)
[skywalker-tps6699x:ro] [2/365] Preparing syscall dependency handling
[crystaldrift:ro] [25/416] Building C object CMakeFiles/app.dir/mnt/host/source/src/platform/ec/build/zephyr/crystaldrift/modules/ec/common/version.c.obj
[crystaldrift:ro] [26/416] Building C object CMakeFiles/app.dir/mnt/host/source/src/platform/ec/build/zephyr/crystaldrift/modules/ec/common/power_button_x86.c.obj
[skywalker-tps6699x:ro] [3/365] Generating misc/generated/syscalls_subdirs.trigger
[crystaldrift:rw] [32/418] Building C object CMakeFiles/app.dir/mnt/host/source/src/platform/ec/build/zephyr/crystaldrift/modules/ec/common/adc.c.obj
[crystaldrift:ro] [27/416] Building C object CMakeFiles/app.dir/mnt/host/source/src/platform/ec/build/zephyr/crystaldrift/modules/ec/driver/accel_bma4xx.c.obj
[crystaldrift:rw] [33/418] Building C object CMakeFiles/app.dir/mnt/host/source/src/platform/ec/build/zephyr/crystaldrift/modules/ec/common/acpi.c.obj
[crystaldrift:ro] [28/416] Building C object CMakeFiles/app.dir/mnt/host/source/src/platform/ec/build/zephyr/crystaldrift/modules/ec/driver/accelgyro_bmi_common.c.obj
[crystaldrift:rw] [34/418] Building C object CMakeFiles/app.dir/mnt/host/source/src/platform/ec/build/zephyr/crystaldrift/modules/ec/driver/sb_rmi.c.obj
[crystaldrift:rw] [35/418] Building C object CMakeFiles/app.dir/mnt/host/source/src/platform/ec/build/zephyr/crystaldrift/modules/ec/driver/amd_stt.c.obj
[crystaldrift:rw] [36/418] Building C object CMakeFiles/app.dir/mnt/host/source/src/platform/ec/build/zephyr/crystaldrift/modules/ec/common/backlight_lid.c.obj
[grogu:rw] -- Found Dtc: /usr/bin/dtc (found suitable version "1.6.0", minimum required is "1.4.6")
[crystaldrift:rw] [37/418] Building C object CMakeFiles/app.dir/mnt/host/source/src/platform/ec/build/zephyr/crystaldrift/modules/ec/common/battery.c.obj
[grogu:rw] -- Found BOARD.dts: /mnt/host/source/src/platform/ec/zephyr/boards/google/it8xxx2/it8xxx2_it82002aw.dts
[grogu:rw] -- Found devicetree overlay: /mnt/host/source/src/platform/ec/zephyr/program/skywalker/grogu/project.overlay
[grogu:ro] -- Found Dtc: /usr/bin/dtc (found suitable version "1.6.0", minimum required is "1.4.6")
[grogu:ro] -- Found BOARD.dts: /mnt/host/source/src/platform/ec/zephyr/boards/google/it8xxx2/it8xxx2_it82002aw.dts
[grogu:ro] -- Found devicetree overlay: /mnt/host/source/src/platform/ec/zephyr/program/skywalker/grogu/project.overlay
[crystaldrift:rw] [38/418] Building C object CMakeFiles/app.dir/mnt/host/source/src/platform/ec/build/zephyr/crystaldrift/modules/ec/common/battery_info.c.obj
[skywalker-tps6699x:ro] [4/365] Generating misc/generated/syscalls.json, misc/generated/struct_tags.json
[crystaldrift:ro] [29/416] Building C object CMakeFiles/app.dir/mnt/host/source/src/platform/ec/build/zephyr/crystaldrift/modules/ec/common/motion_sense_fifo.c.obj
[skywalker-tps6699x:ro] [5/365] Generating include/generated/zephyr/syscall_dispatch.c, include/generated/zephyr/syscall_exports_llext.c, syscall_weakdefs_llext.c, include/generated/zephyr/syscall_list.h
[crystaldrift:ro] [30/416] Building C object CMakeFiles/app.dir/mnt/host/source/src/platform/ec/build/zephyr/crystaldrift/modules/ec/driver/accelgyro_bmi3xx.c.obj
[crystaldrift:ro] [31/416] Building C object CMakeFiles/app.dir/mnt/host/source/src/platform/ec/build/zephyr/crystaldrift/modules/ec/driver/amd_stb.c.obj
[crystaldrift:rw] [39/418] Building C object CMakeFiles/app.dir/mnt/host/source/src/platform/ec/build/zephyr/crystaldrift/modules/ec/driver/battery/smart.c.obj
[skywalker-tps6699x:ro] [6/365] Generating include/generated/zephyr/driver-validation.h
[crystaldrift:rw] [40/418] Building C object CMakeFiles/app.dir/mnt/host/source/src/platform/ec/build/zephyr/crystaldrift/modules/ec/common/battery_fuel_gauge.c.obj
[crystaldrift:rw] [41/418] Building C object CMakeFiles/app.dir/mnt/host/source/src/platform/ec/build/zephyr/crystaldrift/modules/ec/driver/bc12/pi3usb9201.c.obj
[crystaldrift:ro] [32/416] Building C object CMakeFiles/app.dir/mnt/host/source/src/platform/ec/build/zephyr/crystaldrift/modules/ec/common/adc.c.obj
[crystaldrift:rw] [42/418] Building C object CMakeFiles/app.dir/mnt/host/source/src/platform/ec/build/zephyr/crystaldrift/modules/ec/common/charger.c.obj
[skywalker-tps6699x:ro] [7/365] Generating include/generated/zephyr/kobj-types-enum.h, include/generated/zephyr/otype-to-str.h, include/generated/zephyr/otype-to-size.h
[crystaldrift:rw] [43/418] Building C object CMakeFiles/app.dir/mnt/host/source/src/platform/ec/build/zephyr/crystaldrift/modules/ec/driver/charger/isl923x.c.obj
[skywalker-tps6699x:ro] [8/365] Generating include/generated/device-api-sections.ld, include/generated/device-api-sections.cmake
[crystaldrift:rw] [44/418] Building C object CMakeFiles/app.dir/mnt/host/source/src/platform/ec/build/zephyr/crystaldrift/modules/ec/common/charge_state.c.obj
[grogu:rw] unit address and first address in 'reg' (0x48) don't match for /soc/i2c@f04500/it5205-mux-1@58
[crystaldrift:rw] [45/418] Building C object CMakeFiles/app.dir/mnt/host/source/src/platform/ec/build/zephyr/crystaldrift/modules/ec/common/cbi_common.c.obj
[crystaldrift:ro] [33/416] Building C object CMakeFiles/app.dir/mnt/host/source/src/platform/ec/build/zephyr/crystaldrift/modules/ec/driver/amd_stt.c.obj
[/mnt/host/source/src/platform/ec/build/zephyr/mtlrvpp_m1723-lcov]   /mnt/host/source/src/platform/ec/build/zephyr/mtlrvpp_m1723/build-ro/CMakeFiles/app.dir/mnt/host/source/src/platform/ec/build/zephyr/mtlrvpp_m1723/modules/ec/common/usb_pd_pdo.c.gcno:no functions found
[/mnt/host/source/src/platform/ec/build/zephyr/mtlrvpp_m1723-lcov] stderr:
[crystaldrift:rw] [46/418] Building C object CMakeFiles/app.dir/mnt/host/source/src/platform/ec/build/zephyr/crystaldrift/modules/ec/common/charge_manager.c.obj
[crystaldrift:ro] [34/416] Building C object CMakeFiles/app.dir/mnt/host/source/src/platform/ec/build/zephyr/crystaldrift/modules/ec/driver/sb_rmi.c.obj
[grogu:rw] -- Generated zephyr.dts: /mnt/host/source/src/platform/ec/build/zephyr/grogu/build-rw/zephyr/zephyr.dts
[grogu:rw] -- Generated pickled edt: /mnt/host/source/src/platform/ec/build/zephyr/grogu/build-rw/zephyr/edt.pickle
[crystaldrift:ro] [35/416] Building C object CMakeFiles/app.dir/mnt/host/source/src/platform/ec/build/zephyr/crystaldrift/modules/ec/common/acpi.c.obj
[crystaldrift:rw] [47/418] Building C object CMakeFiles/app.dir/mnt/host/source/src/platform/ec/build/zephyr/crystaldrift/modules/ec/common/cbi_config.c.obj
[skywalker-tps6699x:ro] [9/365] Building C object zephyr/CMakeFiles/offsets.dir/arch/arm/core/offsets/offsets.c.obj
[grogu:ro] unit address and first address in 'reg' (0x48) don't match for /soc/i2c@f04500/it5205-mux-1@58
[crystaldrift:ro] [36/416] Building C object CMakeFiles/app.dir/mnt/host/source/src/platform/ec/build/zephyr/crystaldrift/modules/ec/common/backlight_lid.c.obj
[crystaldrift:rw] [48/418] Building C object CMakeFiles/app.dir/mnt/host/source/src/platform/ec/build/zephyr/crystaldrift/modules/ec/common/cbi.c.obj
[grogu:ro] -- Generated zephyr.dts: /mnt/host/source/src/platform/ec/build/zephyr/grogu/build-ro/zephyr/zephyr.dts
[grogu:ro] -- Generated pickled edt: /mnt/host/source/src/platform/ec/build/zephyr/grogu/build-ro/zephyr/edt.pickle
[skywalker-tps6699x:ro] [10/365] Generating include/generated/zephyr/offsets.h
[crystaldrift:rw] [49/418] Building C object CMakeFiles/app.dir/mnt/host/source/src/platform/ec/build/zephyr/crystaldrift/modules/ec/common/chipset.c.obj
[crystaldrift:rw] [50/418] Building C object CMakeFiles/app.dir/mnt/host/source/src/platform/ec/build/zephyr/crystaldrift/modules/ec/common/dptf.c.obj
[/mnt/host/source/src/platform/ec/build/zephyr/winterhold-lcov]   /mnt/host/source/src/platform/ec/build/zephyr/winterhold/build-ro/CMakeFiles/app.dir/mnt/host/source/src/platform/ec/build/zephyr/winterhold/modules/ec/common/usb_pd_pdo.c.gcno:no functions found
[/mnt/host/source/src/platform/ec/build/zephyr/winterhold-lcov] stderr:
[grogu:rw] -- Generated devicetree_generated.h: /mnt/host/source/src/platform/ec/build/zephyr/grogu/build-rw/zephyr/include/generated/zephyr/devicetree_generated.h
[crystaldrift:rw] [51/418] Building C object CMakeFiles/app.dir/mnt/host/source/src/platform/ec/build/zephyr/crystaldrift/modules/ec/common/ap_reset_log.c.obj
[grogu:ro] -- Generated devicetree_generated.h: /mnt/host/source/src/platform/ec/build/zephyr/grogu/build-ro/zephyr/include/generated/zephyr/devicetree_generated.h
[crystaldrift:rw] [52/418] Building C object CMakeFiles/app.dir/mnt/host/source/src/platform/ec/build/zephyr/crystaldrift/modules/ec/common/espi.c.obj
[crystaldrift:rw] [53/418] Building C object CMakeFiles/app.dir/mnt/host/source/src/platform/ec/build/zephyr/crystaldrift/modules/ec/common/extpower_common.c.obj
[crystaldrift:ro] [37/416] Building C object CMakeFiles/app.dir/mnt/host/source/src/platform/ec/build/zephyr/crystaldrift/modules/ec/common/battery_info.c.obj
[skywalker-tps6699x:ro] [11/365] Building C object zephyr/CMakeFiles/zephyr.dir/lib/libc/validate_libc.c.obj
[crystaldrift:ro] [38/416] Building C object CMakeFiles/app.dir/mnt/host/source/src/platform/ec/build/zephyr/crystaldrift/modules/ec/common/battery_fuel_gauge.c.obj
[crystaldrift:ro] [39/416] Building C object CMakeFiles/app.dir/mnt/host/source/src/platform/ec/build/zephyr/crystaldrift/modules/ec/common/battery.c.obj
[crystaldrift:rw] [54/418] Building C object CMakeFiles/app.dir/mnt/host/source/src/platform/ec/build/zephyr/crystaldrift/modules/ec/common/extpower_gpio.c.obj
[crystaldrift:ro] [40/416] Building C object CMakeFiles/app.dir/mnt/host/source/src/platform/ec/build/zephyr/crystaldrift/modules/ec/driver/battery/smart.c.obj
[crystaldrift:rw] [55/418] Building C object CMakeFiles/app.dir/mnt/host/source/src/platform/ec/build/zephyr/crystaldrift/modules/ec/common/fan.c.obj
[crystaldrift:rw] [56/418] Building C object CMakeFiles/app.dir/mnt/host/source/src/platform/ec/build/zephyr/crystaldrift/modules/ec/common/flash.c.obj
[crystaldrift:rw] [57/418] Building C object CMakeFiles/app.dir/mnt/host/source/src/platform/ec/build/zephyr/crystaldrift/modules/ec/common/host_command.c.obj
[crystaldrift:rw] [58/418] Building C object CMakeFiles/app.dir/mnt/host/source/src/platform/ec/build/zephyr/crystaldrift/modules/ec/common/host_command_task.c.obj
[skywalker-tps6699x:ro] [12/365] Building C object zephyr/CMakeFiles/zephyr.dir/lib/heap/heap.c.obj
[grogu:rw] /mnt/host/source/src/platform/ec/build/zephyr/grogu/build-rw/zephyr/zephyr.dts:2481.34-2485.6: Warning (i2c_bus_reg): /soc/i2c@f04500/it5205-mux-1@58: I2C bus unit address format error, expected "48"
[crystaldrift:ro] [41/416] Building C object CMakeFiles/app.dir/mnt/host/source/src/platform/ec/build/zephyr/crystaldrift/modules/ec/driver/bc12/pi3usb9201.c.obj
[crystaldrift:rw] [59/418] Building C object CMakeFiles/app.dir/mnt/host/source/src/platform/ec/build/zephyr/crystaldrift/modules/ec/common/uart_hostcmd.c.obj
[crystaldrift:rw] [60/418] Building C object CMakeFiles/app.dir/mnt/host/source/src/platform/ec/build/zephyr/crystaldrift/modules/ec/common/host_event_commands.c.obj
[crystaldrift:rw] [61/418] Building C object CMakeFiles/app.dir/mnt/host/source/src/platform/ec/build/zephyr/crystaldrift/modules/ec/common/uptime.c.obj
[crystaldrift:ro] [42/416] Building C object CMakeFiles/app.dir/mnt/host/source/src/platform/ec/build/zephyr/crystaldrift/modules/ec/common/charger.c.obj
[crystaldrift:ro] [43/416] Building C object CMakeFiles/app.dir/mnt/host/source/src/platform/ec/build/zephyr/crystaldrift/modules/ec/driver/charger/isl923x.c.obj
[grogu:ro] /mnt/host/source/src/platform/ec/build/zephyr/grogu/build-ro/zephyr/zephyr.dts:2481.34-2485.6: Warning (i2c_bus_reg): /soc/i2c@f04500/it5205-mux-1@58: I2C bus unit address format error, expected "48"
[grogu:ro] /mnt/host/source/src/platform/ec/build/zephyr/grogu/build-ro/zephyr/zephyr.dts:1258.27-1968.5: Warning (avoid_unnecessary_addr_size): /soc/pin-controller: unnecessary #address-cells/#size-cells without "ranges" or child "reg" property
[crystaldrift:rw] [62/418] Building C object CMakeFiles/app.dir/mnt/host/source/src/platform/ec/build/zephyr/crystaldrift/modules/ec/common/i2c_controller.c.obj
[crystaldrift:ro] [44/416] Building C object CMakeFiles/app.dir/mnt/host/source/src/platform/ec/build/zephyr/crystaldrift/modules/ec/common/charge_state.c.obj
[crystaldrift:rw] [63/418] Building C object CMakeFiles/app.dir/mnt/host/source/src/platform/ec/build/zephyr/crystaldrift/modules/ec/common/i2c_passthru.c.obj
[crystaldrift:rw] [64/418] Building C object CMakeFiles/app.dir/mnt/host/source/src/platform/ec/build/zephyr/crystaldrift/modules/ec/common/keyboard_scan.c.obj
[skywalker-tps6699x:ro] [13/365] Building C object zephyr/CMakeFiles/zephyr.dir/lib/os/cbprintf_packaged.c.obj
[crystaldrift:rw] [65/418] Building C object CMakeFiles/app.dir/mnt/host/source/src/platform/ec/build/zephyr/crystaldrift/modules/ec/common/keyboard_8042.c.obj
[crystaldrift:rw] [66/418] Building C object CMakeFiles/app.dir/mnt/host/source/src/platform/ec/build/zephyr/crystaldrift/modules/ec/common/keyboard_8042_sharedlib.c.obj
[crystaldrift:rw] [67/418] Building C object CMakeFiles/app.dir/mnt/host/source/src/platform/ec/build/zephyr/crystaldrift/modules/ec/common/mkbp_fifo.c.obj
[crystaldrift:rw] [68/418] Building C object CMakeFiles/app.dir/mnt/host/source/src/platform/ec/build/zephyr/crystaldrift/modules/ec/common/mkbp_info.c.obj
[crystaldrift:ro] [45/416] Building C object CMakeFiles/app.dir/mnt/host/source/src/platform/ec/build/zephyr/crystaldrift/modules/ec/common/cbi_common.c.obj
[crystaldrift:ro] [46/416] Building C object CMakeFiles/app.dir/mnt/host/source/src/platform/ec/build/zephyr/crystaldrift/modules/ec/common/cbi.c.obj
[crystaldrift:ro] [47/416] Building C object CMakeFiles/app.dir/mnt/host/source/src/platform/ec/build/zephyr/crystaldrift/modules/ec/common/charge_manager.c.obj
[crystaldrift:ro] [48/416] Building C object CMakeFiles/app.dir/mnt/host/source/src/platform/ec/build/zephyr/crystaldrift/modules/ec/common/cbi_config.c.obj
[crystaldrift:rw] [69/418] Building C object CMakeFiles/app.dir/mnt/host/source/src/platform/ec/build/zephyr/crystaldrift/modules/ec/common/mkbp_input_devices.c.obj
[skywalker-tps6699x:ro] [14/365] Building C object zephyr/CMakeFiles/zephyr.dir/lib/os/clock.c.obj
[crystaldrift:rw] [70/418] Building C object CMakeFiles/app.dir/mnt/host/source/src/platform/ec/build/zephyr/crystaldrift/modules/ec/common/keyboard_backlight.c.obj
[crystaldrift:rw] [71/418] Building C object CMakeFiles/app.dir/mnt/host/source/src/platform/ec/build/zephyr/crystaldrift/modules/ec/common/led_common.c.obj
[crystaldrift:rw] [72/418] Building C object CMakeFiles/app.dir/mnt/host/source/src/platform/ec/build/zephyr/crystaldrift/modules/ec/common/lid_angle_keyboard_policy.c.obj
[crystaldrift:rw] [73/418] Building C object CMakeFiles/app.dir/mnt/host/source/src/platform/ec/build/zephyr/crystaldrift/modules/ec/common/motion_lid.c.obj
[crystaldrift:rw] [74/418] Building C object CMakeFiles/app.dir/mnt/host/source/src/platform/ec/build/zephyr/crystaldrift/modules/ec/common/lid_angle.c.obj
[crystaldrift:ro] [49/416] Building C object CMakeFiles/app.dir/mnt/host/source/src/platform/ec/build/zephyr/crystaldrift/modules/ec/common/dptf.c.obj
[skywalker-tps6699x:ro] [15/365] Building C object zephyr/CMakeFiles/zephyr.dir/lib/os/printk.c.obj
[crystaldrift:rw] [75/418] Building C object CMakeFiles/app.dir/mnt/host/source/src/platform/ec/build/zephyr/crystaldrift/modules/ec/common/lid_switch.c.obj
[crystaldrift:ro] [50/416] Building C object CMakeFiles/app.dir/mnt/host/source/src/platform/ec/build/zephyr/crystaldrift/modules/ec/common/ap_reset_log.c.obj
[crystaldrift:ro] [51/416] Building C object CMakeFiles/app.dir/mnt/host/source/src/platform/ec/build/zephyr/crystaldrift/modules/ec/common/chipset.c.obj
[crystaldrift:ro] [52/416] Building C object CMakeFiles/app.dir/mnt/host/source/src/platform/ec/build/zephyr/crystaldrift/modules/ec/common/espi.c.obj
[crystaldrift:rw] [76/418] Building C object CMakeFiles/app.dir/mnt/host/source/src/platform/ec/build/zephyr/crystaldrift/modules/ec/common/mkbp_event.c.obj
[crystaldrift:rw] [77/418] Building C object CMakeFiles/app.dir/mnt/host/source/src/platform/ec/build/zephyr/crystaldrift/modules/ec/common/port80.c.obj
[crystaldrift:rw] [78/418] Building C object CMakeFiles/app.dir/mnt/host/source/src/platform/ec/build/zephyr/crystaldrift/modules/ec/common/motion_sense.c.obj
[grogu:rw] /mnt/host/source/src/platform/ec/build/zephyr/grogu/build-rw/zephyr/zephyr.dts:1258.27-1968.5: Warning (avoid_unnecessary_addr_size): /soc/pin-controller: unnecessary #address-cells/#size-cells without "ranges" or child "reg" property
[grogu:rw] warning: Deprecated symbol I2C_ALLOW_NO_STOP_TRANSACTIONS is enabled.
[skywalker-tps6699x:ro] [16/365] Building C object zephyr/CMakeFiles/zephyr.dir/lib/os/sem.c.obj
[crystaldrift:rw] [79/418] Building C object CMakeFiles/app.dir/mnt/host/source/src/platform/ec/build/zephyr/crystaldrift/modules/ec/common/power_button.c.obj
[crystaldrift:rw] [80/418] Building C object CMakeFiles/app.dir/mnt/host/source/src/platform/ec/build/zephyr/crystaldrift/modules/ec/power/amd_x86.c.obj
[crystaldrift:ro] [53/416] Building C object CMakeFiles/app.dir/mnt/host/source/src/platform/ec/build/zephyr/crystaldrift/modules/ec/common/extpower_common.c.obj
[crystaldrift:rw] [81/418] Building C object CMakeFiles/app.dir/mnt/host/source/src/platform/ec/build/zephyr/crystaldrift/modules/ec/power/common.c.obj
[crystaldrift:ro] [54/416] Building C object CMakeFiles/app.dir/mnt/host/source/src/platform/ec/build/zephyr/crystaldrift/modules/ec/common/extpower_gpio.c.obj
[grogu:rw] Parsing /mnt/host/source/src/platform/ec/zephyr/program/skywalker/Kconfig
[crystaldrift:ro] [55/416] Building C object CMakeFiles/app.dir/mnt/host/source/src/platform/ec/build/zephyr/crystaldrift/modules/ec/common/flash.c.obj
[crystaldrift:ro] [56/416] Building C object CMakeFiles/app.dir/mnt/host/source/src/platform/ec/build/zephyr/crystaldrift/modules/ec/common/fan.c.obj
[crystaldrift:rw] [82/418] Building C object CMakeFiles/app.dir/mnt/host/source/src/platform/ec/build/zephyr/crystaldrift/modules/ec/power/host_sleep.c.obj
[skywalker-tps6699x:ro] [17/365] Building C object zephyr/CMakeFiles/zephyr.dir/lib/os/thread_entry.c.obj
[crystaldrift:rw] [83/418] Building C object CMakeFiles/app.dir/mnt/host/source/src/platform/ec/build/zephyr/crystaldrift/modules/ec/common/panic_output.c.obj
[grogu:ro] Parsing /mnt/host/source/src/platform/ec/zephyr/program/skywalker/Kconfig
[crystaldrift:rw] [84/418] Building C object CMakeFiles/app.dir/mnt/host/source/src/platform/ec/build/zephyr/crystaldrift/modules/ec/common/preserved_ring_buf.c.obj
[crystaldrift:rw] [85/418] Building C object CMakeFiles/app.dir/mnt/host/source/src/platform/ec/build/zephyr/crystaldrift/modules/ec/common/sha256.c.obj
[crystaldrift:rw] [86/418] Building C object CMakeFiles/app.dir/mnt/host/source/src/platform/ec/build/zephyr/crystaldrift/modules/ec/common/panic_log.c.obj
[crystaldrift:ro] [57/416] Building C object CMakeFiles/app.dir/mnt/host/source/src/platform/ec/build/zephyr/crystaldrift/modules/ec/common/host_command.c.obj
[crystaldrift:rw] [87/418] Building C object CMakeFiles/app.dir/mnt/host/source/src/platform/ec/build/zephyr/crystaldrift/modules/ec/common/shared_mem.c.obj
[crystaldrift:rw] [88/418] Building C object CMakeFiles/app.dir/mnt/host/source/src/platform/ec/build/zephyr/crystaldrift/modules/ec/common/switch.c.obj
[crystaldrift:ro] [58/416] Building C object CMakeFiles/app.dir/mnt/host/source/src/platform/ec/build/zephyr/crystaldrift/modules/ec/common/host_command_task.c.obj
[skywalker-tps6699x:ro] [18/365] Building C object zephyr/CMakeFiles/zephyr.dir/lib/os/cbprintf_nano.c.obj
[grogu:rw] Loaded configuration '/mnt/host/source/src/platform/ec/zephyr/boards/google/it8xxx2/it8xxx2_it82002aw_defconfig'
[grogu:rw] Merged configuration '/mnt/host/source/src/platform/ec/zephyr/program/skywalker/program.conf'
[grogu:rw] Merged configuration '/mnt/host/source/src/platform/ec/zephyr/program/skywalker/ite_program.conf'
[grogu:rw] Merged configuration '/mnt/host/source/src/platform/ec/zephyr/program/skywalker/grogu/project.conf'
[grogu:rw] Merged configuration '/mnt/host/source/src/platform/ec/build/zephyr/grogu/kconfig-rw.conf'
[grogu:rw] Configuration saved to '/mnt/host/source/src/platform/ec/build/zephyr/grogu/build-rw/zephyr/.config'
[grogu:rw] Kconfig header saved to '/mnt/host/source/src/platform/ec/build/zephyr/grogu/build-rw/zephyr/include/generated/zephyr/autoconf.h'
[grogu:rw] -- Found GnuLd: /home/jpmurphy/.cache/coreboot-sdk/riscv64-elf/96b949749225b6aaa92ed810ab769e8dfb12f000/riscv64-elf/bin/ld.bfd (found version "2.43.1")
[crystaldrift:rw] [89/418] Building C object CMakeFiles/app.dir/mnt/host/source/src/platform/ec/build/zephyr/crystaldrift/modules/ec/common/spi_flash_reg.c.obj
[crystaldrift:ro] [59/416] Building C object CMakeFiles/app.dir/mnt/host/source/src/platform/ec/build/zephyr/crystaldrift/modules/ec/common/host_event_commands.c.obj
[crystaldrift:ro] [60/416] Building C object CMakeFiles/app.dir/mnt/host/source/src/platform/ec/build/zephyr/crystaldrift/modules/ec/common/uart_hostcmd.c.obj
[grogu:ro] Loaded configuration '/mnt/host/source/src/platform/ec/zephyr/boards/google/it8xxx2/it8xxx2_it82002aw_defconfig'
[grogu:ro] Merged configuration '/mnt/host/source/src/platform/ec/zephyr/program/skywalker/program.conf'
[grogu:ro] Merged configuration '/mnt/host/source/src/platform/ec/zephyr/program/skywalker/ite_program.conf'
[grogu:ro] Merged configuration '/mnt/host/source/src/platform/ec/zephyr/program/skywalker/grogu/project.conf'
[grogu:ro] Merged configuration '/mnt/host/source/src/platform/ec/build/zephyr/grogu/kconfig-ro.conf'
[grogu:ro] Configuration saved to '/mnt/host/source/src/platform/ec/build/zephyr/grogu/build-ro/zephyr/.config'
[grogu:ro] Kconfig header saved to '/mnt/host/source/src/platform/ec/build/zephyr/grogu/build-ro/zephyr/include/generated/zephyr/autoconf.h'
[grogu:ro] -- Found GnuLd: /home/jpmurphy/.cache/coreboot-sdk/riscv64-elf/96b949749225b6aaa92ed810ab769e8dfb12f000/riscv64-elf/bin/ld.bfd (found version "2.43.1")
[crystaldrift:rw] [90/418] Building C object CMakeFiles/app.dir/mnt/host/source/src/platform/ec/build/zephyr/crystaldrift/modules/ec/common/tablet_mode.c.obj
[crystaldrift:rw] [91/418] Building C object CMakeFiles/app.dir/mnt/host/source/src/platform/ec/build/zephyr/crystaldrift/modules/ec/common/thermal.c.obj
[grogu:rw] -- The C compiler identification is GNU 14.2.0
[crystaldrift:rw] [92/418] Building C object CMakeFiles/app.dir/mnt/host/source/src/platform/ec/build/zephyr/crystaldrift/modules/ec/common/temp_sensor.c.obj
[grogu:ro] -- The C compiler identification is GNU 14.2.0
[grogu:rw] -- The CXX compiler identification is GNU 14.2.0
[crystaldrift:rw] [93/418] Building C object CMakeFiles/app.dir/mnt/host/source/src/platform/ec/build/zephyr/crystaldrift/modules/ec/driver/temp_sensor/thermistor.c.obj
[skywalker-tps6699x:ro] [19/365] Building C object zephyr/CMakeFiles/zephyr.dir/lib/os/cbprintf.c.obj
[grogu:rw] -- The ASM compiler identification is GNU
[grogu:rw] -- Found assembler: /home/jpmurphy/.cache/coreboot-sdk/riscv64-elf/96b949749225b6aaa92ed810ab769e8dfb12f000/bin/riscv64-elf-gcc
[grogu:rw] CMake Warning at /mnt/host/source/src/platform/ec/zephyr/cmake/linker/ld/linker_libraries.cmake:11 (message):
[grogu:rw]   Disabling c_library
[grogu:rw] Call Stack (most recent call first):
[grogu:rw]   /mnt/host/source/src/third_party/zephyr/main/cmake/target_toolchain_flags.cmake:48 (include)
[grogu:rw]   /mnt/host/source/src/third_party/zephyr/main/cmake/modules/kernel.cmake:153 (include)
[grogu:rw]   /mnt/host/source/src/third_party/zephyr/main/cmake/modules/zephyr_default.cmake:138 (include)
[grogu:rw]   /mnt/host/source/src/third_party/zephyr/main/share/zephyr-package/cmake/ZephyrConfig.cmake:66 (include)
[grogu:rw]   /mnt/host/source/src/third_party/zephyr/main/share/zephyr-package/cmake/ZephyrConfig.cmake:97 (include_boilerplate)
[grogu:rw]   CMakeLists.txt:6 (find_package)
[grogu:ro] -- The CXX compiler identification is GNU 14.2.0
[crystaldrift:ro] [61/416] Building C object CMakeFiles/app.dir/mnt/host/source/src/platform/ec/build/zephyr/crystaldrift/modules/ec/common/uptime.c.obj
[crystaldrift:rw] [94/418] Building C object CMakeFiles/app.dir/mnt/host/source/src/platform/ec/build/zephyr/crystaldrift/modules/ec/driver/temp_sensor/sb_tsi.c.obj
[crystaldrift:rw] [95/418] Building C object CMakeFiles/app.dir/mnt/host/source/src/platform/ec/build/zephyr/crystaldrift/modules/ec/driver/temp_sensor/pct2075.c.obj
[grogu:ro] -- The ASM compiler identification is GNU
[grogu:ro] warning: Deprecated symbol I2C_ALLOW_NO_STOP_TRANSACTIONS is enabled.
[grogu:ro] CMake Warning at /mnt/host/source/src/platform/ec/zephyr/cmake/linker/ld/linker_libraries.cmake:11 (message):
[grogu:ro]   Disabling c_library
[grogu:ro] Call Stack (most recent call first):
[grogu:ro]   /mnt/host/source/src/third_party/zephyr/main/cmake/target_toolchain_flags.cmake:48 (include)
[grogu:ro]   /mnt/host/source/src/third_party/zephyr/main/cmake/modules/kernel.cmake:153 (include)
[grogu:ro]   /mnt/host/source/src/third_party/zephyr/main/cmake/modules/zephyr_default.cmake:138 (include)
[grogu:ro]   /mnt/host/source/src/third_party/zephyr/main/share/zephyr-package/cmake/ZephyrConfig.cmake:66 (include)
[grogu:ro]   /mnt/host/source/src/third_party/zephyr/main/share/zephyr-package/cmake/ZephyrConfig.cmake:97 (include_boilerplate)
[grogu:ro]   CMakeLists.txt:6 (find_package)
[/mnt/host/source/src/platform/ec/build/zephyr/mtlrvpp_m1723-lcov]   /mnt/host/source/src/platform/ec/build/zephyr/mtlrvpp_m1723/build-ro/CMakeFiles/app.dir/mnt/host/source/src/platform/ec/build/zephyr/mtlrvpp_m1723/modules/ec/common/chargen.c.gcno:no functions found
[/mnt/host/source/src/platform/ec/build/zephyr/mtlrvpp_m1723-lcov] stderr:
[crystaldrift:ro] [62/416] Building C object CMakeFiles/app.dir/mnt/host/source/src/platform/ec/build/zephyr/crystaldrift/modules/ec/common/i2c_controller.c.obj
[crystaldrift:ro] [63/416] Building C object CMakeFiles/app.dir/mnt/host/source/src/platform/ec/build/zephyr/crystaldrift/modules/ec/common/i2c_passthru.c.obj
[crystaldrift:rw] [96/418] Building C object CMakeFiles/app.dir/mnt/host/source/src/platform/ec/build/zephyr/crystaldrift/modules/ec/common/throttle_ap.c.obj
[crystaldrift:rw] [97/418] Building C object CMakeFiles/app.dir/mnt/host/source/src/platform/ec/build/zephyr/crystaldrift/modules/ec/common/usb_charger.c.obj
[grogu:rw] -- Performing EC specific devicetree checks
[skywalker-tps6699x:ro] [20/365] Building C object zephyr/CMakeFiles/zephyr.dir/lib/os/assert.c.obj
[crystaldrift:rw] [98/418] Building C object CMakeFiles/app.dir/mnt/host/source/src/platform/ec/build/zephyr/crystaldrift/modules/ec/common/timer.c.obj
[crystaldrift:rw] [99/418] Building C object CMakeFiles/app.dir/mnt/host/source/src/platform/ec/build/zephyr/crystaldrift/modules/ec/common/usb_port_power_dumb.c.obj
[crystaldrift:ro] [64/416] Building C object CMakeFiles/app.dir/mnt/host/source/src/platform/ec/build/zephyr/crystaldrift/modules/ec/common/keyboard_scan.c.obj
[grogu:rw] INFO: Verified 34 GPIOs, no duplicates found
[grogu:ro] -- Found assembler: /home/jpmurphy/.cache/coreboot-sdk/riscv64-elf/96b949749225b6aaa92ed810ab769e8dfb12f000/bin/riscv64-elf-gcc
[grogu:ro] -- Performing EC specific devicetree checks
[skywalker-tps6699x:ro] [21/365] Building C object zephyr/CMakeFiles/zephyr.dir/lib/utils/base64.c.obj
[crystaldrift:rw] [100/418] Building C object CMakeFiles/app.dir/mnt/host/source/src/platform/ec/build/zephyr/crystaldrift/modules/ec/common/typec_control.c.obj
[grogu:rw] -- Generating component manifest file
[grogu:ro] INFO: Verified 34 GPIOs, no duplicates found
[grogu:ro] INFO: Verified 25 '*-gpios' properties, all flags match.
[grogu:ro] INFO: Skipped 1 named-gpios children.
[skywalker-tps6699x:ro] [22/365] Building C object zephyr/CMakeFiles/zephyr.dir/lib/utils/dec.c.obj
[crystaldrift:rw] [101/418] Building C object CMakeFiles/app.dir/mnt/host/source/src/platform/ec/build/zephyr/crystaldrift/modules/ec/common/usb_pd_pdo.c.obj
[grogu:rw] INFO: Verified 25 '*-gpios' properties, all flags match.
[grogu:rw] INFO: Skipped 1 named-gpios children.
[grogu:rw] INFO: Running CME, outputting to /mnt/host/source/src/platform/ec/build/zephyr/grogu/build-rw/zephyr/component_manifest.json
[grogu:ro] -- Generating component manifest file
[crystaldrift:ro] [65/416] Building C object CMakeFiles/app.dir/mnt/host/source/src/platform/ec/build/zephyr/crystaldrift/modules/ec/common/keyboard_8042.c.obj
[skywalker-tps6699x:ro] [23/365] Building C object zephyr/CMakeFiles/zephyr.dir/lib/utils/hex.c.obj
[crystaldrift:rw] [102/418] Building C object CMakeFiles/app.dir/mnt/host/source/src/platform/ec/build/zephyr/crystaldrift/modules/ec/common/usb_common.c.obj
[grogu:ro] INFO: Running CME, outputting to /mnt/host/source/src/platform/ec/build/zephyr/grogu/build-ro/zephyr/component_manifest.json
[grogu:ro] INFO: Project grogu does not support SSFC
[grogu:ro] INFO: No motionsense-sensor node found
[crystaldrift:ro] [66/416] Building C object CMakeFiles/app.dir/mnt/host/source/src/platform/ec/build/zephyr/crystaldrift/modules/ec/common/keyboard_8042_sharedlib.c.obj
[crystaldrift:rw] [103/418] Building C object CMakeFiles/app.dir/mnt/host/source/src/platform/ec/build/zephyr/crystaldrift/modules/ec/common/usbc/usb_pd_timer.c.obj
[grogu:rw] -- warning_base_override: -Wall;-Wformat;-Wformat-security;-Wformat;-Wno-format-zero-length;-Wno-pointer-sign;-Wpointer-arith;-Wexpansion-to-defined
[crystaldrift:ro] [67/416] Building C object CMakeFiles/app.dir/mnt/host/source/src/platform/ec/build/zephyr/crystaldrift/modules/ec/common/mkbp_fifo.c.obj
[crystaldrift:rw] [104/418] Building C object CMakeFiles/app.dir/mnt/host/source/src/platform/ec/build/zephyr/crystaldrift/modules/ec/common/usbc/usb_sm.c.obj
[crystaldrift:rw] [105/418] Building C object CMakeFiles/app.dir/mnt/host/source/src/platform/ec/build/zephyr/crystaldrift/modules/ec/common/usbc/usbc_task.c.obj
[grogu:ro] -- warning_base_override: -Wall;-Wformat;-Wformat-security;-Wformat;-Wno-format-zero-length;-Wno-pointer-sign;-Wpointer-arith;-Wexpansion-to-defined
[crystaldrift:ro] [68/416] Building C object CMakeFiles/app.dir/mnt/host/source/src/platform/ec/build/zephyr/crystaldrift/modules/ec/common/mkbp_info.c.obj
[/mnt/host/source/src/platform/ec/build/zephyr/winterhold-lcov]   /mnt/host/source/src/platform/ec/build/zephyr/winterhold/build-ro/CMakeFiles/app.dir/mnt/host/source/src/platform/ec/build/zephyr/winterhold/modules/ec/common/chargen.c.gcno:no functions found
[/mnt/host/source/src/platform/ec/build/zephyr/winterhold-lcov] stderr:
[crystaldrift:rw] [106/418] Building C object CMakeFiles/app.dir/mnt/host/source/src/platform/ec/build/zephyr/crystaldrift/modules/ec/common/usbc_intr_task.c.obj
[crystaldrift:rw] [107/418] Building C object CMakeFiles/app.dir/mnt/host/source/src/platform/ec/build/zephyr/crystaldrift/modules/ec/common/usbc_utils.c.obj
[grogu:rw] -- Found gen_kobject_list: /mnt/host/source/src/third_party/zephyr/main/scripts/build/gen_kobject_list.py
[crystaldrift:rw] [108/418] Building C object CMakeFiles/app.dir/mnt/host/source/src/platform/ec/build/zephyr/crystaldrift/modules/ec/common/usb_pd_flags.c.obj
[grogu:rw] INFO: Project grogu does not support SSFC
[grogu:rw] INFO: No motionsense-sensor node found
[grogu:rw] CMake Warning at /mnt/host/source/src/third_party/zephyr/main/CMakeLists.txt:1134 (message):
[grogu:rw]   No SOURCES given to Zephyr library: drivers__syscon
[grogu:rw]   Excluding target from build.
[grogu:rw] CMake Warning at /mnt/host/source/src/third_party/zephyr/main/CMakeLists.txt:2359 (message):
[grogu:rw]   __ASSERT() statements are globally ENABLED
[grogu:ro] -- Found gen_kobject_list: /mnt/host/source/src/third_party/zephyr/main/scripts/build/gen_kobject_list.py
[grogu:rw] -- Configuring done (15.5s)
[grogu:ro] CMake Warning at /mnt/host/source/src/third_party/zephyr/main/CMakeLists.txt:1134 (message):
[skywalker-tps6699x:ro] [24/365] Building C object zephyr/CMakeFiles/zephyr.dir/lib/utils/rb.c.obj
[grogu:ro]   No SOURCES given to Zephyr library: drivers__syscon
[grogu:ro]   Excluding target from build.
[grogu:ro] CMake Warning at /mnt/host/source/src/third_party/zephyr/main/CMakeLists.txt:2359 (message):
[grogu:ro]   __ASSERT() statements are globally ENABLED
[crystaldrift:ro] [69/416] Building C object CMakeFiles/app.dir/mnt/host/source/src/platform/ec/build/zephyr/crystaldrift/modules/ec/common/mkbp_input_devices.c.obj
[crystaldrift:rw] [109/418] Building C object CMakeFiles/app.dir/mnt/host/source/src/platform/ec/build/zephyr/crystaldrift/modules/ec/common/chargen.c.obj
[grogu:ro] -- Configuring done (15.6s)
[crystaldrift:rw] [110/418] Building C object CMakeFiles/app.dir/mnt/host/source/src/platform/ec/build/zephyr/crystaldrift/modules/ec/common/usbc/usb_pd_console.c.obj
[crystaldrift:ro] [70/416] Building C object CMakeFiles/app.dir/mnt/host/source/src/platform/ec/build/zephyr/crystaldrift/modules/ec/common/keyboard_backlight.c.obj
[crystaldrift:ro] [71/416] Building C object CMakeFiles/app.dir/mnt/host/source/src/platform/ec/build/zephyr/crystaldrift/modules/ec/common/led_common.c.obj
[skywalker-tps6699x:ro] [25/365] Building C object zephyr/CMakeFiles/zephyr.dir/lib/utils/timeutil.c.obj
[crystaldrift:rw] [111/418] Building C object CMakeFiles/app.dir/mnt/host/source/src/platform/ec/build/zephyr/crystaldrift/modules/ec/driver/retimer/ps8818.c.obj
[grogu:rw] -- Generating done (0.5s)
[grogu:rw] CMake Warning:
[grogu:rw]   Manually-specified variables were not used by the project:
[grogu:rw]     COREBOOT_SDK_ROOT_arm
[grogu:rw]     COREBOOT_SDK_ROOT_libstdcxx_arm
[grogu:rw]     COREBOOT_SDK_ROOT_libstdcxx_x86
[grogu:rw]     COREBOOT_SDK_ROOT_nds32
[grogu:rw]     COREBOOT_SDK_ROOT_picolibc_arm
[grogu:rw]     COREBOOT_SDK_ROOT_picolibc_x86
[grogu:rw]     COREBOOT_SDK_ROOT_riscv
[grogu:rw]     COREBOOT_SDK_ROOT_x86
[grogu:rw] -- Build files have been written to: /mnt/host/source/src/platform/ec/build/zephyr/grogu/build-rw
[crystaldrift:rw] [112/418] Building C object CMakeFiles/app.dir/mnt/host/source/src/platform/ec/build/zephyr/crystaldrift/modules/ec/driver/retimer/anx7483.c.obj
[grogu:ro] -- Generating done (0.4s)
[grogu:ro] CMake Warning:
[grogu:ro] -- Build files have been written to: /mnt/host/source/src/platform/ec/build/zephyr/grogu/build-ro
[crystaldrift:ro] [72/416] Building C object CMakeFiles/app.dir/mnt/host/source/src/platform/ec/build/zephyr/crystaldrift/modules/ec/common/motion_lid.c.obj
[crystaldrift:rw] [113/418] Building C object CMakeFiles/app.dir/mnt/host/source/src/platform/ec/build/zephyr/crystaldrift/modules/ec/driver/retimer/ps8811.c.obj
[grogu:ro]   Manually-specified variables were not used by the project:
[grogu:ro]     COREBOOT_SDK_ROOT_arm
[grogu:ro]     COREBOOT_SDK_ROOT_libstdcxx_arm
[grogu:ro]     COREBOOT_SDK_ROOT_libstdcxx_x86
[grogu:ro]     COREBOOT_SDK_ROOT_nds32
[grogu:ro]     COREBOOT_SDK_ROOT_picolibc_arm
[grogu:ro]     COREBOOT_SDK_ROOT_picolibc_x86
[grogu:ro]     COREBOOT_SDK_ROOT_riscv
[grogu:ro]     COREBOOT_SDK_ROOT_x86
Running (initial) lcov on /mnt/host/source/src/platform/ec/build/zephyr/kingler.
[crystaldrift:rw] [114/418] Building C object CMakeFiles/app.dir/mnt/host/source/src/platform/ec/build/zephyr/crystaldrift/modules/ec/driver/usb_mux/anx7451.c.obj
[crystaldrift:rw] [115/418] Building C object CMakeFiles/app.dir/mnt/host/source/src/platform/ec/build/zephyr/crystaldrift/modules/ec/driver/usb_mux/usb_mux.c.obj
[crystaldrift:rw] [116/418] Building C object CMakeFiles/app.dir/mnt/host/source/src/platform/ec/build/zephyr/crystaldrift/modules/ec/driver/usb_mux/amd_fp6.c.obj
[skywalker-tps6699x:ro] [26/365] Building C object zephyr/CMakeFiles/zephyr.dir/lib/utils/bitarray.c.obj
Running `env -i PYTHONPATH=/usr/lib64/python-exec/python3.11:/mnt/host/source/src/platform/ec/zephyr/zmake:/usr/lib/python311.zip:/usr/lib/python3.11:/usr/lib/python3.11/lib-dynload:/usr/lib/python3.11/site-packages PW_PIGWEED_CIPD_INSTALL_DIR=/usr CROSTC_USER_ACKNOWLEDGES_THAT_RISCV_IS_EXPERIMENTAL=1 PATH=/mnt/host/source/chromite/bin:/usr/local/bin:/usr/bin:/bin:/opt/bin:/mnt/host/source/chromite/sdk/bin:/mnt/host/source/chromite/bin HOME=/home/jpmurphy JAVA_HOME=/etc/java-config-2/current-system-vm JDK_HOME=/etc/java-config-2/current-system-vm JAVAC=/etc/java-config-2/current-system-vm/bin/javac MAKEFLAGS=' -j16 --jobserver-auth=5,6' /usr/bin/lcov --gcov-tool /mnt/host/source/src/platform/ec/build/zephyr/kingler/build-rw/gcov.sh -q -o - -c -d /mnt/host/source/src/platform/ec/build/zephyr/kingler -t kingler --rc branch_coverage=1 --filter range --ignore-errors inconsistent,source --ignore-errors gcov,gcov -i`
[crystaldrift:rw] [117/418] Building C object CMakeFiles/app.dir/mnt/host/source/src/platform/ec/build/zephyr/crystaldrift/modules/ec/common/event_log.c.obj
[crystaldrift:ro] [73/416] Building C object CMakeFiles/app.dir/mnt/host/source/src/platform/ec/build/zephyr/crystaldrift/modules/ec/common/lid_angle.c.obj
[crystaldrift:ro] [74/416] Building C object CMakeFiles/app.dir/mnt/host/source/src/platform/ec/build/zephyr/crystaldrift/modules/ec/common/lid_angle_keyboard_policy.c.obj
[crystaldrift:ro] [75/416] Building C object CMakeFiles/app.dir/mnt/host/source/src/platform/ec/build/zephyr/crystaldrift/modules/ec/common/lid_switch.c.obj
[crystaldrift:rw] [118/418] Building C object CMakeFiles/app.dir/mnt/host/source/src/platform/ec/build/zephyr/crystaldrift/modules/ec/common/pd_log.c.obj
[skywalker-tps6699x:ro] [27/365] Building C object zephyr/CMakeFiles/zephyr.dir/lib/utils/bitmask.c.obj
[crystaldrift:ro] [76/416] Building C object CMakeFiles/app.dir/mnt/host/source/src/platform/ec/build/zephyr/crystaldrift/modules/ec/common/mkbp_event.c.obj
[crystaldrift:ro] [77/416] Building C object CMakeFiles/app.dir/mnt/host/source/src/platform/ec/build/zephyr/crystaldrift/modules/ec/common/motion_sense.c.obj
[crystaldrift:rw] [119/418] Building C object CMakeFiles/app.dir/mnt/host/source/src/platform/ec/build/zephyr/crystaldrift/modules/ec/common/usbc/usb_tc_drp_acc_trysrc_sm.c.obj
[crystaldrift:rw] [120/418] Building C object CMakeFiles/app.dir/mnt/host/source/src/platform/ec/build/zephyr/crystaldrift/modules/ec/common/usbc/usb_prl_sm.c.obj
[crystaldrift:rw] [121/418] Building C object CMakeFiles/app.dir/mnt/host/source/src/platform/ec/build/zephyr/crystaldrift/modules/ec/common/usbc/usb_pd_dpm.c.obj
[skywalker-tps6699x:ro] [28/365] Building C object zephyr/CMakeFiles/zephyr.dir/lib/utils/getopt/getopt.c.obj
[crystaldrift:rw] [122/418] Building C object CMakeFiles/app.dir/mnt/host/source/src/platform/ec/build/zephyr/crystaldrift/modules/ec/common/usbc/usbc_pd_policy.c.obj
[/mnt/host/source/src/platform/ec/build/zephyr/kingler-lcov] geninfo: WARNING: using JSON module "JSON::PP" - which is much slower than some alternatives.  Consider installing one of JSON::XS or Cpanel::JSON::XS
[crystaldrift:ro] [78/416] Building C object CMakeFiles/app.dir/mnt/host/source/src/platform/ec/build/zephyr/crystaldrift/modules/ec/common/power_button.c.obj
[crystaldrift:rw] [123/418] Building C object CMakeFiles/app.dir/mnt/host/source/src/platform/ec/build/zephyr/crystaldrift/modules/ec/common/usbc/dp_alt_mode.c.obj
[crystaldrift:rw] [124/418] Building C object CMakeFiles/app.dir/mnt/host/source/src/platform/ec/build/zephyr/crystaldrift/modules/ec/common/usbc/usb_pe_drp_sm.c.obj
[crystaldrift:ro] [79/416] Building C object CMakeFiles/app.dir/mnt/host/source/src/platform/ec/build/zephyr/crystaldrift/modules/ec/common/port80.c.obj
[crystaldrift:ro] [80/416] Building C object CMakeFiles/app.dir/mnt/host/source/src/platform/ec/build/zephyr/crystaldrift/modules/ec/power/common.c.obj
[/mnt/host/source/src/platform/ec/build/zephyr/mtlrvpp_m1723-lcov]   /mnt/host/source/src/platform/ec/build/zephyr/mtlrvpp_m1723/build-ro/CMakeFiles/app.dir/mnt/host/source/src/platform/ec/build/zephyr/mtlrvpp_m1723/modules/ec/common/cbi_config.c.gcno:no functions found
[/mnt/host/source/src/platform/ec/build/zephyr/mtlrvpp_m1723-lcov] stderr:
[crystaldrift:ro] [81/416] Building C object CMakeFiles/app.dir/mnt/host/source/src/platform/ec/build/zephyr/crystaldrift/modules/ec/power/amd_x86.c.obj
[crystaldrift:ro] [82/416] Building C object CMakeFiles/app.dir/mnt/host/source/src/platform/ec/build/zephyr/crystaldrift/modules/ec/power/host_sleep.c.obj
[crystaldrift:rw] [125/418] Building C object CMakeFiles/app.dir/mnt/host/source/src/platform/ec/build/zephyr/crystaldrift/modules/ec/common/usb_pd_console_cmd.c.obj
[crystaldrift:rw] [126/418] Building C object CMakeFiles/app.dir/mnt/host/source/src/platform/ec/build/zephyr/crystaldrift/modules/ec/common/usb_pd_host_cmd.c.obj
[crystaldrift:rw] [127/418] Building C object CMakeFiles/app.dir/mnt/host/source/src/platform/ec/build/zephyr/crystaldrift/modules/ec/common/usbc/usb_pd_host.c.obj
[skywalker-tps6699x:ro] [29/365] Building C object zephyr/CMakeFiles/zephyr.dir/lib/utils/getopt/getopt_common.c.obj
[crystaldrift:rw] [128/418] Building C object CMakeFiles/app.dir/mnt/host/source/src/platform/ec/build/zephyr/crystaldrift/modules/ec/zephyr/shim/src/tcpc.c.obj
[crystaldrift:ro] [83/416] Building C object CMakeFiles/app.dir/mnt/host/source/src/platform/ec/build/zephyr/crystaldrift/modules/ec/common/panic_output.c.obj
[skywalker-tps6699x:ro] [30/365] Building C object zephyr/CMakeFiles/zephyr.dir/lib/utils/ring_buffer.c.obj
[crystaldrift:ro] [84/416] Building C object CMakeFiles/app.dir/mnt/host/source/src/platform/ec/build/zephyr/crystaldrift/modules/ec/common/sha256.c.obj
[crystaldrift:rw] [129/418] Building C object CMakeFiles/app.dir/mnt/host/source/src/platform/ec/build/zephyr/crystaldrift/modules/ec/common/usbc/svdm_rsp_dfp_only.c.obj
[/mnt/host/source/src/platform/ec/build/zephyr/mtlrvpp_m1723-lcov]   /mnt/host/source/src/platform/ec/build/zephyr/mtlrvpp_m1723/build-ro/CMakeFiles/app.dir/src/intel_rvp_board_id.c.gcno:no functions found
[/mnt/host/source/src/platform/ec/build/zephyr/mtlrvpp_m1723-lcov] stderr:
[crystaldrift:rw] [130/418] Building C object CMakeFiles/app.dir/mnt/host/source/src/platform/ec/build/zephyr/crystaldrift/modules/ec/common/usbc_ocp.c.obj
[crystaldrift:rw] [131/418] Building C object CMakeFiles/app.dir/mnt/host/source/src/platform/ec/build/zephyr/crystaldrift/modules/ec/common/usb_pd_host_cmd_common.c.obj
[/mnt/host/source/src/platform/ec/build/zephyr/kingler-lcov] stderr:
[crystaldrift:ro] [85/416] Building C object CMakeFiles/app.dir/mnt/host/source/src/platform/ec/build/zephyr/crystaldrift/modules/ec/common/shared_mem.c.obj
[skywalker-tps6699x:ro] [31/365] Building C object zephyr/CMakeFiles/zephyr.dir/lib/utils/last_section_id.c.obj
[crystaldrift:ro] [86/416] Building C object CMakeFiles/app.dir/mnt/host/source/src/platform/ec/build/zephyr/crystaldrift/modules/ec/common/switch.c.obj
[crystaldrift:rw] [132/418] Building C object CMakeFiles/app.dir/mnt/host/source/src/platform/ec/build/zephyr/crystaldrift/modules/ec/common/usb_pd_discovery.c.obj
[skywalker-tps6699x:ro] [32/365] Building C object zephyr/CMakeFiles/zephyr.dir/misc/generated/configs.c.obj
[crystaldrift:ro] [87/416] Building C object CMakeFiles/app.dir/mnt/host/source/src/platform/ec/build/zephyr/crystaldrift/modules/ec/common/spi_flash_reg.c.obj
[/mnt/host/source/src/platform/ec/build/zephyr/kingler-lcov]   /mnt/host/source/src/platform/ec/build/zephyr/kingler/build-ro/modules/ec/zephyr/CMakeFiles/ec_shim.dir/shim/src/power.c.gcno:no functions found
[/mnt/host/source/src/platform/ec/build/zephyr/kingler-lcov] stderr:
[crystaldrift:rw] [133/418] Building C object CMakeFiles/app.dir/mnt/host/source/src/platform/ec/build/zephyr/crystaldrift/modules/ec/common/usbc/dp_hpd_gpio.c.obj
[crystaldrift:rw] [134/418] Building C object CMakeFiles/app.dir/mnt/host/source/src/platform/ec/build/zephyr/crystaldrift/modules/ec/common/usb_pd_dual_role.c.obj
[/mnt/host/source/src/platform/ec/build/zephyr/kingler-lcov]   /mnt/host/source/src/platform/ec/build/zephyr/kingler/build-ro/modules/ec/zephyr/CMakeFiles/ec_shim.dir/shim/src/battery.c.gcno:no functions found
[/mnt/host/source/src/platform/ec/build/zephyr/kingler-lcov] stderr:
[crystaldrift:ro] [88/416] Building C object CMakeFiles/app.dir/mnt/host/source/src/platform/ec/build/zephyr/crystaldrift/modules/ec/common/tablet_mode.c.obj
[/mnt/host/source/src/platform/ec/build/zephyr/kingler-lcov]   /mnt/host/source/src/platform/ec/build/zephyr/kingler/build-ro/modules/ec/zephyr/CMakeFiles/ec_shim.dir/shim/src/charger.c.gcno:no functions found
[/mnt/host/source/src/platform/ec/build/zephyr/kingler-lcov] stderr:
[crystaldrift:ro] [89/416] Building C object CMakeFiles/app.dir/mnt/host/source/src/platform/ec/build/zephyr/crystaldrift/modules/ec/common/thermal.c.obj
[crystaldrift:rw] [135/418] Building C object CMakeFiles/app.dir/mnt/host/source/src/platform/ec/build/zephyr/crystaldrift/modules/ec/driver/tcpm/nct38xx.c.obj
[crystaldrift:rw] [136/418] Building C object CMakeFiles/app.dir/mnt/host/source/src/platform/ec/build/zephyr/crystaldrift/modules/ec/driver/ppc/nx20p348x.c.obj
[crystaldrift:rw] [137/418] Building C object CMakeFiles/app.dir/mnt/host/source/src/platform/ec/build/zephyr/crystaldrift/modules/ec/driver/tcpm/tcpci.c.obj
[skywalker-tps6699x:ro] [33/365] Building C object zephyr/CMakeFiles/zephyr.dir/soc/nuvoton/npcx/common/power.c.obj
[crystaldrift:rw] [138/418] Building C object CMakeFiles/app.dir/mnt/host/source/src/platform/ec/build/zephyr/crystaldrift/modules/ec/common/usbc_ppc.c.obj
[crystaldrift:ro] [90/416] Building C object CMakeFiles/app.dir/mnt/host/source/src/platform/ec/build/zephyr/crystaldrift/modules/ec/common/temp_sensor.c.obj
[crystaldrift:rw] [139/418] Building C object CMakeFiles/app.dir/mnt/host/source/src/platform/ec/build/zephyr/crystaldrift/modules/ec/common/vboot_hash.c.obj
[crystaldrift:ro] [91/416] Building C object CMakeFiles/app.dir/mnt/host/source/src/platform/ec/build/zephyr/crystaldrift/modules/ec/driver/temp_sensor/thermistor.c.obj
[crystaldrift:ro] [92/416] Building C object CMakeFiles/app.dir/mnt/host/source/src/platform/ec/build/zephyr/crystaldrift/modules/ec/driver/temp_sensor/pct2075.c.obj
[/mnt/host/source/src/platform/ec/build/zephyr/winterhold-lcov]   /mnt/host/source/src/platform/ec/build/zephyr/winterhold/build-ro/CMakeFiles/app.dir/mnt/host/source/src/platform/ec/build/zephyr/winterhold/modules/ec/common/cbi_config.c.gcno:no functions found
[/mnt/host/source/src/platform/ec/build/zephyr/winterhold-lcov] stderr:
[crystaldrift:rw] [140/418] Building C object CMakeFiles/app.dir/mnt/host/source/src/platform/ec/build/zephyr/crystaldrift/modules/ec/common/button.c.obj
[/mnt/host/source/src/platform/ec/build/zephyr/kingler-lcov]   /mnt/host/source/src/platform/ec/build/zephyr/kingler/build-ro/modules/ec/zephyr/CMakeFiles/ec_shim.dir/shim/src/usb_muxes.c.gcno:no functions found
[/mnt/host/source/src/platform/ec/build/zephyr/kingler-lcov] stderr:
[/mnt/host/source/src/platform/ec/build/zephyr/mtlrvpp_m1723-lcov]   /mnt/host/source/src/platform/ec/build/zephyr/mtlrvpp_m1723/build-ro/zephyr/arch/arch/arm/core/mpu/CMakeFiles/arch__arm__core__mpu.dir/arm_mpu_regions.c.gcno:no functions found
[/mnt/host/source/src/platform/ec/build/zephyr/mtlrvpp_m1723-lcov] stderr:
[crystaldrift:rw] [141/418] Building C object CMakeFiles/app.dir/mnt/host/source/src/platform/ec/build/zephyr/crystaldrift/modules/ec/common/vboot/efs2.c.obj
[/mnt/host/source/src/platform/ec/build/zephyr/winterhold-lcov]   /mnt/host/source/src/platform/ec/build/zephyr/winterhold/build-ro/CMakeFiles/app.dir/src/common.c.gcno:no functions found
[/mnt/host/source/src/platform/ec/build/zephyr/winterhold-lcov] stderr:
[crystaldrift:ro] [93/416] Building C object CMakeFiles/app.dir/mnt/host/source/src/platform/ec/build/zephyr/crystaldrift/modules/ec/driver/temp_sensor/sb_tsi.c.obj
[crystaldrift:rw] [142/418] Building C object CMakeFiles/app.dir/src/common.c.obj
[crystaldrift:rw] [143/418] Building C object CMakeFiles/app.dir/mnt/host/source/src/platform/ec/build/zephyr/crystaldrift/modules/ec/common/math_util.c.obj
[crystaldrift:ro] [94/416] Building C object CMakeFiles/app.dir/mnt/host/source/src/platform/ec/build/zephyr/crystaldrift/modules/ec/common/throttle_ap.c.obj
[crystaldrift:rw] [144/418] Building C object CMakeFiles/app.dir/mnt/host/source/src/platform/ec/build/zephyr/crystaldrift/modules/ec/common/vstore.c.obj
[skywalker-tps6699x:ro] [34/365] Building C object zephyr/CMakeFiles/zephyr.dir/soc/nuvoton/npcx/common/scfg.c.obj
[crystaldrift:rw] [145/418] Building C object CMakeFiles/app.dir/src/i2c_policy.c.obj
[crystaldrift:rw] [146/418] Building C object CMakeFiles/app.dir/src/power_signals.c.obj
[crystaldrift:ro] [95/416] Building C object CMakeFiles/app.dir/mnt/host/source/src/platform/ec/build/zephyr/crystaldrift/modules/ec/common/usb_charger.c.obj
[crystaldrift:ro] [96/416] Building C object CMakeFiles/app.dir/mnt/host/source/src/platform/ec/build/zephyr/crystaldrift/modules/ec/common/timer.c.obj
[/mnt/host/source/src/platform/ec/build/zephyr/kingler-lcov]   /mnt/host/source/src/platform/ec/build/zephyr/kingler/build-ro/modules/ec/zephyr/CMakeFiles/ec_shim.dir/shim/src/usba.c.gcno:no functions found
[/mnt/host/source/src/platform/ec/build/zephyr/kingler-lcov] stderr:
[crystaldrift:ro] [97/416] Building C object CMakeFiles/app.dir/mnt/host/source/src/platform/ec/build/zephyr/crystaldrift/modules/ec/common/usb_port_power_dumb.c.obj
[crystaldrift:rw] [147/418] Building C object CMakeFiles/app.dir/src/usb_pd_policy.c.obj
[skywalker-tps6699x:ro] [35/365] Building C object zephyr/CMakeFiles/zephyr.dir/soc/nuvoton/npcx/common/npcxn/registers.c.obj
[crystaldrift:ro] [98/416] Building C object CMakeFiles/app.dir/mnt/host/source/src/platform/ec/build/zephyr/crystaldrift/modules/ec/common/typec_control.c.obj
[/mnt/host/source/src/platform/ec/build/zephyr/mtlrvpp_m1723-lcov]   /mnt/host/source/src/platform/ec/build/zephyr/mtlrvpp_m1723/build-ro/zephyr/arch/common/CMakeFiles/isr_tables.dir/isr_tables.c.gcno:no functions found
[/mnt/host/source/src/platform/ec/build/zephyr/mtlrvpp_m1723-lcov] stderr:
[crystaldrift:rw] [148/418] Building C object CMakeFiles/app.dir/src/stt.c.obj
[crystaldrift:rw] [149/418] Building C object CMakeFiles/app.dir/src/usb_mux_config.c.obj
[crystaldrift:rw] [150/418] Building C object CMakeFiles/app.dir/src/usbc_config.c.obj
[crystaldrift:rw] [151/418] Building C object CMakeFiles/app.dir/crystaldrift/src/usb_mux_config.c.obj
[crystaldrift:ro] [99/416] Building C object CMakeFiles/app.dir/mnt/host/source/src/platform/ec/build/zephyr/crystaldrift/modules/ec/common/usb_common.c.obj
[crystaldrift:rw] [152/418] Building C object CMakeFiles/app.dir/crystaldrift/src/form_factor.c.obj
[/mnt/host/source/src/platform/ec/build/zephyr/winterhold-lcov]   /mnt/host/source/src/platform/ec/build/zephyr/winterhold/build-ro/zephyr/arch/arch/arm/core/mpu/CMakeFiles/arch__arm__core__mpu.dir/arm_mpu_regions.c.gcno:no functions found
[/mnt/host/source/src/platform/ec/build/zephyr/winterhold-lcov] stderr:
[crystaldrift:ro] [100/416] Building C object CMakeFiles/app.dir/mnt/host/source/src/platform/ec/build/zephyr/crystaldrift/modules/ec/common/usb_pd_pdo.c.obj
[crystaldrift:rw] [153/418] Building C object CMakeFiles/app.dir/crystaldrift/src/board.c.obj
[crystaldrift:ro] [101/416] Building C object CMakeFiles/app.dir/mnt/host/source/src/platform/ec/build/zephyr/crystaldrift/modules/ec/common/usbc/usbc_task.c.obj
[skywalker-tps6699x:ro] [36/365] Building C object zephyr/CMakeFiles/zephyr.dir/soc/nuvoton/npcx/npcx9/soc.c.obj
[crystaldrift:rw] [154/418] Building C object CMakeFiles/app.dir/crystaldrift/src/thermal.c.obj
[crystaldrift:ro] [102/416] Building C object CMakeFiles/app.dir/mnt/host/source/src/platform/ec/build/zephyr/crystaldrift/modules/ec/common/usbc/usb_pd_timer.c.obj
[/mnt/host/source/src/platform/ec/build/zephyr/winterhold-lcov]   /mnt/host/source/src/platform/ec/build/zephyr/winterhold/build-ro/zephyr/arch/common/CMakeFiles/isr_tables.dir/isr_tables.c.gcno:no functions found
[/mnt/host/source/src/platform/ec/build/zephyr/winterhold-lcov] stderr:
[crystaldrift:rw] [155/418] Building C object zephyr/CMakeFiles/zephyr.dir/lib/os/cbprintf_packaged.c.obj
[crystaldrift:rw] [156/418] Building C object zephyr/CMakeFiles/zephyr.dir/lib/libc/validate_libc.c.obj
[crystaldrift:rw] [157/418] Building C object CMakeFiles/app.dir/crystaldrift/src/fan.c.obj
[crystaldrift:rw] [158/418] Building C object zephyr/CMakeFiles/zephyr.dir/lib/heap/heap.c.obj
[crystaldrift:ro] [103/416] Building C object CMakeFiles/app.dir/mnt/host/source/src/platform/ec/build/zephyr/crystaldrift/modules/ec/common/usbc/usb_sm.c.obj
[crystaldrift:rw] [159/418] Building C object zephyr/CMakeFiles/zephyr.dir/lib/os/clock.c.obj
[crystaldrift:rw] [160/418] Linking C static library app/libapp.a
[crystaldrift:ro] [104/416] Building C object CMakeFiles/app.dir/mnt/host/source/src/platform/ec/build/zephyr/crystaldrift/modules/ec/common/usbc_intr_task.c.obj
[crystaldrift:ro] [105/416] Building C object CMakeFiles/app.dir/mnt/host/source/src/platform/ec/build/zephyr/crystaldrift/modules/ec/common/usbc_utils.c.obj
[crystaldrift:rw] [161/418] Building C object zephyr/CMakeFiles/zephyr.dir/lib/os/printk.c.obj
[skywalker-tps6699x:ro] [37/365] Building C object zephyr/CMakeFiles/zephyr.dir/subsys/logging/log_minimal.c.obj
[crystaldrift:rw] [162/418] Building C object zephyr/CMakeFiles/zephyr.dir/lib/utils/dec.c.obj
[crystaldrift:ro] [106/416] Building C object CMakeFiles/app.dir/mnt/host/source/src/platform/ec/build/zephyr/crystaldrift/modules/ec/common/usb_pd_flags.c.obj
[crystaldrift:rw] [163/418] Building C object zephyr/CMakeFiles/zephyr.dir/lib/os/sem.c.obj
[crystaldrift:rw] [164/418] Building C object zephyr/CMakeFiles/zephyr.dir/lib/utils/hex.c.obj
[crystaldrift:rw] [165/418] Building C object zephyr/CMakeFiles/zephyr.dir/lib/os/thread_entry.c.obj
[crystaldrift:rw] [166/418] Building C object zephyr/CMakeFiles/zephyr.dir/lib/os/cbprintf_nano.c.obj
[crystaldrift:rw] [167/418] Building C object zephyr/CMakeFiles/zephyr.dir/lib/os/cbprintf.c.obj
[crystaldrift:rw] [168/418] Building C object zephyr/CMakeFiles/zephyr.dir/lib/os/assert.c.obj
[crystaldrift:rw] [169/418] Building C object zephyr/CMakeFiles/zephyr.dir/lib/utils/timeutil.c.obj
[crystaldrift:ro] [107/416] Building C object CMakeFiles/app.dir/mnt/host/source/src/platform/ec/build/zephyr/crystaldrift/modules/ec/common/chargen.c.obj
[crystaldrift:rw] [170/418] Building C object zephyr/CMakeFiles/zephyr.dir/lib/utils/bitmask.c.obj
[crystaldrift:ro] [108/416] Building C object CMakeFiles/app.dir/mnt/host/source/src/platform/ec/build/zephyr/crystaldrift/modules/ec/common/usbc/usb_pd_console.c.obj
[crystaldrift:rw] [171/418] Building C object zephyr/CMakeFiles/zephyr.dir/lib/utils/last_section_id.c.obj
[crystaldrift:rw] [172/418] Building C object zephyr/CMakeFiles/zephyr.dir/misc/generated/configs.c.obj
[crystaldrift:rw] [173/418] Building C object zephyr/CMakeFiles/zephyr.dir/lib/utils/ring_buffer.c.obj
[skywalker-tps6699x:ro] [38/365] Building C object zephyr/CMakeFiles/zephyr.dir/subsys/mem_mgmt/mem_attr.c.obj
[/mnt/host/source/src/platform/ec/build/zephyr/kingler-lcov]   /mnt/host/source/src/platform/ec/build/zephyr/kingler/build-ro/modules/ec/zephyr/CMakeFiles/ec_shim.dir/shim/src/bc12.c.gcno:no functions found
[/mnt/host/source/src/platform/ec/build/zephyr/kingler-lcov] stderr:
[crystaldrift:ro] [109/416] Building C object CMakeFiles/app.dir/mnt/host/source/src/platform/ec/build/zephyr/crystaldrift/modules/ec/driver/retimer/anx7483.c.obj
[crystaldrift:rw] [174/418] Building C object zephyr/CMakeFiles/zephyr.dir/lib/utils/rb.c.obj
[crystaldrift:ro] [110/416] Building C object CMakeFiles/app.dir/mnt/host/source/src/platform/ec/build/zephyr/crystaldrift/modules/ec/driver/retimer/ps8818.c.obj
[crystaldrift:rw] [175/418] Building C object zephyr/CMakeFiles/zephyr.dir/lib/utils/bitarray.c.obj
[crystaldrift:rw] [176/418] Building C object zephyr/CMakeFiles/zephyr.dir/lib/utils/getopt/getopt.c.obj
[crystaldrift:ro] [111/416] Building C object CMakeFiles/app.dir/mnt/host/source/src/platform/ec/build/zephyr/crystaldrift/modules/ec/driver/retimer/ps8811.c.obj
[crystaldrift:rw] [177/418] Building C object zephyr/CMakeFiles/zephyr.dir/lib/utils/getopt/getopt_common.c.obj
[crystaldrift:rw] [178/418] Building C object zephyr/CMakeFiles/zephyr.dir/soc/nuvoton/npcx/common/npcxn/registers.c.obj
[crystaldrift:ro] [112/416] Building C object CMakeFiles/app.dir/mnt/host/source/src/platform/ec/build/zephyr/crystaldrift/modules/ec/driver/usb_mux/anx7451.c.obj
[crystaldrift:rw] [179/418] Building C object zephyr/CMakeFiles/zephyr.dir/soc/nuvoton/npcx/common/power.c.obj
[crystaldrift:rw] [180/418] Building C object zephyr/CMakeFiles/zephyr.dir/soc/nuvoton/npcx/common/scfg.c.obj
[/mnt/host/source/src/platform/ec/build/zephyr/mtlrvpp_m1723-lcov]   /mnt/host/source/src/platform/ec/build/zephyr/mtlrvpp_m1723/build-ro/zephyr/CMakeFiles/zephyr.dir/subsys/shell/modules/kernel_service/kernel_shell.c.gcno:no functions found
[/mnt/host/source/src/platform/ec/build/zephyr/mtlrvpp_m1723-lcov] stderr:
[crystaldrift:ro] [113/416] Building C object CMakeFiles/app.dir/mnt/host/source/src/platform/ec/build/zephyr/crystaldrift/modules/ec/driver/usb_mux/usb_mux.c.obj
[skywalker-tps6699x:ro] [39/365] Building C object zephyr/CMakeFiles/zephyr.dir/subsys/pm/pm.c.obj
[crystaldrift:rw] [181/418] Building C object zephyr/CMakeFiles/zephyr.dir/soc/nuvoton/npcx/npcx9/soc.c.obj
[/mnt/host/source/src/platform/ec/build/zephyr/mtlrvpp_m1723-lcov]   /mnt/host/source/src/platform/ec/build/zephyr/mtlrvpp_m1723/build-ro/zephyr/CMakeFiles/zephyr.dir/lib/libc/validate_libc.c.gcno:no functions found
[/mnt/host/source/src/platform/ec/build/zephyr/mtlrvpp_m1723-lcov] stderr:
[crystaldrift:rw] [182/418] Building C object zephyr/CMakeFiles/zephyr.dir/subsys/logging/log_minimal.c.obj
[crystaldrift:ro] [114/416] Building C object CMakeFiles/app.dir/mnt/host/source/src/platform/ec/build/zephyr/crystaldrift/modules/ec/driver/usb_mux/amd_fp6.c.obj
[crystaldrift:rw] [183/418] Building C object zephyr/CMakeFiles/zephyr.dir/subsys/pm/state.c.obj
[crystaldrift:ro] [115/416] Building C object CMakeFiles/app.dir/mnt/host/source/src/platform/ec/build/zephyr/crystaldrift/modules/ec/common/event_log.c.obj
[crystaldrift:rw] [184/418] Building C object zephyr/CMakeFiles/zephyr.dir/subsys/mem_mgmt/mem_attr.c.obj
[crystaldrift:rw] [185/418] Building C object zephyr/CMakeFiles/zephyr.dir/subsys/pm/pm.c.obj
[skywalker-tps6699x:ro] [40/365] Building C object zephyr/CMakeFiles/zephyr.dir/subsys/pm/state.c.obj
[crystaldrift:ro] [116/416] Building C object CMakeFiles/app.dir/mnt/host/source/src/platform/ec/build/zephyr/crystaldrift/modules/ec/common/pd_log.c.obj
[crystaldrift:rw] [186/418] Building C object zephyr/CMakeFiles/zephyr.dir/subsys/pm/policy/policy_events.c.obj
[crystaldrift:rw] [187/418] Building C object zephyr/CMakeFiles/zephyr.dir/subsys/pm/policy/policy_latency.c.obj
[crystaldrift:rw] [188/418] Building C object zephyr/CMakeFiles/zephyr.dir/subsys/pm/policy/policy_state_lock.c.obj
[crystaldrift:rw] [189/418] Building C object zephyr/CMakeFiles/zephyr.dir/subsys/pm/device.c.obj
[crystaldrift:ro] [117/416] Building C object CMakeFiles/app.dir/mnt/host/source/src/platform/ec/build/zephyr/crystaldrift/modules/ec/common/usbc/usb_tc_drp_acc_trysrc_sm.c.obj
[crystaldrift:rw] [190/418] Building C object zephyr/CMakeFiles/zephyr.dir/subsys/testsuite/coverage/coverage.c.obj
[crystaldrift:rw] [191/418] Building C object zephyr/CMakeFiles/zephyr.dir/subsys/tracing/tracing_none.c.obj
[crystaldrift:rw] [192/418] Building C object zephyr/CMakeFiles/zephyr.dir/subsys/pm/device_system_managed.c.obj
[skywalker-tps6699x:ro] [41/365] Building C object zephyr/CMakeFiles/zephyr.dir/subsys/pm/policy/policy_events.c.obj
[crystaldrift:rw] [193/418] Building C object zephyr/CMakeFiles/zephyr.dir/subsys/shell/modules/kernel_service/kernel_shell.c.obj
[crystaldrift:ro] [118/416] Building C object CMakeFiles/app.dir/mnt/host/source/src/platform/ec/build/zephyr/crystaldrift/modules/ec/common/usbc/usb_prl_sm.c.obj
[crystaldrift:rw] [194/418] Building C object zephyr/CMakeFiles/zephyr.dir/subsys/shell/modules/kernel_service/cycles.c.obj
[crystaldrift:ro] [119/416] Building C object CMakeFiles/app.dir/mnt/host/source/src/platform/ec/build/zephyr/crystaldrift/modules/ec/common/usbc/usbc_pd_policy.c.obj
[crystaldrift:ro] [120/416] Building C object CMakeFiles/app.dir/mnt/host/source/src/platform/ec/build/zephyr/crystaldrift/modules/ec/common/usbc/usb_pd_dpm.c.obj
[/mnt/host/source/src/platform/ec/build/zephyr/winterhold-lcov]   /mnt/host/source/src/platform/ec/build/zephyr/winterhold/build-ro/zephyr/CMakeFiles/zephyr.dir/subsys/shell/modules/kernel_service/kernel_shell.c.gcno:no functions found
[/mnt/host/source/src/platform/ec/build/zephyr/winterhold-lcov] stderr:
[/mnt/host/source/src/platform/ec/build/zephyr/winterhold-lcov]   /mnt/host/source/src/platform/ec/build/zephyr/winterhold/build-ro/zephyr/CMakeFiles/zephyr.dir/lib/libc/validate_libc.c.gcno:no functions found
[/mnt/host/source/src/platform/ec/build/zephyr/winterhold-lcov] stderr:
[crystaldrift:rw] [195/418] Building C object zephyr/CMakeFiles/zephyr.dir/subsys/shell/modules/kernel_service/sleep.c.obj
[crystaldrift:rw] [196/418] Building C object zephyr/CMakeFiles/zephyr.dir/subsys/shell/modules/kernel_service/uptime.c.obj
[skywalker-tps6699x:ro] [42/365] Building C object zephyr/CMakeFiles/zephyr.dir/subsys/pm/policy/policy_latency.c.obj
[crystaldrift:ro] [121/416] Building C object CMakeFiles/app.dir/mnt/host/source/src/platform/ec/build/zephyr/crystaldrift/modules/ec/common/usbc/usb_pe_drp_sm.c.obj
[crystaldrift:rw] [197/418] Building C object zephyr/CMakeFiles/zephyr.dir/subsys/shell/modules/kernel_service/version.c.obj
[crystaldrift:rw] [198/418] Building C object zephyr/CMakeFiles/zephyr.dir/subsys/shell/backends/shell_uart.c.obj
[crystaldrift:ro] [122/416] Building C object CMakeFiles/app.dir/mnt/host/source/src/platform/ec/build/zephyr/crystaldrift/modules/ec/common/usbc/dp_alt_mode.c.obj
[crystaldrift:rw] [199/418] Building C object zephyr/CMakeFiles/zephyr.dir/subsys/shell/shell_fprintf.c.obj
[crystaldrift:rw] [200/418] Building C object zephyr/CMakeFiles/zephyr.dir/subsys/shell/shell.c.obj
[crystaldrift:rw] [201/418] Building C object zephyr/CMakeFiles/zephyr.dir/subsys/shell/shell_utils.c.obj
[crystaldrift:ro] [123/416] Building C object CMakeFiles/app.dir/mnt/host/source/src/platform/ec/build/zephyr/crystaldrift/modules/ec/common/usb_pd_console_cmd.c.obj
[crystaldrift:ro] [124/416] Building C object CMakeFiles/app.dir/mnt/host/source/src/platform/ec/build/zephyr/crystaldrift/modules/ec/common/usb_pd_host_cmd.c.obj
[skywalker-tps6699x:ro] [43/365] Building C object zephyr/CMakeFiles/zephyr.dir/subsys/pm/policy/policy_state_lock.c.obj
[crystaldrift:rw] [202/418] Building C object zephyr/CMakeFiles/zephyr.dir/subsys/shell/shell_history.c.obj
[crystaldrift:ro] [125/416] Building C object CMakeFiles/app.dir/mnt/host/source/src/platform/ec/build/zephyr/crystaldrift/modules/ec/common/usbc/usb_pd_host.c.obj
[crystaldrift:rw] [203/418] Building C object zephyr/arch/common/CMakeFiles/arch__common.dir/sw_isr_common.c.obj
[crystaldrift:rw] [204/418] Building C object zephyr/CMakeFiles/zephyr.dir/subsys/shell/shell_ops.c.obj
[crystaldrift:rw] [205/418] Building C object zephyr/CMakeFiles/zephyr.dir/drivers/flash/flash_util.c.obj
[crystaldrift:rw] [206/418] Building C object zephyr/arch/common/CMakeFiles/arch__common.dir/init.c.obj
[crystaldrift:rw] [207/418] Building ASM object zephyr/arch/arch/arm/core/CMakeFiles/arch__arm__core.dir/nmi_on_reset.S.obj
[crystaldrift:rw] [208/418] Linking C static library zephyr/libzephyr.a
[crystaldrift:rw] [209/418] Building C object zephyr/arch/common/CMakeFiles/arch__common.dir/xip.c.obj
[crystaldrift:rw] [210/418] Building C object zephyr/arch/common/CMakeFiles/isr_tables.dir/isr_tables.c.obj
[crystaldrift:rw] [211/418] Linking C static library zephyr/arch/common/libisr_tables.a
[crystaldrift:rw] [212/418] Building ASM object zephyr/arch/arch/arm/core/cortex_m/CMakeFiles/arch__arm__core__cortex_m.dir/fault_s.S.obj
[crystaldrift:rw] [213/418] Linking C static library zephyr/arch/common/libarch__common.a
[crystaldrift:ro] [126/416] Building C object CMakeFiles/app.dir/mnt/host/source/src/platform/ec/build/zephyr/crystaldrift/modules/ec/zephyr/shim/src/tcpc.c.obj
[skywalker-tps6699x:ro] [44/365] Building C object zephyr/CMakeFiles/zephyr.dir/subsys/pm/device.c.obj
[/mnt/host/source/src/platform/ec/build/zephyr/winterhold-lcov]   /mnt/host/source/src/platform/ec/build/zephyr/winterhold/build-ro/zephyr/CMakeFiles/zephyr.dir/lib/utils/last_section_id.c.gcno:no functions found
[/mnt/host/source/src/platform/ec/build/zephyr/winterhold-lcov] stderr:
[crystaldrift:ro] [127/416] Building C object CMakeFiles/app.dir/mnt/host/source/src/platform/ec/build/zephyr/crystaldrift/modules/ec/common/usb_pd_host_cmd_common.c.obj
[crystaldrift:ro] [128/416] Building C object CMakeFiles/app.dir/mnt/host/source/src/platform/ec/build/zephyr/crystaldrift/modules/ec/common/usbc/svdm_rsp_dfp_only.c.obj
[crystaldrift:rw] [214/418] Building C object zephyr/arch/arch/arm/core/CMakeFiles/arch__arm__core.dir/fatal.c.obj
[crystaldrift:ro] [129/416] Building C object CMakeFiles/app.dir/mnt/host/source/src/platform/ec/build/zephyr/crystaldrift/modules/ec/common/usbc_ocp.c.obj
[crystaldrift:rw] [215/418] Building C object zephyr/arch/arch/arm/core/CMakeFiles/arch__arm__core.dir/nmi.c.obj
[crystaldrift:rw] [216/418] Linking C static library zephyr/arch/arch/arm/core/libarch__arm__core.a
[/mnt/host/source/src/platform/ec/build/zephyr/kingler-lcov]   /mnt/host/source/src/platform/ec/build/zephyr/kingler/build-ro/CMakeFiles/app.dir/mnt/host/source/src/platform/ec/build/zephyr/kingler/modules/ec/common/usb_pd_pdo.c.gcno:no functions found
[/mnt/host/source/src/platform/ec/build/zephyr/kingler-lcov] stderr:
[crystaldrift:rw] [217/418] Building C object zephyr/arch/arch/arm/core/cortex_m/CMakeFiles/arch__arm__core__cortex_m.dir/exc_exit.c.obj
[crystaldrift:ro] [130/416] Building C object CMakeFiles/app.dir/mnt/host/source/src/platform/ec/build/zephyr/crystaldrift/modules/ec/common/usb_pd_discovery.c.obj
[crystaldrift:rw] [218/418] Building C object zephyr/arch/arch/arm/core/cortex_m/CMakeFiles/arch__arm__core__cortex_m.dir/fault.c.obj
[crystaldrift:rw] [219/418] Building C object zephyr/arch/arch/arm/core/cortex_m/CMakeFiles/arch__arm__core__cortex_m.dir/fpu.c.obj
[crystaldrift:rw] [220/418] Building C object zephyr/arch/arch/arm/core/cortex_m/CMakeFiles/arch__arm__core__cortex_m.dir/scb.c.obj
[crystaldrift:rw] [221/418] Building ASM object zephyr/arch/arch/arm/core/cortex_m/CMakeFiles/arch__arm__core__cortex_m.dir/vector_table.S.obj
[skywalker-tps6699x:ro] [45/365] Building C object zephyr/CMakeFiles/zephyr.dir/subsys/pm/device_runtime.c.obj
[crystaldrift:rw] [222/418] Building ASM object zephyr/arch/arch/arm/core/cortex_m/CMakeFiles/arch__arm__core__cortex_m.dir/reset.S.obj
[crystaldrift:ro] [131/416] Building C object CMakeFiles/app.dir/mnt/host/source/src/platform/ec/build/zephyr/crystaldrift/modules/ec/common/usb_pd_dual_role.c.obj
[crystaldrift:ro] [132/416] Building C object CMakeFiles/app.dir/mnt/host/source/src/platform/ec/build/zephyr/crystaldrift/modules/ec/common/usbc/dp_hpd_gpio.c.obj
[crystaldrift:rw] [223/418] Building C object zephyr/arch/arch/arm/core/cortex_m/CMakeFiles/arch__arm__core__cortex_m.dir/thread_abort.c.obj
[crystaldrift:rw] [224/418] Building ASM object zephyr/arch/arch/arm/core/cortex_m/CMakeFiles/arch__arm__core__cortex_m.dir/swap_helper.S.obj
[crystaldrift:rw] [225/418] Building C object zephyr/arch/arch/arm/core/cortex_m/CMakeFiles/arch__arm__core__cortex_m.dir/irq_manage.c.obj
[crystaldrift:rw] [226/418] Building C object zephyr/arch/arch/arm/core/cortex_m/CMakeFiles/arch__arm__core__cortex_m.dir/prep_c.c.obj
[crystaldrift:ro] [133/416] Building C object CMakeFiles/app.dir/mnt/host/source/src/platform/ec/build/zephyr/crystaldrift/modules/ec/driver/tcpm/nct38xx.c.obj
[crystaldrift:rw] [227/418] Building C object zephyr/arch/arch/arm/core/cortex_m/CMakeFiles/arch__arm__core__cortex_m.dir/irq_init.c.obj
[crystaldrift:rw] [228/418] Generating ../../../include/generated/libc/minimal/strerror_table.h
[skywalker-tps6699x:ro] [46/365] Building C object zephyr/CMakeFiles/zephyr.dir/subsys/testsuite/coverage/coverage.c.obj
[crystaldrift:rw] [229/418] Building C object zephyr/arch/arch/arm/core/cortex_m/CMakeFiles/arch__arm__core__cortex_m.dir/thread.c.obj
[crystaldrift:rw] [230/418] Building C object zephyr/arch/arch/arm/core/cortex_m/CMakeFiles/arch__arm__core__cortex_m.dir/cpu_idle.c.obj
[crystaldrift:ro] [134/416] Building C object CMakeFiles/app.dir/mnt/host/source/src/platform/ec/build/zephyr/crystaldrift/modules/ec/common/usbc_ppc.c.obj
[crystaldrift:rw] [231/418] Building C object zephyr/lib/libc/minimal/CMakeFiles/lib__libc__minimal.dir/source/stdlib/atoi.c.obj
[crystaldrift:ro] [135/416] Building C object CMakeFiles/app.dir/mnt/host/source/src/platform/ec/build/zephyr/crystaldrift/modules/ec/driver/tcpm/tcpci.c.obj
[crystaldrift:rw] [232/418] Building C object zephyr/lib/libc/minimal/CMakeFiles/lib__libc__minimal.dir/source/stdlib/strtol.c.obj
[crystaldrift:rw] [233/418] Building C object zephyr/lib/libc/minimal/CMakeFiles/lib__libc__minimal.dir/source/stdlib/strtoul.c.obj
[crystaldrift:rw] [234/418] Building C object zephyr/lib/libc/minimal/CMakeFiles/lib__libc__minimal.dir/source/stdlib/strtoll.c.obj
[crystaldrift:rw] [235/418] Building C object zephyr/arch/arch/arm/core/cortex_m/CMakeFiles/arch__arm__core__cortex_m.dir/isr_wrapper.c.obj
[crystaldrift:rw] [236/418] Building C object zephyr/lib/libc/minimal/CMakeFiles/lib__libc__minimal.dir/source/stdlib/strtoull.c.obj
[crystaldrift:rw] [237/418] Building C object zephyr/arch/arch/arm/core/mpu/CMakeFiles/arch__arm__core__mpu.dir/arm_core_mpu.c.obj
[crystaldrift:rw] [238/418] Building C object zephyr/lib/libc/minimal/CMakeFiles/lib__libc__minimal.dir/source/stdlib/bsearch.c.obj
[crystaldrift:rw] [239/418] Linking C static library zephyr/arch/arch/arm/core/cortex_m/libarch__arm__core__cortex_m.a
[crystaldrift:ro] [136/416] Building C object CMakeFiles/app.dir/mnt/host/source/src/platform/ec/build/zephyr/crystaldrift/modules/ec/driver/ppc/nx20p348x.c.obj
[crystaldrift:rw] [240/418] Building C object zephyr/arch/arch/arm/core/mpu/CMakeFiles/arch__arm__core__mpu.dir/arm_mpu_regions.c.obj
[crystaldrift:ro] [137/416] Building C object CMakeFiles/app.dir/mnt/host/source/src/platform/ec/build/zephyr/crystaldrift/modules/ec/common/vboot_hash.c.obj
[crystaldrift:rw] [241/418] Building C object zephyr/lib/libc/minimal/CMakeFiles/lib__libc__minimal.dir/source/string/strstr.c.obj
[crystaldrift:rw] [242/418] Building C object zephyr/arch/arch/arm/core/mpu/CMakeFiles/arch__arm__core__mpu.dir/arm_mpu.c.obj
[crystaldrift:rw] [243/418] Building C object zephyr/lib/libc/minimal/CMakeFiles/lib__libc__minimal.dir/source/string/strncasecmp.c.obj
[crystaldrift:rw] [244/418] Linking C static library zephyr/arch/arch/arm/core/mpu/libarch__arm__core__mpu.a
[crystaldrift:rw] [245/418] Building C object zephyr/lib/libc/minimal/CMakeFiles/lib__libc__minimal.dir/source/stdlib/qsort.c.obj
[crystaldrift:rw] [246/418] Building C object zephyr/lib/libc/minimal/CMakeFiles/lib__libc__minimal.dir/source/string/strspn.c.obj
[crystaldrift:rw] [247/418] Building C object zephyr/lib/libc/minimal/CMakeFiles/lib__libc__minimal.dir/source/string/string.c.obj
[skywalker-tps6699x:ro] [47/365] Building C object zephyr/CMakeFiles/zephyr.dir/subsys/tracing/tracing_none.c.obj
[crystaldrift:rw] [248/418] Building C object zephyr/lib/libc/minimal/CMakeFiles/lib__libc__minimal.dir/source/string/strerror.c.obj
[crystaldrift:rw] [249/418] Building C object zephyr/lib/libc/minimal/CMakeFiles/lib__libc__minimal.dir/source/stdlib/exit.c.obj
[crystaldrift:ro] [138/416] Building C object CMakeFiles/app.dir/mnt/host/source/src/platform/ec/build/zephyr/crystaldrift/modules/ec/common/button.c.obj
[crystaldrift:rw] [250/418] Building C object zephyr/lib/libc/minimal/CMakeFiles/lib__libc__minimal.dir/source/math/sqrtf.c.obj
[crystaldrift:rw] [251/418] Building C object zephyr/lib/libc/minimal/CMakeFiles/lib__libc__minimal.dir/source/math/sqrt.c.obj
[crystaldrift:rw] [252/418] Building C object zephyr/lib/libc/common/CMakeFiles/lib__libc__common.dir/source/time/gmtime_r.c.obj
[crystaldrift:rw] [253/418] Building C object zephyr/lib/libc/common/CMakeFiles/lib__libc__common.dir/source/time/asctime.c.obj
[crystaldrift:ro] [139/416] Building C object CMakeFiles/app.dir/mnt/host/source/src/platform/ec/build/zephyr/crystaldrift/modules/ec/common/vboot/efs2.c.obj
[crystaldrift:ro] [140/416] Building C object CMakeFiles/app.dir/mnt/host/source/src/platform/ec/build/zephyr/crystaldrift/modules/ec/common/vstore.c.obj
[crystaldrift:rw] [254/418] Building C object zephyr/lib/libc/minimal/CMakeFiles/lib__libc__minimal.dir/source/stdout/fprintf.c.obj
[crystaldrift:rw] [255/418] Building C object zephyr/lib/libc/minimal/CMakeFiles/lib__libc__minimal.dir/source/stdout/sprintf.c.obj
[crystaldrift:ro] [141/416] Building C object CMakeFiles/app.dir/src/common.c.obj
[crystaldrift:rw] [256/418] Building C object zephyr/lib/libc/common/CMakeFiles/lib__libc__common.dir/source/time/localtime_r_utc.c.obj
[crystaldrift:rw] [257/418] Building C object zephyr/lib/libc/minimal/CMakeFiles/lib__libc__minimal.dir/source/stdout/stdout_console.c.obj
[crystaldrift:rw] [258/418] Building C object zephyr/lib/libc/common/CMakeFiles/lib__libc__common.dir/source/time/ctime.c.obj
[crystaldrift:ro] [142/416] Building C object CMakeFiles/app.dir/mnt/host/source/src/platform/ec/build/zephyr/crystaldrift/modules/ec/common/math_util.c.obj
[skywalker-tps6699x:ro] [48/365] Building C object zephyr/CMakeFiles/zephyr.dir/subsys/shell/modules/kernel_service/kernel_shell.c.obj
[crystaldrift:rw] [259/418] Building C object zephyr/lib/libc/common/CMakeFiles/lib__libc__common.dir/source/time/time.c.obj
[crystaldrift:rw] [260/418] Building C object zephyr/lib/libc/minimal/CMakeFiles/lib__libc__minimal.dir/source/time/gmtime.c.obj
[crystaldrift:rw] [261/418] Building C object zephyr/lib/libc/common/CMakeFiles/lib__libc__common.dir/source/string/strnlen.c.obj
[crystaldrift:rw] [262/418] Building C object zephyr/lib/posix/c_lib_ext/CMakeFiles/lib__posix__c_lib_ext.dir/fnmatch.c.obj
[crystaldrift:rw] [263/418] Linking C static library zephyr/lib/libc/minimal/liblib__libc__minimal.a
[crystaldrift:rw] [264/418] Building C object zephyr/lib/libc/common/CMakeFiles/lib__libc__common.dir/source/stdlib/abort.c.obj
[crystaldrift:rw] [265/418] Building C object zephyr/subsys/crc/CMakeFiles/subsys__crc.dir/crc4_sw.c.obj
[crystaldrift:rw] [266/418] Building C object zephyr/subsys/crc/CMakeFiles/subsys__crc.dir/crc8_sw.c.obj
[crystaldrift:ro] [143/416] Building C object CMakeFiles/app.dir/src/i2c_policy.c.obj
[crystaldrift:rw] [267/418] Building C object zephyr/subsys/crc/CMakeFiles/subsys__crc.dir/crc16_sw.c.obj
[crystaldrift:rw] [268/418] Building C object zephyr/subsys/crc/CMakeFiles/subsys__crc.dir/crc7_sw.c.obj
[crystaldrift:rw] [269/418] Building C object zephyr/subsys/crc/CMakeFiles/subsys__crc.dir/crc24_sw.c.obj
[crystaldrift:rw] [270/418] Building C object zephyr/subsys/crc/CMakeFiles/subsys__crc.dir/crc32c_sw.c.obj
[crystaldrift:rw] [271/418] Building C object zephyr/subsys/crc/CMakeFiles/subsys__crc.dir/crc32k_4_2_sw.c.obj
[crystaldrift:rw] [272/418] Building C object zephyr/subsys/crc/CMakeFiles/subsys__crc.dir/crc32_sw.c.obj
[crystaldrift:rw] [273/418] Linking C static library zephyr/subsys/crc/libsubsys__crc.a
[crystaldrift:rw] [274/418] Building C object zephyr/lib/libc/common/CMakeFiles/lib__libc__common.dir/source/stdlib/malloc.c.obj
[crystaldrift:ro] [144/416] Building C object CMakeFiles/app.dir/src/power_signals.c.obj
[crystaldrift:rw] [275/418] Building C object zephyr/lib/posix/c_lib_ext/CMakeFiles/lib__posix__c_lib_ext.dir/getopt_shim.c.obj
[crystaldrift:rw] [276/418] Building C object zephyr/lib/posix/c_lib_ext/CMakeFiles/lib__posix__c_lib_ext.dir/getentropy.c.obj
[crystaldrift:rw] [277/418] Linking C static library zephyr/lib/libc/common/liblib__libc__common.a
[crystaldrift:ro] [145/416] Building C object CMakeFiles/app.dir/src/usb_pd_policy.c.obj
[skywalker-tps6699x:ro] [49/365] Building C object zephyr/CMakeFiles/zephyr.dir/subsys/shell/modules/kernel_service/cycles.c.obj
[crystaldrift:rw] [278/418] Linking C static library zephyr/lib/posix/c_lib_ext/liblib__posix__c_lib_ext.a
[crystaldrift:ro] [146/416] Building C object CMakeFiles/app.dir/src/usbc_config.c.obj
[crystaldrift:ro] [147/416] Building C object CMakeFiles/app.dir/src/usb_mux_config.c.obj
[crystaldrift:rw] [279/418] Building C object zephyr/drivers/interrupt_controller/CMakeFiles/drivers__interrupt_controller.dir/intc_miwu.c.obj
[crystaldrift:rw] [280/418] Building C object zephyr/drivers/adc/CMakeFiles/drivers__adc.dir/adc_common.c.obj
[crystaldrift:ro] [148/416] Building C object CMakeFiles/app.dir/src/stt.c.obj
[crystaldrift:rw] [281/418] Linking C static library zephyr/drivers/interrupt_controller/libdrivers__interrupt_controller.a
[crystaldrift:rw] [282/418] Building C object zephyr/drivers/bbram/CMakeFiles/drivers__bbram.dir/bbram_npcx.c.obj
[crystaldrift:rw] [283/418] Linking C static library zephyr/drivers/bbram/libdrivers__bbram.a
[crystaldrift:rw] [284/418] Building C object zephyr/drivers/eeprom/CMakeFiles/drivers__eeprom.dir/eeprom_shell.c.obj
[skywalker-tps6699x:ro] [50/365] Building C object zephyr/CMakeFiles/zephyr.dir/subsys/shell/modules/kernel_service/sleep.c.obj
[crystaldrift:rw] [285/418] Building C object zephyr/drivers/adc/CMakeFiles/drivers__adc.dir/adc_npcx.c.obj
[crystaldrift:rw] [286/418] Building C object zephyr/drivers/console/CMakeFiles/drivers__console.dir/uart_console.c.obj
[crystaldrift:rw] [287/418] Building C object zephyr/drivers/clock_control/CMakeFiles/drivers__clock_control.dir/clock_control_npcx.c.obj
[crystaldrift:rw] [288/418] Linking C static library zephyr/drivers/adc/libdrivers__adc.a
[crystaldrift:rw] [289/418] Linking C static library zephyr/drivers/console/libdrivers__console.a
[crystaldrift:rw] [290/418] Linking C static library zephyr/drivers/clock_control/libdrivers__clock_control.a
[crystaldrift:ro] [149/416] Building C object CMakeFiles/app.dir/crystaldrift/src/form_factor.c.obj
[crystaldrift:ro] [150/416] Building C object CMakeFiles/app.dir/crystaldrift/src/usb_mux_config.c.obj
[crystaldrift:ro] [151/416] Building C object CMakeFiles/app.dir/crystaldrift/src/board.c.obj
[crystaldrift:ro] [152/416] Building C object CMakeFiles/app.dir/crystaldrift/src/fan.c.obj
[crystaldrift:ro] [153/416] Building C object CMakeFiles/app.dir/crystaldrift/src/thermal.c.obj
[crystaldrift:rw] [291/418] Building C object zephyr/drivers/espi/CMakeFiles/drivers__espi.dir/espi_npcx.c.obj
[crystaldrift:rw] [292/418] Building C object zephyr/drivers/eeprom/CMakeFiles/drivers__eeprom.dir/eeprom_at2x.c.obj
[crystaldrift:rw] [293/418] Linking C static library zephyr/drivers/eeprom/libdrivers__eeprom.a
[crystaldrift:rw] [294/418] Building C object zephyr/drivers/espi/CMakeFiles/drivers__espi.dir/host_subs_npcx.c.obj
[skywalker-tps6699x:ro] [51/365] Building C object zephyr/CMakeFiles/zephyr.dir/subsys/shell/modules/kernel_service/uptime.c.obj
[crystaldrift:rw] [295/418] Linking C static library zephyr/drivers/espi/libdrivers__espi.a
[crystaldrift:ro] [154/416] Linking C static library app/libapp.a
[crystaldrift:rw] [296/418] Building C object zephyr/drivers/flash/CMakeFiles/drivers__flash.dir/flash_npcx_fiu_nor.c.obj
[crystaldrift:ro] [155/416] Building C object zephyr/CMakeFiles/zephyr.dir/lib/libc/validate_libc.c.obj
[crystaldrift:rw] [297/418] Building C object zephyr/drivers/flash/CMakeFiles/drivers__flash.dir/jesd216.c.obj
[crystaldrift:rw] [298/418] Building C object zephyr/drivers/flash/CMakeFiles/drivers__flash.dir/flash_npcx_fiu_qspi.c.obj
[crystaldrift:rw] [299/418] Linking C static library zephyr/drivers/flash/libdrivers__flash.a
[crystaldrift:ro] [156/416] Building C object zephyr/CMakeFiles/zephyr.dir/lib/heap/heap.c.obj
[crystaldrift:rw] [300/418] Building C object zephyr/drivers/gpio/CMakeFiles/drivers__gpio.dir/gpio_nct38xx.c.obj
[crystaldrift:ro] [157/416] Building C object zephyr/CMakeFiles/zephyr.dir/lib/os/cbprintf_packaged.c.obj
[crystaldrift:ro] [158/416] Building C object zephyr/CMakeFiles/zephyr.dir/lib/os/clock.c.obj
[crystaldrift:rw] [301/418] Building C object zephyr/drivers/gpio/CMakeFiles/drivers__gpio.dir/gpio_nct38xx_port.c.obj
[crystaldrift:rw] [302/418] Building C object zephyr/drivers/gpio/CMakeFiles/drivers__gpio.dir/gpio_npcx.c.obj
[crystaldrift:rw] [303/418] Building C object zephyr/drivers/i2c/CMakeFiles/drivers__i2c.dir/i2c_common.c.obj
[crystaldrift:ro] [159/416] Building C object zephyr/CMakeFiles/zephyr.dir/lib/os/sem.c.obj
[crystaldrift:ro] [160/416] Building C object zephyr/CMakeFiles/zephyr.dir/lib/os/printk.c.obj
[crystaldrift:rw] [304/418] Linking C static library zephyr/drivers/gpio/libdrivers__gpio.a
[/mnt/host/source/src/platform/ec/build/zephyr/mtlrvpp_m1723-lcov]   /mnt/host/source/src/platform/ec/build/zephyr/mtlrvpp_m1723/build-ro/zephyr/CMakeFiles/zephyr.dir/lib/utils/last_section_id.c.gcno:no functions found
[/mnt/host/source/src/platform/ec/build/zephyr/mtlrvpp_m1723-lcov] stderr:
[skywalker-tps6699x:ro] [52/365] Building C object zephyr/CMakeFiles/zephyr.dir/subsys/shell/modules/kernel_service/version.c.obj
[crystaldrift:rw] [305/418] Building C object zephyr/drivers/i2c/CMakeFiles/drivers__i2c.dir/i2c_shell.c.obj
[crystaldrift:ro] [161/416] Building C object zephyr/CMakeFiles/zephyr.dir/lib/utils/dec.c.obj
[crystaldrift:rw] [306/418] Building C object zephyr/drivers/i2c/CMakeFiles/drivers__i2c.dir/i2c_npcx_controller_fifo.c.obj
[crystaldrift:ro] [162/416] Building C object zephyr/CMakeFiles/zephyr.dir/lib/os/thread_entry.c.obj
[crystaldrift:ro] [163/416] Building C object zephyr/CMakeFiles/zephyr.dir/lib/os/cbprintf.c.obj
[crystaldrift:rw] [307/418] Building C object zephyr/drivers/i2c/CMakeFiles/drivers__i2c.dir/i2c_npcx_controller.c.obj
[crystaldrift:rw] [308/418] Building C object zephyr/drivers/i2c/CMakeFiles/drivers__i2c.dir/i2c_npcx_port.c.obj
[crystaldrift:ro] [164/416] Building C object zephyr/CMakeFiles/zephyr.dir/lib/os/cbprintf_nano.c.obj
[crystaldrift:ro] [165/416] Building C object zephyr/CMakeFiles/zephyr.dir/lib/utils/hex.c.obj
[crystaldrift:rw] [309/418] Building C object zephyr/drivers/sensor/CMakeFiles/drivers__sensor.dir/mnt/host/source/src/third_party/zephyr/main/misc/empty_file.c.obj
[crystaldrift:rw] [310/418] Linking C static library zephyr/drivers/i2c/libdrivers__i2c.a
[crystaldrift:rw] [311/418] Building C object zephyr/drivers/pinctrl/CMakeFiles/drivers__pinctrl.dir/common.c.obj
[crystaldrift:rw] [312/418] Linking C static library zephyr/drivers/sensor/libdrivers__sensor.a
[crystaldrift:ro] [166/416] Building C object zephyr/CMakeFiles/zephyr.dir/lib/utils/timeutil.c.obj
[crystaldrift:ro] [167/416] Building C object zephyr/CMakeFiles/zephyr.dir/lib/utils/bitmask.c.obj
[crystaldrift:rw] [313/418] Building C object zephyr/drivers/pinctrl/CMakeFiles/drivers__pinctrl.dir/pinctrl_npcx.c.obj
[crystaldrift:rw] [314/418] Building C object zephyr/drivers/mfd/CMakeFiles/drivers__mfd.dir/mfd_nct38xx.c.obj
[crystaldrift:rw] [315/418] Linking C static library zephyr/drivers/pinctrl/libdrivers__pinctrl.a
[crystaldrift:rw] [316/418] Linking C static library zephyr/drivers/mfd/libdrivers__mfd.a
[crystaldrift:ro] [168/416] Building C object zephyr/CMakeFiles/zephyr.dir/lib/os/assert.c.obj
[skywalker-tps6699x:ro] [53/365] Building C object zephyr/CMakeFiles/zephyr.dir/subsys/shell/modules/kernel_service/thread/thread.c.obj
[crystaldrift:rw] [317/418] Building C object zephyr/drivers/pwm/CMakeFiles/drivers__pwm.dir/pwm_shell.c.obj
[crystaldrift:rw] [318/418] Building C object zephyr/drivers/pwm/CMakeFiles/drivers__pwm.dir/pwm_npcx.c.obj
[crystaldrift:ro] [169/416] Building C object zephyr/CMakeFiles/zephyr.dir/lib/utils/rb.c.obj
[crystaldrift:ro] [170/416] Building C object zephyr/CMakeFiles/zephyr.dir/lib/utils/ring_buffer.c.obj
[crystaldrift:rw] [319/418] Linking C static library zephyr/drivers/pwm/libdrivers__pwm.a
[crystaldrift:ro] [171/416] Building C object zephyr/CMakeFiles/zephyr.dir/lib/utils/last_section_id.c.obj
[crystaldrift:ro] [172/416] Building C object zephyr/CMakeFiles/zephyr.dir/lib/utils/bitarray.c.obj
[crystaldrift:ro] [173/416] Building C object zephyr/CMakeFiles/zephyr.dir/misc/generated/configs.c.obj
[crystaldrift:rw] [320/418] Building C object zephyr/drivers/syscon/CMakeFiles/drivers__syscon.dir/syscon.c.obj
[/mnt/host/source/src/platform/ec/build/zephyr/kingler-lcov]   /mnt/host/source/src/platform/ec/build/zephyr/kingler/build-ro/CMakeFiles/app.dir/mnt/host/source/src/platform/ec/build/zephyr/kingler/modules/ec/common/chargen.c.gcno:no functions found
[/mnt/host/source/src/platform/ec/build/zephyr/kingler-lcov] stderr:
[crystaldrift:rw] [321/418] Linking C static library zephyr/drivers/syscon/libdrivers__syscon.a
[crystaldrift:ro] [174/416] Building C object zephyr/CMakeFiles/zephyr.dir/lib/utils/getopt/getopt.c.obj
[crystaldrift:ro] [175/416] Building C object zephyr/CMakeFiles/zephyr.dir/lib/utils/getopt/getopt_common.c.obj
[crystaldrift:rw] [322/418] Building C object zephyr/drivers/timer/CMakeFiles/drivers__timer.dir/sys_clock_init.c.obj
[/mnt/host/source/src/platform/ec/build/zephyr/winterhold-lcov]   /mnt/host/source/src/platform/ec/build/zephyr/winterhold/build-ro/zephyr/CMakeFiles/zephyr.dir/soc/nuvoton/npcx/common/npcxn/registers.c.gcno:no functions found
[/mnt/host/source/src/platform/ec/build/zephyr/winterhold-lcov] stderr:
[crystaldrift:rw] [323/418] Building C object zephyr/drivers/serial/CMakeFiles/drivers__serial.dir/uart_npcx.c.obj
[crystaldrift:rw] [324/418] Building C object zephyr/drivers/sensor/nuvoton/nuvoton_tach_npcx/CMakeFiles/drivers__sensor__nuvoton__nuvoton_tach_npcx.dir/tach_nuvoton_npcx.c.obj
[crystaldrift:rw] [325/418] Linking C static library zephyr/drivers/serial/libdrivers__serial.a
[crystaldrift:rw] [326/418] Linking C static library zephyr/drivers/sensor/nuvoton/nuvoton_tach_npcx/libdrivers__sensor__nuvoton__nuvoton_tach_npcx.a
[crystaldrift:rw] [327/418] Building C object zephyr/drivers/timer/CMakeFiles/drivers__timer.dir/npcx_itim_timer.c.obj
[skywalker-tps6699x:ro] [54/365] Building C object zephyr/CMakeFiles/zephyr.dir/subsys/shell/modules/kernel_service/thread/list.c.obj
[crystaldrift:rw] [328/418] Building C object zephyr/drivers/watchdog/CMakeFiles/drivers__watchdog.dir/wdt_npcx.c.obj
[crystaldrift:rw] [329/418] Linking C static library zephyr/drivers/timer/libdrivers__timer.a
[crystaldrift:ro] [176/416] Building C object zephyr/CMakeFiles/zephyr.dir/soc/nuvoton/npcx/common/npcxn/registers.c.obj
[crystaldrift:ro] [177/416] Building C object zephyr/CMakeFiles/zephyr.dir/soc/nuvoton/npcx/common/power.c.obj
[crystaldrift:rw] [330/418] Building C object zephyr/drivers/watchdog/CMakeFiles/drivers__watchdog.dir/wdt_shell.c.obj
[crystaldrift:rw] [331/418] Linking C static library zephyr/drivers/watchdog/libdrivers__watchdog.a
[crystaldrift:ro] [178/416] Building C object zephyr/CMakeFiles/zephyr.dir/soc/nuvoton/npcx/npcx9/soc.c.obj
[crystaldrift:ro] [179/416] Building C object zephyr/CMakeFiles/zephyr.dir/soc/nuvoton/npcx/common/scfg.c.obj
[crystaldrift:rw] [332/418] Building C object modules/ec/zephyr/CMakeFiles/ec_shim.dir/app/ec/main_shim.c.obj
[crystaldrift:ro] [180/416] Building C object zephyr/CMakeFiles/zephyr.dir/subsys/logging/log_minimal.c.obj
[skywalker-tps6699x:ro] [55/365] Building C object zephyr/CMakeFiles/zephyr.dir/subsys/shell/modules/kernel_service/thread/stacks.c.obj
[crystaldrift:rw] [333/418] Building C object modules/ec/zephyr/CMakeFiles/ec_shim.dir/app/ec/ec_app_main.c.obj
[crystaldrift:ro] [181/416] Building C object zephyr/CMakeFiles/zephyr.dir/subsys/pm/state.c.obj
[crystaldrift:rw] [334/418] Building C object modules/ec/zephyr/CMakeFiles/ec_shim.dir/drivers/cros_kblight/pwm_kblight.c.obj
[crystaldrift:rw] [335/418] Building C object modules/ec/zephyr/CMakeFiles/ec_shim.dir/drivers/cros_flash/cros_flash_npcx.c.obj
[crystaldrift:rw] [336/418] Building C object modules/ec/zephyr/CMakeFiles/ec_shim.dir/drivers/cros_kb_raw/cros_kb_raw_npcx.c.obj
[crystaldrift:ro] [182/416] Building C object zephyr/CMakeFiles/zephyr.dir/subsys/mem_mgmt/mem_attr.c.obj
[crystaldrift:ro] [183/416] Building C object zephyr/CMakeFiles/zephyr.dir/subsys/pm/pm.c.obj
[crystaldrift:rw] [337/418] Building C object modules/ec/zephyr/CMakeFiles/ec_shim.dir/drivers/cros_system/cros_system_npcx.c.obj
[crystaldrift:ro] [184/416] Building C object zephyr/CMakeFiles/zephyr.dir/subsys/pm/policy/policy_events.c.obj
[crystaldrift:ro] [185/416] Building C object zephyr/CMakeFiles/zephyr.dir/subsys/pm/policy/policy_latency.c.obj
[skywalker-tps6699x:ro] [56/365] Building C object zephyr/CMakeFiles/zephyr.dir/subsys/shell/modules/kernel_service/thread/suspend.c.obj
[crystaldrift:rw] [338/418] Building C object modules/ec/zephyr/CMakeFiles/ec_shim.dir/drivers/vivaldi_kbd/vivaldi_kbd.c.obj
[crystaldrift:rw] [339/418] Building C object modules/ec/zephyr/CMakeFiles/ec_shim.dir/shim/chip/npcx/clock.c.obj
[crystaldrift:ro] [186/416] Building C object zephyr/CMakeFiles/zephyr.dir/subsys/pm/policy/policy_state_lock.c.obj
[crystaldrift:rw] [340/418] Building C object modules/ec/zephyr/CMakeFiles/ec_shim.dir/shim/chip/npcx/gpio.c.obj
[crystaldrift:rw] [341/418] Building C object modules/ec/zephyr/CMakeFiles/ec_shim.dir/shim/chip/npcx/rom_chip.c.obj
[crystaldrift:rw] [342/418] Building C object modules/ec/zephyr/CMakeFiles/ec_shim.dir/shim/chip/npcx/keyboard_raw.c.obj
[crystaldrift:ro] [187/416] Building C object zephyr/CMakeFiles/zephyr.dir/subsys/testsuite/coverage/coverage.c.obj
[crystaldrift:ro] [188/416] Building C object zephyr/CMakeFiles/zephyr.dir/subsys/pm/device.c.obj
[crystaldrift:rw] [343/418] Building C object modules/ec/zephyr/CMakeFiles/ec_shim.dir/shim/src/crc.c.obj
[crystaldrift:rw] [344/418] Building C object modules/ec/zephyr/CMakeFiles/ec_shim.dir/shim/chip/npcx/system.c.obj
[crystaldrift:ro] [189/416] Building C object zephyr/CMakeFiles/zephyr.dir/subsys/pm/device_system_managed.c.obj
[crystaldrift:rw] [345/418] Building C object modules/ec/zephyr/CMakeFiles/ec_shim.dir/shim/chip/npcx/system_external_storage.c.obj
[crystaldrift:ro] [190/416] Building C object zephyr/CMakeFiles/zephyr.dir/subsys/tracing/tracing_none.c.obj
[skywalker-tps6699x:ro] [57/365] Building C object zephyr/CMakeFiles/zephyr.dir/subsys/shell/modules/kernel_service/thread/resume.c.obj
[crystaldrift:ro] [191/416] Building C object zephyr/CMakeFiles/zephyr.dir/subsys/shell/modules/kernel_service/kernel_shell.c.obj
[crystaldrift:rw] [346/418] Building C object modules/ec/zephyr/CMakeFiles/ec_shim.dir/shim/core/cortex-m/mpu.c.obj
[crystaldrift:rw] [347/418] Building C object modules/ec/zephyr/CMakeFiles/ec_shim.dir/shim/chip/npcx/power_policy.c.obj
[crystaldrift:rw] [348/418] Building C object modules/ec/zephyr/CMakeFiles/ec_shim.dir/shim/core/cortex-m/panic.c.obj
[crystaldrift:rw] [349/418] Building C object modules/ec/zephyr/CMakeFiles/ec_shim.dir/shim/src/console.c.obj
[crystaldrift:ro] [192/416] Building C object zephyr/CMakeFiles/zephyr.dir/subsys/shell/modules/kernel_service/cycles.c.obj
[crystaldrift:ro] [193/416] Building C object zephyr/CMakeFiles/zephyr.dir/subsys/shell/modules/kernel_service/uptime.c.obj
[crystaldrift:rw] [350/418] Building C object modules/ec/zephyr/CMakeFiles/ec_shim.dir/shim/src/panic_utils.c.obj
[crystaldrift:ro] [194/416] Building C object zephyr/CMakeFiles/zephyr.dir/subsys/shell/modules/kernel_service/sleep.c.obj
[crystaldrift:ro] [195/416] Building C object zephyr/CMakeFiles/zephyr.dir/subsys/shell/modules/kernel_service/version.c.obj
[skywalker-tps6699x:ro] [58/365] Building C object zephyr/CMakeFiles/zephyr.dir/subsys/shell/modules/kernel_service/thread/kill.c.obj
[crystaldrift:rw] [351/418] Building C object modules/ec/zephyr/CMakeFiles/ec_shim.dir/shim/src/gpio_int.c.obj
[crystaldrift:ro] [196/416] Building C object zephyr/CMakeFiles/zephyr.dir/subsys/shell/backends/shell_uart.c.obj
[crystaldrift:rw] [352/418] Building C object modules/ec/zephyr/CMakeFiles/ec_shim.dir/shim/src/gpio.c.obj
[crystaldrift:rw] [353/418] Building C object modules/ec/zephyr/CMakeFiles/ec_shim.dir/shim/src/cbi/cros_cbi.c.obj
[crystaldrift:ro] [197/416] Building C object zephyr/CMakeFiles/zephyr.dir/subsys/shell/shell_fprintf.c.obj
[crystaldrift:rw] [354/418] Building C object modules/ec/zephyr/CMakeFiles/ec_shim.dir/shim/src/cbi/cbi_eeprom.c.obj
[crystaldrift:rw] [355/418] Building C object modules/ec/zephyr/CMakeFiles/ec_shim.dir/shim/src/cbi/cros_cbi_fw_config.c.obj
[crystaldrift:rw] [356/418] Building C object modules/ec/zephyr/CMakeFiles/ec_shim.dir/shim/src/pm_state.c.obj
[crystaldrift:rw] [357/418] Building ASM object modules/ec/zephyr/CMakeFiles/ec_shim.dir/shim/src/libgcc_arm.S.obj
[crystaldrift:ro] [198/416] Building C object zephyr/CMakeFiles/zephyr.dir/subsys/shell/shell.c.obj
[crystaldrift:ro] [199/416] Building C object zephyr/CMakeFiles/zephyr.dir/subsys/shell/shell_utils.c.obj
[skywalker-tps6699x:ro] [59/365] Building C object zephyr/CMakeFiles/zephyr.dir/subsys/shell/backends/shell_uart.c.obj
[crystaldrift:ro] [200/416] Building C object zephyr/CMakeFiles/zephyr.dir/subsys/shell/shell_ops.c.obj
[crystaldrift:rw] [358/418] Building C object modules/ec/zephyr/CMakeFiles/ec_shim.dir/shim/src/led_driver/led.c.obj
[crystaldrift:rw] [359/418] Building C object modules/ec/zephyr/CMakeFiles/ec_shim.dir/shim/src/led_driver/led_gpio.c.obj
[/mnt/host/source/src/platform/ec/build/zephyr/kingler-lcov]   /mnt/host/source/src/platform/ec/build/zephyr/kingler/build-ro/CMakeFiles/app.dir/mnt/host/source/src/platform/ec/build/zephyr/kingler/modules/ec/common/cbi_config.c.gcno:no functions found
[/mnt/host/source/src/platform/ec/build/zephyr/kingler-lcov] stderr:
[crystaldrift:ro] [201/416] Building C object zephyr/CMakeFiles/zephyr.dir/subsys/shell/shell_history.c.obj
[crystaldrift:ro] [202/416] Building C object zephyr/arch/common/CMakeFiles/arch__common.dir/init.c.obj
[/mnt/host/source/src/platform/ec/build/zephyr/mtlrvpp_m1723-lcov]   /mnt/host/source/src/platform/ec/build/zephyr/mtlrvpp_m1723/build-ro/zephyr/drivers/sensor/CMakeFiles/drivers__sensor.dir/mnt/host/source/src/third_party/zephyr/main/misc/empty_file.c.gcno:no functions found
[/mnt/host/source/src/platform/ec/build/zephyr/mtlrvpp_m1723-lcov] stderr:
[crystaldrift:rw] [360/418] Building C object modules/ec/zephyr/CMakeFiles/ec_shim.dir/shim/src/system.c.obj
[crystaldrift:ro] [203/416] Building C object zephyr/arch/common/CMakeFiles/arch__common.dir/sw_isr_common.c.obj
[crystaldrift:ro] [204/416] Building C object zephyr/CMakeFiles/zephyr.dir/drivers/flash/flash_util.c.obj
[crystaldrift:ro] [205/416] Linking C static library zephyr/libzephyr.a
[crystaldrift:rw] [361/418] Building C object modules/ec/zephyr/CMakeFiles/ec_shim.dir/shim/src/adc.c.obj
[crystaldrift:ro] [206/416] Building C object zephyr/arch/common/CMakeFiles/arch__common.dir/xip.c.obj
[crystaldrift:rw] [362/418] Building C object modules/ec/zephyr/CMakeFiles/ec_shim.dir/shim/src/charger.c.obj
[crystaldrift:rw] [363/418] Building C object modules/ec/zephyr/CMakeFiles/ec_shim.dir/shim/src/battery.c.obj
[crystaldrift:ro] [207/416] Building ASM object zephyr/arch/arch/arm/core/CMakeFiles/arch__arm__core.dir/nmi_on_reset.S.obj
[skywalker-tps6699x:ro] [60/365] Building C object zephyr/CMakeFiles/zephyr.dir/subsys/shell/shell.c.obj
[/mnt/host/source/src/platform/ec/build/zephyr/mtlrvpp_m1723-lcov]   /mnt/host/source/src/platform/ec/build/zephyr/mtlrvpp_m1723/build-rw/modules/ec/zephyr/CMakeFiles/ec_shim.dir/shim/src/thermal.c.gcno:no functions found
[/mnt/host/source/src/platform/ec/build/zephyr/mtlrvpp_m1723-lcov] stderr:
[crystaldrift:ro] [208/416] Building C object zephyr/arch/common/CMakeFiles/isr_tables.dir/isr_tables.c.obj
[crystaldrift:rw] [364/418] Building C object modules/ec/zephyr/CMakeFiles/ec_shim.dir/shim/src/espi.c.obj
[crystaldrift:ro] [209/416] Linking C static library zephyr/arch/common/libisr_tables.a
[crystaldrift:ro] [210/416] Linking C static library zephyr/arch/common/libarch__common.a
[crystaldrift:rw] [365/418] Building C object modules/ec/zephyr/CMakeFiles/ec_shim.dir/shim/src/fan.c.obj
[crystaldrift:rw] [366/418] Building C object modules/ec/zephyr/CMakeFiles/ec_shim.dir/shim/src/flash.c.obj
[crystaldrift:ro] [211/416] Building C object zephyr/arch/arch/arm/core/CMakeFiles/arch__arm__core.dir/fatal.c.obj
[/mnt/host/source/src/platform/ec/build/zephyr/mtlrvpp_m1723-lcov]   /mnt/host/source/src/platform/ec/build/zephyr/mtlrvpp_m1723/build-rw/modules/ec/zephyr/CMakeFiles/ec_shim.dir/shim/src/battery.c.gcno:no functions found
[/mnt/host/source/src/platform/ec/build/zephyr/mtlrvpp_m1723-lcov] stderr:
[/mnt/host/source/src/platform/ec/build/zephyr/mtlrvpp_m1723-lcov]   /mnt/host/source/src/platform/ec/build/zephyr/mtlrvpp_m1723/build-rw/modules/ec/zephyr/CMakeFiles/ec_shim.dir/shim/src/charger.c.gcno:no functions found
[/mnt/host/source/src/platform/ec/build/zephyr/mtlrvpp_m1723-lcov] stderr:
[crystaldrift:ro] [212/416] Building ASM object zephyr/arch/arch/arm/core/cortex_m/CMakeFiles/arch__arm__core__cortex_m.dir/fault_s.S.obj
[crystaldrift:ro] [213/416] Building C object zephyr/arch/arch/arm/core/CMakeFiles/arch__arm__core.dir/nmi.c.obj
[crystaldrift:ro] [214/416] Linking C static library zephyr/arch/arch/arm/core/libarch__arm__core.a
[crystaldrift:rw] [367/418] Building C object modules/ec/zephyr/CMakeFiles/ec_shim.dir/shim/src/hooks.c.obj
[crystaldrift:ro] [215/416] Building C object zephyr/arch/arch/arm/core/cortex_m/CMakeFiles/arch__arm__core__cortex_m.dir/exc_exit.c.obj
[skywalker-tps6699x:ro] [61/365] Building C object zephyr/CMakeFiles/zephyr.dir/subsys/shell/shell_fprintf.c.obj
[/mnt/host/source/src/platform/ec/build/zephyr/kingler-lcov]   /mnt/host/source/src/platform/ec/build/zephyr/kingler/build-ro/zephyr/arch/arch/arm/core/mpu/CMakeFiles/arch__arm__core__mpu.dir/arm_mpu_regions.c.gcno:no functions found
[/mnt/host/source/src/platform/ec/build/zephyr/kingler-lcov] stderr:
[crystaldrift:rw] [368/418] Building C object modules/ec/zephyr/CMakeFiles/ec_shim.dir/shim/src/host_command.c.obj
[crystaldrift:rw] [369/418] Building C object modules/ec/zephyr/CMakeFiles/ec_shim.dir/shim/src/console_buffer.c.obj
[crystaldrift:rw] [370/418] Building C object modules/ec/zephyr/CMakeFiles/ec_shim.dir/shim/src/keyboard_raw.c.obj
[crystaldrift:ro] [216/416] Building C object zephyr/arch/arch/arm/core/cortex_m/CMakeFiles/arch__arm__core__cortex_m.dir/fault.c.obj
[crystaldrift:rw] [371/418] Building C object modules/ec/zephyr/CMakeFiles/ec_shim.dir/shim/src/mkbp_event.c.obj
[crystaldrift:ro] [217/416] Building ASM object zephyr/arch/arch/arm/core/cortex_m/CMakeFiles/arch__arm__core__cortex_m.dir/reset.S.obj
[crystaldrift:ro] [218/416] Building C object zephyr/arch/arch/arm/core/cortex_m/CMakeFiles/arch__arm__core__cortex_m.dir/fpu.c.obj
[crystaldrift:ro] [219/416] Building ASM object zephyr/arch/arch/arm/core/cortex_m/CMakeFiles/arch__arm__core__cortex_m.dir/vector_table.S.obj
[/mnt/host/source/src/platform/ec/build/zephyr/winterhold-lcov]   /mnt/host/source/src/platform/ec/build/zephyr/winterhold/build-ro/zephyr/drivers/sensor/CMakeFiles/drivers__sensor.dir/mnt/host/source/src/third_party/zephyr/main/misc/empty_file.c.gcno:no functions found
[/mnt/host/source/src/platform/ec/build/zephyr/winterhold-lcov] stderr:
[crystaldrift:rw] [372/418] Building C object modules/ec/zephyr/CMakeFiles/ec_shim.dir/shim/src/panic.c.obj
[crystaldrift:rw] [373/418] Building C object modules/ec/zephyr/CMakeFiles/ec_shim.dir/shim/src/motionsense_sensors.c.obj
[crystaldrift:ro] [220/416] Building C object zephyr/arch/arch/arm/core/cortex_m/CMakeFiles/arch__arm__core__cortex_m.dir/scb.c.obj
[skywalker-tps6699x:ro] [62/365] Building C object zephyr/CMakeFiles/zephyr.dir/subsys/shell/shell_utils.c.obj
[crystaldrift:ro] [221/416] Building C object zephyr/arch/arch/arm/core/cortex_m/CMakeFiles/arch__arm__core__cortex_m.dir/thread_abort.c.obj
[crystaldrift:rw] [374/418] Building C object modules/ec/zephyr/CMakeFiles/ec_shim.dir/shim/src/pwm_hc.c.obj
[/mnt/host/source/src/platform/ec/build/zephyr/winterhold-lcov]   /mnt/host/source/src/platform/ec/build/zephyr/winterhold/build-rw/modules/ec/zephyr/CMakeFiles/ec_shim.dir/shim/src/thermal.c.gcno:no functions found
[/mnt/host/source/src/platform/ec/build/zephyr/mtlrvpp_m1723-lcov]   /mnt/host/source/src/platform/ec/build/zephyr/mtlrvpp_m1723/build-rw/modules/ec/zephyr/CMakeFiles/ec_shim.dir/shim/src/usb_muxes.c.gcno:no functions found
[/mnt/host/source/src/platform/ec/build/zephyr/winterhold-lcov] stderr:
[/mnt/host/source/src/platform/ec/build/zephyr/mtlrvpp_m1723-lcov] stderr:
[crystaldrift:rw] [375/418] Building C object modules/ec/zephyr/CMakeFiles/ec_shim.dir/shim/src/hwtimer.c.obj
[/mnt/host/source/src/platform/ec/build/zephyr/kingler-lcov]   /mnt/host/source/src/platform/ec/build/zephyr/kingler/build-ro/zephyr/arch/common/CMakeFiles/isr_tables.dir/isr_tables.c.gcno:no functions found
[/mnt/host/source/src/platform/ec/build/zephyr/kingler-lcov] stderr:
[crystaldrift:rw] [376/418] Building C object modules/ec/zephyr/CMakeFiles/ec_shim.dir/shim/src/thermal.c.obj
[crystaldrift:ro] [222/416] Building ASM object zephyr/arch/arch/arm/core/cortex_m/CMakeFiles/arch__arm__core__cortex_m.dir/swap_helper.S.obj
[/mnt/host/source/src/platform/ec/build/zephyr/winterhold-lcov]   /mnt/host/source/src/platform/ec/build/zephyr/winterhold/build-rw/modules/ec/zephyr/CMakeFiles/ec_shim.dir/shim/src/battery.c.gcno:no functions found
[/mnt/host/source/src/platform/ec/build/zephyr/winterhold-lcov] stderr:
[crystaldrift:rw] [377/418] Building C object modules/ec/zephyr/CMakeFiles/ec_shim.dir/shim/src/i2c.c.obj
[crystaldrift:rw] [378/418] Building C object modules/ec/zephyr/CMakeFiles/ec_shim.dir/shim/src/temp_sensors.c.obj
[crystaldrift:ro] [223/416] Building C object zephyr/arch/arch/arm/core/cortex_m/CMakeFiles/arch__arm__core__cortex_m.dir/irq_manage.c.obj
[crystaldrift:ro] [224/416] Building C object zephyr/arch/arch/arm/core/cortex_m/CMakeFiles/arch__arm__core__cortex_m.dir/prep_c.c.obj
[/mnt/host/source/src/platform/ec/build/zephyr/winterhold-lcov]   /mnt/host/source/src/platform/ec/build/zephyr/winterhold/build-rw/modules/ec/zephyr/CMakeFiles/ec_shim.dir/shim/src/charger.c.gcno:no functions found
[/mnt/host/source/src/platform/ec/build/zephyr/winterhold-lcov] stderr:
[crystaldrift:rw] [379/418] Building C object modules/ec/zephyr/CMakeFiles/ec_shim.dir/shim/src/watchdog.c.obj
[skywalker-tps6699x:ro] [63/365] Building C object zephyr/CMakeFiles/zephyr.dir/subsys/shell/shell_ops.c.obj
[crystaldrift:ro] [225/416] Building C object zephyr/arch/arch/arm/core/cortex_m/CMakeFiles/arch__arm__core__cortex_m.dir/cpu_idle.c.obj
[crystaldrift:ro] [226/416] Building C object zephyr/arch/arch/arm/core/cortex_m/CMakeFiles/arch__arm__core__cortex_m.dir/thread.c.obj
[crystaldrift:rw] [380/418] Building C object modules/ec/zephyr/CMakeFiles/ec_shim.dir/shim/src/tasks.c.obj
[crystaldrift:rw] [381/418] Building C object modules/ec/zephyr/CMakeFiles/ec_shim.dir/shim/src/bc12.c.obj
[crystaldrift:ro] [227/416] Building C object zephyr/arch/arch/arm/core/cortex_m/CMakeFiles/arch__arm__core__cortex_m.dir/irq_init.c.obj
[crystaldrift:ro] [228/416] Generating ../../../include/generated/libc/minimal/strerror_table.h
[crystaldrift:rw] [382/418] Building C object modules/ec/zephyr/CMakeFiles/ec_shim.dir/shim/src/bc12_pi3usb9201.c.obj
[crystaldrift:ro] [229/416] Building C object zephyr/lib/libc/minimal/CMakeFiles/lib__libc__minimal.dir/source/stdlib/atoi.c.obj
[crystaldrift:ro] [230/416] Building C object zephyr/arch/arch/arm/core/cortex_m/CMakeFiles/arch__arm__core__cortex_m.dir/isr_wrapper.c.obj
[crystaldrift:rw] [383/418] Building C object modules/ec/zephyr/CMakeFiles/ec_shim.dir/shim/src/tcpc_nct38xx.c.obj
[crystaldrift:ro] [231/416] Building C object zephyr/arch/arch/arm/core/mpu/CMakeFiles/arch__arm__core__mpu.dir/arm_core_mpu.c.obj
[crystaldrift:rw] [384/418] Building C object modules/ec/zephyr/CMakeFiles/ec_shim.dir/shim/src/ppc.c.obj
[crystaldrift:ro] [232/416] Linking C static library zephyr/arch/arch/arm/core/cortex_m/libarch__arm__core__cortex_m.a
[crystaldrift:rw] [385/418] Building C object modules/ec/zephyr/CMakeFiles/ec_shim.dir/shim/src/usba.c.obj
[crystaldrift:ro] [233/416] Building C object zephyr/lib/libc/minimal/CMakeFiles/lib__libc__minimal.dir/source/stdlib/strtol.c.obj
[crystaldrift:ro] [234/416] Building C object zephyr/lib/libc/minimal/CMakeFiles/lib__libc__minimal.dir/source/stdlib/strtoul.c.obj
[skywalker-tps6699x:ro] [64/365] Building C object zephyr/CMakeFiles/zephyr.dir/subsys/shell/shell_help.c.obj
[crystaldrift:ro] [235/416] Building C object zephyr/lib/libc/minimal/CMakeFiles/lib__libc__minimal.dir/source/stdlib/strtoll.c.obj
[crystaldrift:ro] [236/416] Building C object zephyr/lib/libc/minimal/CMakeFiles/lib__libc__minimal.dir/source/stdlib/strtoull.c.obj
[crystaldrift:ro] [237/416] Building C object zephyr/arch/arch/arm/core/mpu/CMakeFiles/arch__arm__core__mpu.dir/arm_mpu.c.obj
[crystaldrift:ro] [238/416] Building C object zephyr/lib/libc/minimal/CMakeFiles/lib__libc__minimal.dir/source/stdlib/bsearch.c.obj
[/mnt/host/source/src/platform/ec/build/zephyr/winterhold-lcov]   /mnt/host/source/src/platform/ec/build/zephyr/winterhold/build-rw/modules/ec/zephyr/CMakeFiles/ec_shim.dir/shim/src/usb_muxes.c.gcno:no functions found
[/mnt/host/source/src/platform/ec/build/zephyr/winterhold-lcov] stderr:
[crystaldrift:ro] [239/416] Building C object zephyr/arch/arch/arm/core/mpu/CMakeFiles/arch__arm__core__mpu.dir/arm_mpu_regions.c.obj
[crystaldrift:rw] [386/418] Building C object zephyr/kernel/CMakeFiles/kernel.dir/main_weak.c.obj
[crystaldrift:rw] [387/418] Building C object modules/ec/zephyr/CMakeFiles/ec_shim.dir/shim/src/usb_muxes.c.obj
[crystaldrift:ro] [240/416] Linking C static library zephyr/arch/arch/arm/core/mpu/libarch__arm__core__mpu.a
[crystaldrift:ro] [241/416] Building C object zephyr/lib/libc/minimal/CMakeFiles/lib__libc__minimal.dir/source/string/strncasecmp.c.obj
[crystaldrift:rw] [388/418] Linking C static library modules/ec/zephyr/libec_shim.a
[crystaldrift:ro] [242/416] Building C object zephyr/lib/libc/minimal/CMakeFiles/lib__libc__minimal.dir/source/stdlib/qsort.c.obj
[crystaldrift:rw] [389/418] Building C object zephyr/kernel/CMakeFiles/kernel.dir/banner.c.obj
[crystaldrift:ro] [243/416] Building C object zephyr/lib/libc/minimal/CMakeFiles/lib__libc__minimal.dir/source/string/strstr.c.obj
[crystaldrift:ro] [244/416] Building C object zephyr/lib/libc/minimal/CMakeFiles/lib__libc__minimal.dir/source/string/strerror.c.obj
[crystaldrift:ro] [245/416] Building C object zephyr/lib/libc/minimal/CMakeFiles/lib__libc__minimal.dir/source/string/string.c.obj
[crystaldrift:ro] [246/416] Building C object zephyr/lib/libc/minimal/CMakeFiles/lib__libc__minimal.dir/source/string/strspn.c.obj
[crystaldrift:rw] [390/418] Building C object zephyr/kernel/CMakeFiles/kernel.dir/device.c.obj
[crystaldrift:rw] [391/418] Building C object zephyr/kernel/CMakeFiles/kernel.dir/busy_wait.c.obj
[crystaldrift:rw] [392/418] Building C object zephyr/kernel/CMakeFiles/kernel.dir/errno.c.obj
[crystaldrift:rw] [393/418] Building C object zephyr/kernel/CMakeFiles/kernel.dir/version.c.obj
[skywalker-tps6699x:ro] [65/365] Building C object zephyr/CMakeFiles/zephyr.dir/subsys/shell/shell_history.c.obj
[crystaldrift:ro] [247/416] Building C object zephyr/lib/libc/minimal/CMakeFiles/lib__libc__minimal.dir/source/math/sqrtf.c.obj
[crystaldrift:ro] [248/416] Building C object zephyr/lib/libc/minimal/CMakeFiles/lib__libc__minimal.dir/source/stdlib/exit.c.obj
[crystaldrift:rw] [394/418] Building C object zephyr/kernel/CMakeFiles/kernel.dir/fatal.c.obj
[crystaldrift:rw] [395/418] Building C object zephyr/kernel/CMakeFiles/kernel.dir/init.c.obj
[crystaldrift:ro] [249/416] Building C object zephyr/lib/libc/minimal/CMakeFiles/lib__libc__minimal.dir/source/math/sqrt.c.obj
[crystaldrift:rw] [396/418] Building C object zephyr/kernel/CMakeFiles/kernel.dir/mem_slab.c.obj
[crystaldrift:ro] [250/416] Building C object zephyr/lib/libc/minimal/CMakeFiles/lib__libc__minimal.dir/source/stdout/stdout_console.c.obj
[/mnt/host/source/src/platform/ec/build/zephyr/winterhold-lcov]   /mnt/host/source/src/platform/ec/build/zephyr/winterhold/build-rw/modules/ec/zephyr/CMakeFiles/ec_shim.dir/shim/src/usba.c.gcno:no functions found
[/mnt/host/source/src/platform/ec/build/zephyr/winterhold-lcov] stderr:
[crystaldrift:ro] [251/416] Building C object zephyr/lib/libc/minimal/CMakeFiles/lib__libc__minimal.dir/source/stdout/fprintf.c.obj
[crystaldrift:ro] [252/416] Building C object zephyr/lib/libc/minimal/CMakeFiles/lib__libc__minimal.dir/source/stdout/sprintf.c.obj
[crystaldrift:rw] [397/418] Building C object zephyr/kernel/CMakeFiles/kernel.dir/kheap.c.obj
[crystaldrift:rw] [398/418] Building C object zephyr/kernel/CMakeFiles/kernel.dir/float.c.obj
[crystaldrift:ro] [253/416] Building C object zephyr/lib/libc/common/CMakeFiles/lib__libc__common.dir/source/time/gmtime_r.c.obj
[crystaldrift:rw] [399/418] Building C object zephyr/kernel/CMakeFiles/kernel.dir/idle.c.obj
[crystaldrift:ro] [254/416] Building C object zephyr/lib/libc/common/CMakeFiles/lib__libc__common.dir/source/time/asctime.c.obj
[crystaldrift:ro] [255/416] Building C object zephyr/lib/libc/common/CMakeFiles/lib__libc__common.dir/source/time/localtime_r_utc.c.obj
[skywalker-tps6699x:ro] [66/365] Building C object zephyr/CMakeFiles/zephyr.dir/drivers/flash/flash_util.c.obj
[crystaldrift:ro] [256/416] Building C object zephyr/lib/libc/minimal/CMakeFiles/lib__libc__minimal.dir/source/time/gmtime.c.obj
[crystaldrift:rw] [400/418] Building C object zephyr/kernel/CMakeFiles/kernel.dir/mailbox.c.obj
[crystaldrift:ro] [257/416] Building C object zephyr/lib/libc/common/CMakeFiles/lib__libc__common.dir/source/time/ctime.c.obj
[skywalker-tps6699x:ro] [67/365] Linking C static library zephyr/libzephyr.a
[crystaldrift:ro] [258/416] Linking C static library zephyr/lib/libc/minimal/liblib__libc__minimal.a
[crystaldrift:ro] [259/416] Building C object zephyr/lib/libc/common/CMakeFiles/lib__libc__common.dir/source/stdlib/abort.c.obj
[crystaldrift:ro] [260/416] Building C object zephyr/lib/libc/common/CMakeFiles/lib__libc__common.dir/source/time/time.c.obj
[crystaldrift:ro] [261/416] Building C object zephyr/lib/libc/common/CMakeFiles/lib__libc__common.dir/source/string/strnlen.c.obj
[crystaldrift:rw] [401/418] Building C object zephyr/kernel/CMakeFiles/kernel.dir/msg_q.c.obj
[crystaldrift:rw] [402/418] Building C object zephyr/kernel/CMakeFiles/kernel.dir/mutex.c.obj
[crystaldrift:ro] [262/416] Building C object zephyr/lib/posix/c_lib_ext/CMakeFiles/lib__posix__c_lib_ext.dir/fnmatch.c.obj
[crystaldrift:ro] [263/416] Building C object zephyr/subsys/crc/CMakeFiles/subsys__crc.dir/crc4_sw.c.obj
[crystaldrift:ro] [264/416] Building C object zephyr/subsys/crc/CMakeFiles/subsys__crc.dir/crc8_sw.c.obj
[crystaldrift:rw] [403/418] Building C object zephyr/kernel/CMakeFiles/kernel.dir/sem.c.obj
[crystaldrift:ro] [265/416] Building C object zephyr/subsys/crc/CMakeFiles/subsys__crc.dir/crc16_sw.c.obj
[crystaldrift:rw] [404/418] Building C object zephyr/kernel/CMakeFiles/kernel.dir/queue.c.obj
[crystaldrift:ro] [266/416] Building C object zephyr/subsys/crc/CMakeFiles/subsys__crc.dir/crc7_sw.c.obj
[crystaldrift:rw] [405/418] Building C object zephyr/kernel/CMakeFiles/kernel.dir/stack.c.obj
[crystaldrift:rw] [406/418] Building C object zephyr/kernel/CMakeFiles/kernel.dir/system_work_q.c.obj
[crystaldrift:ro] [267/416] Building C object zephyr/subsys/crc/CMakeFiles/subsys__crc.dir/crc24_sw.c.obj
[crystaldrift:ro] [268/416] Building C object zephyr/subsys/crc/CMakeFiles/subsys__crc.dir/crc32c_sw.c.obj
[skywalker-tps6699x:ro] [68/365] Building C object zephyr/arch/common/CMakeFiles/arch__common.dir/sw_isr_common.c.obj
[crystaldrift:ro] [269/416] Building C object zephyr/lib/libc/common/CMakeFiles/lib__libc__common.dir/source/stdlib/malloc.c.obj
[crystaldrift:ro] [270/416] Building C object zephyr/subsys/crc/CMakeFiles/subsys__crc.dir/crc32_sw.c.obj
[/mnt/host/source/src/platform/ec/build/zephyr/kingler-lcov]   /mnt/host/source/src/platform/ec/build/zephyr/kingler/build-ro/zephyr/CMakeFiles/zephyr.dir/subsys/shell/modules/kernel_service/kernel_shell.c.gcno:no functions found
[/mnt/host/source/src/platform/ec/build/zephyr/kingler-lcov] stderr:
[crystaldrift:ro] [271/416] Linking C static library zephyr/lib/libc/common/liblib__libc__common.a
[crystaldrift:ro] [272/416] Building C object zephyr/subsys/crc/CMakeFiles/subsys__crc.dir/crc32k_4_2_sw.c.obj
[crystaldrift:rw] [407/418] Building C object zephyr/kernel/CMakeFiles/kernel.dir/work.c.obj
[crystaldrift:ro] [273/416] Linking C static library zephyr/subsys/crc/libsubsys__crc.a
[crystaldrift:ro] [274/416] Building C object zephyr/lib/posix/c_lib_ext/CMakeFiles/lib__posix__c_lib_ext.dir/getentropy.c.obj
[crystaldrift:ro] [275/416] Building C object zephyr/lib/posix/c_lib_ext/CMakeFiles/lib__posix__c_lib_ext.dir/getopt_shim.c.obj
[crystaldrift:rw] [408/418] Building C object zephyr/kernel/CMakeFiles/kernel.dir/condvar.c.obj
[crystaldrift:rw] [409/418] Building C object zephyr/kernel/CMakeFiles/kernel.dir/thread.c.obj
[crystaldrift:ro] [276/416] Linking C static library zephyr/lib/posix/c_lib_ext/liblib__posix__c_lib_ext.a
[/mnt/host/source/src/platform/ec/build/zephyr/kingler-lcov]   /mnt/host/source/src/platform/ec/build/zephyr/kingler/build-ro/zephyr/CMakeFiles/zephyr.dir/lib/libc/validate_libc.c.gcno:no functions found
[/mnt/host/source/src/platform/ec/build/zephyr/kingler-lcov] stderr:
[/mnt/host/source/src/platform/ec/build/zephyr/mtlrvpp_m1723-lcov]   /mnt/host/source/src/platform/ec/build/zephyr/mtlrvpp_m1723/build-rw/modules/ec/zephyr/CMakeFiles/ec_shim.dir/shim/src/bb_retimer_usb_mux.c.gcno:no functions found
[/mnt/host/source/src/platform/ec/build/zephyr/mtlrvpp_m1723-lcov] stderr:
[skywalker-tps6699x:ro] [69/365] Building C object zephyr/arch/common/CMakeFiles/arch__common.dir/init.c.obj
[crystaldrift:rw] [410/418] Building C object zephyr/kernel/CMakeFiles/kernel.dir/timeout.c.obj
[crystaldrift:rw] [411/418] Building C object zephyr/kernel/CMakeFiles/kernel.dir/timer.c.obj
[crystaldrift:rw] [412/418] Building C object zephyr/kernel/CMakeFiles/kernel.dir/pipe.c.obj
[crystaldrift:rw] [413/418] Building C object zephyr/kernel/CMakeFiles/kernel.dir/sched.c.obj
[crystaldrift:ro] [277/416] Building C object zephyr/drivers/interrupt_controller/CMakeFiles/drivers__interrupt_controller.dir/intc_miwu.c.obj
[crystaldrift:ro] [278/416] Building C object zephyr/drivers/bbram/CMakeFiles/drivers__bbram.dir/bbram_npcx.c.obj
[crystaldrift:rw] [414/418] Building C object zephyr/kernel/CMakeFiles/kernel.dir/poll.c.obj
[crystaldrift:ro] [279/416] Linking C static library zephyr/drivers/interrupt_controller/libdrivers__interrupt_controller.a
[crystaldrift:ro] [280/416] Building C object zephyr/drivers/clock_control/CMakeFiles/drivers__clock_control.dir/clock_control_npcx.c.obj
[crystaldrift:ro] [281/416] Linking C static library zephyr/drivers/bbram/libdrivers__bbram.a
[crystaldrift:ro] [282/416] Building C object zephyr/drivers/adc/CMakeFiles/drivers__adc.dir/adc_common.c.obj
[skywalker-tps6699x:rw] Building: /usr/bin/ninja -C /mnt/host/source/src/platform/ec/build/zephyr/skywalker-tps6699x/build-rw all.libraries
Running `env -i SHELL=/bin/bash COLORTERM=truecolor DEPOT_TOOLS_UPDATE=0 LESS='-R -M --shift 5' SUDO_GID=0 JDK_HOME=/etc/java-config-2/current-system-vm CONFIG_PROTECT_MASK='/etc/gentoo-release /etc/sandbox.d /etc/fonts/fonts.conf /etc/terminfo /etc/ca-certificates.conf /etc/revdep-rebuild' CHROMEOS_CACHEDIR=/var/cache/chromeos-cache JAVA_HOME=/etc/java-config-2/current-system-vm SSH_AUTH_SOCK=/tmp/ssh-auth-sock SUDO_COMMAND=/bin/bash SUDO_USER=root SUDO_TTY=/dev/pts/2 EDITOR=/usr/bin/vi PWD=/mnt/host/source/src/platform/ec CONFIG_PROTECT=/usr/share/gnupg/qualified.txt LOGNAME=jpmurphy MANPATH=/etc/java-config-2/current-system-vm/man:/usr/local/share/man:/usr/share/man:/usr/share/gcc-data/x86_64-pc-linux-gnu/10.2.0/man:/usr/share/binutils-data/x86_64-pc-linux-gnu/2.45/man:/etc/java-config-2/current-system-vm/man/ SUDO_HOME=/root XAUTHORITY=/run/user/944457/gdm/Xauthority HOME=/home/jpmurphy LANG=C.UTF-8 LS_COLORS='rs=0:di=01;34:ln=01;36:mh=00:pi=40;33:so=01;35:do=01;35:bd=40;33;01:cd=40;33;01:or=01;05;37;41:mi=01;05;37;41:su=37;41:sg=30;43:ca=30;41:tw=30;42:ow=34;42:st=37;44:ex=01;32:*.tar=01;31:*.tgz=01;31:*.arc=01;31:*.arj=01;31:*.taz=01;31:*.lha=01;31:*.lz4=01;31:*.lzh=01;31:*.lzma=01;31:*.tlz=01;31:*.txz=01;31:*.tzo=01;31:*.t7z=01;31:*.zip=01;31:*.z=01;31:*.dz=01;31:*.gz=01;31:*.lrz=01;31:*.lz=01;31:*.lzo=01;31:*.xz=01;31:*.zst=01;31:*.tzst=01;31:*.bz2=01;31:*.bz=01;31:*.tbz=01;31:*.tbz2=01;31:*.tz=01;31:*.deb=01;31:*.rpm=01;31:*.jar=01;31:*.war=01;31:*.ear=01;31:*.sar=01;31:*.rar=01;31:*.alz=01;31:*.ace=01;31:*.zoo=01;31:*.cpio=01;31:*.7z=01;31:*.rz=01;31:*.cab=01;31:*.wim=01;31:*.swm=01;31:*.dwm=01;31:*.esd=01;31:*.jpg=01;35:*.jpeg=01;35:*.mjpg=01;35:*.mjpeg=01;35:*.gif=01;35:*.bmp=01;35:*.pbm=01;35:*.pgm=01;35:*.ppm=01;35:*.tga=01;35:*.xbm=01;35:*.xpm=01;35:*.tif=01;35:*.tiff=01;35:*.png=01;35:*.svg=01;35:*.svgz=01;35:*.mng=01;35:*.pcx=01;35:*.mov=01;35:*.mpg=01;35:*.mpeg=01;35:*.m2v=01;35:*.mkv=01;35:*.webm=01;35:*.webp=01;35:*.ogm=01;35:*.mp4=01;35:*.m4v=01;35:*.mp4v=01;35:*.vob=01;35:*.qt=01;35:*.nuv=01;35:*.wmv=01;35:*.asf=01;35:*.rm=01;35:*.rmvb=01;35:*.flc=01;35:*.avi=01;35:*.fli=01;35:*.flv=01;35:*.gl=01;35:*.dl=01;35:*.xcf=01;35:*.xwd=01;35:*.yuv=01;35:*.cgm=01;35:*.emf=01;35:*.ogv=01;35:*.ogx=01;35:*.cfg=00;32:*.conf=00;32:*.diff=00;32:*.doc=00;32:*.ini=00;32:*.log=00;32:*.patch=00;32:*.pdf=00;32:*.ps=00;32:*.tex=00;32:*.txt=00;32:*.aac=00;36:*.au=00;36:*.flac=00;36:*.m4a=00;36:*.mid=00;36:*.midi=00;36:*.mka=00;36:*.mp3=00;36:*.mpc=00;36:*.ogg=00;36:*.ra=00;36:*.wav=00;36:*.oga=00;36:*.opus=00;36:*.spx=00;36:*.xspf=00;36:' XDG_CURRENT_DESKTOP=GNOME INFOPATH=/usr/share/info:/usr/share/gcc-data/x86_64-pc-linux-gnu/10.2.0/info:/usr/share/binutils-data/x86_64-pc-linux-gnu/2.45/info:/usr/share/automake-1.16.5/info JAVAC=/etc/java-config-2/current-system-vm/bin/javac TERM=xterm-256color LESSOPEN='|lesspipe %s' USER=jpmurphy CROS_WORKON_SRCROOT=/mnt/host/source MANPAGER=manpager DISPLAY=:1 SHLVL=1 LC_MESSAGES=C EXTERNAL_TRUNK_PATH=/mnt/8f9d649a-3721-44cc-93c0-e6bd21a9689f/chromiumos GCC_SPECS='' PATH=/mnt/host/source/chromite/bin:/usr/local/bin:/usr/bin:/bin:/opt/bin:/mnt/host/source/chromite/sdk/bin:/mnt/host/source/chromite/bin PORTAGE_USERNAME=jpmurphy SUDO_UID=0 GCC_VER=10.2.0 MAIL=/var/mail/jpmurphy OLDPWD=/mnt/host/source/src/scripts traceparent=00-e87aca51550a78635907baa6a2476181-6d684811675d2973-01 _=./zephyr/firmware_builder.py COREBOOT_SDK_ROOT_x86=/home/jpmurphy/.cache/coreboot-sdk/i386-elf/dfbb0486385d938cfa9d73080b9d18d598ed4f49 COREBOOT_SDK_ROOT_picolibc_x86=/home/jpmurphy/.cache/coreboot-sdk/picolibc-i386-elf/eb8e8e687b95461de8cbf278f1c2076952d0ad17 COREBOOT_SDK_ROOT_riscv64=/home/jpmurphy/.cache/coreboot-sdk/riscv64-elf/96b949749225b6aaa92ed810ab769e8dfb12f000 COREBOOT_SDK_ROOT_picolibc_arm=/home/jpmurphy/.cache/coreboot-sdk/picolibc-arm-eabi/422a2aa3e1ef891b5bece9a3deb696ff83840d2e COREBOOT_SDK_ROOT_nds32=/home/jpmurphy/.cache/coreboot-sdk/nds32le-elf/d1a518c4a097666d86058e1444f85ca015d15511 COREBOOT_SDK_ROOT_picolibc_riscv64=/home/jpmurphy/.cache/coreboot-sdk/picolibc-riscv64-elf/f571e990ef0278564b31124f8bb109d9a697eb69 COREBOOT_SDK_ROOT_arm=/home/jpmurphy/.cache/coreboot-sdk/arm-eabi/ea40ddd1d190c3b48435c474c0b545719371813a COREBOOT_SDK_ROOT_libstdcxx_riscv64=/home/jpmurphy/.cache/coreboot-sdk/libstdcxx-riscv64-elf/17abf22a3a252e2d5d2062ced5324f7a623689e0 COREBOOT_SDK_ROOT_libstdcxx_arm=/home/jpmurphy/.cache/coreboot-sdk/libstdcxx-arm-eabi/5d7d82e150e44aa1968f1d366e267e6687b328ac COREBOOT_SDK_ROOT_riscv=/home/jpmurphy/.cache/coreboot-sdk/riscv-elf/9a27b9e82341c6e9126624f516ab3f261abb3e73 COREBOOT_SDK_ROOT_libstdcxx_x86=/home/jpmurphy/.cache/coreboot-sdk/libstdcxx-i386-elf/42ef9d2e87a76a37963175d7d428734e65648b87 PYTHONPATH=/mnt/host/source/src/platform/ec/zephyr/zmake PW_PIGWEED_CIPD_INSTALL_DIR=/usr CROSTC_USER_ACKNOWLEDGES_THAT_RISCV_IS_EXPERIMENTAL=1 MAKEFLAGS=' -j16 --jobserver-auth=5,6' /usr/bin/ninja -C /mnt/host/source/src/platform/ec/build/zephyr/skywalker-tps6699x/build-rw all.libraries`
[crystaldrift:rw] [415/418] Building C object zephyr/kernel/CMakeFiles/kernel.dir/mempool.c.obj
[skywalker-tps6699x:rw] ninja: Entering directory `/mnt/host/source/src/platform/ec/build/zephyr/skywalker-tps6699x/build-rw'
[crystaldrift:ro] [283/416] Linking C static library zephyr/drivers/clock_control/libdrivers__clock_control.a
[crystaldrift:rw] [416/418] Building C object zephyr/kernel/CMakeFiles/kernel.dir/events.c.obj
[skywalker-tps6699x:rw] [1/365] Preparing syscall dependency handling
[skywalker-tps6699x:ro] [70/365] Building C object zephyr/arch/common/CMakeFiles/arch__common.dir/xip.c.obj
[crystaldrift:ro] [284/416] Building C object zephyr/drivers/adc/CMakeFiles/drivers__adc.dir/adc_npcx.c.obj
[crystaldrift:rw] [417/418] Building C object zephyr/kernel/CMakeFiles/kernel.dir/dynamic_disabled.c.obj
[skywalker-tps6699x:rw] [2/365] Generating misc/generated/syscalls_subdirs.trigger
[crystaldrift:ro] [285/416] Linking C static library zephyr/drivers/adc/libdrivers__adc.a
[crystaldrift:rw] [418/418] Linking C static library zephyr/kernel/libkernel.a
[crystaldrift:ro] [286/416] Building C object zephyr/drivers/console/CMakeFiles/drivers__console.dir/uart_console.c.obj
[crystaldrift:ro] [287/416] Linking C static library zephyr/drivers/console/libdrivers__console.a
[/mnt/host/source/src/platform/ec/build/zephyr/kingler-lcov]   /mnt/host/source/src/platform/ec/build/zephyr/kingler/build-ro/zephyr/CMakeFiles/zephyr.dir/lib/utils/last_section_id.c.gcno:no functions found
[/mnt/host/source/src/platform/ec/build/zephyr/kingler-lcov] stderr:
[skywalker-tps6699x:rw] [3/365] Generating include/generated/zephyr/version.h
[skywalker-tps6699x:rw] -- git describe warned: warning: tag 'upstream/v2.7.99' is externally known as 'v2.7.99'
[crystaldrift:ro] [288/416] Building C object zephyr/drivers/eeprom/CMakeFiles/drivers__eeprom.dir/eeprom_shell.c.obj
[skywalker-tps6699x:ro] [71/365] Building C object zephyr/arch/common/CMakeFiles/isr_tables.dir/isr_tables.c.obj
[crystaldrift:ro] [289/416] Building C object zephyr/drivers/eeprom/CMakeFiles/drivers__eeprom.dir/eeprom_at2x.c.obj
[crystaldrift:ro] [290/416] Building C object zephyr/drivers/flash/CMakeFiles/drivers__flash.dir/jesd216.c.obj
[skywalker-tps6699x:rw] -- Zephyr version: 4.3.99 (/mnt/host/source/src/third_party/zephyr/main)
[skywalker-tps6699x:rw] [4/365] cd /mnt/host/source/src/platform/ec/build/zephyr/skywalker-tps6699x/build-rw/modules/ec/zephyr && PYTHONPATH=/mnt/host/source/src/platform/ec/build/zephyr/skywalker-tps6699x/modules/ec/zephyr/zmake/ /usr/bin/python3.11 /mnt/host/source/src/platform/ec/build/zephyr/skywalker-tps6699x/modules/ec/zephyr/zmake/zephyr_build_tools/generate_ec_version.py /mnt/host/source/src/platform/ec/build/zephyr/skywalker-tps6699x/build-rw/modules/ec/zephyr/include/ec_version.h --name Zephyr-Kernel --version 16543.0.0 --static
[skywalker-tps6699x:rw] INFO:root:Using a static version string
[skywalker-tps6699x:ro] [72/365] Linking C static library zephyr/arch/common/libisr_tables.a
[crystaldrift:ro] [291/416] Building C object zephyr/drivers/espi/CMakeFiles/drivers__espi.dir/host_subs_npcx.c.obj
[crystaldrift:ro] [292/416] Linking C static library zephyr/drivers/eeprom/libdrivers__eeprom.a
[skywalker-tps6699x:ro] [73/365] Linking C static library zephyr/arch/common/libarch__common.a
[crystaldrift:ro] [293/416] Building C object zephyr/drivers/flash/CMakeFiles/drivers__flash.dir/flash_npcx_fiu_nor.c.obj
[crystaldrift:ro] [294/416] Building C object zephyr/drivers/espi/CMakeFiles/drivers__espi.dir/espi_npcx.c.obj
[skywalker-tps6699x:ro] [74/365] Building C object zephyr/arch/arch/arm/core/CMakeFiles/arch__arm__core.dir/fatal.c.obj
[crystaldrift:ro] [295/416] Linking C static library zephyr/drivers/espi/libdrivers__espi.a
[skywalker-tps6699x:ro] [75/365] Building ASM object zephyr/arch/arch/arm/core/CMakeFiles/arch__arm__core.dir/nmi_on_reset.S.obj
[skywalker-tps6699x:rw] INFO:root:Version string: Zephyr-Kernel-16543.0.0
[skywalker-tps6699x:rw] INFO:root:Writing header to /mnt/host/source/src/platform/ec/build/zephyr/skywalker-tps6699x/build-rw/modules/ec/zephyr/include/ec_version.h
[skywalker-tps6699x:ro] [76/365] Building C object zephyr/arch/arch/arm/core/CMakeFiles/arch__arm__core.dir/nmi.c.obj
[skywalker-tps6699x:rw] [5/365] Generating misc/generated/syscalls.json, misc/generated/struct_tags.json
[/mnt/host/source/src/platform/ec/build/zephyr/winterhold-lcov]   /mnt/host/source/src/platform/ec/build/zephyr/winterhold/build-rw/modules/ec/zephyr/CMakeFiles/ec_shim.dir/shim/src/bc12.c.gcno:no functions found
[/mnt/host/source/src/platform/ec/build/zephyr/winterhold-lcov] stderr:
[crystaldrift:ro] [296/416] Building C object zephyr/drivers/flash/CMakeFiles/drivers__flash.dir/flash_npcx_fiu_qspi.c.obj
[skywalker-tps6699x:ro] [77/365] Linking C static library zephyr/arch/arch/arm/core/libarch__arm__core.a
[crystaldrift:ro] [297/416] Linking C static library zephyr/drivers/flash/libdrivers__flash.a
[skywalker-tps6699x:rw] [6/365] Generating include/generated/zephyr/syscall_dispatch.c, include/generated/zephyr/syscall_exports_llext.c, syscall_weakdefs_llext.c, include/generated/zephyr/syscall_list.h
[crystaldrift:ro] [298/416] Building C object zephyr/drivers/gpio/CMakeFiles/drivers__gpio.dir/gpio_nct38xx.c.obj
[skywalker-tps6699x:ro] [78/365] Building ASM object zephyr/arch/arch/arm/core/cortex_m/CMakeFiles/arch__arm__core__cortex_m.dir/fault_s.S.obj
[skywalker-tps6699x:rw] [7/365] Generating include/generated/zephyr/driver-validation.h
[skywalker-tps6699x:rw] [8/365] Generating include/generated/zephyr/kobj-types-enum.h, include/generated/zephyr/otype-to-str.h, include/generated/zephyr/otype-to-size.h
[skywalker-tps6699x:ro] [79/365] Building C object zephyr/arch/arch/arm/core/cortex_m/CMakeFiles/arch__arm__core__cortex_m.dir/exc_exit.c.obj
[crystaldrift:ro] [299/416] Building C object zephyr/drivers/i2c/CMakeFiles/drivers__i2c.dir/i2c_common.c.obj
[crystaldrift:ro] [300/416] Building C object zephyr/drivers/gpio/CMakeFiles/drivers__gpio.dir/gpio_nct38xx_port.c.obj
[crystaldrift:ro] [301/416] Building C object zephyr/drivers/i2c/CMakeFiles/drivers__i2c.dir/i2c_shell.c.obj
[skywalker-tps6699x:rw] [9/365] Generating include/generated/device-api-sections.ld, include/generated/device-api-sections.cmake
[crystaldrift:ro] [302/416] Building C object zephyr/drivers/gpio/CMakeFiles/drivers__gpio.dir/gpio_npcx.c.obj
[crystaldrift:ro] [303/416] Building C object zephyr/drivers/i2c/CMakeFiles/drivers__i2c.dir/i2c_npcx_controller_fifo.c.obj
[crystaldrift:ro] [304/416] Building C object zephyr/drivers/i2c/CMakeFiles/drivers__i2c.dir/i2c_npcx_controller.c.obj
[crystaldrift:ro] [305/416] Linking C static library zephyr/drivers/gpio/libdrivers__gpio.a
[skywalker-tps6699x:ro] [80/365] Building C object zephyr/arch/arch/arm/core/cortex_m/CMakeFiles/arch__arm__core__cortex_m.dir/fault.c.obj
[crystaldrift:ro] [306/416] Building C object zephyr/drivers/sensor/CMakeFiles/drivers__sensor.dir/mnt/host/source/src/third_party/zephyr/main/misc/empty_file.c.obj
[crystaldrift:ro] [307/416] Building C object zephyr/drivers/i2c/CMakeFiles/drivers__i2c.dir/i2c_npcx_port.c.obj
[crystaldrift:ro] [308/416] Building C object zephyr/drivers/pinctrl/CMakeFiles/drivers__pinctrl.dir/common.c.obj
[crystaldrift:ro] [309/416] Linking C static library zephyr/drivers/sensor/libdrivers__sensor.a
[crystaldrift:ro] [310/416] Linking C static library zephyr/drivers/i2c/libdrivers__i2c.a
[crystaldrift:ro] [311/416] Building C object zephyr/drivers/mfd/CMakeFiles/drivers__mfd.dir/mfd_nct38xx.c.obj
[skywalker-tps6699x:ro] [81/365] Building C object zephyr/arch/arch/arm/core/cortex_m/CMakeFiles/arch__arm__core__cortex_m.dir/fpu.c.obj
[crystaldrift:ro] [312/416] Linking C static library zephyr/drivers/mfd/libdrivers__mfd.a
[crystaldrift:ro] [313/416] Building C object zephyr/drivers/pinctrl/CMakeFiles/drivers__pinctrl.dir/pinctrl_npcx.c.obj
[skywalker-tps6699x:ro] [82/365] Building ASM object zephyr/arch/arch/arm/core/cortex_m/CMakeFiles/arch__arm__core__cortex_m.dir/reset.S.obj
[skywalker-tps6699x:rw] [10/365] Building C object zephyr/CMakeFiles/offsets.dir/arch/arm/core/offsets/offsets.c.obj
[crystaldrift:ro] [314/416] Linking C static library zephyr/drivers/pinctrl/libdrivers__pinctrl.a
[crystaldrift:ro] [315/416] Building C object zephyr/drivers/pwm/CMakeFiles/drivers__pwm.dir/pwm_shell.c.obj
[skywalker-tps6699x:rw] [11/365] Generating include/generated/zephyr/offsets.h
[skywalker-tps6699x:ro] [83/365] Building C object zephyr/arch/arch/arm/core/cortex_m/CMakeFiles/arch__arm__core__cortex_m.dir/scb.c.obj
[crystaldrift:ro] [316/416] Building C object zephyr/drivers/pwm/CMakeFiles/drivers__pwm.dir/pwm_npcx.c.obj
[skywalker-tps6699x:ro] [84/365] Building ASM object zephyr/arch/arch/arm/core/cortex_m/CMakeFiles/arch__arm__core__cortex_m.dir/vector_table.S.obj
[crystaldrift:ro] [317/416] Linking C static library zephyr/drivers/pwm/libdrivers__pwm.a
[crystaldrift:ro] [318/416] Building C object zephyr/drivers/serial/CMakeFiles/drivers__serial.dir/uart_npcx.c.obj
[crystaldrift:ro] [319/416] Building C object zephyr/drivers/syscon/CMakeFiles/drivers__syscon.dir/syscon.c.obj
[crystaldrift:ro] [320/416] Building C object zephyr/drivers/sensor/nuvoton/nuvoton_tach_npcx/CMakeFiles/drivers__sensor__nuvoton__nuvoton_tach_npcx.dir/tach_nuvoton_npcx.c.obj
[crystaldrift:ro] [321/416] Linking C static library zephyr/drivers/serial/libdrivers__serial.a
[crystaldrift:ro] [322/416] Linking C static library zephyr/drivers/sensor/nuvoton/nuvoton_tach_npcx/libdrivers__sensor__nuvoton__nuvoton_tach_npcx.a
[crystaldrift:ro] [323/416] Building C object zephyr/drivers/timer/CMakeFiles/drivers__timer.dir/sys_clock_init.c.obj
[crystaldrift:ro] [324/416] Linking C static library zephyr/drivers/syscon/libdrivers__syscon.a
[skywalker-tps6699x:ro] [85/365] Building C object zephyr/arch/arch/arm/core/cortex_m/CMakeFiles/arch__arm__core__cortex_m.dir/thread_abort.c.obj
[crystaldrift:ro] [325/416] Building C object zephyr/drivers/timer/CMakeFiles/drivers__timer.dir/npcx_itim_timer.c.obj
[crystaldrift:ro] [326/416] Building C object zephyr/drivers/watchdog/CMakeFiles/drivers__watchdog.dir/wdt_npcx.c.obj
[crystaldrift:ro] [327/416] Linking C static library zephyr/drivers/timer/libdrivers__timer.a
[crystaldrift:ro] [328/416] Building C object zephyr/drivers/watchdog/CMakeFiles/drivers__watchdog.dir/wdt_shell.c.obj
[crystaldrift:ro] [329/416] Linking C static library zephyr/drivers/watchdog/libdrivers__watchdog.a
[skywalker-tps6699x:ro] [86/365] Building C object zephyr/arch/arch/arm/core/cortex_m/CMakeFiles/arch__arm__core__cortex_m.dir/irq_manage.c.obj
[skywalker-tps6699x:ro] [87/365] Building ASM object zephyr/arch/arch/arm/core/cortex_m/CMakeFiles/arch__arm__core__cortex_m.dir/swap_helper.S.obj
[skywalker-tps6699x:rw] [12/365] Building C object CMakeFiles/app.dir/mnt/host/source/src/platform/ec/zephyr/subsys/ap_pwrseq/ap_events.c.obj
[crystaldrift:ro] [330/416] Building C object modules/ec/zephyr/CMakeFiles/ec_shim.dir/app/ec/ec_app_main.c.obj
[crystaldrift:ro] [331/416] Building C object modules/ec/zephyr/CMakeFiles/ec_shim.dir/app/ec/main_shim.c.obj
[skywalker-tps6699x:ro] [88/365] Building C object zephyr/arch/arch/arm/core/cortex_m/CMakeFiles/arch__arm__core__cortex_m.dir/prep_c.c.obj
[crystaldrift:ro] [332/416] Building C object modules/ec/zephyr/CMakeFiles/ec_shim.dir/drivers/cros_kb_raw/cros_kb_raw_npcx.c.obj
[crystaldrift:ro] [333/416] Building C object modules/ec/zephyr/CMakeFiles/ec_shim.dir/shim/chip/npcx/clock.c.obj
[crystaldrift:ro] [334/416] Building C object modules/ec/zephyr/CMakeFiles/ec_shim.dir/drivers/cros_kblight/pwm_kblight.c.obj
[crystaldrift:ro] [335/416] Building C object modules/ec/zephyr/CMakeFiles/ec_shim.dir/drivers/cros_system/cros_system_npcx.c.obj
[crystaldrift:ro] [336/416] Building C object modules/ec/zephyr/CMakeFiles/ec_shim.dir/drivers/vivaldi_kbd/vivaldi_kbd.c.obj
[skywalker-tps6699x:ro] [89/365] Building C object zephyr/arch/arch/arm/core/cortex_m/CMakeFiles/arch__arm__core__cortex_m.dir/cpu_idle.c.obj
[crystaldrift:ro] [337/416] Building C object modules/ec/zephyr/CMakeFiles/ec_shim.dir/drivers/cros_flash/cros_flash_npcx.c.obj
[skywalker-tps6699x:ro] [90/365] Building C object zephyr/arch/arch/arm/core/cortex_m/CMakeFiles/arch__arm__core__cortex_m.dir/thread.c.obj
[crystaldrift:ro] [338/416] Building C object modules/ec/zephyr/CMakeFiles/ec_shim.dir/shim/chip/npcx/gpio.c.obj
[crystaldrift:ro] [339/416] Building C object modules/ec/zephyr/CMakeFiles/ec_shim.dir/shim/src/crc.c.obj
[skywalker-tps6699x:rw] [13/365] Building C object CMakeFiles/app.dir/mnt/host/source/src/platform/ec/zephyr/subsys/pd_controller/pdc_pmc_debug.c.obj
[skywalker-tps6699x:ro] [91/365] Building C object zephyr/arch/arch/arm/core/cortex_m/CMakeFiles/arch__arm__core__cortex_m.dir/irq_init.c.obj
[crystaldrift:ro] [340/416] Building C object modules/ec/zephyr/CMakeFiles/ec_shim.dir/shim/chip/npcx/rom_chip.c.obj
[crystaldrift:ro] [341/416] Building C object modules/ec/zephyr/CMakeFiles/ec_shim.dir/shim/chip/npcx/keyboard_raw.c.obj
[skywalker-tps6699x:ro] [92/365] Building C object zephyr/arch/arch/arm/core/cortex_m/CMakeFiles/arch__arm__core__cortex_m.dir/isr_wrapper.c.obj
[skywalker-tps6699x:ro] [93/365] Linking C static library zephyr/arch/arch/arm/core/cortex_m/libarch__arm__core__cortex_m.a
[crystaldrift:ro] [342/416] Building C object modules/ec/zephyr/CMakeFiles/ec_shim.dir/shim/chip/npcx/system.c.obj
[skywalker-tps6699x:ro] [94/365] Building C object zephyr/arch/arch/arm/core/mpu/CMakeFiles/arch__arm__core__mpu.dir/arm_core_mpu.c.obj
[crystaldrift:ro] [343/416] Building C object modules/ec/zephyr/CMakeFiles/ec_shim.dir/shim/chip/npcx/power_policy.c.obj
[crystaldrift:ro] [344/416] Building C object modules/ec/zephyr/CMakeFiles/ec_shim.dir/shim/core/cortex-m/mpu.c.obj
[crystaldrift:ro] [345/416] Building C object modules/ec/zephyr/CMakeFiles/ec_shim.dir/shim/chip/npcx/system_external_storage.c.obj
[skywalker-tps6699x:ro] [95/365] Generating ../../../include/generated/libc/minimal/strerror_table.h
[crystaldrift:ro] [346/416] Building C object modules/ec/zephyr/CMakeFiles/ec_shim.dir/shim/core/cortex-m/panic.c.obj
[crystaldrift:ro] [347/416] Building C object modules/ec/zephyr/CMakeFiles/ec_shim.dir/shim/src/console.c.obj
[skywalker-tps6699x:ro] [96/365] Building C object zephyr/lib/libc/minimal/CMakeFiles/lib__libc__minimal.dir/source/stdlib/atoi.c.obj
[skywalker-tps6699x:ro] [97/365] Building C object zephyr/arch/arch/arm/core/mpu/CMakeFiles/arch__arm__core__mpu.dir/arm_mpu.c.obj
[skywalker-tps6699x:ro] [98/365] Building C object zephyr/lib/libc/minimal/CMakeFiles/lib__libc__minimal.dir/source/stdlib/strtol.c.obj
[skywalker-tps6699x:ro] [99/365] Building C object zephyr/lib/libc/minimal/CMakeFiles/lib__libc__minimal.dir/source/stdlib/strtoul.c.obj
[skywalker-tps6699x:ro] [100/365] Building C object zephyr/arch/arch/arm/core/mpu/CMakeFiles/arch__arm__core__mpu.dir/arm_mpu_regions.c.obj
[skywalker-tps6699x:ro] [101/365] Linking C static library zephyr/arch/arch/arm/core/mpu/libarch__arm__core__mpu.a
[crystaldrift:ro] [348/416] Building C object modules/ec/zephyr/CMakeFiles/ec_shim.dir/shim/src/panic_utils.c.obj
[crystaldrift:ro] [349/416] Building C object modules/ec/zephyr/CMakeFiles/ec_shim.dir/shim/src/gpio_int.c.obj
[skywalker-tps6699x:ro] [102/365] Building C object zephyr/lib/libc/minimal/CMakeFiles/lib__libc__minimal.dir/source/stdlib/strtoll.c.obj
[crystaldrift:ro] [350/416] Building C object modules/ec/zephyr/CMakeFiles/ec_shim.dir/shim/src/gpio.c.obj
[skywalker-tps6699x:ro] [103/365] Building C object zephyr/lib/libc/minimal/CMakeFiles/lib__libc__minimal.dir/source/stdlib/strtoull.c.obj
[skywalker-tps6699x:ro] [104/365] Building C object zephyr/lib/libc/minimal/CMakeFiles/lib__libc__minimal.dir/source/stdlib/bsearch.c.obj
[crystaldrift:ro] [351/416] Building ASM object modules/ec/zephyr/CMakeFiles/ec_shim.dir/shim/src/libgcc_arm.S.obj
[crystaldrift:ro] [352/416] Building C object modules/ec/zephyr/CMakeFiles/ec_shim.dir/shim/src/pm_state.c.obj
[crystaldrift:ro] [353/416] Building C object modules/ec/zephyr/CMakeFiles/ec_shim.dir/shim/src/cbi/cros_cbi.c.obj
[skywalker-tps6699x:ro] [105/365] Building C object zephyr/lib/libc/minimal/CMakeFiles/lib__libc__minimal.dir/source/string/strerror.c.obj
[crystaldrift:ro] [354/416] Building C object modules/ec/zephyr/CMakeFiles/ec_shim.dir/shim/src/led_driver/led_gpio.c.obj
[crystaldrift:ro] [355/416] Building C object modules/ec/zephyr/CMakeFiles/ec_shim.dir/shim/src/cbi/cros_cbi_fw_config.c.obj
[skywalker-tps6699x:ro] [106/365] Building C object zephyr/lib/libc/minimal/CMakeFiles/lib__libc__minimal.dir/source/stdlib/qsort.c.obj
[skywalker-tps6699x:ro] [107/365] Building C object zephyr/lib/libc/minimal/CMakeFiles/lib__libc__minimal.dir/source/string/strncasecmp.c.obj
[crystaldrift:ro] [356/416] Building C object modules/ec/zephyr/CMakeFiles/ec_shim.dir/shim/src/cbi/cbi_eeprom.c.obj
[skywalker-tps6699x:rw] [14/365] Building C object CMakeFiles/app.dir/mnt/host/source/src/platform/ec/zephyr/subsys/pd_controller/pdc_power_mgmt.c.obj
[skywalker-tps6699x:ro] [108/365] Building C object zephyr/lib/libc/minimal/CMakeFiles/lib__libc__minimal.dir/source/string/strstr.c.obj
[skywalker-tps6699x:ro] [109/365] Building C object zephyr/lib/libc/minimal/CMakeFiles/lib__libc__minimal.dir/source/string/string.c.obj
[crystaldrift:ro] [357/416] Building C object modules/ec/zephyr/CMakeFiles/ec_shim.dir/shim/src/led_driver/led.c.obj
[skywalker-tps6699x:ro] [110/365] Building C object zephyr/lib/libc/minimal/CMakeFiles/lib__libc__minimal.dir/source/string/strspn.c.obj
[skywalker-tps6699x:ro] [111/365] Building C object zephyr/lib/libc/minimal/CMakeFiles/lib__libc__minimal.dir/source/stdlib/exit.c.obj
[crystaldrift:ro] [358/416] Building C object modules/ec/zephyr/CMakeFiles/ec_shim.dir/shim/src/battery.c.obj
[crystaldrift:ro] [359/416] Building C object modules/ec/zephyr/CMakeFiles/ec_shim.dir/shim/src/system.c.obj
[crystaldrift:ro] [360/416] Building C object modules/ec/zephyr/CMakeFiles/ec_shim.dir/shim/src/adc.c.obj
[skywalker-tps6699x:ro] [112/365] Building C object zephyr/lib/libc/minimal/CMakeFiles/lib__libc__minimal.dir/source/stdout/stdout_console.c.obj
[crystaldrift:ro] [361/416] Building C object modules/ec/zephyr/CMakeFiles/ec_shim.dir/shim/src/charger.c.obj
[skywalker-tps6699x:ro] [113/365] Building C object zephyr/lib/libc/minimal/CMakeFiles/lib__libc__minimal.dir/source/stdout/fprintf.c.obj
[crystaldrift:ro] [362/416] Building C object modules/ec/zephyr/CMakeFiles/ec_shim.dir/shim/src/flash.c.obj
[crystaldrift:ro] [363/416] Building C object modules/ec/zephyr/CMakeFiles/ec_shim.dir/shim/src/espi.c.obj
[skywalker-tps6699x:ro] [114/365] Building C object zephyr/lib/libc/minimal/CMakeFiles/lib__libc__minimal.dir/source/stdout/sprintf.c.obj
[crystaldrift:ro] [364/416] Building C object modules/ec/zephyr/CMakeFiles/ec_shim.dir/shim/src/hooks.c.obj
[skywalker-tps6699x:rw] [15/365] Building C object CMakeFiles/app.dir/mnt/host/source/src/platform/ec/zephyr/subsys/pd_controller/pdc_console.c.obj
[crystaldrift:ro] [365/416] Building C object modules/ec/zephyr/CMakeFiles/ec_shim.dir/shim/src/host_command.c.obj
[skywalker-tps6699x:ro] [115/365] Building C object zephyr/lib/libc/minimal/CMakeFiles/lib__libc__minimal.dir/source/math/sqrtf.c.obj
[skywalker-tps6699x:ro] [116/365] Building C object zephyr/lib/libc/minimal/CMakeFiles/lib__libc__minimal.dir/source/math/sqrt.c.obj
[crystaldrift:ro] [366/416] Building C object modules/ec/zephyr/CMakeFiles/ec_shim.dir/shim/src/fan.c.obj
[skywalker-tps6699x:ro] [117/365] Building C object zephyr/lib/libc/common/CMakeFiles/lib__libc__common.dir/source/time/asctime.c.obj
[crystaldrift:ro] [367/416] Building C object modules/ec/zephyr/CMakeFiles/ec_shim.dir/shim/src/mkbp_event.c.obj
[crystaldrift:ro] [368/416] Building C object modules/ec/zephyr/CMakeFiles/ec_shim.dir/shim/src/keyboard_raw.c.obj
[skywalker-tps6699x:ro] [118/365] Building C object zephyr/lib/libc/common/CMakeFiles/lib__libc__common.dir/source/time/gmtime_r.c.obj
[crystaldrift:ro] [369/416] Building C object modules/ec/zephyr/CMakeFiles/ec_shim.dir/shim/src/console_buffer.c.obj
[skywalker-tps6699x:ro] [119/365] Building C object zephyr/lib/libc/minimal/CMakeFiles/lib__libc__minimal.dir/source/time/gmtime.c.obj
[skywalker-tps6699x:ro] [120/365] Linking C static library zephyr/lib/libc/minimal/liblib__libc__minimal.a
[skywalker-tps6699x:ro] [121/365] Building C object zephyr/lib/libc/common/CMakeFiles/lib__libc__common.dir/source/time/localtime_r_utc.c.obj
[crystaldrift:ro] [370/416] Building C object modules/ec/zephyr/CMakeFiles/ec_shim.dir/shim/src/motionsense_sensors.c.obj
[crystaldrift:ro] [371/416] Building C object modules/ec/zephyr/CMakeFiles/ec_shim.dir/shim/src/panic.c.obj
[skywalker-tps6699x:ro] [122/365] Building C object zephyr/lib/libc/common/CMakeFiles/lib__libc__common.dir/source/stdlib/abort.c.obj
[crystaldrift:ro] [372/416] Building C object modules/ec/zephyr/CMakeFiles/ec_shim.dir/shim/src/pwm_hc.c.obj
[crystaldrift:ro] [373/416] Building C object modules/ec/zephyr/CMakeFiles/ec_shim.dir/shim/src/thermal.c.obj
[skywalker-tps6699x:ro] [123/365] Building C object zephyr/lib/libc/common/CMakeFiles/lib__libc__common.dir/source/time/ctime.c.obj
[skywalker-tps6699x:ro] [124/365] Building C object zephyr/lib/libc/common/CMakeFiles/lib__libc__common.dir/source/time/time.c.obj
[crystaldrift:ro] [374/416] Building C object modules/ec/zephyr/CMakeFiles/ec_shim.dir/shim/src/hwtimer.c.obj
[skywalker-tps6699x:rw] [16/365] Building C object CMakeFiles/app.dir/mnt/host/source/src/platform/ec/zephyr/subsys/pd_controller/pdc_host_cmd.c.obj
[skywalker-tps6699x:ro] [125/365] Building C object zephyr/lib/libc/common/CMakeFiles/lib__libc__common.dir/source/string/strnlen.c.obj
[skywalker-tps6699x:ro] [126/365] Building C object zephyr/lib/posix/c_lib_ext/CMakeFiles/lib__posix__c_lib_ext.dir/fnmatch.c.obj
[crystaldrift:ro] [375/416] Building C object modules/ec/zephyr/CMakeFiles/ec_shim.dir/shim/src/temp_sensors.c.obj
[crystaldrift:ro] [376/416] Building C object modules/ec/zephyr/CMakeFiles/ec_shim.dir/shim/src/i2c.c.obj
[crystaldrift:ro] [377/416] Building C object modules/ec/zephyr/CMakeFiles/ec_shim.dir/shim/src/tasks.c.obj
[crystaldrift:ro] [378/416] Building C object modules/ec/zephyr/CMakeFiles/ec_shim.dir/shim/src/watchdog.c.obj
[skywalker-tps6699x:ro] [127/365] Building C object zephyr/lib/libc/common/CMakeFiles/lib__libc__common.dir/source/stdlib/malloc.c.obj
[skywalker-tps6699x:ro] [128/365] Building C object zephyr/lib/posix/c_lib_ext/CMakeFiles/lib__posix__c_lib_ext.dir/getentropy.c.obj
[crystaldrift:ro] [379/416] Building C object modules/ec/zephyr/CMakeFiles/ec_shim.dir/shim/src/bc12.c.obj
[skywalker-tps6699x:ro] [129/365] Linking C static library zephyr/lib/libc/common/liblib__libc__common.a
[crystaldrift:ro] [380/416] Building C object modules/ec/zephyr/CMakeFiles/ec_shim.dir/shim/src/bc12_pi3usb9201.c.obj
[skywalker-tps6699x:ro] [130/365] Building C object zephyr/lib/posix/c_lib_ext/CMakeFiles/lib__posix__c_lib_ext.dir/getopt_shim.c.obj
[skywalker-tps6699x:rw] [17/365] Building C object CMakeFiles/app.dir/mnt/host/source/src/platform/ec/zephyr/subsys/pd_controller/pdc_stub.c.obj
[skywalker-tps6699x:ro] [131/365] Linking C static library zephyr/lib/posix/c_lib_ext/liblib__posix__c_lib_ext.a
[crystaldrift:ro] [381/416] Building C object modules/ec/zephyr/CMakeFiles/ec_shim.dir/shim/src/ppc.c.obj
[crystaldrift:ro] [382/416] Building C object modules/ec/zephyr/CMakeFiles/ec_shim.dir/shim/src/tcpc_nct38xx.c.obj
[crystaldrift:ro] [383/416] Building C object modules/ec/zephyr/CMakeFiles/ec_shim.dir/shim/src/usba.c.obj
[crystaldrift:ro] [384/416] Building C object modules/ec/zephyr/CMakeFiles/ec_shim.dir/shim/src/usb_muxes.c.obj
[crystaldrift:ro] [385/416] Building C object zephyr/kernel/CMakeFiles/kernel.dir/banner.c.obj
[crystaldrift:ro] [386/416] Building C object zephyr/kernel/CMakeFiles/kernel.dir/main_weak.c.obj
[crystaldrift:ro] [387/416] Linking C static library modules/ec/zephyr/libec_shim.a
[crystaldrift:ro] [388/416] Building C object zephyr/kernel/CMakeFiles/kernel.dir/version.c.obj
[crystaldrift:ro] [389/416] Building C object zephyr/kernel/CMakeFiles/kernel.dir/busy_wait.c.obj
[skywalker-tps6699x:ro] [132/365] Building C object zephyr/lib/smf/CMakeFiles/lib__smf.dir/smf.c.obj
[skywalker-tps6699x:ro] [133/365] Building C object zephyr/subsys/mgmt/ec_host_cmd/CMakeFiles/subsys__mgmt__ec_host_cmd.dir/ec_host_cmd_handler.c.obj
[skywalker-tps6699x:ro] [134/365] Linking C static library zephyr/lib/smf/liblib__smf.a
[crystaldrift:ro] [390/416] Building C object zephyr/kernel/CMakeFiles/kernel.dir/errno.c.obj
[crystaldrift:ro] [391/416] Building C object zephyr/kernel/CMakeFiles/kernel.dir/device.c.obj
[skywalker-tps6699x:ro] [135/365] Linking C static library zephyr/subsys/mgmt/ec_host_cmd/libsubsys__mgmt__ec_host_cmd.a
[skywalker-tps6699x:ro] [136/365] Building C object zephyr/subsys/crc/CMakeFiles/subsys__crc.dir/crc4_sw.c.obj
[skywalker-tps6699x:ro] [137/365] Building C object zephyr/subsys/mgmt/ec_host_cmd/backends/CMakeFiles/subsys__mgmt__ec_host_cmd__backends.dir/ec_host_cmd_backend_shi_npcx.c.obj
[skywalker-tps6699x:ro] [138/365] Building C object zephyr/subsys/crc/CMakeFiles/subsys__crc.dir/crc8_sw.c.obj
[skywalker-tps6699x:ro] [139/365] Building C object zephyr/subsys/crc/CMakeFiles/subsys__crc.dir/crc16_sw.c.obj
[crystaldrift:ro] [392/416] Building C object zephyr/kernel/CMakeFiles/kernel.dir/init.c.obj
[crystaldrift:ro] [393/416] Building C object zephyr/kernel/CMakeFiles/kernel.dir/kheap.c.obj
[crystaldrift:ro] [394/416] Building C object zephyr/kernel/CMakeFiles/kernel.dir/fatal.c.obj
[skywalker-tps6699x:ro] [140/365] Linking C static library zephyr/subsys/mgmt/ec_host_cmd/backends/libsubsys__mgmt__ec_host_cmd__backends.a
[skywalker-tps6699x:ro] [141/365] Building C object zephyr/subsys/crc/CMakeFiles/subsys__crc.dir/crc24_sw.c.obj
[skywalker-tps6699x:ro] [142/365] Building C object zephyr/subsys/crc/CMakeFiles/subsys__crc.dir/crc7_sw.c.obj
[skywalker-tps6699x:ro] [143/365] Building C object zephyr/subsys/crc/CMakeFiles/subsys__crc.dir/crc32c_sw.c.obj
[skywalker-tps6699x:rw] [18/365] Building C object CMakeFiles/app.dir/mnt/host/source/src/platform/ec/zephyr/subsys/pd_controller/pdc_dpm.c.obj
[skywalker-tps6699x:ro] [144/365] Building C object zephyr/subsys/crc/CMakeFiles/subsys__crc.dir/crc32_sw.c.obj
[skywalker-tps6699x:ro] [145/365] Building C object zephyr/subsys/crc/CMakeFiles/subsys__crc.dir/crc32k_4_2_sw.c.obj
[crystaldrift:ro] [395/416] Building C object zephyr/kernel/CMakeFiles/kernel.dir/float.c.obj
[crystaldrift:ro] [396/416] Building C object zephyr/kernel/CMakeFiles/kernel.dir/idle.c.obj
[crystaldrift:ro] [397/416] Building C object zephyr/kernel/CMakeFiles/kernel.dir/mem_slab.c.obj
[skywalker-tps6699x:ro] [146/365] Linking C static library zephyr/subsys/crc/libsubsys__crc.a
[crystaldrift:ro] [398/416] Building C object zephyr/kernel/CMakeFiles/kernel.dir/mailbox.c.obj
[crystaldrift:ro] [399/416] Building C object zephyr/kernel/CMakeFiles/kernel.dir/mutex.c.obj
[crystaldrift:ro] [400/416] Building C object zephyr/kernel/CMakeFiles/kernel.dir/msg_q.c.obj
[crystaldrift:ro] [401/416] Building C object zephyr/kernel/CMakeFiles/kernel.dir/queue.c.obj
[crystaldrift:ro] [402/416] Building C object zephyr/kernel/CMakeFiles/kernel.dir/stack.c.obj
[crystaldrift:ro] [403/416] Building C object zephyr/kernel/CMakeFiles/kernel.dir/sem.c.obj
[skywalker-tps6699x:ro] [147/365] Building C object zephyr/drivers/interrupt_controller/CMakeFiles/drivers__interrupt_controller.dir/intc_miwu.c.obj
[skywalker-tps6699x:ro] [148/365] Linking C static library zephyr/drivers/interrupt_controller/libdrivers__interrupt_controller.a
[crystaldrift:ro] [404/416] Building C object zephyr/kernel/CMakeFiles/kernel.dir/system_work_q.c.obj
[skywalker-tps6699x:ro] [149/365] Building C object zephyr/drivers/adc/CMakeFiles/drivers__adc.dir/adc_common.c.obj
[crystaldrift:ro] [405/416] Building C object zephyr/kernel/CMakeFiles/kernel.dir/condvar.c.obj
[skywalker-tps6699x:rw] [19/365] Building C object CMakeFiles/app.dir/mnt/host/source/src/platform/ec/zephyr/subsys/ucsi/ppm_common.c.obj
[crystaldrift:ro] [406/416] Building C object zephyr/kernel/CMakeFiles/kernel.dir/work.c.obj
[crystaldrift:ro] [407/416] Building C object zephyr/kernel/CMakeFiles/kernel.dir/thread.c.obj
[skywalker-tps6699x:ro] [150/365] Building C object zephyr/drivers/adc/CMakeFiles/drivers__adc.dir/adc_npcx.c.obj
[skywalker-tps6699x:ro] [151/365] Linking C static library zephyr/drivers/adc/libdrivers__adc.a
[spikyrock:ro] Configuring.
Running `env -i PYTHONPATH=/usr/lib64/python-exec/python3.11:/mnt/host/source/src/platform/ec/zephyr/zmake:/usr/lib/python311.zip:/usr/lib/python3.11:/usr/lib/python3.11/lib-dynload:/usr/lib/python3.11/site-packages PW_PIGWEED_CIPD_INSTALL_DIR=/usr CROSTC_USER_ACKNOWLEDGES_THAT_RISCV_IS_EXPERIMENTAL=1 PATH=/mnt/host/source/chromite/bin:/usr/local/bin:/usr/bin:/bin:/opt/bin:/mnt/host/source/chromite/sdk/bin:/mnt/host/source/chromite/bin HOME=/home/jpmurphy JAVA_HOME=/etc/java-config-2/current-system-vm JDK_HOME=/etc/java-config-2/current-system-vm JAVAC=/etc/java-config-2/current-system-vm/bin/javac MAKEFLAGS=' -j16 --jobserver-auth=5,6' /usr/bin/cmake -S /mnt/host/source/src/platform/ec/zephyr/program/roach -B /mnt/host/source/src/platform/ec/build/zephyr/spikyrock/build-ro -GNinja -DCMAKE_EXPORT_COMPILE_COMMANDS=ON -DZEPHYR_BASE=/mnt/host/source/src/third_party/zephyr/main -DZMAKE_INCLUDE_DIR=/mnt/host/source/src/platform/ec/build/zephyr/spikyrock/include -DPython3_EXECUTABLE=/usr/bin/python3.11 -DDTS_ROOT=/mnt/host/source/src/platform/ec/zephyr -DSYSCALL_INCLUDE_DIRS=/mnt/host/source/src/platform/ec/zephyr/include/drivers -DUSER_CACHE_DIR=/mnt/host/source/src/platform/ec/build/zephyr/user-cache '-DEXTRA_EC_VERSION_FLAGS=--version 16543.0.0 --static' -DTOOLCHAIN_ROOT=/mnt/host/source/src/platform/ec/zephyr -DCOREBOOT_SDK_ROOT_x86=/home/jpmurphy/.cache/coreboot-sdk/i386-elf/dfbb0486385d938cfa9d73080b9d18d598ed4f49 -DCOREBOOT_SDK_ROOT_picolibc_x86=/home/jpmurphy/.cache/coreboot-sdk/picolibc-i386-elf/eb8e8e687b95461de8cbf278f1c2076952d0ad17 -DCOREBOOT_SDK_ROOT_riscv64=/home/jpmurphy/.cache/coreboot-sdk/riscv64-elf/96b949749225b6aaa92ed810ab769e8dfb12f000 -DCOREBOOT_SDK_ROOT_picolibc_arm=/home/jpmurphy/.cache/coreboot-sdk/picolibc-arm-eabi/422a2aa3e1ef891b5bece9a3deb696ff83840d2e -DCOREBOOT_SDK_ROOT_nds32=/home/jpmurphy/.cache/coreboot-sdk/nds32le-elf/d1a518c4a097666d86058e1444f85ca015d15511 -DCOREBOOT_SDK_ROOT_picolibc_riscv64=/home/jpmurphy/.cache/coreboot-sdk/picolibc-riscv64-elf/f571e990ef0278564b31124f8bb109d9a697eb69 -DCOREBOOT_SDK_ROOT_arm=/home/jpmurphy/.cache/coreboot-sdk/arm-eabi/ea40ddd1d190c3b48435c474c0b545719371813a -DCOREBOOT_SDK_ROOT_libstdcxx_riscv64=/home/jpmurphy/.cache/coreboot-sdk/libstdcxx-riscv64-elf/17abf22a3a252e2d5d2062ced5324f7a623689e0 -DCOREBOOT_SDK_ROOT_libstdcxx_arm=/home/jpmurphy/.cache/coreboot-sdk/libstdcxx-arm-eabi/5d7d82e150e44aa1968f1d366e267e6687b328ac -DCOREBOOT_SDK_ROOT_riscv=/home/jpmurphy/.cache/coreboot-sdk/riscv-elf/9a27b9e82341c6e9126624f516ab3f261abb3e73 -DCOREBOOT_SDK_ROOT_libstdcxx_x86=/home/jpmurphy/.cache/coreboot-sdk/libstdcxx-i386-elf/42ef9d2e87a76a37963175d7d428734e65648b87 -DZEPHYR_TOOLCHAIN_VARIANT=coreboot-sdk -DZEPHYR_MODULES=/mnt/host/source/src/platform/ec/build/zephyr/spikyrock/modules/ec -DDTC_OVERLAY_FILE=/mnt/host/source/src/platform/ec/zephyr/program/roach/spikyrock/project.overlay -DBOARD=it8xxx2/it82202ax/512 -DCMAKE_C_FLAGS=-DSECTION_IS_RO '-DCONF_FILE=/mnt/host/source/src/platform/ec/zephyr/program/roach/program.conf;/mnt/host/source/src/platform/ec/zephyr/program/roach/spikyrock/project.conf;/mnt/host/source/src/platform/ec/build/zephyr/spikyrock/kconfig-ro.conf'`
[crystaldrift:ro] [408/416] Building C object zephyr/kernel/CMakeFiles/kernel.dir/sched.c.obj
[spikyrock:ro] Loading Zephyr default modules (Zephyr base (cached)).
[spikyrock:ro] -- Application: /mnt/host/source/src/platform/ec/zephyr/program/roach
[crystaldrift:ro] [409/416] Building C object zephyr/kernel/CMakeFiles/kernel.dir/timeout.c.obj
[crystaldrift:ro] [410/416] Building C object zephyr/kernel/CMakeFiles/kernel.dir/pipe.c.obj
[crystaldrift:ro] [411/416] Building C object zephyr/kernel/CMakeFiles/kernel.dir/timer.c.obj
[skywalker-tps6699x:ro] [152/365] Building C object zephyr/drivers/clock_control/CMakeFiles/drivers__clock_control.dir/clock_control_npcx.c.obj
[skywalker-tps6699x:ro] [153/365] Building C object zephyr/drivers/bbram/CMakeFiles/drivers__bbram.dir/bbram_npcx.c.obj
Toolchain <zmake.toolchains.CorebootSdkToolchain object at 0x7f4120798850> selected by probe function.
[quandiso2] Building in /mnt/host/source/src/platform/ec/build/zephyr/quandiso2.
[crystaldrift:ro] [412/416] Building C object zephyr/kernel/CMakeFiles/kernel.dir/poll.c.obj
[skywalker-tps6699x:ro] [154/365] Linking C static library zephyr/drivers/clock_control/libdrivers__clock_control.a
[skywalker-tps6699x:ro] [155/365] Linking C static library zephyr/drivers/bbram/libdrivers__bbram.a
[crystaldrift:ro] [413/416] Building C object zephyr/kernel/CMakeFiles/kernel.dir/events.c.obj
[crystaldrift:ro] [414/416] Building C object zephyr/kernel/CMakeFiles/kernel.dir/mempool.c.obj
[spikyrock:ro] -- CMake version: 3.31.7
[spikyrock:ro] -- Found Python3: /usr/bin/python3.11 (found suitable version "3.11.11", minimum required is "3.10") found components: Interpreter
[spikyrock:ro] -- Cache files will be written to: /mnt/host/source/src/platform/ec/build/zephyr/user-cache
[spikyrock:ro] -- Zephyr version: 4.3.99 (/mnt/host/source/src/third_party/zephyr/main)
[crystaldrift:ro] [415/416] Building C object zephyr/kernel/CMakeFiles/kernel.dir/dynamic_disabled.c.obj
[skywalker-tps6699x:ro] [156/365] Building C object zephyr/drivers/console/CMakeFiles/drivers__console.dir/uart_console.c.obj
[crystaldrift:ro] [416/416] Linking C static library zephyr/kernel/libkernel.a
[quandiso2:rw] Configuring.
Running `env -i PYTHONPATH=/usr/lib64/python-exec/python3.11:/mnt/host/source/src/platform/ec/zephyr/zmake:/usr/lib/python311.zip:/usr/lib/python3.11:/usr/lib/python3.11/lib-dynload:/usr/lib/python3.11/site-packages PW_PIGWEED_CIPD_INSTALL_DIR=/usr CROSTC_USER_ACKNOWLEDGES_THAT_RISCV_IS_EXPERIMENTAL=1 PATH=/mnt/host/source/chromite/bin:/usr/local/bin:/usr/bin:/bin:/opt/bin:/mnt/host/source/chromite/sdk/bin:/mnt/host/source/chromite/bin HOME=/home/jpmurphy JAVA_HOME=/etc/java-config-2/current-system-vm JDK_HOME=/etc/java-config-2/current-system-vm JAVAC=/etc/java-config-2/current-system-vm/bin/javac MAKEFLAGS=' -j16 --jobserver-auth=5,6' /usr/bin/cmake -S /mnt/host/source/src/platform/ec/zephyr/program/nissa -B /mnt/host/source/src/platform/ec/build/zephyr/quandiso2/build-rw -GNinja -DCMAKE_EXPORT_COMPILE_COMMANDS=ON -DZEPHYR_BASE=/mnt/host/source/src/third_party/zephyr/main -DZMAKE_INCLUDE_DIR=/mnt/host/source/src/platform/ec/build/zephyr/quandiso2/include -DPython3_EXECUTABLE=/usr/bin/python3.11 -DDTS_ROOT=/mnt/host/source/src/platform/ec/zephyr -DSYSCALL_INCLUDE_DIRS=/mnt/host/source/src/platform/ec/zephyr/include/drivers -DUSER_CACHE_DIR=/mnt/host/source/src/platform/ec/build/zephyr/user-cache '-DEXTRA_EC_VERSION_FLAGS=--version 16543.0.0 --static' -DTOOLCHAIN_ROOT=/mnt/host/source/src/platform/ec/zephyr -DCOREBOOT_SDK_ROOT_x86=/home/jpmurphy/.cache/coreboot-sdk/i386-elf/dfbb0486385d938cfa9d73080b9d18d598ed4f49 -DCOREBOOT_SDK_ROOT_picolibc_x86=/home/jpmurphy/.cache/coreboot-sdk/picolibc-i386-elf/eb8e8e687b95461de8cbf278f1c2076952d0ad17 -DCOREBOOT_SDK_ROOT_riscv64=/home/jpmurphy/.cache/coreboot-sdk/riscv64-elf/96b949749225b6aaa92ed810ab769e8dfb12f000 -DCOREBOOT_SDK_ROOT_picolibc_arm=/home/jpmurphy/.cache/coreboot-sdk/picolibc-arm-eabi/422a2aa3e1ef891b5bece9a3deb696ff83840d2e -DCOREBOOT_SDK_ROOT_nds32=/home/jpmurphy/.cache/coreboot-sdk/nds32le-elf/d1a518c4a097666d86058e1444f85ca015d15511 -DCOREBOOT_SDK_ROOT_picolibc_riscv64=/home/jpmurphy/.cache/coreboot-sdk/picolibc-riscv64-elf/f571e990ef0278564b31124f8bb109d9a697eb69 -DCOREBOOT_SDK_ROOT_arm=/home/jpmurphy/.cache/coreboot-sdk/arm-eabi/ea40ddd1d190c3b48435c474c0b545719371813a -DCOREBOOT_SDK_ROOT_libstdcxx_riscv64=/home/jpmurphy/.cache/coreboot-sdk/libstdcxx-riscv64-elf/17abf22a3a252e2d5d2062ced5324f7a623689e0 -DCOREBOOT_SDK_ROOT_libstdcxx_arm=/home/jpmurphy/.cache/coreboot-sdk/libstdcxx-arm-eabi/5d7d82e150e44aa1968f1d366e267e6687b328ac -DCOREBOOT_SDK_ROOT_riscv=/home/jpmurphy/.cache/coreboot-sdk/riscv-elf/9a27b9e82341c6e9126624f516ab3f261abb3e73 -DCOREBOOT_SDK_ROOT_libstdcxx_x86=/home/jpmurphy/.cache/coreboot-sdk/libstdcxx-i386-elf/42ef9d2e87a76a37963175d7d428734e65648b87 -DZEPHYR_TOOLCHAIN_VARIANT=coreboot-sdk -DZEPHYR_MODULES=/mnt/host/source/src/platform/ec/build/zephyr/quandiso2/modules/ec -DDTC_OVERLAY_FILE=/mnt/host/source/src/platform/ec/zephyr/program/nissa/quandiso2/project.overlay -DBOARD=it8xxx2/it81302bx -DCMAKE_C_FLAGS=-DSECTION_IS_RW '-DCONF_FILE=/mnt/host/source/src/platform/ec/zephyr/program/nissa/program.conf;/mnt/host/source/src/platform/ec/zephyr/program/nissa/it8xxx2_program.conf;/mnt/host/source/src/platform/ec/zephyr/program/nissa/quandiso2/project.conf;/mnt/host/source/src/platform/ec/build/zephyr/quandiso2/kconfig-rw.conf'`
[quandiso2:rw] Loading Zephyr default modules (Zephyr base (cached)).
[quandiso2:rw] -- Application: /mnt/host/source/src/platform/ec/zephyr/program/nissa
[skywalker-tps6699x:ro] [157/365] Linking C static library zephyr/drivers/console/libdrivers__console.a
[skywalker-tps6699x:rw] [20/365] Building C object CMakeFiles/app.dir/mnt/host/source/src/platform/ec/zephyr/subsys/ucsi/ppm_console.c.obj
[skywalker-tps6699x:ro] [158/365] Building C object zephyr/drivers/flash/CMakeFiles/drivers__flash.dir/jesd216.c.obj
[skywalker-tps6699x:ro] [159/365] Building C object zephyr/drivers/flash/CMakeFiles/drivers__flash.dir/flash_npcx_fiu_nor.c.obj
[/mnt/host/source/src/platform/ec/build/zephyr/mtlrvpp_m1723-lcov]   /mnt/host/source/src/platform/ec/build/zephyr/mtlrvpp_m1723/build-rw/CMakeFiles/app.dir/mnt/host/source/src/platform/ec/build/zephyr/mtlrvpp_m1723/modules/ec/common/usb_pd_pdo.c.gcno:no functions found
[/mnt/host/source/src/platform/ec/build/zephyr/mtlrvpp_m1723-lcov] stderr:
[skywalker-tps6699x:rw] [21/365] Building C object CMakeFiles/app.dir/mnt/host/source/src/platform/ec/zephyr/subsys/ucsi/ppm_driver.c.obj
[quandiso2:rw] -- CMake version: 3.31.7
[quandiso2:rw] -- Found Python3: /usr/bin/python3.11 (found suitable version "3.11.11", minimum required is "3.10") found components: Interpreter
[quandiso2:rw] -- Cache files will be written to: /mnt/host/source/src/platform/ec/build/zephyr/user-cache
[quandiso2:rw] -- Zephyr version: 4.3.99 (/mnt/host/source/src/third_party/zephyr/main)
[skywalker-tps6699x:ro] [160/365] Building C object zephyr/drivers/flash/CMakeFiles/drivers__flash.dir/flash_npcx_fiu_qspi.c.obj
[skywalker-tps6699x:ro] [161/365] Building C object zephyr/drivers/gpio/CMakeFiles/drivers__gpio.dir/gpio_npcx.c.obj
[skywalker-tps6699x:rw] [22/365] Building C object CMakeFiles/app.dir/mnt/host/source/src/platform/ec/build/zephyr/skywalker-tps6699x/modules/ec/builtin/stdlib.c.obj
[skywalker-tps6699x:rw] [23/365] Building C object CMakeFiles/app.dir/mnt/host/source/src/platform/ec/zephyr/subsys/ucsi/ucsi_host_cmd.c.obj
[skywalker-tps6699x:ro] [162/365] Linking C static library zephyr/drivers/flash/libdrivers__flash.a
[skywalker-tps6699x:ro] [163/365] Building C object zephyr/drivers/i2c/CMakeFiles/drivers__i2c.dir/i2c_common.c.obj
[skywalker-tps6699x:ro] [164/365] Linking C static library zephyr/drivers/gpio/libdrivers__gpio.a
[skywalker-tps6699x:rw] [24/365] Building C object CMakeFiles/app.dir/mnt/host/source/src/platform/ec/build/zephyr/skywalker-tps6699x/modules/ec/common/base32.c.obj
[skywalker-tps6699x:ro] [165/365] Building C object zephyr/drivers/i2c/CMakeFiles/drivers__i2c.dir/i2c_shell.c.obj
[/mnt/host/source/src/platform/ec/build/zephyr/kingler-lcov]   /mnt/host/source/src/platform/ec/build/zephyr/kingler/build-ro/zephyr/CMakeFiles/zephyr.dir/soc/nuvoton/npcx/common/npcxn/registers.c.gcno:no functions found
[/mnt/host/source/src/platform/ec/build/zephyr/kingler-lcov] stderr:
[spikyrock:ro] -- Board: it8xxx2, qualifiers: it82202ax/512
[skywalker-tps6699x:ro] [166/365] Building C object zephyr/drivers/i2c/CMakeFiles/drivers__i2c.dir/i2c_npcx_controller.c.obj
[skywalker-tps6699x:rw] [25/365] Building C object CMakeFiles/app.dir/mnt/host/source/src/platform/ec/build/zephyr/skywalker-tps6699x/modules/ec/common/console_output.c.obj
[skywalker-tps6699x:ro] [167/365] Building C object zephyr/drivers/i2c/CMakeFiles/drivers__i2c.dir/i2c_npcx_controller_fifo.c.obj
[skywalker-tps6699x:ro] [168/365] Building C object zephyr/drivers/pinctrl/CMakeFiles/drivers__pinctrl.dir/common.c.obj
[skywalker-tps6699x:ro] [169/365] Building C object zephyr/drivers/pinctrl/CMakeFiles/drivers__pinctrl.dir/pinctrl_npcx.c.obj
[skywalker-tps6699x:ro] [170/365] Linking C static library zephyr/drivers/pinctrl/libdrivers__pinctrl.a
[skywalker-tps6699x:rw] [26/365] Building C object CMakeFiles/app.dir/mnt/host/source/src/platform/ec/build/zephyr/skywalker-tps6699x/modules/ec/common/ec_features.c.obj
[skywalker-tps6699x:rw] [27/365] Building C object CMakeFiles/app.dir/mnt/host/source/src/platform/ec/build/zephyr/skywalker-tps6699x/modules/ec/common/gpio_commands.c.obj
[skywalker-tps6699x:ro] [171/365] Building C object zephyr/drivers/i2c/CMakeFiles/drivers__i2c.dir/i2c_npcx_port.c.obj
[skywalker-tps6699x:rw] [28/365] Building C object CMakeFiles/app.dir/mnt/host/source/src/platform/ec/build/zephyr/skywalker-tps6699x/modules/ec/common/printf.c.obj
[skywalker-tps6699x:ro] [172/365] Linking C static library zephyr/drivers/i2c/libdrivers__i2c.a
[/mnt/host/source/src/platform/ec/build/zephyr/kingler-lcov]   /mnt/host/source/src/platform/ec/build/zephyr/kingler/build-rw/modules/ec/zephyr/CMakeFiles/ec_shim.dir/shim/src/power.c.gcno:no functions found
[/mnt/host/source/src/platform/ec/build/zephyr/kingler-lcov] stderr:
[skywalker-tps6699x:rw] [29/365] Building C object CMakeFiles/app.dir/mnt/host/source/src/platform/ec/build/zephyr/skywalker-tps6699x/modules/ec/common/peripheral.c.obj
[quandiso2:rw] -- Board: it8xxx2, qualifiers: it81302bx
[skywalker-tps6699x:ro] [173/365] Building C object zephyr/drivers/pwm/CMakeFiles/drivers__pwm.dir/pwm_shell.c.obj
[skywalker-tps6699x:ro] [174/365] Building C object zephyr/drivers/syscon/CMakeFiles/drivers__syscon.dir/syscon.c.obj
[skywalker-tps6699x:ro] [175/365] Building C object zephyr/drivers/pwm/CMakeFiles/drivers__pwm.dir/pwm_npcx.c.obj
[skywalker-tps6699x:ro] [176/365] Linking C static library zephyr/drivers/syscon/libdrivers__syscon.a
[/mnt/host/source/src/platform/ec/build/zephyr/kingler-lcov]   /mnt/host/source/src/platform/ec/build/zephyr/kingler/build-rw/modules/ec/zephyr/CMakeFiles/ec_shim.dir/shim/src/battery.c.gcno:no functions found
[/mnt/host/source/src/platform/ec/build/zephyr/kingler-lcov] stderr:
[skywalker-tps6699x:rw] [30/365] Building C object CMakeFiles/app.dir/mnt/host/source/src/platform/ec/build/zephyr/skywalker-tps6699x/modules/ec/common/queue.c.obj
[skywalker-tps6699x:ro] [177/365] Building C object zephyr/drivers/serial/CMakeFiles/drivers__serial.dir/uart_npcx.c.obj
[skywalker-tps6699x:ro] [178/365] Linking C static library zephyr/drivers/pwm/libdrivers__pwm.a
[skywalker-tps6699x:ro] [179/365] Building C object zephyr/drivers/timer/CMakeFiles/drivers__timer.dir/sys_clock_init.c.obj
[skywalker-tps6699x:ro] [180/365] Linking C static library zephyr/drivers/serial/libdrivers__serial.a
[/mnt/host/source/src/platform/ec/build/zephyr/kingler-lcov]   /mnt/host/source/src/platform/ec/build/zephyr/kingler/build-rw/modules/ec/zephyr/CMakeFiles/ec_shim.dir/shim/src/charger.c.gcno:no functions found
[/mnt/host/source/src/platform/ec/build/zephyr/kingler-lcov] stderr:
[skywalker-tps6699x:ro] [181/365] Building C object zephyr/drivers/timer/CMakeFiles/drivers__timer.dir/npcx_itim_timer.c.obj
[skywalker-tps6699x:rw] [31/365] Building C object CMakeFiles/app.dir/mnt/host/source/src/platform/ec/build/zephyr/skywalker-tps6699x/modules/ec/common/system_boot_time.c.obj
[skywalker-tps6699x:rw] [32/365] Building C object CMakeFiles/app.dir/mnt/host/source/src/platform/ec/build/zephyr/skywalker-tps6699x/modules/ec/common/uart_printf.c.obj
[skywalker-tps6699x:rw] [33/365] Building C object CMakeFiles/app.dir/mnt/host/source/src/platform/ec/build/zephyr/skywalker-tps6699x/modules/ec/common/system.c.obj
[skywalker-tps6699x:ro] [182/365] Linking C static library zephyr/drivers/timer/libdrivers__timer.a
[skywalker-tps6699x:rw] [34/365] Building C object CMakeFiles/app.dir/mnt/host/source/src/platform/ec/build/zephyr/skywalker-tps6699x/modules/ec/common/util.c.obj
[skywalker-tps6699x:ro] [183/365] Building C object zephyr/drivers/watchdog/CMakeFiles/drivers__watchdog.dir/wdt_npcx.c.obj
[skywalker-tps6699x:ro] [184/365] Building C object zephyr/drivers/watchdog/CMakeFiles/drivers__watchdog.dir/wdt_shell.c.obj
[skywalker-tps6699x:ro] [185/365] Linking C static library zephyr/drivers/watchdog/libdrivers__watchdog.a
[skywalker-tps6699x:ro] [186/365] Building C object modules/ec/zephyr/CMakeFiles/ec_shim.dir/app/ec/main_shim.c.obj
[skywalker-tps6699x:rw] [35/365] Building C object CMakeFiles/app.dir/mnt/host/source/src/platform/ec/build/zephyr/skywalker-tps6699x/modules/ec/common/version.c.obj
[/mnt/host/source/src/platform/ec/build/zephyr/kingler-lcov]   /mnt/host/source/src/platform/ec/build/zephyr/kingler/build-rw/modules/ec/zephyr/CMakeFiles/ec_shim.dir/shim/src/usb_muxes.c.gcno:no functions found
[spikyrock:ro] -- Found Dtc: /usr/bin/dtc (found suitable version "1.6.0", minimum required is "1.4.6")
[/mnt/host/source/src/platform/ec/build/zephyr/kingler-lcov] stderr:
[spikyrock:ro] -- Found BOARD.dts: /mnt/host/source/src/platform/ec/zephyr/boards/google/it8xxx2/it8xxx2_it82202ax_512.dts
[spikyrock:ro] -- Found devicetree overlay: /mnt/host/source/src/platform/ec/zephyr/program/roach/spikyrock/project.overlay
[skywalker-tps6699x:ro] [187/365] Building C object modules/ec/zephyr/CMakeFiles/ec_shim.dir/app/ec/ec_app_main.c.obj
[skywalker-tps6699x:ro] [188/365] Building C object modules/ec/zephyr/CMakeFiles/ec_shim.dir/drivers/cros_flash/cros_flash_npcx.c.obj
[/mnt/host/source/src/platform/ec/build/zephyr/winterhold-lcov]   /mnt/host/source/src/platform/ec/build/zephyr/winterhold/build-rw/CMakeFiles/app.dir/mnt/host/source/src/platform/ec/build/zephyr/winterhold/modules/ec/common/usb_pd_pdo.c.gcno:no functions found
[/mnt/host/source/src/platform/ec/build/zephyr/winterhold-lcov] stderr:
[skywalker-tps6699x:rw] [36/365] Building C object CMakeFiles/app.dir/mnt/host/source/src/platform/ec/build/zephyr/skywalker-tps6699x/modules/ec/driver/accel_bma4xx.c.obj
[skywalker-tps6699x:rw] [37/365] Building C object CMakeFiles/app.dir/mnt/host/source/src/platform/ec/build/zephyr/skywalker-tps6699x/modules/ec/driver/accelgyro_bmi_common.c.obj
[skywalker-tps6699x:ro] [189/365] Building C object modules/ec/zephyr/CMakeFiles/ec_shim.dir/drivers/usbc/ucsi_v3.c.obj
[skywalker-tps6699x:rw] [38/365] Building C object CMakeFiles/app.dir/mnt/host/source/src/platform/ec/build/zephyr/skywalker-tps6699x/modules/ec/driver/accel_lis2dw12.c.obj
[skywalker-tps6699x:ro] [190/365] Building C object modules/ec/zephyr/CMakeFiles/ec_shim.dir/drivers/cros_kb_raw/cros_kb_raw_npcx.c.obj
[quandiso2:rw] -- Found Dtc: /usr/bin/dtc (found suitable version "1.6.0", minimum required is "1.4.6")
[quandiso2:rw] -- Found BOARD.dts: /mnt/host/source/src/platform/ec/zephyr/boards/google/it8xxx2/it8xxx2_it81302bx.dts
[quandiso2:rw] -- Found devicetree overlay: /mnt/host/source/src/platform/ec/zephyr/program/nissa/quandiso2/project.overlay
[/mnt/host/source/src/platform/ec/build/zephyr/kingler-lcov]   /mnt/host/source/src/platform/ec/build/zephyr/kingler/build-rw/modules/ec/zephyr/CMakeFiles/ec_shim.dir/shim/src/usba.c.gcno:no functions found
[/mnt/host/source/src/platform/ec/build/zephyr/kingler-lcov] stderr:
[skywalker-tps6699x:rw] [39/365] Building C object CMakeFiles/app.dir/mnt/host/source/src/platform/ec/build/zephyr/skywalker-tps6699x/modules/ec/driver/accelgyro_bmi3xx.c.obj
[skywalker-tps6699x:ro] [191/365] Building C object modules/ec/zephyr/CMakeFiles/ec_shim.dir/drivers/cros_system/cros_system_npcx.c.obj
[skywalker-tps6699x:rw] [40/365] Building C object CMakeFiles/app.dir/mnt/host/source/src/platform/ec/build/zephyr/skywalker-tps6699x/modules/ec/common/motion_sense_fifo.c.obj
[skywalker-tps6699x:ro] [192/365] Building C object modules/ec/zephyr/CMakeFiles/ec_shim.dir/drivers/usbc/tps6699x_cmd.c.obj
[skywalker-tps6699x:ro] [193/365] Building C object modules/ec/zephyr/CMakeFiles/ec_shim.dir/shim/chip/npcx/clock.c.obj
[skywalker-tps6699x:rw] [41/365] Building C object CMakeFiles/app.dir/mnt/host/source/src/platform/ec/build/zephyr/skywalker-tps6699x/modules/ec/common/adc.c.obj
[skywalker-tps6699x:ro] [194/365] Building C object modules/ec/zephyr/CMakeFiles/ec_shim.dir/drivers/usbc/pdc_tps6699x.c.obj
[spikyrock:ro] -- Generated zephyr.dts: /mnt/host/source/src/platform/ec/build/zephyr/spikyrock/build-ro/zephyr/zephyr.dts
[spikyrock:ro] -- Generated pickled edt: /mnt/host/source/src/platform/ec/build/zephyr/spikyrock/build-ro/zephyr/edt.pickle
[skywalker-tps6699x:rw] [42/365] Building C object CMakeFiles/app.dir/mnt/host/source/src/platform/ec/build/zephyr/skywalker-tps6699x/modules/ec/common/battery_info.c.obj
[skywalker-tps6699x:ro] [195/365] Building C object modules/ec/zephyr/CMakeFiles/ec_shim.dir/drivers/usbc/tps6699x_fwup.c.obj
[skywalker-tps6699x:rw] [43/365] Building C object CMakeFiles/app.dir/mnt/host/source/src/platform/ec/build/zephyr/skywalker-tps6699x/modules/ec/common/battery.c.obj
[skywalker-tps6699x:ro] [196/365] Building C object modules/ec/zephyr/CMakeFiles/ec_shim.dir/shim/chip/npcx/rom_chip.c.obj
[skywalker-tps6699x:rw] [44/365] Building C object CMakeFiles/app.dir/mnt/host/source/src/platform/ec/build/zephyr/skywalker-tps6699x/modules/ec/common/battery_fuel_gauge.c.obj
[/mnt/host/source/src/platform/ec/build/zephyr/mtlrvpp_m1723-lcov]   /mnt/host/source/src/platform/ec/build/zephyr/mtlrvpp_m1723/build-rw/CMakeFiles/app.dir/mnt/host/source/src/platform/ec/build/zephyr/mtlrvpp_m1723/modules/ec/common/cbi_config.c.gcno:no functions found
[/mnt/host/source/src/platform/ec/build/zephyr/mtlrvpp_m1723-lcov] stderr:
[skywalker-tps6699x:rw] [45/365] Building C object CMakeFiles/app.dir/mnt/host/source/src/platform/ec/build/zephyr/skywalker-tps6699x/modules/ec/driver/battery/smart.c.obj
[spikyrock:ro] -- Generated devicetree_generated.h: /mnt/host/source/src/platform/ec/build/zephyr/spikyrock/build-ro/zephyr/include/generated/zephyr/devicetree_generated.h
[skywalker-tps6699x:ro] [197/365] Building C object modules/ec/zephyr/CMakeFiles/ec_shim.dir/shim/chip/npcx/keyboard_raw.c.obj
[skywalker-tps6699x:ro] [198/365] Building C object modules/ec/zephyr/CMakeFiles/ec_shim.dir/shim/chip/npcx/system.c.obj
[skywalker-tps6699x:rw] [46/365] Building C object CMakeFiles/app.dir/mnt/host/source/src/platform/ec/build/zephyr/skywalker-tps6699x/modules/ec/common/charger.c.obj
[skywalker-tps6699x:rw] [47/365] Building C object CMakeFiles/app.dir/mnt/host/source/src/platform/ec/build/zephyr/skywalker-tps6699x/modules/ec/driver/charger/bq25710.c.obj
[skywalker-tps6699x:ro] [199/365] Building C object modules/ec/zephyr/CMakeFiles/ec_shim.dir/shim/chip/npcx/shi.c.obj
[skywalker-tps6699x:ro] [200/365] Building C object modules/ec/zephyr/CMakeFiles/ec_shim.dir/shim/chip/npcx/gpio.c.obj
[skywalker-tps6699x:ro] [201/365] Building C object modules/ec/zephyr/CMakeFiles/ec_shim.dir/shim/chip/npcx/system_external_storage.c.obj
[skywalker-tps6699x:ro] [202/365] Building C object modules/ec/zephyr/CMakeFiles/ec_shim.dir/shim/chip/npcx/power_policy.c.obj
[skywalker-tps6699x:ro] [203/365] Building C object modules/ec/zephyr/CMakeFiles/ec_shim.dir/shim/src/crc.c.obj
[quandiso2:rw] -- Generated zephyr.dts: /mnt/host/source/src/platform/ec/build/zephyr/quandiso2/build-rw/zephyr/zephyr.dts
[quandiso2:rw] -- Generated pickled edt: /mnt/host/source/src/platform/ec/build/zephyr/quandiso2/build-rw/zephyr/edt.pickle
[skywalker-tps6699x:rw] [48/365] Building C object CMakeFiles/app.dir/mnt/host/source/src/platform/ec/build/zephyr/skywalker-tps6699x/modules/ec/common/charge_state.c.obj
[skywalker-tps6699x:rw] [49/365] Building C object CMakeFiles/app.dir/mnt/host/source/src/platform/ec/build/zephyr/skywalker-tps6699x/modules/ec/common/cbi_common.c.obj
[/mnt/host/source/src/platform/ec/build/zephyr/mtlrvpp_m1723-lcov]   /mnt/host/source/src/platform/ec/build/zephyr/mtlrvpp_m1723/build-rw/CMakeFiles/app.dir/src/intel_rvp_board_id.c.gcno:no functions found
[/mnt/host/source/src/platform/ec/build/zephyr/mtlrvpp_m1723-lcov] stderr:
[skywalker-tps6699x:ro] [204/365] Building C object modules/ec/zephyr/CMakeFiles/ec_shim.dir/shim/core/cortex-m/mpu.c.obj
[skywalker-tps6699x:rw] [50/365] Building C object CMakeFiles/app.dir/mnt/host/source/src/platform/ec/build/zephyr/skywalker-tps6699x/modules/ec/common/charge_manager.c.obj
[skywalker-tps6699x:ro] [205/365] Building C object modules/ec/zephyr/CMakeFiles/ec_shim.dir/shim/core/cortex-m/panic.c.obj
[skywalker-tps6699x:rw] [51/365] Building C object CMakeFiles/app.dir/mnt/host/source/src/platform/ec/build/zephyr/skywalker-tps6699x/modules/ec/common/cbi_config.c.obj
[quandiso2:rw] -- Generated devicetree_generated.h: /mnt/host/source/src/platform/ec/build/zephyr/quandiso2/build-rw/zephyr/include/generated/zephyr/devicetree_generated.h
[spikyrock:ro] /mnt/host/source/src/platform/ec/build/zephyr/spikyrock/build-ro/zephyr/zephyr.dts:1269.27-1931.5: Warning (avoid_unnecessary_addr_size): /soc/pin-controller: unnecessary #address-cells/#size-cells without "ranges" or child "reg" property
[skywalker-tps6699x:ro] [206/365] Building C object modules/ec/zephyr/CMakeFiles/ec_shim.dir/shim/src/console.c.obj
[skywalker-tps6699x:rw] [52/365] Building C object CMakeFiles/app.dir/mnt/host/source/src/platform/ec/build/zephyr/skywalker-tps6699x/modules/ec/common/cbi.c.obj
[skywalker-tps6699x:ro] [207/365] Building C object modules/ec/zephyr/CMakeFiles/ec_shim.dir/shim/src/panic_utils.c.obj
[skywalker-tps6699x:ro] [208/365] Building C object modules/ec/zephyr/CMakeFiles/ec_shim.dir/shim/src/gpio_int.c.obj
[skywalker-tps6699x:ro] [209/365] Building C object modules/ec/zephyr/CMakeFiles/ec_shim.dir/shim/src/gpio.c.obj
[skywalker-tps6699x:rw] [53/365] Building C object CMakeFiles/app.dir/mnt/host/source/src/platform/ec/build/zephyr/skywalker-tps6699x/modules/ec/common/chipset.c.obj
[skywalker-tps6699x:rw] [54/365] Building C object CMakeFiles/app.dir/mnt/host/source/src/platform/ec/build/zephyr/skywalker-tps6699x/modules/ec/common/memory_commands.c.obj
[skywalker-tps6699x:ro] [210/365] Building C object modules/ec/zephyr/CMakeFiles/ec_shim.dir/shim/src/pm_state.c.obj
[/mnt/host/source/src/platform/ec/build/zephyr/kingler-lcov]   /mnt/host/source/src/platform/ec/build/zephyr/kingler/build-rw/modules/ec/zephyr/CMakeFiles/ec_shim.dir/shim/src/bc12.c.gcno:no functions found
[/mnt/host/source/src/platform/ec/build/zephyr/kingler-lcov] stderr:
[skywalker-tps6699x:rw] [55/365] Building C object CMakeFiles/app.dir/mnt/host/source/src/platform/ec/build/zephyr/skywalker-tps6699x/modules/ec/common/ap_reset_log.c.obj
[skywalker-tps6699x:ro] [211/365] Building C object modules/ec/zephyr/CMakeFiles/ec_shim.dir/shim/src/cbi/cros_cbi.c.obj
[skywalker-tps6699x:ro] [212/365] Building ASM object modules/ec/zephyr/CMakeFiles/ec_shim.dir/shim/src/libgcc_arm.S.obj
[skywalker-tps6699x:rw] [56/365] Building C object CMakeFiles/app.dir/mnt/host/source/src/platform/ec/build/zephyr/skywalker-tps6699x/modules/ec/common/extpower_common.c.obj
[skywalker-tps6699x:rw] [57/365] Building C object CMakeFiles/app.dir/mnt/host/source/src/platform/ec/build/zephyr/skywalker-tps6699x/modules/ec/common/extpower_gpio.c.obj
[skywalker-tps6699x:ro] [213/365] Building C object modules/ec/zephyr/CMakeFiles/ec_shim.dir/shim/src/cbi/cbi_flash.c.obj
[skywalker-tps6699x:ro] [214/365] Building C object modules/ec/zephyr/CMakeFiles/ec_shim.dir/shim/src/led_driver/led_pwm.c.obj
[skywalker-tps6699x:ro] [215/365] Building C object modules/ec/zephyr/CMakeFiles/ec_shim.dir/shim/src/led_driver/led.c.obj
[skywalker-tps6699x:ro] [216/365] Building C object modules/ec/zephyr/CMakeFiles/ec_shim.dir/shim/src/system.c.obj
[quandiso2:rw] /mnt/host/source/src/platform/ec/build/zephyr/quandiso2/build-rw/zephyr/zephyr.dts:1224.27-1953.5: Warning (avoid_unnecessary_addr_size): /soc/pin-controller: unnecessary #address-cells/#size-cells without "ranges" or child "reg" property
[quandiso2:rw] /mnt/host/source/src/platform/ec/build/zephyr/quandiso2/build-rw/zephyr/zephyr.dts:2898.9-2906.5: Warning (gpios_property): /fans/fan_0: Missing property '#gpio-cells' in node /named-gpios/fan-enable or bad phandle (referred from enable-gpio[0])
[/mnt/host/source/src/platform/ec/build/zephyr/mtlrvpp_m1723-lcov]   /mnt/host/source/src/platform/ec/build/zephyr/mtlrvpp_m1723/build-rw/zephyr/arch/arch/arm/core/mpu/CMakeFiles/arch__arm__core__mpu.dir/arm_mpu_regions.c.gcno:no functions found
[/mnt/host/source/src/platform/ec/build/zephyr/mtlrvpp_m1723-lcov] stderr:
[skywalker-tps6699x:rw] [58/365] Building C object CMakeFiles/app.dir/mnt/host/source/src/platform/ec/build/zephyr/skywalker-tps6699x/modules/ec/common/flash.c.obj
[skywalker-tps6699x:rw] [59/365] Building C object CMakeFiles/app.dir/mnt/host/source/src/platform/ec/build/zephyr/skywalker-tps6699x/modules/ec/common/host_command.c.obj
[skywalker-tps6699x:ro] [217/365] Building C object modules/ec/zephyr/CMakeFiles/ec_shim.dir/shim/src/adc.c.obj
[skywalker-tps6699x:rw] [60/365] Building C object CMakeFiles/app.dir/mnt/host/source/src/platform/ec/build/zephyr/skywalker-tps6699x/modules/ec/common/host_event_commands.c.obj
[skywalker-tps6699x:ro] [218/365] Building C object modules/ec/zephyr/CMakeFiles/ec_shim.dir/shim/src/pdc_shim.c.obj
[skywalker-tps6699x:rw] [61/365] Building C object CMakeFiles/app.dir/mnt/host/source/src/platform/ec/build/zephyr/skywalker-tps6699x/modules/ec/common/uart_hostcmd.c.obj
[skywalker-tps6699x:rw] [62/365] Building C object CMakeFiles/app.dir/mnt/host/source/src/platform/ec/build/zephyr/skywalker-tps6699x/modules/ec/common/uptime.c.obj
[skywalker-tps6699x:ro] [219/365] Building C object modules/ec/zephyr/CMakeFiles/ec_shim.dir/shim/src/battery.c.obj
[skywalker-tps6699x:ro] [220/365] Building C object modules/ec/zephyr/CMakeFiles/ec_shim.dir/shim/src/charger.c.obj
[skywalker-tps6699x:ro] [221/365] Building C object modules/ec/zephyr/CMakeFiles/ec_shim.dir/shim/src/flash.c.obj
[skywalker-tps6699x:ro] [222/365] Building C object modules/ec/zephyr/CMakeFiles/ec_shim.dir/shim/src/hooks.c.obj
[/mnt/host/source/src/platform/ec/build/zephyr/mtlrvpp_m1723-lcov]   /mnt/host/source/src/platform/ec/build/zephyr/mtlrvpp_m1723/build-rw/zephyr/arch/common/CMakeFiles/isr_tables.dir/isr_tables.c.gcno:no functions found
[/mnt/host/source/src/platform/ec/build/zephyr/mtlrvpp_m1723-lcov] stderr:
[skywalker-tps6699x:rw] [63/365] Building C object CMakeFiles/app.dir/mnt/host/source/src/platform/ec/build/zephyr/skywalker-tps6699x/modules/ec/common/i2c_controller.c.obj
[skywalker-tps6699x:ro] [223/365] Building C object modules/ec/zephyr/CMakeFiles/ec_shim.dir/shim/src/host_command.c.obj
[skywalker-tps6699x:rw] [64/365] Building C object CMakeFiles/app.dir/mnt/host/source/src/platform/ec/build/zephyr/skywalker-tps6699x/modules/ec/common/i2c_passthru.c.obj
[skywalker-tps6699x:ro] [224/365] Building C object modules/ec/zephyr/CMakeFiles/ec_shim.dir/shim/src/console_buffer.c.obj
[skywalker-tps6699x:rw] [65/365] Building C object CMakeFiles/app.dir/mnt/host/source/src/platform/ec/build/zephyr/skywalker-tps6699x/modules/ec/common/virtual_battery.c.obj
[spikyrock:ro] warning: Deprecated symbol I2C_ALLOW_NO_STOP_TRANSACTIONS is enabled.
[skywalker-tps6699x:ro] [225/365] Building C object modules/ec/zephyr/CMakeFiles/ec_shim.dir/shim/src/keyboard_raw.c.obj
[skywalker-tps6699x:rw] [66/365] Building C object CMakeFiles/app.dir/mnt/host/source/src/platform/ec/build/zephyr/skywalker-tps6699x/modules/ec/common/mkbp_fifo.c.obj
[skywalker-tps6699x:rw] [67/365] Building C object CMakeFiles/app.dir/mnt/host/source/src/platform/ec/build/zephyr/skywalker-tps6699x/modules/ec/common/keyboard_scan.c.obj
[skywalker-tps6699x:ro] [226/365] Building C object modules/ec/zephyr/CMakeFiles/ec_shim.dir/shim/src/mkbp_event.c.obj
[skywalker-tps6699x:ro] [227/365] Building C object modules/ec/zephyr/CMakeFiles/ec_shim.dir/shim/src/keyscan.c.obj
[/mnt/host/source/src/platform/ec/build/zephyr/winterhold-lcov]   /mnt/host/source/src/platform/ec/build/zephyr/winterhold/build-rw/CMakeFiles/app.dir/mnt/host/source/src/platform/ec/build/zephyr/winterhold/modules/ec/common/cbi_config.c.gcno:no functions found
[/mnt/host/source/src/platform/ec/build/zephyr/winterhold-lcov] stderr:
[skywalker-tps6699x:ro] [228/365] Building C object modules/ec/zephyr/CMakeFiles/ec_shim.dir/shim/src/motionsense_sensors.c.obj
[spikyrock:ro] Parsing /mnt/host/source/src/platform/ec/zephyr/program/roach/Kconfig
[/mnt/host/source/src/platform/ec/build/zephyr/winterhold-lcov]   /mnt/host/source/src/platform/ec/build/zephyr/winterhold/build-rw/CMakeFiles/app.dir/src/common.c.gcno:no functions found
[/mnt/host/source/src/platform/ec/build/zephyr/winterhold-lcov] stderr:
[skywalker-tps6699x:rw] [68/365] Building C object CMakeFiles/app.dir/mnt/host/source/src/platform/ec/build/zephyr/skywalker-tps6699x/modules/ec/common/keyboard_mkbp.c.obj
[skywalker-tps6699x:ro] [229/365] Building C object modules/ec/zephyr/CMakeFiles/ec_shim.dir/shim/src/panic.c.obj
[skywalker-tps6699x:ro] [230/365] Building C object modules/ec/zephyr/CMakeFiles/ec_shim.dir/shim/src/hwtimer.c.obj
[skywalker-tps6699x:rw] [69/365] Building C object CMakeFiles/app.dir/mnt/host/source/src/platform/ec/build/zephyr/skywalker-tps6699x/modules/ec/common/mkbp_input_devices.c.obj
[skywalker-tps6699x:rw] [70/365] Building C object CMakeFiles/app.dir/mnt/host/source/src/platform/ec/build/zephyr/skywalker-tps6699x/modules/ec/common/mkbp_info.c.obj
[skywalker-tps6699x:ro] [231/365] Building C object modules/ec/zephyr/CMakeFiles/ec_shim.dir/shim/src/power.c.obj
[skywalker-tps6699x:ro] [232/365] cd /mnt/host/source/src/platform/ec/build/zephyr/skywalker-tps6699x/build-ro/modules/ec/zephyr && PYTHONPATH=/mnt/host/source/src/platform/ec/build/zephyr/skywalker-tps6699x/modules/ec/zephyr/zmake/ /usr/bin/python3.11 /mnt/host/source/src/platform/ec/build/zephyr/skywalker-tps6699x/modules/ec/zephyr/zmake/zephyr_build_tools/generate_ec_version.py /mnt/host/source/src/platform/ec/build/zephyr/skywalker-tps6699x/build-ro/modules/ec/zephyr/include/ec_version.h --name Zephyr-Kernel --version 16543.0.0 --static
[skywalker-tps6699x:rw] [71/365] Building C object CMakeFiles/app.dir/mnt/host/source/src/platform/ec/build/zephyr/skywalker-tps6699x/modules/ec/common/led_common.c.obj
[skywalker-tps6699x:rw] [72/365] Building C object CMakeFiles/app.dir/mnt/host/source/src/platform/ec/build/zephyr/skywalker-tps6699x/modules/ec/common/motion_lid.c.obj
[skywalker-tps6699x:ro] INFO:root:Using a static version string
[skywalker-tps6699x:ro] INFO:root:Version string: Zephyr-Kernel-16543.0.0
[skywalker-tps6699x:ro] INFO:root:Writing header to /mnt/host/source/src/platform/ec/build/zephyr/skywalker-tps6699x/build-ro/modules/ec/zephyr/include/ec_version.h
[skywalker-tps6699x:ro] [233/365] Building C object modules/ec/zephyr/CMakeFiles/ec_shim.dir/shim/src/i2c.c.obj
[skywalker-tps6699x:ro] [234/365] Building C object modules/ec/zephyr/CMakeFiles/ec_shim.dir/shim/src/tasks.c.obj
[quandiso2:rw] warning: TASK_HOSTCMD_STACK_SIZE (defined at
[quandiso2:rw] /mnt/host/source/src/platform/ec/zephyr/Kconfig.stacks:52,
[quandiso2:rw] /mnt/host/source/src/platform/ec/zephyr/Kconfig.tasks:123) was assigned the value '1280' but got the
[quandiso2:rw] value '1152'. See http://docs.zephyrproject.org/latest/kconfig.html#CONFIG_TASK_HOSTCMD_STACK_SIZE
[quandiso2:rw] and/or look up TASK_HOSTCMD_STACK_SIZE in the menuconfig/guiconfig interface. The Application
[quandiso2:rw] Development Primer, Setting Configuration Values, and Kconfig - Tips and Best Practices sections of
[quandiso2:rw] the manual might be helpful too.
[quandiso2:rw] warning: Deprecated symbol I2C_ALLOW_NO_STOP_TRANSACTIONS is enabled.
[skywalker-tps6699x:ro] [235/365] Building C object CMakeFiles/app.dir/mnt/host/source/src/platform/ec/zephyr/subsys/ap_pwrseq/ap_events.c.obj
[skywalker-tps6699x:ro] [236/365] Building C object modules/ec/zephyr/CMakeFiles/ec_shim.dir/shim/src/watchdog.c.obj
[skywalker-tps6699x:ro] [237/365] Building C object modules/ec/zephyr/CMakeFiles/ec_shim.dir/shim/src/usba.c.obj
[skywalker-tps6699x:ro] [238/365] Building C object zephyr/kernel/CMakeFiles/kernel.dir/main_weak.c.obj
[spikyrock:ro] Loaded configuration '/mnt/host/source/src/platform/ec/zephyr/boards/google/it8xxx2/it8xxx2_it82202ax_512_defconfig'
[spikyrock:ro] Merged configuration '/mnt/host/source/src/platform/ec/zephyr/program/roach/program.conf'
[spikyrock:ro] Merged configuration '/mnt/host/source/src/platform/ec/zephyr/program/roach/spikyrock/project.conf'
[spikyrock:ro] Merged configuration '/mnt/host/source/src/platform/ec/build/zephyr/spikyrock/kconfig-ro.conf'
[spikyrock:ro] Configuration saved to '/mnt/host/source/src/platform/ec/build/zephyr/spikyrock/build-ro/zephyr/.config'
[spikyrock:ro] Kconfig header saved to '/mnt/host/source/src/platform/ec/build/zephyr/spikyrock/build-ro/zephyr/include/generated/zephyr/autoconf.h'
[spikyrock:ro] -- Found GnuLd: /home/jpmurphy/.cache/coreboot-sdk/riscv64-elf/96b949749225b6aaa92ed810ab769e8dfb12f000/riscv64-elf/bin/ld.bfd (found version "2.43.1")
[skywalker-tps6699x:rw] [73/365] Building C object CMakeFiles/app.dir/mnt/host/source/src/platform/ec/build/zephyr/skywalker-tps6699x/modules/ec/common/lid_angle_keyboard_policy.c.obj
[skywalker-tps6699x:rw] [74/365] Building C object CMakeFiles/app.dir/mnt/host/source/src/platform/ec/build/zephyr/skywalker-tps6699x/modules/ec/common/lid_angle.c.obj
[skywalker-tps6699x:rw] [75/365] Building C object CMakeFiles/app.dir/mnt/host/source/src/platform/ec/build/zephyr/skywalker-tps6699x/modules/ec/common/lid_switch.c.obj
[skywalker-tps6699x:rw] [76/365] Building C object CMakeFiles/app.dir/mnt/host/source/src/platform/ec/build/zephyr/skywalker-tps6699x/modules/ec/common/mkbp_event.c.obj
[quandiso2:rw] Parsing /mnt/host/source/src/platform/ec/zephyr/program/nissa/Kconfig
[spikyrock:ro] -- The C compiler identification is GNU 14.2.0
[skywalker-tps6699x:rw] [77/365] Building C object CMakeFiles/app.dir/mnt/host/source/src/platform/ec/build/zephyr/skywalker-tps6699x/modules/ec/common/motion_sense.c.obj
[skywalker-tps6699x:ro] [239/365] Building C object CMakeFiles/app.dir/mnt/host/source/src/platform/ec/zephyr/subsys/pd_controller/pdc_pmc_debug.c.obj
[/mnt/host/source/src/platform/ec/build/zephyr/winterhold-lcov]   /mnt/host/source/src/platform/ec/build/zephyr/winterhold/build-rw/zephyr/arch/arch/arm/core/mpu/CMakeFiles/arch__arm__core__mpu.dir/arm_mpu_regions.c.gcno:no functions found
[/mnt/host/source/src/platform/ec/build/zephyr/winterhold-lcov] stderr:
[spikyrock:ro] -- The CXX compiler identification is GNU 14.2.0
[skywalker-tps6699x:ro] [240/365] Building C object CMakeFiles/app.dir/mnt/host/source/src/platform/ec/zephyr/subsys/pd_controller/pdc_stub.c.obj
[spikyrock:ro] -- The ASM compiler identification is GNU
[spikyrock:ro] CMake Warning at /mnt/host/source/src/platform/ec/zephyr/cmake/linker/ld/linker_libraries.cmake:11 (message):
[spikyrock:ro]   Disabling c_library
[spikyrock:ro] Call Stack (most recent call first):
[spikyrock:ro]   /mnt/host/source/src/third_party/zephyr/main/cmake/target_toolchain_flags.cmake:48 (include)
[spikyrock:ro]   /mnt/host/source/src/third_party/zephyr/main/cmake/modules/kernel.cmake:153 (include)
[spikyrock:ro]   /mnt/host/source/src/third_party/zephyr/main/cmake/modules/zephyr_default.cmake:138 (include)
[spikyrock:ro]   /mnt/host/source/src/third_party/zephyr/main/share/zephyr-package/cmake/ZephyrConfig.cmake:66 (include)
[spikyrock:ro]   /mnt/host/source/src/third_party/zephyr/main/share/zephyr-package/cmake/ZephyrConfig.cmake:97 (include_boilerplate)
[spikyrock:ro]   CMakeLists.txt:7 (find_package)
[skywalker-tps6699x:ro] [241/365] Building C object CMakeFiles/app.dir/mnt/host/source/src/platform/ec/zephyr/subsys/pd_controller/pdc_console.c.obj
[skywalker-tps6699x:ro] [242/365] Building C object CMakeFiles/app.dir/mnt/host/source/src/platform/ec/zephyr/subsys/pd_controller/pdc_host_cmd.c.obj
[skywalker-tps6699x:rw] [78/365] Building C object CMakeFiles/app.dir/mnt/host/source/src/platform/ec/build/zephyr/skywalker-tps6699x/modules/ec/common/power_button.c.obj
[skywalker-tps6699x:ro] [243/365] Building C object CMakeFiles/app.dir/mnt/host/source/src/platform/ec/zephyr/subsys/pd_controller/pdc_dpm.c.obj
[skywalker-tps6699x:rw] [79/365] Building C object CMakeFiles/app.dir/mnt/host/source/src/platform/ec/build/zephyr/skywalker-tps6699x/modules/ec/power/common.c.obj
[skywalker-tps6699x:rw] [80/365] Building C object CMakeFiles/app.dir/mnt/host/source/src/platform/ec/build/zephyr/skywalker-tps6699x/modules/ec/power/host_sleep.c.obj
[skywalker-tps6699x:rw] [81/365] Building C object CMakeFiles/app.dir/mnt/host/source/src/platform/ec/build/zephyr/skywalker-tps6699x/modules/ec/power/mt8186.c.obj
[/mnt/host/source/src/platform/ec/build/zephyr/winterhold-lcov]   /mnt/host/source/src/platform/ec/build/zephyr/winterhold/build-rw/zephyr/arch/common/CMakeFiles/isr_tables.dir/isr_tables.c.gcno:no functions found
[/mnt/host/source/src/platform/ec/build/zephyr/winterhold-lcov] stderr:
[quandiso2:rw] Loaded configuration '/mnt/host/source/src/platform/ec/zephyr/boards/google/it8xxx2/it8xxx2_it81302bx_defconfig'
[quandiso2:rw] Merged configuration '/mnt/host/source/src/platform/ec/zephyr/program/nissa/program.conf'
[quandiso2:rw] Merged configuration '/mnt/host/source/src/platform/ec/zephyr/program/nissa/it8xxx2_program.conf'
[quandiso2:rw] Merged configuration '/mnt/host/source/src/platform/ec/zephyr/program/nissa/quandiso2/project.conf'
[quandiso2:rw] Merged configuration '/mnt/host/source/src/platform/ec/build/zephyr/quandiso2/kconfig-rw.conf'
[quandiso2:rw] Configuration saved to '/mnt/host/source/src/platform/ec/build/zephyr/quandiso2/build-rw/zephyr/.config'
[quandiso2:rw] Kconfig header saved to '/mnt/host/source/src/platform/ec/build/zephyr/quandiso2/build-rw/zephyr/include/generated/zephyr/autoconf.h'
[quandiso2:rw] -- Found GnuLd: /home/jpmurphy/.cache/coreboot-sdk/riscv64-elf/96b949749225b6aaa92ed810ab769e8dfb12f000/riscv64-elf/bin/ld.bfd (found version "2.43.1")
[/mnt/host/source/src/platform/ec/build/zephyr/mtlrvpp_m1723-lcov]   /mnt/host/source/src/platform/ec/build/zephyr/mtlrvpp_m1723/build-rw/zephyr/CMakeFiles/zephyr.dir/subsys/shell/modules/kernel_service/kernel_shell.c.gcno:no functions found
[/mnt/host/source/src/platform/ec/build/zephyr/mtlrvpp_m1723-lcov] stderr:
[spikyrock:ro] -- Found assembler: /home/jpmurphy/.cache/coreboot-sdk/riscv64-elf/96b949749225b6aaa92ed810ab769e8dfb12f000/bin/riscv64-elf-gcc
[spikyrock:ro] -- Performing EC specific devicetree checks
[skywalker-tps6699x:ro] [244/365] Building C object CMakeFiles/app.dir/mnt/host/source/src/platform/ec/zephyr/subsys/pd_controller/pdc_power_mgmt.c.obj
[skywalker-tps6699x:ro] [245/365] Building C object CMakeFiles/app.dir/mnt/host/source/src/platform/ec/zephyr/subsys/ucsi/ppm_common.c.obj
[skywalker-tps6699x:rw] [82/365] Building C object CMakeFiles/app.dir/mnt/host/source/src/platform/ec/build/zephyr/skywalker-tps6699x/modules/ec/common/panic_output.c.obj
[spikyrock:ro] INFO: Verified 4 GPIOs, no duplicates found
[/mnt/host/source/src/platform/ec/build/zephyr/mtlrvpp_m1723-lcov]   /mnt/host/source/src/platform/ec/build/zephyr/mtlrvpp_m1723/build-rw/zephyr/CMakeFiles/zephyr.dir/lib/libc/validate_libc.c.gcno:no functions found
[/mnt/host/source/src/platform/ec/build/zephyr/mtlrvpp_m1723-lcov] stderr:
[quandiso2:rw] -- The C compiler identification is GNU 14.2.0
[spikyrock:ro] -- Generating component manifest file
[skywalker-tps6699x:rw] [83/365] Building C object CMakeFiles/app.dir/mnt/host/source/src/platform/ec/build/zephyr/skywalker-tps6699x/modules/ec/common/sha256.c.obj
[skywalker-tps6699x:ro] [246/365] Building C object CMakeFiles/app.dir/mnt/host/source/src/platform/ec/zephyr/subsys/ucsi/ppm_console.c.obj
[skywalker-tps6699x:ro] [247/365] Building C object CMakeFiles/app.dir/mnt/host/source/src/platform/ec/build/zephyr/skywalker-tps6699x/modules/ec/builtin/stdlib.c.obj
[skywalker-tps6699x:ro] [248/365] Building C object CMakeFiles/app.dir/mnt/host/source/src/platform/ec/zephyr/subsys/ucsi/ucsi_host_cmd.c.obj
[quandiso2:rw] -- The CXX compiler identification is GNU 14.2.0
[spikyrock:ro] INFO: Verified 64 '*-gpios' properties, all flags match.
[spikyrock:ro] INFO: Skipped 1 named-gpios children.
[spikyrock:ro] INFO: Running CME, outputting to /mnt/host/source/src/platform/ec/build/zephyr/spikyrock/build-ro/zephyr/component_manifest.json
[spikyrock:ro] INFO: Project spikyrock does not support SSFC
[spikyrock:ro] INFO: No usbc node found
[spikyrock:ro] INFO: No motionsense-sensor node found
[skywalker-tps6699x:rw] [84/365] Building C object CMakeFiles/app.dir/mnt/host/source/src/platform/ec/build/zephyr/skywalker-tps6699x/modules/ec/common/switch.c.obj
[skywalker-tps6699x:ro] [249/365] Building C object CMakeFiles/app.dir/mnt/host/source/src/platform/ec/zephyr/subsys/ucsi/ppm_driver.c.obj
[skywalker-tps6699x:rw] [85/365] Building C object CMakeFiles/app.dir/mnt/host/source/src/platform/ec/build/zephyr/skywalker-tps6699x/modules/ec/common/shared_mem.c.obj
[spikyrock:ro] -- warning_base_override: -Wall;-Wformat;-Wformat-security;-Wformat;-Wno-format-zero-length;-Wno-pointer-sign;-Wpointer-arith;-Wexpansion-to-defined
[quandiso2:rw] -- The ASM compiler identification is GNU
[quandiso2:rw] -- Found assembler: /home/jpmurphy/.cache/coreboot-sdk/riscv64-elf/96b949749225b6aaa92ed810ab769e8dfb12f000/bin/riscv64-elf-gcc
[skywalker-tps6699x:rw] [86/365] Building C object CMakeFiles/app.dir/mnt/host/source/src/platform/ec/build/zephyr/skywalker-tps6699x/modules/ec/common/spi_flash_reg.c.obj
[quandiso2:rw] CMake Warning at /mnt/host/source/src/platform/ec/zephyr/cmake/linker/ld/linker_libraries.cmake:11 (message):
[quandiso2:rw]   Disabling c_library
[quandiso2:rw] Call Stack (most recent call first):
[quandiso2:rw]   /mnt/host/source/src/third_party/zephyr/main/cmake/target_toolchain_flags.cmake:48 (include)
[quandiso2:rw]   /mnt/host/source/src/third_party/zephyr/main/cmake/modules/kernel.cmake:153 (include)
[quandiso2:rw]   /mnt/host/source/src/third_party/zephyr/main/cmake/modules/zephyr_default.cmake:138 (include)
[quandiso2:rw]   /mnt/host/source/src/third_party/zephyr/main/share/zephyr-package/cmake/ZephyrConfig.cmake:66 (include)
[quandiso2:rw]   /mnt/host/source/src/third_party/zephyr/main/share/zephyr-package/cmake/ZephyrConfig.cmake:97 (include_boilerplate)
[quandiso2:rw]   CMakeLists.txt:7 (find_package)
[skywalker-tps6699x:ro] [250/365] Building C object CMakeFiles/app.dir/mnt/host/source/src/platform/ec/build/zephyr/skywalker-tps6699x/modules/ec/common/base32.c.obj
[spikyrock:ro] -- Found gen_kobject_list: /mnt/host/source/src/third_party/zephyr/main/scripts/build/gen_kobject_list.py
[skywalker-tps6699x:ro] [251/365] Building C object CMakeFiles/app.dir/mnt/host/source/src/platform/ec/build/zephyr/skywalker-tps6699x/modules/ec/common/console_output.c.obj
[spikyrock:ro] CMake Warning at /mnt/host/source/src/third_party/zephyr/main/CMakeLists.txt:2359 (message):
[spikyrock:ro]   __ASSERT() statements are globally ENABLED
[skywalker-tps6699x:rw] [87/365] Building C object CMakeFiles/app.dir/mnt/host/source/src/platform/ec/build/zephyr/skywalker-tps6699x/modules/ec/driver/stm_mems_common.c.obj
[spikyrock:ro] Loading Zephyr default modules (Zephyr base (cached)).
[skywalker-tps6699x:rw] [88/365] Building C object CMakeFiles/app.dir/mnt/host/source/src/platform/ec/build/zephyr/skywalker-tps6699x/modules/ec/common/tablet_mode.c.obj
[spikyrock:ro] -- Configuring done (14.8s)
[skywalker-tps6699x:ro] [252/365] Building C object CMakeFiles/app.dir/mnt/host/source/src/platform/ec/build/zephyr/skywalker-tps6699x/modules/ec/common/ec_features.c.obj
[quandiso2:rw] -- Performing EC specific devicetree checks
[skywalker-tps6699x:ro] [253/365] Building C object CMakeFiles/app.dir/mnt/host/source/src/platform/ec/build/zephyr/skywalker-tps6699x/modules/ec/common/peripheral.c.obj
[skywalker-tps6699x:ro] [254/365] Building C object CMakeFiles/app.dir/mnt/host/source/src/platform/ec/build/zephyr/skywalker-tps6699x/modules/ec/common/printf.c.obj
[quandiso2:rw] INFO: Verified 56 GPIOs, no duplicates found
[skywalker-tps6699x:rw] [89/365] Building C object CMakeFiles/app.dir/mnt/host/source/src/platform/ec/build/zephyr/skywalker-tps6699x/modules/ec/common/timer.c.obj
[quandiso2:rw] INFO: Verified 18 '*-gpios' properties, all flags match.
[skywalker-tps6699x:rw] [90/365] Building C object CMakeFiles/app.dir/mnt/host/source/src/platform/ec/build/zephyr/skywalker-tps6699x/modules/ec/common/usbc_utils.c.obj
[skywalker-tps6699x:ro] [255/365] Building C object CMakeFiles/app.dir/mnt/host/source/src/platform/ec/build/zephyr/skywalker-tps6699x/modules/ec/common/gpio_commands.c.obj
[skywalker-tps6699x:rw] [91/365] Building C object CMakeFiles/app.dir/mnt/host/source/src/platform/ec/build/zephyr/skywalker-tps6699x/modules/ec/common/usb_port_power_dumb.c.obj
[spikyrock:ro] -- Generating done (0.4s)
[spikyrock:ro] CMake Warning:
[skywalker-tps6699x:ro] [256/365] Building C object CMakeFiles/app.dir/mnt/host/source/src/platform/ec/build/zephyr/skywalker-tps6699x/modules/ec/common/queue.c.obj
[spikyrock:ro] -- Build files have been written to: /mnt/host/source/src/platform/ec/build/zephyr/spikyrock/build-ro
[spikyrock:ro]   Manually-specified variables were not used by the project:
[spikyrock:ro]     COREBOOT_SDK_ROOT_arm
[spikyrock:ro]     COREBOOT_SDK_ROOT_libstdcxx_arm
[spikyrock:ro]     COREBOOT_SDK_ROOT_libstdcxx_x86
[spikyrock:ro]     COREBOOT_SDK_ROOT_nds32
[spikyrock:ro]     COREBOOT_SDK_ROOT_picolibc_arm
[spikyrock:ro]     COREBOOT_SDK_ROOT_picolibc_x86
[spikyrock:ro]     COREBOOT_SDK_ROOT_riscv
[spikyrock:ro]     COREBOOT_SDK_ROOT_x86
[quandiso2:rw] -- Generating component manifest file
[quandiso2:rw] INFO: Skipped 14 named-gpios children.
[quandiso2:rw] INFO: Running CME, outputting to /mnt/host/source/src/platform/ec/build/zephyr/quandiso2/build-rw/zephyr/component_manifest.json
[quandiso2:rw] INFO: Component usbpd@f03700(ite,it8xxx2-usbpd) not on I2C bus, skip it
[quandiso2:rw] INFO: Component virtual-mux-0(cros-ec,usbc-mux-virtual) not on I2C bus, skip it
[quandiso2:rw] INFO: Component virtual-mux-1(cros-ec,usbc-mux-virtual) not on I2C bus, skip it
[skywalker-tps6699x:ro] [257/365] Building C object CMakeFiles/app.dir/mnt/host/source/src/platform/ec/build/zephyr/skywalker-tps6699x/modules/ec/common/system.c.obj
[skywalker-tps6699x:rw] [92/365] Building C object CMakeFiles/app.dir/mnt/host/source/src/platform/ec/build/zephyr/skywalker-tps6699x/modules/ec/common/chargen.c.obj
[skywalker-tps6699x:rw] [93/365] Building C object CMakeFiles/app.dir/mnt/host/source/src/platform/ec/build/zephyr/skywalker-tps6699x/modules/ec/common/usb_common.c.obj
[skywalker-tps6699x:ro] [258/365] Building C object CMakeFiles/app.dir/mnt/host/source/src/platform/ec/build/zephyr/skywalker-tps6699x/modules/ec/common/system_boot_time.c.obj
[skywalker-tps6699x:ro] [259/365] Building C object CMakeFiles/app.dir/mnt/host/source/src/platform/ec/build/zephyr/skywalker-tps6699x/modules/ec/common/uart_printf.c.obj
[skywalker-tps6699x:ro] [260/365] Building C object CMakeFiles/app.dir/mnt/host/source/src/platform/ec/build/zephyr/skywalker-tps6699x/modules/ec/common/util.c.obj
[quandiso2:rw] -- warning_base_override: -Wall;-Wformat;-Wformat-security;-Wformat;-Wno-format-zero-length;-Wno-pointer-sign;-Wpointer-arith;-Wexpansion-to-defined
[skywalker-tps6699x:rw] [94/365] Building C object CMakeFiles/app.dir/mnt/host/source/src/platform/ec/build/zephyr/skywalker-tps6699x/modules/ec/common/vboot_hash.c.obj
[skywalker-tps6699x:ro] [261/365] Building C object CMakeFiles/app.dir/mnt/host/source/src/platform/ec/build/zephyr/skywalker-tps6699x/modules/ec/common/version.c.obj
[skywalker-tps6699x:rw] [95/365] Building C object CMakeFiles/app.dir/mnt/host/source/src/platform/ec/build/zephyr/skywalker-tps6699x/modules/ec/common/usb_pd_host_cmd_common.c.obj
[skywalker-tps6699x:rw] [96/365] Building C object CMakeFiles/app.dir/mnt/host/source/src/platform/ec/build/zephyr/skywalker-tps6699x/modules/ec/common/button.c.obj
[quandiso2:rw] -- Found gen_kobject_list: /mnt/host/source/src/third_party/zephyr/main/scripts/build/gen_kobject_list.py
[skywalker-tps6699x:ro] [262/365] Building C object CMakeFiles/app.dir/mnt/host/source/src/platform/ec/build/zephyr/skywalker-tps6699x/modules/ec/driver/accel_bma4xx.c.obj
[skywalker-tps6699x:rw] [97/365] Building C object CMakeFiles/app.dir/mnt/host/source/src/platform/ec/build/zephyr/skywalker-tps6699x/modules/ec/common/vboot/efs2.c.obj
[skywalker-tps6699x:rw] [98/365] Building C object CMakeFiles/app.dir/mnt/host/source/src/platform/ec/build/zephyr/skywalker-tps6699x/modules/ec/common/math_util.c.obj
[quandiso2:rw] -- Configuring done (16.0s)
[skywalker-tps6699x:rw] [99/365] Building C object CMakeFiles/app.dir/mnt/host/source/src/platform/ec/build/zephyr/skywalker-tps6699x/modules/ec/common/vstore.c.obj
[skywalker-tps6699x:ro] [263/365] Building C object CMakeFiles/app.dir/mnt/host/source/src/platform/ec/build/zephyr/skywalker-tps6699x/modules/ec/driver/accel_lis2dw12.c.obj
[skywalker-tps6699x:ro] [264/365] Building C object CMakeFiles/app.dir/mnt/host/source/src/platform/ec/build/zephyr/skywalker-tps6699x/modules/ec/driver/accelgyro_bmi3xx.c.obj
[skywalker-tps6699x:ro] [265/365] Building C object CMakeFiles/app.dir/mnt/host/source/src/platform/ec/build/zephyr/skywalker-tps6699x/modules/ec/driver/accelgyro_bmi_common.c.obj
[skywalker-tps6699x:rw] [100/365] Building C object CMakeFiles/app.dir/mnt/host/source/src/platform/ec/build/zephyr/skywalker-tps6699x/modules/ec/zephyr/program/skywalker/src/i2c.c.obj
[skywalker-tps6699x:ro] [266/365] Building C object CMakeFiles/app.dir/mnt/host/source/src/platform/ec/build/zephyr/skywalker-tps6699x/modules/ec/common/motion_sense_fifo.c.obj
[skywalker-tps6699x:ro] [267/365] Building C object CMakeFiles/app.dir/mnt/host/source/src/platform/ec/build/zephyr/skywalker-tps6699x/modules/ec/common/adc.c.obj
[skywalker-tps6699x:rw] [101/365] Building C object CMakeFiles/app.dir/mnt/host/source/src/platform/ec/build/zephyr/skywalker-tps6699x/modules/ec/zephyr/program/skywalker/src/hibernate.c.obj
[quandiso2:rw] -- Generating done (0.5s)
[quandiso2:rw] INFO: Component tcpci-mux-1(parade,usbc-mux-ps8xxx) not on I2C bus, skip it
[quandiso2:rw] INFO: Component virtual-mux-1(cros-ec,usbc-mux-virtual) not on I2C bus, skip it
[quandiso2:rw] CMake Warning:
[skywalker-tps6699x:rw] [102/365] Building C object CMakeFiles/app.dir/mnt/host/source/src/platform/ec/build/zephyr/skywalker-tps6699x/modules/ec/zephyr/program/skywalker/src/hooks.c.obj
[/mnt/host/source/src/platform/ec/build/zephyr/winterhold-lcov]   /mnt/host/source/src/platform/ec/build/zephyr/winterhold/build-rw/zephyr/CMakeFiles/zephyr.dir/subsys/shell/modules/kernel_service/kernel_shell.c.gcno:no functions found
[/mnt/host/source/src/platform/ec/build/zephyr/winterhold-lcov] stderr:
[quandiso2:rw] -- Build files have been written to: /mnt/host/source/src/platform/ec/build/zephyr/quandiso2/build-rw
[quandiso2:rw]   Manually-specified variables were not used by the project:
[quandiso2:rw]     COREBOOT_SDK_ROOT_arm
[quandiso2:rw]     COREBOOT_SDK_ROOT_libstdcxx_arm
[quandiso2:rw]     COREBOOT_SDK_ROOT_libstdcxx_x86
[quandiso2:rw]     COREBOOT_SDK_ROOT_nds32
[quandiso2:rw]     COREBOOT_SDK_ROOT_picolibc_arm
[quandiso2:rw]     COREBOOT_SDK_ROOT_picolibc_x86
[quandiso2:rw]     COREBOOT_SDK_ROOT_riscv
[quandiso2:rw]     COREBOOT_SDK_ROOT_x86
[skywalker-tps6699x:rw] [103/365] Building C object CMakeFiles/app.dir/mnt/host/source/src/platform/ec/build/zephyr/skywalker-tps6699x/modules/ec/zephyr/program/skywalker/src/backlight.c.obj
[skywalker-tps6699x:ro] [268/365] Building C object CMakeFiles/app.dir/mnt/host/source/src/platform/ec/build/zephyr/skywalker-tps6699x/modules/ec/common/battery.c.obj
[skywalker-tps6699x:rw] [104/365] Building C object zephyr/CMakeFiles/zephyr.dir/lib/libc/validate_libc.c.obj
[/mnt/host/source/src/platform/ec/build/zephyr/winterhold-lcov]   /mnt/host/source/src/platform/ec/build/zephyr/winterhold/build-rw/zephyr/CMakeFiles/zephyr.dir/lib/libc/validate_libc.c.gcno:no functions found
[/mnt/host/source/src/platform/ec/build/zephyr/winterhold-lcov] stderr:
[skywalker-tps6699x:rw] [105/365] Building C object CMakeFiles/app.dir/skywalker/src/sensor.c.obj
[skywalker-tps6699x:rw] [106/365] Building C object CMakeFiles/app.dir/mnt/host/source/src/platform/ec/build/zephyr/skywalker-tps6699x/modules/ec/zephyr/program/skywalker/src/dp_alt_mode.c.obj
[skywalker-tps6699x:rw] [107/365] Building C object zephyr/CMakeFiles/zephyr.dir/lib/heap/heap.c.obj
[skywalker-tps6699x:ro] [269/365] Building C object CMakeFiles/app.dir/mnt/host/source/src/platform/ec/build/zephyr/skywalker-tps6699x/modules/ec/common/battery_info.c.obj
[skywalker-tps6699x:ro] [270/365] Building C object CMakeFiles/app.dir/mnt/host/source/src/platform/ec/build/zephyr/skywalker-tps6699x/modules/ec/common/battery_fuel_gauge.c.obj
[skywalker-tps6699x:ro] [271/365] Building C object CMakeFiles/app.dir/mnt/host/source/src/platform/ec/build/zephyr/skywalker-tps6699x/modules/ec/driver/battery/smart.c.obj
[skywalker-tps6699x:rw] [108/365] Linking C static library app/libapp.a
[skywalker-tps6699x:rw] [109/365] Building C object zephyr/CMakeFiles/zephyr.dir/lib/os/cbprintf_packaged.c.obj
[skywalker-tps6699x:ro] [272/365] Building C object CMakeFiles/app.dir/mnt/host/source/src/platform/ec/build/zephyr/skywalker-tps6699x/modules/ec/common/charger.c.obj
[skywalker-tps6699x:ro] [273/365] Building C object CMakeFiles/app.dir/mnt/host/source/src/platform/ec/build/zephyr/skywalker-tps6699x/modules/ec/driver/charger/bq25710.c.obj
[skywalker-tps6699x:rw] [110/365] Building C object zephyr/CMakeFiles/zephyr.dir/lib/os/clock.c.obj
[skywalker-tps6699x:rw] [111/365] Building C object zephyr/CMakeFiles/zephyr.dir/lib/utils/base64.c.obj
[skywalker-tps6699x:rw] [112/365] Building C object zephyr/CMakeFiles/zephyr.dir/lib/os/printk.c.obj
[skywalker-tps6699x:rw] [113/365] Building C object zephyr/CMakeFiles/zephyr.dir/lib/os/sem.c.obj
[skywalker-tps6699x:rw] [114/365] Building C object zephyr/CMakeFiles/zephyr.dir/lib/os/thread_entry.c.obj
[skywalker-tps6699x:rw] [115/365] Building C object zephyr/CMakeFiles/zephyr.dir/lib/os/cbprintf_nano.c.obj
[skywalker-tps6699x:rw] [116/365] Building C object zephyr/CMakeFiles/zephyr.dir/lib/utils/dec.c.obj
[skywalker-tps6699x:rw] [117/365] Building C object zephyr/CMakeFiles/zephyr.dir/lib/os/cbprintf.c.obj
[skywalker-tps6699x:rw] [118/365] Building C object zephyr/CMakeFiles/zephyr.dir/lib/utils/timeutil.c.obj
[skywalker-tps6699x:rw] [119/365] Building C object zephyr/CMakeFiles/zephyr.dir/lib/utils/hex.c.obj
[skywalker-tps6699x:rw] [120/365] Building C object zephyr/CMakeFiles/zephyr.dir/lib/os/assert.c.obj
[skywalker-tps6699x:ro] [274/365] Building C object CMakeFiles/app.dir/mnt/host/source/src/platform/ec/build/zephyr/skywalker-tps6699x/modules/ec/common/cbi_common.c.obj
[skywalker-tps6699x:ro] [275/365] Building C object CMakeFiles/app.dir/mnt/host/source/src/platform/ec/build/zephyr/skywalker-tps6699x/modules/ec/common/charge_state.c.obj
[skywalker-tps6699x:ro] [276/365] Building C object CMakeFiles/app.dir/mnt/host/source/src/platform/ec/build/zephyr/skywalker-tps6699x/modules/ec/common/cbi.c.obj
[skywalker-tps6699x:rw] [121/365] Building C object zephyr/CMakeFiles/zephyr.dir/lib/utils/bitmask.c.obj
[skywalker-tps6699x:rw] [122/365] Building C object zephyr/CMakeFiles/zephyr.dir/lib/utils/last_section_id.c.obj
[skywalker-tps6699x:rw] [123/365] Building C object zephyr/CMakeFiles/zephyr.dir/lib/utils/rb.c.obj
[skywalker-tps6699x:rw] [124/365] Building C object zephyr/CMakeFiles/zephyr.dir/lib/utils/ring_buffer.c.obj
[skywalker-tps6699x:ro] [277/365] Building C object CMakeFiles/app.dir/mnt/host/source/src/platform/ec/build/zephyr/skywalker-tps6699x/modules/ec/common/cbi_config.c.obj
[skywalker-tps6699x:rw] [125/365] Building C object zephyr/CMakeFiles/zephyr.dir/misc/generated/configs.c.obj
[skywalker-tps6699x:ro] [278/365] Building C object CMakeFiles/app.dir/mnt/host/source/src/platform/ec/build/zephyr/skywalker-tps6699x/modules/ec/common/memory_commands.c.obj
[skywalker-tps6699x:ro] [279/365] Building C object CMakeFiles/app.dir/mnt/host/source/src/platform/ec/build/zephyr/skywalker-tps6699x/modules/ec/common/charge_manager.c.obj
[/mnt/host/source/src/platform/ec/build/zephyr/winterhold-lcov]   /mnt/host/source/src/platform/ec/build/zephyr/winterhold/build-rw/zephyr/CMakeFiles/zephyr.dir/lib/utils/last_section_id.c.gcno:no functions found
[/mnt/host/source/src/platform/ec/build/zephyr/winterhold-lcov] stderr:
[skywalker-tps6699x:rw] [126/365] Building C object zephyr/CMakeFiles/zephyr.dir/lib/utils/bitarray.c.obj
[skywalker-tps6699x:rw] [127/365] Building C object zephyr/CMakeFiles/zephyr.dir/lib/utils/getopt/getopt.c.obj
[skywalker-tps6699x:rw] [128/365] Building C object zephyr/CMakeFiles/zephyr.dir/lib/utils/getopt/getopt_common.c.obj
[skywalker-tps6699x:ro] [280/365] Building C object CMakeFiles/app.dir/mnt/host/source/src/platform/ec/build/zephyr/skywalker-tps6699x/modules/ec/common/chipset.c.obj
[skywalker-tps6699x:ro] [281/365] Building C object CMakeFiles/app.dir/mnt/host/source/src/platform/ec/build/zephyr/skywalker-tps6699x/modules/ec/common/extpower_common.c.obj
[skywalker-tps6699x:rw] [129/365] Building C object zephyr/CMakeFiles/zephyr.dir/soc/nuvoton/npcx/common/npcxn/registers.c.obj
[skywalker-tps6699x:rw] [130/365] Building C object zephyr/CMakeFiles/zephyr.dir/soc/nuvoton/npcx/common/power.c.obj
[skywalker-tps6699x:rw] [131/365] Building C object zephyr/CMakeFiles/zephyr.dir/soc/nuvoton/npcx/common/scfg.c.obj
[skywalker-tps6699x:ro] [282/365] Building C object CMakeFiles/app.dir/mnt/host/source/src/platform/ec/build/zephyr/skywalker-tps6699x/modules/ec/common/ap_reset_log.c.obj
[skywalker-tps6699x:rw] [132/365] Building C object zephyr/CMakeFiles/zephyr.dir/soc/nuvoton/npcx/npcx9/soc.c.obj
[skywalker-tps6699x:rw] [133/365] Building C object zephyr/CMakeFiles/zephyr.dir/subsys/logging/log_minimal.c.obj
[skywalker-tps6699x:ro] [283/365] Building C object CMakeFiles/app.dir/mnt/host/source/src/platform/ec/build/zephyr/skywalker-tps6699x/modules/ec/common/extpower_gpio.c.obj
[skywalker-tps6699x:ro] [284/365] Building C object CMakeFiles/app.dir/mnt/host/source/src/platform/ec/build/zephyr/skywalker-tps6699x/modules/ec/common/host_command.c.obj
[skywalker-tps6699x:ro] [285/365] Building C object CMakeFiles/app.dir/mnt/host/source/src/platform/ec/build/zephyr/skywalker-tps6699x/modules/ec/common/flash.c.obj
[skywalker-tps6699x:rw] [134/365] Building C object zephyr/CMakeFiles/zephyr.dir/subsys/pm/pm.c.obj
[skywalker-tps6699x:rw] [135/365] Building C object zephyr/CMakeFiles/zephyr.dir/subsys/pm/state.c.obj
[skywalker-tps6699x:rw] [136/365] Building C object zephyr/CMakeFiles/zephyr.dir/subsys/mem_mgmt/mem_attr.c.obj
[skywalker-tps6699x:rw] [137/365] Building C object zephyr/CMakeFiles/zephyr.dir/subsys/pm/policy/policy_latency.c.obj
[skywalker-tps6699x:rw] [138/365] Building C object zephyr/CMakeFiles/zephyr.dir/subsys/pm/policy/policy_events.c.obj
[skywalker-tps6699x:rw] [139/365] Building C object zephyr/CMakeFiles/zephyr.dir/subsys/pm/policy/policy_state_lock.c.obj
[skywalker-tps6699x:ro] [286/365] Building C object CMakeFiles/app.dir/mnt/host/source/src/platform/ec/build/zephyr/skywalker-tps6699x/modules/ec/common/uart_hostcmd.c.obj
[skywalker-tps6699x:ro] [287/365] Building C object CMakeFiles/app.dir/mnt/host/source/src/platform/ec/build/zephyr/skywalker-tps6699x/modules/ec/common/host_event_commands.c.obj
[skywalker-tps6699x:rw] [140/365] Building C object zephyr/CMakeFiles/zephyr.dir/subsys/pm/device.c.obj
[skywalker-tps6699x:ro] [288/365] Building C object CMakeFiles/app.dir/mnt/host/source/src/platform/ec/build/zephyr/skywalker-tps6699x/modules/ec/common/uptime.c.obj
[skywalker-tps6699x:rw] [141/365] Building C object zephyr/CMakeFiles/zephyr.dir/subsys/testsuite/coverage/coverage.c.obj
[skywalker-tps6699x:rw] [142/365] Building C object zephyr/CMakeFiles/zephyr.dir/subsys/tracing/tracing_none.c.obj
[skywalker-tps6699x:ro] [289/365] Building C object CMakeFiles/app.dir/mnt/host/source/src/platform/ec/build/zephyr/skywalker-tps6699x/modules/ec/common/i2c_passthru.c.obj
[skywalker-tps6699x:rw] [143/365] Building C object zephyr/CMakeFiles/zephyr.dir/subsys/pm/device_runtime.c.obj
[skywalker-tps6699x:ro] [290/365] Building C object CMakeFiles/app.dir/mnt/host/source/src/platform/ec/build/zephyr/skywalker-tps6699x/modules/ec/common/i2c_controller.c.obj
[skywalker-tps6699x:ro] [291/365] Building C object CMakeFiles/app.dir/mnt/host/source/src/platform/ec/build/zephyr/skywalker-tps6699x/modules/ec/common/virtual_battery.c.obj
[skywalker-tps6699x:rw] [144/365] Building C object zephyr/CMakeFiles/zephyr.dir/subsys/shell/modules/kernel_service/kernel_shell.c.obj
[skywalker-tps6699x:rw] [145/365] Building C object zephyr/CMakeFiles/zephyr.dir/subsys/shell/modules/kernel_service/cycles.c.obj
[skywalker-tps6699x:rw] [146/365] Building C object zephyr/CMakeFiles/zephyr.dir/subsys/shell/modules/kernel_service/sleep.c.obj
[skywalker-tps6699x:rw] [147/365] Building C object zephyr/CMakeFiles/zephyr.dir/subsys/shell/modules/kernel_service/uptime.c.obj
[skywalker-tps6699x:ro] [292/365] Building C object CMakeFiles/app.dir/mnt/host/source/src/platform/ec/build/zephyr/skywalker-tps6699x/modules/ec/common/mkbp_fifo.c.obj
[skywalker-tps6699x:ro] [293/365] Building C object CMakeFiles/app.dir/mnt/host/source/src/platform/ec/build/zephyr/skywalker-tps6699x/modules/ec/common/keyboard_scan.c.obj
[skywalker-tps6699x:rw] [148/365] Building C object zephyr/CMakeFiles/zephyr.dir/subsys/shell/modules/kernel_service/thread/thread.c.obj
[skywalker-tps6699x:ro] [294/365] Building C object CMakeFiles/app.dir/mnt/host/source/src/platform/ec/build/zephyr/skywalker-tps6699x/modules/ec/common/mkbp_info.c.obj
[skywalker-tps6699x:rw] [149/365] Building C object zephyr/CMakeFiles/zephyr.dir/subsys/shell/modules/kernel_service/version.c.obj
[/mnt/host/source/src/platform/ec/build/zephyr/kingler-lcov]   /mnt/host/source/src/platform/ec/build/zephyr/kingler/build-rw/CMakeFiles/app.dir/mnt/host/source/src/platform/ec/build/zephyr/kingler/modules/ec/common/usb_pd_pdo.c.gcno:no functions found
[/mnt/host/source/src/platform/ec/build/zephyr/kingler-lcov] stderr:
[skywalker-tps6699x:rw] [150/365] Building C object zephyr/CMakeFiles/zephyr.dir/subsys/shell/modules/kernel_service/thread/list.c.obj
[skywalker-tps6699x:ro] [295/365] Building C object CMakeFiles/app.dir/mnt/host/source/src/platform/ec/build/zephyr/skywalker-tps6699x/modules/ec/common/keyboard_mkbp.c.obj
[skywalker-tps6699x:ro] [296/365] Building C object CMakeFiles/app.dir/mnt/host/source/src/platform/ec/build/zephyr/skywalker-tps6699x/modules/ec/common/mkbp_input_devices.c.obj
[skywalker-tps6699x:rw] [151/365] Building C object zephyr/CMakeFiles/zephyr.dir/subsys/shell/modules/kernel_service/thread/resume.c.obj
[skywalker-tps6699x:rw] [152/365] Building C object zephyr/CMakeFiles/zephyr.dir/subsys/shell/modules/kernel_service/thread/stacks.c.obj
[skywalker-tps6699x:rw] [153/365] Building C object zephyr/CMakeFiles/zephyr.dir/subsys/shell/modules/kernel_service/thread/suspend.c.obj
[skywalker-tps6699x:ro] [297/365] Building C object CMakeFiles/app.dir/mnt/host/source/src/platform/ec/build/zephyr/skywalker-tps6699x/modules/ec/common/led_common.c.obj
[skywalker-tps6699x:rw] [154/365] Building C object zephyr/CMakeFiles/zephyr.dir/subsys/shell/modules/kernel_service/thread/kill.c.obj
[skywalker-tps6699x:ro] [298/365] Building C object CMakeFiles/app.dir/mnt/host/source/src/platform/ec/build/zephyr/skywalker-tps6699x/modules/ec/common/motion_lid.c.obj
[skywalker-tps6699x:ro] [299/365] Building C object CMakeFiles/app.dir/mnt/host/source/src/platform/ec/build/zephyr/skywalker-tps6699x/modules/ec/common/lid_angle.c.obj
[skywalker-tps6699x:rw] [155/365] Building C object zephyr/CMakeFiles/zephyr.dir/subsys/shell/backends/shell_uart.c.obj
[skywalker-tps6699x:ro] [300/365] Building C object CMakeFiles/app.dir/mnt/host/source/src/platform/ec/build/zephyr/skywalker-tps6699x/modules/ec/common/lid_angle_keyboard_policy.c.obj
[skywalker-tps6699x:rw] [156/365] Building C object zephyr/CMakeFiles/zephyr.dir/subsys/shell/shell_fprintf.c.obj
[skywalker-tps6699x:rw] [157/365] Building C object zephyr/CMakeFiles/zephyr.dir/subsys/shell/shell.c.obj
[skywalker-tps6699x:rw] [158/365] Building C object zephyr/CMakeFiles/zephyr.dir/subsys/shell/shell_help.c.obj
[skywalker-tps6699x:rw] [159/365] Building C object zephyr/CMakeFiles/zephyr.dir/subsys/shell/shell_utils.c.obj
[skywalker-tps6699x:rw] [160/365] Building C object zephyr/CMakeFiles/zephyr.dir/subsys/shell/shell_ops.c.obj
[skywalker-tps6699x:rw] [161/365] Building C object zephyr/CMakeFiles/zephyr.dir/subsys/shell/shell_history.c.obj
[skywalker-tps6699x:ro] [301/365] Building C object CMakeFiles/app.dir/mnt/host/source/src/platform/ec/build/zephyr/skywalker-tps6699x/modules/ec/common/mkbp_event.c.obj
[skywalker-tps6699x:ro] [302/365] Building C object CMakeFiles/app.dir/mnt/host/source/src/platform/ec/build/zephyr/skywalker-tps6699x/modules/ec/common/lid_switch.c.obj
[skywalker-tps6699x:rw] [162/365] Building C object zephyr/arch/common/CMakeFiles/arch__common.dir/init.c.obj
[skywalker-tps6699x:ro] [303/365] Building C object CMakeFiles/app.dir/mnt/host/source/src/platform/ec/build/zephyr/skywalker-tps6699x/modules/ec/common/motion_sense.c.obj
[skywalker-tps6699x:rw] [163/365] Building C object zephyr/arch/common/CMakeFiles/arch__common.dir/sw_isr_common.c.obj
[skywalker-tps6699x:ro] [304/365] Building C object CMakeFiles/app.dir/mnt/host/source/src/platform/ec/build/zephyr/skywalker-tps6699x/modules/ec/common/power_button.c.obj
[skywalker-tps6699x:rw] [164/365] Building C object zephyr/CMakeFiles/zephyr.dir/drivers/flash/flash_util.c.obj
[skywalker-tps6699x:rw] [165/365] Building ASM object zephyr/arch/arch/arm/core/CMakeFiles/arch__arm__core.dir/nmi_on_reset.S.obj
[skywalker-tps6699x:rw] [166/365] Building C object zephyr/arch/common/CMakeFiles/isr_tables.dir/isr_tables.c.obj
[skywalker-tps6699x:rw] [167/365] Linking C static library zephyr/arch/common/libisr_tables.a
[skywalker-tps6699x:ro] [305/365] Building C object CMakeFiles/app.dir/mnt/host/source/src/platform/ec/build/zephyr/skywalker-tps6699x/modules/ec/power/common.c.obj
[skywalker-tps6699x:rw] [168/365] Linking C static library zephyr/libzephyr.a
[skywalker-tps6699x:rw] [169/365] Building C object zephyr/arch/common/CMakeFiles/arch__common.dir/xip.c.obj
[skywalker-tps6699x:rw] [170/365] Building C object zephyr/arch/arch/arm/core/CMakeFiles/arch__arm__core.dir/nmi.c.obj
[skywalker-tps6699x:ro] [306/365] Building C object CMakeFiles/app.dir/mnt/host/source/src/platform/ec/build/zephyr/skywalker-tps6699x/modules/ec/power/host_sleep.c.obj
[skywalker-tps6699x:rw] [171/365] Linking C static library zephyr/arch/common/libarch__common.a
[/mnt/host/source/src/platform/ec/build/zephyr/mtlrvpp_m1723-lcov]   /mnt/host/source/src/platform/ec/build/zephyr/mtlrvpp_m1723/build-rw/zephyr/CMakeFiles/zephyr.dir/lib/utils/last_section_id.c.gcno:no functions found
[/mnt/host/source/src/platform/ec/build/zephyr/mtlrvpp_m1723-lcov] stderr:
[skywalker-tps6699x:rw] [172/365] Building ASM object zephyr/arch/arch/arm/core/cortex_m/CMakeFiles/arch__arm__core__cortex_m.dir/fault_s.S.obj
[skywalker-tps6699x:rw] [173/365] Building C object zephyr/arch/arch/arm/core/CMakeFiles/arch__arm__core.dir/fatal.c.obj
[skywalker-tps6699x:rw] [174/365] Linking C static library zephyr/arch/arch/arm/core/libarch__arm__core.a
[skywalker-tps6699x:rw] [175/365] Building C object zephyr/arch/arch/arm/core/cortex_m/CMakeFiles/arch__arm__core__cortex_m.dir/exc_exit.c.obj
[skywalker-tps6699x:ro] [307/365] Building C object CMakeFiles/app.dir/mnt/host/source/src/platform/ec/build/zephyr/skywalker-tps6699x/modules/ec/common/panic_output.c.obj
[skywalker-tps6699x:ro] [308/365] Building C object CMakeFiles/app.dir/mnt/host/source/src/platform/ec/build/zephyr/skywalker-tps6699x/modules/ec/power/mt8186.c.obj
[skywalker-tps6699x:ro] [309/365] Building C object CMakeFiles/app.dir/mnt/host/source/src/platform/ec/build/zephyr/skywalker-tps6699x/modules/ec/common/sha256.c.obj
[skywalker-tps6699x:rw] [176/365] Building C object zephyr/arch/arch/arm/core/cortex_m/CMakeFiles/arch__arm__core__cortex_m.dir/fault.c.obj
[skywalker-tps6699x:rw] [177/365] Building ASM object zephyr/arch/arch/arm/core/cortex_m/CMakeFiles/arch__arm__core__cortex_m.dir/vector_table.S.obj
[skywalker-tps6699x:ro] [310/365] Building C object CMakeFiles/app.dir/mnt/host/source/src/platform/ec/build/zephyr/skywalker-tps6699x/modules/ec/common/shared_mem.c.obj
[skywalker-tps6699x:rw] [178/365] Building C object zephyr/arch/arch/arm/core/cortex_m/CMakeFiles/arch__arm__core__cortex_m.dir/fpu.c.obj
[skywalker-tps6699x:rw] [179/365] Building C object zephyr/arch/arch/arm/core/cortex_m/CMakeFiles/arch__arm__core__cortex_m.dir/scb.c.obj
[skywalker-tps6699x:rw] [180/365] Building ASM object zephyr/arch/arch/arm/core/cortex_m/CMakeFiles/arch__arm__core__cortex_m.dir/reset.S.obj
[skywalker-tps6699x:rw] [181/365] Building C object zephyr/arch/arch/arm/core/cortex_m/CMakeFiles/arch__arm__core__cortex_m.dir/thread_abort.c.obj
[skywalker-tps6699x:ro] [311/365] Building C object CMakeFiles/app.dir/mnt/host/source/src/platform/ec/build/zephyr/skywalker-tps6699x/modules/ec/common/spi_flash_reg.c.obj
[skywalker-tps6699x:ro] [312/365] Building C object CMakeFiles/app.dir/mnt/host/source/src/platform/ec/build/zephyr/skywalker-tps6699x/modules/ec/common/switch.c.obj
[skywalker-tps6699x:rw] [182/365] Building ASM object zephyr/arch/arch/arm/core/cortex_m/CMakeFiles/arch__arm__core__cortex_m.dir/swap_helper.S.obj
[skywalker-tps6699x:ro] [313/365] Building C object CMakeFiles/app.dir/mnt/host/source/src/platform/ec/build/zephyr/skywalker-tps6699x/modules/ec/common/tablet_mode.c.obj
[skywalker-tps6699x:rw] [183/365] Building C object zephyr/arch/arch/arm/core/cortex_m/CMakeFiles/arch__arm__core__cortex_m.dir/irq_manage.c.obj
[skywalker-tps6699x:ro] [314/365] Building C object CMakeFiles/app.dir/mnt/host/source/src/platform/ec/build/zephyr/skywalker-tps6699x/modules/ec/driver/stm_mems_common.c.obj
[skywalker-tps6699x:ro] [315/365] Building C object CMakeFiles/app.dir/mnt/host/source/src/platform/ec/build/zephyr/skywalker-tps6699x/modules/ec/common/timer.c.obj
[skywalker-tps6699x:rw] [184/365] Building C object zephyr/arch/arch/arm/core/cortex_m/CMakeFiles/arch__arm__core__cortex_m.dir/prep_c.c.obj
[skywalker-tps6699x:rw] [185/365] Building C object zephyr/arch/arch/arm/core/cortex_m/CMakeFiles/arch__arm__core__cortex_m.dir/irq_init.c.obj
[skywalker-tps6699x:rw] [186/365] Generating ../../../include/generated/libc/minimal/strerror_table.h
[skywalker-tps6699x:rw] [187/365] Building C object zephyr/arch/arch/arm/core/cortex_m/CMakeFiles/arch__arm__core__cortex_m.dir/cpu_idle.c.obj
[skywalker-tps6699x:rw] [188/365] Building C object zephyr/arch/arch/arm/core/cortex_m/CMakeFiles/arch__arm__core__cortex_m.dir/isr_wrapper.c.obj
[skywalker-tps6699x:rw] [189/365] Building C object zephyr/arch/arch/arm/core/cortex_m/CMakeFiles/arch__arm__core__cortex_m.dir/thread.c.obj
[skywalker-tps6699x:rw] [190/365] Building C object zephyr/lib/libc/minimal/CMakeFiles/lib__libc__minimal.dir/source/stdlib/atoi.c.obj
[skywalker-tps6699x:rw] [191/365] Linking C static library zephyr/arch/arch/arm/core/cortex_m/libarch__arm__core__cortex_m.a
[skywalker-tps6699x:rw] [192/365] Building C object zephyr/lib/libc/minimal/CMakeFiles/lib__libc__minimal.dir/source/stdlib/strtol.c.obj
[skywalker-tps6699x:rw] [193/365] Building C object zephyr/lib/libc/minimal/CMakeFiles/lib__libc__minimal.dir/source/stdlib/strtoul.c.obj
[skywalker-tps6699x:ro] [316/365] Building C object CMakeFiles/app.dir/mnt/host/source/src/platform/ec/build/zephyr/skywalker-tps6699x/modules/ec/common/usbc_utils.c.obj
[skywalker-tps6699x:ro] [317/365] Building C object CMakeFiles/app.dir/mnt/host/source/src/platform/ec/build/zephyr/skywalker-tps6699x/modules/ec/common/usb_port_power_dumb.c.obj
[skywalker-tps6699x:rw] [194/365] Building C object zephyr/lib/libc/minimal/CMakeFiles/lib__libc__minimal.dir/source/stdlib/strtoll.c.obj
[skywalker-tps6699x:rw] [195/365] Building C object zephyr/lib/libc/minimal/CMakeFiles/lib__libc__minimal.dir/source/stdlib/strtoull.c.obj
[skywalker-tps6699x:rw] [196/365] Building C object zephyr/lib/libc/minimal/CMakeFiles/lib__libc__minimal.dir/source/stdlib/bsearch.c.obj
[skywalker-tps6699x:rw] [197/365] Building C object zephyr/arch/arch/arm/core/mpu/CMakeFiles/arch__arm__core__mpu.dir/arm_core_mpu.c.obj
[skywalker-tps6699x:ro] [318/365] Building C object CMakeFiles/app.dir/mnt/host/source/src/platform/ec/build/zephyr/skywalker-tps6699x/modules/ec/common/usb_common.c.obj
[skywalker-tps6699x:rw] [198/365] Building C object zephyr/lib/libc/minimal/CMakeFiles/lib__libc__minimal.dir/source/string/strncasecmp.c.obj
[skywalker-tps6699x:rw] [199/365] Building C object zephyr/arch/arch/arm/core/mpu/CMakeFiles/arch__arm__core__mpu.dir/arm_mpu_regions.c.obj
[skywalker-tps6699x:ro] [319/365] Building C object CMakeFiles/app.dir/mnt/host/source/src/platform/ec/build/zephyr/skywalker-tps6699x/modules/ec/common/chargen.c.obj
[skywalker-tps6699x:rw] [200/365] Building C object zephyr/lib/libc/minimal/CMakeFiles/lib__libc__minimal.dir/source/stdlib/qsort.c.obj
[skywalker-tps6699x:rw] [201/365] Building C object zephyr/arch/arch/arm/core/mpu/CMakeFiles/arch__arm__core__mpu.dir/arm_mpu.c.obj
[skywalker-tps6699x:rw] [202/365] Building C object zephyr/lib/libc/minimal/CMakeFiles/lib__libc__minimal.dir/source/string/strerror.c.obj
[skywalker-tps6699x:rw] [203/365] Building C object zephyr/lib/libc/minimal/CMakeFiles/lib__libc__minimal.dir/source/string/strstr.c.obj
[skywalker-tps6699x:rw] [204/365] Building C object zephyr/lib/libc/minimal/CMakeFiles/lib__libc__minimal.dir/source/string/strspn.c.obj
[skywalker-tps6699x:rw] [205/365] Linking C static library zephyr/arch/arch/arm/core/mpu/libarch__arm__core__mpu.a
[skywalker-tps6699x:ro] [320/365] Building C object CMakeFiles/app.dir/mnt/host/source/src/platform/ec/build/zephyr/skywalker-tps6699x/modules/ec/common/usb_pd_host_cmd_common.c.obj
[skywalker-tps6699x:rw] [206/365] Building C object zephyr/lib/libc/minimal/CMakeFiles/lib__libc__minimal.dir/source/string/string.c.obj
[skywalker-tps6699x:rw] [207/365] Building C object zephyr/lib/libc/minimal/CMakeFiles/lib__libc__minimal.dir/source/stdlib/exit.c.obj
[skywalker-tps6699x:ro] [321/365] Building C object CMakeFiles/app.dir/mnt/host/source/src/platform/ec/build/zephyr/skywalker-tps6699x/modules/ec/common/vboot_hash.c.obj
[skywalker-tps6699x:rw] [208/365] Building C object zephyr/lib/libc/minimal/CMakeFiles/lib__libc__minimal.dir/source/math/sqrtf.c.obj
[skywalker-tps6699x:rw] [209/365] Building C object zephyr/lib/libc/minimal/CMakeFiles/lib__libc__minimal.dir/source/math/sqrt.c.obj
[skywalker-tps6699x:ro] [322/365] Building C object CMakeFiles/app.dir/mnt/host/source/src/platform/ec/build/zephyr/skywalker-tps6699x/modules/ec/common/button.c.obj
[skywalker-tps6699x:rw] [210/365] Building C object zephyr/lib/libc/common/CMakeFiles/lib__libc__common.dir/source/time/gmtime_r.c.obj
[skywalker-tps6699x:ro] [323/365] Building C object CMakeFiles/app.dir/mnt/host/source/src/platform/ec/build/zephyr/skywalker-tps6699x/modules/ec/common/vboot/efs2.c.obj
[skywalker-tps6699x:rw] [211/365] Building C object zephyr/lib/libc/common/CMakeFiles/lib__libc__common.dir/source/time/asctime.c.obj
[skywalker-tps6699x:rw] [212/365] Building C object zephyr/lib/libc/minimal/CMakeFiles/lib__libc__minimal.dir/source/stdout/stdout_console.c.obj
[skywalker-tps6699x:rw] [213/365] Building C object zephyr/lib/libc/minimal/CMakeFiles/lib__libc__minimal.dir/source/stdout/sprintf.c.obj
[skywalker-tps6699x:rw] [214/365] Building C object zephyr/lib/libc/minimal/CMakeFiles/lib__libc__minimal.dir/source/stdout/fprintf.c.obj
[skywalker-tps6699x:ro] [324/365] Building C object CMakeFiles/app.dir/mnt/host/source/src/platform/ec/build/zephyr/skywalker-tps6699x/modules/ec/common/vstore.c.obj
[skywalker-tps6699x:rw] [215/365] Building C object zephyr/lib/libc/common/CMakeFiles/lib__libc__common.dir/source/time/localtime_r_utc.c.obj
[skywalker-tps6699x:ro] [325/365] Building C object CMakeFiles/app.dir/mnt/host/source/src/platform/ec/build/zephyr/skywalker-tps6699x/modules/ec/common/math_util.c.obj
[skywalker-tps6699x:ro] [326/365] Building C object CMakeFiles/app.dir/mnt/host/source/src/platform/ec/build/zephyr/skywalker-tps6699x/modules/ec/zephyr/program/skywalker/src/i2c.c.obj
[skywalker-tps6699x:rw] [216/365] Building C object zephyr/lib/libc/common/CMakeFiles/lib__libc__common.dir/source/string/strnlen.c.obj
[skywalker-tps6699x:rw] [217/365] Building C object zephyr/lib/libc/minimal/CMakeFiles/lib__libc__minimal.dir/source/time/gmtime.c.obj
[skywalker-tps6699x:rw] [218/365] Building C object zephyr/lib/libc/common/CMakeFiles/lib__libc__common.dir/source/stdlib/abort.c.obj
[skywalker-tps6699x:rw] [219/365] Building C object zephyr/lib/posix/c_lib_ext/CMakeFiles/lib__posix__c_lib_ext.dir/fnmatch.c.obj
[skywalker-tps6699x:rw] [220/365] Building C object zephyr/lib/libc/common/CMakeFiles/lib__libc__common.dir/source/time/time.c.obj
[skywalker-tps6699x:ro] [327/365] Linking C static library modules/ec/zephyr/libec_shim.a
[skywalker-tps6699x:rw] [221/365] Building C object zephyr/lib/libc/common/CMakeFiles/lib__libc__common.dir/source/time/ctime.c.obj
[skywalker-tps6699x:rw] [222/365] Linking C static library zephyr/lib/libc/minimal/liblib__libc__minimal.a
[skywalker-tps6699x:rw] [223/365] Building C object zephyr/subsys/crc/CMakeFiles/subsys__crc.dir/crc4_sw.c.obj
[skywalker-tps6699x:ro] [328/365] Building C object CMakeFiles/app.dir/mnt/host/source/src/platform/ec/build/zephyr/skywalker-tps6699x/modules/ec/zephyr/program/skywalker/src/hibernate.c.obj
[skywalker-tps6699x:rw] [224/365] Building C object zephyr/subsys/crc/CMakeFiles/subsys__crc.dir/crc8_sw.c.obj
[skywalker-tps6699x:rw] [225/365] Building C object zephyr/subsys/crc/CMakeFiles/subsys__crc.dir/crc16_sw.c.obj
[/mnt/host/source/src/platform/ec/build/zephyr/kingler-lcov]   /mnt/host/source/src/platform/ec/build/zephyr/kingler/build-rw/CMakeFiles/app.dir/mnt/host/source/src/platform/ec/build/zephyr/kingler/modules/ec/common/cbi_config.c.gcno:no functions found
[/mnt/host/source/src/platform/ec/build/zephyr/kingler-lcov] stderr:
[skywalker-tps6699x:rw] [226/365] Building C object zephyr/lib/libc/common/CMakeFiles/lib__libc__common.dir/source/stdlib/malloc.c.obj
[skywalker-tps6699x:rw] [227/365] Building C object zephyr/subsys/crc/CMakeFiles/subsys__crc.dir/crc7_sw.c.obj
[skywalker-tps6699x:rw] [228/365] Linking C static library zephyr/lib/libc/common/liblib__libc__common.a
[skywalker-tps6699x:ro] [329/365] Building C object CMakeFiles/app.dir/mnt/host/source/src/platform/ec/build/zephyr/skywalker-tps6699x/modules/ec/zephyr/program/skywalker/src/hooks.c.obj
[skywalker-tps6699x:rw] [229/365] Building C object zephyr/subsys/crc/CMakeFiles/subsys__crc.dir/crc24_sw.c.obj
[skywalker-tps6699x:rw] [230/365] Building C object zephyr/lib/smf/CMakeFiles/lib__smf.dir/smf.c.obj
[skywalker-tps6699x:rw] [231/365] Building C object zephyr/subsys/crc/CMakeFiles/subsys__crc.dir/crc32c_sw.c.obj
[skywalker-tps6699x:ro] [330/365] Building C object zephyr/kernel/CMakeFiles/kernel.dir/banner.c.obj
[skywalker-tps6699x:rw] [232/365] Building C object zephyr/lib/posix/c_lib_ext/CMakeFiles/lib__posix__c_lib_ext.dir/getopt_shim.c.obj
[skywalker-tps6699x:rw] [233/365] Building C object zephyr/subsys/crc/CMakeFiles/subsys__crc.dir/crc32_sw.c.obj
[skywalker-tps6699x:rw] [234/365] Linking C static library zephyr/lib/smf/liblib__smf.a
[skywalker-tps6699x:ro] [331/365] Building C object CMakeFiles/app.dir/mnt/host/source/src/platform/ec/build/zephyr/skywalker-tps6699x/modules/ec/zephyr/program/skywalker/src/backlight.c.obj
[skywalker-tps6699x:rw] [235/365] Building C object zephyr/subsys/mgmt/ec_host_cmd/CMakeFiles/subsys__mgmt__ec_host_cmd.dir/ec_host_cmd_handler.c.obj
[skywalker-tps6699x:rw] [236/365] Building C object zephyr/lib/posix/c_lib_ext/CMakeFiles/lib__posix__c_lib_ext.dir/getentropy.c.obj
[skywalker-tps6699x:rw] [237/365] Building C object zephyr/subsys/crc/CMakeFiles/subsys__crc.dir/crc32k_4_2_sw.c.obj
[skywalker-tps6699x:ro] [332/365] Building C object zephyr/kernel/CMakeFiles/kernel.dir/busy_wait.c.obj
[skywalker-tps6699x:rw] [238/365] Linking C static library zephyr/subsys/mgmt/ec_host_cmd/libsubsys__mgmt__ec_host_cmd.a
[skywalker-tps6699x:ro] [333/365] Building C object CMakeFiles/app.dir/skywalker/src/sensor.c.obj
[skywalker-tps6699x:ro] [334/365] Building C object CMakeFiles/app.dir/mnt/host/source/src/platform/ec/build/zephyr/skywalker-tps6699x/modules/ec/zephyr/program/skywalker/src/dp_alt_mode.c.obj
[skywalker-tps6699x:rw] [239/365] Linking C static library zephyr/lib/posix/c_lib_ext/liblib__posix__c_lib_ext.a
[skywalker-tps6699x:rw] [240/365] Linking C static library zephyr/subsys/crc/libsubsys__crc.a
[skywalker-tps6699x:rw] [241/365] Building C object zephyr/subsys/mgmt/ec_host_cmd/backends/CMakeFiles/subsys__mgmt__ec_host_cmd__backends.dir/ec_host_cmd_backend_shi_npcx.c.obj
[skywalker-tps6699x:rw] [242/365] Linking C static library zephyr/subsys/mgmt/ec_host_cmd/backends/libsubsys__mgmt__ec_host_cmd__backends.a
[skywalker-tps6699x:ro] [335/365] Linking C static library app/libapp.a
[/mnt/host/source/src/platform/ec/build/zephyr/winterhold-lcov]   /mnt/host/source/src/platform/ec/build/zephyr/winterhold/build-rw/zephyr/CMakeFiles/zephyr.dir/soc/nuvoton/npcx/common/npcxn/registers.c.gcno:no functions found
[/mnt/host/source/src/platform/ec/build/zephyr/winterhold-lcov] stderr:
[skywalker-tps6699x:ro] [336/365] Building C object zephyr/kernel/CMakeFiles/kernel.dir/device.c.obj
[skywalker-tps6699x:ro] [337/365] Building C object zephyr/kernel/CMakeFiles/kernel.dir/errno.c.obj
[skywalker-tps6699x:rw] [243/365] Building C object zephyr/drivers/interrupt_controller/CMakeFiles/drivers__interrupt_controller.dir/intc_miwu.c.obj
[skywalker-tps6699x:ro] [338/365] Building C object zephyr/kernel/CMakeFiles/kernel.dir/fatal.c.obj
[skywalker-tps6699x:rw] [244/365] Building C object zephyr/drivers/adc/CMakeFiles/drivers__adc.dir/adc_common.c.obj
[skywalker-tps6699x:ro] [339/365] Building C object zephyr/kernel/CMakeFiles/kernel.dir/version.c.obj
[skywalker-tps6699x:rw] [245/365] Building C object zephyr/drivers/console/CMakeFiles/drivers__console.dir/uart_console.c.obj
[skywalker-tps6699x:rw] [246/365] Building C object zephyr/drivers/adc/CMakeFiles/drivers__adc.dir/adc_npcx.c.obj
[skywalker-tps6699x:rw] [247/365] Building C object zephyr/drivers/bbram/CMakeFiles/drivers__bbram.dir/bbram_npcx.c.obj
[skywalker-tps6699x:rw] [248/365] Linking C static library zephyr/drivers/interrupt_controller/libdrivers__interrupt_controller.a
[skywalker-tps6699x:rw] [249/365] Linking C static library zephyr/drivers/adc/libdrivers__adc.a
[skywalker-tps6699x:ro] [340/365] Building C object zephyr/kernel/CMakeFiles/kernel.dir/kheap.c.obj
[skywalker-tps6699x:rw] [250/365] Linking C static library zephyr/drivers/bbram/libdrivers__bbram.a
[skywalker-tps6699x:rw] [251/365] Building C object zephyr/drivers/clock_control/CMakeFiles/drivers__clock_control.dir/clock_control_npcx.c.obj
[skywalker-tps6699x:rw] [252/365] Linking C static library zephyr/drivers/console/libdrivers__console.a
[skywalker-tps6699x:ro] [341/365] Building C object zephyr/kernel/CMakeFiles/kernel.dir/init.c.obj
[skywalker-tps6699x:rw] [253/365] Building C object zephyr/drivers/flash/CMakeFiles/drivers__flash.dir/jesd216.c.obj
[skywalker-tps6699x:rw] [254/365] Linking C static library zephyr/drivers/clock_control/libdrivers__clock_control.a
[skywalker-tps6699x:ro] [342/365] Building C object zephyr/kernel/CMakeFiles/kernel.dir/mem_slab.c.obj
[/mnt/host/source/src/platform/ec/build/zephyr/kingler-lcov]   /mnt/host/source/src/platform/ec/build/zephyr/kingler/build-rw/zephyr/arch/arch/arm/core/mpu/CMakeFiles/arch__arm__core__mpu.dir/arm_mpu_regions.c.gcno:no functions found
[/mnt/host/source/src/platform/ec/build/zephyr/kingler-lcov] stderr:
[skywalker-tps6699x:ro] [343/365] Building C object zephyr/kernel/CMakeFiles/kernel.dir/float.c.obj
[skywalker-tps6699x:rw] [255/365] Building C object zephyr/drivers/flash/CMakeFiles/drivers__flash.dir/flash_npcx_fiu_nor.c.obj
[skywalker-tps6699x:ro] [344/365] Building C object zephyr/kernel/CMakeFiles/kernel.dir/idle.c.obj
[skywalker-tps6699x:ro] [345/365] Building C object zephyr/kernel/CMakeFiles/kernel.dir/mailbox.c.obj
[skywalker-tps6699x:rw] [256/365] Building C object zephyr/drivers/flash/CMakeFiles/drivers__flash.dir/flash_npcx_fiu_qspi.c.obj
[skywalker-tps6699x:ro] [346/365] Building C object zephyr/kernel/CMakeFiles/kernel.dir/msg_q.c.obj
[skywalker-tps6699x:rw] [257/365] Building C object zephyr/drivers/i2c/CMakeFiles/drivers__i2c.dir/i2c_common.c.obj
[skywalker-tps6699x:rw] [258/365] Linking C static library zephyr/drivers/flash/libdrivers__flash.a
[skywalker-tps6699x:rw] [259/365] Building C object zephyr/drivers/i2c/CMakeFiles/drivers__i2c.dir/i2c_shell.c.obj
[skywalker-tps6699x:ro] [347/365] Building C object zephyr/kernel/CMakeFiles/kernel.dir/mutex.c.obj
[skywalker-tps6699x:rw] [260/365] Building C object zephyr/drivers/gpio/CMakeFiles/drivers__gpio.dir/gpio_npcx.c.obj
[skywalker-tps6699x:rw] [261/365] Building C object zephyr/drivers/i2c/CMakeFiles/drivers__i2c.dir/i2c_npcx_controller_fifo.c.obj
[skywalker-tps6699x:rw] [262/365] Building C object zephyr/drivers/i2c/CMakeFiles/drivers__i2c.dir/i2c_npcx_controller.c.obj
[skywalker-tps6699x:rw] [263/365] Linking C static library zephyr/drivers/gpio/libdrivers__gpio.a
[skywalker-tps6699x:ro] [348/365] Building C object zephyr/kernel/CMakeFiles/kernel.dir/queue.c.obj
[skywalker-tps6699x:ro] [349/365] Building C object zephyr/kernel/CMakeFiles/kernel.dir/sem.c.obj
[skywalker-tps6699x:rw] [264/365] Building C object zephyr/drivers/pinctrl/CMakeFiles/drivers__pinctrl.dir/common.c.obj
[skywalker-tps6699x:ro] [350/365] Building C object zephyr/kernel/CMakeFiles/kernel.dir/stack.c.obj
[/mnt/host/source/src/platform/ec/build/zephyr/kingler-lcov]   /mnt/host/source/src/platform/ec/build/zephyr/kingler/build-rw/zephyr/arch/common/CMakeFiles/isr_tables.dir/isr_tables.c.gcno:no functions found
[/mnt/host/source/src/platform/ec/build/zephyr/kingler-lcov] stderr:
[skywalker-tps6699x:rw] [265/365] Building C object zephyr/drivers/pinctrl/CMakeFiles/drivers__pinctrl.dir/pinctrl_npcx.c.obj
[skywalker-tps6699x:rw] [266/365] Linking C static library zephyr/drivers/pinctrl/libdrivers__pinctrl.a
[skywalker-tps6699x:ro] [351/365] Building C object zephyr/kernel/CMakeFiles/kernel.dir/system_work_q.c.obj
[skywalker-tps6699x:ro] [352/365] Building C object zephyr/kernel/CMakeFiles/kernel.dir/work.c.obj
[skywalker-tps6699x:rw] [267/365] Building C object zephyr/drivers/i2c/CMakeFiles/drivers__i2c.dir/i2c_npcx_port.c.obj
[skywalker-tps6699x:rw] [268/365] Building C object zephyr/drivers/pwm/CMakeFiles/drivers__pwm.dir/pwm_shell.c.obj
[skywalker-tps6699x:rw] [269/365] Linking C static library zephyr/drivers/i2c/libdrivers__i2c.a
[skywalker-tps6699x:rw] [270/365] Building C object zephyr/drivers/syscon/CMakeFiles/drivers__syscon.dir/syscon.c.obj
[skywalker-tps6699x:ro] [353/365] Building C object zephyr/kernel/CMakeFiles/kernel.dir/condvar.c.obj
[skywalker-tps6699x:rw] [271/365] Linking C static library zephyr/drivers/syscon/libdrivers__syscon.a
[skywalker-tps6699x:rw] [272/365] Building C object zephyr/drivers/pwm/CMakeFiles/drivers__pwm.dir/pwm_npcx.c.obj
[skywalker-tps6699x:rw] [273/365] Linking C static library zephyr/drivers/pwm/libdrivers__pwm.a
[skywalker-tps6699x:rw] [274/365] Building C object zephyr/drivers/serial/CMakeFiles/drivers__serial.dir/uart_npcx.c.obj
[skywalker-tps6699x:ro] [354/365] Building C object zephyr/kernel/CMakeFiles/kernel.dir/thread.c.obj
[skywalker-tps6699x:rw] [275/365] Building C object zephyr/drivers/timer/CMakeFiles/drivers__timer.dir/sys_clock_init.c.obj
[skywalker-tps6699x:ro] [355/365] Building C object zephyr/kernel/CMakeFiles/kernel.dir/sched.c.obj
[skywalker-tps6699x:ro] [356/365] Building C object zephyr/kernel/CMakeFiles/kernel.dir/pipe.c.obj
[skywalker-tps6699x:rw] [276/365] Linking C static library zephyr/drivers/serial/libdrivers__serial.a
[skywalker-tps6699x:ro] [357/365] Building C object zephyr/kernel/CMakeFiles/kernel.dir/spinlock_validate.c.obj
[skywalker-tps6699x:ro] [358/365] Building C object zephyr/kernel/CMakeFiles/kernel.dir/thread_monitor.c.obj
[skywalker-tps6699x:rw] [277/365] Building C object zephyr/drivers/timer/CMakeFiles/drivers__timer.dir/npcx_itim_timer.c.obj
[skywalker-tps6699x:rw] [278/365] Building C object zephyr/drivers/watchdog/CMakeFiles/drivers__watchdog.dir/wdt_npcx.c.obj
[skywalker-tps6699x:rw] [279/365] Building C object zephyr/drivers/watchdog/CMakeFiles/drivers__watchdog.dir/wdt_shell.c.obj
[skywalker-tps6699x:rw] [280/365] Linking C static library zephyr/drivers/timer/libdrivers__timer.a
[skywalker-tps6699x:rw] [281/365] Linking C static library zephyr/drivers/watchdog/libdrivers__watchdog.a
[skywalker-tps6699x:ro] [359/365] Building C object zephyr/kernel/CMakeFiles/kernel.dir/timeout.c.obj
[/mnt/host/source/src/platform/ec/build/zephyr/mtlrvpp_m1723-lcov]   /mnt/host/source/src/platform/ec/build/zephyr/mtlrvpp_m1723/build-rw/zephyr/drivers/sensor/CMakeFiles/drivers__sensor.dir/mnt/host/source/src/third_party/zephyr/main/misc/empty_file.c.gcno:no functions found
[/mnt/host/source/src/platform/ec/build/zephyr/mtlrvpp_m1723-lcov] Filter suppressions 'region':
[/mnt/host/source/src/platform/ec/build/zephyr/mtlrvpp_m1723-lcov]     29 instances
[/mnt/host/source/src/platform/ec/build/zephyr/mtlrvpp_m1723-lcov]     20 coverpoints
[/mnt/host/source/src/platform/ec/build/zephyr/mtlrvpp_m1723-lcov] Message summary:
[/mnt/host/source/src/platform/ec/build/zephyr/mtlrvpp_m1723-lcov]   29 ignore messages:
[/mnt/host/source/src/platform/ec/build/zephyr/mtlrvpp_m1723-lcov]     gcov: 29
[spikyrock:rw] Building: /usr/bin/ninja -C /mnt/host/source/src/platform/ec/build/zephyr/spikyrock/build-rw all.libraries
Running `env -i SHELL=/bin/bash COLORTERM=truecolor DEPOT_TOOLS_UPDATE=0 LESS='-R -M --shift 5' SUDO_GID=0 JDK_HOME=/etc/java-config-2/current-system-vm CONFIG_PROTECT_MASK='/etc/gentoo-release /etc/sandbox.d /etc/fonts/fonts.conf /etc/terminfo /etc/ca-certificates.conf /etc/revdep-rebuild' CHROMEOS_CACHEDIR=/var/cache/chromeos-cache JAVA_HOME=/etc/java-config-2/current-system-vm SSH_AUTH_SOCK=/tmp/ssh-auth-sock SUDO_COMMAND=/bin/bash SUDO_USER=root SUDO_TTY=/dev/pts/2 EDITOR=/usr/bin/vi PWD=/mnt/host/source/src/platform/ec CONFIG_PROTECT=/usr/share/gnupg/qualified.txt LOGNAME=jpmurphy MANPATH=/etc/java-config-2/current-system-vm/man:/usr/local/share/man:/usr/share/man:/usr/share/gcc-data/x86_64-pc-linux-gnu/10.2.0/man:/usr/share/binutils-data/x86_64-pc-linux-gnu/2.45/man:/etc/java-config-2/current-system-vm/man/ SUDO_HOME=/root XAUTHORITY=/run/user/944457/gdm/Xauthority HOME=/home/jpmurphy LANG=C.UTF-8 LS_COLORS='rs=0:di=01;34:ln=01;36:mh=00:pi=40;33:so=01;35:do=01;35:bd=40;33;01:cd=40;33;01:or=01;05;37;41:mi=01;05;37;41:su=37;41:sg=30;43:ca=30;41:tw=30;42:ow=34;42:st=37;44:ex=01;32:*.tar=01;31:*.tgz=01;31:*.arc=01;31:*.arj=01;31:*.taz=01;31:*.lha=01;31:*.lz4=01;31:*.lzh=01;31:*.lzma=01;31:*.tlz=01;31:*.txz=01;31:*.tzo=01;31:*.t7z=01;31:*.zip=01;31:*.z=01;31:*.dz=01;31:*.gz=01;31:*.lrz=01;31:*.lz=01;31:*.lzo=01;31:*.xz=01;31:*.zst=01;31:*.tzst=01;31:*.bz2=01;31:*.bz=01;31:*.tbz=01;31:*.tbz2=01;31:*.tz=01;31:*.deb=01;31:*.rpm=01;31:*.jar=01;31:*.war=01;31:*.ear=01;31:*.sar=01;31:*.rar=01;31:*.alz=01;31:*.ace=01;31:*.zoo=01;31:*.cpio=01;31:*.7z=01;31:*.rz=01;31:*.cab=01;31:*.wim=01;31:*.swm=01;31:*.dwm=01;31:*.esd=01;31:*.jpg=01;35:*.jpeg=01;35:*.mjpg=01;35:*.mjpeg=01;35:*.gif=01;35:*.bmp=01;35:*.pbm=01;35:*.pgm=01;35:*.ppm=01;35:*.tga=01;35:*.xbm=01;35:*.xpm=01;35:*.tif=01;35:*.tiff=01;35:*.png=01;35:*.svg=01;35:*.svgz=01;35:*.mng=01;35:*.pcx=01;35:*.mov=01;35:*.mpg=01;35:*.mpeg=01;35:*.m2v=01;35:*.mkv=01;35:*.webm=01;35:*.webp=01;35:*.ogm=01;35:*.mp4=01;35:*.m4v=01;35:*.mp4v=01;35:*.vob=01;35:*.qt=01;35:*.nuv=01;35:*.wmv=01;35:*.asf=01;35:*.rm=01;35:*.rmvb=01;35:*.flc=01;35:*.avi=01;35:*.fli=01;35:*.flv=01;35:*.gl=01;35:*.dl=01;35:*.xcf=01;35:*.xwd=01;35:*.yuv=01;35:*.cgm=01;35:*.emf=01;35:*.ogv=01;35:*.ogx=01;35:*.cfg=00;32:*.conf=00;32:*.diff=00;32:*.doc=00;32:*.ini=00;32:*.log=00;32:*.patch=00;32:*.pdf=00;32:*.ps=00;32:*.tex=00;32:*.txt=00;32:*.aac=00;36:*.au=00;36:*.flac=00;36:*.m4a=00;36:*.mid=00;36:*.midi=00;36:*.mka=00;36:*.mp3=00;36:*.mpc=00;36:*.ogg=00;36:*.ra=00;36:*.wav=00;36:*.oga=00;36:*.opus=00;36:*.spx=00;36:*.xspf=00;36:' XDG_CURRENT_DESKTOP=GNOME INFOPATH=/usr/share/info:/usr/share/gcc-data/x86_64-pc-linux-gnu/10.2.0/info:/usr/share/binutils-data/x86_64-pc-linux-gnu/2.45/info:/usr/share/automake-1.16.5/info JAVAC=/etc/java-config-2/current-system-vm/bin/javac TERM=xterm-256color LESSOPEN='|lesspipe %s' USER=jpmurphy CROS_WORKON_SRCROOT=/mnt/host/source MANPAGER=manpager DISPLAY=:1 SHLVL=1 LC_MESSAGES=C EXTERNAL_TRUNK_PATH=/mnt/8f9d649a-3721-44cc-93c0-e6bd21a9689f/chromiumos GCC_SPECS='' PATH=/mnt/host/source/chromite/bin:/usr/local/bin:/usr/bin:/bin:/opt/bin:/mnt/host/source/chromite/sdk/bin:/mnt/host/source/chromite/bin PORTAGE_USERNAME=jpmurphy SUDO_UID=0 GCC_VER=10.2.0 MAIL=/var/mail/jpmurphy OLDPWD=/mnt/host/source/src/scripts traceparent=00-e87aca51550a78635907baa6a2476181-6d684811675d2973-01 _=./zephyr/firmware_builder.py COREBOOT_SDK_ROOT_x86=/home/jpmurphy/.cache/coreboot-sdk/i386-elf/dfbb0486385d938cfa9d73080b9d18d598ed4f49 COREBOOT_SDK_ROOT_picolibc_x86=/home/jpmurphy/.cache/coreboot-sdk/picolibc-i386-elf/eb8e8e687b95461de8cbf278f1c2076952d0ad17 COREBOOT_SDK_ROOT_riscv64=/home/jpmurphy/.cache/coreboot-sdk/riscv64-elf/96b949749225b6aaa92ed810ab769e8dfb12f000 COREBOOT_SDK_ROOT_picolibc_arm=/home/jpmurphy/.cache/coreboot-sdk/picolibc-arm-eabi/422a2aa3e1ef891b5bece9a3deb696ff83840d2e COREBOOT_SDK_ROOT_nds32=/home/jpmurphy/.cache/coreboot-sdk/nds32le-elf/d1a518c4a097666d86058e1444f85ca015d15511 COREBOOT_SDK_ROOT_picolibc_riscv64=/home/jpmurphy/.cache/coreboot-sdk/picolibc-riscv64-elf/f571e990ef0278564b31124f8bb109d9a697eb69 COREBOOT_SDK_ROOT_arm=/home/jpmurphy/.cache/coreboot-sdk/arm-eabi/ea40ddd1d190c3b48435c474c0b545719371813a COREBOOT_SDK_ROOT_libstdcxx_riscv64=/home/jpmurphy/.cache/coreboot-sdk/libstdcxx-riscv64-elf/17abf22a3a252e2d5d2062ced5324f7a623689e0 COREBOOT_SDK_ROOT_libstdcxx_arm=/home/jpmurphy/.cache/coreboot-sdk/libstdcxx-arm-eabi/5d7d82e150e44aa1968f1d366e267e6687b328ac COREBOOT_SDK_ROOT_riscv=/home/jpmurphy/.cache/coreboot-sdk/riscv-elf/9a27b9e82341c6e9126624f516ab3f261abb3e73 COREBOOT_SDK_ROOT_libstdcxx_x86=/home/jpmurphy/.cache/coreboot-sdk/libstdcxx-i386-elf/42ef9d2e87a76a37963175d7d428734e65648b87 PYTHONPATH=/mnt/host/source/src/platform/ec/zephyr/zmake PW_PIGWEED_CIPD_INSTALL_DIR=/usr CROSTC_USER_ACKNOWLEDGES_THAT_RISCV_IS_EXPERIMENTAL=1 MAKEFLAGS=' -j16 --jobserver-auth=5,6' /usr/bin/ninja -C /mnt/host/source/src/platform/ec/build/zephyr/spikyrock/build-rw all.libraries`
[spikyrock:rw] ninja: Entering directory `/mnt/host/source/src/platform/ec/build/zephyr/spikyrock/build-rw'
[skywalker-tps6699x:rw] [282/365] Building C object modules/ec/zephyr/CMakeFiles/ec_shim.dir/app/ec/main_shim.c.obj
[skywalker-tps6699x:ro] [360/365] Building C object zephyr/kernel/CMakeFiles/kernel.dir/timer.c.obj
[skywalker-tps6699x:ro] [361/365] Building C object zephyr/kernel/CMakeFiles/kernel.dir/events.c.obj
[skywalker-tps6699x:ro] [362/365] Building C object zephyr/kernel/CMakeFiles/kernel.dir/poll.c.obj
[spikyrock:ro] Building: /usr/bin/ninja -C /mnt/host/source/src/platform/ec/build/zephyr/spikyrock/build-ro all.libraries
Running `env -i SHELL=/bin/bash COLORTERM=truecolor DEPOT_TOOLS_UPDATE=0 LESS='-R -M --shift 5' SUDO_GID=0 JDK_HOME=/etc/java-config-2/current-system-vm CONFIG_PROTECT_MASK='/etc/gentoo-release /etc/sandbox.d /etc/fonts/fonts.conf /etc/terminfo /etc/ca-certificates.conf /etc/revdep-rebuild' CHROMEOS_CACHEDIR=/var/cache/chromeos-cache JAVA_HOME=/etc/java-config-2/current-system-vm SSH_AUTH_SOCK=/tmp/ssh-auth-sock SUDO_COMMAND=/bin/bash SUDO_USER=root SUDO_TTY=/dev/pts/2 EDITOR=/usr/bin/vi PWD=/mnt/host/source/src/platform/ec CONFIG_PROTECT=/usr/share/gnupg/qualified.txt LOGNAME=jpmurphy MANPATH=/etc/java-config-2/current-system-vm/man:/usr/local/share/man:/usr/share/man:/usr/share/gcc-data/x86_64-pc-linux-gnu/10.2.0/man:/usr/share/binutils-data/x86_64-pc-linux-gnu/2.45/man:/etc/java-config-2/current-system-vm/man/ SUDO_HOME=/root XAUTHORITY=/run/user/944457/gdm/Xauthority HOME=/home/jpmurphy LANG=C.UTF-8 LS_COLORS='rs=0:di=01;34:ln=01;36:mh=00:pi=40;33:so=01;35:do=01;35:bd=40;33;01:cd=40;33;01:or=01;05;37;41:mi=01;05;37;41:su=37;41:sg=30;43:ca=30;41:tw=30;42:ow=34;42:st=37;44:ex=01;32:*.tar=01;31:*.tgz=01;31:*.arc=01;31:*.arj=01;31:*.taz=01;31:*.lha=01;31:*.lz4=01;31:*.lzh=01;31:*.lzma=01;31:*.tlz=01;31:*.txz=01;31:*.tzo=01;31:*.t7z=01;31:*.zip=01;31:*.z=01;31:*.dz=01;31:*.gz=01;31:*.lrz=01;31:*.lz=01;31:*.lzo=01;31:*.xz=01;31:*.zst=01;31:*.tzst=01;31:*.bz2=01;31:*.bz=01;31:*.tbz=01;31:*.tbz2=01;31:*.tz=01;31:*.deb=01;31:*.rpm=01;31:*.jar=01;31:*.war=01;31:*.ear=01;31:*.sar=01;31:*.rar=01;31:*.alz=01;31:*.ace=01;31:*.zoo=01;31:*.cpio=01;31:*.7z=01;31:*.rz=01;31:*.cab=01;31:*.wim=01;31:*.swm=01;31:*.dwm=01;31:*.esd=01;31:*.jpg=01;35:*.jpeg=01;35:*.mjpg=01;35:*.mjpeg=01;35:*.gif=01;35:*.bmp=01;35:*.pbm=01;35:*.pgm=01;35:*.ppm=01;35:*.tga=01;35:*.xbm=01;35:*.xpm=01;35:*.tif=01;35:*.tiff=01;35:*.png=01;35:*.svg=01;35:*.svgz=01;35:*.mng=01;35:*.pcx=01;35:*.mov=01;35:*.mpg=01;35:*.mpeg=01;35:*.m2v=01;35:*.mkv=01;35:*.webm=01;35:*.webp=01;35:*.ogm=01;35:*.mp4=01;35:*.m4v=01;35:*.mp4v=01;35:*.vob=01;35:*.qt=01;35:*.nuv=01;35:*.wmv=01;35:*.asf=01;35:*.rm=01;35:*.rmvb=01;35:*.flc=01;35:*.avi=01;35:*.fli=01;35:*.flv=01;35:*.gl=01;35:*.dl=01;35:*.xcf=01;35:*.xwd=01;35:*.yuv=01;35:*.cgm=01;35:*.emf=01;35:*.ogv=01;35:*.ogx=01;35:*.cfg=00;32:*.conf=00;32:*.diff=00;32:*.doc=00;32:*.ini=00;32:*.log=00;32:*.patch=00;32:*.pdf=00;32:*.ps=00;32:*.tex=00;32:*.txt=00;32:*.aac=00;36:*.au=00;36:*.flac=00;36:*.m4a=00;36:*.mid=00;36:*.midi=00;36:*.mka=00;36:*.mp3=00;36:*.mpc=00;36:*.ogg=00;36:*.ra=00;36:*.wav=00;36:*.oga=00;36:*.opus=00;36:*.spx=00;36:*.xspf=00;36:' XDG_CURRENT_DESKTOP=GNOME INFOPATH=/usr/share/info:/usr/share/gcc-data/x86_64-pc-linux-gnu/10.2.0/info:/usr/share/binutils-data/x86_64-pc-linux-gnu/2.45/info:/usr/share/automake-1.16.5/info JAVAC=/etc/java-config-2/current-system-vm/bin/javac TERM=xterm-256color LESSOPEN='|lesspipe %s' USER=jpmurphy CROS_WORKON_SRCROOT=/mnt/host/source MANPAGER=manpager DISPLAY=:1 SHLVL=1 LC_MESSAGES=C EXTERNAL_TRUNK_PATH=/mnt/8f9d649a-3721-44cc-93c0-e6bd21a9689f/chromiumos GCC_SPECS='' PATH=/mnt/host/source/chromite/bin:/usr/local/bin:/usr/bin:/bin:/opt/bin:/mnt/host/source/chromite/sdk/bin:/mnt/host/source/chromite/bin PORTAGE_USERNAME=jpmurphy SUDO_UID=0 GCC_VER=10.2.0 MAIL=/var/mail/jpmurphy OLDPWD=/mnt/host/source/src/scripts traceparent=00-e87aca51550a78635907baa6a2476181-6d684811675d2973-01 _=./zephyr/firmware_builder.py COREBOOT_SDK_ROOT_x86=/home/jpmurphy/.cache/coreboot-sdk/i386-elf/dfbb0486385d938cfa9d73080b9d18d598ed4f49 COREBOOT_SDK_ROOT_picolibc_x86=/home/jpmurphy/.cache/coreboot-sdk/picolibc-i386-elf/eb8e8e687b95461de8cbf278f1c2076952d0ad17 COREBOOT_SDK_ROOT_riscv64=/home/jpmurphy/.cache/coreboot-sdk/riscv64-elf/96b949749225b6aaa92ed810ab769e8dfb12f000 COREBOOT_SDK_ROOT_picolibc_arm=/home/jpmurphy/.cache/coreboot-sdk/picolibc-arm-eabi/422a2aa3e1ef891b5bece9a3deb696ff83840d2e COREBOOT_SDK_ROOT_nds32=/home/jpmurphy/.cache/coreboot-sdk/nds32le-elf/d1a518c4a097666d86058e1444f85ca015d15511 COREBOOT_SDK_ROOT_picolibc_riscv64=/home/jpmurphy/.cache/coreboot-sdk/picolibc-riscv64-elf/f571e990ef0278564b31124f8bb109d9a697eb69 COREBOOT_SDK_ROOT_arm=/home/jpmurphy/.cache/coreboot-sdk/arm-eabi/ea40ddd1d190c3b48435c474c0b545719371813a COREBOOT_SDK_ROOT_libstdcxx_riscv64=/home/jpmurphy/.cache/coreboot-sdk/libstdcxx-riscv64-elf/17abf22a3a252e2d5d2062ced5324f7a623689e0 COREBOOT_SDK_ROOT_libstdcxx_arm=/home/jpmurphy/.cache/coreboot-sdk/libstdcxx-arm-eabi/5d7d82e150e44aa1968f1d366e267e6687b328ac COREBOOT_SDK_ROOT_riscv=/home/jpmurphy/.cache/coreboot-sdk/riscv-elf/9a27b9e82341c6e9126624f516ab3f261abb3e73 COREBOOT_SDK_ROOT_libstdcxx_x86=/home/jpmurphy/.cache/coreboot-sdk/libstdcxx-i386-elf/42ef9d2e87a76a37963175d7d428734e65648b87 PYTHONPATH=/mnt/host/source/src/platform/ec/zephyr/zmake PW_PIGWEED_CIPD_INSTALL_DIR=/usr CROSTC_USER_ACKNOWLEDGES_THAT_RISCV_IS_EXPERIMENTAL=1 MAKEFLAGS=' -j16 --jobserver-auth=5,6' /usr/bin/ninja -C /mnt/host/source/src/platform/ec/build/zephyr/spikyrock/build-ro all.libraries`
[skywalker-tps6699x:ro] [363/365] Building C object zephyr/kernel/CMakeFiles/kernel.dir/mempool.c.obj
[spikyrock:ro] ninja: Entering directory `/mnt/host/source/src/platform/ec/build/zephyr/spikyrock/build-ro'
[skywalker-tps6699x:rw] [283/365] Building C object modules/ec/zephyr/CMakeFiles/ec_shim.dir/app/ec/ec_app_main.c.obj
[skywalker-tps6699x:rw] [284/365] Building C object modules/ec/zephyr/CMakeFiles/ec_shim.dir/drivers/cros_kb_raw/cros_kb_raw_npcx.c.obj
[skywalker-tps6699x:rw] [285/365] Building C object modules/ec/zephyr/CMakeFiles/ec_shim.dir/drivers/usbc/ucsi_v3.c.obj
[skywalker-tps6699x:ro] [364/365] Building C object zephyr/kernel/CMakeFiles/kernel.dir/dynamic_disabled.c.obj
[skywalker-tps6699x:rw] [286/365] Building C object modules/ec/zephyr/CMakeFiles/ec_shim.dir/drivers/cros_flash/cros_flash_npcx.c.obj
[skywalker-tps6699x:ro] [365/365] Linking C static library zephyr/kernel/libkernel.a
Running (initial) lcov on /mnt/host/source/src/platform/ec/build/zephyr/crystaldrift.
[spikyrock:rw] [1/294] Generating include/generated/zephyr/version.h
[spikyrock:rw] -- git describe warned: warning: tag 'upstream/v2.7.99' is externally known as 'v2.7.99'
[spikyrock:rw] -- Zephyr version: 4.3.99 (/mnt/host/source/src/third_party/zephyr/main)
[spikyrock:rw] [2/294] Preparing syscall dependency handling
[skywalker-tps6699x:rw] [287/365] Building C object modules/ec/zephyr/CMakeFiles/ec_shim.dir/drivers/cros_system/cros_system_npcx.c.obj
[spikyrock:rw] [3/294] Generating misc/generated/syscalls_subdirs.trigger
[spikyrock:ro] [1/293] Generating include/generated/zephyr/version.h
[spikyrock:ro] -- git describe warned: warning: tag 'upstream/v2.7.99' is externally known as 'v2.7.99'
[spikyrock:ro] -- Zephyr version: 4.3.99 (/mnt/host/source/src/third_party/zephyr/main)
[spikyrock:ro] [2/293] Preparing syscall dependency handling
Running `env -i PYTHONPATH=/usr/lib64/python-exec/python3.11:/mnt/host/source/src/platform/ec/zephyr/zmake:/usr/lib/python311.zip:/usr/lib/python3.11:/usr/lib/python3.11/lib-dynload:/usr/lib/python3.11/site-packages PW_PIGWEED_CIPD_INSTALL_DIR=/usr CROSTC_USER_ACKNOWLEDGES_THAT_RISCV_IS_EXPERIMENTAL=1 PATH=/mnt/host/source/chromite/bin:/usr/local/bin:/usr/bin:/bin:/opt/bin:/mnt/host/source/chromite/sdk/bin:/mnt/host/source/chromite/bin HOME=/home/jpmurphy JAVA_HOME=/etc/java-config-2/current-system-vm JDK_HOME=/etc/java-config-2/current-system-vm JAVAC=/etc/java-config-2/current-system-vm/bin/javac MAKEFLAGS=' -j16 --jobserver-auth=5,6' /usr/bin/lcov --gcov-tool /mnt/host/source/src/platform/ec/build/zephyr/crystaldrift/build-rw/gcov.sh -q -o - -c -d /mnt/host/source/src/platform/ec/build/zephyr/crystaldrift -t crystaldrift --rc branch_coverage=1 --filter range --ignore-errors inconsistent,source --ignore-errors gcov,gcov -i`
[skywalker-tps6699x:rw] [288/365] Building C object modules/ec/zephyr/CMakeFiles/ec_shim.dir/shim/chip/npcx/clock.c.obj
[spikyrock:ro] [3/293] Generating misc/generated/syscalls_subdirs.trigger
[skywalker-tps6699x:rw] [289/365] Building C object modules/ec/zephyr/CMakeFiles/ec_shim.dir/drivers/usbc/tps6699x_cmd.c.obj
[skywalker-tps6699x:rw] [290/365] Building C object modules/ec/zephyr/CMakeFiles/ec_shim.dir/shim/chip/npcx/rom_chip.c.obj
[skywalker-tps6699x:rw] [291/365] Building C object modules/ec/zephyr/CMakeFiles/ec_shim.dir/shim/chip/npcx/keyboard_raw.c.obj
[skywalker-tps6699x:rw] [292/365] Building C object modules/ec/zephyr/CMakeFiles/ec_shim.dir/drivers/usbc/pdc_tps6699x.c.obj
[skywalker-tps6699x:rw] [293/365] Building C object modules/ec/zephyr/CMakeFiles/ec_shim.dir/drivers/usbc/tps6699x_fwup.c.obj
[skywalker-tps6699x:rw] [294/365] Building C object modules/ec/zephyr/CMakeFiles/ec_shim.dir/shim/chip/npcx/shi.c.obj
[skywalker-tps6699x:rw] [295/365] Building C object modules/ec/zephyr/CMakeFiles/ec_shim.dir/shim/chip/npcx/system.c.obj
[skywalker-tps6699x:rw] [296/365] Building C object modules/ec/zephyr/CMakeFiles/ec_shim.dir/shim/chip/npcx/system_external_storage.c.obj
[skywalker-tps6699x:rw] [297/365] Building C object modules/ec/zephyr/CMakeFiles/ec_shim.dir/shim/src/crc.c.obj
[skywalker-tps6699x:rw] [298/365] Building C object modules/ec/zephyr/CMakeFiles/ec_shim.dir/shim/chip/npcx/power_policy.c.obj
[spikyrock:rw] [4/294] Generating misc/generated/syscalls.json, misc/generated/struct_tags.json
[spikyrock:rw] [5/294] Generating include/generated/zephyr/syscall_dispatch.c, include/generated/zephyr/syscall_exports_llext.c, syscall_weakdefs_llext.c, include/generated/zephyr/syscall_list.h
[skywalker-tps6699x:rw] [299/365] Building C object modules/ec/zephyr/CMakeFiles/ec_shim.dir/shim/core/cortex-m/panic.c.obj
[skywalker-tps6699x:rw] [300/365] Building C object modules/ec/zephyr/CMakeFiles/ec_shim.dir/shim/core/cortex-m/mpu.c.obj
[spikyrock:ro] [4/293] Generating misc/generated/syscalls.json, misc/generated/struct_tags.json
[spikyrock:rw] [6/294] Generating include/generated/zephyr/driver-validation.h
[skywalker-tps6699x:rw] [301/365] Building C object modules/ec/zephyr/CMakeFiles/ec_shim.dir/shim/src/console.c.obj
[/mnt/host/source/src/platform/ec/build/zephyr/crystaldrift-lcov] geninfo: WARNING: using JSON module "JSON::PP" - which is much slower than some alternatives.  Consider installing one of JSON::XS or Cpanel::JSON::XS
[spikyrock:ro] [5/293] Generating include/generated/zephyr/syscall_dispatch.c, include/generated/zephyr/syscall_exports_llext.c, syscall_weakdefs_llext.c, include/generated/zephyr/syscall_list.h
[skywalker-tps6699x:rw] [302/365] Building C object modules/ec/zephyr/CMakeFiles/ec_shim.dir/shim/chip/npcx/gpio.c.obj
[skywalker-tps6699x:rw] [303/365] Building C object modules/ec/zephyr/CMakeFiles/ec_shim.dir/shim/src/cbi/cros_cbi.c.obj
[skywalker-tps6699x:rw] [304/365] Building ASM object modules/ec/zephyr/CMakeFiles/ec_shim.dir/shim/src/libgcc_arm.S.obj
[spikyrock:rw] [7/294] Generating include/generated/zephyr/kobj-types-enum.h, include/generated/zephyr/otype-to-str.h, include/generated/zephyr/otype-to-size.h
[spikyrock:ro] [6/293] Generating include/generated/zephyr/driver-validation.h
[skywalker-tps6699x:rw] [305/365] Building C object modules/ec/zephyr/CMakeFiles/ec_shim.dir/shim/src/pm_state.c.obj
[skywalker-tps6699x:rw] [306/365] Building C object modules/ec/zephyr/CMakeFiles/ec_shim.dir/shim/src/panic_utils.c.obj
[skywalker-tps6699x:rw] [307/365] Building C object modules/ec/zephyr/CMakeFiles/ec_shim.dir/shim/src/gpio.c.obj
[spikyrock:rw] [8/294] Generating include/generated/device-api-sections.ld, include/generated/device-api-sections.cmake
[skywalker-tps6699x:rw] [308/365] Building C object modules/ec/zephyr/CMakeFiles/ec_shim.dir/shim/src/gpio_int.c.obj
[skywalker-tps6699x:rw] [309/365] Building C object modules/ec/zephyr/CMakeFiles/ec_shim.dir/shim/src/cbi/cbi_flash.c.obj
[spikyrock:ro] [7/293] Generating include/generated/zephyr/kobj-types-enum.h, include/generated/zephyr/otype-to-str.h, include/generated/zephyr/otype-to-size.h
[spikyrock:ro] [8/293] Generating include/generated/device-api-sections.ld, include/generated/device-api-sections.cmake
[skywalker-tps6699x:rw] [310/365] Building C object modules/ec/zephyr/CMakeFiles/ec_shim.dir/shim/src/led_driver/led.c.obj
[/mnt/host/source/src/platform/ec/build/zephyr/kingler-lcov]   /mnt/host/source/src/platform/ec/build/zephyr/kingler/build-rw/zephyr/CMakeFiles/zephyr.dir/subsys/shell/modules/kernel_service/kernel_shell.c.gcno:no functions found
[/mnt/host/source/src/platform/ec/build/zephyr/kingler-lcov] stderr:
[skywalker-tps6699x:rw] [311/365] Building C object modules/ec/zephyr/CMakeFiles/ec_shim.dir/shim/src/led_driver/led_pwm.c.obj
[skywalker-tps6699x:rw] [312/365] Building C object modules/ec/zephyr/CMakeFiles/ec_shim.dir/shim/src/system.c.obj
[spikyrock:rw] [9/294] Building C object zephyr/CMakeFiles/offsets.dir/arch/riscv/core/offsets/offsets.c.obj
[/mnt/host/source/src/platform/ec/build/zephyr/kingler-lcov]   /mnt/host/source/src/platform/ec/build/zephyr/kingler/build-rw/zephyr/CMakeFiles/zephyr.dir/lib/libc/validate_libc.c.gcno:no functions found
[/mnt/host/source/src/platform/ec/build/zephyr/kingler-lcov] stderr:
[skywalker-tps6699x:rw] [313/365] Building C object modules/ec/zephyr/CMakeFiles/ec_shim.dir/shim/src/pdc_shim.c.obj
[skywalker-tps6699x:rw] [314/365] Building C object modules/ec/zephyr/CMakeFiles/ec_shim.dir/shim/src/battery.c.obj
[skywalker-tps6699x:rw] [315/365] Building C object modules/ec/zephyr/CMakeFiles/ec_shim.dir/shim/src/charger.c.obj
[spikyrock:rw] [10/294] Generating include/generated/zephyr/offsets.h
[skywalker-tps6699x:rw] [316/365] Building C object modules/ec/zephyr/CMakeFiles/ec_shim.dir/shim/src/adc.c.obj
[skywalker-tps6699x:rw] [317/365] Building C object modules/ec/zephyr/CMakeFiles/ec_shim.dir/shim/src/flash.c.obj
[skywalker-tps6699x:rw] [318/365] Building C object modules/ec/zephyr/CMakeFiles/ec_shim.dir/shim/src/hooks.c.obj
[skywalker-tps6699x:rw] [319/365] Building C object modules/ec/zephyr/CMakeFiles/ec_shim.dir/shim/src/host_command.c.obj
[skywalker-tps6699x:rw] [320/365] Building C object modules/ec/zephyr/CMakeFiles/ec_shim.dir/shim/src/console_buffer.c.obj
[spikyrock:ro] [9/293] Building C object zephyr/CMakeFiles/offsets.dir/arch/riscv/core/offsets/offsets.c.obj
[spikyrock:ro] [10/293] Generating include/generated/zephyr/offsets.h
[skywalker-tps6699x:rw] [321/365] Building C object modules/ec/zephyr/CMakeFiles/ec_shim.dir/shim/src/keyboard_raw.c.obj
[skywalker-tps6699x:rw] [322/365] Building C object modules/ec/zephyr/CMakeFiles/ec_shim.dir/shim/src/keyscan.c.obj
[skywalker-tps6699x:rw] [323/365] Building C object modules/ec/zephyr/CMakeFiles/ec_shim.dir/shim/src/mkbp_event.c.obj
[/mnt/host/source/src/platform/ec/build/zephyr/crystaldrift-lcov] stderr:
[/mnt/host/source/src/platform/ec/build/zephyr/winterhold-lcov]   /mnt/host/source/src/platform/ec/build/zephyr/winterhold/build-rw/zephyr/drivers/sensor/CMakeFiles/drivers__sensor.dir/mnt/host/source/src/third_party/zephyr/main/misc/empty_file.c.gcno:no functions found
[/mnt/host/source/src/platform/ec/build/zephyr/winterhold-lcov] Filter suppressions 'region':
[spikyrock:rw] [11/294] Building C object zephyr/CMakeFiles/zephyr.dir/lib/libc/validate_libc.c.obj
[/mnt/host/source/src/platform/ec/build/zephyr/winterhold-lcov]     35 instances
[/mnt/host/source/src/platform/ec/build/zephyr/winterhold-lcov]     20 coverpoints
[/mnt/host/source/src/platform/ec/build/zephyr/winterhold-lcov] Message summary:
[/mnt/host/source/src/platform/ec/build/zephyr/winterhold-lcov]   33 ignore messages:
[/mnt/host/source/src/platform/ec/build/zephyr/winterhold-lcov]     gcov: 33
[skywalker-tps6699x:rw] [324/365] Building C object modules/ec/zephyr/CMakeFiles/ec_shim.dir/shim/src/power.c.obj
[/mnt/host/source/src/platform/ec/build/zephyr/crystaldrift-lcov]   /mnt/host/source/src/platform/ec/build/zephyr/crystaldrift/build-ro/modules/ec/zephyr/CMakeFiles/ec_shim.dir/shim/src/thermal.c.gcno:no functions found
[/mnt/host/source/src/platform/ec/build/zephyr/crystaldrift-lcov] stderr:
[skywalker-tps6699x:rw] [325/365] Building C object modules/ec/zephyr/CMakeFiles/ec_shim.dir/shim/src/panic.c.obj
[skywalker-tps6699x:rw] [326/365] Building C object modules/ec/zephyr/CMakeFiles/ec_shim.dir/shim/src/hwtimer.c.obj
[skywalker-tps6699x:rw] [327/365] Building C object modules/ec/zephyr/CMakeFiles/ec_shim.dir/shim/src/i2c.c.obj
[skywalker-tps6699x:rw] [328/365] Building C object modules/ec/zephyr/CMakeFiles/ec_shim.dir/shim/src/usba.c.obj
[spikyrock:ro] [11/293] Building C object zephyr/CMakeFiles/zephyr.dir/lib/libc/validate_libc.c.obj
[skywalker-tps6699x:rw] [329/365] Building C object modules/ec/zephyr/CMakeFiles/ec_shim.dir/shim/src/motionsense_sensors.c.obj
[skywalker-tps6699x:rw] [330/365] Building C object modules/ec/zephyr/CMakeFiles/ec_shim.dir/shim/src/watchdog.c.obj
[skywalker-tps6699x:rw] [331/365] Building C object zephyr/kernel/CMakeFiles/kernel.dir/main_weak.c.obj
[skywalker-tps6699x:rw] [332/365] Building C object zephyr/kernel/CMakeFiles/kernel.dir/banner.c.obj
[skywalker-tps6699x:rw] [333/365] Building C object modules/ec/zephyr/CMakeFiles/ec_shim.dir/shim/src/tasks.c.obj
[skywalker-tps6699x:rw] [334/365] Building C object zephyr/kernel/CMakeFiles/kernel.dir/busy_wait.c.obj
[skywalker-tps6699x:rw] [335/365] Building C object zephyr/kernel/CMakeFiles/kernel.dir/version.c.obj
[/mnt/host/source/src/platform/ec/build/zephyr/crystaldrift-lcov]   /mnt/host/source/src/platform/ec/build/zephyr/crystaldrift/build-ro/modules/ec/zephyr/CMakeFiles/ec_shim.dir/shim/src/battery.c.gcno:no functions found
[/mnt/host/source/src/platform/ec/build/zephyr/crystaldrift-lcov] stderr:
[spikyrock:rw] [12/294] Building C object zephyr/CMakeFiles/zephyr.dir/lib/heap/heap.c.obj
[skywalker-tps6699x:rw] [336/365] Linking C static library modules/ec/zephyr/libec_shim.a
[/mnt/host/source/src/platform/ec/build/zephyr/crystaldrift-lcov]   /mnt/host/source/src/platform/ec/build/zephyr/crystaldrift/build-ro/modules/ec/zephyr/CMakeFiles/ec_shim.dir/shim/src/charger.c.gcno:no functions found
[/mnt/host/source/src/platform/ec/build/zephyr/crystaldrift-lcov] stderr:
[skywalker-tps6699x:rw] [337/365] Building C object zephyr/kernel/CMakeFiles/kernel.dir/device.c.obj
[/mnt/host/source/src/platform/ec/build/zephyr/kingler-lcov]   /mnt/host/source/src/platform/ec/build/zephyr/kingler/build-rw/zephyr/CMakeFiles/zephyr.dir/lib/utils/last_section_id.c.gcno:no functions found
[/mnt/host/source/src/platform/ec/build/zephyr/kingler-lcov] stderr:
[skywalker-tps6699x:rw] [338/365] Building C object zephyr/kernel/CMakeFiles/kernel.dir/errno.c.obj
[skywalker-tps6699x:rw] [339/365] Building C object zephyr/kernel/CMakeFiles/kernel.dir/init.c.obj
[skywalker-tps6699x:rw] [340/365] Building C object zephyr/kernel/CMakeFiles/kernel.dir/fatal.c.obj
[skywalker-tps6699x:rw] [341/365] Building C object zephyr/kernel/CMakeFiles/kernel.dir/mem_slab.c.obj
[skywalker-tps6699x:rw] [342/365] Building C object zephyr/kernel/CMakeFiles/kernel.dir/float.c.obj
[skywalker-tps6699x:rw] [343/365] Building C object zephyr/kernel/CMakeFiles/kernel.dir/kheap.c.obj
[spikyrock:ro] [12/293] Building C object zephyr/CMakeFiles/zephyr.dir/lib/heap/heap.c.obj
[skywalker-tps6699x:rw] [344/365] Building C object zephyr/kernel/CMakeFiles/kernel.dir/idle.c.obj
[spikyrock:rw] [13/294] Building C object zephyr/CMakeFiles/zephyr.dir/lib/os/cbprintf_packaged.c.obj
[skywalker-tps6699x:rw] [345/365] Building C object zephyr/kernel/CMakeFiles/kernel.dir/msg_q.c.obj
[skywalker-tps6699x:rw] [346/365] Building C object zephyr/kernel/CMakeFiles/kernel.dir/mailbox.c.obj
[skywalker-tps6699x:rw] [347/365] Building C object zephyr/kernel/CMakeFiles/kernel.dir/mutex.c.obj
[skywalker-tps6699x:rw] [348/365] Building C object zephyr/kernel/CMakeFiles/kernel.dir/stack.c.obj
[skywalker-tps6699x:rw] [349/365] Building C object zephyr/kernel/CMakeFiles/kernel.dir/queue.c.obj
[/mnt/host/source/src/platform/ec/build/zephyr/crystaldrift-lcov]   /mnt/host/source/src/platform/ec/build/zephyr/crystaldrift/build-ro/modules/ec/zephyr/CMakeFiles/ec_shim.dir/shim/src/usb_muxes.c.gcno:no functions found
[/mnt/host/source/src/platform/ec/build/zephyr/crystaldrift-lcov] stderr:
[skywalker-tps6699x:rw] [350/365] Building C object zephyr/kernel/CMakeFiles/kernel.dir/sem.c.obj
[skywalker-tps6699x:rw] [351/365] Building C object zephyr/kernel/CMakeFiles/kernel.dir/system_work_q.c.obj
[skywalker-tps6699x:rw] [352/365] Building C object zephyr/kernel/CMakeFiles/kernel.dir/condvar.c.obj
[skywalker-tps6699x:rw] [353/365] Building C object zephyr/kernel/CMakeFiles/kernel.dir/thread.c.obj
[skywalker-tps6699x:rw] [354/365] Building C object zephyr/kernel/CMakeFiles/kernel.dir/pipe.c.obj
[quandiso2:ro] Configuring.
Running `env -i PYTHONPATH=/usr/lib64/python-exec/python3.11:/mnt/host/source/src/platform/ec/zephyr/zmake:/usr/lib/python311.zip:/usr/lib/python3.11:/usr/lib/python3.11/lib-dynload:/usr/lib/python3.11/site-packages PW_PIGWEED_CIPD_INSTALL_DIR=/usr CROSTC_USER_ACKNOWLEDGES_THAT_RISCV_IS_EXPERIMENTAL=1 PATH=/mnt/host/source/chromite/bin:/usr/local/bin:/usr/bin:/bin:/opt/bin:/mnt/host/source/chromite/sdk/bin:/mnt/host/source/chromite/bin HOME=/home/jpmurphy JAVA_HOME=/etc/java-config-2/current-system-vm JDK_HOME=/etc/java-config-2/current-system-vm JAVAC=/etc/java-config-2/current-system-vm/bin/javac MAKEFLAGS=' -j16 --jobserver-auth=5,6' /usr/bin/cmake -S /mnt/host/source/src/platform/ec/zephyr/program/nissa -B /mnt/host/source/src/platform/ec/build/zephyr/quandiso2/build-ro -GNinja -DCMAKE_EXPORT_COMPILE_COMMANDS=ON -DZEPHYR_BASE=/mnt/host/source/src/third_party/zephyr/main -DZMAKE_INCLUDE_DIR=/mnt/host/source/src/platform/ec/build/zephyr/quandiso2/include -DPython3_EXECUTABLE=/usr/bin/python3.11 -DDTS_ROOT=/mnt/host/source/src/platform/ec/zephyr -DSYSCALL_INCLUDE_DIRS=/mnt/host/source/src/platform/ec/zephyr/include/drivers -DUSER_CACHE_DIR=/mnt/host/source/src/platform/ec/build/zephyr/user-cache '-DEXTRA_EC_VERSION_FLAGS=--version 16543.0.0 --static' -DTOOLCHAIN_ROOT=/mnt/host/source/src/platform/ec/zephyr -DCOREBOOT_SDK_ROOT_x86=/home/jpmurphy/.cache/coreboot-sdk/i386-elf/dfbb0486385d938cfa9d73080b9d18d598ed4f49 -DCOREBOOT_SDK_ROOT_picolibc_x86=/home/jpmurphy/.cache/coreboot-sdk/picolibc-i386-elf/eb8e8e687b95461de8cbf278f1c2076952d0ad17 -DCOREBOOT_SDK_ROOT_riscv64=/home/jpmurphy/.cache/coreboot-sdk/riscv64-elf/96b949749225b6aaa92ed810ab769e8dfb12f000 -DCOREBOOT_SDK_ROOT_picolibc_arm=/home/jpmurphy/.cache/coreboot-sdk/picolibc-arm-eabi/422a2aa3e1ef891b5bece9a3deb696ff83840d2e -DCOREBOOT_SDK_ROOT_nds32=/home/jpmurphy/.cache/coreboot-sdk/nds32le-elf/d1a518c4a097666d86058e1444f85ca015d15511 -DCOREBOOT_SDK_ROOT_picolibc_riscv64=/home/jpmurphy/.cache/coreboot-sdk/picolibc-riscv64-elf/f571e990ef0278564b31124f8bb109d9a697eb69 -DCOREBOOT_SDK_ROOT_arm=/home/jpmurphy/.cache/coreboot-sdk/arm-eabi/ea40ddd1d190c3b48435c474c0b545719371813a -DCOREBOOT_SDK_ROOT_libstdcxx_riscv64=/home/jpmurphy/.cache/coreboot-sdk/libstdcxx-riscv64-elf/17abf22a3a252e2d5d2062ced5324f7a623689e0 -DCOREBOOT_SDK_ROOT_libstdcxx_arm=/home/jpmurphy/.cache/coreboot-sdk/libstdcxx-arm-eabi/5d7d82e150e44aa1968f1d366e267e6687b328ac -DCOREBOOT_SDK_ROOT_riscv=/home/jpmurphy/.cache/coreboot-sdk/riscv-elf/9a27b9e82341c6e9126624f516ab3f261abb3e73 -DCOREBOOT_SDK_ROOT_libstdcxx_x86=/home/jpmurphy/.cache/coreboot-sdk/libstdcxx-i386-elf/42ef9d2e87a76a37963175d7d428734e65648b87 -DZEPHYR_TOOLCHAIN_VARIANT=coreboot-sdk -DZEPHYR_MODULES=/mnt/host/source/src/platform/ec/build/zephyr/quandiso2/modules/ec -DDTC_OVERLAY_FILE=/mnt/host/source/src/platform/ec/zephyr/program/nissa/quandiso2/project.overlay -DBOARD=it8xxx2/it81302bx -DCMAKE_C_FLAGS=-DSECTION_IS_RO '-DCONF_FILE=/mnt/host/source/src/platform/ec/zephyr/program/nissa/program.conf;/mnt/host/source/src/platform/ec/zephyr/program/nissa/it8xxx2_program.conf;/mnt/host/source/src/platform/ec/zephyr/program/nissa/quandiso2/project.conf;/mnt/host/source/src/platform/ec/build/zephyr/quandiso2/kconfig-ro.conf'`
[skywalker-tps6699x:rw] [355/365] Building C object zephyr/kernel/CMakeFiles/kernel.dir/work.c.obj
[quandiso2:ro] Loading Zephyr default modules (Zephyr base (cached)).
[quandiso2:ro] -- Application: /mnt/host/source/src/platform/ec/zephyr/program/nissa
[quandiso2:ro] -- CMake version: 3.31.7
[spikyrock:ro] [13/293] Building C object zephyr/CMakeFiles/zephyr.dir/lib/os/cbprintf_packaged.c.obj
[spikyrock:rw] [14/294] Building C object zephyr/CMakeFiles/zephyr.dir/lib/os/clock.c.obj
[skywalker-tps6699x:rw] [356/365] Building C object zephyr/kernel/CMakeFiles/kernel.dir/thread_monitor.c.obj
[skywalker-tps6699x:rw] [357/365] Building C object zephyr/kernel/CMakeFiles/kernel.dir/spinlock_validate.c.obj
[skywalker-tps6699x:rw] [358/365] Building C object zephyr/kernel/CMakeFiles/kernel.dir/timeout.c.obj
Toolchain <zmake.toolchains.CorebootSdkToolchain object at 0x7f412077f5d0> selected by probe function.
[joxer] Building in /mnt/host/source/src/platform/ec/build/zephyr/joxer.
[skywalker-tps6699x:rw] [359/365] Building C object zephyr/kernel/CMakeFiles/kernel.dir/timer.c.obj
[skywalker-tps6699x:rw] [360/365] Building C object zephyr/kernel/CMakeFiles/kernel.dir/sched.c.obj
[joxer:rw] Configuring.
Running `env -i PYTHONPATH=/usr/lib64/python-exec/python3.11:/mnt/host/source/src/platform/ec/zephyr/zmake:/usr/lib/python311.zip:/usr/lib/python3.11:/usr/lib/python3.11/lib-dynload:/usr/lib/python3.11/site-packages PW_PIGWEED_CIPD_INSTALL_DIR=/usr CROSTC_USER_ACKNOWLEDGES_THAT_RISCV_IS_EXPERIMENTAL=1 PATH=/mnt/host/source/chromite/bin:/usr/local/bin:/usr/bin:/bin:/opt/bin:/mnt/host/source/chromite/sdk/bin:/mnt/host/source/chromite/bin HOME=/home/jpmurphy JAVA_HOME=/etc/java-config-2/current-system-vm JDK_HOME=/etc/java-config-2/current-system-vm JAVAC=/etc/java-config-2/current-system-vm/bin/javac MAKEFLAGS=' -j16 --jobserver-auth=5,6' /usr/bin/cmake -S /mnt/host/source/src/platform/ec/zephyr/program/nissa -B /mnt/host/source/src/platform/ec/build/zephyr/joxer/build-rw -GNinja -DCMAKE_EXPORT_COMPILE_COMMANDS=ON -DZEPHYR_BASE=/mnt/host/source/src/third_party/zephyr/main -DZMAKE_INCLUDE_DIR=/mnt/host/source/src/platform/ec/build/zephyr/joxer/include -DPython3_EXECUTABLE=/usr/bin/python3.11 -DDTS_ROOT=/mnt/host/source/src/platform/ec/zephyr -DSYSCALL_INCLUDE_DIRS=/mnt/host/source/src/platform/ec/zephyr/include/drivers -DUSER_CACHE_DIR=/mnt/host/source/src/platform/ec/build/zephyr/user-cache '-DEXTRA_EC_VERSION_FLAGS=--version 16543.0.0 --static' -DTOOLCHAIN_ROOT=/mnt/host/source/src/platform/ec/zephyr -DCOREBOOT_SDK_ROOT_x86=/home/jpmurphy/.cache/coreboot-sdk/i386-elf/dfbb0486385d938cfa9d73080b9d18d598ed4f49 -DCOREBOOT_SDK_ROOT_picolibc_x86=/home/jpmurphy/.cache/coreboot-sdk/picolibc-i386-elf/eb8e8e687b95461de8cbf278f1c2076952d0ad17 -DCOREBOOT_SDK_ROOT_riscv64=/home/jpmurphy/.cache/coreboot-sdk/riscv64-elf/96b949749225b6aaa92ed810ab769e8dfb12f000 -DCOREBOOT_SDK_ROOT_picolibc_arm=/home/jpmurphy/.cache/coreboot-sdk/picolibc-arm-eabi/422a2aa3e1ef891b5bece9a3deb696ff83840d2e -DCOREBOOT_SDK_ROOT_nds32=/home/jpmurphy/.cache/coreboot-sdk/nds32le-elf/d1a518c4a097666d86058e1444f85ca015d15511 -DCOREBOOT_SDK_ROOT_picolibc_riscv64=/home/jpmurphy/.cache/coreboot-sdk/picolibc-riscv64-elf/f571e990ef0278564b31124f8bb109d9a697eb69 -DCOREBOOT_SDK_ROOT_arm=/home/jpmurphy/.cache/coreboot-sdk/arm-eabi/ea40ddd1d190c3b48435c474c0b545719371813a -DCOREBOOT_SDK_ROOT_libstdcxx_riscv64=/home/jpmurphy/.cache/coreboot-sdk/libstdcxx-riscv64-elf/17abf22a3a252e2d5d2062ced5324f7a623689e0 -DCOREBOOT_SDK_ROOT_libstdcxx_arm=/home/jpmurphy/.cache/coreboot-sdk/libstdcxx-arm-eabi/5d7d82e150e44aa1968f1d366e267e6687b328ac -DCOREBOOT_SDK_ROOT_riscv=/home/jpmurphy/.cache/coreboot-sdk/riscv-elf/9a27b9e82341c6e9126624f516ab3f261abb3e73 -DCOREBOOT_SDK_ROOT_libstdcxx_x86=/home/jpmurphy/.cache/coreboot-sdk/libstdcxx-i386-elf/42ef9d2e87a76a37963175d7d428734e65648b87 -DZEPHYR_TOOLCHAIN_VARIANT=coreboot-sdk -DZEPHYR_MODULES=/mnt/host/source/src/platform/ec/build/zephyr/joxer/modules/ec -DDTC_OVERLAY_FILE=/mnt/host/source/src/platform/ec/zephyr/program/nissa/joxer/project.overlay -DBOARD=it8xxx2/it81302bx -DCMAKE_C_FLAGS=-DSECTION_IS_RW '-DCONF_FILE=/mnt/host/source/src/platform/ec/zephyr/program/nissa/program.conf;/mnt/host/source/src/platform/ec/zephyr/program/nissa/it8xxx2_program.conf;/mnt/host/source/src/platform/ec/zephyr/program/nissa/joxer/project.conf;/mnt/host/source/src/platform/ec/build/zephyr/joxer/kconfig-rw.conf'`
[skywalker-tps6699x:rw] [361/365] Building C object zephyr/kernel/CMakeFiles/kernel.dir/mempool.c.obj
[joxer:rw] Loading Zephyr default modules (Zephyr base (cached)).
[joxer:rw] -- Application: /mnt/host/source/src/platform/ec/zephyr/program/nissa
[joxer:rw] -- CMake version: 3.31.7
[quandiso2:ro] -- Found Python3: /usr/bin/python3.11 (found suitable version "3.11.11", minimum required is "3.10") found components: Interpreter
[quandiso2:ro] -- Cache files will be written to: /mnt/host/source/src/platform/ec/build/zephyr/user-cache
[quandiso2:ro] -- Zephyr version: 4.3.99 (/mnt/host/source/src/third_party/zephyr/main)
[skywalker-tps6699x:rw] [362/365] Building C object zephyr/kernel/CMakeFiles/kernel.dir/poll.c.obj
[skywalker-tps6699x:rw] [363/365] Building C object zephyr/kernel/CMakeFiles/kernel.dir/events.c.obj
[spikyrock:rw] [15/294] Building C object zephyr/CMakeFiles/zephyr.dir/lib/os/printk.c.obj
[skywalker-tps6699x:rw] [364/365] Building C object zephyr/kernel/CMakeFiles/kernel.dir/dynamic_disabled.c.obj
[/mnt/host/source/src/platform/ec/build/zephyr/crystaldrift-lcov]   /mnt/host/source/src/platform/ec/build/zephyr/crystaldrift/build-ro/modules/ec/zephyr/CMakeFiles/ec_shim.dir/shim/src/usba.c.gcno:no functions found
[/mnt/host/source/src/platform/ec/build/zephyr/crystaldrift-lcov] stderr:
[spikyrock:rw] [16/294] Building C object zephyr/CMakeFiles/zephyr.dir/lib/os/sem.c.obj
[spikyrock:ro] [14/293] Building C object zephyr/CMakeFiles/zephyr.dir/lib/os/printk.c.obj
[skywalker-tps6699x:rw] [365/365] Linking C static library zephyr/kernel/libkernel.a
[joxer:ro] Configuring.
Running `env -i PYTHONPATH=/usr/lib64/python-exec/python3.11:/mnt/host/source/src/platform/ec/zephyr/zmake:/usr/lib/python311.zip:/usr/lib/python3.11:/usr/lib/python3.11/lib-dynload:/usr/lib/python3.11/site-packages PW_PIGWEED_CIPD_INSTALL_DIR=/usr CROSTC_USER_ACKNOWLEDGES_THAT_RISCV_IS_EXPERIMENTAL=1 PATH=/mnt/host/source/chromite/bin:/usr/local/bin:/usr/bin:/bin:/opt/bin:/mnt/host/source/chromite/sdk/bin:/mnt/host/source/chromite/bin HOME=/home/jpmurphy JAVA_HOME=/etc/java-config-2/current-system-vm JDK_HOME=/etc/java-config-2/current-system-vm JAVAC=/etc/java-config-2/current-system-vm/bin/javac MAKEFLAGS=' -j16 --jobserver-auth=5,6' /usr/bin/cmake -S /mnt/host/source/src/platform/ec/zephyr/program/nissa -B /mnt/host/source/src/platform/ec/build/zephyr/joxer/build-ro -GNinja -DCMAKE_EXPORT_COMPILE_COMMANDS=ON -DZEPHYR_BASE=/mnt/host/source/src/third_party/zephyr/main -DZMAKE_INCLUDE_DIR=/mnt/host/source/src/platform/ec/build/zephyr/joxer/include -DPython3_EXECUTABLE=/usr/bin/python3.11 -DDTS_ROOT=/mnt/host/source/src/platform/ec/zephyr -DSYSCALL_INCLUDE_DIRS=/mnt/host/source/src/platform/ec/zephyr/include/drivers -DUSER_CACHE_DIR=/mnt/host/source/src/platform/ec/build/zephyr/user-cache '-DEXTRA_EC_VERSION_FLAGS=--version 16543.0.0 --static' -DTOOLCHAIN_ROOT=/mnt/host/source/src/platform/ec/zephyr -DCOREBOOT_SDK_ROOT_x86=/home/jpmurphy/.cache/coreboot-sdk/i386-elf/dfbb0486385d938cfa9d73080b9d18d598ed4f49 -DCOREBOOT_SDK_ROOT_picolibc_x86=/home/jpmurphy/.cache/coreboot-sdk/picolibc-i386-elf/eb8e8e687b95461de8cbf278f1c2076952d0ad17 -DCOREBOOT_SDK_ROOT_riscv64=/home/jpmurphy/.cache/coreboot-sdk/riscv64-elf/96b949749225b6aaa92ed810ab769e8dfb12f000 -DCOREBOOT_SDK_ROOT_picolibc_arm=/home/jpmurphy/.cache/coreboot-sdk/picolibc-arm-eabi/422a2aa3e1ef891b5bece9a3deb696ff83840d2e -DCOREBOOT_SDK_ROOT_nds32=/home/jpmurphy/.cache/coreboot-sdk/nds32le-elf/d1a518c4a097666d86058e1444f85ca015d15511 -DCOREBOOT_SDK_ROOT_picolibc_riscv64=/home/jpmurphy/.cache/coreboot-sdk/picolibc-riscv64-elf/f571e990ef0278564b31124f8bb109d9a697eb69 -DCOREBOOT_SDK_ROOT_arm=/home/jpmurphy/.cache/coreboot-sdk/arm-eabi/ea40ddd1d190c3b48435c474c0b545719371813a -DCOREBOOT_SDK_ROOT_libstdcxx_riscv64=/home/jpmurphy/.cache/coreboot-sdk/libstdcxx-riscv64-elf/17abf22a3a252e2d5d2062ced5324f7a623689e0 -DCOREBOOT_SDK_ROOT_libstdcxx_arm=/home/jpmurphy/.cache/coreboot-sdk/libstdcxx-arm-eabi/5d7d82e150e44aa1968f1d366e267e6687b328ac -DCOREBOOT_SDK_ROOT_riscv=/home/jpmurphy/.cache/coreboot-sdk/riscv-elf/9a27b9e82341c6e9126624f516ab3f261abb3e73 -DCOREBOOT_SDK_ROOT_libstdcxx_x86=/home/jpmurphy/.cache/coreboot-sdk/libstdcxx-i386-elf/42ef9d2e87a76a37963175d7d428734e65648b87 -DZEPHYR_TOOLCHAIN_VARIANT=coreboot-sdk -DZEPHYR_MODULES=/mnt/host/source/src/platform/ec/build/zephyr/joxer/modules/ec -DDTC_OVERLAY_FILE=/mnt/host/source/src/platform/ec/zephyr/program/nissa/joxer/project.overlay -DBOARD=it8xxx2/it81302bx -DCMAKE_C_FLAGS=-DSECTION_IS_RO '-DCONF_FILE=/mnt/host/source/src/platform/ec/zephyr/program/nissa/program.conf;/mnt/host/source/src/platform/ec/zephyr/program/nissa/it8xxx2_program.conf;/mnt/host/source/src/platform/ec/zephyr/program/nissa/joxer/project.conf;/mnt/host/source/src/platform/ec/build/zephyr/joxer/kconfig-ro.conf'`
[spikyrock:rw] [17/294] Building C object zephyr/CMakeFiles/zephyr.dir/lib/os/thread_entry.c.obj
[spikyrock:ro] [15/293] Building C object zephyr/CMakeFiles/zephyr.dir/lib/os/clock.c.obj
[joxer:rw] -- Found Python3: /usr/bin/python3.11 (found suitable version "3.11.11", minimum required is "3.10") found components: Interpreter
[joxer:ro] Loading Zephyr default modules (Zephyr base (cached)).
[joxer:ro] -- Application: /mnt/host/source/src/platform/ec/zephyr/program/nissa
[joxer:ro] -- CMake version: 3.31.7
[joxer:rw] -- Cache files will be written to: /mnt/host/source/src/platform/ec/build/zephyr/user-cache
[joxer:rw] -- Zephyr version: 4.3.99 (/mnt/host/source/src/third_party/zephyr/main)
[spikyrock:rw] [18/294] Building C object zephyr/CMakeFiles/zephyr.dir/lib/utils/dec.c.obj
[spikyrock:rw] [19/294] Building C object zephyr/CMakeFiles/zephyr.dir/lib/os/cbprintf.c.obj
[spikyrock:rw] [20/294] Building C object zephyr/CMakeFiles/zephyr.dir/lib/os/cbprintf_nano.c.obj
[spikyrock:ro] [16/293] Building C object zephyr/CMakeFiles/zephyr.dir/lib/os/sem.c.obj
[spikyrock:rw] [21/294] Building C object zephyr/CMakeFiles/zephyr.dir/lib/utils/hex.c.obj
[spikyrock:ro] [17/293] Building C object zephyr/CMakeFiles/zephyr.dir/lib/utils/dec.c.obj
[spikyrock:ro] [18/293] Building C object zephyr/CMakeFiles/zephyr.dir/lib/os/thread_entry.c.obj
[spikyrock:ro] [19/293] Building C object zephyr/CMakeFiles/zephyr.dir/lib/os/cbprintf_nano.c.obj
[joxer:ro] -- Found Python3: /usr/bin/python3.11 (found suitable version "3.11.11", minimum required is "3.10") found components: Interpreter
[spikyrock:rw] [22/294] Building C object zephyr/CMakeFiles/zephyr.dir/lib/os/assert.c.obj
[joxer:ro] -- Cache files will be written to: /mnt/host/source/src/platform/ec/build/zephyr/user-cache
[joxer:ro] -- Zephyr version: 4.3.99 (/mnt/host/source/src/third_party/zephyr/main)
[spikyrock:rw] [23/294] Building C object zephyr/CMakeFiles/zephyr.dir/lib/utils/timeutil.c.obj
[spikyrock:ro] [20/293] Building C object zephyr/CMakeFiles/zephyr.dir/lib/utils/hex.c.obj
[spikyrock:rw] [24/294] Building C object zephyr/CMakeFiles/zephyr.dir/lib/utils/bitmask.c.obj
[spikyrock:ro] [21/293] Building C object zephyr/CMakeFiles/zephyr.dir/lib/os/cbprintf.c.obj
[spikyrock:ro] [22/293] Building C object zephyr/CMakeFiles/zephyr.dir/lib/os/assert.c.obj
[spikyrock:ro] [23/293] Building C object zephyr/CMakeFiles/zephyr.dir/lib/utils/timeutil.c.obj
[spikyrock:ro] [24/293] Building C object zephyr/CMakeFiles/zephyr.dir/lib/utils/bitmask.c.obj
[spikyrock:rw] [25/294] Building C object zephyr/CMakeFiles/zephyr.dir/lib/utils/bitarray.c.obj
[spikyrock:rw] [26/294] Building C object zephyr/CMakeFiles/zephyr.dir/lib/utils/rb.c.obj
[spikyrock:ro] [25/293] Building C object zephyr/CMakeFiles/zephyr.dir/lib/utils/last_section_id.c.obj
[spikyrock:rw] [27/294] Building C object zephyr/CMakeFiles/zephyr.dir/lib/utils/ring_buffer.c.obj
[spikyrock:ro] [26/293] Building C object zephyr/CMakeFiles/zephyr.dir/lib/utils/rb.c.obj
[quandiso2:ro] -- Board: it8xxx2, qualifiers: it81302bx
[spikyrock:rw] [28/294] Building C object zephyr/CMakeFiles/zephyr.dir/lib/utils/getopt/getopt.c.obj
[spikyrock:rw] [29/294] Building C object zephyr/CMakeFiles/zephyr.dir/lib/utils/last_section_id.c.obj
[spikyrock:ro] [27/293] Building C object zephyr/CMakeFiles/zephyr.dir/lib/utils/bitarray.c.obj
[spikyrock:ro] [28/293] Building C object zephyr/CMakeFiles/zephyr.dir/lib/utils/ring_buffer.c.obj
[spikyrock:rw] [30/294] Building C object zephyr/CMakeFiles/zephyr.dir/lib/utils/getopt/getopt_common.c.obj
[spikyrock:rw] [31/294] Building C object zephyr/CMakeFiles/zephyr.dir/misc/generated/configs.c.obj
[spikyrock:ro] [29/293] Building C object zephyr/CMakeFiles/zephyr.dir/lib/utils/getopt/getopt_common.c.obj
[spikyrock:rw] [32/294] Building ASM object zephyr/CMakeFiles/zephyr.dir/soc/ite/ec/common/soc_irq.S.obj
[spikyrock:ro] [30/293] Building C object zephyr/CMakeFiles/zephyr.dir/lib/utils/getopt/getopt.c.obj
[spikyrock:ro] [31/293] Building C object zephyr/CMakeFiles/zephyr.dir/misc/generated/configs.c.obj
[joxer:rw] -- Board: it8xxx2, qualifiers: it81302bx
[spikyrock:ro] [32/293] Building ASM object zephyr/CMakeFiles/zephyr.dir/soc/ite/ec/common/soc_irq.S.obj
[spikyrock:ro] [33/293] Building C object zephyr/CMakeFiles/zephyr.dir/soc/ite/ec/common/soc_common_irq.c.obj
[spikyrock:rw] [33/294] Building C object zephyr/CMakeFiles/zephyr.dir/soc/ite/ec/common/power.c.obj
[spikyrock:rw] [34/294] Building C object zephyr/CMakeFiles/zephyr.dir/soc/ite/ec/common/soc_common_irq.c.obj
[joxer:ro] -- Board: it8xxx2, qualifiers: it81302bx
[spikyrock:rw] [35/294] Building C object zephyr/CMakeFiles/zephyr.dir/soc/ite/ec/it8xxx2/check_regs.c.obj
[spikyrock:ro] [34/293] Building C object zephyr/CMakeFiles/zephyr.dir/soc/ite/ec/common/power.c.obj
[spikyrock:rw] [36/294] Building C object zephyr/CMakeFiles/zephyr.dir/soc/ite/ec/common/policy.c.obj
[spikyrock:ro] [35/293] Building ASM object zephyr/CMakeFiles/zephyr.dir/soc/ite/ec/it8xxx2/vector.S.obj
[spikyrock:ro] [36/293] Building C object zephyr/CMakeFiles/zephyr.dir/soc/ite/ec/common/policy.c.obj
[spikyrock:rw] [37/294] Building C object zephyr/CMakeFiles/zephyr.dir/soc/ite/ec/it8xxx2/soc.c.obj
[spikyrock:ro] [37/293] Building C object zephyr/CMakeFiles/zephyr.dir/soc/ite/ec/it8xxx2/soc.c.obj
[spikyrock:ro] [38/293] Building C object zephyr/CMakeFiles/zephyr.dir/soc/ite/ec/it8xxx2/check_regs.c.obj
[spikyrock:rw] [38/294] Building ASM object zephyr/CMakeFiles/zephyr.dir/soc/ite/ec/it8xxx2/vector.S.obj
[spikyrock:ro] [39/293] Building C object zephyr/CMakeFiles/zephyr.dir/soc/ite/ec/it8xxx2/ilm.c.obj
[spikyrock:rw] [39/294] Building C object zephyr/CMakeFiles/zephyr.dir/subsys/logging/log_minimal.c.obj
[spikyrock:rw] [40/294] Building C object zephyr/CMakeFiles/zephyr.dir/soc/ite/ec/it8xxx2/ilm.c.obj
[spikyrock:rw] [41/294] Building C object zephyr/CMakeFiles/zephyr.dir/subsys/pm/state.c.obj
[spikyrock:ro] [40/293] Building C object zephyr/CMakeFiles/zephyr.dir/subsys/pm/state.c.obj
[spikyrock:ro] [41/293] Building C object zephyr/CMakeFiles/zephyr.dir/subsys/logging/log_minimal.c.obj
[spikyrock:ro] [42/293] Building C object zephyr/CMakeFiles/zephyr.dir/subsys/pm/pm.c.obj
[spikyrock:ro] [43/293] Building C object zephyr/CMakeFiles/zephyr.dir/subsys/pm/policy/policy_latency.c.obj
[spikyrock:rw] [42/294] Building C object zephyr/CMakeFiles/zephyr.dir/subsys/pm/pm.c.obj
[spikyrock:ro] [44/293] Building C object zephyr/CMakeFiles/zephyr.dir/subsys/pm/policy/policy_events.c.obj
[spikyrock:ro] [45/293] Building C object zephyr/CMakeFiles/zephyr.dir/subsys/pm/policy/policy_state_lock.c.obj
[spikyrock:rw] [43/294] Building C object zephyr/CMakeFiles/zephyr.dir/subsys/pm/policy/policy_events.c.obj
[quandiso2:ro] -- Found Dtc: /usr/bin/dtc (found suitable version "1.6.0", minimum required is "1.4.6")
[quandiso2:ro] -- Found BOARD.dts: /mnt/host/source/src/platform/ec/zephyr/boards/google/it8xxx2/it8xxx2_it81302bx.dts
[quandiso2:ro] -- Found devicetree overlay: /mnt/host/source/src/platform/ec/zephyr/program/nissa/quandiso2/project.overlay
[spikyrock:rw] [44/294] Building C object zephyr/CMakeFiles/zephyr.dir/subsys/pm/policy/policy_latency.c.obj
[spikyrock:rw] [45/294] Building C object zephyr/CMakeFiles/zephyr.dir/subsys/pm/policy/policy_state_lock.c.obj
[/mnt/host/source/src/platform/ec/build/zephyr/crystaldrift-lcov]   /mnt/host/source/src/platform/ec/build/zephyr/crystaldrift/build-ro/modules/ec/zephyr/CMakeFiles/ec_shim.dir/shim/src/bc12.c.gcno:no functions found
[/mnt/host/source/src/platform/ec/build/zephyr/crystaldrift-lcov] stderr:
[spikyrock:ro] [46/293] Building C object zephyr/CMakeFiles/zephyr.dir/subsys/pm/device_system_managed.c.obj
[spikyrock:rw] [46/294] Building C object zephyr/CMakeFiles/zephyr.dir/subsys/pm/device.c.obj
[spikyrock:ro] [47/293] Building C object zephyr/CMakeFiles/zephyr.dir/subsys/pm/device.c.obj
[spikyrock:ro] [48/293] Building C object zephyr/CMakeFiles/zephyr.dir/subsys/tracing/tracing_none.c.obj
[spikyrock:rw] [47/294] Building C object zephyr/CMakeFiles/zephyr.dir/subsys/pm/device_system_managed.c.obj
[joxer:rw] -- Found Dtc: /usr/bin/dtc (found suitable version "1.6.0", minimum required is "1.4.6")
[spikyrock:ro] [49/293] Building C object zephyr/CMakeFiles/zephyr.dir/subsys/shell/modules/kernel_service/kernel_shell.c.obj
[joxer:rw] -- Found BOARD.dts: /mnt/host/source/src/platform/ec/zephyr/boards/google/it8xxx2/it8xxx2_it81302bx.dts
[joxer:rw] -- Found devicetree overlay: /mnt/host/source/src/platform/ec/zephyr/program/nissa/joxer/project.overlay
[spikyrock:ro] [50/293] Building C object zephyr/CMakeFiles/zephyr.dir/subsys/testsuite/coverage/coverage.c.obj
[spikyrock:rw] [48/294] Building C object zephyr/CMakeFiles/zephyr.dir/subsys/testsuite/coverage/coverage.c.obj
[spikyrock:ro] [51/293] Building C object zephyr/CMakeFiles/zephyr.dir/subsys/shell/modules/kernel_service/cycles.c.obj
[spikyrock:rw] [49/294] Building C object zephyr/CMakeFiles/zephyr.dir/subsys/shell/modules/kernel_service/kernel_shell.c.obj
[spikyrock:rw] [50/294] Building C object zephyr/CMakeFiles/zephyr.dir/subsys/tracing/tracing_none.c.obj
[joxer:ro] -- Found Dtc: /usr/bin/dtc (found suitable version "1.6.0", minimum required is "1.4.6")
[joxer:ro] -- Found BOARD.dts: /mnt/host/source/src/platform/ec/zephyr/boards/google/it8xxx2/it8xxx2_it81302bx.dts
[joxer:ro] -- Found devicetree overlay: /mnt/host/source/src/platform/ec/zephyr/program/nissa/joxer/project.overlay
[spikyrock:ro] [52/293] Building C object zephyr/CMakeFiles/zephyr.dir/subsys/shell/modules/kernel_service/sleep.c.obj
[spikyrock:rw] [51/294] Building C object zephyr/CMakeFiles/zephyr.dir/subsys/shell/modules/kernel_service/cycles.c.obj
[spikyrock:rw] [52/294] Building C object zephyr/CMakeFiles/zephyr.dir/subsys/shell/modules/kernel_service/sleep.c.obj
[spikyrock:ro] [53/293] Building C object zephyr/CMakeFiles/zephyr.dir/subsys/shell/modules/kernel_service/uptime.c.obj
[spikyrock:ro] [54/293] Building C object zephyr/CMakeFiles/zephyr.dir/subsys/shell/modules/kernel_service/version.c.obj
[spikyrock:ro] [55/293] Building C object zephyr/CMakeFiles/zephyr.dir/subsys/shell/modules/kernel_service/thread/list.c.obj
[spikyrock:ro] [56/293] Building C object zephyr/CMakeFiles/zephyr.dir/subsys/shell/modules/kernel_service/thread/thread.c.obj
[spikyrock:rw] [53/294] Building C object zephyr/CMakeFiles/zephyr.dir/subsys/shell/modules/kernel_service/version.c.obj
[spikyrock:rw] [54/294] Building C object zephyr/CMakeFiles/zephyr.dir/subsys/shell/modules/kernel_service/uptime.c.obj
[spikyrock:ro] [57/293] Building C object zephyr/CMakeFiles/zephyr.dir/subsys/shell/modules/kernel_service/thread/stacks.c.obj
[spikyrock:rw] [55/294] Building C object zephyr/CMakeFiles/zephyr.dir/subsys/shell/modules/kernel_service/thread/thread.c.obj
[spikyrock:ro] [58/293] Building C object zephyr/CMakeFiles/zephyr.dir/subsys/shell/modules/kernel_service/thread/unwind.c.obj
[spikyrock:rw] [56/294] Building C object zephyr/CMakeFiles/zephyr.dir/subsys/shell/modules/kernel_service/thread/list.c.obj
[spikyrock:rw] [57/294] Building C object zephyr/CMakeFiles/zephyr.dir/subsys/shell/modules/kernel_service/thread/stacks.c.obj
[spikyrock:ro] [59/293] Building C object zephyr/CMakeFiles/zephyr.dir/subsys/shell/modules/kernel_service/thread/resume.c.obj
[spikyrock:ro] [60/293] Building C object zephyr/CMakeFiles/zephyr.dir/subsys/shell/modules/kernel_service/thread/kill.c.obj
[spikyrock:ro] [61/293] Building C object zephyr/CMakeFiles/zephyr.dir/subsys/shell/modules/kernel_service/thread/suspend.c.obj
[quandiso2:ro] -- Generated zephyr.dts: /mnt/host/source/src/platform/ec/build/zephyr/quandiso2/build-ro/zephyr/zephyr.dts
[quandiso2:ro] -- Generated pickled edt: /mnt/host/source/src/platform/ec/build/zephyr/quandiso2/build-ro/zephyr/edt.pickle
[spikyrock:rw] [58/294] Building C object zephyr/CMakeFiles/zephyr.dir/subsys/shell/modules/kernel_service/thread/unwind.c.obj
[spikyrock:rw] [59/294] Building C object zephyr/CMakeFiles/zephyr.dir/subsys/shell/modules/kernel_service/thread/suspend.c.obj
[spikyrock:ro] [62/293] Building C object zephyr/CMakeFiles/zephyr.dir/subsys/shell/backends/shell_uart.c.obj
[spikyrock:ro] [63/293] Building C object zephyr/CMakeFiles/zephyr.dir/subsys/shell/shell_fprintf.c.obj
[spikyrock:rw] [60/294] Building C object zephyr/CMakeFiles/zephyr.dir/subsys/shell/modules/kernel_service/thread/resume.c.obj
[spikyrock:rw] [61/294] Building C object zephyr/CMakeFiles/zephyr.dir/subsys/shell/modules/kernel_service/thread/kill.c.obj
[quandiso2:ro] -- Generated devicetree_generated.h: /mnt/host/source/src/platform/ec/build/zephyr/quandiso2/build-ro/zephyr/include/generated/zephyr/devicetree_generated.h
[spikyrock:ro] [64/293] Building C object zephyr/CMakeFiles/zephyr.dir/subsys/shell/shell_utils.c.obj
[spikyrock:ro] [65/293] Building C object zephyr/CMakeFiles/zephyr.dir/subsys/shell/shell_help.c.obj
[spikyrock:ro] [66/293] Building C object zephyr/CMakeFiles/zephyr.dir/subsys/shell/shell.c.obj
[spikyrock:ro] [67/293] Building C object zephyr/CMakeFiles/zephyr.dir/subsys/shell/shell_ops.c.obj
[joxer:rw] -- Generated zephyr.dts: /mnt/host/source/src/platform/ec/build/zephyr/joxer/build-rw/zephyr/zephyr.dts
[joxer:rw] -- Generated pickled edt: /mnt/host/source/src/platform/ec/build/zephyr/joxer/build-rw/zephyr/edt.pickle
[spikyrock:rw] [62/294] Building C object zephyr/CMakeFiles/zephyr.dir/subsys/shell/backends/shell_uart.c.obj
[spikyrock:ro] [68/293] Building C object zephyr/CMakeFiles/zephyr.dir/subsys/shell/shell_history.c.obj
[spikyrock:rw] [63/294] Building C object zephyr/CMakeFiles/zephyr.dir/subsys/shell/shell_fprintf.c.obj
[spikyrock:rw] [64/294] Building C object zephyr/CMakeFiles/zephyr.dir/subsys/shell/shell.c.obj
[spikyrock:rw] [65/294] Building C object zephyr/CMakeFiles/zephyr.dir/subsys/shell/shell_utils.c.obj
[spikyrock:ro] [69/293] Building C object zephyr/arch/common/CMakeFiles/arch__common.dir/sw_isr_common.c.obj
[spikyrock:ro] [70/293] Building C object zephyr/CMakeFiles/zephyr.dir/drivers/flash/flash_util.c.obj
[joxer:ro] -- Generated zephyr.dts: /mnt/host/source/src/platform/ec/build/zephyr/joxer/build-ro/zephyr/zephyr.dts
[joxer:ro] -- Generated pickled edt: /mnt/host/source/src/platform/ec/build/zephyr/joxer/build-ro/zephyr/edt.pickle
[spikyrock:ro] [71/293] Building C object zephyr/arch/common/CMakeFiles/arch__common.dir/dynamic_isr.c.obj
[spikyrock:ro] [72/293] Building C object zephyr/arch/common/CMakeFiles/arch__common.dir/init.c.obj
[joxer:rw] -- Generated devicetree_generated.h: /mnt/host/source/src/platform/ec/build/zephyr/joxer/build-rw/zephyr/include/generated/zephyr/devicetree_generated.h
[spikyrock:rw] [66/294] Building C object zephyr/CMakeFiles/zephyr.dir/subsys/shell/shell_ops.c.obj
[spikyrock:ro] [73/293] Building C object zephyr/arch/common/CMakeFiles/isr_tables.dir/isr_tables.c.obj
[spikyrock:ro] [74/293] Linking C static library zephyr/libzephyr.a
[spikyrock:ro] [75/293] Linking C static library zephyr/arch/common/libisr_tables.a
[spikyrock:ro] [76/293] Building C object zephyr/arch/common/CMakeFiles/arch__common.dir/xip.c.obj
[spikyrock:rw] [67/294] Building C object zephyr/CMakeFiles/zephyr.dir/subsys/shell/shell_history.c.obj
[spikyrock:ro] [77/293] Linking C static library zephyr/arch/common/libarch__common.a
[spikyrock:rw] [68/294] Building C object zephyr/CMakeFiles/zephyr.dir/subsys/shell/shell_help.c.obj
[spikyrock:ro] [78/293] Building C object zephyr/arch/arch/riscv/core/CMakeFiles/arch__riscv__core.dir/prep_c.c.obj
[spikyrock:rw] [69/294] Building C object zephyr/arch/common/CMakeFiles/arch__common.dir/sw_isr_common.c.obj
[spikyrock:ro] [79/293] Building C object zephyr/arch/arch/riscv/core/CMakeFiles/arch__riscv__core.dir/cpu_idle.c.obj
[spikyrock:rw] [70/294] Building C object zephyr/arch/common/CMakeFiles/arch__common.dir/dynamic_isr.c.obj
[spikyrock:ro] [80/293] Building C object zephyr/arch/arch/riscv/core/CMakeFiles/arch__riscv__core.dir/irq_manage.c.obj
[joxer:ro] -- Generated devicetree_generated.h: /mnt/host/source/src/platform/ec/build/zephyr/joxer/build-ro/zephyr/include/generated/zephyr/devicetree_generated.h
[spikyrock:ro] [81/293] Building C object zephyr/arch/arch/riscv/core/CMakeFiles/arch__riscv__core.dir/fatal.c.obj
[spikyrock:ro] [82/293] Building C object zephyr/arch/arch/riscv/core/CMakeFiles/arch__riscv__core.dir/reboot.c.obj
[quandiso2:ro] /mnt/host/source/src/platform/ec/build/zephyr/quandiso2/build-ro/zephyr/zephyr.dts:1224.27-1953.5: Warning (avoid_unnecessary_addr_size): /soc/pin-controller: unnecessary #address-cells/#size-cells without "ranges" or child "reg" property
[quandiso2:ro] /mnt/host/source/src/platform/ec/build/zephyr/quandiso2/build-ro/zephyr/zephyr.dts:2898.9-2906.5: Warning (gpios_property): /fans/fan_0: Missing property '#gpio-cells' in node /named-gpios/fan-enable or bad phandle (referred from enable-gpio[0])
[spikyrock:rw] [71/294] Building C object zephyr/CMakeFiles/zephyr.dir/drivers/flash/flash_util.c.obj
[spikyrock:rw] [72/294] Building C object zephyr/arch/common/CMakeFiles/arch__common.dir/init.c.obj
[spikyrock:ro] [83/293] Generating ../../../include/generated/libc/minimal/strerror_table.h
[spikyrock:ro] [84/293] Building ASM object zephyr/arch/arch/riscv/core/CMakeFiles/arch__riscv__core.dir/reset.S.obj
[spikyrock:rw] [73/294] Linking C static library zephyr/libzephyr.a
[spikyrock:rw] [74/294] Building C object zephyr/arch/common/CMakeFiles/arch__common.dir/xip.c.obj
[spikyrock:ro] [85/293] Building C object zephyr/lib/libc/minimal/CMakeFiles/lib__libc__minimal.dir/source/stdlib/atoi.c.obj
[spikyrock:ro] [86/293] Building C object zephyr/lib/libc/minimal/CMakeFiles/lib__libc__minimal.dir/source/stdlib/strtol.c.obj
[spikyrock:ro] [87/293] Building ASM object zephyr/arch/arch/riscv/core/CMakeFiles/arch__riscv__core.dir/switch.S.obj
[spikyrock:rw] [75/294] Building C object zephyr/arch/common/CMakeFiles/isr_tables.dir/isr_tables.c.obj
[spikyrock:rw] [76/294] Linking C static library zephyr/arch/common/libisr_tables.a
[spikyrock:ro] [88/293] Building C object zephyr/arch/arch/riscv/core/CMakeFiles/arch__riscv__core.dir/thread.c.obj
[spikyrock:rw] [77/294] Linking C static library zephyr/arch/common/libarch__common.a
[spikyrock:ro] [89/293] Building C object zephyr/lib/libc/minimal/CMakeFiles/lib__libc__minimal.dir/source/stdlib/strtoul.c.obj
[spikyrock:ro] [90/293] Building C object zephyr/lib/libc/minimal/CMakeFiles/lib__libc__minimal.dir/source/stdlib/strtoll.c.obj
[spikyrock:ro] [91/293] Building C object zephyr/lib/libc/minimal/CMakeFiles/lib__libc__minimal.dir/source/stdlib/strtoull.c.obj
[spikyrock:rw] [78/294] Building C object zephyr/arch/arch/riscv/core/CMakeFiles/arch__riscv__core.dir/prep_c.c.obj
[spikyrock:ro] [92/293] Building ASM object zephyr/arch/arch/riscv/core/CMakeFiles/arch__riscv__core.dir/isr.S.obj
[spikyrock:rw] [79/294] Building C object zephyr/arch/arch/riscv/core/CMakeFiles/arch__riscv__core.dir/cpu_idle.c.obj
[spikyrock:ro] [93/293] Building C object zephyr/lib/libc/minimal/CMakeFiles/lib__libc__minimal.dir/source/stdlib/bsearch.c.obj
[spikyrock:ro] [94/293] Building C object zephyr/arch/arch/riscv/core/CMakeFiles/arch__riscv__core.dir/stacktrace.c.obj
[spikyrock:ro] [95/293] Linking C static library zephyr/arch/arch/riscv/core/libarch__riscv__core.a
[spikyrock:ro] [96/293] Building C object zephyr/lib/libc/minimal/CMakeFiles/lib__libc__minimal.dir/source/string/strncasecmp.c.obj
[spikyrock:rw] [80/294] Building C object zephyr/arch/arch/riscv/core/CMakeFiles/arch__riscv__core.dir/fatal.c.obj
[spikyrock:ro] [97/293] Building C object zephyr/lib/libc/minimal/CMakeFiles/lib__libc__minimal.dir/source/string/strstr.c.obj
[joxer:rw] /mnt/host/source/src/platform/ec/build/zephyr/joxer/build-rw/zephyr/zephyr.dts:1241.27-1937.5: Warning (avoid_unnecessary_addr_size): /soc/pin-controller: unnecessary #address-cells/#size-cells without "ranges" or child "reg" property
[joxer:rw] /mnt/host/source/src/platform/ec/build/zephyr/joxer/build-rw/zephyr/zephyr.dts:2833.9-2841.5: Warning (gpios_property): /fans/fan_0: Missing property '#gpio-cells' in node /named-gpios/fan-enable or bad phandle (referred from enable-gpio[0])
[spikyrock:rw] [81/294] Building C object zephyr/arch/arch/riscv/core/CMakeFiles/arch__riscv__core.dir/irq_manage.c.obj
[spikyrock:ro] [98/293] Building C object zephyr/lib/libc/minimal/CMakeFiles/lib__libc__minimal.dir/source/string/strerror.c.obj
[spikyrock:ro] [99/293] Building C object zephyr/lib/libc/minimal/CMakeFiles/lib__libc__minimal.dir/source/stdlib/qsort.c.obj
[spikyrock:ro] [100/293] Building C object zephyr/lib/libc/minimal/CMakeFiles/lib__libc__minimal.dir/source/string/strspn.c.obj
[spikyrock:ro] [101/293] Building C object zephyr/lib/libc/minimal/CMakeFiles/lib__libc__minimal.dir/source/string/string.c.obj
[spikyrock:rw] [82/294] Building C object zephyr/arch/arch/riscv/core/CMakeFiles/arch__riscv__core.dir/reboot.c.obj
[spikyrock:ro] [102/293] Building C object zephyr/lib/libc/minimal/CMakeFiles/lib__libc__minimal.dir/source/math/sqrtf.c.obj
[spikyrock:rw] [83/294] Building ASM object zephyr/arch/arch/riscv/core/CMakeFiles/arch__riscv__core.dir/reset.S.obj
[spikyrock:ro] [103/293] Building C object zephyr/lib/libc/minimal/CMakeFiles/lib__libc__minimal.dir/source/stdlib/exit.c.obj
[spikyrock:ro] [104/293] Building C object zephyr/lib/libc/minimal/CMakeFiles/lib__libc__minimal.dir/source/math/sqrt.c.obj
[spikyrock:rw] [84/294] Building ASM object zephyr/arch/arch/riscv/core/CMakeFiles/arch__riscv__core.dir/switch.S.obj
[joxer:ro] /mnt/host/source/src/platform/ec/build/zephyr/joxer/build-ro/zephyr/zephyr.dts:1241.27-1937.5: Warning (avoid_unnecessary_addr_size): /soc/pin-controller: unnecessary #address-cells/#size-cells without "ranges" or child "reg" property
[joxer:ro] /mnt/host/source/src/platform/ec/build/zephyr/joxer/build-ro/zephyr/zephyr.dts:2833.9-2841.5: Warning (gpios_property): /fans/fan_0: Missing property '#gpio-cells' in node /named-gpios/fan-enable or bad phandle (referred from enable-gpio[0])
[spikyrock:rw] [85/294] Generating ../../../include/generated/libc/minimal/strerror_table.h
[spikyrock:ro] [105/293] Building C object zephyr/lib/libc/minimal/CMakeFiles/lib__libc__minimal.dir/source/stdout/stdout_console.c.obj
[spikyrock:rw] [86/294] Building C object zephyr/arch/arch/riscv/core/CMakeFiles/arch__riscv__core.dir/thread.c.obj
[spikyrock:rw] [87/294] Building C object zephyr/lib/libc/minimal/CMakeFiles/lib__libc__minimal.dir/source/stdlib/atoi.c.obj
[spikyrock:ro] [106/293] Building C object zephyr/lib/libc/minimal/CMakeFiles/lib__libc__minimal.dir/source/stdout/fprintf.c.obj
[spikyrock:ro] [107/293] Building C object zephyr/lib/libc/common/CMakeFiles/lib__libc__common.dir/source/time/gmtime_r.c.obj
[spikyrock:ro] [108/293] Building C object zephyr/lib/libc/common/CMakeFiles/lib__libc__common.dir/source/time/asctime.c.obj
[spikyrock:ro] [109/293] Building C object zephyr/lib/libc/minimal/CMakeFiles/lib__libc__minimal.dir/source/stdout/sprintf.c.obj
[spikyrock:rw] [88/294] Building ASM object zephyr/arch/arch/riscv/core/CMakeFiles/arch__riscv__core.dir/isr.S.obj
[spikyrock:rw] [89/294] Building C object zephyr/lib/libc/minimal/CMakeFiles/lib__libc__minimal.dir/source/stdlib/strtoul.c.obj
[spikyrock:ro] [110/293] Building C object zephyr/lib/libc/minimal/CMakeFiles/lib__libc__minimal.dir/source/time/gmtime.c.obj
[spikyrock:rw] [90/294] Building C object zephyr/lib/libc/minimal/CMakeFiles/lib__libc__minimal.dir/source/stdlib/strtol.c.obj
[spikyrock:ro] [111/293] Linking C static library zephyr/lib/libc/minimal/liblib__libc__minimal.a
[spikyrock:rw] [91/294] Building C object zephyr/lib/libc/minimal/CMakeFiles/lib__libc__minimal.dir/source/stdlib/strtoull.c.obj
[spikyrock:ro] [112/293] Building C object zephyr/lib/libc/common/CMakeFiles/lib__libc__common.dir/source/time/time.c.obj
[spikyrock:ro] [113/293] Building C object zephyr/lib/libc/common/CMakeFiles/lib__libc__common.dir/source/time/localtime_r_utc.c.obj
[/mnt/host/source/src/platform/ec/build/zephyr/crystaldrift-lcov]   /mnt/host/source/src/platform/ec/build/zephyr/crystaldrift/build-ro/CMakeFiles/app.dir/mnt/host/source/src/platform/ec/build/zephyr/crystaldrift/modules/ec/common/usb_pd_pdo.c.gcno:no functions found
[/mnt/host/source/src/platform/ec/build/zephyr/crystaldrift-lcov] stderr:
[spikyrock:ro] [114/293] Building C object zephyr/lib/libc/common/CMakeFiles/lib__libc__common.dir/source/time/ctime.c.obj
[spikyrock:rw] [92/294] Building C object zephyr/lib/libc/common/CMakeFiles/lib__libc__common.dir/source/stdlib/abort.c.obj
[spikyrock:rw] [93/294] Building C object zephyr/lib/libc/minimal/CMakeFiles/lib__libc__minimal.dir/source/stdlib/strtoll.c.obj
[spikyrock:rw] [94/294] Building C object zephyr/lib/libc/minimal/CMakeFiles/lib__libc__minimal.dir/source/stdlib/bsearch.c.obj
[spikyrock:rw] [95/294] Building C object zephyr/arch/arch/riscv/core/CMakeFiles/arch__riscv__core.dir/stacktrace.c.obj
[spikyrock:ro] [115/293] Building C object zephyr/lib/libc/common/CMakeFiles/lib__libc__common.dir/source/stdlib/abort.c.obj
[spikyrock:ro] [116/293] Building C object zephyr/lib/libc/common/CMakeFiles/lib__libc__common.dir/source/string/strnlen.c.obj
[spikyrock:rw] [96/294] Linking C static library zephyr/arch/arch/riscv/core/libarch__riscv__core.a
[spikyrock:ro] [117/293] Building C object zephyr/lib/posix/c_lib_ext/CMakeFiles/lib__posix__c_lib_ext.dir/fnmatch.c.obj
[spikyrock:rw] [97/294] Building C object zephyr/lib/libc/minimal/CMakeFiles/lib__libc__minimal.dir/source/string/strncasecmp.c.obj
[spikyrock:rw] [98/294] Building C object zephyr/lib/libc/minimal/CMakeFiles/lib__libc__minimal.dir/source/string/strerror.c.obj
[spikyrock:rw] [99/294] Building C object zephyr/lib/libc/minimal/CMakeFiles/lib__libc__minimal.dir/source/string/strstr.c.obj
[spikyrock:rw] [100/294] Building C object zephyr/lib/libc/minimal/CMakeFiles/lib__libc__minimal.dir/source/stdlib/qsort.c.obj
[spikyrock:ro] [118/293] Building C object zephyr/lib/libc/common/CMakeFiles/lib__libc__common.dir/source/stdlib/malloc.c.obj
[spikyrock:ro] [119/293] Linking C static library zephyr/lib/libc/common/liblib__libc__common.a
[spikyrock:rw] [101/294] Building C object zephyr/lib/libc/minimal/CMakeFiles/lib__libc__minimal.dir/source/string/string.c.obj
[spikyrock:rw] [102/294] Building C object zephyr/lib/libc/minimal/CMakeFiles/lib__libc__minimal.dir/source/string/strspn.c.obj
[spikyrock:rw] [103/294] Building C object zephyr/lib/libc/minimal/CMakeFiles/lib__libc__minimal.dir/source/stdlib/exit.c.obj
[spikyrock:ro] [120/293] Building C object zephyr/lib/posix/c_lib_ext/CMakeFiles/lib__posix__c_lib_ext.dir/getentropy.c.obj
[spikyrock:ro] [121/293] Building C object zephyr/lib/posix/c_lib_ext/CMakeFiles/lib__posix__c_lib_ext.dir/getopt_shim.c.obj
[spikyrock:ro] [122/293] Linking C static library zephyr/lib/posix/c_lib_ext/liblib__posix__c_lib_ext.a
[spikyrock:rw] [104/294] Building C object zephyr/lib/libc/minimal/CMakeFiles/lib__libc__minimal.dir/source/math/sqrtf.c.obj
[spikyrock:rw] [105/294] Building C object zephyr/lib/libc/minimal/CMakeFiles/lib__libc__minimal.dir/source/math/sqrt.c.obj
[spikyrock:rw] [106/294] Building C object zephyr/lib/libc/minimal/CMakeFiles/lib__libc__minimal.dir/source/stdout/stdout_console.c.obj
[spikyrock:ro] [123/293] Building C object zephyr/subsys/usb/device_next/CMakeFiles/subsys__usb__device_next.dir/usbd_device.c.obj
[spikyrock:rw] [107/294] Building C object zephyr/lib/libc/minimal/CMakeFiles/lib__libc__minimal.dir/source/stdout/fprintf.c.obj
[spikyrock:ro] [124/293] Building C object zephyr/lib/net_buf/CMakeFiles/lib__net_buf.dir/buf_simple.c.obj
[spikyrock:ro] [125/293] Building C object zephyr/lib/net_buf/CMakeFiles/lib__net_buf.dir/buf.c.obj
[spikyrock:rw] [108/294] Building C object zephyr/lib/libc/minimal/CMakeFiles/lib__libc__minimal.dir/source/stdout/sprintf.c.obj
[spikyrock:ro] [126/293] Linking C static library zephyr/lib/net_buf/liblib__net_buf.a
[spikyrock:ro] [127/293] Building C object zephyr/subsys/usb/device_next/CMakeFiles/subsys__usb__device_next.dir/usbd_desc.c.obj
[spikyrock:rw] [109/294] Building C object zephyr/lib/libc/common/CMakeFiles/lib__libc__common.dir/source/time/gmtime_r.c.obj
[spikyrock:rw] [110/294] Building C object zephyr/lib/libc/common/CMakeFiles/lib__libc__common.dir/source/time/asctime.c.obj
[spikyrock:rw] [111/294] Building C object zephyr/lib/libc/common/CMakeFiles/lib__libc__common.dir/source/time/ctime.c.obj
[quandiso2:ro] warning: TASK_HOSTCMD_STACK_SIZE (defined at
[quandiso2:ro] /mnt/host/source/src/platform/ec/zephyr/Kconfig.stacks:52,
[quandiso2:ro] /mnt/host/source/src/platform/ec/zephyr/Kconfig.tasks:123) was assigned the value '1280' but got the
[quandiso2:ro] value '1152'. See http://docs.zephyrproject.org/latest/kconfig.html#CONFIG_TASK_HOSTCMD_STACK_SIZE
[quandiso2:ro] and/or look up TASK_HOSTCMD_STACK_SIZE in the menuconfig/guiconfig interface. The Application
[quandiso2:ro] Development Primer, Setting Configuration Values, and Kconfig - Tips and Best Practices sections of
[quandiso2:ro] the manual might be helpful too.
[quandiso2:ro] warning: Deprecated symbol I2C_ALLOW_NO_STOP_TRANSACTIONS is enabled.
[spikyrock:rw] [112/294] Building C object zephyr/lib/libc/common/CMakeFiles/lib__libc__common.dir/source/time/localtime_r_utc.c.obj
[spikyrock:rw] [113/294] Building C object zephyr/lib/libc/minimal/CMakeFiles/lib__libc__minimal.dir/source/time/gmtime.c.obj
[spikyrock:rw] [114/294] Building C object zephyr/lib/libc/common/CMakeFiles/lib__libc__common.dir/source/time/time.c.obj
[spikyrock:rw] [115/294] Building C object zephyr/lib/libc/common/CMakeFiles/lib__libc__common.dir/source/string/strnlen.c.obj
[spikyrock:rw] [116/294] Linking C static library zephyr/lib/libc/minimal/liblib__libc__minimal.a
[spikyrock:ro] [128/293] Building C object zephyr/subsys/usb/device_next/CMakeFiles/subsys__usb__device_next.dir/usbd_core.c.obj
[spikyrock:rw] [117/294] Building C object zephyr/lib/posix/c_lib_ext/CMakeFiles/lib__posix__c_lib_ext.dir/fnmatch.c.obj
[spikyrock:ro] [129/293] Building C object zephyr/subsys/usb/device_next/CMakeFiles/subsys__usb__device_next.dir/usbd_init.c.obj
[spikyrock:ro] [130/293] Building C object zephyr/subsys/usb/device_next/CMakeFiles/subsys__usb__device_next.dir/usbd_config.c.obj
[spikyrock:ro] [131/293] Building C object zephyr/subsys/usb/device_next/CMakeFiles/subsys__usb__device_next.dir/usbd_ch9.c.obj
[spikyrock:ro] [132/293] Building C object zephyr/subsys/usb/device_next/CMakeFiles/subsys__usb__device_next.dir/usbd_interface.c.obj
[joxer:rw] warning: TASK_HOSTCMD_STACK_SIZE (defined at
[joxer:rw] /mnt/host/source/src/platform/ec/zephyr/Kconfig.stacks:52,
[joxer:rw] /mnt/host/source/src/platform/ec/zephyr/Kconfig.tasks:123) was assigned the value '1280' but got the
[joxer:rw] value '1152'. See http://docs.zephyrproject.org/latest/kconfig.html#CONFIG_TASK_HOSTCMD_STACK_SIZE
[joxer:rw] and/or look up TASK_HOSTCMD_STACK_SIZE in the menuconfig/guiconfig interface. The Application
[joxer:rw] Development Primer, Setting Configuration Values, and Kconfig - Tips and Best Practices sections of
[joxer:rw] the manual might be helpful too.
[joxer:rw] warning: Deprecated symbol I2C_ALLOW_NO_STOP_TRANSACTIONS is enabled.
[spikyrock:ro] [133/293] Building C object zephyr/subsys/crc/CMakeFiles/subsys__crc.dir/crc4_sw.c.obj
[quandiso2:ro] Parsing /mnt/host/source/src/platform/ec/zephyr/program/nissa/Kconfig
[spikyrock:ro] [134/293] Building C object zephyr/subsys/usb/device_next/CMakeFiles/subsys__usb__device_next.dir/usbd_class.c.obj
[spikyrock:rw] [118/294] Building C object zephyr/lib/libc/common/CMakeFiles/lib__libc__common.dir/source/stdlib/malloc.c.obj
[spikyrock:ro] [135/293] Building C object zephyr/subsys/crc/CMakeFiles/subsys__crc.dir/crc8_sw.c.obj
[spikyrock:ro] [136/293] Building C object zephyr/subsys/crc/CMakeFiles/subsys__crc.dir/crc16_sw.c.obj
[spikyrock:rw] [119/294] Linking C static library zephyr/lib/libc/common/liblib__libc__common.a
[spikyrock:ro] [137/293] Building C object zephyr/subsys/crc/CMakeFiles/subsys__crc.dir/crc7_sw.c.obj
[spikyrock:rw] [120/294] Building C object zephyr/lib/posix/c_lib_ext/CMakeFiles/lib__posix__c_lib_ext.dir/getentropy.c.obj
[spikyrock:ro] [138/293] Building C object zephyr/subsys/crc/CMakeFiles/subsys__crc.dir/crc24_sw.c.obj
[spikyrock:ro] [139/293] Building C object zephyr/subsys/crc/CMakeFiles/subsys__crc.dir/crc32c_sw.c.obj
[spikyrock:ro] [140/293] Building C object zephyr/subsys/crc/CMakeFiles/subsys__crc.dir/crc32k_4_2_sw.c.obj
[spikyrock:rw] [121/294] Building C object zephyr/lib/posix/c_lib_ext/CMakeFiles/lib__posix__c_lib_ext.dir/getopt_shim.c.obj
[spikyrock:ro] [141/293] Building C object zephyr/subsys/crc/CMakeFiles/subsys__crc.dir/crc32_sw.c.obj
[spikyrock:ro] [142/293] Linking C static library zephyr/subsys/crc/libsubsys__crc.a
[spikyrock:rw] [122/294] Linking C static library zephyr/lib/posix/c_lib_ext/liblib__posix__c_lib_ext.a
[spikyrock:ro] [143/293] Building C object zephyr/subsys/usb/device_next/CMakeFiles/subsys__usb__device_next.dir/usbd_endpoint.c.obj
[spikyrock:rw] [123/294] Building C object zephyr/lib/net_buf/CMakeFiles/lib__net_buf.dir/buf_simple.c.obj
[spikyrock:rw] [124/294] Building C object zephyr/lib/net_buf/CMakeFiles/lib__net_buf.dir/buf.c.obj
[joxer:rw] Parsing /mnt/host/source/src/platform/ec/zephyr/program/nissa/Kconfig
[spikyrock:rw] [125/294] Linking C static library zephyr/lib/net_buf/liblib__net_buf.a
[spikyrock:ro] [144/293] Building C object zephyr/subsys/usb/device_next/CMakeFiles/subsys__usb__device_next.dir/usbd_msg.c.obj
[spikyrock:ro] [145/293] Linking C static library zephyr/subsys/usb/device_next/libsubsys__usb__device_next.a
[joxer:ro] warning: TASK_HOSTCMD_STACK_SIZE (defined at
[joxer:ro] /mnt/host/source/src/platform/ec/zephyr/Kconfig.stacks:52,
[joxer:ro] /mnt/host/source/src/platform/ec/zephyr/Kconfig.tasks:123) was assigned the value '1280' but got the
[joxer:ro] value '1152'. See http://docs.zephyrproject.org/latest/kconfig.html#CONFIG_TASK_HOSTCMD_STACK_SIZE
[joxer:ro] and/or look up TASK_HOSTCMD_STACK_SIZE in the menuconfig/guiconfig interface. The Application
[joxer:ro] Development Primer, Setting Configuration Values, and Kconfig - Tips and Best Practices sections of
[joxer:ro] the manual might be helpful too.
[joxer:ro] warning: Deprecated symbol I2C_ALLOW_NO_STOP_TRANSACTIONS is enabled.
[spikyrock:ro] [146/293] Building C object zephyr/drivers/interrupt_controller/CMakeFiles/drivers__interrupt_controller.dir/intc_ite_it8xxx2_v2.c.obj
[spikyrock:rw] [126/294] Building C object zephyr/subsys/usb/device_next/CMakeFiles/subsys__usb__device_next.dir/usbd_device.c.obj
[spikyrock:rw] [127/294] Building C object zephyr/subsys/usb/device_next/CMakeFiles/subsys__usb__device_next.dir/usbd_desc.c.obj
[spikyrock:ro] [147/293] Building C object zephyr/drivers/interrupt_controller/CMakeFiles/drivers__interrupt_controller.dir/wuc_ite_it8xxx2.c.obj
[spikyrock:ro] [148/293] Linking C static library zephyr/drivers/interrupt_controller/libdrivers__interrupt_controller.a
[quandiso2:ro] Loaded configuration '/mnt/host/source/src/platform/ec/zephyr/boards/google/it8xxx2/it8xxx2_it81302bx_defconfig'
[quandiso2:ro] Merged configuration '/mnt/host/source/src/platform/ec/zephyr/program/nissa/program.conf'
[quandiso2:ro] Merged configuration '/mnt/host/source/src/platform/ec/zephyr/program/nissa/it8xxx2_program.conf'
[quandiso2:ro] Merged configuration '/mnt/host/source/src/platform/ec/zephyr/program/nissa/quandiso2/project.conf'
[quandiso2:ro] Merged configuration '/mnt/host/source/src/platform/ec/build/zephyr/quandiso2/kconfig-ro.conf'
[quandiso2:ro] Configuration saved to '/mnt/host/source/src/platform/ec/build/zephyr/quandiso2/build-ro/zephyr/.config'
[quandiso2:ro] Kconfig header saved to '/mnt/host/source/src/platform/ec/build/zephyr/quandiso2/build-ro/zephyr/include/generated/zephyr/autoconf.h'
[quandiso2:ro] -- Found GnuLd: /home/jpmurphy/.cache/coreboot-sdk/riscv64-elf/96b949749225b6aaa92ed810ab769e8dfb12f000/riscv64-elf/bin/ld.bfd (found version "2.43.1")
[spikyrock:ro] [149/293] Building C object zephyr/drivers/bbram/CMakeFiles/drivers__bbram.dir/bbram_it8xxx2.c.obj
[spikyrock:ro] [150/293] Linking C static library zephyr/drivers/bbram/libdrivers__bbram.a
[spikyrock:rw] [128/294] Building C object zephyr/subsys/usb/device_next/CMakeFiles/subsys__usb__device_next.dir/usbd_core.c.obj
[joxer:ro] Parsing /mnt/host/source/src/platform/ec/zephyr/program/nissa/Kconfig
[spikyrock:ro] [151/293] Building C object zephyr/drivers/usb/udc/CMakeFiles/drivers__usb__udc.dir/udc_common.c.obj
[spikyrock:ro] [152/293] Building C object zephyr/drivers/console/CMakeFiles/drivers__console.dir/uart_console.c.obj
[spikyrock:ro] [153/293] Building C object zephyr/drivers/usb/udc/CMakeFiles/drivers__usb__udc.dir/udc_it82xx2.c.obj
[spikyrock:ro] [154/293] Linking C static library zephyr/drivers/console/libdrivers__console.a
[quandiso2:ro] -- The C compiler identification is GNU 14.2.0
[spikyrock:rw] [129/294] Building C object zephyr/subsys/usb/device_next/CMakeFiles/subsys__usb__device_next.dir/usbd_init.c.obj
[spikyrock:ro] [155/293] Linking C static library zephyr/drivers/usb/udc/libdrivers__usb__udc.a
[spikyrock:rw] [130/294] Building C object zephyr/subsys/usb/device_next/CMakeFiles/subsys__usb__device_next.dir/usbd_ch9.c.obj
[joxer:rw] Loaded configuration '/mnt/host/source/src/platform/ec/zephyr/boards/google/it8xxx2/it8xxx2_it81302bx_defconfig'
[joxer:rw] Merged configuration '/mnt/host/source/src/platform/ec/zephyr/program/nissa/program.conf'
[joxer:rw] Merged configuration '/mnt/host/source/src/platform/ec/zephyr/program/nissa/it8xxx2_program.conf'
[joxer:rw] Merged configuration '/mnt/host/source/src/platform/ec/zephyr/program/nissa/joxer/project.conf'
[joxer:rw] Merged configuration '/mnt/host/source/src/platform/ec/build/zephyr/joxer/kconfig-rw.conf'
[joxer:rw] Configuration saved to '/mnt/host/source/src/platform/ec/build/zephyr/joxer/build-rw/zephyr/.config'
[joxer:rw] Kconfig header saved to '/mnt/host/source/src/platform/ec/build/zephyr/joxer/build-rw/zephyr/include/generated/zephyr/autoconf.h'
[joxer:rw] -- Found GnuLd: /home/jpmurphy/.cache/coreboot-sdk/riscv64-elf/96b949749225b6aaa92ed810ab769e8dfb12f000/riscv64-elf/bin/ld.bfd (found version "2.43.1")
[spikyrock:ro] [156/293] Building C object zephyr/drivers/flash/CMakeFiles/drivers__flash.dir/flash_ite_it8xxx2.c.obj
[spikyrock:rw] [131/294] Building C object zephyr/subsys/usb/device_next/CMakeFiles/subsys__usb__device_next.dir/usbd_config.c.obj
[spikyrock:ro] [157/293] Linking C static library zephyr/drivers/flash/libdrivers__flash.a
[spikyrock:ro] [158/293] Building C object zephyr/drivers/hwinfo/CMakeFiles/drivers__hwinfo.dir/hwinfo_weak_impl.c.obj
[quandiso2:ro] -- The CXX compiler identification is GNU 14.2.0
[spikyrock:ro] [159/293] Linking C static library zephyr/drivers/hwinfo/libdrivers__hwinfo.a
[spikyrock:rw] [132/294] Building C object zephyr/subsys/usb/device_next/CMakeFiles/subsys__usb__device_next.dir/usbd_class.c.obj
[joxer:rw] -- The C compiler identification is GNU 14.2.0
[quandiso2:ro] -- The ASM compiler identification is GNU
[quandiso2:ro] -- Found assembler: /home/jpmurphy/.cache/coreboot-sdk/riscv64-elf/96b949749225b6aaa92ed810ab769e8dfb12f000/bin/riscv64-elf-gcc
[quandiso2:ro] CMake Warning at /mnt/host/source/src/platform/ec/zephyr/cmake/linker/ld/linker_libraries.cmake:11 (message):
[quandiso2:ro]   Disabling c_library
[quandiso2:ro] Call Stack (most recent call first):
[quandiso2:ro]   /mnt/host/source/src/third_party/zephyr/main/cmake/target_toolchain_flags.cmake:48 (include)
[quandiso2:ro]   /mnt/host/source/src/third_party/zephyr/main/cmake/modules/kernel.cmake:153 (include)
[quandiso2:ro]   /mnt/host/source/src/third_party/zephyr/main/cmake/modules/zephyr_default.cmake:138 (include)
[quandiso2:ro]   /mnt/host/source/src/third_party/zephyr/main/share/zephyr-package/cmake/ZephyrConfig.cmake:66 (include)
[quandiso2:ro]   /mnt/host/source/src/third_party/zephyr/main/share/zephyr-package/cmake/ZephyrConfig.cmake:97 (include_boilerplate)
[quandiso2:ro]   CMakeLists.txt:7 (find_package)
[spikyrock:ro] [160/293] Building C object zephyr/drivers/i2c/CMakeFiles/drivers__i2c.dir/i2c_common.c.obj
[spikyrock:rw] [133/294] Building C object zephyr/subsys/usb/device_next/CMakeFiles/subsys__usb__device_next.dir/usbd_interface.c.obj
[spikyrock:ro] [161/293] Building C object zephyr/drivers/i2c/CMakeFiles/drivers__i2c.dir/i2c_bitbang.c.obj
[joxer:rw] -- The CXX compiler identification is GNU 14.2.0
[spikyrock:rw] [134/294] Building C object zephyr/subsys/usb/device_next/CMakeFiles/subsys__usb__device_next.dir/usbd_endpoint.c.obj
[spikyrock:rw] [135/294] Building C object zephyr/subsys/crc/CMakeFiles/subsys__crc.dir/crc4_sw.c.obj
[spikyrock:rw] [136/294] Building C object zephyr/subsys/usb/device_next/CMakeFiles/subsys__usb__device_next.dir/usbd_msg.c.obj
[joxer:rw] -- The ASM compiler identification is GNU
[joxer:rw] -- Found assembler: /home/jpmurphy/.cache/coreboot-sdk/riscv64-elf/96b949749225b6aaa92ed810ab769e8dfb12f000/bin/riscv64-elf-gcc
[joxer:ro] Loaded configuration '/mnt/host/source/src/platform/ec/zephyr/boards/google/it8xxx2/it8xxx2_it81302bx_defconfig'
[joxer:ro] Merged configuration '/mnt/host/source/src/platform/ec/zephyr/program/nissa/program.conf'
[joxer:ro] Merged configuration '/mnt/host/source/src/platform/ec/zephyr/program/nissa/it8xxx2_program.conf'
[joxer:ro] Merged configuration '/mnt/host/source/src/platform/ec/zephyr/program/nissa/joxer/project.conf'
[joxer:ro] Merged configuration '/mnt/host/source/src/platform/ec/build/zephyr/joxer/kconfig-ro.conf'
[joxer:ro] Configuration saved to '/mnt/host/source/src/platform/ec/build/zephyr/joxer/build-ro/zephyr/.config'
[joxer:ro] Kconfig header saved to '/mnt/host/source/src/platform/ec/build/zephyr/joxer/build-ro/zephyr/include/generated/zephyr/autoconf.h'
[joxer:ro] -- Found GnuLd: /home/jpmurphy/.cache/coreboot-sdk/riscv64-elf/96b949749225b6aaa92ed810ab769e8dfb12f000/riscv64-elf/bin/ld.bfd (found version "2.43.1")
[joxer:rw] CMake Warning at /mnt/host/source/src/platform/ec/zephyr/cmake/linker/ld/linker_libraries.cmake:11 (message):
[spikyrock:ro] [162/293] Building C object zephyr/drivers/pinctrl/CMakeFiles/drivers__pinctrl.dir/common.c.obj
[spikyrock:rw] [137/294] Building C object zephyr/subsys/crc/CMakeFiles/subsys__crc.dir/crc8_sw.c.obj
[spikyrock:ro] [163/293] Building C object zephyr/drivers/i2c/CMakeFiles/drivers__i2c.dir/i2c_shell.c.obj
[spikyrock:rw] [138/294] Building C object zephyr/subsys/crc/CMakeFiles/subsys__crc.dir/crc16_sw.c.obj
[spikyrock:rw] [139/294] Building C object zephyr/subsys/crc/CMakeFiles/subsys__crc.dir/crc7_sw.c.obj
[spikyrock:rw] [140/294] Building C object zephyr/subsys/usb/device_next/CMakeFiles/subsys__usb__device_next.dir/class/usbd_hid_api.c.obj
[spikyrock:rw] [141/294] Building C object zephyr/subsys/crc/CMakeFiles/subsys__crc.dir/crc24_sw.c.obj
[spikyrock:rw] [142/294] Building C object zephyr/subsys/crc/CMakeFiles/subsys__crc.dir/crc32c_sw.c.obj
[/mnt/host/source/src/platform/ec/build/zephyr/kingler-lcov]   /mnt/host/source/src/platform/ec/build/zephyr/kingler/build-rw/zephyr/CMakeFiles/zephyr.dir/soc/nuvoton/npcx/common/npcxn/registers.c.gcno:no functions found
[/mnt/host/source/src/platform/ec/build/zephyr/kingler-lcov] Filter suppressions 'region':
[spikyrock:rw] [143/294] Building C object zephyr/subsys/crc/CMakeFiles/subsys__crc.dir/crc32k_4_2_sw.c.obj
[joxer:ro] -- The C compiler identification is GNU 14.2.0
[spikyrock:rw] [144/294] Building C object zephyr/subsys/crc/CMakeFiles/subsys__crc.dir/crc32_sw.c.obj
[spikyrock:ro] [164/293] Building C object zephyr/drivers/gpio/CMakeFiles/drivers__gpio.dir/gpio_ite_it8xxx2_v2.c.obj
[/mnt/host/source/src/platform/ec/build/zephyr/kingler-lcov]     35 instances
[/mnt/host/source/src/platform/ec/build/zephyr/kingler-lcov]     20 coverpoints
[/mnt/host/source/src/platform/ec/build/zephyr/kingler-lcov] Message summary:
[/mnt/host/source/src/platform/ec/build/zephyr/kingler-lcov]   29 ignore messages:
[/mnt/host/source/src/platform/ec/build/zephyr/kingler-lcov]     gcov: 29
Running (initial) lcov on /mnt/host/source/src/platform/ec/build/zephyr/skywalker-tps6699x.
[spikyrock:ro] [165/293] Building C object zephyr/drivers/i2c/CMakeFiles/drivers__i2c.dir/i2c_ite_enhance.c.obj
[spikyrock:rw] [145/294] Linking C static library zephyr/subsys/crc/libsubsys__crc.a
[spikyrock:ro] [166/293] Linking C static library zephyr/drivers/gpio/libdrivers__gpio.a
[spikyrock:ro] [167/293] Building C object zephyr/drivers/pinctrl/CMakeFiles/drivers__pinctrl.dir/pinctrl_ite_it8xxx2.c.obj
[quandiso2:ro] -- Performing EC specific devicetree checks
[spikyrock:ro] [168/293] Linking C static library zephyr/drivers/i2c/libdrivers__i2c.a
[spikyrock:rw] [146/294] Building C object zephyr/subsys/usb/device_next/CMakeFiles/subsys__usb__device_next.dir/class/usbd_hid.c.obj
[spikyrock:ro] [169/293] Building C object zephyr/drivers/serial/CMakeFiles/drivers__serial.dir/uart_ite_it8xxx2.c.obj
[spikyrock:ro] [170/293] Linking C static library zephyr/drivers/pinctrl/libdrivers__pinctrl.a
[spikyrock:rw] [147/294] Linking C static library zephyr/subsys/usb/device_next/libsubsys__usb__device_next.a
[joxer:ro] -- The CXX compiler identification is GNU 14.2.0
[spikyrock:ro] [171/293] Building C object zephyr/drivers/timer/CMakeFiles/drivers__timer.dir/sys_clock_init.c.obj
[quandiso2:ro] INFO: Verified 56 GPIOs, no duplicates found
Running `env -i PYTHONPATH=/usr/lib64/python-exec/python3.11:/mnt/host/source/src/platform/ec/zephyr/zmake:/usr/lib/python311.zip:/usr/lib/python3.11:/usr/lib/python3.11/lib-dynload:/usr/lib/python3.11/site-packages PW_PIGWEED_CIPD_INSTALL_DIR=/usr CROSTC_USER_ACKNOWLEDGES_THAT_RISCV_IS_EXPERIMENTAL=1 PATH=/mnt/host/source/chromite/bin:/usr/local/bin:/usr/bin:/bin:/opt/bin:/mnt/host/source/chromite/sdk/bin:/mnt/host/source/chromite/bin HOME=/home/jpmurphy JAVA_HOME=/etc/java-config-2/current-system-vm JDK_HOME=/etc/java-config-2/current-system-vm JAVAC=/etc/java-config-2/current-system-vm/bin/javac MAKEFLAGS=' -j16 --jobserver-auth=5,6' /usr/bin/lcov --gcov-tool /mnt/host/source/src/platform/ec/build/zephyr/skywalker-tps6699x/build-rw/gcov.sh -q -o - -c -d /mnt/host/source/src/platform/ec/build/zephyr/skywalker-tps6699x -t skywalker-tps6699x --rc branch_coverage=1 --filter range --ignore-errors inconsistent,source --ignore-errors gcov,gcov -i`
[joxer:ro] -- The ASM compiler identification is GNU
[joxer:ro] -- Found assembler: /home/jpmurphy/.cache/coreboot-sdk/riscv64-elf/96b949749225b6aaa92ed810ab769e8dfb12f000/bin/riscv64-elf-gcc
[joxer:ro] CMake Warning at /mnt/host/source/src/platform/ec/zephyr/cmake/linker/ld/linker_libraries.cmake:11 (message):
[joxer:rw] -- Performing EC specific devicetree checks
[spikyrock:ro] [172/293] Building C object zephyr/drivers/serial/CMakeFiles/drivers__serial.dir/uart_ns16550.c.obj
[spikyrock:rw] [148/294] Building C object zephyr/drivers/interrupt_controller/CMakeFiles/drivers__interrupt_controller.dir/intc_ite_it8xxx2_v2.c.obj
[spikyrock:ro] [173/293] Linking C static library zephyr/drivers/serial/libdrivers__serial.a
[joxer:rw]   Disabling c_library
[joxer:rw] Call Stack (most recent call first):
[joxer:rw]   /mnt/host/source/src/third_party/zephyr/main/cmake/target_toolchain_flags.cmake:48 (include)
[joxer:rw]   /mnt/host/source/src/third_party/zephyr/main/cmake/modules/kernel.cmake:153 (include)
[joxer:rw]   /mnt/host/source/src/third_party/zephyr/main/cmake/modules/zephyr_default.cmake:138 (include)
[joxer:rw]   /mnt/host/source/src/third_party/zephyr/main/share/zephyr-package/cmake/ZephyrConfig.cmake:66 (include)
[joxer:rw]   /mnt/host/source/src/third_party/zephyr/main/share/zephyr-package/cmake/ZephyrConfig.cmake:97 (include_boilerplate)
[joxer:rw]   CMakeLists.txt:7 (find_package)
[joxer:rw] INFO: Verified 57 GPIOs, no duplicates found
[joxer:rw] INFO: Verified 16 '*-gpios' properties, all flags match.
[joxer:rw] INFO: Skipped 14 named-gpios children.
[quandiso2:ro] -- Generating component manifest file
[spikyrock:rw] [149/294] Building C object zephyr/drivers/interrupt_controller/CMakeFiles/drivers__interrupt_controller.dir/wuc_ite_it8xxx2.c.obj
[spikyrock:rw] [150/294] Linking C static library zephyr/drivers/interrupt_controller/libdrivers__interrupt_controller.a
[spikyrock:ro] [174/293] Building C object zephyr/drivers/timer/CMakeFiles/drivers__timer.dir/ite_it8xxx2_timer.c.obj
[spikyrock:rw] [151/294] Building C object zephyr/drivers/bbram/CMakeFiles/drivers__bbram.dir/bbram_it8xxx2.c.obj
[spikyrock:ro] [175/293] Building C object zephyr/drivers/watchdog/CMakeFiles/drivers__watchdog.dir/wdt_shell.c.obj
[spikyrock:ro] [176/293] Linking C static library zephyr/drivers/timer/libdrivers__timer.a
[spikyrock:ro] [177/293] Building C object zephyr/drivers/watchdog/CMakeFiles/drivers__watchdog.dir/wdt_ite_it8xxx2.c.obj
[quandiso2:ro] INFO: Verified 18 '*-gpios' properties, all flags match.
[quandiso2:ro] INFO: Skipped 14 named-gpios children.
[quandiso2:ro] INFO: Running CME, outputting to /mnt/host/source/src/platform/ec/build/zephyr/quandiso2/build-ro/zephyr/component_manifest.json
[quandiso2:ro] INFO: Component usbpd@f03700(ite,it8xxx2-usbpd) not on I2C bus, skip it
[quandiso2:ro] INFO: Component virtual-mux-0(cros-ec,usbc-mux-virtual) not on I2C bus, skip it
[quandiso2:ro] INFO: Component virtual-mux-1(cros-ec,usbc-mux-virtual) not on I2C bus, skip it
[quandiso2:ro] INFO: Component tcpci-mux-1(parade,usbc-mux-ps8xxx) not on I2C bus, skip it
[quandiso2:ro] INFO: Component virtual-mux-1(cros-ec,usbc-mux-virtual) not on I2C bus, skip it
[joxer:rw] -- Generating component manifest file
[spikyrock:ro] [178/293] Linking C static library zephyr/drivers/watchdog/libdrivers__watchdog.a
[quandiso2:ro] -- warning_base_override: -Wall;-Wformat;-Wformat-security;-Wformat;-Wno-format-zero-length;-Wno-pointer-sign;-Wpointer-arith;-Wexpansion-to-defined
[spikyrock:rw] [152/294] Linking C static library zephyr/drivers/bbram/libdrivers__bbram.a
[spikyrock:rw] [153/294] Building C object zephyr/drivers/usb/udc/CMakeFiles/drivers__usb__udc.dir/udc_common.c.obj
[spikyrock:ro] [179/293] Building C object modules/ec/zephyr/CMakeFiles/ec_shim.dir/app/ec/ec_app_main.c.obj
[/mnt/host/source/src/platform/ec/build/zephyr/skywalker-tps6699x-lcov] geninfo: WARNING: (format) invalid characters removed from testname
[spikyrock:ro] [180/293] Building C object modules/ec/zephyr/CMakeFiles/ec_shim.dir/app/ec/main_shim.c.obj
[spikyrock:rw] [154/294] Building C object zephyr/drivers/usb/udc/CMakeFiles/drivers__usb__udc.dir/udc_it82xx2.c.obj
[spikyrock:rw] [155/294] Building C object zephyr/drivers/console/CMakeFiles/drivers__console.dir/uart_console.c.obj
[joxer:ro] -- Performing EC specific devicetree checks
[joxer:rw] INFO: Running CME, outputting to /mnt/host/source/src/platform/ec/build/zephyr/joxer/build-rw/zephyr/component_manifest.json
[joxer:rw] INFO: Project joxer does not support SSFC
[spikyrock:rw] [156/294] Linking C static library zephyr/drivers/usb/udc/libdrivers__usb__udc.a
[joxer:rw] INFO: Component usbpd@f03700(ite,it8xxx2-usbpd) not on I2C bus, skip it
[joxer:rw] INFO: Component virtual-mux-0(cros-ec,usbc-mux-virtual) not on I2C bus, skip it
[joxer:rw] INFO: Component virtual-mux-1(cros-ec,usbc-mux-virtual) not on I2C bus, skip it
[joxer:rw] INFO: Component tcpci-mux-1(parade,usbc-mux-ps8xxx) not on I2C bus, skip it
[joxer:rw] INFO: Component virtual-mux-1(cros-ec,usbc-mux-virtual) not on I2C bus, skip it
[joxer:rw] INFO: No motionsense-sensor-alt node found
[spikyrock:rw] [157/294] Linking C static library zephyr/drivers/console/libdrivers__console.a
[/mnt/host/source/src/platform/ec/build/zephyr/skywalker-tps6699x-lcov] 	(use "geninfo --ignore-errors format,format ..." to suppress this warning)
[/mnt/host/source/src/platform/ec/build/zephyr/skywalker-tps6699x-lcov] geninfo: WARNING: using JSON module "JSON::PP" - which is much slower than some alternatives.  Consider installing one of JSON::XS or Cpanel::JSON::XS
[quandiso2:ro] -- Found gen_kobject_list: /mnt/host/source/src/third_party/zephyr/main/scripts/build/gen_kobject_list.py
[spikyrock:rw] [158/294] Building C object zephyr/drivers/flash/CMakeFiles/drivers__flash.dir/flash_ite_it8xxx2.c.obj
[joxer:ro]   Disabling c_library
[joxer:ro] Call Stack (most recent call first):
[joxer:ro]   /mnt/host/source/src/third_party/zephyr/main/cmake/target_toolchain_flags.cmake:48 (include)
[joxer:ro]   /mnt/host/source/src/third_party/zephyr/main/cmake/modules/kernel.cmake:153 (include)
[joxer:ro]   /mnt/host/source/src/third_party/zephyr/main/cmake/modules/zephyr_default.cmake:138 (include)
[joxer:ro]   /mnt/host/source/src/third_party/zephyr/main/share/zephyr-package/cmake/ZephyrConfig.cmake:66 (include)
[joxer:ro]   /mnt/host/source/src/third_party/zephyr/main/share/zephyr-package/cmake/ZephyrConfig.cmake:97 (include_boilerplate)
[joxer:ro]   CMakeLists.txt:7 (find_package)
[joxer:ro] INFO: Verified 57 GPIOs, no duplicates found
[spikyrock:rw] [159/294] Linking C static library zephyr/drivers/flash/libdrivers__flash.a
[spikyrock:ro] [181/293] Building C object modules/ec/zephyr/CMakeFiles/ec_shim.dir/drivers/cros_flash/cros_flash_it8xxx2.c.obj
[joxer:rw] -- warning_base_override: -Wall;-Wformat;-Wformat-security;-Wformat;-Wno-format-zero-length;-Wno-pointer-sign;-Wpointer-arith;-Wexpansion-to-defined
[spikyrock:ro] [182/293] Building C object modules/ec/zephyr/CMakeFiles/ec_shim.dir/drivers/cros_kb_raw/cros_kb_raw_ite.c.obj
[quandiso2:ro] -- Configuring done (16.1s)
[spikyrock:ro] [183/293] Building C object modules/ec/zephyr/CMakeFiles/ec_shim.dir/shim/chip/it8xxx2/clock.c.obj
[spikyrock:rw] [160/294] Building C object zephyr/drivers/hwinfo/CMakeFiles/drivers__hwinfo.dir/hwinfo_weak_impl.c.obj
[joxer:ro] -- Generating component manifest file
[spikyrock:ro] [184/293] Building C object modules/ec/zephyr/CMakeFiles/ec_shim.dir/drivers/cros_system/cros_system_it8xxx2.c.obj
[spikyrock:rw] [161/294] Linking C static library zephyr/drivers/hwinfo/libdrivers__hwinfo.a
[spikyrock:ro] [185/293] Building C object modules/ec/zephyr/CMakeFiles/ec_shim.dir/shim/chip/it8xxx2/system.c.obj
[spikyrock:ro] [186/293] Building C object modules/ec/zephyr/CMakeFiles/ec_shim.dir/shim/src/crc.c.obj
[joxer:ro] INFO: Verified 16 '*-gpios' properties, all flags match.
[joxer:ro] INFO: Skipped 14 named-gpios children.
[joxer:ro] INFO: Running CME, outputting to /mnt/host/source/src/platform/ec/build/zephyr/joxer/build-ro/zephyr/component_manifest.json
[joxer:ro] INFO: Project joxer does not support SSFC
[joxer:ro] INFO: Component usbpd@f03700(ite,it8xxx2-usbpd) not on I2C bus, skip it
[joxer:ro] INFO: Component virtual-mux-0(cros-ec,usbc-mux-virtual) not on I2C bus, skip it
[joxer:ro] INFO: Component virtual-mux-1(cros-ec,usbc-mux-virtual) not on I2C bus, skip it
[joxer:ro] INFO: Component tcpci-mux-1(parade,usbc-mux-ps8xxx) not on I2C bus, skip it
[joxer:ro] INFO: Component virtual-mux-1(cros-ec,usbc-mux-virtual) not on I2C bus, skip it
[joxer:ro] INFO: No motionsense-sensor-alt node found
[joxer:ro] -- warning_base_override: -Wall;-Wformat;-Wformat-security;-Wformat;-Wno-format-zero-length;-Wno-pointer-sign;-Wpointer-arith;-Wexpansion-to-defined
[spikyrock:rw] [162/294] Building C object zephyr/drivers/i2c/CMakeFiles/drivers__i2c.dir/i2c_common.c.obj
[spikyrock:rw] [163/294] Building C object zephyr/drivers/i2c/CMakeFiles/drivers__i2c.dir/i2c_bitbang.c.obj
[joxer:rw] -- Found gen_kobject_list: /mnt/host/source/src/third_party/zephyr/main/scripts/build/gen_kobject_list.py
[quandiso2:ro] -- Generating done (0.5s)
[quandiso2:ro] CMake Warning:
[quandiso2:ro] -- Build files have been written to: /mnt/host/source/src/platform/ec/build/zephyr/quandiso2/build-ro
[spikyrock:ro] [187/293] Building C object modules/ec/zephyr/CMakeFiles/ec_shim.dir/shim/chip/it8xxx2/keyboard_raw.c.obj
[spikyrock:rw] [164/294] Building C object zephyr/drivers/i2c/CMakeFiles/drivers__i2c.dir/i2c_shell.c.obj
[quandiso2:ro]   Manually-specified variables were not used by the project:
[quandiso2:ro]     COREBOOT_SDK_ROOT_arm
[quandiso2:ro]     COREBOOT_SDK_ROOT_libstdcxx_arm
[quandiso2:ro]     COREBOOT_SDK_ROOT_libstdcxx_x86
[quandiso2:ro]     COREBOOT_SDK_ROOT_nds32
[quandiso2:ro]     COREBOOT_SDK_ROOT_picolibc_arm
[quandiso2:ro]     COREBOOT_SDK_ROOT_picolibc_x86
[quandiso2:ro]     COREBOOT_SDK_ROOT_riscv
[quandiso2:ro]     COREBOOT_SDK_ROOT_x86
[grogu:rw] Building: /usr/bin/ninja -C /mnt/host/source/src/platform/ec/build/zephyr/grogu/build-rw all.libraries
Running `env -i SHELL=/bin/bash COLORTERM=truecolor DEPOT_TOOLS_UPDATE=0 LESS='-R -M --shift 5' SUDO_GID=0 JDK_HOME=/etc/java-config-2/current-system-vm CONFIG_PROTECT_MASK='/etc/gentoo-release /etc/sandbox.d /etc/fonts/fonts.conf /etc/terminfo /etc/ca-certificates.conf /etc/revdep-rebuild' CHROMEOS_CACHEDIR=/var/cache/chromeos-cache JAVA_HOME=/etc/java-config-2/current-system-vm SSH_AUTH_SOCK=/tmp/ssh-auth-sock SUDO_COMMAND=/bin/bash SUDO_USER=root SUDO_TTY=/dev/pts/2 EDITOR=/usr/bin/vi PWD=/mnt/host/source/src/platform/ec CONFIG_PROTECT=/usr/share/gnupg/qualified.txt LOGNAME=jpmurphy MANPATH=/etc/java-config-2/current-system-vm/man:/usr/local/share/man:/usr/share/man:/usr/share/gcc-data/x86_64-pc-linux-gnu/10.2.0/man:/usr/share/binutils-data/x86_64-pc-linux-gnu/2.45/man:/etc/java-config-2/current-system-vm/man/ SUDO_HOME=/root XAUTHORITY=/run/user/944457/gdm/Xauthority HOME=/home/jpmurphy LANG=C.UTF-8 LS_COLORS='rs=0:di=01;34:ln=01;36:mh=00:pi=40;33:so=01;35:do=01;35:bd=40;33;01:cd=40;33;01:or=01;05;37;41:mi=01;05;37;41:su=37;41:sg=30;43:ca=30;41:tw=30;42:ow=34;42:st=37;44:ex=01;32:*.tar=01;31:*.tgz=01;31:*.arc=01;31:*.arj=01;31:*.taz=01;31:*.lha=01;31:*.lz4=01;31:*.lzh=01;31:*.lzma=01;31:*.tlz=01;31:*.txz=01;31:*.tzo=01;31:*.t7z=01;31:*.zip=01;31:*.z=01;31:*.dz=01;31:*.gz=01;31:*.lrz=01;31:*.lz=01;31:*.lzo=01;31:*.xz=01;31:*.zst=01;31:*.tzst=01;31:*.bz2=01;31:*.bz=01;31:*.tbz=01;31:*.tbz2=01;31:*.tz=01;31:*.deb=01;31:*.rpm=01;31:*.jar=01;31:*.war=01;31:*.ear=01;31:*.sar=01;31:*.rar=01;31:*.alz=01;31:*.ace=01;31:*.zoo=01;31:*.cpio=01;31:*.7z=01;31:*.rz=01;31:*.cab=01;31:*.wim=01;31:*.swm=01;31:*.dwm=01;31:*.esd=01;31:*.jpg=01;35:*.jpeg=01;35:*.mjpg=01;35:*.mjpeg=01;35:*.gif=01;35:*.bmp=01;35:*.pbm=01;35:*.pgm=01;35:*.ppm=01;35:*.tga=01;35:*.xbm=01;35:*.xpm=01;35:*.tif=01;35:*.tiff=01;35:*.png=01;35:*.svg=01;35:*.svgz=01;35:*.mng=01;35:*.pcx=01;35:*.mov=01;35:*.mpg=01;35:*.mpeg=01;35:*.m2v=01;35:*.mkv=01;35:*.webm=01;35:*.webp=01;35:*.ogm=01;35:*.mp4=01;35:*.m4v=01;35:*.mp4v=01;35:*.vob=01;35:*.qt=01;35:*.nuv=01;35:*.wmv=01;35:*.asf=01;35:*.rm=01;35:*.rmvb=01;35:*.flc=01;35:*.avi=01;35:*.fli=01;35:*.flv=01;35:*.gl=01;35:*.dl=01;35:*.xcf=01;35:*.xwd=01;35:*.yuv=01;35:*.cgm=01;35:*.emf=01;35:*.ogv=01;35:*.ogx=01;35:*.cfg=00;32:*.conf=00;32:*.diff=00;32:*.doc=00;32:*.ini=00;32:*.log=00;32:*.patch=00;32:*.pdf=00;32:*.ps=00;32:*.tex=00;32:*.txt=00;32:*.aac=00;36:*.au=00;36:*.flac=00;36:*.m4a=00;36:*.mid=00;36:*.midi=00;36:*.mka=00;36:*.mp3=00;36:*.mpc=00;36:*.ogg=00;36:*.ra=00;36:*.wav=00;36:*.oga=00;36:*.opus=00;36:*.spx=00;36:*.xspf=00;36:' XDG_CURRENT_DESKTOP=GNOME INFOPATH=/usr/share/info:/usr/share/gcc-data/x86_64-pc-linux-gnu/10.2.0/info:/usr/share/binutils-data/x86_64-pc-linux-gnu/2.45/info:/usr/share/automake-1.16.5/info JAVAC=/etc/java-config-2/current-system-vm/bin/javac TERM=xterm-256color LESSOPEN='|lesspipe %s' USER=jpmurphy CROS_WORKON_SRCROOT=/mnt/host/source MANPAGER=manpager DISPLAY=:1 SHLVL=1 LC_MESSAGES=C EXTERNAL_TRUNK_PATH=/mnt/8f9d649a-3721-44cc-93c0-e6bd21a9689f/chromiumos GCC_SPECS='' PATH=/mnt/host/source/chromite/bin:/usr/local/bin:/usr/bin:/bin:/opt/bin:/mnt/host/source/chromite/sdk/bin:/mnt/host/source/chromite/bin PORTAGE_USERNAME=jpmurphy SUDO_UID=0 GCC_VER=10.2.0 MAIL=/var/mail/jpmurphy OLDPWD=/mnt/host/source/src/scripts traceparent=00-e87aca51550a78635907baa6a2476181-6d684811675d2973-01 _=./zephyr/firmware_builder.py COREBOOT_SDK_ROOT_x86=/home/jpmurphy/.cache/coreboot-sdk/i386-elf/dfbb0486385d938cfa9d73080b9d18d598ed4f49 COREBOOT_SDK_ROOT_picolibc_x86=/home/jpmurphy/.cache/coreboot-sdk/picolibc-i386-elf/eb8e8e687b95461de8cbf278f1c2076952d0ad17 COREBOOT_SDK_ROOT_riscv64=/home/jpmurphy/.cache/coreboot-sdk/riscv64-elf/96b949749225b6aaa92ed810ab769e8dfb12f000 COREBOOT_SDK_ROOT_picolibc_arm=/home/jpmurphy/.cache/coreboot-sdk/picolibc-arm-eabi/422a2aa3e1ef891b5bece9a3deb696ff83840d2e COREBOOT_SDK_ROOT_nds32=/home/jpmurphy/.cache/coreboot-sdk/nds32le-elf/d1a518c4a097666d86058e1444f85ca015d15511 COREBOOT_SDK_ROOT_picolibc_riscv64=/home/jpmurphy/.cache/coreboot-sdk/picolibc-riscv64-elf/f571e990ef0278564b31124f8bb109d9a697eb69 COREBOOT_SDK_ROOT_arm=/home/jpmurphy/.cache/coreboot-sdk/arm-eabi/ea40ddd1d190c3b48435c474c0b545719371813a COREBOOT_SDK_ROOT_libstdcxx_riscv64=/home/jpmurphy/.cache/coreboot-sdk/libstdcxx-riscv64-elf/17abf22a3a252e2d5d2062ced5324f7a623689e0 COREBOOT_SDK_ROOT_libstdcxx_arm=/home/jpmurphy/.cache/coreboot-sdk/libstdcxx-arm-eabi/5d7d82e150e44aa1968f1d366e267e6687b328ac COREBOOT_SDK_ROOT_riscv=/home/jpmurphy/.cache/coreboot-sdk/riscv-elf/9a27b9e82341c6e9126624f516ab3f261abb3e73 COREBOOT_SDK_ROOT_libstdcxx_x86=/home/jpmurphy/.cache/coreboot-sdk/libstdcxx-i386-elf/42ef9d2e87a76a37963175d7d428734e65648b87 PYTHONPATH=/mnt/host/source/src/platform/ec/zephyr/zmake PW_PIGWEED_CIPD_INSTALL_DIR=/usr CROSTC_USER_ACKNOWLEDGES_THAT_RISCV_IS_EXPERIMENTAL=1 MAKEFLAGS=' -j16 --jobserver-auth=5,6' /usr/bin/ninja -C /mnt/host/source/src/platform/ec/build/zephyr/grogu/build-rw all.libraries`
[spikyrock:ro] [188/293] Building C object modules/ec/zephyr/CMakeFiles/ec_shim.dir/shim/chip/it8xxx2/power_policy.c.obj
[grogu:rw] ninja: Entering directory `/mnt/host/source/src/platform/ec/build/zephyr/grogu/build-rw'
[joxer:rw] -- Configuring done (16.4s)
[spikyrock:rw] [165/294] Building C object zephyr/drivers/gpio/CMakeFiles/drivers__gpio.dir/gpio_ite_it8xxx2_v2.c.obj
[spikyrock:rw] [166/294] Linking C static library zephyr/drivers/gpio/libdrivers__gpio.a
[joxer:ro] -- Found gen_kobject_list: /mnt/host/source/src/third_party/zephyr/main/scripts/build/gen_kobject_list.py
[spikyrock:rw] [167/294] Building C object zephyr/drivers/pinctrl/CMakeFiles/drivers__pinctrl.dir/common.c.obj
[spikyrock:ro] [189/293] Building C object modules/ec/zephyr/CMakeFiles/ec_shim.dir/shim/src/console.c.obj
[spikyrock:ro] [190/293] Building C object modules/ec/zephyr/CMakeFiles/ec_shim.dir/shim/src/gpio.c.obj
[spikyrock:ro] [191/293] Building C object modules/ec/zephyr/CMakeFiles/ec_shim.dir/shim/src/gpio_int.c.obj
[joxer:ro] -- Configuring done (16.5s)
[joxer:rw] -- Generating done (0.5s)
[joxer:rw] CMake Warning:
[joxer:rw]   Manually-specified variables were not used by the project:
[joxer:rw]     COREBOOT_SDK_ROOT_arm
[joxer:rw]     COREBOOT_SDK_ROOT_libstdcxx_arm
[joxer:rw]     COREBOOT_SDK_ROOT_libstdcxx_x86
[joxer:rw]     COREBOOT_SDK_ROOT_nds32
[joxer:rw]     COREBOOT_SDK_ROOT_picolibc_arm
[joxer:rw]     COREBOOT_SDK_ROOT_picolibc_x86
[joxer:rw]     COREBOOT_SDK_ROOT_riscv
[joxer:rw]     COREBOOT_SDK_ROOT_x86
[joxer:rw] -- Build files have been written to: /mnt/host/source/src/platform/ec/build/zephyr/joxer/build-rw
[/mnt/host/source/src/platform/ec/build/zephyr/skywalker-tps6699x-lcov] stderr:
[spikyrock:ro] [192/293] Building C object modules/ec/zephyr/CMakeFiles/ec_shim.dir/shim/src/panic_utils.c.obj
[spikyrock:rw] [168/294] Building C object zephyr/drivers/i2c/CMakeFiles/drivers__i2c.dir/i2c_ite_enhance.c.obj
[spikyrock:rw] [169/294] Building C object zephyr/drivers/pinctrl/CMakeFiles/drivers__pinctrl.dir/pinctrl_ite_it8xxx2.c.obj
[spikyrock:rw] [170/294] Linking C static library zephyr/drivers/i2c/libdrivers__i2c.a
[grogu:rw] [1/337] Generating include/generated/zephyr/version.h
[spikyrock:rw] [171/294] Linking C static library zephyr/drivers/pinctrl/libdrivers__pinctrl.a
[spikyrock:rw] [172/294] Building C object zephyr/drivers/serial/CMakeFiles/drivers__serial.dir/uart_ite_it8xxx2.c.obj
[grogu:rw] -- git describe warned: warning: tag 'upstream/v2.7.99' is externally known as 'v2.7.99'
[grogu:rw] -- Zephyr version: 4.3.99 (/mnt/host/source/src/third_party/zephyr/main)
[grogu:rw] [2/337] Preparing syscall dependency handling
[quandiso2:rw] Building: /usr/bin/ninja -C /mnt/host/source/src/platform/ec/build/zephyr/quandiso2/build-rw all.libraries
Running `env -i SHELL=/bin/bash COLORTERM=truecolor DEPOT_TOOLS_UPDATE=0 LESS='-R -M --shift 5' SUDO_GID=0 JDK_HOME=/etc/java-config-2/current-system-vm CONFIG_PROTECT_MASK='/etc/gentoo-release /etc/sandbox.d /etc/fonts/fonts.conf /etc/terminfo /etc/ca-certificates.conf /etc/revdep-rebuild' CHROMEOS_CACHEDIR=/var/cache/chromeos-cache JAVA_HOME=/etc/java-config-2/current-system-vm SSH_AUTH_SOCK=/tmp/ssh-auth-sock SUDO_COMMAND=/bin/bash SUDO_USER=root SUDO_TTY=/dev/pts/2 EDITOR=/usr/bin/vi PWD=/mnt/host/source/src/platform/ec CONFIG_PROTECT=/usr/share/gnupg/qualified.txt LOGNAME=jpmurphy MANPATH=/etc/java-config-2/current-system-vm/man:/usr/local/share/man:/usr/share/man:/usr/share/gcc-data/x86_64-pc-linux-gnu/10.2.0/man:/usr/share/binutils-data/x86_64-pc-linux-gnu/2.45/man:/etc/java-config-2/current-system-vm/man/ SUDO_HOME=/root XAUTHORITY=/run/user/944457/gdm/Xauthority HOME=/home/jpmurphy LANG=C.UTF-8 LS_COLORS='rs=0:di=01;34:ln=01;36:mh=00:pi=40;33:so=01;35:do=01;35:bd=40;33;01:cd=40;33;01:or=01;05;37;41:mi=01;05;37;41:su=37;41:sg=30;43:ca=30;41:tw=30;42:ow=34;42:st=37;44:ex=01;32:*.tar=01;31:*.tgz=01;31:*.arc=01;31:*.arj=01;31:*.taz=01;31:*.lha=01;31:*.lz4=01;31:*.lzh=01;31:*.lzma=01;31:*.tlz=01;31:*.txz=01;31:*.tzo=01;31:*.t7z=01;31:*.zip=01;31:*.z=01;31:*.dz=01;31:*.gz=01;31:*.lrz=01;31:*.lz=01;31:*.lzo=01;31:*.xz=01;31:*.zst=01;31:*.tzst=01;31:*.bz2=01;31:*.bz=01;31:*.tbz=01;31:*.tbz2=01;31:*.tz=01;31:*.deb=01;31:*.rpm=01;31:*.jar=01;31:*.war=01;31:*.ear=01;31:*.sar=01;31:*.rar=01;31:*.alz=01;31:*.ace=01;31:*.zoo=01;31:*.cpio=01;31:*.7z=01;31:*.rz=01;31:*.cab=01;31:*.wim=01;31:*.swm=01;31:*.dwm=01;31:*.esd=01;31:*.jpg=01;35:*.jpeg=01;35:*.mjpg=01;35:*.mjpeg=01;35:*.gif=01;35:*.bmp=01;35:*.pbm=01;35:*.pgm=01;35:*.ppm=01;35:*.tga=01;35:*.xbm=01;35:*.xpm=01;35:*.tif=01;35:*.tiff=01;35:*.png=01;35:*.svg=01;35:*.svgz=01;35:*.mng=01;35:*.pcx=01;35:*.mov=01;35:*.mpg=01;35:*.mpeg=01;35:*.m2v=01;35:*.mkv=01;35:*.webm=01;35:*.webp=01;35:*.ogm=01;35:*.mp4=01;35:*.m4v=01;35:*.mp4v=01;35:*.vob=01;35:*.qt=01;35:*.nuv=01;35:*.wmv=01;35:*.asf=01;35:*.rm=01;35:*.rmvb=01;35:*.flc=01;35:*.avi=01;35:*.fli=01;35:*.flv=01;35:*.gl=01;35:*.dl=01;35:*.xcf=01;35:*.xwd=01;35:*.yuv=01;35:*.cgm=01;35:*.emf=01;35:*.ogv=01;35:*.ogx=01;35:*.cfg=00;32:*.conf=00;32:*.diff=00;32:*.doc=00;32:*.ini=00;32:*.log=00;32:*.patch=00;32:*.pdf=00;32:*.ps=00;32:*.tex=00;32:*.txt=00;32:*.aac=00;36:*.au=00;36:*.flac=00;36:*.m4a=00;36:*.mid=00;36:*.midi=00;36:*.mka=00;36:*.mp3=00;36:*.mpc=00;36:*.ogg=00;36:*.ra=00;36:*.wav=00;36:*.oga=00;36:*.opus=00;36:*.spx=00;36:*.xspf=00;36:' XDG_CURRENT_DESKTOP=GNOME INFOPATH=/usr/share/info:/usr/share/gcc-data/x86_64-pc-linux-gnu/10.2.0/info:/usr/share/binutils-data/x86_64-pc-linux-gnu/2.45/info:/usr/share/automake-1.16.5/info JAVAC=/etc/java-config-2/current-system-vm/bin/javac TERM=xterm-256color LESSOPEN='|lesspipe %s' USER=jpmurphy CROS_WORKON_SRCROOT=/mnt/host/source MANPAGER=manpager DISPLAY=:1 SHLVL=1 LC_MESSAGES=C EXTERNAL_TRUNK_PATH=/mnt/8f9d649a-3721-44cc-93c0-e6bd21a9689f/chromiumos GCC_SPECS='' PATH=/mnt/host/source/chromite/bin:/usr/local/bin:/usr/bin:/bin:/opt/bin:/mnt/host/source/chromite/sdk/bin:/mnt/host/source/chromite/bin PORTAGE_USERNAME=jpmurphy SUDO_UID=0 GCC_VER=10.2.0 MAIL=/var/mail/jpmurphy OLDPWD=/mnt/host/source/src/scripts traceparent=00-e87aca51550a78635907baa6a2476181-6d684811675d2973-01 _=./zephyr/firmware_builder.py COREBOOT_SDK_ROOT_x86=/home/jpmurphy/.cache/coreboot-sdk/i386-elf/dfbb0486385d938cfa9d73080b9d18d598ed4f49 COREBOOT_SDK_ROOT_picolibc_x86=/home/jpmurphy/.cache/coreboot-sdk/picolibc-i386-elf/eb8e8e687b95461de8cbf278f1c2076952d0ad17 COREBOOT_SDK_ROOT_riscv64=/home/jpmurphy/.cache/coreboot-sdk/riscv64-elf/96b949749225b6aaa92ed810ab769e8dfb12f000 COREBOOT_SDK_ROOT_picolibc_arm=/home/jpmurphy/.cache/coreboot-sdk/picolibc-arm-eabi/422a2aa3e1ef891b5bece9a3deb696ff83840d2e COREBOOT_SDK_ROOT_nds32=/home/jpmurphy/.cache/coreboot-sdk/nds32le-elf/d1a518c4a097666d86058e1444f85ca015d15511 COREBOOT_SDK_ROOT_picolibc_riscv64=/home/jpmurphy/.cache/coreboot-sdk/picolibc-riscv64-elf/f571e990ef0278564b31124f8bb109d9a697eb69 COREBOOT_SDK_ROOT_arm=/home/jpmurphy/.cache/coreboot-sdk/arm-eabi/ea40ddd1d190c3b48435c474c0b545719371813a COREBOOT_SDK_ROOT_libstdcxx_riscv64=/home/jpmurphy/.cache/coreboot-sdk/libstdcxx-riscv64-elf/17abf22a3a252e2d5d2062ced5324f7a623689e0 COREBOOT_SDK_ROOT_libstdcxx_arm=/home/jpmurphy/.cache/coreboot-sdk/libstdcxx-arm-eabi/5d7d82e150e44aa1968f1d366e267e6687b328ac COREBOOT_SDK_ROOT_riscv=/home/jpmurphy/.cache/coreboot-sdk/riscv-elf/9a27b9e82341c6e9126624f516ab3f261abb3e73 COREBOOT_SDK_ROOT_libstdcxx_x86=/home/jpmurphy/.cache/coreboot-sdk/libstdcxx-i386-elf/42ef9d2e87a76a37963175d7d428734e65648b87 PYTHONPATH=/mnt/host/source/src/platform/ec/zephyr/zmake PW_PIGWEED_CIPD_INSTALL_DIR=/usr CROSTC_USER_ACKNOWLEDGES_THAT_RISCV_IS_EXPERIMENTAL=1 MAKEFLAGS=' -j16 --jobserver-auth=5,6' /usr/bin/ninja -C /mnt/host/source/src/platform/ec/build/zephyr/quandiso2/build-rw all.libraries`
[quandiso2:rw] ninja: Entering directory `/mnt/host/source/src/platform/ec/build/zephyr/quandiso2/build-rw'
[grogu:rw] [3/337] Generating misc/generated/syscalls_subdirs.trigger
[spikyrock:ro] [193/293] Building C object modules/ec/zephyr/CMakeFiles/ec_shim.dir/shim/src/pm_state.c.obj
[spikyrock:rw] [173/294] Building C object zephyr/drivers/timer/CMakeFiles/drivers__timer.dir/sys_clock_init.c.obj
[joxer:ro] -- Generating done (0.6s)
[joxer:ro] -- Build files have been written to: /mnt/host/source/src/platform/ec/build/zephyr/joxer/build-ro
[joxer:ro] CMake Warning:
[spikyrock:rw] [174/294] Building C object zephyr/drivers/serial/CMakeFiles/drivers__serial.dir/uart_ns16550.c.obj
[spikyrock:rw] [175/294] Linking C static library zephyr/drivers/serial/libdrivers__serial.a
[/mnt/host/source/src/platform/ec/build/zephyr/skywalker-tps6699x-lcov]   /mnt/host/source/src/platform/ec/build/zephyr/skywalker-tps6699x/build-ro/modules/ec/zephyr/CMakeFiles/ec_shim.dir/shim/src/power.c.gcno:no functions found
[/mnt/host/source/src/platform/ec/build/zephyr/skywalker-tps6699x-lcov] stderr:
[spikyrock:ro] [194/293] Building C object modules/ec/zephyr/CMakeFiles/ec_shim.dir/shim/src/system.c.obj
[joxer:ro]   Manually-specified variables were not used by the project:
[joxer:ro]     COREBOOT_SDK_ROOT_arm
[joxer:ro]     COREBOOT_SDK_ROOT_libstdcxx_arm
[joxer:ro]     COREBOOT_SDK_ROOT_libstdcxx_x86
[joxer:ro]     COREBOOT_SDK_ROOT_nds32
[joxer:ro]     COREBOOT_SDK_ROOT_picolibc_arm
[joxer:ro]     COREBOOT_SDK_ROOT_picolibc_x86
[joxer:ro]     COREBOOT_SDK_ROOT_riscv
[joxer:ro]     COREBOOT_SDK_ROOT_x86
[quandiso2:ro] Building: /usr/bin/ninja -C /mnt/host/source/src/platform/ec/build/zephyr/quandiso2/build-ro all.libraries
Running `env -i SHELL=/bin/bash COLORTERM=truecolor DEPOT_TOOLS_UPDATE=0 LESS='-R -M --shift 5' SUDO_GID=0 JDK_HOME=/etc/java-config-2/current-system-vm CONFIG_PROTECT_MASK='/etc/gentoo-release /etc/sandbox.d /etc/fonts/fonts.conf /etc/terminfo /etc/ca-certificates.conf /etc/revdep-rebuild' CHROMEOS_CACHEDIR=/var/cache/chromeos-cache JAVA_HOME=/etc/java-config-2/current-system-vm SSH_AUTH_SOCK=/tmp/ssh-auth-sock SUDO_COMMAND=/bin/bash SUDO_USER=root SUDO_TTY=/dev/pts/2 EDITOR=/usr/bin/vi PWD=/mnt/host/source/src/platform/ec CONFIG_PROTECT=/usr/share/gnupg/qualified.txt LOGNAME=jpmurphy MANPATH=/etc/java-config-2/current-system-vm/man:/usr/local/share/man:/usr/share/man:/usr/share/gcc-data/x86_64-pc-linux-gnu/10.2.0/man:/usr/share/binutils-data/x86_64-pc-linux-gnu/2.45/man:/etc/java-config-2/current-system-vm/man/ SUDO_HOME=/root XAUTHORITY=/run/user/944457/gdm/Xauthority HOME=/home/jpmurphy LANG=C.UTF-8 LS_COLORS='rs=0:di=01;34:ln=01;36:mh=00:pi=40;33:so=01;35:do=01;35:bd=40;33;01:cd=40;33;01:or=01;05;37;41:mi=01;05;37;41:su=37;41:sg=30;43:ca=30;41:tw=30;42:ow=34;42:st=37;44:ex=01;32:*.tar=01;31:*.tgz=01;31:*.arc=01;31:*.arj=01;31:*.taz=01;31:*.lha=01;31:*.lz4=01;31:*.lzh=01;31:*.lzma=01;31:*.tlz=01;31:*.txz=01;31:*.tzo=01;31:*.t7z=01;31:*.zip=01;31:*.z=01;31:*.dz=01;31:*.gz=01;31:*.lrz=01;31:*.lz=01;31:*.lzo=01;31:*.xz=01;31:*.zst=01;31:*.tzst=01;31:*.bz2=01;31:*.bz=01;31:*.tbz=01;31:*.tbz2=01;31:*.tz=01;31:*.deb=01;31:*.rpm=01;31:*.jar=01;31:*.war=01;31:*.ear=01;31:*.sar=01;31:*.rar=01;31:*.alz=01;31:*.ace=01;31:*.zoo=01;31:*.cpio=01;31:*.7z=01;31:*.rz=01;31:*.cab=01;31:*.wim=01;31:*.swm=01;31:*.dwm=01;31:*.esd=01;31:*.jpg=01;35:*.jpeg=01;35:*.mjpg=01;35:*.mjpeg=01;35:*.gif=01;35:*.bmp=01;35:*.pbm=01;35:*.pgm=01;35:*.ppm=01;35:*.tga=01;35:*.xbm=01;35:*.xpm=01;35:*.tif=01;35:*.tiff=01;35:*.png=01;35:*.svg=01;35:*.svgz=01;35:*.mng=01;35:*.pcx=01;35:*.mov=01;35:*.mpg=01;35:*.mpeg=01;35:*.m2v=01;35:*.mkv=01;35:*.webm=01;35:*.webp=01;35:*.ogm=01;35:*.mp4=01;35:*.m4v=01;35:*.mp4v=01;35:*.vob=01;35:*.qt=01;35:*.nuv=01;35:*.wmv=01;35:*.asf=01;35:*.rm=01;35:*.rmvb=01;35:*.flc=01;35:*.avi=01;35:*.fli=01;35:*.flv=01;35:*.gl=01;35:*.dl=01;35:*.xcf=01;35:*.xwd=01;35:*.yuv=01;35:*.cgm=01;35:*.emf=01;35:*.ogv=01;35:*.ogx=01;35:*.cfg=00;32:*.conf=00;32:*.diff=00;32:*.doc=00;32:*.ini=00;32:*.log=00;32:*.patch=00;32:*.pdf=00;32:*.ps=00;32:*.tex=00;32:*.txt=00;32:*.aac=00;36:*.au=00;36:*.flac=00;36:*.m4a=00;36:*.mid=00;36:*.midi=00;36:*.mka=00;36:*.mp3=00;36:*.mpc=00;36:*.ogg=00;36:*.ra=00;36:*.wav=00;36:*.oga=00;36:*.opus=00;36:*.spx=00;36:*.xspf=00;36:' XDG_CURRENT_DESKTOP=GNOME INFOPATH=/usr/share/info:/usr/share/gcc-data/x86_64-pc-linux-gnu/10.2.0/info:/usr/share/binutils-data/x86_64-pc-linux-gnu/2.45/info:/usr/share/automake-1.16.5/info JAVAC=/etc/java-config-2/current-system-vm/bin/javac TERM=xterm-256color LESSOPEN='|lesspipe %s' USER=jpmurphy CROS_WORKON_SRCROOT=/mnt/host/source MANPAGER=manpager DISPLAY=:1 SHLVL=1 LC_MESSAGES=C EXTERNAL_TRUNK_PATH=/mnt/8f9d649a-3721-44cc-93c0-e6bd21a9689f/chromiumos GCC_SPECS='' PATH=/mnt/host/source/chromite/bin:/usr/local/bin:/usr/bin:/bin:/opt/bin:/mnt/host/source/chromite/sdk/bin:/mnt/host/source/chromite/bin PORTAGE_USERNAME=jpmurphy SUDO_UID=0 GCC_VER=10.2.0 MAIL=/var/mail/jpmurphy OLDPWD=/mnt/host/source/src/scripts traceparent=00-e87aca51550a78635907baa6a2476181-6d684811675d2973-01 _=./zephyr/firmware_builder.py COREBOOT_SDK_ROOT_x86=/home/jpmurphy/.cache/coreboot-sdk/i386-elf/dfbb0486385d938cfa9d73080b9d18d598ed4f49 COREBOOT_SDK_ROOT_picolibc_x86=/home/jpmurphy/.cache/coreboot-sdk/picolibc-i386-elf/eb8e8e687b95461de8cbf278f1c2076952d0ad17 COREBOOT_SDK_ROOT_riscv64=/home/jpmurphy/.cache/coreboot-sdk/riscv64-elf/96b949749225b6aaa92ed810ab769e8dfb12f000 COREBOOT_SDK_ROOT_picolibc_arm=/home/jpmurphy/.cache/coreboot-sdk/picolibc-arm-eabi/422a2aa3e1ef891b5bece9a3deb696ff83840d2e COREBOOT_SDK_ROOT_nds32=/home/jpmurphy/.cache/coreboot-sdk/nds32le-elf/d1a518c4a097666d86058e1444f85ca015d15511 COREBOOT_SDK_ROOT_picolibc_riscv64=/home/jpmurphy/.cache/coreboot-sdk/picolibc-riscv64-elf/f571e990ef0278564b31124f8bb109d9a697eb69 COREBOOT_SDK_ROOT_arm=/home/jpmurphy/.cache/coreboot-sdk/arm-eabi/ea40ddd1d190c3b48435c474c0b545719371813a COREBOOT_SDK_ROOT_libstdcxx_riscv64=/home/jpmurphy/.cache/coreboot-sdk/libstdcxx-riscv64-elf/17abf22a3a252e2d5d2062ced5324f7a623689e0 COREBOOT_SDK_ROOT_libstdcxx_arm=/home/jpmurphy/.cache/coreboot-sdk/libstdcxx-arm-eabi/5d7d82e150e44aa1968f1d366e267e6687b328ac COREBOOT_SDK_ROOT_riscv=/home/jpmurphy/.cache/coreboot-sdk/riscv-elf/9a27b9e82341c6e9126624f516ab3f261abb3e73 COREBOOT_SDK_ROOT_libstdcxx_x86=/home/jpmurphy/.cache/coreboot-sdk/libstdcxx-i386-elf/42ef9d2e87a76a37963175d7d428734e65648b87 PYTHONPATH=/mnt/host/source/src/platform/ec/zephyr/zmake PW_PIGWEED_CIPD_INSTALL_DIR=/usr CROSTC_USER_ACKNOWLEDGES_THAT_RISCV_IS_EXPERIMENTAL=1 MAKEFLAGS=' -j16 --jobserver-auth=5,6' /usr/bin/ninja -C /mnt/host/source/src/platform/ec/build/zephyr/quandiso2/build-ro all.libraries`
[quandiso2:ro] ninja: Entering directory `/mnt/host/source/src/platform/ec/build/zephyr/quandiso2/build-ro'
[spikyrock:ro] [195/293] Building C object modules/ec/zephyr/CMakeFiles/ec_shim.dir/shim/src/hooks.c.obj
[spikyrock:ro] [196/293] Building C object modules/ec/zephyr/CMakeFiles/ec_shim.dir/shim/src/host_command.c.obj
[quandiso2:rw] [1/404] Generating include/generated/zephyr/version.h
[spikyrock:rw] [176/294] Building C object zephyr/drivers/watchdog/CMakeFiles/drivers__watchdog.dir/wdt_ite_it8xxx2.c.obj
[quandiso2:rw] -- git describe warned: warning: tag 'upstream/v2.7.99' is externally known as 'v2.7.99'
[quandiso2:rw] -- Zephyr version: 4.3.99 (/mnt/host/source/src/third_party/zephyr/main)
[quandiso2:rw] [2/404] Preparing syscall dependency handling
[spikyrock:rw] [177/294] Building C object zephyr/drivers/watchdog/CMakeFiles/drivers__watchdog.dir/wdt_shell.c.obj
[spikyrock:ro] [197/293] Building C object modules/ec/zephyr/CMakeFiles/ec_shim.dir/shim/src/flash.c.obj
[spikyrock:rw] [178/294] Building C object zephyr/drivers/timer/CMakeFiles/drivers__timer.dir/ite_it8xxx2_timer.c.obj
[spikyrock:rw] [179/294] Linking C static library zephyr/drivers/watchdog/libdrivers__watchdog.a
[quandiso2:rw] [3/404] Generating misc/generated/syscalls_subdirs.trigger
[spikyrock:rw] [180/294] Linking C static library zephyr/drivers/timer/libdrivers__timer.a
[spikyrock:ro] [198/293] Building C object modules/ec/zephyr/CMakeFiles/ec_shim.dir/shim/src/console_buffer.c.obj
[/mnt/host/source/src/platform/ec/build/zephyr/skywalker-tps6699x-lcov]   /mnt/host/source/src/platform/ec/build/zephyr/skywalker-tps6699x/build-ro/modules/ec/zephyr/CMakeFiles/ec_shim.dir/shim/src/battery.c.gcno:no functions found
[/mnt/host/source/src/platform/ec/build/zephyr/skywalker-tps6699x-lcov] stderr:
[/mnt/host/source/src/platform/ec/build/zephyr/crystaldrift-lcov]   /mnt/host/source/src/platform/ec/build/zephyr/crystaldrift/build-ro/CMakeFiles/app.dir/mnt/host/source/src/platform/ec/build/zephyr/crystaldrift/modules/ec/common/chargen.c.gcno:no functions found
[/mnt/host/source/src/platform/ec/build/zephyr/crystaldrift-lcov] stderr:
[grogu:rw] [4/337] Generating misc/generated/syscalls.json, misc/generated/struct_tags.json
[spikyrock:ro] [199/293] Building C object modules/ec/zephyr/CMakeFiles/ec_shim.dir/shim/chip/it8xxx2/gpio.c.obj
[spikyrock:rw] [181/294] Building C object modules/ec/zephyr/CMakeFiles/ec_shim.dir/app/ec/main_shim.c.obj
[spikyrock:rw] [182/294] Building C object modules/ec/zephyr/CMakeFiles/ec_shim.dir/app/ec/ec_app_main.c.obj
[grogu:rw] [5/337] Generating include/generated/zephyr/syscall_dispatch.c, include/generated/zephyr/syscall_exports_llext.c, syscall_weakdefs_llext.c, include/generated/zephyr/syscall_list.h
[spikyrock:ro] [200/293] Building C object modules/ec/zephyr/CMakeFiles/ec_shim.dir/shim/src/keyscan.c.obj
[spikyrock:ro] [201/293] Building C object modules/ec/zephyr/CMakeFiles/ec_shim.dir/shim/src/keyboard_raw.c.obj
[spikyrock:ro] [202/293] Building C object modules/ec/zephyr/CMakeFiles/ec_shim.dir/shim/src/hwtimer.c.obj
[spikyrock:ro] [203/293] Building C object modules/ec/zephyr/CMakeFiles/ec_shim.dir/shim/src/panic.c.obj
[quandiso2:ro] [1/404] Generating include/generated/zephyr/version.h
[quandiso2:ro] -- git describe warned: warning: tag 'upstream/v2.7.99' is externally known as 'v2.7.99'
[quandiso2:ro] -- Zephyr version: 4.3.99 (/mnt/host/source/src/third_party/zephyr/main)
[quandiso2:ro] [2/404] Preparing syscall dependency handling
[grogu:rw] [6/337] Generating include/generated/zephyr/driver-validation.h
[spikyrock:ro] [204/293] cd /mnt/host/source/src/platform/ec/build/zephyr/spikyrock/build-ro/modules/ec/zephyr && PYTHONPATH=/mnt/host/source/src/platform/ec/build/zephyr/spikyrock/modules/ec/zephyr/zmake/ /usr/bin/python3.11 /mnt/host/source/src/platform/ec/build/zephyr/spikyrock/modules/ec/zephyr/zmake/zephyr_build_tools/generate_ec_version.py /mnt/host/source/src/platform/ec/build/zephyr/spikyrock/build-ro/modules/ec/zephyr/include/ec_version.h --name Zephyr-Kernel --version 16543.0.0 --static
[spikyrock:ro] INFO:root:Using a static version string
[quandiso2:ro] [3/404] Generating misc/generated/syscalls_subdirs.trigger
[spikyrock:rw] [183/294] Building C object modules/ec/zephyr/CMakeFiles/ec_shim.dir/drivers/cros_flash/cros_flash_it8xxx2.c.obj
[/mnt/host/source/src/platform/ec/build/zephyr/skywalker-tps6699x-lcov]   /mnt/host/source/src/platform/ec/build/zephyr/skywalker-tps6699x/build-ro/modules/ec/zephyr/CMakeFiles/ec_shim.dir/shim/src/charger.c.gcno:no functions found
[/mnt/host/source/src/platform/ec/build/zephyr/skywalker-tps6699x-lcov] stderr:
[grogu:rw] [7/337] Generating include/generated/zephyr/kobj-types-enum.h, include/generated/zephyr/otype-to-str.h, include/generated/zephyr/otype-to-size.h
[spikyrock:rw] [184/294] Building C object modules/ec/zephyr/CMakeFiles/ec_shim.dir/drivers/cros_kb_raw/cros_kb_raw_ite.c.obj
[grogu:rw] [8/337] Generating include/generated/device-api-sections.ld, include/generated/device-api-sections.cmake
[quandiso2:rw] [4/404] Generating misc/generated/syscalls.json, misc/generated/struct_tags.json
[spikyrock:ro] INFO:root:Version string: Zephyr-Kernel-16543.0.0
[spikyrock:ro] INFO:root:Writing header to /mnt/host/source/src/platform/ec/build/zephyr/spikyrock/build-ro/modules/ec/zephyr/include/ec_version.h
[spikyrock:ro] [205/293] Building C object modules/ec/zephyr/CMakeFiles/ec_shim.dir/shim/src/i2c.c.obj
[spikyrock:rw] [185/294] Building C object modules/ec/zephyr/CMakeFiles/ec_shim.dir/drivers/cros_system/cros_system_it8xxx2.c.obj
[quandiso2:rw] [5/404] Generating include/generated/zephyr/syscall_dispatch.c, include/generated/zephyr/syscall_exports_llext.c, syscall_weakdefs_llext.c, include/generated/zephyr/syscall_list.h
[spikyrock:rw] [186/294] Building C object modules/ec/zephyr/CMakeFiles/ec_shim.dir/shim/chip/it8xxx2/clock.c.obj
[/mnt/host/source/src/platform/ec/build/zephyr/skywalker-tps6699x-lcov]   /mnt/host/source/src/platform/ec/build/zephyr/skywalker-tps6699x/build-ro/modules/ec/zephyr/CMakeFiles/ec_shim.dir/shim/src/usba.c.gcno:no functions found
[/mnt/host/source/src/platform/ec/build/zephyr/skywalker-tps6699x-lcov] stderr:
[spikyrock:ro] [206/293] Building C object zephyr/kernel/CMakeFiles/kernel.dir/main_weak.c.obj
[quandiso2:rw] [6/404] Generating include/generated/zephyr/driver-validation.h
[spikyrock:ro] [207/293] Building C object modules/ec/zephyr/CMakeFiles/ec_shim.dir/shim/src/tasks.c.obj
[spikyrock:ro] [208/293] Building C object modules/ec/zephyr/CMakeFiles/ec_shim.dir/shim/src/usbc_stub.c.obj
[spikyrock:ro] [209/293] Building C object CMakeFiles/app.dir/mnt/host/source/src/platform/ec/zephyr/subsys/ap_pwrseq/ap_events.c.obj
[quandiso2:rw] [7/404] Generating include/generated/zephyr/kobj-types-enum.h, include/generated/zephyr/otype-to-str.h, include/generated/zephyr/otype-to-size.h
[spikyrock:ro] [210/293] Building C object modules/ec/zephyr/CMakeFiles/ec_shim.dir/shim/src/watchdog.c.obj
[spikyrock:rw] [187/294] Building C object modules/ec/zephyr/CMakeFiles/ec_shim.dir/shim/chip/it8xxx2/system.c.obj
[quandiso2:rw] [8/404] Generating include/generated/device-api-sections.ld, include/generated/device-api-sections.cmake
[spikyrock:rw] [188/294] Building C object modules/ec/zephyr/CMakeFiles/ec_shim.dir/shim/chip/it8xxx2/keyboard_raw.c.obj
[spikyrock:rw] [189/294] Building C object modules/ec/zephyr/CMakeFiles/ec_shim.dir/shim/chip/it8xxx2/power_policy.c.obj
[grogu:rw] [9/337] Building C object zephyr/CMakeFiles/offsets.dir/arch/riscv/core/offsets/offsets.c.obj
[spikyrock:rw] [190/294] Building C object modules/ec/zephyr/CMakeFiles/ec_shim.dir/shim/src/crc.c.obj
[quandiso2:ro] [4/404] Generating misc/generated/syscalls.json, misc/generated/struct_tags.json
[grogu:rw] [10/337] Generating include/generated/zephyr/offsets.h
[quandiso2:ro] [5/404] Generating include/generated/zephyr/syscall_dispatch.c, include/generated/zephyr/syscall_exports_llext.c, syscall_weakdefs_llext.c, include/generated/zephyr/syscall_list.h
[spikyrock:ro] [211/293] Building C object CMakeFiles/app.dir/mnt/host/source/src/platform/ec/zephyr/subsys/usbd_service/usbd_init.c.obj
[spikyrock:ro] [212/293] Building C object CMakeFiles/app.dir/mnt/host/source/src/platform/ec/build/zephyr/spikyrock/modules/ec/builtin/stdlib.c.obj
[spikyrock:ro] [213/293] Building C object CMakeFiles/app.dir/mnt/host/source/src/platform/ec/build/zephyr/spikyrock/modules/ec/common/base32.c.obj
[spikyrock:ro] [214/293] Building C object CMakeFiles/app.dir/mnt/host/source/src/platform/ec/zephyr/subsys/usbd_service/usbd_google_fake.c.obj
[quandiso2:ro] [6/404] Generating include/generated/zephyr/driver-validation.h
[spikyrock:rw] [191/294] Building C object modules/ec/zephyr/CMakeFiles/ec_shim.dir/shim/src/console.c.obj
[spikyrock:ro] [215/293] Building C object CMakeFiles/app.dir/mnt/host/source/src/platform/ec/zephyr/subsys/usbd_service/usbd_google_update.c.obj
[quandiso2:rw] [9/404] Building C object zephyr/CMakeFiles/offsets.dir/arch/riscv/core/offsets/offsets.c.obj
[quandiso2:ro] [7/404] Generating include/generated/zephyr/kobj-types-enum.h, include/generated/zephyr/otype-to-str.h, include/generated/zephyr/otype-to-size.h
[spikyrock:rw] [192/294] Building C object modules/ec/zephyr/CMakeFiles/ec_shim.dir/shim/src/panic_utils.c.obj
[spikyrock:ro] [216/293] Building C object CMakeFiles/app.dir/mnt/host/source/src/platform/ec/zephyr/subsys/usbd_service/usbd_google_i2c.c.obj
[quandiso2:ro] [8/404] Generating include/generated/device-api-sections.ld, include/generated/device-api-sections.cmake
[spikyrock:rw] [193/294] Building C object modules/ec/zephyr/CMakeFiles/ec_shim.dir/shim/src/gpio_int.c.obj
[quandiso2:rw] [10/404] Generating include/generated/zephyr/offsets.h
[spikyrock:rw] [194/294] Building C object modules/ec/zephyr/CMakeFiles/ec_shim.dir/shim/src/gpio.c.obj
[grogu:rw] [11/337] Building C object zephyr/CMakeFiles/zephyr.dir/lib/libc/validate_libc.c.obj
[spikyrock:ro] [217/293] Building C object CMakeFiles/app.dir/mnt/host/source/src/platform/ec/build/zephyr/spikyrock/modules/ec/common/console_output.c.obj
[spikyrock:ro] [218/293] Building C object CMakeFiles/app.dir/mnt/host/source/src/platform/ec/build/zephyr/spikyrock/modules/ec/common/peripheral.c.obj
[spikyrock:ro] [219/293] Building C object CMakeFiles/app.dir/mnt/host/source/src/platform/ec/build/zephyr/spikyrock/modules/ec/common/ec_features.c.obj
[spikyrock:ro] [220/293] Building C object CMakeFiles/app.dir/mnt/host/source/src/platform/ec/build/zephyr/spikyrock/modules/ec/common/gpio_commands.c.obj
[spikyrock:rw] [195/294] Building C object modules/ec/zephyr/CMakeFiles/ec_shim.dir/shim/src/pm_state.c.obj
[spikyrock:ro] [221/293] Building C object CMakeFiles/app.dir/mnt/host/source/src/platform/ec/build/zephyr/spikyrock/modules/ec/common/printf.c.obj
[quandiso2:rw] [11/404] Building C object zephyr/CMakeFiles/zephyr.dir/lib/libc/validate_libc.c.obj
[quandiso2:ro] [9/404] Building C object zephyr/CMakeFiles/offsets.dir/arch/riscv/core/offsets/offsets.c.obj
[spikyrock:ro] [222/293] Building C object CMakeFiles/app.dir/mnt/host/source/src/platform/ec/build/zephyr/spikyrock/modules/ec/common/queue.c.obj
[spikyrock:rw] [196/294] Building C object modules/ec/zephyr/CMakeFiles/ec_shim.dir/shim/src/system.c.obj
[spikyrock:rw] [197/294] Building C object modules/ec/zephyr/CMakeFiles/ec_shim.dir/shim/src/hooks.c.obj
[spikyrock:rw] [198/294] Building C object modules/ec/zephyr/CMakeFiles/ec_shim.dir/shim/src/flash.c.obj
[quandiso2:ro] [10/404] Generating include/generated/zephyr/offsets.h
[grogu:rw] [12/337] Building C object zephyr/CMakeFiles/zephyr.dir/lib/heap/heap.c.obj
[spikyrock:rw] [199/294] Building C object modules/ec/zephyr/CMakeFiles/ec_shim.dir/shim/chip/it8xxx2/gpio.c.obj
[spikyrock:ro] [223/293] Building C object CMakeFiles/app.dir/mnt/host/source/src/platform/ec/build/zephyr/spikyrock/modules/ec/common/uart_printf.c.obj
[spikyrock:ro] [224/293] Building C object CMakeFiles/app.dir/mnt/host/source/src/platform/ec/build/zephyr/spikyrock/modules/ec/common/system_boot_time.c.obj
[spikyrock:ro] [225/293] Building C object CMakeFiles/app.dir/mnt/host/source/src/platform/ec/build/zephyr/spikyrock/modules/ec/common/system.c.obj
[spikyrock:rw] [200/294] Building C object modules/ec/zephyr/CMakeFiles/ec_shim.dir/shim/src/host_command.c.obj
[spikyrock:ro] [226/293] Building C object CMakeFiles/app.dir/mnt/host/source/src/platform/ec/build/zephyr/spikyrock/modules/ec/third_party/boringssl/common/curve25519.c.obj
[spikyrock:ro] [227/293] Building C object CMakeFiles/app.dir/mnt/host/source/src/platform/ec/build/zephyr/spikyrock/modules/ec/common/version.c.obj
[quandiso2:rw] [12/404] Building C object zephyr/CMakeFiles/zephyr.dir/lib/heap/heap.c.obj
[spikyrock:ro] [228/293] Building C object CMakeFiles/app.dir/mnt/host/source/src/platform/ec/build/zephyr/spikyrock/modules/ec/common/util.c.obj
[spikyrock:rw] [201/294] Building C object modules/ec/zephyr/CMakeFiles/ec_shim.dir/shim/src/keyscan.c.obj
[spikyrock:rw] [202/294] Building C object modules/ec/zephyr/CMakeFiles/ec_shim.dir/shim/src/console_buffer.c.obj
[quandiso2:ro] [11/404] Building C object zephyr/CMakeFiles/zephyr.dir/lib/libc/validate_libc.c.obj
[spikyrock:rw] [203/294] Building C object modules/ec/zephyr/CMakeFiles/ec_shim.dir/shim/src/keyboard_raw.c.obj
[spikyrock:rw] [204/294] Building C object modules/ec/zephyr/CMakeFiles/ec_shim.dir/shim/src/panic.c.obj
[grogu:rw] [13/337] Building C object zephyr/CMakeFiles/zephyr.dir/lib/os/cbprintf_packaged.c.obj
[spikyrock:rw] [205/294] Building C object modules/ec/zephyr/CMakeFiles/ec_shim.dir/shim/src/hwtimer.c.obj
[spikyrock:ro] [229/293] Building C object CMakeFiles/app.dir/mnt/host/source/src/platform/ec/build/zephyr/spikyrock/modules/ec/common/ap_reset_log.c.obj
[spikyrock:ro] [230/293] Building C object CMakeFiles/app.dir/mnt/host/source/src/platform/ec/build/zephyr/spikyrock/modules/ec/common/memory_commands.c.obj
[spikyrock:rw] [206/294] cd /mnt/host/source/src/platform/ec/build/zephyr/spikyrock/build-rw/modules/ec/zephyr && PYTHONPATH=/mnt/host/source/src/platform/ec/build/zephyr/spikyrock/modules/ec/zephyr/zmake/ /usr/bin/python3.11 /mnt/host/source/src/platform/ec/build/zephyr/spikyrock/modules/ec/zephyr/zmake/zephyr_build_tools/generate_ec_version.py /mnt/host/source/src/platform/ec/build/zephyr/spikyrock/build-rw/modules/ec/zephyr/include/ec_version.h --name Zephyr-Kernel --version 16543.0.0 --static
[spikyrock:rw] INFO:root:Using a static version string
[spikyrock:ro] [231/293] Building C object CMakeFiles/app.dir/mnt/host/source/src/platform/ec/build/zephyr/spikyrock/modules/ec/common/host_command.c.obj
[spikyrock:ro] [232/293] Building C object CMakeFiles/app.dir/mnt/host/source/src/platform/ec/build/zephyr/spikyrock/modules/ec/third_party/boringssl/common/curve25519-generic.c.obj
[spikyrock:rw] INFO:root:Version string: Zephyr-Kernel-16543.0.0
[spikyrock:rw] INFO:root:Writing header to /mnt/host/source/src/platform/ec/build/zephyr/spikyrock/build-rw/modules/ec/zephyr/include/ec_version.h
[spikyrock:rw] [207/294] Building C object modules/ec/zephyr/CMakeFiles/ec_shim.dir/shim/src/i2c.c.obj
[quandiso2:rw] [13/404] Building C object zephyr/CMakeFiles/zephyr.dir/lib/os/cbprintf_packaged.c.obj
[spikyrock:ro] [233/293] Building C object CMakeFiles/app.dir/mnt/host/source/src/platform/ec/build/zephyr/spikyrock/modules/ec/common/flash.c.obj
[spikyrock:ro] [234/293] Building C object CMakeFiles/app.dir/mnt/host/source/src/platform/ec/build/zephyr/spikyrock/modules/ec/common/host_command_task.c.obj
[spikyrock:rw] [208/294] Building C object modules/ec/zephyr/CMakeFiles/ec_shim.dir/shim/src/tasks.c.obj
[/mnt/host/source/src/platform/ec/build/zephyr/crystaldrift-lcov]   /mnt/host/source/src/platform/ec/build/zephyr/crystaldrift/build-ro/CMakeFiles/app.dir/mnt/host/source/src/platform/ec/build/zephyr/crystaldrift/modules/ec/common/cbi_config.c.gcno:no functions found
[/mnt/host/source/src/platform/ec/build/zephyr/crystaldrift-lcov] stderr:
[quandiso2:ro] [12/404] Building C object zephyr/CMakeFiles/zephyr.dir/lib/heap/heap.c.obj
[spikyrock:rw] [209/294] Building C object modules/ec/zephyr/CMakeFiles/ec_shim.dir/shim/src/watchdog.c.obj
[spikyrock:rw] [210/294] Building C object modules/ec/zephyr/CMakeFiles/ec_shim.dir/shim/src/usbc_stub.c.obj
[spikyrock:rw] [211/294] Building C object CMakeFiles/app.dir/mnt/host/source/src/platform/ec/zephyr/subsys/ap_pwrseq/ap_events.c.obj
[grogu:rw] [14/337] Building C object zephyr/CMakeFiles/zephyr.dir/lib/os/clock.c.obj
[spikyrock:ro] [235/293] Building C object CMakeFiles/app.dir/mnt/host/source/src/platform/ec/build/zephyr/spikyrock/modules/ec/common/uart_hostcmd.c.obj
[spikyrock:ro] [236/293] Building C object CMakeFiles/app.dir/mnt/host/source/src/platform/ec/build/zephyr/spikyrock/modules/ec/common/host_event_commands.c.obj
[spikyrock:ro] [237/293] Building C object CMakeFiles/app.dir/mnt/host/source/src/platform/ec/build/zephyr/spikyrock/modules/ec/common/uptime.c.obj
[quandiso2:rw] [14/404] Building C object zephyr/CMakeFiles/zephyr.dir/lib/os/clock.c.obj
[spikyrock:rw] [212/294] Building C object CMakeFiles/app.dir/mnt/host/source/src/platform/ec/zephyr/subsys/usbd_service/usbd_init.c.obj
[spikyrock:ro] [238/293] Building C object CMakeFiles/app.dir/mnt/host/source/src/platform/ec/build/zephyr/spikyrock/modules/ec/common/i2c_passthru.c.obj
[spikyrock:ro] [239/293] Building C object CMakeFiles/app.dir/mnt/host/source/src/platform/ec/build/zephyr/spikyrock/modules/ec/common/i2c_controller.c.obj
[/mnt/host/source/src/platform/ec/build/zephyr/crystaldrift-lcov]   /mnt/host/source/src/platform/ec/build/zephyr/crystaldrift/build-ro/CMakeFiles/app.dir/src/common.c.gcno:no functions found
[/mnt/host/source/src/platform/ec/build/zephyr/crystaldrift-lcov] stderr:
[quandiso2:ro] [13/404] Building C object zephyr/CMakeFiles/zephyr.dir/lib/os/cbprintf_packaged.c.obj
[spikyrock:ro] [240/293] Building C object CMakeFiles/app.dir/mnt/host/source/src/platform/ec/build/zephyr/spikyrock/modules/ec/common/keyboard_scan.c.obj
[spikyrock:rw] [213/294] Building C object CMakeFiles/app.dir/mnt/host/source/src/platform/ec/zephyr/subsys/usbd_service/usbd_hid_kb.c.obj
[spikyrock:rw] [214/294] Building C object CMakeFiles/app.dir/mnt/host/source/src/platform/ec/zephyr/subsys/usbd_service/usbd_hid_tp.c.obj
[spikyrock:rw] [215/294] Building C object CMakeFiles/app.dir/mnt/host/source/src/platform/ec/zephyr/subsys/usbd_service/hid_vivaldi.c.obj
[grogu:rw] [15/337] Building C object zephyr/CMakeFiles/zephyr.dir/lib/os/printk.c.obj
[spikyrock:ro] [241/293] Building C object CMakeFiles/app.dir/mnt/host/source/src/platform/ec/build/zephyr/spikyrock/modules/ec/common/rsa.c.obj
[spikyrock:ro] [242/293] Building C object CMakeFiles/app.dir/mnt/host/source/src/platform/ec/build/zephyr/spikyrock/modules/ec/common/panic_output.c.obj
[spikyrock:rw] [216/294] Building C object CMakeFiles/app.dir/mnt/host/source/src/platform/ec/zephyr/subsys/usbd_service/usbd_google_update.c.obj
[quandiso2:rw] [15/404] Building C object zephyr/CMakeFiles/zephyr.dir/lib/os/printk.c.obj
[spikyrock:ro] [243/293] Building C object CMakeFiles/app.dir/mnt/host/source/src/platform/ec/build/zephyr/spikyrock/modules/ec/common/vboot/vb21_lib.c.obj
[spikyrock:ro] [244/293] Building C object CMakeFiles/app.dir/mnt/host/source/src/platform/ec/build/zephyr/spikyrock/modules/ec/common/vboot/common.c.obj
[quandiso2:ro] [14/404] Building C object zephyr/CMakeFiles/zephyr.dir/lib/os/clock.c.obj
[spikyrock:rw] [217/294] Building C object CMakeFiles/app.dir/mnt/host/source/src/platform/ec/zephyr/subsys/usbd_service/usbd_google_i2c.c.obj
[spikyrock:ro] [245/293] Building C object CMakeFiles/app.dir/mnt/host/source/src/platform/ec/build/zephyr/spikyrock/modules/ec/common/rwsig.c.obj
[spikyrock:rw] [218/294] Building C object CMakeFiles/app.dir/mnt/host/source/src/platform/ec/build/zephyr/spikyrock/modules/ec/builtin/stdlib.c.obj
[spikyrock:ro] [246/293] Building C object CMakeFiles/app.dir/mnt/host/source/src/platform/ec/build/zephyr/spikyrock/modules/ec/common/rollback.c.obj
[spikyrock:rw] [219/294] Building C object CMakeFiles/app.dir/mnt/host/source/src/platform/ec/build/zephyr/spikyrock/modules/ec/common/base32.c.obj
[spikyrock:rw] [220/294] Building C object CMakeFiles/app.dir/mnt/host/source/src/platform/ec/build/zephyr/spikyrock/modules/ec/common/console_output.c.obj
[grogu:rw] [16/337] Building C object zephyr/CMakeFiles/zephyr.dir/lib/os/sem.c.obj
[spikyrock:ro] [247/293] Building C object CMakeFiles/app.dir/mnt/host/source/src/platform/ec/build/zephyr/spikyrock/modules/ec/common/shared_mem.c.obj
[spikyrock:ro] [248/293] Building C object CMakeFiles/app.dir/mnt/host/source/src/platform/ec/build/zephyr/spikyrock/modules/ec/common/sha256.c.obj
[spikyrock:rw] [221/294] Building C object CMakeFiles/app.dir/mnt/host/source/src/platform/ec/build/zephyr/spikyrock/modules/ec/common/ec_features.c.obj
[spikyrock:ro] [249/293] Building C object CMakeFiles/app.dir/mnt/host/source/src/platform/ec/build/zephyr/spikyrock/modules/ec/common/timer.c.obj
[quandiso2:rw] [16/404] Building C object zephyr/CMakeFiles/zephyr.dir/lib/os/sem.c.obj
[spikyrock:ro] [250/293] Building C object CMakeFiles/app.dir/mnt/host/source/src/platform/ec/build/zephyr/spikyrock/modules/ec/common/usb_i2c.c.obj
[quandiso2:ro] [15/404] Building C object zephyr/CMakeFiles/zephyr.dir/lib/os/printk.c.obj
[/mnt/host/source/src/platform/ec/build/zephyr/crystaldrift-lcov]   /mnt/host/source/src/platform/ec/build/zephyr/crystaldrift/build-ro/zephyr/arch/arch/arm/core/mpu/CMakeFiles/arch__arm__core__mpu.dir/arm_mpu_regions.c.gcno:no functions found
[/mnt/host/source/src/platform/ec/build/zephyr/crystaldrift-lcov] stderr:
[spikyrock:ro] [251/293] Building C object CMakeFiles/app.dir/mnt/host/source/src/platform/ec/build/zephyr/spikyrock/modules/ec/common/queue_policies.c.obj
[spikyrock:ro] [252/293] Building C object CMakeFiles/app.dir/src/fakes.c.obj
[spikyrock:rw] [222/294] Building C object CMakeFiles/app.dir/mnt/host/source/src/platform/ec/build/zephyr/spikyrock/modules/ec/common/peripheral.c.obj
[grogu:rw] [17/337] Building C object zephyr/CMakeFiles/zephyr.dir/lib/os/thread_entry.c.obj
[spikyrock:ro] [253/293] Building C object CMakeFiles/app.dir/src/one_wire.c.obj
[spikyrock:rw] [223/294] Building C object CMakeFiles/app.dir/mnt/host/source/src/platform/ec/build/zephyr/spikyrock/modules/ec/common/gpio_commands.c.obj
[spikyrock:rw] [224/294] Building C object CMakeFiles/app.dir/mnt/host/source/src/platform/ec/build/zephyr/spikyrock/modules/ec/common/queue.c.obj
[spikyrock:rw] [225/294] Building C object CMakeFiles/app.dir/mnt/host/source/src/platform/ec/build/zephyr/spikyrock/modules/ec/common/printf.c.obj
[spikyrock:ro] [254/293] Building C object CMakeFiles/app.dir/mnt/host/source/src/platform/ec/build/zephyr/spikyrock/modules/ec/common/update_fw.c.obj
[spikyrock:ro] [255/293] Linking C static library modules/ec/zephyr/libec_shim.a
[spikyrock:ro] [256/293] Building C object CMakeFiles/app.dir/mnt/host/source/src/platform/ec/build/zephyr/spikyrock/modules/ec/common/usb_update.c.obj
[/mnt/host/source/src/platform/ec/build/zephyr/crystaldrift-lcov]   /mnt/host/source/src/platform/ec/build/zephyr/crystaldrift/build-ro/zephyr/arch/common/CMakeFiles/isr_tables.dir/isr_tables.c.gcno:no functions found
[/mnt/host/source/src/platform/ec/build/zephyr/crystaldrift-lcov] stderr:
[quandiso2:rw] [17/404] Building C object zephyr/CMakeFiles/zephyr.dir/lib/os/thread_entry.c.obj
[spikyrock:ro] [257/293] Building C object CMakeFiles/app.dir/mnt/host/source/src/platform/ec/build/zephyr/spikyrock/modules/ec/common/math_util.c.obj
[quandiso2:ro] [16/404] Building C object zephyr/CMakeFiles/zephyr.dir/lib/os/sem.c.obj
[spikyrock:ro] [258/293] Building C object CMakeFiles/app.dir/mnt/host/source/src/platform/ec/build/zephyr/spikyrock/modules/ec/driver/touchpad_elan.c.obj
[spikyrock:rw] [226/294] Building C object CMakeFiles/app.dir/mnt/host/source/src/platform/ec/build/zephyr/spikyrock/modules/ec/common/system_boot_time.c.obj
[spikyrock:ro] [259/293] Building C object CMakeFiles/app.dir/spikyrock/src/board.c.obj
[grogu:rw] [18/337] Building C object zephyr/CMakeFiles/zephyr.dir/lib/os/cbprintf_nano.c.obj
[spikyrock:rw] [227/294] Building C object CMakeFiles/app.dir/mnt/host/source/src/platform/ec/build/zephyr/spikyrock/modules/ec/common/uart_printf.c.obj
[spikyrock:ro] [260/293] Building C object CMakeFiles/app.dir/spikyrock/src/keyboard.c.obj
[spikyrock:rw] [228/294] Building C object CMakeFiles/app.dir/mnt/host/source/src/platform/ec/build/zephyr/spikyrock/modules/ec/common/system.c.obj
[spikyrock:ro] [261/293] Building C object zephyr/kernel/CMakeFiles/kernel.dir/busy_wait.c.obj
[spikyrock:rw] [229/294] Building C object CMakeFiles/app.dir/mnt/host/source/src/platform/ec/build/zephyr/spikyrock/modules/ec/common/version.c.obj
[spikyrock:rw] [230/294] Building C object CMakeFiles/app.dir/mnt/host/source/src/platform/ec/build/zephyr/spikyrock/modules/ec/common/util.c.obj
[spikyrock:ro] [262/293] Linking C static library app/libapp.a
[spikyrock:ro] [263/293] Building C object zephyr/kernel/CMakeFiles/kernel.dir/banner.c.obj
[spikyrock:ro] [264/293] Building C object zephyr/kernel/CMakeFiles/kernel.dir/device.c.obj
[quandiso2:rw] [18/404] Building C object zephyr/CMakeFiles/zephyr.dir/lib/os/cbprintf_nano.c.obj
[spikyrock:ro] [265/293] Building C object zephyr/kernel/CMakeFiles/kernel.dir/errno.c.obj
[quandiso2:ro] [17/404] Building C object zephyr/CMakeFiles/zephyr.dir/lib/os/thread_entry.c.obj
[/mnt/host/source/src/platform/ec/build/zephyr/skywalker-tps6699x-lcov]   /mnt/host/source/src/platform/ec/build/zephyr/skywalker-tps6699x/build-ro/modules/ec/zephyr/CMakeFiles/ec_shim.dir/shim/src/keyscan.c.gcno:no functions found
[/mnt/host/source/src/platform/ec/build/zephyr/skywalker-tps6699x-lcov] stderr:
[spikyrock:rw] [231/294] Building C object CMakeFiles/app.dir/mnt/host/source/src/platform/ec/build/zephyr/spikyrock/modules/ec/third_party/boringssl/common/curve25519.c.obj
[spikyrock:ro] [266/293] Building C object zephyr/kernel/CMakeFiles/kernel.dir/version.c.obj
[spikyrock:ro] [267/293] Building C object zephyr/kernel/CMakeFiles/kernel.dir/fatal.c.obj
[grogu:rw] [19/337] Building C object zephyr/CMakeFiles/zephyr.dir/lib/os/cbprintf.c.obj
[quandiso2:rw] [19/404] Building C object zephyr/CMakeFiles/zephyr.dir/lib/os/cbprintf.c.obj
[spikyrock:rw] [232/294] Building C object CMakeFiles/app.dir/mnt/host/source/src/platform/ec/build/zephyr/spikyrock/modules/ec/common/ap_reset_log.c.obj
[spikyrock:ro] [268/293] Building C object zephyr/kernel/CMakeFiles/kernel.dir/kheap.c.obj
[spikyrock:ro] [269/293] Building C object zephyr/kernel/CMakeFiles/kernel.dir/init.c.obj
[spikyrock:rw] [233/294] Building C object CMakeFiles/app.dir/mnt/host/source/src/platform/ec/build/zephyr/spikyrock/modules/ec/third_party/boringssl/common/curve25519-generic.c.obj
[spikyrock:ro] [270/293] Building C object zephyr/kernel/CMakeFiles/kernel.dir/mem_slab.c.obj
[quandiso2:ro] [18/404] Building C object zephyr/CMakeFiles/zephyr.dir/lib/os/cbprintf_nano.c.obj
[spikyrock:ro] [271/293] Building C object zephyr/kernel/CMakeFiles/kernel.dir/float.c.obj
[spikyrock:rw] [234/294] Building C object CMakeFiles/app.dir/mnt/host/source/src/platform/ec/build/zephyr/spikyrock/modules/ec/common/memory_commands.c.obj
[grogu:rw] [20/337] Building C object zephyr/CMakeFiles/zephyr.dir/lib/os/assert.c.obj
[spikyrock:ro] [272/293] Building C object zephyr/kernel/CMakeFiles/kernel.dir/idle.c.obj
[spikyrock:ro] [273/293] Building C object zephyr/kernel/CMakeFiles/kernel.dir/mailbox.c.obj
[spikyrock:rw] [235/294] Building C object CMakeFiles/app.dir/mnt/host/source/src/platform/ec/build/zephyr/spikyrock/modules/ec/common/flash.c.obj
[spikyrock:rw] [236/294] Building C object CMakeFiles/app.dir/mnt/host/source/src/platform/ec/build/zephyr/spikyrock/modules/ec/common/host_command.c.obj
[quandiso2:rw] [20/404] Building C object zephyr/CMakeFiles/zephyr.dir/lib/os/assert.c.obj
[quandiso2:ro] [19/404] Building C object zephyr/CMakeFiles/zephyr.dir/lib/os/cbprintf.c.obj
[grogu:rw] [21/337] Building C object zephyr/CMakeFiles/zephyr.dir/lib/utils/dec.c.obj
[spikyrock:ro] [274/293] Building C object zephyr/kernel/CMakeFiles/kernel.dir/msg_q.c.obj
[spikyrock:rw] [237/294] Building C object CMakeFiles/app.dir/mnt/host/source/src/platform/ec/build/zephyr/spikyrock/modules/ec/common/host_command_task.c.obj
[spikyrock:ro] [275/293] Building C object zephyr/kernel/CMakeFiles/kernel.dir/mutex.c.obj
[spikyrock:ro] [276/293] Building C object zephyr/kernel/CMakeFiles/kernel.dir/sem.c.obj
[spikyrock:rw] [238/294] Building C object CMakeFiles/app.dir/mnt/host/source/src/platform/ec/build/zephyr/spikyrock/modules/ec/common/uart_hostcmd.c.obj
[quandiso2:rw] [21/404] Building C object zephyr/CMakeFiles/zephyr.dir/lib/utils/dec.c.obj
[spikyrock:rw] [239/294] Building C object CMakeFiles/app.dir/mnt/host/source/src/platform/ec/build/zephyr/spikyrock/modules/ec/common/host_event_commands.c.obj
[grogu:rw] [22/337] Building C object zephyr/CMakeFiles/zephyr.dir/lib/utils/hex.c.obj
[spikyrock:ro] [277/293] Building C object zephyr/kernel/CMakeFiles/kernel.dir/queue.c.obj
[spikyrock:ro] [278/293] Building C object zephyr/kernel/CMakeFiles/kernel.dir/system_work_q.c.obj
[spikyrock:ro] [279/293] Building C object zephyr/kernel/CMakeFiles/kernel.dir/stack.c.obj
[quandiso2:rw] [22/404] Building C object zephyr/CMakeFiles/zephyr.dir/lib/utils/hex.c.obj
[spikyrock:rw] [240/294] Building C object CMakeFiles/app.dir/mnt/host/source/src/platform/ec/build/zephyr/spikyrock/modules/ec/common/uptime.c.obj
[spikyrock:rw] [241/294] Building C object CMakeFiles/app.dir/mnt/host/source/src/platform/ec/build/zephyr/spikyrock/modules/ec/common/i2c_controller.c.obj
[quandiso2:ro] [20/404] Building C object zephyr/CMakeFiles/zephyr.dir/lib/os/assert.c.obj
[spikyrock:ro] [280/293] Building C object zephyr/kernel/CMakeFiles/kernel.dir/condvar.c.obj
[quandiso2:ro] [21/404] Building C object zephyr/CMakeFiles/zephyr.dir/lib/utils/dec.c.obj
[spikyrock:ro] [281/293] Building C object zephyr/kernel/CMakeFiles/kernel.dir/thread.c.obj
[spikyrock:rw] [242/294] Building C object CMakeFiles/app.dir/mnt/host/source/src/platform/ec/build/zephyr/spikyrock/modules/ec/common/panic_output.c.obj
[spikyrock:ro] [282/293] Building C object zephyr/kernel/CMakeFiles/kernel.dir/work.c.obj
[spikyrock:rw] [243/294] Building C object CMakeFiles/app.dir/mnt/host/source/src/platform/ec/build/zephyr/spikyrock/modules/ec/common/i2c_passthru.c.obj
[spikyrock:ro] [283/293] Building C object zephyr/kernel/CMakeFiles/kernel.dir/spinlock_validate.c.obj
[spikyrock:ro] [284/293] Building C object zephyr/kernel/CMakeFiles/kernel.dir/pipe.c.obj
[spikyrock:rw] [244/294] Building C object CMakeFiles/app.dir/mnt/host/source/src/platform/ec/build/zephyr/spikyrock/modules/ec/common/keyboard_scan.c.obj
[grogu:rw] [23/337] Building C object zephyr/CMakeFiles/zephyr.dir/lib/utils/rb.c.obj
[quandiso2:ro] [22/404] Building C object zephyr/CMakeFiles/zephyr.dir/lib/utils/hex.c.obj
[quandiso2:rw] [23/404] Building C object zephyr/CMakeFiles/zephyr.dir/lib/utils/rb.c.obj
[spikyrock:rw] [245/294] Building C object CMakeFiles/app.dir/mnt/host/source/src/platform/ec/build/zephyr/spikyrock/modules/ec/common/vboot/vb21_lib.c.obj
[spikyrock:ro] [285/293] Building C object zephyr/kernel/CMakeFiles/kernel.dir/sched.c.obj
[spikyrock:ro] [286/293] Building C object zephyr/kernel/CMakeFiles/kernel.dir/thread_monitor.c.obj
[spikyrock:rw] [246/294] Building C object CMakeFiles/app.dir/mnt/host/source/src/platform/ec/build/zephyr/spikyrock/modules/ec/common/rollback.c.obj
[grogu:rw] [24/337] Building C object zephyr/CMakeFiles/zephyr.dir/lib/utils/timeutil.c.obj
[quandiso2:rw] [24/404] Building C object zephyr/CMakeFiles/zephyr.dir/lib/utils/timeutil.c.obj
[spikyrock:ro] [287/293] Building C object zephyr/kernel/CMakeFiles/kernel.dir/timer.c.obj
[spikyrock:ro] [288/293] Building C object zephyr/kernel/CMakeFiles/kernel.dir/timeout.c.obj
[grogu:ro] Building: /usr/bin/ninja -C /mnt/host/source/src/platform/ec/build/zephyr/grogu/build-ro all.libraries
Running `env -i SHELL=/bin/bash COLORTERM=truecolor DEPOT_TOOLS_UPDATE=0 LESS='-R -M --shift 5' SUDO_GID=0 JDK_HOME=/etc/java-config-2/current-system-vm CONFIG_PROTECT_MASK='/etc/gentoo-release /etc/sandbox.d /etc/fonts/fonts.conf /etc/terminfo /etc/ca-certificates.conf /etc/revdep-rebuild' CHROMEOS_CACHEDIR=/var/cache/chromeos-cache JAVA_HOME=/etc/java-config-2/current-system-vm SSH_AUTH_SOCK=/tmp/ssh-auth-sock SUDO_COMMAND=/bin/bash SUDO_USER=root SUDO_TTY=/dev/pts/2 EDITOR=/usr/bin/vi PWD=/mnt/host/source/src/platform/ec CONFIG_PROTECT=/usr/share/gnupg/qualified.txt LOGNAME=jpmurphy MANPATH=/etc/java-config-2/current-system-vm/man:/usr/local/share/man:/usr/share/man:/usr/share/gcc-data/x86_64-pc-linux-gnu/10.2.0/man:/usr/share/binutils-data/x86_64-pc-linux-gnu/2.45/man:/etc/java-config-2/current-system-vm/man/ SUDO_HOME=/root XAUTHORITY=/run/user/944457/gdm/Xauthority HOME=/home/jpmurphy LANG=C.UTF-8 LS_COLORS='rs=0:di=01;34:ln=01;36:mh=00:pi=40;33:so=01;35:do=01;35:bd=40;33;01:cd=40;33;01:or=01;05;37;41:mi=01;05;37;41:su=37;41:sg=30;43:ca=30;41:tw=30;42:ow=34;42:st=37;44:ex=01;32:*.tar=01;31:*.tgz=01;31:*.arc=01;31:*.arj=01;31:*.taz=01;31:*.lha=01;31:*.lz4=01;31:*.lzh=01;31:*.lzma=01;31:*.tlz=01;31:*.txz=01;31:*.tzo=01;31:*.t7z=01;31:*.zip=01;31:*.z=01;31:*.dz=01;31:*.gz=01;31:*.lrz=01;31:*.lz=01;31:*.lzo=01;31:*.xz=01;31:*.zst=01;31:*.tzst=01;31:*.bz2=01;31:*.bz=01;31:*.tbz=01;31:*.tbz2=01;31:*.tz=01;31:*.deb=01;31:*.rpm=01;31:*.jar=01;31:*.war=01;31:*.ear=01;31:*.sar=01;31:*.rar=01;31:*.alz=01;31:*.ace=01;31:*.zoo=01;31:*.cpio=01;31:*.7z=01;31:*.rz=01;31:*.cab=01;31:*.wim=01;31:*.swm=01;31:*.dwm=01;31:*.esd=01;31:*.jpg=01;35:*.jpeg=01;35:*.mjpg=01;35:*.mjpeg=01;35:*.gif=01;35:*.bmp=01;35:*.pbm=01;35:*.pgm=01;35:*.ppm=01;35:*.tga=01;35:*.xbm=01;35:*.xpm=01;35:*.tif=01;35:*.tiff=01;35:*.png=01;35:*.svg=01;35:*.svgz=01;35:*.mng=01;35:*.pcx=01;35:*.mov=01;35:*.mpg=01;35:*.mpeg=01;35:*.m2v=01;35:*.mkv=01;35:*.webm=01;35:*.webp=01;35:*.ogm=01;35:*.mp4=01;35:*.m4v=01;35:*.mp4v=01;35:*.vob=01;35:*.qt=01;35:*.nuv=01;35:*.wmv=01;35:*.asf=01;35:*.rm=01;35:*.rmvb=01;35:*.flc=01;35:*.avi=01;35:*.fli=01;35:*.flv=01;35:*.gl=01;35:*.dl=01;35:*.xcf=01;35:*.xwd=01;35:*.yuv=01;35:*.cgm=01;35:*.emf=01;35:*.ogv=01;35:*.ogx=01;35:*.cfg=00;32:*.conf=00;32:*.diff=00;32:*.doc=00;32:*.ini=00;32:*.log=00;32:*.patch=00;32:*.pdf=00;32:*.ps=00;32:*.tex=00;32:*.txt=00;32:*.aac=00;36:*.au=00;36:*.flac=00;36:*.m4a=00;36:*.mid=00;36:*.midi=00;36:*.mka=00;36:*.mp3=00;36:*.mpc=00;36:*.ogg=00;36:*.ra=00;36:*.wav=00;36:*.oga=00;36:*.opus=00;36:*.spx=00;36:*.xspf=00;36:' XDG_CURRENT_DESKTOP=GNOME INFOPATH=/usr/share/info:/usr/share/gcc-data/x86_64-pc-linux-gnu/10.2.0/info:/usr/share/binutils-data/x86_64-pc-linux-gnu/2.45/info:/usr/share/automake-1.16.5/info JAVAC=/etc/java-config-2/current-system-vm/bin/javac TERM=xterm-256color LESSOPEN='|lesspipe %s' USER=jpmurphy CROS_WORKON_SRCROOT=/mnt/host/source MANPAGER=manpager DISPLAY=:1 SHLVL=1 LC_MESSAGES=C EXTERNAL_TRUNK_PATH=/mnt/8f9d649a-3721-44cc-93c0-e6bd21a9689f/chromiumos GCC_SPECS='' PATH=/mnt/host/source/chromite/bin:/usr/local/bin:/usr/bin:/bin:/opt/bin:/mnt/host/source/chromite/sdk/bin:/mnt/host/source/chromite/bin PORTAGE_USERNAME=jpmurphy SUDO_UID=0 GCC_VER=10.2.0 MAIL=/var/mail/jpmurphy OLDPWD=/mnt/host/source/src/scripts traceparent=00-e87aca51550a78635907baa6a2476181-6d684811675d2973-01 _=./zephyr/firmware_builder.py COREBOOT_SDK_ROOT_x86=/home/jpmurphy/.cache/coreboot-sdk/i386-elf/dfbb0486385d938cfa9d73080b9d18d598ed4f49 COREBOOT_SDK_ROOT_picolibc_x86=/home/jpmurphy/.cache/coreboot-sdk/picolibc-i386-elf/eb8e8e687b95461de8cbf278f1c2076952d0ad17 COREBOOT_SDK_ROOT_riscv64=/home/jpmurphy/.cache/coreboot-sdk/riscv64-elf/96b949749225b6aaa92ed810ab769e8dfb12f000 COREBOOT_SDK_ROOT_picolibc_arm=/home/jpmurphy/.cache/coreboot-sdk/picolibc-arm-eabi/422a2aa3e1ef891b5bece9a3deb696ff83840d2e COREBOOT_SDK_ROOT_nds32=/home/jpmurphy/.cache/coreboot-sdk/nds32le-elf/d1a518c4a097666d86058e1444f85ca015d15511 COREBOOT_SDK_ROOT_picolibc_riscv64=/home/jpmurphy/.cache/coreboot-sdk/picolibc-riscv64-elf/f571e990ef0278564b31124f8bb109d9a697eb69 COREBOOT_SDK_ROOT_arm=/home/jpmurphy/.cache/coreboot-sdk/arm-eabi/ea40ddd1d190c3b48435c474c0b545719371813a COREBOOT_SDK_ROOT_libstdcxx_riscv64=/home/jpmurphy/.cache/coreboot-sdk/libstdcxx-riscv64-elf/17abf22a3a252e2d5d2062ced5324f7a623689e0 COREBOOT_SDK_ROOT_libstdcxx_arm=/home/jpmurphy/.cache/coreboot-sdk/libstdcxx-arm-eabi/5d7d82e150e44aa1968f1d366e267e6687b328ac COREBOOT_SDK_ROOT_riscv=/home/jpmurphy/.cache/coreboot-sdk/riscv-elf/9a27b9e82341c6e9126624f516ab3f261abb3e73 COREBOOT_SDK_ROOT_libstdcxx_x86=/home/jpmurphy/.cache/coreboot-sdk/libstdcxx-i386-elf/42ef9d2e87a76a37963175d7d428734e65648b87 PYTHONPATH=/mnt/host/source/src/platform/ec/zephyr/zmake PW_PIGWEED_CIPD_INSTALL_DIR=/usr CROSTC_USER_ACKNOWLEDGES_THAT_RISCV_IS_EXPERIMENTAL=1 MAKEFLAGS=' -j16 --jobserver-auth=5,6' /usr/bin/ninja -C /mnt/host/source/src/platform/ec/build/zephyr/grogu/build-ro all.libraries`
[spikyrock:ro] [289/293] Building C object zephyr/kernel/CMakeFiles/kernel.dir/events.c.obj
[grogu:ro] ninja: Entering directory `/mnt/host/source/src/platform/ec/build/zephyr/grogu/build-ro'
[spikyrock:rw] [247/294] Building C object CMakeFiles/app.dir/mnt/host/source/src/platform/ec/build/zephyr/spikyrock/modules/ec/common/sha256.c.obj
[spikyrock:ro] [290/293] Building C object zephyr/kernel/CMakeFiles/kernel.dir/poll.c.obj
[joxer:rw] Building: /usr/bin/ninja -C /mnt/host/source/src/platform/ec/build/zephyr/joxer/build-rw all.libraries
Running `env -i SHELL=/bin/bash COLORTERM=truecolor DEPOT_TOOLS_UPDATE=0 LESS='-R -M --shift 5' SUDO_GID=0 JDK_HOME=/etc/java-config-2/current-system-vm CONFIG_PROTECT_MASK='/etc/gentoo-release /etc/sandbox.d /etc/fonts/fonts.conf /etc/terminfo /etc/ca-certificates.conf /etc/revdep-rebuild' CHROMEOS_CACHEDIR=/var/cache/chromeos-cache JAVA_HOME=/etc/java-config-2/current-system-vm SSH_AUTH_SOCK=/tmp/ssh-auth-sock SUDO_COMMAND=/bin/bash SUDO_USER=root SUDO_TTY=/dev/pts/2 EDITOR=/usr/bin/vi PWD=/mnt/host/source/src/platform/ec CONFIG_PROTECT=/usr/share/gnupg/qualified.txt LOGNAME=jpmurphy MANPATH=/etc/java-config-2/current-system-vm/man:/usr/local/share/man:/usr/share/man:/usr/share/gcc-data/x86_64-pc-linux-gnu/10.2.0/man:/usr/share/binutils-data/x86_64-pc-linux-gnu/2.45/man:/etc/java-config-2/current-system-vm/man/ SUDO_HOME=/root XAUTHORITY=/run/user/944457/gdm/Xauthority HOME=/home/jpmurphy LANG=C.UTF-8 LS_COLORS='rs=0:di=01;34:ln=01;36:mh=00:pi=40;33:so=01;35:do=01;35:bd=40;33;01:cd=40;33;01:or=01;05;37;41:mi=01;05;37;41:su=37;41:sg=30;43:ca=30;41:tw=30;42:ow=34;42:st=37;44:ex=01;32:*.tar=01;31:*.tgz=01;31:*.arc=01;31:*.arj=01;31:*.taz=01;31:*.lha=01;31:*.lz4=01;31:*.lzh=01;31:*.lzma=01;31:*.tlz=01;31:*.txz=01;31:*.tzo=01;31:*.t7z=01;31:*.zip=01;31:*.z=01;31:*.dz=01;31:*.gz=01;31:*.lrz=01;31:*.lz=01;31:*.lzo=01;31:*.xz=01;31:*.zst=01;31:*.tzst=01;31:*.bz2=01;31:*.bz=01;31:*.tbz=01;31:*.tbz2=01;31:*.tz=01;31:*.deb=01;31:*.rpm=01;31:*.jar=01;31:*.war=01;31:*.ear=01;31:*.sar=01;31:*.rar=01;31:*.alz=01;31:*.ace=01;31:*.zoo=01;31:*.cpio=01;31:*.7z=01;31:*.rz=01;31:*.cab=01;31:*.wim=01;31:*.swm=01;31:*.dwm=01;31:*.esd=01;31:*.jpg=01;35:*.jpeg=01;35:*.mjpg=01;35:*.mjpeg=01;35:*.gif=01;35:*.bmp=01;35:*.pbm=01;35:*.pgm=01;35:*.ppm=01;35:*.tga=01;35:*.xbm=01;35:*.xpm=01;35:*.tif=01;35:*.tiff=01;35:*.png=01;35:*.svg=01;35:*.svgz=01;35:*.mng=01;35:*.pcx=01;35:*.mov=01;35:*.mpg=01;35:*.mpeg=01;35:*.m2v=01;35:*.mkv=01;35:*.webm=01;35:*.webp=01;35:*.ogm=01;35:*.mp4=01;35:*.m4v=01;35:*.mp4v=01;35:*.vob=01;35:*.qt=01;35:*.nuv=01;35:*.wmv=01;35:*.asf=01;35:*.rm=01;35:*.rmvb=01;35:*.flc=01;35:*.avi=01;35:*.fli=01;35:*.flv=01;35:*.gl=01;35:*.dl=01;35:*.xcf=01;35:*.xwd=01;35:*.yuv=01;35:*.cgm=01;35:*.emf=01;35:*.ogv=01;35:*.ogx=01;35:*.cfg=00;32:*.conf=00;32:*.diff=00;32:*.doc=00;32:*.ini=00;32:*.log=00;32:*.patch=00;32:*.pdf=00;32:*.ps=00;32:*.tex=00;32:*.txt=00;32:*.aac=00;36:*.au=00;36:*.flac=00;36:*.m4a=00;36:*.mid=00;36:*.midi=00;36:*.mka=00;36:*.mp3=00;36:*.mpc=00;36:*.ogg=00;36:*.ra=00;36:*.wav=00;36:*.oga=00;36:*.opus=00;36:*.spx=00;36:*.xspf=00;36:' XDG_CURRENT_DESKTOP=GNOME INFOPATH=/usr/share/info:/usr/share/gcc-data/x86_64-pc-linux-gnu/10.2.0/info:/usr/share/binutils-data/x86_64-pc-linux-gnu/2.45/info:/usr/share/automake-1.16.5/info JAVAC=/etc/java-config-2/current-system-vm/bin/javac TERM=xterm-256color LESSOPEN='|lesspipe %s' USER=jpmurphy CROS_WORKON_SRCROOT=/mnt/host/source MANPAGER=manpager DISPLAY=:1 SHLVL=1 LC_MESSAGES=C EXTERNAL_TRUNK_PATH=/mnt/8f9d649a-3721-44cc-93c0-e6bd21a9689f/chromiumos GCC_SPECS='' PATH=/mnt/host/source/chromite/bin:/usr/local/bin:/usr/bin:/bin:/opt/bin:/mnt/host/source/chromite/sdk/bin:/mnt/host/source/chromite/bin PORTAGE_USERNAME=jpmurphy SUDO_UID=0 GCC_VER=10.2.0 MAIL=/var/mail/jpmurphy OLDPWD=/mnt/host/source/src/scripts traceparent=00-e87aca51550a78635907baa6a2476181-6d684811675d2973-01 _=./zephyr/firmware_builder.py COREBOOT_SDK_ROOT_x86=/home/jpmurphy/.cache/coreboot-sdk/i386-elf/dfbb0486385d938cfa9d73080b9d18d598ed4f49 COREBOOT_SDK_ROOT_picolibc_x86=/home/jpmurphy/.cache/coreboot-sdk/picolibc-i386-elf/eb8e8e687b95461de8cbf278f1c2076952d0ad17 COREBOOT_SDK_ROOT_riscv64=/home/jpmurphy/.cache/coreboot-sdk/riscv64-elf/96b949749225b6aaa92ed810ab769e8dfb12f000 COREBOOT_SDK_ROOT_picolibc_arm=/home/jpmurphy/.cache/coreboot-sdk/picolibc-arm-eabi/422a2aa3e1ef891b5bece9a3deb696ff83840d2e COREBOOT_SDK_ROOT_nds32=/home/jpmurphy/.cache/coreboot-sdk/nds32le-elf/d1a518c4a097666d86058e1444f85ca015d15511 COREBOOT_SDK_ROOT_picolibc_riscv64=/home/jpmurphy/.cache/coreboot-sdk/picolibc-riscv64-elf/f571e990ef0278564b31124f8bb109d9a697eb69 COREBOOT_SDK_ROOT_arm=/home/jpmurphy/.cache/coreboot-sdk/arm-eabi/ea40ddd1d190c3b48435c474c0b545719371813a COREBOOT_SDK_ROOT_libstdcxx_riscv64=/home/jpmurphy/.cache/coreboot-sdk/libstdcxx-riscv64-elf/17abf22a3a252e2d5d2062ced5324f7a623689e0 COREBOOT_SDK_ROOT_libstdcxx_arm=/home/jpmurphy/.cache/coreboot-sdk/libstdcxx-arm-eabi/5d7d82e150e44aa1968f1d366e267e6687b328ac COREBOOT_SDK_ROOT_riscv=/home/jpmurphy/.cache/coreboot-sdk/riscv-elf/9a27b9e82341c6e9126624f516ab3f261abb3e73 COREBOOT_SDK_ROOT_libstdcxx_x86=/home/jpmurphy/.cache/coreboot-sdk/libstdcxx-i386-elf/42ef9d2e87a76a37963175d7d428734e65648b87 PYTHONPATH=/mnt/host/source/src/platform/ec/zephyr/zmake PW_PIGWEED_CIPD_INSTALL_DIR=/usr CROSTC_USER_ACKNOWLEDGES_THAT_RISCV_IS_EXPERIMENTAL=1 MAKEFLAGS=' -j16 --jobserver-auth=5,6' /usr/bin/ninja -C /mnt/host/source/src/platform/ec/build/zephyr/joxer/build-rw all.libraries`
[joxer:rw] ninja: Entering directory `/mnt/host/source/src/platform/ec/build/zephyr/joxer/build-rw'
[spikyrock:rw] [248/294] Building C object CMakeFiles/app.dir/mnt/host/source/src/platform/ec/build/zephyr/spikyrock/modules/ec/common/shared_mem.c.obj
[/mnt/host/source/src/platform/ec/build/zephyr/crystaldrift-lcov]   /mnt/host/source/src/platform/ec/build/zephyr/crystaldrift/build-ro/zephyr/CMakeFiles/zephyr.dir/subsys/shell/modules/kernel_service/kernel_shell.c.gcno:no functions found
[/mnt/host/source/src/platform/ec/build/zephyr/crystaldrift-lcov] stderr:
[quandiso2:rw] [25/404] Building C object zephyr/CMakeFiles/zephyr.dir/lib/utils/bitmask.c.obj
[spikyrock:rw] [249/294] Building C object CMakeFiles/app.dir/mnt/host/source/src/platform/ec/build/zephyr/spikyrock/modules/ec/common/timer.c.obj
[quandiso2:ro] [23/404] Building C object zephyr/CMakeFiles/zephyr.dir/lib/utils/rb.c.obj
[spikyrock:ro] [291/293] Building C object zephyr/kernel/CMakeFiles/kernel.dir/dynamic_disabled.c.obj
[grogu:ro] [1/337] Preparing syscall dependency handling
[spikyrock:rw] [250/294] Building C object CMakeFiles/app.dir/mnt/host/source/src/platform/ec/build/zephyr/spikyrock/modules/ec/common/usb_i2c.c.obj
[spikyrock:ro] [292/293] Building C object zephyr/kernel/CMakeFiles/kernel.dir/mempool.c.obj
[grogu:ro] [2/337] Generating misc/generated/syscalls_subdirs.trigger
[joxer:rw] [1/404] Preparing syscall dependency handling
[/mnt/host/source/src/platform/ec/build/zephyr/crystaldrift-lcov]   /mnt/host/source/src/platform/ec/build/zephyr/crystaldrift/build-ro/zephyr/CMakeFiles/zephyr.dir/lib/libc/validate_libc.c.gcno:no functions found
[/mnt/host/source/src/platform/ec/build/zephyr/crystaldrift-lcov] stderr:
[spikyrock:rw] [251/294] Building C object CMakeFiles/app.dir/mnt/host/source/src/platform/ec/build/zephyr/spikyrock/modules/ec/common/queue_policies.c.obj
[quandiso2:rw] [26/404] Building C object zephyr/CMakeFiles/zephyr.dir/lib/utils/bitarray.c.obj
[joxer:rw] [2/404] Generating misc/generated/syscalls_subdirs.trigger
[spikyrock:ro] [293/293] Linking C static library zephyr/kernel/libkernel.a
[quandiso2:ro] [24/404] Building C object zephyr/CMakeFiles/zephyr.dir/lib/utils/timeutil.c.obj
[grogu:ro] [3/337] Generating include/generated/zephyr/version.h
[grogu:rw] [25/337] Building C object zephyr/CMakeFiles/zephyr.dir/lib/utils/bitarray.c.obj
[spikyrock:rw] [252/294] Building C object CMakeFiles/app.dir/src/fakes.c.obj
[grogu:ro] -- git describe warned: warning: tag 'upstream/v2.7.99' is externally known as 'v2.7.99'
[grogu:ro] -- Zephyr version: 4.3.99 (/mnt/host/source/src/third_party/zephyr/main)
[grogu:ro] [4/337] cd /mnt/host/source/src/platform/ec/build/zephyr/grogu/build-ro/modules/ec/zephyr && PYTHONPATH=/mnt/host/source/src/platform/ec/build/zephyr/grogu/modules/ec/zephyr/zmake/ /usr/bin/python3.11 /mnt/host/source/src/platform/ec/build/zephyr/grogu/modules/ec/zephyr/zmake/zephyr_build_tools/generate_ec_version.py /mnt/host/source/src/platform/ec/build/zephyr/grogu/build-ro/modules/ec/zephyr/include/ec_version.h --name Zephyr-Kernel --version 16543.0.0 --static
[spikyrock:rw] [253/294] Building C object CMakeFiles/app.dir/src/one_wire.c.obj
[spikyrock:rw] [254/294] Building C object CMakeFiles/app.dir/mnt/host/source/src/platform/ec/build/zephyr/spikyrock/modules/ec/common/update_fw.c.obj
[spikyrock:rw] [255/294] Building C object CMakeFiles/app.dir/mnt/host/source/src/platform/ec/build/zephyr/spikyrock/modules/ec/common/usb_update.c.obj
[joxer:rw] [3/404] Generating include/generated/zephyr/version.h
[quandiso2:rw] [27/404] Building C object zephyr/CMakeFiles/zephyr.dir/lib/utils/getopt/getopt.c.obj
[grogu:rw] [26/337] Building C object zephyr/CMakeFiles/zephyr.dir/lib/utils/bitmask.c.obj
[spikyrock:rw] [256/294] Linking C static library modules/ec/zephyr/libec_shim.a
[joxer:rw] -- git describe warned: warning: tag 'upstream/v2.7.99' is externally known as 'v2.7.99'
[joxer:rw] -- Zephyr version: 4.3.99 (/mnt/host/source/src/third_party/zephyr/main)
[joxer:rw] [4/404] cd /mnt/host/source/src/platform/ec/build/zephyr/joxer/build-rw/modules/ec/zephyr && PYTHONPATH=/mnt/host/source/src/platform/ec/build/zephyr/joxer/modules/ec/zephyr/zmake/ /usr/bin/python3.11 /mnt/host/source/src/platform/ec/build/zephyr/joxer/modules/ec/zephyr/zmake/zephyr_build_tools/generate_ec_version.py /mnt/host/source/src/platform/ec/build/zephyr/joxer/build-rw/modules/ec/zephyr/include/ec_version.h --name Zephyr-Kernel --version 16543.0.0 --static
[joxer:rw] INFO:root:Using a static version string
[spikyrock:rw] [257/294] Building C object CMakeFiles/app.dir/mnt/host/source/src/platform/ec/build/zephyr/spikyrock/modules/ec/driver/touchpad_elan.c.obj
[spikyrock:rw] [258/294] Building C object CMakeFiles/app.dir/mnt/host/source/src/platform/ec/build/zephyr/spikyrock/modules/ec/common/math_util.c.obj
[/mnt/host/source/src/platform/ec/build/zephyr/skywalker-tps6699x-lcov]   /mnt/host/source/src/platform/ec/build/zephyr/skywalker-tps6699x/build-ro/CMakeFiles/app.dir/mnt/host/source/src/platform/ec/build/zephyr/skywalker-tps6699x/modules/ec/common/chargen.c.gcno:no functions found
[/mnt/host/source/src/platform/ec/build/zephyr/skywalker-tps6699x-lcov] stderr:
[quandiso2:rw] [28/404] Building C object zephyr/CMakeFiles/zephyr.dir/lib/utils/ring_buffer.c.obj
[quandiso2:rw] [29/404] Building C object zephyr/CMakeFiles/zephyr.dir/lib/utils/getopt/getopt_common.c.obj
[quandiso2:rw] [30/404] Building C object zephyr/CMakeFiles/zephyr.dir/lib/utils/last_section_id.c.obj
[quandiso2:ro] [25/404] Building C object zephyr/CMakeFiles/zephyr.dir/lib/utils/bitarray.c.obj
[spikyrock:rw] [259/294] Building C object CMakeFiles/app.dir/spikyrock/src/board.c.obj
[grogu:ro] INFO:root:Using a static version string
[grogu:ro] INFO:root:Version string: Zephyr-Kernel-16543.0.0
[grogu:ro] INFO:root:Writing header to /mnt/host/source/src/platform/ec/build/zephyr/grogu/build-ro/modules/ec/zephyr/include/ec_version.h
[grogu:ro] [5/337] Generating misc/generated/syscalls.json, misc/generated/struct_tags.json
[spikyrock:rw] [260/294] Building C object zephyr/kernel/CMakeFiles/kernel.dir/main_weak.c.obj
[spikyrock:rw] [261/294] Building C object CMakeFiles/app.dir/spikyrock/src/keyboard.c.obj
[quandiso2:rw] [31/404] Building C object zephyr/CMakeFiles/zephyr.dir/misc/generated/configs.c.obj
[joxer:rw] INFO:root:Version string: Zephyr-Kernel-16543.0.0
[joxer:rw] INFO:root:Writing header to /mnt/host/source/src/platform/ec/build/zephyr/joxer/build-rw/modules/ec/zephyr/include/ec_version.h
[joxer:rw] [5/404] Generating misc/generated/syscalls.json, misc/generated/struct_tags.json
[grogu:ro] [6/337] Generating include/generated/zephyr/syscall_dispatch.c, include/generated/zephyr/syscall_exports_llext.c, syscall_weakdefs_llext.c, include/generated/zephyr/syscall_list.h
[spikyrock:rw] [262/294] Linking C static library app/libapp.a
[grogu:rw] [27/337] Building C object zephyr/CMakeFiles/zephyr.dir/lib/utils/getopt/getopt.c.obj
[quandiso2:ro] [26/404] Building C object zephyr/CMakeFiles/zephyr.dir/lib/utils/bitmask.c.obj
[spikyrock:rw] [263/294] Building C object zephyr/kernel/CMakeFiles/kernel.dir/banner.c.obj
[joxer:rw] [6/404] Generating include/generated/zephyr/syscall_dispatch.c, include/generated/zephyr/syscall_exports_llext.c, syscall_weakdefs_llext.c, include/generated/zephyr/syscall_list.h
[grogu:ro] [7/337] Generating include/generated/zephyr/driver-validation.h
[spikyrock:rw] [264/294] Building C object zephyr/kernel/CMakeFiles/kernel.dir/busy_wait.c.obj
[quandiso2:rw] [32/404] Building ASM object zephyr/CMakeFiles/zephyr.dir/soc/ite/ec/common/soc_irq.S.obj
[grogu:rw] [28/337] Building C object zephyr/CMakeFiles/zephyr.dir/lib/utils/last_section_id.c.obj
[spikyrock:rw] [265/294] Building C object zephyr/kernel/CMakeFiles/kernel.dir/device.c.obj
[joxer:rw] [7/404] Generating include/generated/zephyr/driver-validation.h
[/mnt/host/source/src/platform/ec/build/zephyr/crystaldrift-lcov]   /mnt/host/source/src/platform/ec/build/zephyr/crystaldrift/build-ro/zephyr/CMakeFiles/zephyr.dir/lib/utils/last_section_id.c.gcno:no functions found
[/mnt/host/source/src/platform/ec/build/zephyr/crystaldrift-lcov] stderr:
[grogu:rw] [29/337] Building C object zephyr/CMakeFiles/zephyr.dir/lib/utils/ring_buffer.c.obj
[grogu:ro] [8/337] Generating include/generated/zephyr/kobj-types-enum.h, include/generated/zephyr/otype-to-str.h, include/generated/zephyr/otype-to-size.h
[spikyrock:rw] [266/294] Building C object zephyr/kernel/CMakeFiles/kernel.dir/errno.c.obj
[grogu:ro] [9/337] Generating include/generated/device-api-sections.ld, include/generated/device-api-sections.cmake
[grogu:rw] [30/337] Building C object zephyr/CMakeFiles/zephyr.dir/lib/utils/getopt/getopt_common.c.obj
[joxer:rw] [8/404] Generating include/generated/zephyr/kobj-types-enum.h, include/generated/zephyr/otype-to-str.h, include/generated/zephyr/otype-to-size.h
[quandiso2:rw] [33/404] Building C object zephyr/CMakeFiles/zephyr.dir/soc/ite/ec/common/soc_common_irq.c.obj
[spikyrock:rw] [267/294] Building C object zephyr/kernel/CMakeFiles/kernel.dir/fatal.c.obj
[joxer:rw] [9/404] Generating include/generated/device-api-sections.ld, include/generated/device-api-sections.cmake
[spikyrock:rw] [268/294] Building C object zephyr/kernel/CMakeFiles/kernel.dir/version.c.obj
[grogu:rw] [31/337] Building C object zephyr/CMakeFiles/zephyr.dir/misc/generated/configs.c.obj
[grogu:rw] [32/337] Building ASM object zephyr/CMakeFiles/zephyr.dir/soc/ite/ec/common/soc_irq.S.obj
[quandiso2:ro] [27/404] Building C object zephyr/CMakeFiles/zephyr.dir/lib/utils/getopt/getopt.c.obj
[spikyrock:rw] [269/294] Building C object zephyr/kernel/CMakeFiles/kernel.dir/init.c.obj
[quandiso2:rw] [34/404] Building C object zephyr/CMakeFiles/zephyr.dir/soc/ite/ec/common/power.c.obj
[spikyrock:rw] [270/294] Building C object zephyr/kernel/CMakeFiles/kernel.dir/mem_slab.c.obj
[spikyrock:rw] [271/294] Building C object zephyr/kernel/CMakeFiles/kernel.dir/kheap.c.obj
[spikyrock:rw] [272/294] Building C object zephyr/kernel/CMakeFiles/kernel.dir/float.c.obj
[grogu:rw] [33/337] Building C object zephyr/CMakeFiles/zephyr.dir/soc/ite/ec/common/soc_common_irq.c.obj
[quandiso2:rw] [35/404] Building C object zephyr/CMakeFiles/zephyr.dir/soc/ite/ec/common/policy.c.obj
[grogu:ro] [10/337] Building C object zephyr/CMakeFiles/offsets.dir/arch/riscv/core/offsets/offsets.c.obj
[spikyrock:rw] [273/294] Building C object zephyr/kernel/CMakeFiles/kernel.dir/idle.c.obj
[spikyrock:rw] [274/294] Building C object zephyr/kernel/CMakeFiles/kernel.dir/mailbox.c.obj
[grogu:rw] [34/337] Building C object zephyr/CMakeFiles/zephyr.dir/soc/ite/ec/common/power.c.obj
[spikyrock:rw] [275/294] Building C object zephyr/kernel/CMakeFiles/kernel.dir/msg_q.c.obj
[joxer:rw] [10/404] Building C object zephyr/CMakeFiles/offsets.dir/arch/riscv/core/offsets/offsets.c.obj
[grogu:ro] [11/337] Generating include/generated/zephyr/offsets.h
[quandiso2:ro] [28/404] Building C object zephyr/CMakeFiles/zephyr.dir/lib/utils/getopt/getopt_common.c.obj
[grogu:rw] [35/337] Building C object zephyr/CMakeFiles/zephyr.dir/soc/ite/ec/common/policy.c.obj
[quandiso2:rw] [36/404] Building C object zephyr/CMakeFiles/zephyr.dir/soc/ite/ec/it8xxx2/soc.c.obj
[spikyrock:rw] [276/294] Building C object zephyr/kernel/CMakeFiles/kernel.dir/queue.c.obj
[joxer:rw] [11/404] Generating include/generated/zephyr/offsets.h
[quandiso2:rw] [37/404] Building C object zephyr/CMakeFiles/zephyr.dir/soc/ite/ec/it8xxx2/check_regs.c.obj
[spikyrock:rw] [277/294] Building C object zephyr/kernel/CMakeFiles/kernel.dir/sem.c.obj
[spikyrock:rw] [278/294] Building C object zephyr/kernel/CMakeFiles/kernel.dir/mutex.c.obj
[quandiso2:ro] [29/404] Building C object zephyr/CMakeFiles/zephyr.dir/lib/utils/ring_buffer.c.obj
[spikyrock:rw] [279/294] Building C object zephyr/kernel/CMakeFiles/kernel.dir/system_work_q.c.obj
[grogu:rw] [36/337] Building ASM object zephyr/CMakeFiles/zephyr.dir/soc/ite/ec/it8xxx2/vector.S.obj
[quandiso2:rw] [38/404] Building ASM object zephyr/CMakeFiles/zephyr.dir/soc/ite/ec/it8xxx2/__arithmetic.S.obj
[quandiso2:rw] [39/404] Building ASM object zephyr/CMakeFiles/zephyr.dir/soc/ite/ec/it8xxx2/vector.S.obj
[grogu:rw] [37/337] Building C object zephyr/CMakeFiles/zephyr.dir/soc/ite/ec/it8xxx2/soc.c.obj
[grogu:rw] [38/337] Building C object zephyr/CMakeFiles/zephyr.dir/soc/ite/ec/it8xxx2/check_regs.c.obj
[quandiso2:ro] [30/404] Building C object zephyr/CMakeFiles/zephyr.dir/lib/utils/last_section_id.c.obj
[spikyrock:rw] [280/294] Building C object zephyr/kernel/CMakeFiles/kernel.dir/stack.c.obj
[quandiso2:ro] [31/404] Building C object zephyr/CMakeFiles/zephyr.dir/misc/generated/configs.c.obj
[grogu:ro] [12/337] Building C object CMakeFiles/app.dir/mnt/host/source/src/platform/ec/zephyr/subsys/ap_pwrseq/ap_events.c.obj
[joxer:rw] [12/404] Building C object CMakeFiles/app.dir/mnt/host/source/src/platform/ec/zephyr/subsys/ap_pwrseq/ap_events.c.obj
[spikyrock:rw] [281/294] Building C object zephyr/kernel/CMakeFiles/kernel.dir/condvar.c.obj
[spikyrock:rw] [282/294] Building C object zephyr/kernel/CMakeFiles/kernel.dir/work.c.obj
[spikyrock:rw] [283/294] Building C object zephyr/kernel/CMakeFiles/kernel.dir/thread.c.obj
[quandiso2:rw] [40/404] Building C object zephyr/CMakeFiles/zephyr.dir/subsys/logging/log_minimal.c.obj
[quandiso2:ro] [32/404] Building ASM object zephyr/CMakeFiles/zephyr.dir/soc/ite/ec/common/soc_irq.S.obj
[grogu:rw] [39/337] Building C object zephyr/CMakeFiles/zephyr.dir/soc/ite/ec/it8xxx2/ilm.c.obj
[grogu:rw] [40/337] Building C object zephyr/CMakeFiles/zephyr.dir/subsys/logging/log_minimal.c.obj
[quandiso2:rw] [41/404] Building C object zephyr/CMakeFiles/zephyr.dir/soc/ite/ec/it8xxx2/ilm.c.obj
[spikyrock:rw] [284/294] Building C object zephyr/kernel/CMakeFiles/kernel.dir/pipe.c.obj
[spikyrock:rw] [285/294] Building C object zephyr/kernel/CMakeFiles/kernel.dir/spinlock_validate.c.obj
[grogu:rw] [41/337] Building C object zephyr/CMakeFiles/zephyr.dir/subsys/pm/pm.c.obj
[spikyrock:rw] [286/294] Building C object zephyr/kernel/CMakeFiles/kernel.dir/sched.c.obj
[spikyrock:rw] [287/294] Building C object zephyr/kernel/CMakeFiles/kernel.dir/thread_monitor.c.obj
[spikyrock:rw] [288/294] Building C object zephyr/kernel/CMakeFiles/kernel.dir/timeout.c.obj
[quandiso2:rw] [42/404] Building C object zephyr/CMakeFiles/zephyr.dir/subsys/pm/state.c.obj
[grogu:rw] [42/337] Building C object zephyr/CMakeFiles/zephyr.dir/subsys/pm/state.c.obj
[spikyrock:rw] [289/294] Building C object zephyr/kernel/CMakeFiles/kernel.dir/timer.c.obj
[quandiso2:ro] [33/404] Building C object zephyr/CMakeFiles/zephyr.dir/soc/ite/ec/common/soc_common_irq.c.obj
[grogu:ro] [13/337] Building C object CMakeFiles/app.dir/mnt/host/source/src/platform/ec/zephyr/subsys/pd_controller/pdc_pmc_debug.c.obj
[joxer:rw] [13/404] Building C object CMakeFiles/app.dir/mnt/host/source/src/platform/ec/zephyr/subsys/ap_pwrseq/ap_power_interface.c.obj
[grogu:rw] [43/337] Building C object zephyr/CMakeFiles/zephyr.dir/subsys/pm/policy/policy_latency.c.obj
[spikyrock:rw] [290/294] Building C object zephyr/kernel/CMakeFiles/kernel.dir/events.c.obj
[quandiso2:rw] [43/404] Building C object zephyr/CMakeFiles/zephyr.dir/subsys/pm/pm.c.obj
[grogu:rw] [44/337] Building C object zephyr/CMakeFiles/zephyr.dir/subsys/pm/policy/policy_events.c.obj
[spikyrock:rw] [291/294] Building C object zephyr/kernel/CMakeFiles/kernel.dir/mempool.c.obj
[spikyrock:rw] [292/294] Building C object zephyr/kernel/CMakeFiles/kernel.dir/poll.c.obj
[joxer:ro] Building: /usr/bin/ninja -C /mnt/host/source/src/platform/ec/build/zephyr/joxer/build-ro all.libraries
Running `env -i SHELL=/bin/bash COLORTERM=truecolor DEPOT_TOOLS_UPDATE=0 LESS='-R -M --shift 5' SUDO_GID=0 JDK_HOME=/etc/java-config-2/current-system-vm CONFIG_PROTECT_MASK='/etc/gentoo-release /etc/sandbox.d /etc/fonts/fonts.conf /etc/terminfo /etc/ca-certificates.conf /etc/revdep-rebuild' CHROMEOS_CACHEDIR=/var/cache/chromeos-cache JAVA_HOME=/etc/java-config-2/current-system-vm SSH_AUTH_SOCK=/tmp/ssh-auth-sock SUDO_COMMAND=/bin/bash SUDO_USER=root SUDO_TTY=/dev/pts/2 EDITOR=/usr/bin/vi PWD=/mnt/host/source/src/platform/ec CONFIG_PROTECT=/usr/share/gnupg/qualified.txt LOGNAME=jpmurphy MANPATH=/etc/java-config-2/current-system-vm/man:/usr/local/share/man:/usr/share/man:/usr/share/gcc-data/x86_64-pc-linux-gnu/10.2.0/man:/usr/share/binutils-data/x86_64-pc-linux-gnu/2.45/man:/etc/java-config-2/current-system-vm/man/ SUDO_HOME=/root XAUTHORITY=/run/user/944457/gdm/Xauthority HOME=/home/jpmurphy LANG=C.UTF-8 LS_COLORS='rs=0:di=01;34:ln=01;36:mh=00:pi=40;33:so=01;35:do=01;35:bd=40;33;01:cd=40;33;01:or=01;05;37;41:mi=01;05;37;41:su=37;41:sg=30;43:ca=30;41:tw=30;42:ow=34;42:st=37;44:ex=01;32:*.tar=01;31:*.tgz=01;31:*.arc=01;31:*.arj=01;31:*.taz=01;31:*.lha=01;31:*.lz4=01;31:*.lzh=01;31:*.lzma=01;31:*.tlz=01;31:*.txz=01;31:*.tzo=01;31:*.t7z=01;31:*.zip=01;31:*.z=01;31:*.dz=01;31:*.gz=01;31:*.lrz=01;31:*.lz=01;31:*.lzo=01;31:*.xz=01;31:*.zst=01;31:*.tzst=01;31:*.bz2=01;31:*.bz=01;31:*.tbz=01;31:*.tbz2=01;31:*.tz=01;31:*.deb=01;31:*.rpm=01;31:*.jar=01;31:*.war=01;31:*.ear=01;31:*.sar=01;31:*.rar=01;31:*.alz=01;31:*.ace=01;31:*.zoo=01;31:*.cpio=01;31:*.7z=01;31:*.rz=01;31:*.cab=01;31:*.wim=01;31:*.swm=01;31:*.dwm=01;31:*.esd=01;31:*.jpg=01;35:*.jpeg=01;35:*.mjpg=01;35:*.mjpeg=01;35:*.gif=01;35:*.bmp=01;35:*.pbm=01;35:*.pgm=01;35:*.ppm=01;35:*.tga=01;35:*.xbm=01;35:*.xpm=01;35:*.tif=01;35:*.tiff=01;35:*.png=01;35:*.svg=01;35:*.svgz=01;35:*.mng=01;35:*.pcx=01;35:*.mov=01;35:*.mpg=01;35:*.mpeg=01;35:*.m2v=01;35:*.mkv=01;35:*.webm=01;35:*.webp=01;35:*.ogm=01;35:*.mp4=01;35:*.m4v=01;35:*.mp4v=01;35:*.vob=01;35:*.qt=01;35:*.nuv=01;35:*.wmv=01;35:*.asf=01;35:*.rm=01;35:*.rmvb=01;35:*.flc=01;35:*.avi=01;35:*.fli=01;35:*.flv=01;35:*.gl=01;35:*.dl=01;35:*.xcf=01;35:*.xwd=01;35:*.yuv=01;35:*.cgm=01;35:*.emf=01;35:*.ogv=01;35:*.ogx=01;35:*.cfg=00;32:*.conf=00;32:*.diff=00;32:*.doc=00;32:*.ini=00;32:*.log=00;32:*.patch=00;32:*.pdf=00;32:*.ps=00;32:*.tex=00;32:*.txt=00;32:*.aac=00;36:*.au=00;36:*.flac=00;36:*.m4a=00;36:*.mid=00;36:*.midi=00;36:*.mka=00;36:*.mp3=00;36:*.mpc=00;36:*.ogg=00;36:*.ra=00;36:*.wav=00;36:*.oga=00;36:*.opus=00;36:*.spx=00;36:*.xspf=00;36:' XDG_CURRENT_DESKTOP=GNOME INFOPATH=/usr/share/info:/usr/share/gcc-data/x86_64-pc-linux-gnu/10.2.0/info:/usr/share/binutils-data/x86_64-pc-linux-gnu/2.45/info:/usr/share/automake-1.16.5/info JAVAC=/etc/java-config-2/current-system-vm/bin/javac TERM=xterm-256color LESSOPEN='|lesspipe %s' USER=jpmurphy CROS_WORKON_SRCROOT=/mnt/host/source MANPAGER=manpager DISPLAY=:1 SHLVL=1 LC_MESSAGES=C EXTERNAL_TRUNK_PATH=/mnt/8f9d649a-3721-44cc-93c0-e6bd21a9689f/chromiumos GCC_SPECS='' PATH=/mnt/host/source/chromite/bin:/usr/local/bin:/usr/bin:/bin:/opt/bin:/mnt/host/source/chromite/sdk/bin:/mnt/host/source/chromite/bin PORTAGE_USERNAME=jpmurphy SUDO_UID=0 GCC_VER=10.2.0 MAIL=/var/mail/jpmurphy OLDPWD=/mnt/host/source/src/scripts traceparent=00-e87aca51550a78635907baa6a2476181-6d684811675d2973-01 _=./zephyr/firmware_builder.py COREBOOT_SDK_ROOT_x86=/home/jpmurphy/.cache/coreboot-sdk/i386-elf/dfbb0486385d938cfa9d73080b9d18d598ed4f49 COREBOOT_SDK_ROOT_picolibc_x86=/home/jpmurphy/.cache/coreboot-sdk/picolibc-i386-elf/eb8e8e687b95461de8cbf278f1c2076952d0ad17 COREBOOT_SDK_ROOT_riscv64=/home/jpmurphy/.cache/coreboot-sdk/riscv64-elf/96b949749225b6aaa92ed810ab769e8dfb12f000 COREBOOT_SDK_ROOT_picolibc_arm=/home/jpmurphy/.cache/coreboot-sdk/picolibc-arm-eabi/422a2aa3e1ef891b5bece9a3deb696ff83840d2e COREBOOT_SDK_ROOT_nds32=/home/jpmurphy/.cache/coreboot-sdk/nds32le-elf/d1a518c4a097666d86058e1444f85ca015d15511 COREBOOT_SDK_ROOT_picolibc_riscv64=/home/jpmurphy/.cache/coreboot-sdk/picolibc-riscv64-elf/f571e990ef0278564b31124f8bb109d9a697eb69 COREBOOT_SDK_ROOT_arm=/home/jpmurphy/.cache/coreboot-sdk/arm-eabi/ea40ddd1d190c3b48435c474c0b545719371813a COREBOOT_SDK_ROOT_libstdcxx_riscv64=/home/jpmurphy/.cache/coreboot-sdk/libstdcxx-riscv64-elf/17abf22a3a252e2d5d2062ced5324f7a623689e0 COREBOOT_SDK_ROOT_libstdcxx_arm=/home/jpmurphy/.cache/coreboot-sdk/libstdcxx-arm-eabi/5d7d82e150e44aa1968f1d366e267e6687b328ac COREBOOT_SDK_ROOT_riscv=/home/jpmurphy/.cache/coreboot-sdk/riscv-elf/9a27b9e82341c6e9126624f516ab3f261abb3e73 COREBOOT_SDK_ROOT_libstdcxx_x86=/home/jpmurphy/.cache/coreboot-sdk/libstdcxx-i386-elf/42ef9d2e87a76a37963175d7d428734e65648b87 PYTHONPATH=/mnt/host/source/src/platform/ec/zephyr/zmake PW_PIGWEED_CIPD_INSTALL_DIR=/usr CROSTC_USER_ACKNOWLEDGES_THAT_RISCV_IS_EXPERIMENTAL=1 MAKEFLAGS=' -j16 --jobserver-auth=5,6' /usr/bin/ninja -C /mnt/host/source/src/platform/ec/build/zephyr/joxer/build-ro all.libraries`
[spikyrock:rw] [293/294] Building C object zephyr/kernel/CMakeFiles/kernel.dir/dynamic_disabled.c.obj
[joxer:ro] ninja: Entering directory `/mnt/host/source/src/platform/ec/build/zephyr/joxer/build-ro'
[quandiso2:rw] [44/404] Building C object zephyr/CMakeFiles/zephyr.dir/subsys/pm/policy/policy_events.c.obj
[spikyrock:rw] [294/294] Linking C static library zephyr/kernel/libkernel.a
Toolchain <zmake.toolchains.CorebootSdkToolchain object at 0x7f4142fff090> selected by probe function.
[deku] Building in /mnt/host/source/src/platform/ec/build/zephyr/deku.
[deku:rw] Configuring.
Running `env -i PYTHONPATH=/usr/lib64/python-exec/python3.11:/mnt/host/source/src/platform/ec/zephyr/zmake:/usr/lib/python311.zip:/usr/lib/python3.11:/usr/lib/python3.11/lib-dynload:/usr/lib/python3.11/site-packages PW_PIGWEED_CIPD_INSTALL_DIR=/usr CROSTC_USER_ACKNOWLEDGES_THAT_RISCV_IS_EXPERIMENTAL=1 PATH=/mnt/host/source/chromite/bin:/usr/local/bin:/usr/bin:/bin:/opt/bin:/mnt/host/source/chromite/sdk/bin:/mnt/host/source/chromite/bin HOME=/home/jpmurphy JAVA_HOME=/etc/java-config-2/current-system-vm JDK_HOME=/etc/java-config-2/current-system-vm JAVAC=/etc/java-config-2/current-system-vm/bin/javac MAKEFLAGS=' -j16 --jobserver-auth=5,6' /usr/bin/cmake -S /mnt/host/source/src/platform/ec/zephyr/program/ovis -B /mnt/host/source/src/platform/ec/build/zephyr/deku/build-rw -GNinja -DCMAKE_EXPORT_COMPILE_COMMANDS=ON -DZEPHYR_BASE=/mnt/host/source/src/third_party/zephyr/main -DZMAKE_INCLUDE_DIR=/mnt/host/source/src/platform/ec/build/zephyr/deku/include -DPython3_EXECUTABLE=/usr/bin/python3.11 -DDTS_ROOT=/mnt/host/source/src/platform/ec/zephyr -DSYSCALL_INCLUDE_DIRS=/mnt/host/source/src/platform/ec/zephyr/include/drivers -DUSER_CACHE_DIR=/mnt/host/source/src/platform/ec/build/zephyr/user-cache '-DEXTRA_EC_VERSION_FLAGS=--version 16543.0.0 --static' -DTOOLCHAIN_ROOT=/mnt/host/source/src/platform/ec/zephyr -DCOREBOOT_SDK_ROOT_x86=/home/jpmurphy/.cache/coreboot-sdk/i386-elf/dfbb0486385d938cfa9d73080b9d18d598ed4f49 -DCOREBOOT_SDK_ROOT_picolibc_x86=/home/jpmurphy/.cache/coreboot-sdk/picolibc-i386-elf/eb8e8e687b95461de8cbf278f1c2076952d0ad17 -DCOREBOOT_SDK_ROOT_riscv64=/home/jpmurphy/.cache/coreboot-sdk/riscv64-elf/96b949749225b6aaa92ed810ab769e8dfb12f000 -DCOREBOOT_SDK_ROOT_picolibc_arm=/home/jpmurphy/.cache/coreboot-sdk/picolibc-arm-eabi/422a2aa3e1ef891b5bece9a3deb696ff83840d2e -DCOREBOOT_SDK_ROOT_nds32=/home/jpmurphy/.cache/coreboot-sdk/nds32le-elf/d1a518c4a097666d86058e1444f85ca015d15511 -DCOREBOOT_SDK_ROOT_picolibc_riscv64=/home/jpmurphy/.cache/coreboot-sdk/picolibc-riscv64-elf/f571e990ef0278564b31124f8bb109d9a697eb69 -DCOREBOOT_SDK_ROOT_arm=/home/jpmurphy/.cache/coreboot-sdk/arm-eabi/ea40ddd1d190c3b48435c474c0b545719371813a -DCOREBOOT_SDK_ROOT_libstdcxx_riscv64=/home/jpmurphy/.cache/coreboot-sdk/libstdcxx-riscv64-elf/17abf22a3a252e2d5d2062ced5324f7a623689e0 -DCOREBOOT_SDK_ROOT_libstdcxx_arm=/home/jpmurphy/.cache/coreboot-sdk/libstdcxx-arm-eabi/5d7d82e150e44aa1968f1d366e267e6687b328ac -DCOREBOOT_SDK_ROOT_riscv=/home/jpmurphy/.cache/coreboot-sdk/riscv-elf/9a27b9e82341c6e9126624f516ab3f261abb3e73 -DCOREBOOT_SDK_ROOT_libstdcxx_x86=/home/jpmurphy/.cache/coreboot-sdk/libstdcxx-i386-elf/42ef9d2e87a76a37963175d7d428734e65648b87 -DZEPHYR_TOOLCHAIN_VARIANT=coreboot-sdk '-DZEPHYR_MODULES=/mnt/host/source/src/platform/ec/build/zephyr/deku/modules/cmsis;/mnt/host/source/src/platform/ec/build/zephyr/deku/modules/cmsis_6;/mnt/host/source/src/platform/ec/build/zephyr/deku/modules/ec' -DDTC_OVERLAY_FILE=/mnt/host/source/src/platform/ec/zephyr/program/ovis/deku/project.overlay -DBOARD=npcx9/npcx9m3f -DCMAKE_C_FLAGS=-DSECTION_IS_RW '-DCONF_FILE=/mnt/host/source/src/platform/ec/zephyr/program/ovis/program.conf;/mnt/host/source/src/platform/ec/zephyr/program/ovis/deku/project.conf;/mnt/host/source/src/platform/ec/build/zephyr/deku/kconfig-rw.conf'`
[deku:rw] -- Application: /mnt/host/source/src/platform/ec/zephyr/program/ovis
[deku:rw] Loading Zephyr default modules (Zephyr base (cached)).
[quandiso2:ro] [34/404] Building C object zephyr/CMakeFiles/zephyr.dir/soc/ite/ec/common/power.c.obj
[quandiso2:ro] [35/404] Building C object zephyr/CMakeFiles/zephyr.dir/soc/ite/ec/common/policy.c.obj
[grogu:rw] [45/337] Building C object zephyr/CMakeFiles/zephyr.dir/subsys/pm/policy/policy_state_lock.c.obj
[quandiso2:rw] [45/404] Building C object zephyr/CMakeFiles/zephyr.dir/subsys/pm/policy/policy_latency.c.obj
[joxer:rw] [14/404] Building C object CMakeFiles/app.dir/mnt/host/source/src/platform/ec/zephyr/subsys/ap_pwrseq/power_signals.c.obj
[grogu:rw] [46/337] Building C object zephyr/CMakeFiles/zephyr.dir/subsys/pm/device.c.obj
[grogu:rw] [47/337] Building C object zephyr/CMakeFiles/zephyr.dir/subsys/pm/device_system_managed.c.obj
[quandiso2:rw] [46/404] Building C object zephyr/CMakeFiles/zephyr.dir/subsys/pm/policy/policy_state_lock.c.obj
[deku:rw] -- CMake version: 3.31.7
[deku:rw] -- Found Python3: /usr/bin/python3.11 (found suitable version "3.11.11", minimum required is "3.10") found components: Interpreter
[deku:rw] -- Cache files will be written to: /mnt/host/source/src/platform/ec/build/zephyr/user-cache
[deku:rw] -- Zephyr version: 4.3.99 (/mnt/host/source/src/third_party/zephyr/main)
[joxer:rw] [15/404] Building C object CMakeFiles/app.dir/mnt/host/source/src/platform/ec/zephyr/subsys/ap_pwrseq/signal_gpio.c.obj
[joxer:ro] [1/404] Generating include/generated/zephyr/version.h
[joxer:ro] -- git describe warned: warning: tag 'upstream/v2.7.99' is externally known as 'v2.7.99'
[joxer:ro] -- Zephyr version: 4.3.99 (/mnt/host/source/src/third_party/zephyr/main)
[joxer:ro] [2/404] Preparing syscall dependency handling
[grogu:rw] [48/337] Building C object zephyr/CMakeFiles/zephyr.dir/subsys/testsuite/coverage/coverage.c.obj
[joxer:ro] [3/404] Generating misc/generated/syscalls_subdirs.trigger
[quandiso2:rw] [47/404] Building C object zephyr/CMakeFiles/zephyr.dir/subsys/pm/device.c.obj
[quandiso2:ro] [36/404] Building C object zephyr/CMakeFiles/zephyr.dir/soc/ite/ec/it8xxx2/check_regs.c.obj
[grogu:rw] [49/337] Building C object zephyr/CMakeFiles/zephyr.dir/subsys/tracing/tracing_none.c.obj
[quandiso2:ro] [37/404] Building C object zephyr/CMakeFiles/zephyr.dir/soc/ite/ec/it8xxx2/soc.c.obj
[/mnt/host/source/src/platform/ec/build/zephyr/skywalker-tps6699x-lcov]   /mnt/host/source/src/platform/ec/build/zephyr/skywalker-tps6699x/build-ro/CMakeFiles/app.dir/mnt/host/source/src/platform/ec/build/zephyr/skywalker-tps6699x/modules/ec/common/cbi_config.c.gcno:no functions found
[/mnt/host/source/src/platform/ec/build/zephyr/skywalker-tps6699x-lcov] stderr:
[quandiso2:ro] [38/404] Building ASM object zephyr/CMakeFiles/zephyr.dir/soc/ite/ec/it8xxx2/__arithmetic.S.obj
[quandiso2:rw] [48/404] Building C object zephyr/CMakeFiles/zephyr.dir/subsys/pm/device_system_managed.c.obj
[grogu:rw] [50/337] Building C object zephyr/CMakeFiles/zephyr.dir/subsys/shell/modules/kernel_service/cycles.c.obj
[grogu:rw] [51/337] Building C object zephyr/CMakeFiles/zephyr.dir/subsys/shell/modules/kernel_service/kernel_shell.c.obj
[quandiso2:ro] [39/404] Building ASM object zephyr/CMakeFiles/zephyr.dir/soc/ite/ec/it8xxx2/vector.S.obj
[quandiso2:rw] [49/404] Building C object zephyr/CMakeFiles/zephyr.dir/subsys/testsuite/coverage/coverage.c.obj
[joxer:rw] [16/404] Building C object CMakeFiles/app.dir/mnt/host/source/src/platform/ec/zephyr/subsys/ap_pwrseq/signal_vw.c.obj
[quandiso2:rw] [50/404] Building C object zephyr/CMakeFiles/zephyr.dir/subsys/tracing/tracing_none.c.obj
[grogu:rw] [52/337] Building C object zephyr/CMakeFiles/zephyr.dir/subsys/shell/modules/kernel_service/sleep.c.obj
[grogu:rw] [53/337] Building C object zephyr/CMakeFiles/zephyr.dir/subsys/shell/modules/kernel_service/uptime.c.obj
[joxer:rw] [17/404] Building C object CMakeFiles/app.dir/mnt/host/source/src/platform/ec/zephyr/subsys/ap_pwrseq/signal_adc.c.obj
[joxer:ro] [4/404] Generating misc/generated/syscalls.json, misc/generated/struct_tags.json
[grogu:rw] [54/337] Building C object zephyr/CMakeFiles/zephyr.dir/subsys/shell/modules/kernel_service/version.c.obj
[quandiso2:rw] [51/404] Building C object zephyr/CMakeFiles/zephyr.dir/subsys/shell/modules/kernel_service/kernel_shell.c.obj
[quandiso2:ro] [40/404] Building C object zephyr/CMakeFiles/zephyr.dir/soc/ite/ec/it8xxx2/ilm.c.obj
[grogu:rw] [55/337] Building C object zephyr/CMakeFiles/zephyr.dir/subsys/shell/modules/kernel_service/thread/thread.c.obj
[joxer:ro] [5/404] Generating include/generated/zephyr/syscall_dispatch.c, include/generated/zephyr/syscall_exports_llext.c, syscall_weakdefs_llext.c, include/generated/zephyr/syscall_list.h
[quandiso2:ro] [41/404] Building C object zephyr/CMakeFiles/zephyr.dir/subsys/logging/log_minimal.c.obj
[grogu:ro] [14/337] Building C object CMakeFiles/app.dir/mnt/host/source/src/platform/ec/zephyr/subsys/pd_controller/pdc_power_mgmt.c.obj
[quandiso2:rw] [52/404] Building C object zephyr/CMakeFiles/zephyr.dir/subsys/shell/modules/kernel_service/sleep.c.obj
[quandiso2:rw] [53/404] Building C object zephyr/CMakeFiles/zephyr.dir/subsys/shell/modules/kernel_service/cycles.c.obj
[joxer:ro] [6/404] Generating include/generated/zephyr/driver-validation.h
[grogu:rw] [56/337] Building C object zephyr/CMakeFiles/zephyr.dir/subsys/shell/modules/kernel_service/thread/stacks.c.obj
[grogu:rw] [57/337] Building C object zephyr/CMakeFiles/zephyr.dir/subsys/shell/modules/kernel_service/thread/list.c.obj
[joxer:rw] [18/404] Building C object CMakeFiles/app.dir/mnt/host/source/src/platform/ec/zephyr/subsys/ap_pwrseq/power_host_sleep.c.obj
[deku:rw] -- Board: npcx9, qualifiers: npcx9m3f
[joxer:ro] [7/404] Generating include/generated/zephyr/kobj-types-enum.h, include/generated/zephyr/otype-to-str.h, include/generated/zephyr/otype-to-size.h
[quandiso2:ro] [42/404] Building C object zephyr/CMakeFiles/zephyr.dir/subsys/pm/state.c.obj
[joxer:ro] [8/404] Generating include/generated/device-api-sections.ld, include/generated/device-api-sections.cmake
[grogu:rw] [58/337] Building C object zephyr/CMakeFiles/zephyr.dir/subsys/shell/modules/kernel_service/thread/unwind.c.obj
[quandiso2:ro] [43/404] Building C object zephyr/CMakeFiles/zephyr.dir/subsys/pm/pm.c.obj
[/mnt/host/source/src/platform/ec/build/zephyr/skywalker-tps6699x-lcov]   /mnt/host/source/src/platform/ec/build/zephyr/skywalker-tps6699x/build-ro/zephyr/arch/arch/arm/core/mpu/CMakeFiles/arch__arm__core__mpu.dir/arm_mpu_regions.c.gcno:no functions found
[/mnt/host/source/src/platform/ec/build/zephyr/skywalker-tps6699x-lcov] stderr:
[grogu:rw] [59/337] Building C object zephyr/CMakeFiles/zephyr.dir/subsys/shell/modules/kernel_service/thread/suspend.c.obj
[joxer:rw] [19/404] Building C object CMakeFiles/app.dir/mnt/host/source/src/platform/ec/zephyr/subsys/ap_pwrseq/x86_non_dsx_common_pwrseq_sm_handler.c.obj
[quandiso2:rw] [54/404] Building C object zephyr/CMakeFiles/zephyr.dir/subsys/shell/modules/kernel_service/uptime.c.obj
[quandiso2:rw] [55/404] Building C object zephyr/CMakeFiles/zephyr.dir/subsys/shell/modules/kernel_service/version.c.obj
[quandiso2:rw] [56/404] Building C object zephyr/CMakeFiles/zephyr.dir/subsys/shell/modules/kernel_service/thread/thread.c.obj
[grogu:rw] [60/337] Building C object zephyr/CMakeFiles/zephyr.dir/subsys/shell/modules/kernel_service/thread/kill.c.obj
[grogu:rw] [61/337] Building C object zephyr/CMakeFiles/zephyr.dir/subsys/shell/modules/kernel_service/thread/resume.c.obj
[quandiso2:ro] [44/404] Building C object zephyr/CMakeFiles/zephyr.dir/subsys/pm/policy/policy_events.c.obj
[grogu:ro] [15/337] Building C object CMakeFiles/app.dir/mnt/host/source/src/platform/ec/zephyr/subsys/pd_controller/pdc_console.c.obj
[joxer:ro] [9/404] Building C object zephyr/CMakeFiles/offsets.dir/arch/riscv/core/offsets/offsets.c.obj
[quandiso2:ro] [45/404] Building C object zephyr/CMakeFiles/zephyr.dir/subsys/pm/policy/policy_latency.c.obj
[joxer:rw] [20/404] Building C object CMakeFiles/app.dir/mnt/host/source/src/platform/ec/zephyr/subsys/ap_pwrseq/x86_non_dsx_chipset_power_state.c.obj
[quandiso2:rw] [57/404] Building C object zephyr/CMakeFiles/zephyr.dir/subsys/shell/modules/kernel_service/thread/list.c.obj
[joxer:ro] [10/404] Generating include/generated/zephyr/offsets.h
[grogu:rw] [62/337] Building C object zephyr/CMakeFiles/zephyr.dir/subsys/shell/backends/shell_uart.c.obj
[quandiso2:rw] [58/404] Building C object zephyr/CMakeFiles/zephyr.dir/subsys/shell/modules/kernel_service/thread/unwind.c.obj
[quandiso2:rw] [59/404] Building C object zephyr/CMakeFiles/zephyr.dir/subsys/shell/modules/kernel_service/thread/stacks.c.obj
[/mnt/host/source/src/platform/ec/build/zephyr/skywalker-tps6699x-lcov]   /mnt/host/source/src/platform/ec/build/zephyr/skywalker-tps6699x/build-ro/zephyr/arch/common/CMakeFiles/isr_tables.dir/isr_tables.c.gcno:no functions found
[/mnt/host/source/src/platform/ec/build/zephyr/skywalker-tps6699x-lcov] stderr:
[joxer:rw] [21/404] Building C object CMakeFiles/app.dir/mnt/host/source/src/platform/ec/zephyr/subsys/ap_pwrseq/x86_non_dsx_common_pwrseq_host_sleep.c.obj
[quandiso2:ro] [46/404] Building C object zephyr/CMakeFiles/zephyr.dir/subsys/pm/policy/policy_state_lock.c.obj
[grogu:rw] [63/337] Building C object zephyr/CMakeFiles/zephyr.dir/subsys/shell/shell.c.obj
[grogu:rw] [64/337] Building C object zephyr/CMakeFiles/zephyr.dir/subsys/shell/shell_fprintf.c.obj
[grogu:rw] [65/337] Building C object zephyr/CMakeFiles/zephyr.dir/subsys/shell/shell_utils.c.obj
[quandiso2:ro] [47/404] Building C object zephyr/CMakeFiles/zephyr.dir/subsys/pm/device.c.obj
[joxer:ro] [11/404] Building C object zephyr/CMakeFiles/zephyr.dir/lib/libc/validate_libc.c.obj
[grogu:ro] [16/337] Building C object CMakeFiles/app.dir/mnt/host/source/src/platform/ec/zephyr/subsys/pd_controller/pdc_host_cmd.c.obj
[joxer:rw] [22/404] Building C object CMakeFiles/app.dir/mnt/host/source/src/platform/ec/zephyr/subsys/ap_pwrseq/x86_non_dsx_common_pwrseq_console.c.obj
[quandiso2:rw] [60/404] Building C object zephyr/CMakeFiles/zephyr.dir/subsys/shell/modules/kernel_service/thread/suspend.c.obj
[deku:rw] -- Found Dtc: /usr/bin/dtc (found suitable version "1.6.0", minimum required is "1.4.6")
[quandiso2:rw] [61/404] Building C object zephyr/CMakeFiles/zephyr.dir/subsys/shell/modules/kernel_service/thread/kill.c.obj
[deku:rw] -- Found BOARD.dts: /mnt/host/source/src/platform/ec/zephyr/boards/google/npcx9/npcx9_npcx9m3f.dts
[deku:rw] -- Found devicetree overlay: /mnt/host/source/src/platform/ec/zephyr/program/ovis/deku/project.overlay
[quandiso2:rw] [62/404] Building C object zephyr/CMakeFiles/zephyr.dir/subsys/shell/modules/kernel_service/thread/resume.c.obj
[grogu:rw] [66/337] Building C object zephyr/CMakeFiles/zephyr.dir/subsys/shell/shell_ops.c.obj
[quandiso2:ro] [48/404] Building C object zephyr/CMakeFiles/zephyr.dir/subsys/pm/device_system_managed.c.obj
[grogu:rw] [67/337] Building C object zephyr/CMakeFiles/zephyr.dir/subsys/shell/shell_history.c.obj
[grogu:rw] [68/337] Building C object zephyr/CMakeFiles/zephyr.dir/subsys/shell/shell_help.c.obj
[joxer:rw] [23/404] Building C object CMakeFiles/app.dir/mnt/host/source/src/platform/ec/zephyr/subsys/ap_pwrseq/x86_non_dsx_common_pwrseq_host_command.c.obj
[grogu:rw] [69/337] Building C object zephyr/CMakeFiles/zephyr.dir/drivers/flash/flash_util.c.obj
[quandiso2:ro] [49/404] Building C object zephyr/CMakeFiles/zephyr.dir/subsys/testsuite/coverage/coverage.c.obj
[grogu:rw] [70/337] Linking C static library zephyr/libzephyr.a
[joxer:ro] [12/404] Building C object zephyr/CMakeFiles/zephyr.dir/lib/heap/heap.c.obj
[grogu:ro] [17/337] Building C object CMakeFiles/app.dir/mnt/host/source/src/platform/ec/zephyr/subsys/pd_controller/pdc_stub.c.obj
[quandiso2:rw] [63/404] Building C object zephyr/CMakeFiles/zephyr.dir/subsys/shell/modules/device_service.c.obj
[quandiso2:rw] [64/404] Building C object zephyr/CMakeFiles/zephyr.dir/subsys/shell/modules/devmem_service.c.obj
[joxer:rw] [24/404] Building C object CMakeFiles/app.dir/mnt/host/source/src/platform/ec/zephyr/subsys/ap_pwrseq/x86_non_dsx_adlp_pwrseq_sm.c.obj
[grogu:rw] [71/337] Building C object zephyr/arch/common/CMakeFiles/arch__common.dir/sw_isr_common.c.obj
[quandiso2:rw] [65/404] Building C object zephyr/CMakeFiles/zephyr.dir/subsys/shell/modules/date_service.c.obj
[grogu:rw] [72/337] Building C object zephyr/arch/common/CMakeFiles/arch__common.dir/dynamic_isr.c.obj
[quandiso2:ro] [50/404] Building C object zephyr/CMakeFiles/zephyr.dir/subsys/tracing/tracing_none.c.obj
[grogu:rw] [73/337] Building C object zephyr/arch/common/CMakeFiles/arch__common.dir/init.c.obj
[/mnt/host/source/src/platform/ec/build/zephyr/crystaldrift-lcov]   /mnt/host/source/src/platform/ec/build/zephyr/crystaldrift/build-ro/zephyr/CMakeFiles/zephyr.dir/soc/nuvoton/npcx/common/npcxn/registers.c.gcno:no functions found
[/mnt/host/source/src/platform/ec/build/zephyr/crystaldrift-lcov] stderr:
[joxer:ro] [13/404] Building C object zephyr/CMakeFiles/zephyr.dir/lib/os/cbprintf_packaged.c.obj
[quandiso2:ro] [51/404] Building C object zephyr/CMakeFiles/zephyr.dir/subsys/shell/modules/kernel_service/kernel_shell.c.obj
[grogu:rw] [74/337] Building C object zephyr/arch/common/CMakeFiles/arch__common.dir/xip.c.obj
[joxer:rw] [25/404] Building C object CMakeFiles/app.dir/mnt/host/source/src/platform/ec/zephyr/subsys/ap_pwrseq/ap_reset_log.c.obj
[quandiso2:rw] [66/404] Building C object zephyr/CMakeFiles/zephyr.dir/subsys/shell/backends/shell_uart.c.obj
[joxer:rw] [26/404] Building C object CMakeFiles/app.dir/mnt/host/source/src/platform/ec/build/zephyr/joxer/modules/ec/builtin/stdlib.c.obj
[grogu:rw] [75/337] Building C object zephyr/arch/common/CMakeFiles/isr_tables.dir/isr_tables.c.obj
[grogu:rw] [76/337] Building C object zephyr/arch/arch/riscv/core/CMakeFiles/arch__riscv__core.dir/cpu_idle.c.obj
[grogu:rw] [77/337] Linking C static library zephyr/arch/common/libisr_tables.a
[quandiso2:rw] [67/404] Building C object zephyr/CMakeFiles/zephyr.dir/subsys/shell/shell.c.obj
[quandiso2:ro] [52/404] Building C object zephyr/CMakeFiles/zephyr.dir/subsys/shell/modules/kernel_service/cycles.c.obj
[grogu:rw] [78/337] Linking C static library zephyr/arch/common/libarch__common.a
[quandiso2:rw] [68/404] Building C object zephyr/CMakeFiles/zephyr.dir/subsys/shell/shell_fprintf.c.obj
[grogu:ro] [18/337] Building C object CMakeFiles/app.dir/mnt/host/source/src/platform/ec/zephyr/subsys/pd_controller/pdc_dpm.c.obj
[grogu:rw] [79/337] Building C object zephyr/arch/arch/riscv/core/CMakeFiles/arch__riscv__core.dir/fatal.c.obj
[quandiso2:ro] [53/404] Building C object zephyr/CMakeFiles/zephyr.dir/subsys/shell/modules/kernel_service/sleep.c.obj
[grogu:rw] [80/337] Building C object zephyr/arch/arch/riscv/core/CMakeFiles/arch__riscv__core.dir/prep_c.c.obj
[joxer:ro] [14/404] Building C object zephyr/CMakeFiles/zephyr.dir/lib/os/clock.c.obj
[grogu:rw] [81/337] Building C object zephyr/arch/arch/riscv/core/CMakeFiles/arch__riscv__core.dir/irq_manage.c.obj
[deku:rw] -- Generated zephyr.dts: /mnt/host/source/src/platform/ec/build/zephyr/deku/build-rw/zephyr/zephyr.dts
[quandiso2:rw] [69/404] Building C object zephyr/CMakeFiles/zephyr.dir/subsys/shell/shell_utils.c.obj
[joxer:rw] [27/404] Building C object CMakeFiles/app.dir/mnt/host/source/src/platform/ec/build/zephyr/joxer/modules/ec/common/base32.c.obj
[quandiso2:ro] [54/404] Building C object zephyr/CMakeFiles/zephyr.dir/subsys/shell/modules/kernel_service/uptime.c.obj
[quandiso2:rw] [70/404] Building C object zephyr/CMakeFiles/zephyr.dir/subsys/shell/shell_ops.c.obj
[grogu:rw] [82/337] Building C object zephyr/arch/arch/riscv/core/CMakeFiles/arch__riscv__core.dir/reboot.c.obj
[quandiso2:rw] [71/404] Building C object zephyr/CMakeFiles/zephyr.dir/subsys/shell/shell_cmds.c.obj
[joxer:rw] [28/404] Building C object CMakeFiles/app.dir/mnt/host/source/src/platform/ec/build/zephyr/joxer/modules/ec/common/console_output.c.obj
[grogu:rw] [83/337] Building ASM object zephyr/arch/arch/riscv/core/CMakeFiles/arch__riscv__core.dir/switch.S.obj
[grogu:rw] [84/337] Building ASM object zephyr/arch/arch/riscv/core/CMakeFiles/arch__riscv__core.dir/reset.S.obj
[quandiso2:ro] [55/404] Building C object zephyr/CMakeFiles/zephyr.dir/subsys/shell/modules/kernel_service/version.c.obj
[grogu:rw] [85/337] Generating ../../../include/generated/libc/minimal/strerror_table.h
[deku:rw] -- Generated pickled edt: /mnt/host/source/src/platform/ec/build/zephyr/deku/build-rw/zephyr/edt.pickle
[deku:rw] -- Generated devicetree_generated.h: /mnt/host/source/src/platform/ec/build/zephyr/deku/build-rw/zephyr/include/generated/zephyr/devicetree_generated.h
[grogu:rw] [86/337] Building C object zephyr/arch/arch/riscv/core/CMakeFiles/arch__riscv__core.dir/thread.c.obj
[joxer:ro] [15/404] Building C object zephyr/CMakeFiles/zephyr.dir/lib/os/printk.c.obj
[grogu:ro] [19/337] Building C object CMakeFiles/app.dir/mnt/host/source/src/platform/ec/zephyr/subsys/ucsi/ppm_common.c.obj
[grogu:rw] [87/337] Building C object zephyr/lib/libc/minimal/CMakeFiles/lib__libc__minimal.dir/source/stdlib/atoi.c.obj
[quandiso2:rw] [72/404] Building C object zephyr/CMakeFiles/zephyr.dir/subsys/shell/shell_history.c.obj
[grogu:rw] [88/337] Building C object zephyr/lib/libc/minimal/CMakeFiles/lib__libc__minimal.dir/source/stdlib/strtol.c.obj
[grogu:rw] [89/337] Building C object zephyr/lib/libc/minimal/CMakeFiles/lib__libc__minimal.dir/source/stdlib/strtoul.c.obj
[quandiso2:ro] [56/404] Building C object zephyr/CMakeFiles/zephyr.dir/subsys/shell/modules/kernel_service/thread/thread.c.obj
[grogu:rw] [90/337] Building ASM object zephyr/arch/arch/riscv/core/CMakeFiles/arch__riscv__core.dir/isr.S.obj
[quandiso2:rw] [73/404] Building C object zephyr/CMakeFiles/zephyr.dir/subsys/shell/shell_wildcard.c.obj
[grogu:rw] [91/337] Building C object zephyr/lib/libc/minimal/CMakeFiles/lib__libc__minimal.dir/source/stdlib/strtoll.c.obj
[joxer:rw] [29/404] Building C object CMakeFiles/app.dir/mnt/host/source/src/platform/ec/build/zephyr/joxer/modules/ec/common/ec_features.c.obj
[grogu:rw] [92/337] Building C object zephyr/lib/libc/minimal/CMakeFiles/lib__libc__minimal.dir/source/stdlib/bsearch.c.obj
[grogu:rw] [93/337] Building C object zephyr/lib/libc/minimal/CMakeFiles/lib__libc__minimal.dir/source/stdlib/strtoull.c.obj
[quandiso2:rw] [74/404] Building C object zephyr/CMakeFiles/zephyr.dir/drivers/flash/flash_util.c.obj
[grogu:rw] [94/337] Building C object zephyr/arch/arch/riscv/core/CMakeFiles/arch__riscv__core.dir/stacktrace.c.obj
[quandiso2:ro] [57/404] Building C object zephyr/CMakeFiles/zephyr.dir/subsys/shell/modules/kernel_service/thread/list.c.obj
[quandiso2:rw] [75/404] Linking C static library zephyr/libzephyr.a
[grogu:rw] [95/337] Linking C static library zephyr/arch/arch/riscv/core/libarch__riscv__core.a
[/mnt/host/source/src/platform/ec/build/zephyr/skywalker-tps6699x-lcov]   /mnt/host/source/src/platform/ec/build/zephyr/skywalker-tps6699x/build-ro/zephyr/CMakeFiles/zephyr.dir/subsys/shell/modules/kernel_service/kernel_shell.c.gcno:no functions found
[/mnt/host/source/src/platform/ec/build/zephyr/skywalker-tps6699x-lcov] stderr:
[joxer:ro] [16/404] Building C object zephyr/CMakeFiles/zephyr.dir/lib/os/sem.c.obj
[joxer:rw] [30/404] Building C object CMakeFiles/app.dir/mnt/host/source/src/platform/ec/build/zephyr/joxer/modules/ec/common/gpio_commands.c.obj
[grogu:rw] [96/337] Building C object zephyr/lib/libc/minimal/CMakeFiles/lib__libc__minimal.dir/source/stdlib/qsort.c.obj
[quandiso2:rw] [76/404] Building C object zephyr/arch/common/CMakeFiles/arch__common.dir/sw_isr_common.c.obj
[grogu:rw] [97/337] Building C object zephyr/lib/libc/minimal/CMakeFiles/lib__libc__minimal.dir/source/string/strncasecmp.c.obj
[grogu:rw] [98/337] Building C object zephyr/lib/libc/minimal/CMakeFiles/lib__libc__minimal.dir/source/string/strerror.c.obj
[grogu:rw] [99/337] Building C object zephyr/lib/libc/minimal/CMakeFiles/lib__libc__minimal.dir/source/string/strstr.c.obj
[quandiso2:rw] [77/404] Building C object zephyr/arch/common/CMakeFiles/arch__common.dir/dynamic_isr.c.obj
[grogu:rw] [100/337] Building C object zephyr/lib/libc/minimal/CMakeFiles/lib__libc__minimal.dir/source/string/strspn.c.obj
[grogu:rw] [101/337] Building C object zephyr/lib/libc/minimal/CMakeFiles/lib__libc__minimal.dir/source/stdlib/exit.c.obj
[quandiso2:ro] [58/404] Building C object zephyr/CMakeFiles/zephyr.dir/subsys/shell/modules/kernel_service/thread/stacks.c.obj
[grogu:ro] [20/337] Building C object CMakeFiles/app.dir/mnt/host/source/src/platform/ec/zephyr/subsys/ucsi/ppm_console.c.obj
[grogu:rw] [102/337] Building C object zephyr/lib/libc/minimal/CMakeFiles/lib__libc__minimal.dir/source/string/string.c.obj
[/mnt/host/source/src/platform/ec/build/zephyr/skywalker-tps6699x-lcov]   /mnt/host/source/src/platform/ec/build/zephyr/skywalker-tps6699x/build-ro/zephyr/CMakeFiles/zephyr.dir/lib/libc/validate_libc.c.gcno:no functions found
[/mnt/host/source/src/platform/ec/build/zephyr/skywalker-tps6699x-lcov] stderr:
[quandiso2:rw] [78/404] Building C object zephyr/arch/common/CMakeFiles/arch__common.dir/init.c.obj
[joxer:rw] [31/404] Building C object CMakeFiles/app.dir/mnt/host/source/src/platform/ec/build/zephyr/joxer/modules/ec/common/peripheral.c.obj
[quandiso2:ro] [59/404] Building C object zephyr/CMakeFiles/zephyr.dir/subsys/shell/modules/kernel_service/thread/unwind.c.obj
[grogu:rw] [103/337] Building C object zephyr/lib/libc/minimal/CMakeFiles/lib__libc__minimal.dir/source/math/sqrtf.c.obj
[quandiso2:rw] [79/404] Building C object zephyr/arch/common/CMakeFiles/arch__common.dir/xip.c.obj
[deku:rw] /mnt/host/source/src/platform/ec/build/zephyr/deku/build-rw/zephyr/zephyr.dts:3775.15-3782.5: Warning (gpios_property): /fans/fan_0: Missing property '#gpio-cells' in node /named-gpios/en_pp5000_fan or bad phandle (referred from enable-gpio[0])
[joxer:ro] [17/404] Building C object zephyr/CMakeFiles/zephyr.dir/lib/os/thread_entry.c.obj
[quandiso2:rw] [80/404] Building C object zephyr/arch/common/CMakeFiles/isr_tables.dir/isr_tables.c.obj
[grogu:rw] [104/337] Building C object zephyr/lib/libc/minimal/CMakeFiles/lib__libc__minimal.dir/source/math/sqrt.c.obj
[quandiso2:rw] [81/404] Linking C static library zephyr/arch/common/libisr_tables.a
[joxer:rw] [32/404] Building C object CMakeFiles/app.dir/mnt/host/source/src/platform/ec/build/zephyr/joxer/modules/ec/common/printf.c.obj
[grogu:rw] [105/337] Building C object zephyr/lib/libc/minimal/CMakeFiles/lib__libc__minimal.dir/source/stdout/fprintf.c.obj
[grogu:rw] [106/337] Building C object zephyr/lib/libc/minimal/CMakeFiles/lib__libc__minimal.dir/source/stdout/sprintf.c.obj
[grogu:rw] [107/337] Building C object zephyr/lib/libc/minimal/CMakeFiles/lib__libc__minimal.dir/source/stdout/stdout_console.c.obj
[quandiso2:rw] [82/404] Building C object zephyr/arch/arch/riscv/core/CMakeFiles/arch__riscv__core.dir/cpu_idle.c.obj
[quandiso2:rw] [83/404] Linking C static library zephyr/arch/common/libarch__common.a
[quandiso2:ro] [60/404] Building C object zephyr/CMakeFiles/zephyr.dir/subsys/shell/modules/kernel_service/thread/suspend.c.obj
[grogu:rw] [108/337] Building C object zephyr/lib/libc/common/CMakeFiles/lib__libc__common.dir/source/time/gmtime_r.c.obj
[grogu:rw] [109/337] Building C object zephyr/lib/libc/common/CMakeFiles/lib__libc__common.dir/source/time/asctime.c.obj
[joxer:rw] [33/404] Building C object CMakeFiles/app.dir/mnt/host/source/src/platform/ec/build/zephyr/joxer/modules/ec/common/queue.c.obj
[quandiso2:ro] [61/404] Building C object zephyr/CMakeFiles/zephyr.dir/subsys/shell/modules/kernel_service/thread/resume.c.obj
[quandiso2:rw] [84/404] Building C object zephyr/arch/arch/riscv/core/CMakeFiles/arch__riscv__core.dir/prep_c.c.obj
[grogu:ro] [21/337] Building C object CMakeFiles/app.dir/mnt/host/source/src/platform/ec/zephyr/subsys/ucsi/ppm_driver.c.obj
[joxer:ro] [18/404] Building C object zephyr/CMakeFiles/zephyr.dir/lib/os/cbprintf_nano.c.obj
[grogu:rw] [110/337] Building C object zephyr/lib/libc/common/CMakeFiles/lib__libc__common.dir/source/time/localtime_r_utc.c.obj
[quandiso2:rw] [85/404] Building C object zephyr/arch/arch/riscv/core/CMakeFiles/arch__riscv__core.dir/fatal.c.obj
[grogu:rw] [111/337] Building C object zephyr/lib/libc/minimal/CMakeFiles/lib__libc__minimal.dir/source/time/gmtime.c.obj
[grogu:rw] [112/337] Building C object zephyr/lib/libc/common/CMakeFiles/lib__libc__common.dir/source/time/ctime.c.obj
[grogu:rw] [113/337] Building C object zephyr/lib/libc/common/CMakeFiles/lib__libc__common.dir/source/stdlib/abort.c.obj
[grogu:rw] [114/337] Linking C static library zephyr/lib/libc/minimal/liblib__libc__minimal.a
[quandiso2:ro] [62/404] Building C object zephyr/CMakeFiles/zephyr.dir/subsys/shell/modules/kernel_service/thread/kill.c.obj
[grogu:rw] [115/337] Building C object zephyr/lib/libc/common/CMakeFiles/lib__libc__common.dir/source/string/strnlen.c.obj
[grogu:rw] [116/337] Building C object zephyr/lib/libc/common/CMakeFiles/lib__libc__common.dir/source/time/time.c.obj
[/mnt/host/source/src/platform/ec/build/zephyr/skywalker-tps6699x-lcov]   /mnt/host/source/src/platform/ec/build/zephyr/skywalker-tps6699x/build-ro/zephyr/CMakeFiles/zephyr.dir/lib/utils/last_section_id.c.gcno:no functions found
[/mnt/host/source/src/platform/ec/build/zephyr/skywalker-tps6699x-lcov] stderr:
[quandiso2:rw] [86/404] Building C object zephyr/arch/arch/riscv/core/CMakeFiles/arch__riscv__core.dir/irq_manage.c.obj
[grogu:rw] [117/337] Building C object zephyr/lib/posix/c_lib_ext/CMakeFiles/lib__posix__c_lib_ext.dir/fnmatch.c.obj
[quandiso2:rw] [87/404] Building C object zephyr/arch/arch/riscv/core/CMakeFiles/arch__riscv__core.dir/reboot.c.obj
[quandiso2:ro] [63/404] Building C object zephyr/CMakeFiles/zephyr.dir/subsys/shell/modules/device_service.c.obj
[joxer:rw] [34/404] Building C object CMakeFiles/app.dir/mnt/host/source/src/platform/ec/build/zephyr/joxer/modules/ec/common/system_boot_time.c.obj
[joxer:ro] [19/404] Building C object zephyr/CMakeFiles/zephyr.dir/lib/os/cbprintf.c.obj
[quandiso2:rw] [88/404] Building ASM object zephyr/arch/arch/riscv/core/CMakeFiles/arch__riscv__core.dir/reset.S.obj
[joxer:rw] [35/404] Building C object CMakeFiles/app.dir/mnt/host/source/src/platform/ec/build/zephyr/joxer/modules/ec/common/system.c.obj
[grogu:rw] [118/337] Building C object zephyr/lib/libc/common/CMakeFiles/lib__libc__common.dir/source/stdlib/malloc.c.obj
[grogu:ro] [22/337] Building C object CMakeFiles/app.dir/mnt/host/source/src/platform/ec/zephyr/subsys/ucsi/ucsi_host_cmd.c.obj
[grogu:rw] [119/337] Linking C static library zephyr/lib/libc/common/liblib__libc__common.a
[grogu:rw] [120/337] Building C object zephyr/lib/posix/c_lib_ext/CMakeFiles/lib__posix__c_lib_ext.dir/getentropy.c.obj
[quandiso2:ro] [64/404] Building C object zephyr/CMakeFiles/zephyr.dir/subsys/shell/modules/date_service.c.obj
[grogu:rw] [121/337] Building C object zephyr/lib/posix/c_lib_ext/CMakeFiles/lib__posix__c_lib_ext.dir/getopt_shim.c.obj
[grogu:rw] [122/337] Linking C static library zephyr/lib/posix/c_lib_ext/liblib__posix__c_lib_ext.a
[quandiso2:rw] [89/404] Building ASM object zephyr/arch/arch/riscv/core/CMakeFiles/arch__riscv__core.dir/switch.S.obj
[grogu:rw] [123/337] Building C object zephyr/lib/smf/CMakeFiles/lib__smf.dir/smf.c.obj
[grogu:rw] [124/337] Linking C static library zephyr/lib/smf/liblib__smf.a
[quandiso2:ro] [65/404] Building C object zephyr/CMakeFiles/zephyr.dir/subsys/shell/modules/devmem_service.c.obj
[quandiso2:rw] [90/404] Building C object zephyr/arch/arch/riscv/core/CMakeFiles/arch__riscv__core.dir/thread.c.obj
[joxer:ro] [20/404] Building C object zephyr/CMakeFiles/zephyr.dir/lib/os/assert.c.obj
[grogu:rw] [125/337] Building C object zephyr/subsys/crc/CMakeFiles/subsys__crc.dir/crc4_sw.c.obj
[quandiso2:rw] [91/404] Generating ../../../include/generated/libc/minimal/strerror_table.h
[grogu:rw] [126/337] Building C object zephyr/subsys/crc/CMakeFiles/subsys__crc.dir/crc8_sw.c.obj
[quandiso2:rw] [92/404] Building ASM object zephyr/arch/arch/riscv/core/CMakeFiles/arch__riscv__core.dir/isr.S.obj
[joxer:rw] [36/404] Building C object CMakeFiles/app.dir/mnt/host/source/src/platform/ec/build/zephyr/joxer/modules/ec/common/uart_printf.c.obj
[grogu:rw] [127/337] Building C object zephyr/subsys/crc/CMakeFiles/subsys__crc.dir/crc16_sw.c.obj
[grogu:rw] [128/337] Building C object zephyr/subsys/crc/CMakeFiles/subsys__crc.dir/crc7_sw.c.obj
[quandiso2:rw] [93/404] Building C object zephyr/lib/libc/minimal/CMakeFiles/lib__libc__minimal.dir/source/stdlib/atoi.c.obj
[joxer:rw] [37/404] Building C object CMakeFiles/app.dir/mnt/host/source/src/platform/ec/build/zephyr/joxer/modules/ec/common/util.c.obj
[joxer:ro] [21/404] Building C object zephyr/CMakeFiles/zephyr.dir/lib/utils/dec.c.obj
[grogu:ro] [23/337] Building C object CMakeFiles/app.dir/mnt/host/source/src/platform/ec/build/zephyr/grogu/modules/ec/builtin/stdlib.c.obj
[grogu:rw] [129/337] Building C object zephyr/subsys/mgmt/ec_host_cmd/CMakeFiles/subsys__mgmt__ec_host_cmd.dir/ec_host_cmd_handler.c.obj
[quandiso2:rw] [94/404] Building C object zephyr/lib/libc/minimal/CMakeFiles/lib__libc__minimal.dir/source/stdlib/strtol.c.obj
[grogu:rw] [130/337] Linking C static library zephyr/subsys/mgmt/ec_host_cmd/libsubsys__mgmt__ec_host_cmd.a
[quandiso2:rw] [95/404] Building C object zephyr/lib/libc/minimal/CMakeFiles/lib__libc__minimal.dir/source/stdlib/strtoul.c.obj
[grogu:rw] [131/337] Building C object zephyr/subsys/mgmt/ec_host_cmd/backends/CMakeFiles/subsys__mgmt__ec_host_cmd__backends.dir/ec_host_cmd_backend_shi_ite.c.obj
[grogu:rw] [132/337] Building C object zephyr/subsys/crc/CMakeFiles/subsys__crc.dir/crc32c_sw.c.obj
[grogu:rw] [133/337] Building C object zephyr/subsys/crc/CMakeFiles/subsys__crc.dir/crc24_sw.c.obj
[quandiso2:ro] [66/404] Building C object zephyr/CMakeFiles/zephyr.dir/subsys/shell/backends/shell_uart.c.obj
[grogu:rw] [134/337] Linking C static library zephyr/subsys/mgmt/ec_host_cmd/backends/libsubsys__mgmt__ec_host_cmd__backends.a
[grogu:rw] [135/337] Building C object zephyr/subsys/crc/CMakeFiles/subsys__crc.dir/crc32_sw.c.obj
[quandiso2:rw] [96/404] Building C object zephyr/arch/arch/riscv/core/CMakeFiles/arch__riscv__core.dir/stacktrace.c.obj
[joxer:ro] [22/404] Building C object zephyr/CMakeFiles/zephyr.dir/lib/utils/hex.c.obj
[quandiso2:rw] [97/404] Building C object zephyr/lib/libc/minimal/CMakeFiles/lib__libc__minimal.dir/source/stdlib/strtoull.c.obj
[quandiso2:rw] [98/404] Building C object zephyr/lib/libc/minimal/CMakeFiles/lib__libc__minimal.dir/source/stdlib/strtoll.c.obj
[grogu:rw] [136/337] Building C object zephyr/subsys/crc/CMakeFiles/subsys__crc.dir/crc32k_4_2_sw.c.obj
[quandiso2:rw] [99/404] Linking C static library zephyr/arch/arch/riscv/core/libarch__riscv__core.a
[grogu:rw] [137/337] Linking C static library zephyr/subsys/crc/libsubsys__crc.a
[quandiso2:ro] [67/404] Building C object zephyr/CMakeFiles/zephyr.dir/subsys/shell/shell.c.obj
[quandiso2:rw] [100/404] Building C object zephyr/lib/libc/minimal/CMakeFiles/lib__libc__minimal.dir/source/stdlib/bsearch.c.obj
[deku:rw] warning: Deprecated symbol I2C_ALLOW_NO_STOP_TRANSACTIONS is enabled.
[quandiso2:rw] [101/404] Building C object zephyr/lib/libc/minimal/CMakeFiles/lib__libc__minimal.dir/source/stdlib/qsort.c.obj
[joxer:rw] [38/404] Building C object CMakeFiles/app.dir/mnt/host/source/src/platform/ec/build/zephyr/joxer/modules/ec/common/version.c.obj
[grogu:ro] [24/337] Building C object CMakeFiles/app.dir/mnt/host/source/src/platform/ec/build/zephyr/grogu/modules/ec/common/base32.c.obj
[quandiso2:rw] [102/404] Building C object zephyr/lib/libc/minimal/CMakeFiles/lib__libc__minimal.dir/source/string/strerror.c.obj
[quandiso2:ro] [68/404] Building C object zephyr/CMakeFiles/zephyr.dir/subsys/shell/shell_fprintf.c.obj
[quandiso2:rw] [103/404] Building C object zephyr/lib/libc/minimal/CMakeFiles/lib__libc__minimal.dir/source/string/strncasecmp.c.obj
[grogu:rw] [138/337] Building C object zephyr/drivers/interrupt_controller/CMakeFiles/drivers__interrupt_controller.dir/intc_ite_it8xxx2_v2.c.obj
[joxer:rw] [39/404] Building C object CMakeFiles/app.dir/mnt/host/source/src/platform/ec/build/zephyr/joxer/modules/ec/common/power_button_x86.c.obj
[joxer:ro] [23/404] Building C object zephyr/CMakeFiles/zephyr.dir/lib/utils/rb.c.obj
[quandiso2:rw] [104/404] Building C object zephyr/lib/libc/minimal/CMakeFiles/lib__libc__minimal.dir/source/string/strstr.c.obj
[grogu:rw] [139/337] Building C object zephyr/drivers/interrupt_controller/CMakeFiles/drivers__interrupt_controller.dir/wuc_ite_it8xxx2.c.obj
[quandiso2:rw] [105/404] Building C object zephyr/lib/libc/minimal/CMakeFiles/lib__libc__minimal.dir/source/stdlib/exit.c.obj
[grogu:rw] [140/337] Building C object zephyr/drivers/adc/CMakeFiles/drivers__adc.dir/adc_common.c.obj
[grogu:rw] [141/337] Linking C static library zephyr/drivers/interrupt_controller/libdrivers__interrupt_controller.a
[quandiso2:rw] [106/404] Building C object zephyr/lib/libc/minimal/CMakeFiles/lib__libc__minimal.dir/source/string/string.c.obj
[quandiso2:rw] [107/404] Building C object zephyr/lib/libc/minimal/CMakeFiles/lib__libc__minimal.dir/source/string/strspn.c.obj
[/mnt/host/source/src/platform/ec/build/zephyr/crystaldrift-lcov]   /mnt/host/source/src/platform/ec/build/zephyr/crystaldrift/build-ro/zephyr/drivers/sensor/CMakeFiles/drivers__sensor.dir/mnt/host/source/src/third_party/zephyr/main/misc/empty_file.c.gcno:no functions found
[/mnt/host/source/src/platform/ec/build/zephyr/crystaldrift-lcov] stderr:
[deku:rw] Parsing /mnt/host/source/src/platform/ec/zephyr/program/ovis/Kconfig
[quandiso2:ro] [69/404] Building C object zephyr/CMakeFiles/zephyr.dir/subsys/shell/shell_utils.c.obj
[joxer:ro] [24/404] Building C object zephyr/CMakeFiles/zephyr.dir/lib/utils/timeutil.c.obj
[grogu:rw] [142/337] Building C object zephyr/drivers/adc/CMakeFiles/drivers__adc.dir/adc_ite_it8xxx2.c.obj
[grogu:rw] [143/337] Linking C static library zephyr/drivers/adc/libdrivers__adc.a
[/mnt/host/source/src/platform/ec/build/zephyr/crystaldrift-lcov]   /mnt/host/source/src/platform/ec/build/zephyr/crystaldrift/build-rw/modules/ec/zephyr/CMakeFiles/ec_shim.dir/shim/src/thermal.c.gcno:no functions found
[/mnt/host/source/src/platform/ec/build/zephyr/crystaldrift-lcov] stderr:
[grogu:rw] [144/337] Building C object zephyr/drivers/bbram/CMakeFiles/drivers__bbram.dir/bbram_it8xxx2.c.obj
[joxer:rw] [40/404] Building C object CMakeFiles/app.dir/mnt/host/source/src/platform/ec/build/zephyr/joxer/modules/ec/driver/accel_bma4xx.c.obj
[quandiso2:ro] [70/404] Building C object zephyr/CMakeFiles/zephyr.dir/subsys/shell/shell_ops.c.obj
[grogu:rw] [145/337] Linking C static library zephyr/drivers/bbram/libdrivers__bbram.a
[grogu:ro] [25/337] Building C object CMakeFiles/app.dir/mnt/host/source/src/platform/ec/build/zephyr/grogu/modules/ec/common/console_output.c.obj
[grogu:rw] [146/337] Building C object zephyr/drivers/console/CMakeFiles/drivers__console.dir/uart_console.c.obj
[quandiso2:rw] [108/404] Building C object zephyr/lib/libc/minimal/CMakeFiles/lib__libc__minimal.dir/source/stdout/sprintf.c.obj
[quandiso2:rw] [109/404] Building C object zephyr/lib/libc/minimal/CMakeFiles/lib__libc__minimal.dir/source/stdout/stdout_console.c.obj
[grogu:rw] [147/337] Linking C static library zephyr/drivers/console/libdrivers__console.a
[grogu:rw] [148/337] Building C object zephyr/drivers/crypto/CMakeFiles/drivers__crypto.dir/crypto_it8xxx2_sha_v2.c.obj
[quandiso2:rw] [110/404] Building C object zephyr/lib/libc/minimal/CMakeFiles/lib__libc__minimal.dir/source/stdout/fprintf.c.obj
[joxer:rw] [41/404] Building C object CMakeFiles/app.dir/mnt/host/source/src/platform/ec/build/zephyr/joxer/modules/ec/driver/accelgyro_bmi_common.c.obj
[grogu:rw] [149/337] Linking C static library zephyr/drivers/crypto/libdrivers__crypto.a
[/mnt/host/source/src/platform/ec/build/zephyr/crystaldrift-lcov]   /mnt/host/source/src/platform/ec/build/zephyr/crystaldrift/build-rw/modules/ec/zephyr/CMakeFiles/ec_shim.dir/shim/src/battery.c.gcno:no functions found
[/mnt/host/source/src/platform/ec/build/zephyr/crystaldrift-lcov] stderr:
[joxer:ro] [25/404] Building C object zephyr/CMakeFiles/zephyr.dir/lib/utils/bitarray.c.obj
[quandiso2:rw] [111/404] Building C object zephyr/lib/libc/minimal/CMakeFiles/lib__libc__minimal.dir/source/math/sqrt.c.obj
[quandiso2:rw] [112/404] Building C object zephyr/lib/libc/minimal/CMakeFiles/lib__libc__minimal.dir/source/math/sqrtf.c.obj
[quandiso2:ro] [71/404] Building C object zephyr/CMakeFiles/zephyr.dir/subsys/shell/shell_cmds.c.obj
[/mnt/host/source/src/platform/ec/build/zephyr/crystaldrift-lcov]   /mnt/host/source/src/platform/ec/build/zephyr/crystaldrift/build-rw/modules/ec/zephyr/CMakeFiles/ec_shim.dir/shim/src/charger.c.gcno:no functions found
[/mnt/host/source/src/platform/ec/build/zephyr/crystaldrift-lcov] stderr:
[grogu:rw] [150/337] Building C object zephyr/drivers/flash/CMakeFiles/drivers__flash.dir/flash_ite_it8xxx2.c.obj
[deku:rw] Loaded configuration '/mnt/host/source/src/platform/ec/zephyr/boards/google/npcx9/npcx9_npcx9m3f_defconfig'
[deku:rw] Merged configuration '/mnt/host/source/src/platform/ec/zephyr/program/ovis/program.conf'
[deku:rw] Merged configuration '/mnt/host/source/src/platform/ec/zephyr/program/ovis/deku/project.conf'
[deku:rw] Merged configuration '/mnt/host/source/src/platform/ec/build/zephyr/deku/kconfig-rw.conf'
[deku:rw] Configuration saved to '/mnt/host/source/src/platform/ec/build/zephyr/deku/build-rw/zephyr/.config'
[deku:rw] Kconfig header saved to '/mnt/host/source/src/platform/ec/build/zephyr/deku/build-rw/zephyr/include/generated/zephyr/autoconf.h'
[deku:rw] -- Found GnuLd: /home/jpmurphy/.cache/coreboot-sdk/arm-eabi/ea40ddd1d190c3b48435c474c0b545719371813a/arm-eabi/bin/ld.bfd (found version "2.43.1")
[grogu:rw] [151/337] Linking C static library zephyr/drivers/flash/libdrivers__flash.a
[quandiso2:ro] [72/404] Building C object zephyr/CMakeFiles/zephyr.dir/subsys/shell/shell_history.c.obj
[joxer:ro] [26/404] Building C object zephyr/CMakeFiles/zephyr.dir/lib/utils/bitmask.c.obj
[quandiso2:rw] [113/404] Building C object zephyr/lib/libc/common/CMakeFiles/lib__libc__common.dir/source/time/asctime.c.obj
[deku:rw] -- The C compiler identification is GNU 14.2.0
[grogu:rw] [152/337] Building C object zephyr/drivers/i2c/CMakeFiles/drivers__i2c.dir/i2c_common.c.obj
[joxer:rw] [42/404] Building C object CMakeFiles/app.dir/mnt/host/source/src/platform/ec/build/zephyr/joxer/modules/ec/driver/accelgyro_bmi3xx.c.obj
[quandiso2:rw] [114/404] Building C object zephyr/lib/libc/minimal/CMakeFiles/lib__libc__minimal.dir/source/time/gmtime.c.obj
[quandiso2:rw] [115/404] Building C object zephyr/lib/libc/common/CMakeFiles/lib__libc__common.dir/source/time/gmtime_r.c.obj
[grogu:ro] [26/337] Building C object CMakeFiles/app.dir/mnt/host/source/src/platform/ec/build/zephyr/grogu/modules/ec/common/ec_features.c.obj
[grogu:rw] [153/337] Building C object zephyr/drivers/i2c/CMakeFiles/drivers__i2c.dir/i2c_bitbang.c.obj
[quandiso2:rw] [116/404] Linking C static library zephyr/lib/libc/minimal/liblib__libc__minimal.a
[deku:rw] -- The CXX compiler identification is GNU 14.2.0
[joxer:rw] [43/404] Building C object CMakeFiles/app.dir/mnt/host/source/src/platform/ec/build/zephyr/joxer/modules/ec/common/motion_sense_fifo.c.obj
[quandiso2:rw] [117/404] Building C object zephyr/lib/libc/common/CMakeFiles/lib__libc__common.dir/source/stdlib/abort.c.obj
[quandiso2:rw] [118/404] Building C object zephyr/lib/libc/common/CMakeFiles/lib__libc__common.dir/source/time/localtime_r_utc.c.obj
[deku:rw] -- The ASM compiler identification is GNU
[quandiso2:ro] [73/404] Building C object zephyr/CMakeFiles/zephyr.dir/subsys/shell/shell_wildcard.c.obj
[deku:rw] CMake Warning at /mnt/host/source/src/platform/ec/zephyr/cmake/linker/ld/linker_libraries.cmake:11 (message):
[quandiso2:rw] [119/404] Building C object zephyr/lib/libc/common/CMakeFiles/lib__libc__common.dir/source/time/ctime.c.obj
[quandiso2:ro] [74/404] Building C object zephyr/CMakeFiles/zephyr.dir/drivers/flash/flash_util.c.obj
[quandiso2:rw] [120/404] Building C object zephyr/lib/libc/common/CMakeFiles/lib__libc__common.dir/source/string/strnlen.c.obj
[grogu:rw] [154/337] Building C object zephyr/drivers/i2c/CMakeFiles/drivers__i2c.dir/i2c_shell.c.obj
[joxer:ro] [27/404] Building C object zephyr/CMakeFiles/zephyr.dir/lib/utils/getopt/getopt.c.obj
[quandiso2:rw] [121/404] Building C object zephyr/lib/libc/common/CMakeFiles/lib__libc__common.dir/source/time/time.c.obj
[grogu:rw] [155/337] Building C object zephyr/drivers/pinctrl/CMakeFiles/drivers__pinctrl.dir/common.c.obj
[quandiso2:rw] [122/404] Building C object zephyr/lib/posix/c_lib_ext/CMakeFiles/lib__posix__c_lib_ext.dir/fnmatch.c.obj
[quandiso2:ro] [75/404] Linking C static library zephyr/libzephyr.a
[/mnt/host/source/src/platform/ec/build/zephyr/crystaldrift-lcov]   /mnt/host/source/src/platform/ec/build/zephyr/crystaldrift/build-rw/modules/ec/zephyr/CMakeFiles/ec_shim.dir/shim/src/usb_muxes.c.gcno:no functions found
[/mnt/host/source/src/platform/ec/build/zephyr/crystaldrift-lcov] stderr:
[grogu:rw] [156/337] Building C object zephyr/drivers/gpio/CMakeFiles/drivers__gpio.dir/gpio_ite_it8xxx2_v2.c.obj
[grogu:rw] [157/337] Linking C static library zephyr/drivers/gpio/libdrivers__gpio.a
[quandiso2:ro] [76/404] Building C object zephyr/arch/common/CMakeFiles/arch__common.dir/sw_isr_common.c.obj
[joxer:rw] [44/404] Building C object CMakeFiles/app.dir/mnt/host/source/src/platform/ec/build/zephyr/joxer/modules/ec/common/adc.c.obj
[quandiso2:rw] [123/404] Building C object zephyr/lib/libc/common/CMakeFiles/lib__libc__common.dir/source/stdlib/malloc.c.obj
[grogu:rw] [158/337] Building C object zephyr/drivers/i2c/CMakeFiles/drivers__i2c.dir/i2c_ite_enhance.c.obj
[grogu:ro] [27/337] Building C object CMakeFiles/app.dir/mnt/host/source/src/platform/ec/build/zephyr/grogu/modules/ec/common/gpio_commands.c.obj
[grogu:rw] [159/337] Linking C static library zephyr/drivers/i2c/libdrivers__i2c.a
[quandiso2:rw] [124/404] Linking C static library zephyr/lib/libc/common/liblib__libc__common.a
[joxer:rw] [45/404] Building C object CMakeFiles/app.dir/mnt/host/source/src/platform/ec/build/zephyr/joxer/modules/ec/common/acpi.c.obj
[joxer:ro] [28/404] Building C object zephyr/CMakeFiles/zephyr.dir/lib/utils/getopt/getopt_common.c.obj
[quandiso2:rw] [125/404] Building C object zephyr/lib/posix/c_lib_ext/CMakeFiles/lib__posix__c_lib_ext.dir/getopt_shim.c.obj
[quandiso2:ro] [77/404] Building C object zephyr/arch/common/CMakeFiles/arch__common.dir/dynamic_isr.c.obj
[deku:rw] -- Found assembler: /home/jpmurphy/.cache/coreboot-sdk/arm-eabi/ea40ddd1d190c3b48435c474c0b545719371813a/bin/arm-eabi-gcc
[deku:rw] -- Performing EC specific devicetree checks
[quandiso2:rw] [126/404] Building C object zephyr/subsys/crc/CMakeFiles/subsys__crc.dir/crc4_sw.c.obj
[quandiso2:rw] [127/404] Building C object zephyr/lib/posix/c_lib_ext/CMakeFiles/lib__posix__c_lib_ext.dir/getentropy.c.obj
[quandiso2:ro] [78/404] Building C object zephyr/arch/common/CMakeFiles/arch__common.dir/init.c.obj
[grogu:rw] [160/337] Building C object zephyr/drivers/pwm/CMakeFiles/drivers__pwm.dir/pwm_shell.c.obj
[grogu:rw] [161/337] Building C object zephyr/drivers/pinctrl/CMakeFiles/drivers__pinctrl.dir/pinctrl_ite_it8xxx2.c.obj
[quandiso2:rw] [128/404] Building C object zephyr/subsys/crc/CMakeFiles/subsys__crc.dir/crc8_sw.c.obj
[quandiso2:rw] [129/404] Linking C static library zephyr/lib/posix/c_lib_ext/liblib__posix__c_lib_ext.a
[quandiso2:rw] [130/404] Building C object zephyr/subsys/crc/CMakeFiles/subsys__crc.dir/crc16_sw.c.obj
[grogu:rw] [162/337] Linking C static library zephyr/drivers/pinctrl/libdrivers__pinctrl.a
[deku:rw]   Disabling c_library
[deku:rw] Call Stack (most recent call first):
[deku:rw]   /mnt/host/source/src/third_party/zephyr/main/cmake/target_toolchain_flags.cmake:48 (include)
[deku:rw]   /mnt/host/source/src/third_party/zephyr/main/cmake/modules/kernel.cmake:153 (include)
[deku:rw]   /mnt/host/source/src/third_party/zephyr/main/cmake/modules/zephyr_default.cmake:138 (include)
[deku:rw]   /mnt/host/source/src/third_party/zephyr/main/share/zephyr-package/cmake/ZephyrConfig.cmake:66 (include)
[deku:rw]   /mnt/host/source/src/third_party/zephyr/main/share/zephyr-package/cmake/ZephyrConfig.cmake:97 (include_boilerplate)
[deku:rw]   CMakeLists.txt:6 (find_package)
[deku:rw] INFO: Verified 92 GPIOs, no duplicates found
[deku:rw] INFO: Verified 9 '*-gpios' properties, all flags match.
[quandiso2:rw] [131/404] Building C object zephyr/subsys/crc/CMakeFiles/subsys__crc.dir/crc7_sw.c.obj
[grogu:rw] [163/337] Building C object zephyr/drivers/syscon/CMakeFiles/drivers__syscon.dir/mnt/host/source/src/third_party/zephyr/main/misc/empty_file.c.obj
[quandiso2:rw] [132/404] Building C object zephyr/subsys/crc/CMakeFiles/subsys__crc.dir/crc24_sw.c.obj
[quandiso2:rw] [133/404] Building C object zephyr/subsys/crc/CMakeFiles/subsys__crc.dir/crc32c_sw.c.obj
[joxer:ro] [29/404] Building C object zephyr/CMakeFiles/zephyr.dir/lib/utils/ring_buffer.c.obj
[grogu:rw] [164/337] Linking C static library zephyr/drivers/syscon/libdrivers__syscon.a
[grogu:rw] [165/337] Building C object zephyr/drivers/pwm/CMakeFiles/drivers__pwm.dir/pwm_ite_it8xxx2.c.obj
[quandiso2:rw] [134/404] Building C object zephyr/subsys/crc/CMakeFiles/subsys__crc.dir/crc32k_4_2_sw.c.obj
[quandiso2:rw] [135/404] Building C object zephyr/subsys/crc/CMakeFiles/subsys__crc.dir/crc32_sw.c.obj
[grogu:rw] [166/337] Linking C static library zephyr/drivers/pwm/libdrivers__pwm.a
[deku:rw] -- Generating component manifest file
[joxer:ro] [30/404] Building C object zephyr/CMakeFiles/zephyr.dir/lib/utils/last_section_id.c.obj
[joxer:rw] [46/404] Building C object CMakeFiles/app.dir/mnt/host/source/src/platform/ec/build/zephyr/joxer/modules/ec/common/backlight_lid.c.obj
[quandiso2:rw] [136/404] Linking C static library zephyr/subsys/crc/libsubsys__crc.a
[/mnt/host/source/src/platform/ec/build/zephyr/crystaldrift-lcov]   /mnt/host/source/src/platform/ec/build/zephyr/crystaldrift/build-rw/modules/ec/zephyr/CMakeFiles/ec_shim.dir/shim/src/usba.c.gcno:no functions found
[/mnt/host/source/src/platform/ec/build/zephyr/crystaldrift-lcov] stderr:
[grogu:rw] [167/337] Building C object zephyr/drivers/serial/CMakeFiles/drivers__serial.dir/uart_ite_it8xxx2.c.obj
[joxer:ro] [31/404] Building C object zephyr/CMakeFiles/zephyr.dir/misc/generated/configs.c.obj
[quandiso2:ro] [79/404] Building C object zephyr/arch/common/CMakeFiles/arch__common.dir/xip.c.obj
[grogu:ro] [28/337] Building C object CMakeFiles/app.dir/mnt/host/source/src/platform/ec/build/zephyr/grogu/modules/ec/common/peripheral.c.obj
[deku:rw] INFO: Skipped 9 named-gpios children.
[deku:rw] INFO: Running CME, outputting to /mnt/host/source/src/platform/ec/build/zephyr/deku/build-rw/zephyr/component_manifest.json
[deku:rw] INFO: Project deku does not support SSFC
[deku:rw] INFO: Component virtual-mux-c0(cros-ec,usbc-mux-virtual) not on I2C bus, skip it
[deku:rw] INFO: Component virtual-mux-c1(cros-ec,usbc-mux-virtual) not on I2C bus, skip it
[deku:rw] INFO: Component virtual-mux-c2(cros-ec,usbc-mux-virtual) not on I2C bus, skip it
[deku:rw] INFO: Component virtual-mux-c3(cros-ec,usbc-mux-virtual) not on I2C bus, skip it
[deku:rw] INFO: No motionsense-sensor node found
[quandiso2:ro] [80/404] Building C object zephyr/arch/common/CMakeFiles/isr_tables.dir/isr_tables.c.obj
[joxer:rw] [47/404] Building C object CMakeFiles/app.dir/mnt/host/source/src/platform/ec/build/zephyr/joxer/modules/ec/common/battery.c.obj
[quandiso2:ro] [81/404] Linking C static library zephyr/arch/common/libisr_tables.a
[deku:rw] -- warning_base_override: -Wall;-Wformat;-Wformat-security;-Wformat;-Wno-format-zero-length;-Wno-pointer-sign;-Wpointer-arith;-Wexpansion-to-defined
[quandiso2:ro] [82/404] Linking C static library zephyr/arch/common/libarch__common.a
[joxer:ro] [32/404] Building ASM object zephyr/CMakeFiles/zephyr.dir/soc/ite/ec/common/soc_irq.S.obj
[quandiso2:rw] [137/404] Building C object zephyr/drivers/interrupt_controller/CMakeFiles/drivers__interrupt_controller.dir/intc_ite_it8xxx2.c.obj
[grogu:rw] [168/337] Building C object zephyr/drivers/serial/CMakeFiles/drivers__serial.dir/uart_ns16550.c.obj
[grogu:rw] [169/337] Building C object zephyr/drivers/timer/CMakeFiles/drivers__timer.dir/sys_clock_init.c.obj
[quandiso2:rw] [138/404] Building C object zephyr/drivers/interrupt_controller/CMakeFiles/drivers__interrupt_controller.dir/wuc_ite_it8xxx2.c.obj
[grogu:rw] [170/337] Linking C static library zephyr/drivers/serial/libdrivers__serial.a
[quandiso2:rw] [139/404] Building C object zephyr/drivers/adc/CMakeFiles/drivers__adc.dir/adc_common.c.obj
[quandiso2:rw] [140/404] Linking C static library zephyr/drivers/interrupt_controller/libdrivers__interrupt_controller.a
[grogu:rw] [171/337] Building C object zephyr/drivers/timer/CMakeFiles/drivers__timer.dir/ite_it8xxx2_timer.c.obj
[grogu:rw] [172/337] Building C object zephyr/drivers/watchdog/CMakeFiles/drivers__watchdog.dir/wdt_ite_it8xxx2.c.obj
[quandiso2:ro] [83/404] Building C object zephyr/arch/arch/riscv/core/CMakeFiles/arch__riscv__core.dir/cpu_idle.c.obj
[joxer:rw] [48/404] Building C object CMakeFiles/app.dir/mnt/host/source/src/platform/ec/build/zephyr/joxer/modules/ec/common/battery_info.c.obj
[grogu:rw] [173/337] Linking C static library zephyr/drivers/timer/libdrivers__timer.a
[deku:rw] -- Found gen_kobject_list: /mnt/host/source/src/third_party/zephyr/main/scripts/build/gen_kobject_list.py
[deku:rw] CMake Warning at /mnt/host/source/src/third_party/zephyr/main/CMakeLists.txt:2359 (message):
[deku:rw]   __ASSERT() statements are globally ENABLED
[grogu:ro] [29/337] Building C object CMakeFiles/app.dir/mnt/host/source/src/platform/ec/build/zephyr/grogu/modules/ec/common/printf.c.obj
[deku:rw] -- Configuring done (16.8s)
[joxer:ro] [33/404] Building C object zephyr/CMakeFiles/zephyr.dir/soc/ite/ec/common/soc_common_irq.c.obj
[quandiso2:ro] [84/404] Building C object zephyr/arch/arch/riscv/core/CMakeFiles/arch__riscv__core.dir/fatal.c.obj
[joxer:rw] [49/404] Building C object CMakeFiles/app.dir/mnt/host/source/src/platform/ec/build/zephyr/joxer/modules/ec/common/battery_fuel_gauge.c.obj
[quandiso2:rw] [141/404] Building C object zephyr/drivers/console/CMakeFiles/drivers__console.dir/uart_console.c.obj
[grogu:rw] [174/337] Building C object zephyr/drivers/watchdog/CMakeFiles/drivers__watchdog.dir/wdt_shell.c.obj
[quandiso2:rw] [142/404] Building C object zephyr/drivers/bbram/CMakeFiles/drivers__bbram.dir/bbram_it8xxx2.c.obj
[grogu:rw] [175/337] Linking C static library zephyr/drivers/watchdog/libdrivers__watchdog.a
[quandiso2:rw] [143/404] Linking C static library zephyr/drivers/console/libdrivers__console.a
[quandiso2:rw] [144/404] Linking C static library zephyr/drivers/bbram/libdrivers__bbram.a
[quandiso2:ro] [85/404] Building C object zephyr/arch/arch/riscv/core/CMakeFiles/arch__riscv__core.dir/prep_c.c.obj
[quandiso2:rw] [145/404] Building C object zephyr/drivers/adc/CMakeFiles/drivers__adc.dir/adc_ite_it8xxx2.c.obj
[grogu:rw] [176/337] Building C object modules/ec/zephyr/CMakeFiles/ec_shim.dir/app/ec/main_shim.c.obj
[quandiso2:ro] [86/404] Building C object zephyr/arch/arch/riscv/core/CMakeFiles/arch__riscv__core.dir/irq_manage.c.obj
[quandiso2:rw] [146/404] Linking C static library zephyr/drivers/adc/libdrivers__adc.a
[grogu:rw] [177/337] Building C object modules/ec/zephyr/CMakeFiles/ec_shim.dir/app/ec/ec_app_main.c.obj
[deku:rw] -- Generating done (0.6s)
[deku:rw] CMake Warning:
[deku:rw] -- Build files have been written to: /mnt/host/source/src/platform/ec/build/zephyr/deku/build-rw
[grogu:ro] [30/337] Building C object CMakeFiles/app.dir/mnt/host/source/src/platform/ec/build/zephyr/grogu/modules/ec/common/queue.c.obj
[joxer:ro] [34/404] Building C object zephyr/CMakeFiles/zephyr.dir/soc/ite/ec/common/power.c.obj
[joxer:rw] [50/404] Building C object CMakeFiles/app.dir/mnt/host/source/src/platform/ec/build/zephyr/joxer/modules/ec/driver/battery/smart.c.obj
[grogu:rw] [178/337] Building C object modules/ec/zephyr/CMakeFiles/ec_shim.dir/drivers/cros_flash/cros_flash_it8xxx2.c.obj
[deku:rw]   Manually-specified variables were not used by the project:
[deku:rw]     COREBOOT_SDK_ROOT_libstdcxx_riscv64
[deku:rw]     COREBOOT_SDK_ROOT_libstdcxx_x86
[deku:rw]     COREBOOT_SDK_ROOT_nds32
[deku:rw]     COREBOOT_SDK_ROOT_picolibc_riscv64
[deku:rw]     COREBOOT_SDK_ROOT_picolibc_x86
[deku:rw]     COREBOOT_SDK_ROOT_riscv
[deku:rw]     COREBOOT_SDK_ROOT_riscv64
[deku:rw]     COREBOOT_SDK_ROOT_x86
[quandiso2:rw] [147/404] Building C object zephyr/drivers/eeprom/CMakeFiles/drivers__eeprom.dir/eeprom_shell.c.obj
[quandiso2:ro] [87/404] Building C object zephyr/arch/arch/riscv/core/CMakeFiles/arch__riscv__core.dir/reboot.c.obj
[quandiso2:rw] [148/404] Building C object zephyr/drivers/eeprom/CMakeFiles/drivers__eeprom.dir/eeprom_at2x.c.obj
[quandiso2:ro] [88/404] Building ASM object zephyr/arch/arch/riscv/core/CMakeFiles/arch__riscv__core.dir/reset.S.obj
[grogu:rw] [179/337] Building C object modules/ec/zephyr/CMakeFiles/ec_shim.dir/drivers/cros_kb_raw/cros_kb_raw_ite.c.obj
[joxer:rw] [51/404] Building C object CMakeFiles/app.dir/mnt/host/source/src/platform/ec/build/zephyr/joxer/modules/ec/driver/charger/sm5803.c.obj
[quandiso2:rw] [149/404] Linking C static library zephyr/drivers/eeprom/libdrivers__eeprom.a
[grogu:rw] [180/337] Building C object modules/ec/zephyr/CMakeFiles/ec_shim.dir/drivers/usbc/ucsi_v3.c.obj
[grogu:rw] [181/337] Building C object modules/ec/zephyr/CMakeFiles/ec_shim.dir/drivers/cros_system/cros_system_it8xxx2.c.obj
[joxer:ro] [35/404] Building C object zephyr/CMakeFiles/zephyr.dir/soc/ite/ec/common/policy.c.obj
[quandiso2:rw] [150/404] Building C object zephyr/drivers/espi/CMakeFiles/drivers__espi.dir/espi_it8xxx2.c.obj
[quandiso2:rw] [151/404] Linking C static library zephyr/drivers/espi/libdrivers__espi.a
[grogu:rw] [182/337] Building C object modules/ec/zephyr/CMakeFiles/ec_shim.dir/shim/chip/it8xxx2/clock.c.obj
[quandiso2:rw] [152/404] Building C object zephyr/drivers/flash/CMakeFiles/drivers__flash.dir/flash_ite_it8xxx2.c.obj
[joxer:rw] [52/404] Building C object CMakeFiles/app.dir/mnt/host/source/src/platform/ec/build/zephyr/joxer/modules/ec/common/charger.c.obj
[quandiso2:ro] [89/404] Building ASM object zephyr/arch/arch/riscv/core/CMakeFiles/arch__riscv__core.dir/switch.S.obj
[quandiso2:rw] [153/404] Linking C static library zephyr/drivers/flash/libdrivers__flash.a
[quandiso2:ro] [90/404] Building C object zephyr/arch/arch/riscv/core/CMakeFiles/arch__riscv__core.dir/thread.c.obj
[grogu:ro] [31/337] Building C object CMakeFiles/app.dir/mnt/host/source/src/platform/ec/build/zephyr/grogu/modules/ec/common/system.c.obj
[quandiso2:rw] [154/404] Building C object zephyr/drivers/gpio/CMakeFiles/drivers__gpio.dir/gpio_ite_it8xxx2.c.obj
[joxer:ro] [36/404] Building C object zephyr/CMakeFiles/zephyr.dir/soc/ite/ec/it8xxx2/soc.c.obj
[grogu:rw] [183/337] Building C object modules/ec/zephyr/CMakeFiles/ec_shim.dir/shim/chip/it8xxx2/keyboard_raw.c.obj
[grogu:rw] [184/337] Building C object modules/ec/zephyr/CMakeFiles/ec_shim.dir/shim/chip/it8xxx2/system.c.obj
[grogu:rw] [185/337] Building C object modules/ec/zephyr/CMakeFiles/ec_shim.dir/shim/chip/it8xxx2/gpio.c.obj
[grogu:rw] [186/337] Building C object modules/ec/zephyr/CMakeFiles/ec_shim.dir/drivers/usbc/pdc_rts54xx.c.obj
[quandiso2:rw] [155/404] Building C object zephyr/drivers/gpio/CMakeFiles/drivers__gpio.dir/gpio_kscan_ite_it8xxx2.c.obj
[grogu:rw] [187/337] Building C object modules/ec/zephyr/CMakeFiles/ec_shim.dir/shim/chip/it8xxx2/power_policy.c.obj
[quandiso2:rw] [156/404] Linking C static library zephyr/drivers/gpio/libdrivers__gpio.a
[joxer:rw] [53/404] Building C object CMakeFiles/app.dir/mnt/host/source/src/platform/ec/build/zephyr/joxer/modules/ec/common/charge_state.c.obj
[/mnt/host/source/src/platform/ec/build/zephyr/crystaldrift-lcov]   /mnt/host/source/src/platform/ec/build/zephyr/crystaldrift/build-rw/modules/ec/zephyr/CMakeFiles/ec_shim.dir/shim/src/bc12.c.gcno:no functions found
[/mnt/host/source/src/platform/ec/build/zephyr/crystaldrift-lcov] stderr:
[quandiso2:ro] [91/404] Building ASM object zephyr/arch/arch/riscv/core/CMakeFiles/arch__riscv__core.dir/isr.S.obj
[quandiso2:rw] [157/404] Building C object zephyr/drivers/i2c/CMakeFiles/drivers__i2c.dir/i2c_common.c.obj
[quandiso2:ro] [92/404] Generating ../../../include/generated/libc/minimal/strerror_table.h
[quandiso2:ro] [93/404] Building C object zephyr/arch/arch/riscv/core/CMakeFiles/arch__riscv__core.dir/stacktrace.c.obj
[joxer:ro] [37/404] Building C object zephyr/CMakeFiles/zephyr.dir/soc/ite/ec/it8xxx2/check_regs.c.obj
[quandiso2:rw] [158/404] Building C object zephyr/drivers/i2c/CMakeFiles/drivers__i2c.dir/i2c_bitbang.c.obj
[quandiso2:ro] [94/404] Linking C static library zephyr/arch/arch/riscv/core/libarch__riscv__core.a
[grogu:ro] [32/337] Building C object CMakeFiles/app.dir/mnt/host/source/src/platform/ec/build/zephyr/grogu/modules/ec/common/system_boot_time.c.obj
[quandiso2:ro] [95/404] Building C object zephyr/lib/libc/minimal/CMakeFiles/lib__libc__minimal.dir/source/stdlib/atoi.c.obj
[joxer:rw] [54/404] Building C object CMakeFiles/app.dir/mnt/host/source/src/platform/ec/build/zephyr/joxer/modules/ec/common/charge_manager.c.obj
[quandiso2:ro] [96/404] Building C object zephyr/lib/libc/minimal/CMakeFiles/lib__libc__minimal.dir/source/stdlib/strtol.c.obj
[grogu:rw] [188/337] Building C object modules/ec/zephyr/CMakeFiles/ec_shim.dir/shim/src/crc.c.obj
[grogu:rw] [189/337] Building C object modules/ec/zephyr/CMakeFiles/ec_shim.dir/shim/chip/it8xxx2/shi.c.obj
[quandiso2:ro] [97/404] Building C object zephyr/lib/libc/minimal/CMakeFiles/lib__libc__minimal.dir/source/stdlib/strtoul.c.obj
[grogu:rw] [190/337] Building C object modules/ec/zephyr/CMakeFiles/ec_shim.dir/shim/src/panic_utils.c.obj
[grogu:rw] [191/337] Building C object modules/ec/zephyr/CMakeFiles/ec_shim.dir/shim/src/console.c.obj
[joxer:ro] [38/404] Building ASM object zephyr/CMakeFiles/zephyr.dir/soc/ite/ec/it8xxx2/vector.S.obj
[quandiso2:rw] [159/404] Building C object zephyr/drivers/i2c/CMakeFiles/drivers__i2c.dir/i2c_shell.c.obj
[grogu:rw] [192/337] Building C object modules/ec/zephyr/CMakeFiles/ec_shim.dir/shim/src/gpio_int.c.obj
[quandiso2:ro] [98/404] Building C object zephyr/lib/libc/minimal/CMakeFiles/lib__libc__minimal.dir/source/stdlib/strtoll.c.obj
[quandiso2:ro] [99/404] Building C object zephyr/lib/libc/minimal/CMakeFiles/lib__libc__minimal.dir/source/stdlib/strtoull.c.obj
[grogu:rw] [193/337] Building C object modules/ec/zephyr/CMakeFiles/ec_shim.dir/shim/src/gpio.c.obj
[joxer:rw] [55/404] Building C object CMakeFiles/app.dir/mnt/host/source/src/platform/ec/build/zephyr/joxer/modules/ec/common/ocpc.c.obj
[joxer:ro] [39/404] Building ASM object zephyr/CMakeFiles/zephyr.dir/soc/ite/ec/it8xxx2/__arithmetic.S.obj
[quandiso2:ro] [100/404] Building C object zephyr/lib/libc/minimal/CMakeFiles/lib__libc__minimal.dir/source/stdlib/bsearch.c.obj
[grogu:ro] [33/337] Building C object CMakeFiles/app.dir/mnt/host/source/src/platform/ec/build/zephyr/grogu/modules/ec/common/uart_printf.c.obj
[quandiso2:rw] [160/404] Building C object zephyr/drivers/i2c/CMakeFiles/drivers__i2c.dir/i2c_ite_enhance.c.obj
[quandiso2:rw] [161/404] Building C object zephyr/drivers/i2c/CMakeFiles/drivers__i2c.dir/i2c_ite_it8xxx2.c.obj
[quandiso2:rw] [162/404] Linking C static library zephyr/drivers/i2c/libdrivers__i2c.a
[quandiso2:rw] [163/404] Building C object zephyr/drivers/pinctrl/CMakeFiles/drivers__pinctrl.dir/common.c.obj
[grogu:rw] [194/337] Building C object modules/ec/zephyr/CMakeFiles/ec_shim.dir/shim/src/cbi/cros_cbi.c.obj
[quandiso2:ro] [101/404] Building C object zephyr/lib/libc/minimal/CMakeFiles/lib__libc__minimal.dir/source/stdlib/qsort.c.obj
[joxer:rw] [56/404] Building C object CMakeFiles/app.dir/mnt/host/source/src/platform/ec/build/zephyr/joxer/modules/ec/common/cbi_common.c.obj
[grogu:rw] [195/337] Building C object modules/ec/zephyr/CMakeFiles/ec_shim.dir/shim/src/pm_state.c.obj
[grogu:rw] [196/337] Building C object modules/ec/zephyr/CMakeFiles/ec_shim.dir/shim/src/cbi/cbi_flash.c.obj
[quandiso2:ro] [102/404] Building C object zephyr/lib/libc/minimal/CMakeFiles/lib__libc__minimal.dir/source/stdlib/exit.c.obj
[joxer:ro] [40/404] Building C object zephyr/CMakeFiles/zephyr.dir/soc/ite/ec/it8xxx2/ilm.c.obj
[quandiso2:ro] [103/404] Building C object zephyr/lib/libc/minimal/CMakeFiles/lib__libc__minimal.dir/source/string/strerror.c.obj
[grogu:rw] [197/337] Building C object modules/ec/zephyr/CMakeFiles/ec_shim.dir/shim/src/led_driver/led_pwm.c.obj
[quandiso2:ro] [104/404] Building C object zephyr/lib/libc/minimal/CMakeFiles/lib__libc__minimal.dir/source/string/strncasecmp.c.obj
[grogu:rw] [198/337] Building C object modules/ec/zephyr/CMakeFiles/ec_shim.dir/shim/src/led_driver/led.c.obj
[quandiso2:ro] [105/404] Building C object zephyr/lib/libc/minimal/CMakeFiles/lib__libc__minimal.dir/source/string/strstr.c.obj
[joxer:rw] [57/404] Building C object CMakeFiles/app.dir/mnt/host/source/src/platform/ec/build/zephyr/joxer/modules/ec/common/cbi.c.obj
[grogu:ro] [34/337] Building C object CMakeFiles/app.dir/mnt/host/source/src/platform/ec/build/zephyr/grogu/modules/ec/common/util.c.obj
[quandiso2:ro] [106/404] Building C object zephyr/lib/libc/minimal/CMakeFiles/lib__libc__minimal.dir/source/string/string.c.obj
[quandiso2:rw] [164/404] Building C object zephyr/drivers/pwm/CMakeFiles/drivers__pwm.dir/pwm_shell.c.obj
[quandiso2:rw] [165/404] Building C object zephyr/drivers/pinctrl/CMakeFiles/drivers__pinctrl.dir/pinctrl_ite_it8xxx2.c.obj
[quandiso2:ro] [107/404] Building C object zephyr/lib/libc/minimal/CMakeFiles/lib__libc__minimal.dir/source/string/strspn.c.obj
[quandiso2:rw] [166/404] Building C object zephyr/drivers/sensor/CMakeFiles/drivers__sensor.dir/mnt/host/source/src/third_party/zephyr/main/misc/empty_file.c.obj
[quandiso2:rw] [167/404] Linking C static library zephyr/drivers/pinctrl/libdrivers__pinctrl.a
[quandiso2:rw] [168/404] Building C object zephyr/drivers/pwm/CMakeFiles/drivers__pwm.dir/pwm_ite_it8xxx2.c.obj
[joxer:rw] [58/404] Building C object CMakeFiles/app.dir/mnt/host/source/src/platform/ec/build/zephyr/joxer/modules/ec/common/cbi_config.c.obj
[quandiso2:rw] [169/404] Linking C static library zephyr/drivers/sensor/libdrivers__sensor.a
[quandiso2:rw] [170/404] Linking C static library zephyr/drivers/pwm/libdrivers__pwm.a
[grogu:rw] [199/337] Building C object modules/ec/zephyr/CMakeFiles/ec_shim.dir/shim/src/system.c.obj
[joxer:ro] [41/404] Building C object zephyr/CMakeFiles/zephyr.dir/subsys/logging/log_minimal.c.obj
[grogu:rw] [200/337] Building C object modules/ec/zephyr/CMakeFiles/ec_shim.dir/shim/src/adc.c.obj
[grogu:rw] [201/337] Building C object modules/ec/zephyr/CMakeFiles/ec_shim.dir/shim/src/pdc_shim.c.obj
[grogu:rw] [202/337] Building C object modules/ec/zephyr/CMakeFiles/ec_shim.dir/shim/src/charger.c.obj
[grogu:rw] [203/337] Building C object modules/ec/zephyr/CMakeFiles/ec_shim.dir/shim/src/battery.c.obj
[quandiso2:ro] [108/404] Building C object zephyr/lib/libc/minimal/CMakeFiles/lib__libc__minimal.dir/source/stdout/sprintf.c.obj
[quandiso2:ro] [109/404] Building C object zephyr/lib/libc/minimal/CMakeFiles/lib__libc__minimal.dir/source/stdout/stdout_console.c.obj
[grogu:ro] [35/337] Building C object CMakeFiles/app.dir/mnt/host/source/src/platform/ec/build/zephyr/grogu/modules/ec/common/version.c.obj
[joxer:rw] [59/404] Building C object CMakeFiles/app.dir/mnt/host/source/src/platform/ec/build/zephyr/joxer/modules/ec/common/memory_commands.c.obj
[quandiso2:rw] [171/404] Building C object zephyr/drivers/serial/CMakeFiles/drivers__serial.dir/uart_ite_it8xxx2.c.obj
[joxer:ro] [42/404] Building C object zephyr/CMakeFiles/zephyr.dir/subsys/pm/pm.c.obj
[quandiso2:ro] [110/404] Building C object zephyr/lib/libc/minimal/CMakeFiles/lib__libc__minimal.dir/source/math/sqrtf.c.obj
[joxer:rw] [60/404] Building C object CMakeFiles/app.dir/mnt/host/source/src/platform/ec/build/zephyr/joxer/modules/ec/common/dptf.c.obj
[quandiso2:rw] [172/404] Building C object zephyr/drivers/sensor/ite/ite_vcmp_it8xxx2/CMakeFiles/drivers__sensor__ite__ite_vcmp_it8xxx2.dir/vcmp_ite_it8xxx2.c.obj
[quandiso2:rw] [173/404] Building C object zephyr/drivers/sensor/ite/ite_tach_it8xxx2/CMakeFiles/drivers__sensor__ite__ite_tach_it8xxx2.dir/tach_ite_it8xxx2.c.obj
[quandiso2:rw] [174/404] Linking C static library zephyr/drivers/sensor/ite/ite_vcmp_it8xxx2/libdrivers__sensor__ite__ite_vcmp_it8xxx2.a
[grogu:rw] [204/337] Building C object modules/ec/zephyr/CMakeFiles/ec_shim.dir/shim/src/flash.c.obj
[quandiso2:rw] [175/404] Linking C static library zephyr/drivers/sensor/ite/ite_tach_it8xxx2/libdrivers__sensor__ite__ite_tach_it8xxx2.a
[quandiso2:ro] [111/404] Building C object zephyr/lib/libc/minimal/CMakeFiles/lib__libc__minimal.dir/source/stdout/fprintf.c.obj
[grogu:rw] [205/337] Building C object modules/ec/zephyr/CMakeFiles/ec_shim.dir/shim/src/host_command.c.obj
[grogu:rw] [206/337] Building C object modules/ec/zephyr/CMakeFiles/ec_shim.dir/shim/src/console_buffer.c.obj
[quandiso2:ro] [112/404] Building C object zephyr/lib/libc/minimal/CMakeFiles/lib__libc__minimal.dir/source/math/sqrt.c.obj
[grogu:rw] [207/337] Building C object modules/ec/zephyr/CMakeFiles/ec_shim.dir/shim/src/keyboard_raw.c.obj
[grogu:rw] [208/337] Building C object modules/ec/zephyr/CMakeFiles/ec_shim.dir/shim/src/hooks.c.obj
[joxer:ro] [43/404] Building C object zephyr/CMakeFiles/zephyr.dir/subsys/pm/state.c.obj
[grogu:ro] [36/337] Building C object CMakeFiles/app.dir/mnt/host/source/src/platform/ec/build/zephyr/grogu/modules/ec/common/adc.c.obj
[joxer:rw] [61/404] Building C object CMakeFiles/app.dir/mnt/host/source/src/platform/ec/build/zephyr/joxer/modules/ec/common/ap_reset_log.c.obj
[quandiso2:rw] [176/404] Building C object zephyr/drivers/serial/CMakeFiles/drivers__serial.dir/uart_ns16550.c.obj
[grogu:rw] [209/337] Building C object modules/ec/zephyr/CMakeFiles/ec_shim.dir/shim/src/keyscan.c.obj
[joxer:rw] [62/404] Building C object CMakeFiles/app.dir/mnt/host/source/src/platform/ec/build/zephyr/joxer/modules/ec/common/espi.c.obj
[quandiso2:rw] [177/404] Linking C static library zephyr/drivers/serial/libdrivers__serial.a
[quandiso2:rw] [178/404] Building C object zephyr/drivers/timer/CMakeFiles/drivers__timer.dir/sys_clock_init.c.obj
[quandiso2:rw] [179/404] Building C object zephyr/drivers/timer/CMakeFiles/drivers__timer.dir/ite_it8xxx2_timer.c.obj
[quandiso2:ro] [113/404] Building C object zephyr/lib/libc/minimal/CMakeFiles/lib__libc__minimal.dir/source/time/gmtime.c.obj
[quandiso2:rw] [180/404] Linking C static library zephyr/drivers/timer/libdrivers__timer.a
[quandiso2:ro] [114/404] Linking C static library zephyr/lib/libc/minimal/liblib__libc__minimal.a
[quandiso2:ro] [115/404] Building C object zephyr/lib/libc/common/CMakeFiles/lib__libc__common.dir/source/stdlib/abort.c.obj
[grogu:rw] [210/337] Building C object modules/ec/zephyr/CMakeFiles/ec_shim.dir/shim/src/mkbp_event.c.obj
[grogu:rw] [211/337] Building C object modules/ec/zephyr/CMakeFiles/ec_shim.dir/shim/src/hwtimer.c.obj
[grogu:rw] [212/337] Building C object modules/ec/zephyr/CMakeFiles/ec_shim.dir/shim/src/power.c.obj
[grogu:rw] [213/337] Building C object modules/ec/zephyr/CMakeFiles/ec_shim.dir/shim/src/panic.c.obj
[joxer:ro] [44/404] Building C object zephyr/CMakeFiles/zephyr.dir/subsys/pm/policy/policy_events.c.obj
[quandiso2:ro] [116/404] Building C object zephyr/lib/libc/common/CMakeFiles/lib__libc__common.dir/source/time/gmtime_r.c.obj
[quandiso2:ro] [117/404] Building C object zephyr/lib/libc/common/CMakeFiles/lib__libc__common.dir/source/time/asctime.c.obj
[/mnt/host/source/src/platform/ec/build/zephyr/skywalker-tps6699x-lcov]   /mnt/host/source/src/platform/ec/build/zephyr/skywalker-tps6699x/build-ro/zephyr/CMakeFiles/zephyr.dir/soc/nuvoton/npcx/common/npcxn/registers.c.gcno:no functions found
[/mnt/host/source/src/platform/ec/build/zephyr/skywalker-tps6699x-lcov] stderr:
[quandiso2:ro] [118/404] Building C object zephyr/lib/libc/common/CMakeFiles/lib__libc__common.dir/source/time/localtime_r_utc.c.obj
[quandiso2:rw] [181/404] Building C object zephyr/drivers/watchdog/CMakeFiles/drivers__watchdog.dir/wdt_shell.c.obj
[joxer:rw] [63/404] Building C object CMakeFiles/app.dir/mnt/host/source/src/platform/ec/build/zephyr/joxer/modules/ec/common/extpower_common.c.obj
[quandiso2:rw] [182/404] Building C object zephyr/drivers/watchdog/CMakeFiles/drivers__watchdog.dir/wdt_ite_it8xxx2.c.obj
[quandiso2:ro] [119/404] Building C object zephyr/lib/libc/common/CMakeFiles/lib__libc__common.dir/source/time/ctime.c.obj
[grogu:ro] [37/337] Building C object CMakeFiles/app.dir/mnt/host/source/src/platform/ec/build/zephyr/grogu/modules/ec/common/battery.c.obj
[grogu:rw] [214/337] Building C object modules/ec/zephyr/CMakeFiles/ec_shim.dir/shim/src/i2c.c.obj
[quandiso2:rw] [183/404] Linking C static library zephyr/drivers/watchdog/libdrivers__watchdog.a
[joxer:rw] [64/404] Building C object CMakeFiles/app.dir/mnt/host/source/src/platform/ec/build/zephyr/joxer/modules/ec/common/fan.c.obj
[joxer:ro] [45/404] Building C object zephyr/CMakeFiles/zephyr.dir/subsys/pm/policy/policy_latency.c.obj
[grogu:rw] [215/337] Building C object modules/ec/zephyr/CMakeFiles/ec_shim.dir/shim/src/usba.c.obj
[quandiso2:ro] [120/404] Building C object zephyr/lib/libc/common/CMakeFiles/lib__libc__common.dir/source/time/time.c.obj
[quandiso2:ro] [121/404] Building C object zephyr/lib/libc/common/CMakeFiles/lib__libc__common.dir/source/string/strnlen.c.obj
[grogu:rw] [216/337] cd /mnt/host/source/src/platform/ec/build/zephyr/grogu/build-rw/modules/ec/zephyr && PYTHONPATH=/mnt/host/source/src/platform/ec/build/zephyr/grogu/modules/ec/zephyr/zmake/ /usr/bin/python3.11 /mnt/host/source/src/platform/ec/build/zephyr/grogu/modules/ec/zephyr/zmake/zephyr_build_tools/generate_ec_version.py /mnt/host/source/src/platform/ec/build/zephyr/grogu/build-rw/modules/ec/zephyr/include/ec_version.h --name Zephyr-Kernel --version 16543.0.0 --static
[grogu:rw] INFO:root:Using a static version string
[grogu:rw] INFO:root:Version string: Zephyr-Kernel-16543.0.0
[grogu:rw] INFO:root:Writing header to /mnt/host/source/src/platform/ec/build/zephyr/grogu/build-rw/modules/ec/zephyr/include/ec_version.h
[grogu:rw] [217/337] Building C object modules/ec/zephyr/CMakeFiles/ec_shim.dir/shim/src/tasks.c.obj
[/mnt/host/source/src/platform/ec/build/zephyr/skywalker-tps6699x-lcov]   /mnt/host/source/src/platform/ec/build/zephyr/skywalker-tps6699x/build-rw/modules/ec/zephyr/CMakeFiles/ec_shim.dir/shim/src/power.c.gcno:no functions found
[/mnt/host/source/src/platform/ec/build/zephyr/skywalker-tps6699x-lcov] stderr:
[quandiso2:rw] [184/404] Building C object modules/ec/zephyr/CMakeFiles/ec_shim.dir/app/ec/ec_app_main.c.obj
[grogu:rw] [218/337] Building C object modules/ec/zephyr/CMakeFiles/ec_shim.dir/shim/src/watchdog.c.obj
[grogu:rw] [219/337] Building C object modules/ec/zephyr/CMakeFiles/ec_shim.dir/shim/src/usb_muxes.c.obj
[quandiso2:ro] [122/404] Building C object zephyr/lib/posix/c_lib_ext/CMakeFiles/lib__posix__c_lib_ext.dir/fnmatch.c.obj
[quandiso2:ro] [123/404] Building C object zephyr/lib/libc/common/CMakeFiles/lib__libc__common.dir/source/stdlib/malloc.c.obj
[quandiso2:rw] [185/404] Building C object modules/ec/zephyr/CMakeFiles/ec_shim.dir/app/ec/main_shim.c.obj
[quandiso2:ro] [124/404] Linking C static library zephyr/lib/libc/common/liblib__libc__common.a
[/mnt/host/source/src/platform/ec/build/zephyr/skywalker-tps6699x-lcov]   /mnt/host/source/src/platform/ec/build/zephyr/skywalker-tps6699x/build-rw/modules/ec/zephyr/CMakeFiles/ec_shim.dir/shim/src/battery.c.gcno:no functions found
[/mnt/host/source/src/platform/ec/build/zephyr/skywalker-tps6699x-lcov] stderr:
[joxer:ro] [46/404] Building C object zephyr/CMakeFiles/zephyr.dir/subsys/pm/policy/policy_state_lock.c.obj
[quandiso2:rw] [186/404] Building C object modules/ec/zephyr/CMakeFiles/ec_shim.dir/app/ec/chip/riscv/riscv-ite/it8xxx2-espi.c.obj
[grogu:rw] [220/337] Building C object modules/ec/zephyr/CMakeFiles/ec_shim.dir/shim/src/sha256_hw.c.obj
[joxer:rw] [65/404] Building C object CMakeFiles/app.dir/mnt/host/source/src/platform/ec/build/zephyr/joxer/modules/ec/common/host_command.c.obj
[grogu:ro] [38/337] Building C object CMakeFiles/app.dir/mnt/host/source/src/platform/ec/build/zephyr/grogu/modules/ec/common/battery_info.c.obj
[joxer:rw] [66/404] Building C object CMakeFiles/app.dir/mnt/host/source/src/platform/ec/build/zephyr/joxer/modules/ec/common/flash.c.obj
[grogu:rw] [221/337] Building C object CMakeFiles/app.dir/mnt/host/source/src/platform/ec/zephyr/subsys/ap_pwrseq/ap_events.c.obj
[quandiso2:ro] [125/404] Building C object zephyr/lib/posix/c_lib_ext/CMakeFiles/lib__posix__c_lib_ext.dir/getentropy.c.obj
[quandiso2:rw] [187/404] Building C object modules/ec/zephyr/CMakeFiles/ec_shim.dir/drivers/cros_flash/cros_flash_it8xxx2.c.obj
[grogu:rw] [222/337] Building C object CMakeFiles/app.dir/mnt/host/source/src/platform/ec/zephyr/subsys/pd_controller/pdc_pmc_debug.c.obj
[quandiso2:ro] [126/404] Building C object zephyr/subsys/crc/CMakeFiles/subsys__crc.dir/crc4_sw.c.obj
[quandiso2:ro] [127/404] Building C object zephyr/lib/posix/c_lib_ext/CMakeFiles/lib__posix__c_lib_ext.dir/getopt_shim.c.obj
[quandiso2:rw] [188/404] Building C object modules/ec/zephyr/CMakeFiles/ec_shim.dir/drivers/cros_kb_raw/cros_kb_raw_ite.c.obj
[joxer:ro] [47/404] Building C object zephyr/CMakeFiles/zephyr.dir/subsys/pm/device.c.obj
[grogu:rw] [223/337] Building C object CMakeFiles/app.dir/mnt/host/source/src/platform/ec/zephyr/subsys/pd_controller/pdc_console.c.obj
[quandiso2:ro] [128/404] Building C object zephyr/subsys/crc/CMakeFiles/subsys__crc.dir/crc8_sw.c.obj
[/mnt/host/source/src/platform/ec/build/zephyr/skywalker-tps6699x-lcov]   /mnt/host/source/src/platform/ec/build/zephyr/skywalker-tps6699x/build-rw/modules/ec/zephyr/CMakeFiles/ec_shim.dir/shim/src/charger.c.gcno:no functions found
[/mnt/host/source/src/platform/ec/build/zephyr/skywalker-tps6699x-lcov] stderr:
[quandiso2:ro] [129/404] Linking C static library zephyr/lib/posix/c_lib_ext/liblib__posix__c_lib_ext.a
[quandiso2:ro] [130/404] Building C object zephyr/subsys/crc/CMakeFiles/subsys__crc.dir/crc16_sw.c.obj
[quandiso2:rw] [189/404] Building C object modules/ec/zephyr/CMakeFiles/ec_shim.dir/drivers/cros_kblight/pwm_kblight.c.obj
[quandiso2:ro] [131/404] Building C object zephyr/subsys/crc/CMakeFiles/subsys__crc.dir/crc7_sw.c.obj
[joxer:rw] [67/404] Building C object CMakeFiles/app.dir/mnt/host/source/src/platform/ec/build/zephyr/joxer/modules/ec/common/host_event_commands.c.obj
[grogu:ro] [39/337] Building C object CMakeFiles/app.dir/mnt/host/source/src/platform/ec/build/zephyr/grogu/modules/ec/common/battery_fuel_gauge.c.obj
[grogu:rw] [224/337] Building C object CMakeFiles/app.dir/mnt/host/source/src/platform/ec/zephyr/subsys/pd_controller/pdc_host_cmd.c.obj
[quandiso2:ro] [132/404] Building C object zephyr/subsys/crc/CMakeFiles/subsys__crc.dir/crc24_sw.c.obj
[joxer:rw] [68/404] Building C object CMakeFiles/app.dir/mnt/host/source/src/platform/ec/build/zephyr/joxer/modules/ec/common/host_command_task.c.obj
[grogu:rw] [225/337] Building C object CMakeFiles/app.dir/mnt/host/source/src/platform/ec/zephyr/subsys/pd_controller/pdc_stub.c.obj
[quandiso2:ro] [133/404] Building C object zephyr/subsys/crc/CMakeFiles/subsys__crc.dir/crc32c_sw.c.obj
[quandiso2:ro] [134/404] Building C object zephyr/subsys/crc/CMakeFiles/subsys__crc.dir/crc32_sw.c.obj
[/mnt/host/source/src/platform/ec/build/zephyr/skywalker-tps6699x-lcov]   /mnt/host/source/src/platform/ec/build/zephyr/skywalker-tps6699x/build-rw/modules/ec/zephyr/CMakeFiles/ec_shim.dir/shim/src/usba.c.gcno:no functions found
[/mnt/host/source/src/platform/ec/build/zephyr/skywalker-tps6699x-lcov] stderr:
[quandiso2:ro] [135/404] Building C object zephyr/subsys/crc/CMakeFiles/subsys__crc.dir/crc32k_4_2_sw.c.obj
[quandiso2:rw] [190/404] Building C object modules/ec/zephyr/CMakeFiles/ec_shim.dir/drivers/cros_system/cros_system_it8xxx2.c.obj
[quandiso2:ro] [136/404] Linking C static library zephyr/subsys/crc/libsubsys__crc.a
[joxer:ro] [48/404] Building C object zephyr/CMakeFiles/zephyr.dir/subsys/pm/device_system_managed.c.obj
[grogu:rw] [226/337] Building C object CMakeFiles/app.dir/mnt/host/source/src/platform/ec/zephyr/subsys/pd_controller/pdc_dpm.c.obj
[quandiso2:rw] [191/404] Building C object modules/ec/zephyr/CMakeFiles/ec_shim.dir/drivers/vivaldi_kbd/vivaldi_kbd.c.obj
[quandiso2:rw] [192/404] Building C object modules/ec/zephyr/CMakeFiles/ec_shim.dir/shim/chip/it8xxx2/clock.c.obj
[grogu:rw] [227/337] Building C object CMakeFiles/app.dir/mnt/host/source/src/platform/ec/zephyr/subsys/ucsi/ppm_common.c.obj
[joxer:rw] [69/404] Building C object CMakeFiles/app.dir/mnt/host/source/src/platform/ec/build/zephyr/joxer/modules/ec/common/uart_hostcmd.c.obj
[grogu:rw] [228/337] Building C object CMakeFiles/app.dir/mnt/host/source/src/platform/ec/zephyr/subsys/pd_controller/pdc_power_mgmt.c.obj
[joxer:rw] [70/404] Building C object CMakeFiles/app.dir/mnt/host/source/src/platform/ec/build/zephyr/joxer/modules/ec/common/uptime.c.obj
[grogu:rw] [229/337] Building C object CMakeFiles/app.dir/mnt/host/source/src/platform/ec/zephyr/subsys/ucsi/ppm_console.c.obj
[grogu:ro] [40/337] Building C object CMakeFiles/app.dir/mnt/host/source/src/platform/ec/build/zephyr/grogu/modules/ec/driver/battery/smart.c.obj
[quandiso2:ro] [137/404] Building C object zephyr/drivers/interrupt_controller/CMakeFiles/drivers__interrupt_controller.dir/intc_ite_it8xxx2.c.obj
[quandiso2:ro] [138/404] Building C object zephyr/drivers/interrupt_controller/CMakeFiles/drivers__interrupt_controller.dir/wuc_ite_it8xxx2.c.obj
[grogu:rw] [230/337] Building C object CMakeFiles/app.dir/mnt/host/source/src/platform/ec/zephyr/subsys/ucsi/ppm_driver.c.obj
[joxer:ro] [49/404] Building C object zephyr/CMakeFiles/zephyr.dir/subsys/testsuite/coverage/coverage.c.obj
[quandiso2:ro] [139/404] Linking C static library zephyr/drivers/interrupt_controller/libdrivers__interrupt_controller.a
[quandiso2:rw] [193/404] Building C object modules/ec/zephyr/CMakeFiles/ec_shim.dir/shim/chip/it8xxx2/gpio.c.obj
[grogu:rw] [231/337] Building C object CMakeFiles/app.dir/mnt/host/source/src/platform/ec/zephyr/subsys/ucsi/ucsi_host_cmd.c.obj
[quandiso2:rw] [194/404] Building C object modules/ec/zephyr/CMakeFiles/ec_shim.dir/shim/chip/it8xxx2/system.c.obj
[quandiso2:rw] [195/404] Building C object modules/ec/zephyr/CMakeFiles/ec_shim.dir/shim/chip/it8xxx2/keyboard_raw.c.obj
[grogu:rw] [232/337] Building C object CMakeFiles/app.dir/mnt/host/source/src/platform/ec/build/zephyr/grogu/modules/ec/builtin/stdlib.c.obj
[grogu:rw] [233/337] Building C object CMakeFiles/app.dir/mnt/host/source/src/platform/ec/build/zephyr/grogu/modules/ec/common/base32.c.obj
[joxer:rw] [71/404] Building C object CMakeFiles/app.dir/mnt/host/source/src/platform/ec/build/zephyr/joxer/modules/ec/common/i2c_passthru.c.obj
[quandiso2:rw] [196/404] Building C object modules/ec/zephyr/CMakeFiles/ec_shim.dir/shim/src/crc.c.obj
[quandiso2:ro] [140/404] Building C object zephyr/drivers/adc/CMakeFiles/drivers__adc.dir/adc_common.c.obj
[joxer:ro] [50/404] Building C object zephyr/CMakeFiles/zephyr.dir/subsys/tracing/tracing_none.c.obj
[joxer:rw] [72/404] Building C object CMakeFiles/app.dir/mnt/host/source/src/platform/ec/build/zephyr/joxer/modules/ec/common/i2c_controller.c.obj
[grogu:rw] [234/337] Building C object CMakeFiles/app.dir/mnt/host/source/src/platform/ec/build/zephyr/grogu/modules/ec/common/console_output.c.obj
[grogu:ro] [41/337] Building C object CMakeFiles/app.dir/mnt/host/source/src/platform/ec/build/zephyr/grogu/modules/ec/driver/charger/bq25710.c.obj
[grogu:rw] [235/337] Building C object CMakeFiles/app.dir/mnt/host/source/src/platform/ec/build/zephyr/grogu/modules/ec/common/ec_features.c.obj
[quandiso2:ro] [141/404] Building C object zephyr/drivers/adc/CMakeFiles/drivers__adc.dir/adc_ite_it8xxx2.c.obj
[quandiso2:ro] [142/404] Linking C static library zephyr/drivers/adc/libdrivers__adc.a
[quandiso2:rw] [197/404] Building C object modules/ec/zephyr/CMakeFiles/ec_shim.dir/shim/chip/it8xxx2/power_policy.c.obj
[grogu:rw] [236/337] Building C object CMakeFiles/app.dir/mnt/host/source/src/platform/ec/build/zephyr/grogu/modules/ec/common/gpio_commands.c.obj
[quandiso2:rw] [198/404] Building C object modules/ec/zephyr/CMakeFiles/ec_shim.dir/shim/src/console.c.obj
[grogu:rw] [237/337] Building C object CMakeFiles/app.dir/mnt/host/source/src/platform/ec/build/zephyr/grogu/modules/ec/common/printf.c.obj
[quandiso2:ro] [143/404] Building C object zephyr/drivers/bbram/CMakeFiles/drivers__bbram.dir/bbram_it8xxx2.c.obj
[grogu:rw] [238/337] Building C object CMakeFiles/app.dir/mnt/host/source/src/platform/ec/build/zephyr/grogu/modules/ec/common/peripheral.c.obj
[quandiso2:ro] [144/404] Linking C static library zephyr/drivers/bbram/libdrivers__bbram.a
[joxer:ro] [51/404] Building C object zephyr/CMakeFiles/zephyr.dir/subsys/shell/modules/kernel_service/kernel_shell.c.obj
[quandiso2:rw] [199/404] Building C object modules/ec/zephyr/CMakeFiles/ec_shim.dir/shim/src/gpio.c.obj
[quandiso2:ro] [145/404] Building C object zephyr/drivers/console/CMakeFiles/drivers__console.dir/uart_console.c.obj
[grogu:rw] [239/337] Building C object CMakeFiles/app.dir/mnt/host/source/src/platform/ec/build/zephyr/grogu/modules/ec/common/queue.c.obj
[joxer:rw] [73/404] Building C object CMakeFiles/app.dir/mnt/host/source/src/platform/ec/build/zephyr/joxer/modules/ec/common/keyboard_8042.c.obj
[quandiso2:ro] [146/404] Linking C static library zephyr/drivers/console/libdrivers__console.a
[joxer:rw] [74/404] Building C object CMakeFiles/app.dir/mnt/host/source/src/platform/ec/build/zephyr/joxer/modules/ec/common/keyboard_scan.c.obj
[grogu:ro] [42/337] Building C object CMakeFiles/app.dir/mnt/host/source/src/platform/ec/build/zephyr/grogu/modules/ec/common/charger.c.obj
[quandiso2:rw] [200/404] Building C object modules/ec/zephyr/CMakeFiles/ec_shim.dir/shim/src/gpio_int.c.obj
[grogu:rw] [240/337] Building C object CMakeFiles/app.dir/mnt/host/source/src/platform/ec/build/zephyr/grogu/modules/ec/common/system_boot_time.c.obj
[grogu:rw] [241/337] Building C object CMakeFiles/app.dir/mnt/host/source/src/platform/ec/build/zephyr/grogu/modules/ec/common/system.c.obj
[quandiso2:rw] [201/404] Building C object modules/ec/zephyr/CMakeFiles/ec_shim.dir/shim/src/panic_utils.c.obj
[grogu:rw] [242/337] Building C object CMakeFiles/app.dir/mnt/host/source/src/platform/ec/build/zephyr/grogu/modules/ec/common/util.c.obj
[quandiso2:ro] [147/404] Building C object zephyr/drivers/eeprom/CMakeFiles/drivers__eeprom.dir/eeprom_shell.c.obj
[grogu:rw] [243/337] Building C object CMakeFiles/app.dir/mnt/host/source/src/platform/ec/build/zephyr/grogu/modules/ec/common/uart_printf.c.obj
[joxer:ro] [52/404] Building C object zephyr/CMakeFiles/zephyr.dir/subsys/shell/modules/kernel_service/cycles.c.obj
[quandiso2:rw] [202/404] Building C object modules/ec/zephyr/CMakeFiles/ec_shim.dir/shim/src/pm_state.c.obj
[grogu:rw] [244/337] Building C object CMakeFiles/app.dir/mnt/host/source/src/platform/ec/build/zephyr/grogu/modules/ec/common/version.c.obj
[joxer:rw] [75/404] Building C object CMakeFiles/app.dir/mnt/host/source/src/platform/ec/build/zephyr/joxer/modules/ec/common/keyboard_8042_sharedlib.c.obj
[joxer:rw] [76/404] Building C object CMakeFiles/app.dir/mnt/host/source/src/platform/ec/build/zephyr/joxer/modules/ec/common/mkbp_fifo.c.obj
[quandiso2:ro] [148/404] Building C object zephyr/drivers/eeprom/CMakeFiles/drivers__eeprom.dir/eeprom_at2x.c.obj
[quandiso2:ro] [149/404] Linking C static library zephyr/drivers/eeprom/libdrivers__eeprom.a
[quandiso2:rw] [203/404] Building C object modules/ec/zephyr/CMakeFiles/ec_shim.dir/shim/src/cbi/cros_cbi.c.obj
[quandiso2:rw] [204/404] Building C object modules/ec/zephyr/CMakeFiles/ec_shim.dir/shim/src/cbi/cros_cbi_fw_config.c.obj
[joxer:ro] [53/404] Building C object zephyr/CMakeFiles/zephyr.dir/subsys/shell/modules/kernel_service/sleep.c.obj
[grogu:rw] [245/337] Building C object CMakeFiles/app.dir/mnt/host/source/src/platform/ec/build/zephyr/grogu/modules/ec/common/battery_info.c.obj
[grogu:rw] [246/337] Building C object CMakeFiles/app.dir/mnt/host/source/src/platform/ec/build/zephyr/grogu/modules/ec/common/battery_fuel_gauge.c.obj
[grogu:ro] [43/337] Building C object CMakeFiles/app.dir/mnt/host/source/src/platform/ec/build/zephyr/grogu/modules/ec/common/charge_state.c.obj
[grogu:rw] [247/337] Building C object CMakeFiles/app.dir/mnt/host/source/src/platform/ec/build/zephyr/grogu/modules/ec/common/battery.c.obj
[quandiso2:ro] [150/404] Building C object zephyr/drivers/espi/CMakeFiles/drivers__espi.dir/espi_it8xxx2.c.obj
[grogu:rw] [248/337] Building C object CMakeFiles/app.dir/mnt/host/source/src/platform/ec/build/zephyr/grogu/modules/ec/common/adc.c.obj
[quandiso2:ro] [151/404] Linking C static library zephyr/drivers/espi/libdrivers__espi.a
[quandiso2:rw] [205/404] Building C object modules/ec/zephyr/CMakeFiles/ec_shim.dir/shim/src/cbi/cros_cbi_ssfc.c.obj
[quandiso2:ro] [152/404] Building C object zephyr/drivers/flash/CMakeFiles/drivers__flash.dir/flash_ite_it8xxx2.c.obj
[joxer:rw] [77/404] Building C object CMakeFiles/app.dir/mnt/host/source/src/platform/ec/build/zephyr/joxer/modules/ec/common/mkbp_input_devices.c.obj
[grogu:rw] [249/337] Building C object CMakeFiles/app.dir/mnt/host/source/src/platform/ec/build/zephyr/grogu/modules/ec/driver/battery/smart.c.obj
[quandiso2:ro] [153/404] Linking C static library zephyr/drivers/flash/libdrivers__flash.a
[joxer:rw] [78/404] Building C object CMakeFiles/app.dir/mnt/host/source/src/platform/ec/build/zephyr/joxer/modules/ec/common/mkbp_info.c.obj
[quandiso2:rw] [206/404] Building C object modules/ec/zephyr/CMakeFiles/ec_shim.dir/shim/src/cbi/cbi_eeprom.c.obj
[joxer:ro] [54/404] Building C object zephyr/CMakeFiles/zephyr.dir/subsys/shell/modules/kernel_service/uptime.c.obj
[quandiso2:rw] [207/404] Building C object modules/ec/zephyr/CMakeFiles/ec_shim.dir/shim/src/system.c.obj
[grogu:rw] [250/337] Building C object CMakeFiles/app.dir/mnt/host/source/src/platform/ec/build/zephyr/grogu/modules/ec/common/charger.c.obj
[quandiso2:ro] [154/404] Building C object zephyr/drivers/gpio/CMakeFiles/drivers__gpio.dir/gpio_ite_it8xxx2.c.obj
[grogu:rw] [251/337] Building C object CMakeFiles/app.dir/mnt/host/source/src/platform/ec/build/zephyr/grogu/modules/ec/driver/charger/bq25710.c.obj
[quandiso2:ro] [155/404] Building C object zephyr/drivers/gpio/CMakeFiles/drivers__gpio.dir/gpio_kscan_ite_it8xxx2.c.obj
[quandiso2:rw] [208/404] Building C object modules/ec/zephyr/CMakeFiles/ec_shim.dir/shim/src/adc.c.obj
[grogu:rw] [252/337] Building C object CMakeFiles/app.dir/mnt/host/source/src/platform/ec/build/zephyr/grogu/modules/ec/common/cbi_common.c.obj
[quandiso2:ro] [156/404] Linking C static library zephyr/drivers/gpio/libdrivers__gpio.a
[joxer:rw] [79/404] Building C object CMakeFiles/app.dir/mnt/host/source/src/platform/ec/build/zephyr/joxer/modules/ec/common/led_common.c.obj
[joxer:ro] [55/404] Building C object zephyr/CMakeFiles/zephyr.dir/subsys/shell/modules/kernel_service/version.c.obj
[grogu:rw] [253/337] Building C object CMakeFiles/app.dir/mnt/host/source/src/platform/ec/build/zephyr/grogu/modules/ec/common/charge_state.c.obj
[grogu:rw] [254/337] Building C object CMakeFiles/app.dir/mnt/host/source/src/platform/ec/build/zephyr/grogu/modules/ec/common/charge_manager.c.obj
[grogu:ro] [44/337] Building C object CMakeFiles/app.dir/mnt/host/source/src/platform/ec/build/zephyr/grogu/modules/ec/common/charge_manager.c.obj
[joxer:rw] [80/404] Building C object CMakeFiles/app.dir/mnt/host/source/src/platform/ec/build/zephyr/joxer/modules/ec/common/keyboard_backlight.c.obj
[quandiso2:rw] [209/404] Building C object modules/ec/zephyr/CMakeFiles/ec_shim.dir/shim/src/battery.c.obj
[quandiso2:rw] [210/404] Building C object modules/ec/zephyr/CMakeFiles/ec_shim.dir/shim/src/charger.c.obj
[quandiso2:ro] [157/404] Building C object zephyr/drivers/i2c/CMakeFiles/drivers__i2c.dir/i2c_common.c.obj
[grogu:rw] [255/337] Building C object CMakeFiles/app.dir/mnt/host/source/src/platform/ec/build/zephyr/grogu/modules/ec/common/cbi_config.c.obj
[quandiso2:ro] [158/404] Building C object zephyr/drivers/i2c/CMakeFiles/drivers__i2c.dir/i2c_bitbang.c.obj
[grogu:rw] [256/337] Building C object CMakeFiles/app.dir/mnt/host/source/src/platform/ec/build/zephyr/grogu/modules/ec/common/cbi.c.obj
[joxer:ro] [56/404] Building C object zephyr/CMakeFiles/zephyr.dir/subsys/shell/modules/kernel_service/thread/thread.c.obj
[grogu:rw] [257/337] Building C object CMakeFiles/app.dir/mnt/host/source/src/platform/ec/build/zephyr/grogu/modules/ec/common/ap_reset_log.c.obj
[quandiso2:rw] [211/404] Building C object modules/ec/zephyr/CMakeFiles/ec_shim.dir/shim/src/chipset_api.c.obj
[grogu:rw] [258/337] Building C object CMakeFiles/app.dir/mnt/host/source/src/platform/ec/build/zephyr/grogu/modules/ec/common/chipset.c.obj
[grogu:rw] [259/337] Building C object CMakeFiles/app.dir/mnt/host/source/src/platform/ec/build/zephyr/grogu/modules/ec/common/memory_commands.c.obj
[grogu:ro] [45/337] Building C object CMakeFiles/app.dir/mnt/host/source/src/platform/ec/build/zephyr/grogu/modules/ec/common/cbi_common.c.obj
[joxer:rw] [81/404] Building C object CMakeFiles/app.dir/mnt/host/source/src/platform/ec/build/zephyr/joxer/modules/ec/common/led_onoff_states.c.obj
[joxer:rw] [82/404] Building C object CMakeFiles/app.dir/mnt/host/source/src/platform/ec/build/zephyr/joxer/modules/ec/common/motion_lid.c.obj
[quandiso2:rw] [212/404] Building C object modules/ec/zephyr/CMakeFiles/ec_shim.dir/shim/src/espi.c.obj
[quandiso2:ro] [159/404] Building C object zephyr/drivers/i2c/CMakeFiles/drivers__i2c.dir/i2c_shell.c.obj
[grogu:rw] [260/337] Building C object CMakeFiles/app.dir/mnt/host/source/src/platform/ec/build/zephyr/grogu/modules/ec/common/extpower_common.c.obj
[joxer:ro] [57/404] Building C object zephyr/CMakeFiles/zephyr.dir/subsys/shell/modules/kernel_service/thread/list.c.obj
[quandiso2:rw] [213/404] Building C object modules/ec/zephyr/CMakeFiles/ec_shim.dir/shim/src/fan.c.obj
[grogu:rw] [261/337] Building C object CMakeFiles/app.dir/mnt/host/source/src/platform/ec/build/zephyr/grogu/modules/ec/common/extpower_gpio.c.obj
[quandiso2:ro] [160/404] Building C object zephyr/drivers/i2c/CMakeFiles/drivers__i2c.dir/i2c_ite_enhance.c.obj
[grogu:rw] [262/337] Building C object CMakeFiles/app.dir/mnt/host/source/src/platform/ec/build/zephyr/grogu/modules/ec/common/host_event_commands.c.obj
[joxer:rw] [83/404] Building C object CMakeFiles/app.dir/mnt/host/source/src/platform/ec/build/zephyr/joxer/modules/ec/common/lid_angle.c.obj
[grogu:rw] [263/337] Building C object CMakeFiles/app.dir/mnt/host/source/src/platform/ec/build/zephyr/grogu/modules/ec/common/host_command.c.obj
[quandiso2:rw] [214/404] Building C object modules/ec/zephyr/CMakeFiles/ec_shim.dir/shim/src/flash.c.obj
[grogu:rw] [264/337] Building C object CMakeFiles/app.dir/mnt/host/source/src/platform/ec/build/zephyr/grogu/modules/ec/common/flash.c.obj
[grogu:ro] [46/337] Building C object CMakeFiles/app.dir/mnt/host/source/src/platform/ec/build/zephyr/grogu/modules/ec/common/cbi.c.obj
[joxer:rw] [84/404] Building C object CMakeFiles/app.dir/mnt/host/source/src/platform/ec/build/zephyr/joxer/modules/ec/common/lid_angle_keyboard_policy.c.obj
[quandiso2:ro] [161/404] Building C object zephyr/drivers/pinctrl/CMakeFiles/drivers__pinctrl.dir/common.c.obj
[quandiso2:rw] [215/404] Building C object modules/ec/zephyr/CMakeFiles/ec_shim.dir/shim/src/hooks.c.obj
[grogu:rw] [265/337] Building C object CMakeFiles/app.dir/mnt/host/source/src/platform/ec/build/zephyr/grogu/modules/ec/common/uart_hostcmd.c.obj
[joxer:ro] [58/404] Building C object zephyr/CMakeFiles/zephyr.dir/subsys/shell/modules/kernel_service/thread/stacks.c.obj
[quandiso2:ro] [162/404] Building C object zephyr/drivers/i2c/CMakeFiles/drivers__i2c.dir/i2c_ite_it8xxx2.c.obj
[quandiso2:rw] [216/404] Building C object modules/ec/zephyr/CMakeFiles/ec_shim.dir/shim/src/host_command.c.obj
[quandiso2:ro] [163/404] Linking C static library zephyr/drivers/i2c/libdrivers__i2c.a
[grogu:rw] [266/337] Building C object CMakeFiles/app.dir/mnt/host/source/src/platform/ec/build/zephyr/grogu/modules/ec/common/uptime.c.obj
[grogu:rw] [267/337] Building C object CMakeFiles/app.dir/mnt/host/source/src/platform/ec/build/zephyr/grogu/modules/ec/common/i2c_controller.c.obj
[quandiso2:rw] [217/404] Building C object modules/ec/zephyr/CMakeFiles/ec_shim.dir/shim/src/console_buffer.c.obj
[grogu:ro] [47/337] Building C object CMakeFiles/app.dir/mnt/host/source/src/platform/ec/build/zephyr/grogu/modules/ec/common/cbi_config.c.obj
[grogu:rw] [268/337] Building C object CMakeFiles/app.dir/mnt/host/source/src/platform/ec/build/zephyr/grogu/modules/ec/common/i2c_passthru.c.obj
[joxer:rw] [85/404] Building C object CMakeFiles/app.dir/mnt/host/source/src/platform/ec/build/zephyr/joxer/modules/ec/common/lid_switch.c.obj
[grogu:rw] [269/337] Building C object CMakeFiles/app.dir/mnt/host/source/src/platform/ec/build/zephyr/grogu/modules/ec/common/virtual_battery.c.obj
[joxer:rw] [86/404] Building C object CMakeFiles/app.dir/mnt/host/source/src/platform/ec/build/zephyr/joxer/modules/ec/common/mkbp_event.c.obj
[quandiso2:rw] [218/404] Building C object modules/ec/zephyr/CMakeFiles/ec_shim.dir/shim/src/keyboard_raw.c.obj
[joxer:ro] [59/404] Building C object zephyr/CMakeFiles/zephyr.dir/subsys/shell/modules/kernel_service/thread/unwind.c.obj
[quandiso2:ro] [164/404] Building C object zephyr/drivers/pinctrl/CMakeFiles/drivers__pinctrl.dir/pinctrl_ite_it8xxx2.c.obj
[quandiso2:rw] [219/404] Building C object modules/ec/zephyr/CMakeFiles/ec_shim.dir/shim/src/mkbp_event.c.obj
[quandiso2:ro] [165/404] Linking C static library zephyr/drivers/pinctrl/libdrivers__pinctrl.a
[quandiso2:ro] [166/404] Building C object zephyr/drivers/pwm/CMakeFiles/drivers__pwm.dir/pwm_shell.c.obj
[quandiso2:ro] [167/404] Building C object zephyr/drivers/sensor/CMakeFiles/drivers__sensor.dir/mnt/host/source/src/third_party/zephyr/main/misc/empty_file.c.obj
[grogu:rw] [270/337] Building C object CMakeFiles/app.dir/mnt/host/source/src/platform/ec/build/zephyr/grogu/modules/ec/common/keyboard_scan.c.obj
[grogu:rw] [271/337] Building C object CMakeFiles/app.dir/mnt/host/source/src/platform/ec/build/zephyr/grogu/modules/ec/common/mkbp_fifo.c.obj
[quandiso2:ro] [168/404] Linking C static library zephyr/drivers/sensor/libdrivers__sensor.a
[/mnt/host/source/src/platform/ec/build/zephyr/crystaldrift-lcov]   /mnt/host/source/src/platform/ec/build/zephyr/crystaldrift/build-rw/CMakeFiles/app.dir/mnt/host/source/src/platform/ec/build/zephyr/crystaldrift/modules/ec/common/usb_pd_pdo.c.gcno:no functions found
[/mnt/host/source/src/platform/ec/build/zephyr/crystaldrift-lcov] stderr:
[grogu:rw] [272/337] Building C object CMakeFiles/app.dir/mnt/host/source/src/platform/ec/build/zephyr/grogu/modules/ec/common/mkbp_info.c.obj
[grogu:rw] [273/337] Building C object CMakeFiles/app.dir/mnt/host/source/src/platform/ec/build/zephyr/grogu/modules/ec/common/keyboard_mkbp.c.obj
[grogu:ro] [48/337] Building C object CMakeFiles/app.dir/mnt/host/source/src/platform/ec/build/zephyr/grogu/modules/ec/common/memory_commands.c.obj
[joxer:rw] [87/404] Building C object CMakeFiles/app.dir/mnt/host/source/src/platform/ec/build/zephyr/joxer/modules/ec/common/port80.c.obj
[joxer:ro] [60/404] Building C object zephyr/CMakeFiles/zephyr.dir/subsys/shell/modules/kernel_service/thread/suspend.c.obj
[joxer:rw] [88/404] Building C object CMakeFiles/app.dir/mnt/host/source/src/platform/ec/build/zephyr/joxer/modules/ec/common/motion_sense.c.obj
[quandiso2:rw] [220/404] Building C object modules/ec/zephyr/CMakeFiles/ec_shim.dir/shim/src/panic.c.obj
[quandiso2:ro] [169/404] Building C object zephyr/drivers/pwm/CMakeFiles/drivers__pwm.dir/pwm_ite_it8xxx2.c.obj
[quandiso2:rw] [221/404] Building C object modules/ec/zephyr/CMakeFiles/ec_shim.dir/shim/src/motionsense_sensors.c.obj
[grogu:rw] [274/337] Building C object CMakeFiles/app.dir/mnt/host/source/src/platform/ec/build/zephyr/grogu/modules/ec/common/mkbp_input_devices.c.obj
[quandiso2:ro] [170/404] Linking C static library zephyr/drivers/pwm/libdrivers__pwm.a
[quandiso2:rw] [222/404] Building C object modules/ec/zephyr/CMakeFiles/ec_shim.dir/shim/src/pwm_hc.c.obj
[quandiso2:ro] [171/404] Building C object zephyr/drivers/sensor/ite/ite_tach_it8xxx2/CMakeFiles/drivers__sensor__ite__ite_tach_it8xxx2.dir/tach_ite_it8xxx2.c.obj
[grogu:rw] [275/337] Building C object CMakeFiles/app.dir/mnt/host/source/src/platform/ec/build/zephyr/grogu/modules/ec/common/lid_switch.c.obj
[grogu:rw] [276/337] Building C object CMakeFiles/app.dir/mnt/host/source/src/platform/ec/build/zephyr/grogu/modules/ec/common/led_common.c.obj
[quandiso2:ro] [172/404] Linking C static library zephyr/drivers/sensor/ite/ite_tach_it8xxx2/libdrivers__sensor__ite__ite_tach_it8xxx2.a
[grogu:rw] [277/337] Building C object CMakeFiles/app.dir/mnt/host/source/src/platform/ec/build/zephyr/grogu/modules/ec/common/mkbp_event.c.obj
[grogu:ro] [49/337] Building C object CMakeFiles/app.dir/mnt/host/source/src/platform/ec/build/zephyr/grogu/modules/ec/common/chipset.c.obj
[joxer:ro] [61/404] Building C object zephyr/CMakeFiles/zephyr.dir/subsys/shell/modules/kernel_service/thread/resume.c.obj
[grogu:rw] [278/337] Building C object CMakeFiles/app.dir/mnt/host/source/src/platform/ec/build/zephyr/grogu/modules/ec/common/power_button.c.obj
[joxer:rw] [89/404] Building C object CMakeFiles/app.dir/mnt/host/source/src/platform/ec/build/zephyr/joxer/modules/ec/common/power_button.c.obj
[quandiso2:rw] [223/404] Building C object modules/ec/zephyr/CMakeFiles/ec_shim.dir/shim/src/hwtimer.c.obj
[quandiso2:ro] [173/404] Building C object zephyr/drivers/sensor/ite/ite_vcmp_it8xxx2/CMakeFiles/drivers__sensor__ite__ite_vcmp_it8xxx2.dir/vcmp_ite_it8xxx2.c.obj
[joxer:rw] [90/404] Building C object CMakeFiles/app.dir/mnt/host/source/src/platform/ec/build/zephyr/joxer/modules/ec/power/hibernate.c.obj
[quandiso2:rw] [224/404] Building C object modules/ec/zephyr/CMakeFiles/ec_shim.dir/shim/src/temp_sensors.c.obj
[quandiso2:ro] [174/404] Linking C static library zephyr/drivers/sensor/ite/ite_vcmp_it8xxx2/libdrivers__sensor__ite__ite_vcmp_it8xxx2.a
[quandiso2:rw] [225/404] Building C object modules/ec/zephyr/CMakeFiles/ec_shim.dir/shim/src/thermal.c.obj
[grogu:rw] [279/337] Building C object CMakeFiles/app.dir/mnt/host/source/src/platform/ec/build/zephyr/grogu/modules/ec/power/common.c.obj
[quandiso2:ro] [175/404] Building C object zephyr/drivers/serial/CMakeFiles/drivers__serial.dir/uart_ite_it8xxx2.c.obj
[grogu:rw] [280/337] Building C object CMakeFiles/app.dir/mnt/host/source/src/platform/ec/build/zephyr/grogu/modules/ec/power/host_sleep.c.obj
[grogu:rw] [281/337] Building C object CMakeFiles/app.dir/mnt/host/source/src/platform/ec/build/zephyr/grogu/modules/ec/common/panic_output.c.obj
[grogu:rw] [282/337] Building C object CMakeFiles/app.dir/mnt/host/source/src/platform/ec/build/zephyr/grogu/modules/ec/power/mt8186.c.obj
[joxer:ro] [62/404] Building C object zephyr/CMakeFiles/zephyr.dir/subsys/shell/modules/kernel_service/thread/kill.c.obj
[grogu:ro] [50/337] Building C object CMakeFiles/app.dir/mnt/host/source/src/platform/ec/build/zephyr/grogu/modules/ec/common/ap_reset_log.c.obj
[grogu:rw] [283/337] Building C object CMakeFiles/app.dir/mnt/host/source/src/platform/ec/build/zephyr/grogu/modules/ec/common/shared_mem.c.obj
[quandiso2:rw] [226/404] Building C object modules/ec/zephyr/CMakeFiles/ec_shim.dir/shim/src/i2c.c.obj
[joxer:rw] [91/404] Building C object CMakeFiles/app.dir/mnt/host/source/src/platform/ec/build/zephyr/joxer/modules/ec/common/panic_output.c.obj
[joxer:rw] [92/404] Building C object CMakeFiles/app.dir/mnt/host/source/src/platform/ec/build/zephyr/joxer/modules/ec/driver/sha256/sha256_it8xxx2.c.obj
[quandiso2:ro] [176/404] Building C object zephyr/drivers/serial/CMakeFiles/drivers__serial.dir/uart_ns16550.c.obj
[grogu:rw] [284/337] Building C object CMakeFiles/app.dir/mnt/host/source/src/platform/ec/build/zephyr/grogu/modules/ec/common/switch.c.obj
[quandiso2:ro] [177/404] Linking C static library zephyr/drivers/serial/libdrivers__serial.a
[quandiso2:rw] [227/404] Building C object modules/ec/zephyr/CMakeFiles/ec_shim.dir/shim/src/watchdog.c.obj
[quandiso2:ro] [178/404] Building C object zephyr/drivers/timer/CMakeFiles/drivers__timer.dir/sys_clock_init.c.obj
[quandiso2:rw] [228/404] Building C object modules/ec/zephyr/CMakeFiles/ec_shim.dir/shim/src/tasks.c.obj
[joxer:ro] [63/404] Building C object zephyr/CMakeFiles/zephyr.dir/subsys/shell/modules/device_service.c.obj
[grogu:rw] [285/337] Building C object CMakeFiles/app.dir/mnt/host/source/src/platform/ec/build/zephyr/grogu/modules/ec/common/timer.c.obj
[grogu:rw] [286/337] Building C object CMakeFiles/app.dir/mnt/host/source/src/platform/ec/build/zephyr/grogu/modules/ec/common/usbc_utils.c.obj
[grogu:ro] [51/337] Building C object CMakeFiles/app.dir/mnt/host/source/src/platform/ec/build/zephyr/grogu/modules/ec/common/extpower_common.c.obj
[grogu:rw] [287/337] Building C object CMakeFiles/app.dir/mnt/host/source/src/platform/ec/build/zephyr/grogu/modules/ec/common/usb_port_power_dumb.c.obj
[grogu:rw] [288/337] Building C object CMakeFiles/app.dir/mnt/host/source/src/platform/ec/build/zephyr/grogu/modules/ec/common/chargen.c.obj
[quandiso2:ro] [179/404] Building C object zephyr/drivers/timer/CMakeFiles/drivers__timer.dir/ite_it8xxx2_timer.c.obj
[quandiso2:rw] [229/404] Building C object modules/ec/zephyr/CMakeFiles/ec_shim.dir/shim/src/usba.c.obj
[joxer:rw] [93/404] Building C object CMakeFiles/app.dir/mnt/host/source/src/platform/ec/build/zephyr/joxer/modules/ec/common/switch.c.obj
[quandiso2:ro] [180/404] Linking C static library zephyr/drivers/timer/libdrivers__timer.a
[joxer:rw] [94/404] Building C object CMakeFiles/app.dir/mnt/host/source/src/platform/ec/build/zephyr/joxer/modules/ec/common/shared_mem.c.obj
[quandiso2:ro] [181/404] Building C object zephyr/drivers/watchdog/CMakeFiles/drivers__watchdog.dir/wdt_ite_it8xxx2.c.obj
[quandiso2:rw] [230/404] cd /mnt/host/source/src/platform/ec/build/zephyr/quandiso2/build-rw/modules/ec/zephyr && PYTHONPATH=/mnt/host/source/src/platform/ec/build/zephyr/quandiso2/modules/ec/zephyr/zmake/ /usr/bin/python3.11 /mnt/host/source/src/platform/ec/build/zephyr/quandiso2/modules/ec/zephyr/zmake/zephyr_build_tools/generate_ec_version.py /mnt/host/source/src/platform/ec/build/zephyr/quandiso2/build-rw/modules/ec/zephyr/include/ec_version.h --name Zephyr-Kernel --version 16543.0.0 --static
[quandiso2:rw] INFO:root:Using a static version string
[grogu:rw] [289/337] Building C object CMakeFiles/app.dir/mnt/host/source/src/platform/ec/build/zephyr/grogu/modules/ec/common/usb_common.c.obj
[quandiso2:rw] INFO:root:Version string: Zephyr-Kernel-16543.0.0
[quandiso2:rw] INFO:root:Writing header to /mnt/host/source/src/platform/ec/build/zephyr/quandiso2/build-rw/modules/ec/zephyr/include/ec_version.h
[quandiso2:rw] [231/404] Building C object modules/ec/zephyr/CMakeFiles/ec_shim.dir/shim/src/power_host_sleep_api.c.obj
[joxer:ro] [64/404] Building C object zephyr/CMakeFiles/zephyr.dir/subsys/shell/modules/date_service.c.obj
[/mnt/host/source/src/platform/ec/build/zephyr/skywalker-tps6699x-lcov]   /mnt/host/source/src/platform/ec/build/zephyr/skywalker-tps6699x/build-rw/modules/ec/zephyr/CMakeFiles/ec_shim.dir/shim/src/keyscan.c.gcno:no functions found
[/mnt/host/source/src/platform/ec/build/zephyr/skywalker-tps6699x-lcov] stderr:
[quandiso2:rw] [232/404] Building C object modules/ec/zephyr/CMakeFiles/ec_shim.dir/shim/src/usb_muxes.c.obj
[grogu:rw] [290/337] Building C object CMakeFiles/app.dir/mnt/host/source/src/platform/ec/build/zephyr/grogu/modules/ec/driver/usb_mux/it5205.c.obj
[grogu:ro] [52/337] Building C object CMakeFiles/app.dir/mnt/host/source/src/platform/ec/build/zephyr/grogu/modules/ec/common/extpower_gpio.c.obj
[grogu:rw] [291/337] Building C object CMakeFiles/app.dir/mnt/host/source/src/platform/ec/build/zephyr/grogu/modules/ec/common/usb_pd_host_cmd_common.c.obj
[grogu:rw] [292/337] Building C object CMakeFiles/app.dir/mnt/host/source/src/platform/ec/build/zephyr/grogu/modules/ec/common/vboot_hash.c.obj
[quandiso2:ro] [182/404] Building C object zephyr/drivers/watchdog/CMakeFiles/drivers__watchdog.dir/wdt_shell.c.obj
[quandiso2:rw] [233/404] Building C object CMakeFiles/app.dir/mnt/host/source/src/platform/ec/zephyr/subsys/ap_pwrseq/ap_events.c.obj
[quandiso2:ro] [183/404] Linking C static library zephyr/drivers/watchdog/libdrivers__watchdog.a
[joxer:rw] [95/404] Building C object CMakeFiles/app.dir/mnt/host/source/src/platform/ec/build/zephyr/joxer/modules/ec/common/tablet_mode.c.obj
[grogu:rw] [293/337] Building C object CMakeFiles/app.dir/mnt/host/source/src/platform/ec/build/zephyr/grogu/modules/ec/common/button.c.obj
[joxer:ro] [65/404] Building C object zephyr/CMakeFiles/zephyr.dir/subsys/shell/modules/devmem_service.c.obj
[joxer:rw] [96/404] Building C object CMakeFiles/app.dir/mnt/host/source/src/platform/ec/build/zephyr/joxer/modules/ec/common/thermal.c.obj
[quandiso2:ro] [184/404] Building C object modules/ec/zephyr/CMakeFiles/ec_shim.dir/app/ec/ec_app_main.c.obj
[grogu:rw] [294/337] Building C object CMakeFiles/app.dir/mnt/host/source/src/platform/ec/build/zephyr/grogu/modules/ec/common/vboot/efs2.c.obj
[quandiso2:rw] [234/404] Building C object CMakeFiles/app.dir/mnt/host/source/src/platform/ec/zephyr/subsys/ap_pwrseq/ap_power_interface.c.obj
[quandiso2:rw] [235/404] Building C object CMakeFiles/app.dir/mnt/host/source/src/platform/ec/zephyr/subsys/ap_pwrseq/power_signals.c.obj
[grogu:rw] [295/337] Building C object CMakeFiles/app.dir/mnt/host/source/src/platform/ec/build/zephyr/grogu/modules/ec/common/vstore.c.obj
[grogu:rw] [296/337] Building C object CMakeFiles/app.dir/mnt/host/source/src/platform/ec/build/zephyr/grogu/modules/ec/common/math_util.c.obj
[grogu:rw] [297/337] Building C object CMakeFiles/app.dir/mnt/host/source/src/platform/ec/build/zephyr/grogu/modules/ec/zephyr/program/skywalker/src/i2c.c.obj
[grogu:ro] [53/337] Building C object CMakeFiles/app.dir/mnt/host/source/src/platform/ec/build/zephyr/grogu/modules/ec/common/flash.c.obj
[quandiso2:ro] [185/404] Building C object modules/ec/zephyr/CMakeFiles/ec_shim.dir/app/ec/main_shim.c.obj
[joxer:rw] [97/404] Building C object CMakeFiles/app.dir/mnt/host/source/src/platform/ec/build/zephyr/joxer/modules/ec/common/temp_sensor.c.obj
[grogu:rw] [298/337] Building C object CMakeFiles/app.dir/mnt/host/source/src/platform/ec/build/zephyr/grogu/modules/ec/zephyr/program/skywalker/src/hibernate.c.obj
[quandiso2:rw] [236/404] Building C object CMakeFiles/app.dir/mnt/host/source/src/platform/ec/zephyr/subsys/ap_pwrseq/signal_gpio.c.obj
[joxer:rw] [98/404] Building C object CMakeFiles/app.dir/mnt/host/source/src/platform/ec/build/zephyr/joxer/modules/ec/driver/temp_sensor/thermistor.c.obj
[joxer:ro] [66/404] Building C object zephyr/CMakeFiles/zephyr.dir/subsys/shell/backends/shell_uart.c.obj
[quandiso2:ro] [186/404] Building C object modules/ec/zephyr/CMakeFiles/ec_shim.dir/app/ec/chip/riscv/riscv-ite/it8xxx2-espi.c.obj
[grogu:rw] [299/337] Linking C static library modules/ec/zephyr/libec_shim.a
[quandiso2:rw] [237/404] Building C object CMakeFiles/app.dir/mnt/host/source/src/platform/ec/zephyr/subsys/ap_pwrseq/signal_vw.c.obj
[grogu:rw] [300/337] Building C object CMakeFiles/app.dir/mnt/host/source/src/platform/ec/build/zephyr/grogu/modules/ec/zephyr/program/skywalker/src/hooks.c.obj
[quandiso2:rw] [238/404] Building C object CMakeFiles/app.dir/mnt/host/source/src/platform/ec/zephyr/subsys/ap_pwrseq/signal_adc.c.obj
[/mnt/host/source/src/platform/ec/build/zephyr/crystaldrift-lcov]   /mnt/host/source/src/platform/ec/build/zephyr/crystaldrift/build-rw/CMakeFiles/app.dir/mnt/host/source/src/platform/ec/build/zephyr/crystaldrift/modules/ec/common/cbi_config.c.gcno:no functions found
[/mnt/host/source/src/platform/ec/build/zephyr/crystaldrift-lcov] stderr:
[grogu:rw] [301/337] Building C object CMakeFiles/app.dir/mnt/host/source/src/platform/ec/build/zephyr/grogu/modules/ec/zephyr/program/skywalker/src/backlight.c.obj
[grogu:rw] [302/337] Building C object CMakeFiles/app.dir/mnt/host/source/src/platform/ec/build/zephyr/grogu/modules/ec/zephyr/program/skywalker/src/pmic_resetb_irq.c.obj
[grogu:ro] [54/337] Building C object CMakeFiles/app.dir/mnt/host/source/src/platform/ec/build/zephyr/grogu/modules/ec/common/host_command.c.obj
[grogu:rw] [303/337] Building C object CMakeFiles/app.dir/mnt/host/source/src/platform/ec/build/zephyr/grogu/modules/ec/zephyr/program/skywalker/src/dp_alt_mode.c.obj
[grogu:rw] [304/337] Building C object zephyr/kernel/CMakeFiles/kernel.dir/main_weak.c.obj
[quandiso2:ro] [187/404] Building C object modules/ec/zephyr/CMakeFiles/ec_shim.dir/drivers/cros_flash/cros_flash_it8xxx2.c.obj
[grogu:rw] [305/337] Linking C static library app/libapp.a
[joxer:ro] [67/404] Building C object zephyr/CMakeFiles/zephyr.dir/subsys/shell/shell.c.obj
[joxer:rw] [99/404] Building C object CMakeFiles/app.dir/mnt/host/source/src/platform/ec/build/zephyr/joxer/modules/ec/common/throttle_ap.c.obj
[quandiso2:rw] [239/404] Building C object CMakeFiles/app.dir/mnt/host/source/src/platform/ec/zephyr/subsys/ap_pwrseq/power_host_sleep.c.obj
[joxer:rw] [100/404] Building C object CMakeFiles/app.dir/mnt/host/source/src/platform/ec/build/zephyr/joxer/modules/ec/common/timer.c.obj
[grogu:rw] [306/337] Building C object zephyr/kernel/CMakeFiles/kernel.dir/banner.c.obj
[quandiso2:ro] [188/404] Building C object modules/ec/zephyr/CMakeFiles/ec_shim.dir/drivers/cros_kb_raw/cros_kb_raw_ite.c.obj
[grogu:rw] [307/337] Building C object zephyr/kernel/CMakeFiles/kernel.dir/busy_wait.c.obj
[quandiso2:rw] [240/404] Building C object CMakeFiles/app.dir/mnt/host/source/src/platform/ec/zephyr/subsys/ap_pwrseq/x86_non_dsx_common_pwrseq_sm_handler.c.obj
[/mnt/host/source/src/platform/ec/build/zephyr/crystaldrift-lcov]   /mnt/host/source/src/platform/ec/build/zephyr/crystaldrift/build-rw/CMakeFiles/app.dir/src/common.c.gcno:no functions found
[/mnt/host/source/src/platform/ec/build/zephyr/crystaldrift-lcov] stderr:
[quandiso2:rw] [241/404] Building C object CMakeFiles/app.dir/mnt/host/source/src/platform/ec/zephyr/subsys/ap_pwrseq/x86_non_dsx_chipset_power_state.c.obj
[grogu:rw] [308/337] Building C object zephyr/kernel/CMakeFiles/kernel.dir/device.c.obj
[grogu:rw] [309/337] Building C object zephyr/kernel/CMakeFiles/kernel.dir/errno.c.obj
[grogu:rw] [310/337] Building C object zephyr/kernel/CMakeFiles/kernel.dir/fatal.c.obj
[grogu:ro] [55/337] Building C object CMakeFiles/app.dir/mnt/host/source/src/platform/ec/build/zephyr/grogu/modules/ec/common/host_event_commands.c.obj
[quandiso2:ro] [189/404] Building C object modules/ec/zephyr/CMakeFiles/ec_shim.dir/drivers/cros_kblight/pwm_kblight.c.obj
[joxer:ro] [68/404] Building C object zephyr/CMakeFiles/zephyr.dir/subsys/shell/shell_fprintf.c.obj
[grogu:rw] [311/337] Building C object zephyr/kernel/CMakeFiles/kernel.dir/version.c.obj
[joxer:rw] [101/404] Building C object CMakeFiles/app.dir/mnt/host/source/src/platform/ec/build/zephyr/joxer/modules/ec/common/typec_control.c.obj
[grogu:rw] [312/337] Building C object zephyr/kernel/CMakeFiles/kernel.dir/init.c.obj
[joxer:rw] [102/404] Building C object CMakeFiles/app.dir/mnt/host/source/src/platform/ec/build/zephyr/joxer/modules/ec/common/usb_port_power_smart.c.obj
[grogu:rw] [313/337] Building C object zephyr/kernel/CMakeFiles/kernel.dir/kheap.c.obj
[quandiso2:rw] [242/404] Building C object CMakeFiles/app.dir/mnt/host/source/src/platform/ec/zephyr/subsys/ap_pwrseq/x86_non_dsx_common_pwrseq_host_sleep.c.obj
[quandiso2:ro] [190/404] Building C object modules/ec/zephyr/CMakeFiles/ec_shim.dir/drivers/cros_system/cros_system_it8xxx2.c.obj
[quandiso2:rw] [243/404] Building C object CMakeFiles/app.dir/mnt/host/source/src/platform/ec/zephyr/subsys/ap_pwrseq/x86_non_dsx_common_pwrseq_console.c.obj
[grogu:rw] [314/337] Building C object zephyr/kernel/CMakeFiles/kernel.dir/mem_slab.c.obj
[grogu:rw] [315/337] Building C object zephyr/kernel/CMakeFiles/kernel.dir/float.c.obj
[quandiso2:rw] [244/404] Building C object CMakeFiles/app.dir/mnt/host/source/src/platform/ec/zephyr/subsys/ap_pwrseq/x86_non_dsx_common_pwrseq_host_command.c.obj
[grogu:ro] [56/337] Building C object CMakeFiles/app.dir/mnt/host/source/src/platform/ec/build/zephyr/grogu/modules/ec/common/uart_hostcmd.c.obj
[grogu:rw] [316/337] Building C object zephyr/kernel/CMakeFiles/kernel.dir/idle.c.obj
[joxer:ro] [69/404] Building C object zephyr/CMakeFiles/zephyr.dir/subsys/shell/shell_utils.c.obj
[quandiso2:ro] [191/404] Building C object modules/ec/zephyr/CMakeFiles/ec_shim.dir/drivers/vivaldi_kbd/vivaldi_kbd.c.obj
[grogu:rw] [317/337] Building C object zephyr/kernel/CMakeFiles/kernel.dir/mailbox.c.obj
[joxer:rw] [103/404] Building C object CMakeFiles/app.dir/mnt/host/source/src/platform/ec/build/zephyr/joxer/modules/ec/common/usb_pd_pdo.c.obj
[grogu:rw] [318/337] Building C object zephyr/kernel/CMakeFiles/kernel.dir/msg_q.c.obj
[quandiso2:rw] [245/404] Building C object CMakeFiles/app.dir/mnt/host/source/src/platform/ec/zephyr/subsys/ap_pwrseq/x86_non_dsx_adlp_pwrseq_sm.c.obj
[quandiso2:ro] [192/404] Building C object modules/ec/zephyr/CMakeFiles/ec_shim.dir/shim/chip/it8xxx2/clock.c.obj
[joxer:rw] [104/404] Building C object CMakeFiles/app.dir/mnt/host/source/src/platform/ec/build/zephyr/joxer/modules/ec/common/usb_common.c.obj
[quandiso2:rw] [246/404] Building C object CMakeFiles/app.dir/mnt/host/source/src/platform/ec/zephyr/subsys/ap_pwrseq/ap_reset_log.c.obj
[grogu:rw] [319/337] Building C object zephyr/kernel/CMakeFiles/kernel.dir/mutex.c.obj
[grogu:rw] [320/337] Building C object zephyr/kernel/CMakeFiles/kernel.dir/queue.c.obj
[/mnt/host/source/src/platform/ec/build/zephyr/crystaldrift-lcov]   /mnt/host/source/src/platform/ec/build/zephyr/crystaldrift/build-rw/zephyr/arch/arch/arm/core/mpu/CMakeFiles/arch__arm__core__mpu.dir/arm_mpu_regions.c.gcno:no functions found
[/mnt/host/source/src/platform/ec/build/zephyr/crystaldrift-lcov] stderr:
[quandiso2:rw] [247/404] Building C object CMakeFiles/app.dir/mnt/host/source/src/platform/ec/build/zephyr/quandiso2/modules/ec/builtin/stdlib.c.obj
[grogu:rw] [321/337] Building C object zephyr/kernel/CMakeFiles/kernel.dir/sem.c.obj
[grogu:ro] [57/337] Building C object CMakeFiles/app.dir/mnt/host/source/src/platform/ec/build/zephyr/grogu/modules/ec/common/uptime.c.obj
[joxer:ro] [70/404] Building C object zephyr/CMakeFiles/zephyr.dir/subsys/shell/shell_ops.c.obj
[grogu:rw] [322/337] Building C object zephyr/kernel/CMakeFiles/kernel.dir/stack.c.obj
[grogu:rw] [323/337] Building C object zephyr/kernel/CMakeFiles/kernel.dir/system_work_q.c.obj
[quandiso2:rw] [248/404] Building C object CMakeFiles/app.dir/mnt/host/source/src/platform/ec/build/zephyr/quandiso2/modules/ec/common/base32.c.obj
[quandiso2:ro] [193/404] Building C object modules/ec/zephyr/CMakeFiles/ec_shim.dir/shim/chip/it8xxx2/gpio.c.obj
[/mnt/host/source/src/platform/ec/build/zephyr/crystaldrift-lcov]   /mnt/host/source/src/platform/ec/build/zephyr/crystaldrift/build-rw/zephyr/arch/common/CMakeFiles/isr_tables.dir/isr_tables.c.gcno:no functions found
[quandiso2:ro] [194/404] Building C object modules/ec/zephyr/CMakeFiles/ec_shim.dir/shim/chip/it8xxx2/system.c.obj
[/mnt/host/source/src/platform/ec/build/zephyr/crystaldrift-lcov] stderr:
[joxer:rw] [105/404] Building C object CMakeFiles/app.dir/mnt/host/source/src/platform/ec/build/zephyr/joxer/modules/ec/common/usbc/usbc_task.c.obj
[grogu:rw] [324/337] Building C object zephyr/kernel/CMakeFiles/kernel.dir/condvar.c.obj
[joxer:rw] [106/404] Building C object CMakeFiles/app.dir/mnt/host/source/src/platform/ec/build/zephyr/joxer/modules/ec/common/usbc/usb_pd_timer.c.obj
[quandiso2:rw] [249/404] Building C object CMakeFiles/app.dir/mnt/host/source/src/platform/ec/build/zephyr/quandiso2/modules/ec/common/console_output.c.obj
[grogu:rw] [325/337] Building C object zephyr/kernel/CMakeFiles/kernel.dir/thread.c.obj
[grogu:rw] [326/337] Building C object zephyr/kernel/CMakeFiles/kernel.dir/work.c.obj
[joxer:ro] [71/404] Building C object zephyr/CMakeFiles/zephyr.dir/subsys/shell/shell_help.c.obj
[quandiso2:rw] [250/404] Building C object CMakeFiles/app.dir/mnt/host/source/src/platform/ec/build/zephyr/quandiso2/modules/ec/common/ec_features.c.obj
[/mnt/host/source/src/platform/ec/build/zephyr/skywalker-tps6699x-lcov]   /mnt/host/source/src/platform/ec/build/zephyr/skywalker-tps6699x/build-rw/CMakeFiles/app.dir/mnt/host/source/src/platform/ec/build/zephyr/skywalker-tps6699x/modules/ec/common/cbi_config.c.gcno:no functions found
[/mnt/host/source/src/platform/ec/build/zephyr/skywalker-tps6699x-lcov] stderr:
[grogu:rw] [327/337] Building C object zephyr/kernel/CMakeFiles/kernel.dir/pipe.c.obj
[grogu:ro] [58/337] Building C object CMakeFiles/app.dir/mnt/host/source/src/platform/ec/build/zephyr/grogu/modules/ec/common/i2c_controller.c.obj
[quandiso2:rw] [251/404] Building C object CMakeFiles/app.dir/mnt/host/source/src/platform/ec/build/zephyr/quandiso2/modules/ec/common/gpio_commands.c.obj
[quandiso2:ro] [195/404] Building C object modules/ec/zephyr/CMakeFiles/ec_shim.dir/shim/chip/it8xxx2/keyboard_raw.c.obj
[grogu:rw] [328/337] Building C object zephyr/kernel/CMakeFiles/kernel.dir/spinlock_validate.c.obj
[grogu:rw] [329/337] Building C object zephyr/kernel/CMakeFiles/kernel.dir/sched.c.obj
[quandiso2:ro] [196/404] Building C object modules/ec/zephyr/CMakeFiles/ec_shim.dir/shim/chip/it8xxx2/power_policy.c.obj
[joxer:rw] [107/404] Building C object CMakeFiles/app.dir/mnt/host/source/src/platform/ec/build/zephyr/joxer/modules/ec/common/usbc/usb_sm.c.obj
[grogu:rw] [330/337] Building C object zephyr/kernel/CMakeFiles/kernel.dir/thread_monitor.c.obj
[quandiso2:ro] [197/404] Building C object modules/ec/zephyr/CMakeFiles/ec_shim.dir/shim/src/crc.c.obj
[joxer:rw] [108/404] Building C object CMakeFiles/app.dir/mnt/host/source/src/platform/ec/build/zephyr/joxer/modules/ec/common/usbc_intr_task.c.obj
[quandiso2:rw] [252/404] Building C object CMakeFiles/app.dir/mnt/host/source/src/platform/ec/build/zephyr/quandiso2/modules/ec/common/peripheral.c.obj
[quandiso2:rw] [253/404] Building C object CMakeFiles/app.dir/mnt/host/source/src/platform/ec/build/zephyr/quandiso2/modules/ec/common/printf.c.obj
[joxer:ro] [72/404] Building C object zephyr/CMakeFiles/zephyr.dir/subsys/shell/shell_cmds.c.obj
[grogu:rw] [331/337] Building C object zephyr/kernel/CMakeFiles/kernel.dir/timeout.c.obj
[grogu:rw] [332/337] Building C object zephyr/kernel/CMakeFiles/kernel.dir/timer.c.obj
[grogu:ro] [59/337] Building C object CMakeFiles/app.dir/mnt/host/source/src/platform/ec/build/zephyr/grogu/modules/ec/common/i2c_passthru.c.obj
[grogu:rw] [333/337] Building C object zephyr/kernel/CMakeFiles/kernel.dir/events.c.obj
[quandiso2:rw] [254/404] Building C object CMakeFiles/app.dir/mnt/host/source/src/platform/ec/build/zephyr/quandiso2/modules/ec/common/queue.c.obj
[deku:ro] Configuring.
Running `env -i PYTHONPATH=/usr/lib64/python-exec/python3.11:/mnt/host/source/src/platform/ec/zephyr/zmake:/usr/lib/python311.zip:/usr/lib/python3.11:/usr/lib/python3.11/lib-dynload:/usr/lib/python3.11/site-packages PW_PIGWEED_CIPD_INSTALL_DIR=/usr CROSTC_USER_ACKNOWLEDGES_THAT_RISCV_IS_EXPERIMENTAL=1 PATH=/mnt/host/source/chromite/bin:/usr/local/bin:/usr/bin:/bin:/opt/bin:/mnt/host/source/chromite/sdk/bin:/mnt/host/source/chromite/bin HOME=/home/jpmurphy JAVA_HOME=/etc/java-config-2/current-system-vm JDK_HOME=/etc/java-config-2/current-system-vm JAVAC=/etc/java-config-2/current-system-vm/bin/javac MAKEFLAGS=' -j16 --jobserver-auth=5,6' /usr/bin/cmake -S /mnt/host/source/src/platform/ec/zephyr/program/ovis -B /mnt/host/source/src/platform/ec/build/zephyr/deku/build-ro -GNinja -DCMAKE_EXPORT_COMPILE_COMMANDS=ON -DZEPHYR_BASE=/mnt/host/source/src/third_party/zephyr/main -DZMAKE_INCLUDE_DIR=/mnt/host/source/src/platform/ec/build/zephyr/deku/include -DPython3_EXECUTABLE=/usr/bin/python3.11 -DDTS_ROOT=/mnt/host/source/src/platform/ec/zephyr -DSYSCALL_INCLUDE_DIRS=/mnt/host/source/src/platform/ec/zephyr/include/drivers -DUSER_CACHE_DIR=/mnt/host/source/src/platform/ec/build/zephyr/user-cache '-DEXTRA_EC_VERSION_FLAGS=--version 16543.0.0 --static' -DTOOLCHAIN_ROOT=/mnt/host/source/src/platform/ec/zephyr -DCOREBOOT_SDK_ROOT_x86=/home/jpmurphy/.cache/coreboot-sdk/i386-elf/dfbb0486385d938cfa9d73080b9d18d598ed4f49 -DCOREBOOT_SDK_ROOT_picolibc_x86=/home/jpmurphy/.cache/coreboot-sdk/picolibc-i386-elf/eb8e8e687b95461de8cbf278f1c2076952d0ad17 -DCOREBOOT_SDK_ROOT_riscv64=/home/jpmurphy/.cache/coreboot-sdk/riscv64-elf/96b949749225b6aaa92ed810ab769e8dfb12f000 -DCOREBOOT_SDK_ROOT_picolibc_arm=/home/jpmurphy/.cache/coreboot-sdk/picolibc-arm-eabi/422a2aa3e1ef891b5bece9a3deb696ff83840d2e -DCOREBOOT_SDK_ROOT_nds32=/home/jpmurphy/.cache/coreboot-sdk/nds32le-elf/d1a518c4a097666d86058e1444f85ca015d15511 -DCOREBOOT_SDK_ROOT_picolibc_riscv64=/home/jpmurphy/.cache/coreboot-sdk/picolibc-riscv64-elf/f571e990ef0278564b31124f8bb109d9a697eb69 -DCOREBOOT_SDK_ROOT_arm=/home/jpmurphy/.cache/coreboot-sdk/arm-eabi/ea40ddd1d190c3b48435c474c0b545719371813a -DCOREBOOT_SDK_ROOT_libstdcxx_riscv64=/home/jpmurphy/.cache/coreboot-sdk/libstdcxx-riscv64-elf/17abf22a3a252e2d5d2062ced5324f7a623689e0 -DCOREBOOT_SDK_ROOT_libstdcxx_arm=/home/jpmurphy/.cache/coreboot-sdk/libstdcxx-arm-eabi/5d7d82e150e44aa1968f1d366e267e6687b328ac -DCOREBOOT_SDK_ROOT_riscv=/home/jpmurphy/.cache/coreboot-sdk/riscv-elf/9a27b9e82341c6e9126624f516ab3f261abb3e73 -DCOREBOOT_SDK_ROOT_libstdcxx_x86=/home/jpmurphy/.cache/coreboot-sdk/libstdcxx-i386-elf/42ef9d2e87a76a37963175d7d428734e65648b87 -DZEPHYR_TOOLCHAIN_VARIANT=coreboot-sdk '-DZEPHYR_MODULES=/mnt/host/source/src/platform/ec/build/zephyr/deku/modules/cmsis;/mnt/host/source/src/platform/ec/build/zephyr/deku/modules/cmsis_6;/mnt/host/source/src/platform/ec/build/zephyr/deku/modules/ec' -DDTC_OVERLAY_FILE=/mnt/host/source/src/platform/ec/zephyr/program/ovis/deku/project.overlay -DBOARD=npcx9/npcx9m3f -DCMAKE_C_FLAGS=-DSECTION_IS_RO '-DCONF_FILE=/mnt/host/source/src/platform/ec/zephyr/program/ovis/program.conf;/mnt/host/source/src/platform/ec/zephyr/program/ovis/deku/project.conf;/mnt/host/source/src/platform/ec/build/zephyr/deku/kconfig-ro.conf'`
[grogu:rw] [334/337] Building C object zephyr/kernel/CMakeFiles/kernel.dir/mempool.c.obj
Running (initial) lcov on /mnt/host/source/src/platform/ec/build/zephyr/spikyrock.
[quandiso2:ro] [198/404] Building C object modules/ec/zephyr/CMakeFiles/ec_shim.dir/shim/src/console.c.obj
[deku:ro] Loading Zephyr default modules (Zephyr base (cached)).
[deku:ro] -- Application: /mnt/host/source/src/platform/ec/zephyr/program/ovis
[deku:ro] -- CMake version: 3.31.7
[grogu:rw] [335/337] Building C object zephyr/kernel/CMakeFiles/kernel.dir/poll.c.obj
[joxer:rw] [109/404] Building C object CMakeFiles/app.dir/mnt/host/source/src/platform/ec/build/zephyr/joxer/modules/ec/common/usb_pd_flags.c.obj
[joxer:rw] [110/404] Building C object CMakeFiles/app.dir/mnt/host/source/src/platform/ec/build/zephyr/joxer/modules/ec/common/usbc_utils.c.obj
[grogu:rw] [336/337] Building C object zephyr/kernel/CMakeFiles/kernel.dir/dynamic_disabled.c.obj
[joxer:ro] [73/404] Building C object zephyr/CMakeFiles/zephyr.dir/subsys/shell/shell_history.c.obj
[grogu:rw] [337/337] Linking C static library zephyr/kernel/libkernel.a
[quandiso2:ro] [199/404] Building C object modules/ec/zephyr/CMakeFiles/ec_shim.dir/shim/src/gpio.c.obj
[quandiso2:rw] [255/404] Building C object CMakeFiles/app.dir/mnt/host/source/src/platform/ec/build/zephyr/quandiso2/modules/ec/common/system_boot_time.c.obj
[deku:ro] -- Found Python3: /usr/bin/python3.11 (found suitable version "3.11.11", minimum required is "3.10") found components: Interpreter
[deku:ro] -- Cache files will be written to: /mnt/host/source/src/platform/ec/build/zephyr/user-cache
[deku:ro] -- Zephyr version: 4.3.99 (/mnt/host/source/src/third_party/zephyr/main)
Running `env -i PYTHONPATH=/usr/lib64/python-exec/python3.11:/mnt/host/source/src/platform/ec/zephyr/zmake:/usr/lib/python311.zip:/usr/lib/python3.11:/usr/lib/python3.11/lib-dynload:/usr/lib/python3.11/site-packages PW_PIGWEED_CIPD_INSTALL_DIR=/usr CROSTC_USER_ACKNOWLEDGES_THAT_RISCV_IS_EXPERIMENTAL=1 PATH=/mnt/host/source/chromite/bin:/usr/local/bin:/usr/bin:/bin:/opt/bin:/mnt/host/source/chromite/sdk/bin:/mnt/host/source/chromite/bin HOME=/home/jpmurphy JAVA_HOME=/etc/java-config-2/current-system-vm JDK_HOME=/etc/java-config-2/current-system-vm JAVAC=/etc/java-config-2/current-system-vm/bin/javac MAKEFLAGS=' -j16 --jobserver-auth=5,6' /usr/bin/lcov --gcov-tool /mnt/host/source/src/platform/ec/build/zephyr/spikyrock/build-rw/gcov.sh -q -o - -c -d /mnt/host/source/src/platform/ec/build/zephyr/spikyrock -t spikyrock --rc branch_coverage=1 --filter range --ignore-errors inconsistent,source --ignore-errors gcov,gcov -i`
[quandiso2:rw] [256/404] Building C object CMakeFiles/app.dir/mnt/host/source/src/platform/ec/build/zephyr/quandiso2/modules/ec/common/system.c.obj
[quandiso2:rw] [257/404] Building C object CMakeFiles/app.dir/mnt/host/source/src/platform/ec/build/zephyr/quandiso2/modules/ec/common/uart_printf.c.obj
[/mnt/host/source/src/platform/ec/build/zephyr/skywalker-tps6699x-lcov]   /mnt/host/source/src/platform/ec/build/zephyr/skywalker-tps6699x/build-rw/zephyr/arch/arch/arm/core/mpu/CMakeFiles/arch__arm__core__mpu.dir/arm_mpu_regions.c.gcno:no functions found
[/mnt/host/source/src/platform/ec/build/zephyr/skywalker-tps6699x-lcov] stderr:
[grogu:ro] [60/337] Building C object CMakeFiles/app.dir/mnt/host/source/src/platform/ec/build/zephyr/grogu/modules/ec/common/virtual_battery.c.obj
[quandiso2:ro] [200/404] Building C object modules/ec/zephyr/CMakeFiles/ec_shim.dir/shim/src/gpio_int.c.obj
[grogu:ro] [61/337] Building C object CMakeFiles/app.dir/mnt/host/source/src/platform/ec/build/zephyr/grogu/modules/ec/common/keyboard_scan.c.obj
[joxer:rw] [111/404] Building C object CMakeFiles/app.dir/mnt/host/source/src/platform/ec/build/zephyr/joxer/modules/ec/common/chargen.c.obj
[quandiso2:ro] [201/404] Building C object modules/ec/zephyr/CMakeFiles/ec_shim.dir/shim/src/panic_utils.c.obj
[joxer:ro] [74/404] Building C object zephyr/CMakeFiles/zephyr.dir/subsys/shell/shell_wildcard.c.obj
[joxer:rw] [112/404] Building C object CMakeFiles/app.dir/mnt/host/source/src/platform/ec/build/zephyr/joxer/modules/ec/common/usbc/usb_pd_console.c.obj
[quandiso2:rw] [258/404] Building C object CMakeFiles/app.dir/mnt/host/source/src/platform/ec/build/zephyr/quandiso2/modules/ec/common/version.c.obj
[quandiso2:rw] [259/404] Building C object CMakeFiles/app.dir/mnt/host/source/src/platform/ec/build/zephyr/quandiso2/modules/ec/common/util.c.obj
[quandiso2:ro] [202/404] Building C object modules/ec/zephyr/CMakeFiles/ec_shim.dir/shim/src/pm_state.c.obj
[quandiso2:rw] [260/404] Building C object CMakeFiles/app.dir/mnt/host/source/src/platform/ec/build/zephyr/quandiso2/modules/ec/common/power_button_x86.c.obj
[grogu:ro] [62/337] Building C object CMakeFiles/app.dir/mnt/host/source/src/platform/ec/build/zephyr/grogu/modules/ec/common/mkbp_fifo.c.obj
[/mnt/host/source/src/platform/ec/build/zephyr/spikyrock-lcov] geninfo: WARNING: using JSON module "JSON::PP" - which is much slower than some alternatives.  Consider installing one of JSON::XS or Cpanel::JSON::XS
[quandiso2:rw] [261/404] Building C object CMakeFiles/app.dir/mnt/host/source/src/platform/ec/build/zephyr/quandiso2/modules/ec/driver/accel_bma4xx.c.obj
[/mnt/host/source/src/platform/ec/build/zephyr/skywalker-tps6699x-lcov]   /mnt/host/source/src/platform/ec/build/zephyr/skywalker-tps6699x/build-rw/zephyr/arch/common/CMakeFiles/isr_tables.dir/isr_tables.c.gcno:no functions found
[/mnt/host/source/src/platform/ec/build/zephyr/skywalker-tps6699x-lcov] stderr:
[joxer:ro] [75/404] Building C object zephyr/CMakeFiles/zephyr.dir/drivers/flash/flash_util.c.obj
[quandiso2:ro] [203/404] Building C object modules/ec/zephyr/CMakeFiles/ec_shim.dir/shim/src/cbi/cros_cbi.c.obj
[deku:ro] -- Board: npcx9, qualifiers: npcx9m3f
[grogu:ro] [63/337] Building C object CMakeFiles/app.dir/mnt/host/source/src/platform/ec/build/zephyr/grogu/modules/ec/common/mkbp_info.c.obj
[quandiso2:ro] [204/404] Building C object modules/ec/zephyr/CMakeFiles/ec_shim.dir/shim/src/cbi/cros_cbi_fw_config.c.obj
[joxer:ro] [76/404] Linking C static library zephyr/libzephyr.a
[joxer:rw] [113/404] Building C object CMakeFiles/app.dir/mnt/host/source/src/platform/ec/build/zephyr/joxer/modules/ec/driver/usb_mux/usb_mux.c.obj
[quandiso2:rw] [262/404] Building C object CMakeFiles/app.dir/mnt/host/source/src/platform/ec/build/zephyr/quandiso2/modules/ec/driver/accel_kionix.c.obj
[quandiso2:ro] [205/404] Building C object modules/ec/zephyr/CMakeFiles/ec_shim.dir/shim/src/cbi/cros_cbi_ssfc.c.obj
[joxer:rw] [114/404] Building C object CMakeFiles/app.dir/mnt/host/source/src/platform/ec/build/zephyr/joxer/modules/ec/driver/usb_mux/virtual.c.obj
[quandiso2:rw] [263/404] Building C object CMakeFiles/app.dir/mnt/host/source/src/platform/ec/build/zephyr/quandiso2/modules/ec/driver/accelgyro_bmi_common.c.obj
[grogu:ro] [64/337] Building C object CMakeFiles/app.dir/mnt/host/source/src/platform/ec/build/zephyr/grogu/modules/ec/common/keyboard_mkbp.c.obj
[quandiso2:rw] [264/404] Building C object CMakeFiles/app.dir/mnt/host/source/src/platform/ec/build/zephyr/quandiso2/modules/ec/driver/accelgyro_bmi3xx.c.obj
[joxer:ro] [77/404] Building C object zephyr/arch/common/CMakeFiles/arch__common.dir/sw_isr_common.c.obj
[quandiso2:ro] [206/404] Building C object modules/ec/zephyr/CMakeFiles/ec_shim.dir/shim/src/cbi/cbi_eeprom.c.obj
[/mnt/host/source/src/platform/ec/build/zephyr/crystaldrift-lcov]   /mnt/host/source/src/platform/ec/build/zephyr/crystaldrift/build-rw/zephyr/CMakeFiles/zephyr.dir/subsys/shell/modules/kernel_service/kernel_shell.c.gcno:no functions found
[/mnt/host/source/src/platform/ec/build/zephyr/crystaldrift-lcov] stderr:
[quandiso2:rw] [265/404] Building C object CMakeFiles/app.dir/mnt/host/source/src/platform/ec/build/zephyr/quandiso2/modules/ec/common/motion_sense_fifo.c.obj
[grogu:ro] [65/337] Building C object CMakeFiles/app.dir/mnt/host/source/src/platform/ec/build/zephyr/grogu/modules/ec/common/mkbp_input_devices.c.obj
[quandiso2:ro] [207/404] Building C object modules/ec/zephyr/CMakeFiles/ec_shim.dir/shim/src/system.c.obj
[/mnt/host/source/src/platform/ec/build/zephyr/crystaldrift-lcov]   /mnt/host/source/src/platform/ec/build/zephyr/crystaldrift/build-rw/zephyr/CMakeFiles/zephyr.dir/lib/libc/validate_libc.c.gcno:no functions found
[/mnt/host/source/src/platform/ec/build/zephyr/crystaldrift-lcov] stderr:
[joxer:ro] [78/404] Building C object zephyr/arch/common/CMakeFiles/arch__common.dir/dynamic_isr.c.obj
[quandiso2:rw] [266/404] Building C object CMakeFiles/app.dir/mnt/host/source/src/platform/ec/build/zephyr/quandiso2/modules/ec/common/adc.c.obj
[quandiso2:ro] [208/404] Building C object modules/ec/zephyr/CMakeFiles/ec_shim.dir/shim/src/adc.c.obj
[grogu:ro] [66/337] Building C object CMakeFiles/app.dir/mnt/host/source/src/platform/ec/build/zephyr/grogu/modules/ec/common/led_common.c.obj
[quandiso2:rw] [267/404] Building C object CMakeFiles/app.dir/mnt/host/source/src/platform/ec/build/zephyr/quandiso2/modules/ec/common/backlight_lid.c.obj
[joxer:rw] [115/404] Building C object CMakeFiles/app.dir/mnt/host/source/src/platform/ec/build/zephyr/joxer/modules/ec/common/usbc/usb_prl_sm.c.obj
[joxer:rw] [116/404] Building C object CMakeFiles/app.dir/mnt/host/source/src/platform/ec/build/zephyr/joxer/modules/ec/common/usbc/usb_tc_drp_acc_trysrc_sm.c.obj
[quandiso2:rw] [268/404] Building C object CMakeFiles/app.dir/mnt/host/source/src/platform/ec/build/zephyr/quandiso2/modules/ec/common/acpi.c.obj
[quandiso2:ro] [209/404] Building C object modules/ec/zephyr/CMakeFiles/ec_shim.dir/shim/src/battery.c.obj
[grogu:ro] [67/337] Building C object CMakeFiles/app.dir/mnt/host/source/src/platform/ec/build/zephyr/grogu/modules/ec/common/lid_switch.c.obj
[quandiso2:rw] [269/404] Building C object CMakeFiles/app.dir/mnt/host/source/src/platform/ec/build/zephyr/quandiso2/modules/ec/common/battery.c.obj
[joxer:ro] [79/404] Building C object zephyr/arch/common/CMakeFiles/arch__common.dir/init.c.obj
[quandiso2:ro] [210/404] Building C object modules/ec/zephyr/CMakeFiles/ec_shim.dir/shim/src/charger.c.obj
[deku:ro] -- Found Dtc: /usr/bin/dtc (found suitable version "1.6.0", minimum required is "1.4.6")
[deku:ro] -- Found BOARD.dts: /mnt/host/source/src/platform/ec/zephyr/boards/google/npcx9/npcx9_npcx9m3f.dts
[/mnt/host/source/src/platform/ec/build/zephyr/spikyrock-lcov] stderr:
[grogu:ro] [68/337] Building C object CMakeFiles/app.dir/mnt/host/source/src/platform/ec/build/zephyr/grogu/modules/ec/common/mkbp_event.c.obj
[quandiso2:rw] [270/404] Building C object CMakeFiles/app.dir/mnt/host/source/src/platform/ec/build/zephyr/quandiso2/modules/ec/common/battery_info.c.obj
[quandiso2:rw] [271/404] Building C object CMakeFiles/app.dir/mnt/host/source/src/platform/ec/build/zephyr/quandiso2/modules/ec/common/battery_fuel_gauge.c.obj
[quandiso2:ro] [211/404] Building C object modules/ec/zephyr/CMakeFiles/ec_shim.dir/shim/src/chipset_api.c.obj
[quandiso2:rw] [272/404] Building C object CMakeFiles/app.dir/mnt/host/source/src/platform/ec/build/zephyr/quandiso2/modules/ec/driver/battery/smart.c.obj
[joxer:rw] [117/404] Building C object CMakeFiles/app.dir/mnt/host/source/src/platform/ec/build/zephyr/joxer/modules/ec/common/usbc/usb_pd_dpm.c.obj
[joxer:ro] [80/404] Building C object zephyr/arch/common/CMakeFiles/arch__common.dir/xip.c.obj
[grogu:ro] [69/337] Building C object CMakeFiles/app.dir/mnt/host/source/src/platform/ec/build/zephyr/grogu/modules/ec/common/power_button.c.obj
[/mnt/host/source/src/platform/ec/build/zephyr/crystaldrift-lcov]   /mnt/host/source/src/platform/ec/build/zephyr/crystaldrift/build-rw/zephyr/CMakeFiles/zephyr.dir/lib/utils/last_section_id.c.gcno:no functions found
[/mnt/host/source/src/platform/ec/build/zephyr/crystaldrift-lcov] stderr:
[quandiso2:ro] [212/404] Building C object modules/ec/zephyr/CMakeFiles/ec_shim.dir/shim/src/espi.c.obj
[quandiso2:rw] [273/404] Building C object CMakeFiles/app.dir/mnt/host/source/src/platform/ec/build/zephyr/quandiso2/modules/ec/driver/charger/sm5803.c.obj
[joxer:rw] [118/404] Building C object CMakeFiles/app.dir/mnt/host/source/src/platform/ec/build/zephyr/joxer/modules/ec/common/usbc/usb_pe_drp_sm.c.obj
[quandiso2:ro] [213/404] Building C object modules/ec/zephyr/CMakeFiles/ec_shim.dir/shim/src/fan.c.obj
[quandiso2:rw] [274/404] Building C object CMakeFiles/app.dir/mnt/host/source/src/platform/ec/build/zephyr/quandiso2/modules/ec/common/charger.c.obj
[joxer:ro] [81/404] Building C object zephyr/arch/common/CMakeFiles/isr_tables.dir/isr_tables.c.obj
[quandiso2:ro] [214/404] Building C object modules/ec/zephyr/CMakeFiles/ec_shim.dir/shim/src/flash.c.obj
[grogu:ro] [70/337] Building C object CMakeFiles/app.dir/mnt/host/source/src/platform/ec/build/zephyr/grogu/modules/ec/power/common.c.obj
[joxer:ro] [82/404] Linking C static library zephyr/arch/common/libisr_tables.a
[joxer:rw] [119/404] Building C object CMakeFiles/app.dir/mnt/host/source/src/platform/ec/build/zephyr/joxer/modules/ec/common/usbc/usbc_pd_policy.c.obj
[quandiso2:rw] [275/404] Building C object CMakeFiles/app.dir/mnt/host/source/src/platform/ec/build/zephyr/quandiso2/modules/ec/common/charge_state.c.obj
[joxer:ro] [83/404] Linking C static library zephyr/arch/common/libarch__common.a
[grogu:ro] [71/337] Building C object CMakeFiles/app.dir/mnt/host/source/src/platform/ec/build/zephyr/grogu/modules/ec/power/host_sleep.c.obj
[quandiso2:rw] [276/404] Building C object CMakeFiles/app.dir/mnt/host/source/src/platform/ec/build/zephyr/quandiso2/modules/ec/common/charge_manager.c.obj
[quandiso2:ro] [215/404] Building C object modules/ec/zephyr/CMakeFiles/ec_shim.dir/shim/src/hooks.c.obj
[quandiso2:ro] [216/404] Building C object modules/ec/zephyr/CMakeFiles/ec_shim.dir/shim/src/host_command.c.obj
[quandiso2:rw] [277/404] Building C object CMakeFiles/app.dir/mnt/host/source/src/platform/ec/build/zephyr/quandiso2/modules/ec/common/ocpc.c.obj
[joxer:rw] [120/404] Building C object CMakeFiles/app.dir/mnt/host/source/src/platform/ec/build/zephyr/joxer/modules/ec/common/usbc/dp_alt_mode.c.obj
[deku:ro] -- Found devicetree overlay: /mnt/host/source/src/platform/ec/zephyr/program/ovis/deku/project.overlay
[deku:ro] -- Generated zephyr.dts: /mnt/host/source/src/platform/ec/build/zephyr/deku/build-ro/zephyr/zephyr.dts
[deku:ro] -- Generated pickled edt: /mnt/host/source/src/platform/ec/build/zephyr/deku/build-ro/zephyr/edt.pickle
[quandiso2:rw] [278/404] Building C object CMakeFiles/app.dir/mnt/host/source/src/platform/ec/build/zephyr/quandiso2/modules/ec/common/cbi_common.c.obj
[joxer:ro] [84/404] Building C object zephyr/arch/arch/riscv/core/CMakeFiles/arch__riscv__core.dir/cpu_idle.c.obj
[quandiso2:ro] [217/404] Building C object modules/ec/zephyr/CMakeFiles/ec_shim.dir/shim/src/console_buffer.c.obj
[joxer:rw] [121/404] Building C object CMakeFiles/app.dir/mnt/host/source/src/platform/ec/build/zephyr/joxer/modules/ec/common/usb_pd_console_cmd.c.obj
[quandiso2:rw] [279/404] Building C object CMakeFiles/app.dir/mnt/host/source/src/platform/ec/build/zephyr/quandiso2/modules/ec/common/cbi.c.obj
[grogu:ro] [72/337] Building C object CMakeFiles/app.dir/mnt/host/source/src/platform/ec/build/zephyr/grogu/modules/ec/power/mt8186.c.obj
[/mnt/host/source/src/platform/ec/build/zephyr/skywalker-tps6699x-lcov]   /mnt/host/source/src/platform/ec/build/zephyr/skywalker-tps6699x/build-rw/zephyr/CMakeFiles/zephyr.dir/subsys/shell/modules/kernel_service/kernel_shell.c.gcno:no functions found
[/mnt/host/source/src/platform/ec/build/zephyr/skywalker-tps6699x-lcov] stderr:
[deku:ro] -- Generated devicetree_generated.h: /mnt/host/source/src/platform/ec/build/zephyr/deku/build-ro/zephyr/include/generated/zephyr/devicetree_generated.h
[quandiso2:ro] [218/404] Building C object modules/ec/zephyr/CMakeFiles/ec_shim.dir/shim/src/mkbp_event.c.obj
[grogu:ro] [73/337] Building C object CMakeFiles/app.dir/mnt/host/source/src/platform/ec/build/zephyr/grogu/modules/ec/common/panic_output.c.obj
[quandiso2:ro] [219/404] Building C object modules/ec/zephyr/CMakeFiles/ec_shim.dir/shim/src/keyboard_raw.c.obj
[quandiso2:rw] [280/404] Building C object CMakeFiles/app.dir/mnt/host/source/src/platform/ec/build/zephyr/quandiso2/modules/ec/common/cbi_config.c.obj
[joxer:ro] [85/404] Building C object zephyr/arch/arch/riscv/core/CMakeFiles/arch__riscv__core.dir/fatal.c.obj
[quandiso2:rw] [281/404] Building C object CMakeFiles/app.dir/mnt/host/source/src/platform/ec/build/zephyr/quandiso2/modules/ec/common/memory_commands.c.obj
[joxer:rw] [122/404] Building C object CMakeFiles/app.dir/mnt/host/source/src/platform/ec/build/zephyr/joxer/modules/ec/common/usb_pd_host_cmd.c.obj
[quandiso2:rw] [282/404] Building C object CMakeFiles/app.dir/mnt/host/source/src/platform/ec/build/zephyr/quandiso2/modules/ec/common/dptf.c.obj
[/mnt/host/source/src/platform/ec/build/zephyr/skywalker-tps6699x-lcov]   /mnt/host/source/src/platform/ec/build/zephyr/skywalker-tps6699x/build-rw/zephyr/CMakeFiles/zephyr.dir/lib/libc/validate_libc.c.gcno:no functions found
[/mnt/host/source/src/platform/ec/build/zephyr/skywalker-tps6699x-lcov] stderr:
[joxer:rw] [123/404] Building C object CMakeFiles/app.dir/mnt/host/source/src/platform/ec/build/zephyr/joxer/modules/ec/common/usbc/usb_pd_host.c.obj
[quandiso2:rw] [283/404] Building C object CMakeFiles/app.dir/mnt/host/source/src/platform/ec/build/zephyr/quandiso2/modules/ec/common/ap_reset_log.c.obj
[quandiso2:ro] [220/404] Building C object modules/ec/zephyr/CMakeFiles/ec_shim.dir/shim/src/motionsense_sensors.c.obj
[grogu:ro] [74/337] Building C object CMakeFiles/app.dir/mnt/host/source/src/platform/ec/build/zephyr/grogu/modules/ec/common/shared_mem.c.obj
[grogu:ro] [75/337] Building C object CMakeFiles/app.dir/mnt/host/source/src/platform/ec/build/zephyr/grogu/modules/ec/common/switch.c.obj
[joxer:ro] [86/404] Building C object zephyr/arch/arch/riscv/core/CMakeFiles/arch__riscv__core.dir/irq_manage.c.obj
[quandiso2:rw] [284/404] Building C object CMakeFiles/app.dir/mnt/host/source/src/platform/ec/build/zephyr/quandiso2/modules/ec/common/espi.c.obj
[quandiso2:ro] [221/404] Building C object modules/ec/zephyr/CMakeFiles/ec_shim.dir/shim/src/panic.c.obj
[quandiso2:ro] [222/404] Building C object modules/ec/zephyr/CMakeFiles/ec_shim.dir/shim/src/pwm_hc.c.obj
[joxer:ro] [87/404] Building C object zephyr/arch/arch/riscv/core/CMakeFiles/arch__riscv__core.dir/prep_c.c.obj
[quandiso2:rw] [285/404] Building C object CMakeFiles/app.dir/mnt/host/source/src/platform/ec/build/zephyr/quandiso2/modules/ec/common/extpower_common.c.obj
[deku:ro] /mnt/host/source/src/platform/ec/build/zephyr/deku/build-ro/zephyr/zephyr.dts:3775.15-3782.5: Warning (gpios_property): /fans/fan_0: Missing property '#gpio-cells' in node /named-gpios/en_pp5000_fan or bad phandle (referred from enable-gpio[0])
[joxer:rw] [124/404] Building C object CMakeFiles/app.dir/mnt/host/source/src/platform/ec/build/zephyr/joxer/modules/ec/zephyr/shim/src/tcpc.c.obj
[quandiso2:rw] [286/404] Building C object CMakeFiles/app.dir/mnt/host/source/src/platform/ec/build/zephyr/quandiso2/modules/ec/common/fan.c.obj
[grogu:ro] [76/337] Building C object CMakeFiles/app.dir/mnt/host/source/src/platform/ec/build/zephyr/grogu/modules/ec/common/timer.c.obj
[joxer:rw] [125/404] Building C object CMakeFiles/app.dir/mnt/host/source/src/platform/ec/build/zephyr/joxer/modules/ec/common/usb_pd_host_cmd_common.c.obj
[quandiso2:ro] [223/404] Building C object modules/ec/zephyr/CMakeFiles/ec_shim.dir/shim/src/temp_sensors.c.obj
[quandiso2:rw] [287/404] Building C object CMakeFiles/app.dir/mnt/host/source/src/platform/ec/build/zephyr/quandiso2/modules/ec/common/flash.c.obj
[quandiso2:ro] [224/404] Building C object modules/ec/zephyr/CMakeFiles/ec_shim.dir/shim/src/hwtimer.c.obj
[grogu:ro] [77/337] Building C object CMakeFiles/app.dir/mnt/host/source/src/platform/ec/build/zephyr/grogu/modules/ec/common/usb_port_power_dumb.c.obj
[quandiso2:ro] [225/404] Building C object modules/ec/zephyr/CMakeFiles/ec_shim.dir/shim/src/thermal.c.obj
[quandiso2:rw] [288/404] Building C object CMakeFiles/app.dir/mnt/host/source/src/platform/ec/build/zephyr/quandiso2/modules/ec/common/host_command.c.obj
[/mnt/host/source/src/platform/ec/build/zephyr/skywalker-tps6699x-lcov]   /mnt/host/source/src/platform/ec/build/zephyr/skywalker-tps6699x/build-rw/zephyr/CMakeFiles/zephyr.dir/lib/utils/last_section_id.c.gcno:no functions found
[/mnt/host/source/src/platform/ec/build/zephyr/skywalker-tps6699x-lcov] stderr:
[joxer:ro] [88/404] Building C object zephyr/arch/arch/riscv/core/CMakeFiles/arch__riscv__core.dir/reboot.c.obj
[quandiso2:rw] [289/404] Building C object CMakeFiles/app.dir/mnt/host/source/src/platform/ec/build/zephyr/quandiso2/modules/ec/common/host_command_task.c.obj
[joxer:rw] [126/404] Building C object CMakeFiles/app.dir/mnt/host/source/src/platform/ec/build/zephyr/joxer/modules/ec/common/usbc/svdm_rsp_dfp_only.c.obj
[grogu:ro] [78/337] Building C object CMakeFiles/app.dir/mnt/host/source/src/platform/ec/build/zephyr/grogu/modules/ec/common/usbc_utils.c.obj
[quandiso2:rw] [290/404] Building C object CMakeFiles/app.dir/mnt/host/source/src/platform/ec/build/zephyr/quandiso2/modules/ec/common/host_event_commands.c.obj
[joxer:rw] [127/404] Building C object CMakeFiles/app.dir/mnt/host/source/src/platform/ec/build/zephyr/joxer/modules/ec/common/usbc_ocp.c.obj
[quandiso2:ro] [226/404] Building C object modules/ec/zephyr/CMakeFiles/ec_shim.dir/shim/src/i2c.c.obj
[quandiso2:ro] [227/404] Building C object modules/ec/zephyr/CMakeFiles/ec_shim.dir/shim/src/tasks.c.obj
[joxer:ro] [89/404] Building ASM object zephyr/arch/arch/riscv/core/CMakeFiles/arch__riscv__core.dir/reset.S.obj
[quandiso2:rw] [291/404] Building C object CMakeFiles/app.dir/mnt/host/source/src/platform/ec/build/zephyr/quandiso2/modules/ec/common/uart_hostcmd.c.obj
[quandiso2:rw] [292/404] Building C object CMakeFiles/app.dir/mnt/host/source/src/platform/ec/build/zephyr/quandiso2/modules/ec/common/uptime.c.obj
[quandiso2:ro] [228/404] Building C object modules/ec/zephyr/CMakeFiles/ec_shim.dir/shim/src/watchdog.c.obj
[grogu:ro] [79/337] Building C object CMakeFiles/app.dir/mnt/host/source/src/platform/ec/build/zephyr/grogu/modules/ec/common/usb_common.c.obj
[quandiso2:rw] [293/404] Building C object CMakeFiles/app.dir/mnt/host/source/src/platform/ec/build/zephyr/quandiso2/modules/ec/common/i2c_controller.c.obj
[joxer:rw] [128/404] Building C object CMakeFiles/app.dir/mnt/host/source/src/platform/ec/build/zephyr/joxer/modules/ec/common/usb_pd_discovery.c.obj
[grogu:ro] [80/337] Building C object CMakeFiles/app.dir/mnt/host/source/src/platform/ec/build/zephyr/grogu/modules/ec/common/chargen.c.obj
[quandiso2:rw] [294/404] Building C object CMakeFiles/app.dir/mnt/host/source/src/platform/ec/build/zephyr/quandiso2/modules/ec/common/i2c_passthru.c.obj
[quandiso2:ro] [229/404] Building C object modules/ec/zephyr/CMakeFiles/ec_shim.dir/shim/src/usba.c.obj
[joxer:rw] [129/404] Building C object CMakeFiles/app.dir/mnt/host/source/src/platform/ec/build/zephyr/joxer/modules/ec/common/usb_pd_dual_role.c.obj
[joxer:ro] [90/404] Building ASM object zephyr/arch/arch/riscv/core/CMakeFiles/arch__riscv__core.dir/switch.S.obj
[quandiso2:ro] [230/404] Building C object modules/ec/zephyr/CMakeFiles/ec_shim.dir/shim/src/power_host_sleep_api.c.obj
[quandiso2:ro] [231/404] cd /mnt/host/source/src/platform/ec/build/zephyr/quandiso2/build-ro/modules/ec/zephyr && PYTHONPATH=/mnt/host/source/src/platform/ec/build/zephyr/quandiso2/modules/ec/zephyr/zmake/ /usr/bin/python3.11 /mnt/host/source/src/platform/ec/build/zephyr/quandiso2/modules/ec/zephyr/zmake/zephyr_build_tools/generate_ec_version.py /mnt/host/source/src/platform/ec/build/zephyr/quandiso2/build-ro/modules/ec/zephyr/include/ec_version.h --name Zephyr-Kernel --version 16543.0.0 --static
[quandiso2:ro] INFO:root:Using a static version string
[grogu:ro] [81/337] Building C object CMakeFiles/app.dir/mnt/host/source/src/platform/ec/build/zephyr/grogu/modules/ec/driver/usb_mux/it5205.c.obj
[quandiso2:rw] [295/404] Building C object CMakeFiles/app.dir/mnt/host/source/src/platform/ec/build/zephyr/quandiso2/modules/ec/common/keyboard_8042.c.obj
[quandiso2:rw] [296/404] Building C object CMakeFiles/app.dir/mnt/host/source/src/platform/ec/build/zephyr/quandiso2/modules/ec/common/keyboard_scan.c.obj
[quandiso2:ro] INFO:root:Version string: Zephyr-Kernel-16543.0.0
[quandiso2:ro] INFO:root:Writing header to /mnt/host/source/src/platform/ec/build/zephyr/quandiso2/build-ro/modules/ec/zephyr/include/ec_version.h
[quandiso2:ro] [232/404] Building C object modules/ec/zephyr/CMakeFiles/ec_shim.dir/shim/src/usb_muxes.c.obj
[quandiso2:rw] [297/404] Building C object CMakeFiles/app.dir/mnt/host/source/src/platform/ec/build/zephyr/quandiso2/modules/ec/common/keyboard_8042_sharedlib.c.obj
[quandiso2:ro] [233/404] Building C object zephyr/kernel/CMakeFiles/kernel.dir/main_weak.c.obj
[joxer:rw] [130/404] Building C object CMakeFiles/app.dir/mnt/host/source/src/platform/ec/build/zephyr/joxer/modules/ec/driver/tcpm/ps8xxx.c.obj
[joxer:ro] [91/404] Building C object zephyr/arch/arch/riscv/core/CMakeFiles/arch__riscv__core.dir/thread.c.obj
[grogu:ro] [82/337] Building C object CMakeFiles/app.dir/mnt/host/source/src/platform/ec/build/zephyr/grogu/modules/ec/common/usb_pd_host_cmd_common.c.obj
[quandiso2:rw] [298/404] Building C object CMakeFiles/app.dir/mnt/host/source/src/platform/ec/build/zephyr/quandiso2/modules/ec/common/mkbp_fifo.c.obj
[/mnt/host/source/src/platform/ec/build/zephyr/spikyrock-lcov]   /mnt/host/source/src/platform/ec/build/zephyr/spikyrock/build-ro/modules/ec/zephyr/CMakeFiles/ec_shim.dir/shim/src/keyscan.c.gcno:no functions found
[/mnt/host/source/src/platform/ec/build/zephyr/spikyrock-lcov] stderr:
[quandiso2:ro] [234/404] Building C object CMakeFiles/app.dir/mnt/host/source/src/platform/ec/zephyr/subsys/ap_pwrseq/ap_events.c.obj
[deku:ro] warning: Deprecated symbol I2C_ALLOW_NO_STOP_TRANSACTIONS is enabled.
[joxer:rw] [131/404] Building C object CMakeFiles/app.dir/mnt/host/source/src/platform/ec/build/zephyr/joxer/modules/ec/driver/tcpm/tcpci.c.obj
[grogu:ro] [83/337] Building C object CMakeFiles/app.dir/mnt/host/source/src/platform/ec/build/zephyr/grogu/modules/ec/common/vboot_hash.c.obj
[quandiso2:rw] [299/404] Building C object CMakeFiles/app.dir/mnt/host/source/src/platform/ec/build/zephyr/quandiso2/modules/ec/common/mkbp_info.c.obj
[joxer:ro] [92/404] Building ASM object zephyr/arch/arch/riscv/core/CMakeFiles/arch__riscv__core.dir/isr.S.obj
[quandiso2:ro] [235/404] Building C object CMakeFiles/app.dir/mnt/host/source/src/platform/ec/zephyr/subsys/ap_pwrseq/ap_power_interface.c.obj
[/mnt/host/source/src/platform/ec/build/zephyr/spikyrock-lcov]   /mnt/host/source/src/platform/ec/build/zephyr/spikyrock/build-ro/zephyr/arch/arch/riscv/core/CMakeFiles/arch__riscv__core.dir/cpu_idle.c.gcno:no functions found
[/mnt/host/source/src/platform/ec/build/zephyr/spikyrock-lcov] stderr:
[quandiso2:rw] [300/404] Building C object CMakeFiles/app.dir/mnt/host/source/src/platform/ec/build/zephyr/quandiso2/modules/ec/common/mkbp_input_devices.c.obj
[deku:ro] Parsing /mnt/host/source/src/platform/ec/zephyr/program/ovis/Kconfig
[quandiso2:ro] [236/404] Building C object CMakeFiles/app.dir/mnt/host/source/src/platform/ec/zephyr/subsys/ap_pwrseq/power_signals.c.obj
[quandiso2:rw] [301/404] Building C object CMakeFiles/app.dir/mnt/host/source/src/platform/ec/build/zephyr/quandiso2/modules/ec/common/keyboard_backlight.c.obj
[joxer:rw] [132/404] Building C object CMakeFiles/app.dir/mnt/host/source/src/platform/ec/build/zephyr/joxer/modules/ec/driver/tcpm/ite_pd_intc.c.obj
[grogu:ro] [84/337] Building C object CMakeFiles/app.dir/mnt/host/source/src/platform/ec/build/zephyr/grogu/modules/ec/common/button.c.obj
[quandiso2:ro] [237/404] Building C object CMakeFiles/app.dir/mnt/host/source/src/platform/ec/zephyr/subsys/ap_pwrseq/signal_gpio.c.obj
[quandiso2:rw] [302/404] Building C object CMakeFiles/app.dir/mnt/host/source/src/platform/ec/build/zephyr/quandiso2/modules/ec/common/led_common.c.obj
[joxer:ro] [93/404] Building C object zephyr/arch/arch/riscv/core/CMakeFiles/arch__riscv__core.dir/stacktrace.c.obj
[joxer:rw] [133/404] Building C object CMakeFiles/app.dir/mnt/host/source/src/platform/ec/build/zephyr/joxer/modules/ec/driver/tcpm/it8xxx2.c.obj
[quandiso2:rw] [303/404] Building C object CMakeFiles/app.dir/mnt/host/source/src/platform/ec/build/zephyr/quandiso2/modules/ec/common/led_onoff_states.c.obj
[joxer:ro] [94/404] Linking C static library zephyr/arch/arch/riscv/core/libarch__riscv__core.a
[quandiso2:ro] [238/404] Building C object CMakeFiles/app.dir/mnt/host/source/src/platform/ec/zephyr/subsys/ap_pwrseq/signal_vw.c.obj
[grogu:ro] [85/337] Building C object CMakeFiles/app.dir/mnt/host/source/src/platform/ec/build/zephyr/grogu/modules/ec/common/vboot/efs2.c.obj
[joxer:ro] [95/404] Generating ../../../include/generated/libc/minimal/strerror_table.h
[quandiso2:rw] [304/404] Building C object CMakeFiles/app.dir/mnt/host/source/src/platform/ec/build/zephyr/quandiso2/modules/ec/common/motion_lid.c.obj
[quandiso2:rw] [305/404] Building C object CMakeFiles/app.dir/mnt/host/source/src/platform/ec/build/zephyr/quandiso2/modules/ec/common/lid_angle.c.obj
[deku:ro] Loaded configuration '/mnt/host/source/src/platform/ec/zephyr/boards/google/npcx9/npcx9_npcx9m3f_defconfig'
[deku:ro] Merged configuration '/mnt/host/source/src/platform/ec/zephyr/program/ovis/program.conf'
[deku:ro] Merged configuration '/mnt/host/source/src/platform/ec/zephyr/program/ovis/deku/project.conf'
[deku:ro] Merged configuration '/mnt/host/source/src/platform/ec/build/zephyr/deku/kconfig-ro.conf'
[deku:ro] Configuration saved to '/mnt/host/source/src/platform/ec/build/zephyr/deku/build-ro/zephyr/.config'
[deku:ro] Kconfig header saved to '/mnt/host/source/src/platform/ec/build/zephyr/deku/build-ro/zephyr/include/generated/zephyr/autoconf.h'
[deku:ro] -- Found GnuLd: /home/jpmurphy/.cache/coreboot-sdk/arm-eabi/ea40ddd1d190c3b48435c474c0b545719371813a/arm-eabi/bin/ld.bfd (found version "2.43.1")
[quandiso2:ro] [239/404] Building C object CMakeFiles/app.dir/mnt/host/source/src/platform/ec/zephyr/subsys/ap_pwrseq/signal_adc.c.obj
[/mnt/host/source/src/platform/ec/build/zephyr/spikyrock-lcov]   /mnt/host/source/src/platform/ec/build/zephyr/spikyrock/build-ro/zephyr/arch/common/CMakeFiles/isr_tables.dir/isr_tables.c.gcno:no functions found
[/mnt/host/source/src/platform/ec/build/zephyr/spikyrock-lcov] stderr:
[grogu:ro] [86/337] Building C object CMakeFiles/app.dir/mnt/host/source/src/platform/ec/build/zephyr/grogu/modules/ec/common/vstore.c.obj
[joxer:rw] [134/404] Building C object CMakeFiles/app.dir/mnt/host/source/src/platform/ec/build/zephyr/joxer/modules/ec/common/vboot_hash.c.obj
[joxer:ro] [96/404] Building C object zephyr/lib/libc/minimal/CMakeFiles/lib__libc__minimal.dir/source/stdlib/atoi.c.obj
[quandiso2:ro] [240/404] Building C object CMakeFiles/app.dir/mnt/host/source/src/platform/ec/zephyr/subsys/ap_pwrseq/power_host_sleep.c.obj
[quandiso2:rw] [306/404] Building C object CMakeFiles/app.dir/mnt/host/source/src/platform/ec/build/zephyr/quandiso2/modules/ec/common/lid_angle_keyboard_policy.c.obj
[deku:ro] -- The C compiler identification is GNU 14.2.0
[joxer:ro] [97/404] Building C object zephyr/lib/libc/minimal/CMakeFiles/lib__libc__minimal.dir/source/stdlib/strtol.c.obj
[deku:ro] -- The CXX compiler identification is GNU 14.2.0
[deku:ro] -- The ASM compiler identification is GNU
[deku:ro] -- Found assembler: /home/jpmurphy/.cache/coreboot-sdk/arm-eabi/ea40ddd1d190c3b48435c474c0b545719371813a/bin/arm-eabi-gcc
[quandiso2:rw] [307/404] Building C object CMakeFiles/app.dir/mnt/host/source/src/platform/ec/build/zephyr/quandiso2/modules/ec/common/lid_switch.c.obj
[deku:ro] CMake Warning at /mnt/host/source/src/platform/ec/zephyr/cmake/linker/ld/linker_libraries.cmake:11 (message):
[deku:ro]   Disabling c_library
[deku:ro] Call Stack (most recent call first):
[deku:ro]   /mnt/host/source/src/third_party/zephyr/main/cmake/target_toolchain_flags.cmake:48 (include)
[deku:ro]   /mnt/host/source/src/third_party/zephyr/main/cmake/modules/kernel.cmake:153 (include)
[deku:ro]   /mnt/host/source/src/third_party/zephyr/main/cmake/modules/zephyr_default.cmake:138 (include)
[deku:ro]   /mnt/host/source/src/third_party/zephyr/main/share/zephyr-package/cmake/ZephyrConfig.cmake:66 (include)
[deku:ro]   /mnt/host/source/src/third_party/zephyr/main/share/zephyr-package/cmake/ZephyrConfig.cmake:97 (include_boilerplate)
[deku:ro]   CMakeLists.txt:6 (find_package)
[joxer:ro] [98/404] Building C object zephyr/lib/libc/minimal/CMakeFiles/lib__libc__minimal.dir/source/stdlib/strtoul.c.obj
[joxer:rw] [135/404] Building C object CMakeFiles/app.dir/mnt/host/source/src/platform/ec/build/zephyr/joxer/modules/ec/common/button.c.obj
[grogu:ro] [87/337] Building C object CMakeFiles/app.dir/mnt/host/source/src/platform/ec/build/zephyr/grogu/modules/ec/common/math_util.c.obj
[grogu:ro] [88/337] Building C object CMakeFiles/app.dir/mnt/host/source/src/platform/ec/build/zephyr/grogu/modules/ec/zephyr/program/skywalker/src/i2c.c.obj
[joxer:ro] [99/404] Building C object zephyr/lib/libc/minimal/CMakeFiles/lib__libc__minimal.dir/source/stdlib/strtoll.c.obj
[quandiso2:rw] [308/404] Building C object CMakeFiles/app.dir/mnt/host/source/src/platform/ec/build/zephyr/quandiso2/modules/ec/common/mkbp_event.c.obj
[quandiso2:ro] [241/404] Building C object CMakeFiles/app.dir/mnt/host/source/src/platform/ec/zephyr/subsys/ap_pwrseq/x86_non_dsx_chipset_power_state.c.obj
[quandiso2:ro] [242/404] Building C object CMakeFiles/app.dir/mnt/host/source/src/platform/ec/zephyr/subsys/ap_pwrseq/x86_non_dsx_common_pwrseq_sm_handler.c.obj
[quandiso2:rw] [309/404] Building C object CMakeFiles/app.dir/mnt/host/source/src/platform/ec/build/zephyr/quandiso2/modules/ec/common/motion_sense.c.obj
[quandiso2:rw] [310/404] Building C object CMakeFiles/app.dir/mnt/host/source/src/platform/ec/build/zephyr/quandiso2/modules/ec/common/port80.c.obj
[quandiso2:ro] [243/404] Building C object CMakeFiles/app.dir/mnt/host/source/src/platform/ec/zephyr/subsys/ap_pwrseq/x86_non_dsx_common_pwrseq_host_sleep.c.obj
[joxer:ro] [100/404] Building C object zephyr/lib/libc/minimal/CMakeFiles/lib__libc__minimal.dir/source/stdlib/strtoull.c.obj
[joxer:rw] [136/404] Building C object CMakeFiles/app.dir/mnt/host/source/src/platform/ec/build/zephyr/joxer/modules/ec/common/vboot/efs2.c.obj
[joxer:ro] [101/404] Building C object zephyr/lib/libc/minimal/CMakeFiles/lib__libc__minimal.dir/source/stdlib/bsearch.c.obj
[/mnt/host/source/src/platform/ec/build/zephyr/crystaldrift-lcov]   /mnt/host/source/src/platform/ec/build/zephyr/crystaldrift/build-rw/zephyr/CMakeFiles/zephyr.dir/soc/nuvoton/npcx/common/npcxn/registers.c.gcno:no functions found
[/mnt/host/source/src/platform/ec/build/zephyr/crystaldrift-lcov] stderr:
[deku:ro] -- Performing EC specific devicetree checks
[quandiso2:rw] [311/404] Building C object CMakeFiles/app.dir/mnt/host/source/src/platform/ec/build/zephyr/quandiso2/modules/ec/common/power_button.c.obj
[deku:ro] INFO: Verified 92 GPIOs, no duplicates found
[deku:ro] INFO: Verified 9 '*-gpios' properties, all flags match.
[deku:ro] INFO: Skipped 9 named-gpios children.
[grogu:ro] [89/337] Building C object CMakeFiles/app.dir/mnt/host/source/src/platform/ec/build/zephyr/grogu/modules/ec/zephyr/program/skywalker/src/hibernate.c.obj
[joxer:rw] [137/404] Building C object CMakeFiles/app.dir/mnt/host/source/src/platform/ec/build/zephyr/joxer/modules/ec/common/vstore.c.obj
[quandiso2:rw] [312/404] Building C object CMakeFiles/app.dir/mnt/host/source/src/platform/ec/build/zephyr/quandiso2/modules/ec/power/hibernate.c.obj
[grogu:ro] [90/337] Building C object CMakeFiles/app.dir/mnt/host/source/src/platform/ec/build/zephyr/grogu/modules/ec/zephyr/program/skywalker/src/hooks.c.obj
[quandiso2:rw] [313/404] Building C object CMakeFiles/app.dir/mnt/host/source/src/platform/ec/build/zephyr/quandiso2/modules/ec/driver/sha256/sha256_it8xxx2.c.obj
[quandiso2:rw] [314/404] Building C object CMakeFiles/app.dir/mnt/host/source/src/platform/ec/build/zephyr/quandiso2/modules/ec/common/panic_output.c.obj
[deku:ro] -- Generating component manifest file
[quandiso2:ro] [244/404] Building C object CMakeFiles/app.dir/mnt/host/source/src/platform/ec/zephyr/subsys/ap_pwrseq/x86_non_dsx_common_pwrseq_host_command.c.obj
[joxer:rw] [138/404] Building C object CMakeFiles/app.dir/mnt/host/source/src/platform/ec/build/zephyr/joxer/modules/ec/common/math_util.c.obj
[quandiso2:ro] [245/404] Building C object CMakeFiles/app.dir/mnt/host/source/src/platform/ec/zephyr/subsys/ap_pwrseq/x86_non_dsx_common_pwrseq_console.c.obj
[joxer:ro] [102/404] Building C object zephyr/lib/libc/minimal/CMakeFiles/lib__libc__minimal.dir/source/stdlib/exit.c.obj
[quandiso2:ro] [246/404] Building C object CMakeFiles/app.dir/mnt/host/source/src/platform/ec/zephyr/subsys/ap_pwrseq/x86_non_dsx_adlp_pwrseq_sm.c.obj
[deku:ro] INFO: Running CME, outputting to /mnt/host/source/src/platform/ec/build/zephyr/deku/build-ro/zephyr/component_manifest.json
[deku:ro] INFO: Project deku does not support SSFC
[deku:ro] INFO: Component virtual-mux-c0(cros-ec,usbc-mux-virtual) not on I2C bus, skip it
[deku:ro] INFO: Component virtual-mux-c1(cros-ec,usbc-mux-virtual) not on I2C bus, skip it
[deku:ro] INFO: Component virtual-mux-c2(cros-ec,usbc-mux-virtual) not on I2C bus, skip it
[deku:ro] INFO: Component virtual-mux-c3(cros-ec,usbc-mux-virtual) not on I2C bus, skip it
[deku:ro] INFO: No motionsense-sensor node found
[deku:ro] -- warning_base_override: -Wall;-Wformat;-Wformat-security;-Wformat;-Wno-format-zero-length;-Wno-pointer-sign;-Wpointer-arith;-Wexpansion-to-defined
[joxer:ro] [103/404] Building C object zephyr/lib/libc/minimal/CMakeFiles/lib__libc__minimal.dir/source/stdlib/qsort.c.obj
[quandiso2:rw] [315/404] Building C object CMakeFiles/app.dir/mnt/host/source/src/platform/ec/build/zephyr/quandiso2/modules/ec/common/shared_mem.c.obj
[joxer:ro] [104/404] Building C object zephyr/lib/libc/minimal/CMakeFiles/lib__libc__minimal.dir/source/string/strerror.c.obj
[deku:ro] -- Found gen_kobject_list: /mnt/host/source/src/third_party/zephyr/main/scripts/build/gen_kobject_list.py
[grogu:ro] [91/337] Building C object CMakeFiles/app.dir/mnt/host/source/src/platform/ec/build/zephyr/grogu/modules/ec/zephyr/program/skywalker/src/backlight.c.obj
[joxer:rw] [139/404] Building C object CMakeFiles/app.dir/src/common.c.obj
[deku:ro] CMake Warning at /mnt/host/source/src/third_party/zephyr/main/CMakeLists.txt:2359 (message):
[deku:ro]   __ASSERT() statements are globally ENABLED
[quandiso2:rw] [316/404] Building C object CMakeFiles/app.dir/mnt/host/source/src/platform/ec/build/zephyr/quandiso2/modules/ec/common/tablet_mode.c.obj
[quandiso2:rw] [317/404] Building C object CMakeFiles/app.dir/mnt/host/source/src/platform/ec/build/zephyr/quandiso2/modules/ec/common/switch.c.obj
[quandiso2:ro] [247/404] Building C object CMakeFiles/app.dir/mnt/host/source/src/platform/ec/zephyr/subsys/ap_pwrseq/ap_reset_log.c.obj
[joxer:ro] [105/404] Building C object zephyr/lib/libc/minimal/CMakeFiles/lib__libc__minimal.dir/source/string/strncasecmp.c.obj
[grogu:ro] [92/337] Building C object CMakeFiles/app.dir/mnt/host/source/src/platform/ec/build/zephyr/grogu/modules/ec/zephyr/program/skywalker/src/dp_alt_mode.c.obj
[joxer:rw] [140/404] Building C object CMakeFiles/app.dir/src/board_power.c.obj
[quandiso2:ro] [248/404] Building C object CMakeFiles/app.dir/mnt/host/source/src/platform/ec/build/zephyr/quandiso2/modules/ec/common/base32.c.obj
[quandiso2:ro] [249/404] Building C object CMakeFiles/app.dir/mnt/host/source/src/platform/ec/build/zephyr/quandiso2/modules/ec/builtin/stdlib.c.obj
[deku:ro] -- Configuring done (15.0s)
[joxer:ro] [106/404] Building C object zephyr/lib/libc/minimal/CMakeFiles/lib__libc__minimal.dir/source/string/strstr.c.obj
[quandiso2:rw] [318/404] Building C object CMakeFiles/app.dir/mnt/host/source/src/platform/ec/build/zephyr/quandiso2/modules/ec/common/thermal.c.obj
[quandiso2:rw] [319/404] Building C object CMakeFiles/app.dir/mnt/host/source/src/platform/ec/build/zephyr/quandiso2/modules/ec/common/temp_sensor.c.obj
[joxer:ro] [107/404] Building C object zephyr/lib/libc/minimal/CMakeFiles/lib__libc__minimal.dir/source/string/string.c.obj
[deku:ro] -- Generating done (0.5s)
[deku:ro] CMake Warning:
[deku:ro]   Manually-specified variables were not used by the project:
[deku:ro]     COREBOOT_SDK_ROOT_libstdcxx_riscv64
[deku:ro]     COREBOOT_SDK_ROOT_libstdcxx_x86
[deku:ro]     COREBOOT_SDK_ROOT_nds32
[deku:ro]     COREBOOT_SDK_ROOT_picolibc_riscv64
[deku:ro]     COREBOOT_SDK_ROOT_picolibc_x86
[deku:ro]     COREBOOT_SDK_ROOT_riscv
[deku:ro]     COREBOOT_SDK_ROOT_riscv64
[deku:ro]     COREBOOT_SDK_ROOT_x86
[deku:ro] -- Build files have been written to: /mnt/host/source/src/platform/ec/build/zephyr/deku/build-ro
[joxer:ro] [108/404] Building C object zephyr/lib/libc/minimal/CMakeFiles/lib__libc__minimal.dir/source/string/strspn.c.obj
[grogu:ro] [93/337] Building C object CMakeFiles/app.dir/mnt/host/source/src/platform/ec/build/zephyr/grogu/modules/ec/zephyr/program/skywalker/src/pmic_resetb_irq.c.obj
[grogu:ro] [94/337] Building C object zephyr/CMakeFiles/zephyr.dir/lib/libc/validate_libc.c.obj
[quandiso2:rw] [320/404] Building C object CMakeFiles/app.dir/mnt/host/source/src/platform/ec/build/zephyr/quandiso2/modules/ec/driver/temp_sensor/thermistor.c.obj
[joxer:rw] [141/404] Building C object CMakeFiles/app.dir/joxer/src/led.c.obj
[quandiso2:rw] [321/404] Building C object CMakeFiles/app.dir/mnt/host/source/src/platform/ec/build/zephyr/quandiso2/modules/ec/common/throttle_ap.c.obj
[joxer:rw] [142/404] Building C object CMakeFiles/app.dir/joxer/src/board.c.obj
[grogu:ro] [95/337] Linking C static library app/libapp.a
[quandiso2:ro] [250/404] Building C object CMakeFiles/app.dir/mnt/host/source/src/platform/ec/build/zephyr/quandiso2/modules/ec/common/console_output.c.obj
[quandiso2:ro] [251/404] Building C object CMakeFiles/app.dir/mnt/host/source/src/platform/ec/build/zephyr/quandiso2/modules/ec/common/gpio_commands.c.obj
[quandiso2:ro] [252/404] Building C object CMakeFiles/app.dir/mnt/host/source/src/platform/ec/build/zephyr/quandiso2/modules/ec/common/ec_features.c.obj
[/mnt/host/source/src/platform/ec/build/zephyr/spikyrock-lcov]   /mnt/host/source/src/platform/ec/build/zephyr/spikyrock/build-ro/zephyr/CMakeFiles/zephyr.dir/subsys/shell/modules/kernel_service/kernel_shell.c.gcno:no functions found
[/mnt/host/source/src/platform/ec/build/zephyr/spikyrock-lcov] stderr:
[quandiso2:rw] [322/404] Building C object CMakeFiles/app.dir/mnt/host/source/src/platform/ec/build/zephyr/quandiso2/modules/ec/common/timer.c.obj
[quandiso2:rw] [323/404] Building C object CMakeFiles/app.dir/mnt/host/source/src/platform/ec/build/zephyr/quandiso2/modules/ec/common/usb_port_power_smart.c.obj
[joxer:ro] [109/404] Building C object zephyr/lib/libc/minimal/CMakeFiles/lib__libc__minimal.dir/source/stdout/stdout_console.c.obj
[/mnt/host/source/src/platform/ec/build/zephyr/spikyrock-lcov]   /mnt/host/source/src/platform/ec/build/zephyr/spikyrock/build-ro/zephyr/CMakeFiles/zephyr.dir/lib/libc/validate_libc.c.gcno:no functions found
[/mnt/host/source/src/platform/ec/build/zephyr/spikyrock-lcov] stderr:
[grogu:ro] [96/337] Building C object zephyr/CMakeFiles/zephyr.dir/lib/heap/heap.c.obj
[grogu:ro] [97/337] Building C object zephyr/CMakeFiles/zephyr.dir/lib/os/cbprintf_packaged.c.obj
[quandiso2:rw] [324/404] Building C object CMakeFiles/app.dir/mnt/host/source/src/platform/ec/build/zephyr/quandiso2/modules/ec/common/typec_control.c.obj
[grogu:ro] [98/337] Building C object zephyr/CMakeFiles/zephyr.dir/lib/os/clock.c.obj
[joxer:rw] [143/404] Building C object CMakeFiles/app.dir/joxer/src/keyboard.c.obj
[joxer:rw] [144/404] Building C object CMakeFiles/app.dir/joxer/src/form_factor.c.obj
[quandiso2:ro] [253/404] Building C object CMakeFiles/app.dir/mnt/host/source/src/platform/ec/build/zephyr/quandiso2/modules/ec/common/peripheral.c.obj
[quandiso2:ro] [254/404] Building C object CMakeFiles/app.dir/mnt/host/source/src/platform/ec/build/zephyr/quandiso2/modules/ec/common/printf.c.obj
[quandiso2:ro] [255/404] Building C object CMakeFiles/app.dir/mnt/host/source/src/platform/ec/build/zephyr/quandiso2/modules/ec/common/queue.c.obj
[joxer:ro] [110/404] Building C object zephyr/lib/libc/minimal/CMakeFiles/lib__libc__minimal.dir/source/stdout/sprintf.c.obj
[quandiso2:rw] [325/404] Building C object CMakeFiles/app.dir/mnt/host/source/src/platform/ec/build/zephyr/quandiso2/modules/ec/common/usb_common.c.obj
[quandiso2:rw] [326/404] Building C object CMakeFiles/app.dir/mnt/host/source/src/platform/ec/build/zephyr/quandiso2/modules/ec/common/usb_pd_pdo.c.obj
[grogu:ro] [99/337] Building C object zephyr/CMakeFiles/zephyr.dir/lib/os/sem.c.obj
[grogu:ro] [100/337] Building C object zephyr/CMakeFiles/zephyr.dir/lib/os/thread_entry.c.obj
[grogu:ro] [101/337] Building C object zephyr/CMakeFiles/zephyr.dir/lib/os/printk.c.obj
[quandiso2:rw] [327/404] Building C object CMakeFiles/app.dir/mnt/host/source/src/platform/ec/build/zephyr/quandiso2/modules/ec/common/usbc/usbc_task.c.obj
[/mnt/host/source/src/platform/ec/build/zephyr/spikyrock-lcov]   /mnt/host/source/src/platform/ec/build/zephyr/spikyrock/build-ro/zephyr/CMakeFiles/zephyr.dir/lib/utils/last_section_id.c.gcno:no functions found
[/mnt/host/source/src/platform/ec/build/zephyr/spikyrock-lcov] stderr:
[quandiso2:rw] [328/404] Building C object CMakeFiles/app.dir/mnt/host/source/src/platform/ec/build/zephyr/quandiso2/modules/ec/common/usbc/usb_pd_timer.c.obj
[joxer:ro] [111/404] Building C object zephyr/lib/libc/minimal/CMakeFiles/lib__libc__minimal.dir/source/stdout/fprintf.c.obj
[joxer:rw] [145/404] Building C object CMakeFiles/app.dir/joxer/src/thermal.c.obj
[quandiso2:ro] [256/404] Building C object CMakeFiles/app.dir/mnt/host/source/src/platform/ec/build/zephyr/quandiso2/modules/ec/common/system_boot_time.c.obj
[joxer:rw] [146/404] Building C object CMakeFiles/app.dir/joxer/src/sub_board.c.obj
[quandiso2:ro] [257/404] Building C object CMakeFiles/app.dir/mnt/host/source/src/platform/ec/build/zephyr/quandiso2/modules/ec/common/uart_printf.c.obj
[quandiso2:ro] [258/404] Building C object CMakeFiles/app.dir/mnt/host/source/src/platform/ec/build/zephyr/quandiso2/modules/ec/common/system.c.obj
[joxer:ro] [112/404] Building C object zephyr/lib/libc/minimal/CMakeFiles/lib__libc__minimal.dir/source/math/sqrtf.c.obj
[grogu:ro] [102/337] Building C object zephyr/CMakeFiles/zephyr.dir/lib/os/cbprintf_nano.c.obj
[grogu:ro] [103/337] Building C object zephyr/CMakeFiles/zephyr.dir/lib/os/cbprintf.c.obj
[quandiso2:rw] [329/404] Building C object CMakeFiles/app.dir/mnt/host/source/src/platform/ec/build/zephyr/quandiso2/modules/ec/common/usbc/usb_sm.c.obj
[quandiso2:rw] [330/404] Building C object CMakeFiles/app.dir/mnt/host/source/src/platform/ec/build/zephyr/quandiso2/modules/ec/common/usbc_intr_task.c.obj
[grogu:ro] [104/337] Building C object zephyr/CMakeFiles/zephyr.dir/lib/os/assert.c.obj
[joxer:ro] [113/404] Building C object zephyr/lib/libc/minimal/CMakeFiles/lib__libc__minimal.dir/source/math/sqrt.c.obj
[quandiso2:rw] [331/404] Building C object CMakeFiles/app.dir/mnt/host/source/src/platform/ec/build/zephyr/quandiso2/modules/ec/common/usbc_utils.c.obj
[grogu:ro] [105/337] Building C object zephyr/CMakeFiles/zephyr.dir/lib/utils/hex.c.obj
[grogu:ro] [106/337] Building C object zephyr/CMakeFiles/zephyr.dir/lib/utils/dec.c.obj
[quandiso2:rw] [332/404] Building C object CMakeFiles/app.dir/mnt/host/source/src/platform/ec/build/zephyr/quandiso2/modules/ec/common/usb_pd_flags.c.obj
[quandiso2:ro] [259/404] Building C object CMakeFiles/app.dir/mnt/host/source/src/platform/ec/build/zephyr/quandiso2/modules/ec/common/util.c.obj
[quandiso2:ro] [260/404] Building C object CMakeFiles/app.dir/mnt/host/source/src/platform/ec/build/zephyr/quandiso2/modules/ec/common/power_button_x86.c.obj
[grogu:ro] [107/337] Building C object zephyr/CMakeFiles/zephyr.dir/lib/utils/timeutil.c.obj
[joxer:rw] [147/404] Building C object CMakeFiles/app.dir/joxer/src/charger.c.obj
[quandiso2:ro] [261/404] Building C object CMakeFiles/app.dir/mnt/host/source/src/platform/ec/build/zephyr/quandiso2/modules/ec/common/version.c.obj
[joxer:rw] [148/404] Building C object CMakeFiles/app.dir/joxer/src/usbc.c.obj
[grogu:ro] [108/337] Building C object zephyr/CMakeFiles/zephyr.dir/lib/utils/rb.c.obj
[quandiso2:rw] [333/404] Building C object CMakeFiles/app.dir/mnt/host/source/src/platform/ec/build/zephyr/quandiso2/modules/ec/common/chargen.c.obj
[quandiso2:rw] [334/404] Building C object CMakeFiles/app.dir/mnt/host/source/src/platform/ec/build/zephyr/quandiso2/modules/ec/common/usbc/usb_pd_console.c.obj
[joxer:ro] [114/404] Building C object zephyr/lib/libc/minimal/CMakeFiles/lib__libc__minimal.dir/source/time/gmtime.c.obj
[grogu:ro] [109/337] Building C object zephyr/CMakeFiles/zephyr.dir/lib/utils/bitmask.c.obj
[joxer:ro] [115/404] Linking C static library zephyr/lib/libc/minimal/liblib__libc__minimal.a
[grogu:ro] [110/337] Building C object zephyr/CMakeFiles/zephyr.dir/lib/utils/bitarray.c.obj
[quandiso2:rw] [335/404] Building C object CMakeFiles/app.dir/mnt/host/source/src/platform/ec/build/zephyr/quandiso2/modules/ec/driver/usb_mux/virtual.c.obj
[quandiso2:rw] [336/404] Building C object CMakeFiles/app.dir/mnt/host/source/src/platform/ec/build/zephyr/quandiso2/modules/ec/driver/usb_mux/usb_mux.c.obj
[joxer:rw] [149/404] Building C object zephyr/CMakeFiles/zephyr.dir/lib/libc/validate_libc.c.obj
[grogu:ro] [111/337] Building C object zephyr/CMakeFiles/zephyr.dir/lib/utils/getopt/getopt.c.obj
[quandiso2:ro] [262/404] Building C object CMakeFiles/app.dir/mnt/host/source/src/platform/ec/build/zephyr/quandiso2/modules/ec/driver/accel_bma4xx.c.obj
[grogu:ro] [112/337] Building C object zephyr/CMakeFiles/zephyr.dir/lib/utils/ring_buffer.c.obj
[quandiso2:ro] [263/404] Building C object CMakeFiles/app.dir/mnt/host/source/src/platform/ec/build/zephyr/quandiso2/modules/ec/driver/accel_kionix.c.obj
[grogu:ro] [113/337] Building C object zephyr/CMakeFiles/zephyr.dir/lib/utils/last_section_id.c.obj
[joxer:rw] [150/404] Building C object CMakeFiles/app.dir/joxer/src/fan.c.obj
[joxer:ro] [116/404] Building C object zephyr/lib/libc/common/CMakeFiles/lib__libc__common.dir/source/stdlib/abort.c.obj
[grogu:ro] [114/337] Building C object zephyr/CMakeFiles/zephyr.dir/lib/utils/getopt/getopt_common.c.obj
[quandiso2:ro] [264/404] Building C object CMakeFiles/app.dir/mnt/host/source/src/platform/ec/build/zephyr/quandiso2/modules/ec/driver/accelgyro_bmi_common.c.obj
[joxer:rw] [151/404] Linking C static library app/libapp.a
[joxer:ro] [117/404] Building C object zephyr/lib/libc/common/CMakeFiles/lib__libc__common.dir/source/time/asctime.c.obj
[grogu:ro] [115/337] Building C object zephyr/CMakeFiles/zephyr.dir/misc/generated/configs.c.obj
[joxer:rw] [152/404] Building C object zephyr/CMakeFiles/zephyr.dir/lib/heap/heap.c.obj
[joxer:ro] [118/404] Building C object zephyr/lib/libc/common/CMakeFiles/lib__libc__common.dir/source/time/gmtime_r.c.obj
[grogu:ro] [116/337] Building ASM object zephyr/CMakeFiles/zephyr.dir/soc/ite/ec/common/soc_irq.S.obj
[quandiso2:rw] [337/404] Building C object CMakeFiles/app.dir/mnt/host/source/src/platform/ec/build/zephyr/quandiso2/modules/ec/common/usbc/usb_prl_sm.c.obj
[quandiso2:rw] [338/404] Building C object CMakeFiles/app.dir/mnt/host/source/src/platform/ec/build/zephyr/quandiso2/modules/ec/common/usbc/usb_tc_drp_acc_trysrc_sm.c.obj
[grogu:ro] [117/337] Building C object zephyr/CMakeFiles/zephyr.dir/soc/ite/ec/common/soc_common_irq.c.obj
[quandiso2:rw] [339/404] Building C object CMakeFiles/app.dir/mnt/host/source/src/platform/ec/build/zephyr/quandiso2/modules/ec/common/usbc/usb_pd_dpm.c.obj
[joxer:ro] [119/404] Building C object zephyr/lib/libc/common/CMakeFiles/lib__libc__common.dir/source/time/localtime_r_utc.c.obj
[quandiso2:ro] [265/404] Building C object CMakeFiles/app.dir/mnt/host/source/src/platform/ec/build/zephyr/quandiso2/modules/ec/common/motion_sense_fifo.c.obj
[quandiso2:ro] [266/404] Building C object CMakeFiles/app.dir/mnt/host/source/src/platform/ec/build/zephyr/quandiso2/modules/ec/driver/accelgyro_bmi3xx.c.obj
[joxer:rw] [153/404] Building C object zephyr/CMakeFiles/zephyr.dir/lib/os/cbprintf_packaged.c.obj
[joxer:ro] [120/404] Building C object zephyr/lib/libc/common/CMakeFiles/lib__libc__common.dir/source/time/ctime.c.obj
[grogu:ro] [118/337] Building C object zephyr/CMakeFiles/zephyr.dir/soc/ite/ec/common/power.c.obj
[quandiso2:ro] [267/404] Building C object CMakeFiles/app.dir/mnt/host/source/src/platform/ec/build/zephyr/quandiso2/modules/ec/common/adc.c.obj
[joxer:rw] [154/404] Building C object zephyr/CMakeFiles/zephyr.dir/lib/os/clock.c.obj
[quandiso2:rw] [340/404] Building C object CMakeFiles/app.dir/mnt/host/source/src/platform/ec/build/zephyr/quandiso2/modules/ec/common/usbc/usb_pe_drp_sm.c.obj
[grogu:ro] [119/337] Building C object zephyr/CMakeFiles/zephyr.dir/soc/ite/ec/common/policy.c.obj
[joxer:ro] [121/404] Building C object zephyr/lib/libc/common/CMakeFiles/lib__libc__common.dir/source/time/time.c.obj
[quandiso2:rw] [341/404] Building C object CMakeFiles/app.dir/mnt/host/source/src/platform/ec/build/zephyr/quandiso2/modules/ec/common/usbc/usbc_pd_policy.c.obj
[grogu:ro] [120/337] Building C object zephyr/CMakeFiles/zephyr.dir/soc/ite/ec/it8xxx2/soc.c.obj
[/mnt/host/source/src/platform/ec/build/zephyr/crystaldrift-lcov]   /mnt/host/source/src/platform/ec/build/zephyr/crystaldrift/build-rw/zephyr/drivers/sensor/CMakeFiles/drivers__sensor.dir/mnt/host/source/src/third_party/zephyr/main/misc/empty_file.c.gcno:no functions found
[/mnt/host/source/src/platform/ec/build/zephyr/crystaldrift-lcov] Filter suppressions 'region':
[grogu:ro] [121/337] Building ASM object zephyr/CMakeFiles/zephyr.dir/soc/ite/ec/it8xxx2/vector.S.obj
[joxer:rw] [155/404] Building C object zephyr/CMakeFiles/zephyr.dir/lib/os/printk.c.obj
[quandiso2:rw] [342/404] Building C object CMakeFiles/app.dir/mnt/host/source/src/platform/ec/build/zephyr/quandiso2/modules/ec/common/usbc/dp_alt_mode.c.obj
[/mnt/host/source/src/platform/ec/build/zephyr/crystaldrift-lcov]     37 instances
[/mnt/host/source/src/platform/ec/build/zephyr/crystaldrift-lcov]     22 coverpoints
[/mnt/host/source/src/platform/ec/build/zephyr/crystaldrift-lcov] Message summary:
[/mnt/host/source/src/platform/ec/build/zephyr/crystaldrift-lcov]   33 ignore messages:
[/mnt/host/source/src/platform/ec/build/zephyr/crystaldrift-lcov]     gcov: 33
[quandiso2:rw] [343/404] Building C object CMakeFiles/app.dir/mnt/host/source/src/platform/ec/build/zephyr/quandiso2/modules/ec/common/usb_pd_console_cmd.c.obj
[grogu:ro] [122/337] Building C object zephyr/CMakeFiles/zephyr.dir/soc/ite/ec/it8xxx2/check_regs.c.obj
[quandiso2:ro] [268/404] Building C object CMakeFiles/app.dir/mnt/host/source/src/platform/ec/build/zephyr/quandiso2/modules/ec/common/acpi.c.obj
[joxer:rw] [156/404] Building C object zephyr/CMakeFiles/zephyr.dir/lib/os/sem.c.obj
[quandiso2:ro] [269/404] Building C object CMakeFiles/app.dir/mnt/host/source/src/platform/ec/build/zephyr/quandiso2/modules/ec/common/backlight_lid.c.obj
[quandiso2:ro] [270/404] Building C object CMakeFiles/app.dir/mnt/host/source/src/platform/ec/build/zephyr/quandiso2/modules/ec/common/battery.c.obj
[quandiso2:rw] [344/404] Building C object CMakeFiles/app.dir/mnt/host/source/src/platform/ec/build/zephyr/quandiso2/modules/ec/common/usb_pd_host_cmd.c.obj
[grogu:ro] [123/337] Building C object zephyr/CMakeFiles/zephyr.dir/soc/ite/ec/it8xxx2/ilm.c.obj
[joxer:ro] [122/404] Building C object zephyr/lib/libc/common/CMakeFiles/lib__libc__common.dir/source/stdlib/malloc.c.obj
[joxer:rw] [157/404] Building C object zephyr/CMakeFiles/zephyr.dir/lib/os/thread_entry.c.obj
[grogu:ro] [124/337] Building C object zephyr/CMakeFiles/zephyr.dir/subsys/logging/log_minimal.c.obj
[joxer:ro] [123/404] Building C object zephyr/lib/libc/common/CMakeFiles/lib__libc__common.dir/source/string/strnlen.c.obj
[joxer:ro] [124/404] Linking C static library zephyr/lib/libc/common/liblib__libc__common.a
[quandiso2:rw] [345/404] Building C object CMakeFiles/app.dir/mnt/host/source/src/platform/ec/build/zephyr/quandiso2/modules/ec/common/usbc/usb_pd_host.c.obj
[grogu:ro] [125/337] Building C object zephyr/CMakeFiles/zephyr.dir/subsys/pm/pm.c.obj
[joxer:ro] [125/404] Building C object zephyr/lib/posix/c_lib_ext/CMakeFiles/lib__posix__c_lib_ext.dir/fnmatch.c.obj
[joxer:rw] [158/404] Building C object zephyr/CMakeFiles/zephyr.dir/lib/os/cbprintf_nano.c.obj
[quandiso2:rw] [346/404] Building C object CMakeFiles/app.dir/mnt/host/source/src/platform/ec/build/zephyr/quandiso2/modules/ec/zephyr/shim/src/tcpc.c.obj
[grogu:ro] [126/337] Building C object zephyr/CMakeFiles/zephyr.dir/subsys/pm/state.c.obj
[quandiso2:ro] [271/404] Building C object CMakeFiles/app.dir/mnt/host/source/src/platform/ec/build/zephyr/quandiso2/modules/ec/common/battery_info.c.obj
[quandiso2:ro] [272/404] Building C object CMakeFiles/app.dir/mnt/host/source/src/platform/ec/build/zephyr/quandiso2/modules/ec/driver/battery/smart.c.obj
[quandiso2:rw] [347/404] Building C object CMakeFiles/app.dir/mnt/host/source/src/platform/ec/build/zephyr/quandiso2/modules/ec/common/usb_pd_host_cmd_common.c.obj
[quandiso2:ro] [273/404] Building C object CMakeFiles/app.dir/mnt/host/source/src/platform/ec/build/zephyr/quandiso2/modules/ec/common/battery_fuel_gauge.c.obj
[joxer:rw] [159/404] Building C object zephyr/CMakeFiles/zephyr.dir/lib/os/cbprintf.c.obj
[grogu:ro] [127/337] Building C object zephyr/CMakeFiles/zephyr.dir/subsys/pm/policy/policy_events.c.obj
[quandiso2:rw] [348/404] Building C object CMakeFiles/app.dir/mnt/host/source/src/platform/ec/build/zephyr/quandiso2/modules/ec/common/usbc/svdm_rsp_dfp_only.c.obj
[quandiso2:ro] [274/404] Building C object CMakeFiles/app.dir/mnt/host/source/src/platform/ec/build/zephyr/quandiso2/modules/ec/driver/charger/sm5803.c.obj
[joxer:rw] [160/404] Building C object zephyr/CMakeFiles/zephyr.dir/lib/os/assert.c.obj
[joxer:ro] [126/404] Building C object zephyr/lib/posix/c_lib_ext/CMakeFiles/lib__posix__c_lib_ext.dir/getentropy.c.obj
[joxer:rw] [161/404] Building C object zephyr/CMakeFiles/zephyr.dir/lib/utils/dec.c.obj
[grogu:ro] [128/337] Building C object zephyr/CMakeFiles/zephyr.dir/subsys/pm/policy/policy_latency.c.obj
[quandiso2:rw] [349/404] Building C object CMakeFiles/app.dir/mnt/host/source/src/platform/ec/build/zephyr/quandiso2/modules/ec/common/usbc_ocp.c.obj
[joxer:rw] [162/404] Building C object zephyr/CMakeFiles/zephyr.dir/lib/utils/hex.c.obj
[grogu:ro] [129/337] Building C object zephyr/CMakeFiles/zephyr.dir/subsys/pm/policy/policy_state_lock.c.obj
[quandiso2:rw] [350/404] Building C object CMakeFiles/app.dir/mnt/host/source/src/platform/ec/build/zephyr/quandiso2/modules/ec/common/usb_pd_discovery.c.obj
[quandiso2:rw] [351/404] Building C object CMakeFiles/app.dir/mnt/host/source/src/platform/ec/build/zephyr/quandiso2/modules/ec/common/usb_pd_dual_role.c.obj
[grogu:ro] [130/337] Building C object zephyr/CMakeFiles/zephyr.dir/subsys/pm/device.c.obj
[quandiso2:ro] [275/404] Building C object CMakeFiles/app.dir/mnt/host/source/src/platform/ec/build/zephyr/quandiso2/modules/ec/common/charger.c.obj
[joxer:rw] [163/404] Building C object zephyr/CMakeFiles/zephyr.dir/lib/utils/timeutil.c.obj
[quandiso2:ro] [276/404] Building C object CMakeFiles/app.dir/mnt/host/source/src/platform/ec/build/zephyr/quandiso2/modules/ec/common/charge_state.c.obj
[quandiso2:ro] [277/404] Building C object CMakeFiles/app.dir/mnt/host/source/src/platform/ec/build/zephyr/quandiso2/modules/ec/common/ocpc.c.obj
[joxer:ro] [127/404] Building C object zephyr/lib/posix/c_lib_ext/CMakeFiles/lib__posix__c_lib_ext.dir/getopt_shim.c.obj
[joxer:rw] [164/404] Building C object zephyr/CMakeFiles/zephyr.dir/lib/utils/rb.c.obj
[quandiso2:ro] [278/404] Building C object CMakeFiles/app.dir/mnt/host/source/src/platform/ec/build/zephyr/quandiso2/modules/ec/common/charge_manager.c.obj
[quandiso2:rw] [352/404] Building C object CMakeFiles/app.dir/mnt/host/source/src/platform/ec/build/zephyr/quandiso2/modules/ec/driver/tcpm/ps8xxx.c.obj
[joxer:ro] [128/404] Linking C static library zephyr/lib/posix/c_lib_ext/liblib__posix__c_lib_ext.a
[grogu:ro] [131/337] Building C object zephyr/CMakeFiles/zephyr.dir/subsys/pm/device_system_managed.c.obj
[joxer:ro] [129/404] Building C object zephyr/subsys/crc/CMakeFiles/subsys__crc.dir/crc4_sw.c.obj
[grogu:ro] [132/337] Building C object zephyr/CMakeFiles/zephyr.dir/subsys/testsuite/coverage/coverage.c.obj
[joxer:rw] [165/404] Building C object zephyr/CMakeFiles/zephyr.dir/lib/utils/bitmask.c.obj
[grogu:ro] [133/337] Building C object zephyr/CMakeFiles/zephyr.dir/subsys/tracing/tracing_none.c.obj
[quandiso2:rw] [353/404] Building C object CMakeFiles/app.dir/mnt/host/source/src/platform/ec/build/zephyr/quandiso2/modules/ec/driver/tcpm/ite_pd_intc.c.obj
[quandiso2:rw] [354/404] Building C object CMakeFiles/app.dir/mnt/host/source/src/platform/ec/build/zephyr/quandiso2/modules/ec/driver/tcpm/tcpci.c.obj
[/mnt/host/source/src/platform/ec/build/zephyr/skywalker-tps6699x-lcov]   /mnt/host/source/src/platform/ec/build/zephyr/skywalker-tps6699x/build-rw/zephyr/CMakeFiles/zephyr.dir/soc/nuvoton/npcx/common/npcxn/registers.c.gcno:no functions found
[/mnt/host/source/src/platform/ec/build/zephyr/skywalker-tps6699x-lcov] Filter suppressions 'region':
[joxer:ro] [130/404] Building C object zephyr/subsys/crc/CMakeFiles/subsys__crc.dir/crc8_sw.c.obj
[/mnt/host/source/src/platform/ec/build/zephyr/skywalker-tps6699x-lcov]     155 instances
[/mnt/host/source/src/platform/ec/build/zephyr/skywalker-tps6699x-lcov]     234 coverpoints
[/mnt/host/source/src/platform/ec/build/zephyr/skywalker-tps6699x-lcov] Message summary:
[/mnt/host/source/src/platform/ec/build/zephyr/skywalker-tps6699x-lcov]   1 warning message:
[/mnt/host/source/src/platform/ec/build/zephyr/skywalker-tps6699x-lcov]     format: 1
[/mnt/host/source/src/platform/ec/build/zephyr/skywalker-tps6699x-lcov]   25 ignore messages:
[/mnt/host/source/src/platform/ec/build/zephyr/skywalker-tps6699x-lcov]     gcov: 25
[joxer:rw] [166/404] Building C object zephyr/CMakeFiles/zephyr.dir/lib/utils/bitarray.c.obj
[joxer:ro] [131/404] Building C object zephyr/subsys/crc/CMakeFiles/subsys__crc.dir/crc16_sw.c.obj
[quandiso2:ro] [279/404] Building C object CMakeFiles/app.dir/mnt/host/source/src/platform/ec/build/zephyr/quandiso2/modules/ec/common/cbi_common.c.obj
[joxer:ro] [132/404] Building C object zephyr/subsys/crc/CMakeFiles/subsys__crc.dir/crc7_sw.c.obj
[quandiso2:rw] [355/404] Building C object CMakeFiles/app.dir/mnt/host/source/src/platform/ec/build/zephyr/quandiso2/modules/ec/driver/tcpm/it8xxx2.c.obj
[quandiso2:ro] [280/404] Building C object CMakeFiles/app.dir/mnt/host/source/src/platform/ec/build/zephyr/quandiso2/modules/ec/common/cbi.c.obj
[joxer:ro] [133/404] Building C object zephyr/subsys/crc/CMakeFiles/subsys__crc.dir/crc24_sw.c.obj
[grogu:ro] [134/337] Building C object zephyr/CMakeFiles/zephyr.dir/subsys/shell/modules/kernel_service/kernel_shell.c.obj
[quandiso2:ro] [281/404] Building C object CMakeFiles/app.dir/mnt/host/source/src/platform/ec/build/zephyr/quandiso2/modules/ec/common/cbi_config.c.obj
[joxer:ro] [134/404] Building C object zephyr/subsys/crc/CMakeFiles/subsys__crc.dir/crc32c_sw.c.obj
[grogu:ro] [135/337] Building C object zephyr/CMakeFiles/zephyr.dir/subsys/shell/modules/kernel_service/cycles.c.obj
[joxer:ro] [135/404] Building C object zephyr/subsys/crc/CMakeFiles/subsys__crc.dir/crc32_sw.c.obj
[joxer:rw] [167/404] Building C object zephyr/CMakeFiles/zephyr.dir/lib/utils/getopt/getopt.c.obj
[quandiso2:rw] [356/404] Building C object CMakeFiles/app.dir/mnt/host/source/src/platform/ec/build/zephyr/quandiso2/modules/ec/common/vboot_hash.c.obj
[quandiso2:ro] [282/404] Building C object CMakeFiles/app.dir/mnt/host/source/src/platform/ec/build/zephyr/quandiso2/modules/ec/common/memory_commands.c.obj
[grogu:ro] [136/337] Building C object zephyr/CMakeFiles/zephyr.dir/subsys/shell/modules/kernel_service/sleep.c.obj
[joxer:ro] [136/404] Building C object zephyr/subsys/crc/CMakeFiles/subsys__crc.dir/crc32k_4_2_sw.c.obj
[joxer:ro] [137/404] Linking C static library zephyr/subsys/crc/libsubsys__crc.a
[joxer:rw] [168/404] Building C object zephyr/CMakeFiles/zephyr.dir/lib/utils/getopt/getopt_common.c.obj
[joxer:rw] [169/404] Building C object zephyr/CMakeFiles/zephyr.dir/lib/utils/ring_buffer.c.obj
[quandiso2:rw] [357/404] Building C object CMakeFiles/app.dir/mnt/host/source/src/platform/ec/build/zephyr/quandiso2/modules/ec/common/button.c.obj
[joxer:rw] [170/404] Building C object zephyr/CMakeFiles/zephyr.dir/lib/utils/last_section_id.c.obj
[quandiso2:rw] [358/404] Building C object CMakeFiles/app.dir/mnt/host/source/src/platform/ec/build/zephyr/quandiso2/modules/ec/common/vboot/efs2.c.obj
[grogu:ro] [137/337] Building C object zephyr/CMakeFiles/zephyr.dir/subsys/shell/modules/kernel_service/uptime.c.obj
[joxer:rw] [171/404] Building C object zephyr/CMakeFiles/zephyr.dir/misc/generated/configs.c.obj
[quandiso2:ro] [283/404] Building C object CMakeFiles/app.dir/mnt/host/source/src/platform/ec/build/zephyr/quandiso2/modules/ec/common/dptf.c.obj
[quandiso2:ro] [284/404] Building C object CMakeFiles/app.dir/mnt/host/source/src/platform/ec/build/zephyr/quandiso2/modules/ec/common/espi.c.obj
[quandiso2:rw] [359/404] Building C object CMakeFiles/app.dir/mnt/host/source/src/platform/ec/build/zephyr/quandiso2/modules/ec/common/vstore.c.obj
[quandiso2:ro] [285/404] Building C object CMakeFiles/app.dir/mnt/host/source/src/platform/ec/build/zephyr/quandiso2/modules/ec/common/ap_reset_log.c.obj
[grogu:ro] [138/337] Building C object zephyr/CMakeFiles/zephyr.dir/subsys/shell/modules/kernel_service/thread/thread.c.obj
[joxer:rw] [172/404] Building ASM object zephyr/CMakeFiles/zephyr.dir/soc/ite/ec/common/soc_irq.S.obj
[grogu:ro] [139/337] Building C object zephyr/CMakeFiles/zephyr.dir/subsys/shell/modules/kernel_service/version.c.obj
[joxer:ro] [138/404] Building C object zephyr/drivers/interrupt_controller/CMakeFiles/drivers__interrupt_controller.dir/intc_ite_it8xxx2.c.obj
[quandiso2:ro] [286/404] Building C object CMakeFiles/app.dir/mnt/host/source/src/platform/ec/build/zephyr/quandiso2/modules/ec/common/extpower_common.c.obj
[quandiso2:rw] [360/404] Building C object CMakeFiles/app.dir/mnt/host/source/src/platform/ec/build/zephyr/quandiso2/modules/ec/common/math_util.c.obj
[joxer:ro] [139/404] Building C object zephyr/drivers/interrupt_controller/CMakeFiles/drivers__interrupt_controller.dir/wuc_ite_it8xxx2.c.obj
[joxer:ro] [140/404] Linking C static library zephyr/drivers/interrupt_controller/libdrivers__interrupt_controller.a
[grogu:ro] [140/337] Building C object zephyr/CMakeFiles/zephyr.dir/subsys/shell/modules/kernel_service/thread/list.c.obj
[joxer:rw] [173/404] Building C object zephyr/CMakeFiles/zephyr.dir/soc/ite/ec/common/soc_common_irq.c.obj
[quandiso2:rw] [361/404] Building C object CMakeFiles/app.dir/src/board_power.c.obj
[quandiso2:rw] [362/404] Building C object CMakeFiles/app.dir/src/common.c.obj
[grogu:ro] [141/337] Building C object zephyr/CMakeFiles/zephyr.dir/subsys/shell/modules/kernel_service/thread/stacks.c.obj
[quandiso2:ro] [287/404] Building C object CMakeFiles/app.dir/mnt/host/source/src/platform/ec/build/zephyr/quandiso2/modules/ec/common/fan.c.obj
[joxer:rw] [174/404] Building C object zephyr/CMakeFiles/zephyr.dir/soc/ite/ec/common/power.c.obj
[grogu:ro] [142/337] Building C object zephyr/CMakeFiles/zephyr.dir/subsys/shell/modules/kernel_service/thread/unwind.c.obj
[joxer:ro] [141/404] Building C object zephyr/drivers/adc/CMakeFiles/drivers__adc.dir/adc_common.c.obj
[quandiso2:ro] [288/404] Building C object CMakeFiles/app.dir/mnt/host/source/src/platform/ec/build/zephyr/quandiso2/modules/ec/common/host_command.c.obj
[quandiso2:ro] [289/404] Building C object CMakeFiles/app.dir/mnt/host/source/src/platform/ec/build/zephyr/quandiso2/modules/ec/common/flash.c.obj
[quandiso2:rw] [363/404] Building C object CMakeFiles/app.dir/quandiso2/src/board.c.obj
[quandiso2:ro] [290/404] Building C object CMakeFiles/app.dir/mnt/host/source/src/platform/ec/build/zephyr/quandiso2/modules/ec/common/host_command_task.c.obj
[quandiso2:rw] [364/404] Building C object CMakeFiles/app.dir/quandiso2/src/sub_board.c.obj
[joxer:rw] [175/404] Building C object zephyr/CMakeFiles/zephyr.dir/soc/ite/ec/common/policy.c.obj
[grogu:ro] [143/337] Building C object zephyr/CMakeFiles/zephyr.dir/subsys/shell/modules/kernel_service/thread/suspend.c.obj
[joxer:ro] [142/404] Building C object zephyr/drivers/adc/CMakeFiles/drivers__adc.dir/adc_ite_it8xxx2.c.obj
[grogu:ro] [144/337] Building C object zephyr/CMakeFiles/zephyr.dir/subsys/shell/modules/kernel_service/thread/resume.c.obj
[joxer:rw] [176/404] Building C object zephyr/CMakeFiles/zephyr.dir/soc/ite/ec/it8xxx2/soc.c.obj
[joxer:ro] [143/404] Linking C static library zephyr/drivers/adc/libdrivers__adc.a
[quandiso2:rw] [365/404] Building C object CMakeFiles/app.dir/quandiso2/src/keyboard.c.obj
[grogu:ro] [145/337] Building C object zephyr/CMakeFiles/zephyr.dir/subsys/shell/modules/kernel_service/thread/kill.c.obj
[joxer:ro] [144/404] Building C object zephyr/drivers/bbram/CMakeFiles/drivers__bbram.dir/bbram_it8xxx2.c.obj
[quandiso2:rw] [366/404] Building C object CMakeFiles/app.dir/quandiso2/src/led.c.obj
[quandiso2:ro] [291/404] Building C object CMakeFiles/app.dir/mnt/host/source/src/platform/ec/build/zephyr/quandiso2/modules/ec/common/host_event_commands.c.obj
[joxer:ro] [145/404] Linking C static library zephyr/drivers/bbram/libdrivers__bbram.a
[quandiso2:ro] [292/404] Building C object CMakeFiles/app.dir/mnt/host/source/src/platform/ec/build/zephyr/quandiso2/modules/ec/common/uart_hostcmd.c.obj
[quandiso2:ro] [293/404] Building C object CMakeFiles/app.dir/mnt/host/source/src/platform/ec/build/zephyr/quandiso2/modules/ec/common/uptime.c.obj
[joxer:rw] [177/404] Building ASM object zephyr/CMakeFiles/zephyr.dir/soc/ite/ec/it8xxx2/vector.S.obj
[joxer:rw] [178/404] Building ASM object zephyr/CMakeFiles/zephyr.dir/soc/ite/ec/it8xxx2/__arithmetic.S.obj
[quandiso2:rw] [367/404] Building C object CMakeFiles/app.dir/quandiso2/src/thermal.c.obj
[joxer:rw] [179/404] Building C object zephyr/CMakeFiles/zephyr.dir/soc/ite/ec/it8xxx2/check_regs.c.obj
[joxer:ro] [146/404] Building C object zephyr/drivers/console/CMakeFiles/drivers__console.dir/uart_console.c.obj
[quandiso2:rw] [368/404] Building C object CMakeFiles/app.dir/quandiso2/src/charger.c.obj
[quandiso2:rw] [369/404] Linking C static library modules/ec/zephyr/libec_shim.a
[quandiso2:ro] [294/404] Building C object CMakeFiles/app.dir/mnt/host/source/src/platform/ec/build/zephyr/quandiso2/modules/ec/common/i2c_controller.c.obj
[joxer:ro] [147/404] Linking C static library zephyr/drivers/console/libdrivers__console.a
[grogu:ro] [146/337] Building C object zephyr/CMakeFiles/zephyr.dir/subsys/shell/backends/shell_uart.c.obj
[joxer:ro] [148/404] Building C object zephyr/drivers/eeprom/CMakeFiles/drivers__eeprom.dir/eeprom_shell.c.obj
[grogu:ro] [147/337] Building C object zephyr/CMakeFiles/zephyr.dir/subsys/shell/shell_fprintf.c.obj
[quandiso2:rw] [370/404] Building C object CMakeFiles/app.dir/quandiso2/src/fan.c.obj
[quandiso2:ro] [295/404] Building C object CMakeFiles/app.dir/mnt/host/source/src/platform/ec/build/zephyr/quandiso2/modules/ec/common/i2c_passthru.c.obj
[quandiso2:rw] [371/404] Building C object CMakeFiles/app.dir/quandiso2/src/usbc.c.obj
[joxer:rw] [180/404] Building C object zephyr/CMakeFiles/zephyr.dir/subsys/logging/log_minimal.c.obj
[joxer:rw] [181/404] Building C object zephyr/CMakeFiles/zephyr.dir/soc/ite/ec/it8xxx2/ilm.c.obj
[grogu:ro] [148/337] Building C object zephyr/CMakeFiles/zephyr.dir/subsys/shell/shell.c.obj
[quandiso2:rw] [372/404] Building C object zephyr/kernel/CMakeFiles/kernel.dir/banner.c.obj
[quandiso2:ro] [296/404] Building C object CMakeFiles/app.dir/mnt/host/source/src/platform/ec/build/zephyr/quandiso2/modules/ec/common/keyboard_8042.c.obj
[quandiso2:ro] [297/404] Building C object CMakeFiles/app.dir/mnt/host/source/src/platform/ec/build/zephyr/quandiso2/modules/ec/common/keyboard_scan.c.obj
[quandiso2:rw] [373/404] Building C object zephyr/kernel/CMakeFiles/kernel.dir/main_weak.c.obj
[quandiso2:rw] [374/404] Linking C static library app/libapp.a
[quandiso2:ro] [298/404] Building C object CMakeFiles/app.dir/mnt/host/source/src/platform/ec/build/zephyr/quandiso2/modules/ec/common/keyboard_8042_sharedlib.c.obj
[quandiso2:rw] [375/404] Building C object zephyr/kernel/CMakeFiles/kernel.dir/busy_wait.c.obj
[joxer:ro] [149/404] Building C object zephyr/drivers/eeprom/CMakeFiles/drivers__eeprom.dir/eeprom_at2x.c.obj
[grogu:ro] [149/337] Building C object zephyr/CMakeFiles/zephyr.dir/subsys/shell/shell_utils.c.obj
[joxer:ro] [150/404] Linking C static library zephyr/drivers/eeprom/libdrivers__eeprom.a
[joxer:rw] [182/404] Building C object zephyr/CMakeFiles/zephyr.dir/subsys/pm/state.c.obj
[grogu:ro] [150/337] Building C object zephyr/CMakeFiles/zephyr.dir/subsys/shell/shell_ops.c.obj
[joxer:ro] [151/404] Building C object zephyr/drivers/espi/CMakeFiles/drivers__espi.dir/espi_it8xxx2.c.obj
[grogu:ro] [151/337] Building C object zephyr/CMakeFiles/zephyr.dir/subsys/shell/shell_help.c.obj
[quandiso2:ro] [299/404] Building C object CMakeFiles/app.dir/mnt/host/source/src/platform/ec/build/zephyr/quandiso2/modules/ec/common/mkbp_fifo.c.obj
[joxer:rw] [183/404] Building C object zephyr/CMakeFiles/zephyr.dir/subsys/pm/pm.c.obj
[quandiso2:rw] [376/404] Building C object zephyr/kernel/CMakeFiles/kernel.dir/device.c.obj
[joxer:ro] [152/404] Linking C static library zephyr/drivers/espi/libdrivers__espi.a
[quandiso2:rw] [377/404] Building C object zephyr/kernel/CMakeFiles/kernel.dir/errno.c.obj
[quandiso2:ro] [300/404] Building C object CMakeFiles/app.dir/mnt/host/source/src/platform/ec/build/zephyr/quandiso2/modules/ec/common/mkbp_input_devices.c.obj
[quandiso2:ro] [301/404] Building C object CMakeFiles/app.dir/mnt/host/source/src/platform/ec/build/zephyr/quandiso2/modules/ec/common/mkbp_info.c.obj
[quandiso2:rw] [378/404] Building C object zephyr/kernel/CMakeFiles/kernel.dir/fatal.c.obj
[quandiso2:rw] [379/404] Building C object zephyr/kernel/CMakeFiles/kernel.dir/init.c.obj
[grogu:ro] [152/337] Building C object zephyr/CMakeFiles/zephyr.dir/subsys/shell/shell_history.c.obj
[joxer:ro] [153/404] Building C object zephyr/drivers/flash/CMakeFiles/drivers__flash.dir/flash_ite_it8xxx2.c.obj
[quandiso2:ro] [302/404] Building C object CMakeFiles/app.dir/mnt/host/source/src/platform/ec/build/zephyr/quandiso2/modules/ec/common/keyboard_backlight.c.obj
[grogu:ro] [153/337] Building C object zephyr/arch/common/CMakeFiles/arch__common.dir/sw_isr_common.c.obj
[quandiso2:rw] [380/404] Building C object zephyr/kernel/CMakeFiles/kernel.dir/version.c.obj
[joxer:ro] [154/404] Linking C static library zephyr/drivers/flash/libdrivers__flash.a
[joxer:rw] [184/404] Building C object zephyr/CMakeFiles/zephyr.dir/subsys/pm/policy/policy_events.c.obj
[joxer:rw] [185/404] Building C object zephyr/CMakeFiles/zephyr.dir/subsys/pm/policy/policy_latency.c.obj
[grogu:ro] [154/337] Building C object zephyr/CMakeFiles/zephyr.dir/drivers/flash/flash_util.c.obj
[quandiso2:rw] [381/404] Building C object zephyr/kernel/CMakeFiles/kernel.dir/kheap.c.obj
[quandiso2:ro] [303/404] Building C object CMakeFiles/app.dir/mnt/host/source/src/platform/ec/build/zephyr/quandiso2/modules/ec/common/led_common.c.obj
[grogu:ro] [155/337] Linking C static library zephyr/libzephyr.a
[quandiso2:rw] [382/404] Building C object zephyr/kernel/CMakeFiles/kernel.dir/mem_slab.c.obj
[joxer:ro] [155/404] Building C object zephyr/drivers/gpio/CMakeFiles/drivers__gpio.dir/gpio_ite_it8xxx2.c.obj
[grogu:ro] [156/337] Building C object zephyr/arch/common/CMakeFiles/arch__common.dir/dynamic_isr.c.obj
[quandiso2:rw] [383/404] Building C object zephyr/kernel/CMakeFiles/kernel.dir/float.c.obj
[grogu:ro] [157/337] Building C object zephyr/arch/common/CMakeFiles/arch__common.dir/init.c.obj
[quandiso2:ro] [304/404] Building C object CMakeFiles/app.dir/mnt/host/source/src/platform/ec/build/zephyr/quandiso2/modules/ec/common/led_onoff_states.c.obj
[joxer:rw] [186/404] Building C object zephyr/CMakeFiles/zephyr.dir/subsys/pm/policy/policy_state_lock.c.obj
[quandiso2:rw] [384/404] Building C object zephyr/kernel/CMakeFiles/kernel.dir/idle.c.obj
[quandiso2:ro] [305/404] Building C object CMakeFiles/app.dir/mnt/host/source/src/platform/ec/build/zephyr/quandiso2/modules/ec/common/motion_lid.c.obj
[joxer:ro] [156/404] Building C object zephyr/drivers/gpio/CMakeFiles/drivers__gpio.dir/gpio_kscan_ite_it8xxx2.c.obj
[quandiso2:ro] [306/404] Building C object CMakeFiles/app.dir/mnt/host/source/src/platform/ec/build/zephyr/quandiso2/modules/ec/common/lid_angle.c.obj
[joxer:rw] [187/404] Building C object zephyr/CMakeFiles/zephyr.dir/subsys/pm/device.c.obj
[joxer:ro] [157/404] Linking C static library zephyr/drivers/gpio/libdrivers__gpio.a
[quandiso2:rw] [385/404] Building C object zephyr/kernel/CMakeFiles/kernel.dir/mailbox.c.obj
[grogu:ro] [158/337] Building C object zephyr/arch/common/CMakeFiles/arch__common.dir/xip.c.obj
[grogu:ro] [159/337] Building C object zephyr/arch/common/CMakeFiles/isr_tables.dir/isr_tables.c.obj
[quandiso2:ro] [307/404] Building C object CMakeFiles/app.dir/mnt/host/source/src/platform/ec/build/zephyr/quandiso2/modules/ec/common/lid_angle_keyboard_policy.c.obj
[grogu:ro] [160/337] Linking C static library zephyr/arch/common/libisr_tables.a
[joxer:ro] [158/404] Building C object zephyr/drivers/i2c/CMakeFiles/drivers__i2c.dir/i2c_common.c.obj
[quandiso2:rw] [386/404] Building C object zephyr/kernel/CMakeFiles/kernel.dir/msg_q.c.obj
[grogu:ro] [161/337] Building C object zephyr/arch/arch/riscv/core/CMakeFiles/arch__riscv__core.dir/cpu_idle.c.obj
[grogu:ro] [162/337] Linking C static library zephyr/arch/common/libarch__common.a
[quandiso2:rw] [387/404] Building C object zephyr/kernel/CMakeFiles/kernel.dir/mutex.c.obj
[joxer:rw] [188/404] Building C object zephyr/CMakeFiles/zephyr.dir/subsys/pm/device_system_managed.c.obj
[grogu:ro] [163/337] Building C object zephyr/arch/arch/riscv/core/CMakeFiles/arch__riscv__core.dir/prep_c.c.obj
[quandiso2:ro] [308/404] Building C object CMakeFiles/app.dir/mnt/host/source/src/platform/ec/build/zephyr/quandiso2/modules/ec/common/lid_switch.c.obj
[joxer:ro] [159/404] Building C object zephyr/drivers/i2c/CMakeFiles/drivers__i2c.dir/i2c_bitbang.c.obj
[joxer:rw] [189/404] Building C object zephyr/CMakeFiles/zephyr.dir/subsys/testsuite/coverage/coverage.c.obj
[quandiso2:rw] [388/404] Building C object zephyr/kernel/CMakeFiles/kernel.dir/queue.c.obj
[quandiso2:rw] [389/404] Building C object zephyr/kernel/CMakeFiles/kernel.dir/sem.c.obj
[quandiso2:ro] [309/404] Building C object CMakeFiles/app.dir/mnt/host/source/src/platform/ec/build/zephyr/quandiso2/modules/ec/common/mkbp_event.c.obj
[quandiso2:rw] [390/404] Building C object zephyr/kernel/CMakeFiles/kernel.dir/stack.c.obj
[grogu:ro] [164/337] Building C object zephyr/arch/arch/riscv/core/CMakeFiles/arch__riscv__core.dir/fatal.c.obj
[joxer:ro] [160/404] Building C object zephyr/drivers/i2c/CMakeFiles/drivers__i2c.dir/i2c_shell.c.obj
[grogu:ro] [165/337] Building C object zephyr/arch/arch/riscv/core/CMakeFiles/arch__riscv__core.dir/irq_manage.c.obj
[quandiso2:ro] [310/404] Building C object CMakeFiles/app.dir/mnt/host/source/src/platform/ec/build/zephyr/quandiso2/modules/ec/common/motion_sense.c.obj
[quandiso2:rw] [391/404] Building C object zephyr/kernel/CMakeFiles/kernel.dir/system_work_q.c.obj
[quandiso2:ro] [311/404] Building C object CMakeFiles/app.dir/mnt/host/source/src/platform/ec/build/zephyr/quandiso2/modules/ec/common/port80.c.obj
[joxer:rw] [190/404] Building C object zephyr/CMakeFiles/zephyr.dir/subsys/tracing/tracing_none.c.obj
[grogu:ro] [166/337] Building C object zephyr/arch/arch/riscv/core/CMakeFiles/arch__riscv__core.dir/reboot.c.obj
[quandiso2:rw] [392/404] Building C object zephyr/kernel/CMakeFiles/kernel.dir/condvar.c.obj
[quandiso2:rw] [393/404] Building C object zephyr/kernel/CMakeFiles/kernel.dir/work.c.obj
[quandiso2:ro] [312/404] Building C object CMakeFiles/app.dir/mnt/host/source/src/platform/ec/build/zephyr/quandiso2/modules/ec/common/power_button.c.obj
[joxer:ro] [161/404] Building C object zephyr/drivers/i2c/CMakeFiles/drivers__i2c.dir/i2c_ite_enhance.c.obj
[grogu:ro] [167/337] Building ASM object zephyr/arch/arch/riscv/core/CMakeFiles/arch__riscv__core.dir/reset.S.obj
[joxer:rw] [191/404] Building C object zephyr/CMakeFiles/zephyr.dir/subsys/shell/modules/kernel_service/kernel_shell.c.obj
[grogu:ro] [168/337] Building ASM object zephyr/arch/arch/riscv/core/CMakeFiles/arch__riscv__core.dir/switch.S.obj
[quandiso2:rw] [394/404] Building C object zephyr/kernel/CMakeFiles/kernel.dir/thread.c.obj
[quandiso2:ro] [313/404] Building C object CMakeFiles/app.dir/mnt/host/source/src/platform/ec/build/zephyr/quandiso2/modules/ec/power/hibernate.c.obj
[joxer:ro] [162/404] Building C object zephyr/drivers/i2c/CMakeFiles/drivers__i2c.dir/i2c_ite_it8xxx2.c.obj
[joxer:rw] [192/404] Building C object zephyr/CMakeFiles/zephyr.dir/subsys/shell/modules/kernel_service/cycles.c.obj
[quandiso2:ro] [314/404] Building C object CMakeFiles/app.dir/mnt/host/source/src/platform/ec/build/zephyr/quandiso2/modules/ec/driver/sha256/sha256_it8xxx2.c.obj
[quandiso2:ro] [315/404] Building C object CMakeFiles/app.dir/mnt/host/source/src/platform/ec/build/zephyr/quandiso2/modules/ec/common/panic_output.c.obj
[grogu:ro] [169/337] Building C object zephyr/arch/arch/riscv/core/CMakeFiles/arch__riscv__core.dir/thread.c.obj
[joxer:ro] [163/404] Linking C static library zephyr/drivers/i2c/libdrivers__i2c.a
[quandiso2:rw] [395/404] Building C object zephyr/kernel/CMakeFiles/kernel.dir/sched.c.obj
[grogu:ro] [170/337] Generating ../../../include/generated/libc/minimal/strerror_table.h
[joxer:ro] [164/404] Building C object zephyr/drivers/pinctrl/CMakeFiles/drivers__pinctrl.dir/common.c.obj
[quandiso2:rw] [396/404] Building C object zephyr/kernel/CMakeFiles/kernel.dir/thread_monitor.c.obj
[quandiso2:rw] [397/404] Building C object zephyr/kernel/CMakeFiles/kernel.dir/pipe.c.obj
[grogu:ro] [171/337] Building C object zephyr/lib/libc/minimal/CMakeFiles/lib__libc__minimal.dir/source/stdlib/atoi.c.obj
[joxer:rw] [193/404] Building C object zephyr/CMakeFiles/zephyr.dir/subsys/shell/modules/kernel_service/sleep.c.obj
[grogu:ro] [172/337] Building ASM object zephyr/arch/arch/riscv/core/CMakeFiles/arch__riscv__core.dir/isr.S.obj
[grogu:ro] [173/337] Building C object zephyr/arch/arch/riscv/core/CMakeFiles/arch__riscv__core.dir/stacktrace.c.obj
[quandiso2:ro] [316/404] Building C object CMakeFiles/app.dir/mnt/host/source/src/platform/ec/build/zephyr/quandiso2/modules/ec/common/shared_mem.c.obj
[quandiso2:rw] [398/404] Building C object zephyr/kernel/CMakeFiles/kernel.dir/timeout.c.obj
[grogu:ro] [174/337] Building C object zephyr/lib/libc/minimal/CMakeFiles/lib__libc__minimal.dir/source/stdlib/strtol.c.obj
[grogu:ro] [175/337] Linking C static library zephyr/arch/arch/riscv/core/libarch__riscv__core.a
[joxer:rw] [194/404] Building C object zephyr/CMakeFiles/zephyr.dir/subsys/shell/modules/kernel_service/uptime.c.obj
[grogu:ro] [176/337] Building C object zephyr/lib/libc/minimal/CMakeFiles/lib__libc__minimal.dir/source/stdlib/strtoll.c.obj
[grogu:ro] [177/337] Building C object zephyr/lib/libc/minimal/CMakeFiles/lib__libc__minimal.dir/source/stdlib/strtoul.c.obj
[quandiso2:rw] [399/404] Building C object zephyr/kernel/CMakeFiles/kernel.dir/timer.c.obj
[grogu:ro] [178/337] Building C object zephyr/lib/libc/minimal/CMakeFiles/lib__libc__minimal.dir/source/stdlib/strtoull.c.obj
[quandiso2:ro] [317/404] Building C object CMakeFiles/app.dir/mnt/host/source/src/platform/ec/build/zephyr/quandiso2/modules/ec/common/switch.c.obj
[quandiso2:ro] [318/404] Building C object CMakeFiles/app.dir/mnt/host/source/src/platform/ec/build/zephyr/quandiso2/modules/ec/common/tablet_mode.c.obj
[quandiso2:ro] [319/404] Building C object CMakeFiles/app.dir/mnt/host/source/src/platform/ec/build/zephyr/quandiso2/modules/ec/common/thermal.c.obj
[grogu:ro] [179/337] Building C object zephyr/lib/libc/minimal/CMakeFiles/lib__libc__minimal.dir/source/stdlib/bsearch.c.obj
[quandiso2:rw] [400/404] Building C object zephyr/kernel/CMakeFiles/kernel.dir/events.c.obj
[joxer:ro] [165/404] Building C object zephyr/drivers/pwm/CMakeFiles/drivers__pwm.dir/pwm_shell.c.obj
[joxer:ro] [166/404] Building C object zephyr/drivers/pinctrl/CMakeFiles/drivers__pinctrl.dir/pinctrl_ite_it8xxx2.c.obj
[joxer:ro] [167/404] Linking C static library zephyr/drivers/pinctrl/libdrivers__pinctrl.a
[joxer:ro] [168/404] Building C object zephyr/drivers/sensor/CMakeFiles/drivers__sensor.dir/mnt/host/source/src/third_party/zephyr/main/misc/empty_file.c.obj
[grogu:ro] [180/337] Building C object zephyr/lib/libc/minimal/CMakeFiles/lib__libc__minimal.dir/source/stdlib/qsort.c.obj
[joxer:rw] [195/404] Building C object zephyr/CMakeFiles/zephyr.dir/subsys/shell/modules/kernel_service/version.c.obj
[grogu:ro] [181/337] Building C object zephyr/lib/libc/minimal/CMakeFiles/lib__libc__minimal.dir/source/string/strerror.c.obj
[quandiso2:rw] [401/404] Building C object zephyr/kernel/CMakeFiles/kernel.dir/poll.c.obj
[joxer:ro] [169/404] Linking C static library zephyr/drivers/sensor/libdrivers__sensor.a
[quandiso2:rw] [402/404] Building C object zephyr/kernel/CMakeFiles/kernel.dir/mempool.c.obj
[grogu:ro] [182/337] Building C object zephyr/lib/libc/minimal/CMakeFiles/lib__libc__minimal.dir/source/string/strncasecmp.c.obj
[joxer:rw] [196/404] Building C object zephyr/CMakeFiles/zephyr.dir/subsys/shell/modules/kernel_service/thread/thread.c.obj
[grogu:ro] [183/337] Building C object zephyr/lib/libc/minimal/CMakeFiles/lib__libc__minimal.dir/source/stdlib/exit.c.obj
[grogu:ro] [184/337] Building C object zephyr/lib/libc/minimal/CMakeFiles/lib__libc__minimal.dir/source/string/strstr.c.obj
[quandiso2:rw] [403/404] Building C object zephyr/kernel/CMakeFiles/kernel.dir/dynamic_disabled.c.obj
[deku:rw] Building: /usr/bin/ninja -C /mnt/host/source/src/platform/ec/build/zephyr/deku/build-rw all.libraries
Running `env -i SHELL=/bin/bash COLORTERM=truecolor DEPOT_TOOLS_UPDATE=0 LESS='-R -M --shift 5' SUDO_GID=0 JDK_HOME=/etc/java-config-2/current-system-vm CONFIG_PROTECT_MASK='/etc/gentoo-release /etc/sandbox.d /etc/fonts/fonts.conf /etc/terminfo /etc/ca-certificates.conf /etc/revdep-rebuild' CHROMEOS_CACHEDIR=/var/cache/chromeos-cache JAVA_HOME=/etc/java-config-2/current-system-vm SSH_AUTH_SOCK=/tmp/ssh-auth-sock SUDO_COMMAND=/bin/bash SUDO_USER=root SUDO_TTY=/dev/pts/2 EDITOR=/usr/bin/vi PWD=/mnt/host/source/src/platform/ec CONFIG_PROTECT=/usr/share/gnupg/qualified.txt LOGNAME=jpmurphy MANPATH=/etc/java-config-2/current-system-vm/man:/usr/local/share/man:/usr/share/man:/usr/share/gcc-data/x86_64-pc-linux-gnu/10.2.0/man:/usr/share/binutils-data/x86_64-pc-linux-gnu/2.45/man:/etc/java-config-2/current-system-vm/man/ SUDO_HOME=/root XAUTHORITY=/run/user/944457/gdm/Xauthority HOME=/home/jpmurphy LANG=C.UTF-8 LS_COLORS='rs=0:di=01;34:ln=01;36:mh=00:pi=40;33:so=01;35:do=01;35:bd=40;33;01:cd=40;33;01:or=01;05;37;41:mi=01;05;37;41:su=37;41:sg=30;43:ca=30;41:tw=30;42:ow=34;42:st=37;44:ex=01;32:*.tar=01;31:*.tgz=01;31:*.arc=01;31:*.arj=01;31:*.taz=01;31:*.lha=01;31:*.lz4=01;31:*.lzh=01;31:*.lzma=01;31:*.tlz=01;31:*.txz=01;31:*.tzo=01;31:*.t7z=01;31:*.zip=01;31:*.z=01;31:*.dz=01;31:*.gz=01;31:*.lrz=01;31:*.lz=01;31:*.lzo=01;31:*.xz=01;31:*.zst=01;31:*.tzst=01;31:*.bz2=01;31:*.bz=01;31:*.tbz=01;31:*.tbz2=01;31:*.tz=01;31:*.deb=01;31:*.rpm=01;31:*.jar=01;31:*.war=01;31:*.ear=01;31:*.sar=01;31:*.rar=01;31:*.alz=01;31:*.ace=01;31:*.zoo=01;31:*.cpio=01;31:*.7z=01;31:*.rz=01;31:*.cab=01;31:*.wim=01;31:*.swm=01;31:*.dwm=01;31:*.esd=01;31:*.jpg=01;35:*.jpeg=01;35:*.mjpg=01;35:*.mjpeg=01;35:*.gif=01;35:*.bmp=01;35:*.pbm=01;35:*.pgm=01;35:*.ppm=01;35:*.tga=01;35:*.xbm=01;35:*.xpm=01;35:*.tif=01;35:*.tiff=01;35:*.png=01;35:*.svg=01;35:*.svgz=01;35:*.mng=01;35:*.pcx=01;35:*.mov=01;35:*.mpg=01;35:*.mpeg=01;35:*.m2v=01;35:*.mkv=01;35:*.webm=01;35:*.webp=01;35:*.ogm=01;35:*.mp4=01;35:*.m4v=01;35:*.mp4v=01;35:*.vob=01;35:*.qt=01;35:*.nuv=01;35:*.wmv=01;35:*.asf=01;35:*.rm=01;35:*.rmvb=01;35:*.flc=01;35:*.avi=01;35:*.fli=01;35:*.flv=01;35:*.gl=01;35:*.dl=01;35:*.xcf=01;35:*.xwd=01;35:*.yuv=01;35:*.cgm=01;35:*.emf=01;35:*.ogv=01;35:*.ogx=01;35:*.cfg=00;32:*.conf=00;32:*.diff=00;32:*.doc=00;32:*.ini=00;32:*.log=00;32:*.patch=00;32:*.pdf=00;32:*.ps=00;32:*.tex=00;32:*.txt=00;32:*.aac=00;36:*.au=00;36:*.flac=00;36:*.m4a=00;36:*.mid=00;36:*.midi=00;36:*.mka=00;36:*.mp3=00;36:*.mpc=00;36:*.ogg=00;36:*.ra=00;36:*.wav=00;36:*.oga=00;36:*.opus=00;36:*.spx=00;36:*.xspf=00;36:' XDG_CURRENT_DESKTOP=GNOME INFOPATH=/usr/share/info:/usr/share/gcc-data/x86_64-pc-linux-gnu/10.2.0/info:/usr/share/binutils-data/x86_64-pc-linux-gnu/2.45/info:/usr/share/automake-1.16.5/info JAVAC=/etc/java-config-2/current-system-vm/bin/javac TERM=xterm-256color LESSOPEN='|lesspipe %s' USER=jpmurphy CROS_WORKON_SRCROOT=/mnt/host/source MANPAGER=manpager DISPLAY=:1 SHLVL=1 LC_MESSAGES=C EXTERNAL_TRUNK_PATH=/mnt/8f9d649a-3721-44cc-93c0-e6bd21a9689f/chromiumos GCC_SPECS='' PATH=/mnt/host/source/chromite/bin:/usr/local/bin:/usr/bin:/bin:/opt/bin:/mnt/host/source/chromite/sdk/bin:/mnt/host/source/chromite/bin PORTAGE_USERNAME=jpmurphy SUDO_UID=0 GCC_VER=10.2.0 MAIL=/var/mail/jpmurphy OLDPWD=/mnt/host/source/src/scripts traceparent=00-e87aca51550a78635907baa6a2476181-6d684811675d2973-01 _=./zephyr/firmware_builder.py COREBOOT_SDK_ROOT_x86=/home/jpmurphy/.cache/coreboot-sdk/i386-elf/dfbb0486385d938cfa9d73080b9d18d598ed4f49 COREBOOT_SDK_ROOT_picolibc_x86=/home/jpmurphy/.cache/coreboot-sdk/picolibc-i386-elf/eb8e8e687b95461de8cbf278f1c2076952d0ad17 COREBOOT_SDK_ROOT_riscv64=/home/jpmurphy/.cache/coreboot-sdk/riscv64-elf/96b949749225b6aaa92ed810ab769e8dfb12f000 COREBOOT_SDK_ROOT_picolibc_arm=/home/jpmurphy/.cache/coreboot-sdk/picolibc-arm-eabi/422a2aa3e1ef891b5bece9a3deb696ff83840d2e COREBOOT_SDK_ROOT_nds32=/home/jpmurphy/.cache/coreboot-sdk/nds32le-elf/d1a518c4a097666d86058e1444f85ca015d15511 COREBOOT_SDK_ROOT_picolibc_riscv64=/home/jpmurphy/.cache/coreboot-sdk/picolibc-riscv64-elf/f571e990ef0278564b31124f8bb109d9a697eb69 COREBOOT_SDK_ROOT_arm=/home/jpmurphy/.cache/coreboot-sdk/arm-eabi/ea40ddd1d190c3b48435c474c0b545719371813a COREBOOT_SDK_ROOT_libstdcxx_riscv64=/home/jpmurphy/.cache/coreboot-sdk/libstdcxx-riscv64-elf/17abf22a3a252e2d5d2062ced5324f7a623689e0 COREBOOT_SDK_ROOT_libstdcxx_arm=/home/jpmurphy/.cache/coreboot-sdk/libstdcxx-arm-eabi/5d7d82e150e44aa1968f1d366e267e6687b328ac COREBOOT_SDK_ROOT_riscv=/home/jpmurphy/.cache/coreboot-sdk/riscv-elf/9a27b9e82341c6e9126624f516ab3f261abb3e73 COREBOOT_SDK_ROOT_libstdcxx_x86=/home/jpmurphy/.cache/coreboot-sdk/libstdcxx-i386-elf/42ef9d2e87a76a37963175d7d428734e65648b87 PYTHONPATH=/mnt/host/source/src/platform/ec/zephyr/zmake PW_PIGWEED_CIPD_INSTALL_DIR=/usr CROSTC_USER_ACKNOWLEDGES_THAT_RISCV_IS_EXPERIMENTAL=1 MAKEFLAGS=' -j16 --jobserver-auth=5,6' /usr/bin/ninja -C /mnt/host/source/src/platform/ec/build/zephyr/deku/build-rw all.libraries`
[grogu:ro] [185/337] Building C object zephyr/lib/libc/minimal/CMakeFiles/lib__libc__minimal.dir/source/string/string.c.obj
[deku:rw] ninja: Entering directory `/mnt/host/source/src/platform/ec/build/zephyr/deku/build-rw'
[quandiso2:ro] [320/404] Building C object CMakeFiles/app.dir/mnt/host/source/src/platform/ec/build/zephyr/quandiso2/modules/ec/common/temp_sensor.c.obj
[quandiso2:rw] [404/404] Linking C static library zephyr/kernel/libkernel.a
Toolchain <zmake.toolchains.CorebootSdkToolchain object at 0x7f4120512b90> selected by probe function.
[magikarp] Building in /mnt/host/source/src/platform/ec/build/zephyr/magikarp.
[grogu:ro] [186/337] Building C object zephyr/lib/libc/minimal/CMakeFiles/lib__libc__minimal.dir/source/string/strspn.c.obj
[quandiso2:ro] [321/404] Building C object CMakeFiles/app.dir/mnt/host/source/src/platform/ec/build/zephyr/quandiso2/modules/ec/common/timer.c.obj
[quandiso2:ro] [322/404] Building C object CMakeFiles/app.dir/mnt/host/source/src/platform/ec/build/zephyr/quandiso2/modules/ec/common/throttle_ap.c.obj
[quandiso2:ro] [323/404] Building C object CMakeFiles/app.dir/mnt/host/source/src/platform/ec/build/zephyr/quandiso2/modules/ec/driver/temp_sensor/thermistor.c.obj
[joxer:ro] [170/404] Building C object zephyr/drivers/pwm/CMakeFiles/drivers__pwm.dir/pwm_ite_it8xxx2.c.obj
[joxer:rw] [197/404] Building C object zephyr/CMakeFiles/zephyr.dir/subsys/shell/modules/kernel_service/thread/list.c.obj
[joxer:ro] [171/404] Building C object zephyr/drivers/sensor/ite/ite_tach_it8xxx2/CMakeFiles/drivers__sensor__ite__ite_tach_it8xxx2.dir/tach_ite_it8xxx2.c.obj
[joxer:ro] [172/404] Linking C static library zephyr/drivers/pwm/libdrivers__pwm.a
[joxer:rw] [198/404] Building C object zephyr/CMakeFiles/zephyr.dir/subsys/shell/modules/kernel_service/thread/stacks.c.obj
[joxer:rw] [199/404] Building C object zephyr/CMakeFiles/zephyr.dir/subsys/shell/modules/kernel_service/thread/unwind.c.obj
[grogu:ro] [187/337] Building C object zephyr/lib/libc/minimal/CMakeFiles/lib__libc__minimal.dir/source/stdout/stdout_console.c.obj
[joxer:ro] [173/404] Linking C static library zephyr/drivers/sensor/ite/ite_tach_it8xxx2/libdrivers__sensor__ite__ite_tach_it8xxx2.a
[deku:rw] [1/382] Generating include/generated/zephyr/version.h
[deku:rw] -- git describe warned: warning: tag 'upstream/v2.7.99' is externally known as 'v2.7.99'
[joxer:ro] [174/404] Building C object zephyr/drivers/sensor/ite/ite_vcmp_it8xxx2/CMakeFiles/drivers__sensor__ite__ite_vcmp_it8xxx2.dir/vcmp_ite_it8xxx2.c.obj
[deku:rw] -- Zephyr version: 4.3.99 (/mnt/host/source/src/third_party/zephyr/main)
[deku:rw] [2/382] Preparing syscall dependency handling
[grogu:ro] [188/337] Building C object zephyr/lib/libc/minimal/CMakeFiles/lib__libc__minimal.dir/source/stdout/sprintf.c.obj
[grogu:ro] [189/337] Building C object zephyr/lib/libc/minimal/CMakeFiles/lib__libc__minimal.dir/source/stdout/fprintf.c.obj
[grogu:ro] [190/337] Building C object zephyr/lib/libc/minimal/CMakeFiles/lib__libc__minimal.dir/source/math/sqrtf.c.obj
[deku:rw] [3/382] Generating misc/generated/syscalls_subdirs.trigger
[joxer:ro] [175/404] Linking C static library zephyr/drivers/sensor/ite/ite_vcmp_it8xxx2/libdrivers__sensor__ite__ite_vcmp_it8xxx2.a
[joxer:ro] [176/404] Building C object zephyr/drivers/serial/CMakeFiles/drivers__serial.dir/uart_ite_it8xxx2.c.obj
[grogu:ro] [191/337] Building C object zephyr/lib/libc/minimal/CMakeFiles/lib__libc__minimal.dir/source/math/sqrt.c.obj
[quandiso2:ro] [324/404] Building C object CMakeFiles/app.dir/mnt/host/source/src/platform/ec/build/zephyr/quandiso2/modules/ec/common/usb_port_power_smart.c.obj
[joxer:rw] [200/404] Building C object zephyr/CMakeFiles/zephyr.dir/subsys/shell/modules/kernel_service/thread/suspend.c.obj
[quandiso2:ro] [325/404] Building C object CMakeFiles/app.dir/mnt/host/source/src/platform/ec/build/zephyr/quandiso2/modules/ec/common/usb_pd_pdo.c.obj
[quandiso2:ro] [326/404] Building C object CMakeFiles/app.dir/mnt/host/source/src/platform/ec/build/zephyr/quandiso2/modules/ec/common/typec_control.c.obj
[grogu:ro] [192/337] Building C object zephyr/lib/libc/common/CMakeFiles/lib__libc__common.dir/source/time/asctime.c.obj
[joxer:rw] [201/404] Building C object zephyr/CMakeFiles/zephyr.dir/subsys/shell/modules/kernel_service/thread/resume.c.obj
[joxer:rw] [202/404] Building C object zephyr/CMakeFiles/zephyr.dir/subsys/shell/modules/kernel_service/thread/kill.c.obj
[/mnt/host/source/src/platform/ec/build/zephyr/spikyrock-lcov]   /mnt/host/source/src/platform/ec/build/zephyr/spikyrock/build-ro/zephyr/CMakeFiles/zephyr.dir/soc/ite/ec/it8xxx2/check_regs.c.gcno:no functions found
[/mnt/host/source/src/platform/ec/build/zephyr/spikyrock-lcov] stderr:
[joxer:ro] [177/404] Building C object zephyr/drivers/timer/CMakeFiles/drivers__timer.dir/sys_clock_init.c.obj
[quandiso2:ro] [327/404] Building C object CMakeFiles/app.dir/mnt/host/source/src/platform/ec/build/zephyr/quandiso2/modules/ec/common/usb_common.c.obj
[joxer:ro] [178/404] Building C object zephyr/drivers/serial/CMakeFiles/drivers__serial.dir/uart_ns16550.c.obj
[grogu:ro] [193/337] Building C object zephyr/lib/libc/minimal/CMakeFiles/lib__libc__minimal.dir/source/time/gmtime.c.obj
[grogu:ro] [194/337] Building C object zephyr/lib/libc/common/CMakeFiles/lib__libc__common.dir/source/time/gmtime_r.c.obj
[grogu:ro] [195/337] Building C object zephyr/lib/libc/common/CMakeFiles/lib__libc__common.dir/source/stdlib/abort.c.obj
[joxer:ro] [179/404] Linking C static library zephyr/drivers/serial/libdrivers__serial.a
[grogu:ro] [196/337] Linking C static library zephyr/lib/libc/minimal/liblib__libc__minimal.a
[joxer:ro] [180/404] Building C object zephyr/drivers/watchdog/CMakeFiles/drivers__watchdog.dir/wdt_ite_it8xxx2.c.obj
[grogu:ro] [197/337] Building C object zephyr/lib/libc/common/CMakeFiles/lib__libc__common.dir/source/time/localtime_r_utc.c.obj
[joxer:ro] [181/404] Building C object zephyr/drivers/timer/CMakeFiles/drivers__timer.dir/ite_it8xxx2_timer.c.obj
[deku:rw] [4/382] Generating misc/generated/syscalls.json, misc/generated/struct_tags.json
[joxer:ro] [182/404] Linking C static library zephyr/drivers/timer/libdrivers__timer.a
[grogu:ro] [198/337] Building C object zephyr/lib/libc/common/CMakeFiles/lib__libc__common.dir/source/time/ctime.c.obj
[grogu:ro] [199/337] Building C object zephyr/lib/libc/common/CMakeFiles/lib__libc__common.dir/source/time/time.c.obj
[deku:rw] [5/382] Generating include/generated/zephyr/syscall_dispatch.c, include/generated/zephyr/syscall_exports_llext.c, syscall_weakdefs_llext.c, include/generated/zephyr/syscall_list.h
[joxer:rw] [203/404] Building C object zephyr/CMakeFiles/zephyr.dir/subsys/shell/modules/device_service.c.obj
[joxer:rw] [204/404] Building C object zephyr/CMakeFiles/zephyr.dir/subsys/shell/modules/date_service.c.obj
[quandiso2:ro] [328/404] Building C object CMakeFiles/app.dir/mnt/host/source/src/platform/ec/build/zephyr/quandiso2/modules/ec/common/usbc/usb_pd_timer.c.obj
[grogu:ro] [200/337] Building C object zephyr/lib/libc/common/CMakeFiles/lib__libc__common.dir/source/string/strnlen.c.obj
[joxer:rw] [205/404] Building C object zephyr/CMakeFiles/zephyr.dir/subsys/shell/modules/devmem_service.c.obj
[quandiso2:ro] [329/404] Building C object CMakeFiles/app.dir/mnt/host/source/src/platform/ec/build/zephyr/quandiso2/modules/ec/common/usbc/usbc_task.c.obj
[joxer:ro] [183/404] Building C object zephyr/drivers/watchdog/CMakeFiles/drivers__watchdog.dir/wdt_shell.c.obj
[deku:rw] [6/382] Generating include/generated/zephyr/driver-validation.h
[quandiso2:ro] [330/404] Building C object CMakeFiles/app.dir/mnt/host/source/src/platform/ec/build/zephyr/quandiso2/modules/ec/common/usbc/usb_sm.c.obj
[grogu:ro] [201/337] Building C object zephyr/lib/posix/c_lib_ext/CMakeFiles/lib__posix__c_lib_ext.dir/fnmatch.c.obj
[joxer:ro] [184/404] Linking C static library zephyr/drivers/watchdog/libdrivers__watchdog.a
[deku:rw] [7/382] Generating include/generated/zephyr/kobj-types-enum.h, include/generated/zephyr/otype-to-str.h, include/generated/zephyr/otype-to-size.h
[quandiso2:ro] [331/404] Building C object CMakeFiles/app.dir/mnt/host/source/src/platform/ec/build/zephyr/quandiso2/modules/ec/common/usbc_intr_task.c.obj
[deku:rw] [8/382] Generating include/generated/device-api-sections.ld, include/generated/device-api-sections.cmake
[grogu:ro] [202/337] Building C object zephyr/lib/libc/common/CMakeFiles/lib__libc__common.dir/source/stdlib/malloc.c.obj
[joxer:ro] [185/404] Building C object modules/ec/zephyr/CMakeFiles/ec_shim.dir/app/ec/main_shim.c.obj
[grogu:ro] [203/337] Linking C static library zephyr/lib/libc/common/liblib__libc__common.a
[joxer:ro] [186/404] Building C object modules/ec/zephyr/CMakeFiles/ec_shim.dir/app/ec/ec_app_main.c.obj
[joxer:ro] [187/404] Building C object modules/ec/zephyr/CMakeFiles/ec_shim.dir/app/ec/chip/riscv/riscv-ite/it8xxx2-espi.c.obj
[quandiso2:ro] [332/404] Building C object CMakeFiles/app.dir/mnt/host/source/src/platform/ec/build/zephyr/quandiso2/modules/ec/common/usbc_utils.c.obj
[joxer:rw] [206/404] Building C object zephyr/CMakeFiles/zephyr.dir/subsys/shell/shell_fprintf.c.obj
[joxer:rw] [207/404] Building C object zephyr/CMakeFiles/zephyr.dir/subsys/shell/shell.c.obj
[grogu:ro] [204/337] Building C object zephyr/lib/posix/c_lib_ext/CMakeFiles/lib__posix__c_lib_ext.dir/getopt_shim.c.obj
[joxer:rw] [208/404] Building C object zephyr/CMakeFiles/zephyr.dir/subsys/shell/backends/shell_uart.c.obj
[grogu:ro] [205/337] Building C object zephyr/lib/posix/c_lib_ext/CMakeFiles/lib__posix__c_lib_ext.dir/getentropy.c.obj
[grogu:ro] [206/337] Linking C static library zephyr/lib/posix/c_lib_ext/liblib__posix__c_lib_ext.a
[quandiso2:ro] [333/404] Building C object CMakeFiles/app.dir/mnt/host/source/src/platform/ec/build/zephyr/quandiso2/modules/ec/common/usb_pd_flags.c.obj
[quandiso2:ro] [334/404] Building C object CMakeFiles/app.dir/mnt/host/source/src/platform/ec/build/zephyr/quandiso2/modules/ec/common/chargen.c.obj
[deku:rw] [9/382] Building C object zephyr/CMakeFiles/offsets.dir/arch/arm/core/offsets/offsets.c.obj
[joxer:ro] [188/404] Building C object modules/ec/zephyr/CMakeFiles/ec_shim.dir/drivers/cros_flash/cros_flash_it8xxx2.c.obj
[quandiso2:ro] [335/404] Building C object CMakeFiles/app.dir/mnt/host/source/src/platform/ec/build/zephyr/quandiso2/modules/ec/common/usbc/usb_pd_console.c.obj
[grogu:ro] [207/337] Building C object zephyr/lib/smf/CMakeFiles/lib__smf.dir/smf.c.obj
[deku:rw] [10/382] Generating include/generated/zephyr/offsets.h
[grogu:ro] [208/337] Linking C static library zephyr/lib/smf/liblib__smf.a
[joxer:ro] [189/404] Building C object modules/ec/zephyr/CMakeFiles/ec_shim.dir/drivers/cros_kb_raw/cros_kb_raw_ite.c.obj
[joxer:ro] [190/404] Building C object modules/ec/zephyr/CMakeFiles/ec_shim.dir/drivers/cros_kblight/pwm_kblight.c.obj
[joxer:rw] [209/404] Building C object zephyr/CMakeFiles/zephyr.dir/subsys/shell/shell_help.c.obj
[grogu:ro] [209/337] Building C object zephyr/subsys/crc/CMakeFiles/subsys__crc.dir/crc4_sw.c.obj
[joxer:rw] [210/404] Building C object zephyr/CMakeFiles/zephyr.dir/subsys/shell/shell_utils.c.obj
[joxer:rw] [211/404] Building C object zephyr/CMakeFiles/zephyr.dir/subsys/shell/shell_ops.c.obj
[grogu:ro] [210/337] Building C object zephyr/subsys/mgmt/ec_host_cmd/CMakeFiles/subsys__mgmt__ec_host_cmd.dir/ec_host_cmd_handler.c.obj
[quandiso2:ro] [336/404] Building C object CMakeFiles/app.dir/mnt/host/source/src/platform/ec/build/zephyr/quandiso2/modules/ec/driver/usb_mux/usb_mux.c.obj
[joxer:ro] [191/404] Building C object modules/ec/zephyr/CMakeFiles/ec_shim.dir/drivers/cros_system/cros_system_it8xxx2.c.obj
[grogu:ro] [211/337] Linking C static library zephyr/subsys/mgmt/ec_host_cmd/libsubsys__mgmt__ec_host_cmd.a
[grogu:ro] [212/337] Building C object zephyr/subsys/crc/CMakeFiles/subsys__crc.dir/crc8_sw.c.obj
[grogu:ro] [213/337] Building C object zephyr/subsys/mgmt/ec_host_cmd/backends/CMakeFiles/subsys__mgmt__ec_host_cmd__backends.dir/ec_host_cmd_backend_shi_ite.c.obj
[quandiso2:ro] [337/404] Building C object CMakeFiles/app.dir/mnt/host/source/src/platform/ec/build/zephyr/quandiso2/modules/ec/driver/usb_mux/virtual.c.obj
[grogu:ro] [214/337] Building C object zephyr/subsys/crc/CMakeFiles/subsys__crc.dir/crc16_sw.c.obj
[grogu:ro] [215/337] Linking C static library zephyr/subsys/mgmt/ec_host_cmd/backends/libsubsys__mgmt__ec_host_cmd__backends.a
[grogu:ro] [216/337] Building C object zephyr/subsys/crc/CMakeFiles/subsys__crc.dir/crc7_sw.c.obj
[deku:rw] [11/382] Building C object zephyr/CMakeFiles/zephyr.dir/lib/libc/validate_libc.c.obj
[joxer:ro] [192/404] Building C object modules/ec/zephyr/CMakeFiles/ec_shim.dir/shim/chip/it8xxx2/clock.c.obj
[joxer:ro] [193/404] Building C object modules/ec/zephyr/CMakeFiles/ec_shim.dir/drivers/vivaldi_kbd/vivaldi_kbd.c.obj
[grogu:ro] [217/337] Building C object zephyr/subsys/crc/CMakeFiles/subsys__crc.dir/crc24_sw.c.obj
[grogu:ro] [218/337] Building C object zephyr/subsys/crc/CMakeFiles/subsys__crc.dir/crc32c_sw.c.obj
[quandiso2:ro] [338/404] Building C object CMakeFiles/app.dir/mnt/host/source/src/platform/ec/build/zephyr/quandiso2/modules/ec/common/usbc/usb_tc_drp_acc_trysrc_sm.c.obj
[joxer:rw] [212/404] Building C object zephyr/CMakeFiles/zephyr.dir/subsys/shell/shell_cmds.c.obj
[grogu:ro] [219/337] Building C object zephyr/subsys/crc/CMakeFiles/subsys__crc.dir/crc32_sw.c.obj
[joxer:rw] [213/404] Building C object zephyr/CMakeFiles/zephyr.dir/subsys/shell/shell_history.c.obj
[joxer:rw] [214/404] Building C object zephyr/CMakeFiles/zephyr.dir/subsys/shell/shell_wildcard.c.obj
[quandiso2:ro] [339/404] Building C object CMakeFiles/app.dir/mnt/host/source/src/platform/ec/build/zephyr/quandiso2/modules/ec/common/usbc/usb_prl_sm.c.obj
[grogu:ro] [220/337] Building C object zephyr/subsys/crc/CMakeFiles/subsys__crc.dir/crc32k_4_2_sw.c.obj
[grogu:ro] [221/337] Linking C static library zephyr/subsys/crc/libsubsys__crc.a
[joxer:ro] [194/404] Building C object modules/ec/zephyr/CMakeFiles/ec_shim.dir/shim/chip/it8xxx2/gpio.c.obj
[joxer:ro] [195/404] Building C object modules/ec/zephyr/CMakeFiles/ec_shim.dir/shim/chip/it8xxx2/system.c.obj
[deku:rw] [12/382] Building C object zephyr/CMakeFiles/zephyr.dir/lib/heap/heap.c.obj
[joxer:ro] [196/404] Building C object modules/ec/zephyr/CMakeFiles/ec_shim.dir/shim/src/crc.c.obj
[grogu:ro] [222/337] Building C object zephyr/drivers/interrupt_controller/CMakeFiles/drivers__interrupt_controller.dir/intc_ite_it8xxx2_v2.c.obj
[joxer:rw] [215/404] Building C object zephyr/arch/common/CMakeFiles/arch__common.dir/dynamic_isr.c.obj
[joxer:rw] [216/404] Building C object zephyr/arch/common/CMakeFiles/arch__common.dir/sw_isr_common.c.obj
[joxer:rw] [217/404] Building C object zephyr/CMakeFiles/zephyr.dir/drivers/flash/flash_util.c.obj
[quandiso2:ro] [340/404] Building C object CMakeFiles/app.dir/mnt/host/source/src/platform/ec/build/zephyr/quandiso2/modules/ec/common/usbc/usb_pd_dpm.c.obj
[grogu:ro] [223/337] Building C object zephyr/drivers/interrupt_controller/CMakeFiles/drivers__interrupt_controller.dir/wuc_ite_it8xxx2.c.obj
[joxer:ro] [197/404] Building C object modules/ec/zephyr/CMakeFiles/ec_shim.dir/shim/chip/it8xxx2/keyboard_raw.c.obj
[grogu:ro] [224/337] Linking C static library zephyr/drivers/interrupt_controller/libdrivers__interrupt_controller.a
[joxer:rw] [218/404] Linking C static library zephyr/libzephyr.a
[joxer:ro] [198/404] Building C object modules/ec/zephyr/CMakeFiles/ec_shim.dir/shim/chip/it8xxx2/power_policy.c.obj
[grogu:ro] [225/337] Building C object zephyr/drivers/adc/CMakeFiles/drivers__adc.dir/adc_common.c.obj
[quandiso2:ro] [341/404] Building C object CMakeFiles/app.dir/mnt/host/source/src/platform/ec/build/zephyr/quandiso2/modules/ec/common/usbc/usbc_pd_policy.c.obj
[quandiso2:ro] [342/404] Building C object CMakeFiles/app.dir/mnt/host/source/src/platform/ec/build/zephyr/quandiso2/modules/ec/common/usbc/usb_pe_drp_sm.c.obj
[quandiso2:ro] [343/404] Building C object CMakeFiles/app.dir/mnt/host/source/src/platform/ec/build/zephyr/quandiso2/modules/ec/common/usbc/dp_alt_mode.c.obj
[joxer:ro] [199/404] Building C object modules/ec/zephyr/CMakeFiles/ec_shim.dir/shim/src/console.c.obj
[joxer:rw] [219/404] Building C object zephyr/arch/common/CMakeFiles/arch__common.dir/init.c.obj
[joxer:rw] [220/404] Building C object zephyr/arch/common/CMakeFiles/arch__common.dir/xip.c.obj
[deku:rw] [13/382] Building C object zephyr/CMakeFiles/zephyr.dir/lib/os/cbprintf_packaged.c.obj
[joxer:rw] [221/404] Building C object zephyr/arch/common/CMakeFiles/isr_tables.dir/isr_tables.c.obj
[grogu:ro] [226/337] Building C object zephyr/drivers/console/CMakeFiles/drivers__console.dir/uart_console.c.obj
[grogu:ro] [227/337] Building C object zephyr/drivers/bbram/CMakeFiles/drivers__bbram.dir/bbram_it8xxx2.c.obj
[joxer:rw] [222/404] Linking C static library zephyr/arch/common/libisr_tables.a
[grogu:ro] [228/337] Building C object zephyr/drivers/adc/CMakeFiles/drivers__adc.dir/adc_ite_it8xxx2.c.obj
[quandiso2:ro] [344/404] Building C object CMakeFiles/app.dir/mnt/host/source/src/platform/ec/build/zephyr/quandiso2/modules/ec/common/usb_pd_console_cmd.c.obj
[grogu:ro] [229/337] Linking C static library zephyr/drivers/console/libdrivers__console.a
[joxer:ro] [200/404] Building C object modules/ec/zephyr/CMakeFiles/ec_shim.dir/shim/src/gpio.c.obj
[joxer:ro] [201/404] Building C object modules/ec/zephyr/CMakeFiles/ec_shim.dir/shim/src/gpio_int.c.obj
[grogu:ro] [230/337] Linking C static library zephyr/drivers/bbram/libdrivers__bbram.a
[joxer:ro] [202/404] Building C object modules/ec/zephyr/CMakeFiles/ec_shim.dir/shim/src/panic_utils.c.obj
[joxer:rw] [223/404] Linking C static library zephyr/arch/common/libarch__common.a
[grogu:ro] [231/337] Linking C static library zephyr/drivers/adc/libdrivers__adc.a
[joxer:rw] [224/404] Building C object zephyr/arch/arch/riscv/core/CMakeFiles/arch__riscv__core.dir/cpu_idle.c.obj
[quandiso2:ro] [345/404] Building C object CMakeFiles/app.dir/mnt/host/source/src/platform/ec/build/zephyr/quandiso2/modules/ec/common/usb_pd_host_cmd.c.obj
[joxer:ro] [203/404] Building C object modules/ec/zephyr/CMakeFiles/ec_shim.dir/shim/src/pm_state.c.obj
[quandiso2:ro] [346/404] Building C object CMakeFiles/app.dir/mnt/host/source/src/platform/ec/build/zephyr/quandiso2/modules/ec/common/usbc/usb_pd_host.c.obj
[deku:rw] [14/382] Building C object zephyr/CMakeFiles/zephyr.dir/lib/os/clock.c.obj
[joxer:rw] [225/404] Building C object zephyr/arch/arch/riscv/core/CMakeFiles/arch__riscv__core.dir/fatal.c.obj
[quandiso2:ro] [347/404] Building C object CMakeFiles/app.dir/mnt/host/source/src/platform/ec/build/zephyr/quandiso2/modules/ec/zephyr/shim/src/tcpc.c.obj
[joxer:rw] [226/404] Building C object zephyr/arch/arch/riscv/core/CMakeFiles/arch__riscv__core.dir/prep_c.c.obj
[grogu:ro] [232/337] Building C object zephyr/drivers/crypto/CMakeFiles/drivers__crypto.dir/crypto_it8xxx2_sha_v2.c.obj
[joxer:rw] [227/404] Building C object zephyr/arch/arch/riscv/core/CMakeFiles/arch__riscv__core.dir/irq_manage.c.obj
[grogu:ro] [233/337] Building C object zephyr/drivers/flash/CMakeFiles/drivers__flash.dir/flash_ite_it8xxx2.c.obj
[joxer:ro] [204/404] Building C object modules/ec/zephyr/CMakeFiles/ec_shim.dir/shim/src/cbi/cros_cbi.c.obj
[grogu:ro] [234/337] Linking C static library zephyr/drivers/crypto/libdrivers__crypto.a
[grogu:ro] [235/337] Linking C static library zephyr/drivers/flash/libdrivers__flash.a
[joxer:ro] [205/404] Building C object modules/ec/zephyr/CMakeFiles/ec_shim.dir/shim/src/cbi/cbi_eeprom.c.obj
[quandiso2:ro] [348/404] Building C object CMakeFiles/app.dir/mnt/host/source/src/platform/ec/build/zephyr/quandiso2/modules/ec/common/usb_pd_host_cmd_common.c.obj
[joxer:ro] [206/404] Building C object modules/ec/zephyr/CMakeFiles/ec_shim.dir/shim/src/cbi/cros_cbi_fw_config.c.obj
[quandiso2:ro] [349/404] Building C object CMakeFiles/app.dir/mnt/host/source/src/platform/ec/build/zephyr/quandiso2/modules/ec/common/usbc/svdm_rsp_dfp_only.c.obj
[joxer:rw] [228/404] Building ASM object zephyr/arch/arch/riscv/core/CMakeFiles/arch__riscv__core.dir/reset.S.obj
[joxer:rw] [229/404] Building C object zephyr/arch/arch/riscv/core/CMakeFiles/arch__riscv__core.dir/reboot.c.obj
[deku:rw] [15/382] Building C object zephyr/CMakeFiles/zephyr.dir/lib/os/printk.c.obj
[quandiso2:ro] [350/404] Building C object CMakeFiles/app.dir/mnt/host/source/src/platform/ec/build/zephyr/quandiso2/modules/ec/common/usbc_ocp.c.obj
[joxer:ro] [207/404] Building C object modules/ec/zephyr/CMakeFiles/ec_shim.dir/shim/src/system.c.obj
[grogu:ro] [236/337] Building C object zephyr/drivers/i2c/CMakeFiles/drivers__i2c.dir/i2c_common.c.obj
[joxer:rw] [230/404] Building ASM object zephyr/arch/arch/riscv/core/CMakeFiles/arch__riscv__core.dir/switch.S.obj
[quandiso2:ro] [351/404] Building C object CMakeFiles/app.dir/mnt/host/source/src/platform/ec/build/zephyr/quandiso2/modules/ec/common/usb_pd_discovery.c.obj
[grogu:ro] [237/337] Building C object zephyr/drivers/i2c/CMakeFiles/drivers__i2c.dir/i2c_bitbang.c.obj
[joxer:ro] [208/404] Building C object modules/ec/zephyr/CMakeFiles/ec_shim.dir/shim/src/battery.c.obj
[joxer:ro] [209/404] Building C object modules/ec/zephyr/CMakeFiles/ec_shim.dir/shim/src/adc.c.obj
[grogu:ro] [238/337] Building C object zephyr/drivers/gpio/CMakeFiles/drivers__gpio.dir/gpio_ite_it8xxx2_v2.c.obj
[joxer:ro] [210/404] Building C object modules/ec/zephyr/CMakeFiles/ec_shim.dir/shim/src/charger.c.obj
[quandiso2:ro] [352/404] Building C object CMakeFiles/app.dir/mnt/host/source/src/platform/ec/build/zephyr/quandiso2/modules/ec/common/usb_pd_dual_role.c.obj
[grogu:ro] [239/337] Linking C static library zephyr/drivers/gpio/libdrivers__gpio.a
[joxer:rw] [231/404] Building ASM object zephyr/arch/arch/riscv/core/CMakeFiles/arch__riscv__core.dir/isr.S.obj
[joxer:rw] [232/404] Building C object zephyr/arch/arch/riscv/core/CMakeFiles/arch__riscv__core.dir/thread.c.obj
[deku:rw] [16/382] Building C object zephyr/CMakeFiles/zephyr.dir/lib/os/sem.c.obj
[joxer:rw] [233/404] Generating ../../../include/generated/libc/minimal/strerror_table.h
[quandiso2:ro] [353/404] Building C object CMakeFiles/app.dir/mnt/host/source/src/platform/ec/build/zephyr/quandiso2/modules/ec/driver/tcpm/ps8xxx.c.obj
[joxer:rw] [234/404] Building C object zephyr/arch/arch/riscv/core/CMakeFiles/arch__riscv__core.dir/stacktrace.c.obj
[joxer:rw] [235/404] Building C object zephyr/lib/libc/minimal/CMakeFiles/lib__libc__minimal.dir/source/stdlib/atoi.c.obj
[joxer:rw] [236/404] Linking C static library zephyr/arch/arch/riscv/core/libarch__riscv__core.a
[joxer:ro] [211/404] Building C object modules/ec/zephyr/CMakeFiles/ec_shim.dir/shim/src/chipset_api.c.obj
[grogu:ro] [240/337] Building C object zephyr/drivers/i2c/CMakeFiles/drivers__i2c.dir/i2c_shell.c.obj
[grogu:ro] [241/337] Building C object zephyr/drivers/pinctrl/CMakeFiles/drivers__pinctrl.dir/common.c.obj
[joxer:rw] [237/404] Building C object zephyr/lib/libc/minimal/CMakeFiles/lib__libc__minimal.dir/source/stdlib/strtol.c.obj
[quandiso2:ro] [354/404] Building C object CMakeFiles/app.dir/mnt/host/source/src/platform/ec/build/zephyr/quandiso2/modules/ec/driver/tcpm/ite_pd_intc.c.obj
[quandiso2:ro] [355/404] Building C object CMakeFiles/app.dir/mnt/host/source/src/platform/ec/build/zephyr/quandiso2/modules/ec/driver/tcpm/tcpci.c.obj
[joxer:rw] [238/404] Building C object zephyr/lib/libc/minimal/CMakeFiles/lib__libc__minimal.dir/source/stdlib/strtoul.c.obj
[joxer:rw] [239/404] Building C object zephyr/lib/libc/common/CMakeFiles/lib__libc__common.dir/source/stdlib/abort.c.obj
[grogu:ro] [242/337] Building C object zephyr/drivers/i2c/CMakeFiles/drivers__i2c.dir/i2c_ite_enhance.c.obj
[joxer:ro] [212/404] Building C object modules/ec/zephyr/CMakeFiles/ec_shim.dir/shim/src/espi.c.obj
[/mnt/host/source/src/platform/ec/build/zephyr/spikyrock-lcov]   /mnt/host/source/src/platform/ec/build/zephyr/spikyrock/build-rw/modules/ec/zephyr/CMakeFiles/ec_shim.dir/shim/src/keyscan.c.gcno:no functions found
[/mnt/host/source/src/platform/ec/build/zephyr/spikyrock-lcov] stderr:
[grogu:ro] [243/337] Linking C static library zephyr/drivers/i2c/libdrivers__i2c.a
[joxer:rw] [240/404] Building C object zephyr/lib/libc/minimal/CMakeFiles/lib__libc__minimal.dir/source/stdlib/strtoll.c.obj
[deku:rw] [17/382] Building C object zephyr/CMakeFiles/zephyr.dir/lib/os/thread_entry.c.obj
[joxer:rw] [241/404] Building C object zephyr/lib/libc/minimal/CMakeFiles/lib__libc__minimal.dir/source/stdlib/strtoull.c.obj
[joxer:ro] [213/404] Building C object modules/ec/zephyr/CMakeFiles/ec_shim.dir/shim/src/flash.c.obj
[quandiso2:ro] [356/404] Building C object CMakeFiles/app.dir/mnt/host/source/src/platform/ec/build/zephyr/quandiso2/modules/ec/driver/tcpm/it8xxx2.c.obj
[joxer:rw] [242/404] Building C object zephyr/lib/libc/minimal/CMakeFiles/lib__libc__minimal.dir/source/stdlib/bsearch.c.obj
[joxer:ro] [214/404] Building C object modules/ec/zephyr/CMakeFiles/ec_shim.dir/shim/src/fan.c.obj
[quandiso2:ro] [357/404] Building C object CMakeFiles/app.dir/mnt/host/source/src/platform/ec/build/zephyr/quandiso2/modules/ec/common/vboot_hash.c.obj
[grogu:ro] [244/337] Building C object zephyr/drivers/pwm/CMakeFiles/drivers__pwm.dir/pwm_shell.c.obj
[joxer:rw] [243/404] Building C object zephyr/lib/libc/minimal/CMakeFiles/lib__libc__minimal.dir/source/stdlib/qsort.c.obj
[joxer:rw] [244/404] Building C object zephyr/lib/libc/minimal/CMakeFiles/lib__libc__minimal.dir/source/string/strerror.c.obj
[joxer:rw] [245/404] Building C object zephyr/lib/libc/minimal/CMakeFiles/lib__libc__minimal.dir/source/string/strncasecmp.c.obj
[joxer:rw] [246/404] Building C object zephyr/lib/libc/minimal/CMakeFiles/lib__libc__minimal.dir/source/string/strstr.c.obj
[grogu:ro] [245/337] Building C object zephyr/drivers/pinctrl/CMakeFiles/drivers__pinctrl.dir/pinctrl_ite_it8xxx2.c.obj
[grogu:ro] [246/337] Building C object zephyr/drivers/pwm/CMakeFiles/drivers__pwm.dir/pwm_ite_it8xxx2.c.obj
[joxer:ro] [215/404] Building C object modules/ec/zephyr/CMakeFiles/ec_shim.dir/shim/src/hooks.c.obj
[deku:rw] [18/382] Building C object zephyr/CMakeFiles/zephyr.dir/lib/os/cbprintf_nano.c.obj
[quandiso2:ro] [358/404] Building C object CMakeFiles/app.dir/mnt/host/source/src/platform/ec/build/zephyr/quandiso2/modules/ec/common/button.c.obj
[grogu:ro] [247/337] Linking C static library zephyr/drivers/pinctrl/libdrivers__pinctrl.a
[/mnt/host/source/src/platform/ec/build/zephyr/spikyrock-lcov]   /mnt/host/source/src/platform/ec/build/zephyr/spikyrock/build-rw/zephyr/arch/arch/riscv/core/CMakeFiles/arch__riscv__core.dir/cpu_idle.c.gcno:no functions found
[/mnt/host/source/src/platform/ec/build/zephyr/spikyrock-lcov] stderr:
[joxer:rw] [247/404] Building C object zephyr/lib/libc/minimal/CMakeFiles/lib__libc__minimal.dir/source/stdlib/exit.c.obj
[grogu:ro] [248/337] Linking C static library zephyr/drivers/pwm/libdrivers__pwm.a
[joxer:ro] [216/404] Building C object modules/ec/zephyr/CMakeFiles/ec_shim.dir/shim/src/console_buffer.c.obj
[joxer:rw] [248/404] Building C object zephyr/lib/libc/minimal/CMakeFiles/lib__libc__minimal.dir/source/string/string.c.obj
[joxer:ro] [217/404] Building C object modules/ec/zephyr/CMakeFiles/ec_shim.dir/shim/src/host_command.c.obj
[joxer:rw] [249/404] Building C object zephyr/lib/libc/minimal/CMakeFiles/lib__libc__minimal.dir/source/string/strspn.c.obj
[quandiso2:ro] [359/404] Building C object CMakeFiles/app.dir/mnt/host/source/src/platform/ec/build/zephyr/quandiso2/modules/ec/common/vboot/efs2.c.obj
[grogu:ro] [249/337] Building C object zephyr/drivers/syscon/CMakeFiles/drivers__syscon.dir/mnt/host/source/src/third_party/zephyr/main/misc/empty_file.c.obj
[quandiso2:ro] [360/404] Building C object CMakeFiles/app.dir/mnt/host/source/src/platform/ec/build/zephyr/quandiso2/modules/ec/common/vstore.c.obj
[grogu:ro] [250/337] Linking C static library zephyr/drivers/syscon/libdrivers__syscon.a
[joxer:ro] [218/404] Building C object modules/ec/zephyr/CMakeFiles/ec_shim.dir/shim/src/keyboard_raw.c.obj
[quandiso2:ro] [361/404] Building C object CMakeFiles/app.dir/mnt/host/source/src/platform/ec/build/zephyr/quandiso2/modules/ec/common/math_util.c.obj
[grogu:ro] [251/337] Building C object zephyr/drivers/serial/CMakeFiles/drivers__serial.dir/uart_ite_it8xxx2.c.obj
[deku:rw] [19/382] Building C object zephyr/CMakeFiles/zephyr.dir/lib/os/cbprintf.c.obj
[joxer:ro] [219/404] Building C object modules/ec/zephyr/CMakeFiles/ec_shim.dir/shim/src/mkbp_event.c.obj
[joxer:rw] [250/404] Building C object zephyr/lib/libc/minimal/CMakeFiles/lib__libc__minimal.dir/source/stdout/stdout_console.c.obj
[joxer:rw] [251/404] Building C object zephyr/lib/libc/minimal/CMakeFiles/lib__libc__minimal.dir/source/stdout/fprintf.c.obj
[quandiso2:ro] [362/404] Building C object CMakeFiles/app.dir/src/common.c.obj
[joxer:rw] [252/404] Building C object zephyr/lib/libc/minimal/CMakeFiles/lib__libc__minimal.dir/source/stdout/sprintf.c.obj
[joxer:ro] [220/404] Building C object modules/ec/zephyr/CMakeFiles/ec_shim.dir/shim/src/panic.c.obj
[grogu:ro] [252/337] Building C object zephyr/drivers/serial/CMakeFiles/drivers__serial.dir/uart_ns16550.c.obj
[grogu:ro] [253/337] Building C object zephyr/drivers/timer/CMakeFiles/drivers__timer.dir/sys_clock_init.c.obj
[grogu:ro] [254/337] Linking C static library zephyr/drivers/serial/libdrivers__serial.a
[joxer:rw] [253/404] Building C object zephyr/lib/libc/minimal/CMakeFiles/lib__libc__minimal.dir/source/math/sqrtf.c.obj
[quandiso2:ro] [363/404] Building C object CMakeFiles/app.dir/src/board_power.c.obj
[quandiso2:ro] [364/404] Building C object CMakeFiles/app.dir/quandiso2/src/board.c.obj
[joxer:ro] [221/404] Building C object modules/ec/zephyr/CMakeFiles/ec_shim.dir/shim/src/motionsense_sensors.c.obj
[/mnt/host/source/src/platform/ec/build/zephyr/spikyrock-lcov]   /mnt/host/source/src/platform/ec/build/zephyr/spikyrock/build-rw/zephyr/arch/common/CMakeFiles/isr_tables.dir/isr_tables.c.gcno:no functions found
[/mnt/host/source/src/platform/ec/build/zephyr/spikyrock-lcov] stderr:
[joxer:ro] [222/404] Building C object modules/ec/zephyr/CMakeFiles/ec_shim.dir/shim/src/pwm_hc.c.obj
[joxer:rw] [254/404] Building C object zephyr/lib/libc/minimal/CMakeFiles/lib__libc__minimal.dir/source/math/sqrt.c.obj
[grogu:ro] [255/337] Building C object zephyr/drivers/timer/CMakeFiles/drivers__timer.dir/ite_it8xxx2_timer.c.obj
[joxer:rw] [255/404] Building C object zephyr/lib/libc/common/CMakeFiles/lib__libc__common.dir/source/time/asctime.c.obj
[grogu:ro] [256/337] Linking C static library zephyr/drivers/timer/libdrivers__timer.a
[deku:rw] [20/382] Building C object zephyr/CMakeFiles/zephyr.dir/lib/os/assert.c.obj
[joxer:rw] [256/404] Building C object zephyr/lib/libc/common/CMakeFiles/lib__libc__common.dir/source/time/gmtime_r.c.obj
[quandiso2:ro] [365/404] Building C object CMakeFiles/app.dir/quandiso2/src/sub_board.c.obj
[joxer:rw] [257/404] Building C object zephyr/lib/libc/common/CMakeFiles/lib__libc__common.dir/source/time/localtime_r_utc.c.obj
[joxer:rw] [258/404] Building C object zephyr/lib/libc/common/CMakeFiles/lib__libc__common.dir/source/time/ctime.c.obj
[deku:rw] [21/382] Building C object zephyr/CMakeFiles/zephyr.dir/lib/utils/dec.c.obj
[joxer:rw] [259/404] Building C object zephyr/lib/libc/minimal/CMakeFiles/lib__libc__minimal.dir/source/time/gmtime.c.obj
[quandiso2:ro] [366/404] Building C object CMakeFiles/app.dir/quandiso2/src/keyboard.c.obj
[joxer:ro] [223/404] Building C object modules/ec/zephyr/CMakeFiles/ec_shim.dir/shim/src/temp_sensors.c.obj
[joxer:ro] [224/404] Building C object modules/ec/zephyr/CMakeFiles/ec_shim.dir/shim/src/thermal.c.obj
[grogu:ro] [257/337] Building C object zephyr/drivers/watchdog/CMakeFiles/drivers__watchdog.dir/wdt_shell.c.obj
[grogu:ro] [258/337] Building C object zephyr/drivers/watchdog/CMakeFiles/drivers__watchdog.dir/wdt_ite_it8xxx2.c.obj
[joxer:rw] [260/404] Linking C static library zephyr/lib/libc/minimal/liblib__libc__minimal.a
[grogu:ro] [259/337] Linking C static library zephyr/drivers/watchdog/libdrivers__watchdog.a
[deku:rw] [22/382] Building C object zephyr/CMakeFiles/zephyr.dir/lib/utils/hex.c.obj
[quandiso2:ro] [367/404] Building C object CMakeFiles/app.dir/quandiso2/src/led.c.obj
[joxer:ro] [225/404] Building C object modules/ec/zephyr/CMakeFiles/ec_shim.dir/shim/src/hwtimer.c.obj
[quandiso2:ro] [368/404] Building C object CMakeFiles/app.dir/quandiso2/src/thermal.c.obj
[joxer:rw] [261/404] Building C object zephyr/lib/libc/common/CMakeFiles/lib__libc__common.dir/source/string/strnlen.c.obj
[joxer:rw] [262/404] Building C object zephyr/lib/libc/common/CMakeFiles/lib__libc__common.dir/source/time/time.c.obj
[quandiso2:ro] [369/404] Linking C static library modules/ec/zephyr/libec_shim.a
[joxer:ro] [226/404] Building C object modules/ec/zephyr/CMakeFiles/ec_shim.dir/shim/src/i2c.c.obj
[joxer:rw] [263/404] Building C object zephyr/lib/posix/c_lib_ext/CMakeFiles/lib__posix__c_lib_ext.dir/fnmatch.c.obj
[grogu:ro] [260/337] Building C object modules/ec/zephyr/CMakeFiles/ec_shim.dir/app/ec/ec_app_main.c.obj
[quandiso2:ro] [370/404] Building C object CMakeFiles/app.dir/quandiso2/src/charger.c.obj
[joxer:rw] [264/404] Building C object zephyr/lib/libc/common/CMakeFiles/lib__libc__common.dir/source/stdlib/malloc.c.obj
[joxer:rw] [265/404] Linking C static library zephyr/lib/libc/common/liblib__libc__common.a
[grogu:ro] [261/337] Building C object modules/ec/zephyr/CMakeFiles/ec_shim.dir/app/ec/main_shim.c.obj
[deku:rw] [23/382] Building C object zephyr/CMakeFiles/zephyr.dir/lib/utils/rb.c.obj
[joxer:rw] [266/404] Building C object zephyr/lib/posix/c_lib_ext/CMakeFiles/lib__posix__c_lib_ext.dir/getentropy.c.obj
[quandiso2:ro] [371/404] Building C object CMakeFiles/app.dir/quandiso2/src/fan.c.obj
[joxer:ro] [227/404] Building C object modules/ec/zephyr/CMakeFiles/ec_shim.dir/shim/src/watchdog.c.obj
[quandiso2:ro] [372/404] Building C object zephyr/kernel/CMakeFiles/kernel.dir/banner.c.obj
[joxer:ro] [228/404] Building C object modules/ec/zephyr/CMakeFiles/ec_shim.dir/shim/src/tasks.c.obj
[joxer:ro] [229/404] Building C object modules/ec/zephyr/CMakeFiles/ec_shim.dir/shim/src/usba.c.obj
[joxer:rw] [267/404] Building C object zephyr/subsys/crc/CMakeFiles/subsys__crc.dir/crc4_sw.c.obj
[joxer:ro] [230/404] cd /mnt/host/source/src/platform/ec/build/zephyr/joxer/build-ro/modules/ec/zephyr && PYTHONPATH=/mnt/host/source/src/platform/ec/build/zephyr/joxer/modules/ec/zephyr/zmake/ /usr/bin/python3.11 /mnt/host/source/src/platform/ec/build/zephyr/joxer/modules/ec/zephyr/zmake/zephyr_build_tools/generate_ec_version.py /mnt/host/source/src/platform/ec/build/zephyr/joxer/build-ro/modules/ec/zephyr/include/ec_version.h --name Zephyr-Kernel --version 16543.0.0 --static
[joxer:rw] [268/404] Building C object zephyr/subsys/crc/CMakeFiles/subsys__crc.dir/crc8_sw.c.obj
[joxer:rw] [269/404] Building C object zephyr/lib/posix/c_lib_ext/CMakeFiles/lib__posix__c_lib_ext.dir/getopt_shim.c.obj
[grogu:ro] [262/337] Building C object modules/ec/zephyr/CMakeFiles/ec_shim.dir/drivers/cros_flash/cros_flash_it8xxx2.c.obj
[quandiso2:ro] [373/404] Building C object CMakeFiles/app.dir/quandiso2/src/usbc.c.obj
[deku:rw] [24/382] Building C object zephyr/CMakeFiles/zephyr.dir/lib/utils/timeutil.c.obj
[joxer:rw] [270/404] Building C object zephyr/subsys/crc/CMakeFiles/subsys__crc.dir/crc16_sw.c.obj
[joxer:rw] [271/404] Linking C static library zephyr/lib/posix/c_lib_ext/liblib__posix__c_lib_ext.a
[joxer:ro] INFO:root:Using a static version string
[joxer:ro] INFO:root:Version string: Zephyr-Kernel-16543.0.0
[joxer:ro] INFO:root:Writing header to /mnt/host/source/src/platform/ec/build/zephyr/joxer/build-ro/modules/ec/zephyr/include/ec_version.h
[joxer:ro] [231/404] Building C object modules/ec/zephyr/CMakeFiles/ec_shim.dir/shim/src/power_host_sleep_api.c.obj
[joxer:rw] [272/404] Building C object zephyr/subsys/crc/CMakeFiles/subsys__crc.dir/crc7_sw.c.obj
[quandiso2:ro] [374/404] Building C object zephyr/kernel/CMakeFiles/kernel.dir/busy_wait.c.obj
[joxer:rw] [273/404] Building C object zephyr/subsys/crc/CMakeFiles/subsys__crc.dir/crc24_sw.c.obj
[joxer:rw] [274/404] Building C object zephyr/subsys/crc/CMakeFiles/subsys__crc.dir/crc32c_sw.c.obj
[joxer:rw] [275/404] Building C object zephyr/subsys/crc/CMakeFiles/subsys__crc.dir/crc32_sw.c.obj
[quandiso2:ro] [375/404] Linking C static library app/libapp.a
[joxer:rw] [276/404] Building C object zephyr/subsys/crc/CMakeFiles/subsys__crc.dir/crc32k_4_2_sw.c.obj
[quandiso2:ro] [376/404] Building C object zephyr/kernel/CMakeFiles/kernel.dir/device.c.obj
[grogu:ro] [263/337] Building C object modules/ec/zephyr/CMakeFiles/ec_shim.dir/drivers/cros_kb_raw/cros_kb_raw_ite.c.obj
[joxer:rw] [277/404] Linking C static library zephyr/subsys/crc/libsubsys__crc.a
[grogu:ro] [264/337] Building C object modules/ec/zephyr/CMakeFiles/ec_shim.dir/drivers/cros_system/cros_system_it8xxx2.c.obj
[joxer:ro] [232/404] Building C object zephyr/kernel/CMakeFiles/kernel.dir/main_weak.c.obj
[quandiso2:ro] [377/404] Building C object zephyr/kernel/CMakeFiles/kernel.dir/errno.c.obj
[joxer:ro] [233/404] Building C object CMakeFiles/app.dir/mnt/host/source/src/platform/ec/zephyr/subsys/ap_pwrseq/ap_events.c.obj
[joxer:ro] [234/404] Building C object modules/ec/zephyr/CMakeFiles/ec_shim.dir/shim/src/usb_muxes.c.obj
[joxer:rw] [278/404] Building C object zephyr/drivers/interrupt_controller/CMakeFiles/drivers__interrupt_controller.dir/intc_ite_it8xxx2.c.obj
[deku:rw] [25/382] Building C object zephyr/CMakeFiles/zephyr.dir/lib/utils/bitarray.c.obj
[quandiso2:ro] [378/404] Building C object zephyr/kernel/CMakeFiles/kernel.dir/fatal.c.obj
[grogu:ro] [265/337] Building C object modules/ec/zephyr/CMakeFiles/ec_shim.dir/drivers/usbc/ucsi_v3.c.obj
[quandiso2:ro] [379/404] Building C object zephyr/kernel/CMakeFiles/kernel.dir/init.c.obj
[joxer:ro] [235/404] Building C object CMakeFiles/app.dir/mnt/host/source/src/platform/ec/zephyr/subsys/ap_pwrseq/ap_power_interface.c.obj
[joxer:rw] [279/404] Building C object zephyr/drivers/interrupt_controller/CMakeFiles/drivers__interrupt_controller.dir/wuc_ite_it8xxx2.c.obj
[quandiso2:ro] [380/404] Building C object zephyr/kernel/CMakeFiles/kernel.dir/kheap.c.obj
[joxer:rw] [280/404] Linking C static library zephyr/drivers/interrupt_controller/libdrivers__interrupt_controller.a
[grogu:ro] [266/337] Building C object modules/ec/zephyr/CMakeFiles/ec_shim.dir/shim/chip/it8xxx2/clock.c.obj
[deku:rw] [26/382] Building C object zephyr/CMakeFiles/zephyr.dir/lib/utils/bitmask.c.obj
[quandiso2:ro] [381/404] Building C object zephyr/kernel/CMakeFiles/kernel.dir/version.c.obj
[joxer:rw] [281/404] Building C object zephyr/drivers/adc/CMakeFiles/drivers__adc.dir/adc_common.c.obj
[joxer:ro] [236/404] Building C object CMakeFiles/app.dir/mnt/host/source/src/platform/ec/zephyr/subsys/ap_pwrseq/power_signals.c.obj
[quandiso2:ro] [382/404] Building C object zephyr/kernel/CMakeFiles/kernel.dir/mem_slab.c.obj
[joxer:ro] [237/404] Building C object CMakeFiles/app.dir/mnt/host/source/src/platform/ec/zephyr/subsys/ap_pwrseq/signal_gpio.c.obj
[joxer:ro] [238/404] Building C object CMakeFiles/app.dir/mnt/host/source/src/platform/ec/zephyr/subsys/ap_pwrseq/signal_vw.c.obj
[quandiso2:ro] [383/404] Building C object zephyr/kernel/CMakeFiles/kernel.dir/float.c.obj
[grogu:ro] [267/337] Building C object modules/ec/zephyr/CMakeFiles/ec_shim.dir/drivers/usbc/pdc_rts54xx.c.obj
[joxer:rw] [282/404] Building C object zephyr/drivers/adc/CMakeFiles/drivers__adc.dir/adc_ite_it8xxx2.c.obj
[joxer:rw] [283/404] Building C object zephyr/drivers/bbram/CMakeFiles/drivers__bbram.dir/bbram_it8xxx2.c.obj
[joxer:rw] [284/404] Building C object zephyr/drivers/console/CMakeFiles/drivers__console.dir/uart_console.c.obj
[joxer:rw] [285/404] Linking C static library zephyr/drivers/adc/libdrivers__adc.a
[quandiso2:ro] [384/404] Building C object zephyr/kernel/CMakeFiles/kernel.dir/idle.c.obj
[joxer:rw] [286/404] Linking C static library zephyr/drivers/bbram/libdrivers__bbram.a
[joxer:rw] [287/404] Linking C static library zephyr/drivers/console/libdrivers__console.a
[quandiso2:ro] [385/404] Building C object zephyr/kernel/CMakeFiles/kernel.dir/mailbox.c.obj
[joxer:ro] [239/404] Building C object CMakeFiles/app.dir/mnt/host/source/src/platform/ec/zephyr/subsys/ap_pwrseq/signal_adc.c.obj
[deku:rw] [27/382] Building C object zephyr/CMakeFiles/zephyr.dir/lib/utils/getopt/getopt.c.obj
[grogu:ro] [268/337] Building C object modules/ec/zephyr/CMakeFiles/ec_shim.dir/shim/chip/it8xxx2/system.c.obj
[/mnt/host/source/src/platform/ec/build/zephyr/spikyrock-lcov]   /mnt/host/source/src/platform/ec/build/zephyr/spikyrock/build-rw/zephyr/CMakeFiles/zephyr.dir/subsys/shell/modules/kernel_service/kernel_shell.c.gcno:no functions found
[/mnt/host/source/src/platform/ec/build/zephyr/spikyrock-lcov] stderr:
[quandiso2:ro] [386/404] Building C object zephyr/kernel/CMakeFiles/kernel.dir/msg_q.c.obj
[grogu:ro] [269/337] Building C object modules/ec/zephyr/CMakeFiles/ec_shim.dir/shim/chip/it8xxx2/gpio.c.obj
[joxer:ro] [240/404] Building C object CMakeFiles/app.dir/mnt/host/source/src/platform/ec/zephyr/subsys/ap_pwrseq/power_host_sleep.c.obj
[/mnt/host/source/src/platform/ec/build/zephyr/spikyrock-lcov]   /mnt/host/source/src/platform/ec/build/zephyr/spikyrock/build-rw/zephyr/CMakeFiles/zephyr.dir/lib/libc/validate_libc.c.gcno:no functions found
[/mnt/host/source/src/platform/ec/build/zephyr/spikyrock-lcov] stderr:
[grogu:ro] [270/337] Building C object modules/ec/zephyr/CMakeFiles/ec_shim.dir/shim/chip/it8xxx2/keyboard_raw.c.obj
[quandiso2:ro] [387/404] Building C object zephyr/kernel/CMakeFiles/kernel.dir/mutex.c.obj
[quandiso2:ro] [388/404] Building C object zephyr/kernel/CMakeFiles/kernel.dir/queue.c.obj
[joxer:rw] [288/404] Building C object zephyr/drivers/eeprom/CMakeFiles/drivers__eeprom.dir/eeprom_shell.c.obj
[joxer:ro] [241/404] Building C object CMakeFiles/app.dir/mnt/host/source/src/platform/ec/zephyr/subsys/ap_pwrseq/x86_non_dsx_chipset_power_state.c.obj
[joxer:ro] [242/404] Building C object CMakeFiles/app.dir/mnt/host/source/src/platform/ec/zephyr/subsys/ap_pwrseq/x86_non_dsx_common_pwrseq_sm_handler.c.obj
[joxer:rw] [289/404] Building C object zephyr/drivers/eeprom/CMakeFiles/drivers__eeprom.dir/eeprom_at2x.c.obj
[quandiso2:ro] [389/404] Building C object zephyr/kernel/CMakeFiles/kernel.dir/sem.c.obj
[deku:rw] [28/382] Building C object zephyr/CMakeFiles/zephyr.dir/lib/utils/getopt/getopt_common.c.obj
[joxer:rw] [290/404] Linking C static library zephyr/drivers/eeprom/libdrivers__eeprom.a
[joxer:rw] [291/404] Building C object zephyr/drivers/espi/CMakeFiles/drivers__espi.dir/espi_it8xxx2.c.obj
[quandiso2:ro] [390/404] Building C object zephyr/kernel/CMakeFiles/kernel.dir/stack.c.obj
[grogu:ro] [271/337] Building C object modules/ec/zephyr/CMakeFiles/ec_shim.dir/shim/chip/it8xxx2/power_policy.c.obj
[joxer:ro] [243/404] Building C object CMakeFiles/app.dir/mnt/host/source/src/platform/ec/zephyr/subsys/ap_pwrseq/x86_non_dsx_common_pwrseq_host_sleep.c.obj
[joxer:rw] [292/404] Linking C static library zephyr/drivers/espi/libdrivers__espi.a
[grogu:ro] [272/337] Building C object modules/ec/zephyr/CMakeFiles/ec_shim.dir/shim/src/crc.c.obj
[deku:rw] [29/382] Building C object zephyr/CMakeFiles/zephyr.dir/lib/utils/ring_buffer.c.obj
[joxer:ro] [244/404] Building C object CMakeFiles/app.dir/mnt/host/source/src/platform/ec/zephyr/subsys/ap_pwrseq/x86_non_dsx_common_pwrseq_console.c.obj
[grogu:ro] [273/337] Building C object modules/ec/zephyr/CMakeFiles/ec_shim.dir/shim/chip/it8xxx2/shi.c.obj
[quandiso2:ro] [391/404] Building C object zephyr/kernel/CMakeFiles/kernel.dir/system_work_q.c.obj
[quandiso2:ro] [392/404] Building C object zephyr/kernel/CMakeFiles/kernel.dir/work.c.obj
[deku:rw] [30/382] Building C object zephyr/CMakeFiles/zephyr.dir/lib/utils/last_section_id.c.obj
[joxer:rw] [293/404] Building C object zephyr/drivers/flash/CMakeFiles/drivers__flash.dir/flash_ite_it8xxx2.c.obj
[grogu:ro] [274/337] Building C object modules/ec/zephyr/CMakeFiles/ec_shim.dir/shim/src/console.c.obj
[quandiso2:ro] [393/404] Building C object zephyr/kernel/CMakeFiles/kernel.dir/condvar.c.obj
[joxer:rw] [294/404] Linking C static library zephyr/drivers/flash/libdrivers__flash.a
[deku:rw] [31/382] Building C object zephyr/CMakeFiles/zephyr.dir/misc/generated/configs.c.obj
[joxer:ro] [245/404] Building C object CMakeFiles/app.dir/mnt/host/source/src/platform/ec/zephyr/subsys/ap_pwrseq/x86_non_dsx_common_pwrseq_host_command.c.obj
[quandiso2:ro] [394/404] Building C object zephyr/kernel/CMakeFiles/kernel.dir/thread.c.obj
[joxer:ro] [246/404] Building C object CMakeFiles/app.dir/mnt/host/source/src/platform/ec/zephyr/subsys/ap_pwrseq/x86_non_dsx_adlp_pwrseq_sm.c.obj
[/mnt/host/source/src/platform/ec/build/zephyr/spikyrock-lcov]   /mnt/host/source/src/platform/ec/build/zephyr/spikyrock/build-rw/zephyr/CMakeFiles/zephyr.dir/lib/utils/last_section_id.c.gcno:no functions found
[/mnt/host/source/src/platform/ec/build/zephyr/spikyrock-lcov] stderr:
[joxer:rw] [295/404] Building C object zephyr/drivers/gpio/CMakeFiles/drivers__gpio.dir/gpio_kscan_ite_it8xxx2.c.obj
[joxer:rw] [296/404] Building C object zephyr/drivers/gpio/CMakeFiles/drivers__gpio.dir/gpio_ite_it8xxx2.c.obj
[joxer:ro] [247/404] Building C object CMakeFiles/app.dir/mnt/host/source/src/platform/ec/zephyr/subsys/ap_pwrseq/ap_reset_log.c.obj
[joxer:rw] [297/404] Linking C static library zephyr/drivers/gpio/libdrivers__gpio.a
[quandiso2:ro] [395/404] Building C object zephyr/kernel/CMakeFiles/kernel.dir/pipe.c.obj
[joxer:ro] [248/404] Building C object CMakeFiles/app.dir/mnt/host/source/src/platform/ec/build/zephyr/joxer/modules/ec/builtin/stdlib.c.obj
[grogu:ro] [275/337] Building C object modules/ec/zephyr/CMakeFiles/ec_shim.dir/shim/src/gpio_int.c.obj
[quandiso2:ro] [396/404] Building C object zephyr/kernel/CMakeFiles/kernel.dir/thread_monitor.c.obj
[grogu:ro] [276/337] Building C object modules/ec/zephyr/CMakeFiles/ec_shim.dir/shim/src/panic_utils.c.obj
[quandiso2:ro] [397/404] Building C object zephyr/kernel/CMakeFiles/kernel.dir/sched.c.obj
[grogu:ro] [277/337] Building C object modules/ec/zephyr/CMakeFiles/ec_shim.dir/shim/src/gpio.c.obj
[quandiso2:ro] [398/404] Building C object zephyr/kernel/CMakeFiles/kernel.dir/timeout.c.obj
[joxer:rw] [298/404] Building C object zephyr/drivers/i2c/CMakeFiles/drivers__i2c.dir/i2c_common.c.obj
[joxer:ro] [249/404] Building C object CMakeFiles/app.dir/mnt/host/source/src/platform/ec/build/zephyr/joxer/modules/ec/common/console_output.c.obj
[deku:rw] [32/382] Building C object zephyr/CMakeFiles/zephyr.dir/soc/nuvoton/npcx/common/power.c.obj
[joxer:ro] [250/404] Building C object CMakeFiles/app.dir/mnt/host/source/src/platform/ec/build/zephyr/joxer/modules/ec/common/base32.c.obj
[joxer:rw] [299/404] Building C object zephyr/drivers/i2c/CMakeFiles/drivers__i2c.dir/i2c_bitbang.c.obj
[quandiso2:ro] [399/404] Building C object zephyr/kernel/CMakeFiles/kernel.dir/timer.c.obj
[joxer:rw] [300/404] Building C object zephyr/drivers/i2c/CMakeFiles/drivers__i2c.dir/i2c_shell.c.obj
[quandiso2:ro] [400/404] Building C object zephyr/kernel/CMakeFiles/kernel.dir/poll.c.obj
[grogu:ro] [278/337] Building C object modules/ec/zephyr/CMakeFiles/ec_shim.dir/shim/src/cbi/cros_cbi.c.obj
[joxer:ro] [251/404] Building C object CMakeFiles/app.dir/mnt/host/source/src/platform/ec/build/zephyr/joxer/modules/ec/common/ec_features.c.obj
[quandiso2:ro] [401/404] Building C object zephyr/kernel/CMakeFiles/kernel.dir/events.c.obj
[joxer:ro] [252/404] Building C object CMakeFiles/app.dir/mnt/host/source/src/platform/ec/build/zephyr/joxer/modules/ec/common/gpio_commands.c.obj
[grogu:ro] [279/337] Building C object modules/ec/zephyr/CMakeFiles/ec_shim.dir/shim/src/pm_state.c.obj
[quandiso2:ro] [402/404] Building C object zephyr/kernel/CMakeFiles/kernel.dir/mempool.c.obj
[grogu:ro] [280/337] Building C object modules/ec/zephyr/CMakeFiles/ec_shim.dir/shim/src/cbi/cbi_flash.c.obj
[joxer:rw] [301/404] Building C object zephyr/drivers/i2c/CMakeFiles/drivers__i2c.dir/i2c_ite_enhance.c.obj
[deku:rw] [33/382] Building C object zephyr/CMakeFiles/zephyr.dir/soc/nuvoton/npcx/common/scfg.c.obj
[joxer:ro] [253/404] Building C object CMakeFiles/app.dir/mnt/host/source/src/platform/ec/build/zephyr/joxer/modules/ec/common/peripheral.c.obj
[joxer:rw] [302/404] Building C object zephyr/drivers/pinctrl/CMakeFiles/drivers__pinctrl.dir/common.c.obj
[joxer:ro] [254/404] Building C object CMakeFiles/app.dir/mnt/host/source/src/platform/ec/build/zephyr/joxer/modules/ec/common/printf.c.obj
[quandiso2:ro] [403/404] Building C object zephyr/kernel/CMakeFiles/kernel.dir/dynamic_disabled.c.obj
[magikarp:rw] Configuring.
Running `env -i PYTHONPATH=/usr/lib64/python-exec/python3.11:/mnt/host/source/src/platform/ec/zephyr/zmake:/usr/lib/python311.zip:/usr/lib/python3.11:/usr/lib/python3.11/lib-dynload:/usr/lib/python3.11/site-packages PW_PIGWEED_CIPD_INSTALL_DIR=/usr CROSTC_USER_ACKNOWLEDGES_THAT_RISCV_IS_EXPERIMENTAL=1 PATH=/mnt/host/source/chromite/bin:/usr/local/bin:/usr/bin:/bin:/opt/bin:/mnt/host/source/chromite/sdk/bin:/mnt/host/source/chromite/bin HOME=/home/jpmurphy JAVA_HOME=/etc/java-config-2/current-system-vm JDK_HOME=/etc/java-config-2/current-system-vm JAVAC=/etc/java-config-2/current-system-vm/bin/javac MAKEFLAGS=' -j16 --jobserver-auth=5,6' /usr/bin/cmake -S /mnt/host/source/src/platform/ec/zephyr/program/corsola -B /mnt/host/source/src/platform/ec/build/zephyr/magikarp/build-rw -GNinja -DCMAKE_EXPORT_COMPILE_COMMANDS=ON -DZEPHYR_BASE=/mnt/host/source/src/third_party/zephyr/main -DZMAKE_INCLUDE_DIR=/mnt/host/source/src/platform/ec/build/zephyr/magikarp/include -DPython3_EXECUTABLE=/usr/bin/python3.11 -DDTS_ROOT=/mnt/host/source/src/platform/ec/zephyr -DSYSCALL_INCLUDE_DIRS=/mnt/host/source/src/platform/ec/zephyr/include/drivers -DUSER_CACHE_DIR=/mnt/host/source/src/platform/ec/build/zephyr/user-cache '-DEXTRA_EC_VERSION_FLAGS=--version 16543.0.0 --static' -DTOOLCHAIN_ROOT=/mnt/host/source/src/platform/ec/zephyr -DCOREBOOT_SDK_ROOT_x86=/home/jpmurphy/.cache/coreboot-sdk/i386-elf/dfbb0486385d938cfa9d73080b9d18d598ed4f49 -DCOREBOOT_SDK_ROOT_picolibc_x86=/home/jpmurphy/.cache/coreboot-sdk/picolibc-i386-elf/eb8e8e687b95461de8cbf278f1c2076952d0ad17 -DCOREBOOT_SDK_ROOT_riscv64=/home/jpmurphy/.cache/coreboot-sdk/riscv64-elf/96b949749225b6aaa92ed810ab769e8dfb12f000 -DCOREBOOT_SDK_ROOT_picolibc_arm=/home/jpmurphy/.cache/coreboot-sdk/picolibc-arm-eabi/422a2aa3e1ef891b5bece9a3deb696ff83840d2e -DCOREBOOT_SDK_ROOT_nds32=/home/jpmurphy/.cache/coreboot-sdk/nds32le-elf/d1a518c4a097666d86058e1444f85ca015d15511 -DCOREBOOT_SDK_ROOT_picolibc_riscv64=/home/jpmurphy/.cache/coreboot-sdk/picolibc-riscv64-elf/f571e990ef0278564b31124f8bb109d9a697eb69 -DCOREBOOT_SDK_ROOT_arm=/home/jpmurphy/.cache/coreboot-sdk/arm-eabi/ea40ddd1d190c3b48435c474c0b545719371813a -DCOREBOOT_SDK_ROOT_libstdcxx_riscv64=/home/jpmurphy/.cache/coreboot-sdk/libstdcxx-riscv64-elf/17abf22a3a252e2d5d2062ced5324f7a623689e0 -DCOREBOOT_SDK_ROOT_libstdcxx_arm=/home/jpmurphy/.cache/coreboot-sdk/libstdcxx-arm-eabi/5d7d82e150e44aa1968f1d366e267e6687b328ac -DCOREBOOT_SDK_ROOT_riscv=/home/jpmurphy/.cache/coreboot-sdk/riscv-elf/9a27b9e82341c6e9126624f516ab3f261abb3e73 -DCOREBOOT_SDK_ROOT_libstdcxx_x86=/home/jpmurphy/.cache/coreboot-sdk/libstdcxx-i386-elf/42ef9d2e87a76a37963175d7d428734e65648b87 -DZEPHYR_TOOLCHAIN_VARIANT=coreboot-sdk -DZEPHYR_MODULES=/mnt/host/source/src/platform/ec/build/zephyr/magikarp/modules/ec -DDTC_OVERLAY_FILE=/mnt/host/source/src/platform/ec/zephyr/program/corsola/magikarp/project.overlay -DBOARD=it8xxx2/it81202bx -DCMAKE_C_FLAGS=-DSECTION_IS_RW '-DCONF_FILE=/mnt/host/source/src/platform/ec/zephyr/program/corsola/program.conf;/mnt/host/source/src/platform/ec/zephyr/program/corsola/ite_program.conf;/mnt/host/source/src/platform/ec/zephyr/program/corsola/magikarp/project.conf;/mnt/host/source/src/platform/ec/build/zephyr/magikarp/kconfig-rw.conf'`
[magikarp:rw] Loading Zephyr default modules (Zephyr base (cached)).
[magikarp:rw] -- Application: /mnt/host/source/src/platform/ec/zephyr/program/corsola
[magikarp:rw] -- CMake version: 3.31.7
[joxer:rw] [303/404] Building C object zephyr/drivers/i2c/CMakeFiles/drivers__i2c.dir/i2c_ite_it8xxx2.c.obj
[quandiso2:ro] [404/404] Linking C static library zephyr/kernel/libkernel.a
[joxer:rw] [304/404] Linking C static library zephyr/drivers/i2c/libdrivers__i2c.a
[joxer:ro] [255/404] Building C object CMakeFiles/app.dir/mnt/host/source/src/platform/ec/build/zephyr/joxer/modules/ec/common/queue.c.obj
[joxer:rw] [305/404] Building C object zephyr/drivers/sensor/CMakeFiles/drivers__sensor.dir/mnt/host/source/src/third_party/zephyr/main/misc/empty_file.c.obj
[grogu:ro] [281/337] Building C object modules/ec/zephyr/CMakeFiles/ec_shim.dir/shim/src/led_driver/led.c.obj
[joxer:rw] [306/404] Linking C static library zephyr/drivers/sensor/libdrivers__sensor.a
[joxer:rw] [307/404] Building C object zephyr/drivers/pinctrl/CMakeFiles/drivers__pinctrl.dir/pinctrl_ite_it8xxx2.c.obj
[magikarp:rw] -- Found Python3: /usr/bin/python3.11 (found suitable version "3.11.11", minimum required is "3.10") found components: Interpreter
[magikarp:rw] -- Cache files will be written to: /mnt/host/source/src/platform/ec/build/zephyr/user-cache
[magikarp:rw] -- Zephyr version: 4.3.99 (/mnt/host/source/src/third_party/zephyr/main)
[joxer:rw] [308/404] Building C object zephyr/drivers/pwm/CMakeFiles/drivers__pwm.dir/pwm_shell.c.obj
[joxer:ro] [256/404] Building C object CMakeFiles/app.dir/mnt/host/source/src/platform/ec/build/zephyr/joxer/modules/ec/common/system_boot_time.c.obj
[deku:rw] [34/382] Building C object zephyr/CMakeFiles/zephyr.dir/soc/nuvoton/npcx/common/npcxn/registers.c.obj
[grogu:ro] [282/337] Building C object modules/ec/zephyr/CMakeFiles/ec_shim.dir/shim/src/led_driver/led_pwm.c.obj
[grogu:ro] [283/337] Building C object modules/ec/zephyr/CMakeFiles/ec_shim.dir/shim/src/system.c.obj
[joxer:rw] [309/404] Linking C static library zephyr/drivers/pinctrl/libdrivers__pinctrl.a
[joxer:ro] [257/404] Building C object CMakeFiles/app.dir/mnt/host/source/src/platform/ec/build/zephyr/joxer/modules/ec/common/uart_printf.c.obj
[joxer:ro] [258/404] Building C object CMakeFiles/app.dir/mnt/host/source/src/platform/ec/build/zephyr/joxer/modules/ec/common/system.c.obj
[joxer:ro] [259/404] Building C object CMakeFiles/app.dir/mnt/host/source/src/platform/ec/build/zephyr/joxer/modules/ec/common/util.c.obj
[joxer:rw] [310/404] Building C object zephyr/drivers/pwm/CMakeFiles/drivers__pwm.dir/pwm_ite_it8xxx2.c.obj
[joxer:rw] [311/404] Linking C static library zephyr/drivers/pwm/libdrivers__pwm.a
[deku:rw] [35/382] Building C object zephyr/CMakeFiles/zephyr.dir/soc/nuvoton/npcx/npcx9/soc.c.obj
[joxer:ro] [260/404] Building C object CMakeFiles/app.dir/mnt/host/source/src/platform/ec/build/zephyr/joxer/modules/ec/common/version.c.obj
[deku:rw] [36/382] Building C object zephyr/CMakeFiles/zephyr.dir/subsys/logging/log_minimal.c.obj
[joxer:rw] [312/404] Building C object zephyr/drivers/sensor/ite/ite_tach_it8xxx2/CMakeFiles/drivers__sensor__ite__ite_tach_it8xxx2.dir/tach_ite_it8xxx2.c.obj
[joxer:rw] [313/404] Building C object zephyr/drivers/serial/CMakeFiles/drivers__serial.dir/uart_ite_it8xxx2.c.obj
[grogu:ro] [284/337] Building C object modules/ec/zephyr/CMakeFiles/ec_shim.dir/shim/src/pdc_shim.c.obj
[grogu:ro] [285/337] Building C object modules/ec/zephyr/CMakeFiles/ec_shim.dir/shim/src/battery.c.obj
[joxer:rw] [314/404] Linking C static library zephyr/drivers/sensor/ite/ite_tach_it8xxx2/libdrivers__sensor__ite__ite_tach_it8xxx2.a
[joxer:ro] [261/404] Building C object CMakeFiles/app.dir/mnt/host/source/src/platform/ec/build/zephyr/joxer/modules/ec/common/power_button_x86.c.obj
[joxer:rw] [315/404] Building C object zephyr/drivers/sensor/ite/ite_vcmp_it8xxx2/CMakeFiles/drivers__sensor__ite__ite_vcmp_it8xxx2.dir/vcmp_ite_it8xxx2.c.obj
[joxer:rw] [316/404] Linking C static library zephyr/drivers/sensor/ite/ite_vcmp_it8xxx2/libdrivers__sensor__ite__ite_vcmp_it8xxx2.a
[grogu:ro] [286/337] Building C object modules/ec/zephyr/CMakeFiles/ec_shim.dir/shim/src/adc.c.obj
[joxer:ro] [262/404] Building C object CMakeFiles/app.dir/mnt/host/source/src/platform/ec/build/zephyr/joxer/modules/ec/driver/accel_bma4xx.c.obj
[joxer:rw] [317/404] Building C object zephyr/drivers/serial/CMakeFiles/drivers__serial.dir/uart_ns16550.c.obj
[joxer:ro] [263/404] Building C object CMakeFiles/app.dir/mnt/host/source/src/platform/ec/build/zephyr/joxer/modules/ec/driver/accelgyro_bmi3xx.c.obj
[deku:rw] [37/382] Building C object zephyr/CMakeFiles/zephyr.dir/subsys/mem_mgmt/mem_attr.c.obj
[joxer:ro] [264/404] Building C object CMakeFiles/app.dir/mnt/host/source/src/platform/ec/build/zephyr/joxer/modules/ec/driver/accelgyro_bmi_common.c.obj
[joxer:rw] [318/404] Linking C static library zephyr/drivers/serial/libdrivers__serial.a
[magikarp:rw] -- Board: it8xxx2, qualifiers: it81202bx
[joxer:rw] [319/404] Building C object zephyr/drivers/timer/CMakeFiles/drivers__timer.dir/sys_clock_init.c.obj
[deku:rw] [38/382] Building C object zephyr/CMakeFiles/zephyr.dir/subsys/pm/pm.c.obj
[deku:rw] [39/382] Building C object zephyr/CMakeFiles/zephyr.dir/subsys/pm/state.c.obj
[joxer:ro] [265/404] Building C object CMakeFiles/app.dir/mnt/host/source/src/platform/ec/build/zephyr/joxer/modules/ec/common/motion_sense_fifo.c.obj
[joxer:rw] [320/404] Building C object zephyr/drivers/timer/CMakeFiles/drivers__timer.dir/ite_it8xxx2_timer.c.obj
[grogu:ro] [287/337] Building C object modules/ec/zephyr/CMakeFiles/ec_shim.dir/shim/src/charger.c.obj
[joxer:rw] [321/404] Linking C static library zephyr/drivers/timer/libdrivers__timer.a
[joxer:ro] [266/404] Building C object CMakeFiles/app.dir/mnt/host/source/src/platform/ec/build/zephyr/joxer/modules/ec/common/adc.c.obj
[joxer:rw] [322/404] Building C object zephyr/drivers/watchdog/CMakeFiles/drivers__watchdog.dir/wdt_ite_it8xxx2.c.obj
[grogu:ro] [288/337] Building C object modules/ec/zephyr/CMakeFiles/ec_shim.dir/shim/src/flash.c.obj
[joxer:rw] [323/404] Building C object zephyr/drivers/watchdog/CMakeFiles/drivers__watchdog.dir/wdt_shell.c.obj
[joxer:ro] [267/404] Building C object CMakeFiles/app.dir/mnt/host/source/src/platform/ec/build/zephyr/joxer/modules/ec/common/acpi.c.obj
[joxer:rw] [324/404] Linking C static library zephyr/drivers/watchdog/libdrivers__watchdog.a
[grogu:ro] [289/337] Building C object modules/ec/zephyr/CMakeFiles/ec_shim.dir/shim/src/hooks.c.obj
[joxer:ro] [268/404] Building C object CMakeFiles/app.dir/mnt/host/source/src/platform/ec/build/zephyr/joxer/modules/ec/common/backlight_lid.c.obj
[joxer:ro] [269/404] Building C object CMakeFiles/app.dir/mnt/host/source/src/platform/ec/build/zephyr/joxer/modules/ec/common/battery.c.obj
[deku:rw] [40/382] Building C object zephyr/CMakeFiles/zephyr.dir/subsys/pm/policy/policy_latency.c.obj
[joxer:rw] [325/404] Building C object modules/ec/zephyr/CMakeFiles/ec_shim.dir/app/ec/ec_app_main.c.obj
[deku:rw] [41/382] Building C object zephyr/CMakeFiles/zephyr.dir/subsys/pm/policy/policy_events.c.obj
[grogu:ro] [290/337] Building C object modules/ec/zephyr/CMakeFiles/ec_shim.dir/shim/src/host_command.c.obj
[joxer:rw] [326/404] Building C object modules/ec/zephyr/CMakeFiles/ec_shim.dir/app/ec/main_shim.c.obj
[joxer:rw] [327/404] Building C object modules/ec/zephyr/CMakeFiles/ec_shim.dir/app/ec/chip/riscv/riscv-ite/it8xxx2-espi.c.obj
[joxer:ro] [270/404] Building C object CMakeFiles/app.dir/mnt/host/source/src/platform/ec/build/zephyr/joxer/modules/ec/common/battery_fuel_gauge.c.obj
[grogu:ro] [291/337] Building C object modules/ec/zephyr/CMakeFiles/ec_shim.dir/shim/src/console_buffer.c.obj
[joxer:ro] [271/404] Building C object CMakeFiles/app.dir/mnt/host/source/src/platform/ec/build/zephyr/joxer/modules/ec/common/battery_info.c.obj
[joxer:ro] [272/404] Building C object CMakeFiles/app.dir/mnt/host/source/src/platform/ec/build/zephyr/joxer/modules/ec/driver/battery/smart.c.obj
[grogu:ro] [292/337] Building C object modules/ec/zephyr/CMakeFiles/ec_shim.dir/shim/src/keyboard_raw.c.obj
[deku:rw] [42/382] Building C object zephyr/CMakeFiles/zephyr.dir/subsys/pm/policy/policy_state_lock.c.obj
[joxer:rw] [328/404] Building C object modules/ec/zephyr/CMakeFiles/ec_shim.dir/drivers/cros_flash/cros_flash_it8xxx2.c.obj
[joxer:ro] [273/404] Building C object CMakeFiles/app.dir/mnt/host/source/src/platform/ec/build/zephyr/joxer/modules/ec/common/charger.c.obj
[joxer:ro] [274/404] Building C object CMakeFiles/app.dir/mnt/host/source/src/platform/ec/build/zephyr/joxer/modules/ec/driver/charger/sm5803.c.obj
[grogu:ro] [293/337] Building C object modules/ec/zephyr/CMakeFiles/ec_shim.dir/shim/src/keyscan.c.obj
[joxer:rw] [329/404] Building C object modules/ec/zephyr/CMakeFiles/ec_shim.dir/drivers/cros_kb_raw/cros_kb_raw_ite.c.obj
[deku:rw] [43/382] Building C object zephyr/CMakeFiles/zephyr.dir/subsys/pm/device.c.obj
[magikarp:rw] -- Found Dtc: /usr/bin/dtc (found suitable version "1.6.0", minimum required is "1.4.6")
[magikarp:rw] -- Found BOARD.dts: /mnt/host/source/src/platform/ec/zephyr/boards/google/it8xxx2/it8xxx2_it81202bx.dts
[magikarp:rw] -- Found devicetree overlay: /mnt/host/source/src/platform/ec/zephyr/program/corsola/magikarp/project.overlay
[joxer:rw] [330/404] Building C object modules/ec/zephyr/CMakeFiles/ec_shim.dir/drivers/cros_kblight/pwm_kblight.c.obj
[grogu:ro] [294/337] Building C object modules/ec/zephyr/CMakeFiles/ec_shim.dir/shim/src/mkbp_event.c.obj
[joxer:rw] [331/404] Building C object modules/ec/zephyr/CMakeFiles/ec_shim.dir/drivers/cros_system/cros_system_it8xxx2.c.obj
[grogu:ro] [295/337] Building C object modules/ec/zephyr/CMakeFiles/ec_shim.dir/shim/src/panic.c.obj
[joxer:ro] [275/404] Building C object CMakeFiles/app.dir/mnt/host/source/src/platform/ec/build/zephyr/joxer/modules/ec/common/charge_state.c.obj
[joxer:ro] [276/404] Building C object CMakeFiles/app.dir/mnt/host/source/src/platform/ec/build/zephyr/joxer/modules/ec/common/cbi_common.c.obj
[joxer:ro] [277/404] Building C object CMakeFiles/app.dir/mnt/host/source/src/platform/ec/build/zephyr/joxer/modules/ec/common/ocpc.c.obj
[joxer:ro] [278/404] Building C object CMakeFiles/app.dir/mnt/host/source/src/platform/ec/build/zephyr/joxer/modules/ec/common/charge_manager.c.obj
[deku:rw] [44/382] Building C object zephyr/CMakeFiles/zephyr.dir/subsys/pm/device_system_managed.c.obj
[deku:rw] [45/382] Building C object zephyr/CMakeFiles/zephyr.dir/subsys/testsuite/coverage/coverage.c.obj
[grogu:ro] [296/337] Building C object modules/ec/zephyr/CMakeFiles/ec_shim.dir/shim/src/power.c.obj
[joxer:rw] [332/404] Building C object modules/ec/zephyr/CMakeFiles/ec_shim.dir/shim/chip/it8xxx2/clock.c.obj
[joxer:ro] [279/404] Building C object CMakeFiles/app.dir/mnt/host/source/src/platform/ec/build/zephyr/joxer/modules/ec/common/cbi.c.obj
[grogu:ro] [297/337] Building C object modules/ec/zephyr/CMakeFiles/ec_shim.dir/shim/src/hwtimer.c.obj
[joxer:rw] [333/404] Building C object modules/ec/zephyr/CMakeFiles/ec_shim.dir/drivers/vivaldi_kbd/vivaldi_kbd.c.obj
[joxer:rw] [334/404] Building C object modules/ec/zephyr/CMakeFiles/ec_shim.dir/shim/chip/it8xxx2/gpio.c.obj
[joxer:rw] [335/404] Building C object modules/ec/zephyr/CMakeFiles/ec_shim.dir/shim/chip/it8xxx2/system.c.obj
[joxer:rw] [336/404] Building C object modules/ec/zephyr/CMakeFiles/ec_shim.dir/shim/src/crc.c.obj
[joxer:ro] [280/404] Building C object CMakeFiles/app.dir/mnt/host/source/src/platform/ec/build/zephyr/joxer/modules/ec/common/cbi_config.c.obj
[joxer:ro] [281/404] Building C object CMakeFiles/app.dir/mnt/host/source/src/platform/ec/build/zephyr/joxer/modules/ec/common/memory_commands.c.obj
[grogu:ro] [298/337] Building C object modules/ec/zephyr/CMakeFiles/ec_shim.dir/shim/src/i2c.c.obj
[deku:rw] [46/382] Building C object zephyr/CMakeFiles/zephyr.dir/subsys/tracing/tracing_none.c.obj
[joxer:ro] [282/404] Building C object CMakeFiles/app.dir/mnt/host/source/src/platform/ec/build/zephyr/joxer/modules/ec/common/dptf.c.obj
[deku:rw] [47/382] Building C object zephyr/CMakeFiles/zephyr.dir/subsys/shell/modules/kernel_service/kernel_shell.c.obj
[joxer:ro] [283/404] Building C object CMakeFiles/app.dir/mnt/host/source/src/platform/ec/build/zephyr/joxer/modules/ec/common/ap_reset_log.c.obj
[joxer:rw] [337/404] Building C object modules/ec/zephyr/CMakeFiles/ec_shim.dir/shim/chip/it8xxx2/keyboard_raw.c.obj
[joxer:ro] [284/404] Building C object CMakeFiles/app.dir/mnt/host/source/src/platform/ec/build/zephyr/joxer/modules/ec/common/espi.c.obj
[grogu:ro] [299/337] Building C object modules/ec/zephyr/CMakeFiles/ec_shim.dir/shim/src/tasks.c.obj
[joxer:rw] [338/404] Building C object modules/ec/zephyr/CMakeFiles/ec_shim.dir/shim/chip/it8xxx2/power_policy.c.obj
[grogu:ro] [300/337] Building C object modules/ec/zephyr/CMakeFiles/ec_shim.dir/shim/src/watchdog.c.obj
[magikarp:rw] -- Generated zephyr.dts: /mnt/host/source/src/platform/ec/build/zephyr/magikarp/build-rw/zephyr/zephyr.dts
[joxer:rw] [339/404] Building C object modules/ec/zephyr/CMakeFiles/ec_shim.dir/shim/src/console.c.obj
[joxer:ro] [285/404] Building C object CMakeFiles/app.dir/mnt/host/source/src/platform/ec/build/zephyr/joxer/modules/ec/common/extpower_common.c.obj
[grogu:ro] [301/337] Building C object modules/ec/zephyr/CMakeFiles/ec_shim.dir/shim/src/usba.c.obj
[joxer:ro] [286/404] Building C object CMakeFiles/app.dir/mnt/host/source/src/platform/ec/build/zephyr/joxer/modules/ec/common/fan.c.obj
[deku:rw] [48/382] Building C object zephyr/CMakeFiles/zephyr.dir/subsys/shell/modules/kernel_service/cycles.c.obj
[deku:rw] [49/382] Building C object zephyr/CMakeFiles/zephyr.dir/subsys/shell/modules/kernel_service/sleep.c.obj
[joxer:rw] [340/404] Building C object modules/ec/zephyr/CMakeFiles/ec_shim.dir/shim/src/gpio.c.obj
[joxer:ro] [287/404] Building C object CMakeFiles/app.dir/mnt/host/source/src/platform/ec/build/zephyr/joxer/modules/ec/common/host_command.c.obj
[magikarp:rw] -- Generated pickled edt: /mnt/host/source/src/platform/ec/build/zephyr/magikarp/build-rw/zephyr/edt.pickle
[magikarp:rw] -- Generated devicetree_generated.h: /mnt/host/source/src/platform/ec/build/zephyr/magikarp/build-rw/zephyr/include/generated/zephyr/devicetree_generated.h
[joxer:ro] [288/404] Building C object CMakeFiles/app.dir/mnt/host/source/src/platform/ec/build/zephyr/joxer/modules/ec/common/flash.c.obj
[joxer:rw] [341/404] Building C object modules/ec/zephyr/CMakeFiles/ec_shim.dir/shim/src/gpio_int.c.obj
[joxer:rw] [342/404] Building C object modules/ec/zephyr/CMakeFiles/ec_shim.dir/shim/src/panic_utils.c.obj
[grogu:ro] [302/337] Building C object modules/ec/zephyr/CMakeFiles/ec_shim.dir/shim/src/sha256_hw.c.obj
[grogu:ro] [303/337] Building C object modules/ec/zephyr/CMakeFiles/ec_shim.dir/shim/src/usb_muxes.c.obj
[joxer:ro] [289/404] Building C object CMakeFiles/app.dir/mnt/host/source/src/platform/ec/build/zephyr/joxer/modules/ec/common/host_command_task.c.obj
[grogu:ro] [304/337] Linking C static library modules/ec/zephyr/libec_shim.a
[joxer:rw] [343/404] Building C object modules/ec/zephyr/CMakeFiles/ec_shim.dir/shim/src/pm_state.c.obj
[grogu:ro] [305/337] Building C object zephyr/kernel/CMakeFiles/kernel.dir/main_weak.c.obj
[deku:rw] [50/382] Building C object zephyr/CMakeFiles/zephyr.dir/subsys/shell/modules/kernel_service/uptime.c.obj
[deku:rw] [51/382] Building C object zephyr/CMakeFiles/zephyr.dir/subsys/shell/modules/kernel_service/version.c.obj
[joxer:ro] [290/404] Building C object CMakeFiles/app.dir/mnt/host/source/src/platform/ec/build/zephyr/joxer/modules/ec/common/uart_hostcmd.c.obj
[joxer:rw] [344/404] Building C object modules/ec/zephyr/CMakeFiles/ec_shim.dir/shim/src/cbi/cros_cbi.c.obj
[grogu:ro] [306/337] Building C object zephyr/kernel/CMakeFiles/kernel.dir/banner.c.obj
[joxer:ro] [291/404] Building C object CMakeFiles/app.dir/mnt/host/source/src/platform/ec/build/zephyr/joxer/modules/ec/common/host_event_commands.c.obj
[joxer:ro] [292/404] Building C object CMakeFiles/app.dir/mnt/host/source/src/platform/ec/build/zephyr/joxer/modules/ec/common/uptime.c.obj
[grogu:ro] [307/337] Building C object zephyr/kernel/CMakeFiles/kernel.dir/busy_wait.c.obj
[joxer:rw] [345/404] Building C object modules/ec/zephyr/CMakeFiles/ec_shim.dir/shim/src/cbi/cros_cbi_fw_config.c.obj
[joxer:rw] [346/404] Building C object modules/ec/zephyr/CMakeFiles/ec_shim.dir/shim/src/cbi/cbi_eeprom.c.obj
[joxer:ro] [293/404] Building C object CMakeFiles/app.dir/mnt/host/source/src/platform/ec/build/zephyr/joxer/modules/ec/common/i2c_passthru.c.obj
[joxer:ro] [294/404] Building C object CMakeFiles/app.dir/mnt/host/source/src/platform/ec/build/zephyr/joxer/modules/ec/common/i2c_controller.c.obj
[grogu:ro] [308/337] Building C object zephyr/kernel/CMakeFiles/kernel.dir/device.c.obj
[joxer:rw] [347/404] Building C object modules/ec/zephyr/CMakeFiles/ec_shim.dir/shim/src/system.c.obj
[magikarp:rw] /mnt/host/source/src/platform/ec/build/zephyr/magikarp/build-rw/zephyr/zephyr.dts:1205.27-1919.5: Warning (avoid_unnecessary_addr_size): /soc/pin-controller: unnecessary #address-cells/#size-cells without "ranges" or child "reg" property
[grogu:ro] [309/337] Building C object zephyr/kernel/CMakeFiles/kernel.dir/errno.c.obj
[deku:rw] [52/382] Building C object zephyr/CMakeFiles/zephyr.dir/subsys/shell/modules/kernel_service/thread/list.c.obj
[deku:rw] [53/382] Building C object zephyr/CMakeFiles/zephyr.dir/subsys/shell/modules/kernel_service/thread/thread.c.obj
[joxer:rw] [348/404] Building C object modules/ec/zephyr/CMakeFiles/ec_shim.dir/shim/src/adc.c.obj
[grogu:ro] [310/337] Building C object zephyr/kernel/CMakeFiles/kernel.dir/fatal.c.obj
[joxer:rw] [349/404] Building C object modules/ec/zephyr/CMakeFiles/ec_shim.dir/shim/src/charger.c.obj
[joxer:rw] [350/404] Building C object modules/ec/zephyr/CMakeFiles/ec_shim.dir/shim/src/battery.c.obj
[joxer:ro] [295/404] Building C object CMakeFiles/app.dir/mnt/host/source/src/platform/ec/build/zephyr/joxer/modules/ec/common/keyboard_8042_sharedlib.c.obj
[joxer:ro] [296/404] Building C object CMakeFiles/app.dir/mnt/host/source/src/platform/ec/build/zephyr/joxer/modules/ec/common/keyboard_8042.c.obj
[joxer:ro] [297/404] Building C object CMakeFiles/app.dir/mnt/host/source/src/platform/ec/build/zephyr/joxer/modules/ec/common/keyboard_scan.c.obj
[grogu:ro] [311/337] Building C object zephyr/kernel/CMakeFiles/kernel.dir/init.c.obj
[joxer:ro] [298/404] Building C object CMakeFiles/app.dir/mnt/host/source/src/platform/ec/build/zephyr/joxer/modules/ec/common/mkbp_info.c.obj
[joxer:ro] [299/404] Building C object CMakeFiles/app.dir/mnt/host/source/src/platform/ec/build/zephyr/joxer/modules/ec/common/mkbp_fifo.c.obj
[grogu:ro] [312/337] Building C object zephyr/kernel/CMakeFiles/kernel.dir/kheap.c.obj
[deku:rw] [54/382] Building C object zephyr/CMakeFiles/zephyr.dir/subsys/shell/modules/kernel_service/thread/stacks.c.obj
[deku:rw] [55/382] Building C object zephyr/CMakeFiles/zephyr.dir/subsys/shell/modules/kernel_service/thread/suspend.c.obj
[joxer:rw] [351/404] Building C object modules/ec/zephyr/CMakeFiles/ec_shim.dir/shim/src/chipset_api.c.obj
[grogu:ro] [313/337] Building C object zephyr/kernel/CMakeFiles/kernel.dir/version.c.obj
[grogu:ro] [314/337] Building C object zephyr/kernel/CMakeFiles/kernel.dir/mem_slab.c.obj
[grogu:ro] [315/337] Building C object zephyr/kernel/CMakeFiles/kernel.dir/float.c.obj
[joxer:rw] [352/404] Building C object modules/ec/zephyr/CMakeFiles/ec_shim.dir/shim/src/espi.c.obj
[joxer:rw] [353/404] Building C object modules/ec/zephyr/CMakeFiles/ec_shim.dir/shim/src/flash.c.obj
[joxer:ro] [300/404] Building C object CMakeFiles/app.dir/mnt/host/source/src/platform/ec/build/zephyr/joxer/modules/ec/common/led_common.c.obj
[joxer:ro] [301/404] Building C object CMakeFiles/app.dir/mnt/host/source/src/platform/ec/build/zephyr/joxer/modules/ec/common/keyboard_backlight.c.obj
[joxer:ro] [302/404] Building C object CMakeFiles/app.dir/mnt/host/source/src/platform/ec/build/zephyr/joxer/modules/ec/common/mkbp_input_devices.c.obj
[joxer:rw] [354/404] Building C object modules/ec/zephyr/CMakeFiles/ec_shim.dir/shim/src/fan.c.obj
[deku:rw] [56/382] Building C object zephyr/CMakeFiles/zephyr.dir/subsys/shell/modules/kernel_service/thread/resume.c.obj
[deku:rw] [57/382] Building C object zephyr/CMakeFiles/zephyr.dir/subsys/shell/modules/kernel_service/thread/kill.c.obj
[joxer:ro] [303/404] Building C object CMakeFiles/app.dir/mnt/host/source/src/platform/ec/build/zephyr/joxer/modules/ec/common/led_onoff_states.c.obj
[grogu:ro] [316/337] Building C object zephyr/kernel/CMakeFiles/kernel.dir/idle.c.obj
[joxer:ro] [304/404] Building C object CMakeFiles/app.dir/mnt/host/source/src/platform/ec/build/zephyr/joxer/modules/ec/common/motion_lid.c.obj
[grogu:ro] [317/337] Building C object zephyr/kernel/CMakeFiles/kernel.dir/mailbox.c.obj
[grogu:ro] [318/337] Building C object zephyr/kernel/CMakeFiles/kernel.dir/msg_q.c.obj
[joxer:rw] [355/404] Building C object modules/ec/zephyr/CMakeFiles/ec_shim.dir/shim/src/hooks.c.obj
[joxer:rw] [356/404] Building C object modules/ec/zephyr/CMakeFiles/ec_shim.dir/shim/src/host_command.c.obj
[joxer:rw] [357/404] Building C object modules/ec/zephyr/CMakeFiles/ec_shim.dir/shim/src/console_buffer.c.obj
[joxer:ro] [305/404] Building C object CMakeFiles/app.dir/mnt/host/source/src/platform/ec/build/zephyr/joxer/modules/ec/common/lid_angle_keyboard_policy.c.obj
[joxer:ro] [306/404] Building C object CMakeFiles/app.dir/mnt/host/source/src/platform/ec/build/zephyr/joxer/modules/ec/common/lid_angle.c.obj
[joxer:rw] [358/404] Building C object modules/ec/zephyr/CMakeFiles/ec_shim.dir/shim/src/keyboard_raw.c.obj
[joxer:ro] [307/404] Building C object CMakeFiles/app.dir/mnt/host/source/src/platform/ec/build/zephyr/joxer/modules/ec/common/lid_switch.c.obj
[deku:rw] [58/382] Building C object zephyr/CMakeFiles/zephyr.dir/subsys/shell/shell.c.obj
[deku:rw] [59/382] Building C object zephyr/CMakeFiles/zephyr.dir/subsys/shell/backends/shell_uart.c.obj
[joxer:ro] [308/404] Building C object CMakeFiles/app.dir/mnt/host/source/src/platform/ec/build/zephyr/joxer/modules/ec/common/mkbp_event.c.obj
[grogu:ro] [319/337] Building C object zephyr/kernel/CMakeFiles/kernel.dir/sem.c.obj
[grogu:ro] [320/337] Building C object zephyr/kernel/CMakeFiles/kernel.dir/mutex.c.obj
[grogu:ro] [321/337] Building C object zephyr/kernel/CMakeFiles/kernel.dir/queue.c.obj
[joxer:rw] [359/404] Building C object modules/ec/zephyr/CMakeFiles/ec_shim.dir/shim/src/mkbp_event.c.obj
[joxer:ro] [309/404] Building C object CMakeFiles/app.dir/mnt/host/source/src/platform/ec/build/zephyr/joxer/modules/ec/common/motion_sense.c.obj
[joxer:rw] [360/404] Building C object modules/ec/zephyr/CMakeFiles/ec_shim.dir/shim/src/motionsense_sensors.c.obj
[joxer:rw] [361/404] Building C object modules/ec/zephyr/CMakeFiles/ec_shim.dir/shim/src/panic.c.obj
[joxer:ro] [310/404] Building C object CMakeFiles/app.dir/mnt/host/source/src/platform/ec/build/zephyr/joxer/modules/ec/common/port80.c.obj
[joxer:ro] [311/404] Building C object CMakeFiles/app.dir/mnt/host/source/src/platform/ec/build/zephyr/joxer/modules/ec/common/power_button.c.obj
[joxer:rw] [362/404] Building C object modules/ec/zephyr/CMakeFiles/ec_shim.dir/shim/src/pwm_hc.c.obj
[joxer:ro] [312/404] Building C object CMakeFiles/app.dir/mnt/host/source/src/platform/ec/build/zephyr/joxer/modules/ec/power/hibernate.c.obj
[deku:rw] [60/382] Building C object zephyr/CMakeFiles/zephyr.dir/subsys/shell/shell_fprintf.c.obj
[deku:rw] [61/382] Building C object zephyr/CMakeFiles/zephyr.dir/subsys/shell/shell_utils.c.obj
[grogu:ro] [322/337] Building C object zephyr/kernel/CMakeFiles/kernel.dir/stack.c.obj
[grogu:ro] [323/337] Building C object zephyr/kernel/CMakeFiles/kernel.dir/system_work_q.c.obj
[magikarp:rw] Parsing /mnt/host/source/src/platform/ec/zephyr/program/corsola/Kconfig
[joxer:ro] [313/404] Building C object CMakeFiles/app.dir/mnt/host/source/src/platform/ec/build/zephyr/joxer/modules/ec/common/panic_output.c.obj
[joxer:rw] [363/404] Building C object modules/ec/zephyr/CMakeFiles/ec_shim.dir/shim/src/thermal.c.obj
[joxer:rw] [364/404] Building C object modules/ec/zephyr/CMakeFiles/ec_shim.dir/shim/src/hwtimer.c.obj
[grogu:ro] [324/337] Building C object zephyr/kernel/CMakeFiles/kernel.dir/work.c.obj
[joxer:ro] [314/404] Building C object CMakeFiles/app.dir/mnt/host/source/src/platform/ec/build/zephyr/joxer/modules/ec/driver/sha256/sha256_it8xxx2.c.obj
[joxer:rw] [365/404] Building C object modules/ec/zephyr/CMakeFiles/ec_shim.dir/shim/src/temp_sensors.c.obj
[joxer:rw] [366/404] Building C object modules/ec/zephyr/CMakeFiles/ec_shim.dir/shim/src/i2c.c.obj
[joxer:ro] [315/404] Building C object CMakeFiles/app.dir/mnt/host/source/src/platform/ec/build/zephyr/joxer/modules/ec/common/shared_mem.c.obj
[joxer:ro] [316/404] Building C object CMakeFiles/app.dir/mnt/host/source/src/platform/ec/build/zephyr/joxer/modules/ec/common/switch.c.obj
[grogu:ro] [325/337] Building C object zephyr/kernel/CMakeFiles/kernel.dir/condvar.c.obj
[grogu:ro] [326/337] Building C object zephyr/kernel/CMakeFiles/kernel.dir/thread.c.obj
[joxer:ro] [317/404] Building C object CMakeFiles/app.dir/mnt/host/source/src/platform/ec/build/zephyr/joxer/modules/ec/common/tablet_mode.c.obj
[deku:rw] [62/382] Building C object zephyr/CMakeFiles/zephyr.dir/subsys/shell/shell_history.c.obj
[deku:rw] [63/382] Building C object zephyr/CMakeFiles/zephyr.dir/subsys/shell/shell_ops.c.obj
[joxer:ro] [318/404] Building C object CMakeFiles/app.dir/mnt/host/source/src/platform/ec/build/zephyr/joxer/modules/ec/common/thermal.c.obj
[magikarp:rw] Loaded configuration '/mnt/host/source/src/platform/ec/zephyr/boards/google/it8xxx2/it8xxx2_it81202bx_defconfig'
[magikarp:rw] Merged configuration '/mnt/host/source/src/platform/ec/zephyr/program/corsola/program.conf'
[magikarp:rw] Merged configuration '/mnt/host/source/src/platform/ec/zephyr/program/corsola/ite_program.conf'
[magikarp:rw] Merged configuration '/mnt/host/source/src/platform/ec/zephyr/program/corsola/magikarp/project.conf'
[magikarp:rw] Merged configuration '/mnt/host/source/src/platform/ec/build/zephyr/magikarp/kconfig-rw.conf'
[magikarp:rw] Configuration saved to '/mnt/host/source/src/platform/ec/build/zephyr/magikarp/build-rw/zephyr/.config'
[magikarp:rw] Kconfig header saved to '/mnt/host/source/src/platform/ec/build/zephyr/magikarp/build-rw/zephyr/include/generated/zephyr/autoconf.h'
[magikarp:rw] -- Found GnuLd: /home/jpmurphy/.cache/coreboot-sdk/riscv64-elf/96b949749225b6aaa92ed810ab769e8dfb12f000/riscv64-elf/bin/ld.bfd (found version "2.43.1")
[joxer:rw] [367/404] Building C object modules/ec/zephyr/CMakeFiles/ec_shim.dir/shim/src/watchdog.c.obj
[joxer:ro] [319/404] Building C object CMakeFiles/app.dir/mnt/host/source/src/platform/ec/build/zephyr/joxer/modules/ec/common/temp_sensor.c.obj
[joxer:rw] [368/404] Building C object modules/ec/zephyr/CMakeFiles/ec_shim.dir/shim/src/tasks.c.obj
[joxer:rw] [369/404] Building C object modules/ec/zephyr/CMakeFiles/ec_shim.dir/shim/src/usba.c.obj
[magikarp:rw] -- The C compiler identification is GNU 14.2.0
[joxer:rw] [370/404] Building C object modules/ec/zephyr/CMakeFiles/ec_shim.dir/shim/src/power_host_sleep_api.c.obj
[grogu:ro] [327/337] Building C object zephyr/kernel/CMakeFiles/kernel.dir/sched.c.obj
[joxer:ro] [320/404] Building C object CMakeFiles/app.dir/mnt/host/source/src/platform/ec/build/zephyr/joxer/modules/ec/driver/temp_sensor/thermistor.c.obj
[joxer:ro] [321/404] Building C object CMakeFiles/app.dir/mnt/host/source/src/platform/ec/build/zephyr/joxer/modules/ec/common/throttle_ap.c.obj
[grogu:ro] [328/337] Building C object zephyr/kernel/CMakeFiles/kernel.dir/pipe.c.obj
[grogu:ro] [329/337] Building C object zephyr/kernel/CMakeFiles/kernel.dir/spinlock_validate.c.obj
[deku:rw] [64/382] Building C object zephyr/CMakeFiles/zephyr.dir/drivers/flash/flash_util.c.obj
[magikarp:rw] -- The CXX compiler identification is GNU 14.2.0
[deku:rw] [65/382] Building C object zephyr/arch/common/CMakeFiles/arch__common.dir/sw_isr_common.c.obj
[magikarp:rw] -- The ASM compiler identification is GNU
[magikarp:rw] -- Found assembler: /home/jpmurphy/.cache/coreboot-sdk/riscv64-elf/96b949749225b6aaa92ed810ab769e8dfb12f000/bin/riscv64-elf-gcc
[magikarp:rw] warning: Deprecated symbol I2C_ALLOW_NO_STOP_TRANSACTIONS is enabled.
[magikarp:rw] CMake Warning at /mnt/host/source/src/platform/ec/zephyr/cmake/linker/ld/linker_libraries.cmake:11 (message):
[magikarp:rw]   Disabling c_library
[magikarp:rw] Call Stack (most recent call first):
[magikarp:rw]   /mnt/host/source/src/third_party/zephyr/main/cmake/target_toolchain_flags.cmake:48 (include)
[magikarp:rw]   /mnt/host/source/src/third_party/zephyr/main/cmake/modules/kernel.cmake:153 (include)
[magikarp:rw]   /mnt/host/source/src/third_party/zephyr/main/cmake/modules/zephyr_default.cmake:138 (include)
[magikarp:rw]   /mnt/host/source/src/third_party/zephyr/main/share/zephyr-package/cmake/ZephyrConfig.cmake:66 (include)
[magikarp:rw]   /mnt/host/source/src/third_party/zephyr/main/share/zephyr-package/cmake/ZephyrConfig.cmake:97 (include_boilerplate)
[magikarp:rw]   CMakeLists.txt:7 (find_package)
[joxer:ro] [322/404] Building C object CMakeFiles/app.dir/mnt/host/source/src/platform/ec/build/zephyr/joxer/modules/ec/common/timer.c.obj
[deku:rw] [66/382] Linking C static library zephyr/libzephyr.a
[joxer:ro] [323/404] Building C object CMakeFiles/app.dir/mnt/host/source/src/platform/ec/build/zephyr/joxer/modules/ec/common/usb_port_power_smart.c.obj
[joxer:rw] [371/404] Building C object zephyr/kernel/CMakeFiles/kernel.dir/banner.c.obj
[joxer:rw] [372/404] Building C object zephyr/kernel/CMakeFiles/kernel.dir/main_weak.c.obj
[joxer:rw] [373/404] Building C object zephyr/kernel/CMakeFiles/kernel.dir/busy_wait.c.obj
[joxer:ro] [324/404] Building C object CMakeFiles/app.dir/mnt/host/source/src/platform/ec/build/zephyr/joxer/modules/ec/common/typec_control.c.obj
[grogu:ro] [330/337] Building C object zephyr/kernel/CMakeFiles/kernel.dir/thread_monitor.c.obj
[deku:rw] [67/382] Building C object zephyr/arch/common/CMakeFiles/arch__common.dir/init.c.obj
[joxer:ro] [325/404] Building C object CMakeFiles/app.dir/mnt/host/source/src/platform/ec/build/zephyr/joxer/modules/ec/common/usb_pd_pdo.c.obj
[magikarp:rw] -- Performing EC specific devicetree checks
[joxer:rw] [374/404] Building C object modules/ec/zephyr/CMakeFiles/ec_shim.dir/shim/src/usb_muxes.c.obj
[grogu:ro] [331/337] Building C object zephyr/kernel/CMakeFiles/kernel.dir/timer.c.obj
[joxer:ro] [326/404] Building C object CMakeFiles/app.dir/mnt/host/source/src/platform/ec/build/zephyr/joxer/modules/ec/common/usb_common.c.obj
[grogu:ro] [332/337] Building C object zephyr/kernel/CMakeFiles/kernel.dir/timeout.c.obj
[deku:rw] [68/382] Building C object zephyr/arch/common/CMakeFiles/arch__common.dir/xip.c.obj
[joxer:rw] [375/404] Linking C static library modules/ec/zephyr/libec_shim.a
[magikarp:rw] INFO: Verified 40 GPIOs, no duplicates found
[magikarp:rw] INFO: Verified 28 '*-gpios' properties, all flags match.
[magikarp:rw] INFO: Skipped 0 named-gpios children.
[joxer:rw] [376/404] Building C object zephyr/kernel/CMakeFiles/kernel.dir/device.c.obj
[joxer:rw] [377/404] Building C object zephyr/kernel/CMakeFiles/kernel.dir/errno.c.obj
[joxer:ro] [327/404] Building C object CMakeFiles/app.dir/mnt/host/source/src/platform/ec/build/zephyr/joxer/modules/ec/common/usbc/usbc_task.c.obj
[joxer:rw] [378/404] Building C object zephyr/kernel/CMakeFiles/kernel.dir/fatal.c.obj
[joxer:ro] [328/404] Building C object CMakeFiles/app.dir/mnt/host/source/src/platform/ec/build/zephyr/joxer/modules/ec/common/usbc/usb_pd_timer.c.obj
[magikarp:rw] -- Generating component manifest file
[deku:rw] [69/382] Building C object zephyr/arch/common/CMakeFiles/isr_tables.dir/isr_tables.c.obj
[grogu:ro] [333/337] Building C object zephyr/kernel/CMakeFiles/kernel.dir/poll.c.obj
[deku:rw] [70/382] Linking C static library zephyr/arch/common/libisr_tables.a
[joxer:ro] [329/404] Building C object CMakeFiles/app.dir/mnt/host/source/src/platform/ec/build/zephyr/joxer/modules/ec/common/usbc/usb_sm.c.obj
[magikarp:rw] INFO: Running CME, outputting to /mnt/host/source/src/platform/ec/build/zephyr/magikarp/build-rw/zephyr/component_manifest.json
[deku:rw] [71/382] Linking C static library zephyr/arch/common/libarch__common.a
[grogu:ro] [334/337] Building C object zephyr/kernel/CMakeFiles/kernel.dir/mempool.c.obj
[joxer:rw] [379/404] Building C object zephyr/kernel/CMakeFiles/kernel.dir/init.c.obj
[grogu:ro] [335/337] Building C object zephyr/kernel/CMakeFiles/kernel.dir/events.c.obj
[joxer:ro] [330/404] Building C object CMakeFiles/app.dir/mnt/host/source/src/platform/ec/build/zephyr/joxer/modules/ec/common/usbc_intr_task.c.obj
[deku:rw] [72/382] Building C object zephyr/arch/arch/arm/core/CMakeFiles/arch__arm__core.dir/fatal.c.obj
[joxer:ro] [331/404] Building C object CMakeFiles/app.dir/mnt/host/source/src/platform/ec/build/zephyr/joxer/modules/ec/common/usbc_utils.c.obj
[joxer:rw] [380/404] Building C object zephyr/kernel/CMakeFiles/kernel.dir/version.c.obj
[magikarp:rw] -- warning_base_override: -Wall;-Wformat;-Wformat-security;-Wformat;-Wno-format-zero-length;-Wno-pointer-sign;-Wpointer-arith;-Wexpansion-to-defined
[joxer:rw] [381/404] Building C object zephyr/kernel/CMakeFiles/kernel.dir/kheap.c.obj
[joxer:ro] [332/404] Building C object CMakeFiles/app.dir/mnt/host/source/src/platform/ec/build/zephyr/joxer/modules/ec/common/usb_pd_flags.c.obj
[joxer:rw] [382/404] Building C object zephyr/kernel/CMakeFiles/kernel.dir/mem_slab.c.obj
[joxer:rw] [383/404] Building C object zephyr/kernel/CMakeFiles/kernel.dir/float.c.obj
[deku:rw] [73/382] Building ASM object zephyr/arch/arch/arm/core/CMakeFiles/arch__arm__core.dir/nmi_on_reset.S.obj
[grogu:ro] [336/337] Building C object zephyr/kernel/CMakeFiles/kernel.dir/dynamic_disabled.c.obj
[grogu:ro] [337/337] Linking C static library zephyr/kernel/libkernel.a
[joxer:ro] [333/404] Building C object CMakeFiles/app.dir/mnt/host/source/src/platform/ec/build/zephyr/joxer/modules/ec/common/chargen.c.obj
[magikarp:rw] -- Found gen_kobject_list: /mnt/host/source/src/third_party/zephyr/main/scripts/build/gen_kobject_list.py
[deku:rw] [74/382] Building C object zephyr/arch/arch/arm/core/CMakeFiles/arch__arm__core.dir/nmi.c.obj
[magikarp:rw] INFO: Project magikarp does not support SSFC
[magikarp:rw] INFO: Component usbpd@f03700(ite,it8xxx2-usbpd) not on I2C bus, skip it
[magikarp:rw] INFO: Component virtual-mux-0(cros-ec,usbc-mux-virtual) not on I2C bus, skip it
[magikarp:rw] INFO: Component usbpd@f03800(ite,it8xxx2-usbpd) not on I2C bus, skip it
[magikarp:rw] INFO: Component virtual-mux-1(cros-ec,usbc-mux-virtual) not on I2C bus, skip it
[magikarp:rw] INFO: Component virtual-mux-1(cros-ec,usbc-mux-virtual) not on I2C bus, skip it
[magikarp:rw] CMake Warning at /mnt/host/source/src/third_party/zephyr/main/CMakeLists.txt:2359 (message):
[deku:rw] [75/382] Building ASM object zephyr/arch/arch/arm/core/cortex_m/CMakeFiles/arch__arm__core__cortex_m.dir/fault_s.S.obj
[deku:rw] [76/382] Linking C static library zephyr/arch/arch/arm/core/libarch__arm__core.a
[joxer:ro] [334/404] Building C object CMakeFiles/app.dir/mnt/host/source/src/platform/ec/build/zephyr/joxer/modules/ec/common/usbc/usb_pd_console.c.obj
[magikarp:rw] -- Configuring done (15.4s)
[joxer:rw] [384/404] Building C object zephyr/kernel/CMakeFiles/kernel.dir/idle.c.obj
[joxer:rw] [385/404] Building C object zephyr/kernel/CMakeFiles/kernel.dir/mailbox.c.obj
[/mnt/host/source/src/platform/ec/build/zephyr/spikyrock-lcov]   /mnt/host/source/src/platform/ec/build/zephyr/spikyrock/build-rw/zephyr/CMakeFiles/zephyr.dir/soc/ite/ec/it8xxx2/check_regs.c.gcno:no functions found
[/mnt/host/source/src/platform/ec/build/zephyr/spikyrock-lcov] Filter suppressions 'region':
[/mnt/host/source/src/platform/ec/build/zephyr/spikyrock-lcov]     22 instances
[/mnt/host/source/src/platform/ec/build/zephyr/spikyrock-lcov]     12 coverpoints
[/mnt/host/source/src/platform/ec/build/zephyr/spikyrock-lcov] Message summary:
[/mnt/host/source/src/platform/ec/build/zephyr/spikyrock-lcov]   14 ignore messages:
[/mnt/host/source/src/platform/ec/build/zephyr/spikyrock-lcov]     gcov: 14
[joxer:rw] [386/404] Building C object zephyr/kernel/CMakeFiles/kernel.dir/msg_q.c.obj
[joxer:rw] [387/404] Building C object zephyr/kernel/CMakeFiles/kernel.dir/mutex.c.obj
[joxer:rw] [388/404] Building C object zephyr/kernel/CMakeFiles/kernel.dir/queue.c.obj
[deku:rw] [77/382] Building C object zephyr/arch/arch/arm/core/cortex_m/CMakeFiles/arch__arm__core__cortex_m.dir/exc_exit.c.obj
[joxer:ro] [335/404] Building C object CMakeFiles/app.dir/mnt/host/source/src/platform/ec/build/zephyr/joxer/modules/ec/driver/usb_mux/usb_mux.c.obj
[joxer:ro] [336/404] Building C object CMakeFiles/app.dir/mnt/host/source/src/platform/ec/build/zephyr/joxer/modules/ec/driver/usb_mux/virtual.c.obj
[magikarp:rw] -- Generating done (0.4s)
[magikarp:rw]   __ASSERT() statements are globally ENABLED
[magikarp:rw] CMake Warning:
[magikarp:rw]   Manually-specified variables were not used by the project:
[magikarp:rw]     COREBOOT_SDK_ROOT_arm
[magikarp:rw]     COREBOOT_SDK_ROOT_libstdcxx_arm
[magikarp:rw]     COREBOOT_SDK_ROOT_libstdcxx_x86
[magikarp:rw]     COREBOOT_SDK_ROOT_nds32
[magikarp:rw]     COREBOOT_SDK_ROOT_picolibc_arm
[magikarp:rw]     COREBOOT_SDK_ROOT_picolibc_x86
[magikarp:rw]     COREBOOT_SDK_ROOT_riscv
[magikarp:rw]     COREBOOT_SDK_ROOT_x86
[magikarp:rw] -- Build files have been written to: /mnt/host/source/src/platform/ec/build/zephyr/magikarp/build-rw
[deku:rw] [78/382] Building C object zephyr/arch/arch/arm/core/cortex_m/CMakeFiles/arch__arm__core__cortex_m.dir/fault.c.obj
[deku:rw] [79/382] Building C object zephyr/arch/arch/arm/core/cortex_m/CMakeFiles/arch__arm__core__cortex_m.dir/fpu.c.obj
[deku:rw] [80/382] Building ASM object zephyr/arch/arch/arm/core/cortex_m/CMakeFiles/arch__arm__core__cortex_m.dir/reset.S.obj
[joxer:ro] [337/404] Building C object CMakeFiles/app.dir/mnt/host/source/src/platform/ec/build/zephyr/joxer/modules/ec/common/usbc/usb_tc_drp_acc_trysrc_sm.c.obj
[joxer:rw] [389/404] Building C object zephyr/kernel/CMakeFiles/kernel.dir/sem.c.obj
[joxer:rw] [390/404] Building C object zephyr/kernel/CMakeFiles/kernel.dir/system_work_q.c.obj
[joxer:ro] [338/404] Building C object CMakeFiles/app.dir/mnt/host/source/src/platform/ec/build/zephyr/joxer/modules/ec/common/usbc/usb_prl_sm.c.obj
[joxer:rw] [391/404] Building C object zephyr/kernel/CMakeFiles/kernel.dir/stack.c.obj
[joxer:rw] [392/404] Building C object zephyr/kernel/CMakeFiles/kernel.dir/condvar.c.obj
[joxer:rw] [393/404] Building C object zephyr/kernel/CMakeFiles/kernel.dir/work.c.obj
[deku:rw] [81/382] Building ASM object zephyr/arch/arch/arm/core/cortex_m/CMakeFiles/arch__arm__core__cortex_m.dir/vector_table.S.obj
[joxer:rw] [394/404] Building C object zephyr/kernel/CMakeFiles/kernel.dir/thread.c.obj
[deku:rw] [82/382] Building C object zephyr/arch/arch/arm/core/cortex_m/CMakeFiles/arch__arm__core__cortex_m.dir/scb.c.obj
[joxer:ro] [339/404] Building C object CMakeFiles/app.dir/mnt/host/source/src/platform/ec/build/zephyr/joxer/modules/ec/common/usbc/usbc_pd_policy.c.obj
[deku:rw] [83/382] Building C object zephyr/arch/arch/arm/core/cortex_m/CMakeFiles/arch__arm__core__cortex_m.dir/thread_abort.c.obj
[joxer:ro] [340/404] Building C object CMakeFiles/app.dir/mnt/host/source/src/platform/ec/build/zephyr/joxer/modules/ec/common/usbc/usb_pe_drp_sm.c.obj
[deku:rw] [84/382] Building ASM object zephyr/arch/arch/arm/core/cortex_m/CMakeFiles/arch__arm__core__cortex_m.dir/swap_helper.S.obj
[joxer:ro] [341/404] Building C object CMakeFiles/app.dir/mnt/host/source/src/platform/ec/build/zephyr/joxer/modules/ec/common/usbc/usb_pd_dpm.c.obj
[joxer:rw] [395/404] Building C object zephyr/kernel/CMakeFiles/kernel.dir/thread_monitor.c.obj
[joxer:rw] [396/404] Building C object zephyr/kernel/CMakeFiles/kernel.dir/pipe.c.obj
[joxer:ro] [342/404] Building C object CMakeFiles/app.dir/mnt/host/source/src/platform/ec/build/zephyr/joxer/modules/ec/common/usbc/dp_alt_mode.c.obj
[joxer:rw] [397/404] Building C object zephyr/kernel/CMakeFiles/kernel.dir/timeout.c.obj
[joxer:rw] [398/404] Building C object zephyr/kernel/CMakeFiles/kernel.dir/sched.c.obj
[joxer:ro] [343/404] Building C object CMakeFiles/app.dir/mnt/host/source/src/platform/ec/build/zephyr/joxer/modules/ec/common/usb_pd_host_cmd.c.obj
[joxer:ro] [344/404] Building C object CMakeFiles/app.dir/mnt/host/source/src/platform/ec/build/zephyr/joxer/modules/ec/common/usb_pd_console_cmd.c.obj
Running (initial) lcov on /mnt/host/source/src/platform/ec/build/zephyr/grogu.
[joxer:rw] [399/404] Building C object zephyr/kernel/CMakeFiles/kernel.dir/poll.c.obj
[joxer:rw] [400/404] Building C object zephyr/kernel/CMakeFiles/kernel.dir/timer.c.obj
[deku:rw] [85/382] Building C object zephyr/arch/arch/arm/core/cortex_m/CMakeFiles/arch__arm__core__cortex_m.dir/irq_manage.c.obj
[deku:rw] [86/382] Building C object zephyr/arch/arch/arm/core/cortex_m/CMakeFiles/arch__arm__core__cortex_m.dir/prep_c.c.obj
[deku:rw] [87/382] Building C object zephyr/arch/arch/arm/core/cortex_m/CMakeFiles/arch__arm__core__cortex_m.dir/thread.c.obj
Running `env -i PYTHONPATH=/usr/lib64/python-exec/python3.11:/mnt/host/source/src/platform/ec/zephyr/zmake:/usr/lib/python311.zip:/usr/lib/python3.11:/usr/lib/python3.11/lib-dynload:/usr/lib/python3.11/site-packages PW_PIGWEED_CIPD_INSTALL_DIR=/usr CROSTC_USER_ACKNOWLEDGES_THAT_RISCV_IS_EXPERIMENTAL=1 PATH=/mnt/host/source/chromite/bin:/usr/local/bin:/usr/bin:/bin:/opt/bin:/mnt/host/source/chromite/sdk/bin:/mnt/host/source/chromite/bin HOME=/home/jpmurphy JAVA_HOME=/etc/java-config-2/current-system-vm JDK_HOME=/etc/java-config-2/current-system-vm JAVAC=/etc/java-config-2/current-system-vm/bin/javac MAKEFLAGS=' -j16 --jobserver-auth=5,6' /usr/bin/lcov --gcov-tool /mnt/host/source/src/platform/ec/build/zephyr/grogu/build-rw/gcov.sh -q -o - -c -d /mnt/host/source/src/platform/ec/build/zephyr/grogu -t grogu --rc branch_coverage=1 --filter range --ignore-errors inconsistent,source --ignore-errors gcov,gcov -i`
[joxer:ro] [345/404] Building C object CMakeFiles/app.dir/mnt/host/source/src/platform/ec/build/zephyr/joxer/modules/ec/common/usbc/usb_pd_host.c.obj
[deku:rw] [88/382] Building C object zephyr/arch/arch/arm/core/cortex_m/CMakeFiles/arch__arm__core__cortex_m.dir/cpu_idle.c.obj
[joxer:rw] [401/404] Building C object zephyr/kernel/CMakeFiles/kernel.dir/mempool.c.obj
Running (initial) lcov on /mnt/host/source/src/platform/ec/build/zephyr/quandiso2.
[joxer:rw] [402/404] Building C object zephyr/kernel/CMakeFiles/kernel.dir/events.c.obj
Toolchain <zmake.toolchains.CorebootSdkToolchain object at 0x7f412048a190> selected by probe function.
[skywalker] Building in /mnt/host/source/src/platform/ec/build/zephyr/skywalker.
[joxer:rw] [403/404] Building C object zephyr/kernel/CMakeFiles/kernel.dir/dynamic_disabled.c.obj
[skywalker:ro] Configuring.
[deku:rw] [89/382] Building C object zephyr/arch/arch/arm/core/cortex_m/CMakeFiles/arch__arm__core__cortex_m.dir/irq_init.c.obj
Running `env -i PYTHONPATH=/usr/lib64/python-exec/python3.11:/mnt/host/source/src/platform/ec/zephyr/zmake:/usr/lib/python311.zip:/usr/lib/python3.11:/usr/lib/python3.11/lib-dynload:/usr/lib/python3.11/site-packages PW_PIGWEED_CIPD_INSTALL_DIR=/usr CROSTC_USER_ACKNOWLEDGES_THAT_RISCV_IS_EXPERIMENTAL=1 PATH=/mnt/host/source/chromite/bin:/usr/local/bin:/usr/bin:/bin:/opt/bin:/mnt/host/source/chromite/sdk/bin:/mnt/host/source/chromite/bin HOME=/home/jpmurphy JAVA_HOME=/etc/java-config-2/current-system-vm JDK_HOME=/etc/java-config-2/current-system-vm JAVAC=/etc/java-config-2/current-system-vm/bin/javac MAKEFLAGS=' -j16 --jobserver-auth=5,6' /usr/bin/cmake -S /mnt/host/source/src/platform/ec/zephyr/program/skywalker -B /mnt/host/source/src/platform/ec/build/zephyr/skywalker/build-ro -GNinja -DCMAKE_EXPORT_COMPILE_COMMANDS=ON -DZEPHYR_BASE=/mnt/host/source/src/third_party/zephyr/main -DZMAKE_INCLUDE_DIR=/mnt/host/source/src/platform/ec/build/zephyr/skywalker/include -DPython3_EXECUTABLE=/usr/bin/python3.11 -DDTS_ROOT=/mnt/host/source/src/platform/ec/zephyr -DSYSCALL_INCLUDE_DIRS=/mnt/host/source/src/platform/ec/zephyr/include/drivers -DUSER_CACHE_DIR=/mnt/host/source/src/platform/ec/build/zephyr/user-cache '-DEXTRA_EC_VERSION_FLAGS=--version 16543.0.0 --static' -DTOOLCHAIN_ROOT=/mnt/host/source/src/platform/ec/zephyr -DCOREBOOT_SDK_ROOT_x86=/home/jpmurphy/.cache/coreboot-sdk/i386-elf/dfbb0486385d938cfa9d73080b9d18d598ed4f49 -DCOREBOOT_SDK_ROOT_picolibc_x86=/home/jpmurphy/.cache/coreboot-sdk/picolibc-i386-elf/eb8e8e687b95461de8cbf278f1c2076952d0ad17 -DCOREBOOT_SDK_ROOT_riscv64=/home/jpmurphy/.cache/coreboot-sdk/riscv64-elf/96b949749225b6aaa92ed810ab769e8dfb12f000 -DCOREBOOT_SDK_ROOT_picolibc_arm=/home/jpmurphy/.cache/coreboot-sdk/picolibc-arm-eabi/422a2aa3e1ef891b5bece9a3deb696ff83840d2e -DCOREBOOT_SDK_ROOT_nds32=/home/jpmurphy/.cache/coreboot-sdk/nds32le-elf/d1a518c4a097666d86058e1444f85ca015d15511 -DCOREBOOT_SDK_ROOT_picolibc_riscv64=/home/jpmurphy/.cache/coreboot-sdk/picolibc-riscv64-elf/f571e990ef0278564b31124f8bb109d9a697eb69 -DCOREBOOT_SDK_ROOT_arm=/home/jpmurphy/.cache/coreboot-sdk/arm-eabi/ea40ddd1d190c3b48435c474c0b545719371813a -DCOREBOOT_SDK_ROOT_libstdcxx_riscv64=/home/jpmurphy/.cache/coreboot-sdk/libstdcxx-riscv64-elf/17abf22a3a252e2d5d2062ced5324f7a623689e0 -DCOREBOOT_SDK_ROOT_libstdcxx_arm=/home/jpmurphy/.cache/coreboot-sdk/libstdcxx-arm-eabi/5d7d82e150e44aa1968f1d366e267e6687b328ac -DCOREBOOT_SDK_ROOT_riscv=/home/jpmurphy/.cache/coreboot-sdk/riscv-elf/9a27b9e82341c6e9126624f516ab3f261abb3e73 -DCOREBOOT_SDK_ROOT_libstdcxx_x86=/home/jpmurphy/.cache/coreboot-sdk/libstdcxx-i386-elf/42ef9d2e87a76a37963175d7d428734e65648b87 -DZEPHYR_TOOLCHAIN_VARIANT=coreboot-sdk '-DZEPHYR_MODULES=/mnt/host/source/src/platform/ec/build/zephyr/skywalker/modules/cmsis;/mnt/host/source/src/platform/ec/build/zephyr/skywalker/modules/cmsis_6;/mnt/host/source/src/platform/ec/build/zephyr/skywalker/modules/ec' -DDTC_OVERLAY_FILE=/mnt/host/source/src/platform/ec/zephyr/program/skywalker/skywalker/project.overlay -DBOARD=npcx9/npcx9m7fb -DCMAKE_C_FLAGS=-DSECTION_IS_RO '-DCONF_FILE=/mnt/host/source/src/platform/ec/zephyr/program/skywalker/program.conf;/mnt/host/source/src/platform/ec/zephyr/program/skywalker/skywalker/project.conf;/mnt/host/source/src/platform/ec/build/zephyr/skywalker/kconfig-ro.conf'`
[joxer:ro] [346/404] Building C object CMakeFiles/app.dir/mnt/host/source/src/platform/ec/build/zephyr/joxer/modules/ec/common/usbc/svdm_rsp_dfp_only.c.obj
[skywalker:ro] Loading Zephyr default modules (Zephyr base (cached)).
[skywalker:ro] -- Application: /mnt/host/source/src/platform/ec/zephyr/program/skywalker
[skywalker:ro] -- CMake version: 3.31.7
[joxer:ro] [347/404] Building C object CMakeFiles/app.dir/mnt/host/source/src/platform/ec/build/zephyr/joxer/modules/ec/common/usb_pd_host_cmd_common.c.obj
[deku:rw] [90/382] Generating ../../../include/generated/libc/minimal/strerror_table.h
[joxer:ro] [348/404] Building C object CMakeFiles/app.dir/mnt/host/source/src/platform/ec/build/zephyr/joxer/modules/ec/zephyr/shim/src/tcpc.c.obj
[joxer:rw] [404/404] Linking C static library zephyr/kernel/libkernel.a
[deku:rw] [91/382] Building C object zephyr/arch/arch/arm/core/cortex_m/CMakeFiles/arch__arm__core__cortex_m.dir/isr_wrapper.c.obj
[deku:rw] [92/382] Building C object zephyr/lib/libc/minimal/CMakeFiles/lib__libc__minimal.dir/source/stdlib/atoi.c.obj
[deku:rw] [93/382] Linking C static library zephyr/arch/arch/arm/core/cortex_m/libarch__arm__core__cortex_m.a
Running `env -i PYTHONPATH=/usr/lib64/python-exec/python3.11:/mnt/host/source/src/platform/ec/zephyr/zmake:/usr/lib/python311.zip:/usr/lib/python3.11:/usr/lib/python3.11/lib-dynload:/usr/lib/python3.11/site-packages PW_PIGWEED_CIPD_INSTALL_DIR=/usr CROSTC_USER_ACKNOWLEDGES_THAT_RISCV_IS_EXPERIMENTAL=1 PATH=/mnt/host/source/chromite/bin:/usr/local/bin:/usr/bin:/bin:/opt/bin:/mnt/host/source/chromite/sdk/bin:/mnt/host/source/chromite/bin HOME=/home/jpmurphy JAVA_HOME=/etc/java-config-2/current-system-vm JDK_HOME=/etc/java-config-2/current-system-vm JAVAC=/etc/java-config-2/current-system-vm/bin/javac MAKEFLAGS=' -j16 --jobserver-auth=5,6' /usr/bin/lcov --gcov-tool /mnt/host/source/src/platform/ec/build/zephyr/quandiso2/build-rw/gcov.sh -q -o - -c -d /mnt/host/source/src/platform/ec/build/zephyr/quandiso2 -t quandiso2 --rc branch_coverage=1 --filter range --ignore-errors inconsistent,source --ignore-errors gcov,gcov -i`
[deku:rw] [94/382] Building C object zephyr/arch/arch/arm/core/mpu/CMakeFiles/arch__arm__core__mpu.dir/arm_core_mpu.c.obj
[joxer:ro] [349/404] Building C object CMakeFiles/app.dir/mnt/host/source/src/platform/ec/build/zephyr/joxer/modules/ec/common/usbc_ocp.c.obj
[joxer:ro] [350/404] Building C object CMakeFiles/app.dir/mnt/host/source/src/platform/ec/build/zephyr/joxer/modules/ec/common/usb_pd_discovery.c.obj
[deku:rw] [95/382] Building C object zephyr/arch/arch/arm/core/mpu/CMakeFiles/arch__arm__core__mpu.dir/arm_mpu_regions.c.obj
[deku:rw] [96/382] Building C object zephyr/lib/libc/minimal/CMakeFiles/lib__libc__minimal.dir/source/stdlib/strtoul.c.obj
[skywalker:ro] -- Found Python3: /usr/bin/python3.11 (found suitable version "3.11.11", minimum required is "3.10") found components: Interpreter
[skywalker:ro] -- Cache files will be written to: /mnt/host/source/src/platform/ec/build/zephyr/user-cache
[deku:rw] [97/382] Building C object zephyr/lib/libc/minimal/CMakeFiles/lib__libc__minimal.dir/source/stdlib/strtol.c.obj
[deku:rw] [98/382] Building C object zephyr/lib/libc/minimal/CMakeFiles/lib__libc__minimal.dir/source/stdlib/strtoll.c.obj
[skywalker:ro] -- Zephyr version: 4.3.99 (/mnt/host/source/src/third_party/zephyr/main)
[deku:rw] [99/382] Building C object zephyr/arch/arch/arm/core/mpu/CMakeFiles/arch__arm__core__mpu.dir/arm_mpu.c.obj
[deku:rw] [100/382] Building C object zephyr/lib/libc/minimal/CMakeFiles/lib__libc__minimal.dir/source/stdlib/strtoull.c.obj
[deku:rw] [101/382] Building C object zephyr/lib/libc/minimal/CMakeFiles/lib__libc__minimal.dir/source/stdlib/bsearch.c.obj
[deku:rw] [102/382] Linking C static library zephyr/arch/arch/arm/core/mpu/libarch__arm__core__mpu.a
[/mnt/host/source/src/platform/ec/build/zephyr/grogu-lcov] geninfo: WARNING: using JSON module "JSON::PP" - which is much slower than some alternatives.  Consider installing one of JSON::XS or Cpanel::JSON::XS
[joxer:ro] [351/404] Building C object CMakeFiles/app.dir/mnt/host/source/src/platform/ec/build/zephyr/joxer/modules/ec/common/usb_pd_dual_role.c.obj
[deku:rw] [103/382] Building C object zephyr/lib/libc/minimal/CMakeFiles/lib__libc__minimal.dir/source/string/strerror.c.obj
[joxer:ro] [352/404] Building C object CMakeFiles/app.dir/mnt/host/source/src/platform/ec/build/zephyr/joxer/modules/ec/driver/tcpm/ps8xxx.c.obj
[deku:rw] [104/382] Building C object zephyr/lib/libc/minimal/CMakeFiles/lib__libc__minimal.dir/source/string/strncasecmp.c.obj
[deku:rw] [105/382] Building C object zephyr/lib/libc/minimal/CMakeFiles/lib__libc__minimal.dir/source/stdlib/qsort.c.obj
[deku:rw] [106/382] Building C object zephyr/lib/libc/minimal/CMakeFiles/lib__libc__minimal.dir/source/string/strstr.c.obj
[joxer:ro] [353/404] Building C object CMakeFiles/app.dir/mnt/host/source/src/platform/ec/build/zephyr/joxer/modules/ec/driver/tcpm/ite_pd_intc.c.obj
[deku:rw] [107/382] Building C object zephyr/lib/libc/minimal/CMakeFiles/lib__libc__minimal.dir/source/string/string.c.obj
[deku:rw] [108/382] Building C object zephyr/lib/libc/minimal/CMakeFiles/lib__libc__minimal.dir/source/string/strspn.c.obj
[joxer:ro] [354/404] Building C object CMakeFiles/app.dir/mnt/host/source/src/platform/ec/build/zephyr/joxer/modules/ec/common/vboot_hash.c.obj
[joxer:ro] [355/404] Building C object CMakeFiles/app.dir/mnt/host/source/src/platform/ec/build/zephyr/joxer/modules/ec/driver/tcpm/tcpci.c.obj
[joxer:ro] [356/404] Building C object CMakeFiles/app.dir/mnt/host/source/src/platform/ec/build/zephyr/joxer/modules/ec/driver/tcpm/it8xxx2.c.obj
[deku:rw] [109/382] Building C object zephyr/lib/libc/minimal/CMakeFiles/lib__libc__minimal.dir/source/stdlib/exit.c.obj
[joxer:ro] [357/404] Building C object CMakeFiles/app.dir/mnt/host/source/src/platform/ec/build/zephyr/joxer/modules/ec/common/button.c.obj
[joxer:ro] [358/404] Building C object CMakeFiles/app.dir/mnt/host/source/src/platform/ec/build/zephyr/joxer/modules/ec/common/vboot/efs2.c.obj
[deku:rw] [110/382] Building C object zephyr/lib/libc/minimal/CMakeFiles/lib__libc__minimal.dir/source/math/sqrtf.c.obj
[/mnt/host/source/src/platform/ec/build/zephyr/quandiso2-lcov] geninfo: WARNING: using JSON module "JSON::PP" - which is much slower than some alternatives.  Consider installing one of JSON::XS or Cpanel::JSON::XS
[deku:rw] [111/382] Building C object zephyr/lib/libc/minimal/CMakeFiles/lib__libc__minimal.dir/source/math/sqrt.c.obj
[joxer:ro] [359/404] Building C object CMakeFiles/app.dir/mnt/host/source/src/platform/ec/build/zephyr/joxer/modules/ec/common/math_util.c.obj
[joxer:ro] [360/404] Building C object CMakeFiles/app.dir/mnt/host/source/src/platform/ec/build/zephyr/joxer/modules/ec/common/vstore.c.obj
[deku:rw] [112/382] Building C object zephyr/lib/libc/minimal/CMakeFiles/lib__libc__minimal.dir/source/stdout/stdout_console.c.obj
[deku:rw] [113/382] Building C object zephyr/lib/libc/minimal/CMakeFiles/lib__libc__minimal.dir/source/stdout/sprintf.c.obj
[deku:rw] [114/382] Building C object zephyr/lib/libc/minimal/CMakeFiles/lib__libc__minimal.dir/source/stdout/fprintf.c.obj
[/mnt/host/source/src/platform/ec/build/zephyr/grogu-lcov] stderr:
[deku:rw] [115/382] Building C object zephyr/lib/libc/common/CMakeFiles/lib__libc__common.dir/source/time/gmtime_r.c.obj
[joxer:ro] [361/404] Building C object CMakeFiles/app.dir/joxer/src/board.c.obj
[deku:rw] [116/382] Building C object zephyr/lib/libc/common/CMakeFiles/lib__libc__common.dir/source/time/asctime.c.obj
[joxer:ro] [362/404] Building C object CMakeFiles/app.dir/src/board_power.c.obj
[joxer:ro] [363/404] Building C object CMakeFiles/app.dir/src/common.c.obj
[skywalker:ro] -- Board: npcx9, qualifiers: npcx9m7fb
[deku:rw] [117/382] Building C object zephyr/lib/libc/common/CMakeFiles/lib__libc__common.dir/source/time/localtime_r_utc.c.obj
[deku:rw] [118/382] Building C object zephyr/lib/libc/common/CMakeFiles/lib__libc__common.dir/source/time/ctime.c.obj
[deku:rw] [119/382] Building C object zephyr/lib/libc/minimal/CMakeFiles/lib__libc__minimal.dir/source/time/gmtime.c.obj
[joxer:ro] [364/404] Building C object CMakeFiles/app.dir/joxer/src/led.c.obj
[joxer:ro] [365/404] Building C object CMakeFiles/app.dir/joxer/src/keyboard.c.obj
[deku:rw] [120/382] Building C object zephyr/lib/libc/common/CMakeFiles/lib__libc__common.dir/source/time/time.c.obj
[joxer:ro] [366/404] Building C object CMakeFiles/app.dir/joxer/src/form_factor.c.obj
[deku:rw] [121/382] Linking C static library zephyr/lib/libc/minimal/liblib__libc__minimal.a
[joxer:ro] [367/404] Linking C static library modules/ec/zephyr/libec_shim.a
[deku:rw] [122/382] Building C object zephyr/lib/libc/common/CMakeFiles/lib__libc__common.dir/source/stdlib/abort.c.obj
[deku:rw] [123/382] Building C object zephyr/lib/libc/common/CMakeFiles/lib__libc__common.dir/source/string/strnlen.c.obj
[/mnt/host/source/src/platform/ec/build/zephyr/grogu-lcov]   /mnt/host/source/src/platform/ec/build/zephyr/grogu/build-ro/modules/ec/zephyr/CMakeFiles/ec_shim.dir/shim/src/power.c.gcno:no functions found
[/mnt/host/source/src/platform/ec/build/zephyr/grogu-lcov] stderr:
[deku:rw] [124/382] Building C object zephyr/lib/posix/c_lib_ext/CMakeFiles/lib__posix__c_lib_ext.dir/fnmatch.c.obj
[deku:rw] [125/382] Building C object zephyr/subsys/crc/CMakeFiles/subsys__crc.dir/crc4_sw.c.obj
[joxer:ro] [368/404] Building C object CMakeFiles/app.dir/joxer/src/thermal.c.obj
[/mnt/host/source/src/platform/ec/build/zephyr/quandiso2-lcov] stderr:
[deku:rw] [126/382] Building C object zephyr/subsys/crc/CMakeFiles/subsys__crc.dir/crc16_sw.c.obj
[deku:rw] [127/382] Building C object zephyr/subsys/crc/CMakeFiles/subsys__crc.dir/crc8_sw.c.obj
[joxer:ro] [369/404] Building C object CMakeFiles/app.dir/joxer/src/sub_board.c.obj
[/mnt/host/source/src/platform/ec/build/zephyr/grogu-lcov]   /mnt/host/source/src/platform/ec/build/zephyr/grogu/build-ro/modules/ec/zephyr/CMakeFiles/ec_shim.dir/shim/src/battery.c.gcno:no functions found
[/mnt/host/source/src/platform/ec/build/zephyr/grogu-lcov] stderr:
[deku:rw] [128/382] Building C object zephyr/subsys/crc/CMakeFiles/subsys__crc.dir/crc24_sw.c.obj
[/mnt/host/source/src/platform/ec/build/zephyr/grogu-lcov]   /mnt/host/source/src/platform/ec/build/zephyr/grogu/build-ro/modules/ec/zephyr/CMakeFiles/ec_shim.dir/shim/src/charger.c.gcno:no functions found
[/mnt/host/source/src/platform/ec/build/zephyr/grogu-lcov] stderr:
[deku:rw] [129/382] Building C object zephyr/subsys/crc/CMakeFiles/subsys__crc.dir/crc7_sw.c.obj
[joxer:ro] [370/404] Building C object CMakeFiles/app.dir/joxer/src/fan.c.obj
[joxer:ro] [371/404] Building C object CMakeFiles/app.dir/joxer/src/charger.c.obj
[joxer:ro] [372/404] Building C object zephyr/kernel/CMakeFiles/kernel.dir/banner.c.obj
[deku:rw] [130/382] Building C object zephyr/subsys/crc/CMakeFiles/subsys__crc.dir/crc32c_sw.c.obj
[deku:rw] [131/382] Building C object zephyr/subsys/crc/CMakeFiles/subsys__crc.dir/crc32_sw.c.obj
[/mnt/host/source/src/platform/ec/build/zephyr/quandiso2-lcov]   /mnt/host/source/src/platform/ec/build/zephyr/quandiso2/build-ro/modules/ec/zephyr/CMakeFiles/ec_shim.dir/shim/src/thermal.c.gcno:no functions found
[/mnt/host/source/src/platform/ec/build/zephyr/quandiso2-lcov] stderr:
[deku:rw] [132/382] Building C object zephyr/lib/libc/common/CMakeFiles/lib__libc__common.dir/source/stdlib/malloc.c.obj
[joxer:ro] [373/404] Building C object zephyr/kernel/CMakeFiles/kernel.dir/busy_wait.c.obj
[joxer:ro] [374/404] Building C object CMakeFiles/app.dir/joxer/src/usbc.c.obj
[deku:rw] [133/382] Building C object zephyr/subsys/crc/CMakeFiles/subsys__crc.dir/crc32k_4_2_sw.c.obj
[deku:rw] [134/382] Building C object zephyr/lib/posix/c_lib_ext/CMakeFiles/lib__posix__c_lib_ext.dir/getentropy.c.obj
[joxer:ro] [375/404] Building C object zephyr/kernel/CMakeFiles/kernel.dir/device.c.obj
[deku:rw] [135/382] Building C object zephyr/lib/posix/c_lib_ext/CMakeFiles/lib__posix__c_lib_ext.dir/getopt_shim.c.obj
[deku:rw] [136/382] Linking C static library zephyr/lib/libc/common/liblib__libc__common.a
[deku:rw] [137/382] Linking C static library zephyr/subsys/crc/libsubsys__crc.a
[joxer:ro] [376/404] Building C object zephyr/kernel/CMakeFiles/kernel.dir/errno.c.obj
[deku:rw] [138/382] Linking C static library zephyr/lib/posix/c_lib_ext/liblib__posix__c_lib_ext.a
[joxer:ro] [377/404] Building C object zephyr/kernel/CMakeFiles/kernel.dir/version.c.obj
[joxer:ro] [378/404] Linking C static library app/libapp.a
[/mnt/host/source/src/platform/ec/build/zephyr/quandiso2-lcov]   /mnt/host/source/src/platform/ec/build/zephyr/quandiso2/build-ro/modules/ec/zephyr/CMakeFiles/ec_shim.dir/shim/src/battery.c.gcno:no functions found
[/mnt/host/source/src/platform/ec/build/zephyr/quandiso2-lcov] stderr:
[/mnt/host/source/src/platform/ec/build/zephyr/quandiso2-lcov]   /mnt/host/source/src/platform/ec/build/zephyr/quandiso2/build-ro/modules/ec/zephyr/CMakeFiles/ec_shim.dir/shim/src/charger.c.gcno:no functions found
[/mnt/host/source/src/platform/ec/build/zephyr/quandiso2-lcov] stderr:
[joxer:ro] [379/404] Building C object zephyr/kernel/CMakeFiles/kernel.dir/kheap.c.obj
[joxer:ro] [380/404] Building C object zephyr/kernel/CMakeFiles/kernel.dir/fatal.c.obj
[/mnt/host/source/src/platform/ec/build/zephyr/grogu-lcov]   /mnt/host/source/src/platform/ec/build/zephyr/grogu/build-ro/modules/ec/zephyr/CMakeFiles/ec_shim.dir/shim/src/usb_muxes.c.gcno:no functions found
[/mnt/host/source/src/platform/ec/build/zephyr/grogu-lcov] stderr:
[joxer:ro] [381/404] Building C object zephyr/kernel/CMakeFiles/kernel.dir/init.c.obj
[joxer:ro] [382/404] Building C object zephyr/kernel/CMakeFiles/kernel.dir/mem_slab.c.obj
[joxer:ro] [383/404] Building C object zephyr/kernel/CMakeFiles/kernel.dir/float.c.obj
[deku:rw] [139/382] Building C object zephyr/drivers/adc/CMakeFiles/drivers__adc.dir/adc_common.c.obj
[deku:rw] [140/382] Building C object zephyr/drivers/interrupt_controller/CMakeFiles/drivers__interrupt_controller.dir/intc_miwu.c.obj
[joxer:ro] [384/404] Building C object zephyr/kernel/CMakeFiles/kernel.dir/idle.c.obj
[deku:rw] [141/382] Building C object zephyr/drivers/bbram/CMakeFiles/drivers__bbram.dir/bbram_npcx.c.obj
[deku:rw] [142/382] Building C object zephyr/drivers/clock_control/CMakeFiles/drivers__clock_control.dir/clock_control_npcx.c.obj
[joxer:ro] [385/404] Building C object zephyr/kernel/CMakeFiles/kernel.dir/mailbox.c.obj
[deku:rw] [143/382] Linking C static library zephyr/drivers/interrupt_controller/libdrivers__interrupt_controller.a
[/mnt/host/source/src/platform/ec/build/zephyr/grogu-lcov]   /mnt/host/source/src/platform/ec/build/zephyr/grogu/build-ro/modules/ec/zephyr/CMakeFiles/ec_shim.dir/shim/src/usba.c.gcno:no functions found
[/mnt/host/source/src/platform/ec/build/zephyr/grogu-lcov] stderr:
[deku:rw] [144/382] Linking C static library zephyr/drivers/clock_control/libdrivers__clock_control.a
[deku:rw] [145/382] Linking C static library zephyr/drivers/bbram/libdrivers__bbram.a
[skywalker:ro] -- Found Dtc: /usr/bin/dtc (found suitable version "1.6.0", minimum required is "1.4.6")
[skywalker:ro] -- Found BOARD.dts: /mnt/host/source/src/platform/ec/zephyr/boards/google/npcx9/npcx9_npcx9m7fb.dts
[joxer:ro] [386/404] Building C object zephyr/kernel/CMakeFiles/kernel.dir/msg_q.c.obj
[deku:rw] [146/382] Building C object zephyr/drivers/adc/CMakeFiles/drivers__adc.dir/adc_npcx.c.obj
[/mnt/host/source/src/platform/ec/build/zephyr/quandiso2-lcov]   /mnt/host/source/src/platform/ec/build/zephyr/quandiso2/build-ro/modules/ec/zephyr/CMakeFiles/ec_shim.dir/shim/src/usb_muxes.c.gcno:no functions found
[/mnt/host/source/src/platform/ec/build/zephyr/quandiso2-lcov] stderr:
[deku:rw] [147/382] Linking C static library zephyr/drivers/adc/libdrivers__adc.a
[joxer:ro] [387/404] Building C object zephyr/kernel/CMakeFiles/kernel.dir/mutex.c.obj
[joxer:ro] [388/404] Building C object zephyr/kernel/CMakeFiles/kernel.dir/queue.c.obj
[joxer:ro] [389/404] Building C object zephyr/kernel/CMakeFiles/kernel.dir/stack.c.obj
[joxer:ro] [390/404] Building C object zephyr/kernel/CMakeFiles/kernel.dir/sem.c.obj
[joxer:ro] [391/404] Building C object zephyr/kernel/CMakeFiles/kernel.dir/system_work_q.c.obj
[deku:rw] [148/382] Building C object zephyr/drivers/console/CMakeFiles/drivers__console.dir/uart_console.c.obj
[joxer:ro] [392/404] Building C object zephyr/kernel/CMakeFiles/kernel.dir/work.c.obj
[deku:rw] [149/382] Linking C static library zephyr/drivers/console/libdrivers__console.a
[joxer:ro] [393/404] Building C object zephyr/kernel/CMakeFiles/kernel.dir/condvar.c.obj
[deku:rw] [150/382] Building C object zephyr/drivers/eeprom/CMakeFiles/drivers__eeprom.dir/eeprom_shell.c.obj
[joxer:ro] [394/404] Building C object zephyr/kernel/CMakeFiles/kernel.dir/thread.c.obj
[deku:rw] [151/382] Building C object zephyr/drivers/eeprom/CMakeFiles/drivers__eeprom.dir/eeprom_at2x.c.obj
[deku:rw] [152/382] Linking C static library zephyr/drivers/eeprom/libdrivers__eeprom.a
[joxer:ro] [395/404] Building C object zephyr/kernel/CMakeFiles/kernel.dir/pipe.c.obj
[deku:rw] [153/382] Building C object zephyr/drivers/espi/CMakeFiles/drivers__espi.dir/espi_npcx.c.obj
[joxer:ro] [396/404] Building C object zephyr/kernel/CMakeFiles/kernel.dir/thread_monitor.c.obj
[deku:ro] Building: /usr/bin/ninja -C /mnt/host/source/src/platform/ec/build/zephyr/deku/build-ro all.libraries
Running `env -i SHELL=/bin/bash COLORTERM=truecolor DEPOT_TOOLS_UPDATE=0 LESS='-R -M --shift 5' SUDO_GID=0 JDK_HOME=/etc/java-config-2/current-system-vm CONFIG_PROTECT_MASK='/etc/gentoo-release /etc/sandbox.d /etc/fonts/fonts.conf /etc/terminfo /etc/ca-certificates.conf /etc/revdep-rebuild' CHROMEOS_CACHEDIR=/var/cache/chromeos-cache JAVA_HOME=/etc/java-config-2/current-system-vm SSH_AUTH_SOCK=/tmp/ssh-auth-sock SUDO_COMMAND=/bin/bash SUDO_USER=root SUDO_TTY=/dev/pts/2 EDITOR=/usr/bin/vi PWD=/mnt/host/source/src/platform/ec CONFIG_PROTECT=/usr/share/gnupg/qualified.txt LOGNAME=jpmurphy MANPATH=/etc/java-config-2/current-system-vm/man:/usr/local/share/man:/usr/share/man:/usr/share/gcc-data/x86_64-pc-linux-gnu/10.2.0/man:/usr/share/binutils-data/x86_64-pc-linux-gnu/2.45/man:/etc/java-config-2/current-system-vm/man/ SUDO_HOME=/root XAUTHORITY=/run/user/944457/gdm/Xauthority HOME=/home/jpmurphy LANG=C.UTF-8 LS_COLORS='rs=0:di=01;34:ln=01;36:mh=00:pi=40;33:so=01;35:do=01;35:bd=40;33;01:cd=40;33;01:or=01;05;37;41:mi=01;05;37;41:su=37;41:sg=30;43:ca=30;41:tw=30;42:ow=34;42:st=37;44:ex=01;32:*.tar=01;31:*.tgz=01;31:*.arc=01;31:*.arj=01;31:*.taz=01;31:*.lha=01;31:*.lz4=01;31:*.lzh=01;31:*.lzma=01;31:*.tlz=01;31:*.txz=01;31:*.tzo=01;31:*.t7z=01;31:*.zip=01;31:*.z=01;31:*.dz=01;31:*.gz=01;31:*.lrz=01;31:*.lz=01;31:*.lzo=01;31:*.xz=01;31:*.zst=01;31:*.tzst=01;31:*.bz2=01;31:*.bz=01;31:*.tbz=01;31:*.tbz2=01;31:*.tz=01;31:*.deb=01;31:*.rpm=01;31:*.jar=01;31:*.war=01;31:*.ear=01;31:*.sar=01;31:*.rar=01;31:*.alz=01;31:*.ace=01;31:*.zoo=01;31:*.cpio=01;31:*.7z=01;31:*.rz=01;31:*.cab=01;31:*.wim=01;31:*.swm=01;31:*.dwm=01;31:*.esd=01;31:*.jpg=01;35:*.jpeg=01;35:*.mjpg=01;35:*.mjpeg=01;35:*.gif=01;35:*.bmp=01;35:*.pbm=01;35:*.pgm=01;35:*.ppm=01;35:*.tga=01;35:*.xbm=01;35:*.xpm=01;35:*.tif=01;35:*.tiff=01;35:*.png=01;35:*.svg=01;35:*.svgz=01;35:*.mng=01;35:*.pcx=01;35:*.mov=01;35:*.mpg=01;35:*.mpeg=01;35:*.m2v=01;35:*.mkv=01;35:*.webm=01;35:*.webp=01;35:*.ogm=01;35:*.mp4=01;35:*.m4v=01;35:*.mp4v=01;35:*.vob=01;35:*.qt=01;35:*.nuv=01;35:*.wmv=01;35:*.asf=01;35:*.rm=01;35:*.rmvb=01;35:*.flc=01;35:*.avi=01;35:*.fli=01;35:*.flv=01;35:*.gl=01;35:*.dl=01;35:*.xcf=01;35:*.xwd=01;35:*.yuv=01;35:*.cgm=01;35:*.emf=01;35:*.ogv=01;35:*.ogx=01;35:*.cfg=00;32:*.conf=00;32:*.diff=00;32:*.doc=00;32:*.ini=00;32:*.log=00;32:*.patch=00;32:*.pdf=00;32:*.ps=00;32:*.tex=00;32:*.txt=00;32:*.aac=00;36:*.au=00;36:*.flac=00;36:*.m4a=00;36:*.mid=00;36:*.midi=00;36:*.mka=00;36:*.mp3=00;36:*.mpc=00;36:*.ogg=00;36:*.ra=00;36:*.wav=00;36:*.oga=00;36:*.opus=00;36:*.spx=00;36:*.xspf=00;36:' XDG_CURRENT_DESKTOP=GNOME INFOPATH=/usr/share/info:/usr/share/gcc-data/x86_64-pc-linux-gnu/10.2.0/info:/usr/share/binutils-data/x86_64-pc-linux-gnu/2.45/info:/usr/share/automake-1.16.5/info JAVAC=/etc/java-config-2/current-system-vm/bin/javac TERM=xterm-256color LESSOPEN='|lesspipe %s' USER=jpmurphy CROS_WORKON_SRCROOT=/mnt/host/source MANPAGER=manpager DISPLAY=:1 SHLVL=1 LC_MESSAGES=C EXTERNAL_TRUNK_PATH=/mnt/8f9d649a-3721-44cc-93c0-e6bd21a9689f/chromiumos GCC_SPECS='' PATH=/mnt/host/source/chromite/bin:/usr/local/bin:/usr/bin:/bin:/opt/bin:/mnt/host/source/chromite/sdk/bin:/mnt/host/source/chromite/bin PORTAGE_USERNAME=jpmurphy SUDO_UID=0 GCC_VER=10.2.0 MAIL=/var/mail/jpmurphy OLDPWD=/mnt/host/source/src/scripts traceparent=00-e87aca51550a78635907baa6a2476181-6d684811675d2973-01 _=./zephyr/firmware_builder.py COREBOOT_SDK_ROOT_x86=/home/jpmurphy/.cache/coreboot-sdk/i386-elf/dfbb0486385d938cfa9d73080b9d18d598ed4f49 COREBOOT_SDK_ROOT_picolibc_x86=/home/jpmurphy/.cache/coreboot-sdk/picolibc-i386-elf/eb8e8e687b95461de8cbf278f1c2076952d0ad17 COREBOOT_SDK_ROOT_riscv64=/home/jpmurphy/.cache/coreboot-sdk/riscv64-elf/96b949749225b6aaa92ed810ab769e8dfb12f000 COREBOOT_SDK_ROOT_picolibc_arm=/home/jpmurphy/.cache/coreboot-sdk/picolibc-arm-eabi/422a2aa3e1ef891b5bece9a3deb696ff83840d2e COREBOOT_SDK_ROOT_nds32=/home/jpmurphy/.cache/coreboot-sdk/nds32le-elf/d1a518c4a097666d86058e1444f85ca015d15511 COREBOOT_SDK_ROOT_picolibc_riscv64=/home/jpmurphy/.cache/coreboot-sdk/picolibc-riscv64-elf/f571e990ef0278564b31124f8bb109d9a697eb69 COREBOOT_SDK_ROOT_arm=/home/jpmurphy/.cache/coreboot-sdk/arm-eabi/ea40ddd1d190c3b48435c474c0b545719371813a COREBOOT_SDK_ROOT_libstdcxx_riscv64=/home/jpmurphy/.cache/coreboot-sdk/libstdcxx-riscv64-elf/17abf22a3a252e2d5d2062ced5324f7a623689e0 COREBOOT_SDK_ROOT_libstdcxx_arm=/home/jpmurphy/.cache/coreboot-sdk/libstdcxx-arm-eabi/5d7d82e150e44aa1968f1d366e267e6687b328ac COREBOOT_SDK_ROOT_riscv=/home/jpmurphy/.cache/coreboot-sdk/riscv-elf/9a27b9e82341c6e9126624f516ab3f261abb3e73 COREBOOT_SDK_ROOT_libstdcxx_x86=/home/jpmurphy/.cache/coreboot-sdk/libstdcxx-i386-elf/42ef9d2e87a76a37963175d7d428734e65648b87 PYTHONPATH=/mnt/host/source/src/platform/ec/zephyr/zmake PW_PIGWEED_CIPD_INSTALL_DIR=/usr CROSTC_USER_ACKNOWLEDGES_THAT_RISCV_IS_EXPERIMENTAL=1 MAKEFLAGS=' -j16 --jobserver-auth=5,6' /usr/bin/ninja -C /mnt/host/source/src/platform/ec/build/zephyr/deku/build-ro all.libraries`
[joxer:ro] [397/404] Building C object zephyr/kernel/CMakeFiles/kernel.dir/timer.c.obj
[deku:rw] [154/382] Building C object zephyr/drivers/espi/CMakeFiles/drivers__espi.dir/host_subs_npcx.c.obj
[deku:ro] ninja: Entering directory `/mnt/host/source/src/platform/ec/build/zephyr/deku/build-ro'
[deku:rw] [155/382] Linking C static library zephyr/drivers/espi/libdrivers__espi.a
[skywalker:rw] Configuring.
Running `env -i PYTHONPATH=/usr/lib64/python-exec/python3.11:/mnt/host/source/src/platform/ec/zephyr/zmake:/usr/lib/python311.zip:/usr/lib/python3.11:/usr/lib/python3.11/lib-dynload:/usr/lib/python3.11/site-packages PW_PIGWEED_CIPD_INSTALL_DIR=/usr CROSTC_USER_ACKNOWLEDGES_THAT_RISCV_IS_EXPERIMENTAL=1 PATH=/mnt/host/source/chromite/bin:/usr/local/bin:/usr/bin:/bin:/opt/bin:/mnt/host/source/chromite/sdk/bin:/mnt/host/source/chromite/bin HOME=/home/jpmurphy JAVA_HOME=/etc/java-config-2/current-system-vm JDK_HOME=/etc/java-config-2/current-system-vm JAVAC=/etc/java-config-2/current-system-vm/bin/javac MAKEFLAGS=' -j16 --jobserver-auth=5,6' /usr/bin/cmake -S /mnt/host/source/src/platform/ec/zephyr/program/skywalker -B /mnt/host/source/src/platform/ec/build/zephyr/skywalker/build-rw -GNinja -DCMAKE_EXPORT_COMPILE_COMMANDS=ON -DZEPHYR_BASE=/mnt/host/source/src/third_party/zephyr/main -DZMAKE_INCLUDE_DIR=/mnt/host/source/src/platform/ec/build/zephyr/skywalker/include -DPython3_EXECUTABLE=/usr/bin/python3.11 -DDTS_ROOT=/mnt/host/source/src/platform/ec/zephyr -DSYSCALL_INCLUDE_DIRS=/mnt/host/source/src/platform/ec/zephyr/include/drivers -DUSER_CACHE_DIR=/mnt/host/source/src/platform/ec/build/zephyr/user-cache '-DEXTRA_EC_VERSION_FLAGS=--version 16543.0.0 --static' -DTOOLCHAIN_ROOT=/mnt/host/source/src/platform/ec/zephyr -DCOREBOOT_SDK_ROOT_x86=/home/jpmurphy/.cache/coreboot-sdk/i386-elf/dfbb0486385d938cfa9d73080b9d18d598ed4f49 -DCOREBOOT_SDK_ROOT_picolibc_x86=/home/jpmurphy/.cache/coreboot-sdk/picolibc-i386-elf/eb8e8e687b95461de8cbf278f1c2076952d0ad17 -DCOREBOOT_SDK_ROOT_riscv64=/home/jpmurphy/.cache/coreboot-sdk/riscv64-elf/96b949749225b6aaa92ed810ab769e8dfb12f000 -DCOREBOOT_SDK_ROOT_picolibc_arm=/home/jpmurphy/.cache/coreboot-sdk/picolibc-arm-eabi/422a2aa3e1ef891b5bece9a3deb696ff83840d2e -DCOREBOOT_SDK_ROOT_nds32=/home/jpmurphy/.cache/coreboot-sdk/nds32le-elf/d1a518c4a097666d86058e1444f85ca015d15511 -DCOREBOOT_SDK_ROOT_picolibc_riscv64=/home/jpmurphy/.cache/coreboot-sdk/picolibc-riscv64-elf/f571e990ef0278564b31124f8bb109d9a697eb69 -DCOREBOOT_SDK_ROOT_arm=/home/jpmurphy/.cache/coreboot-sdk/arm-eabi/ea40ddd1d190c3b48435c474c0b545719371813a -DCOREBOOT_SDK_ROOT_libstdcxx_riscv64=/home/jpmurphy/.cache/coreboot-sdk/libstdcxx-riscv64-elf/17abf22a3a252e2d5d2062ced5324f7a623689e0 -DCOREBOOT_SDK_ROOT_libstdcxx_arm=/home/jpmurphy/.cache/coreboot-sdk/libstdcxx-arm-eabi/5d7d82e150e44aa1968f1d366e267e6687b328ac -DCOREBOOT_SDK_ROOT_riscv=/home/jpmurphy/.cache/coreboot-sdk/riscv-elf/9a27b9e82341c6e9126624f516ab3f261abb3e73 -DCOREBOOT_SDK_ROOT_libstdcxx_x86=/home/jpmurphy/.cache/coreboot-sdk/libstdcxx-i386-elf/42ef9d2e87a76a37963175d7d428734e65648b87 -DZEPHYR_TOOLCHAIN_VARIANT=coreboot-sdk '-DZEPHYR_MODULES=/mnt/host/source/src/platform/ec/build/zephyr/skywalker/modules/cmsis;/mnt/host/source/src/platform/ec/build/zephyr/skywalker/modules/cmsis_6;/mnt/host/source/src/platform/ec/build/zephyr/skywalker/modules/ec' -DDTC_OVERLAY_FILE=/mnt/host/source/src/platform/ec/zephyr/program/skywalker/skywalker/project.overlay -DBOARD=npcx9/npcx9m7fb -DCMAKE_C_FLAGS=-DSECTION_IS_RW '-DCONF_FILE=/mnt/host/source/src/platform/ec/zephyr/program/skywalker/program.conf;/mnt/host/source/src/platform/ec/zephyr/program/skywalker/skywalker/project.conf;/mnt/host/source/src/platform/ec/build/zephyr/skywalker/kconfig-rw.conf'`
[joxer:ro] [398/404] Building C object zephyr/kernel/CMakeFiles/kernel.dir/timeout.c.obj
[skywalker:rw] -- Application: /mnt/host/source/src/platform/ec/zephyr/program/skywalker
[skywalker:rw] Loading Zephyr default modules (Zephyr base (cached)).
[magikarp:ro] Configuring.
Running `env -i PYTHONPATH=/usr/lib64/python-exec/python3.11:/mnt/host/source/src/platform/ec/zephyr/zmake:/usr/lib/python311.zip:/usr/lib/python3.11:/usr/lib/python3.11/lib-dynload:/usr/lib/python3.11/site-packages PW_PIGWEED_CIPD_INSTALL_DIR=/usr CROSTC_USER_ACKNOWLEDGES_THAT_RISCV_IS_EXPERIMENTAL=1 PATH=/mnt/host/source/chromite/bin:/usr/local/bin:/usr/bin:/bin:/opt/bin:/mnt/host/source/chromite/sdk/bin:/mnt/host/source/chromite/bin HOME=/home/jpmurphy JAVA_HOME=/etc/java-config-2/current-system-vm JDK_HOME=/etc/java-config-2/current-system-vm JAVAC=/etc/java-config-2/current-system-vm/bin/javac MAKEFLAGS=' -j16 --jobserver-auth=5,6' /usr/bin/cmake -S /mnt/host/source/src/platform/ec/zephyr/program/corsola -B /mnt/host/source/src/platform/ec/build/zephyr/magikarp/build-ro -GNinja -DCMAKE_EXPORT_COMPILE_COMMANDS=ON -DZEPHYR_BASE=/mnt/host/source/src/third_party/zephyr/main -DZMAKE_INCLUDE_DIR=/mnt/host/source/src/platform/ec/build/zephyr/magikarp/include -DPython3_EXECUTABLE=/usr/bin/python3.11 -DDTS_ROOT=/mnt/host/source/src/platform/ec/zephyr -DSYSCALL_INCLUDE_DIRS=/mnt/host/source/src/platform/ec/zephyr/include/drivers -DUSER_CACHE_DIR=/mnt/host/source/src/platform/ec/build/zephyr/user-cache '-DEXTRA_EC_VERSION_FLAGS=--version 16543.0.0 --static' -DTOOLCHAIN_ROOT=/mnt/host/source/src/platform/ec/zephyr -DCOREBOOT_SDK_ROOT_x86=/home/jpmurphy/.cache/coreboot-sdk/i386-elf/dfbb0486385d938cfa9d73080b9d18d598ed4f49 -DCOREBOOT_SDK_ROOT_picolibc_x86=/home/jpmurphy/.cache/coreboot-sdk/picolibc-i386-elf/eb8e8e687b95461de8cbf278f1c2076952d0ad17 -DCOREBOOT_SDK_ROOT_riscv64=/home/jpmurphy/.cache/coreboot-sdk/riscv64-elf/96b949749225b6aaa92ed810ab769e8dfb12f000 -DCOREBOOT_SDK_ROOT_picolibc_arm=/home/jpmurphy/.cache/coreboot-sdk/picolibc-arm-eabi/422a2aa3e1ef891b5bece9a3deb696ff83840d2e -DCOREBOOT_SDK_ROOT_nds32=/home/jpmurphy/.cache/coreboot-sdk/nds32le-elf/d1a518c4a097666d86058e1444f85ca015d15511 -DCOREBOOT_SDK_ROOT_picolibc_riscv64=/home/jpmurphy/.cache/coreboot-sdk/picolibc-riscv64-elf/f571e990ef0278564b31124f8bb109d9a697eb69 -DCOREBOOT_SDK_ROOT_arm=/home/jpmurphy/.cache/coreboot-sdk/arm-eabi/ea40ddd1d190c3b48435c474c0b545719371813a -DCOREBOOT_SDK_ROOT_libstdcxx_riscv64=/home/jpmurphy/.cache/coreboot-sdk/libstdcxx-riscv64-elf/17abf22a3a252e2d5d2062ced5324f7a623689e0 -DCOREBOOT_SDK_ROOT_libstdcxx_arm=/home/jpmurphy/.cache/coreboot-sdk/libstdcxx-arm-eabi/5d7d82e150e44aa1968f1d366e267e6687b328ac -DCOREBOOT_SDK_ROOT_riscv=/home/jpmurphy/.cache/coreboot-sdk/riscv-elf/9a27b9e82341c6e9126624f516ab3f261abb3e73 -DCOREBOOT_SDK_ROOT_libstdcxx_x86=/home/jpmurphy/.cache/coreboot-sdk/libstdcxx-i386-elf/42ef9d2e87a76a37963175d7d428734e65648b87 -DZEPHYR_TOOLCHAIN_VARIANT=coreboot-sdk -DZEPHYR_MODULES=/mnt/host/source/src/platform/ec/build/zephyr/magikarp/modules/ec -DDTC_OVERLAY_FILE=/mnt/host/source/src/platform/ec/zephyr/program/corsola/magikarp/project.overlay -DBOARD=it8xxx2/it81202bx -DCMAKE_C_FLAGS=-DSECTION_IS_RO '-DCONF_FILE=/mnt/host/source/src/platform/ec/zephyr/program/corsola/program.conf;/mnt/host/source/src/platform/ec/zephyr/program/corsola/ite_program.conf;/mnt/host/source/src/platform/ec/zephyr/program/corsola/magikarp/project.conf;/mnt/host/source/src/platform/ec/build/zephyr/magikarp/kconfig-ro.conf'`
[joxer:ro] [399/404] Building C object zephyr/kernel/CMakeFiles/kernel.dir/sched.c.obj
[magikarp:ro] Loading Zephyr default modules (Zephyr base (cached)).
[magikarp:ro] -- Application: /mnt/host/source/src/platform/ec/zephyr/program/corsola
[deku:rw] [156/382] Building C object zephyr/drivers/flash/CMakeFiles/drivers__flash.dir/jesd216.c.obj
[joxer:ro] [400/404] Building C object zephyr/kernel/CMakeFiles/kernel.dir/poll.c.obj
[joxer:ro] [401/404] Building C object zephyr/kernel/CMakeFiles/kernel.dir/events.c.obj
[deku:ro] [1/382] Preparing syscall dependency handling
[joxer:ro] [402/404] Building C object zephyr/kernel/CMakeFiles/kernel.dir/mempool.c.obj
[skywalker:rw] -- CMake version: 3.31.7
[skywalker:rw] -- Found Python3: /usr/bin/python3.11 (found suitable version "3.11.11", minimum required is "3.10") found components: Interpreter
[skywalker:rw] -- Cache files will be written to: /mnt/host/source/src/platform/ec/build/zephyr/user-cache
[skywalker:rw] -- Zephyr version: 4.3.99 (/mnt/host/source/src/third_party/zephyr/main)
[magikarp:ro] -- CMake version: 3.31.7
[magikarp:ro] -- Found Python3: /usr/bin/python3.11 (found suitable version "3.11.11", minimum required is "3.10") found components: Interpreter
[magikarp:ro] -- Cache files will be written to: /mnt/host/source/src/platform/ec/build/zephyr/user-cache
[deku:ro] [2/382] Generating misc/generated/syscalls_subdirs.trigger
[magikarp:ro] -- Zephyr version: 4.3.99 (/mnt/host/source/src/third_party/zephyr/main)
Toolchain <zmake.toolchains.CorebootSdkToolchain object at 0x7f41205120d0> selected by probe function.
[pujjoniru] Building in /mnt/host/source/src/platform/ec/build/zephyr/pujjoniru.
[joxer:ro] [403/404] Building C object zephyr/kernel/CMakeFiles/kernel.dir/dynamic_disabled.c.obj
[deku:rw] [157/382] Building C object zephyr/drivers/flash/CMakeFiles/drivers__flash.dir/flash_npcx_fiu_nor.c.obj
[deku:ro] [3/382] Generating include/generated/zephyr/version.h
[joxer:ro] [404/404] Linking C static library zephyr/kernel/libkernel.a
[pujjoniru:ro] Configuring.
Running `env -i PYTHONPATH=/usr/lib64/python-exec/python3.11:/mnt/host/source/src/platform/ec/zephyr/zmake:/usr/lib/python311.zip:/usr/lib/python3.11:/usr/lib/python3.11/lib-dynload:/usr/lib/python3.11/site-packages PW_PIGWEED_CIPD_INSTALL_DIR=/usr CROSTC_USER_ACKNOWLEDGES_THAT_RISCV_IS_EXPERIMENTAL=1 PATH=/mnt/host/source/chromite/bin:/usr/local/bin:/usr/bin:/bin:/opt/bin:/mnt/host/source/chromite/sdk/bin:/mnt/host/source/chromite/bin HOME=/home/jpmurphy JAVA_HOME=/etc/java-config-2/current-system-vm JDK_HOME=/etc/java-config-2/current-system-vm JAVAC=/etc/java-config-2/current-system-vm/bin/javac MAKEFLAGS=' -j16 --jobserver-auth=5,6' /usr/bin/cmake -S /mnt/host/source/src/platform/ec/zephyr/program/nissa -B /mnt/host/source/src/platform/ec/build/zephyr/pujjoniru/build-ro -GNinja -DCMAKE_EXPORT_COMPILE_COMMANDS=ON -DZEPHYR_BASE=/mnt/host/source/src/third_party/zephyr/main -DZMAKE_INCLUDE_DIR=/mnt/host/source/src/platform/ec/build/zephyr/pujjoniru/include -DPython3_EXECUTABLE=/usr/bin/python3.11 -DDTS_ROOT=/mnt/host/source/src/platform/ec/zephyr -DSYSCALL_INCLUDE_DIRS=/mnt/host/source/src/platform/ec/zephyr/include/drivers -DUSER_CACHE_DIR=/mnt/host/source/src/platform/ec/build/zephyr/user-cache '-DEXTRA_EC_VERSION_FLAGS=--version 16543.0.0 --static' -DTOOLCHAIN_ROOT=/mnt/host/source/src/platform/ec/zephyr -DCOREBOOT_SDK_ROOT_x86=/home/jpmurphy/.cache/coreboot-sdk/i386-elf/dfbb0486385d938cfa9d73080b9d18d598ed4f49 -DCOREBOOT_SDK_ROOT_picolibc_x86=/home/jpmurphy/.cache/coreboot-sdk/picolibc-i386-elf/eb8e8e687b95461de8cbf278f1c2076952d0ad17 -DCOREBOOT_SDK_ROOT_riscv64=/home/jpmurphy/.cache/coreboot-sdk/riscv64-elf/96b949749225b6aaa92ed810ab769e8dfb12f000 -DCOREBOOT_SDK_ROOT_picolibc_arm=/home/jpmurphy/.cache/coreboot-sdk/picolibc-arm-eabi/422a2aa3e1ef891b5bece9a3deb696ff83840d2e -DCOREBOOT_SDK_ROOT_nds32=/home/jpmurphy/.cache/coreboot-sdk/nds32le-elf/d1a518c4a097666d86058e1444f85ca015d15511 -DCOREBOOT_SDK_ROOT_picolibc_riscv64=/home/jpmurphy/.cache/coreboot-sdk/picolibc-riscv64-elf/f571e990ef0278564b31124f8bb109d9a697eb69 -DCOREBOOT_SDK_ROOT_arm=/home/jpmurphy/.cache/coreboot-sdk/arm-eabi/ea40ddd1d190c3b48435c474c0b545719371813a -DCOREBOOT_SDK_ROOT_libstdcxx_riscv64=/home/jpmurphy/.cache/coreboot-sdk/libstdcxx-riscv64-elf/17abf22a3a252e2d5d2062ced5324f7a623689e0 -DCOREBOOT_SDK_ROOT_libstdcxx_arm=/home/jpmurphy/.cache/coreboot-sdk/libstdcxx-arm-eabi/5d7d82e150e44aa1968f1d366e267e6687b328ac -DCOREBOOT_SDK_ROOT_riscv=/home/jpmurphy/.cache/coreboot-sdk/riscv-elf/9a27b9e82341c6e9126624f516ab3f261abb3e73 -DCOREBOOT_SDK_ROOT_libstdcxx_x86=/home/jpmurphy/.cache/coreboot-sdk/libstdcxx-i386-elf/42ef9d2e87a76a37963175d7d428734e65648b87 -DZEPHYR_TOOLCHAIN_VARIANT=coreboot-sdk -DZEPHYR_MODULES=/mnt/host/source/src/platform/ec/build/zephyr/pujjoniru/modules/ec -DDTC_OVERLAY_FILE=/mnt/host/source/src/platform/ec/zephyr/program/nissa/pujjoniru/project.overlay -DBOARD=it8xxx2/it81302bx -DCMAKE_C_FLAGS=-DSECTION_IS_RO '-DCONF_FILE=/mnt/host/source/src/platform/ec/zephyr/program/nissa/program.conf;/mnt/host/source/src/platform/ec/zephyr/program/nissa/it8xxx2_program.conf;/mnt/host/source/src/platform/ec/zephyr/program/nissa/pujjoniru/project.conf;/mnt/host/source/src/platform/ec/build/zephyr/pujjoniru/kconfig-ro.conf'`
[pujjoniru:ro] Loading Zephyr default modules (Zephyr base (cached)).
[pujjoniru:ro] -- Application: /mnt/host/source/src/platform/ec/zephyr/program/nissa
[pujjoniru:ro] -- CMake version: 3.31.7
[deku:rw] [158/382] Building C object zephyr/drivers/flash/CMakeFiles/drivers__flash.dir/flash_npcx_fiu_qspi.c.obj
[deku:ro] -- git describe warned: warning: tag 'upstream/v2.7.99' is externally known as 'v2.7.99'
[deku:ro] -- Zephyr version: 4.3.99 (/mnt/host/source/src/third_party/zephyr/main)
[deku:ro] [4/382] cd /mnt/host/source/src/platform/ec/build/zephyr/deku/build-ro/modules/ec/zephyr && PYTHONPATH=/mnt/host/source/src/platform/ec/build/zephyr/deku/modules/ec/zephyr/zmake/ /usr/bin/python3.11 /mnt/host/source/src/platform/ec/build/zephyr/deku/modules/ec/zephyr/zmake/zephyr_build_tools/generate_ec_version.py /mnt/host/source/src/platform/ec/build/zephyr/deku/build-ro/modules/ec/zephyr/include/ec_version.h --name Zephyr-Kernel --version 16543.0.0 --static
[deku:ro] INFO:root:Using a static version string
[deku:rw] [159/382] Building C object zephyr/drivers/i2c/CMakeFiles/drivers__i2c.dir/i2c_common.c.obj
[deku:rw] [160/382] Linking C static library zephyr/drivers/flash/libdrivers__flash.a
[deku:rw] [161/382] Building C object zephyr/drivers/gpio/CMakeFiles/drivers__gpio.dir/gpio_npcx.c.obj
[deku:rw] [162/382] Linking C static library zephyr/drivers/gpio/libdrivers__gpio.a
[deku:rw] [163/382] Building C object zephyr/drivers/i2c/CMakeFiles/drivers__i2c.dir/i2c_shell.c.obj
[skywalker:ro] -- Found devicetree overlay: /mnt/host/source/src/platform/ec/zephyr/program/skywalker/skywalker/project.overlay
[skywalker:ro] -- Generated zephyr.dts: /mnt/host/source/src/platform/ec/build/zephyr/skywalker/build-ro/zephyr/zephyr.dts
[skywalker:ro] -- Generated pickled edt: /mnt/host/source/src/platform/ec/build/zephyr/skywalker/build-ro/zephyr/edt.pickle
[deku:rw] [164/382] Building C object zephyr/drivers/i2c/CMakeFiles/drivers__i2c.dir/i2c_npcx_controller_fifo.c.obj
[deku:rw] [165/382] Building C object zephyr/drivers/sensor/CMakeFiles/drivers__sensor.dir/mnt/host/source/src/third_party/zephyr/main/misc/empty_file.c.obj
[pujjoniru:ro] -- Found Python3: /usr/bin/python3.11 (found suitable version "3.11.11", minimum required is "3.10") found components: Interpreter
[pujjoniru:ro] -- Cache files will be written to: /mnt/host/source/src/platform/ec/build/zephyr/user-cache
[deku:rw] [166/382] Building C object zephyr/drivers/pinctrl/CMakeFiles/drivers__pinctrl.dir/common.c.obj
[pujjoniru:ro] -- Zephyr version: 4.3.99 (/mnt/host/source/src/third_party/zephyr/main)
[deku:rw] [167/382] Building C object zephyr/drivers/i2c/CMakeFiles/drivers__i2c.dir/i2c_npcx_controller.c.obj
[deku:rw] [168/382] Linking C static library zephyr/drivers/sensor/libdrivers__sensor.a
[deku:rw] [169/382] Building C object zephyr/drivers/i2c/CMakeFiles/drivers__i2c.dir/i2c_npcx_port.c.obj
[deku:ro] INFO:root:Version string: Zephyr-Kernel-16543.0.0
[deku:ro] INFO:root:Writing header to /mnt/host/source/src/platform/ec/build/zephyr/deku/build-ro/modules/ec/zephyr/include/ec_version.h
[deku:ro] [5/382] Generating misc/generated/syscalls.json, misc/generated/struct_tags.json
[deku:rw] [170/382] Building C object zephyr/drivers/pinctrl/CMakeFiles/drivers__pinctrl.dir/pinctrl_npcx.c.obj
[deku:rw] [171/382] Linking C static library zephyr/drivers/i2c/libdrivers__i2c.a
[deku:rw] [172/382] Linking C static library zephyr/drivers/pinctrl/libdrivers__pinctrl.a
[deku:ro] [6/382] Generating include/generated/zephyr/syscall_dispatch.c, include/generated/zephyr/syscall_exports_llext.c, syscall_weakdefs_llext.c, include/generated/zephyr/syscall_list.h
[deku:rw] [173/382] Building C object zephyr/drivers/pwm/CMakeFiles/drivers__pwm.dir/pwm_shell.c.obj
[deku:ro] [7/382] Generating include/generated/zephyr/driver-validation.h
[skywalker:ro] -- Generated devicetree_generated.h: /mnt/host/source/src/platform/ec/build/zephyr/skywalker/build-ro/zephyr/include/generated/zephyr/devicetree_generated.h
[deku:rw] [174/382] Building C object zephyr/drivers/pwm/CMakeFiles/drivers__pwm.dir/pwm_npcx.c.obj
[skywalker:rw] -- Board: npcx9, qualifiers: npcx9m7fb
[deku:rw] [175/382] Linking C static library zephyr/drivers/pwm/libdrivers__pwm.a
[deku:ro] [8/382] Generating include/generated/zephyr/kobj-types-enum.h, include/generated/zephyr/otype-to-str.h, include/generated/zephyr/otype-to-size.h
[deku:rw] [176/382] Building C object zephyr/drivers/syscon/CMakeFiles/drivers__syscon.dir/syscon.c.obj
[deku:rw] [177/382] Linking C static library zephyr/drivers/syscon/libdrivers__syscon.a
[magikarp:ro] -- Board: it8xxx2, qualifiers: it81202bx
[deku:ro] [9/382] Generating include/generated/device-api-sections.ld, include/generated/device-api-sections.cmake
[deku:rw] [178/382] Building C object zephyr/drivers/sensor/nuvoton/nuvoton_tach_npcx/CMakeFiles/drivers__sensor__nuvoton__nuvoton_tach_npcx.dir/tach_nuvoton_npcx.c.obj
[deku:rw] [179/382] Building C object zephyr/drivers/timer/CMakeFiles/drivers__timer.dir/sys_clock_init.c.obj
[deku:rw] [180/382] Linking C static library zephyr/drivers/sensor/nuvoton/nuvoton_tach_npcx/libdrivers__sensor__nuvoton__nuvoton_tach_npcx.a
[deku:rw] [181/382] Building C object zephyr/drivers/serial/CMakeFiles/drivers__serial.dir/uart_npcx.c.obj
[deku:rw] [182/382] Building C object zephyr/drivers/timer/CMakeFiles/drivers__timer.dir/npcx_itim_timer.c.obj
[deku:rw] [183/382] Linking C static library zephyr/drivers/serial/libdrivers__serial.a
[deku:rw] [184/382] Linking C static library zephyr/drivers/timer/libdrivers__timer.a
[deku:rw] [185/382] Building C object zephyr/drivers/watchdog/CMakeFiles/drivers__watchdog.dir/wdt_shell.c.obj
[deku:rw] [186/382] Building C object zephyr/drivers/watchdog/CMakeFiles/drivers__watchdog.dir/wdt_npcx.c.obj
[deku:rw] [187/382] Linking C static library zephyr/drivers/watchdog/libdrivers__watchdog.a
[/mnt/host/source/src/platform/ec/build/zephyr/quandiso2-lcov]   /mnt/host/source/src/platform/ec/build/zephyr/quandiso2/build-ro/modules/ec/zephyr/CMakeFiles/ec_shim.dir/shim/src/usba.c.gcno:no functions found
[/mnt/host/source/src/platform/ec/build/zephyr/quandiso2-lcov] stderr:
[pujjoniru:ro] -- Board: it8xxx2, qualifiers: it81302bx
[deku:rw] [188/382] Building C object modules/ec/zephyr/CMakeFiles/ec_shim.dir/app/ec/ec_app_main.c.obj
[deku:ro] [10/382] Building C object zephyr/CMakeFiles/offsets.dir/arch/arm/core/offsets/offsets.c.obj
[deku:rw] [189/382] Building C object modules/ec/zephyr/CMakeFiles/ec_shim.dir/app/ec/main_shim.c.obj
[deku:ro] [11/382] Generating include/generated/zephyr/offsets.h
[deku:rw] [190/382] Building C object modules/ec/zephyr/CMakeFiles/ec_shim.dir/shim/chip/npcx/clock.c.obj
[deku:rw] [191/382] Building C object modules/ec/zephyr/CMakeFiles/ec_shim.dir/drivers/cros_flash/cros_flash_npcx.c.obj
[deku:rw] [192/382] Building C object modules/ec/zephyr/CMakeFiles/ec_shim.dir/drivers/cros_system/cros_system_npcx.c.obj
[deku:rw] [193/382] Building C object modules/ec/zephyr/CMakeFiles/ec_shim.dir/shim/chip/npcx/rom_chip.c.obj
[deku:rw] [194/382] Building C object modules/ec/zephyr/CMakeFiles/ec_shim.dir/shim/chip/npcx/gpio.c.obj
[deku:rw] [195/382] Building C object modules/ec/zephyr/CMakeFiles/ec_shim.dir/shim/src/crc.c.obj
[deku:rw] [196/382] Building C object modules/ec/zephyr/CMakeFiles/ec_shim.dir/shim/chip/npcx/system.c.obj
[deku:rw] [197/382] Building C object modules/ec/zephyr/CMakeFiles/ec_shim.dir/shim/chip/npcx/system_external_storage.c.obj
[deku:ro] [12/382] Building C object CMakeFiles/app.dir/mnt/host/source/src/platform/ec/zephyr/subsys/ap_pwrseq/ap_events.c.obj
[deku:rw] [198/382] Building C object modules/ec/zephyr/CMakeFiles/ec_shim.dir/shim/chip/npcx/power_policy.c.obj
[skywalker:rw] -- Found Dtc: /usr/bin/dtc (found suitable version "1.6.0", minimum required is "1.4.6")
[skywalker:rw] -- Found BOARD.dts: /mnt/host/source/src/platform/ec/zephyr/boards/google/npcx9/npcx9_npcx9m7fb.dts
[skywalker:rw] -- Found devicetree overlay: /mnt/host/source/src/platform/ec/zephyr/program/skywalker/skywalker/project.overlay
[magikarp:ro] -- Found Dtc: /usr/bin/dtc (found suitable version "1.6.0", minimum required is "1.4.6")
[magikarp:ro] -- Found BOARD.dts: /mnt/host/source/src/platform/ec/zephyr/boards/google/it8xxx2/it8xxx2_it81202bx.dts
[magikarp:ro] -- Found devicetree overlay: /mnt/host/source/src/platform/ec/zephyr/program/corsola/magikarp/project.overlay
[deku:rw] [199/382] Building C object modules/ec/zephyr/CMakeFiles/ec_shim.dir/shim/core/cortex-m/mpu.c.obj
[deku:rw] [200/382] Building C object modules/ec/zephyr/CMakeFiles/ec_shim.dir/shim/core/cortex-m/panic.c.obj
[deku:rw] [201/382] Building C object modules/ec/zephyr/CMakeFiles/ec_shim.dir/shim/src/console.c.obj
[deku:rw] [202/382] Building C object modules/ec/zephyr/CMakeFiles/ec_shim.dir/shim/src/panic_utils.c.obj
[deku:rw] [203/382] Building C object modules/ec/zephyr/CMakeFiles/ec_shim.dir/shim/src/gpio_int.c.obj
[deku:rw] [204/382] Building C object modules/ec/zephyr/CMakeFiles/ec_shim.dir/shim/src/gpio.c.obj
[deku:rw] [205/382] Building ASM object modules/ec/zephyr/CMakeFiles/ec_shim.dir/shim/src/libgcc_arm.S.obj
[deku:rw] [206/382] Building C object modules/ec/zephyr/CMakeFiles/ec_shim.dir/shim/src/cbi/cros_cbi.c.obj
[deku:rw] [207/382] Building C object modules/ec/zephyr/CMakeFiles/ec_shim.dir/shim/src/pm_state.c.obj
[pujjoniru:ro] -- Found Dtc: /usr/bin/dtc (found suitable version "1.6.0", minimum required is "1.4.6")
[pujjoniru:ro] -- Found BOARD.dts: /mnt/host/source/src/platform/ec/zephyr/boards/google/it8xxx2/it8xxx2_it81302bx.dts
[pujjoniru:ro] -- Found devicetree overlay: /mnt/host/source/src/platform/ec/zephyr/program/nissa/pujjoniru/project.overlay
[deku:rw] [208/382] Building C object modules/ec/zephyr/CMakeFiles/ec_shim.dir/shim/src/cbi/cbi_eeprom.c.obj
[deku:ro] [13/382] Building C object CMakeFiles/app.dir/mnt/host/source/src/platform/ec/zephyr/subsys/ap_pwrseq/ap_power_interface.c.obj
[deku:rw] [209/382] Building C object modules/ec/zephyr/CMakeFiles/ec_shim.dir/shim/src/cbi/cbi_flash.c.obj
[deku:rw] [210/382] Building C object modules/ec/zephyr/CMakeFiles/ec_shim.dir/shim/src/led_driver/led_gpio.c.obj
[deku:rw] [211/382] Building C object modules/ec/zephyr/CMakeFiles/ec_shim.dir/shim/src/led_driver/led.c.obj
[/mnt/host/source/src/platform/ec/build/zephyr/grogu-lcov]   /mnt/host/source/src/platform/ec/build/zephyr/grogu/build-ro/modules/ec/zephyr/CMakeFiles/ec_shim.dir/shim/src/keyscan.c.gcno:no functions found
[/mnt/host/source/src/platform/ec/build/zephyr/grogu-lcov] stderr:
[deku:rw] [212/382] Building C object modules/ec/zephyr/CMakeFiles/ec_shim.dir/shim/src/system.c.obj
[deku:rw] [213/382] Building C object modules/ec/zephyr/CMakeFiles/ec_shim.dir/shim/src/chipset_api.c.obj
[deku:rw] [214/382] Building C object modules/ec/zephyr/CMakeFiles/ec_shim.dir/shim/src/adc.c.obj
[deku:rw] [215/382] Building C object modules/ec/zephyr/CMakeFiles/ec_shim.dir/shim/src/espi.c.obj
[deku:ro] [14/382] Building C object CMakeFiles/app.dir/mnt/host/source/src/platform/ec/zephyr/subsys/ap_pwrseq/power_signals.c.obj
[deku:rw] [216/382] Building C object modules/ec/zephyr/CMakeFiles/ec_shim.dir/shim/src/fan.c.obj
[deku:rw] [217/382] Building C object modules/ec/zephyr/CMakeFiles/ec_shim.dir/shim/src/flash.c.obj
[deku:rw] [218/382] Building C object modules/ec/zephyr/CMakeFiles/ec_shim.dir/shim/src/hooks.c.obj
[skywalker:rw] -- Generated zephyr.dts: /mnt/host/source/src/platform/ec/build/zephyr/skywalker/build-rw/zephyr/zephyr.dts
[skywalker:rw] -- Generated pickled edt: /mnt/host/source/src/platform/ec/build/zephyr/skywalker/build-rw/zephyr/edt.pickle
[deku:rw] [219/382] Building C object modules/ec/zephyr/CMakeFiles/ec_shim.dir/shim/src/host_command.c.obj
[deku:rw] [220/382] Building C object modules/ec/zephyr/CMakeFiles/ec_shim.dir/shim/src/console_buffer.c.obj
[deku:rw] [221/382] Building C object modules/ec/zephyr/CMakeFiles/ec_shim.dir/shim/src/mkbp_event.c.obj
[magikarp:ro] -- Generated zephyr.dts: /mnt/host/source/src/platform/ec/build/zephyr/magikarp/build-ro/zephyr/zephyr.dts
[magikarp:ro] -- Generated pickled edt: /mnt/host/source/src/platform/ec/build/zephyr/magikarp/build-ro/zephyr/edt.pickle
[deku:rw] [222/382] Building C object modules/ec/zephyr/CMakeFiles/ec_shim.dir/shim/src/panic.c.obj
[deku:rw] [223/382] Building C object modules/ec/zephyr/CMakeFiles/ec_shim.dir/shim/src/thermal.c.obj
[deku:rw] [224/382] Building C object modules/ec/zephyr/CMakeFiles/ec_shim.dir/shim/src/temp_sensors.c.obj
[deku:rw] [225/382] Building C object modules/ec/zephyr/CMakeFiles/ec_shim.dir/shim/src/hwtimer.c.obj
[skywalker:rw] -- Generated devicetree_generated.h: /mnt/host/source/src/platform/ec/build/zephyr/skywalker/build-rw/zephyr/include/generated/zephyr/devicetree_generated.h
[magikarp:ro] -- Generated devicetree_generated.h: /mnt/host/source/src/platform/ec/build/zephyr/magikarp/build-ro/zephyr/include/generated/zephyr/devicetree_generated.h
[deku:ro] [15/382] Building C object CMakeFiles/app.dir/mnt/host/source/src/platform/ec/zephyr/subsys/ap_pwrseq/signal_gpio.c.obj
[deku:rw] [226/382] cd /mnt/host/source/src/platform/ec/build/zephyr/deku/build-rw/modules/ec/zephyr && PYTHONPATH=/mnt/host/source/src/platform/ec/build/zephyr/deku/modules/ec/zephyr/zmake/ /usr/bin/python3.11 /mnt/host/source/src/platform/ec/build/zephyr/deku/modules/ec/zephyr/zmake/zephyr_build_tools/generate_ec_version.py /mnt/host/source/src/platform/ec/build/zephyr/deku/build-rw/modules/ec/zephyr/include/ec_version.h --name Zephyr-Kernel --version 16543.0.0 --static
[deku:rw] INFO:root:Using a static version string
[deku:rw] INFO:root:Version string: Zephyr-Kernel-16543.0.0
[deku:rw] INFO:root:Writing header to /mnt/host/source/src/platform/ec/build/zephyr/deku/build-rw/modules/ec/zephyr/include/ec_version.h
[deku:rw] [227/382] Building C object modules/ec/zephyr/CMakeFiles/ec_shim.dir/shim/src/tasks.c.obj
[deku:rw] [228/382] Building C object modules/ec/zephyr/CMakeFiles/ec_shim.dir/shim/src/i2c.c.obj
[pujjoniru:ro] -- Generated zephyr.dts: /mnt/host/source/src/platform/ec/build/zephyr/pujjoniru/build-ro/zephyr/zephyr.dts
[pujjoniru:ro] -- Generated pickled edt: /mnt/host/source/src/platform/ec/build/zephyr/pujjoniru/build-ro/zephyr/edt.pickle
[skywalker:ro] Parsing /mnt/host/source/src/platform/ec/zephyr/program/skywalker/Kconfig
[deku:rw] [229/382] Building C object modules/ec/zephyr/CMakeFiles/ec_shim.dir/shim/src/ppc.c.obj
[deku:rw] [230/382] Building C object modules/ec/zephyr/CMakeFiles/ec_shim.dir/shim/src/usba.c.obj
[deku:rw] [231/382] Building C object modules/ec/zephyr/CMakeFiles/ec_shim.dir/shim/src/watchdog.c.obj
[deku:rw] [232/382] Building C object modules/ec/zephyr/CMakeFiles/ec_shim.dir/shim/src/power_host_sleep_api.c.obj
[deku:rw] [233/382] Building C object CMakeFiles/app.dir/mnt/host/source/src/platform/ec/zephyr/subsys/ap_pwrseq/ap_events.c.obj
[pujjoniru:ro] -- Generated devicetree_generated.h: /mnt/host/source/src/platform/ec/build/zephyr/pujjoniru/build-ro/zephyr/include/generated/zephyr/devicetree_generated.h
[deku:rw] [234/382] Building C object modules/ec/zephyr/CMakeFiles/ec_shim.dir/shim/src/bb_retimer_usb_mux.c.obj
[deku:rw] [235/382] Building C object modules/ec/zephyr/CMakeFiles/ec_shim.dir/shim/src/usb_muxes.c.obj
[/mnt/host/source/src/platform/ec/build/zephyr/quandiso2-lcov]   /mnt/host/source/src/platform/ec/build/zephyr/quandiso2/build-ro/CMakeFiles/app.dir/mnt/host/source/src/platform/ec/build/zephyr/quandiso2/modules/ec/common/usb_pd_pdo.c.gcno:no functions found
[/mnt/host/source/src/platform/ec/build/zephyr/quandiso2-lcov] stderr:
[deku:ro] [16/382] Building C object CMakeFiles/app.dir/mnt/host/source/src/platform/ec/zephyr/subsys/ap_pwrseq/signal_vw.c.obj
[deku:rw] [236/382] Building C object CMakeFiles/app.dir/mnt/host/source/src/platform/ec/zephyr/subsys/ap_pwrseq/power_signals.c.obj
[deku:rw] [237/382] Building C object CMakeFiles/app.dir/mnt/host/source/src/platform/ec/zephyr/subsys/ap_pwrseq/ap_power_interface.c.obj
[skywalker:ro] Loaded configuration '/mnt/host/source/src/platform/ec/zephyr/boards/google/npcx9/npcx9_npcx9m7fb_defconfig'
[skywalker:ro] Merged configuration '/mnt/host/source/src/platform/ec/zephyr/program/skywalker/program.conf'
[skywalker:ro] Merged configuration '/mnt/host/source/src/platform/ec/zephyr/program/skywalker/skywalker/project.conf'
[skywalker:ro] Merged configuration '/mnt/host/source/src/platform/ec/build/zephyr/skywalker/kconfig-ro.conf'
[skywalker:ro] Configuration saved to '/mnt/host/source/src/platform/ec/build/zephyr/skywalker/build-ro/zephyr/.config'
[skywalker:ro] Kconfig header saved to '/mnt/host/source/src/platform/ec/build/zephyr/skywalker/build-ro/zephyr/include/generated/zephyr/autoconf.h'
[skywalker:ro] -- Found GnuLd: /home/jpmurphy/.cache/coreboot-sdk/arm-eabi/ea40ddd1d190c3b48435c474c0b545719371813a/arm-eabi/bin/ld.bfd (found version "2.43.1")
[deku:rw] [238/382] Building C object CMakeFiles/app.dir/mnt/host/source/src/platform/ec/zephyr/subsys/ap_pwrseq/signal_gpio.c.obj
[/mnt/host/source/src/platform/ec/build/zephyr/grogu-lcov]   /mnt/host/source/src/platform/ec/build/zephyr/grogu/build-ro/CMakeFiles/app.dir/mnt/host/source/src/platform/ec/build/zephyr/grogu/modules/ec/common/chargen.c.gcno:no functions found
[/mnt/host/source/src/platform/ec/build/zephyr/grogu-lcov] stderr:
[deku:rw] [239/382] Building C object CMakeFiles/app.dir/mnt/host/source/src/platform/ec/zephyr/subsys/ap_pwrseq/power_host_sleep.c.obj
[deku:rw] [240/382] Building C object CMakeFiles/app.dir/mnt/host/source/src/platform/ec/zephyr/subsys/ap_pwrseq/signal_vw.c.obj
[magikarp:ro] /mnt/host/source/src/platform/ec/build/zephyr/magikarp/build-ro/zephyr/zephyr.dts:1205.27-1919.5: Warning (avoid_unnecessary_addr_size): /soc/pin-controller: unnecessary #address-cells/#size-cells without "ranges" or child "reg" property
[skywalker:ro] -- The C compiler identification is GNU 14.2.0
[deku:rw] [241/382] Building C object CMakeFiles/app.dir/mnt/host/source/src/platform/ec/zephyr/subsys/ap_pwrseq/x86_non_dsx_chipset_power_state.c.obj
[deku:rw] [242/382] Building C object CMakeFiles/app.dir/mnt/host/source/src/platform/ec/zephyr/subsys/ap_pwrseq/x86_non_dsx_common_pwrseq_sm_handler.c.obj
[deku:rw] [243/382] Building C object CMakeFiles/app.dir/mnt/host/source/src/platform/ec/zephyr/subsys/ap_pwrseq/x86_non_dsx_common_pwrseq_host_sleep.c.obj
[skywalker:ro] -- The CXX compiler identification is GNU 14.2.0
[deku:ro] [17/382] Building C object CMakeFiles/app.dir/mnt/host/source/src/platform/ec/zephyr/subsys/ap_pwrseq/power_host_sleep.c.obj
[deku:rw] [244/382] Building C object CMakeFiles/app.dir/mnt/host/source/src/platform/ec/zephyr/subsys/ap_pwrseq/x86_non_dsx_common_pwrseq_console.c.obj
[deku:rw] [245/382] Building C object CMakeFiles/app.dir/mnt/host/source/src/platform/ec/zephyr/subsys/ap_pwrseq/x86_non_dsx_common_pwrseq_host_command.c.obj
[skywalker:ro] -- The ASM compiler identification is GNU
[skywalker:ro] warning: Deprecated symbol I2C_ALLOW_NO_STOP_TRANSACTIONS is enabled.
[skywalker:ro] CMake Warning at /mnt/host/source/src/platform/ec/zephyr/cmake/linker/ld/linker_libraries.cmake:11 (message):
[deku:rw] [246/382] Building C object CMakeFiles/app.dir/mnt/host/source/src/platform/ec/zephyr/subsys/ap_pwrseq/x86_non_dsx_mtl_pwrseq_sm.c.obj
[deku:rw] [247/382] Building C object CMakeFiles/app.dir/mnt/host/source/src/platform/ec/zephyr/subsys/ap_pwrseq/ap_reset_log.c.obj
[deku:rw] [248/382] Building C object CMakeFiles/app.dir/mnt/host/source/src/platform/ec/build/zephyr/deku/modules/ec/builtin/stdlib.c.obj
[deku:rw] [249/382] Building C object CMakeFiles/app.dir/mnt/host/source/src/platform/ec/build/zephyr/deku/modules/ec/common/base32.c.obj
[pujjoniru:ro] /mnt/host/source/src/platform/ec/build/zephyr/pujjoniru/build-ro/zephyr/zephyr.dts:1276.27-1979.5: Warning (avoid_unnecessary_addr_size): /soc/pin-controller: unnecessary #address-cells/#size-cells without "ranges" or child "reg" property
[skywalker:ro] -- Found assembler: /home/jpmurphy/.cache/coreboot-sdk/arm-eabi/ea40ddd1d190c3b48435c474c0b545719371813a/bin/arm-eabi-gcc
[skywalker:ro] -- Performing EC specific devicetree checks
[deku:rw] [250/382] Building C object CMakeFiles/app.dir/mnt/host/source/src/platform/ec/build/zephyr/deku/modules/ec/common/console_output.c.obj
[deku:rw] [251/382] Building C object CMakeFiles/app.dir/mnt/host/source/src/platform/ec/build/zephyr/deku/modules/ec/common/ec_features.c.obj
[deku:rw] [252/382] Building C object CMakeFiles/app.dir/mnt/host/source/src/platform/ec/build/zephyr/deku/modules/ec/common/gpio_commands.c.obj
[skywalker:ro]   Disabling c_library
[skywalker:ro] Call Stack (most recent call first):
[skywalker:ro]   /mnt/host/source/src/third_party/zephyr/main/cmake/target_toolchain_flags.cmake:48 (include)
[skywalker:ro]   /mnt/host/source/src/third_party/zephyr/main/cmake/modules/kernel.cmake:153 (include)
[skywalker:ro]   /mnt/host/source/src/third_party/zephyr/main/cmake/modules/zephyr_default.cmake:138 (include)
[skywalker:ro]   /mnt/host/source/src/third_party/zephyr/main/share/zephyr-package/cmake/ZephyrConfig.cmake:66 (include)
[skywalker:ro]   /mnt/host/source/src/third_party/zephyr/main/share/zephyr-package/cmake/ZephyrConfig.cmake:97 (include_boilerplate)
[skywalker:ro]   CMakeLists.txt:6 (find_package)
[skywalker:ro] INFO: Verified 40 GPIOs, no duplicates found
[deku:rw] [253/382] Building C object CMakeFiles/app.dir/mnt/host/source/src/platform/ec/build/zephyr/deku/modules/ec/common/printf.c.obj
[skywalker:ro] INFO: Verified 30 '*-gpios' properties, all flags match.
[skywalker:ro] INFO: Skipped 1 named-gpios children.
[deku:rw] [254/382] Building C object CMakeFiles/app.dir/mnt/host/source/src/platform/ec/build/zephyr/deku/modules/ec/common/peripheral.c.obj
[deku:ro] [18/382] Building C object CMakeFiles/app.dir/mnt/host/source/src/platform/ec/zephyr/subsys/ap_pwrseq/x86_non_dsx_common_pwrseq_sm_handler.c.obj
[deku:rw] [255/382] Building C object CMakeFiles/app.dir/mnt/host/source/src/platform/ec/build/zephyr/deku/modules/ec/common/queue.c.obj
[skywalker:ro] -- Generating component manifest file
[deku:rw] [256/382] Building C object CMakeFiles/app.dir/mnt/host/source/src/platform/ec/build/zephyr/deku/modules/ec/common/system_boot_time.c.obj
[deku:rw] [257/382] Building C object CMakeFiles/app.dir/mnt/host/source/src/platform/ec/build/zephyr/deku/modules/ec/common/uart_printf.c.obj
[deku:rw] [258/382] Building C object CMakeFiles/app.dir/mnt/host/source/src/platform/ec/build/zephyr/deku/modules/ec/common/system.c.obj
[skywalker:ro] INFO: Running CME, outputting to /mnt/host/source/src/platform/ec/build/zephyr/skywalker/build-ro/zephyr/component_manifest.json
[skywalker:ro] INFO: Project skywalker does not support SSFC
[deku:rw] [259/382] Building C object CMakeFiles/app.dir/mnt/host/source/src/platform/ec/build/zephyr/deku/modules/ec/common/version.c.obj
[skywalker:ro] -- warning_base_override: -Wall;-Wformat;-Wformat-security;-Wformat;-Wno-format-zero-length;-Wno-pointer-sign;-Wpointer-arith;-Wexpansion-to-defined
[deku:rw] [260/382] Building C object CMakeFiles/app.dir/mnt/host/source/src/platform/ec/build/zephyr/deku/modules/ec/common/util.c.obj
[deku:rw] [261/382] Building C object CMakeFiles/app.dir/mnt/host/source/src/platform/ec/build/zephyr/deku/modules/ec/common/power_button_x86.c.obj
[deku:rw] [262/382] Building C object CMakeFiles/app.dir/mnt/host/source/src/platform/ec/build/zephyr/deku/modules/ec/common/acpi.c.obj
[skywalker:ro] -- Found gen_kobject_list: /mnt/host/source/src/third_party/zephyr/main/scripts/build/gen_kobject_list.py
[deku:rw] [263/382] Building C object CMakeFiles/app.dir/mnt/host/source/src/platform/ec/build/zephyr/deku/modules/ec/common/adc.c.obj
[skywalker:ro] CMake Warning at /mnt/host/source/src/third_party/zephyr/main/CMakeLists.txt:2359 (message):
[skywalker:ro]   __ASSERT() statements are globally ENABLED
[deku:rw] [264/382] Building C object CMakeFiles/app.dir/mnt/host/source/src/platform/ec/build/zephyr/deku/modules/ec/common/cbi_common.c.obj
[deku:rw] [265/382] Building C object CMakeFiles/app.dir/mnt/host/source/src/platform/ec/build/zephyr/deku/modules/ec/common/cbi_config.c.obj
[skywalker:ro] -- Configuring done (16.0s)
[deku:ro] [19/382] Building C object CMakeFiles/app.dir/mnt/host/source/src/platform/ec/zephyr/subsys/ap_pwrseq/x86_non_dsx_chipset_power_state.c.obj
[skywalker:rw] warning: Deprecated symbol I2C_ALLOW_NO_STOP_TRANSACTIONS is enabled.
[deku:rw] [266/382] Building C object CMakeFiles/app.dir/mnt/host/source/src/platform/ec/build/zephyr/deku/modules/ec/common/memory_commands.c.obj
[deku:rw] [267/382] Building C object CMakeFiles/app.dir/mnt/host/source/src/platform/ec/build/zephyr/deku/modules/ec/common/cbi.c.obj
[deku:rw] [268/382] Building C object CMakeFiles/app.dir/mnt/host/source/src/platform/ec/build/zephyr/deku/modules/ec/common/dptf.c.obj
[deku:rw] [269/382] Building C object CMakeFiles/app.dir/mnt/host/source/src/platform/ec/build/zephyr/deku/modules/ec/common/ap_reset_log.c.obj
[skywalker:ro] -- Generating done (0.6s)
[skywalker:ro] CMake Warning:
[skywalker:ro]   Manually-specified variables were not used by the project:
[skywalker:ro]     COREBOOT_SDK_ROOT_libstdcxx_riscv64
[skywalker:ro]     COREBOOT_SDK_ROOT_libstdcxx_x86
[skywalker:ro]     COREBOOT_SDK_ROOT_nds32
[skywalker:ro]     COREBOOT_SDK_ROOT_picolibc_riscv64
[skywalker:ro]     COREBOOT_SDK_ROOT_picolibc_x86
[skywalker:ro]     COREBOOT_SDK_ROOT_riscv
[skywalker:ro]     COREBOOT_SDK_ROOT_riscv64
[skywalker:ro]     COREBOOT_SDK_ROOT_x86
[skywalker:ro] -- Build files have been written to: /mnt/host/source/src/platform/ec/build/zephyr/skywalker/build-ro
[skywalker:rw] Parsing /mnt/host/source/src/platform/ec/zephyr/program/skywalker/Kconfig
[deku:rw] [270/382] Building C object CMakeFiles/app.dir/mnt/host/source/src/platform/ec/build/zephyr/deku/modules/ec/common/extpower_common.c.obj
[deku:rw] [271/382] Building C object CMakeFiles/app.dir/mnt/host/source/src/platform/ec/build/zephyr/deku/modules/ec/common/espi.c.obj
Running (initial) lcov on /mnt/host/source/src/platform/ec/build/zephyr/joxer.
[deku:rw] [272/382] Building C object CMakeFiles/app.dir/mnt/host/source/src/platform/ec/build/zephyr/deku/modules/ec/common/extpower_gpio.c.obj
[magikarp:ro] Parsing /mnt/host/source/src/platform/ec/zephyr/program/corsola/Kconfig
[deku:ro] [20/382] Building C object CMakeFiles/app.dir/mnt/host/source/src/platform/ec/zephyr/subsys/ap_pwrseq/x86_non_dsx_common_pwrseq_host_sleep.c.obj
[deku:rw] [273/382] Building C object CMakeFiles/app.dir/mnt/host/source/src/platform/ec/build/zephyr/deku/modules/ec/common/host_command.c.obj
[deku:rw] [274/382] Building C object CMakeFiles/app.dir/mnt/host/source/src/platform/ec/build/zephyr/deku/modules/ec/common/fan.c.obj
[deku:rw] [275/382] Building C object CMakeFiles/app.dir/mnt/host/source/src/platform/ec/build/zephyr/deku/modules/ec/common/flash.c.obj
Running `env -i PYTHONPATH=/usr/lib64/python-exec/python3.11:/mnt/host/source/src/platform/ec/zephyr/zmake:/usr/lib/python311.zip:/usr/lib/python3.11:/usr/lib/python3.11/lib-dynload:/usr/lib/python3.11/site-packages PW_PIGWEED_CIPD_INSTALL_DIR=/usr CROSTC_USER_ACKNOWLEDGES_THAT_RISCV_IS_EXPERIMENTAL=1 PATH=/mnt/host/source/chromite/bin:/usr/local/bin:/usr/bin:/bin:/opt/bin:/mnt/host/source/chromite/sdk/bin:/mnt/host/source/chromite/bin HOME=/home/jpmurphy JAVA_HOME=/etc/java-config-2/current-system-vm JDK_HOME=/etc/java-config-2/current-system-vm JAVAC=/etc/java-config-2/current-system-vm/bin/javac MAKEFLAGS=' -j16 --jobserver-auth=5,6' /usr/bin/lcov --gcov-tool /mnt/host/source/src/platform/ec/build/zephyr/joxer/build-rw/gcov.sh -q -o - -c -d /mnt/host/source/src/platform/ec/build/zephyr/joxer -t joxer --rc branch_coverage=1 --filter range --ignore-errors inconsistent,source --ignore-errors gcov,gcov -i`
[pujjoniru:ro] warning: PLATFORM_EC_OCPC_DEF_RBATT_MOHMS (defined at
[pujjoniru:ro] /mnt/host/source/src/platform/ec/zephyr/Kconfig.charger:279) was assigned the value '21' but got the
[pujjoniru:ro] value ''. Check these unsatisfied dependencies: PLATFORM_EC_OCPC (=n). See
[pujjoniru:ro] http://docs.zephyrproject.org/latest/kconfig.html#CONFIG_PLATFORM_EC_OCPC_DEF_RBATT_MOHMS and/or
[pujjoniru:ro] look up PLATFORM_EC_OCPC_DEF_RBATT_MOHMS in the menuconfig/guiconfig interface. The Application
[pujjoniru:ro] Development Primer, Setting Configuration Values, and Kconfig - Tips and Best Practices sections of
[pujjoniru:ro] the manual might be helpful too.
[pujjoniru:ro] warning: PLATFORM_EC_OCPC_DEF_DRIVELIMIT_MILLIVOLTS (defined at
[pujjoniru:ro] /mnt/host/source/src/platform/ec/zephyr/Kconfig.charger:288) was assigned the value '200' but got
[pujjoniru:ro] the value ''. Check these unsatisfied dependencies: PLATFORM_EC_OCPC (=n). See
[pujjoniru:ro] http://docs.zephyrproject.org/latest/kconfig.html#CONFIG_PLATFORM_EC_OCPC_DEF_DRIVELIMIT_MILLIVOLTS
[pujjoniru:ro] and/or look up PLATFORM_EC_OCPC_DEF_DRIVELIMIT_MILLIVOLTS in the menuconfig/guiconfig interface. The
[pujjoniru:ro] Application Development Primer, Setting Configuration Values, and Kconfig - Tips and Best Practices
[pujjoniru:ro] sections of the manual might be helpful too.
[pujjoniru:ro] warning: TASK_HOSTCMD_STACK_SIZE (defined at
[pujjoniru:ro] /mnt/host/source/src/platform/ec/zephyr/Kconfig.stacks:52,
[pujjoniru:ro] /mnt/host/source/src/platform/ec/zephyr/Kconfig.tasks:123) was assigned the value '1280' but got the
[pujjoniru:ro] value '1152'. See http://docs.zephyrproject.org/latest/kconfig.html#CONFIG_TASK_HOSTCMD_STACK_SIZE
[pujjoniru:ro] and/or look up TASK_HOSTCMD_STACK_SIZE in the menuconfig/guiconfig interface. The Application
[pujjoniru:ro] Development Primer, Setting Configuration Values, and Kconfig - Tips and Best Practices sections of
[pujjoniru:ro] the manual might be helpful too.
[deku:rw] [276/382] Building C object CMakeFiles/app.dir/mnt/host/source/src/platform/ec/build/zephyr/deku/modules/ec/common/host_command_task.c.obj
[deku:rw] [277/382] Building C object CMakeFiles/app.dir/mnt/host/source/src/platform/ec/build/zephyr/deku/modules/ec/common/host_event_commands.c.obj
[deku:rw] [278/382] Building C object CMakeFiles/app.dir/mnt/host/source/src/platform/ec/build/zephyr/deku/modules/ec/common/uart_hostcmd.c.obj
[/mnt/host/source/src/platform/ec/build/zephyr/grogu-lcov]   /mnt/host/source/src/platform/ec/build/zephyr/grogu/build-ro/CMakeFiles/app.dir/mnt/host/source/src/platform/ec/build/zephyr/grogu/modules/ec/common/cbi_config.c.gcno:no functions found
[/mnt/host/source/src/platform/ec/build/zephyr/grogu-lcov] stderr:
[deku:rw] [279/382] Building C object CMakeFiles/app.dir/mnt/host/source/src/platform/ec/build/zephyr/deku/modules/ec/common/uptime.c.obj
[skywalker:rw] Loaded configuration '/mnt/host/source/src/platform/ec/zephyr/boards/google/npcx9/npcx9_npcx9m7fb_defconfig'
[skywalker:rw] Merged configuration '/mnt/host/source/src/platform/ec/zephyr/program/skywalker/program.conf'
[skywalker:rw] Merged configuration '/mnt/host/source/src/platform/ec/zephyr/program/skywalker/skywalker/project.conf'
[skywalker:rw] Merged configuration '/mnt/host/source/src/platform/ec/build/zephyr/skywalker/kconfig-rw.conf'
[skywalker:rw] Configuration saved to '/mnt/host/source/src/platform/ec/build/zephyr/skywalker/build-rw/zephyr/.config'
[skywalker:rw] Kconfig header saved to '/mnt/host/source/src/platform/ec/build/zephyr/skywalker/build-rw/zephyr/include/generated/zephyr/autoconf.h'
[skywalker:rw] -- Found GnuLd: /home/jpmurphy/.cache/coreboot-sdk/arm-eabi/ea40ddd1d190c3b48435c474c0b545719371813a/arm-eabi/bin/ld.bfd (found version "2.43.1")
[deku:rw] [280/382] Building C object CMakeFiles/app.dir/mnt/host/source/src/platform/ec/build/zephyr/deku/modules/ec/common/i2c_controller.c.obj
[deku:rw] [281/382] Building C object CMakeFiles/app.dir/mnt/host/source/src/platform/ec/build/zephyr/deku/modules/ec/common/i2c_passthru.c.obj
[pujjoniru:ro] Parsing /mnt/host/source/src/platform/ec/zephyr/program/nissa/Kconfig
[deku:ro] [21/382] Building C object CMakeFiles/app.dir/mnt/host/source/src/platform/ec/zephyr/subsys/ap_pwrseq/x86_non_dsx_common_pwrseq_console.c.obj
[magikarp:ro] Loaded configuration '/mnt/host/source/src/platform/ec/zephyr/boards/google/it8xxx2/it8xxx2_it81202bx_defconfig'
[magikarp:ro] Merged configuration '/mnt/host/source/src/platform/ec/zephyr/program/corsola/program.conf'
[magikarp:ro] Merged configuration '/mnt/host/source/src/platform/ec/zephyr/program/corsola/ite_program.conf'
[magikarp:ro] Merged configuration '/mnt/host/source/src/platform/ec/zephyr/program/corsola/magikarp/project.conf'
[magikarp:ro] Merged configuration '/mnt/host/source/src/platform/ec/build/zephyr/magikarp/kconfig-ro.conf'
[magikarp:ro] Configuration saved to '/mnt/host/source/src/platform/ec/build/zephyr/magikarp/build-ro/zephyr/.config'
[magikarp:ro] Kconfig header saved to '/mnt/host/source/src/platform/ec/build/zephyr/magikarp/build-ro/zephyr/include/generated/zephyr/autoconf.h'
[magikarp:ro] -- Found GnuLd: /home/jpmurphy/.cache/coreboot-sdk/riscv64-elf/96b949749225b6aaa92ed810ab769e8dfb12f000/riscv64-elf/bin/ld.bfd (found version "2.43.1")
[deku:rw] [282/382] Building C object CMakeFiles/app.dir/mnt/host/source/src/platform/ec/build/zephyr/deku/modules/ec/common/mkbp_input_devices.c.obj
[deku:rw] [283/382] Building C object CMakeFiles/app.dir/mnt/host/source/src/platform/ec/build/zephyr/deku/modules/ec/common/mkbp_fifo.c.obj
[skywalker:rw] -- The C compiler identification is GNU 14.2.0
[deku:rw] [284/382] Building C object CMakeFiles/app.dir/mnt/host/source/src/platform/ec/build/zephyr/deku/modules/ec/common/mkbp_info.c.obj
[/mnt/host/source/src/platform/ec/build/zephyr/grogu-lcov]   /mnt/host/source/src/platform/ec/build/zephyr/grogu/build-ro/zephyr/arch/arch/riscv/core/CMakeFiles/arch__riscv__core.dir/cpu_idle.c.gcno:no functions found
[/mnt/host/source/src/platform/ec/build/zephyr/joxer-lcov] geninfo: WARNING: using JSON module "JSON::PP" - which is much slower than some alternatives.  Consider installing one of JSON::XS or Cpanel::JSON::XS
[/mnt/host/source/src/platform/ec/build/zephyr/grogu-lcov] stderr:
[magikarp:ro] -- The C compiler identification is GNU 14.2.0
[deku:rw] [285/382] Building C object CMakeFiles/app.dir/mnt/host/source/src/platform/ec/build/zephyr/deku/modules/ec/common/led_common.c.obj
[deku:rw] [286/382] Building C object CMakeFiles/app.dir/mnt/host/source/src/platform/ec/build/zephyr/deku/modules/ec/common/port80.c.obj
[deku:rw] [287/382] Building C object CMakeFiles/app.dir/mnt/host/source/src/platform/ec/build/zephyr/deku/modules/ec/common/mkbp_event.c.obj
[skywalker:rw] -- The CXX compiler identification is GNU 14.2.0
[skywalker:rw] -- The ASM compiler identification is GNU
[skywalker:rw] -- Found assembler: /home/jpmurphy/.cache/coreboot-sdk/arm-eabi/ea40ddd1d190c3b48435c474c0b545719371813a/bin/arm-eabi-gcc
[skywalker:rw] CMake Warning at /mnt/host/source/src/platform/ec/zephyr/cmake/linker/ld/linker_libraries.cmake:11 (message):
[skywalker:rw]   Disabling c_library
[skywalker:rw] Call Stack (most recent call first):
[skywalker:rw]   /mnt/host/source/src/third_party/zephyr/main/cmake/target_toolchain_flags.cmake:48 (include)
[skywalker:rw]   /mnt/host/source/src/third_party/zephyr/main/cmake/modules/kernel.cmake:153 (include)
[skywalker:rw]   /mnt/host/source/src/third_party/zephyr/main/cmake/modules/zephyr_default.cmake:138 (include)
[skywalker:rw]   /mnt/host/source/src/third_party/zephyr/main/share/zephyr-package/cmake/ZephyrConfig.cmake:66 (include)
[skywalker:rw]   /mnt/host/source/src/third_party/zephyr/main/share/zephyr-package/cmake/ZephyrConfig.cmake:97 (include_boilerplate)
[skywalker:rw]   CMakeLists.txt:6 (find_package)
[magikarp:ro] -- The CXX compiler identification is GNU 14.2.0
[magikarp:ro] -- The ASM compiler identification is GNU
[magikarp:ro] warning: Deprecated symbol I2C_ALLOW_NO_STOP_TRANSACTIONS is enabled.
[magikarp:ro] CMake Warning at /mnt/host/source/src/platform/ec/zephyr/cmake/linker/ld/linker_libraries.cmake:11 (message):
[magikarp:ro]   Disabling c_library
[magikarp:ro] Call Stack (most recent call first):
[magikarp:ro]   /mnt/host/source/src/third_party/zephyr/main/cmake/target_toolchain_flags.cmake:48 (include)
[magikarp:ro]   /mnt/host/source/src/third_party/zephyr/main/cmake/modules/kernel.cmake:153 (include)
[magikarp:ro]   /mnt/host/source/src/third_party/zephyr/main/cmake/modules/zephyr_default.cmake:138 (include)
[magikarp:ro]   /mnt/host/source/src/third_party/zephyr/main/share/zephyr-package/cmake/ZephyrConfig.cmake:66 (include)
[magikarp:ro]   /mnt/host/source/src/third_party/zephyr/main/share/zephyr-package/cmake/ZephyrConfig.cmake:97 (include_boilerplate)
[magikarp:ro]   CMakeLists.txt:7 (find_package)
[deku:rw] [288/382] Building C object CMakeFiles/app.dir/mnt/host/source/src/platform/ec/build/zephyr/deku/modules/ec/common/power_button.c.obj
[deku:rw] [289/382] Building C object CMakeFiles/app.dir/mnt/host/source/src/platform/ec/build/zephyr/deku/modules/ec/power/hibernate.c.obj
[deku:rw] [290/382] Building C object CMakeFiles/app.dir/mnt/host/source/src/platform/ec/build/zephyr/deku/modules/ec/common/panic_output.c.obj
[deku:rw] [291/382] Building C object CMakeFiles/app.dir/mnt/host/source/src/platform/ec/build/zephyr/deku/modules/ec/common/sha256.c.obj
[deku:ro] [22/382] Building C object CMakeFiles/app.dir/mnt/host/source/src/platform/ec/zephyr/subsys/ap_pwrseq/x86_non_dsx_common_pwrseq_host_command.c.obj
[pujjoniru:ro] Loaded configuration '/mnt/host/source/src/platform/ec/zephyr/boards/google/it8xxx2/it8xxx2_it81302bx_defconfig'
[pujjoniru:ro] Merged configuration '/mnt/host/source/src/platform/ec/zephyr/program/nissa/program.conf'
[pujjoniru:ro] Merged configuration '/mnt/host/source/src/platform/ec/zephyr/program/nissa/it8xxx2_program.conf'
[pujjoniru:ro] Merged configuration '/mnt/host/source/src/platform/ec/zephyr/program/nissa/pujjoniru/project.conf'
[pujjoniru:ro] Merged configuration '/mnt/host/source/src/platform/ec/build/zephyr/pujjoniru/kconfig-ro.conf'
[pujjoniru:ro] Configuration saved to '/mnt/host/source/src/platform/ec/build/zephyr/pujjoniru/build-ro/zephyr/.config'
[pujjoniru:ro] Kconfig header saved to '/mnt/host/source/src/platform/ec/build/zephyr/pujjoniru/build-ro/zephyr/include/generated/zephyr/autoconf.h'
[pujjoniru:ro] -- Found GnuLd: /home/jpmurphy/.cache/coreboot-sdk/riscv64-elf/96b949749225b6aaa92ed810ab769e8dfb12f000/riscv64-elf/bin/ld.bfd (found version "2.43.1")
[deku:rw] [292/382] Building C object CMakeFiles/app.dir/mnt/host/source/src/platform/ec/build/zephyr/deku/modules/ec/common/shared_mem.c.obj
[deku:rw] [293/382] Building C object CMakeFiles/app.dir/mnt/host/source/src/platform/ec/build/zephyr/deku/modules/ec/common/spi_flash_reg.c.obj
[deku:rw] [294/382] Building C object CMakeFiles/app.dir/mnt/host/source/src/platform/ec/build/zephyr/deku/modules/ec/common/switch.c.obj
[/mnt/host/source/src/platform/ec/build/zephyr/grogu-lcov]   /mnt/host/source/src/platform/ec/build/zephyr/grogu/build-ro/zephyr/arch/common/CMakeFiles/isr_tables.dir/isr_tables.c.gcno:no functions found
[/mnt/host/source/src/platform/ec/build/zephyr/grogu-lcov] stderr:
[deku:rw] [295/382] Building C object CMakeFiles/app.dir/mnt/host/source/src/platform/ec/build/zephyr/deku/modules/ec/common/temp_sensor.c.obj
[deku:rw] [296/382] Building C object CMakeFiles/app.dir/mnt/host/source/src/platform/ec/build/zephyr/deku/modules/ec/common/thermal.c.obj
[skywalker:rw] -- Performing EC specific devicetree checks
[magikarp:ro] -- Found assembler: /home/jpmurphy/.cache/coreboot-sdk/riscv64-elf/96b949749225b6aaa92ed810ab769e8dfb12f000/bin/riscv64-elf-gcc
[magikarp:ro] -- Performing EC specific devicetree checks
[pujjoniru:ro] -- The C compiler identification is GNU 14.2.0
[/mnt/host/source/src/platform/ec/build/zephyr/joxer-lcov] stderr:
[magikarp:ro] INFO: Verified 40 GPIOs, no duplicates found
[skywalker:rw] INFO: Verified 40 GPIOs, no duplicates found
[pujjoniru:ro] -- The CXX compiler identification is GNU 14.2.0
[pujjoniru:ro] -- The ASM compiler identification is GNU
[deku:rw] [297/382] Building C object CMakeFiles/app.dir/mnt/host/source/src/platform/ec/build/zephyr/deku/modules/ec/driver/temp_sensor/thermistor.c.obj
[pujjoniru:ro] -- Found assembler: /home/jpmurphy/.cache/coreboot-sdk/riscv64-elf/96b949749225b6aaa92ed810ab769e8dfb12f000/bin/riscv64-elf-gcc
[pujjoniru:ro] warning: Deprecated symbol I2C_ALLOW_NO_STOP_TRANSACTIONS is enabled.
[pujjoniru:ro] CMake Warning at /mnt/host/source/src/platform/ec/zephyr/cmake/linker/ld/linker_libraries.cmake:11 (message):
[deku:rw] [298/382] Building C object CMakeFiles/app.dir/mnt/host/source/src/platform/ec/build/zephyr/deku/modules/ec/common/timer.c.obj
[magikarp:ro] -- Generating component manifest file
[skywalker:rw] -- Generating component manifest file
[deku:ro] [23/382] Building C object CMakeFiles/app.dir/mnt/host/source/src/platform/ec/zephyr/subsys/ap_pwrseq/x86_non_dsx_mtl_pwrseq_sm.c.obj
[/mnt/host/source/src/platform/ec/build/zephyr/joxer-lcov]   /mnt/host/source/src/platform/ec/build/zephyr/joxer/build-ro/modules/ec/zephyr/CMakeFiles/ec_shim.dir/shim/src/thermal.c.gcno:no functions found
[/mnt/host/source/src/platform/ec/build/zephyr/joxer-lcov] stderr:
[deku:rw] [299/382] Building C object CMakeFiles/app.dir/mnt/host/source/src/platform/ec/build/zephyr/deku/modules/ec/common/typec_control.c.obj
[deku:rw] [300/382] Building C object CMakeFiles/app.dir/mnt/host/source/src/platform/ec/build/zephyr/deku/modules/ec/common/usb_port_power_dumb.c.obj
[magikarp:ro] INFO: Verified 28 '*-gpios' properties, all flags match.
[magikarp:ro] INFO: Skipped 0 named-gpios children.
[magikarp:ro] INFO: Running CME, outputting to /mnt/host/source/src/platform/ec/build/zephyr/magikarp/build-ro/zephyr/component_manifest.json
[magikarp:ro] INFO: Project magikarp does not support SSFC
[magikarp:ro] INFO: Component usbpd@f03700(ite,it8xxx2-usbpd) not on I2C bus, skip it
[magikarp:ro] INFO: Component virtual-mux-0(cros-ec,usbc-mux-virtual) not on I2C bus, skip it
[magikarp:ro] INFO: Component usbpd@f03800(ite,it8xxx2-usbpd) not on I2C bus, skip it
[magikarp:ro] INFO: Component virtual-mux-1(cros-ec,usbc-mux-virtual) not on I2C bus, skip it
[magikarp:ro] INFO: Component virtual-mux-1(cros-ec,usbc-mux-virtual) not on I2C bus, skip it
[deku:rw] [301/382] Building C object CMakeFiles/app.dir/mnt/host/source/src/platform/ec/build/zephyr/deku/modules/ec/common/usb_pd_pdo.c.obj
[magikarp:ro] -- warning_base_override: -Wall;-Wformat;-Wformat-security;-Wformat;-Wno-format-zero-length;-Wno-pointer-sign;-Wpointer-arith;-Wexpansion-to-defined
[skywalker:rw] INFO: Verified 30 '*-gpios' properties, all flags match.
[skywalker:rw] INFO: Skipped 1 named-gpios children.
[skywalker:rw] INFO: Running CME, outputting to /mnt/host/source/src/platform/ec/build/zephyr/skywalker/build-rw/zephyr/component_manifest.json
[skywalker:rw] INFO: Project skywalker does not support SSFC
[deku:rw] [302/382] Building C object CMakeFiles/app.dir/mnt/host/source/src/platform/ec/build/zephyr/deku/modules/ec/common/usb_common.c.obj
[skywalker:rw] -- warning_base_override: -Wall;-Wformat;-Wformat-security;-Wformat;-Wno-format-zero-length;-Wno-pointer-sign;-Wpointer-arith;-Wexpansion-to-defined
[deku:rw] [303/382] Building C object CMakeFiles/app.dir/mnt/host/source/src/platform/ec/build/zephyr/deku/modules/ec/common/usbc/usbc_task.c.obj
[deku:rw] [304/382] Building C object CMakeFiles/app.dir/mnt/host/source/src/platform/ec/build/zephyr/deku/modules/ec/common/usbc/usb_pd_timer.c.obj
[/mnt/host/source/src/platform/ec/build/zephyr/joxer-lcov]   /mnt/host/source/src/platform/ec/build/zephyr/joxer/build-ro/modules/ec/zephyr/CMakeFiles/ec_shim.dir/shim/src/battery.c.gcno:no functions found
[/mnt/host/source/src/platform/ec/build/zephyr/joxer-lcov] stderr:
[/mnt/host/source/src/platform/ec/build/zephyr/joxer-lcov]   /mnt/host/source/src/platform/ec/build/zephyr/joxer/build-ro/modules/ec/zephyr/CMakeFiles/ec_shim.dir/shim/src/charger.c.gcno:no functions found
[/mnt/host/source/src/platform/ec/build/zephyr/joxer-lcov] stderr:
[deku:rw] [305/382] Building C object CMakeFiles/app.dir/mnt/host/source/src/platform/ec/build/zephyr/deku/modules/ec/common/usbc/usb_sm.c.obj
[pujjoniru:ro] -- Performing EC specific devicetree checks
[magikarp:ro] -- Found gen_kobject_list: /mnt/host/source/src/third_party/zephyr/main/scripts/build/gen_kobject_list.py
[magikarp:ro] CMake Warning at /mnt/host/source/src/third_party/zephyr/main/CMakeLists.txt:2359 (message):
[skywalker:rw] -- Found gen_kobject_list: /mnt/host/source/src/third_party/zephyr/main/scripts/build/gen_kobject_list.py
[pujjoniru:ro]   Disabling c_library
[pujjoniru:ro] Call Stack (most recent call first):
[pujjoniru:ro]   /mnt/host/source/src/third_party/zephyr/main/cmake/target_toolchain_flags.cmake:48 (include)
[pujjoniru:ro]   /mnt/host/source/src/third_party/zephyr/main/cmake/modules/kernel.cmake:153 (include)
[pujjoniru:ro]   /mnt/host/source/src/third_party/zephyr/main/cmake/modules/zephyr_default.cmake:138 (include)
[pujjoniru:ro]   /mnt/host/source/src/third_party/zephyr/main/share/zephyr-package/cmake/ZephyrConfig.cmake:66 (include)
[pujjoniru:ro]   /mnt/host/source/src/third_party/zephyr/main/share/zephyr-package/cmake/ZephyrConfig.cmake:97 (include_boilerplate)
[pujjoniru:ro]   CMakeLists.txt:7 (find_package)
[pujjoniru:ro] INFO: Verified 50 GPIOs, no duplicates found
[pujjoniru:ro] INFO: Verified 19 '*-gpios' properties, all flags match.
[pujjoniru:ro] INFO: Skipped 14 named-gpios children.
[skywalker:rw] CMake Warning at /mnt/host/source/src/third_party/zephyr/main/CMakeLists.txt:2359 (message):
[skywalker:rw]   __ASSERT() statements are globally ENABLED
[magikarp:ro] -- Configuring done (15.4s)
[deku:rw] [306/382] Building C object CMakeFiles/app.dir/mnt/host/source/src/platform/ec/build/zephyr/deku/modules/ec/common/usbc_intr_task.c.obj
[deku:rw] [307/382] Building C object CMakeFiles/app.dir/mnt/host/source/src/platform/ec/build/zephyr/deku/modules/ec/common/usbc_utils.c.obj
[deku:rw] [308/382] Building C object CMakeFiles/app.dir/mnt/host/source/src/platform/ec/build/zephyr/deku/modules/ec/common/usb_pd_flags.c.obj
[deku:ro] [24/382] Building C object CMakeFiles/app.dir/mnt/host/source/src/platform/ec/zephyr/subsys/ap_pwrseq/ap_reset_log.c.obj
[pujjoniru:ro] -- Generating component manifest file
[deku:rw] [309/382] Building C object CMakeFiles/app.dir/mnt/host/source/src/platform/ec/build/zephyr/deku/modules/ec/common/chargen.c.obj
[skywalker:rw] -- Configuring done (15.6s)
[deku:rw] [310/382] Building C object CMakeFiles/app.dir/mnt/host/source/src/platform/ec/build/zephyr/deku/modules/ec/common/usbc/usb_pd_console.c.obj
[pujjoniru:ro] INFO: Running CME, outputting to /mnt/host/source/src/platform/ec/build/zephyr/pujjoniru/build-ro/zephyr/component_manifest.json
[pujjoniru:ro] INFO: Component usbpd@f03700(ite,it8xxx2-usbpd) not on I2C bus, skip it
[pujjoniru:ro] INFO: Component virtual-mux-0(cros-ec,usbc-mux-virtual) not on I2C bus, skip it
[pujjoniru:ro] INFO: Component usbpd@f03800(ite,it8xxx2-usbpd) not on I2C bus, skip it
[pujjoniru:ro] INFO: Component virtual-mux-1(cros-ec,usbc-mux-virtual) not on I2C bus, skip it
[pujjoniru:ro] INFO: Component virtual-mux-1(cros-ec,usbc-mux-virtual) not on I2C bus, skip it
[/mnt/host/source/src/platform/ec/build/zephyr/joxer-lcov]   /mnt/host/source/src/platform/ec/build/zephyr/joxer/build-ro/modules/ec/zephyr/CMakeFiles/ec_shim.dir/shim/src/usb_muxes.c.gcno:no functions found
[/mnt/host/source/src/platform/ec/build/zephyr/joxer-lcov] stderr:
[deku:rw] [311/382] Building C object CMakeFiles/app.dir/mnt/host/source/src/platform/ec/build/zephyr/deku/modules/ec/driver/retimer/bb_retimer.c.obj
[magikarp:ro] -- Generating done (0.5s)
[magikarp:ro]   __ASSERT() statements are globally ENABLED
[magikarp:ro] CMake Warning:
[skywalker:rw] -- Generating done (0.4s)
[skywalker:rw] CMake Warning:
[skywalker:rw] -- Build files have been written to: /mnt/host/source/src/platform/ec/build/zephyr/skywalker/build-rw
[deku:rw] [312/382] Building C object CMakeFiles/app.dir/mnt/host/source/src/platform/ec/build/zephyr/deku/modules/ec/driver/usb_mux/virtual.c.obj
[/mnt/host/source/src/platform/ec/build/zephyr/quandiso2-lcov]   /mnt/host/source/src/platform/ec/build/zephyr/quandiso2/build-ro/CMakeFiles/app.dir/mnt/host/source/src/platform/ec/build/zephyr/quandiso2/modules/ec/common/chargen.c.gcno:no functions found
[/mnt/host/source/src/platform/ec/build/zephyr/quandiso2-lcov] stderr:
[deku:rw] [313/382] Building C object CMakeFiles/app.dir/mnt/host/source/src/platform/ec/build/zephyr/deku/modules/ec/driver/usb_mux/usb_mux.c.obj
[deku:rw] [314/382] Building C object CMakeFiles/app.dir/mnt/host/source/src/platform/ec/build/zephyr/deku/modules/ec/common/event_log.c.obj
[pujjoniru:ro] -- warning_base_override: -Wall;-Wformat;-Wformat-security;-Wformat;-Wno-format-zero-length;-Wno-pointer-sign;-Wpointer-arith;-Wexpansion-to-defined
[skywalker:rw]   Manually-specified variables were not used by the project:
[skywalker:rw]     COREBOOT_SDK_ROOT_libstdcxx_riscv64
[skywalker:rw]     COREBOOT_SDK_ROOT_libstdcxx_x86
[skywalker:rw]     COREBOOT_SDK_ROOT_nds32
[skywalker:rw]     COREBOOT_SDK_ROOT_picolibc_riscv64
[skywalker:rw]     COREBOOT_SDK_ROOT_picolibc_x86
[skywalker:rw]     COREBOOT_SDK_ROOT_riscv
[skywalker:rw]     COREBOOT_SDK_ROOT_riscv64
[skywalker:rw]     COREBOOT_SDK_ROOT_x86
[magikarp:ro] -- Build files have been written to: /mnt/host/source/src/platform/ec/build/zephyr/magikarp/build-ro
[magikarp:ro]   Manually-specified variables were not used by the project:
[magikarp:ro]     COREBOOT_SDK_ROOT_arm
[magikarp:ro]     COREBOOT_SDK_ROOT_libstdcxx_arm
[magikarp:ro]     COREBOOT_SDK_ROOT_libstdcxx_x86
[magikarp:ro]     COREBOOT_SDK_ROOT_nds32
[magikarp:ro]     COREBOOT_SDK_ROOT_picolibc_arm
[magikarp:ro]     COREBOOT_SDK_ROOT_picolibc_x86
[magikarp:ro]     COREBOOT_SDK_ROOT_riscv
[magikarp:ro]     COREBOOT_SDK_ROOT_x86
[deku:rw] [315/382] Building C object CMakeFiles/app.dir/mnt/host/source/src/platform/ec/build/zephyr/deku/modules/ec/common/pd_log.c.obj
[deku:ro] [25/382] Building C object CMakeFiles/app.dir/mnt/host/source/src/platform/ec/build/zephyr/deku/modules/ec/builtin/stdlib.c.obj
[pujjoniru:ro] -- Found gen_kobject_list: /mnt/host/source/src/third_party/zephyr/main/scripts/build/gen_kobject_list.py
[deku:rw] [316/382] Building C object CMakeFiles/app.dir/mnt/host/source/src/platform/ec/build/zephyr/deku/modules/ec/common/usbc/usb_prl_sm.c.obj
[deku:rw] [317/382] Building C object CMakeFiles/app.dir/mnt/host/source/src/platform/ec/build/zephyr/deku/modules/ec/common/usbc/usb_tc_drp_acc_trysrc_sm.c.obj
[pujjoniru:ro] -- Configuring done (16.1s)
[deku:rw] [318/382] Building C object CMakeFiles/app.dir/mnt/host/source/src/platform/ec/build/zephyr/deku/modules/ec/common/usbc/usbc_pd_policy.c.obj
[deku:rw] [319/382] Building C object CMakeFiles/app.dir/mnt/host/source/src/platform/ec/build/zephyr/deku/modules/ec/common/usbc/usb_pd_dpm.c.obj
[deku:ro] [26/382] Building C object CMakeFiles/app.dir/mnt/host/source/src/platform/ec/build/zephyr/deku/modules/ec/common/base32.c.obj
[deku:ro] [27/382] Building C object CMakeFiles/app.dir/mnt/host/source/src/platform/ec/build/zephyr/deku/modules/ec/common/console_output.c.obj
[deku:rw] [320/382] Building C object CMakeFiles/app.dir/mnt/host/source/src/platform/ec/build/zephyr/deku/modules/ec/common/usbc/usb_mode.c.obj
[deku:rw] [321/382] Building C object CMakeFiles/app.dir/mnt/host/source/src/platform/ec/build/zephyr/deku/modules/ec/common/usbc/usb_pe_drp_sm.c.obj
[deku:rw] [322/382] Building C object CMakeFiles/app.dir/mnt/host/source/src/platform/ec/build/zephyr/deku/modules/ec/common/usbc/dp_alt_mode.c.obj
[deku:rw] [323/382] Building C object CMakeFiles/app.dir/mnt/host/source/src/platform/ec/build/zephyr/deku/modules/ec/common/usbc/tbt_alt_mode.c.obj
[pujjoniru:ro] -- Generating done (0.5s)
[pujjoniru:ro] CMake Warning:
[deku:rw] [324/382] Building C object CMakeFiles/app.dir/mnt/host/source/src/platform/ec/build/zephyr/deku/modules/ec/common/usbc/usb_retimer_fw_update.c.obj
[deku:ro] [28/382] Building C object CMakeFiles/app.dir/mnt/host/source/src/platform/ec/build/zephyr/deku/modules/ec/common/ec_features.c.obj
[pujjoniru:ro] -- Build files have been written to: /mnt/host/source/src/platform/ec/build/zephyr/pujjoniru/build-ro
[pujjoniru:ro]   Manually-specified variables were not used by the project:
[pujjoniru:ro]     COREBOOT_SDK_ROOT_arm
[pujjoniru:ro]     COREBOOT_SDK_ROOT_libstdcxx_arm
[pujjoniru:ro]     COREBOOT_SDK_ROOT_libstdcxx_x86
[pujjoniru:ro]     COREBOOT_SDK_ROOT_nds32
[pujjoniru:ro]     COREBOOT_SDK_ROOT_picolibc_arm
[pujjoniru:ro]     COREBOOT_SDK_ROOT_picolibc_x86
[pujjoniru:ro]     COREBOOT_SDK_ROOT_riscv
[pujjoniru:ro]     COREBOOT_SDK_ROOT_x86
[magikarp:rw] Building: /usr/bin/ninja -C /mnt/host/source/src/platform/ec/build/zephyr/magikarp/build-rw all.libraries
Running `env -i SHELL=/bin/bash COLORTERM=truecolor DEPOT_TOOLS_UPDATE=0 LESS='-R -M --shift 5' SUDO_GID=0 JDK_HOME=/etc/java-config-2/current-system-vm CONFIG_PROTECT_MASK='/etc/gentoo-release /etc/sandbox.d /etc/fonts/fonts.conf /etc/terminfo /etc/ca-certificates.conf /etc/revdep-rebuild' CHROMEOS_CACHEDIR=/var/cache/chromeos-cache JAVA_HOME=/etc/java-config-2/current-system-vm SSH_AUTH_SOCK=/tmp/ssh-auth-sock SUDO_COMMAND=/bin/bash SUDO_USER=root SUDO_TTY=/dev/pts/2 EDITOR=/usr/bin/vi PWD=/mnt/host/source/src/platform/ec CONFIG_PROTECT=/usr/share/gnupg/qualified.txt LOGNAME=jpmurphy MANPATH=/etc/java-config-2/current-system-vm/man:/usr/local/share/man:/usr/share/man:/usr/share/gcc-data/x86_64-pc-linux-gnu/10.2.0/man:/usr/share/binutils-data/x86_64-pc-linux-gnu/2.45/man:/etc/java-config-2/current-system-vm/man/ SUDO_HOME=/root XAUTHORITY=/run/user/944457/gdm/Xauthority HOME=/home/jpmurphy LANG=C.UTF-8 LS_COLORS='rs=0:di=01;34:ln=01;36:mh=00:pi=40;33:so=01;35:do=01;35:bd=40;33;01:cd=40;33;01:or=01;05;37;41:mi=01;05;37;41:su=37;41:sg=30;43:ca=30;41:tw=30;42:ow=34;42:st=37;44:ex=01;32:*.tar=01;31:*.tgz=01;31:*.arc=01;31:*.arj=01;31:*.taz=01;31:*.lha=01;31:*.lz4=01;31:*.lzh=01;31:*.lzma=01;31:*.tlz=01;31:*.txz=01;31:*.tzo=01;31:*.t7z=01;31:*.zip=01;31:*.z=01;31:*.dz=01;31:*.gz=01;31:*.lrz=01;31:*.lz=01;31:*.lzo=01;31:*.xz=01;31:*.zst=01;31:*.tzst=01;31:*.bz2=01;31:*.bz=01;31:*.tbz=01;31:*.tbz2=01;31:*.tz=01;31:*.deb=01;31:*.rpm=01;31:*.jar=01;31:*.war=01;31:*.ear=01;31:*.sar=01;31:*.rar=01;31:*.alz=01;31:*.ace=01;31:*.zoo=01;31:*.cpio=01;31:*.7z=01;31:*.rz=01;31:*.cab=01;31:*.wim=01;31:*.swm=01;31:*.dwm=01;31:*.esd=01;31:*.jpg=01;35:*.jpeg=01;35:*.mjpg=01;35:*.mjpeg=01;35:*.gif=01;35:*.bmp=01;35:*.pbm=01;35:*.pgm=01;35:*.ppm=01;35:*.tga=01;35:*.xbm=01;35:*.xpm=01;35:*.tif=01;35:*.tiff=01;35:*.png=01;35:*.svg=01;35:*.svgz=01;35:*.mng=01;35:*.pcx=01;35:*.mov=01;35:*.mpg=01;35:*.mpeg=01;35:*.m2v=01;35:*.mkv=01;35:*.webm=01;35:*.webp=01;35:*.ogm=01;35:*.mp4=01;35:*.m4v=01;35:*.mp4v=01;35:*.vob=01;35:*.qt=01;35:*.nuv=01;35:*.wmv=01;35:*.asf=01;35:*.rm=01;35:*.rmvb=01;35:*.flc=01;35:*.avi=01;35:*.fli=01;35:*.flv=01;35:*.gl=01;35:*.dl=01;35:*.xcf=01;35:*.xwd=01;35:*.yuv=01;35:*.cgm=01;35:*.emf=01;35:*.ogv=01;35:*.ogx=01;35:*.cfg=00;32:*.conf=00;32:*.diff=00;32:*.doc=00;32:*.ini=00;32:*.log=00;32:*.patch=00;32:*.pdf=00;32:*.ps=00;32:*.tex=00;32:*.txt=00;32:*.aac=00;36:*.au=00;36:*.flac=00;36:*.m4a=00;36:*.mid=00;36:*.midi=00;36:*.mka=00;36:*.mp3=00;36:*.mpc=00;36:*.ogg=00;36:*.ra=00;36:*.wav=00;36:*.oga=00;36:*.opus=00;36:*.spx=00;36:*.xspf=00;36:' XDG_CURRENT_DESKTOP=GNOME INFOPATH=/usr/share/info:/usr/share/gcc-data/x86_64-pc-linux-gnu/10.2.0/info:/usr/share/binutils-data/x86_64-pc-linux-gnu/2.45/info:/usr/share/automake-1.16.5/info JAVAC=/etc/java-config-2/current-system-vm/bin/javac TERM=xterm-256color LESSOPEN='|lesspipe %s' USER=jpmurphy CROS_WORKON_SRCROOT=/mnt/host/source MANPAGER=manpager DISPLAY=:1 SHLVL=1 LC_MESSAGES=C EXTERNAL_TRUNK_PATH=/mnt/8f9d649a-3721-44cc-93c0-e6bd21a9689f/chromiumos GCC_SPECS='' PATH=/mnt/host/source/chromite/bin:/usr/local/bin:/usr/bin:/bin:/opt/bin:/mnt/host/source/chromite/sdk/bin:/mnt/host/source/chromite/bin PORTAGE_USERNAME=jpmurphy SUDO_UID=0 GCC_VER=10.2.0 MAIL=/var/mail/jpmurphy OLDPWD=/mnt/host/source/src/scripts traceparent=00-e87aca51550a78635907baa6a2476181-6d684811675d2973-01 _=./zephyr/firmware_builder.py COREBOOT_SDK_ROOT_x86=/home/jpmurphy/.cache/coreboot-sdk/i386-elf/dfbb0486385d938cfa9d73080b9d18d598ed4f49 COREBOOT_SDK_ROOT_picolibc_x86=/home/jpmurphy/.cache/coreboot-sdk/picolibc-i386-elf/eb8e8e687b95461de8cbf278f1c2076952d0ad17 COREBOOT_SDK_ROOT_riscv64=/home/jpmurphy/.cache/coreboot-sdk/riscv64-elf/96b949749225b6aaa92ed810ab769e8dfb12f000 COREBOOT_SDK_ROOT_picolibc_arm=/home/jpmurphy/.cache/coreboot-sdk/picolibc-arm-eabi/422a2aa3e1ef891b5bece9a3deb696ff83840d2e COREBOOT_SDK_ROOT_nds32=/home/jpmurphy/.cache/coreboot-sdk/nds32le-elf/d1a518c4a097666d86058e1444f85ca015d15511 COREBOOT_SDK_ROOT_picolibc_riscv64=/home/jpmurphy/.cache/coreboot-sdk/picolibc-riscv64-elf/f571e990ef0278564b31124f8bb109d9a697eb69 COREBOOT_SDK_ROOT_arm=/home/jpmurphy/.cache/coreboot-sdk/arm-eabi/ea40ddd1d190c3b48435c474c0b545719371813a COREBOOT_SDK_ROOT_libstdcxx_riscv64=/home/jpmurphy/.cache/coreboot-sdk/libstdcxx-riscv64-elf/17abf22a3a252e2d5d2062ced5324f7a623689e0 COREBOOT_SDK_ROOT_libstdcxx_arm=/home/jpmurphy/.cache/coreboot-sdk/libstdcxx-arm-eabi/5d7d82e150e44aa1968f1d366e267e6687b328ac COREBOOT_SDK_ROOT_riscv=/home/jpmurphy/.cache/coreboot-sdk/riscv-elf/9a27b9e82341c6e9126624f516ab3f261abb3e73 COREBOOT_SDK_ROOT_libstdcxx_x86=/home/jpmurphy/.cache/coreboot-sdk/libstdcxx-i386-elf/42ef9d2e87a76a37963175d7d428734e65648b87 PYTHONPATH=/mnt/host/source/src/platform/ec/zephyr/zmake PW_PIGWEED_CIPD_INSTALL_DIR=/usr CROSTC_USER_ACKNOWLEDGES_THAT_RISCV_IS_EXPERIMENTAL=1 MAKEFLAGS=' -j16 --jobserver-auth=5,6' /usr/bin/ninja -C /mnt/host/source/src/platform/ec/build/zephyr/magikarp/build-rw all.libraries`
[magikarp:rw] ninja: Entering directory `/mnt/host/source/src/platform/ec/build/zephyr/magikarp/build-rw'
[deku:rw] [325/382] Building C object CMakeFiles/app.dir/mnt/host/source/src/platform/ec/build/zephyr/deku/modules/ec/common/usb_pd_console_cmd.c.obj
[/mnt/host/source/src/platform/ec/build/zephyr/grogu-lcov]   /mnt/host/source/src/platform/ec/build/zephyr/grogu/build-ro/zephyr/CMakeFiles/zephyr.dir/subsys/shell/modules/kernel_service/kernel_shell.c.gcno:no functions found
[/mnt/host/source/src/platform/ec/build/zephyr/grogu-lcov] stderr:
[deku:rw] [326/382] Building C object CMakeFiles/app.dir/mnt/host/source/src/platform/ec/build/zephyr/deku/modules/ec/common/usbc/usb_pd_host.c.obj
[deku:rw] [327/382] Building C object CMakeFiles/app.dir/mnt/host/source/src/platform/ec/build/zephyr/deku/modules/ec/common/usb_pd_host_cmd.c.obj
[deku:rw] [328/382] Building C object CMakeFiles/app.dir/mnt/host/source/src/platform/ec/build/zephyr/deku/modules/ec/zephyr/shim/src/tcpc.c.obj
[deku:ro] [29/382] Building C object CMakeFiles/app.dir/mnt/host/source/src/platform/ec/build/zephyr/deku/modules/ec/common/peripheral.c.obj
[deku:ro] [30/382] Building C object CMakeFiles/app.dir/mnt/host/source/src/platform/ec/build/zephyr/deku/modules/ec/common/gpio_commands.c.obj
[deku:rw] [329/382] Building C object CMakeFiles/app.dir/mnt/host/source/src/platform/ec/build/zephyr/deku/modules/ec/common/usb_pd_dual_role.c.obj
[/mnt/host/source/src/platform/ec/build/zephyr/grogu-lcov]   /mnt/host/source/src/platform/ec/build/zephyr/grogu/build-ro/zephyr/CMakeFiles/zephyr.dir/lib/libc/validate_libc.c.gcno:no functions found
[/mnt/host/source/src/platform/ec/build/zephyr/grogu-lcov] stderr:
[deku:rw] [330/382] Building C object CMakeFiles/app.dir/mnt/host/source/src/platform/ec/build/zephyr/deku/modules/ec/common/usbc_ocp.c.obj
[deku:rw] [331/382] Building C object CMakeFiles/app.dir/mnt/host/source/src/platform/ec/build/zephyr/deku/modules/ec/common/usb_pd_host_cmd_common.c.obj
[magikarp:rw] [1/390] Generating include/generated/zephyr/version.h
[magikarp:rw] -- git describe warned: warning: tag 'upstream/v2.7.99' is externally known as 'v2.7.99'
[magikarp:rw] -- Zephyr version: 4.3.99 (/mnt/host/source/src/third_party/zephyr/main)
[magikarp:rw] [2/390] Preparing syscall dependency handling
[deku:rw] [332/382] Building C object CMakeFiles/app.dir/mnt/host/source/src/platform/ec/build/zephyr/deku/modules/ec/common/usb_pd_discovery.c.obj
[magikarp:rw] [3/390] Generating misc/generated/syscalls_subdirs.trigger
[deku:rw] [333/382] Building C object CMakeFiles/app.dir/mnt/host/source/src/platform/ec/build/zephyr/deku/modules/ec/driver/tcpm/rt1715.c.obj
[deku:ro] [31/382] Building C object CMakeFiles/app.dir/mnt/host/source/src/platform/ec/build/zephyr/deku/modules/ec/common/printf.c.obj
[deku:rw] [334/382] Building C object CMakeFiles/app.dir/mnt/host/source/src/platform/ec/build/zephyr/deku/modules/ec/driver/tcpm/tcpci.c.obj
[deku:rw] [335/382] Building C object CMakeFiles/app.dir/mnt/host/source/src/platform/ec/build/zephyr/deku/modules/ec/common/vboot_hash.c.obj
[deku:rw] [336/382] Building C object CMakeFiles/app.dir/mnt/host/source/src/platform/ec/build/zephyr/deku/modules/ec/common/usbc_ppc.c.obj
[deku:rw] [337/382] Building C object CMakeFiles/app.dir/mnt/host/source/src/platform/ec/build/zephyr/deku/modules/ec/driver/ppc/syv682x.c.obj
[deku:ro] [32/382] Building C object CMakeFiles/app.dir/mnt/host/source/src/platform/ec/build/zephyr/deku/modules/ec/common/queue.c.obj
[deku:rw] [338/382] Building C object CMakeFiles/app.dir/mnt/host/source/src/platform/ec/build/zephyr/deku/modules/ec/common/button.c.obj
[deku:rw] [339/382] Building C object CMakeFiles/app.dir/mnt/host/source/src/platform/ec/build/zephyr/deku/modules/ec/common/vstore.c.obj
[deku:rw] [340/382] Linking C static library modules/ec/zephyr/libec_shim.a
[deku:rw] [341/382] Building C object CMakeFiles/app.dir/mnt/host/source/src/platform/ec/build/zephyr/deku/modules/ec/common/math_util.c.obj
[deku:ro] [33/382] Building C object CMakeFiles/app.dir/mnt/host/source/src/platform/ec/build/zephyr/deku/modules/ec/common/system.c.obj
[/mnt/host/source/src/platform/ec/build/zephyr/grogu-lcov]   /mnt/host/source/src/platform/ec/build/zephyr/grogu/build-ro/zephyr/CMakeFiles/zephyr.dir/lib/utils/last_section_id.c.gcno:no functions found
[/mnt/host/source/src/platform/ec/build/zephyr/grogu-lcov] stderr:
[magikarp:rw] [4/390] Generating misc/generated/syscalls.json, misc/generated/struct_tags.json
[deku:rw] [342/382] Building C object CMakeFiles/app.dir/mnt/host/source/src/platform/ec/build/zephyr/deku/modules/ec/common/vboot/efs2.c.obj
[deku:ro] [34/382] Building C object CMakeFiles/app.dir/mnt/host/source/src/platform/ec/build/zephyr/deku/modules/ec/common/system_boot_time.c.obj
[magikarp:rw] [5/390] Generating include/generated/zephyr/syscall_dispatch.c, include/generated/zephyr/syscall_exports_llext.c, syscall_weakdefs_llext.c, include/generated/zephyr/syscall_list.h
[deku:rw] [343/382] Building C object CMakeFiles/app.dir/src/board_power.c.obj
[/mnt/host/source/src/platform/ec/build/zephyr/joxer-lcov]   /mnt/host/source/src/platform/ec/build/zephyr/joxer/build-ro/modules/ec/zephyr/CMakeFiles/ec_shim.dir/shim/src/usba.c.gcno:no functions found
[/mnt/host/source/src/platform/ec/build/zephyr/joxer-lcov] stderr:
[magikarp:rw] [6/390] Generating include/generated/zephyr/driver-validation.h
[deku:rw] [344/382] Building C object CMakeFiles/app.dir/src/usbc_config.c.obj
[magikarp:rw] [7/390] Generating include/generated/zephyr/kobj-types-enum.h, include/generated/zephyr/otype-to-str.h, include/generated/zephyr/otype-to-size.h
[deku:rw] [345/382] Building C object CMakeFiles/app.dir/src/usb_pd_policy.c.obj
[deku:rw] [346/382] Building C object zephyr/kernel/CMakeFiles/kernel.dir/main_weak.c.obj
[magikarp:rw] [8/390] Generating include/generated/device-api-sections.ld, include/generated/device-api-sections.cmake
[deku:rw] [347/382] Building C object zephyr/kernel/CMakeFiles/kernel.dir/banner.c.obj
[deku:rw] [348/382] Building C object CMakeFiles/app.dir/deku/src/thermal.c.obj
[deku:rw] [349/382] Building C object CMakeFiles/app.dir/deku/src/usbc_config.c.obj
[deku:rw] [350/382] Building C object zephyr/kernel/CMakeFiles/kernel.dir/busy_wait.c.obj
[deku:rw] [351/382] Building C object CMakeFiles/app.dir/deku/src/poe.c.obj
[deku:ro] [35/382] Building C object CMakeFiles/app.dir/mnt/host/source/src/platform/ec/build/zephyr/deku/modules/ec/common/uart_printf.c.obj
[deku:rw] [352/382] Building C object zephyr/kernel/CMakeFiles/kernel.dir/version.c.obj
[deku:ro] [36/382] Building C object CMakeFiles/app.dir/mnt/host/source/src/platform/ec/build/zephyr/deku/modules/ec/common/util.c.obj
[deku:rw] [353/382] Building C object zephyr/kernel/CMakeFiles/kernel.dir/device.c.obj
[deku:rw] [354/382] Linking C static library app/libapp.a
[deku:ro] [37/382] Building C object CMakeFiles/app.dir/mnt/host/source/src/platform/ec/build/zephyr/deku/modules/ec/common/version.c.obj
[deku:rw] [355/382] Building C object zephyr/kernel/CMakeFiles/kernel.dir/errno.c.obj
[magikarp:rw] [9/390] Building C object zephyr/CMakeFiles/offsets.dir/arch/riscv/core/offsets/offsets.c.obj
[deku:rw] [356/382] Building C object zephyr/kernel/CMakeFiles/kernel.dir/kheap.c.obj
[deku:rw] [357/382] Building C object zephyr/kernel/CMakeFiles/kernel.dir/init.c.obj
[deku:rw] [358/382] Building C object zephyr/kernel/CMakeFiles/kernel.dir/fatal.c.obj
[deku:rw] [359/382] Building C object zephyr/kernel/CMakeFiles/kernel.dir/float.c.obj
[deku:rw] [360/382] Building C object zephyr/kernel/CMakeFiles/kernel.dir/mem_slab.c.obj
[magikarp:rw] [10/390] Generating include/generated/zephyr/offsets.h
[deku:rw] [361/382] Building C object zephyr/kernel/CMakeFiles/kernel.dir/idle.c.obj
[deku:rw] [362/382] Building C object zephyr/kernel/CMakeFiles/kernel.dir/mailbox.c.obj
[deku:ro] [38/382] Building C object CMakeFiles/app.dir/mnt/host/source/src/platform/ec/build/zephyr/deku/modules/ec/common/power_button_x86.c.obj
[deku:rw] [363/382] Building C object zephyr/kernel/CMakeFiles/kernel.dir/msg_q.c.obj
[deku:ro] [39/382] Building C object CMakeFiles/app.dir/mnt/host/source/src/platform/ec/build/zephyr/deku/modules/ec/common/adc.c.obj
[deku:rw] [364/382] Building C object zephyr/kernel/CMakeFiles/kernel.dir/mutex.c.obj
[deku:ro] [40/382] Building C object CMakeFiles/app.dir/mnt/host/source/src/platform/ec/build/zephyr/deku/modules/ec/common/acpi.c.obj
[deku:rw] [365/382] Building C object zephyr/kernel/CMakeFiles/kernel.dir/stack.c.obj
[deku:rw] [366/382] Building C object zephyr/kernel/CMakeFiles/kernel.dir/system_work_q.c.obj
[deku:rw] [367/382] Building C object zephyr/kernel/CMakeFiles/kernel.dir/sem.c.obj
[magikarp:rw] [11/390] Building C object zephyr/CMakeFiles/zephyr.dir/lib/libc/validate_libc.c.obj
[deku:rw] [368/382] Building C object zephyr/kernel/CMakeFiles/kernel.dir/queue.c.obj
[deku:rw] [369/382] Building C object zephyr/kernel/CMakeFiles/kernel.dir/condvar.c.obj
[deku:rw] [370/382] Building C object zephyr/kernel/CMakeFiles/kernel.dir/work.c.obj
[deku:rw] [371/382] Building C object zephyr/kernel/CMakeFiles/kernel.dir/thread.c.obj
[deku:ro] [41/382] Building C object CMakeFiles/app.dir/mnt/host/source/src/platform/ec/build/zephyr/deku/modules/ec/common/cbi_common.c.obj
[deku:rw] [372/382] Building C object zephyr/kernel/CMakeFiles/kernel.dir/sched.c.obj
[/mnt/host/source/src/platform/ec/build/zephyr/quandiso2-lcov]   /mnt/host/source/src/platform/ec/build/zephyr/quandiso2/build-ro/CMakeFiles/app.dir/mnt/host/source/src/platform/ec/build/zephyr/quandiso2/modules/ec/common/cbi_config.c.gcno:no functions found
[/mnt/host/source/src/platform/ec/build/zephyr/quandiso2-lcov] stderr:
[deku:ro] [42/382] Building C object CMakeFiles/app.dir/mnt/host/source/src/platform/ec/build/zephyr/deku/modules/ec/common/cbi_config.c.obj
[deku:rw] [373/382] Building C object zephyr/kernel/CMakeFiles/kernel.dir/pipe.c.obj
[deku:rw] [374/382] Building C object zephyr/kernel/CMakeFiles/kernel.dir/thread_monitor.c.obj
[magikarp:ro] Building: /usr/bin/ninja -C /mnt/host/source/src/platform/ec/build/zephyr/magikarp/build-ro all.libraries
Running `env -i SHELL=/bin/bash COLORTERM=truecolor DEPOT_TOOLS_UPDATE=0 LESS='-R -M --shift 5' SUDO_GID=0 JDK_HOME=/etc/java-config-2/current-system-vm CONFIG_PROTECT_MASK='/etc/gentoo-release /etc/sandbox.d /etc/fonts/fonts.conf /etc/terminfo /etc/ca-certificates.conf /etc/revdep-rebuild' CHROMEOS_CACHEDIR=/var/cache/chromeos-cache JAVA_HOME=/etc/java-config-2/current-system-vm SSH_AUTH_SOCK=/tmp/ssh-auth-sock SUDO_COMMAND=/bin/bash SUDO_USER=root SUDO_TTY=/dev/pts/2 EDITOR=/usr/bin/vi PWD=/mnt/host/source/src/platform/ec CONFIG_PROTECT=/usr/share/gnupg/qualified.txt LOGNAME=jpmurphy MANPATH=/etc/java-config-2/current-system-vm/man:/usr/local/share/man:/usr/share/man:/usr/share/gcc-data/x86_64-pc-linux-gnu/10.2.0/man:/usr/share/binutils-data/x86_64-pc-linux-gnu/2.45/man:/etc/java-config-2/current-system-vm/man/ SUDO_HOME=/root XAUTHORITY=/run/user/944457/gdm/Xauthority HOME=/home/jpmurphy LANG=C.UTF-8 LS_COLORS='rs=0:di=01;34:ln=01;36:mh=00:pi=40;33:so=01;35:do=01;35:bd=40;33;01:cd=40;33;01:or=01;05;37;41:mi=01;05;37;41:su=37;41:sg=30;43:ca=30;41:tw=30;42:ow=34;42:st=37;44:ex=01;32:*.tar=01;31:*.tgz=01;31:*.arc=01;31:*.arj=01;31:*.taz=01;31:*.lha=01;31:*.lz4=01;31:*.lzh=01;31:*.lzma=01;31:*.tlz=01;31:*.txz=01;31:*.tzo=01;31:*.t7z=01;31:*.zip=01;31:*.z=01;31:*.dz=01;31:*.gz=01;31:*.lrz=01;31:*.lz=01;31:*.lzo=01;31:*.xz=01;31:*.zst=01;31:*.tzst=01;31:*.bz2=01;31:*.bz=01;31:*.tbz=01;31:*.tbz2=01;31:*.tz=01;31:*.deb=01;31:*.rpm=01;31:*.jar=01;31:*.war=01;31:*.ear=01;31:*.sar=01;31:*.rar=01;31:*.alz=01;31:*.ace=01;31:*.zoo=01;31:*.cpio=01;31:*.7z=01;31:*.rz=01;31:*.cab=01;31:*.wim=01;31:*.swm=01;31:*.dwm=01;31:*.esd=01;31:*.jpg=01;35:*.jpeg=01;35:*.mjpg=01;35:*.mjpeg=01;35:*.gif=01;35:*.bmp=01;35:*.pbm=01;35:*.pgm=01;35:*.ppm=01;35:*.tga=01;35:*.xbm=01;35:*.xpm=01;35:*.tif=01;35:*.tiff=01;35:*.png=01;35:*.svg=01;35:*.svgz=01;35:*.mng=01;35:*.pcx=01;35:*.mov=01;35:*.mpg=01;35:*.mpeg=01;35:*.m2v=01;35:*.mkv=01;35:*.webm=01;35:*.webp=01;35:*.ogm=01;35:*.mp4=01;35:*.m4v=01;35:*.mp4v=01;35:*.vob=01;35:*.qt=01;35:*.nuv=01;35:*.wmv=01;35:*.asf=01;35:*.rm=01;35:*.rmvb=01;35:*.flc=01;35:*.avi=01;35:*.fli=01;35:*.flv=01;35:*.gl=01;35:*.dl=01;35:*.xcf=01;35:*.xwd=01;35:*.yuv=01;35:*.cgm=01;35:*.emf=01;35:*.ogv=01;35:*.ogx=01;35:*.cfg=00;32:*.conf=00;32:*.diff=00;32:*.doc=00;32:*.ini=00;32:*.log=00;32:*.patch=00;32:*.pdf=00;32:*.ps=00;32:*.tex=00;32:*.txt=00;32:*.aac=00;36:*.au=00;36:*.flac=00;36:*.m4a=00;36:*.mid=00;36:*.midi=00;36:*.mka=00;36:*.mp3=00;36:*.mpc=00;36:*.ogg=00;36:*.ra=00;36:*.wav=00;36:*.oga=00;36:*.opus=00;36:*.spx=00;36:*.xspf=00;36:' XDG_CURRENT_DESKTOP=GNOME INFOPATH=/usr/share/info:/usr/share/gcc-data/x86_64-pc-linux-gnu/10.2.0/info:/usr/share/binutils-data/x86_64-pc-linux-gnu/2.45/info:/usr/share/automake-1.16.5/info JAVAC=/etc/java-config-2/current-system-vm/bin/javac TERM=xterm-256color LESSOPEN='|lesspipe %s' USER=jpmurphy CROS_WORKON_SRCROOT=/mnt/host/source MANPAGER=manpager DISPLAY=:1 SHLVL=1 LC_MESSAGES=C EXTERNAL_TRUNK_PATH=/mnt/8f9d649a-3721-44cc-93c0-e6bd21a9689f/chromiumos GCC_SPECS='' PATH=/mnt/host/source/chromite/bin:/usr/local/bin:/usr/bin:/bin:/opt/bin:/mnt/host/source/chromite/sdk/bin:/mnt/host/source/chromite/bin PORTAGE_USERNAME=jpmurphy SUDO_UID=0 GCC_VER=10.2.0 MAIL=/var/mail/jpmurphy OLDPWD=/mnt/host/source/src/scripts traceparent=00-e87aca51550a78635907baa6a2476181-6d684811675d2973-01 _=./zephyr/firmware_builder.py COREBOOT_SDK_ROOT_x86=/home/jpmurphy/.cache/coreboot-sdk/i386-elf/dfbb0486385d938cfa9d73080b9d18d598ed4f49 COREBOOT_SDK_ROOT_picolibc_x86=/home/jpmurphy/.cache/coreboot-sdk/picolibc-i386-elf/eb8e8e687b95461de8cbf278f1c2076952d0ad17 COREBOOT_SDK_ROOT_riscv64=/home/jpmurphy/.cache/coreboot-sdk/riscv64-elf/96b949749225b6aaa92ed810ab769e8dfb12f000 COREBOOT_SDK_ROOT_picolibc_arm=/home/jpmurphy/.cache/coreboot-sdk/picolibc-arm-eabi/422a2aa3e1ef891b5bece9a3deb696ff83840d2e COREBOOT_SDK_ROOT_nds32=/home/jpmurphy/.cache/coreboot-sdk/nds32le-elf/d1a518c4a097666d86058e1444f85ca015d15511 COREBOOT_SDK_ROOT_picolibc_riscv64=/home/jpmurphy/.cache/coreboot-sdk/picolibc-riscv64-elf/f571e990ef0278564b31124f8bb109d9a697eb69 COREBOOT_SDK_ROOT_arm=/home/jpmurphy/.cache/coreboot-sdk/arm-eabi/ea40ddd1d190c3b48435c474c0b545719371813a COREBOOT_SDK_ROOT_libstdcxx_riscv64=/home/jpmurphy/.cache/coreboot-sdk/libstdcxx-riscv64-elf/17abf22a3a252e2d5d2062ced5324f7a623689e0 COREBOOT_SDK_ROOT_libstdcxx_arm=/home/jpmurphy/.cache/coreboot-sdk/libstdcxx-arm-eabi/5d7d82e150e44aa1968f1d366e267e6687b328ac COREBOOT_SDK_ROOT_riscv=/home/jpmurphy/.cache/coreboot-sdk/riscv-elf/9a27b9e82341c6e9126624f516ab3f261abb3e73 COREBOOT_SDK_ROOT_libstdcxx_x86=/home/jpmurphy/.cache/coreboot-sdk/libstdcxx-i386-elf/42ef9d2e87a76a37963175d7d428734e65648b87 PYTHONPATH=/mnt/host/source/src/platform/ec/zephyr/zmake PW_PIGWEED_CIPD_INSTALL_DIR=/usr CROSTC_USER_ACKNOWLEDGES_THAT_RISCV_IS_EXPERIMENTAL=1 MAKEFLAGS=' -j16 --jobserver-auth=5,6' /usr/bin/ninja -C /mnt/host/source/src/platform/ec/build/zephyr/magikarp/build-ro all.libraries`
[deku:rw] [375/382] Building C object zephyr/kernel/CMakeFiles/kernel.dir/spinlock_validate.c.obj
[magikarp:ro] ninja: Entering directory `/mnt/host/source/src/platform/ec/build/zephyr/magikarp/build-ro'
[deku:rw] [376/382] Building C object zephyr/kernel/CMakeFiles/kernel.dir/timeout.c.obj
[deku:ro] [43/382] Building C object CMakeFiles/app.dir/mnt/host/source/src/platform/ec/build/zephyr/deku/modules/ec/common/cbi.c.obj
[magikarp:rw] [12/390] Building C object zephyr/CMakeFiles/zephyr.dir/lib/heap/heap.c.obj
[deku:rw] [377/382] Building C object zephyr/kernel/CMakeFiles/kernel.dir/timer.c.obj
[skywalker:ro] Building: /usr/bin/ninja -C /mnt/host/source/src/platform/ec/build/zephyr/skywalker/build-ro all.libraries
Running `env -i SHELL=/bin/bash COLORTERM=truecolor DEPOT_TOOLS_UPDATE=0 LESS='-R -M --shift 5' SUDO_GID=0 JDK_HOME=/etc/java-config-2/current-system-vm CONFIG_PROTECT_MASK='/etc/gentoo-release /etc/sandbox.d /etc/fonts/fonts.conf /etc/terminfo /etc/ca-certificates.conf /etc/revdep-rebuild' CHROMEOS_CACHEDIR=/var/cache/chromeos-cache JAVA_HOME=/etc/java-config-2/current-system-vm SSH_AUTH_SOCK=/tmp/ssh-auth-sock SUDO_COMMAND=/bin/bash SUDO_USER=root SUDO_TTY=/dev/pts/2 EDITOR=/usr/bin/vi PWD=/mnt/host/source/src/platform/ec CONFIG_PROTECT=/usr/share/gnupg/qualified.txt LOGNAME=jpmurphy MANPATH=/etc/java-config-2/current-system-vm/man:/usr/local/share/man:/usr/share/man:/usr/share/gcc-data/x86_64-pc-linux-gnu/10.2.0/man:/usr/share/binutils-data/x86_64-pc-linux-gnu/2.45/man:/etc/java-config-2/current-system-vm/man/ SUDO_HOME=/root XAUTHORITY=/run/user/944457/gdm/Xauthority HOME=/home/jpmurphy LANG=C.UTF-8 LS_COLORS='rs=0:di=01;34:ln=01;36:mh=00:pi=40;33:so=01;35:do=01;35:bd=40;33;01:cd=40;33;01:or=01;05;37;41:mi=01;05;37;41:su=37;41:sg=30;43:ca=30;41:tw=30;42:ow=34;42:st=37;44:ex=01;32:*.tar=01;31:*.tgz=01;31:*.arc=01;31:*.arj=01;31:*.taz=01;31:*.lha=01;31:*.lz4=01;31:*.lzh=01;31:*.lzma=01;31:*.tlz=01;31:*.txz=01;31:*.tzo=01;31:*.t7z=01;31:*.zip=01;31:*.z=01;31:*.dz=01;31:*.gz=01;31:*.lrz=01;31:*.lz=01;31:*.lzo=01;31:*.xz=01;31:*.zst=01;31:*.tzst=01;31:*.bz2=01;31:*.bz=01;31:*.tbz=01;31:*.tbz2=01;31:*.tz=01;31:*.deb=01;31:*.rpm=01;31:*.jar=01;31:*.war=01;31:*.ear=01;31:*.sar=01;31:*.rar=01;31:*.alz=01;31:*.ace=01;31:*.zoo=01;31:*.cpio=01;31:*.7z=01;31:*.rz=01;31:*.cab=01;31:*.wim=01;31:*.swm=01;31:*.dwm=01;31:*.esd=01;31:*.jpg=01;35:*.jpeg=01;35:*.mjpg=01;35:*.mjpeg=01;35:*.gif=01;35:*.bmp=01;35:*.pbm=01;35:*.pgm=01;35:*.ppm=01;35:*.tga=01;35:*.xbm=01;35:*.xpm=01;35:*.tif=01;35:*.tiff=01;35:*.png=01;35:*.svg=01;35:*.svgz=01;35:*.mng=01;35:*.pcx=01;35:*.mov=01;35:*.mpg=01;35:*.mpeg=01;35:*.m2v=01;35:*.mkv=01;35:*.webm=01;35:*.webp=01;35:*.ogm=01;35:*.mp4=01;35:*.m4v=01;35:*.mp4v=01;35:*.vob=01;35:*.qt=01;35:*.nuv=01;35:*.wmv=01;35:*.asf=01;35:*.rm=01;35:*.rmvb=01;35:*.flc=01;35:*.avi=01;35:*.fli=01;35:*.flv=01;35:*.gl=01;35:*.dl=01;35:*.xcf=01;35:*.xwd=01;35:*.yuv=01;35:*.cgm=01;35:*.emf=01;35:*.ogv=01;35:*.ogx=01;35:*.cfg=00;32:*.conf=00;32:*.diff=00;32:*.doc=00;32:*.ini=00;32:*.log=00;32:*.patch=00;32:*.pdf=00;32:*.ps=00;32:*.tex=00;32:*.txt=00;32:*.aac=00;36:*.au=00;36:*.flac=00;36:*.m4a=00;36:*.mid=00;36:*.midi=00;36:*.mka=00;36:*.mp3=00;36:*.mpc=00;36:*.ogg=00;36:*.ra=00;36:*.wav=00;36:*.oga=00;36:*.opus=00;36:*.spx=00;36:*.xspf=00;36:' XDG_CURRENT_DESKTOP=GNOME INFOPATH=/usr/share/info:/usr/share/gcc-data/x86_64-pc-linux-gnu/10.2.0/info:/usr/share/binutils-data/x86_64-pc-linux-gnu/2.45/info:/usr/share/automake-1.16.5/info JAVAC=/etc/java-config-2/current-system-vm/bin/javac TERM=xterm-256color LESSOPEN='|lesspipe %s' USER=jpmurphy CROS_WORKON_SRCROOT=/mnt/host/source MANPAGER=manpager DISPLAY=:1 SHLVL=1 LC_MESSAGES=C EXTERNAL_TRUNK_PATH=/mnt/8f9d649a-3721-44cc-93c0-e6bd21a9689f/chromiumos GCC_SPECS='' PATH=/mnt/host/source/chromite/bin:/usr/local/bin:/usr/bin:/bin:/opt/bin:/mnt/host/source/chromite/sdk/bin:/mnt/host/source/chromite/bin PORTAGE_USERNAME=jpmurphy SUDO_UID=0 GCC_VER=10.2.0 MAIL=/var/mail/jpmurphy OLDPWD=/mnt/host/source/src/scripts traceparent=00-e87aca51550a78635907baa6a2476181-6d684811675d2973-01 _=./zephyr/firmware_builder.py COREBOOT_SDK_ROOT_x86=/home/jpmurphy/.cache/coreboot-sdk/i386-elf/dfbb0486385d938cfa9d73080b9d18d598ed4f49 COREBOOT_SDK_ROOT_picolibc_x86=/home/jpmurphy/.cache/coreboot-sdk/picolibc-i386-elf/eb8e8e687b95461de8cbf278f1c2076952d0ad17 COREBOOT_SDK_ROOT_riscv64=/home/jpmurphy/.cache/coreboot-sdk/riscv64-elf/96b949749225b6aaa92ed810ab769e8dfb12f000 COREBOOT_SDK_ROOT_picolibc_arm=/home/jpmurphy/.cache/coreboot-sdk/picolibc-arm-eabi/422a2aa3e1ef891b5bece9a3deb696ff83840d2e COREBOOT_SDK_ROOT_nds32=/home/jpmurphy/.cache/coreboot-sdk/nds32le-elf/d1a518c4a097666d86058e1444f85ca015d15511 COREBOOT_SDK_ROOT_picolibc_riscv64=/home/jpmurphy/.cache/coreboot-sdk/picolibc-riscv64-elf/f571e990ef0278564b31124f8bb109d9a697eb69 COREBOOT_SDK_ROOT_arm=/home/jpmurphy/.cache/coreboot-sdk/arm-eabi/ea40ddd1d190c3b48435c474c0b545719371813a COREBOOT_SDK_ROOT_libstdcxx_riscv64=/home/jpmurphy/.cache/coreboot-sdk/libstdcxx-riscv64-elf/17abf22a3a252e2d5d2062ced5324f7a623689e0 COREBOOT_SDK_ROOT_libstdcxx_arm=/home/jpmurphy/.cache/coreboot-sdk/libstdcxx-arm-eabi/5d7d82e150e44aa1968f1d366e267e6687b328ac COREBOOT_SDK_ROOT_riscv=/home/jpmurphy/.cache/coreboot-sdk/riscv-elf/9a27b9e82341c6e9126624f516ab3f261abb3e73 COREBOOT_SDK_ROOT_libstdcxx_x86=/home/jpmurphy/.cache/coreboot-sdk/libstdcxx-i386-elf/42ef9d2e87a76a37963175d7d428734e65648b87 PYTHONPATH=/mnt/host/source/src/platform/ec/zephyr/zmake PW_PIGWEED_CIPD_INSTALL_DIR=/usr CROSTC_USER_ACKNOWLEDGES_THAT_RISCV_IS_EXPERIMENTAL=1 MAKEFLAGS=' -j16 --jobserver-auth=5,6' /usr/bin/ninja -C /mnt/host/source/src/platform/ec/build/zephyr/skywalker/build-ro all.libraries`
[skywalker:ro] ninja: Entering directory `/mnt/host/source/src/platform/ec/build/zephyr/skywalker/build-ro'
[deku:rw] [378/382] Building C object zephyr/kernel/CMakeFiles/kernel.dir/poll.c.obj
[skywalker:rw] Building: /usr/bin/ninja -C /mnt/host/source/src/platform/ec/build/zephyr/skywalker/build-rw all.libraries
Running `env -i SHELL=/bin/bash COLORTERM=truecolor DEPOT_TOOLS_UPDATE=0 LESS='-R -M --shift 5' SUDO_GID=0 JDK_HOME=/etc/java-config-2/current-system-vm CONFIG_PROTECT_MASK='/etc/gentoo-release /etc/sandbox.d /etc/fonts/fonts.conf /etc/terminfo /etc/ca-certificates.conf /etc/revdep-rebuild' CHROMEOS_CACHEDIR=/var/cache/chromeos-cache JAVA_HOME=/etc/java-config-2/current-system-vm SSH_AUTH_SOCK=/tmp/ssh-auth-sock SUDO_COMMAND=/bin/bash SUDO_USER=root SUDO_TTY=/dev/pts/2 EDITOR=/usr/bin/vi PWD=/mnt/host/source/src/platform/ec CONFIG_PROTECT=/usr/share/gnupg/qualified.txt LOGNAME=jpmurphy MANPATH=/etc/java-config-2/current-system-vm/man:/usr/local/share/man:/usr/share/man:/usr/share/gcc-data/x86_64-pc-linux-gnu/10.2.0/man:/usr/share/binutils-data/x86_64-pc-linux-gnu/2.45/man:/etc/java-config-2/current-system-vm/man/ SUDO_HOME=/root XAUTHORITY=/run/user/944457/gdm/Xauthority HOME=/home/jpmurphy LANG=C.UTF-8 LS_COLORS='rs=0:di=01;34:ln=01;36:mh=00:pi=40;33:so=01;35:do=01;35:bd=40;33;01:cd=40;33;01:or=01;05;37;41:mi=01;05;37;41:su=37;41:sg=30;43:ca=30;41:tw=30;42:ow=34;42:st=37;44:ex=01;32:*.tar=01;31:*.tgz=01;31:*.arc=01;31:*.arj=01;31:*.taz=01;31:*.lha=01;31:*.lz4=01;31:*.lzh=01;31:*.lzma=01;31:*.tlz=01;31:*.txz=01;31:*.tzo=01;31:*.t7z=01;31:*.zip=01;31:*.z=01;31:*.dz=01;31:*.gz=01;31:*.lrz=01;31:*.lz=01;31:*.lzo=01;31:*.xz=01;31:*.zst=01;31:*.tzst=01;31:*.bz2=01;31:*.bz=01;31:*.tbz=01;31:*.tbz2=01;31:*.tz=01;31:*.deb=01;31:*.rpm=01;31:*.jar=01;31:*.war=01;31:*.ear=01;31:*.sar=01;31:*.rar=01;31:*.alz=01;31:*.ace=01;31:*.zoo=01;31:*.cpio=01;31:*.7z=01;31:*.rz=01;31:*.cab=01;31:*.wim=01;31:*.swm=01;31:*.dwm=01;31:*.esd=01;31:*.jpg=01;35:*.jpeg=01;35:*.mjpg=01;35:*.mjpeg=01;35:*.gif=01;35:*.bmp=01;35:*.pbm=01;35:*.pgm=01;35:*.ppm=01;35:*.tga=01;35:*.xbm=01;35:*.xpm=01;35:*.tif=01;35:*.tiff=01;35:*.png=01;35:*.svg=01;35:*.svgz=01;35:*.mng=01;35:*.pcx=01;35:*.mov=01;35:*.mpg=01;35:*.mpeg=01;35:*.m2v=01;35:*.mkv=01;35:*.webm=01;35:*.webp=01;35:*.ogm=01;35:*.mp4=01;35:*.m4v=01;35:*.mp4v=01;35:*.vob=01;35:*.qt=01;35:*.nuv=01;35:*.wmv=01;35:*.asf=01;35:*.rm=01;35:*.rmvb=01;35:*.flc=01;35:*.avi=01;35:*.fli=01;35:*.flv=01;35:*.gl=01;35:*.dl=01;35:*.xcf=01;35:*.xwd=01;35:*.yuv=01;35:*.cgm=01;35:*.emf=01;35:*.ogv=01;35:*.ogx=01;35:*.cfg=00;32:*.conf=00;32:*.diff=00;32:*.doc=00;32:*.ini=00;32:*.log=00;32:*.patch=00;32:*.pdf=00;32:*.ps=00;32:*.tex=00;32:*.txt=00;32:*.aac=00;36:*.au=00;36:*.flac=00;36:*.m4a=00;36:*.mid=00;36:*.midi=00;36:*.mka=00;36:*.mp3=00;36:*.mpc=00;36:*.ogg=00;36:*.ra=00;36:*.wav=00;36:*.oga=00;36:*.opus=00;36:*.spx=00;36:*.xspf=00;36:' XDG_CURRENT_DESKTOP=GNOME INFOPATH=/usr/share/info:/usr/share/gcc-data/x86_64-pc-linux-gnu/10.2.0/info:/usr/share/binutils-data/x86_64-pc-linux-gnu/2.45/info:/usr/share/automake-1.16.5/info JAVAC=/etc/java-config-2/current-system-vm/bin/javac TERM=xterm-256color LESSOPEN='|lesspipe %s' USER=jpmurphy CROS_WORKON_SRCROOT=/mnt/host/source MANPAGER=manpager DISPLAY=:1 SHLVL=1 LC_MESSAGES=C EXTERNAL_TRUNK_PATH=/mnt/8f9d649a-3721-44cc-93c0-e6bd21a9689f/chromiumos GCC_SPECS='' PATH=/mnt/host/source/chromite/bin:/usr/local/bin:/usr/bin:/bin:/opt/bin:/mnt/host/source/chromite/sdk/bin:/mnt/host/source/chromite/bin PORTAGE_USERNAME=jpmurphy SUDO_UID=0 GCC_VER=10.2.0 MAIL=/var/mail/jpmurphy OLDPWD=/mnt/host/source/src/scripts traceparent=00-e87aca51550a78635907baa6a2476181-6d684811675d2973-01 _=./zephyr/firmware_builder.py COREBOOT_SDK_ROOT_x86=/home/jpmurphy/.cache/coreboot-sdk/i386-elf/dfbb0486385d938cfa9d73080b9d18d598ed4f49 COREBOOT_SDK_ROOT_picolibc_x86=/home/jpmurphy/.cache/coreboot-sdk/picolibc-i386-elf/eb8e8e687b95461de8cbf278f1c2076952d0ad17 COREBOOT_SDK_ROOT_riscv64=/home/jpmurphy/.cache/coreboot-sdk/riscv64-elf/96b949749225b6aaa92ed810ab769e8dfb12f000 COREBOOT_SDK_ROOT_picolibc_arm=/home/jpmurphy/.cache/coreboot-sdk/picolibc-arm-eabi/422a2aa3e1ef891b5bece9a3deb696ff83840d2e COREBOOT_SDK_ROOT_nds32=/home/jpmurphy/.cache/coreboot-sdk/nds32le-elf/d1a518c4a097666d86058e1444f85ca015d15511 COREBOOT_SDK_ROOT_picolibc_riscv64=/home/jpmurphy/.cache/coreboot-sdk/picolibc-riscv64-elf/f571e990ef0278564b31124f8bb109d9a697eb69 COREBOOT_SDK_ROOT_arm=/home/jpmurphy/.cache/coreboot-sdk/arm-eabi/ea40ddd1d190c3b48435c474c0b545719371813a COREBOOT_SDK_ROOT_libstdcxx_riscv64=/home/jpmurphy/.cache/coreboot-sdk/libstdcxx-riscv64-elf/17abf22a3a252e2d5d2062ced5324f7a623689e0 COREBOOT_SDK_ROOT_libstdcxx_arm=/home/jpmurphy/.cache/coreboot-sdk/libstdcxx-arm-eabi/5d7d82e150e44aa1968f1d366e267e6687b328ac COREBOOT_SDK_ROOT_riscv=/home/jpmurphy/.cache/coreboot-sdk/riscv-elf/9a27b9e82341c6e9126624f516ab3f261abb3e73 COREBOOT_SDK_ROOT_libstdcxx_x86=/home/jpmurphy/.cache/coreboot-sdk/libstdcxx-i386-elf/42ef9d2e87a76a37963175d7d428734e65648b87 PYTHONPATH=/mnt/host/source/src/platform/ec/zephyr/zmake PW_PIGWEED_CIPD_INSTALL_DIR=/usr CROSTC_USER_ACKNOWLEDGES_THAT_RISCV_IS_EXPERIMENTAL=1 MAKEFLAGS=' -j16 --jobserver-auth=5,6' /usr/bin/ninja -C /mnt/host/source/src/platform/ec/build/zephyr/skywalker/build-rw all.libraries`
[deku:rw] [379/382] Building C object zephyr/kernel/CMakeFiles/kernel.dir/mempool.c.obj
[pujjoniru:rw] Configuring.
Running `env -i PYTHONPATH=/usr/lib64/python-exec/python3.11:/mnt/host/source/src/platform/ec/zephyr/zmake:/usr/lib/python311.zip:/usr/lib/python3.11:/usr/lib/python3.11/lib-dynload:/usr/lib/python3.11/site-packages PW_PIGWEED_CIPD_INSTALL_DIR=/usr CROSTC_USER_ACKNOWLEDGES_THAT_RISCV_IS_EXPERIMENTAL=1 PATH=/mnt/host/source/chromite/bin:/usr/local/bin:/usr/bin:/bin:/opt/bin:/mnt/host/source/chromite/sdk/bin:/mnt/host/source/chromite/bin HOME=/home/jpmurphy JAVA_HOME=/etc/java-config-2/current-system-vm JDK_HOME=/etc/java-config-2/current-system-vm JAVAC=/etc/java-config-2/current-system-vm/bin/javac MAKEFLAGS=' -j16 --jobserver-auth=5,6' /usr/bin/cmake -S /mnt/host/source/src/platform/ec/zephyr/program/nissa -B /mnt/host/source/src/platform/ec/build/zephyr/pujjoniru/build-rw -GNinja -DCMAKE_EXPORT_COMPILE_COMMANDS=ON -DZEPHYR_BASE=/mnt/host/source/src/third_party/zephyr/main -DZMAKE_INCLUDE_DIR=/mnt/host/source/src/platform/ec/build/zephyr/pujjoniru/include -DPython3_EXECUTABLE=/usr/bin/python3.11 -DDTS_ROOT=/mnt/host/source/src/platform/ec/zephyr -DSYSCALL_INCLUDE_DIRS=/mnt/host/source/src/platform/ec/zephyr/include/drivers -DUSER_CACHE_DIR=/mnt/host/source/src/platform/ec/build/zephyr/user-cache '-DEXTRA_EC_VERSION_FLAGS=--version 16543.0.0 --static' -DTOOLCHAIN_ROOT=/mnt/host/source/src/platform/ec/zephyr -DCOREBOOT_SDK_ROOT_x86=/home/jpmurphy/.cache/coreboot-sdk/i386-elf/dfbb0486385d938cfa9d73080b9d18d598ed4f49 -DCOREBOOT_SDK_ROOT_picolibc_x86=/home/jpmurphy/.cache/coreboot-sdk/picolibc-i386-elf/eb8e8e687b95461de8cbf278f1c2076952d0ad17 -DCOREBOOT_SDK_ROOT_riscv64=/home/jpmurphy/.cache/coreboot-sdk/riscv64-elf/96b949749225b6aaa92ed810ab769e8dfb12f000 -DCOREBOOT_SDK_ROOT_picolibc_arm=/home/jpmurphy/.cache/coreboot-sdk/picolibc-arm-eabi/422a2aa3e1ef891b5bece9a3deb696ff83840d2e -DCOREBOOT_SDK_ROOT_nds32=/home/jpmurphy/.cache/coreboot-sdk/nds32le-elf/d1a518c4a097666d86058e1444f85ca015d15511 -DCOREBOOT_SDK_ROOT_picolibc_riscv64=/home/jpmurphy/.cache/coreboot-sdk/picolibc-riscv64-elf/f571e990ef0278564b31124f8bb109d9a697eb69 -DCOREBOOT_SDK_ROOT_arm=/home/jpmurphy/.cache/coreboot-sdk/arm-eabi/ea40ddd1d190c3b48435c474c0b545719371813a -DCOREBOOT_SDK_ROOT_libstdcxx_riscv64=/home/jpmurphy/.cache/coreboot-sdk/libstdcxx-riscv64-elf/17abf22a3a252e2d5d2062ced5324f7a623689e0 -DCOREBOOT_SDK_ROOT_libstdcxx_arm=/home/jpmurphy/.cache/coreboot-sdk/libstdcxx-arm-eabi/5d7d82e150e44aa1968f1d366e267e6687b328ac -DCOREBOOT_SDK_ROOT_riscv=/home/jpmurphy/.cache/coreboot-sdk/riscv-elf/9a27b9e82341c6e9126624f516ab3f261abb3e73 -DCOREBOOT_SDK_ROOT_libstdcxx_x86=/home/jpmurphy/.cache/coreboot-sdk/libstdcxx-i386-elf/42ef9d2e87a76a37963175d7d428734e65648b87 -DZEPHYR_TOOLCHAIN_VARIANT=coreboot-sdk -DZEPHYR_MODULES=/mnt/host/source/src/platform/ec/build/zephyr/pujjoniru/modules/ec -DDTC_OVERLAY_FILE=/mnt/host/source/src/platform/ec/zephyr/program/nissa/pujjoniru/project.overlay -DBOARD=it8xxx2/it81302bx -DCMAKE_C_FLAGS=-DSECTION_IS_RW '-DCONF_FILE=/mnt/host/source/src/platform/ec/zephyr/program/nissa/program.conf;/mnt/host/source/src/platform/ec/zephyr/program/nissa/it8xxx2_program.conf;/mnt/host/source/src/platform/ec/zephyr/program/nissa/pujjoniru/project.conf;/mnt/host/source/src/platform/ec/build/zephyr/pujjoniru/kconfig-rw.conf'`
[deku:rw] [380/382] Building C object zephyr/kernel/CMakeFiles/kernel.dir/events.c.obj
[skywalker:rw] ninja: Entering directory `/mnt/host/source/src/platform/ec/build/zephyr/skywalker/build-rw'
[pujjoniru:rw] Loading Zephyr default modules (Zephyr base (cached)).
[pujjoniru:rw] -- Application: /mnt/host/source/src/platform/ec/zephyr/program/nissa
[pujjoniru:rw] -- CMake version: 3.31.7
[/mnt/host/source/src/platform/ec/build/zephyr/quandiso2-lcov]   /mnt/host/source/src/platform/ec/build/zephyr/quandiso2/build-ro/zephyr/arch/arch/riscv/core/CMakeFiles/arch__riscv__core.dir/cpu_idle.c.gcno:no functions found
[/mnt/host/source/src/platform/ec/build/zephyr/quandiso2-lcov] stderr:
[deku:rw] [381/382] Building C object zephyr/kernel/CMakeFiles/kernel.dir/dynamic_disabled.c.obj
[magikarp:ro] [1/390] Preparing syscall dependency handling
[magikarp:ro] [2/390] Generating include/generated/zephyr/version.h
[magikarp:ro] -- git describe warned: warning: tag 'upstream/v2.7.99' is externally known as 'v2.7.99'
[magikarp:ro] -- Zephyr version: 4.3.99 (/mnt/host/source/src/third_party/zephyr/main)
[magikarp:ro] [3/390] Generating misc/generated/syscalls_subdirs.trigger
[deku:ro] [44/382] Building C object CMakeFiles/app.dir/mnt/host/source/src/platform/ec/build/zephyr/deku/modules/ec/common/memory_commands.c.obj
[deku:rw] [382/382] Linking C static library zephyr/kernel/libkernel.a
[skywalker:rw] [1/362] Preparing syscall dependency handling
[magikarp:rw] [13/390] Building C object zephyr/CMakeFiles/zephyr.dir/lib/os/clock.c.obj
[magikarp:rw] [14/390] Building C object zephyr/CMakeFiles/zephyr.dir/lib/os/cbprintf_packaged.c.obj
[pujjoniru:rw] -- Found Python3: /usr/bin/python3.11 (found suitable version "3.11.11", minimum required is "3.10") found components: Interpreter
[pujjoniru:rw] -- Cache files will be written to: /mnt/host/source/src/platform/ec/build/zephyr/user-cache
[magikarp:rw] [15/390] Building C object zephyr/CMakeFiles/zephyr.dir/lib/os/printk.c.obj
[pujjoniru:rw] -- Zephyr version: 4.3.99 (/mnt/host/source/src/third_party/zephyr/main)
[skywalker:rw] [2/362] Generating misc/generated/syscalls_subdirs.trigger
[magikarp:ro] [4/390] cd /mnt/host/source/src/platform/ec/build/zephyr/magikarp/build-ro/modules/ec/zephyr && PYTHONPATH=/mnt/host/source/src/platform/ec/build/zephyr/magikarp/modules/ec/zephyr/zmake/ /usr/bin/python3.11 /mnt/host/source/src/platform/ec/build/zephyr/magikarp/modules/ec/zephyr/zmake/zephyr_build_tools/generate_ec_version.py /mnt/host/source/src/platform/ec/build/zephyr/magikarp/build-ro/modules/ec/zephyr/include/ec_version.h --name Zephyr-Kernel --version 16543.0.0 --static
[skywalker:ro] [1/362] Generating include/generated/zephyr/version.h
[deku:ro] [45/382] Building C object CMakeFiles/app.dir/mnt/host/source/src/platform/ec/build/zephyr/deku/modules/ec/common/dptf.c.obj
[deku:ro] [46/382] Building C object CMakeFiles/app.dir/mnt/host/source/src/platform/ec/build/zephyr/deku/modules/ec/common/ap_reset_log.c.obj
[skywalker:ro] -- git describe warned: warning: tag 'upstream/v2.7.99' is externally known as 'v2.7.99'
[skywalker:ro] -- Zephyr version: 4.3.99 (/mnt/host/source/src/third_party/zephyr/main)
[skywalker:ro] [2/362] Preparing syscall dependency handling
[deku:ro] [47/382] Building C object CMakeFiles/app.dir/mnt/host/source/src/platform/ec/build/zephyr/deku/modules/ec/common/espi.c.obj
[skywalker:rw] [3/362] Generating include/generated/zephyr/version.h
[skywalker:rw] -- git describe warned: warning: tag 'upstream/v2.7.99' is externally known as 'v2.7.99'
[skywalker:ro] [3/362] Generating misc/generated/syscalls_subdirs.trigger
[skywalker:rw] -- Zephyr version: 4.3.99 (/mnt/host/source/src/third_party/zephyr/main)
[skywalker:rw] [4/362] cd /mnt/host/source/src/platform/ec/build/zephyr/skywalker/build-rw/modules/ec/zephyr && PYTHONPATH=/mnt/host/source/src/platform/ec/build/zephyr/skywalker/modules/ec/zephyr/zmake/ /usr/bin/python3.11 /mnt/host/source/src/platform/ec/build/zephyr/skywalker/modules/ec/zephyr/zmake/zephyr_build_tools/generate_ec_version.py /mnt/host/source/src/platform/ec/build/zephyr/skywalker/build-rw/modules/ec/zephyr/include/ec_version.h --name Zephyr-Kernel --version 16543.0.0 --static
[skywalker:rw] INFO:root:Using a static version string
[magikarp:rw] [16/390] Building C object zephyr/CMakeFiles/zephyr.dir/lib/os/cbprintf_nano.c.obj
[magikarp:rw] [17/390] Building C object zephyr/CMakeFiles/zephyr.dir/lib/os/sem.c.obj
[magikarp:rw] [18/390] Building C object zephyr/CMakeFiles/zephyr.dir/lib/os/thread_entry.c.obj
[deku:ro] [48/382] Building C object CMakeFiles/app.dir/mnt/host/source/src/platform/ec/build/zephyr/deku/modules/ec/common/extpower_common.c.obj
[magikarp:ro] INFO:root:Using a static version string
[magikarp:ro] INFO:root:Version string: Zephyr-Kernel-16543.0.0
[magikarp:ro] INFO:root:Writing header to /mnt/host/source/src/platform/ec/build/zephyr/magikarp/build-ro/modules/ec/zephyr/include/ec_version.h
[magikarp:ro] [5/390] Generating misc/generated/syscalls.json, misc/generated/struct_tags.json
[magikarp:rw] [19/390] Building C object zephyr/CMakeFiles/zephyr.dir/lib/utils/dec.c.obj
[skywalker:rw] INFO:root:Version string: Zephyr-Kernel-16543.0.0
[skywalker:rw] INFO:root:Writing header to /mnt/host/source/src/platform/ec/build/zephyr/skywalker/build-rw/modules/ec/zephyr/include/ec_version.h
[skywalker:rw] [5/362] Generating misc/generated/syscalls.json, misc/generated/struct_tags.json
[/mnt/host/source/src/platform/ec/build/zephyr/quandiso2-lcov]   /mnt/host/source/src/platform/ec/build/zephyr/quandiso2/build-ro/zephyr/arch/common/CMakeFiles/isr_tables.dir/isr_tables.c.gcno:no functions found
[/mnt/host/source/src/platform/ec/build/zephyr/quandiso2-lcov] stderr:
[deku:ro] [49/382] Building C object CMakeFiles/app.dir/mnt/host/source/src/platform/ec/build/zephyr/deku/modules/ec/common/extpower_gpio.c.obj
[magikarp:ro] [6/390] Generating include/generated/zephyr/syscall_dispatch.c, include/generated/zephyr/syscall_exports_llext.c, syscall_weakdefs_llext.c, include/generated/zephyr/syscall_list.h
[deku:ro] [50/382] Building C object CMakeFiles/app.dir/mnt/host/source/src/platform/ec/build/zephyr/deku/modules/ec/common/fan.c.obj
[skywalker:ro] [4/362] Generating misc/generated/syscalls.json, misc/generated/struct_tags.json
[skywalker:ro] [5/362] cd /mnt/host/source/src/platform/ec/build/zephyr/skywalker/build-ro/modules/ec/zephyr && PYTHONPATH=/mnt/host/source/src/platform/ec/build/zephyr/skywalker/modules/ec/zephyr/zmake/ /usr/bin/python3.11 /mnt/host/source/src/platform/ec/build/zephyr/skywalker/modules/ec/zephyr/zmake/zephyr_build_tools/generate_ec_version.py /mnt/host/source/src/platform/ec/build/zephyr/skywalker/build-ro/modules/ec/zephyr/include/ec_version.h --name Zephyr-Kernel --version 16543.0.0 --static
[skywalker:ro] INFO:root:Using a static version string
[skywalker:rw] [6/362] Generating include/generated/zephyr/syscall_dispatch.c, include/generated/zephyr/syscall_exports_llext.c, syscall_weakdefs_llext.c, include/generated/zephyr/syscall_list.h
[/mnt/host/source/src/platform/ec/build/zephyr/joxer-lcov]   /mnt/host/source/src/platform/ec/build/zephyr/joxer/build-ro/CMakeFiles/app.dir/mnt/host/source/src/platform/ec/build/zephyr/joxer/modules/ec/common/usb_pd_pdo.c.gcno:no functions found
[/mnt/host/source/src/platform/ec/build/zephyr/joxer-lcov] stderr:
[deku:ro] [51/382] Building C object CMakeFiles/app.dir/mnt/host/source/src/platform/ec/build/zephyr/deku/modules/ec/common/flash.c.obj
[magikarp:rw] [20/390] Building C object zephyr/CMakeFiles/zephyr.dir/lib/os/cbprintf.c.obj
[magikarp:rw] [21/390] Building C object zephyr/CMakeFiles/zephyr.dir/lib/utils/hex.c.obj
[magikarp:ro] [7/390] Generating include/generated/zephyr/driver-validation.h
[skywalker:rw] [7/362] Generating include/generated/zephyr/driver-validation.h
[skywalker:ro] INFO:root:Version string: Zephyr-Kernel-16543.0.0
[skywalker:ro] INFO:root:Writing header to /mnt/host/source/src/platform/ec/build/zephyr/skywalker/build-ro/modules/ec/zephyr/include/ec_version.h
[skywalker:ro] [6/362] Generating include/generated/zephyr/driver-validation.h
[skywalker:ro] [7/362] Generating include/generated/zephyr/syscall_dispatch.c, include/generated/zephyr/syscall_exports_llext.c, syscall_weakdefs_llext.c, include/generated/zephyr/syscall_list.h
[magikarp:rw] [22/390] Building C object zephyr/CMakeFiles/zephyr.dir/lib/os/assert.c.obj
[skywalker:ro] [8/362] Generating include/generated/device-api-sections.ld, include/generated/device-api-sections.cmake
[magikarp:ro] [8/390] Generating include/generated/zephyr/kobj-types-enum.h, include/generated/zephyr/otype-to-str.h, include/generated/zephyr/otype-to-size.h
[skywalker:rw] [8/362] Generating include/generated/zephyr/kobj-types-enum.h, include/generated/zephyr/otype-to-str.h, include/generated/zephyr/otype-to-size.h
[pujjoniru:rw] -- Board: it8xxx2, qualifiers: it81302bx
[magikarp:ro] [9/390] Generating include/generated/device-api-sections.ld, include/generated/device-api-sections.cmake
[skywalker:rw] [9/362] Generating include/generated/device-api-sections.ld, include/generated/device-api-sections.cmake
Toolchain <zmake.toolchains.CorebootSdkToolchain object at 0x7f41204a9710> selected by probe function.
[nokris] Building in /mnt/host/source/src/platform/ec/build/zephyr/nokris.
[skywalker:ro] [9/362] Generating include/generated/zephyr/kobj-types-enum.h, include/generated/zephyr/otype-to-str.h, include/generated/zephyr/otype-to-size.h
[magikarp:rw] [23/390] Building C object zephyr/CMakeFiles/zephyr.dir/lib/utils/timeutil.c.obj
[deku:ro] [52/382] Building C object CMakeFiles/app.dir/mnt/host/source/src/platform/ec/build/zephyr/deku/modules/ec/common/host_command_task.c.obj
[deku:ro] [53/382] Building C object CMakeFiles/app.dir/mnt/host/source/src/platform/ec/build/zephyr/deku/modules/ec/common/host_command.c.obj
[magikarp:rw] [24/390] Building C object zephyr/CMakeFiles/zephyr.dir/lib/utils/bitmask.c.obj
[magikarp:rw] [25/390] Building C object zephyr/CMakeFiles/zephyr.dir/lib/utils/rb.c.obj
[deku:ro] [54/382] Building C object CMakeFiles/app.dir/mnt/host/source/src/platform/ec/build/zephyr/deku/modules/ec/common/host_event_commands.c.obj
[deku:ro] [55/382] Building C object CMakeFiles/app.dir/mnt/host/source/src/platform/ec/build/zephyr/deku/modules/ec/common/uart_hostcmd.c.obj
[deku:ro] [56/382] Building C object CMakeFiles/app.dir/mnt/host/source/src/platform/ec/build/zephyr/deku/modules/ec/common/uptime.c.obj
[magikarp:rw] [26/390] Building C object zephyr/CMakeFiles/zephyr.dir/lib/utils/bitarray.c.obj
[skywalker:rw] [10/362] Building C object zephyr/CMakeFiles/offsets.dir/arch/arm/core/offsets/offsets.c.obj
[magikarp:ro] [10/390] Building C object zephyr/CMakeFiles/offsets.dir/arch/riscv/core/offsets/offsets.c.obj
[skywalker:ro] [10/362] Building C object zephyr/CMakeFiles/offsets.dir/arch/arm/core/offsets/offsets.c.obj
[magikarp:rw] [27/390] Building C object zephyr/CMakeFiles/zephyr.dir/lib/utils/ring_buffer.c.obj
[skywalker:rw] [11/362] Generating include/generated/zephyr/offsets.h
[magikarp:rw] [28/390] Building C object zephyr/CMakeFiles/zephyr.dir/lib/utils/last_section_id.c.obj
[skywalker:ro] [11/362] Generating include/generated/zephyr/offsets.h
[magikarp:rw] [29/390] Building C object zephyr/CMakeFiles/zephyr.dir/lib/utils/getopt/getopt.c.obj
[magikarp:ro] [11/390] Generating include/generated/zephyr/offsets.h
[deku:ro] [57/382] Building C object CMakeFiles/app.dir/mnt/host/source/src/platform/ec/build/zephyr/deku/modules/ec/common/i2c_controller.c.obj
[magikarp:rw] [30/390] Building C object zephyr/CMakeFiles/zephyr.dir/lib/utils/getopt/getopt_common.c.obj
[deku:ro] [58/382] Building C object CMakeFiles/app.dir/mnt/host/source/src/platform/ec/build/zephyr/deku/modules/ec/common/i2c_passthru.c.obj
[deku:ro] [59/382] Building C object CMakeFiles/app.dir/mnt/host/source/src/platform/ec/build/zephyr/deku/modules/ec/common/mkbp_fifo.c.obj
[deku:ro] [60/382] Building C object CMakeFiles/app.dir/mnt/host/source/src/platform/ec/build/zephyr/deku/modules/ec/common/mkbp_info.c.obj
[magikarp:rw] [31/390] Building C object zephyr/CMakeFiles/zephyr.dir/misc/generated/configs.c.obj
[magikarp:rw] [32/390] Building ASM object zephyr/CMakeFiles/zephyr.dir/soc/ite/ec/common/soc_irq.S.obj
[deku:ro] [61/382] Building C object CMakeFiles/app.dir/mnt/host/source/src/platform/ec/build/zephyr/deku/modules/ec/common/mkbp_input_devices.c.obj
[deku:ro] [62/382] Building C object CMakeFiles/app.dir/mnt/host/source/src/platform/ec/build/zephyr/deku/modules/ec/common/led_common.c.obj
[magikarp:ro] [12/390] Building C object CMakeFiles/app.dir/mnt/host/source/src/platform/ec/zephyr/subsys/ap_pwrseq/ap_events.c.obj
[magikarp:rw] [33/390] Building C object zephyr/CMakeFiles/zephyr.dir/soc/ite/ec/common/soc_common_irq.c.obj
[skywalker:rw] [12/362] Building C object CMakeFiles/app.dir/mnt/host/source/src/platform/ec/zephyr/subsys/ap_pwrseq/ap_events.c.obj
[skywalker:ro] [12/362] Building C object CMakeFiles/app.dir/mnt/host/source/src/platform/ec/zephyr/subsys/ap_pwrseq/ap_events.c.obj
[pujjoniru:rw] -- Found Dtc: /usr/bin/dtc (found suitable version "1.6.0", minimum required is "1.4.6")
[pujjoniru:rw] -- Found BOARD.dts: /mnt/host/source/src/platform/ec/zephyr/boards/google/it8xxx2/it8xxx2_it81302bx.dts
[magikarp:rw] [34/390] Building C object zephyr/CMakeFiles/zephyr.dir/soc/ite/ec/common/power.c.obj
[magikarp:rw] [35/390] Building C object zephyr/CMakeFiles/zephyr.dir/soc/ite/ec/common/policy.c.obj
[deku:ro] [63/382] Building C object CMakeFiles/app.dir/mnt/host/source/src/platform/ec/build/zephyr/deku/modules/ec/common/mkbp_event.c.obj
[deku:ro] [64/382] Building C object CMakeFiles/app.dir/mnt/host/source/src/platform/ec/build/zephyr/deku/modules/ec/common/power_button.c.obj
[deku:ro] [65/382] Building C object CMakeFiles/app.dir/mnt/host/source/src/platform/ec/build/zephyr/deku/modules/ec/common/port80.c.obj
[deku:ro] [66/382] Building C object CMakeFiles/app.dir/mnt/host/source/src/platform/ec/build/zephyr/deku/modules/ec/power/hibernate.c.obj
[deku:ro] [67/382] Building C object CMakeFiles/app.dir/mnt/host/source/src/platform/ec/build/zephyr/deku/modules/ec/common/sha256.c.obj
[magikarp:rw] [36/390] Building ASM object zephyr/CMakeFiles/zephyr.dir/soc/ite/ec/it8xxx2/vector.S.obj
[magikarp:rw] [37/390] Building C object zephyr/CMakeFiles/zephyr.dir/soc/ite/ec/it8xxx2/soc.c.obj
[magikarp:rw] [38/390] Building C object zephyr/CMakeFiles/zephyr.dir/soc/ite/ec/it8xxx2/check_regs.c.obj
[deku:ro] [68/382] Building C object CMakeFiles/app.dir/mnt/host/source/src/platform/ec/build/zephyr/deku/modules/ec/common/panic_output.c.obj
[magikarp:ro] [13/390] Building C object CMakeFiles/app.dir/mnt/host/source/src/platform/ec/build/zephyr/magikarp/modules/ec/builtin/stdlib.c.obj
[magikarp:rw] [39/390] Building ASM object zephyr/CMakeFiles/zephyr.dir/soc/ite/ec/it8xxx2/__arithmetic.S.obj
[skywalker:rw] [13/362] Building C object CMakeFiles/app.dir/mnt/host/source/src/platform/ec/zephyr/subsys/pd_controller/pdc_pmc_debug.c.obj
[skywalker:ro] [13/362] Building C object CMakeFiles/app.dir/mnt/host/source/src/platform/ec/zephyr/subsys/pd_controller/pdc_pmc_debug.c.obj
[deku:ro] [69/382] Building C object CMakeFiles/app.dir/mnt/host/source/src/platform/ec/build/zephyr/deku/modules/ec/common/spi_flash_reg.c.obj
[deku:ro] [70/382] Building C object CMakeFiles/app.dir/mnt/host/source/src/platform/ec/build/zephyr/deku/modules/ec/common/switch.c.obj
[deku:ro] [71/382] Building C object CMakeFiles/app.dir/mnt/host/source/src/platform/ec/build/zephyr/deku/modules/ec/common/shared_mem.c.obj
[magikarp:rw] [40/390] Building C object zephyr/CMakeFiles/zephyr.dir/soc/ite/ec/it8xxx2/ilm.c.obj
[deku:ro] [72/382] Building C object CMakeFiles/app.dir/mnt/host/source/src/platform/ec/build/zephyr/deku/modules/ec/common/thermal.c.obj
[magikarp:rw] [41/390] Building C object zephyr/CMakeFiles/zephyr.dir/subsys/logging/log_minimal.c.obj
[magikarp:ro] [14/390] Building C object CMakeFiles/app.dir/mnt/host/source/src/platform/ec/build/zephyr/magikarp/modules/ec/common/base32.c.obj
[magikarp:rw] [42/390] Building C object zephyr/CMakeFiles/zephyr.dir/subsys/pm/pm.c.obj
[deku:ro] [73/382] Building C object CMakeFiles/app.dir/mnt/host/source/src/platform/ec/build/zephyr/deku/modules/ec/common/temp_sensor.c.obj
[deku:ro] [74/382] Building C object CMakeFiles/app.dir/mnt/host/source/src/platform/ec/build/zephyr/deku/modules/ec/driver/temp_sensor/thermistor.c.obj
[magikarp:rw] [43/390] Building C object zephyr/CMakeFiles/zephyr.dir/subsys/pm/state.c.obj
[/mnt/host/source/src/platform/ec/build/zephyr/quandiso2-lcov]   /mnt/host/source/src/platform/ec/build/zephyr/quandiso2/build-ro/zephyr/CMakeFiles/zephyr.dir/subsys/shell/modules/kernel_service/kernel_shell.c.gcno:no functions found
[/mnt/host/source/src/platform/ec/build/zephyr/quandiso2-lcov] stderr:
[pujjoniru:rw] -- Found devicetree overlay: /mnt/host/source/src/platform/ec/zephyr/program/nissa/pujjoniru/project.overlay
[pujjoniru:rw] -- Generated zephyr.dts: /mnt/host/source/src/platform/ec/build/zephyr/pujjoniru/build-rw/zephyr/zephyr.dts
[pujjoniru:rw] -- Generated pickled edt: /mnt/host/source/src/platform/ec/build/zephyr/pujjoniru/build-rw/zephyr/edt.pickle
[magikarp:rw] [44/390] Building C object zephyr/CMakeFiles/zephyr.dir/subsys/pm/policy/policy_events.c.obj
[deku:ro] [75/382] Building C object CMakeFiles/app.dir/mnt/host/source/src/platform/ec/build/zephyr/deku/modules/ec/common/typec_control.c.obj
[/mnt/host/source/src/platform/ec/build/zephyr/quandiso2-lcov]   /mnt/host/source/src/platform/ec/build/zephyr/quandiso2/build-ro/zephyr/CMakeFiles/zephyr.dir/lib/libc/validate_libc.c.gcno:no functions found
[/mnt/host/source/src/platform/ec/build/zephyr/quandiso2-lcov] stderr:
[magikarp:rw] [45/390] Building C object zephyr/CMakeFiles/zephyr.dir/subsys/pm/policy/policy_latency.c.obj
[deku:ro] [76/382] Building C object CMakeFiles/app.dir/mnt/host/source/src/platform/ec/build/zephyr/deku/modules/ec/common/timer.c.obj
[deku:ro] [77/382] Building C object CMakeFiles/app.dir/mnt/host/source/src/platform/ec/build/zephyr/deku/modules/ec/common/usb_port_power_dumb.c.obj
[magikarp:ro] [15/390] Building C object CMakeFiles/app.dir/mnt/host/source/src/platform/ec/build/zephyr/magikarp/modules/ec/common/console_output.c.obj
[magikarp:rw] [46/390] Building C object zephyr/CMakeFiles/zephyr.dir/subsys/pm/policy/policy_state_lock.c.obj
[deku:ro] [78/382] Building C object CMakeFiles/app.dir/mnt/host/source/src/platform/ec/build/zephyr/deku/modules/ec/common/usb_common.c.obj
[skywalker:rw] [14/362] Building C object CMakeFiles/app.dir/mnt/host/source/src/platform/ec/zephyr/subsys/pd_controller/pdc_power_mgmt.c.obj
[pujjoniru:rw] -- Generated devicetree_generated.h: /mnt/host/source/src/platform/ec/build/zephyr/pujjoniru/build-rw/zephyr/include/generated/zephyr/devicetree_generated.h
[deku:ro] [79/382] Building C object CMakeFiles/app.dir/mnt/host/source/src/platform/ec/build/zephyr/deku/modules/ec/common/usb_pd_pdo.c.obj
[deku:ro] [80/382] Building C object CMakeFiles/app.dir/mnt/host/source/src/platform/ec/build/zephyr/deku/modules/ec/common/usbc/usbc_task.c.obj
[magikarp:rw] [47/390] Building C object zephyr/CMakeFiles/zephyr.dir/subsys/pm/device.c.obj
[skywalker:ro] [14/362] Building C object CMakeFiles/app.dir/mnt/host/source/src/platform/ec/zephyr/subsys/pd_controller/pdc_power_mgmt.c.obj
[magikarp:rw] [48/390] Building C object zephyr/CMakeFiles/zephyr.dir/subsys/pm/device_system_managed.c.obj
[magikarp:rw] [49/390] Building C object zephyr/CMakeFiles/zephyr.dir/subsys/testsuite/coverage/coverage.c.obj
[deku:ro] [81/382] Building C object CMakeFiles/app.dir/mnt/host/source/src/platform/ec/build/zephyr/deku/modules/ec/common/usbc/usb_pd_timer.c.obj
[deku:ro] [82/382] Building C object CMakeFiles/app.dir/mnt/host/source/src/platform/ec/build/zephyr/deku/modules/ec/common/usbc/usb_sm.c.obj
[magikarp:ro] [16/390] Building C object CMakeFiles/app.dir/mnt/host/source/src/platform/ec/build/zephyr/magikarp/modules/ec/common/ec_features.c.obj
[deku:ro] [83/382] Building C object CMakeFiles/app.dir/mnt/host/source/src/platform/ec/build/zephyr/deku/modules/ec/common/usbc_intr_task.c.obj
[/mnt/host/source/src/platform/ec/build/zephyr/grogu-lcov]   /mnt/host/source/src/platform/ec/build/zephyr/grogu/build-ro/zephyr/CMakeFiles/zephyr.dir/soc/ite/ec/it8xxx2/check_regs.c.gcno:no functions found
[/mnt/host/source/src/platform/ec/build/zephyr/grogu-lcov] stderr:
[/mnt/host/source/src/platform/ec/build/zephyr/quandiso2-lcov]   /mnt/host/source/src/platform/ec/build/zephyr/quandiso2/build-ro/zephyr/CMakeFiles/zephyr.dir/lib/utils/last_section_id.c.gcno:no functions found
[/mnt/host/source/src/platform/ec/build/zephyr/quandiso2-lcov] stderr:
[deku:ro] [84/382] Building C object CMakeFiles/app.dir/mnt/host/source/src/platform/ec/build/zephyr/deku/modules/ec/common/usbc_utils.c.obj
[magikarp:rw] [50/390] Building C object zephyr/CMakeFiles/zephyr.dir/subsys/tracing/tracing_none.c.obj
[deku:ro] [85/382] Building C object CMakeFiles/app.dir/mnt/host/source/src/platform/ec/build/zephyr/deku/modules/ec/common/usb_pd_flags.c.obj
[deku:ro] [86/382] Building C object CMakeFiles/app.dir/mnt/host/source/src/platform/ec/build/zephyr/deku/modules/ec/common/chargen.c.obj
[magikarp:rw] [51/390] Building C object zephyr/CMakeFiles/zephyr.dir/subsys/shell/modules/kernel_service/kernel_shell.c.obj
[skywalker:rw] [15/362] Building C object CMakeFiles/app.dir/mnt/host/source/src/platform/ec/zephyr/subsys/pd_controller/pdc_console.c.obj
[magikarp:rw] [52/390] Building C object zephyr/CMakeFiles/zephyr.dir/subsys/shell/modules/kernel_service/cycles.c.obj
[skywalker:ro] [15/362] Building C object CMakeFiles/app.dir/mnt/host/source/src/platform/ec/zephyr/subsys/pd_controller/pdc_console.c.obj
[pujjoniru:rw] /mnt/host/source/src/platform/ec/build/zephyr/pujjoniru/build-rw/zephyr/zephyr.dts:1276.27-1979.5: Warning (avoid_unnecessary_addr_size): /soc/pin-controller: unnecessary #address-cells/#size-cells without "ranges" or child "reg" property
[deku:ro] [87/382] Building C object CMakeFiles/app.dir/mnt/host/source/src/platform/ec/build/zephyr/deku/modules/ec/common/usbc/usb_pd_console.c.obj
[magikarp:rw] [53/390] Building C object zephyr/CMakeFiles/zephyr.dir/subsys/shell/modules/kernel_service/sleep.c.obj
[magikarp:ro] [17/390] Building C object CMakeFiles/app.dir/mnt/host/source/src/platform/ec/build/zephyr/magikarp/modules/ec/common/gpio_commands.c.obj
[magikarp:rw] [54/390] Building C object zephyr/CMakeFiles/zephyr.dir/subsys/shell/modules/kernel_service/uptime.c.obj
[deku:ro] [88/382] Building C object CMakeFiles/app.dir/mnt/host/source/src/platform/ec/build/zephyr/deku/modules/ec/driver/usb_mux/usb_mux.c.obj
[deku:ro] [89/382] Building C object CMakeFiles/app.dir/mnt/host/source/src/platform/ec/build/zephyr/deku/modules/ec/driver/usb_mux/virtual.c.obj
[deku:ro] [90/382] Building C object CMakeFiles/app.dir/mnt/host/source/src/platform/ec/build/zephyr/deku/modules/ec/driver/retimer/bb_retimer.c.obj
[deku:ro] [91/382] Building C object CMakeFiles/app.dir/mnt/host/source/src/platform/ec/build/zephyr/deku/modules/ec/common/event_log.c.obj
[magikarp:rw] [55/390] Building C object zephyr/CMakeFiles/zephyr.dir/subsys/shell/modules/kernel_service/version.c.obj
[deku:ro] [92/382] Building C object CMakeFiles/app.dir/mnt/host/source/src/platform/ec/build/zephyr/deku/modules/ec/common/pd_log.c.obj
[skywalker:rw] [16/362] Building C object CMakeFiles/app.dir/mnt/host/source/src/platform/ec/zephyr/subsys/pd_controller/pdc_host_cmd.c.obj
[skywalker:ro] [16/362] Building C object CMakeFiles/app.dir/mnt/host/source/src/platform/ec/zephyr/subsys/pd_controller/pdc_host_cmd.c.obj
[magikarp:rw] [56/390] Building C object zephyr/CMakeFiles/zephyr.dir/subsys/shell/modules/kernel_service/thread/thread.c.obj
[magikarp:ro] [18/390] Building C object CMakeFiles/app.dir/mnt/host/source/src/platform/ec/build/zephyr/magikarp/modules/ec/common/peripheral.c.obj
[magikarp:rw] [57/390] Building C object zephyr/CMakeFiles/zephyr.dir/subsys/shell/modules/kernel_service/thread/list.c.obj
[magikarp:rw] [58/390] Building C object zephyr/CMakeFiles/zephyr.dir/subsys/shell/modules/kernel_service/thread/stacks.c.obj
[deku:ro] [93/382] Building C object CMakeFiles/app.dir/mnt/host/source/src/platform/ec/build/zephyr/deku/modules/ec/common/usbc/usb_tc_drp_acc_trysrc_sm.c.obj
[deku:ro] [94/382] Building C object CMakeFiles/app.dir/mnt/host/source/src/platform/ec/build/zephyr/deku/modules/ec/common/usbc/usbc_pd_policy.c.obj
[deku:ro] [95/382] Building C object CMakeFiles/app.dir/mnt/host/source/src/platform/ec/build/zephyr/deku/modules/ec/common/usbc/usb_pd_dpm.c.obj
[magikarp:rw] [59/390] Building C object zephyr/CMakeFiles/zephyr.dir/subsys/shell/modules/kernel_service/thread/unwind.c.obj
[deku:ro] [96/382] Building C object CMakeFiles/app.dir/mnt/host/source/src/platform/ec/build/zephyr/deku/modules/ec/common/usbc/usb_prl_sm.c.obj
[skywalker:rw] [17/362] Building C object CMakeFiles/app.dir/mnt/host/source/src/platform/ec/zephyr/subsys/pd_controller/pdc_stub.c.obj
[deku:ro] [97/382] Building C object CMakeFiles/app.dir/mnt/host/source/src/platform/ec/build/zephyr/deku/modules/ec/common/usbc/dp_alt_mode.c.obj
[/mnt/host/source/src/platform/ec/build/zephyr/joxer-lcov]   /mnt/host/source/src/platform/ec/build/zephyr/joxer/build-ro/CMakeFiles/app.dir/mnt/host/source/src/platform/ec/build/zephyr/joxer/modules/ec/common/chargen.c.gcno:no functions found
[/mnt/host/source/src/platform/ec/build/zephyr/joxer-lcov] stderr:
[skywalker:ro] [17/362] Building C object CMakeFiles/app.dir/mnt/host/source/src/platform/ec/zephyr/subsys/pd_controller/pdc_stub.c.obj
[magikarp:rw] [60/390] Building C object zephyr/CMakeFiles/zephyr.dir/subsys/shell/modules/kernel_service/thread/suspend.c.obj
[magikarp:ro] [19/390] Building C object CMakeFiles/app.dir/mnt/host/source/src/platform/ec/build/zephyr/magikarp/modules/ec/common/printf.c.obj
[magikarp:rw] [61/390] Building C object zephyr/CMakeFiles/zephyr.dir/subsys/shell/modules/kernel_service/thread/resume.c.obj
[deku:ro] [98/382] Building C object CMakeFiles/app.dir/mnt/host/source/src/platform/ec/build/zephyr/deku/modules/ec/common/usbc/usb_pe_drp_sm.c.obj
[/mnt/host/source/src/platform/ec/build/zephyr/grogu-lcov]   /mnt/host/source/src/platform/ec/build/zephyr/grogu/build-ro/zephyr/drivers/syscon/CMakeFiles/drivers__syscon.dir/mnt/host/source/src/third_party/zephyr/main/misc/empty_file.c.gcno:no functions found
[/mnt/host/source/src/platform/ec/build/zephyr/grogu-lcov] stderr:
[deku:ro] [99/382] Building C object CMakeFiles/app.dir/mnt/host/source/src/platform/ec/build/zephyr/deku/modules/ec/common/usbc/usb_mode.c.obj
[magikarp:rw] [62/390] Building C object zephyr/CMakeFiles/zephyr.dir/subsys/shell/modules/kernel_service/thread/kill.c.obj
[deku:ro] [100/382] Building C object CMakeFiles/app.dir/mnt/host/source/src/platform/ec/build/zephyr/deku/modules/ec/common/usb_pd_console_cmd.c.obj
[deku:ro] [101/382] Building C object CMakeFiles/app.dir/mnt/host/source/src/platform/ec/build/zephyr/deku/modules/ec/common/usbc/usb_retimer_fw_update.c.obj
[deku:ro] [102/382] Building C object CMakeFiles/app.dir/mnt/host/source/src/platform/ec/build/zephyr/deku/modules/ec/common/usbc/tbt_alt_mode.c.obj
[magikarp:rw] [63/390] Building C object zephyr/CMakeFiles/zephyr.dir/subsys/shell/backends/shell_uart.c.obj
[deku:ro] [103/382] Building C object CMakeFiles/app.dir/mnt/host/source/src/platform/ec/build/zephyr/deku/modules/ec/common/usb_pd_host_cmd.c.obj
[/mnt/host/source/src/platform/ec/build/zephyr/grogu-lcov]   /mnt/host/source/src/platform/ec/build/zephyr/grogu/build-rw/modules/ec/zephyr/CMakeFiles/ec_shim.dir/shim/src/power.c.gcno:no functions found
[/mnt/host/source/src/platform/ec/build/zephyr/grogu-lcov] stderr:
[skywalker:rw] [18/362] Building C object CMakeFiles/app.dir/mnt/host/source/src/platform/ec/zephyr/subsys/pd_controller/pdc_dpm.c.obj
[skywalker:ro] [18/362] Building C object CMakeFiles/app.dir/mnt/host/source/src/platform/ec/zephyr/subsys/pd_controller/pdc_dpm.c.obj
[magikarp:ro] [20/390] Building C object CMakeFiles/app.dir/mnt/host/source/src/platform/ec/build/zephyr/magikarp/modules/ec/common/queue.c.obj
[magikarp:rw] [64/390] Building C object zephyr/CMakeFiles/zephyr.dir/subsys/shell/shell.c.obj
[pujjoniru:rw] warning: PLATFORM_EC_OCPC_DEF_RBATT_MOHMS (defined at
[pujjoniru:rw] /mnt/host/source/src/platform/ec/zephyr/Kconfig.charger:279) was assigned the value '21' but got the
[pujjoniru:rw] value ''. Check these unsatisfied dependencies: PLATFORM_EC_OCPC (=n). See
[pujjoniru:rw] http://docs.zephyrproject.org/latest/kconfig.html#CONFIG_PLATFORM_EC_OCPC_DEF_RBATT_MOHMS and/or
[pujjoniru:rw] look up PLATFORM_EC_OCPC_DEF_RBATT_MOHMS in the menuconfig/guiconfig interface. The Application
[pujjoniru:rw] Development Primer, Setting Configuration Values, and Kconfig - Tips and Best Practices sections of
[pujjoniru:rw] the manual might be helpful too.
[pujjoniru:rw] warning: PLATFORM_EC_OCPC_DEF_DRIVELIMIT_MILLIVOLTS (defined at
[pujjoniru:rw] /mnt/host/source/src/platform/ec/zephyr/Kconfig.charger:288) was assigned the value '200' but got
[pujjoniru:rw] the value ''. Check these unsatisfied dependencies: PLATFORM_EC_OCPC (=n). See
[pujjoniru:rw] http://docs.zephyrproject.org/latest/kconfig.html#CONFIG_PLATFORM_EC_OCPC_DEF_DRIVELIMIT_MILLIVOLTS
[pujjoniru:rw] and/or look up PLATFORM_EC_OCPC_DEF_DRIVELIMIT_MILLIVOLTS in the menuconfig/guiconfig interface. The
[pujjoniru:rw] Application Development Primer, Setting Configuration Values, and Kconfig - Tips and Best Practices
[pujjoniru:rw] sections of the manual might be helpful too.
[pujjoniru:rw] warning: TASK_HOSTCMD_STACK_SIZE (defined at
[pujjoniru:rw] /mnt/host/source/src/platform/ec/zephyr/Kconfig.stacks:52,
[pujjoniru:rw] /mnt/host/source/src/platform/ec/zephyr/Kconfig.tasks:123) was assigned the value '1280' but got the
[pujjoniru:rw] value '1152'. See http://docs.zephyrproject.org/latest/kconfig.html#CONFIG_TASK_HOSTCMD_STACK_SIZE
[pujjoniru:rw] and/or look up TASK_HOSTCMD_STACK_SIZE in the menuconfig/guiconfig interface. The Application
[pujjoniru:rw] Development Primer, Setting Configuration Values, and Kconfig - Tips and Best Practices sections of
[pujjoniru:rw] the manual might be helpful too.
[magikarp:rw] [65/390] Building C object zephyr/CMakeFiles/zephyr.dir/subsys/shell/shell_fprintf.c.obj
[/mnt/host/source/src/platform/ec/build/zephyr/grogu-lcov]   /mnt/host/source/src/platform/ec/build/zephyr/grogu/build-rw/modules/ec/zephyr/CMakeFiles/ec_shim.dir/shim/src/battery.c.gcno:no functions found
[/mnt/host/source/src/platform/ec/build/zephyr/grogu-lcov] stderr:
[deku:ro] [104/382] Building C object CMakeFiles/app.dir/mnt/host/source/src/platform/ec/build/zephyr/deku/modules/ec/common/usbc/usb_pd_host.c.obj
[/mnt/host/source/src/platform/ec/build/zephyr/grogu-lcov]   /mnt/host/source/src/platform/ec/build/zephyr/grogu/build-rw/modules/ec/zephyr/CMakeFiles/ec_shim.dir/shim/src/charger.c.gcno:no functions found
[/mnt/host/source/src/platform/ec/build/zephyr/grogu-lcov] stderr:
[deku:ro] [105/382] Building C object CMakeFiles/app.dir/mnt/host/source/src/platform/ec/build/zephyr/deku/modules/ec/zephyr/shim/src/tcpc.c.obj
[magikarp:rw] [66/390] Building C object zephyr/CMakeFiles/zephyr.dir/subsys/shell/shell_utils.c.obj
[pujjoniru:rw] Parsing /mnt/host/source/src/platform/ec/zephyr/program/nissa/Kconfig
[deku:ro] [106/382] Building C object CMakeFiles/app.dir/mnt/host/source/src/platform/ec/build/zephyr/deku/modules/ec/common/usb_pd_host_cmd_common.c.obj
[deku:ro] [107/382] Building C object CMakeFiles/app.dir/mnt/host/source/src/platform/ec/build/zephyr/deku/modules/ec/common/usbc_ocp.c.obj
[deku:ro] [108/382] Building C object CMakeFiles/app.dir/mnt/host/source/src/platform/ec/build/zephyr/deku/modules/ec/common/usb_pd_discovery.c.obj
[magikarp:rw] [67/390] Building C object zephyr/CMakeFiles/zephyr.dir/subsys/shell/shell_ops.c.obj
[skywalker:rw] [19/362] Building C object CMakeFiles/app.dir/mnt/host/source/src/platform/ec/zephyr/subsys/ucsi/ppm_common.c.obj
[skywalker:ro] [19/362] Building C object CMakeFiles/app.dir/mnt/host/source/src/platform/ec/zephyr/subsys/ucsi/ppm_common.c.obj
[deku:ro] [109/382] Building C object CMakeFiles/app.dir/mnt/host/source/src/platform/ec/build/zephyr/deku/modules/ec/common/usb_pd_dual_role.c.obj
[magikarp:rw] [68/390] Building C object zephyr/CMakeFiles/zephyr.dir/subsys/shell/shell_help.c.obj
[magikarp:ro] [21/390] Building C object CMakeFiles/app.dir/mnt/host/source/src/platform/ec/build/zephyr/magikarp/modules/ec/common/system.c.obj
[/mnt/host/source/src/platform/ec/build/zephyr/grogu-lcov]   /mnt/host/source/src/platform/ec/build/zephyr/grogu/build-rw/modules/ec/zephyr/CMakeFiles/ec_shim.dir/shim/src/usb_muxes.c.gcno:no functions found
[/mnt/host/source/src/platform/ec/build/zephyr/grogu-lcov] stderr:
[magikarp:rw] [69/390] Building C object zephyr/CMakeFiles/zephyr.dir/subsys/shell/shell_history.c.obj
[deku:ro] [110/382] Building C object CMakeFiles/app.dir/mnt/host/source/src/platform/ec/build/zephyr/deku/modules/ec/driver/tcpm/rt1715.c.obj
[/mnt/host/source/src/platform/ec/build/zephyr/grogu-lcov]   /mnt/host/source/src/platform/ec/build/zephyr/grogu/build-rw/modules/ec/zephyr/CMakeFiles/ec_shim.dir/shim/src/usba.c.gcno:no functions found
[/mnt/host/source/src/platform/ec/build/zephyr/grogu-lcov] stderr:
[magikarp:rw] [70/390] Building C object zephyr/CMakeFiles/zephyr.dir/drivers/flash/flash_util.c.obj
[magikarp:rw] [71/390] Building C object zephyr/arch/common/CMakeFiles/arch__common.dir/sw_isr_common.c.obj
[deku:ro] [111/382] Building C object CMakeFiles/app.dir/mnt/host/source/src/platform/ec/build/zephyr/deku/modules/ec/driver/tcpm/tcpci.c.obj
[magikarp:rw] [72/390] Linking C static library zephyr/libzephyr.a
[deku:ro] [112/382] Building C object CMakeFiles/app.dir/mnt/host/source/src/platform/ec/build/zephyr/deku/modules/ec/common/usbc_ppc.c.obj
[pujjoniru:rw] Loaded configuration '/mnt/host/source/src/platform/ec/zephyr/boards/google/it8xxx2/it8xxx2_it81302bx_defconfig'
[pujjoniru:rw] Merged configuration '/mnt/host/source/src/platform/ec/zephyr/program/nissa/program.conf'
[pujjoniru:rw] Merged configuration '/mnt/host/source/src/platform/ec/zephyr/program/nissa/it8xxx2_program.conf'
[pujjoniru:rw] Merged configuration '/mnt/host/source/src/platform/ec/zephyr/program/nissa/pujjoniru/project.conf'
[pujjoniru:rw] Merged configuration '/mnt/host/source/src/platform/ec/build/zephyr/pujjoniru/kconfig-rw.conf'
[pujjoniru:rw] Configuration saved to '/mnt/host/source/src/platform/ec/build/zephyr/pujjoniru/build-rw/zephyr/.config'
[pujjoniru:rw] Kconfig header saved to '/mnt/host/source/src/platform/ec/build/zephyr/pujjoniru/build-rw/zephyr/include/generated/zephyr/autoconf.h'
[pujjoniru:rw] -- Found GnuLd: /home/jpmurphy/.cache/coreboot-sdk/riscv64-elf/96b949749225b6aaa92ed810ab769e8dfb12f000/riscv64-elf/bin/ld.bfd (found version "2.43.1")
[deku:ro] [113/382] Building C object CMakeFiles/app.dir/mnt/host/source/src/platform/ec/build/zephyr/deku/modules/ec/common/vboot_hash.c.obj
[deku:ro] [114/382] Building C object CMakeFiles/app.dir/mnt/host/source/src/platform/ec/build/zephyr/deku/modules/ec/driver/ppc/syv682x.c.obj
[skywalker:rw] [20/362] Building C object CMakeFiles/app.dir/mnt/host/source/src/platform/ec/zephyr/subsys/ucsi/ppm_console.c.obj
[deku:ro] [115/382] Building C object CMakeFiles/app.dir/mnt/host/source/src/platform/ec/build/zephyr/deku/modules/ec/common/button.c.obj
[magikarp:rw] [73/390] Building C object zephyr/arch/common/CMakeFiles/arch__common.dir/dynamic_isr.c.obj
[pujjoniru:rw] -- The C compiler identification is GNU 14.2.0
[magikarp:ro] [22/390] Building C object CMakeFiles/app.dir/mnt/host/source/src/platform/ec/build/zephyr/magikarp/modules/ec/common/system_boot_time.c.obj
[skywalker:ro] [20/362] Building C object CMakeFiles/app.dir/mnt/host/source/src/platform/ec/zephyr/subsys/ucsi/ppm_console.c.obj
[magikarp:rw] [74/390] Building C object zephyr/arch/common/CMakeFiles/arch__common.dir/init.c.obj
[magikarp:rw] [75/390] Building C object zephyr/arch/common/CMakeFiles/arch__common.dir/xip.c.obj
[pujjoniru:rw] -- The CXX compiler identification is GNU 14.2.0
[deku:ro] [116/382] Building C object CMakeFiles/app.dir/mnt/host/source/src/platform/ec/build/zephyr/deku/modules/ec/common/vboot/efs2.c.obj
[pujjoniru:rw] -- The ASM compiler identification is GNU
[pujjoniru:rw] -- Found assembler: /home/jpmurphy/.cache/coreboot-sdk/riscv64-elf/96b949749225b6aaa92ed810ab769e8dfb12f000/bin/riscv64-elf-gcc
[pujjoniru:rw] warning: Deprecated symbol I2C_ALLOW_NO_STOP_TRANSACTIONS is enabled.
[pujjoniru:rw] CMake Warning at /mnt/host/source/src/platform/ec/zephyr/cmake/linker/ld/linker_libraries.cmake:11 (message):
[pujjoniru:rw]   Disabling c_library
[pujjoniru:rw] Call Stack (most recent call first):
[pujjoniru:rw]   /mnt/host/source/src/third_party/zephyr/main/cmake/target_toolchain_flags.cmake:48 (include)
[pujjoniru:rw]   /mnt/host/source/src/third_party/zephyr/main/cmake/modules/kernel.cmake:153 (include)
[pujjoniru:rw]   /mnt/host/source/src/third_party/zephyr/main/cmake/modules/zephyr_default.cmake:138 (include)
[pujjoniru:rw]   /mnt/host/source/src/third_party/zephyr/main/share/zephyr-package/cmake/ZephyrConfig.cmake:66 (include)
[pujjoniru:rw]   /mnt/host/source/src/third_party/zephyr/main/share/zephyr-package/cmake/ZephyrConfig.cmake:97 (include_boilerplate)
[pujjoniru:rw]   CMakeLists.txt:7 (find_package)
[deku:ro] [117/382] Building C object CMakeFiles/app.dir/mnt/host/source/src/platform/ec/build/zephyr/deku/modules/ec/common/math_util.c.obj
[magikarp:rw] [76/390] Building C object zephyr/arch/common/CMakeFiles/isr_tables.dir/isr_tables.c.obj
[deku:ro] [118/382] Building C object CMakeFiles/app.dir/mnt/host/source/src/platform/ec/build/zephyr/deku/modules/ec/common/vstore.c.obj
[magikarp:rw] [77/390] Building C object zephyr/arch/arch/riscv/core/CMakeFiles/arch__riscv__core.dir/cpu_idle.c.obj
[magikarp:rw] [78/390] Linking C static library zephyr/arch/common/libisr_tables.a
[magikarp:rw] [79/390] Linking C static library zephyr/arch/common/libarch__common.a
[deku:ro] [119/382] Building C object CMakeFiles/app.dir/src/usbc_config.c.obj
[magikarp:ro] [23/390] Building C object CMakeFiles/app.dir/mnt/host/source/src/platform/ec/build/zephyr/magikarp/modules/ec/common/uart_printf.c.obj
[deku:ro] [120/382] Building C object CMakeFiles/app.dir/src/board_power.c.obj
[skywalker:rw] [21/362] Building C object CMakeFiles/app.dir/mnt/host/source/src/platform/ec/zephyr/subsys/ucsi/ppm_driver.c.obj
[magikarp:rw] [80/390] Building C object zephyr/arch/arch/riscv/core/CMakeFiles/arch__riscv__core.dir/prep_c.c.obj
[magikarp:rw] [81/390] Building C object zephyr/arch/arch/riscv/core/CMakeFiles/arch__riscv__core.dir/fatal.c.obj
[skywalker:ro] [21/362] Building C object CMakeFiles/app.dir/mnt/host/source/src/platform/ec/zephyr/subsys/ucsi/ppm_driver.c.obj
[pujjoniru:rw] -- Performing EC specific devicetree checks
[deku:ro] [121/382] Building C object CMakeFiles/app.dir/src/usb_pd_policy.c.obj
[deku:ro] [122/382] Building C object CMakeFiles/app.dir/deku/src/usbc_config.c.obj
[magikarp:rw] [82/390] Building C object zephyr/arch/arch/riscv/core/CMakeFiles/arch__riscv__core.dir/irq_manage.c.obj
[pujjoniru:rw] INFO: Verified 50 GPIOs, no duplicates found
[pujjoniru:rw] INFO: Verified 19 '*-gpios' properties, all flags match.
[pujjoniru:rw] INFO: Skipped 14 named-gpios children.
[deku:ro] [123/382] Building C object CMakeFiles/app.dir/deku/src/thermal.c.obj
[deku:ro] [124/382] Building C object CMakeFiles/app.dir/deku/src/poe.c.obj
[deku:ro] [125/382] Building C object zephyr/CMakeFiles/zephyr.dir/lib/libc/validate_libc.c.obj
[deku:ro] [126/382] Building C object zephyr/CMakeFiles/zephyr.dir/lib/heap/heap.c.obj
[pujjoniru:rw] -- Generating component manifest file
[deku:ro] [127/382] Building C object zephyr/CMakeFiles/zephyr.dir/lib/os/cbprintf_packaged.c.obj
[magikarp:ro] [24/390] Building C object CMakeFiles/app.dir/mnt/host/source/src/platform/ec/build/zephyr/magikarp/modules/ec/common/util.c.obj
[deku:ro] [128/382] Linking C static library app/libapp.a
[magikarp:rw] [83/390] Building C object zephyr/arch/arch/riscv/core/CMakeFiles/arch__riscv__core.dir/reboot.c.obj
[magikarp:rw] [84/390] Building ASM object zephyr/arch/arch/riscv/core/CMakeFiles/arch__riscv__core.dir/reset.S.obj
[pujjoniru:rw] INFO: Running CME, outputting to /mnt/host/source/src/platform/ec/build/zephyr/pujjoniru/build-rw/zephyr/component_manifest.json
[pujjoniru:rw] INFO: Component usbpd@f03700(ite,it8xxx2-usbpd) not on I2C bus, skip it
[pujjoniru:rw] -- warning_base_override: -Wall;-Wformat;-Wformat-security;-Wformat;-Wno-format-zero-length;-Wno-pointer-sign;-Wpointer-arith;-Wexpansion-to-defined
[skywalker:rw] [22/362] Building C object CMakeFiles/app.dir/mnt/host/source/src/platform/ec/zephyr/subsys/ucsi/ucsi_host_cmd.c.obj
[deku:ro] [129/382] Building C object zephyr/CMakeFiles/zephyr.dir/lib/os/clock.c.obj
[magikarp:rw] [85/390] Building ASM object zephyr/arch/arch/riscv/core/CMakeFiles/arch__riscv__core.dir/switch.S.obj
[skywalker:ro] [22/362] Building C object CMakeFiles/app.dir/mnt/host/source/src/platform/ec/zephyr/subsys/ucsi/ucsi_host_cmd.c.obj
[deku:ro] [130/382] Building C object zephyr/CMakeFiles/zephyr.dir/lib/os/sem.c.obj
[deku:ro] [131/382] Building C object zephyr/CMakeFiles/zephyr.dir/lib/os/printk.c.obj
[deku:ro] [132/382] Building C object zephyr/CMakeFiles/zephyr.dir/lib/os/thread_entry.c.obj
[deku:ro] [133/382] Building C object zephyr/CMakeFiles/zephyr.dir/lib/os/cbprintf_nano.c.obj
[pujjoniru:rw] -- Found gen_kobject_list: /mnt/host/source/src/third_party/zephyr/main/scripts/build/gen_kobject_list.py
[deku:ro] [134/382] Building C object zephyr/CMakeFiles/zephyr.dir/lib/os/cbprintf.c.obj
[magikarp:rw] [86/390] Building C object zephyr/arch/arch/riscv/core/CMakeFiles/arch__riscv__core.dir/thread.c.obj
[magikarp:rw] [87/390] Building ASM object zephyr/arch/arch/riscv/core/CMakeFiles/arch__riscv__core.dir/isr.S.obj
[magikarp:rw] [88/390] Generating ../../../include/generated/libc/minimal/strerror_table.h
[deku:ro] [135/382] Building C object zephyr/CMakeFiles/zephyr.dir/lib/utils/dec.c.obj
[deku:ro] [136/382] Building C object zephyr/CMakeFiles/zephyr.dir/lib/utils/timeutil.c.obj
[pujjoniru:rw] -- Configuring done (15.5s)
[deku:ro] [137/382] Building C object zephyr/CMakeFiles/zephyr.dir/lib/utils/hex.c.obj
[magikarp:rw] [89/390] Building C object zephyr/lib/libc/minimal/CMakeFiles/lib__libc__minimal.dir/source/stdlib/atoi.c.obj
[magikarp:ro] [25/390] Building C object CMakeFiles/app.dir/mnt/host/source/src/platform/ec/build/zephyr/magikarp/modules/ec/common/version.c.obj
[deku:ro] [138/382] Building C object zephyr/CMakeFiles/zephyr.dir/lib/utils/bitmask.c.obj
[deku:ro] [139/382] Building C object zephyr/CMakeFiles/zephyr.dir/lib/os/assert.c.obj
[skywalker:rw] [23/362] Building C object CMakeFiles/app.dir/mnt/host/source/src/platform/ec/build/zephyr/skywalker/modules/ec/builtin/stdlib.c.obj
[magikarp:rw] [90/390] Building C object zephyr/arch/arch/riscv/core/CMakeFiles/arch__riscv__core.dir/stacktrace.c.obj
[magikarp:rw] [91/390] Building C object zephyr/lib/libc/minimal/CMakeFiles/lib__libc__minimal.dir/source/stdlib/strtol.c.obj
[deku:ro] [140/382] Building C object zephyr/CMakeFiles/zephyr.dir/lib/utils/last_section_id.c.obj
[magikarp:rw] [92/390] Linking C static library zephyr/arch/arch/riscv/core/libarch__riscv__core.a
[skywalker:ro] [23/362] Building C object CMakeFiles/app.dir/mnt/host/source/src/platform/ec/build/zephyr/skywalker/modules/ec/builtin/stdlib.c.obj
[/mnt/host/source/src/platform/ec/build/zephyr/joxer-lcov]   /mnt/host/source/src/platform/ec/build/zephyr/joxer/build-ro/CMakeFiles/app.dir/mnt/host/source/src/platform/ec/build/zephyr/joxer/modules/ec/common/cbi_config.c.gcno:no functions found
[/mnt/host/source/src/platform/ec/build/zephyr/joxer-lcov] stderr:
[deku:ro] [141/382] Building C object zephyr/CMakeFiles/zephyr.dir/lib/utils/rb.c.obj
[deku:ro] [142/382] Building C object zephyr/CMakeFiles/zephyr.dir/lib/utils/ring_buffer.c.obj
[pujjoniru:rw] -- Generating done (0.5s)
[pujjoniru:rw] INFO: Component virtual-mux-0(cros-ec,usbc-mux-virtual) not on I2C bus, skip it
[pujjoniru:rw] INFO: Component usbpd@f03800(ite,it8xxx2-usbpd) not on I2C bus, skip it
[pujjoniru:rw] INFO: Component virtual-mux-1(cros-ec,usbc-mux-virtual) not on I2C bus, skip it
[pujjoniru:rw] INFO: Component virtual-mux-1(cros-ec,usbc-mux-virtual) not on I2C bus, skip it
[pujjoniru:rw] CMake Warning:
[pujjoniru:rw] -- Build files have been written to: /mnt/host/source/src/platform/ec/build/zephyr/pujjoniru/build-rw
[deku:ro] [143/382] Building C object zephyr/CMakeFiles/zephyr.dir/misc/generated/configs.c.obj
[magikarp:rw] [93/390] Building C object zephyr/lib/libc/minimal/CMakeFiles/lib__libc__minimal.dir/source/stdlib/strtoul.c.obj
[/mnt/host/source/src/platform/ec/build/zephyr/quandiso2-lcov]   /mnt/host/source/src/platform/ec/build/zephyr/quandiso2/build-ro/zephyr/CMakeFiles/zephyr.dir/soc/ite/ec/it8xxx2/check_regs.c.gcno:no functions found
[/mnt/host/source/src/platform/ec/build/zephyr/quandiso2-lcov] stderr:
[magikarp:rw] [94/390] Building C object zephyr/lib/libc/minimal/CMakeFiles/lib__libc__minimal.dir/source/stdlib/strtoll.c.obj
[magikarp:rw] [95/390] Building C object zephyr/lib/libc/common/CMakeFiles/lib__libc__common.dir/source/stdlib/abort.c.obj
[deku:ro] [144/382] Building C object zephyr/CMakeFiles/zephyr.dir/lib/utils/bitarray.c.obj
[deku:ro] [145/382] Building C object zephyr/CMakeFiles/zephyr.dir/lib/utils/getopt/getopt_common.c.obj
[pujjoniru:rw]   Manually-specified variables were not used by the project:
[pujjoniru:rw]     COREBOOT_SDK_ROOT_arm
[pujjoniru:rw]     COREBOOT_SDK_ROOT_libstdcxx_arm
[pujjoniru:rw]     COREBOOT_SDK_ROOT_libstdcxx_x86
[pujjoniru:rw]     COREBOOT_SDK_ROOT_nds32
[pujjoniru:rw]     COREBOOT_SDK_ROOT_picolibc_arm
[pujjoniru:rw]     COREBOOT_SDK_ROOT_picolibc_x86
[pujjoniru:rw]     COREBOOT_SDK_ROOT_riscv
[pujjoniru:rw]     COREBOOT_SDK_ROOT_x86
[magikarp:rw] [96/390] Building C object zephyr/lib/libc/minimal/CMakeFiles/lib__libc__minimal.dir/source/stdlib/bsearch.c.obj
[magikarp:rw] [97/390] Building C object zephyr/lib/libc/minimal/CMakeFiles/lib__libc__minimal.dir/source/stdlib/strtoull.c.obj
[deku:ro] [146/382] Building C object zephyr/CMakeFiles/zephyr.dir/lib/utils/getopt/getopt.c.obj
[skywalker:rw] [24/362] Building C object CMakeFiles/app.dir/mnt/host/source/src/platform/ec/build/zephyr/skywalker/modules/ec/common/base32.c.obj
[magikarp:rw] [98/390] Building C object zephyr/lib/libc/minimal/CMakeFiles/lib__libc__minimal.dir/source/string/strerror.c.obj
[/mnt/host/source/src/platform/ec/build/zephyr/joxer-lcov]   /mnt/host/source/src/platform/ec/build/zephyr/joxer/build-ro/zephyr/arch/arch/riscv/core/CMakeFiles/arch__riscv__core.dir/cpu_idle.c.gcno:no functions found
[/mnt/host/source/src/platform/ec/build/zephyr/joxer-lcov] stderr:
[magikarp:ro] [26/390] Building C object CMakeFiles/app.dir/mnt/host/source/src/platform/ec/build/zephyr/magikarp/modules/ec/driver/accel_lis2dw12.c.obj
[magikarp:rw] [99/390] Building C object zephyr/lib/libc/minimal/CMakeFiles/lib__libc__minimal.dir/source/stdlib/qsort.c.obj
[deku:ro] [147/382] Building C object zephyr/CMakeFiles/zephyr.dir/soc/nuvoton/npcx/common/power.c.obj
[magikarp:rw] [100/390] Building C object zephyr/lib/libc/minimal/CMakeFiles/lib__libc__minimal.dir/source/stdlib/exit.c.obj
[magikarp:rw] [101/390] Building C object zephyr/lib/libc/minimal/CMakeFiles/lib__libc__minimal.dir/source/string/strncasecmp.c.obj
[deku:ro] [148/382] Building C object zephyr/CMakeFiles/zephyr.dir/soc/nuvoton/npcx/common/npcxn/registers.c.obj
[skywalker:ro] [24/362] Building C object CMakeFiles/app.dir/mnt/host/source/src/platform/ec/build/zephyr/skywalker/modules/ec/common/base32.c.obj
[deku:ro] [149/382] Building C object zephyr/CMakeFiles/zephyr.dir/soc/nuvoton/npcx/common/scfg.c.obj
[magikarp:rw] [102/390] Building C object zephyr/lib/libc/minimal/CMakeFiles/lib__libc__minimal.dir/source/string/strstr.c.obj
[deku:ro] [150/382] Building C object zephyr/CMakeFiles/zephyr.dir/soc/nuvoton/npcx/npcx9/soc.c.obj
[magikarp:rw] [103/390] Building C object zephyr/lib/libc/minimal/CMakeFiles/lib__libc__minimal.dir/source/string/strspn.c.obj
[magikarp:rw] [104/390] Building C object zephyr/lib/libc/minimal/CMakeFiles/lib__libc__minimal.dir/source/string/string.c.obj
[deku:ro] [151/382] Building C object zephyr/CMakeFiles/zephyr.dir/subsys/mem_mgmt/mem_attr.c.obj
[deku:ro] [152/382] Building C object zephyr/CMakeFiles/zephyr.dir/subsys/logging/log_minimal.c.obj
[deku:ro] [153/382] Building C object zephyr/CMakeFiles/zephyr.dir/subsys/pm/pm.c.obj
[deku:ro] [154/382] Building C object zephyr/CMakeFiles/zephyr.dir/subsys/pm/state.c.obj
[skywalker:rw] [25/362] Building C object CMakeFiles/app.dir/mnt/host/source/src/platform/ec/build/zephyr/skywalker/modules/ec/common/console_output.c.obj
[deku:ro] [155/382] Building C object zephyr/CMakeFiles/zephyr.dir/subsys/pm/policy/policy_state_lock.c.obj
[magikarp:ro] [27/390] Building C object CMakeFiles/app.dir/mnt/host/source/src/platform/ec/build/zephyr/magikarp/modules/ec/driver/accelgyro_bmi_common.c.obj
[deku:ro] [156/382] Building C object zephyr/CMakeFiles/zephyr.dir/subsys/pm/policy/policy_latency.c.obj
[deku:ro] [157/382] Building C object zephyr/CMakeFiles/zephyr.dir/subsys/pm/policy/policy_events.c.obj
[magikarp:rw] [105/390] Building C object zephyr/lib/libc/minimal/CMakeFiles/lib__libc__minimal.dir/source/stdout/stdout_console.c.obj
[magikarp:rw] [106/390] Building C object zephyr/lib/libc/minimal/CMakeFiles/lib__libc__minimal.dir/source/stdout/fprintf.c.obj
[skywalker:ro] [25/362] Building C object CMakeFiles/app.dir/mnt/host/source/src/platform/ec/build/zephyr/skywalker/modules/ec/common/console_output.c.obj
[magikarp:rw] [107/390] Building C object zephyr/lib/libc/minimal/CMakeFiles/lib__libc__minimal.dir/source/stdout/sprintf.c.obj
[/mnt/host/source/src/platform/ec/build/zephyr/joxer-lcov]   /mnt/host/source/src/platform/ec/build/zephyr/joxer/build-ro/zephyr/arch/common/CMakeFiles/isr_tables.dir/isr_tables.c.gcno:no functions found
[/mnt/host/source/src/platform/ec/build/zephyr/joxer-lcov] stderr:
[deku:ro] [158/382] Building C object zephyr/CMakeFiles/zephyr.dir/subsys/pm/device.c.obj
[deku:ro] [159/382] Building C object zephyr/CMakeFiles/zephyr.dir/subsys/pm/device_system_managed.c.obj
[deku:ro] [160/382] Building C object zephyr/CMakeFiles/zephyr.dir/subsys/testsuite/coverage/coverage.c.obj
[deku:ro] [161/382] Building C object zephyr/CMakeFiles/zephyr.dir/subsys/tracing/tracing_none.c.obj
[magikarp:rw] [108/390] Building C object zephyr/lib/libc/minimal/CMakeFiles/lib__libc__minimal.dir/source/math/sqrtf.c.obj
[magikarp:rw] [109/390] Building C object zephyr/lib/libc/minimal/CMakeFiles/lib__libc__minimal.dir/source/math/sqrt.c.obj
[magikarp:rw] [110/390] Building C object zephyr/lib/libc/common/CMakeFiles/lib__libc__common.dir/source/time/gmtime_r.c.obj
[magikarp:rw] [111/390] Building C object zephyr/lib/libc/common/CMakeFiles/lib__libc__common.dir/source/time/asctime.c.obj
[deku:ro] [162/382] Building C object zephyr/CMakeFiles/zephyr.dir/subsys/shell/modules/kernel_service/kernel_shell.c.obj
[deku:ro] [163/382] Building C object zephyr/CMakeFiles/zephyr.dir/subsys/shell/modules/kernel_service/cycles.c.obj
[deku:ro] [164/382] Building C object zephyr/CMakeFiles/zephyr.dir/subsys/shell/modules/kernel_service/sleep.c.obj
[magikarp:rw] [112/390] Building C object zephyr/lib/libc/common/CMakeFiles/lib__libc__common.dir/source/time/localtime_r_utc.c.obj
[magikarp:rw] [113/390] Building C object zephyr/lib/libc/common/CMakeFiles/lib__libc__common.dir/source/time/ctime.c.obj
[magikarp:rw] [114/390] Building C object zephyr/lib/libc/minimal/CMakeFiles/lib__libc__minimal.dir/source/time/gmtime.c.obj
[deku:ro] [165/382] Building C object zephyr/CMakeFiles/zephyr.dir/subsys/shell/modules/kernel_service/uptime.c.obj
[deku:ro] [166/382] Building C object zephyr/CMakeFiles/zephyr.dir/subsys/shell/modules/kernel_service/version.c.obj
[skywalker:rw] [26/362] Building C object CMakeFiles/app.dir/mnt/host/source/src/platform/ec/build/zephyr/skywalker/modules/ec/common/ec_features.c.obj
[magikarp:ro] [28/390] Building C object CMakeFiles/app.dir/mnt/host/source/src/platform/ec/build/zephyr/magikarp/modules/ec/driver/accelgyro_bmi3xx.c.obj
[magikarp:rw] [115/390] Linking C static library zephyr/lib/libc/minimal/liblib__libc__minimal.a
[deku:ro] [167/382] Building C object zephyr/CMakeFiles/zephyr.dir/subsys/shell/modules/kernel_service/thread/thread.c.obj
[skywalker:ro] [26/362] Building C object CMakeFiles/app.dir/mnt/host/source/src/platform/ec/build/zephyr/skywalker/modules/ec/common/ec_features.c.obj
[magikarp:rw] [116/390] Building C object zephyr/lib/libc/common/CMakeFiles/lib__libc__common.dir/source/string/strnlen.c.obj
[magikarp:rw] [117/390] Building C object zephyr/lib/libc/common/CMakeFiles/lib__libc__common.dir/source/time/time.c.obj
[deku:ro] [168/382] Building C object zephyr/CMakeFiles/zephyr.dir/subsys/shell/modules/kernel_service/thread/list.c.obj
[magikarp:rw] [118/390] Building C object zephyr/lib/posix/c_lib_ext/CMakeFiles/lib__posix__c_lib_ext.dir/fnmatch.c.obj
[deku:ro] [169/382] Building C object zephyr/CMakeFiles/zephyr.dir/subsys/shell/modules/kernel_service/thread/stacks.c.obj
[deku:ro] [170/382] Building C object zephyr/CMakeFiles/zephyr.dir/subsys/shell/modules/kernel_service/thread/suspend.c.obj
[deku:ro] [171/382] Building C object zephyr/CMakeFiles/zephyr.dir/subsys/shell/modules/kernel_service/thread/resume.c.obj
[magikarp:rw] [119/390] Building C object zephyr/lib/libc/common/CMakeFiles/lib__libc__common.dir/source/stdlib/malloc.c.obj
[magikarp:rw] [120/390] Linking C static library zephyr/lib/libc/common/liblib__libc__common.a
[deku:ro] [172/382] Building C object zephyr/CMakeFiles/zephyr.dir/subsys/shell/modules/kernel_service/thread/kill.c.obj
[magikarp:rw] [121/390] Building C object zephyr/lib/posix/c_lib_ext/CMakeFiles/lib__posix__c_lib_ext.dir/getentropy.c.obj
[magikarp:ro] [29/390] Building C object CMakeFiles/app.dir/mnt/host/source/src/platform/ec/build/zephyr/magikarp/modules/ec/driver/accelgyro_icm_common.c.obj
[deku:ro] [173/382] Building C object zephyr/CMakeFiles/zephyr.dir/subsys/shell/backends/shell_uart.c.obj
[deku:ro] [174/382] Building C object zephyr/CMakeFiles/zephyr.dir/subsys/shell/shell_fprintf.c.obj
[skywalker:rw] [27/362] Building C object CMakeFiles/app.dir/mnt/host/source/src/platform/ec/build/zephyr/skywalker/modules/ec/common/gpio_commands.c.obj
[magikarp:rw] [122/390] Building C object zephyr/subsys/crc/CMakeFiles/subsys__crc.dir/crc4_sw.c.obj
[magikarp:rw] [123/390] Building C object zephyr/subsys/crc/CMakeFiles/subsys__crc.dir/crc8_sw.c.obj
[magikarp:rw] [124/390] Building C object zephyr/lib/posix/c_lib_ext/CMakeFiles/lib__posix__c_lib_ext.dir/getopt_shim.c.obj
[magikarp:rw] [125/390] Building C object zephyr/subsys/crc/CMakeFiles/subsys__crc.dir/crc16_sw.c.obj
[skywalker:ro] [27/362] Building C object CMakeFiles/app.dir/mnt/host/source/src/platform/ec/build/zephyr/skywalker/modules/ec/common/gpio_commands.c.obj
[deku:ro] [175/382] Building C object zephyr/CMakeFiles/zephyr.dir/subsys/shell/shell.c.obj
[magikarp:rw] [126/390] Building C object zephyr/subsys/crc/CMakeFiles/subsys__crc.dir/crc7_sw.c.obj
[magikarp:rw] [127/390] Linking C static library zephyr/lib/posix/c_lib_ext/liblib__posix__c_lib_ext.a
[deku:ro] [176/382] Building C object zephyr/CMakeFiles/zephyr.dir/subsys/shell/shell_utils.c.obj
[magikarp:rw] [128/390] Building C object zephyr/subsys/crc/CMakeFiles/subsys__crc.dir/crc24_sw.c.obj
[magikarp:rw] [129/390] Building C object zephyr/subsys/crc/CMakeFiles/subsys__crc.dir/crc32c_sw.c.obj
[magikarp:rw] [130/390] Building C object zephyr/subsys/crc/CMakeFiles/subsys__crc.dir/crc32_sw.c.obj
[deku:ro] [177/382] Building C object zephyr/CMakeFiles/zephyr.dir/subsys/shell/shell_history.c.obj
[magikarp:rw] [131/390] Building C object zephyr/subsys/crc/CMakeFiles/subsys__crc.dir/crc32k_4_2_sw.c.obj
[deku:ro] [178/382] Building C object zephyr/CMakeFiles/zephyr.dir/subsys/shell/shell_ops.c.obj
[magikarp:rw] [132/390] Linking C static library zephyr/subsys/crc/libsubsys__crc.a
[deku:ro] [179/382] Building C object zephyr/arch/common/CMakeFiles/arch__common.dir/init.c.obj
[deku:ro] [180/382] Building C object zephyr/CMakeFiles/zephyr.dir/drivers/flash/flash_util.c.obj
[deku:ro] [181/382] Building C object zephyr/arch/common/CMakeFiles/arch__common.dir/sw_isr_common.c.obj
[deku:ro] [182/382] Linking C static library zephyr/libzephyr.a
[deku:ro] [183/382] Building ASM object zephyr/arch/arch/arm/core/CMakeFiles/arch__arm__core.dir/nmi_on_reset.S.obj
[deku:ro] [184/382] Building C object zephyr/arch/common/CMakeFiles/isr_tables.dir/isr_tables.c.obj
[deku:ro] [185/382] Building ASM object zephyr/arch/arch/arm/core/cortex_m/CMakeFiles/arch__arm__core__cortex_m.dir/fault_s.S.obj
[deku:ro] [186/382] Building C object zephyr/arch/common/CMakeFiles/arch__common.dir/xip.c.obj
[magikarp:ro] [30/390] Building C object CMakeFiles/app.dir/mnt/host/source/src/platform/ec/build/zephyr/magikarp/modules/ec/driver/accelgyro_icm42607.c.obj
[deku:ro] [187/382] Linking C static library zephyr/arch/common/libisr_tables.a
[skywalker:rw] [28/362] Building C object CMakeFiles/app.dir/mnt/host/source/src/platform/ec/build/zephyr/skywalker/modules/ec/common/peripheral.c.obj
[skywalker:ro] [28/362] Building C object CMakeFiles/app.dir/mnt/host/source/src/platform/ec/build/zephyr/skywalker/modules/ec/common/peripheral.c.obj
[deku:ro] [188/382] Building C object zephyr/arch/arch/arm/core/CMakeFiles/arch__arm__core.dir/fatal.c.obj
[deku:ro] [189/382] Linking C static library zephyr/arch/common/libarch__common.a
[magikarp:rw] [133/390] Building C object zephyr/drivers/interrupt_controller/CMakeFiles/drivers__interrupt_controller.dir/intc_ite_it8xxx2.c.obj
[magikarp:rw] [134/390] Building C object zephyr/drivers/interrupt_controller/CMakeFiles/drivers__interrupt_controller.dir/wuc_ite_it8xxx2.c.obj
[deku:ro] [190/382] Building C object zephyr/arch/arch/arm/core/CMakeFiles/arch__arm__core.dir/nmi.c.obj
[magikarp:rw] [135/390] Building C object zephyr/drivers/adc/CMakeFiles/drivers__adc.dir/adc_common.c.obj
[magikarp:rw] [136/390] Linking C static library zephyr/drivers/interrupt_controller/libdrivers__interrupt_controller.a
[deku:ro] [191/382] Linking C static library zephyr/arch/arch/arm/core/libarch__arm__core.a
[deku:ro] [192/382] Building C object zephyr/arch/arch/arm/core/cortex_m/CMakeFiles/arch__arm__core__cortex_m.dir/exc_exit.c.obj
[deku:ro] [193/382] Building C object zephyr/arch/arch/arm/core/cortex_m/CMakeFiles/arch__arm__core__cortex_m.dir/fault.c.obj
[deku:ro] [194/382] Building C object zephyr/arch/arch/arm/core/cortex_m/CMakeFiles/arch__arm__core__cortex_m.dir/fpu.c.obj
[deku:ro] [195/382] Building ASM object zephyr/arch/arch/arm/core/cortex_m/CMakeFiles/arch__arm__core__cortex_m.dir/reset.S.obj
[deku:ro] [196/382] Building C object zephyr/arch/arch/arm/core/cortex_m/CMakeFiles/arch__arm__core__cortex_m.dir/scb.c.obj
[deku:ro] [197/382] Building C object zephyr/arch/arch/arm/core/cortex_m/CMakeFiles/arch__arm__core__cortex_m.dir/thread_abort.c.obj
[deku:ro] [198/382] Building ASM object zephyr/arch/arch/arm/core/cortex_m/CMakeFiles/arch__arm__core__cortex_m.dir/vector_table.S.obj
[magikarp:ro] [31/390] Building C object CMakeFiles/app.dir/mnt/host/source/src/platform/ec/build/zephyr/magikarp/modules/ec/common/motion_sense_fifo.c.obj
[skywalker:rw] [29/362] Building C object CMakeFiles/app.dir/mnt/host/source/src/platform/ec/build/zephyr/skywalker/modules/ec/common/printf.c.obj
[skywalker:ro] [29/362] Building C object CMakeFiles/app.dir/mnt/host/source/src/platform/ec/build/zephyr/skywalker/modules/ec/common/printf.c.obj
[magikarp:rw] [137/390] Building C object zephyr/drivers/bbram/CMakeFiles/drivers__bbram.dir/bbram_it8xxx2.c.obj
[magikarp:rw] [138/390] Building C object zephyr/drivers/adc/CMakeFiles/drivers__adc.dir/adc_ite_it8xxx2.c.obj
[magikarp:rw] [139/390] Building C object zephyr/drivers/console/CMakeFiles/drivers__console.dir/uart_console.c.obj
[magikarp:rw] [140/390] Linking C static library zephyr/drivers/adc/libdrivers__adc.a
[magikarp:rw] [141/390] Linking C static library zephyr/drivers/bbram/libdrivers__bbram.a
[magikarp:rw] [142/390] Linking C static library zephyr/drivers/console/libdrivers__console.a
[deku:ro] [199/382] Building ASM object zephyr/arch/arch/arm/core/cortex_m/CMakeFiles/arch__arm__core__cortex_m.dir/swap_helper.S.obj
[/mnt/host/source/src/platform/ec/build/zephyr/quandiso2-lcov]   /mnt/host/source/src/platform/ec/build/zephyr/quandiso2/build-ro/zephyr/drivers/sensor/CMakeFiles/drivers__sensor.dir/mnt/host/source/src/third_party/zephyr/main/misc/empty_file.c.gcno:no functions found
[/mnt/host/source/src/platform/ec/build/zephyr/quandiso2-lcov] stderr:
[deku:ro] [200/382] Building C object zephyr/arch/arch/arm/core/cortex_m/CMakeFiles/arch__arm__core__cortex_m.dir/irq_manage.c.obj
[deku:ro] [201/382] Building C object zephyr/arch/arch/arm/core/cortex_m/CMakeFiles/arch__arm__core__cortex_m.dir/prep_c.c.obj
[/mnt/host/source/src/platform/ec/build/zephyr/joxer-lcov]   /mnt/host/source/src/platform/ec/build/zephyr/joxer/build-ro/zephyr/CMakeFiles/zephyr.dir/subsys/shell/modules/kernel_service/kernel_shell.c.gcno:no functions found
[/mnt/host/source/src/platform/ec/build/zephyr/joxer-lcov] stderr:
[deku:ro] [202/382] Building C object zephyr/arch/arch/arm/core/cortex_m/CMakeFiles/arch__arm__core__cortex_m.dir/irq_init.c.obj
[deku:ro] [203/382] Building C object zephyr/arch/arch/arm/core/cortex_m/CMakeFiles/arch__arm__core__cortex_m.dir/thread.c.obj
[deku:ro] [204/382] Building C object zephyr/arch/arch/arm/core/cortex_m/CMakeFiles/arch__arm__core__cortex_m.dir/isr_wrapper.c.obj
[deku:ro] [205/382] Building C object zephyr/arch/arch/arm/core/cortex_m/CMakeFiles/arch__arm__core__cortex_m.dir/cpu_idle.c.obj
[deku:ro] [206/382] Generating ../../../include/generated/libc/minimal/strerror_table.h
[/mnt/host/source/src/platform/ec/build/zephyr/quandiso2-lcov]   /mnt/host/source/src/platform/ec/build/zephyr/quandiso2/build-rw/modules/ec/zephyr/CMakeFiles/ec_shim.dir/shim/src/thermal.c.gcno:no functions found
[/mnt/host/source/src/platform/ec/build/zephyr/quandiso2-lcov] stderr:
[deku:ro] [207/382] Linking C static library zephyr/arch/arch/arm/core/cortex_m/libarch__arm__core__cortex_m.a
[deku:ro] [208/382] Building C object zephyr/lib/libc/common/CMakeFiles/lib__libc__common.dir/source/time/asctime.c.obj
[/mnt/host/source/src/platform/ec/build/zephyr/joxer-lcov]   /mnt/host/source/src/platform/ec/build/zephyr/joxer/build-ro/zephyr/CMakeFiles/zephyr.dir/lib/libc/validate_libc.c.gcno:no functions found
[/mnt/host/source/src/platform/ec/build/zephyr/joxer-lcov] stderr:
[deku:ro] [209/382] Building C object zephyr/lib/libc/minimal/CMakeFiles/lib__libc__minimal.dir/source/stdlib/atoi.c.obj
[skywalker:rw] [30/362] Building C object CMakeFiles/app.dir/mnt/host/source/src/platform/ec/build/zephyr/skywalker/modules/ec/common/queue.c.obj
[magikarp:rw] [143/390] Building C object zephyr/drivers/eeprom/CMakeFiles/drivers__eeprom.dir/eeprom_at2x.c.obj
[magikarp:rw] [144/390] Building C object zephyr/drivers/eeprom/CMakeFiles/drivers__eeprom.dir/eeprom_shell.c.obj
[magikarp:ro] [32/390] Building C object CMakeFiles/app.dir/mnt/host/source/src/platform/ec/build/zephyr/magikarp/modules/ec/common/adc.c.obj
[deku:ro] [210/382] Building C object zephyr/lib/libc/minimal/CMakeFiles/lib__libc__minimal.dir/source/stdlib/strtol.c.obj
[deku:ro] [211/382] Building C object zephyr/lib/libc/minimal/CMakeFiles/lib__libc__minimal.dir/source/stdlib/strtoul.c.obj
[magikarp:rw] [145/390] Linking C static library zephyr/drivers/eeprom/libdrivers__eeprom.a
[magikarp:rw] [146/390] Building C object zephyr/drivers/flash/CMakeFiles/drivers__flash.dir/flash_ite_it8xxx2.c.obj
[skywalker:ro] [30/362] Building C object CMakeFiles/app.dir/mnt/host/source/src/platform/ec/build/zephyr/skywalker/modules/ec/common/queue.c.obj
[deku:ro] [212/382] Building C object zephyr/arch/arch/arm/core/mpu/CMakeFiles/arch__arm__core__mpu.dir/arm_core_mpu.c.obj
[deku:ro] [213/382] Building C object zephyr/lib/libc/minimal/CMakeFiles/lib__libc__minimal.dir/source/stdlib/strtoll.c.obj
[/mnt/host/source/src/platform/ec/build/zephyr/grogu-lcov]   /mnt/host/source/src/platform/ec/build/zephyr/grogu/build-rw/modules/ec/zephyr/CMakeFiles/ec_shim.dir/shim/src/keyscan.c.gcno:no functions found
[/mnt/host/source/src/platform/ec/build/zephyr/grogu-lcov] stderr:
[magikarp:rw] [147/390] Linking C static library zephyr/drivers/flash/libdrivers__flash.a
[/mnt/host/source/src/platform/ec/build/zephyr/quandiso2-lcov]   /mnt/host/source/src/platform/ec/build/zephyr/quandiso2/build-rw/modules/ec/zephyr/CMakeFiles/ec_shim.dir/shim/src/battery.c.gcno:no functions found
[/mnt/host/source/src/platform/ec/build/zephyr/quandiso2-lcov] stderr:
[deku:ro] [214/382] Building C object zephyr/arch/arch/arm/core/mpu/CMakeFiles/arch__arm__core__mpu.dir/arm_mpu_regions.c.obj
[/mnt/host/source/src/platform/ec/build/zephyr/quandiso2-lcov]   /mnt/host/source/src/platform/ec/build/zephyr/quandiso2/build-rw/modules/ec/zephyr/CMakeFiles/ec_shim.dir/shim/src/charger.c.gcno:no functions found
[/mnt/host/source/src/platform/ec/build/zephyr/quandiso2-lcov] stderr:
[deku:ro] [215/382] Building C object zephyr/lib/libc/minimal/CMakeFiles/lib__libc__minimal.dir/source/stdlib/bsearch.c.obj
[deku:ro] [216/382] Building C object zephyr/lib/libc/minimal/CMakeFiles/lib__libc__minimal.dir/source/stdlib/strtoull.c.obj
[deku:ro] [217/382] Building C object zephyr/lib/libc/common/CMakeFiles/lib__libc__common.dir/source/stdlib/abort.c.obj
[deku:ro] [218/382] Building C object zephyr/arch/arch/arm/core/mpu/CMakeFiles/arch__arm__core__mpu.dir/arm_mpu.c.obj
[deku:ro] [219/382] Building C object zephyr/lib/libc/minimal/CMakeFiles/lib__libc__minimal.dir/source/string/strncasecmp.c.obj
[deku:ro] [220/382] Building C object zephyr/lib/libc/minimal/CMakeFiles/lib__libc__minimal.dir/source/string/strstr.c.obj
[deku:ro] [221/382] Linking C static library zephyr/arch/arch/arm/core/mpu/libarch__arm__core__mpu.a
[deku:ro] [222/382] Building C object zephyr/lib/libc/minimal/CMakeFiles/lib__libc__minimal.dir/source/stdlib/qsort.c.obj
[deku:ro] [223/382] Building C object zephyr/lib/libc/minimal/CMakeFiles/lib__libc__minimal.dir/source/string/strerror.c.obj
[deku:ro] [224/382] Building C object zephyr/lib/libc/minimal/CMakeFiles/lib__libc__minimal.dir/source/string/string.c.obj
[deku:ro] [225/382] Building C object zephyr/lib/libc/minimal/CMakeFiles/lib__libc__minimal.dir/source/string/strspn.c.obj
[deku:ro] [226/382] Building C object zephyr/lib/libc/minimal/CMakeFiles/lib__libc__minimal.dir/source/stdlib/exit.c.obj
[deku:ro] [227/382] Building C object zephyr/lib/libc/minimal/CMakeFiles/lib__libc__minimal.dir/source/math/sqrtf.c.obj
[deku:ro] [228/382] Building C object zephyr/lib/libc/minimal/CMakeFiles/lib__libc__minimal.dir/source/math/sqrt.c.obj
[magikarp:rw] [148/390] Building C object zephyr/drivers/gpio/CMakeFiles/drivers__gpio.dir/gpio_kscan_ite_it8xxx2.c.obj
[deku:ro] [229/382] Building C object zephyr/lib/libc/common/CMakeFiles/lib__libc__common.dir/source/time/gmtime_r.c.obj
[magikarp:rw] [149/390] Building C object zephyr/drivers/i2c/CMakeFiles/drivers__i2c.dir/i2c_common.c.obj
[skywalker:rw] [31/362] Building C object CMakeFiles/app.dir/mnt/host/source/src/platform/ec/build/zephyr/skywalker/modules/ec/common/system.c.obj
[magikarp:rw] [150/390] Building C object zephyr/drivers/gpio/CMakeFiles/drivers__gpio.dir/gpio_ite_it8xxx2.c.obj
[/mnt/host/source/src/platform/ec/build/zephyr/joxer-lcov]   /mnt/host/source/src/platform/ec/build/zephyr/joxer/build-ro/zephyr/CMakeFiles/zephyr.dir/lib/utils/last_section_id.c.gcno:no functions found
[/mnt/host/source/src/platform/ec/build/zephyr/joxer-lcov] stderr:
[/mnt/host/source/src/platform/ec/build/zephyr/quandiso2-lcov]   /mnt/host/source/src/platform/ec/build/zephyr/quandiso2/build-rw/modules/ec/zephyr/CMakeFiles/ec_shim.dir/shim/src/usb_muxes.c.gcno:no functions found
[/mnt/host/source/src/platform/ec/build/zephyr/quandiso2-lcov] stderr:
[magikarp:rw] [151/390] Linking C static library zephyr/drivers/gpio/libdrivers__gpio.a
[deku:ro] [230/382] Building C object zephyr/lib/libc/common/CMakeFiles/lib__libc__common.dir/source/time/ctime.c.obj
[magikarp:ro] [33/390] Building C object CMakeFiles/app.dir/mnt/host/source/src/platform/ec/build/zephyr/magikarp/modules/ec/common/battery.c.obj
[deku:ro] [231/382] Building C object zephyr/lib/libc/minimal/CMakeFiles/lib__libc__minimal.dir/source/stdout/stdout_console.c.obj
[deku:ro] [232/382] Building C object zephyr/lib/libc/minimal/CMakeFiles/lib__libc__minimal.dir/source/stdout/fprintf.c.obj
[deku:ro] [233/382] Building C object zephyr/lib/libc/common/CMakeFiles/lib__libc__common.dir/source/time/localtime_r_utc.c.obj
[deku:ro] [234/382] Building C object zephyr/lib/libc/common/CMakeFiles/lib__libc__common.dir/source/time/time.c.obj
[deku:ro] [235/382] Building C object zephyr/lib/libc/minimal/CMakeFiles/lib__libc__minimal.dir/source/stdout/sprintf.c.obj
[deku:ro] [236/382] Building C object zephyr/lib/libc/common/CMakeFiles/lib__libc__common.dir/source/string/strnlen.c.obj
[deku:ro] [237/382] Building C object zephyr/lib/libc/minimal/CMakeFiles/lib__libc__minimal.dir/source/time/gmtime.c.obj
[skywalker:ro] [31/362] Building C object CMakeFiles/app.dir/mnt/host/source/src/platform/ec/build/zephyr/skywalker/modules/ec/common/system.c.obj
[deku:ro] [238/382] Building C object zephyr/lib/posix/c_lib_ext/CMakeFiles/lib__posix__c_lib_ext.dir/fnmatch.c.obj
[deku:ro] [239/382] Building C object zephyr/subsys/crc/CMakeFiles/subsys__crc.dir/crc4_sw.c.obj
[deku:ro] [240/382] Linking C static library zephyr/lib/libc/minimal/liblib__libc__minimal.a
[deku:ro] [241/382] Building C object zephyr/subsys/crc/CMakeFiles/subsys__crc.dir/crc8_sw.c.obj
[deku:ro] [242/382] Building C object zephyr/subsys/crc/CMakeFiles/subsys__crc.dir/crc16_sw.c.obj
[deku:ro] [243/382] Building C object zephyr/subsys/crc/CMakeFiles/subsys__crc.dir/crc7_sw.c.obj
[deku:ro] [244/382] Building C object zephyr/subsys/crc/CMakeFiles/subsys__crc.dir/crc24_sw.c.obj
[deku:ro] [245/382] Building C object zephyr/subsys/crc/CMakeFiles/subsys__crc.dir/crc32c_sw.c.obj
[magikarp:rw] [152/390] Building C object zephyr/drivers/i2c/CMakeFiles/drivers__i2c.dir/i2c_bitbang.c.obj
[deku:ro] [246/382] Building C object zephyr/subsys/crc/CMakeFiles/subsys__crc.dir/crc32k_4_2_sw.c.obj
[deku:ro] [247/382] Building C object zephyr/subsys/crc/CMakeFiles/subsys__crc.dir/crc32_sw.c.obj
[magikarp:rw] [153/390] Building C object zephyr/drivers/i2c/CMakeFiles/drivers__i2c.dir/i2c_shell.c.obj
[deku:ro] [248/382] Linking C static library zephyr/subsys/crc/libsubsys__crc.a
[deku:ro] [249/382] Building C object zephyr/lib/libc/common/CMakeFiles/lib__libc__common.dir/source/stdlib/malloc.c.obj
[skywalker:rw] [32/362] Building C object CMakeFiles/app.dir/mnt/host/source/src/platform/ec/build/zephyr/skywalker/modules/ec/common/system_boot_time.c.obj
[deku:ro] [250/382] Linking C static library zephyr/lib/libc/common/liblib__libc__common.a
[deku:ro] [251/382] Building C object zephyr/lib/posix/c_lib_ext/CMakeFiles/lib__posix__c_lib_ext.dir/getopt_shim.c.obj
[deku:ro] [252/382] Building C object zephyr/lib/posix/c_lib_ext/CMakeFiles/lib__posix__c_lib_ext.dir/getentropy.c.obj
[magikarp:rw] [154/390] Building C object zephyr/drivers/i2c/CMakeFiles/drivers__i2c.dir/i2c_ite_enhance.c.obj
[magikarp:ro] [34/390] Building C object CMakeFiles/app.dir/mnt/host/source/src/platform/ec/build/zephyr/magikarp/modules/ec/common/battery_info.c.obj
[deku:ro] [253/382] Linking C static library zephyr/lib/posix/c_lib_ext/liblib__posix__c_lib_ext.a
[skywalker:ro] [32/362] Building C object CMakeFiles/app.dir/mnt/host/source/src/platform/ec/build/zephyr/skywalker/modules/ec/common/system_boot_time.c.obj
[deku:ro] [254/382] Building C object zephyr/drivers/adc/CMakeFiles/drivers__adc.dir/adc_common.c.obj
[magikarp:rw] [155/390] Building C object zephyr/drivers/pinctrl/CMakeFiles/drivers__pinctrl.dir/common.c.obj
[deku:ro] [255/382] Building C object zephyr/drivers/interrupt_controller/CMakeFiles/drivers__interrupt_controller.dir/intc_miwu.c.obj
[deku:ro] [256/382] Linking C static library zephyr/drivers/interrupt_controller/libdrivers__interrupt_controller.a
[deku:ro] [257/382] Building C object zephyr/drivers/bbram/CMakeFiles/drivers__bbram.dir/bbram_npcx.c.obj
[deku:ro] [258/382] Building C object zephyr/drivers/adc/CMakeFiles/drivers__adc.dir/adc_npcx.c.obj
[magikarp:rw] [156/390] Building C object zephyr/drivers/i2c/CMakeFiles/drivers__i2c.dir/i2c_ite_it8xxx2.c.obj
[deku:ro] [259/382] Linking C static library zephyr/drivers/bbram/libdrivers__bbram.a
[deku:ro] [260/382] Linking C static library zephyr/drivers/adc/libdrivers__adc.a
[magikarp:rw] [157/390] Linking C static library zephyr/drivers/i2c/libdrivers__i2c.a
[deku:ro] [261/382] Building C object zephyr/drivers/clock_control/CMakeFiles/drivers__clock_control.dir/clock_control_npcx.c.obj
[deku:ro] [262/382] Linking C static library zephyr/drivers/clock_control/libdrivers__clock_control.a
[skywalker:rw] [33/362] Building C object CMakeFiles/app.dir/mnt/host/source/src/platform/ec/build/zephyr/skywalker/modules/ec/common/uart_printf.c.obj
[deku:ro] [263/382] Building C object zephyr/drivers/console/CMakeFiles/drivers__console.dir/uart_console.c.obj
[magikarp:rw] [158/390] Building C object zephyr/drivers/pinctrl/CMakeFiles/drivers__pinctrl.dir/pinctrl_ite_it8xxx2.c.obj
[deku:ro] [264/382] Linking C static library zephyr/drivers/console/libdrivers__console.a
[magikarp:rw] [159/390] Building C object zephyr/drivers/pwm/CMakeFiles/drivers__pwm.dir/pwm_shell.c.obj
[magikarp:rw] [160/390] Linking C static library zephyr/drivers/pinctrl/libdrivers__pinctrl.a
[deku:ro] [265/382] Building C object zephyr/drivers/eeprom/CMakeFiles/drivers__eeprom.dir/eeprom_shell.c.obj
[magikarp:ro] [35/390] Building C object CMakeFiles/app.dir/mnt/host/source/src/platform/ec/build/zephyr/magikarp/modules/ec/common/battery_fuel_gauge.c.obj
[skywalker:ro] [33/362] Building C object CMakeFiles/app.dir/mnt/host/source/src/platform/ec/build/zephyr/skywalker/modules/ec/common/uart_printf.c.obj
[deku:ro] [266/382] Building C object zephyr/drivers/eeprom/CMakeFiles/drivers__eeprom.dir/eeprom_at2x.c.obj
[deku:ro] [267/382] Linking C static library zephyr/drivers/eeprom/libdrivers__eeprom.a
[deku:ro] [268/382] Building C object zephyr/drivers/espi/CMakeFiles/drivers__espi.dir/espi_npcx.c.obj
[deku:ro] [269/382] Building C object zephyr/drivers/flash/CMakeFiles/drivers__flash.dir/jesd216.c.obj
[magikarp:rw] [161/390] Building C object zephyr/drivers/pwm/CMakeFiles/drivers__pwm.dir/pwm_ite_it8xxx2.c.obj
[deku:ro] [270/382] Building C object zephyr/drivers/espi/CMakeFiles/drivers__espi.dir/host_subs_npcx.c.obj
[magikarp:rw] [162/390] Linking C static library zephyr/drivers/pwm/libdrivers__pwm.a
[deku:ro] [271/382] Linking C static library zephyr/drivers/espi/libdrivers__espi.a
[skywalker:rw] [34/362] Building C object CMakeFiles/app.dir/mnt/host/source/src/platform/ec/build/zephyr/skywalker/modules/ec/common/util.c.obj
[deku:ro] [272/382] Building C object zephyr/drivers/flash/CMakeFiles/drivers__flash.dir/flash_npcx_fiu_nor.c.obj
[deku:ro] [273/382] Building C object zephyr/drivers/flash/CMakeFiles/drivers__flash.dir/flash_npcx_fiu_qspi.c.obj
[magikarp:rw] [163/390] Building C object zephyr/drivers/serial/CMakeFiles/drivers__serial.dir/uart_ite_it8xxx2.c.obj
[deku:ro] [274/382] Linking C static library zephyr/drivers/flash/libdrivers__flash.a
[magikarp:rw] [164/390] Building C object zephyr/drivers/serial/CMakeFiles/drivers__serial.dir/uart_ns16550.c.obj
[magikarp:rw] [165/390] Linking C static library zephyr/drivers/serial/libdrivers__serial.a
[skywalker:ro] [34/362] Building C object CMakeFiles/app.dir/mnt/host/source/src/platform/ec/build/zephyr/skywalker/modules/ec/common/util.c.obj
[deku:ro] [275/382] Building C object zephyr/drivers/i2c/CMakeFiles/drivers__i2c.dir/i2c_common.c.obj
[magikarp:rw] [166/390] Building C object zephyr/drivers/timer/CMakeFiles/drivers__timer.dir/sys_clock_init.c.obj
[magikarp:ro] [36/390] Building C object CMakeFiles/app.dir/mnt/host/source/src/platform/ec/build/zephyr/magikarp/modules/ec/driver/battery/smart.c.obj
[deku:ro] [276/382] Building C object zephyr/drivers/gpio/CMakeFiles/drivers__gpio.dir/gpio_npcx.c.obj
[deku:ro] [277/382] Linking C static library zephyr/drivers/gpio/libdrivers__gpio.a
[deku:ro] [278/382] Building C object zephyr/drivers/i2c/CMakeFiles/drivers__i2c.dir/i2c_npcx_controller.c.obj
[deku:ro] [279/382] Building C object zephyr/drivers/i2c/CMakeFiles/drivers__i2c.dir/i2c_shell.c.obj
[deku:ro] [280/382] Building C object zephyr/drivers/pinctrl/CMakeFiles/drivers__pinctrl.dir/common.c.obj
[deku:ro] [281/382] Building C object zephyr/drivers/i2c/CMakeFiles/drivers__i2c.dir/i2c_npcx_controller_fifo.c.obj
[magikarp:rw] [167/390] Building C object zephyr/drivers/timer/CMakeFiles/drivers__timer.dir/ite_it8xxx2_timer.c.obj
[deku:ro] [282/382] Building C object zephyr/drivers/sensor/CMakeFiles/drivers__sensor.dir/mnt/host/source/src/third_party/zephyr/main/misc/empty_file.c.obj
[deku:ro] [283/382] Linking C static library zephyr/drivers/sensor/libdrivers__sensor.a
[deku:ro] [284/382] Building C object zephyr/drivers/i2c/CMakeFiles/drivers__i2c.dir/i2c_npcx_port.c.obj
[skywalker:rw] [35/362] Building C object CMakeFiles/app.dir/mnt/host/source/src/platform/ec/build/zephyr/skywalker/modules/ec/common/version.c.obj
[magikarp:rw] [168/390] Linking C static library zephyr/drivers/timer/libdrivers__timer.a
[deku:ro] [285/382] Linking C static library zephyr/drivers/i2c/libdrivers__i2c.a
[magikarp:rw] [169/390] Building C object zephyr/drivers/watchdog/CMakeFiles/drivers__watchdog.dir/wdt_ite_it8xxx2.c.obj
[deku:ro] [286/382] Building C object zephyr/drivers/pinctrl/CMakeFiles/drivers__pinctrl.dir/pinctrl_npcx.c.obj
[magikarp:rw] [170/390] Building C object zephyr/drivers/watchdog/CMakeFiles/drivers__watchdog.dir/wdt_shell.c.obj
[deku:ro] [287/382] Linking C static library zephyr/drivers/pinctrl/libdrivers__pinctrl.a
[magikarp:rw] [171/390] Linking C static library zephyr/drivers/watchdog/libdrivers__watchdog.a
[skywalker:ro] [35/362] Building C object CMakeFiles/app.dir/mnt/host/source/src/platform/ec/build/zephyr/skywalker/modules/ec/common/version.c.obj
[deku:ro] [288/382] Building C object zephyr/drivers/pwm/CMakeFiles/drivers__pwm.dir/pwm_npcx.c.obj
[magikarp:ro] [37/390] Building C object CMakeFiles/app.dir/mnt/host/source/src/platform/ec/build/zephyr/magikarp/modules/ec/driver/bc12/pi3usb9201.c.obj
[deku:ro] [289/382] Building C object zephyr/drivers/pwm/CMakeFiles/drivers__pwm.dir/pwm_shell.c.obj
[/mnt/host/source/src/platform/ec/build/zephyr/grogu-lcov]   /mnt/host/source/src/platform/ec/build/zephyr/grogu/build-rw/CMakeFiles/app.dir/mnt/host/source/src/platform/ec/build/zephyr/grogu/modules/ec/common/cbi_config.c.gcno:no functions found
[/mnt/host/source/src/platform/ec/build/zephyr/grogu-lcov] stderr:
[deku:ro] [290/382] Linking C static library zephyr/drivers/pwm/libdrivers__pwm.a
[deku:ro] [291/382] Building C object zephyr/drivers/syscon/CMakeFiles/drivers__syscon.dir/syscon.c.obj
[deku:ro] [292/382] Building C object zephyr/drivers/sensor/nuvoton/nuvoton_tach_npcx/CMakeFiles/drivers__sensor__nuvoton__nuvoton_tach_npcx.dir/tach_nuvoton_npcx.c.obj
[/mnt/host/source/src/platform/ec/build/zephyr/quandiso2-lcov]   /mnt/host/source/src/platform/ec/build/zephyr/quandiso2/build-rw/modules/ec/zephyr/CMakeFiles/ec_shim.dir/shim/src/usba.c.gcno:no functions found
[/mnt/host/source/src/platform/ec/build/zephyr/quandiso2-lcov] stderr:
[deku:ro] [293/382] Linking C static library zephyr/drivers/syscon/libdrivers__syscon.a
[deku:ro] [294/382] Linking C static library zephyr/drivers/sensor/nuvoton/nuvoton_tach_npcx/libdrivers__sensor__nuvoton__nuvoton_tach_npcx.a
[deku:ro] [295/382] Building C object zephyr/drivers/serial/CMakeFiles/drivers__serial.dir/uart_npcx.c.obj
[deku:ro] [296/382] Building C object zephyr/drivers/timer/CMakeFiles/drivers__timer.dir/sys_clock_init.c.obj
[deku:ro] [297/382] Linking C static library zephyr/drivers/serial/libdrivers__serial.a
[magikarp:rw] [172/390] Building C object modules/ec/zephyr/CMakeFiles/ec_shim.dir/app/ec/main_shim.c.obj
[skywalker:rw] [36/362] Building C object CMakeFiles/app.dir/mnt/host/source/src/platform/ec/build/zephyr/skywalker/modules/ec/driver/accel_bma4xx.c.obj
[deku:ro] [298/382] Building C object zephyr/drivers/timer/CMakeFiles/drivers__timer.dir/npcx_itim_timer.c.obj
[magikarp:rw] [173/390] Building C object modules/ec/zephyr/CMakeFiles/ec_shim.dir/app/ec/ec_app_main.c.obj
[deku:ro] [299/382] Building C object zephyr/drivers/watchdog/CMakeFiles/drivers__watchdog.dir/wdt_npcx.c.obj
[deku:ro] [300/382] Linking C static library zephyr/drivers/timer/libdrivers__timer.a
[/mnt/host/source/src/platform/ec/build/zephyr/grogu-lcov]   /mnt/host/source/src/platform/ec/build/zephyr/grogu/build-rw/zephyr/arch/arch/riscv/core/CMakeFiles/arch__riscv__core.dir/cpu_idle.c.gcno:no functions found
[/mnt/host/source/src/platform/ec/build/zephyr/grogu-lcov] stderr:
[skywalker:ro] [36/362] Building C object CMakeFiles/app.dir/mnt/host/source/src/platform/ec/build/zephyr/skywalker/modules/ec/driver/accel_bma4xx.c.obj
[magikarp:rw] [174/390] Building C object modules/ec/zephyr/CMakeFiles/ec_shim.dir/drivers/cros_flash/cros_flash_it8xxx2.c.obj
[deku:ro] [301/382] Building C object zephyr/drivers/watchdog/CMakeFiles/drivers__watchdog.dir/wdt_shell.c.obj
[magikarp:ro] [38/390] Building C object CMakeFiles/app.dir/mnt/host/source/src/platform/ec/build/zephyr/magikarp/modules/ec/driver/charger/rt9490.c.obj
[deku:ro] [302/382] Building C object modules/ec/zephyr/CMakeFiles/ec_shim.dir/app/ec/main_shim.c.obj
[deku:ro] [303/382] Linking C static library zephyr/drivers/watchdog/libdrivers__watchdog.a
[deku:ro] [304/382] Building C object modules/ec/zephyr/CMakeFiles/ec_shim.dir/app/ec/ec_app_main.c.obj
[deku:ro] [305/382] Building C object modules/ec/zephyr/CMakeFiles/ec_shim.dir/drivers/cros_flash/cros_flash_npcx.c.obj
[magikarp:rw] [175/390] Building C object modules/ec/zephyr/CMakeFiles/ec_shim.dir/drivers/cros_kb_raw/cros_kb_raw_ite.c.obj
[deku:ro] [306/382] Building C object modules/ec/zephyr/CMakeFiles/ec_shim.dir/drivers/cros_system/cros_system_npcx.c.obj
[deku:ro] [307/382] Building C object modules/ec/zephyr/CMakeFiles/ec_shim.dir/shim/chip/npcx/clock.c.obj
[skywalker:rw] [37/362] Building C object CMakeFiles/app.dir/mnt/host/source/src/platform/ec/build/zephyr/skywalker/modules/ec/driver/accel_lis2dw12.c.obj
[deku:ro] [308/382] Building C object modules/ec/zephyr/CMakeFiles/ec_shim.dir/shim/chip/npcx/gpio.c.obj
[magikarp:rw] [176/390] Building C object modules/ec/zephyr/CMakeFiles/ec_shim.dir/drivers/cros_shi/cros_shi_it8xxx2.c.obj
[magikarp:rw] [177/390] Building C object modules/ec/zephyr/CMakeFiles/ec_shim.dir/drivers/cros_system/cros_system_it8xxx2.c.obj
[skywalker:ro] [37/362] Building C object CMakeFiles/app.dir/mnt/host/source/src/platform/ec/build/zephyr/skywalker/modules/ec/driver/accel_lis2dw12.c.obj
[deku:ro] [309/382] Building C object modules/ec/zephyr/CMakeFiles/ec_shim.dir/shim/chip/npcx/rom_chip.c.obj
[magikarp:ro] [39/390] Building C object CMakeFiles/app.dir/mnt/host/source/src/platform/ec/build/zephyr/magikarp/modules/ec/common/charger.c.obj
[/mnt/host/source/src/platform/ec/build/zephyr/grogu-lcov]   /mnt/host/source/src/platform/ec/build/zephyr/grogu/build-rw/zephyr/arch/common/CMakeFiles/isr_tables.dir/isr_tables.c.gcno:no functions found
[/mnt/host/source/src/platform/ec/build/zephyr/grogu-lcov] stderr:
[deku:ro] [310/382] Building C object modules/ec/zephyr/CMakeFiles/ec_shim.dir/shim/chip/npcx/system.c.obj
[deku:ro] [311/382] Building C object modules/ec/zephyr/CMakeFiles/ec_shim.dir/shim/src/crc.c.obj
[deku:ro] [312/382] Building C object modules/ec/zephyr/CMakeFiles/ec_shim.dir/shim/chip/npcx/system_external_storage.c.obj
[magikarp:rw] [178/390] Building C object modules/ec/zephyr/CMakeFiles/ec_shim.dir/shim/chip/it8xxx2/clock.c.obj
[deku:ro] [313/382] Building C object modules/ec/zephyr/CMakeFiles/ec_shim.dir/shim/core/cortex-m/mpu.c.obj
[deku:ro] [314/382] Building C object modules/ec/zephyr/CMakeFiles/ec_shim.dir/shim/core/cortex-m/panic.c.obj
[deku:ro] [315/382] Building C object modules/ec/zephyr/CMakeFiles/ec_shim.dir/shim/chip/npcx/power_policy.c.obj
[skywalker:rw] [38/362] Building C object CMakeFiles/app.dir/mnt/host/source/src/platform/ec/build/zephyr/skywalker/modules/ec/driver/accelgyro_bmi_common.c.obj
[deku:ro] [316/382] Building C object modules/ec/zephyr/CMakeFiles/ec_shim.dir/shim/src/console.c.obj
[magikarp:rw] [179/390] Building C object modules/ec/zephyr/CMakeFiles/ec_shim.dir/shim/chip/it8xxx2/system.c.obj
[skywalker:ro] [38/362] Building C object CMakeFiles/app.dir/mnt/host/source/src/platform/ec/build/zephyr/skywalker/modules/ec/driver/accelgyro_bmi_common.c.obj
[magikarp:ro] [40/390] Building C object CMakeFiles/app.dir/mnt/host/source/src/platform/ec/build/zephyr/magikarp/modules/ec/common/charge_state.c.obj
[magikarp:rw] [180/390] Building C object modules/ec/zephyr/CMakeFiles/ec_shim.dir/shim/chip/it8xxx2/gpio.c.obj
[deku:ro] [317/382] Building C object modules/ec/zephyr/CMakeFiles/ec_shim.dir/shim/src/panic_utils.c.obj
[magikarp:rw] [181/390] Building C object modules/ec/zephyr/CMakeFiles/ec_shim.dir/shim/chip/it8xxx2/keyboard_raw.c.obj
[deku:ro] [318/382] Building C object modules/ec/zephyr/CMakeFiles/ec_shim.dir/shim/src/gpio_int.c.obj
[deku:ro] [319/382] Building C object modules/ec/zephyr/CMakeFiles/ec_shim.dir/shim/src/cbi/cros_cbi.c.obj
[deku:ro] [320/382] Building C object modules/ec/zephyr/CMakeFiles/ec_shim.dir/shim/src/pm_state.c.obj
[deku:ro] [321/382] Building C object modules/ec/zephyr/CMakeFiles/ec_shim.dir/shim/src/gpio.c.obj
[deku:ro] [322/382] Building C object modules/ec/zephyr/CMakeFiles/ec_shim.dir/shim/src/cbi/cbi_eeprom.c.obj
[skywalker:rw] [39/362] Building C object CMakeFiles/app.dir/mnt/host/source/src/platform/ec/build/zephyr/skywalker/modules/ec/driver/accelgyro_bmi3xx.c.obj
[deku:ro] [323/382] Building ASM object modules/ec/zephyr/CMakeFiles/ec_shim.dir/shim/src/libgcc_arm.S.obj
[magikarp:rw] [182/390] Building C object modules/ec/zephyr/CMakeFiles/ec_shim.dir/shim/chip/it8xxx2/power_policy.c.obj
[deku:ro] [324/382] Building C object modules/ec/zephyr/CMakeFiles/ec_shim.dir/shim/src/cbi/cbi_flash.c.obj
[magikarp:rw] [183/390] Building C object modules/ec/zephyr/CMakeFiles/ec_shim.dir/shim/src/crc.c.obj
[magikarp:rw] [184/390] Building C object modules/ec/zephyr/CMakeFiles/ec_shim.dir/shim/chip/it8xxx2/shi.c.obj
[skywalker:ro] [39/362] Building C object CMakeFiles/app.dir/mnt/host/source/src/platform/ec/build/zephyr/skywalker/modules/ec/driver/accelgyro_bmi3xx.c.obj
[magikarp:rw] [185/390] Building C object modules/ec/zephyr/CMakeFiles/ec_shim.dir/shim/src/console.c.obj
[magikarp:ro] [41/390] Building C object CMakeFiles/app.dir/mnt/host/source/src/platform/ec/build/zephyr/magikarp/modules/ec/common/charge_manager.c.obj
[deku:ro] [325/382] Building C object modules/ec/zephyr/CMakeFiles/ec_shim.dir/shim/src/led_driver/led_gpio.c.obj
[deku:ro] [326/382] Building C object modules/ec/zephyr/CMakeFiles/ec_shim.dir/shim/src/led_driver/led.c.obj
[deku:ro] [327/382] Building C object modules/ec/zephyr/CMakeFiles/ec_shim.dir/shim/src/system.c.obj
[deku:ro] [328/382] Building C object modules/ec/zephyr/CMakeFiles/ec_shim.dir/shim/src/adc.c.obj
[deku:ro] [329/382] Building C object modules/ec/zephyr/CMakeFiles/ec_shim.dir/shim/src/chipset_api.c.obj
[/mnt/host/source/src/platform/ec/build/zephyr/joxer-lcov]   /mnt/host/source/src/platform/ec/build/zephyr/joxer/build-ro/zephyr/CMakeFiles/zephyr.dir/soc/ite/ec/it8xxx2/check_regs.c.gcno:no functions found
[/mnt/host/source/src/platform/ec/build/zephyr/joxer-lcov] stderr:
[skywalker:rw] [40/362] Building C object CMakeFiles/app.dir/mnt/host/source/src/platform/ec/build/zephyr/skywalker/modules/ec/common/motion_sense_fifo.c.obj
[deku:ro] [330/382] Building C object modules/ec/zephyr/CMakeFiles/ec_shim.dir/shim/src/espi.c.obj
[magikarp:rw] [186/390] Building C object modules/ec/zephyr/CMakeFiles/ec_shim.dir/shim/src/gpio.c.obj
[magikarp:rw] [187/390] Building C object modules/ec/zephyr/CMakeFiles/ec_shim.dir/shim/src/panic_utils.c.obj
[magikarp:rw] [188/390] Building C object modules/ec/zephyr/CMakeFiles/ec_shim.dir/shim/src/gpio_int.c.obj
[skywalker:ro] [40/362] Building C object CMakeFiles/app.dir/mnt/host/source/src/platform/ec/build/zephyr/skywalker/modules/ec/common/motion_sense_fifo.c.obj
[deku:ro] [331/382] Building C object modules/ec/zephyr/CMakeFiles/ec_shim.dir/shim/src/fan.c.obj
[magikarp:ro] [42/390] Building C object CMakeFiles/app.dir/mnt/host/source/src/platform/ec/build/zephyr/magikarp/modules/ec/common/charge_ramp.c.obj
[deku:ro] [332/382] Building C object modules/ec/zephyr/CMakeFiles/ec_shim.dir/shim/src/flash.c.obj
[deku:ro] [333/382] Building C object modules/ec/zephyr/CMakeFiles/ec_shim.dir/shim/src/hooks.c.obj
[deku:ro] [334/382] Building C object modules/ec/zephyr/CMakeFiles/ec_shim.dir/shim/src/mkbp_event.c.obj
[deku:ro] [335/382] Building C object modules/ec/zephyr/CMakeFiles/ec_shim.dir/shim/src/host_command.c.obj
[deku:ro] [336/382] Building C object modules/ec/zephyr/CMakeFiles/ec_shim.dir/shim/src/console_buffer.c.obj
[deku:ro] [337/382] Building C object modules/ec/zephyr/CMakeFiles/ec_shim.dir/shim/src/panic.c.obj
[skywalker:rw] [41/362] Building C object CMakeFiles/app.dir/mnt/host/source/src/platform/ec/build/zephyr/skywalker/modules/ec/common/adc.c.obj
[magikarp:rw] [189/390] Building C object modules/ec/zephyr/CMakeFiles/ec_shim.dir/shim/src/cbi/cros_cbi.c.obj
[magikarp:rw] [190/390] Building C object modules/ec/zephyr/CMakeFiles/ec_shim.dir/shim/src/pm_state.c.obj
[magikarp:rw] [191/390] Building C object modules/ec/zephyr/CMakeFiles/ec_shim.dir/shim/src/cbi/cros_cbi_fw_config.c.obj
[magikarp:ro] [43/390] Building C object CMakeFiles/app.dir/mnt/host/source/src/platform/ec/build/zephyr/magikarp/modules/ec/common/cbi_common.c.obj
[skywalker:ro] [41/362] Building C object CMakeFiles/app.dir/mnt/host/source/src/platform/ec/build/zephyr/skywalker/modules/ec/common/adc.c.obj
[deku:ro] [338/382] Building C object modules/ec/zephyr/CMakeFiles/ec_shim.dir/shim/src/hwtimer.c.obj
[deku:ro] [339/382] Building C object modules/ec/zephyr/CMakeFiles/ec_shim.dir/shim/src/temp_sensors.c.obj
[/mnt/host/source/src/platform/ec/build/zephyr/grogu-lcov]   /mnt/host/source/src/platform/ec/build/zephyr/grogu/build-rw/zephyr/CMakeFiles/zephyr.dir/subsys/shell/modules/kernel_service/kernel_shell.c.gcno:no functions found
[/mnt/host/source/src/platform/ec/build/zephyr/grogu-lcov] stderr:
[deku:ro] [340/382] Building C object modules/ec/zephyr/CMakeFiles/ec_shim.dir/shim/src/thermal.c.obj
[deku:ro] [341/382] Building C object modules/ec/zephyr/CMakeFiles/ec_shim.dir/shim/src/i2c.c.obj
[deku:ro] [342/382] Building C object modules/ec/zephyr/CMakeFiles/ec_shim.dir/shim/src/watchdog.c.obj
[deku:ro] [343/382] Building C object modules/ec/zephyr/CMakeFiles/ec_shim.dir/shim/src/tasks.c.obj
[/mnt/host/source/src/platform/ec/build/zephyr/grogu-lcov]   /mnt/host/source/src/platform/ec/build/zephyr/grogu/build-rw/zephyr/CMakeFiles/zephyr.dir/lib/libc/validate_libc.c.gcno:no functions found
[/mnt/host/source/src/platform/ec/build/zephyr/grogu-lcov] stderr:
[magikarp:rw] [192/390] Building C object modules/ec/zephyr/CMakeFiles/ec_shim.dir/shim/src/cbi/cbi_eeprom.c.obj
[deku:ro] [344/382] Building C object modules/ec/zephyr/CMakeFiles/ec_shim.dir/shim/src/ppc.c.obj
[magikarp:rw] [193/390] Building C object modules/ec/zephyr/CMakeFiles/ec_shim.dir/shim/src/led_driver/led_pwm.c.obj
[magikarp:rw] [194/390] Building C object modules/ec/zephyr/CMakeFiles/ec_shim.dir/shim/src/led_driver/led.c.obj
[skywalker:rw] [42/362] Building C object CMakeFiles/app.dir/mnt/host/source/src/platform/ec/build/zephyr/skywalker/modules/ec/common/battery.c.obj
[magikarp:ro] [44/390] Building C object CMakeFiles/app.dir/mnt/host/source/src/platform/ec/build/zephyr/magikarp/modules/ec/common/cbi.c.obj
[skywalker:ro] [42/362] Building C object CMakeFiles/app.dir/mnt/host/source/src/platform/ec/build/zephyr/skywalker/modules/ec/common/battery.c.obj
[deku:ro] [345/382] Building C object modules/ec/zephyr/CMakeFiles/ec_shim.dir/shim/src/usba.c.obj
[deku:ro] [346/382] Building C object zephyr/kernel/CMakeFiles/kernel.dir/main_weak.c.obj
[deku:ro] [347/382] Building C object modules/ec/zephyr/CMakeFiles/ec_shim.dir/shim/src/power_host_sleep_api.c.obj
[deku:ro] [348/382] Building C object zephyr/kernel/CMakeFiles/kernel.dir/banner.c.obj
[deku:ro] [349/382] Building C object modules/ec/zephyr/CMakeFiles/ec_shim.dir/shim/src/usb_muxes.c.obj
[deku:ro] [350/382] Building C object modules/ec/zephyr/CMakeFiles/ec_shim.dir/shim/src/bb_retimer_usb_mux.c.obj
[deku:ro] [351/382] Linking C static library modules/ec/zephyr/libec_shim.a
[deku:ro] [352/382] Building C object zephyr/kernel/CMakeFiles/kernel.dir/busy_wait.c.obj
[magikarp:rw] [195/390] Building C object modules/ec/zephyr/CMakeFiles/ec_shim.dir/shim/src/battery.c.obj
[magikarp:rw] [196/390] Building C object modules/ec/zephyr/CMakeFiles/ec_shim.dir/shim/src/adc.c.obj
[magikarp:rw] [197/390] Building C object modules/ec/zephyr/CMakeFiles/ec_shim.dir/shim/src/system.c.obj
[magikarp:ro] [45/390] Building C object CMakeFiles/app.dir/mnt/host/source/src/platform/ec/build/zephyr/magikarp/modules/ec/common/cbi_config.c.obj
[deku:ro] [353/382] Building C object zephyr/kernel/CMakeFiles/kernel.dir/device.c.obj
[deku:ro] [354/382] Building C object zephyr/kernel/CMakeFiles/kernel.dir/errno.c.obj
[skywalker:rw] [43/362] Building C object CMakeFiles/app.dir/mnt/host/source/src/platform/ec/build/zephyr/skywalker/modules/ec/common/battery_info.c.obj
[deku:ro] [355/382] Building C object zephyr/kernel/CMakeFiles/kernel.dir/version.c.obj
[/mnt/host/source/src/platform/ec/build/zephyr/grogu-lcov]   /mnt/host/source/src/platform/ec/build/zephyr/grogu/build-rw/zephyr/CMakeFiles/zephyr.dir/lib/utils/last_section_id.c.gcno:no functions found
[/mnt/host/source/src/platform/ec/build/zephyr/grogu-lcov] stderr:
[deku:ro] [356/382] Building C object zephyr/kernel/CMakeFiles/kernel.dir/fatal.c.obj
[skywalker:ro] [43/362] Building C object CMakeFiles/app.dir/mnt/host/source/src/platform/ec/build/zephyr/skywalker/modules/ec/common/battery_info.c.obj
[deku:ro] [357/382] Building C object zephyr/kernel/CMakeFiles/kernel.dir/init.c.obj
[deku:ro] [358/382] Building C object zephyr/kernel/CMakeFiles/kernel.dir/kheap.c.obj
[deku:ro] [359/382] Building C object zephyr/kernel/CMakeFiles/kernel.dir/float.c.obj
[deku:ro] [360/382] Building C object zephyr/kernel/CMakeFiles/kernel.dir/mem_slab.c.obj
[magikarp:rw] [198/390] Building C object modules/ec/zephyr/CMakeFiles/ec_shim.dir/shim/src/chg_rt9490.c.obj
[magikarp:rw] [199/390] Building C object modules/ec/zephyr/CMakeFiles/ec_shim.dir/shim/src/bc12_rt9490.c.obj
[magikarp:rw] [200/390] Building C object modules/ec/zephyr/CMakeFiles/ec_shim.dir/shim/src/charger.c.obj
[magikarp:ro] [46/390] Building C object CMakeFiles/app.dir/mnt/host/source/src/platform/ec/build/zephyr/magikarp/modules/ec/common/memory_commands.c.obj
[deku:ro] [361/382] Building C object zephyr/kernel/CMakeFiles/kernel.dir/idle.c.obj
[deku:ro] [362/382] Building C object zephyr/kernel/CMakeFiles/kernel.dir/mailbox.c.obj
[deku:ro] [363/382] Building C object zephyr/kernel/CMakeFiles/kernel.dir/msg_q.c.obj
[deku:ro] [364/382] Building C object zephyr/kernel/CMakeFiles/kernel.dir/queue.c.obj
[skywalker:rw] [44/362] Building C object CMakeFiles/app.dir/mnt/host/source/src/platform/ec/build/zephyr/skywalker/modules/ec/common/battery_fuel_gauge.c.obj
[deku:ro] [365/382] Building C object zephyr/kernel/CMakeFiles/kernel.dir/mutex.c.obj
[skywalker:ro] [44/362] Building C object CMakeFiles/app.dir/mnt/host/source/src/platform/ec/build/zephyr/skywalker/modules/ec/common/battery_fuel_gauge.c.obj
[deku:ro] [366/382] Building C object zephyr/kernel/CMakeFiles/kernel.dir/sem.c.obj
[deku:ro] [367/382] Building C object zephyr/kernel/CMakeFiles/kernel.dir/stack.c.obj
[magikarp:rw] [201/390] Building C object modules/ec/zephyr/CMakeFiles/ec_shim.dir/shim/src/flash.c.obj
[deku:ro] [368/382] Building C object zephyr/kernel/CMakeFiles/kernel.dir/system_work_q.c.obj
[magikarp:rw] [202/390] Building C object modules/ec/zephyr/CMakeFiles/ec_shim.dir/shim/src/host_command.c.obj
[magikarp:rw] [203/390] Building C object modules/ec/zephyr/CMakeFiles/ec_shim.dir/shim/src/hooks.c.obj
[magikarp:ro] [47/390] Building C object CMakeFiles/app.dir/mnt/host/source/src/platform/ec/build/zephyr/magikarp/modules/ec/common/chipset.c.obj
[deku:ro] [369/382] Building C object zephyr/kernel/CMakeFiles/kernel.dir/thread.c.obj
[deku:ro] [370/382] Building C object zephyr/kernel/CMakeFiles/kernel.dir/condvar.c.obj
[deku:ro] [371/382] Building C object zephyr/kernel/CMakeFiles/kernel.dir/sched.c.obj
[deku:ro] [372/382] Building C object zephyr/kernel/CMakeFiles/kernel.dir/work.c.obj
[deku:ro] [373/382] Building C object zephyr/kernel/CMakeFiles/kernel.dir/pipe.c.obj
[deku:ro] [374/382] Building C object zephyr/kernel/CMakeFiles/kernel.dir/spinlock_validate.c.obj
[skywalker:rw] [45/362] Building C object CMakeFiles/app.dir/mnt/host/source/src/platform/ec/build/zephyr/skywalker/modules/ec/driver/battery/smart.c.obj
[skywalker:ro] [45/362] Building C object CMakeFiles/app.dir/mnt/host/source/src/platform/ec/build/zephyr/skywalker/modules/ec/driver/battery/smart.c.obj
[deku:ro] [375/382] Building C object zephyr/kernel/CMakeFiles/kernel.dir/thread_monitor.c.obj
[/mnt/host/source/src/platform/ec/build/zephyr/joxer-lcov]   /mnt/host/source/src/platform/ec/build/zephyr/joxer/build-ro/zephyr/drivers/sensor/CMakeFiles/drivers__sensor.dir/mnt/host/source/src/third_party/zephyr/main/misc/empty_file.c.gcno:no functions found
[/mnt/host/source/src/platform/ec/build/zephyr/joxer-lcov] stderr:
[magikarp:rw] [204/390] Building C object modules/ec/zephyr/CMakeFiles/ec_shim.dir/shim/src/console_buffer.c.obj
[magikarp:rw] [205/390] Building C object modules/ec/zephyr/CMakeFiles/ec_shim.dir/shim/src/keyboard_raw.c.obj
[magikarp:rw] [206/390] Building C object modules/ec/zephyr/CMakeFiles/ec_shim.dir/shim/src/keyscan.c.obj
[deku:ro] [376/382] Building C object zephyr/kernel/CMakeFiles/kernel.dir/timeout.c.obj
[magikarp:ro] [48/390] Building C object CMakeFiles/app.dir/mnt/host/source/src/platform/ec/build/zephyr/magikarp/modules/ec/common/ap_reset_log.c.obj
[deku:ro] [377/382] Building C object zephyr/kernel/CMakeFiles/kernel.dir/timer.c.obj
[/mnt/host/source/src/platform/ec/build/zephyr/joxer-lcov]   /mnt/host/source/src/platform/ec/build/zephyr/joxer/build-rw/modules/ec/zephyr/CMakeFiles/ec_shim.dir/shim/src/thermal.c.gcno:no functions found
[/mnt/host/source/src/platform/ec/build/zephyr/joxer-lcov] stderr:
[deku:ro] [378/382] Building C object zephyr/kernel/CMakeFiles/kernel.dir/mempool.c.obj
[deku:ro] [379/382] Building C object zephyr/kernel/CMakeFiles/kernel.dir/poll.c.obj
[deku:ro] [380/382] Building C object zephyr/kernel/CMakeFiles/kernel.dir/dynamic_disabled.c.obj
[deku:ro] [381/382] Building C object zephyr/kernel/CMakeFiles/kernel.dir/events.c.obj
[deku:ro] [382/382] Linking C static library zephyr/kernel/libkernel.a
[skywalker:rw] [46/362] Building C object CMakeFiles/app.dir/mnt/host/source/src/platform/ec/build/zephyr/skywalker/modules/ec/driver/charger/bq25710.c.obj
[/mnt/host/source/src/platform/ec/build/zephyr/joxer-lcov]   /mnt/host/source/src/platform/ec/build/zephyr/joxer/build-rw/modules/ec/zephyr/CMakeFiles/ec_shim.dir/shim/src/battery.c.gcno:no functions found
[/mnt/host/source/src/platform/ec/build/zephyr/joxer-lcov] stderr:
[/mnt/host/source/src/platform/ec/build/zephyr/joxer-lcov]   /mnt/host/source/src/platform/ec/build/zephyr/joxer/build-rw/modules/ec/zephyr/CMakeFiles/ec_shim.dir/shim/src/charger.c.gcno:no functions found
[/mnt/host/source/src/platform/ec/build/zephyr/joxer-lcov] stderr:
[magikarp:rw] [207/390] Building C object modules/ec/zephyr/CMakeFiles/ec_shim.dir/shim/src/mkbp_event.c.obj
[skywalker:ro] [46/362] Building C object CMakeFiles/app.dir/mnt/host/source/src/platform/ec/build/zephyr/skywalker/modules/ec/driver/charger/bq25710.c.obj
[magikarp:rw] [208/390] Building C object modules/ec/zephyr/CMakeFiles/ec_shim.dir/shim/src/panic.c.obj
[magikarp:ro] [49/390] Building C object CMakeFiles/app.dir/mnt/host/source/src/platform/ec/build/zephyr/magikarp/modules/ec/common/extpower_common.c.obj
[magikarp:rw] [209/390] Building C object modules/ec/zephyr/CMakeFiles/ec_shim.dir/shim/src/motionsense_sensors.c.obj
[magikarp:ro] [50/390] Building C object CMakeFiles/app.dir/mnt/host/source/src/platform/ec/build/zephyr/magikarp/modules/ec/common/extpower_gpio.c.obj
[skywalker:rw] [47/362] Building C object CMakeFiles/app.dir/mnt/host/source/src/platform/ec/build/zephyr/skywalker/modules/ec/common/charger.c.obj
[magikarp:ro] [51/390] Building C object CMakeFiles/app.dir/mnt/host/source/src/platform/ec/build/zephyr/magikarp/modules/ec/common/flash.c.obj
[magikarp:rw] [210/390] Building C object modules/ec/zephyr/CMakeFiles/ec_shim.dir/shim/src/power.c.obj
[magikarp:ro] [52/390] Building C object CMakeFiles/app.dir/mnt/host/source/src/platform/ec/build/zephyr/magikarp/modules/ec/common/host_command.c.obj
[magikarp:rw] [211/390] Building C object modules/ec/zephyr/CMakeFiles/ec_shim.dir/shim/src/temp_sensors.c.obj
[skywalker:ro] [47/362] Building C object CMakeFiles/app.dir/mnt/host/source/src/platform/ec/build/zephyr/skywalker/modules/ec/common/charger.c.obj
[magikarp:rw] [212/390] Building C object modules/ec/zephyr/CMakeFiles/ec_shim.dir/shim/src/hwtimer.c.obj
[/mnt/host/source/src/platform/ec/build/zephyr/joxer-lcov]   /mnt/host/source/src/platform/ec/build/zephyr/joxer/build-rw/modules/ec/zephyr/CMakeFiles/ec_shim.dir/shim/src/usb_muxes.c.gcno:no functions found
[/mnt/host/source/src/platform/ec/build/zephyr/joxer-lcov] stderr:
[magikarp:rw] [213/390] Building C object modules/ec/zephyr/CMakeFiles/ec_shim.dir/shim/src/thermal.c.obj
[skywalker:rw] [48/362] Building C object CMakeFiles/app.dir/mnt/host/source/src/platform/ec/build/zephyr/skywalker/modules/ec/common/charge_state.c.obj
[magikarp:ro] [53/390] Building C object CMakeFiles/app.dir/mnt/host/source/src/platform/ec/build/zephyr/magikarp/modules/ec/common/host_command_task.c.obj
[magikarp:rw] [214/390] Building C object modules/ec/zephyr/CMakeFiles/ec_shim.dir/shim/src/i2c.c.obj
[skywalker:ro] [48/362] Building C object CMakeFiles/app.dir/mnt/host/source/src/platform/ec/build/zephyr/skywalker/modules/ec/common/charge_state.c.obj
[magikarp:ro] [54/390] Building C object CMakeFiles/app.dir/mnt/host/source/src/platform/ec/build/zephyr/magikarp/modules/ec/common/host_event_commands.c.obj
[magikarp:ro] [55/390] Building C object CMakeFiles/app.dir/mnt/host/source/src/platform/ec/build/zephyr/magikarp/modules/ec/common/uart_hostcmd.c.obj
[magikarp:ro] [56/390] Building C object CMakeFiles/app.dir/mnt/host/source/src/platform/ec/build/zephyr/magikarp/modules/ec/common/uptime.c.obj
[magikarp:rw] [215/390] Building C object modules/ec/zephyr/CMakeFiles/ec_shim.dir/shim/src/watchdog.c.obj
[magikarp:rw] [216/390] Building C object modules/ec/zephyr/CMakeFiles/ec_shim.dir/shim/src/bc12.c.obj
[magikarp:rw] [217/390] Building C object modules/ec/zephyr/CMakeFiles/ec_shim.dir/shim/src/tasks.c.obj
[magikarp:rw] [218/390] Building C object modules/ec/zephyr/CMakeFiles/ec_shim.dir/shim/src/bc12_pi3usb9201.c.obj
[magikarp:rw] [219/390] cd /mnt/host/source/src/platform/ec/build/zephyr/magikarp/build-rw/modules/ec/zephyr && PYTHONPATH=/mnt/host/source/src/platform/ec/build/zephyr/magikarp/modules/ec/zephyr/zmake/ /usr/bin/python3.11 /mnt/host/source/src/platform/ec/build/zephyr/magikarp/modules/ec/zephyr/zmake/zephyr_build_tools/generate_ec_version.py /mnt/host/source/src/platform/ec/build/zephyr/magikarp/build-rw/modules/ec/zephyr/include/ec_version.h --name Zephyr-Kernel --version 16543.0.0 --static
[magikarp:rw] INFO:root:Using a static version string
[skywalker:rw] [49/362] Building C object CMakeFiles/app.dir/mnt/host/source/src/platform/ec/build/zephyr/skywalker/modules/ec/common/charge_manager.c.obj
[skywalker:rw] [50/362] Building C object CMakeFiles/app.dir/mnt/host/source/src/platform/ec/build/zephyr/skywalker/modules/ec/common/cbi_common.c.obj
[skywalker:ro] [49/362] Building C object CMakeFiles/app.dir/mnt/host/source/src/platform/ec/build/zephyr/skywalker/modules/ec/common/charge_manager.c.obj
[skywalker:ro] [50/362] Building C object CMakeFiles/app.dir/mnt/host/source/src/platform/ec/build/zephyr/skywalker/modules/ec/common/cbi_common.c.obj
[magikarp:ro] [57/390] Building C object CMakeFiles/app.dir/mnt/host/source/src/platform/ec/build/zephyr/magikarp/modules/ec/common/i2c_passthru.c.obj
[magikarp:rw] INFO:root:Version string: Zephyr-Kernel-16543.0.0
[magikarp:rw] INFO:root:Writing header to /mnt/host/source/src/platform/ec/build/zephyr/magikarp/build-rw/modules/ec/zephyr/include/ec_version.h
[magikarp:rw] [220/390] Building C object modules/ec/zephyr/CMakeFiles/ec_shim.dir/shim/src/ppc.c.obj
[magikarp:ro] [58/390] Building C object CMakeFiles/app.dir/mnt/host/source/src/platform/ec/build/zephyr/magikarp/modules/ec/common/i2c_controller.c.obj
[magikarp:rw] [221/390] Building C object zephyr/kernel/CMakeFiles/kernel.dir/main_weak.c.obj
[magikarp:ro] [59/390] Building C object CMakeFiles/app.dir/mnt/host/source/src/platform/ec/build/zephyr/magikarp/modules/ec/common/virtual_battery.c.obj
[magikarp:rw] [222/390] Building C object modules/ec/zephyr/CMakeFiles/ec_shim.dir/shim/src/usba.c.obj
[magikarp:rw] [223/390] Building C object CMakeFiles/app.dir/mnt/host/source/src/platform/ec/zephyr/subsys/ap_pwrseq/ap_events.c.obj
[magikarp:rw] [224/390] Building C object modules/ec/zephyr/CMakeFiles/ec_shim.dir/shim/src/usb_muxes.c.obj
[magikarp:ro] [60/390] Building C object CMakeFiles/app.dir/mnt/host/source/src/platform/ec/build/zephyr/magikarp/modules/ec/common/keyboard_scan.c.obj
[skywalker:rw] [51/362] Building C object CMakeFiles/app.dir/mnt/host/source/src/platform/ec/build/zephyr/skywalker/modules/ec/common/cbi_config.c.obj
[skywalker:rw] [52/362] Building C object CMakeFiles/app.dir/mnt/host/source/src/platform/ec/build/zephyr/skywalker/modules/ec/common/cbi.c.obj
[magikarp:rw] [225/390] Building C object CMakeFiles/app.dir/mnt/host/source/src/platform/ec/build/zephyr/magikarp/modules/ec/builtin/stdlib.c.obj
[skywalker:ro] [51/362] Building C object CMakeFiles/app.dir/mnt/host/source/src/platform/ec/build/zephyr/skywalker/modules/ec/common/cbi_config.c.obj
[skywalker:ro] [52/362] Building C object CMakeFiles/app.dir/mnt/host/source/src/platform/ec/build/zephyr/skywalker/modules/ec/common/cbi.c.obj
[magikarp:ro] [61/390] Building C object CMakeFiles/app.dir/mnt/host/source/src/platform/ec/build/zephyr/magikarp/modules/ec/common/mkbp_fifo.c.obj
[magikarp:rw] [226/390] Building C object CMakeFiles/app.dir/mnt/host/source/src/platform/ec/build/zephyr/magikarp/modules/ec/common/base32.c.obj
[magikarp:ro] [62/390] Building C object CMakeFiles/app.dir/mnt/host/source/src/platform/ec/build/zephyr/magikarp/modules/ec/common/mkbp_info.c.obj
[magikarp:ro] [63/390] Building C object CMakeFiles/app.dir/mnt/host/source/src/platform/ec/build/zephyr/magikarp/modules/ec/common/keyboard_mkbp.c.obj
[magikarp:rw] [227/390] Building C object CMakeFiles/app.dir/mnt/host/source/src/platform/ec/build/zephyr/magikarp/modules/ec/common/ec_features.c.obj
[magikarp:rw] [228/390] Building C object CMakeFiles/app.dir/mnt/host/source/src/platform/ec/build/zephyr/magikarp/modules/ec/common/console_output.c.obj
[magikarp:rw] [229/390] Building C object CMakeFiles/app.dir/mnt/host/source/src/platform/ec/build/zephyr/magikarp/modules/ec/common/gpio_commands.c.obj
[magikarp:ro] [64/390] Building C object CMakeFiles/app.dir/mnt/host/source/src/platform/ec/build/zephyr/magikarp/modules/ec/common/mkbp_input_devices.c.obj
[skywalker:rw] [53/362] Building C object CMakeFiles/app.dir/mnt/host/source/src/platform/ec/build/zephyr/skywalker/modules/ec/common/memory_commands.c.obj
[magikarp:rw] [230/390] Building C object CMakeFiles/app.dir/mnt/host/source/src/platform/ec/build/zephyr/magikarp/modules/ec/common/peripheral.c.obj
[skywalker:rw] [54/362] Building C object CMakeFiles/app.dir/mnt/host/source/src/platform/ec/build/zephyr/skywalker/modules/ec/common/chipset.c.obj
[magikarp:rw] [231/390] Building C object CMakeFiles/app.dir/mnt/host/source/src/platform/ec/build/zephyr/magikarp/modules/ec/common/printf.c.obj
[skywalker:ro] [53/362] Building C object CMakeFiles/app.dir/mnt/host/source/src/platform/ec/build/zephyr/skywalker/modules/ec/common/memory_commands.c.obj
[magikarp:ro] [65/390] Building C object CMakeFiles/app.dir/mnt/host/source/src/platform/ec/build/zephyr/magikarp/modules/ec/common/led_common.c.obj
[skywalker:ro] [54/362] Building C object CMakeFiles/app.dir/mnt/host/source/src/platform/ec/build/zephyr/skywalker/modules/ec/common/chipset.c.obj
[/mnt/host/source/src/platform/ec/build/zephyr/quandiso2-lcov]   /mnt/host/source/src/platform/ec/build/zephyr/quandiso2/build-rw/CMakeFiles/app.dir/mnt/host/source/src/platform/ec/build/zephyr/quandiso2/modules/ec/common/usb_pd_pdo.c.gcno:no functions found
[/mnt/host/source/src/platform/ec/build/zephyr/quandiso2-lcov] stderr:
[magikarp:ro] [66/390] Building C object CMakeFiles/app.dir/mnt/host/source/src/platform/ec/build/zephyr/magikarp/modules/ec/common/lid_angle.c.obj
[magikarp:rw] [232/390] Building C object CMakeFiles/app.dir/mnt/host/source/src/platform/ec/build/zephyr/magikarp/modules/ec/common/queue.c.obj
[magikarp:ro] [67/390] Building C object CMakeFiles/app.dir/mnt/host/source/src/platform/ec/build/zephyr/magikarp/modules/ec/common/motion_lid.c.obj
[magikarp:rw] [233/390] Building C object CMakeFiles/app.dir/mnt/host/source/src/platform/ec/build/zephyr/magikarp/modules/ec/common/system_boot_time.c.obj
[magikarp:rw] [234/390] Building C object CMakeFiles/app.dir/mnt/host/source/src/platform/ec/build/zephyr/magikarp/modules/ec/common/system.c.obj
[magikarp:rw] [235/390] Building C object CMakeFiles/app.dir/mnt/host/source/src/platform/ec/build/zephyr/magikarp/modules/ec/common/uart_printf.c.obj
[magikarp:ro] [68/390] Building C object CMakeFiles/app.dir/mnt/host/source/src/platform/ec/build/zephyr/magikarp/modules/ec/common/lid_angle_keyboard_policy.c.obj
[skywalker:rw] [55/362] Building C object CMakeFiles/app.dir/mnt/host/source/src/platform/ec/build/zephyr/skywalker/modules/ec/common/extpower_common.c.obj
[skywalker:rw] [56/362] Building C object CMakeFiles/app.dir/mnt/host/source/src/platform/ec/build/zephyr/skywalker/modules/ec/common/ap_reset_log.c.obj
[magikarp:rw] [236/390] Building C object CMakeFiles/app.dir/mnt/host/source/src/platform/ec/build/zephyr/magikarp/modules/ec/common/util.c.obj
[skywalker:ro] [55/362] Building C object CMakeFiles/app.dir/mnt/host/source/src/platform/ec/build/zephyr/skywalker/modules/ec/common/ap_reset_log.c.obj
[magikarp:ro] [69/390] Building C object CMakeFiles/app.dir/mnt/host/source/src/platform/ec/build/zephyr/magikarp/modules/ec/common/lid_switch.c.obj
[magikarp:rw] [237/390] Building C object CMakeFiles/app.dir/mnt/host/source/src/platform/ec/build/zephyr/magikarp/modules/ec/common/version.c.obj
[skywalker:ro] [56/362] Building C object CMakeFiles/app.dir/mnt/host/source/src/platform/ec/build/zephyr/skywalker/modules/ec/common/extpower_common.c.obj
[/mnt/host/source/src/platform/ec/build/zephyr/joxer-lcov]   /mnt/host/source/src/platform/ec/build/zephyr/joxer/build-rw/modules/ec/zephyr/CMakeFiles/ec_shim.dir/shim/src/usba.c.gcno:no functions found
[magikarp:ro] [70/390] Building C object CMakeFiles/app.dir/mnt/host/source/src/platform/ec/build/zephyr/magikarp/modules/ec/common/motion_sense.c.obj
[/mnt/host/source/src/platform/ec/build/zephyr/joxer-lcov] stderr:
[magikarp:ro] [71/390] Building C object CMakeFiles/app.dir/mnt/host/source/src/platform/ec/build/zephyr/magikarp/modules/ec/common/mkbp_event.c.obj
[magikarp:rw] [238/390] Building C object CMakeFiles/app.dir/mnt/host/source/src/platform/ec/build/zephyr/magikarp/modules/ec/driver/accel_lis2dw12.c.obj
[magikarp:rw] [239/390] Building C object CMakeFiles/app.dir/mnt/host/source/src/platform/ec/build/zephyr/magikarp/modules/ec/driver/accelgyro_bmi3xx.c.obj
[magikarp:rw] [240/390] Building C object CMakeFiles/app.dir/mnt/host/source/src/platform/ec/build/zephyr/magikarp/modules/ec/driver/accelgyro_bmi_common.c.obj
[magikarp:ro] [72/390] Building C object CMakeFiles/app.dir/mnt/host/source/src/platform/ec/build/zephyr/magikarp/modules/ec/common/power_button.c.obj
[skywalker:rw] [57/362] Building C object CMakeFiles/app.dir/mnt/host/source/src/platform/ec/build/zephyr/skywalker/modules/ec/common/flash.c.obj
[skywalker:rw] [58/362] Building C object CMakeFiles/app.dir/mnt/host/source/src/platform/ec/build/zephyr/skywalker/modules/ec/common/extpower_gpio.c.obj
[magikarp:rw] [241/390] Building C object CMakeFiles/app.dir/mnt/host/source/src/platform/ec/build/zephyr/magikarp/modules/ec/driver/accelgyro_icm_common.c.obj
[skywalker:ro] [57/362] Building C object CMakeFiles/app.dir/mnt/host/source/src/platform/ec/build/zephyr/skywalker/modules/ec/common/extpower_gpio.c.obj
[skywalker:ro] [58/362] Building C object CMakeFiles/app.dir/mnt/host/source/src/platform/ec/build/zephyr/skywalker/modules/ec/common/flash.c.obj
[magikarp:rw] [242/390] Building C object CMakeFiles/app.dir/mnt/host/source/src/platform/ec/build/zephyr/magikarp/modules/ec/common/motion_sense_fifo.c.obj
[magikarp:ro] [73/390] Building C object CMakeFiles/app.dir/mnt/host/source/src/platform/ec/build/zephyr/magikarp/modules/ec/power/mt8186.c.obj
[magikarp:rw] [243/390] Building C object CMakeFiles/app.dir/mnt/host/source/src/platform/ec/build/zephyr/magikarp/modules/ec/driver/accelgyro_icm42607.c.obj
[magikarp:ro] [74/390] Building C object CMakeFiles/app.dir/mnt/host/source/src/platform/ec/build/zephyr/magikarp/modules/ec/power/host_sleep.c.obj
[magikarp:ro] [75/390] Building C object CMakeFiles/app.dir/mnt/host/source/src/platform/ec/build/zephyr/magikarp/modules/ec/power/common.c.obj
[magikarp:rw] [244/390] Building C object CMakeFiles/app.dir/mnt/host/source/src/platform/ec/build/zephyr/magikarp/modules/ec/common/adc.c.obj
[magikarp:ro] [76/390] Building C object CMakeFiles/app.dir/mnt/host/source/src/platform/ec/build/zephyr/magikarp/modules/ec/common/panic_output.c.obj
[skywalker:rw] [59/362] Building C object CMakeFiles/app.dir/mnt/host/source/src/platform/ec/build/zephyr/skywalker/modules/ec/common/host_command.c.obj
[magikarp:rw] [245/390] Building C object CMakeFiles/app.dir/mnt/host/source/src/platform/ec/build/zephyr/magikarp/modules/ec/common/battery.c.obj
[skywalker:rw] [60/362] Building C object CMakeFiles/app.dir/mnt/host/source/src/platform/ec/build/zephyr/skywalker/modules/ec/common/host_event_commands.c.obj
[skywalker:ro] [59/362] Building C object CMakeFiles/app.dir/mnt/host/source/src/platform/ec/build/zephyr/skywalker/modules/ec/common/host_command.c.obj
[magikarp:ro] [77/390] Building C object CMakeFiles/app.dir/mnt/host/source/src/platform/ec/build/zephyr/magikarp/modules/ec/driver/sha256/sha256_it8xxx2.c.obj
[magikarp:ro] [78/390] Building C object CMakeFiles/app.dir/mnt/host/source/src/platform/ec/build/zephyr/magikarp/modules/ec/common/switch.c.obj
[magikarp:rw] [246/390] Building C object CMakeFiles/app.dir/mnt/host/source/src/platform/ec/build/zephyr/magikarp/modules/ec/common/battery_info.c.obj
[skywalker:ro] [60/362] Building C object CMakeFiles/app.dir/mnt/host/source/src/platform/ec/build/zephyr/skywalker/modules/ec/common/host_event_commands.c.obj
[magikarp:rw] [247/390] Building C object CMakeFiles/app.dir/mnt/host/source/src/platform/ec/build/zephyr/magikarp/modules/ec/driver/battery/smart.c.obj
[magikarp:ro] [79/390] Building C object CMakeFiles/app.dir/mnt/host/source/src/platform/ec/build/zephyr/magikarp/modules/ec/common/shared_mem.c.obj
[magikarp:rw] [248/390] Building C object CMakeFiles/app.dir/mnt/host/source/src/platform/ec/build/zephyr/magikarp/modules/ec/common/battery_fuel_gauge.c.obj
[magikarp:rw] [249/390] Building C object CMakeFiles/app.dir/mnt/host/source/src/platform/ec/build/zephyr/magikarp/modules/ec/driver/bc12/pi3usb9201.c.obj
[skywalker:rw] [61/362] Building C object CMakeFiles/app.dir/mnt/host/source/src/platform/ec/build/zephyr/skywalker/modules/ec/common/uart_hostcmd.c.obj
[magikarp:ro] [80/390] Building C object CMakeFiles/app.dir/mnt/host/source/src/platform/ec/build/zephyr/magikarp/modules/ec/driver/stm_mems_common.c.obj
[magikarp:rw] [250/390] Building C object CMakeFiles/app.dir/mnt/host/source/src/platform/ec/build/zephyr/magikarp/modules/ec/driver/charger/rt9490.c.obj
[skywalker:rw] [62/362] Building C object CMakeFiles/app.dir/mnt/host/source/src/platform/ec/build/zephyr/skywalker/modules/ec/common/uptime.c.obj
[skywalker:ro] [61/362] Building C object CMakeFiles/app.dir/mnt/host/source/src/platform/ec/build/zephyr/skywalker/modules/ec/common/uart_hostcmd.c.obj
[magikarp:ro] [81/390] Building C object CMakeFiles/app.dir/mnt/host/source/src/platform/ec/build/zephyr/magikarp/modules/ec/common/tablet_mode.c.obj
[magikarp:ro] [82/390] Building C object CMakeFiles/app.dir/mnt/host/source/src/platform/ec/build/zephyr/magikarp/modules/ec/common/temp_sensor.c.obj
[magikarp:ro] [83/390] Building C object CMakeFiles/app.dir/mnt/host/source/src/platform/ec/build/zephyr/magikarp/modules/ec/common/thermal.c.obj
[skywalker:ro] [62/362] Building C object CMakeFiles/app.dir/mnt/host/source/src/platform/ec/build/zephyr/skywalker/modules/ec/common/uptime.c.obj
[magikarp:rw] [251/390] Building C object CMakeFiles/app.dir/mnt/host/source/src/platform/ec/build/zephyr/magikarp/modules/ec/common/charger.c.obj
[magikarp:rw] [252/390] Building C object CMakeFiles/app.dir/mnt/host/source/src/platform/ec/build/zephyr/magikarp/modules/ec/common/charge_ramp.c.obj
[/mnt/host/source/src/platform/ec/build/zephyr/grogu-lcov]   /mnt/host/source/src/platform/ec/build/zephyr/grogu/build-rw/zephyr/CMakeFiles/zephyr.dir/soc/ite/ec/it8xxx2/check_regs.c.gcno:no functions found
[/mnt/host/source/src/platform/ec/build/zephyr/grogu-lcov] stderr:
[magikarp:rw] [253/390] Building C object CMakeFiles/app.dir/mnt/host/source/src/platform/ec/build/zephyr/magikarp/modules/ec/common/cbi_common.c.obj
[magikarp:rw] [254/390] Building C object CMakeFiles/app.dir/mnt/host/source/src/platform/ec/build/zephyr/magikarp/modules/ec/common/charge_state.c.obj
[magikarp:ro] [84/390] Building C object CMakeFiles/app.dir/mnt/host/source/src/platform/ec/build/zephyr/magikarp/modules/ec/driver/temp_sensor/thermistor.c.obj
[skywalker:rw] [63/362] Building C object CMakeFiles/app.dir/mnt/host/source/src/platform/ec/build/zephyr/skywalker/modules/ec/common/i2c_controller.c.obj
[skywalker:rw] [64/362] Building C object CMakeFiles/app.dir/mnt/host/source/src/platform/ec/build/zephyr/skywalker/modules/ec/common/i2c_passthru.c.obj
[magikarp:rw] [255/390] Building C object CMakeFiles/app.dir/mnt/host/source/src/platform/ec/build/zephyr/magikarp/modules/ec/common/charge_manager.c.obj
[skywalker:ro] [63/362] Building C object CMakeFiles/app.dir/mnt/host/source/src/platform/ec/build/zephyr/skywalker/modules/ec/common/i2c_controller.c.obj
[magikarp:ro] [85/390] Building C object CMakeFiles/app.dir/mnt/host/source/src/platform/ec/build/zephyr/magikarp/modules/ec/common/timer.c.obj
[magikarp:ro] [86/390] Building C object CMakeFiles/app.dir/mnt/host/source/src/platform/ec/build/zephyr/magikarp/modules/ec/common/usb_port_power_dumb.c.obj
[magikarp:ro] [87/390] Building C object CMakeFiles/app.dir/mnt/host/source/src/platform/ec/build/zephyr/magikarp/modules/ec/common/usb_charger.c.obj
[magikarp:rw] [256/390] Building C object CMakeFiles/app.dir/mnt/host/source/src/platform/ec/build/zephyr/magikarp/modules/ec/common/cbi_config.c.obj
[magikarp:rw] [257/390] Building C object CMakeFiles/app.dir/mnt/host/source/src/platform/ec/build/zephyr/magikarp/modules/ec/common/cbi.c.obj
[skywalker:ro] [64/362] Building C object CMakeFiles/app.dir/mnt/host/source/src/platform/ec/build/zephyr/skywalker/modules/ec/common/i2c_passthru.c.obj
[magikarp:rw] [258/390] Building C object CMakeFiles/app.dir/mnt/host/source/src/platform/ec/build/zephyr/magikarp/modules/ec/common/memory_commands.c.obj
[magikarp:rw] [259/390] Building C object CMakeFiles/app.dir/mnt/host/source/src/platform/ec/build/zephyr/magikarp/modules/ec/common/chipset.c.obj
[magikarp:ro] [88/390] Building C object CMakeFiles/app.dir/mnt/host/source/src/platform/ec/build/zephyr/magikarp/modules/ec/common/typec_control.c.obj
[skywalker:rw] [65/362] Building C object CMakeFiles/app.dir/mnt/host/source/src/platform/ec/build/zephyr/skywalker/modules/ec/common/virtual_battery.c.obj
[magikarp:rw] [260/390] Building C object CMakeFiles/app.dir/mnt/host/source/src/platform/ec/build/zephyr/magikarp/modules/ec/common/ap_reset_log.c.obj
[magikarp:ro] [89/390] Building C object CMakeFiles/app.dir/mnt/host/source/src/platform/ec/build/zephyr/magikarp/modules/ec/common/usb_pd_pdo.c.obj
[skywalker:rw] [66/362] Building C object CMakeFiles/app.dir/mnt/host/source/src/platform/ec/build/zephyr/skywalker/modules/ec/common/keyboard_scan.c.obj
[skywalker:ro] [65/362] Building C object CMakeFiles/app.dir/mnt/host/source/src/platform/ec/build/zephyr/skywalker/modules/ec/common/virtual_battery.c.obj
[magikarp:rw] [261/390] Building C object CMakeFiles/app.dir/mnt/host/source/src/platform/ec/build/zephyr/magikarp/modules/ec/common/extpower_common.c.obj
[magikarp:ro] [90/390] Building C object CMakeFiles/app.dir/mnt/host/source/src/platform/ec/build/zephyr/magikarp/modules/ec/common/usbc/usbc_task.c.obj
[magikarp:rw] [262/390] Building C object CMakeFiles/app.dir/mnt/host/source/src/platform/ec/build/zephyr/magikarp/modules/ec/common/extpower_gpio.c.obj
[magikarp:ro] [91/390] Building C object CMakeFiles/app.dir/mnt/host/source/src/platform/ec/build/zephyr/magikarp/modules/ec/common/usb_common.c.obj
[magikarp:rw] [263/390] Building C object CMakeFiles/app.dir/mnt/host/source/src/platform/ec/build/zephyr/magikarp/modules/ec/common/host_command.c.obj
[skywalker:ro] [66/362] Building C object CMakeFiles/app.dir/mnt/host/source/src/platform/ec/build/zephyr/skywalker/modules/ec/common/keyboard_scan.c.obj
[magikarp:rw] [264/390] Building C object CMakeFiles/app.dir/mnt/host/source/src/platform/ec/build/zephyr/magikarp/modules/ec/common/flash.c.obj
[magikarp:ro] [92/390] Building C object CMakeFiles/app.dir/mnt/host/source/src/platform/ec/build/zephyr/magikarp/modules/ec/common/usbc/usb_pd_timer.c.obj
[skywalker:rw] [67/362] Building C object CMakeFiles/app.dir/mnt/host/source/src/platform/ec/build/zephyr/skywalker/modules/ec/common/mkbp_fifo.c.obj
[skywalker:rw] [68/362] Building C object CMakeFiles/app.dir/mnt/host/source/src/platform/ec/build/zephyr/skywalker/modules/ec/common/mkbp_info.c.obj
[magikarp:rw] [265/390] Building C object CMakeFiles/app.dir/mnt/host/source/src/platform/ec/build/zephyr/magikarp/modules/ec/common/host_command_task.c.obj
[magikarp:ro] [93/390] Building C object CMakeFiles/app.dir/mnt/host/source/src/platform/ec/build/zephyr/magikarp/modules/ec/common/usbc/usb_sm.c.obj
[magikarp:rw] [266/390] Building C object CMakeFiles/app.dir/mnt/host/source/src/platform/ec/build/zephyr/magikarp/modules/ec/common/host_event_commands.c.obj
[skywalker:ro] [67/362] Building C object CMakeFiles/app.dir/mnt/host/source/src/platform/ec/build/zephyr/skywalker/modules/ec/common/mkbp_fifo.c.obj
[magikarp:rw] [267/390] Building C object CMakeFiles/app.dir/mnt/host/source/src/platform/ec/build/zephyr/magikarp/modules/ec/common/uart_hostcmd.c.obj
[magikarp:ro] [94/390] Building C object CMakeFiles/app.dir/mnt/host/source/src/platform/ec/build/zephyr/magikarp/modules/ec/common/usbc_intr_task.c.obj
[magikarp:ro] [95/390] Building C object CMakeFiles/app.dir/mnt/host/source/src/platform/ec/build/zephyr/magikarp/modules/ec/common/usbc_utils.c.obj
[magikarp:rw] [268/390] Building C object CMakeFiles/app.dir/mnt/host/source/src/platform/ec/build/zephyr/magikarp/modules/ec/common/uptime.c.obj
[magikarp:ro] [96/390] Building C object CMakeFiles/app.dir/mnt/host/source/src/platform/ec/build/zephyr/magikarp/modules/ec/common/usb_pd_flags.c.obj
[/mnt/host/source/src/platform/ec/build/zephyr/quandiso2-lcov]   /mnt/host/source/src/platform/ec/build/zephyr/quandiso2/build-rw/CMakeFiles/app.dir/mnt/host/source/src/platform/ec/build/zephyr/quandiso2/modules/ec/common/cbi_config.c.gcno:no functions found
[/mnt/host/source/src/platform/ec/build/zephyr/quandiso2-lcov] stderr:
[skywalker:rw] [69/362] Building C object CMakeFiles/app.dir/mnt/host/source/src/platform/ec/build/zephyr/skywalker/modules/ec/common/keyboard_mkbp.c.obj
[skywalker:ro] [68/362] Building C object CMakeFiles/app.dir/mnt/host/source/src/platform/ec/build/zephyr/skywalker/modules/ec/common/mkbp_info.c.obj
[magikarp:rw] [269/390] Building C object CMakeFiles/app.dir/mnt/host/source/src/platform/ec/build/zephyr/magikarp/modules/ec/common/i2c_controller.c.obj
[skywalker:rw] [70/362] Building C object CMakeFiles/app.dir/mnt/host/source/src/platform/ec/build/zephyr/skywalker/modules/ec/common/mkbp_input_devices.c.obj
[magikarp:ro] [97/390] Building C object CMakeFiles/app.dir/mnt/host/source/src/platform/ec/build/zephyr/magikarp/modules/ec/common/chargen.c.obj
[magikarp:rw] [270/390] Building C object CMakeFiles/app.dir/mnt/host/source/src/platform/ec/build/zephyr/magikarp/modules/ec/common/i2c_passthru.c.obj
[skywalker:ro] [69/362] Building C object CMakeFiles/app.dir/mnt/host/source/src/platform/ec/build/zephyr/skywalker/modules/ec/common/keyboard_mkbp.c.obj
[magikarp:rw] [271/390] Building C object CMakeFiles/app.dir/mnt/host/source/src/platform/ec/build/zephyr/magikarp/modules/ec/common/virtual_battery.c.obj
[magikarp:rw] [272/390] Building C object CMakeFiles/app.dir/mnt/host/source/src/platform/ec/build/zephyr/magikarp/modules/ec/common/keyboard_scan.c.obj
[magikarp:ro] [98/390] Building C object CMakeFiles/app.dir/mnt/host/source/src/platform/ec/build/zephyr/magikarp/modules/ec/common/usbc/usb_pd_console.c.obj
[magikarp:ro] [99/390] Building C object CMakeFiles/app.dir/mnt/host/source/src/platform/ec/build/zephyr/magikarp/modules/ec/driver/usb_mux/usb_mux.c.obj
[magikarp:rw] [273/390] Building C object CMakeFiles/app.dir/mnt/host/source/src/platform/ec/build/zephyr/magikarp/modules/ec/common/mkbp_fifo.c.obj
[/mnt/host/source/src/platform/ec/build/zephyr/grogu-lcov]   /mnt/host/source/src/platform/ec/build/zephyr/grogu/build-rw/zephyr/drivers/syscon/CMakeFiles/drivers__syscon.dir/mnt/host/source/src/third_party/zephyr/main/misc/empty_file.c.gcno:no functions found
[/mnt/host/source/src/platform/ec/build/zephyr/grogu-lcov] Filter suppressions 'region':
[/mnt/host/source/src/platform/ec/build/zephyr/grogu-lcov]     38 instances
[/mnt/host/source/src/platform/ec/build/zephyr/grogu-lcov]     26 coverpoints
[/mnt/host/source/src/platform/ec/build/zephyr/grogu-lcov] Message summary:
[/mnt/host/source/src/platform/ec/build/zephyr/grogu-lcov]   29 ignore messages:
[/mnt/host/source/src/platform/ec/build/zephyr/grogu-lcov]     gcov: 29
[/mnt/host/source/src/platform/ec/build/zephyr/quandiso2-lcov]   /mnt/host/source/src/platform/ec/build/zephyr/quandiso2/build-rw/zephyr/arch/arch/riscv/core/CMakeFiles/arch__riscv__core.dir/cpu_idle.c.gcno:no functions found
[/mnt/host/source/src/platform/ec/build/zephyr/quandiso2-lcov] stderr:
[magikarp:ro] [100/390] Building C object CMakeFiles/app.dir/mnt/host/source/src/platform/ec/build/zephyr/magikarp/modules/ec/driver/usb_mux/it5205.c.obj
[skywalker:rw] [71/362] Building C object CMakeFiles/app.dir/mnt/host/source/src/platform/ec/build/zephyr/skywalker/modules/ec/common/led_common.c.obj
[magikarp:rw] [274/390] Building C object CMakeFiles/app.dir/mnt/host/source/src/platform/ec/build/zephyr/magikarp/modules/ec/common/mkbp_info.c.obj
[skywalker:ro] [70/362] Building C object CMakeFiles/app.dir/mnt/host/source/src/platform/ec/build/zephyr/skywalker/modules/ec/common/mkbp_input_devices.c.obj
[magikarp:rw] [275/390] Building C object CMakeFiles/app.dir/mnt/host/source/src/platform/ec/build/zephyr/magikarp/modules/ec/common/keyboard_mkbp.c.obj
[skywalker:ro] [71/362] Building C object CMakeFiles/app.dir/mnt/host/source/src/platform/ec/build/zephyr/skywalker/modules/ec/common/led_common.c.obj
[magikarp:rw] [276/390] Building C object CMakeFiles/app.dir/mnt/host/source/src/platform/ec/build/zephyr/magikarp/modules/ec/common/led_common.c.obj
[magikarp:ro] [101/390] Building C object CMakeFiles/app.dir/mnt/host/source/src/platform/ec/build/zephyr/magikarp/modules/ec/driver/usb_mux/ps8743.c.obj
[skywalker:rw] [72/362] Building C object CMakeFiles/app.dir/mnt/host/source/src/platform/ec/build/zephyr/skywalker/modules/ec/common/motion_lid.c.obj
[magikarp:rw] [277/390] Building C object CMakeFiles/app.dir/mnt/host/source/src/platform/ec/build/zephyr/magikarp/modules/ec/common/mkbp_input_devices.c.obj
[magikarp:ro] [102/390] Building C object CMakeFiles/app.dir/mnt/host/source/src/platform/ec/build/zephyr/magikarp/modules/ec/driver/usb_mux/virtual.c.obj
[magikarp:rw] [278/390] Building C object CMakeFiles/app.dir/mnt/host/source/src/platform/ec/build/zephyr/magikarp/modules/ec/common/motion_lid.c.obj
[magikarp:ro] [103/390] Building C object CMakeFiles/app.dir/mnt/host/source/src/platform/ec/build/zephyr/magikarp/modules/ec/common/dps.c.obj
[skywalker:rw] [73/362] Building C object CMakeFiles/app.dir/mnt/host/source/src/platform/ec/build/zephyr/skywalker/modules/ec/common/lid_angle.c.obj
[skywalker:rw] [74/362] Building C object CMakeFiles/app.dir/mnt/host/source/src/platform/ec/build/zephyr/skywalker/modules/ec/common/lid_angle_keyboard_policy.c.obj
[magikarp:ro] [104/390] Building C object CMakeFiles/app.dir/mnt/host/source/src/platform/ec/build/zephyr/magikarp/modules/ec/common/event_log.c.obj
[magikarp:rw] [279/390] Building C object CMakeFiles/app.dir/mnt/host/source/src/platform/ec/build/zephyr/magikarp/modules/ec/common/lid_angle.c.obj
[skywalker:ro] [72/362] Building C object CMakeFiles/app.dir/mnt/host/source/src/platform/ec/build/zephyr/skywalker/modules/ec/common/motion_lid.c.obj
[magikarp:rw] [280/390] Building C object CMakeFiles/app.dir/mnt/host/source/src/platform/ec/build/zephyr/magikarp/modules/ec/common/lid_angle_keyboard_policy.c.obj
[magikarp:rw] [281/390] Building C object CMakeFiles/app.dir/mnt/host/source/src/platform/ec/build/zephyr/magikarp/modules/ec/common/lid_switch.c.obj
[skywalker:ro] [73/362] Building C object CMakeFiles/app.dir/mnt/host/source/src/platform/ec/build/zephyr/skywalker/modules/ec/common/lid_angle.c.obj
[skywalker:rw] [75/362] Building C object CMakeFiles/app.dir/mnt/host/source/src/platform/ec/build/zephyr/skywalker/modules/ec/common/lid_switch.c.obj
[magikarp:rw] [282/390] Building C object CMakeFiles/app.dir/mnt/host/source/src/platform/ec/build/zephyr/magikarp/modules/ec/common/mkbp_event.c.obj
[magikarp:ro] [105/390] Building C object CMakeFiles/app.dir/mnt/host/source/src/platform/ec/build/zephyr/magikarp/modules/ec/common/pd_log.c.obj
[/mnt/host/source/src/platform/ec/build/zephyr/quandiso2-lcov]   /mnt/host/source/src/platform/ec/build/zephyr/quandiso2/build-rw/zephyr/arch/common/CMakeFiles/isr_tables.dir/isr_tables.c.gcno:no functions found
[/mnt/host/source/src/platform/ec/build/zephyr/quandiso2-lcov] stderr:
[magikarp:ro] [106/390] Building C object CMakeFiles/app.dir/mnt/host/source/src/platform/ec/build/zephyr/magikarp/modules/ec/common/usbc/usb_tc_drp_acc_trysrc_sm.c.obj
[magikarp:rw] [283/390] Building C object CMakeFiles/app.dir/mnt/host/source/src/platform/ec/build/zephyr/magikarp/modules/ec/common/motion_sense.c.obj
[skywalker:rw] [76/362] Building C object CMakeFiles/app.dir/mnt/host/source/src/platform/ec/build/zephyr/skywalker/modules/ec/common/mkbp_event.c.obj
[magikarp:rw] [284/390] Building C object CMakeFiles/app.dir/mnt/host/source/src/platform/ec/build/zephyr/magikarp/modules/ec/common/power_button.c.obj
[skywalker:rw] [77/362] Building C object CMakeFiles/app.dir/mnt/host/source/src/platform/ec/build/zephyr/skywalker/modules/ec/common/motion_sense.c.obj
[magikarp:ro] [107/390] Building C object CMakeFiles/app.dir/mnt/host/source/src/platform/ec/build/zephyr/magikarp/modules/ec/common/usbc/usb_prl_sm.c.obj
[skywalker:ro] [74/362] Building C object CMakeFiles/app.dir/mnt/host/source/src/platform/ec/build/zephyr/skywalker/modules/ec/common/lid_angle_keyboard_policy.c.obj
[magikarp:rw] [285/390] Building C object CMakeFiles/app.dir/mnt/host/source/src/platform/ec/build/zephyr/magikarp/modules/ec/power/common.c.obj
[magikarp:rw] [286/390] Building C object CMakeFiles/app.dir/mnt/host/source/src/platform/ec/build/zephyr/magikarp/modules/ec/power/host_sleep.c.obj
[skywalker:ro] [75/362] Building C object CMakeFiles/app.dir/mnt/host/source/src/platform/ec/build/zephyr/skywalker/modules/ec/common/lid_switch.c.obj
[magikarp:rw] [287/390] Building C object CMakeFiles/app.dir/mnt/host/source/src/platform/ec/build/zephyr/magikarp/modules/ec/power/mt8186.c.obj
[magikarp:ro] [108/390] Building C object CMakeFiles/app.dir/mnt/host/source/src/platform/ec/build/zephyr/magikarp/modules/ec/common/usbc/usb_pe_drp_sm.c.obj
[magikarp:ro] [109/390] Building C object CMakeFiles/app.dir/mnt/host/source/src/platform/ec/build/zephyr/magikarp/modules/ec/common/usbc/usb_pd_dpm.c.obj
[skywalker:rw] [78/362] Building C object CMakeFiles/app.dir/mnt/host/source/src/platform/ec/build/zephyr/skywalker/modules/ec/common/power_button.c.obj
[magikarp:ro] [110/390] Building C object CMakeFiles/app.dir/mnt/host/source/src/platform/ec/build/zephyr/magikarp/modules/ec/common/usbc/usbc_pd_policy.c.obj
[magikarp:rw] [288/390] Building C object CMakeFiles/app.dir/mnt/host/source/src/platform/ec/build/zephyr/magikarp/modules/ec/common/panic_output.c.obj
[magikarp:rw] [289/390] Building C object CMakeFiles/app.dir/mnt/host/source/src/platform/ec/build/zephyr/magikarp/modules/ec/driver/sha256/sha256_it8xxx2.c.obj
[skywalker:rw] [79/362] Building C object CMakeFiles/app.dir/mnt/host/source/src/platform/ec/build/zephyr/skywalker/modules/ec/power/common.c.obj
[skywalker:rw] [80/362] Building C object CMakeFiles/app.dir/mnt/host/source/src/platform/ec/build/zephyr/skywalker/modules/ec/power/host_sleep.c.obj
[magikarp:ro] [111/390] Building C object CMakeFiles/app.dir/mnt/host/source/src/platform/ec/build/zephyr/magikarp/modules/ec/common/usbc/dp_alt_mode.c.obj
[magikarp:rw] [290/390] Building C object CMakeFiles/app.dir/mnt/host/source/src/platform/ec/build/zephyr/magikarp/modules/ec/common/shared_mem.c.obj
[magikarp:rw] [291/390] Building C object CMakeFiles/app.dir/mnt/host/source/src/platform/ec/build/zephyr/magikarp/modules/ec/common/switch.c.obj
[skywalker:ro] [76/362] Building C object CMakeFiles/app.dir/mnt/host/source/src/platform/ec/build/zephyr/skywalker/modules/ec/common/mkbp_event.c.obj
[magikarp:ro] [112/390] Building C object CMakeFiles/app.dir/mnt/host/source/src/platform/ec/build/zephyr/magikarp/modules/ec/common/usb_pd_console_cmd.c.obj
[magikarp:rw] [292/390] Building C object CMakeFiles/app.dir/mnt/host/source/src/platform/ec/build/zephyr/magikarp/modules/ec/driver/stm_mems_common.c.obj
[magikarp:ro] [113/390] Building C object CMakeFiles/app.dir/mnt/host/source/src/platform/ec/build/zephyr/magikarp/modules/ec/common/usb_pd_host_cmd.c.obj
[skywalker:rw] [81/362] Building C object CMakeFiles/app.dir/mnt/host/source/src/platform/ec/build/zephyr/skywalker/modules/ec/power/mt8186.c.obj
[magikarp:rw] [293/390] Building C object CMakeFiles/app.dir/mnt/host/source/src/platform/ec/build/zephyr/magikarp/modules/ec/common/tablet_mode.c.obj
[skywalker:ro] [77/362] Building C object CMakeFiles/app.dir/mnt/host/source/src/platform/ec/build/zephyr/skywalker/modules/ec/common/motion_sense.c.obj
[magikarp:rw] [294/390] Building C object CMakeFiles/app.dir/mnt/host/source/src/platform/ec/build/zephyr/magikarp/modules/ec/common/thermal.c.obj
[skywalker:rw] [82/362] Building C object CMakeFiles/app.dir/mnt/host/source/src/platform/ec/build/zephyr/skywalker/modules/ec/common/sha256.c.obj
[magikarp:ro] [114/390] Building C object CMakeFiles/app.dir/mnt/host/source/src/platform/ec/build/zephyr/magikarp/modules/ec/common/usbc/usb_pd_host.c.obj
[skywalker:rw] [83/362] Building C object CMakeFiles/app.dir/mnt/host/source/src/platform/ec/build/zephyr/skywalker/modules/ec/common/panic_output.c.obj
[magikarp:rw] [295/390] Building C object CMakeFiles/app.dir/mnt/host/source/src/platform/ec/build/zephyr/magikarp/modules/ec/driver/temp_sensor/thermistor.c.obj
[magikarp:rw] [296/390] Building C object CMakeFiles/app.dir/mnt/host/source/src/platform/ec/build/zephyr/magikarp/modules/ec/common/temp_sensor.c.obj
[skywalker:ro] [78/362] Building C object CMakeFiles/app.dir/mnt/host/source/src/platform/ec/build/zephyr/skywalker/modules/ec/common/power_button.c.obj
[magikarp:ro] [115/390] Building C object CMakeFiles/app.dir/mnt/host/source/src/platform/ec/build/zephyr/magikarp/modules/ec/zephyr/shim/src/tcpc.c.obj
[magikarp:ro] [116/390] Building C object CMakeFiles/app.dir/mnt/host/source/src/platform/ec/build/zephyr/magikarp/modules/ec/common/usb_pd_host_cmd_common.c.obj
[magikarp:rw] [297/390] Building C object CMakeFiles/app.dir/mnt/host/source/src/platform/ec/build/zephyr/magikarp/modules/ec/common/timer.c.obj
[magikarp:ro] [117/390] Building C object CMakeFiles/app.dir/mnt/host/source/src/platform/ec/build/zephyr/magikarp/modules/ec/common/usbc/svdm_rsp_dfp_only.c.obj
[skywalker:rw] [84/362] Building C object CMakeFiles/app.dir/mnt/host/source/src/platform/ec/build/zephyr/skywalker/modules/ec/common/shared_mem.c.obj
[magikarp:rw] [298/390] Building C object CMakeFiles/app.dir/mnt/host/source/src/platform/ec/build/zephyr/magikarp/modules/ec/common/usb_charger.c.obj
[magikarp:rw] [299/390] Building C object CMakeFiles/app.dir/mnt/host/source/src/platform/ec/build/zephyr/magikarp/modules/ec/common/usb_port_power_dumb.c.obj
[skywalker:rw] [85/362] Building C object CMakeFiles/app.dir/mnt/host/source/src/platform/ec/build/zephyr/skywalker/modules/ec/common/switch.c.obj
[skywalker:ro] [79/362] Building C object CMakeFiles/app.dir/mnt/host/source/src/platform/ec/build/zephyr/skywalker/modules/ec/power/common.c.obj
[skywalker:rw] [86/362] Building C object CMakeFiles/app.dir/mnt/host/source/src/platform/ec/build/zephyr/skywalker/modules/ec/common/spi_flash_reg.c.obj
[magikarp:ro] [118/390] Building C object CMakeFiles/app.dir/mnt/host/source/src/platform/ec/build/zephyr/magikarp/modules/ec/common/usbc_ocp.c.obj
[magikarp:rw] [300/390] Building C object CMakeFiles/app.dir/mnt/host/source/src/platform/ec/build/zephyr/magikarp/modules/ec/common/typec_control.c.obj
[magikarp:ro] [119/390] Building C object CMakeFiles/app.dir/mnt/host/source/src/platform/ec/build/zephyr/magikarp/modules/ec/common/usbc/dp_hpd_gpio.c.obj
[magikarp:rw] [301/390] Building C object CMakeFiles/app.dir/mnt/host/source/src/platform/ec/build/zephyr/magikarp/modules/ec/common/usb_common.c.obj
[magikarp:rw] [302/390] Building C object CMakeFiles/app.dir/mnt/host/source/src/platform/ec/build/zephyr/magikarp/modules/ec/common/usb_pd_pdo.c.obj
[skywalker:ro] [80/362] Building C object CMakeFiles/app.dir/mnt/host/source/src/platform/ec/build/zephyr/skywalker/modules/ec/power/host_sleep.c.obj
[skywalker:rw] [87/362] Building C object CMakeFiles/app.dir/mnt/host/source/src/platform/ec/build/zephyr/skywalker/modules/ec/driver/stm_mems_common.c.obj
[magikarp:ro] [120/390] Building C object CMakeFiles/app.dir/mnt/host/source/src/platform/ec/build/zephyr/magikarp/modules/ec/common/usb_pd_discovery.c.obj
[magikarp:ro] [121/390] Building C object CMakeFiles/app.dir/mnt/host/source/src/platform/ec/build/zephyr/magikarp/modules/ec/common/usb_pd_dual_role.c.obj
[magikarp:rw] [303/390] Building C object CMakeFiles/app.dir/mnt/host/source/src/platform/ec/build/zephyr/magikarp/modules/ec/common/usbc/usbc_task.c.obj
[magikarp:rw] [304/390] Building C object CMakeFiles/app.dir/mnt/host/source/src/platform/ec/build/zephyr/magikarp/modules/ec/common/usbc/usb_pd_timer.c.obj
[skywalker:ro] [81/362] Building C object CMakeFiles/app.dir/mnt/host/source/src/platform/ec/build/zephyr/skywalker/modules/ec/power/mt8186.c.obj
[skywalker:rw] [88/362] Building C object CMakeFiles/app.dir/mnt/host/source/src/platform/ec/build/zephyr/skywalker/modules/ec/common/tablet_mode.c.obj
[skywalker:rw] [89/362] Building C object CMakeFiles/app.dir/mnt/host/source/src/platform/ec/build/zephyr/skywalker/modules/ec/common/timer.c.obj
[magikarp:rw] [305/390] Building C object CMakeFiles/app.dir/mnt/host/source/src/platform/ec/build/zephyr/magikarp/modules/ec/common/usbc/usb_sm.c.obj
[magikarp:ro] [122/390] Building C object CMakeFiles/app.dir/mnt/host/source/src/platform/ec/build/zephyr/magikarp/modules/ec/driver/tcpm/ite_pd_intc.c.obj
[magikarp:ro] [123/390] Building C object CMakeFiles/app.dir/mnt/host/source/src/platform/ec/build/zephyr/magikarp/modules/ec/driver/tcpm/tcpci.c.obj
[magikarp:rw] [306/390] Building C object CMakeFiles/app.dir/mnt/host/source/src/platform/ec/build/zephyr/magikarp/modules/ec/common/usbc_utils.c.obj
[magikarp:rw] [307/390] Building C object CMakeFiles/app.dir/mnt/host/source/src/platform/ec/build/zephyr/magikarp/modules/ec/common/usbc_intr_task.c.obj
[magikarp:rw] [308/390] Building C object CMakeFiles/app.dir/mnt/host/source/src/platform/ec/build/zephyr/magikarp/modules/ec/common/usb_pd_flags.c.obj
[/mnt/host/source/src/platform/ec/build/zephyr/quandiso2-lcov]   /mnt/host/source/src/platform/ec/build/zephyr/quandiso2/build-rw/zephyr/CMakeFiles/zephyr.dir/subsys/shell/modules/kernel_service/kernel_shell.c.gcno:no functions found
[/mnt/host/source/src/platform/ec/build/zephyr/quandiso2-lcov] stderr:
[skywalker:rw] [90/362] Building C object CMakeFiles/app.dir/mnt/host/source/src/platform/ec/build/zephyr/skywalker/modules/ec/common/usb_port_power_dumb.c.obj
[skywalker:ro] [82/362] Building C object CMakeFiles/app.dir/mnt/host/source/src/platform/ec/build/zephyr/skywalker/modules/ec/common/panic_output.c.obj
[magikarp:ro] [124/390] Building C object CMakeFiles/app.dir/mnt/host/source/src/platform/ec/build/zephyr/magikarp/modules/ec/common/usbc_ppc.c.obj
[magikarp:ro] [125/390] Building C object CMakeFiles/app.dir/mnt/host/source/src/platform/ec/build/zephyr/magikarp/modules/ec/driver/tcpm/it8xxx2.c.obj
[magikarp:rw] [309/390] Building C object CMakeFiles/app.dir/mnt/host/source/src/platform/ec/build/zephyr/magikarp/modules/ec/common/chargen.c.obj
[/mnt/host/source/src/platform/ec/build/zephyr/quandiso2-lcov]   /mnt/host/source/src/platform/ec/build/zephyr/quandiso2/build-rw/zephyr/CMakeFiles/zephyr.dir/lib/libc/validate_libc.c.gcno:no functions found
[/mnt/host/source/src/platform/ec/build/zephyr/quandiso2-lcov] stderr:
[skywalker:ro] [83/362] Building C object CMakeFiles/app.dir/mnt/host/source/src/platform/ec/build/zephyr/skywalker/modules/ec/common/sha256.c.obj
[skywalker:rw] [91/362] Building C object CMakeFiles/app.dir/mnt/host/source/src/platform/ec/build/zephyr/skywalker/modules/ec/common/usbc_utils.c.obj
[magikarp:rw] [310/390] Building C object CMakeFiles/app.dir/mnt/host/source/src/platform/ec/build/zephyr/magikarp/modules/ec/common/usbc/usb_pd_console.c.obj
[skywalker:rw] [92/362] Building C object CMakeFiles/app.dir/mnt/host/source/src/platform/ec/build/zephyr/skywalker/modules/ec/common/usb_common.c.obj
[magikarp:ro] [126/390] Building C object CMakeFiles/app.dir/mnt/host/source/src/platform/ec/build/zephyr/magikarp/modules/ec/driver/ppc/rt1739.c.obj
[magikarp:rw] [311/390] Building C object CMakeFiles/app.dir/mnt/host/source/src/platform/ec/build/zephyr/magikarp/modules/ec/driver/usb_mux/it5205.c.obj
[magikarp:ro] [127/390] Building C object CMakeFiles/app.dir/mnt/host/source/src/platform/ec/build/zephyr/magikarp/modules/ec/driver/ppc/syv682x.c.obj
[magikarp:rw] [312/390] Building C object CMakeFiles/app.dir/mnt/host/source/src/platform/ec/build/zephyr/magikarp/modules/ec/driver/usb_mux/usb_mux.c.obj
[skywalker:ro] [84/362] Building C object CMakeFiles/app.dir/mnt/host/source/src/platform/ec/build/zephyr/skywalker/modules/ec/common/shared_mem.c.obj
[skywalker:rw] [93/362] Building C object CMakeFiles/app.dir/mnt/host/source/src/platform/ec/build/zephyr/skywalker/modules/ec/common/chargen.c.obj
[magikarp:rw] [313/390] Building C object CMakeFiles/app.dir/mnt/host/source/src/platform/ec/build/zephyr/magikarp/modules/ec/driver/usb_mux/ps8743.c.obj
[magikarp:ro] [128/390] Building C object CMakeFiles/app.dir/mnt/host/source/src/platform/ec/build/zephyr/magikarp/modules/ec/common/button.c.obj
[magikarp:ro] [129/390] Building C object CMakeFiles/app.dir/mnt/host/source/src/platform/ec/build/zephyr/magikarp/modules/ec/common/vboot_hash.c.obj
[magikarp:rw] [314/390] Building C object CMakeFiles/app.dir/mnt/host/source/src/platform/ec/build/zephyr/magikarp/modules/ec/driver/usb_mux/virtual.c.obj
[skywalker:ro] [85/362] Building C object CMakeFiles/app.dir/mnt/host/source/src/platform/ec/build/zephyr/skywalker/modules/ec/common/switch.c.obj
[/mnt/host/source/src/platform/ec/build/zephyr/joxer-lcov]   /mnt/host/source/src/platform/ec/build/zephyr/joxer/build-rw/CMakeFiles/app.dir/mnt/host/source/src/platform/ec/build/zephyr/joxer/modules/ec/common/usb_pd_pdo.c.gcno:no functions found
[/mnt/host/source/src/platform/ec/build/zephyr/joxer-lcov] stderr:
[skywalker:rw] [94/362] Building C object CMakeFiles/app.dir/mnt/host/source/src/platform/ec/build/zephyr/skywalker/modules/ec/common/vboot_hash.c.obj
[magikarp:rw] [315/390] Building C object CMakeFiles/app.dir/mnt/host/source/src/platform/ec/build/zephyr/magikarp/modules/ec/common/dps.c.obj
[skywalker:rw] [95/362] Building C object CMakeFiles/app.dir/mnt/host/source/src/platform/ec/build/zephyr/skywalker/modules/ec/common/usb_pd_host_cmd_common.c.obj
[magikarp:ro] [130/390] Building C object CMakeFiles/app.dir/mnt/host/source/src/platform/ec/build/zephyr/magikarp/modules/ec/common/vboot/efs2.c.obj
[skywalker:ro] [86/362] Building C object CMakeFiles/app.dir/mnt/host/source/src/platform/ec/build/zephyr/skywalker/modules/ec/common/spi_flash_reg.c.obj
[/mnt/host/source/src/platform/ec/build/zephyr/quandiso2-lcov]   /mnt/host/source/src/platform/ec/build/zephyr/quandiso2/build-rw/zephyr/CMakeFiles/zephyr.dir/lib/utils/last_section_id.c.gcno:no functions found
[/mnt/host/source/src/platform/ec/build/zephyr/quandiso2-lcov] stderr:
[magikarp:rw] [316/390] Building C object CMakeFiles/app.dir/mnt/host/source/src/platform/ec/build/zephyr/magikarp/modules/ec/common/event_log.c.obj
[magikarp:rw] [317/390] Building C object CMakeFiles/app.dir/mnt/host/source/src/platform/ec/build/zephyr/magikarp/modules/ec/common/pd_log.c.obj
[skywalker:rw] [96/362] Building C object CMakeFiles/app.dir/mnt/host/source/src/platform/ec/build/zephyr/skywalker/modules/ec/common/button.c.obj
[magikarp:ro] [131/390] Building C object CMakeFiles/app.dir/mnt/host/source/src/platform/ec/build/zephyr/magikarp/modules/ec/common/vstore.c.obj
[magikarp:ro] [132/390] Building C object CMakeFiles/app.dir/mnt/host/source/src/platform/ec/build/zephyr/magikarp/modules/ec/common/math_util.c.obj
[magikarp:ro] [133/390] Building C object CMakeFiles/app.dir/src/board.c.obj
[magikarp:rw] [318/390] Building C object CMakeFiles/app.dir/mnt/host/source/src/platform/ec/build/zephyr/magikarp/modules/ec/common/usbc/usb_tc_drp_acc_trysrc_sm.c.obj
[skywalker:ro] [87/362] Building C object CMakeFiles/app.dir/mnt/host/source/src/platform/ec/build/zephyr/skywalker/modules/ec/driver/stm_mems_common.c.obj
[skywalker:rw] [97/362] Building C object CMakeFiles/app.dir/mnt/host/source/src/platform/ec/build/zephyr/skywalker/modules/ec/common/vboot/efs2.c.obj
[skywalker:rw] [98/362] Building C object CMakeFiles/app.dir/mnt/host/source/src/platform/ec/build/zephyr/skywalker/modules/ec/common/vstore.c.obj
[magikarp:ro] [134/390] Building C object CMakeFiles/app.dir/src/hibernate.c.obj
[skywalker:rw] [99/362] Building C object CMakeFiles/app.dir/mnt/host/source/src/platform/ec/build/zephyr/skywalker/modules/ec/common/math_util.c.obj
[skywalker:ro] [88/362] Building C object CMakeFiles/app.dir/mnt/host/source/src/platform/ec/build/zephyr/skywalker/modules/ec/common/tablet_mode.c.obj
[magikarp:rw] [319/390] Building C object CMakeFiles/app.dir/mnt/host/source/src/platform/ec/build/zephyr/magikarp/modules/ec/common/usbc/usb_prl_sm.c.obj
[magikarp:rw] [320/390] Building C object CMakeFiles/app.dir/mnt/host/source/src/platform/ec/build/zephyr/magikarp/modules/ec/common/usbc/usbc_pd_policy.c.obj
[magikarp:ro] [135/390] Building C object CMakeFiles/app.dir/src/usbc.c.obj
[magikarp:rw] [321/390] Building C object CMakeFiles/app.dir/mnt/host/source/src/platform/ec/build/zephyr/magikarp/modules/ec/common/usbc/usb_pd_dpm.c.obj
[magikarp:rw] [322/390] Building C object CMakeFiles/app.dir/mnt/host/source/src/platform/ec/build/zephyr/magikarp/modules/ec/common/usbc/usb_pe_drp_sm.c.obj
[magikarp:ro] [136/390] Building C object CMakeFiles/app.dir/src/usb_pd_policy.c.obj
[magikarp:rw] [323/390] Building C object CMakeFiles/app.dir/mnt/host/source/src/platform/ec/build/zephyr/magikarp/modules/ec/common/usbc/dp_alt_mode.c.obj
[magikarp:ro] [137/390] Building C object CMakeFiles/app.dir/src/variant_db_detection.c.obj
[skywalker:ro] [89/362] Building C object CMakeFiles/app.dir/mnt/host/source/src/platform/ec/build/zephyr/skywalker/modules/ec/common/timer.c.obj
[magikarp:ro] [138/390] Building C object CMakeFiles/app.dir/src/board_chipset.c.obj
[skywalker:rw] [100/362] Building C object CMakeFiles/app.dir/mnt/host/source/src/platform/ec/build/zephyr/skywalker/modules/ec/zephyr/program/skywalker/src/i2c.c.obj
[skywalker:rw] [101/362] Building C object CMakeFiles/app.dir/mnt/host/source/src/platform/ec/build/zephyr/skywalker/modules/ec/zephyr/program/skywalker/src/hibernate.c.obj
[skywalker:ro] [90/362] Building C object CMakeFiles/app.dir/mnt/host/source/src/platform/ec/build/zephyr/skywalker/modules/ec/common/usb_port_power_dumb.c.obj
[magikarp:ro] [139/390] Building C object CMakeFiles/app.dir/src/ite_i2c.c.obj
[magikarp:rw] [324/390] Building C object CMakeFiles/app.dir/mnt/host/source/src/platform/ec/build/zephyr/magikarp/modules/ec/common/usb_pd_host_cmd.c.obj
[magikarp:rw] [325/390] Building C object CMakeFiles/app.dir/mnt/host/source/src/platform/ec/build/zephyr/magikarp/modules/ec/common/usbc/usb_pd_host.c.obj
[magikarp:ro] [140/390] Building C object CMakeFiles/app.dir/src/ite_hooks.c.obj
[skywalker:rw] [102/362] Building C object CMakeFiles/app.dir/mnt/host/source/src/platform/ec/build/zephyr/skywalker/modules/ec/zephyr/program/skywalker/src/hooks.c.obj
[magikarp:rw] [326/390] Building C object CMakeFiles/app.dir/mnt/host/source/src/platform/ec/build/zephyr/magikarp/modules/ec/common/usb_pd_console_cmd.c.obj
[magikarp:rw] [327/390] Building C object CMakeFiles/app.dir/mnt/host/source/src/platform/ec/build/zephyr/magikarp/modules/ec/zephyr/shim/src/tcpc.c.obj
[magikarp:ro] [141/390] Building C object CMakeFiles/app.dir/src/ite_usb_pd_policy.c.obj
[magikarp:rw] [328/390] Building C object CMakeFiles/app.dir/mnt/host/source/src/platform/ec/build/zephyr/magikarp/modules/ec/common/usb_pd_host_cmd_common.c.obj
[skywalker:ro] [91/362] Building C object CMakeFiles/app.dir/mnt/host/source/src/platform/ec/build/zephyr/skywalker/modules/ec/common/usbc_utils.c.obj
[skywalker:rw] [103/362] Building C object CMakeFiles/app.dir/mnt/host/source/src/platform/ec/build/zephyr/skywalker/modules/ec/zephyr/program/skywalker/src/backlight.c.obj
[magikarp:ro] [142/390] Building C object CMakeFiles/app.dir/src/ite_usbc.c.obj
[skywalker:rw] [104/362] Building C object CMakeFiles/app.dir/mnt/host/source/src/platform/ec/build/zephyr/skywalker/modules/ec/zephyr/program/skywalker/src/dp_alt_mode.c.obj
[magikarp:rw] [329/390] Building C object CMakeFiles/app.dir/mnt/host/source/src/platform/ec/build/zephyr/magikarp/modules/ec/common/usbc_ocp.c.obj
[magikarp:ro] [143/390] Building C object CMakeFiles/app.dir/magikarp/src/sensor.c.obj
[skywalker:ro] [92/362] Building C object CMakeFiles/app.dir/mnt/host/source/src/platform/ec/build/zephyr/skywalker/modules/ec/common/usb_common.c.obj
[magikarp:ro] [144/390] Building C object CMakeFiles/app.dir/magikarp/src/ppc.c.obj
[magikarp:rw] [330/390] Building C object CMakeFiles/app.dir/mnt/host/source/src/platform/ec/build/zephyr/magikarp/modules/ec/common/usbc/svdm_rsp_dfp_only.c.obj
[magikarp:ro] [145/390] Building C object zephyr/CMakeFiles/zephyr.dir/lib/libc/validate_libc.c.obj
[skywalker:rw] [105/362] Building C object CMakeFiles/app.dir/skywalker/src/sensor.c.obj
[skywalker:rw] [106/362] Building C object zephyr/CMakeFiles/zephyr.dir/lib/libc/validate_libc.c.obj
[magikarp:rw] [331/390] Building C object CMakeFiles/app.dir/mnt/host/source/src/platform/ec/build/zephyr/magikarp/modules/ec/common/usb_pd_dual_role.c.obj
[skywalker:rw] [107/362] Linking C static library app/libapp.a
[magikarp:ro] [146/390] Linking C static library app/libapp.a
[skywalker:ro] [93/362] Building C object CMakeFiles/app.dir/mnt/host/source/src/platform/ec/build/zephyr/skywalker/modules/ec/common/chargen.c.obj
[magikarp:rw] [332/390] Building C object CMakeFiles/app.dir/mnt/host/source/src/platform/ec/build/zephyr/magikarp/modules/ec/common/usbc/dp_hpd_gpio.c.obj
[magikarp:rw] [333/390] Building C object CMakeFiles/app.dir/mnt/host/source/src/platform/ec/build/zephyr/magikarp/modules/ec/common/usb_pd_discovery.c.obj
[magikarp:ro] [147/390] Building C object zephyr/CMakeFiles/zephyr.dir/lib/heap/heap.c.obj
[skywalker:rw] [108/362] Building C object zephyr/CMakeFiles/zephyr.dir/lib/heap/heap.c.obj
[magikarp:ro] [148/390] Building C object zephyr/CMakeFiles/zephyr.dir/lib/os/cbprintf_packaged.c.obj
[magikarp:ro] [149/390] Building C object zephyr/CMakeFiles/zephyr.dir/lib/os/clock.c.obj
[skywalker:ro] [94/362] Building C object CMakeFiles/app.dir/mnt/host/source/src/platform/ec/build/zephyr/skywalker/modules/ec/common/usb_pd_host_cmd_common.c.obj
[skywalker:rw] [109/362] Building C object zephyr/CMakeFiles/zephyr.dir/lib/os/cbprintf_packaged.c.obj
[magikarp:rw] [334/390] Building C object CMakeFiles/app.dir/mnt/host/source/src/platform/ec/build/zephyr/magikarp/modules/ec/driver/tcpm/ite_pd_intc.c.obj
[magikarp:ro] [150/390] Building C object zephyr/CMakeFiles/zephyr.dir/lib/os/printk.c.obj
[magikarp:rw] [335/390] Building C object CMakeFiles/app.dir/mnt/host/source/src/platform/ec/build/zephyr/magikarp/modules/ec/driver/tcpm/tcpci.c.obj
[skywalker:rw] [110/362] Building C object zephyr/CMakeFiles/zephyr.dir/lib/os/clock.c.obj
[magikarp:rw] [336/390] Building C object CMakeFiles/app.dir/mnt/host/source/src/platform/ec/build/zephyr/magikarp/modules/ec/driver/tcpm/it8xxx2.c.obj
[magikarp:rw] [337/390] Building C object CMakeFiles/app.dir/mnt/host/source/src/platform/ec/build/zephyr/magikarp/modules/ec/common/usbc_ppc.c.obj
[magikarp:ro] [151/390] Building C object zephyr/CMakeFiles/zephyr.dir/lib/os/sem.c.obj
[magikarp:ro] [152/390] Building C object zephyr/CMakeFiles/zephyr.dir/lib/os/thread_entry.c.obj
[magikarp:rw] [338/390] Building C object CMakeFiles/app.dir/mnt/host/source/src/platform/ec/build/zephyr/magikarp/modules/ec/driver/ppc/rt1739.c.obj
[skywalker:ro] [95/362] Building C object CMakeFiles/app.dir/mnt/host/source/src/platform/ec/build/zephyr/skywalker/modules/ec/common/vboot_hash.c.obj
[skywalker:rw] [111/362] Building C object zephyr/CMakeFiles/zephyr.dir/lib/os/printk.c.obj
[magikarp:ro] [153/390] Building C object zephyr/CMakeFiles/zephyr.dir/lib/os/cbprintf_nano.c.obj
[magikarp:ro] [154/390] Building C object zephyr/CMakeFiles/zephyr.dir/lib/utils/dec.c.obj
[magikarp:ro] [155/390] Building C object zephyr/CMakeFiles/zephyr.dir/lib/os/cbprintf.c.obj
[skywalker:ro] [96/362] Building C object CMakeFiles/app.dir/mnt/host/source/src/platform/ec/build/zephyr/skywalker/modules/ec/common/button.c.obj
[magikarp:ro] [156/390] Building C object zephyr/CMakeFiles/zephyr.dir/lib/utils/hex.c.obj
[skywalker:rw] [112/362] Building C object zephyr/CMakeFiles/zephyr.dir/lib/os/sem.c.obj
[skywalker:rw] [113/362] Building C object zephyr/CMakeFiles/zephyr.dir/lib/os/thread_entry.c.obj
[magikarp:ro] [157/390] Building C object zephyr/CMakeFiles/zephyr.dir/lib/utils/timeutil.c.obj
[magikarp:ro] [158/390] Building C object zephyr/CMakeFiles/zephyr.dir/lib/os/assert.c.obj
[magikarp:rw] [339/390] Building C object CMakeFiles/app.dir/mnt/host/source/src/platform/ec/build/zephyr/magikarp/modules/ec/driver/ppc/syv682x.c.obj
[magikarp:rw] [340/390] Building C object CMakeFiles/app.dir/mnt/host/source/src/platform/ec/build/zephyr/magikarp/modules/ec/common/vboot_hash.c.obj
[magikarp:rw] [341/390] Building C object CMakeFiles/app.dir/mnt/host/source/src/platform/ec/build/zephyr/magikarp/modules/ec/common/button.c.obj
[magikarp:ro] [159/390] Building C object zephyr/CMakeFiles/zephyr.dir/lib/utils/rb.c.obj
[magikarp:rw] [342/390] Building C object CMakeFiles/app.dir/mnt/host/source/src/platform/ec/build/zephyr/magikarp/modules/ec/common/vboot/efs2.c.obj
[magikarp:ro] [160/390] Building C object zephyr/CMakeFiles/zephyr.dir/lib/utils/bitmask.c.obj
[skywalker:rw] [114/362] Building C object zephyr/CMakeFiles/zephyr.dir/lib/os/cbprintf_nano.c.obj
[magikarp:rw] [343/390] Building C object CMakeFiles/app.dir/mnt/host/source/src/platform/ec/build/zephyr/magikarp/modules/ec/common/vstore.c.obj
[skywalker:ro] [97/362] Building C object CMakeFiles/app.dir/mnt/host/source/src/platform/ec/build/zephyr/skywalker/modules/ec/common/vboot/efs2.c.obj
[skywalker:ro] [98/362] Building C object CMakeFiles/app.dir/mnt/host/source/src/platform/ec/build/zephyr/skywalker/modules/ec/common/vstore.c.obj
[magikarp:ro] [161/390] Building C object zephyr/CMakeFiles/zephyr.dir/lib/utils/ring_buffer.c.obj
[skywalker:rw] [115/362] Building C object zephyr/CMakeFiles/zephyr.dir/lib/os/assert.c.obj
[magikarp:ro] [162/390] Building C object zephyr/CMakeFiles/zephyr.dir/lib/utils/bitarray.c.obj
[skywalker:rw] [116/362] Building C object zephyr/CMakeFiles/zephyr.dir/lib/os/cbprintf.c.obj
[skywalker:rw] [117/362] Building C object zephyr/CMakeFiles/zephyr.dir/lib/utils/dec.c.obj
[magikarp:ro] [163/390] Building C object zephyr/CMakeFiles/zephyr.dir/lib/utils/last_section_id.c.obj
[magikarp:ro] [164/390] Building C object zephyr/CMakeFiles/zephyr.dir/lib/utils/getopt/getopt.c.obj
[magikarp:rw] [344/390] Building C object CMakeFiles/app.dir/mnt/host/source/src/platform/ec/build/zephyr/magikarp/modules/ec/common/math_util.c.obj
[magikarp:ro] [165/390] Building C object zephyr/CMakeFiles/zephyr.dir/misc/generated/configs.c.obj
[skywalker:rw] [118/362] Building C object zephyr/CMakeFiles/zephyr.dir/lib/utils/hex.c.obj
[skywalker:rw] [119/362] Building C object zephyr/CMakeFiles/zephyr.dir/lib/utils/timeutil.c.obj
[magikarp:ro] [166/390] Building C object zephyr/CMakeFiles/zephyr.dir/lib/utils/getopt/getopt_common.c.obj
[magikarp:rw] [345/390] Building C object CMakeFiles/app.dir/src/board.c.obj
[magikarp:rw] [346/390] Building C object CMakeFiles/app.dir/src/hibernate.c.obj
[magikarp:ro] [167/390] Building ASM object zephyr/CMakeFiles/zephyr.dir/soc/ite/ec/common/soc_irq.S.obj
[magikarp:rw] [347/390] Building C object CMakeFiles/app.dir/src/usbc.c.obj
[magikarp:rw] [348/390] Building C object CMakeFiles/app.dir/src/usb_pd_policy.c.obj
[skywalker:rw] [120/362] Building C object zephyr/CMakeFiles/zephyr.dir/lib/utils/bitmask.c.obj
[skywalker:rw] [121/362] Building C object zephyr/CMakeFiles/zephyr.dir/lib/utils/rb.c.obj
[magikarp:ro] [168/390] Building C object zephyr/CMakeFiles/zephyr.dir/soc/ite/ec/common/soc_common_irq.c.obj
[/mnt/host/source/src/platform/ec/build/zephyr/joxer-lcov]   /mnt/host/source/src/platform/ec/build/zephyr/joxer/build-rw/CMakeFiles/app.dir/mnt/host/source/src/platform/ec/build/zephyr/joxer/modules/ec/common/cbi_config.c.gcno:no functions found
[skywalker:ro] [99/362] Building C object CMakeFiles/app.dir/mnt/host/source/src/platform/ec/build/zephyr/skywalker/modules/ec/common/math_util.c.obj
[/mnt/host/source/src/platform/ec/build/zephyr/joxer-lcov] stderr:
[magikarp:ro] [169/390] Building C object zephyr/CMakeFiles/zephyr.dir/soc/ite/ec/common/power.c.obj
[skywalker:rw] [122/362] Building C object zephyr/CMakeFiles/zephyr.dir/lib/utils/bitarray.c.obj
[magikarp:ro] [170/390] Building C object zephyr/CMakeFiles/zephyr.dir/soc/ite/ec/common/policy.c.obj
[magikarp:rw] [349/390] Building C object CMakeFiles/app.dir/src/variant_db_detection.c.obj
[magikarp:ro] [171/390] Building C object zephyr/CMakeFiles/zephyr.dir/soc/ite/ec/it8xxx2/soc.c.obj
[magikarp:ro] [172/390] Building ASM object zephyr/CMakeFiles/zephyr.dir/soc/ite/ec/it8xxx2/__arithmetic.S.obj
[magikarp:rw] [350/390] Building C object CMakeFiles/app.dir/src/board_chipset.c.obj
[magikarp:rw] [351/390] Building C object CMakeFiles/app.dir/src/ite_hooks.c.obj
[skywalker:rw] [123/362] Building C object zephyr/CMakeFiles/zephyr.dir/lib/utils/ring_buffer.c.obj
[magikarp:ro] [173/390] Building C object zephyr/CMakeFiles/zephyr.dir/soc/ite/ec/it8xxx2/check_regs.c.obj
[magikarp:rw] [352/390] Building C object CMakeFiles/app.dir/src/ite_i2c.c.obj
[magikarp:ro] [174/390] Building ASM object zephyr/CMakeFiles/zephyr.dir/soc/ite/ec/it8xxx2/vector.S.obj
[skywalker:rw] [124/362] Building C object zephyr/CMakeFiles/zephyr.dir/lib/utils/last_section_id.c.obj
[magikarp:rw] [353/390] Building C object CMakeFiles/app.dir/src/ite_usb_pd_policy.c.obj
[/mnt/host/source/src/platform/ec/build/zephyr/joxer-lcov]   /mnt/host/source/src/platform/ec/build/zephyr/joxer/build-rw/zephyr/arch/arch/riscv/core/CMakeFiles/arch__riscv__core.dir/cpu_idle.c.gcno:no functions found
[/mnt/host/source/src/platform/ec/build/zephyr/joxer-lcov] stderr:
[magikarp:rw] [354/390] Linking C static library modules/ec/zephyr/libec_shim.a
[skywalker:rw] [125/362] Building C object zephyr/CMakeFiles/zephyr.dir/lib/utils/getopt/getopt_common.c.obj
[skywalker:ro] [100/362] Building C object CMakeFiles/app.dir/mnt/host/source/src/platform/ec/build/zephyr/skywalker/modules/ec/zephyr/program/skywalker/src/i2c.c.obj
[skywalker:ro] [101/362] Building C object CMakeFiles/app.dir/mnt/host/source/src/platform/ec/build/zephyr/skywalker/modules/ec/zephyr/program/skywalker/src/hibernate.c.obj
[skywalker:rw] [126/362] Building C object zephyr/CMakeFiles/zephyr.dir/misc/generated/configs.c.obj
[skywalker:rw] [127/362] Building C object zephyr/CMakeFiles/zephyr.dir/lib/utils/getopt/getopt.c.obj
[magikarp:ro] [175/390] Building C object zephyr/CMakeFiles/zephyr.dir/subsys/pm/state.c.obj
[skywalker:ro] [102/362] Building C object CMakeFiles/app.dir/mnt/host/source/src/platform/ec/build/zephyr/skywalker/modules/ec/zephyr/program/skywalker/src/hooks.c.obj
[magikarp:ro] [176/390] Building C object zephyr/CMakeFiles/zephyr.dir/subsys/logging/log_minimal.c.obj
[magikarp:ro] [177/390] Building C object zephyr/CMakeFiles/zephyr.dir/subsys/pm/pm.c.obj
[magikarp:rw] [355/390] Building C object CMakeFiles/app.dir/src/ite_usbc.c.obj
[magikarp:ro] [178/390] Building C object zephyr/CMakeFiles/zephyr.dir/soc/ite/ec/it8xxx2/ilm.c.obj
[magikarp:rw] [356/390] Building C object zephyr/kernel/CMakeFiles/kernel.dir/banner.c.obj
[magikarp:rw] [357/390] Building C object CMakeFiles/app.dir/magikarp/src/sensor.c.obj
[magikarp:rw] [358/390] Building C object zephyr/kernel/CMakeFiles/kernel.dir/busy_wait.c.obj
[magikarp:rw] [359/390] Building C object CMakeFiles/app.dir/magikarp/src/ppc.c.obj
[skywalker:rw] [128/362] Building C object zephyr/CMakeFiles/zephyr.dir/soc/nuvoton/npcx/common/power.c.obj
[skywalker:rw] [129/362] Building C object zephyr/CMakeFiles/zephyr.dir/soc/nuvoton/npcx/common/npcxn/registers.c.obj
[magikarp:ro] [179/390] Building C object zephyr/CMakeFiles/zephyr.dir/subsys/pm/policy/policy_events.c.obj
[magikarp:rw] [360/390] Linking C static library app/libapp.a
[skywalker:rw] [130/362] Building C object zephyr/CMakeFiles/zephyr.dir/soc/nuvoton/npcx/common/scfg.c.obj
[magikarp:ro] [180/390] Building C object zephyr/CMakeFiles/zephyr.dir/subsys/pm/policy/policy_latency.c.obj
[skywalker:ro] [103/362] Building C object CMakeFiles/app.dir/mnt/host/source/src/platform/ec/build/zephyr/skywalker/modules/ec/zephyr/program/skywalker/src/backlight.c.obj
[magikarp:rw] [361/390] Building C object zephyr/kernel/CMakeFiles/kernel.dir/device.c.obj
[magikarp:ro] [181/390] Building C object zephyr/CMakeFiles/zephyr.dir/subsys/pm/policy/policy_state_lock.c.obj
[magikarp:ro] [182/390] Building C object zephyr/CMakeFiles/zephyr.dir/subsys/pm/device.c.obj
[magikarp:rw] [362/390] Building C object zephyr/kernel/CMakeFiles/kernel.dir/errno.c.obj
[/mnt/host/source/src/platform/ec/build/zephyr/joxer-lcov]   /mnt/host/source/src/platform/ec/build/zephyr/joxer/build-rw/zephyr/arch/common/CMakeFiles/isr_tables.dir/isr_tables.c.gcno:no functions found
[/mnt/host/source/src/platform/ec/build/zephyr/joxer-lcov] stderr:
[magikarp:rw] [363/390] Building C object zephyr/kernel/CMakeFiles/kernel.dir/fatal.c.obj
[skywalker:ro] [104/362] Building C object CMakeFiles/app.dir/mnt/host/source/src/platform/ec/build/zephyr/skywalker/modules/ec/zephyr/program/skywalker/src/dp_alt_mode.c.obj
[magikarp:rw] [364/390] Building C object zephyr/kernel/CMakeFiles/kernel.dir/version.c.obj
[magikarp:rw] [365/390] Building C object zephyr/kernel/CMakeFiles/kernel.dir/init.c.obj
[skywalker:rw] [131/362] Building C object zephyr/CMakeFiles/zephyr.dir/soc/nuvoton/npcx/npcx9/soc.c.obj
[magikarp:ro] [183/390] Building C object zephyr/CMakeFiles/zephyr.dir/subsys/pm/device_system_managed.c.obj
[skywalker:rw] [132/362] Building C object zephyr/CMakeFiles/zephyr.dir/subsys/logging/log_minimal.c.obj
[magikarp:rw] [366/390] Building C object zephyr/kernel/CMakeFiles/kernel.dir/kheap.c.obj
[skywalker:rw] [133/362] Building C object zephyr/CMakeFiles/zephyr.dir/subsys/mem_mgmt/mem_attr.c.obj
[magikarp:ro] [184/390] Building C object zephyr/CMakeFiles/zephyr.dir/subsys/testsuite/coverage/coverage.c.obj
[magikarp:rw] [367/390] Building C object zephyr/kernel/CMakeFiles/kernel.dir/mem_slab.c.obj
[magikarp:ro] [185/390] Building C object zephyr/CMakeFiles/zephyr.dir/subsys/tracing/tracing_none.c.obj
[magikarp:ro] [186/390] Building C object zephyr/CMakeFiles/zephyr.dir/subsys/shell/modules/kernel_service/kernel_shell.c.obj
[magikarp:rw] [368/390] Building C object zephyr/kernel/CMakeFiles/kernel.dir/float.c.obj
[skywalker:ro] [105/362] Building C object zephyr/CMakeFiles/zephyr.dir/lib/libc/validate_libc.c.obj
[skywalker:ro] [106/362] Building C object CMakeFiles/app.dir/skywalker/src/sensor.c.obj
[skywalker:ro] [107/362] Linking C static library app/libapp.a
[magikarp:rw] [369/390] Building C object zephyr/kernel/CMakeFiles/kernel.dir/idle.c.obj
[magikarp:rw] [370/390] Building C object zephyr/kernel/CMakeFiles/kernel.dir/mailbox.c.obj
[skywalker:rw] [134/362] Building C object zephyr/CMakeFiles/zephyr.dir/subsys/pm/state.c.obj
[magikarp:ro] [187/390] Building C object zephyr/CMakeFiles/zephyr.dir/subsys/shell/modules/kernel_service/cycles.c.obj
[skywalker:rw] [135/362] Building C object zephyr/CMakeFiles/zephyr.dir/subsys/pm/pm.c.obj
[/mnt/host/source/src/platform/ec/build/zephyr/quandiso2-lcov]   /mnt/host/source/src/platform/ec/build/zephyr/quandiso2/build-rw/zephyr/CMakeFiles/zephyr.dir/soc/ite/ec/it8xxx2/check_regs.c.gcno:no functions found
[/mnt/host/source/src/platform/ec/build/zephyr/quandiso2-lcov] stderr:
[magikarp:rw] [371/390] Building C object zephyr/kernel/CMakeFiles/kernel.dir/msg_q.c.obj
[skywalker:rw] [136/362] Building C object zephyr/CMakeFiles/zephyr.dir/subsys/pm/policy/policy_events.c.obj
[magikarp:ro] [188/390] Building C object zephyr/CMakeFiles/zephyr.dir/subsys/shell/modules/kernel_service/sleep.c.obj
[magikarp:ro] [189/390] Building C object zephyr/CMakeFiles/zephyr.dir/subsys/shell/modules/kernel_service/uptime.c.obj
[magikarp:ro] [190/390] Building C object zephyr/CMakeFiles/zephyr.dir/subsys/shell/modules/kernel_service/version.c.obj
[magikarp:rw] [372/390] Building C object zephyr/kernel/CMakeFiles/kernel.dir/mutex.c.obj
[magikarp:rw] [373/390] Building C object zephyr/kernel/CMakeFiles/kernel.dir/queue.c.obj
[skywalker:ro] [108/362] Building C object zephyr/CMakeFiles/zephyr.dir/lib/heap/heap.c.obj
[skywalker:ro] [109/362] Building C object zephyr/CMakeFiles/zephyr.dir/lib/os/cbprintf_packaged.c.obj
[skywalker:rw] [137/362] Building C object zephyr/CMakeFiles/zephyr.dir/subsys/pm/policy/policy_latency.c.obj
[magikarp:rw] [374/390] Building C object zephyr/kernel/CMakeFiles/kernel.dir/stack.c.obj
[skywalker:rw] [138/362] Building C object zephyr/CMakeFiles/zephyr.dir/subsys/pm/policy/policy_state_lock.c.obj
[magikarp:rw] [375/390] Building C object zephyr/kernel/CMakeFiles/kernel.dir/sem.c.obj
[magikarp:ro] [191/390] Building C object zephyr/CMakeFiles/zephyr.dir/subsys/shell/modules/kernel_service/thread/thread.c.obj
[magikarp:rw] [376/390] Building C object zephyr/kernel/CMakeFiles/kernel.dir/system_work_q.c.obj
[skywalker:rw] [139/362] Building C object zephyr/CMakeFiles/zephyr.dir/subsys/pm/device.c.obj
[magikarp:ro] [192/390] Building C object zephyr/CMakeFiles/zephyr.dir/subsys/shell/modules/kernel_service/thread/unwind.c.obj
[magikarp:ro] [193/390] Building C object zephyr/CMakeFiles/zephyr.dir/subsys/shell/modules/kernel_service/thread/list.c.obj
[magikarp:ro] [194/390] Building C object zephyr/CMakeFiles/zephyr.dir/subsys/shell/modules/kernel_service/thread/stacks.c.obj
[magikarp:rw] [377/390] Building C object zephyr/kernel/CMakeFiles/kernel.dir/condvar.c.obj
[magikarp:rw] [378/390] Building C object zephyr/kernel/CMakeFiles/kernel.dir/work.c.obj
[magikarp:rw] [379/390] Building C object zephyr/kernel/CMakeFiles/kernel.dir/thread.c.obj
[skywalker:ro] [110/362] Building C object zephyr/CMakeFiles/zephyr.dir/lib/os/clock.c.obj
[magikarp:ro] [195/390] Building C object zephyr/CMakeFiles/zephyr.dir/subsys/shell/modules/kernel_service/thread/suspend.c.obj
[skywalker:ro] [111/362] Building C object zephyr/CMakeFiles/zephyr.dir/lib/os/printk.c.obj
[skywalker:rw] [140/362] Building C object zephyr/CMakeFiles/zephyr.dir/subsys/pm/device_runtime.c.obj
[magikarp:rw] [380/390] Building C object zephyr/kernel/CMakeFiles/kernel.dir/sched.c.obj
[magikarp:rw] [381/390] Building C object zephyr/kernel/CMakeFiles/kernel.dir/pipe.c.obj
[skywalker:rw] [141/362] Building C object zephyr/CMakeFiles/zephyr.dir/subsys/testsuite/coverage/coverage.c.obj
[skywalker:rw] [142/362] Building C object zephyr/CMakeFiles/zephyr.dir/subsys/tracing/tracing_none.c.obj
[magikarp:ro] [196/390] Building C object zephyr/CMakeFiles/zephyr.dir/subsys/shell/modules/kernel_service/thread/resume.c.obj
[magikarp:ro] [197/390] Building C object zephyr/CMakeFiles/zephyr.dir/subsys/shell/modules/kernel_service/thread/kill.c.obj
[magikarp:rw] [382/390] Building C object zephyr/kernel/CMakeFiles/kernel.dir/thread_monitor.c.obj
[magikarp:ro] [198/390] Building C object zephyr/CMakeFiles/zephyr.dir/subsys/shell/backends/shell_uart.c.obj
[magikarp:rw] [383/390] Building C object zephyr/kernel/CMakeFiles/kernel.dir/spinlock_validate.c.obj
[magikarp:rw] [384/390] Building C object zephyr/kernel/CMakeFiles/kernel.dir/timeout.c.obj
[skywalker:ro] [112/362] Building C object zephyr/CMakeFiles/zephyr.dir/lib/os/sem.c.obj
[skywalker:rw] [143/362] Building C object zephyr/CMakeFiles/zephyr.dir/subsys/shell/modules/kernel_service/kernel_shell.c.obj
[magikarp:rw] [385/390] Building C object zephyr/kernel/CMakeFiles/kernel.dir/timer.c.obj
[skywalker:ro] [113/362] Building C object zephyr/CMakeFiles/zephyr.dir/lib/os/thread_entry.c.obj
[magikarp:ro] [199/390] Building C object zephyr/CMakeFiles/zephyr.dir/subsys/shell/shell.c.obj
[magikarp:rw] [386/390] Building C object zephyr/kernel/CMakeFiles/kernel.dir/poll.c.obj
[skywalker:rw] [144/362] Building C object zephyr/CMakeFiles/zephyr.dir/subsys/shell/modules/kernel_service/cycles.c.obj
[magikarp:ro] [200/390] Building C object zephyr/CMakeFiles/zephyr.dir/subsys/shell/shell_fprintf.c.obj
[skywalker:rw] [145/362] Building C object zephyr/CMakeFiles/zephyr.dir/subsys/shell/modules/kernel_service/sleep.c.obj
[magikarp:rw] [387/390] Building C object zephyr/kernel/CMakeFiles/kernel.dir/events.c.obj
[magikarp:ro] [201/390] Building C object zephyr/CMakeFiles/zephyr.dir/subsys/shell/shell_utils.c.obj
[magikarp:ro] [202/390] Building C object zephyr/CMakeFiles/zephyr.dir/subsys/shell/shell_ops.c.obj
Running (initial) lcov on /mnt/host/source/src/platform/ec/build/zephyr/deku.
[magikarp:rw] [388/390] Building C object zephyr/kernel/CMakeFiles/kernel.dir/dynamic_disabled.c.obj
[skywalker:ro] [114/362] Building C object zephyr/CMakeFiles/zephyr.dir/lib/os/cbprintf_nano.c.obj
[pujjoniru:rw] Building: /usr/bin/ninja -C /mnt/host/source/src/platform/ec/build/zephyr/pujjoniru/build-rw all.libraries
Running `env -i SHELL=/bin/bash COLORTERM=truecolor DEPOT_TOOLS_UPDATE=0 LESS='-R -M --shift 5' SUDO_GID=0 JDK_HOME=/etc/java-config-2/current-system-vm CONFIG_PROTECT_MASK='/etc/gentoo-release /etc/sandbox.d /etc/fonts/fonts.conf /etc/terminfo /etc/ca-certificates.conf /etc/revdep-rebuild' CHROMEOS_CACHEDIR=/var/cache/chromeos-cache JAVA_HOME=/etc/java-config-2/current-system-vm SSH_AUTH_SOCK=/tmp/ssh-auth-sock SUDO_COMMAND=/bin/bash SUDO_USER=root SUDO_TTY=/dev/pts/2 EDITOR=/usr/bin/vi PWD=/mnt/host/source/src/platform/ec CONFIG_PROTECT=/usr/share/gnupg/qualified.txt LOGNAME=jpmurphy MANPATH=/etc/java-config-2/current-system-vm/man:/usr/local/share/man:/usr/share/man:/usr/share/gcc-data/x86_64-pc-linux-gnu/10.2.0/man:/usr/share/binutils-data/x86_64-pc-linux-gnu/2.45/man:/etc/java-config-2/current-system-vm/man/ SUDO_HOME=/root XAUTHORITY=/run/user/944457/gdm/Xauthority HOME=/home/jpmurphy LANG=C.UTF-8 LS_COLORS='rs=0:di=01;34:ln=01;36:mh=00:pi=40;33:so=01;35:do=01;35:bd=40;33;01:cd=40;33;01:or=01;05;37;41:mi=01;05;37;41:su=37;41:sg=30;43:ca=30;41:tw=30;42:ow=34;42:st=37;44:ex=01;32:*.tar=01;31:*.tgz=01;31:*.arc=01;31:*.arj=01;31:*.taz=01;31:*.lha=01;31:*.lz4=01;31:*.lzh=01;31:*.lzma=01;31:*.tlz=01;31:*.txz=01;31:*.tzo=01;31:*.t7z=01;31:*.zip=01;31:*.z=01;31:*.dz=01;31:*.gz=01;31:*.lrz=01;31:*.lz=01;31:*.lzo=01;31:*.xz=01;31:*.zst=01;31:*.tzst=01;31:*.bz2=01;31:*.bz=01;31:*.tbz=01;31:*.tbz2=01;31:*.tz=01;31:*.deb=01;31:*.rpm=01;31:*.jar=01;31:*.war=01;31:*.ear=01;31:*.sar=01;31:*.rar=01;31:*.alz=01;31:*.ace=01;31:*.zoo=01;31:*.cpio=01;31:*.7z=01;31:*.rz=01;31:*.cab=01;31:*.wim=01;31:*.swm=01;31:*.dwm=01;31:*.esd=01;31:*.jpg=01;35:*.jpeg=01;35:*.mjpg=01;35:*.mjpeg=01;35:*.gif=01;35:*.bmp=01;35:*.pbm=01;35:*.pgm=01;35:*.ppm=01;35:*.tga=01;35:*.xbm=01;35:*.xpm=01;35:*.tif=01;35:*.tiff=01;35:*.png=01;35:*.svg=01;35:*.svgz=01;35:*.mng=01;35:*.pcx=01;35:*.mov=01;35:*.mpg=01;35:*.mpeg=01;35:*.m2v=01;35:*.mkv=01;35:*.webm=01;35:*.webp=01;35:*.ogm=01;35:*.mp4=01;35:*.m4v=01;35:*.mp4v=01;35:*.vob=01;35:*.qt=01;35:*.nuv=01;35:*.wmv=01;35:*.asf=01;35:*.rm=01;35:*.rmvb=01;35:*.flc=01;35:*.avi=01;35:*.fli=01;35:*.flv=01;35:*.gl=01;35:*.dl=01;35:*.xcf=01;35:*.xwd=01;35:*.yuv=01;35:*.cgm=01;35:*.emf=01;35:*.ogv=01;35:*.ogx=01;35:*.cfg=00;32:*.conf=00;32:*.diff=00;32:*.doc=00;32:*.ini=00;32:*.log=00;32:*.patch=00;32:*.pdf=00;32:*.ps=00;32:*.tex=00;32:*.txt=00;32:*.aac=00;36:*.au=00;36:*.flac=00;36:*.m4a=00;36:*.mid=00;36:*.midi=00;36:*.mka=00;36:*.mp3=00;36:*.mpc=00;36:*.ogg=00;36:*.ra=00;36:*.wav=00;36:*.oga=00;36:*.opus=00;36:*.spx=00;36:*.xspf=00;36:' XDG_CURRENT_DESKTOP=GNOME INFOPATH=/usr/share/info:/usr/share/gcc-data/x86_64-pc-linux-gnu/10.2.0/info:/usr/share/binutils-data/x86_64-pc-linux-gnu/2.45/info:/usr/share/automake-1.16.5/info JAVAC=/etc/java-config-2/current-system-vm/bin/javac TERM=xterm-256color LESSOPEN='|lesspipe %s' USER=jpmurphy CROS_WORKON_SRCROOT=/mnt/host/source MANPAGER=manpager DISPLAY=:1 SHLVL=1 LC_MESSAGES=C EXTERNAL_TRUNK_PATH=/mnt/8f9d649a-3721-44cc-93c0-e6bd21a9689f/chromiumos GCC_SPECS='' PATH=/mnt/host/source/chromite/bin:/usr/local/bin:/usr/bin:/bin:/opt/bin:/mnt/host/source/chromite/sdk/bin:/mnt/host/source/chromite/bin PORTAGE_USERNAME=jpmurphy SUDO_UID=0 GCC_VER=10.2.0 MAIL=/var/mail/jpmurphy OLDPWD=/mnt/host/source/src/scripts traceparent=00-e87aca51550a78635907baa6a2476181-6d684811675d2973-01 _=./zephyr/firmware_builder.py COREBOOT_SDK_ROOT_x86=/home/jpmurphy/.cache/coreboot-sdk/i386-elf/dfbb0486385d938cfa9d73080b9d18d598ed4f49 COREBOOT_SDK_ROOT_picolibc_x86=/home/jpmurphy/.cache/coreboot-sdk/picolibc-i386-elf/eb8e8e687b95461de8cbf278f1c2076952d0ad17 COREBOOT_SDK_ROOT_riscv64=/home/jpmurphy/.cache/coreboot-sdk/riscv64-elf/96b949749225b6aaa92ed810ab769e8dfb12f000 COREBOOT_SDK_ROOT_picolibc_arm=/home/jpmurphy/.cache/coreboot-sdk/picolibc-arm-eabi/422a2aa3e1ef891b5bece9a3deb696ff83840d2e COREBOOT_SDK_ROOT_nds32=/home/jpmurphy/.cache/coreboot-sdk/nds32le-elf/d1a518c4a097666d86058e1444f85ca015d15511 COREBOOT_SDK_ROOT_picolibc_riscv64=/home/jpmurphy/.cache/coreboot-sdk/picolibc-riscv64-elf/f571e990ef0278564b31124f8bb109d9a697eb69 COREBOOT_SDK_ROOT_arm=/home/jpmurphy/.cache/coreboot-sdk/arm-eabi/ea40ddd1d190c3b48435c474c0b545719371813a COREBOOT_SDK_ROOT_libstdcxx_riscv64=/home/jpmurphy/.cache/coreboot-sdk/libstdcxx-riscv64-elf/17abf22a3a252e2d5d2062ced5324f7a623689e0 COREBOOT_SDK_ROOT_libstdcxx_arm=/home/jpmurphy/.cache/coreboot-sdk/libstdcxx-arm-eabi/5d7d82e150e44aa1968f1d366e267e6687b328ac COREBOOT_SDK_ROOT_riscv=/home/jpmurphy/.cache/coreboot-sdk/riscv-elf/9a27b9e82341c6e9126624f516ab3f261abb3e73 COREBOOT_SDK_ROOT_libstdcxx_x86=/home/jpmurphy/.cache/coreboot-sdk/libstdcxx-i386-elf/42ef9d2e87a76a37963175d7d428734e65648b87 PYTHONPATH=/mnt/host/source/src/platform/ec/zephyr/zmake PW_PIGWEED_CIPD_INSTALL_DIR=/usr CROSTC_USER_ACKNOWLEDGES_THAT_RISCV_IS_EXPERIMENTAL=1 MAKEFLAGS=' -j16 --jobserver-auth=5,6' /usr/bin/ninja -C /mnt/host/source/src/platform/ec/build/zephyr/pujjoniru/build-rw all.libraries`
[magikarp:rw] [389/390] Building C object zephyr/kernel/CMakeFiles/kernel.dir/mempool.c.obj
[pujjoniru:rw] ninja: Entering directory `/mnt/host/source/src/platform/ec/build/zephyr/pujjoniru/build-rw'
[skywalker:rw] [146/362] Building C object zephyr/CMakeFiles/zephyr.dir/subsys/shell/modules/kernel_service/uptime.c.obj
[magikarp:rw] [390/390] Linking C static library zephyr/kernel/libkernel.a
[pujjoniru:ro] Building: /usr/bin/ninja -C /mnt/host/source/src/platform/ec/build/zephyr/pujjoniru/build-ro all.libraries
Running `env -i SHELL=/bin/bash COLORTERM=truecolor DEPOT_TOOLS_UPDATE=0 LESS='-R -M --shift 5' SUDO_GID=0 JDK_HOME=/etc/java-config-2/current-system-vm CONFIG_PROTECT_MASK='/etc/gentoo-release /etc/sandbox.d /etc/fonts/fonts.conf /etc/terminfo /etc/ca-certificates.conf /etc/revdep-rebuild' CHROMEOS_CACHEDIR=/var/cache/chromeos-cache JAVA_HOME=/etc/java-config-2/current-system-vm SSH_AUTH_SOCK=/tmp/ssh-auth-sock SUDO_COMMAND=/bin/bash SUDO_USER=root SUDO_TTY=/dev/pts/2 EDITOR=/usr/bin/vi PWD=/mnt/host/source/src/platform/ec CONFIG_PROTECT=/usr/share/gnupg/qualified.txt LOGNAME=jpmurphy MANPATH=/etc/java-config-2/current-system-vm/man:/usr/local/share/man:/usr/share/man:/usr/share/gcc-data/x86_64-pc-linux-gnu/10.2.0/man:/usr/share/binutils-data/x86_64-pc-linux-gnu/2.45/man:/etc/java-config-2/current-system-vm/man/ SUDO_HOME=/root XAUTHORITY=/run/user/944457/gdm/Xauthority HOME=/home/jpmurphy LANG=C.UTF-8 LS_COLORS='rs=0:di=01;34:ln=01;36:mh=00:pi=40;33:so=01;35:do=01;35:bd=40;33;01:cd=40;33;01:or=01;05;37;41:mi=01;05;37;41:su=37;41:sg=30;43:ca=30;41:tw=30;42:ow=34;42:st=37;44:ex=01;32:*.tar=01;31:*.tgz=01;31:*.arc=01;31:*.arj=01;31:*.taz=01;31:*.lha=01;31:*.lz4=01;31:*.lzh=01;31:*.lzma=01;31:*.tlz=01;31:*.txz=01;31:*.tzo=01;31:*.t7z=01;31:*.zip=01;31:*.z=01;31:*.dz=01;31:*.gz=01;31:*.lrz=01;31:*.lz=01;31:*.lzo=01;31:*.xz=01;31:*.zst=01;31:*.tzst=01;31:*.bz2=01;31:*.bz=01;31:*.tbz=01;31:*.tbz2=01;31:*.tz=01;31:*.deb=01;31:*.rpm=01;31:*.jar=01;31:*.war=01;31:*.ear=01;31:*.sar=01;31:*.rar=01;31:*.alz=01;31:*.ace=01;31:*.zoo=01;31:*.cpio=01;31:*.7z=01;31:*.rz=01;31:*.cab=01;31:*.wim=01;31:*.swm=01;31:*.dwm=01;31:*.esd=01;31:*.jpg=01;35:*.jpeg=01;35:*.mjpg=01;35:*.mjpeg=01;35:*.gif=01;35:*.bmp=01;35:*.pbm=01;35:*.pgm=01;35:*.ppm=01;35:*.tga=01;35:*.xbm=01;35:*.xpm=01;35:*.tif=01;35:*.tiff=01;35:*.png=01;35:*.svg=01;35:*.svgz=01;35:*.mng=01;35:*.pcx=01;35:*.mov=01;35:*.mpg=01;35:*.mpeg=01;35:*.m2v=01;35:*.mkv=01;35:*.webm=01;35:*.webp=01;35:*.ogm=01;35:*.mp4=01;35:*.m4v=01;35:*.mp4v=01;35:*.vob=01;35:*.qt=01;35:*.nuv=01;35:*.wmv=01;35:*.asf=01;35:*.rm=01;35:*.rmvb=01;35:*.flc=01;35:*.avi=01;35:*.fli=01;35:*.flv=01;35:*.gl=01;35:*.dl=01;35:*.xcf=01;35:*.xwd=01;35:*.yuv=01;35:*.cgm=01;35:*.emf=01;35:*.ogv=01;35:*.ogx=01;35:*.cfg=00;32:*.conf=00;32:*.diff=00;32:*.doc=00;32:*.ini=00;32:*.log=00;32:*.patch=00;32:*.pdf=00;32:*.ps=00;32:*.tex=00;32:*.txt=00;32:*.aac=00;36:*.au=00;36:*.flac=00;36:*.m4a=00;36:*.mid=00;36:*.midi=00;36:*.mka=00;36:*.mp3=00;36:*.mpc=00;36:*.ogg=00;36:*.ra=00;36:*.wav=00;36:*.oga=00;36:*.opus=00;36:*.spx=00;36:*.xspf=00;36:' XDG_CURRENT_DESKTOP=GNOME INFOPATH=/usr/share/info:/usr/share/gcc-data/x86_64-pc-linux-gnu/10.2.0/info:/usr/share/binutils-data/x86_64-pc-linux-gnu/2.45/info:/usr/share/automake-1.16.5/info JAVAC=/etc/java-config-2/current-system-vm/bin/javac TERM=xterm-256color LESSOPEN='|lesspipe %s' USER=jpmurphy CROS_WORKON_SRCROOT=/mnt/host/source MANPAGER=manpager DISPLAY=:1 SHLVL=1 LC_MESSAGES=C EXTERNAL_TRUNK_PATH=/mnt/8f9d649a-3721-44cc-93c0-e6bd21a9689f/chromiumos GCC_SPECS='' PATH=/mnt/host/source/chromite/bin:/usr/local/bin:/usr/bin:/bin:/opt/bin:/mnt/host/source/chromite/sdk/bin:/mnt/host/source/chromite/bin PORTAGE_USERNAME=jpmurphy SUDO_UID=0 GCC_VER=10.2.0 MAIL=/var/mail/jpmurphy OLDPWD=/mnt/host/source/src/scripts traceparent=00-e87aca51550a78635907baa6a2476181-6d684811675d2973-01 _=./zephyr/firmware_builder.py COREBOOT_SDK_ROOT_x86=/home/jpmurphy/.cache/coreboot-sdk/i386-elf/dfbb0486385d938cfa9d73080b9d18d598ed4f49 COREBOOT_SDK_ROOT_picolibc_x86=/home/jpmurphy/.cache/coreboot-sdk/picolibc-i386-elf/eb8e8e687b95461de8cbf278f1c2076952d0ad17 COREBOOT_SDK_ROOT_riscv64=/home/jpmurphy/.cache/coreboot-sdk/riscv64-elf/96b949749225b6aaa92ed810ab769e8dfb12f000 COREBOOT_SDK_ROOT_picolibc_arm=/home/jpmurphy/.cache/coreboot-sdk/picolibc-arm-eabi/422a2aa3e1ef891b5bece9a3deb696ff83840d2e COREBOOT_SDK_ROOT_nds32=/home/jpmurphy/.cache/coreboot-sdk/nds32le-elf/d1a518c4a097666d86058e1444f85ca015d15511 COREBOOT_SDK_ROOT_picolibc_riscv64=/home/jpmurphy/.cache/coreboot-sdk/picolibc-riscv64-elf/f571e990ef0278564b31124f8bb109d9a697eb69 COREBOOT_SDK_ROOT_arm=/home/jpmurphy/.cache/coreboot-sdk/arm-eabi/ea40ddd1d190c3b48435c474c0b545719371813a COREBOOT_SDK_ROOT_libstdcxx_riscv64=/home/jpmurphy/.cache/coreboot-sdk/libstdcxx-riscv64-elf/17abf22a3a252e2d5d2062ced5324f7a623689e0 COREBOOT_SDK_ROOT_libstdcxx_arm=/home/jpmurphy/.cache/coreboot-sdk/libstdcxx-arm-eabi/5d7d82e150e44aa1968f1d366e267e6687b328ac COREBOOT_SDK_ROOT_riscv=/home/jpmurphy/.cache/coreboot-sdk/riscv-elf/9a27b9e82341c6e9126624f516ab3f261abb3e73 COREBOOT_SDK_ROOT_libstdcxx_x86=/home/jpmurphy/.cache/coreboot-sdk/libstdcxx-i386-elf/42ef9d2e87a76a37963175d7d428734e65648b87 PYTHONPATH=/mnt/host/source/src/platform/ec/zephyr/zmake PW_PIGWEED_CIPD_INSTALL_DIR=/usr CROSTC_USER_ACKNOWLEDGES_THAT_RISCV_IS_EXPERIMENTAL=1 MAKEFLAGS=' -j16 --jobserver-auth=5,6' /usr/bin/ninja -C /mnt/host/source/src/platform/ec/build/zephyr/pujjoniru/build-ro all.libraries`
[pujjoniru:ro] ninja: Entering directory `/mnt/host/source/src/platform/ec/build/zephyr/pujjoniru/build-ro'
[magikarp:ro] [203/390] Building C object zephyr/CMakeFiles/zephyr.dir/subsys/shell/shell_help.c.obj
[magikarp:ro] [204/390] Building C object zephyr/CMakeFiles/zephyr.dir/subsys/shell/shell_history.c.obj
[skywalker:ro] [115/362] Building C object zephyr/CMakeFiles/zephyr.dir/lib/os/cbprintf.c.obj
Running `env -i PYTHONPATH=/usr/lib64/python-exec/python3.11:/mnt/host/source/src/platform/ec/zephyr/zmake:/usr/lib/python311.zip:/usr/lib/python3.11:/usr/lib/python3.11/lib-dynload:/usr/lib/python3.11/site-packages PW_PIGWEED_CIPD_INSTALL_DIR=/usr CROSTC_USER_ACKNOWLEDGES_THAT_RISCV_IS_EXPERIMENTAL=1 PATH=/mnt/host/source/chromite/bin:/usr/local/bin:/usr/bin:/bin:/opt/bin:/mnt/host/source/chromite/sdk/bin:/mnt/host/source/chromite/bin HOME=/home/jpmurphy JAVA_HOME=/etc/java-config-2/current-system-vm JDK_HOME=/etc/java-config-2/current-system-vm JAVAC=/etc/java-config-2/current-system-vm/bin/javac MAKEFLAGS=' -j16 --jobserver-auth=5,6' /usr/bin/lcov --gcov-tool /mnt/host/source/src/platform/ec/build/zephyr/deku/build-rw/gcov.sh -q -o - -c -d /mnt/host/source/src/platform/ec/build/zephyr/deku -t deku --rc branch_coverage=1 --filter range --ignore-errors inconsistent,source --ignore-errors gcov,gcov -i`
[skywalker:rw] [147/362] Building C object zephyr/CMakeFiles/zephyr.dir/subsys/shell/modules/kernel_service/thread/thread.c.obj
[skywalker:rw] [148/362] Building C object zephyr/CMakeFiles/zephyr.dir/subsys/shell/modules/kernel_service/version.c.obj
[skywalker:rw] [149/362] Building C object zephyr/CMakeFiles/zephyr.dir/subsys/shell/modules/kernel_service/thread/list.c.obj
[magikarp:ro] [205/390] Building C object zephyr/arch/common/CMakeFiles/arch__common.dir/sw_isr_common.c.obj
[skywalker:ro] [116/362] Building C object zephyr/CMakeFiles/zephyr.dir/lib/utils/dec.c.obj
[magikarp:ro] [206/390] Building C object zephyr/arch/common/CMakeFiles/arch__common.dir/dynamic_isr.c.obj
[magikarp:ro] [207/390] Building C object zephyr/CMakeFiles/zephyr.dir/drivers/flash/flash_util.c.obj
[skywalker:ro] [117/362] Building C object zephyr/CMakeFiles/zephyr.dir/lib/os/assert.c.obj
[magikarp:ro] [208/390] Building C object zephyr/arch/common/CMakeFiles/arch__common.dir/init.c.obj
[pujjoniru:rw] [1/411] Generating include/generated/zephyr/version.h
[magikarp:ro] [209/390] Linking C static library zephyr/libzephyr.a
[pujjoniru:rw] -- git describe warned: warning: tag 'upstream/v2.7.99' is externally known as 'v2.7.99'
[pujjoniru:rw] -- Zephyr version: 4.3.99 (/mnt/host/source/src/third_party/zephyr/main)
[pujjoniru:rw] [2/411] Preparing syscall dependency handling
[skywalker:ro] [118/362] Building C object zephyr/CMakeFiles/zephyr.dir/lib/utils/hex.c.obj
[pujjoniru:rw] [3/411] Generating misc/generated/syscalls_subdirs.trigger
[/mnt/host/source/src/platform/ec/build/zephyr/joxer-lcov]   /mnt/host/source/src/platform/ec/build/zephyr/joxer/build-rw/zephyr/CMakeFiles/zephyr.dir/subsys/shell/modules/kernel_service/kernel_shell.c.gcno:no functions found
[/mnt/host/source/src/platform/ec/build/zephyr/joxer-lcov] stderr:
[pujjoniru:ro] [1/411] Generating include/generated/zephyr/version.h
[pujjoniru:ro] -- git describe warned: warning: tag 'upstream/v2.7.99' is externally known as 'v2.7.99'
[pujjoniru:ro] -- Zephyr version: 4.3.99 (/mnt/host/source/src/third_party/zephyr/main)
[pujjoniru:ro] [2/411] Preparing syscall dependency handling
[skywalker:rw] [150/362] Building C object zephyr/CMakeFiles/zephyr.dir/subsys/shell/modules/kernel_service/thread/stacks.c.obj
[pujjoniru:ro] [3/411] Generating misc/generated/syscalls_subdirs.trigger
[magikarp:ro] [210/390] Building C object zephyr/arch/common/CMakeFiles/arch__common.dir/xip.c.obj
[skywalker:ro] [119/362] Building C object zephyr/CMakeFiles/zephyr.dir/lib/utils/timeutil.c.obj
[magikarp:ro] [211/390] Building C object zephyr/arch/common/CMakeFiles/isr_tables.dir/isr_tables.c.obj
[skywalker:rw] [151/362] Building C object zephyr/CMakeFiles/zephyr.dir/subsys/shell/modules/kernel_service/thread/kill.c.obj
[skywalker:rw] [152/362] Building C object zephyr/CMakeFiles/zephyr.dir/subsys/shell/modules/kernel_service/thread/suspend.c.obj
[magikarp:ro] [212/390] Building C object zephyr/arch/arch/riscv/core/CMakeFiles/arch__riscv__core.dir/cpu_idle.c.obj
[skywalker:rw] [153/362] Building C object zephyr/CMakeFiles/zephyr.dir/subsys/shell/modules/kernel_service/thread/resume.c.obj
[magikarp:ro] [213/390] Linking C static library zephyr/arch/common/libisr_tables.a
[/mnt/host/source/src/platform/ec/build/zephyr/joxer-lcov]   /mnt/host/source/src/platform/ec/build/zephyr/joxer/build-rw/zephyr/CMakeFiles/zephyr.dir/lib/libc/validate_libc.c.gcno:no functions found
[/mnt/host/source/src/platform/ec/build/zephyr/joxer-lcov] stderr:
[magikarp:ro] [214/390] Linking C static library zephyr/arch/common/libarch__common.a
[/mnt/host/source/src/platform/ec/build/zephyr/deku-lcov] geninfo: WARNING: using JSON module "JSON::PP" - which is much slower than some alternatives.  Consider installing one of JSON::XS or Cpanel::JSON::XS
[magikarp:ro] [215/390] Building C object zephyr/arch/arch/riscv/core/CMakeFiles/arch__riscv__core.dir/prep_c.c.obj
[skywalker:ro] [120/362] Building C object zephyr/CMakeFiles/zephyr.dir/lib/utils/rb.c.obj
[magikarp:ro] [216/390] Building C object zephyr/arch/arch/riscv/core/CMakeFiles/arch__riscv__core.dir/irq_manage.c.obj
[magikarp:ro] [217/390] Building C object zephyr/arch/arch/riscv/core/CMakeFiles/arch__riscv__core.dir/fatal.c.obj
[skywalker:ro] [121/362] Building C object zephyr/CMakeFiles/zephyr.dir/lib/utils/bitmask.c.obj
[magikarp:ro] [218/390] Building C object zephyr/arch/arch/riscv/core/CMakeFiles/arch__riscv__core.dir/reboot.c.obj
[pujjoniru:rw] [4/411] Generating misc/generated/syscalls.json, misc/generated/struct_tags.json
[skywalker:rw] [154/362] Building C object zephyr/CMakeFiles/zephyr.dir/subsys/shell/backends/shell_uart.c.obj
[skywalker:ro] [122/362] Building C object zephyr/CMakeFiles/zephyr.dir/lib/utils/bitarray.c.obj
[pujjoniru:ro] [4/411] Generating misc/generated/syscalls.json, misc/generated/struct_tags.json
[pujjoniru:rw] [5/411] Generating include/generated/zephyr/syscall_dispatch.c, include/generated/zephyr/syscall_exports_llext.c, syscall_weakdefs_llext.c, include/generated/zephyr/syscall_list.h
[magikarp:ro] [219/390] Building ASM object zephyr/arch/arch/riscv/core/CMakeFiles/arch__riscv__core.dir/switch.S.obj
[magikarp:ro] [220/390] Building ASM object zephyr/arch/arch/riscv/core/CMakeFiles/arch__riscv__core.dir/reset.S.obj
[magikarp:ro] [221/390] Generating ../../../include/generated/libc/minimal/strerror_table.h
[skywalker:rw] [155/362] Building C object zephyr/CMakeFiles/zephyr.dir/subsys/shell/shell_utils.c.obj
[skywalker:rw] [156/362] Building C object zephyr/CMakeFiles/zephyr.dir/subsys/shell/shell_fprintf.c.obj
[magikarp:ro] [222/390] Building ASM object zephyr/arch/arch/riscv/core/CMakeFiles/arch__riscv__core.dir/isr.S.obj
[skywalker:rw] [157/362] Building C object zephyr/CMakeFiles/zephyr.dir/subsys/shell/shell.c.obj
[pujjoniru:ro] [5/411] Generating include/generated/zephyr/syscall_dispatch.c, include/generated/zephyr/syscall_exports_llext.c, syscall_weakdefs_llext.c, include/generated/zephyr/syscall_list.h
[magikarp:ro] [223/390] Building C object zephyr/arch/arch/riscv/core/CMakeFiles/arch__riscv__core.dir/thread.c.obj
[pujjoniru:rw] [6/411] Generating include/generated/zephyr/driver-validation.h
[magikarp:ro] [224/390] Building C object zephyr/lib/libc/minimal/CMakeFiles/lib__libc__minimal.dir/source/stdlib/atoi.c.obj
[magikarp:ro] [225/390] Building C object zephyr/lib/libc/minimal/CMakeFiles/lib__libc__minimal.dir/source/stdlib/strtol.c.obj
[magikarp:ro] [226/390] Building C object zephyr/lib/libc/minimal/CMakeFiles/lib__libc__minimal.dir/source/stdlib/strtoul.c.obj
[skywalker:ro] [123/362] Building C object zephyr/CMakeFiles/zephyr.dir/lib/utils/getopt/getopt.c.obj
[pujjoniru:rw] [7/411] Generating include/generated/zephyr/kobj-types-enum.h, include/generated/zephyr/otype-to-str.h, include/generated/zephyr/otype-to-size.h
[pujjoniru:ro] [6/411] Generating include/generated/zephyr/driver-validation.h
[magikarp:ro] [227/390] Building C object zephyr/lib/libc/minimal/CMakeFiles/lib__libc__minimal.dir/source/stdlib/strtoll.c.obj
[pujjoniru:rw] [8/411] Generating include/generated/device-api-sections.ld, include/generated/device-api-sections.cmake
[magikarp:ro] [228/390] Building C object zephyr/lib/libc/minimal/CMakeFiles/lib__libc__minimal.dir/source/stdlib/strtoull.c.obj
[/mnt/host/source/src/platform/ec/build/zephyr/joxer-lcov]   /mnt/host/source/src/platform/ec/build/zephyr/joxer/build-rw/zephyr/CMakeFiles/zephyr.dir/lib/utils/last_section_id.c.gcno:no functions found
[/mnt/host/source/src/platform/ec/build/zephyr/joxer-lcov] stderr:
[magikarp:ro] [229/390] Building C object zephyr/lib/libc/minimal/CMakeFiles/lib__libc__minimal.dir/source/stdlib/bsearch.c.obj
[magikarp:ro] [230/390] Building C object zephyr/arch/arch/riscv/core/CMakeFiles/arch__riscv__core.dir/stacktrace.c.obj
[skywalker:ro] [124/362] Building C object zephyr/CMakeFiles/zephyr.dir/lib/utils/ring_buffer.c.obj
[skywalker:rw] [158/362] Building C object zephyr/CMakeFiles/zephyr.dir/subsys/shell/shell_ops.c.obj
[/mnt/host/source/src/platform/ec/build/zephyr/deku-lcov] stderr:
[pujjoniru:ro] [7/411] Generating include/generated/zephyr/kobj-types-enum.h, include/generated/zephyr/otype-to-str.h, include/generated/zephyr/otype-to-size.h
[skywalker:ro] [125/362] Building C object zephyr/CMakeFiles/zephyr.dir/lib/utils/getopt/getopt_common.c.obj
[magikarp:ro] [231/390] Linking C static library zephyr/arch/arch/riscv/core/libarch__riscv__core.a
[magikarp:ro] [232/390] Building C object zephyr/lib/libc/common/CMakeFiles/lib__libc__common.dir/source/stdlib/abort.c.obj
[pujjoniru:ro] [8/411] Generating include/generated/device-api-sections.ld, include/generated/device-api-sections.cmake
[skywalker:rw] [159/362] Building C object zephyr/CMakeFiles/zephyr.dir/subsys/shell/shell_history.c.obj
[skywalker:rw] [160/362] Building C object zephyr/CMakeFiles/zephyr.dir/drivers/flash/flash_util.c.obj
[magikarp:ro] [233/390] Building C object zephyr/lib/libc/minimal/CMakeFiles/lib__libc__minimal.dir/source/string/strerror.c.obj
[skywalker:ro] [126/362] Building C object zephyr/CMakeFiles/zephyr.dir/lib/utils/last_section_id.c.obj
[magikarp:ro] [234/390] Building C object zephyr/lib/libc/minimal/CMakeFiles/lib__libc__minimal.dir/source/stdlib/qsort.c.obj
[magikarp:ro] [235/390] Building C object zephyr/lib/libc/minimal/CMakeFiles/lib__libc__minimal.dir/source/string/strncasecmp.c.obj
[skywalker:rw] [161/362] Building C object zephyr/CMakeFiles/zephyr.dir/subsys/shell/shell_help.c.obj
[magikarp:ro] [236/390] Building C object zephyr/lib/libc/minimal/CMakeFiles/lib__libc__minimal.dir/source/string/strstr.c.obj
[skywalker:ro] [127/362] Building C object zephyr/CMakeFiles/zephyr.dir/misc/generated/configs.c.obj
[magikarp:ro] [237/390] Building C object zephyr/lib/libc/minimal/CMakeFiles/lib__libc__minimal.dir/source/stdlib/exit.c.obj
[magikarp:ro] [238/390] Building C object zephyr/lib/libc/minimal/CMakeFiles/lib__libc__minimal.dir/source/string/string.c.obj
[skywalker:rw] [162/362] Linking C static library zephyr/libzephyr.a
[pujjoniru:rw] [9/411] Building C object zephyr/CMakeFiles/offsets.dir/arch/riscv/core/offsets/offsets.c.obj
[magikarp:ro] [239/390] Building C object zephyr/lib/libc/minimal/CMakeFiles/lib__libc__minimal.dir/source/string/strspn.c.obj
[skywalker:rw] [163/362] Building C object zephyr/arch/common/CMakeFiles/arch__common.dir/sw_isr_common.c.obj
[/mnt/host/source/src/platform/ec/build/zephyr/deku-lcov]   /mnt/host/source/src/platform/ec/build/zephyr/deku/build-ro/modules/ec/zephyr/CMakeFiles/ec_shim.dir/shim/src/thermal.c.gcno:no functions found
[/mnt/host/source/src/platform/ec/build/zephyr/deku-lcov] stderr:
[pujjoniru:rw] [10/411] Generating include/generated/zephyr/offsets.h
[skywalker:rw] [164/362] Building C object zephyr/arch/common/CMakeFiles/arch__common.dir/init.c.obj
[magikarp:ro] [240/390] Building C object zephyr/lib/libc/minimal/CMakeFiles/lib__libc__minimal.dir/source/math/sqrtf.c.obj
[magikarp:ro] [241/390] Building C object zephyr/lib/libc/minimal/CMakeFiles/lib__libc__minimal.dir/source/math/sqrt.c.obj
[magikarp:ro] [242/390] Building C object zephyr/lib/libc/minimal/CMakeFiles/lib__libc__minimal.dir/source/stdout/sprintf.c.obj
[pujjoniru:ro] [9/411] Building C object zephyr/CMakeFiles/offsets.dir/arch/riscv/core/offsets/offsets.c.obj
[skywalker:ro] [128/362] Building C object zephyr/CMakeFiles/zephyr.dir/soc/nuvoton/npcx/common/power.c.obj
[skywalker:rw] [165/362] Building C object zephyr/arch/common/CMakeFiles/arch__common.dir/xip.c.obj
[magikarp:ro] [243/390] Building C object zephyr/lib/libc/minimal/CMakeFiles/lib__libc__minimal.dir/source/stdout/fprintf.c.obj
[magikarp:ro] [244/390] Building C object zephyr/lib/libc/minimal/CMakeFiles/lib__libc__minimal.dir/source/stdout/stdout_console.c.obj
[magikarp:ro] [245/390] Building C object zephyr/lib/libc/common/CMakeFiles/lib__libc__common.dir/source/time/gmtime_r.c.obj
[/mnt/host/source/src/platform/ec/build/zephyr/quandiso2-lcov]   /mnt/host/source/src/platform/ec/build/zephyr/quandiso2/build-rw/zephyr/drivers/sensor/CMakeFiles/drivers__sensor.dir/mnt/host/source/src/third_party/zephyr/main/misc/empty_file.c.gcno:no functions found
[/mnt/host/source/src/platform/ec/build/zephyr/quandiso2-lcov] Filter suppressions 'region':
[pujjoniru:ro] [10/411] Generating include/generated/zephyr/offsets.h
[skywalker:ro] [129/362] Building C object zephyr/CMakeFiles/zephyr.dir/soc/nuvoton/npcx/common/scfg.c.obj
[/mnt/host/source/src/platform/ec/build/zephyr/quandiso2-lcov]     39 instances
[/mnt/host/source/src/platform/ec/build/zephyr/quandiso2-lcov]     34 coverpoints
[/mnt/host/source/src/platform/ec/build/zephyr/quandiso2-lcov] Message summary:
[/mnt/host/source/src/platform/ec/build/zephyr/quandiso2-lcov]   29 ignore messages:
[/mnt/host/source/src/platform/ec/build/zephyr/quandiso2-lcov]     gcov: 29
[magikarp:ro] [246/390] Building C object zephyr/lib/libc/common/CMakeFiles/lib__libc__common.dir/source/time/asctime.c.obj
[nokris:rw] Configuring.
Running `env -i PYTHONPATH=/usr/lib64/python-exec/python3.11:/mnt/host/source/src/platform/ec/zephyr/zmake:/usr/lib/python311.zip:/usr/lib/python3.11:/usr/lib/python3.11/lib-dynload:/usr/lib/python3.11/site-packages PW_PIGWEED_CIPD_INSTALL_DIR=/usr CROSTC_USER_ACKNOWLEDGES_THAT_RISCV_IS_EXPERIMENTAL=1 PATH=/mnt/host/source/chromite/bin:/usr/local/bin:/usr/bin:/bin:/opt/bin:/mnt/host/source/chromite/sdk/bin:/mnt/host/source/chromite/bin HOME=/home/jpmurphy JAVA_HOME=/etc/java-config-2/current-system-vm JDK_HOME=/etc/java-config-2/current-system-vm JAVAC=/etc/java-config-2/current-system-vm/bin/javac MAKEFLAGS=' -j16 --jobserver-auth=5,6' /usr/bin/cmake -S /mnt/host/source/src/platform/ec/zephyr/program/nissa -B /mnt/host/source/src/platform/ec/build/zephyr/nokris/build-rw -GNinja -DCMAKE_EXPORT_COMPILE_COMMANDS=ON -DZEPHYR_BASE=/mnt/host/source/src/third_party/zephyr/main -DZMAKE_INCLUDE_DIR=/mnt/host/source/src/platform/ec/build/zephyr/nokris/include -DPython3_EXECUTABLE=/usr/bin/python3.11 -DDTS_ROOT=/mnt/host/source/src/platform/ec/zephyr -DSYSCALL_INCLUDE_DIRS=/mnt/host/source/src/platform/ec/zephyr/include/drivers -DUSER_CACHE_DIR=/mnt/host/source/src/platform/ec/build/zephyr/user-cache '-DEXTRA_EC_VERSION_FLAGS=--version 16543.0.0 --static' -DTOOLCHAIN_ROOT=/mnt/host/source/src/platform/ec/zephyr -DCOREBOOT_SDK_ROOT_x86=/home/jpmurphy/.cache/coreboot-sdk/i386-elf/dfbb0486385d938cfa9d73080b9d18d598ed4f49 -DCOREBOOT_SDK_ROOT_picolibc_x86=/home/jpmurphy/.cache/coreboot-sdk/picolibc-i386-elf/eb8e8e687b95461de8cbf278f1c2076952d0ad17 -DCOREBOOT_SDK_ROOT_riscv64=/home/jpmurphy/.cache/coreboot-sdk/riscv64-elf/96b949749225b6aaa92ed810ab769e8dfb12f000 -DCOREBOOT_SDK_ROOT_picolibc_arm=/home/jpmurphy/.cache/coreboot-sdk/picolibc-arm-eabi/422a2aa3e1ef891b5bece9a3deb696ff83840d2e -DCOREBOOT_SDK_ROOT_nds32=/home/jpmurphy/.cache/coreboot-sdk/nds32le-elf/d1a518c4a097666d86058e1444f85ca015d15511 -DCOREBOOT_SDK_ROOT_picolibc_riscv64=/home/jpmurphy/.cache/coreboot-sdk/picolibc-riscv64-elf/f571e990ef0278564b31124f8bb109d9a697eb69 -DCOREBOOT_SDK_ROOT_arm=/home/jpmurphy/.cache/coreboot-sdk/arm-eabi/ea40ddd1d190c3b48435c474c0b545719371813a -DCOREBOOT_SDK_ROOT_libstdcxx_riscv64=/home/jpmurphy/.cache/coreboot-sdk/libstdcxx-riscv64-elf/17abf22a3a252e2d5d2062ced5324f7a623689e0 -DCOREBOOT_SDK_ROOT_libstdcxx_arm=/home/jpmurphy/.cache/coreboot-sdk/libstdcxx-arm-eabi/5d7d82e150e44aa1968f1d366e267e6687b328ac -DCOREBOOT_SDK_ROOT_riscv=/home/jpmurphy/.cache/coreboot-sdk/riscv-elf/9a27b9e82341c6e9126624f516ab3f261abb3e73 -DCOREBOOT_SDK_ROOT_libstdcxx_x86=/home/jpmurphy/.cache/coreboot-sdk/libstdcxx-i386-elf/42ef9d2e87a76a37963175d7d428734e65648b87 -DZEPHYR_TOOLCHAIN_VARIANT=coreboot-sdk '-DZEPHYR_MODULES=/mnt/host/source/src/platform/ec/build/zephyr/nokris/modules/cmsis;/mnt/host/source/src/platform/ec/build/zephyr/nokris/modules/cmsis_6;/mnt/host/source/src/platform/ec/build/zephyr/nokris/modules/ec' -DDTC_OVERLAY_FILE=/mnt/host/source/src/platform/ec/zephyr/program/nissa/nokris/project.overlay -DBOARD=npcx9/npcx9m3f -DCMAKE_C_FLAGS=-DSECTION_IS_RW '-DCONF_FILE=/mnt/host/source/src/platform/ec/zephyr/program/nissa/program.conf;/mnt/host/source/src/platform/ec/zephyr/program/nissa/npcx_program.conf;/mnt/host/source/src/platform/ec/zephyr/program/nissa/nokris/project.conf;/mnt/host/source/src/platform/ec/build/zephyr/nokris/kconfig-rw.conf'`
[nokris:rw] Loading Zephyr default modules (Zephyr base (cached)).
[nokris:rw] -- Application: /mnt/host/source/src/platform/ec/zephyr/program/nissa
[nokris:rw] -- CMake version: 3.31.7
[skywalker:rw] [166/362] Building ASM object zephyr/arch/arch/arm/core/CMakeFiles/arch__arm__core.dir/nmi_on_reset.S.obj
[magikarp:ro] [247/390] Building C object zephyr/lib/libc/common/CMakeFiles/lib__libc__common.dir/source/time/ctime.c.obj
[skywalker:rw] [167/362] Building C object zephyr/arch/common/CMakeFiles/isr_tables.dir/isr_tables.c.obj
[magikarp:ro] [248/390] Building C object zephyr/lib/libc/common/CMakeFiles/lib__libc__common.dir/source/time/time.c.obj
[magikarp:ro] [249/390] Building C object zephyr/lib/libc/common/CMakeFiles/lib__libc__common.dir/source/time/localtime_r_utc.c.obj
[skywalker:rw] [168/362] Linking C static library zephyr/arch/common/libisr_tables.a
[magikarp:ro] [250/390] Building C object zephyr/lib/libc/minimal/CMakeFiles/lib__libc__minimal.dir/source/time/gmtime.c.obj
[magikarp:ro] [251/390] Building C object zephyr/lib/libc/common/CMakeFiles/lib__libc__common.dir/source/string/strnlen.c.obj
[skywalker:rw] [169/362] Building C object zephyr/arch/arch/arm/core/CMakeFiles/arch__arm__core.dir/nmi.c.obj
[magikarp:ro] [252/390] Building C object zephyr/lib/posix/c_lib_ext/CMakeFiles/lib__posix__c_lib_ext.dir/fnmatch.c.obj
[magikarp:ro] [253/390] Linking C static library zephyr/lib/libc/minimal/liblib__libc__minimal.a
[pujjoniru:rw] [11/411] Building C object zephyr/CMakeFiles/zephyr.dir/lib/libc/validate_libc.c.obj
[skywalker:rw] [170/362] Linking C static library zephyr/arch/common/libarch__common.a
[/mnt/host/source/src/platform/ec/build/zephyr/deku-lcov]   /mnt/host/source/src/platform/ec/build/zephyr/deku/build-ro/modules/ec/zephyr/CMakeFiles/ec_shim.dir/shim/src/usb_muxes.c.gcno:no functions found
[/mnt/host/source/src/platform/ec/build/zephyr/deku-lcov] stderr:
[nokris:rw] -- Found Python3: /usr/bin/python3.11 (found suitable version "3.11.11", minimum required is "3.10") found components: Interpreter
[nokris:rw] -- Cache files will be written to: /mnt/host/source/src/platform/ec/build/zephyr/user-cache
[nokris:rw] -- Zephyr version: 4.3.99 (/mnt/host/source/src/third_party/zephyr/main)
[/mnt/host/source/src/platform/ec/build/zephyr/deku-lcov]   /mnt/host/source/src/platform/ec/build/zephyr/deku/build-ro/modules/ec/zephyr/CMakeFiles/ec_shim.dir/shim/src/bb_retimer_usb_mux.c.gcno:no functions found
[/mnt/host/source/src/platform/ec/build/zephyr/deku-lcov] stderr:
[magikarp:ro] [254/390] Building C object zephyr/subsys/crc/CMakeFiles/subsys__crc.dir/crc4_sw.c.obj
[skywalker:rw] [171/362] Building C object zephyr/arch/arch/arm/core/CMakeFiles/arch__arm__core.dir/fatal.c.obj
[magikarp:ro] [255/390] Building C object zephyr/subsys/crc/CMakeFiles/subsys__crc.dir/crc8_sw.c.obj
[skywalker:rw] [172/362] Building ASM object zephyr/arch/arch/arm/core/cortex_m/CMakeFiles/arch__arm__core__cortex_m.dir/fault_s.S.obj
[skywalker:rw] [173/362] Linking C static library zephyr/arch/arch/arm/core/libarch__arm__core.a
[pujjoniru:ro] [11/411] Building C object zephyr/CMakeFiles/zephyr.dir/lib/libc/validate_libc.c.obj
[skywalker:ro] [130/362] Building C object zephyr/CMakeFiles/zephyr.dir/soc/nuvoton/npcx/common/npcxn/registers.c.obj
[magikarp:ro] [256/390] Building C object zephyr/subsys/crc/CMakeFiles/subsys__crc.dir/crc7_sw.c.obj
[magikarp:ro] [257/390] Building C object zephyr/lib/libc/common/CMakeFiles/lib__libc__common.dir/source/stdlib/malloc.c.obj
[magikarp:ro] [258/390] Building C object zephyr/subsys/crc/CMakeFiles/subsys__crc.dir/crc16_sw.c.obj
[magikarp:ro] [259/390] Linking C static library zephyr/lib/libc/common/liblib__libc__common.a
[magikarp:ro] [260/390] Building C object zephyr/subsys/crc/CMakeFiles/subsys__crc.dir/crc32c_sw.c.obj
[skywalker:ro] [131/362] Building C object zephyr/CMakeFiles/zephyr.dir/soc/nuvoton/npcx/npcx9/soc.c.obj
[magikarp:ro] [261/390] Building C object zephyr/subsys/crc/CMakeFiles/subsys__crc.dir/crc24_sw.c.obj
[skywalker:rw] [174/362] Building C object zephyr/arch/arch/arm/core/cortex_m/CMakeFiles/arch__arm__core__cortex_m.dir/exc_exit.c.obj
[magikarp:ro] [262/390] Building C object zephyr/subsys/crc/CMakeFiles/subsys__crc.dir/crc32_sw.c.obj
[magikarp:ro] [263/390] Building C object zephyr/lib/posix/c_lib_ext/CMakeFiles/lib__posix__c_lib_ext.dir/getentropy.c.obj
[magikarp:ro] [264/390] Building C object zephyr/lib/posix/c_lib_ext/CMakeFiles/lib__posix__c_lib_ext.dir/getopt_shim.c.obj
[magikarp:ro] [265/390] Building C object zephyr/subsys/crc/CMakeFiles/subsys__crc.dir/crc32k_4_2_sw.c.obj
[magikarp:ro] [266/390] Linking C static library zephyr/lib/posix/c_lib_ext/liblib__posix__c_lib_ext.a
[pujjoniru:rw] [12/411] Building C object zephyr/CMakeFiles/zephyr.dir/lib/heap/heap.c.obj
[magikarp:ro] [267/390] Linking C static library zephyr/subsys/crc/libsubsys__crc.a
[pujjoniru:ro] [12/411] Building C object zephyr/CMakeFiles/zephyr.dir/lib/heap/heap.c.obj
[skywalker:ro] [132/362] Building C object zephyr/CMakeFiles/zephyr.dir/subsys/logging/log_minimal.c.obj
[skywalker:rw] [175/362] Building C object zephyr/arch/arch/arm/core/cortex_m/CMakeFiles/arch__arm__core__cortex_m.dir/fault.c.obj
[skywalker:rw] [176/362] Building ASM object zephyr/arch/arch/arm/core/cortex_m/CMakeFiles/arch__arm__core__cortex_m.dir/reset.S.obj
[skywalker:rw] [177/362] Building C object zephyr/arch/arch/arm/core/cortex_m/CMakeFiles/arch__arm__core__cortex_m.dir/fpu.c.obj
[skywalker:ro] [133/362] Building C object zephyr/CMakeFiles/zephyr.dir/subsys/mem_mgmt/mem_attr.c.obj
[magikarp:ro] [268/390] Building C object zephyr/drivers/interrupt_controller/CMakeFiles/drivers__interrupt_controller.dir/intc_ite_it8xxx2.c.obj
[skywalker:rw] [178/362] Building C object zephyr/arch/arch/arm/core/cortex_m/CMakeFiles/arch__arm__core__cortex_m.dir/scb.c.obj
[skywalker:rw] [179/362] Building ASM object zephyr/arch/arch/arm/core/cortex_m/CMakeFiles/arch__arm__core__cortex_m.dir/vector_table.S.obj
[magikarp:ro] [269/390] Building C object zephyr/drivers/adc/CMakeFiles/drivers__adc.dir/adc_common.c.obj
[magikarp:ro] [270/390] Building C object zephyr/drivers/interrupt_controller/CMakeFiles/drivers__interrupt_controller.dir/wuc_ite_it8xxx2.c.obj
[magikarp:ro] [271/390] Building C object zephyr/drivers/bbram/CMakeFiles/drivers__bbram.dir/bbram_it8xxx2.c.obj
[magikarp:ro] [272/390] Building C object zephyr/drivers/adc/CMakeFiles/drivers__adc.dir/adc_ite_it8xxx2.c.obj
[pujjoniru:rw] [13/411] Building C object zephyr/CMakeFiles/zephyr.dir/lib/os/cbprintf_packaged.c.obj
[magikarp:ro] [273/390] Linking C static library zephyr/drivers/interrupt_controller/libdrivers__interrupt_controller.a
[magikarp:ro] [274/390] Linking C static library zephyr/drivers/bbram/libdrivers__bbram.a
[magikarp:ro] [275/390] Linking C static library zephyr/drivers/adc/libdrivers__adc.a
[pujjoniru:ro] [13/411] Building C object zephyr/CMakeFiles/zephyr.dir/lib/os/cbprintf_packaged.c.obj
[nokris:rw] -- Board: npcx9, qualifiers: npcx9m3f
[skywalker:rw] [180/362] Building C object zephyr/arch/arch/arm/core/cortex_m/CMakeFiles/arch__arm__core__cortex_m.dir/thread_abort.c.obj
[skywalker:ro] [134/362] Building C object zephyr/CMakeFiles/zephyr.dir/subsys/pm/pm.c.obj
[skywalker:rw] [181/362] Building ASM object zephyr/arch/arch/arm/core/cortex_m/CMakeFiles/arch__arm__core__cortex_m.dir/swap_helper.S.obj
[skywalker:ro] [135/362] Building C object zephyr/CMakeFiles/zephyr.dir/subsys/pm/state.c.obj
[skywalker:rw] [182/362] Building C object zephyr/arch/arch/arm/core/cortex_m/CMakeFiles/arch__arm__core__cortex_m.dir/irq_manage.c.obj
[magikarp:ro] [276/390] Building C object zephyr/drivers/eeprom/CMakeFiles/drivers__eeprom.dir/eeprom_shell.c.obj
[skywalker:rw] [183/362] Building C object zephyr/arch/arch/arm/core/cortex_m/CMakeFiles/arch__arm__core__cortex_m.dir/prep_c.c.obj
[magikarp:ro] [277/390] Building C object zephyr/drivers/console/CMakeFiles/drivers__console.dir/uart_console.c.obj
[pujjoniru:rw] [14/411] Building C object zephyr/CMakeFiles/zephyr.dir/lib/os/clock.c.obj
[magikarp:ro] [278/390] Linking C static library zephyr/drivers/console/libdrivers__console.a
[pujjoniru:ro] [14/411] Building C object zephyr/CMakeFiles/zephyr.dir/lib/os/clock.c.obj
[magikarp:ro] [279/390] Building C object zephyr/drivers/flash/CMakeFiles/drivers__flash.dir/flash_ite_it8xxx2.c.obj
[magikarp:ro] [280/390] Building C object zephyr/drivers/eeprom/CMakeFiles/drivers__eeprom.dir/eeprom_at2x.c.obj
[skywalker:ro] [136/362] Building C object zephyr/CMakeFiles/zephyr.dir/subsys/pm/policy/policy_events.c.obj
[skywalker:rw] [184/362] Building C object zephyr/arch/arch/arm/core/cortex_m/CMakeFiles/arch__arm__core__cortex_m.dir/thread.c.obj
[skywalker:rw] [185/362] Building C object zephyr/arch/arch/arm/core/cortex_m/CMakeFiles/arch__arm__core__cortex_m.dir/irq_init.c.obj
[magikarp:ro] [281/390] Linking C static library zephyr/drivers/flash/libdrivers__flash.a
[magikarp:ro] [282/390] Linking C static library zephyr/drivers/eeprom/libdrivers__eeprom.a
[skywalker:ro] [137/362] Building C object zephyr/CMakeFiles/zephyr.dir/subsys/pm/policy/policy_latency.c.obj
[skywalker:rw] [186/362] Building C object zephyr/arch/arch/arm/core/cortex_m/CMakeFiles/arch__arm__core__cortex_m.dir/cpu_idle.c.obj
[magikarp:ro] [283/390] Building C object zephyr/drivers/gpio/CMakeFiles/drivers__gpio.dir/gpio_kscan_ite_it8xxx2.c.obj
[magikarp:ro] [284/390] Building C object zephyr/drivers/gpio/CMakeFiles/drivers__gpio.dir/gpio_ite_it8xxx2.c.obj
[magikarp:ro] [285/390] Linking C static library zephyr/drivers/gpio/libdrivers__gpio.a
[skywalker:rw] [187/362] Building C object zephyr/arch/arch/arm/core/cortex_m/CMakeFiles/arch__arm__core__cortex_m.dir/isr_wrapper.c.obj
[magikarp:ro] [286/390] Building C object zephyr/drivers/i2c/CMakeFiles/drivers__i2c.dir/i2c_common.c.obj
[pujjoniru:rw] [15/411] Building C object zephyr/CMakeFiles/zephyr.dir/lib/os/printk.c.obj
[pujjoniru:ro] [15/411] Building C object zephyr/CMakeFiles/zephyr.dir/lib/os/printk.c.obj
[skywalker:rw] [188/362] Linking C static library zephyr/arch/arch/arm/core/cortex_m/libarch__arm__core__cortex_m.a
[skywalker:ro] [138/362] Building C object zephyr/CMakeFiles/zephyr.dir/subsys/pm/policy/policy_state_lock.c.obj
[skywalker:rw] [189/362] Generating ../../../include/generated/libc/minimal/strerror_table.h
[skywalker:rw] [190/362] Building C object zephyr/arch/arch/arm/core/mpu/CMakeFiles/arch__arm__core__mpu.dir/arm_core_mpu.c.obj
[magikarp:ro] [287/390] Building C object zephyr/drivers/i2c/CMakeFiles/drivers__i2c.dir/i2c_bitbang.c.obj
[/mnt/host/source/src/platform/ec/build/zephyr/deku-lcov]   /mnt/host/source/src/platform/ec/build/zephyr/deku/build-ro/modules/ec/zephyr/CMakeFiles/ec_shim.dir/shim/src/usba.c.gcno:no functions found
[/mnt/host/source/src/platform/ec/build/zephyr/deku-lcov] stderr:
[magikarp:ro] [288/390] Building C object zephyr/drivers/i2c/CMakeFiles/drivers__i2c.dir/i2c_shell.c.obj
[skywalker:rw] [191/362] Building C object zephyr/arch/arch/arm/core/mpu/CMakeFiles/arch__arm__core__mpu.dir/arm_mpu_regions.c.obj
[skywalker:rw] [192/362] Building C object zephyr/lib/libc/minimal/CMakeFiles/lib__libc__minimal.dir/source/stdlib/atoi.c.obj
[skywalker:rw] [193/362] Building C object zephyr/arch/arch/arm/core/mpu/CMakeFiles/arch__arm__core__mpu.dir/arm_mpu.c.obj
[nokris:rw] -- Found Dtc: /usr/bin/dtc (found suitable version "1.6.0", minimum required is "1.4.6")
[skywalker:rw] [194/362] Building C object zephyr/lib/libc/minimal/CMakeFiles/lib__libc__minimal.dir/source/stdlib/strtol.c.obj
[nokris:rw] -- Found BOARD.dts: /mnt/host/source/src/platform/ec/zephyr/boards/google/npcx9/npcx9_npcx9m3f.dts
[nokris:rw] -- Found devicetree overlay: /mnt/host/source/src/platform/ec/zephyr/program/nissa/nokris/project.overlay
[skywalker:ro] [139/362] Building C object zephyr/CMakeFiles/zephyr.dir/subsys/pm/device.c.obj
[skywalker:rw] [195/362] Linking C static library zephyr/arch/arch/arm/core/mpu/libarch__arm__core__mpu.a
[skywalker:rw] [196/362] Building C object zephyr/lib/libc/minimal/CMakeFiles/lib__libc__minimal.dir/source/stdlib/strtoul.c.obj
[magikarp:ro] [289/390] Building C object zephyr/drivers/pinctrl/CMakeFiles/drivers__pinctrl.dir/common.c.obj
[skywalker:rw] [197/362] Building C object zephyr/lib/libc/minimal/CMakeFiles/lib__libc__minimal.dir/source/stdlib/strtoll.c.obj
[skywalker:rw] [198/362] Building C object zephyr/lib/libc/minimal/CMakeFiles/lib__libc__minimal.dir/source/stdlib/strtoull.c.obj
[pujjoniru:rw] [16/411] Building C object zephyr/CMakeFiles/zephyr.dir/lib/os/sem.c.obj
[skywalker:rw] [199/362] Building C object zephyr/lib/libc/minimal/CMakeFiles/lib__libc__minimal.dir/source/stdlib/bsearch.c.obj
[magikarp:ro] [290/390] Building C object zephyr/drivers/i2c/CMakeFiles/drivers__i2c.dir/i2c_ite_enhance.c.obj
[pujjoniru:ro] [16/411] Building C object zephyr/CMakeFiles/zephyr.dir/lib/os/sem.c.obj
[skywalker:rw] [200/362] Building C object zephyr/lib/libc/minimal/CMakeFiles/lib__libc__minimal.dir/source/string/strncasecmp.c.obj
[skywalker:rw] [201/362] Building C object zephyr/lib/libc/minimal/CMakeFiles/lib__libc__minimal.dir/source/stdlib/qsort.c.obj
[skywalker:rw] [202/362] Building C object zephyr/lib/libc/minimal/CMakeFiles/lib__libc__minimal.dir/source/string/strstr.c.obj
[skywalker:rw] [203/362] Building C object zephyr/lib/libc/minimal/CMakeFiles/lib__libc__minimal.dir/source/string/strerror.c.obj
[magikarp:ro] [291/390] Building C object zephyr/drivers/i2c/CMakeFiles/drivers__i2c.dir/i2c_ite_it8xxx2.c.obj
[magikarp:ro] [292/390] Building C object zephyr/drivers/pwm/CMakeFiles/drivers__pwm.dir/pwm_shell.c.obj
[magikarp:ro] [293/390] Linking C static library zephyr/drivers/i2c/libdrivers__i2c.a
[skywalker:ro] [140/362] Building C object zephyr/CMakeFiles/zephyr.dir/subsys/pm/device_runtime.c.obj
[skywalker:rw] [204/362] Building C object zephyr/lib/libc/minimal/CMakeFiles/lib__libc__minimal.dir/source/string/string.c.obj
[skywalker:rw] [205/362] Building C object zephyr/lib/libc/minimal/CMakeFiles/lib__libc__minimal.dir/source/string/strspn.c.obj
[skywalker:rw] [206/362] Building C object zephyr/lib/libc/minimal/CMakeFiles/lib__libc__minimal.dir/source/stdlib/exit.c.obj
[magikarp:ro] [294/390] Building C object zephyr/drivers/pinctrl/CMakeFiles/drivers__pinctrl.dir/pinctrl_ite_it8xxx2.c.obj
[magikarp:ro] [295/390] Linking C static library zephyr/drivers/pinctrl/libdrivers__pinctrl.a
[skywalker:ro] [141/362] Building C object zephyr/CMakeFiles/zephyr.dir/subsys/testsuite/coverage/coverage.c.obj
[pujjoniru:rw] [17/411] Building C object zephyr/CMakeFiles/zephyr.dir/lib/os/thread_entry.c.obj
[magikarp:ro] [296/390] Building C object zephyr/drivers/pwm/CMakeFiles/drivers__pwm.dir/pwm_ite_it8xxx2.c.obj
[skywalker:rw] [207/362] Building C object zephyr/lib/libc/minimal/CMakeFiles/lib__libc__minimal.dir/source/math/sqrtf.c.obj
[magikarp:ro] [297/390] Linking C static library zephyr/drivers/pwm/libdrivers__pwm.a
[pujjoniru:ro] [17/411] Building C object zephyr/CMakeFiles/zephyr.dir/lib/os/thread_entry.c.obj
[magikarp:ro] [298/390] Building C object zephyr/drivers/serial/CMakeFiles/drivers__serial.dir/uart_ite_it8xxx2.c.obj
[skywalker:rw] [208/362] Building C object zephyr/lib/libc/minimal/CMakeFiles/lib__libc__minimal.dir/source/stdout/stdout_console.c.obj
[skywalker:rw] [209/362] Building C object zephyr/lib/libc/minimal/CMakeFiles/lib__libc__minimal.dir/source/math/sqrt.c.obj
[magikarp:ro] [299/390] Building C object zephyr/drivers/timer/CMakeFiles/drivers__timer.dir/sys_clock_init.c.obj
[skywalker:rw] [210/362] Building C object zephyr/lib/libc/minimal/CMakeFiles/lib__libc__minimal.dir/source/stdout/sprintf.c.obj
[skywalker:ro] [142/362] Building C object zephyr/CMakeFiles/zephyr.dir/subsys/tracing/tracing_none.c.obj
[magikarp:ro] [300/390] Building C object zephyr/drivers/serial/CMakeFiles/drivers__serial.dir/uart_ns16550.c.obj
[skywalker:rw] [211/362] Building C object zephyr/lib/libc/minimal/CMakeFiles/lib__libc__minimal.dir/source/stdout/fprintf.c.obj
[magikarp:ro] [301/390] Linking C static library zephyr/drivers/serial/libdrivers__serial.a
[skywalker:ro] [143/362] Building C object zephyr/CMakeFiles/zephyr.dir/subsys/shell/modules/kernel_service/kernel_shell.c.obj
[skywalker:rw] [212/362] Building C object zephyr/lib/libc/common/CMakeFiles/lib__libc__common.dir/source/time/gmtime_r.c.obj
[pujjoniru:ro] [18/411] Building C object zephyr/CMakeFiles/zephyr.dir/lib/os/cbprintf_nano.c.obj
[skywalker:rw] [213/362] Building C object zephyr/lib/libc/common/CMakeFiles/lib__libc__common.dir/source/time/asctime.c.obj
[magikarp:ro] [302/390] Building C object zephyr/drivers/timer/CMakeFiles/drivers__timer.dir/ite_it8xxx2_timer.c.obj
[pujjoniru:rw] [18/411] Building C object zephyr/CMakeFiles/zephyr.dir/lib/os/cbprintf_nano.c.obj
[magikarp:ro] [303/390] Linking C static library zephyr/drivers/timer/libdrivers__timer.a
[magikarp:ro] [304/390] Building C object zephyr/drivers/watchdog/CMakeFiles/drivers__watchdog.dir/wdt_ite_it8xxx2.c.obj
[skywalker:rw] [214/362] Building C object zephyr/lib/libc/common/CMakeFiles/lib__libc__common.dir/source/time/localtime_r_utc.c.obj
[magikarp:ro] [305/390] Building C object zephyr/drivers/watchdog/CMakeFiles/drivers__watchdog.dir/wdt_shell.c.obj
[magikarp:ro] [306/390] Linking C static library zephyr/drivers/watchdog/libdrivers__watchdog.a
[skywalker:rw] [215/362] Building C object zephyr/lib/libc/common/CMakeFiles/lib__libc__common.dir/source/time/ctime.c.obj
[skywalker:rw] [216/362] Building C object zephyr/lib/libc/common/CMakeFiles/lib__libc__common.dir/source/stdlib/abort.c.obj
[skywalker:rw] [217/362] Building C object zephyr/lib/libc/minimal/CMakeFiles/lib__libc__minimal.dir/source/time/gmtime.c.obj
[skywalker:rw] [218/362] Building C object zephyr/lib/libc/common/CMakeFiles/lib__libc__common.dir/source/time/time.c.obj
[skywalker:rw] [219/362] Building C object zephyr/lib/libc/common/CMakeFiles/lib__libc__common.dir/source/string/strnlen.c.obj
[skywalker:rw] [220/362] Linking C static library zephyr/lib/libc/minimal/liblib__libc__minimal.a
[magikarp:ro] [307/390] Building C object modules/ec/zephyr/CMakeFiles/ec_shim.dir/app/ec/main_shim.c.obj
[magikarp:ro] [308/390] Building C object modules/ec/zephyr/CMakeFiles/ec_shim.dir/app/ec/ec_app_main.c.obj
[skywalker:ro] [144/362] Building C object zephyr/CMakeFiles/zephyr.dir/subsys/shell/modules/kernel_service/cycles.c.obj
[pujjoniru:rw] [19/411] Building C object zephyr/CMakeFiles/zephyr.dir/lib/os/cbprintf.c.obj
[skywalker:rw] [221/362] Building C object zephyr/lib/posix/c_lib_ext/CMakeFiles/lib__posix__c_lib_ext.dir/fnmatch.c.obj
[nokris:rw] -- Generated zephyr.dts: /mnt/host/source/src/platform/ec/build/zephyr/nokris/build-rw/zephyr/zephyr.dts
[nokris:rw] -- Generated pickled edt: /mnt/host/source/src/platform/ec/build/zephyr/nokris/build-rw/zephyr/edt.pickle
[skywalker:ro] [145/362] Building C object zephyr/CMakeFiles/zephyr.dir/subsys/shell/modules/kernel_service/sleep.c.obj
[pujjoniru:ro] [19/411] Building C object zephyr/CMakeFiles/zephyr.dir/lib/os/cbprintf.c.obj
[magikarp:ro] [309/390] Building C object modules/ec/zephyr/CMakeFiles/ec_shim.dir/drivers/cros_kb_raw/cros_kb_raw_ite.c.obj
[skywalker:rw] [222/362] Building C object zephyr/lib/libc/common/CMakeFiles/lib__libc__common.dir/source/stdlib/malloc.c.obj
[magikarp:ro] [310/390] Building C object modules/ec/zephyr/CMakeFiles/ec_shim.dir/drivers/cros_flash/cros_flash_it8xxx2.c.obj
[skywalker:rw] [223/362] Building C object zephyr/lib/posix/c_lib_ext/CMakeFiles/lib__posix__c_lib_ext.dir/getentropy.c.obj
[skywalker:rw] [224/362] Building C object zephyr/lib/posix/c_lib_ext/CMakeFiles/lib__posix__c_lib_ext.dir/getopt_shim.c.obj
[skywalker:rw] [225/362] Linking C static library zephyr/lib/libc/common/liblib__libc__common.a
[magikarp:ro] [311/390] Building C object modules/ec/zephyr/CMakeFiles/ec_shim.dir/drivers/cros_shi/cros_shi_it8xxx2.c.obj
[skywalker:rw] [226/362] Linking C static library zephyr/lib/posix/c_lib_ext/liblib__posix__c_lib_ext.a
[nokris:rw] -- Generated devicetree_generated.h: /mnt/host/source/src/platform/ec/build/zephyr/nokris/build-rw/zephyr/include/generated/zephyr/devicetree_generated.h
[magikarp:ro] [312/390] Building C object modules/ec/zephyr/CMakeFiles/ec_shim.dir/shim/chip/it8xxx2/clock.c.obj
[pujjoniru:ro] [20/411] Building C object zephyr/CMakeFiles/zephyr.dir/lib/os/assert.c.obj
[pujjoniru:rw] [20/411] Building C object zephyr/CMakeFiles/zephyr.dir/lib/os/assert.c.obj
[skywalker:rw] [227/362] Building C object zephyr/subsys/crc/CMakeFiles/subsys__crc.dir/crc4_sw.c.obj
[magikarp:ro] [313/390] Building C object modules/ec/zephyr/CMakeFiles/ec_shim.dir/drivers/cros_system/cros_system_it8xxx2.c.obj
[skywalker:ro] [146/362] Building C object zephyr/CMakeFiles/zephyr.dir/subsys/shell/modules/kernel_service/uptime.c.obj
[skywalker:ro] [147/362] Building C object zephyr/CMakeFiles/zephyr.dir/subsys/shell/modules/kernel_service/version.c.obj
[skywalker:rw] [228/362] Building C object zephyr/lib/smf/CMakeFiles/lib__smf.dir/smf.c.obj
[skywalker:rw] [229/362] Building C object zephyr/subsys/crc/CMakeFiles/subsys__crc.dir/crc8_sw.c.obj
[pujjoniru:rw] [21/411] Building C object zephyr/CMakeFiles/zephyr.dir/lib/utils/dec.c.obj
[/mnt/host/source/src/platform/ec/build/zephyr/deku-lcov]   /mnt/host/source/src/platform/ec/build/zephyr/deku/build-ro/CMakeFiles/app.dir/mnt/host/source/src/platform/ec/build/zephyr/deku/modules/ec/common/usb_pd_pdo.c.gcno:no functions found
[/mnt/host/source/src/platform/ec/build/zephyr/deku-lcov] stderr:
[skywalker:rw] [230/362] Linking C static library zephyr/lib/smf/liblib__smf.a
[pujjoniru:ro] [21/411] Building C object zephyr/CMakeFiles/zephyr.dir/lib/utils/dec.c.obj
[skywalker:rw] [231/362] Building C object zephyr/subsys/crc/CMakeFiles/subsys__crc.dir/crc16_sw.c.obj
[skywalker:rw] [232/362] Building C object zephyr/subsys/mgmt/ec_host_cmd/CMakeFiles/subsys__mgmt__ec_host_cmd.dir/ec_host_cmd_handler.c.obj
[skywalker:rw] [233/362] Building C object zephyr/subsys/crc/CMakeFiles/subsys__crc.dir/crc7_sw.c.obj
[pujjoniru:ro] [22/411] Building C object zephyr/CMakeFiles/zephyr.dir/lib/utils/hex.c.obj
[skywalker:rw] [234/362] Building C object zephyr/subsys/crc/CMakeFiles/subsys__crc.dir/crc24_sw.c.obj
[skywalker:rw] [235/362] Building C object zephyr/subsys/mgmt/ec_host_cmd/backends/CMakeFiles/subsys__mgmt__ec_host_cmd__backends.dir/ec_host_cmd_backend_shi_npcx.c.obj
[magikarp:ro] [314/390] Building C object modules/ec/zephyr/CMakeFiles/ec_shim.dir/shim/chip/it8xxx2/system.c.obj
[skywalker:rw] [236/362] Linking C static library zephyr/subsys/mgmt/ec_host_cmd/libsubsys__mgmt__ec_host_cmd.a
[pujjoniru:rw] [22/411] Building C object zephyr/CMakeFiles/zephyr.dir/lib/utils/hex.c.obj
[skywalker:rw] [237/362] Building C object zephyr/subsys/crc/CMakeFiles/subsys__crc.dir/crc32c_sw.c.obj
[skywalker:rw] [238/362] Building C object zephyr/subsys/crc/CMakeFiles/subsys__crc.dir/crc32_sw.c.obj
[magikarp:ro] [315/390] Building C object modules/ec/zephyr/CMakeFiles/ec_shim.dir/shim/chip/it8xxx2/keyboard_raw.c.obj
[skywalker:rw] [239/362] Linking C static library zephyr/subsys/mgmt/ec_host_cmd/backends/libsubsys__mgmt__ec_host_cmd__backends.a
[skywalker:rw] [240/362] Building C object zephyr/subsys/crc/CMakeFiles/subsys__crc.dir/crc32k_4_2_sw.c.obj
[skywalker:ro] [148/362] Building C object zephyr/CMakeFiles/zephyr.dir/subsys/shell/modules/kernel_service/thread/list.c.obj
[magikarp:ro] [316/390] Building C object modules/ec/zephyr/CMakeFiles/ec_shim.dir/shim/src/crc.c.obj
[skywalker:rw] [241/362] Linking C static library zephyr/subsys/crc/libsubsys__crc.a
[skywalker:ro] [149/362] Building C object zephyr/CMakeFiles/zephyr.dir/subsys/shell/modules/kernel_service/thread/thread.c.obj
[magikarp:ro] [317/390] Building C object modules/ec/zephyr/CMakeFiles/ec_shim.dir/shim/chip/it8xxx2/gpio.c.obj
[magikarp:ro] [318/390] Building C object modules/ec/zephyr/CMakeFiles/ec_shim.dir/shim/chip/it8xxx2/shi.c.obj
[magikarp:ro] [319/390] Building C object modules/ec/zephyr/CMakeFiles/ec_shim.dir/shim/chip/it8xxx2/power_policy.c.obj
[nokris:rw] /mnt/host/source/src/platform/ec/build/zephyr/nokris/build-rw/zephyr/zephyr.dts:4957.9-4964.5: Warning (gpios_property): /fans/fan_0: Missing property '#gpio-cells' in node /named-gpios/fan-enable or bad phandle (referred from enable-gpio[0])
[pujjoniru:rw] [23/411] Building C object zephyr/CMakeFiles/zephyr.dir/lib/utils/rb.c.obj
[skywalker:rw] [242/362] Building C object zephyr/drivers/interrupt_controller/CMakeFiles/drivers__interrupt_controller.dir/intc_miwu.c.obj
[skywalker:rw] [243/362] Building C object zephyr/drivers/adc/CMakeFiles/drivers__adc.dir/adc_common.c.obj
[skywalker:ro] [150/362] Building C object zephyr/CMakeFiles/zephyr.dir/subsys/shell/modules/kernel_service/thread/stacks.c.obj
[skywalker:rw] [244/362] Linking C static library zephyr/drivers/interrupt_controller/libdrivers__interrupt_controller.a
[pujjoniru:ro] [23/411] Building C object zephyr/CMakeFiles/zephyr.dir/lib/utils/rb.c.obj
[magikarp:ro] [320/390] Building C object modules/ec/zephyr/CMakeFiles/ec_shim.dir/shim/src/console.c.obj
[pujjoniru:rw] [24/411] Building C object zephyr/CMakeFiles/zephyr.dir/lib/utils/timeutil.c.obj
[skywalker:rw] [245/362] Building C object zephyr/drivers/bbram/CMakeFiles/drivers__bbram.dir/bbram_npcx.c.obj
[magikarp:ro] [321/390] Building C object modules/ec/zephyr/CMakeFiles/ec_shim.dir/shim/src/gpio.c.obj
[skywalker:rw] [246/362] Linking C static library zephyr/drivers/bbram/libdrivers__bbram.a
[magikarp:ro] [322/390] Building C object modules/ec/zephyr/CMakeFiles/ec_shim.dir/shim/src/panic_utils.c.obj
[/mnt/host/source/src/platform/ec/build/zephyr/joxer-lcov]   /mnt/host/source/src/platform/ec/build/zephyr/joxer/build-rw/zephyr/CMakeFiles/zephyr.dir/soc/ite/ec/it8xxx2/check_regs.c.gcno:no functions found
[/mnt/host/source/src/platform/ec/build/zephyr/joxer-lcov] stderr:
[skywalker:ro] [151/362] Building C object zephyr/CMakeFiles/zephyr.dir/subsys/shell/modules/kernel_service/thread/suspend.c.obj
[magikarp:ro] [323/390] Building C object modules/ec/zephyr/CMakeFiles/ec_shim.dir/shim/src/gpio_int.c.obj
[pujjoniru:ro] [24/411] Building C object zephyr/CMakeFiles/zephyr.dir/lib/utils/timeutil.c.obj
[skywalker:rw] [247/362] Building C object zephyr/drivers/adc/CMakeFiles/drivers__adc.dir/adc_npcx.c.obj
[magikarp:ro] [324/390] Building C object modules/ec/zephyr/CMakeFiles/ec_shim.dir/shim/src/pm_state.c.obj
[skywalker:rw] [248/362] Linking C static library zephyr/drivers/adc/libdrivers__adc.a
[skywalker:rw] [249/362] Building C object zephyr/drivers/clock_control/CMakeFiles/drivers__clock_control.dir/clock_control_npcx.c.obj
[skywalker:rw] [250/362] Building C object zephyr/drivers/console/CMakeFiles/drivers__console.dir/uart_console.c.obj
[skywalker:rw] [251/362] Linking C static library zephyr/drivers/clock_control/libdrivers__clock_control.a
[skywalker:rw] [252/362] Linking C static library zephyr/drivers/console/libdrivers__console.a
[skywalker:ro] [152/362] Building C object zephyr/CMakeFiles/zephyr.dir/subsys/shell/modules/kernel_service/thread/resume.c.obj
[pujjoniru:rw] [25/411] Building C object zephyr/CMakeFiles/zephyr.dir/lib/utils/bitarray.c.obj
[magikarp:ro] [325/390] Building C object modules/ec/zephyr/CMakeFiles/ec_shim.dir/shim/src/cbi/cros_cbi.c.obj
[skywalker:rw] [253/362] Building C object zephyr/drivers/flash/CMakeFiles/drivers__flash.dir/jesd216.c.obj
[pujjoniru:ro] [25/411] Building C object zephyr/CMakeFiles/zephyr.dir/lib/utils/bitarray.c.obj
[magikarp:ro] [326/390] Building C object modules/ec/zephyr/CMakeFiles/ec_shim.dir/shim/src/cbi/cbi_eeprom.c.obj
[magikarp:ro] [327/390] Building C object modules/ec/zephyr/CMakeFiles/ec_shim.dir/shim/src/cbi/cros_cbi_fw_config.c.obj
[pujjoniru:rw] [26/411] Building C object zephyr/CMakeFiles/zephyr.dir/lib/utils/bitmask.c.obj
[skywalker:ro] [153/362] Building C object zephyr/CMakeFiles/zephyr.dir/subsys/shell/modules/kernel_service/thread/kill.c.obj
[magikarp:ro] [328/390] Building C object modules/ec/zephyr/CMakeFiles/ec_shim.dir/shim/src/led_driver/led.c.obj
[pujjoniru:ro] [26/411] Building C object zephyr/CMakeFiles/zephyr.dir/lib/utils/bitmask.c.obj
[skywalker:rw] [254/362] Building C object zephyr/drivers/flash/CMakeFiles/drivers__flash.dir/flash_npcx_fiu_nor.c.obj
[magikarp:ro] [329/390] Building C object modules/ec/zephyr/CMakeFiles/ec_shim.dir/shim/src/led_driver/led_pwm.c.obj
[skywalker:rw] [255/362] Building C object zephyr/drivers/flash/CMakeFiles/drivers__flash.dir/flash_npcx_fiu_qspi.c.obj
[skywalker:rw] [256/362] Linking C static library zephyr/drivers/flash/libdrivers__flash.a
[skywalker:rw] [257/362] Building C object zephyr/drivers/i2c/CMakeFiles/drivers__i2c.dir/i2c_common.c.obj
[skywalker:rw] [258/362] Building C object zephyr/drivers/gpio/CMakeFiles/drivers__gpio.dir/gpio_npcx.c.obj
[pujjoniru:rw] [27/411] Building C object zephyr/CMakeFiles/zephyr.dir/lib/utils/getopt/getopt.c.obj
[skywalker:rw] [259/362] Linking C static library zephyr/drivers/gpio/libdrivers__gpio.a
[skywalker:ro] [154/362] Building C object zephyr/CMakeFiles/zephyr.dir/subsys/shell/backends/shell_uart.c.obj
[magikarp:ro] [330/390] Building C object modules/ec/zephyr/CMakeFiles/ec_shim.dir/shim/src/battery.c.obj
[magikarp:ro] [331/390] Building C object modules/ec/zephyr/CMakeFiles/ec_shim.dir/shim/src/system.c.obj
[pujjoniru:ro] [27/411] Building C object zephyr/CMakeFiles/zephyr.dir/lib/utils/getopt/getopt.c.obj
[skywalker:ro] [155/362] Building C object zephyr/CMakeFiles/zephyr.dir/subsys/shell/shell.c.obj
[magikarp:ro] [332/390] Building C object modules/ec/zephyr/CMakeFiles/ec_shim.dir/shim/src/chg_rt9490.c.obj
[magikarp:ro] [333/390] Building C object modules/ec/zephyr/CMakeFiles/ec_shim.dir/shim/src/adc.c.obj
[skywalker:rw] [260/362] Building C object zephyr/drivers/i2c/CMakeFiles/drivers__i2c.dir/i2c_shell.c.obj
[magikarp:ro] [334/390] Building C object modules/ec/zephyr/CMakeFiles/ec_shim.dir/shim/src/bc12_rt9490.c.obj
[nokris:rw] warning: PLATFORM_EC_OCPC_DEF_RBATT_MOHMS (defined at
[nokris:rw] /mnt/host/source/src/platform/ec/zephyr/Kconfig.charger:279) was assigned the value '22' but got the
[nokris:rw] value ''. Check these unsatisfied dependencies: PLATFORM_EC_OCPC (=n). See
[nokris:rw] http://docs.zephyrproject.org/latest/kconfig.html#CONFIG_PLATFORM_EC_OCPC_DEF_RBATT_MOHMS and/or
[nokris:rw] look up PLATFORM_EC_OCPC_DEF_RBATT_MOHMS in the menuconfig/guiconfig interface. The Application
[nokris:rw] Development Primer, Setting Configuration Values, and Kconfig - Tips and Best Practices sections of
[nokris:rw] the manual might be helpful too.
[nokris:rw] warning: PLATFORM_EC_OCPC_DEF_DRIVELIMIT_MILLIVOLTS (defined at
[nokris:rw] /mnt/host/source/src/platform/ec/zephyr/Kconfig.charger:288) was assigned the value '200' but got
[nokris:rw] the value ''. Check these unsatisfied dependencies: PLATFORM_EC_OCPC (=n). See
[nokris:rw] http://docs.zephyrproject.org/latest/kconfig.html#CONFIG_PLATFORM_EC_OCPC_DEF_DRIVELIMIT_MILLIVOLTS
[nokris:rw] and/or look up PLATFORM_EC_OCPC_DEF_DRIVELIMIT_MILLIVOLTS in the menuconfig/guiconfig interface. The
[nokris:rw] Application Development Primer, Setting Configuration Values, and Kconfig - Tips and Best Practices
[nokris:rw] sections of the manual might be helpful too.
[nokris:rw] warning: Deprecated symbol I2C_ALLOW_NO_STOP_TRANSACTIONS is enabled.
[pujjoniru:rw] [28/411] Building C object zephyr/CMakeFiles/zephyr.dir/lib/utils/getopt/getopt_common.c.obj
[skywalker:ro] [156/362] Building C object zephyr/CMakeFiles/zephyr.dir/subsys/shell/shell_fprintf.c.obj
[skywalker:rw] [261/362] Building C object zephyr/drivers/i2c/CMakeFiles/drivers__i2c.dir/i2c_npcx_controller_fifo.c.obj
[skywalker:rw] [262/362] Building C object zephyr/drivers/i2c/CMakeFiles/drivers__i2c.dir/i2c_npcx_controller.c.obj
[skywalker:rw] [263/362] Building C object zephyr/drivers/i2c/CMakeFiles/drivers__i2c.dir/i2c_npcx_port.c.obj
[skywalker:rw] [264/362] Linking C static library zephyr/drivers/i2c/libdrivers__i2c.a
[magikarp:ro] [335/390] Building C object modules/ec/zephyr/CMakeFiles/ec_shim.dir/shim/src/charger.c.obj
[skywalker:rw] [265/362] Building C object zephyr/drivers/pinctrl/CMakeFiles/drivers__pinctrl.dir/common.c.obj
[pujjoniru:rw] [29/411] Building C object zephyr/CMakeFiles/zephyr.dir/lib/utils/ring_buffer.c.obj
[magikarp:ro] [336/390] Building C object modules/ec/zephyr/CMakeFiles/ec_shim.dir/shim/src/flash.c.obj
[pujjoniru:ro] [28/411] Building C object zephyr/CMakeFiles/zephyr.dir/lib/utils/getopt/getopt_common.c.obj
[pujjoniru:rw] [30/411] Building C object zephyr/CMakeFiles/zephyr.dir/lib/utils/last_section_id.c.obj
[nokris:rw] Parsing /mnt/host/source/src/platform/ec/zephyr/program/nissa/Kconfig
[magikarp:ro] [337/390] Building C object modules/ec/zephyr/CMakeFiles/ec_shim.dir/shim/src/host_command.c.obj
[skywalker:ro] [157/362] Building C object zephyr/CMakeFiles/zephyr.dir/subsys/shell/shell_utils.c.obj
[magikarp:ro] [338/390] Building C object modules/ec/zephyr/CMakeFiles/ec_shim.dir/shim/src/hooks.c.obj
[magikarp:ro] [339/390] Building C object modules/ec/zephyr/CMakeFiles/ec_shim.dir/shim/src/console_buffer.c.obj
[pujjoniru:rw] [31/411] Building C object zephyr/CMakeFiles/zephyr.dir/misc/generated/configs.c.obj
[pujjoniru:ro] [29/411] Building C object zephyr/CMakeFiles/zephyr.dir/lib/utils/ring_buffer.c.obj
[skywalker:rw] [266/362] Building C object zephyr/drivers/pinctrl/CMakeFiles/drivers__pinctrl.dir/pinctrl_npcx.c.obj
[pujjoniru:ro] [30/411] Building C object zephyr/CMakeFiles/zephyr.dir/lib/utils/last_section_id.c.obj
[skywalker:ro] [158/362] Building C object zephyr/CMakeFiles/zephyr.dir/subsys/shell/shell_ops.c.obj
[skywalker:rw] [267/362] Linking C static library zephyr/drivers/pinctrl/libdrivers__pinctrl.a
[skywalker:rw] [268/362] Building C object zephyr/drivers/pwm/CMakeFiles/drivers__pwm.dir/pwm_shell.c.obj
[pujjoniru:ro] [31/411] Building C object zephyr/CMakeFiles/zephyr.dir/misc/generated/configs.c.obj
[pujjoniru:rw] [32/411] Building ASM object zephyr/CMakeFiles/zephyr.dir/soc/ite/ec/common/soc_irq.S.obj
[skywalker:rw] [269/362] Building C object zephyr/drivers/pwm/CMakeFiles/drivers__pwm.dir/pwm_npcx.c.obj
[magikarp:ro] [340/390] Building C object modules/ec/zephyr/CMakeFiles/ec_shim.dir/shim/src/keyboard_raw.c.obj
[magikarp:ro] [341/390] Building C object modules/ec/zephyr/CMakeFiles/ec_shim.dir/shim/src/keyscan.c.obj
[magikarp:ro] [342/390] Building C object modules/ec/zephyr/CMakeFiles/ec_shim.dir/shim/src/mkbp_event.c.obj
[skywalker:rw] [270/362] Linking C static library zephyr/drivers/pwm/libdrivers__pwm.a
[skywalker:rw] [271/362] Building C object zephyr/drivers/serial/CMakeFiles/drivers__serial.dir/uart_npcx.c.obj
[skywalker:rw] [272/362] Linking C static library zephyr/drivers/serial/libdrivers__serial.a
[skywalker:ro] [159/362] Building C object zephyr/CMakeFiles/zephyr.dir/subsys/shell/shell_help.c.obj
[pujjoniru:ro] [32/411] Building ASM object zephyr/CMakeFiles/zephyr.dir/soc/ite/ec/common/soc_irq.S.obj
[magikarp:ro] [343/390] Building C object modules/ec/zephyr/CMakeFiles/ec_shim.dir/shim/src/motionsense_sensors.c.obj
[magikarp:ro] [344/390] Building C object modules/ec/zephyr/CMakeFiles/ec_shim.dir/shim/src/panic.c.obj
[nokris:rw] Loaded configuration '/mnt/host/source/src/platform/ec/zephyr/boards/google/npcx9/npcx9_npcx9m3f_defconfig'
[nokris:rw] Merged configuration '/mnt/host/source/src/platform/ec/zephyr/program/nissa/program.conf'
[nokris:rw] Merged configuration '/mnt/host/source/src/platform/ec/zephyr/program/nissa/npcx_program.conf'
[nokris:rw] Merged configuration '/mnt/host/source/src/platform/ec/zephyr/program/nissa/nokris/project.conf'
[nokris:rw] Merged configuration '/mnt/host/source/src/platform/ec/build/zephyr/nokris/kconfig-rw.conf'
[nokris:rw] Configuration saved to '/mnt/host/source/src/platform/ec/build/zephyr/nokris/build-rw/zephyr/.config'
[nokris:rw] Kconfig header saved to '/mnt/host/source/src/platform/ec/build/zephyr/nokris/build-rw/zephyr/include/generated/zephyr/autoconf.h'
[nokris:rw] -- Found GnuLd: /home/jpmurphy/.cache/coreboot-sdk/arm-eabi/ea40ddd1d190c3b48435c474c0b545719371813a/arm-eabi/bin/ld.bfd (found version "2.43.1")
[skywalker:ro] [160/362] Building C object zephyr/CMakeFiles/zephyr.dir/subsys/shell/shell_history.c.obj
[skywalker:rw] [273/362] Building C object zephyr/drivers/timer/CMakeFiles/drivers__timer.dir/sys_clock_init.c.obj
[pujjoniru:rw] [33/411] Building C object zephyr/CMakeFiles/zephyr.dir/soc/ite/ec/common/soc_common_irq.c.obj
[skywalker:rw] [274/362] Building C object zephyr/drivers/syscon/CMakeFiles/drivers__syscon.dir/syscon.c.obj
[nokris:rw] -- The C compiler identification is GNU 14.2.0
[skywalker:rw] [275/362] Linking C static library zephyr/drivers/syscon/libdrivers__syscon.a
[skywalker:rw] [276/362] Building C object zephyr/drivers/timer/CMakeFiles/drivers__timer.dir/npcx_itim_timer.c.obj
[skywalker:rw] [277/362] Linking C static library zephyr/drivers/timer/libdrivers__timer.a
[nokris:rw] -- The CXX compiler identification is GNU 14.2.0
[magikarp:ro] [345/390] Building C object modules/ec/zephyr/CMakeFiles/ec_shim.dir/shim/src/thermal.c.obj
[pujjoniru:ro] [33/411] Building C object zephyr/CMakeFiles/zephyr.dir/soc/ite/ec/common/soc_common_irq.c.obj
[magikarp:ro] [346/390] Building C object modules/ec/zephyr/CMakeFiles/ec_shim.dir/shim/src/power.c.obj
[magikarp:ro] [347/390] Building C object modules/ec/zephyr/CMakeFiles/ec_shim.dir/shim/src/temp_sensors.c.obj
[magikarp:ro] [348/390] Building C object modules/ec/zephyr/CMakeFiles/ec_shim.dir/shim/src/hwtimer.c.obj
[skywalker:rw] [278/362] Building C object zephyr/drivers/watchdog/CMakeFiles/drivers__watchdog.dir/wdt_npcx.c.obj
[nokris:rw] -- The ASM compiler identification is GNU
[nokris:rw] CMake Warning at /mnt/host/source/src/platform/ec/zephyr/cmake/linker/ld/linker_libraries.cmake:11 (message):
[nokris:rw]   Disabling c_library
[skywalker:ro] [161/362] Building C object zephyr/arch/common/CMakeFiles/arch__common.dir/sw_isr_common.c.obj
[skywalker:ro] [162/362] Building C object zephyr/CMakeFiles/zephyr.dir/drivers/flash/flash_util.c.obj
[pujjoniru:rw] [34/411] Building C object zephyr/CMakeFiles/zephyr.dir/soc/ite/ec/common/power.c.obj
[skywalker:rw] [279/362] Building C object zephyr/drivers/watchdog/CMakeFiles/drivers__watchdog.dir/wdt_shell.c.obj
[skywalker:ro] [163/362] Linking C static library zephyr/libzephyr.a
[magikarp:ro] [349/390] Building C object modules/ec/zephyr/CMakeFiles/ec_shim.dir/shim/src/i2c.c.obj
[skywalker:rw] [280/362] Linking C static library zephyr/drivers/watchdog/libdrivers__watchdog.a
[pujjoniru:ro] [34/411] Building C object zephyr/CMakeFiles/zephyr.dir/soc/ite/ec/common/power.c.obj
[skywalker:ro] [164/362] Building C object zephyr/arch/common/CMakeFiles/arch__common.dir/init.c.obj
[magikarp:ro] [350/390] Building C object modules/ec/zephyr/CMakeFiles/ec_shim.dir/shim/src/bc12.c.obj
[skywalker:rw] [281/362] Building C object modules/ec/zephyr/CMakeFiles/ec_shim.dir/app/ec/ec_app_main.c.obj
[skywalker:rw] [282/362] Building C object modules/ec/zephyr/CMakeFiles/ec_shim.dir/app/ec/main_shim.c.obj
[nokris:rw] -- Found assembler: /home/jpmurphy/.cache/coreboot-sdk/arm-eabi/ea40ddd1d190c3b48435c474c0b545719371813a/bin/arm-eabi-gcc
[nokris:rw] -- Performing EC specific devicetree checks
[magikarp:ro] [351/390] Building C object modules/ec/zephyr/CMakeFiles/ec_shim.dir/shim/src/tasks.c.obj
[magikarp:ro] [352/390] Building C object modules/ec/zephyr/CMakeFiles/ec_shim.dir/shim/src/watchdog.c.obj
[pujjoniru:rw] [35/411] Building C object zephyr/CMakeFiles/zephyr.dir/soc/ite/ec/common/policy.c.obj
[magikarp:ro] [353/390] Building C object modules/ec/zephyr/CMakeFiles/ec_shim.dir/shim/src/bc12_pi3usb9201.c.obj
[skywalker:ro] [165/362] Building C object zephyr/arch/common/CMakeFiles/arch__common.dir/xip.c.obj
[skywalker:rw] [283/362] Building C object modules/ec/zephyr/CMakeFiles/ec_shim.dir/drivers/cros_flash/cros_flash_npcx.c.obj
[/mnt/host/source/src/platform/ec/build/zephyr/deku-lcov]   /mnt/host/source/src/platform/ec/build/zephyr/deku/build-ro/CMakeFiles/app.dir/mnt/host/source/src/platform/ec/build/zephyr/deku/modules/ec/common/chargen.c.gcno:no functions found
[/mnt/host/source/src/platform/ec/build/zephyr/deku-lcov] stderr:
[nokris:rw] Call Stack (most recent call first):
[nokris:rw]   /mnt/host/source/src/third_party/zephyr/main/cmake/target_toolchain_flags.cmake:48 (include)
[nokris:rw]   /mnt/host/source/src/third_party/zephyr/main/cmake/modules/kernel.cmake:153 (include)
[nokris:rw]   /mnt/host/source/src/third_party/zephyr/main/cmake/modules/zephyr_default.cmake:138 (include)
[nokris:rw]   /mnt/host/source/src/third_party/zephyr/main/share/zephyr-package/cmake/ZephyrConfig.cmake:66 (include)
[nokris:rw]   /mnt/host/source/src/third_party/zephyr/main/share/zephyr-package/cmake/ZephyrConfig.cmake:97 (include_boilerplate)
[nokris:rw]   CMakeLists.txt:7 (find_package)
[nokris:rw] INFO: Verified 64 GPIOs, no duplicates found
[nokris:rw] INFO: Verified 19 '*-gpios' properties, all flags match.
[nokris:rw] INFO: Skipped 20 named-gpios children.
[pujjoniru:ro] [35/411] Building C object zephyr/CMakeFiles/zephyr.dir/soc/ite/ec/common/policy.c.obj
[magikarp:ro] [354/390] Building C object modules/ec/zephyr/CMakeFiles/ec_shim.dir/shim/src/ppc.c.obj
[skywalker:rw] [284/362] Building C object modules/ec/zephyr/CMakeFiles/ec_shim.dir/drivers/cros_kb_raw/cros_kb_raw_npcx.c.obj
[skywalker:ro] [166/362] Building C object zephyr/arch/common/CMakeFiles/isr_tables.dir/isr_tables.c.obj
[nokris:rw] -- Generating component manifest file
[skywalker:ro] [167/362] Linking C static library zephyr/arch/common/libisr_tables.a
[pujjoniru:rw] [36/411] Building C object zephyr/CMakeFiles/zephyr.dir/soc/ite/ec/it8xxx2/soc.c.obj
[skywalker:ro] [168/362] Linking C static library zephyr/arch/common/libarch__common.a
[magikarp:ro] [355/390] Building C object zephyr/kernel/CMakeFiles/kernel.dir/banner.c.obj
[skywalker:rw] [285/362] Building C object modules/ec/zephyr/CMakeFiles/ec_shim.dir/drivers/usbc/ucsi_v3.c.obj
[magikarp:ro] [356/390] Building C object modules/ec/zephyr/CMakeFiles/ec_shim.dir/shim/src/usba.c.obj
[magikarp:ro] [357/390] Building C object zephyr/kernel/CMakeFiles/kernel.dir/main_weak.c.obj
[nokris:rw] INFO: Running CME, outputting to /mnt/host/source/src/platform/ec/build/zephyr/nokris/build-rw/zephyr/component_manifest.json
[nokris:rw] INFO: Project nokris does not support SSFC
[nokris:rw] INFO: Component virtual-mux-0(cros-ec,usbc-mux-virtual) not on I2C bus, skip it
[nokris:rw] INFO: Component virtual-mux-1(cros-ec,usbc-mux-virtual) not on I2C bus, skip it
[nokris:rw] INFO: Component tcpci-mux-1(parade,usbc-mux-ps8xxx) not on I2C bus, skip it
[nokris:rw] INFO: Component virtual-mux-1(cros-ec,usbc-mux-virtual) not on I2C bus, skip it
[nokris:rw] INFO: No motionsense-sensor-alt node found
[skywalker:rw] [286/362] Building C object modules/ec/zephyr/CMakeFiles/ec_shim.dir/drivers/cros_system/cros_system_npcx.c.obj
[skywalker:ro] [169/362] Building C object zephyr/arch/arch/arm/core/CMakeFiles/arch__arm__core.dir/fatal.c.obj
[magikarp:ro] [358/390] Building C object modules/ec/zephyr/CMakeFiles/ec_shim.dir/shim/src/usb_muxes.c.obj
[magikarp:ro] [359/390] Building C object zephyr/kernel/CMakeFiles/kernel.dir/busy_wait.c.obj
[pujjoniru:ro] [36/411] Building C object zephyr/CMakeFiles/zephyr.dir/soc/ite/ec/it8xxx2/soc.c.obj
[magikarp:ro] [360/390] Linking C static library modules/ec/zephyr/libec_shim.a
[skywalker:ro] [170/362] Building ASM object zephyr/arch/arch/arm/core/CMakeFiles/arch__arm__core.dir/nmi_on_reset.S.obj
[nokris:rw] -- warning_base_override: -Wall;-Wformat;-Wformat-security;-Wformat;-Wno-format-zero-length;-Wno-pointer-sign;-Wpointer-arith;-Wexpansion-to-defined
[skywalker:rw] [287/362] Building C object modules/ec/zephyr/CMakeFiles/ec_shim.dir/shim/chip/npcx/clock.c.obj
[skywalker:rw] [288/362] Building C object modules/ec/zephyr/CMakeFiles/ec_shim.dir/drivers/usbc/pdc_rts54xx.c.obj
[magikarp:ro] [361/390] Building C object zephyr/kernel/CMakeFiles/kernel.dir/device.c.obj
[pujjoniru:rw] [37/411] Building C object zephyr/CMakeFiles/zephyr.dir/soc/ite/ec/it8xxx2/check_regs.c.obj
[/mnt/host/source/src/platform/ec/build/zephyr/joxer-lcov]   /mnt/host/source/src/platform/ec/build/zephyr/joxer/build-rw/zephyr/drivers/sensor/CMakeFiles/drivers__sensor.dir/mnt/host/source/src/third_party/zephyr/main/misc/empty_file.c.gcno:no functions found
[/mnt/host/source/src/platform/ec/build/zephyr/joxer-lcov] Filter suppressions 'region':
[magikarp:ro] [362/390] Building C object zephyr/kernel/CMakeFiles/kernel.dir/errno.c.obj
[/mnt/host/source/src/platform/ec/build/zephyr/joxer-lcov]     43 instances
[/mnt/host/source/src/platform/ec/build/zephyr/joxer-lcov]     40 coverpoints
[/mnt/host/source/src/platform/ec/build/zephyr/joxer-lcov] Message summary:
[/mnt/host/source/src/platform/ec/build/zephyr/joxer-lcov]   29 ignore messages:
[/mnt/host/source/src/platform/ec/build/zephyr/joxer-lcov]     gcov: 29
Toolchain <zmake.toolchains.CorebootSdkToolchain object at 0x7f412077e050> selected by probe function.
[kinmen-ish] Building in /mnt/host/source/src/platform/ec/build/zephyr/kinmen-ish.
[skywalker:ro] [171/362] Building C object zephyr/arch/arch/arm/core/CMakeFiles/arch__arm__core.dir/nmi.c.obj
[nokris:rw] -- Found gen_kobject_list: /mnt/host/source/src/third_party/zephyr/main/scripts/build/gen_kobject_list.py
[magikarp:ro] [363/390] Building C object zephyr/kernel/CMakeFiles/kernel.dir/fatal.c.obj
[skywalker:ro] [172/362] Linking C static library zephyr/arch/arch/arm/core/libarch__arm__core.a
[magikarp:ro] [364/390] Building C object zephyr/kernel/CMakeFiles/kernel.dir/version.c.obj
[nokris:rw] -- Configuring done (17.5s)
[magikarp:ro] [365/390] Building C object zephyr/kernel/CMakeFiles/kernel.dir/kheap.c.obj
[pujjoniru:ro] [37/411] Building C object zephyr/CMakeFiles/zephyr.dir/soc/ite/ec/it8xxx2/check_regs.c.obj
[pujjoniru:rw] [38/411] Building ASM object zephyr/CMakeFiles/zephyr.dir/soc/ite/ec/it8xxx2/vector.S.obj
[skywalker:rw] [289/362] Building C object modules/ec/zephyr/CMakeFiles/ec_shim.dir/shim/chip/npcx/rom_chip.c.obj
[skywalker:ro] [173/362] Building C object zephyr/arch/arch/arm/core/cortex_m/CMakeFiles/arch__arm__core__cortex_m.dir/exc_exit.c.obj
[magikarp:ro] [366/390] Building C object zephyr/kernel/CMakeFiles/kernel.dir/init.c.obj
[pujjoniru:rw] [39/411] Building ASM object zephyr/CMakeFiles/zephyr.dir/soc/ite/ec/it8xxx2/__arithmetic.S.obj
[skywalker:rw] [290/362] Building C object modules/ec/zephyr/CMakeFiles/ec_shim.dir/shim/chip/npcx/keyboard_raw.c.obj
[magikarp:ro] [367/390] Building C object zephyr/kernel/CMakeFiles/kernel.dir/float.c.obj
[skywalker:ro] [174/362] Building ASM object zephyr/arch/arch/arm/core/cortex_m/CMakeFiles/arch__arm__core__cortex_m.dir/fault_s.S.obj
[magikarp:ro] [368/390] Building C object zephyr/kernel/CMakeFiles/kernel.dir/mem_slab.c.obj
[nokris:rw] -- Generating done (0.5s)
[nokris:rw] CMake Warning:
[nokris:rw]   Manually-specified variables were not used by the project:
[nokris:rw]     COREBOOT_SDK_ROOT_libstdcxx_riscv64
[nokris:rw]     COREBOOT_SDK_ROOT_libstdcxx_x86
[nokris:rw]     COREBOOT_SDK_ROOT_nds32
[nokris:rw]     COREBOOT_SDK_ROOT_picolibc_riscv64
[nokris:rw]     COREBOOT_SDK_ROOT_picolibc_x86
[nokris:rw]     COREBOOT_SDK_ROOT_riscv
[nokris:rw]     COREBOOT_SDK_ROOT_riscv64
[nokris:rw]     COREBOOT_SDK_ROOT_x86
[nokris:rw] -- Build files have been written to: /mnt/host/source/src/platform/ec/build/zephyr/nokris/build-rw
[pujjoniru:ro] [38/411] Building ASM object zephyr/CMakeFiles/zephyr.dir/soc/ite/ec/it8xxx2/vector.S.obj
[skywalker:rw] [291/362] Building C object modules/ec/zephyr/CMakeFiles/ec_shim.dir/shim/chip/npcx/shi.c.obj
[pujjoniru:ro] [39/411] Building ASM object zephyr/CMakeFiles/zephyr.dir/soc/ite/ec/it8xxx2/__arithmetic.S.obj
[magikarp:ro] [369/390] Building C object zephyr/kernel/CMakeFiles/kernel.dir/idle.c.obj
[skywalker:ro] [175/362] Building C object zephyr/arch/arch/arm/core/cortex_m/CMakeFiles/arch__arm__core__cortex_m.dir/fault.c.obj
[magikarp:ro] [370/390] Building C object zephyr/kernel/CMakeFiles/kernel.dir/msg_q.c.obj
[magikarp:ro] [371/390] Building C object zephyr/kernel/CMakeFiles/kernel.dir/mailbox.c.obj
[skywalker:rw] [292/362] Building C object modules/ec/zephyr/CMakeFiles/ec_shim.dir/shim/chip/npcx/gpio.c.obj
[magikarp:ro] [372/390] Building C object zephyr/kernel/CMakeFiles/kernel.dir/sem.c.obj
[skywalker:rw] [293/362] Building C object modules/ec/zephyr/CMakeFiles/ec_shim.dir/shim/chip/npcx/system.c.obj
[skywalker:ro] [176/362] Building C object zephyr/arch/arch/arm/core/cortex_m/CMakeFiles/arch__arm__core__cortex_m.dir/fpu.c.obj
[pujjoniru:rw] [40/411] Building C object zephyr/CMakeFiles/zephyr.dir/soc/ite/ec/it8xxx2/ilm.c.obj
[magikarp:ro] [373/390] Building C object zephyr/kernel/CMakeFiles/kernel.dir/system_work_q.c.obj
[magikarp:ro] [374/390] Building C object zephyr/kernel/CMakeFiles/kernel.dir/queue.c.obj
[magikarp:ro] [375/390] Building C object zephyr/kernel/CMakeFiles/kernel.dir/mutex.c.obj
[pujjoniru:ro] [40/411] Building C object zephyr/CMakeFiles/zephyr.dir/soc/ite/ec/it8xxx2/ilm.c.obj
[magikarp:ro] [376/390] Building C object zephyr/kernel/CMakeFiles/kernel.dir/stack.c.obj
[skywalker:rw] [294/362] Building C object modules/ec/zephyr/CMakeFiles/ec_shim.dir/shim/chip/npcx/system_external_storage.c.obj
[skywalker:ro] [177/362] Building ASM object zephyr/arch/arch/arm/core/cortex_m/CMakeFiles/arch__arm__core__cortex_m.dir/reset.S.obj
[skywalker:rw] [295/362] Building C object modules/ec/zephyr/CMakeFiles/ec_shim.dir/shim/chip/npcx/power_policy.c.obj
[magikarp:ro] [377/390] Building C object zephyr/kernel/CMakeFiles/kernel.dir/condvar.c.obj
[magikarp:ro] [378/390] Building C object zephyr/kernel/CMakeFiles/kernel.dir/thread.c.obj
[skywalker:rw] [296/362] Building C object modules/ec/zephyr/CMakeFiles/ec_shim.dir/shim/src/crc.c.obj
[magikarp:ro] [379/390] Building C object zephyr/kernel/CMakeFiles/kernel.dir/work.c.obj
[skywalker:ro] [178/362] Building C object zephyr/arch/arch/arm/core/cortex_m/CMakeFiles/arch__arm__core__cortex_m.dir/scb.c.obj
[pujjoniru:rw] [41/411] Building C object zephyr/CMakeFiles/zephyr.dir/subsys/logging/log_minimal.c.obj
[magikarp:ro] [380/390] Building C object zephyr/kernel/CMakeFiles/kernel.dir/spinlock_validate.c.obj
[skywalker:rw] [297/362] Building C object modules/ec/zephyr/CMakeFiles/ec_shim.dir/shim/core/cortex-m/mpu.c.obj
[skywalker:rw] [298/362] Building C object modules/ec/zephyr/CMakeFiles/ec_shim.dir/shim/core/cortex-m/panic.c.obj
[pujjoniru:ro] [41/411] Building C object zephyr/CMakeFiles/zephyr.dir/subsys/logging/log_minimal.c.obj
[magikarp:ro] [381/390] Building C object zephyr/kernel/CMakeFiles/kernel.dir/pipe.c.obj
[magikarp:ro] [382/390] Building C object zephyr/kernel/CMakeFiles/kernel.dir/thread_monitor.c.obj
[magikarp:ro] [383/390] Building C object zephyr/kernel/CMakeFiles/kernel.dir/sched.c.obj
[skywalker:ro] [179/362] Building ASM object zephyr/arch/arch/arm/core/cortex_m/CMakeFiles/arch__arm__core__cortex_m.dir/vector_table.S.obj
[/mnt/host/source/src/platform/ec/build/zephyr/deku-lcov]   /mnt/host/source/src/platform/ec/build/zephyr/deku/build-ro/CMakeFiles/app.dir/mnt/host/source/src/platform/ec/build/zephyr/deku/modules/ec/common/cbi_config.c.gcno:no functions found
[/mnt/host/source/src/platform/ec/build/zephyr/deku-lcov] stderr:
[skywalker:rw] [299/362] Building C object modules/ec/zephyr/CMakeFiles/ec_shim.dir/shim/src/console.c.obj
[skywalker:ro] [180/362] Building C object zephyr/arch/arch/arm/core/cortex_m/CMakeFiles/arch__arm__core__cortex_m.dir/thread_abort.c.obj
[kinmen-ish:singleimage] Configuring.
[magikarp:ro] [384/390] Building C object zephyr/kernel/CMakeFiles/kernel.dir/timeout.c.obj
Running `env -i PYTHONPATH=/usr/lib64/python-exec/python3.11:/mnt/host/source/src/platform/ec/zephyr/zmake:/usr/lib/python311.zip:/usr/lib/python3.11:/usr/lib/python3.11/lib-dynload:/usr/lib/python3.11/site-packages PW_PIGWEED_CIPD_INSTALL_DIR=/usr CROSTC_USER_ACKNOWLEDGES_THAT_RISCV_IS_EXPERIMENTAL=1 PATH=/mnt/host/source/chromite/bin:/usr/local/bin:/usr/bin:/bin:/opt/bin:/mnt/host/source/chromite/sdk/bin:/mnt/host/source/chromite/bin HOME=/home/jpmurphy JAVA_HOME=/etc/java-config-2/current-system-vm JDK_HOME=/etc/java-config-2/current-system-vm JAVAC=/etc/java-config-2/current-system-vm/bin/javac MAKEFLAGS=' -j16 --jobserver-auth=5,6' /usr/bin/cmake -S /mnt/host/source/src/platform/ec/zephyr/program/fatcat -B /mnt/host/source/src/platform/ec/build/zephyr/kinmen-ish/build-singleimage -GNinja -DCMAKE_EXPORT_COMPILE_COMMANDS=ON -DZEPHYR_BASE=/mnt/host/source/src/third_party/zephyr/main -DZMAKE_INCLUDE_DIR=/mnt/host/source/src/platform/ec/build/zephyr/kinmen-ish/include -DPython3_EXECUTABLE=/usr/bin/python3.11 -DDTS_ROOT=/mnt/host/source/src/platform/ec/zephyr -DSYSCALL_INCLUDE_DIRS=/mnt/host/source/src/platform/ec/zephyr/include/drivers -DUSER_CACHE_DIR=/mnt/host/source/src/platform/ec/build/zephyr/user-cache -DPW_ROOT=/mnt/host/source/src/third_party/pigweed -DNANOPB_DIR=/mnt/host/source/src/third_party/zephyr/nanopb '-DEXTRA_EC_VERSION_FLAGS=--version 16543.0.0 --static' -DTOOLCHAIN_ROOT=/mnt/host/source/src/platform/ec/zephyr -DCOREBOOT_SDK_ROOT_x86=/home/jpmurphy/.cache/coreboot-sdk/i386-elf/dfbb0486385d938cfa9d73080b9d18d598ed4f49 -DCOREBOOT_SDK_ROOT_picolibc_x86=/home/jpmurphy/.cache/coreboot-sdk/picolibc-i386-elf/eb8e8e687b95461de8cbf278f1c2076952d0ad17 -DCOREBOOT_SDK_ROOT_riscv64=/home/jpmurphy/.cache/coreboot-sdk/riscv64-elf/96b949749225b6aaa92ed810ab769e8dfb12f000 -DCOREBOOT_SDK_ROOT_picolibc_arm=/home/jpmurphy/.cache/coreboot-sdk/picolibc-arm-eabi/422a2aa3e1ef891b5bece9a3deb696ff83840d2e -DCOREBOOT_SDK_ROOT_nds32=/home/jpmurphy/.cache/coreboot-sdk/nds32le-elf/d1a518c4a097666d86058e1444f85ca015d15511 -DCOREBOOT_SDK_ROOT_picolibc_riscv64=/home/jpmurphy/.cache/coreboot-sdk/picolibc-riscv64-elf/f571e990ef0278564b31124f8bb109d9a697eb69 -DCOREBOOT_SDK_ROOT_arm=/home/jpmurphy/.cache/coreboot-sdk/arm-eabi/ea40ddd1d190c3b48435c474c0b545719371813a -DCOREBOOT_SDK_ROOT_libstdcxx_riscv64=/home/jpmurphy/.cache/coreboot-sdk/libstdcxx-riscv64-elf/17abf22a3a252e2d5d2062ced5324f7a623689e0 -DCOREBOOT_SDK_ROOT_libstdcxx_arm=/home/jpmurphy/.cache/coreboot-sdk/libstdcxx-arm-eabi/5d7d82e150e44aa1968f1d366e267e6687b328ac -DCOREBOOT_SDK_ROOT_riscv=/home/jpmurphy/.cache/coreboot-sdk/riscv-elf/9a27b9e82341c6e9126624f516ab3f261abb3e73 -DCOREBOOT_SDK_ROOT_libstdcxx_x86=/home/jpmurphy/.cache/coreboot-sdk/libstdcxx-i386-elf/42ef9d2e87a76a37963175d7d428734e65648b87 -DZEPHYR_TOOLCHAIN_VARIANT=coreboot-sdk '-DZEPHYR_MODULES=/mnt/host/source/src/platform/ec/build/zephyr/kinmen-ish/modules/ec;/mnt/host/source/src/platform/ec/build/zephyr/kinmen-ish/modules/cmsis;/mnt/host/source/src/platform/ec/build/zephyr/kinmen-ish/modules/cmsis_6;/mnt/host/source/src/platform/ec/build/zephyr/kinmen-ish/modules/hal_intel_public;/mnt/host/source/src/platform/ec/build/zephyr/kinmen-ish/modules/pigweed;/mnt/host/source/src/platform/ec/build/zephyr/kinmen-ish/modules/nanopb' -DDTC_OVERLAY_FILE=/mnt/host/source/src/platform/ec/zephyr/program/fatcat/kinmen-ish/project.overlay -DBOARD=intel_ish_5_8_0 '-DCONF_FILE=/mnt/host/source/src/platform/ec/zephyr/program/fatcat/dsp_comms.conf;/mnt/host/source/src/platform/ec/zephyr/program/fatcat/kinmen-ish/project.conf;/mnt/host/source/src/platform/ec/build/zephyr/kinmen-ish/kconfig-singleimage.conf'`
[kinmen-ish:singleimage] Loading Zephyr default modules (Zephyr base (cached)).
[kinmen-ish:singleimage] -- Application: /mnt/host/source/src/platform/ec/zephyr/program/fatcat
[magikarp:ro] [385/390] Building C object zephyr/kernel/CMakeFiles/kernel.dir/timer.c.obj
[magikarp:ro] [386/390] Building C object zephyr/kernel/CMakeFiles/kernel.dir/poll.c.obj
[pujjoniru:rw] [42/411] Building C object zephyr/CMakeFiles/zephyr.dir/subsys/pm/pm.c.obj
[magikarp:ro] [387/390] Building C object zephyr/kernel/CMakeFiles/kernel.dir/dynamic_disabled.c.obj
[nokris:ro] Configuring.
Running `env -i PYTHONPATH=/usr/lib64/python-exec/python3.11:/mnt/host/source/src/platform/ec/zephyr/zmake:/usr/lib/python311.zip:/usr/lib/python3.11:/usr/lib/python3.11/lib-dynload:/usr/lib/python3.11/site-packages PW_PIGWEED_CIPD_INSTALL_DIR=/usr CROSTC_USER_ACKNOWLEDGES_THAT_RISCV_IS_EXPERIMENTAL=1 PATH=/mnt/host/source/chromite/bin:/usr/local/bin:/usr/bin:/bin:/opt/bin:/mnt/host/source/chromite/sdk/bin:/mnt/host/source/chromite/bin HOME=/home/jpmurphy JAVA_HOME=/etc/java-config-2/current-system-vm JDK_HOME=/etc/java-config-2/current-system-vm JAVAC=/etc/java-config-2/current-system-vm/bin/javac MAKEFLAGS=' -j16 --jobserver-auth=5,6' /usr/bin/cmake -S /mnt/host/source/src/platform/ec/zephyr/program/nissa -B /mnt/host/source/src/platform/ec/build/zephyr/nokris/build-ro -GNinja -DCMAKE_EXPORT_COMPILE_COMMANDS=ON -DZEPHYR_BASE=/mnt/host/source/src/third_party/zephyr/main -DZMAKE_INCLUDE_DIR=/mnt/host/source/src/platform/ec/build/zephyr/nokris/include -DPython3_EXECUTABLE=/usr/bin/python3.11 -DDTS_ROOT=/mnt/host/source/src/platform/ec/zephyr -DSYSCALL_INCLUDE_DIRS=/mnt/host/source/src/platform/ec/zephyr/include/drivers -DUSER_CACHE_DIR=/mnt/host/source/src/platform/ec/build/zephyr/user-cache '-DEXTRA_EC_VERSION_FLAGS=--version 16543.0.0 --static' -DTOOLCHAIN_ROOT=/mnt/host/source/src/platform/ec/zephyr -DCOREBOOT_SDK_ROOT_x86=/home/jpmurphy/.cache/coreboot-sdk/i386-elf/dfbb0486385d938cfa9d73080b9d18d598ed4f49 -DCOREBOOT_SDK_ROOT_picolibc_x86=/home/jpmurphy/.cache/coreboot-sdk/picolibc-i386-elf/eb8e8e687b95461de8cbf278f1c2076952d0ad17 -DCOREBOOT_SDK_ROOT_riscv64=/home/jpmurphy/.cache/coreboot-sdk/riscv64-elf/96b949749225b6aaa92ed810ab769e8dfb12f000 -DCOREBOOT_SDK_ROOT_picolibc_arm=/home/jpmurphy/.cache/coreboot-sdk/picolibc-arm-eabi/422a2aa3e1ef891b5bece9a3deb696ff83840d2e -DCOREBOOT_SDK_ROOT_nds32=/home/jpmurphy/.cache/coreboot-sdk/nds32le-elf/d1a518c4a097666d86058e1444f85ca015d15511 -DCOREBOOT_SDK_ROOT_picolibc_riscv64=/home/jpmurphy/.cache/coreboot-sdk/picolibc-riscv64-elf/f571e990ef0278564b31124f8bb109d9a697eb69 -DCOREBOOT_SDK_ROOT_arm=/home/jpmurphy/.cache/coreboot-sdk/arm-eabi/ea40ddd1d190c3b48435c474c0b545719371813a -DCOREBOOT_SDK_ROOT_libstdcxx_riscv64=/home/jpmurphy/.cache/coreboot-sdk/libstdcxx-riscv64-elf/17abf22a3a252e2d5d2062ced5324f7a623689e0 -DCOREBOOT_SDK_ROOT_libstdcxx_arm=/home/jpmurphy/.cache/coreboot-sdk/libstdcxx-arm-eabi/5d7d82e150e44aa1968f1d366e267e6687b328ac -DCOREBOOT_SDK_ROOT_riscv=/home/jpmurphy/.cache/coreboot-sdk/riscv-elf/9a27b9e82341c6e9126624f516ab3f261abb3e73 -DCOREBOOT_SDK_ROOT_libstdcxx_x86=/home/jpmurphy/.cache/coreboot-sdk/libstdcxx-i386-elf/42ef9d2e87a76a37963175d7d428734e65648b87 -DZEPHYR_TOOLCHAIN_VARIANT=coreboot-sdk '-DZEPHYR_MODULES=/mnt/host/source/src/platform/ec/build/zephyr/nokris/modules/cmsis;/mnt/host/source/src/platform/ec/build/zephyr/nokris/modules/cmsis_6;/mnt/host/source/src/platform/ec/build/zephyr/nokris/modules/ec' -DDTC_OVERLAY_FILE=/mnt/host/source/src/platform/ec/zephyr/program/nissa/nokris/project.overlay -DBOARD=npcx9/npcx9m3f -DCMAKE_C_FLAGS=-DSECTION_IS_RO '-DCONF_FILE=/mnt/host/source/src/platform/ec/zephyr/program/nissa/program.conf;/mnt/host/source/src/platform/ec/zephyr/program/nissa/npcx_program.conf;/mnt/host/source/src/platform/ec/zephyr/program/nissa/nokris/project.conf;/mnt/host/source/src/platform/ec/build/zephyr/nokris/kconfig-ro.conf'`
[magikarp:ro] [388/390] Building C object zephyr/kernel/CMakeFiles/kernel.dir/events.c.obj
[magikarp:ro] [389/390] Building C object zephyr/kernel/CMakeFiles/kernel.dir/mempool.c.obj
[nokris:ro] Loading Zephyr default modules (Zephyr base (cached)).
[nokris:ro] -- Application: /mnt/host/source/src/platform/ec/zephyr/program/nissa
[nokris:ro] -- CMake version: 3.31.7
[skywalker:rw] [300/362] Building C object modules/ec/zephyr/CMakeFiles/ec_shim.dir/shim/src/panic_utils.c.obj
[magikarp:ro] [390/390] Linking C static library zephyr/kernel/libkernel.a
Toolchain <zmake.toolchains.CorebootSdkToolchain object at 0x7f4120442a10> selected by probe function.
[ovis] Building in /mnt/host/source/src/platform/ec/build/zephyr/ovis.
[skywalker:rw] [301/362] Building C object modules/ec/zephyr/CMakeFiles/ec_shim.dir/shim/src/gpio_int.c.obj
[pujjoniru:ro] [42/411] Building C object zephyr/CMakeFiles/zephyr.dir/subsys/pm/pm.c.obj
[skywalker:rw] [302/362] Building C object modules/ec/zephyr/CMakeFiles/ec_shim.dir/shim/src/gpio.c.obj
[kinmen-ish:singleimage] -- CMake version: 3.31.7
[kinmen-ish:singleimage] -- Found Python3: /usr/bin/python3.11 (found suitable version "3.11.11", minimum required is "3.10") found components: Interpreter
[kinmen-ish:singleimage] -- Cache files will be written to: /mnt/host/source/src/platform/ec/build/zephyr/user-cache
[kinmen-ish:singleimage] -- Zephyr version: 4.3.99 (/mnt/host/source/src/third_party/zephyr/main)
[skywalker:ro] [181/362] Building ASM object zephyr/arch/arch/arm/core/cortex_m/CMakeFiles/arch__arm__core__cortex_m.dir/swap_helper.S.obj
[skywalker:ro] [182/362] Building C object zephyr/arch/arch/arm/core/cortex_m/CMakeFiles/arch__arm__core__cortex_m.dir/irq_manage.c.obj
[pujjoniru:rw] [43/411] Building C object zephyr/CMakeFiles/zephyr.dir/subsys/pm/state.c.obj
[nokris:ro] -- Found Python3: /usr/bin/python3.11 (found suitable version "3.11.11", minimum required is "3.10") found components: Interpreter
[nokris:ro] -- Cache files will be written to: /mnt/host/source/src/platform/ec/build/zephyr/user-cache
[pujjoniru:ro] [43/411] Building C object zephyr/CMakeFiles/zephyr.dir/subsys/pm/state.c.obj
[skywalker:ro] [183/362] Building C object zephyr/arch/arch/arm/core/cortex_m/CMakeFiles/arch__arm__core__cortex_m.dir/prep_c.c.obj
[nokris:ro] -- Zephyr version: 4.3.99 (/mnt/host/source/src/third_party/zephyr/main)
[skywalker:rw] [303/362] Building C object modules/ec/zephyr/CMakeFiles/ec_shim.dir/shim/src/pm_state.c.obj
[skywalker:ro] [184/362] Building C object zephyr/arch/arch/arm/core/cortex_m/CMakeFiles/arch__arm__core__cortex_m.dir/thread.c.obj
[skywalker:ro] [185/362] Building C object zephyr/arch/arch/arm/core/cortex_m/CMakeFiles/arch__arm__core__cortex_m.dir/cpu_idle.c.obj
[skywalker:rw] [304/362] Building C object modules/ec/zephyr/CMakeFiles/ec_shim.dir/shim/src/cbi/cros_cbi.c.obj
[skywalker:rw] [305/362] Building C object modules/ec/zephyr/CMakeFiles/ec_shim.dir/shim/src/cbi/cbi_flash.c.obj
[pujjoniru:ro] [44/411] Building C object zephyr/CMakeFiles/zephyr.dir/subsys/pm/policy/policy_events.c.obj
[skywalker:ro] [186/362] Building C object zephyr/arch/arch/arm/core/cortex_m/CMakeFiles/arch__arm__core__cortex_m.dir/irq_init.c.obj
[skywalker:ro] [187/362] Generating ../../../include/generated/libc/minimal/strerror_table.h
[skywalker:ro] [188/362] Building C object zephyr/arch/arch/arm/core/cortex_m/CMakeFiles/arch__arm__core__cortex_m.dir/isr_wrapper.c.obj
[/mnt/host/source/src/platform/ec/build/zephyr/deku-lcov]   /mnt/host/source/src/platform/ec/build/zephyr/deku/build-ro/zephyr/arch/arch/arm/core/mpu/CMakeFiles/arch__arm__core__mpu.dir/arm_mpu_regions.c.gcno:no functions found
[/mnt/host/source/src/platform/ec/build/zephyr/deku-lcov] stderr:
[skywalker:rw] [306/362] Building ASM object modules/ec/zephyr/CMakeFiles/ec_shim.dir/shim/src/libgcc_arm.S.obj
[pujjoniru:ro] [45/411] Building C object zephyr/CMakeFiles/zephyr.dir/subsys/pm/policy/policy_latency.c.obj
[skywalker:rw] [307/362] Building C object modules/ec/zephyr/CMakeFiles/ec_shim.dir/shim/src/led_driver/led.c.obj
[skywalker:ro] [189/362] Linking C static library zephyr/arch/arch/arm/core/cortex_m/libarch__arm__core__cortex_m.a
[pujjoniru:rw] [44/411] Building C object zephyr/CMakeFiles/zephyr.dir/subsys/pm/policy/policy_events.c.obj
[skywalker:ro] [190/362] Building C object zephyr/lib/libc/minimal/CMakeFiles/lib__libc__minimal.dir/source/stdlib/atoi.c.obj
[skywalker:rw] [308/362] Building C object modules/ec/zephyr/CMakeFiles/ec_shim.dir/shim/src/led_driver/led_pwm.c.obj
[skywalker:ro] [191/362] Building C object zephyr/lib/libc/minimal/CMakeFiles/lib__libc__minimal.dir/source/stdlib/strtol.c.obj
[skywalker:ro] [192/362] Building C object zephyr/arch/arch/arm/core/mpu/CMakeFiles/arch__arm__core__mpu.dir/arm_core_mpu.c.obj
[skywalker:ro] [193/362] Building C object zephyr/arch/arch/arm/core/mpu/CMakeFiles/arch__arm__core__mpu.dir/arm_mpu.c.obj
[skywalker:ro] [194/362] Building C object zephyr/lib/libc/minimal/CMakeFiles/lib__libc__minimal.dir/source/stdlib/strtoul.c.obj
[skywalker:ro] [195/362] Building C object zephyr/arch/arch/arm/core/mpu/CMakeFiles/arch__arm__core__mpu.dir/arm_mpu_regions.c.obj
[skywalker:ro] [196/362] Building C object zephyr/lib/libc/minimal/CMakeFiles/lib__libc__minimal.dir/source/stdlib/strtoll.c.obj
[skywalker:ro] [197/362] Linking C static library zephyr/arch/arch/arm/core/mpu/libarch__arm__core__mpu.a
[skywalker:ro] [198/362] Building C object zephyr/lib/libc/minimal/CMakeFiles/lib__libc__minimal.dir/source/stdlib/bsearch.c.obj
[skywalker:ro] [199/362] Building C object zephyr/lib/libc/minimal/CMakeFiles/lib__libc__minimal.dir/source/stdlib/strtoull.c.obj
[kinmen-ish:singleimage] -- Board: intel_ish_5_8_0, qualifiers: intel_ish_5_8_0
[pujjoniru:ro] [46/411] Building C object zephyr/CMakeFiles/zephyr.dir/subsys/pm/policy/policy_state_lock.c.obj
[skywalker:rw] [309/362] Building C object modules/ec/zephyr/CMakeFiles/ec_shim.dir/shim/src/system.c.obj
[skywalker:ro] [200/362] Building C object zephyr/lib/libc/minimal/CMakeFiles/lib__libc__minimal.dir/source/string/strncasecmp.c.obj
[pujjoniru:rw] [45/411] Building C object zephyr/CMakeFiles/zephyr.dir/subsys/pm/policy/policy_latency.c.obj
[skywalker:ro] [201/362] Building C object zephyr/lib/libc/minimal/CMakeFiles/lib__libc__minimal.dir/source/string/strstr.c.obj
[pujjoniru:ro] [47/411] Building C object zephyr/CMakeFiles/zephyr.dir/subsys/pm/device.c.obj
[skywalker:ro] [202/362] Building C object zephyr/lib/libc/minimal/CMakeFiles/lib__libc__minimal.dir/source/stdlib/qsort.c.obj
[skywalker:rw] [310/362] Building C object modules/ec/zephyr/CMakeFiles/ec_shim.dir/shim/src/pdc_shim.c.obj
[skywalker:ro] [203/362] Building C object zephyr/lib/libc/minimal/CMakeFiles/lib__libc__minimal.dir/source/string/string.c.obj
[skywalker:ro] [204/362] Building C object zephyr/lib/libc/minimal/CMakeFiles/lib__libc__minimal.dir/source/string/strerror.c.obj
[skywalker:ro] [205/362] Building C object zephyr/lib/libc/minimal/CMakeFiles/lib__libc__minimal.dir/source/string/strspn.c.obj
[skywalker:rw] [311/362] Building C object modules/ec/zephyr/CMakeFiles/ec_shim.dir/shim/src/adc.c.obj
[skywalker:rw] [312/362] Building C object modules/ec/zephyr/CMakeFiles/ec_shim.dir/shim/src/battery.c.obj
[/mnt/host/source/src/platform/ec/build/zephyr/deku-lcov]   /mnt/host/source/src/platform/ec/build/zephyr/deku/build-ro/zephyr/arch/common/CMakeFiles/isr_tables.dir/isr_tables.c.gcno:no functions found
[/mnt/host/source/src/platform/ec/build/zephyr/deku-lcov] stderr:
[nokris:ro] -- Board: npcx9, qualifiers: npcx9m3f
[skywalker:rw] [313/362] Building C object modules/ec/zephyr/CMakeFiles/ec_shim.dir/shim/src/charger.c.obj
[skywalker:ro] [206/362] Building C object zephyr/lib/libc/minimal/CMakeFiles/lib__libc__minimal.dir/source/stdlib/exit.c.obj
[skywalker:ro] [207/362] Building C object zephyr/lib/libc/minimal/CMakeFiles/lib__libc__minimal.dir/source/math/sqrtf.c.obj
[pujjoniru:ro] [48/411] Building C object zephyr/CMakeFiles/zephyr.dir/subsys/pm/device_runtime.c.obj
[pujjoniru:rw] [46/411] Building C object zephyr/CMakeFiles/zephyr.dir/subsys/pm/policy/policy_state_lock.c.obj
[skywalker:ro] [208/362] Building C object zephyr/lib/libc/minimal/CMakeFiles/lib__libc__minimal.dir/source/math/sqrt.c.obj
[skywalker:ro] [209/362] Building C object zephyr/lib/libc/minimal/CMakeFiles/lib__libc__minimal.dir/source/stdout/stdout_console.c.obj
[skywalker:ro] [210/362] Building C object zephyr/lib/libc/minimal/CMakeFiles/lib__libc__minimal.dir/source/stdout/fprintf.c.obj
[skywalker:rw] [314/362] Building C object modules/ec/zephyr/CMakeFiles/ec_shim.dir/shim/src/flash.c.obj
[pujjoniru:ro] [49/411] Building C object zephyr/CMakeFiles/zephyr.dir/subsys/pm/device_system_managed.c.obj
[skywalker:ro] [211/362] Building C object zephyr/lib/libc/common/CMakeFiles/lib__libc__common.dir/source/time/gmtime_r.c.obj
[skywalker:ro] [212/362] Building C object zephyr/lib/libc/minimal/CMakeFiles/lib__libc__minimal.dir/source/stdout/sprintf.c.obj
[skywalker:ro] [213/362] Building C object zephyr/lib/libc/common/CMakeFiles/lib__libc__common.dir/source/time/asctime.c.obj
[skywalker:rw] [315/362] Building C object modules/ec/zephyr/CMakeFiles/ec_shim.dir/shim/src/hooks.c.obj
[skywalker:ro] [214/362] Building C object zephyr/lib/libc/common/CMakeFiles/lib__libc__common.dir/source/time/localtime_r_utc.c.obj
[skywalker:rw] [316/362] Building C object modules/ec/zephyr/CMakeFiles/ec_shim.dir/shim/src/keyboard_raw.c.obj
[skywalker:ro] [215/362] Building C object zephyr/lib/libc/common/CMakeFiles/lib__libc__common.dir/source/time/ctime.c.obj
[skywalker:ro] [216/362] Building C object zephyr/lib/libc/common/CMakeFiles/lib__libc__common.dir/source/time/time.c.obj
[skywalker:rw] [317/362] Building C object modules/ec/zephyr/CMakeFiles/ec_shim.dir/shim/src/host_command.c.obj
[skywalker:rw] [318/362] Building C object modules/ec/zephyr/CMakeFiles/ec_shim.dir/shim/src/console_buffer.c.obj
[skywalker:ro] [217/362] Building C object zephyr/lib/libc/common/CMakeFiles/lib__libc__common.dir/source/string/strnlen.c.obj
[pujjoniru:rw] [47/411] Building C object zephyr/CMakeFiles/zephyr.dir/subsys/pm/device.c.obj
[pujjoniru:ro] [50/411] Building C object zephyr/CMakeFiles/zephyr.dir/subsys/testsuite/coverage/coverage.c.obj
[skywalker:ro] [218/362] Building C object zephyr/lib/libc/minimal/CMakeFiles/lib__libc__minimal.dir/source/time/gmtime.c.obj
[pujjoniru:ro] [51/411] Building C object zephyr/CMakeFiles/zephyr.dir/subsys/tracing/tracing_none.c.obj
[skywalker:ro] [219/362] Building C object zephyr/lib/libc/common/CMakeFiles/lib__libc__common.dir/source/stdlib/abort.c.obj
[skywalker:ro] [220/362] Building C object zephyr/lib/posix/c_lib_ext/CMakeFiles/lib__posix__c_lib_ext.dir/fnmatch.c.obj
[skywalker:ro] [221/362] Linking C static library zephyr/lib/libc/minimal/liblib__libc__minimal.a
[skywalker:rw] [319/362] Building C object modules/ec/zephyr/CMakeFiles/ec_shim.dir/shim/src/keyscan.c.obj
[kinmen-ish:singleimage] -- Found Dtc: /usr/bin/dtc (found suitable version "1.6.0", minimum required is "1.4.6")
[kinmen-ish:singleimage] -- Found BOARD.dts: /mnt/host/source/src/third_party/zephyr/main/boards/intel/ish/intel_ish_5_8_0.dts
[kinmen-ish:singleimage] -- Found devicetree overlay: /mnt/host/source/src/platform/ec/zephyr/program/fatcat/kinmen-ish/project.overlay
[skywalker:rw] [320/362] Building C object modules/ec/zephyr/CMakeFiles/ec_shim.dir/shim/src/mkbp_event.c.obj
[skywalker:ro] [222/362] Building C object zephyr/lib/libc/common/CMakeFiles/lib__libc__common.dir/source/stdlib/malloc.c.obj
[skywalker:ro] [223/362] Linking C static library zephyr/lib/libc/common/liblib__libc__common.a
[skywalker:ro] [224/362] Building C object zephyr/lib/posix/c_lib_ext/CMakeFiles/lib__posix__c_lib_ext.dir/getentropy.c.obj
[nokris:ro] -- Found Dtc: /usr/bin/dtc (found suitable version "1.6.0", minimum required is "1.4.6")
[nokris:ro] -- Found BOARD.dts: /mnt/host/source/src/platform/ec/zephyr/boards/google/npcx9/npcx9_npcx9m3f.dts
[nokris:ro] -- Found devicetree overlay: /mnt/host/source/src/platform/ec/zephyr/program/nissa/nokris/project.overlay
[pujjoniru:ro] [52/411] Building C object zephyr/CMakeFiles/zephyr.dir/subsys/shell/modules/kernel_service/kernel_shell.c.obj
[skywalker:rw] [321/362] Building C object modules/ec/zephyr/CMakeFiles/ec_shim.dir/shim/src/motionsense_sensors.c.obj
[skywalker:ro] [225/362] Building C object zephyr/subsys/crc/CMakeFiles/subsys__crc.dir/crc4_sw.c.obj
[pujjoniru:ro] [53/411] Building C object zephyr/CMakeFiles/zephyr.dir/subsys/shell/modules/kernel_service/cycles.c.obj
[skywalker:rw] [322/362] Building C object modules/ec/zephyr/CMakeFiles/ec_shim.dir/shim/src/power.c.obj
[pujjoniru:rw] [48/411] Building C object zephyr/CMakeFiles/zephyr.dir/subsys/pm/device_runtime.c.obj
[skywalker:rw] [323/362] Building C object modules/ec/zephyr/CMakeFiles/ec_shim.dir/shim/src/panic.c.obj
[skywalker:ro] [226/362] Building C object zephyr/lib/posix/c_lib_ext/CMakeFiles/lib__posix__c_lib_ext.dir/getopt_shim.c.obj
[skywalker:ro] [227/362] Building C object zephyr/lib/smf/CMakeFiles/lib__smf.dir/smf.c.obj
[skywalker:ro] [228/362] Building C object zephyr/subsys/crc/CMakeFiles/subsys__crc.dir/crc8_sw.c.obj
[kinmen-ish:singleimage] -- Generated zephyr.dts: /mnt/host/source/src/platform/ec/build/zephyr/kinmen-ish/build-singleimage/zephyr/zephyr.dts
[skywalker:ro] [229/362] Building C object zephyr/subsys/mgmt/ec_host_cmd/CMakeFiles/subsys__mgmt__ec_host_cmd.dir/ec_host_cmd_handler.c.obj
[skywalker:ro] [230/362] Linking C static library zephyr/lib/posix/c_lib_ext/liblib__posix__c_lib_ext.a
[skywalker:rw] [324/362] Building C object modules/ec/zephyr/CMakeFiles/ec_shim.dir/shim/src/hwtimer.c.obj
[skywalker:ro] [231/362] Linking C static library zephyr/lib/smf/liblib__smf.a
[skywalker:ro] [232/362] Linking C static library zephyr/subsys/mgmt/ec_host_cmd/libsubsys__mgmt__ec_host_cmd.a
[skywalker:ro] [233/362] Building C object zephyr/subsys/crc/CMakeFiles/subsys__crc.dir/crc16_sw.c.obj
[skywalker:ro] [234/362] Building C object zephyr/subsys/crc/CMakeFiles/subsys__crc.dir/crc7_sw.c.obj
[skywalker:ro] [235/362] Building C object zephyr/subsys/crc/CMakeFiles/subsys__crc.dir/crc32c_sw.c.obj
[kinmen-ish:singleimage] -- Generated pickled edt: /mnt/host/source/src/platform/ec/build/zephyr/kinmen-ish/build-singleimage/zephyr/edt.pickle
[kinmen-ish:singleimage] -- Generated devicetree_generated.h: /mnt/host/source/src/platform/ec/build/zephyr/kinmen-ish/build-singleimage/zephyr/include/generated/zephyr/devicetree_generated.h
[skywalker:ro] [236/362] Building C object zephyr/subsys/crc/CMakeFiles/subsys__crc.dir/crc32_sw.c.obj
[skywalker:ro] [237/362] Building C object zephyr/subsys/crc/CMakeFiles/subsys__crc.dir/crc24_sw.c.obj
[skywalker:ro] [238/362] Building C object zephyr/subsys/crc/CMakeFiles/subsys__crc.dir/crc32k_4_2_sw.c.obj
[pujjoniru:rw] [49/411] Building C object zephyr/CMakeFiles/zephyr.dir/subsys/pm/device_system_managed.c.obj
[skywalker:ro] [239/362] Linking C static library zephyr/subsys/crc/libsubsys__crc.a
[pujjoniru:ro] [54/411] Building C object zephyr/CMakeFiles/zephyr.dir/subsys/shell/modules/kernel_service/sleep.c.obj
[skywalker:rw] [325/362] Building C object modules/ec/zephyr/CMakeFiles/ec_shim.dir/shim/src/i2c.c.obj
[skywalker:ro] [240/362] Building C object zephyr/subsys/mgmt/ec_host_cmd/backends/CMakeFiles/subsys__mgmt__ec_host_cmd__backends.dir/ec_host_cmd_backend_shi_npcx.c.obj
[pujjoniru:ro] [55/411] Building C object zephyr/CMakeFiles/zephyr.dir/subsys/shell/modules/kernel_service/uptime.c.obj
[skywalker:ro] [241/362] Linking C static library zephyr/subsys/mgmt/ec_host_cmd/backends/libsubsys__mgmt__ec_host_cmd__backends.a
[skywalker:rw] [326/362] Building C object zephyr/kernel/CMakeFiles/kernel.dir/main_weak.c.obj
[skywalker:rw] [327/362] Building C object modules/ec/zephyr/CMakeFiles/ec_shim.dir/shim/src/tasks.c.obj
[skywalker:rw] [328/362] Building C object modules/ec/zephyr/CMakeFiles/ec_shim.dir/shim/src/usba.c.obj
[skywalker:rw] [329/362] Building C object modules/ec/zephyr/CMakeFiles/ec_shim.dir/shim/src/watchdog.c.obj
[skywalker:ro] [242/362] Building C object zephyr/drivers/interrupt_controller/CMakeFiles/drivers__interrupt_controller.dir/intc_miwu.c.obj
[skywalker:ro] [243/362] Building C object zephyr/drivers/adc/CMakeFiles/drivers__adc.dir/adc_common.c.obj
[skywalker:rw] [330/362] Linking C static library modules/ec/zephyr/libec_shim.a
[skywalker:ro] [244/362] Linking C static library zephyr/drivers/interrupt_controller/libdrivers__interrupt_controller.a
[skywalker:rw] [331/362] Building C object zephyr/kernel/CMakeFiles/kernel.dir/banner.c.obj
[pujjoniru:ro] [56/411] Building C object zephyr/CMakeFiles/zephyr.dir/subsys/shell/modules/kernel_service/version.c.obj
[pujjoniru:rw] [50/411] Building C object zephyr/CMakeFiles/zephyr.dir/subsys/testsuite/coverage/coverage.c.obj
[skywalker:ro] [245/362] Building C object zephyr/drivers/adc/CMakeFiles/drivers__adc.dir/adc_npcx.c.obj
[skywalker:ro] [246/362] Building C object zephyr/drivers/bbram/CMakeFiles/drivers__bbram.dir/bbram_npcx.c.obj
[skywalker:ro] [247/362] Linking C static library zephyr/drivers/adc/libdrivers__adc.a
[pujjoniru:ro] [57/411] Building C object zephyr/CMakeFiles/zephyr.dir/subsys/shell/modules/kernel_service/thread/thread.c.obj
[skywalker:ro] [248/362] Building C object zephyr/drivers/clock_control/CMakeFiles/drivers__clock_control.dir/clock_control_npcx.c.obj
[skywalker:ro] [249/362] Linking C static library zephyr/drivers/bbram/libdrivers__bbram.a
[skywalker:rw] [332/362] Building C object zephyr/kernel/CMakeFiles/kernel.dir/busy_wait.c.obj
[skywalker:ro] [250/362] Linking C static library zephyr/drivers/clock_control/libdrivers__clock_control.a
[skywalker:rw] [333/362] Building C object zephyr/kernel/CMakeFiles/kernel.dir/device.c.obj
[skywalker:rw] [334/362] Building C object zephyr/kernel/CMakeFiles/kernel.dir/errno.c.obj
[skywalker:ro] [251/362] Building C object zephyr/drivers/console/CMakeFiles/drivers__console.dir/uart_console.c.obj
[skywalker:ro] [252/362] Building C object zephyr/drivers/flash/CMakeFiles/drivers__flash.dir/jesd216.c.obj
[skywalker:ro] [253/362] Linking C static library zephyr/drivers/console/libdrivers__console.a
[pujjoniru:rw] [51/411] Building C object zephyr/CMakeFiles/zephyr.dir/subsys/tracing/tracing_none.c.obj
[/mnt/host/source/src/platform/ec/build/zephyr/deku-lcov]   /mnt/host/source/src/platform/ec/build/zephyr/deku/build-ro/zephyr/CMakeFiles/zephyr.dir/subsys/shell/modules/kernel_service/kernel_shell.c.gcno:no functions found
[/mnt/host/source/src/platform/ec/build/zephyr/deku-lcov] stderr:
[skywalker:rw] [335/362] Building C object zephyr/kernel/CMakeFiles/kernel.dir/fatal.c.obj
[pujjoniru:ro] [58/411] Building C object zephyr/CMakeFiles/zephyr.dir/subsys/shell/modules/kernel_service/thread/list.c.obj
[skywalker:rw] [336/362] Building C object zephyr/kernel/CMakeFiles/kernel.dir/version.c.obj
[nokris:ro] -- Generated zephyr.dts: /mnt/host/source/src/platform/ec/build/zephyr/nokris/build-ro/zephyr/zephyr.dts
[nokris:ro] -- Generated pickled edt: /mnt/host/source/src/platform/ec/build/zephyr/nokris/build-ro/zephyr/edt.pickle
[pujjoniru:ro] [59/411] Building C object zephyr/CMakeFiles/zephyr.dir/subsys/shell/modules/kernel_service/thread/stacks.c.obj
[skywalker:ro] [254/362] Building C object zephyr/drivers/flash/CMakeFiles/drivers__flash.dir/flash_npcx_fiu_nor.c.obj
[/mnt/host/source/src/platform/ec/build/zephyr/deku-lcov]   /mnt/host/source/src/platform/ec/build/zephyr/deku/build-ro/zephyr/CMakeFiles/zephyr.dir/lib/libc/validate_libc.c.gcno:no functions found
[/mnt/host/source/src/platform/ec/build/zephyr/deku-lcov] stderr:
[skywalker:rw] [337/362] Building C object zephyr/kernel/CMakeFiles/kernel.dir/init.c.obj
[skywalker:ro] [255/362] Building C object zephyr/drivers/flash/CMakeFiles/drivers__flash.dir/flash_npcx_fiu_qspi.c.obj
[skywalker:rw] [338/362] Building C object zephyr/kernel/CMakeFiles/kernel.dir/mem_slab.c.obj
[skywalker:rw] [339/362] Building C object zephyr/kernel/CMakeFiles/kernel.dir/float.c.obj
[skywalker:rw] [340/362] Building C object zephyr/kernel/CMakeFiles/kernel.dir/kheap.c.obj
[skywalker:ro] [256/362] Building C object zephyr/drivers/gpio/CMakeFiles/drivers__gpio.dir/gpio_npcx.c.obj
[skywalker:ro] [257/362] Linking C static library zephyr/drivers/flash/libdrivers__flash.a
[skywalker:ro] [258/362] Linking C static library zephyr/drivers/gpio/libdrivers__gpio.a
[skywalker:ro] [259/362] Building C object zephyr/drivers/i2c/CMakeFiles/drivers__i2c.dir/i2c_common.c.obj
[pujjoniru:rw] [52/411] Building C object zephyr/CMakeFiles/zephyr.dir/subsys/shell/modules/kernel_service/kernel_shell.c.obj
[skywalker:ro] [260/362] Building C object zephyr/drivers/i2c/CMakeFiles/drivers__i2c.dir/i2c_shell.c.obj
[pujjoniru:ro] [60/411] Building C object zephyr/CMakeFiles/zephyr.dir/subsys/shell/modules/kernel_service/thread/unwind.c.obj
[nokris:ro] -- Generated devicetree_generated.h: /mnt/host/source/src/platform/ec/build/zephyr/nokris/build-ro/zephyr/include/generated/zephyr/devicetree_generated.h
[pujjoniru:ro] [61/411] Building C object zephyr/CMakeFiles/zephyr.dir/subsys/shell/modules/kernel_service/thread/suspend.c.obj
[skywalker:rw] [341/362] Building C object zephyr/kernel/CMakeFiles/kernel.dir/idle.c.obj
[skywalker:rw] [342/362] Building C object zephyr/kernel/CMakeFiles/kernel.dir/mailbox.c.obj
[skywalker:ro] [261/362] Building C object zephyr/drivers/i2c/CMakeFiles/drivers__i2c.dir/i2c_npcx_controller.c.obj
[skywalker:rw] [343/362] Building C object zephyr/kernel/CMakeFiles/kernel.dir/msg_q.c.obj
[skywalker:ro] [262/362] Building C object zephyr/drivers/pinctrl/CMakeFiles/drivers__pinctrl.dir/common.c.obj
[skywalker:rw] [344/362] Building C object zephyr/kernel/CMakeFiles/kernel.dir/mutex.c.obj
[pujjoniru:rw] [53/411] Building C object zephyr/CMakeFiles/zephyr.dir/subsys/shell/modules/kernel_service/cycles.c.obj
[skywalker:rw] [345/362] Building C object zephyr/kernel/CMakeFiles/kernel.dir/queue.c.obj
[skywalker:ro] [263/362] Building C object zephyr/drivers/pinctrl/CMakeFiles/drivers__pinctrl.dir/pinctrl_npcx.c.obj
[skywalker:ro] [264/362] Building C object zephyr/drivers/i2c/CMakeFiles/drivers__i2c.dir/i2c_npcx_controller_fifo.c.obj
[pujjoniru:ro] [62/411] Building C object zephyr/CMakeFiles/zephyr.dir/subsys/shell/modules/kernel_service/thread/resume.c.obj
[skywalker:ro] [265/362] Building C object zephyr/drivers/i2c/CMakeFiles/drivers__i2c.dir/i2c_npcx_port.c.obj
[skywalker:ro] [266/362] Linking C static library zephyr/drivers/pinctrl/libdrivers__pinctrl.a
[pujjoniru:ro] [63/411] Building C object zephyr/CMakeFiles/zephyr.dir/subsys/shell/modules/kernel_service/thread/kill.c.obj
[skywalker:ro] [267/362] Linking C static library zephyr/drivers/i2c/libdrivers__i2c.a
[skywalker:rw] [346/362] Building C object zephyr/kernel/CMakeFiles/kernel.dir/sem.c.obj
[/mnt/host/source/src/platform/ec/build/zephyr/deku-lcov]   /mnt/host/source/src/platform/ec/build/zephyr/deku/build-ro/zephyr/CMakeFiles/zephyr.dir/lib/utils/last_section_id.c.gcno:no functions found
[/mnt/host/source/src/platform/ec/build/zephyr/deku-lcov] stderr:
[skywalker:rw] [347/362] Building C object zephyr/kernel/CMakeFiles/kernel.dir/stack.c.obj
[skywalker:rw] [348/362] Building C object zephyr/kernel/CMakeFiles/kernel.dir/system_work_q.c.obj
[skywalker:ro] [268/362] Building C object zephyr/drivers/pwm/CMakeFiles/drivers__pwm.dir/pwm_shell.c.obj
[skywalker:rw] [349/362] Building C object zephyr/kernel/CMakeFiles/kernel.dir/condvar.c.obj
[skywalker:ro] [269/362] Building C object zephyr/drivers/pwm/CMakeFiles/drivers__pwm.dir/pwm_npcx.c.obj
[pujjoniru:rw] [54/411] Building C object zephyr/CMakeFiles/zephyr.dir/subsys/shell/modules/kernel_service/sleep.c.obj
[skywalker:rw] [350/362] Building C object zephyr/kernel/CMakeFiles/kernel.dir/work.c.obj
[pujjoniru:ro] [64/411] Building C object zephyr/CMakeFiles/zephyr.dir/subsys/shell/modules/date_service.c.obj
[skywalker:ro] [270/362] Linking C static library zephyr/drivers/pwm/libdrivers__pwm.a
[skywalker:ro] [271/362] Building C object zephyr/drivers/syscon/CMakeFiles/drivers__syscon.dir/syscon.c.obj
[skywalker:ro] [272/362] Building C object zephyr/drivers/timer/CMakeFiles/drivers__timer.dir/sys_clock_init.c.obj
[pujjoniru:ro] [65/411] Building C object zephyr/CMakeFiles/zephyr.dir/subsys/shell/modules/device_service.c.obj
[skywalker:ro] [273/362] Building C object zephyr/drivers/serial/CMakeFiles/drivers__serial.dir/uart_npcx.c.obj
[nokris:ro] /mnt/host/source/src/platform/ec/build/zephyr/nokris/build-ro/zephyr/zephyr.dts:4957.9-4964.5: Warning (gpios_property): /fans/fan_0: Missing property '#gpio-cells' in node /named-gpios/fan-enable or bad phandle (referred from enable-gpio[0])
[skywalker:ro] [274/362] Linking C static library zephyr/drivers/serial/libdrivers__serial.a
[skywalker:ro] [275/362] Linking C static library zephyr/drivers/syscon/libdrivers__syscon.a
[skywalker:rw] [351/362] Building C object zephyr/kernel/CMakeFiles/kernel.dir/thread.c.obj
[skywalker:rw] [352/362] Building C object zephyr/kernel/CMakeFiles/kernel.dir/pipe.c.obj
[skywalker:rw] [353/362] Building C object zephyr/kernel/CMakeFiles/kernel.dir/sched.c.obj
[skywalker:rw] [354/362] Building C object zephyr/kernel/CMakeFiles/kernel.dir/spinlock_validate.c.obj
[pujjoniru:rw] [55/411] Building C object zephyr/CMakeFiles/zephyr.dir/subsys/shell/modules/kernel_service/uptime.c.obj
[skywalker:rw] [355/362] Building C object zephyr/kernel/CMakeFiles/kernel.dir/thread_monitor.c.obj
[pujjoniru:ro] [66/411] Building C object zephyr/CMakeFiles/zephyr.dir/subsys/shell/modules/devmem_service.c.obj
[skywalker:ro] [276/362] Building C object zephyr/drivers/timer/CMakeFiles/drivers__timer.dir/npcx_itim_timer.c.obj
[skywalker:ro] [277/362] Linking C static library zephyr/drivers/timer/libdrivers__timer.a
[skywalker:ro] [278/362] Building C object zephyr/drivers/watchdog/CMakeFiles/drivers__watchdog.dir/wdt_npcx.c.obj
[skywalker:ro] [279/362] Building C object zephyr/drivers/watchdog/CMakeFiles/drivers__watchdog.dir/wdt_shell.c.obj
[skywalker:ro] [280/362] Linking C static library zephyr/drivers/watchdog/libdrivers__watchdog.a
[kinmen-ish:singleimage] Parsing /mnt/host/source/src/platform/ec/zephyr/program/fatcat/Kconfig
[pujjoniru:ro] [67/411] Building C object zephyr/CMakeFiles/zephyr.dir/subsys/shell/backends/shell_uart.c.obj
[skywalker:rw] [356/362] Building C object zephyr/kernel/CMakeFiles/kernel.dir/timeout.c.obj
[skywalker:ro] [281/362] Building C object modules/ec/zephyr/CMakeFiles/ec_shim.dir/app/ec/main_shim.c.obj
[skywalker:rw] [357/362] Building C object zephyr/kernel/CMakeFiles/kernel.dir/events.c.obj
[pujjoniru:rw] [56/411] Building C object zephyr/CMakeFiles/zephyr.dir/subsys/shell/modules/kernel_service/version.c.obj
[skywalker:rw] [358/362] Building C object zephyr/kernel/CMakeFiles/kernel.dir/timer.c.obj
[skywalker:rw] [359/362] Building C object zephyr/kernel/CMakeFiles/kernel.dir/mempool.c.obj
[skywalker:rw] [360/362] Building C object zephyr/kernel/CMakeFiles/kernel.dir/poll.c.obj
[skywalker:ro] [282/362] Building C object modules/ec/zephyr/CMakeFiles/ec_shim.dir/app/ec/ec_app_main.c.obj
[pujjoniru:ro] [68/411] Building C object zephyr/CMakeFiles/zephyr.dir/subsys/shell/shell.c.obj
[pujjoniru:ro] [69/411] Building C object zephyr/CMakeFiles/zephyr.dir/subsys/shell/shell_fprintf.c.obj
[skywalker:ro] [283/362] Building C object modules/ec/zephyr/CMakeFiles/ec_shim.dir/drivers/cros_kb_raw/cros_kb_raw_npcx.c.obj
[kinmen-ish:singleimage] warning: Deprecated symbol I2C_ALLOW_NO_STOP_TRANSACTIONS is enabled.
[kinmen-ish:singleimage] INFOSetting TOOLCHAIN_HAS_PICOLIBC to support full build.
[kinmen-ish:singleimage] INFOSetting TOOLCHAIN_HAS_NEWLIB to support full build.
[skywalker:rw] [361/362] Building C object zephyr/kernel/CMakeFiles/kernel.dir/dynamic_disabled.c.obj
[skywalker:ro] [284/362] Building C object modules/ec/zephyr/CMakeFiles/ec_shim.dir/drivers/cros_system/cros_system_npcx.c.obj
[skywalker:ro] [285/362] Building C object modules/ec/zephyr/CMakeFiles/ec_shim.dir/drivers/cros_flash/cros_flash_npcx.c.obj
[kinmen-ish:singleimage] Loaded configuration '/mnt/host/source/src/third_party/zephyr/main/boards/intel/ish/intel_ish_5_8_0_defconfig'
[kinmen-ish:singleimage] Merged configuration '/mnt/host/source/src/platform/ec/zephyr/program/fatcat/dsp_comms.conf'
[kinmen-ish:singleimage] Merged configuration '/mnt/host/source/src/platform/ec/zephyr/program/fatcat/kinmen-ish/project.conf'
[kinmen-ish:singleimage] Merged configuration '/mnt/host/source/src/platform/ec/build/zephyr/kinmen-ish/kconfig-singleimage.conf'
[kinmen-ish:singleimage] Configuration saved to '/mnt/host/source/src/platform/ec/build/zephyr/kinmen-ish/build-singleimage/zephyr/.config'
[kinmen-ish:singleimage] Kconfig header saved to '/mnt/host/source/src/platform/ec/build/zephyr/kinmen-ish/build-singleimage/zephyr/include/generated/zephyr/autoconf.h'
[kinmen-ish:singleimage] -- Found GnuLd: /home/jpmurphy/.cache/coreboot-sdk/i386-elf/dfbb0486385d938cfa9d73080b9d18d598ed4f49/i386-elf/bin/ld.bfd (found version "2.43.1")
[pujjoniru:rw] [57/411] Building C object zephyr/CMakeFiles/zephyr.dir/subsys/shell/modules/kernel_service/thread/list.c.obj
[skywalker:rw] [362/362] Linking C static library zephyr/kernel/libkernel.a
[skywalker:ro] [286/362] Building C object modules/ec/zephyr/CMakeFiles/ec_shim.dir/drivers/usbc/ucsi_v3.c.obj
[pujjoniru:rw] [58/411] Building C object zephyr/CMakeFiles/zephyr.dir/subsys/shell/modules/kernel_service/thread/stacks.c.obj
[pujjoniru:rw] [59/411] Building C object zephyr/CMakeFiles/zephyr.dir/subsys/shell/modules/kernel_service/thread/thread.c.obj
[pujjoniru:ro] [70/411] Building C object zephyr/CMakeFiles/zephyr.dir/subsys/shell/shell_utils.c.obj
[kinmen-ish:singleimage] -- The C compiler identification is GNU 14.2.0
[pujjoniru:ro] [71/411] Building C object zephyr/CMakeFiles/zephyr.dir/subsys/shell/shell_ops.c.obj
[kinmen-ish:singleimage] -- The CXX compiler identification is GNU 14.2.0
[pujjoniru:ro] [72/411] Building C object zephyr/CMakeFiles/zephyr.dir/subsys/shell/shell_help.c.obj
[kinmen-ish:singleimage] -- The ASM compiler identification is GNU
[pujjoniru:rw] [60/411] Building C object zephyr/CMakeFiles/zephyr.dir/subsys/shell/modules/kernel_service/thread/unwind.c.obj
[kinmen-ish:singleimage] CMake Warning at /mnt/host/source/src/platform/ec/zephyr/cmake/linker/ld/linker_libraries.cmake:11 (message):
[kinmen-ish:singleimage]   Disabling c_library
[kinmen-ish:singleimage] Call Stack (most recent call first):
[kinmen-ish:singleimage]   /mnt/host/source/src/third_party/zephyr/main/cmake/target_toolchain_flags.cmake:48 (include)
[kinmen-ish:singleimage]   /mnt/host/source/src/third_party/zephyr/main/cmake/modules/kernel.cmake:153 (include)
[kinmen-ish:singleimage]   /mnt/host/source/src/third_party/zephyr/main/cmake/modules/zephyr_default.cmake:138 (include)
[kinmen-ish:singleimage]   /mnt/host/source/src/third_party/zephyr/main/share/zephyr-package/cmake/ZephyrConfig.cmake:66 (include)
[kinmen-ish:singleimage]   /mnt/host/source/src/third_party/zephyr/main/share/zephyr-package/cmake/ZephyrConfig.cmake:97 (include_boilerplate)
[kinmen-ish:singleimage]   CMakeLists.txt:7 (find_package)
[kinmen-ish:singleimage] INFOSetting c++_library to libstdc++ install path
[kinmen-ish:singleimage] INFOSetting c_library to picolibc install path
[skywalker:ro] [287/362] Building C object modules/ec/zephyr/CMakeFiles/ec_shim.dir/shim/chip/npcx/clock.c.obj
[pujjoniru:rw] [61/411] Building C object zephyr/CMakeFiles/zephyr.dir/subsys/shell/modules/kernel_service/thread/suspend.c.obj
[skywalker:ro] [288/362] Building C object modules/ec/zephyr/CMakeFiles/ec_shim.dir/drivers/usbc/pdc_rts54xx.c.obj
[pujjoniru:rw] [62/411] Building C object zephyr/CMakeFiles/zephyr.dir/subsys/shell/modules/kernel_service/thread/resume.c.obj
[skywalker:ro] [289/362] Building C object modules/ec/zephyr/CMakeFiles/ec_shim.dir/shim/chip/npcx/rom_chip.c.obj
[pujjoniru:rw] [63/411] Building C object zephyr/CMakeFiles/zephyr.dir/subsys/shell/modules/kernel_service/thread/kill.c.obj
[skywalker:ro] [290/362] Building C object modules/ec/zephyr/CMakeFiles/ec_shim.dir/shim/chip/npcx/keyboard_raw.c.obj
[pujjoniru:rw] [64/411] Building C object zephyr/CMakeFiles/zephyr.dir/subsys/shell/modules/device_service.c.obj
[pujjoniru:ro] [73/411] Building C object zephyr/CMakeFiles/zephyr.dir/subsys/shell/shell_cmds.c.obj
[pujjoniru:ro] [74/411] Building C object zephyr/CMakeFiles/zephyr.dir/subsys/shell/shell_history.c.obj
[nokris:ro] warning: PLATFORM_EC_OCPC_DEF_RBATT_MOHMS (defined at
[nokris:ro] /mnt/host/source/src/platform/ec/zephyr/Kconfig.charger:279) was assigned the value '22' but got the
[nokris:ro] value ''. Check these unsatisfied dependencies: PLATFORM_EC_OCPC (=n). See
[nokris:ro] http://docs.zephyrproject.org/latest/kconfig.html#CONFIG_PLATFORM_EC_OCPC_DEF_RBATT_MOHMS and/or
[nokris:ro] look up PLATFORM_EC_OCPC_DEF_RBATT_MOHMS in the menuconfig/guiconfig interface. The Application
[nokris:ro] Development Primer, Setting Configuration Values, and Kconfig - Tips and Best Practices sections of
[nokris:ro] the manual might be helpful too.
[nokris:ro] warning: PLATFORM_EC_OCPC_DEF_DRIVELIMIT_MILLIVOLTS (defined at
[nokris:ro] /mnt/host/source/src/platform/ec/zephyr/Kconfig.charger:288) was assigned the value '200' but got
[nokris:ro] the value ''. Check these unsatisfied dependencies: PLATFORM_EC_OCPC (=n). See
[nokris:ro] http://docs.zephyrproject.org/latest/kconfig.html#CONFIG_PLATFORM_EC_OCPC_DEF_DRIVELIMIT_MILLIVOLTS
[nokris:ro] and/or look up PLATFORM_EC_OCPC_DEF_DRIVELIMIT_MILLIVOLTS in the menuconfig/guiconfig interface. The
[nokris:ro] Application Development Primer, Setting Configuration Values, and Kconfig - Tips and Best Practices
[nokris:ro] sections of the manual might be helpful too.
[kinmen-ish:singleimage] -- Found assembler: /home/jpmurphy/.cache/coreboot-sdk/i386-elf/dfbb0486385d938cfa9d73080b9d18d598ed4f49/bin/i386-elf-gcc
[kinmen-ish:singleimage] -- Performing EC specific devicetree checks
[nokris:ro] warning: Deprecated symbol I2C_ALLOW_NO_STOP_TRANSACTIONS is enabled.
[pujjoniru:ro] [75/411] Building C object zephyr/CMakeFiles/zephyr.dir/subsys/shell/shell_wildcard.c.obj
[kinmen-ish:singleimage] INFO: Verified 1 GPIOs, no duplicates found
[pujjoniru:rw] [65/411] Building C object zephyr/CMakeFiles/zephyr.dir/subsys/shell/modules/date_service.c.obj
[pujjoniru:rw] [66/411] Building C object zephyr/CMakeFiles/zephyr.dir/subsys/shell/modules/devmem_service.c.obj
[pujjoniru:rw] [67/411] Building C object zephyr/CMakeFiles/zephyr.dir/subsys/shell/backends/shell_uart.c.obj
[kinmen-ish:singleimage] -- Generating component manifest file
[pujjoniru:ro] [76/411] Building C object zephyr/arch/common/CMakeFiles/arch__common.dir/sw_isr_common.c.obj
[pujjoniru:rw] [68/411] Building C object zephyr/CMakeFiles/zephyr.dir/subsys/shell/shell_fprintf.c.obj
[skywalker:ro] [291/362] Building C object modules/ec/zephyr/CMakeFiles/ec_shim.dir/shim/chip/npcx/shi.c.obj
[skywalker:ro] [292/362] Building C object modules/ec/zephyr/CMakeFiles/ec_shim.dir/shim/chip/npcx/power_policy.c.obj
[skywalker:ro] [293/362] Building C object modules/ec/zephyr/CMakeFiles/ec_shim.dir/shim/chip/npcx/gpio.c.obj
[pujjoniru:rw] [69/411] Building C object zephyr/CMakeFiles/zephyr.dir/subsys/shell/shell.c.obj
[skywalker:ro] [294/362] Building C object modules/ec/zephyr/CMakeFiles/ec_shim.dir/shim/chip/npcx/system.c.obj
[pujjoniru:ro] [77/411] Building C object zephyr/arch/common/CMakeFiles/arch__common.dir/dynamic_isr.c.obj
[nokris:ro] Parsing /mnt/host/source/src/platform/ec/zephyr/program/nissa/Kconfig
[kinmen-ish:singleimage] INFO: Verified 1 '*-gpios' properties, all flags match.
[kinmen-ish:singleimage] INFO: Skipped 1 named-gpios children.
[kinmen-ish:singleimage] INFO: Running CME, outputting to /mnt/host/source/src/platform/ec/build/zephyr/kinmen-ish/build-singleimage/zephyr/component_manifest.json
[kinmen-ish:singleimage] INFO: Project kinmen-ish does not support SSFC
[pujjoniru:ro] [78/411] Building C object zephyr/CMakeFiles/zephyr.dir/drivers/flash/flash_util.c.obj
[kinmen-ish:singleimage] INFO: No usbc node found
[kinmen-ish:singleimage] INFO: No motionsense-sensor-alt node found
[skywalker:ro] [295/362] Building C object modules/ec/zephyr/CMakeFiles/ec_shim.dir/shim/chip/npcx/system_external_storage.c.obj
[skywalker:ro] [296/362] Building C object modules/ec/zephyr/CMakeFiles/ec_shim.dir/shim/src/crc.c.obj
[pujjoniru:ro] [79/411] Linking C static library zephyr/libzephyr.a
[pujjoniru:ro] [80/411] Building C object zephyr/arch/common/CMakeFiles/arch__common.dir/init.c.obj
[pujjoniru:rw] [70/411] Building C object zephyr/CMakeFiles/zephyr.dir/subsys/shell/shell_ops.c.obj
[pujjoniru:rw] [71/411] Building C object zephyr/CMakeFiles/zephyr.dir/subsys/shell/shell_utils.c.obj
[kinmen-ish:singleimage] -- warning_base_override: -Wall;-Wformat;-Wformat-security;-Wformat;-Wno-format-zero-length;-Wno-pointer-sign;-Wpointer-arith;-Wexpansion-to-defined
[kinmen-ish:singleimage] The PW_ROOT environment variable is not set; using /mnt/host/source/src/platform/ec/build/zephyr/kinmen-ish/modules/pigweed within CMake
[pujjoniru:rw] [72/411] Building C object zephyr/CMakeFiles/zephyr.dir/subsys/shell/shell_help.c.obj
[pujjoniru:rw] [73/411] Building C object zephyr/CMakeFiles/zephyr.dir/subsys/shell/shell_cmds.c.obj
[pujjoniru:rw] [74/411] Building C object zephyr/CMakeFiles/zephyr.dir/subsys/shell/shell_history.c.obj
[skywalker:ro] [297/362] Building C object modules/ec/zephyr/CMakeFiles/ec_shim.dir/shim/core/cortex-m/mpu.c.obj
[pujjoniru:ro] [81/411] Building C object zephyr/arch/common/CMakeFiles/arch__common.dir/xip.c.obj
[skywalker:ro] [298/362] Building C object modules/ec/zephyr/CMakeFiles/ec_shim.dir/shim/core/cortex-m/panic.c.obj
[pujjoniru:ro] [82/411] Building C object zephyr/arch/common/CMakeFiles/isr_tables.dir/isr_tables.c.obj
[pujjoniru:ro] [83/411] Linking C static library zephyr/arch/common/libisr_tables.a
[skywalker:ro] [299/362] Building C object modules/ec/zephyr/CMakeFiles/ec_shim.dir/shim/src/console.c.obj
[pujjoniru:ro] [84/411] Building C object zephyr/arch/arch/riscv/core/CMakeFiles/arch__riscv__core.dir/cpu_idle.c.obj
[pujjoniru:ro] [85/411] Linking C static library zephyr/arch/common/libarch__common.a
[skywalker:ro] [300/362] Building C object modules/ec/zephyr/CMakeFiles/ec_shim.dir/shim/src/gpio_int.c.obj
[pujjoniru:rw] [75/411] Building C object zephyr/CMakeFiles/zephyr.dir/subsys/shell/shell_wildcard.c.obj
[skywalker:ro] [301/362] Building C object modules/ec/zephyr/CMakeFiles/ec_shim.dir/shim/src/gpio.c.obj
[pujjoniru:rw] [76/411] Building C object zephyr/arch/common/CMakeFiles/arch__common.dir/dynamic_isr.c.obj
[nokris:ro] Loaded configuration '/mnt/host/source/src/platform/ec/zephyr/boards/google/npcx9/npcx9_npcx9m3f_defconfig'
[nokris:ro] Merged configuration '/mnt/host/source/src/platform/ec/zephyr/program/nissa/program.conf'
[nokris:ro] Merged configuration '/mnt/host/source/src/platform/ec/zephyr/program/nissa/npcx_program.conf'
[nokris:ro] Merged configuration '/mnt/host/source/src/platform/ec/zephyr/program/nissa/nokris/project.conf'
[nokris:ro] Merged configuration '/mnt/host/source/src/platform/ec/build/zephyr/nokris/kconfig-ro.conf'
[nokris:ro] Configuration saved to '/mnt/host/source/src/platform/ec/build/zephyr/nokris/build-ro/zephyr/.config'
[nokris:ro] Kconfig header saved to '/mnt/host/source/src/platform/ec/build/zephyr/nokris/build-ro/zephyr/include/generated/zephyr/autoconf.h'
[nokris:ro] -- Found GnuLd: /home/jpmurphy/.cache/coreboot-sdk/arm-eabi/ea40ddd1d190c3b48435c474c0b545719371813a/arm-eabi/bin/ld.bfd (found version "2.43.1")
[pujjoniru:rw] [77/411] Building C object zephyr/arch/common/CMakeFiles/arch__common.dir/sw_isr_common.c.obj
[pujjoniru:rw] [78/411] Building C object zephyr/arch/common/CMakeFiles/arch__common.dir/init.c.obj
[pujjoniru:rw] [79/411] Building C object zephyr/CMakeFiles/zephyr.dir/drivers/flash/flash_util.c.obj
[pujjoniru:ro] [86/411] Building C object zephyr/arch/arch/riscv/core/CMakeFiles/arch__riscv__core.dir/prep_c.c.obj
[pujjoniru:rw] [80/411] Linking C static library zephyr/libzephyr.a
[nokris:ro] -- The C compiler identification is GNU 14.2.0
[pujjoniru:ro] [87/411] Building C object zephyr/arch/arch/riscv/core/CMakeFiles/arch__riscv__core.dir/fatal.c.obj
[skywalker:ro] [302/362] Building C object modules/ec/zephyr/CMakeFiles/ec_shim.dir/shim/src/panic_utils.c.obj
[skywalker:ro] [303/362] Building C object modules/ec/zephyr/CMakeFiles/ec_shim.dir/shim/src/pm_state.c.obj
[nokris:ro] -- The CXX compiler identification is GNU 14.2.0
[skywalker:ro] [304/362] Building C object modules/ec/zephyr/CMakeFiles/ec_shim.dir/shim/src/cbi/cros_cbi.c.obj
[pujjoniru:rw] [81/411] Building C object zephyr/arch/common/CMakeFiles/isr_tables.dir/isr_tables.c.obj
[pujjoniru:ro] [88/411] Building C object zephyr/arch/arch/riscv/core/CMakeFiles/arch__riscv__core.dir/irq_manage.c.obj
[pujjoniru:rw] [82/411] Linking C static library zephyr/arch/common/libisr_tables.a
[nokris:ro] -- The ASM compiler identification is GNU
[nokris:ro] -- Found assembler: /home/jpmurphy/.cache/coreboot-sdk/arm-eabi/ea40ddd1d190c3b48435c474c0b545719371813a/bin/arm-eabi-gcc
[nokris:ro] CMake Warning at /mnt/host/source/src/platform/ec/zephyr/cmake/linker/ld/linker_libraries.cmake:11 (message):
[nokris:ro]   Disabling c_library
[nokris:ro] Call Stack (most recent call first):
[nokris:ro]   /mnt/host/source/src/third_party/zephyr/main/cmake/target_toolchain_flags.cmake:48 (include)
[nokris:ro]   /mnt/host/source/src/third_party/zephyr/main/cmake/modules/kernel.cmake:153 (include)
[nokris:ro]   /mnt/host/source/src/third_party/zephyr/main/cmake/modules/zephyr_default.cmake:138 (include)
[nokris:ro]   /mnt/host/source/src/third_party/zephyr/main/share/zephyr-package/cmake/ZephyrConfig.cmake:66 (include)
[nokris:ro]   /mnt/host/source/src/third_party/zephyr/main/share/zephyr-package/cmake/ZephyrConfig.cmake:97 (include_boilerplate)
[nokris:ro]   CMakeLists.txt:7 (find_package)
[skywalker:ro] [305/362] Building ASM object modules/ec/zephyr/CMakeFiles/ec_shim.dir/shim/src/libgcc_arm.S.obj
[pujjoniru:rw] [83/411] Building C object zephyr/arch/common/CMakeFiles/arch__common.dir/xip.c.obj
[pujjoniru:rw] [84/411] Building C object zephyr/arch/arch/riscv/core/CMakeFiles/arch__riscv__core.dir/cpu_idle.c.obj
[pujjoniru:ro] [89/411] Building C object zephyr/arch/arch/riscv/core/CMakeFiles/arch__riscv__core.dir/reboot.c.obj
[skywalker:ro] [306/362] Building C object modules/ec/zephyr/CMakeFiles/ec_shim.dir/shim/src/cbi/cbi_flash.c.obj
[pujjoniru:rw] [85/411] Linking C static library zephyr/arch/common/libarch__common.a
[pujjoniru:rw] [86/411] Building C object zephyr/arch/arch/riscv/core/CMakeFiles/arch__riscv__core.dir/prep_c.c.obj
[pujjoniru:rw] [87/411] Building C object zephyr/arch/arch/riscv/core/CMakeFiles/arch__riscv__core.dir/fatal.c.obj
[pujjoniru:rw] [88/411] Building C object zephyr/arch/arch/riscv/core/CMakeFiles/arch__riscv__core.dir/irq_manage.c.obj
[pujjoniru:ro] [90/411] Building ASM object zephyr/arch/arch/riscv/core/CMakeFiles/arch__riscv__core.dir/reset.S.obj
[skywalker:ro] [307/362] Building C object modules/ec/zephyr/CMakeFiles/ec_shim.dir/shim/src/led_driver/led.c.obj
[pujjoniru:ro] [91/411] Building ASM object zephyr/arch/arch/riscv/core/CMakeFiles/arch__riscv__core.dir/switch.S.obj
[pujjoniru:rw] [89/411] Building C object zephyr/arch/arch/riscv/core/CMakeFiles/arch__riscv__core.dir/reboot.c.obj
[skywalker:ro] [308/362] Building C object modules/ec/zephyr/CMakeFiles/ec_shim.dir/shim/src/system.c.obj
[pujjoniru:rw] [90/411] Building ASM object zephyr/arch/arch/riscv/core/CMakeFiles/arch__riscv__core.dir/reset.S.obj
[nokris:ro] -- Performing EC specific devicetree checks
[skywalker:ro] [309/362] Building C object modules/ec/zephyr/CMakeFiles/ec_shim.dir/shim/src/led_driver/led_pwm.c.obj
[pujjoniru:rw] [91/411] Generating ../../../include/generated/libc/minimal/strerror_table.h
[pujjoniru:rw] [92/411] Building ASM object zephyr/arch/arch/riscv/core/CMakeFiles/arch__riscv__core.dir/switch.S.obj
[pujjoniru:ro] [92/411] Building C object zephyr/arch/arch/riscv/core/CMakeFiles/arch__riscv__core.dir/thread.c.obj
[pujjoniru:rw] [93/411] Building C object zephyr/arch/arch/riscv/core/CMakeFiles/arch__riscv__core.dir/thread.c.obj
[pujjoniru:ro] [93/411] Generating ../../../include/generated/libc/minimal/strerror_table.h
[pujjoniru:rw] [94/411] Building C object zephyr/lib/libc/minimal/CMakeFiles/lib__libc__minimal.dir/source/stdlib/strtol.c.obj
[pujjoniru:rw] [95/411] Building C object zephyr/lib/libc/minimal/CMakeFiles/lib__libc__minimal.dir/source/stdlib/atoi.c.obj
[nokris:ro] INFO: Verified 64 GPIOs, no duplicates found
[nokris:ro] INFO: Verified 19 '*-gpios' properties, all flags match.
[skywalker:ro] [310/362] Building C object modules/ec/zephyr/CMakeFiles/ec_shim.dir/shim/src/pdc_shim.c.obj
[pujjoniru:ro] [94/411] Building C object zephyr/lib/libc/minimal/CMakeFiles/lib__libc__minimal.dir/source/stdlib/atoi.c.obj
[skywalker:ro] [311/362] Building C object modules/ec/zephyr/CMakeFiles/ec_shim.dir/shim/src/adc.c.obj
[pujjoniru:rw] [96/411] Building C object zephyr/lib/libc/minimal/CMakeFiles/lib__libc__minimal.dir/source/stdlib/strtoul.c.obj
[pujjoniru:rw] [97/411] Building ASM object zephyr/arch/arch/riscv/core/CMakeFiles/arch__riscv__core.dir/isr.S.obj
[pujjoniru:ro] [95/411] Building ASM object zephyr/arch/arch/riscv/core/CMakeFiles/arch__riscv__core.dir/isr.S.obj
[pujjoniru:rw] [98/411] Building C object zephyr/lib/libc/minimal/CMakeFiles/lib__libc__minimal.dir/source/stdlib/strtoull.c.obj
[pujjoniru:rw] [99/411] Building C object zephyr/lib/libc/minimal/CMakeFiles/lib__libc__minimal.dir/source/stdlib/strtoll.c.obj
[nokris:ro] -- Generating component manifest file
[pujjoniru:rw] [100/411] Building C object zephyr/lib/libc/minimal/CMakeFiles/lib__libc__minimal.dir/source/stdlib/bsearch.c.obj
[pujjoniru:ro] [96/411] Building C object zephyr/lib/libc/minimal/CMakeFiles/lib__libc__minimal.dir/source/stdlib/strtol.c.obj
[skywalker:ro] [312/362] Building C object modules/ec/zephyr/CMakeFiles/ec_shim.dir/shim/src/battery.c.obj
[pujjoniru:ro] [97/411] Building C object zephyr/lib/libc/minimal/CMakeFiles/lib__libc__minimal.dir/source/stdlib/strtoul.c.obj
[pujjoniru:rw] [101/411] Building C object zephyr/lib/libc/minimal/CMakeFiles/lib__libc__minimal.dir/source/string/strncasecmp.c.obj
[pujjoniru:ro] [98/411] Building C object zephyr/lib/libc/minimal/CMakeFiles/lib__libc__minimal.dir/source/stdlib/strtoll.c.obj
[nokris:ro] INFO: Skipped 20 named-gpios children.
[nokris:ro] INFO: Running CME, outputting to /mnt/host/source/src/platform/ec/build/zephyr/nokris/build-ro/zephyr/component_manifest.json
[nokris:ro] -- warning_base_override: -Wall;-Wformat;-Wformat-security;-Wformat;-Wno-format-zero-length;-Wno-pointer-sign;-Wpointer-arith;-Wexpansion-to-defined
[pujjoniru:ro] [99/411] Building C object zephyr/arch/arch/riscv/core/CMakeFiles/arch__riscv__core.dir/stacktrace.c.obj
[skywalker:ro] [313/362] Building C object modules/ec/zephyr/CMakeFiles/ec_shim.dir/shim/src/charger.c.obj
[pujjoniru:rw] [102/411] Building C object zephyr/arch/arch/riscv/core/CMakeFiles/arch__riscv__core.dir/stacktrace.c.obj
[pujjoniru:rw] [103/411] Building C object zephyr/lib/libc/minimal/CMakeFiles/lib__libc__minimal.dir/source/stdlib/qsort.c.obj
[pujjoniru:rw] [104/411] Building C object zephyr/lib/libc/minimal/CMakeFiles/lib__libc__minimal.dir/source/string/strerror.c.obj
[pujjoniru:ro] [100/411] Building C object zephyr/lib/libc/minimal/CMakeFiles/lib__libc__minimal.dir/source/stdlib/strtoull.c.obj
[pujjoniru:ro] [101/411] Linking C static library zephyr/arch/arch/riscv/core/libarch__riscv__core.a
[pujjoniru:ro] [102/411] Building C object zephyr/lib/libc/minimal/CMakeFiles/lib__libc__minimal.dir/source/stdlib/bsearch.c.obj
[pujjoniru:rw] [105/411] Building C object zephyr/lib/libc/minimal/CMakeFiles/lib__libc__minimal.dir/source/string/strstr.c.obj
[skywalker:ro] [314/362] Building C object modules/ec/zephyr/CMakeFiles/ec_shim.dir/shim/src/flash.c.obj
[pujjoniru:rw] [106/411] Linking C static library zephyr/arch/arch/riscv/core/libarch__riscv__core.a
[pujjoniru:rw] [107/411] Building C object zephyr/lib/libc/minimal/CMakeFiles/lib__libc__minimal.dir/source/string/strspn.c.obj
[pujjoniru:rw] [108/411] Building C object zephyr/lib/libc/minimal/CMakeFiles/lib__libc__minimal.dir/source/stdlib/exit.c.obj
[pujjoniru:rw] [109/411] Building C object zephyr/lib/libc/minimal/CMakeFiles/lib__libc__minimal.dir/source/string/string.c.obj
[pujjoniru:ro] [103/411] Building C object zephyr/lib/libc/minimal/CMakeFiles/lib__libc__minimal.dir/source/stdlib/qsort.c.obj
[pujjoniru:ro] [104/411] Building C object zephyr/lib/libc/minimal/CMakeFiles/lib__libc__minimal.dir/source/string/strerror.c.obj
[skywalker:ro] [315/362] Building C object modules/ec/zephyr/CMakeFiles/ec_shim.dir/shim/src/hooks.c.obj
[nokris:ro] -- Found gen_kobject_list: /mnt/host/source/src/third_party/zephyr/main/scripts/build/gen_kobject_list.py
[skywalker:ro] [316/362] Building C object modules/ec/zephyr/CMakeFiles/ec_shim.dir/shim/src/host_command.c.obj
[pujjoniru:ro] [105/411] Building C object zephyr/lib/libc/minimal/CMakeFiles/lib__libc__minimal.dir/source/string/strncasecmp.c.obj
[pujjoniru:ro] [106/411] Building C object zephyr/lib/libc/minimal/CMakeFiles/lib__libc__minimal.dir/source/string/strstr.c.obj
[/mnt/host/source/src/platform/ec/build/zephyr/deku-lcov]   /mnt/host/source/src/platform/ec/build/zephyr/deku/build-ro/zephyr/CMakeFiles/zephyr.dir/soc/nuvoton/npcx/common/npcxn/registers.c.gcno:no functions found
[/mnt/host/source/src/platform/ec/build/zephyr/deku-lcov] stderr:
[pujjoniru:rw] [110/411] Building C object zephyr/lib/libc/minimal/CMakeFiles/lib__libc__minimal.dir/source/math/sqrt.c.obj
[pujjoniru:rw] [111/411] Building C object zephyr/lib/libc/minimal/CMakeFiles/lib__libc__minimal.dir/source/math/sqrtf.c.obj
[pujjoniru:ro] [107/411] Building C object zephyr/lib/libc/minimal/CMakeFiles/lib__libc__minimal.dir/source/stdlib/exit.c.obj
[nokris:ro] -- Configuring done (17.7s)
[pujjoniru:ro] [108/411] Building C object zephyr/lib/libc/minimal/CMakeFiles/lib__libc__minimal.dir/source/string/strspn.c.obj
[skywalker:ro] [317/362] Building C object modules/ec/zephyr/CMakeFiles/ec_shim.dir/shim/src/console_buffer.c.obj
[pujjoniru:rw] [112/411] Building C object zephyr/lib/libc/minimal/CMakeFiles/lib__libc__minimal.dir/source/stdout/sprintf.c.obj
[pujjoniru:ro] [109/411] Building C object zephyr/lib/libc/minimal/CMakeFiles/lib__libc__minimal.dir/source/string/string.c.obj
[skywalker:ro] [318/362] Building C object modules/ec/zephyr/CMakeFiles/ec_shim.dir/shim/src/keyboard_raw.c.obj
[pujjoniru:rw] [113/411] Building C object zephyr/lib/libc/minimal/CMakeFiles/lib__libc__minimal.dir/source/stdout/fprintf.c.obj
[pujjoniru:rw] [114/411] Building C object zephyr/lib/libc/minimal/CMakeFiles/lib__libc__minimal.dir/source/stdout/stdout_console.c.obj
[kinmen-ish:singleimage] -- Found gen_kobject_list: /mnt/host/source/src/third_party/zephyr/main/scripts/build/gen_kobject_list.py
[kinmen-ish:singleimage] CMake Warning at /mnt/host/source/src/third_party/zephyr/main/CMakeLists.txt:1134 (message):
[kinmen-ish:singleimage]   No SOURCES given to Zephyr library: drivers__syscon
[kinmen-ish:singleimage]   Excluding target from build.
[kinmen-ish:singleimage] CMake Warning at /mnt/host/source/src/third_party/zephyr/main/cmake/emu/simics.cmake:14 (message):
[kinmen-ish:singleimage]   Simics simulator environment is not found at SIMICS_PROJECT:''
[kinmen-ish:singleimage] Call Stack (most recent call first):
[kinmen-ish:singleimage]   /mnt/host/source/src/third_party/zephyr/main/CMakeLists.txt:2336 (include)
[kinmen-ish:singleimage] CMake Warning at /mnt/host/source/src/third_party/zephyr/main/CMakeLists.txt:2359 (message):
[kinmen-ish:singleimage]   __ASSERT() statements are globally ENABLED
[skywalker:ro] [319/362] Building C object modules/ec/zephyr/CMakeFiles/ec_shim.dir/shim/src/keyscan.c.obj
[pujjoniru:rw] [115/411] Building C object zephyr/lib/libc/common/CMakeFiles/lib__libc__common.dir/source/time/gmtime_r.c.obj
[pujjoniru:rw] [116/411] Building C object zephyr/lib/libc/common/CMakeFiles/lib__libc__common.dir/source/time/asctime.c.obj
[pujjoniru:rw] [117/411] Building C object zephyr/lib/libc/common/CMakeFiles/lib__libc__common.dir/source/time/localtime_r_utc.c.obj
[skywalker:ro] [320/362] Building C object modules/ec/zephyr/CMakeFiles/ec_shim.dir/shim/src/mkbp_event.c.obj
[nokris:ro] -- Generating done (0.5s)
[nokris:ro] INFO: Project nokris does not support SSFC
[nokris:ro] INFO: Component virtual-mux-0(cros-ec,usbc-mux-virtual) not on I2C bus, skip it
[nokris:ro] INFO: Component virtual-mux-1(cros-ec,usbc-mux-virtual) not on I2C bus, skip it
[nokris:ro] INFO: Component tcpci-mux-1(parade,usbc-mux-ps8xxx) not on I2C bus, skip it
[nokris:ro] INFO: Component virtual-mux-1(cros-ec,usbc-mux-virtual) not on I2C bus, skip it
[nokris:ro] INFO: No motionsense-sensor-alt node found
[nokris:ro] CMake Warning:
[nokris:ro] -- Build files have been written to: /mnt/host/source/src/platform/ec/build/zephyr/nokris/build-ro
[pujjoniru:rw] [118/411] Building C object zephyr/lib/libc/common/CMakeFiles/lib__libc__common.dir/source/time/ctime.c.obj
[kinmen-ish:singleimage] -- Configuring done (18.5s)
[pujjoniru:rw] [119/411] Building C object zephyr/lib/libc/common/CMakeFiles/lib__libc__common.dir/source/time/time.c.obj
[pujjoniru:rw] [120/411] Building C object zephyr/lib/libc/common/CMakeFiles/lib__libc__common.dir/source/string/strnlen.c.obj
[pujjoniru:rw] [121/411] Building C object zephyr/lib/libc/common/CMakeFiles/lib__libc__common.dir/source/stdlib/abort.c.obj
[pujjoniru:ro] [110/411] Building C object zephyr/lib/libc/minimal/CMakeFiles/lib__libc__minimal.dir/source/stdout/sprintf.c.obj
[pujjoniru:ro] [111/411] Building C object zephyr/lib/libc/minimal/CMakeFiles/lib__libc__minimal.dir/source/stdout/stdout_console.c.obj
[pujjoniru:ro] [112/411] Building C object zephyr/lib/libc/minimal/CMakeFiles/lib__libc__minimal.dir/source/stdout/fprintf.c.obj
[nokris:ro]   Manually-specified variables were not used by the project:
[nokris:ro]     COREBOOT_SDK_ROOT_libstdcxx_riscv64
[nokris:ro]     COREBOOT_SDK_ROOT_libstdcxx_x86
[nokris:ro]     COREBOOT_SDK_ROOT_nds32
[nokris:ro]     COREBOOT_SDK_ROOT_picolibc_riscv64
[nokris:ro]     COREBOOT_SDK_ROOT_picolibc_x86
[nokris:ro]     COREBOOT_SDK_ROOT_riscv
[nokris:ro]     COREBOOT_SDK_ROOT_riscv64
[nokris:ro]     COREBOOT_SDK_ROOT_x86
[skywalker:ro] [321/362] Building C object modules/ec/zephyr/CMakeFiles/ec_shim.dir/shim/src/motionsense_sensors.c.obj
[pujjoniru:rw] [122/411] Building C object zephyr/lib/libc/minimal/CMakeFiles/lib__libc__minimal.dir/source/time/gmtime.c.obj
[pujjoniru:rw] [123/411] Building C object zephyr/lib/posix/c_lib_ext/CMakeFiles/lib__posix__c_lib_ext.dir/fnmatch.c.obj
[skywalker:ro] [322/362] Building C object modules/ec/zephyr/CMakeFiles/ec_shim.dir/shim/src/panic.c.obj
[pujjoniru:ro] [113/411] Building C object zephyr/lib/libc/minimal/CMakeFiles/lib__libc__minimal.dir/source/math/sqrt.c.obj
[pujjoniru:ro] [114/411] Building C object zephyr/lib/libc/minimal/CMakeFiles/lib__libc__minimal.dir/source/math/sqrtf.c.obj
[skywalker:ro] [323/362] Building C object modules/ec/zephyr/CMakeFiles/ec_shim.dir/shim/src/hwtimer.c.obj
[skywalker:ro] [324/362] Building C object modules/ec/zephyr/CMakeFiles/ec_shim.dir/shim/src/power.c.obj
[pujjoniru:rw] [124/411] Building C object zephyr/subsys/crc/CMakeFiles/subsys__crc.dir/crc4_sw.c.obj
[pujjoniru:rw] [125/411] Building C object zephyr/lib/libc/common/CMakeFiles/lib__libc__common.dir/source/stdlib/malloc.c.obj
[pujjoniru:rw] [126/411] Linking C static library zephyr/lib/libc/minimal/liblib__libc__minimal.a
[pujjoniru:rw] [127/411] Linking C static library zephyr/lib/libc/common/liblib__libc__common.a
[pujjoniru:rw] [128/411] Building C object zephyr/subsys/crc/CMakeFiles/subsys__crc.dir/crc8_sw.c.obj
[pujjoniru:rw] [129/411] Building C object zephyr/subsys/crc/CMakeFiles/subsys__crc.dir/crc7_sw.c.obj
[pujjoniru:rw] [130/411] Building C object zephyr/subsys/crc/CMakeFiles/subsys__crc.dir/crc16_sw.c.obj
[pujjoniru:ro] [115/411] Building C object zephyr/lib/libc/common/CMakeFiles/lib__libc__common.dir/source/time/asctime.c.obj
[pujjoniru:rw] [131/411] Building C object zephyr/lib/posix/c_lib_ext/CMakeFiles/lib__posix__c_lib_ext.dir/getopt_shim.c.obj
[pujjoniru:rw] [132/411] Building C object zephyr/lib/posix/c_lib_ext/CMakeFiles/lib__posix__c_lib_ext.dir/getentropy.c.obj
[skywalker:ro] [325/362] Building C object modules/ec/zephyr/CMakeFiles/ec_shim.dir/shim/src/i2c.c.obj
[pujjoniru:rw] [133/411] Building C object zephyr/subsys/crc/CMakeFiles/subsys__crc.dir/crc32c_sw.c.obj
[pujjoniru:rw] [134/411] Building C object zephyr/subsys/crc/CMakeFiles/subsys__crc.dir/crc32k_4_2_sw.c.obj
[pujjoniru:ro] [116/411] Building C object zephyr/lib/libc/minimal/CMakeFiles/lib__libc__minimal.dir/source/time/gmtime.c.obj
[pujjoniru:rw] [135/411] Building C object zephyr/subsys/crc/CMakeFiles/subsys__crc.dir/crc32_sw.c.obj
[pujjoniru:ro] [117/411] Building C object zephyr/lib/libc/common/CMakeFiles/lib__libc__common.dir/source/time/gmtime_r.c.obj
[pujjoniru:rw] [136/411] Linking C static library zephyr/lib/posix/c_lib_ext/liblib__posix__c_lib_ext.a
[pujjoniru:rw] [137/411] Building C object zephyr/subsys/crc/CMakeFiles/subsys__crc.dir/crc24_sw.c.obj
[pujjoniru:ro] [118/411] Linking C static library zephyr/lib/libc/minimal/liblib__libc__minimal.a
[pujjoniru:rw] [138/411] Linking C static library zephyr/subsys/crc/libsubsys__crc.a
[skywalker:ro] [326/362] Building C object zephyr/kernel/CMakeFiles/kernel.dir/banner.c.obj
[pujjoniru:ro] [119/411] Building C object zephyr/lib/libc/common/CMakeFiles/lib__libc__common.dir/source/stdlib/abort.c.obj
[pujjoniru:ro] [120/411] Building C object zephyr/lib/libc/common/CMakeFiles/lib__libc__common.dir/source/time/localtime_r_utc.c.obj
[skywalker:ro] [327/362] Building C object zephyr/kernel/CMakeFiles/kernel.dir/main_weak.c.obj
[skywalker:ro] [328/362] Building C object modules/ec/zephyr/CMakeFiles/ec_shim.dir/shim/src/tasks.c.obj
[pujjoniru:rw] [139/411] Building C object zephyr/subsys/input/CMakeFiles/subsys__input.dir/input_hid.c.obj
[skywalker:ro] [329/362] Building C object modules/ec/zephyr/CMakeFiles/ec_shim.dir/shim/src/watchdog.c.obj
[skywalker:ro] [330/362] Building C object modules/ec/zephyr/CMakeFiles/ec_shim.dir/shim/src/usba.c.obj
[pujjoniru:ro] [121/411] Building C object zephyr/lib/libc/common/CMakeFiles/lib__libc__common.dir/source/time/ctime.c.obj
[pujjoniru:ro] [122/411] Building C object zephyr/lib/libc/common/CMakeFiles/lib__libc__common.dir/source/time/time.c.obj
[skywalker:ro] [331/362] Linking C static library modules/ec/zephyr/libec_shim.a
[pujjoniru:ro] [123/411] Building C object zephyr/lib/libc/common/CMakeFiles/lib__libc__common.dir/source/string/strnlen.c.obj
[pujjoniru:rw] [140/411] Building C object zephyr/subsys/input/CMakeFiles/subsys__input.dir/input.c.obj
[pujjoniru:rw] [141/411] Building C object zephyr/drivers/interrupt_controller/CMakeFiles/drivers__interrupt_controller.dir/intc_ite_it8xxx2.c.obj
[pujjoniru:ro] [124/411] Building C object zephyr/lib/posix/c_lib_ext/CMakeFiles/lib__posix__c_lib_ext.dir/fnmatch.c.obj
[pujjoniru:rw] [142/411] Building C object zephyr/subsys/input/CMakeFiles/subsys__input.dir/input_utils.c.obj
[skywalker:ro] [332/362] Building C object zephyr/kernel/CMakeFiles/kernel.dir/busy_wait.c.obj
[pujjoniru:ro] [125/411] Building C object zephyr/lib/libc/common/CMakeFiles/lib__libc__common.dir/source/stdlib/malloc.c.obj
[pujjoniru:rw] [143/411] Linking C static library zephyr/subsys/input/libsubsys__input.a
[skywalker:ro] [333/362] Building C object zephyr/kernel/CMakeFiles/kernel.dir/device.c.obj
[pujjoniru:rw] [144/411] Building C object zephyr/drivers/interrupt_controller/CMakeFiles/drivers__interrupt_controller.dir/wuc_ite_it8xxx2.c.obj
[skywalker:ro] [334/362] Building C object zephyr/kernel/CMakeFiles/kernel.dir/errno.c.obj
[pujjoniru:ro] [126/411] Linking C static library zephyr/lib/libc/common/liblib__libc__common.a
[pujjoniru:rw] [145/411] Building C object zephyr/drivers/adc/CMakeFiles/drivers__adc.dir/adc_common.c.obj
[pujjoniru:rw] [146/411] Linking C static library zephyr/drivers/interrupt_controller/libdrivers__interrupt_controller.a
[skywalker:ro] [335/362] Building C object zephyr/kernel/CMakeFiles/kernel.dir/fatal.c.obj
[pujjoniru:ro] [127/411] Building C object zephyr/subsys/crc/CMakeFiles/subsys__crc.dir/crc4_sw.c.obj
[skywalker:ro] [336/362] Building C object zephyr/kernel/CMakeFiles/kernel.dir/version.c.obj
[skywalker:ro] [337/362] Building C object zephyr/kernel/CMakeFiles/kernel.dir/init.c.obj
[pujjoniru:ro] [128/411] Building C object zephyr/subsys/crc/CMakeFiles/subsys__crc.dir/crc8_sw.c.obj
[pujjoniru:ro] [129/411] Building C object zephyr/lib/posix/c_lib_ext/CMakeFiles/lib__posix__c_lib_ext.dir/getopt_shim.c.obj
[pujjoniru:ro] [130/411] Building C object zephyr/lib/posix/c_lib_ext/CMakeFiles/lib__posix__c_lib_ext.dir/getentropy.c.obj
[pujjoniru:rw] [147/411] Building C object zephyr/drivers/bbram/CMakeFiles/drivers__bbram.dir/bbram_it8xxx2.c.obj
[skywalker:ro] [338/362] Building C object zephyr/kernel/CMakeFiles/kernel.dir/kheap.c.obj
[pujjoniru:ro] [131/411] Linking C static library zephyr/lib/posix/c_lib_ext/liblib__posix__c_lib_ext.a
[pujjoniru:ro] [132/411] Building C object zephyr/subsys/crc/CMakeFiles/subsys__crc.dir/crc16_sw.c.obj
[pujjoniru:rw] [148/411] Linking C static library zephyr/drivers/bbram/libdrivers__bbram.a
[pujjoniru:ro] [133/411] Building C object zephyr/subsys/crc/CMakeFiles/subsys__crc.dir/crc7_sw.c.obj
[pujjoniru:rw] [149/411] Building C object zephyr/drivers/console/CMakeFiles/drivers__console.dir/uart_console.c.obj
[pujjoniru:ro] [134/411] Building C object zephyr/subsys/crc/CMakeFiles/subsys__crc.dir/crc24_sw.c.obj
[pujjoniru:rw] [150/411] Building C object zephyr/drivers/adc/CMakeFiles/drivers__adc.dir/adc_ite_it8xxx2.c.obj
[skywalker:ro] [339/362] Building C object zephyr/kernel/CMakeFiles/kernel.dir/float.c.obj
[pujjoniru:ro] [135/411] Building C object zephyr/subsys/crc/CMakeFiles/subsys__crc.dir/crc32c_sw.c.obj
[pujjoniru:rw] [151/411] Linking C static library zephyr/drivers/console/libdrivers__console.a
[skywalker:ro] [340/362] Building C object zephyr/kernel/CMakeFiles/kernel.dir/mem_slab.c.obj
[pujjoniru:rw] [152/411] Linking C static library zephyr/drivers/adc/libdrivers__adc.a
[pujjoniru:ro] [136/411] Building C object zephyr/subsys/crc/CMakeFiles/subsys__crc.dir/crc32k_4_2_sw.c.obj
[pujjoniru:ro] [137/411] Building C object zephyr/subsys/crc/CMakeFiles/subsys__crc.dir/crc32_sw.c.obj
[pujjoniru:ro] [138/411] Linking C static library zephyr/subsys/crc/libsubsys__crc.a
[pujjoniru:rw] [153/411] Building C object zephyr/drivers/eeprom/CMakeFiles/drivers__eeprom.dir/eeprom_shell.c.obj
[pujjoniru:ro] [139/411] Building C object zephyr/subsys/input/CMakeFiles/subsys__input.dir/input_hid.c.obj
[pujjoniru:rw] [154/411] Building C object zephyr/drivers/eeprom/CMakeFiles/drivers__eeprom.dir/eeprom_at2x.c.obj
[skywalker:ro] [341/362] Building C object zephyr/kernel/CMakeFiles/kernel.dir/mailbox.c.obj
[skywalker:ro] [342/362] Building C object zephyr/kernel/CMakeFiles/kernel.dir/idle.c.obj
[pujjoniru:rw] [155/411] Linking C static library zephyr/drivers/eeprom/libdrivers__eeprom.a
[skywalker:ro] [343/362] Building C object zephyr/kernel/CMakeFiles/kernel.dir/msg_q.c.obj
[skywalker:ro] [344/362] Building C object zephyr/kernel/CMakeFiles/kernel.dir/mutex.c.obj
[pujjoniru:ro] [140/411] Building C object zephyr/subsys/input/CMakeFiles/subsys__input.dir/input.c.obj
[skywalker:ro] [345/362] Building C object zephyr/kernel/CMakeFiles/kernel.dir/queue.c.obj
[pujjoniru:rw] [156/411] Building C object zephyr/drivers/espi/CMakeFiles/drivers__espi.dir/espi_it8xxx2.c.obj
[pujjoniru:rw] [157/411] Building C object zephyr/drivers/gpio/CMakeFiles/drivers__gpio.dir/gpio_ite_it8xxx2.c.obj
[pujjoniru:rw] [158/411] Building C object zephyr/drivers/gpio/CMakeFiles/drivers__gpio.dir/gpio_kscan_ite_it8xxx2.c.obj
[pujjoniru:ro] [141/411] Building C object zephyr/subsys/input/CMakeFiles/subsys__input.dir/input_utils.c.obj
[skywalker:ro] [346/362] Building C object zephyr/kernel/CMakeFiles/kernel.dir/sem.c.obj
[pujjoniru:rw] [159/411] Building C object zephyr/drivers/flash/CMakeFiles/drivers__flash.dir/flash_ite_it8xxx2.c.obj
[pujjoniru:rw] [160/411] Linking C static library zephyr/drivers/espi/libdrivers__espi.a
[pujjoniru:rw] [161/411] Linking C static library zephyr/drivers/gpio/libdrivers__gpio.a
[pujjoniru:rw] [162/411] Linking C static library zephyr/drivers/flash/libdrivers__flash.a
[pujjoniru:ro] [142/411] Linking C static library zephyr/subsys/input/libsubsys__input.a
[pujjoniru:ro] [143/411] Building C object zephyr/drivers/interrupt_controller/CMakeFiles/drivers__interrupt_controller.dir/intc_ite_it8xxx2.c.obj
[skywalker:ro] [347/362] Building C object zephyr/kernel/CMakeFiles/kernel.dir/system_work_q.c.obj
[pujjoniru:rw] [163/411] Building C object zephyr/drivers/i2c/CMakeFiles/drivers__i2c.dir/i2c_common.c.obj
[skywalker:ro] [348/362] Building C object zephyr/kernel/CMakeFiles/kernel.dir/stack.c.obj
[skywalker:ro] [349/362] Building C object zephyr/kernel/CMakeFiles/kernel.dir/work.c.obj
[skywalker:ro] [350/362] Building C object zephyr/kernel/CMakeFiles/kernel.dir/condvar.c.obj
[pujjoniru:ro] [144/411] Building C object zephyr/drivers/interrupt_controller/CMakeFiles/drivers__interrupt_controller.dir/wuc_ite_it8xxx2.c.obj
[pujjoniru:ro] [145/411] Linking C static library zephyr/drivers/interrupt_controller/libdrivers__interrupt_controller.a
[pujjoniru:ro] [146/411] Building C object zephyr/drivers/adc/CMakeFiles/drivers__adc.dir/adc_common.c.obj
[skywalker:ro] [351/362] Building C object zephyr/kernel/CMakeFiles/kernel.dir/sched.c.obj
[pujjoniru:rw] [164/411] Building C object zephyr/drivers/i2c/CMakeFiles/drivers__i2c.dir/i2c_bitbang.c.obj
[skywalker:ro] [352/362] Building C object zephyr/kernel/CMakeFiles/kernel.dir/thread.c.obj
[pujjoniru:rw] [165/411] Building C object zephyr/drivers/i2c/CMakeFiles/drivers__i2c.dir/i2c_shell.c.obj
[pujjoniru:ro] [147/411] Building C object zephyr/drivers/adc/CMakeFiles/drivers__adc.dir/adc_ite_it8xxx2.c.obj
[skywalker:ro] [353/362] Building C object zephyr/kernel/CMakeFiles/kernel.dir/pipe.c.obj
[pujjoniru:rw] [166/411] Building C object zephyr/drivers/i2c/CMakeFiles/drivers__i2c.dir/i2c_ite_it8xxx2.c.obj
[pujjoniru:rw] [167/411] Building C object zephyr/drivers/i2c/CMakeFiles/drivers__i2c.dir/i2c_ite_enhance.c.obj
[pujjoniru:rw] [168/411] Building C object zephyr/drivers/input/CMakeFiles/drivers__input.dir/input_ite_it8xxx2_kbd.c.obj
[skywalker:ro] [354/362] Building C object zephyr/kernel/CMakeFiles/kernel.dir/spinlock_validate.c.obj
[pujjoniru:ro] [148/411] Linking C static library zephyr/drivers/adc/libdrivers__adc.a
[pujjoniru:rw] [169/411] Linking C static library zephyr/drivers/i2c/libdrivers__i2c.a
[skywalker:ro] [355/362] Building C object zephyr/kernel/CMakeFiles/kernel.dir/thread_monitor.c.obj
[skywalker:ro] [356/362] Building C object zephyr/kernel/CMakeFiles/kernel.dir/timeout.c.obj
[pujjoniru:rw] [170/411] Building C object zephyr/drivers/sensor/CMakeFiles/drivers__sensor.dir/mnt/host/source/src/third_party/zephyr/main/misc/empty_file.c.obj
[pujjoniru:ro] [149/411] Building C object zephyr/drivers/bbram/CMakeFiles/drivers__bbram.dir/bbram_it8xxx2.c.obj
[pujjoniru:rw] [171/411] Linking C static library zephyr/drivers/sensor/libdrivers__sensor.a
[pujjoniru:ro] [150/411] Linking C static library zephyr/drivers/bbram/libdrivers__bbram.a
[pujjoniru:ro] [151/411] Building C object zephyr/drivers/console/CMakeFiles/drivers__console.dir/uart_console.c.obj
[pujjoniru:ro] [152/411] Linking C static library zephyr/drivers/console/libdrivers__console.a
[/mnt/host/source/src/platform/ec/build/zephyr/deku-lcov]   /mnt/host/source/src/platform/ec/build/zephyr/deku/build-ro/zephyr/drivers/sensor/CMakeFiles/drivers__sensor.dir/mnt/host/source/src/third_party/zephyr/main/misc/empty_file.c.gcno:no functions found
[/mnt/host/source/src/platform/ec/build/zephyr/deku-lcov] stderr:
[pujjoniru:rw] [172/411] Building C object zephyr/drivers/pinctrl/CMakeFiles/drivers__pinctrl.dir/common.c.obj
[skywalker:ro] [357/362] Building C object zephyr/kernel/CMakeFiles/kernel.dir/timer.c.obj
[pujjoniru:rw] [173/411] Building C object zephyr/drivers/input/CMakeFiles/drivers__input.dir/input_kbd_matrix.c.obj
[skywalker:ro] [358/362] Building C object zephyr/kernel/CMakeFiles/kernel.dir/events.c.obj
[skywalker:ro] [359/362] Building C object zephyr/kernel/CMakeFiles/kernel.dir/poll.c.obj
[pujjoniru:rw] [174/411] Linking C static library zephyr/drivers/input/libdrivers__input.a
[pujjoniru:rw] [175/411] Building C object zephyr/drivers/pwm/CMakeFiles/drivers__pwm.dir/pwm_ite_it8xxx2.c.obj
[pujjoniru:ro] [153/411] Building C object zephyr/drivers/eeprom/CMakeFiles/drivers__eeprom.dir/eeprom_shell.c.obj
[nokris:rw] Building: /usr/bin/ninja -C /mnt/host/source/src/platform/ec/build/zephyr/nokris/build-rw all.libraries
Running `env -i SHELL=/bin/bash COLORTERM=truecolor DEPOT_TOOLS_UPDATE=0 LESS='-R -M --shift 5' SUDO_GID=0 JDK_HOME=/etc/java-config-2/current-system-vm CONFIG_PROTECT_MASK='/etc/gentoo-release /etc/sandbox.d /etc/fonts/fonts.conf /etc/terminfo /etc/ca-certificates.conf /etc/revdep-rebuild' CHROMEOS_CACHEDIR=/var/cache/chromeos-cache JAVA_HOME=/etc/java-config-2/current-system-vm SSH_AUTH_SOCK=/tmp/ssh-auth-sock SUDO_COMMAND=/bin/bash SUDO_USER=root SUDO_TTY=/dev/pts/2 EDITOR=/usr/bin/vi PWD=/mnt/host/source/src/platform/ec CONFIG_PROTECT=/usr/share/gnupg/qualified.txt LOGNAME=jpmurphy MANPATH=/etc/java-config-2/current-system-vm/man:/usr/local/share/man:/usr/share/man:/usr/share/gcc-data/x86_64-pc-linux-gnu/10.2.0/man:/usr/share/binutils-data/x86_64-pc-linux-gnu/2.45/man:/etc/java-config-2/current-system-vm/man/ SUDO_HOME=/root XAUTHORITY=/run/user/944457/gdm/Xauthority HOME=/home/jpmurphy LANG=C.UTF-8 LS_COLORS='rs=0:di=01;34:ln=01;36:mh=00:pi=40;33:so=01;35:do=01;35:bd=40;33;01:cd=40;33;01:or=01;05;37;41:mi=01;05;37;41:su=37;41:sg=30;43:ca=30;41:tw=30;42:ow=34;42:st=37;44:ex=01;32:*.tar=01;31:*.tgz=01;31:*.arc=01;31:*.arj=01;31:*.taz=01;31:*.lha=01;31:*.lz4=01;31:*.lzh=01;31:*.lzma=01;31:*.tlz=01;31:*.txz=01;31:*.tzo=01;31:*.t7z=01;31:*.zip=01;31:*.z=01;31:*.dz=01;31:*.gz=01;31:*.lrz=01;31:*.lz=01;31:*.lzo=01;31:*.xz=01;31:*.zst=01;31:*.tzst=01;31:*.bz2=01;31:*.bz=01;31:*.tbz=01;31:*.tbz2=01;31:*.tz=01;31:*.deb=01;31:*.rpm=01;31:*.jar=01;31:*.war=01;31:*.ear=01;31:*.sar=01;31:*.rar=01;31:*.alz=01;31:*.ace=01;31:*.zoo=01;31:*.cpio=01;31:*.7z=01;31:*.rz=01;31:*.cab=01;31:*.wim=01;31:*.swm=01;31:*.dwm=01;31:*.esd=01;31:*.jpg=01;35:*.jpeg=01;35:*.mjpg=01;35:*.mjpeg=01;35:*.gif=01;35:*.bmp=01;35:*.pbm=01;35:*.pgm=01;35:*.ppm=01;35:*.tga=01;35:*.xbm=01;35:*.xpm=01;35:*.tif=01;35:*.tiff=01;35:*.png=01;35:*.svg=01;35:*.svgz=01;35:*.mng=01;35:*.pcx=01;35:*.mov=01;35:*.mpg=01;35:*.mpeg=01;35:*.m2v=01;35:*.mkv=01;35:*.webm=01;35:*.webp=01;35:*.ogm=01;35:*.mp4=01;35:*.m4v=01;35:*.mp4v=01;35:*.vob=01;35:*.qt=01;35:*.nuv=01;35:*.wmv=01;35:*.asf=01;35:*.rm=01;35:*.rmvb=01;35:*.flc=01;35:*.avi=01;35:*.fli=01;35:*.flv=01;35:*.gl=01;35:*.dl=01;35:*.xcf=01;35:*.xwd=01;35:*.yuv=01;35:*.cgm=01;35:*.emf=01;35:*.ogv=01;35:*.ogx=01;35:*.cfg=00;32:*.conf=00;32:*.diff=00;32:*.doc=00;32:*.ini=00;32:*.log=00;32:*.patch=00;32:*.pdf=00;32:*.ps=00;32:*.tex=00;32:*.txt=00;32:*.aac=00;36:*.au=00;36:*.flac=00;36:*.m4a=00;36:*.mid=00;36:*.midi=00;36:*.mka=00;36:*.mp3=00;36:*.mpc=00;36:*.ogg=00;36:*.ra=00;36:*.wav=00;36:*.oga=00;36:*.opus=00;36:*.spx=00;36:*.xspf=00;36:' XDG_CURRENT_DESKTOP=GNOME INFOPATH=/usr/share/info:/usr/share/gcc-data/x86_64-pc-linux-gnu/10.2.0/info:/usr/share/binutils-data/x86_64-pc-linux-gnu/2.45/info:/usr/share/automake-1.16.5/info JAVAC=/etc/java-config-2/current-system-vm/bin/javac TERM=xterm-256color LESSOPEN='|lesspipe %s' USER=jpmurphy CROS_WORKON_SRCROOT=/mnt/host/source MANPAGER=manpager DISPLAY=:1 SHLVL=1 LC_MESSAGES=C EXTERNAL_TRUNK_PATH=/mnt/8f9d649a-3721-44cc-93c0-e6bd21a9689f/chromiumos GCC_SPECS='' PATH=/mnt/host/source/chromite/bin:/usr/local/bin:/usr/bin:/bin:/opt/bin:/mnt/host/source/chromite/sdk/bin:/mnt/host/source/chromite/bin PORTAGE_USERNAME=jpmurphy SUDO_UID=0 GCC_VER=10.2.0 MAIL=/var/mail/jpmurphy OLDPWD=/mnt/host/source/src/scripts traceparent=00-e87aca51550a78635907baa6a2476181-6d684811675d2973-01 _=./zephyr/firmware_builder.py COREBOOT_SDK_ROOT_x86=/home/jpmurphy/.cache/coreboot-sdk/i386-elf/dfbb0486385d938cfa9d73080b9d18d598ed4f49 COREBOOT_SDK_ROOT_picolibc_x86=/home/jpmurphy/.cache/coreboot-sdk/picolibc-i386-elf/eb8e8e687b95461de8cbf278f1c2076952d0ad17 COREBOOT_SDK_ROOT_riscv64=/home/jpmurphy/.cache/coreboot-sdk/riscv64-elf/96b949749225b6aaa92ed810ab769e8dfb12f000 COREBOOT_SDK_ROOT_picolibc_arm=/home/jpmurphy/.cache/coreboot-sdk/picolibc-arm-eabi/422a2aa3e1ef891b5bece9a3deb696ff83840d2e COREBOOT_SDK_ROOT_nds32=/home/jpmurphy/.cache/coreboot-sdk/nds32le-elf/d1a518c4a097666d86058e1444f85ca015d15511 COREBOOT_SDK_ROOT_picolibc_riscv64=/home/jpmurphy/.cache/coreboot-sdk/picolibc-riscv64-elf/f571e990ef0278564b31124f8bb109d9a697eb69 COREBOOT_SDK_ROOT_arm=/home/jpmurphy/.cache/coreboot-sdk/arm-eabi/ea40ddd1d190c3b48435c474c0b545719371813a COREBOOT_SDK_ROOT_libstdcxx_riscv64=/home/jpmurphy/.cache/coreboot-sdk/libstdcxx-riscv64-elf/17abf22a3a252e2d5d2062ced5324f7a623689e0 COREBOOT_SDK_ROOT_libstdcxx_arm=/home/jpmurphy/.cache/coreboot-sdk/libstdcxx-arm-eabi/5d7d82e150e44aa1968f1d366e267e6687b328ac COREBOOT_SDK_ROOT_riscv=/home/jpmurphy/.cache/coreboot-sdk/riscv-elf/9a27b9e82341c6e9126624f516ab3f261abb3e73 COREBOOT_SDK_ROOT_libstdcxx_x86=/home/jpmurphy/.cache/coreboot-sdk/libstdcxx-i386-elf/42ef9d2e87a76a37963175d7d428734e65648b87 PYTHONPATH=/mnt/host/source/src/platform/ec/zephyr/zmake PW_PIGWEED_CIPD_INSTALL_DIR=/usr CROSTC_USER_ACKNOWLEDGES_THAT_RISCV_IS_EXPERIMENTAL=1 MAKEFLAGS=' -j16 --jobserver-auth=5,6' /usr/bin/ninja -C /mnt/host/source/src/platform/ec/build/zephyr/nokris/build-rw all.libraries`
[skywalker:ro] [360/362] Building C object zephyr/kernel/CMakeFiles/kernel.dir/mempool.c.obj
[nokris:rw] ninja: Entering directory `/mnt/host/source/src/platform/ec/build/zephyr/nokris/build-rw'
[pujjoniru:rw] [176/411] Linking C static library zephyr/drivers/pwm/libdrivers__pwm.a
[skywalker:ro] [361/362] Building C object zephyr/kernel/CMakeFiles/kernel.dir/dynamic_disabled.c.obj
[pujjoniru:rw] [177/411] Building C object zephyr/drivers/pinctrl/CMakeFiles/drivers__pinctrl.dir/pinctrl_ite_it8xxx2.c.obj
[pujjoniru:rw] [178/411] Linking C static library zephyr/drivers/pinctrl/libdrivers__pinctrl.a
[skywalker:ro] [362/362] Linking C static library zephyr/kernel/libkernel.a
[ovis:rw] Configuring.
Running `env -i PYTHONPATH=/usr/lib64/python-exec/python3.11:/mnt/host/source/src/platform/ec/zephyr/zmake:/usr/lib/python311.zip:/usr/lib/python3.11:/usr/lib/python3.11/lib-dynload:/usr/lib/python3.11/site-packages PW_PIGWEED_CIPD_INSTALL_DIR=/usr CROSTC_USER_ACKNOWLEDGES_THAT_RISCV_IS_EXPERIMENTAL=1 PATH=/mnt/host/source/chromite/bin:/usr/local/bin:/usr/bin:/bin:/opt/bin:/mnt/host/source/chromite/sdk/bin:/mnt/host/source/chromite/bin HOME=/home/jpmurphy JAVA_HOME=/etc/java-config-2/current-system-vm JDK_HOME=/etc/java-config-2/current-system-vm JAVAC=/etc/java-config-2/current-system-vm/bin/javac MAKEFLAGS=' -j16 --jobserver-auth=5,6' /usr/bin/cmake -S /mnt/host/source/src/platform/ec/zephyr/program/ovis -B /mnt/host/source/src/platform/ec/build/zephyr/ovis/build-rw -GNinja -DCMAKE_EXPORT_COMPILE_COMMANDS=ON -DZEPHYR_BASE=/mnt/host/source/src/third_party/zephyr/main -DZMAKE_INCLUDE_DIR=/mnt/host/source/src/platform/ec/build/zephyr/ovis/include -DPython3_EXECUTABLE=/usr/bin/python3.11 -DDTS_ROOT=/mnt/host/source/src/platform/ec/zephyr -DSYSCALL_INCLUDE_DIRS=/mnt/host/source/src/platform/ec/zephyr/include/drivers -DUSER_CACHE_DIR=/mnt/host/source/src/platform/ec/build/zephyr/user-cache '-DEXTRA_EC_VERSION_FLAGS=--version 16543.0.0 --static' -DTOOLCHAIN_ROOT=/mnt/host/source/src/platform/ec/zephyr -DCOREBOOT_SDK_ROOT_x86=/home/jpmurphy/.cache/coreboot-sdk/i386-elf/dfbb0486385d938cfa9d73080b9d18d598ed4f49 -DCOREBOOT_SDK_ROOT_picolibc_x86=/home/jpmurphy/.cache/coreboot-sdk/picolibc-i386-elf/eb8e8e687b95461de8cbf278f1c2076952d0ad17 -DCOREBOOT_SDK_ROOT_riscv64=/home/jpmurphy/.cache/coreboot-sdk/riscv64-elf/96b949749225b6aaa92ed810ab769e8dfb12f000 -DCOREBOOT_SDK_ROOT_picolibc_arm=/home/jpmurphy/.cache/coreboot-sdk/picolibc-arm-eabi/422a2aa3e1ef891b5bece9a3deb696ff83840d2e -DCOREBOOT_SDK_ROOT_nds32=/home/jpmurphy/.cache/coreboot-sdk/nds32le-elf/d1a518c4a097666d86058e1444f85ca015d15511 -DCOREBOOT_SDK_ROOT_picolibc_riscv64=/home/jpmurphy/.cache/coreboot-sdk/picolibc-riscv64-elf/f571e990ef0278564b31124f8bb109d9a697eb69 -DCOREBOOT_SDK_ROOT_arm=/home/jpmurphy/.cache/coreboot-sdk/arm-eabi/ea40ddd1d190c3b48435c474c0b545719371813a -DCOREBOOT_SDK_ROOT_libstdcxx_riscv64=/home/jpmurphy/.cache/coreboot-sdk/libstdcxx-riscv64-elf/17abf22a3a252e2d5d2062ced5324f7a623689e0 -DCOREBOOT_SDK_ROOT_libstdcxx_arm=/home/jpmurphy/.cache/coreboot-sdk/libstdcxx-arm-eabi/5d7d82e150e44aa1968f1d366e267e6687b328ac -DCOREBOOT_SDK_ROOT_riscv=/home/jpmurphy/.cache/coreboot-sdk/riscv-elf/9a27b9e82341c6e9126624f516ab3f261abb3e73 -DCOREBOOT_SDK_ROOT_libstdcxx_x86=/home/jpmurphy/.cache/coreboot-sdk/libstdcxx-i386-elf/42ef9d2e87a76a37963175d7d428734e65648b87 -DZEPHYR_TOOLCHAIN_VARIANT=coreboot-sdk '-DZEPHYR_MODULES=/mnt/host/source/src/platform/ec/build/zephyr/ovis/modules/cmsis;/mnt/host/source/src/platform/ec/build/zephyr/ovis/modules/cmsis_6;/mnt/host/source/src/platform/ec/build/zephyr/ovis/modules/ec' -DDTC_OVERLAY_FILE=/mnt/host/source/src/platform/ec/zephyr/program/ovis/ovis/project.overlay -DBOARD=npcx9/npcx9m3f -DCMAKE_C_FLAGS=-DSECTION_IS_RW '-DCONF_FILE=/mnt/host/source/src/platform/ec/zephyr/program/ovis/program.conf;/mnt/host/source/src/platform/ec/zephyr/program/ovis/ovis/project.conf;/mnt/host/source/src/platform/ec/build/zephyr/ovis/kconfig-rw.conf'`
[ovis:rw] Loading Zephyr default modules (Zephyr base (cached)).
[ovis:rw] -- Application: /mnt/host/source/src/platform/ec/zephyr/program/ovis
[ovis:rw] -- CMake version: 3.31.7
[pujjoniru:rw] [179/411] Building C object zephyr/drivers/sensor/ite/ite_tach_it8xxx2/CMakeFiles/drivers__sensor__ite__ite_tach_it8xxx2.dir/tach_ite_it8xxx2.c.obj
[pujjoniru:rw] [180/411] Linking C static library zephyr/drivers/sensor/ite/ite_tach_it8xxx2/libdrivers__sensor__ite__ite_tach_it8xxx2.a
[/mnt/host/source/src/platform/ec/build/zephyr/deku-lcov]   /mnt/host/source/src/platform/ec/build/zephyr/deku/build-rw/modules/ec/zephyr/CMakeFiles/ec_shim.dir/shim/src/thermal.c.gcno:no functions found
[/mnt/host/source/src/platform/ec/build/zephyr/deku-lcov] stderr:
[pujjoniru:ro] [154/411] Building C object zephyr/drivers/eeprom/CMakeFiles/drivers__eeprom.dir/eeprom_at2x.c.obj
[pujjoniru:rw] [181/411] Building C object zephyr/drivers/serial/CMakeFiles/drivers__serial.dir/uart_ite_it8xxx2.c.obj
[pujjoniru:ro] [155/411] Linking C static library zephyr/drivers/eeprom/libdrivers__eeprom.a
[pujjoniru:ro] [156/411] Building C object zephyr/drivers/flash/CMakeFiles/drivers__flash.dir/flash_ite_it8xxx2.c.obj
[nokris:rw] [1/411] Generating include/generated/zephyr/version.h
[nokris:rw] -- git describe warned: warning: tag 'upstream/v2.7.99' is externally known as 'v2.7.99'
[nokris:rw] -- Zephyr version: 4.3.99 (/mnt/host/source/src/third_party/zephyr/main)
[nokris:rw] [2/411] Preparing syscall dependency handling
[pujjoniru:ro] [157/411] Building C object zephyr/drivers/espi/CMakeFiles/drivers__espi.dir/espi_it8xxx2.c.obj
[ovis:rw] -- Found Python3: /usr/bin/python3.11 (found suitable version "3.11.11", minimum required is "3.10") found components: Interpreter
[pujjoniru:rw] [182/411] Building C object zephyr/drivers/serial/CMakeFiles/drivers__serial.dir/uart_ns16550.c.obj
[ovis:rw] -- Cache files will be written to: /mnt/host/source/src/platform/ec/build/zephyr/user-cache
[pujjoniru:rw] [183/411] Building C object zephyr/drivers/sensor/ite/ite_vcmp_it8xxx2/CMakeFiles/drivers__sensor__ite__ite_vcmp_it8xxx2.dir/vcmp_ite_it8xxx2.c.obj
[pujjoniru:ro] [158/411] Linking C static library zephyr/drivers/espi/libdrivers__espi.a
[ovis:rw] -- Zephyr version: 4.3.99 (/mnt/host/source/src/third_party/zephyr/main)
[pujjoniru:ro] [159/411] Building C object zephyr/drivers/gpio/CMakeFiles/drivers__gpio.dir/gpio_kscan_ite_it8xxx2.c.obj
[pujjoniru:ro] [160/411] Linking C static library zephyr/drivers/flash/libdrivers__flash.a
[pujjoniru:rw] [184/411] Building C object zephyr/drivers/timer/CMakeFiles/drivers__timer.dir/sys_clock_init.c.obj
[nokris:rw] [3/411] Generating misc/generated/syscalls_subdirs.trigger
[pujjoniru:rw] [185/411] Building C object zephyr/drivers/timer/CMakeFiles/drivers__timer.dir/ite_it8xxx2_timer.c.obj
[pujjoniru:rw] [186/411] Linking C static library zephyr/drivers/serial/libdrivers__serial.a
[pujjoniru:rw] [187/411] Linking C static library zephyr/drivers/sensor/ite/ite_vcmp_it8xxx2/libdrivers__sensor__ite__ite_vcmp_it8xxx2.a
[pujjoniru:ro] [161/411] Building C object zephyr/drivers/gpio/CMakeFiles/drivers__gpio.dir/gpio_ite_it8xxx2.c.obj
[pujjoniru:rw] [188/411] Linking C static library zephyr/drivers/timer/libdrivers__timer.a
[pujjoniru:ro] [162/411] Linking C static library zephyr/drivers/gpio/libdrivers__gpio.a
[pujjoniru:rw] [189/411] Building C object zephyr/drivers/watchdog/CMakeFiles/drivers__watchdog.dir/wdt_ite_it8xxx2.c.obj
[pujjoniru:rw] [190/411] Building C object zephyr/drivers/watchdog/CMakeFiles/drivers__watchdog.dir/wdt_shell.c.obj
[kinmen-ish:singleimage] -- Generating done (6.9s)
[kinmen-ish:singleimage] CMake Warning:
[pujjoniru:rw] [191/411] Linking C static library zephyr/drivers/watchdog/libdrivers__watchdog.a
[pujjoniru:ro] [163/411] Building C object zephyr/drivers/i2c/CMakeFiles/drivers__i2c.dir/i2c_common.c.obj
[pujjoniru:ro] [164/411] Building C object zephyr/drivers/i2c/CMakeFiles/drivers__i2c.dir/i2c_bitbang.c.obj
[pujjoniru:ro] [165/411] Building C object zephyr/drivers/i2c/CMakeFiles/drivers__i2c.dir/i2c_ite_enhance.c.obj
[/mnt/host/source/src/platform/ec/build/zephyr/deku-lcov]   /mnt/host/source/src/platform/ec/build/zephyr/deku/build-rw/modules/ec/zephyr/CMakeFiles/ec_shim.dir/shim/src/usb_muxes.c.gcno:no functions found
[/mnt/host/source/src/platform/ec/build/zephyr/deku-lcov] stderr:
[pujjoniru:ro] [166/411] Building C object zephyr/drivers/i2c/CMakeFiles/drivers__i2c.dir/i2c_shell.c.obj
[pujjoniru:rw] [192/411] Building C object modules/ec/zephyr/CMakeFiles/ec_shim.dir/app/ec/ec_app_main.c.obj
[pujjoniru:rw] [193/411] Building C object modules/ec/zephyr/CMakeFiles/ec_shim.dir/app/ec/main_shim.c.obj
[nokris:rw] [4/411] Generating misc/generated/syscalls.json, misc/generated/struct_tags.json
[pujjoniru:rw] [194/411] Building C object modules/ec/zephyr/CMakeFiles/ec_shim.dir/app/ec/chip/riscv/riscv-ite/it8xxx2-espi.c.obj
[/mnt/host/source/src/platform/ec/build/zephyr/deku-lcov]   /mnt/host/source/src/platform/ec/build/zephyr/deku/build-rw/modules/ec/zephyr/CMakeFiles/ec_shim.dir/shim/src/bb_retimer_usb_mux.c.gcno:no functions found
[/mnt/host/source/src/platform/ec/build/zephyr/deku-lcov] stderr:
[pujjoniru:rw] [195/411] Building C object modules/ec/zephyr/CMakeFiles/ec_shim.dir/drivers/cros_flash/cros_flash_it8xxx2.c.obj
[pujjoniru:rw] [196/411] Building C object modules/ec/zephyr/CMakeFiles/ec_shim.dir/drivers/cros_kblight/pwm_kblight.c.obj
[pujjoniru:ro] [167/411] Building C object zephyr/drivers/i2c/CMakeFiles/drivers__i2c.dir/i2c_ite_it8xxx2.c.obj
[pujjoniru:rw] [197/411] Building C object modules/ec/zephyr/CMakeFiles/ec_shim.dir/drivers/keyboard_input/keyboard_customization_check.c.obj
[nokris:rw] [5/411] Generating include/generated/zephyr/syscall_dispatch.c, include/generated/zephyr/syscall_exports_llext.c, syscall_weakdefs_llext.c, include/generated/zephyr/syscall_list.h
[pujjoniru:ro] [168/411] Linking C static library zephyr/drivers/i2c/libdrivers__i2c.a
[kinmen-ish:singleimage] -- Build files have been written to: /mnt/host/source/src/platform/ec/build/zephyr/kinmen-ish/build-singleimage
[kinmen-ish:singleimage]   Manually-specified variables were not used by the project:
[kinmen-ish:singleimage]     COREBOOT_SDK_ROOT_arm
[kinmen-ish:singleimage]     COREBOOT_SDK_ROOT_libstdcxx_arm
[kinmen-ish:singleimage]     COREBOOT_SDK_ROOT_libstdcxx_riscv64
[kinmen-ish:singleimage]     COREBOOT_SDK_ROOT_nds32
[kinmen-ish:singleimage]     COREBOOT_SDK_ROOT_picolibc_arm
[kinmen-ish:singleimage]     COREBOOT_SDK_ROOT_picolibc_riscv64
[kinmen-ish:singleimage]     COREBOOT_SDK_ROOT_riscv
[kinmen-ish:singleimage]     COREBOOT_SDK_ROOT_riscv64
[kinmen-ish:singleimage]     PW_ROOT
[pujjoniru:rw] [198/411] Building C object modules/ec/zephyr/CMakeFiles/ec_shim.dir/drivers/cros_system/cros_system_it8xxx2.c.obj
[pujjoniru:ro] [169/411] Building C object zephyr/drivers/sensor/CMakeFiles/drivers__sensor.dir/mnt/host/source/src/third_party/zephyr/main/misc/empty_file.c.obj
[nokris:rw] [6/411] Generating include/generated/zephyr/driver-validation.h
[pujjoniru:ro] [170/411] Building C object zephyr/drivers/pinctrl/CMakeFiles/drivers__pinctrl.dir/common.c.obj
[pujjoniru:ro] [171/411] Linking C static library zephyr/drivers/sensor/libdrivers__sensor.a
[ovis:rw] -- Board: npcx9, qualifiers: npcx9m3f
[pujjoniru:ro] [172/411] Building C object zephyr/drivers/input/CMakeFiles/drivers__input.dir/input_kbd_matrix.c.obj
[pujjoniru:ro] [173/411] Building C object zephyr/drivers/input/CMakeFiles/drivers__input.dir/input_ite_it8xxx2_kbd.c.obj
[pujjoniru:rw] [199/411] Building C object modules/ec/zephyr/CMakeFiles/ec_shim.dir/drivers/keyboard_input/keyboard_input.c.obj
[nokris:rw] [7/411] Generating include/generated/zephyr/kobj-types-enum.h, include/generated/zephyr/otype-to-str.h, include/generated/zephyr/otype-to-size.h
[pujjoniru:ro] [174/411] Linking C static library zephyr/drivers/input/libdrivers__input.a
[nokris:rw] [8/411] Generating include/generated/device-api-sections.ld, include/generated/device-api-sections.cmake
[pujjoniru:ro] [175/411] Building C object zephyr/drivers/pinctrl/CMakeFiles/drivers__pinctrl.dir/pinctrl_ite_it8xxx2.c.obj
[pujjoniru:rw] [200/411] Building C object modules/ec/zephyr/CMakeFiles/ec_shim.dir/drivers/keyboard_input/col_gpio_drive.c.obj
[pujjoniru:rw] [201/411] Building C object modules/ec/zephyr/CMakeFiles/ec_shim.dir/drivers/boot_keys/boot_keys.c.obj
[pujjoniru:ro] [176/411] Linking C static library zephyr/drivers/pinctrl/libdrivers__pinctrl.a
[pujjoniru:rw] [202/411] Building C object modules/ec/zephyr/CMakeFiles/ec_shim.dir/shim/chip/it8xxx2/clock.c.obj
[pujjoniru:ro] [177/411] Building C object zephyr/drivers/pwm/CMakeFiles/drivers__pwm.dir/pwm_ite_it8xxx2.c.obj
[pujjoniru:rw] [203/411] Building C object modules/ec/zephyr/CMakeFiles/ec_shim.dir/drivers/vivaldi_kbd/vivaldi_kbd.c.obj
[pujjoniru:rw] [204/411] Building C object modules/ec/zephyr/CMakeFiles/ec_shim.dir/drivers/runtime_keys/runtime_keys.c.obj
[pujjoniru:ro] [178/411] Linking C static library zephyr/drivers/pwm/libdrivers__pwm.a
[pujjoniru:rw] [205/411] Building C object modules/ec/zephyr/CMakeFiles/ec_shim.dir/shim/src/crc.c.obj
[pujjoniru:rw] [206/411] Building C object modules/ec/zephyr/CMakeFiles/ec_shim.dir/shim/chip/it8xxx2/gpio.c.obj
[pujjoniru:ro] [179/411] Building C object zephyr/drivers/sensor/ite/ite_tach_it8xxx2/CMakeFiles/drivers__sensor__ite__ite_tach_it8xxx2.dir/tach_ite_it8xxx2.c.obj
[pujjoniru:ro] [180/411] Building C object zephyr/drivers/serial/CMakeFiles/drivers__serial.dir/uart_ite_it8xxx2.c.obj
[pujjoniru:ro] [181/411] Linking C static library zephyr/drivers/sensor/ite/ite_tach_it8xxx2/libdrivers__sensor__ite__ite_tach_it8xxx2.a
[pujjoniru:rw] [207/411] Building C object modules/ec/zephyr/CMakeFiles/ec_shim.dir/shim/chip/it8xxx2/system.c.obj
[pujjoniru:ro] [182/411] Building C object zephyr/drivers/sensor/ite/ite_vcmp_it8xxx2/CMakeFiles/drivers__sensor__ite__ite_vcmp_it8xxx2.dir/vcmp_ite_it8xxx2.c.obj
[pujjoniru:ro] [183/411] Building C object zephyr/drivers/timer/CMakeFiles/drivers__timer.dir/sys_clock_init.c.obj
[nokris:rw] [9/411] Building C object zephyr/CMakeFiles/offsets.dir/arch/arm/core/offsets/offsets.c.obj
[pujjoniru:ro] [184/411] Linking C static library zephyr/drivers/sensor/ite/ite_vcmp_it8xxx2/libdrivers__sensor__ite__ite_vcmp_it8xxx2.a
[pujjoniru:ro] [185/411] Building C object zephyr/drivers/serial/CMakeFiles/drivers__serial.dir/uart_ns16550.c.obj
[pujjoniru:rw] [208/411] Building C object modules/ec/zephyr/CMakeFiles/ec_shim.dir/shim/chip/it8xxx2/power_policy.c.obj
[pujjoniru:ro] [186/411] Linking C static library zephyr/drivers/serial/libdrivers__serial.a
[nokris:rw] [10/411] Generating include/generated/zephyr/offsets.h
[pujjoniru:rw] [209/411] Building C object modules/ec/zephyr/CMakeFiles/ec_shim.dir/shim/src/console.c.obj
[pujjoniru:ro] [187/411] Building C object zephyr/drivers/timer/CMakeFiles/drivers__timer.dir/ite_it8xxx2_timer.c.obj
[pujjoniru:ro] [188/411] Linking C static library zephyr/drivers/timer/libdrivers__timer.a
[pujjoniru:rw] [210/411] Building C object modules/ec/zephyr/CMakeFiles/ec_shim.dir/shim/src/panic_utils.c.obj
[pujjoniru:ro] [189/411] Building C object zephyr/drivers/watchdog/CMakeFiles/drivers__watchdog.dir/wdt_ite_it8xxx2.c.obj
[pujjoniru:rw] [211/411] Building C object modules/ec/zephyr/CMakeFiles/ec_shim.dir/shim/src/gpio_int.c.obj
[pujjoniru:rw] [212/411] Building C object modules/ec/zephyr/CMakeFiles/ec_shim.dir/shim/src/pm_state.c.obj
[pujjoniru:ro] [190/411] Building C object zephyr/drivers/watchdog/CMakeFiles/drivers__watchdog.dir/wdt_shell.c.obj
[pujjoniru:rw] [213/411] Building C object modules/ec/zephyr/CMakeFiles/ec_shim.dir/shim/src/gpio.c.obj
[pujjoniru:ro] [191/411] Linking C static library zephyr/drivers/watchdog/libdrivers__watchdog.a
[pujjoniru:rw] [214/411] Building C object modules/ec/zephyr/CMakeFiles/ec_shim.dir/shim/src/cbi/cros_cbi.c.obj
[pujjoniru:ro] [192/411] Building C object modules/ec/zephyr/CMakeFiles/ec_shim.dir/app/ec/main_shim.c.obj
[ovis:rw] -- Found Dtc: /usr/bin/dtc (found suitable version "1.6.0", minimum required is "1.4.6")
[ovis:rw] -- Found BOARD.dts: /mnt/host/source/src/platform/ec/zephyr/boards/google/npcx9/npcx9_npcx9m3f.dts
[ovis:rw] -- Found devicetree overlay: /mnt/host/source/src/platform/ec/zephyr/program/ovis/ovis/project.overlay
[pujjoniru:ro] [193/411] Building C object modules/ec/zephyr/CMakeFiles/ec_shim.dir/app/ec/chip/riscv/riscv-ite/it8xxx2-espi.c.obj
[pujjoniru:rw] [215/411] Building C object modules/ec/zephyr/CMakeFiles/ec_shim.dir/shim/src/cbi/cros_cbi_fw_config.c.obj
[pujjoniru:ro] [194/411] Building C object modules/ec/zephyr/CMakeFiles/ec_shim.dir/drivers/keyboard_input/keyboard_customization_check.c.obj
[pujjoniru:ro] [195/411] Building C object modules/ec/zephyr/CMakeFiles/ec_shim.dir/app/ec/ec_app_main.c.obj
[nokris:rw] [11/411] Building C object zephyr/CMakeFiles/zephyr.dir/lib/libc/validate_libc.c.obj
[pujjoniru:rw] [216/411] Building C object modules/ec/zephyr/CMakeFiles/ec_shim.dir/shim/src/cbi/cros_cbi_ssfc.c.obj
[pujjoniru:ro] [196/411] Building C object modules/ec/zephyr/CMakeFiles/ec_shim.dir/drivers/cros_kblight/pwm_kblight.c.obj
[pujjoniru:ro] [197/411] Building C object modules/ec/zephyr/CMakeFiles/ec_shim.dir/drivers/cros_flash/cros_flash_it8xxx2.c.obj
[pujjoniru:rw] [217/411] Building C object modules/ec/zephyr/CMakeFiles/ec_shim.dir/shim/src/cbi/cbi_eeprom.c.obj
[pujjoniru:rw] [218/411] Building C object modules/ec/zephyr/CMakeFiles/ec_shim.dir/shim/src/led_driver/led_pwm.c.obj
[pujjoniru:ro] [198/411] Building C object modules/ec/zephyr/CMakeFiles/ec_shim.dir/drivers/cros_system/cros_system_it8xxx2.c.obj
[pujjoniru:ro] [199/411] Building C object modules/ec/zephyr/CMakeFiles/ec_shim.dir/drivers/keyboard_input/keyboard_input.c.obj
[pujjoniru:rw] [219/411] Building C object modules/ec/zephyr/CMakeFiles/ec_shim.dir/shim/src/led_driver/led.c.obj
[pujjoniru:rw] [220/411] Building C object modules/ec/zephyr/CMakeFiles/ec_shim.dir/shim/src/system.c.obj
[pujjoniru:rw] [221/411] Building C object modules/ec/zephyr/CMakeFiles/ec_shim.dir/shim/src/adc.c.obj
[pujjoniru:rw] [222/411] Building C object modules/ec/zephyr/CMakeFiles/ec_shim.dir/shim/src/battery.c.obj
[pujjoniru:ro] [200/411] Building C object modules/ec/zephyr/CMakeFiles/ec_shim.dir/drivers/keyboard_input/col_gpio_drive.c.obj
[pujjoniru:rw] [223/411] Building C object modules/ec/zephyr/CMakeFiles/ec_shim.dir/shim/src/charger.c.obj
[pujjoniru:ro] [201/411] Building C object modules/ec/zephyr/CMakeFiles/ec_shim.dir/drivers/boot_keys/boot_keys.c.obj
[/mnt/host/source/src/platform/ec/build/zephyr/deku-lcov]   /mnt/host/source/src/platform/ec/build/zephyr/deku/build-rw/modules/ec/zephyr/CMakeFiles/ec_shim.dir/shim/src/usba.c.gcno:no functions found
[/mnt/host/source/src/platform/ec/build/zephyr/deku-lcov] stderr:
[nokris:rw] [12/411] Building C object zephyr/CMakeFiles/zephyr.dir/lib/heap/heap.c.obj
[pujjoniru:ro] [202/411] Building C object modules/ec/zephyr/CMakeFiles/ec_shim.dir/drivers/runtime_keys/runtime_keys.c.obj
[pujjoniru:ro] [203/411] Building C object modules/ec/zephyr/CMakeFiles/ec_shim.dir/drivers/vivaldi_kbd/vivaldi_kbd.c.obj
[pujjoniru:ro] [204/411] Building C object modules/ec/zephyr/CMakeFiles/ec_shim.dir/shim/chip/it8xxx2/clock.c.obj
[pujjoniru:rw] [224/411] Building C object modules/ec/zephyr/CMakeFiles/ec_shim.dir/shim/src/chipset_api.c.obj
[pujjoniru:ro] [205/411] Building C object modules/ec/zephyr/CMakeFiles/ec_shim.dir/shim/chip/it8xxx2/gpio.c.obj
[pujjoniru:ro] [206/411] Building C object modules/ec/zephyr/CMakeFiles/ec_shim.dir/shim/src/crc.c.obj
[pujjoniru:rw] [225/411] Building C object modules/ec/zephyr/CMakeFiles/ec_shim.dir/shim/src/espi.c.obj
[pujjoniru:rw] [226/411] Building C object modules/ec/zephyr/CMakeFiles/ec_shim.dir/shim/src/host_command.c.obj
[pujjoniru:rw] [227/411] Building C object modules/ec/zephyr/CMakeFiles/ec_shim.dir/shim/src/flash.c.obj
[pujjoniru:rw] [228/411] Building C object modules/ec/zephyr/CMakeFiles/ec_shim.dir/shim/src/fan.c.obj
[pujjoniru:rw] [229/411] Building C object modules/ec/zephyr/CMakeFiles/ec_shim.dir/shim/src/hooks.c.obj
[pujjoniru:ro] [207/411] Building C object modules/ec/zephyr/CMakeFiles/ec_shim.dir/shim/chip/it8xxx2/system.c.obj
[pujjoniru:rw] [230/411] Building C object modules/ec/zephyr/CMakeFiles/ec_shim.dir/shim/src/console_buffer.c.obj
[ovis:rw] -- Generated zephyr.dts: /mnt/host/source/src/platform/ec/build/zephyr/ovis/build-rw/zephyr/zephyr.dts
[nokris:rw] [13/411] Building C object zephyr/CMakeFiles/zephyr.dir/lib/os/cbprintf_packaged.c.obj
[pujjoniru:ro] [208/411] Building C object modules/ec/zephyr/CMakeFiles/ec_shim.dir/shim/chip/it8xxx2/power_policy.c.obj
[pujjoniru:ro] [209/411] Building C object modules/ec/zephyr/CMakeFiles/ec_shim.dir/shim/src/console.c.obj
[pujjoniru:rw] [231/411] Building C object modules/ec/zephyr/CMakeFiles/ec_shim.dir/shim/src/mkbp_event.c.obj
[pujjoniru:ro] [210/411] Building C object modules/ec/zephyr/CMakeFiles/ec_shim.dir/shim/src/gpio.c.obj
[pujjoniru:ro] [211/411] Building C object modules/ec/zephyr/CMakeFiles/ec_shim.dir/shim/src/panic_utils.c.obj
[pujjoniru:rw] [232/411] Building C object modules/ec/zephyr/CMakeFiles/ec_shim.dir/shim/src/panic.c.obj
[ovis:rw] -- Generated pickled edt: /mnt/host/source/src/platform/ec/build/zephyr/ovis/build-rw/zephyr/edt.pickle
[ovis:rw] -- Generated devicetree_generated.h: /mnt/host/source/src/platform/ec/build/zephyr/ovis/build-rw/zephyr/include/generated/zephyr/devicetree_generated.h
[pujjoniru:rw] [233/411] Building C object modules/ec/zephyr/CMakeFiles/ec_shim.dir/shim/src/hwtimer.c.obj
[pujjoniru:rw] [234/411] Building C object modules/ec/zephyr/CMakeFiles/ec_shim.dir/shim/src/pwm_hc.c.obj
[pujjoniru:rw] [235/411] Building C object modules/ec/zephyr/CMakeFiles/ec_shim.dir/shim/src/motionsense_sensors.c.obj
[pujjoniru:ro] [212/411] Building C object modules/ec/zephyr/CMakeFiles/ec_shim.dir/shim/src/gpio_int.c.obj
[pujjoniru:rw] [236/411] Building C object modules/ec/zephyr/CMakeFiles/ec_shim.dir/shim/src/thermal.c.obj
[pujjoniru:ro] [213/411] Building C object modules/ec/zephyr/CMakeFiles/ec_shim.dir/shim/src/cbi/cros_cbi.c.obj
[pujjoniru:ro] [214/411] Building C object modules/ec/zephyr/CMakeFiles/ec_shim.dir/shim/src/pm_state.c.obj
[pujjoniru:rw] [237/411] Building C object modules/ec/zephyr/CMakeFiles/ec_shim.dir/shim/src/temp_sensors.c.obj
[nokris:rw] [14/411] Building C object zephyr/CMakeFiles/zephyr.dir/lib/os/clock.c.obj
[pujjoniru:rw] [238/411] Building C object modules/ec/zephyr/CMakeFiles/ec_shim.dir/shim/src/i2c.c.obj
[pujjoniru:ro] [215/411] Building C object modules/ec/zephyr/CMakeFiles/ec_shim.dir/shim/src/cbi/cros_cbi_fw_config.c.obj
[pujjoniru:rw] [239/411] cd /mnt/host/source/src/platform/ec/build/zephyr/pujjoniru/build-rw/modules/ec/zephyr && PYTHONPATH=/mnt/host/source/src/platform/ec/build/zephyr/pujjoniru/modules/ec/zephyr/zmake/ /usr/bin/python3.11 /mnt/host/source/src/platform/ec/build/zephyr/pujjoniru/modules/ec/zephyr/zmake/zephyr_build_tools/generate_ec_version.py /mnt/host/source/src/platform/ec/build/zephyr/pujjoniru/build-rw/modules/ec/zephyr/include/ec_version.h --name Zephyr-Kernel --version 16543.0.0 --static
[pujjoniru:rw] INFO:root:Using a static version string
[pujjoniru:ro] [216/411] Building C object modules/ec/zephyr/CMakeFiles/ec_shim.dir/shim/src/cbi/cros_cbi_ssfc.c.obj
[pujjoniru:rw] INFO:root:Version string: Zephyr-Kernel-16543.0.0
[pujjoniru:rw] INFO:root:Writing header to /mnt/host/source/src/platform/ec/build/zephyr/pujjoniru/build-rw/modules/ec/zephyr/include/ec_version.h
[pujjoniru:rw] [240/411] Building C object modules/ec/zephyr/CMakeFiles/ec_shim.dir/shim/src/watchdog.c.obj
[pujjoniru:rw] [241/411] Building C object modules/ec/zephyr/CMakeFiles/ec_shim.dir/shim/src/tasks.c.obj
[pujjoniru:rw] [242/411] Building C object modules/ec/zephyr/CMakeFiles/ec_shim.dir/shim/src/usba.c.obj
[pujjoniru:ro] [217/411] Building C object modules/ec/zephyr/CMakeFiles/ec_shim.dir/shim/src/cbi/cbi_eeprom.c.obj
[pujjoniru:ro] [218/411] Building C object modules/ec/zephyr/CMakeFiles/ec_shim.dir/shim/src/led_driver/led.c.obj
[pujjoniru:rw] [243/411] Building C object modules/ec/zephyr/CMakeFiles/ec_shim.dir/shim/src/ppc.c.obj
[pujjoniru:rw] [244/411] Building C object modules/ec/zephyr/CMakeFiles/ec_shim.dir/shim/src/power_host_sleep_api.c.obj
[pujjoniru:ro] [219/411] Building C object modules/ec/zephyr/CMakeFiles/ec_shim.dir/shim/src/led_driver/led_pwm.c.obj
[nokris:rw] [15/411] Building C object zephyr/CMakeFiles/zephyr.dir/lib/os/printk.c.obj
[pujjoniru:ro] [220/411] Building C object modules/ec/zephyr/CMakeFiles/ec_shim.dir/shim/src/system.c.obj
[pujjoniru:rw] [245/411] Building C object modules/ec/zephyr/CMakeFiles/ec_shim.dir/shim/src/usb_muxes.c.obj
[pujjoniru:rw] [246/411] Building C object CMakeFiles/app.dir/mnt/host/source/src/platform/ec/zephyr/subsys/ap_pwrseq/ap_events.c.obj
[ovis:rw] /mnt/host/source/src/platform/ec/build/zephyr/ovis/build-rw/zephyr/zephyr.dts:3680.15-3687.5: Warning (gpios_property): /fans/fan_0: Missing property '#gpio-cells' in node /named-gpios/en_pp5000_fan or bad phandle (referred from enable-gpio[0])
[pujjoniru:ro] [221/411] Building C object modules/ec/zephyr/CMakeFiles/ec_shim.dir/shim/src/adc.c.obj
[pujjoniru:rw] [247/411] Building C object CMakeFiles/app.dir/mnt/host/source/src/platform/ec/zephyr/subsys/ap_pwrseq/power_signals.c.obj
[pujjoniru:ro] [222/411] Building C object modules/ec/zephyr/CMakeFiles/ec_shim.dir/shim/src/battery.c.obj
[pujjoniru:ro] [223/411] Building C object modules/ec/zephyr/CMakeFiles/ec_shim.dir/shim/src/charger.c.obj
[pujjoniru:rw] [248/411] Building C object CMakeFiles/app.dir/mnt/host/source/src/platform/ec/zephyr/subsys/ap_pwrseq/signal_vw.c.obj
[pujjoniru:rw] [249/411] Building C object CMakeFiles/app.dir/mnt/host/source/src/platform/ec/zephyr/subsys/ap_pwrseq/signal_gpio.c.obj
[pujjoniru:ro] [224/411] Building C object modules/ec/zephyr/CMakeFiles/ec_shim.dir/shim/src/chipset_api.c.obj
[pujjoniru:rw] [250/411] Building C object CMakeFiles/app.dir/mnt/host/source/src/platform/ec/zephyr/subsys/ap_pwrseq/ap_power_interface.c.obj
[pujjoniru:ro] [225/411] Building C object modules/ec/zephyr/CMakeFiles/ec_shim.dir/shim/src/espi.c.obj
[pujjoniru:rw] [251/411] Building C object CMakeFiles/app.dir/mnt/host/source/src/platform/ec/zephyr/subsys/ap_pwrseq/signal_adc.c.obj
[nokris:rw] [16/411] Building C object zephyr/CMakeFiles/zephyr.dir/lib/os/sem.c.obj
[pujjoniru:ro] [226/411] Building C object modules/ec/zephyr/CMakeFiles/ec_shim.dir/shim/src/fan.c.obj
[pujjoniru:rw] [252/411] Building C object CMakeFiles/app.dir/mnt/host/source/src/platform/ec/zephyr/subsys/ap_pwrseq/x86_non_dsx_common_pwrseq_sm_handler.c.obj
[pujjoniru:rw] [253/411] Building C object CMakeFiles/app.dir/mnt/host/source/src/platform/ec/zephyr/subsys/ap_pwrseq/power_host_sleep.c.obj
[pujjoniru:ro] [227/411] Building C object modules/ec/zephyr/CMakeFiles/ec_shim.dir/shim/src/flash.c.obj
[pujjoniru:rw] [254/411] Building C object CMakeFiles/app.dir/mnt/host/source/src/platform/ec/zephyr/subsys/ap_pwrseq/x86_non_dsx_chipset_power_state.c.obj
[pujjoniru:ro] [228/411] Building C object modules/ec/zephyr/CMakeFiles/ec_shim.dir/shim/src/host_command.c.obj
[pujjoniru:rw] [255/411] Building C object CMakeFiles/app.dir/mnt/host/source/src/platform/ec/zephyr/subsys/ap_pwrseq/x86_non_dsx_common_pwrseq_host_sleep.c.obj
[pujjoniru:rw] [256/411] Building C object CMakeFiles/app.dir/mnt/host/source/src/platform/ec/zephyr/subsys/ap_pwrseq/x86_non_dsx_common_pwrseq_console.c.obj
[pujjoniru:ro] [229/411] Building C object modules/ec/zephyr/CMakeFiles/ec_shim.dir/shim/src/mkbp_event.c.obj
[pujjoniru:rw] [257/411] Building C object CMakeFiles/app.dir/mnt/host/source/src/platform/ec/zephyr/subsys/ap_pwrseq/x86_non_dsx_common_pwrseq_host_command.c.obj
[pujjoniru:ro] [230/411] Building C object modules/ec/zephyr/CMakeFiles/ec_shim.dir/shim/src/console_buffer.c.obj
[nokris:rw] [17/411] Building C object zephyr/CMakeFiles/zephyr.dir/lib/os/thread_entry.c.obj
[pujjoniru:ro] [231/411] Building C object modules/ec/zephyr/CMakeFiles/ec_shim.dir/shim/src/hooks.c.obj
[pujjoniru:rw] [258/411] Building C object CMakeFiles/app.dir/mnt/host/source/src/platform/ec/zephyr/subsys/ap_pwrseq/x86_non_dsx_adlp_pwrseq_sm.c.obj
[pujjoniru:rw] [259/411] Building C object CMakeFiles/app.dir/mnt/host/source/src/platform/ec/zephyr/subsys/ap_pwrseq/ap_reset_log.c.obj
[pujjoniru:rw] [260/411] Building C object CMakeFiles/app.dir/mnt/host/source/src/platform/ec/build/zephyr/pujjoniru/modules/ec/builtin/stdlib.c.obj
[pujjoniru:ro] [232/411] Building C object modules/ec/zephyr/CMakeFiles/ec_shim.dir/shim/src/motionsense_sensors.c.obj
[pujjoniru:ro] [233/411] Building C object modules/ec/zephyr/CMakeFiles/ec_shim.dir/shim/src/panic.c.obj
[pujjoniru:rw] [261/411] Building C object CMakeFiles/app.dir/mnt/host/source/src/platform/ec/build/zephyr/pujjoniru/modules/ec/common/base32.c.obj
[pujjoniru:ro] [234/411] Building C object modules/ec/zephyr/CMakeFiles/ec_shim.dir/shim/src/pwm_hc.c.obj
[pujjoniru:ro] [235/411] Building C object modules/ec/zephyr/CMakeFiles/ec_shim.dir/shim/src/hwtimer.c.obj
[nokris:rw] [18/411] Building C object zephyr/CMakeFiles/zephyr.dir/lib/os/cbprintf_nano.c.obj
[pujjoniru:rw] [262/411] Building C object CMakeFiles/app.dir/mnt/host/source/src/platform/ec/build/zephyr/pujjoniru/modules/ec/common/console_output.c.obj
[pujjoniru:rw] [263/411] Building C object CMakeFiles/app.dir/mnt/host/source/src/platform/ec/build/zephyr/pujjoniru/modules/ec/common/ec_features.c.obj
[pujjoniru:ro] [236/411] Building C object modules/ec/zephyr/CMakeFiles/ec_shim.dir/shim/src/thermal.c.obj
[pujjoniru:rw] [264/411] Building C object CMakeFiles/app.dir/mnt/host/source/src/platform/ec/build/zephyr/pujjoniru/modules/ec/common/peripheral.c.obj
[pujjoniru:ro] [237/411] Building C object modules/ec/zephyr/CMakeFiles/ec_shim.dir/shim/src/temp_sensors.c.obj
[pujjoniru:rw] [265/411] Building C object CMakeFiles/app.dir/mnt/host/source/src/platform/ec/build/zephyr/pujjoniru/modules/ec/common/printf.c.obj
[pujjoniru:rw] [266/411] Building C object CMakeFiles/app.dir/mnt/host/source/src/platform/ec/build/zephyr/pujjoniru/modules/ec/common/gpio_commands.c.obj
[pujjoniru:rw] [267/411] Building C object CMakeFiles/app.dir/mnt/host/source/src/platform/ec/build/zephyr/pujjoniru/modules/ec/common/queue.c.obj
[pujjoniru:ro] [238/411] Building C object modules/ec/zephyr/CMakeFiles/ec_shim.dir/shim/src/i2c.c.obj
[nokris:rw] [19/411] Building C object zephyr/CMakeFiles/zephyr.dir/lib/os/cbprintf.c.obj
[pujjoniru:rw] [268/411] Building C object CMakeFiles/app.dir/mnt/host/source/src/platform/ec/build/zephyr/pujjoniru/modules/ec/common/system.c.obj
[ovis:rw] warning: Deprecated symbol I2C_ALLOW_NO_STOP_TRANSACTIONS is enabled.
[pujjoniru:rw] [269/411] Building C object CMakeFiles/app.dir/mnt/host/source/src/platform/ec/build/zephyr/pujjoniru/modules/ec/common/system_boot_time.c.obj
[pujjoniru:ro] [239/411] Building C object modules/ec/zephyr/CMakeFiles/ec_shim.dir/shim/src/tasks.c.obj
[pujjoniru:ro] [240/411] Building C object modules/ec/zephyr/CMakeFiles/ec_shim.dir/shim/src/watchdog.c.obj
[pujjoniru:ro] [241/411] Building C object modules/ec/zephyr/CMakeFiles/ec_shim.dir/shim/src/ppc.c.obj
[pujjoniru:ro] [242/411] cd /mnt/host/source/src/platform/ec/build/zephyr/pujjoniru/build-ro/modules/ec/zephyr && PYTHONPATH=/mnt/host/source/src/platform/ec/build/zephyr/pujjoniru/modules/ec/zephyr/zmake/ /usr/bin/python3.11 /mnt/host/source/src/platform/ec/build/zephyr/pujjoniru/modules/ec/zephyr/zmake/zephyr_build_tools/generate_ec_version.py /mnt/host/source/src/platform/ec/build/zephyr/pujjoniru/build-ro/modules/ec/zephyr/include/ec_version.h --name Zephyr-Kernel --version 16543.0.0 --static
[pujjoniru:ro] INFO:root:Using a static version string
[pujjoniru:rw] [270/411] Building C object CMakeFiles/app.dir/mnt/host/source/src/platform/ec/build/zephyr/pujjoniru/modules/ec/common/uart_printf.c.obj
[pujjoniru:ro] INFO:root:Version string: Zephyr-Kernel-16543.0.0
[pujjoniru:ro] INFO:root:Writing header to /mnt/host/source/src/platform/ec/build/zephyr/pujjoniru/build-ro/modules/ec/zephyr/include/ec_version.h
[pujjoniru:ro] [243/411] Building C object modules/ec/zephyr/CMakeFiles/ec_shim.dir/shim/src/usba.c.obj
[pujjoniru:rw] [271/411] Building C object CMakeFiles/app.dir/mnt/host/source/src/platform/ec/build/zephyr/pujjoniru/modules/ec/common/util.c.obj
[pujjoniru:rw] [272/411] Building C object CMakeFiles/app.dir/mnt/host/source/src/platform/ec/build/zephyr/pujjoniru/modules/ec/common/version.c.obj
[pujjoniru:ro] [244/411] Building C object modules/ec/zephyr/CMakeFiles/ec_shim.dir/shim/src/power_host_sleep_api.c.obj
[pujjoniru:rw] [273/411] Building C object CMakeFiles/app.dir/mnt/host/source/src/platform/ec/build/zephyr/pujjoniru/modules/ec/common/power_button_x86.c.obj
[nokris:rw] [20/411] Building C object zephyr/CMakeFiles/zephyr.dir/lib/os/assert.c.obj
[pujjoniru:rw] [274/411] Building C object CMakeFiles/app.dir/mnt/host/source/src/platform/ec/build/zephyr/pujjoniru/modules/ec/driver/accel_bma4xx.c.obj
[ovis:rw] Parsing /mnt/host/source/src/platform/ec/zephyr/program/ovis/Kconfig
[pujjoniru:ro] [245/411] Building C object zephyr/kernel/CMakeFiles/kernel.dir/main_weak.c.obj
[pujjoniru:ro] [246/411] Building C object modules/ec/zephyr/CMakeFiles/ec_shim.dir/shim/src/usb_muxes.c.obj
[pujjoniru:ro] [247/411] Building C object zephyr/kernel/CMakeFiles/kernel.dir/banner.c.obj
[nokris:rw] [21/411] Building C object zephyr/CMakeFiles/zephyr.dir/lib/utils/dec.c.obj
[pujjoniru:rw] [275/411] Building C object CMakeFiles/app.dir/mnt/host/source/src/platform/ec/build/zephyr/pujjoniru/modules/ec/common/motion_sense_fifo.c.obj
[pujjoniru:ro] [248/411] Building C object CMakeFiles/app.dir/mnt/host/source/src/platform/ec/zephyr/subsys/ap_pwrseq/ap_events.c.obj
[pujjoniru:rw] [276/411] Building C object CMakeFiles/app.dir/mnt/host/source/src/platform/ec/build/zephyr/pujjoniru/modules/ec/driver/accel_lis2dw12.c.obj
[pujjoniru:ro] [249/411] Building C object CMakeFiles/app.dir/mnt/host/source/src/platform/ec/zephyr/subsys/ap_pwrseq/ap_power_interface.c.obj
[pujjoniru:ro] [250/411] Building C object CMakeFiles/app.dir/mnt/host/source/src/platform/ec/zephyr/subsys/ap_pwrseq/power_signals.c.obj
[nokris:rw] [22/411] Building C object zephyr/CMakeFiles/zephyr.dir/lib/utils/hex.c.obj
[pujjoniru:rw] [277/411] Building C object CMakeFiles/app.dir/mnt/host/source/src/platform/ec/build/zephyr/pujjoniru/modules/ec/common/backlight_lid.c.obj
[pujjoniru:rw] [278/411] Building C object CMakeFiles/app.dir/mnt/host/source/src/platform/ec/build/zephyr/pujjoniru/modules/ec/common/acpi.c.obj
[pujjoniru:rw] [279/411] Building C object CMakeFiles/app.dir/mnt/host/source/src/platform/ec/build/zephyr/pujjoniru/modules/ec/common/adc.c.obj
[pujjoniru:rw] [280/411] Building C object CMakeFiles/app.dir/mnt/host/source/src/platform/ec/build/zephyr/pujjoniru/modules/ec/common/battery.c.obj
[pujjoniru:ro] [251/411] Building C object CMakeFiles/app.dir/mnt/host/source/src/platform/ec/zephyr/subsys/ap_pwrseq/signal_gpio.c.obj
[ovis:rw] Loaded configuration '/mnt/host/source/src/platform/ec/zephyr/boards/google/npcx9/npcx9_npcx9m3f_defconfig'
[ovis:rw] Merged configuration '/mnt/host/source/src/platform/ec/zephyr/program/ovis/program.conf'
[ovis:rw] Merged configuration '/mnt/host/source/src/platform/ec/zephyr/program/ovis/ovis/project.conf'
[ovis:rw] Merged configuration '/mnt/host/source/src/platform/ec/build/zephyr/ovis/kconfig-rw.conf'
[ovis:rw] Configuration saved to '/mnt/host/source/src/platform/ec/build/zephyr/ovis/build-rw/zephyr/.config'
[ovis:rw] Kconfig header saved to '/mnt/host/source/src/platform/ec/build/zephyr/ovis/build-rw/zephyr/include/generated/zephyr/autoconf.h'
[ovis:rw] -- Found GnuLd: /home/jpmurphy/.cache/coreboot-sdk/arm-eabi/ea40ddd1d190c3b48435c474c0b545719371813a/arm-eabi/bin/ld.bfd (found version "2.43.1")
[pujjoniru:ro] [252/411] Building C object CMakeFiles/app.dir/mnt/host/source/src/platform/ec/zephyr/subsys/ap_pwrseq/signal_vw.c.obj
[pujjoniru:rw] [281/411] Building C object CMakeFiles/app.dir/mnt/host/source/src/platform/ec/build/zephyr/pujjoniru/modules/ec/common/battery_info.c.obj
[pujjoniru:ro] [253/411] Building C object CMakeFiles/app.dir/mnt/host/source/src/platform/ec/zephyr/subsys/ap_pwrseq/signal_adc.c.obj
[pujjoniru:rw] [282/411] Building C object CMakeFiles/app.dir/mnt/host/source/src/platform/ec/build/zephyr/pujjoniru/modules/ec/common/battery_fuel_gauge.c.obj
[nokris:rw] [23/411] Building C object zephyr/CMakeFiles/zephyr.dir/lib/utils/rb.c.obj
[pujjoniru:rw] [283/411] Building C object CMakeFiles/app.dir/mnt/host/source/src/platform/ec/build/zephyr/pujjoniru/modules/ec/driver/battery/smart.c.obj
[ovis:rw] -- The C compiler identification is GNU 14.2.0
[pujjoniru:ro] [254/411] Building C object CMakeFiles/app.dir/mnt/host/source/src/platform/ec/zephyr/subsys/ap_pwrseq/power_host_sleep.c.obj
[pujjoniru:ro] [255/411] Building C object CMakeFiles/app.dir/mnt/host/source/src/platform/ec/zephyr/subsys/ap_pwrseq/x86_non_dsx_chipset_power_state.c.obj
[pujjoniru:rw] [284/411] Building C object CMakeFiles/app.dir/mnt/host/source/src/platform/ec/build/zephyr/pujjoniru/modules/ec/common/charger.c.obj
[pujjoniru:rw] [285/411] Building C object CMakeFiles/app.dir/mnt/host/source/src/platform/ec/build/zephyr/pujjoniru/modules/ec/driver/charger/bq25710.c.obj
[nokris:rw] [24/411] Building C object zephyr/CMakeFiles/zephyr.dir/lib/utils/timeutil.c.obj
[pujjoniru:ro] [256/411] Building C object CMakeFiles/app.dir/mnt/host/source/src/platform/ec/zephyr/subsys/ap_pwrseq/x86_non_dsx_common_pwrseq_sm_handler.c.obj
[ovis:rw] -- The CXX compiler identification is GNU 14.2.0
[ovis:rw] -- The ASM compiler identification is GNU
[ovis:rw] -- Found assembler: /home/jpmurphy/.cache/coreboot-sdk/arm-eabi/ea40ddd1d190c3b48435c474c0b545719371813a/bin/arm-eabi-gcc
[ovis:rw] CMake Warning at /mnt/host/source/src/platform/ec/zephyr/cmake/linker/ld/linker_libraries.cmake:11 (message):
[ovis:rw]   Disabling c_library
[ovis:rw] Call Stack (most recent call first):
[ovis:rw]   /mnt/host/source/src/third_party/zephyr/main/cmake/target_toolchain_flags.cmake:48 (include)
[ovis:rw]   /mnt/host/source/src/third_party/zephyr/main/cmake/modules/kernel.cmake:153 (include)
[ovis:rw]   /mnt/host/source/src/third_party/zephyr/main/cmake/modules/zephyr_default.cmake:138 (include)
[ovis:rw]   /mnt/host/source/src/third_party/zephyr/main/share/zephyr-package/cmake/ZephyrConfig.cmake:66 (include)
[ovis:rw]   /mnt/host/source/src/third_party/zephyr/main/share/zephyr-package/cmake/ZephyrConfig.cmake:97 (include_boilerplate)
[ovis:rw]   CMakeLists.txt:6 (find_package)
[pujjoniru:rw] [286/411] Building C object CMakeFiles/app.dir/mnt/host/source/src/platform/ec/build/zephyr/pujjoniru/modules/ec/common/charge_state.c.obj
[pujjoniru:ro] [257/411] Building C object CMakeFiles/app.dir/mnt/host/source/src/platform/ec/zephyr/subsys/ap_pwrseq/x86_non_dsx_common_pwrseq_host_sleep.c.obj
[pujjoniru:rw] [287/411] Building C object CMakeFiles/app.dir/mnt/host/source/src/platform/ec/build/zephyr/pujjoniru/modules/ec/common/cbi_common.c.obj
[pujjoniru:ro] [258/411] Building C object CMakeFiles/app.dir/mnt/host/source/src/platform/ec/zephyr/subsys/ap_pwrseq/x86_non_dsx_common_pwrseq_console.c.obj
[pujjoniru:ro] [259/411] Building C object CMakeFiles/app.dir/mnt/host/source/src/platform/ec/zephyr/subsys/ap_pwrseq/x86_non_dsx_common_pwrseq_host_command.c.obj
[pujjoniru:rw] [288/411] Building C object CMakeFiles/app.dir/mnt/host/source/src/platform/ec/build/zephyr/pujjoniru/modules/ec/common/cbi_config.c.obj
[pujjoniru:rw] [289/411] Building C object CMakeFiles/app.dir/mnt/host/source/src/platform/ec/build/zephyr/pujjoniru/modules/ec/common/charge_manager.c.obj
[pujjoniru:rw] [290/411] Building C object CMakeFiles/app.dir/mnt/host/source/src/platform/ec/build/zephyr/pujjoniru/modules/ec/common/cbi.c.obj
[pujjoniru:rw] [291/411] Building C object CMakeFiles/app.dir/mnt/host/source/src/platform/ec/build/zephyr/pujjoniru/modules/ec/common/memory_commands.c.obj
[pujjoniru:ro] [260/411] Building C object CMakeFiles/app.dir/mnt/host/source/src/platform/ec/zephyr/subsys/ap_pwrseq/ap_reset_log.c.obj
[nokris:rw] [25/411] Building C object zephyr/CMakeFiles/zephyr.dir/lib/utils/bitarray.c.obj
[pujjoniru:ro] [261/411] Building C object CMakeFiles/app.dir/mnt/host/source/src/platform/ec/build/zephyr/pujjoniru/modules/ec/builtin/stdlib.c.obj
[pujjoniru:ro] [262/411] Building C object CMakeFiles/app.dir/mnt/host/source/src/platform/ec/zephyr/subsys/ap_pwrseq/x86_non_dsx_adlp_pwrseq_sm.c.obj
[pujjoniru:rw] [292/411] Building C object CMakeFiles/app.dir/mnt/host/source/src/platform/ec/build/zephyr/pujjoniru/modules/ec/common/dptf.c.obj
[ovis:rw] -- Performing EC specific devicetree checks
[nokris:rw] [26/411] Building C object zephyr/CMakeFiles/zephyr.dir/lib/utils/bitmask.c.obj
[pujjoniru:ro] [263/411] Building C object CMakeFiles/app.dir/mnt/host/source/src/platform/ec/build/zephyr/pujjoniru/modules/ec/common/base32.c.obj
[pujjoniru:rw] [293/411] Building C object CMakeFiles/app.dir/mnt/host/source/src/platform/ec/build/zephyr/pujjoniru/modules/ec/common/ap_reset_log.c.obj
[ovis:rw] INFO: Verified 99 GPIOs, no duplicates found
[ovis:rw] INFO: Verified 7 '*-gpios' properties, all flags match.
[ovis:rw] INFO: Skipped 10 named-gpios children.
[pujjoniru:ro] [264/411] Building C object CMakeFiles/app.dir/mnt/host/source/src/platform/ec/build/zephyr/pujjoniru/modules/ec/common/console_output.c.obj
[pujjoniru:rw] [294/411] Building C object CMakeFiles/app.dir/mnt/host/source/src/platform/ec/build/zephyr/pujjoniru/modules/ec/common/espi.c.obj
[pujjoniru:rw] [295/411] Building C object CMakeFiles/app.dir/mnt/host/source/src/platform/ec/build/zephyr/pujjoniru/modules/ec/common/extpower_gpio.c.obj
[ovis:rw] -- Generating component manifest file
[pujjoniru:rw] [296/411] Building C object CMakeFiles/app.dir/mnt/host/source/src/platform/ec/build/zephyr/pujjoniru/modules/ec/common/extpower_common.c.obj
[pujjoniru:ro] [265/411] Building C object CMakeFiles/app.dir/mnt/host/source/src/platform/ec/build/zephyr/pujjoniru/modules/ec/common/ec_features.c.obj
[pujjoniru:ro] [266/411] Building C object CMakeFiles/app.dir/mnt/host/source/src/platform/ec/build/zephyr/pujjoniru/modules/ec/common/peripheral.c.obj
[pujjoniru:rw] [297/411] Building C object CMakeFiles/app.dir/mnt/host/source/src/platform/ec/build/zephyr/pujjoniru/modules/ec/common/fan.c.obj
[ovis:rw] INFO: Running CME, outputting to /mnt/host/source/src/platform/ec/build/zephyr/ovis/build-rw/zephyr/component_manifest.json
[ovis:rw] INFO: Project ovis does not support SSFC
[ovis:rw] INFO: Component virtual-mux-c0(cros-ec,usbc-mux-virtual) not on I2C bus, skip it
[ovis:rw] INFO: Component virtual-mux-c1(cros-ec,usbc-mux-virtual) not on I2C bus, skip it
[ovis:rw] INFO: Component virtual-mux-c2(cros-ec,usbc-mux-virtual) not on I2C bus, skip it
[ovis:rw] INFO: No motionsense-sensor node found
[pujjoniru:ro] [267/411] Building C object CMakeFiles/app.dir/mnt/host/source/src/platform/ec/build/zephyr/pujjoniru/modules/ec/common/printf.c.obj
[pujjoniru:ro] [268/411] Building C object CMakeFiles/app.dir/mnt/host/source/src/platform/ec/build/zephyr/pujjoniru/modules/ec/common/gpio_commands.c.obj
[pujjoniru:rw] [298/411] Building C object CMakeFiles/app.dir/mnt/host/source/src/platform/ec/build/zephyr/pujjoniru/modules/ec/common/host_command.c.obj
[nokris:rw] [27/411] Building C object zephyr/CMakeFiles/zephyr.dir/lib/utils/getopt/getopt.c.obj
[pujjoniru:ro] [269/411] Building C object CMakeFiles/app.dir/mnt/host/source/src/platform/ec/build/zephyr/pujjoniru/modules/ec/common/queue.c.obj
[ovis:rw] -- warning_base_override: -Wall;-Wformat;-Wformat-security;-Wformat;-Wno-format-zero-length;-Wno-pointer-sign;-Wpointer-arith;-Wexpansion-to-defined
[pujjoniru:rw] [299/411] Building C object CMakeFiles/app.dir/mnt/host/source/src/platform/ec/build/zephyr/pujjoniru/modules/ec/common/flash.c.obj
[pujjoniru:rw] [300/411] Building C object CMakeFiles/app.dir/mnt/host/source/src/platform/ec/build/zephyr/pujjoniru/modules/ec/common/host_command_task.c.obj
[pujjoniru:rw] [301/411] Building C object CMakeFiles/app.dir/mnt/host/source/src/platform/ec/build/zephyr/pujjoniru/modules/ec/common/uart_hostcmd.c.obj
[pujjoniru:rw] [302/411] Building C object CMakeFiles/app.dir/mnt/host/source/src/platform/ec/build/zephyr/pujjoniru/modules/ec/common/uptime.c.obj
[pujjoniru:rw] [303/411] Building C object CMakeFiles/app.dir/mnt/host/source/src/platform/ec/build/zephyr/pujjoniru/modules/ec/common/host_event_commands.c.obj
[pujjoniru:ro] [270/411] Building C object CMakeFiles/app.dir/mnt/host/source/src/platform/ec/build/zephyr/pujjoniru/modules/ec/common/uart_printf.c.obj
[ovis:rw] -- Found gen_kobject_list: /mnt/host/source/src/third_party/zephyr/main/scripts/build/gen_kobject_list.py
[pujjoniru:ro] [271/411] Building C object CMakeFiles/app.dir/mnt/host/source/src/platform/ec/build/zephyr/pujjoniru/modules/ec/common/system.c.obj
[pujjoniru:ro] [272/411] Building C object CMakeFiles/app.dir/mnt/host/source/src/platform/ec/build/zephyr/pujjoniru/modules/ec/common/system_boot_time.c.obj
[pujjoniru:ro] [273/411] Building C object CMakeFiles/app.dir/mnt/host/source/src/platform/ec/build/zephyr/pujjoniru/modules/ec/common/util.c.obj
[pujjoniru:ro] [274/411] Building C object CMakeFiles/app.dir/mnt/host/source/src/platform/ec/build/zephyr/pujjoniru/modules/ec/common/version.c.obj
[ovis:rw] CMake Warning at /mnt/host/source/src/third_party/zephyr/main/CMakeLists.txt:2359 (message):
[nokris:rw] [28/411] Building C object zephyr/CMakeFiles/zephyr.dir/lib/utils/getopt/getopt_common.c.obj
[ovis:rw] -- Configuring done (16.5s)
[pujjoniru:rw] [304/411] Building C object CMakeFiles/app.dir/mnt/host/source/src/platform/ec/build/zephyr/pujjoniru/modules/ec/common/i2c_controller.c.obj
[pujjoniru:ro] [275/411] Building C object CMakeFiles/app.dir/mnt/host/source/src/platform/ec/build/zephyr/pujjoniru/modules/ec/common/power_button_x86.c.obj
[pujjoniru:rw] [305/411] Building C object CMakeFiles/app.dir/mnt/host/source/src/platform/ec/build/zephyr/pujjoniru/modules/ec/common/i2c_passthru.c.obj
[nokris:rw] [29/411] Building C object zephyr/CMakeFiles/zephyr.dir/lib/utils/ring_buffer.c.obj
[pujjoniru:rw] [306/411] Building C object CMakeFiles/app.dir/mnt/host/source/src/platform/ec/build/zephyr/pujjoniru/modules/ec/common/keyboard_8042_sharedlib.c.obj
[pujjoniru:rw] [307/411] Building C object CMakeFiles/app.dir/mnt/host/source/src/platform/ec/build/zephyr/pujjoniru/modules/ec/common/keyboard_8042.c.obj
[nokris:rw] [30/411] Building C object zephyr/CMakeFiles/zephyr.dir/lib/utils/last_section_id.c.obj
[ovis:rw] -- Generating done (0.5s)
[ovis:rw]   __ASSERT() statements are globally ENABLED
[ovis:rw] CMake Warning:
[pujjoniru:rw] [308/411] Building C object CMakeFiles/app.dir/mnt/host/source/src/platform/ec/build/zephyr/pujjoniru/modules/ec/common/mkbp_fifo.c.obj
[pujjoniru:rw] [309/411] Building C object CMakeFiles/app.dir/mnt/host/source/src/platform/ec/build/zephyr/pujjoniru/modules/ec/common/mkbp_info.c.obj
[pujjoniru:rw] [310/411] Building C object CMakeFiles/app.dir/mnt/host/source/src/platform/ec/build/zephyr/pujjoniru/modules/ec/common/mkbp_input_devices.c.obj
[nokris:rw] [31/411] Building C object zephyr/CMakeFiles/zephyr.dir/misc/generated/configs.c.obj
[pujjoniru:ro] [276/411] Building C object CMakeFiles/app.dir/mnt/host/source/src/platform/ec/build/zephyr/pujjoniru/modules/ec/common/motion_sense_fifo.c.obj
[ovis:rw] -- Build files have been written to: /mnt/host/source/src/platform/ec/build/zephyr/ovis/build-rw
[ovis:rw]   Manually-specified variables were not used by the project:
[ovis:rw]     COREBOOT_SDK_ROOT_libstdcxx_riscv64
[ovis:rw]     COREBOOT_SDK_ROOT_libstdcxx_x86
[ovis:rw]     COREBOOT_SDK_ROOT_nds32
[ovis:rw]     COREBOOT_SDK_ROOT_picolibc_riscv64
[ovis:rw]     COREBOOT_SDK_ROOT_picolibc_x86
[ovis:rw]     COREBOOT_SDK_ROOT_riscv
[ovis:rw]     COREBOOT_SDK_ROOT_riscv64
[ovis:rw]     COREBOOT_SDK_ROOT_x86
[kinmen-ish:singleimage] Building: /usr/bin/ninja -C /mnt/host/source/src/platform/ec/build/zephyr/kinmen-ish/build-singleimage all.libraries
Running `env -i SHELL=/bin/bash COLORTERM=truecolor DEPOT_TOOLS_UPDATE=0 LESS='-R -M --shift 5' SUDO_GID=0 JDK_HOME=/etc/java-config-2/current-system-vm CONFIG_PROTECT_MASK='/etc/gentoo-release /etc/sandbox.d /etc/fonts/fonts.conf /etc/terminfo /etc/ca-certificates.conf /etc/revdep-rebuild' CHROMEOS_CACHEDIR=/var/cache/chromeos-cache JAVA_HOME=/etc/java-config-2/current-system-vm SSH_AUTH_SOCK=/tmp/ssh-auth-sock SUDO_COMMAND=/bin/bash SUDO_USER=root SUDO_TTY=/dev/pts/2 EDITOR=/usr/bin/vi PWD=/mnt/host/source/src/platform/ec CONFIG_PROTECT=/usr/share/gnupg/qualified.txt LOGNAME=jpmurphy MANPATH=/etc/java-config-2/current-system-vm/man:/usr/local/share/man:/usr/share/man:/usr/share/gcc-data/x86_64-pc-linux-gnu/10.2.0/man:/usr/share/binutils-data/x86_64-pc-linux-gnu/2.45/man:/etc/java-config-2/current-system-vm/man/ SUDO_HOME=/root XAUTHORITY=/run/user/944457/gdm/Xauthority HOME=/home/jpmurphy LANG=C.UTF-8 LS_COLORS='rs=0:di=01;34:ln=01;36:mh=00:pi=40;33:so=01;35:do=01;35:bd=40;33;01:cd=40;33;01:or=01;05;37;41:mi=01;05;37;41:su=37;41:sg=30;43:ca=30;41:tw=30;42:ow=34;42:st=37;44:ex=01;32:*.tar=01;31:*.tgz=01;31:*.arc=01;31:*.arj=01;31:*.taz=01;31:*.lha=01;31:*.lz4=01;31:*.lzh=01;31:*.lzma=01;31:*.tlz=01;31:*.txz=01;31:*.tzo=01;31:*.t7z=01;31:*.zip=01;31:*.z=01;31:*.dz=01;31:*.gz=01;31:*.lrz=01;31:*.lz=01;31:*.lzo=01;31:*.xz=01;31:*.zst=01;31:*.tzst=01;31:*.bz2=01;31:*.bz=01;31:*.tbz=01;31:*.tbz2=01;31:*.tz=01;31:*.deb=01;31:*.rpm=01;31:*.jar=01;31:*.war=01;31:*.ear=01;31:*.sar=01;31:*.rar=01;31:*.alz=01;31:*.ace=01;31:*.zoo=01;31:*.cpio=01;31:*.7z=01;31:*.rz=01;31:*.cab=01;31:*.wim=01;31:*.swm=01;31:*.dwm=01;31:*.esd=01;31:*.jpg=01;35:*.jpeg=01;35:*.mjpg=01;35:*.mjpeg=01;35:*.gif=01;35:*.bmp=01;35:*.pbm=01;35:*.pgm=01;35:*.ppm=01;35:*.tga=01;35:*.xbm=01;35:*.xpm=01;35:*.tif=01;35:*.tiff=01;35:*.png=01;35:*.svg=01;35:*.svgz=01;35:*.mng=01;35:*.pcx=01;35:*.mov=01;35:*.mpg=01;35:*.mpeg=01;35:*.m2v=01;35:*.mkv=01;35:*.webm=01;35:*.webp=01;35:*.ogm=01;35:*.mp4=01;35:*.m4v=01;35:*.mp4v=01;35:*.vob=01;35:*.qt=01;35:*.nuv=01;35:*.wmv=01;35:*.asf=01;35:*.rm=01;35:*.rmvb=01;35:*.flc=01;35:*.avi=01;35:*.fli=01;35:*.flv=01;35:*.gl=01;35:*.dl=01;35:*.xcf=01;35:*.xwd=01;35:*.yuv=01;35:*.cgm=01;35:*.emf=01;35:*.ogv=01;35:*.ogx=01;35:*.cfg=00;32:*.conf=00;32:*.diff=00;32:*.doc=00;32:*.ini=00;32:*.log=00;32:*.patch=00;32:*.pdf=00;32:*.ps=00;32:*.tex=00;32:*.txt=00;32:*.aac=00;36:*.au=00;36:*.flac=00;36:*.m4a=00;36:*.mid=00;36:*.midi=00;36:*.mka=00;36:*.mp3=00;36:*.mpc=00;36:*.ogg=00;36:*.ra=00;36:*.wav=00;36:*.oga=00;36:*.opus=00;36:*.spx=00;36:*.xspf=00;36:' XDG_CURRENT_DESKTOP=GNOME INFOPATH=/usr/share/info:/usr/share/gcc-data/x86_64-pc-linux-gnu/10.2.0/info:/usr/share/binutils-data/x86_64-pc-linux-gnu/2.45/info:/usr/share/automake-1.16.5/info JAVAC=/etc/java-config-2/current-system-vm/bin/javac TERM=xterm-256color LESSOPEN='|lesspipe %s' USER=jpmurphy CROS_WORKON_SRCROOT=/mnt/host/source MANPAGER=manpager DISPLAY=:1 SHLVL=1 LC_MESSAGES=C EXTERNAL_TRUNK_PATH=/mnt/8f9d649a-3721-44cc-93c0-e6bd21a9689f/chromiumos GCC_SPECS='' PATH=/mnt/host/source/chromite/bin:/usr/local/bin:/usr/bin:/bin:/opt/bin:/mnt/host/source/chromite/sdk/bin:/mnt/host/source/chromite/bin PORTAGE_USERNAME=jpmurphy SUDO_UID=0 GCC_VER=10.2.0 MAIL=/var/mail/jpmurphy OLDPWD=/mnt/host/source/src/scripts traceparent=00-e87aca51550a78635907baa6a2476181-6d684811675d2973-01 _=./zephyr/firmware_builder.py COREBOOT_SDK_ROOT_x86=/home/jpmurphy/.cache/coreboot-sdk/i386-elf/dfbb0486385d938cfa9d73080b9d18d598ed4f49 COREBOOT_SDK_ROOT_picolibc_x86=/home/jpmurphy/.cache/coreboot-sdk/picolibc-i386-elf/eb8e8e687b95461de8cbf278f1c2076952d0ad17 COREBOOT_SDK_ROOT_riscv64=/home/jpmurphy/.cache/coreboot-sdk/riscv64-elf/96b949749225b6aaa92ed810ab769e8dfb12f000 COREBOOT_SDK_ROOT_picolibc_arm=/home/jpmurphy/.cache/coreboot-sdk/picolibc-arm-eabi/422a2aa3e1ef891b5bece9a3deb696ff83840d2e COREBOOT_SDK_ROOT_nds32=/home/jpmurphy/.cache/coreboot-sdk/nds32le-elf/d1a518c4a097666d86058e1444f85ca015d15511 COREBOOT_SDK_ROOT_picolibc_riscv64=/home/jpmurphy/.cache/coreboot-sdk/picolibc-riscv64-elf/f571e990ef0278564b31124f8bb109d9a697eb69 COREBOOT_SDK_ROOT_arm=/home/jpmurphy/.cache/coreboot-sdk/arm-eabi/ea40ddd1d190c3b48435c474c0b545719371813a COREBOOT_SDK_ROOT_libstdcxx_riscv64=/home/jpmurphy/.cache/coreboot-sdk/libstdcxx-riscv64-elf/17abf22a3a252e2d5d2062ced5324f7a623689e0 COREBOOT_SDK_ROOT_libstdcxx_arm=/home/jpmurphy/.cache/coreboot-sdk/libstdcxx-arm-eabi/5d7d82e150e44aa1968f1d366e267e6687b328ac COREBOOT_SDK_ROOT_riscv=/home/jpmurphy/.cache/coreboot-sdk/riscv-elf/9a27b9e82341c6e9126624f516ab3f261abb3e73 COREBOOT_SDK_ROOT_libstdcxx_x86=/home/jpmurphy/.cache/coreboot-sdk/libstdcxx-i386-elf/42ef9d2e87a76a37963175d7d428734e65648b87 PYTHONPATH=/mnt/host/source/src/platform/ec/zephyr/zmake PW_PIGWEED_CIPD_INSTALL_DIR=/usr CROSTC_USER_ACKNOWLEDGES_THAT_RISCV_IS_EXPERIMENTAL=1 MAKEFLAGS=' -j16 --jobserver-auth=5,6' /usr/bin/ninja -C /mnt/host/source/src/platform/ec/build/zephyr/kinmen-ish/build-singleimage all.libraries`
[pujjoniru:ro] [277/411] Building C object CMakeFiles/app.dir/mnt/host/source/src/platform/ec/build/zephyr/pujjoniru/modules/ec/driver/accel_bma4xx.c.obj
[kinmen-ish:singleimage] ninja: Entering directory `/mnt/host/source/src/platform/ec/build/zephyr/kinmen-ish/build-singleimage'
[pujjoniru:ro] [278/411] Building C object CMakeFiles/app.dir/mnt/host/source/src/platform/ec/build/zephyr/pujjoniru/modules/ec/driver/accel_lis2dw12.c.obj
[pujjoniru:ro] [279/411] Building C object CMakeFiles/app.dir/mnt/host/source/src/platform/ec/build/zephyr/pujjoniru/modules/ec/common/adc.c.obj
[pujjoniru:ro] [280/411] Building C object CMakeFiles/app.dir/mnt/host/source/src/platform/ec/build/zephyr/pujjoniru/modules/ec/common/acpi.c.obj
[pujjoniru:ro] [281/411] Building C object CMakeFiles/app.dir/mnt/host/source/src/platform/ec/build/zephyr/pujjoniru/modules/ec/common/backlight_lid.c.obj
[pujjoniru:rw] [311/411] Building C object CMakeFiles/app.dir/mnt/host/source/src/platform/ec/build/zephyr/pujjoniru/modules/ec/common/keyboard_backlight.c.obj
[/mnt/host/source/src/platform/ec/build/zephyr/deku-lcov]   /mnt/host/source/src/platform/ec/build/zephyr/deku/build-rw/CMakeFiles/app.dir/mnt/host/source/src/platform/ec/build/zephyr/deku/modules/ec/common/usb_pd_pdo.c.gcno:no functions found
[/mnt/host/source/src/platform/ec/build/zephyr/deku-lcov] stderr:
[pujjoniru:rw] [312/411] Building C object CMakeFiles/app.dir/mnt/host/source/src/platform/ec/build/zephyr/pujjoniru/modules/ec/common/led_common.c.obj
[pujjoniru:rw] [313/411] Building C object CMakeFiles/app.dir/mnt/host/source/src/platform/ec/build/zephyr/pujjoniru/modules/ec/common/motion_lid.c.obj
[pujjoniru:rw] [314/411] Building C object CMakeFiles/app.dir/mnt/host/source/src/platform/ec/build/zephyr/pujjoniru/modules/ec/common/lid_angle.c.obj
[pujjoniru:rw] [315/411] Building C object CMakeFiles/app.dir/mnt/host/source/src/platform/ec/build/zephyr/pujjoniru/modules/ec/common/lid_angle_keyboard_policy.c.obj
[nokris:rw] [32/411] Building C object zephyr/CMakeFiles/zephyr.dir/soc/nuvoton/npcx/common/power.c.obj
[pujjoniru:rw] [316/411] Building C object CMakeFiles/app.dir/mnt/host/source/src/platform/ec/build/zephyr/pujjoniru/modules/ec/common/mkbp_event.c.obj
[pujjoniru:rw] [317/411] Building C object CMakeFiles/app.dir/mnt/host/source/src/platform/ec/build/zephyr/pujjoniru/modules/ec/common/lid_switch.c.obj
[kinmen-ish:singleimage] [1/261] Generating include/generated/zephyr/version.h
[kinmen-ish:singleimage] -- git describe warned: warning: tag 'upstream/v2.7.99' is externally known as 'v2.7.99'
[kinmen-ish:singleimage] -- Zephyr version: 4.3.99 (/mnt/host/source/src/third_party/zephyr/main)
[kinmen-ish:singleimage] [2/261] Preparing syscall dependency handling
[pujjoniru:ro] [282/411] Building C object CMakeFiles/app.dir/mnt/host/source/src/platform/ec/build/zephyr/pujjoniru/modules/ec/common/battery.c.obj
[pujjoniru:ro] [283/411] Building C object CMakeFiles/app.dir/mnt/host/source/src/platform/ec/build/zephyr/pujjoniru/modules/ec/common/battery_info.c.obj
[pujjoniru:ro] [284/411] Building C object CMakeFiles/app.dir/mnt/host/source/src/platform/ec/build/zephyr/pujjoniru/modules/ec/driver/battery/smart.c.obj
[kinmen-ish:singleimage] [3/261] Generating misc/generated/syscalls_subdirs.trigger
[pujjoniru:ro] [285/411] Building C object CMakeFiles/app.dir/mnt/host/source/src/platform/ec/build/zephyr/pujjoniru/modules/ec/common/battery_fuel_gauge.c.obj
[pujjoniru:ro] [286/411] Building C object CMakeFiles/app.dir/mnt/host/source/src/platform/ec/build/zephyr/pujjoniru/modules/ec/driver/charger/bq25710.c.obj
[pujjoniru:ro] [287/411] Building C object CMakeFiles/app.dir/mnt/host/source/src/platform/ec/build/zephyr/pujjoniru/modules/ec/common/charger.c.obj
[pujjoniru:rw] [318/411] Building C object CMakeFiles/app.dir/mnt/host/source/src/platform/ec/build/zephyr/pujjoniru/modules/ec/common/motion_sense.c.obj
[pujjoniru:rw] [319/411] Building C object CMakeFiles/app.dir/mnt/host/source/src/platform/ec/build/zephyr/pujjoniru/modules/ec/common/power_button.c.obj
[pujjoniru:rw] [320/411] Building C object CMakeFiles/app.dir/mnt/host/source/src/platform/ec/build/zephyr/pujjoniru/modules/ec/common/port80.c.obj
[pujjoniru:rw] [321/411] Building C object CMakeFiles/app.dir/mnt/host/source/src/platform/ec/build/zephyr/pujjoniru/modules/ec/power/hibernate.c.obj
[pujjoniru:rw] [322/411] Building C object CMakeFiles/app.dir/mnt/host/source/src/platform/ec/build/zephyr/pujjoniru/modules/ec/common/panic_output.c.obj
[pujjoniru:rw] [323/411] Building C object CMakeFiles/app.dir/mnt/host/source/src/platform/ec/build/zephyr/pujjoniru/modules/ec/driver/sha256/sha256_it8xxx2.c.obj
[nokris:rw] [33/411] Building C object zephyr/CMakeFiles/zephyr.dir/soc/nuvoton/npcx/common/scfg.c.obj
[pujjoniru:rw] [324/411] Building C object CMakeFiles/app.dir/mnt/host/source/src/platform/ec/build/zephyr/pujjoniru/modules/ec/common/shared_mem.c.obj
[pujjoniru:ro] [288/411] Building C object CMakeFiles/app.dir/mnt/host/source/src/platform/ec/build/zephyr/pujjoniru/modules/ec/common/cbi_common.c.obj
[pujjoniru:ro] [289/411] Building C object CMakeFiles/app.dir/mnt/host/source/src/platform/ec/build/zephyr/pujjoniru/modules/ec/common/cbi_config.c.obj
[kinmen-ish:singleimage] [4/261] Generating misc/generated/syscalls.json, misc/generated/struct_tags.json
[pujjoniru:ro] [290/411] Building C object CMakeFiles/app.dir/mnt/host/source/src/platform/ec/build/zephyr/pujjoniru/modules/ec/common/memory_commands.c.obj
[pujjoniru:ro] [291/411] Building C object CMakeFiles/app.dir/mnt/host/source/src/platform/ec/build/zephyr/pujjoniru/modules/ec/common/cbi.c.obj
[pujjoniru:rw] [325/411] Building C object CMakeFiles/app.dir/mnt/host/source/src/platform/ec/build/zephyr/pujjoniru/modules/ec/common/switch.c.obj
[pujjoniru:ro] [292/411] Building C object CMakeFiles/app.dir/mnt/host/source/src/platform/ec/build/zephyr/pujjoniru/modules/ec/common/charge_manager.c.obj
[kinmen-ish:singleimage] [5/261] Generating include/generated/zephyr/syscall_dispatch.c, include/generated/zephyr/syscall_exports_llext.c, syscall_weakdefs_llext.c, include/generated/zephyr/syscall_list.h
[pujjoniru:ro] [293/411] Building C object CMakeFiles/app.dir/mnt/host/source/src/platform/ec/build/zephyr/pujjoniru/modules/ec/common/charge_state.c.obj
[kinmen-ish:singleimage] [6/261] Generating include/generated/zephyr/driver-validation.h
[nokris:rw] [34/411] Building C object zephyr/CMakeFiles/zephyr.dir/soc/nuvoton/npcx/common/npcxn/registers.c.obj
[pujjoniru:rw] [326/411] Building C object CMakeFiles/app.dir/mnt/host/source/src/platform/ec/build/zephyr/pujjoniru/modules/ec/driver/stm_mems_common.c.obj
[pujjoniru:rw] [327/411] Building C object CMakeFiles/app.dir/mnt/host/source/src/platform/ec/build/zephyr/pujjoniru/modules/ec/common/tablet_mode.c.obj
[pujjoniru:rw] [328/411] Building C object CMakeFiles/app.dir/mnt/host/source/src/platform/ec/build/zephyr/pujjoniru/modules/ec/common/temp_sensor.c.obj
[pujjoniru:rw] [329/411] Building C object CMakeFiles/app.dir/mnt/host/source/src/platform/ec/build/zephyr/pujjoniru/modules/ec/common/thermal.c.obj
[kinmen-ish:singleimage] [7/261] Generating include/generated/zephyr/kobj-types-enum.h, include/generated/zephyr/otype-to-str.h, include/generated/zephyr/otype-to-size.h
[kinmen-ish:singleimage] [8/261] Generating include/generated/device-api-sections.ld, include/generated/device-api-sections.cmake
[pujjoniru:rw] [330/411] Building C object CMakeFiles/app.dir/mnt/host/source/src/platform/ec/build/zephyr/pujjoniru/modules/ec/driver/temp_sensor/thermistor.c.obj
[pujjoniru:ro] [294/411] Building C object CMakeFiles/app.dir/mnt/host/source/src/platform/ec/build/zephyr/pujjoniru/modules/ec/common/dptf.c.obj
[pujjoniru:rw] [331/411] Building C object CMakeFiles/app.dir/mnt/host/source/src/platform/ec/build/zephyr/pujjoniru/modules/ec/common/throttle_ap.c.obj
[kinmen-ish:singleimage] [9/261] cd /mnt/host/source/src/platform/ec/build/zephyr/kinmen-ish/build-singleimage/modules/ec/zephyr && PYTHONPATH=/mnt/host/source/src/platform/ec/build/zephyr/kinmen-ish/modules/ec/zephyr/zmake/ /usr/bin/python3.11 /mnt/host/source/src/platform/ec/build/zephyr/kinmen-ish/modules/ec/zephyr/zmake/zephyr_build_tools/generate_ec_version.py /mnt/host/source/src/platform/ec/build/zephyr/kinmen-ish/build-singleimage/modules/ec/zephyr/include/ec_version.h --name Zephyr-Kernel --version 16543.0.0 --static
[pujjoniru:ro] [295/411] Building C object CMakeFiles/app.dir/mnt/host/source/src/platform/ec/build/zephyr/pujjoniru/modules/ec/common/ap_reset_log.c.obj
[pujjoniru:ro] [296/411] Building C object CMakeFiles/app.dir/mnt/host/source/src/platform/ec/build/zephyr/pujjoniru/modules/ec/common/extpower_common.c.obj
[kinmen-ish:singleimage] INFO:root:Using a static version string
[kinmen-ish:singleimage] INFO:root:Version string: Zephyr-Kernel-16543.0.0
[kinmen-ish:singleimage] INFO:root:Writing header to /mnt/host/source/src/platform/ec/build/zephyr/kinmen-ish/build-singleimage/modules/ec/zephyr/include/ec_version.h
[kinmen-ish:singleimage] [10/261] Building CXX object modules/pigweed/pw_build/CMakeFiles/pw_build.empty.dir/empty_file.cc.obj
[pujjoniru:ro] [297/411] Building C object CMakeFiles/app.dir/mnt/host/source/src/platform/ec/build/zephyr/pujjoniru/modules/ec/common/espi.c.obj
[pujjoniru:ro] [298/411] Building C object CMakeFiles/app.dir/mnt/host/source/src/platform/ec/build/zephyr/pujjoniru/modules/ec/common/extpower_gpio.c.obj
[kinmen-ish:singleimage] [11/261] Generating pw_third_party.nanopb.proto/sources/nanopb.proto
[kinmen-ish:singleimage] [12/261] Generating dsp_comms.proto/sources/proto/ec_dsp.proto, dsp_comms.proto/sources/proto/ec_dsp.options
[pujjoniru:rw] [332/411] Building C object CMakeFiles/app.dir/mnt/host/source/src/platform/ec/build/zephyr/pujjoniru/modules/ec/common/timer.c.obj
[kinmen-ish:singleimage] [13/261] Generating pw_transport.proto/sources/pw_transport/proto/transport.proto, pw_transport.proto/sources/pw_transport/proto/transport.options
[nokris:rw] [35/411] Building C object zephyr/CMakeFiles/zephyr.dir/soc/nuvoton/npcx/npcx9/soc.c.obj
[pujjoniru:ro] [299/411] Building C object CMakeFiles/app.dir/mnt/host/source/src/platform/ec/build/zephyr/pujjoniru/modules/ec/common/fan.c.obj
[pujjoniru:rw] [333/411] Building C object CMakeFiles/app.dir/mnt/host/source/src/platform/ec/build/zephyr/pujjoniru/modules/ec/common/usb_pd_pdo.c.obj
[pujjoniru:rw] [334/411] Building C object CMakeFiles/app.dir/mnt/host/source/src/platform/ec/build/zephyr/pujjoniru/modules/ec/common/typec_control.c.obj
[pujjoniru:rw] [335/411] Building C object CMakeFiles/app.dir/mnt/host/source/src/platform/ec/build/zephyr/pujjoniru/modules/ec/common/usb_port_power_dumb.c.obj
[pujjoniru:rw] [336/411] Building C object CMakeFiles/app.dir/mnt/host/source/src/platform/ec/build/zephyr/pujjoniru/modules/ec/common/usb_common.c.obj
[pujjoniru:rw] [337/411] Building C object CMakeFiles/app.dir/mnt/host/source/src/platform/ec/build/zephyr/pujjoniru/modules/ec/common/usbc/usb_pd_timer.c.obj
[pujjoniru:rw] [338/411] Building C object CMakeFiles/app.dir/mnt/host/source/src/platform/ec/build/zephyr/pujjoniru/modules/ec/common/usbc/usbc_task.c.obj
[pujjoniru:ro] [300/411] Building C object CMakeFiles/app.dir/mnt/host/source/src/platform/ec/build/zephyr/pujjoniru/modules/ec/common/flash.c.obj
[kinmen-ish:singleimage] [14/261] Generating /mnt/host/source/src/platform/ec/build/zephyr/kinmen-ish/modules/nanopb/generator/proto/nanopb_pb2.py
[pujjoniru:ro] [301/411] Building C object CMakeFiles/app.dir/mnt/host/source/src/platform/ec/build/zephyr/pujjoniru/modules/ec/common/host_command.c.obj
[pujjoniru:ro] [302/411] Building C object CMakeFiles/app.dir/mnt/host/source/src/platform/ec/build/zephyr/pujjoniru/modules/ec/common/uart_hostcmd.c.obj
[pujjoniru:ro] [303/411] Building C object CMakeFiles/app.dir/mnt/host/source/src/platform/ec/build/zephyr/pujjoniru/modules/ec/common/host_command_task.c.obj
[pujjoniru:ro] [304/411] Building C object CMakeFiles/app.dir/mnt/host/source/src/platform/ec/build/zephyr/pujjoniru/modules/ec/common/host_event_commands.c.obj
[pujjoniru:rw] [339/411] Building C object CMakeFiles/app.dir/mnt/host/source/src/platform/ec/build/zephyr/pujjoniru/modules/ec/common/usbc/usb_sm.c.obj
[nokris:rw] [36/411] Building C object zephyr/CMakeFiles/zephyr.dir/subsys/logging/log_minimal.c.obj
[pujjoniru:rw] [340/411] Building C object CMakeFiles/app.dir/mnt/host/source/src/platform/ec/build/zephyr/pujjoniru/modules/ec/common/usbc_utils.c.obj
[pujjoniru:rw] [341/411] Building C object CMakeFiles/app.dir/mnt/host/source/src/platform/ec/build/zephyr/pujjoniru/modules/ec/common/usbc_intr_task.c.obj
[pujjoniru:ro] [305/411] Building C object CMakeFiles/app.dir/mnt/host/source/src/platform/ec/build/zephyr/pujjoniru/modules/ec/common/uptime.c.obj
[pujjoniru:rw] [342/411] Building C object CMakeFiles/app.dir/mnt/host/source/src/platform/ec/build/zephyr/pujjoniru/modules/ec/common/usb_pd_flags.c.obj
[pujjoniru:rw] [343/411] Building C object CMakeFiles/app.dir/mnt/host/source/src/platform/ec/build/zephyr/pujjoniru/modules/ec/common/chargen.c.obj
[/mnt/host/source/src/platform/ec/build/zephyr/deku-lcov]   /mnt/host/source/src/platform/ec/build/zephyr/deku/build-rw/CMakeFiles/app.dir/mnt/host/source/src/platform/ec/build/zephyr/deku/modules/ec/common/cbi_config.c.gcno:no functions found
[/mnt/host/source/src/platform/ec/build/zephyr/deku-lcov] stderr:
[kinmen-ish:singleimage] [15/261] Generating dsp_comms.proto/nanopb/proto/ec_dsp.pb.h, dsp_comms.proto/nanopb/proto/ec_dsp.pb.c
[pujjoniru:rw] [344/411] Building C object CMakeFiles/app.dir/mnt/host/source/src/platform/ec/build/zephyr/pujjoniru/modules/ec/common/usbc/usb_pd_console.c.obj
[pujjoniru:ro] [306/411] Building C object CMakeFiles/app.dir/mnt/host/source/src/platform/ec/build/zephyr/pujjoniru/modules/ec/common/i2c_controller.c.obj
[pujjoniru:ro] [307/411] Building C object CMakeFiles/app.dir/mnt/host/source/src/platform/ec/build/zephyr/pujjoniru/modules/ec/common/i2c_passthru.c.obj
[pujjoniru:rw] [345/411] Building C object CMakeFiles/app.dir/mnt/host/source/src/platform/ec/build/zephyr/pujjoniru/modules/ec/driver/usb_mux/usb_mux.c.obj
[pujjoniru:ro] [308/411] Building C object CMakeFiles/app.dir/mnt/host/source/src/platform/ec/build/zephyr/pujjoniru/modules/ec/common/mkbp_fifo.c.obj
[pujjoniru:ro] [309/411] Building C object CMakeFiles/app.dir/mnt/host/source/src/platform/ec/build/zephyr/pujjoniru/modules/ec/common/keyboard_8042_sharedlib.c.obj
[pujjoniru:ro] [310/411] Building C object CMakeFiles/app.dir/mnt/host/source/src/platform/ec/build/zephyr/pujjoniru/modules/ec/common/keyboard_8042.c.obj
[nokris:rw] [37/411] Building C object zephyr/CMakeFiles/zephyr.dir/subsys/mem_mgmt/mem_attr.c.obj
[pujjoniru:ro] [311/411] Building C object CMakeFiles/app.dir/mnt/host/source/src/platform/ec/build/zephyr/pujjoniru/modules/ec/common/mkbp_info.c.obj
[pujjoniru:rw] [346/411] Building C object CMakeFiles/app.dir/mnt/host/source/src/platform/ec/build/zephyr/pujjoniru/modules/ec/driver/usb_mux/virtual.c.obj
[kinmen-ish:singleimage] [16/261] Generating pw_transport.proto/nanopb/pw_transport/proto/transport.pb.h, pw_transport.proto/nanopb/pw_transport/proto/transport.pb.c
[pujjoniru:rw] [347/411] Building C object CMakeFiles/app.dir/mnt/host/source/src/platform/ec/build/zephyr/pujjoniru/modules/ec/common/usbc/usb_tc_drp_acc_trysrc_sm.c.obj
[pujjoniru:rw] [348/411] Building C object CMakeFiles/app.dir/mnt/host/source/src/platform/ec/build/zephyr/pujjoniru/modules/ec/common/usbc/usb_prl_sm.c.obj
[pujjoniru:rw] [349/411] Building C object CMakeFiles/app.dir/mnt/host/source/src/platform/ec/build/zephyr/pujjoniru/modules/ec/common/usbc/usb_pd_dpm.c.obj
[pujjoniru:rw] [350/411] Building C object CMakeFiles/app.dir/mnt/host/source/src/platform/ec/build/zephyr/pujjoniru/modules/ec/common/usbc/usbc_pd_policy.c.obj
[pujjoniru:ro] [312/411] Building C object CMakeFiles/app.dir/mnt/host/source/src/platform/ec/build/zephyr/pujjoniru/modules/ec/common/mkbp_input_devices.c.obj
[pujjoniru:ro] [313/411] Building C object CMakeFiles/app.dir/mnt/host/source/src/platform/ec/build/zephyr/pujjoniru/modules/ec/common/led_common.c.obj
[kinmen-ish:singleimage] [17/261] Building C object zephyr/CMakeFiles/offsets.dir/arch/x86/core/offsets/offsets.c.obj
[pujjoniru:ro] [314/411] Building C object CMakeFiles/app.dir/mnt/host/source/src/platform/ec/build/zephyr/pujjoniru/modules/ec/common/keyboard_backlight.c.obj
[pujjoniru:ro] [315/411] Building C object CMakeFiles/app.dir/mnt/host/source/src/platform/ec/build/zephyr/pujjoniru/modules/ec/common/motion_lid.c.obj
[pujjoniru:rw] [351/411] Building C object CMakeFiles/app.dir/mnt/host/source/src/platform/ec/build/zephyr/pujjoniru/modules/ec/common/usbc/usb_pe_drp_sm.c.obj
[kinmen-ish:singleimage] [18/261] Building C object zephyr/drivers/syscon/CMakeFiles/drivers__syscon.dir/mnt/host/source/src/third_party/zephyr/main/misc/empty_file.c.obj
[pujjoniru:ro] [316/411] Building C object CMakeFiles/app.dir/mnt/host/source/src/platform/ec/build/zephyr/pujjoniru/modules/ec/common/lid_angle.c.obj
[nokris:rw] [38/411] Building C object zephyr/CMakeFiles/zephyr.dir/subsys/pm/pm.c.obj
[pujjoniru:rw] [352/411] Building C object CMakeFiles/app.dir/mnt/host/source/src/platform/ec/build/zephyr/pujjoniru/modules/ec/common/usbc/dp_alt_mode.c.obj
[pujjoniru:ro] [317/411] Building C object CMakeFiles/app.dir/mnt/host/source/src/platform/ec/build/zephyr/pujjoniru/modules/ec/common/lid_angle_keyboard_policy.c.obj
[pujjoniru:rw] [353/411] Building C object CMakeFiles/app.dir/mnt/host/source/src/platform/ec/build/zephyr/pujjoniru/modules/ec/common/usb_pd_console_cmd.c.obj
[kinmen-ish:singleimage] [19/261] Building C object modules/ec/zephyr/drivers/dsp_comms/CMakeFiles/dsp_comms.proto.nanopb.dir/dsp_comms.proto/nanopb/proto/ec_dsp.pb.c.obj
[/mnt/host/source/src/platform/ec/build/zephyr/deku-lcov]   /mnt/host/source/src/platform/ec/build/zephyr/deku/build-rw/zephyr/arch/arch/arm/core/mpu/CMakeFiles/arch__arm__core__mpu.dir/arm_mpu_regions.c.gcno:no functions found
[/mnt/host/source/src/platform/ec/build/zephyr/deku-lcov] stderr:
[kinmen-ish:singleimage] [20/261] Building C object modules/ec/zephyr/drivers/pw_transport/CMakeFiles/pw_transport.proto.nanopb.dir/pw_transport.proto/nanopb/pw_transport/proto/transport.pb.c.obj
[pujjoniru:rw] [354/411] Building C object CMakeFiles/app.dir/mnt/host/source/src/platform/ec/build/zephyr/pujjoniru/modules/ec/common/usbc/usb_pd_host.c.obj
[nokris:rw] [39/411] Building C object zephyr/CMakeFiles/zephyr.dir/subsys/pm/state.c.obj
[pujjoniru:rw] [355/411] Building C object CMakeFiles/app.dir/mnt/host/source/src/platform/ec/build/zephyr/pujjoniru/modules/ec/common/usb_pd_host_cmd.c.obj
[pujjoniru:ro] [318/411] Building C object CMakeFiles/app.dir/mnt/host/source/src/platform/ec/build/zephyr/pujjoniru/modules/ec/common/lid_switch.c.obj
[pujjoniru:rw] [356/411] Building C object CMakeFiles/app.dir/mnt/host/source/src/platform/ec/build/zephyr/pujjoniru/modules/ec/zephyr/shim/src/tcpc.c.obj
[pujjoniru:ro] [319/411] Building C object CMakeFiles/app.dir/mnt/host/source/src/platform/ec/build/zephyr/pujjoniru/modules/ec/common/mkbp_event.c.obj
[pujjoniru:rw] [357/411] Building C object CMakeFiles/app.dir/mnt/host/source/src/platform/ec/build/zephyr/pujjoniru/modules/ec/common/usb_pd_host_cmd_common.c.obj
[pujjoniru:ro] [320/411] Building C object CMakeFiles/app.dir/mnt/host/source/src/platform/ec/build/zephyr/pujjoniru/modules/ec/common/port80.c.obj
[pujjoniru:ro] [321/411] Building C object CMakeFiles/app.dir/mnt/host/source/src/platform/ec/build/zephyr/pujjoniru/modules/ec/common/motion_sense.c.obj
[kinmen-ish:singleimage] [21/261] Building CXX object modules/pigweed/pw_log_zephyr/CMakeFiles/pw_log_zephyr.dir/log_zephyr.cc.obj
[pujjoniru:ro] [322/411] Building C object CMakeFiles/app.dir/mnt/host/source/src/platform/ec/build/zephyr/pujjoniru/modules/ec/common/power_button.c.obj
[pujjoniru:rw] [358/411] Building C object CMakeFiles/app.dir/mnt/host/source/src/platform/ec/build/zephyr/pujjoniru/modules/ec/common/usbc_ocp.c.obj
[pujjoniru:ro] [323/411] Building C object CMakeFiles/app.dir/mnt/host/source/src/platform/ec/build/zephyr/pujjoniru/modules/ec/power/hibernate.c.obj
[pujjoniru:rw] [359/411] Building C object CMakeFiles/app.dir/mnt/host/source/src/platform/ec/build/zephyr/pujjoniru/modules/ec/common/usbc/svdm_rsp_dfp_only.c.obj
[pujjoniru:rw] [360/411] Building C object CMakeFiles/app.dir/mnt/host/source/src/platform/ec/build/zephyr/pujjoniru/modules/ec/common/usb_pd_discovery.c.obj
[kinmen-ish:singleimage] [22/261] Linking CXX static library modules/pigweed/pw_log_zephyr/libpw_log_zephyr.a
[kinmen-ish:singleimage] [23/261] Linking CXX static library modules/ec/zephyr/drivers/pw_transport/libpw_transport.proto.nanopb.a
[kinmen-ish:singleimage] [24/261] Linking CXX static library modules/ec/zephyr/drivers/dsp_comms/libdsp_comms.proto.nanopb.a
[nokris:rw] [40/411] Building C object zephyr/CMakeFiles/zephyr.dir/subsys/pm/policy/policy_events.c.obj
[pujjoniru:rw] [361/411] Building C object CMakeFiles/app.dir/mnt/host/source/src/platform/ec/build/zephyr/pujjoniru/modules/ec/common/usb_pd_dual_role.c.obj
[kinmen-ish:singleimage] [25/261] Generating include/generated/zephyr/offsets.h
[pujjoniru:rw] [362/411] Building C object CMakeFiles/app.dir/mnt/host/source/src/platform/ec/build/zephyr/pujjoniru/modules/ec/driver/tcpm/ite_pd_intc.c.obj
[pujjoniru:ro] [324/411] Building C object CMakeFiles/app.dir/mnt/host/source/src/platform/ec/build/zephyr/pujjoniru/modules/ec/common/panic_output.c.obj
[pujjoniru:rw] [363/411] Building C object CMakeFiles/app.dir/mnt/host/source/src/platform/ec/build/zephyr/pujjoniru/modules/ec/driver/tcpm/tcpci.c.obj
[pujjoniru:ro] [325/411] Building C object CMakeFiles/app.dir/mnt/host/source/src/platform/ec/build/zephyr/pujjoniru/modules/ec/driver/sha256/sha256_it8xxx2.c.obj
[/mnt/host/source/src/platform/ec/build/zephyr/deku-lcov]   /mnt/host/source/src/platform/ec/build/zephyr/deku/build-rw/zephyr/arch/common/CMakeFiles/isr_tables.dir/isr_tables.c.gcno:no functions found
[/mnt/host/source/src/platform/ec/build/zephyr/deku-lcov] stderr:
[pujjoniru:ro] [326/411] Building C object CMakeFiles/app.dir/mnt/host/source/src/platform/ec/build/zephyr/pujjoniru/modules/ec/common/shared_mem.c.obj
[pujjoniru:rw] [364/411] Building C object CMakeFiles/app.dir/mnt/host/source/src/platform/ec/build/zephyr/pujjoniru/modules/ec/driver/tcpm/it8xxx2.c.obj
[pujjoniru:rw] [365/411] Building C object CMakeFiles/app.dir/mnt/host/source/src/platform/ec/build/zephyr/pujjoniru/modules/ec/common/usbc_ppc.c.obj
[kinmen-ish:singleimage] [26/261] Building C object CMakeFiles/app.dir/mnt/host/source/src/platform/ec/zephyr/subsys/ap_pwrseq/ap_events.c.obj
[pujjoniru:ro] [327/411] Building C object CMakeFiles/app.dir/mnt/host/source/src/platform/ec/build/zephyr/pujjoniru/modules/ec/driver/stm_mems_common.c.obj
[nokris:rw] [41/411] Building C object zephyr/CMakeFiles/zephyr.dir/subsys/pm/policy/policy_latency.c.obj
[pujjoniru:ro] [328/411] Building C object CMakeFiles/app.dir/mnt/host/source/src/platform/ec/build/zephyr/pujjoniru/modules/ec/common/switch.c.obj
[pujjoniru:rw] [366/411] Building C object CMakeFiles/app.dir/mnt/host/source/src/platform/ec/build/zephyr/pujjoniru/modules/ec/driver/ppc/syv682x.c.obj
[pujjoniru:rw] [367/411] Building C object CMakeFiles/app.dir/mnt/host/source/src/platform/ec/build/zephyr/pujjoniru/modules/ec/common/vboot_hash.c.obj
[pujjoniru:ro] [329/411] Building C object CMakeFiles/app.dir/mnt/host/source/src/platform/ec/build/zephyr/pujjoniru/modules/ec/common/tablet_mode.c.obj
[pujjoniru:rw] [368/411] Building C object CMakeFiles/app.dir/mnt/host/source/src/platform/ec/build/zephyr/pujjoniru/modules/ec/common/vboot/efs2.c.obj
[pujjoniru:ro] [330/411] Building C object CMakeFiles/app.dir/mnt/host/source/src/platform/ec/build/zephyr/pujjoniru/modules/ec/common/thermal.c.obj
[pujjoniru:rw] [369/411] Building C object CMakeFiles/app.dir/mnt/host/source/src/platform/ec/build/zephyr/pujjoniru/modules/ec/common/math_util.c.obj
[kinmen-ish:singleimage] [27/261] Building C object CMakeFiles/app.dir/mnt/host/source/src/platform/ec/build/zephyr/kinmen-ish/modules/ec/builtin/stdlib.c.obj
[pujjoniru:rw] [370/411] Building C object CMakeFiles/app.dir/mnt/host/source/src/platform/ec/build/zephyr/pujjoniru/modules/ec/common/vstore.c.obj
[pujjoniru:ro] [331/411] Building C object CMakeFiles/app.dir/mnt/host/source/src/platform/ec/build/zephyr/pujjoniru/modules/ec/common/temp_sensor.c.obj
[pujjoniru:ro] [332/411] Building C object CMakeFiles/app.dir/mnt/host/source/src/platform/ec/build/zephyr/pujjoniru/modules/ec/driver/temp_sensor/thermistor.c.obj
[nokris:rw] [42/411] Building C object zephyr/CMakeFiles/zephyr.dir/subsys/pm/policy/policy_state_lock.c.obj
[pujjoniru:rw] [371/411] Building C object CMakeFiles/app.dir/src/board_power.c.obj
[pujjoniru:ro] [333/411] Building C object CMakeFiles/app.dir/mnt/host/source/src/platform/ec/build/zephyr/pujjoniru/modules/ec/common/throttle_ap.c.obj
[pujjoniru:rw] [372/411] Building C object CMakeFiles/app.dir/src/common.c.obj
[pujjoniru:rw] [373/411] Building C object CMakeFiles/app.dir/pujjoniru/src/board_touchpanel.c.obj
[pujjoniru:ro] [334/411] Building C object CMakeFiles/app.dir/mnt/host/source/src/platform/ec/build/zephyr/pujjoniru/modules/ec/common/usb_port_power_dumb.c.obj
[kinmen-ish:singleimage] [28/261] Building C object CMakeFiles/app.dir/mnt/host/source/src/platform/ec/build/zephyr/kinmen-ish/modules/ec/common/base32.c.obj
[pujjoniru:rw] [374/411] Linking C static library modules/ec/zephyr/libec_shim.a
[pujjoniru:rw] [375/411] Building C object CMakeFiles/app.dir/pujjoniru/src/board.c.obj
[pujjoniru:ro] [335/411] Building C object CMakeFiles/app.dir/mnt/host/source/src/platform/ec/build/zephyr/pujjoniru/modules/ec/common/timer.c.obj
[pujjoniru:ro] [336/411] Building C object CMakeFiles/app.dir/mnt/host/source/src/platform/ec/build/zephyr/pujjoniru/modules/ec/common/typec_control.c.obj
[pujjoniru:rw] [376/411] Building C object CMakeFiles/app.dir/pujjoniru/src/keyboard_customization.c.obj
[pujjoniru:rw] [377/411] Building C object CMakeFiles/app.dir/pujjoniru/src/usbc.c.obj
[pujjoniru:rw] [378/411] Building C object CMakeFiles/app.dir/pujjoniru/src/charger.c.obj
[pujjoniru:ro] [337/411] Building C object CMakeFiles/app.dir/mnt/host/source/src/platform/ec/build/zephyr/pujjoniru/modules/ec/common/usb_pd_pdo.c.obj
[pujjoniru:rw] [379/411] Building C object zephyr/kernel/CMakeFiles/kernel.dir/main_weak.c.obj
[nokris:rw] [43/411] Building C object zephyr/CMakeFiles/zephyr.dir/subsys/pm/device.c.obj
[pujjoniru:rw] [380/411] Building C object zephyr/kernel/CMakeFiles/kernel.dir/banner.c.obj
[pujjoniru:ro] [338/411] Building C object CMakeFiles/app.dir/mnt/host/source/src/platform/ec/build/zephyr/pujjoniru/modules/ec/common/usb_common.c.obj
[pujjoniru:rw] [381/411] Building C object zephyr/kernel/CMakeFiles/kernel.dir/device.c.obj
[pujjoniru:ro] [339/411] Building C object CMakeFiles/app.dir/mnt/host/source/src/platform/ec/build/zephyr/pujjoniru/modules/ec/common/usbc/usbc_task.c.obj
[kinmen-ish:singleimage] [29/261] Building C object CMakeFiles/app.dir/mnt/host/source/src/platform/ec/build/zephyr/kinmen-ish/modules/ec/common/console_output.c.obj
[pujjoniru:rw] [382/411] Building C object zephyr/kernel/CMakeFiles/kernel.dir/busy_wait.c.obj
[pujjoniru:rw] [383/411] Linking C static library app/libapp.a
[pujjoniru:rw] [384/411] Building C object zephyr/kernel/CMakeFiles/kernel.dir/version.c.obj
[pujjoniru:ro] [340/411] Building C object CMakeFiles/app.dir/mnt/host/source/src/platform/ec/build/zephyr/pujjoniru/modules/ec/common/usbc/usb_pd_timer.c.obj
[pujjoniru:ro] [341/411] Building C object CMakeFiles/app.dir/mnt/host/source/src/platform/ec/build/zephyr/pujjoniru/modules/ec/common/usbc/usb_sm.c.obj
[pujjoniru:rw] [385/411] Building C object zephyr/kernel/CMakeFiles/kernel.dir/errno.c.obj
[pujjoniru:rw] [386/411] Building C object zephyr/kernel/CMakeFiles/kernel.dir/fatal.c.obj
[pujjoniru:ro] [342/411] Building C object CMakeFiles/app.dir/mnt/host/source/src/platform/ec/build/zephyr/pujjoniru/modules/ec/common/usbc_intr_task.c.obj
[pujjoniru:ro] [343/411] Building C object CMakeFiles/app.dir/mnt/host/source/src/platform/ec/build/zephyr/pujjoniru/modules/ec/common/usbc_utils.c.obj
[pujjoniru:ro] [344/411] Building C object CMakeFiles/app.dir/mnt/host/source/src/platform/ec/build/zephyr/pujjoniru/modules/ec/common/usb_pd_flags.c.obj
[pujjoniru:rw] [387/411] Building C object zephyr/kernel/CMakeFiles/kernel.dir/mem_slab.c.obj
[pujjoniru:rw] [388/411] Building C object zephyr/kernel/CMakeFiles/kernel.dir/init.c.obj
[nokris:rw] [44/411] Building C object zephyr/CMakeFiles/zephyr.dir/subsys/pm/device_system_managed.c.obj
[pujjoniru:rw] [389/411] Building C object zephyr/kernel/CMakeFiles/kernel.dir/kheap.c.obj
[kinmen-ish:singleimage] [30/261] Building C object CMakeFiles/app.dir/mnt/host/source/src/platform/ec/build/zephyr/kinmen-ish/modules/ec/common/ec_features.c.obj
[pujjoniru:rw] [390/411] Building C object zephyr/kernel/CMakeFiles/kernel.dir/float.c.obj
[pujjoniru:rw] [391/411] Building C object zephyr/kernel/CMakeFiles/kernel.dir/idle.c.obj
[pujjoniru:ro] [345/411] Building C object CMakeFiles/app.dir/mnt/host/source/src/platform/ec/build/zephyr/pujjoniru/modules/ec/common/chargen.c.obj
[pujjoniru:rw] [392/411] Building C object zephyr/kernel/CMakeFiles/kernel.dir/mailbox.c.obj
[pujjoniru:ro] [346/411] Building C object CMakeFiles/app.dir/mnt/host/source/src/platform/ec/build/zephyr/pujjoniru/modules/ec/common/usbc/usb_pd_console.c.obj
[pujjoniru:ro] [347/411] Building C object CMakeFiles/app.dir/mnt/host/source/src/platform/ec/build/zephyr/pujjoniru/modules/ec/driver/usb_mux/usb_mux.c.obj
[pujjoniru:rw] [393/411] Building C object zephyr/kernel/CMakeFiles/kernel.dir/msg_q.c.obj
[pujjoniru:rw] [394/411] Building C object zephyr/kernel/CMakeFiles/kernel.dir/mutex.c.obj
[pujjoniru:rw] [395/411] Building C object zephyr/kernel/CMakeFiles/kernel.dir/queue.c.obj
[nokris:rw] [45/411] Building C object zephyr/CMakeFiles/zephyr.dir/subsys/testsuite/coverage/coverage.c.obj
[pujjoniru:rw] [396/411] Building C object zephyr/kernel/CMakeFiles/kernel.dir/sem.c.obj
[pujjoniru:ro] [348/411] Building C object CMakeFiles/app.dir/mnt/host/source/src/platform/ec/build/zephyr/pujjoniru/modules/ec/driver/usb_mux/virtual.c.obj
[pujjoniru:rw] [397/411] Building C object zephyr/kernel/CMakeFiles/kernel.dir/stack.c.obj
[pujjoniru:rw] [398/411] Building C object zephyr/kernel/CMakeFiles/kernel.dir/system_work_q.c.obj
[kinmen-ish:singleimage] [31/261] Building C object CMakeFiles/app.dir/mnt/host/source/src/platform/ec/build/zephyr/kinmen-ish/modules/ec/common/gpio_commands.c.obj
[pujjoniru:ro] [349/411] Building C object CMakeFiles/app.dir/mnt/host/source/src/platform/ec/build/zephyr/pujjoniru/modules/ec/common/usbc/usb_prl_sm.c.obj
[pujjoniru:rw] [399/411] Building C object zephyr/kernel/CMakeFiles/kernel.dir/work.c.obj
[pujjoniru:ro] [350/411] Building C object CMakeFiles/app.dir/mnt/host/source/src/platform/ec/build/zephyr/pujjoniru/modules/ec/common/usbc/usb_tc_drp_acc_trysrc_sm.c.obj
[pujjoniru:rw] [400/411] Building C object zephyr/kernel/CMakeFiles/kernel.dir/condvar.c.obj
[pujjoniru:rw] [401/411] Building C object zephyr/kernel/CMakeFiles/kernel.dir/pipe.c.obj
[pujjoniru:rw] [402/411] Building C object zephyr/kernel/CMakeFiles/kernel.dir/thread.c.obj
[pujjoniru:ro] [351/411] Building C object CMakeFiles/app.dir/mnt/host/source/src/platform/ec/build/zephyr/pujjoniru/modules/ec/common/usbc/usb_pd_dpm.c.obj
[/mnt/host/source/src/platform/ec/build/zephyr/deku-lcov]   /mnt/host/source/src/platform/ec/build/zephyr/deku/build-rw/zephyr/CMakeFiles/zephyr.dir/subsys/shell/modules/kernel_service/kernel_shell.c.gcno:no functions found
[/mnt/host/source/src/platform/ec/build/zephyr/deku-lcov] stderr:
[nokris:rw] [46/411] Building C object zephyr/CMakeFiles/zephyr.dir/subsys/tracing/tracing_none.c.obj
[pujjoniru:rw] [403/411] Building C object zephyr/kernel/CMakeFiles/kernel.dir/thread_monitor.c.obj
[pujjoniru:rw] [404/411] Building C object zephyr/kernel/CMakeFiles/kernel.dir/sched.c.obj
[kinmen-ish:singleimage] [32/261] Building C object CMakeFiles/app.dir/mnt/host/source/src/platform/ec/build/zephyr/kinmen-ish/modules/ec/common/peripheral.c.obj
[pujjoniru:ro] [352/411] Building C object CMakeFiles/app.dir/mnt/host/source/src/platform/ec/build/zephyr/pujjoniru/modules/ec/common/usbc/usbc_pd_policy.c.obj
[pujjoniru:rw] [405/411] Building C object zephyr/kernel/CMakeFiles/kernel.dir/timeout.c.obj
[pujjoniru:ro] [353/411] Building C object CMakeFiles/app.dir/mnt/host/source/src/platform/ec/build/zephyr/pujjoniru/modules/ec/common/usbc/usb_pe_drp_sm.c.obj
[/mnt/host/source/src/platform/ec/build/zephyr/deku-lcov]   /mnt/host/source/src/platform/ec/build/zephyr/deku/build-rw/zephyr/CMakeFiles/zephyr.dir/lib/libc/validate_libc.c.gcno:no functions found
[/mnt/host/source/src/platform/ec/build/zephyr/deku-lcov] stderr:
[pujjoniru:ro] [354/411] Building C object CMakeFiles/app.dir/mnt/host/source/src/platform/ec/build/zephyr/pujjoniru/modules/ec/common/usbc/dp_alt_mode.c.obj
[pujjoniru:ro] [355/411] Building C object CMakeFiles/app.dir/mnt/host/source/src/platform/ec/build/zephyr/pujjoniru/modules/ec/common/usb_pd_console_cmd.c.obj
[pujjoniru:rw] [406/411] Building C object zephyr/kernel/CMakeFiles/kernel.dir/timer.c.obj
[pujjoniru:rw] [407/411] Building C object zephyr/kernel/CMakeFiles/kernel.dir/events.c.obj
[pujjoniru:rw] [408/411] Building C object zephyr/kernel/CMakeFiles/kernel.dir/poll.c.obj
Running (initial) lcov on /mnt/host/source/src/platform/ec/build/zephyr/skywalker.
[pujjoniru:rw] [409/411] Building C object zephyr/kernel/CMakeFiles/kernel.dir/mempool.c.obj
[nokris:ro] Building: /usr/bin/ninja -C /mnt/host/source/src/platform/ec/build/zephyr/nokris/build-ro all.libraries
Running `env -i SHELL=/bin/bash COLORTERM=truecolor DEPOT_TOOLS_UPDATE=0 LESS='-R -M --shift 5' SUDO_GID=0 JDK_HOME=/etc/java-config-2/current-system-vm CONFIG_PROTECT_MASK='/etc/gentoo-release /etc/sandbox.d /etc/fonts/fonts.conf /etc/terminfo /etc/ca-certificates.conf /etc/revdep-rebuild' CHROMEOS_CACHEDIR=/var/cache/chromeos-cache JAVA_HOME=/etc/java-config-2/current-system-vm SSH_AUTH_SOCK=/tmp/ssh-auth-sock SUDO_COMMAND=/bin/bash SUDO_USER=root SUDO_TTY=/dev/pts/2 EDITOR=/usr/bin/vi PWD=/mnt/host/source/src/platform/ec CONFIG_PROTECT=/usr/share/gnupg/qualified.txt LOGNAME=jpmurphy MANPATH=/etc/java-config-2/current-system-vm/man:/usr/local/share/man:/usr/share/man:/usr/share/gcc-data/x86_64-pc-linux-gnu/10.2.0/man:/usr/share/binutils-data/x86_64-pc-linux-gnu/2.45/man:/etc/java-config-2/current-system-vm/man/ SUDO_HOME=/root XAUTHORITY=/run/user/944457/gdm/Xauthority HOME=/home/jpmurphy LANG=C.UTF-8 LS_COLORS='rs=0:di=01;34:ln=01;36:mh=00:pi=40;33:so=01;35:do=01;35:bd=40;33;01:cd=40;33;01:or=01;05;37;41:mi=01;05;37;41:su=37;41:sg=30;43:ca=30;41:tw=30;42:ow=34;42:st=37;44:ex=01;32:*.tar=01;31:*.tgz=01;31:*.arc=01;31:*.arj=01;31:*.taz=01;31:*.lha=01;31:*.lz4=01;31:*.lzh=01;31:*.lzma=01;31:*.tlz=01;31:*.txz=01;31:*.tzo=01;31:*.t7z=01;31:*.zip=01;31:*.z=01;31:*.dz=01;31:*.gz=01;31:*.lrz=01;31:*.lz=01;31:*.lzo=01;31:*.xz=01;31:*.zst=01;31:*.tzst=01;31:*.bz2=01;31:*.bz=01;31:*.tbz=01;31:*.tbz2=01;31:*.tz=01;31:*.deb=01;31:*.rpm=01;31:*.jar=01;31:*.war=01;31:*.ear=01;31:*.sar=01;31:*.rar=01;31:*.alz=01;31:*.ace=01;31:*.zoo=01;31:*.cpio=01;31:*.7z=01;31:*.rz=01;31:*.cab=01;31:*.wim=01;31:*.swm=01;31:*.dwm=01;31:*.esd=01;31:*.jpg=01;35:*.jpeg=01;35:*.mjpg=01;35:*.mjpeg=01;35:*.gif=01;35:*.bmp=01;35:*.pbm=01;35:*.pgm=01;35:*.ppm=01;35:*.tga=01;35:*.xbm=01;35:*.xpm=01;35:*.tif=01;35:*.tiff=01;35:*.png=01;35:*.svg=01;35:*.svgz=01;35:*.mng=01;35:*.pcx=01;35:*.mov=01;35:*.mpg=01;35:*.mpeg=01;35:*.m2v=01;35:*.mkv=01;35:*.webm=01;35:*.webp=01;35:*.ogm=01;35:*.mp4=01;35:*.m4v=01;35:*.mp4v=01;35:*.vob=01;35:*.qt=01;35:*.nuv=01;35:*.wmv=01;35:*.asf=01;35:*.rm=01;35:*.rmvb=01;35:*.flc=01;35:*.avi=01;35:*.fli=01;35:*.flv=01;35:*.gl=01;35:*.dl=01;35:*.xcf=01;35:*.xwd=01;35:*.yuv=01;35:*.cgm=01;35:*.emf=01;35:*.ogv=01;35:*.ogx=01;35:*.cfg=00;32:*.conf=00;32:*.diff=00;32:*.doc=00;32:*.ini=00;32:*.log=00;32:*.patch=00;32:*.pdf=00;32:*.ps=00;32:*.tex=00;32:*.txt=00;32:*.aac=00;36:*.au=00;36:*.flac=00;36:*.m4a=00;36:*.mid=00;36:*.midi=00;36:*.mka=00;36:*.mp3=00;36:*.mpc=00;36:*.ogg=00;36:*.ra=00;36:*.wav=00;36:*.oga=00;36:*.opus=00;36:*.spx=00;36:*.xspf=00;36:' XDG_CURRENT_DESKTOP=GNOME INFOPATH=/usr/share/info:/usr/share/gcc-data/x86_64-pc-linux-gnu/10.2.0/info:/usr/share/binutils-data/x86_64-pc-linux-gnu/2.45/info:/usr/share/automake-1.16.5/info JAVAC=/etc/java-config-2/current-system-vm/bin/javac TERM=xterm-256color LESSOPEN='|lesspipe %s' USER=jpmurphy CROS_WORKON_SRCROOT=/mnt/host/source MANPAGER=manpager DISPLAY=:1 SHLVL=1 LC_MESSAGES=C EXTERNAL_TRUNK_PATH=/mnt/8f9d649a-3721-44cc-93c0-e6bd21a9689f/chromiumos GCC_SPECS='' PATH=/mnt/host/source/chromite/bin:/usr/local/bin:/usr/bin:/bin:/opt/bin:/mnt/host/source/chromite/sdk/bin:/mnt/host/source/chromite/bin PORTAGE_USERNAME=jpmurphy SUDO_UID=0 GCC_VER=10.2.0 MAIL=/var/mail/jpmurphy OLDPWD=/mnt/host/source/src/scripts traceparent=00-e87aca51550a78635907baa6a2476181-6d684811675d2973-01 _=./zephyr/firmware_builder.py COREBOOT_SDK_ROOT_x86=/home/jpmurphy/.cache/coreboot-sdk/i386-elf/dfbb0486385d938cfa9d73080b9d18d598ed4f49 COREBOOT_SDK_ROOT_picolibc_x86=/home/jpmurphy/.cache/coreboot-sdk/picolibc-i386-elf/eb8e8e687b95461de8cbf278f1c2076952d0ad17 COREBOOT_SDK_ROOT_riscv64=/home/jpmurphy/.cache/coreboot-sdk/riscv64-elf/96b949749225b6aaa92ed810ab769e8dfb12f000 COREBOOT_SDK_ROOT_picolibc_arm=/home/jpmurphy/.cache/coreboot-sdk/picolibc-arm-eabi/422a2aa3e1ef891b5bece9a3deb696ff83840d2e COREBOOT_SDK_ROOT_nds32=/home/jpmurphy/.cache/coreboot-sdk/nds32le-elf/d1a518c4a097666d86058e1444f85ca015d15511 COREBOOT_SDK_ROOT_picolibc_riscv64=/home/jpmurphy/.cache/coreboot-sdk/picolibc-riscv64-elf/f571e990ef0278564b31124f8bb109d9a697eb69 COREBOOT_SDK_ROOT_arm=/home/jpmurphy/.cache/coreboot-sdk/arm-eabi/ea40ddd1d190c3b48435c474c0b545719371813a COREBOOT_SDK_ROOT_libstdcxx_riscv64=/home/jpmurphy/.cache/coreboot-sdk/libstdcxx-riscv64-elf/17abf22a3a252e2d5d2062ced5324f7a623689e0 COREBOOT_SDK_ROOT_libstdcxx_arm=/home/jpmurphy/.cache/coreboot-sdk/libstdcxx-arm-eabi/5d7d82e150e44aa1968f1d366e267e6687b328ac COREBOOT_SDK_ROOT_riscv=/home/jpmurphy/.cache/coreboot-sdk/riscv-elf/9a27b9e82341c6e9126624f516ab3f261abb3e73 COREBOOT_SDK_ROOT_libstdcxx_x86=/home/jpmurphy/.cache/coreboot-sdk/libstdcxx-i386-elf/42ef9d2e87a76a37963175d7d428734e65648b87 PYTHONPATH=/mnt/host/source/src/platform/ec/zephyr/zmake PW_PIGWEED_CIPD_INSTALL_DIR=/usr CROSTC_USER_ACKNOWLEDGES_THAT_RISCV_IS_EXPERIMENTAL=1 MAKEFLAGS=' -j16 --jobserver-auth=5,6' /usr/bin/ninja -C /mnt/host/source/src/platform/ec/build/zephyr/nokris/build-ro all.libraries`
[pujjoniru:rw] [410/411] Building C object zephyr/kernel/CMakeFiles/kernel.dir/dynamic_disabled.c.obj
[nokris:ro] ninja: Entering directory `/mnt/host/source/src/platform/ec/build/zephyr/nokris/build-ro'
[pujjoniru:ro] [356/411] Building C object CMakeFiles/app.dir/mnt/host/source/src/platform/ec/build/zephyr/pujjoniru/modules/ec/common/usb_pd_host_cmd.c.obj
[kinmen-ish:singleimage] [33/261] Building C object CMakeFiles/app.dir/mnt/host/source/src/platform/ec/build/zephyr/kinmen-ish/modules/ec/common/printf.c.obj
[pujjoniru:rw] [411/411] Linking C static library zephyr/kernel/libkernel.a
[ovis:ro] Configuring.
Running `env -i PYTHONPATH=/usr/lib64/python-exec/python3.11:/mnt/host/source/src/platform/ec/zephyr/zmake:/usr/lib/python311.zip:/usr/lib/python3.11:/usr/lib/python3.11/lib-dynload:/usr/lib/python3.11/site-packages PW_PIGWEED_CIPD_INSTALL_DIR=/usr CROSTC_USER_ACKNOWLEDGES_THAT_RISCV_IS_EXPERIMENTAL=1 PATH=/mnt/host/source/chromite/bin:/usr/local/bin:/usr/bin:/bin:/opt/bin:/mnt/host/source/chromite/sdk/bin:/mnt/host/source/chromite/bin HOME=/home/jpmurphy JAVA_HOME=/etc/java-config-2/current-system-vm JDK_HOME=/etc/java-config-2/current-system-vm JAVAC=/etc/java-config-2/current-system-vm/bin/javac MAKEFLAGS=' -j16 --jobserver-auth=5,6' /usr/bin/cmake -S /mnt/host/source/src/platform/ec/zephyr/program/ovis -B /mnt/host/source/src/platform/ec/build/zephyr/ovis/build-ro -GNinja -DCMAKE_EXPORT_COMPILE_COMMANDS=ON -DZEPHYR_BASE=/mnt/host/source/src/third_party/zephyr/main -DZMAKE_INCLUDE_DIR=/mnt/host/source/src/platform/ec/build/zephyr/ovis/include -DPython3_EXECUTABLE=/usr/bin/python3.11 -DDTS_ROOT=/mnt/host/source/src/platform/ec/zephyr -DSYSCALL_INCLUDE_DIRS=/mnt/host/source/src/platform/ec/zephyr/include/drivers -DUSER_CACHE_DIR=/mnt/host/source/src/platform/ec/build/zephyr/user-cache '-DEXTRA_EC_VERSION_FLAGS=--version 16543.0.0 --static' -DTOOLCHAIN_ROOT=/mnt/host/source/src/platform/ec/zephyr -DCOREBOOT_SDK_ROOT_x86=/home/jpmurphy/.cache/coreboot-sdk/i386-elf/dfbb0486385d938cfa9d73080b9d18d598ed4f49 -DCOREBOOT_SDK_ROOT_picolibc_x86=/home/jpmurphy/.cache/coreboot-sdk/picolibc-i386-elf/eb8e8e687b95461de8cbf278f1c2076952d0ad17 -DCOREBOOT_SDK_ROOT_riscv64=/home/jpmurphy/.cache/coreboot-sdk/riscv64-elf/96b949749225b6aaa92ed810ab769e8dfb12f000 -DCOREBOOT_SDK_ROOT_picolibc_arm=/home/jpmurphy/.cache/coreboot-sdk/picolibc-arm-eabi/422a2aa3e1ef891b5bece9a3deb696ff83840d2e -DCOREBOOT_SDK_ROOT_nds32=/home/jpmurphy/.cache/coreboot-sdk/nds32le-elf/d1a518c4a097666d86058e1444f85ca015d15511 -DCOREBOOT_SDK_ROOT_picolibc_riscv64=/home/jpmurphy/.cache/coreboot-sdk/picolibc-riscv64-elf/f571e990ef0278564b31124f8bb109d9a697eb69 -DCOREBOOT_SDK_ROOT_arm=/home/jpmurphy/.cache/coreboot-sdk/arm-eabi/ea40ddd1d190c3b48435c474c0b545719371813a -DCOREBOOT_SDK_ROOT_libstdcxx_riscv64=/home/jpmurphy/.cache/coreboot-sdk/libstdcxx-riscv64-elf/17abf22a3a252e2d5d2062ced5324f7a623689e0 -DCOREBOOT_SDK_ROOT_libstdcxx_arm=/home/jpmurphy/.cache/coreboot-sdk/libstdcxx-arm-eabi/5d7d82e150e44aa1968f1d366e267e6687b328ac -DCOREBOOT_SDK_ROOT_riscv=/home/jpmurphy/.cache/coreboot-sdk/riscv-elf/9a27b9e82341c6e9126624f516ab3f261abb3e73 -DCOREBOOT_SDK_ROOT_libstdcxx_x86=/home/jpmurphy/.cache/coreboot-sdk/libstdcxx-i386-elf/42ef9d2e87a76a37963175d7d428734e65648b87 -DZEPHYR_TOOLCHAIN_VARIANT=coreboot-sdk '-DZEPHYR_MODULES=/mnt/host/source/src/platform/ec/build/zephyr/ovis/modules/cmsis;/mnt/host/source/src/platform/ec/build/zephyr/ovis/modules/cmsis_6;/mnt/host/source/src/platform/ec/build/zephyr/ovis/modules/ec' -DDTC_OVERLAY_FILE=/mnt/host/source/src/platform/ec/zephyr/program/ovis/ovis/project.overlay -DBOARD=npcx9/npcx9m3f -DCMAKE_C_FLAGS=-DSECTION_IS_RO '-DCONF_FILE=/mnt/host/source/src/platform/ec/zephyr/program/ovis/program.conf;/mnt/host/source/src/platform/ec/zephyr/program/ovis/ovis/project.conf;/mnt/host/source/src/platform/ec/build/zephyr/ovis/kconfig-ro.conf'`
[nokris:rw] [47/411] Building C object zephyr/CMakeFiles/zephyr.dir/subsys/shell/backends/shell_uart.c.obj
[ovis:ro] Loading Zephyr default modules (Zephyr base (cached)).
[ovis:ro] -- Application: /mnt/host/source/src/platform/ec/zephyr/program/ovis
[pujjoniru:ro] [357/411] Building C object CMakeFiles/app.dir/mnt/host/source/src/platform/ec/build/zephyr/pujjoniru/modules/ec/common/usbc/usb_pd_host.c.obj
[nokris:rw] [48/411] Building C object zephyr/CMakeFiles/zephyr.dir/subsys/shell/shell.c.obj
[pujjoniru:ro] [358/411] Building C object CMakeFiles/app.dir/mnt/host/source/src/platform/ec/build/zephyr/pujjoniru/modules/ec/zephyr/shim/src/tcpc.c.obj
Running `env -i PYTHONPATH=/usr/lib64/python-exec/python3.11:/mnt/host/source/src/platform/ec/zephyr/zmake:/usr/lib/python311.zip:/usr/lib/python3.11:/usr/lib/python3.11/lib-dynload:/usr/lib/python3.11/site-packages PW_PIGWEED_CIPD_INSTALL_DIR=/usr CROSTC_USER_ACKNOWLEDGES_THAT_RISCV_IS_EXPERIMENTAL=1 PATH=/mnt/host/source/chromite/bin:/usr/local/bin:/usr/bin:/bin:/opt/bin:/mnt/host/source/chromite/sdk/bin:/mnt/host/source/chromite/bin HOME=/home/jpmurphy JAVA_HOME=/etc/java-config-2/current-system-vm JDK_HOME=/etc/java-config-2/current-system-vm JAVAC=/etc/java-config-2/current-system-vm/bin/javac MAKEFLAGS=' -j16 --jobserver-auth=5,6' /usr/bin/lcov --gcov-tool /mnt/host/source/src/platform/ec/build/zephyr/skywalker/build-rw/gcov.sh -q -o - -c -d /mnt/host/source/src/platform/ec/build/zephyr/skywalker -t skywalker --rc branch_coverage=1 --filter range --ignore-errors inconsistent,source --ignore-errors gcov,gcov -i`
[pujjoniru:ro] [359/411] Building C object CMakeFiles/app.dir/mnt/host/source/src/platform/ec/build/zephyr/pujjoniru/modules/ec/common/usbc/svdm_rsp_dfp_only.c.obj
[pujjoniru:ro] [360/411] Building C object CMakeFiles/app.dir/mnt/host/source/src/platform/ec/build/zephyr/pujjoniru/modules/ec/common/usb_pd_host_cmd_common.c.obj
[kinmen-ish:singleimage] [34/261] Building C object CMakeFiles/app.dir/mnt/host/source/src/platform/ec/build/zephyr/kinmen-ish/modules/ec/common/queue.c.obj
[nokris:rw] [49/411] Building C object zephyr/CMakeFiles/zephyr.dir/subsys/shell/shell_fprintf.c.obj
[pujjoniru:ro] [361/411] Building C object CMakeFiles/app.dir/mnt/host/source/src/platform/ec/build/zephyr/pujjoniru/modules/ec/common/usbc_ocp.c.obj
[ovis:ro] -- CMake version: 3.31.7
[ovis:ro] -- Found Python3: /usr/bin/python3.11 (found suitable version "3.11.11", minimum required is "3.10") found components: Interpreter
[ovis:ro] -- Cache files will be written to: /mnt/host/source/src/platform/ec/build/zephyr/user-cache
[ovis:ro] -- Zephyr version: 4.3.99 (/mnt/host/source/src/third_party/zephyr/main)
[nokris:ro] [1/411] Generating include/generated/zephyr/version.h
[nokris:ro] -- git describe warned: warning: tag 'upstream/v2.7.99' is externally known as 'v2.7.99'
[nokris:ro] -- Zephyr version: 4.3.99 (/mnt/host/source/src/third_party/zephyr/main)
[nokris:ro] [2/411] Preparing syscall dependency handling
[nokris:ro] [3/411] Generating misc/generated/syscalls_subdirs.trigger
[pujjoniru:ro] [362/411] Building C object CMakeFiles/app.dir/mnt/host/source/src/platform/ec/build/zephyr/pujjoniru/modules/ec/common/usb_pd_discovery.c.obj
[kinmen-ish:singleimage] [35/261] Building C object CMakeFiles/app.dir/mnt/host/source/src/platform/ec/build/zephyr/kinmen-ish/modules/ec/common/system.c.obj
[pujjoniru:ro] [363/411] Building C object CMakeFiles/app.dir/mnt/host/source/src/platform/ec/build/zephyr/pujjoniru/modules/ec/common/usb_pd_dual_role.c.obj
[/mnt/host/source/src/platform/ec/build/zephyr/deku-lcov]   /mnt/host/source/src/platform/ec/build/zephyr/deku/build-rw/zephyr/CMakeFiles/zephyr.dir/lib/utils/last_section_id.c.gcno:no functions found
[/mnt/host/source/src/platform/ec/build/zephyr/deku-lcov] stderr:
[kinmen-ish:singleimage] [36/261] Building C object CMakeFiles/app.dir/mnt/host/source/src/platform/ec/build/zephyr/kinmen-ish/modules/ec/common/system_boot_time.c.obj
[nokris:rw] [50/411] Building C object zephyr/CMakeFiles/zephyr.dir/subsys/shell/shell_utils.c.obj
[pujjoniru:ro] [364/411] Building C object CMakeFiles/app.dir/mnt/host/source/src/platform/ec/build/zephyr/pujjoniru/modules/ec/driver/tcpm/tcpci.c.obj
[pujjoniru:ro] [365/411] Building C object CMakeFiles/app.dir/mnt/host/source/src/platform/ec/build/zephyr/pujjoniru/modules/ec/driver/tcpm/ite_pd_intc.c.obj
[nokris:rw] [51/411] Building C object zephyr/CMakeFiles/zephyr.dir/subsys/shell/shell_ops.c.obj
[nokris:rw] [52/411] Building C object zephyr/CMakeFiles/zephyr.dir/subsys/shell/shell_history.c.obj
[kinmen-ish:singleimage] [37/261] Building C object CMakeFiles/app.dir/mnt/host/source/src/platform/ec/build/zephyr/kinmen-ish/modules/ec/common/uart_printf.c.obj
[pujjoniru:ro] [366/411] Building C object CMakeFiles/app.dir/mnt/host/source/src/platform/ec/build/zephyr/pujjoniru/modules/ec/driver/tcpm/it8xxx2.c.obj
[/mnt/host/source/src/platform/ec/build/zephyr/skywalker-lcov] geninfo: WARNING: using JSON module "JSON::PP" - which is much slower than some alternatives.  Consider installing one of JSON::XS or Cpanel::JSON::XS
[pujjoniru:ro] [367/411] Building C object CMakeFiles/app.dir/mnt/host/source/src/platform/ec/build/zephyr/pujjoniru/modules/ec/common/usbc_ppc.c.obj
[pujjoniru:ro] [368/411] Building C object CMakeFiles/app.dir/mnt/host/source/src/platform/ec/build/zephyr/pujjoniru/modules/ec/driver/ppc/syv682x.c.obj
[nokris:ro] [4/411] Generating misc/generated/syscalls.json, misc/generated/struct_tags.json
[kinmen-ish:singleimage] [38/261] Building C object CMakeFiles/app.dir/mnt/host/source/src/platform/ec/build/zephyr/kinmen-ish/modules/ec/common/util.c.obj
[nokris:rw] [53/411] Building C object zephyr/arch/common/CMakeFiles/arch__common.dir/init.c.obj
[nokris:ro] [5/411] Generating include/generated/zephyr/syscall_dispatch.c, include/generated/zephyr/syscall_exports_llext.c, syscall_weakdefs_llext.c, include/generated/zephyr/syscall_list.h
[pujjoniru:ro] [369/411] Building C object CMakeFiles/app.dir/mnt/host/source/src/platform/ec/build/zephyr/pujjoniru/modules/ec/common/vboot/efs2.c.obj
[pujjoniru:ro] [370/411] Building C object CMakeFiles/app.dir/mnt/host/source/src/platform/ec/build/zephyr/pujjoniru/modules/ec/common/vboot_hash.c.obj
[ovis:ro] -- Board: npcx9, qualifiers: npcx9m3f
[kinmen-ish:singleimage] [39/261] Building C object CMakeFiles/app.dir/mnt/host/source/src/platform/ec/build/zephyr/kinmen-ish/modules/ec/common/version.c.obj
[pujjoniru:ro] [371/411] Building C object CMakeFiles/app.dir/mnt/host/source/src/platform/ec/build/zephyr/pujjoniru/modules/ec/common/math_util.c.obj
[nokris:rw] [54/411] Building C object zephyr/arch/common/CMakeFiles/arch__common.dir/sw_isr_common.c.obj
[nokris:ro] [6/411] Generating include/generated/zephyr/driver-validation.h
[nokris:rw] [55/411] Building C object zephyr/CMakeFiles/zephyr.dir/drivers/flash/flash_util.c.obj
[pujjoniru:ro] [372/411] Building C object CMakeFiles/app.dir/mnt/host/source/src/platform/ec/build/zephyr/pujjoniru/modules/ec/common/vstore.c.obj
[nokris:rw] [56/411] Linking C static library zephyr/libzephyr.a
[nokris:ro] [7/411] Generating include/generated/zephyr/kobj-types-enum.h, include/generated/zephyr/otype-to-str.h, include/generated/zephyr/otype-to-size.h
[kinmen-ish:singleimage] [40/261] Building C object CMakeFiles/app.dir/mnt/host/source/src/platform/ec/build/zephyr/kinmen-ish/modules/ec/driver/accel_lis2dh.c.obj
[nokris:ro] [8/411] Generating include/generated/device-api-sections.ld, include/generated/device-api-sections.cmake
[pujjoniru:ro] [373/411] Building C object CMakeFiles/app.dir/src/board_power.c.obj
[pujjoniru:ro] [374/411] Building C object CMakeFiles/app.dir/src/common.c.obj
[nokris:rw] [57/411] Building C object zephyr/arch/common/CMakeFiles/arch__common.dir/xip.c.obj
[pujjoniru:ro] [375/411] Building C object CMakeFiles/app.dir/pujjoniru/src/board.c.obj
[pujjoniru:ro] [376/411] Linking C static library modules/ec/zephyr/libec_shim.a
[pujjoniru:ro] [377/411] Building C object CMakeFiles/app.dir/pujjoniru/src/board_touchpanel.c.obj
[kinmen-ish:singleimage] [41/261] Building C object CMakeFiles/app.dir/mnt/host/source/src/platform/ec/build/zephyr/kinmen-ish/modules/ec/common/motion_sense_fifo.c.obj
[nokris:rw] [58/411] Building C object zephyr/arch/common/CMakeFiles/isr_tables.dir/isr_tables.c.obj
[/mnt/host/source/src/platform/ec/build/zephyr/skywalker-lcov] stderr:
[kinmen-ish:singleimage] [42/261] Building C object CMakeFiles/app.dir/mnt/host/source/src/platform/ec/build/zephyr/kinmen-ish/modules/ec/common/cbi_common.c.obj
[nokris:rw] [59/411] Linking C static library zephyr/arch/common/libisr_tables.a
[pujjoniru:ro] [378/411] Building C object CMakeFiles/app.dir/pujjoniru/src/charger.c.obj
[pujjoniru:ro] [379/411] Building C object CMakeFiles/app.dir/pujjoniru/src/usbc.c.obj
[nokris:rw] [60/411] Linking C static library zephyr/arch/common/libarch__common.a
[pujjoniru:ro] [380/411] Building C object CMakeFiles/app.dir/pujjoniru/src/keyboard_customization.c.obj
[nokris:rw] [61/411] Building ASM object zephyr/arch/arch/arm/core/CMakeFiles/arch__arm__core.dir/nmi_on_reset.S.obj
[nokris:rw] [62/411] Building C object zephyr/arch/arch/arm/core/CMakeFiles/arch__arm__core.dir/fatal.c.obj
[nokris:ro] [9/411] Building C object zephyr/CMakeFiles/offsets.dir/arch/arm/core/offsets/offsets.c.obj
[pujjoniru:ro] [381/411] Building C object zephyr/kernel/CMakeFiles/kernel.dir/busy_wait.c.obj
[pujjoniru:ro] [382/411] Building C object zephyr/kernel/CMakeFiles/kernel.dir/errno.c.obj
[pujjoniru:ro] [383/411] Linking C static library app/libapp.a
[kinmen-ish:singleimage] [43/261] Building C object CMakeFiles/app.dir/mnt/host/source/src/platform/ec/build/zephyr/kinmen-ish/modules/ec/common/cbi_gpio.c.obj
[/mnt/host/source/src/platform/ec/build/zephyr/skywalker-lcov]   /mnt/host/source/src/platform/ec/build/zephyr/skywalker/build-ro/modules/ec/zephyr/CMakeFiles/ec_shim.dir/shim/src/power.c.gcno:no functions found
[/mnt/host/source/src/platform/ec/build/zephyr/skywalker-lcov] stderr:
[pujjoniru:ro] [384/411] Building C object zephyr/kernel/CMakeFiles/kernel.dir/device.c.obj
[nokris:ro] [10/411] Generating include/generated/zephyr/offsets.h
[nokris:rw] [63/411] Building C object zephyr/arch/arch/arm/core/CMakeFiles/arch__arm__core.dir/nmi.c.obj
[pujjoniru:ro] [385/411] Building C object zephyr/kernel/CMakeFiles/kernel.dir/fatal.c.obj
[nokris:rw] [64/411] Linking C static library zephyr/arch/arch/arm/core/libarch__arm__core.a
[pujjoniru:ro] [386/411] Building C object zephyr/kernel/CMakeFiles/kernel.dir/version.c.obj
[nokris:rw] [65/411] Building ASM object zephyr/arch/arch/arm/core/cortex_m/CMakeFiles/arch__arm__core__cortex_m.dir/fault_s.S.obj
[/mnt/host/source/src/platform/ec/build/zephyr/skywalker-lcov]   /mnt/host/source/src/platform/ec/build/zephyr/skywalker/build-ro/modules/ec/zephyr/CMakeFiles/ec_shim.dir/shim/src/battery.c.gcno:no functions found
[/mnt/host/source/src/platform/ec/build/zephyr/skywalker-lcov] stderr:
[kinmen-ish:singleimage] [44/261] Building C object CMakeFiles/app.dir/mnt/host/source/src/platform/ec/build/zephyr/kinmen-ish/modules/ec/common/memory_commands.c.obj
[pujjoniru:ro] [387/411] Building C object zephyr/kernel/CMakeFiles/kernel.dir/init.c.obj
[pujjoniru:ro] [388/411] Building C object zephyr/kernel/CMakeFiles/kernel.dir/kheap.c.obj
[ovis:ro] -- Found Dtc: /usr/bin/dtc (found suitable version "1.6.0", minimum required is "1.4.6")
[ovis:ro] -- Found BOARD.dts: /mnt/host/source/src/platform/ec/zephyr/boards/google/npcx9/npcx9_npcx9m3f.dts
[ovis:ro] -- Found devicetree overlay: /mnt/host/source/src/platform/ec/zephyr/program/ovis/ovis/project.overlay
[nokris:rw] [66/411] Building C object zephyr/arch/arch/arm/core/cortex_m/CMakeFiles/arch__arm__core__cortex_m.dir/exc_exit.c.obj
[pujjoniru:ro] [389/411] Building C object zephyr/kernel/CMakeFiles/kernel.dir/mem_slab.c.obj
[pujjoniru:ro] [390/411] Building C object zephyr/kernel/CMakeFiles/kernel.dir/float.c.obj
[kinmen-ish:singleimage] [45/261] Building C object CMakeFiles/app.dir/mnt/host/source/src/platform/ec/build/zephyr/kinmen-ish/modules/ec/common/ap_reset_log.c.obj
[nokris:rw] [67/411] Building C object zephyr/arch/arch/arm/core/cortex_m/CMakeFiles/arch__arm__core__cortex_m.dir/fault.c.obj
[pujjoniru:ro] [391/411] Building C object zephyr/kernel/CMakeFiles/kernel.dir/idle.c.obj
[pujjoniru:ro] [392/411] Building C object zephyr/kernel/CMakeFiles/kernel.dir/msg_q.c.obj
[pujjoniru:ro] [393/411] Building C object zephyr/kernel/CMakeFiles/kernel.dir/mailbox.c.obj
[kinmen-ish:singleimage] [46/261] Building C object CMakeFiles/app.dir/mnt/host/source/src/platform/ec/build/zephyr/kinmen-ish/modules/ec/common/host_command.c.obj
[nokris:ro] [11/411] Building C object zephyr/CMakeFiles/zephyr.dir/lib/libc/validate_libc.c.obj
[/mnt/host/source/src/platform/ec/build/zephyr/skywalker-lcov]   /mnt/host/source/src/platform/ec/build/zephyr/skywalker/build-ro/modules/ec/zephyr/CMakeFiles/ec_shim.dir/shim/src/charger.c.gcno:no functions found
[/mnt/host/source/src/platform/ec/build/zephyr/skywalker-lcov] stderr:
[nokris:rw] [68/411] Building C object zephyr/arch/arch/arm/core/cortex_m/CMakeFiles/arch__arm__core__cortex_m.dir/fpu.c.obj
[pujjoniru:ro] [394/411] Building C object zephyr/kernel/CMakeFiles/kernel.dir/mutex.c.obj
[pujjoniru:ro] [395/411] Building C object zephyr/kernel/CMakeFiles/kernel.dir/queue.c.obj
[pujjoniru:ro] [396/411] Building C object zephyr/kernel/CMakeFiles/kernel.dir/sem.c.obj
[/mnt/host/source/src/platform/ec/build/zephyr/skywalker-lcov]   /mnt/host/source/src/platform/ec/build/zephyr/skywalker/build-ro/modules/ec/zephyr/CMakeFiles/ec_shim.dir/shim/src/usba.c.gcno:no functions found
[/mnt/host/source/src/platform/ec/build/zephyr/skywalker-lcov] stderr:
[kinmen-ish:singleimage] [47/261] Building C object CMakeFiles/app.dir/mnt/host/source/src/platform/ec/build/zephyr/kinmen-ish/modules/ec/common/host_command_task.c.obj
[pujjoniru:ro] [397/411] Building C object zephyr/kernel/CMakeFiles/kernel.dir/stack.c.obj
[nokris:rw] [69/411] Building ASM object zephyr/arch/arch/arm/core/cortex_m/CMakeFiles/arch__arm__core__cortex_m.dir/reset.S.obj
[nokris:rw] [70/411] Building C object zephyr/arch/arch/arm/core/cortex_m/CMakeFiles/arch__arm__core__cortex_m.dir/scb.c.obj
[pujjoniru:ro] [398/411] Building C object zephyr/kernel/CMakeFiles/kernel.dir/system_work_q.c.obj
[pujjoniru:ro] [399/411] Building C object zephyr/kernel/CMakeFiles/kernel.dir/condvar.c.obj
[kinmen-ish:singleimage] [48/261] Building C object CMakeFiles/app.dir/mnt/host/source/src/platform/ec/build/zephyr/kinmen-ish/modules/ec/common/host_event_commands.c.obj
[pujjoniru:ro] [400/411] Building C object zephyr/kernel/CMakeFiles/kernel.dir/work.c.obj
[kinmen-ish:singleimage] [49/261] Building C object CMakeFiles/app.dir/mnt/host/source/src/platform/ec/build/zephyr/kinmen-ish/modules/ec/common/uart_hostcmd.c.obj
[nokris:ro] [12/411] Building C object zephyr/CMakeFiles/zephyr.dir/lib/heap/heap.c.obj
[nokris:rw] [71/411] Building ASM object zephyr/arch/arch/arm/core/cortex_m/CMakeFiles/arch__arm__core__cortex_m.dir/vector_table.S.obj
[nokris:rw] [72/411] Building C object zephyr/arch/arch/arm/core/cortex_m/CMakeFiles/arch__arm__core__cortex_m.dir/thread_abort.c.obj
[pujjoniru:ro] [401/411] Building C object zephyr/kernel/CMakeFiles/kernel.dir/thread.c.obj
[pujjoniru:ro] [402/411] Building C object zephyr/kernel/CMakeFiles/kernel.dir/thread_monitor.c.obj
[pujjoniru:ro] [403/411] Building C object zephyr/kernel/CMakeFiles/kernel.dir/pipe.c.obj
[nokris:rw] [73/411] Building ASM object zephyr/arch/arch/arm/core/cortex_m/CMakeFiles/arch__arm__core__cortex_m.dir/swap_helper.S.obj
[pujjoniru:ro] [404/411] Building C object zephyr/kernel/CMakeFiles/kernel.dir/timeout.c.obj
[pujjoniru:ro] [405/411] Building C object zephyr/kernel/CMakeFiles/kernel.dir/sched.c.obj
Toolchain <zmake.toolchains.CorebootSdkToolchain object at 0x7f41207d5ed0> selected by probe function.
[ocelotrvp-mchp] Building in /mnt/host/source/src/platform/ec/build/zephyr/ocelotrvp-mchp.
[pujjoniru:ro] [406/411] Building C object zephyr/kernel/CMakeFiles/kernel.dir/timer.c.obj
[kinmen-ish:singleimage] [50/261] Building C object CMakeFiles/app.dir/mnt/host/source/src/platform/ec/build/zephyr/kinmen-ish/modules/ec/common/uptime.c.obj
[ovis:ro] -- Generated zephyr.dts: /mnt/host/source/src/platform/ec/build/zephyr/ovis/build-ro/zephyr/zephyr.dts
[ovis:ro] -- Generated pickled edt: /mnt/host/source/src/platform/ec/build/zephyr/ovis/build-ro/zephyr/edt.pickle
[pujjoniru:ro] [407/411] Building C object zephyr/kernel/CMakeFiles/kernel.dir/poll.c.obj
[kinmen-ish:singleimage] [51/261] Building C object CMakeFiles/app.dir/mnt/host/source/src/platform/ec/build/zephyr/kinmen-ish/modules/ec/common/i2c_controller.c.obj
[pujjoniru:ro] [408/411] Building C object zephyr/kernel/CMakeFiles/kernel.dir/mempool.c.obj
[pujjoniru:ro] [409/411] Building C object zephyr/kernel/CMakeFiles/kernel.dir/events.c.obj
[nokris:rw] [74/411] Building C object zephyr/arch/arch/arm/core/cortex_m/CMakeFiles/arch__arm__core__cortex_m.dir/irq_manage.c.obj
[pujjoniru:ro] [410/411] Building C object zephyr/kernel/CMakeFiles/kernel.dir/dynamic_disabled.c.obj
[nokris:rw] [75/411] Building C object zephyr/arch/arch/arm/core/cortex_m/CMakeFiles/arch__arm__core__cortex_m.dir/prep_c.c.obj
[kinmen-ish:singleimage] [52/261] Building C object CMakeFiles/app.dir/mnt/host/source/src/platform/ec/build/zephyr/kinmen-ish/modules/ec/common/i2c_passthru.c.obj
[nokris:rw] [76/411] Building C object zephyr/arch/arch/arm/core/cortex_m/CMakeFiles/arch__arm__core__cortex_m.dir/thread.c.obj
[nokris:ro] [13/411] Building C object zephyr/CMakeFiles/zephyr.dir/lib/os/cbprintf_packaged.c.obj
[kinmen-ish:singleimage] [53/261] Building C object CMakeFiles/app.dir/mnt/host/source/src/platform/ec/build/zephyr/kinmen-ish/modules/ec/common/mkbp_event.c.obj
[pujjoniru:ro] [411/411] Linking C static library zephyr/kernel/libkernel.a
Running (initial) lcov on /mnt/host/source/src/platform/ec/build/zephyr/magikarp.
[ovis:ro] -- Generated devicetree_generated.h: /mnt/host/source/src/platform/ec/build/zephyr/ovis/build-ro/zephyr/include/generated/zephyr/devicetree_generated.h
[nokris:ro] [14/411] Building C object zephyr/CMakeFiles/zephyr.dir/lib/os/clock.c.obj
[kinmen-ish:singleimage] [54/261] Building C object CMakeFiles/app.dir/mnt/host/source/src/platform/ec/build/zephyr/kinmen-ish/modules/ec/common/mkbp_fifo.c.obj
Running `env -i PYTHONPATH=/usr/lib64/python-exec/python3.11:/mnt/host/source/src/platform/ec/zephyr/zmake:/usr/lib/python311.zip:/usr/lib/python3.11:/usr/lib/python3.11/lib-dynload:/usr/lib/python3.11/site-packages PW_PIGWEED_CIPD_INSTALL_DIR=/usr CROSTC_USER_ACKNOWLEDGES_THAT_RISCV_IS_EXPERIMENTAL=1 PATH=/mnt/host/source/chromite/bin:/usr/local/bin:/usr/bin:/bin:/opt/bin:/mnt/host/source/chromite/sdk/bin:/mnt/host/source/chromite/bin HOME=/home/jpmurphy JAVA_HOME=/etc/java-config-2/current-system-vm JDK_HOME=/etc/java-config-2/current-system-vm JAVAC=/etc/java-config-2/current-system-vm/bin/javac MAKEFLAGS=' -j16 --jobserver-auth=5,6' /usr/bin/lcov --gcov-tool /mnt/host/source/src/platform/ec/build/zephyr/magikarp/build-rw/gcov.sh -q -o - -c -d /mnt/host/source/src/platform/ec/build/zephyr/magikarp -t magikarp --rc branch_coverage=1 --filter range --ignore-errors inconsistent,source --ignore-errors gcov,gcov -i`
[nokris:ro] [15/411] Building C object zephyr/CMakeFiles/zephyr.dir/lib/os/printk.c.obj
[kinmen-ish:singleimage] [55/261] Building C object CMakeFiles/app.dir/mnt/host/source/src/platform/ec/build/zephyr/kinmen-ish/modules/ec/common/sha256.c.obj
[nokris:rw] [77/411] Building C object zephyr/arch/arch/arm/core/cortex_m/CMakeFiles/arch__arm__core__cortex_m.dir/irq_init.c.obj
[nokris:rw] [78/411] Building C object zephyr/arch/arch/arm/core/cortex_m/CMakeFiles/arch__arm__core__cortex_m.dir/cpu_idle.c.obj
[kinmen-ish:singleimage] [56/261] Building C object CMakeFiles/app.dir/mnt/host/source/src/platform/ec/build/zephyr/kinmen-ish/modules/ec/common/motion_sense.c.obj
[nokris:ro] [16/411] Building C object zephyr/CMakeFiles/zephyr.dir/lib/os/sem.c.obj
[nokris:rw] [79/411] Building C object zephyr/arch/arch/arm/core/cortex_m/CMakeFiles/arch__arm__core__cortex_m.dir/isr_wrapper.c.obj
[kinmen-ish:singleimage] [57/261] Building C object CMakeFiles/app.dir/mnt/host/source/src/platform/ec/build/zephyr/kinmen-ish/modules/ec/common/shared_mem.c.obj
[nokris:rw] [80/411] Building C object zephyr/arch/arch/arm/core/mpu/CMakeFiles/arch__arm__core__mpu.dir/arm_core_mpu.c.obj
[nokris:ro] [17/411] Building C object zephyr/CMakeFiles/zephyr.dir/lib/os/thread_entry.c.obj
[nokris:rw] [81/411] Linking C static library zephyr/arch/arch/arm/core/cortex_m/libarch__arm__core__cortex_m.a
[nokris:rw] [82/411] Generating ../../../include/generated/libc/minimal/strerror_table.h
[nokris:ro] [18/411] Building C object zephyr/CMakeFiles/zephyr.dir/lib/os/cbprintf_nano.c.obj
[kinmen-ish:singleimage] [58/261] Building C object CMakeFiles/app.dir/mnt/host/source/src/platform/ec/build/zephyr/kinmen-ish/modules/ec/driver/stm_mems_common.c.obj
[nokris:rw] [83/411] Building C object zephyr/lib/libc/minimal/CMakeFiles/lib__libc__minimal.dir/source/stdlib/atoi.c.obj
[nokris:ro] [19/411] Building C object zephyr/CMakeFiles/zephyr.dir/lib/utils/dec.c.obj
[kinmen-ish:singleimage] [59/261] Building C object CMakeFiles/app.dir/mnt/host/source/src/platform/ec/build/zephyr/kinmen-ish/modules/ec/common/timer.c.obj
[kinmen-ish:singleimage] [60/261] Building C object CMakeFiles/app.dir/mnt/host/source/src/platform/ec/build/zephyr/kinmen-ish/modules/ec/common/vstore.c.obj
[nokris:rw] [84/411] Building C object zephyr/arch/arch/arm/core/mpu/CMakeFiles/arch__arm__core__mpu.dir/arm_mpu_regions.c.obj
[nokris:rw] [85/411] Building C object zephyr/lib/libc/minimal/CMakeFiles/lib__libc__minimal.dir/source/stdlib/strtol.c.obj
[nokris:ro] [20/411] Building C object zephyr/CMakeFiles/zephyr.dir/lib/os/cbprintf.c.obj
[nokris:ro] [21/411] Building C object zephyr/CMakeFiles/zephyr.dir/lib/utils/hex.c.obj
[kinmen-ish:singleimage] [61/261] Building C object zephyr/CMakeFiles/zephyr.dir/lib/cpp/abi/cpp_dtors.c.obj
[kinmen-ish:singleimage] [62/261] Building C object CMakeFiles/app.dir/mnt/host/source/src/platform/ec/build/zephyr/kinmen-ish/modules/ec/common/math_util.c.obj
[nokris:ro] [22/411] Building C object zephyr/CMakeFiles/zephyr.dir/lib/os/assert.c.obj
[/mnt/host/source/src/platform/ec/build/zephyr/magikarp-lcov] geninfo: WARNING: using JSON module "JSON::PP" - which is much slower than some alternatives.  Consider installing one of JSON::XS or Cpanel::JSON::XS
[kinmen-ish:singleimage] [63/261] Linking CXX static library app/libapp.a
[nokris:rw] [86/411] Building C object zephyr/lib/libc/minimal/CMakeFiles/lib__libc__minimal.dir/source/stdlib/strtoll.c.obj
[nokris:rw] [87/411] Building C object zephyr/lib/libc/minimal/CMakeFiles/lib__libc__minimal.dir/source/stdlib/strtoul.c.obj
[kinmen-ish:singleimage] [64/261] Building C object zephyr/CMakeFiles/zephyr.dir/lib/libc/validate_libc.c.obj
[nokris:rw] [88/411] Building C object zephyr/arch/arch/arm/core/mpu/CMakeFiles/arch__arm__core__mpu.dir/arm_mpu.c.obj
[nokris:ro] [23/411] Building C object zephyr/CMakeFiles/zephyr.dir/lib/utils/timeutil.c.obj
[nokris:rw] [89/411] Building C object zephyr/lib/libc/minimal/CMakeFiles/lib__libc__minimal.dir/source/stdlib/bsearch.c.obj
[nokris:rw] [90/411] Linking C static library zephyr/arch/arch/arm/core/mpu/libarch__arm__core__mpu.a
[ovis:ro] /mnt/host/source/src/platform/ec/build/zephyr/ovis/build-ro/zephyr/zephyr.dts:3680.15-3687.5: Warning (gpios_property): /fans/fan_0: Missing property '#gpio-cells' in node /named-gpios/en_pp5000_fan or bad phandle (referred from enable-gpio[0])
[nokris:rw] [91/411] Building C object zephyr/lib/libc/minimal/CMakeFiles/lib__libc__minimal.dir/source/stdlib/strtoull.c.obj
[nokris:ro] [24/411] Building C object zephyr/CMakeFiles/zephyr.dir/lib/utils/bitmask.c.obj
[nokris:rw] [92/411] Building C object zephyr/lib/libc/common/CMakeFiles/lib__libc__common.dir/source/stdlib/abort.c.obj
[nokris:rw] [93/411] Building C object zephyr/lib/libc/minimal/CMakeFiles/lib__libc__minimal.dir/source/string/strncasecmp.c.obj
[nokris:ro] [25/411] Building C object zephyr/CMakeFiles/zephyr.dir/lib/utils/rb.c.obj
[kinmen-ish:singleimage] [65/261] Building C object zephyr/CMakeFiles/zephyr.dir/lib/os/printk.c.obj
[nokris:rw] [94/411] Building C object zephyr/lib/libc/minimal/CMakeFiles/lib__libc__minimal.dir/source/stdlib/qsort.c.obj
[nokris:rw] [95/411] Building C object zephyr/lib/libc/minimal/CMakeFiles/lib__libc__minimal.dir/source/string/strerror.c.obj
[kinmen-ish:singleimage] [66/261] Building C object zephyr/CMakeFiles/zephyr.dir/lib/heap/heap.c.obj
[nokris:rw] [96/411] Building C object zephyr/lib/libc/minimal/CMakeFiles/lib__libc__minimal.dir/source/string/strstr.c.obj
[kinmen-ish:singleimage] [67/261] Building C object zephyr/CMakeFiles/zephyr.dir/lib/os/cbprintf_packaged.c.obj
[kinmen-ish:singleimage] [68/261] Building C object zephyr/CMakeFiles/zephyr.dir/lib/os/clock.c.obj
[nokris:rw] [97/411] Building C object zephyr/lib/libc/minimal/CMakeFiles/lib__libc__minimal.dir/source/string/strspn.c.obj
[nokris:ro] [26/411] Building C object zephyr/CMakeFiles/zephyr.dir/lib/utils/ring_buffer.c.obj
[nokris:rw] [98/411] Building C object zephyr/lib/libc/minimal/CMakeFiles/lib__libc__minimal.dir/source/string/string.c.obj
[nokris:ro] [27/411] Building C object zephyr/CMakeFiles/zephyr.dir/lib/utils/bitarray.c.obj
[nokris:ro] [28/411] Building C object zephyr/CMakeFiles/zephyr.dir/lib/utils/last_section_id.c.obj
[kinmen-ish:singleimage] [69/261] Building C object zephyr/CMakeFiles/zephyr.dir/lib/os/sem.c.obj
[/mnt/host/source/src/platform/ec/build/zephyr/magikarp-lcov] stderr:
[kinmen-ish:singleimage] [70/261] Building C object zephyr/CMakeFiles/zephyr.dir/lib/os/thread_entry.c.obj
[nokris:ro] [29/411] Building C object zephyr/CMakeFiles/zephyr.dir/lib/utils/getopt/getopt.c.obj
[nokris:rw] [99/411] Building C object zephyr/lib/libc/minimal/CMakeFiles/lib__libc__minimal.dir/source/stdlib/exit.c.obj
[nokris:ro] [30/411] Building C object zephyr/CMakeFiles/zephyr.dir/misc/generated/configs.c.obj
[kinmen-ish:singleimage] [71/261] Building C object zephyr/CMakeFiles/zephyr.dir/lib/os/assert.c.obj
[nokris:ro] [31/411] Building C object zephyr/CMakeFiles/zephyr.dir/lib/utils/getopt/getopt_common.c.obj
[kinmen-ish:singleimage] [72/261] Building C object zephyr/CMakeFiles/zephyr.dir/lib/os/cbprintf_complete.c.obj
[nokris:rw] [100/411] Building C object zephyr/lib/libc/minimal/CMakeFiles/lib__libc__minimal.dir/source/math/sqrtf.c.obj
[nokris:rw] [101/411] Building C object zephyr/lib/libc/minimal/CMakeFiles/lib__libc__minimal.dir/source/stdout/stdout_console.c.obj
[nokris:rw] [102/411] Building C object zephyr/lib/libc/minimal/CMakeFiles/lib__libc__minimal.dir/source/stdout/sprintf.c.obj
[kinmen-ish:singleimage] [73/261] Building C object zephyr/CMakeFiles/zephyr.dir/lib/os/reboot.c.obj
[kinmen-ish:singleimage] [74/261] Building C object zephyr/CMakeFiles/zephyr.dir/lib/utils/dec.c.obj
[/mnt/host/source/src/platform/ec/build/zephyr/magikarp-lcov]   /mnt/host/source/src/platform/ec/build/zephyr/magikarp/build-ro/modules/ec/zephyr/CMakeFiles/ec_shim.dir/shim/src/power.c.gcno:no functions found
[/mnt/host/source/src/platform/ec/build/zephyr/magikarp-lcov] stderr:
[nokris:rw] [103/411] Building C object zephyr/lib/libc/minimal/CMakeFiles/lib__libc__minimal.dir/source/math/sqrt.c.obj
[kinmen-ish:singleimage] [75/261] Building C object zephyr/CMakeFiles/zephyr.dir/lib/os/mpsc_pbuf.c.obj
[kinmen-ish:singleimage] [76/261] Building C object zephyr/CMakeFiles/zephyr.dir/lib/utils/hex.c.obj
[nokris:rw] [104/411] Building C object zephyr/lib/libc/minimal/CMakeFiles/lib__libc__minimal.dir/source/stdout/fprintf.c.obj
[/mnt/host/source/src/platform/ec/build/zephyr/magikarp-lcov]   /mnt/host/source/src/platform/ec/build/zephyr/magikarp/build-ro/modules/ec/zephyr/CMakeFiles/ec_shim.dir/shim/src/thermal.c.gcno:no functions found
[/mnt/host/source/src/platform/ec/build/zephyr/magikarp-lcov] stderr:
[nokris:rw] [105/411] Building C object zephyr/lib/libc/common/CMakeFiles/lib__libc__common.dir/source/time/asctime.c.obj
[nokris:rw] [106/411] Building C object zephyr/lib/libc/common/CMakeFiles/lib__libc__common.dir/source/time/gmtime_r.c.obj
[nokris:ro] [32/411] Building C object zephyr/CMakeFiles/zephyr.dir/soc/nuvoton/npcx/common/npcxn/registers.c.obj
[nokris:ro] [33/411] Building C object zephyr/CMakeFiles/zephyr.dir/soc/nuvoton/npcx/common/scfg.c.obj
[kinmen-ish:singleimage] [77/261] Building C object zephyr/CMakeFiles/zephyr.dir/lib/utils/bitmask.c.obj
[nokris:ro] [34/411] Building C object zephyr/CMakeFiles/zephyr.dir/soc/nuvoton/npcx/npcx9/soc.c.obj
[kinmen-ish:singleimage] [78/261] Building C object zephyr/CMakeFiles/zephyr.dir/lib/utils/timeutil.c.obj
[nokris:rw] [107/411] Building C object zephyr/lib/libc/common/CMakeFiles/lib__libc__common.dir/source/time/localtime_r_utc.c.obj
[kinmen-ish:singleimage] [79/261] Building C object zephyr/CMakeFiles/zephyr.dir/lib/utils/rb.c.obj
[nokris:rw] [108/411] Building C object zephyr/lib/libc/common/CMakeFiles/lib__libc__common.dir/source/time/time.c.obj
[nokris:ro] [35/411] Building C object zephyr/CMakeFiles/zephyr.dir/soc/nuvoton/npcx/common/power.c.obj
[/mnt/host/source/src/platform/ec/build/zephyr/magikarp-lcov]   /mnt/host/source/src/platform/ec/build/zephyr/magikarp/build-ro/modules/ec/zephyr/CMakeFiles/ec_shim.dir/shim/src/battery.c.gcno:no functions found
[/mnt/host/source/src/platform/ec/build/zephyr/magikarp-lcov] stderr:
[nokris:rw] [109/411] Building C object zephyr/lib/libc/common/CMakeFiles/lib__libc__common.dir/source/time/ctime.c.obj
[nokris:rw] [110/411] Building C object zephyr/lib/libc/minimal/CMakeFiles/lib__libc__minimal.dir/source/time/gmtime.c.obj
[nokris:rw] [111/411] Building C object zephyr/lib/libc/common/CMakeFiles/lib__libc__common.dir/source/string/strnlen.c.obj
[/mnt/host/source/src/platform/ec/build/zephyr/magikarp-lcov]   /mnt/host/source/src/platform/ec/build/zephyr/magikarp/build-ro/modules/ec/zephyr/CMakeFiles/ec_shim.dir/shim/src/charger.c.gcno:no functions found
[/mnt/host/source/src/platform/ec/build/zephyr/magikarp-lcov] stderr:
[nokris:rw] [112/411] Building C object zephyr/lib/posix/c_lib_ext/CMakeFiles/lib__posix__c_lib_ext.dir/fnmatch.c.obj
[/mnt/host/source/src/platform/ec/build/zephyr/magikarp-lcov]   /mnt/host/source/src/platform/ec/build/zephyr/magikarp/build-ro/modules/ec/zephyr/CMakeFiles/ec_shim.dir/shim/src/usb_muxes.c.gcno:no functions found
[/mnt/host/source/src/platform/ec/build/zephyr/magikarp-lcov] stderr:
[nokris:rw] [113/411] Linking C static library zephyr/lib/libc/minimal/liblib__libc__minimal.a
[kinmen-ish:singleimage] [80/261] Building C object zephyr/CMakeFiles/zephyr.dir/lib/utils/bitarray.c.obj
[nokris:rw] [114/411] Building C object zephyr/subsys/crc/CMakeFiles/subsys__crc.dir/crc4_sw.c.obj
[kinmen-ish:singleimage] [81/261] Building C object zephyr/CMakeFiles/zephyr.dir/lib/utils/ring_buffer.c.obj
[kinmen-ish:singleimage] [82/261] Building C object zephyr/CMakeFiles/zephyr.dir/lib/utils/getopt/getopt_common.c.obj
[kinmen-ish:singleimage] [83/261] Building C object zephyr/CMakeFiles/zephyr.dir/lib/utils/getopt/getopt.c.obj
[nokris:rw] [115/411] Building C object zephyr/subsys/crc/CMakeFiles/subsys__crc.dir/crc8_sw.c.obj
[nokris:ro] [36/411] Building C object zephyr/CMakeFiles/zephyr.dir/subsys/pm/state.c.obj
[nokris:ro] [37/411] Building C object zephyr/CMakeFiles/zephyr.dir/subsys/logging/log_minimal.c.obj
[kinmen-ish:singleimage] [84/261] Building C object zephyr/CMakeFiles/zephyr.dir/misc/generated/configs.c.obj
[/mnt/host/source/src/platform/ec/build/zephyr/deku-lcov]   /mnt/host/source/src/platform/ec/build/zephyr/deku/build-rw/zephyr/CMakeFiles/zephyr.dir/soc/nuvoton/npcx/common/npcxn/registers.c.gcno:no functions found
[/mnt/host/source/src/platform/ec/build/zephyr/deku-lcov] stderr:
[nokris:rw] [116/411] Building C object zephyr/subsys/crc/CMakeFiles/subsys__crc.dir/crc16_sw.c.obj
[nokris:ro] [38/411] Building C object zephyr/CMakeFiles/zephyr.dir/subsys/mem_mgmt/mem_attr.c.obj
[nokris:rw] [117/411] Building C object zephyr/lib/libc/common/CMakeFiles/lib__libc__common.dir/source/stdlib/malloc.c.obj
[nokris:ro] [39/411] Building C object zephyr/CMakeFiles/zephyr.dir/subsys/pm/pm.c.obj
[nokris:rw] [118/411] Building C object zephyr/subsys/crc/CMakeFiles/subsys__crc.dir/crc7_sw.c.obj
[kinmen-ish:singleimage] [85/261] Building C object zephyr/CMakeFiles/zephyr.dir/soc/intel/intel_ish/intel_ish5/soc.c.obj
[nokris:rw] [119/411] Linking C static library zephyr/lib/libc/common/liblib__libc__common.a
[nokris:rw] [120/411] Building C object zephyr/lib/posix/c_lib_ext/CMakeFiles/lib__posix__c_lib_ext.dir/getentropy.c.obj
[kinmen-ish:singleimage] [86/261] Building C object zephyr/CMakeFiles/zephyr.dir/soc/intel/intel_ish/intel_ish5/pm/power.c.obj
[nokris:rw] [121/411] Building C object zephyr/subsys/crc/CMakeFiles/subsys__crc.dir/crc24_sw.c.obj
[nokris:rw] [122/411] Building C object zephyr/lib/posix/c_lib_ext/CMakeFiles/lib__posix__c_lib_ext.dir/getopt_shim.c.obj
[nokris:rw] [123/411] Building C object zephyr/subsys/crc/CMakeFiles/subsys__crc.dir/crc32c_sw.c.obj
[nokris:rw] [124/411] Building C object zephyr/subsys/crc/CMakeFiles/subsys__crc.dir/crc32_sw.c.obj
[nokris:rw] [125/411] Linking C static library zephyr/lib/posix/c_lib_ext/liblib__posix__c_lib_ext.a
[nokris:rw] [126/411] Building C object zephyr/subsys/crc/CMakeFiles/subsys__crc.dir/crc32k_4_2_sw.c.obj
[kinmen-ish:singleimage] [87/261] Building C object zephyr/CMakeFiles/zephyr.dir/subsys/logging/log_cache.c.obj
[kinmen-ish:singleimage] [88/261] Building C object zephyr/CMakeFiles/zephyr.dir/subsys/logging/log_mgmt.c.obj
[ovis:ro] warning: Deprecated symbol I2C_ALLOW_NO_STOP_TRANSACTIONS is enabled.
[nokris:ro] [40/411] Building C object zephyr/CMakeFiles/zephyr.dir/subsys/pm/policy/policy_latency.c.obj
[nokris:rw] [127/411] Linking C static library zephyr/subsys/crc/libsubsys__crc.a
[kinmen-ish:singleimage] [89/261] Building C object zephyr/CMakeFiles/zephyr.dir/subsys/logging/log_core.c.obj
[nokris:ro] [41/411] Building C object zephyr/CMakeFiles/zephyr.dir/subsys/pm/policy/policy_events.c.obj
[/mnt/host/source/src/platform/ec/build/zephyr/magikarp-lcov]   /mnt/host/source/src/platform/ec/build/zephyr/magikarp/build-ro/modules/ec/zephyr/CMakeFiles/ec_shim.dir/shim/src/chg_rt9490.c.gcno:no functions found
[/mnt/host/source/src/platform/ec/build/zephyr/magikarp-lcov] stderr:
[kinmen-ish:singleimage] [90/261] Building C object zephyr/CMakeFiles/zephyr.dir/subsys/logging/log_msg.c.obj
[nokris:ro] [42/411] Building C object zephyr/CMakeFiles/zephyr.dir/subsys/pm/policy/policy_state_lock.c.obj
[kinmen-ish:singleimage] [91/261] Building C object zephyr/CMakeFiles/zephyr.dir/subsys/pm/state.c.obj
[kinmen-ish:singleimage] [92/261] Building C object zephyr/CMakeFiles/zephyr.dir/subsys/logging/log_output.c.obj
[nokris:ro] [43/411] Building C object zephyr/CMakeFiles/zephyr.dir/subsys/pm/device.c.obj
[/mnt/host/source/src/platform/ec/build/zephyr/magikarp-lcov]   /mnt/host/source/src/platform/ec/build/zephyr/magikarp/build-ro/modules/ec/zephyr/CMakeFiles/ec_shim.dir/shim/src/usba.c.gcno:no functions found
[/mnt/host/source/src/platform/ec/build/zephyr/magikarp-lcov] stderr:
[kinmen-ish:singleimage] [93/261] Building C object zephyr/CMakeFiles/zephyr.dir/subsys/pm/pm.c.obj
[nokris:rw] [128/411] Building C object zephyr/drivers/interrupt_controller/CMakeFiles/drivers__interrupt_controller.dir/intc_miwu.c.obj
[ovis:ro] Parsing /mnt/host/source/src/platform/ec/zephyr/program/ovis/Kconfig
[kinmen-ish:singleimage] [94/261] Building C object zephyr/CMakeFiles/zephyr.dir/subsys/pm/policy/policy_events.c.obj
[nokris:rw] [129/411] Linking C static library zephyr/drivers/interrupt_controller/libdrivers__interrupt_controller.a
[nokris:rw] [130/411] Building C object zephyr/drivers/adc/CMakeFiles/drivers__adc.dir/adc_common.c.obj
[nokris:ro] [44/411] Building C object zephyr/CMakeFiles/zephyr.dir/subsys/pm/device_system_managed.c.obj
[kinmen-ish:singleimage] [95/261] Building C object zephyr/CMakeFiles/zephyr.dir/subsys/pm/policy/policy_state_lock.c.obj
[nokris:ro] [45/411] Building C object zephyr/CMakeFiles/zephyr.dir/subsys/testsuite/coverage/coverage.c.obj
[nokris:rw] [131/411] Building C object zephyr/drivers/bbram/CMakeFiles/drivers__bbram.dir/bbram_npcx.c.obj
[kinmen-ish:singleimage] [96/261] Building C object zephyr/CMakeFiles/zephyr.dir/subsys/pm/policy/policy_latency.c.obj
[nokris:rw] [132/411] Building C object zephyr/drivers/adc/CMakeFiles/drivers__adc.dir/adc_npcx.c.obj
[/mnt/host/source/src/platform/ec/build/zephyr/skywalker-lcov]   /mnt/host/source/src/platform/ec/build/zephyr/skywalker/build-ro/modules/ec/zephyr/CMakeFiles/ec_shim.dir/shim/src/keyscan.c.gcno:no functions found
[/mnt/host/source/src/platform/ec/build/zephyr/skywalker-lcov] stderr:
[/mnt/host/source/src/platform/ec/build/zephyr/magikarp-lcov]   /mnt/host/source/src/platform/ec/build/zephyr/magikarp/build-ro/modules/ec/zephyr/CMakeFiles/ec_shim.dir/shim/src/keyscan.c.gcno:no functions found
[/mnt/host/source/src/platform/ec/build/zephyr/magikarp-lcov] stderr:
[nokris:rw] [133/411] Linking C static library zephyr/drivers/bbram/libdrivers__bbram.a
[nokris:rw] [134/411] Linking C static library zephyr/drivers/adc/libdrivers__adc.a
[kinmen-ish:singleimage] [97/261] Building C object zephyr/CMakeFiles/zephyr.dir/subsys/pm/policy/policy_default.c.obj
[nokris:ro] [46/411] Building C object zephyr/CMakeFiles/zephyr.dir/subsys/tracing/tracing_none.c.obj
[kinmen-ish:singleimage] [98/261] Building C object zephyr/CMakeFiles/zephyr.dir/subsys/pm/device.c.obj
[kinmen-ish:singleimage] [99/261] Building C object zephyr/CMakeFiles/zephyr.dir/subsys/pm/device_system_managed.c.obj
[nokris:ro] [47/411] Building C object zephyr/CMakeFiles/zephyr.dir/subsys/shell/backends/shell_uart.c.obj
[kinmen-ish:singleimage] [100/261] Building C object zephyr/CMakeFiles/zephyr.dir/subsys/testsuite/coverage/coverage.c.obj
[kinmen-ish:singleimage] [101/261] Building C object zephyr/CMakeFiles/zephyr.dir/subsys/tracing/tracing_none.c.obj
[nokris:rw] [135/411] Building C object zephyr/drivers/console/CMakeFiles/drivers__console.dir/uart_console.c.obj
[nokris:rw] [136/411] Linking C static library zephyr/drivers/console/libdrivers__console.a
[nokris:rw] [137/411] Building C object zephyr/drivers/clock_control/CMakeFiles/drivers__clock_control.dir/clock_control_npcx.c.obj
[nokris:ro] [48/411] Building C object zephyr/CMakeFiles/zephyr.dir/subsys/shell/shell_fprintf.c.obj
[kinmen-ish:singleimage] [102/261] Building C object zephyr/CMakeFiles/zephyr.dir/subsys/shell/modules/kernel_service/kernel_shell.c.obj
[nokris:rw] [138/411] Linking C static library zephyr/drivers/clock_control/libdrivers__clock_control.a
[ovis:ro] Loaded configuration '/mnt/host/source/src/platform/ec/zephyr/boards/google/npcx9/npcx9_npcx9m3f_defconfig'
[ovis:ro] Merged configuration '/mnt/host/source/src/platform/ec/zephyr/program/ovis/program.conf'
[ovis:ro] Merged configuration '/mnt/host/source/src/platform/ec/zephyr/program/ovis/ovis/project.conf'
[ovis:ro] Merged configuration '/mnt/host/source/src/platform/ec/build/zephyr/ovis/kconfig-ro.conf'
[ovis:ro] Configuration saved to '/mnt/host/source/src/platform/ec/build/zephyr/ovis/build-ro/zephyr/.config'
[ovis:ro] Kconfig header saved to '/mnt/host/source/src/platform/ec/build/zephyr/ovis/build-ro/zephyr/include/generated/zephyr/autoconf.h'
[ovis:ro] -- Found GnuLd: /home/jpmurphy/.cache/coreboot-sdk/arm-eabi/ea40ddd1d190c3b48435c474c0b545719371813a/arm-eabi/bin/ld.bfd (found version "2.43.1")
[kinmen-ish:singleimage] [103/261] Building C object zephyr/CMakeFiles/zephyr.dir/subsys/shell/modules/kernel_service/cycles.c.obj
[nokris:rw] [139/411] Building C object zephyr/drivers/eeprom/CMakeFiles/drivers__eeprom.dir/eeprom_at2x.c.obj
[kinmen-ish:singleimage] [104/261] Building C object zephyr/CMakeFiles/zephyr.dir/subsys/shell/modules/kernel_service/sleep.c.obj
[nokris:ro] [49/411] Building C object zephyr/CMakeFiles/zephyr.dir/subsys/shell/shell_utils.c.obj
[nokris:rw] [140/411] Linking C static library zephyr/drivers/eeprom/libdrivers__eeprom.a
[nokris:ro] [50/411] Building C object zephyr/CMakeFiles/zephyr.dir/subsys/shell/shell.c.obj
[nokris:rw] [141/411] Building C object zephyr/drivers/espi/CMakeFiles/drivers__espi.dir/espi_npcx.c.obj
[ovis:ro] -- The C compiler identification is GNU 14.2.0
[kinmen-ish:singleimage] [105/261] Building C object zephyr/CMakeFiles/zephyr.dir/subsys/shell/modules/kernel_service/uptime.c.obj
[kinmen-ish:singleimage] [106/261] Building C object zephyr/CMakeFiles/zephyr.dir/subsys/shell/modules/kernel_service/version.c.obj
[ovis:ro] -- The CXX compiler identification is GNU 14.2.0
[kinmen-ish:singleimage] [107/261] Building C object zephyr/CMakeFiles/zephyr.dir/subsys/shell/modules/kernel_service/log-level.c.obj
[ovis:ro] -- The ASM compiler identification is GNU
[nokris:ro] [51/411] Building C object zephyr/CMakeFiles/zephyr.dir/subsys/shell/shell_ops.c.obj
[ovis:ro] -- Found assembler: /home/jpmurphy/.cache/coreboot-sdk/arm-eabi/ea40ddd1d190c3b48435c474c0b545719371813a/bin/arm-eabi-gcc
[nokris:ro] [52/411] Building C object zephyr/CMakeFiles/zephyr.dir/subsys/shell/shell_history.c.obj
[ovis:ro] CMake Warning at /mnt/host/source/src/platform/ec/zephyr/cmake/linker/ld/linker_libraries.cmake:11 (message):
[ovis:ro]   Disabling c_library
[kinmen-ish:singleimage] [108/261] Building C object zephyr/CMakeFiles/zephyr.dir/subsys/shell/modules/kernel_service/reboot.c.obj
[nokris:rw] [142/411] Building C object zephyr/drivers/flash/CMakeFiles/drivers__flash.dir/jesd216.c.obj
[kinmen-ish:singleimage] [109/261] Building C object zephyr/CMakeFiles/zephyr.dir/subsys/shell/modules/kernel_service/thread/list.c.obj
[nokris:rw] [143/411] Building C object zephyr/drivers/espi/CMakeFiles/drivers__espi.dir/host_subs_npcx.c.obj
[nokris:rw] [144/411] Linking C static library zephyr/drivers/espi/libdrivers__espi.a
[kinmen-ish:singleimage] [110/261] Building C object zephyr/CMakeFiles/zephyr.dir/subsys/shell/modules/kernel_service/thread/thread.c.obj
[nokris:ro] [53/411] Building C object zephyr/arch/common/CMakeFiles/arch__common.dir/sw_isr_common.c.obj
[nokris:rw] [145/411] Building C object zephyr/drivers/flash/CMakeFiles/drivers__flash.dir/flash_npcx_fiu_nor.c.obj
[nokris:rw] [146/411] Building C object zephyr/drivers/flash/CMakeFiles/drivers__flash.dir/flash_npcx_fiu_qspi.c.obj
[kinmen-ish:singleimage] [111/261] Building C object zephyr/CMakeFiles/zephyr.dir/subsys/shell/modules/kernel_service/thread/unwind.c.obj
[nokris:ro] [54/411] Building C object zephyr/CMakeFiles/zephyr.dir/drivers/flash/flash_util.c.obj
[nokris:ro] [55/411] Building C object zephyr/arch/common/CMakeFiles/arch__common.dir/init.c.obj
[nokris:rw] [147/411] Linking C static library zephyr/drivers/flash/libdrivers__flash.a
[kinmen-ish:singleimage] [112/261] Building C object zephyr/CMakeFiles/zephyr.dir/subsys/shell/modules/kernel_service/thread/stacks.c.obj
[kinmen-ish:singleimage] [113/261] Building C object zephyr/CMakeFiles/zephyr.dir/subsys/shell/modules/kernel_service/thread/suspend.c.obj
[nokris:ro] [56/411] Linking C static library zephyr/libzephyr.a
[kinmen-ish:singleimage] [114/261] Building C object zephyr/CMakeFiles/zephyr.dir/subsys/shell/modules/kernel_service/thread/resume.c.obj
[ovis:ro] -- Performing EC specific devicetree checks
[nokris:rw] [148/411] Building C object zephyr/drivers/gpio/CMakeFiles/drivers__gpio.dir/gpio_nct38xx.c.obj
[nokris:ro] [57/411] Building C object zephyr/arch/common/CMakeFiles/arch__common.dir/xip.c.obj
[nokris:ro] [58/411] Building C object zephyr/arch/common/CMakeFiles/isr_tables.dir/isr_tables.c.obj
[ovis:ro] Call Stack (most recent call first):
[ovis:ro]   /mnt/host/source/src/third_party/zephyr/main/cmake/target_toolchain_flags.cmake:48 (include)
[ovis:ro]   /mnt/host/source/src/third_party/zephyr/main/cmake/modules/kernel.cmake:153 (include)
[ovis:ro]   /mnt/host/source/src/third_party/zephyr/main/cmake/modules/zephyr_default.cmake:138 (include)
[ovis:ro]   /mnt/host/source/src/third_party/zephyr/main/share/zephyr-package/cmake/ZephyrConfig.cmake:66 (include)
[ovis:ro]   /mnt/host/source/src/third_party/zephyr/main/share/zephyr-package/cmake/ZephyrConfig.cmake:97 (include_boilerplate)
[ovis:ro]   CMakeLists.txt:6 (find_package)
[ovis:ro] INFO: Verified 99 GPIOs, no duplicates found
[ovis:ro] INFO: Verified 7 '*-gpios' properties, all flags match.
[ovis:ro] INFO: Skipped 10 named-gpios children.
[nokris:ro] [59/411] Linking C static library zephyr/arch/common/libisr_tables.a
[kinmen-ish:singleimage] [115/261] Building C object zephyr/CMakeFiles/zephyr.dir/subsys/shell/modules/kernel_service/thread/kill.c.obj
[nokris:ro] [60/411] Building ASM object zephyr/arch/arch/arm/core/CMakeFiles/arch__arm__core.dir/nmi_on_reset.S.obj
[kinmen-ish:singleimage] [116/261] Building C object zephyr/CMakeFiles/zephyr.dir/subsys/shell/shell_fprintf.c.obj
[nokris:ro] [61/411] Linking C static library zephyr/arch/common/libarch__common.a
[kinmen-ish:singleimage] [117/261] Building C object zephyr/CMakeFiles/zephyr.dir/subsys/shell/backends/shell_uart.c.obj
[ovis:ro] -- Generating component manifest file
[nokris:rw] [149/411] Building C object zephyr/drivers/gpio/CMakeFiles/drivers__gpio.dir/gpio_nct38xx_port.c.obj
[/mnt/host/source/src/platform/ec/build/zephyr/magikarp-lcov]   /mnt/host/source/src/platform/ec/build/zephyr/magikarp/build-ro/modules/ec/zephyr/CMakeFiles/ec_shim.dir/shim/src/bc12.c.gcno:no functions found
[/mnt/host/source/src/platform/ec/build/zephyr/magikarp-lcov] stderr:
[nokris:ro] [62/411] Building C object zephyr/arch/arch/arm/core/CMakeFiles/arch__arm__core.dir/fatal.c.obj
[nokris:rw] [150/411] Building C object zephyr/drivers/i2c/CMakeFiles/drivers__i2c.dir/i2c_common.c.obj
[kinmen-ish:singleimage] [118/261] Building C object zephyr/CMakeFiles/zephyr.dir/subsys/shell/shell.c.obj
[nokris:rw] [151/411] Building C object zephyr/drivers/gpio/CMakeFiles/drivers__gpio.dir/gpio_npcx.c.obj
[nokris:ro] [63/411] Building C object zephyr/arch/arch/arm/core/CMakeFiles/arch__arm__core.dir/nmi.c.obj
[ovis:ro] INFO: Running CME, outputting to /mnt/host/source/src/platform/ec/build/zephyr/ovis/build-ro/zephyr/component_manifest.json
[ovis:ro] INFO: Project ovis does not support SSFC
[ovis:ro] INFO: Component virtual-mux-c0(cros-ec,usbc-mux-virtual) not on I2C bus, skip it
[ovis:ro] INFO: Component virtual-mux-c1(cros-ec,usbc-mux-virtual) not on I2C bus, skip it
[ovis:ro] INFO: Component virtual-mux-c2(cros-ec,usbc-mux-virtual) not on I2C bus, skip it
[ovis:ro] INFO: No motionsense-sensor node found
[nokris:rw] [152/411] Linking C static library zephyr/drivers/gpio/libdrivers__gpio.a
[nokris:ro] [64/411] Linking C static library zephyr/arch/arch/arm/core/libarch__arm__core.a
[ovis:ro] -- warning_base_override: -Wall;-Wformat;-Wformat-security;-Wformat;-Wno-format-zero-length;-Wno-pointer-sign;-Wpointer-arith;-Wexpansion-to-defined
[nokris:ro] [65/411] Building ASM object zephyr/arch/arch/arm/core/cortex_m/CMakeFiles/arch__arm__core__cortex_m.dir/fault_s.S.obj
[kinmen-ish:singleimage] [119/261] Building C object zephyr/CMakeFiles/zephyr.dir/subsys/shell/shell_utils.c.obj
[kinmen-ish:singleimage] [120/261] Building C object zephyr/CMakeFiles/zephyr.dir/subsys/shell/shell_ops.c.obj
[nokris:rw] [153/411] Building C object zephyr/drivers/i2c/CMakeFiles/drivers__i2c.dir/i2c_shell.c.obj
[nokris:ro] [66/411] Building C object zephyr/arch/arch/arm/core/cortex_m/CMakeFiles/arch__arm__core__cortex_m.dir/exc_exit.c.obj
[kinmen-ish:singleimage] [121/261] Building C object zephyr/CMakeFiles/zephyr.dir/subsys/shell/shell_log_backend.c.obj
[ovis:ro] -- Found gen_kobject_list: /mnt/host/source/src/third_party/zephyr/main/scripts/build/gen_kobject_list.py
[ovis:ro] CMake Warning at /mnt/host/source/src/third_party/zephyr/main/CMakeLists.txt:2359 (message):
[ovis:ro]   __ASSERT() statements are globally ENABLED
[nokris:ro] [67/411] Building C object zephyr/arch/arch/arm/core/cortex_m/CMakeFiles/arch__arm__core__cortex_m.dir/fault.c.obj
[nokris:rw] [154/411] Building C object zephyr/drivers/i2c/CMakeFiles/drivers__i2c.dir/i2c_npcx_controller.c.obj
[kinmen-ish:singleimage] [122/261] Building C object zephyr/CMakeFiles/zephyr.dir/subsys/shell/shell_help.c.obj
[kinmen-ish:singleimage] [123/261] Building C object zephyr/CMakeFiles/zephyr.dir/subsys/shell/shell_history.c.obj
[nokris:ro] [68/411] Building ASM object zephyr/arch/arch/arm/core/cortex_m/CMakeFiles/arch__arm__core__cortex_m.dir/reset.S.obj
[ovis:ro] -- Configuring done (16.1s)
[nokris:rw] [155/411] Building C object zephyr/drivers/i2c/CMakeFiles/drivers__i2c.dir/i2c_npcx_controller_fifo.c.obj
[kinmen-ish:singleimage] [124/261] Building C object zephyr/CMakeFiles/zephyr.dir/mnt/host/source/src/third_party/zephyrproject/modules/hal/intel/zephyr/bsp_sedi/bsp_sedi_rtos_utils.c.obj
[/mnt/host/source/src/platform/ec/build/zephyr/skywalker-lcov]   /mnt/host/source/src/platform/ec/build/zephyr/skywalker/build-ro/CMakeFiles/app.dir/mnt/host/source/src/platform/ec/build/zephyr/skywalker/modules/ec/common/chargen.c.gcno:no functions found
[/mnt/host/source/src/platform/ec/build/zephyr/skywalker-lcov] stderr:
[kinmen-ish:singleimage] [125/261] Building C object zephyr/arch/common/CMakeFiles/arch__common.dir/init.c.obj
[kinmen-ish:singleimage] [126/261] Linking CXX static library zephyr/libzephyr.a
[nokris:ro] [69/411] Building C object zephyr/arch/arch/arm/core/cortex_m/CMakeFiles/arch__arm__core__cortex_m.dir/fpu.c.obj
[kinmen-ish:singleimage] [127/261] Building C object zephyr/arch/arch/x86/core/CMakeFiles/arch__x86__core.dir/cpuhalt.c.obj
[kinmen-ish:singleimage] [128/261] Linking CXX static library zephyr/arch/common/libarch__common.a
[nokris:rw] [156/411] Building C object zephyr/drivers/i2c/CMakeFiles/drivers__i2c.dir/i2c_npcx_port.c.obj
[nokris:ro] [70/411] Building ASM object zephyr/arch/arch/arm/core/cortex_m/CMakeFiles/arch__arm__core__cortex_m.dir/vector_table.S.obj
[nokris:rw] [157/411] Linking C static library zephyr/drivers/i2c/libdrivers__i2c.a
[nokris:rw] [158/411] Building C object zephyr/drivers/mfd/CMakeFiles/drivers__mfd.dir/mfd_nct38xx.c.obj
[kinmen-ish:singleimage] [129/261] Building C object zephyr/arch/arch/x86/core/CMakeFiles/arch__x86__core.dir/prep_c.c.obj
[ovis:ro] -- Generating done (0.5s)
[ovis:ro] CMake Warning:
[nokris:rw] [159/411] Linking C static library zephyr/drivers/mfd/libdrivers__mfd.a
[nokris:ro] [71/411] Building C object zephyr/arch/arch/arm/core/cortex_m/CMakeFiles/arch__arm__core__cortex_m.dir/scb.c.obj
[nokris:rw] [160/411] Building C object zephyr/drivers/sensor/CMakeFiles/drivers__sensor.dir/mnt/host/source/src/third_party/zephyr/main/misc/empty_file.c.obj
[kinmen-ish:singleimage] [130/261] Building C object zephyr/arch/arch/x86/core/CMakeFiles/arch__x86__core.dir/spec_ctrl.c.obj
[nokris:rw] [161/411] Linking C static library zephyr/drivers/sensor/libdrivers__sensor.a
[nokris:ro] [72/411] Building C object zephyr/arch/arch/arm/core/cortex_m/CMakeFiles/arch__arm__core__cortex_m.dir/thread_abort.c.obj
[kinmen-ish:singleimage] [131/261] Building C object zephyr/arch/arch/x86/core/CMakeFiles/arch__x86__core.dir/cpuid.c.obj
[nokris:rw] [162/411] Building C object zephyr/drivers/pinctrl/CMakeFiles/drivers__pinctrl.dir/common.c.obj
[ovis:ro] -- Build files have been written to: /mnt/host/source/src/platform/ec/build/zephyr/ovis/build-ro
[ovis:ro]   Manually-specified variables were not used by the project:
[ovis:ro]     COREBOOT_SDK_ROOT_libstdcxx_riscv64
[ovis:ro]     COREBOOT_SDK_ROOT_libstdcxx_x86
[ovis:ro]     COREBOOT_SDK_ROOT_nds32
[ovis:ro]     COREBOOT_SDK_ROOT_picolibc_riscv64
[ovis:ro]     COREBOOT_SDK_ROOT_picolibc_x86
[ovis:ro]     COREBOOT_SDK_ROOT_riscv
[ovis:ro]     COREBOOT_SDK_ROOT_riscv64
[ovis:ro]     COREBOOT_SDK_ROOT_x86
[kinmen-ish:singleimage] [132/261] Building C object zephyr/arch/arch/x86/core/CMakeFiles/arch__x86__core.dir/reboot_rst_cnt.c.obj
[nokris:rw] [163/411] Building C object zephyr/drivers/pinctrl/CMakeFiles/drivers__pinctrl.dir/pinctrl_npcx.c.obj
[kinmen-ish:singleimage] [133/261] Building C object zephyr/arch/arch/x86/core/CMakeFiles/arch__x86__core.dir/fatal.c.obj
[nokris:rw] [164/411] Linking C static library zephyr/drivers/pinctrl/libdrivers__pinctrl.a
[nokris:ro] [73/411] Building ASM object zephyr/arch/arch/arm/core/cortex_m/CMakeFiles/arch__arm__core__cortex_m.dir/swap_helper.S.obj
[kinmen-ish:singleimage] [134/261] Building C object zephyr/arch/arch/x86/core/CMakeFiles/arch__x86__core.dir/tls.c.obj
[kinmen-ish:singleimage] [135/261] Building ASM object zephyr/arch/arch/x86/core/CMakeFiles/arch__x86__core.dir/ia32/crt0.S.obj
[nokris:rw] [165/411] Building C object zephyr/drivers/pwm/CMakeFiles/drivers__pwm.dir/pwm_npcx.c.obj
[nokris:ro] [74/411] Building C object zephyr/arch/arch/arm/core/cortex_m/CMakeFiles/arch__arm__core__cortex_m.dir/irq_manage.c.obj
[kinmen-ish:singleimage] [136/261] Building ASM object zephyr/arch/arch/x86/core/CMakeFiles/arch__x86__core.dir/ia32/excstub.S.obj
[nokris:ro] [75/411] Building C object zephyr/arch/arch/arm/core/cortex_m/CMakeFiles/arch__arm__core__cortex_m.dir/prep_c.c.obj
[nokris:rw] [166/411] Linking C static library zephyr/drivers/pwm/libdrivers__pwm.a
[kinmen-ish:singleimage] [137/261] Building ASM object zephyr/arch/arch/x86/core/CMakeFiles/arch__x86__core.dir/ia32/intstub.S.obj
[kinmen-ish:singleimage] [138/261] Building C object zephyr/arch/arch/x86/core/CMakeFiles/arch__x86__core.dir/ia32/irq_manage.c.obj
[nokris:ro] [76/411] Building C object zephyr/arch/arch/arm/core/cortex_m/CMakeFiles/arch__arm__core__cortex_m.dir/thread.c.obj
[kinmen-ish:singleimage] [139/261] Building ASM object zephyr/arch/arch/x86/core/CMakeFiles/arch__x86__core.dir/ia32/swap.S.obj
[nokris:ro] [77/411] Building C object zephyr/arch/arch/arm/core/cortex_m/CMakeFiles/arch__arm__core__cortex_m.dir/cpu_idle.c.obj
[nokris:rw] [167/411] Building C object zephyr/drivers/sensor/nuvoton/nuvoton_adc_cmp_npcx/CMakeFiles/drivers__sensor__nuvoton__nuvoton_adc_cmp_npcx.dir/adc_cmp_npcx.c.obj
[nokris:rw] [168/411] Building C object zephyr/drivers/sensor/nuvoton/nuvoton_tach_npcx/CMakeFiles/drivers__sensor__nuvoton__nuvoton_tach_npcx.dir/tach_nuvoton_npcx.c.obj
[/mnt/host/source/src/platform/ec/build/zephyr/deku-lcov]   /mnt/host/source/src/platform/ec/build/zephyr/deku/build-rw/zephyr/drivers/sensor/CMakeFiles/drivers__sensor.dir/mnt/host/source/src/third_party/zephyr/main/misc/empty_file.c.gcno:no functions found
[/mnt/host/source/src/platform/ec/build/zephyr/deku-lcov] Filter suppressions 'region':
[nokris:rw] [169/411] Linking C static library zephyr/drivers/sensor/nuvoton/nuvoton_adc_cmp_npcx/libdrivers__sensor__nuvoton__nuvoton_adc_cmp_npcx.a
[/mnt/host/source/src/platform/ec/build/zephyr/deku-lcov]     30 instances
[/mnt/host/source/src/platform/ec/build/zephyr/deku-lcov]     16 coverpoints
[/mnt/host/source/src/platform/ec/build/zephyr/deku-lcov] Message summary:
[/mnt/host/source/src/platform/ec/build/zephyr/deku-lcov]   27 ignore messages:
[/mnt/host/source/src/platform/ec/build/zephyr/deku-lcov]     gcov: 27
[ovis:rw] Building: /usr/bin/ninja -C /mnt/host/source/src/platform/ec/build/zephyr/ovis/build-rw all.libraries
Running `env -i SHELL=/bin/bash COLORTERM=truecolor DEPOT_TOOLS_UPDATE=0 LESS='-R -M --shift 5' SUDO_GID=0 JDK_HOME=/etc/java-config-2/current-system-vm CONFIG_PROTECT_MASK='/etc/gentoo-release /etc/sandbox.d /etc/fonts/fonts.conf /etc/terminfo /etc/ca-certificates.conf /etc/revdep-rebuild' CHROMEOS_CACHEDIR=/var/cache/chromeos-cache JAVA_HOME=/etc/java-config-2/current-system-vm SSH_AUTH_SOCK=/tmp/ssh-auth-sock SUDO_COMMAND=/bin/bash SUDO_USER=root SUDO_TTY=/dev/pts/2 EDITOR=/usr/bin/vi PWD=/mnt/host/source/src/platform/ec CONFIG_PROTECT=/usr/share/gnupg/qualified.txt LOGNAME=jpmurphy MANPATH=/etc/java-config-2/current-system-vm/man:/usr/local/share/man:/usr/share/man:/usr/share/gcc-data/x86_64-pc-linux-gnu/10.2.0/man:/usr/share/binutils-data/x86_64-pc-linux-gnu/2.45/man:/etc/java-config-2/current-system-vm/man/ SUDO_HOME=/root XAUTHORITY=/run/user/944457/gdm/Xauthority HOME=/home/jpmurphy LANG=C.UTF-8 LS_COLORS='rs=0:di=01;34:ln=01;36:mh=00:pi=40;33:so=01;35:do=01;35:bd=40;33;01:cd=40;33;01:or=01;05;37;41:mi=01;05;37;41:su=37;41:sg=30;43:ca=30;41:tw=30;42:ow=34;42:st=37;44:ex=01;32:*.tar=01;31:*.tgz=01;31:*.arc=01;31:*.arj=01;31:*.taz=01;31:*.lha=01;31:*.lz4=01;31:*.lzh=01;31:*.lzma=01;31:*.tlz=01;31:*.txz=01;31:*.tzo=01;31:*.t7z=01;31:*.zip=01;31:*.z=01;31:*.dz=01;31:*.gz=01;31:*.lrz=01;31:*.lz=01;31:*.lzo=01;31:*.xz=01;31:*.zst=01;31:*.tzst=01;31:*.bz2=01;31:*.bz=01;31:*.tbz=01;31:*.tbz2=01;31:*.tz=01;31:*.deb=01;31:*.rpm=01;31:*.jar=01;31:*.war=01;31:*.ear=01;31:*.sar=01;31:*.rar=01;31:*.alz=01;31:*.ace=01;31:*.zoo=01;31:*.cpio=01;31:*.7z=01;31:*.rz=01;31:*.cab=01;31:*.wim=01;31:*.swm=01;31:*.dwm=01;31:*.esd=01;31:*.jpg=01;35:*.jpeg=01;35:*.mjpg=01;35:*.mjpeg=01;35:*.gif=01;35:*.bmp=01;35:*.pbm=01;35:*.pgm=01;35:*.ppm=01;35:*.tga=01;35:*.xbm=01;35:*.xpm=01;35:*.tif=01;35:*.tiff=01;35:*.png=01;35:*.svg=01;35:*.svgz=01;35:*.mng=01;35:*.pcx=01;35:*.mov=01;35:*.mpg=01;35:*.mpeg=01;35:*.m2v=01;35:*.mkv=01;35:*.webm=01;35:*.webp=01;35:*.ogm=01;35:*.mp4=01;35:*.m4v=01;35:*.mp4v=01;35:*.vob=01;35:*.qt=01;35:*.nuv=01;35:*.wmv=01;35:*.asf=01;35:*.rm=01;35:*.rmvb=01;35:*.flc=01;35:*.avi=01;35:*.fli=01;35:*.flv=01;35:*.gl=01;35:*.dl=01;35:*.xcf=01;35:*.xwd=01;35:*.yuv=01;35:*.cgm=01;35:*.emf=01;35:*.ogv=01;35:*.ogx=01;35:*.cfg=00;32:*.conf=00;32:*.diff=00;32:*.doc=00;32:*.ini=00;32:*.log=00;32:*.patch=00;32:*.pdf=00;32:*.ps=00;32:*.tex=00;32:*.txt=00;32:*.aac=00;36:*.au=00;36:*.flac=00;36:*.m4a=00;36:*.mid=00;36:*.midi=00;36:*.mka=00;36:*.mp3=00;36:*.mpc=00;36:*.ogg=00;36:*.ra=00;36:*.wav=00;36:*.oga=00;36:*.opus=00;36:*.spx=00;36:*.xspf=00;36:' XDG_CURRENT_DESKTOP=GNOME INFOPATH=/usr/share/info:/usr/share/gcc-data/x86_64-pc-linux-gnu/10.2.0/info:/usr/share/binutils-data/x86_64-pc-linux-gnu/2.45/info:/usr/share/automake-1.16.5/info JAVAC=/etc/java-config-2/current-system-vm/bin/javac TERM=xterm-256color LESSOPEN='|lesspipe %s' USER=jpmurphy CROS_WORKON_SRCROOT=/mnt/host/source MANPAGER=manpager DISPLAY=:1 SHLVL=1 LC_MESSAGES=C EXTERNAL_TRUNK_PATH=/mnt/8f9d649a-3721-44cc-93c0-e6bd21a9689f/chromiumos GCC_SPECS='' PATH=/mnt/host/source/chromite/bin:/usr/local/bin:/usr/bin:/bin:/opt/bin:/mnt/host/source/chromite/sdk/bin:/mnt/host/source/chromite/bin PORTAGE_USERNAME=jpmurphy SUDO_UID=0 GCC_VER=10.2.0 MAIL=/var/mail/jpmurphy OLDPWD=/mnt/host/source/src/scripts traceparent=00-e87aca51550a78635907baa6a2476181-6d684811675d2973-01 _=./zephyr/firmware_builder.py COREBOOT_SDK_ROOT_x86=/home/jpmurphy/.cache/coreboot-sdk/i386-elf/dfbb0486385d938cfa9d73080b9d18d598ed4f49 COREBOOT_SDK_ROOT_picolibc_x86=/home/jpmurphy/.cache/coreboot-sdk/picolibc-i386-elf/eb8e8e687b95461de8cbf278f1c2076952d0ad17 COREBOOT_SDK_ROOT_riscv64=/home/jpmurphy/.cache/coreboot-sdk/riscv64-elf/96b949749225b6aaa92ed810ab769e8dfb12f000 COREBOOT_SDK_ROOT_picolibc_arm=/home/jpmurphy/.cache/coreboot-sdk/picolibc-arm-eabi/422a2aa3e1ef891b5bece9a3deb696ff83840d2e COREBOOT_SDK_ROOT_nds32=/home/jpmurphy/.cache/coreboot-sdk/nds32le-elf/d1a518c4a097666d86058e1444f85ca015d15511 COREBOOT_SDK_ROOT_picolibc_riscv64=/home/jpmurphy/.cache/coreboot-sdk/picolibc-riscv64-elf/f571e990ef0278564b31124f8bb109d9a697eb69 COREBOOT_SDK_ROOT_arm=/home/jpmurphy/.cache/coreboot-sdk/arm-eabi/ea40ddd1d190c3b48435c474c0b545719371813a COREBOOT_SDK_ROOT_libstdcxx_riscv64=/home/jpmurphy/.cache/coreboot-sdk/libstdcxx-riscv64-elf/17abf22a3a252e2d5d2062ced5324f7a623689e0 COREBOOT_SDK_ROOT_libstdcxx_arm=/home/jpmurphy/.cache/coreboot-sdk/libstdcxx-arm-eabi/5d7d82e150e44aa1968f1d366e267e6687b328ac COREBOOT_SDK_ROOT_riscv=/home/jpmurphy/.cache/coreboot-sdk/riscv-elf/9a27b9e82341c6e9126624f516ab3f261abb3e73 COREBOOT_SDK_ROOT_libstdcxx_x86=/home/jpmurphy/.cache/coreboot-sdk/libstdcxx-i386-elf/42ef9d2e87a76a37963175d7d428734e65648b87 PYTHONPATH=/mnt/host/source/src/platform/ec/zephyr/zmake PW_PIGWEED_CIPD_INSTALL_DIR=/usr CROSTC_USER_ACKNOWLEDGES_THAT_RISCV_IS_EXPERIMENTAL=1 MAKEFLAGS=' -j16 --jobserver-auth=5,6' /usr/bin/ninja -C /mnt/host/source/src/platform/ec/build/zephyr/ovis/build-rw all.libraries`
[nokris:ro] [78/411] Building C object zephyr/arch/arch/arm/core/cortex_m/CMakeFiles/arch__arm__core__cortex_m.dir/irq_init.c.obj
[ovis:rw] ninja: Entering directory `/mnt/host/source/src/platform/ec/build/zephyr/ovis/build-rw'
[kinmen-ish:singleimage] [140/261] Building C object zephyr/arch/arch/x86/core/CMakeFiles/arch__x86__core.dir/ia32/thread.c.obj
[nokris:rw] [170/411] Linking C static library zephyr/drivers/sensor/nuvoton/nuvoton_tach_npcx/libdrivers__sensor__nuvoton__nuvoton_tach_npcx.a
[nokris:ro] [79/411] Generating ../../../include/generated/libc/minimal/strerror_table.h
[kinmen-ish:singleimage] [141/261] Building C object zephyr/arch/arch/x86/core/CMakeFiles/arch__x86__core.dir/ia32/tls.c.obj
[nokris:rw] [171/411] Building C object zephyr/drivers/serial/CMakeFiles/drivers__serial.dir/uart_npcx.c.obj
[kinmen-ish:singleimage] [142/261] Building C object zephyr/arch/arch/x86/core/CMakeFiles/arch__x86__core.dir/ia32/fatal.c.obj
[nokris:rw] [172/411] Linking C static library zephyr/drivers/serial/libdrivers__serial.a
[kinmen-ish:singleimage] [143/261] Building C object zephyr/arch/arch/x86/core/CMakeFiles/arch__x86__core.dir/ia32/soft_float_stubs.c.obj
[nokris:ro] [80/411] Building C object zephyr/lib/libc/minimal/CMakeFiles/lib__libc__minimal.dir/source/stdlib/atoi.c.obj
[nokris:rw] [173/411] Building C object zephyr/drivers/syscon/CMakeFiles/drivers__syscon.dir/syscon.c.obj
[kinmen-ish:singleimage] [144/261] Linking CXX static library zephyr/arch/arch/x86/core/libarch__x86__core.a
[nokris:ro] [81/411] Building C object zephyr/arch/arch/arm/core/mpu/CMakeFiles/arch__arm__core__mpu.dir/arm_core_mpu.c.obj
[nokris:ro] [82/411] Building C object zephyr/arch/arch/arm/core/cortex_m/CMakeFiles/arch__arm__core__cortex_m.dir/isr_wrapper.c.obj
[nokris:rw] [174/411] Linking C static library zephyr/drivers/syscon/libdrivers__syscon.a
[nokris:ro] [83/411] Building C object zephyr/lib/libc/minimal/CMakeFiles/lib__libc__minimal.dir/source/stdlib/strtol.c.obj
[nokris:ro] [84/411] Linking C static library zephyr/arch/arch/arm/core/cortex_m/libarch__arm__core__cortex_m.a
[nokris:ro] [85/411] Building C object zephyr/lib/libc/minimal/CMakeFiles/lib__libc__minimal.dir/source/stdlib/strtoul.c.obj
[nokris:ro] [86/411] Building C object zephyr/arch/arch/arm/core/mpu/CMakeFiles/arch__arm__core__mpu.dir/arm_mpu_regions.c.obj
[kinmen-ish:singleimage] [145/261] Building C object zephyr/lib/libc/picolibc/CMakeFiles/lib__libc__picolibc.dir/assert.c.obj
[nokris:ro] [87/411] Building C object zephyr/arch/arch/arm/core/mpu/CMakeFiles/arch__arm__core__mpu.dir/arm_mpu.c.obj
[nokris:ro] [88/411] Building C object zephyr/lib/libc/minimal/CMakeFiles/lib__libc__minimal.dir/source/stdlib/strtoull.c.obj
[nokris:ro] [89/411] Building C object zephyr/lib/libc/minimal/CMakeFiles/lib__libc__minimal.dir/source/stdlib/strtoll.c.obj
[ovis:rw] [1/376] Generating include/generated/zephyr/version.h
[ovis:rw] -- git describe warned: warning: tag 'upstream/v2.7.99' is externally known as 'v2.7.99'
[ovis:rw] -- Zephyr version: 4.3.99 (/mnt/host/source/src/third_party/zephyr/main)
[ovis:rw] [2/376] Preparing syscall dependency handling
[kinmen-ish:singleimage] [146/261] Building C object zephyr/lib/libc/picolibc/CMakeFiles/lib__libc__picolibc.dir/cbprintf.c.obj
[nokris:rw] [175/411] Building C object zephyr/drivers/timer/CMakeFiles/drivers__timer.dir/sys_clock_init.c.obj
[nokris:ro] [90/411] Building C object zephyr/lib/libc/minimal/CMakeFiles/lib__libc__minimal.dir/source/stdlib/bsearch.c.obj
[nokris:ro] [91/411] Linking C static library zephyr/arch/arch/arm/core/mpu/libarch__arm__core__mpu.a
[kinmen-ish:singleimage] [147/261] Building C object zephyr/lib/libc/picolibc/CMakeFiles/lib__libc__picolibc.dir/chk_fail.c.obj
[ovis:rw] [3/376] Generating misc/generated/syscalls_subdirs.trigger
[nokris:ro] [92/411] Building C object zephyr/lib/libc/minimal/CMakeFiles/lib__libc__minimal.dir/source/string/strncasecmp.c.obj
[kinmen-ish:singleimage] [148/261] Building C object zephyr/lib/libc/picolibc/CMakeFiles/lib__libc__picolibc.dir/errno_wrap.c.obj
[nokris:ro] [93/411] Building C object zephyr/lib/libc/minimal/CMakeFiles/lib__libc__minimal.dir/source/string/strstr.c.obj
[nokris:ro] [94/411] Building C object zephyr/lib/libc/minimal/CMakeFiles/lib__libc__minimal.dir/source/string/strerror.c.obj
[nokris:ro] [95/411] Building C object zephyr/lib/libc/minimal/CMakeFiles/lib__libc__minimal.dir/source/stdlib/qsort.c.obj
[nokris:rw] [176/411] Building C object zephyr/drivers/timer/CMakeFiles/drivers__timer.dir/npcx_itim_timer.c.obj
[nokris:rw] [177/411] Linking C static library zephyr/drivers/timer/libdrivers__timer.a
[nokris:ro] [96/411] Building C object zephyr/lib/libc/minimal/CMakeFiles/lib__libc__minimal.dir/source/string/strspn.c.obj
[nokris:ro] [97/411] Building C object zephyr/lib/libc/minimal/CMakeFiles/lib__libc__minimal.dir/source/string/string.c.obj
[kinmen-ish:singleimage] [149/261] Building C object zephyr/lib/libc/picolibc/CMakeFiles/lib__libc__picolibc.dir/exit.c.obj
[kinmen-ish:singleimage] [150/261] Building C object zephyr/lib/libc/picolibc/CMakeFiles/lib__libc__picolibc.dir/locks.c.obj
[nokris:rw] [178/411] Building C object zephyr/drivers/watchdog/CMakeFiles/drivers__watchdog.dir/wdt_npcx.c.obj
[kinmen-ish:singleimage] [151/261] Building C object zephyr/lib/libc/picolibc/CMakeFiles/lib__libc__picolibc.dir/stdio.c.obj
[nokris:rw] [179/411] Linking C static library zephyr/drivers/watchdog/libdrivers__watchdog.a
[kinmen-ish:singleimage] [152/261] Linking CXX static library zephyr/lib/libc/picolibc/liblib__libc__picolibc.a
[nokris:ro] [98/411] Building C object zephyr/lib/libc/minimal/CMakeFiles/lib__libc__minimal.dir/source/stdlib/exit.c.obj
[kinmen-ish:singleimage] [153/261] Building C object zephyr/lib/libc/common/CMakeFiles/lib__libc__common.dir/source/time/time.c.obj
[kinmen-ish:singleimage] [154/261] Building C object zephyr/lib/libc/common/CMakeFiles/lib__libc__common.dir/source/stdlib/abort.c.obj
[kinmen-ish:singleimage] [155/261] Building C object zephyr/lib/posix/c_lib_ext/CMakeFiles/lib__posix__c_lib_ext.dir/fnmatch.c.obj
[nokris:ro] [99/411] Building C object zephyr/lib/libc/minimal/CMakeFiles/lib__libc__minimal.dir/source/math/sqrtf.c.obj
[kinmen-ish:singleimage] [156/261] Linking CXX static library zephyr/lib/libc/common/liblib__libc__common.a
[nokris:rw] [180/411] Building C object modules/ec/zephyr/CMakeFiles/ec_shim.dir/app/ec/ec_app_main.c.obj
[kinmen-ish:singleimage] [157/261] Building C object zephyr/subsys/crc/CMakeFiles/subsys__crc.dir/crc8_sw.c.obj
[kinmen-ish:singleimage] [158/261] Building C object zephyr/subsys/crc/CMakeFiles/subsys__crc.dir/crc4_sw.c.obj
[nokris:ro] [100/411] Building C object zephyr/lib/libc/minimal/CMakeFiles/lib__libc__minimal.dir/source/math/sqrt.c.obj
[nokris:ro] [101/411] Building C object zephyr/lib/libc/minimal/CMakeFiles/lib__libc__minimal.dir/source/stdout/stdout_console.c.obj
[ovis:rw] [4/376] Generating misc/generated/syscalls.json, misc/generated/struct_tags.json
[nokris:ro] [102/411] Building C object zephyr/lib/libc/minimal/CMakeFiles/lib__libc__minimal.dir/source/stdout/fprintf.c.obj
[kinmen-ish:singleimage] [159/261] Building C object zephyr/lib/posix/c_lib_ext/CMakeFiles/lib__posix__c_lib_ext.dir/getentropy.c.obj
[nokris:ro] [103/411] Building C object zephyr/lib/libc/minimal/CMakeFiles/lib__libc__minimal.dir/source/stdout/sprintf.c.obj
[kinmen-ish:singleimage] [160/261] Building C object zephyr/subsys/crc/CMakeFiles/subsys__crc.dir/crc16_sw.c.obj
[nokris:rw] [181/411] Building C object modules/ec/zephyr/CMakeFiles/ec_shim.dir/app/ec/main_shim.c.obj
[kinmen-ish:singleimage] [161/261] Building C object zephyr/subsys/crc/CMakeFiles/subsys__crc.dir/crc7_sw.c.obj
[kinmen-ish:singleimage] [162/261] Building C object zephyr/lib/posix/c_lib_ext/CMakeFiles/lib__posix__c_lib_ext.dir/getopt_shim.c.obj
[ovis:rw] [5/376] Generating include/generated/zephyr/syscall_dispatch.c, include/generated/zephyr/syscall_exports_llext.c, syscall_weakdefs_llext.c, include/generated/zephyr/syscall_list.h
[nokris:ro] [104/411] Building C object zephyr/lib/libc/common/CMakeFiles/lib__libc__common.dir/source/time/gmtime_r.c.obj
[kinmen-ish:singleimage] [163/261] Linking CXX static library zephyr/lib/posix/c_lib_ext/liblib__posix__c_lib_ext.a
[nokris:ro] [105/411] Building C object zephyr/lib/libc/common/CMakeFiles/lib__libc__common.dir/source/time/asctime.c.obj
[kinmen-ish:singleimage] [164/261] Building C object zephyr/subsys/crc/CMakeFiles/subsys__crc.dir/crc24_sw.c.obj
[kinmen-ish:singleimage] [165/261] Building C object zephyr/subsys/crc/CMakeFiles/subsys__crc.dir/crc32_sw.c.obj
[ovis:rw] [6/376] Generating include/generated/zephyr/driver-validation.h
[kinmen-ish:singleimage] [166/261] Building C object zephyr/subsys/crc/CMakeFiles/subsys__crc.dir/crc32c_sw.c.obj
[nokris:ro] [106/411] Building C object zephyr/lib/libc/common/CMakeFiles/lib__libc__common.dir/source/time/localtime_r_utc.c.obj
[kinmen-ish:singleimage] [167/261] Building C object zephyr/subsys/crc/CMakeFiles/subsys__crc.dir/crc32k_4_2_sw.c.obj
[kinmen-ish:singleimage] [168/261] Linking CXX static library zephyr/subsys/crc/libsubsys__crc.a
[nokris:rw] [182/411] Building C object modules/ec/zephyr/CMakeFiles/ec_shim.dir/drivers/cros_flash/cros_flash_npcx.c.obj
[nokris:ro] [107/411] Building C object zephyr/lib/libc/common/CMakeFiles/lib__libc__common.dir/source/time/time.c.obj
[nokris:rw] [183/411] Building C object modules/ec/zephyr/CMakeFiles/ec_shim.dir/drivers/cros_kb_raw/cros_kb_raw_npcx.c.obj
[ovis:rw] [7/376] Generating include/generated/zephyr/kobj-types-enum.h, include/generated/zephyr/otype-to-str.h, include/generated/zephyr/otype-to-size.h
[/mnt/host/source/src/platform/ec/build/zephyr/magikarp-lcov]   /mnt/host/source/src/platform/ec/build/zephyr/magikarp/build-ro/CMakeFiles/app.dir/mnt/host/source/src/platform/ec/build/zephyr/magikarp/modules/ec/common/usb_pd_pdo.c.gcno:no functions found
[/mnt/host/source/src/platform/ec/build/zephyr/magikarp-lcov] stderr:
[nokris:ro] [108/411] Building C object zephyr/lib/libc/common/CMakeFiles/lib__libc__common.dir/source/string/strnlen.c.obj
[ovis:rw] [8/376] Generating include/generated/device-api-sections.ld, include/generated/device-api-sections.cmake
[nokris:ro] [109/411] Building C object zephyr/lib/libc/common/CMakeFiles/lib__libc__common.dir/source/time/ctime.c.obj
[nokris:ro] [110/411] Building C object zephyr/lib/libc/minimal/CMakeFiles/lib__libc__minimal.dir/source/time/gmtime.c.obj
[kinmen-ish:singleimage] [169/261] Building C object zephyr/drivers/interrupt_controller/CMakeFiles/drivers__interrupt_controller.dir/intc_ioapic.c.obj
[nokris:ro] [111/411] Building C object zephyr/lib/libc/common/CMakeFiles/lib__libc__common.dir/source/stdlib/abort.c.obj
[nokris:rw] [184/411] Building C object modules/ec/zephyr/CMakeFiles/ec_shim.dir/drivers/cros_kblight/pwm_kblight.c.obj
[kinmen-ish:singleimage] [170/261] Building C object zephyr/drivers/interrupt_controller/CMakeFiles/drivers__interrupt_controller.dir/intc_loapic.c.obj
[nokris:ro] [112/411] Building C object zephyr/lib/posix/c_lib_ext/CMakeFiles/lib__posix__c_lib_ext.dir/fnmatch.c.obj
[nokris:ro] [113/411] Linking C static library zephyr/lib/libc/minimal/liblib__libc__minimal.a
[kinmen-ish:singleimage] [171/261] Building C object zephyr/drivers/interrupt_controller/CMakeFiles/drivers__interrupt_controller.dir/intc_system_apic.c.obj
[kinmen-ish:singleimage] [172/261] Building C object zephyr/drivers/console/CMakeFiles/drivers__console.dir/uart_console.c.obj
[kinmen-ish:singleimage] [173/261] Linking CXX static library zephyr/drivers/interrupt_controller/libdrivers__interrupt_controller.a
[nokris:ro] [114/411] Building C object zephyr/subsys/crc/CMakeFiles/subsys__crc.dir/crc4_sw.c.obj
[nokris:ro] [115/411] Building C object zephyr/subsys/crc/CMakeFiles/subsys__crc.dir/crc8_sw.c.obj
[kinmen-ish:singleimage] [174/261] Linking CXX static library zephyr/drivers/console/libdrivers__console.a
[kinmen-ish:singleimage] [175/261] Building C object zephyr/drivers/gpio/CMakeFiles/drivers__gpio.dir/mnt/host/source/src/third_party/zephyrproject/modules/hal/intel/bsp_sedi/drivers/gpio/sedi_gpio.c.obj
[nokris:rw] [185/411] Building C object modules/ec/zephyr/CMakeFiles/ec_shim.dir/drivers/cros_system/cros_system_npcx.c.obj
[nokris:ro] [116/411] Building C object zephyr/lib/libc/common/CMakeFiles/lib__libc__common.dir/source/stdlib/malloc.c.obj
[nokris:ro] [117/411] Building C object zephyr/subsys/crc/CMakeFiles/subsys__crc.dir/crc16_sw.c.obj
[kinmen-ish:singleimage] [176/261] Building C object zephyr/drivers/gpio/CMakeFiles/drivers__gpio.dir/gpio_sedi.c.obj
[nokris:ro] [118/411] Building C object zephyr/subsys/crc/CMakeFiles/subsys__crc.dir/crc7_sw.c.obj
[nokris:ro] [119/411] Linking C static library zephyr/lib/libc/common/liblib__libc__common.a
[kinmen-ish:singleimage] [177/261] Linking CXX static library zephyr/drivers/gpio/libdrivers__gpio.a
[kinmen-ish:singleimage] [178/261] Building C object zephyr/drivers/i2c/CMakeFiles/drivers__i2c.dir/i2c_common.c.obj
[nokris:rw] [186/411] Building C object modules/ec/zephyr/CMakeFiles/ec_shim.dir/drivers/vivaldi_kbd/vivaldi_kbd.c.obj
[nokris:ro] [120/411] Building C object zephyr/subsys/crc/CMakeFiles/subsys__crc.dir/crc32c_sw.c.obj
[nokris:ro] [121/411] Building C object zephyr/subsys/crc/CMakeFiles/subsys__crc.dir/crc32_sw.c.obj
[ovis:rw] [9/376] Building C object zephyr/CMakeFiles/offsets.dir/arch/arm/core/offsets/offsets.c.obj
[nokris:ro] [122/411] Building C object zephyr/subsys/crc/CMakeFiles/subsys__crc.dir/crc24_sw.c.obj
[nokris:rw] [187/411] Building C object modules/ec/zephyr/CMakeFiles/ec_shim.dir/shim/chip/npcx/clock.c.obj
[nokris:ro] [123/411] Building C object zephyr/subsys/crc/CMakeFiles/subsys__crc.dir/crc32k_4_2_sw.c.obj
[nokris:ro] [124/411] Building C object zephyr/lib/posix/c_lib_ext/CMakeFiles/lib__posix__c_lib_ext.dir/getentropy.c.obj
[nokris:ro] [125/411] Building C object zephyr/lib/posix/c_lib_ext/CMakeFiles/lib__posix__c_lib_ext.dir/getopt_shim.c.obj
[nokris:ro] [126/411] Linking C static library zephyr/subsys/crc/libsubsys__crc.a
[nokris:ro] [127/411] Linking C static library zephyr/lib/posix/c_lib_ext/liblib__posix__c_lib_ext.a
[ovis:rw] [10/376] Generating include/generated/zephyr/offsets.h
[kinmen-ish:singleimage] [179/261] Building C object zephyr/drivers/i2c/CMakeFiles/drivers__i2c.dir/i2c_shell.c.obj
[kinmen-ish:singleimage] [180/261] Building C object zephyr/drivers/i2c/CMakeFiles/drivers__i2c.dir/i2c_sedi.c.obj
[kinmen-ish:singleimage] [181/261] Building C object zephyr/drivers/i2c/CMakeFiles/drivers__i2c.dir/mnt/host/source/src/third_party/zephyrproject/modules/hal/intel/bsp_sedi/drivers/i2c/sedi_i2c_dw_apb_200a.c.obj
[/mnt/host/source/src/platform/ec/build/zephyr/skywalker-lcov]   /mnt/host/source/src/platform/ec/build/zephyr/skywalker/build-ro/CMakeFiles/app.dir/mnt/host/source/src/platform/ec/build/zephyr/skywalker/modules/ec/common/cbi_config.c.gcno:no functions found
[/mnt/host/source/src/platform/ec/build/zephyr/skywalker-lcov] stderr:
[kinmen-ish:singleimage] [182/261] Linking CXX static library zephyr/drivers/i2c/libdrivers__i2c.a
[kinmen-ish:singleimage] [183/261] Building C object zephyr/drivers/ipm/CMakeFiles/drivers__ipm.dir/mnt/host/source/src/third_party/zephyrproject/modules/hal/intel/bsp_sedi/drivers/ipc/sedi_ipc.c.obj
[kinmen-ish:singleimage] [184/261] Building C object zephyr/drivers/ipm/CMakeFiles/drivers__ipm.dir/ipm_sedi.c.obj
[kinmen-ish:singleimage] [185/261] Linking CXX static library zephyr/drivers/syscon/libdrivers__syscon.a
[kinmen-ish:singleimage] [186/261] Linking CXX static library zephyr/drivers/ipm/libdrivers__ipm.a
[nokris:rw] [188/411] Building C object modules/ec/zephyr/CMakeFiles/ec_shim.dir/shim/chip/npcx/rom_chip.c.obj
[kinmen-ish:singleimage] [187/261] Building C object zephyr/drivers/serial/CMakeFiles/drivers__serial.dir/uart_sedi.c.obj
[nokris:rw] [189/411] Building C object modules/ec/zephyr/CMakeFiles/ec_shim.dir/shim/chip/npcx/gpio.c.obj
[nokris:rw] [190/411] Building C object modules/ec/zephyr/CMakeFiles/ec_shim.dir/shim/chip/npcx/keyboard_raw.c.obj
[nokris:ro] [128/411] Building C object zephyr/drivers/clock_control/CMakeFiles/drivers__clock_control.dir/clock_control_npcx.c.obj
[kinmen-ish:singleimage] [188/261] Building C object zephyr/drivers/serial/CMakeFiles/drivers__serial.dir/mnt/host/source/src/third_party/zephyrproject/modules/hal/intel/bsp_sedi/drivers/usart/sedi_dw_uart.c.obj
[kinmen-ish:singleimage] [189/261] Building C object zephyr/drivers/timer/CMakeFiles/drivers__timer.dir/sys_clock_init.c.obj
[nokris:ro] [129/411] Linking C static library zephyr/drivers/clock_control/libdrivers__clock_control.a
[nokris:ro] [130/411] Building C object zephyr/drivers/bbram/CMakeFiles/drivers__bbram.dir/bbram_npcx.c.obj
[nokris:ro] [131/411] Building C object zephyr/drivers/adc/CMakeFiles/drivers__adc.dir/adc_common.c.obj
[nokris:ro] [132/411] Building C object zephyr/drivers/interrupt_controller/CMakeFiles/drivers__interrupt_controller.dir/intc_miwu.c.obj
[kinmen-ish:singleimage] [190/261] Building C object zephyr/drivers/timer/CMakeFiles/drivers__timer.dir/hpet.c.obj
[nokris:rw] [191/411] Building C object modules/ec/zephyr/CMakeFiles/ec_shim.dir/shim/chip/npcx/system.c.obj
[kinmen-ish:singleimage] [191/261] Linking CXX static library zephyr/drivers/serial/libdrivers__serial.a
[ovis:rw] [11/376] Building C object zephyr/CMakeFiles/zephyr.dir/lib/libc/validate_libc.c.obj
[kinmen-ish:singleimage] [192/261] Linking CXX static library zephyr/drivers/timer/libdrivers__timer.a
[nokris:ro] [133/411] Linking C static library zephyr/drivers/bbram/libdrivers__bbram.a
[nokris:ro] [134/411] Building C object zephyr/drivers/adc/CMakeFiles/drivers__adc.dir/adc_npcx.c.obj
[nokris:ro] [135/411] Linking C static library zephyr/drivers/interrupt_controller/libdrivers__interrupt_controller.a
[nokris:ro] [136/411] Linking C static library zephyr/drivers/adc/libdrivers__adc.a
[kinmen-ish:singleimage] [193/261] Building C object modules/ec/zephyr/CMakeFiles/ec_shim.dir/app/ec/ec_app_main.c.obj
[kinmen-ish:singleimage] [194/261] Building C object modules/ec/zephyr/CMakeFiles/ec_shim.dir/shim/chip/stub/clock.c.obj
[kinmen-ish:singleimage] [195/261] Building C object modules/ec/zephyr/CMakeFiles/ec_shim.dir/app/ec/main_shim.c.obj
[kinmen-ish:singleimage] [196/261] Building C object modules/ec/zephyr/CMakeFiles/ec_shim.dir/shim/src/crc.c.obj
[nokris:rw] [192/411] Building C object modules/ec/zephyr/CMakeFiles/ec_shim.dir/shim/chip/npcx/system_download_from_flash.c.obj
[nokris:ro] [137/411] Building C object zephyr/drivers/console/CMakeFiles/drivers__console.dir/uart_console.c.obj
[nokris:rw] [193/411] Building C object modules/ec/zephyr/CMakeFiles/ec_shim.dir/shim/chip/npcx/system_external_storage.c.obj
[kinmen-ish:singleimage] [197/261] Building C object modules/ec/zephyr/CMakeFiles/ec_shim.dir/shim/src/console.c.obj
[ovis:rw] [12/376] Building C object zephyr/CMakeFiles/zephyr.dir/lib/heap/heap.c.obj
[nokris:ro] [138/411] Linking C static library zephyr/drivers/console/libdrivers__console.a
[nokris:rw] [194/411] Building C object modules/ec/zephyr/CMakeFiles/ec_shim.dir/shim/chip/npcx/power_policy.c.obj
[nokris:ro] [139/411] Building C object zephyr/drivers/eeprom/CMakeFiles/drivers__eeprom.dir/eeprom_at2x.c.obj
[/mnt/host/source/src/platform/ec/build/zephyr/skywalker-lcov]   /mnt/host/source/src/platform/ec/build/zephyr/skywalker/build-ro/zephyr/arch/arch/arm/core/mpu/CMakeFiles/arch__arm__core__mpu.dir/arm_mpu_regions.c.gcno:no functions found
[/mnt/host/source/src/platform/ec/build/zephyr/skywalker-lcov] stderr:
[nokris:ro] [140/411] Building C object zephyr/drivers/flash/CMakeFiles/drivers__flash.dir/jesd216.c.obj
[kinmen-ish:singleimage] [198/261] Building C object modules/ec/zephyr/CMakeFiles/ec_shim.dir/shim/src/panic_utils.c.obj
[nokris:rw] [195/411] Building C object modules/ec/zephyr/CMakeFiles/ec_shim.dir/shim/core/cortex-m/mpu.c.obj
[nokris:rw] [196/411] Building C object modules/ec/zephyr/CMakeFiles/ec_shim.dir/shim/src/crc.c.obj
[nokris:ro] [141/411] Linking C static library zephyr/drivers/eeprom/libdrivers__eeprom.a
[nokris:ro] [142/411] Building C object zephyr/drivers/espi/CMakeFiles/drivers__espi.dir/espi_npcx.c.obj
[nokris:ro] [143/411] Building C object zephyr/drivers/espi/CMakeFiles/drivers__espi.dir/host_subs_npcx.c.obj
[kinmen-ish:singleimage] [199/261] Building C object modules/ec/zephyr/CMakeFiles/ec_shim.dir/shim/src/gpio.c.obj
[kinmen-ish:singleimage] [200/261] Building C object modules/ec/zephyr/CMakeFiles/ec_shim.dir/shim/src/gpio_int.c.obj
[nokris:ro] [144/411] Linking C static library zephyr/drivers/espi/libdrivers__espi.a
[kinmen-ish:singleimage] [201/261] Building C object modules/ec/zephyr/CMakeFiles/ec_shim.dir/shim/src/pm_state.c.obj
[ovis:rw] [13/376] Building C object zephyr/CMakeFiles/zephyr.dir/lib/os/cbprintf_packaged.c.obj
[nokris:rw] [197/411] Building C object modules/ec/zephyr/CMakeFiles/ec_shim.dir/shim/core/cortex-m/panic.c.obj
[kinmen-ish:singleimage] [202/261] Building C object modules/ec/zephyr/CMakeFiles/ec_shim.dir/shim/src/cbi/cros_cbi.c.obj
[nokris:ro] [145/411] Building C object zephyr/drivers/flash/CMakeFiles/drivers__flash.dir/flash_npcx_fiu_nor.c.obj
[kinmen-ish:singleimage] [203/261] Building C object modules/ec/zephyr/CMakeFiles/ec_shim.dir/shim/src/ish_system.c.obj
[kinmen-ish:singleimage] [204/261] Building C object modules/ec/zephyr/CMakeFiles/ec_shim.dir/shim/src/hooks.c.obj
[nokris:rw] [198/411] Building C object modules/ec/zephyr/CMakeFiles/ec_shim.dir/shim/src/console.c.obj
[nokris:ro] [146/411] Building C object zephyr/drivers/gpio/CMakeFiles/drivers__gpio.dir/gpio_nct38xx.c.obj
[nokris:ro] [147/411] Building C object zephyr/drivers/flash/CMakeFiles/drivers__flash.dir/flash_npcx_fiu_qspi.c.obj
[kinmen-ish:singleimage] [205/261] Building C object modules/ec/zephyr/CMakeFiles/ec_shim.dir/shim/src/host_command.c.obj
[nokris:rw] [199/411] Building C object modules/ec/zephyr/CMakeFiles/ec_shim.dir/shim/src/gpio_int.c.obj
[nokris:ro] [148/411] Building C object zephyr/drivers/gpio/CMakeFiles/drivers__gpio.dir/gpio_nct38xx_port.c.obj
[nokris:ro] [149/411] Linking C static library zephyr/drivers/flash/libdrivers__flash.a
[/mnt/host/source/src/platform/ec/build/zephyr/skywalker-lcov]   /mnt/host/source/src/platform/ec/build/zephyr/skywalker/build-ro/zephyr/arch/common/CMakeFiles/isr_tables.dir/isr_tables.c.gcno:no functions found
[/mnt/host/source/src/platform/ec/build/zephyr/skywalker-lcov] stderr:
[kinmen-ish:singleimage] [206/261] Building C object modules/ec/zephyr/CMakeFiles/ec_shim.dir/shim/src/mkbp_event.c.obj
[nokris:ro] [150/411] Building C object zephyr/drivers/gpio/CMakeFiles/drivers__gpio.dir/gpio_npcx.c.obj
[ovis:rw] [14/376] Building C object zephyr/CMakeFiles/zephyr.dir/lib/os/clock.c.obj
[nokris:rw] [200/411] Building C object modules/ec/zephyr/CMakeFiles/ec_shim.dir/shim/src/gpio.c.obj
[nokris:ro] [151/411] Linking C static library zephyr/drivers/gpio/libdrivers__gpio.a
[kinmen-ish:singleimage] [207/261] Building C object modules/ec/zephyr/CMakeFiles/ec_shim.dir/shim/src/console_buffer.c.obj
[kinmen-ish:singleimage] [208/261] Building C object modules/ec/zephyr/CMakeFiles/ec_shim.dir/shim/src/motionsense_sensors.c.obj
[kinmen-ish:singleimage] [209/261] Building C object modules/ec/zephyr/CMakeFiles/ec_shim.dir/shim/src/hwtimer.c.obj
[nokris:rw] [201/411] Building C object modules/ec/zephyr/CMakeFiles/ec_shim.dir/shim/src/panic_utils.c.obj
[nokris:ro] [152/411] Building C object zephyr/drivers/i2c/CMakeFiles/drivers__i2c.dir/i2c_common.c.obj
[nokris:ro] [153/411] Building C object zephyr/drivers/i2c/CMakeFiles/drivers__i2c.dir/i2c_shell.c.obj
[nokris:rw] [202/411] Building C object modules/ec/zephyr/CMakeFiles/ec_shim.dir/shim/src/pm_state.c.obj
[nokris:ro] [154/411] Building C object zephyr/drivers/i2c/CMakeFiles/drivers__i2c.dir/i2c_npcx_controller_fifo.c.obj
[nokris:rw] [203/411] Building C object modules/ec/zephyr/CMakeFiles/ec_shim.dir/shim/src/cbi/cros_cbi.c.obj
[kinmen-ish:singleimage] [210/261] Building C object modules/ec/zephyr/CMakeFiles/ec_shim.dir/shim/src/i2c.c.obj
[kinmen-ish:singleimage] [211/261] Building C object modules/ec/zephyr/CMakeFiles/ec_shim.dir/shim/src/usbc_stub.c.obj
[ovis:rw] [15/376] Building C object zephyr/CMakeFiles/zephyr.dir/lib/os/printk.c.obj
[kinmen-ish:singleimage] [212/261] Building C object modules/ec/zephyr/CMakeFiles/ec_shim.dir/shim/src/tasks.c.obj
[nokris:ro] [155/411] Building C object zephyr/drivers/i2c/CMakeFiles/drivers__i2c.dir/i2c_npcx_controller.c.obj
[nokris:rw] [204/411] Building ASM object modules/ec/zephyr/CMakeFiles/ec_shim.dir/shim/src/libgcc_arm.S.obj
[kinmen-ish:singleimage] [213/261] Building C object modules/ec/zephyr/CMakeFiles/ec_shim.dir/shim/src/host_command_heci.c.obj
[kinmen-ish:singleimage] [214/261] Linking CXX static library modules/ec/zephyr/libec_shim.a
[nokris:rw] [205/411] Building C object modules/ec/zephyr/CMakeFiles/ec_shim.dir/shim/src/cbi/cros_cbi_fw_config.c.obj
[nokris:ro] [156/411] Building C object zephyr/drivers/pinctrl/CMakeFiles/drivers__pinctrl.dir/common.c.obj
[nokris:ro] [157/411] Building C object zephyr/drivers/i2c/CMakeFiles/drivers__i2c.dir/i2c_npcx_port.c.obj
[kinmen-ish:singleimage] [215/261] Building C object modules/ec/zephyr/subsys/host_service/CMakeFiles/..__..__..__platform__ec__zephyr__subsys__host_service.dir/zephyr_host_service.c.obj
[nokris:rw] [206/411] Building C object modules/ec/zephyr/CMakeFiles/ec_shim.dir/shim/src/cbi/cbi_eeprom.c.obj
[nokris:ro] [158/411] Linking C static library zephyr/drivers/i2c/libdrivers__i2c.a
[nokris:ro] [159/411] Building C object zephyr/drivers/mfd/CMakeFiles/drivers__mfd.dir/mfd_nct38xx.c.obj
[nokris:ro] [160/411] Building C object zephyr/drivers/sensor/CMakeFiles/drivers__sensor.dir/mnt/host/source/src/third_party/zephyr/main/misc/empty_file.c.obj
[kinmen-ish:singleimage] [216/261] Building C object modules/ec/zephyr/subsys/host_service/CMakeFiles/..__..__..__platform__ec__zephyr__subsys__host_service.dir/sys_mng.c.obj
[nokris:ro] [161/411] Linking C static library zephyr/drivers/sensor/libdrivers__sensor.a
[nokris:ro] [162/411] Linking C static library zephyr/drivers/mfd/libdrivers__mfd.a
[kinmen-ish:singleimage] [217/261] Linking CXX static library modules/ec/zephyr/subsys/host_service/lib..__..__..__platform__ec__zephyr__subsys__host_service.a
[nokris:ro] [163/411] Building C object zephyr/drivers/pinctrl/CMakeFiles/drivers__pinctrl.dir/pinctrl_npcx.c.obj
[ovis:rw] [16/376] Building C object zephyr/CMakeFiles/zephyr.dir/lib/os/sem.c.obj
[nokris:ro] [164/411] Linking C static library zephyr/drivers/pinctrl/libdrivers__pinctrl.a
[nokris:rw] [207/411] Building C object modules/ec/zephyr/CMakeFiles/ec_shim.dir/shim/src/system.c.obj
[kinmen-ish:singleimage] [218/261] Building C object modules/ec/zephyr/subsys/host_service/heci/CMakeFiles/..__..__..__platform__ec__zephyr__subsys__host_service__heci.dir/heci_intf.c.obj
[kinmen-ish:singleimage] [219/261] Building C object modules/ec/zephyr/subsys/host_service/heci/CMakeFiles/..__..__..__platform__ec__zephyr__subsys__host_service__heci.dir/heci_system_state.c.obj
[nokris:ro] [165/411] Building C object zephyr/drivers/pwm/CMakeFiles/drivers__pwm.dir/pwm_npcx.c.obj
[kinmen-ish:singleimage] [220/261] Building C object modules/ec/zephyr/subsys/host_service/heci/CMakeFiles/..__..__..__platform__ec__zephyr__subsys__host_service__heci.dir/heci_core.c.obj
[nokris:ro] [166/411] Linking C static library zephyr/drivers/pwm/libdrivers__pwm.a
[nokris:rw] [208/411] Building C object modules/ec/zephyr/CMakeFiles/ec_shim.dir/shim/src/adc.c.obj
[kinmen-ish:singleimage] [221/261] Building C object modules/ec/zephyr/subsys/host_service/heci/CMakeFiles/..__..__..__platform__ec__zephyr__subsys__host_service__heci.dir/intfs/ipm_intf.c.obj
[nokris:rw] [209/411] Building C object modules/ec/zephyr/CMakeFiles/ec_shim.dir/shim/src/battery.c.obj
[kinmen-ish:singleimage] [222/261] Linking CXX static library modules/ec/zephyr/subsys/host_service/heci/lib..__..__..__platform__ec__zephyr__subsys__host_service__heci.a
[kinmen-ish:singleimage] [223/261] Building C object modules/ec/zephyr/drivers/dsp_comms/client/CMakeFiles/dsp.client.dir/dsp_client_transport.c.obj
[nokris:ro] [167/411] Building C object zephyr/drivers/syscon/CMakeFiles/drivers__syscon.dir/syscon.c.obj
[nokris:rw] [210/411] Building C object modules/ec/zephyr/CMakeFiles/ec_shim.dir/shim/src/charger.c.obj
[nokris:ro] [168/411] Building C object zephyr/drivers/sensor/nuvoton/nuvoton_adc_cmp_npcx/CMakeFiles/drivers__sensor__nuvoton__nuvoton_adc_cmp_npcx.dir/adc_cmp_npcx.c.obj
[nokris:ro] [169/411] Building C object zephyr/drivers/serial/CMakeFiles/drivers__serial.dir/uart_npcx.c.obj
[ovis:rw] [17/376] Building C object zephyr/CMakeFiles/zephyr.dir/lib/os/thread_entry.c.obj
[nokris:ro] [170/411] Linking C static library zephyr/drivers/syscon/libdrivers__syscon.a
[kinmen-ish:singleimage] [224/261] Building C object modules/ec/zephyr/drivers/dsp_comms/client/CMakeFiles/dsp.client.dir/remote_cbi.c.obj
[nokris:ro] [171/411] Linking C static library zephyr/drivers/sensor/nuvoton/nuvoton_adc_cmp_npcx/libdrivers__sensor__nuvoton__nuvoton_adc_cmp_npcx.a
[nokris:ro] [172/411] Linking C static library zephyr/drivers/serial/libdrivers__serial.a
[nokris:ro] [173/411] Building C object zephyr/drivers/sensor/nuvoton/nuvoton_tach_npcx/CMakeFiles/drivers__sensor__nuvoton__nuvoton_tach_npcx.dir/tach_nuvoton_npcx.c.obj
[nokris:rw] [211/411] Building C object modules/ec/zephyr/CMakeFiles/ec_shim.dir/shim/src/chipset_api.c.obj
[nokris:ro] [174/411] Linking C static library zephyr/drivers/sensor/nuvoton/nuvoton_tach_npcx/libdrivers__sensor__nuvoton__nuvoton_tach_npcx.a
[nokris:ro] [175/411] Building C object zephyr/drivers/timer/CMakeFiles/drivers__timer.dir/sys_clock_init.c.obj
[kinmen-ish:singleimage] [225/261] Building C object modules/ec/zephyr/drivers/dsp_comms/client/CMakeFiles/dsp.client.dir/dsp_client.c.obj
[kinmen-ish:singleimage] [226/261] Building C object zephyr/kernel/CMakeFiles/kernel.dir/main_weak.c.obj
[kinmen-ish:singleimage] [227/261] Building C object modules/ec/zephyr/drivers/dsp_comms/client/CMakeFiles/dsp.client.dir/remote_lid_switch.c.obj
[kinmen-ish:singleimage] [228/261] Building C object modules/ec/zephyr/drivers/dsp_comms/client/CMakeFiles/dsp.client.dir/remote_tablet_switch.c.obj
[kinmen-ish:singleimage] [229/261] Linking CXX static library modules/ec/zephyr/drivers/dsp_comms/client/libdsp.client.a
[nokris:rw] [212/411] Building C object modules/ec/zephyr/CMakeFiles/ec_shim.dir/shim/src/espi.c.obj
[kinmen-ish:singleimage] [230/261] Building C object zephyr/kernel/CMakeFiles/kernel.dir/banner.c.obj
[ovis:rw] [18/376] Building C object zephyr/CMakeFiles/zephyr.dir/lib/os/cbprintf_nano.c.obj
[kinmen-ish:singleimage] [231/261] Building C object zephyr/kernel/CMakeFiles/kernel.dir/busy_wait.c.obj
[nokris:rw] [213/411] Building C object modules/ec/zephyr/CMakeFiles/ec_shim.dir/shim/src/fan.c.obj
[nokris:ro] [176/411] Building C object zephyr/drivers/watchdog/CMakeFiles/drivers__watchdog.dir/wdt_npcx.c.obj
[nokris:ro] [177/411] Building C object zephyr/drivers/timer/CMakeFiles/drivers__timer.dir/npcx_itim_timer.c.obj
[kinmen-ish:singleimage] [232/261] Building C object zephyr/kernel/CMakeFiles/kernel.dir/device.c.obj
[nokris:ro] [178/411] Linking C static library zephyr/drivers/watchdog/libdrivers__watchdog.a
[nokris:rw] [214/411] Building C object modules/ec/zephyr/CMakeFiles/ec_shim.dir/shim/src/flash.c.obj
[nokris:ro] [179/411] Linking C static library zephyr/drivers/timer/libdrivers__timer.a
[nokris:ro] [180/411] Building C object modules/ec/zephyr/CMakeFiles/ec_shim.dir/app/ec/main_shim.c.obj
[kinmen-ish:singleimage] [233/261] Building C object zephyr/kernel/CMakeFiles/kernel.dir/errno.c.obj
[nokris:rw] [215/411] Building C object modules/ec/zephyr/CMakeFiles/ec_shim.dir/shim/src/hooks.c.obj
[nokris:ro] [181/411] Building C object modules/ec/zephyr/CMakeFiles/ec_shim.dir/app/ec/ec_app_main.c.obj
[kinmen-ish:singleimage] [234/261] Building C object zephyr/kernel/CMakeFiles/kernel.dir/fatal.c.obj
[/mnt/host/source/src/platform/ec/build/zephyr/magikarp-lcov]   /mnt/host/source/src/platform/ec/build/zephyr/magikarp/build-ro/CMakeFiles/app.dir/mnt/host/source/src/platform/ec/build/zephyr/magikarp/modules/ec/common/chargen.c.gcno:no functions found
[/mnt/host/source/src/platform/ec/build/zephyr/magikarp-lcov] stderr:
[nokris:ro] [182/411] Building C object modules/ec/zephyr/CMakeFiles/ec_shim.dir/drivers/cros_flash/cros_flash_npcx.c.obj
[kinmen-ish:singleimage] [235/261] Building C object zephyr/kernel/CMakeFiles/kernel.dir/init.c.obj
[ovis:rw] [19/376] Building C object zephyr/CMakeFiles/zephyr.dir/lib/os/cbprintf.c.obj
[kinmen-ish:singleimage] [236/261] Building C object zephyr/kernel/CMakeFiles/kernel.dir/version.c.obj
[kinmen-ish:singleimage] [237/261] Building C object zephyr/kernel/CMakeFiles/kernel.dir/kheap.c.obj
[nokris:rw] [216/411] Building C object modules/ec/zephyr/CMakeFiles/ec_shim.dir/shim/src/host_command.c.obj
[kinmen-ish:singleimage] [238/261] Building C object zephyr/kernel/CMakeFiles/kernel.dir/float.c.obj
[kinmen-ish:singleimage] [239/261] Building C object zephyr/kernel/CMakeFiles/kernel.dir/mem_slab.c.obj
[nokris:rw] [217/411] Building C object modules/ec/zephyr/CMakeFiles/ec_shim.dir/shim/src/console_buffer.c.obj
[/mnt/host/source/src/platform/ec/build/zephyr/skywalker-lcov]   /mnt/host/source/src/platform/ec/build/zephyr/skywalker/build-ro/zephyr/CMakeFiles/zephyr.dir/subsys/shell/modules/kernel_service/kernel_shell.c.gcno:no functions found
[/mnt/host/source/src/platform/ec/build/zephyr/skywalker-lcov] stderr:
[nokris:rw] [218/411] Building C object modules/ec/zephyr/CMakeFiles/ec_shim.dir/shim/src/keyboard_raw.c.obj
[kinmen-ish:singleimage] [240/261] Building C object zephyr/kernel/CMakeFiles/kernel.dir/idle.c.obj
[nokris:ro] [183/411] Building C object modules/ec/zephyr/CMakeFiles/ec_shim.dir/drivers/cros_kblight/pwm_kblight.c.obj
[nokris:rw] [219/411] Building C object modules/ec/zephyr/CMakeFiles/ec_shim.dir/shim/src/mkbp_event.c.obj
[/mnt/host/source/src/platform/ec/build/zephyr/skywalker-lcov]   /mnt/host/source/src/platform/ec/build/zephyr/skywalker/build-ro/zephyr/CMakeFiles/zephyr.dir/lib/libc/validate_libc.c.gcno:no functions found
[/mnt/host/source/src/platform/ec/build/zephyr/skywalker-lcov] stderr:
[nokris:ro] [184/411] Building C object modules/ec/zephyr/CMakeFiles/ec_shim.dir/drivers/cros_kb_raw/cros_kb_raw_npcx.c.obj
[kinmen-ish:singleimage] [241/261] Building C object zephyr/kernel/CMakeFiles/kernel.dir/mailbox.c.obj
[ovis:rw] [20/376] Building C object zephyr/CMakeFiles/zephyr.dir/lib/os/assert.c.obj
[nokris:ro] [185/411] Building C object modules/ec/zephyr/CMakeFiles/ec_shim.dir/shim/chip/npcx/clock.c.obj
[nokris:ro] [186/411] Building C object modules/ec/zephyr/CMakeFiles/ec_shim.dir/drivers/cros_system/cros_system_npcx.c.obj
[nokris:ro] [187/411] Building C object modules/ec/zephyr/CMakeFiles/ec_shim.dir/drivers/vivaldi_kbd/vivaldi_kbd.c.obj
[kinmen-ish:singleimage] [242/261] Building C object zephyr/kernel/CMakeFiles/kernel.dir/msg_q.c.obj
[ovis:rw] [21/376] Building C object zephyr/CMakeFiles/zephyr.dir/lib/utils/dec.c.obj
[kinmen-ish:singleimage] [243/261] Building C object zephyr/kernel/CMakeFiles/kernel.dir/mutex.c.obj
[kinmen-ish:singleimage] [244/261] Building C object zephyr/kernel/CMakeFiles/kernel.dir/queue.c.obj
[nokris:rw] [220/411] Building C object modules/ec/zephyr/CMakeFiles/ec_shim.dir/shim/src/motionsense_sensors.c.obj
[kinmen-ish:singleimage] [245/261] Building C object zephyr/kernel/CMakeFiles/kernel.dir/sem.c.obj
[nokris:rw] [221/411] Building C object modules/ec/zephyr/CMakeFiles/ec_shim.dir/shim/src/panic.c.obj
[ovis:rw] [22/376] Building C object zephyr/CMakeFiles/zephyr.dir/lib/utils/hex.c.obj
[kinmen-ish:singleimage] [246/261] Building C object zephyr/kernel/CMakeFiles/kernel.dir/stack.c.obj
[nokris:rw] [222/411] Building C object modules/ec/zephyr/CMakeFiles/ec_shim.dir/shim/src/pwm_hc.c.obj
[kinmen-ish:singleimage] [247/261] Building C object zephyr/kernel/CMakeFiles/kernel.dir/system_work_q.c.obj
[nokris:ro] [188/411] Building C object modules/ec/zephyr/CMakeFiles/ec_shim.dir/shim/chip/npcx/rom_chip.c.obj
[nokris:rw] [223/411] Building C object modules/ec/zephyr/CMakeFiles/ec_shim.dir/shim/src/pwm_led.c.obj
[nokris:ro] [189/411] Building C object modules/ec/zephyr/CMakeFiles/ec_shim.dir/shim/chip/npcx/keyboard_raw.c.obj
[kinmen-ish:singleimage] [248/261] Building C object zephyr/kernel/CMakeFiles/kernel.dir/condvar.c.obj
[nokris:ro] [190/411] Building C object modules/ec/zephyr/CMakeFiles/ec_shim.dir/shim/chip/npcx/system_external_storage.c.obj
[nokris:ro] [191/411] Building C object modules/ec/zephyr/CMakeFiles/ec_shim.dir/shim/chip/npcx/system.c.obj
[kinmen-ish:singleimage] [249/261] Building C object zephyr/kernel/CMakeFiles/kernel.dir/thread.c.obj
[ovis:rw] [23/376] Building C object zephyr/CMakeFiles/zephyr.dir/lib/utils/rb.c.obj
[/mnt/host/source/src/platform/ec/build/zephyr/skywalker-lcov]   /mnt/host/source/src/platform/ec/build/zephyr/skywalker/build-ro/zephyr/CMakeFiles/zephyr.dir/lib/utils/last_section_id.c.gcno:no functions found
[/mnt/host/source/src/platform/ec/build/zephyr/skywalker-lcov] stderr:
[kinmen-ish:singleimage] [250/261] Building C object zephyr/kernel/CMakeFiles/kernel.dir/work.c.obj
[nokris:rw] [224/411] Building C object modules/ec/zephyr/CMakeFiles/ec_shim.dir/shim/src/hwtimer.c.obj
[nokris:rw] [225/411] Building C object modules/ec/zephyr/CMakeFiles/ec_shim.dir/shim/src/thermal.c.obj
[nokris:ro] [192/411] Building C object modules/ec/zephyr/CMakeFiles/ec_shim.dir/shim/chip/npcx/gpio.c.obj
[kinmen-ish:singleimage] [251/261] Building C object zephyr/kernel/CMakeFiles/kernel.dir/sched.c.obj
[kinmen-ish:singleimage] [252/261] Building C object zephyr/kernel/CMakeFiles/kernel.dir/spinlock_validate.c.obj
[nokris:rw] [226/411] Building C object modules/ec/zephyr/CMakeFiles/ec_shim.dir/shim/src/temp_sensors.c.obj
[ovis:rw] [24/376] Building C object zephyr/CMakeFiles/zephyr.dir/lib/utils/timeutil.c.obj
[kinmen-ish:singleimage] [253/261] Building C object zephyr/kernel/CMakeFiles/kernel.dir/pipe.c.obj
[nokris:ro] [193/411] Building C object modules/ec/zephyr/CMakeFiles/ec_shim.dir/shim/chip/npcx/system_download_from_flash.c.obj
[kinmen-ish:singleimage] [254/261] Building C object zephyr/kernel/CMakeFiles/kernel.dir/thread_monitor.c.obj
[nokris:ro] [194/411] Building C object modules/ec/zephyr/CMakeFiles/ec_shim.dir/shim/src/crc.c.obj
[nokris:ro] [195/411] Building C object modules/ec/zephyr/CMakeFiles/ec_shim.dir/shim/chip/npcx/power_policy.c.obj
[nokris:ro] [196/411] Building C object modules/ec/zephyr/CMakeFiles/ec_shim.dir/shim/core/cortex-m/panic.c.obj
[nokris:rw] [227/411] Building C object modules/ec/zephyr/CMakeFiles/ec_shim.dir/shim/src/i2c.c.obj
[kinmen-ish:singleimage] [255/261] Building C object zephyr/kernel/CMakeFiles/kernel.dir/timeout.c.obj
[nokris:ro] [197/411] Building C object modules/ec/zephyr/CMakeFiles/ec_shim.dir/shim/core/cortex-m/mpu.c.obj
[kinmen-ish:singleimage] [256/261] Building C object zephyr/kernel/CMakeFiles/kernel.dir/timer.c.obj
[kinmen-ish:singleimage] [257/261] Building C object zephyr/kernel/CMakeFiles/kernel.dir/poll.c.obj
[nokris:rw] [228/411] Building C object modules/ec/zephyr/CMakeFiles/ec_shim.dir/shim/src/watchdog.c.obj
[nokris:ro] [198/411] Building C object modules/ec/zephyr/CMakeFiles/ec_shim.dir/shim/src/console.c.obj
[nokris:rw] [229/411] Building C object modules/ec/zephyr/CMakeFiles/ec_shim.dir/shim/src/tasks.c.obj
[kinmen-ish:singleimage] [258/261] Building C object zephyr/kernel/CMakeFiles/kernel.dir/events.c.obj
[ovis:rw] [25/376] Building C object zephyr/CMakeFiles/zephyr.dir/lib/utils/bitarray.c.obj
[ovis:ro] Building: /usr/bin/ninja -C /mnt/host/source/src/platform/ec/build/zephyr/ovis/build-ro all.libraries
Running `env -i SHELL=/bin/bash COLORTERM=truecolor DEPOT_TOOLS_UPDATE=0 LESS='-R -M --shift 5' SUDO_GID=0 JDK_HOME=/etc/java-config-2/current-system-vm CONFIG_PROTECT_MASK='/etc/gentoo-release /etc/sandbox.d /etc/fonts/fonts.conf /etc/terminfo /etc/ca-certificates.conf /etc/revdep-rebuild' CHROMEOS_CACHEDIR=/var/cache/chromeos-cache JAVA_HOME=/etc/java-config-2/current-system-vm SSH_AUTH_SOCK=/tmp/ssh-auth-sock SUDO_COMMAND=/bin/bash SUDO_USER=root SUDO_TTY=/dev/pts/2 EDITOR=/usr/bin/vi PWD=/mnt/host/source/src/platform/ec CONFIG_PROTECT=/usr/share/gnupg/qualified.txt LOGNAME=jpmurphy MANPATH=/etc/java-config-2/current-system-vm/man:/usr/local/share/man:/usr/share/man:/usr/share/gcc-data/x86_64-pc-linux-gnu/10.2.0/man:/usr/share/binutils-data/x86_64-pc-linux-gnu/2.45/man:/etc/java-config-2/current-system-vm/man/ SUDO_HOME=/root XAUTHORITY=/run/user/944457/gdm/Xauthority HOME=/home/jpmurphy LANG=C.UTF-8 LS_COLORS='rs=0:di=01;34:ln=01;36:mh=00:pi=40;33:so=01;35:do=01;35:bd=40;33;01:cd=40;33;01:or=01;05;37;41:mi=01;05;37;41:su=37;41:sg=30;43:ca=30;41:tw=30;42:ow=34;42:st=37;44:ex=01;32:*.tar=01;31:*.tgz=01;31:*.arc=01;31:*.arj=01;31:*.taz=01;31:*.lha=01;31:*.lz4=01;31:*.lzh=01;31:*.lzma=01;31:*.tlz=01;31:*.txz=01;31:*.tzo=01;31:*.t7z=01;31:*.zip=01;31:*.z=01;31:*.dz=01;31:*.gz=01;31:*.lrz=01;31:*.lz=01;31:*.lzo=01;31:*.xz=01;31:*.zst=01;31:*.tzst=01;31:*.bz2=01;31:*.bz=01;31:*.tbz=01;31:*.tbz2=01;31:*.tz=01;31:*.deb=01;31:*.rpm=01;31:*.jar=01;31:*.war=01;31:*.ear=01;31:*.sar=01;31:*.rar=01;31:*.alz=01;31:*.ace=01;31:*.zoo=01;31:*.cpio=01;31:*.7z=01;31:*.rz=01;31:*.cab=01;31:*.wim=01;31:*.swm=01;31:*.dwm=01;31:*.esd=01;31:*.jpg=01;35:*.jpeg=01;35:*.mjpg=01;35:*.mjpeg=01;35:*.gif=01;35:*.bmp=01;35:*.pbm=01;35:*.pgm=01;35:*.ppm=01;35:*.tga=01;35:*.xbm=01;35:*.xpm=01;35:*.tif=01;35:*.tiff=01;35:*.png=01;35:*.svg=01;35:*.svgz=01;35:*.mng=01;35:*.pcx=01;35:*.mov=01;35:*.mpg=01;35:*.mpeg=01;35:*.m2v=01;35:*.mkv=01;35:*.webm=01;35:*.webp=01;35:*.ogm=01;35:*.mp4=01;35:*.m4v=01;35:*.mp4v=01;35:*.vob=01;35:*.qt=01;35:*.nuv=01;35:*.wmv=01;35:*.asf=01;35:*.rm=01;35:*.rmvb=01;35:*.flc=01;35:*.avi=01;35:*.fli=01;35:*.flv=01;35:*.gl=01;35:*.dl=01;35:*.xcf=01;35:*.xwd=01;35:*.yuv=01;35:*.cgm=01;35:*.emf=01;35:*.ogv=01;35:*.ogx=01;35:*.cfg=00;32:*.conf=00;32:*.diff=00;32:*.doc=00;32:*.ini=00;32:*.log=00;32:*.patch=00;32:*.pdf=00;32:*.ps=00;32:*.tex=00;32:*.txt=00;32:*.aac=00;36:*.au=00;36:*.flac=00;36:*.m4a=00;36:*.mid=00;36:*.midi=00;36:*.mka=00;36:*.mp3=00;36:*.mpc=00;36:*.ogg=00;36:*.ra=00;36:*.wav=00;36:*.oga=00;36:*.opus=00;36:*.spx=00;36:*.xspf=00;36:' XDG_CURRENT_DESKTOP=GNOME INFOPATH=/usr/share/info:/usr/share/gcc-data/x86_64-pc-linux-gnu/10.2.0/info:/usr/share/binutils-data/x86_64-pc-linux-gnu/2.45/info:/usr/share/automake-1.16.5/info JAVAC=/etc/java-config-2/current-system-vm/bin/javac TERM=xterm-256color LESSOPEN='|lesspipe %s' USER=jpmurphy CROS_WORKON_SRCROOT=/mnt/host/source MANPAGER=manpager DISPLAY=:1 SHLVL=1 LC_MESSAGES=C EXTERNAL_TRUNK_PATH=/mnt/8f9d649a-3721-44cc-93c0-e6bd21a9689f/chromiumos GCC_SPECS='' PATH=/mnt/host/source/chromite/bin:/usr/local/bin:/usr/bin:/bin:/opt/bin:/mnt/host/source/chromite/sdk/bin:/mnt/host/source/chromite/bin PORTAGE_USERNAME=jpmurphy SUDO_UID=0 GCC_VER=10.2.0 MAIL=/var/mail/jpmurphy OLDPWD=/mnt/host/source/src/scripts traceparent=00-e87aca51550a78635907baa6a2476181-6d684811675d2973-01 _=./zephyr/firmware_builder.py COREBOOT_SDK_ROOT_x86=/home/jpmurphy/.cache/coreboot-sdk/i386-elf/dfbb0486385d938cfa9d73080b9d18d598ed4f49 COREBOOT_SDK_ROOT_picolibc_x86=/home/jpmurphy/.cache/coreboot-sdk/picolibc-i386-elf/eb8e8e687b95461de8cbf278f1c2076952d0ad17 COREBOOT_SDK_ROOT_riscv64=/home/jpmurphy/.cache/coreboot-sdk/riscv64-elf/96b949749225b6aaa92ed810ab769e8dfb12f000 COREBOOT_SDK_ROOT_picolibc_arm=/home/jpmurphy/.cache/coreboot-sdk/picolibc-arm-eabi/422a2aa3e1ef891b5bece9a3deb696ff83840d2e COREBOOT_SDK_ROOT_nds32=/home/jpmurphy/.cache/coreboot-sdk/nds32le-elf/d1a518c4a097666d86058e1444f85ca015d15511 COREBOOT_SDK_ROOT_picolibc_riscv64=/home/jpmurphy/.cache/coreboot-sdk/picolibc-riscv64-elf/f571e990ef0278564b31124f8bb109d9a697eb69 COREBOOT_SDK_ROOT_arm=/home/jpmurphy/.cache/coreboot-sdk/arm-eabi/ea40ddd1d190c3b48435c474c0b545719371813a COREBOOT_SDK_ROOT_libstdcxx_riscv64=/home/jpmurphy/.cache/coreboot-sdk/libstdcxx-riscv64-elf/17abf22a3a252e2d5d2062ced5324f7a623689e0 COREBOOT_SDK_ROOT_libstdcxx_arm=/home/jpmurphy/.cache/coreboot-sdk/libstdcxx-arm-eabi/5d7d82e150e44aa1968f1d366e267e6687b328ac COREBOOT_SDK_ROOT_riscv=/home/jpmurphy/.cache/coreboot-sdk/riscv-elf/9a27b9e82341c6e9126624f516ab3f261abb3e73 COREBOOT_SDK_ROOT_libstdcxx_x86=/home/jpmurphy/.cache/coreboot-sdk/libstdcxx-i386-elf/42ef9d2e87a76a37963175d7d428734e65648b87 PYTHONPATH=/mnt/host/source/src/platform/ec/zephyr/zmake PW_PIGWEED_CIPD_INSTALL_DIR=/usr CROSTC_USER_ACKNOWLEDGES_THAT_RISCV_IS_EXPERIMENTAL=1 MAKEFLAGS=' -j16 --jobserver-auth=5,6' /usr/bin/ninja -C /mnt/host/source/src/platform/ec/build/zephyr/ovis/build-ro all.libraries`
[kinmen-ish:singleimage] [259/261] Building C object zephyr/kernel/CMakeFiles/kernel.dir/dynamic_disabled.c.obj
[ovis:ro] ninja: Entering directory `/mnt/host/source/src/platform/ec/build/zephyr/ovis/build-ro'
[kinmen-ish:singleimage] [260/261] Building C object zephyr/kernel/CMakeFiles/kernel.dir/mempool.c.obj
[nokris:rw] [230/411] Building C object modules/ec/zephyr/CMakeFiles/ec_shim.dir/shim/src/bc12.c.obj
[kinmen-ish:singleimage] [261/261] Linking CXX static library zephyr/kernel/libkernel.a
Running (initial) lcov on /mnt/host/source/src/platform/ec/build/zephyr/pujjoniru.
[nokris:ro] [199/411] Building C object modules/ec/zephyr/CMakeFiles/ec_shim.dir/shim/src/panic_utils.c.obj
[ovis:rw] [26/376] Building C object zephyr/CMakeFiles/zephyr.dir/lib/utils/bitmask.c.obj
[nokris:ro] [200/411] Building C object modules/ec/zephyr/CMakeFiles/ec_shim.dir/shim/src/gpio_int.c.obj
[nokris:rw] [231/411] Building C object modules/ec/zephyr/CMakeFiles/ec_shim.dir/shim/src/bc12_pi3usb9201.c.obj
[nokris:ro] [201/411] Building C object modules/ec/zephyr/CMakeFiles/ec_shim.dir/shim/src/pm_state.c.obj
[nokris:ro] [202/411] Building C object modules/ec/zephyr/CMakeFiles/ec_shim.dir/shim/src/gpio.c.obj
[ovis:ro] [1/376] Generating include/generated/zephyr/version.h
[ovis:ro] -- git describe warned: warning: tag 'upstream/v2.7.99' is externally known as 'v2.7.99'
[ovis:ro] -- Zephyr version: 4.3.99 (/mnt/host/source/src/third_party/zephyr/main)
[ovis:ro] [2/376] Preparing syscall dependency handling
[nokris:rw] [232/411] cd /mnt/host/source/src/platform/ec/build/zephyr/nokris/build-rw/modules/ec/zephyr && PYTHONPATH=/mnt/host/source/src/platform/ec/build/zephyr/nokris/modules/ec/zephyr/zmake/ /usr/bin/python3.11 /mnt/host/source/src/platform/ec/build/zephyr/nokris/modules/ec/zephyr/zmake/zephyr_build_tools/generate_ec_version.py /mnt/host/source/src/platform/ec/build/zephyr/nokris/build-rw/modules/ec/zephyr/include/ec_version.h --name Zephyr-Kernel --version 16543.0.0 --static
[nokris:rw] INFO:root:Using a static version string
Running `env -i PYTHONPATH=/usr/lib64/python-exec/python3.11:/mnt/host/source/src/platform/ec/zephyr/zmake:/usr/lib/python311.zip:/usr/lib/python3.11:/usr/lib/python3.11/lib-dynload:/usr/lib/python3.11/site-packages PW_PIGWEED_CIPD_INSTALL_DIR=/usr CROSTC_USER_ACKNOWLEDGES_THAT_RISCV_IS_EXPERIMENTAL=1 PATH=/mnt/host/source/chromite/bin:/usr/local/bin:/usr/bin:/bin:/opt/bin:/mnt/host/source/chromite/sdk/bin:/mnt/host/source/chromite/bin HOME=/home/jpmurphy JAVA_HOME=/etc/java-config-2/current-system-vm JDK_HOME=/etc/java-config-2/current-system-vm JAVAC=/etc/java-config-2/current-system-vm/bin/javac MAKEFLAGS=' -j16 --jobserver-auth=5,6' /usr/bin/lcov --gcov-tool /mnt/host/source/src/platform/ec/build/zephyr/pujjoniru/build-rw/gcov.sh -q -o - -c -d /mnt/host/source/src/platform/ec/build/zephyr/pujjoniru -t pujjoniru --rc branch_coverage=1 --filter range --ignore-errors inconsistent,source --ignore-errors gcov,gcov -i`
[nokris:ro] [203/411] Building ASM object modules/ec/zephyr/CMakeFiles/ec_shim.dir/shim/src/libgcc_arm.S.obj
[ovis:ro] [3/376] Generating misc/generated/syscalls_subdirs.trigger
[nokris:rw] INFO:root:Version string: Zephyr-Kernel-16543.0.0
[nokris:rw] INFO:root:Writing header to /mnt/host/source/src/platform/ec/build/zephyr/nokris/build-rw/modules/ec/zephyr/include/ec_version.h
[nokris:rw] [233/411] Building C object modules/ec/zephyr/CMakeFiles/ec_shim.dir/shim/src/tcpc_nct38xx.c.obj
[nokris:ro] [204/411] Building C object modules/ec/zephyr/CMakeFiles/ec_shim.dir/shim/src/cbi/cros_cbi.c.obj
[nokris:rw] [234/411] Building C object modules/ec/zephyr/CMakeFiles/ec_shim.dir/shim/src/ppc.c.obj
[nokris:rw] [235/411] Building C object modules/ec/zephyr/CMakeFiles/ec_shim.dir/shim/src/usba.c.obj
[nokris:rw] [236/411] Building C object modules/ec/zephyr/CMakeFiles/ec_shim.dir/shim/src/power_host_sleep_api.c.obj
[ovis:rw] [27/376] Building C object zephyr/CMakeFiles/zephyr.dir/lib/utils/getopt/getopt.c.obj
[nokris:rw] [237/411] Building C object modules/ec/zephyr/CMakeFiles/ec_shim.dir/shim/src/usb_muxes.c.obj
[nokris:ro] [205/411] Building C object modules/ec/zephyr/CMakeFiles/ec_shim.dir/shim/src/cbi/cros_cbi_fw_config.c.obj
[nokris:ro] [206/411] Building C object modules/ec/zephyr/CMakeFiles/ec_shim.dir/shim/src/cbi/cbi_eeprom.c.obj
[nokris:rw] [238/411] Building C object CMakeFiles/app.dir/mnt/host/source/src/platform/ec/zephyr/subsys/ap_pwrseq/ap_events.c.obj
[nokris:ro] [207/411] Building C object modules/ec/zephyr/CMakeFiles/ec_shim.dir/shim/src/system.c.obj
[ovis:ro] [4/376] Generating misc/generated/syscalls.json, misc/generated/struct_tags.json
[ovis:rw] [28/376] Building C object zephyr/CMakeFiles/zephyr.dir/lib/utils/getopt/getopt_common.c.obj
[nokris:ro] [208/411] Building C object modules/ec/zephyr/CMakeFiles/ec_shim.dir/shim/src/adc.c.obj
[nokris:rw] [239/411] Building C object CMakeFiles/app.dir/mnt/host/source/src/platform/ec/zephyr/subsys/ap_pwrseq/ap_power_interface.c.obj
[nokris:rw] [240/411] Building C object CMakeFiles/app.dir/mnt/host/source/src/platform/ec/zephyr/subsys/ap_pwrseq/power_signals.c.obj
[ovis:ro] [5/376] Generating include/generated/zephyr/syscall_dispatch.c, include/generated/zephyr/syscall_exports_llext.c, syscall_weakdefs_llext.c, include/generated/zephyr/syscall_list.h
[nokris:ro] [209/411] Building C object modules/ec/zephyr/CMakeFiles/ec_shim.dir/shim/src/battery.c.obj
[/mnt/host/source/src/platform/ec/build/zephyr/pujjoniru-lcov] geninfo: WARNING: using JSON module "JSON::PP" - which is much slower than some alternatives.  Consider installing one of JSON::XS or Cpanel::JSON::XS
[nokris:rw] [241/411] Building C object CMakeFiles/app.dir/mnt/host/source/src/platform/ec/zephyr/subsys/ap_pwrseq/signal_gpio.c.obj
[ovis:ro] [6/376] Generating include/generated/zephyr/driver-validation.h
[ovis:rw] [29/376] Building C object zephyr/CMakeFiles/zephyr.dir/lib/utils/ring_buffer.c.obj
[nokris:rw] [242/411] Building C object CMakeFiles/app.dir/mnt/host/source/src/platform/ec/zephyr/subsys/ap_pwrseq/signal_vw.c.obj
[nokris:rw] [243/411] Building C object CMakeFiles/app.dir/mnt/host/source/src/platform/ec/zephyr/subsys/ap_pwrseq/signal_adc.c.obj
[nokris:ro] [210/411] Building C object modules/ec/zephyr/CMakeFiles/ec_shim.dir/shim/src/charger.c.obj
[ovis:rw] [30/376] Building C object zephyr/CMakeFiles/zephyr.dir/lib/utils/last_section_id.c.obj
[ovis:ro] [7/376] Generating include/generated/zephyr/kobj-types-enum.h, include/generated/zephyr/otype-to-str.h, include/generated/zephyr/otype-to-size.h
[ovis:ro] [8/376] Generating include/generated/device-api-sections.ld, include/generated/device-api-sections.cmake
[ovis:rw] [31/376] Building C object zephyr/CMakeFiles/zephyr.dir/misc/generated/configs.c.obj
[nokris:rw] [244/411] Building C object CMakeFiles/app.dir/mnt/host/source/src/platform/ec/zephyr/subsys/ap_pwrseq/power_host_sleep.c.obj
[nokris:ro] [211/411] Building C object modules/ec/zephyr/CMakeFiles/ec_shim.dir/shim/src/chipset_api.c.obj
[nokris:ro] [212/411] Building C object modules/ec/zephyr/CMakeFiles/ec_shim.dir/shim/src/espi.c.obj
[/mnt/host/source/src/platform/ec/build/zephyr/magikarp-lcov]   /mnt/host/source/src/platform/ec/build/zephyr/magikarp/build-ro/CMakeFiles/app.dir/mnt/host/source/src/platform/ec/build/zephyr/magikarp/modules/ec/common/cbi_config.c.gcno:no functions found
[/mnt/host/source/src/platform/ec/build/zephyr/magikarp-lcov] stderr:
[nokris:rw] [245/411] Building C object CMakeFiles/app.dir/mnt/host/source/src/platform/ec/zephyr/subsys/ap_pwrseq/x86_non_dsx_chipset_power_state.c.obj
[nokris:rw] [246/411] Building C object CMakeFiles/app.dir/mnt/host/source/src/platform/ec/zephyr/subsys/ap_pwrseq/x86_non_dsx_common_pwrseq_sm_handler.c.obj
[nokris:ro] [213/411] Building C object modules/ec/zephyr/CMakeFiles/ec_shim.dir/shim/src/fan.c.obj
[nokris:ro] [214/411] Building C object modules/ec/zephyr/CMakeFiles/ec_shim.dir/shim/src/flash.c.obj
[nokris:rw] [247/411] Building C object CMakeFiles/app.dir/mnt/host/source/src/platform/ec/zephyr/subsys/ap_pwrseq/x86_non_dsx_common_pwrseq_host_command.c.obj
[/mnt/host/source/src/platform/ec/build/zephyr/pujjoniru-lcov] stderr:
[nokris:rw] [248/411] Building C object CMakeFiles/app.dir/mnt/host/source/src/platform/ec/zephyr/subsys/ap_pwrseq/x86_non_dsx_common_pwrseq_host_sleep.c.obj
[ovis:rw] [32/376] Building C object zephyr/CMakeFiles/zephyr.dir/soc/nuvoton/npcx/common/power.c.obj
[ovis:ro] [9/376] Building C object zephyr/CMakeFiles/offsets.dir/arch/arm/core/offsets/offsets.c.obj
[nokris:rw] [249/411] Building C object CMakeFiles/app.dir/mnt/host/source/src/platform/ec/zephyr/subsys/ap_pwrseq/x86_non_dsx_common_pwrseq_console.c.obj
[nokris:ro] [215/411] Building C object modules/ec/zephyr/CMakeFiles/ec_shim.dir/shim/src/hooks.c.obj
[ovis:ro] [10/376] Generating include/generated/zephyr/offsets.h
[nokris:ro] [216/411] Building C object modules/ec/zephyr/CMakeFiles/ec_shim.dir/shim/src/host_command.c.obj
[/mnt/host/source/src/platform/ec/build/zephyr/magikarp-lcov]   /mnt/host/source/src/platform/ec/build/zephyr/magikarp/build-ro/zephyr/arch/arch/riscv/core/CMakeFiles/arch__riscv__core.dir/cpu_idle.c.gcno:no functions found
[/mnt/host/source/src/platform/ec/build/zephyr/magikarp-lcov] stderr:
[/mnt/host/source/src/platform/ec/build/zephyr/pujjoniru-lcov]   /mnt/host/source/src/platform/ec/build/zephyr/pujjoniru/build-ro/modules/ec/zephyr/CMakeFiles/ec_shim.dir/shim/src/thermal.c.gcno:no functions found
[/mnt/host/source/src/platform/ec/build/zephyr/pujjoniru-lcov] stderr:
[nokris:rw] [250/411] Building C object CMakeFiles/app.dir/mnt/host/source/src/platform/ec/zephyr/subsys/ap_pwrseq/x86_non_dsx_adlp_pwrseq_sm.c.obj
[nokris:ro] [217/411] Building C object modules/ec/zephyr/CMakeFiles/ec_shim.dir/shim/src/console_buffer.c.obj
[nokris:rw] [251/411] Building C object CMakeFiles/app.dir/mnt/host/source/src/platform/ec/build/zephyr/nokris/modules/ec/builtin/stdlib.c.obj
[nokris:rw] [252/411] Building C object CMakeFiles/app.dir/mnt/host/source/src/platform/ec/zephyr/subsys/ap_pwrseq/ap_reset_log.c.obj
[nokris:ro] [218/411] Building C object modules/ec/zephyr/CMakeFiles/ec_shim.dir/shim/src/mkbp_event.c.obj
[nokris:ro] [219/411] Building C object modules/ec/zephyr/CMakeFiles/ec_shim.dir/shim/src/keyboard_raw.c.obj
[/mnt/host/source/src/platform/ec/build/zephyr/pujjoniru-lcov]   /mnt/host/source/src/platform/ec/build/zephyr/pujjoniru/build-ro/modules/ec/zephyr/CMakeFiles/ec_shim.dir/shim/src/battery.c.gcno:no functions found
[/mnt/host/source/src/platform/ec/build/zephyr/pujjoniru-lcov] stderr:
[ovis:rw] [33/376] Building C object zephyr/CMakeFiles/zephyr.dir/soc/nuvoton/npcx/common/scfg.c.obj
[nokris:rw] [253/411] Building C object CMakeFiles/app.dir/mnt/host/source/src/platform/ec/build/zephyr/nokris/modules/ec/common/base32.c.obj
[/mnt/host/source/src/platform/ec/build/zephyr/pujjoniru-lcov]   /mnt/host/source/src/platform/ec/build/zephyr/pujjoniru/build-ro/modules/ec/zephyr/CMakeFiles/ec_shim.dir/shim/src/charger.c.gcno:no functions found
[/mnt/host/source/src/platform/ec/build/zephyr/pujjoniru-lcov] stderr:
[nokris:rw] [254/411] Building C object CMakeFiles/app.dir/mnt/host/source/src/platform/ec/build/zephyr/nokris/modules/ec/common/console_output.c.obj
[ovis:ro] [11/376] Building C object zephyr/CMakeFiles/zephyr.dir/lib/libc/validate_libc.c.obj
[nokris:ro] [220/411] Building C object modules/ec/zephyr/CMakeFiles/ec_shim.dir/shim/src/panic.c.obj
[nokris:ro] [221/411] Building C object modules/ec/zephyr/CMakeFiles/ec_shim.dir/shim/src/motionsense_sensors.c.obj
[nokris:rw] [255/411] Building C object CMakeFiles/app.dir/mnt/host/source/src/platform/ec/build/zephyr/nokris/modules/ec/common/ec_features.c.obj
[nokris:ro] [222/411] Building C object modules/ec/zephyr/CMakeFiles/ec_shim.dir/shim/src/pwm_hc.c.obj
[nokris:rw] [256/411] Building C object CMakeFiles/app.dir/mnt/host/source/src/platform/ec/build/zephyr/nokris/modules/ec/common/peripheral.c.obj
[ovis:rw] [34/376] Building C object zephyr/CMakeFiles/zephyr.dir/soc/nuvoton/npcx/common/npcxn/registers.c.obj
[nokris:rw] [257/411] Building C object CMakeFiles/app.dir/mnt/host/source/src/platform/ec/build/zephyr/nokris/modules/ec/common/gpio_commands.c.obj
[/mnt/host/source/src/platform/ec/build/zephyr/magikarp-lcov]   /mnt/host/source/src/platform/ec/build/zephyr/magikarp/build-ro/zephyr/arch/common/CMakeFiles/isr_tables.dir/isr_tables.c.gcno:no functions found
[/mnt/host/source/src/platform/ec/build/zephyr/magikarp-lcov] stderr:
[/mnt/host/source/src/platform/ec/build/zephyr/pujjoniru-lcov]   /mnt/host/source/src/platform/ec/build/zephyr/pujjoniru/build-ro/modules/ec/zephyr/CMakeFiles/ec_shim.dir/shim/src/usb_muxes.c.gcno:no functions found
[/mnt/host/source/src/platform/ec/build/zephyr/pujjoniru-lcov] stderr:
[nokris:rw] [258/411] Building C object CMakeFiles/app.dir/mnt/host/source/src/platform/ec/build/zephyr/nokris/modules/ec/common/printf.c.obj
[ovis:ro] [12/376] Building C object zephyr/CMakeFiles/zephyr.dir/lib/heap/heap.c.obj
[nokris:ro] [223/411] Building C object modules/ec/zephyr/CMakeFiles/ec_shim.dir/shim/src/pwm_led.c.obj
[nokris:ro] [224/411] Building C object modules/ec/zephyr/CMakeFiles/ec_shim.dir/shim/src/temp_sensors.c.obj
[nokris:rw] [259/411] Building C object CMakeFiles/app.dir/mnt/host/source/src/platform/ec/build/zephyr/nokris/modules/ec/common/queue.c.obj
[nokris:rw] [260/411] Building C object CMakeFiles/app.dir/mnt/host/source/src/platform/ec/build/zephyr/nokris/modules/ec/common/system.c.obj
[nokris:ro] [225/411] Building C object modules/ec/zephyr/CMakeFiles/ec_shim.dir/shim/src/hwtimer.c.obj
[nokris:ro] [226/411] Building C object modules/ec/zephyr/CMakeFiles/ec_shim.dir/shim/src/thermal.c.obj
[ovis:rw] [35/376] Building C object zephyr/CMakeFiles/zephyr.dir/soc/nuvoton/npcx/npcx9/soc.c.obj
[nokris:rw] [261/411] Building C object CMakeFiles/app.dir/mnt/host/source/src/platform/ec/build/zephyr/nokris/modules/ec/common/system_boot_time.c.obj
[nokris:rw] [262/411] Building C object CMakeFiles/app.dir/mnt/host/source/src/platform/ec/build/zephyr/nokris/modules/ec/common/uart_printf.c.obj
[nokris:rw] [263/411] Building C object CMakeFiles/app.dir/mnt/host/source/src/platform/ec/build/zephyr/nokris/modules/ec/common/util.c.obj
[nokris:ro] [227/411] Building C object modules/ec/zephyr/CMakeFiles/ec_shim.dir/shim/src/i2c.c.obj
[ovis:ro] [13/376] Building C object zephyr/CMakeFiles/zephyr.dir/lib/os/cbprintf_packaged.c.obj
[nokris:rw] [264/411] Building C object CMakeFiles/app.dir/mnt/host/source/src/platform/ec/build/zephyr/nokris/modules/ec/common/version.c.obj
[nokris:ro] [228/411] Building C object modules/ec/zephyr/CMakeFiles/ec_shim.dir/shim/src/watchdog.c.obj
[ovis:rw] [36/376] Building C object zephyr/CMakeFiles/zephyr.dir/subsys/logging/log_minimal.c.obj
[nokris:ro] [229/411] Building C object modules/ec/zephyr/CMakeFiles/ec_shim.dir/shim/src/tasks.c.obj
[nokris:rw] [265/411] Building C object CMakeFiles/app.dir/mnt/host/source/src/platform/ec/build/zephyr/nokris/modules/ec/common/power_button_x86.c.obj
[nokris:ro] [230/411] Building C object modules/ec/zephyr/CMakeFiles/ec_shim.dir/shim/src/bc12.c.obj
[nokris:rw] [266/411] Building C object CMakeFiles/app.dir/mnt/host/source/src/platform/ec/build/zephyr/nokris/modules/ec/driver/accel_lis2dw12.c.obj
[nokris:ro] [231/411] Building C object modules/ec/zephyr/CMakeFiles/ec_shim.dir/shim/src/bc12_pi3usb9201.c.obj
[nokris:rw] [267/411] Building C object CMakeFiles/app.dir/mnt/host/source/src/platform/ec/build/zephyr/nokris/modules/ec/driver/accelgyro_lsm6dso.c.obj
[nokris:rw] [268/411] Building C object CMakeFiles/app.dir/mnt/host/source/src/platform/ec/build/zephyr/nokris/modules/ec/common/motion_sense_fifo.c.obj
[ovis:ro] [14/376] Building C object zephyr/CMakeFiles/zephyr.dir/lib/os/clock.c.obj
[/mnt/host/source/src/platform/ec/build/zephyr/pujjoniru-lcov]   /mnt/host/source/src/platform/ec/build/zephyr/pujjoniru/build-ro/modules/ec/zephyr/CMakeFiles/ec_shim.dir/shim/src/usba.c.gcno:no functions found
[/mnt/host/source/src/platform/ec/build/zephyr/pujjoniru-lcov] stderr:
[nokris:rw] [269/411] Building C object CMakeFiles/app.dir/mnt/host/source/src/platform/ec/build/zephyr/nokris/modules/ec/common/adc.c.obj
[nokris:ro] [232/411] Building C object modules/ec/zephyr/CMakeFiles/ec_shim.dir/shim/src/ppc.c.obj
[nokris:rw] [270/411] Building C object CMakeFiles/app.dir/mnt/host/source/src/platform/ec/build/zephyr/nokris/modules/ec/common/acpi.c.obj
[nokris:ro] [233/411] Building C object modules/ec/zephyr/CMakeFiles/ec_shim.dir/shim/src/tcpc_nct38xx.c.obj
[nokris:ro] [234/411] cd /mnt/host/source/src/platform/ec/build/zephyr/nokris/build-ro/modules/ec/zephyr && PYTHONPATH=/mnt/host/source/src/platform/ec/build/zephyr/nokris/modules/ec/zephyr/zmake/ /usr/bin/python3.11 /mnt/host/source/src/platform/ec/build/zephyr/nokris/modules/ec/zephyr/zmake/zephyr_build_tools/generate_ec_version.py /mnt/host/source/src/platform/ec/build/zephyr/nokris/build-ro/modules/ec/zephyr/include/ec_version.h --name Zephyr-Kernel --version 16543.0.0 --static
[nokris:ro] INFO:root:Using a static version string
[ovis:rw] [37/376] Building C object zephyr/CMakeFiles/zephyr.dir/subsys/mem_mgmt/mem_attr.c.obj
[nokris:rw] [271/411] Building C object CMakeFiles/app.dir/mnt/host/source/src/platform/ec/build/zephyr/nokris/modules/ec/common/backlight_lid.c.obj
[nokris:ro] INFO:root:Version string: Zephyr-Kernel-16543.0.0
[nokris:ro] INFO:root:Writing header to /mnt/host/source/src/platform/ec/build/zephyr/nokris/build-ro/modules/ec/zephyr/include/ec_version.h
[nokris:ro] [235/411] Building C object modules/ec/zephyr/CMakeFiles/ec_shim.dir/shim/src/usba.c.obj
[nokris:ro] [236/411] Building C object modules/ec/zephyr/CMakeFiles/ec_shim.dir/shim/src/power_host_sleep_api.c.obj
[ovis:ro] [15/376] Building C object zephyr/CMakeFiles/zephyr.dir/lib/os/printk.c.obj
[nokris:rw] [272/411] Building C object CMakeFiles/app.dir/mnt/host/source/src/platform/ec/build/zephyr/nokris/modules/ec/common/battery.c.obj
[nokris:ro] [237/411] Building C object modules/ec/zephyr/CMakeFiles/ec_shim.dir/shim/src/usb_muxes.c.obj
[nokris:rw] [273/411] Building C object CMakeFiles/app.dir/mnt/host/source/src/platform/ec/build/zephyr/nokris/modules/ec/common/battery_info.c.obj
[nokris:rw] [274/411] Building C object CMakeFiles/app.dir/mnt/host/source/src/platform/ec/build/zephyr/nokris/modules/ec/common/battery_fuel_gauge.c.obj
[nokris:ro] [238/411] Building C object zephyr/kernel/CMakeFiles/kernel.dir/main_weak.c.obj
[nokris:rw] [275/411] Building C object CMakeFiles/app.dir/mnt/host/source/src/platform/ec/build/zephyr/nokris/modules/ec/driver/battery/smart.c.obj
[nokris:ro] [239/411] Building C object CMakeFiles/app.dir/mnt/host/source/src/platform/ec/zephyr/subsys/ap_pwrseq/ap_events.c.obj
[ovis:rw] [38/376] Building C object zephyr/CMakeFiles/zephyr.dir/subsys/pm/pm.c.obj
[nokris:rw] [276/411] Building C object CMakeFiles/app.dir/mnt/host/source/src/platform/ec/build/zephyr/nokris/modules/ec/driver/bc12/pi3usb9201.c.obj
[ovis:ro] [16/376] Building C object zephyr/CMakeFiles/zephyr.dir/lib/os/sem.c.obj
[nokris:ro] [240/411] Building C object CMakeFiles/app.dir/mnt/host/source/src/platform/ec/zephyr/subsys/ap_pwrseq/ap_power_interface.c.obj
[nokris:rw] [277/411] Building C object CMakeFiles/app.dir/mnt/host/source/src/platform/ec/build/zephyr/nokris/modules/ec/driver/charger/bq25710.c.obj
[nokris:ro] [241/411] Building C object CMakeFiles/app.dir/mnt/host/source/src/platform/ec/zephyr/subsys/ap_pwrseq/power_signals.c.obj
[nokris:rw] [278/411] Building C object CMakeFiles/app.dir/mnt/host/source/src/platform/ec/build/zephyr/nokris/modules/ec/common/charger.c.obj
[nokris:ro] [242/411] Building C object CMakeFiles/app.dir/mnt/host/source/src/platform/ec/zephyr/subsys/ap_pwrseq/signal_gpio.c.obj
[ovis:rw] [39/376] Building C object zephyr/CMakeFiles/zephyr.dir/subsys/pm/state.c.obj
[nokris:rw] [279/411] Building C object CMakeFiles/app.dir/mnt/host/source/src/platform/ec/build/zephyr/nokris/modules/ec/common/cbi_common.c.obj
[ovis:ro] [17/376] Building C object zephyr/CMakeFiles/zephyr.dir/lib/os/thread_entry.c.obj
[nokris:ro] [243/411] Building C object CMakeFiles/app.dir/mnt/host/source/src/platform/ec/zephyr/subsys/ap_pwrseq/signal_vw.c.obj
[nokris:rw] [280/411] Building C object CMakeFiles/app.dir/mnt/host/source/src/platform/ec/build/zephyr/nokris/modules/ec/common/charge_state.c.obj
[nokris:ro] [244/411] Building C object CMakeFiles/app.dir/mnt/host/source/src/platform/ec/zephyr/subsys/ap_pwrseq/signal_adc.c.obj
[nokris:rw] [281/411] Building C object CMakeFiles/app.dir/mnt/host/source/src/platform/ec/build/zephyr/nokris/modules/ec/common/charge_manager.c.obj
[/mnt/host/source/src/platform/ec/build/zephyr/magikarp-lcov]   /mnt/host/source/src/platform/ec/build/zephyr/magikarp/build-ro/zephyr/CMakeFiles/zephyr.dir/subsys/shell/modules/kernel_service/kernel_shell.c.gcno:no functions found
[/mnt/host/source/src/platform/ec/build/zephyr/magikarp-lcov] stderr:
[nokris:rw] [282/411] Building C object CMakeFiles/app.dir/mnt/host/source/src/platform/ec/build/zephyr/nokris/modules/ec/common/cbi.c.obj
[nokris:rw] [283/411] Building C object CMakeFiles/app.dir/mnt/host/source/src/platform/ec/build/zephyr/nokris/modules/ec/common/cbi_config.c.obj
[nokris:ro] [245/411] Building C object CMakeFiles/app.dir/mnt/host/source/src/platform/ec/zephyr/subsys/ap_pwrseq/power_host_sleep.c.obj
[ovis:rw] [40/376] Building C object zephyr/CMakeFiles/zephyr.dir/subsys/pm/policy/policy_events.c.obj
[/mnt/host/source/src/platform/ec/build/zephyr/magikarp-lcov]   /mnt/host/source/src/platform/ec/build/zephyr/magikarp/build-ro/zephyr/CMakeFiles/zephyr.dir/lib/libc/validate_libc.c.gcno:no functions found
[/mnt/host/source/src/platform/ec/build/zephyr/magikarp-lcov] stderr:
[/mnt/host/source/src/platform/ec/build/zephyr/pujjoniru-lcov]   /mnt/host/source/src/platform/ec/build/zephyr/pujjoniru/build-ro/modules/ec/zephyr/CMakeFiles/ec_shim.dir/drivers/keyboard_input/keyboard_customization_check.c.gcno:no functions found
[/mnt/host/source/src/platform/ec/build/zephyr/pujjoniru-lcov] stderr:
[ovis:ro] [18/376] Building C object zephyr/CMakeFiles/zephyr.dir/lib/os/cbprintf_nano.c.obj
[nokris:ro] [246/411] Building C object CMakeFiles/app.dir/mnt/host/source/src/platform/ec/zephyr/subsys/ap_pwrseq/x86_non_dsx_common_pwrseq_sm_handler.c.obj
[nokris:rw] [284/411] Building C object CMakeFiles/app.dir/mnt/host/source/src/platform/ec/build/zephyr/nokris/modules/ec/common/dptf.c.obj
[nokris:ro] [247/411] Building C object CMakeFiles/app.dir/mnt/host/source/src/platform/ec/zephyr/subsys/ap_pwrseq/x86_non_dsx_chipset_power_state.c.obj
[nokris:rw] [285/411] Building C object CMakeFiles/app.dir/mnt/host/source/src/platform/ec/build/zephyr/nokris/modules/ec/common/ap_reset_log.c.obj
[nokris:rw] [286/411] Building C object CMakeFiles/app.dir/mnt/host/source/src/platform/ec/build/zephyr/nokris/modules/ec/common/espi.c.obj
[nokris:ro] [248/411] Building C object CMakeFiles/app.dir/mnt/host/source/src/platform/ec/zephyr/subsys/ap_pwrseq/x86_non_dsx_common_pwrseq_host_sleep.c.obj
[nokris:ro] [249/411] Building C object CMakeFiles/app.dir/mnt/host/source/src/platform/ec/zephyr/subsys/ap_pwrseq/x86_non_dsx_common_pwrseq_console.c.obj
[ovis:rw] [41/376] Building C object zephyr/CMakeFiles/zephyr.dir/subsys/pm/policy/policy_latency.c.obj
[nokris:rw] [287/411] Building C object CMakeFiles/app.dir/mnt/host/source/src/platform/ec/build/zephyr/nokris/modules/ec/common/extpower_common.c.obj
[nokris:rw] [288/411] Building C object CMakeFiles/app.dir/mnt/host/source/src/platform/ec/build/zephyr/nokris/modules/ec/common/extpower_gpio.c.obj
[ovis:ro] [19/376] Building C object zephyr/CMakeFiles/zephyr.dir/lib/os/cbprintf.c.obj
[nokris:rw] [289/411] Building C object CMakeFiles/app.dir/mnt/host/source/src/platform/ec/build/zephyr/nokris/modules/ec/common/fan.c.obj
[nokris:ro] [250/411] Building C object CMakeFiles/app.dir/mnt/host/source/src/platform/ec/zephyr/subsys/ap_pwrseq/x86_non_dsx_common_pwrseq_host_command.c.obj
[/mnt/host/source/src/platform/ec/build/zephyr/magikarp-lcov]   /mnt/host/source/src/platform/ec/build/zephyr/magikarp/build-ro/zephyr/CMakeFiles/zephyr.dir/lib/utils/last_section_id.c.gcno:no functions found
[/mnt/host/source/src/platform/ec/build/zephyr/magikarp-lcov] stderr:
[nokris:rw] [290/411] Building C object CMakeFiles/app.dir/mnt/host/source/src/platform/ec/build/zephyr/nokris/modules/ec/common/flash.c.obj
[nokris:ro] [251/411] Building C object CMakeFiles/app.dir/mnt/host/source/src/platform/ec/zephyr/subsys/ap_pwrseq/x86_non_dsx_adlp_pwrseq_sm.c.obj
[ovis:rw] [42/376] Building C object zephyr/CMakeFiles/zephyr.dir/subsys/pm/policy/policy_state_lock.c.obj
[nokris:rw] [291/411] Building C object CMakeFiles/app.dir/mnt/host/source/src/platform/ec/build/zephyr/nokris/modules/ec/common/host_command.c.obj
[nokris:ro] [252/411] Building C object CMakeFiles/app.dir/mnt/host/source/src/platform/ec/zephyr/subsys/ap_pwrseq/ap_reset_log.c.obj
[nokris:rw] [292/411] Building C object CMakeFiles/app.dir/mnt/host/source/src/platform/ec/build/zephyr/nokris/modules/ec/common/host_command_task.c.obj
[nokris:ro] [253/411] Building C object CMakeFiles/app.dir/mnt/host/source/src/platform/ec/build/zephyr/nokris/modules/ec/builtin/stdlib.c.obj
[ovis:ro] [20/376] Building C object zephyr/CMakeFiles/zephyr.dir/lib/os/assert.c.obj
[nokris:ro] [254/411] Building C object CMakeFiles/app.dir/mnt/host/source/src/platform/ec/build/zephyr/nokris/modules/ec/common/base32.c.obj
[nokris:rw] [293/411] Building C object CMakeFiles/app.dir/mnt/host/source/src/platform/ec/build/zephyr/nokris/modules/ec/common/uart_hostcmd.c.obj
[nokris:rw] [294/411] Building C object CMakeFiles/app.dir/mnt/host/source/src/platform/ec/build/zephyr/nokris/modules/ec/common/host_event_commands.c.obj
[ovis:ro] [21/376] Building C object zephyr/CMakeFiles/zephyr.dir/lib/utils/dec.c.obj
[nokris:rw] [295/411] Building C object CMakeFiles/app.dir/mnt/host/source/src/platform/ec/build/zephyr/nokris/modules/ec/common/uptime.c.obj
[ovis:rw] [43/376] Building C object zephyr/CMakeFiles/zephyr.dir/subsys/pm/device.c.obj
[nokris:ro] [255/411] Building C object CMakeFiles/app.dir/mnt/host/source/src/platform/ec/build/zephyr/nokris/modules/ec/common/console_output.c.obj
[ovis:ro] [22/376] Building C object zephyr/CMakeFiles/zephyr.dir/lib/utils/hex.c.obj
[nokris:ro] [256/411] Building C object CMakeFiles/app.dir/mnt/host/source/src/platform/ec/build/zephyr/nokris/modules/ec/common/ec_features.c.obj
[nokris:rw] [296/411] Building C object CMakeFiles/app.dir/mnt/host/source/src/platform/ec/build/zephyr/nokris/modules/ec/common/i2c_controller.c.obj
[nokris:ro] [257/411] Building C object CMakeFiles/app.dir/mnt/host/source/src/platform/ec/build/zephyr/nokris/modules/ec/common/gpio_commands.c.obj
[nokris:rw] [297/411] Building C object CMakeFiles/app.dir/mnt/host/source/src/platform/ec/build/zephyr/nokris/modules/ec/common/i2c_passthru.c.obj
[nokris:ro] [258/411] Building C object CMakeFiles/app.dir/mnt/host/source/src/platform/ec/build/zephyr/nokris/modules/ec/common/peripheral.c.obj
[nokris:rw] [298/411] Building C object CMakeFiles/app.dir/mnt/host/source/src/platform/ec/build/zephyr/nokris/modules/ec/common/keyboard_scan.c.obj
[nokris:ro] [259/411] Building C object CMakeFiles/app.dir/mnt/host/source/src/platform/ec/build/zephyr/nokris/modules/ec/common/printf.c.obj
[ovis:rw] [44/376] Building C object zephyr/CMakeFiles/zephyr.dir/subsys/pm/device_system_managed.c.obj
[nokris:rw] [299/411] Building C object CMakeFiles/app.dir/mnt/host/source/src/platform/ec/build/zephyr/nokris/modules/ec/common/keyboard_8042_sharedlib.c.obj
[nokris:rw] [300/411] Building C object CMakeFiles/app.dir/mnt/host/source/src/platform/ec/build/zephyr/nokris/modules/ec/common/keyboard_8042.c.obj
[ovis:ro] [23/376] Building C object zephyr/CMakeFiles/zephyr.dir/lib/utils/rb.c.obj
[nokris:rw] [301/411] Building C object CMakeFiles/app.dir/mnt/host/source/src/platform/ec/build/zephyr/nokris/modules/ec/common/mkbp_fifo.c.obj
[nokris:ro] [260/411] Building C object CMakeFiles/app.dir/mnt/host/source/src/platform/ec/build/zephyr/nokris/modules/ec/common/queue.c.obj
[ovis:ro] [24/376] Building C object zephyr/CMakeFiles/zephyr.dir/lib/utils/timeutil.c.obj
[nokris:rw] [302/411] Building C object CMakeFiles/app.dir/mnt/host/source/src/platform/ec/build/zephyr/nokris/modules/ec/common/mkbp_info.c.obj
[nokris:ro] [261/411] Building C object CMakeFiles/app.dir/mnt/host/source/src/platform/ec/build/zephyr/nokris/modules/ec/common/uart_printf.c.obj
[nokris:ro] [262/411] Building C object CMakeFiles/app.dir/mnt/host/source/src/platform/ec/build/zephyr/nokris/modules/ec/common/system_boot_time.c.obj
[ovis:rw] [45/376] Building C object zephyr/CMakeFiles/zephyr.dir/subsys/testsuite/coverage/coverage.c.obj
[nokris:ro] [263/411] Building C object CMakeFiles/app.dir/mnt/host/source/src/platform/ec/build/zephyr/nokris/modules/ec/common/system.c.obj
[nokris:rw] [303/411] Building C object CMakeFiles/app.dir/mnt/host/source/src/platform/ec/build/zephyr/nokris/modules/ec/common/mkbp_input_devices.c.obj
[nokris:ro] [264/411] Building C object CMakeFiles/app.dir/mnt/host/source/src/platform/ec/build/zephyr/nokris/modules/ec/common/util.c.obj
[nokris:rw] [304/411] Building C object CMakeFiles/app.dir/mnt/host/source/src/platform/ec/build/zephyr/nokris/modules/ec/common/keyboard_backlight.c.obj
[/mnt/host/source/src/platform/ec/build/zephyr/skywalker-lcov]   /mnt/host/source/src/platform/ec/build/zephyr/skywalker/build-ro/zephyr/CMakeFiles/zephyr.dir/soc/nuvoton/npcx/common/npcxn/registers.c.gcno:no functions found
[/mnt/host/source/src/platform/ec/build/zephyr/skywalker-lcov] stderr:
[nokris:rw] [305/411] Building C object CMakeFiles/app.dir/mnt/host/source/src/platform/ec/build/zephyr/nokris/modules/ec/common/led_common.c.obj
[nokris:rw] [306/411] Building C object CMakeFiles/app.dir/mnt/host/source/src/platform/ec/build/zephyr/nokris/modules/ec/common/led_pwm.c.obj
[ovis:ro] [25/376] Building C object zephyr/CMakeFiles/zephyr.dir/lib/utils/bitarray.c.obj
[nokris:rw] [307/411] Building C object CMakeFiles/app.dir/mnt/host/source/src/platform/ec/build/zephyr/nokris/modules/ec/common/led_onoff_states.c.obj
[nokris:ro] [265/411] Building C object CMakeFiles/app.dir/mnt/host/source/src/platform/ec/build/zephyr/nokris/modules/ec/common/version.c.obj
[ovis:rw] [46/376] Building C object zephyr/CMakeFiles/zephyr.dir/subsys/tracing/tracing_none.c.obj
[nokris:rw] [308/411] Building C object CMakeFiles/app.dir/mnt/host/source/src/platform/ec/build/zephyr/nokris/modules/ec/common/motion_lid.c.obj
[ovis:ro] [26/376] Building C object zephyr/CMakeFiles/zephyr.dir/lib/utils/bitmask.c.obj
[/mnt/host/source/src/platform/ec/build/zephyr/skywalker-lcov]   /mnt/host/source/src/platform/ec/build/zephyr/skywalker/build-rw/modules/ec/zephyr/CMakeFiles/ec_shim.dir/shim/src/power.c.gcno:no functions found
[/mnt/host/source/src/platform/ec/build/zephyr/skywalker-lcov] stderr:
[nokris:ro] [266/411] Building C object CMakeFiles/app.dir/mnt/host/source/src/platform/ec/build/zephyr/nokris/modules/ec/driver/accel_lis2dw12.c.obj
[nokris:ro] [267/411] Building C object CMakeFiles/app.dir/mnt/host/source/src/platform/ec/build/zephyr/nokris/modules/ec/common/power_button_x86.c.obj
[/mnt/host/source/src/platform/ec/build/zephyr/pujjoniru-lcov]   /mnt/host/source/src/platform/ec/build/zephyr/pujjoniru/build-ro/CMakeFiles/app.dir/mnt/host/source/src/platform/ec/build/zephyr/pujjoniru/modules/ec/common/usb_pd_pdo.c.gcno:no functions found
[/mnt/host/source/src/platform/ec/build/zephyr/pujjoniru-lcov] stderr:
[nokris:rw] [309/411] Building C object CMakeFiles/app.dir/mnt/host/source/src/platform/ec/build/zephyr/nokris/modules/ec/common/lid_angle.c.obj
[nokris:ro] [268/411] Building C object CMakeFiles/app.dir/mnt/host/source/src/platform/ec/build/zephyr/nokris/modules/ec/driver/accelgyro_lsm6dso.c.obj
[nokris:ro] [269/411] Building C object CMakeFiles/app.dir/mnt/host/source/src/platform/ec/build/zephyr/nokris/modules/ec/common/motion_sense_fifo.c.obj
[/mnt/host/source/src/platform/ec/build/zephyr/skywalker-lcov]   /mnt/host/source/src/platform/ec/build/zephyr/skywalker/build-rw/modules/ec/zephyr/CMakeFiles/ec_shim.dir/shim/src/battery.c.gcno:no functions found
[/mnt/host/source/src/platform/ec/build/zephyr/skywalker-lcov] stderr:
[nokris:rw] [310/411] Building C object CMakeFiles/app.dir/mnt/host/source/src/platform/ec/build/zephyr/nokris/modules/ec/common/lid_angle_keyboard_policy.c.obj
[nokris:rw] [311/411] Building C object CMakeFiles/app.dir/mnt/host/source/src/platform/ec/build/zephyr/nokris/modules/ec/common/lid_switch.c.obj
[nokris:rw] [312/411] Building C object CMakeFiles/app.dir/mnt/host/source/src/platform/ec/build/zephyr/nokris/modules/ec/common/mkbp_event.c.obj
[ovis:ro] [27/376] Building C object zephyr/CMakeFiles/zephyr.dir/lib/utils/getopt/getopt.c.obj
[nokris:rw] [313/411] Building C object CMakeFiles/app.dir/mnt/host/source/src/platform/ec/build/zephyr/nokris/modules/ec/common/motion_sense.c.obj
[ovis:rw] [47/376] Building C object zephyr/CMakeFiles/zephyr.dir/subsys/shell/modules/kernel_service/kernel_shell.c.obj
[nokris:ro] [270/411] Building C object CMakeFiles/app.dir/mnt/host/source/src/platform/ec/build/zephyr/nokris/modules/ec/common/adc.c.obj
[nokris:rw] [314/411] Building C object CMakeFiles/app.dir/mnt/host/source/src/platform/ec/build/zephyr/nokris/modules/ec/common/port80.c.obj
[/mnt/host/source/src/platform/ec/build/zephyr/skywalker-lcov]   /mnt/host/source/src/platform/ec/build/zephyr/skywalker/build-rw/modules/ec/zephyr/CMakeFiles/ec_shim.dir/shim/src/charger.c.gcno:no functions found
[/mnt/host/source/src/platform/ec/build/zephyr/skywalker-lcov] stderr:
[nokris:ro] [271/411] Building C object CMakeFiles/app.dir/mnt/host/source/src/platform/ec/build/zephyr/nokris/modules/ec/common/acpi.c.obj
[nokris:rw] [315/411] Building C object CMakeFiles/app.dir/mnt/host/source/src/platform/ec/build/zephyr/nokris/modules/ec/common/power_button.c.obj
[nokris:ro] [272/411] Building C object CMakeFiles/app.dir/mnt/host/source/src/platform/ec/build/zephyr/nokris/modules/ec/common/backlight_lid.c.obj
[nokris:rw] [316/411] Building C object CMakeFiles/app.dir/mnt/host/source/src/platform/ec/build/zephyr/nokris/modules/ec/power/hibernate.c.obj
[nokris:ro] [273/411] Building C object CMakeFiles/app.dir/mnt/host/source/src/platform/ec/build/zephyr/nokris/modules/ec/common/battery_info.c.obj
[ovis:ro] [28/376] Building C object zephyr/CMakeFiles/zephyr.dir/lib/utils/getopt/getopt_common.c.obj
[nokris:ro] [274/411] Building C object CMakeFiles/app.dir/mnt/host/source/src/platform/ec/build/zephyr/nokris/modules/ec/common/battery.c.obj
[nokris:rw] [317/411] Building C object CMakeFiles/app.dir/mnt/host/source/src/platform/ec/build/zephyr/nokris/modules/ec/common/sha256.c.obj
[nokris:rw] [318/411] Building C object CMakeFiles/app.dir/mnt/host/source/src/platform/ec/build/zephyr/nokris/modules/ec/common/panic_output.c.obj
[/mnt/host/source/src/platform/ec/build/zephyr/skywalker-lcov]   /mnt/host/source/src/platform/ec/build/zephyr/skywalker/build-rw/modules/ec/zephyr/CMakeFiles/ec_shim.dir/shim/src/usba.c.gcno:no functions found
[/mnt/host/source/src/platform/ec/build/zephyr/skywalker-lcov] stderr:
[ovis:rw] [48/376] Building C object zephyr/CMakeFiles/zephyr.dir/subsys/shell/modules/kernel_service/cycles.c.obj
[nokris:rw] [319/411] Building C object CMakeFiles/app.dir/mnt/host/source/src/platform/ec/build/zephyr/nokris/modules/ec/common/shared_mem.c.obj
[ovis:ro] [29/376] Building C object zephyr/CMakeFiles/zephyr.dir/lib/utils/ring_buffer.c.obj
[nokris:ro] [275/411] Building C object CMakeFiles/app.dir/mnt/host/source/src/platform/ec/build/zephyr/nokris/modules/ec/common/battery_fuel_gauge.c.obj
[ovis:ro] [30/376] Building C object zephyr/CMakeFiles/zephyr.dir/lib/utils/last_section_id.c.obj
[nokris:rw] [320/411] Building C object CMakeFiles/app.dir/mnt/host/source/src/platform/ec/build/zephyr/nokris/modules/ec/common/switch.c.obj
[nokris:ro] [276/411] Building C object CMakeFiles/app.dir/mnt/host/source/src/platform/ec/build/zephyr/nokris/modules/ec/driver/battery/smart.c.obj
[nokris:rw] [321/411] Building C object CMakeFiles/app.dir/mnt/host/source/src/platform/ec/build/zephyr/nokris/modules/ec/common/spi_flash_reg.c.obj
[ovis:ro] [31/376] Building C object zephyr/CMakeFiles/zephyr.dir/misc/generated/configs.c.obj
[nokris:ro] [277/411] Building C object CMakeFiles/app.dir/mnt/host/source/src/platform/ec/build/zephyr/nokris/modules/ec/driver/bc12/pi3usb9201.c.obj
[nokris:rw] [322/411] Building C object CMakeFiles/app.dir/mnt/host/source/src/platform/ec/build/zephyr/nokris/modules/ec/driver/stm_mems_common.c.obj
[nokris:ro] [278/411] Building C object CMakeFiles/app.dir/mnt/host/source/src/platform/ec/build/zephyr/nokris/modules/ec/driver/charger/bq25710.c.obj
[ovis:rw] [49/376] Building C object zephyr/CMakeFiles/zephyr.dir/subsys/shell/modules/kernel_service/sleep.c.obj
[nokris:ro] [279/411] Building C object CMakeFiles/app.dir/mnt/host/source/src/platform/ec/build/zephyr/nokris/modules/ec/common/charger.c.obj
[nokris:rw] [323/411] Building C object CMakeFiles/app.dir/mnt/host/source/src/platform/ec/build/zephyr/nokris/modules/ec/common/tablet_mode.c.obj
[nokris:rw] [324/411] Building C object CMakeFiles/app.dir/mnt/host/source/src/platform/ec/build/zephyr/nokris/modules/ec/common/thermal.c.obj
[nokris:rw] [325/411] Building C object CMakeFiles/app.dir/mnt/host/source/src/platform/ec/build/zephyr/nokris/modules/ec/common/temp_sensor.c.obj
[ovis:ro] [32/376] Building C object zephyr/CMakeFiles/zephyr.dir/soc/nuvoton/npcx/common/power.c.obj
[nokris:ro] [280/411] Building C object CMakeFiles/app.dir/mnt/host/source/src/platform/ec/build/zephyr/nokris/modules/ec/common/charge_state.c.obj
[nokris:rw] [326/411] Building C object CMakeFiles/app.dir/mnt/host/source/src/platform/ec/build/zephyr/nokris/modules/ec/driver/temp_sensor/thermistor.c.obj
[nokris:rw] [327/411] Building C object CMakeFiles/app.dir/mnt/host/source/src/platform/ec/build/zephyr/nokris/modules/ec/common/throttle_ap.c.obj
[nokris:ro] [281/411] Building C object CMakeFiles/app.dir/mnt/host/source/src/platform/ec/build/zephyr/nokris/modules/ec/common/cbi_common.c.obj
[ovis:rw] [50/376] Building C object zephyr/CMakeFiles/zephyr.dir/subsys/shell/modules/kernel_service/uptime.c.obj
[nokris:rw] [328/411] Building C object CMakeFiles/app.dir/mnt/host/source/src/platform/ec/build/zephyr/nokris/modules/ec/common/timer.c.obj
[nokris:ro] [282/411] Building C object CMakeFiles/app.dir/mnt/host/source/src/platform/ec/build/zephyr/nokris/modules/ec/common/cbi_config.c.obj
[nokris:ro] [283/411] Building C object CMakeFiles/app.dir/mnt/host/source/src/platform/ec/build/zephyr/nokris/modules/ec/common/cbi.c.obj
[nokris:ro] [284/411] Building C object CMakeFiles/app.dir/mnt/host/source/src/platform/ec/build/zephyr/nokris/modules/ec/common/charge_manager.c.obj
[nokris:rw] [329/411] Building C object CMakeFiles/app.dir/mnt/host/source/src/platform/ec/build/zephyr/nokris/modules/ec/common/usb_port_power_smart.c.obj
[ovis:ro] [33/376] Building C object zephyr/CMakeFiles/zephyr.dir/soc/nuvoton/npcx/common/scfg.c.obj
[nokris:rw] [330/411] Building C object CMakeFiles/app.dir/mnt/host/source/src/platform/ec/build/zephyr/nokris/modules/ec/common/usb_charger.c.obj
[nokris:rw] [331/411] Building C object CMakeFiles/app.dir/mnt/host/source/src/platform/ec/build/zephyr/nokris/modules/ec/common/typec_control.c.obj
[ovis:rw] [51/376] Building C object zephyr/CMakeFiles/zephyr.dir/subsys/shell/modules/kernel_service/version.c.obj
[nokris:rw] [332/411] Building C object CMakeFiles/app.dir/mnt/host/source/src/platform/ec/build/zephyr/nokris/modules/ec/common/usb_pd_pdo.c.obj
[nokris:ro] [285/411] Building C object CMakeFiles/app.dir/mnt/host/source/src/platform/ec/build/zephyr/nokris/modules/ec/common/dptf.c.obj
[nokris:ro] [286/411] Building C object CMakeFiles/app.dir/mnt/host/source/src/platform/ec/build/zephyr/nokris/modules/ec/common/ap_reset_log.c.obj
[nokris:rw] [333/411] Building C object CMakeFiles/app.dir/mnt/host/source/src/platform/ec/build/zephyr/nokris/modules/ec/common/usb_common.c.obj
[ovis:ro] [34/376] Building C object zephyr/CMakeFiles/zephyr.dir/soc/nuvoton/npcx/common/npcxn/registers.c.obj
[nokris:rw] [334/411] Building C object CMakeFiles/app.dir/mnt/host/source/src/platform/ec/build/zephyr/nokris/modules/ec/common/usbc/usbc_task.c.obj
[nokris:ro] [287/411] Building C object CMakeFiles/app.dir/mnt/host/source/src/platform/ec/build/zephyr/nokris/modules/ec/common/espi.c.obj
[nokris:ro] [288/411] Building C object CMakeFiles/app.dir/mnt/host/source/src/platform/ec/build/zephyr/nokris/modules/ec/common/extpower_common.c.obj
[nokris:rw] [335/411] Building C object CMakeFiles/app.dir/mnt/host/source/src/platform/ec/build/zephyr/nokris/modules/ec/common/usbc/usb_pd_timer.c.obj
[nokris:rw] [336/411] Building C object CMakeFiles/app.dir/mnt/host/source/src/platform/ec/build/zephyr/nokris/modules/ec/common/usbc/usb_sm.c.obj
[nokris:ro] [289/411] Building C object CMakeFiles/app.dir/mnt/host/source/src/platform/ec/build/zephyr/nokris/modules/ec/common/extpower_gpio.c.obj
[ovis:rw] [52/376] Building C object zephyr/CMakeFiles/zephyr.dir/subsys/shell/modules/kernel_service/thread/thread.c.obj
[ovis:ro] [35/376] Building C object zephyr/CMakeFiles/zephyr.dir/soc/nuvoton/npcx/npcx9/soc.c.obj
[nokris:rw] [337/411] Building C object CMakeFiles/app.dir/mnt/host/source/src/platform/ec/build/zephyr/nokris/modules/ec/common/usbc_intr_task.c.obj
[nokris:rw] [338/411] Building C object CMakeFiles/app.dir/mnt/host/source/src/platform/ec/build/zephyr/nokris/modules/ec/common/usbc_utils.c.obj
[nokris:rw] [339/411] Building C object CMakeFiles/app.dir/mnt/host/source/src/platform/ec/build/zephyr/nokris/modules/ec/common/usb_pd_flags.c.obj
[nokris:ro] [290/411] Building C object CMakeFiles/app.dir/mnt/host/source/src/platform/ec/build/zephyr/nokris/modules/ec/common/fan.c.obj
[nokris:ro] [291/411] Building C object CMakeFiles/app.dir/mnt/host/source/src/platform/ec/build/zephyr/nokris/modules/ec/common/flash.c.obj
[nokris:rw] [340/411] Building C object CMakeFiles/app.dir/mnt/host/source/src/platform/ec/build/zephyr/nokris/modules/ec/common/chargen.c.obj
[nokris:ro] [292/411] Building C object CMakeFiles/app.dir/mnt/host/source/src/platform/ec/build/zephyr/nokris/modules/ec/common/host_command.c.obj
[ovis:rw] [53/376] Building C object zephyr/CMakeFiles/zephyr.dir/subsys/shell/modules/kernel_service/thread/list.c.obj
[nokris:ro] [293/411] Building C object CMakeFiles/app.dir/mnt/host/source/src/platform/ec/build/zephyr/nokris/modules/ec/common/host_command_task.c.obj
[ovis:ro] [36/376] Building C object zephyr/CMakeFiles/zephyr.dir/subsys/logging/log_minimal.c.obj
[nokris:rw] [341/411] Building C object CMakeFiles/app.dir/mnt/host/source/src/platform/ec/build/zephyr/nokris/modules/ec/common/usbc/usb_pd_console.c.obj
[nokris:ro] [294/411] Building C object CMakeFiles/app.dir/mnt/host/source/src/platform/ec/build/zephyr/nokris/modules/ec/common/host_event_commands.c.obj
[nokris:rw] [342/411] Building C object CMakeFiles/app.dir/mnt/host/source/src/platform/ec/build/zephyr/nokris/modules/ec/driver/usb_mux/usb_mux.c.obj
[nokris:rw] [343/411] Building C object CMakeFiles/app.dir/mnt/host/source/src/platform/ec/build/zephyr/nokris/modules/ec/driver/usb_mux/virtual.c.obj
[nokris:ro] [295/411] Building C object CMakeFiles/app.dir/mnt/host/source/src/platform/ec/build/zephyr/nokris/modules/ec/common/uart_hostcmd.c.obj
[nokris:rw] [344/411] Building C object CMakeFiles/app.dir/mnt/host/source/src/platform/ec/build/zephyr/nokris/modules/ec/common/usbc/usb_prl_sm.c.obj
[ovis:rw] [54/376] Building C object zephyr/CMakeFiles/zephyr.dir/subsys/shell/modules/kernel_service/thread/stacks.c.obj
[nokris:ro] [296/411] Building C object CMakeFiles/app.dir/mnt/host/source/src/platform/ec/build/zephyr/nokris/modules/ec/common/uptime.c.obj
[nokris:ro] [297/411] Building C object CMakeFiles/app.dir/mnt/host/source/src/platform/ec/build/zephyr/nokris/modules/ec/common/i2c_controller.c.obj
[nokris:rw] [345/411] Building C object CMakeFiles/app.dir/mnt/host/source/src/platform/ec/build/zephyr/nokris/modules/ec/common/usbc/usb_tc_drp_acc_trysrc_sm.c.obj
[ovis:ro] [37/376] Building C object zephyr/CMakeFiles/zephyr.dir/subsys/mem_mgmt/mem_attr.c.obj
[nokris:ro] [298/411] Building C object CMakeFiles/app.dir/mnt/host/source/src/platform/ec/build/zephyr/nokris/modules/ec/common/i2c_passthru.c.obj
[nokris:rw] [346/411] Building C object CMakeFiles/app.dir/mnt/host/source/src/platform/ec/build/zephyr/nokris/modules/ec/common/usbc/usbc_pd_policy.c.obj
[nokris:rw] [347/411] Building C object CMakeFiles/app.dir/mnt/host/source/src/platform/ec/build/zephyr/nokris/modules/ec/common/usbc/usb_pe_drp_sm.c.obj
[nokris:rw] [348/411] Building C object CMakeFiles/app.dir/mnt/host/source/src/platform/ec/build/zephyr/nokris/modules/ec/common/usbc/usb_pd_dpm.c.obj
[nokris:ro] [299/411] Building C object CMakeFiles/app.dir/mnt/host/source/src/platform/ec/build/zephyr/nokris/modules/ec/common/keyboard_scan.c.obj
[ovis:rw] [55/376] Building C object zephyr/CMakeFiles/zephyr.dir/subsys/shell/modules/kernel_service/thread/suspend.c.obj
[nokris:rw] [349/411] Building C object CMakeFiles/app.dir/mnt/host/source/src/platform/ec/build/zephyr/nokris/modules/ec/common/usbc/dp_alt_mode.c.obj
[ovis:ro] [38/376] Building C object zephyr/CMakeFiles/zephyr.dir/subsys/pm/pm.c.obj
[nokris:ro] [300/411] Building C object CMakeFiles/app.dir/mnt/host/source/src/platform/ec/build/zephyr/nokris/modules/ec/common/keyboard_8042_sharedlib.c.obj
[nokris:ro] [301/411] Building C object CMakeFiles/app.dir/mnt/host/source/src/platform/ec/build/zephyr/nokris/modules/ec/common/keyboard_8042.c.obj
[nokris:rw] [350/411] Building C object CMakeFiles/app.dir/mnt/host/source/src/platform/ec/build/zephyr/nokris/modules/ec/common/usb_pd_console_cmd.c.obj
[nokris:ro] [302/411] Building C object CMakeFiles/app.dir/mnt/host/source/src/platform/ec/build/zephyr/nokris/modules/ec/common/mkbp_fifo.c.obj
[nokris:rw] [351/411] Building C object CMakeFiles/app.dir/mnt/host/source/src/platform/ec/build/zephyr/nokris/modules/ec/common/usb_pd_host_cmd.c.obj
[nokris:ro] [303/411] Building C object CMakeFiles/app.dir/mnt/host/source/src/platform/ec/build/zephyr/nokris/modules/ec/common/mkbp_info.c.obj
[ovis:rw] [56/376] Building C object zephyr/CMakeFiles/zephyr.dir/subsys/shell/modules/kernel_service/thread/resume.c.obj
[nokris:rw] [352/411] Building C object CMakeFiles/app.dir/mnt/host/source/src/platform/ec/build/zephyr/nokris/modules/ec/common/usbc/usb_pd_host.c.obj
[ovis:ro] [39/376] Building C object zephyr/CMakeFiles/zephyr.dir/subsys/pm/state.c.obj
[nokris:ro] [304/411] Building C object CMakeFiles/app.dir/mnt/host/source/src/platform/ec/build/zephyr/nokris/modules/ec/common/mkbp_input_devices.c.obj
[nokris:rw] [353/411] Building C object CMakeFiles/app.dir/mnt/host/source/src/platform/ec/build/zephyr/nokris/modules/ec/common/usb_pd_host_cmd_common.c.obj
[/mnt/host/source/src/platform/ec/build/zephyr/pujjoniru-lcov]   /mnt/host/source/src/platform/ec/build/zephyr/pujjoniru/build-ro/CMakeFiles/app.dir/mnt/host/source/src/platform/ec/build/zephyr/pujjoniru/modules/ec/common/chargen.c.gcno:no functions found
[/mnt/host/source/src/platform/ec/build/zephyr/pujjoniru-lcov] stderr:
[nokris:rw] [354/411] Building C object CMakeFiles/app.dir/mnt/host/source/src/platform/ec/build/zephyr/nokris/modules/ec/zephyr/shim/src/tcpc.c.obj
[nokris:rw] [355/411] Building C object CMakeFiles/app.dir/mnt/host/source/src/platform/ec/build/zephyr/nokris/modules/ec/common/usbc/svdm_rsp_dfp_only.c.obj
[nokris:ro] [305/411] Building C object CMakeFiles/app.dir/mnt/host/source/src/platform/ec/build/zephyr/nokris/modules/ec/common/keyboard_backlight.c.obj
[nokris:ro] [306/411] Building C object CMakeFiles/app.dir/mnt/host/source/src/platform/ec/build/zephyr/nokris/modules/ec/common/led_common.c.obj
[nokris:rw] [356/411] Building C object CMakeFiles/app.dir/mnt/host/source/src/platform/ec/build/zephyr/nokris/modules/ec/common/usbc_ocp.c.obj
[nokris:ro] [307/411] Building C object CMakeFiles/app.dir/mnt/host/source/src/platform/ec/build/zephyr/nokris/modules/ec/common/led_pwm.c.obj
[ovis:rw] [57/376] Building C object zephyr/CMakeFiles/zephyr.dir/subsys/shell/modules/kernel_service/thread/kill.c.obj
[nokris:ro] [308/411] Building C object CMakeFiles/app.dir/mnt/host/source/src/platform/ec/build/zephyr/nokris/modules/ec/common/led_onoff_states.c.obj
[nokris:rw] [357/411] Building C object CMakeFiles/app.dir/mnt/host/source/src/platform/ec/build/zephyr/nokris/modules/ec/common/usb_pd_discovery.c.obj
[ovis:ro] [40/376] Building C object zephyr/CMakeFiles/zephyr.dir/subsys/pm/policy/policy_events.c.obj
[nokris:rw] [358/411] Building C object CMakeFiles/app.dir/mnt/host/source/src/platform/ec/build/zephyr/nokris/modules/ec/common/usb_pd_dual_role.c.obj
[nokris:ro] [309/411] Building C object CMakeFiles/app.dir/mnt/host/source/src/platform/ec/build/zephyr/nokris/modules/ec/common/motion_lid.c.obj
[nokris:rw] [359/411] Building C object CMakeFiles/app.dir/mnt/host/source/src/platform/ec/build/zephyr/nokris/modules/ec/driver/tcpm/nct38xx.c.obj
[nokris:rw] [360/411] Building C object CMakeFiles/app.dir/mnt/host/source/src/platform/ec/build/zephyr/nokris/modules/ec/driver/tcpm/ps8xxx.c.obj
[nokris:rw] [361/411] Building C object CMakeFiles/app.dir/mnt/host/source/src/platform/ec/build/zephyr/nokris/modules/ec/driver/tcpm/raa489000.c.obj
[nokris:ro] [310/411] Building C object CMakeFiles/app.dir/mnt/host/source/src/platform/ec/build/zephyr/nokris/modules/ec/common/lid_angle_keyboard_policy.c.obj
[nokris:ro] [311/411] Building C object CMakeFiles/app.dir/mnt/host/source/src/platform/ec/build/zephyr/nokris/modules/ec/common/lid_angle.c.obj
[ovis:ro] [41/376] Building C object zephyr/CMakeFiles/zephyr.dir/subsys/pm/policy/policy_latency.c.obj
[ovis:rw] [58/376] Building C object zephyr/CMakeFiles/zephyr.dir/subsys/shell/backends/shell_uart.c.obj
[nokris:rw] [362/411] Building C object CMakeFiles/app.dir/mnt/host/source/src/platform/ec/build/zephyr/nokris/modules/ec/driver/tcpm/tcpci.c.obj
[nokris:rw] [363/411] Building C object CMakeFiles/app.dir/mnt/host/source/src/platform/ec/build/zephyr/nokris/modules/ec/common/usbc_ppc.c.obj
[nokris:ro] [312/411] Building C object CMakeFiles/app.dir/mnt/host/source/src/platform/ec/build/zephyr/nokris/modules/ec/common/mkbp_event.c.obj
[nokris:ro] [313/411] Building C object CMakeFiles/app.dir/mnt/host/source/src/platform/ec/build/zephyr/nokris/modules/ec/common/lid_switch.c.obj
[nokris:rw] [364/411] Building C object CMakeFiles/app.dir/mnt/host/source/src/platform/ec/build/zephyr/nokris/modules/ec/driver/ppc/syv682x.c.obj
[nokris:rw] [365/411] Building C object CMakeFiles/app.dir/mnt/host/source/src/platform/ec/build/zephyr/nokris/modules/ec/common/vboot_hash.c.obj
[ovis:ro] [42/376] Building C object zephyr/CMakeFiles/zephyr.dir/subsys/pm/policy/policy_state_lock.c.obj
[nokris:rw] [366/411] Building C object CMakeFiles/app.dir/mnt/host/source/src/platform/ec/build/zephyr/nokris/modules/ec/common/button.c.obj
[nokris:ro] [314/411] Building C object CMakeFiles/app.dir/mnt/host/source/src/platform/ec/build/zephyr/nokris/modules/ec/common/motion_sense.c.obj
[nokris:ro] [315/411] Building C object CMakeFiles/app.dir/mnt/host/source/src/platform/ec/build/zephyr/nokris/modules/ec/common/port80.c.obj
[nokris:rw] [367/411] Building C object CMakeFiles/app.dir/mnt/host/source/src/platform/ec/build/zephyr/nokris/modules/ec/common/vboot/efs2.c.obj
[nokris:ro] [316/411] Building C object CMakeFiles/app.dir/mnt/host/source/src/platform/ec/build/zephyr/nokris/modules/ec/common/power_button.c.obj
[ovis:rw] [59/376] Building C object zephyr/CMakeFiles/zephyr.dir/subsys/shell/shell.c.obj
[nokris:rw] [368/411] Building C object CMakeFiles/app.dir/mnt/host/source/src/platform/ec/build/zephyr/nokris/modules/ec/common/vstore.c.obj
[nokris:rw] [369/411] Building C object CMakeFiles/app.dir/mnt/host/source/src/platform/ec/build/zephyr/nokris/modules/ec/common/math_util.c.obj
[nokris:ro] [317/411] Building C object CMakeFiles/app.dir/mnt/host/source/src/platform/ec/build/zephyr/nokris/modules/ec/power/hibernate.c.obj
[nokris:ro] [318/411] Building C object CMakeFiles/app.dir/mnt/host/source/src/platform/ec/build/zephyr/nokris/modules/ec/common/panic_output.c.obj
[nokris:rw] [370/411] Building C object CMakeFiles/app.dir/src/common.c.obj
[ovis:ro] [43/376] Building C object zephyr/CMakeFiles/zephyr.dir/subsys/pm/device.c.obj
[nokris:ro] [319/411] Building C object CMakeFiles/app.dir/mnt/host/source/src/platform/ec/build/zephyr/nokris/modules/ec/common/sha256.c.obj
[nokris:rw] [371/411] Building C object CMakeFiles/app.dir/src/board_power.c.obj
[nokris:rw] [372/411] Building C object CMakeFiles/app.dir/nokris/src/led.c.obj
[/mnt/host/source/src/platform/ec/build/zephyr/magikarp-lcov]   /mnt/host/source/src/platform/ec/build/zephyr/magikarp/build-ro/zephyr/CMakeFiles/zephyr.dir/soc/ite/ec/it8xxx2/check_regs.c.gcno:no functions found
[/mnt/host/source/src/platform/ec/build/zephyr/magikarp-lcov] stderr:
[nokris:rw] [373/411] Building C object CMakeFiles/app.dir/src/sub_board.c.obj
[nokris:ro] [320/411] Building C object CMakeFiles/app.dir/mnt/host/source/src/platform/ec/build/zephyr/nokris/modules/ec/common/shared_mem.c.obj
[ovis:rw] [60/376] Building C object zephyr/CMakeFiles/zephyr.dir/subsys/shell/shell_fprintf.c.obj
[nokris:rw] [374/411] Linking C static library modules/ec/zephyr/libec_shim.a
[nokris:ro] [321/411] Building C object CMakeFiles/app.dir/mnt/host/source/src/platform/ec/build/zephyr/nokris/modules/ec/common/switch.c.obj
[nokris:ro] [322/411] Building C object CMakeFiles/app.dir/mnt/host/source/src/platform/ec/build/zephyr/nokris/modules/ec/common/spi_flash_reg.c.obj
[nokris:rw] [375/411] Building C object CMakeFiles/app.dir/nokris/src/hdmi.c.obj
[nokris:rw] [376/411] Building C object CMakeFiles/app.dir/nokris/src/form_factor.c.obj
[ovis:ro] [44/376] Building C object zephyr/CMakeFiles/zephyr.dir/subsys/pm/device_system_managed.c.obj
[/mnt/host/source/src/platform/ec/build/zephyr/magikarp-lcov]   /mnt/host/source/src/platform/ec/build/zephyr/magikarp/build-rw/modules/ec/zephyr/CMakeFiles/ec_shim.dir/shim/src/power.c.gcno:no functions found
[/mnt/host/source/src/platform/ec/build/zephyr/magikarp-lcov] stderr:
[nokris:ro] [323/411] Building C object CMakeFiles/app.dir/mnt/host/source/src/platform/ec/build/zephyr/nokris/modules/ec/driver/stm_mems_common.c.obj
[/mnt/host/source/src/platform/ec/build/zephyr/magikarp-lcov]   /mnt/host/source/src/platform/ec/build/zephyr/magikarp/build-rw/modules/ec/zephyr/CMakeFiles/ec_shim.dir/shim/src/thermal.c.gcno:no functions found
[/mnt/host/source/src/platform/ec/build/zephyr/magikarp-lcov] stderr:
[nokris:ro] [324/411] Building C object CMakeFiles/app.dir/mnt/host/source/src/platform/ec/build/zephyr/nokris/modules/ec/common/tablet_mode.c.obj
[nokris:rw] [377/411] Building C object CMakeFiles/app.dir/nokris/src/fan.c.obj
[ovis:rw] [61/376] Building C object zephyr/CMakeFiles/zephyr.dir/subsys/shell/shell_utils.c.obj
[nokris:rw] [378/411] Building C object CMakeFiles/app.dir/nokris/src/charger.c.obj
[/mnt/host/source/src/platform/ec/build/zephyr/magikarp-lcov]   /mnt/host/source/src/platform/ec/build/zephyr/magikarp/build-rw/modules/ec/zephyr/CMakeFiles/ec_shim.dir/shim/src/battery.c.gcno:no functions found
[/mnt/host/source/src/platform/ec/build/zephyr/magikarp-lcov] stderr:
[nokris:rw] [379/411] Building C object zephyr/kernel/CMakeFiles/kernel.dir/main_weak.c.obj
[nokris:rw] [380/411] Building C object zephyr/kernel/CMakeFiles/kernel.dir/busy_wait.c.obj
[nokris:ro] [325/411] Building C object CMakeFiles/app.dir/mnt/host/source/src/platform/ec/build/zephyr/nokris/modules/ec/common/thermal.c.obj
[nokris:rw] [381/411] Building C object CMakeFiles/app.dir/nokris/src/usbc.c.obj
[/mnt/host/source/src/platform/ec/build/zephyr/magikarp-lcov]   /mnt/host/source/src/platform/ec/build/zephyr/magikarp/build-rw/modules/ec/zephyr/CMakeFiles/ec_shim.dir/shim/src/charger.c.gcno:no functions found
[/mnt/host/source/src/platform/ec/build/zephyr/magikarp-lcov] stderr:
[nokris:rw] [382/411] Building C object zephyr/kernel/CMakeFiles/kernel.dir/banner.c.obj
[/mnt/host/source/src/platform/ec/build/zephyr/magikarp-lcov]   /mnt/host/source/src/platform/ec/build/zephyr/magikarp/build-rw/modules/ec/zephyr/CMakeFiles/ec_shim.dir/shim/src/usb_muxes.c.gcno:no functions found
[/mnt/host/source/src/platform/ec/build/zephyr/magikarp-lcov] stderr:
[nokris:ro] [326/411] Building C object CMakeFiles/app.dir/mnt/host/source/src/platform/ec/build/zephyr/nokris/modules/ec/common/temp_sensor.c.obj
[ovis:ro] [45/376] Building C object zephyr/CMakeFiles/zephyr.dir/subsys/testsuite/coverage/coverage.c.obj
[nokris:rw] [383/411] Linking C static library app/libapp.a
[nokris:ro] [327/411] Building C object CMakeFiles/app.dir/mnt/host/source/src/platform/ec/build/zephyr/nokris/modules/ec/driver/temp_sensor/thermistor.c.obj
[nokris:rw] [384/411] Building C object zephyr/kernel/CMakeFiles/kernel.dir/device.c.obj
[nokris:ro] [328/411] Building C object CMakeFiles/app.dir/mnt/host/source/src/platform/ec/build/zephyr/nokris/modules/ec/common/throttle_ap.c.obj
[nokris:rw] [385/411] Building C object zephyr/kernel/CMakeFiles/kernel.dir/errno.c.obj
[ovis:rw] [62/376] Building C object zephyr/CMakeFiles/zephyr.dir/subsys/shell/shell_ops.c.obj
[nokris:ro] [329/411] Building C object CMakeFiles/app.dir/mnt/host/source/src/platform/ec/build/zephyr/nokris/modules/ec/common/timer.c.obj
[ovis:ro] [46/376] Building C object zephyr/CMakeFiles/zephyr.dir/subsys/tracing/tracing_none.c.obj
[nokris:rw] [386/411] Building C object zephyr/kernel/CMakeFiles/kernel.dir/version.c.obj
[nokris:rw] [387/411] Building C object zephyr/kernel/CMakeFiles/kernel.dir/fatal.c.obj
[nokris:rw] [388/411] Building C object zephyr/kernel/CMakeFiles/kernel.dir/init.c.obj
[nokris:rw] [389/411] Building C object zephyr/kernel/CMakeFiles/kernel.dir/kheap.c.obj
[/mnt/host/source/src/platform/ec/build/zephyr/pujjoniru-lcov]   /mnt/host/source/src/platform/ec/build/zephyr/pujjoniru/build-ro/CMakeFiles/app.dir/mnt/host/source/src/platform/ec/build/zephyr/pujjoniru/modules/ec/common/cbi_config.c.gcno:no functions found
[/mnt/host/source/src/platform/ec/build/zephyr/pujjoniru-lcov] stderr:
[nokris:ro] [330/411] Building C object CMakeFiles/app.dir/mnt/host/source/src/platform/ec/build/zephyr/nokris/modules/ec/common/usb_charger.c.obj
[/mnt/host/source/src/platform/ec/build/zephyr/magikarp-lcov]   /mnt/host/source/src/platform/ec/build/zephyr/magikarp/build-rw/modules/ec/zephyr/CMakeFiles/ec_shim.dir/shim/src/chg_rt9490.c.gcno:no functions found
[/mnt/host/source/src/platform/ec/build/zephyr/magikarp-lcov] stderr:
[nokris:rw] [390/411] Building C object zephyr/kernel/CMakeFiles/kernel.dir/mem_slab.c.obj
[nokris:ro] [331/411] Building C object CMakeFiles/app.dir/mnt/host/source/src/platform/ec/build/zephyr/nokris/modules/ec/common/usb_port_power_smart.c.obj
[nokris:rw] [391/411] Building C object zephyr/kernel/CMakeFiles/kernel.dir/float.c.obj
[nokris:ro] [332/411] Building C object CMakeFiles/app.dir/mnt/host/source/src/platform/ec/build/zephyr/nokris/modules/ec/common/typec_control.c.obj
[ovis:rw] [63/376] Building C object zephyr/CMakeFiles/zephyr.dir/subsys/shell/shell_history.c.obj
[/mnt/host/source/src/platform/ec/build/zephyr/skywalker-lcov]   /mnt/host/source/src/platform/ec/build/zephyr/skywalker/build-rw/modules/ec/zephyr/CMakeFiles/ec_shim.dir/shim/src/keyscan.c.gcno:no functions found
[/mnt/host/source/src/platform/ec/build/zephyr/skywalker-lcov] stderr:
[ovis:ro] [47/376] Building C object zephyr/CMakeFiles/zephyr.dir/subsys/shell/modules/kernel_service/kernel_shell.c.obj
[nokris:rw] [392/411] Building C object zephyr/kernel/CMakeFiles/kernel.dir/idle.c.obj
[/mnt/host/source/src/platform/ec/build/zephyr/pujjoniru-lcov]   /mnt/host/source/src/platform/ec/build/zephyr/pujjoniru/build-ro/zephyr/arch/arch/riscv/core/CMakeFiles/arch__riscv__core.dir/cpu_idle.c.gcno:no functions found
[/mnt/host/source/src/platform/ec/build/zephyr/pujjoniru-lcov] stderr:
[nokris:ro] [333/411] Building C object CMakeFiles/app.dir/mnt/host/source/src/platform/ec/build/zephyr/nokris/modules/ec/common/usb_pd_pdo.c.obj
[/mnt/host/source/src/platform/ec/build/zephyr/magikarp-lcov]   /mnt/host/source/src/platform/ec/build/zephyr/magikarp/build-rw/modules/ec/zephyr/CMakeFiles/ec_shim.dir/shim/src/usba.c.gcno:no functions found
[/mnt/host/source/src/platform/ec/build/zephyr/magikarp-lcov] stderr:
[nokris:rw] [393/411] Building C object zephyr/kernel/CMakeFiles/kernel.dir/msg_q.c.obj
[nokris:ro] [334/411] Building C object CMakeFiles/app.dir/mnt/host/source/src/platform/ec/build/zephyr/nokris/modules/ec/common/usb_common.c.obj
[nokris:rw] [394/411] Building C object zephyr/kernel/CMakeFiles/kernel.dir/mutex.c.obj
[nokris:rw] [395/411] Building C object zephyr/kernel/CMakeFiles/kernel.dir/mailbox.c.obj
[nokris:rw] [396/411] Building C object zephyr/kernel/CMakeFiles/kernel.dir/queue.c.obj
[nokris:rw] [397/411] Building C object zephyr/kernel/CMakeFiles/kernel.dir/sem.c.obj
[/mnt/host/source/src/platform/ec/build/zephyr/magikarp-lcov]   /mnt/host/source/src/platform/ec/build/zephyr/magikarp/build-rw/modules/ec/zephyr/CMakeFiles/ec_shim.dir/shim/src/keyscan.c.gcno:no functions found
[/mnt/host/source/src/platform/ec/build/zephyr/magikarp-lcov] stderr:
[ovis:rw] [64/376] Building C object zephyr/CMakeFiles/zephyr.dir/drivers/flash/flash_util.c.obj
[nokris:ro] [335/411] Building C object CMakeFiles/app.dir/mnt/host/source/src/platform/ec/build/zephyr/nokris/modules/ec/common/usbc/usbc_task.c.obj
[nokris:ro] [336/411] Building C object CMakeFiles/app.dir/mnt/host/source/src/platform/ec/build/zephyr/nokris/modules/ec/common/usbc/usb_sm.c.obj
[ovis:ro] [48/376] Building C object zephyr/CMakeFiles/zephyr.dir/subsys/shell/modules/kernel_service/cycles.c.obj
[nokris:ro] [337/411] Building C object CMakeFiles/app.dir/mnt/host/source/src/platform/ec/build/zephyr/nokris/modules/ec/common/usbc/usb_pd_timer.c.obj
[ovis:rw] [65/376] Linking C static library zephyr/libzephyr.a
[nokris:rw] [398/411] Building C object zephyr/kernel/CMakeFiles/kernel.dir/stack.c.obj
[nokris:rw] [399/411] Building C object zephyr/kernel/CMakeFiles/kernel.dir/system_work_q.c.obj
[nokris:ro] [338/411] Building C object CMakeFiles/app.dir/mnt/host/source/src/platform/ec/build/zephyr/nokris/modules/ec/common/usbc_utils.c.obj
[nokris:ro] [339/411] Building C object CMakeFiles/app.dir/mnt/host/source/src/platform/ec/build/zephyr/nokris/modules/ec/common/usbc_intr_task.c.obj
[nokris:rw] [400/411] Building C object zephyr/kernel/CMakeFiles/kernel.dir/work.c.obj
[nokris:rw] [401/411] Building C object zephyr/kernel/CMakeFiles/kernel.dir/condvar.c.obj
[nokris:rw] [402/411] Building C object zephyr/kernel/CMakeFiles/kernel.dir/thread.c.obj
[/mnt/host/source/src/platform/ec/build/zephyr/pujjoniru-lcov]   /mnt/host/source/src/platform/ec/build/zephyr/pujjoniru/build-ro/zephyr/arch/common/CMakeFiles/isr_tables.dir/isr_tables.c.gcno:no functions found
[/mnt/host/source/src/platform/ec/build/zephyr/pujjoniru-lcov] stderr:
[ovis:rw] [66/376] Building C object zephyr/arch/common/CMakeFiles/arch__common.dir/sw_isr_common.c.obj
[nokris:ro] [340/411] Building C object CMakeFiles/app.dir/mnt/host/source/src/platform/ec/build/zephyr/nokris/modules/ec/common/usb_pd_flags.c.obj
[nokris:rw] [403/411] Building C object zephyr/kernel/CMakeFiles/kernel.dir/sched.c.obj
[ovis:ro] [49/376] Building C object zephyr/CMakeFiles/zephyr.dir/subsys/shell/modules/kernel_service/sleep.c.obj
[nokris:rw] [404/411] Building C object zephyr/kernel/CMakeFiles/kernel.dir/pipe.c.obj
[nokris:rw] [405/411] Building C object zephyr/kernel/CMakeFiles/kernel.dir/timeout.c.obj
[nokris:ro] [341/411] Building C object CMakeFiles/app.dir/mnt/host/source/src/platform/ec/build/zephyr/nokris/modules/ec/common/chargen.c.obj
[nokris:ro] [342/411] Building C object CMakeFiles/app.dir/mnt/host/source/src/platform/ec/build/zephyr/nokris/modules/ec/common/usbc/usb_pd_console.c.obj
[ovis:rw] [67/376] Building C object zephyr/arch/common/CMakeFiles/arch__common.dir/init.c.obj
Running (initial) lcov on /mnt/host/source/src/platform/ec/build/zephyr/kinmen-ish.
[nokris:rw] [406/411] Building C object zephyr/kernel/CMakeFiles/kernel.dir/timer.c.obj
[nokris:rw] [407/411] Building C object zephyr/kernel/CMakeFiles/kernel.dir/poll.c.obj
[nokris:rw] [408/411] Building C object zephyr/kernel/CMakeFiles/kernel.dir/events.c.obj
[nokris:ro] [343/411] Building C object CMakeFiles/app.dir/mnt/host/source/src/platform/ec/build/zephyr/nokris/modules/ec/driver/usb_mux/virtual.c.obj
[nokris:ro] [344/411] Building C object CMakeFiles/app.dir/mnt/host/source/src/platform/ec/build/zephyr/nokris/modules/ec/driver/usb_mux/usb_mux.c.obj
[ocelotrvp-mchp:rw] Configuring.
Running `env -i PYTHONPATH=/usr/lib64/python-exec/python3.11:/mnt/host/source/src/platform/ec/zephyr/zmake:/usr/lib/python311.zip:/usr/lib/python3.11:/usr/lib/python3.11/lib-dynload:/usr/lib/python3.11/site-packages PW_PIGWEED_CIPD_INSTALL_DIR=/usr CROSTC_USER_ACKNOWLEDGES_THAT_RISCV_IS_EXPERIMENTAL=1 PATH=/mnt/host/source/chromite/bin:/usr/local/bin:/usr/bin:/bin:/opt/bin:/mnt/host/source/chromite/sdk/bin:/mnt/host/source/chromite/bin HOME=/home/jpmurphy JAVA_HOME=/etc/java-config-2/current-system-vm JDK_HOME=/etc/java-config-2/current-system-vm JAVAC=/etc/java-config-2/current-system-vm/bin/javac MAKEFLAGS=' -j16 --jobserver-auth=5,6' /usr/bin/cmake -S /mnt/host/source/src/platform/ec/zephyr/program/ocelot -B /mnt/host/source/src/platform/ec/build/zephyr/ocelotrvp-mchp/build-rw -GNinja -DCMAKE_EXPORT_COMPILE_COMMANDS=ON -DZEPHYR_BASE=/mnt/host/source/src/third_party/zephyr/main -DZMAKE_INCLUDE_DIR=/mnt/host/source/src/platform/ec/build/zephyr/ocelotrvp-mchp/include -DPython3_EXECUTABLE=/usr/bin/python3.11 -DDTS_ROOT=/mnt/host/source/src/platform/ec/zephyr -DSYSCALL_INCLUDE_DIRS=/mnt/host/source/src/platform/ec/zephyr/include/drivers -DUSER_CACHE_DIR=/mnt/host/source/src/platform/ec/build/zephyr/user-cache '-DEXTRA_EC_VERSION_FLAGS=--version 16543.0.0 --static' -DTOOLCHAIN_ROOT=/mnt/host/source/src/platform/ec/zephyr -DCOREBOOT_SDK_ROOT_x86=/home/jpmurphy/.cache/coreboot-sdk/i386-elf/dfbb0486385d938cfa9d73080b9d18d598ed4f49 -DCOREBOOT_SDK_ROOT_picolibc_x86=/home/jpmurphy/.cache/coreboot-sdk/picolibc-i386-elf/eb8e8e687b95461de8cbf278f1c2076952d0ad17 -DCOREBOOT_SDK_ROOT_riscv64=/home/jpmurphy/.cache/coreboot-sdk/riscv64-elf/96b949749225b6aaa92ed810ab769e8dfb12f000 -DCOREBOOT_SDK_ROOT_picolibc_arm=/home/jpmurphy/.cache/coreboot-sdk/picolibc-arm-eabi/422a2aa3e1ef891b5bece9a3deb696ff83840d2e -DCOREBOOT_SDK_ROOT_nds32=/home/jpmurphy/.cache/coreboot-sdk/nds32le-elf/d1a518c4a097666d86058e1444f85ca015d15511 -DCOREBOOT_SDK_ROOT_picolibc_riscv64=/home/jpmurphy/.cache/coreboot-sdk/picolibc-riscv64-elf/f571e990ef0278564b31124f8bb109d9a697eb69 -DCOREBOOT_SDK_ROOT_arm=/home/jpmurphy/.cache/coreboot-sdk/arm-eabi/ea40ddd1d190c3b48435c474c0b545719371813a -DCOREBOOT_SDK_ROOT_libstdcxx_riscv64=/home/jpmurphy/.cache/coreboot-sdk/libstdcxx-riscv64-elf/17abf22a3a252e2d5d2062ced5324f7a623689e0 -DCOREBOOT_SDK_ROOT_libstdcxx_arm=/home/jpmurphy/.cache/coreboot-sdk/libstdcxx-arm-eabi/5d7d82e150e44aa1968f1d366e267e6687b328ac -DCOREBOOT_SDK_ROOT_riscv=/home/jpmurphy/.cache/coreboot-sdk/riscv-elf/9a27b9e82341c6e9126624f516ab3f261abb3e73 -DCOREBOOT_SDK_ROOT_libstdcxx_x86=/home/jpmurphy/.cache/coreboot-sdk/libstdcxx-i386-elf/42ef9d2e87a76a37963175d7d428734e65648b87 -DZEPHYR_TOOLCHAIN_VARIANT=coreboot-sdk '-DZEPHYR_MODULES=/mnt/host/source/src/platform/ec/build/zephyr/ocelotrvp-mchp/modules/cmsis;/mnt/host/source/src/platform/ec/build/zephyr/ocelotrvp-mchp/modules/cmsis_6;/mnt/host/source/src/platform/ec/build/zephyr/ocelotrvp-mchp/modules/ec' -DDTC_OVERLAY_FILE=/mnt/host/source/src/platform/ec/zephyr/program/ocelot/ocelotrvp-mchp/project.overlay -DBOARD=mec172x/mec172x_nsz/mec1727 -DCMAKE_C_FLAGS=-DSECTION_IS_RW '-DCONF_FILE=/mnt/host/source/src/platform/ec/zephyr/program/ocelot/program.conf;/mnt/host/source/src/platform/ec/zephyr/program/ocelot/rvp_program.conf;/mnt/host/source/src/platform/ec/zephyr/program/ocelot/ocelotrvp-mchp/project.conf;/mnt/host/source/src/platform/ec/build/zephyr/ocelotrvp-mchp/kconfig-rw.conf'`
[nokris:rw] [409/411] Building C object zephyr/kernel/CMakeFiles/kernel.dir/mempool.c.obj
[ovis:ro] [50/376] Building C object zephyr/CMakeFiles/zephyr.dir/subsys/shell/modules/kernel_service/uptime.c.obj
[ocelotrvp-mchp:rw] Loading Zephyr default modules (Zephyr base (cached)).
[ocelotrvp-mchp:rw] -- Application: /mnt/host/source/src/platform/ec/zephyr/program/ocelot
[ocelotrvp-mchp:rw] -- CMake version: 3.31.7
[nokris:rw] [410/411] Building C object zephyr/kernel/CMakeFiles/kernel.dir/dynamic_disabled.c.obj
Running `env -i PYTHONPATH=/usr/lib64/python-exec/python3.11:/mnt/host/source/src/platform/ec/zephyr/zmake:/usr/lib/python311.zip:/usr/lib/python3.11:/usr/lib/python3.11/lib-dynload:/usr/lib/python3.11/site-packages PW_PIGWEED_CIPD_INSTALL_DIR=/usr CROSTC_USER_ACKNOWLEDGES_THAT_RISCV_IS_EXPERIMENTAL=1 PATH=/mnt/host/source/chromite/bin:/usr/local/bin:/usr/bin:/bin:/opt/bin:/mnt/host/source/chromite/sdk/bin:/mnt/host/source/chromite/bin HOME=/home/jpmurphy JAVA_HOME=/etc/java-config-2/current-system-vm JDK_HOME=/etc/java-config-2/current-system-vm JAVAC=/etc/java-config-2/current-system-vm/bin/javac MAKEFLAGS=' -j16 --jobserver-auth=5,6' /usr/bin/lcov --gcov-tool /mnt/host/source/src/platform/ec/build/zephyr/kinmen-ish/build-singleimage/gcov.sh -q -o - -c -d /mnt/host/source/src/platform/ec/build/zephyr/kinmen-ish -t kinmen-ish --rc branch_coverage=1 --filter range --ignore-errors inconsistent,source --ignore-errors gcov,gcov -i`
[nokris:rw] [411/411] Linking C static library zephyr/kernel/libkernel.a
[ovis:rw] [68/376] Building C object zephyr/arch/common/CMakeFiles/arch__common.dir/xip.c.obj
[ovis:ro] [51/376] Building C object zephyr/CMakeFiles/zephyr.dir/subsys/shell/modules/kernel_service/version.c.obj
[ocelotrvp-mchp:rw] -- Found Python3: /usr/bin/python3.11 (found suitable version "3.11.11", minimum required is "3.10") found components: Interpreter
[ocelotrvp-mchp:rw] -- Cache files will be written to: /mnt/host/source/src/platform/ec/build/zephyr/user-cache
[ocelotrvp-mchp:rw] -- Zephyr version: 4.3.99 (/mnt/host/source/src/third_party/zephyr/main)
[nokris:ro] [345/411] Building C object CMakeFiles/app.dir/mnt/host/source/src/platform/ec/build/zephyr/nokris/modules/ec/common/usbc/usb_prl_sm.c.obj
[ovis:ro] [52/376] Building C object zephyr/CMakeFiles/zephyr.dir/subsys/shell/modules/kernel_service/thread/thread.c.obj
[nokris:ro] [346/411] Building C object CMakeFiles/app.dir/mnt/host/source/src/platform/ec/build/zephyr/nokris/modules/ec/common/usbc/usb_tc_drp_acc_trysrc_sm.c.obj
[ovis:rw] [69/376] Building C object zephyr/arch/common/CMakeFiles/isr_tables.dir/isr_tables.c.obj
[ovis:ro] [53/376] Building C object zephyr/CMakeFiles/zephyr.dir/subsys/shell/modules/kernel_service/thread/list.c.obj
[/mnt/host/source/src/platform/ec/build/zephyr/kinmen-ish-lcov] geninfo: WARNING: (format) invalid characters removed from testname
[ovis:rw] [70/376] Linking C static library zephyr/arch/common/libisr_tables.a
[nokris:ro] [347/411] Building C object CMakeFiles/app.dir/mnt/host/source/src/platform/ec/build/zephyr/nokris/modules/ec/common/usbc/usbc_pd_policy.c.obj
[ovis:rw] [71/376] Linking C static library zephyr/arch/common/libarch__common.a
[ovis:rw] [72/376] Building C object zephyr/arch/arch/arm/core/CMakeFiles/arch__arm__core.dir/fatal.c.obj
[ovis:rw] [73/376] Building C object zephyr/arch/arch/arm/core/CMakeFiles/arch__arm__core.dir/nmi.c.obj
[nokris:ro] [348/411] Building C object CMakeFiles/app.dir/mnt/host/source/src/platform/ec/build/zephyr/nokris/modules/ec/common/usbc/usb_pd_dpm.c.obj
[nokris:ro] [349/411] Building C object CMakeFiles/app.dir/mnt/host/source/src/platform/ec/build/zephyr/nokris/modules/ec/common/usbc/usb_pe_drp_sm.c.obj
[/mnt/host/source/src/platform/ec/build/zephyr/kinmen-ish-lcov] 	(use "geninfo --ignore-errors format,format ..." to suppress this warning)
[/mnt/host/source/src/platform/ec/build/zephyr/kinmen-ish-lcov] stderr:
[ovis:rw] [74/376] Building ASM object zephyr/arch/arch/arm/core/CMakeFiles/arch__arm__core.dir/nmi_on_reset.S.obj
[ovis:ro] [54/376] Building C object zephyr/CMakeFiles/zephyr.dir/subsys/shell/modules/kernel_service/thread/stacks.c.obj
[/mnt/host/source/src/platform/ec/build/zephyr/kinmen-ish-lcov]   /mnt/host/source/src/platform/ec/build/zephyr/kinmen-ish/build-singleimage/modules/pigweed/pw_log_zephyr/CMakeFiles/pw_log_zephyr.dir/log_zephyr.cc.gcno:no functions found
[/mnt/host/source/src/platform/ec/build/zephyr/kinmen-ish-lcov] geninfo: WARNING: using JSON module "JSON::PP" - which is much slower than some alternatives.  Consider installing one of JSON::XS or Cpanel::JSON::XS
[ovis:rw] [75/376] Linking C static library zephyr/arch/arch/arm/core/libarch__arm__core.a
[/mnt/host/source/src/platform/ec/build/zephyr/magikarp-lcov]   /mnt/host/source/src/platform/ec/build/zephyr/magikarp/build-rw/modules/ec/zephyr/CMakeFiles/ec_shim.dir/shim/src/bc12.c.gcno:no functions found
[/mnt/host/source/src/platform/ec/build/zephyr/magikarp-lcov] stderr:
[ovis:ro] [55/376] Building C object zephyr/CMakeFiles/zephyr.dir/subsys/shell/modules/kernel_service/thread/suspend.c.obj
[ovis:rw] [76/376] Building ASM object zephyr/arch/arch/arm/core/cortex_m/CMakeFiles/arch__arm__core__cortex_m.dir/fault_s.S.obj
[ovis:ro] [56/376] Building C object zephyr/CMakeFiles/zephyr.dir/subsys/shell/modules/kernel_service/thread/resume.c.obj
[ovis:rw] [77/376] Building C object zephyr/arch/arch/arm/core/cortex_m/CMakeFiles/arch__arm__core__cortex_m.dir/exc_exit.c.obj
[nokris:ro] [350/411] Building C object CMakeFiles/app.dir/mnt/host/source/src/platform/ec/build/zephyr/nokris/modules/ec/common/usbc/dp_alt_mode.c.obj
[nokris:ro] [351/411] Building C object CMakeFiles/app.dir/mnt/host/source/src/platform/ec/build/zephyr/nokris/modules/ec/common/usb_pd_console_cmd.c.obj
[ocelotrvp-mchp:rw] -- Board: mec172x, qualifiers: mec172x_nsz/mec1727
[nokris:ro] [352/411] Building C object CMakeFiles/app.dir/mnt/host/source/src/platform/ec/build/zephyr/nokris/modules/ec/common/usb_pd_host_cmd.c.obj
[ovis:rw] [78/376] Building C object zephyr/arch/arch/arm/core/cortex_m/CMakeFiles/arch__arm__core__cortex_m.dir/fault.c.obj
[ovis:ro] [57/376] Building C object zephyr/CMakeFiles/zephyr.dir/subsys/shell/modules/kernel_service/thread/kill.c.obj
[nokris:ro] [353/411] Building C object CMakeFiles/app.dir/mnt/host/source/src/platform/ec/build/zephyr/nokris/modules/ec/common/usbc/usb_pd_host.c.obj
[ovis:rw] [79/376] Building C object zephyr/arch/arch/arm/core/cortex_m/CMakeFiles/arch__arm__core__cortex_m.dir/fpu.c.obj
[nokris:ro] [354/411] Building C object CMakeFiles/app.dir/mnt/host/source/src/platform/ec/build/zephyr/nokris/modules/ec/zephyr/shim/src/tcpc.c.obj
[ovis:rw] [80/376] Building ASM object zephyr/arch/arch/arm/core/cortex_m/CMakeFiles/arch__arm__core__cortex_m.dir/reset.S.obj
[ovis:ro] [58/376] Building C object zephyr/CMakeFiles/zephyr.dir/subsys/shell/backends/shell_uart.c.obj
[ovis:ro] [59/376] Building C object zephyr/CMakeFiles/zephyr.dir/subsys/shell/shell.c.obj
[ovis:rw] [81/376] Building ASM object zephyr/arch/arch/arm/core/cortex_m/CMakeFiles/arch__arm__core__cortex_m.dir/vector_table.S.obj
[ovis:rw] [82/376] Building C object zephyr/arch/arch/arm/core/cortex_m/CMakeFiles/arch__arm__core__cortex_m.dir/scb.c.obj
[ovis:ro] [60/376] Building C object zephyr/CMakeFiles/zephyr.dir/subsys/shell/shell_fprintf.c.obj
[nokris:ro] [355/411] Building C object CMakeFiles/app.dir/mnt/host/source/src/platform/ec/build/zephyr/nokris/modules/ec/common/usbc/svdm_rsp_dfp_only.c.obj
[nokris:ro] [356/411] Building C object CMakeFiles/app.dir/mnt/host/source/src/platform/ec/build/zephyr/nokris/modules/ec/common/usb_pd_host_cmd_common.c.obj
[nokris:ro] [357/411] Building C object CMakeFiles/app.dir/mnt/host/source/src/platform/ec/build/zephyr/nokris/modules/ec/common/usbc_ocp.c.obj
[ovis:rw] [83/376] Building C object zephyr/arch/arch/arm/core/cortex_m/CMakeFiles/arch__arm__core__cortex_m.dir/thread_abort.c.obj
[/mnt/host/source/src/platform/ec/build/zephyr/kinmen-ish-lcov] stderr:
[ovis:ro] [61/376] Building C object zephyr/CMakeFiles/zephyr.dir/subsys/shell/shell_utils.c.obj
[ovis:ro] [62/376] Building C object zephyr/CMakeFiles/zephyr.dir/subsys/shell/shell_ops.c.obj
[ovis:rw] [84/376] Building ASM object zephyr/arch/arch/arm/core/cortex_m/CMakeFiles/arch__arm__core__cortex_m.dir/swap_helper.S.obj
[ovis:rw] [85/376] Building C object zephyr/arch/arch/arm/core/cortex_m/CMakeFiles/arch__arm__core__cortex_m.dir/irq_manage.c.obj
[/mnt/host/source/src/platform/ec/build/zephyr/skywalker-lcov]   /mnt/host/source/src/platform/ec/build/zephyr/skywalker/build-rw/CMakeFiles/app.dir/mnt/host/source/src/platform/ec/build/zephyr/skywalker/modules/ec/common/cbi_config.c.gcno:no functions found
[/mnt/host/source/src/platform/ec/build/zephyr/skywalker-lcov] stderr:
[nokris:ro] [358/411] Building C object CMakeFiles/app.dir/mnt/host/source/src/platform/ec/build/zephyr/nokris/modules/ec/common/usb_pd_discovery.c.obj
[ovis:ro] [63/376] Building C object zephyr/CMakeFiles/zephyr.dir/subsys/shell/shell_history.c.obj
[nokris:ro] [359/411] Building C object CMakeFiles/app.dir/mnt/host/source/src/platform/ec/build/zephyr/nokris/modules/ec/common/usb_pd_dual_role.c.obj
[ovis:rw] [86/376] Building C object zephyr/arch/arch/arm/core/cortex_m/CMakeFiles/arch__arm__core__cortex_m.dir/prep_c.c.obj
[/mnt/host/source/src/platform/ec/build/zephyr/pujjoniru-lcov]   /mnt/host/source/src/platform/ec/build/zephyr/pujjoniru/build-ro/zephyr/CMakeFiles/zephyr.dir/subsys/shell/modules/kernel_service/kernel_shell.c.gcno:no functions found
[/mnt/host/source/src/platform/ec/build/zephyr/pujjoniru-lcov] stderr:
[nokris:ro] [360/411] Building C object CMakeFiles/app.dir/mnt/host/source/src/platform/ec/build/zephyr/nokris/modules/ec/driver/tcpm/nct38xx.c.obj
[ovis:ro] [64/376] Building C object zephyr/CMakeFiles/zephyr.dir/drivers/flash/flash_util.c.obj
[ovis:ro] [65/376] Building C object zephyr/arch/common/CMakeFiles/arch__common.dir/sw_isr_common.c.obj
[ovis:ro] [66/376] Building C object zephyr/arch/common/CMakeFiles/arch__common.dir/init.c.obj
[ovis:ro] [67/376] Linking C static library zephyr/libzephyr.a
[nokris:ro] [361/411] Building C object CMakeFiles/app.dir/mnt/host/source/src/platform/ec/build/zephyr/nokris/modules/ec/driver/tcpm/ps8xxx.c.obj
[ocelotrvp-mchp:rw] -- Found Dtc: /usr/bin/dtc (found suitable version "1.6.0", minimum required is "1.4.6")
[/mnt/host/source/src/platform/ec/build/zephyr/pujjoniru-lcov]   /mnt/host/source/src/platform/ec/build/zephyr/pujjoniru/build-ro/zephyr/CMakeFiles/zephyr.dir/lib/libc/validate_libc.c.gcno:no functions found
[ocelotrvp-mchp:rw] -- Found BOARD.dts: /mnt/host/source/src/platform/ec/zephyr/boards/google/mec172x/mec172x_mec172x_nsz_mec1727.dts
[/mnt/host/source/src/platform/ec/build/zephyr/pujjoniru-lcov] stderr:
[ovis:rw] [87/376] Building C object zephyr/arch/arch/arm/core/cortex_m/CMakeFiles/arch__arm__core__cortex_m.dir/cpu_idle.c.obj
[/mnt/host/source/src/platform/ec/build/zephyr/kinmen-ish-lcov]   /mnt/host/source/src/platform/ec/build/zephyr/kinmen-ish/build-singleimage/modules/ec/zephyr/CMakeFiles/ec_shim.dir/shim/src/motionsense_sensors.c.gcno:no functions found
[/mnt/host/source/src/platform/ec/build/zephyr/kinmen-ish-lcov] stderr:
[/mnt/host/source/src/platform/ec/build/zephyr/kinmen-ish-lcov]   /mnt/host/source/src/platform/ec/build/zephyr/kinmen-ish/build-singleimage/modules/ec/zephyr/drivers/pw_transport/CMakeFiles/pw_transport.proto.nanopb.dir/pw_transport.proto/nanopb/pw_transport/proto/transport.pb.c.gcno:no functions found
[/mnt/host/source/src/platform/ec/build/zephyr/kinmen-ish-lcov] stderr:
[ovis:rw] [88/376] Building C object zephyr/arch/arch/arm/core/cortex_m/CMakeFiles/arch__arm__core__cortex_m.dir/thread.c.obj
[nokris:ro] [362/411] Building C object CMakeFiles/app.dir/mnt/host/source/src/platform/ec/build/zephyr/nokris/modules/ec/driver/tcpm/raa489000.c.obj
[ovis:rw] [89/376] Building C object zephyr/arch/arch/arm/core/cortex_m/CMakeFiles/arch__arm__core__cortex_m.dir/irq_init.c.obj
[ovis:ro] [68/376] Building C object zephyr/arch/common/CMakeFiles/isr_tables.dir/isr_tables.c.obj
[nokris:ro] [363/411] Building C object CMakeFiles/app.dir/mnt/host/source/src/platform/ec/build/zephyr/nokris/modules/ec/common/usbc_ppc.c.obj
[ovis:ro] [69/376] Linking C static library zephyr/arch/common/libisr_tables.a
[ovis:rw] [90/376] Building C object zephyr/arch/arch/arm/core/cortex_m/CMakeFiles/arch__arm__core__cortex_m.dir/isr_wrapper.c.obj
[ovis:ro] [70/376] Building C object zephyr/arch/arch/arm/core/CMakeFiles/arch__arm__core.dir/fatal.c.obj
[ovis:ro] [71/376] Building C object zephyr/arch/common/CMakeFiles/arch__common.dir/xip.c.obj
[ovis:rw] [91/376] Building C object zephyr/arch/arch/arm/core/mpu/CMakeFiles/arch__arm__core__mpu.dir/arm_core_mpu.c.obj
[ovis:rw] [92/376] Linking C static library zephyr/arch/arch/arm/core/cortex_m/libarch__arm__core__cortex_m.a
[ovis:ro] [72/376] Linking C static library zephyr/arch/common/libarch__common.a
[ovis:rw] [93/376] Generating ../../../include/generated/libc/minimal/strerror_table.h
[/mnt/host/source/src/platform/ec/build/zephyr/skywalker-lcov]   /mnt/host/source/src/platform/ec/build/zephyr/skywalker/build-rw/zephyr/arch/arch/arm/core/mpu/CMakeFiles/arch__arm__core__mpu.dir/arm_mpu_regions.c.gcno:no functions found
[/mnt/host/source/src/platform/ec/build/zephyr/skywalker-lcov] stderr:
[nokris:ro] [364/411] Building C object CMakeFiles/app.dir/mnt/host/source/src/platform/ec/build/zephyr/nokris/modules/ec/driver/tcpm/tcpci.c.obj
[nokris:ro] [365/411] Building C object CMakeFiles/app.dir/mnt/host/source/src/platform/ec/build/zephyr/nokris/modules/ec/driver/ppc/syv682x.c.obj
[nokris:ro] [366/411] Building C object CMakeFiles/app.dir/mnt/host/source/src/platform/ec/build/zephyr/nokris/modules/ec/common/vboot_hash.c.obj
[ovis:ro] [73/376] Building ASM object zephyr/arch/arch/arm/core/CMakeFiles/arch__arm__core.dir/nmi_on_reset.S.obj
[/mnt/host/source/src/platform/ec/build/zephyr/pujjoniru-lcov]   /mnt/host/source/src/platform/ec/build/zephyr/pujjoniru/build-ro/zephyr/CMakeFiles/zephyr.dir/lib/utils/last_section_id.c.gcno:no functions found
[/mnt/host/source/src/platform/ec/build/zephyr/pujjoniru-lcov] stderr:
[ovis:rw] [94/376] Building C object zephyr/lib/libc/minimal/CMakeFiles/lib__libc__minimal.dir/source/stdlib/atoi.c.obj
[nokris:ro] [367/411] Building C object CMakeFiles/app.dir/mnt/host/source/src/platform/ec/build/zephyr/nokris/modules/ec/common/button.c.obj
[ovis:rw] [95/376] Building C object zephyr/lib/libc/minimal/CMakeFiles/lib__libc__minimal.dir/source/stdlib/strtol.c.obj
[ovis:rw] [96/376] Building C object zephyr/arch/arch/arm/core/mpu/CMakeFiles/arch__arm__core__mpu.dir/arm_mpu.c.obj
[ovis:rw] [97/376] Building C object zephyr/lib/libc/minimal/CMakeFiles/lib__libc__minimal.dir/source/stdlib/strtoul.c.obj
[ovis:ro] [74/376] Building C object zephyr/arch/arch/arm/core/CMakeFiles/arch__arm__core.dir/nmi.c.obj
[ovis:ro] [75/376] Linking C static library zephyr/arch/arch/arm/core/libarch__arm__core.a
[ovis:rw] [98/376] Building C object zephyr/lib/libc/minimal/CMakeFiles/lib__libc__minimal.dir/source/stdlib/strtoll.c.obj
[ovis:ro] [76/376] Building C object zephyr/arch/arch/arm/core/cortex_m/CMakeFiles/arch__arm__core__cortex_m.dir/exc_exit.c.obj
[ovis:rw] [99/376] Building C object zephyr/lib/libc/minimal/CMakeFiles/lib__libc__minimal.dir/source/stdlib/strtoull.c.obj
[ovis:rw] [100/376] Building C object zephyr/arch/arch/arm/core/mpu/CMakeFiles/arch__arm__core__mpu.dir/arm_mpu_regions.c.obj
[ovis:ro] [77/376] Building ASM object zephyr/arch/arch/arm/core/cortex_m/CMakeFiles/arch__arm__core__cortex_m.dir/fault_s.S.obj
[ovis:rw] [101/376] Building C object zephyr/lib/libc/minimal/CMakeFiles/lib__libc__minimal.dir/source/stdlib/bsearch.c.obj
[ovis:rw] [102/376] Linking C static library zephyr/arch/arch/arm/core/mpu/libarch__arm__core__mpu.a
[nokris:ro] [368/411] Building C object CMakeFiles/app.dir/mnt/host/source/src/platform/ec/build/zephyr/nokris/modules/ec/common/vboot/efs2.c.obj
[nokris:ro] [369/411] Building C object CMakeFiles/app.dir/mnt/host/source/src/platform/ec/build/zephyr/nokris/modules/ec/common/math_util.c.obj
[ovis:ro] [78/376] Building C object zephyr/arch/arch/arm/core/cortex_m/CMakeFiles/arch__arm__core__cortex_m.dir/fault.c.obj
[nokris:ro] [370/411] Building C object CMakeFiles/app.dir/mnt/host/source/src/platform/ec/build/zephyr/nokris/modules/ec/common/vstore.c.obj
[ovis:rw] [103/376] Building C object zephyr/lib/libc/minimal/CMakeFiles/lib__libc__minimal.dir/source/stdlib/qsort.c.obj
[ovis:rw] [104/376] Building C object zephyr/lib/libc/minimal/CMakeFiles/lib__libc__minimal.dir/source/string/strerror.c.obj
[ocelotrvp-mchp:rw] -- Found devicetree overlay: /mnt/host/source/src/platform/ec/zephyr/program/ocelot/ocelotrvp-mchp/project.overlay
[ocelotrvp-mchp:rw] -- Generated zephyr.dts: /mnt/host/source/src/platform/ec/build/zephyr/ocelotrvp-mchp/build-rw/zephyr/zephyr.dts
[ocelotrvp-mchp:rw] -- Generated pickled edt: /mnt/host/source/src/platform/ec/build/zephyr/ocelotrvp-mchp/build-rw/zephyr/edt.pickle
[/mnt/host/source/src/platform/ec/build/zephyr/skywalker-lcov]   /mnt/host/source/src/platform/ec/build/zephyr/skywalker/build-rw/zephyr/arch/common/CMakeFiles/isr_tables.dir/isr_tables.c.gcno:no functions found
[/mnt/host/source/src/platform/ec/build/zephyr/skywalker-lcov] stderr:
[nokris:ro] [371/411] Building C object CMakeFiles/app.dir/src/common.c.obj
[ovis:rw] [105/376] Building C object zephyr/lib/libc/minimal/CMakeFiles/lib__libc__minimal.dir/source/string/strstr.c.obj
[ovis:ro] [79/376] Building C object zephyr/arch/arch/arm/core/cortex_m/CMakeFiles/arch__arm__core__cortex_m.dir/fpu.c.obj
[ovis:rw] [106/376] Building C object zephyr/lib/libc/minimal/CMakeFiles/lib__libc__minimal.dir/source/string/strncasecmp.c.obj
[ovis:rw] [107/376] Building C object zephyr/lib/libc/minimal/CMakeFiles/lib__libc__minimal.dir/source/stdlib/exit.c.obj
[nokris:ro] [372/411] Building C object CMakeFiles/app.dir/src/sub_board.c.obj
[ovis:rw] [108/376] Building C object zephyr/lib/libc/minimal/CMakeFiles/lib__libc__minimal.dir/source/string/strspn.c.obj
[ovis:rw] [109/376] Building C object zephyr/lib/libc/minimal/CMakeFiles/lib__libc__minimal.dir/source/string/string.c.obj
[ovis:ro] [80/376] Building ASM object zephyr/arch/arch/arm/core/cortex_m/CMakeFiles/arch__arm__core__cortex_m.dir/reset.S.obj
[ocelotrvp-mchp:rw] -- Generated devicetree_generated.h: /mnt/host/source/src/platform/ec/build/zephyr/ocelotrvp-mchp/build-rw/zephyr/include/generated/zephyr/devicetree_generated.h
[ovis:ro] [81/376] Building C object zephyr/arch/arch/arm/core/cortex_m/CMakeFiles/arch__arm__core__cortex_m.dir/scb.c.obj
[nokris:ro] [373/411] Building C object CMakeFiles/app.dir/nokris/src/led.c.obj
[ovis:ro] [82/376] Building ASM object zephyr/arch/arch/arm/core/cortex_m/CMakeFiles/arch__arm__core__cortex_m.dir/vector_table.S.obj
[ovis:ro] [83/376] Building C object zephyr/arch/arch/arm/core/cortex_m/CMakeFiles/arch__arm__core__cortex_m.dir/thread_abort.c.obj
[ovis:rw] [110/376] Building C object zephyr/lib/libc/minimal/CMakeFiles/lib__libc__minimal.dir/source/stdout/stdout_console.c.obj
[nokris:ro] [374/411] Building C object CMakeFiles/app.dir/src/board_power.c.obj
[ovis:rw] [111/376] Building C object zephyr/lib/libc/minimal/CMakeFiles/lib__libc__minimal.dir/source/stdout/sprintf.c.obj
[nokris:ro] [375/411] Building C object CMakeFiles/app.dir/nokris/src/form_factor.c.obj
[ovis:rw] [112/376] Building C object zephyr/lib/libc/minimal/CMakeFiles/lib__libc__minimal.dir/source/stdout/fprintf.c.obj
[nokris:ro] [376/411] Building C object CMakeFiles/app.dir/nokris/src/hdmi.c.obj
[nokris:ro] [377/411] Linking C static library modules/ec/zephyr/libec_shim.a
[ovis:rw] [113/376] Building C object zephyr/lib/libc/minimal/CMakeFiles/lib__libc__minimal.dir/source/math/sqrtf.c.obj
[ovis:rw] [114/376] Building C object zephyr/lib/libc/minimal/CMakeFiles/lib__libc__minimal.dir/source/math/sqrt.c.obj
[nokris:ro] [378/411] Building C object CMakeFiles/app.dir/nokris/src/fan.c.obj
[ovis:ro] [84/376] Building ASM object zephyr/arch/arch/arm/core/cortex_m/CMakeFiles/arch__arm__core__cortex_m.dir/swap_helper.S.obj
[ovis:ro] [85/376] Building C object zephyr/arch/arch/arm/core/cortex_m/CMakeFiles/arch__arm__core__cortex_m.dir/irq_manage.c.obj
[ovis:rw] [115/376] Building C object zephyr/lib/libc/common/CMakeFiles/lib__libc__common.dir/source/time/asctime.c.obj
[ovis:rw] [116/376] Building C object zephyr/lib/libc/common/CMakeFiles/lib__libc__common.dir/source/time/gmtime_r.c.obj
[ovis:ro] [86/376] Building C object zephyr/arch/arch/arm/core/cortex_m/CMakeFiles/arch__arm__core__cortex_m.dir/prep_c.c.obj
[ovis:rw] [117/376] Building C object zephyr/lib/libc/minimal/CMakeFiles/lib__libc__minimal.dir/source/time/gmtime.c.obj
[nokris:ro] [379/411] Building C object CMakeFiles/app.dir/nokris/src/usbc.c.obj
[nokris:ro] [380/411] Building C object zephyr/kernel/CMakeFiles/kernel.dir/banner.c.obj
[nokris:ro] [381/411] Building C object CMakeFiles/app.dir/nokris/src/charger.c.obj
[ovis:rw] [118/376] Linking C static library zephyr/lib/libc/minimal/liblib__libc__minimal.a
[nokris:ro] [382/411] Building C object zephyr/kernel/CMakeFiles/kernel.dir/busy_wait.c.obj
[ovis:rw] [119/376] Building C object zephyr/lib/libc/common/CMakeFiles/lib__libc__common.dir/source/time/localtime_r_utc.c.obj
[ovis:rw] [120/376] Building C object zephyr/lib/libc/common/CMakeFiles/lib__libc__common.dir/source/stdlib/abort.c.obj
[nokris:ro] [383/411] Linking C static library app/libapp.a
[ocelotrvp-mchp:rw] /mnt/host/source/src/platform/ec/build/zephyr/ocelotrvp-mchp/build-rw/zephyr/zephyr.dts:3475.27-3480.5: Warning (unit_address_format): /it8801-mfd/gpiocr@0a: unit name should not have leading 0s
[ocelotrvp-mchp:rw] /mnt/host/source/src/platform/ec/build/zephyr/ocelotrvp-mchp/build-rw/zephyr/zephyr.dts:1376.31-1392.6: Warning (i2c_bus_reg): /soc/i2c@40004000/rvp-board-id: missing or empty reg property
[ovis:rw] [121/376] Building C object zephyr/lib/libc/common/CMakeFiles/lib__libc__common.dir/source/time/ctime.c.obj
[ovis:ro] [87/376] Building C object zephyr/arch/arch/arm/core/cortex_m/CMakeFiles/arch__arm__core__cortex_m.dir/cpu_idle.c.obj
[ovis:ro] [88/376] Building C object zephyr/arch/arch/arm/core/cortex_m/CMakeFiles/arch__arm__core__cortex_m.dir/thread.c.obj
[nokris:ro] [384/411] Building C object zephyr/kernel/CMakeFiles/kernel.dir/device.c.obj
[ovis:rw] [122/376] Building C object zephyr/lib/libc/common/CMakeFiles/lib__libc__common.dir/source/time/time.c.obj
[ovis:ro] [89/376] Building C object zephyr/arch/arch/arm/core/cortex_m/CMakeFiles/arch__arm__core__cortex_m.dir/irq_init.c.obj
[ovis:rw] [123/376] Building C object zephyr/lib/libc/common/CMakeFiles/lib__libc__common.dir/source/string/strnlen.c.obj
[ovis:rw] [124/376] Building C object zephyr/lib/posix/c_lib_ext/CMakeFiles/lib__posix__c_lib_ext.dir/fnmatch.c.obj
[nokris:ro] [385/411] Building C object zephyr/kernel/CMakeFiles/kernel.dir/errno.c.obj
[nokris:ro] [386/411] Building C object zephyr/kernel/CMakeFiles/kernel.dir/fatal.c.obj
[ovis:rw] [125/376] Building C object zephyr/lib/libc/common/CMakeFiles/lib__libc__common.dir/source/stdlib/malloc.c.obj
[nokris:ro] [387/411] Building C object zephyr/kernel/CMakeFiles/kernel.dir/init.c.obj
[nokris:ro] [388/411] Building C object zephyr/kernel/CMakeFiles/kernel.dir/kheap.c.obj
[ovis:ro] [90/376] Building C object zephyr/arch/arch/arm/core/cortex_m/CMakeFiles/arch__arm__core__cortex_m.dir/isr_wrapper.c.obj
[nokris:ro] [389/411] Building C object zephyr/kernel/CMakeFiles/kernel.dir/version.c.obj
[ovis:rw] [126/376] Linking C static library zephyr/lib/libc/common/liblib__libc__common.a
[ovis:ro] [91/376] Linking C static library zephyr/arch/arch/arm/core/cortex_m/libarch__arm__core__cortex_m.a
[ovis:ro] [92/376] Building C object zephyr/arch/arch/arm/core/mpu/CMakeFiles/arch__arm__core__mpu.dir/arm_core_mpu.c.obj
[ovis:ro] [93/376] Generating ../../../include/generated/libc/minimal/strerror_table.h
[ovis:rw] [127/376] Building C object zephyr/subsys/crc/CMakeFiles/subsys__crc.dir/crc4_sw.c.obj
[ovis:rw] [128/376] Building C object zephyr/lib/posix/c_lib_ext/CMakeFiles/lib__posix__c_lib_ext.dir/getentropy.c.obj
[/mnt/host/source/src/platform/ec/build/zephyr/kinmen-ish-lcov]   /mnt/host/source/src/platform/ec/build/zephyr/kinmen-ish/build-singleimage/modules/ec/zephyr/drivers/dsp_comms/CMakeFiles/dsp_comms.proto.nanopb.dir/dsp_comms.proto/nanopb/proto/ec_dsp.pb.c.gcno:no functions found
[/mnt/host/source/src/platform/ec/build/zephyr/kinmen-ish-lcov] stderr:
[nokris:ro] [390/411] Building C object zephyr/kernel/CMakeFiles/kernel.dir/mem_slab.c.obj
[ovis:rw] [129/376] Building C object zephyr/lib/posix/c_lib_ext/CMakeFiles/lib__posix__c_lib_ext.dir/getopt_shim.c.obj
[ovis:ro] [94/376] Building C object zephyr/arch/arch/arm/core/mpu/CMakeFiles/arch__arm__core__mpu.dir/arm_mpu.c.obj
[ovis:rw] [130/376] Building C object zephyr/subsys/crc/CMakeFiles/subsys__crc.dir/crc8_sw.c.obj
[ovis:ro] [95/376] Building C object zephyr/lib/libc/minimal/CMakeFiles/lib__libc__minimal.dir/source/stdlib/atoi.c.obj
[ovis:rw] [131/376] Linking C static library zephyr/lib/posix/c_lib_ext/liblib__posix__c_lib_ext.a
[ovis:rw] [132/376] Building C object zephyr/subsys/crc/CMakeFiles/subsys__crc.dir/crc16_sw.c.obj
[ovis:ro] [96/376] Building C object zephyr/lib/libc/minimal/CMakeFiles/lib__libc__minimal.dir/source/stdlib/strtol.c.obj
[ovis:rw] [133/376] Building C object zephyr/subsys/crc/CMakeFiles/subsys__crc.dir/crc7_sw.c.obj
[ovis:rw] [134/376] Building C object zephyr/subsys/crc/CMakeFiles/subsys__crc.dir/crc32c_sw.c.obj
[ovis:rw] [135/376] Building C object zephyr/subsys/crc/CMakeFiles/subsys__crc.dir/crc24_sw.c.obj
[ovis:ro] [97/376] Building C object zephyr/lib/libc/minimal/CMakeFiles/lib__libc__minimal.dir/source/stdlib/strtoul.c.obj
[ovis:ro] [98/376] Building C object zephyr/lib/libc/minimal/CMakeFiles/lib__libc__minimal.dir/source/stdlib/strtoll.c.obj
[ovis:rw] [136/376] Building C object zephyr/subsys/crc/CMakeFiles/subsys__crc.dir/crc32k_4_2_sw.c.obj
[nokris:ro] [391/411] Building C object zephyr/kernel/CMakeFiles/kernel.dir/float.c.obj
[ovis:rw] [137/376] Building C object zephyr/subsys/crc/CMakeFiles/subsys__crc.dir/crc32_sw.c.obj
[ovis:ro] [99/376] Building C object zephyr/lib/libc/minimal/CMakeFiles/lib__libc__minimal.dir/source/stdlib/strtoull.c.obj
[ovis:ro] [100/376] Building C object zephyr/lib/libc/minimal/CMakeFiles/lib__libc__minimal.dir/source/stdlib/bsearch.c.obj
[ovis:rw] [138/376] Linking C static library zephyr/subsys/crc/libsubsys__crc.a
[ovis:ro] [101/376] Building C object zephyr/arch/arch/arm/core/mpu/CMakeFiles/arch__arm__core__mpu.dir/arm_mpu_regions.c.obj
[nokris:ro] [392/411] Building C object zephyr/kernel/CMakeFiles/kernel.dir/msg_q.c.obj
[nokris:ro] [393/411] Building C object zephyr/kernel/CMakeFiles/kernel.dir/idle.c.obj
[ovis:ro] [102/376] Linking C static library zephyr/arch/arch/arm/core/mpu/libarch__arm__core__mpu.a
[ovis:ro] [103/376] Building C object zephyr/lib/libc/minimal/CMakeFiles/lib__libc__minimal.dir/source/stdlib/qsort.c.obj
[ovis:ro] [104/376] Building C object zephyr/lib/libc/minimal/CMakeFiles/lib__libc__minimal.dir/source/string/strerror.c.obj
[nokris:ro] [394/411] Building C object zephyr/kernel/CMakeFiles/kernel.dir/mailbox.c.obj
[nokris:ro] [395/411] Building C object zephyr/kernel/CMakeFiles/kernel.dir/mutex.c.obj
[ovis:ro] [105/376] Building C object zephyr/lib/libc/minimal/CMakeFiles/lib__libc__minimal.dir/source/string/strstr.c.obj
[ovis:ro] [106/376] Building C object zephyr/lib/libc/minimal/CMakeFiles/lib__libc__minimal.dir/source/string/strncasecmp.c.obj
[ovis:rw] [139/376] Building C object zephyr/drivers/interrupt_controller/CMakeFiles/drivers__interrupt_controller.dir/intc_miwu.c.obj
[ovis:rw] [140/376] Building C object zephyr/drivers/adc/CMakeFiles/drivers__adc.dir/adc_common.c.obj
[ovis:ro] [107/376] Building C object zephyr/lib/libc/minimal/CMakeFiles/lib__libc__minimal.dir/source/string/strspn.c.obj
[ovis:rw] [141/376] Linking C static library zephyr/drivers/interrupt_controller/libdrivers__interrupt_controller.a
[ovis:ro] [108/376] Building C object zephyr/lib/libc/minimal/CMakeFiles/lib__libc__minimal.dir/source/string/string.c.obj
[/mnt/host/source/src/platform/ec/build/zephyr/skywalker-lcov]   /mnt/host/source/src/platform/ec/build/zephyr/skywalker/build-rw/zephyr/CMakeFiles/zephyr.dir/subsys/shell/modules/kernel_service/kernel_shell.c.gcno:no functions found
[/mnt/host/source/src/platform/ec/build/zephyr/skywalker-lcov] stderr:
[ovis:ro] [109/376] Building C object zephyr/lib/libc/minimal/CMakeFiles/lib__libc__minimal.dir/source/stdlib/exit.c.obj
[nokris:ro] [396/411] Building C object zephyr/kernel/CMakeFiles/kernel.dir/queue.c.obj
[nokris:ro] [397/411] Building C object zephyr/kernel/CMakeFiles/kernel.dir/system_work_q.c.obj
[nokris:ro] [398/411] Building C object zephyr/kernel/CMakeFiles/kernel.dir/stack.c.obj
[nokris:ro] [399/411] Building C object zephyr/kernel/CMakeFiles/kernel.dir/sem.c.obj
[/mnt/host/source/src/platform/ec/build/zephyr/skywalker-lcov]   /mnt/host/source/src/platform/ec/build/zephyr/skywalker/build-rw/zephyr/CMakeFiles/zephyr.dir/lib/libc/validate_libc.c.gcno:no functions found
[/mnt/host/source/src/platform/ec/build/zephyr/skywalker-lcov] stderr:
[ovis:rw] [142/376] Building C object zephyr/drivers/adc/CMakeFiles/drivers__adc.dir/adc_npcx.c.obj
[ovis:rw] [143/376] Linking C static library zephyr/drivers/adc/libdrivers__adc.a
[ovis:rw] [144/376] Building C object zephyr/drivers/bbram/CMakeFiles/drivers__bbram.dir/bbram_npcx.c.obj
[ovis:ro] [110/376] Building C object zephyr/lib/libc/minimal/CMakeFiles/lib__libc__minimal.dir/source/stdout/sprintf.c.obj
[nokris:ro] [400/411] Building C object zephyr/kernel/CMakeFiles/kernel.dir/work.c.obj
[ovis:ro] [111/376] Building C object zephyr/lib/libc/minimal/CMakeFiles/lib__libc__minimal.dir/source/stdout/fprintf.c.obj
[/mnt/host/source/src/platform/ec/build/zephyr/kinmen-ish-lcov]   /mnt/host/source/src/platform/ec/build/zephyr/kinmen-ish/build-singleimage/zephyr/arch/arch/x86/core/CMakeFiles/arch__x86__core.dir/spec_ctrl.c.gcno:no functions found
[/mnt/host/source/src/platform/ec/build/zephyr/kinmen-ish-lcov] stderr:
[ovis:rw] [145/376] Linking C static library zephyr/drivers/bbram/libdrivers__bbram.a
[ovis:ro] [112/376] Building C object zephyr/lib/libc/minimal/CMakeFiles/lib__libc__minimal.dir/source/stdout/stdout_console.c.obj
[ovis:rw] [146/376] Building C object zephyr/drivers/clock_control/CMakeFiles/drivers__clock_control.dir/clock_control_npcx.c.obj
[ovis:rw] [147/376] Linking C static library zephyr/drivers/clock_control/libdrivers__clock_control.a
[ovis:ro] [113/376] Building C object zephyr/lib/libc/minimal/CMakeFiles/lib__libc__minimal.dir/source/math/sqrtf.c.obj
[nokris:ro] [401/411] Building C object zephyr/kernel/CMakeFiles/kernel.dir/condvar.c.obj
[ovis:ro] [114/376] Building C object zephyr/lib/libc/minimal/CMakeFiles/lib__libc__minimal.dir/source/math/sqrt.c.obj
[nokris:ro] [402/411] Building C object zephyr/kernel/CMakeFiles/kernel.dir/pipe.c.obj
[ocelotrvp-mchp:rw] /mnt/host/source/src/platform/ec/build/zephyr/ocelotrvp-mchp/build-rw/zephyr/zephyr.dts:3121.14-3130.5: Warning (gpios_property): /fans/fan0: Missing property '#gpio-cells' in node /named-gpios/fan-pwr-disable or bad phandle (referred from enable-gpio[0])
[ocelotrvp-mchp:rw] /mnt/host/source/src/platform/ec/build/zephyr/ocelotrvp-mchp/build-rw/zephyr/zephyr.dts:3121.14-3130.5: Warning (gpios_property): /fans/fan0: Missing property '#gpio-cells' in node /named-gpios/all-sys-pwrgd or bad phandle (referred from pgood-gpio[0])
[ocelotrvp-mchp:rw] warning: PM_DEVICE_SYSTEM_MANAGED (defined at soc/renesas/smartbond/da1469x/Kconfig.defconfig:45,
[ocelotrvp-mchp:rw] subsys/pm/Kconfig:202) was assigned the value 'y' but got the value 'n'. Check these unsatisfied
[ocelotrvp-mchp:rw] dependencies: ((SOC_SERIES_DA1469X && SOC_FAMILY_RENESAS_SMARTBOND) || PM_DEVICE) (=n). See
[ocelotrvp-mchp:rw] http://docs.zephyrproject.org/latest/kconfig.html#CONFIG_PM_DEVICE_SYSTEM_MANAGED and/or look up
[ocelotrvp-mchp:rw] PM_DEVICE_SYSTEM_MANAGED in the menuconfig/guiconfig interface. The Application Development Primer,
[ocelotrvp-mchp:rw] Setting Configuration Values, and Kconfig - Tips and Best Practices sections of the manual might be
[ocelotrvp-mchp:rw] helpful too.
[ocelotrvp-mchp:rw] warning: PLATFORM_EC_DSP_INIT_PRIORITY (defined at
[ocelotrvp-mchp:rw] /mnt/host/source/src/platform/ec/zephyr/drivers/dsp_comms/Kconfig:19) was assigned the value '80'
[ocelotrvp-mchp:rw] but got the value ''. Check these unsatisfied dependencies: PLATFORM_EC_DSP_COMMS (=n). See
[ocelotrvp-mchp:rw] http://docs.zephyrproject.org/latest/kconfig.html#CONFIG_PLATFORM_EC_DSP_INIT_PRIORITY and/or look
[ocelotrvp-mchp:rw] up PLATFORM_EC_DSP_INIT_PRIORITY in the menuconfig/guiconfig interface. The Application Development
[ocelotrvp-mchp:rw] Primer, Setting Configuration Values, and Kconfig - Tips and Best Practices sections of the manual
[ocelotrvp-mchp:rw] might be helpful too.
[ocelotrvp-mchp:rw] warning: PLATFORM_EC_DSP_RESPONSE_BUFFER_SIZE (defined at
[ocelotrvp-mchp:rw] /mnt/host/source/src/platform/ec/zephyr/drivers/dsp_comms/Kconfig:57) was assigned the value '128'
[ocelotrvp-mchp:rw] but got the value ''. Check these unsatisfied dependencies: PLATFORM_EC_DSP_COMMS (=n). See
[ocelotrvp-mchp:rw] http://docs.zephyrproject.org/latest/kconfig.html#CONFIG_PLATFORM_EC_DSP_RESPONSE_BUFFER_SIZE and/or
[ocelotrvp-mchp:rw] look up PLATFORM_EC_DSP_RESPONSE_BUFFER_SIZE in the menuconfig/guiconfig interface. The Application
[ocelotrvp-mchp:rw] Development Primer, Setting Configuration Values, and Kconfig - Tips and Best Practices sections of
[ocelotrvp-mchp:rw] the manual might be helpful too.
[ocelotrvp-mchp:rw] warning: PLATFORM_EC_KEYBOARD_KEYPAD (defined at
[ocelotrvp-mchp:rw] /mnt/host/source/src/platform/ec/zephyr/Kconfig.keyboard:120) was assigned the value 'y' but got the
[ocelotrvp-mchp:rw] value 'n'. Check these unsatisfied dependencies: PLATFORM_EC_KEYBOARD (=n). See
[ocelotrvp-mchp:rw] http://docs.zephyrproject.org/latest/kconfig.html#CONFIG_PLATFORM_EC_KEYBOARD_KEYPAD and/or look up
[ocelotrvp-mchp:rw] PLATFORM_EC_KEYBOARD_KEYPAD in the menuconfig/guiconfig interface. The Application Development
[ocelotrvp-mchp:rw] Primer, Setting Configuration Values, and Kconfig - Tips and Best Practices sections of the manual
[ocelotrvp-mchp:rw] might be helpful too.
[ocelotrvp-mchp:rw] warning: PLATFORM_EC_KEYBOARD_COLS (defined at
[ocelotrvp-mchp:rw] /mnt/host/source/src/platform/ec/zephyr/Kconfig.keyboard:127) was assigned the value '18' but got
[ocelotrvp-mchp:rw] the value ''. Check these unsatisfied dependencies: PLATFORM_EC_KEYBOARD (=n). See
[ocelotrvp-mchp:rw] http://docs.zephyrproject.org/latest/kconfig.html#CONFIG_PLATFORM_EC_KEYBOARD_COLS and/or look up
[ocelotrvp-mchp:rw] PLATFORM_EC_KEYBOARD_COLS in the menuconfig/guiconfig interface. The Application Development Primer,
[ocelotrvp-mchp:rw] Setting Configuration Values, and Kconfig - Tips and Best Practices sections of the manual might be
[ocelotrvp-mchp:rw] helpful too.
[ocelotrvp-mchp:rw] warning: PLATFORM_EC_KEYBOARD_CUSTOMIZATION (defined at
[ocelotrvp-mchp:rw] /mnt/host/source/src/platform/ec/zephyr/Kconfig.keyboard:134) was assigned the value 'y' but got the
[ocelotrvp-mchp:rw] value 'n'. Check these unsatisfied dependencies: PLATFORM_EC_KEYBOARD (=n). See
[ocelotrvp-mchp:rw] http://docs.zephyrproject.org/latest/kconfig.html#CONFIG_PLATFORM_EC_KEYBOARD_CUSTOMIZATION and/or
[ocelotrvp-mchp:rw] look up PLATFORM_EC_KEYBOARD_CUSTOMIZATION in the menuconfig/guiconfig interface. The Application
[ocelotrvp-mchp:rw] Development Primer, Setting Configuration Values, and Kconfig - Tips and Best Practices sections of
[ocelotrvp-mchp:rw] the manual might be helpful too.
[nokris:ro] [403/411] Building C object zephyr/kernel/CMakeFiles/kernel.dir/thread.c.obj
[ocelotrvp-mchp:rw] warning: PLATFORM_EC_VOLUME_BUTTONS (defined at
[ocelotrvp-mchp:rw] /mnt/host/source/src/platform/ec/zephyr/Kconfig.keyboard:224) was assigned the value 'y' but got the
[ocelotrvp-mchp:rw] value 'n'. Check these unsatisfied dependencies: PLATFORM_EC_KEYBOARD (=n). See
[ocelotrvp-mchp:rw] http://docs.zephyrproject.org/latest/kconfig.html#CONFIG_PLATFORM_EC_VOLUME_BUTTONS and/or look up
[ocelotrvp-mchp:rw] PLATFORM_EC_VOLUME_BUTTONS in the menuconfig/guiconfig interface. The Application Development
[ocelotrvp-mchp:rw] Primer, Setting Configuration Values, and Kconfig - Tips and Best Practices sections of the manual
[ocelotrvp-mchp:rw] might be helpful too.
[ocelotrvp-mchp:rw] warning: PLATFORM_EC_CMD_BUTTON (defined at
[ocelotrvp-mchp:rw] /mnt/host/source/src/platform/ec/zephyr/Kconfig.keyboard:241) was assigned the value 'y' but got the
[ocelotrvp-mchp:rw] value 'n'. Check these unsatisfied dependencies: PLATFORM_EC_KEYBOARD (=n). See
[ocelotrvp-mchp:rw] http://docs.zephyrproject.org/latest/kconfig.html#CONFIG_PLATFORM_EC_CMD_BUTTON and/or look up
[ocelotrvp-mchp:rw] PLATFORM_EC_CMD_BUTTON in the menuconfig/guiconfig interface. The Application Development Primer,
[ocelotrvp-mchp:rw] Setting Configuration Values, and Kconfig - Tips and Best Practices sections of the manual might be
[ocelotrvp-mchp:rw] helpful too.
[ocelotrvp-mchp:rw] warning: PLATFORM_EC_KEYBOARD_STRAUSS (defined at
[ocelotrvp-mchp:rw] /mnt/host/source/src/platform/ec/zephyr/Kconfig.keyboard:309) was assigned the value 'y' but got the
[ocelotrvp-mchp:rw] value 'n'. Check these unsatisfied dependencies: PLATFORM_EC_KEYBOARD (=n). See
[ocelotrvp-mchp:rw] http://docs.zephyrproject.org/latest/kconfig.html#CONFIG_PLATFORM_EC_KEYBOARD_STRAUSS and/or look up
[ocelotrvp-mchp:rw] PLATFORM_EC_KEYBOARD_STRAUSS in the menuconfig/guiconfig interface. The Application Development
[ocelotrvp-mchp:rw] Primer, Setting Configuration Values, and Kconfig - Tips and Best Practices sections of the manual
[ocelotrvp-mchp:rw] might be helpful too.
[ocelotrvp-mchp:rw] warning: INPUT_EVENT_DUMP (defined at subsys/input/Kconfig:70) was assigned the value 'y' but got
[ocelotrvp-mchp:rw] the value 'n'. Check these unsatisfied dependencies: INPUT (=n). See
[ocelotrvp-mchp:rw] http://docs.zephyrproject.org/latest/kconfig.html#CONFIG_INPUT_EVENT_DUMP and/or look up
[ocelotrvp-mchp:rw] INPUT_EVENT_DUMP in the menuconfig/guiconfig interface. The Application Development Primer, Setting
[ocelotrvp-mchp:rw] Configuration Values, and Kconfig - Tips and Best Practices sections of the manual might be helpful
[ocelotrvp-mchp:rw] too.
[ocelotrvp-mchp:rw] warning: INPUT_SHELL (defined at subsys/input/Kconfig:77) was assigned the value 'y' but got the
[ocelotrvp-mchp:rw] value 'n'. Check these unsatisfied dependencies: INPUT (=n). See
[ocelotrvp-mchp:rw] http://docs.zephyrproject.org/latest/kconfig.html#CONFIG_INPUT_SHELL and/or look up INPUT_SHELL in
[ocelotrvp-mchp:rw] the menuconfig/guiconfig interface. The Application Development Primer, Setting Configuration
[ocelotrvp-mchp:rw] Values, and Kconfig - Tips and Best Practices sections of the manual might be helpful too.
[ocelotrvp-mchp:rw] warning: The choice symbol CROS_EC_KEYBOARD_INPUT (defined at
[ocelotrvp-mchp:rw] /mnt/host/source/src/platform/ec/zephyr/Kconfig.keyboard:45) was selected (set =y), but no symbol
[ocelotrvp-mchp:rw] ended up as the choice selection. See
[ocelotrvp-mchp:rw] http://docs.zephyrproject.org/latest/kconfig.html#CONFIG_CROS_EC_KEYBOARD_INPUT and/or look up
[ocelotrvp-mchp:rw] CROS_EC_KEYBOARD_INPUT in the menuconfig/guiconfig interface. The Application Development Primer,
[ocelotrvp-mchp:rw] Setting Configuration Values, and Kconfig - Tips and Best Practices sections of the manual might be
[ocelotrvp-mchp:rw] helpful too.
[ocelotrvp-mchp:rw] warning: The choice symbol PLATFORM_EC_KEYBOARD_PROTOCOL_8042 (defined at
[ocelotrvp-mchp:rw] /mnt/host/source/src/platform/ec/zephyr/Kconfig.keyboard:75) was selected (set =y), but no symbol
[ocelotrvp-mchp:rw] ended up as the choice selection. See
[ocelotrvp-mchp:rw] http://docs.zephyrproject.org/latest/kconfig.html#CONFIG_PLATFORM_EC_KEYBOARD_PROTOCOL_8042 and/or
[ocelotrvp-mchp:rw] look up PLATFORM_EC_KEYBOARD_PROTOCOL_8042 in the menuconfig/guiconfig interface. The Application
[ocelotrvp-mchp:rw] Development Primer, Setting Configuration Values, and Kconfig - Tips and Best Practices sections of
[ocelotrvp-mchp:rw] the manual might be helpful too.
[ocelotrvp-mchp:rw] warning: Deprecated symbol I2C_ALLOW_NO_STOP_TRANSACTIONS is enabled.
[ovis:rw] [148/376] Building C object zephyr/drivers/console/CMakeFiles/drivers__console.dir/uart_console.c.obj
[nokris:ro] [404/411] Building C object zephyr/kernel/CMakeFiles/kernel.dir/sched.c.obj
[ovis:ro] [115/376] Building C object zephyr/lib/libc/common/CMakeFiles/lib__libc__common.dir/source/time/asctime.c.obj
[ovis:rw] [149/376] Linking C static library zephyr/drivers/console/libdrivers__console.a
[ovis:ro] [116/376] Building C object zephyr/lib/libc/common/CMakeFiles/lib__libc__common.dir/source/time/gmtime_r.c.obj
[nokris:ro] [405/411] Building C object zephyr/kernel/CMakeFiles/kernel.dir/timeout.c.obj
[ovis:ro] [117/376] Building C object zephyr/lib/libc/minimal/CMakeFiles/lib__libc__minimal.dir/source/time/gmtime.c.obj
[ovis:rw] [150/376] Building C object zephyr/drivers/eeprom/CMakeFiles/drivers__eeprom.dir/eeprom_shell.c.obj
[ovis:ro] [118/376] Building C object zephyr/lib/libc/common/CMakeFiles/lib__libc__common.dir/source/stdlib/abort.c.obj
[ovis:ro] [119/376] Linking C static library zephyr/lib/libc/minimal/liblib__libc__minimal.a
[ovis:rw] [151/376] Building C object zephyr/drivers/eeprom/CMakeFiles/drivers__eeprom.dir/eeprom_at2x.c.obj
[ocelotrvp-mchp:rw] Parsing /mnt/host/source/src/platform/ec/zephyr/program/ocelot/Kconfig
[ovis:rw] [152/376] Linking C static library zephyr/drivers/eeprom/libdrivers__eeprom.a
[ovis:ro] [120/376] Building C object zephyr/lib/libc/common/CMakeFiles/lib__libc__common.dir/source/time/localtime_r_utc.c.obj
[nokris:ro] [406/411] Building C object zephyr/kernel/CMakeFiles/kernel.dir/timer.c.obj
[/mnt/host/source/src/platform/ec/build/zephyr/skywalker-lcov]   /mnt/host/source/src/platform/ec/build/zephyr/skywalker/build-rw/zephyr/CMakeFiles/zephyr.dir/lib/utils/last_section_id.c.gcno:no functions found
[/mnt/host/source/src/platform/ec/build/zephyr/skywalker-lcov] stderr:
[nokris:ro] [407/411] Building C object zephyr/kernel/CMakeFiles/kernel.dir/poll.c.obj
[ocelotrvp-mchp:ro] Configuring.
Running `env -i PYTHONPATH=/usr/lib64/python-exec/python3.11:/mnt/host/source/src/platform/ec/zephyr/zmake:/usr/lib/python311.zip:/usr/lib/python3.11:/usr/lib/python3.11/lib-dynload:/usr/lib/python3.11/site-packages PW_PIGWEED_CIPD_INSTALL_DIR=/usr CROSTC_USER_ACKNOWLEDGES_THAT_RISCV_IS_EXPERIMENTAL=1 PATH=/mnt/host/source/chromite/bin:/usr/local/bin:/usr/bin:/bin:/opt/bin:/mnt/host/source/chromite/sdk/bin:/mnt/host/source/chromite/bin HOME=/home/jpmurphy JAVA_HOME=/etc/java-config-2/current-system-vm JDK_HOME=/etc/java-config-2/current-system-vm JAVAC=/etc/java-config-2/current-system-vm/bin/javac MAKEFLAGS=' -j16 --jobserver-auth=5,6' /usr/bin/cmake -S /mnt/host/source/src/platform/ec/zephyr/program/ocelot -B /mnt/host/source/src/platform/ec/build/zephyr/ocelotrvp-mchp/build-ro -GNinja -DCMAKE_EXPORT_COMPILE_COMMANDS=ON -DZEPHYR_BASE=/mnt/host/source/src/third_party/zephyr/main -DZMAKE_INCLUDE_DIR=/mnt/host/source/src/platform/ec/build/zephyr/ocelotrvp-mchp/include -DPython3_EXECUTABLE=/usr/bin/python3.11 -DDTS_ROOT=/mnt/host/source/src/platform/ec/zephyr -DSYSCALL_INCLUDE_DIRS=/mnt/host/source/src/platform/ec/zephyr/include/drivers -DUSER_CACHE_DIR=/mnt/host/source/src/platform/ec/build/zephyr/user-cache '-DEXTRA_EC_VERSION_FLAGS=--version 16543.0.0 --static' -DTOOLCHAIN_ROOT=/mnt/host/source/src/platform/ec/zephyr -DCOREBOOT_SDK_ROOT_x86=/home/jpmurphy/.cache/coreboot-sdk/i386-elf/dfbb0486385d938cfa9d73080b9d18d598ed4f49 -DCOREBOOT_SDK_ROOT_picolibc_x86=/home/jpmurphy/.cache/coreboot-sdk/picolibc-i386-elf/eb8e8e687b95461de8cbf278f1c2076952d0ad17 -DCOREBOOT_SDK_ROOT_riscv64=/home/jpmurphy/.cache/coreboot-sdk/riscv64-elf/96b949749225b6aaa92ed810ab769e8dfb12f000 -DCOREBOOT_SDK_ROOT_picolibc_arm=/home/jpmurphy/.cache/coreboot-sdk/picolibc-arm-eabi/422a2aa3e1ef891b5bece9a3deb696ff83840d2e -DCOREBOOT_SDK_ROOT_nds32=/home/jpmurphy/.cache/coreboot-sdk/nds32le-elf/d1a518c4a097666d86058e1444f85ca015d15511 -DCOREBOOT_SDK_ROOT_picolibc_riscv64=/home/jpmurphy/.cache/coreboot-sdk/picolibc-riscv64-elf/f571e990ef0278564b31124f8bb109d9a697eb69 -DCOREBOOT_SDK_ROOT_arm=/home/jpmurphy/.cache/coreboot-sdk/arm-eabi/ea40ddd1d190c3b48435c474c0b545719371813a -DCOREBOOT_SDK_ROOT_libstdcxx_riscv64=/home/jpmurphy/.cache/coreboot-sdk/libstdcxx-riscv64-elf/17abf22a3a252e2d5d2062ced5324f7a623689e0 -DCOREBOOT_SDK_ROOT_libstdcxx_arm=/home/jpmurphy/.cache/coreboot-sdk/libstdcxx-arm-eabi/5d7d82e150e44aa1968f1d366e267e6687b328ac -DCOREBOOT_SDK_ROOT_riscv=/home/jpmurphy/.cache/coreboot-sdk/riscv-elf/9a27b9e82341c6e9126624f516ab3f261abb3e73 -DCOREBOOT_SDK_ROOT_libstdcxx_x86=/home/jpmurphy/.cache/coreboot-sdk/libstdcxx-i386-elf/42ef9d2e87a76a37963175d7d428734e65648b87 -DZEPHYR_TOOLCHAIN_VARIANT=coreboot-sdk '-DZEPHYR_MODULES=/mnt/host/source/src/platform/ec/build/zephyr/ocelotrvp-mchp/modules/cmsis;/mnt/host/source/src/platform/ec/build/zephyr/ocelotrvp-mchp/modules/cmsis_6;/mnt/host/source/src/platform/ec/build/zephyr/ocelotrvp-mchp/modules/ec' -DDTC_OVERLAY_FILE=/mnt/host/source/src/platform/ec/zephyr/program/ocelot/ocelotrvp-mchp/project.overlay -DBOARD=mec172x/mec172x_nsz/mec1727 -DCMAKE_C_FLAGS=-DSECTION_IS_RO '-DCONF_FILE=/mnt/host/source/src/platform/ec/zephyr/program/ocelot/program.conf;/mnt/host/source/src/platform/ec/zephyr/program/ocelot/rvp_program.conf;/mnt/host/source/src/platform/ec/zephyr/program/ocelot/ocelotrvp-mchp/project.conf;/mnt/host/source/src/platform/ec/build/zephyr/ocelotrvp-mchp/kconfig-ro.conf'`
[ocelotrvp-mchp:ro] Loading Zephyr default modules (Zephyr base (cached)).
[ocelotrvp-mchp:ro] -- Application: /mnt/host/source/src/platform/ec/zephyr/program/ocelot
[ocelotrvp-mchp:ro] -- CMake version: 3.31.7
[ovis:ro] [121/376] Building C object zephyr/lib/libc/common/CMakeFiles/lib__libc__common.dir/source/time/time.c.obj
Toolchain <zmake.toolchains.CorebootSdkToolchain object at 0x7f4120536410> selected by probe function.
[skyrim] Building in /mnt/host/source/src/platform/ec/build/zephyr/skyrim.
[nokris:ro] [408/411] Building C object zephyr/kernel/CMakeFiles/kernel.dir/events.c.obj
[ovis:ro] [122/376] Building C object zephyr/lib/libc/common/CMakeFiles/lib__libc__common.dir/source/time/ctime.c.obj
[ovis:ro] [123/376] Building C object zephyr/lib/libc/common/CMakeFiles/lib__libc__common.dir/source/string/strnlen.c.obj
[ovis:ro] [124/376] Building C object zephyr/lib/posix/c_lib_ext/CMakeFiles/lib__posix__c_lib_ext.dir/fnmatch.c.obj
[nokris:ro] [409/411] Building C object zephyr/kernel/CMakeFiles/kernel.dir/mempool.c.obj
[nokris:ro] [410/411] Building C object zephyr/kernel/CMakeFiles/kernel.dir/dynamic_disabled.c.obj
[ovis:ro] [125/376] Building C object zephyr/subsys/crc/CMakeFiles/subsys__crc.dir/crc4_sw.c.obj
[ocelotrvp-mchp:ro] -- Found Python3: /usr/bin/python3.11 (found suitable version "3.11.11", minimum required is "3.10") found components: Interpreter
[ocelotrvp-mchp:ro] -- Cache files will be written to: /mnt/host/source/src/platform/ec/build/zephyr/user-cache
[ocelotrvp-mchp:ro] -- Zephyr version: 4.3.99 (/mnt/host/source/src/third_party/zephyr/main)
[ovis:ro] [126/376] Building C object zephyr/subsys/crc/CMakeFiles/subsys__crc.dir/crc8_sw.c.obj
[nokris:ro] [411/411] Linking C static library zephyr/kernel/libkernel.a
[ovis:rw] [153/376] Building C object zephyr/drivers/espi/CMakeFiles/drivers__espi.dir/espi_npcx.c.obj
[ovis:ro] [127/376] Building C object zephyr/subsys/crc/CMakeFiles/subsys__crc.dir/crc16_sw.c.obj
[ovis:ro] [128/376] Building C object zephyr/subsys/crc/CMakeFiles/subsys__crc.dir/crc7_sw.c.obj
[ovis:rw] [154/376] Building C object zephyr/drivers/flash/CMakeFiles/drivers__flash.dir/jesd216.c.obj
[ovis:rw] [155/376] Building C object zephyr/drivers/espi/CMakeFiles/drivers__espi.dir/host_subs_npcx.c.obj
[ovis:ro] [129/376] Building C object zephyr/subsys/crc/CMakeFiles/subsys__crc.dir/crc24_sw.c.obj
[ovis:rw] [156/376] Linking C static library zephyr/drivers/espi/libdrivers__espi.a
[ovis:ro] [130/376] Building C object zephyr/lib/libc/common/CMakeFiles/lib__libc__common.dir/source/stdlib/malloc.c.obj
[ovis:ro] [131/376] Building C object zephyr/subsys/crc/CMakeFiles/subsys__crc.dir/crc32_sw.c.obj
[ovis:ro] [132/376] Building C object zephyr/subsys/crc/CMakeFiles/subsys__crc.dir/crc32c_sw.c.obj
[ovis:ro] [133/376] Building C object zephyr/subsys/crc/CMakeFiles/subsys__crc.dir/crc32k_4_2_sw.c.obj
[ovis:ro] [134/376] Linking C static library zephyr/lib/libc/common/liblib__libc__common.a
[ovis:ro] [135/376] Building C object zephyr/lib/posix/c_lib_ext/CMakeFiles/lib__posix__c_lib_ext.dir/getentropy.c.obj
[ovis:ro] [136/376] Linking C static library zephyr/subsys/crc/libsubsys__crc.a
[ovis:ro] [137/376] Building C object zephyr/lib/posix/c_lib_ext/CMakeFiles/lib__posix__c_lib_ext.dir/getopt_shim.c.obj
[ocelotrvp-mchp:rw] Loaded configuration '/mnt/host/source/src/platform/ec/zephyr/boards/google/mec172x/mec172x_mec172x_nsz_mec1727_defconfig'
[ocelotrvp-mchp:rw] Merged configuration '/mnt/host/source/src/platform/ec/zephyr/program/ocelot/program.conf'
[ocelotrvp-mchp:rw] Merged configuration '/mnt/host/source/src/platform/ec/zephyr/program/ocelot/rvp_program.conf'
[ocelotrvp-mchp:rw] Merged configuration '/mnt/host/source/src/platform/ec/zephyr/program/ocelot/ocelotrvp-mchp/project.conf'
[ocelotrvp-mchp:rw] Merged configuration '/mnt/host/source/src/platform/ec/build/zephyr/ocelotrvp-mchp/kconfig-rw.conf'
[ocelotrvp-mchp:rw] Configuration saved to '/mnt/host/source/src/platform/ec/build/zephyr/ocelotrvp-mchp/build-rw/zephyr/.config'
[ocelotrvp-mchp:rw] Kconfig header saved to '/mnt/host/source/src/platform/ec/build/zephyr/ocelotrvp-mchp/build-rw/zephyr/include/generated/zephyr/autoconf.h'
[ocelotrvp-mchp:rw] -- Found GnuLd: /home/jpmurphy/.cache/coreboot-sdk/arm-eabi/ea40ddd1d190c3b48435c474c0b545719371813a/arm-eabi/bin/ld.bfd (found version "2.43.1")
[ovis:ro] [138/376] Linking C static library zephyr/lib/posix/c_lib_ext/liblib__posix__c_lib_ext.a
[ovis:rw] [157/376] Building C object zephyr/drivers/flash/CMakeFiles/drivers__flash.dir/flash_npcx_fiu_nor.c.obj
[ocelotrvp-mchp:rw] -- The C compiler identification is GNU 14.2.0
[ocelotrvp-mchp:rw] -- The CXX compiler identification is GNU 14.2.0
[ovis:rw] [158/376] Building C object zephyr/drivers/i2c/CMakeFiles/drivers__i2c.dir/i2c_common.c.obj
[ovis:ro] [139/376] Building C object zephyr/drivers/adc/CMakeFiles/drivers__adc.dir/adc_common.c.obj
[ovis:rw] [159/376] Building C object zephyr/drivers/flash/CMakeFiles/drivers__flash.dir/flash_npcx_fiu_qspi.c.obj
[ocelotrvp-mchp:rw] -- The ASM compiler identification is GNU
[ocelotrvp-mchp:rw] -- Found assembler: /home/jpmurphy/.cache/coreboot-sdk/arm-eabi/ea40ddd1d190c3b48435c474c0b545719371813a/bin/arm-eabi-gcc
[ovis:rw] [160/376] Building C object zephyr/drivers/gpio/CMakeFiles/drivers__gpio.dir/gpio_npcx.c.obj
[ovis:rw] [161/376] Linking C static library zephyr/drivers/flash/libdrivers__flash.a
[ocelotrvp-mchp:rw] CMake Warning at /mnt/host/source/src/platform/ec/zephyr/cmake/linker/ld/linker_libraries.cmake:11 (message):
[ocelotrvp-mchp:rw]   Disabling c_library
[ocelotrvp-mchp:rw] Call Stack (most recent call first):
[ocelotrvp-mchp:rw]   /mnt/host/source/src/third_party/zephyr/main/cmake/target_toolchain_flags.cmake:48 (include)
[ocelotrvp-mchp:rw]   /mnt/host/source/src/third_party/zephyr/main/cmake/modules/kernel.cmake:153 (include)
[ocelotrvp-mchp:rw]   /mnt/host/source/src/third_party/zephyr/main/cmake/modules/zephyr_default.cmake:138 (include)
[ocelotrvp-mchp:rw]   /mnt/host/source/src/third_party/zephyr/main/share/zephyr-package/cmake/ZephyrConfig.cmake:66 (include)
[ocelotrvp-mchp:rw]   /mnt/host/source/src/third_party/zephyr/main/share/zephyr-package/cmake/ZephyrConfig.cmake:97 (include_boilerplate)
[ocelotrvp-mchp:rw]   CMakeLists.txt:7 (find_package)
[ovis:ro] [140/376] Building C object zephyr/drivers/interrupt_controller/CMakeFiles/drivers__interrupt_controller.dir/intc_miwu.c.obj
[ovis:ro] [141/376] Building C object zephyr/drivers/bbram/CMakeFiles/drivers__bbram.dir/bbram_npcx.c.obj
[ovis:ro] [142/376] Linking C static library zephyr/drivers/interrupt_controller/libdrivers__interrupt_controller.a
[ovis:ro] [143/376] Building C object zephyr/drivers/clock_control/CMakeFiles/drivers__clock_control.dir/clock_control_npcx.c.obj
[ovis:rw] [162/376] Linking C static library zephyr/drivers/gpio/libdrivers__gpio.a
[ovis:ro] [144/376] Building C object zephyr/drivers/console/CMakeFiles/drivers__console.dir/uart_console.c.obj
[ovis:ro] [145/376] Linking C static library zephyr/drivers/bbram/libdrivers__bbram.a
[ovis:ro] [146/376] Linking C static library zephyr/drivers/clock_control/libdrivers__clock_control.a
[ovis:ro] [147/376] Linking C static library zephyr/drivers/console/libdrivers__console.a
[ovis:ro] [148/376] Building C object zephyr/drivers/adc/CMakeFiles/drivers__adc.dir/adc_npcx.c.obj
[ovis:ro] [149/376] Linking C static library zephyr/drivers/adc/libdrivers__adc.a
[ocelotrvp-mchp:ro] -- Board: mec172x, qualifiers: mec172x_nsz/mec1727
[ovis:rw] [163/376] Building C object zephyr/drivers/i2c/CMakeFiles/drivers__i2c.dir/i2c_shell.c.obj
[ovis:ro] [150/376] Building C object zephyr/drivers/eeprom/CMakeFiles/drivers__eeprom.dir/eeprom_shell.c.obj
[ocelotrvp-mchp:rw] -- Performing EC specific devicetree checks
[ovis:rw] [164/376] Building C object zephyr/drivers/i2c/CMakeFiles/drivers__i2c.dir/i2c_npcx_controller.c.obj
[ovis:rw] [165/376] Building C object zephyr/drivers/i2c/CMakeFiles/drivers__i2c.dir/i2c_npcx_controller_fifo.c.obj
[ovis:ro] [151/376] Building C object zephyr/drivers/flash/CMakeFiles/drivers__flash.dir/jesd216.c.obj
[ovis:rw] [166/376] Building C object zephyr/drivers/i2c/CMakeFiles/drivers__i2c.dir/i2c_npcx_port.c.obj
[ocelotrvp-mchp:rw] INFO: Verified 47 GPIOs, no duplicates found
[ocelotrvp-mchp:rw] INFO: Verified 87 '*-gpios' properties, all flags match.
[ovis:ro] [152/376] Building C object zephyr/drivers/espi/CMakeFiles/drivers__espi.dir/host_subs_npcx.c.obj
[ovis:ro] [153/376] Building C object zephyr/drivers/eeprom/CMakeFiles/drivers__eeprom.dir/eeprom_at2x.c.obj
[/mnt/host/source/src/platform/ec/build/zephyr/pujjoniru-lcov]   /mnt/host/source/src/platform/ec/build/zephyr/pujjoniru/build-ro/zephyr/CMakeFiles/zephyr.dir/soc/ite/ec/it8xxx2/check_regs.c.gcno:no functions found
[/mnt/host/source/src/platform/ec/build/zephyr/pujjoniru-lcov] stderr:
[ovis:rw] [167/376] Linking C static library zephyr/drivers/i2c/libdrivers__i2c.a
[ovis:ro] [154/376] Building C object zephyr/drivers/espi/CMakeFiles/drivers__espi.dir/espi_npcx.c.obj
[ovis:rw] [168/376] Building C object zephyr/drivers/pinctrl/CMakeFiles/drivers__pinctrl.dir/common.c.obj
[ovis:ro] [155/376] Linking C static library zephyr/drivers/eeprom/libdrivers__eeprom.a
[ovis:ro] [156/376] Linking C static library zephyr/drivers/espi/libdrivers__espi.a
[ovis:rw] [169/376] Building C object zephyr/drivers/sensor/CMakeFiles/drivers__sensor.dir/mnt/host/source/src/third_party/zephyr/main/misc/empty_file.c.obj
[ocelotrvp-mchp:rw] -- Generating component manifest file
[ovis:ro] [157/376] Building C object zephyr/drivers/flash/CMakeFiles/drivers__flash.dir/flash_npcx_fiu_nor.c.obj
[ovis:rw] [170/376] Linking C static library zephyr/drivers/sensor/libdrivers__sensor.a
[/mnt/host/source/src/platform/ec/build/zephyr/magikarp-lcov]   /mnt/host/source/src/platform/ec/build/zephyr/magikarp/build-rw/CMakeFiles/app.dir/mnt/host/source/src/platform/ec/build/zephyr/magikarp/modules/ec/common/usb_pd_pdo.c.gcno:no functions found
[/mnt/host/source/src/platform/ec/build/zephyr/magikarp-lcov] stderr:
[ovis:ro] [158/376] Building C object zephyr/drivers/flash/CMakeFiles/drivers__flash.dir/flash_npcx_fiu_qspi.c.obj
[ovis:rw] [171/376] Building C object zephyr/drivers/pinctrl/CMakeFiles/drivers__pinctrl.dir/pinctrl_npcx.c.obj
[ovis:ro] [159/376] Linking C static library zephyr/drivers/flash/libdrivers__flash.a
[ocelotrvp-mchp:rw] INFO: Skipped 4 named-gpios children.
[ocelotrvp-mchp:rw] INFO: Running CME, outputting to /mnt/host/source/src/platform/ec/build/zephyr/ocelotrvp-mchp/build-rw/zephyr/component_manifest.json
[ocelotrvp-mchp:rw] INFO: Project ocelotrvp-mchp does not support SSFC
[ocelotrvp-mchp:rw] INFO: No motionsense-sensor node found
[ovis:rw] [172/376] Building C object zephyr/drivers/pwm/CMakeFiles/drivers__pwm.dir/pwm_shell.c.obj
[ovis:rw] [173/376] Linking C static library zephyr/drivers/pinctrl/libdrivers__pinctrl.a
[ocelotrvp-mchp:rw] -- warning_base_override: -Wall;-Wformat;-Wformat-security;-Wformat;-Wno-format-zero-length;-Wno-pointer-sign;-Wpointer-arith;-Wexpansion-to-defined
[ovis:rw] [174/376] Building C object zephyr/drivers/pwm/CMakeFiles/drivers__pwm.dir/pwm_npcx.c.obj
[ovis:ro] [160/376] Building C object zephyr/drivers/i2c/CMakeFiles/drivers__i2c.dir/i2c_common.c.obj
[ovis:ro] [161/376] Building C object zephyr/drivers/gpio/CMakeFiles/drivers__gpio.dir/gpio_npcx.c.obj
[ovis:rw] [175/376] Linking C static library zephyr/drivers/pwm/libdrivers__pwm.a
[ovis:ro] [162/376] Linking C static library zephyr/drivers/gpio/libdrivers__gpio.a
[ovis:ro] [163/376] Building C object zephyr/drivers/i2c/CMakeFiles/drivers__i2c.dir/i2c_shell.c.obj
[ovis:ro] [164/376] Building C object zephyr/drivers/i2c/CMakeFiles/drivers__i2c.dir/i2c_npcx_controller.c.obj
[ocelotrvp-mchp:rw] -- Found gen_kobject_list: /mnt/host/source/src/third_party/zephyr/main/scripts/build/gen_kobject_list.py
[ovis:ro] [165/376] Building C object zephyr/drivers/i2c/CMakeFiles/drivers__i2c.dir/i2c_npcx_controller_fifo.c.obj
[ocelotrvp-mchp:rw] CMake Warning at /mnt/host/source/src/third_party/zephyr/main/CMakeLists.txt:1134 (message):
[ocelotrvp-mchp:rw]   No SOURCES given to Zephyr library: drivers__syscon
[ocelotrvp-mchp:rw]   Excluding target from build.
[ocelotrvp-mchp:rw] CMake Warning at /mnt/host/source/src/third_party/zephyr/main/CMakeLists.txt:2359 (message):
[ocelotrvp-mchp:rw]   __ASSERT() statements are globally ENABLED
[ovis:rw] [176/376] Building C object zephyr/drivers/sensor/nuvoton/nuvoton_tach_npcx/CMakeFiles/drivers__sensor__nuvoton__nuvoton_tach_npcx.dir/tach_nuvoton_npcx.c.obj
[ovis:ro] [166/376] Building C object zephyr/drivers/i2c/CMakeFiles/drivers__i2c.dir/i2c_npcx_port.c.obj
[ovis:rw] [177/376] Building C object zephyr/drivers/syscon/CMakeFiles/drivers__syscon.dir/syscon.c.obj
[ovis:ro] [167/376] Building C object zephyr/drivers/sensor/CMakeFiles/drivers__sensor.dir/mnt/host/source/src/third_party/zephyr/main/misc/empty_file.c.obj
[ovis:rw] [178/376] Linking C static library zephyr/drivers/sensor/nuvoton/nuvoton_tach_npcx/libdrivers__sensor__nuvoton__nuvoton_tach_npcx.a
[ovis:ro] [168/376] Linking C static library zephyr/drivers/i2c/libdrivers__i2c.a
[ovis:ro] [169/376] Building C object zephyr/drivers/pinctrl/CMakeFiles/drivers__pinctrl.dir/common.c.obj
[ocelotrvp-mchp:ro] -- Found Dtc: /usr/bin/dtc (found suitable version "1.6.0", minimum required is "1.4.6")
[ocelotrvp-mchp:rw] -- Configuring done (16.5s)
[ocelotrvp-mchp:ro] -- Found BOARD.dts: /mnt/host/source/src/platform/ec/zephyr/boards/google/mec172x/mec172x_mec172x_nsz_mec1727.dts
[ovis:ro] [170/376] Linking C static library zephyr/drivers/sensor/libdrivers__sensor.a
[ovis:rw] [179/376] Linking C static library zephyr/drivers/syscon/libdrivers__syscon.a
[ovis:rw] [180/376] Building C object zephyr/drivers/serial/CMakeFiles/drivers__serial.dir/uart_npcx.c.obj
[ovis:rw] [181/376] Building C object zephyr/drivers/timer/CMakeFiles/drivers__timer.dir/sys_clock_init.c.obj
[/mnt/host/source/src/platform/ec/build/zephyr/kinmen-ish-lcov]   /mnt/host/source/src/platform/ec/build/zephyr/kinmen-ish/build-singleimage/zephyr/CMakeFiles/zephyr.dir/subsys/shell/modules/kernel_service/kernel_shell.c.gcno:no functions found
[/mnt/host/source/src/platform/ec/build/zephyr/kinmen-ish-lcov] stderr:
[ovis:rw] [182/376] Linking C static library zephyr/drivers/serial/libdrivers__serial.a
[ovis:ro] [171/376] Building C object zephyr/drivers/pinctrl/CMakeFiles/drivers__pinctrl.dir/pinctrl_npcx.c.obj
[ovis:ro] [172/376] Linking C static library zephyr/drivers/pinctrl/libdrivers__pinctrl.a
[ovis:ro] [173/376] Building C object zephyr/drivers/pwm/CMakeFiles/drivers__pwm.dir/pwm_npcx.c.obj
[ovis:ro] [174/376] Building C object zephyr/drivers/pwm/CMakeFiles/drivers__pwm.dir/pwm_shell.c.obj
[ocelotrvp-mchp:rw] -- Generating done (0.5s)
[ocelotrvp-mchp:rw] CMake Warning:
[ocelotrvp-mchp:rw] -- Build files have been written to: /mnt/host/source/src/platform/ec/build/zephyr/ocelotrvp-mchp/build-rw
[ovis:ro] [175/376] Linking C static library zephyr/drivers/pwm/libdrivers__pwm.a
[ovis:ro] [176/376] Building C object zephyr/drivers/syscon/CMakeFiles/drivers__syscon.dir/syscon.c.obj
[ocelotrvp-mchp:rw]   Manually-specified variables were not used by the project:
[ocelotrvp-mchp:rw]     COREBOOT_SDK_ROOT_libstdcxx_riscv64
[ocelotrvp-mchp:rw]     COREBOOT_SDK_ROOT_libstdcxx_x86
[ocelotrvp-mchp:rw]     COREBOOT_SDK_ROOT_nds32
[ocelotrvp-mchp:rw]     COREBOOT_SDK_ROOT_picolibc_riscv64
[ocelotrvp-mchp:rw]     COREBOOT_SDK_ROOT_picolibc_x86
[ocelotrvp-mchp:rw]     COREBOOT_SDK_ROOT_riscv
[ocelotrvp-mchp:rw]     COREBOOT_SDK_ROOT_riscv64
[ocelotrvp-mchp:rw]     COREBOOT_SDK_ROOT_x86
[ovis:ro] [177/376] Linking C static library zephyr/drivers/syscon/libdrivers__syscon.a
[ovis:rw] [183/376] Building C object zephyr/drivers/watchdog/CMakeFiles/drivers__watchdog.dir/wdt_npcx.c.obj
[ovis:rw] [184/376] Building C object zephyr/drivers/timer/CMakeFiles/drivers__timer.dir/npcx_itim_timer.c.obj
[ovis:ro] [178/376] Building C object zephyr/drivers/serial/CMakeFiles/drivers__serial.dir/uart_npcx.c.obj
[ovis:ro] [179/376] Building C object zephyr/drivers/sensor/nuvoton/nuvoton_tach_npcx/CMakeFiles/drivers__sensor__nuvoton__nuvoton_tach_npcx.dir/tach_nuvoton_npcx.c.obj
[ovis:rw] [185/376] Building C object zephyr/drivers/watchdog/CMakeFiles/drivers__watchdog.dir/wdt_shell.c.obj
[ovis:rw] [186/376] Linking C static library zephyr/drivers/timer/libdrivers__timer.a
[ovis:ro] [180/376] Linking C static library zephyr/drivers/sensor/nuvoton/nuvoton_tach_npcx/libdrivers__sensor__nuvoton__nuvoton_tach_npcx.a
[ovis:ro] [181/376] Linking C static library zephyr/drivers/serial/libdrivers__serial.a
[ovis:ro] [182/376] Building C object zephyr/drivers/timer/CMakeFiles/drivers__timer.dir/sys_clock_init.c.obj
[ovis:rw] [187/376] Linking C static library zephyr/drivers/watchdog/libdrivers__watchdog.a
[ovis:ro] [183/376] Building C object zephyr/drivers/timer/CMakeFiles/drivers__timer.dir/npcx_itim_timer.c.obj
[ovis:rw] [188/376] Building C object modules/ec/zephyr/CMakeFiles/ec_shim.dir/app/ec/ec_app_main.c.obj
[ovis:ro] [184/376] Linking C static library zephyr/drivers/timer/libdrivers__timer.a
[ovis:ro] [185/376] Building C object zephyr/drivers/watchdog/CMakeFiles/drivers__watchdog.dir/wdt_npcx.c.obj
[ovis:ro] [186/376] Building C object zephyr/drivers/watchdog/CMakeFiles/drivers__watchdog.dir/wdt_shell.c.obj
[ovis:rw] [189/376] Building C object modules/ec/zephyr/CMakeFiles/ec_shim.dir/app/ec/main_shim.c.obj
[ovis:ro] [187/376] Linking C static library zephyr/drivers/watchdog/libdrivers__watchdog.a
[ovis:ro] [188/376] Building C object modules/ec/zephyr/CMakeFiles/ec_shim.dir/app/ec/main_shim.c.obj
[ovis:rw] [190/376] Building C object modules/ec/zephyr/CMakeFiles/ec_shim.dir/drivers/cros_flash/cros_flash_npcx.c.obj
[ocelotrvp-mchp:ro] -- Found devicetree overlay: /mnt/host/source/src/platform/ec/zephyr/program/ocelot/ocelotrvp-mchp/project.overlay
[ocelotrvp-mchp:ro] -- Generated zephyr.dts: /mnt/host/source/src/platform/ec/build/zephyr/ocelotrvp-mchp/build-ro/zephyr/zephyr.dts
[ocelotrvp-mchp:ro] -- Generated pickled edt: /mnt/host/source/src/platform/ec/build/zephyr/ocelotrvp-mchp/build-ro/zephyr/edt.pickle
[ovis:ro] [189/376] Building C object modules/ec/zephyr/CMakeFiles/ec_shim.dir/app/ec/ec_app_main.c.obj
[ovis:rw] [191/376] Building C object modules/ec/zephyr/CMakeFiles/ec_shim.dir/shim/chip/npcx/gpio.c.obj
[ovis:rw] [192/376] Building C object modules/ec/zephyr/CMakeFiles/ec_shim.dir/drivers/cros_system/cros_system_npcx.c.obj
[ovis:rw] [193/376] Building C object modules/ec/zephyr/CMakeFiles/ec_shim.dir/shim/chip/npcx/clock.c.obj
[ovis:ro] [190/376] Building C object modules/ec/zephyr/CMakeFiles/ec_shim.dir/drivers/cros_flash/cros_flash_npcx.c.obj
[ovis:ro] [191/376] Building C object modules/ec/zephyr/CMakeFiles/ec_shim.dir/shim/chip/npcx/clock.c.obj
[ovis:rw] [194/376] Building C object modules/ec/zephyr/CMakeFiles/ec_shim.dir/shim/chip/npcx/rom_chip.c.obj
[ovis:ro] [192/376] Building C object modules/ec/zephyr/CMakeFiles/ec_shim.dir/drivers/cros_system/cros_system_npcx.c.obj
[ocelotrvp-mchp:ro] -- Generated devicetree_generated.h: /mnt/host/source/src/platform/ec/build/zephyr/ocelotrvp-mchp/build-ro/zephyr/include/generated/zephyr/devicetree_generated.h
[ovis:ro] [193/376] Building C object modules/ec/zephyr/CMakeFiles/ec_shim.dir/shim/chip/npcx/rom_chip.c.obj
[ovis:ro] [194/376] Building C object modules/ec/zephyr/CMakeFiles/ec_shim.dir/shim/chip/npcx/gpio.c.obj
[ovis:rw] [195/376] Building C object modules/ec/zephyr/CMakeFiles/ec_shim.dir/shim/chip/npcx/system.c.obj
[ovis:rw] [196/376] Building C object modules/ec/zephyr/CMakeFiles/ec_shim.dir/shim/chip/npcx/power_policy.c.obj
[ovis:ro] [195/376] Building C object modules/ec/zephyr/CMakeFiles/ec_shim.dir/shim/chip/npcx/system.c.obj
[ovis:rw] [197/376] Building C object modules/ec/zephyr/CMakeFiles/ec_shim.dir/shim/chip/npcx/system_external_storage.c.obj
[ovis:rw] [198/376] Building C object modules/ec/zephyr/CMakeFiles/ec_shim.dir/shim/core/cortex-m/mpu.c.obj
[ovis:ro] [196/376] Building C object modules/ec/zephyr/CMakeFiles/ec_shim.dir/shim/chip/npcx/system_external_storage.c.obj
[ovis:rw] [199/376] Building C object modules/ec/zephyr/CMakeFiles/ec_shim.dir/shim/src/crc.c.obj
[ovis:rw] [200/376] Building C object modules/ec/zephyr/CMakeFiles/ec_shim.dir/shim/core/cortex-m/panic.c.obj
[ovis:ro] [197/376] Building C object modules/ec/zephyr/CMakeFiles/ec_shim.dir/shim/src/crc.c.obj
[ovis:ro] [198/376] Building C object modules/ec/zephyr/CMakeFiles/ec_shim.dir/shim/core/cortex-m/mpu.c.obj
[ovis:ro] [199/376] Building C object modules/ec/zephyr/CMakeFiles/ec_shim.dir/shim/chip/npcx/power_policy.c.obj
[ovis:ro] [200/376] Building C object modules/ec/zephyr/CMakeFiles/ec_shim.dir/shim/core/cortex-m/panic.c.obj
[ovis:rw] [201/376] Building C object modules/ec/zephyr/CMakeFiles/ec_shim.dir/shim/src/console.c.obj
[ovis:ro] [201/376] Building C object modules/ec/zephyr/CMakeFiles/ec_shim.dir/shim/src/console.c.obj
[/mnt/host/source/src/platform/ec/build/zephyr/kinmen-ish-lcov]   /mnt/host/source/src/platform/ec/build/zephyr/kinmen-ish/build-singleimage/zephyr/CMakeFiles/zephyr.dir/lib/libc/validate_libc.c.gcno:no functions found
[/mnt/host/source/src/platform/ec/build/zephyr/kinmen-ish-lcov] stderr:
[ocelotrvp-mchp:ro] /mnt/host/source/src/platform/ec/build/zephyr/ocelotrvp-mchp/build-ro/zephyr/zephyr.dts:3475.27-3480.5: Warning (unit_address_format): /it8801-mfd/gpiocr@0a: unit name should not have leading 0s
[ocelotrvp-mchp:ro] /mnt/host/source/src/platform/ec/build/zephyr/ocelotrvp-mchp/build-ro/zephyr/zephyr.dts:1376.31-1392.6: Warning (i2c_bus_reg): /soc/i2c@40004000/rvp-board-id: missing or empty reg property
[ocelotrvp-mchp:ro] /mnt/host/source/src/platform/ec/build/zephyr/ocelotrvp-mchp/build-ro/zephyr/zephyr.dts:3121.14-3130.5: Warning (gpios_property): /fans/fan0: Missing property '#gpio-cells' in node /named-gpios/fan-pwr-disable or bad phandle (referred from enable-gpio[0])
[ocelotrvp-mchp:ro] /mnt/host/source/src/platform/ec/build/zephyr/ocelotrvp-mchp/build-ro/zephyr/zephyr.dts:3121.14-3130.5: Warning (gpios_property): /fans/fan0: Missing property '#gpio-cells' in node /named-gpios/all-sys-pwrgd or bad phandle (referred from pgood-gpio[0])
[ovis:rw] [202/376] Building C object modules/ec/zephyr/CMakeFiles/ec_shim.dir/shim/src/panic_utils.c.obj
[ovis:ro] [202/376] Building C object modules/ec/zephyr/CMakeFiles/ec_shim.dir/shim/src/panic_utils.c.obj
[ovis:rw] [203/376] Building C object modules/ec/zephyr/CMakeFiles/ec_shim.dir/shim/src/gpio_int.c.obj
[ovis:rw] [204/376] Building C object modules/ec/zephyr/CMakeFiles/ec_shim.dir/shim/src/gpio.c.obj
[ovis:ro] [203/376] Building C object modules/ec/zephyr/CMakeFiles/ec_shim.dir/shim/src/gpio_int.c.obj
[ovis:rw] [205/376] Building C object modules/ec/zephyr/CMakeFiles/ec_shim.dir/shim/src/pm_state.c.obj
[ovis:ro] [204/376] Building C object modules/ec/zephyr/CMakeFiles/ec_shim.dir/shim/src/gpio.c.obj
[/mnt/host/source/src/platform/ec/build/zephyr/pujjoniru-lcov]   /mnt/host/source/src/platform/ec/build/zephyr/pujjoniru/build-ro/zephyr/drivers/sensor/CMakeFiles/drivers__sensor.dir/mnt/host/source/src/third_party/zephyr/main/misc/empty_file.c.gcno:no functions found
[/mnt/host/source/src/platform/ec/build/zephyr/pujjoniru-lcov] stderr:
[ovis:ro] [205/376] Building C object modules/ec/zephyr/CMakeFiles/ec_shim.dir/shim/src/pm_state.c.obj
[ovis:rw] [206/376] Building ASM object modules/ec/zephyr/CMakeFiles/ec_shim.dir/shim/src/libgcc_arm.S.obj
[ovis:ro] [206/376] Building ASM object modules/ec/zephyr/CMakeFiles/ec_shim.dir/shim/src/libgcc_arm.S.obj
[ovis:ro] [207/376] Building C object modules/ec/zephyr/CMakeFiles/ec_shim.dir/shim/src/cbi/cros_cbi.c.obj
[ovis:rw] [207/376] Building C object modules/ec/zephyr/CMakeFiles/ec_shim.dir/shim/src/cbi/cros_cbi.c.obj
[/mnt/host/source/src/platform/ec/build/zephyr/pujjoniru-lcov]   /mnt/host/source/src/platform/ec/build/zephyr/pujjoniru/build-rw/modules/ec/zephyr/CMakeFiles/ec_shim.dir/shim/src/thermal.c.gcno:no functions found
[/mnt/host/source/src/platform/ec/build/zephyr/pujjoniru-lcov] stderr:
[ovis:ro] [208/376] Building C object modules/ec/zephyr/CMakeFiles/ec_shim.dir/shim/src/cbi/cbi_eeprom.c.obj
[/mnt/host/source/src/platform/ec/build/zephyr/pujjoniru-lcov]   /mnt/host/source/src/platform/ec/build/zephyr/pujjoniru/build-rw/modules/ec/zephyr/CMakeFiles/ec_shim.dir/shim/src/battery.c.gcno:no functions found
[/mnt/host/source/src/platform/ec/build/zephyr/pujjoniru-lcov] stderr:
[ovis:rw] [208/376] Building C object modules/ec/zephyr/CMakeFiles/ec_shim.dir/shim/src/cbi/cbi_eeprom.c.obj
[ovis:rw] [209/376] Building C object modules/ec/zephyr/CMakeFiles/ec_shim.dir/shim/src/system.c.obj
[/mnt/host/source/src/platform/ec/build/zephyr/pujjoniru-lcov]   /mnt/host/source/src/platform/ec/build/zephyr/pujjoniru/build-rw/modules/ec/zephyr/CMakeFiles/ec_shim.dir/shim/src/charger.c.gcno:no functions found
[/mnt/host/source/src/platform/ec/build/zephyr/pujjoniru-lcov] stderr:
[ovis:ro] [209/376] Building C object modules/ec/zephyr/CMakeFiles/ec_shim.dir/shim/src/chipset_api.c.obj
[ovis:ro] [210/376] Building C object modules/ec/zephyr/CMakeFiles/ec_shim.dir/shim/src/system.c.obj
[ovis:rw] [210/376] Building C object modules/ec/zephyr/CMakeFiles/ec_shim.dir/shim/src/adc.c.obj
[ovis:ro] [211/376] Building C object modules/ec/zephyr/CMakeFiles/ec_shim.dir/shim/src/adc.c.obj
[ovis:rw] [211/376] Building C object modules/ec/zephyr/CMakeFiles/ec_shim.dir/shim/src/chipset_api.c.obj
[ovis:ro] [212/376] Building C object modules/ec/zephyr/CMakeFiles/ec_shim.dir/shim/src/espi.c.obj
[ovis:ro] [213/376] Building C object modules/ec/zephyr/CMakeFiles/ec_shim.dir/shim/src/fan.c.obj
[/mnt/host/source/src/platform/ec/build/zephyr/magikarp-lcov]   /mnt/host/source/src/platform/ec/build/zephyr/magikarp/build-rw/CMakeFiles/app.dir/mnt/host/source/src/platform/ec/build/zephyr/magikarp/modules/ec/common/cbi_config.c.gcno:no functions found
[/mnt/host/source/src/platform/ec/build/zephyr/magikarp-lcov] stderr:
[ovis:rw] [212/376] Building C object modules/ec/zephyr/CMakeFiles/ec_shim.dir/shim/src/espi.c.obj
[ovis:ro] [214/376] Building C object modules/ec/zephyr/CMakeFiles/ec_shim.dir/shim/src/flash.c.obj
[ovis:rw] [213/376] Building C object modules/ec/zephyr/CMakeFiles/ec_shim.dir/shim/src/flash.c.obj
[/mnt/host/source/src/platform/ec/build/zephyr/pujjoniru-lcov]   /mnt/host/source/src/platform/ec/build/zephyr/pujjoniru/build-rw/modules/ec/zephyr/CMakeFiles/ec_shim.dir/shim/src/usb_muxes.c.gcno:no functions found
[/mnt/host/source/src/platform/ec/build/zephyr/pujjoniru-lcov] stderr:
[ovis:ro] [215/376] Building C object modules/ec/zephyr/CMakeFiles/ec_shim.dir/shim/src/host_command.c.obj
[ovis:ro] [216/376] Building C object modules/ec/zephyr/CMakeFiles/ec_shim.dir/shim/src/console_buffer.c.obj
[ovis:rw] [214/376] Building C object modules/ec/zephyr/CMakeFiles/ec_shim.dir/shim/src/hooks.c.obj
[ovis:ro] [217/376] Building C object modules/ec/zephyr/CMakeFiles/ec_shim.dir/shim/src/hooks.c.obj
[ovis:rw] [215/376] Building C object modules/ec/zephyr/CMakeFiles/ec_shim.dir/shim/src/fan.c.obj
[ovis:rw] [216/376] Building C object modules/ec/zephyr/CMakeFiles/ec_shim.dir/shim/src/host_command.c.obj
[ovis:ro] [218/376] Building C object modules/ec/zephyr/CMakeFiles/ec_shim.dir/shim/src/mkbp_event.c.obj
[/mnt/host/source/src/platform/ec/build/zephyr/magikarp-lcov]   /mnt/host/source/src/platform/ec/build/zephyr/magikarp/build-rw/zephyr/arch/arch/riscv/core/CMakeFiles/arch__riscv__core.dir/cpu_idle.c.gcno:no functions found
[/mnt/host/source/src/platform/ec/build/zephyr/magikarp-lcov] stderr:
[ovis:ro] [219/376] Building C object modules/ec/zephyr/CMakeFiles/ec_shim.dir/shim/src/panic.c.obj
[ovis:rw] [217/376] Building C object modules/ec/zephyr/CMakeFiles/ec_shim.dir/shim/src/console_buffer.c.obj
[ocelotrvp-mchp:ro] warning: PM_DEVICE_SYSTEM_MANAGED (defined at soc/renesas/smartbond/da1469x/Kconfig.defconfig:45,
[ocelotrvp-mchp:ro] subsys/pm/Kconfig:202) was assigned the value 'y' but got the value 'n'. Check these unsatisfied
[ocelotrvp-mchp:ro] dependencies: ((SOC_SERIES_DA1469X && SOC_FAMILY_RENESAS_SMARTBOND) || PM_DEVICE) (=n). See
[ocelotrvp-mchp:ro] http://docs.zephyrproject.org/latest/kconfig.html#CONFIG_PM_DEVICE_SYSTEM_MANAGED and/or look up
[ocelotrvp-mchp:ro] PM_DEVICE_SYSTEM_MANAGED in the menuconfig/guiconfig interface. The Application Development Primer,
[ocelotrvp-mchp:ro] Setting Configuration Values, and Kconfig - Tips and Best Practices sections of the manual might be
[ocelotrvp-mchp:ro] helpful too.
[ocelotrvp-mchp:ro] warning: PLATFORM_EC_DSP_INIT_PRIORITY (defined at
[ocelotrvp-mchp:ro] /mnt/host/source/src/platform/ec/zephyr/drivers/dsp_comms/Kconfig:19) was assigned the value '80'
[ocelotrvp-mchp:ro] but got the value ''. Check these unsatisfied dependencies: PLATFORM_EC_DSP_COMMS (=n). See
[ocelotrvp-mchp:ro] http://docs.zephyrproject.org/latest/kconfig.html#CONFIG_PLATFORM_EC_DSP_INIT_PRIORITY and/or look
[ocelotrvp-mchp:ro] up PLATFORM_EC_DSP_INIT_PRIORITY in the menuconfig/guiconfig interface. The Application Development
[ocelotrvp-mchp:ro] Primer, Setting Configuration Values, and Kconfig - Tips and Best Practices sections of the manual
[ocelotrvp-mchp:ro] might be helpful too.
[ocelotrvp-mchp:ro] warning: PLATFORM_EC_DSP_RESPONSE_BUFFER_SIZE (defined at
[ocelotrvp-mchp:ro] /mnt/host/source/src/platform/ec/zephyr/drivers/dsp_comms/Kconfig:57) was assigned the value '128'
[ocelotrvp-mchp:ro] but got the value ''. Check these unsatisfied dependencies: PLATFORM_EC_DSP_COMMS (=n). See
[ocelotrvp-mchp:ro] http://docs.zephyrproject.org/latest/kconfig.html#CONFIG_PLATFORM_EC_DSP_RESPONSE_BUFFER_SIZE and/or
[ocelotrvp-mchp:ro] look up PLATFORM_EC_DSP_RESPONSE_BUFFER_SIZE in the menuconfig/guiconfig interface. The Application
[ocelotrvp-mchp:ro] Development Primer, Setting Configuration Values, and Kconfig - Tips and Best Practices sections of
[ocelotrvp-mchp:ro] the manual might be helpful too.
[ocelotrvp-mchp:ro] warning: PLATFORM_EC_KEYBOARD_KEYPAD (defined at
[ocelotrvp-mchp:ro] /mnt/host/source/src/platform/ec/zephyr/Kconfig.keyboard:120) was assigned the value 'y' but got the
[ocelotrvp-mchp:ro] value 'n'. Check these unsatisfied dependencies: PLATFORM_EC_KEYBOARD (=n). See
[ocelotrvp-mchp:ro] http://docs.zephyrproject.org/latest/kconfig.html#CONFIG_PLATFORM_EC_KEYBOARD_KEYPAD and/or look up
[ocelotrvp-mchp:ro] PLATFORM_EC_KEYBOARD_KEYPAD in the menuconfig/guiconfig interface. The Application Development
[ocelotrvp-mchp:ro] Primer, Setting Configuration Values, and Kconfig - Tips and Best Practices sections of the manual
[ocelotrvp-mchp:ro] might be helpful too.
[ocelotrvp-mchp:ro] warning: PLATFORM_EC_KEYBOARD_COLS (defined at
[ocelotrvp-mchp:ro] /mnt/host/source/src/platform/ec/zephyr/Kconfig.keyboard:127) was assigned the value '18' but got
[ocelotrvp-mchp:ro] the value ''. Check these unsatisfied dependencies: PLATFORM_EC_KEYBOARD (=n). See
[ocelotrvp-mchp:ro] http://docs.zephyrproject.org/latest/kconfig.html#CONFIG_PLATFORM_EC_KEYBOARD_COLS and/or look up
[ocelotrvp-mchp:ro] PLATFORM_EC_KEYBOARD_COLS in the menuconfig/guiconfig interface. The Application Development Primer,
[ocelotrvp-mchp:ro] Setting Configuration Values, and Kconfig - Tips and Best Practices sections of the manual might be
[ocelotrvp-mchp:ro] helpful too.
[ocelotrvp-mchp:ro] warning: PLATFORM_EC_KEYBOARD_CUSTOMIZATION (defined at
[ocelotrvp-mchp:ro] /mnt/host/source/src/platform/ec/zephyr/Kconfig.keyboard:134) was assigned the value 'y' but got the
[ocelotrvp-mchp:ro] value 'n'. Check these unsatisfied dependencies: PLATFORM_EC_KEYBOARD (=n). See
[ocelotrvp-mchp:ro] http://docs.zephyrproject.org/latest/kconfig.html#CONFIG_PLATFORM_EC_KEYBOARD_CUSTOMIZATION and/or
[ocelotrvp-mchp:ro] look up PLATFORM_EC_KEYBOARD_CUSTOMIZATION in the menuconfig/guiconfig interface. The Application
[ocelotrvp-mchp:ro] Development Primer, Setting Configuration Values, and Kconfig - Tips and Best Practices sections of
[ocelotrvp-mchp:ro] the manual might be helpful too.
[ovis:ro] [220/376] Building C object modules/ec/zephyr/CMakeFiles/ec_shim.dir/shim/src/temp_sensors.c.obj
[ovis:rw] [218/376] Building C object modules/ec/zephyr/CMakeFiles/ec_shim.dir/shim/src/mkbp_event.c.obj
[ovis:ro] [221/376] Building C object modules/ec/zephyr/CMakeFiles/ec_shim.dir/shim/src/thermal.c.obj
[ovis:ro] [222/376] Building C object modules/ec/zephyr/CMakeFiles/ec_shim.dir/shim/src/hwtimer.c.obj
[ovis:rw] [219/376] Building C object modules/ec/zephyr/CMakeFiles/ec_shim.dir/shim/src/panic.c.obj
[ovis:rw] [220/376] Building C object modules/ec/zephyr/CMakeFiles/ec_shim.dir/shim/src/thermal.c.obj
[ovis:ro] [223/376] Building C object modules/ec/zephyr/CMakeFiles/ec_shim.dir/shim/src/i2c.c.obj
[ovis:ro] [224/376] Building C object modules/ec/zephyr/CMakeFiles/ec_shim.dir/shim/src/tasks.c.obj
[ovis:rw] [221/376] Building C object modules/ec/zephyr/CMakeFiles/ec_shim.dir/shim/src/temp_sensors.c.obj
[ocelotrvp-mchp:ro] Parsing /mnt/host/source/src/platform/ec/zephyr/program/ocelot/Kconfig
[ovis:rw] [222/376] Building C object modules/ec/zephyr/CMakeFiles/ec_shim.dir/shim/src/hwtimer.c.obj
[/mnt/host/source/src/platform/ec/build/zephyr/kinmen-ish-lcov]   /mnt/host/source/src/platform/ec/build/zephyr/kinmen-ish/build-singleimage/zephyr/kernel/CMakeFiles/kernel.dir/errno.c.gcno:no functions found
[/mnt/host/source/src/platform/ec/build/zephyr/kinmen-ish-lcov] stderr:
[ovis:ro] [225/376] Building C object modules/ec/zephyr/CMakeFiles/ec_shim.dir/shim/src/watchdog.c.obj
[ovis:ro] [226/376] cd /mnt/host/source/src/platform/ec/build/zephyr/ovis/build-ro/modules/ec/zephyr && PYTHONPATH=/mnt/host/source/src/platform/ec/build/zephyr/ovis/modules/ec/zephyr/zmake/ /usr/bin/python3.11 /mnt/host/source/src/platform/ec/build/zephyr/ovis/modules/ec/zephyr/zmake/zephyr_build_tools/generate_ec_version.py /mnt/host/source/src/platform/ec/build/zephyr/ovis/build-ro/modules/ec/zephyr/include/ec_version.h --name Zephyr-Kernel --version 16543.0.0 --static
[ovis:ro] INFO:root:Using a static version string
[/mnt/host/source/src/platform/ec/build/zephyr/magikarp-lcov]   /mnt/host/source/src/platform/ec/build/zephyr/magikarp/build-rw/zephyr/arch/common/CMakeFiles/isr_tables.dir/isr_tables.c.gcno:no functions found
[/mnt/host/source/src/platform/ec/build/zephyr/magikarp-lcov] stderr:
[ovis:ro] INFO:root:Version string: Zephyr-Kernel-16543.0.0
[ovis:ro] INFO:root:Writing header to /mnt/host/source/src/platform/ec/build/zephyr/ovis/build-ro/modules/ec/zephyr/include/ec_version.h
[ovis:ro] [227/376] Building C object modules/ec/zephyr/CMakeFiles/ec_shim.dir/shim/src/ppc.c.obj
[ovis:rw] [223/376] Building C object modules/ec/zephyr/CMakeFiles/ec_shim.dir/shim/src/i2c.c.obj
[ovis:ro] [228/376] Building C object modules/ec/zephyr/CMakeFiles/ec_shim.dir/shim/src/power_host_sleep_api.c.obj
[ovis:ro] [229/376] Building C object modules/ec/zephyr/CMakeFiles/ec_shim.dir/shim/src/usba.c.obj
[/mnt/host/source/src/platform/ec/build/zephyr/pujjoniru-lcov]   /mnt/host/source/src/platform/ec/build/zephyr/pujjoniru/build-rw/modules/ec/zephyr/CMakeFiles/ec_shim.dir/shim/src/usba.c.gcno:no functions found
[/mnt/host/source/src/platform/ec/build/zephyr/pujjoniru-lcov] stderr:
[ovis:rw] [224/376] Building C object modules/ec/zephyr/CMakeFiles/ec_shim.dir/shim/src/watchdog.c.obj
[ovis:rw] [225/376] Building C object modules/ec/zephyr/CMakeFiles/ec_shim.dir/shim/src/tasks.c.obj
[ovis:rw] [226/376] Building C object modules/ec/zephyr/CMakeFiles/ec_shim.dir/shim/src/ppc.c.obj
[ovis:ro] [230/376] Building C object modules/ec/zephyr/CMakeFiles/ec_shim.dir/shim/src/usb_muxes.c.obj
[ovis:ro] [231/376] Building C object CMakeFiles/app.dir/mnt/host/source/src/platform/ec/zephyr/subsys/ap_pwrseq/ap_events.c.obj
[ocelotrvp-mchp:ro] Loaded configuration '/mnt/host/source/src/platform/ec/zephyr/boards/google/mec172x/mec172x_mec172x_nsz_mec1727_defconfig'
[ocelotrvp-mchp:ro] Merged configuration '/mnt/host/source/src/platform/ec/zephyr/program/ocelot/program.conf'
[ocelotrvp-mchp:ro] Merged configuration '/mnt/host/source/src/platform/ec/zephyr/program/ocelot/rvp_program.conf'
[ocelotrvp-mchp:ro] Merged configuration '/mnt/host/source/src/platform/ec/zephyr/program/ocelot/ocelotrvp-mchp/project.conf'
[ocelotrvp-mchp:ro] Merged configuration '/mnt/host/source/src/platform/ec/build/zephyr/ocelotrvp-mchp/kconfig-ro.conf'
[ocelotrvp-mchp:ro] Configuration saved to '/mnt/host/source/src/platform/ec/build/zephyr/ocelotrvp-mchp/build-ro/zephyr/.config'
[ocelotrvp-mchp:ro] Kconfig header saved to '/mnt/host/source/src/platform/ec/build/zephyr/ocelotrvp-mchp/build-ro/zephyr/include/generated/zephyr/autoconf.h'
[ocelotrvp-mchp:ro] -- Found GnuLd: /home/jpmurphy/.cache/coreboot-sdk/arm-eabi/ea40ddd1d190c3b48435c474c0b545719371813a/arm-eabi/bin/ld.bfd (found version "2.43.1")
[ovis:ro] [232/376] Building C object modules/ec/zephyr/CMakeFiles/ec_shim.dir/shim/src/bb_retimer_usb_mux.c.obj
[ovis:rw] [227/376] Building C object modules/ec/zephyr/CMakeFiles/ec_shim.dir/shim/src/usba.c.obj
[ovis:rw] [228/376] cd /mnt/host/source/src/platform/ec/build/zephyr/ovis/build-rw/modules/ec/zephyr && PYTHONPATH=/mnt/host/source/src/platform/ec/build/zephyr/ovis/modules/ec/zephyr/zmake/ /usr/bin/python3.11 /mnt/host/source/src/platform/ec/build/zephyr/ovis/modules/ec/zephyr/zmake/zephyr_build_tools/generate_ec_version.py /mnt/host/source/src/platform/ec/build/zephyr/ovis/build-rw/modules/ec/zephyr/include/ec_version.h --name Zephyr-Kernel --version 16543.0.0 --static
[ocelotrvp-mchp:ro] -- The C compiler identification is GNU 14.2.0
[ovis:ro] [233/376] Building C object CMakeFiles/app.dir/mnt/host/source/src/platform/ec/zephyr/subsys/ap_pwrseq/power_signals.c.obj
[ovis:ro] [234/376] Building C object CMakeFiles/app.dir/mnt/host/source/src/platform/ec/zephyr/subsys/ap_pwrseq/ap_power_interface.c.obj
[ocelotrvp-mchp:ro] -- The CXX compiler identification is GNU 14.2.0
[ovis:rw] INFO:root:Using a static version string
[ovis:rw] INFO:root:Version string: Zephyr-Kernel-16543.0.0
[ovis:rw] INFO:root:Writing header to /mnt/host/source/src/platform/ec/build/zephyr/ovis/build-rw/modules/ec/zephyr/include/ec_version.h
[ovis:rw] [229/376] Building C object modules/ec/zephyr/CMakeFiles/ec_shim.dir/shim/src/power_host_sleep_api.c.obj
[/mnt/host/source/src/platform/ec/build/zephyr/kinmen-ish-lcov]   /mnt/host/source/src/platform/ec/build/zephyr/kinmen-ish/build-singleimage/zephyr/lib/libc/picolibc/CMakeFiles/lib__libc__picolibc.dir/errno_wrap.c.gcno:no functions found
[/mnt/host/source/src/platform/ec/build/zephyr/kinmen-ish-lcov] stderr:
[ocelotrvp-mchp:ro] -- The ASM compiler identification is GNU
[ovis:ro] [235/376] Building C object CMakeFiles/app.dir/mnt/host/source/src/platform/ec/zephyr/subsys/ap_pwrseq/signal_gpio.c.obj
[ocelotrvp-mchp:ro] -- Found assembler: /home/jpmurphy/.cache/coreboot-sdk/arm-eabi/ea40ddd1d190c3b48435c474c0b545719371813a/bin/arm-eabi-gcc
[ocelotrvp-mchp:ro] warning: PLATFORM_EC_VOLUME_BUTTONS (defined at
[ocelotrvp-mchp:ro] /mnt/host/source/src/platform/ec/zephyr/Kconfig.keyboard:224) was assigned the value 'y' but got the
[ocelotrvp-mchp:ro] value 'n'. Check these unsatisfied dependencies: PLATFORM_EC_KEYBOARD (=n). See
[ocelotrvp-mchp:ro] http://docs.zephyrproject.org/latest/kconfig.html#CONFIG_PLATFORM_EC_VOLUME_BUTTONS and/or look up
[ocelotrvp-mchp:ro] PLATFORM_EC_VOLUME_BUTTONS in the menuconfig/guiconfig interface. The Application Development
[ocelotrvp-mchp:ro] Primer, Setting Configuration Values, and Kconfig - Tips and Best Practices sections of the manual
[ocelotrvp-mchp:ro] might be helpful too.
[ocelotrvp-mchp:ro] warning: PLATFORM_EC_CMD_BUTTON (defined at
[ocelotrvp-mchp:ro] /mnt/host/source/src/platform/ec/zephyr/Kconfig.keyboard:241) was assigned the value 'y' but got the
[ocelotrvp-mchp:ro] value 'n'. Check these unsatisfied dependencies: PLATFORM_EC_KEYBOARD (=n). See
[ocelotrvp-mchp:ro] http://docs.zephyrproject.org/latest/kconfig.html#CONFIG_PLATFORM_EC_CMD_BUTTON and/or look up
[ocelotrvp-mchp:ro] PLATFORM_EC_CMD_BUTTON in the menuconfig/guiconfig interface. The Application Development Primer,
[ocelotrvp-mchp:ro] Setting Configuration Values, and Kconfig - Tips and Best Practices sections of the manual might be
[ocelotrvp-mchp:ro] helpful too.
[ocelotrvp-mchp:ro] warning: PLATFORM_EC_KEYBOARD_STRAUSS (defined at
[ocelotrvp-mchp:ro] /mnt/host/source/src/platform/ec/zephyr/Kconfig.keyboard:309) was assigned the value 'y' but got the
[ocelotrvp-mchp:ro] value 'n'. Check these unsatisfied dependencies: PLATFORM_EC_KEYBOARD (=n). See
[ocelotrvp-mchp:ro] http://docs.zephyrproject.org/latest/kconfig.html#CONFIG_PLATFORM_EC_KEYBOARD_STRAUSS and/or look up
[ocelotrvp-mchp:ro] PLATFORM_EC_KEYBOARD_STRAUSS in the menuconfig/guiconfig interface. The Application Development
[ocelotrvp-mchp:ro] Primer, Setting Configuration Values, and Kconfig - Tips and Best Practices sections of the manual
[ocelotrvp-mchp:ro] might be helpful too.
[ocelotrvp-mchp:ro] warning: INPUT_EVENT_DUMP (defined at subsys/input/Kconfig:70) was assigned the value 'y' but got
[ocelotrvp-mchp:ro] the value 'n'. Check these unsatisfied dependencies: INPUT (=n). See
[ocelotrvp-mchp:ro] http://docs.zephyrproject.org/latest/kconfig.html#CONFIG_INPUT_EVENT_DUMP and/or look up
[ocelotrvp-mchp:ro] INPUT_EVENT_DUMP in the menuconfig/guiconfig interface. The Application Development Primer, Setting
[ocelotrvp-mchp:ro] Configuration Values, and Kconfig - Tips and Best Practices sections of the manual might be helpful
[ocelotrvp-mchp:ro] too.
[ocelotrvp-mchp:ro] warning: INPUT_SHELL (defined at subsys/input/Kconfig:77) was assigned the value 'y' but got the
[ocelotrvp-mchp:ro] value 'n'. Check these unsatisfied dependencies: INPUT (=n). See
[ocelotrvp-mchp:ro] http://docs.zephyrproject.org/latest/kconfig.html#CONFIG_INPUT_SHELL and/or look up INPUT_SHELL in
[ocelotrvp-mchp:ro] the menuconfig/guiconfig interface. The Application Development Primer, Setting Configuration
[ocelotrvp-mchp:ro] Values, and Kconfig - Tips and Best Practices sections of the manual might be helpful too.
[ocelotrvp-mchp:ro] warning: The choice symbol CROS_EC_KEYBOARD_INPUT (defined at
[ocelotrvp-mchp:ro] /mnt/host/source/src/platform/ec/zephyr/Kconfig.keyboard:45) was selected (set =y), but no symbol
[ocelotrvp-mchp:ro] ended up as the choice selection. See
[ocelotrvp-mchp:ro] http://docs.zephyrproject.org/latest/kconfig.html#CONFIG_CROS_EC_KEYBOARD_INPUT and/or look up
[ocelotrvp-mchp:ro] CROS_EC_KEYBOARD_INPUT in the menuconfig/guiconfig interface. The Application Development Primer,
[ocelotrvp-mchp:ro] Setting Configuration Values, and Kconfig - Tips and Best Practices sections of the manual might be
[ocelotrvp-mchp:ro] helpful too.
[ocelotrvp-mchp:ro] warning: The choice symbol PLATFORM_EC_KEYBOARD_PROTOCOL_8042 (defined at
[ocelotrvp-mchp:ro] /mnt/host/source/src/platform/ec/zephyr/Kconfig.keyboard:75) was selected (set =y), but no symbol
[ocelotrvp-mchp:ro] ended up as the choice selection. See
[ocelotrvp-mchp:ro] http://docs.zephyrproject.org/latest/kconfig.html#CONFIG_PLATFORM_EC_KEYBOARD_PROTOCOL_8042 and/or
[ocelotrvp-mchp:ro] look up PLATFORM_EC_KEYBOARD_PROTOCOL_8042 in the menuconfig/guiconfig interface. The Application
[ocelotrvp-mchp:ro] Development Primer, Setting Configuration Values, and Kconfig - Tips and Best Practices sections of
[ocelotrvp-mchp:ro] the manual might be helpful too.
[ocelotrvp-mchp:ro] warning: Deprecated symbol I2C_ALLOW_NO_STOP_TRANSACTIONS is enabled.
[ocelotrvp-mchp:ro] CMake Warning at /mnt/host/source/src/platform/ec/zephyr/cmake/linker/ld/linker_libraries.cmake:11 (message):
[ocelotrvp-mchp:ro]   Disabling c_library
[ovis:rw] [230/376] Building C object zephyr/kernel/CMakeFiles/kernel.dir/main_weak.c.obj
[ovis:rw] [231/376] Building C object modules/ec/zephyr/CMakeFiles/ec_shim.dir/shim/src/bb_retimer_usb_mux.c.obj
[ovis:rw] [232/376] Building C object modules/ec/zephyr/CMakeFiles/ec_shim.dir/shim/src/usb_muxes.c.obj
[ovis:ro] [236/376] Building C object CMakeFiles/app.dir/mnt/host/source/src/platform/ec/zephyr/subsys/ap_pwrseq/signal_vw.c.obj
[ovis:rw] [233/376] Building C object CMakeFiles/app.dir/mnt/host/source/src/platform/ec/zephyr/subsys/ap_pwrseq/ap_events.c.obj
[ovis:ro] [237/376] Building C object CMakeFiles/app.dir/mnt/host/source/src/platform/ec/zephyr/subsys/ap_pwrseq/power_host_sleep.c.obj
[ovis:ro] [238/376] Building C object CMakeFiles/app.dir/mnt/host/source/src/platform/ec/zephyr/subsys/ap_pwrseq/x86_non_dsx_common_pwrseq_sm_handler.c.obj
[ovis:ro] [239/376] Building C object CMakeFiles/app.dir/mnt/host/source/src/platform/ec/zephyr/subsys/ap_pwrseq/x86_non_dsx_chipset_power_state.c.obj
[ovis:ro] [240/376] Building C object CMakeFiles/app.dir/mnt/host/source/src/platform/ec/zephyr/subsys/ap_pwrseq/x86_non_dsx_common_pwrseq_host_sleep.c.obj
[ocelotrvp-mchp:ro] -- Performing EC specific devicetree checks
[ovis:rw] [234/376] Building C object CMakeFiles/app.dir/mnt/host/source/src/platform/ec/zephyr/subsys/ap_pwrseq/ap_power_interface.c.obj
[ovis:ro] [241/376] Building C object CMakeFiles/app.dir/mnt/host/source/src/platform/ec/zephyr/subsys/ap_pwrseq/x86_non_dsx_common_pwrseq_console.c.obj
[ovis:rw] [235/376] Building C object CMakeFiles/app.dir/mnt/host/source/src/platform/ec/zephyr/subsys/ap_pwrseq/power_signals.c.obj
[ocelotrvp-mchp:ro] Call Stack (most recent call first):
[ocelotrvp-mchp:ro]   /mnt/host/source/src/third_party/zephyr/main/cmake/target_toolchain_flags.cmake:48 (include)
[ocelotrvp-mchp:ro]   /mnt/host/source/src/third_party/zephyr/main/cmake/modules/kernel.cmake:153 (include)
[ocelotrvp-mchp:ro]   /mnt/host/source/src/third_party/zephyr/main/cmake/modules/zephyr_default.cmake:138 (include)
[ocelotrvp-mchp:ro]   /mnt/host/source/src/third_party/zephyr/main/share/zephyr-package/cmake/ZephyrConfig.cmake:66 (include)
[ocelotrvp-mchp:ro]   /mnt/host/source/src/third_party/zephyr/main/share/zephyr-package/cmake/ZephyrConfig.cmake:97 (include_boilerplate)
[ocelotrvp-mchp:ro]   CMakeLists.txt:7 (find_package)
[ocelotrvp-mchp:ro] INFO: Verified 47 GPIOs, no duplicates found
[ocelotrvp-mchp:ro] INFO: Verified 87 '*-gpios' properties, all flags match.
[ocelotrvp-mchp:ro] INFO: Skipped 4 named-gpios children.
[ovis:rw] [236/376] Building C object CMakeFiles/app.dir/mnt/host/source/src/platform/ec/zephyr/subsys/ap_pwrseq/power_host_sleep.c.obj
[ovis:ro] [242/376] Building C object CMakeFiles/app.dir/mnt/host/source/src/platform/ec/zephyr/subsys/ap_pwrseq/x86_non_dsx_common_pwrseq_host_command.c.obj
[ovis:rw] [237/376] Building C object CMakeFiles/app.dir/mnt/host/source/src/platform/ec/zephyr/subsys/ap_pwrseq/signal_vw.c.obj
[ovis:rw] [238/376] Building C object CMakeFiles/app.dir/mnt/host/source/src/platform/ec/zephyr/subsys/ap_pwrseq/signal_gpio.c.obj
[ovis:ro] [243/376] Building C object CMakeFiles/app.dir/mnt/host/source/src/platform/ec/zephyr/subsys/ap_pwrseq/ap_reset_log.c.obj
[ocelotrvp-mchp:ro] -- Generating component manifest file
[ovis:ro] [244/376] Building C object CMakeFiles/app.dir/mnt/host/source/src/platform/ec/zephyr/subsys/ap_pwrseq/x86_non_dsx_mtl_pwrseq_sm.c.obj
[ovis:ro] [245/376] Building C object CMakeFiles/app.dir/mnt/host/source/src/platform/ec/build/zephyr/ovis/modules/ec/builtin/stdlib.c.obj
[ocelotrvp-mchp:ro] INFO: Running CME, outputting to /mnt/host/source/src/platform/ec/build/zephyr/ocelotrvp-mchp/build-ro/zephyr/component_manifest.json
[ovis:ro] [246/376] Building C object CMakeFiles/app.dir/mnt/host/source/src/platform/ec/build/zephyr/ovis/modules/ec/common/base32.c.obj
[ocelotrvp-mchp:ro] -- warning_base_override: -Wall;-Wformat;-Wformat-security;-Wformat;-Wno-format-zero-length;-Wno-pointer-sign;-Wpointer-arith;-Wexpansion-to-defined
[ovis:rw] [239/376] Building C object CMakeFiles/app.dir/mnt/host/source/src/platform/ec/zephyr/subsys/ap_pwrseq/x86_non_dsx_common_pwrseq_sm_handler.c.obj
[/mnt/host/source/src/platform/ec/build/zephyr/pujjoniru-lcov]   /mnt/host/source/src/platform/ec/build/zephyr/pujjoniru/build-rw/modules/ec/zephyr/CMakeFiles/ec_shim.dir/drivers/keyboard_input/keyboard_customization_check.c.gcno:no functions found
[/mnt/host/source/src/platform/ec/build/zephyr/pujjoniru-lcov] stderr:
[ovis:ro] [247/376] Building C object CMakeFiles/app.dir/mnt/host/source/src/platform/ec/build/zephyr/ovis/modules/ec/common/console_output.c.obj
[ocelotrvp-mchp:ro] -- Found gen_kobject_list: /mnt/host/source/src/third_party/zephyr/main/scripts/build/gen_kobject_list.py
[ovis:ro] [248/376] Building C object CMakeFiles/app.dir/mnt/host/source/src/platform/ec/build/zephyr/ovis/modules/ec/common/ec_features.c.obj
[ovis:rw] [240/376] Building C object CMakeFiles/app.dir/mnt/host/source/src/platform/ec/zephyr/subsys/ap_pwrseq/x86_non_dsx_common_pwrseq_host_sleep.c.obj
[ovis:rw] [241/376] Building C object CMakeFiles/app.dir/mnt/host/source/src/platform/ec/zephyr/subsys/ap_pwrseq/x86_non_dsx_chipset_power_state.c.obj
[ovis:rw] [242/376] Building C object CMakeFiles/app.dir/mnt/host/source/src/platform/ec/zephyr/subsys/ap_pwrseq/x86_non_dsx_common_pwrseq_console.c.obj
[ocelotrvp-mchp:ro] INFO: Project ocelotrvp-mchp does not support SSFC
[ocelotrvp-mchp:ro] INFO: No motionsense-sensor node found
[ocelotrvp-mchp:ro] CMake Warning at /mnt/host/source/src/third_party/zephyr/main/CMakeLists.txt:1134 (message):
[ocelotrvp-mchp:ro]   No SOURCES given to Zephyr library: drivers__syscon
[ocelotrvp-mchp:ro]   Excluding target from build.
[ocelotrvp-mchp:ro] CMake Warning at /mnt/host/source/src/third_party/zephyr/main/CMakeLists.txt:2359 (message):
[ocelotrvp-mchp:ro]   __ASSERT() statements are globally ENABLED
[ovis:rw] [243/376] Building C object CMakeFiles/app.dir/mnt/host/source/src/platform/ec/zephyr/subsys/ap_pwrseq/x86_non_dsx_common_pwrseq_host_command.c.obj
[ovis:ro] [249/376] Building C object CMakeFiles/app.dir/mnt/host/source/src/platform/ec/build/zephyr/ovis/modules/ec/common/gpio_commands.c.obj
[ovis:ro] [250/376] Building C object CMakeFiles/app.dir/mnt/host/source/src/platform/ec/build/zephyr/ovis/modules/ec/common/printf.c.obj
[ocelotrvp-mchp:ro] -- Configuring done (15.4s)
[/mnt/host/source/src/platform/ec/build/zephyr/skywalker-lcov]   /mnt/host/source/src/platform/ec/build/zephyr/skywalker/build-rw/zephyr/CMakeFiles/zephyr.dir/soc/nuvoton/npcx/common/npcxn/registers.c.gcno:no functions found
[/mnt/host/source/src/platform/ec/build/zephyr/skywalker-lcov] Filter suppressions 'region':
[/mnt/host/source/src/platform/ec/build/zephyr/kinmen-ish-lcov]   /mnt/host/source/src/platform/ec/build/zephyr/kinmen-ish/build-singleimage/zephyr/drivers/syscon/CMakeFiles/drivers__syscon.dir/mnt/host/source/src/third_party/zephyr/main/misc/empty_file.c.gcno:no functions found
[/mnt/host/source/src/platform/ec/build/zephyr/kinmen-ish-lcov] Filter suppressions 'region':
[/mnt/host/source/src/platform/ec/build/zephyr/skywalker-lcov]     40 instances
[/mnt/host/source/src/platform/ec/build/zephyr/skywalker-lcov]     28 coverpoints
[/mnt/host/source/src/platform/ec/build/zephyr/skywalker-lcov] Message summary:
[/mnt/host/source/src/platform/ec/build/zephyr/skywalker-lcov]   25 ignore messages:
[/mnt/host/source/src/platform/ec/build/zephyr/skywalker-lcov]     gcov: 25
[ovis:ro] [251/376] Building C object CMakeFiles/app.dir/mnt/host/source/src/platform/ec/build/zephyr/ovis/modules/ec/common/peripheral.c.obj
[/mnt/host/source/src/platform/ec/build/zephyr/kinmen-ish-lcov]     21 instances
[/mnt/host/source/src/platform/ec/build/zephyr/kinmen-ish-lcov]     18 coverpoints
[/mnt/host/source/src/platform/ec/build/zephyr/kinmen-ish-lcov] Message summary:
[/mnt/host/source/src/platform/ec/build/zephyr/kinmen-ish-lcov]   1 warning message:
[/mnt/host/source/src/platform/ec/build/zephyr/kinmen-ish-lcov]     format: 1
[/mnt/host/source/src/platform/ec/build/zephyr/kinmen-ish-lcov]   10 ignore messages:
[/mnt/host/source/src/platform/ec/build/zephyr/kinmen-ish-lcov]     gcov: 10
[ovis:ro] [252/376] Building C object CMakeFiles/app.dir/mnt/host/source/src/platform/ec/build/zephyr/ovis/modules/ec/common/queue.c.obj
[ovis:rw] [244/376] Building C object CMakeFiles/app.dir/mnt/host/source/src/platform/ec/zephyr/subsys/ap_pwrseq/x86_non_dsx_mtl_pwrseq_sm.c.obj
[ocelotrvp-mchp:ro] -- Generating done (0.5s)
[ocelotrvp-mchp:ro] CMake Warning:
[ocelotrvp-mchp:ro] -- Build files have been written to: /mnt/host/source/src/platform/ec/build/zephyr/ocelotrvp-mchp/build-ro
[ovis:rw] [245/376] Building C object CMakeFiles/app.dir/mnt/host/source/src/platform/ec/zephyr/subsys/ap_pwrseq/ap_reset_log.c.obj
[ovis:ro] [253/376] Building C object CMakeFiles/app.dir/mnt/host/source/src/platform/ec/build/zephyr/ovis/modules/ec/common/system_boot_time.c.obj
[ovis:ro] [254/376] Building C object CMakeFiles/app.dir/mnt/host/source/src/platform/ec/build/zephyr/ovis/modules/ec/common/uart_printf.c.obj
[ovis:rw] [246/376] Building C object CMakeFiles/app.dir/mnt/host/source/src/platform/ec/build/zephyr/ovis/modules/ec/common/base32.c.obj
[ovis:ro] [255/376] Building C object CMakeFiles/app.dir/mnt/host/source/src/platform/ec/build/zephyr/ovis/modules/ec/common/system.c.obj
[/mnt/host/source/src/platform/ec/build/zephyr/magikarp-lcov]   /mnt/host/source/src/platform/ec/build/zephyr/magikarp/build-rw/zephyr/CMakeFiles/zephyr.dir/subsys/shell/modules/kernel_service/kernel_shell.c.gcno:no functions found
[/mnt/host/source/src/platform/ec/build/zephyr/magikarp-lcov] stderr:
[ovis:rw] [247/376] Building C object CMakeFiles/app.dir/mnt/host/source/src/platform/ec/build/zephyr/ovis/modules/ec/builtin/stdlib.c.obj
[ovis:ro] [256/376] Building C object CMakeFiles/app.dir/mnt/host/source/src/platform/ec/build/zephyr/ovis/modules/ec/common/util.c.obj
[ovis:rw] [248/376] Building C object CMakeFiles/app.dir/mnt/host/source/src/platform/ec/build/zephyr/ovis/modules/ec/common/console_output.c.obj
[ocelotrvp-mchp:ro]   Manually-specified variables were not used by the project:
[ocelotrvp-mchp:ro]     COREBOOT_SDK_ROOT_libstdcxx_riscv64
[ocelotrvp-mchp:ro]     COREBOOT_SDK_ROOT_libstdcxx_x86
[ocelotrvp-mchp:ro]     COREBOOT_SDK_ROOT_nds32
[ocelotrvp-mchp:ro]     COREBOOT_SDK_ROOT_picolibc_riscv64
[ocelotrvp-mchp:ro]     COREBOOT_SDK_ROOT_picolibc_x86
[ocelotrvp-mchp:ro]     COREBOOT_SDK_ROOT_riscv
[ocelotrvp-mchp:ro]     COREBOOT_SDK_ROOT_riscv64
[ocelotrvp-mchp:ro]     COREBOOT_SDK_ROOT_x86
[ovis:ro] [257/376] Building C object CMakeFiles/app.dir/mnt/host/source/src/platform/ec/build/zephyr/ovis/modules/ec/common/power_button_x86.c.obj
[/mnt/host/source/src/platform/ec/build/zephyr/magikarp-lcov]   /mnt/host/source/src/platform/ec/build/zephyr/magikarp/build-rw/zephyr/CMakeFiles/zephyr.dir/lib/libc/validate_libc.c.gcno:no functions found
[/mnt/host/source/src/platform/ec/build/zephyr/magikarp-lcov] stderr:
[ovis:rw] [249/376] Building C object CMakeFiles/app.dir/mnt/host/source/src/platform/ec/build/zephyr/ovis/modules/ec/common/ec_features.c.obj
[ovis:ro] [258/376] Building C object CMakeFiles/app.dir/mnt/host/source/src/platform/ec/build/zephyr/ovis/modules/ec/common/version.c.obj
[ovis:ro] [259/376] Building C object CMakeFiles/app.dir/mnt/host/source/src/platform/ec/build/zephyr/ovis/modules/ec/common/adc.c.obj
[ovis:rw] [250/376] Building C object CMakeFiles/app.dir/mnt/host/source/src/platform/ec/build/zephyr/ovis/modules/ec/common/peripheral.c.obj
[ovis:rw] [251/376] Building C object CMakeFiles/app.dir/mnt/host/source/src/platform/ec/build/zephyr/ovis/modules/ec/common/gpio_commands.c.obj
[ovis:ro] [260/376] Building C object CMakeFiles/app.dir/mnt/host/source/src/platform/ec/build/zephyr/ovis/modules/ec/common/cbi_common.c.obj
[ovis:ro] [261/376] Building C object CMakeFiles/app.dir/mnt/host/source/src/platform/ec/build/zephyr/ovis/modules/ec/common/acpi.c.obj
[ovis:ro] [262/376] Building C object CMakeFiles/app.dir/mnt/host/source/src/platform/ec/build/zephyr/ovis/modules/ec/common/cbi_config.c.obj
[ovis:ro] [263/376] Building C object CMakeFiles/app.dir/mnt/host/source/src/platform/ec/build/zephyr/ovis/modules/ec/common/cbi.c.obj
[ovis:rw] [252/376] Building C object CMakeFiles/app.dir/mnt/host/source/src/platform/ec/build/zephyr/ovis/modules/ec/common/system_boot_time.c.obj
[ovis:rw] [253/376] Building C object CMakeFiles/app.dir/mnt/host/source/src/platform/ec/build/zephyr/ovis/modules/ec/common/printf.c.obj
[ovis:rw] [254/376] Building C object CMakeFiles/app.dir/mnt/host/source/src/platform/ec/build/zephyr/ovis/modules/ec/common/queue.c.obj
[ovis:rw] [255/376] Building C object CMakeFiles/app.dir/mnt/host/source/src/platform/ec/build/zephyr/ovis/modules/ec/common/uart_printf.c.obj
[ovis:rw] [256/376] Building C object CMakeFiles/app.dir/mnt/host/source/src/platform/ec/build/zephyr/ovis/modules/ec/common/system.c.obj
[ovis:ro] [264/376] Building C object CMakeFiles/app.dir/mnt/host/source/src/platform/ec/build/zephyr/ovis/modules/ec/common/ap_reset_log.c.obj
[ovis:ro] [265/376] Building C object CMakeFiles/app.dir/mnt/host/source/src/platform/ec/build/zephyr/ovis/modules/ec/common/memory_commands.c.obj
[ovis:ro] [266/376] Building C object CMakeFiles/app.dir/mnt/host/source/src/platform/ec/build/zephyr/ovis/modules/ec/common/dptf.c.obj
[ovis:rw] [257/376] Building C object CMakeFiles/app.dir/mnt/host/source/src/platform/ec/build/zephyr/ovis/modules/ec/common/version.c.obj
[ovis:rw] [258/376] Building C object CMakeFiles/app.dir/mnt/host/source/src/platform/ec/build/zephyr/ovis/modules/ec/common/util.c.obj
[/mnt/host/source/src/platform/ec/build/zephyr/magikarp-lcov]   /mnt/host/source/src/platform/ec/build/zephyr/magikarp/build-rw/zephyr/CMakeFiles/zephyr.dir/lib/utils/last_section_id.c.gcno:no functions found
[/mnt/host/source/src/platform/ec/build/zephyr/magikarp-lcov] stderr:
[ovis:ro] [267/376] Building C object CMakeFiles/app.dir/mnt/host/source/src/platform/ec/build/zephyr/ovis/modules/ec/common/espi.c.obj
[ovis:ro] [268/376] Building C object CMakeFiles/app.dir/mnt/host/source/src/platform/ec/build/zephyr/ovis/modules/ec/common/extpower_gpio.c.obj
[ovis:ro] [269/376] Building C object CMakeFiles/app.dir/mnt/host/source/src/platform/ec/build/zephyr/ovis/modules/ec/common/extpower_common.c.obj
[ovis:rw] [259/376] Building C object CMakeFiles/app.dir/mnt/host/source/src/platform/ec/build/zephyr/ovis/modules/ec/common/power_button_x86.c.obj
[ovis:rw] [260/376] Building C object CMakeFiles/app.dir/mnt/host/source/src/platform/ec/build/zephyr/ovis/modules/ec/common/adc.c.obj
[ovis:ro] [270/376] Building C object CMakeFiles/app.dir/mnt/host/source/src/platform/ec/build/zephyr/ovis/modules/ec/common/fan.c.obj
[ovis:rw] [261/376] Building C object CMakeFiles/app.dir/mnt/host/source/src/platform/ec/build/zephyr/ovis/modules/ec/common/acpi.c.obj
[ovis:rw] [262/376] Building C object CMakeFiles/app.dir/mnt/host/source/src/platform/ec/build/zephyr/ovis/modules/ec/common/cbi.c.obj
[ovis:rw] [263/376] Building C object CMakeFiles/app.dir/mnt/host/source/src/platform/ec/build/zephyr/ovis/modules/ec/common/cbi_common.c.obj
[ovis:ro] [271/376] Building C object CMakeFiles/app.dir/mnt/host/source/src/platform/ec/build/zephyr/ovis/modules/ec/common/host_command.c.obj
[ovis:ro] [272/376] Building C object CMakeFiles/app.dir/mnt/host/source/src/platform/ec/build/zephyr/ovis/modules/ec/common/flash.c.obj
[ovis:ro] [273/376] Building C object CMakeFiles/app.dir/mnt/host/source/src/platform/ec/build/zephyr/ovis/modules/ec/common/host_command_task.c.obj
[ovis:rw] [264/376] Building C object CMakeFiles/app.dir/mnt/host/source/src/platform/ec/build/zephyr/ovis/modules/ec/common/cbi_config.c.obj
[ovis:rw] [265/376] Building C object CMakeFiles/app.dir/mnt/host/source/src/platform/ec/build/zephyr/ovis/modules/ec/common/memory_commands.c.obj
[ovis:ro] [274/376] Building C object CMakeFiles/app.dir/mnt/host/source/src/platform/ec/build/zephyr/ovis/modules/ec/common/host_event_commands.c.obj
[ovis:ro] [275/376] Building C object CMakeFiles/app.dir/mnt/host/source/src/platform/ec/build/zephyr/ovis/modules/ec/common/uart_hostcmd.c.obj
[ovis:ro] [276/376] Building C object CMakeFiles/app.dir/mnt/host/source/src/platform/ec/build/zephyr/ovis/modules/ec/common/uptime.c.obj
[ovis:rw] [266/376] Building C object CMakeFiles/app.dir/mnt/host/source/src/platform/ec/build/zephyr/ovis/modules/ec/common/dptf.c.obj
[ovis:rw] [267/376] Building C object CMakeFiles/app.dir/mnt/host/source/src/platform/ec/build/zephyr/ovis/modules/ec/common/ap_reset_log.c.obj
[ovis:rw] [268/376] Building C object CMakeFiles/app.dir/mnt/host/source/src/platform/ec/build/zephyr/ovis/modules/ec/common/espi.c.obj
[ovis:ro] [277/376] Building C object CMakeFiles/app.dir/mnt/host/source/src/platform/ec/build/zephyr/ovis/modules/ec/common/i2c_controller.c.obj
[ovis:rw] [269/376] Building C object CMakeFiles/app.dir/mnt/host/source/src/platform/ec/build/zephyr/ovis/modules/ec/common/extpower_gpio.c.obj
[ovis:rw] [270/376] Building C object CMakeFiles/app.dir/mnt/host/source/src/platform/ec/build/zephyr/ovis/modules/ec/common/extpower_common.c.obj
[ovis:ro] [278/376] Building C object CMakeFiles/app.dir/mnt/host/source/src/platform/ec/build/zephyr/ovis/modules/ec/common/i2c_passthru.c.obj
[ovis:ro] [279/376] Building C object CMakeFiles/app.dir/mnt/host/source/src/platform/ec/build/zephyr/ovis/modules/ec/common/mkbp_fifo.c.obj
[ovis:ro] [280/376] Building C object CMakeFiles/app.dir/mnt/host/source/src/platform/ec/build/zephyr/ovis/modules/ec/common/mkbp_info.c.obj
[ovis:rw] [271/376] Building C object CMakeFiles/app.dir/mnt/host/source/src/platform/ec/build/zephyr/ovis/modules/ec/common/fan.c.obj
[ovis:rw] [272/376] Building C object CMakeFiles/app.dir/mnt/host/source/src/platform/ec/build/zephyr/ovis/modules/ec/common/flash.c.obj
[ovis:ro] [281/376] Building C object CMakeFiles/app.dir/mnt/host/source/src/platform/ec/build/zephyr/ovis/modules/ec/common/mkbp_input_devices.c.obj
[ovis:ro] [282/376] Building C object CMakeFiles/app.dir/mnt/host/source/src/platform/ec/build/zephyr/ovis/modules/ec/common/mkbp_event.c.obj
[ovis:ro] [283/376] Building C object CMakeFiles/app.dir/mnt/host/source/src/platform/ec/build/zephyr/ovis/modules/ec/common/port80.c.obj
[ovis:rw] [273/376] Building C object CMakeFiles/app.dir/mnt/host/source/src/platform/ec/build/zephyr/ovis/modules/ec/common/host_command.c.obj
[ovis:rw] [274/376] Building C object CMakeFiles/app.dir/mnt/host/source/src/platform/ec/build/zephyr/ovis/modules/ec/common/host_command_task.c.obj
[ovis:rw] [275/376] Building C object CMakeFiles/app.dir/mnt/host/source/src/platform/ec/build/zephyr/ovis/modules/ec/common/host_event_commands.c.obj
[ovis:ro] [284/376] Building C object CMakeFiles/app.dir/mnt/host/source/src/platform/ec/build/zephyr/ovis/modules/ec/common/power_button.c.obj
[ovis:ro] [285/376] Building C object CMakeFiles/app.dir/mnt/host/source/src/platform/ec/build/zephyr/ovis/modules/ec/common/sha256.c.obj
[ovis:rw] [276/376] Building C object CMakeFiles/app.dir/mnt/host/source/src/platform/ec/build/zephyr/ovis/modules/ec/common/uart_hostcmd.c.obj
[ovis:rw] [277/376] Building C object CMakeFiles/app.dir/mnt/host/source/src/platform/ec/build/zephyr/ovis/modules/ec/common/uptime.c.obj
[ovis:ro] [286/376] Building C object CMakeFiles/app.dir/mnt/host/source/src/platform/ec/build/zephyr/ovis/modules/ec/power/hibernate.c.obj
[ovis:ro] [287/376] Building C object CMakeFiles/app.dir/mnt/host/source/src/platform/ec/build/zephyr/ovis/modules/ec/common/panic_output.c.obj
[ovis:rw] [278/376] Building C object CMakeFiles/app.dir/mnt/host/source/src/platform/ec/build/zephyr/ovis/modules/ec/common/i2c_controller.c.obj
[ovis:ro] [288/376] Building C object CMakeFiles/app.dir/mnt/host/source/src/platform/ec/build/zephyr/ovis/modules/ec/common/shared_mem.c.obj
[ovis:rw] [279/376] Building C object CMakeFiles/app.dir/mnt/host/source/src/platform/ec/build/zephyr/ovis/modules/ec/common/i2c_passthru.c.obj
[ovis:ro] [289/376] Building C object CMakeFiles/app.dir/mnt/host/source/src/platform/ec/build/zephyr/ovis/modules/ec/common/spi_flash_reg.c.obj
[ovis:ro] [290/376] Building C object CMakeFiles/app.dir/mnt/host/source/src/platform/ec/build/zephyr/ovis/modules/ec/common/switch.c.obj
[ovis:rw] [280/376] Building C object CMakeFiles/app.dir/mnt/host/source/src/platform/ec/build/zephyr/ovis/modules/ec/common/mkbp_fifo.c.obj
[ovis:rw] [281/376] Building C object CMakeFiles/app.dir/mnt/host/source/src/platform/ec/build/zephyr/ovis/modules/ec/common/mkbp_info.c.obj
[ovis:rw] [282/376] Building C object CMakeFiles/app.dir/mnt/host/source/src/platform/ec/build/zephyr/ovis/modules/ec/common/mkbp_input_devices.c.obj
[ovis:ro] [291/376] Building C object CMakeFiles/app.dir/mnt/host/source/src/platform/ec/build/zephyr/ovis/modules/ec/common/thermal.c.obj
[ovis:rw] [283/376] Building C object CMakeFiles/app.dir/mnt/host/source/src/platform/ec/build/zephyr/ovis/modules/ec/common/port80.c.obj
[ovis:ro] [292/376] Building C object CMakeFiles/app.dir/mnt/host/source/src/platform/ec/build/zephyr/ovis/modules/ec/common/temp_sensor.c.obj
[ovis:ro] [293/376] Building C object CMakeFiles/app.dir/mnt/host/source/src/platform/ec/build/zephyr/ovis/modules/ec/driver/temp_sensor/thermistor.c.obj
[ovis:rw] [284/376] Building C object CMakeFiles/app.dir/mnt/host/source/src/platform/ec/build/zephyr/ovis/modules/ec/common/mkbp_event.c.obj
[ovis:ro] [294/376] Building C object CMakeFiles/app.dir/mnt/host/source/src/platform/ec/build/zephyr/ovis/modules/ec/common/timer.c.obj
[ovis:rw] [285/376] Building C object CMakeFiles/app.dir/mnt/host/source/src/platform/ec/build/zephyr/ovis/modules/ec/common/power_button.c.obj
[ovis:rw] [286/376] Building C object CMakeFiles/app.dir/mnt/host/source/src/platform/ec/build/zephyr/ovis/modules/ec/power/hibernate.c.obj
[ovis:ro] [295/376] Building C object CMakeFiles/app.dir/mnt/host/source/src/platform/ec/build/zephyr/ovis/modules/ec/common/typec_control.c.obj
[ovis:ro] [296/376] Building C object CMakeFiles/app.dir/mnt/host/source/src/platform/ec/build/zephyr/ovis/modules/ec/common/usb_port_power_dumb.c.obj
[ovis:rw] [287/376] Building C object CMakeFiles/app.dir/mnt/host/source/src/platform/ec/build/zephyr/ovis/modules/ec/common/sha256.c.obj
[ovis:rw] [288/376] Building C object CMakeFiles/app.dir/mnt/host/source/src/platform/ec/build/zephyr/ovis/modules/ec/common/panic_output.c.obj
[ovis:ro] [297/376] Building C object CMakeFiles/app.dir/mnt/host/source/src/platform/ec/build/zephyr/ovis/modules/ec/common/usb_common.c.obj
[ovis:rw] [289/376] Building C object CMakeFiles/app.dir/mnt/host/source/src/platform/ec/build/zephyr/ovis/modules/ec/common/shared_mem.c.obj
[ovis:ro] [298/376] Building C object CMakeFiles/app.dir/mnt/host/source/src/platform/ec/build/zephyr/ovis/modules/ec/common/usb_pd_pdo.c.obj
[ovis:ro] [299/376] Building C object CMakeFiles/app.dir/mnt/host/source/src/platform/ec/build/zephyr/ovis/modules/ec/common/usbc/usbc_task.c.obj
[ovis:rw] [290/376] Building C object CMakeFiles/app.dir/mnt/host/source/src/platform/ec/build/zephyr/ovis/modules/ec/common/spi_flash_reg.c.obj
[ovis:rw] [291/376] Building C object CMakeFiles/app.dir/mnt/host/source/src/platform/ec/build/zephyr/ovis/modules/ec/common/switch.c.obj
[ovis:ro] [300/376] Building C object CMakeFiles/app.dir/mnt/host/source/src/platform/ec/build/zephyr/ovis/modules/ec/common/usbc/usb_sm.c.obj
[ovis:ro] [301/376] Building C object CMakeFiles/app.dir/mnt/host/source/src/platform/ec/build/zephyr/ovis/modules/ec/common/usbc/usb_pd_timer.c.obj
[ovis:rw] [292/376] Building C object CMakeFiles/app.dir/mnt/host/source/src/platform/ec/build/zephyr/ovis/modules/ec/common/thermal.c.obj
[ovis:rw] [293/376] Building C object CMakeFiles/app.dir/mnt/host/source/src/platform/ec/build/zephyr/ovis/modules/ec/common/temp_sensor.c.obj
[ovis:ro] [302/376] Building C object CMakeFiles/app.dir/mnt/host/source/src/platform/ec/build/zephyr/ovis/modules/ec/common/usb_pd_flags.c.obj
[ovis:ro] [303/376] Building C object CMakeFiles/app.dir/mnt/host/source/src/platform/ec/build/zephyr/ovis/modules/ec/common/usbc_utils.c.obj
[ovis:ro] [304/376] Building C object CMakeFiles/app.dir/mnt/host/source/src/platform/ec/build/zephyr/ovis/modules/ec/common/usbc_intr_task.c.obj
[ovis:rw] [294/376] Building C object CMakeFiles/app.dir/mnt/host/source/src/platform/ec/build/zephyr/ovis/modules/ec/driver/temp_sensor/thermistor.c.obj
[ovis:rw] [295/376] Building C object CMakeFiles/app.dir/mnt/host/source/src/platform/ec/build/zephyr/ovis/modules/ec/common/timer.c.obj
[ovis:ro] [305/376] Building C object CMakeFiles/app.dir/mnt/host/source/src/platform/ec/build/zephyr/ovis/modules/ec/common/chargen.c.obj
[ovis:rw] [296/376] Building C object CMakeFiles/app.dir/mnt/host/source/src/platform/ec/build/zephyr/ovis/modules/ec/common/usb_port_power_dumb.c.obj
[ovis:rw] [297/376] Building C object CMakeFiles/app.dir/mnt/host/source/src/platform/ec/build/zephyr/ovis/modules/ec/common/typec_control.c.obj
[ovis:ro] [306/376] Building C object CMakeFiles/app.dir/mnt/host/source/src/platform/ec/build/zephyr/ovis/modules/ec/common/usbc/usb_pd_console.c.obj
[ovis:rw] [298/376] Building C object CMakeFiles/app.dir/mnt/host/source/src/platform/ec/build/zephyr/ovis/modules/ec/common/usb_pd_pdo.c.obj
[ovis:rw] [299/376] Building C object CMakeFiles/app.dir/mnt/host/source/src/platform/ec/build/zephyr/ovis/modules/ec/common/usb_common.c.obj
[ovis:ro] [307/376] Building C object CMakeFiles/app.dir/mnt/host/source/src/platform/ec/build/zephyr/ovis/modules/ec/driver/retimer/bb_retimer.c.obj
[ovis:rw] [300/376] Building C object CMakeFiles/app.dir/mnt/host/source/src/platform/ec/build/zephyr/ovis/modules/ec/common/usbc/usbc_task.c.obj
[ovis:ro] [308/376] Building C object CMakeFiles/app.dir/mnt/host/source/src/platform/ec/build/zephyr/ovis/modules/ec/common/event_log.c.obj
[ovis:ro] [309/376] Building C object CMakeFiles/app.dir/mnt/host/source/src/platform/ec/build/zephyr/ovis/modules/ec/driver/usb_mux/virtual.c.obj
[ovis:ro] [310/376] Building C object CMakeFiles/app.dir/mnt/host/source/src/platform/ec/build/zephyr/ovis/modules/ec/driver/usb_mux/usb_mux.c.obj
[ovis:ro] [311/376] Building C object CMakeFiles/app.dir/mnt/host/source/src/platform/ec/build/zephyr/ovis/modules/ec/common/pd_log.c.obj
[ovis:rw] [301/376] Building C object CMakeFiles/app.dir/mnt/host/source/src/platform/ec/build/zephyr/ovis/modules/ec/common/usbc/usb_pd_timer.c.obj
[ovis:rw] [302/376] Building C object CMakeFiles/app.dir/mnt/host/source/src/platform/ec/build/zephyr/ovis/modules/ec/common/usbc/usb_sm.c.obj
[ovis:rw] [303/376] Building C object CMakeFiles/app.dir/mnt/host/source/src/platform/ec/build/zephyr/ovis/modules/ec/common/usbc_intr_task.c.obj
[ovis:rw] [304/376] Building C object CMakeFiles/app.dir/mnt/host/source/src/platform/ec/build/zephyr/ovis/modules/ec/common/usb_pd_flags.c.obj
[ovis:rw] [305/376] Building C object CMakeFiles/app.dir/mnt/host/source/src/platform/ec/build/zephyr/ovis/modules/ec/common/usbc_utils.c.obj
[ovis:ro] [312/376] Building C object CMakeFiles/app.dir/mnt/host/source/src/platform/ec/build/zephyr/ovis/modules/ec/common/usbc/usb_tc_drp_acc_trysrc_sm.c.obj
[ovis:ro] [313/376] Building C object CMakeFiles/app.dir/mnt/host/source/src/platform/ec/build/zephyr/ovis/modules/ec/common/usbc/usb_prl_sm.c.obj
[ovis:rw] [306/376] Building C object CMakeFiles/app.dir/mnt/host/source/src/platform/ec/build/zephyr/ovis/modules/ec/common/chargen.c.obj
[ovis:rw] [307/376] Building C object CMakeFiles/app.dir/mnt/host/source/src/platform/ec/build/zephyr/ovis/modules/ec/common/usbc/usb_pd_console.c.obj
[ovis:ro] [314/376] Building C object CMakeFiles/app.dir/mnt/host/source/src/platform/ec/build/zephyr/ovis/modules/ec/common/usbc/usbc_pd_policy.c.obj
[ovis:ro] [315/376] Building C object CMakeFiles/app.dir/mnt/host/source/src/platform/ec/build/zephyr/ovis/modules/ec/common/usbc/usb_pd_dpm.c.obj
[ovis:ro] [316/376] Building C object CMakeFiles/app.dir/mnt/host/source/src/platform/ec/build/zephyr/ovis/modules/ec/common/usbc/dp_alt_mode.c.obj
[ovis:ro] [317/376] Building C object CMakeFiles/app.dir/mnt/host/source/src/platform/ec/build/zephyr/ovis/modules/ec/common/usbc/usb_mode.c.obj
[ovis:rw] [308/376] Building C object CMakeFiles/app.dir/mnt/host/source/src/platform/ec/build/zephyr/ovis/modules/ec/driver/retimer/bb_retimer.c.obj
[ovis:rw] [309/376] Building C object CMakeFiles/app.dir/mnt/host/source/src/platform/ec/build/zephyr/ovis/modules/ec/driver/usb_mux/usb_mux.c.obj
[ovis:rw] [310/376] Building C object CMakeFiles/app.dir/mnt/host/source/src/platform/ec/build/zephyr/ovis/modules/ec/driver/usb_mux/virtual.c.obj
[ovis:ro] [318/376] Building C object CMakeFiles/app.dir/mnt/host/source/src/platform/ec/build/zephyr/ovis/modules/ec/common/usbc/usb_pe_drp_sm.c.obj
[ovis:rw] [311/376] Building C object CMakeFiles/app.dir/mnt/host/source/src/platform/ec/build/zephyr/ovis/modules/ec/common/pd_log.c.obj
[ovis:rw] [312/376] Building C object CMakeFiles/app.dir/mnt/host/source/src/platform/ec/build/zephyr/ovis/modules/ec/common/event_log.c.obj
[ovis:ro] [319/376] Building C object CMakeFiles/app.dir/mnt/host/source/src/platform/ec/build/zephyr/ovis/modules/ec/common/usbc/usb_retimer_fw_update.c.obj
[ovis:ro] [320/376] Building C object CMakeFiles/app.dir/mnt/host/source/src/platform/ec/build/zephyr/ovis/modules/ec/common/usbc/tbt_alt_mode.c.obj
[ovis:rw] [313/376] Building C object CMakeFiles/app.dir/mnt/host/source/src/platform/ec/build/zephyr/ovis/modules/ec/common/usbc/usb_prl_sm.c.obj
[ovis:ro] [321/376] Building C object CMakeFiles/app.dir/mnt/host/source/src/platform/ec/build/zephyr/ovis/modules/ec/common/usb_pd_host_cmd.c.obj
[ovis:ro] [322/376] Building C object CMakeFiles/app.dir/mnt/host/source/src/platform/ec/build/zephyr/ovis/modules/ec/common/usb_pd_console_cmd.c.obj
[ovis:ro] [323/376] Building C object CMakeFiles/app.dir/mnt/host/source/src/platform/ec/build/zephyr/ovis/modules/ec/common/usbc/usb_pd_host.c.obj
[ovis:ro] [324/376] Building C object CMakeFiles/app.dir/mnt/host/source/src/platform/ec/build/zephyr/ovis/modules/ec/zephyr/shim/src/tcpc.c.obj
[ovis:rw] [314/376] Building C object CMakeFiles/app.dir/mnt/host/source/src/platform/ec/build/zephyr/ovis/modules/ec/common/usbc/usb_tc_drp_acc_trysrc_sm.c.obj
[ovis:rw] [315/376] Building C object CMakeFiles/app.dir/mnt/host/source/src/platform/ec/build/zephyr/ovis/modules/ec/common/usbc/usbc_pd_policy.c.obj
[ovis:rw] [316/376] Building C object CMakeFiles/app.dir/mnt/host/source/src/platform/ec/build/zephyr/ovis/modules/ec/common/usbc/usb_pd_dpm.c.obj
[ovis:ro] [325/376] Building C object CMakeFiles/app.dir/mnt/host/source/src/platform/ec/build/zephyr/ovis/modules/ec/common/usb_pd_host_cmd_common.c.obj
[ovis:rw] [317/376] Building C object CMakeFiles/app.dir/mnt/host/source/src/platform/ec/build/zephyr/ovis/modules/ec/common/usbc/usb_mode.c.obj
[ovis:ro] [326/376] Building C object CMakeFiles/app.dir/mnt/host/source/src/platform/ec/build/zephyr/ovis/modules/ec/common/usbc_ocp.c.obj
[ovis:rw] [318/376] Building C object CMakeFiles/app.dir/mnt/host/source/src/platform/ec/build/zephyr/ovis/modules/ec/common/usbc/dp_alt_mode.c.obj
[ovis:ro] [327/376] Building C object CMakeFiles/app.dir/mnt/host/source/src/platform/ec/build/zephyr/ovis/modules/ec/common/usb_pd_discovery.c.obj
[ovis:rw] [319/376] Building C object CMakeFiles/app.dir/mnt/host/source/src/platform/ec/build/zephyr/ovis/modules/ec/common/usbc/usb_pe_drp_sm.c.obj
[ovis:ro] [328/376] Building C object CMakeFiles/app.dir/mnt/host/source/src/platform/ec/build/zephyr/ovis/modules/ec/common/usb_pd_dual_role.c.obj
[ovis:ro] [329/376] Building C object CMakeFiles/app.dir/mnt/host/source/src/platform/ec/build/zephyr/ovis/modules/ec/driver/tcpm/rt1715.c.obj
[ovis:rw] [320/376] Building C object CMakeFiles/app.dir/mnt/host/source/src/platform/ec/build/zephyr/ovis/modules/ec/common/usbc/tbt_alt_mode.c.obj
[ovis:ro] [330/376] Building C object CMakeFiles/app.dir/mnt/host/source/src/platform/ec/build/zephyr/ovis/modules/ec/common/usbc_ppc.c.obj
[ovis:ro] [331/376] Building C object CMakeFiles/app.dir/mnt/host/source/src/platform/ec/build/zephyr/ovis/modules/ec/driver/tcpm/tcpci.c.obj
[ovis:rw] [321/376] Building C object CMakeFiles/app.dir/mnt/host/source/src/platform/ec/build/zephyr/ovis/modules/ec/common/usb_pd_host_cmd.c.obj
[ovis:rw] [322/376] Building C object CMakeFiles/app.dir/mnt/host/source/src/platform/ec/build/zephyr/ovis/modules/ec/common/usbc/usb_retimer_fw_update.c.obj
[ovis:rw] [323/376] Building C object CMakeFiles/app.dir/mnt/host/source/src/platform/ec/build/zephyr/ovis/modules/ec/common/usb_pd_console_cmd.c.obj
[ovis:rw] [324/376] Building C object CMakeFiles/app.dir/mnt/host/source/src/platform/ec/build/zephyr/ovis/modules/ec/common/usbc/usb_pd_host.c.obj
[ovis:ro] [332/376] Building C object CMakeFiles/app.dir/mnt/host/source/src/platform/ec/build/zephyr/ovis/modules/ec/driver/ppc/syv682x.c.obj
[ovis:ro] [333/376] Building C object CMakeFiles/app.dir/mnt/host/source/src/platform/ec/build/zephyr/ovis/modules/ec/common/button.c.obj
[ovis:ro] [334/376] Building C object CMakeFiles/app.dir/mnt/host/source/src/platform/ec/build/zephyr/ovis/modules/ec/common/vboot_hash.c.obj
[ovis:rw] [325/376] Building C object CMakeFiles/app.dir/mnt/host/source/src/platform/ec/build/zephyr/ovis/modules/ec/common/usb_pd_host_cmd_common.c.obj
[ovis:rw] [326/376] Building C object CMakeFiles/app.dir/mnt/host/source/src/platform/ec/build/zephyr/ovis/modules/ec/zephyr/shim/src/tcpc.c.obj
[ovis:ro] [335/376] Building C object CMakeFiles/app.dir/mnt/host/source/src/platform/ec/build/zephyr/ovis/modules/ec/common/vboot/efs2.c.obj
[ovis:ro] [336/376] Building C object CMakeFiles/app.dir/mnt/host/source/src/platform/ec/build/zephyr/ovis/modules/ec/common/vstore.c.obj
[ovis:ro] [337/376] Linking C static library modules/ec/zephyr/libec_shim.a
[ovis:rw] [327/376] Building C object CMakeFiles/app.dir/mnt/host/source/src/platform/ec/build/zephyr/ovis/modules/ec/common/usbc_ocp.c.obj
[ovis:ro] [338/376] Building C object CMakeFiles/app.dir/mnt/host/source/src/platform/ec/build/zephyr/ovis/modules/ec/common/math_util.c.obj
[ovis:rw] [328/376] Building C object CMakeFiles/app.dir/mnt/host/source/src/platform/ec/build/zephyr/ovis/modules/ec/common/usb_pd_discovery.c.obj
[ovis:ro] [339/376] Building C object CMakeFiles/app.dir/src/board_power.c.obj
[ovis:rw] [329/376] Building C object CMakeFiles/app.dir/mnt/host/source/src/platform/ec/build/zephyr/ovis/modules/ec/driver/tcpm/rt1715.c.obj
[ovis:rw] [330/376] Building C object CMakeFiles/app.dir/mnt/host/source/src/platform/ec/build/zephyr/ovis/modules/ec/common/usb_pd_dual_role.c.obj
[ovis:ro] [340/376] Building C object CMakeFiles/app.dir/src/usbc_config.c.obj
[ovis:ro] [341/376] Building C object CMakeFiles/app.dir/ovis/src/usbc_config.c.obj
[ovis:ro] [342/376] Building C object CMakeFiles/app.dir/src/usb_pd_policy.c.obj
[ovis:rw] [331/376] Building C object CMakeFiles/app.dir/mnt/host/source/src/platform/ec/build/zephyr/ovis/modules/ec/driver/tcpm/tcpci.c.obj
[ovis:ro] [343/376] Building C object zephyr/kernel/CMakeFiles/kernel.dir/main_weak.c.obj
[ovis:rw] [332/376] Building C object CMakeFiles/app.dir/mnt/host/source/src/platform/ec/build/zephyr/ovis/modules/ec/common/usbc_ppc.c.obj
[ovis:rw] [333/376] Building C object CMakeFiles/app.dir/mnt/host/source/src/platform/ec/build/zephyr/ovis/modules/ec/driver/ppc/syv682x.c.obj
[ovis:ro] [344/376] Building C object zephyr/kernel/CMakeFiles/kernel.dir/banner.c.obj
[ovis:ro] [345/376] Building C object zephyr/kernel/CMakeFiles/kernel.dir/busy_wait.c.obj
[ovis:ro] [346/376] Linking C static library app/libapp.a
[ovis:ro] [347/376] Building C object zephyr/kernel/CMakeFiles/kernel.dir/device.c.obj
[ovis:rw] [334/376] Building C object CMakeFiles/app.dir/mnt/host/source/src/platform/ec/build/zephyr/ovis/modules/ec/common/vboot_hash.c.obj
[ovis:ro] [348/376] Building C object zephyr/kernel/CMakeFiles/kernel.dir/version.c.obj
[ovis:rw] [335/376] Building C object CMakeFiles/app.dir/mnt/host/source/src/platform/ec/build/zephyr/ovis/modules/ec/common/button.c.obj
[ovis:rw] [336/376] Building C object CMakeFiles/app.dir/mnt/host/source/src/platform/ec/build/zephyr/ovis/modules/ec/common/vstore.c.obj
[ovis:ro] [349/376] Building C object zephyr/kernel/CMakeFiles/kernel.dir/errno.c.obj
[ovis:rw] [337/376] Building C object CMakeFiles/app.dir/mnt/host/source/src/platform/ec/build/zephyr/ovis/modules/ec/common/vboot/efs2.c.obj
[ovis:ro] [350/376] Building C object zephyr/kernel/CMakeFiles/kernel.dir/fatal.c.obj
[ovis:rw] [338/376] Linking C static library modules/ec/zephyr/libec_shim.a
[ovis:ro] [351/376] Building C object zephyr/kernel/CMakeFiles/kernel.dir/init.c.obj
[ovis:ro] [352/376] Building C object zephyr/kernel/CMakeFiles/kernel.dir/kheap.c.obj
[/mnt/host/source/src/platform/ec/build/zephyr/pujjoniru-lcov]   /mnt/host/source/src/platform/ec/build/zephyr/pujjoniru/build-rw/CMakeFiles/app.dir/mnt/host/source/src/platform/ec/build/zephyr/pujjoniru/modules/ec/common/usb_pd_pdo.c.gcno:no functions found
[/mnt/host/source/src/platform/ec/build/zephyr/pujjoniru-lcov] stderr:
[ovis:ro] [353/376] Building C object zephyr/kernel/CMakeFiles/kernel.dir/mem_slab.c.obj
[ovis:rw] [339/376] Building C object CMakeFiles/app.dir/mnt/host/source/src/platform/ec/build/zephyr/ovis/modules/ec/common/math_util.c.obj
[ovis:ro] [354/376] Building C object zephyr/kernel/CMakeFiles/kernel.dir/float.c.obj
[ovis:rw] [340/376] Building C object CMakeFiles/app.dir/src/board_power.c.obj
[ovis:rw] [341/376] Building C object CMakeFiles/app.dir/src/usbc_config.c.obj
[ovis:ro] [355/376] Building C object zephyr/kernel/CMakeFiles/kernel.dir/idle.c.obj
[ovis:rw] [342/376] Building C object CMakeFiles/app.dir/ovis/src/usbc_config.c.obj
[ovis:rw] [343/376] Building C object zephyr/kernel/CMakeFiles/kernel.dir/banner.c.obj
[ovis:ro] [356/376] Building C object zephyr/kernel/CMakeFiles/kernel.dir/mailbox.c.obj
[ovis:ro] [357/376] Building C object zephyr/kernel/CMakeFiles/kernel.dir/msg_q.c.obj
[ovis:rw] [344/376] Building C object zephyr/kernel/CMakeFiles/kernel.dir/busy_wait.c.obj
[ovis:rw] [345/376] Building C object CMakeFiles/app.dir/src/usb_pd_policy.c.obj
[ovis:ro] [358/376] Building C object zephyr/kernel/CMakeFiles/kernel.dir/mutex.c.obj
[ovis:ro] [359/376] Building C object zephyr/kernel/CMakeFiles/kernel.dir/queue.c.obj
[ovis:rw] [346/376] Building C object zephyr/kernel/CMakeFiles/kernel.dir/device.c.obj
[ovis:rw] [347/376] Linking C static library app/libapp.a
[ovis:ro] [360/376] Building C object zephyr/kernel/CMakeFiles/kernel.dir/stack.c.obj
[ovis:rw] [348/376] Building C object zephyr/kernel/CMakeFiles/kernel.dir/errno.c.obj
[ovis:rw] [349/376] Building C object zephyr/kernel/CMakeFiles/kernel.dir/version.c.obj
[ovis:ro] [361/376] Building C object zephyr/kernel/CMakeFiles/kernel.dir/sem.c.obj
[ovis:rw] [350/376] Building C object zephyr/kernel/CMakeFiles/kernel.dir/fatal.c.obj
[ovis:ro] [362/376] Building C object zephyr/kernel/CMakeFiles/kernel.dir/system_work_q.c.obj
[ovis:rw] [351/376] Building C object zephyr/kernel/CMakeFiles/kernel.dir/init.c.obj
[ovis:rw] [352/376] Building C object zephyr/kernel/CMakeFiles/kernel.dir/kheap.c.obj
[ovis:ro] [363/376] Building C object zephyr/kernel/CMakeFiles/kernel.dir/condvar.c.obj
[ovis:ro] [364/376] Building C object zephyr/kernel/CMakeFiles/kernel.dir/work.c.obj
[ovis:ro] [365/376] Building C object zephyr/kernel/CMakeFiles/kernel.dir/thread.c.obj
[ovis:rw] [353/376] Building C object zephyr/kernel/CMakeFiles/kernel.dir/mem_slab.c.obj
[ovis:rw] [354/376] Building C object zephyr/kernel/CMakeFiles/kernel.dir/float.c.obj
[ovis:rw] [355/376] Building C object zephyr/kernel/CMakeFiles/kernel.dir/idle.c.obj
[ovis:ro] [366/376] Building C object zephyr/kernel/CMakeFiles/kernel.dir/sched.c.obj
[ovis:ro] [367/376] Building C object zephyr/kernel/CMakeFiles/kernel.dir/pipe.c.obj
[ovis:rw] [356/376] Building C object zephyr/kernel/CMakeFiles/kernel.dir/mailbox.c.obj
[ovis:ro] [368/376] Building C object zephyr/kernel/CMakeFiles/kernel.dir/spinlock_validate.c.obj
[ovis:ro] [369/376] Building C object zephyr/kernel/CMakeFiles/kernel.dir/thread_monitor.c.obj
[ovis:rw] [357/376] Building C object zephyr/kernel/CMakeFiles/kernel.dir/msg_q.c.obj
[ovis:ro] [370/376] Building C object zephyr/kernel/CMakeFiles/kernel.dir/timeout.c.obj
[ovis:rw] [358/376] Building C object zephyr/kernel/CMakeFiles/kernel.dir/mutex.c.obj
Running (initial) lcov on /mnt/host/source/src/platform/ec/build/zephyr/nokris.
[ovis:ro] [371/376] Building C object zephyr/kernel/CMakeFiles/kernel.dir/timer.c.obj
[ovis:rw] [359/376] Building C object zephyr/kernel/CMakeFiles/kernel.dir/stack.c.obj
[ovis:rw] [360/376] Building C object zephyr/kernel/CMakeFiles/kernel.dir/sem.c.obj
[ovis:rw] [361/376] Building C object zephyr/kernel/CMakeFiles/kernel.dir/queue.c.obj
[ovis:rw] [362/376] Building C object zephyr/kernel/CMakeFiles/kernel.dir/system_work_q.c.obj
[ovis:ro] [372/376] Building C object zephyr/kernel/CMakeFiles/kernel.dir/poll.c.obj
[skyrim:ro] Configuring.
Running `env -i PYTHONPATH=/usr/lib64/python-exec/python3.11:/mnt/host/source/src/platform/ec/zephyr/zmake:/usr/lib/python311.zip:/usr/lib/python3.11:/usr/lib/python3.11/lib-dynload:/usr/lib/python3.11/site-packages PW_PIGWEED_CIPD_INSTALL_DIR=/usr CROSTC_USER_ACKNOWLEDGES_THAT_RISCV_IS_EXPERIMENTAL=1 PATH=/mnt/host/source/chromite/bin:/usr/local/bin:/usr/bin:/bin:/opt/bin:/mnt/host/source/chromite/sdk/bin:/mnt/host/source/chromite/bin HOME=/home/jpmurphy JAVA_HOME=/etc/java-config-2/current-system-vm JDK_HOME=/etc/java-config-2/current-system-vm JAVAC=/etc/java-config-2/current-system-vm/bin/javac MAKEFLAGS=' -j16 --jobserver-auth=5,6' /usr/bin/cmake -S /mnt/host/source/src/platform/ec/zephyr/program/skyrim -B /mnt/host/source/src/platform/ec/build/zephyr/skyrim/build-ro -GNinja -DCMAKE_EXPORT_COMPILE_COMMANDS=ON -DZEPHYR_BASE=/mnt/host/source/src/third_party/zephyr/main -DZMAKE_INCLUDE_DIR=/mnt/host/source/src/platform/ec/build/zephyr/skyrim/include -DPython3_EXECUTABLE=/usr/bin/python3.11 -DDTS_ROOT=/mnt/host/source/src/platform/ec/zephyr -DSYSCALL_INCLUDE_DIRS=/mnt/host/source/src/platform/ec/zephyr/include/drivers -DUSER_CACHE_DIR=/mnt/host/source/src/platform/ec/build/zephyr/user-cache '-DEXTRA_EC_VERSION_FLAGS=--version 16543.0.0 --static' -DTOOLCHAIN_ROOT=/mnt/host/source/src/platform/ec/zephyr -DCOREBOOT_SDK_ROOT_x86=/home/jpmurphy/.cache/coreboot-sdk/i386-elf/dfbb0486385d938cfa9d73080b9d18d598ed4f49 -DCOREBOOT_SDK_ROOT_picolibc_x86=/home/jpmurphy/.cache/coreboot-sdk/picolibc-i386-elf/eb8e8e687b95461de8cbf278f1c2076952d0ad17 -DCOREBOOT_SDK_ROOT_riscv64=/home/jpmurphy/.cache/coreboot-sdk/riscv64-elf/96b949749225b6aaa92ed810ab769e8dfb12f000 -DCOREBOOT_SDK_ROOT_picolibc_arm=/home/jpmurphy/.cache/coreboot-sdk/picolibc-arm-eabi/422a2aa3e1ef891b5bece9a3deb696ff83840d2e -DCOREBOOT_SDK_ROOT_nds32=/home/jpmurphy/.cache/coreboot-sdk/nds32le-elf/d1a518c4a097666d86058e1444f85ca015d15511 -DCOREBOOT_SDK_ROOT_picolibc_riscv64=/home/jpmurphy/.cache/coreboot-sdk/picolibc-riscv64-elf/f571e990ef0278564b31124f8bb109d9a697eb69 -DCOREBOOT_SDK_ROOT_arm=/home/jpmurphy/.cache/coreboot-sdk/arm-eabi/ea40ddd1d190c3b48435c474c0b545719371813a -DCOREBOOT_SDK_ROOT_libstdcxx_riscv64=/home/jpmurphy/.cache/coreboot-sdk/libstdcxx-riscv64-elf/17abf22a3a252e2d5d2062ced5324f7a623689e0 -DCOREBOOT_SDK_ROOT_libstdcxx_arm=/home/jpmurphy/.cache/coreboot-sdk/libstdcxx-arm-eabi/5d7d82e150e44aa1968f1d366e267e6687b328ac -DCOREBOOT_SDK_ROOT_riscv=/home/jpmurphy/.cache/coreboot-sdk/riscv-elf/9a27b9e82341c6e9126624f516ab3f261abb3e73 -DCOREBOOT_SDK_ROOT_libstdcxx_x86=/home/jpmurphy/.cache/coreboot-sdk/libstdcxx-i386-elf/42ef9d2e87a76a37963175d7d428734e65648b87 -DZEPHYR_TOOLCHAIN_VARIANT=coreboot-sdk '-DZEPHYR_MODULES=/mnt/host/source/src/platform/ec/build/zephyr/skyrim/modules/cmsis;/mnt/host/source/src/platform/ec/build/zephyr/skyrim/modules/cmsis_6;/mnt/host/source/src/platform/ec/build/zephyr/skyrim/modules/ec' -DDTC_OVERLAY_FILE=/mnt/host/source/src/platform/ec/zephyr/program/skyrim/skyrim/project.overlay -DBOARD=npcx9/npcx9m3f -DCMAKE_C_FLAGS=-DSECTION_IS_RO '-DCONF_FILE=/mnt/host/source/src/platform/ec/zephyr/program/skyrim/program.conf;/mnt/host/source/src/platform/ec/zephyr/program/skyrim/skyrim/project.conf;/mnt/host/source/src/platform/ec/build/zephyr/skyrim/kconfig-ro.conf'`
[ovis:ro] [373/376] Building C object zephyr/kernel/CMakeFiles/kernel.dir/events.c.obj
[skyrim:ro] Loading Zephyr default modules (Zephyr base (cached)).
[skyrim:ro] -- Application: /mnt/host/source/src/platform/ec/zephyr/program/skyrim
[skyrim:ro] -- CMake version: 3.31.7
[ovis:rw] [363/376] Building C object zephyr/kernel/CMakeFiles/kernel.dir/work.c.obj
[skyrim:rw] Configuring.
[ovis:ro] [374/376] Building C object zephyr/kernel/CMakeFiles/kernel.dir/dynamic_disabled.c.obj
Running `env -i PYTHONPATH=/usr/lib64/python-exec/python3.11:/mnt/host/source/src/platform/ec/zephyr/zmake:/usr/lib/python311.zip:/usr/lib/python3.11:/usr/lib/python3.11/lib-dynload:/usr/lib/python3.11/site-packages PW_PIGWEED_CIPD_INSTALL_DIR=/usr CROSTC_USER_ACKNOWLEDGES_THAT_RISCV_IS_EXPERIMENTAL=1 PATH=/mnt/host/source/chromite/bin:/usr/local/bin:/usr/bin:/bin:/opt/bin:/mnt/host/source/chromite/sdk/bin:/mnt/host/source/chromite/bin HOME=/home/jpmurphy JAVA_HOME=/etc/java-config-2/current-system-vm JDK_HOME=/etc/java-config-2/current-system-vm JAVAC=/etc/java-config-2/current-system-vm/bin/javac MAKEFLAGS=' -j16 --jobserver-auth=5,6' /usr/bin/cmake -S /mnt/host/source/src/platform/ec/zephyr/program/skyrim -B /mnt/host/source/src/platform/ec/build/zephyr/skyrim/build-rw -GNinja -DCMAKE_EXPORT_COMPILE_COMMANDS=ON -DZEPHYR_BASE=/mnt/host/source/src/third_party/zephyr/main -DZMAKE_INCLUDE_DIR=/mnt/host/source/src/platform/ec/build/zephyr/skyrim/include -DPython3_EXECUTABLE=/usr/bin/python3.11 -DDTS_ROOT=/mnt/host/source/src/platform/ec/zephyr -DSYSCALL_INCLUDE_DIRS=/mnt/host/source/src/platform/ec/zephyr/include/drivers -DUSER_CACHE_DIR=/mnt/host/source/src/platform/ec/build/zephyr/user-cache '-DEXTRA_EC_VERSION_FLAGS=--version 16543.0.0 --static' -DTOOLCHAIN_ROOT=/mnt/host/source/src/platform/ec/zephyr -DCOREBOOT_SDK_ROOT_x86=/home/jpmurphy/.cache/coreboot-sdk/i386-elf/dfbb0486385d938cfa9d73080b9d18d598ed4f49 -DCOREBOOT_SDK_ROOT_picolibc_x86=/home/jpmurphy/.cache/coreboot-sdk/picolibc-i386-elf/eb8e8e687b95461de8cbf278f1c2076952d0ad17 -DCOREBOOT_SDK_ROOT_riscv64=/home/jpmurphy/.cache/coreboot-sdk/riscv64-elf/96b949749225b6aaa92ed810ab769e8dfb12f000 -DCOREBOOT_SDK_ROOT_picolibc_arm=/home/jpmurphy/.cache/coreboot-sdk/picolibc-arm-eabi/422a2aa3e1ef891b5bece9a3deb696ff83840d2e -DCOREBOOT_SDK_ROOT_nds32=/home/jpmurphy/.cache/coreboot-sdk/nds32le-elf/d1a518c4a097666d86058e1444f85ca015d15511 -DCOREBOOT_SDK_ROOT_picolibc_riscv64=/home/jpmurphy/.cache/coreboot-sdk/picolibc-riscv64-elf/f571e990ef0278564b31124f8bb109d9a697eb69 -DCOREBOOT_SDK_ROOT_arm=/home/jpmurphy/.cache/coreboot-sdk/arm-eabi/ea40ddd1d190c3b48435c474c0b545719371813a -DCOREBOOT_SDK_ROOT_libstdcxx_riscv64=/home/jpmurphy/.cache/coreboot-sdk/libstdcxx-riscv64-elf/17abf22a3a252e2d5d2062ced5324f7a623689e0 -DCOREBOOT_SDK_ROOT_libstdcxx_arm=/home/jpmurphy/.cache/coreboot-sdk/libstdcxx-arm-eabi/5d7d82e150e44aa1968f1d366e267e6687b328ac -DCOREBOOT_SDK_ROOT_riscv=/home/jpmurphy/.cache/coreboot-sdk/riscv-elf/9a27b9e82341c6e9126624f516ab3f261abb3e73 -DCOREBOOT_SDK_ROOT_libstdcxx_x86=/home/jpmurphy/.cache/coreboot-sdk/libstdcxx-i386-elf/42ef9d2e87a76a37963175d7d428734e65648b87 -DZEPHYR_TOOLCHAIN_VARIANT=coreboot-sdk '-DZEPHYR_MODULES=/mnt/host/source/src/platform/ec/build/zephyr/skyrim/modules/cmsis;/mnt/host/source/src/platform/ec/build/zephyr/skyrim/modules/cmsis_6;/mnt/host/source/src/platform/ec/build/zephyr/skyrim/modules/ec' -DDTC_OVERLAY_FILE=/mnt/host/source/src/platform/ec/zephyr/program/skyrim/skyrim/project.overlay -DBOARD=npcx9/npcx9m3f -DCMAKE_C_FLAGS=-DSECTION_IS_RW '-DCONF_FILE=/mnt/host/source/src/platform/ec/zephyr/program/skyrim/program.conf;/mnt/host/source/src/platform/ec/zephyr/program/skyrim/skyrim/project.conf;/mnt/host/source/src/platform/ec/build/zephyr/skyrim/kconfig-rw.conf'`
Running `env -i PYTHONPATH=/usr/lib64/python-exec/python3.11:/mnt/host/source/src/platform/ec/zephyr/zmake:/usr/lib/python311.zip:/usr/lib/python3.11:/usr/lib/python3.11/lib-dynload:/usr/lib/python3.11/site-packages PW_PIGWEED_CIPD_INSTALL_DIR=/usr CROSTC_USER_ACKNOWLEDGES_THAT_RISCV_IS_EXPERIMENTAL=1 PATH=/mnt/host/source/chromite/bin:/usr/local/bin:/usr/bin:/bin:/opt/bin:/mnt/host/source/chromite/sdk/bin:/mnt/host/source/chromite/bin HOME=/home/jpmurphy JAVA_HOME=/etc/java-config-2/current-system-vm JDK_HOME=/etc/java-config-2/current-system-vm JAVAC=/etc/java-config-2/current-system-vm/bin/javac MAKEFLAGS=' -j16 --jobserver-auth=5,6' /usr/bin/lcov --gcov-tool /mnt/host/source/src/platform/ec/build/zephyr/nokris/build-rw/gcov.sh -q -o - -c -d /mnt/host/source/src/platform/ec/build/zephyr/nokris -t nokris --rc branch_coverage=1 --filter range --ignore-errors inconsistent,source --ignore-errors gcov,gcov -i`
[ovis:ro] [375/376] Building C object zephyr/kernel/CMakeFiles/kernel.dir/mempool.c.obj
[skyrim:rw] Loading Zephyr default modules (Zephyr base (cached)).
[skyrim:rw] -- Application: /mnt/host/source/src/platform/ec/zephyr/program/skyrim
[skyrim:rw] -- CMake version: 3.31.7
[ovis:rw] [364/376] Building C object zephyr/kernel/CMakeFiles/kernel.dir/condvar.c.obj
[ovis:ro] [376/376] Linking C static library zephyr/kernel/libkernel.a
[skyrim:ro] -- Found Python3: /usr/bin/python3.11 (found suitable version "3.11.11", minimum required is "3.10") found components: Interpreter
[skyrim:ro] -- Cache files will be written to: /mnt/host/source/src/platform/ec/build/zephyr/user-cache
[skyrim:ro] -- Zephyr version: 4.3.99 (/mnt/host/source/src/third_party/zephyr/main)
[ovis:rw] [365/376] Building C object zephyr/kernel/CMakeFiles/kernel.dir/thread.c.obj
[ovis:rw] [366/376] Building C object zephyr/kernel/CMakeFiles/kernel.dir/spinlock_validate.c.obj
[ocelotrvp-mchp:rw] Building: /usr/bin/ninja -C /mnt/host/source/src/platform/ec/build/zephyr/ocelotrvp-mchp/build-rw all.libraries
Running `env -i SHELL=/bin/bash COLORTERM=truecolor DEPOT_TOOLS_UPDATE=0 LESS='-R -M --shift 5' SUDO_GID=0 JDK_HOME=/etc/java-config-2/current-system-vm CONFIG_PROTECT_MASK='/etc/gentoo-release /etc/sandbox.d /etc/fonts/fonts.conf /etc/terminfo /etc/ca-certificates.conf /etc/revdep-rebuild' CHROMEOS_CACHEDIR=/var/cache/chromeos-cache JAVA_HOME=/etc/java-config-2/current-system-vm SSH_AUTH_SOCK=/tmp/ssh-auth-sock SUDO_COMMAND=/bin/bash SUDO_USER=root SUDO_TTY=/dev/pts/2 EDITOR=/usr/bin/vi PWD=/mnt/host/source/src/platform/ec CONFIG_PROTECT=/usr/share/gnupg/qualified.txt LOGNAME=jpmurphy MANPATH=/etc/java-config-2/current-system-vm/man:/usr/local/share/man:/usr/share/man:/usr/share/gcc-data/x86_64-pc-linux-gnu/10.2.0/man:/usr/share/binutils-data/x86_64-pc-linux-gnu/2.45/man:/etc/java-config-2/current-system-vm/man/ SUDO_HOME=/root XAUTHORITY=/run/user/944457/gdm/Xauthority HOME=/home/jpmurphy LANG=C.UTF-8 LS_COLORS='rs=0:di=01;34:ln=01;36:mh=00:pi=40;33:so=01;35:do=01;35:bd=40;33;01:cd=40;33;01:or=01;05;37;41:mi=01;05;37;41:su=37;41:sg=30;43:ca=30;41:tw=30;42:ow=34;42:st=37;44:ex=01;32:*.tar=01;31:*.tgz=01;31:*.arc=01;31:*.arj=01;31:*.taz=01;31:*.lha=01;31:*.lz4=01;31:*.lzh=01;31:*.lzma=01;31:*.tlz=01;31:*.txz=01;31:*.tzo=01;31:*.t7z=01;31:*.zip=01;31:*.z=01;31:*.dz=01;31:*.gz=01;31:*.lrz=01;31:*.lz=01;31:*.lzo=01;31:*.xz=01;31:*.zst=01;31:*.tzst=01;31:*.bz2=01;31:*.bz=01;31:*.tbz=01;31:*.tbz2=01;31:*.tz=01;31:*.deb=01;31:*.rpm=01;31:*.jar=01;31:*.war=01;31:*.ear=01;31:*.sar=01;31:*.rar=01;31:*.alz=01;31:*.ace=01;31:*.zoo=01;31:*.cpio=01;31:*.7z=01;31:*.rz=01;31:*.cab=01;31:*.wim=01;31:*.swm=01;31:*.dwm=01;31:*.esd=01;31:*.jpg=01;35:*.jpeg=01;35:*.mjpg=01;35:*.mjpeg=01;35:*.gif=01;35:*.bmp=01;35:*.pbm=01;35:*.pgm=01;35:*.ppm=01;35:*.tga=01;35:*.xbm=01;35:*.xpm=01;35:*.tif=01;35:*.tiff=01;35:*.png=01;35:*.svg=01;35:*.svgz=01;35:*.mng=01;35:*.pcx=01;35:*.mov=01;35:*.mpg=01;35:*.mpeg=01;35:*.m2v=01;35:*.mkv=01;35:*.webm=01;35:*.webp=01;35:*.ogm=01;35:*.mp4=01;35:*.m4v=01;35:*.mp4v=01;35:*.vob=01;35:*.qt=01;35:*.nuv=01;35:*.wmv=01;35:*.asf=01;35:*.rm=01;35:*.rmvb=01;35:*.flc=01;35:*.avi=01;35:*.fli=01;35:*.flv=01;35:*.gl=01;35:*.dl=01;35:*.xcf=01;35:*.xwd=01;35:*.yuv=01;35:*.cgm=01;35:*.emf=01;35:*.ogv=01;35:*.ogx=01;35:*.cfg=00;32:*.conf=00;32:*.diff=00;32:*.doc=00;32:*.ini=00;32:*.log=00;32:*.patch=00;32:*.pdf=00;32:*.ps=00;32:*.tex=00;32:*.txt=00;32:*.aac=00;36:*.au=00;36:*.flac=00;36:*.m4a=00;36:*.mid=00;36:*.midi=00;36:*.mka=00;36:*.mp3=00;36:*.mpc=00;36:*.ogg=00;36:*.ra=00;36:*.wav=00;36:*.oga=00;36:*.opus=00;36:*.spx=00;36:*.xspf=00;36:' XDG_CURRENT_DESKTOP=GNOME INFOPATH=/usr/share/info:/usr/share/gcc-data/x86_64-pc-linux-gnu/10.2.0/info:/usr/share/binutils-data/x86_64-pc-linux-gnu/2.45/info:/usr/share/automake-1.16.5/info JAVAC=/etc/java-config-2/current-system-vm/bin/javac TERM=xterm-256color LESSOPEN='|lesspipe %s' USER=jpmurphy CROS_WORKON_SRCROOT=/mnt/host/source MANPAGER=manpager DISPLAY=:1 SHLVL=1 LC_MESSAGES=C EXTERNAL_TRUNK_PATH=/mnt/8f9d649a-3721-44cc-93c0-e6bd21a9689f/chromiumos GCC_SPECS='' PATH=/mnt/host/source/chromite/bin:/usr/local/bin:/usr/bin:/bin:/opt/bin:/mnt/host/source/chromite/sdk/bin:/mnt/host/source/chromite/bin PORTAGE_USERNAME=jpmurphy SUDO_UID=0 GCC_VER=10.2.0 MAIL=/var/mail/jpmurphy OLDPWD=/mnt/host/source/src/scripts traceparent=00-e87aca51550a78635907baa6a2476181-6d684811675d2973-01 _=./zephyr/firmware_builder.py COREBOOT_SDK_ROOT_x86=/home/jpmurphy/.cache/coreboot-sdk/i386-elf/dfbb0486385d938cfa9d73080b9d18d598ed4f49 COREBOOT_SDK_ROOT_picolibc_x86=/home/jpmurphy/.cache/coreboot-sdk/picolibc-i386-elf/eb8e8e687b95461de8cbf278f1c2076952d0ad17 COREBOOT_SDK_ROOT_riscv64=/home/jpmurphy/.cache/coreboot-sdk/riscv64-elf/96b949749225b6aaa92ed810ab769e8dfb12f000 COREBOOT_SDK_ROOT_picolibc_arm=/home/jpmurphy/.cache/coreboot-sdk/picolibc-arm-eabi/422a2aa3e1ef891b5bece9a3deb696ff83840d2e COREBOOT_SDK_ROOT_nds32=/home/jpmurphy/.cache/coreboot-sdk/nds32le-elf/d1a518c4a097666d86058e1444f85ca015d15511 COREBOOT_SDK_ROOT_picolibc_riscv64=/home/jpmurphy/.cache/coreboot-sdk/picolibc-riscv64-elf/f571e990ef0278564b31124f8bb109d9a697eb69 COREBOOT_SDK_ROOT_arm=/home/jpmurphy/.cache/coreboot-sdk/arm-eabi/ea40ddd1d190c3b48435c474c0b545719371813a COREBOOT_SDK_ROOT_libstdcxx_riscv64=/home/jpmurphy/.cache/coreboot-sdk/libstdcxx-riscv64-elf/17abf22a3a252e2d5d2062ced5324f7a623689e0 COREBOOT_SDK_ROOT_libstdcxx_arm=/home/jpmurphy/.cache/coreboot-sdk/libstdcxx-arm-eabi/5d7d82e150e44aa1968f1d366e267e6687b328ac COREBOOT_SDK_ROOT_riscv=/home/jpmurphy/.cache/coreboot-sdk/riscv-elf/9a27b9e82341c6e9126624f516ab3f261abb3e73 COREBOOT_SDK_ROOT_libstdcxx_x86=/home/jpmurphy/.cache/coreboot-sdk/libstdcxx-i386-elf/42ef9d2e87a76a37963175d7d428734e65648b87 PYTHONPATH=/mnt/host/source/src/platform/ec/zephyr/zmake PW_PIGWEED_CIPD_INSTALL_DIR=/usr CROSTC_USER_ACKNOWLEDGES_THAT_RISCV_IS_EXPERIMENTAL=1 MAKEFLAGS=' -j16 --jobserver-auth=5,6' /usr/bin/ninja -C /mnt/host/source/src/platform/ec/build/zephyr/ocelotrvp-mchp/build-rw all.libraries`
[ocelotrvp-mchp:ro] Building: /usr/bin/ninja -C /mnt/host/source/src/platform/ec/build/zephyr/ocelotrvp-mchp/build-ro all.libraries
Running `env -i SHELL=/bin/bash COLORTERM=truecolor DEPOT_TOOLS_UPDATE=0 LESS='-R -M --shift 5' SUDO_GID=0 JDK_HOME=/etc/java-config-2/current-system-vm CONFIG_PROTECT_MASK='/etc/gentoo-release /etc/sandbox.d /etc/fonts/fonts.conf /etc/terminfo /etc/ca-certificates.conf /etc/revdep-rebuild' CHROMEOS_CACHEDIR=/var/cache/chromeos-cache JAVA_HOME=/etc/java-config-2/current-system-vm SSH_AUTH_SOCK=/tmp/ssh-auth-sock SUDO_COMMAND=/bin/bash SUDO_USER=root SUDO_TTY=/dev/pts/2 EDITOR=/usr/bin/vi PWD=/mnt/host/source/src/platform/ec CONFIG_PROTECT=/usr/share/gnupg/qualified.txt LOGNAME=jpmurphy MANPATH=/etc/java-config-2/current-system-vm/man:/usr/local/share/man:/usr/share/man:/usr/share/gcc-data/x86_64-pc-linux-gnu/10.2.0/man:/usr/share/binutils-data/x86_64-pc-linux-gnu/2.45/man:/etc/java-config-2/current-system-vm/man/ SUDO_HOME=/root XAUTHORITY=/run/user/944457/gdm/Xauthority HOME=/home/jpmurphy LANG=C.UTF-8 LS_COLORS='rs=0:di=01;34:ln=01;36:mh=00:pi=40;33:so=01;35:do=01;35:bd=40;33;01:cd=40;33;01:or=01;05;37;41:mi=01;05;37;41:su=37;41:sg=30;43:ca=30;41:tw=30;42:ow=34;42:st=37;44:ex=01;32:*.tar=01;31:*.tgz=01;31:*.arc=01;31:*.arj=01;31:*.taz=01;31:*.lha=01;31:*.lz4=01;31:*.lzh=01;31:*.lzma=01;31:*.tlz=01;31:*.txz=01;31:*.tzo=01;31:*.t7z=01;31:*.zip=01;31:*.z=01;31:*.dz=01;31:*.gz=01;31:*.lrz=01;31:*.lz=01;31:*.lzo=01;31:*.xz=01;31:*.zst=01;31:*.tzst=01;31:*.bz2=01;31:*.bz=01;31:*.tbz=01;31:*.tbz2=01;31:*.tz=01;31:*.deb=01;31:*.rpm=01;31:*.jar=01;31:*.war=01;31:*.ear=01;31:*.sar=01;31:*.rar=01;31:*.alz=01;31:*.ace=01;31:*.zoo=01;31:*.cpio=01;31:*.7z=01;31:*.rz=01;31:*.cab=01;31:*.wim=01;31:*.swm=01;31:*.dwm=01;31:*.esd=01;31:*.jpg=01;35:*.jpeg=01;35:*.mjpg=01;35:*.mjpeg=01;35:*.gif=01;35:*.bmp=01;35:*.pbm=01;35:*.pgm=01;35:*.ppm=01;35:*.tga=01;35:*.xbm=01;35:*.xpm=01;35:*.tif=01;35:*.tiff=01;35:*.png=01;35:*.svg=01;35:*.svgz=01;35:*.mng=01;35:*.pcx=01;35:*.mov=01;35:*.mpg=01;35:*.mpeg=01;35:*.m2v=01;35:*.mkv=01;35:*.webm=01;35:*.webp=01;35:*.ogm=01;35:*.mp4=01;35:*.m4v=01;35:*.mp4v=01;35:*.vob=01;35:*.qt=01;35:*.nuv=01;35:*.wmv=01;35:*.asf=01;35:*.rm=01;35:*.rmvb=01;35:*.flc=01;35:*.avi=01;35:*.fli=01;35:*.flv=01;35:*.gl=01;35:*.dl=01;35:*.xcf=01;35:*.xwd=01;35:*.yuv=01;35:*.cgm=01;35:*.emf=01;35:*.ogv=01;35:*.ogx=01;35:*.cfg=00;32:*.conf=00;32:*.diff=00;32:*.doc=00;32:*.ini=00;32:*.log=00;32:*.patch=00;32:*.pdf=00;32:*.ps=00;32:*.tex=00;32:*.txt=00;32:*.aac=00;36:*.au=00;36:*.flac=00;36:*.m4a=00;36:*.mid=00;36:*.midi=00;36:*.mka=00;36:*.mp3=00;36:*.mpc=00;36:*.ogg=00;36:*.ra=00;36:*.wav=00;36:*.oga=00;36:*.opus=00;36:*.spx=00;36:*.xspf=00;36:' XDG_CURRENT_DESKTOP=GNOME INFOPATH=/usr/share/info:/usr/share/gcc-data/x86_64-pc-linux-gnu/10.2.0/info:/usr/share/binutils-data/x86_64-pc-linux-gnu/2.45/info:/usr/share/automake-1.16.5/info JAVAC=/etc/java-config-2/current-system-vm/bin/javac TERM=xterm-256color LESSOPEN='|lesspipe %s' USER=jpmurphy CROS_WORKON_SRCROOT=/mnt/host/source MANPAGER=manpager DISPLAY=:1 SHLVL=1 LC_MESSAGES=C EXTERNAL_TRUNK_PATH=/mnt/8f9d649a-3721-44cc-93c0-e6bd21a9689f/chromiumos GCC_SPECS='' PATH=/mnt/host/source/chromite/bin:/usr/local/bin:/usr/bin:/bin:/opt/bin:/mnt/host/source/chromite/sdk/bin:/mnt/host/source/chromite/bin PORTAGE_USERNAME=jpmurphy SUDO_UID=0 GCC_VER=10.2.0 MAIL=/var/mail/jpmurphy OLDPWD=/mnt/host/source/src/scripts traceparent=00-e87aca51550a78635907baa6a2476181-6d684811675d2973-01 _=./zephyr/firmware_builder.py COREBOOT_SDK_ROOT_x86=/home/jpmurphy/.cache/coreboot-sdk/i386-elf/dfbb0486385d938cfa9d73080b9d18d598ed4f49 COREBOOT_SDK_ROOT_picolibc_x86=/home/jpmurphy/.cache/coreboot-sdk/picolibc-i386-elf/eb8e8e687b95461de8cbf278f1c2076952d0ad17 COREBOOT_SDK_ROOT_riscv64=/home/jpmurphy/.cache/coreboot-sdk/riscv64-elf/96b949749225b6aaa92ed810ab769e8dfb12f000 COREBOOT_SDK_ROOT_picolibc_arm=/home/jpmurphy/.cache/coreboot-sdk/picolibc-arm-eabi/422a2aa3e1ef891b5bece9a3deb696ff83840d2e COREBOOT_SDK_ROOT_nds32=/home/jpmurphy/.cache/coreboot-sdk/nds32le-elf/d1a518c4a097666d86058e1444f85ca015d15511 COREBOOT_SDK_ROOT_picolibc_riscv64=/home/jpmurphy/.cache/coreboot-sdk/picolibc-riscv64-elf/f571e990ef0278564b31124f8bb109d9a697eb69 COREBOOT_SDK_ROOT_arm=/home/jpmurphy/.cache/coreboot-sdk/arm-eabi/ea40ddd1d190c3b48435c474c0b545719371813a COREBOOT_SDK_ROOT_libstdcxx_riscv64=/home/jpmurphy/.cache/coreboot-sdk/libstdcxx-riscv64-elf/17abf22a3a252e2d5d2062ced5324f7a623689e0 COREBOOT_SDK_ROOT_libstdcxx_arm=/home/jpmurphy/.cache/coreboot-sdk/libstdcxx-arm-eabi/5d7d82e150e44aa1968f1d366e267e6687b328ac COREBOOT_SDK_ROOT_riscv=/home/jpmurphy/.cache/coreboot-sdk/riscv-elf/9a27b9e82341c6e9126624f516ab3f261abb3e73 COREBOOT_SDK_ROOT_libstdcxx_x86=/home/jpmurphy/.cache/coreboot-sdk/libstdcxx-i386-elf/42ef9d2e87a76a37963175d7d428734e65648b87 PYTHONPATH=/mnt/host/source/src/platform/ec/zephyr/zmake PW_PIGWEED_CIPD_INSTALL_DIR=/usr CROSTC_USER_ACKNOWLEDGES_THAT_RISCV_IS_EXPERIMENTAL=1 MAKEFLAGS=' -j16 --jobserver-auth=5,6' /usr/bin/ninja -C /mnt/host/source/src/platform/ec/build/zephyr/ocelotrvp-mchp/build-ro all.libraries`
[ovis:rw] [367/376] Building C object zephyr/kernel/CMakeFiles/kernel.dir/pipe.c.obj
[ocelotrvp-mchp:rw] ninja: Entering directory `/mnt/host/source/src/platform/ec/build/zephyr/ocelotrvp-mchp/build-rw'
[ocelotrvp-mchp:ro] ninja: Entering directory `/mnt/host/source/src/platform/ec/build/zephyr/ocelotrvp-mchp/build-ro'
[skyrim:rw] -- Found Python3: /usr/bin/python3.11 (found suitable version "3.11.11", minimum required is "3.10") found components: Interpreter
[skyrim:rw] -- Cache files will be written to: /mnt/host/source/src/platform/ec/build/zephyr/user-cache
Toolchain <zmake.toolchains.CorebootSdkToolchain object at 0x7f4142ffc210> selected by probe function.
[padme] Building in /mnt/host/source/src/platform/ec/build/zephyr/padme.
[ovis:rw] [368/376] Building C object zephyr/kernel/CMakeFiles/kernel.dir/thread_monitor.c.obj
[ocelotrvp-mchp:ro] [1/363] Preparing syscall dependency handling
[skyrim:rw] -- Zephyr version: 4.3.99 (/mnt/host/source/src/third_party/zephyr/main)
[ovis:rw] [369/376] Building C object zephyr/kernel/CMakeFiles/kernel.dir/sched.c.obj
[padme:ro] Configuring.
Running `env -i PYTHONPATH=/usr/lib64/python-exec/python3.11:/mnt/host/source/src/platform/ec/zephyr/zmake:/usr/lib/python311.zip:/usr/lib/python3.11:/usr/lib/python3.11/lib-dynload:/usr/lib/python3.11/site-packages PW_PIGWEED_CIPD_INSTALL_DIR=/usr CROSTC_USER_ACKNOWLEDGES_THAT_RISCV_IS_EXPERIMENTAL=1 PATH=/mnt/host/source/chromite/bin:/usr/local/bin:/usr/bin:/bin:/opt/bin:/mnt/host/source/chromite/sdk/bin:/mnt/host/source/chromite/bin HOME=/home/jpmurphy JAVA_HOME=/etc/java-config-2/current-system-vm JDK_HOME=/etc/java-config-2/current-system-vm JAVAC=/etc/java-config-2/current-system-vm/bin/javac MAKEFLAGS=' -j16 --jobserver-auth=5,6' /usr/bin/cmake -S /mnt/host/source/src/platform/ec/zephyr/program/skywalker -B /mnt/host/source/src/platform/ec/build/zephyr/padme/build-ro -GNinja -DCMAKE_EXPORT_COMPILE_COMMANDS=ON -DZEPHYR_BASE=/mnt/host/source/src/third_party/zephyr/main -DZMAKE_INCLUDE_DIR=/mnt/host/source/src/platform/ec/build/zephyr/padme/include -DPython3_EXECUTABLE=/usr/bin/python3.11 -DDTS_ROOT=/mnt/host/source/src/platform/ec/zephyr -DSYSCALL_INCLUDE_DIRS=/mnt/host/source/src/platform/ec/zephyr/include/drivers -DUSER_CACHE_DIR=/mnt/host/source/src/platform/ec/build/zephyr/user-cache '-DEXTRA_EC_VERSION_FLAGS=--version 16543.0.0 --static' -DTOOLCHAIN_ROOT=/mnt/host/source/src/platform/ec/zephyr -DCOREBOOT_SDK_ROOT_x86=/home/jpmurphy/.cache/coreboot-sdk/i386-elf/dfbb0486385d938cfa9d73080b9d18d598ed4f49 -DCOREBOOT_SDK_ROOT_picolibc_x86=/home/jpmurphy/.cache/coreboot-sdk/picolibc-i386-elf/eb8e8e687b95461de8cbf278f1c2076952d0ad17 -DCOREBOOT_SDK_ROOT_riscv64=/home/jpmurphy/.cache/coreboot-sdk/riscv64-elf/96b949749225b6aaa92ed810ab769e8dfb12f000 -DCOREBOOT_SDK_ROOT_picolibc_arm=/home/jpmurphy/.cache/coreboot-sdk/picolibc-arm-eabi/422a2aa3e1ef891b5bece9a3deb696ff83840d2e -DCOREBOOT_SDK_ROOT_nds32=/home/jpmurphy/.cache/coreboot-sdk/nds32le-elf/d1a518c4a097666d86058e1444f85ca015d15511 -DCOREBOOT_SDK_ROOT_picolibc_riscv64=/home/jpmurphy/.cache/coreboot-sdk/picolibc-riscv64-elf/f571e990ef0278564b31124f8bb109d9a697eb69 -DCOREBOOT_SDK_ROOT_arm=/home/jpmurphy/.cache/coreboot-sdk/arm-eabi/ea40ddd1d190c3b48435c474c0b545719371813a -DCOREBOOT_SDK_ROOT_libstdcxx_riscv64=/home/jpmurphy/.cache/coreboot-sdk/libstdcxx-riscv64-elf/17abf22a3a252e2d5d2062ced5324f7a623689e0 -DCOREBOOT_SDK_ROOT_libstdcxx_arm=/home/jpmurphy/.cache/coreboot-sdk/libstdcxx-arm-eabi/5d7d82e150e44aa1968f1d366e267e6687b328ac -DCOREBOOT_SDK_ROOT_riscv=/home/jpmurphy/.cache/coreboot-sdk/riscv-elf/9a27b9e82341c6e9126624f516ab3f261abb3e73 -DCOREBOOT_SDK_ROOT_libstdcxx_x86=/home/jpmurphy/.cache/coreboot-sdk/libstdcxx-i386-elf/42ef9d2e87a76a37963175d7d428734e65648b87 -DZEPHYR_TOOLCHAIN_VARIANT=coreboot-sdk -DZEPHYR_MODULES=/mnt/host/source/src/platform/ec/build/zephyr/padme/modules/ec -DDTC_OVERLAY_FILE=/mnt/host/source/src/platform/ec/zephyr/program/skywalker/padme/project.overlay -DBOARD=it8xxx2/it82002aw -DCMAKE_C_FLAGS=-DSECTION_IS_RO '-DCONF_FILE=/mnt/host/source/src/platform/ec/zephyr/program/skywalker/program.conf;/mnt/host/source/src/platform/ec/zephyr/program/skywalker/ite_program.conf;/mnt/host/source/src/platform/ec/zephyr/program/skywalker/padme/project.conf;/mnt/host/source/src/platform/ec/build/zephyr/padme/kconfig-ro.conf'`
[padme:rw] Configuring.
[ovis:rw] [370/376] Building C object zephyr/kernel/CMakeFiles/kernel.dir/timer.c.obj
Running `env -i PYTHONPATH=/usr/lib64/python-exec/python3.11:/mnt/host/source/src/platform/ec/zephyr/zmake:/usr/lib/python311.zip:/usr/lib/python3.11:/usr/lib/python3.11/lib-dynload:/usr/lib/python3.11/site-packages PW_PIGWEED_CIPD_INSTALL_DIR=/usr CROSTC_USER_ACKNOWLEDGES_THAT_RISCV_IS_EXPERIMENTAL=1 PATH=/mnt/host/source/chromite/bin:/usr/local/bin:/usr/bin:/bin:/opt/bin:/mnt/host/source/chromite/sdk/bin:/mnt/host/source/chromite/bin HOME=/home/jpmurphy JAVA_HOME=/etc/java-config-2/current-system-vm JDK_HOME=/etc/java-config-2/current-system-vm JAVAC=/etc/java-config-2/current-system-vm/bin/javac MAKEFLAGS=' -j16 --jobserver-auth=5,6' /usr/bin/cmake -S /mnt/host/source/src/platform/ec/zephyr/program/skywalker -B /mnt/host/source/src/platform/ec/build/zephyr/padme/build-rw -GNinja -DCMAKE_EXPORT_COMPILE_COMMANDS=ON -DZEPHYR_BASE=/mnt/host/source/src/third_party/zephyr/main -DZMAKE_INCLUDE_DIR=/mnt/host/source/src/platform/ec/build/zephyr/padme/include -DPython3_EXECUTABLE=/usr/bin/python3.11 -DDTS_ROOT=/mnt/host/source/src/platform/ec/zephyr -DSYSCALL_INCLUDE_DIRS=/mnt/host/source/src/platform/ec/zephyr/include/drivers -DUSER_CACHE_DIR=/mnt/host/source/src/platform/ec/build/zephyr/user-cache '-DEXTRA_EC_VERSION_FLAGS=--version 16543.0.0 --static' -DTOOLCHAIN_ROOT=/mnt/host/source/src/platform/ec/zephyr -DCOREBOOT_SDK_ROOT_x86=/home/jpmurphy/.cache/coreboot-sdk/i386-elf/dfbb0486385d938cfa9d73080b9d18d598ed4f49 -DCOREBOOT_SDK_ROOT_picolibc_x86=/home/jpmurphy/.cache/coreboot-sdk/picolibc-i386-elf/eb8e8e687b95461de8cbf278f1c2076952d0ad17 -DCOREBOOT_SDK_ROOT_riscv64=/home/jpmurphy/.cache/coreboot-sdk/riscv64-elf/96b949749225b6aaa92ed810ab769e8dfb12f000 -DCOREBOOT_SDK_ROOT_picolibc_arm=/home/jpmurphy/.cache/coreboot-sdk/picolibc-arm-eabi/422a2aa3e1ef891b5bece9a3deb696ff83840d2e -DCOREBOOT_SDK_ROOT_nds32=/home/jpmurphy/.cache/coreboot-sdk/nds32le-elf/d1a518c4a097666d86058e1444f85ca015d15511 -DCOREBOOT_SDK_ROOT_picolibc_riscv64=/home/jpmurphy/.cache/coreboot-sdk/picolibc-riscv64-elf/f571e990ef0278564b31124f8bb109d9a697eb69 -DCOREBOOT_SDK_ROOT_arm=/home/jpmurphy/.cache/coreboot-sdk/arm-eabi/ea40ddd1d190c3b48435c474c0b545719371813a -DCOREBOOT_SDK_ROOT_libstdcxx_riscv64=/home/jpmurphy/.cache/coreboot-sdk/libstdcxx-riscv64-elf/17abf22a3a252e2d5d2062ced5324f7a623689e0 -DCOREBOOT_SDK_ROOT_libstdcxx_arm=/home/jpmurphy/.cache/coreboot-sdk/libstdcxx-arm-eabi/5d7d82e150e44aa1968f1d366e267e6687b328ac -DCOREBOOT_SDK_ROOT_riscv=/home/jpmurphy/.cache/coreboot-sdk/riscv-elf/9a27b9e82341c6e9126624f516ab3f261abb3e73 -DCOREBOOT_SDK_ROOT_libstdcxx_x86=/home/jpmurphy/.cache/coreboot-sdk/libstdcxx-i386-elf/42ef9d2e87a76a37963175d7d428734e65648b87 -DZEPHYR_TOOLCHAIN_VARIANT=coreboot-sdk -DZEPHYR_MODULES=/mnt/host/source/src/platform/ec/build/zephyr/padme/modules/ec -DDTC_OVERLAY_FILE=/mnt/host/source/src/platform/ec/zephyr/program/skywalker/padme/project.overlay -DBOARD=it8xxx2/it82002aw -DCMAKE_C_FLAGS=-DSECTION_IS_RW '-DCONF_FILE=/mnt/host/source/src/platform/ec/zephyr/program/skywalker/program.conf;/mnt/host/source/src/platform/ec/zephyr/program/skywalker/ite_program.conf;/mnt/host/source/src/platform/ec/zephyr/program/skywalker/padme/project.conf;/mnt/host/source/src/platform/ec/build/zephyr/padme/kconfig-rw.conf'`
[padme:ro] -- Application: /mnt/host/source/src/platform/ec/zephyr/program/skywalker
[padme:ro] Loading Zephyr default modules (Zephyr base (cached)).
[padme:rw] Loading Zephyr default modules (Zephyr base (cached)).
[padme:rw] -- Application: /mnt/host/source/src/platform/ec/zephyr/program/skywalker
[ocelotrvp-mchp:ro] [2/363] Generating misc/generated/syscalls_subdirs.trigger
[ovis:rw] [371/376] Building C object zephyr/kernel/CMakeFiles/kernel.dir/timeout.c.obj
Toolchain <zmake.toolchains.CorebootSdkToolchain object at 0x7f412077dd10> selected by probe function.
[npcx7] Building in /mnt/host/source/src/platform/ec/build/zephyr/npcx7.
[ocelotrvp-mchp:ro] [3/363] cd /mnt/host/source/src/platform/ec/build/zephyr/ocelotrvp-mchp/build-ro/modules/ec/zephyr && PYTHONPATH=/mnt/host/source/src/platform/ec/build/zephyr/ocelotrvp-mchp/modules/ec/zephyr/zmake/ /usr/bin/python3.11 /mnt/host/source/src/platform/ec/build/zephyr/ocelotrvp-mchp/modules/ec/zephyr/zmake/zephyr_build_tools/generate_ec_version.py /mnt/host/source/src/platform/ec/build/zephyr/ocelotrvp-mchp/build-ro/modules/ec/zephyr/include/ec_version.h --name Zephyr-Kernel --version 16543.0.0 --static
[ocelotrvp-mchp:ro] INFO:root:Using a static version string
[ovis:rw] [372/376] Building C object zephyr/kernel/CMakeFiles/kernel.dir/poll.c.obj
[ocelotrvp-mchp:rw] [1/363] Preparing syscall dependency handling
[ovis:rw] [373/376] Building C object zephyr/kernel/CMakeFiles/kernel.dir/mempool.c.obj
[ovis:rw] [374/376] Building C object zephyr/kernel/CMakeFiles/kernel.dir/events.c.obj
[npcx7:rw] Configuring.
Running `env -i PYTHONPATH=/usr/lib64/python-exec/python3.11:/mnt/host/source/src/platform/ec/zephyr/zmake:/usr/lib/python311.zip:/usr/lib/python3.11:/usr/lib/python3.11/lib-dynload:/usr/lib/python3.11/site-packages PW_PIGWEED_CIPD_INSTALL_DIR=/usr CROSTC_USER_ACKNOWLEDGES_THAT_RISCV_IS_EXPERIMENTAL=1 PATH=/mnt/host/source/chromite/bin:/usr/local/bin:/usr/bin:/bin:/opt/bin:/mnt/host/source/chromite/sdk/bin:/mnt/host/source/chromite/bin HOME=/home/jpmurphy JAVA_HOME=/etc/java-config-2/current-system-vm JDK_HOME=/etc/java-config-2/current-system-vm JAVAC=/etc/java-config-2/current-system-vm/bin/javac MAKEFLAGS=' -j16 --jobserver-auth=5,6' /usr/bin/cmake -S /mnt/host/source/src/platform/ec/zephyr/program/npcx_evb/npcx7 -B /mnt/host/source/src/platform/ec/build/zephyr/npcx7/build-rw -GNinja -DCMAKE_EXPORT_COMPILE_COMMANDS=ON -DZEPHYR_BASE=/mnt/host/source/src/third_party/zephyr/main -DZMAKE_INCLUDE_DIR=/mnt/host/source/src/platform/ec/build/zephyr/npcx7/include -DPython3_EXECUTABLE=/usr/bin/python3.11 -DDTS_ROOT=/mnt/host/source/src/platform/ec/zephyr -DSYSCALL_INCLUDE_DIRS=/mnt/host/source/src/platform/ec/zephyr/include/drivers -DUSER_CACHE_DIR=/mnt/host/source/src/platform/ec/build/zephyr/user-cache '-DEXTRA_EC_VERSION_FLAGS=--version 16543.0.0 --static' -DTOOLCHAIN_ROOT=/mnt/host/source/src/platform/ec/zephyr -DCOREBOOT_SDK_ROOT_x86=/home/jpmurphy/.cache/coreboot-sdk/i386-elf/dfbb0486385d938cfa9d73080b9d18d598ed4f49 -DCOREBOOT_SDK_ROOT_picolibc_x86=/home/jpmurphy/.cache/coreboot-sdk/picolibc-i386-elf/eb8e8e687b95461de8cbf278f1c2076952d0ad17 -DCOREBOOT_SDK_ROOT_riscv64=/home/jpmurphy/.cache/coreboot-sdk/riscv64-elf/96b949749225b6aaa92ed810ab769e8dfb12f000 -DCOREBOOT_SDK_ROOT_picolibc_arm=/home/jpmurphy/.cache/coreboot-sdk/picolibc-arm-eabi/422a2aa3e1ef891b5bece9a3deb696ff83840d2e -DCOREBOOT_SDK_ROOT_nds32=/home/jpmurphy/.cache/coreboot-sdk/nds32le-elf/d1a518c4a097666d86058e1444f85ca015d15511 -DCOREBOOT_SDK_ROOT_picolibc_riscv64=/home/jpmurphy/.cache/coreboot-sdk/picolibc-riscv64-elf/f571e990ef0278564b31124f8bb109d9a697eb69 -DCOREBOOT_SDK_ROOT_arm=/home/jpmurphy/.cache/coreboot-sdk/arm-eabi/ea40ddd1d190c3b48435c474c0b545719371813a -DCOREBOOT_SDK_ROOT_libstdcxx_riscv64=/home/jpmurphy/.cache/coreboot-sdk/libstdcxx-riscv64-elf/17abf22a3a252e2d5d2062ced5324f7a623689e0 -DCOREBOOT_SDK_ROOT_libstdcxx_arm=/home/jpmurphy/.cache/coreboot-sdk/libstdcxx-arm-eabi/5d7d82e150e44aa1968f1d366e267e6687b328ac -DCOREBOOT_SDK_ROOT_riscv=/home/jpmurphy/.cache/coreboot-sdk/riscv-elf/9a27b9e82341c6e9126624f516ab3f261abb3e73 -DCOREBOOT_SDK_ROOT_libstdcxx_x86=/home/jpmurphy/.cache/coreboot-sdk/libstdcxx-i386-elf/42ef9d2e87a76a37963175d7d428734e65648b87 -DZEPHYR_TOOLCHAIN_VARIANT=coreboot-sdk '-DZEPHYR_MODULES=/mnt/host/source/src/platform/ec/build/zephyr/npcx7/modules/cmsis;/mnt/host/source/src/platform/ec/build/zephyr/npcx7/modules/cmsis_6;/mnt/host/source/src/platform/ec/build/zephyr/npcx7/modules/ec' '-DDTC_OVERLAY_FILE=/mnt/host/source/src/platform/ec/zephyr/program/npcx_evb/npcx7/gpio.dts;/mnt/host/source/src/platform/ec/zephyr/program/npcx_evb/npcx7/interrupts.dts;/mnt/host/source/src/platform/ec/zephyr/program/npcx_evb/npcx7/fan.dts;/mnt/host/source/src/platform/ec/zephyr/program/npcx_evb/npcx7/keyboard.dts' -DBOARD=npcx_evb/npcx7m6fc -DCMAKE_C_FLAGS=-DSECTION_IS_RW '-DCONF_FILE=/mnt/host/source/src/platform/ec/zephyr/program/npcx_evb/npcx7/prj.conf;/mnt/host/source/src/platform/ec/build/zephyr/npcx7/kconfig-rw.conf'`
[npcx7:rw] Loading Zephyr default modules (Zephyr base (cached)).
[npcx7:rw] -- Application: /mnt/host/source/src/platform/ec/zephyr/program/npcx_evb/npcx7
[npcx7:rw] -- CMake version: 3.31.7
[ovis:rw] [375/376] Building C object zephyr/kernel/CMakeFiles/kernel.dir/dynamic_disabled.c.obj
[npcx7:ro] Configuring.
Running `env -i PYTHONPATH=/usr/lib64/python-exec/python3.11:/mnt/host/source/src/platform/ec/zephyr/zmake:/usr/lib/python311.zip:/usr/lib/python3.11:/usr/lib/python3.11/lib-dynload:/usr/lib/python3.11/site-packages PW_PIGWEED_CIPD_INSTALL_DIR=/usr CROSTC_USER_ACKNOWLEDGES_THAT_RISCV_IS_EXPERIMENTAL=1 PATH=/mnt/host/source/chromite/bin:/usr/local/bin:/usr/bin:/bin:/opt/bin:/mnt/host/source/chromite/sdk/bin:/mnt/host/source/chromite/bin HOME=/home/jpmurphy JAVA_HOME=/etc/java-config-2/current-system-vm JDK_HOME=/etc/java-config-2/current-system-vm JAVAC=/etc/java-config-2/current-system-vm/bin/javac MAKEFLAGS=' -j16 --jobserver-auth=5,6' /usr/bin/cmake -S /mnt/host/source/src/platform/ec/zephyr/program/npcx_evb/npcx7 -B /mnt/host/source/src/platform/ec/build/zephyr/npcx7/build-ro -GNinja -DCMAKE_EXPORT_COMPILE_COMMANDS=ON -DZEPHYR_BASE=/mnt/host/source/src/third_party/zephyr/main -DZMAKE_INCLUDE_DIR=/mnt/host/source/src/platform/ec/build/zephyr/npcx7/include -DPython3_EXECUTABLE=/usr/bin/python3.11 -DDTS_ROOT=/mnt/host/source/src/platform/ec/zephyr -DSYSCALL_INCLUDE_DIRS=/mnt/host/source/src/platform/ec/zephyr/include/drivers -DUSER_CACHE_DIR=/mnt/host/source/src/platform/ec/build/zephyr/user-cache '-DEXTRA_EC_VERSION_FLAGS=--version 16543.0.0 --static' -DTOOLCHAIN_ROOT=/mnt/host/source/src/platform/ec/zephyr -DCOREBOOT_SDK_ROOT_x86=/home/jpmurphy/.cache/coreboot-sdk/i386-elf/dfbb0486385d938cfa9d73080b9d18d598ed4f49 -DCOREBOOT_SDK_ROOT_picolibc_x86=/home/jpmurphy/.cache/coreboot-sdk/picolibc-i386-elf/eb8e8e687b95461de8cbf278f1c2076952d0ad17 -DCOREBOOT_SDK_ROOT_riscv64=/home/jpmurphy/.cache/coreboot-sdk/riscv64-elf/96b949749225b6aaa92ed810ab769e8dfb12f000 -DCOREBOOT_SDK_ROOT_picolibc_arm=/home/jpmurphy/.cache/coreboot-sdk/picolibc-arm-eabi/422a2aa3e1ef891b5bece9a3deb696ff83840d2e -DCOREBOOT_SDK_ROOT_nds32=/home/jpmurphy/.cache/coreboot-sdk/nds32le-elf/d1a518c4a097666d86058e1444f85ca015d15511 -DCOREBOOT_SDK_ROOT_picolibc_riscv64=/home/jpmurphy/.cache/coreboot-sdk/picolibc-riscv64-elf/f571e990ef0278564b31124f8bb109d9a697eb69 -DCOREBOOT_SDK_ROOT_arm=/home/jpmurphy/.cache/coreboot-sdk/arm-eabi/ea40ddd1d190c3b48435c474c0b545719371813a -DCOREBOOT_SDK_ROOT_libstdcxx_riscv64=/home/jpmurphy/.cache/coreboot-sdk/libstdcxx-riscv64-elf/17abf22a3a252e2d5d2062ced5324f7a623689e0 -DCOREBOOT_SDK_ROOT_libstdcxx_arm=/home/jpmurphy/.cache/coreboot-sdk/libstdcxx-arm-eabi/5d7d82e150e44aa1968f1d366e267e6687b328ac -DCOREBOOT_SDK_ROOT_riscv=/home/jpmurphy/.cache/coreboot-sdk/riscv-elf/9a27b9e82341c6e9126624f516ab3f261abb3e73 -DCOREBOOT_SDK_ROOT_libstdcxx_x86=/home/jpmurphy/.cache/coreboot-sdk/libstdcxx-i386-elf/42ef9d2e87a76a37963175d7d428734e65648b87 -DZEPHYR_TOOLCHAIN_VARIANT=coreboot-sdk '-DZEPHYR_MODULES=/mnt/host/source/src/platform/ec/build/zephyr/npcx7/modules/cmsis;/mnt/host/source/src/platform/ec/build/zephyr/npcx7/modules/cmsis_6;/mnt/host/source/src/platform/ec/build/zephyr/npcx7/modules/ec' '-DDTC_OVERLAY_FILE=/mnt/host/source/src/platform/ec/zephyr/program/npcx_evb/npcx7/gpio.dts;/mnt/host/source/src/platform/ec/zephyr/program/npcx_evb/npcx7/interrupts.dts;/mnt/host/source/src/platform/ec/zephyr/program/npcx_evb/npcx7/fan.dts;/mnt/host/source/src/platform/ec/zephyr/program/npcx_evb/npcx7/keyboard.dts' -DBOARD=npcx_evb/npcx7m6fc -DCMAKE_C_FLAGS=-DSECTION_IS_RO '-DCONF_FILE=/mnt/host/source/src/platform/ec/zephyr/program/npcx_evb/npcx7/prj.conf;/mnt/host/source/src/platform/ec/build/zephyr/npcx7/kconfig-ro.conf'`
[npcx7:ro] Loading Zephyr default modules (Zephyr base (cached)).
[npcx7:ro] -- Application: /mnt/host/source/src/platform/ec/zephyr/program/npcx_evb/npcx7
[npcx7:ro] -- CMake version: 3.31.7
[ocelotrvp-mchp:rw] [2/363] Generating misc/generated/syscalls_subdirs.trigger
[padme:ro] -- CMake version: 3.31.7
[padme:ro] -- Found Python3: /usr/bin/python3.11 (found suitable version "3.11.11", minimum required is "3.10") found components: Interpreter
[padme:ro] -- Cache files will be written to: /mnt/host/source/src/platform/ec/build/zephyr/user-cache
[padme:ro] -- Zephyr version: 4.3.99 (/mnt/host/source/src/third_party/zephyr/main)
[ocelotrvp-mchp:rw] [3/363] cd /mnt/host/source/src/platform/ec/build/zephyr/ocelotrvp-mchp/build-rw/modules/ec/zephyr && PYTHONPATH=/mnt/host/source/src/platform/ec/build/zephyr/ocelotrvp-mchp/modules/ec/zephyr/zmake/ /usr/bin/python3.11 /mnt/host/source/src/platform/ec/build/zephyr/ocelotrvp-mchp/modules/ec/zephyr/zmake/zephyr_build_tools/generate_ec_version.py /mnt/host/source/src/platform/ec/build/zephyr/ocelotrvp-mchp/build-rw/modules/ec/zephyr/include/ec_version.h --name Zephyr-Kernel --version 16543.0.0 --static
[padme:rw] -- CMake version: 3.31.7
[padme:rw] -- Found Python3: /usr/bin/python3.11 (found suitable version "3.11.11", minimum required is "3.10") found components: Interpreter
[padme:rw] -- Cache files will be written to: /mnt/host/source/src/platform/ec/build/zephyr/user-cache
[padme:rw] -- Zephyr version: 4.3.99 (/mnt/host/source/src/third_party/zephyr/main)
[ovis:rw] [376/376] Linking C static library zephyr/kernel/libkernel.a
[/mnt/host/source/src/platform/ec/build/zephyr/nokris-lcov] geninfo: WARNING: using JSON module "JSON::PP" - which is much slower than some alternatives.  Consider installing one of JSON::XS or Cpanel::JSON::XS
Running (initial) lcov on /mnt/host/source/src/platform/ec/build/zephyr/ovis.
[ocelotrvp-mchp:ro] INFO:root:Version string: Zephyr-Kernel-16543.0.0
[ocelotrvp-mchp:ro] INFO:root:Writing header to /mnt/host/source/src/platform/ec/build/zephyr/ocelotrvp-mchp/build-ro/modules/ec/zephyr/include/ec_version.h
[ocelotrvp-mchp:ro] [4/363] Generating include/generated/zephyr/version.h
Toolchain <zmake.toolchains.LlvmToolchain object at 0x7f412048a1d0> selected by probe function.
[gwendolin] Building in /mnt/host/source/src/platform/ec/build/zephyr/gwendolin.
[gwendolin:rw] Configuring.
Running `env -i PYTHONPATH=/usr/lib64/python-exec/python3.11:/mnt/host/source/src/platform/ec/zephyr/zmake:/usr/lib/python311.zip:/usr/lib/python3.11:/usr/lib/python3.11/lib-dynload:/usr/lib/python3.11/site-packages PW_PIGWEED_CIPD_INSTALL_DIR=/usr CROSTC_USER_ACKNOWLEDGES_THAT_RISCV_IS_EXPERIMENTAL=1 PATH=/mnt/host/source/chromite/bin:/usr/local/bin:/usr/bin:/bin:/opt/bin:/mnt/host/source/chromite/sdk/bin:/mnt/host/source/chromite/bin HOME=/home/jpmurphy JAVA_HOME=/etc/java-config-2/current-system-vm JDK_HOME=/etc/java-config-2/current-system-vm JAVAC=/etc/java-config-2/current-system-vm/bin/javac MAKEFLAGS=' -j16 --jobserver-auth=5,6' /usr/bin/cmake -S /mnt/host/source/src/platform/ec/zephyr/program/fpmcu -B /mnt/host/source/src/platform/ec/build/zephyr/gwendolin/build-rw -GNinja -DCMAKE_EXPORT_COMPILE_COMMANDS=ON -DZEPHYR_BASE=/mnt/host/source/src/third_party/zephyr/main -DZMAKE_INCLUDE_DIR=/mnt/host/source/src/platform/ec/build/zephyr/gwendolin/include -DPython3_EXECUTABLE=/usr/bin/python3.11 -DDTS_ROOT=/mnt/host/source/src/platform/ec/zephyr -DSYSCALL_INCLUDE_DIRS=/mnt/host/source/src/platform/ec/zephyr/include/drivers -DUSER_CACHE_DIR=/mnt/host/source/src/platform/ec/build/zephyr/user-cache '-DEXTRA_EC_VERSION_FLAGS=--version 16543.0.0 --static' -DTOOLCHAIN_ROOT=/mnt/host/source/src/platform/ec/zephyr -DZEPHYR_TOOLCHAIN_VARIANT=llvm '-DZEPHYR_MODULES=/mnt/host/source/src/platform/ec/build/zephyr/gwendolin/modules/ec;/mnt/host/source/src/platform/ec/build/zephyr/gwendolin/modules/cmsis;/mnt/host/source/src/platform/ec/build/zephyr/gwendolin/modules/cmsis_6;/mnt/host/source/src/platform/ec/build/zephyr/gwendolin/modules/egis' -DDTC_OVERLAY_FILE=/mnt/host/source/src/platform/ec/zephyr/program/fpmcu/helipilot/gwendolin.dts -DBOARD=google_quincy -DCMAKE_C_FLAGS=-DSECTION_IS_RW '-DCONF_FILE=/mnt/host/source/src/platform/ec/zephyr/program/fpmcu/prj.conf;/mnt/host/source/src/platform/ec/zephyr/program/fpmcu/helipilot/prj.conf;/mnt/host/source/src/platform/ec/zephyr/program/fpmcu/helipilot/ec_quirks.conf;/mnt/host/source/src/platform/ec/build/zephyr/gwendolin/kconfig-rw.conf'`
[ocelotrvp-mchp:rw] INFO:root:Using a static version string
[ocelotrvp-mchp:rw] INFO:root:Version string: Zephyr-Kernel-16543.0.0
[ocelotrvp-mchp:rw] INFO:root:Writing header to /mnt/host/source/src/platform/ec/build/zephyr/ocelotrvp-mchp/build-rw/modules/ec/zephyr/include/ec_version.h
[ocelotrvp-mchp:rw] [4/363] Generating include/generated/zephyr/version.h
[gwendolin:ro] Configuring.
Running `env -i PYTHONPATH=/usr/lib64/python-exec/python3.11:/mnt/host/source/src/platform/ec/zephyr/zmake:/usr/lib/python311.zip:/usr/lib/python3.11:/usr/lib/python3.11/lib-dynload:/usr/lib/python3.11/site-packages PW_PIGWEED_CIPD_INSTALL_DIR=/usr CROSTC_USER_ACKNOWLEDGES_THAT_RISCV_IS_EXPERIMENTAL=1 PATH=/mnt/host/source/chromite/bin:/usr/local/bin:/usr/bin:/bin:/opt/bin:/mnt/host/source/chromite/sdk/bin:/mnt/host/source/chromite/bin HOME=/home/jpmurphy JAVA_HOME=/etc/java-config-2/current-system-vm JDK_HOME=/etc/java-config-2/current-system-vm JAVAC=/etc/java-config-2/current-system-vm/bin/javac MAKEFLAGS=' -j16 --jobserver-auth=5,6' /usr/bin/cmake -S /mnt/host/source/src/platform/ec/zephyr/program/fpmcu -B /mnt/host/source/src/platform/ec/build/zephyr/gwendolin/build-ro -GNinja -DCMAKE_EXPORT_COMPILE_COMMANDS=ON -DZEPHYR_BASE=/mnt/host/source/src/third_party/zephyr/main -DZMAKE_INCLUDE_DIR=/mnt/host/source/src/platform/ec/build/zephyr/gwendolin/include -DPython3_EXECUTABLE=/usr/bin/python3.11 -DDTS_ROOT=/mnt/host/source/src/platform/ec/zephyr -DSYSCALL_INCLUDE_DIRS=/mnt/host/source/src/platform/ec/zephyr/include/drivers -DUSER_CACHE_DIR=/mnt/host/source/src/platform/ec/build/zephyr/user-cache '-DEXTRA_EC_VERSION_FLAGS=--version 16543.0.0 --static' -DTOOLCHAIN_ROOT=/mnt/host/source/src/platform/ec/zephyr -DZEPHYR_TOOLCHAIN_VARIANT=llvm '-DZEPHYR_MODULES=/mnt/host/source/src/platform/ec/build/zephyr/gwendolin/modules/ec;/mnt/host/source/src/platform/ec/build/zephyr/gwendolin/modules/cmsis;/mnt/host/source/src/platform/ec/build/zephyr/gwendolin/modules/cmsis_6;/mnt/host/source/src/platform/ec/build/zephyr/gwendolin/modules/egis' -DDTC_OVERLAY_FILE=/mnt/host/source/src/platform/ec/zephyr/program/fpmcu/helipilot/gwendolin.dts -DBOARD=google_quincy -DCMAKE_C_FLAGS=-DSECTION_IS_RO '-DCONF_FILE=/mnt/host/source/src/platform/ec/zephyr/program/fpmcu/prj.conf;/mnt/host/source/src/platform/ec/zephyr/program/fpmcu/helipilot/prj.conf;/mnt/host/source/src/platform/ec/zephyr/program/fpmcu/helipilot/ec_quirks.conf;/mnt/host/source/src/platform/ec/build/zephyr/gwendolin/kconfig-ro.conf'`
[gwendolin:rw] Loading Zephyr default modules (Zephyr base (cached)).
[gwendolin:rw] -- Application: /mnt/host/source/src/platform/ec/zephyr/program/fpmcu
[gwendolin:ro] -- Application: /mnt/host/source/src/platform/ec/zephyr/program/fpmcu
[gwendolin:ro] Loading Zephyr default modules (Zephyr base (cached)).
[npcx7:ro] -- Found Python3: /usr/bin/python3.11 (found suitable version "3.11.11", minimum required is "3.10") found components: Interpreter
[npcx7:ro] -- Cache files will be written to: /mnt/host/source/src/platform/ec/build/zephyr/user-cache
[npcx7:rw] -- Found Python3: /usr/bin/python3.11 (found suitable version "3.11.11", minimum required is "3.10") found components: Interpreter
[npcx7:rw] -- Cache files will be written to: /mnt/host/source/src/platform/ec/build/zephyr/user-cache
[npcx7:ro] -- Zephyr version: 4.3.99 (/mnt/host/source/src/third_party/zephyr/main)
[npcx7:rw] -- Zephyr version: 4.3.99 (/mnt/host/source/src/third_party/zephyr/main)
Running `env -i PYTHONPATH=/usr/lib64/python-exec/python3.11:/mnt/host/source/src/platform/ec/zephyr/zmake:/usr/lib/python311.zip:/usr/lib/python3.11:/usr/lib/python3.11/lib-dynload:/usr/lib/python3.11/site-packages PW_PIGWEED_CIPD_INSTALL_DIR=/usr CROSTC_USER_ACKNOWLEDGES_THAT_RISCV_IS_EXPERIMENTAL=1 PATH=/mnt/host/source/chromite/bin:/usr/local/bin:/usr/bin:/bin:/opt/bin:/mnt/host/source/chromite/sdk/bin:/mnt/host/source/chromite/bin HOME=/home/jpmurphy JAVA_HOME=/etc/java-config-2/current-system-vm JDK_HOME=/etc/java-config-2/current-system-vm JAVAC=/etc/java-config-2/current-system-vm/bin/javac MAKEFLAGS=' -j16 --jobserver-auth=5,6' /usr/bin/lcov --gcov-tool /mnt/host/source/src/platform/ec/build/zephyr/ovis/build-rw/gcov.sh -q -o - -c -d /mnt/host/source/src/platform/ec/build/zephyr/ovis -t ovis --rc branch_coverage=1 --filter range --ignore-errors inconsistent,source --ignore-errors gcov,gcov -i`
[gwendolin:ro] -- CMake version: 3.31.7
[gwendolin:ro] -- Found Python3: /usr/bin/python3.11 (found suitable version "3.11.11", minimum required is "3.10") found components: Interpreter
[gwendolin:ro] -- Cache files will be written to: /mnt/host/source/src/platform/ec/build/zephyr/user-cache
[gwendolin:rw] -- CMake version: 3.31.7
[gwendolin:rw] -- Found Python3: /usr/bin/python3.11 (found suitable version "3.11.11", minimum required is "3.10") found components: Interpreter
[gwendolin:rw] -- Cache files will be written to: /mnt/host/source/src/platform/ec/build/zephyr/user-cache
[gwendolin:ro] -- Zephyr version: 4.3.99 (/mnt/host/source/src/third_party/zephyr/main)
[gwendolin:rw] -- Zephyr version: 4.3.99 (/mnt/host/source/src/third_party/zephyr/main)
[ocelotrvp-mchp:ro] -- git describe warned: warning: tag 'upstream/v2.7.99' is externally known as 'v2.7.99'
[ocelotrvp-mchp:ro] -- Zephyr version: 4.3.99 (/mnt/host/source/src/third_party/zephyr/main)
[ocelotrvp-mchp:ro] [5/363] Generating misc/generated/syscalls.json, misc/generated/struct_tags.json
Toolchain <zmake.toolchains.CorebootSdkToolchain object at 0x7f4143003390> selected by probe function.
[ptl-ish] Building in /mnt/host/source/src/platform/ec/build/zephyr/ptl-ish.
[ocelotrvp-mchp:ro] [6/363] Generating include/generated/zephyr/syscall_dispatch.c, include/generated/zephyr/syscall_exports_llext.c, syscall_weakdefs_llext.c, include/generated/zephyr/syscall_list.h
[ocelotrvp-mchp:ro] [7/363] Generating include/generated/zephyr/driver-validation.h
[ocelotrvp-mchp:rw] -- git describe warned: warning: tag 'upstream/v2.7.99' is externally known as 'v2.7.99'
[ocelotrvp-mchp:rw] -- Zephyr version: 4.3.99 (/mnt/host/source/src/third_party/zephyr/main)
[ocelotrvp-mchp:rw] [5/363] Generating misc/generated/syscalls.json, misc/generated/struct_tags.json
[ptl-ish:singleimage] Configuring.
[ocelotrvp-mchp:ro] [8/363] Generating include/generated/device-api-sections.ld, include/generated/device-api-sections.cmake
Running `env -i PYTHONPATH=/usr/lib64/python-exec/python3.11:/mnt/host/source/src/platform/ec/zephyr/zmake:/usr/lib/python311.zip:/usr/lib/python3.11:/usr/lib/python3.11/lib-dynload:/usr/lib/python3.11/site-packages PW_PIGWEED_CIPD_INSTALL_DIR=/usr CROSTC_USER_ACKNOWLEDGES_THAT_RISCV_IS_EXPERIMENTAL=1 PATH=/mnt/host/source/chromite/bin:/usr/local/bin:/usr/bin:/bin:/opt/bin:/mnt/host/source/chromite/sdk/bin:/mnt/host/source/chromite/bin HOME=/home/jpmurphy JAVA_HOME=/etc/java-config-2/current-system-vm JDK_HOME=/etc/java-config-2/current-system-vm JAVAC=/etc/java-config-2/current-system-vm/bin/javac MAKEFLAGS=' -j16 --jobserver-auth=5,6' /usr/bin/cmake -S /mnt/host/source/src/platform/ec/zephyr/program/intelrvp -B /mnt/host/source/src/platform/ec/build/zephyr/ptl-ish/build-singleimage -GNinja -DCMAKE_EXPORT_COMPILE_COMMANDS=ON -DZEPHYR_BASE=/mnt/host/source/src/third_party/zephyr/main -DZMAKE_INCLUDE_DIR=/mnt/host/source/src/platform/ec/build/zephyr/ptl-ish/include -DPython3_EXECUTABLE=/usr/bin/python3.11 -DDTS_ROOT=/mnt/host/source/src/platform/ec/zephyr -DSYSCALL_INCLUDE_DIRS=/mnt/host/source/src/platform/ec/zephyr/include/drivers -DUSER_CACHE_DIR=/mnt/host/source/src/platform/ec/build/zephyr/user-cache '-DEXTRA_EC_VERSION_FLAGS=--version 16543.0.0 --static' -DTOOLCHAIN_ROOT=/mnt/host/source/src/platform/ec/zephyr -DCOREBOOT_SDK_ROOT_x86=/home/jpmurphy/.cache/coreboot-sdk/i386-elf/dfbb0486385d938cfa9d73080b9d18d598ed4f49 -DCOREBOOT_SDK_ROOT_picolibc_x86=/home/jpmurphy/.cache/coreboot-sdk/picolibc-i386-elf/eb8e8e687b95461de8cbf278f1c2076952d0ad17 -DCOREBOOT_SDK_ROOT_riscv64=/home/jpmurphy/.cache/coreboot-sdk/riscv64-elf/96b949749225b6aaa92ed810ab769e8dfb12f000 -DCOREBOOT_SDK_ROOT_picolibc_arm=/home/jpmurphy/.cache/coreboot-sdk/picolibc-arm-eabi/422a2aa3e1ef891b5bece9a3deb696ff83840d2e -DCOREBOOT_SDK_ROOT_nds32=/home/jpmurphy/.cache/coreboot-sdk/nds32le-elf/d1a518c4a097666d86058e1444f85ca015d15511 -DCOREBOOT_SDK_ROOT_picolibc_riscv64=/home/jpmurphy/.cache/coreboot-sdk/picolibc-riscv64-elf/f571e990ef0278564b31124f8bb109d9a697eb69 -DCOREBOOT_SDK_ROOT_arm=/home/jpmurphy/.cache/coreboot-sdk/arm-eabi/ea40ddd1d190c3b48435c474c0b545719371813a -DCOREBOOT_SDK_ROOT_libstdcxx_riscv64=/home/jpmurphy/.cache/coreboot-sdk/libstdcxx-riscv64-elf/17abf22a3a252e2d5d2062ced5324f7a623689e0 -DCOREBOOT_SDK_ROOT_libstdcxx_arm=/home/jpmurphy/.cache/coreboot-sdk/libstdcxx-arm-eabi/5d7d82e150e44aa1968f1d366e267e6687b328ac -DCOREBOOT_SDK_ROOT_riscv=/home/jpmurphy/.cache/coreboot-sdk/riscv-elf/9a27b9e82341c6e9126624f516ab3f261abb3e73 -DCOREBOOT_SDK_ROOT_libstdcxx_x86=/home/jpmurphy/.cache/coreboot-sdk/libstdcxx-i386-elf/42ef9d2e87a76a37963175d7d428734e65648b87 -DZEPHYR_TOOLCHAIN_VARIANT=coreboot-sdk '-DZEPHYR_MODULES=/mnt/host/source/src/platform/ec/build/zephyr/ptl-ish/modules/ec;/mnt/host/source/src/platform/ec/build/zephyr/ptl-ish/modules/cmsis;/mnt/host/source/src/platform/ec/build/zephyr/ptl-ish/modules/cmsis_6;/mnt/host/source/src/platform/ec/build/zephyr/ptl-ish/modules/hal_intel_public' -DDTC_OVERLAY_FILE=/mnt/host/source/src/platform/ec/zephyr/program/intelrvp/ish/ptl-ish/project.overlay -DBOARD=intel_ish_5_8_0 '-DCONF_FILE=/mnt/host/source/src/platform/ec/zephyr/program/intelrvp/ish/prj.conf;/mnt/host/source/src/platform/ec/zephyr/program/intelrvp/ish/motionsense.conf;/mnt/host/source/src/platform/ec/build/zephyr/ptl-ish/kconfig-singleimage.conf'`
[ptl-ish:singleimage] Loading Zephyr default modules (Zephyr base (cached)).
[ptl-ish:singleimage] -- Application: /mnt/host/source/src/platform/ec/zephyr/program/intelrvp
[ptl-ish:singleimage] -- CMake version: 3.31.7
[ocelotrvp-mchp:ro] [9/363] Generating include/generated/zephyr/kobj-types-enum.h, include/generated/zephyr/otype-to-str.h, include/generated/zephyr/otype-to-size.h
[skyrim:ro] -- Board: npcx9, qualifiers: npcx9m3f
[skyrim:rw] -- Board: npcx9, qualifiers: npcx9m3f
[ocelotrvp-mchp:rw] [6/363] Generating include/generated/zephyr/syscall_dispatch.c, include/generated/zephyr/syscall_exports_llext.c, syscall_weakdefs_llext.c, include/generated/zephyr/syscall_list.h
[ocelotrvp-mchp:rw] [7/363] Generating include/generated/zephyr/driver-validation.h
[/mnt/host/source/src/platform/ec/build/zephyr/magikarp-lcov]   /mnt/host/source/src/platform/ec/build/zephyr/magikarp/build-rw/zephyr/CMakeFiles/zephyr.dir/soc/ite/ec/it8xxx2/check_regs.c.gcno:no functions found
[/mnt/host/source/src/platform/ec/build/zephyr/magikarp-lcov] Filter suppressions 'region':
[ocelotrvp-mchp:rw] [8/363] Generating include/generated/device-api-sections.ld, include/generated/device-api-sections.cmake
[ocelotrvp-mchp:rw] [9/363] Generating include/generated/zephyr/kobj-types-enum.h, include/generated/zephyr/otype-to-str.h, include/generated/zephyr/otype-to-size.h
[/mnt/host/source/src/platform/ec/build/zephyr/magikarp-lcov]     36 instances
[/mnt/host/source/src/platform/ec/build/zephyr/magikarp-lcov]     22 coverpoints
[/mnt/host/source/src/platform/ec/build/zephyr/magikarp-lcov] Message summary:
[/mnt/host/source/src/platform/ec/build/zephyr/magikarp-lcov]   35 ignore messages:
[/mnt/host/source/src/platform/ec/build/zephyr/magikarp-lcov]     gcov: 35
[/mnt/host/source/src/platform/ec/build/zephyr/nokris-lcov] stderr:
[ptl-ish:singleimage] -- Found Python3: /usr/bin/python3.11 (found suitable version "3.11.11", minimum required is "3.10") found components: Interpreter
[ptl-ish:singleimage] -- Cache files will be written to: /mnt/host/source/src/platform/ec/build/zephyr/user-cache
[ocelotrvp-mchp:ro] [10/363] Building C object zephyr/drivers/sensor/CMakeFiles/drivers__sensor.dir/mnt/host/source/src/third_party/zephyr/main/misc/empty_file.c.obj
[ptl-ish:singleimage] -- Zephyr version: 4.3.99 (/mnt/host/source/src/third_party/zephyr/main)
[ocelotrvp-mchp:ro] [11/363] Building C object zephyr/drivers/syscon/CMakeFiles/drivers__syscon.dir/mnt/host/source/src/third_party/zephyr/main/misc/empty_file.c.obj
[ocelotrvp-mchp:ro] [12/363] Linking C static library zephyr/drivers/sensor/libdrivers__sensor.a
[ocelotrvp-mchp:ro] [13/363] Linking C static library zephyr/drivers/syscon/libdrivers__syscon.a
[padme:ro] -- Board: it8xxx2, qualifiers: it82002aw
[padme:rw] -- Board: it8xxx2, qualifiers: it82002aw
[/mnt/host/source/src/platform/ec/build/zephyr/ovis-lcov] geninfo: WARNING: using JSON module "JSON::PP" - which is much slower than some alternatives.  Consider installing one of JSON::XS or Cpanel::JSON::XS
[ocelotrvp-mchp:rw] [10/363] Building C object zephyr/drivers/sensor/CMakeFiles/drivers__sensor.dir/mnt/host/source/src/third_party/zephyr/main/misc/empty_file.c.obj
Toolchain <zmake.toolchains.CorebootSdkToolchain object at 0x7f41439ef690> selected by probe function.
[brox-ish-ec] Building in /mnt/host/source/src/platform/ec/build/zephyr/brox-ish-ec.
[brox-ish-ec:rw] Configuring.
Running `env -i PYTHONPATH=/usr/lib64/python-exec/python3.11:/mnt/host/source/src/platform/ec/zephyr/zmake:/usr/lib/python311.zip:/usr/lib/python3.11:/usr/lib/python3.11/lib-dynload:/usr/lib/python3.11/site-packages PW_PIGWEED_CIPD_INSTALL_DIR=/usr CROSTC_USER_ACKNOWLEDGES_THAT_RISCV_IS_EXPERIMENTAL=1 PATH=/mnt/host/source/chromite/bin:/usr/local/bin:/usr/bin:/bin:/opt/bin:/mnt/host/source/chromite/sdk/bin:/mnt/host/source/chromite/bin HOME=/home/jpmurphy JAVA_HOME=/etc/java-config-2/current-system-vm JDK_HOME=/etc/java-config-2/current-system-vm JAVAC=/etc/java-config-2/current-system-vm/bin/javac MAKEFLAGS=' -j16 --jobserver-auth=5,6' /usr/bin/cmake -S /mnt/host/source/src/platform/ec/zephyr/program/brox -B /mnt/host/source/src/platform/ec/build/zephyr/brox-ish-ec/build-rw -GNinja -DCMAKE_EXPORT_COMPILE_COMMANDS=ON -DZEPHYR_BASE=/mnt/host/source/src/third_party/zephyr/main -DZMAKE_INCLUDE_DIR=/mnt/host/source/src/platform/ec/build/zephyr/brox-ish-ec/include -DPython3_EXECUTABLE=/usr/bin/python3.11 -DDTS_ROOT=/mnt/host/source/src/platform/ec/zephyr -DSYSCALL_INCLUDE_DIRS=/mnt/host/source/src/platform/ec/zephyr/include/drivers -DUSER_CACHE_DIR=/mnt/host/source/src/platform/ec/build/zephyr/user-cache '-DEXTRA_EC_VERSION_FLAGS=--version 16543.0.0 --static' -DTOOLCHAIN_ROOT=/mnt/host/source/src/platform/ec/zephyr -DCOREBOOT_SDK_ROOT_x86=/home/jpmurphy/.cache/coreboot-sdk/i386-elf/dfbb0486385d938cfa9d73080b9d18d598ed4f49 -DCOREBOOT_SDK_ROOT_picolibc_x86=/home/jpmurphy/.cache/coreboot-sdk/picolibc-i386-elf/eb8e8e687b95461de8cbf278f1c2076952d0ad17 -DCOREBOOT_SDK_ROOT_riscv64=/home/jpmurphy/.cache/coreboot-sdk/riscv64-elf/96b949749225b6aaa92ed810ab769e8dfb12f000 -DCOREBOOT_SDK_ROOT_picolibc_arm=/home/jpmurphy/.cache/coreboot-sdk/picolibc-arm-eabi/422a2aa3e1ef891b5bece9a3deb696ff83840d2e -DCOREBOOT_SDK_ROOT_nds32=/home/jpmurphy/.cache/coreboot-sdk/nds32le-elf/d1a518c4a097666d86058e1444f85ca015d15511 -DCOREBOOT_SDK_ROOT_picolibc_riscv64=/home/jpmurphy/.cache/coreboot-sdk/picolibc-riscv64-elf/f571e990ef0278564b31124f8bb109d9a697eb69 -DCOREBOOT_SDK_ROOT_arm=/home/jpmurphy/.cache/coreboot-sdk/arm-eabi/ea40ddd1d190c3b48435c474c0b545719371813a -DCOREBOOT_SDK_ROOT_libstdcxx_riscv64=/home/jpmurphy/.cache/coreboot-sdk/libstdcxx-riscv64-elf/17abf22a3a252e2d5d2062ced5324f7a623689e0 -DCOREBOOT_SDK_ROOT_libstdcxx_arm=/home/jpmurphy/.cache/coreboot-sdk/libstdcxx-arm-eabi/5d7d82e150e44aa1968f1d366e267e6687b328ac -DCOREBOOT_SDK_ROOT_riscv=/home/jpmurphy/.cache/coreboot-sdk/riscv-elf/9a27b9e82341c6e9126624f516ab3f261abb3e73 -DCOREBOOT_SDK_ROOT_libstdcxx_x86=/home/jpmurphy/.cache/coreboot-sdk/libstdcxx-i386-elf/42ef9d2e87a76a37963175d7d428734e65648b87 -DZEPHYR_TOOLCHAIN_VARIANT=coreboot-sdk -DZEPHYR_MODULES=/mnt/host/source/src/platform/ec/build/zephyr/brox-ish-ec/modules/ec -DDTC_OVERLAY_FILE=/mnt/host/source/src/platform/ec/zephyr/program/brox/brox-ish-ec/project.overlay -DBOARD=it8xxx2/it82002aw -DCMAKE_C_FLAGS=-DSECTION_IS_RW '-DCONF_FILE=/mnt/host/source/src/platform/ec/zephyr/program/brox/program.conf;/mnt/host/source/src/platform/ec/zephyr/program/brox/ite.conf;/mnt/host/source/src/platform/ec/zephyr/program/brox/brox/project.conf;/mnt/host/source/src/platform/ec/zephyr/program/brox/brox-ish-ec/project.conf;/mnt/host/source/src/platform/ec/build/zephyr/brox-ish-ec/kconfig-rw.conf'`
[ocelotrvp-mchp:ro] [14/363] Building C object zephyr/CMakeFiles/offsets.dir/arch/arm/core/offsets/offsets.c.obj
[brox-ish-ec:rw] Loading Zephyr default modules (Zephyr base (cached)).
[brox-ish-ec:rw] -- Application: /mnt/host/source/src/platform/ec/zephyr/program/brox
[brox-ish-ec:rw] -- CMake version: 3.31.7
[/mnt/host/source/src/platform/ec/build/zephyr/nokris-lcov]   /mnt/host/source/src/platform/ec/build/zephyr/nokris/build-ro/modules/ec/zephyr/CMakeFiles/ec_shim.dir/shim/src/thermal.c.gcno:no functions found
[/mnt/host/source/src/platform/ec/build/zephyr/nokris-lcov] stderr:
[ocelotrvp-mchp:rw] [11/363] Linking C static library zephyr/drivers/sensor/libdrivers__sensor.a
[npcx7:ro] -- Board: npcx_evb, qualifiers: npcx7m6fc
[ocelotrvp-mchp:ro] [15/363] Generating include/generated/zephyr/offsets.h
[/mnt/host/source/src/platform/ec/build/zephyr/pujjoniru-lcov]   /mnt/host/source/src/platform/ec/build/zephyr/pujjoniru/build-rw/CMakeFiles/app.dir/mnt/host/source/src/platform/ec/build/zephyr/pujjoniru/modules/ec/common/cbi_config.c.gcno:no functions found
[/mnt/host/source/src/platform/ec/build/zephyr/pujjoniru-lcov] stderr:
[ocelotrvp-mchp:rw] [12/363] Building C object zephyr/drivers/syscon/CMakeFiles/drivers__syscon.dir/mnt/host/source/src/third_party/zephyr/main/misc/empty_file.c.obj
[npcx7:rw] -- Board: npcx_evb, qualifiers: npcx7m6fc
[ocelotrvp-mchp:rw] [13/363] Linking C static library zephyr/drivers/syscon/libdrivers__syscon.a
[brox-ish-ec:ro] Configuring.
Running `env -i PYTHONPATH=/usr/lib64/python-exec/python3.11:/mnt/host/source/src/platform/ec/zephyr/zmake:/usr/lib/python311.zip:/usr/lib/python3.11:/usr/lib/python3.11/lib-dynload:/usr/lib/python3.11/site-packages PW_PIGWEED_CIPD_INSTALL_DIR=/usr CROSTC_USER_ACKNOWLEDGES_THAT_RISCV_IS_EXPERIMENTAL=1 PATH=/mnt/host/source/chromite/bin:/usr/local/bin:/usr/bin:/bin:/opt/bin:/mnt/host/source/chromite/sdk/bin:/mnt/host/source/chromite/bin HOME=/home/jpmurphy JAVA_HOME=/etc/java-config-2/current-system-vm JDK_HOME=/etc/java-config-2/current-system-vm JAVAC=/etc/java-config-2/current-system-vm/bin/javac MAKEFLAGS=' -j16 --jobserver-auth=5,6' /usr/bin/cmake -S /mnt/host/source/src/platform/ec/zephyr/program/brox -B /mnt/host/source/src/platform/ec/build/zephyr/brox-ish-ec/build-ro -GNinja -DCMAKE_EXPORT_COMPILE_COMMANDS=ON -DZEPHYR_BASE=/mnt/host/source/src/third_party/zephyr/main -DZMAKE_INCLUDE_DIR=/mnt/host/source/src/platform/ec/build/zephyr/brox-ish-ec/include -DPython3_EXECUTABLE=/usr/bin/python3.11 -DDTS_ROOT=/mnt/host/source/src/platform/ec/zephyr -DSYSCALL_INCLUDE_DIRS=/mnt/host/source/src/platform/ec/zephyr/include/drivers -DUSER_CACHE_DIR=/mnt/host/source/src/platform/ec/build/zephyr/user-cache '-DEXTRA_EC_VERSION_FLAGS=--version 16543.0.0 --static' -DTOOLCHAIN_ROOT=/mnt/host/source/src/platform/ec/zephyr -DCOREBOOT_SDK_ROOT_x86=/home/jpmurphy/.cache/coreboot-sdk/i386-elf/dfbb0486385d938cfa9d73080b9d18d598ed4f49 -DCOREBOOT_SDK_ROOT_picolibc_x86=/home/jpmurphy/.cache/coreboot-sdk/picolibc-i386-elf/eb8e8e687b95461de8cbf278f1c2076952d0ad17 -DCOREBOOT_SDK_ROOT_riscv64=/home/jpmurphy/.cache/coreboot-sdk/riscv64-elf/96b949749225b6aaa92ed810ab769e8dfb12f000 -DCOREBOOT_SDK_ROOT_picolibc_arm=/home/jpmurphy/.cache/coreboot-sdk/picolibc-arm-eabi/422a2aa3e1ef891b5bece9a3deb696ff83840d2e -DCOREBOOT_SDK_ROOT_nds32=/home/jpmurphy/.cache/coreboot-sdk/nds32le-elf/d1a518c4a097666d86058e1444f85ca015d15511 -DCOREBOOT_SDK_ROOT_picolibc_riscv64=/home/jpmurphy/.cache/coreboot-sdk/picolibc-riscv64-elf/f571e990ef0278564b31124f8bb109d9a697eb69 -DCOREBOOT_SDK_ROOT_arm=/home/jpmurphy/.cache/coreboot-sdk/arm-eabi/ea40ddd1d190c3b48435c474c0b545719371813a -DCOREBOOT_SDK_ROOT_libstdcxx_riscv64=/home/jpmurphy/.cache/coreboot-sdk/libstdcxx-riscv64-elf/17abf22a3a252e2d5d2062ced5324f7a623689e0 -DCOREBOOT_SDK_ROOT_libstdcxx_arm=/home/jpmurphy/.cache/coreboot-sdk/libstdcxx-arm-eabi/5d7d82e150e44aa1968f1d366e267e6687b328ac -DCOREBOOT_SDK_ROOT_riscv=/home/jpmurphy/.cache/coreboot-sdk/riscv-elf/9a27b9e82341c6e9126624f516ab3f261abb3e73 -DCOREBOOT_SDK_ROOT_libstdcxx_x86=/home/jpmurphy/.cache/coreboot-sdk/libstdcxx-i386-elf/42ef9d2e87a76a37963175d7d428734e65648b87 -DZEPHYR_TOOLCHAIN_VARIANT=coreboot-sdk -DZEPHYR_MODULES=/mnt/host/source/src/platform/ec/build/zephyr/brox-ish-ec/modules/ec -DDTC_OVERLAY_FILE=/mnt/host/source/src/platform/ec/zephyr/program/brox/brox-ish-ec/project.overlay -DBOARD=it8xxx2/it82002aw -DCMAKE_C_FLAGS=-DSECTION_IS_RO '-DCONF_FILE=/mnt/host/source/src/platform/ec/zephyr/program/brox/program.conf;/mnt/host/source/src/platform/ec/zephyr/program/brox/ite.conf;/mnt/host/source/src/platform/ec/zephyr/program/brox/brox/project.conf;/mnt/host/source/src/platform/ec/zephyr/program/brox/brox-ish-ec/project.conf;/mnt/host/source/src/platform/ec/build/zephyr/brox-ish-ec/kconfig-ro.conf'`
[ocelotrvp-mchp:rw] [14/363] Building C object zephyr/CMakeFiles/offsets.dir/arch/arm/core/offsets/offsets.c.obj
[brox-ish-ec:ro] Loading Zephyr default modules (Zephyr base (cached)).
[brox-ish-ec:ro] -- Application: /mnt/host/source/src/platform/ec/zephyr/program/brox
[brox-ish-ec:ro] -- CMake version: 3.31.7
[gwendolin:rw] -- Board: google_quincy, qualifiers: npcx9mfp
[gwendolin:ro] -- Board: google_quincy, qualifiers: npcx9mfp
[/mnt/host/source/src/platform/ec/build/zephyr/nokris-lcov]   /mnt/host/source/src/platform/ec/build/zephyr/nokris/build-ro/modules/ec/zephyr/CMakeFiles/ec_shim.dir/shim/src/battery.c.gcno:no functions found
[brox-ish-ec:rw] -- Found Python3: /usr/bin/python3.11 (found suitable version "3.11.11", minimum required is "3.10") found components: Interpreter
[/mnt/host/source/src/platform/ec/build/zephyr/nokris-lcov] stderr:
[brox-ish-ec:rw] -- Cache files will be written to: /mnt/host/source/src/platform/ec/build/zephyr/user-cache
[brox-ish-ec:rw] -- Zephyr version: 4.3.99 (/mnt/host/source/src/third_party/zephyr/main)
[ocelotrvp-mchp:rw] [15/363] Generating include/generated/zephyr/offsets.h
[/mnt/host/source/src/platform/ec/build/zephyr/nokris-lcov]   /mnt/host/source/src/platform/ec/build/zephyr/nokris/build-ro/modules/ec/zephyr/CMakeFiles/ec_shim.dir/shim/src/charger.c.gcno:no functions found
[/mnt/host/source/src/platform/ec/build/zephyr/nokris-lcov] stderr:
[brox-ish-ec:ro] -- Found Python3: /usr/bin/python3.11 (found suitable version "3.11.11", minimum required is "3.10") found components: Interpreter
[brox-ish-ec:ro] -- Cache files will be written to: /mnt/host/source/src/platform/ec/build/zephyr/user-cache
[brox-ish-ec:ro] -- Zephyr version: 4.3.99 (/mnt/host/source/src/third_party/zephyr/main)
[/mnt/host/source/src/platform/ec/build/zephyr/pujjoniru-lcov]   /mnt/host/source/src/platform/ec/build/zephyr/pujjoniru/build-rw/zephyr/arch/arch/riscv/core/CMakeFiles/arch__riscv__core.dir/cpu_idle.c.gcno:no functions found
[/mnt/host/source/src/platform/ec/build/zephyr/pujjoniru-lcov] stderr:
[ocelotrvp-mchp:ro] [16/363] Building C object CMakeFiles/app.dir/mnt/host/source/src/platform/ec/zephyr/subsys/ap_pwrseq/ap_events.c.obj
[/mnt/host/source/src/platform/ec/build/zephyr/ovis-lcov] stderr:
[skyrim:ro] -- Found Dtc: /usr/bin/dtc (found suitable version "1.6.0", minimum required is "1.4.6")
[skyrim:ro] -- Found BOARD.dts: /mnt/host/source/src/platform/ec/zephyr/boards/google/npcx9/npcx9_npcx9m3f.dts
[skyrim:ro] -- Found devicetree overlay: /mnt/host/source/src/platform/ec/zephyr/program/skyrim/skyrim/project.overlay
[ocelotrvp-mchp:rw] [16/363] Building C object CMakeFiles/app.dir/mnt/host/source/src/platform/ec/zephyr/subsys/ap_pwrseq/ap_events.c.obj
[ptl-ish:singleimage] -- Board: intel_ish_5_8_0, qualifiers: intel_ish_5_8_0
[skyrim:rw] -- Found Dtc: /usr/bin/dtc (found suitable version "1.6.0", minimum required is "1.4.6")
[skyrim:rw] -- Found BOARD.dts: /mnt/host/source/src/platform/ec/zephyr/boards/google/npcx9/npcx9_npcx9m3f.dts
[skyrim:rw] -- Found devicetree overlay: /mnt/host/source/src/platform/ec/zephyr/program/skyrim/skyrim/project.overlay
[/mnt/host/source/src/platform/ec/build/zephyr/nokris-lcov]   /mnt/host/source/src/platform/ec/build/zephyr/nokris/build-ro/modules/ec/zephyr/CMakeFiles/ec_shim.dir/shim/src/usb_muxes.c.gcno:no functions found
[/mnt/host/source/src/platform/ec/build/zephyr/nokris-lcov] stderr:
[/mnt/host/source/src/platform/ec/build/zephyr/ovis-lcov]   /mnt/host/source/src/platform/ec/build/zephyr/ovis/build-ro/modules/ec/zephyr/CMakeFiles/ec_shim.dir/shim/src/thermal.c.gcno:no functions found
[/mnt/host/source/src/platform/ec/build/zephyr/ovis-lcov] stderr:
[ocelotrvp-mchp:ro] [17/363] Building C object CMakeFiles/app.dir/mnt/host/source/src/platform/ec/zephyr/subsys/ap_pwrseq/ap_power_interface.c.obj
[padme:rw] -- Found Dtc: /usr/bin/dtc (found suitable version "1.6.0", minimum required is "1.4.6")
[padme:rw] -- Found BOARD.dts: /mnt/host/source/src/platform/ec/zephyr/boards/google/it8xxx2/it8xxx2_it82002aw.dts
[padme:rw] -- Found devicetree overlay: /mnt/host/source/src/platform/ec/zephyr/program/skywalker/padme/project.overlay
[padme:ro] -- Found Dtc: /usr/bin/dtc (found suitable version "1.6.0", minimum required is "1.4.6")
[padme:ro] -- Found BOARD.dts: /mnt/host/source/src/platform/ec/zephyr/boards/google/it8xxx2/it8xxx2_it82002aw.dts
[padme:ro] -- Found devicetree overlay: /mnt/host/source/src/platform/ec/zephyr/program/skywalker/padme/project.overlay
[brox-ish-ec:rw] -- Board: it8xxx2, qualifiers: it82002aw
[npcx7:rw] -- Found Dtc: /usr/bin/dtc (found suitable version "1.6.0", minimum required is "1.4.6")
[npcx7:rw] -- Found BOARD.dts: /mnt/host/source/src/platform/ec/zephyr/boards/nuvoton/npcx_evb/npcx_evb_npcx7m6fc.dts
[npcx7:rw] -- Found devicetree overlay: /mnt/host/source/src/platform/ec/zephyr/program/npcx_evb/npcx7/gpio.dts
[npcx7:rw] -- Found devicetree overlay: /mnt/host/source/src/platform/ec/zephyr/program/npcx_evb/npcx7/interrupts.dts
[npcx7:ro] -- Found Dtc: /usr/bin/dtc (found suitable version "1.6.0", minimum required is "1.4.6")
[npcx7:ro] -- Found BOARD.dts: /mnt/host/source/src/platform/ec/zephyr/boards/nuvoton/npcx_evb/npcx_evb_npcx7m6fc.dts
[npcx7:ro] -- Found devicetree overlay: /mnt/host/source/src/platform/ec/zephyr/program/npcx_evb/npcx7/gpio.dts
[npcx7:ro] -- Found devicetree overlay: /mnt/host/source/src/platform/ec/zephyr/program/npcx_evb/npcx7/interrupts.dts
[npcx7:ro] -- Found devicetree overlay: /mnt/host/source/src/platform/ec/zephyr/program/npcx_evb/npcx7/fan.dts
[npcx7:ro] -- Found devicetree overlay: /mnt/host/source/src/platform/ec/zephyr/program/npcx_evb/npcx7/keyboard.dts
[ocelotrvp-mchp:rw] [17/363] Building C object CMakeFiles/app.dir/mnt/host/source/src/platform/ec/zephyr/subsys/ap_pwrseq/ap_power_interface.c.obj
[/mnt/host/source/src/platform/ec/build/zephyr/pujjoniru-lcov]   /mnt/host/source/src/platform/ec/build/zephyr/pujjoniru/build-rw/zephyr/arch/common/CMakeFiles/isr_tables.dir/isr_tables.c.gcno:no functions found
[/mnt/host/source/src/platform/ec/build/zephyr/pujjoniru-lcov] stderr:
[brox-ish-ec:ro] -- Board: it8xxx2, qualifiers: it82002aw
[gwendolin:rw] -- Found Dtc: /usr/bin/dtc (found suitable version "1.6.0", minimum required is "1.4.6")
[gwendolin:rw] -- Found BOARD.dts: /mnt/host/source/src/third_party/zephyr/main/boards/google/quincy/google_quincy.dts
[gwendolin:ro] -- Found Dtc: /usr/bin/dtc (found suitable version "1.6.0", minimum required is "1.4.6")
[gwendolin:ro] -- Found BOARD.dts: /mnt/host/source/src/third_party/zephyr/main/boards/google/quincy/google_quincy.dts
[/mnt/host/source/src/platform/ec/build/zephyr/nokris-lcov]   /mnt/host/source/src/platform/ec/build/zephyr/nokris/build-ro/modules/ec/zephyr/CMakeFiles/ec_shim.dir/shim/src/usba.c.gcno:no functions found
[/mnt/host/source/src/platform/ec/build/zephyr/nokris-lcov] stderr:
[/mnt/host/source/src/platform/ec/build/zephyr/ovis-lcov]   /mnt/host/source/src/platform/ec/build/zephyr/ovis/build-ro/modules/ec/zephyr/CMakeFiles/ec_shim.dir/shim/src/usb_muxes.c.gcno:no functions found
[/mnt/host/source/src/platform/ec/build/zephyr/ovis-lcov] stderr:
[/mnt/host/source/src/platform/ec/build/zephyr/ovis-lcov]   /mnt/host/source/src/platform/ec/build/zephyr/ovis/build-ro/modules/ec/zephyr/CMakeFiles/ec_shim.dir/shim/src/bb_retimer_usb_mux.c.gcno:no functions found
[/mnt/host/source/src/platform/ec/build/zephyr/ovis-lcov] stderr:
[ocelotrvp-mchp:ro] [18/363] Building C object CMakeFiles/app.dir/mnt/host/source/src/platform/ec/zephyr/subsys/ap_pwrseq/power_signals.c.obj
[ocelotrvp-mchp:rw] [18/363] Building C object CMakeFiles/app.dir/mnt/host/source/src/platform/ec/zephyr/subsys/ap_pwrseq/power_signals.c.obj
[ptl-ish:singleimage] -- Found Dtc: /usr/bin/dtc (found suitable version "1.6.0", minimum required is "1.4.6")
[ptl-ish:singleimage] -- Found BOARD.dts: /mnt/host/source/src/third_party/zephyr/main/boards/intel/ish/intel_ish_5_8_0.dts
[ptl-ish:singleimage] -- Found devicetree overlay: /mnt/host/source/src/platform/ec/zephyr/program/intelrvp/ish/ptl-ish/project.overlay
[skyrim:ro] -- Generated zephyr.dts: /mnt/host/source/src/platform/ec/build/zephyr/skyrim/build-ro/zephyr/zephyr.dts
[skyrim:ro] -- Generated pickled edt: /mnt/host/source/src/platform/ec/build/zephyr/skyrim/build-ro/zephyr/edt.pickle
[ocelotrvp-mchp:ro] [19/363] Building C object CMakeFiles/app.dir/mnt/host/source/src/platform/ec/zephyr/subsys/ap_pwrseq/signal_gpio.c.obj
[npcx7:ro] -- Generated zephyr.dts: /mnt/host/source/src/platform/ec/build/zephyr/npcx7/build-ro/zephyr/zephyr.dts
[npcx7:ro] -- Generated pickled edt: /mnt/host/source/src/platform/ec/build/zephyr/npcx7/build-ro/zephyr/edt.pickle
[skyrim:rw] -- Generated zephyr.dts: /mnt/host/source/src/platform/ec/build/zephyr/skyrim/build-rw/zephyr/zephyr.dts
[skyrim:rw] -- Generated pickled edt: /mnt/host/source/src/platform/ec/build/zephyr/skyrim/build-rw/zephyr/edt.pickle
[npcx7:rw] -- Found devicetree overlay: /mnt/host/source/src/platform/ec/zephyr/program/npcx_evb/npcx7/fan.dts
[npcx7:rw] -- Found devicetree overlay: /mnt/host/source/src/platform/ec/zephyr/program/npcx_evb/npcx7/keyboard.dts
[npcx7:rw] -- Generated zephyr.dts: /mnt/host/source/src/platform/ec/build/zephyr/npcx7/build-rw/zephyr/zephyr.dts
[npcx7:rw] -- Generated pickled edt: /mnt/host/source/src/platform/ec/build/zephyr/npcx7/build-rw/zephyr/edt.pickle
[ocelotrvp-mchp:rw] [19/363] Building C object CMakeFiles/app.dir/mnt/host/source/src/platform/ec/zephyr/subsys/ap_pwrseq/signal_gpio.c.obj
[brox-ish-ec:rw] -- Found Dtc: /usr/bin/dtc (found suitable version "1.6.0", minimum required is "1.4.6")
[gwendolin:rw] -- Found devicetree overlay: /mnt/host/source/src/platform/ec/zephyr/program/fpmcu/helipilot/gwendolin.dts
[brox-ish-ec:rw] -- Found BOARD.dts: /mnt/host/source/src/platform/ec/zephyr/boards/google/it8xxx2/it8xxx2_it82002aw.dts
[gwendolin:rw] -- Generated zephyr.dts: /mnt/host/source/src/platform/ec/build/zephyr/gwendolin/build-rw/zephyr/zephyr.dts
[gwendolin:ro] -- Found devicetree overlay: /mnt/host/source/src/platform/ec/zephyr/program/fpmcu/helipilot/gwendolin.dts
[gwendolin:ro] -- Generated zephyr.dts: /mnt/host/source/src/platform/ec/build/zephyr/gwendolin/build-ro/zephyr/zephyr.dts
[ptl-ish:singleimage] -- Generated zephyr.dts: /mnt/host/source/src/platform/ec/build/zephyr/ptl-ish/build-singleimage/zephyr/zephyr.dts
[ptl-ish:singleimage] -- Generated pickled edt: /mnt/host/source/src/platform/ec/build/zephyr/ptl-ish/build-singleimage/zephyr/edt.pickle
[padme:ro] -- Generated zephyr.dts: /mnt/host/source/src/platform/ec/build/zephyr/padme/build-ro/zephyr/zephyr.dts
[padme:rw] -- Generated zephyr.dts: /mnt/host/source/src/platform/ec/build/zephyr/padme/build-rw/zephyr/zephyr.dts
[padme:rw] -- Generated pickled edt: /mnt/host/source/src/platform/ec/build/zephyr/padme/build-rw/zephyr/edt.pickle
[brox-ish-ec:ro] -- Found Dtc: /usr/bin/dtc (found suitable version "1.6.0", minimum required is "1.4.6")
[ptl-ish:singleimage] -- Generated devicetree_generated.h: /mnt/host/source/src/platform/ec/build/zephyr/ptl-ish/build-singleimage/zephyr/include/generated/zephyr/devicetree_generated.h
[brox-ish-ec:ro] -- Found BOARD.dts: /mnt/host/source/src/platform/ec/zephyr/boards/google/it8xxx2/it8xxx2_it82002aw.dts
[skyrim:ro] -- Generated devicetree_generated.h: /mnt/host/source/src/platform/ec/build/zephyr/skyrim/build-ro/zephyr/include/generated/zephyr/devicetree_generated.h
[npcx7:ro] -- Generated devicetree_generated.h: /mnt/host/source/src/platform/ec/build/zephyr/npcx7/build-ro/zephyr/include/generated/zephyr/devicetree_generated.h
[npcx7:rw] -- Generated devicetree_generated.h: /mnt/host/source/src/platform/ec/build/zephyr/npcx7/build-rw/zephyr/include/generated/zephyr/devicetree_generated.h
[skyrim:rw] -- Generated devicetree_generated.h: /mnt/host/source/src/platform/ec/build/zephyr/skyrim/build-rw/zephyr/include/generated/zephyr/devicetree_generated.h
[gwendolin:rw] -- Generated pickled edt: /mnt/host/source/src/platform/ec/build/zephyr/gwendolin/build-rw/zephyr/edt.pickle
[gwendolin:rw] -- Generated devicetree_generated.h: /mnt/host/source/src/platform/ec/build/zephyr/gwendolin/build-rw/zephyr/include/generated/zephyr/devicetree_generated.h
[gwendolin:ro] -- Generated pickled edt: /mnt/host/source/src/platform/ec/build/zephyr/gwendolin/build-ro/zephyr/edt.pickle
[gwendolin:ro] -- Generated devicetree_generated.h: /mnt/host/source/src/platform/ec/build/zephyr/gwendolin/build-ro/zephyr/include/generated/zephyr/devicetree_generated.h
[padme:ro] -- Generated pickled edt: /mnt/host/source/src/platform/ec/build/zephyr/padme/build-ro/zephyr/edt.pickle
[padme:ro] -- Generated devicetree_generated.h: /mnt/host/source/src/platform/ec/build/zephyr/padme/build-ro/zephyr/include/generated/zephyr/devicetree_generated.h
[ocelotrvp-mchp:ro] [20/363] Building C object CMakeFiles/app.dir/mnt/host/source/src/platform/ec/zephyr/subsys/ap_pwrseq/signal_vw.c.obj
[ocelotrvp-mchp:rw] [20/363] Building C object CMakeFiles/app.dir/mnt/host/source/src/platform/ec/zephyr/subsys/ap_pwrseq/signal_vw.c.obj
[padme:rw] -- Generated devicetree_generated.h: /mnt/host/source/src/platform/ec/build/zephyr/padme/build-rw/zephyr/include/generated/zephyr/devicetree_generated.h
[/mnt/host/source/src/platform/ec/build/zephyr/nokris-lcov]   /mnt/host/source/src/platform/ec/build/zephyr/nokris/build-ro/modules/ec/zephyr/CMakeFiles/ec_shim.dir/shim/src/bc12.c.gcno:no functions found
[/mnt/host/source/src/platform/ec/build/zephyr/nokris-lcov] stderr:
[/mnt/host/source/src/platform/ec/build/zephyr/ovis-lcov]   /mnt/host/source/src/platform/ec/build/zephyr/ovis/build-ro/modules/ec/zephyr/CMakeFiles/ec_shim.dir/shim/src/usba.c.gcno:no functions found
[/mnt/host/source/src/platform/ec/build/zephyr/ovis-lcov] stderr:
[npcx7:ro] /mnt/host/source/src/platform/ec/build/zephyr/npcx7/build-ro/zephyr/zephyr.dts:3629.9-3636.5: Warning (gpios_property): /fans/fan_0: Missing property '#gpio-cells' in node /named-gpios/pgood_fan or bad phandle (referred from pgood-gpio[0])
[ocelotrvp-mchp:ro] [21/363] Building C object CMakeFiles/app.dir/mnt/host/source/src/platform/ec/zephyr/subsys/ap_pwrseq/ap_pwrseq.c.obj
[npcx7:rw] /mnt/host/source/src/platform/ec/build/zephyr/npcx7/build-rw/zephyr/zephyr.dts:3629.9-3636.5: Warning (gpios_property): /fans/fan_0: Missing property '#gpio-cells' in node /named-gpios/pgood_fan or bad phandle (referred from pgood-gpio[0])
[ocelotrvp-mchp:rw] [21/363] Building C object CMakeFiles/app.dir/mnt/host/source/src/platform/ec/zephyr/subsys/ap_pwrseq/ap_pwrseq.c.obj
[skyrim:ro] /mnt/host/source/src/platform/ec/build/zephyr/skyrim/build-ro/zephyr/zephyr.dts:4218.15-4225.5: Warning (gpios_property): /fans/fan_0: Missing property '#gpio-cells' in node /named-gpios/pg_pcore_s0_r_od or bad phandle (referred from pgood-gpio[0])
[skyrim:rw] /mnt/host/source/src/platform/ec/build/zephyr/skyrim/build-rw/zephyr/zephyr.dts:4218.15-4225.5: Warning (gpios_property): /fans/fan_0: Missing property '#gpio-cells' in node /named-gpios/pg_pcore_s0_r_od or bad phandle (referred from pgood-gpio[0])
[brox-ish-ec:rw] -- Found devicetree overlay: /mnt/host/source/src/platform/ec/zephyr/program/brox/brox-ish-ec/project.overlay
[brox-ish-ec:rw] -- Generated zephyr.dts: /mnt/host/source/src/platform/ec/build/zephyr/brox-ish-ec/build-rw/zephyr/zephyr.dts
[brox-ish-ec:ro] -- Found devicetree overlay: /mnt/host/source/src/platform/ec/zephyr/program/brox/brox-ish-ec/project.overlay
[brox-ish-ec:ro] -- Generated zephyr.dts: /mnt/host/source/src/platform/ec/build/zephyr/brox-ish-ec/build-ro/zephyr/zephyr.dts
[padme:ro] /mnt/host/source/src/platform/ec/build/zephyr/padme/build-ro/zephyr/zephyr.dts:1266.27-1979.5: Warning (avoid_unnecessary_addr_size): /soc/pin-controller: unnecessary #address-cells/#size-cells without "ranges" or child "reg" property
[padme:rw] /mnt/host/source/src/platform/ec/build/zephyr/padme/build-rw/zephyr/zephyr.dts:1266.27-1979.5: Warning (avoid_unnecessary_addr_size): /soc/pin-controller: unnecessary #address-cells/#size-cells without "ranges" or child "reg" property
[brox-ish-ec:rw] -- Generated pickled edt: /mnt/host/source/src/platform/ec/build/zephyr/brox-ish-ec/build-rw/zephyr/edt.pickle
[brox-ish-ec:rw] -- Generated devicetree_generated.h: /mnt/host/source/src/platform/ec/build/zephyr/brox-ish-ec/build-rw/zephyr/include/generated/zephyr/devicetree_generated.h
[ocelotrvp-mchp:ro] [22/363] Building C object CMakeFiles/app.dir/mnt/host/source/src/platform/ec/zephyr/subsys/ap_pwrseq/ap_pwrseq_sm.c.obj
[ocelotrvp-mchp:rw] [22/363] Building C object CMakeFiles/app.dir/mnt/host/source/src/platform/ec/zephyr/subsys/ap_pwrseq/ap_pwrseq_sm.c.obj
[brox-ish-ec:ro] -- Generated pickled edt: /mnt/host/source/src/platform/ec/build/zephyr/brox-ish-ec/build-ro/zephyr/edt.pickle
[brox-ish-ec:ro] -- Generated devicetree_generated.h: /mnt/host/source/src/platform/ec/build/zephyr/brox-ish-ec/build-ro/zephyr/include/generated/zephyr/devicetree_generated.h
[/mnt/host/source/src/platform/ec/build/zephyr/pujjoniru-lcov]   /mnt/host/source/src/platform/ec/build/zephyr/pujjoniru/build-rw/zephyr/CMakeFiles/zephyr.dir/subsys/shell/modules/kernel_service/kernel_shell.c.gcno:no functions found
[/mnt/host/source/src/platform/ec/build/zephyr/pujjoniru-lcov] stderr:
[/mnt/host/source/src/platform/ec/build/zephyr/pujjoniru-lcov]   /mnt/host/source/src/platform/ec/build/zephyr/pujjoniru/build-rw/zephyr/CMakeFiles/zephyr.dir/lib/libc/validate_libc.c.gcno:no functions found
[/mnt/host/source/src/platform/ec/build/zephyr/pujjoniru-lcov] stderr:
[ocelotrvp-mchp:ro] [23/363] Building C object CMakeFiles/app.dir/mnt/host/source/src/platform/ec/zephyr/subsys/ap_pwrseq/power_host_sleep.c.obj
[ocelotrvp-mchp:rw] [23/363] Building C object CMakeFiles/app.dir/mnt/host/source/src/platform/ec/zephyr/subsys/ap_pwrseq/power_host_sleep.c.obj
[brox-ish-ec:rw] /mnt/host/source/src/platform/ec/build/zephyr/brox-ish-ec/build-rw/zephyr/zephyr.dts:1345.27-2056.5: Warning (avoid_unnecessary_addr_size): /soc/pin-controller: unnecessary #address-cells/#size-cells without "ranges" or child "reg" property
[brox-ish-ec:ro] /mnt/host/source/src/platform/ec/build/zephyr/brox-ish-ec/build-ro/zephyr/zephyr.dts:1345.27-2056.5: Warning (avoid_unnecessary_addr_size): /soc/pin-controller: unnecessary #address-cells/#size-cells without "ranges" or child "reg" property
[ocelotrvp-mchp:ro] [24/363] Building C object CMakeFiles/app.dir/mnt/host/source/src/platform/ec/zephyr/subsys/ap_pwrseq/x86_non_dsx_common_pwrseq_sm_handler.c.obj
[ocelotrvp-mchp:rw] [24/363] Building C object CMakeFiles/app.dir/mnt/host/source/src/platform/ec/zephyr/subsys/ap_pwrseq/x86_non_dsx_common_pwrseq_sm_handler.c.obj
[/mnt/host/source/src/platform/ec/build/zephyr/pujjoniru-lcov]   /mnt/host/source/src/platform/ec/build/zephyr/pujjoniru/build-rw/zephyr/CMakeFiles/zephyr.dir/lib/utils/last_section_id.c.gcno:no functions found
[/mnt/host/source/src/platform/ec/build/zephyr/pujjoniru-lcov] stderr:
[ptl-ish:singleimage] warning: PLATFORM_EC_TABLET_MODE_SWITCH (defined at
[ptl-ish:singleimage] /mnt/host/source/src/platform/ec/zephyr/Kconfig.tabletmode:15) was assigned the value 'y' but got
[ptl-ish:singleimage] the value 'n'. Check these unsatisfied dependencies: PLATFORM_EC_MKBP_INPUT_DEVICES (=n). See
[ptl-ish:singleimage] http://docs.zephyrproject.org/latest/kconfig.html#CONFIG_PLATFORM_EC_TABLET_MODE_SWITCH and/or look
[ptl-ish:singleimage] up PLATFORM_EC_TABLET_MODE_SWITCH in the menuconfig/guiconfig interface. The Application Development
[ptl-ish:singleimage] Primer, Setting Configuration Values, and Kconfig - Tips and Best Practices sections of the manual
[ptl-ish:singleimage] might be helpful too.
[npcx7:ro] warning: Deprecated symbol I2C_ALLOW_NO_STOP_TRANSACTIONS is enabled.
[/mnt/host/source/src/platform/ec/build/zephyr/ovis-lcov]   /mnt/host/source/src/platform/ec/build/zephyr/ovis/build-ro/CMakeFiles/app.dir/mnt/host/source/src/platform/ec/build/zephyr/ovis/modules/ec/common/usb_pd_pdo.c.gcno:no functions found
[/mnt/host/source/src/platform/ec/build/zephyr/ovis-lcov] stderr:
[npcx7:rw] warning: Deprecated symbol I2C_ALLOW_NO_STOP_TRANSACTIONS is enabled.
[skyrim:ro] warning: PLATFORM_EC_PANIC_LOG (defined at /mnt/host/source/src/platform/ec/zephyr/Kconfig.panic:53)
[skyrim:ro] was assigned the value 'y' but got the value 'n'. Check these unsatisfied dependencies: (!CROS_EC_RO
[skyrim:ro] || ZTEST) (=n). See http://docs.zephyrproject.org/latest/kconfig.html#CONFIG_PLATFORM_EC_PANIC_LOG
[skyrim:ro] and/or look up PLATFORM_EC_PANIC_LOG in the menuconfig/guiconfig interface. The Application
[skyrim:ro] Development Primer, Setting Configuration Values, and Kconfig - Tips and Best Practices sections of
[skyrim:ro] the manual might be helpful too.
[ptl-ish:singleimage] Parsing /mnt/host/source/src/platform/ec/zephyr/program/intelrvp/Kconfig
[padme:ro] warning: PLATFORM_EC_USB_PORT_POWER_DUMB_CUSTOM_HOOK (defined at
[padme:ro] /mnt/host/source/src/platform/ec/zephyr/Kconfig.usba:49) was assigned the value 'y' but got the
[padme:ro] value 'n'. Check these unsatisfied dependencies: PLATFORM_EC_USB_PORT_POWER_DUMB (=n),
[padme:ro] PLATFORM_EC_USBA (=n). See
[padme:ro] http://docs.zephyrproject.org/latest/kconfig.html#CONFIG_PLATFORM_EC_USB_PORT_POWER_DUMB_CUSTOM_HOOK
[padme:ro] and/or look up PLATFORM_EC_USB_PORT_POWER_DUMB_CUSTOM_HOOK in the menuconfig/guiconfig interface.
[padme:ro] The Application Development Primer, Setting Configuration Values, and Kconfig - Tips and Best
[padme:ro] Practices sections of the manual might be helpful too.
[padme:rw] warning: PLATFORM_EC_USB_PORT_POWER_DUMB_CUSTOM_HOOK (defined at
[padme:rw] /mnt/host/source/src/platform/ec/zephyr/Kconfig.usba:49) was assigned the value 'y' but got the
[padme:rw] value 'n'. Check these unsatisfied dependencies: PLATFORM_EC_USB_PORT_POWER_DUMB (=n),
[padme:rw] PLATFORM_EC_USBA (=n). See
[padme:rw] http://docs.zephyrproject.org/latest/kconfig.html#CONFIG_PLATFORM_EC_USB_PORT_POWER_DUMB_CUSTOM_HOOK
[padme:rw] and/or look up PLATFORM_EC_USB_PORT_POWER_DUMB_CUSTOM_HOOK in the menuconfig/guiconfig interface.
[padme:rw] The Application Development Primer, Setting Configuration Values, and Kconfig - Tips and Best
[padme:rw] Practices sections of the manual might be helpful too.
[padme:rw] warning: Deprecated symbol I2C_ALLOW_NO_STOP_TRANSACTIONS is enabled.
[ocelotrvp-mchp:ro] [25/363] Building C object CMakeFiles/app.dir/mnt/host/source/src/platform/ec/zephyr/subsys/ap_pwrseq/x86_non_dsx_chipset_power_state.c.obj
[ocelotrvp-mchp:rw] [25/363] Building C object CMakeFiles/app.dir/mnt/host/source/src/platform/ec/zephyr/subsys/ap_pwrseq/x86_non_dsx_chipset_power_state.c.obj
[npcx7:ro] Parsing /mnt/host/source/src/third_party/zephyr/main/Kconfig
[gwendolin:rw] Parsing /mnt/host/source/src/platform/ec/zephyr/program/fpmcu/Kconfig
[npcx7:rw] Parsing /mnt/host/source/src/third_party/zephyr/main/Kconfig
[gwendolin:ro] Parsing /mnt/host/source/src/platform/ec/zephyr/program/fpmcu/Kconfig
[skyrim:rw] Parsing /mnt/host/source/src/platform/ec/zephyr/program/skyrim/Kconfig
[skyrim:ro] Parsing /mnt/host/source/src/platform/ec/zephyr/program/skyrim/Kconfig
[/mnt/host/source/src/platform/ec/build/zephyr/nokris-lcov]   /mnt/host/source/src/platform/ec/build/zephyr/nokris/build-ro/CMakeFiles/app.dir/mnt/host/source/src/platform/ec/build/zephyr/nokris/modules/ec/common/usb_pd_pdo.c.gcno:no functions found
[/mnt/host/source/src/platform/ec/build/zephyr/nokris-lcov] stderr:
[padme:ro] Parsing /mnt/host/source/src/platform/ec/zephyr/program/skywalker/Kconfig
[padme:rw] Parsing /mnt/host/source/src/platform/ec/zephyr/program/skywalker/Kconfig
[ptl-ish:singleimage] Loaded configuration '/mnt/host/source/src/third_party/zephyr/main/boards/intel/ish/intel_ish_5_8_0_defconfig'
[ptl-ish:singleimage] Merged configuration '/mnt/host/source/src/platform/ec/zephyr/program/intelrvp/ish/prj.conf'
[ptl-ish:singleimage] Merged configuration '/mnt/host/source/src/platform/ec/zephyr/program/intelrvp/ish/motionsense.conf'
[ptl-ish:singleimage] Merged configuration '/mnt/host/source/src/platform/ec/build/zephyr/ptl-ish/kconfig-singleimage.conf'
[ptl-ish:singleimage] Configuration saved to '/mnt/host/source/src/platform/ec/build/zephyr/ptl-ish/build-singleimage/zephyr/.config'
[ptl-ish:singleimage] Kconfig header saved to '/mnt/host/source/src/platform/ec/build/zephyr/ptl-ish/build-singleimage/zephyr/include/generated/zephyr/autoconf.h'
[ptl-ish:singleimage] -- Found GnuLd: /home/jpmurphy/.cache/coreboot-sdk/i386-elf/dfbb0486385d938cfa9d73080b9d18d598ed4f49/i386-elf/bin/ld.bfd (found version "2.43.1")
[ocelotrvp-mchp:ro] [26/363] Building C object CMakeFiles/app.dir/mnt/host/source/src/platform/ec/zephyr/subsys/ap_pwrseq/x86_non_dsx_common_pwrseq_host_sleep.c.obj
[ocelotrvp-mchp:rw] [26/363] Building C object CMakeFiles/app.dir/mnt/host/source/src/platform/ec/zephyr/subsys/ap_pwrseq/x86_non_dsx_common_pwrseq_host_sleep.c.obj
[ptl-ish:singleimage] -- The C compiler identification is GNU 14.2.0
[gwendolin:rw] Loaded configuration '/mnt/host/source/src/third_party/zephyr/main/boards/google/quincy/google_quincy_defconfig'
[gwendolin:rw] Merged configuration '/mnt/host/source/src/platform/ec/zephyr/program/fpmcu/prj.conf'
[gwendolin:rw] Merged configuration '/mnt/host/source/src/platform/ec/zephyr/program/fpmcu/helipilot/prj.conf'
[gwendolin:rw] Merged configuration '/mnt/host/source/src/platform/ec/zephyr/program/fpmcu/helipilot/ec_quirks.conf'
[gwendolin:rw] Merged configuration '/mnt/host/source/src/platform/ec/build/zephyr/gwendolin/kconfig-rw.conf'
[gwendolin:rw] Configuration saved to '/mnt/host/source/src/platform/ec/build/zephyr/gwendolin/build-rw/zephyr/.config'
[gwendolin:rw] Kconfig header saved to '/mnt/host/source/src/platform/ec/build/zephyr/gwendolin/build-rw/zephyr/include/generated/zephyr/autoconf.h'
[gwendolin:rw] -- Found LlvmLld: /usr/bin/armv7m-cros-eabi-ld.lld (found suitable version "21.0.0", minimum required is "14.0.0")
[npcx7:ro] Loaded configuration '/mnt/host/source/src/platform/ec/zephyr/boards/nuvoton/npcx_evb/npcx_evb_npcx7m6fc_defconfig'
[npcx7:ro] Merged configuration '/mnt/host/source/src/platform/ec/zephyr/program/npcx_evb/npcx7/prj.conf'
[npcx7:ro] Merged configuration '/mnt/host/source/src/platform/ec/build/zephyr/npcx7/kconfig-ro.conf'
[npcx7:ro] Configuration saved to '/mnt/host/source/src/platform/ec/build/zephyr/npcx7/build-ro/zephyr/.config'
[npcx7:ro] Kconfig header saved to '/mnt/host/source/src/platform/ec/build/zephyr/npcx7/build-ro/zephyr/include/generated/zephyr/autoconf.h'
[npcx7:ro] -- Found GnuLd: /home/jpmurphy/.cache/coreboot-sdk/arm-eabi/ea40ddd1d190c3b48435c474c0b545719371813a/arm-eabi/bin/ld.bfd (found version "2.43.1")
[npcx7:rw] Loaded configuration '/mnt/host/source/src/platform/ec/zephyr/boards/nuvoton/npcx_evb/npcx_evb_npcx7m6fc_defconfig'
[npcx7:rw] Merged configuration '/mnt/host/source/src/platform/ec/zephyr/program/npcx_evb/npcx7/prj.conf'
[npcx7:rw] Merged configuration '/mnt/host/source/src/platform/ec/build/zephyr/npcx7/kconfig-rw.conf'
[npcx7:rw] Configuration saved to '/mnt/host/source/src/platform/ec/build/zephyr/npcx7/build-rw/zephyr/.config'
[npcx7:rw] Kconfig header saved to '/mnt/host/source/src/platform/ec/build/zephyr/npcx7/build-rw/zephyr/include/generated/zephyr/autoconf.h'
[npcx7:rw] -- Found GnuLd: /home/jpmurphy/.cache/coreboot-sdk/arm-eabi/ea40ddd1d190c3b48435c474c0b545719371813a/arm-eabi/bin/ld.bfd (found version "2.43.1")
[gwendolin:rw] -- The C compiler identification is Clang 21.0.0
[gwendolin:ro] Loaded configuration '/mnt/host/source/src/third_party/zephyr/main/boards/google/quincy/google_quincy_defconfig'
[gwendolin:ro] Merged configuration '/mnt/host/source/src/platform/ec/zephyr/program/fpmcu/prj.conf'
[gwendolin:ro] Merged configuration '/mnt/host/source/src/platform/ec/zephyr/program/fpmcu/helipilot/prj.conf'
[gwendolin:ro] Merged configuration '/mnt/host/source/src/platform/ec/zephyr/program/fpmcu/helipilot/ec_quirks.conf'
[gwendolin:ro] Merged configuration '/mnt/host/source/src/platform/ec/build/zephyr/gwendolin/kconfig-ro.conf'
[gwendolin:ro] Configuration saved to '/mnt/host/source/src/platform/ec/build/zephyr/gwendolin/build-ro/zephyr/.config'
[gwendolin:ro] Kconfig header saved to '/mnt/host/source/src/platform/ec/build/zephyr/gwendolin/build-ro/zephyr/include/generated/zephyr/autoconf.h'
[gwendolin:ro] -- Found LlvmLld: /usr/bin/armv7m-cros-eabi-ld.lld (found suitable version "21.0.0", minimum required is "14.0.0")
[ptl-ish:singleimage] -- The CXX compiler identification is GNU 14.2.0
[gwendolin:rw] -- The CXX compiler identification is Clang 21.0.0
[skyrim:ro] Loaded configuration '/mnt/host/source/src/platform/ec/zephyr/boards/google/npcx9/npcx9_npcx9m3f_defconfig'
[skyrim:ro] Merged configuration '/mnt/host/source/src/platform/ec/zephyr/program/skyrim/program.conf'
[skyrim:ro] Merged configuration '/mnt/host/source/src/platform/ec/zephyr/program/skyrim/skyrim/project.conf'
[skyrim:ro] Merged configuration '/mnt/host/source/src/platform/ec/build/zephyr/skyrim/kconfig-ro.conf'
[skyrim:ro] Configuration saved to '/mnt/host/source/src/platform/ec/build/zephyr/skyrim/build-ro/zephyr/.config'
[skyrim:ro] Kconfig header saved to '/mnt/host/source/src/platform/ec/build/zephyr/skyrim/build-ro/zephyr/include/generated/zephyr/autoconf.h'
[skyrim:ro] -- Found GnuLd: /home/jpmurphy/.cache/coreboot-sdk/arm-eabi/ea40ddd1d190c3b48435c474c0b545719371813a/arm-eabi/bin/ld.bfd (found version "2.43.1")
[gwendolin:ro] -- The C compiler identification is Clang 21.0.0
[brox-ish-ec:rw] warning: PLATFORM_EC_EEPROM_CBI_WP (defined at
[brox-ish-ec:rw] /mnt/host/source/src/platform/ec/zephyr/Kconfig.cbi:16) was assigned the value 'y' but got the value
[brox-ish-ec:rw] 'n'. Check these unsatisfied dependencies: PLATFORM_EC_CBI_EEPROM (=n). See
[brox-ish-ec:rw] http://docs.zephyrproject.org/latest/kconfig.html#CONFIG_PLATFORM_EC_EEPROM_CBI_WP and/or look up
[brox-ish-ec:rw] PLATFORM_EC_EEPROM_CBI_WP in the menuconfig/guiconfig interface. The Application Development Primer,
[brox-ish-ec:rw] Setting Configuration Values, and Kconfig - Tips and Best Practices sections of the manual might be
[brox-ish-ec:rw] helpful too.
[ptl-ish:singleimage] -- The ASM compiler identification is GNU
[npcx7:ro] -- The C compiler identification is GNU 14.2.0
[ptl-ish:singleimage] -- Found assembler: /home/jpmurphy/.cache/coreboot-sdk/i386-elf/dfbb0486385d938cfa9d73080b9d18d598ed4f49/bin/i386-elf-gcc
[ptl-ish:singleimage] warning: Deprecated symbol I2C_ALLOW_NO_STOP_TRANSACTIONS is enabled.
[ptl-ish:singleimage] CMake Warning at /mnt/host/source/src/platform/ec/zephyr/cmake/linker/ld/linker_libraries.cmake:11 (message):
[ptl-ish:singleimage]   Disabling c_library
[npcx7:rw] -- The C compiler identification is GNU 14.2.0
[skyrim:rw] Loaded configuration '/mnt/host/source/src/platform/ec/zephyr/boards/google/npcx9/npcx9_npcx9m3f_defconfig'
[skyrim:rw] Merged configuration '/mnt/host/source/src/platform/ec/zephyr/program/skyrim/program.conf'
[skyrim:rw] Merged configuration '/mnt/host/source/src/platform/ec/zephyr/program/skyrim/skyrim/project.conf'
[skyrim:rw] Merged configuration '/mnt/host/source/src/platform/ec/build/zephyr/skyrim/kconfig-rw.conf'
[skyrim:rw] Configuration saved to '/mnt/host/source/src/platform/ec/build/zephyr/skyrim/build-rw/zephyr/.config'
[skyrim:rw] Kconfig header saved to '/mnt/host/source/src/platform/ec/build/zephyr/skyrim/build-rw/zephyr/include/generated/zephyr/autoconf.h'
[skyrim:rw] -- Found GnuLd: /home/jpmurphy/.cache/coreboot-sdk/arm-eabi/ea40ddd1d190c3b48435c474c0b545719371813a/arm-eabi/bin/ld.bfd (found version "2.43.1")
[gwendolin:ro] -- The CXX compiler identification is Clang 21.0.0
[gwendolin:rw] -- The ASM compiler identification is Clang with GNU-like command-line
[padme:rw] Loaded configuration '/mnt/host/source/src/platform/ec/zephyr/boards/google/it8xxx2/it8xxx2_it82002aw_defconfig'
[padme:rw] Merged configuration '/mnt/host/source/src/platform/ec/zephyr/program/skywalker/program.conf'
[padme:rw] Merged configuration '/mnt/host/source/src/platform/ec/zephyr/program/skywalker/ite_program.conf'
[padme:rw] Merged configuration '/mnt/host/source/src/platform/ec/zephyr/program/skywalker/padme/project.conf'
[padme:rw] Merged configuration '/mnt/host/source/src/platform/ec/build/zephyr/padme/kconfig-rw.conf'
[padme:rw] Configuration saved to '/mnt/host/source/src/platform/ec/build/zephyr/padme/build-rw/zephyr/.config'
[padme:rw] Kconfig header saved to '/mnt/host/source/src/platform/ec/build/zephyr/padme/build-rw/zephyr/include/generated/zephyr/autoconf.h'
[padme:rw] -- Found GnuLd: /home/jpmurphy/.cache/coreboot-sdk/riscv64-elf/96b949749225b6aaa92ed810ab769e8dfb12f000/riscv64-elf/bin/ld.bfd (found version "2.43.1")
[skyrim:ro] -- The C compiler identification is GNU 14.2.0
[gwendolin:ro] -- The ASM compiler identification is Clang with GNU-like command-line
[gwendolin:ro] -- Found assembler: /usr/bin/armv7m-cros-eabi-clang
[npcx7:ro] -- The CXX compiler identification is GNU 14.2.0
[padme:ro] Loaded configuration '/mnt/host/source/src/platform/ec/zephyr/boards/google/it8xxx2/it8xxx2_it82002aw_defconfig'
[padme:ro] Merged configuration '/mnt/host/source/src/platform/ec/zephyr/program/skywalker/program.conf'
[padme:ro] Merged configuration '/mnt/host/source/src/platform/ec/zephyr/program/skywalker/ite_program.conf'
[padme:ro] Merged configuration '/mnt/host/source/src/platform/ec/zephyr/program/skywalker/padme/project.conf'
[padme:ro] Merged configuration '/mnt/host/source/src/platform/ec/build/zephyr/padme/kconfig-ro.conf'
[padme:ro] Configuration saved to '/mnt/host/source/src/platform/ec/build/zephyr/padme/build-ro/zephyr/.config'
[padme:ro] Kconfig header saved to '/mnt/host/source/src/platform/ec/build/zephyr/padme/build-ro/zephyr/include/generated/zephyr/autoconf.h'
[padme:ro] -- Found GnuLd: /home/jpmurphy/.cache/coreboot-sdk/riscv64-elf/96b949749225b6aaa92ed810ab769e8dfb12f000/riscv64-elf/bin/ld.bfd (found version "2.43.1")
[npcx7:rw] -- The CXX compiler identification is GNU 14.2.0
[skyrim:rw] -- The C compiler identification is GNU 14.2.0
[ocelotrvp-mchp:ro] [27/363] Building C object CMakeFiles/app.dir/mnt/host/source/src/platform/ec/zephyr/subsys/ap_pwrseq/x86_non_dsx_common_pwrseq_console.c.obj
[npcx7:ro] -- The ASM compiler identification is GNU
[npcx7:ro] -- Found assembler: /home/jpmurphy/.cache/coreboot-sdk/arm-eabi/ea40ddd1d190c3b48435c474c0b545719371813a/bin/arm-eabi-gcc
[npcx7:ro] CMake Warning at /mnt/host/source/src/platform/ec/zephyr/cmake/linker/ld/linker_libraries.cmake:11 (message):
[npcx7:rw] -- The ASM compiler identification is GNU
[npcx7:rw] -- Found assembler: /home/jpmurphy/.cache/coreboot-sdk/arm-eabi/ea40ddd1d190c3b48435c474c0b545719371813a/bin/arm-eabi-gcc
[ocelotrvp-mchp:rw] [27/363] Building C object CMakeFiles/app.dir/mnt/host/source/src/platform/ec/zephyr/subsys/ap_pwrseq/x86_non_dsx_common_pwrseq_console.c.obj
[npcx7:rw] CMake Warning at /mnt/host/source/src/platform/ec/zephyr/cmake/linker/ld/linker_libraries.cmake:11 (message):
[npcx7:rw]   Disabling c_library
[npcx7:rw] Call Stack (most recent call first):
[npcx7:rw]   /mnt/host/source/src/third_party/zephyr/main/cmake/target_toolchain_flags.cmake:48 (include)
[npcx7:rw]   /mnt/host/source/src/third_party/zephyr/main/cmake/modules/kernel.cmake:153 (include)
[npcx7:rw]   /mnt/host/source/src/third_party/zephyr/main/cmake/modules/zephyr_default.cmake:138 (include)
[npcx7:rw]   /mnt/host/source/src/third_party/zephyr/main/share/zephyr-package/cmake/ZephyrConfig.cmake:66 (include)
[npcx7:rw]   /mnt/host/source/src/third_party/zephyr/main/share/zephyr-package/cmake/ZephyrConfig.cmake:97 (include_boilerplate)
[npcx7:rw]   CMakeLists.txt:7 (find_package)
[padme:rw] -- The C compiler identification is GNU 14.2.0
[skyrim:ro] -- The CXX compiler identification is GNU 14.2.0
[brox-ish-ec:ro] warning: PLATFORM_EC_EEPROM_CBI_WP (defined at
[brox-ish-ec:ro] /mnt/host/source/src/platform/ec/zephyr/Kconfig.cbi:16) was assigned the value 'y' but got the value
[brox-ish-ec:ro] 'n'. Check these unsatisfied dependencies: PLATFORM_EC_CBI_EEPROM (=n). See
[brox-ish-ec:ro] http://docs.zephyrproject.org/latest/kconfig.html#CONFIG_PLATFORM_EC_EEPROM_CBI_WP and/or look up
[brox-ish-ec:ro] PLATFORM_EC_EEPROM_CBI_WP in the menuconfig/guiconfig interface. The Application Development Primer,
[brox-ish-ec:ro] Setting Configuration Values, and Kconfig - Tips and Best Practices sections of the manual might be
[brox-ish-ec:ro] helpful too.
[brox-ish-ec:rw] Parsing /mnt/host/source/src/platform/ec/zephyr/program/brox/Kconfig
[brox-ish-ec:ro] warning: Deprecated symbol I2C_ALLOW_NO_STOP_TRANSACTIONS is enabled.
[skyrim:ro] -- The ASM compiler identification is GNU
[padme:ro] -- The C compiler identification is GNU 14.2.0
[skyrim:ro] warning: Deprecated symbol I2C_ALLOW_NO_STOP_TRANSACTIONS is enabled.
[skyrim:ro] CMake Warning at /mnt/host/source/src/platform/ec/zephyr/cmake/linker/ld/linker_libraries.cmake:11 (message):
[skyrim:ro]   Disabling c_library
[skyrim:ro] Call Stack (most recent call first):
[skyrim:ro]   /mnt/host/source/src/third_party/zephyr/main/cmake/target_toolchain_flags.cmake:48 (include)
[skyrim:ro]   /mnt/host/source/src/third_party/zephyr/main/cmake/modules/kernel.cmake:153 (include)
[skyrim:ro]   /mnt/host/source/src/third_party/zephyr/main/cmake/modules/zephyr_default.cmake:138 (include)
[skyrim:ro]   /mnt/host/source/src/third_party/zephyr/main/share/zephyr-package/cmake/ZephyrConfig.cmake:66 (include)
[skyrim:ro]   /mnt/host/source/src/third_party/zephyr/main/share/zephyr-package/cmake/ZephyrConfig.cmake:97 (include_boilerplate)
[skyrim:ro]   CMakeLists.txt:7 (find_package)
[skyrim:rw] -- The CXX compiler identification is GNU 14.2.0
[ptl-ish:singleimage] -- Performing EC specific devicetree checks
[gwendolin:rw] -- Found assembler: /usr/bin/armv7m-cros-eabi-clang
[gwendolin:rw] -- Performing EC specific devicetree checks
[skyrim:rw] -- The ASM compiler identification is GNU
[skyrim:rw] -- Found assembler: /home/jpmurphy/.cache/coreboot-sdk/arm-eabi/ea40ddd1d190c3b48435c474c0b545719371813a/bin/arm-eabi-gcc
[skyrim:rw] warning: Deprecated symbol I2C_ALLOW_NO_STOP_TRANSACTIONS is enabled.
[skyrim:rw] CMake Warning at /mnt/host/source/src/platform/ec/zephyr/cmake/linker/ld/linker_libraries.cmake:11 (message):
[skyrim:rw]   Disabling c_library
[skyrim:rw] Call Stack (most recent call first):
[skyrim:rw]   /mnt/host/source/src/third_party/zephyr/main/cmake/target_toolchain_flags.cmake:48 (include)
[skyrim:rw]   /mnt/host/source/src/third_party/zephyr/main/cmake/modules/kernel.cmake:153 (include)
[skyrim:rw]   /mnt/host/source/src/third_party/zephyr/main/cmake/modules/zephyr_default.cmake:138 (include)
[skyrim:rw]   /mnt/host/source/src/third_party/zephyr/main/share/zephyr-package/cmake/ZephyrConfig.cmake:66 (include)
[skyrim:rw]   /mnt/host/source/src/third_party/zephyr/main/share/zephyr-package/cmake/ZephyrConfig.cmake:97 (include_boilerplate)
[skyrim:rw]   CMakeLists.txt:7 (find_package)
[padme:rw] -- The CXX compiler identification is GNU 14.2.0
[ptl-ish:singleimage] Call Stack (most recent call first):
[ptl-ish:singleimage]   /mnt/host/source/src/third_party/zephyr/main/cmake/target_toolchain_flags.cmake:48 (include)
[ptl-ish:singleimage]   /mnt/host/source/src/third_party/zephyr/main/cmake/modules/kernel.cmake:153 (include)
[ptl-ish:singleimage]   /mnt/host/source/src/third_party/zephyr/main/cmake/modules/zephyr_default.cmake:138 (include)
[ptl-ish:singleimage]   /mnt/host/source/src/third_party/zephyr/main/share/zephyr-package/cmake/ZephyrConfig.cmake:66 (include)
[ptl-ish:singleimage]   /mnt/host/source/src/third_party/zephyr/main/share/zephyr-package/cmake/ZephyrConfig.cmake:97 (include_boilerplate)
[ptl-ish:singleimage]   CMakeLists.txt:7 (find_package)
[ptl-ish:singleimage] INFO: Verified 5 GPIOs, no duplicates found
[padme:rw] -- The ASM compiler identification is GNU
[padme:rw] -- Found assembler: /home/jpmurphy/.cache/coreboot-sdk/riscv64-elf/96b949749225b6aaa92ed810ab769e8dfb12f000/bin/riscv64-elf-gcc
[gwendolin:rw] warning: Deprecated symbol POSIX_READER_WRITER_LOCKS is enabled.
[gwendolin:rw] warning: Deprecated symbol REQUIRES_STD_C99 is enabled.
[gwendolin:rw] warning: Deprecated symbol REQUIRES_STD_C11 is enabled.
[gwendolin:rw] warning: Deprecated symbol STD_C11 is enabled.
[gwendolin:rw] INFO: Verified 7 GPIOs, no duplicates found
[padme:rw] CMake Warning at /mnt/host/source/src/platform/ec/zephyr/cmake/linker/ld/linker_libraries.cmake:11 (message):
[padme:rw]   Disabling c_library
[padme:rw] Call Stack (most recent call first):
[padme:rw]   /mnt/host/source/src/third_party/zephyr/main/cmake/target_toolchain_flags.cmake:48 (include)
[padme:rw]   /mnt/host/source/src/third_party/zephyr/main/cmake/modules/kernel.cmake:153 (include)
[padme:rw]   /mnt/host/source/src/third_party/zephyr/main/cmake/modules/zephyr_default.cmake:138 (include)
[padme:rw]   /mnt/host/source/src/third_party/zephyr/main/share/zephyr-package/cmake/ZephyrConfig.cmake:66 (include)
[padme:rw]   /mnt/host/source/src/third_party/zephyr/main/share/zephyr-package/cmake/ZephyrConfig.cmake:97 (include_boilerplate)
[padme:rw]   CMakeLists.txt:6 (find_package)
[gwendolin:ro] -- Performing EC specific devicetree checks
[padme:ro] -- The CXX compiler identification is GNU 14.2.0
[ptl-ish:singleimage] -- Generating component manifest file
[padme:ro] -- The ASM compiler identification is GNU
[padme:ro] warning: Deprecated symbol I2C_ALLOW_NO_STOP_TRANSACTIONS is enabled.
[padme:ro] CMake Warning at /mnt/host/source/src/platform/ec/zephyr/cmake/linker/ld/linker_libraries.cmake:11 (message):
[padme:ro]   Disabling c_library
[padme:ro] Call Stack (most recent call first):
[padme:ro]   /mnt/host/source/src/third_party/zephyr/main/cmake/target_toolchain_flags.cmake:48 (include)
[padme:ro]   /mnt/host/source/src/third_party/zephyr/main/cmake/modules/kernel.cmake:153 (include)
[padme:ro]   /mnt/host/source/src/third_party/zephyr/main/cmake/modules/zephyr_default.cmake:138 (include)
[padme:ro]   /mnt/host/source/src/third_party/zephyr/main/share/zephyr-package/cmake/ZephyrConfig.cmake:66 (include)
[padme:ro]   /mnt/host/source/src/third_party/zephyr/main/share/zephyr-package/cmake/ZephyrConfig.cmake:97 (include_boilerplate)
[padme:ro]   CMakeLists.txt:6 (find_package)
[brox-ish-ec:ro] Parsing /mnt/host/source/src/platform/ec/zephyr/program/brox/Kconfig
[gwendolin:ro] warning: Deprecated symbol POSIX_READER_WRITER_LOCKS is enabled.
[gwendolin:ro] warning: Deprecated symbol REQUIRES_STD_C99 is enabled.
[gwendolin:ro] warning: Deprecated symbol REQUIRES_STD_C11 is enabled.
[gwendolin:ro] warning: Deprecated symbol STD_C11 is enabled.
[gwendolin:ro] INFO: Verified 7 GPIOs, no duplicates found
[gwendolin:ro] INFO: Verified 3 '*-gpios' properties, all flags match.
[gwendolin:ro] INFO: Skipped 1 named-gpios children.
[ptl-ish:singleimage] INFO: Verified 0 '*-gpios' properties, all flags match.
[ptl-ish:singleimage] INFO: Skipped 1 named-gpios children.
[ptl-ish:singleimage] INFO: Running CME, outputting to /mnt/host/source/src/platform/ec/build/zephyr/ptl-ish/build-singleimage/zephyr/component_manifest.json
[ptl-ish:singleimage] INFO: Project ptl-ish does not support SSFC
[ptl-ish:singleimage] INFO: No usbc node found
[ocelotrvp-mchp:ro] [28/363] Building C object CMakeFiles/app.dir/mnt/host/source/src/platform/ec/zephyr/subsys/ap_pwrseq/x86_non_dsx_common_pwrseq_host_command.c.obj
[ocelotrvp-mchp:rw] [28/363] Building C object CMakeFiles/app.dir/mnt/host/source/src/platform/ec/zephyr/subsys/ap_pwrseq/x86_non_dsx_common_pwrseq_host_command.c.obj
[npcx7:ro] -- Performing EC specific devicetree checks
[skyrim:ro] -- Found assembler: /home/jpmurphy/.cache/coreboot-sdk/arm-eabi/ea40ddd1d190c3b48435c474c0b545719371813a/bin/arm-eabi-gcc
[skyrim:ro] -- Performing EC specific devicetree checks
[npcx7:rw] -- Performing EC specific devicetree checks
[padme:rw] -- Performing EC specific devicetree checks
[ptl-ish:singleimage] -- warning_base_override: -Wall;-Wformat;-Wformat-security;-Wformat;-Wno-format-zero-length;-Wno-pointer-sign;-Wpointer-arith;-Wexpansion-to-defined
[brox-ish-ec:rw] Loaded configuration '/mnt/host/source/src/platform/ec/zephyr/boards/google/it8xxx2/it8xxx2_it82002aw_defconfig'
[brox-ish-ec:rw] Merged configuration '/mnt/host/source/src/platform/ec/zephyr/program/brox/program.conf'
[brox-ish-ec:rw] Merged configuration '/mnt/host/source/src/platform/ec/zephyr/program/brox/ite.conf'
[brox-ish-ec:rw] Merged configuration '/mnt/host/source/src/platform/ec/zephyr/program/brox/brox/project.conf'
[brox-ish-ec:rw] Merged configuration '/mnt/host/source/src/platform/ec/zephyr/program/brox/brox-ish-ec/project.conf'
[brox-ish-ec:rw] Merged configuration '/mnt/host/source/src/platform/ec/build/zephyr/brox-ish-ec/kconfig-rw.conf'
[brox-ish-ec:rw] Configuration saved to '/mnt/host/source/src/platform/ec/build/zephyr/brox-ish-ec/build-rw/zephyr/.config'
[brox-ish-ec:rw] Kconfig header saved to '/mnt/host/source/src/platform/ec/build/zephyr/brox-ish-ec/build-rw/zephyr/include/generated/zephyr/autoconf.h'
[brox-ish-ec:rw] -- Found GnuLd: /home/jpmurphy/.cache/coreboot-sdk/riscv64-elf/96b949749225b6aaa92ed810ab769e8dfb12f000/riscv64-elf/bin/ld.bfd (found version "2.43.1")
[skyrim:ro] INFO: Verified 89 GPIOs, no duplicates found
[skyrim:rw] -- Performing EC specific devicetree checks
[npcx7:rw] INFO: Verified 12 GPIOs, no duplicates found
[npcx7:ro]   Disabling c_library
[npcx7:ro] Call Stack (most recent call first):
[npcx7:ro]   /mnt/host/source/src/third_party/zephyr/main/cmake/target_toolchain_flags.cmake:48 (include)
[npcx7:rw] INFO: Verified 0 '*-gpios' properties, all flags match.
[npcx7:ro]   /mnt/host/source/src/third_party/zephyr/main/cmake/modules/kernel.cmake:153 (include)
[npcx7:ro]   /mnt/host/source/src/third_party/zephyr/main/cmake/modules/zephyr_default.cmake:138 (include)
[npcx7:ro]   /mnt/host/source/src/third_party/zephyr/main/share/zephyr-package/cmake/ZephyrConfig.cmake:66 (include)
[npcx7:ro]   /mnt/host/source/src/third_party/zephyr/main/share/zephyr-package/cmake/ZephyrConfig.cmake:97 (include_boilerplate)
[npcx7:ro]   CMakeLists.txt:7 (find_package)
[npcx7:ro] INFO: Verified 12 GPIOs, no duplicates found
[npcx7:ro] INFO: Verified 0 '*-gpios' properties, all flags match.
[padme:ro] -- Found assembler: /home/jpmurphy/.cache/coreboot-sdk/riscv64-elf/96b949749225b6aaa92ed810ab769e8dfb12f000/bin/riscv64-elf-gcc
[padme:ro] -- Performing EC specific devicetree checks
[padme:rw] INFO: Verified 43 GPIOs, no duplicates found
[padme:rw] INFO: Verified 25 '*-gpios' properties, all flags match.
[gwendolin:rw] -- warning_base_override: -Wall;-Wformat;-Wformat-security;-Wno-format-zero-length;-Wno-unused-but-set-variable;-Wno-typedef-redefinition;-Wno-deprecated-non-prototype;-Wno-pointer-sign;-Wpointer-arith;-Wno-main;-Wno-unknown-warning-option;-Wno-arm-interrupt-vfp-clobber;-Wno-extra
[brox-ish-ec:rw] -- The C compiler identification is GNU 14.2.0
[skyrim:rw] INFO: Verified 89 GPIOs, no duplicates found
[skyrim:rw] INFO: Verified 6 '*-gpios' properties, all flags match.
[skyrim:rw] INFO: Skipped 2 named-gpios children.
[padme:ro] INFO: Verified 43 GPIOs, no duplicates found
[padme:ro] INFO: Verified 25 '*-gpios' properties, all flags match.
[npcx7:rw] -- Generating component manifest file
[skyrim:ro] -- Generating component manifest file
[npcx7:ro] -- Generating component manifest file
[padme:rw] -- Generating component manifest file
[gwendolin:ro] -- warning_base_override: -Wall;-Wformat;-Wformat-security;-Wno-format-zero-length;-Wno-unused-but-set-variable;-Wno-typedef-redefinition;-Wno-deprecated-non-prototype;-Wno-pointer-sign;-Wpointer-arith;-Wno-main;-Wno-unknown-warning-option;-Wno-arm-interrupt-vfp-clobber;-Wno-extra
[ptl-ish:singleimage] -- Found gen_kobject_list: /mnt/host/source/src/third_party/zephyr/main/scripts/build/gen_kobject_list.py
[ptl-ish:singleimage] INFO: No motionsense-sensor-alt node found
[ptl-ish:singleimage] CMake Warning at /mnt/host/source/src/third_party/zephyr/main/CMakeLists.txt:1134 (message):
[ptl-ish:singleimage]   No SOURCES given to Zephyr library: drivers__syscon
[ptl-ish:singleimage]   Excluding target from build.
[gwendolin:rw] INFO: Verified 3 '*-gpios' properties, all flags match.
[gwendolin:rw] INFO: Skipped 1 named-gpios children.
[gwendolin:rw] CMake Warning (dev) at /usr/share/cmake/Modules/GNUInstallDirs.cmake:253 (message):
[gwendolin:rw]   Unable to determine default CMAKE_INSTALL_LIBDIR directory because no
[ptl-ish:singleimage] CMake Warning at /mnt/host/source/src/third_party/zephyr/main/cmake/emu/simics.cmake:14 (message):
[brox-ish-ec:rw] -- The CXX compiler identification is GNU 14.2.0
[ptl-ish:singleimage]   Simics simulator environment is not found at SIMICS_PROJECT:''
[ptl-ish:singleimage] Call Stack (most recent call first):
[ptl-ish:singleimage]   /mnt/host/source/src/third_party/zephyr/main/CMakeLists.txt:2336 (include)
[ptl-ish:singleimage] CMake Warning at /mnt/host/source/src/third_party/zephyr/main/CMakeLists.txt:2359 (message):
[ptl-ish:singleimage]   __ASSERT() statements are globally ENABLED
[brox-ish-ec:rw] -- The ASM compiler identification is GNU
[brox-ish-ec:rw] -- Found assembler: /home/jpmurphy/.cache/coreboot-sdk/riscv64-elf/96b949749225b6aaa92ed810ab769e8dfb12f000/bin/riscv64-elf-gcc
[brox-ish-ec:rw] warning: Deprecated symbol I2C_ALLOW_NO_STOP_TRANSACTIONS is enabled.
[brox-ish-ec:rw] CMake Warning at /mnt/host/source/src/platform/ec/zephyr/cmake/linker/ld/linker_libraries.cmake:11 (message):
[brox-ish-ec:rw]   Disabling c_library
[brox-ish-ec:rw] Call Stack (most recent call first):
[brox-ish-ec:rw]   /mnt/host/source/src/third_party/zephyr/main/cmake/target_toolchain_flags.cmake:48 (include)
[brox-ish-ec:rw]   /mnt/host/source/src/third_party/zephyr/main/cmake/modules/kernel.cmake:153 (include)
[brox-ish-ec:rw]   /mnt/host/source/src/third_party/zephyr/main/cmake/modules/zephyr_default.cmake:138 (include)
[brox-ish-ec:rw]   /mnt/host/source/src/third_party/zephyr/main/share/zephyr-package/cmake/ZephyrConfig.cmake:66 (include)
[brox-ish-ec:rw]   /mnt/host/source/src/third_party/zephyr/main/share/zephyr-package/cmake/ZephyrConfig.cmake:97 (include_boilerplate)
[brox-ish-ec:rw]   CMakeLists.txt:6 (find_package)
[skyrim:ro] INFO: Verified 6 '*-gpios' properties, all flags match.
[skyrim:ro] INFO: Skipped 2 named-gpios children.
[skyrim:ro] INFO: Running CME, outputting to /mnt/host/source/src/platform/ec/build/zephyr/skyrim/build-ro/zephyr/component_manifest.json
[skyrim:ro] INFO: Project skyrim does not support SSFC
[skyrim:ro] INFO: Component aoz1380(aoz,aoz1380) not on I2C bus, skip it
[skyrim:ro] INFO: No motionsense-sensor-alt node found
[brox-ish-ec:ro] Loaded configuration '/mnt/host/source/src/platform/ec/zephyr/boards/google/it8xxx2/it8xxx2_it82002aw_defconfig'
[brox-ish-ec:ro] Merged configuration '/mnt/host/source/src/platform/ec/zephyr/program/brox/program.conf'
[brox-ish-ec:ro] Merged configuration '/mnt/host/source/src/platform/ec/zephyr/program/brox/ite.conf'
[brox-ish-ec:ro] Merged configuration '/mnt/host/source/src/platform/ec/zephyr/program/brox/brox/project.conf'
[brox-ish-ec:ro] Merged configuration '/mnt/host/source/src/platform/ec/zephyr/program/brox/brox-ish-ec/project.conf'
[brox-ish-ec:ro] Merged configuration '/mnt/host/source/src/platform/ec/build/zephyr/brox-ish-ec/kconfig-ro.conf'
[brox-ish-ec:ro] Configuration saved to '/mnt/host/source/src/platform/ec/build/zephyr/brox-ish-ec/build-ro/zephyr/.config'
[brox-ish-ec:ro] Kconfig header saved to '/mnt/host/source/src/platform/ec/build/zephyr/brox-ish-ec/build-ro/zephyr/include/generated/zephyr/autoconf.h'
[brox-ish-ec:ro] -- Found GnuLd: /home/jpmurphy/.cache/coreboot-sdk/riscv64-elf/96b949749225b6aaa92ed810ab769e8dfb12f000/riscv64-elf/bin/ld.bfd (found version "2.43.1")
[padme:ro] -- Generating component manifest file
[padme:rw] INFO: Skipped 1 named-gpios children.
[skyrim:rw] -- Generating component manifest file
[padme:rw] INFO: Running CME, outputting to /mnt/host/source/src/platform/ec/build/zephyr/padme/build-rw/zephyr/component_manifest.json
[npcx7:rw] INFO: Skipped 0 named-gpios children.
[npcx7:rw] INFO: Running CME, outputting to /mnt/host/source/src/platform/ec/build/zephyr/npcx7/build-rw/zephyr/component_manifest.json
[npcx7:rw] INFO: Project npcx7 does not support SSFC
[npcx7:rw] INFO: No usbc node found
[npcx7:rw] INFO: No motionsense-sensor node found
[ocelotrvp-mchp:ro] [29/363] Building C object CMakeFiles/app.dir/mnt/host/source/src/platform/ec/zephyr/subsys/ap_pwrseq/x86_non_dsx_mtl_pwrseq_sm.c.obj
[ptl-ish:singleimage] -- Configuring done (13.6s)
[gwendolin:rw] -- Found gen_kobject_list: /mnt/host/source/src/third_party/zephyr/main/scripts/build/gen_kobject_list.py
[npcx7:ro] INFO: Skipped 0 named-gpios children.
[npcx7:ro] INFO: Running CME, outputting to /mnt/host/source/src/platform/ec/build/zephyr/npcx7/build-ro/zephyr/component_manifest.json
[npcx7:ro] INFO: Project npcx7 does not support SSFC
[npcx7:ro] INFO: No usbc node found
[npcx7:ro] INFO: No motionsense-sensor node found
[gwendolin:ro] CMake Warning (dev) at /usr/share/cmake/Modules/GNUInstallDirs.cmake:253 (message):
[gwendolin:ro]   Unable to determine default CMAKE_INSTALL_LIBDIR directory because no
[gwendolin:ro]   target architecture is known.  Please enable at least one language before
[gwendolin:ro]   including GNUInstallDirs.
[gwendolin:ro] Call Stack (most recent call first):
[gwendolin:ro]   /mnt/host/source/src/third_party/boringssl/CMakeLists.txt:25 (include)
[gwendolin:ro] This warning is for project developers.  Use -Wno-dev to suppress it.
[ocelotrvp-mchp:rw] [29/363] Building C object CMakeFiles/app.dir/mnt/host/source/src/platform/ec/zephyr/subsys/ap_pwrseq/x86_non_dsx_mtl_pwrseq_sm.c.obj
[gwendolin:ro] -- neither CONFIG_EGIS_EGIS630_LIBRARY nor CONFIG_EGIS_EC660_LIBRARY are enabled
[padme:ro] INFO: Skipped 1 named-gpios children.
[padme:ro] INFO: Running CME, outputting to /mnt/host/source/src/platform/ec/build/zephyr/padme/build-ro/zephyr/component_manifest.json
[skyrim:rw] INFO: Running CME, outputting to /mnt/host/source/src/platform/ec/build/zephyr/skyrim/build-rw/zephyr/component_manifest.json
[skyrim:rw] INFO: Project skyrim does not support SSFC
[skyrim:rw] INFO: Component aoz1380(aoz,aoz1380) not on I2C bus, skip it
[skyrim:rw] INFO: No motionsense-sensor-alt node found
[npcx7:rw] -- warning_base_override: -Wall;-Wformat;-Wformat-security;-Wformat;-Wno-format-zero-length;-Wno-pointer-sign;-Wpointer-arith;-Wexpansion-to-defined
[gwendolin:rw] -- Configuring done (14.5s)
[brox-ish-ec:ro] -- The C compiler identification is GNU 14.2.0
[skyrim:ro] -- warning_base_override: -Wall;-Wformat;-Wformat-security;-Wformat;-Wno-format-zero-length;-Wno-pointer-sign;-Wpointer-arith;-Wexpansion-to-defined
[gwendolin:ro] -- Found gen_kobject_list: /mnt/host/source/src/third_party/zephyr/main/scripts/build/gen_kobject_list.py
[npcx7:ro] -- warning_base_override: -Wall;-Wformat;-Wformat-security;-Wformat;-Wno-format-zero-length;-Wno-pointer-sign;-Wpointer-arith;-Wexpansion-to-defined
[padme:rw] -- warning_base_override: -Wall;-Wformat;-Wformat-security;-Wformat;-Wno-format-zero-length;-Wno-pointer-sign;-Wpointer-arith;-Wexpansion-to-defined
[skyrim:rw] -- warning_base_override: -Wall;-Wformat;-Wformat-security;-Wformat;-Wno-format-zero-length;-Wno-pointer-sign;-Wpointer-arith;-Wexpansion-to-defined
[ptl-ish:singleimage] -- Generating done (0.4s)
[ptl-ish:singleimage] CMake Warning:
[ptl-ish:singleimage]   Manually-specified variables were not used by the project:
[ptl-ish:singleimage]     COREBOOT_SDK_ROOT_arm
[ptl-ish:singleimage]     COREBOOT_SDK_ROOT_libstdcxx_arm
[ptl-ish:singleimage]     COREBOOT_SDK_ROOT_libstdcxx_riscv64
[ptl-ish:singleimage]     COREBOOT_SDK_ROOT_nds32
[ptl-ish:singleimage]     COREBOOT_SDK_ROOT_picolibc_arm
[ptl-ish:singleimage]     COREBOOT_SDK_ROOT_picolibc_riscv64
[ptl-ish:singleimage]     COREBOOT_SDK_ROOT_riscv
[ptl-ish:singleimage]     COREBOOT_SDK_ROOT_riscv64
[ptl-ish:singleimage] -- Build files have been written to: /mnt/host/source/src/platform/ec/build/zephyr/ptl-ish/build-singleimage
[padme:ro] -- warning_base_override: -Wall;-Wformat;-Wformat-security;-Wformat;-Wno-format-zero-length;-Wno-pointer-sign;-Wpointer-arith;-Wexpansion-to-defined
[brox-ish-ec:ro] -- The CXX compiler identification is GNU 14.2.0
[npcx7:rw] -- Found gen_kobject_list: /mnt/host/source/src/third_party/zephyr/main/scripts/build/gen_kobject_list.py
[gwendolin:ro] -- Configuring done (14.9s)
[skyrim:ro] -- Found gen_kobject_list: /mnt/host/source/src/third_party/zephyr/main/scripts/build/gen_kobject_list.py
Toolchain <zmake.toolchains.CorebootSdkToolchain object at 0x7f4143038e10> selected by probe function.
[wyrdeer] Building in /mnt/host/source/src/platform/ec/build/zephyr/wyrdeer.
[wyrdeer:rw] Configuring.
Running `env -i PYTHONPATH=/usr/lib64/python-exec/python3.11:/mnt/host/source/src/platform/ec/zephyr/zmake:/usr/lib/python311.zip:/usr/lib/python3.11:/usr/lib/python3.11/lib-dynload:/usr/lib/python3.11/site-packages PW_PIGWEED_CIPD_INSTALL_DIR=/usr CROSTC_USER_ACKNOWLEDGES_THAT_RISCV_IS_EXPERIMENTAL=1 PATH=/mnt/host/source/chromite/bin:/usr/local/bin:/usr/bin:/bin:/opt/bin:/mnt/host/source/chromite/sdk/bin:/mnt/host/source/chromite/bin HOME=/home/jpmurphy JAVA_HOME=/etc/java-config-2/current-system-vm JDK_HOME=/etc/java-config-2/current-system-vm JAVAC=/etc/java-config-2/current-system-vm/bin/javac MAKEFLAGS=' -j16 --jobserver-auth=5,6' /usr/bin/cmake -S /mnt/host/source/src/platform/ec/zephyr/program/corsola -B /mnt/host/source/src/platform/ec/build/zephyr/wyrdeer/build-rw -GNinja -DCMAKE_EXPORT_COMPILE_COMMANDS=ON -DZEPHYR_BASE=/mnt/host/source/src/third_party/zephyr/main -DZMAKE_INCLUDE_DIR=/mnt/host/source/src/platform/ec/build/zephyr/wyrdeer/include -DPython3_EXECUTABLE=/usr/bin/python3.11 -DDTS_ROOT=/mnt/host/source/src/platform/ec/zephyr -DSYSCALL_INCLUDE_DIRS=/mnt/host/source/src/platform/ec/zephyr/include/drivers -DUSER_CACHE_DIR=/mnt/host/source/src/platform/ec/build/zephyr/user-cache '-DEXTRA_EC_VERSION_FLAGS=--version 16543.0.0 --static' -DTOOLCHAIN_ROOT=/mnt/host/source/src/platform/ec/zephyr -DCOREBOOT_SDK_ROOT_x86=/home/jpmurphy/.cache/coreboot-sdk/i386-elf/dfbb0486385d938cfa9d73080b9d18d598ed4f49 -DCOREBOOT_SDK_ROOT_picolibc_x86=/home/jpmurphy/.cache/coreboot-sdk/picolibc-i386-elf/eb8e8e687b95461de8cbf278f1c2076952d0ad17 -DCOREBOOT_SDK_ROOT_riscv64=/home/jpmurphy/.cache/coreboot-sdk/riscv64-elf/96b949749225b6aaa92ed810ab769e8dfb12f000 -DCOREBOOT_SDK_ROOT_picolibc_arm=/home/jpmurphy/.cache/coreboot-sdk/picolibc-arm-eabi/422a2aa3e1ef891b5bece9a3deb696ff83840d2e -DCOREBOOT_SDK_ROOT_nds32=/home/jpmurphy/.cache/coreboot-sdk/nds32le-elf/d1a518c4a097666d86058e1444f85ca015d15511 -DCOREBOOT_SDK_ROOT_picolibc_riscv64=/home/jpmurphy/.cache/coreboot-sdk/picolibc-riscv64-elf/f571e990ef0278564b31124f8bb109d9a697eb69 -DCOREBOOT_SDK_ROOT_arm=/home/jpmurphy/.cache/coreboot-sdk/arm-eabi/ea40ddd1d190c3b48435c474c0b545719371813a -DCOREBOOT_SDK_ROOT_libstdcxx_riscv64=/home/jpmurphy/.cache/coreboot-sdk/libstdcxx-riscv64-elf/17abf22a3a252e2d5d2062ced5324f7a623689e0 -DCOREBOOT_SDK_ROOT_libstdcxx_arm=/home/jpmurphy/.cache/coreboot-sdk/libstdcxx-arm-eabi/5d7d82e150e44aa1968f1d366e267e6687b328ac -DCOREBOOT_SDK_ROOT_riscv=/home/jpmurphy/.cache/coreboot-sdk/riscv-elf/9a27b9e82341c6e9126624f516ab3f261abb3e73 -DCOREBOOT_SDK_ROOT_libstdcxx_x86=/home/jpmurphy/.cache/coreboot-sdk/libstdcxx-i386-elf/42ef9d2e87a76a37963175d7d428734e65648b87 -DZEPHYR_TOOLCHAIN_VARIANT=coreboot-sdk -DZEPHYR_MODULES=/mnt/host/source/src/platform/ec/build/zephyr/wyrdeer/modules/ec -DDTC_OVERLAY_FILE=/mnt/host/source/src/platform/ec/zephyr/program/corsola/wyrdeer/project.overlay -DBOARD=it8xxx2/it81202bx -DCMAKE_C_FLAGS=-DSECTION_IS_RW '-DCONF_FILE=/mnt/host/source/src/platform/ec/zephyr/program/corsola/program.conf;/mnt/host/source/src/platform/ec/zephyr/program/corsola/ite_program.conf;/mnt/host/source/src/platform/ec/zephyr/program/corsola/wyrdeer/project.conf;/mnt/host/source/src/platform/ec/build/zephyr/wyrdeer/kconfig-rw.conf'`
[wyrdeer:rw] Loading Zephyr default modules (Zephyr base (cached)).
[wyrdeer:rw] -- Application: /mnt/host/source/src/platform/ec/zephyr/program/corsola
[wyrdeer:rw] -- CMake version: 3.31.7
[brox-ish-ec:ro] -- The ASM compiler identification is GNU
[brox-ish-ec:ro] -- Found assembler: /home/jpmurphy/.cache/coreboot-sdk/riscv64-elf/96b949749225b6aaa92ed810ab769e8dfb12f000/bin/riscv64-elf-gcc
[brox-ish-ec:rw] -- Performing EC specific devicetree checks
[npcx7:rw] CMake Warning at /mnt/host/source/src/third_party/zephyr/main/CMakeLists.txt:2359 (message):
[brox-ish-ec:ro] CMake Warning at /mnt/host/source/src/platform/ec/zephyr/cmake/linker/ld/linker_libraries.cmake:11 (message):
[padme:rw] -- Found gen_kobject_list: /mnt/host/source/src/third_party/zephyr/main/scripts/build/gen_kobject_list.py
[npcx7:ro] -- Found gen_kobject_list: /mnt/host/source/src/third_party/zephyr/main/scripts/build/gen_kobject_list.py
[ocelotrvp-mchp:ro] [30/363] Building C object CMakeFiles/app.dir/mnt/host/source/src/platform/ec/zephyr/subsys/ap_pwrseq/ap_reset_log.c.obj
[skyrim:rw] -- Found gen_kobject_list: /mnt/host/source/src/third_party/zephyr/main/scripts/build/gen_kobject_list.py
[padme:rw] CMake Warning at /mnt/host/source/src/third_party/zephyr/main/CMakeLists.txt:1134 (message):
[padme:rw]   No SOURCES given to Zephyr library: drivers__syscon
[padme:rw]   Excluding target from build.
[npcx7:rw] -- Configuring done (15.3s)
[padme:rw] CMake Warning at /mnt/host/source/src/third_party/zephyr/main/CMakeLists.txt:2359 (message):
[padme:rw]   __ASSERT() statements are globally ENABLED
[padme:ro] -- Found gen_kobject_list: /mnt/host/source/src/third_party/zephyr/main/scripts/build/gen_kobject_list.py
[npcx7:ro] CMake Warning at /mnt/host/source/src/third_party/zephyr/main/CMakeLists.txt:2359 (message):
[npcx7:ro]   __ASSERT() statements are globally ENABLED
[skyrim:ro] -- Configuring done (16.4s)
[gwendolin:rw] -- Generating done (0.7s)
[gwendolin:rw] -- Build files have been written to: /mnt/host/source/src/platform/ec/build/zephyr/gwendolin/build-rw
[brox-ish-ec:rw] INFO: Verified 46 GPIOs, no duplicates found
[brox-ish-ec:rw] INFO: Verified 44 '*-gpios' properties, all flags match.
[brox-ish-ec:rw] INFO: Skipped 16 named-gpios children.
[padme:ro] CMake Warning at /mnt/host/source/src/third_party/zephyr/main/CMakeLists.txt:1134 (message):
[padme:ro]   No SOURCES given to Zephyr library: drivers__syscon
[padme:ro]   Excluding target from build.
[padme:ro] CMake Warning at /mnt/host/source/src/third_party/zephyr/main/CMakeLists.txt:2359 (message):
[padme:ro]   __ASSERT() statements are globally ENABLED
[ocelotrvp-mchp:rw] [30/363] Building C object CMakeFiles/app.dir/mnt/host/source/src/platform/ec/zephyr/subsys/ap_pwrseq/ap_reset_log.c.obj
[padme:rw] -- Configuring done (15.8s)
[skyrim:rw] -- Configuring done (16.3s)
[npcx7:ro] -- Configuring done (15.5s)
[wyrdeer:rw] -- Found Python3: /usr/bin/python3.11 (found suitable version "3.11.11", minimum required is "3.10") found components: Interpreter
[wyrdeer:rw] -- Cache files will be written to: /mnt/host/source/src/platform/ec/build/zephyr/user-cache
[wyrdeer:rw] -- Zephyr version: 4.3.99 (/mnt/host/source/src/third_party/zephyr/main)
[gwendolin:rw]   target architecture is known.  Please enable at least one language before
[gwendolin:rw]   including GNUInstallDirs.
[gwendolin:rw] Call Stack (most recent call first):
[gwendolin:rw]   /mnt/host/source/src/third_party/boringssl/CMakeLists.txt:25 (include)
[gwendolin:rw] This warning is for project developers.  Use -Wno-dev to suppress it.
[padme:ro] -- Configuring done (16.0s)
[brox-ish-ec:rw] -- Generating component manifest file
[gwendolin:ro] -- Generating done (0.6s)
[gwendolin:ro] -- Build files have been written to: /mnt/host/source/src/platform/ec/build/zephyr/gwendolin/build-ro
[brox-ish-ec:ro] -- Performing EC specific devicetree checks
[npcx7:rw] -- Generating done (0.5s)
[npcx7:rw]   __ASSERT() statements are globally ENABLED
[npcx7:rw] CMake Warning:
[npcx7:rw]   Manually-specified variables were not used by the project:
[npcx7:rw]     COREBOOT_SDK_ROOT_libstdcxx_riscv64
[npcx7:rw]     COREBOOT_SDK_ROOT_libstdcxx_x86
[npcx7:rw]     COREBOOT_SDK_ROOT_nds32
[npcx7:rw]     COREBOOT_SDK_ROOT_picolibc_riscv64
[npcx7:rw]     COREBOOT_SDK_ROOT_picolibc_x86
[npcx7:rw]     COREBOOT_SDK_ROOT_riscv
[npcx7:rw]     COREBOOT_SDK_ROOT_riscv64
[npcx7:rw]     COREBOOT_SDK_ROOT_x86
[padme:rw] -- Generating done (0.4s)
[padme:rw] CMake Warning:
[npcx7:rw] -- Build files have been written to: /mnt/host/source/src/platform/ec/build/zephyr/npcx7/build-rw
[skyrim:ro] -- Generating done (0.5s)
[skyrim:ro] CMake Warning:
[skyrim:ro]   Manually-specified variables were not used by the project:
[skyrim:ro]     COREBOOT_SDK_ROOT_libstdcxx_riscv64
[skyrim:ro]     COREBOOT_SDK_ROOT_libstdcxx_x86
[skyrim:ro]     COREBOOT_SDK_ROOT_nds32
[skyrim:ro]     COREBOOT_SDK_ROOT_picolibc_riscv64
[skyrim:ro]     COREBOOT_SDK_ROOT_picolibc_x86
[skyrim:ro]     COREBOOT_SDK_ROOT_riscv
[skyrim:ro]     COREBOOT_SDK_ROOT_riscv64
[skyrim:ro]     COREBOOT_SDK_ROOT_x86
[skyrim:ro] -- Build files have been written to: /mnt/host/source/src/platform/ec/build/zephyr/skyrim/build-ro
[ptl-ish:singleimage] Building: /usr/bin/ninja -C /mnt/host/source/src/platform/ec/build/zephyr/ptl-ish/build-singleimage all.libraries
Running `env -i SHELL=/bin/bash COLORTERM=truecolor DEPOT_TOOLS_UPDATE=0 LESS='-R -M --shift 5' SUDO_GID=0 JDK_HOME=/etc/java-config-2/current-system-vm CONFIG_PROTECT_MASK='/etc/gentoo-release /etc/sandbox.d /etc/fonts/fonts.conf /etc/terminfo /etc/ca-certificates.conf /etc/revdep-rebuild' CHROMEOS_CACHEDIR=/var/cache/chromeos-cache JAVA_HOME=/etc/java-config-2/current-system-vm SSH_AUTH_SOCK=/tmp/ssh-auth-sock SUDO_COMMAND=/bin/bash SUDO_USER=root SUDO_TTY=/dev/pts/2 EDITOR=/usr/bin/vi PWD=/mnt/host/source/src/platform/ec CONFIG_PROTECT=/usr/share/gnupg/qualified.txt LOGNAME=jpmurphy MANPATH=/etc/java-config-2/current-system-vm/man:/usr/local/share/man:/usr/share/man:/usr/share/gcc-data/x86_64-pc-linux-gnu/10.2.0/man:/usr/share/binutils-data/x86_64-pc-linux-gnu/2.45/man:/etc/java-config-2/current-system-vm/man/ SUDO_HOME=/root XAUTHORITY=/run/user/944457/gdm/Xauthority HOME=/home/jpmurphy LANG=C.UTF-8 LS_COLORS='rs=0:di=01;34:ln=01;36:mh=00:pi=40;33:so=01;35:do=01;35:bd=40;33;01:cd=40;33;01:or=01;05;37;41:mi=01;05;37;41:su=37;41:sg=30;43:ca=30;41:tw=30;42:ow=34;42:st=37;44:ex=01;32:*.tar=01;31:*.tgz=01;31:*.arc=01;31:*.arj=01;31:*.taz=01;31:*.lha=01;31:*.lz4=01;31:*.lzh=01;31:*.lzma=01;31:*.tlz=01;31:*.txz=01;31:*.tzo=01;31:*.t7z=01;31:*.zip=01;31:*.z=01;31:*.dz=01;31:*.gz=01;31:*.lrz=01;31:*.lz=01;31:*.lzo=01;31:*.xz=01;31:*.zst=01;31:*.tzst=01;31:*.bz2=01;31:*.bz=01;31:*.tbz=01;31:*.tbz2=01;31:*.tz=01;31:*.deb=01;31:*.rpm=01;31:*.jar=01;31:*.war=01;31:*.ear=01;31:*.sar=01;31:*.rar=01;31:*.alz=01;31:*.ace=01;31:*.zoo=01;31:*.cpio=01;31:*.7z=01;31:*.rz=01;31:*.cab=01;31:*.wim=01;31:*.swm=01;31:*.dwm=01;31:*.esd=01;31:*.jpg=01;35:*.jpeg=01;35:*.mjpg=01;35:*.mjpeg=01;35:*.gif=01;35:*.bmp=01;35:*.pbm=01;35:*.pgm=01;35:*.ppm=01;35:*.tga=01;35:*.xbm=01;35:*.xpm=01;35:*.tif=01;35:*.tiff=01;35:*.png=01;35:*.svg=01;35:*.svgz=01;35:*.mng=01;35:*.pcx=01;35:*.mov=01;35:*.mpg=01;35:*.mpeg=01;35:*.m2v=01;35:*.mkv=01;35:*.webm=01;35:*.webp=01;35:*.ogm=01;35:*.mp4=01;35:*.m4v=01;35:*.mp4v=01;35:*.vob=01;35:*.qt=01;35:*.nuv=01;35:*.wmv=01;35:*.asf=01;35:*.rm=01;35:*.rmvb=01;35:*.flc=01;35:*.avi=01;35:*.fli=01;35:*.flv=01;35:*.gl=01;35:*.dl=01;35:*.xcf=01;35:*.xwd=01;35:*.yuv=01;35:*.cgm=01;35:*.emf=01;35:*.ogv=01;35:*.ogx=01;35:*.cfg=00;32:*.conf=00;32:*.diff=00;32:*.doc=00;32:*.ini=00;32:*.log=00;32:*.patch=00;32:*.pdf=00;32:*.ps=00;32:*.tex=00;32:*.txt=00;32:*.aac=00;36:*.au=00;36:*.flac=00;36:*.m4a=00;36:*.mid=00;36:*.midi=00;36:*.mka=00;36:*.mp3=00;36:*.mpc=00;36:*.ogg=00;36:*.ra=00;36:*.wav=00;36:*.oga=00;36:*.opus=00;36:*.spx=00;36:*.xspf=00;36:' XDG_CURRENT_DESKTOP=GNOME INFOPATH=/usr/share/info:/usr/share/gcc-data/x86_64-pc-linux-gnu/10.2.0/info:/usr/share/binutils-data/x86_64-pc-linux-gnu/2.45/info:/usr/share/automake-1.16.5/info JAVAC=/etc/java-config-2/current-system-vm/bin/javac TERM=xterm-256color LESSOPEN='|lesspipe %s' USER=jpmurphy CROS_WORKON_SRCROOT=/mnt/host/source MANPAGER=manpager DISPLAY=:1 SHLVL=1 LC_MESSAGES=C EXTERNAL_TRUNK_PATH=/mnt/8f9d649a-3721-44cc-93c0-e6bd21a9689f/chromiumos GCC_SPECS='' PATH=/mnt/host/source/chromite/bin:/usr/local/bin:/usr/bin:/bin:/opt/bin:/mnt/host/source/chromite/sdk/bin:/mnt/host/source/chromite/bin PORTAGE_USERNAME=jpmurphy SUDO_UID=0 GCC_VER=10.2.0 MAIL=/var/mail/jpmurphy OLDPWD=/mnt/host/source/src/scripts traceparent=00-e87aca51550a78635907baa6a2476181-6d684811675d2973-01 _=./zephyr/firmware_builder.py COREBOOT_SDK_ROOT_x86=/home/jpmurphy/.cache/coreboot-sdk/i386-elf/dfbb0486385d938cfa9d73080b9d18d598ed4f49 COREBOOT_SDK_ROOT_picolibc_x86=/home/jpmurphy/.cache/coreboot-sdk/picolibc-i386-elf/eb8e8e687b95461de8cbf278f1c2076952d0ad17 COREBOOT_SDK_ROOT_riscv64=/home/jpmurphy/.cache/coreboot-sdk/riscv64-elf/96b949749225b6aaa92ed810ab769e8dfb12f000 COREBOOT_SDK_ROOT_picolibc_arm=/home/jpmurphy/.cache/coreboot-sdk/picolibc-arm-eabi/422a2aa3e1ef891b5bece9a3deb696ff83840d2e COREBOOT_SDK_ROOT_nds32=/home/jpmurphy/.cache/coreboot-sdk/nds32le-elf/d1a518c4a097666d86058e1444f85ca015d15511 COREBOOT_SDK_ROOT_picolibc_riscv64=/home/jpmurphy/.cache/coreboot-sdk/picolibc-riscv64-elf/f571e990ef0278564b31124f8bb109d9a697eb69 COREBOOT_SDK_ROOT_arm=/home/jpmurphy/.cache/coreboot-sdk/arm-eabi/ea40ddd1d190c3b48435c474c0b545719371813a COREBOOT_SDK_ROOT_libstdcxx_riscv64=/home/jpmurphy/.cache/coreboot-sdk/libstdcxx-riscv64-elf/17abf22a3a252e2d5d2062ced5324f7a623689e0 COREBOOT_SDK_ROOT_libstdcxx_arm=/home/jpmurphy/.cache/coreboot-sdk/libstdcxx-arm-eabi/5d7d82e150e44aa1968f1d366e267e6687b328ac COREBOOT_SDK_ROOT_riscv=/home/jpmurphy/.cache/coreboot-sdk/riscv-elf/9a27b9e82341c6e9126624f516ab3f261abb3e73 COREBOOT_SDK_ROOT_libstdcxx_x86=/home/jpmurphy/.cache/coreboot-sdk/libstdcxx-i386-elf/42ef9d2e87a76a37963175d7d428734e65648b87 PYTHONPATH=/mnt/host/source/src/platform/ec/zephyr/zmake PW_PIGWEED_CIPD_INSTALL_DIR=/usr CROSTC_USER_ACKNOWLEDGES_THAT_RISCV_IS_EXPERIMENTAL=1 MAKEFLAGS=' -j16 --jobserver-auth=5,6' /usr/bin/ninja -C /mnt/host/source/src/platform/ec/build/zephyr/ptl-ish/build-singleimage all.libraries`
[ptl-ish:singleimage] ninja: Entering directory `/mnt/host/source/src/platform/ec/build/zephyr/ptl-ish/build-singleimage'
[skyrim:rw] -- Generating done (0.4s)
[skyrim:rw] CMake Warning:
[skyrim:rw] -- Build files have been written to: /mnt/host/source/src/platform/ec/build/zephyr/skyrim/build-rw
[npcx7:ro] -- Generating done (0.4s)
[npcx7:ro] CMake Warning:
[npcx7:ro] -- Build files have been written to: /mnt/host/source/src/platform/ec/build/zephyr/npcx7/build-ro
[brox-ish-ec:rw] INFO: Running CME, outputting to /mnt/host/source/src/platform/ec/build/zephyr/brox-ish-ec/build-rw/zephyr/component_manifest.json
[brox-ish-ec:rw] WARNING: Unknown or disabled I2C port: i2c@f04480(i2c_ec_pmc_pd)
[brox-ish-ec:rw] INFO: Project brox-ish-ec does not support SSFC
[brox-ish-ec:rw] INFO: No motionsense-sensor node found
[padme:ro] -- Generating done (0.4s)
[padme:ro] CMake Warning:
[brox-ish-ec:ro]   Disabling c_library
[brox-ish-ec:ro] Call Stack (most recent call first):
[brox-ish-ec:ro]   /mnt/host/source/src/third_party/zephyr/main/cmake/target_toolchain_flags.cmake:48 (include)
[brox-ish-ec:ro]   /mnt/host/source/src/third_party/zephyr/main/cmake/modules/kernel.cmake:153 (include)
[brox-ish-ec:ro]   /mnt/host/source/src/third_party/zephyr/main/cmake/modules/zephyr_default.cmake:138 (include)
[brox-ish-ec:ro]   /mnt/host/source/src/third_party/zephyr/main/share/zephyr-package/cmake/ZephyrConfig.cmake:66 (include)
[brox-ish-ec:ro]   /mnt/host/source/src/third_party/zephyr/main/share/zephyr-package/cmake/ZephyrConfig.cmake:97 (include_boilerplate)
[brox-ish-ec:ro]   CMakeLists.txt:6 (find_package)
[brox-ish-ec:ro] INFO: Verified 46 GPIOs, no duplicates found
[brox-ish-ec:ro] INFO: Verified 44 '*-gpios' properties, all flags match.
[brox-ish-ec:ro] INFO: Skipped 16 named-gpios children.
[ptl-ish:singleimage] [1/260] Preparing syscall dependency handling
[padme:rw] -- Build files have been written to: /mnt/host/source/src/platform/ec/build/zephyr/padme/build-rw
[padme:rw]   Manually-specified variables were not used by the project:
[npcx7:ro]   Manually-specified variables were not used by the project:
[padme:rw]     COREBOOT_SDK_ROOT_arm
[npcx7:ro]     COREBOOT_SDK_ROOT_libstdcxx_riscv64
[padme:rw]     COREBOOT_SDK_ROOT_libstdcxx_arm
[npcx7:ro]     COREBOOT_SDK_ROOT_libstdcxx_x86
[padme:rw]     COREBOOT_SDK_ROOT_libstdcxx_x86
[npcx7:ro]     COREBOOT_SDK_ROOT_nds32
[padme:rw]     COREBOOT_SDK_ROOT_nds32
[npcx7:ro]     COREBOOT_SDK_ROOT_picolibc_riscv64
[padme:rw]     COREBOOT_SDK_ROOT_picolibc_arm
[npcx7:ro]     COREBOOT_SDK_ROOT_picolibc_x86
[padme:rw]     COREBOOT_SDK_ROOT_picolibc_x86
[npcx7:ro]     COREBOOT_SDK_ROOT_riscv
[padme:rw]     COREBOOT_SDK_ROOT_riscv
[npcx7:ro]     COREBOOT_SDK_ROOT_riscv64
[padme:rw]     COREBOOT_SDK_ROOT_x86
[npcx7:ro]     COREBOOT_SDK_ROOT_x86
[skyrim:rw]   Manually-specified variables were not used by the project:
[skyrim:rw]     COREBOOT_SDK_ROOT_libstdcxx_riscv64
[skyrim:rw]     COREBOOT_SDK_ROOT_libstdcxx_x86
[skyrim:rw]     COREBOOT_SDK_ROOT_nds32
[skyrim:rw]     COREBOOT_SDK_ROOT_picolibc_riscv64
[skyrim:rw]     COREBOOT_SDK_ROOT_picolibc_x86
[skyrim:rw]     COREBOOT_SDK_ROOT_riscv
[skyrim:rw]     COREBOOT_SDK_ROOT_riscv64
[skyrim:rw]     COREBOOT_SDK_ROOT_x86
[skyrim:rw] Building: /usr/bin/ninja -C /mnt/host/source/src/platform/ec/build/zephyr/skyrim/build-rw all.libraries
Running `env -i SHELL=/bin/bash COLORTERM=truecolor DEPOT_TOOLS_UPDATE=0 LESS='-R -M --shift 5' SUDO_GID=0 JDK_HOME=/etc/java-config-2/current-system-vm CONFIG_PROTECT_MASK='/etc/gentoo-release /etc/sandbox.d /etc/fonts/fonts.conf /etc/terminfo /etc/ca-certificates.conf /etc/revdep-rebuild' CHROMEOS_CACHEDIR=/var/cache/chromeos-cache JAVA_HOME=/etc/java-config-2/current-system-vm SSH_AUTH_SOCK=/tmp/ssh-auth-sock SUDO_COMMAND=/bin/bash SUDO_USER=root SUDO_TTY=/dev/pts/2 EDITOR=/usr/bin/vi PWD=/mnt/host/source/src/platform/ec CONFIG_PROTECT=/usr/share/gnupg/qualified.txt LOGNAME=jpmurphy MANPATH=/etc/java-config-2/current-system-vm/man:/usr/local/share/man:/usr/share/man:/usr/share/gcc-data/x86_64-pc-linux-gnu/10.2.0/man:/usr/share/binutils-data/x86_64-pc-linux-gnu/2.45/man:/etc/java-config-2/current-system-vm/man/ SUDO_HOME=/root XAUTHORITY=/run/user/944457/gdm/Xauthority HOME=/home/jpmurphy LANG=C.UTF-8 LS_COLORS='rs=0:di=01;34:ln=01;36:mh=00:pi=40;33:so=01;35:do=01;35:bd=40;33;01:cd=40;33;01:or=01;05;37;41:mi=01;05;37;41:su=37;41:sg=30;43:ca=30;41:tw=30;42:ow=34;42:st=37;44:ex=01;32:*.tar=01;31:*.tgz=01;31:*.arc=01;31:*.arj=01;31:*.taz=01;31:*.lha=01;31:*.lz4=01;31:*.lzh=01;31:*.lzma=01;31:*.tlz=01;31:*.txz=01;31:*.tzo=01;31:*.t7z=01;31:*.zip=01;31:*.z=01;31:*.dz=01;31:*.gz=01;31:*.lrz=01;31:*.lz=01;31:*.lzo=01;31:*.xz=01;31:*.zst=01;31:*.tzst=01;31:*.bz2=01;31:*.bz=01;31:*.tbz=01;31:*.tbz2=01;31:*.tz=01;31:*.deb=01;31:*.rpm=01;31:*.jar=01;31:*.war=01;31:*.ear=01;31:*.sar=01;31:*.rar=01;31:*.alz=01;31:*.ace=01;31:*.zoo=01;31:*.cpio=01;31:*.7z=01;31:*.rz=01;31:*.cab=01;31:*.wim=01;31:*.swm=01;31:*.dwm=01;31:*.esd=01;31:*.jpg=01;35:*.jpeg=01;35:*.mjpg=01;35:*.mjpeg=01;35:*.gif=01;35:*.bmp=01;35:*.pbm=01;35:*.pgm=01;35:*.ppm=01;35:*.tga=01;35:*.xbm=01;35:*.xpm=01;35:*.tif=01;35:*.tiff=01;35:*.png=01;35:*.svg=01;35:*.svgz=01;35:*.mng=01;35:*.pcx=01;35:*.mov=01;35:*.mpg=01;35:*.mpeg=01;35:*.m2v=01;35:*.mkv=01;35:*.webm=01;35:*.webp=01;35:*.ogm=01;35:*.mp4=01;35:*.m4v=01;35:*.mp4v=01;35:*.vob=01;35:*.qt=01;35:*.nuv=01;35:*.wmv=01;35:*.asf=01;35:*.rm=01;35:*.rmvb=01;35:*.flc=01;35:*.avi=01;35:*.fli=01;35:*.flv=01;35:*.gl=01;35:*.dl=01;35:*.xcf=01;35:*.xwd=01;35:*.yuv=01;35:*.cgm=01;35:*.emf=01;35:*.ogv=01;35:*.ogx=01;35:*.cfg=00;32:*.conf=00;32:*.diff=00;32:*.doc=00;32:*.ini=00;32:*.log=00;32:*.patch=00;32:*.pdf=00;32:*.ps=00;32:*.tex=00;32:*.txt=00;32:*.aac=00;36:*.au=00;36:*.flac=00;36:*.m4a=00;36:*.mid=00;36:*.midi=00;36:*.mka=00;36:*.mp3=00;36:*.mpc=00;36:*.ogg=00;36:*.ra=00;36:*.wav=00;36:*.oga=00;36:*.opus=00;36:*.spx=00;36:*.xspf=00;36:' XDG_CURRENT_DESKTOP=GNOME INFOPATH=/usr/share/info:/usr/share/gcc-data/x86_64-pc-linux-gnu/10.2.0/info:/usr/share/binutils-data/x86_64-pc-linux-gnu/2.45/info:/usr/share/automake-1.16.5/info JAVAC=/etc/java-config-2/current-system-vm/bin/javac TERM=xterm-256color LESSOPEN='|lesspipe %s' USER=jpmurphy CROS_WORKON_SRCROOT=/mnt/host/source MANPAGER=manpager DISPLAY=:1 SHLVL=1 LC_MESSAGES=C EXTERNAL_TRUNK_PATH=/mnt/8f9d649a-3721-44cc-93c0-e6bd21a9689f/chromiumos GCC_SPECS='' PATH=/mnt/host/source/chromite/bin:/usr/local/bin:/usr/bin:/bin:/opt/bin:/mnt/host/source/chromite/sdk/bin:/mnt/host/source/chromite/bin PORTAGE_USERNAME=jpmurphy SUDO_UID=0 GCC_VER=10.2.0 MAIL=/var/mail/jpmurphy OLDPWD=/mnt/host/source/src/scripts traceparent=00-e87aca51550a78635907baa6a2476181-6d684811675d2973-01 _=./zephyr/firmware_builder.py COREBOOT_SDK_ROOT_x86=/home/jpmurphy/.cache/coreboot-sdk/i386-elf/dfbb0486385d938cfa9d73080b9d18d598ed4f49 COREBOOT_SDK_ROOT_picolibc_x86=/home/jpmurphy/.cache/coreboot-sdk/picolibc-i386-elf/eb8e8e687b95461de8cbf278f1c2076952d0ad17 COREBOOT_SDK_ROOT_riscv64=/home/jpmurphy/.cache/coreboot-sdk/riscv64-elf/96b949749225b6aaa92ed810ab769e8dfb12f000 COREBOOT_SDK_ROOT_picolibc_arm=/home/jpmurphy/.cache/coreboot-sdk/picolibc-arm-eabi/422a2aa3e1ef891b5bece9a3deb696ff83840d2e COREBOOT_SDK_ROOT_nds32=/home/jpmurphy/.cache/coreboot-sdk/nds32le-elf/d1a518c4a097666d86058e1444f85ca015d15511 COREBOOT_SDK_ROOT_picolibc_riscv64=/home/jpmurphy/.cache/coreboot-sdk/picolibc-riscv64-elf/f571e990ef0278564b31124f8bb109d9a697eb69 COREBOOT_SDK_ROOT_arm=/home/jpmurphy/.cache/coreboot-sdk/arm-eabi/ea40ddd1d190c3b48435c474c0b545719371813a COREBOOT_SDK_ROOT_libstdcxx_riscv64=/home/jpmurphy/.cache/coreboot-sdk/libstdcxx-riscv64-elf/17abf22a3a252e2d5d2062ced5324f7a623689e0 COREBOOT_SDK_ROOT_libstdcxx_arm=/home/jpmurphy/.cache/coreboot-sdk/libstdcxx-arm-eabi/5d7d82e150e44aa1968f1d366e267e6687b328ac COREBOOT_SDK_ROOT_riscv=/home/jpmurphy/.cache/coreboot-sdk/riscv-elf/9a27b9e82341c6e9126624f516ab3f261abb3e73 COREBOOT_SDK_ROOT_libstdcxx_x86=/home/jpmurphy/.cache/coreboot-sdk/libstdcxx-i386-elf/42ef9d2e87a76a37963175d7d428734e65648b87 PYTHONPATH=/mnt/host/source/src/platform/ec/zephyr/zmake PW_PIGWEED_CIPD_INSTALL_DIR=/usr CROSTC_USER_ACKNOWLEDGES_THAT_RISCV_IS_EXPERIMENTAL=1 MAKEFLAGS=' -j16 --jobserver-auth=5,6' /usr/bin/ninja -C /mnt/host/source/src/platform/ec/build/zephyr/skyrim/build-rw all.libraries`
[skyrim:rw] ninja: Entering directory `/mnt/host/source/src/platform/ec/build/zephyr/skyrim/build-rw'
[padme:ro] -- Build files have been written to: /mnt/host/source/src/platform/ec/build/zephyr/padme/build-ro
[padme:ro]   Manually-specified variables were not used by the project:
[padme:ro]     COREBOOT_SDK_ROOT_arm
[padme:ro]     COREBOOT_SDK_ROOT_libstdcxx_arm
[padme:ro]     COREBOOT_SDK_ROOT_libstdcxx_x86
[padme:ro]     COREBOOT_SDK_ROOT_nds32
[padme:ro]     COREBOOT_SDK_ROOT_picolibc_arm
[padme:ro]     COREBOOT_SDK_ROOT_picolibc_x86
[padme:ro]     COREBOOT_SDK_ROOT_riscv
[padme:ro]     COREBOOT_SDK_ROOT_x86
[ptl-ish:singleimage] [2/260] Generating misc/generated/syscalls_subdirs.trigger
[ptl-ish:singleimage] [3/260] cd /mnt/host/source/src/platform/ec/build/zephyr/ptl-ish/build-singleimage/modules/ec/zephyr && PYTHONPATH=/mnt/host/source/src/platform/ec/build/zephyr/ptl-ish/modules/ec/zephyr/zmake/ /usr/bin/python3.11 /mnt/host/source/src/platform/ec/build/zephyr/ptl-ish/modules/ec/zephyr/zmake/zephyr_build_tools/generate_ec_version.py /mnt/host/source/src/platform/ec/build/zephyr/ptl-ish/build-singleimage/modules/ec/zephyr/include/ec_version.h --name Zephyr-Kernel --version 16543.0.0 --static
[brox-ish-ec:rw] -- warning_base_override: -Wall;-Wformat;-Wformat-security;-Wformat;-Wno-format-zero-length;-Wno-pointer-sign;-Wpointer-arith;-Wexpansion-to-defined
[brox-ish-ec:ro] -- Generating component manifest file
[ocelotrvp-mchp:rw] [31/363] Building C object CMakeFiles/app.dir/mnt/host/source/src/platform/ec/zephyr/subsys/pd_controller/pdc_pmc_debug.c.obj
[ocelotrvp-mchp:ro] [31/363] Building C object CMakeFiles/app.dir/mnt/host/source/src/platform/ec/zephyr/subsys/pd_controller/pdc_pmc_debug.c.obj
[brox-ish-ec:rw] -- Found gen_kobject_list: /mnt/host/source/src/third_party/zephyr/main/scripts/build/gen_kobject_list.py
[ptl-ish:singleimage] INFO:root:Using a static version string
[ptl-ish:singleimage] INFO:root:Version string: Zephyr-Kernel-16543.0.0
[ptl-ish:singleimage] INFO:root:Writing header to /mnt/host/source/src/platform/ec/build/zephyr/ptl-ish/build-singleimage/modules/ec/zephyr/include/ec_version.h
[ptl-ish:singleimage] [4/260] Generating include/generated/zephyr/version.h
[ptl-ish:singleimage] -- git describe warned: warning: tag 'upstream/v2.7.99' is externally known as 'v2.7.99'
[brox-ish-ec:ro] INFO: Running CME, outputting to /mnt/host/source/src/platform/ec/build/zephyr/brox-ish-ec/build-ro/zephyr/component_manifest.json
[brox-ish-ec:ro] WARNING: Unknown or disabled I2C port: i2c@f04480(i2c_ec_pmc_pd)
[brox-ish-ec:rw] CMake Warning at /mnt/host/source/src/third_party/zephyr/main/CMakeLists.txt:2359 (message):
[brox-ish-ec:rw]   __ASSERT() statements are globally ENABLED
[brox-ish-ec:ro] -- warning_base_override: -Wall;-Wformat;-Wformat-security;-Wformat;-Wno-format-zero-length;-Wno-pointer-sign;-Wpointer-arith;-Wexpansion-to-defined
[brox-ish-ec:rw] -- Configuring done (15.2s)
[skyrim:rw] [1/419] Generating include/generated/zephyr/version.h
[wyrdeer:rw] -- Board: it8xxx2, qualifiers: it81202bx
[skyrim:rw] -- git describe warned: warning: tag 'upstream/v2.7.99' is externally known as 'v2.7.99'
[skyrim:rw] -- Zephyr version: 4.3.99 (/mnt/host/source/src/third_party/zephyr/main)
[skyrim:rw] [2/419] Preparing syscall dependency handling
[skyrim:rw] [3/419] Generating misc/generated/syscalls_subdirs.trigger
[/mnt/host/source/src/platform/ec/build/zephyr/ovis-lcov]   /mnt/host/source/src/platform/ec/build/zephyr/ovis/build-ro/CMakeFiles/app.dir/mnt/host/source/src/platform/ec/build/zephyr/ovis/modules/ec/common/chargen.c.gcno:no functions found
[/mnt/host/source/src/platform/ec/build/zephyr/ovis-lcov] stderr:
[brox-ish-ec:ro] -- Found gen_kobject_list: /mnt/host/source/src/third_party/zephyr/main/scripts/build/gen_kobject_list.py
[ptl-ish:singleimage] -- Zephyr version: 4.3.99 (/mnt/host/source/src/third_party/zephyr/main)
[ptl-ish:singleimage] [5/260] Generating misc/generated/syscalls.json, misc/generated/struct_tags.json
[ocelotrvp-mchp:ro] [32/363] Building C object CMakeFiles/app.dir/mnt/host/source/src/platform/ec/zephyr/subsys/pd_controller/pdc_console.c.obj
[brox-ish-ec:ro] INFO: Project brox-ish-ec does not support SSFC
[brox-ish-ec:ro] INFO: No motionsense-sensor node found
[brox-ish-ec:ro] CMake Warning at /mnt/host/source/src/third_party/zephyr/main/CMakeLists.txt:2359 (message):
[ocelotrvp-mchp:rw] [32/363] Building C object CMakeFiles/app.dir/mnt/host/source/src/platform/ec/zephyr/subsys/pd_controller/pdc_console.c.obj
[ocelotrvp-mchp:rw] [33/363] Building C object CMakeFiles/app.dir/mnt/host/source/src/platform/ec/zephyr/subsys/pd_controller/pdc_host_cmd.c.obj
[ptl-ish:singleimage] [6/260] Generating include/generated/zephyr/syscall_dispatch.c, include/generated/zephyr/syscall_exports_llext.c, syscall_weakdefs_llext.c, include/generated/zephyr/syscall_list.h
[brox-ish-ec:rw] -- Generating done (0.4s)
[brox-ish-ec:rw] CMake Warning:
[brox-ish-ec:rw] -- Build files have been written to: /mnt/host/source/src/platform/ec/build/zephyr/brox-ish-ec/build-rw
[ocelotrvp-mchp:ro] [33/363] Building C object CMakeFiles/app.dir/mnt/host/source/src/platform/ec/zephyr/subsys/pd_controller/pdc_power_mgmt.c.obj
[brox-ish-ec:ro] -- Configuring done (15.4s)
[ocelotrvp-mchp:ro] [34/363] Building C object CMakeFiles/app.dir/mnt/host/source/src/platform/ec/zephyr/subsys/pd_controller/pdc_host_cmd.c.obj
[ocelotrvp-mchp:rw] [34/363] Building C object CMakeFiles/app.dir/mnt/host/source/src/platform/ec/zephyr/subsys/pd_controller/pdc_stub.c.obj
[ptl-ish:singleimage] [7/260] Generating include/generated/zephyr/driver-validation.h
[brox-ish-ec:rw]   Manually-specified variables were not used by the project:
[brox-ish-ec:rw]     COREBOOT_SDK_ROOT_arm
[brox-ish-ec:rw]     COREBOOT_SDK_ROOT_libstdcxx_arm
[brox-ish-ec:rw]     COREBOOT_SDK_ROOT_libstdcxx_x86
[brox-ish-ec:rw]     COREBOOT_SDK_ROOT_nds32
[brox-ish-ec:rw]     COREBOOT_SDK_ROOT_picolibc_arm
[brox-ish-ec:rw]     COREBOOT_SDK_ROOT_picolibc_x86
[brox-ish-ec:rw]     COREBOOT_SDK_ROOT_riscv
[brox-ish-ec:rw]     COREBOOT_SDK_ROOT_x86
[ptl-ish:singleimage] [8/260] Generating include/generated/zephyr/kobj-types-enum.h, include/generated/zephyr/otype-to-str.h, include/generated/zephyr/otype-to-size.h
[ocelotrvp-mchp:rw] [35/363] Building C object CMakeFiles/app.dir/mnt/host/source/src/platform/ec/zephyr/subsys/pd_controller/pdc_power_mgmt.c.obj
[brox-ish-ec:ro] -- Generating done (0.5s)
[brox-ish-ec:ro]   __ASSERT() statements are globally ENABLED
[ptl-ish:singleimage] [9/260] Generating include/generated/device-api-sections.ld, include/generated/device-api-sections.cmake
[brox-ish-ec:ro] CMake Warning:
[skyrim:rw] [4/419] Generating misc/generated/syscalls.json, misc/generated/struct_tags.json
[ocelotrvp-mchp:ro] [35/363] Building C object CMakeFiles/app.dir/mnt/host/source/src/platform/ec/zephyr/subsys/pd_controller/pdc_stub.c.obj
[brox-ish-ec:ro] -- Build files have been written to: /mnt/host/source/src/platform/ec/build/zephyr/brox-ish-ec/build-ro
[brox-ish-ec:ro]   Manually-specified variables were not used by the project:
[skyrim:rw] [5/419] Generating include/generated/zephyr/syscall_dispatch.c, include/generated/zephyr/syscall_exports_llext.c, syscall_weakdefs_llext.c, include/generated/zephyr/syscall_list.h
[brox-ish-ec:ro]     COREBOOT_SDK_ROOT_arm
[brox-ish-ec:ro]     COREBOOT_SDK_ROOT_libstdcxx_arm
[brox-ish-ec:ro]     COREBOOT_SDK_ROOT_libstdcxx_x86
[brox-ish-ec:ro]     COREBOOT_SDK_ROOT_nds32
[brox-ish-ec:ro]     COREBOOT_SDK_ROOT_picolibc_arm
[brox-ish-ec:ro]     COREBOOT_SDK_ROOT_picolibc_x86
[brox-ish-ec:ro]     COREBOOT_SDK_ROOT_riscv
[brox-ish-ec:ro]     COREBOOT_SDK_ROOT_x86
[ocelotrvp-mchp:rw] [36/363] Building C object CMakeFiles/app.dir/mnt/host/source/src/platform/ec/zephyr/subsys/pd_controller/pdc_runtime_port_config.c.obj
[ocelotrvp-mchp:ro] [36/363] Building C object CMakeFiles/app.dir/mnt/host/source/src/platform/ec/zephyr/subsys/pd_controller/pdc_dpm.c.obj
[ocelotrvp-mchp:ro] [37/363] Building C object CMakeFiles/app.dir/mnt/host/source/src/platform/ec/zephyr/subsys/ucsi/ppm_common.c.obj
[ptl-ish:singleimage] [10/260] Building C object zephyr/CMakeFiles/offsets.dir/arch/x86/core/offsets/offsets.c.obj
[ocelotrvp-mchp:rw] [37/363] Building C object CMakeFiles/app.dir/mnt/host/source/src/platform/ec/zephyr/subsys/pd_controller/pdc_dpm.c.obj
[skyrim:rw] [6/419] Generating include/generated/zephyr/kobj-types-enum.h, include/generated/zephyr/otype-to-str.h, include/generated/zephyr/otype-to-size.h
[skyrim:rw] [7/419] Generating include/generated/zephyr/driver-validation.h
[ocelotrvp-mchp:ro] [38/363] Building C object CMakeFiles/app.dir/mnt/host/source/src/platform/ec/zephyr/subsys/pd_controller/pdc_runtime_port_config.c.obj
[ocelotrvp-mchp:rw] [38/363] Building C object CMakeFiles/app.dir/mnt/host/source/src/platform/ec/zephyr/subsys/ucsi/ppm_common.c.obj
[skyrim:rw] [8/419] Generating include/generated/device-api-sections.ld, include/generated/device-api-sections.cmake
[ptl-ish:singleimage] [11/260] Generating include/generated/zephyr/offsets.h
[skyrim:rw] [9/419] cd /mnt/host/source/src/platform/ec/build/zephyr/skyrim/build-rw/modules/ec/zephyr && PYTHONPATH=/mnt/host/source/src/platform/ec/build/zephyr/skyrim/modules/ec/zephyr/zmake/ /usr/bin/python3.11 /mnt/host/source/src/platform/ec/build/zephyr/skyrim/modules/ec/zephyr/zmake/zephyr_build_tools/generate_ec_version.py /mnt/host/source/src/platform/ec/build/zephyr/skyrim/build-rw/modules/ec/zephyr/include/ec_version.h --name Zephyr-Kernel --version 16543.0.0 --static
[skyrim:rw] INFO:root:Using a static version string
[skyrim:rw] INFO:root:Version string: Zephyr-Kernel-16543.0.0
[skyrim:rw] INFO:root:Writing header to /mnt/host/source/src/platform/ec/build/zephyr/skyrim/build-rw/modules/ec/zephyr/include/ec_version.h
[skyrim:rw] [10/419] Building C object zephyr/drivers/sensor/CMakeFiles/drivers__sensor.dir/mnt/host/source/src/third_party/zephyr/main/misc/empty_file.c.obj
[ocelotrvp-mchp:ro] [39/363] Building C object CMakeFiles/app.dir/mnt/host/source/src/platform/ec/zephyr/subsys/ucsi/ppm_console.c.obj
[skyrim:rw] [11/419] Linking C static library zephyr/drivers/sensor/libdrivers__sensor.a
[ocelotrvp-mchp:rw] [39/363] Building C object CMakeFiles/app.dir/mnt/host/source/src/platform/ec/zephyr/subsys/ucsi/ppm_console.c.obj
[wyrdeer:rw] -- Found Dtc: /usr/bin/dtc (found suitable version "1.6.0", minimum required is "1.4.6")
[wyrdeer:rw] -- Found BOARD.dts: /mnt/host/source/src/platform/ec/zephyr/boards/google/it8xxx2/it8xxx2_it81202bx.dts
[wyrdeer:rw] -- Found devicetree overlay: /mnt/host/source/src/platform/ec/zephyr/program/corsola/wyrdeer/project.overlay
[ptl-ish:singleimage] [12/260] Building C object CMakeFiles/app.dir/mnt/host/source/src/platform/ec/zephyr/subsys/ap_pwrseq/ap_events.c.obj
[ocelotrvp-mchp:ro] [40/363] Building C object CMakeFiles/app.dir/mnt/host/source/src/platform/ec/build/zephyr/ocelotrvp-mchp/modules/ec/builtin/stdlib.c.obj
[ocelotrvp-mchp:ro] [41/363] Building C object CMakeFiles/app.dir/mnt/host/source/src/platform/ec/zephyr/subsys/ucsi/ppm_driver.c.obj
[ocelotrvp-mchp:ro] [42/363] Building C object CMakeFiles/app.dir/mnt/host/source/src/platform/ec/build/zephyr/ocelotrvp-mchp/modules/ec/common/base32.c.obj
[ocelotrvp-mchp:ro] [43/363] Building C object CMakeFiles/app.dir/mnt/host/source/src/platform/ec/zephyr/subsys/ucsi/ucsi_host_cmd.c.obj
[ocelotrvp-mchp:rw] [40/363] Building C object CMakeFiles/app.dir/mnt/host/source/src/platform/ec/build/zephyr/ocelotrvp-mchp/modules/ec/builtin/stdlib.c.obj
[skyrim:rw] [12/419] Building C object zephyr/CMakeFiles/offsets.dir/arch/arm/core/offsets/offsets.c.obj
[ocelotrvp-mchp:rw] [41/363] Building C object CMakeFiles/app.dir/mnt/host/source/src/platform/ec/zephyr/subsys/ucsi/ppm_driver.c.obj
[ocelotrvp-mchp:rw] [42/363] Building C object CMakeFiles/app.dir/mnt/host/source/src/platform/ec/zephyr/subsys/ucsi/ucsi_host_cmd.c.obj
[skyrim:rw] [13/419] Generating include/generated/zephyr/offsets.h
[/mnt/host/source/src/platform/ec/build/zephyr/nokris-lcov]   /mnt/host/source/src/platform/ec/build/zephyr/nokris/build-ro/CMakeFiles/app.dir/mnt/host/source/src/platform/ec/build/zephyr/nokris/modules/ec/common/chargen.c.gcno:no functions found
[/mnt/host/source/src/platform/ec/build/zephyr/nokris-lcov] stderr:
[ptl-ish:singleimage] [13/260] Building C object CMakeFiles/app.dir/mnt/host/source/src/platform/ec/build/zephyr/ptl-ish/modules/ec/builtin/stdlib.c.obj
[ocelotrvp-mchp:ro] [44/363] Building C object CMakeFiles/app.dir/mnt/host/source/src/platform/ec/build/zephyr/ocelotrvp-mchp/modules/ec/common/console_output.c.obj
[ocelotrvp-mchp:rw] [43/363] Building C object CMakeFiles/app.dir/mnt/host/source/src/platform/ec/build/zephyr/ocelotrvp-mchp/modules/ec/common/base32.c.obj
[ocelotrvp-mchp:ro] [45/363] Building C object CMakeFiles/app.dir/mnt/host/source/src/platform/ec/build/zephyr/ocelotrvp-mchp/modules/ec/common/ec_features.c.obj
[ptl-ish:singleimage] [14/260] Building C object CMakeFiles/app.dir/mnt/host/source/src/platform/ec/build/zephyr/ptl-ish/modules/ec/common/base32.c.obj
[ocelotrvp-mchp:ro] [46/363] Building C object CMakeFiles/app.dir/mnt/host/source/src/platform/ec/build/zephyr/ocelotrvp-mchp/modules/ec/common/queue.c.obj
[ocelotrvp-mchp:rw] [44/363] Building C object CMakeFiles/app.dir/mnt/host/source/src/platform/ec/build/zephyr/ocelotrvp-mchp/modules/ec/common/ec_features.c.obj
[ocelotrvp-mchp:ro] [47/363] Building C object CMakeFiles/app.dir/mnt/host/source/src/platform/ec/build/zephyr/ocelotrvp-mchp/modules/ec/common/gpio_commands.c.obj
[/mnt/host/source/src/platform/ec/build/zephyr/pujjoniru-lcov]   /mnt/host/source/src/platform/ec/build/zephyr/pujjoniru/build-rw/zephyr/CMakeFiles/zephyr.dir/soc/ite/ec/it8xxx2/check_regs.c.gcno:no functions found
[/mnt/host/source/src/platform/ec/build/zephyr/pujjoniru-lcov] stderr:
[ocelotrvp-mchp:rw] [45/363] Building C object CMakeFiles/app.dir/mnt/host/source/src/platform/ec/build/zephyr/ocelotrvp-mchp/modules/ec/common/console_output.c.obj
[ocelotrvp-mchp:ro] [48/363] Building C object CMakeFiles/app.dir/mnt/host/source/src/platform/ec/build/zephyr/ocelotrvp-mchp/modules/ec/common/printf.c.obj
[ocelotrvp-mchp:ro] [49/363] Building C object CMakeFiles/app.dir/mnt/host/source/src/platform/ec/build/zephyr/ocelotrvp-mchp/modules/ec/common/peripheral.c.obj
[ocelotrvp-mchp:rw] [46/363] Building C object CMakeFiles/app.dir/mnt/host/source/src/platform/ec/build/zephyr/ocelotrvp-mchp/modules/ec/common/gpio_commands.c.obj
[skyrim:rw] [14/419] Building C object CMakeFiles/app.dir/mnt/host/source/src/platform/ec/zephyr/subsys/ap_pwrseq/ap_events.c.obj
[ptl-ish:singleimage] [15/260] Building C object CMakeFiles/app.dir/mnt/host/source/src/platform/ec/build/zephyr/ptl-ish/modules/ec/common/console_output.c.obj
[ocelotrvp-mchp:rw] [47/363] Building C object CMakeFiles/app.dir/mnt/host/source/src/platform/ec/build/zephyr/ocelotrvp-mchp/modules/ec/common/peripheral.c.obj
[/mnt/host/source/src/platform/ec/build/zephyr/ovis-lcov]   /mnt/host/source/src/platform/ec/build/zephyr/ovis/build-ro/CMakeFiles/app.dir/mnt/host/source/src/platform/ec/build/zephyr/ovis/modules/ec/common/cbi_config.c.gcno:no functions found
[/mnt/host/source/src/platform/ec/build/zephyr/ovis-lcov] stderr:
[ocelotrvp-mchp:ro] [50/363] Building C object CMakeFiles/app.dir/mnt/host/source/src/platform/ec/build/zephyr/ocelotrvp-mchp/modules/ec/common/system.c.obj
[wyrdeer:rw] node '/batteries/hq24u2s1p3l' compatible 'utl,hq24u2s1p3l' has unknown vendor prefix 'utl'
[ocelotrvp-mchp:ro] [51/363] Building C object CMakeFiles/app.dir/mnt/host/source/src/platform/ec/build/zephyr/ocelotrvp-mchp/modules/ec/common/system_boot_time.c.obj
[wyrdeer:rw] -- Generated zephyr.dts: /mnt/host/source/src/platform/ec/build/zephyr/wyrdeer/build-rw/zephyr/zephyr.dts
[wyrdeer:rw] -- Generated pickled edt: /mnt/host/source/src/platform/ec/build/zephyr/wyrdeer/build-rw/zephyr/edt.pickle
[ocelotrvp-mchp:ro] [52/363] Building C object CMakeFiles/app.dir/mnt/host/source/src/platform/ec/build/zephyr/ocelotrvp-mchp/modules/ec/common/uart_printf.c.obj
[ocelotrvp-mchp:rw] [48/363] Building C object CMakeFiles/app.dir/mnt/host/source/src/platform/ec/build/zephyr/ocelotrvp-mchp/modules/ec/common/printf.c.obj
[ocelotrvp-mchp:ro] [53/363] Building C object CMakeFiles/app.dir/mnt/host/source/src/platform/ec/build/zephyr/ocelotrvp-mchp/modules/ec/common/util.c.obj
[ocelotrvp-mchp:ro] [54/363] Building C object CMakeFiles/app.dir/mnt/host/source/src/platform/ec/build/zephyr/ocelotrvp-mchp/modules/ec/common/version.c.obj
[ocelotrvp-mchp:rw] [49/363] Building C object CMakeFiles/app.dir/mnt/host/source/src/platform/ec/build/zephyr/ocelotrvp-mchp/modules/ec/common/queue.c.obj
[ptl-ish:singleimage] [16/260] Building C object CMakeFiles/app.dir/mnt/host/source/src/platform/ec/build/zephyr/ptl-ish/modules/ec/common/ec_features.c.obj
[ocelotrvp-mchp:ro] [55/363] Building C object CMakeFiles/app.dir/mnt/host/source/src/platform/ec/build/zephyr/ocelotrvp-mchp/modules/ec/common/power_button_x86.c.obj
[ocelotrvp-mchp:rw] [50/363] Building C object CMakeFiles/app.dir/mnt/host/source/src/platform/ec/build/zephyr/ocelotrvp-mchp/modules/ec/common/system.c.obj
[wyrdeer:rw] -- Generated devicetree_generated.h: /mnt/host/source/src/platform/ec/build/zephyr/wyrdeer/build-rw/zephyr/include/generated/zephyr/devicetree_generated.h
[skyrim:rw] [15/419] Building C object CMakeFiles/app.dir/mnt/host/source/src/platform/ec/build/zephyr/skyrim/modules/ec/builtin/stdlib.c.obj
[ocelotrvp-mchp:rw] [51/363] Building C object CMakeFiles/app.dir/mnt/host/source/src/platform/ec/build/zephyr/ocelotrvp-mchp/modules/ec/common/system_boot_time.c.obj
[ocelotrvp-mchp:ro] [56/363] Building C object CMakeFiles/app.dir/mnt/host/source/src/platform/ec/build/zephyr/ocelotrvp-mchp/modules/ec/common/adc.c.obj
[ocelotrvp-mchp:rw] [52/363] Building C object CMakeFiles/app.dir/mnt/host/source/src/platform/ec/build/zephyr/ocelotrvp-mchp/modules/ec/common/uart_printf.c.obj
[ptl-ish:singleimage] [17/260] Building C object CMakeFiles/app.dir/mnt/host/source/src/platform/ec/build/zephyr/ptl-ish/modules/ec/common/gpio_commands.c.obj
[ocelotrvp-mchp:ro] [57/363] Building C object CMakeFiles/app.dir/mnt/host/source/src/platform/ec/build/zephyr/ocelotrvp-mchp/modules/ec/common/acpi.c.obj
[ocelotrvp-mchp:ro] [58/363] Building C object CMakeFiles/app.dir/mnt/host/source/src/platform/ec/build/zephyr/ocelotrvp-mchp/modules/ec/common/battery_info.c.obj
[ocelotrvp-mchp:rw] [53/363] Building C object CMakeFiles/app.dir/mnt/host/source/src/platform/ec/build/zephyr/ocelotrvp-mchp/modules/ec/common/util.c.obj
[ocelotrvp-mchp:ro] [59/363] Building C object CMakeFiles/app.dir/mnt/host/source/src/platform/ec/build/zephyr/ocelotrvp-mchp/modules/ec/common/battery.c.obj
[ocelotrvp-mchp:ro] [60/363] Building C object CMakeFiles/app.dir/mnt/host/source/src/platform/ec/build/zephyr/ocelotrvp-mchp/modules/ec/common/battery_fuel_gauge.c.obj
[/mnt/host/source/src/platform/ec/build/zephyr/ovis-lcov]   /mnt/host/source/src/platform/ec/build/zephyr/ovis/build-ro/zephyr/arch/arch/arm/core/mpu/CMakeFiles/arch__arm__core__mpu.dir/arm_mpu_regions.c.gcno:no functions found
[/mnt/host/source/src/platform/ec/build/zephyr/ovis-lcov] stderr:
[ocelotrvp-mchp:ro] [61/363] Building C object CMakeFiles/app.dir/mnt/host/source/src/platform/ec/build/zephyr/ocelotrvp-mchp/modules/ec/driver/battery/smart.c.obj
[skyrim:rw] [16/419] Building C object CMakeFiles/app.dir/mnt/host/source/src/platform/ec/build/zephyr/skyrim/modules/ec/common/base32.c.obj
[ocelotrvp-mchp:rw] [54/363] Building C object CMakeFiles/app.dir/mnt/host/source/src/platform/ec/build/zephyr/ocelotrvp-mchp/modules/ec/common/version.c.obj
[ptl-ish:singleimage] [18/260] Building C object CMakeFiles/app.dir/mnt/host/source/src/platform/ec/build/zephyr/ptl-ish/modules/ec/common/peripheral.c.obj
[ocelotrvp-mchp:rw] [55/363] Building C object CMakeFiles/app.dir/mnt/host/source/src/platform/ec/build/zephyr/ocelotrvp-mchp/modules/ec/common/power_button_x86.c.obj
[ocelotrvp-mchp:rw] [56/363] Building C object CMakeFiles/app.dir/mnt/host/source/src/platform/ec/build/zephyr/ocelotrvp-mchp/modules/ec/common/adc.c.obj
[ocelotrvp-mchp:ro] [62/363] Building C object CMakeFiles/app.dir/mnt/host/source/src/platform/ec/build/zephyr/ocelotrvp-mchp/modules/ec/driver/charger/isl9241.c.obj
[ocelotrvp-mchp:ro] [63/363] Building C object CMakeFiles/app.dir/mnt/host/source/src/platform/ec/build/zephyr/ocelotrvp-mchp/modules/ec/common/charger.c.obj
[wyrdeer:rw] /mnt/host/source/src/platform/ec/build/zephyr/wyrdeer/build-rw/zephyr/zephyr.dts:1191.27-1898.5: Warning (avoid_unnecessary_addr_size): /soc/pin-controller: unnecessary #address-cells/#size-cells without "ranges" or child "reg" property
[ocelotrvp-mchp:ro] [64/363] Building C object CMakeFiles/app.dir/mnt/host/source/src/platform/ec/build/zephyr/ocelotrvp-mchp/modules/ec/common/cbi_common.c.obj
[ptl-ish:singleimage] [19/260] Building C object CMakeFiles/app.dir/mnt/host/source/src/platform/ec/build/zephyr/ptl-ish/modules/ec/common/printf.c.obj
[ocelotrvp-mchp:ro] [65/363] Building C object CMakeFiles/app.dir/mnt/host/source/src/platform/ec/build/zephyr/ocelotrvp-mchp/modules/ec/common/charge_state.c.obj
[ocelotrvp-mchp:rw] [57/363] Building C object CMakeFiles/app.dir/mnt/host/source/src/platform/ec/build/zephyr/ocelotrvp-mchp/modules/ec/common/acpi.c.obj
[/mnt/host/source/src/platform/ec/build/zephyr/ovis-lcov]   /mnt/host/source/src/platform/ec/build/zephyr/ovis/build-ro/zephyr/arch/common/CMakeFiles/isr_tables.dir/isr_tables.c.gcno:no functions found
[/mnt/host/source/src/platform/ec/build/zephyr/ovis-lcov] stderr:
[ocelotrvp-mchp:ro] [66/363] Building C object CMakeFiles/app.dir/mnt/host/source/src/platform/ec/build/zephyr/ocelotrvp-mchp/modules/ec/common/cbi.c.obj
[ocelotrvp-mchp:ro] [67/363] Building C object CMakeFiles/app.dir/mnt/host/source/src/platform/ec/build/zephyr/ocelotrvp-mchp/modules/ec/common/charge_manager.c.obj
[skyrim:rw] [17/419] Building C object CMakeFiles/app.dir/mnt/host/source/src/platform/ec/build/zephyr/skyrim/modules/ec/common/console_output.c.obj
[ocelotrvp-mchp:rw] [58/363] Building C object CMakeFiles/app.dir/mnt/host/source/src/platform/ec/build/zephyr/ocelotrvp-mchp/modules/ec/common/battery.c.obj
[ocelotrvp-mchp:rw] [59/363] Building C object CMakeFiles/app.dir/mnt/host/source/src/platform/ec/build/zephyr/ocelotrvp-mchp/modules/ec/common/battery_info.c.obj
[ptl-ish:singleimage] [20/260] Building C object CMakeFiles/app.dir/mnt/host/source/src/platform/ec/build/zephyr/ptl-ish/modules/ec/common/queue.c.obj
[ocelotrvp-mchp:ro] [68/363] Building C object CMakeFiles/app.dir/mnt/host/source/src/platform/ec/build/zephyr/ocelotrvp-mchp/modules/ec/common/memory_commands.c.obj
[ocelotrvp-mchp:ro] [69/363] Building C object CMakeFiles/app.dir/mnt/host/source/src/platform/ec/build/zephyr/ocelotrvp-mchp/modules/ec/common/cbi_config.c.obj
[ocelotrvp-mchp:rw] [60/363] Building C object CMakeFiles/app.dir/mnt/host/source/src/platform/ec/build/zephyr/ocelotrvp-mchp/modules/ec/common/battery_fuel_gauge.c.obj
[ocelotrvp-mchp:ro] [70/363] Building C object CMakeFiles/app.dir/mnt/host/source/src/platform/ec/build/zephyr/ocelotrvp-mchp/modules/ec/common/ap_reset_log.c.obj
[ocelotrvp-mchp:ro] [71/363] Building C object CMakeFiles/app.dir/mnt/host/source/src/platform/ec/build/zephyr/ocelotrvp-mchp/modules/ec/common/dptf.c.obj
[ocelotrvp-mchp:ro] [72/363] Building C object CMakeFiles/app.dir/mnt/host/source/src/platform/ec/build/zephyr/ocelotrvp-mchp/modules/ec/common/espi.c.obj
[ocelotrvp-mchp:ro] [73/363] Building C object CMakeFiles/app.dir/mnt/host/source/src/platform/ec/build/zephyr/ocelotrvp-mchp/modules/ec/common/extpower_common.c.obj
[ocelotrvp-mchp:rw] [61/363] Building C object CMakeFiles/app.dir/mnt/host/source/src/platform/ec/build/zephyr/ocelotrvp-mchp/modules/ec/driver/battery/smart.c.obj
[ocelotrvp-mchp:rw] [62/363] Building C object CMakeFiles/app.dir/mnt/host/source/src/platform/ec/build/zephyr/ocelotrvp-mchp/modules/ec/driver/charger/isl9241.c.obj
[skyrim:rw] [18/419] Building C object CMakeFiles/app.dir/mnt/host/source/src/platform/ec/build/zephyr/skyrim/modules/ec/common/ec_features.c.obj
[ptl-ish:singleimage] [21/260] Building C object CMakeFiles/app.dir/mnt/host/source/src/platform/ec/build/zephyr/ptl-ish/modules/ec/common/system.c.obj
[ocelotrvp-mchp:rw] [63/363] Building C object CMakeFiles/app.dir/mnt/host/source/src/platform/ec/build/zephyr/ocelotrvp-mchp/modules/ec/common/charger.c.obj
[ocelotrvp-mchp:ro] [74/363] Building C object CMakeFiles/app.dir/mnt/host/source/src/platform/ec/build/zephyr/ocelotrvp-mchp/modules/ec/common/extpower_gpio.c.obj
[ocelotrvp-mchp:ro] [75/363] Building C object CMakeFiles/app.dir/mnt/host/source/src/platform/ec/build/zephyr/ocelotrvp-mchp/modules/ec/common/fan.c.obj
[ocelotrvp-mchp:ro] [76/363] Building C object CMakeFiles/app.dir/mnt/host/source/src/platform/ec/build/zephyr/ocelotrvp-mchp/modules/ec/common/flash.c.obj
[/mnt/host/source/src/platform/ec/build/zephyr/nokris-lcov]   /mnt/host/source/src/platform/ec/build/zephyr/nokris/build-ro/CMakeFiles/app.dir/mnt/host/source/src/platform/ec/build/zephyr/nokris/modules/ec/common/cbi_config.c.gcno:no functions found
[/mnt/host/source/src/platform/ec/build/zephyr/nokris-lcov] stderr:
[ocelotrvp-mchp:ro] [77/363] Building C object CMakeFiles/app.dir/mnt/host/source/src/platform/ec/build/zephyr/ocelotrvp-mchp/modules/ec/common/host_command.c.obj
[ptl-ish:singleimage] [22/260] Building C object CMakeFiles/app.dir/mnt/host/source/src/platform/ec/build/zephyr/ptl-ish/modules/ec/common/system_boot_time.c.obj
[ocelotrvp-mchp:rw] [64/363] Building C object CMakeFiles/app.dir/mnt/host/source/src/platform/ec/build/zephyr/ocelotrvp-mchp/modules/ec/common/charge_state.c.obj
[ocelotrvp-mchp:ro] [78/363] Building C object CMakeFiles/app.dir/mnt/host/source/src/platform/ec/build/zephyr/ocelotrvp-mchp/modules/ec/common/host_command_task.c.obj
[ocelotrvp-mchp:ro] [79/363] Building C object CMakeFiles/app.dir/mnt/host/source/src/platform/ec/build/zephyr/ocelotrvp-mchp/modules/ec/common/host_event_commands.c.obj
[ocelotrvp-mchp:rw] [65/363] Building C object CMakeFiles/app.dir/mnt/host/source/src/platform/ec/build/zephyr/ocelotrvp-mchp/modules/ec/common/cbi_common.c.obj
[ocelotrvp-mchp:rw] [66/363] Building C object CMakeFiles/app.dir/mnt/host/source/src/platform/ec/build/zephyr/ocelotrvp-mchp/modules/ec/common/charge_manager.c.obj
[ocelotrvp-mchp:ro] [80/363] Building C object CMakeFiles/app.dir/mnt/host/source/src/platform/ec/build/zephyr/ocelotrvp-mchp/modules/ec/common/uart_hostcmd.c.obj
[skyrim:rw] [19/419] Building C object CMakeFiles/app.dir/mnt/host/source/src/platform/ec/build/zephyr/skyrim/modules/ec/common/gpio_commands.c.obj
[ocelotrvp-mchp:rw] [67/363] Building C object CMakeFiles/app.dir/mnt/host/source/src/platform/ec/build/zephyr/ocelotrvp-mchp/modules/ec/common/cbi.c.obj
[ptl-ish:singleimage] [23/260] Building C object CMakeFiles/app.dir/mnt/host/source/src/platform/ec/build/zephyr/ptl-ish/modules/ec/common/uart_printf.c.obj
[ocelotrvp-mchp:ro] [81/363] Building C object CMakeFiles/app.dir/mnt/host/source/src/platform/ec/build/zephyr/ocelotrvp-mchp/modules/ec/common/uptime.c.obj
[ocelotrvp-mchp:ro] [82/363] Building C object CMakeFiles/app.dir/mnt/host/source/src/platform/ec/build/zephyr/ocelotrvp-mchp/modules/ec/common/i2c_controller.c.obj
[wyrdeer:rw] warning: PLATFORM_EC_GMR_TABLET_MODE (defined at
[wyrdeer:rw] /mnt/host/source/src/platform/ec/zephyr/Kconfig.tabletmode:22) was assigned the value 'y' but got
[wyrdeer:rw] the value 'n'. Check these unsatisfied dependencies: PLATFORM_EC_TABLET_MODE (=n). See
[wyrdeer:rw] http://docs.zephyrproject.org/latest/kconfig.html#CONFIG_PLATFORM_EC_GMR_TABLET_MODE and/or look up
[wyrdeer:rw] PLATFORM_EC_GMR_TABLET_MODE in the menuconfig/guiconfig interface. The Application Development
[wyrdeer:rw] Primer, Setting Configuration Values, and Kconfig - Tips and Best Practices sections of the manual
[wyrdeer:rw] might be helpful too.
[wyrdeer:rw] warning: PLATFORM_EC_USB_PORT_POWER_DUMB_CUSTOM_HOOK (defined at
[wyrdeer:rw] /mnt/host/source/src/platform/ec/zephyr/Kconfig.usba:49) was assigned the value 'y' but got the
[wyrdeer:rw] value 'n'. Check these unsatisfied dependencies: PLATFORM_EC_USB_PORT_POWER_DUMB (=n),
[wyrdeer:rw] PLATFORM_EC_USBA (=n). See
[wyrdeer:rw] http://docs.zephyrproject.org/latest/kconfig.html#CONFIG_PLATFORM_EC_USB_PORT_POWER_DUMB_CUSTOM_HOOK
[wyrdeer:rw] and/or look up PLATFORM_EC_USB_PORT_POWER_DUMB_CUSTOM_HOOK in the menuconfig/guiconfig interface.
[wyrdeer:rw] The Application Development Primer, Setting Configuration Values, and Kconfig - Tips and Best
[wyrdeer:rw] Practices sections of the manual might be helpful too.
[wyrdeer:rw] warning: PLATFORM_EC_BC12_CLIENT_MODE_ONLY_PI3USB9201 (defined at
[wyrdeer:rw] /mnt/host/source/src/platform/ec/zephyr/Kconfig.usb_charger:53) was assigned the value 'y' but got
[wyrdeer:rw] the value 'n'. Check these unsatisfied dependencies: PLATFORM_EC_BC12_DETECT_PI3USB9201 (=n),
[wyrdeer:rw] PLATFORM_EC_USB_CHARGER (=n). See http://docs.zephyrproject.org/latest/kconfig.html#CONFIG_PLATFORM_
[wyrdeer:rw] EC_BC12_CLIENT_MODE_ONLY_PI3USB9201 and/or look up PLATFORM_EC_BC12_CLIENT_MODE_ONLY_PI3USB9201 in
[wyrdeer:rw] the menuconfig/guiconfig interface. The Application Development Primer, Setting Configuration
[wyrdeer:rw] Values, and Kconfig - Tips and Best Practices sections of the manual might be helpful too.
[wyrdeer:rw] warning: The choice symbol PLATFORM_EC_ACCELGYRO_ICM_COMM_I2C (defined at
[wyrdeer:rw] /mnt/host/source/src/platform/ec/zephyr/Kconfig.accelgyro_icm:23) was selected (set =y), but no
[wyrdeer:rw] symbol ended up as the choice selection. See
[wyrdeer:rw] http://docs.zephyrproject.org/latest/kconfig.html#CONFIG_PLATFORM_EC_ACCELGYRO_ICM_COMM_I2C and/or
[wyrdeer:rw] look up PLATFORM_EC_ACCELGYRO_ICM_COMM_I2C in the menuconfig/guiconfig interface. The Application
[wyrdeer:rw] Development Primer, Setting Configuration Values, and Kconfig - Tips and Best Practices sections of
[wyrdeer:rw] the manual might be helpful too.
[wyrdeer:rw] warning: The choice symbol PLATFORM_EC_USB_PD_FRS_PPC (defined at
[wyrdeer:rw] /mnt/host/source/src/platform/ec/zephyr/Kconfig.pd_frs:29) was selected (set =y), but no symbol
[wyrdeer:rw] ended up as the choice selection. See
[wyrdeer:rw] http://docs.zephyrproject.org/latest/kconfig.html#CONFIG_PLATFORM_EC_USB_PD_FRS_PPC and/or look up
[wyrdeer:rw] PLATFORM_EC_USB_PD_FRS_PPC in the menuconfig/guiconfig interface. The Application Development
[wyrdeer:rw] Primer, Setting Configuration Values, and Kconfig - Tips and Best Practices sections of the manual
[wyrdeer:rw] might be helpful too.
[wyrdeer:rw] warning: Deprecated symbol I2C_ALLOW_NO_STOP_TRANSACTIONS is enabled.
[ocelotrvp-mchp:ro] [83/363] Building C object CMakeFiles/app.dir/mnt/host/source/src/platform/ec/build/zephyr/ocelotrvp-mchp/modules/ec/common/i2c_passthru.c.obj
[ocelotrvp-mchp:rw] [68/363] Building C object CMakeFiles/app.dir/mnt/host/source/src/platform/ec/build/zephyr/ocelotrvp-mchp/modules/ec/common/cbi_config.c.obj
[ocelotrvp-mchp:ro] [84/363] Building C object CMakeFiles/app.dir/mnt/host/source/src/platform/ec/build/zephyr/ocelotrvp-mchp/modules/ec/common/mkbp_info.c.obj
[ocelotrvp-mchp:ro] [85/363] Building C object CMakeFiles/app.dir/mnt/host/source/src/platform/ec/build/zephyr/ocelotrvp-mchp/modules/ec/common/mkbp_fifo.c.obj
[ptl-ish:singleimage] [24/260] Building C object CMakeFiles/app.dir/mnt/host/source/src/platform/ec/build/zephyr/ptl-ish/modules/ec/common/util.c.obj
[ocelotrvp-mchp:rw] [69/363] Building C object CMakeFiles/app.dir/mnt/host/source/src/platform/ec/build/zephyr/ocelotrvp-mchp/modules/ec/common/memory_commands.c.obj
[ocelotrvp-mchp:ro] [86/363] Building C object CMakeFiles/app.dir/mnt/host/source/src/platform/ec/build/zephyr/ocelotrvp-mchp/modules/ec/common/mkbp_input_devices.c.obj
[ocelotrvp-mchp:rw] [70/363] Building C object CMakeFiles/app.dir/mnt/host/source/src/platform/ec/build/zephyr/ocelotrvp-mchp/modules/ec/common/dptf.c.obj
[ocelotrvp-mchp:rw] [71/363] Building C object CMakeFiles/app.dir/mnt/host/source/src/platform/ec/build/zephyr/ocelotrvp-mchp/modules/ec/common/ap_reset_log.c.obj
[wyrdeer:rw] Parsing /mnt/host/source/src/platform/ec/zephyr/program/corsola/Kconfig
[skyrim:rw] [20/419] Building C object CMakeFiles/app.dir/mnt/host/source/src/platform/ec/build/zephyr/skyrim/modules/ec/common/peripheral.c.obj
[/mnt/host/source/src/platform/ec/build/zephyr/nokris-lcov]   /mnt/host/source/src/platform/ec/build/zephyr/nokris/build-ro/zephyr/arch/arch/arm/core/mpu/CMakeFiles/arch__arm__core__mpu.dir/arm_mpu_regions.c.gcno:no functions found
[/mnt/host/source/src/platform/ec/build/zephyr/nokris-lcov] stderr:
[ptl-ish:singleimage] [25/260] Building C object CMakeFiles/app.dir/mnt/host/source/src/platform/ec/build/zephyr/ptl-ish/modules/ec/common/version.c.obj
[ocelotrvp-mchp:ro] [87/363] Building C object CMakeFiles/app.dir/mnt/host/source/src/platform/ec/build/zephyr/ocelotrvp-mchp/modules/ec/common/mkbp_event.c.obj
[ocelotrvp-mchp:ro] [88/363] Building C object CMakeFiles/app.dir/mnt/host/source/src/platform/ec/build/zephyr/ocelotrvp-mchp/modules/ec/common/port80.c.obj
[/mnt/host/source/src/platform/ec/build/zephyr/pujjoniru-lcov]   /mnt/host/source/src/platform/ec/build/zephyr/pujjoniru/build-rw/zephyr/drivers/sensor/CMakeFiles/drivers__sensor.dir/mnt/host/source/src/third_party/zephyr/main/misc/empty_file.c.gcno:no functions found
[/mnt/host/source/src/platform/ec/build/zephyr/pujjoniru-lcov] Filter suppressions 'region':
[ocelotrvp-mchp:ro] [89/363] Building C object CMakeFiles/app.dir/mnt/host/source/src/platform/ec/build/zephyr/ocelotrvp-mchp/modules/ec/common/lid_switch.c.obj
[ocelotrvp-mchp:rw] [72/363] Building C object CMakeFiles/app.dir/mnt/host/source/src/platform/ec/build/zephyr/ocelotrvp-mchp/modules/ec/common/espi.c.obj
[/mnt/host/source/src/platform/ec/build/zephyr/pujjoniru-lcov]     40 instances
[/mnt/host/source/src/platform/ec/build/zephyr/pujjoniru-lcov]     34 coverpoints
[/mnt/host/source/src/platform/ec/build/zephyr/pujjoniru-lcov] Message summary:
[/mnt/host/source/src/platform/ec/build/zephyr/pujjoniru-lcov]   31 ignore messages:
[/mnt/host/source/src/platform/ec/build/zephyr/pujjoniru-lcov]     gcov: 31
[ocelotrvp-mchp:ro] [90/363] Building C object CMakeFiles/app.dir/mnt/host/source/src/platform/ec/build/zephyr/ocelotrvp-mchp/modules/ec/common/power_button.c.obj
[ocelotrvp-mchp:ro] [91/363] Building C object CMakeFiles/app.dir/mnt/host/source/src/platform/ec/build/zephyr/ocelotrvp-mchp/modules/ec/power/hibernate.c.obj
[/mnt/host/source/src/platform/ec/build/zephyr/ovis-lcov]   /mnt/host/source/src/platform/ec/build/zephyr/ovis/build-ro/zephyr/CMakeFiles/zephyr.dir/subsys/shell/modules/kernel_service/kernel_shell.c.gcno:no functions found
[/mnt/host/source/src/platform/ec/build/zephyr/ovis-lcov] stderr:
[ocelotrvp-mchp:rw] [73/363] Building C object CMakeFiles/app.dir/mnt/host/source/src/platform/ec/build/zephyr/ocelotrvp-mchp/modules/ec/common/extpower_common.c.obj
[ocelotrvp-mchp:ro] [92/363] Building C object CMakeFiles/app.dir/mnt/host/source/src/platform/ec/build/zephyr/ocelotrvp-mchp/modules/ec/common/panic_output.c.obj
[/mnt/host/source/src/platform/ec/build/zephyr/ovis-lcov]   /mnt/host/source/src/platform/ec/build/zephyr/ovis/build-ro/zephyr/CMakeFiles/zephyr.dir/lib/libc/validate_libc.c.gcno:no functions found
[/mnt/host/source/src/platform/ec/build/zephyr/ovis-lcov] stderr:
[ocelotrvp-mchp:rw] [74/363] Building C object CMakeFiles/app.dir/mnt/host/source/src/platform/ec/build/zephyr/ocelotrvp-mchp/modules/ec/common/extpower_gpio.c.obj
[ocelotrvp-mchp:rw] [75/363] Building C object CMakeFiles/app.dir/mnt/host/source/src/platform/ec/build/zephyr/ocelotrvp-mchp/modules/ec/common/fan.c.obj
[ptl-ish:singleimage] [26/260] Building C object CMakeFiles/app.dir/mnt/host/source/src/platform/ec/build/zephyr/ptl-ish/modules/ec/driver/accel_bma4xx.c.obj
[skyrim:rw] [21/419] Building C object CMakeFiles/app.dir/mnt/host/source/src/platform/ec/build/zephyr/skyrim/modules/ec/common/printf.c.obj
[ocelotrvp-mchp:ro] [93/363] Building C object CMakeFiles/app.dir/mnt/host/source/src/platform/ec/build/zephyr/ocelotrvp-mchp/modules/ec/common/sha256.c.obj
[wyrdeer:rw] Loaded configuration '/mnt/host/source/src/platform/ec/zephyr/boards/google/it8xxx2/it8xxx2_it81202bx_defconfig'
[wyrdeer:rw] Merged configuration '/mnt/host/source/src/platform/ec/zephyr/program/corsola/program.conf'
[wyrdeer:rw] Merged configuration '/mnt/host/source/src/platform/ec/zephyr/program/corsola/ite_program.conf'
[wyrdeer:rw] Merged configuration '/mnt/host/source/src/platform/ec/zephyr/program/corsola/wyrdeer/project.conf'
[wyrdeer:rw] Merged configuration '/mnt/host/source/src/platform/ec/build/zephyr/wyrdeer/kconfig-rw.conf'
[wyrdeer:rw] Configuration saved to '/mnt/host/source/src/platform/ec/build/zephyr/wyrdeer/build-rw/zephyr/.config'
[wyrdeer:rw] Kconfig header saved to '/mnt/host/source/src/platform/ec/build/zephyr/wyrdeer/build-rw/zephyr/include/generated/zephyr/autoconf.h'
[wyrdeer:rw] -- Found GnuLd: /home/jpmurphy/.cache/coreboot-sdk/riscv64-elf/96b949749225b6aaa92ed810ab769e8dfb12f000/riscv64-elf/bin/ld.bfd (found version "2.43.1")
[ptl-ish:singleimage] [27/260] Building C object CMakeFiles/app.dir/mnt/host/source/src/platform/ec/build/zephyr/ptl-ish/modules/ec/driver/accelgyro_bmi_common.c.obj
[ocelotrvp-mchp:ro] [94/363] Building C object CMakeFiles/app.dir/mnt/host/source/src/platform/ec/build/zephyr/ocelotrvp-mchp/modules/ec/common/spi_flash_reg.c.obj
[ocelotrvp-mchp:ro] [95/363] Building C object CMakeFiles/app.dir/mnt/host/source/src/platform/ec/build/zephyr/ocelotrvp-mchp/modules/ec/common/switch.c.obj
[ocelotrvp-mchp:ro] [96/363] Building C object CMakeFiles/app.dir/mnt/host/source/src/platform/ec/build/zephyr/ocelotrvp-mchp/modules/ec/common/shared_mem.c.obj
[ocelotrvp-mchp:rw] [76/363] Building C object CMakeFiles/app.dir/mnt/host/source/src/platform/ec/build/zephyr/ocelotrvp-mchp/modules/ec/common/flash.c.obj
[ocelotrvp-mchp:rw] [77/363] Building C object CMakeFiles/app.dir/mnt/host/source/src/platform/ec/build/zephyr/ocelotrvp-mchp/modules/ec/common/host_command.c.obj
[wyrdeer:rw] -- The C compiler identification is GNU 14.2.0
[ocelotrvp-mchp:ro] [97/363] Building C object CMakeFiles/app.dir/mnt/host/source/src/platform/ec/build/zephyr/ocelotrvp-mchp/modules/ec/common/thermal.c.obj
[ocelotrvp-mchp:rw] [78/363] Building C object CMakeFiles/app.dir/mnt/host/source/src/platform/ec/build/zephyr/ocelotrvp-mchp/modules/ec/common/host_command_task.c.obj
[ptl-ish:singleimage] [28/260] Building C object CMakeFiles/app.dir/mnt/host/source/src/platform/ec/build/zephyr/ptl-ish/modules/ec/driver/accelgyro_bmi3xx.c.obj
[ocelotrvp-mchp:rw] [79/363] Building C object CMakeFiles/app.dir/mnt/host/source/src/platform/ec/build/zephyr/ocelotrvp-mchp/modules/ec/common/host_event_commands.c.obj
[ocelotrvp-mchp:ro] [98/363] Building C object CMakeFiles/app.dir/mnt/host/source/src/platform/ec/build/zephyr/ocelotrvp-mchp/modules/ec/common/temp_sensor.c.obj
[wyrdeer:rw] -- The CXX compiler identification is GNU 14.2.0
[ptl-ish:singleimage] [29/260] Building C object CMakeFiles/app.dir/mnt/host/source/src/platform/ec/build/zephyr/ptl-ish/modules/ec/common/motion_sense_fifo.c.obj
[wyrdeer:rw] -- The ASM compiler identification is GNU
[wyrdeer:rw] -- Found assembler: /home/jpmurphy/.cache/coreboot-sdk/riscv64-elf/96b949749225b6aaa92ed810ab769e8dfb12f000/bin/riscv64-elf-gcc
[wyrdeer:rw] CMake Warning at /mnt/host/source/src/platform/ec/zephyr/cmake/linker/ld/linker_libraries.cmake:11 (message):
[wyrdeer:rw]   Disabling c_library
[wyrdeer:rw] Call Stack (most recent call first):
[wyrdeer:rw]   /mnt/host/source/src/third_party/zephyr/main/cmake/target_toolchain_flags.cmake:48 (include)
[wyrdeer:rw]   /mnt/host/source/src/third_party/zephyr/main/cmake/modules/kernel.cmake:153 (include)
[wyrdeer:rw]   /mnt/host/source/src/third_party/zephyr/main/cmake/modules/zephyr_default.cmake:138 (include)
[wyrdeer:rw]   /mnt/host/source/src/third_party/zephyr/main/share/zephyr-package/cmake/ZephyrConfig.cmake:66 (include)
[wyrdeer:rw]   /mnt/host/source/src/third_party/zephyr/main/share/zephyr-package/cmake/ZephyrConfig.cmake:97 (include_boilerplate)
[wyrdeer:rw]   CMakeLists.txt:7 (find_package)
[skyrim:rw] [22/419] Building C object CMakeFiles/app.dir/mnt/host/source/src/platform/ec/build/zephyr/skyrim/modules/ec/common/queue.c.obj
[ocelotrvp-mchp:ro] [99/363] Building C object CMakeFiles/app.dir/mnt/host/source/src/platform/ec/build/zephyr/ocelotrvp-mchp/modules/ec/common/usbc_utils.c.obj
[ptl-ish:singleimage] [30/260] Building C object CMakeFiles/app.dir/mnt/host/source/src/platform/ec/build/zephyr/ptl-ish/modules/ec/common/cbi_common.c.obj
[ocelotrvp-mchp:ro] [100/363] Building C object CMakeFiles/app.dir/mnt/host/source/src/platform/ec/build/zephyr/ocelotrvp-mchp/modules/ec/common/timer.c.obj
[/mnt/host/source/src/platform/ec/build/zephyr/ovis-lcov]   /mnt/host/source/src/platform/ec/build/zephyr/ovis/build-ro/zephyr/CMakeFiles/zephyr.dir/lib/utils/last_section_id.c.gcno:no functions found
[/mnt/host/source/src/platform/ec/build/zephyr/ovis-lcov] stderr:
[ocelotrvp-mchp:ro] [101/363] Building C object CMakeFiles/app.dir/mnt/host/source/src/platform/ec/build/zephyr/ocelotrvp-mchp/modules/ec/driver/temp_sensor/thermistor.c.obj
[ocelotrvp-mchp:rw] [80/363] Building C object CMakeFiles/app.dir/mnt/host/source/src/platform/ec/build/zephyr/ocelotrvp-mchp/modules/ec/common/uart_hostcmd.c.obj
[ocelotrvp-mchp:rw] [81/363] Building C object CMakeFiles/app.dir/mnt/host/source/src/platform/ec/build/zephyr/ocelotrvp-mchp/modules/ec/common/uptime.c.obj
[ocelotrvp-mchp:ro] [102/363] Building C object CMakeFiles/app.dir/mnt/host/source/src/platform/ec/build/zephyr/ocelotrvp-mchp/modules/ec/common/usb_common.c.obj
[ocelotrvp-mchp:ro] [103/363] Building C object CMakeFiles/app.dir/mnt/host/source/src/platform/ec/build/zephyr/ocelotrvp-mchp/modules/ec/common/usb_pd_host_cmd_common.c.obj
[wyrdeer:rw] -- Performing EC specific devicetree checks
[ocelotrvp-mchp:rw] [82/363] Building C object CMakeFiles/app.dir/mnt/host/source/src/platform/ec/build/zephyr/ocelotrvp-mchp/modules/ec/common/i2c_controller.c.obj
[ptl-ish:singleimage] [31/260] Building C object CMakeFiles/app.dir/mnt/host/source/src/platform/ec/build/zephyr/ptl-ish/modules/ec/common/cbi_config.c.obj
[ocelotrvp-mchp:rw] [83/363] Building C object CMakeFiles/app.dir/mnt/host/source/src/platform/ec/build/zephyr/ocelotrvp-mchp/modules/ec/common/i2c_passthru.c.obj
[ptl-ish:singleimage] [32/260] Building C object CMakeFiles/app.dir/mnt/host/source/src/platform/ec/build/zephyr/ptl-ish/modules/ec/common/cbi.c.obj
[ocelotrvp-mchp:ro] [104/363] Building C object CMakeFiles/app.dir/mnt/host/source/src/platform/ec/build/zephyr/ocelotrvp-mchp/modules/ec/common/vboot_hash.c.obj
[wyrdeer:rw] INFO: Verified 44 GPIOs, no duplicates found
[wyrdeer:rw] INFO: Verified 21 '*-gpios' properties, all flags match.
[wyrdeer:rw] INFO: Skipped 1 named-gpios children.
[ocelotrvp-mchp:ro] [105/363] Building C object CMakeFiles/app.dir/mnt/host/source/src/platform/ec/build/zephyr/ocelotrvp-mchp/modules/ec/common/math_util.c.obj
[ocelotrvp-mchp:ro] [106/363] Building C object CMakeFiles/app.dir/mnt/host/source/src/platform/ec/build/zephyr/ocelotrvp-mchp/modules/ec/common/vstore.c.obj
[wyrdeer:rw] -- Generating component manifest file
[ocelotrvp-mchp:ro] [107/363] Building C object CMakeFiles/app.dir/mnt/host/source/src/platform/ec/build/zephyr/ocelotrvp-mchp/modules/ec/common/button.c.obj
[ocelotrvp-mchp:rw] [84/363] Building C object CMakeFiles/app.dir/mnt/host/source/src/platform/ec/build/zephyr/ocelotrvp-mchp/modules/ec/common/mkbp_fifo.c.obj
[ocelotrvp-mchp:ro] [108/363] Building C object CMakeFiles/app.dir/mnt/host/source/src/platform/ec/build/zephyr/ocelotrvp-mchp/modules/ec/driver/led/max695x.c.obj
[ptl-ish:singleimage] [33/260] Building C object CMakeFiles/app.dir/mnt/host/source/src/platform/ec/build/zephyr/ptl-ish/modules/ec/common/cbi_gpio.c.obj
[ocelotrvp-mchp:rw] [85/363] Building C object CMakeFiles/app.dir/mnt/host/source/src/platform/ec/build/zephyr/ocelotrvp-mchp/modules/ec/common/mkbp_info.c.obj
[ptl-ish:singleimage] [34/260] Building C object CMakeFiles/app.dir/mnt/host/source/src/platform/ec/build/zephyr/ptl-ish/modules/ec/common/memory_commands.c.obj
[wyrdeer:rw] INFO: Running CME, outputting to /mnt/host/source/src/platform/ec/build/zephyr/wyrdeer/build-rw/zephyr/component_manifest.json
[wyrdeer:rw] INFO: Component usbpd@f03700(ite,it8xxx2-usbpd) not on I2C bus, skip it
[skyrim:rw] [23/419] Building C object CMakeFiles/app.dir/mnt/host/source/src/platform/ec/build/zephyr/skyrim/modules/ec/common/system.c.obj
[ocelotrvp-mchp:ro] [109/363] Building C object CMakeFiles/app.dir/src/rvp_board_power.c.obj
[ocelotrvp-mchp:rw] [86/363] Building C object CMakeFiles/app.dir/mnt/host/source/src/platform/ec/build/zephyr/ocelotrvp-mchp/modules/ec/common/mkbp_input_devices.c.obj
[ocelotrvp-mchp:rw] [87/363] Building C object CMakeFiles/app.dir/mnt/host/source/src/platform/ec/build/zephyr/ocelotrvp-mchp/modules/ec/common/lid_switch.c.obj
[wyrdeer:rw] -- warning_base_override: -Wall;-Wformat;-Wformat-security;-Wformat;-Wno-format-zero-length;-Wno-pointer-sign;-Wpointer-arith;-Wexpansion-to-defined
[ocelotrvp-mchp:ro] [110/363] Building C object CMakeFiles/app.dir/src/rvp_usbc_runtime.c.obj
[ptl-ish:singleimage] [35/260] Building C object CMakeFiles/app.dir/mnt/host/source/src/platform/ec/build/zephyr/ptl-ish/modules/ec/common/ap_reset_log.c.obj
[ocelotrvp-mchp:ro] [111/363] Building C object zephyr/CMakeFiles/zephyr.dir/lib/libc/validate_libc.c.obj
[ocelotrvp-mchp:ro] [112/363] Building C object zephyr/CMakeFiles/zephyr.dir/lib/heap/heap.c.obj
[ptl-ish:singleimage] [36/260] Building C object CMakeFiles/app.dir/mnt/host/source/src/platform/ec/build/zephyr/ptl-ish/modules/ec/common/host_command.c.obj
[ocelotrvp-mchp:ro] [113/363] Building C object zephyr/CMakeFiles/zephyr.dir/lib/os/cbprintf_packaged.c.obj
[ocelotrvp-mchp:ro] [114/363] Building C object CMakeFiles/app.dir/mnt/host/source/src/platform/ec/zephyr/program/intelrvp/src/dc_jack.c.obj
[wyrdeer:rw] -- Found gen_kobject_list: /mnt/host/source/src/third_party/zephyr/main/scripts/build/gen_kobject_list.py
[ocelotrvp-mchp:rw] [88/363] Building C object CMakeFiles/app.dir/mnt/host/source/src/platform/ec/build/zephyr/ocelotrvp-mchp/modules/ec/common/mkbp_event.c.obj
[ocelotrvp-mchp:ro] [115/363] Building C object zephyr/CMakeFiles/zephyr.dir/lib/os/clock.c.obj
[wyrdeer:rw] INFO: Component virtual-mux-0(cros-ec,usbc-mux-virtual) not on I2C bus, skip it
[wyrdeer:rw] CMake Warning at /mnt/host/source/src/third_party/zephyr/main/CMakeLists.txt:2359 (message):
[wyrdeer:rw]   __ASSERT() statements are globally ENABLED
[ocelotrvp-mchp:rw] [89/363] Building C object CMakeFiles/app.dir/mnt/host/source/src/platform/ec/build/zephyr/ocelotrvp-mchp/modules/ec/common/port80.c.obj
[ocelotrvp-mchp:ro] [116/363] Linking C static library app/libapp.a
[/mnt/host/source/src/platform/ec/build/zephyr/nokris-lcov]   /mnt/host/source/src/platform/ec/build/zephyr/nokris/build-ro/zephyr/arch/common/CMakeFiles/isr_tables.dir/isr_tables.c.gcno:no functions found
[/mnt/host/source/src/platform/ec/build/zephyr/nokris-lcov] stderr:
[wyrdeer:rw] -- Configuring done (15.6s)
[ocelotrvp-mchp:rw] [90/363] Building C object CMakeFiles/app.dir/mnt/host/source/src/platform/ec/build/zephyr/ocelotrvp-mchp/modules/ec/common/power_button.c.obj
[skyrim:rw] [24/419] Building C object CMakeFiles/app.dir/mnt/host/source/src/platform/ec/build/zephyr/skyrim/modules/ec/common/system_boot_time.c.obj
[ptl-ish:singleimage] [37/260] Building C object CMakeFiles/app.dir/mnt/host/source/src/platform/ec/build/zephyr/ptl-ish/modules/ec/common/host_command_task.c.obj
[ocelotrvp-mchp:ro] [117/363] Building C object zephyr/CMakeFiles/zephyr.dir/lib/os/thread_entry.c.obj
[ocelotrvp-mchp:ro] [118/363] Building C object zephyr/CMakeFiles/zephyr.dir/lib/os/printk.c.obj
[ocelotrvp-mchp:ro] [119/363] Building C object zephyr/CMakeFiles/zephyr.dir/lib/os/sem.c.obj
[ocelotrvp-mchp:rw] [91/363] Building C object CMakeFiles/app.dir/mnt/host/source/src/platform/ec/build/zephyr/ocelotrvp-mchp/modules/ec/power/hibernate.c.obj
[ocelotrvp-mchp:ro] [120/363] Building C object zephyr/CMakeFiles/zephyr.dir/lib/utils/base64.c.obj
[/mnt/host/source/src/platform/ec/build/zephyr/nokris-lcov]   /mnt/host/source/src/platform/ec/build/zephyr/nokris/build-ro/zephyr/CMakeFiles/zephyr.dir/lib/libc/validate_libc.c.gcno:no functions found
[/mnt/host/source/src/platform/ec/build/zephyr/nokris-lcov] stderr:
[ocelotrvp-mchp:ro] [121/363] Building C object zephyr/CMakeFiles/zephyr.dir/lib/os/cbprintf_nano.c.obj
[ptl-ish:singleimage] [38/260] Building C object CMakeFiles/app.dir/mnt/host/source/src/platform/ec/build/zephyr/ptl-ish/modules/ec/common/host_event_commands.c.obj
[wyrdeer:rw] -- Generating done (0.4s)
[wyrdeer:rw] CMake Warning:
[wyrdeer:rw]   Manually-specified variables were not used by the project:
[wyrdeer:rw]     COREBOOT_SDK_ROOT_arm
[wyrdeer:rw]     COREBOOT_SDK_ROOT_libstdcxx_arm
[wyrdeer:rw]     COREBOOT_SDK_ROOT_libstdcxx_x86
[wyrdeer:rw]     COREBOOT_SDK_ROOT_nds32
[wyrdeer:rw]     COREBOOT_SDK_ROOT_picolibc_arm
[wyrdeer:rw]     COREBOOT_SDK_ROOT_picolibc_x86
[wyrdeer:rw]     COREBOOT_SDK_ROOT_riscv
[wyrdeer:rw]     COREBOOT_SDK_ROOT_x86
[wyrdeer:rw] -- Build files have been written to: /mnt/host/source/src/platform/ec/build/zephyr/wyrdeer/build-rw
[ocelotrvp-mchp:ro] [122/363] Building C object zephyr/CMakeFiles/zephyr.dir/lib/utils/dec.c.obj
[ocelotrvp-mchp:ro] [123/363] Building C object zephyr/CMakeFiles/zephyr.dir/lib/utils/hex.c.obj
[ocelotrvp-mchp:ro] [124/363] Building C object zephyr/CMakeFiles/zephyr.dir/lib/os/cbprintf.c.obj
[ocelotrvp-mchp:ro] [125/363] Building C object zephyr/CMakeFiles/zephyr.dir/lib/os/assert.c.obj
[ptl-ish:singleimage] [39/260] Building C object CMakeFiles/app.dir/mnt/host/source/src/platform/ec/build/zephyr/ptl-ish/modules/ec/common/uart_hostcmd.c.obj
[ocelotrvp-mchp:rw] [92/363] Building C object CMakeFiles/app.dir/mnt/host/source/src/platform/ec/build/zephyr/ocelotrvp-mchp/modules/ec/common/panic_output.c.obj
[ocelotrvp-mchp:ro] [126/363] Building C object zephyr/CMakeFiles/zephyr.dir/lib/utils/timeutil.c.obj
[ocelotrvp-mchp:ro] [127/363] Building C object zephyr/CMakeFiles/zephyr.dir/lib/utils/bitmask.c.obj
[ocelotrvp-mchp:rw] [93/363] Building C object CMakeFiles/app.dir/mnt/host/source/src/platform/ec/build/zephyr/ocelotrvp-mchp/modules/ec/common/sha256.c.obj
[ocelotrvp-mchp:ro] [128/363] Building C object zephyr/CMakeFiles/zephyr.dir/lib/utils/last_section_id.c.obj
[ocelotrvp-mchp:rw] [94/363] Building C object CMakeFiles/app.dir/mnt/host/source/src/platform/ec/build/zephyr/ocelotrvp-mchp/modules/ec/common/shared_mem.c.obj
[ocelotrvp-mchp:ro] [129/363] Building C object zephyr/CMakeFiles/zephyr.dir/lib/utils/ring_buffer.c.obj
[ptl-ish:singleimage] [40/260] Building C object CMakeFiles/app.dir/mnt/host/source/src/platform/ec/build/zephyr/ptl-ish/modules/ec/common/uptime.c.obj
[ocelotrvp-mchp:ro] [130/363] Building C object zephyr/CMakeFiles/zephyr.dir/misc/generated/configs.c.obj
[ocelotrvp-mchp:ro] [131/363] Building C object zephyr/CMakeFiles/zephyr.dir/lib/utils/rb.c.obj
[skyrim:rw] [25/419] Building C object CMakeFiles/app.dir/mnt/host/source/src/platform/ec/build/zephyr/skyrim/modules/ec/common/uart_printf.c.obj
[ocelotrvp-mchp:rw] [95/363] Building C object CMakeFiles/app.dir/mnt/host/source/src/platform/ec/build/zephyr/ocelotrvp-mchp/modules/ec/common/switch.c.obj
[ocelotrvp-mchp:ro] [132/363] Building C object zephyr/CMakeFiles/zephyr.dir/lib/utils/bitarray.c.obj
[ocelotrvp-mchp:ro] [133/363] Building C object zephyr/CMakeFiles/zephyr.dir/lib/utils/getopt/getopt.c.obj
[ocelotrvp-mchp:ro] [134/363] Building C object zephyr/CMakeFiles/zephyr.dir/lib/utils/getopt/getopt_common.c.obj
[ptl-ish:singleimage] [41/260] Building C object CMakeFiles/app.dir/mnt/host/source/src/platform/ec/build/zephyr/ptl-ish/modules/ec/common/i2c_controller.c.obj
[ocelotrvp-mchp:rw] [96/363] Building C object CMakeFiles/app.dir/mnt/host/source/src/platform/ec/build/zephyr/ocelotrvp-mchp/modules/ec/common/spi_flash_reg.c.obj
[skyrim:rw] [26/419] Building C object CMakeFiles/app.dir/mnt/host/source/src/platform/ec/build/zephyr/skyrim/modules/ec/common/util.c.obj
[ocelotrvp-mchp:rw] [97/363] Building C object CMakeFiles/app.dir/mnt/host/source/src/platform/ec/build/zephyr/ocelotrvp-mchp/modules/ec/common/thermal.c.obj
[ptl-ish:singleimage] [42/260] Building C object CMakeFiles/app.dir/mnt/host/source/src/platform/ec/build/zephyr/ptl-ish/modules/ec/common/i2c_passthru.c.obj
[ocelotrvp-mchp:ro] [135/363] Building C object zephyr/CMakeFiles/zephyr.dir/soc/microchip/mec/mec172x/soc.c.obj
[ocelotrvp-mchp:ro] [136/363] Building C object zephyr/CMakeFiles/zephyr.dir/soc/microchip/mec/common/soc_ecia.c.obj
[ocelotrvp-mchp:ro] [137/363] Building C object zephyr/CMakeFiles/zephyr.dir/soc/microchip/mec/common/soc_i2c.c.obj
[/mnt/host/source/src/platform/ec/build/zephyr/nokris-lcov]   /mnt/host/source/src/platform/ec/build/zephyr/nokris/build-ro/zephyr/CMakeFiles/zephyr.dir/lib/utils/last_section_id.c.gcno:no functions found
[/mnt/host/source/src/platform/ec/build/zephyr/nokris-lcov] stderr:
[ocelotrvp-mchp:rw] [98/363] Building C object CMakeFiles/app.dir/mnt/host/source/src/platform/ec/build/zephyr/ocelotrvp-mchp/modules/ec/common/temp_sensor.c.obj
[ocelotrvp-mchp:ro] [138/363] Building C object zephyr/CMakeFiles/zephyr.dir/subsys/logging/log_minimal.c.obj
[ocelotrvp-mchp:ro] [139/363] Building C object zephyr/CMakeFiles/zephyr.dir/subsys/mem_mgmt/mem_attr.c.obj
[ptl-ish:singleimage] [43/260] Building C object CMakeFiles/app.dir/mnt/host/source/src/platform/ec/build/zephyr/ptl-ish/modules/ec/common/motion_lid.c.obj
[ocelotrvp-mchp:ro] [140/363] Building C object zephyr/CMakeFiles/zephyr.dir/subsys/testsuite/coverage/coverage.c.obj
[ocelotrvp-mchp:rw] [99/363] Building C object CMakeFiles/app.dir/mnt/host/source/src/platform/ec/build/zephyr/ocelotrvp-mchp/modules/ec/driver/temp_sensor/thermistor.c.obj
[skyrim:rw] [27/419] Building C object CMakeFiles/app.dir/mnt/host/source/src/platform/ec/build/zephyr/skyrim/modules/ec/common/version.c.obj
[ptl-ish:singleimage] [44/260] Building C object CMakeFiles/app.dir/mnt/host/source/src/platform/ec/build/zephyr/ptl-ish/modules/ec/common/lid_angle.c.obj
[ocelotrvp-mchp:rw] [100/363] Building C object CMakeFiles/app.dir/mnt/host/source/src/platform/ec/build/zephyr/ocelotrvp-mchp/modules/ec/common/timer.c.obj
[ptl-ish:singleimage] [45/260] Building C object CMakeFiles/app.dir/mnt/host/source/src/platform/ec/build/zephyr/ptl-ish/modules/ec/common/lid_angle_keyboard_policy.c.obj
[ocelotrvp-mchp:ro] [141/363] Building C object zephyr/CMakeFiles/zephyr.dir/subsys/shell/modules/kernel_service/cycles.c.obj
[ocelotrvp-mchp:ro] [142/363] Building C object zephyr/CMakeFiles/zephyr.dir/subsys/tracing/tracing_none.c.obj
[ocelotrvp-mchp:rw] [101/363] Building C object CMakeFiles/app.dir/mnt/host/source/src/platform/ec/build/zephyr/ocelotrvp-mchp/modules/ec/common/usbc_utils.c.obj
[ocelotrvp-mchp:ro] [143/363] Building C object zephyr/CMakeFiles/zephyr.dir/subsys/shell/modules/kernel_service/kernel_shell.c.obj
[ocelotrvp-mchp:ro] [144/363] Building C object zephyr/CMakeFiles/zephyr.dir/subsys/shell/modules/kernel_service/sleep.c.obj
[ocelotrvp-mchp:ro] [145/363] Building C object zephyr/CMakeFiles/zephyr.dir/subsys/shell/modules/kernel_service/uptime.c.obj
[skyrim:rw] [28/419] Building C object CMakeFiles/app.dir/mnt/host/source/src/platform/ec/build/zephyr/skyrim/modules/ec/common/power_button_x86.c.obj
[ptl-ish:singleimage] [46/260] Building C object CMakeFiles/app.dir/mnt/host/source/src/platform/ec/build/zephyr/ptl-ish/modules/ec/common/lid_switch.c.obj
[ocelotrvp-mchp:ro] [146/363] Building C object zephyr/CMakeFiles/zephyr.dir/subsys/shell/modules/kernel_service/version.c.obj
[ocelotrvp-mchp:rw] [102/363] Building C object CMakeFiles/app.dir/mnt/host/source/src/platform/ec/build/zephyr/ocelotrvp-mchp/modules/ec/common/usb_common.c.obj
[ocelotrvp-mchp:rw] [103/363] Building C object CMakeFiles/app.dir/mnt/host/source/src/platform/ec/build/zephyr/ocelotrvp-mchp/modules/ec/common/usb_pd_host_cmd_common.c.obj
[ptl-ish:singleimage] [47/260] Building C object CMakeFiles/app.dir/mnt/host/source/src/platform/ec/build/zephyr/ptl-ish/modules/ec/common/mkbp_event.c.obj
[ocelotrvp-mchp:ro] [147/363] Building C object zephyr/CMakeFiles/zephyr.dir/subsys/shell/modules/kernel_service/thread/stacks.c.obj
[ocelotrvp-mchp:ro] [148/363] Building C object zephyr/CMakeFiles/zephyr.dir/subsys/shell/modules/kernel_service/thread/thread.c.obj
[ocelotrvp-mchp:rw] [104/363] Building C object CMakeFiles/app.dir/mnt/host/source/src/platform/ec/build/zephyr/ocelotrvp-mchp/modules/ec/common/vboot_hash.c.obj
[ocelotrvp-mchp:ro] [149/363] Building C object zephyr/CMakeFiles/zephyr.dir/subsys/shell/modules/kernel_service/thread/suspend.c.obj
[skyrim:rw] [29/419] Building C object CMakeFiles/app.dir/mnt/host/source/src/platform/ec/build/zephyr/skyrim/modules/ec/driver/accel_bma4xx.c.obj
[ocelotrvp-mchp:ro] [150/363] Building C object zephyr/CMakeFiles/zephyr.dir/subsys/shell/modules/kernel_service/thread/list.c.obj
[ptl-ish:singleimage] [48/260] Building C object CMakeFiles/app.dir/mnt/host/source/src/platform/ec/build/zephyr/ptl-ish/modules/ec/common/mkbp_fifo.c.obj
[ocelotrvp-mchp:rw] [105/363] Building C object CMakeFiles/app.dir/mnt/host/source/src/platform/ec/build/zephyr/ocelotrvp-mchp/modules/ec/common/button.c.obj
[ocelotrvp-mchp:ro] [151/363] Building C object zephyr/CMakeFiles/zephyr.dir/subsys/shell/modules/kernel_service/thread/resume.c.obj
[ocelotrvp-mchp:ro] [152/363] Building C object zephyr/CMakeFiles/zephyr.dir/subsys/shell/modules/kernel_service/thread/kill.c.obj
[ocelotrvp-mchp:rw] [106/363] Building C object CMakeFiles/app.dir/mnt/host/source/src/platform/ec/build/zephyr/ocelotrvp-mchp/modules/ec/common/vstore.c.obj
[ptl-ish:singleimage] [49/260] Building C object CMakeFiles/app.dir/mnt/host/source/src/platform/ec/build/zephyr/ptl-ish/modules/ec/common/sha256.c.obj
[ocelotrvp-mchp:rw] [107/363] Building C object CMakeFiles/app.dir/mnt/host/source/src/platform/ec/build/zephyr/ocelotrvp-mchp/modules/ec/common/math_util.c.obj
[skyrim:rw] [30/419] Building C object CMakeFiles/app.dir/mnt/host/source/src/platform/ec/build/zephyr/skyrim/modules/ec/driver/accelgyro_bmi_common.c.obj
[ptl-ish:singleimage] [50/260] Building C object CMakeFiles/app.dir/mnt/host/source/src/platform/ec/build/zephyr/ptl-ish/modules/ec/common/motion_sense.c.obj
[ocelotrvp-mchp:ro] [153/363] Building C object zephyr/CMakeFiles/zephyr.dir/subsys/shell/shell.c.obj
[ocelotrvp-mchp:ro] [154/363] Building C object zephyr/CMakeFiles/zephyr.dir/subsys/shell/shell_utils.c.obj
[ocelotrvp-mchp:ro] [155/363] Building C object zephyr/CMakeFiles/zephyr.dir/subsys/shell/shell_fprintf.c.obj
[ocelotrvp-mchp:rw] [108/363] Building C object CMakeFiles/app.dir/mnt/host/source/src/platform/ec/build/zephyr/ocelotrvp-mchp/modules/ec/driver/led/max695x.c.obj
[ocelotrvp-mchp:ro] [156/363] Building C object zephyr/CMakeFiles/zephyr.dir/subsys/shell/backends/shell_uart.c.obj
[ocelotrvp-mchp:ro] [157/363] Building C object zephyr/CMakeFiles/zephyr.dir/subsys/shell/shell_ops.c.obj
[ocelotrvp-mchp:ro] [158/363] Building C object zephyr/CMakeFiles/zephyr.dir/subsys/shell/shell_help.c.obj
[ocelotrvp-mchp:rw] [109/363] Building C object CMakeFiles/app.dir/src/rvp_board_power.c.obj
[skyrim:rw] [31/419] Building C object CMakeFiles/app.dir/mnt/host/source/src/platform/ec/build/zephyr/skyrim/modules/ec/driver/accelgyro_bmi3xx.c.obj
[ptl-ish:singleimage] [51/260] Building C object CMakeFiles/app.dir/mnt/host/source/src/platform/ec/build/zephyr/ptl-ish/modules/ec/common/shared_mem.c.obj
[ptl-ish:singleimage] [52/260] Building C object CMakeFiles/app.dir/mnt/host/source/src/platform/ec/build/zephyr/ptl-ish/modules/ec/common/tablet_mode.c.obj
[ocelotrvp-mchp:ro] [159/363] Building C object zephyr/arch/common/CMakeFiles/arch__common.dir/init.c.obj
[ocelotrvp-mchp:ro] [160/363] Building C object zephyr/CMakeFiles/zephyr.dir/subsys/shell/shell_history.c.obj
[ocelotrvp-mchp:rw] [110/363] Building C object zephyr/CMakeFiles/zephyr.dir/lib/libc/validate_libc.c.obj
[ocelotrvp-mchp:ro] [161/363] Building C object zephyr/CMakeFiles/zephyr.dir/drivers/flash/flash_util.c.obj
[ocelotrvp-mchp:rw] [111/363] Building C object CMakeFiles/app.dir/mnt/host/source/src/platform/ec/zephyr/program/intelrvp/src/dc_jack.c.obj
[ocelotrvp-mchp:ro] [162/363] Building C object zephyr/arch/common/CMakeFiles/arch__common.dir/sw_isr_common.c.obj
[ocelotrvp-mchp:rw] [112/363] Building C object CMakeFiles/app.dir/src/rvp_usbc_runtime.c.obj
[ocelotrvp-mchp:ro] [163/363] Linking C static library zephyr/libzephyr.a
[ocelotrvp-mchp:ro] [164/363] Building C object zephyr/arch/common/CMakeFiles/arch__common.dir/xip.c.obj
[skyrim:rw] [32/419] Building C object CMakeFiles/app.dir/mnt/host/source/src/platform/ec/build/zephyr/skyrim/modules/ec/common/motion_sense_fifo.c.obj
[ocelotrvp-mchp:ro] [165/363] Building ASM object zephyr/arch/arch/arm/core/CMakeFiles/arch__arm__core.dir/nmi_on_reset.S.obj
[ocelotrvp-mchp:rw] [113/363] Building C object zephyr/CMakeFiles/zephyr.dir/lib/heap/heap.c.obj
[ocelotrvp-mchp:rw] [114/363] Linking C static library app/libapp.a
[ptl-ish:singleimage] [53/260] Building C object CMakeFiles/app.dir/mnt/host/source/src/platform/ec/build/zephyr/ptl-ish/modules/ec/common/timer.c.obj
[ocelotrvp-mchp:ro] [166/363] Building C object zephyr/arch/common/CMakeFiles/isr_tables.dir/isr_tables.c.obj
[ptl-ish:singleimage] [54/260] Building C object CMakeFiles/app.dir/mnt/host/source/src/platform/ec/build/zephyr/ptl-ish/modules/ec/common/vstore.c.obj
[ocelotrvp-mchp:ro] [167/363] Building ASM object zephyr/arch/arch/arm/core/cortex_m/CMakeFiles/arch__arm__core__cortex_m.dir/fault_s.S.obj
[ocelotrvp-mchp:ro] [168/363] Linking C static library zephyr/arch/common/libisr_tables.a
[ocelotrvp-mchp:ro] [169/363] Linking C static library zephyr/arch/common/libarch__common.a
[ocelotrvp-mchp:ro] [170/363] Building C object zephyr/arch/arch/arm/core/CMakeFiles/arch__arm__core.dir/nmi.c.obj
[skyrim:rw] [33/419] Building C object CMakeFiles/app.dir/mnt/host/source/src/platform/ec/build/zephyr/skyrim/modules/ec/driver/amd_stb.c.obj
[ocelotrvp-mchp:rw] [115/363] Building C object zephyr/CMakeFiles/zephyr.dir/lib/os/cbprintf_packaged.c.obj
[ocelotrvp-mchp:rw] [116/363] Building C object zephyr/CMakeFiles/zephyr.dir/lib/os/clock.c.obj
[ocelotrvp-mchp:ro] [171/363] Building C object zephyr/arch/arch/arm/core/CMakeFiles/arch__arm__core.dir/fatal.c.obj
[ptl-ish:singleimage] [55/260] Building C object zephyr/CMakeFiles/zephyr.dir/lib/libc/validate_libc.c.obj
[ocelotrvp-mchp:ro] [172/363] Building C object zephyr/arch/arch/arm/core/cortex_m/CMakeFiles/arch__arm__core__cortex_m.dir/exc_exit.c.obj
[ocelotrvp-mchp:ro] [173/363] Linking C static library zephyr/arch/arch/arm/core/libarch__arm__core.a
[ptl-ish:singleimage] [56/260] Building C object CMakeFiles/app.dir/mnt/host/source/src/platform/ec/build/zephyr/ptl-ish/modules/ec/common/math_util.c.obj
[ptl-ish:singleimage] [57/260] Linking C static library app/libapp.a
[ocelotrvp-mchp:rw] [117/363] Building C object zephyr/CMakeFiles/zephyr.dir/lib/os/sem.c.obj
[ocelotrvp-mchp:ro] [174/363] Building C object zephyr/arch/arch/arm/core/cortex_m/CMakeFiles/arch__arm__core__cortex_m.dir/fpu.c.obj
[ocelotrvp-mchp:ro] [175/363] Building C object zephyr/arch/arch/arm/core/cortex_m/CMakeFiles/arch__arm__core__cortex_m.dir/fault.c.obj
[ocelotrvp-mchp:rw] [118/363] Building C object zephyr/CMakeFiles/zephyr.dir/lib/os/printk.c.obj
[ocelotrvp-mchp:ro] [176/363] Building ASM object zephyr/arch/arch/arm/core/cortex_m/CMakeFiles/arch__arm__core__cortex_m.dir/reset.S.obj
[ocelotrvp-mchp:ro] [177/363] Building ASM object zephyr/arch/arch/arm/core/cortex_m/CMakeFiles/arch__arm__core__cortex_m.dir/vector_table.S.obj
[ocelotrvp-mchp:ro] [178/363] Building C object zephyr/arch/arch/arm/core/cortex_m/CMakeFiles/arch__arm__core__cortex_m.dir/scb.c.obj
[ocelotrvp-mchp:rw] [119/363] Building C object zephyr/CMakeFiles/zephyr.dir/lib/os/thread_entry.c.obj
[/mnt/host/source/src/platform/ec/build/zephyr/ovis-lcov]   /mnt/host/source/src/platform/ec/build/zephyr/ovis/build-ro/zephyr/CMakeFiles/zephyr.dir/soc/nuvoton/npcx/common/npcxn/registers.c.gcno:no functions found
[/mnt/host/source/src/platform/ec/build/zephyr/ovis-lcov] stderr:
[ptl-ish:singleimage] [58/260] Building C object zephyr/CMakeFiles/zephyr.dir/lib/heap/heap.c.obj
[skyrim:rw] [34/419] Building C object CMakeFiles/app.dir/mnt/host/source/src/platform/ec/build/zephyr/skyrim/modules/ec/common/adc.c.obj
[ocelotrvp-mchp:rw] [120/363] Building C object zephyr/CMakeFiles/zephyr.dir/lib/os/cbprintf_nano.c.obj
[ocelotrvp-mchp:ro] [179/363] Building C object zephyr/arch/arch/arm/core/cortex_m/CMakeFiles/arch__arm__core__cortex_m.dir/thread_abort.c.obj
[ocelotrvp-mchp:rw] [121/363] Building C object zephyr/CMakeFiles/zephyr.dir/lib/utils/base64.c.obj
[ocelotrvp-mchp:rw] [122/363] Building C object zephyr/CMakeFiles/zephyr.dir/lib/os/cbprintf.c.obj
[ptl-ish:singleimage] [59/260] Building C object zephyr/CMakeFiles/zephyr.dir/lib/os/cbprintf_packaged.c.obj
[ocelotrvp-mchp:ro] [180/363] Building C object zephyr/arch/arch/arm/core/cortex_m/CMakeFiles/arch__arm__core__cortex_m.dir/irq_manage.c.obj
[ocelotrvp-mchp:rw] [123/363] Building C object zephyr/CMakeFiles/zephyr.dir/lib/os/assert.c.obj
[ocelotrvp-mchp:rw] [124/363] Building C object zephyr/CMakeFiles/zephyr.dir/lib/utils/dec.c.obj
[ocelotrvp-mchp:ro] [181/363] Building ASM object zephyr/arch/arch/arm/core/cortex_m/CMakeFiles/arch__arm__core__cortex_m.dir/swap_helper.S.obj
[ocelotrvp-mchp:rw] [125/363] Building C object zephyr/CMakeFiles/zephyr.dir/lib/utils/hex.c.obj
[skyrim:rw] [35/419] Building C object CMakeFiles/app.dir/mnt/host/source/src/platform/ec/build/zephyr/skyrim/modules/ec/common/acpi.c.obj
[ocelotrvp-mchp:ro] [182/363] Building C object zephyr/arch/arch/arm/core/cortex_m/CMakeFiles/arch__arm__core__cortex_m.dir/prep_c.c.obj
[ocelotrvp-mchp:ro] [183/363] Building C object zephyr/arch/arch/arm/core/cortex_m/CMakeFiles/arch__arm__core__cortex_m.dir/thread.c.obj
[ocelotrvp-mchp:ro] [184/363] Building C object zephyr/arch/arch/arm/core/cortex_m/CMakeFiles/arch__arm__core__cortex_m.dir/cpu_idle.c.obj
[ptl-ish:singleimage] [60/260] Building C object zephyr/CMakeFiles/zephyr.dir/lib/os/clock.c.obj
[ocelotrvp-mchp:ro] [185/363] Generating ../../../include/generated/libc/minimal/strerror_table.h
[ptl-ish:singleimage] [61/260] Building C object zephyr/CMakeFiles/zephyr.dir/lib/os/printk.c.obj
[ocelotrvp-mchp:rw] [126/363] Building C object zephyr/CMakeFiles/zephyr.dir/lib/utils/timeutil.c.obj
[ocelotrvp-mchp:rw] [127/363] Building C object zephyr/CMakeFiles/zephyr.dir/lib/utils/bitmask.c.obj
[ocelotrvp-mchp:ro] [186/363] Building C object zephyr/lib/libc/minimal/CMakeFiles/lib__libc__minimal.dir/source/stdlib/atoi.c.obj
[ocelotrvp-mchp:ro] [187/363] Building C object zephyr/arch/arch/arm/core/cortex_m/CMakeFiles/arch__arm__core__cortex_m.dir/irq_init.c.obj
[ocelotrvp-mchp:rw] [128/363] Building C object zephyr/CMakeFiles/zephyr.dir/lib/utils/rb.c.obj
[ocelotrvp-mchp:ro] [188/363] Building C object zephyr/arch/arch/arm/core/cortex_m/CMakeFiles/arch__arm__core__cortex_m.dir/isr_wrapper.c.obj
[ptl-ish:singleimage] [62/260] Building C object zephyr/CMakeFiles/zephyr.dir/lib/os/sem.c.obj
[ocelotrvp-mchp:rw] [129/363] Building C object zephyr/CMakeFiles/zephyr.dir/lib/utils/bitarray.c.obj
[ocelotrvp-mchp:ro] [189/363] Linking C static library zephyr/arch/arch/arm/core/cortex_m/libarch__arm__core__cortex_m.a
[ocelotrvp-mchp:ro] [190/363] Building C object zephyr/lib/libc/minimal/CMakeFiles/lib__libc__minimal.dir/source/stdlib/strtol.c.obj
[ocelotrvp-mchp:ro] [191/363] Building C object zephyr/lib/libc/minimal/CMakeFiles/lib__libc__minimal.dir/source/stdlib/strtoul.c.obj
[ocelotrvp-mchp:ro] [192/363] Building C object zephyr/arch/arch/arm/core/mpu/CMakeFiles/arch__arm__core__mpu.dir/arm_mpu_regions.c.obj
[skyrim:rw] [36/419] Building C object CMakeFiles/app.dir/mnt/host/source/src/platform/ec/build/zephyr/skyrim/modules/ec/driver/sb_rmi.c.obj
[ocelotrvp-mchp:rw] [130/363] Building C object zephyr/CMakeFiles/zephyr.dir/lib/utils/last_section_id.c.obj
[ocelotrvp-mchp:ro] [193/363] Building C object zephyr/arch/arch/arm/core/mpu/CMakeFiles/arch__arm__core__mpu.dir/arm_core_mpu.c.obj
[ptl-ish:singleimage] [63/260] Building C object zephyr/CMakeFiles/zephyr.dir/lib/os/thread_entry.c.obj
[ocelotrvp-mchp:ro] [194/363] Building C object zephyr/lib/libc/minimal/CMakeFiles/lib__libc__minimal.dir/source/stdlib/strtoull.c.obj
[ocelotrvp-mchp:ro] [195/363] Building C object zephyr/lib/libc/minimal/CMakeFiles/lib__libc__minimal.dir/source/stdlib/strtoll.c.obj
[ocelotrvp-mchp:ro] [196/363] Building C object zephyr/lib/libc/minimal/CMakeFiles/lib__libc__minimal.dir/source/stdlib/bsearch.c.obj
[ocelotrvp-mchp:rw] [131/363] Building C object zephyr/CMakeFiles/zephyr.dir/lib/utils/ring_buffer.c.obj
[ocelotrvp-mchp:rw] [132/363] Building C object zephyr/CMakeFiles/zephyr.dir/lib/utils/getopt/getopt.c.obj
[ocelotrvp-mchp:rw] [133/363] Building C object zephyr/CMakeFiles/zephyr.dir/misc/generated/configs.c.obj
[ptl-ish:singleimage] [64/260] Building C object zephyr/CMakeFiles/zephyr.dir/lib/os/cbprintf_nano.c.obj
[ocelotrvp-mchp:ro] [197/363] Building C object zephyr/lib/libc/minimal/CMakeFiles/lib__libc__minimal.dir/source/string/strncasecmp.c.obj
[ocelotrvp-mchp:ro] [198/363] Building C object zephyr/lib/libc/minimal/CMakeFiles/lib__libc__minimal.dir/source/string/strstr.c.obj
[ocelotrvp-mchp:rw] [134/363] Building C object zephyr/CMakeFiles/zephyr.dir/lib/utils/getopt/getopt_common.c.obj
[ocelotrvp-mchp:ro] [199/363] Building C object zephyr/lib/libc/minimal/CMakeFiles/lib__libc__minimal.dir/source/stdlib/qsort.c.obj
[ocelotrvp-mchp:ro] [200/363] Building C object zephyr/arch/arch/arm/core/mpu/CMakeFiles/arch__arm__core__mpu.dir/arm_mpu.c.obj
[skyrim:rw] [37/419] Building C object CMakeFiles/app.dir/mnt/host/source/src/platform/ec/build/zephyr/skyrim/modules/ec/driver/amd_stt.c.obj
[ocelotrvp-mchp:ro] [201/363] Linking C static library zephyr/arch/arch/arm/core/mpu/libarch__arm__core__mpu.a
[ocelotrvp-mchp:ro] [202/363] Building C object zephyr/lib/libc/minimal/CMakeFiles/lib__libc__minimal.dir/source/string/strerror.c.obj
[ocelotrvp-mchp:ro] [203/363] Building C object zephyr/lib/libc/minimal/CMakeFiles/lib__libc__minimal.dir/source/string/strspn.c.obj
[ocelotrvp-mchp:ro] [204/363] Building C object zephyr/lib/libc/minimal/CMakeFiles/lib__libc__minimal.dir/source/string/string.c.obj
[ptl-ish:singleimage] [65/260] Building C object zephyr/CMakeFiles/zephyr.dir/lib/os/cbprintf.c.obj
[ptl-ish:singleimage] [66/260] Building C object zephyr/CMakeFiles/zephyr.dir/lib/os/assert.c.obj
[ocelotrvp-mchp:ro] [205/363] Building C object zephyr/lib/libc/minimal/CMakeFiles/lib__libc__minimal.dir/source/stdlib/exit.c.obj
[ocelotrvp-mchp:ro] [206/363] Building C object zephyr/lib/libc/minimal/CMakeFiles/lib__libc__minimal.dir/source/math/sqrt.c.obj
[ocelotrvp-mchp:ro] [207/363] Building C object zephyr/lib/libc/minimal/CMakeFiles/lib__libc__minimal.dir/source/math/sqrtf.c.obj
[ocelotrvp-mchp:rw] [135/363] Building C object zephyr/CMakeFiles/zephyr.dir/soc/microchip/mec/mec172x/soc.c.obj
[ocelotrvp-mchp:rw] [136/363] Building C object zephyr/CMakeFiles/zephyr.dir/soc/microchip/mec/common/soc_i2c.c.obj
[ptl-ish:singleimage] [67/260] Building C object zephyr/CMakeFiles/zephyr.dir/lib/os/reboot.c.obj
[ocelotrvp-mchp:rw] [137/363] Building C object zephyr/CMakeFiles/zephyr.dir/subsys/logging/log_minimal.c.obj
[ptl-ish:singleimage] [68/260] Building C object zephyr/CMakeFiles/zephyr.dir/lib/utils/dec.c.obj
[ocelotrvp-mchp:ro] [208/363] Building C object zephyr/lib/libc/minimal/CMakeFiles/lib__libc__minimal.dir/source/stdout/stdout_console.c.obj
[ocelotrvp-mchp:rw] [138/363] Building C object zephyr/CMakeFiles/zephyr.dir/soc/microchip/mec/common/soc_ecia.c.obj
[ocelotrvp-mchp:ro] [209/363] Building C object zephyr/lib/libc/minimal/CMakeFiles/lib__libc__minimal.dir/source/stdout/fprintf.c.obj
[skyrim:rw] [38/419] Building C object CMakeFiles/app.dir/mnt/host/source/src/platform/ec/build/zephyr/skyrim/modules/ec/common/backlight_lid.c.obj
[ocelotrvp-mchp:ro] [210/363] Building C object zephyr/lib/libc/common/CMakeFiles/lib__libc__common.dir/source/time/asctime.c.obj
[ocelotrvp-mchp:ro] [211/363] Building C object zephyr/lib/libc/common/CMakeFiles/lib__libc__common.dir/source/time/gmtime_r.c.obj
[ocelotrvp-mchp:ro] [212/363] Building C object zephyr/lib/libc/minimal/CMakeFiles/lib__libc__minimal.dir/source/stdout/sprintf.c.obj
[ptl-ish:singleimage] [69/260] Building C object zephyr/CMakeFiles/zephyr.dir/lib/utils/hex.c.obj
[ocelotrvp-mchp:ro] [213/363] Building C object zephyr/lib/libc/common/CMakeFiles/lib__libc__common.dir/source/time/localtime_r_utc.c.obj
[ocelotrvp-mchp:ro] [214/363] Building C object zephyr/lib/libc/common/CMakeFiles/lib__libc__common.dir/source/stdlib/abort.c.obj
[ocelotrvp-mchp:ro] [215/363] Building C object zephyr/lib/libc/common/CMakeFiles/lib__libc__common.dir/source/time/time.c.obj
[ocelotrvp-mchp:ro] [216/363] Building C object zephyr/lib/libc/minimal/CMakeFiles/lib__libc__minimal.dir/source/time/gmtime.c.obj
[ocelotrvp-mchp:ro] [217/363] Building C object zephyr/lib/libc/common/CMakeFiles/lib__libc__common.dir/source/time/ctime.c.obj
[ocelotrvp-mchp:ro] [218/363] Building C object zephyr/lib/libc/common/CMakeFiles/lib__libc__common.dir/source/string/strnlen.c.obj
[ptl-ish:singleimage] [70/260] Building C object zephyr/CMakeFiles/zephyr.dir/lib/utils/rb.c.obj
[ocelotrvp-mchp:ro] [219/363] Linking C static library zephyr/lib/libc/minimal/liblib__libc__minimal.a
[ocelotrvp-mchp:ro] [220/363] Building C object zephyr/lib/posix/c_lib_ext/CMakeFiles/lib__posix__c_lib_ext.dir/fnmatch.c.obj
[ocelotrvp-mchp:rw] [139/363] Building C object zephyr/CMakeFiles/zephyr.dir/subsys/mem_mgmt/mem_attr.c.obj
[ptl-ish:singleimage] [71/260] Building C object zephyr/CMakeFiles/zephyr.dir/lib/utils/timeutil.c.obj
[ocelotrvp-mchp:rw] [140/363] Building C object zephyr/CMakeFiles/zephyr.dir/subsys/testsuite/coverage/coverage.c.obj
[skyrim:rw] [39/419] Building C object CMakeFiles/app.dir/mnt/host/source/src/platform/ec/build/zephyr/skyrim/modules/ec/common/battery.c.obj
[ocelotrvp-mchp:ro] [221/363] Building C object zephyr/subsys/crc/CMakeFiles/subsys__crc.dir/crc4_sw.c.obj
[ocelotrvp-mchp:rw] [141/363] Building C object zephyr/CMakeFiles/zephyr.dir/subsys/tracing/tracing_none.c.obj
[ocelotrvp-mchp:ro] [222/363] Building C object zephyr/subsys/crc/CMakeFiles/subsys__crc.dir/crc8_sw.c.obj
[ocelotrvp-mchp:rw] [142/363] Building C object zephyr/CMakeFiles/zephyr.dir/subsys/shell/modules/kernel_service/kernel_shell.c.obj
[ocelotrvp-mchp:ro] [223/363] Building C object zephyr/subsys/crc/CMakeFiles/subsys__crc.dir/crc7_sw.c.obj
[ocelotrvp-mchp:ro] [224/363] Building C object zephyr/subsys/crc/CMakeFiles/subsys__crc.dir/crc16_sw.c.obj
[ocelotrvp-mchp:ro] [225/363] Building C object zephyr/lib/libc/common/CMakeFiles/lib__libc__common.dir/source/stdlib/malloc.c.obj
[ptl-ish:singleimage] [72/260] Building C object zephyr/CMakeFiles/zephyr.dir/lib/utils/bitmask.c.obj
[ocelotrvp-mchp:ro] [226/363] Linking C static library zephyr/lib/libc/common/liblib__libc__common.a
[ocelotrvp-mchp:ro] [227/363] Building C object zephyr/subsys/crc/CMakeFiles/subsys__crc.dir/crc24_sw.c.obj
[ocelotrvp-mchp:ro] [228/363] Building C object zephyr/subsys/crc/CMakeFiles/subsys__crc.dir/crc32c_sw.c.obj
[ocelotrvp-mchp:ro] [229/363] Building C object zephyr/lib/posix/c_lib_ext/CMakeFiles/lib__posix__c_lib_ext.dir/getentropy.c.obj
[ocelotrvp-mchp:ro] [230/363] Building C object zephyr/subsys/crc/CMakeFiles/subsys__crc.dir/crc32_sw.c.obj
[ocelotrvp-mchp:ro] [231/363] Building C object zephyr/subsys/crc/CMakeFiles/subsys__crc.dir/crc32k_4_2_sw.c.obj
[ptl-ish:singleimage] [73/260] Building C object zephyr/CMakeFiles/zephyr.dir/lib/utils/bitarray.c.obj
[ocelotrvp-mchp:ro] [232/363] Linking C static library zephyr/subsys/crc/libsubsys__crc.a
[skyrim:rw] [40/419] Building C object CMakeFiles/app.dir/mnt/host/source/src/platform/ec/build/zephyr/skyrim/modules/ec/common/battery_info.c.obj
[ocelotrvp-mchp:ro] [233/363] Building C object zephyr/lib/posix/c_lib_ext/CMakeFiles/lib__posix__c_lib_ext.dir/getopt_shim.c.obj
[ocelotrvp-mchp:ro] [234/363] Building C object zephyr/lib/smf/CMakeFiles/lib__smf.dir/smf.c.obj
[ptl-ish:singleimage] [74/260] Building C object zephyr/CMakeFiles/zephyr.dir/lib/utils/getopt/getopt.c.obj
[ocelotrvp-mchp:ro] [235/363] Linking C static library zephyr/lib/posix/c_lib_ext/liblib__posix__c_lib_ext.a
[ocelotrvp-mchp:rw] [143/363] Building C object zephyr/CMakeFiles/zephyr.dir/subsys/shell/modules/kernel_service/uptime.c.obj
[ocelotrvp-mchp:rw] [144/363] Building C object zephyr/CMakeFiles/zephyr.dir/subsys/shell/modules/kernel_service/cycles.c.obj
[ocelotrvp-mchp:ro] [236/363] Linking C static library zephyr/lib/smf/liblib__smf.a
[ocelotrvp-mchp:rw] [145/363] Building C object zephyr/CMakeFiles/zephyr.dir/subsys/shell/modules/kernel_service/sleep.c.obj
[/mnt/host/source/src/platform/ec/build/zephyr/nokris-lcov]   /mnt/host/source/src/platform/ec/build/zephyr/nokris/build-ro/zephyr/CMakeFiles/zephyr.dir/soc/nuvoton/npcx/common/npcxn/registers.c.gcno:no functions found
[/mnt/host/source/src/platform/ec/build/zephyr/nokris-lcov] stderr:
[ptl-ish:singleimage] [75/260] Building C object zephyr/CMakeFiles/zephyr.dir/lib/utils/ring_buffer.c.obj
[ptl-ish:singleimage] [76/260] Building C object zephyr/CMakeFiles/zephyr.dir/lib/utils/getopt/getopt_common.c.obj
[ocelotrvp-mchp:ro] [237/363] Building C object zephyr/drivers/interrupt_controller/CMakeFiles/drivers__interrupt_controller.dir/intc_mchp_ecia_xec.c.obj
[ocelotrvp-mchp:rw] [146/363] Building C object zephyr/CMakeFiles/zephyr.dir/subsys/shell/modules/kernel_service/version.c.obj
[skyrim:rw] [41/419] Building C object CMakeFiles/app.dir/mnt/host/source/src/platform/ec/build/zephyr/skyrim/modules/ec/common/battery_fuel_gauge.c.obj
[ocelotrvp-mchp:ro] [238/363] Building C object zephyr/drivers/adc/CMakeFiles/drivers__adc.dir/adc_common.c.obj
[ocelotrvp-mchp:ro] [239/363] Linking C static library zephyr/drivers/interrupt_controller/libdrivers__interrupt_controller.a
[ptl-ish:singleimage] [77/260] Building C object zephyr/CMakeFiles/zephyr.dir/misc/generated/configs.c.obj
[ocelotrvp-mchp:ro] [240/363] Building C object zephyr/drivers/bbram/CMakeFiles/drivers__bbram.dir/bbram_xec.c.obj
[ptl-ish:singleimage] [78/260] Building C object zephyr/CMakeFiles/zephyr.dir/soc/intel/intel_ish/intel_ish5/soc.c.obj
[ocelotrvp-mchp:rw] [147/363] Building C object zephyr/CMakeFiles/zephyr.dir/subsys/shell/modules/kernel_service/thread/list.c.obj
[ocelotrvp-mchp:ro] [241/363] Building C object zephyr/drivers/clock_control/CMakeFiles/drivers__clock_control.dir/clock_control_mchp_xec.c.obj
[ocelotrvp-mchp:ro] [242/363] Building C object zephyr/drivers/adc/CMakeFiles/drivers__adc.dir/adc_mchp_xec.c.obj
[ocelotrvp-mchp:ro] [243/363] Linking C static library zephyr/drivers/bbram/libdrivers__bbram.a
[ocelotrvp-mchp:rw] [148/363] Building C object zephyr/CMakeFiles/zephyr.dir/subsys/shell/modules/kernel_service/thread/thread.c.obj
[ocelotrvp-mchp:ro] [244/363] Building C object zephyr/drivers/console/CMakeFiles/drivers__console.dir/uart_console.c.obj
[ocelotrvp-mchp:ro] [245/363] Linking C static library zephyr/drivers/clock_control/libdrivers__clock_control.a
[ocelotrvp-mchp:ro] [246/363] Linking C static library zephyr/drivers/console/libdrivers__console.a
[ocelotrvp-mchp:ro] [247/363] Linking C static library zephyr/drivers/adc/libdrivers__adc.a
[ocelotrvp-mchp:rw] [149/363] Building C object zephyr/CMakeFiles/zephyr.dir/subsys/shell/modules/kernel_service/thread/stacks.c.obj
[skyrim:rw] [42/419] Building C object CMakeFiles/app.dir/mnt/host/source/src/platform/ec/build/zephyr/skyrim/modules/ec/driver/battery/smart.c.obj
[ptl-ish:singleimage] [79/260] Building C object zephyr/CMakeFiles/zephyr.dir/soc/intel/intel_ish/intel_ish5/pm/power.c.obj
[ocelotrvp-mchp:rw] [150/363] Building C object zephyr/CMakeFiles/zephyr.dir/subsys/shell/modules/kernel_service/thread/suspend.c.obj
[ptl-ish:singleimage] [80/260] Building C object zephyr/CMakeFiles/zephyr.dir/subsys/logging/log_minimal.c.obj
[ocelotrvp-mchp:ro] [248/363] Building C object zephyr/drivers/espi/CMakeFiles/drivers__espi.dir/espi_mchp_xec_host_v2.c.obj
[ocelotrvp-mchp:rw] [151/363] Building C object zephyr/CMakeFiles/zephyr.dir/subsys/shell/modules/kernel_service/thread/resume.c.obj
[ocelotrvp-mchp:ro] [249/363] Building C object zephyr/drivers/flash/CMakeFiles/drivers__flash.dir/jesd216.c.obj
[ptl-ish:singleimage] [81/260] Building C object zephyr/CMakeFiles/zephyr.dir/subsys/pm/state.c.obj
[ocelotrvp-mchp:ro] [250/363] Building C object zephyr/drivers/espi/CMakeFiles/drivers__espi.dir/espi_mchp_xec_v2.c.obj
[ptl-ish:singleimage] [82/260] Building C object zephyr/CMakeFiles/zephyr.dir/subsys/pm/pm.c.obj
[skyrim:rw] [43/419] Building C object CMakeFiles/app.dir/mnt/host/source/src/platform/ec/build/zephyr/skyrim/modules/ec/driver/bc12/pi3usb9201.c.obj
[ocelotrvp-mchp:ro] [251/363] Linking C static library zephyr/drivers/espi/libdrivers__espi.a
[ocelotrvp-mchp:rw] [152/363] Building C object zephyr/CMakeFiles/zephyr.dir/subsys/shell/modules/kernel_service/thread/kill.c.obj
[ocelotrvp-mchp:rw] [153/363] Building C object zephyr/CMakeFiles/zephyr.dir/subsys/shell/backends/shell_uart.c.obj
[ocelotrvp-mchp:ro] [252/363] Building C object zephyr/drivers/gpio/CMakeFiles/drivers__gpio.dir/gpio_pca95xx.c.obj
[ocelotrvp-mchp:ro] [253/363] Building C object zephyr/drivers/flash/CMakeFiles/drivers__flash.dir/spi_nor.c.obj
[ocelotrvp-mchp:ro] [254/363] Linking C static library zephyr/drivers/flash/libdrivers__flash.a
[ptl-ish:singleimage] [83/260] Building C object zephyr/CMakeFiles/zephyr.dir/subsys/pm/policy/policy_events.c.obj
[ptl-ish:singleimage] [84/260] Building C object zephyr/CMakeFiles/zephyr.dir/subsys/pm/policy/policy_latency.c.obj
[ocelotrvp-mchp:ro] [255/363] Building C object zephyr/drivers/gpio/CMakeFiles/drivers__gpio.dir/gpio_ite_it8801.c.obj
[/mnt/host/source/src/platform/ec/build/zephyr/ovis-lcov]   /mnt/host/source/src/platform/ec/build/zephyr/ovis/build-ro/zephyr/drivers/sensor/CMakeFiles/drivers__sensor.dir/mnt/host/source/src/third_party/zephyr/main/misc/empty_file.c.gcno:no functions found
[/mnt/host/source/src/platform/ec/build/zephyr/ovis-lcov] stderr:
[ocelotrvp-mchp:rw] [154/363] Building C object zephyr/CMakeFiles/zephyr.dir/subsys/shell/shell_fprintf.c.obj
[ocelotrvp-mchp:rw] [155/363] Building C object zephyr/CMakeFiles/zephyr.dir/subsys/shell/shell.c.obj
[ocelotrvp-mchp:ro] [256/363] Building C object zephyr/drivers/i2c/CMakeFiles/drivers__i2c.dir/i2c_common.c.obj
[ocelotrvp-mchp:ro] [257/363] Building C object zephyr/drivers/gpio/CMakeFiles/drivers__gpio.dir/gpio_mchp_xec.c.obj
[skyrim:rw] [44/419] Building C object CMakeFiles/app.dir/mnt/host/source/src/platform/ec/build/zephyr/skyrim/modules/ec/driver/charger/isl923x.c.obj
[ocelotrvp-mchp:rw] [156/363] Building C object zephyr/CMakeFiles/zephyr.dir/subsys/shell/shell_utils.c.obj
[ptl-ish:singleimage] [85/260] Building C object zephyr/CMakeFiles/zephyr.dir/subsys/pm/policy/policy_default.c.obj
[ocelotrvp-mchp:ro] [258/363] Building C object zephyr/drivers/i2c/CMakeFiles/drivers__i2c.dir/i2c_shell.c.obj
[ocelotrvp-mchp:ro] [259/363] Linking C static library zephyr/drivers/gpio/libdrivers__gpio.a
[ocelotrvp-mchp:rw] [157/363] Building C object zephyr/CMakeFiles/zephyr.dir/subsys/shell/shell_ops.c.obj
[ptl-ish:singleimage] [86/260] Building C object zephyr/CMakeFiles/zephyr.dir/subsys/pm/policy/policy_state_lock.c.obj
[ocelotrvp-mchp:ro] [260/363] Building C object zephyr/drivers/i2c/CMakeFiles/drivers__i2c.dir/i2c_mchp_xec_v2.c.obj
[ocelotrvp-mchp:ro] [261/363] Linking C static library zephyr/drivers/i2c/libdrivers__i2c.a
[skyrim:rw] [45/419] Building C object CMakeFiles/app.dir/mnt/host/source/src/platform/ec/build/zephyr/skyrim/modules/ec/driver/charger/isl9241.c.obj
[ocelotrvp-mchp:ro] [262/363] Building C object zephyr/drivers/mfd/CMakeFiles/drivers__mfd.dir/mfd_ite_it8801.c.obj
[ocelotrvp-mchp:ro] [263/363] Building C object zephyr/drivers/pinctrl/CMakeFiles/drivers__pinctrl.dir/common.c.obj
[/mnt/host/source/src/platform/ec/build/zephyr/ovis-lcov]   /mnt/host/source/src/platform/ec/build/zephyr/ovis/build-rw/modules/ec/zephyr/CMakeFiles/ec_shim.dir/shim/src/thermal.c.gcno:no functions found
[/mnt/host/source/src/platform/ec/build/zephyr/ovis-lcov] stderr:
[ocelotrvp-mchp:ro] [264/363] Building C object zephyr/drivers/mfd/CMakeFiles/drivers__mfd.dir/mfd_it8801_altctrl.c.obj
[ptl-ish:singleimage] [87/260] Building C object zephyr/CMakeFiles/zephyr.dir/subsys/pm/device.c.obj
[ocelotrvp-mchp:rw] [158/363] Building C object zephyr/CMakeFiles/zephyr.dir/subsys/shell/shell_help.c.obj
[ocelotrvp-mchp:ro] [265/363] Linking C static library zephyr/drivers/mfd/libdrivers__mfd.a
[ptl-ish:singleimage] [88/260] Building C object zephyr/CMakeFiles/zephyr.dir/subsys/pm/device_system_managed.c.obj
[ocelotrvp-mchp:rw] [159/363] Building C object zephyr/CMakeFiles/zephyr.dir/subsys/shell/shell_history.c.obj
[ocelotrvp-mchp:ro] [266/363] Building C object zephyr/drivers/pinctrl/CMakeFiles/drivers__pinctrl.dir/pinctrl_mchp_xec.c.obj
[ocelotrvp-mchp:ro] [267/363] Linking C static library zephyr/drivers/pinctrl/libdrivers__pinctrl.a
[ocelotrvp-mchp:rw] [160/363] Building C object zephyr/arch/common/CMakeFiles/arch__common.dir/sw_isr_common.c.obj
[ocelotrvp-mchp:ro] [268/363] Building C object zephyr/drivers/pwm/CMakeFiles/drivers__pwm.dir/pwm_shell.c.obj
[ocelotrvp-mchp:rw] [161/363] Building C object zephyr/CMakeFiles/zephyr.dir/drivers/flash/flash_util.c.obj
[ocelotrvp-mchp:rw] [162/363] Building C object zephyr/arch/common/CMakeFiles/arch__common.dir/init.c.obj
[ocelotrvp-mchp:rw] [163/363] Linking C static library zephyr/libzephyr.a
[ptl-ish:singleimage] [89/260] Building C object zephyr/CMakeFiles/zephyr.dir/subsys/tracing/tracing_none.c.obj
[ptl-ish:singleimage] [90/260] Building C object zephyr/CMakeFiles/zephyr.dir/subsys/testsuite/coverage/coverage.c.obj
[ocelotrvp-mchp:ro] [269/363] Building C object zephyr/drivers/pwm/CMakeFiles/drivers__pwm.dir/pwm_mchp_xec.c.obj
[ocelotrvp-mchp:ro] [270/363] Building C object zephyr/drivers/sensor/microchip/mchp_tach_xec/CMakeFiles/drivers__sensor__microchip__mchp_tach_xec.dir/tach_mchp_xec.c.obj
[ocelotrvp-mchp:ro] [271/363] Building C object zephyr/drivers/serial/CMakeFiles/drivers__serial.dir/uart_mchp_xec.c.obj
[ocelotrvp-mchp:ro] [272/363] Linking C static library zephyr/drivers/pwm/libdrivers__pwm.a
[ocelotrvp-mchp:ro] [273/363] Linking C static library zephyr/drivers/sensor/microchip/mchp_tach_xec/libdrivers__sensor__microchip__mchp_tach_xec.a
[skyrim:rw] [46/419] Building C object CMakeFiles/app.dir/mnt/host/source/src/platform/ec/build/zephyr/skyrim/modules/ec/common/charger.c.obj
[ocelotrvp-mchp:ro] [274/363] Linking C static library zephyr/drivers/serial/libdrivers__serial.a
[ocelotrvp-mchp:rw] [164/363] Building C object zephyr/arch/common/CMakeFiles/arch__common.dir/xip.c.obj
[ocelotrvp-mchp:ro] [275/363] Building C object zephyr/drivers/timer/CMakeFiles/drivers__timer.dir/sys_clock_init.c.obj
[ptl-ish:singleimage] [91/260] Building C object zephyr/CMakeFiles/zephyr.dir/subsys/shell/modules/kernel_service/kernel_shell.c.obj
[ocelotrvp-mchp:rw] [165/363] Building C object zephyr/arch/common/CMakeFiles/isr_tables.dir/isr_tables.c.obj
[ptl-ish:singleimage] [92/260] Building C object zephyr/CMakeFiles/zephyr.dir/subsys/shell/modules/kernel_service/cycles.c.obj
[ocelotrvp-mchp:rw] [166/363] Building ASM object zephyr/arch/arch/arm/core/CMakeFiles/arch__arm__core.dir/nmi_on_reset.S.obj
[/mnt/host/source/src/platform/ec/build/zephyr/ovis-lcov]   /mnt/host/source/src/platform/ec/build/zephyr/ovis/build-rw/modules/ec/zephyr/CMakeFiles/ec_shim.dir/shim/src/usb_muxes.c.gcno:no functions found
[/mnt/host/source/src/platform/ec/build/zephyr/ovis-lcov] stderr:
[ocelotrvp-mchp:ro] [276/363] Building C object zephyr/drivers/spi/CMakeFiles/drivers__spi.dir/spi_xec_qmspi_ldma.c.obj
[ocelotrvp-mchp:ro] [277/363] Building C object zephyr/drivers/timer/CMakeFiles/drivers__timer.dir/mchp_xec_rtos_timer.c.obj
[ocelotrvp-mchp:rw] [167/363] Linking C static library zephyr/arch/common/libisr_tables.a
[/mnt/host/source/src/platform/ec/build/zephyr/ovis-lcov]   /mnt/host/source/src/platform/ec/build/zephyr/ovis/build-rw/modules/ec/zephyr/CMakeFiles/ec_shim.dir/shim/src/bb_retimer_usb_mux.c.gcno:no functions found
[/mnt/host/source/src/platform/ec/build/zephyr/ovis-lcov] stderr:
[ocelotrvp-mchp:ro] [278/363] Linking C static library zephyr/drivers/spi/libdrivers__spi.a
[ocelotrvp-mchp:ro] [279/363] Linking C static library zephyr/drivers/timer/libdrivers__timer.a
[ocelotrvp-mchp:rw] [168/363] Linking C static library zephyr/arch/common/libarch__common.a
[skyrim:rw] [47/419] Building C object CMakeFiles/app.dir/mnt/host/source/src/platform/ec/build/zephyr/skyrim/modules/ec/common/charge_state.c.obj
[ocelotrvp-mchp:rw] [169/363] Building C object zephyr/arch/arch/arm/core/CMakeFiles/arch__arm__core.dir/nmi.c.obj
[ocelotrvp-mchp:rw] [170/363] Building C object zephyr/arch/arch/arm/core/CMakeFiles/arch__arm__core.dir/fatal.c.obj
[ocelotrvp-mchp:rw] [171/363] Linking C static library zephyr/arch/arch/arm/core/libarch__arm__core.a
[ocelotrvp-mchp:rw] [172/363] Building ASM object zephyr/arch/arch/arm/core/cortex_m/CMakeFiles/arch__arm__core__cortex_m.dir/fault_s.S.obj
[ptl-ish:singleimage] [93/260] Building C object zephyr/CMakeFiles/zephyr.dir/subsys/shell/modules/kernel_service/uptime.c.obj
[ptl-ish:singleimage] [94/260] Building C object zephyr/CMakeFiles/zephyr.dir/subsys/shell/modules/kernel_service/sleep.c.obj
[ocelotrvp-mchp:ro] [280/363] Building C object zephyr/drivers/watchdog/CMakeFiles/drivers__watchdog.dir/wdt_shell.c.obj
[ocelotrvp-mchp:ro] [281/363] Building C object zephyr/drivers/watchdog/CMakeFiles/drivers__watchdog.dir/wdt_mchp_xec.c.obj
[ocelotrvp-mchp:ro] [282/363] Linking C static library zephyr/drivers/watchdog/libdrivers__watchdog.a
[ocelotrvp-mchp:rw] [173/363] Building C object zephyr/arch/arch/arm/core/cortex_m/CMakeFiles/arch__arm__core__cortex_m.dir/exc_exit.c.obj
[ocelotrvp-mchp:ro] [283/363] Building C object modules/ec/zephyr/CMakeFiles/ec_shim.dir/app/ec/main_shim.c.obj
[ptl-ish:singleimage] [95/260] Building C object zephyr/CMakeFiles/zephyr.dir/subsys/shell/modules/kernel_service/version.c.obj
[ptl-ish:singleimage] [96/260] Building C object zephyr/CMakeFiles/zephyr.dir/subsys/shell/modules/kernel_service/reboot.c.obj
[ocelotrvp-mchp:rw] [174/363] Building C object zephyr/arch/arch/arm/core/cortex_m/CMakeFiles/arch__arm__core__cortex_m.dir/fault.c.obj
[ocelotrvp-mchp:rw] [175/363] Building ASM object zephyr/arch/arch/arm/core/cortex_m/CMakeFiles/arch__arm__core__cortex_m.dir/reset.S.obj
[ocelotrvp-mchp:ro] [284/363] Building C object modules/ec/zephyr/CMakeFiles/ec_shim.dir/app/ec/ec_app_main.c.obj
[ocelotrvp-mchp:rw] [176/363] Building C object zephyr/arch/arch/arm/core/cortex_m/CMakeFiles/arch__arm__core__cortex_m.dir/fpu.c.obj
[ocelotrvp-mchp:ro] [285/363] Building C object modules/ec/zephyr/CMakeFiles/ec_shim.dir/drivers/cros_flash/cros_flash_xec.c.obj
[ocelotrvp-mchp:ro] [286/363] Building C object modules/ec/zephyr/CMakeFiles/ec_shim.dir/drivers/board_id/board_id_intel_rvp.c.obj
[skyrim:rw] [48/419] Building C object CMakeFiles/app.dir/mnt/host/source/src/platform/ec/build/zephyr/skyrim/modules/ec/common/charge_manager.c.obj
[skyrim:rw] [49/419] Building C object CMakeFiles/app.dir/mnt/host/source/src/platform/ec/build/zephyr/skyrim/modules/ec/common/cbi_common.c.obj
[ptl-ish:singleimage] [97/260] Building C object zephyr/CMakeFiles/zephyr.dir/subsys/shell/modules/kernel_service/thread/thread.c.obj
[ocelotrvp-mchp:ro] [287/363] Building C object modules/ec/zephyr/CMakeFiles/ec_shim.dir/drivers/usbc/ucsi_v3.c.obj
[ptl-ish:singleimage] [98/260] Building C object zephyr/CMakeFiles/zephyr.dir/subsys/shell/modules/kernel_service/thread/list.c.obj
[ocelotrvp-mchp:rw] [177/363] Building ASM object zephyr/arch/arch/arm/core/cortex_m/CMakeFiles/arch__arm__core__cortex_m.dir/vector_table.S.obj
[ocelotrvp-mchp:ro] [288/363] Building C object modules/ec/zephyr/CMakeFiles/ec_shim.dir/drivers/cros_system/cros_system_xec.c.obj
[ocelotrvp-mchp:rw] [178/363] Building C object zephyr/arch/arch/arm/core/cortex_m/CMakeFiles/arch__arm__core__cortex_m.dir/scb.c.obj
[ocelotrvp-mchp:rw] [179/363] Building C object zephyr/arch/arch/arm/core/cortex_m/CMakeFiles/arch__arm__core__cortex_m.dir/thread_abort.c.obj
[ocelotrvp-mchp:rw] [180/363] Building ASM object zephyr/arch/arch/arm/core/cortex_m/CMakeFiles/arch__arm__core__cortex_m.dir/swap_helper.S.obj
[ptl-ish:singleimage] [99/260] Building C object zephyr/CMakeFiles/zephyr.dir/subsys/shell/modules/kernel_service/thread/stacks.c.obj
[ptl-ish:singleimage] [100/260] Building C object zephyr/CMakeFiles/zephyr.dir/subsys/shell/modules/kernel_service/thread/unwind.c.obj
[ocelotrvp-mchp:ro] [289/363] Building C object modules/ec/zephyr/CMakeFiles/ec_shim.dir/drivers/usbc/pdc_rts54xx.c.obj
[skyrim:rw] [50/419] Building C object CMakeFiles/app.dir/mnt/host/source/src/platform/ec/build/zephyr/skyrim/modules/ec/common/cbi_config.c.obj
[ocelotrvp-mchp:rw] [181/363] Building C object zephyr/arch/arch/arm/core/cortex_m/CMakeFiles/arch__arm__core__cortex_m.dir/irq_manage.c.obj
[ocelotrvp-mchp:rw] [182/363] Building C object zephyr/arch/arch/arm/core/cortex_m/CMakeFiles/arch__arm__core__cortex_m.dir/prep_c.c.obj
[ocelotrvp-mchp:ro] [290/363] Building C object modules/ec/zephyr/CMakeFiles/ec_shim.dir/drivers/usbc/tps6699x_cmd.c.obj
[ocelotrvp-mchp:ro] [291/363] Building C object modules/ec/zephyr/CMakeFiles/ec_shim.dir/shim/chip/mchp/clock.c.obj
[skyrim:rw] [51/419] Building C object CMakeFiles/app.dir/mnt/host/source/src/platform/ec/build/zephyr/skyrim/modules/ec/common/cbi.c.obj
[ocelotrvp-mchp:ro] [292/363] Building C object modules/ec/zephyr/CMakeFiles/ec_shim.dir/drivers/usbc/pdc_rts54xx_fwup.c.obj
[ocelotrvp-mchp:rw] [183/363] Building C object zephyr/arch/arch/arm/core/cortex_m/CMakeFiles/arch__arm__core__cortex_m.dir/cpu_idle.c.obj
[ocelotrvp-mchp:rw] [184/363] Building C object zephyr/arch/arch/arm/core/cortex_m/CMakeFiles/arch__arm__core__cortex_m.dir/thread.c.obj
[ptl-ish:singleimage] [101/260] Building C object zephyr/CMakeFiles/zephyr.dir/subsys/shell/modules/kernel_service/thread/resume.c.obj
[ptl-ish:singleimage] [102/260] Building C object zephyr/CMakeFiles/zephyr.dir/subsys/shell/modules/kernel_service/thread/suspend.c.obj
[ocelotrvp-mchp:ro] [293/363] Building C object modules/ec/zephyr/CMakeFiles/ec_shim.dir/drivers/usbc/tps6699x_fwup.c.obj
[/mnt/host/source/src/platform/ec/build/zephyr/nokris-lcov]   /mnt/host/source/src/platform/ec/build/zephyr/nokris/build-ro/zephyr/drivers/sensor/CMakeFiles/drivers__sensor.dir/mnt/host/source/src/third_party/zephyr/main/misc/empty_file.c.gcno:no functions found
[/mnt/host/source/src/platform/ec/build/zephyr/nokris-lcov] stderr:
[ocelotrvp-mchp:rw] [185/363] Building C object zephyr/arch/arch/arm/core/cortex_m/CMakeFiles/arch__arm__core__cortex_m.dir/irq_init.c.obj
[ocelotrvp-mchp:ro] [294/363] Building C object modules/ec/zephyr/CMakeFiles/ec_shim.dir/drivers/usbc/pdc_tps6699x.c.obj
[ocelotrvp-mchp:rw] [186/363] Building C object zephyr/arch/arch/arm/core/cortex_m/CMakeFiles/arch__arm__core__cortex_m.dir/isr_wrapper.c.obj
[ptl-ish:singleimage] [103/260] Building C object zephyr/CMakeFiles/zephyr.dir/subsys/shell/modules/kernel_service/thread/kill.c.obj
[ocelotrvp-mchp:rw] [187/363] Linking C static library zephyr/arch/arch/arm/core/cortex_m/libarch__arm__core__cortex_m.a
[ocelotrvp-mchp:rw] [188/363] Generating ../../../include/generated/libc/minimal/strerror_table.h
[ocelotrvp-mchp:ro] [295/363] Building C object modules/ec/zephyr/CMakeFiles/ec_shim.dir/shim/chip/mchp/system_external_storage.c.obj
[ocelotrvp-mchp:rw] [189/363] Building C object zephyr/arch/arch/arm/core/mpu/CMakeFiles/arch__arm__core__mpu.dir/arm_core_mpu.c.obj
[ptl-ish:singleimage] [104/260] Building C object zephyr/CMakeFiles/zephyr.dir/subsys/shell/backends/shell_uart.c.obj
[ocelotrvp-mchp:ro] [296/363] Building C object modules/ec/zephyr/CMakeFiles/ec_shim.dir/shim/chip/mchp/system.c.obj
[ocelotrvp-mchp:rw] [190/363] Building C object zephyr/arch/arch/arm/core/mpu/CMakeFiles/arch__arm__core__mpu.dir/arm_mpu.c.obj
[/mnt/host/source/src/platform/ec/build/zephyr/nokris-lcov]   /mnt/host/source/src/platform/ec/build/zephyr/nokris/build-rw/modules/ec/zephyr/CMakeFiles/ec_shim.dir/shim/src/thermal.c.gcno:no functions found
[/mnt/host/source/src/platform/ec/build/zephyr/nokris-lcov] stderr:
[ocelotrvp-mchp:ro] [297/363] Building C object modules/ec/zephyr/CMakeFiles/ec_shim.dir/shim/chip/mchp/system_download_from_flash.c.obj
[skyrim:rw] [52/419] Building C object CMakeFiles/app.dir/mnt/host/source/src/platform/ec/build/zephyr/skyrim/modules/ec/common/dptf.c.obj
[ocelotrvp-mchp:rw] [191/363] Building C object zephyr/lib/libc/minimal/CMakeFiles/lib__libc__minimal.dir/source/stdlib/atoi.c.obj
[ocelotrvp-mchp:ro] [298/363] Building C object modules/ec/zephyr/CMakeFiles/ec_shim.dir/shim/src/crc.c.obj
[ocelotrvp-mchp:rw] [192/363] Building C object zephyr/arch/arch/arm/core/mpu/CMakeFiles/arch__arm__core__mpu.dir/arm_mpu_regions.c.obj
[ocelotrvp-mchp:rw] [193/363] Building C object zephyr/lib/libc/minimal/CMakeFiles/lib__libc__minimal.dir/source/stdlib/strtol.c.obj
[skyrim:rw] [53/419] Building C object CMakeFiles/app.dir/mnt/host/source/src/platform/ec/build/zephyr/skyrim/modules/ec/common/chipset.c.obj
[ocelotrvp-mchp:rw] [194/363] Linking C static library zephyr/arch/arch/arm/core/mpu/libarch__arm__core__mpu.a
[ocelotrvp-mchp:rw] [195/363] Building C object zephyr/lib/libc/minimal/CMakeFiles/lib__libc__minimal.dir/source/stdlib/strtoul.c.obj
[ocelotrvp-mchp:ro] [299/363] Building C object modules/ec/zephyr/CMakeFiles/ec_shim.dir/shim/core/cortex-m/mpu.c.obj
[ocelotrvp-mchp:rw] [196/363] Building C object zephyr/lib/libc/minimal/CMakeFiles/lib__libc__minimal.dir/source/stdlib/strtoll.c.obj
[ocelotrvp-mchp:ro] [300/363] Building C object modules/ec/zephyr/CMakeFiles/ec_shim.dir/shim/core/cortex-m/panic.c.obj
[/mnt/host/source/src/platform/ec/build/zephyr/nokris-lcov]   /mnt/host/source/src/platform/ec/build/zephyr/nokris/build-rw/modules/ec/zephyr/CMakeFiles/ec_shim.dir/shim/src/battery.c.gcno:no functions found
[/mnt/host/source/src/platform/ec/build/zephyr/nokris-lcov] stderr:
[ocelotrvp-mchp:rw] [197/363] Building C object zephyr/lib/libc/minimal/CMakeFiles/lib__libc__minimal.dir/source/stdlib/strtoull.c.obj
[ocelotrvp-mchp:rw] [198/363] Building C object zephyr/lib/libc/minimal/CMakeFiles/lib__libc__minimal.dir/source/stdlib/bsearch.c.obj
[/mnt/host/source/src/platform/ec/build/zephyr/nokris-lcov]   /mnt/host/source/src/platform/ec/build/zephyr/nokris/build-rw/modules/ec/zephyr/CMakeFiles/ec_shim.dir/shim/src/charger.c.gcno:no functions found
[/mnt/host/source/src/platform/ec/build/zephyr/nokris-lcov] stderr:
[ptl-ish:singleimage] [105/260] Building C object zephyr/CMakeFiles/zephyr.dir/subsys/shell/shell_fprintf.c.obj
[ocelotrvp-mchp:rw] [199/363] Building C object zephyr/lib/libc/minimal/CMakeFiles/lib__libc__minimal.dir/source/string/strncasecmp.c.obj
[ptl-ish:singleimage] [106/260] Building C object zephyr/CMakeFiles/zephyr.dir/subsys/shell/shell.c.obj
[ocelotrvp-mchp:rw] [200/363] Building C object zephyr/lib/libc/minimal/CMakeFiles/lib__libc__minimal.dir/source/stdlib/qsort.c.obj
[ocelotrvp-mchp:rw] [201/363] Building C object zephyr/lib/libc/minimal/CMakeFiles/lib__libc__minimal.dir/source/string/strerror.c.obj
[/mnt/host/source/src/platform/ec/build/zephyr/ovis-lcov]   /mnt/host/source/src/platform/ec/build/zephyr/ovis/build-rw/modules/ec/zephyr/CMakeFiles/ec_shim.dir/shim/src/usba.c.gcno:no functions found
[/mnt/host/source/src/platform/ec/build/zephyr/ovis-lcov] stderr:
[ocelotrvp-mchp:rw] [202/363] Building C object zephyr/lib/libc/minimal/CMakeFiles/lib__libc__minimal.dir/source/string/strstr.c.obj
[ocelotrvp-mchp:rw] [203/363] Building C object zephyr/lib/libc/minimal/CMakeFiles/lib__libc__minimal.dir/source/string/strspn.c.obj
[ocelotrvp-mchp:rw] [204/363] Building C object zephyr/lib/libc/minimal/CMakeFiles/lib__libc__minimal.dir/source/string/string.c.obj
[ocelotrvp-mchp:ro] [301/363] Building C object modules/ec/zephyr/CMakeFiles/ec_shim.dir/shim/src/console.c.obj
[ocelotrvp-mchp:rw] [205/363] Building C object zephyr/lib/libc/minimal/CMakeFiles/lib__libc__minimal.dir/source/stdlib/exit.c.obj
[ocelotrvp-mchp:ro] [302/363] Building C object modules/ec/zephyr/CMakeFiles/ec_shim.dir/shim/src/gpio.c.obj
[ocelotrvp-mchp:ro] [303/363] Building C object modules/ec/zephyr/CMakeFiles/ec_shim.dir/shim/src/gpio_int.c.obj
[ocelotrvp-mchp:ro] [304/363] Building C object modules/ec/zephyr/CMakeFiles/ec_shim.dir/shim/src/panic_utils.c.obj
[ptl-ish:singleimage] [107/260] Building C object zephyr/CMakeFiles/zephyr.dir/subsys/shell/shell_utils.c.obj
[ocelotrvp-mchp:ro] [305/363] Building C object modules/ec/zephyr/CMakeFiles/ec_shim.dir/shim/src/cbi/cros_cbi.c.obj
[ocelotrvp-mchp:ro] [306/363] Building ASM object modules/ec/zephyr/CMakeFiles/ec_shim.dir/shim/src/libgcc_arm.S.obj
[ptl-ish:singleimage] [108/260] Building C object zephyr/CMakeFiles/zephyr.dir/subsys/shell/shell_ops.c.obj
[ocelotrvp-mchp:rw] [206/363] Building C object zephyr/lib/libc/minimal/CMakeFiles/lib__libc__minimal.dir/source/math/sqrtf.c.obj
[skyrim:rw] [54/419] Building C object CMakeFiles/app.dir/mnt/host/source/src/platform/ec/build/zephyr/skyrim/modules/ec/common/ap_reset_log.c.obj
[ocelotrvp-mchp:rw] [207/363] Building C object zephyr/lib/libc/minimal/CMakeFiles/lib__libc__minimal.dir/source/stdout/stdout_console.c.obj
[skyrim:rw] [55/419] Building C object CMakeFiles/app.dir/mnt/host/source/src/platform/ec/build/zephyr/skyrim/modules/ec/common/espi.c.obj
[ocelotrvp-mchp:rw] [208/363] Building C object zephyr/lib/libc/minimal/CMakeFiles/lib__libc__minimal.dir/source/stdout/sprintf.c.obj
[ocelotrvp-mchp:rw] [209/363] Building C object zephyr/lib/libc/minimal/CMakeFiles/lib__libc__minimal.dir/source/stdout/fprintf.c.obj
[ocelotrvp-mchp:rw] [210/363] Building C object zephyr/lib/libc/minimal/CMakeFiles/lib__libc__minimal.dir/source/math/sqrt.c.obj
[ocelotrvp-mchp:ro] [307/363] Building C object modules/ec/zephyr/CMakeFiles/ec_shim.dir/shim/src/cbi/cbi_flash.c.obj
[/mnt/host/source/src/platform/ec/build/zephyr/nokris-lcov]   /mnt/host/source/src/platform/ec/build/zephyr/nokris/build-rw/modules/ec/zephyr/CMakeFiles/ec_shim.dir/shim/src/usb_muxes.c.gcno:no functions found
[/mnt/host/source/src/platform/ec/build/zephyr/nokris-lcov] stderr:
[ptl-ish:singleimage] [109/260] Building C object zephyr/CMakeFiles/zephyr.dir/subsys/shell/shell_help.c.obj
[ptl-ish:singleimage] [110/260] Building C object zephyr/CMakeFiles/zephyr.dir/subsys/shell/shell_history.c.obj
[ocelotrvp-mchp:rw] [211/363] Building C object zephyr/lib/libc/common/CMakeFiles/lib__libc__common.dir/source/time/gmtime_r.c.obj
[ocelotrvp-mchp:rw] [212/363] Building C object zephyr/lib/libc/common/CMakeFiles/lib__libc__common.dir/source/time/asctime.c.obj
[ocelotrvp-mchp:ro] [308/363] Building C object modules/ec/zephyr/CMakeFiles/ec_shim.dir/shim/src/adc.c.obj
[ocelotrvp-mchp:ro] [309/363] Building C object modules/ec/zephyr/CMakeFiles/ec_shim.dir/shim/src/system.c.obj
[ocelotrvp-mchp:ro] [310/363] Building C object modules/ec/zephyr/CMakeFiles/ec_shim.dir/shim/src/pdc_shim.c.obj
[ocelotrvp-mchp:rw] [213/363] Building C object zephyr/lib/libc/common/CMakeFiles/lib__libc__common.dir/source/time/localtime_r_utc.c.obj
[ocelotrvp-mchp:rw] [214/363] Building C object zephyr/lib/libc/minimal/CMakeFiles/lib__libc__minimal.dir/source/time/gmtime.c.obj
[ocelotrvp-mchp:rw] [215/363] Building C object zephyr/lib/libc/common/CMakeFiles/lib__libc__common.dir/source/time/ctime.c.obj
[ptl-ish:singleimage] [111/260] Building C object zephyr/arch/common/CMakeFiles/arch__common.dir/init.c.obj
[ptl-ish:singleimage] [112/260] Building C object zephyr/CMakeFiles/zephyr.dir/mnt/host/source/src/third_party/zephyrproject/modules/hal/intel/zephyr/bsp_sedi/bsp_sedi_rtos_utils.c.obj
[ocelotrvp-mchp:ro] [311/363] Building C object modules/ec/zephyr/CMakeFiles/ec_shim.dir/shim/src/battery.c.obj
[ocelotrvp-mchp:rw] [216/363] Building C object zephyr/lib/libc/common/CMakeFiles/lib__libc__common.dir/source/stdlib/abort.c.obj
[ptl-ish:singleimage] [113/260] Linking C static library zephyr/arch/common/libarch__common.a
[ocelotrvp-mchp:rw] [217/363] Linking C static library zephyr/lib/libc/minimal/liblib__libc__minimal.a
[ptl-ish:singleimage] [114/260] Linking C static library zephyr/libzephyr.a
[ocelotrvp-mchp:rw] [218/363] Building C object zephyr/lib/libc/common/CMakeFiles/lib__libc__common.dir/source/string/strnlen.c.obj
[ocelotrvp-mchp:rw] [219/363] Building C object zephyr/lib/libc/common/CMakeFiles/lib__libc__common.dir/source/time/time.c.obj
[skyrim:rw] [56/419] Building C object CMakeFiles/app.dir/mnt/host/source/src/platform/ec/build/zephyr/skyrim/modules/ec/common/extpower_common.c.obj
[ocelotrvp-mchp:rw] [220/363] Building C object zephyr/lib/posix/c_lib_ext/CMakeFiles/lib__posix__c_lib_ext.dir/fnmatch.c.obj
[skyrim:rw] [57/419] Building C object CMakeFiles/app.dir/mnt/host/source/src/platform/ec/build/zephyr/skyrim/modules/ec/common/extpower_gpio.c.obj
[ocelotrvp-mchp:ro] [312/363] Building C object modules/ec/zephyr/CMakeFiles/ec_shim.dir/shim/chip/mchp/gpio.c.obj
[ocelotrvp-mchp:ro] [313/363] Building C object modules/ec/zephyr/CMakeFiles/ec_shim.dir/shim/src/charger.c.obj
[ptl-ish:singleimage] [115/260] Building C object zephyr/arch/arch/x86/core/CMakeFiles/arch__x86__core.dir/cpuhalt.c.obj
[ptl-ish:singleimage] [116/260] Building C object zephyr/arch/arch/x86/core/CMakeFiles/arch__x86__core.dir/prep_c.c.obj
[ocelotrvp-mchp:rw] [221/363] Building C object zephyr/lib/libc/common/CMakeFiles/lib__libc__common.dir/source/stdlib/malloc.c.obj
[ocelotrvp-mchp:ro] [314/363] Building C object modules/ec/zephyr/CMakeFiles/ec_shim.dir/shim/src/chipset_api.c.obj
[ocelotrvp-mchp:rw] [222/363] Linking C static library zephyr/lib/libc/common/liblib__libc__common.a
[ocelotrvp-mchp:ro] [315/363] Building C object modules/ec/zephyr/CMakeFiles/ec_shim.dir/shim/src/fan.c.obj
[/mnt/host/source/src/platform/ec/build/zephyr/nokris-lcov]   /mnt/host/source/src/platform/ec/build/zephyr/nokris/build-rw/modules/ec/zephyr/CMakeFiles/ec_shim.dir/shim/src/usba.c.gcno:no functions found
[/mnt/host/source/src/platform/ec/build/zephyr/nokris-lcov] stderr:
[ocelotrvp-mchp:rw] [223/363] Building C object zephyr/lib/posix/c_lib_ext/CMakeFiles/lib__posix__c_lib_ext.dir/getentropy.c.obj
[ocelotrvp-mchp:ro] [316/363] Building C object modules/ec/zephyr/CMakeFiles/ec_shim.dir/shim/src/espi.c.obj
[ocelotrvp-mchp:rw] [224/363] Building C object zephyr/subsys/crc/CMakeFiles/subsys__crc.dir/crc8_sw.c.obj
[ocelotrvp-mchp:ro] [317/363] Building C object modules/ec/zephyr/CMakeFiles/ec_shim.dir/shim/src/flash.c.obj
[ocelotrvp-mchp:rw] [225/363] Building C object zephyr/lib/posix/c_lib_ext/CMakeFiles/lib__posix__c_lib_ext.dir/getopt_shim.c.obj
[ptl-ish:singleimage] [117/260] Building C object zephyr/arch/arch/x86/core/CMakeFiles/arch__x86__core.dir/fatal.c.obj
[ocelotrvp-mchp:rw] [226/363] Building C object zephyr/subsys/crc/CMakeFiles/subsys__crc.dir/crc4_sw.c.obj
[ocelotrvp-mchp:rw] [227/363] Building C object zephyr/lib/smf/CMakeFiles/lib__smf.dir/smf.c.obj
[ptl-ish:singleimage] [118/260] Building C object zephyr/arch/arch/x86/core/CMakeFiles/arch__x86__core.dir/cpuid.c.obj
[ocelotrvp-mchp:rw] [228/363] Linking C static library zephyr/lib/smf/liblib__smf.a
[ocelotrvp-mchp:rw] [229/363] Linking C static library zephyr/lib/posix/c_lib_ext/liblib__posix__c_lib_ext.a
[ocelotrvp-mchp:rw] [230/363] Building C object zephyr/subsys/crc/CMakeFiles/subsys__crc.dir/crc16_sw.c.obj
[ocelotrvp-mchp:rw] [231/363] Building C object zephyr/subsys/crc/CMakeFiles/subsys__crc.dir/crc7_sw.c.obj
[ocelotrvp-mchp:rw] [232/363] Building C object zephyr/subsys/crc/CMakeFiles/subsys__crc.dir/crc32c_sw.c.obj
[ocelotrvp-mchp:rw] [233/363] Building C object zephyr/subsys/crc/CMakeFiles/subsys__crc.dir/crc24_sw.c.obj
[skyrim:rw] [58/419] Building C object CMakeFiles/app.dir/mnt/host/source/src/platform/ec/build/zephyr/skyrim/modules/ec/common/flash.c.obj
[ocelotrvp-mchp:rw] [234/363] Building C object zephyr/subsys/crc/CMakeFiles/subsys__crc.dir/crc32_sw.c.obj
[ocelotrvp-mchp:rw] [235/363] Building C object zephyr/subsys/crc/CMakeFiles/subsys__crc.dir/crc32k_4_2_sw.c.obj
[ocelotrvp-mchp:ro] [318/363] Building C object modules/ec/zephyr/CMakeFiles/ec_shim.dir/shim/src/host_command.c.obj
[ocelotrvp-mchp:ro] [319/363] Building C object modules/ec/zephyr/CMakeFiles/ec_shim.dir/shim/src/hooks.c.obj
[ptl-ish:singleimage] [119/260] Building C object zephyr/arch/arch/x86/core/CMakeFiles/arch__x86__core.dir/spec_ctrl.c.obj
[ocelotrvp-mchp:rw] [236/363] Linking C static library zephyr/subsys/crc/libsubsys__crc.a
[skyrim:rw] [59/419] Building C object CMakeFiles/app.dir/mnt/host/source/src/platform/ec/build/zephyr/skyrim/modules/ec/common/fan.c.obj
[ptl-ish:singleimage] [120/260] Building C object zephyr/arch/arch/x86/core/CMakeFiles/arch__x86__core.dir/reboot_rst_cnt.c.obj
[ocelotrvp-mchp:ro] [320/363] Building C object modules/ec/zephyr/CMakeFiles/ec_shim.dir/shim/src/console_buffer.c.obj
[ocelotrvp-mchp:ro] [321/363] Building C object modules/ec/zephyr/CMakeFiles/ec_shim.dir/shim/src/mkbp_event.c.obj
[ocelotrvp-mchp:ro] [322/363] Building C object modules/ec/zephyr/CMakeFiles/ec_shim.dir/shim/src/panic.c.obj
[ptl-ish:singleimage] [121/260] Building ASM object zephyr/arch/arch/x86/core/CMakeFiles/arch__x86__core.dir/ia32/excstub.S.obj
[ocelotrvp-mchp:rw] [237/363] Building C object zephyr/drivers/adc/CMakeFiles/drivers__adc.dir/adc_common.c.obj
[ptl-ish:singleimage] [122/260] Building ASM object zephyr/arch/arch/x86/core/CMakeFiles/arch__x86__core.dir/ia32/crt0.S.obj
[ocelotrvp-mchp:rw] [238/363] Building C object zephyr/drivers/bbram/CMakeFiles/drivers__bbram.dir/bbram_xec.c.obj
[ocelotrvp-mchp:ro] [323/363] Building C object modules/ec/zephyr/CMakeFiles/ec_shim.dir/shim/src/temp_sensors.c.obj
[ocelotrvp-mchp:rw] [239/363] Building C object zephyr/drivers/interrupt_controller/CMakeFiles/drivers__interrupt_controller.dir/intc_mchp_ecia_xec.c.obj
[ocelotrvp-mchp:ro] [324/363] Building C object modules/ec/zephyr/CMakeFiles/ec_shim.dir/shim/src/hwtimer.c.obj
[ocelotrvp-mchp:rw] [240/363] Linking C static library zephyr/drivers/bbram/libdrivers__bbram.a
[ocelotrvp-mchp:rw] [241/363] Linking C static library zephyr/drivers/interrupt_controller/libdrivers__interrupt_controller.a
[ocelotrvp-mchp:rw] [242/363] Building C object zephyr/drivers/adc/CMakeFiles/drivers__adc.dir/adc_mchp_xec.c.obj
[ptl-ish:singleimage] [123/260] Building ASM object zephyr/arch/arch/x86/core/CMakeFiles/arch__x86__core.dir/ia32/intstub.S.obj
[ocelotrvp-mchp:ro] [325/363] Building C object modules/ec/zephyr/CMakeFiles/ec_shim.dir/shim/src/thermal.c.obj
[ocelotrvp-mchp:rw] [243/363] Linking C static library zephyr/drivers/adc/libdrivers__adc.a
[ptl-ish:singleimage] [124/260] Building C object zephyr/arch/arch/x86/core/CMakeFiles/arch__x86__core.dir/ia32/irq_manage.c.obj
[skyrim:rw] [60/419] Building C object CMakeFiles/app.dir/mnt/host/source/src/platform/ec/build/zephyr/skyrim/modules/ec/common/host_command.c.obj
[ocelotrvp-mchp:ro] [326/363] Building C object modules/ec/zephyr/CMakeFiles/ec_shim.dir/shim/src/tasks.c.obj
[ocelotrvp-mchp:ro] [327/363] Building C object modules/ec/zephyr/CMakeFiles/ec_shim.dir/shim/src/watchdog.c.obj
[ocelotrvp-mchp:rw] [244/363] Building C object zephyr/drivers/clock_control/CMakeFiles/drivers__clock_control.dir/clock_control_mchp_xec.c.obj
[skyrim:rw] [61/419] Building C object CMakeFiles/app.dir/mnt/host/source/src/platform/ec/build/zephyr/skyrim/modules/ec/common/host_command_task.c.obj
[ocelotrvp-mchp:ro] [328/363] Building C object modules/ec/zephyr/CMakeFiles/ec_shim.dir/shim/src/i2c.c.obj
[ocelotrvp-mchp:rw] [245/363] Building C object zephyr/drivers/console/CMakeFiles/drivers__console.dir/uart_console.c.obj
[ocelotrvp-mchp:ro] [329/363] Building C object zephyr/kernel/CMakeFiles/kernel.dir/main_weak.c.obj
[ptl-ish:singleimage] [125/260] Building ASM object zephyr/arch/arch/x86/core/CMakeFiles/arch__x86__core.dir/ia32/swap.S.obj
[ocelotrvp-mchp:rw] [246/363] Linking C static library zephyr/drivers/clock_control/libdrivers__clock_control.a
[ocelotrvp-mchp:rw] [247/363] Linking C static library zephyr/drivers/console/libdrivers__console.a
[ptl-ish:singleimage] [126/260] Building C object zephyr/arch/arch/x86/core/CMakeFiles/arch__x86__core.dir/ia32/thread.c.obj
[ocelotrvp-mchp:rw] [248/363] Building C object zephyr/drivers/espi/CMakeFiles/drivers__espi.dir/espi_mchp_xec_host_v2.c.obj
[ocelotrvp-mchp:ro] [330/363] Building C object modules/ec/zephyr/CMakeFiles/ec_shim.dir/shim/src/power_host_sleep_api.c.obj
[ocelotrvp-mchp:ro] [331/363] Building C object zephyr/kernel/CMakeFiles/kernel.dir/banner.c.obj
[ocelotrvp-mchp:ro] [332/363] Linking C static library modules/ec/zephyr/libec_shim.a
[ptl-ish:singleimage] [127/260] Building C object zephyr/arch/arch/x86/core/CMakeFiles/arch__x86__core.dir/ia32/fatal.c.obj
[ptl-ish:singleimage] [128/260] Building C object zephyr/arch/arch/x86/core/CMakeFiles/arch__x86__core.dir/ia32/soft_float_stubs.c.obj
[ptl-ish:singleimage] [129/260] Generating ../../../include/generated/libc/minimal/strerror_table.h
[ptl-ish:singleimage] [130/260] Linking C static library zephyr/arch/arch/x86/core/libarch__x86__core.a
[ocelotrvp-mchp:rw] [249/363] Building C object zephyr/drivers/espi/CMakeFiles/drivers__espi.dir/espi_mchp_xec_v2.c.obj
[ocelotrvp-mchp:ro] [333/363] Building C object zephyr/kernel/CMakeFiles/kernel.dir/device.c.obj
[ocelotrvp-mchp:ro] [334/363] Building C object zephyr/kernel/CMakeFiles/kernel.dir/errno.c.obj
[ocelotrvp-mchp:ro] [335/363] Building C object zephyr/kernel/CMakeFiles/kernel.dir/busy_wait.c.obj
[ocelotrvp-mchp:ro] [336/363] Building C object zephyr/kernel/CMakeFiles/kernel.dir/fatal.c.obj
[ocelotrvp-mchp:rw] [250/363] Linking C static library zephyr/drivers/espi/libdrivers__espi.a
[ptl-ish:singleimage] [131/260] Building C object zephyr/lib/libc/minimal/CMakeFiles/lib__libc__minimal.dir/source/stdlib/atoi.c.obj
[ptl-ish:singleimage] [132/260] Building C object zephyr/lib/libc/minimal/CMakeFiles/lib__libc__minimal.dir/source/stdlib/strtol.c.obj
[ocelotrvp-mchp:ro] [337/363] Building C object zephyr/kernel/CMakeFiles/kernel.dir/version.c.obj
[ocelotrvp-mchp:rw] [251/363] Building C object zephyr/drivers/flash/CMakeFiles/drivers__flash.dir/jesd216.c.obj
[ptl-ish:singleimage] [133/260] Building C object zephyr/lib/libc/minimal/CMakeFiles/lib__libc__minimal.dir/source/stdlib/strtoll.c.obj
[skyrim:rw] [62/419] Building C object CMakeFiles/app.dir/mnt/host/source/src/platform/ec/build/zephyr/skyrim/modules/ec/common/host_event_commands.c.obj
[skyrim:rw] [63/419] Building C object CMakeFiles/app.dir/mnt/host/source/src/platform/ec/build/zephyr/skyrim/modules/ec/common/uart_hostcmd.c.obj
[ocelotrvp-mchp:rw] [252/363] Building C object zephyr/drivers/flash/CMakeFiles/drivers__flash.dir/spi_nor.c.obj
[ocelotrvp-mchp:ro] [338/363] Building C object zephyr/kernel/CMakeFiles/kernel.dir/init.c.obj
[ocelotrvp-mchp:rw] [253/363] Linking C static library zephyr/drivers/flash/libdrivers__flash.a
[ocelotrvp-mchp:ro] [339/363] Building C object zephyr/kernel/CMakeFiles/kernel.dir/kheap.c.obj
[ptl-ish:singleimage] [134/260] Building C object zephyr/lib/libc/minimal/CMakeFiles/lib__libc__minimal.dir/source/stdlib/strtoul.c.obj
[ocelotrvp-mchp:rw] [254/363] Building C object zephyr/drivers/gpio/CMakeFiles/drivers__gpio.dir/gpio_ite_it8801.c.obj
[ptl-ish:singleimage] [135/260] Building C object zephyr/lib/libc/minimal/CMakeFiles/lib__libc__minimal.dir/source/stdlib/strtoull.c.obj
[ptl-ish:singleimage] [136/260] Building C object zephyr/lib/libc/minimal/CMakeFiles/lib__libc__minimal.dir/source/stdlib/bsearch.c.obj
[ocelotrvp-mchp:ro] [340/363] Building C object zephyr/kernel/CMakeFiles/kernel.dir/mem_slab.c.obj
[ocelotrvp-mchp:ro] [341/363] Building C object zephyr/kernel/CMakeFiles/kernel.dir/idle.c.obj
[ocelotrvp-mchp:ro] [342/363] Building C object zephyr/kernel/CMakeFiles/kernel.dir/mailbox.c.obj
[ocelotrvp-mchp:ro] [343/363] Building C object zephyr/kernel/CMakeFiles/kernel.dir/float.c.obj
[ptl-ish:singleimage] [137/260] Building C object zephyr/lib/libc/minimal/CMakeFiles/lib__libc__minimal.dir/source/stdlib/exit.c.obj
[ptl-ish:singleimage] [138/260] Building C object zephyr/lib/libc/minimal/CMakeFiles/lib__libc__minimal.dir/source/stdlib/qsort.c.obj
[ocelotrvp-mchp:rw] [255/363] Building C object zephyr/drivers/gpio/CMakeFiles/drivers__gpio.dir/gpio_pca95xx.c.obj
[ocelotrvp-mchp:ro] [344/363] Building C object zephyr/kernel/CMakeFiles/kernel.dir/msg_q.c.obj
[ptl-ish:singleimage] [139/260] Building C object zephyr/lib/libc/minimal/CMakeFiles/lib__libc__minimal.dir/source/string/strncasecmp.c.obj
[ocelotrvp-mchp:ro] [345/363] Building C object zephyr/kernel/CMakeFiles/kernel.dir/mutex.c.obj
[ocelotrvp-mchp:rw] [256/363] Building C object zephyr/drivers/i2c/CMakeFiles/drivers__i2c.dir/i2c_common.c.obj
[ocelotrvp-mchp:rw] [257/363] Building C object zephyr/drivers/i2c/CMakeFiles/drivers__i2c.dir/i2c_shell.c.obj
[skyrim:rw] [64/419] Building C object CMakeFiles/app.dir/mnt/host/source/src/platform/ec/build/zephyr/skyrim/modules/ec/common/uptime.c.obj
[ptl-ish:singleimage] [140/260] Building C object zephyr/lib/libc/minimal/CMakeFiles/lib__libc__minimal.dir/source/string/strstr.c.obj
[ocelotrvp-mchp:rw] [258/363] Building C object zephyr/drivers/gpio/CMakeFiles/drivers__gpio.dir/gpio_mchp_xec.c.obj
[ptl-ish:singleimage] [141/260] Building C object zephyr/lib/libc/minimal/CMakeFiles/lib__libc__minimal.dir/source/string/strerror.c.obj
[ocelotrvp-mchp:rw] [259/363] Linking C static library zephyr/drivers/gpio/libdrivers__gpio.a
[ocelotrvp-mchp:ro] [346/363] Building C object zephyr/kernel/CMakeFiles/kernel.dir/sem.c.obj
[ptl-ish:singleimage] [142/260] Building C object zephyr/lib/libc/minimal/CMakeFiles/lib__libc__minimal.dir/source/string/string.c.obj
[/mnt/host/source/src/platform/ec/build/zephyr/nokris-lcov]   /mnt/host/source/src/platform/ec/build/zephyr/nokris/build-rw/modules/ec/zephyr/CMakeFiles/ec_shim.dir/shim/src/bc12.c.gcno:no functions found
[/mnt/host/source/src/platform/ec/build/zephyr/nokris-lcov] stderr:
[ptl-ish:singleimage] [143/260] Building C object zephyr/lib/libc/minimal/CMakeFiles/lib__libc__minimal.dir/source/string/strspn.c.obj
[skyrim:rw] [65/419] Building C object CMakeFiles/app.dir/mnt/host/source/src/platform/ec/build/zephyr/skyrim/modules/ec/common/i2c_controller.c.obj
[ocelotrvp-mchp:ro] [347/363] Building C object zephyr/kernel/CMakeFiles/kernel.dir/stack.c.obj
[ocelotrvp-mchp:ro] [348/363] Building C object zephyr/kernel/CMakeFiles/kernel.dir/queue.c.obj
[ocelotrvp-mchp:ro] [349/363] Building C object zephyr/kernel/CMakeFiles/kernel.dir/system_work_q.c.obj
[ocelotrvp-mchp:rw] [260/363] Building C object zephyr/drivers/i2c/CMakeFiles/drivers__i2c.dir/i2c_mchp_xec_v2.c.obj
[ocelotrvp-mchp:rw] [261/363] Linking C static library zephyr/drivers/i2c/libdrivers__i2c.a
[ocelotrvp-mchp:rw] [262/363] Building C object zephyr/drivers/pinctrl/CMakeFiles/drivers__pinctrl.dir/common.c.obj
[ocelotrvp-mchp:ro] [350/363] Building C object zephyr/kernel/CMakeFiles/kernel.dir/condvar.c.obj
[ocelotrvp-mchp:ro] [351/363] Building C object zephyr/kernel/CMakeFiles/kernel.dir/work.c.obj
[ptl-ish:singleimage] [144/260] Building C object zephyr/lib/libc/minimal/CMakeFiles/lib__libc__minimal.dir/source/stdout/sprintf.c.obj
[ptl-ish:singleimage] [145/260] Building C object zephyr/lib/libc/minimal/CMakeFiles/lib__libc__minimal.dir/source/stdout/stdout_console.c.obj
[ocelotrvp-mchp:rw] [263/363] Building C object zephyr/drivers/mfd/CMakeFiles/drivers__mfd.dir/mfd_ite_it8801.c.obj
[ocelotrvp-mchp:rw] [264/363] Building C object zephyr/drivers/mfd/CMakeFiles/drivers__mfd.dir/mfd_it8801_altctrl.c.obj
[ocelotrvp-mchp:rw] [265/363] Linking C static library zephyr/drivers/mfd/libdrivers__mfd.a
[ptl-ish:singleimage] [146/260] Building C object zephyr/lib/libc/minimal/CMakeFiles/lib__libc__minimal.dir/source/math/sqrtf.c.obj
[ocelotrvp-mchp:ro] [352/363] Building C object zephyr/kernel/CMakeFiles/kernel.dir/thread.c.obj
[ptl-ish:singleimage] [147/260] Building C object zephyr/lib/libc/minimal/CMakeFiles/lib__libc__minimal.dir/source/stdout/fprintf.c.obj
[skyrim:rw] [66/419] Building C object CMakeFiles/app.dir/mnt/host/source/src/platform/ec/build/zephyr/skyrim/modules/ec/common/i2c_passthru.c.obj
[ocelotrvp-mchp:ro] [353/363] Building C object zephyr/kernel/CMakeFiles/kernel.dir/pipe.c.obj
[ocelotrvp-mchp:ro] [354/363] Building C object zephyr/kernel/CMakeFiles/kernel.dir/spinlock_validate.c.obj
[ocelotrvp-mchp:rw] [266/363] Building C object zephyr/drivers/pinctrl/CMakeFiles/drivers__pinctrl.dir/pinctrl_mchp_xec.c.obj
[ptl-ish:singleimage] [148/260] Building C object zephyr/lib/libc/minimal/CMakeFiles/lib__libc__minimal.dir/source/math/sqrt.c.obj
[ocelotrvp-mchp:ro] [355/363] Building C object zephyr/kernel/CMakeFiles/kernel.dir/sched.c.obj
[ocelotrvp-mchp:rw] [267/363] Linking C static library zephyr/drivers/pinctrl/libdrivers__pinctrl.a
[ocelotrvp-mchp:rw] [268/363] Building C object zephyr/drivers/pwm/CMakeFiles/drivers__pwm.dir/pwm_shell.c.obj
[ocelotrvp-mchp:ro] [356/363] Building C object zephyr/kernel/CMakeFiles/kernel.dir/thread_monitor.c.obj
[ptl-ish:singleimage] [149/260] Building C object zephyr/lib/libc/minimal/CMakeFiles/lib__libc__minimal.dir/source/time/gmtime.c.obj
[ocelotrvp-mchp:ro] [357/363] Building C object zephyr/kernel/CMakeFiles/kernel.dir/timeout.c.obj
[ptl-ish:singleimage] [150/260] Linking C static library zephyr/lib/libc/minimal/liblib__libc__minimal.a
[skyrim:rw] [67/419] Building C object CMakeFiles/app.dir/mnt/host/source/src/platform/ec/build/zephyr/skyrim/modules/ec/common/keyboard_scan.c.obj
[ocelotrvp-mchp:rw] [269/363] Building C object zephyr/drivers/pwm/CMakeFiles/drivers__pwm.dir/pwm_mchp_xec.c.obj
[ocelotrvp-mchp:rw] [270/363] Linking C static library zephyr/drivers/pwm/libdrivers__pwm.a
[ocelotrvp-mchp:rw] [271/363] Building C object zephyr/drivers/sensor/microchip/mchp_tach_xec/CMakeFiles/drivers__sensor__microchip__mchp_tach_xec.dir/tach_mchp_xec.c.obj
[ptl-ish:singleimage] [151/260] Building C object zephyr/lib/libc/common/CMakeFiles/lib__libc__common.dir/source/stdlib/abort.c.obj
[ocelotrvp-mchp:ro] [358/363] Building C object zephyr/kernel/CMakeFiles/kernel.dir/timer.c.obj
[ocelotrvp-mchp:rw] [272/363] Linking C static library zephyr/drivers/sensor/microchip/mchp_tach_xec/libdrivers__sensor__microchip__mchp_tach_xec.a
[ptl-ish:singleimage] [152/260] Building C object zephyr/lib/libc/common/CMakeFiles/lib__libc__common.dir/source/time/asctime.c.obj
[ocelotrvp-mchp:ro] [359/363] Building C object zephyr/kernel/CMakeFiles/kernel.dir/events.c.obj
[ocelotrvp-mchp:ro] [360/363] Building C object zephyr/kernel/CMakeFiles/kernel.dir/mempool.c.obj
[ptl-ish:singleimage] [153/260] Building C object zephyr/lib/libc/common/CMakeFiles/lib__libc__common.dir/source/time/gmtime_r.c.obj
[ocelotrvp-mchp:ro] [361/363] Building C object zephyr/kernel/CMakeFiles/kernel.dir/poll.c.obj
[ocelotrvp-mchp:rw] [273/363] Building C object zephyr/drivers/serial/CMakeFiles/drivers__serial.dir/uart_mchp_xec.c.obj
[ocelotrvp-mchp:ro] [362/363] Building C object zephyr/kernel/CMakeFiles/kernel.dir/dynamic_disabled.c.obj
[ptl-ish:singleimage] [154/260] Building C object zephyr/lib/libc/common/CMakeFiles/lib__libc__common.dir/source/time/localtime_r_utc.c.obj
[ptl-ish:singleimage] [155/260] Building C object zephyr/lib/libc/common/CMakeFiles/lib__libc__common.dir/source/time/ctime.c.obj
[ocelotrvp-mchp:rw] [274/363] Linking C static library zephyr/drivers/serial/libdrivers__serial.a
[ocelotrvp-mchp:rw] [275/363] Building C object zephyr/drivers/timer/CMakeFiles/drivers__timer.dir/sys_clock_init.c.obj
[ocelotrvp-mchp:ro] [363/363] Linking C static library zephyr/kernel/libkernel.a
[skyrim:rw] [68/419] Building C object CMakeFiles/app.dir/mnt/host/source/src/platform/ec/build/zephyr/skyrim/modules/ec/common/keyboard_8042.c.obj
[ocelotrvp-mchp:rw] [276/363] Building C object zephyr/drivers/spi/CMakeFiles/drivers__spi.dir/spi_xec_qmspi_ldma.c.obj
[ocelotrvp-mchp:rw] [277/363] Linking C static library zephyr/drivers/spi/libdrivers__spi.a
[ptl-ish:singleimage] [156/260] Building C object zephyr/lib/libc/common/CMakeFiles/lib__libc__common.dir/source/time/time.c.obj
[ocelotrvp-mchp:rw] [278/363] Building C object zephyr/drivers/timer/CMakeFiles/drivers__timer.dir/mchp_xec_rtos_timer.c.obj
[skyrim:rw] [69/419] Building C object CMakeFiles/app.dir/mnt/host/source/src/platform/ec/build/zephyr/skyrim/modules/ec/common/keyboard_8042_sharedlib.c.obj
[ptl-ish:singleimage] [157/260] Building C object zephyr/lib/libc/common/CMakeFiles/lib__libc__common.dir/source/string/strnlen.c.obj
[ocelotrvp-mchp:rw] [279/363] Linking C static library zephyr/drivers/timer/libdrivers__timer.a
[ptl-ish:singleimage] [158/260] Building C object zephyr/lib/libc/common/CMakeFiles/lib__libc__common.dir/source/stdlib/malloc.c.obj
[ocelotrvp-mchp:rw] [280/363] Building C object zephyr/drivers/watchdog/CMakeFiles/drivers__watchdog.dir/wdt_shell.c.obj
[ptl-ish:singleimage] [159/260] Linking C static library zephyr/lib/libc/common/liblib__libc__common.a
[ptl-ish:singleimage] [160/260] Building C object zephyr/lib/posix/c_lib_ext/CMakeFiles/lib__posix__c_lib_ext.dir/fnmatch.c.obj
[skyrim:rw] [70/419] Building C object CMakeFiles/app.dir/mnt/host/source/src/platform/ec/build/zephyr/skyrim/modules/ec/common/mkbp_fifo.c.obj
[ocelotrvp-mchp:rw] [281/363] Building C object zephyr/drivers/watchdog/CMakeFiles/drivers__watchdog.dir/wdt_mchp_xec.c.obj
[ocelotrvp-mchp:rw] [282/363] Linking C static library zephyr/drivers/watchdog/libdrivers__watchdog.a
[skyrim:rw] [71/419] Building C object CMakeFiles/app.dir/mnt/host/source/src/platform/ec/build/zephyr/skyrim/modules/ec/common/mkbp_info.c.obj
[ocelotrvp-mchp:rw] [283/363] Building C object modules/ec/zephyr/CMakeFiles/ec_shim.dir/app/ec/main_shim.c.obj
[ptl-ish:singleimage] [161/260] Building C object zephyr/lib/posix/c_lib_ext/CMakeFiles/lib__posix__c_lib_ext.dir/getentropy.c.obj
[ocelotrvp-mchp:rw] [284/363] Building C object modules/ec/zephyr/CMakeFiles/ec_shim.dir/drivers/board_id/board_id_intel_rvp.c.obj
[ocelotrvp-mchp:rw] [285/363] Building C object modules/ec/zephyr/CMakeFiles/ec_shim.dir/app/ec/ec_app_main.c.obj
[ptl-ish:singleimage] [162/260] Building C object zephyr/lib/posix/c_lib_ext/CMakeFiles/lib__posix__c_lib_ext.dir/getopt_shim.c.obj
[ptl-ish:singleimage] [163/260] Building C object zephyr/subsys/crc/CMakeFiles/subsys__crc.dir/crc4_sw.c.obj
[ptl-ish:singleimage] [164/260] Linking C static library zephyr/lib/posix/c_lib_ext/liblib__posix__c_lib_ext.a
[skyrim:rw] [72/419] Building C object CMakeFiles/app.dir/mnt/host/source/src/platform/ec/build/zephyr/skyrim/modules/ec/common/keyboard_backlight.c.obj
[ocelotrvp-mchp:rw] [286/363] Building C object modules/ec/zephyr/CMakeFiles/ec_shim.dir/drivers/cros_flash/cros_flash_xec.c.obj
[skyrim:rw] [73/419] Building C object CMakeFiles/app.dir/mnt/host/source/src/platform/ec/build/zephyr/skyrim/modules/ec/common/mkbp_input_devices.c.obj
[ptl-ish:singleimage] [165/260] Building C object zephyr/subsys/crc/CMakeFiles/subsys__crc.dir/crc8_sw.c.obj
[ptl-ish:singleimage] [166/260] Building C object zephyr/subsys/crc/CMakeFiles/subsys__crc.dir/crc16_sw.c.obj
[ocelotrvp-mchp:rw] [287/363] Building C object modules/ec/zephyr/CMakeFiles/ec_shim.dir/drivers/cros_system/cros_system_xec.c.obj
[ocelotrvp-mchp:rw] [288/363] Building C object modules/ec/zephyr/CMakeFiles/ec_shim.dir/drivers/usbc/ucsi_v3.c.obj
[skyrim:rw] [74/419] Building C object CMakeFiles/app.dir/mnt/host/source/src/platform/ec/build/zephyr/skyrim/modules/ec/common/led_common.c.obj
[ptl-ish:singleimage] [167/260] Building C object zephyr/subsys/crc/CMakeFiles/subsys__crc.dir/crc7_sw.c.obj
[ptl-ish:singleimage] [168/260] Building C object zephyr/subsys/crc/CMakeFiles/subsys__crc.dir/crc24_sw.c.obj
[ptl-ish:singleimage] [169/260] Building C object zephyr/subsys/crc/CMakeFiles/subsys__crc.dir/crc32c_sw.c.obj
[skyrim:rw] [75/419] Building C object CMakeFiles/app.dir/mnt/host/source/src/platform/ec/build/zephyr/skyrim/modules/ec/common/motion_lid.c.obj
[ptl-ish:singleimage] [170/260] Building C object zephyr/subsys/crc/CMakeFiles/subsys__crc.dir/crc32_sw.c.obj
[skyrim:rw] [76/419] Building C object CMakeFiles/app.dir/mnt/host/source/src/platform/ec/build/zephyr/skyrim/modules/ec/common/lid_angle.c.obj
[ptl-ish:singleimage] [171/260] Building C object zephyr/subsys/crc/CMakeFiles/subsys__crc.dir/crc32k_4_2_sw.c.obj
[ocelotrvp-mchp:rw] [289/363] Building C object modules/ec/zephyr/CMakeFiles/ec_shim.dir/drivers/usbc/pdc_rts54xx.c.obj
[ocelotrvp-mchp:rw] [290/363] Building C object modules/ec/zephyr/CMakeFiles/ec_shim.dir/drivers/usbc/pdc_rts54xx_fwup.c.obj
[ocelotrvp-mchp:rw] [291/363] Building C object modules/ec/zephyr/CMakeFiles/ec_shim.dir/drivers/usbc/tps6699x_cmd.c.obj
[ptl-ish:singleimage] [172/260] Linking C static library zephyr/subsys/crc/libsubsys__crc.a
[ptl-ish:singleimage] [173/260] Building C object zephyr/drivers/interrupt_controller/CMakeFiles/drivers__interrupt_controller.dir/intc_ioapic.c.obj
[skyrim:rw] [77/419] Building C object CMakeFiles/app.dir/mnt/host/source/src/platform/ec/build/zephyr/skyrim/modules/ec/common/lid_switch.c.obj
[ocelotrvp-mchp:rw] [292/363] Building C object modules/ec/zephyr/CMakeFiles/ec_shim.dir/shim/chip/mchp/clock.c.obj
[skyrim:rw] [78/419] Building C object CMakeFiles/app.dir/mnt/host/source/src/platform/ec/build/zephyr/skyrim/modules/ec/common/lid_angle_keyboard_policy.c.obj
[ptl-ish:singleimage] [174/260] Building C object zephyr/drivers/interrupt_controller/CMakeFiles/drivers__interrupt_controller.dir/intc_loapic.c.obj
[skyrim:rw] [79/419] Building C object CMakeFiles/app.dir/mnt/host/source/src/platform/ec/build/zephyr/skyrim/modules/ec/common/mkbp_event.c.obj
[ocelotrvp-mchp:rw] [293/363] Building C object modules/ec/zephyr/CMakeFiles/ec_shim.dir/drivers/usbc/pdc_tps6699x.c.obj
[ocelotrvp-mchp:rw] [294/363] Building C object modules/ec/zephyr/CMakeFiles/ec_shim.dir/drivers/usbc/tps6699x_fwup.c.obj
[ptl-ish:singleimage] [175/260] Building C object zephyr/drivers/interrupt_controller/CMakeFiles/drivers__interrupt_controller.dir/intc_system_apic.c.obj
[ptl-ish:singleimage] [176/260] Linking C static library zephyr/drivers/interrupt_controller/libdrivers__interrupt_controller.a
[ocelotrvp-mchp:rw] [295/363] Building C object modules/ec/zephyr/CMakeFiles/ec_shim.dir/shim/chip/mchp/system_download_from_flash.c.obj
[ocelotrvp-mchp:rw] [296/363] Building C object modules/ec/zephyr/CMakeFiles/ec_shim.dir/shim/chip/mchp/system.c.obj
[ocelotrvp-mchp:rw] [297/363] Building C object modules/ec/zephyr/CMakeFiles/ec_shim.dir/shim/chip/mchp/system_external_storage.c.obj
[skyrim:rw] [80/419] Building C object CMakeFiles/app.dir/mnt/host/source/src/platform/ec/build/zephyr/skyrim/modules/ec/common/port80.c.obj
[ptl-ish:singleimage] [177/260] Building C object zephyr/drivers/console/CMakeFiles/drivers__console.dir/uart_console.c.obj
[ptl-ish:singleimage] [178/260] Linking C static library zephyr/drivers/console/libdrivers__console.a
[skyrim:rw] [81/419] Building C object CMakeFiles/app.dir/mnt/host/source/src/platform/ec/build/zephyr/skyrim/modules/ec/common/motion_sense.c.obj
[ocelotrvp-mchp:rw] [298/363] Building C object modules/ec/zephyr/CMakeFiles/ec_shim.dir/shim/src/crc.c.obj
[ocelotrvp-mchp:rw] [299/363] Building C object modules/ec/zephyr/CMakeFiles/ec_shim.dir/shim/core/cortex-m/mpu.c.obj
[ocelotrvp-mchp:rw] [300/363] Building C object modules/ec/zephyr/CMakeFiles/ec_shim.dir/shim/core/cortex-m/panic.c.obj
[ptl-ish:singleimage] [179/260] Building C object zephyr/drivers/gpio/CMakeFiles/drivers__gpio.dir/gpio_sedi.c.obj
[ptl-ish:singleimage] [180/260] Building C object zephyr/drivers/gpio/CMakeFiles/drivers__gpio.dir/mnt/host/source/src/third_party/zephyrproject/modules/hal/intel/bsp_sedi/drivers/gpio/sedi_gpio.c.obj
[skyrim:rw] [82/419] Building C object CMakeFiles/app.dir/mnt/host/source/src/platform/ec/build/zephyr/skyrim/modules/ec/common/power_button.c.obj
[ptl-ish:singleimage] [181/260] Linking C static library zephyr/drivers/gpio/libdrivers__gpio.a
[ocelotrvp-mchp:rw] [301/363] Building C object modules/ec/zephyr/CMakeFiles/ec_shim.dir/shim/src/console.c.obj
[skyrim:rw] [83/419] Building C object CMakeFiles/app.dir/mnt/host/source/src/platform/ec/build/zephyr/skyrim/modules/ec/power/common.c.obj
[/mnt/host/source/src/platform/ec/build/zephyr/ovis-lcov]   /mnt/host/source/src/platform/ec/build/zephyr/ovis/build-rw/CMakeFiles/app.dir/mnt/host/source/src/platform/ec/build/zephyr/ovis/modules/ec/common/usb_pd_pdo.c.gcno:no functions found
[/mnt/host/source/src/platform/ec/build/zephyr/ovis-lcov] stderr:
[skyrim:rw] [84/419] Building C object CMakeFiles/app.dir/mnt/host/source/src/platform/ec/build/zephyr/skyrim/modules/ec/power/amd_x86.c.obj
[ptl-ish:singleimage] [182/260] Building C object zephyr/drivers/i2c/CMakeFiles/drivers__i2c.dir/i2c_common.c.obj
[ocelotrvp-mchp:rw] [302/363] Building C object modules/ec/zephyr/CMakeFiles/ec_shim.dir/shim/src/gpio_int.c.obj
[ocelotrvp-mchp:rw] [303/363] Building C object modules/ec/zephyr/CMakeFiles/ec_shim.dir/shim/src/panic_utils.c.obj
[ocelotrvp-mchp:rw] [304/363] Building C object modules/ec/zephyr/CMakeFiles/ec_shim.dir/shim/src/gpio.c.obj
[ptl-ish:singleimage] [183/260] Building C object zephyr/drivers/i2c/CMakeFiles/drivers__i2c.dir/i2c_shell.c.obj
[ocelotrvp-mchp:rw] [305/363] Building C object modules/ec/zephyr/CMakeFiles/ec_shim.dir/shim/src/cbi/cros_cbi.c.obj
[ocelotrvp-mchp:rw] [306/363] Building ASM object modules/ec/zephyr/CMakeFiles/ec_shim.dir/shim/src/libgcc_arm.S.obj
[ocelotrvp-mchp:rw] [307/363] Building C object modules/ec/zephyr/CMakeFiles/ec_shim.dir/shim/src/cbi/cbi_flash.c.obj
[skyrim:rw] [85/419] Building C object CMakeFiles/app.dir/mnt/host/source/src/platform/ec/build/zephyr/skyrim/modules/ec/common/panic_output.c.obj
[skyrim:rw] [86/419] Building C object CMakeFiles/app.dir/mnt/host/source/src/platform/ec/build/zephyr/skyrim/modules/ec/power/host_sleep.c.obj
[ptl-ish:singleimage] [184/260] Building C object zephyr/drivers/i2c/CMakeFiles/drivers__i2c.dir/i2c_sedi.c.obj
[skyrim:rw] [87/419] Building C object CMakeFiles/app.dir/mnt/host/source/src/platform/ec/build/zephyr/skyrim/modules/ec/common/preserved_ring_buf.c.obj
[ptl-ish:singleimage] [185/260] Building C object zephyr/drivers/i2c/CMakeFiles/drivers__i2c.dir/mnt/host/source/src/third_party/zephyrproject/modules/hal/intel/bsp_sedi/drivers/i2c/sedi_i2c_dw_apb_200a.c.obj
[ocelotrvp-mchp:rw] [308/363] Building C object modules/ec/zephyr/CMakeFiles/ec_shim.dir/shim/src/system.c.obj
[ptl-ish:singleimage] [186/260] Linking C static library zephyr/drivers/i2c/libdrivers__i2c.a
[skyrim:rw] [88/419] Building C object CMakeFiles/app.dir/mnt/host/source/src/platform/ec/build/zephyr/skyrim/modules/ec/common/sha256.c.obj
[skyrim:rw] [89/419] Building C object CMakeFiles/app.dir/mnt/host/source/src/platform/ec/build/zephyr/skyrim/modules/ec/common/panic_log.c.obj
[ocelotrvp-mchp:rw] [309/363] Building C object modules/ec/zephyr/CMakeFiles/ec_shim.dir/shim/src/battery.c.obj
[ocelotrvp-mchp:rw] [310/363] Building C object modules/ec/zephyr/CMakeFiles/ec_shim.dir/shim/src/pdc_shim.c.obj
[ptl-ish:singleimage] [187/260] Building C object zephyr/drivers/ipm/CMakeFiles/drivers__ipm.dir/mnt/host/source/src/third_party/zephyrproject/modules/hal/intel/bsp_sedi/drivers/ipc/sedi_ipc.c.obj
[ocelotrvp-mchp:rw] [311/363] Building C object modules/ec/zephyr/CMakeFiles/ec_shim.dir/shim/src/adc.c.obj
[ocelotrvp-mchp:rw] [312/363] Building C object modules/ec/zephyr/CMakeFiles/ec_shim.dir/shim/src/chipset_api.c.obj
[ptl-ish:singleimage] [188/260] Building C object zephyr/drivers/ipm/CMakeFiles/drivers__ipm.dir/ipm_sedi.c.obj
[ocelotrvp-mchp:rw] [313/363] Building C object modules/ec/zephyr/CMakeFiles/ec_shim.dir/shim/src/charger.c.obj
[ptl-ish:singleimage] [189/260] Linking C static library zephyr/drivers/ipm/libdrivers__ipm.a
[ocelotrvp-mchp:rw] [314/363] Building C object modules/ec/zephyr/CMakeFiles/ec_shim.dir/shim/chip/mchp/gpio.c.obj
[skyrim:rw] [90/419] Building C object CMakeFiles/app.dir/mnt/host/source/src/platform/ec/build/zephyr/skyrim/modules/ec/common/shared_mem.c.obj
[skyrim:rw] [91/419] Building C object CMakeFiles/app.dir/mnt/host/source/src/platform/ec/build/zephyr/skyrim/modules/ec/common/switch.c.obj
[ptl-ish:singleimage] [190/260] Building C object zephyr/drivers/serial/CMakeFiles/drivers__serial.dir/uart_sedi.c.obj
[skyrim:rw] [92/419] Building C object CMakeFiles/app.dir/mnt/host/source/src/platform/ec/build/zephyr/skyrim/modules/ec/common/spi_flash_reg.c.obj
[ptl-ish:singleimage] [191/260] Building C object zephyr/drivers/syscon/CMakeFiles/drivers__syscon.dir/mnt/host/source/src/third_party/zephyr/main/misc/empty_file.c.obj
[ptl-ish:singleimage] [192/260] Building C object zephyr/drivers/serial/CMakeFiles/drivers__serial.dir/mnt/host/source/src/third_party/zephyrproject/modules/hal/intel/bsp_sedi/drivers/usart/sedi_dw_uart.c.obj
[ptl-ish:singleimage] [193/260] Linking C static library zephyr/drivers/syscon/libdrivers__syscon.a
[ocelotrvp-mchp:rw] [315/363] Building C object modules/ec/zephyr/CMakeFiles/ec_shim.dir/shim/src/espi.c.obj
[ptl-ish:singleimage] [194/260] Linking C static library zephyr/drivers/serial/libdrivers__serial.a
[ocelotrvp-mchp:rw] [316/363] Building C object modules/ec/zephyr/CMakeFiles/ec_shim.dir/shim/src/flash.c.obj
[ocelotrvp-mchp:rw] [317/363] Building C object modules/ec/zephyr/CMakeFiles/ec_shim.dir/shim/src/mkbp_event.c.obj
[ocelotrvp-mchp:rw] [318/363] Building C object modules/ec/zephyr/CMakeFiles/ec_shim.dir/shim/src/host_command.c.obj
[skyrim:rw] [93/419] Building C object CMakeFiles/app.dir/mnt/host/source/src/platform/ec/build/zephyr/skyrim/modules/ec/common/tablet_mode.c.obj
[ocelotrvp-mchp:rw] [319/363] Building C object modules/ec/zephyr/CMakeFiles/ec_shim.dir/shim/src/console_buffer.c.obj
[ocelotrvp-mchp:rw] [320/363] Building C object modules/ec/zephyr/CMakeFiles/ec_shim.dir/shim/src/hooks.c.obj
[ocelotrvp-mchp:rw] [321/363] Building C object modules/ec/zephyr/CMakeFiles/ec_shim.dir/shim/src/fan.c.obj
[skyrim:rw] [94/419] Building C object CMakeFiles/app.dir/mnt/host/source/src/platform/ec/build/zephyr/skyrim/modules/ec/common/thermal.c.obj
[ptl-ish:singleimage] [195/260] Building C object zephyr/drivers/timer/CMakeFiles/drivers__timer.dir/hpet.c.obj
[skyrim:rw] [95/419] Building C object CMakeFiles/app.dir/mnt/host/source/src/platform/ec/build/zephyr/skyrim/modules/ec/common/temp_sensor.c.obj
[ptl-ish:singleimage] [196/260] Building C object zephyr/drivers/timer/CMakeFiles/drivers__timer.dir/sys_clock_init.c.obj
[ptl-ish:singleimage] [197/260] Linking C static library zephyr/drivers/timer/libdrivers__timer.a
[skyrim:rw] [96/419] Building C object CMakeFiles/app.dir/mnt/host/source/src/platform/ec/build/zephyr/skyrim/modules/ec/driver/temp_sensor/thermistor.c.obj
[ocelotrvp-mchp:rw] [322/363] Building C object modules/ec/zephyr/CMakeFiles/ec_shim.dir/shim/src/hwtimer.c.obj
[ocelotrvp-mchp:rw] [323/363] Building C object modules/ec/zephyr/CMakeFiles/ec_shim.dir/shim/src/panic.c.obj
[skyrim:rw] [97/419] Building C object CMakeFiles/app.dir/mnt/host/source/src/platform/ec/build/zephyr/skyrim/modules/ec/driver/temp_sensor/pct2075.c.obj
[ocelotrvp-mchp:rw] [324/363] Building C object modules/ec/zephyr/CMakeFiles/ec_shim.dir/shim/src/thermal.c.obj
[ocelotrvp-mchp:rw] [325/363] Building C object modules/ec/zephyr/CMakeFiles/ec_shim.dir/shim/src/temp_sensors.c.obj
[ocelotrvp-mchp:rw] [326/363] Building C object modules/ec/zephyr/CMakeFiles/ec_shim.dir/shim/src/tasks.c.obj
[ocelotrvp-mchp:rw] [327/363] Building C object modules/ec/zephyr/CMakeFiles/ec_shim.dir/shim/src/watchdog.c.obj
[ptl-ish:singleimage] [198/260] Building C object modules/ec/zephyr/CMakeFiles/ec_shim.dir/app/ec/main_shim.c.obj
[ocelotrvp-mchp:rw] [328/363] Building C object modules/ec/zephyr/CMakeFiles/ec_shim.dir/shim/src/i2c.c.obj
[skyrim:rw] [98/419] Building C object CMakeFiles/app.dir/mnt/host/source/src/platform/ec/build/zephyr/skyrim/modules/ec/common/throttle_ap.c.obj
[ptl-ish:singleimage] [199/260] Building C object modules/ec/zephyr/CMakeFiles/ec_shim.dir/app/ec/ec_app_main.c.obj
[skyrim:rw] [99/419] Building C object CMakeFiles/app.dir/mnt/host/source/src/platform/ec/build/zephyr/skyrim/modules/ec/driver/temp_sensor/sb_tsi.c.obj
[ocelotrvp-mchp:rw] [329/363] Building C object zephyr/kernel/CMakeFiles/kernel.dir/main_weak.c.obj
[ocelotrvp-mchp:rw] [330/363] Building C object modules/ec/zephyr/CMakeFiles/ec_shim.dir/shim/src/power_host_sleep_api.c.obj
[ocelotrvp-mchp:rw] [331/363] Building C object zephyr/kernel/CMakeFiles/kernel.dir/banner.c.obj
[ocelotrvp-mchp:rw] [332/363] Building C object zephyr/kernel/CMakeFiles/kernel.dir/busy_wait.c.obj
[skyrim:rw] [100/419] Building C object CMakeFiles/app.dir/mnt/host/source/src/platform/ec/build/zephyr/skyrim/modules/ec/common/timer.c.obj
[ptl-ish:singleimage] [200/260] Building C object modules/ec/zephyr/CMakeFiles/ec_shim.dir/shim/chip/stub/clock.c.obj
[ocelotrvp-mchp:rw] [333/363] Building C object zephyr/kernel/CMakeFiles/kernel.dir/errno.c.obj
[ocelotrvp-mchp:rw] [334/363] Linking C static library modules/ec/zephyr/libec_shim.a
[ocelotrvp-mchp:rw] [335/363] Building C object zephyr/kernel/CMakeFiles/kernel.dir/device.c.obj
[skyrim:rw] [101/419] Building C object CMakeFiles/app.dir/mnt/host/source/src/platform/ec/build/zephyr/skyrim/modules/ec/common/usb_charger.c.obj
[ptl-ish:singleimage] [201/260] Building C object modules/ec/zephyr/CMakeFiles/ec_shim.dir/shim/src/crc.c.obj
[skyrim:rw] [102/419] Building C object CMakeFiles/app.dir/mnt/host/source/src/platform/ec/build/zephyr/skyrim/modules/ec/common/usb_port_power_dumb.c.obj
[ocelotrvp-mchp:rw] [336/363] Building C object zephyr/kernel/CMakeFiles/kernel.dir/version.c.obj
[ocelotrvp-mchp:rw] [337/363] Building C object zephyr/kernel/CMakeFiles/kernel.dir/fatal.c.obj
[ptl-ish:singleimage] [202/260] Building C object modules/ec/zephyr/CMakeFiles/ec_shim.dir/shim/src/console.c.obj
[ocelotrvp-mchp:rw] [338/363] Building C object zephyr/kernel/CMakeFiles/kernel.dir/init.c.obj
[/mnt/host/source/src/platform/ec/build/zephyr/ovis-lcov]   /mnt/host/source/src/platform/ec/build/zephyr/ovis/build-rw/CMakeFiles/app.dir/mnt/host/source/src/platform/ec/build/zephyr/ovis/modules/ec/common/cbi_config.c.gcno:no functions found
[/mnt/host/source/src/platform/ec/build/zephyr/ovis-lcov] stderr:
[ocelotrvp-mchp:rw] [339/363] Building C object zephyr/kernel/CMakeFiles/kernel.dir/kheap.c.obj
[skyrim:rw] [103/419] Building C object CMakeFiles/app.dir/mnt/host/source/src/platform/ec/build/zephyr/skyrim/modules/ec/common/typec_control.c.obj
[ocelotrvp-mchp:rw] [340/363] Building C object zephyr/kernel/CMakeFiles/kernel.dir/mem_slab.c.obj
[ocelotrvp-mchp:rw] [341/363] Building C object zephyr/kernel/CMakeFiles/kernel.dir/float.c.obj
[ocelotrvp-mchp:rw] [342/363] Building C object zephyr/kernel/CMakeFiles/kernel.dir/idle.c.obj
[skyrim:rw] [104/419] Building C object CMakeFiles/app.dir/mnt/host/source/src/platform/ec/build/zephyr/skyrim/modules/ec/common/usb_common.c.obj
[ptl-ish:singleimage] [203/260] Building C object modules/ec/zephyr/CMakeFiles/ec_shim.dir/shim/src/gpio.c.obj
[skyrim:rw] [105/419] Building C object CMakeFiles/app.dir/mnt/host/source/src/platform/ec/build/zephyr/skyrim/modules/ec/common/usb_pd_pdo.c.obj
[ptl-ish:singleimage] [204/260] Building C object modules/ec/zephyr/CMakeFiles/ec_shim.dir/shim/src/gpio_int.c.obj
[ocelotrvp-mchp:rw] [343/363] Building C object zephyr/kernel/CMakeFiles/kernel.dir/mailbox.c.obj
[ocelotrvp-mchp:rw] [344/363] Building C object zephyr/kernel/CMakeFiles/kernel.dir/msg_q.c.obj
[ocelotrvp-mchp:rw] [345/363] Building C object zephyr/kernel/CMakeFiles/kernel.dir/mutex.c.obj
[skyrim:rw] [106/419] Building C object CMakeFiles/app.dir/mnt/host/source/src/platform/ec/build/zephyr/skyrim/modules/ec/common/usbc/usbc_task.c.obj
[ptl-ish:singleimage] [205/260] Building C object modules/ec/zephyr/CMakeFiles/ec_shim.dir/shim/src/panic_utils.c.obj
[skyrim:rw] [107/419] Building C object CMakeFiles/app.dir/mnt/host/source/src/platform/ec/build/zephyr/skyrim/modules/ec/common/usbc/usb_pd_timer.c.obj
[ocelotrvp-mchp:rw] [346/363] Building C object zephyr/kernel/CMakeFiles/kernel.dir/queue.c.obj
[ocelotrvp-mchp:rw] [347/363] Building C object zephyr/kernel/CMakeFiles/kernel.dir/system_work_q.c.obj
[ocelotrvp-mchp:rw] [348/363] Building C object zephyr/kernel/CMakeFiles/kernel.dir/sem.c.obj
[ptl-ish:singleimage] [206/260] Building C object modules/ec/zephyr/CMakeFiles/ec_shim.dir/shim/src/pm_state.c.obj
[ocelotrvp-mchp:rw] [349/363] Building C object zephyr/kernel/CMakeFiles/kernel.dir/stack.c.obj
[ocelotrvp-mchp:rw] [350/363] Building C object zephyr/kernel/CMakeFiles/kernel.dir/condvar.c.obj
[ocelotrvp-mchp:rw] [351/363] Building C object zephyr/kernel/CMakeFiles/kernel.dir/work.c.obj
[skyrim:rw] [108/419] Building C object CMakeFiles/app.dir/mnt/host/source/src/platform/ec/build/zephyr/skyrim/modules/ec/common/usbc_intr_task.c.obj
[skyrim:rw] [109/419] Building C object CMakeFiles/app.dir/mnt/host/source/src/platform/ec/build/zephyr/skyrim/modules/ec/common/usbc/usb_sm.c.obj
[ptl-ish:singleimage] [207/260] Building C object modules/ec/zephyr/CMakeFiles/ec_shim.dir/shim/src/cbi/cros_cbi.c.obj
[ptl-ish:singleimage] [208/260] Building C object modules/ec/zephyr/CMakeFiles/ec_shim.dir/shim/src/ish_system.c.obj
[skyrim:rw] [110/419] Building C object CMakeFiles/app.dir/mnt/host/source/src/platform/ec/build/zephyr/skyrim/modules/ec/common/usbc_utils.c.obj
[ocelotrvp-mchp:rw] [352/363] Building C object zephyr/kernel/CMakeFiles/kernel.dir/thread.c.obj
[ocelotrvp-mchp:rw] [353/363] Building C object zephyr/kernel/CMakeFiles/kernel.dir/pipe.c.obj
[/mnt/host/source/src/platform/ec/build/zephyr/ovis-lcov]   /mnt/host/source/src/platform/ec/build/zephyr/ovis/build-rw/zephyr/arch/arch/arm/core/mpu/CMakeFiles/arch__arm__core__mpu.dir/arm_mpu_regions.c.gcno:no functions found
[/mnt/host/source/src/platform/ec/build/zephyr/ovis-lcov] stderr:
[skyrim:rw] [111/419] Building C object CMakeFiles/app.dir/mnt/host/source/src/platform/ec/build/zephyr/skyrim/modules/ec/common/usb_pd_flags.c.obj
[ocelotrvp-mchp:rw] [354/363] Building C object zephyr/kernel/CMakeFiles/kernel.dir/spinlock_validate.c.obj
[ocelotrvp-mchp:rw] [355/363] Building C object zephyr/kernel/CMakeFiles/kernel.dir/sched.c.obj
[ocelotrvp-mchp:rw] [356/363] Building C object zephyr/kernel/CMakeFiles/kernel.dir/thread_monitor.c.obj
[skyrim:rw] [112/419] Building C object CMakeFiles/app.dir/mnt/host/source/src/platform/ec/build/zephyr/skyrim/modules/ec/common/chargen.c.obj
[ocelotrvp-mchp:rw] [357/363] Building C object zephyr/kernel/CMakeFiles/kernel.dir/timeout.c.obj
[ptl-ish:singleimage] [209/260] Building C object modules/ec/zephyr/CMakeFiles/ec_shim.dir/shim/src/hooks.c.obj
[ocelotrvp-mchp:rw] [358/363] Building C object zephyr/kernel/CMakeFiles/kernel.dir/timer.c.obj
[ptl-ish:singleimage] [210/260] Building C object modules/ec/zephyr/CMakeFiles/ec_shim.dir/shim/src/host_command.c.obj
[ocelotrvp-mchp:rw] [359/363] Building C object zephyr/kernel/CMakeFiles/kernel.dir/poll.c.obj
[ocelotrvp-mchp:rw] [360/363] Building C object zephyr/kernel/CMakeFiles/kernel.dir/events.c.obj
[skyrim:rw] [113/419] Building C object CMakeFiles/app.dir/mnt/host/source/src/platform/ec/build/zephyr/skyrim/modules/ec/driver/retimer/anx7483.c.obj
[ocelotrvp-mchp:rw] [361/363] Building C object zephyr/kernel/CMakeFiles/kernel.dir/mempool.c.obj
[skyrim:rw] [114/419] Building C object CMakeFiles/app.dir/mnt/host/source/src/platform/ec/build/zephyr/skyrim/modules/ec/common/usbc/usb_pd_console.c.obj
[ocelotrvp-mchp:rw] [362/363] Building C object zephyr/kernel/CMakeFiles/kernel.dir/dynamic_disabled.c.obj
[ocelotrvp-mchp:rw] [363/363] Linking C static library zephyr/kernel/libkernel.a
[padme:rw] Building: /usr/bin/ninja -C /mnt/host/source/src/platform/ec/build/zephyr/padme/build-rw all.libraries
Running `env -i SHELL=/bin/bash COLORTERM=truecolor DEPOT_TOOLS_UPDATE=0 LESS='-R -M --shift 5' SUDO_GID=0 JDK_HOME=/etc/java-config-2/current-system-vm CONFIG_PROTECT_MASK='/etc/gentoo-release /etc/sandbox.d /etc/fonts/fonts.conf /etc/terminfo /etc/ca-certificates.conf /etc/revdep-rebuild' CHROMEOS_CACHEDIR=/var/cache/chromeos-cache JAVA_HOME=/etc/java-config-2/current-system-vm SSH_AUTH_SOCK=/tmp/ssh-auth-sock SUDO_COMMAND=/bin/bash SUDO_USER=root SUDO_TTY=/dev/pts/2 EDITOR=/usr/bin/vi PWD=/mnt/host/source/src/platform/ec CONFIG_PROTECT=/usr/share/gnupg/qualified.txt LOGNAME=jpmurphy MANPATH=/etc/java-config-2/current-system-vm/man:/usr/local/share/man:/usr/share/man:/usr/share/gcc-data/x86_64-pc-linux-gnu/10.2.0/man:/usr/share/binutils-data/x86_64-pc-linux-gnu/2.45/man:/etc/java-config-2/current-system-vm/man/ SUDO_HOME=/root XAUTHORITY=/run/user/944457/gdm/Xauthority HOME=/home/jpmurphy LANG=C.UTF-8 LS_COLORS='rs=0:di=01;34:ln=01;36:mh=00:pi=40;33:so=01;35:do=01;35:bd=40;33;01:cd=40;33;01:or=01;05;37;41:mi=01;05;37;41:su=37;41:sg=30;43:ca=30;41:tw=30;42:ow=34;42:st=37;44:ex=01;32:*.tar=01;31:*.tgz=01;31:*.arc=01;31:*.arj=01;31:*.taz=01;31:*.lha=01;31:*.lz4=01;31:*.lzh=01;31:*.lzma=01;31:*.tlz=01;31:*.txz=01;31:*.tzo=01;31:*.t7z=01;31:*.zip=01;31:*.z=01;31:*.dz=01;31:*.gz=01;31:*.lrz=01;31:*.lz=01;31:*.lzo=01;31:*.xz=01;31:*.zst=01;31:*.tzst=01;31:*.bz2=01;31:*.bz=01;31:*.tbz=01;31:*.tbz2=01;31:*.tz=01;31:*.deb=01;31:*.rpm=01;31:*.jar=01;31:*.war=01;31:*.ear=01;31:*.sar=01;31:*.rar=01;31:*.alz=01;31:*.ace=01;31:*.zoo=01;31:*.cpio=01;31:*.7z=01;31:*.rz=01;31:*.cab=01;31:*.wim=01;31:*.swm=01;31:*.dwm=01;31:*.esd=01;31:*.jpg=01;35:*.jpeg=01;35:*.mjpg=01;35:*.mjpeg=01;35:*.gif=01;35:*.bmp=01;35:*.pbm=01;35:*.pgm=01;35:*.ppm=01;35:*.tga=01;35:*.xbm=01;35:*.xpm=01;35:*.tif=01;35:*.tiff=01;35:*.png=01;35:*.svg=01;35:*.svgz=01;35:*.mng=01;35:*.pcx=01;35:*.mov=01;35:*.mpg=01;35:*.mpeg=01;35:*.m2v=01;35:*.mkv=01;35:*.webm=01;35:*.webp=01;35:*.ogm=01;35:*.mp4=01;35:*.m4v=01;35:*.mp4v=01;35:*.vob=01;35:*.qt=01;35:*.nuv=01;35:*.wmv=01;35:*.asf=01;35:*.rm=01;35:*.rmvb=01;35:*.flc=01;35:*.avi=01;35:*.fli=01;35:*.flv=01;35:*.gl=01;35:*.dl=01;35:*.xcf=01;35:*.xwd=01;35:*.yuv=01;35:*.cgm=01;35:*.emf=01;35:*.ogv=01;35:*.ogx=01;35:*.cfg=00;32:*.conf=00;32:*.diff=00;32:*.doc=00;32:*.ini=00;32:*.log=00;32:*.patch=00;32:*.pdf=00;32:*.ps=00;32:*.tex=00;32:*.txt=00;32:*.aac=00;36:*.au=00;36:*.flac=00;36:*.m4a=00;36:*.mid=00;36:*.midi=00;36:*.mka=00;36:*.mp3=00;36:*.mpc=00;36:*.ogg=00;36:*.ra=00;36:*.wav=00;36:*.oga=00;36:*.opus=00;36:*.spx=00;36:*.xspf=00;36:' XDG_CURRENT_DESKTOP=GNOME INFOPATH=/usr/share/info:/usr/share/gcc-data/x86_64-pc-linux-gnu/10.2.0/info:/usr/share/binutils-data/x86_64-pc-linux-gnu/2.45/info:/usr/share/automake-1.16.5/info JAVAC=/etc/java-config-2/current-system-vm/bin/javac TERM=xterm-256color LESSOPEN='|lesspipe %s' USER=jpmurphy CROS_WORKON_SRCROOT=/mnt/host/source MANPAGER=manpager DISPLAY=:1 SHLVL=1 LC_MESSAGES=C EXTERNAL_TRUNK_PATH=/mnt/8f9d649a-3721-44cc-93c0-e6bd21a9689f/chromiumos GCC_SPECS='' PATH=/mnt/host/source/chromite/bin:/usr/local/bin:/usr/bin:/bin:/opt/bin:/mnt/host/source/chromite/sdk/bin:/mnt/host/source/chromite/bin PORTAGE_USERNAME=jpmurphy SUDO_UID=0 GCC_VER=10.2.0 MAIL=/var/mail/jpmurphy OLDPWD=/mnt/host/source/src/scripts traceparent=00-e87aca51550a78635907baa6a2476181-6d684811675d2973-01 _=./zephyr/firmware_builder.py COREBOOT_SDK_ROOT_x86=/home/jpmurphy/.cache/coreboot-sdk/i386-elf/dfbb0486385d938cfa9d73080b9d18d598ed4f49 COREBOOT_SDK_ROOT_picolibc_x86=/home/jpmurphy/.cache/coreboot-sdk/picolibc-i386-elf/eb8e8e687b95461de8cbf278f1c2076952d0ad17 COREBOOT_SDK_ROOT_riscv64=/home/jpmurphy/.cache/coreboot-sdk/riscv64-elf/96b949749225b6aaa92ed810ab769e8dfb12f000 COREBOOT_SDK_ROOT_picolibc_arm=/home/jpmurphy/.cache/coreboot-sdk/picolibc-arm-eabi/422a2aa3e1ef891b5bece9a3deb696ff83840d2e COREBOOT_SDK_ROOT_nds32=/home/jpmurphy/.cache/coreboot-sdk/nds32le-elf/d1a518c4a097666d86058e1444f85ca015d15511 COREBOOT_SDK_ROOT_picolibc_riscv64=/home/jpmurphy/.cache/coreboot-sdk/picolibc-riscv64-elf/f571e990ef0278564b31124f8bb109d9a697eb69 COREBOOT_SDK_ROOT_arm=/home/jpmurphy/.cache/coreboot-sdk/arm-eabi/ea40ddd1d190c3b48435c474c0b545719371813a COREBOOT_SDK_ROOT_libstdcxx_riscv64=/home/jpmurphy/.cache/coreboot-sdk/libstdcxx-riscv64-elf/17abf22a3a252e2d5d2062ced5324f7a623689e0 COREBOOT_SDK_ROOT_libstdcxx_arm=/home/jpmurphy/.cache/coreboot-sdk/libstdcxx-arm-eabi/5d7d82e150e44aa1968f1d366e267e6687b328ac COREBOOT_SDK_ROOT_riscv=/home/jpmurphy/.cache/coreboot-sdk/riscv-elf/9a27b9e82341c6e9126624f516ab3f261abb3e73 COREBOOT_SDK_ROOT_libstdcxx_x86=/home/jpmurphy/.cache/coreboot-sdk/libstdcxx-i386-elf/42ef9d2e87a76a37963175d7d428734e65648b87 PYTHONPATH=/mnt/host/source/src/platform/ec/zephyr/zmake PW_PIGWEED_CIPD_INSTALL_DIR=/usr CROSTC_USER_ACKNOWLEDGES_THAT_RISCV_IS_EXPERIMENTAL=1 MAKEFLAGS=' -j16 --jobserver-auth=5,6' /usr/bin/ninja -C /mnt/host/source/src/platform/ec/build/zephyr/padme/build-rw all.libraries`
[padme:rw] ninja: Entering directory `/mnt/host/source/src/platform/ec/build/zephyr/padme/build-rw'
[skyrim:rw] [115/419] Building C object CMakeFiles/app.dir/mnt/host/source/src/platform/ec/build/zephyr/skyrim/modules/ec/driver/retimer/ps8818.c.obj
[ptl-ish:singleimage] [211/260] Building C object modules/ec/zephyr/CMakeFiles/ec_shim.dir/shim/src/console_buffer.c.obj
[ptl-ish:singleimage] [212/260] Building C object modules/ec/zephyr/CMakeFiles/ec_shim.dir/shim/src/mkbp_event.c.obj
[skyrim:rw] [116/419] Building C object CMakeFiles/app.dir/mnt/host/source/src/platform/ec/build/zephyr/skyrim/modules/ec/driver/retimer/ps8811.c.obj
[/mnt/host/source/src/platform/ec/build/zephyr/ovis-lcov]   /mnt/host/source/src/platform/ec/build/zephyr/ovis/build-rw/zephyr/arch/common/CMakeFiles/isr_tables.dir/isr_tables.c.gcno:no functions found
[/mnt/host/source/src/platform/ec/build/zephyr/ovis-lcov] stderr:
[ptl-ish:singleimage] [213/260] Building C object modules/ec/zephyr/CMakeFiles/ec_shim.dir/shim/src/hwtimer.c.obj
[skyrim:rw] [117/419] Building C object CMakeFiles/app.dir/mnt/host/source/src/platform/ec/build/zephyr/skyrim/modules/ec/driver/usb_mux/anx7451.c.obj
[skyrim:rw] [118/419] Building C object CMakeFiles/app.dir/mnt/host/source/src/platform/ec/build/zephyr/skyrim/modules/ec/driver/usb_mux/amd_fp6.c.obj
[skyrim:rw] [119/419] Building C object CMakeFiles/app.dir/mnt/host/source/src/platform/ec/build/zephyr/skyrim/modules/ec/driver/usb_mux/usb_mux.c.obj
[skyrim:rw] [120/419] Building C object CMakeFiles/app.dir/mnt/host/source/src/platform/ec/build/zephyr/skyrim/modules/ec/common/event_log.c.obj
[padme:rw] [1/360] Generating include/generated/zephyr/version.h
[padme:rw] -- git describe warned: warning: tag 'upstream/v2.7.99' is externally known as 'v2.7.99'
[padme:rw] -- Zephyr version: 4.3.99 (/mnt/host/source/src/third_party/zephyr/main)
[padme:rw] [2/360] Preparing syscall dependency handling
[ptl-ish:singleimage] [214/260] Building C object modules/ec/zephyr/CMakeFiles/ec_shim.dir/shim/src/motionsense_sensors.c.obj
[padme:rw] [3/360] Generating misc/generated/syscalls_subdirs.trigger
[skyrim:rw] [121/419] Building C object CMakeFiles/app.dir/mnt/host/source/src/platform/ec/build/zephyr/skyrim/modules/ec/common/pd_log.c.obj
[skyrim:rw] [122/419] Building C object CMakeFiles/app.dir/mnt/host/source/src/platform/ec/build/zephyr/skyrim/modules/ec/common/usbc/usbc_pd_policy.c.obj
[skyrim:rw] [123/419] Building C object CMakeFiles/app.dir/mnt/host/source/src/platform/ec/build/zephyr/skyrim/modules/ec/common/usbc/usb_prl_sm.c.obj
[skyrim:rw] [124/419] Building C object CMakeFiles/app.dir/mnt/host/source/src/platform/ec/build/zephyr/skyrim/modules/ec/common/usbc/usb_pd_dpm.c.obj
[ptl-ish:singleimage] [215/260] Building C object modules/ec/zephyr/CMakeFiles/ec_shim.dir/shim/src/i2c.c.obj
[skyrim:rw] [125/419] Building C object CMakeFiles/app.dir/mnt/host/source/src/platform/ec/build/zephyr/skyrim/modules/ec/common/usbc/usb_tc_drp_acc_trysrc_sm.c.obj
[skyrim:rw] [126/419] Building C object CMakeFiles/app.dir/mnt/host/source/src/platform/ec/build/zephyr/skyrim/modules/ec/common/usbc/dp_alt_mode.c.obj
[skyrim:rw] [127/419] Building C object CMakeFiles/app.dir/mnt/host/source/src/platform/ec/build/zephyr/skyrim/modules/ec/common/usbc/usb_pe_drp_sm.c.obj
[ptl-ish:singleimage] [216/260] Building C object modules/ec/zephyr/CMakeFiles/ec_shim.dir/shim/src/tasks.c.obj
[skyrim:rw] [128/419] Building C object CMakeFiles/app.dir/mnt/host/source/src/platform/ec/build/zephyr/skyrim/modules/ec/common/usb_pd_console_cmd.c.obj
[padme:rw] [4/360] Generating misc/generated/syscalls.json, misc/generated/struct_tags.json
[ptl-ish:singleimage] [217/260] Building C object modules/ec/zephyr/CMakeFiles/ec_shim.dir/shim/src/usbc_stub.c.obj
[skyrim:rw] [129/419] Building C object CMakeFiles/app.dir/mnt/host/source/src/platform/ec/build/zephyr/skyrim/modules/ec/common/usb_pd_host_cmd.c.obj
[skyrim:rw] [130/419] Building C object CMakeFiles/app.dir/mnt/host/source/src/platform/ec/build/zephyr/skyrim/modules/ec/common/usbc/usb_pd_host.c.obj
[padme:rw] [5/360] Generating include/generated/zephyr/syscall_dispatch.c, include/generated/zephyr/syscall_exports_llext.c, syscall_weakdefs_llext.c, include/generated/zephyr/syscall_list.h
[skyrim:rw] [131/419] Building C object CMakeFiles/app.dir/mnt/host/source/src/platform/ec/build/zephyr/skyrim/modules/ec/common/usbc/svdm_rsp_dfp_only.c.obj
[skyrim:rw] [132/419] Building C object CMakeFiles/app.dir/mnt/host/source/src/platform/ec/build/zephyr/skyrim/modules/ec/zephyr/shim/src/tcpc.c.obj
[skyrim:rw] [133/419] Building C object CMakeFiles/app.dir/mnt/host/source/src/platform/ec/build/zephyr/skyrim/modules/ec/common/usb_pd_host_cmd_common.c.obj
[skyrim:rw] [134/419] Building C object CMakeFiles/app.dir/mnt/host/source/src/platform/ec/build/zephyr/skyrim/modules/ec/common/usbc_ocp.c.obj
[padme:rw] [6/360] Generating include/generated/zephyr/driver-validation.h
[ptl-ish:singleimage] [218/260] Building C object modules/ec/zephyr/CMakeFiles/ec_shim.dir/shim/src/host_command_heci.c.obj
[ptl-ish:singleimage] [219/260] Building C object modules/ec/zephyr/subsys/host_service/CMakeFiles/..__..__..__platform__ec__zephyr__subsys__host_service.dir/zephyr_host_service.c.obj
[ptl-ish:singleimage] [220/260] Linking C static library modules/ec/zephyr/libec_shim.a
[skyrim:rw] [135/419] Building C object CMakeFiles/app.dir/mnt/host/source/src/platform/ec/build/zephyr/skyrim/modules/ec/common/usb_pd_discovery.c.obj
[skyrim:rw] [136/419] Building C object CMakeFiles/app.dir/mnt/host/source/src/platform/ec/build/zephyr/skyrim/modules/ec/common/usb_pd_dual_role.c.obj
[padme:rw] [7/360] Generating include/generated/zephyr/kobj-types-enum.h, include/generated/zephyr/otype-to-str.h, include/generated/zephyr/otype-to-size.h
[padme:rw] [8/360] Generating include/generated/device-api-sections.ld, include/generated/device-api-sections.cmake
[/mnt/host/source/src/platform/ec/build/zephyr/nokris-lcov]   /mnt/host/source/src/platform/ec/build/zephyr/nokris/build-rw/CMakeFiles/app.dir/mnt/host/source/src/platform/ec/build/zephyr/nokris/modules/ec/common/usb_pd_pdo.c.gcno:no functions found
[/mnt/host/source/src/platform/ec/build/zephyr/nokris-lcov] stderr:
[skyrim:rw] [137/419] Building C object CMakeFiles/app.dir/mnt/host/source/src/platform/ec/build/zephyr/skyrim/modules/ec/common/usbc/dp_hpd_gpio.c.obj
[ptl-ish:singleimage] [221/260] Building C object modules/ec/zephyr/subsys/host_service/CMakeFiles/..__..__..__platform__ec__zephyr__subsys__host_service.dir/sys_mng.c.obj
[ptl-ish:singleimage] [222/260] Linking C static library modules/ec/zephyr/subsys/host_service/lib..__..__..__platform__ec__zephyr__subsys__host_service.a
[skyrim:rw] [138/419] Building C object CMakeFiles/app.dir/mnt/host/source/src/platform/ec/build/zephyr/skyrim/modules/ec/driver/tcpm/nct38xx.c.obj
[skyrim:rw] [139/419] Building C object CMakeFiles/app.dir/mnt/host/source/src/platform/ec/build/zephyr/skyrim/modules/ec/common/usbc_ppc.c.obj
[skyrim:rw] [140/419] Building C object CMakeFiles/app.dir/mnt/host/source/src/platform/ec/build/zephyr/skyrim/modules/ec/driver/tcpm/tcpci.c.obj
[skyrim:rw] [141/419] Building C object CMakeFiles/app.dir/mnt/host/source/src/platform/ec/build/zephyr/skyrim/modules/ec/driver/ppc/aoz1380.c.obj
[skyrim:rw] [142/419] Building C object CMakeFiles/app.dir/mnt/host/source/src/platform/ec/build/zephyr/skyrim/modules/ec/driver/ppc/nx20p348x.c.obj
[skyrim:rw] [143/419] Building C object CMakeFiles/app.dir/mnt/host/source/src/platform/ec/build/zephyr/skyrim/modules/ec/common/vboot_hash.c.obj
[skyrim:rw] [144/419] Building C object CMakeFiles/app.dir/mnt/host/source/src/platform/ec/build/zephyr/skyrim/modules/ec/common/button.c.obj
[ptl-ish:singleimage] [223/260] Building C object modules/ec/zephyr/subsys/host_service/heci/CMakeFiles/..__..__..__platform__ec__zephyr__subsys__host_service__heci.dir/heci_core.c.obj
[ptl-ish:singleimage] [224/260] Building C object modules/ec/zephyr/subsys/host_service/heci/CMakeFiles/..__..__..__platform__ec__zephyr__subsys__host_service__heci.dir/heci_intf.c.obj
[padme:rw] [9/360] Building C object zephyr/CMakeFiles/offsets.dir/arch/riscv/core/offsets/offsets.c.obj
[skyrim:rw] [145/419] Building C object CMakeFiles/app.dir/mnt/host/source/src/platform/ec/build/zephyr/skyrim/modules/ec/common/vboot/efs2.c.obj
[skyrim:rw] [146/419] Building C object CMakeFiles/app.dir/mnt/host/source/src/platform/ec/build/zephyr/skyrim/modules/ec/common/math_util.c.obj
[skyrim:rw] [147/419] Building C object CMakeFiles/app.dir/src/common.c.obj
[skyrim:rw] [148/419] Building C object CMakeFiles/app.dir/mnt/host/source/src/platform/ec/build/zephyr/skyrim/modules/ec/common/vstore.c.obj
[padme:rw] [10/360] Generating include/generated/zephyr/offsets.h
[ptl-ish:singleimage] [225/260] Building C object modules/ec/zephyr/subsys/host_service/heci/CMakeFiles/..__..__..__platform__ec__zephyr__subsys__host_service__heci.dir/heci_system_state.c.obj
[ptl-ish:singleimage] [226/260] Building C object modules/ec/zephyr/subsys/host_service/heci/CMakeFiles/..__..__..__platform__ec__zephyr__subsys__host_service__heci.dir/intfs/ipm_intf.c.obj
[ptl-ish:singleimage] [227/260] Linking C static library modules/ec/zephyr/subsys/host_service/heci/lib..__..__..__platform__ec__zephyr__subsys__host_service__heci.a
[skyrim:rw] [149/419] Building C object CMakeFiles/app.dir/src/i2c_policy.c.obj
[skyrim:rw] [150/419] Building C object CMakeFiles/app.dir/src/power_signals.c.obj
[skyrim:rw] [151/419] Building C object CMakeFiles/app.dir/src/usb_pd_policy.c.obj
[ptl-ish:singleimage] [228/260] Building C object zephyr/kernel/CMakeFiles/kernel.dir/main_weak.c.obj
[skyrim:rw] [152/419] Building C object CMakeFiles/app.dir/src/stt.c.obj
[padme:rw] [11/360] Building C object zephyr/CMakeFiles/zephyr.dir/lib/libc/validate_libc.c.obj
[skyrim:rw] [153/419] Building C object CMakeFiles/app.dir/src/usb_mux_config.c.obj
[ptl-ish:singleimage] [229/260] Building C object zephyr/kernel/CMakeFiles/kernel.dir/banner.c.obj
[skyrim:rw] [154/419] Building C object CMakeFiles/app.dir/src/usbc_config.c.obj
[skyrim:rw] [155/419] Building C object CMakeFiles/app.dir/skyrim/src/ppc_config.c.obj
[skyrim:rw] [156/419] Building C object CMakeFiles/app.dir/skyrim/src/usb_mux_config.c.obj
[skyrim:rw] [157/419] Building C object CMakeFiles/app.dir/skyrim/src/form_factor.c.obj
[ptl-ish:singleimage] [230/260] Building C object zephyr/kernel/CMakeFiles/kernel.dir/busy_wait.c.obj
[skyrim:rw] [158/419] Building C object CMakeFiles/app.dir/skyrim/src/fan.c.obj
[skyrim:rw] [159/419] Building C object CMakeFiles/app.dir/skyrim/src/alt_charger.c.obj
[/mnt/host/source/src/platform/ec/build/zephyr/ovis-lcov]   /mnt/host/source/src/platform/ec/build/zephyr/ovis/build-rw/zephyr/CMakeFiles/zephyr.dir/subsys/shell/modules/kernel_service/kernel_shell.c.gcno:no functions found
[/mnt/host/source/src/platform/ec/build/zephyr/ovis-lcov] stderr:
[skyrim:rw] [160/419] Building C object zephyr/CMakeFiles/zephyr.dir/lib/libc/validate_libc.c.obj
[ptl-ish:singleimage] [231/260] Building C object zephyr/kernel/CMakeFiles/kernel.dir/device.c.obj
[skyrim:rw] [161/419] Linking C static library app/libapp.a
[/mnt/host/source/src/platform/ec/build/zephyr/ovis-lcov]   /mnt/host/source/src/platform/ec/build/zephyr/ovis/build-rw/zephyr/CMakeFiles/zephyr.dir/lib/libc/validate_libc.c.gcno:no functions found
[/mnt/host/source/src/platform/ec/build/zephyr/ovis-lcov] stderr:
[ptl-ish:singleimage] [232/260] Building C object zephyr/kernel/CMakeFiles/kernel.dir/errno.c.obj
[skyrim:rw] [162/419] Building C object zephyr/CMakeFiles/zephyr.dir/lib/heap/heap.c.obj
[skyrim:rw] [163/419] Building C object zephyr/CMakeFiles/zephyr.dir/lib/os/clock.c.obj
[skyrim:rw] [164/419] Building C object zephyr/CMakeFiles/zephyr.dir/lib/os/cbprintf_packaged.c.obj
[skyrim:rw] [165/419] Building C object zephyr/CMakeFiles/zephyr.dir/lib/utils/dec.c.obj
[skyrim:rw] [166/419] Building C object zephyr/CMakeFiles/zephyr.dir/lib/os/sem.c.obj
[skyrim:rw] [167/419] Building C object zephyr/CMakeFiles/zephyr.dir/lib/os/printk.c.obj
[skyrim:rw] [168/419] Building C object zephyr/CMakeFiles/zephyr.dir/lib/os/thread_entry.c.obj
[skyrim:rw] [169/419] Building C object zephyr/CMakeFiles/zephyr.dir/lib/utils/hex.c.obj
[padme:rw] [12/360] Building C object zephyr/CMakeFiles/zephyr.dir/lib/heap/heap.c.obj
[skyrim:rw] [170/419] Building C object zephyr/CMakeFiles/zephyr.dir/lib/os/cbprintf_nano.c.obj
[skyrim:rw] [171/419] Building C object zephyr/CMakeFiles/zephyr.dir/lib/os/cbprintf.c.obj
[skyrim:rw] [172/419] Building C object zephyr/CMakeFiles/zephyr.dir/lib/utils/bitmask.c.obj
[skyrim:rw] [173/419] Building C object zephyr/CMakeFiles/zephyr.dir/lib/utils/timeutil.c.obj
[skyrim:rw] [174/419] Building C object zephyr/CMakeFiles/zephyr.dir/lib/utils/last_section_id.c.obj
[ptl-ish:singleimage] [233/260] Building C object zephyr/kernel/CMakeFiles/kernel.dir/init.c.obj
[skyrim:rw] [175/419] Building C object zephyr/CMakeFiles/zephyr.dir/lib/os/assert.c.obj
[ptl-ish:singleimage] [234/260] Building C object zephyr/kernel/CMakeFiles/kernel.dir/fatal.c.obj
[skyrim:rw] [176/419] Building C object zephyr/CMakeFiles/zephyr.dir/misc/generated/configs.c.obj
[skyrim:rw] [177/419] Building C object zephyr/CMakeFiles/zephyr.dir/lib/utils/ring_buffer.c.obj
[skyrim:rw] [178/419] Building C object zephyr/CMakeFiles/zephyr.dir/lib/utils/rb.c.obj
[ptl-ish:singleimage] [235/260] Building C object zephyr/kernel/CMakeFiles/kernel.dir/kheap.c.obj
[skyrim:rw] [179/419] Building C object zephyr/CMakeFiles/zephyr.dir/lib/utils/bitarray.c.obj
[ptl-ish:singleimage] [236/260] Building C object zephyr/kernel/CMakeFiles/kernel.dir/mem_slab.c.obj
[skyrim:rw] [180/419] Building C object zephyr/CMakeFiles/zephyr.dir/lib/utils/getopt/getopt.c.obj
[skyrim:rw] [181/419] Building C object zephyr/CMakeFiles/zephyr.dir/lib/utils/getopt/getopt_common.c.obj
[skyrim:rw] [182/419] Building C object zephyr/CMakeFiles/zephyr.dir/soc/nuvoton/npcx/common/npcxn/registers.c.obj
[skyrim:rw] [183/419] Building C object zephyr/CMakeFiles/zephyr.dir/soc/nuvoton/npcx/common/power.c.obj
[skyrim:rw] [184/419] Building C object zephyr/CMakeFiles/zephyr.dir/soc/nuvoton/npcx/npcx9/soc.c.obj
[padme:rw] [13/360] Building C object zephyr/CMakeFiles/zephyr.dir/lib/os/cbprintf_packaged.c.obj
[skyrim:rw] [185/419] Building C object zephyr/CMakeFiles/zephyr.dir/subsys/logging/log_minimal.c.obj
[ptl-ish:singleimage] [237/260] Building C object zephyr/kernel/CMakeFiles/kernel.dir/float.c.obj
[skyrim:rw] [186/419] Building C object zephyr/CMakeFiles/zephyr.dir/soc/nuvoton/npcx/common/scfg.c.obj
[ptl-ish:singleimage] [238/260] Building C object zephyr/kernel/CMakeFiles/kernel.dir/version.c.obj
[skyrim:rw] [187/419] Building C object zephyr/CMakeFiles/zephyr.dir/subsys/pm/pm.c.obj
[skyrim:rw] [188/419] Building C object zephyr/CMakeFiles/zephyr.dir/subsys/mem_mgmt/mem_attr.c.obj
[/mnt/host/source/src/platform/ec/build/zephyr/ovis-lcov]   /mnt/host/source/src/platform/ec/build/zephyr/ovis/build-rw/zephyr/CMakeFiles/zephyr.dir/lib/utils/last_section_id.c.gcno:no functions found
[/mnt/host/source/src/platform/ec/build/zephyr/ovis-lcov] stderr:
[skyrim:rw] [189/419] Building C object zephyr/CMakeFiles/zephyr.dir/subsys/pm/state.c.obj
[ptl-ish:singleimage] [239/260] Building C object zephyr/kernel/CMakeFiles/kernel.dir/mailbox.c.obj
[ptl-ish:singleimage] [240/260] Building C object zephyr/kernel/CMakeFiles/kernel.dir/idle.c.obj
[skyrim:rw] [190/419] Building C object zephyr/CMakeFiles/zephyr.dir/subsys/pm/policy/policy_events.c.obj
[skyrim:rw] [191/419] Building C object zephyr/CMakeFiles/zephyr.dir/subsys/pm/device.c.obj
[skyrim:rw] [192/419] Building C object zephyr/CMakeFiles/zephyr.dir/subsys/pm/policy/policy_latency.c.obj
[skyrim:rw] [193/419] Building C object zephyr/CMakeFiles/zephyr.dir/subsys/pm/policy/policy_state_lock.c.obj
[skyrim:rw] [194/419] Building C object zephyr/CMakeFiles/zephyr.dir/subsys/testsuite/coverage/coverage.c.obj
[skyrim:rw] [195/419] Building C object zephyr/CMakeFiles/zephyr.dir/subsys/pm/device_system_managed.c.obj
[padme:rw] [14/360] Building C object zephyr/CMakeFiles/zephyr.dir/lib/os/clock.c.obj
[ptl-ish:singleimage] [241/260] Building C object zephyr/kernel/CMakeFiles/kernel.dir/msg_q.c.obj
[skyrim:rw] [196/419] Building C object zephyr/CMakeFiles/zephyr.dir/subsys/shell/modules/kernel_service/kernel_shell.c.obj
[skyrim:rw] [197/419] Building C object zephyr/CMakeFiles/zephyr.dir/subsys/tracing/tracing_none.c.obj
[skyrim:rw] [198/419] Building C object zephyr/CMakeFiles/zephyr.dir/subsys/shell/modules/kernel_service/cycles.c.obj
[skyrim:rw] [199/419] Building C object zephyr/CMakeFiles/zephyr.dir/subsys/shell/modules/kernel_service/sleep.c.obj
[skyrim:rw] [200/419] Building C object zephyr/CMakeFiles/zephyr.dir/subsys/shell/modules/kernel_service/uptime.c.obj
[ptl-ish:singleimage] [242/260] Building C object zephyr/kernel/CMakeFiles/kernel.dir/mutex.c.obj
[ptl-ish:singleimage] [243/260] Building C object zephyr/kernel/CMakeFiles/kernel.dir/queue.c.obj
[skyrim:rw] [201/419] Building C object zephyr/CMakeFiles/zephyr.dir/subsys/shell/modules/kernel_service/version.c.obj
[padme:rw] [15/360] Building C object zephyr/CMakeFiles/zephyr.dir/lib/os/printk.c.obj
[skyrim:rw] [202/419] Building C object zephyr/arch/common/CMakeFiles/arch__common.dir/init.c.obj
[skyrim:rw] [203/419] Building C object zephyr/CMakeFiles/zephyr.dir/subsys/shell/shell_fprintf.c.obj
[ptl-ish:singleimage] [244/260] Building C object zephyr/kernel/CMakeFiles/kernel.dir/sem.c.obj
[skyrim:rw] [204/419] Building C object zephyr/arch/common/CMakeFiles/arch__common.dir/sw_isr_common.c.obj
[skyrim:rw] [205/419] Building C object zephyr/CMakeFiles/zephyr.dir/subsys/shell/shell_utils.c.obj
[skyrim:rw] [206/419] Building C object zephyr/CMakeFiles/zephyr.dir/subsys/shell/shell_history.c.obj
[skyrim:rw] [207/419] Building C object zephyr/CMakeFiles/zephyr.dir/subsys/shell/shell.c.obj
[skyrim:rw] [208/419] Building C object zephyr/CMakeFiles/zephyr.dir/subsys/shell/backends/shell_uart.c.obj
[skyrim:rw] [209/419] Building C object zephyr/CMakeFiles/zephyr.dir/subsys/shell/shell_ops.c.obj
[skyrim:rw] [210/419] Building C object zephyr/CMakeFiles/zephyr.dir/drivers/flash/flash_util.c.obj
[ptl-ish:singleimage] [245/260] Building C object zephyr/kernel/CMakeFiles/kernel.dir/stack.c.obj
[skyrim:rw] [211/419] Building ASM object zephyr/arch/arch/arm/core/cortex_m/CMakeFiles/arch__arm__core__cortex_m.dir/fault_s.S.obj
[skyrim:rw] [212/419] Building ASM object zephyr/arch/arch/arm/core/CMakeFiles/arch__arm__core.dir/nmi_on_reset.S.obj
[skyrim:rw] [213/419] Linking C static library zephyr/libzephyr.a
[skyrim:rw] [214/419] Building C object zephyr/arch/common/CMakeFiles/arch__common.dir/xip.c.obj
[ptl-ish:singleimage] [246/260] Building C object zephyr/kernel/CMakeFiles/kernel.dir/system_work_q.c.obj
[skyrim:rw] [215/419] Building C object zephyr/arch/common/CMakeFiles/isr_tables.dir/isr_tables.c.obj
[skyrim:rw] [216/419] Linking C static library zephyr/arch/common/libisr_tables.a
[padme:rw] [16/360] Building C object zephyr/CMakeFiles/zephyr.dir/lib/os/sem.c.obj
[skyrim:rw] [217/419] Linking C static library zephyr/arch/common/libarch__common.a
[skyrim:rw] [218/419] Building ASM object zephyr/arch/arch/arm/core/cortex_m/CMakeFiles/arch__arm__core__cortex_m.dir/vector_table.S.obj
[skyrim:rw] [219/419] Building C object zephyr/arch/arch/arm/core/CMakeFiles/arch__arm__core.dir/nmi.c.obj
[/mnt/host/source/src/platform/ec/build/zephyr/nokris-lcov]   /mnt/host/source/src/platform/ec/build/zephyr/nokris/build-rw/CMakeFiles/app.dir/mnt/host/source/src/platform/ec/build/zephyr/nokris/modules/ec/common/cbi_config.c.gcno:no functions found
[/mnt/host/source/src/platform/ec/build/zephyr/nokris-lcov] stderr:
[ptl-ish:singleimage] [247/260] Building C object zephyr/kernel/CMakeFiles/kernel.dir/work.c.obj
[skyrim:rw] [220/419] Building C object zephyr/arch/arch/arm/core/CMakeFiles/arch__arm__core.dir/fatal.c.obj
[skyrim:rw] [221/419] Building ASM object zephyr/arch/arch/arm/core/cortex_m/CMakeFiles/arch__arm__core__cortex_m.dir/reset.S.obj
[skyrim:rw] [222/419] Building C object zephyr/arch/arch/arm/core/cortex_m/CMakeFiles/arch__arm__core__cortex_m.dir/fpu.c.obj
[skyrim:rw] [223/419] Building C object zephyr/arch/arch/arm/core/cortex_m/CMakeFiles/arch__arm__core__cortex_m.dir/exc_exit.c.obj
[ptl-ish:singleimage] [248/260] Building C object zephyr/kernel/CMakeFiles/kernel.dir/condvar.c.obj
[skyrim:rw] [224/419] Linking C static library zephyr/arch/arch/arm/core/libarch__arm__core.a
[skyrim:rw] [225/419] Building C object zephyr/arch/arch/arm/core/cortex_m/CMakeFiles/arch__arm__core__cortex_m.dir/fault.c.obj
[skyrim:rw] [226/419] Building C object zephyr/arch/arch/arm/core/cortex_m/CMakeFiles/arch__arm__core__cortex_m.dir/thread_abort.c.obj
[skyrim:rw] [227/419] Building ASM object zephyr/arch/arch/arm/core/cortex_m/CMakeFiles/arch__arm__core__cortex_m.dir/swap_helper.S.obj
[skyrim:rw] [228/419] Building C object zephyr/arch/arch/arm/core/cortex_m/CMakeFiles/arch__arm__core__cortex_m.dir/scb.c.obj
[skyrim:rw] [229/419] Generating ../../../include/generated/libc/minimal/strerror_table.h
[padme:rw] [17/360] Building C object zephyr/CMakeFiles/zephyr.dir/lib/os/thread_entry.c.obj
[skyrim:rw] [230/419] Building C object zephyr/lib/libc/minimal/CMakeFiles/lib__libc__minimal.dir/source/stdlib/atoi.c.obj
[ptl-ish:singleimage] [249/260] Building C object zephyr/kernel/CMakeFiles/kernel.dir/thread.c.obj
[skyrim:rw] [231/419] Building C object zephyr/arch/arch/arm/core/cortex_m/CMakeFiles/arch__arm__core__cortex_m.dir/irq_manage.c.obj
[skyrim:rw] [232/419] Building C object zephyr/lib/libc/minimal/CMakeFiles/lib__libc__minimal.dir/source/stdlib/strtol.c.obj
[skyrim:rw] [233/419] Building C object zephyr/arch/arch/arm/core/cortex_m/CMakeFiles/arch__arm__core__cortex_m.dir/prep_c.c.obj
[skyrim:rw] [234/419] Building C object zephyr/arch/arch/arm/core/cortex_m/CMakeFiles/arch__arm__core__cortex_m.dir/thread.c.obj
[skyrim:rw] [235/419] Building C object zephyr/lib/libc/minimal/CMakeFiles/lib__libc__minimal.dir/source/stdlib/strtoll.c.obj
[skyrim:rw] [236/419] Building C object zephyr/lib/libc/minimal/CMakeFiles/lib__libc__minimal.dir/source/stdlib/strtoul.c.obj
[skyrim:rw] [237/419] Building C object zephyr/arch/arch/arm/core/cortex_m/CMakeFiles/arch__arm__core__cortex_m.dir/cpu_idle.c.obj
[skyrim:rw] [238/419] Building C object zephyr/arch/arch/arm/core/cortex_m/CMakeFiles/arch__arm__core__cortex_m.dir/irq_init.c.obj
[ptl-ish:singleimage] [250/260] Building C object zephyr/kernel/CMakeFiles/kernel.dir/sched.c.obj
[skyrim:rw] [239/419] Building C object zephyr/lib/libc/minimal/CMakeFiles/lib__libc__minimal.dir/source/stdlib/strtoull.c.obj
[skyrim:rw] [240/419] Building C object zephyr/arch/arch/arm/core/cortex_m/CMakeFiles/arch__arm__core__cortex_m.dir/isr_wrapper.c.obj
[skyrim:rw] [241/419] Building C object zephyr/lib/libc/minimal/CMakeFiles/lib__libc__minimal.dir/source/stdlib/bsearch.c.obj
[skyrim:rw] [242/419] Building C object zephyr/arch/arch/arm/core/mpu/CMakeFiles/arch__arm__core__mpu.dir/arm_mpu_regions.c.obj
[skyrim:rw] [243/419] Building C object zephyr/lib/libc/minimal/CMakeFiles/lib__libc__minimal.dir/source/string/strncasecmp.c.obj
[ptl-ish:singleimage] [251/260] Building C object zephyr/kernel/CMakeFiles/kernel.dir/pipe.c.obj
[skyrim:rw] [244/419] Building C object zephyr/arch/arch/arm/core/mpu/CMakeFiles/arch__arm__core__mpu.dir/arm_core_mpu.c.obj
[skyrim:rw] [245/419] Building C object zephyr/lib/libc/minimal/CMakeFiles/lib__libc__minimal.dir/source/string/strstr.c.obj
[skyrim:rw] [246/419] Linking C static library zephyr/arch/arch/arm/core/cortex_m/libarch__arm__core__cortex_m.a
[skyrim:rw] [247/419] Building C object zephyr/arch/arch/arm/core/mpu/CMakeFiles/arch__arm__core__mpu.dir/arm_mpu.c.obj
[skyrim:rw] [248/419] Building C object zephyr/lib/libc/minimal/CMakeFiles/lib__libc__minimal.dir/source/string/strerror.c.obj
[skyrim:rw] [249/419] Building C object zephyr/lib/libc/common/CMakeFiles/lib__libc__common.dir/source/stdlib/abort.c.obj
[skyrim:rw] [250/419] Building C object zephyr/lib/libc/minimal/CMakeFiles/lib__libc__minimal.dir/source/stdlib/qsort.c.obj
[skyrim:rw] [251/419] Building C object zephyr/lib/libc/minimal/CMakeFiles/lib__libc__minimal.dir/source/string/strspn.c.obj
[skyrim:rw] [252/419] Building C object zephyr/lib/libc/minimal/CMakeFiles/lib__libc__minimal.dir/source/string/string.c.obj
[padme:rw] [18/360] Building C object zephyr/CMakeFiles/zephyr.dir/lib/os/cbprintf_nano.c.obj
[skyrim:rw] [253/419] Linking C static library zephyr/arch/arch/arm/core/mpu/libarch__arm__core__mpu.a
[ptl-ish:singleimage] [252/260] Building C object zephyr/kernel/CMakeFiles/kernel.dir/spinlock_validate.c.obj
[skyrim:rw] [254/419] Building C object zephyr/lib/libc/common/CMakeFiles/lib__libc__common.dir/source/time/gmtime_r.c.obj
[skyrim:rw] [255/419] Building C object zephyr/lib/libc/minimal/CMakeFiles/lib__libc__minimal.dir/source/math/sqrtf.c.obj
[skyrim:rw] [256/419] Building C object zephyr/lib/libc/common/CMakeFiles/lib__libc__common.dir/source/time/asctime.c.obj
[skyrim:rw] [257/419] Building C object zephyr/lib/libc/minimal/CMakeFiles/lib__libc__minimal.dir/source/math/sqrt.c.obj
[ptl-ish:singleimage] [253/260] Building C object zephyr/kernel/CMakeFiles/kernel.dir/thread_monitor.c.obj
[skyrim:rw] [258/419] Building C object zephyr/lib/libc/common/CMakeFiles/lib__libc__common.dir/source/time/localtime_r_utc.c.obj
[/mnt/host/source/src/platform/ec/build/zephyr/nokris-lcov]   /mnt/host/source/src/platform/ec/build/zephyr/nokris/build-rw/zephyr/arch/arch/arm/core/mpu/CMakeFiles/arch__arm__core__mpu.dir/arm_mpu_regions.c.gcno:no functions found
[/mnt/host/source/src/platform/ec/build/zephyr/nokris-lcov] stderr:
[skyrim:rw] [259/419] Building C object zephyr/lib/libc/common/CMakeFiles/lib__libc__common.dir/source/time/time.c.obj
[skyrim:rw] [260/419] Building C object zephyr/lib/libc/common/CMakeFiles/lib__libc__common.dir/source/string/strnlen.c.obj
[skyrim:rw] [261/419] Building C object zephyr/lib/libc/common/CMakeFiles/lib__libc__common.dir/source/time/ctime.c.obj
[skyrim:rw] [262/419] Building C object zephyr/lib/posix/c_lib_ext/CMakeFiles/lib__posix__c_lib_ext.dir/fnmatch.c.obj
[skyrim:rw] [263/419] Building C object zephyr/lib/libc/minimal/CMakeFiles/lib__libc__minimal.dir/source/stdlib/exit.c.obj
[skyrim:rw] [264/419] Building C object zephyr/subsys/crc/CMakeFiles/subsys__crc.dir/crc4_sw.c.obj
[skyrim:rw] [265/419] Building C object zephyr/subsys/crc/CMakeFiles/subsys__crc.dir/crc16_sw.c.obj
[skyrim:rw] [266/419] Building C object zephyr/subsys/crc/CMakeFiles/subsys__crc.dir/crc8_sw.c.obj
[skyrim:rw] [267/419] Building C object zephyr/subsys/crc/CMakeFiles/subsys__crc.dir/crc7_sw.c.obj
[padme:rw] [19/360] Building C object zephyr/CMakeFiles/zephyr.dir/lib/os/cbprintf.c.obj
[ptl-ish:singleimage] [254/260] Building C object zephyr/kernel/CMakeFiles/kernel.dir/timeout.c.obj
[skyrim:rw] [268/419] Building C object zephyr/lib/libc/minimal/CMakeFiles/lib__libc__minimal.dir/source/stdout/stdout_console.c.obj
[skyrim:rw] [269/419] Building C object zephyr/subsys/crc/CMakeFiles/subsys__crc.dir/crc32c_sw.c.obj
[skyrim:rw] [270/419] Building C object zephyr/lib/libc/minimal/CMakeFiles/lib__libc__minimal.dir/source/stdout/sprintf.c.obj
[skyrim:rw] [271/419] Building C object zephyr/subsys/crc/CMakeFiles/subsys__crc.dir/crc24_sw.c.obj
[skyrim:rw] [272/419] Building C object zephyr/subsys/crc/CMakeFiles/subsys__crc.dir/crc32_sw.c.obj
[skyrim:rw] [273/419] Building C object zephyr/subsys/crc/CMakeFiles/subsys__crc.dir/crc32k_4_2_sw.c.obj
[skyrim:rw] [274/419] Linking C static library zephyr/subsys/crc/libsubsys__crc.a
[skyrim:rw] [275/419] Building C object zephyr/lib/libc/minimal/CMakeFiles/lib__libc__minimal.dir/source/stdout/fprintf.c.obj
[ptl-ish:singleimage] [255/260] Building C object zephyr/kernel/CMakeFiles/kernel.dir/timer.c.obj
[skyrim:rw] [276/419] Building C object zephyr/lib/libc/minimal/CMakeFiles/lib__libc__minimal.dir/source/time/gmtime.c.obj
[skyrim:rw] [277/419] Building C object zephyr/lib/libc/common/CMakeFiles/lib__libc__common.dir/source/stdlib/malloc.c.obj
[skyrim:rw] [278/419] Linking C static library zephyr/lib/libc/minimal/liblib__libc__minimal.a
[skyrim:rw] [279/419] Linking C static library zephyr/lib/libc/common/liblib__libc__common.a
[skyrim:rw] [280/419] Building C object zephyr/lib/posix/c_lib_ext/CMakeFiles/lib__posix__c_lib_ext.dir/getentropy.c.obj
[skyrim:rw] [281/419] Building C object zephyr/lib/posix/c_lib_ext/CMakeFiles/lib__posix__c_lib_ext.dir/getopt_shim.c.obj
[skyrim:rw] [282/419] Linking C static library zephyr/lib/posix/c_lib_ext/liblib__posix__c_lib_ext.a
[ptl-ish:singleimage] [256/260] Building C object zephyr/kernel/CMakeFiles/kernel.dir/events.c.obj
[ptl-ish:singleimage] [257/260] Building C object zephyr/kernel/CMakeFiles/kernel.dir/poll.c.obj
[padme:rw] [20/360] Building C object zephyr/CMakeFiles/zephyr.dir/lib/os/assert.c.obj
[skyrim:rw] [283/419] Building C object zephyr/drivers/bbram/CMakeFiles/drivers__bbram.dir/bbram_npcx.c.obj
[skyrim:rw] [284/419] Linking C static library zephyr/drivers/bbram/libdrivers__bbram.a
[skyrim:rw] [285/419] Building C object zephyr/drivers/eeprom/CMakeFiles/drivers__eeprom.dir/eeprom_shell.c.obj
[skyrim:rw] [286/419] Building C object zephyr/drivers/console/CMakeFiles/drivers__console.dir/uart_console.c.obj
[skyrim:rw] [287/419] Building C object zephyr/drivers/interrupt_controller/CMakeFiles/drivers__interrupt_controller.dir/intc_miwu.c.obj
[skyrim:rw] [288/419] Building C object zephyr/drivers/clock_control/CMakeFiles/drivers__clock_control.dir/clock_control_npcx.c.obj
[padme:rw] [21/360] Building C object zephyr/CMakeFiles/zephyr.dir/lib/utils/dec.c.obj
[skyrim:rw] [289/419] Linking C static library zephyr/drivers/console/libdrivers__console.a
[skyrim:rw] [290/419] Building C object zephyr/drivers/adc/CMakeFiles/drivers__adc.dir/adc_common.c.obj
[skyrim:rw] [291/419] Building C object zephyr/drivers/adc/CMakeFiles/drivers__adc.dir/adc_npcx.c.obj
[skyrim:rw] [292/419] Linking C static library zephyr/drivers/clock_control/libdrivers__clock_control.a
[skyrim:rw] [293/419] Linking C static library zephyr/drivers/interrupt_controller/libdrivers__interrupt_controller.a
[skyrim:rw] [294/419] Linking C static library zephyr/drivers/adc/libdrivers__adc.a
[ptl-ish:singleimage] [258/260] Building C object zephyr/kernel/CMakeFiles/kernel.dir/mempool.c.obj
[skyrim:rw] [295/419] Building C object zephyr/drivers/eeprom/CMakeFiles/drivers__eeprom.dir/eeprom_at2x.c.obj
[ptl-ish:singleimage] [259/260] Building C object zephyr/kernel/CMakeFiles/kernel.dir/dynamic_disabled.c.obj
[skyrim:rw] [296/419] Linking C static library zephyr/drivers/eeprom/libdrivers__eeprom.a
[skyrim:rw] [297/419] Building C object zephyr/drivers/espi/CMakeFiles/drivers__espi.dir/host_subs_npcx.c.obj
[ptl-ish:singleimage] [260/260] Linking C static library zephyr/kernel/libkernel.a
[padme:rw] [22/360] Building C object zephyr/CMakeFiles/zephyr.dir/lib/utils/hex.c.obj
[skyrim:rw] [298/419] Building C object zephyr/drivers/espi/CMakeFiles/drivers__espi.dir/espi_npcx.c.obj
[skyrim:rw] [299/419] Building C object zephyr/drivers/flash/CMakeFiles/drivers__flash.dir/jesd216.c.obj
[skyrim:rw] [300/419] Linking C static library zephyr/drivers/espi/libdrivers__espi.a
[padme:rw] [23/360] Building C object zephyr/CMakeFiles/zephyr.dir/lib/utils/timeutil.c.obj
[skyrim:rw] [301/419] Building C object zephyr/drivers/flash/CMakeFiles/drivers__flash.dir/flash_npcx_fiu_nor.c.obj
[skyrim:rw] [302/419] Building C object zephyr/drivers/gpio/CMakeFiles/drivers__gpio.dir/gpio_nct38xx.c.obj
[skyrim:rw] [303/419] Building C object zephyr/drivers/flash/CMakeFiles/drivers__flash.dir/flash_npcx_fiu_qspi.c.obj
[padme:rw] [24/360] Building C object zephyr/CMakeFiles/zephyr.dir/lib/utils/rb.c.obj
[padme:rw] [25/360] Building C object zephyr/CMakeFiles/zephyr.dir/lib/utils/bitmask.c.obj
[skyrim:rw] [304/419] Building C object zephyr/drivers/i2c/CMakeFiles/drivers__i2c.dir/i2c_common.c.obj
[skyrim:rw] [305/419] Building C object zephyr/drivers/i2c/CMakeFiles/drivers__i2c.dir/i2c_shell.c.obj
[skyrim:rw] [306/419] Linking C static library zephyr/drivers/flash/libdrivers__flash.a
[skyrim:rw] [307/419] Building C object zephyr/drivers/i2c/CMakeFiles/drivers__i2c.dir/i2c_npcx_controller_fifo.c.obj
[skyrim:rw] [308/419] Building C object zephyr/drivers/gpio/CMakeFiles/drivers__gpio.dir/gpio_nct38xx_port.c.obj
[skyrim:rw] [309/419] Building C object zephyr/drivers/gpio/CMakeFiles/drivers__gpio.dir/gpio_npcx.c.obj
[padme:rw] [26/360] Building C object zephyr/CMakeFiles/zephyr.dir/lib/utils/bitarray.c.obj
[skyrim:rw] [310/419] Linking C static library zephyr/drivers/gpio/libdrivers__gpio.a
[skyrim:rw] [311/419] Building C object zephyr/drivers/i2c/CMakeFiles/drivers__i2c.dir/i2c_npcx_controller.c.obj
[skyrim:rw] [312/419] Building C object zephyr/drivers/i2c/CMakeFiles/drivers__i2c.dir/i2c_npcx_port.c.obj
[skyrim:rw] [313/419] Linking C static library zephyr/drivers/i2c/libdrivers__i2c.a
[skyrim:rw] [314/419] Building C object zephyr/drivers/mfd/CMakeFiles/drivers__mfd.dir/mfd_nct38xx.c.obj
[skyrim:rw] [315/419] Building C object zephyr/drivers/pinctrl/CMakeFiles/drivers__pinctrl.dir/common.c.obj
[skyrim:rw] [316/419] Linking C static library zephyr/drivers/mfd/libdrivers__mfd.a
[skyrim:rw] [317/419] Building C object zephyr/drivers/pinctrl/CMakeFiles/drivers__pinctrl.dir/pinctrl_npcx.c.obj
[padme:rw] [27/360] Building C object zephyr/CMakeFiles/zephyr.dir/lib/utils/ring_buffer.c.obj
[skyrim:rw] [318/419] Linking C static library zephyr/drivers/pinctrl/libdrivers__pinctrl.a
[padme:rw] [28/360] Building C object zephyr/CMakeFiles/zephyr.dir/lib/utils/getopt/getopt.c.obj
[padme:rw] [29/360] Building C object zephyr/CMakeFiles/zephyr.dir/lib/utils/getopt/getopt_common.c.obj
[padme:rw] [30/360] Building C object zephyr/CMakeFiles/zephyr.dir/lib/utils/last_section_id.c.obj
[skyrim:rw] [319/419] Building C object zephyr/drivers/timer/CMakeFiles/drivers__timer.dir/sys_clock_init.c.obj
[skyrim:rw] [320/419] Building C object zephyr/drivers/syscon/CMakeFiles/drivers__syscon.dir/syscon.c.obj
[skyrim:rw] [321/419] Building C object zephyr/drivers/sensor/nuvoton/nuvoton_tach_npcx/CMakeFiles/drivers__sensor__nuvoton__nuvoton_tach_npcx.dir/tach_nuvoton_npcx.c.obj
[skyrim:rw] [322/419] Building C object zephyr/drivers/pwm/CMakeFiles/drivers__pwm.dir/pwm_npcx.c.obj
[skyrim:rw] [323/419] Linking C static library zephyr/drivers/syscon/libdrivers__syscon.a
[skyrim:rw] [324/419] Linking C static library zephyr/drivers/pwm/libdrivers__pwm.a
[skyrim:rw] [325/419] Linking C static library zephyr/drivers/sensor/nuvoton/nuvoton_tach_npcx/libdrivers__sensor__nuvoton__nuvoton_tach_npcx.a
[padme:rw] [31/360] Building ASM object zephyr/CMakeFiles/zephyr.dir/soc/ite/ec/common/soc_irq.S.obj
[padme:rw] [32/360] Building C object zephyr/CMakeFiles/zephyr.dir/misc/generated/configs.c.obj
[skyrim:rw] [326/419] Building C object zephyr/drivers/timer/CMakeFiles/drivers__timer.dir/npcx_itim_timer.c.obj
[skyrim:rw] [327/419] Building C object zephyr/drivers/watchdog/CMakeFiles/drivers__watchdog.dir/wdt_shell.c.obj
[skyrim:rw] [328/419] Building C object zephyr/drivers/serial/CMakeFiles/drivers__serial.dir/uart_npcx.c.obj
[skyrim:rw] [329/419] Building C object zephyr/drivers/watchdog/CMakeFiles/drivers__watchdog.dir/wdt_npcx.c.obj
[skyrim:rw] [330/419] Linking C static library zephyr/drivers/timer/libdrivers__timer.a
[skyrim:rw] [331/419] Linking C static library zephyr/drivers/serial/libdrivers__serial.a
[skyrim:rw] [332/419] Linking C static library zephyr/drivers/watchdog/libdrivers__watchdog.a
[padme:rw] [33/360] Building C object zephyr/CMakeFiles/zephyr.dir/soc/ite/ec/common/soc_common_irq.c.obj
[skyrim:rw] [333/419] Building C object modules/ec/zephyr/CMakeFiles/ec_shim.dir/app/ec/main_shim.c.obj
[skyrim:rw] [334/419] Building C object modules/ec/zephyr/CMakeFiles/ec_shim.dir/app/ec/ec_app_main.c.obj
[padme:rw] [34/360] Building C object zephyr/CMakeFiles/zephyr.dir/soc/ite/ec/common/policy.c.obj
[skyrim:rw] [335/419] Building C object modules/ec/zephyr/CMakeFiles/ec_shim.dir/drivers/cros_flash/cros_flash_npcx.c.obj
[padme:rw] [35/360] Building C object zephyr/CMakeFiles/zephyr.dir/soc/ite/ec/common/power.c.obj
[/mnt/host/source/src/platform/ec/build/zephyr/nokris-lcov]   /mnt/host/source/src/platform/ec/build/zephyr/nokris/build-rw/zephyr/arch/common/CMakeFiles/isr_tables.dir/isr_tables.c.gcno:no functions found
[/mnt/host/source/src/platform/ec/build/zephyr/nokris-lcov] stderr:
[skyrim:rw] [336/419] Building C object modules/ec/zephyr/CMakeFiles/ec_shim.dir/drivers/cros_kblight/pwm_kblight.c.obj
[skyrim:rw] [337/419] Building C object modules/ec/zephyr/CMakeFiles/ec_shim.dir/drivers/cros_kb_raw/cros_kb_raw_npcx.c.obj
[skyrim:rw] [338/419] Building C object modules/ec/zephyr/CMakeFiles/ec_shim.dir/drivers/vivaldi_kbd/vivaldi_kbd.c.obj
[padme:rw] [36/360] Building C object zephyr/CMakeFiles/zephyr.dir/soc/ite/ec/it8xxx2/soc.c.obj
[/mnt/host/source/src/platform/ec/build/zephyr/nokris-lcov]   /mnt/host/source/src/platform/ec/build/zephyr/nokris/build-rw/zephyr/CMakeFiles/zephyr.dir/lib/libc/validate_libc.c.gcno:no functions found
[/mnt/host/source/src/platform/ec/build/zephyr/nokris-lcov] stderr:
[padme:rw] [37/360] Building ASM object zephyr/CMakeFiles/zephyr.dir/soc/ite/ec/it8xxx2/vector.S.obj
[skyrim:rw] [339/419] Building C object modules/ec/zephyr/CMakeFiles/ec_shim.dir/shim/chip/npcx/clock.c.obj
[skyrim:rw] [340/419] Building C object modules/ec/zephyr/CMakeFiles/ec_shim.dir/shim/chip/npcx/keyboard_raw.c.obj
[skyrim:rw] [341/419] Building C object modules/ec/zephyr/CMakeFiles/ec_shim.dir/drivers/cros_system/cros_system_npcx.c.obj
[skyrim:rw] [342/419] Building C object modules/ec/zephyr/CMakeFiles/ec_shim.dir/shim/chip/npcx/gpio.c.obj
[padme:rw] [38/360] Building C object zephyr/CMakeFiles/zephyr.dir/soc/ite/ec/it8xxx2/check_regs.c.obj
[skyrim:rw] [343/419] Building C object modules/ec/zephyr/CMakeFiles/ec_shim.dir/shim/chip/npcx/rom_chip.c.obj
[skyrim:rw] [344/419] Building C object modules/ec/zephyr/CMakeFiles/ec_shim.dir/shim/src/crc.c.obj
[skyrim:rw] [345/419] Building C object modules/ec/zephyr/CMakeFiles/ec_shim.dir/shim/chip/npcx/system.c.obj
[skyrim:rw] [346/419] Building C object modules/ec/zephyr/CMakeFiles/ec_shim.dir/shim/chip/npcx/system_external_storage.c.obj
[skyrim:rw] [347/419] Building C object modules/ec/zephyr/CMakeFiles/ec_shim.dir/shim/chip/npcx/power_policy.c.obj
[skyrim:rw] [348/419] Building C object modules/ec/zephyr/CMakeFiles/ec_shim.dir/shim/core/cortex-m/panic.c.obj
[padme:rw] [39/360] Building C object zephyr/CMakeFiles/zephyr.dir/soc/ite/ec/it8xxx2/ilm.c.obj
[skyrim:rw] [349/419] Building C object modules/ec/zephyr/CMakeFiles/ec_shim.dir/shim/core/cortex-m/mpu.c.obj
[/mnt/host/source/src/platform/ec/build/zephyr/ovis-lcov]   /mnt/host/source/src/platform/ec/build/zephyr/ovis/build-rw/zephyr/CMakeFiles/zephyr.dir/soc/nuvoton/npcx/common/npcxn/registers.c.gcno:no functions found
[/mnt/host/source/src/platform/ec/build/zephyr/ovis-lcov] stderr:
[padme:rw] [40/360] Building C object zephyr/CMakeFiles/zephyr.dir/subsys/logging/log_minimal.c.obj
[skyrim:rw] [350/419] Building C object modules/ec/zephyr/CMakeFiles/ec_shim.dir/shim/src/console.c.obj
[padme:rw] [41/360] Building C object zephyr/CMakeFiles/zephyr.dir/subsys/pm/pm.c.obj
[skyrim:rw] [351/419] Building C object modules/ec/zephyr/CMakeFiles/ec_shim.dir/shim/src/panic_utils.c.obj
[skyrim:rw] [352/419] Building ASM object modules/ec/zephyr/CMakeFiles/ec_shim.dir/shim/src/libgcc_arm.S.obj
[skyrim:rw] [353/419] Building C object modules/ec/zephyr/CMakeFiles/ec_shim.dir/shim/src/gpio_int.c.obj
[skyrim:rw] [354/419] Building C object modules/ec/zephyr/CMakeFiles/ec_shim.dir/shim/src/gpio.c.obj
[skyrim:rw] [355/419] Building C object modules/ec/zephyr/CMakeFiles/ec_shim.dir/shim/src/pm_state.c.obj
[skyrim:rw] [356/419] Building C object modules/ec/zephyr/CMakeFiles/ec_shim.dir/shim/src/cbi/cros_cbi.c.obj
[skyrim:rw] [357/419] Building C object modules/ec/zephyr/CMakeFiles/ec_shim.dir/shim/src/cbi/cros_cbi_fw_config.c.obj
[padme:rw] [42/360] Building C object zephyr/CMakeFiles/zephyr.dir/subsys/pm/state.c.obj
[/mnt/host/source/src/platform/ec/build/zephyr/nokris-lcov]   /mnt/host/source/src/platform/ec/build/zephyr/nokris/build-rw/zephyr/CMakeFiles/zephyr.dir/lib/utils/last_section_id.c.gcno:no functions found
[/mnt/host/source/src/platform/ec/build/zephyr/nokris-lcov] stderr:
[skyrim:rw] [358/419] Building C object modules/ec/zephyr/CMakeFiles/ec_shim.dir/shim/src/cbi/cbi_eeprom.c.obj
[padme:rw] [43/360] Building C object zephyr/CMakeFiles/zephyr.dir/subsys/pm/policy/policy_events.c.obj
[skyrim:rw] [359/419] Building C object modules/ec/zephyr/CMakeFiles/ec_shim.dir/shim/src/led_driver/led_pwm.c.obj
[padme:rw] [44/360] Building C object zephyr/CMakeFiles/zephyr.dir/subsys/pm/policy/policy_latency.c.obj
[skyrim:rw] [360/419] Building C object modules/ec/zephyr/CMakeFiles/ec_shim.dir/shim/src/led_driver/led.c.obj
[skyrim:rw] [361/419] Building C object modules/ec/zephyr/CMakeFiles/ec_shim.dir/shim/src/system.c.obj
[padme:rw] [45/360] Building C object zephyr/CMakeFiles/zephyr.dir/subsys/pm/policy/policy_state_lock.c.obj
[skyrim:rw] [362/419] Building C object modules/ec/zephyr/CMakeFiles/ec_shim.dir/shim/src/charger.c.obj
[skyrim:rw] [363/419] Building C object modules/ec/zephyr/CMakeFiles/ec_shim.dir/shim/src/battery.c.obj
[skyrim:rw] [364/419] Building C object modules/ec/zephyr/CMakeFiles/ec_shim.dir/shim/src/adc.c.obj
[skyrim:rw] [365/419] Building C object modules/ec/zephyr/CMakeFiles/ec_shim.dir/shim/src/flash.c.obj
[padme:rw] [46/360] Building C object zephyr/CMakeFiles/zephyr.dir/subsys/pm/device.c.obj
[skyrim:rw] [366/419] Building C object modules/ec/zephyr/CMakeFiles/ec_shim.dir/shim/src/espi.c.obj
[skyrim:rw] [367/419] Building C object modules/ec/zephyr/CMakeFiles/ec_shim.dir/shim/src/hooks.c.obj
[padme:rw] [47/360] Building C object zephyr/CMakeFiles/zephyr.dir/subsys/pm/device_system_managed.c.obj
[skyrim:rw] [368/419] Building C object modules/ec/zephyr/CMakeFiles/ec_shim.dir/shim/src/fan.c.obj
[skyrim:rw] [369/419] Building C object modules/ec/zephyr/CMakeFiles/ec_shim.dir/shim/src/host_command.c.obj
[padme:rw] [48/360] Building C object zephyr/CMakeFiles/zephyr.dir/subsys/testsuite/coverage/coverage.c.obj
[skyrim:rw] [370/419] Building C object modules/ec/zephyr/CMakeFiles/ec_shim.dir/shim/src/console_buffer.c.obj
[skyrim:rw] [371/419] Building C object modules/ec/zephyr/CMakeFiles/ec_shim.dir/shim/src/keyboard_raw.c.obj
[skyrim:rw] [372/419] Building C object modules/ec/zephyr/CMakeFiles/ec_shim.dir/shim/src/mkbp_event.c.obj
[padme:rw] [49/360] Building C object zephyr/CMakeFiles/zephyr.dir/subsys/tracing/tracing_none.c.obj
[skyrim:rw] [373/419] Building C object modules/ec/zephyr/CMakeFiles/ec_shim.dir/shim/src/panic.c.obj
[skyrim:rw] [374/419] Building C object modules/ec/zephyr/CMakeFiles/ec_shim.dir/shim/src/motionsense_sensors.c.obj
[padme:rw] [50/360] Building C object zephyr/CMakeFiles/zephyr.dir/subsys/shell/modules/kernel_service/kernel_shell.c.obj
[skyrim:rw] [375/419] Building C object modules/ec/zephyr/CMakeFiles/ec_shim.dir/shim/src/pwm_hc.c.obj
[skyrim:rw] [376/419] Building C object modules/ec/zephyr/CMakeFiles/ec_shim.dir/shim/src/hwtimer.c.obj
[skyrim:rw] [377/419] Building C object modules/ec/zephyr/CMakeFiles/ec_shim.dir/shim/src/thermal.c.obj
[padme:rw] [51/360] Building C object zephyr/CMakeFiles/zephyr.dir/subsys/shell/modules/kernel_service/cycles.c.obj
[skyrim:rw] [378/419] Building C object modules/ec/zephyr/CMakeFiles/ec_shim.dir/shim/src/temp_sensors.c.obj
[skyrim:rw] [379/419] Building C object modules/ec/zephyr/CMakeFiles/ec_shim.dir/shim/src/i2c.c.obj
[skyrim:rw] [380/419] Building C object modules/ec/zephyr/CMakeFiles/ec_shim.dir/shim/src/tasks.c.obj
[skyrim:rw] [381/419] Building C object modules/ec/zephyr/CMakeFiles/ec_shim.dir/shim/src/bc12.c.obj
[padme:rw] [52/360] Building C object zephyr/CMakeFiles/zephyr.dir/subsys/shell/modules/kernel_service/sleep.c.obj
[skyrim:rw] [382/419] Building C object modules/ec/zephyr/CMakeFiles/ec_shim.dir/shim/src/bc12_pi3usb9201.c.obj
[skyrim:rw] [383/419] Building C object modules/ec/zephyr/CMakeFiles/ec_shim.dir/shim/src/watchdog.c.obj
[padme:rw] [53/360] Building C object zephyr/CMakeFiles/zephyr.dir/subsys/shell/modules/kernel_service/uptime.c.obj
[skyrim:rw] [384/419] Building C object modules/ec/zephyr/CMakeFiles/ec_shim.dir/shim/src/tcpc_nct38xx.c.obj
[padme:rw] [54/360] Building C object zephyr/CMakeFiles/zephyr.dir/subsys/shell/modules/kernel_service/version.c.obj
[skyrim:rw] [385/419] Building C object modules/ec/zephyr/CMakeFiles/ec_shim.dir/shim/src/ppc.c.obj
[skyrim:rw] [386/419] Building C object modules/ec/zephyr/CMakeFiles/ec_shim.dir/shim/src/usba.c.obj
[skyrim:rw] [387/419] Building C object zephyr/kernel/CMakeFiles/kernel.dir/banner.c.obj
[skyrim:rw] [388/419] Building C object zephyr/kernel/CMakeFiles/kernel.dir/busy_wait.c.obj
[skyrim:rw] [389/419] Building C object zephyr/kernel/CMakeFiles/kernel.dir/main_weak.c.obj
[skyrim:rw] [390/419] Building C object zephyr/kernel/CMakeFiles/kernel.dir/version.c.obj
[skyrim:rw] [391/419] Building C object modules/ec/zephyr/CMakeFiles/ec_shim.dir/shim/src/usb_muxes.c.obj
[skyrim:rw] [392/419] Building C object zephyr/kernel/CMakeFiles/kernel.dir/device.c.obj
[skyrim:rw] [393/419] Linking C static library modules/ec/zephyr/libec_shim.a
[skyrim:rw] [394/419] Building C object zephyr/kernel/CMakeFiles/kernel.dir/errno.c.obj
[padme:rw] [55/360] Building C object zephyr/CMakeFiles/zephyr.dir/subsys/shell/modules/kernel_service/thread/thread.c.obj
[skyrim:rw] [395/419] Building C object zephyr/kernel/CMakeFiles/kernel.dir/fatal.c.obj
[padme:rw] [56/360] Building C object zephyr/CMakeFiles/zephyr.dir/subsys/shell/modules/kernel_service/thread/list.c.obj
[skyrim:rw] [396/419] Building C object zephyr/kernel/CMakeFiles/kernel.dir/init.c.obj
[skyrim:rw] [397/419] Building C object zephyr/kernel/CMakeFiles/kernel.dir/kheap.c.obj
[padme:rw] [57/360] Building C object zephyr/CMakeFiles/zephyr.dir/subsys/shell/modules/kernel_service/thread/stacks.c.obj
[skyrim:rw] [398/419] Building C object zephyr/kernel/CMakeFiles/kernel.dir/float.c.obj
[skyrim:rw] [399/419] Building C object zephyr/kernel/CMakeFiles/kernel.dir/idle.c.obj
[skyrim:rw] [400/419] Building C object zephyr/kernel/CMakeFiles/kernel.dir/mem_slab.c.obj
[skyrim:rw] [401/419] Building C object zephyr/kernel/CMakeFiles/kernel.dir/mailbox.c.obj
[skyrim:rw] [402/419] Building C object zephyr/kernel/CMakeFiles/kernel.dir/msg_q.c.obj
[skyrim:rw] [403/419] Building C object zephyr/kernel/CMakeFiles/kernel.dir/mutex.c.obj
[skyrim:rw] [404/419] Building C object zephyr/kernel/CMakeFiles/kernel.dir/queue.c.obj
[skyrim:rw] [405/419] Building C object zephyr/kernel/CMakeFiles/kernel.dir/sem.c.obj
[padme:rw] [58/360] Building C object zephyr/CMakeFiles/zephyr.dir/subsys/shell/modules/kernel_service/thread/unwind.c.obj
[skyrim:rw] [406/419] Building C object zephyr/kernel/CMakeFiles/kernel.dir/stack.c.obj
[padme:rw] [59/360] Building C object zephyr/CMakeFiles/zephyr.dir/subsys/shell/modules/kernel_service/thread/suspend.c.obj
[skyrim:rw] [407/419] Building C object zephyr/kernel/CMakeFiles/kernel.dir/system_work_q.c.obj
[padme:rw] [60/360] Building C object zephyr/CMakeFiles/zephyr.dir/subsys/shell/modules/kernel_service/thread/resume.c.obj
[skyrim:rw] [408/419] Building C object zephyr/kernel/CMakeFiles/kernel.dir/work.c.obj
[skyrim:rw] [409/419] Building C object zephyr/kernel/CMakeFiles/kernel.dir/condvar.c.obj
Running (initial) lcov on /mnt/host/source/src/platform/ec/build/zephyr/ptl-ish.
[skyrim:rw] [410/419] Building C object zephyr/kernel/CMakeFiles/kernel.dir/timeout.c.obj
Running (initial) lcov on /mnt/host/source/src/platform/ec/build/zephyr/ocelotrvp-mchp.
[skyrim:rw] [411/419] Building C object zephyr/kernel/CMakeFiles/kernel.dir/pipe.c.obj
[skyrim:rw] [412/419] Building C object zephyr/kernel/CMakeFiles/kernel.dir/thread.c.obj
[skyrim:rw] [413/419] Building C object zephyr/kernel/CMakeFiles/kernel.dir/sched.c.obj
[skyrim:rw] [414/419] Building C object zephyr/kernel/CMakeFiles/kernel.dir/timer.c.obj
[padme:rw] [61/360] Building C object zephyr/CMakeFiles/zephyr.dir/subsys/shell/modules/kernel_service/thread/kill.c.obj
[skyrim:rw] [415/419] Building C object zephyr/kernel/CMakeFiles/kernel.dir/events.c.obj
[skyrim:rw] [416/419] Building C object zephyr/kernel/CMakeFiles/kernel.dir/dynamic_disabled.c.obj
[padme:ro] Building: /usr/bin/ninja -C /mnt/host/source/src/platform/ec/build/zephyr/padme/build-ro all.libraries
Running `env -i SHELL=/bin/bash COLORTERM=truecolor DEPOT_TOOLS_UPDATE=0 LESS='-R -M --shift 5' SUDO_GID=0 JDK_HOME=/etc/java-config-2/current-system-vm CONFIG_PROTECT_MASK='/etc/gentoo-release /etc/sandbox.d /etc/fonts/fonts.conf /etc/terminfo /etc/ca-certificates.conf /etc/revdep-rebuild' CHROMEOS_CACHEDIR=/var/cache/chromeos-cache JAVA_HOME=/etc/java-config-2/current-system-vm SSH_AUTH_SOCK=/tmp/ssh-auth-sock SUDO_COMMAND=/bin/bash SUDO_USER=root SUDO_TTY=/dev/pts/2 EDITOR=/usr/bin/vi PWD=/mnt/host/source/src/platform/ec CONFIG_PROTECT=/usr/share/gnupg/qualified.txt LOGNAME=jpmurphy MANPATH=/etc/java-config-2/current-system-vm/man:/usr/local/share/man:/usr/share/man:/usr/share/gcc-data/x86_64-pc-linux-gnu/10.2.0/man:/usr/share/binutils-data/x86_64-pc-linux-gnu/2.45/man:/etc/java-config-2/current-system-vm/man/ SUDO_HOME=/root XAUTHORITY=/run/user/944457/gdm/Xauthority HOME=/home/jpmurphy LANG=C.UTF-8 LS_COLORS='rs=0:di=01;34:ln=01;36:mh=00:pi=40;33:so=01;35:do=01;35:bd=40;33;01:cd=40;33;01:or=01;05;37;41:mi=01;05;37;41:su=37;41:sg=30;43:ca=30;41:tw=30;42:ow=34;42:st=37;44:ex=01;32:*.tar=01;31:*.tgz=01;31:*.arc=01;31:*.arj=01;31:*.taz=01;31:*.lha=01;31:*.lz4=01;31:*.lzh=01;31:*.lzma=01;31:*.tlz=01;31:*.txz=01;31:*.tzo=01;31:*.t7z=01;31:*.zip=01;31:*.z=01;31:*.dz=01;31:*.gz=01;31:*.lrz=01;31:*.lz=01;31:*.lzo=01;31:*.xz=01;31:*.zst=01;31:*.tzst=01;31:*.bz2=01;31:*.bz=01;31:*.tbz=01;31:*.tbz2=01;31:*.tz=01;31:*.deb=01;31:*.rpm=01;31:*.jar=01;31:*.war=01;31:*.ear=01;31:*.sar=01;31:*.rar=01;31:*.alz=01;31:*.ace=01;31:*.zoo=01;31:*.cpio=01;31:*.7z=01;31:*.rz=01;31:*.cab=01;31:*.wim=01;31:*.swm=01;31:*.dwm=01;31:*.esd=01;31:*.jpg=01;35:*.jpeg=01;35:*.mjpg=01;35:*.mjpeg=01;35:*.gif=01;35:*.bmp=01;35:*.pbm=01;35:*.pgm=01;35:*.ppm=01;35:*.tga=01;35:*.xbm=01;35:*.xpm=01;35:*.tif=01;35:*.tiff=01;35:*.png=01;35:*.svg=01;35:*.svgz=01;35:*.mng=01;35:*.pcx=01;35:*.mov=01;35:*.mpg=01;35:*.mpeg=01;35:*.m2v=01;35:*.mkv=01;35:*.webm=01;35:*.webp=01;35:*.ogm=01;35:*.mp4=01;35:*.m4v=01;35:*.mp4v=01;35:*.vob=01;35:*.qt=01;35:*.nuv=01;35:*.wmv=01;35:*.asf=01;35:*.rm=01;35:*.rmvb=01;35:*.flc=01;35:*.avi=01;35:*.fli=01;35:*.flv=01;35:*.gl=01;35:*.dl=01;35:*.xcf=01;35:*.xwd=01;35:*.yuv=01;35:*.cgm=01;35:*.emf=01;35:*.ogv=01;35:*.ogx=01;35:*.cfg=00;32:*.conf=00;32:*.diff=00;32:*.doc=00;32:*.ini=00;32:*.log=00;32:*.patch=00;32:*.pdf=00;32:*.ps=00;32:*.tex=00;32:*.txt=00;32:*.aac=00;36:*.au=00;36:*.flac=00;36:*.m4a=00;36:*.mid=00;36:*.midi=00;36:*.mka=00;36:*.mp3=00;36:*.mpc=00;36:*.ogg=00;36:*.ra=00;36:*.wav=00;36:*.oga=00;36:*.opus=00;36:*.spx=00;36:*.xspf=00;36:' XDG_CURRENT_DESKTOP=GNOME INFOPATH=/usr/share/info:/usr/share/gcc-data/x86_64-pc-linux-gnu/10.2.0/info:/usr/share/binutils-data/x86_64-pc-linux-gnu/2.45/info:/usr/share/automake-1.16.5/info JAVAC=/etc/java-config-2/current-system-vm/bin/javac TERM=xterm-256color LESSOPEN='|lesspipe %s' USER=jpmurphy CROS_WORKON_SRCROOT=/mnt/host/source MANPAGER=manpager DISPLAY=:1 SHLVL=1 LC_MESSAGES=C EXTERNAL_TRUNK_PATH=/mnt/8f9d649a-3721-44cc-93c0-e6bd21a9689f/chromiumos GCC_SPECS='' PATH=/mnt/host/source/chromite/bin:/usr/local/bin:/usr/bin:/bin:/opt/bin:/mnt/host/source/chromite/sdk/bin:/mnt/host/source/chromite/bin PORTAGE_USERNAME=jpmurphy SUDO_UID=0 GCC_VER=10.2.0 MAIL=/var/mail/jpmurphy OLDPWD=/mnt/host/source/src/scripts traceparent=00-e87aca51550a78635907baa6a2476181-6d684811675d2973-01 _=./zephyr/firmware_builder.py COREBOOT_SDK_ROOT_x86=/home/jpmurphy/.cache/coreboot-sdk/i386-elf/dfbb0486385d938cfa9d73080b9d18d598ed4f49 COREBOOT_SDK_ROOT_picolibc_x86=/home/jpmurphy/.cache/coreboot-sdk/picolibc-i386-elf/eb8e8e687b95461de8cbf278f1c2076952d0ad17 COREBOOT_SDK_ROOT_riscv64=/home/jpmurphy/.cache/coreboot-sdk/riscv64-elf/96b949749225b6aaa92ed810ab769e8dfb12f000 COREBOOT_SDK_ROOT_picolibc_arm=/home/jpmurphy/.cache/coreboot-sdk/picolibc-arm-eabi/422a2aa3e1ef891b5bece9a3deb696ff83840d2e COREBOOT_SDK_ROOT_nds32=/home/jpmurphy/.cache/coreboot-sdk/nds32le-elf/d1a518c4a097666d86058e1444f85ca015d15511 COREBOOT_SDK_ROOT_picolibc_riscv64=/home/jpmurphy/.cache/coreboot-sdk/picolibc-riscv64-elf/f571e990ef0278564b31124f8bb109d9a697eb69 COREBOOT_SDK_ROOT_arm=/home/jpmurphy/.cache/coreboot-sdk/arm-eabi/ea40ddd1d190c3b48435c474c0b545719371813a COREBOOT_SDK_ROOT_libstdcxx_riscv64=/home/jpmurphy/.cache/coreboot-sdk/libstdcxx-riscv64-elf/17abf22a3a252e2d5d2062ced5324f7a623689e0 COREBOOT_SDK_ROOT_libstdcxx_arm=/home/jpmurphy/.cache/coreboot-sdk/libstdcxx-arm-eabi/5d7d82e150e44aa1968f1d366e267e6687b328ac COREBOOT_SDK_ROOT_riscv=/home/jpmurphy/.cache/coreboot-sdk/riscv-elf/9a27b9e82341c6e9126624f516ab3f261abb3e73 COREBOOT_SDK_ROOT_libstdcxx_x86=/home/jpmurphy/.cache/coreboot-sdk/libstdcxx-i386-elf/42ef9d2e87a76a37963175d7d428734e65648b87 PYTHONPATH=/mnt/host/source/src/platform/ec/zephyr/zmake PW_PIGWEED_CIPD_INSTALL_DIR=/usr CROSTC_USER_ACKNOWLEDGES_THAT_RISCV_IS_EXPERIMENTAL=1 MAKEFLAGS=' -j16 --jobserver-auth=5,6' /usr/bin/ninja -C /mnt/host/source/src/platform/ec/build/zephyr/padme/build-ro all.libraries`
[padme:ro] ninja: Entering directory `/mnt/host/source/src/platform/ec/build/zephyr/padme/build-ro'
[skyrim:rw] [417/419] Building C object zephyr/kernel/CMakeFiles/kernel.dir/mempool.c.obj
Running `env -i PYTHONPATH=/usr/lib64/python-exec/python3.11:/mnt/host/source/src/platform/ec/zephyr/zmake:/usr/lib/python311.zip:/usr/lib/python3.11:/usr/lib/python3.11/lib-dynload:/usr/lib/python3.11/site-packages PW_PIGWEED_CIPD_INSTALL_DIR=/usr CROSTC_USER_ACKNOWLEDGES_THAT_RISCV_IS_EXPERIMENTAL=1 PATH=/mnt/host/source/chromite/bin:/usr/local/bin:/usr/bin:/bin:/opt/bin:/mnt/host/source/chromite/sdk/bin:/mnt/host/source/chromite/bin HOME=/home/jpmurphy JAVA_HOME=/etc/java-config-2/current-system-vm JDK_HOME=/etc/java-config-2/current-system-vm JAVAC=/etc/java-config-2/current-system-vm/bin/javac MAKEFLAGS=' -j16 --jobserver-auth=5,6' /usr/bin/lcov --gcov-tool /mnt/host/source/src/platform/ec/build/zephyr/ptl-ish/build-singleimage/gcov.sh -q -o - -c -d /mnt/host/source/src/platform/ec/build/zephyr/ptl-ish -t ptl-ish --rc branch_coverage=1 --filter range --ignore-errors inconsistent,source --ignore-errors gcov,gcov -i`
Running `env -i PYTHONPATH=/usr/lib64/python-exec/python3.11:/mnt/host/source/src/platform/ec/zephyr/zmake:/usr/lib/python311.zip:/usr/lib/python3.11:/usr/lib/python3.11/lib-dynload:/usr/lib/python3.11/site-packages PW_PIGWEED_CIPD_INSTALL_DIR=/usr CROSTC_USER_ACKNOWLEDGES_THAT_RISCV_IS_EXPERIMENTAL=1 PATH=/mnt/host/source/chromite/bin:/usr/local/bin:/usr/bin:/bin:/opt/bin:/mnt/host/source/chromite/sdk/bin:/mnt/host/source/chromite/bin HOME=/home/jpmurphy JAVA_HOME=/etc/java-config-2/current-system-vm JDK_HOME=/etc/java-config-2/current-system-vm JAVAC=/etc/java-config-2/current-system-vm/bin/javac MAKEFLAGS=' -j16 --jobserver-auth=5,6' /usr/bin/lcov --gcov-tool /mnt/host/source/src/platform/ec/build/zephyr/ocelotrvp-mchp/build-rw/gcov.sh -q -o - -c -d /mnt/host/source/src/platform/ec/build/zephyr/ocelotrvp-mchp -t ocelotrvp-mchp --rc branch_coverage=1 --filter range --ignore-errors inconsistent,source --ignore-errors gcov,gcov -i`
[padme:rw] [62/360] Building C object zephyr/CMakeFiles/zephyr.dir/subsys/shell/shell_fprintf.c.obj
[padme:rw] [63/360] Building C object zephyr/CMakeFiles/zephyr.dir/subsys/shell/backends/shell_uart.c.obj
[skyrim:rw] [418/419] Building C object zephyr/kernel/CMakeFiles/kernel.dir/poll.c.obj
[skyrim:rw] [419/419] Linking C static library zephyr/kernel/libkernel.a
[padme:ro] [1/360] Preparing syscall dependency handling
[padme:ro] [2/360] Generating misc/generated/syscalls_subdirs.trigger
[padme:rw] [64/360] Building C object zephyr/CMakeFiles/zephyr.dir/subsys/shell/shell.c.obj
[padme:rw] [65/360] Building C object zephyr/CMakeFiles/zephyr.dir/subsys/shell/shell_utils.c.obj
[padme:rw] [66/360] Building C object zephyr/CMakeFiles/zephyr.dir/subsys/shell/shell_history.c.obj
[padme:rw] [67/360] Building C object zephyr/arch/common/CMakeFiles/arch__common.dir/dynamic_isr.c.obj
[padme:rw] [68/360] Building C object zephyr/arch/common/CMakeFiles/arch__common.dir/sw_isr_common.c.obj
[padme:rw] [69/360] Building C object zephyr/CMakeFiles/zephyr.dir/subsys/shell/shell_ops.c.obj
[padme:rw] [70/360] Building C object zephyr/CMakeFiles/zephyr.dir/drivers/flash/flash_util.c.obj
[padme:ro] [3/360] Generating include/generated/zephyr/version.h
[padme:ro] -- git describe warned: warning: tag 'upstream/v2.7.99' is externally known as 'v2.7.99'
[padme:rw] [71/360] Building C object zephyr/arch/common/CMakeFiles/arch__common.dir/init.c.obj
[padme:rw] [72/360] Building C object zephyr/CMakeFiles/zephyr.dir/subsys/shell/shell_help.c.obj
[/mnt/host/source/src/platform/ec/build/zephyr/ptl-ish-lcov] geninfo: WARNING: (format) invalid characters removed from testname
[/mnt/host/source/src/platform/ec/build/zephyr/ocelotrvp-mchp-lcov] geninfo: WARNING: (format) invalid characters removed from testname
[/mnt/host/source/src/platform/ec/build/zephyr/ovis-lcov]   /mnt/host/source/src/platform/ec/build/zephyr/ovis/build-rw/zephyr/drivers/sensor/CMakeFiles/drivers__sensor.dir/mnt/host/source/src/third_party/zephyr/main/misc/empty_file.c.gcno:no functions found
[/mnt/host/source/src/platform/ec/build/zephyr/ovis-lcov] Filter suppressions 'region':
[padme:rw] [73/360] Building C object zephyr/arch/common/CMakeFiles/arch__common.dir/xip.c.obj
[padme:ro] -- Zephyr version: 4.3.99 (/mnt/host/source/src/third_party/zephyr/main)
[padme:ro] [4/360] cd /mnt/host/source/src/platform/ec/build/zephyr/padme/build-ro/modules/ec/zephyr && PYTHONPATH=/mnt/host/source/src/platform/ec/build/zephyr/padme/modules/ec/zephyr/zmake/ /usr/bin/python3.11 /mnt/host/source/src/platform/ec/build/zephyr/padme/modules/ec/zephyr/zmake/zephyr_build_tools/generate_ec_version.py /mnt/host/source/src/platform/ec/build/zephyr/padme/build-ro/modules/ec/zephyr/include/ec_version.h --name Zephyr-Kernel --version 16543.0.0 --static
[padme:ro] INFO:root:Using a static version string
[padme:rw] [74/360] Linking C static library zephyr/libzephyr.a
[/mnt/host/source/src/platform/ec/build/zephyr/ovis-lcov]     27 instances
[/mnt/host/source/src/platform/ec/build/zephyr/ovis-lcov]     16 coverpoints
[/mnt/host/source/src/platform/ec/build/zephyr/ovis-lcov] Message summary:
[/mnt/host/source/src/platform/ec/build/zephyr/ovis-lcov]   27 ignore messages:
[/mnt/host/source/src/platform/ec/build/zephyr/ovis-lcov]     gcov: 27
[brox-ish-ec:rw] Building: /usr/bin/ninja -C /mnt/host/source/src/platform/ec/build/zephyr/brox-ish-ec/build-rw all.libraries
Running `env -i SHELL=/bin/bash COLORTERM=truecolor DEPOT_TOOLS_UPDATE=0 LESS='-R -M --shift 5' SUDO_GID=0 JDK_HOME=/etc/java-config-2/current-system-vm CONFIG_PROTECT_MASK='/etc/gentoo-release /etc/sandbox.d /etc/fonts/fonts.conf /etc/terminfo /etc/ca-certificates.conf /etc/revdep-rebuild' CHROMEOS_CACHEDIR=/var/cache/chromeos-cache JAVA_HOME=/etc/java-config-2/current-system-vm SSH_AUTH_SOCK=/tmp/ssh-auth-sock SUDO_COMMAND=/bin/bash SUDO_USER=root SUDO_TTY=/dev/pts/2 EDITOR=/usr/bin/vi PWD=/mnt/host/source/src/platform/ec CONFIG_PROTECT=/usr/share/gnupg/qualified.txt LOGNAME=jpmurphy MANPATH=/etc/java-config-2/current-system-vm/man:/usr/local/share/man:/usr/share/man:/usr/share/gcc-data/x86_64-pc-linux-gnu/10.2.0/man:/usr/share/binutils-data/x86_64-pc-linux-gnu/2.45/man:/etc/java-config-2/current-system-vm/man/ SUDO_HOME=/root XAUTHORITY=/run/user/944457/gdm/Xauthority HOME=/home/jpmurphy LANG=C.UTF-8 LS_COLORS='rs=0:di=01;34:ln=01;36:mh=00:pi=40;33:so=01;35:do=01;35:bd=40;33;01:cd=40;33;01:or=01;05;37;41:mi=01;05;37;41:su=37;41:sg=30;43:ca=30;41:tw=30;42:ow=34;42:st=37;44:ex=01;32:*.tar=01;31:*.tgz=01;31:*.arc=01;31:*.arj=01;31:*.taz=01;31:*.lha=01;31:*.lz4=01;31:*.lzh=01;31:*.lzma=01;31:*.tlz=01;31:*.txz=01;31:*.tzo=01;31:*.t7z=01;31:*.zip=01;31:*.z=01;31:*.dz=01;31:*.gz=01;31:*.lrz=01;31:*.lz=01;31:*.lzo=01;31:*.xz=01;31:*.zst=01;31:*.tzst=01;31:*.bz2=01;31:*.bz=01;31:*.tbz=01;31:*.tbz2=01;31:*.tz=01;31:*.deb=01;31:*.rpm=01;31:*.jar=01;31:*.war=01;31:*.ear=01;31:*.sar=01;31:*.rar=01;31:*.alz=01;31:*.ace=01;31:*.zoo=01;31:*.cpio=01;31:*.7z=01;31:*.rz=01;31:*.cab=01;31:*.wim=01;31:*.swm=01;31:*.dwm=01;31:*.esd=01;31:*.jpg=01;35:*.jpeg=01;35:*.mjpg=01;35:*.mjpeg=01;35:*.gif=01;35:*.bmp=01;35:*.pbm=01;35:*.pgm=01;35:*.ppm=01;35:*.tga=01;35:*.xbm=01;35:*.xpm=01;35:*.tif=01;35:*.tiff=01;35:*.png=01;35:*.svg=01;35:*.svgz=01;35:*.mng=01;35:*.pcx=01;35:*.mov=01;35:*.mpg=01;35:*.mpeg=01;35:*.m2v=01;35:*.mkv=01;35:*.webm=01;35:*.webp=01;35:*.ogm=01;35:*.mp4=01;35:*.m4v=01;35:*.mp4v=01;35:*.vob=01;35:*.qt=01;35:*.nuv=01;35:*.wmv=01;35:*.asf=01;35:*.rm=01;35:*.rmvb=01;35:*.flc=01;35:*.avi=01;35:*.fli=01;35:*.flv=01;35:*.gl=01;35:*.dl=01;35:*.xcf=01;35:*.xwd=01;35:*.yuv=01;35:*.cgm=01;35:*.emf=01;35:*.ogv=01;35:*.ogx=01;35:*.cfg=00;32:*.conf=00;32:*.diff=00;32:*.doc=00;32:*.ini=00;32:*.log=00;32:*.patch=00;32:*.pdf=00;32:*.ps=00;32:*.tex=00;32:*.txt=00;32:*.aac=00;36:*.au=00;36:*.flac=00;36:*.m4a=00;36:*.mid=00;36:*.midi=00;36:*.mka=00;36:*.mp3=00;36:*.mpc=00;36:*.ogg=00;36:*.ra=00;36:*.wav=00;36:*.oga=00;36:*.opus=00;36:*.spx=00;36:*.xspf=00;36:' XDG_CURRENT_DESKTOP=GNOME INFOPATH=/usr/share/info:/usr/share/gcc-data/x86_64-pc-linux-gnu/10.2.0/info:/usr/share/binutils-data/x86_64-pc-linux-gnu/2.45/info:/usr/share/automake-1.16.5/info JAVAC=/etc/java-config-2/current-system-vm/bin/javac TERM=xterm-256color LESSOPEN='|lesspipe %s' USER=jpmurphy CROS_WORKON_SRCROOT=/mnt/host/source MANPAGER=manpager DISPLAY=:1 SHLVL=1 LC_MESSAGES=C EXTERNAL_TRUNK_PATH=/mnt/8f9d649a-3721-44cc-93c0-e6bd21a9689f/chromiumos GCC_SPECS='' PATH=/mnt/host/source/chromite/bin:/usr/local/bin:/usr/bin:/bin:/opt/bin:/mnt/host/source/chromite/sdk/bin:/mnt/host/source/chromite/bin PORTAGE_USERNAME=jpmurphy SUDO_UID=0 GCC_VER=10.2.0 MAIL=/var/mail/jpmurphy OLDPWD=/mnt/host/source/src/scripts traceparent=00-e87aca51550a78635907baa6a2476181-6d684811675d2973-01 _=./zephyr/firmware_builder.py COREBOOT_SDK_ROOT_x86=/home/jpmurphy/.cache/coreboot-sdk/i386-elf/dfbb0486385d938cfa9d73080b9d18d598ed4f49 COREBOOT_SDK_ROOT_picolibc_x86=/home/jpmurphy/.cache/coreboot-sdk/picolibc-i386-elf/eb8e8e687b95461de8cbf278f1c2076952d0ad17 COREBOOT_SDK_ROOT_riscv64=/home/jpmurphy/.cache/coreboot-sdk/riscv64-elf/96b949749225b6aaa92ed810ab769e8dfb12f000 COREBOOT_SDK_ROOT_picolibc_arm=/home/jpmurphy/.cache/coreboot-sdk/picolibc-arm-eabi/422a2aa3e1ef891b5bece9a3deb696ff83840d2e COREBOOT_SDK_ROOT_nds32=/home/jpmurphy/.cache/coreboot-sdk/nds32le-elf/d1a518c4a097666d86058e1444f85ca015d15511 COREBOOT_SDK_ROOT_picolibc_riscv64=/home/jpmurphy/.cache/coreboot-sdk/picolibc-riscv64-elf/f571e990ef0278564b31124f8bb109d9a697eb69 COREBOOT_SDK_ROOT_arm=/home/jpmurphy/.cache/coreboot-sdk/arm-eabi/ea40ddd1d190c3b48435c474c0b545719371813a COREBOOT_SDK_ROOT_libstdcxx_riscv64=/home/jpmurphy/.cache/coreboot-sdk/libstdcxx-riscv64-elf/17abf22a3a252e2d5d2062ced5324f7a623689e0 COREBOOT_SDK_ROOT_libstdcxx_arm=/home/jpmurphy/.cache/coreboot-sdk/libstdcxx-arm-eabi/5d7d82e150e44aa1968f1d366e267e6687b328ac COREBOOT_SDK_ROOT_riscv=/home/jpmurphy/.cache/coreboot-sdk/riscv-elf/9a27b9e82341c6e9126624f516ab3f261abb3e73 COREBOOT_SDK_ROOT_libstdcxx_x86=/home/jpmurphy/.cache/coreboot-sdk/libstdcxx-i386-elf/42ef9d2e87a76a37963175d7d428734e65648b87 PYTHONPATH=/mnt/host/source/src/platform/ec/zephyr/zmake PW_PIGWEED_CIPD_INSTALL_DIR=/usr CROSTC_USER_ACKNOWLEDGES_THAT_RISCV_IS_EXPERIMENTAL=1 MAKEFLAGS=' -j16 --jobserver-auth=5,6' /usr/bin/ninja -C /mnt/host/source/src/platform/ec/build/zephyr/brox-ish-ec/build-rw all.libraries`
[brox-ish-ec:rw] ninja: Entering directory `/mnt/host/source/src/platform/ec/build/zephyr/brox-ish-ec/build-rw'
[padme:rw] [75/360] Building C object zephyr/arch/arch/riscv/core/CMakeFiles/arch__riscv__core.dir/prep_c.c.obj
[/mnt/host/source/src/platform/ec/build/zephyr/ptl-ish-lcov] 	(use "geninfo --ignore-errors format,format ..." to suppress this warning)
[/mnt/host/source/src/platform/ec/build/zephyr/ptl-ish-lcov] geninfo: WARNING: using JSON module "JSON::PP" - which is much slower than some alternatives.  Consider installing one of JSON::XS or Cpanel::JSON::XS
[/mnt/host/source/src/platform/ec/build/zephyr/ocelotrvp-mchp-lcov] 	(use "geninfo --ignore-errors format,format ..." to suppress this warning)
[/mnt/host/source/src/platform/ec/build/zephyr/ocelotrvp-mchp-lcov] geninfo: WARNING: using JSON module "JSON::PP" - which is much slower than some alternatives.  Consider installing one of JSON::XS or Cpanel::JSON::XS
[padme:rw] [76/360] Building C object zephyr/arch/common/CMakeFiles/isr_tables.dir/isr_tables.c.obj
[padme:ro] INFO:root:Version string: Zephyr-Kernel-16543.0.0
[padme:ro] INFO:root:Writing header to /mnt/host/source/src/platform/ec/build/zephyr/padme/build-ro/modules/ec/zephyr/include/ec_version.h
[padme:ro] [5/360] Generating misc/generated/syscalls.json, misc/generated/struct_tags.json
[padme:rw] [77/360] Linking C static library zephyr/arch/common/libisr_tables.a
[padme:rw] [78/360] Generating ../../../include/generated/libc/minimal/strerror_table.h
[padme:rw] [79/360] Building C object zephyr/arch/arch/riscv/core/CMakeFiles/arch__riscv__core.dir/cpu_idle.c.obj
[padme:rw] [80/360] Linking C static library zephyr/arch/common/libarch__common.a
[padme:rw] [81/360] Building C object zephyr/arch/arch/riscv/core/CMakeFiles/arch__riscv__core.dir/reboot.c.obj
[padme:ro] [6/360] Generating include/generated/zephyr/syscall_dispatch.c, include/generated/zephyr/syscall_exports_llext.c, syscall_weakdefs_llext.c, include/generated/zephyr/syscall_list.h
[padme:rw] [82/360] Building ASM object zephyr/arch/arch/riscv/core/CMakeFiles/arch__riscv__core.dir/reset.S.obj
[padme:rw] [83/360] Building ASM object zephyr/arch/arch/riscv/core/CMakeFiles/arch__riscv__core.dir/switch.S.obj
[padme:rw] [84/360] Building C object zephyr/lib/libc/minimal/CMakeFiles/lib__libc__minimal.dir/source/stdlib/atoi.c.obj
[padme:rw] [85/360] Building C object zephyr/arch/arch/riscv/core/CMakeFiles/arch__riscv__core.dir/irq_manage.c.obj
[padme:rw] [86/360] Building C object zephyr/arch/arch/riscv/core/CMakeFiles/arch__riscv__core.dir/fatal.c.obj
[padme:rw] [87/360] Building C object zephyr/lib/libc/minimal/CMakeFiles/lib__libc__minimal.dir/source/stdlib/strtoll.c.obj
[padme:rw] [88/360] Building C object zephyr/lib/libc/minimal/CMakeFiles/lib__libc__minimal.dir/source/stdlib/strtol.c.obj
[padme:rw] [89/360] Building C object zephyr/lib/libc/minimal/CMakeFiles/lib__libc__minimal.dir/source/stdlib/strtoul.c.obj
[padme:rw] [90/360] Building C object zephyr/lib/libc/minimal/CMakeFiles/lib__libc__minimal.dir/source/stdlib/bsearch.c.obj
[padme:ro] [7/360] Generating include/generated/zephyr/driver-validation.h
[padme:rw] [91/360] Building C object zephyr/lib/libc/minimal/CMakeFiles/lib__libc__minimal.dir/source/stdlib/strtoull.c.obj
[brox-ish-ec:rw] [1/378] Generating include/generated/zephyr/version.h
[brox-ish-ec:rw] -- git describe warned: warning: tag 'upstream/v2.7.99' is externally known as 'v2.7.99'
[brox-ish-ec:rw] -- Zephyr version: 4.3.99 (/mnt/host/source/src/third_party/zephyr/main)
[brox-ish-ec:rw] [2/378] Preparing syscall dependency handling
[padme:rw] [92/360] Building C object zephyr/arch/arch/riscv/core/CMakeFiles/arch__riscv__core.dir/thread.c.obj
[padme:rw] [93/360] Building ASM object zephyr/arch/arch/riscv/core/CMakeFiles/arch__riscv__core.dir/isr.S.obj
[padme:rw] [94/360] Building C object zephyr/lib/libc/minimal/CMakeFiles/lib__libc__minimal.dir/source/string/strncasecmp.c.obj
[padme:rw] [95/360] Building C object zephyr/arch/arch/riscv/core/CMakeFiles/arch__riscv__core.dir/stacktrace.c.obj
[padme:rw] [96/360] Building C object zephyr/lib/libc/minimal/CMakeFiles/lib__libc__minimal.dir/source/string/strspn.c.obj
[padme:rw] [97/360] Building C object zephyr/lib/libc/minimal/CMakeFiles/lib__libc__minimal.dir/source/string/string.c.obj
[padme:rw] [98/360] Building C object zephyr/lib/libc/minimal/CMakeFiles/lib__libc__minimal.dir/source/string/strstr.c.obj
[brox-ish-ec:rw] [3/378] Generating misc/generated/syscalls_subdirs.trigger
[padme:rw] [99/360] Building C object zephyr/lib/libc/minimal/CMakeFiles/lib__libc__minimal.dir/source/stdlib/qsort.c.obj
[padme:rw] [100/360] Building C object zephyr/lib/libc/minimal/CMakeFiles/lib__libc__minimal.dir/source/string/strerror.c.obj
[padme:rw] [101/360] Linking C static library zephyr/arch/arch/riscv/core/libarch__riscv__core.a
[padme:ro] [8/360] Generating include/generated/zephyr/kobj-types-enum.h, include/generated/zephyr/otype-to-str.h, include/generated/zephyr/otype-to-size.h
[padme:ro] [9/360] Generating include/generated/device-api-sections.ld, include/generated/device-api-sections.cmake
[padme:rw] [102/360] Building C object zephyr/lib/libc/minimal/CMakeFiles/lib__libc__minimal.dir/source/math/sqrtf.c.obj
[/mnt/host/source/src/platform/ec/build/zephyr/ocelotrvp-mchp-lcov] stderr:
[padme:rw] [103/360] Building C object zephyr/lib/libc/common/CMakeFiles/lib__libc__common.dir/source/time/gmtime_r.c.obj
[padme:rw] [104/360] Building C object zephyr/lib/libc/minimal/CMakeFiles/lib__libc__minimal.dir/source/math/sqrt.c.obj
[padme:rw] [105/360] Building C object zephyr/lib/libc/common/CMakeFiles/lib__libc__common.dir/source/time/localtime_r_utc.c.obj
[padme:rw] [106/360] Building C object zephyr/lib/libc/common/CMakeFiles/lib__libc__common.dir/source/time/asctime.c.obj
[padme:rw] [107/360] Building C object zephyr/lib/libc/common/CMakeFiles/lib__libc__common.dir/source/string/strnlen.c.obj
[padme:rw] [108/360] Building C object zephyr/lib/libc/minimal/CMakeFiles/lib__libc__minimal.dir/source/stdlib/exit.c.obj
[padme:rw] [109/360] Building C object zephyr/lib/libc/minimal/CMakeFiles/lib__libc__minimal.dir/source/stdout/fprintf.c.obj
[padme:rw] [110/360] Building C object zephyr/lib/libc/common/CMakeFiles/lib__libc__common.dir/source/time/time.c.obj
[padme:rw] [111/360] Building C object zephyr/lib/libc/common/CMakeFiles/lib__libc__common.dir/source/time/ctime.c.obj
[/mnt/host/source/src/platform/ec/build/zephyr/ocelotrvp-mchp-lcov]   /mnt/host/source/src/platform/ec/build/zephyr/ocelotrvp-mchp/build-ro/modules/ec/zephyr/CMakeFiles/ec_shim.dir/shim/src/thermal.c.gcno:no functions found
[/mnt/host/source/src/platform/ec/build/zephyr/ocelotrvp-mchp-lcov] stderr:
[padme:rw] [112/360] Building C object zephyr/lib/libc/minimal/CMakeFiles/lib__libc__minimal.dir/source/stdout/sprintf.c.obj
[padme:rw] [113/360] Building C object zephyr/lib/libc/common/CMakeFiles/lib__libc__common.dir/source/stdlib/abort.c.obj
[padme:rw] [114/360] Building C object zephyr/lib/libc/minimal/CMakeFiles/lib__libc__minimal.dir/source/stdout/stdout_console.c.obj
[padme:rw] [115/360] Building C object zephyr/lib/libc/minimal/CMakeFiles/lib__libc__minimal.dir/source/time/gmtime.c.obj
[padme:rw] [116/360] Building C object zephyr/lib/posix/c_lib_ext/CMakeFiles/lib__posix__c_lib_ext.dir/fnmatch.c.obj
[padme:rw] [117/360] Building C object zephyr/subsys/crc/CMakeFiles/subsys__crc.dir/crc8_sw.c.obj
[padme:rw] [118/360] Linking C static library zephyr/lib/libc/minimal/liblib__libc__minimal.a
[padme:rw] [119/360] Building C object zephyr/subsys/crc/CMakeFiles/subsys__crc.dir/crc4_sw.c.obj
[padme:rw] [120/360] Building C object zephyr/subsys/crc/CMakeFiles/subsys__crc.dir/crc16_sw.c.obj
[padme:ro] [10/360] Building C object zephyr/CMakeFiles/offsets.dir/arch/riscv/core/offsets/offsets.c.obj
[padme:rw] [121/360] Building C object zephyr/subsys/crc/CMakeFiles/subsys__crc.dir/crc7_sw.c.obj
[padme:rw] [122/360] Building C object zephyr/lib/libc/common/CMakeFiles/lib__libc__common.dir/source/stdlib/malloc.c.obj
[brox-ish-ec:rw] [4/378] Generating misc/generated/syscalls.json, misc/generated/struct_tags.json
[padme:rw] [123/360] Building C object zephyr/subsys/crc/CMakeFiles/subsys__crc.dir/crc24_sw.c.obj
[padme:rw] [124/360] Linking C static library zephyr/lib/libc/common/liblib__libc__common.a
[padme:rw] [125/360] Building C object zephyr/subsys/crc/CMakeFiles/subsys__crc.dir/crc32c_sw.c.obj
[/mnt/host/source/src/platform/ec/build/zephyr/ocelotrvp-mchp-lcov]   /mnt/host/source/src/platform/ec/build/zephyr/ocelotrvp-mchp/build-ro/modules/ec/zephyr/CMakeFiles/ec_shim.dir/shim/src/battery.c.gcno:no functions found
[/mnt/host/source/src/platform/ec/build/zephyr/ocelotrvp-mchp-lcov] stderr:
[padme:ro] [11/360] Generating include/generated/zephyr/offsets.h
[brox-ish-ec:rw] [5/378] Generating include/generated/zephyr/syscall_dispatch.c, include/generated/zephyr/syscall_exports_llext.c, syscall_weakdefs_llext.c, include/generated/zephyr/syscall_list.h
[padme:rw] [126/360] Building C object zephyr/subsys/crc/CMakeFiles/subsys__crc.dir/crc32k_4_2_sw.c.obj
[padme:rw] [127/360] Building C object zephyr/subsys/crc/CMakeFiles/subsys__crc.dir/crc32_sw.c.obj
[padme:rw] [128/360] Building C object zephyr/lib/posix/c_lib_ext/CMakeFiles/lib__posix__c_lib_ext.dir/getentropy.c.obj
[padme:rw] [129/360] Linking C static library zephyr/subsys/crc/libsubsys__crc.a
[brox-ish-ec:rw] [6/378] Generating include/generated/zephyr/driver-validation.h
[padme:rw] [130/360] Building C object zephyr/lib/posix/c_lib_ext/CMakeFiles/lib__posix__c_lib_ext.dir/getopt_shim.c.obj
[padme:rw] [131/360] Linking C static library zephyr/lib/posix/c_lib_ext/liblib__posix__c_lib_ext.a
[padme:rw] [132/360] Building C object zephyr/subsys/mgmt/ec_host_cmd/CMakeFiles/subsys__mgmt__ec_host_cmd.dir/ec_host_cmd_handler.c.obj
[padme:rw] [133/360] Building C object zephyr/lib/smf/CMakeFiles/lib__smf.dir/smf.c.obj
[padme:rw] [134/360] Linking C static library zephyr/subsys/mgmt/ec_host_cmd/libsubsys__mgmt__ec_host_cmd.a
[padme:rw] [135/360] Linking C static library zephyr/lib/smf/liblib__smf.a
[brox-ish-ec:rw] [7/378] Generating include/generated/zephyr/kobj-types-enum.h, include/generated/zephyr/otype-to-str.h, include/generated/zephyr/otype-to-size.h
[brox-ish-ec:rw] [8/378] Generating include/generated/device-api-sections.ld, include/generated/device-api-sections.cmake
[padme:rw] [136/360] Building C object zephyr/subsys/mgmt/ec_host_cmd/backends/CMakeFiles/subsys__mgmt__ec_host_cmd__backends.dir/ec_host_cmd_backend_shi_ite.c.obj
[padme:rw] [137/360] Linking C static library zephyr/subsys/mgmt/ec_host_cmd/backends/libsubsys__mgmt__ec_host_cmd__backends.a
[padme:rw] [138/360] Building C object zephyr/drivers/adc/CMakeFiles/drivers__adc.dir/adc_common.c.obj
[padme:rw] [139/360] Building C object zephyr/drivers/interrupt_controller/CMakeFiles/drivers__interrupt_controller.dir/wuc_ite_it8xxx2.c.obj
[padme:rw] [140/360] Building C object zephyr/drivers/interrupt_controller/CMakeFiles/drivers__interrupt_controller.dir/intc_ite_it8xxx2_v2.c.obj
[padme:rw] [141/360] Building C object zephyr/drivers/bbram/CMakeFiles/drivers__bbram.dir/bbram_it8xxx2.c.obj
[padme:rw] [142/360] Building C object zephyr/drivers/console/CMakeFiles/drivers__console.dir/uart_console.c.obj
[padme:rw] [143/360] Linking C static library zephyr/drivers/bbram/libdrivers__bbram.a
[padme:rw] [144/360] Linking C static library zephyr/drivers/interrupt_controller/libdrivers__interrupt_controller.a
[padme:ro] [12/360] Building C object CMakeFiles/app.dir/mnt/host/source/src/platform/ec/zephyr/subsys/ap_pwrseq/ap_events.c.obj
[padme:rw] [145/360] Linking C static library zephyr/drivers/console/libdrivers__console.a
[padme:rw] [146/360] Building C object zephyr/drivers/adc/CMakeFiles/drivers__adc.dir/adc_ite_it8xxx2.c.obj
[/mnt/host/source/src/platform/ec/build/zephyr/nokris-lcov]   /mnt/host/source/src/platform/ec/build/zephyr/nokris/build-rw/zephyr/CMakeFiles/zephyr.dir/soc/nuvoton/npcx/common/npcxn/registers.c.gcno:no functions found
[/mnt/host/source/src/platform/ec/build/zephyr/nokris-lcov] stderr:
[padme:rw] [147/360] Linking C static library zephyr/drivers/adc/libdrivers__adc.a
[padme:rw] [148/360] Building C object zephyr/drivers/crypto/CMakeFiles/drivers__crypto.dir/crypto_it8xxx2_sha_v2.c.obj
[padme:rw] [149/360] Building C object zephyr/drivers/flash/CMakeFiles/drivers__flash.dir/flash_ite_it8xxx2.c.obj
[padme:rw] [150/360] Linking C static library zephyr/drivers/crypto/libdrivers__crypto.a
[brox-ish-ec:rw] [9/378] Building C object zephyr/CMakeFiles/offsets.dir/arch/riscv/core/offsets/offsets.c.obj
[padme:rw] [151/360] Linking C static library zephyr/drivers/flash/libdrivers__flash.a
[padme:rw] [152/360] Building C object zephyr/drivers/i2c/CMakeFiles/drivers__i2c.dir/i2c_common.c.obj
[brox-ish-ec:rw] [10/378] Generating include/generated/zephyr/offsets.h
[padme:rw] [153/360] Building C object zephyr/drivers/syscon/CMakeFiles/drivers__syscon.dir/mnt/host/source/src/third_party/zephyr/main/misc/empty_file.c.obj
[padme:rw] [154/360] Building C object zephyr/drivers/i2c/CMakeFiles/drivers__i2c.dir/i2c_bitbang.c.obj
[padme:rw] [155/360] Linking C static library zephyr/drivers/syscon/libdrivers__syscon.a
[padme:rw] [156/360] Building C object zephyr/drivers/pinctrl/CMakeFiles/drivers__pinctrl.dir/common.c.obj
[padme:rw] [157/360] Building C object zephyr/drivers/i2c/CMakeFiles/drivers__i2c.dir/i2c_shell.c.obj
[padme:rw] [158/360] Building C object zephyr/drivers/pwm/CMakeFiles/drivers__pwm.dir/pwm_shell.c.obj
[padme:rw] [159/360] Building C object zephyr/drivers/pwm/CMakeFiles/drivers__pwm.dir/pwm_ite_it8xxx2.c.obj
[padme:rw] [160/360] Linking C static library zephyr/drivers/pwm/libdrivers__pwm.a
[padme:rw] [161/360] Building C object zephyr/drivers/pinctrl/CMakeFiles/drivers__pinctrl.dir/pinctrl_ite_it8xxx2.c.obj
[brox-ish-ec:rw] [11/378] Building C object zephyr/CMakeFiles/zephyr.dir/lib/libc/validate_libc.c.obj
[padme:rw] [162/360] Building C object zephyr/drivers/i2c/CMakeFiles/drivers__i2c.dir/i2c_ite_enhance.c.obj
[padme:rw] [163/360] Building C object zephyr/drivers/serial/CMakeFiles/drivers__serial.dir/uart_ite_it8xxx2.c.obj
[padme:rw] [164/360] Linking C static library zephyr/drivers/pinctrl/libdrivers__pinctrl.a
[padme:rw] [165/360] Building C object zephyr/drivers/timer/CMakeFiles/drivers__timer.dir/sys_clock_init.c.obj
[padme:ro] [13/360] Building C object CMakeFiles/app.dir/mnt/host/source/src/platform/ec/zephyr/subsys/pd_controller/pdc_pmc_debug.c.obj
[padme:rw] [166/360] Building C object zephyr/drivers/gpio/CMakeFiles/drivers__gpio.dir/gpio_ite_it8xxx2_v2.c.obj
[padme:rw] [167/360] Linking C static library zephyr/drivers/i2c/libdrivers__i2c.a
[padme:rw] [168/360] Linking C static library zephyr/drivers/gpio/libdrivers__gpio.a
[padme:rw] [169/360] Building C object zephyr/drivers/watchdog/CMakeFiles/drivers__watchdog.dir/wdt_ite_it8xxx2.c.obj
[padme:rw] [170/360] Building C object zephyr/drivers/serial/CMakeFiles/drivers__serial.dir/uart_ns16550.c.obj
[padme:rw] [171/360] Linking C static library zephyr/drivers/serial/libdrivers__serial.a
[padme:rw] [172/360] Building C object zephyr/drivers/watchdog/CMakeFiles/drivers__watchdog.dir/wdt_shell.c.obj
[padme:rw] [173/360] Building C object zephyr/drivers/timer/CMakeFiles/drivers__timer.dir/ite_it8xxx2_timer.c.obj
[padme:rw] [174/360] Linking C static library zephyr/drivers/watchdog/libdrivers__watchdog.a
[padme:rw] [175/360] Linking C static library zephyr/drivers/timer/libdrivers__timer.a
[padme:rw] [176/360] Building C object modules/ec/zephyr/CMakeFiles/ec_shim.dir/app/ec/main_shim.c.obj
[brox-ish-ec:rw] [12/378] Building C object zephyr/CMakeFiles/zephyr.dir/lib/heap/heap.c.obj
[padme:rw] [177/360] Building C object modules/ec/zephyr/CMakeFiles/ec_shim.dir/app/ec/ec_app_main.c.obj
[padme:rw] [178/360] Building C object modules/ec/zephyr/CMakeFiles/ec_shim.dir/drivers/cros_kb_raw/cros_kb_raw_ite.c.obj
[padme:rw] [179/360] Building C object modules/ec/zephyr/CMakeFiles/ec_shim.dir/drivers/usbc/ucsi_v3.c.obj
[padme:rw] [180/360] Building C object modules/ec/zephyr/CMakeFiles/ec_shim.dir/drivers/cros_system/cros_system_it8xxx2.c.obj
[padme:rw] [181/360] Building C object modules/ec/zephyr/CMakeFiles/ec_shim.dir/drivers/cros_flash/cros_flash_it8xxx2.c.obj
[padme:rw] [182/360] Building C object modules/ec/zephyr/CMakeFiles/ec_shim.dir/drivers/one_wire_uart/one_wire_uart.c.obj
[padme:rw] [183/360] Building C object modules/ec/zephyr/CMakeFiles/ec_shim.dir/drivers/one_wire_uart/hid_over_i2c_target.c.obj
[padme:rw] [184/360] Building C object modules/ec/zephyr/CMakeFiles/ec_shim.dir/drivers/one_wire_uart/tablet.c.obj
[padme:rw] [185/360] Building C object modules/ec/zephyr/CMakeFiles/ec_shim.dir/shim/src/crc.c.obj
[padme:rw] [186/360] Building C object modules/ec/zephyr/CMakeFiles/ec_shim.dir/shim/chip/it8xxx2/clock.c.obj
[brox-ish-ec:rw] [13/378] Building C object zephyr/CMakeFiles/zephyr.dir/lib/os/cbprintf_packaged.c.obj
[padme:rw] [187/360] Building C object modules/ec/zephyr/CMakeFiles/ec_shim.dir/shim/chip/it8xxx2/system.c.obj
[padme:rw] [188/360] Building C object modules/ec/zephyr/CMakeFiles/ec_shim.dir/shim/chip/it8xxx2/keyboard_raw.c.obj
[padme:rw] [189/360] Building C object modules/ec/zephyr/CMakeFiles/ec_shim.dir/shim/chip/it8xxx2/power_policy.c.obj
[padme:rw] [190/360] Building C object modules/ec/zephyr/CMakeFiles/ec_shim.dir/shim/chip/it8xxx2/gpio.c.obj
[padme:rw] [191/360] Building C object modules/ec/zephyr/CMakeFiles/ec_shim.dir/shim/chip/it8xxx2/shi.c.obj
[padme:rw] [192/360] Building C object modules/ec/zephyr/CMakeFiles/ec_shim.dir/shim/src/gpio_int.c.obj
[padme:rw] [193/360] Building C object modules/ec/zephyr/CMakeFiles/ec_shim.dir/shim/src/panic_utils.c.obj
[padme:rw] [194/360] Building C object modules/ec/zephyr/CMakeFiles/ec_shim.dir/shim/src/console.c.obj
[padme:rw] [195/360] Building C object modules/ec/zephyr/CMakeFiles/ec_shim.dir/drivers/usbc/pdc_rts54xx.c.obj
[padme:rw] [196/360] Building C object modules/ec/zephyr/CMakeFiles/ec_shim.dir/shim/src/pm_state.c.obj
[padme:ro] [14/360] Building C object CMakeFiles/app.dir/mnt/host/source/src/platform/ec/zephyr/subsys/pd_controller/pdc_power_mgmt.c.obj
[padme:rw] [197/360] Building C object modules/ec/zephyr/CMakeFiles/ec_shim.dir/shim/src/gpio.c.obj
[brox-ish-ec:rw] [14/378] Building C object zephyr/CMakeFiles/zephyr.dir/lib/os/clock.c.obj
[padme:rw] [198/360] Building C object modules/ec/zephyr/CMakeFiles/ec_shim.dir/shim/src/cbi/cros_cbi.c.obj
[padme:rw] [199/360] Building C object modules/ec/zephyr/CMakeFiles/ec_shim.dir/shim/src/cbi/cbi_flash.c.obj
[padme:rw] [200/360] Building C object modules/ec/zephyr/CMakeFiles/ec_shim.dir/shim/src/cbi/cros_cbi_ssfc.c.obj
[padme:rw] [201/360] Building C object modules/ec/zephyr/CMakeFiles/ec_shim.dir/shim/src/led_driver/led.c.obj
[padme:rw] [202/360] Building C object modules/ec/zephyr/CMakeFiles/ec_shim.dir/shim/src/battery.c.obj
[padme:rw] [203/360] Building C object modules/ec/zephyr/CMakeFiles/ec_shim.dir/shim/src/led_driver/led_pwm.c.obj
[padme:rw] [204/360] Building C object modules/ec/zephyr/CMakeFiles/ec_shim.dir/shim/src/adc.c.obj
[padme:rw] [205/360] Building C object modules/ec/zephyr/CMakeFiles/ec_shim.dir/shim/src/chg_rt9490.c.obj
[padme:rw] [206/360] Building C object modules/ec/zephyr/CMakeFiles/ec_shim.dir/shim/src/pdc_shim.c.obj
[padme:rw] [207/360] Building C object modules/ec/zephyr/CMakeFiles/ec_shim.dir/shim/src/system.c.obj
[padme:rw] [208/360] Building C object modules/ec/zephyr/CMakeFiles/ec_shim.dir/shim/src/charger.c.obj
[brox-ish-ec:rw] [15/378] Building C object zephyr/CMakeFiles/zephyr.dir/lib/os/printk.c.obj
[/mnt/host/source/src/platform/ec/build/zephyr/ptl-ish-lcov] stderr:
[padme:rw] [209/360] Building C object modules/ec/zephyr/CMakeFiles/ec_shim.dir/shim/src/flash.c.obj
[padme:ro] [15/360] Building C object CMakeFiles/app.dir/mnt/host/source/src/platform/ec/zephyr/subsys/pd_controller/pdc_console.c.obj
[padme:rw] [210/360] Building C object modules/ec/zephyr/CMakeFiles/ec_shim.dir/shim/src/keyscan.c.obj
[padme:rw] [211/360] Building C object modules/ec/zephyr/CMakeFiles/ec_shim.dir/shim/src/host_command.c.obj
[padme:rw] [212/360] Building C object modules/ec/zephyr/CMakeFiles/ec_shim.dir/shim/src/mkbp_event.c.obj
[padme:rw] [213/360] Building C object modules/ec/zephyr/CMakeFiles/ec_shim.dir/shim/src/hooks.c.obj
[padme:rw] [214/360] Building C object modules/ec/zephyr/CMakeFiles/ec_shim.dir/shim/src/keyboard_raw.c.obj
[padme:rw] [215/360] Building C object modules/ec/zephyr/CMakeFiles/ec_shim.dir/shim/src/console_buffer.c.obj
[padme:rw] [216/360] Building C object modules/ec/zephyr/CMakeFiles/ec_shim.dir/shim/src/motionsense_sensors.c.obj
[padme:rw] [217/360] Building C object modules/ec/zephyr/CMakeFiles/ec_shim.dir/shim/src/panic.c.obj
[padme:rw] [218/360] Building C object modules/ec/zephyr/CMakeFiles/ec_shim.dir/shim/src/power.c.obj
[brox-ish-ec:rw] [16/378] Building C object zephyr/CMakeFiles/zephyr.dir/lib/os/sem.c.obj
[padme:rw] [219/360] Building C object modules/ec/zephyr/CMakeFiles/ec_shim.dir/shim/src/temp_sensors.c.obj
[padme:rw] [220/360] cd /mnt/host/source/src/platform/ec/build/zephyr/padme/build-rw/modules/ec/zephyr && PYTHONPATH=/mnt/host/source/src/platform/ec/build/zephyr/padme/modules/ec/zephyr/zmake/ /usr/bin/python3.11 /mnt/host/source/src/platform/ec/build/zephyr/padme/modules/ec/zephyr/zmake/zephyr_build_tools/generate_ec_version.py /mnt/host/source/src/platform/ec/build/zephyr/padme/build-rw/modules/ec/zephyr/include/ec_version.h --name Zephyr-Kernel --version 16543.0.0 --static
[padme:rw] INFO:root:Using a static version string
[padme:rw] INFO:root:Version string: Zephyr-Kernel-16543.0.0
[padme:rw] INFO:root:Writing header to /mnt/host/source/src/platform/ec/build/zephyr/padme/build-rw/modules/ec/zephyr/include/ec_version.h
[padme:rw] [221/360] Building C object modules/ec/zephyr/CMakeFiles/ec_shim.dir/shim/src/thermal.c.obj
[padme:rw] [222/360] Building C object modules/ec/zephyr/CMakeFiles/ec_shim.dir/shim/src/hwtimer.c.obj
[padme:ro] [16/360] Building C object CMakeFiles/app.dir/mnt/host/source/src/platform/ec/zephyr/subsys/pd_controller/pdc_host_cmd.c.obj
[/mnt/host/source/src/platform/ec/build/zephyr/ptl-ish-lcov]   /mnt/host/source/src/platform/ec/build/zephyr/ptl-ish/build-singleimage/CMakeFiles/app.dir/mnt/host/source/src/platform/ec/build/zephyr/ptl-ish/modules/ec/common/cbi_config.c.gcno:no functions found
[/mnt/host/source/src/platform/ec/build/zephyr/ptl-ish-lcov] stderr:
[padme:rw] [223/360] Building C object modules/ec/zephyr/CMakeFiles/ec_shim.dir/shim/src/i2c.c.obj
[padme:rw] [224/360] Building C object zephyr/kernel/CMakeFiles/kernel.dir/banner.c.obj
[padme:rw] [225/360] Building C object zephyr/kernel/CMakeFiles/kernel.dir/main_weak.c.obj
[brox-ish-ec:rw] [17/378] Building C object zephyr/CMakeFiles/zephyr.dir/lib/os/thread_entry.c.obj
[padme:rw] [226/360] Building C object modules/ec/zephyr/CMakeFiles/ec_shim.dir/shim/src/tasks.c.obj
[padme:rw] [227/360] Building C object modules/ec/zephyr/CMakeFiles/ec_shim.dir/shim/src/sha256_hw.c.obj
[padme:rw] [228/360] Building C object modules/ec/zephyr/CMakeFiles/ec_shim.dir/shim/src/pchg.c.obj
[padme:rw] [229/360] Building C object zephyr/kernel/CMakeFiles/kernel.dir/busy_wait.c.obj
[padme:rw] [230/360] Building C object modules/ec/zephyr/CMakeFiles/ec_shim.dir/shim/src/watchdog.c.obj
[padme:rw] [231/360] Building C object CMakeFiles/app.dir/mnt/host/source/src/platform/ec/zephyr/subsys/ap_pwrseq/ap_events.c.obj
[padme:ro] [17/360] Building C object CMakeFiles/app.dir/mnt/host/source/src/platform/ec/zephyr/subsys/pd_controller/pdc_stub.c.obj
[padme:rw] [232/360] Building C object CMakeFiles/app.dir/mnt/host/source/src/platform/ec/zephyr/subsys/pd_controller/pdc_pmc_debug.c.obj
[brox-ish-ec:rw] [18/378] Building C object zephyr/CMakeFiles/zephyr.dir/lib/os/cbprintf_nano.c.obj
[padme:rw] [233/360] Building C object CMakeFiles/app.dir/mnt/host/source/src/platform/ec/zephyr/subsys/pd_controller/pdc_stub.c.obj
[padme:rw] [234/360] Building C object CMakeFiles/app.dir/mnt/host/source/src/platform/ec/zephyr/subsys/pd_controller/pdc_host_cmd.c.obj
[padme:rw] [235/360] Building C object CMakeFiles/app.dir/mnt/host/source/src/platform/ec/zephyr/subsys/ucsi/ucsi_host_cmd.c.obj
[padme:rw] [236/360] Building C object CMakeFiles/app.dir/mnt/host/source/src/platform/ec/zephyr/subsys/ucsi/ppm_console.c.obj
[padme:rw] [237/360] Building C object CMakeFiles/app.dir/mnt/host/source/src/platform/ec/zephyr/subsys/ucsi/ppm_common.c.obj
[padme:rw] [238/360] Building C object CMakeFiles/app.dir/mnt/host/source/src/platform/ec/build/zephyr/padme/modules/ec/builtin/stdlib.c.obj
[padme:rw] [239/360] Building C object CMakeFiles/app.dir/mnt/host/source/src/platform/ec/zephyr/subsys/pd_controller/pdc_dpm.c.obj
[/mnt/host/source/src/platform/ec/build/zephyr/nokris-lcov]   /mnt/host/source/src/platform/ec/build/zephyr/nokris/build-rw/zephyr/drivers/sensor/CMakeFiles/drivers__sensor.dir/mnt/host/source/src/third_party/zephyr/main/misc/empty_file.c.gcno:no functions found
[/mnt/host/source/src/platform/ec/build/zephyr/nokris-lcov] Filter suppressions 'region':
[padme:rw] [240/360] Building C object CMakeFiles/app.dir/mnt/host/source/src/platform/ec/zephyr/subsys/ucsi/ppm_driver.c.obj
[padme:rw] [241/360] Building C object CMakeFiles/app.dir/mnt/host/source/src/platform/ec/zephyr/subsys/pd_controller/pdc_console.c.obj
[/mnt/host/source/src/platform/ec/build/zephyr/nokris-lcov]     39 instances
[/mnt/host/source/src/platform/ec/build/zephyr/nokris-lcov]     34 coverpoints
[/mnt/host/source/src/platform/ec/build/zephyr/nokris-lcov] Message summary:
[/mnt/host/source/src/platform/ec/build/zephyr/nokris-lcov]   29 ignore messages:
[/mnt/host/source/src/platform/ec/build/zephyr/nokris-lcov]     gcov: 29
[brox-ish-ec:rw] [19/378] Building C object zephyr/CMakeFiles/zephyr.dir/lib/os/cbprintf.c.obj
[/mnt/host/source/src/platform/ec/build/zephyr/ptl-ish-lcov]   /mnt/host/source/src/platform/ec/build/zephyr/ptl-ish/build-singleimage/zephyr/arch/arch/x86/core/CMakeFiles/arch__x86__core.dir/spec_ctrl.c.gcno:no functions found
[/mnt/host/source/src/platform/ec/build/zephyr/ptl-ish-lcov] stderr:
[padme:rw] [242/360] Building C object CMakeFiles/app.dir/mnt/host/source/src/platform/ec/build/zephyr/padme/modules/ec/common/base32.c.obj
[padme:rw] [243/360] Building C object CMakeFiles/app.dir/mnt/host/source/src/platform/ec/build/zephyr/padme/modules/ec/common/console_output.c.obj
[padme:ro] [18/360] Building C object CMakeFiles/app.dir/mnt/host/source/src/platform/ec/zephyr/subsys/pd_controller/pdc_dpm.c.obj
[padme:rw] [244/360] Building C object CMakeFiles/app.dir/mnt/host/source/src/platform/ec/zephyr/subsys/pd_controller/pdc_power_mgmt.c.obj
[padme:rw] [245/360] Building C object CMakeFiles/app.dir/mnt/host/source/src/platform/ec/build/zephyr/padme/modules/ec/common/ec_features.c.obj
[padme:rw] [246/360] Building C object CMakeFiles/app.dir/mnt/host/source/src/platform/ec/build/zephyr/padme/modules/ec/common/queue.c.obj
[padme:rw] [247/360] Building C object CMakeFiles/app.dir/mnt/host/source/src/platform/ec/build/zephyr/padme/modules/ec/common/printf.c.obj
[padme:rw] [248/360] Building C object CMakeFiles/app.dir/mnt/host/source/src/platform/ec/build/zephyr/padme/modules/ec/common/peripheral.c.obj
[padme:rw] [249/360] Building C object CMakeFiles/app.dir/mnt/host/source/src/platform/ec/build/zephyr/padme/modules/ec/common/gpio_commands.c.obj
[padme:rw] [250/360] Building C object CMakeFiles/app.dir/mnt/host/source/src/platform/ec/build/zephyr/padme/modules/ec/common/uart_printf.c.obj
[brox-ish-ec:rw] [20/378] Building C object zephyr/CMakeFiles/zephyr.dir/lib/os/assert.c.obj
[padme:rw] [251/360] Building C object CMakeFiles/app.dir/mnt/host/source/src/platform/ec/build/zephyr/padme/modules/ec/common/system_boot_time.c.obj
[padme:rw] [252/360] Building C object CMakeFiles/app.dir/mnt/host/source/src/platform/ec/build/zephyr/padme/modules/ec/common/util.c.obj
[padme:rw] [253/360] Building C object CMakeFiles/app.dir/mnt/host/source/src/platform/ec/build/zephyr/padme/modules/ec/common/system.c.obj
[brox-ish-ec:rw] [21/378] Building C object zephyr/CMakeFiles/zephyr.dir/lib/utils/dec.c.obj
[brox-ish-ec:rw] [22/378] Building C object zephyr/CMakeFiles/zephyr.dir/lib/utils/hex.c.obj
[padme:rw] [254/360] Building C object CMakeFiles/app.dir/mnt/host/source/src/platform/ec/build/zephyr/padme/modules/ec/common/version.c.obj
[padme:rw] [255/360] Building C object CMakeFiles/app.dir/mnt/host/source/src/platform/ec/build/zephyr/padme/modules/ec/driver/accelgyro_lsm6dsm.c.obj
[padme:ro] [19/360] Building C object CMakeFiles/app.dir/mnt/host/source/src/platform/ec/zephyr/subsys/ucsi/ppm_common.c.obj
[padme:rw] [256/360] Building C object CMakeFiles/app.dir/mnt/host/source/src/platform/ec/build/zephyr/padme/modules/ec/common/motion_sense_fifo.c.obj
[padme:rw] [257/360] Building C object CMakeFiles/app.dir/mnt/host/source/src/platform/ec/build/zephyr/padme/modules/ec/common/base_state.c.obj
[padme:rw] [258/360] Building C object CMakeFiles/app.dir/mnt/host/source/src/platform/ec/build/zephyr/padme/modules/ec/driver/accelgyro_bmi_common.c.obj
[padme:rw] [259/360] Building C object CMakeFiles/app.dir/mnt/host/source/src/platform/ec/build/zephyr/padme/modules/ec/driver/accelgyro_bmi3xx.c.obj
[padme:rw] [260/360] Building C object CMakeFiles/app.dir/mnt/host/source/src/platform/ec/build/zephyr/padme/modules/ec/common/adc.c.obj
[padme:rw] [261/360] Building C object CMakeFiles/app.dir/mnt/host/source/src/platform/ec/build/zephyr/padme/modules/ec/common/battery_fuel_gauge.c.obj
[padme:rw] [262/360] Building C object CMakeFiles/app.dir/mnt/host/source/src/platform/ec/build/zephyr/padme/modules/ec/common/battery.c.obj
[padme:rw] [263/360] Building C object CMakeFiles/app.dir/mnt/host/source/src/platform/ec/build/zephyr/padme/modules/ec/driver/battery/smart.c.obj
[padme:rw] [264/360] Building C object CMakeFiles/app.dir/mnt/host/source/src/platform/ec/build/zephyr/padme/modules/ec/common/battery_info.c.obj
[padme:rw] [265/360] Building C object CMakeFiles/app.dir/mnt/host/source/src/platform/ec/build/zephyr/padme/modules/ec/driver/charger/bq25710.c.obj
[brox-ish-ec:rw] [23/378] Building C object zephyr/CMakeFiles/zephyr.dir/lib/utils/rb.c.obj
[padme:rw] [266/360] Building C object CMakeFiles/app.dir/mnt/host/source/src/platform/ec/build/zephyr/padme/modules/ec/common/cbi_common.c.obj
[padme:rw] [267/360] Building C object CMakeFiles/app.dir/mnt/host/source/src/platform/ec/build/zephyr/padme/modules/ec/driver/charger/rt9490.c.obj
[padme:rw] [268/360] Building C object CMakeFiles/app.dir/mnt/host/source/src/platform/ec/build/zephyr/padme/modules/ec/common/cbi_config.c.obj
[brox-ish-ec:rw] [24/378] Building C object zephyr/CMakeFiles/zephyr.dir/lib/utils/timeutil.c.obj
[padme:ro] [20/360] Building C object CMakeFiles/app.dir/mnt/host/source/src/platform/ec/zephyr/subsys/ucsi/ppm_console.c.obj
[padme:rw] [269/360] Building C object CMakeFiles/app.dir/mnt/host/source/src/platform/ec/build/zephyr/padme/modules/ec/common/charger.c.obj
[padme:rw] [270/360] Building C object CMakeFiles/app.dir/mnt/host/source/src/platform/ec/build/zephyr/padme/modules/ec/common/memory_commands.c.obj
[padme:rw] [271/360] Building C object CMakeFiles/app.dir/mnt/host/source/src/platform/ec/build/zephyr/padme/modules/ec/common/charge_state.c.obj
[padme:rw] [272/360] Building C object CMakeFiles/app.dir/mnt/host/source/src/platform/ec/build/zephyr/padme/modules/ec/common/cbi.c.obj
[padme:rw] [273/360] Building C object CMakeFiles/app.dir/mnt/host/source/src/platform/ec/build/zephyr/padme/modules/ec/common/chipset.c.obj
[padme:rw] [274/360] Building C object CMakeFiles/app.dir/mnt/host/source/src/platform/ec/build/zephyr/padme/modules/ec/common/ap_reset_log.c.obj
[padme:rw] [275/360] Building C object CMakeFiles/app.dir/mnt/host/source/src/platform/ec/build/zephyr/padme/modules/ec/driver/wpc/cps8100.c.obj
[padme:rw] [276/360] Building C object CMakeFiles/app.dir/mnt/host/source/src/platform/ec/build/zephyr/padme/modules/ec/common/extpower_common.c.obj
[padme:rw] [277/360] Building C object CMakeFiles/app.dir/mnt/host/source/src/platform/ec/build/zephyr/padme/modules/ec/common/charge_manager.c.obj
[padme:rw] [278/360] Building C object CMakeFiles/app.dir/mnt/host/source/src/platform/ec/build/zephyr/padme/modules/ec/common/extpower_gpio.c.obj
[brox-ish-ec:rw] [25/378] Building C object zephyr/CMakeFiles/zephyr.dir/lib/utils/bitarray.c.obj
[padme:rw] [279/360] Building C object CMakeFiles/app.dir/mnt/host/source/src/platform/ec/build/zephyr/padme/modules/ec/common/flash.c.obj
[padme:rw] [280/360] Building C object CMakeFiles/app.dir/mnt/host/source/src/platform/ec/build/zephyr/padme/modules/ec/common/uart_hostcmd.c.obj
[padme:rw] [281/360] Building C object CMakeFiles/app.dir/mnt/host/source/src/platform/ec/build/zephyr/padme/modules/ec/common/host_command.c.obj
[padme:rw] [282/360] Building C object CMakeFiles/app.dir/mnt/host/source/src/platform/ec/build/zephyr/padme/modules/ec/common/uptime.c.obj
[brox-ish-ec:rw] [26/378] Building C object zephyr/CMakeFiles/zephyr.dir/lib/utils/bitmask.c.obj
[padme:rw] [283/360] Building C object CMakeFiles/app.dir/mnt/host/source/src/platform/ec/build/zephyr/padme/modules/ec/common/host_event_commands.c.obj
[padme:rw] [284/360] Building C object CMakeFiles/app.dir/mnt/host/source/src/platform/ec/build/zephyr/padme/modules/ec/common/virtual_battery.c.obj
[padme:rw] [285/360] Building C object CMakeFiles/app.dir/mnt/host/source/src/platform/ec/build/zephyr/padme/modules/ec/common/i2c_passthru.c.obj
[padme:rw] [286/360] Building C object CMakeFiles/app.dir/mnt/host/source/src/platform/ec/build/zephyr/padme/modules/ec/common/mkbp_fifo.c.obj
[padme:rw] [287/360] Building C object CMakeFiles/app.dir/mnt/host/source/src/platform/ec/build/zephyr/padme/modules/ec/common/i2c_controller.c.obj
[padme:ro] [21/360] Building C object CMakeFiles/app.dir/mnt/host/source/src/platform/ec/zephyr/subsys/ucsi/ppm_driver.c.obj
[padme:rw] [288/360] Building C object CMakeFiles/app.dir/mnt/host/source/src/platform/ec/build/zephyr/padme/modules/ec/common/mkbp_info.c.obj
[/mnt/host/source/src/platform/ec/build/zephyr/ptl-ish-lcov]   /mnt/host/source/src/platform/ec/build/zephyr/ptl-ish/build-singleimage/zephyr/CMakeFiles/zephyr.dir/subsys/shell/modules/kernel_service/kernel_shell.c.gcno:no functions found
[/mnt/host/source/src/platform/ec/build/zephyr/ptl-ish-lcov] stderr:
[padme:rw] [289/360] Building C object CMakeFiles/app.dir/mnt/host/source/src/platform/ec/build/zephyr/padme/modules/ec/common/keyboard_scan.c.obj
[padme:rw] [290/360] Building C object CMakeFiles/app.dir/mnt/host/source/src/platform/ec/build/zephyr/padme/modules/ec/common/keyboard_mkbp.c.obj
[padme:rw] [291/360] Building C object CMakeFiles/app.dir/mnt/host/source/src/platform/ec/build/zephyr/padme/modules/ec/common/mkbp_input_devices.c.obj
[brox-ish-ec:rw] [27/378] Building C object zephyr/CMakeFiles/zephyr.dir/lib/utils/getopt/getopt.c.obj
[padme:rw] [292/360] Building C object CMakeFiles/app.dir/mnt/host/source/src/platform/ec/build/zephyr/padme/modules/ec/common/lid_switch.c.obj
[padme:rw] [293/360] Building C object CMakeFiles/app.dir/mnt/host/source/src/platform/ec/build/zephyr/padme/modules/ec/common/led_common.c.obj
[padme:rw] [294/360] Building C object CMakeFiles/app.dir/mnt/host/source/src/platform/ec/build/zephyr/padme/modules/ec/common/mkbp_event.c.obj
[padme:rw] [295/360] Building C object CMakeFiles/app.dir/mnt/host/source/src/platform/ec/build/zephyr/padme/modules/ec/common/power_button.c.obj
[padme:ro] [22/360] Building C object CMakeFiles/app.dir/mnt/host/source/src/platform/ec/zephyr/subsys/ucsi/ucsi_host_cmd.c.obj
[/mnt/host/source/src/platform/ec/build/zephyr/ocelotrvp-mchp-lcov]   /mnt/host/source/src/platform/ec/build/zephyr/ocelotrvp-mchp/build-ro/modules/ec/zephyr/CMakeFiles/ec_shim.dir/shim/src/charger.c.gcno:no functions found
[/mnt/host/source/src/platform/ec/build/zephyr/ocelotrvp-mchp-lcov] stderr:
[padme:rw] [296/360] Building C object CMakeFiles/app.dir/mnt/host/source/src/platform/ec/build/zephyr/padme/modules/ec/common/peripheral_charger.c.obj
[padme:rw] [297/360] Building C object CMakeFiles/app.dir/mnt/host/source/src/platform/ec/build/zephyr/padme/modules/ec/common/motion_sense.c.obj
[padme:rw] [298/360] Building C object CMakeFiles/app.dir/mnt/host/source/src/platform/ec/build/zephyr/padme/modules/ec/power/common.c.obj
[padme:rw] [299/360] Building C object CMakeFiles/app.dir/mnt/host/source/src/platform/ec/build/zephyr/padme/modules/ec/power/host_sleep.c.obj
[padme:rw] [300/360] Building C object CMakeFiles/app.dir/mnt/host/source/src/platform/ec/build/zephyr/padme/modules/ec/power/mt8186.c.obj
[brox-ish-ec:rw] [28/378] Building C object zephyr/CMakeFiles/zephyr.dir/lib/utils/getopt/getopt_common.c.obj
[padme:rw] [301/360] Building C object CMakeFiles/app.dir/mnt/host/source/src/platform/ec/build/zephyr/padme/modules/ec/common/panic_output.c.obj
[padme:rw] [302/360] Building C object CMakeFiles/app.dir/mnt/host/source/src/platform/ec/build/zephyr/padme/modules/ec/common/shared_mem.c.obj
[padme:rw] [303/360] Building C object CMakeFiles/app.dir/mnt/host/source/src/platform/ec/build/zephyr/padme/modules/ec/common/switch.c.obj
[padme:rw] [304/360] Building C object CMakeFiles/app.dir/mnt/host/source/src/platform/ec/build/zephyr/padme/modules/ec/driver/stm_mems_common.c.obj
[brox-ish-ec:rw] [29/378] Building C object zephyr/CMakeFiles/zephyr.dir/lib/utils/ring_buffer.c.obj
[padme:rw] [305/360] Building C object CMakeFiles/app.dir/mnt/host/source/src/platform/ec/build/zephyr/padme/modules/ec/common/tablet_mode.c.obj
[padme:rw] [306/360] Building C object CMakeFiles/app.dir/mnt/host/source/src/platform/ec/build/zephyr/padme/modules/ec/common/temp_sensor.c.obj
[padme:rw] [307/360] Building C object CMakeFiles/app.dir/mnt/host/source/src/platform/ec/build/zephyr/padme/modules/ec/common/thermal.c.obj
[brox-ish-ec:rw] [30/378] Building C object zephyr/CMakeFiles/zephyr.dir/lib/utils/last_section_id.c.obj
[padme:ro] [23/360] Building C object CMakeFiles/app.dir/mnt/host/source/src/platform/ec/build/zephyr/padme/modules/ec/builtin/stdlib.c.obj
[padme:rw] [308/360] Building C object CMakeFiles/app.dir/mnt/host/source/src/platform/ec/build/zephyr/padme/modules/ec/driver/temp_sensor/thermistor.c.obj
[padme:rw] [309/360] Building C object CMakeFiles/app.dir/mnt/host/source/src/platform/ec/build/zephyr/padme/modules/ec/common/timer.c.obj
[padme:rw] [310/360] Building C object CMakeFiles/app.dir/mnt/host/source/src/platform/ec/build/zephyr/padme/modules/ec/common/chargen.c.obj
[padme:rw] [311/360] Building C object CMakeFiles/app.dir/mnt/host/source/src/platform/ec/build/zephyr/padme/modules/ec/common/usbc_utils.c.obj
[padme:rw] [312/360] Building C object CMakeFiles/app.dir/mnt/host/source/src/platform/ec/build/zephyr/padme/modules/ec/common/usb_common.c.obj
[padme:rw] [313/360] Building C object CMakeFiles/app.dir/mnt/host/source/src/platform/ec/build/zephyr/padme/modules/ec/common/vboot_hash.c.obj
[brox-ish-ec:rw] [31/378] Building C object zephyr/CMakeFiles/zephyr.dir/misc/generated/configs.c.obj
[padme:rw] [314/360] Building C object CMakeFiles/app.dir/mnt/host/source/src/platform/ec/build/zephyr/padme/modules/ec/common/vboot/efs2.c.obj
[padme:rw] [315/360] Building C object CMakeFiles/app.dir/mnt/host/source/src/platform/ec/build/zephyr/padme/modules/ec/common/usb_pd_host_cmd_common.c.obj
[padme:rw] [316/360] Building C object CMakeFiles/app.dir/mnt/host/source/src/platform/ec/build/zephyr/padme/modules/ec/zephyr/program/skywalker/src/i2c.c.obj
[padme:rw] [317/360] Building C object CMakeFiles/app.dir/mnt/host/source/src/platform/ec/build/zephyr/padme/modules/ec/common/button.c.obj
[padme:rw] [318/360] Building C object CMakeFiles/app.dir/mnt/host/source/src/platform/ec/build/zephyr/padme/modules/ec/common/math_util.c.obj
[padme:rw] [319/360] Building C object CMakeFiles/app.dir/mnt/host/source/src/platform/ec/build/zephyr/padme/modules/ec/common/vstore.c.obj
[padme:ro] [24/360] Building C object CMakeFiles/app.dir/mnt/host/source/src/platform/ec/build/zephyr/padme/modules/ec/common/base32.c.obj
[padme:rw] [320/360] Linking C static library modules/ec/zephyr/libec_shim.a
[padme:rw] [321/360] Building C object CMakeFiles/app.dir/mnt/host/source/src/platform/ec/build/zephyr/padme/modules/ec/zephyr/program/skywalker/src/hibernate.c.obj
[brox-ish-ec:rw] [32/378] Building ASM object zephyr/CMakeFiles/zephyr.dir/soc/ite/ec/common/soc_irq.S.obj
[padme:rw] [322/360] Building C object CMakeFiles/app.dir/mnt/host/source/src/platform/ec/build/zephyr/padme/modules/ec/zephyr/program/skywalker/src/backlight.c.obj
[padme:rw] [323/360] Building C object CMakeFiles/app.dir/mnt/host/source/src/platform/ec/build/zephyr/padme/modules/ec/zephyr/program/skywalker/src/hooks.c.obj
[padme:rw] [324/360] Building C object CMakeFiles/app.dir/padme/src/board.c.obj
[padme:rw] [325/360] Building C object CMakeFiles/app.dir/padme/src/rt9490_workaround.c.obj
[padme:rw] [326/360] Building C object CMakeFiles/app.dir/padme/src/dp_alt_mode.c.obj
[padme:rw] [327/360] Building C object zephyr/kernel/CMakeFiles/kernel.dir/device.c.obj
[padme:rw] [328/360] Building C object zephyr/kernel/CMakeFiles/kernel.dir/errno.c.obj
[padme:rw] [329/360] Building C object zephyr/kernel/CMakeFiles/kernel.dir/version.c.obj
[padme:rw] [330/360] Building C object CMakeFiles/app.dir/padme/src/thermal.c.obj
[padme:rw] [331/360] Building C object CMakeFiles/app.dir/padme/src/sensor.c.obj
[brox-ish-ec:rw] [33/378] Building C object zephyr/CMakeFiles/zephyr.dir/soc/ite/ec/common/soc_common_irq.c.obj
[padme:rw] [332/360] Building C object zephyr/kernel/CMakeFiles/kernel.dir/fatal.c.obj
[padme:rw] [333/360] Building C object zephyr/kernel/CMakeFiles/kernel.dir/kheap.c.obj
[padme:rw] [334/360] Building C object CMakeFiles/app.dir/padme/src/base_detect.c.obj
[padme:rw] [335/360] Building C object zephyr/kernel/CMakeFiles/kernel.dir/init.c.obj
[padme:ro] [25/360] Building C object CMakeFiles/app.dir/mnt/host/source/src/platform/ec/build/zephyr/padme/modules/ec/common/console_output.c.obj
[padme:rw] [336/360] Building C object zephyr/kernel/CMakeFiles/kernel.dir/mem_slab.c.obj
[padme:rw] [337/360] Building C object zephyr/kernel/CMakeFiles/kernel.dir/float.c.obj
[padme:rw] [338/360] Linking C static library app/libapp.a
[padme:rw] [339/360] Building C object zephyr/kernel/CMakeFiles/kernel.dir/idle.c.obj
[padme:rw] [340/360] Building C object zephyr/kernel/CMakeFiles/kernel.dir/mailbox.c.obj
[brox-ish-ec:rw] [34/378] Building C object zephyr/CMakeFiles/zephyr.dir/soc/ite/ec/common/power.c.obj
[padme:rw] [341/360] Building C object zephyr/kernel/CMakeFiles/kernel.dir/msg_q.c.obj
[padme:rw] [342/360] Building C object zephyr/kernel/CMakeFiles/kernel.dir/sem.c.obj
[padme:rw] [343/360] Building C object zephyr/kernel/CMakeFiles/kernel.dir/queue.c.obj
[padme:rw] [344/360] Building C object zephyr/kernel/CMakeFiles/kernel.dir/stack.c.obj
[padme:rw] [345/360] Building C object zephyr/kernel/CMakeFiles/kernel.dir/system_work_q.c.obj
[padme:rw] [346/360] Building C object zephyr/kernel/CMakeFiles/kernel.dir/mutex.c.obj
[brox-ish-ec:rw] [35/378] Building C object zephyr/CMakeFiles/zephyr.dir/soc/ite/ec/common/policy.c.obj
[padme:rw] [347/360] Building C object zephyr/kernel/CMakeFiles/kernel.dir/condvar.c.obj
[padme:ro] [26/360] Building C object CMakeFiles/app.dir/mnt/host/source/src/platform/ec/build/zephyr/padme/modules/ec/common/ec_features.c.obj
[padme:rw] [348/360] Building C object zephyr/kernel/CMakeFiles/kernel.dir/work.c.obj
[gwendolin:rw] Building: /usr/bin/ninja -C /mnt/host/source/src/platform/ec/build/zephyr/gwendolin/build-rw all.libraries
[padme:rw] [349/360] Building C object zephyr/kernel/CMakeFiles/kernel.dir/thread.c.obj
Running `env -i SHELL=/bin/bash COLORTERM=truecolor DEPOT_TOOLS_UPDATE=0 LESS='-R -M --shift 5' SUDO_GID=0 JDK_HOME=/etc/java-config-2/current-system-vm CONFIG_PROTECT_MASK='/etc/gentoo-release /etc/sandbox.d /etc/fonts/fonts.conf /etc/terminfo /etc/ca-certificates.conf /etc/revdep-rebuild' CHROMEOS_CACHEDIR=/var/cache/chromeos-cache JAVA_HOME=/etc/java-config-2/current-system-vm SSH_AUTH_SOCK=/tmp/ssh-auth-sock SUDO_COMMAND=/bin/bash SUDO_USER=root SUDO_TTY=/dev/pts/2 EDITOR=/usr/bin/vi PWD=/mnt/host/source/src/platform/ec CONFIG_PROTECT=/usr/share/gnupg/qualified.txt LOGNAME=jpmurphy MANPATH=/etc/java-config-2/current-system-vm/man:/usr/local/share/man:/usr/share/man:/usr/share/gcc-data/x86_64-pc-linux-gnu/10.2.0/man:/usr/share/binutils-data/x86_64-pc-linux-gnu/2.45/man:/etc/java-config-2/current-system-vm/man/ SUDO_HOME=/root XAUTHORITY=/run/user/944457/gdm/Xauthority HOME=/home/jpmurphy LANG=C.UTF-8 LS_COLORS='rs=0:di=01;34:ln=01;36:mh=00:pi=40;33:so=01;35:do=01;35:bd=40;33;01:cd=40;33;01:or=01;05;37;41:mi=01;05;37;41:su=37;41:sg=30;43:ca=30;41:tw=30;42:ow=34;42:st=37;44:ex=01;32:*.tar=01;31:*.tgz=01;31:*.arc=01;31:*.arj=01;31:*.taz=01;31:*.lha=01;31:*.lz4=01;31:*.lzh=01;31:*.lzma=01;31:*.tlz=01;31:*.txz=01;31:*.tzo=01;31:*.t7z=01;31:*.zip=01;31:*.z=01;31:*.dz=01;31:*.gz=01;31:*.lrz=01;31:*.lz=01;31:*.lzo=01;31:*.xz=01;31:*.zst=01;31:*.tzst=01;31:*.bz2=01;31:*.bz=01;31:*.tbz=01;31:*.tbz2=01;31:*.tz=01;31:*.deb=01;31:*.rpm=01;31:*.jar=01;31:*.war=01;31:*.ear=01;31:*.sar=01;31:*.rar=01;31:*.alz=01;31:*.ace=01;31:*.zoo=01;31:*.cpio=01;31:*.7z=01;31:*.rz=01;31:*.cab=01;31:*.wim=01;31:*.swm=01;31:*.dwm=01;31:*.esd=01;31:*.jpg=01;35:*.jpeg=01;35:*.mjpg=01;35:*.mjpeg=01;35:*.gif=01;35:*.bmp=01;35:*.pbm=01;35:*.pgm=01;35:*.ppm=01;35:*.tga=01;35:*.xbm=01;35:*.xpm=01;35:*.tif=01;35:*.tiff=01;35:*.png=01;35:*.svg=01;35:*.svgz=01;35:*.mng=01;35:*.pcx=01;35:*.mov=01;35:*.mpg=01;35:*.mpeg=01;35:*.m2v=01;35:*.mkv=01;35:*.webm=01;35:*.webp=01;35:*.ogm=01;35:*.mp4=01;35:*.m4v=01;35:*.mp4v=01;35:*.vob=01;35:*.qt=01;35:*.nuv=01;35:*.wmv=01;35:*.asf=01;35:*.rm=01;35:*.rmvb=01;35:*.flc=01;35:*.avi=01;35:*.fli=01;35:*.flv=01;35:*.gl=01;35:*.dl=01;35:*.xcf=01;35:*.xwd=01;35:*.yuv=01;35:*.cgm=01;35:*.emf=01;35:*.ogv=01;35:*.ogx=01;35:*.cfg=00;32:*.conf=00;32:*.diff=00;32:*.doc=00;32:*.ini=00;32:*.log=00;32:*.patch=00;32:*.pdf=00;32:*.ps=00;32:*.tex=00;32:*.txt=00;32:*.aac=00;36:*.au=00;36:*.flac=00;36:*.m4a=00;36:*.mid=00;36:*.midi=00;36:*.mka=00;36:*.mp3=00;36:*.mpc=00;36:*.ogg=00;36:*.ra=00;36:*.wav=00;36:*.oga=00;36:*.opus=00;36:*.spx=00;36:*.xspf=00;36:' XDG_CURRENT_DESKTOP=GNOME INFOPATH=/usr/share/info:/usr/share/gcc-data/x86_64-pc-linux-gnu/10.2.0/info:/usr/share/binutils-data/x86_64-pc-linux-gnu/2.45/info:/usr/share/automake-1.16.5/info JAVAC=/etc/java-config-2/current-system-vm/bin/javac TERM=xterm-256color LESSOPEN='|lesspipe %s' USER=jpmurphy CROS_WORKON_SRCROOT=/mnt/host/source MANPAGER=manpager DISPLAY=:1 SHLVL=1 LC_MESSAGES=C EXTERNAL_TRUNK_PATH=/mnt/8f9d649a-3721-44cc-93c0-e6bd21a9689f/chromiumos GCC_SPECS='' PATH=/mnt/host/source/chromite/bin:/usr/local/bin:/usr/bin:/bin:/opt/bin:/mnt/host/source/chromite/sdk/bin:/mnt/host/source/chromite/bin PORTAGE_USERNAME=jpmurphy SUDO_UID=0 GCC_VER=10.2.0 MAIL=/var/mail/jpmurphy OLDPWD=/mnt/host/source/src/scripts traceparent=00-e87aca51550a78635907baa6a2476181-6d684811675d2973-01 _=./zephyr/firmware_builder.py COREBOOT_SDK_ROOT_x86=/home/jpmurphy/.cache/coreboot-sdk/i386-elf/dfbb0486385d938cfa9d73080b9d18d598ed4f49 COREBOOT_SDK_ROOT_picolibc_x86=/home/jpmurphy/.cache/coreboot-sdk/picolibc-i386-elf/eb8e8e687b95461de8cbf278f1c2076952d0ad17 COREBOOT_SDK_ROOT_riscv64=/home/jpmurphy/.cache/coreboot-sdk/riscv64-elf/96b949749225b6aaa92ed810ab769e8dfb12f000 COREBOOT_SDK_ROOT_picolibc_arm=/home/jpmurphy/.cache/coreboot-sdk/picolibc-arm-eabi/422a2aa3e1ef891b5bece9a3deb696ff83840d2e COREBOOT_SDK_ROOT_nds32=/home/jpmurphy/.cache/coreboot-sdk/nds32le-elf/d1a518c4a097666d86058e1444f85ca015d15511 COREBOOT_SDK_ROOT_picolibc_riscv64=/home/jpmurphy/.cache/coreboot-sdk/picolibc-riscv64-elf/f571e990ef0278564b31124f8bb109d9a697eb69 COREBOOT_SDK_ROOT_arm=/home/jpmurphy/.cache/coreboot-sdk/arm-eabi/ea40ddd1d190c3b48435c474c0b545719371813a COREBOOT_SDK_ROOT_libstdcxx_riscv64=/home/jpmurphy/.cache/coreboot-sdk/libstdcxx-riscv64-elf/17abf22a3a252e2d5d2062ced5324f7a623689e0 COREBOOT_SDK_ROOT_libstdcxx_arm=/home/jpmurphy/.cache/coreboot-sdk/libstdcxx-arm-eabi/5d7d82e150e44aa1968f1d366e267e6687b328ac COREBOOT_SDK_ROOT_riscv=/home/jpmurphy/.cache/coreboot-sdk/riscv-elf/9a27b9e82341c6e9126624f516ab3f261abb3e73 COREBOOT_SDK_ROOT_libstdcxx_x86=/home/jpmurphy/.cache/coreboot-sdk/libstdcxx-i386-elf/42ef9d2e87a76a37963175d7d428734e65648b87 PYTHONPATH=/mnt/host/source/src/platform/ec/zephyr/zmake PW_PIGWEED_CIPD_INSTALL_DIR=/usr CROSTC_USER_ACKNOWLEDGES_THAT_RISCV_IS_EXPERIMENTAL=1 MAKEFLAGS=' -j16 --jobserver-auth=5,6' /usr/bin/ninja -C /mnt/host/source/src/platform/ec/build/zephyr/gwendolin/build-rw all.libraries`
[gwendolin:rw] ninja: Entering directory `/mnt/host/source/src/platform/ec/build/zephyr/gwendolin/build-rw'
[padme:rw] [350/360] Building C object zephyr/kernel/CMakeFiles/kernel.dir/pipe.c.obj
[gwendolin:ro] Building: /usr/bin/ninja -C /mnt/host/source/src/platform/ec/build/zephyr/gwendolin/build-ro all.libraries
Running `env -i SHELL=/bin/bash COLORTERM=truecolor DEPOT_TOOLS_UPDATE=0 LESS='-R -M --shift 5' SUDO_GID=0 JDK_HOME=/etc/java-config-2/current-system-vm CONFIG_PROTECT_MASK='/etc/gentoo-release /etc/sandbox.d /etc/fonts/fonts.conf /etc/terminfo /etc/ca-certificates.conf /etc/revdep-rebuild' CHROMEOS_CACHEDIR=/var/cache/chromeos-cache JAVA_HOME=/etc/java-config-2/current-system-vm SSH_AUTH_SOCK=/tmp/ssh-auth-sock SUDO_COMMAND=/bin/bash SUDO_USER=root SUDO_TTY=/dev/pts/2 EDITOR=/usr/bin/vi PWD=/mnt/host/source/src/platform/ec CONFIG_PROTECT=/usr/share/gnupg/qualified.txt LOGNAME=jpmurphy MANPATH=/etc/java-config-2/current-system-vm/man:/usr/local/share/man:/usr/share/man:/usr/share/gcc-data/x86_64-pc-linux-gnu/10.2.0/man:/usr/share/binutils-data/x86_64-pc-linux-gnu/2.45/man:/etc/java-config-2/current-system-vm/man/ SUDO_HOME=/root XAUTHORITY=/run/user/944457/gdm/Xauthority HOME=/home/jpmurphy LANG=C.UTF-8 LS_COLORS='rs=0:di=01;34:ln=01;36:mh=00:pi=40;33:so=01;35:do=01;35:bd=40;33;01:cd=40;33;01:or=01;05;37;41:mi=01;05;37;41:su=37;41:sg=30;43:ca=30;41:tw=30;42:ow=34;42:st=37;44:ex=01;32:*.tar=01;31:*.tgz=01;31:*.arc=01;31:*.arj=01;31:*.taz=01;31:*.lha=01;31:*.lz4=01;31:*.lzh=01;31:*.lzma=01;31:*.tlz=01;31:*.txz=01;31:*.tzo=01;31:*.t7z=01;31:*.zip=01;31:*.z=01;31:*.dz=01;31:*.gz=01;31:*.lrz=01;31:*.lz=01;31:*.lzo=01;31:*.xz=01;31:*.zst=01;31:*.tzst=01;31:*.bz2=01;31:*.bz=01;31:*.tbz=01;31:*.tbz2=01;31:*.tz=01;31:*.deb=01;31:*.rpm=01;31:*.jar=01;31:*.war=01;31:*.ear=01;31:*.sar=01;31:*.rar=01;31:*.alz=01;31:*.ace=01;31:*.zoo=01;31:*.cpio=01;31:*.7z=01;31:*.rz=01;31:*.cab=01;31:*.wim=01;31:*.swm=01;31:*.dwm=01;31:*.esd=01;31:*.jpg=01;35:*.jpeg=01;35:*.mjpg=01;35:*.mjpeg=01;35:*.gif=01;35:*.bmp=01;35:*.pbm=01;35:*.pgm=01;35:*.ppm=01;35:*.tga=01;35:*.xbm=01;35:*.xpm=01;35:*.tif=01;35:*.tiff=01;35:*.png=01;35:*.svg=01;35:*.svgz=01;35:*.mng=01;35:*.pcx=01;35:*.mov=01;35:*.mpg=01;35:*.mpeg=01;35:*.m2v=01;35:*.mkv=01;35:*.webm=01;35:*.webp=01;35:*.ogm=01;35:*.mp4=01;35:*.m4v=01;35:*.mp4v=01;35:*.vob=01;35:*.qt=01;35:*.nuv=01;35:*.wmv=01;35:*.asf=01;35:*.rm=01;35:*.rmvb=01;35:*.flc=01;35:*.avi=01;35:*.fli=01;35:*.flv=01;35:*.gl=01;35:*.dl=01;35:*.xcf=01;35:*.xwd=01;35:*.yuv=01;35:*.cgm=01;35:*.emf=01;35:*.ogv=01;35:*.ogx=01;35:*.cfg=00;32:*.conf=00;32:*.diff=00;32:*.doc=00;32:*.ini=00;32:*.log=00;32:*.patch=00;32:*.pdf=00;32:*.ps=00;32:*.tex=00;32:*.txt=00;32:*.aac=00;36:*.au=00;36:*.flac=00;36:*.m4a=00;36:*.mid=00;36:*.midi=00;36:*.mka=00;36:*.mp3=00;36:*.mpc=00;36:*.ogg=00;36:*.ra=00;36:*.wav=00;36:*.oga=00;36:*.opus=00;36:*.spx=00;36:*.xspf=00;36:' XDG_CURRENT_DESKTOP=GNOME INFOPATH=/usr/share/info:/usr/share/gcc-data/x86_64-pc-linux-gnu/10.2.0/info:/usr/share/binutils-data/x86_64-pc-linux-gnu/2.45/info:/usr/share/automake-1.16.5/info JAVAC=/etc/java-config-2/current-system-vm/bin/javac TERM=xterm-256color LESSOPEN='|lesspipe %s' USER=jpmurphy CROS_WORKON_SRCROOT=/mnt/host/source MANPAGER=manpager DISPLAY=:1 SHLVL=1 LC_MESSAGES=C EXTERNAL_TRUNK_PATH=/mnt/8f9d649a-3721-44cc-93c0-e6bd21a9689f/chromiumos GCC_SPECS='' PATH=/mnt/host/source/chromite/bin:/usr/local/bin:/usr/bin:/bin:/opt/bin:/mnt/host/source/chromite/sdk/bin:/mnt/host/source/chromite/bin PORTAGE_USERNAME=jpmurphy SUDO_UID=0 GCC_VER=10.2.0 MAIL=/var/mail/jpmurphy OLDPWD=/mnt/host/source/src/scripts traceparent=00-e87aca51550a78635907baa6a2476181-6d684811675d2973-01 _=./zephyr/firmware_builder.py COREBOOT_SDK_ROOT_x86=/home/jpmurphy/.cache/coreboot-sdk/i386-elf/dfbb0486385d938cfa9d73080b9d18d598ed4f49 COREBOOT_SDK_ROOT_picolibc_x86=/home/jpmurphy/.cache/coreboot-sdk/picolibc-i386-elf/eb8e8e687b95461de8cbf278f1c2076952d0ad17 COREBOOT_SDK_ROOT_riscv64=/home/jpmurphy/.cache/coreboot-sdk/riscv64-elf/96b949749225b6aaa92ed810ab769e8dfb12f000 COREBOOT_SDK_ROOT_picolibc_arm=/home/jpmurphy/.cache/coreboot-sdk/picolibc-arm-eabi/422a2aa3e1ef891b5bece9a3deb696ff83840d2e COREBOOT_SDK_ROOT_nds32=/home/jpmurphy/.cache/coreboot-sdk/nds32le-elf/d1a518c4a097666d86058e1444f85ca015d15511 COREBOOT_SDK_ROOT_picolibc_riscv64=/home/jpmurphy/.cache/coreboot-sdk/picolibc-riscv64-elf/f571e990ef0278564b31124f8bb109d9a697eb69 COREBOOT_SDK_ROOT_arm=/home/jpmurphy/.cache/coreboot-sdk/arm-eabi/ea40ddd1d190c3b48435c474c0b545719371813a COREBOOT_SDK_ROOT_libstdcxx_riscv64=/home/jpmurphy/.cache/coreboot-sdk/libstdcxx-riscv64-elf/17abf22a3a252e2d5d2062ced5324f7a623689e0 COREBOOT_SDK_ROOT_libstdcxx_arm=/home/jpmurphy/.cache/coreboot-sdk/libstdcxx-arm-eabi/5d7d82e150e44aa1968f1d366e267e6687b328ac COREBOOT_SDK_ROOT_riscv=/home/jpmurphy/.cache/coreboot-sdk/riscv-elf/9a27b9e82341c6e9126624f516ab3f261abb3e73 COREBOOT_SDK_ROOT_libstdcxx_x86=/home/jpmurphy/.cache/coreboot-sdk/libstdcxx-i386-elf/42ef9d2e87a76a37963175d7d428734e65648b87 PYTHONPATH=/mnt/host/source/src/platform/ec/zephyr/zmake PW_PIGWEED_CIPD_INSTALL_DIR=/usr CROSTC_USER_ACKNOWLEDGES_THAT_RISCV_IS_EXPERIMENTAL=1 MAKEFLAGS=' -j16 --jobserver-auth=5,6' /usr/bin/ninja -C /mnt/host/source/src/platform/ec/build/zephyr/gwendolin/build-ro all.libraries`
[padme:rw] [351/360] Building C object zephyr/kernel/CMakeFiles/kernel.dir/spinlock_validate.c.obj
[gwendolin:ro] ninja: Entering directory `/mnt/host/source/src/platform/ec/build/zephyr/gwendolin/build-ro'
[brox-ish-ec:ro] Building: /usr/bin/ninja -C /mnt/host/source/src/platform/ec/build/zephyr/brox-ish-ec/build-ro all.libraries
Running `env -i SHELL=/bin/bash COLORTERM=truecolor DEPOT_TOOLS_UPDATE=0 LESS='-R -M --shift 5' SUDO_GID=0 JDK_HOME=/etc/java-config-2/current-system-vm CONFIG_PROTECT_MASK='/etc/gentoo-release /etc/sandbox.d /etc/fonts/fonts.conf /etc/terminfo /etc/ca-certificates.conf /etc/revdep-rebuild' CHROMEOS_CACHEDIR=/var/cache/chromeos-cache JAVA_HOME=/etc/java-config-2/current-system-vm SSH_AUTH_SOCK=/tmp/ssh-auth-sock SUDO_COMMAND=/bin/bash SUDO_USER=root SUDO_TTY=/dev/pts/2 EDITOR=/usr/bin/vi PWD=/mnt/host/source/src/platform/ec CONFIG_PROTECT=/usr/share/gnupg/qualified.txt LOGNAME=jpmurphy MANPATH=/etc/java-config-2/current-system-vm/man:/usr/local/share/man:/usr/share/man:/usr/share/gcc-data/x86_64-pc-linux-gnu/10.2.0/man:/usr/share/binutils-data/x86_64-pc-linux-gnu/2.45/man:/etc/java-config-2/current-system-vm/man/ SUDO_HOME=/root XAUTHORITY=/run/user/944457/gdm/Xauthority HOME=/home/jpmurphy LANG=C.UTF-8 LS_COLORS='rs=0:di=01;34:ln=01;36:mh=00:pi=40;33:so=01;35:do=01;35:bd=40;33;01:cd=40;33;01:or=01;05;37;41:mi=01;05;37;41:su=37;41:sg=30;43:ca=30;41:tw=30;42:ow=34;42:st=37;44:ex=01;32:*.tar=01;31:*.tgz=01;31:*.arc=01;31:*.arj=01;31:*.taz=01;31:*.lha=01;31:*.lz4=01;31:*.lzh=01;31:*.lzma=01;31:*.tlz=01;31:*.txz=01;31:*.tzo=01;31:*.t7z=01;31:*.zip=01;31:*.z=01;31:*.dz=01;31:*.gz=01;31:*.lrz=01;31:*.lz=01;31:*.lzo=01;31:*.xz=01;31:*.zst=01;31:*.tzst=01;31:*.bz2=01;31:*.bz=01;31:*.tbz=01;31:*.tbz2=01;31:*.tz=01;31:*.deb=01;31:*.rpm=01;31:*.jar=01;31:*.war=01;31:*.ear=01;31:*.sar=01;31:*.rar=01;31:*.alz=01;31:*.ace=01;31:*.zoo=01;31:*.cpio=01;31:*.7z=01;31:*.rz=01;31:*.cab=01;31:*.wim=01;31:*.swm=01;31:*.dwm=01;31:*.esd=01;31:*.jpg=01;35:*.jpeg=01;35:*.mjpg=01;35:*.mjpeg=01;35:*.gif=01;35:*.bmp=01;35:*.pbm=01;35:*.pgm=01;35:*.ppm=01;35:*.tga=01;35:*.xbm=01;35:*.xpm=01;35:*.tif=01;35:*.tiff=01;35:*.png=01;35:*.svg=01;35:*.svgz=01;35:*.mng=01;35:*.pcx=01;35:*.mov=01;35:*.mpg=01;35:*.mpeg=01;35:*.m2v=01;35:*.mkv=01;35:*.webm=01;35:*.webp=01;35:*.ogm=01;35:*.mp4=01;35:*.m4v=01;35:*.mp4v=01;35:*.vob=01;35:*.qt=01;35:*.nuv=01;35:*.wmv=01;35:*.asf=01;35:*.rm=01;35:*.rmvb=01;35:*.flc=01;35:*.avi=01;35:*.fli=01;35:*.flv=01;35:*.gl=01;35:*.dl=01;35:*.xcf=01;35:*.xwd=01;35:*.yuv=01;35:*.cgm=01;35:*.emf=01;35:*.ogv=01;35:*.ogx=01;35:*.cfg=00;32:*.conf=00;32:*.diff=00;32:*.doc=00;32:*.ini=00;32:*.log=00;32:*.patch=00;32:*.pdf=00;32:*.ps=00;32:*.tex=00;32:*.txt=00;32:*.aac=00;36:*.au=00;36:*.flac=00;36:*.m4a=00;36:*.mid=00;36:*.midi=00;36:*.mka=00;36:*.mp3=00;36:*.mpc=00;36:*.ogg=00;36:*.ra=00;36:*.wav=00;36:*.oga=00;36:*.opus=00;36:*.spx=00;36:*.xspf=00;36:' XDG_CURRENT_DESKTOP=GNOME INFOPATH=/usr/share/info:/usr/share/gcc-data/x86_64-pc-linux-gnu/10.2.0/info:/usr/share/binutils-data/x86_64-pc-linux-gnu/2.45/info:/usr/share/automake-1.16.5/info JAVAC=/etc/java-config-2/current-system-vm/bin/javac TERM=xterm-256color LESSOPEN='|lesspipe %s' USER=jpmurphy CROS_WORKON_SRCROOT=/mnt/host/source MANPAGER=manpager DISPLAY=:1 SHLVL=1 LC_MESSAGES=C EXTERNAL_TRUNK_PATH=/mnt/8f9d649a-3721-44cc-93c0-e6bd21a9689f/chromiumos GCC_SPECS='' PATH=/mnt/host/source/chromite/bin:/usr/local/bin:/usr/bin:/bin:/opt/bin:/mnt/host/source/chromite/sdk/bin:/mnt/host/source/chromite/bin PORTAGE_USERNAME=jpmurphy SUDO_UID=0 GCC_VER=10.2.0 MAIL=/var/mail/jpmurphy OLDPWD=/mnt/host/source/src/scripts traceparent=00-e87aca51550a78635907baa6a2476181-6d684811675d2973-01 _=./zephyr/firmware_builder.py COREBOOT_SDK_ROOT_x86=/home/jpmurphy/.cache/coreboot-sdk/i386-elf/dfbb0486385d938cfa9d73080b9d18d598ed4f49 COREBOOT_SDK_ROOT_picolibc_x86=/home/jpmurphy/.cache/coreboot-sdk/picolibc-i386-elf/eb8e8e687b95461de8cbf278f1c2076952d0ad17 COREBOOT_SDK_ROOT_riscv64=/home/jpmurphy/.cache/coreboot-sdk/riscv64-elf/96b949749225b6aaa92ed810ab769e8dfb12f000 COREBOOT_SDK_ROOT_picolibc_arm=/home/jpmurphy/.cache/coreboot-sdk/picolibc-arm-eabi/422a2aa3e1ef891b5bece9a3deb696ff83840d2e COREBOOT_SDK_ROOT_nds32=/home/jpmurphy/.cache/coreboot-sdk/nds32le-elf/d1a518c4a097666d86058e1444f85ca015d15511 COREBOOT_SDK_ROOT_picolibc_riscv64=/home/jpmurphy/.cache/coreboot-sdk/picolibc-riscv64-elf/f571e990ef0278564b31124f8bb109d9a697eb69 COREBOOT_SDK_ROOT_arm=/home/jpmurphy/.cache/coreboot-sdk/arm-eabi/ea40ddd1d190c3b48435c474c0b545719371813a COREBOOT_SDK_ROOT_libstdcxx_riscv64=/home/jpmurphy/.cache/coreboot-sdk/libstdcxx-riscv64-elf/17abf22a3a252e2d5d2062ced5324f7a623689e0 COREBOOT_SDK_ROOT_libstdcxx_arm=/home/jpmurphy/.cache/coreboot-sdk/libstdcxx-arm-eabi/5d7d82e150e44aa1968f1d366e267e6687b328ac COREBOOT_SDK_ROOT_riscv=/home/jpmurphy/.cache/coreboot-sdk/riscv-elf/9a27b9e82341c6e9126624f516ab3f261abb3e73 COREBOOT_SDK_ROOT_libstdcxx_x86=/home/jpmurphy/.cache/coreboot-sdk/libstdcxx-i386-elf/42ef9d2e87a76a37963175d7d428734e65648b87 PYTHONPATH=/mnt/host/source/src/platform/ec/zephyr/zmake PW_PIGWEED_CIPD_INSTALL_DIR=/usr CROSTC_USER_ACKNOWLEDGES_THAT_RISCV_IS_EXPERIMENTAL=1 MAKEFLAGS=' -j16 --jobserver-auth=5,6' /usr/bin/ninja -C /mnt/host/source/src/platform/ec/build/zephyr/brox-ish-ec/build-ro all.libraries`
[padme:rw] [352/360] Building C object zephyr/kernel/CMakeFiles/kernel.dir/thread_monitor.c.obj
[brox-ish-ec:ro] ninja: Entering directory `/mnt/host/source/src/platform/ec/build/zephyr/brox-ish-ec/build-ro'
[padme:rw] [353/360] Building C object zephyr/kernel/CMakeFiles/kernel.dir/mempool.c.obj
[padme:rw] [354/360] Building C object zephyr/kernel/CMakeFiles/kernel.dir/timer.c.obj
[gwendolin:rw] [1/526] Preparing syscall dependency handling
[padme:rw] [355/360] Building C object zephyr/kernel/CMakeFiles/kernel.dir/sched.c.obj
[skyrim:ro] Building: /usr/bin/ninja -C /mnt/host/source/src/platform/ec/build/zephyr/skyrim/build-ro all.libraries
Running `env -i SHELL=/bin/bash COLORTERM=truecolor DEPOT_TOOLS_UPDATE=0 LESS='-R -M --shift 5' SUDO_GID=0 JDK_HOME=/etc/java-config-2/current-system-vm CONFIG_PROTECT_MASK='/etc/gentoo-release /etc/sandbox.d /etc/fonts/fonts.conf /etc/terminfo /etc/ca-certificates.conf /etc/revdep-rebuild' CHROMEOS_CACHEDIR=/var/cache/chromeos-cache JAVA_HOME=/etc/java-config-2/current-system-vm SSH_AUTH_SOCK=/tmp/ssh-auth-sock SUDO_COMMAND=/bin/bash SUDO_USER=root SUDO_TTY=/dev/pts/2 EDITOR=/usr/bin/vi PWD=/mnt/host/source/src/platform/ec CONFIG_PROTECT=/usr/share/gnupg/qualified.txt LOGNAME=jpmurphy MANPATH=/etc/java-config-2/current-system-vm/man:/usr/local/share/man:/usr/share/man:/usr/share/gcc-data/x86_64-pc-linux-gnu/10.2.0/man:/usr/share/binutils-data/x86_64-pc-linux-gnu/2.45/man:/etc/java-config-2/current-system-vm/man/ SUDO_HOME=/root XAUTHORITY=/run/user/944457/gdm/Xauthority HOME=/home/jpmurphy LANG=C.UTF-8 LS_COLORS='rs=0:di=01;34:ln=01;36:mh=00:pi=40;33:so=01;35:do=01;35:bd=40;33;01:cd=40;33;01:or=01;05;37;41:mi=01;05;37;41:su=37;41:sg=30;43:ca=30;41:tw=30;42:ow=34;42:st=37;44:ex=01;32:*.tar=01;31:*.tgz=01;31:*.arc=01;31:*.arj=01;31:*.taz=01;31:*.lha=01;31:*.lz4=01;31:*.lzh=01;31:*.lzma=01;31:*.tlz=01;31:*.txz=01;31:*.tzo=01;31:*.t7z=01;31:*.zip=01;31:*.z=01;31:*.dz=01;31:*.gz=01;31:*.lrz=01;31:*.lz=01;31:*.lzo=01;31:*.xz=01;31:*.zst=01;31:*.tzst=01;31:*.bz2=01;31:*.bz=01;31:*.tbz=01;31:*.tbz2=01;31:*.tz=01;31:*.deb=01;31:*.rpm=01;31:*.jar=01;31:*.war=01;31:*.ear=01;31:*.sar=01;31:*.rar=01;31:*.alz=01;31:*.ace=01;31:*.zoo=01;31:*.cpio=01;31:*.7z=01;31:*.rz=01;31:*.cab=01;31:*.wim=01;31:*.swm=01;31:*.dwm=01;31:*.esd=01;31:*.jpg=01;35:*.jpeg=01;35:*.mjpg=01;35:*.mjpeg=01;35:*.gif=01;35:*.bmp=01;35:*.pbm=01;35:*.pgm=01;35:*.ppm=01;35:*.tga=01;35:*.xbm=01;35:*.xpm=01;35:*.tif=01;35:*.tiff=01;35:*.png=01;35:*.svg=01;35:*.svgz=01;35:*.mng=01;35:*.pcx=01;35:*.mov=01;35:*.mpg=01;35:*.mpeg=01;35:*.m2v=01;35:*.mkv=01;35:*.webm=01;35:*.webp=01;35:*.ogm=01;35:*.mp4=01;35:*.m4v=01;35:*.mp4v=01;35:*.vob=01;35:*.qt=01;35:*.nuv=01;35:*.wmv=01;35:*.asf=01;35:*.rm=01;35:*.rmvb=01;35:*.flc=01;35:*.avi=01;35:*.fli=01;35:*.flv=01;35:*.gl=01;35:*.dl=01;35:*.xcf=01;35:*.xwd=01;35:*.yuv=01;35:*.cgm=01;35:*.emf=01;35:*.ogv=01;35:*.ogx=01;35:*.cfg=00;32:*.conf=00;32:*.diff=00;32:*.doc=00;32:*.ini=00;32:*.log=00;32:*.patch=00;32:*.pdf=00;32:*.ps=00;32:*.tex=00;32:*.txt=00;32:*.aac=00;36:*.au=00;36:*.flac=00;36:*.m4a=00;36:*.mid=00;36:*.midi=00;36:*.mka=00;36:*.mp3=00;36:*.mpc=00;36:*.ogg=00;36:*.ra=00;36:*.wav=00;36:*.oga=00;36:*.opus=00;36:*.spx=00;36:*.xspf=00;36:' XDG_CURRENT_DESKTOP=GNOME INFOPATH=/usr/share/info:/usr/share/gcc-data/x86_64-pc-linux-gnu/10.2.0/info:/usr/share/binutils-data/x86_64-pc-linux-gnu/2.45/info:/usr/share/automake-1.16.5/info JAVAC=/etc/java-config-2/current-system-vm/bin/javac TERM=xterm-256color LESSOPEN='|lesspipe %s' USER=jpmurphy CROS_WORKON_SRCROOT=/mnt/host/source MANPAGER=manpager DISPLAY=:1 SHLVL=1 LC_MESSAGES=C EXTERNAL_TRUNK_PATH=/mnt/8f9d649a-3721-44cc-93c0-e6bd21a9689f/chromiumos GCC_SPECS='' PATH=/mnt/host/source/chromite/bin:/usr/local/bin:/usr/bin:/bin:/opt/bin:/mnt/host/source/chromite/sdk/bin:/mnt/host/source/chromite/bin PORTAGE_USERNAME=jpmurphy SUDO_UID=0 GCC_VER=10.2.0 MAIL=/var/mail/jpmurphy OLDPWD=/mnt/host/source/src/scripts traceparent=00-e87aca51550a78635907baa6a2476181-6d684811675d2973-01 _=./zephyr/firmware_builder.py COREBOOT_SDK_ROOT_x86=/home/jpmurphy/.cache/coreboot-sdk/i386-elf/dfbb0486385d938cfa9d73080b9d18d598ed4f49 COREBOOT_SDK_ROOT_picolibc_x86=/home/jpmurphy/.cache/coreboot-sdk/picolibc-i386-elf/eb8e8e687b95461de8cbf278f1c2076952d0ad17 COREBOOT_SDK_ROOT_riscv64=/home/jpmurphy/.cache/coreboot-sdk/riscv64-elf/96b949749225b6aaa92ed810ab769e8dfb12f000 COREBOOT_SDK_ROOT_picolibc_arm=/home/jpmurphy/.cache/coreboot-sdk/picolibc-arm-eabi/422a2aa3e1ef891b5bece9a3deb696ff83840d2e COREBOOT_SDK_ROOT_nds32=/home/jpmurphy/.cache/coreboot-sdk/nds32le-elf/d1a518c4a097666d86058e1444f85ca015d15511 COREBOOT_SDK_ROOT_picolibc_riscv64=/home/jpmurphy/.cache/coreboot-sdk/picolibc-riscv64-elf/f571e990ef0278564b31124f8bb109d9a697eb69 COREBOOT_SDK_ROOT_arm=/home/jpmurphy/.cache/coreboot-sdk/arm-eabi/ea40ddd1d190c3b48435c474c0b545719371813a COREBOOT_SDK_ROOT_libstdcxx_riscv64=/home/jpmurphy/.cache/coreboot-sdk/libstdcxx-riscv64-elf/17abf22a3a252e2d5d2062ced5324f7a623689e0 COREBOOT_SDK_ROOT_libstdcxx_arm=/home/jpmurphy/.cache/coreboot-sdk/libstdcxx-arm-eabi/5d7d82e150e44aa1968f1d366e267e6687b328ac COREBOOT_SDK_ROOT_riscv=/home/jpmurphy/.cache/coreboot-sdk/riscv-elf/9a27b9e82341c6e9126624f516ab3f261abb3e73 COREBOOT_SDK_ROOT_libstdcxx_x86=/home/jpmurphy/.cache/coreboot-sdk/libstdcxx-i386-elf/42ef9d2e87a76a37963175d7d428734e65648b87 PYTHONPATH=/mnt/host/source/src/platform/ec/zephyr/zmake PW_PIGWEED_CIPD_INSTALL_DIR=/usr CROSTC_USER_ACKNOWLEDGES_THAT_RISCV_IS_EXPERIMENTAL=1 MAKEFLAGS=' -j16 --jobserver-auth=5,6' /usr/bin/ninja -C /mnt/host/source/src/platform/ec/build/zephyr/skyrim/build-ro all.libraries`
[padme:rw] [356/360] Building C object zephyr/kernel/CMakeFiles/kernel.dir/events.c.obj
[skyrim:ro] ninja: Entering directory `/mnt/host/source/src/platform/ec/build/zephyr/skyrim/build-ro'
[gwendolin:ro] [1/513] Preparing syscall dependency handling
[padme:rw] [357/360] Building C object zephyr/kernel/CMakeFiles/kernel.dir/timeout.c.obj
[npcx7:ro] Building: /usr/bin/ninja -C /mnt/host/source/src/platform/ec/build/zephyr/npcx7/build-ro all.libraries
Running `env -i SHELL=/bin/bash COLORTERM=truecolor DEPOT_TOOLS_UPDATE=0 LESS='-R -M --shift 5' SUDO_GID=0 JDK_HOME=/etc/java-config-2/current-system-vm CONFIG_PROTECT_MASK='/etc/gentoo-release /etc/sandbox.d /etc/fonts/fonts.conf /etc/terminfo /etc/ca-certificates.conf /etc/revdep-rebuild' CHROMEOS_CACHEDIR=/var/cache/chromeos-cache JAVA_HOME=/etc/java-config-2/current-system-vm SSH_AUTH_SOCK=/tmp/ssh-auth-sock SUDO_COMMAND=/bin/bash SUDO_USER=root SUDO_TTY=/dev/pts/2 EDITOR=/usr/bin/vi PWD=/mnt/host/source/src/platform/ec CONFIG_PROTECT=/usr/share/gnupg/qualified.txt LOGNAME=jpmurphy MANPATH=/etc/java-config-2/current-system-vm/man:/usr/local/share/man:/usr/share/man:/usr/share/gcc-data/x86_64-pc-linux-gnu/10.2.0/man:/usr/share/binutils-data/x86_64-pc-linux-gnu/2.45/man:/etc/java-config-2/current-system-vm/man/ SUDO_HOME=/root XAUTHORITY=/run/user/944457/gdm/Xauthority HOME=/home/jpmurphy LANG=C.UTF-8 LS_COLORS='rs=0:di=01;34:ln=01;36:mh=00:pi=40;33:so=01;35:do=01;35:bd=40;33;01:cd=40;33;01:or=01;05;37;41:mi=01;05;37;41:su=37;41:sg=30;43:ca=30;41:tw=30;42:ow=34;42:st=37;44:ex=01;32:*.tar=01;31:*.tgz=01;31:*.arc=01;31:*.arj=01;31:*.taz=01;31:*.lha=01;31:*.lz4=01;31:*.lzh=01;31:*.lzma=01;31:*.tlz=01;31:*.txz=01;31:*.tzo=01;31:*.t7z=01;31:*.zip=01;31:*.z=01;31:*.dz=01;31:*.gz=01;31:*.lrz=01;31:*.lz=01;31:*.lzo=01;31:*.xz=01;31:*.zst=01;31:*.tzst=01;31:*.bz2=01;31:*.bz=01;31:*.tbz=01;31:*.tbz2=01;31:*.tz=01;31:*.deb=01;31:*.rpm=01;31:*.jar=01;31:*.war=01;31:*.ear=01;31:*.sar=01;31:*.rar=01;31:*.alz=01;31:*.ace=01;31:*.zoo=01;31:*.cpio=01;31:*.7z=01;31:*.rz=01;31:*.cab=01;31:*.wim=01;31:*.swm=01;31:*.dwm=01;31:*.esd=01;31:*.jpg=01;35:*.jpeg=01;35:*.mjpg=01;35:*.mjpeg=01;35:*.gif=01;35:*.bmp=01;35:*.pbm=01;35:*.pgm=01;35:*.ppm=01;35:*.tga=01;35:*.xbm=01;35:*.xpm=01;35:*.tif=01;35:*.tiff=01;35:*.png=01;35:*.svg=01;35:*.svgz=01;35:*.mng=01;35:*.pcx=01;35:*.mov=01;35:*.mpg=01;35:*.mpeg=01;35:*.m2v=01;35:*.mkv=01;35:*.webm=01;35:*.webp=01;35:*.ogm=01;35:*.mp4=01;35:*.m4v=01;35:*.mp4v=01;35:*.vob=01;35:*.qt=01;35:*.nuv=01;35:*.wmv=01;35:*.asf=01;35:*.rm=01;35:*.rmvb=01;35:*.flc=01;35:*.avi=01;35:*.fli=01;35:*.flv=01;35:*.gl=01;35:*.dl=01;35:*.xcf=01;35:*.xwd=01;35:*.yuv=01;35:*.cgm=01;35:*.emf=01;35:*.ogv=01;35:*.ogx=01;35:*.cfg=00;32:*.conf=00;32:*.diff=00;32:*.doc=00;32:*.ini=00;32:*.log=00;32:*.patch=00;32:*.pdf=00;32:*.ps=00;32:*.tex=00;32:*.txt=00;32:*.aac=00;36:*.au=00;36:*.flac=00;36:*.m4a=00;36:*.mid=00;36:*.midi=00;36:*.mka=00;36:*.mp3=00;36:*.mpc=00;36:*.ogg=00;36:*.ra=00;36:*.wav=00;36:*.oga=00;36:*.opus=00;36:*.spx=00;36:*.xspf=00;36:' XDG_CURRENT_DESKTOP=GNOME INFOPATH=/usr/share/info:/usr/share/gcc-data/x86_64-pc-linux-gnu/10.2.0/info:/usr/share/binutils-data/x86_64-pc-linux-gnu/2.45/info:/usr/share/automake-1.16.5/info JAVAC=/etc/java-config-2/current-system-vm/bin/javac TERM=xterm-256color LESSOPEN='|lesspipe %s' USER=jpmurphy CROS_WORKON_SRCROOT=/mnt/host/source MANPAGER=manpager DISPLAY=:1 SHLVL=1 LC_MESSAGES=C EXTERNAL_TRUNK_PATH=/mnt/8f9d649a-3721-44cc-93c0-e6bd21a9689f/chromiumos GCC_SPECS='' PATH=/mnt/host/source/chromite/bin:/usr/local/bin:/usr/bin:/bin:/opt/bin:/mnt/host/source/chromite/sdk/bin:/mnt/host/source/chromite/bin PORTAGE_USERNAME=jpmurphy SUDO_UID=0 GCC_VER=10.2.0 MAIL=/var/mail/jpmurphy OLDPWD=/mnt/host/source/src/scripts traceparent=00-e87aca51550a78635907baa6a2476181-6d684811675d2973-01 _=./zephyr/firmware_builder.py COREBOOT_SDK_ROOT_x86=/home/jpmurphy/.cache/coreboot-sdk/i386-elf/dfbb0486385d938cfa9d73080b9d18d598ed4f49 COREBOOT_SDK_ROOT_picolibc_x86=/home/jpmurphy/.cache/coreboot-sdk/picolibc-i386-elf/eb8e8e687b95461de8cbf278f1c2076952d0ad17 COREBOOT_SDK_ROOT_riscv64=/home/jpmurphy/.cache/coreboot-sdk/riscv64-elf/96b949749225b6aaa92ed810ab769e8dfb12f000 COREBOOT_SDK_ROOT_picolibc_arm=/home/jpmurphy/.cache/coreboot-sdk/picolibc-arm-eabi/422a2aa3e1ef891b5bece9a3deb696ff83840d2e COREBOOT_SDK_ROOT_nds32=/home/jpmurphy/.cache/coreboot-sdk/nds32le-elf/d1a518c4a097666d86058e1444f85ca015d15511 COREBOOT_SDK_ROOT_picolibc_riscv64=/home/jpmurphy/.cache/coreboot-sdk/picolibc-riscv64-elf/f571e990ef0278564b31124f8bb109d9a697eb69 COREBOOT_SDK_ROOT_arm=/home/jpmurphy/.cache/coreboot-sdk/arm-eabi/ea40ddd1d190c3b48435c474c0b545719371813a COREBOOT_SDK_ROOT_libstdcxx_riscv64=/home/jpmurphy/.cache/coreboot-sdk/libstdcxx-riscv64-elf/17abf22a3a252e2d5d2062ced5324f7a623689e0 COREBOOT_SDK_ROOT_libstdcxx_arm=/home/jpmurphy/.cache/coreboot-sdk/libstdcxx-arm-eabi/5d7d82e150e44aa1968f1d366e267e6687b328ac COREBOOT_SDK_ROOT_riscv=/home/jpmurphy/.cache/coreboot-sdk/riscv-elf/9a27b9e82341c6e9126624f516ab3f261abb3e73 COREBOOT_SDK_ROOT_libstdcxx_x86=/home/jpmurphy/.cache/coreboot-sdk/libstdcxx-i386-elf/42ef9d2e87a76a37963175d7d428734e65648b87 PYTHONPATH=/mnt/host/source/src/platform/ec/zephyr/zmake PW_PIGWEED_CIPD_INSTALL_DIR=/usr CROSTC_USER_ACKNOWLEDGES_THAT_RISCV_IS_EXPERIMENTAL=1 MAKEFLAGS=' -j16 --jobserver-auth=5,6' /usr/bin/ninja -C /mnt/host/source/src/platform/ec/build/zephyr/npcx7/build-ro all.libraries`
[npcx7:ro] ninja: Entering directory `/mnt/host/source/src/platform/ec/build/zephyr/npcx7/build-ro'
[gwendolin:rw] [2/526] Generating misc/generated/syscalls_subdirs.trigger
[gwendolin:rw] [3/526] cd /mnt/host/source/src/platform/ec/build/zephyr/gwendolin/build-rw/modules/ec/zephyr && PYTHONPATH=/mnt/host/source/src/platform/ec/build/zephyr/gwendolin/modules/ec/zephyr/zmake/ /usr/bin/python3.11 /mnt/host/source/src/platform/ec/build/zephyr/gwendolin/modules/ec/zephyr/zmake/zephyr_build_tools/generate_ec_version.py /mnt/host/source/src/platform/ec/build/zephyr/gwendolin/build-rw/modules/ec/zephyr/include/ec_version.h --name Zephyr-Kernel --version 16543.0.0 --static
[gwendolin:rw] INFO:root:Using a static version string
[padme:rw] [358/360] Building C object zephyr/kernel/CMakeFiles/kernel.dir/poll.c.obj
[gwendolin:ro] [2/513] Generating misc/generated/syscalls_subdirs.trigger
[npcx7:ro] [1/320] Preparing syscall dependency handling
[npcx7:ro] [2/320] Generating misc/generated/syscalls_subdirs.trigger
[padme:rw] [359/360] Building C object zephyr/kernel/CMakeFiles/kernel.dir/dynamic_disabled.c.obj
[brox-ish-ec:ro] [1/378] Preparing syscall dependency handling
[gwendolin:rw] INFO:root:Version string: Zephyr-Kernel-16543.0.0
[brox-ish-ec:rw] [36/378] Building C object zephyr/CMakeFiles/zephyr.dir/soc/ite/ec/it8xxx2/soc.c.obj
[gwendolin:rw] INFO:root:Writing header to /mnt/host/source/src/platform/ec/build/zephyr/gwendolin/build-rw/modules/ec/zephyr/include/ec_version.h
[gwendolin:rw] [4/526] Generating include/generated/zephyr/version.h
[wyrdeer:ro] Configuring.
Running `env -i PYTHONPATH=/usr/lib64/python-exec/python3.11:/mnt/host/source/src/platform/ec/zephyr/zmake:/usr/lib/python311.zip:/usr/lib/python3.11:/usr/lib/python3.11/lib-dynload:/usr/lib/python3.11/site-packages PW_PIGWEED_CIPD_INSTALL_DIR=/usr CROSTC_USER_ACKNOWLEDGES_THAT_RISCV_IS_EXPERIMENTAL=1 PATH=/mnt/host/source/chromite/bin:/usr/local/bin:/usr/bin:/bin:/opt/bin:/mnt/host/source/chromite/sdk/bin:/mnt/host/source/chromite/bin HOME=/home/jpmurphy JAVA_HOME=/etc/java-config-2/current-system-vm JDK_HOME=/etc/java-config-2/current-system-vm JAVAC=/etc/java-config-2/current-system-vm/bin/javac MAKEFLAGS=' -j16 --jobserver-auth=5,6' /usr/bin/cmake -S /mnt/host/source/src/platform/ec/zephyr/program/corsola -B /mnt/host/source/src/platform/ec/build/zephyr/wyrdeer/build-ro -GNinja -DCMAKE_EXPORT_COMPILE_COMMANDS=ON -DZEPHYR_BASE=/mnt/host/source/src/third_party/zephyr/main -DZMAKE_INCLUDE_DIR=/mnt/host/source/src/platform/ec/build/zephyr/wyrdeer/include -DPython3_EXECUTABLE=/usr/bin/python3.11 -DDTS_ROOT=/mnt/host/source/src/platform/ec/zephyr -DSYSCALL_INCLUDE_DIRS=/mnt/host/source/src/platform/ec/zephyr/include/drivers -DUSER_CACHE_DIR=/mnt/host/source/src/platform/ec/build/zephyr/user-cache '-DEXTRA_EC_VERSION_FLAGS=--version 16543.0.0 --static' -DTOOLCHAIN_ROOT=/mnt/host/source/src/platform/ec/zephyr -DCOREBOOT_SDK_ROOT_x86=/home/jpmurphy/.cache/coreboot-sdk/i386-elf/dfbb0486385d938cfa9d73080b9d18d598ed4f49 -DCOREBOOT_SDK_ROOT_picolibc_x86=/home/jpmurphy/.cache/coreboot-sdk/picolibc-i386-elf/eb8e8e687b95461de8cbf278f1c2076952d0ad17 -DCOREBOOT_SDK_ROOT_riscv64=/home/jpmurphy/.cache/coreboot-sdk/riscv64-elf/96b949749225b6aaa92ed810ab769e8dfb12f000 -DCOREBOOT_SDK_ROOT_picolibc_arm=/home/jpmurphy/.cache/coreboot-sdk/picolibc-arm-eabi/422a2aa3e1ef891b5bece9a3deb696ff83840d2e -DCOREBOOT_SDK_ROOT_nds32=/home/jpmurphy/.cache/coreboot-sdk/nds32le-elf/d1a518c4a097666d86058e1444f85ca015d15511 -DCOREBOOT_SDK_ROOT_picolibc_riscv64=/home/jpmurphy/.cache/coreboot-sdk/picolibc-riscv64-elf/f571e990ef0278564b31124f8bb109d9a697eb69 -DCOREBOOT_SDK_ROOT_arm=/home/jpmurphy/.cache/coreboot-sdk/arm-eabi/ea40ddd1d190c3b48435c474c0b545719371813a -DCOREBOOT_SDK_ROOT_libstdcxx_riscv64=/home/jpmurphy/.cache/coreboot-sdk/libstdcxx-riscv64-elf/17abf22a3a252e2d5d2062ced5324f7a623689e0 -DCOREBOOT_SDK_ROOT_libstdcxx_arm=/home/jpmurphy/.cache/coreboot-sdk/libstdcxx-arm-eabi/5d7d82e150e44aa1968f1d366e267e6687b328ac -DCOREBOOT_SDK_ROOT_riscv=/home/jpmurphy/.cache/coreboot-sdk/riscv-elf/9a27b9e82341c6e9126624f516ab3f261abb3e73 -DCOREBOOT_SDK_ROOT_libstdcxx_x86=/home/jpmurphy/.cache/coreboot-sdk/libstdcxx-i386-elf/42ef9d2e87a76a37963175d7d428734e65648b87 -DZEPHYR_TOOLCHAIN_VARIANT=coreboot-sdk -DZEPHYR_MODULES=/mnt/host/source/src/platform/ec/build/zephyr/wyrdeer/modules/ec -DDTC_OVERLAY_FILE=/mnt/host/source/src/platform/ec/zephyr/program/corsola/wyrdeer/project.overlay -DBOARD=it8xxx2/it81202bx -DCMAKE_C_FLAGS=-DSECTION_IS_RO '-DCONF_FILE=/mnt/host/source/src/platform/ec/zephyr/program/corsola/program.conf;/mnt/host/source/src/platform/ec/zephyr/program/corsola/ite_program.conf;/mnt/host/source/src/platform/ec/zephyr/program/corsola/wyrdeer/project.conf;/mnt/host/source/src/platform/ec/build/zephyr/wyrdeer/kconfig-ro.conf'`
[wyrdeer:ro] Loading Zephyr default modules (Zephyr base (cached)).
[wyrdeer:ro] -- Application: /mnt/host/source/src/platform/ec/zephyr/program/corsola
[brox-ish-ec:ro] [2/378] Generating misc/generated/syscalls_subdirs.trigger
[padme:rw] [360/360] Linking C static library zephyr/kernel/libkernel.a
[gwendolin:ro] [3/513] Generating include/generated/zephyr/version.h
[gwendolin:ro] -- git describe warned: warning: tag 'upstream/v2.7.99' is externally known as 'v2.7.99'
[padme:ro] [27/360] Building C object CMakeFiles/app.dir/mnt/host/source/src/platform/ec/build/zephyr/padme/modules/ec/common/gpio_commands.c.obj
[brox-ish-ec:ro] [3/378] Generating include/generated/zephyr/version.h
[gwendolin:ro] -- Zephyr version: 4.3.99 (/mnt/host/source/src/third_party/zephyr/main)
[gwendolin:ro] [4/513] cd /mnt/host/source/src/platform/ec/build/zephyr/gwendolin/build-ro/modules/ec/zephyr && PYTHONPATH=/mnt/host/source/src/platform/ec/build/zephyr/gwendolin/modules/ec/zephyr/zmake/ /usr/bin/python3.11 /mnt/host/source/src/platform/ec/build/zephyr/gwendolin/modules/ec/zephyr/zmake/zephyr_build_tools/generate_ec_version.py /mnt/host/source/src/platform/ec/build/zephyr/gwendolin/build-ro/modules/ec/zephyr/include/ec_version.h --name Zephyr-Kernel --version 16543.0.0 --static
[skyrim:ro] [1/417] Preparing syscall dependency handling
[padme:ro] [28/360] Building C object CMakeFiles/app.dir/mnt/host/source/src/platform/ec/build/zephyr/padme/modules/ec/common/peripheral.c.obj
[brox-ish-ec:ro] -- git describe warned: warning: tag 'upstream/v2.7.99' is externally known as 'v2.7.99'
[brox-ish-ec:ro] -- Zephyr version: 4.3.99 (/mnt/host/source/src/third_party/zephyr/main)
[brox-ish-ec:ro] [4/378] cd /mnt/host/source/src/platform/ec/build/zephyr/brox-ish-ec/build-ro/modules/ec/zephyr && PYTHONPATH=/mnt/host/source/src/platform/ec/build/zephyr/brox-ish-ec/modules/ec/zephyr/zmake/ /usr/bin/python3.11 /mnt/host/source/src/platform/ec/build/zephyr/brox-ish-ec/modules/ec/zephyr/zmake/zephyr_build_tools/generate_ec_version.py /mnt/host/source/src/platform/ec/build/zephyr/brox-ish-ec/build-ro/modules/ec/zephyr/include/ec_version.h --name Zephyr-Kernel --version 16543.0.0 --static
[brox-ish-ec:ro] INFO:root:Using a static version string
[npcx7:ro] [3/320] Generating include/generated/zephyr/version.h
[skyrim:ro] [2/417] Generating misc/generated/syscalls_subdirs.trigger
[skyrim:ro] [3/417] Generating include/generated/zephyr/version.h
[wyrdeer:ro] -- CMake version: 3.31.7
[wyrdeer:ro] -- Found Python3: /usr/bin/python3.11 (found suitable version "3.11.11", minimum required is "3.10") found components: Interpreter
[wyrdeer:ro] -- Cache files will be written to: /mnt/host/source/src/platform/ec/build/zephyr/user-cache
[wyrdeer:ro] -- Zephyr version: 4.3.99 (/mnt/host/source/src/third_party/zephyr/main)
[skyrim:ro] -- git describe warned: warning: tag 'upstream/v2.7.99' is externally known as 'v2.7.99'
[skyrim:ro] -- Zephyr version: 4.3.99 (/mnt/host/source/src/third_party/zephyr/main)
[skyrim:ro] [4/417] cd /mnt/host/source/src/platform/ec/build/zephyr/skyrim/build-ro/modules/ec/zephyr && PYTHONPATH=/mnt/host/source/src/platform/ec/build/zephyr/skyrim/modules/ec/zephyr/zmake/ /usr/bin/python3.11 /mnt/host/source/src/platform/ec/build/zephyr/skyrim/modules/ec/zephyr/zmake/zephyr_build_tools/generate_ec_version.py /mnt/host/source/src/platform/ec/build/zephyr/skyrim/build-ro/modules/ec/zephyr/include/ec_version.h --name Zephyr-Kernel --version 16543.0.0 --static
[npcx7:ro] -- git describe warned: warning: tag 'upstream/v2.7.99' is externally known as 'v2.7.99'
[npcx7:ro] -- Zephyr version: 4.3.99 (/mnt/host/source/src/third_party/zephyr/main)
[npcx7:ro] [4/320] cd /mnt/host/source/src/platform/ec/build/zephyr/npcx7/build-ro/modules/ec/zephyr && PYTHONPATH=/mnt/host/source/src/platform/ec/build/zephyr/npcx7/modules/ec/zephyr/zmake/ /usr/bin/python3.11 /mnt/host/source/src/platform/ec/build/zephyr/npcx7/modules/ec/zephyr/zmake/zephyr_build_tools/generate_ec_version.py /mnt/host/source/src/platform/ec/build/zephyr/npcx7/build-ro/modules/ec/zephyr/include/ec_version.h --name Zephyr-Kernel --version 16543.0.0 --static
[brox-ish-ec:rw] [37/378] Building C object zephyr/CMakeFiles/zephyr.dir/soc/ite/ec/it8xxx2/check_regs.c.obj
[gwendolin:rw] -- git describe warned: warning: tag 'upstream/v2.7.99' is externally known as 'v2.7.99'
[gwendolin:rw] -- Zephyr version: 4.3.99 (/mnt/host/source/src/third_party/zephyr/main)
[gwendolin:rw] [5/526] Generating misc/generated/syscalls.json, misc/generated/struct_tags.json
[/mnt/host/source/src/platform/ec/build/zephyr/ocelotrvp-mchp-lcov]   /mnt/host/source/src/platform/ec/build/zephyr/ocelotrvp-mchp/build-ro/CMakeFiles/app.dir/mnt/host/source/src/platform/ec/build/zephyr/ocelotrvp-mchp/modules/ec/common/cbi_config.c.gcno:no functions found
[/mnt/host/source/src/platform/ec/build/zephyr/ocelotrvp-mchp-lcov] stderr:
[gwendolin:ro] INFO:root:Using a static version string
[gwendolin:ro] INFO:root:Version string: Zephyr-Kernel-16543.0.0
[gwendolin:ro] INFO:root:Writing header to /mnt/host/source/src/platform/ec/build/zephyr/gwendolin/build-ro/modules/ec/zephyr/include/ec_version.h
[gwendolin:ro] [5/513] Generating misc/generated/syscalls.json, misc/generated/struct_tags.json
[npcx7:ro] INFO:root:Using a static version string
[npcx7:ro] INFO:root:Version string: Zephyr-Kernel-16543.0.0
[brox-ish-ec:rw] [38/378] Building ASM object zephyr/CMakeFiles/zephyr.dir/soc/ite/ec/it8xxx2/vector.S.obj
[npcx7:ro] INFO:root:Writing header to /mnt/host/source/src/platform/ec/build/zephyr/npcx7/build-ro/modules/ec/zephyr/include/ec_version.h
[npcx7:ro] [5/320] Generating misc/generated/syscalls.json, misc/generated/struct_tags.json
[gwendolin:rw] [6/526] Generating include/generated/zephyr/syscall_dispatch.c, include/generated/zephyr/syscall_exports_llext.c, syscall_weakdefs_llext.c, include/generated/zephyr/syscall_list.h
[npcx7:ro] [6/320] Generating include/generated/zephyr/syscall_dispatch.c, include/generated/zephyr/syscall_exports_llext.c, syscall_weakdefs_llext.c, include/generated/zephyr/syscall_list.h
[gwendolin:ro] [6/513] Generating include/generated/zephyr/syscall_dispatch.c, include/generated/zephyr/syscall_exports_llext.c, syscall_weakdefs_llext.c, include/generated/zephyr/syscall_list.h
[gwendolin:rw] [7/526] Generating include/generated/zephyr/kobj-types-enum.h, include/generated/zephyr/otype-to-str.h, include/generated/zephyr/otype-to-size.h
[brox-ish-ec:ro] INFO:root:Version string: Zephyr-Kernel-16543.0.0
[brox-ish-ec:ro] INFO:root:Writing header to /mnt/host/source/src/platform/ec/build/zephyr/brox-ish-ec/build-ro/modules/ec/zephyr/include/ec_version.h
[brox-ish-ec:ro] [5/378] Generating misc/generated/syscalls.json, misc/generated/struct_tags.json
[gwendolin:rw] [8/526] Generating include/generated/zephyr/driver-validation.h
[gwendolin:rw] [9/526] Generating include/generated/device-api-sections.ld, include/generated/device-api-sections.cmake
[padme:ro] [29/360] Building C object CMakeFiles/app.dir/mnt/host/source/src/platform/ec/build/zephyr/padme/modules/ec/common/printf.c.obj
[padme:ro] [30/360] Building C object CMakeFiles/app.dir/mnt/host/source/src/platform/ec/build/zephyr/padme/modules/ec/common/queue.c.obj
[npcx7:ro] [7/320] Generating include/generated/zephyr/driver-validation.h
[gwendolin:ro] [7/513] Generating include/generated/zephyr/driver-validation.h
[brox-ish-ec:ro] [6/378] Generating include/generated/zephyr/syscall_dispatch.c, include/generated/zephyr/syscall_exports_llext.c, syscall_weakdefs_llext.c, include/generated/zephyr/syscall_list.h
[skyrim:ro] INFO:root:Using a static version string
[skyrim:ro] INFO:root:Version string: Zephyr-Kernel-16543.0.0
[skyrim:ro] INFO:root:Writing header to /mnt/host/source/src/platform/ec/build/zephyr/skyrim/build-ro/modules/ec/zephyr/include/ec_version.h
[skyrim:ro] [5/417] Generating misc/generated/syscalls.json, misc/generated/struct_tags.json
[brox-ish-ec:ro] [7/378] Generating include/generated/zephyr/driver-validation.h
[gwendolin:ro] [8/513] Generating include/generated/device-api-sections.ld, include/generated/device-api-sections.cmake
[npcx7:ro] [8/320] Generating include/generated/zephyr/kobj-types-enum.h, include/generated/zephyr/otype-to-str.h, include/generated/zephyr/otype-to-size.h
[gwendolin:ro] [9/513] Generating include/generated/zephyr/kobj-types-enum.h, include/generated/zephyr/otype-to-str.h, include/generated/zephyr/otype-to-size.h
[brox-ish-ec:ro] [8/378] Generating include/generated/device-api-sections.ld, include/generated/device-api-sections.cmake
[brox-ish-ec:rw] [39/378] Building C object zephyr/CMakeFiles/zephyr.dir/soc/ite/ec/it8xxx2/ilm.c.obj
[brox-ish-ec:ro] [9/378] Generating include/generated/zephyr/kobj-types-enum.h, include/generated/zephyr/otype-to-str.h, include/generated/zephyr/otype-to-size.h
[npcx7:ro] [9/320] Generating include/generated/device-api-sections.ld, include/generated/device-api-sections.cmake
[skyrim:ro] [6/417] Generating include/generated/zephyr/syscall_dispatch.c, include/generated/zephyr/syscall_exports_llext.c, syscall_weakdefs_llext.c, include/generated/zephyr/syscall_list.h
[brox-ish-ec:rw] [40/378] Building C object zephyr/CMakeFiles/zephyr.dir/subsys/pm/state.c.obj
[brox-ish-ec:rw] [41/378] Building C object zephyr/CMakeFiles/zephyr.dir/subsys/logging/log_minimal.c.obj
[brox-ish-ec:rw] [42/378] Building C object zephyr/CMakeFiles/zephyr.dir/subsys/pm/pm.c.obj
[skyrim:ro] [7/417] Generating include/generated/zephyr/driver-validation.h
[gwendolin:rw] [10/526] Building C object zephyr/CMakeFiles/offsets.dir/arch/arm/core/offsets/offsets.c.obj
[wyrdeer:ro] -- Board: it8xxx2, qualifiers: it81202bx
[skyrim:ro] [8/417] Generating include/generated/zephyr/kobj-types-enum.h, include/generated/zephyr/otype-to-str.h, include/generated/zephyr/otype-to-size.h
[skyrim:ro] [9/417] Generating include/generated/device-api-sections.ld, include/generated/device-api-sections.cmake
[gwendolin:rw] [11/526] Generating include/generated/zephyr/offsets.h
[padme:ro] [31/360] Building C object CMakeFiles/app.dir/mnt/host/source/src/platform/ec/build/zephyr/padme/modules/ec/common/system_boot_time.c.obj
[/mnt/host/source/src/platform/ec/build/zephyr/ocelotrvp-mchp-lcov]   /mnt/host/source/src/platform/ec/build/zephyr/ocelotrvp-mchp/build-ro/zephyr/arch/arch/arm/core/mpu/CMakeFiles/arch__arm__core__mpu.dir/arm_mpu_regions.c.gcno:no functions found
[/mnt/host/source/src/platform/ec/build/zephyr/ocelotrvp-mchp-lcov] stderr:
[brox-ish-ec:rw] [43/378] Building C object zephyr/CMakeFiles/zephyr.dir/subsys/pm/policy/policy_events.c.obj
[brox-ish-ec:ro] [10/378] Building C object zephyr/CMakeFiles/offsets.dir/arch/riscv/core/offsets/offsets.c.obj
[npcx7:ro] [10/320] Building C object zephyr/CMakeFiles/offsets.dir/arch/arm/core/offsets/offsets.c.obj
[brox-ish-ec:rw] [44/378] Building C object zephyr/CMakeFiles/zephyr.dir/subsys/pm/policy/policy_state_lock.c.obj
[padme:ro] [32/360] Building C object CMakeFiles/app.dir/mnt/host/source/src/platform/ec/build/zephyr/padme/modules/ec/common/uart_printf.c.obj
[gwendolin:ro] [10/513] Building C object zephyr/CMakeFiles/offsets.dir/arch/arm/core/offsets/offsets.c.obj
[brox-ish-ec:rw] [45/378] Building C object zephyr/CMakeFiles/zephyr.dir/subsys/pm/policy/policy_latency.c.obj
[npcx7:ro] [11/320] Generating include/generated/zephyr/offsets.h
[padme:ro] [33/360] Building C object CMakeFiles/app.dir/mnt/host/source/src/platform/ec/build/zephyr/padme/modules/ec/common/system.c.obj
[brox-ish-ec:ro] [11/378] Generating include/generated/zephyr/offsets.h
[brox-ish-ec:rw] [46/378] Building C object zephyr/CMakeFiles/zephyr.dir/subsys/pm/device.c.obj
[gwendolin:ro] [11/513] Generating include/generated/zephyr/offsets.h
[gwendolin:rw] [12/526] Building C object CMakeFiles/app.dir/mnt/host/source/src/platform/ec/zephyr/subsys/ap_pwrseq/ap_events.c.obj
[brox-ish-ec:rw] [47/378] Building C object zephyr/CMakeFiles/zephyr.dir/subsys/pm/device_system_managed.c.obj
[skyrim:ro] [10/417] Building C object zephyr/CMakeFiles/offsets.dir/arch/arm/core/offsets/offsets.c.obj
[padme:ro] [34/360] Building C object CMakeFiles/app.dir/mnt/host/source/src/platform/ec/build/zephyr/padme/modules/ec/common/util.c.obj
[brox-ish-ec:rw] [48/378] Building C object zephyr/CMakeFiles/zephyr.dir/subsys/testsuite/coverage/coverage.c.obj
[npcx7:ro] [12/320] Building C object CMakeFiles/app.dir/mnt/host/source/src/platform/ec/zephyr/subsys/ap_pwrseq/ap_events.c.obj
[skyrim:ro] [11/417] Generating include/generated/zephyr/offsets.h
[brox-ish-ec:rw] [49/378] Building C object zephyr/CMakeFiles/zephyr.dir/subsys/tracing/tracing_none.c.obj
[padme:ro] [35/360] Building C object CMakeFiles/app.dir/mnt/host/source/src/platform/ec/build/zephyr/padme/modules/ec/common/version.c.obj
[brox-ish-ec:rw] [50/378] Building C object zephyr/CMakeFiles/zephyr.dir/subsys/pm/device_runtime.c.obj
[brox-ish-ec:ro] [12/378] Building C object CMakeFiles/app.dir/mnt/host/source/src/platform/ec/zephyr/subsys/ap_pwrseq/ap_events.c.obj
[/mnt/host/source/src/platform/ec/build/zephyr/ocelotrvp-mchp-lcov]   /mnt/host/source/src/platform/ec/build/zephyr/ocelotrvp-mchp/build-ro/zephyr/arch/common/CMakeFiles/isr_tables.dir/isr_tables.c.gcno:no functions found
[/mnt/host/source/src/platform/ec/build/zephyr/ocelotrvp-mchp-lcov] stderr:
[gwendolin:ro] [12/513] Building C object CMakeFiles/app.dir/mnt/host/source/src/platform/ec/zephyr/subsys/ap_pwrseq/ap_events.c.obj
[padme:ro] [36/360] Building C object CMakeFiles/app.dir/mnt/host/source/src/platform/ec/build/zephyr/padme/modules/ec/driver/accelgyro_bmi_common.c.obj
[gwendolin:rw] [13/526] Building C object CMakeFiles/app.dir/mnt/host/source/src/platform/ec/zephyr/subsys/fingerprint/alg/egis_egis630_bio_alg.c.obj
[brox-ish-ec:rw] [51/378] Building C object zephyr/CMakeFiles/zephyr.dir/subsys/shell/modules/kernel_service/kernel_shell.c.obj
[brox-ish-ec:rw] [52/378] Building C object zephyr/CMakeFiles/zephyr.dir/subsys/shell/modules/kernel_service/cycles.c.obj
[npcx7:ro] [13/320] Building C object CMakeFiles/app.dir/mnt/host/source/src/platform/ec/build/zephyr/npcx7/modules/ec/builtin/stdlib.c.obj
[wyrdeer:ro] -- Found Dtc: /usr/bin/dtc (found suitable version "1.6.0", minimum required is "1.4.6")
[wyrdeer:ro] -- Found BOARD.dts: /mnt/host/source/src/platform/ec/zephyr/boards/google/it8xxx2/it8xxx2_it81202bx.dts
[wyrdeer:ro] -- Found devicetree overlay: /mnt/host/source/src/platform/ec/zephyr/program/corsola/wyrdeer/project.overlay
[brox-ish-ec:rw] [53/378] Building C object zephyr/CMakeFiles/zephyr.dir/subsys/shell/modules/kernel_service/sleep.c.obj
[gwendolin:rw] [14/526] Building C object modules/ec/third_party/boringssl/build/CMakeFiles/fipsmodule.dir/crypto/fipsmodule/bcm.c.obj
[skyrim:ro] [12/417] Building C object CMakeFiles/app.dir/mnt/host/source/src/platform/ec/zephyr/subsys/ap_pwrseq/ap_events.c.obj
[brox-ish-ec:rw] [54/378] Building C object zephyr/CMakeFiles/zephyr.dir/subsys/shell/modules/kernel_service/uptime.c.obj
[brox-ish-ec:ro] [13/378] Building C object CMakeFiles/app.dir/mnt/host/source/src/platform/ec/zephyr/subsys/ap_pwrseq/ap_power_interface.c.obj
[gwendolin:ro] [13/513] Building C object CMakeFiles/app.dir/mnt/host/source/src/platform/ec/build/zephyr/gwendolin/modules/ec/builtin/stdlib.c.obj
[padme:ro] [37/360] Building C object CMakeFiles/app.dir/mnt/host/source/src/platform/ec/build/zephyr/padme/modules/ec/driver/accelgyro_bmi3xx.c.obj
[padme:ro] [38/360] Building C object CMakeFiles/app.dir/mnt/host/source/src/platform/ec/build/zephyr/padme/modules/ec/driver/accelgyro_lsm6dsm.c.obj
[brox-ish-ec:rw] [55/378] Building C object zephyr/CMakeFiles/zephyr.dir/subsys/shell/modules/kernel_service/thread/thread.c.obj
[brox-ish-ec:rw] [56/378] Building C object zephyr/CMakeFiles/zephyr.dir/subsys/shell/modules/kernel_service/version.c.obj
[npcx7:ro] [14/320] Building C object CMakeFiles/app.dir/mnt/host/source/src/platform/ec/build/zephyr/npcx7/modules/ec/common/base32.c.obj
[gwendolin:rw] [15/526] Building C object CMakeFiles/app.dir/mnt/host/source/src/platform/ec/build/zephyr/gwendolin/modules/ec/builtin/stdlib.c.obj
[padme:ro] [39/360] Building C object CMakeFiles/app.dir/mnt/host/source/src/platform/ec/build/zephyr/padme/modules/ec/common/motion_sense_fifo.c.obj
[brox-ish-ec:rw] [57/378] Building C object zephyr/CMakeFiles/zephyr.dir/subsys/shell/modules/kernel_service/thread/list.c.obj
[gwendolin:rw] [16/526] Building C object CMakeFiles/app.dir/mnt/host/source/src/platform/ec/build/zephyr/gwendolin/modules/ec/common/base32.c.obj
[/mnt/host/source/src/platform/ec/build/zephyr/ptl-ish-lcov]   /mnt/host/source/src/platform/ec/build/zephyr/ptl-ish/build-singleimage/zephyr/CMakeFiles/zephyr.dir/lib/libc/validate_libc.c.gcno:no functions found
[/mnt/host/source/src/platform/ec/build/zephyr/ptl-ish-lcov] stderr:
[skyrim:ro] [13/417] Building C object CMakeFiles/app.dir/mnt/host/source/src/platform/ec/build/zephyr/skyrim/modules/ec/builtin/stdlib.c.obj
[brox-ish-ec:rw] [58/378] Building C object zephyr/CMakeFiles/zephyr.dir/subsys/shell/modules/kernel_service/thread/stacks.c.obj
[gwendolin:ro] [14/513] Building C object CMakeFiles/app.dir/mnt/host/source/src/platform/ec/build/zephyr/gwendolin/modules/ec/common/base32.c.obj
[brox-ish-ec:ro] [14/378] Building C object CMakeFiles/app.dir/mnt/host/source/src/platform/ec/zephyr/subsys/ap_pwrseq/power_signals.c.obj
[brox-ish-ec:rw] [59/378] Building C object zephyr/CMakeFiles/zephyr.dir/subsys/shell/modules/kernel_service/thread/unwind.c.obj
[padme:ro] [40/360] Building C object CMakeFiles/app.dir/mnt/host/source/src/platform/ec/build/zephyr/padme/modules/ec/common/base_state.c.obj
[brox-ish-ec:rw] [60/378] Building C object zephyr/CMakeFiles/zephyr.dir/subsys/shell/modules/kernel_service/thread/suspend.c.obj
[brox-ish-ec:rw] [61/378] Building C object zephyr/CMakeFiles/zephyr.dir/subsys/shell/modules/kernel_service/thread/resume.c.obj
[padme:ro] [41/360] Building C object CMakeFiles/app.dir/mnt/host/source/src/platform/ec/build/zephyr/padme/modules/ec/common/adc.c.obj
[npcx7:ro] [15/320] Building C object CMakeFiles/app.dir/mnt/host/source/src/platform/ec/build/zephyr/npcx7/modules/ec/common/console_output.c.obj
[gwendolin:rw] [17/526] Building C object CMakeFiles/app.dir/mnt/host/source/src/platform/ec/build/zephyr/gwendolin/modules/ec/common/console_output.c.obj
[wyrdeer:ro] node '/batteries/hq24u2s1p3l' compatible 'utl,hq24u2s1p3l' has unknown vendor prefix 'utl'
[gwendolin:rw] [18/526] Building C object CMakeFiles/app.dir/mnt/host/source/src/platform/ec/build/zephyr/gwendolin/modules/ec/common/ec_features.c.obj
[wyrdeer:ro] -- Generated zephyr.dts: /mnt/host/source/src/platform/ec/build/zephyr/wyrdeer/build-ro/zephyr/zephyr.dts
[wyrdeer:ro] -- Generated pickled edt: /mnt/host/source/src/platform/ec/build/zephyr/wyrdeer/build-ro/zephyr/edt.pickle
[padme:ro] [42/360] Building C object CMakeFiles/app.dir/mnt/host/source/src/platform/ec/build/zephyr/padme/modules/ec/common/battery.c.obj
[skyrim:ro] [14/417] Building C object CMakeFiles/app.dir/mnt/host/source/src/platform/ec/build/zephyr/skyrim/modules/ec/common/base32.c.obj
[brox-ish-ec:rw] [62/378] Building C object zephyr/CMakeFiles/zephyr.dir/subsys/shell/modules/kernel_service/thread/kill.c.obj
[brox-ish-ec:rw] [63/378] Building C object zephyr/CMakeFiles/zephyr.dir/subsys/shell/shell_fprintf.c.obj
[gwendolin:ro] [15/513] Building C object CMakeFiles/app.dir/mnt/host/source/src/platform/ec/build/zephyr/gwendolin/modules/ec/common/console_output.c.obj
[brox-ish-ec:rw] [64/378] Building C object zephyr/CMakeFiles/zephyr.dir/subsys/shell/backends/shell_uart.c.obj
[brox-ish-ec:ro] [15/378] Building C object CMakeFiles/app.dir/mnt/host/source/src/platform/ec/zephyr/subsys/ap_pwrseq/signal_gpio.c.obj
[padme:ro] [43/360] Building C object CMakeFiles/app.dir/mnt/host/source/src/platform/ec/build/zephyr/padme/modules/ec/common/battery_info.c.obj
[wyrdeer:ro] -- Generated devicetree_generated.h: /mnt/host/source/src/platform/ec/build/zephyr/wyrdeer/build-ro/zephyr/include/generated/zephyr/devicetree_generated.h
[npcx7:ro] [16/320] Building C object CMakeFiles/app.dir/mnt/host/source/src/platform/ec/build/zephyr/npcx7/modules/ec/common/ec_features.c.obj
[padme:ro] [44/360] Building C object CMakeFiles/app.dir/mnt/host/source/src/platform/ec/build/zephyr/padme/modules/ec/common/battery_fuel_gauge.c.obj
[gwendolin:rw] [19/526] Building C object CMakeFiles/app.dir/mnt/host/source/src/platform/ec/build/zephyr/gwendolin/modules/ec/common/gpio_commands.c.obj
[brox-ish-ec:rw] [65/378] Building C object zephyr/CMakeFiles/zephyr.dir/subsys/shell/shell.c.obj
[/mnt/host/source/src/platform/ec/build/zephyr/ocelotrvp-mchp-lcov]   /mnt/host/source/src/platform/ec/build/zephyr/ocelotrvp-mchp/build-ro/zephyr/CMakeFiles/zephyr.dir/subsys/shell/modules/kernel_service/kernel_shell.c.gcno:no functions found
[/mnt/host/source/src/platform/ec/build/zephyr/ocelotrvp-mchp-lcov] stderr:
[gwendolin:rw] [20/526] Building C object CMakeFiles/app.dir/mnt/host/source/src/platform/ec/build/zephyr/gwendolin/modules/ec/common/peripheral.c.obj
[brox-ish-ec:rw] [66/378] Building C object zephyr/CMakeFiles/zephyr.dir/subsys/shell/shell_utils.c.obj
[brox-ish-ec:rw] [67/378] Building C object zephyr/CMakeFiles/zephyr.dir/subsys/shell/shell_help.c.obj
[padme:ro] [45/360] Building C object CMakeFiles/app.dir/mnt/host/source/src/platform/ec/build/zephyr/padme/modules/ec/driver/battery/smart.c.obj
[skyrim:ro] [15/417] Building C object CMakeFiles/app.dir/mnt/host/source/src/platform/ec/build/zephyr/skyrim/modules/ec/common/console_output.c.obj
[gwendolin:ro] [16/513] Building C object CMakeFiles/app.dir/mnt/host/source/src/platform/ec/build/zephyr/gwendolin/modules/ec/common/ec_features.c.obj
[/mnt/host/source/src/platform/ec/build/zephyr/ocelotrvp-mchp-lcov]   /mnt/host/source/src/platform/ec/build/zephyr/ocelotrvp-mchp/build-ro/zephyr/CMakeFiles/zephyr.dir/lib/libc/validate_libc.c.gcno:no functions found
[/mnt/host/source/src/platform/ec/build/zephyr/ocelotrvp-mchp-lcov] stderr:
[brox-ish-ec:rw] [68/378] Building C object zephyr/CMakeFiles/zephyr.dir/subsys/shell/shell_ops.c.obj
[brox-ish-ec:rw] [69/378] Building C object zephyr/CMakeFiles/zephyr.dir/subsys/shell/shell_history.c.obj
[brox-ish-ec:ro] [16/378] Building C object CMakeFiles/app.dir/mnt/host/source/src/platform/ec/zephyr/subsys/ap_pwrseq/signal_vw.c.obj
[gwendolin:rw] [21/526] Building C object CMakeFiles/app.dir/mnt/host/source/src/platform/ec/build/zephyr/gwendolin/modules/ec/common/printf.c.obj
[npcx7:ro] [17/320] Building C object CMakeFiles/app.dir/mnt/host/source/src/platform/ec/build/zephyr/npcx7/modules/ec/common/gpio_commands.c.obj
[/mnt/host/source/src/platform/ec/build/zephyr/ptl-ish-lcov]   /mnt/host/source/src/platform/ec/build/zephyr/ptl-ish/build-singleimage/zephyr/drivers/syscon/CMakeFiles/drivers__syscon.dir/mnt/host/source/src/third_party/zephyr/main/misc/empty_file.c.gcno:no functions found
[/mnt/host/source/src/platform/ec/build/zephyr/ptl-ish-lcov] Filter suppressions 'region':
[padme:ro] [46/360] Building C object CMakeFiles/app.dir/mnt/host/source/src/platform/ec/build/zephyr/padme/modules/ec/driver/charger/bq25710.c.obj
[/mnt/host/source/src/platform/ec/build/zephyr/ptl-ish-lcov]     19 instances
[/mnt/host/source/src/platform/ec/build/zephyr/ptl-ish-lcov]     6 coverpoints
[/mnt/host/source/src/platform/ec/build/zephyr/ptl-ish-lcov] Message summary:
[/mnt/host/source/src/platform/ec/build/zephyr/ptl-ish-lcov]   1 warning message:
[/mnt/host/source/src/platform/ec/build/zephyr/ptl-ish-lcov]     format: 1
[/mnt/host/source/src/platform/ec/build/zephyr/ptl-ish-lcov]   5 ignore messages:
[/mnt/host/source/src/platform/ec/build/zephyr/ptl-ish-lcov]     gcov: 5
[brox-ish-ec:rw] [70/378] Building C object zephyr/arch/common/CMakeFiles/arch__common.dir/sw_isr_common.c.obj
[padme:ro] [47/360] Building C object CMakeFiles/app.dir/mnt/host/source/src/platform/ec/build/zephyr/padme/modules/ec/driver/charger/rt9490.c.obj
[brox-ish-ec:rw] [71/378] Building C object zephyr/CMakeFiles/zephyr.dir/drivers/flash/flash_util.c.obj
[brox-ish-ec:rw] [72/378] Building C object zephyr/arch/common/CMakeFiles/arch__common.dir/init.c.obj
[gwendolin:rw] [22/526] Building C object CMakeFiles/app.dir/mnt/host/source/src/platform/ec/build/zephyr/gwendolin/modules/ec/common/queue.c.obj
[wyrdeer:ro] /mnt/host/source/src/platform/ec/build/zephyr/wyrdeer/build-ro/zephyr/zephyr.dts:1191.27-1898.5: Warning (avoid_unnecessary_addr_size): /soc/pin-controller: unnecessary #address-cells/#size-cells without "ranges" or child "reg" property
[brox-ish-ec:rw] [73/378] Building C object zephyr/arch/common/CMakeFiles/arch__common.dir/dynamic_isr.c.obj
[brox-ish-ec:rw] [74/378] Linking C static library zephyr/libzephyr.a
[gwendolin:ro] [17/513] Building C object CMakeFiles/app.dir/mnt/host/source/src/platform/ec/build/zephyr/gwendolin/modules/ec/common/gpio_commands.c.obj
[skyrim:ro] [16/417] Building C object CMakeFiles/app.dir/mnt/host/source/src/platform/ec/build/zephyr/skyrim/modules/ec/common/ec_features.c.obj
[padme:ro] [48/360] Building C object CMakeFiles/app.dir/mnt/host/source/src/platform/ec/build/zephyr/padme/modules/ec/common/charger.c.obj
[npcx7:ro] [18/320] Building C object CMakeFiles/app.dir/mnt/host/source/src/platform/ec/build/zephyr/npcx7/modules/ec/common/peripheral.c.obj
[brox-ish-ec:rw] [75/378] Building C object zephyr/arch/common/CMakeFiles/isr_tables.dir/isr_tables.c.obj
[brox-ish-ec:ro] [17/378] Building C object CMakeFiles/app.dir/mnt/host/source/src/platform/ec/zephyr/subsys/ap_pwrseq/power_host_sleep.c.obj
[brox-ish-ec:rw] [76/378] Building C object zephyr/arch/common/CMakeFiles/arch__common.dir/xip.c.obj
[brox-ish-ec:rw] [77/378] Linking C static library zephyr/arch/common/libisr_tables.a
[gwendolin:rw] [23/526] Building C object CMakeFiles/app.dir/mnt/host/source/src/platform/ec/build/zephyr/gwendolin/modules/ec/common/system.c.obj
[brox-ish-ec:rw] [78/378] Linking C static library zephyr/arch/common/libarch__common.a
[brox-ish-ec:rw] [79/378] Building C object zephyr/arch/arch/riscv/core/CMakeFiles/arch__riscv__core.dir/cpu_idle.c.obj
[gwendolin:rw] [24/526] Building C object CMakeFiles/app.dir/mnt/host/source/src/platform/ec/build/zephyr/gwendolin/modules/ec/common/system_boot_time.c.obj
[brox-ish-ec:rw] [80/378] Building C object zephyr/arch/arch/riscv/core/CMakeFiles/arch__riscv__core.dir/fatal.c.obj
[brox-ish-ec:rw] [81/378] Building C object zephyr/arch/arch/riscv/core/CMakeFiles/arch__riscv__core.dir/prep_c.c.obj
[padme:ro] [49/360] Building C object CMakeFiles/app.dir/mnt/host/source/src/platform/ec/build/zephyr/padme/modules/ec/driver/wpc/cps8100.c.obj
[padme:ro] [50/360] Building C object CMakeFiles/app.dir/mnt/host/source/src/platform/ec/build/zephyr/padme/modules/ec/common/charge_state.c.obj
[gwendolin:ro] [18/513] Building C object CMakeFiles/app.dir/mnt/host/source/src/platform/ec/build/zephyr/gwendolin/modules/ec/common/peripheral.c.obj
[padme:ro] [51/360] Building C object CMakeFiles/app.dir/mnt/host/source/src/platform/ec/build/zephyr/padme/modules/ec/common/charge_manager.c.obj
[brox-ish-ec:rw] [82/378] Building C object zephyr/arch/arch/riscv/core/CMakeFiles/arch__riscv__core.dir/irq_manage.c.obj
[brox-ish-ec:rw] [83/378] Building C object zephyr/arch/arch/riscv/core/CMakeFiles/arch__riscv__core.dir/reboot.c.obj
[padme:ro] [52/360] Building C object CMakeFiles/app.dir/mnt/host/source/src/platform/ec/build/zephyr/padme/modules/ec/common/cbi_common.c.obj
[npcx7:ro] [19/320] Building C object CMakeFiles/app.dir/mnt/host/source/src/platform/ec/build/zephyr/npcx7/modules/ec/common/printf.c.obj
[gwendolin:rw] [25/526] Building C object CMakeFiles/app.dir/mnt/host/source/src/platform/ec/build/zephyr/gwendolin/modules/ec/common/uart_printf.c.obj
[skyrim:ro] [17/417] Building C object CMakeFiles/app.dir/mnt/host/source/src/platform/ec/build/zephyr/skyrim/modules/ec/common/gpio_commands.c.obj
[brox-ish-ec:rw] [84/378] Building ASM object zephyr/arch/arch/riscv/core/CMakeFiles/arch__riscv__core.dir/reset.S.obj
[brox-ish-ec:ro] [18/378] Building C object CMakeFiles/app.dir/mnt/host/source/src/platform/ec/zephyr/subsys/ap_pwrseq/x86_non_dsx_common_pwrseq_sm_handler.c.obj
[gwendolin:rw] [26/526] Building C object CMakeFiles/app.dir/mnt/host/source/src/platform/ec/build/zephyr/gwendolin/modules/ec/common/util.c.obj
[brox-ish-ec:rw] [85/378] Building ASM object zephyr/arch/arch/riscv/core/CMakeFiles/arch__riscv__core.dir/switch.S.obj
[brox-ish-ec:rw] [86/378] Generating ../../../include/generated/libc/minimal/strerror_table.h
[brox-ish-ec:rw] [87/378] Building C object zephyr/arch/arch/riscv/core/CMakeFiles/arch__riscv__core.dir/thread.c.obj
[brox-ish-ec:rw] [88/378] Building C object zephyr/lib/libc/minimal/CMakeFiles/lib__libc__minimal.dir/source/stdlib/atoi.c.obj
[padme:ro] [53/360] Building C object CMakeFiles/app.dir/mnt/host/source/src/platform/ec/build/zephyr/padme/modules/ec/common/cbi_config.c.obj
[brox-ish-ec:rw] [89/378] Building ASM object zephyr/arch/arch/riscv/core/CMakeFiles/arch__riscv__core.dir/isr.S.obj
[brox-ish-ec:rw] [90/378] Building C object zephyr/lib/libc/minimal/CMakeFiles/lib__libc__minimal.dir/source/stdlib/strtol.c.obj
[brox-ish-ec:rw] [91/378] Building C object zephyr/lib/libc/minimal/CMakeFiles/lib__libc__minimal.dir/source/stdlib/strtoul.c.obj
[padme:ro] [54/360] Building C object CMakeFiles/app.dir/mnt/host/source/src/platform/ec/build/zephyr/padme/modules/ec/common/cbi.c.obj
[gwendolin:ro] [19/513] Building C object CMakeFiles/app.dir/mnt/host/source/src/platform/ec/build/zephyr/gwendolin/modules/ec/common/printf.c.obj
[npcx7:ro] [20/320] Building C object CMakeFiles/app.dir/mnt/host/source/src/platform/ec/build/zephyr/npcx7/modules/ec/common/queue.c.obj
[brox-ish-ec:rw] [92/378] Building C object zephyr/lib/libc/minimal/CMakeFiles/lib__libc__minimal.dir/source/stdlib/strtoll.c.obj
[padme:ro] [55/360] Building C object CMakeFiles/app.dir/mnt/host/source/src/platform/ec/build/zephyr/padme/modules/ec/common/memory_commands.c.obj
[brox-ish-ec:rw] [93/378] Building C object zephyr/arch/arch/riscv/core/CMakeFiles/arch__riscv__core.dir/stacktrace.c.obj
[padme:ro] [56/360] Building C object CMakeFiles/app.dir/mnt/host/source/src/platform/ec/build/zephyr/padme/modules/ec/common/chipset.c.obj
[brox-ish-ec:rw] [94/378] Building C object zephyr/lib/libc/minimal/CMakeFiles/lib__libc__minimal.dir/source/stdlib/strtoull.c.obj
[gwendolin:rw] [27/526] Building C object CMakeFiles/app.dir/mnt/host/source/src/platform/ec/build/zephyr/gwendolin/modules/ec/common/version.c.obj
[brox-ish-ec:rw] [95/378] Building C object zephyr/lib/libc/minimal/CMakeFiles/lib__libc__minimal.dir/source/stdlib/bsearch.c.obj
[brox-ish-ec:rw] [96/378] Linking C static library zephyr/arch/arch/riscv/core/libarch__riscv__core.a
[gwendolin:rw] [28/526] Building C object CMakeFiles/app.dir/mnt/host/source/src/platform/ec/build/zephyr/gwendolin/modules/ec/common/memory_commands.c.obj
[skyrim:ro] [18/417] Building C object CMakeFiles/app.dir/mnt/host/source/src/platform/ec/build/zephyr/skyrim/modules/ec/common/peripheral.c.obj
[brox-ish-ec:rw] [97/378] Building C object zephyr/lib/libc/minimal/CMakeFiles/lib__libc__minimal.dir/source/string/strncasecmp.c.obj
[brox-ish-ec:ro] [19/378] Building C object CMakeFiles/app.dir/mnt/host/source/src/platform/ec/zephyr/subsys/ap_pwrseq/x86_non_dsx_chipset_power_state.c.obj
[brox-ish-ec:rw] [98/378] Building C object zephyr/lib/libc/minimal/CMakeFiles/lib__libc__minimal.dir/source/stdlib/qsort.c.obj
[brox-ish-ec:rw] [99/378] Building C object zephyr/lib/libc/minimal/CMakeFiles/lib__libc__minimal.dir/source/string/strerror.c.obj
[brox-ish-ec:rw] [100/378] Building C object zephyr/lib/libc/minimal/CMakeFiles/lib__libc__minimal.dir/source/string/strstr.c.obj
[padme:ro] [57/360] Building C object CMakeFiles/app.dir/mnt/host/source/src/platform/ec/build/zephyr/padme/modules/ec/common/ap_reset_log.c.obj
[brox-ish-ec:rw] [101/378] Building C object zephyr/lib/libc/minimal/CMakeFiles/lib__libc__minimal.dir/source/string/strspn.c.obj
[brox-ish-ec:rw] [102/378] Building C object zephyr/lib/libc/minimal/CMakeFiles/lib__libc__minimal.dir/source/string/string.c.obj
[brox-ish-ec:rw] [103/378] Building C object zephyr/lib/libc/minimal/CMakeFiles/lib__libc__minimal.dir/source/stdlib/exit.c.obj
[gwendolin:ro] [20/513] Building C object CMakeFiles/app.dir/mnt/host/source/src/platform/ec/build/zephyr/gwendolin/modules/ec/common/queue.c.obj
[padme:ro] [58/360] Building C object CMakeFiles/app.dir/mnt/host/source/src/platform/ec/build/zephyr/padme/modules/ec/common/extpower_gpio.c.obj
[wyrdeer:ro] warning: PLATFORM_EC_GMR_TABLET_MODE (defined at
[wyrdeer:ro] /mnt/host/source/src/platform/ec/zephyr/Kconfig.tabletmode:22) was assigned the value 'y' but got
[wyrdeer:ro] the value 'n'. Check these unsatisfied dependencies: PLATFORM_EC_TABLET_MODE (=n). See
[wyrdeer:ro] http://docs.zephyrproject.org/latest/kconfig.html#CONFIG_PLATFORM_EC_GMR_TABLET_MODE and/or look up
[wyrdeer:ro] PLATFORM_EC_GMR_TABLET_MODE in the menuconfig/guiconfig interface. The Application Development
[wyrdeer:ro] Primer, Setting Configuration Values, and Kconfig - Tips and Best Practices sections of the manual
[wyrdeer:ro] might be helpful too.
[padme:ro] [59/360] Building C object CMakeFiles/app.dir/mnt/host/source/src/platform/ec/build/zephyr/padme/modules/ec/common/extpower_common.c.obj
[wyrdeer:ro] warning: PLATFORM_EC_USB_PORT_POWER_DUMB_CUSTOM_HOOK (defined at
[wyrdeer:ro] /mnt/host/source/src/platform/ec/zephyr/Kconfig.usba:49) was assigned the value 'y' but got the
[wyrdeer:ro] value 'n'. Check these unsatisfied dependencies: PLATFORM_EC_USB_PORT_POWER_DUMB (=n),
[wyrdeer:ro] PLATFORM_EC_USBA (=n). See
[wyrdeer:ro] http://docs.zephyrproject.org/latest/kconfig.html#CONFIG_PLATFORM_EC_USB_PORT_POWER_DUMB_CUSTOM_HOOK
[wyrdeer:ro] and/or look up PLATFORM_EC_USB_PORT_POWER_DUMB_CUSTOM_HOOK in the menuconfig/guiconfig interface.
[wyrdeer:ro] The Application Development Primer, Setting Configuration Values, and Kconfig - Tips and Best
[wyrdeer:ro] Practices sections of the manual might be helpful too.
[wyrdeer:ro] warning: PLATFORM_EC_BC12_CLIENT_MODE_ONLY_PI3USB9201 (defined at
[wyrdeer:ro] /mnt/host/source/src/platform/ec/zephyr/Kconfig.usb_charger:53) was assigned the value 'y' but got
[wyrdeer:ro] the value 'n'. Check these unsatisfied dependencies: PLATFORM_EC_BC12_DETECT_PI3USB9201 (=n),
[wyrdeer:ro] PLATFORM_EC_USB_CHARGER (=n). See http://docs.zephyrproject.org/latest/kconfig.html#CONFIG_PLATFORM_
[wyrdeer:ro] EC_BC12_CLIENT_MODE_ONLY_PI3USB9201 and/or look up PLATFORM_EC_BC12_CLIENT_MODE_ONLY_PI3USB9201 in
[wyrdeer:ro] the menuconfig/guiconfig interface. The Application Development Primer, Setting Configuration
[wyrdeer:ro] Values, and Kconfig - Tips and Best Practices sections of the manual might be helpful too.
[npcx7:ro] [21/320] Building C object CMakeFiles/app.dir/mnt/host/source/src/platform/ec/build/zephyr/npcx7/modules/ec/common/system.c.obj
[brox-ish-ec:rw] [104/378] Building C object zephyr/lib/libc/minimal/CMakeFiles/lib__libc__minimal.dir/source/math/sqrtf.c.obj
[gwendolin:rw] [29/526] Building C object CMakeFiles/app.dir/mnt/host/source/src/platform/ec/build/zephyr/gwendolin/modules/ec/common/ap_reset_log.c.obj
[gwendolin:rw] [30/526] Building C object CMakeFiles/app.dir/mnt/host/source/src/platform/ec/build/zephyr/gwendolin/modules/ec/common/flash.c.obj
[brox-ish-ec:rw] [105/378] Building C object zephyr/lib/libc/minimal/CMakeFiles/lib__libc__minimal.dir/source/stdout/stdout_console.c.obj
[skyrim:ro] [19/417] Building C object CMakeFiles/app.dir/mnt/host/source/src/platform/ec/build/zephyr/skyrim/modules/ec/common/printf.c.obj
[brox-ish-ec:rw] [106/378] Building C object zephyr/lib/libc/minimal/CMakeFiles/lib__libc__minimal.dir/source/stdout/sprintf.c.obj
[brox-ish-ec:rw] [107/378] Building C object zephyr/lib/libc/minimal/CMakeFiles/lib__libc__minimal.dir/source/stdout/fprintf.c.obj
[padme:ro] [60/360] Building C object CMakeFiles/app.dir/mnt/host/source/src/platform/ec/build/zephyr/padme/modules/ec/common/flash.c.obj
[brox-ish-ec:rw] [108/378] Building C object zephyr/lib/libc/minimal/CMakeFiles/lib__libc__minimal.dir/source/math/sqrt.c.obj
[brox-ish-ec:ro] [20/378] Building C object CMakeFiles/app.dir/mnt/host/source/src/platform/ec/zephyr/subsys/ap_pwrseq/x86_non_dsx_common_pwrseq_host_sleep.c.obj
[padme:ro] [61/360] Building C object CMakeFiles/app.dir/mnt/host/source/src/platform/ec/build/zephyr/padme/modules/ec/common/host_command.c.obj
[brox-ish-ec:rw] [109/378] Building C object zephyr/lib/libc/common/CMakeFiles/lib__libc__common.dir/source/time/gmtime_r.c.obj
[brox-ish-ec:rw] [110/378] Building C object zephyr/lib/libc/common/CMakeFiles/lib__libc__common.dir/source/time/asctime.c.obj
[wyrdeer:ro] Parsing /mnt/host/source/src/platform/ec/zephyr/program/corsola/Kconfig
[padme:ro] [62/360] Building C object CMakeFiles/app.dir/mnt/host/source/src/platform/ec/build/zephyr/padme/modules/ec/common/uart_hostcmd.c.obj
[gwendolin:ro] [21/513] Building C object CMakeFiles/app.dir/mnt/host/source/src/platform/ec/build/zephyr/gwendolin/modules/ec/common/system.c.obj
[npcx7:ro] [22/320] Building C object CMakeFiles/app.dir/mnt/host/source/src/platform/ec/build/zephyr/npcx7/modules/ec/common/system_boot_time.c.obj
[brox-ish-ec:rw] [111/378] Building C object zephyr/lib/libc/common/CMakeFiles/lib__libc__common.dir/source/time/localtime_r_utc.c.obj
[padme:ro] [63/360] Building C object CMakeFiles/app.dir/mnt/host/source/src/platform/ec/build/zephyr/padme/modules/ec/common/host_event_commands.c.obj
[brox-ish-ec:rw] [112/378] Building C object zephyr/lib/libc/common/CMakeFiles/lib__libc__common.dir/source/stdlib/abort.c.obj
[brox-ish-ec:rw] [113/378] Building C object zephyr/lib/libc/minimal/CMakeFiles/lib__libc__minimal.dir/source/time/gmtime.c.obj
[brox-ish-ec:rw] [114/378] Building C object zephyr/lib/libc/common/CMakeFiles/lib__libc__common.dir/source/time/ctime.c.obj
[brox-ish-ec:rw] [115/378] Linking C static library zephyr/lib/libc/minimal/liblib__libc__minimal.a
[brox-ish-ec:rw] [116/378] Building C object zephyr/lib/libc/common/CMakeFiles/lib__libc__common.dir/source/string/strnlen.c.obj
[brox-ish-ec:rw] [117/378] Building C object zephyr/lib/libc/common/CMakeFiles/lib__libc__common.dir/source/time/time.c.obj
[padme:ro] [64/360] Building C object CMakeFiles/app.dir/mnt/host/source/src/platform/ec/build/zephyr/padme/modules/ec/common/uptime.c.obj
[skyrim:ro] [20/417] Building C object CMakeFiles/app.dir/mnt/host/source/src/platform/ec/build/zephyr/skyrim/modules/ec/common/queue.c.obj
[brox-ish-ec:rw] [118/378] Building C object zephyr/lib/posix/c_lib_ext/CMakeFiles/lib__posix__c_lib_ext.dir/fnmatch.c.obj
[brox-ish-ec:ro] [21/378] Building C object CMakeFiles/app.dir/mnt/host/source/src/platform/ec/zephyr/subsys/ap_pwrseq/x86_non_dsx_common_pwrseq_console.c.obj
[brox-ish-ec:rw] [119/378] Building C object zephyr/lib/libc/common/CMakeFiles/lib__libc__common.dir/source/stdlib/malloc.c.obj
[npcx7:ro] [23/320] Building C object CMakeFiles/app.dir/mnt/host/source/src/platform/ec/build/zephyr/npcx7/modules/ec/common/uart_printf.c.obj
[brox-ish-ec:rw] [120/378] Linking C static library zephyr/lib/libc/common/liblib__libc__common.a
[padme:ro] [65/360] Building C object CMakeFiles/app.dir/mnt/host/source/src/platform/ec/build/zephyr/padme/modules/ec/common/i2c_controller.c.obj
[gwendolin:ro] [22/513] Building C object CMakeFiles/app.dir/mnt/host/source/src/platform/ec/build/zephyr/gwendolin/modules/ec/common/system_boot_time.c.obj
[wyrdeer:ro] Loaded configuration '/mnt/host/source/src/platform/ec/zephyr/boards/google/it8xxx2/it8xxx2_it81202bx_defconfig'
[wyrdeer:ro] Merged configuration '/mnt/host/source/src/platform/ec/zephyr/program/corsola/program.conf'
[wyrdeer:ro] Merged configuration '/mnt/host/source/src/platform/ec/zephyr/program/corsola/ite_program.conf'
[wyrdeer:ro] Merged configuration '/mnt/host/source/src/platform/ec/zephyr/program/corsola/wyrdeer/project.conf'
[wyrdeer:ro] Merged configuration '/mnt/host/source/src/platform/ec/build/zephyr/wyrdeer/kconfig-ro.conf'
[wyrdeer:ro] Configuration saved to '/mnt/host/source/src/platform/ec/build/zephyr/wyrdeer/build-ro/zephyr/.config'
[wyrdeer:ro] Kconfig header saved to '/mnt/host/source/src/platform/ec/build/zephyr/wyrdeer/build-ro/zephyr/include/generated/zephyr/autoconf.h'
[wyrdeer:ro] -- Found GnuLd: /home/jpmurphy/.cache/coreboot-sdk/riscv64-elf/96b949749225b6aaa92ed810ab769e8dfb12f000/riscv64-elf/bin/ld.bfd (found version "2.43.1")
[brox-ish-ec:rw] [121/378] Building C object zephyr/lib/posix/c_lib_ext/CMakeFiles/lib__posix__c_lib_ext.dir/getentropy.c.obj
[brox-ish-ec:rw] [122/378] Building C object zephyr/subsys/crc/CMakeFiles/subsys__crc.dir/crc4_sw.c.obj
[padme:ro] [66/360] Building C object CMakeFiles/app.dir/mnt/host/source/src/platform/ec/build/zephyr/padme/modules/ec/common/i2c_passthru.c.obj
[padme:ro] [67/360] Building C object CMakeFiles/app.dir/mnt/host/source/src/platform/ec/build/zephyr/padme/modules/ec/common/virtual_battery.c.obj
[brox-ish-ec:rw] [123/378] Building C object zephyr/subsys/crc/CMakeFiles/subsys__crc.dir/crc8_sw.c.obj
[brox-ish-ec:rw] [124/378] Building C object zephyr/lib/posix/c_lib_ext/CMakeFiles/lib__posix__c_lib_ext.dir/getopt_shim.c.obj
[brox-ish-ec:rw] [125/378] Building C object zephyr/subsys/crc/CMakeFiles/subsys__crc.dir/crc16_sw.c.obj
[brox-ish-ec:rw] [126/378] Linking C static library zephyr/lib/posix/c_lib_ext/liblib__posix__c_lib_ext.a
[brox-ish-ec:rw] [127/378] Building C object zephyr/lib/smf/CMakeFiles/lib__smf.dir/smf.c.obj
[brox-ish-ec:rw] [128/378] Building C object zephyr/subsys/crc/CMakeFiles/subsys__crc.dir/crc7_sw.c.obj
[wyrdeer:ro] -- The C compiler identification is GNU 14.2.0
[brox-ish-ec:rw] [129/378] Linking C static library zephyr/lib/smf/liblib__smf.a
[brox-ish-ec:rw] [130/378] Building C object zephyr/subsys/crc/CMakeFiles/subsys__crc.dir/crc32c_sw.c.obj
[brox-ish-ec:rw] [131/378] Building C object zephyr/subsys/crc/CMakeFiles/subsys__crc.dir/crc24_sw.c.obj
[brox-ish-ec:rw] [132/378] Building C object zephyr/subsys/crc/CMakeFiles/subsys__crc.dir/crc32_sw.c.obj
[brox-ish-ec:rw] [133/378] Building C object zephyr/subsys/crc/CMakeFiles/subsys__crc.dir/crc32k_4_2_sw.c.obj
[npcx7:ro] [24/320] Building C object CMakeFiles/app.dir/mnt/host/source/src/platform/ec/build/zephyr/npcx7/modules/ec/common/util.c.obj
[padme:ro] [68/360] Building C object CMakeFiles/app.dir/mnt/host/source/src/platform/ec/build/zephyr/padme/modules/ec/common/keyboard_scan.c.obj
[brox-ish-ec:ro] [22/378] Building C object CMakeFiles/app.dir/mnt/host/source/src/platform/ec/zephyr/subsys/ap_pwrseq/x86_non_dsx_common_pwrseq_host_command.c.obj
[brox-ish-ec:rw] [134/378] Linking C static library zephyr/subsys/crc/libsubsys__crc.a
[wyrdeer:ro] -- The CXX compiler identification is GNU 14.2.0
[brox-ish-ec:rw] [135/378] Building C object zephyr/subsys/input/CMakeFiles/subsys__input.dir/input_hid.c.obj
[padme:ro] [69/360] Building C object CMakeFiles/app.dir/mnt/host/source/src/platform/ec/build/zephyr/padme/modules/ec/common/mkbp_fifo.c.obj
[gwendolin:ro] [23/513] Building C object CMakeFiles/app.dir/mnt/host/source/src/platform/ec/build/zephyr/gwendolin/modules/ec/common/uart_printf.c.obj
[wyrdeer:ro] -- The ASM compiler identification is GNU
[skyrim:ro] [21/417] Building C object CMakeFiles/app.dir/mnt/host/source/src/platform/ec/build/zephyr/skyrim/modules/ec/common/system.c.obj
[wyrdeer:ro] -- Found assembler: /home/jpmurphy/.cache/coreboot-sdk/riscv64-elf/96b949749225b6aaa92ed810ab769e8dfb12f000/bin/riscv64-elf-gcc
[wyrdeer:ro] warning: The choice symbol PLATFORM_EC_ACCELGYRO_ICM_COMM_I2C (defined at
[wyrdeer:ro] /mnt/host/source/src/platform/ec/zephyr/Kconfig.accelgyro_icm:23) was selected (set =y), but no
[wyrdeer:ro] symbol ended up as the choice selection. See
[wyrdeer:ro] http://docs.zephyrproject.org/latest/kconfig.html#CONFIG_PLATFORM_EC_ACCELGYRO_ICM_COMM_I2C and/or
[wyrdeer:ro] look up PLATFORM_EC_ACCELGYRO_ICM_COMM_I2C in the menuconfig/guiconfig interface. The Application
[wyrdeer:ro] Development Primer, Setting Configuration Values, and Kconfig - Tips and Best Practices sections of
[wyrdeer:ro] the manual might be helpful too.
[wyrdeer:ro] warning: The choice symbol PLATFORM_EC_USB_PD_FRS_PPC (defined at
[wyrdeer:ro] /mnt/host/source/src/platform/ec/zephyr/Kconfig.pd_frs:29) was selected (set =y), but no symbol
[wyrdeer:ro] ended up as the choice selection. See
[wyrdeer:ro] http://docs.zephyrproject.org/latest/kconfig.html#CONFIG_PLATFORM_EC_USB_PD_FRS_PPC and/or look up
[wyrdeer:ro] PLATFORM_EC_USB_PD_FRS_PPC in the menuconfig/guiconfig interface. The Application Development
[wyrdeer:ro] Primer, Setting Configuration Values, and Kconfig - Tips and Best Practices sections of the manual
[wyrdeer:ro] might be helpful too.
[wyrdeer:ro] warning: Deprecated symbol I2C_ALLOW_NO_STOP_TRANSACTIONS is enabled.
[wyrdeer:ro] CMake Warning at /mnt/host/source/src/platform/ec/zephyr/cmake/linker/ld/linker_libraries.cmake:11 (message):
[padme:ro] [70/360] Building C object CMakeFiles/app.dir/mnt/host/source/src/platform/ec/build/zephyr/padme/modules/ec/common/mkbp_info.c.obj
[padme:ro] [71/360] Building C object CMakeFiles/app.dir/mnt/host/source/src/platform/ec/build/zephyr/padme/modules/ec/common/keyboard_mkbp.c.obj
[brox-ish-ec:rw] [136/378] Building C object zephyr/subsys/input/CMakeFiles/subsys__input.dir/input.c.obj
[brox-ish-ec:rw] [137/378] Building C object zephyr/subsys/input/CMakeFiles/subsys__input.dir/input_utils.c.obj
[brox-ish-ec:rw] [138/378] Linking C static library zephyr/subsys/input/libsubsys__input.a
[brox-ish-ec:rw] [139/378] Building C object zephyr/drivers/interrupt_controller/CMakeFiles/drivers__interrupt_controller.dir/intc_ite_it8xxx2_v2.c.obj
[wyrdeer:ro] -- Performing EC specific devicetree checks
[npcx7:ro] [25/320] Building C object CMakeFiles/app.dir/mnt/host/source/src/platform/ec/build/zephyr/npcx7/modules/ec/common/version.c.obj
[brox-ish-ec:rw] [140/378] Building C object zephyr/drivers/interrupt_controller/CMakeFiles/drivers__interrupt_controller.dir/wuc_ite_it8xxx2.c.obj
[padme:ro] [72/360] Building C object CMakeFiles/app.dir/mnt/host/source/src/platform/ec/build/zephyr/padme/modules/ec/common/mkbp_input_devices.c.obj
[brox-ish-ec:ro] [23/378] Building C object CMakeFiles/app.dir/mnt/host/source/src/platform/ec/zephyr/subsys/ap_pwrseq/x86_non_dsx_adlp_pwrseq_sm.c.obj
[gwendolin:ro] [24/513] Building C object CMakeFiles/app.dir/mnt/host/source/src/platform/ec/build/zephyr/gwendolin/modules/ec/common/util.c.obj
[gwendolin:rw] [31/526] Building CXX object CMakeFiles/app.dir/mnt/host/source/src/platform/ec/build/zephyr/gwendolin/modules/ec/common/fpsensor/fpsensor_state.cc.obj
[brox-ish-ec:rw] [141/378] Linking C static library zephyr/drivers/interrupt_controller/libdrivers__interrupt_controller.a
[wyrdeer:ro]   Disabling c_library
[wyrdeer:ro] Call Stack (most recent call first):
[wyrdeer:ro]   /mnt/host/source/src/third_party/zephyr/main/cmake/target_toolchain_flags.cmake:48 (include)
[wyrdeer:ro]   /mnt/host/source/src/third_party/zephyr/main/cmake/modules/kernel.cmake:153 (include)
[wyrdeer:ro]   /mnt/host/source/src/third_party/zephyr/main/cmake/modules/zephyr_default.cmake:138 (include)
[wyrdeer:ro]   /mnt/host/source/src/third_party/zephyr/main/share/zephyr-package/cmake/ZephyrConfig.cmake:66 (include)
[wyrdeer:ro]   /mnt/host/source/src/third_party/zephyr/main/share/zephyr-package/cmake/ZephyrConfig.cmake:97 (include_boilerplate)
[wyrdeer:ro]   CMakeLists.txt:7 (find_package)
[wyrdeer:ro] INFO: Verified 44 GPIOs, no duplicates found
[wyrdeer:ro] INFO: Verified 21 '*-gpios' properties, all flags match.
[wyrdeer:ro] INFO: Skipped 1 named-gpios children.
[padme:ro] [73/360] Building C object CMakeFiles/app.dir/mnt/host/source/src/platform/ec/build/zephyr/padme/modules/ec/common/led_common.c.obj
[skyrim:ro] [22/417] Building C object CMakeFiles/app.dir/mnt/host/source/src/platform/ec/build/zephyr/skyrim/modules/ec/common/system_boot_time.c.obj
[gwendolin:rw] [32/526] Building CXX object CMakeFiles/app.dir/mnt/host/source/src/platform/ec/build/zephyr/gwendolin/modules/ec/common/fpsensor/fpsensor.cc.obj
[brox-ish-ec:rw] [142/378] Building C object zephyr/drivers/adc/CMakeFiles/drivers__adc.dir/adc_common.c.obj
[wyrdeer:ro] -- Generating component manifest file
[padme:ro] [74/360] Building C object CMakeFiles/app.dir/mnt/host/source/src/platform/ec/build/zephyr/padme/modules/ec/common/lid_switch.c.obj
[padme:ro] [75/360] Building C object CMakeFiles/app.dir/mnt/host/source/src/platform/ec/build/zephyr/padme/modules/ec/common/mkbp_event.c.obj
[brox-ish-ec:rw] [143/378] Building C object zephyr/drivers/bbram/CMakeFiles/drivers__bbram.dir/bbram_it8xxx2.c.obj
[brox-ish-ec:rw] [144/378] Linking C static library zephyr/drivers/bbram/libdrivers__bbram.a
[brox-ish-ec:rw] [145/378] Building C object zephyr/drivers/adc/CMakeFiles/drivers__adc.dir/adc_ite_it8xxx2.c.obj
[wyrdeer:ro] INFO: Running CME, outputting to /mnt/host/source/src/platform/ec/build/zephyr/wyrdeer/build-ro/zephyr/component_manifest.json
[wyrdeer:ro] INFO: Component usbpd@f03700(ite,it8xxx2-usbpd) not on I2C bus, skip it
[brox-ish-ec:rw] [146/378] Building C object zephyr/drivers/console/CMakeFiles/drivers__console.dir/uart_console.c.obj
[brox-ish-ec:ro] [24/378] Building C object CMakeFiles/app.dir/mnt/host/source/src/platform/ec/zephyr/subsys/ap_pwrseq/ap_reset_log.c.obj
[wyrdeer:ro] -- warning_base_override: -Wall;-Wformat;-Wformat-security;-Wformat;-Wno-format-zero-length;-Wno-pointer-sign;-Wpointer-arith;-Wexpansion-to-defined
[brox-ish-ec:rw] [147/378] Linking C static library zephyr/drivers/console/libdrivers__console.a
[brox-ish-ec:rw] [148/378] Linking C static library zephyr/drivers/adc/libdrivers__adc.a
[npcx7:ro] [26/320] Building C object CMakeFiles/app.dir/mnt/host/source/src/platform/ec/build/zephyr/npcx7/modules/ec/common/adc.c.obj
[gwendolin:ro] [25/513] Building C object CMakeFiles/app.dir/mnt/host/source/src/platform/ec/build/zephyr/gwendolin/modules/ec/common/version.c.obj
[brox-ish-ec:rw] [149/378] Building C object zephyr/drivers/crypto/CMakeFiles/drivers__crypto.dir/crypto_it8xxx2_sha_v2.c.obj
[brox-ish-ec:rw] [150/378] Linking C static library zephyr/drivers/crypto/libdrivers__crypto.a
[wyrdeer:ro] -- Found gen_kobject_list: /mnt/host/source/src/third_party/zephyr/main/scripts/build/gen_kobject_list.py
[padme:ro] [76/360] Building C object CMakeFiles/app.dir/mnt/host/source/src/platform/ec/build/zephyr/padme/modules/ec/common/motion_sense.c.obj
[skyrim:ro] [23/417] Building C object CMakeFiles/app.dir/mnt/host/source/src/platform/ec/build/zephyr/skyrim/modules/ec/common/uart_printf.c.obj
[wyrdeer:ro] INFO: Component virtual-mux-0(cros-ec,usbc-mux-virtual) not on I2C bus, skip it
[wyrdeer:ro] CMake Warning at /mnt/host/source/src/third_party/zephyr/main/CMakeLists.txt:2359 (message):
[padme:ro] [77/360] Building C object CMakeFiles/app.dir/mnt/host/source/src/platform/ec/build/zephyr/padme/modules/ec/common/peripheral_charger.c.obj
[brox-ish-ec:rw] [151/378] Building C object zephyr/drivers/eeprom/CMakeFiles/drivers__eeprom.dir/eeprom_shell.c.obj
[padme:ro] [78/360] Building C object CMakeFiles/app.dir/mnt/host/source/src/platform/ec/build/zephyr/padme/modules/ec/common/power_button.c.obj
[wyrdeer:ro] -- Configuring done (15.6s)
[brox-ish-ec:rw] [152/378] Linking C static library zephyr/drivers/eeprom/libdrivers__eeprom.a
[brox-ish-ec:rw] [153/378] Building C object zephyr/drivers/flash/CMakeFiles/drivers__flash.dir/flash_ite_it8xxx2.c.obj
[padme:ro] [79/360] Building C object CMakeFiles/app.dir/mnt/host/source/src/platform/ec/build/zephyr/padme/modules/ec/power/common.c.obj
[brox-ish-ec:rw] [154/378] Linking C static library zephyr/drivers/flash/libdrivers__flash.a
[npcx7:ro] [27/320] Building C object CMakeFiles/app.dir/mnt/host/source/src/platform/ec/build/zephyr/npcx7/modules/ec/common/acpi.c.obj
[brox-ish-ec:ro] [25/378] Building C object CMakeFiles/app.dir/mnt/host/source/src/platform/ec/zephyr/subsys/pd_controller/pdc_pmc_debug.c.obj
[gwendolin:ro] [26/513] Building C object CMakeFiles/app.dir/mnt/host/source/src/platform/ec/build/zephyr/gwendolin/modules/ec/common/memory_commands.c.obj
[brox-ish-ec:rw] [155/378] Building C object zephyr/drivers/espi/CMakeFiles/drivers__espi.dir/espi_it8xxx2.c.obj
[wyrdeer:ro] -- Generating done (0.5s)
[wyrdeer:ro]   __ASSERT() statements are globally ENABLED
[wyrdeer:ro] CMake Warning:
[wyrdeer:ro]   Manually-specified variables were not used by the project:
[wyrdeer:ro]     COREBOOT_SDK_ROOT_arm
[wyrdeer:ro]     COREBOOT_SDK_ROOT_libstdcxx_arm
[wyrdeer:ro]     COREBOOT_SDK_ROOT_libstdcxx_x86
[wyrdeer:ro]     COREBOOT_SDK_ROOT_nds32
[wyrdeer:ro]     COREBOOT_SDK_ROOT_picolibc_arm
[wyrdeer:ro]     COREBOOT_SDK_ROOT_picolibc_x86
[wyrdeer:ro]     COREBOOT_SDK_ROOT_riscv
[wyrdeer:ro]     COREBOOT_SDK_ROOT_x86
[wyrdeer:ro] -- Build files have been written to: /mnt/host/source/src/platform/ec/build/zephyr/wyrdeer/build-ro
[brox-ish-ec:rw] [156/378] Linking C static library zephyr/drivers/espi/libdrivers__espi.a
[brox-ish-ec:rw] [157/378] Building C object zephyr/drivers/i2c/CMakeFiles/drivers__i2c.dir/i2c_common.c.obj
[padme:ro] [80/360] Building C object CMakeFiles/app.dir/mnt/host/source/src/platform/ec/build/zephyr/padme/modules/ec/power/host_sleep.c.obj
[padme:ro] [81/360] Building C object CMakeFiles/app.dir/mnt/host/source/src/platform/ec/build/zephyr/padme/modules/ec/common/panic_output.c.obj
[brox-ish-ec:rw] [158/378] Building C object zephyr/drivers/i2c/CMakeFiles/drivers__i2c.dir/i2c_bitbang.c.obj
[padme:ro] [82/360] Building C object CMakeFiles/app.dir/mnt/host/source/src/platform/ec/build/zephyr/padme/modules/ec/power/mt8186.c.obj
[npcx7:ro] [28/320] Building C object CMakeFiles/app.dir/mnt/host/source/src/platform/ec/build/zephyr/npcx7/modules/ec/common/cbi_common.c.obj
[skyrim:ro] [24/417] Building C object CMakeFiles/app.dir/mnt/host/source/src/platform/ec/build/zephyr/skyrim/modules/ec/common/util.c.obj
[padme:ro] [83/360] Building C object CMakeFiles/app.dir/mnt/host/source/src/platform/ec/build/zephyr/padme/modules/ec/common/shared_mem.c.obj
[brox-ish-ec:rw] [159/378] Building C object zephyr/drivers/gpio/CMakeFiles/drivers__gpio.dir/gpio_ite_it8xxx2_v2.c.obj
[brox-ish-ec:rw] [160/378] Linking C static library zephyr/drivers/gpio/libdrivers__gpio.a
[gwendolin:ro] [27/513] Building C object CMakeFiles/app.dir/mnt/host/source/src/platform/ec/build/zephyr/gwendolin/modules/ec/common/ap_reset_log.c.obj
[/mnt/host/source/src/platform/ec/build/zephyr/ocelotrvp-mchp-lcov]   /mnt/host/source/src/platform/ec/build/zephyr/ocelotrvp-mchp/build-ro/zephyr/CMakeFiles/zephyr.dir/lib/utils/last_section_id.c.gcno:no functions found
[/mnt/host/source/src/platform/ec/build/zephyr/ocelotrvp-mchp-lcov] stderr:
[brox-ish-ec:rw] [161/378] Building C object zephyr/drivers/i2c/CMakeFiles/drivers__i2c.dir/i2c_shell.c.obj
[brox-ish-ec:ro] [26/378] Building C object CMakeFiles/app.dir/mnt/host/source/src/platform/ec/zephyr/subsys/pd_controller/retimer_fw_update.c.obj
[gwendolin:rw] [33/526] Building CXX object CMakeFiles/app.dir/mnt/host/source/src/platform/ec/build/zephyr/gwendolin/modules/ec/common/fpsensor/fpsensor_crypto.cc.obj
[brox-ish-ec:rw] [162/378] Building C object zephyr/drivers/input/CMakeFiles/drivers__input.dir/input_ite_it8xxx2_kbd.c.obj
[npcx7:ro] [29/320] Building C object CMakeFiles/app.dir/mnt/host/source/src/platform/ec/build/zephyr/npcx7/modules/ec/common/cbi.c.obj
[padme:ro] [84/360] Building C object CMakeFiles/app.dir/mnt/host/source/src/platform/ec/build/zephyr/padme/modules/ec/driver/stm_mems_common.c.obj
[padme:ro] [85/360] Building C object CMakeFiles/app.dir/mnt/host/source/src/platform/ec/build/zephyr/padme/modules/ec/common/switch.c.obj
[brox-ish-ec:rw] [163/378] Building C object zephyr/drivers/i2c/CMakeFiles/drivers__i2c.dir/i2c_ite_enhance.c.obj
[brox-ish-ec:rw] [164/378] Linking C static library zephyr/drivers/i2c/libdrivers__i2c.a
[padme:ro] [86/360] Building C object CMakeFiles/app.dir/mnt/host/source/src/platform/ec/build/zephyr/padme/modules/ec/common/thermal.c.obj
[skyrim:ro] [25/417] Building C object CMakeFiles/app.dir/mnt/host/source/src/platform/ec/build/zephyr/skyrim/modules/ec/common/version.c.obj
[brox-ish-ec:rw] [165/378] Building C object zephyr/drivers/pinctrl/CMakeFiles/drivers__pinctrl.dir/common.c.obj
[padme:ro] [87/360] Building C object CMakeFiles/app.dir/mnt/host/source/src/platform/ec/build/zephyr/padme/modules/ec/common/tablet_mode.c.obj
[brox-ish-ec:rw] [166/378] Building C object zephyr/drivers/input/CMakeFiles/drivers__input.dir/input_kbd_matrix.c.obj
[brox-ish-ec:rw] [167/378] Linking C static library zephyr/drivers/input/libdrivers__input.a
[gwendolin:rw] [34/526] Building CXX object CMakeFiles/app.dir/mnt/host/source/src/platform/ec/build/zephyr/gwendolin/modules/ec/common/fpsensor/fpsensor_debug.cc.obj
[brox-ish-ec:rw] [168/378] Building C object zephyr/drivers/sensor/CMakeFiles/drivers__sensor.dir/mnt/host/source/src/third_party/zephyr/main/misc/empty_file.c.obj
[gwendolin:ro] [28/513] Building C object CMakeFiles/app.dir/mnt/host/source/src/platform/ec/build/zephyr/gwendolin/modules/ec/common/flash.c.obj
[brox-ish-ec:rw] [169/378] Linking C static library zephyr/drivers/sensor/libdrivers__sensor.a
[npcx7:ro] [30/320] Building C object CMakeFiles/app.dir/mnt/host/source/src/platform/ec/build/zephyr/npcx7/modules/ec/common/cbi_config.c.obj
[brox-ish-ec:ro] [27/378] Building C object CMakeFiles/app.dir/mnt/host/source/src/platform/ec/zephyr/subsys/pd_controller/pdc_console.c.obj
[brox-ish-ec:rw] [170/378] Building C object zephyr/drivers/pwm/CMakeFiles/drivers__pwm.dir/pwm_shell.c.obj
[brox-ish-ec:rw] [171/378] Building C object zephyr/drivers/pinctrl/CMakeFiles/drivers__pinctrl.dir/pinctrl_ite_it8xxx2.c.obj
[padme:ro] [88/360] Building C object CMakeFiles/app.dir/mnt/host/source/src/platform/ec/build/zephyr/padme/modules/ec/common/temp_sensor.c.obj
[brox-ish-ec:rw] [172/378] Linking C static library zephyr/drivers/pinctrl/libdrivers__pinctrl.a
[brox-ish-ec:rw] [173/378] Building C object zephyr/drivers/pwm/CMakeFiles/drivers__pwm.dir/pwm_ite_it8xxx2.c.obj
[padme:ro] [89/360] Building C object CMakeFiles/app.dir/mnt/host/source/src/platform/ec/build/zephyr/padme/modules/ec/common/timer.c.obj
[padme:ro] [90/360] Building C object CMakeFiles/app.dir/mnt/host/source/src/platform/ec/build/zephyr/padme/modules/ec/driver/temp_sensor/thermistor.c.obj
[padme:ro] [91/360] Building C object CMakeFiles/app.dir/mnt/host/source/src/platform/ec/build/zephyr/padme/modules/ec/common/usbc_utils.c.obj
[brox-ish-ec:ro] [28/378] Building C object CMakeFiles/app.dir/mnt/host/source/src/platform/ec/zephyr/subsys/pd_controller/pdc_power_mgmt.c.obj
[brox-ish-ec:rw] [174/378] Linking C static library zephyr/drivers/pwm/libdrivers__pwm.a
[skyrim:ro] [26/417] Building C object CMakeFiles/app.dir/mnt/host/source/src/platform/ec/build/zephyr/skyrim/modules/ec/common/power_button_x86.c.obj
[brox-ish-ec:rw] [175/378] Building C object zephyr/drivers/sensor/ite/ite_tach_it8xxx2/CMakeFiles/drivers__sensor__ite__ite_tach_it8xxx2.dir/tach_ite_it8xxx2.c.obj
[gwendolin:ro] [29/513] Building C object CMakeFiles/app.dir/mnt/host/source/src/platform/ec/build/zephyr/gwendolin/modules/ec/common/host_command.c.obj
[brox-ish-ec:rw] [176/378] Linking C static library zephyr/drivers/sensor/ite/ite_tach_it8xxx2/libdrivers__sensor__ite__ite_tach_it8xxx2.a
[npcx7:ro] [31/320] Building C object CMakeFiles/app.dir/mnt/host/source/src/platform/ec/build/zephyr/npcx7/modules/ec/common/cbi_gpio.c.obj
[brox-ish-ec:ro] [29/378] Building C object CMakeFiles/app.dir/mnt/host/source/src/platform/ec/zephyr/subsys/pd_controller/pdc_host_cmd.c.obj
[brox-ish-ec:rw] [177/378] Building C object zephyr/drivers/serial/CMakeFiles/drivers__serial.dir/uart_ite_it8xxx2.c.obj
[brox-ish-ec:rw] [178/378] Building C object zephyr/drivers/sensor/ite/ite_vcmp_it8xxx2/CMakeFiles/drivers__sensor__ite__ite_vcmp_it8xxx2.dir/vcmp_ite_it8xxx2.c.obj
[padme:ro] [92/360] Building C object CMakeFiles/app.dir/mnt/host/source/src/platform/ec/build/zephyr/padme/modules/ec/common/chargen.c.obj
[brox-ish-ec:rw] [179/378] Linking C static library zephyr/drivers/sensor/ite/ite_vcmp_it8xxx2/libdrivers__sensor__ite__ite_vcmp_it8xxx2.a
[brox-ish-ec:rw] [180/378] Building C object zephyr/drivers/serial/CMakeFiles/drivers__serial.dir/uart_ns16550.c.obj
[padme:ro] [93/360] Building C object CMakeFiles/app.dir/mnt/host/source/src/platform/ec/build/zephyr/padme/modules/ec/common/vboot_hash.c.obj
[brox-ish-ec:ro] [30/378] Building C object CMakeFiles/app.dir/mnt/host/source/src/platform/ec/zephyr/subsys/pd_controller/pdc_stub.c.obj
[brox-ish-ec:rw] [181/378] Linking C static library zephyr/drivers/serial/libdrivers__serial.a
[padme:ro] [94/360] Building C object CMakeFiles/app.dir/mnt/host/source/src/platform/ec/build/zephyr/padme/modules/ec/common/usb_common.c.obj
[brox-ish-ec:rw] [182/378] Building C object zephyr/drivers/timer/CMakeFiles/drivers__timer.dir/sys_clock_init.c.obj
[/mnt/host/source/src/platform/ec/build/zephyr/ocelotrvp-mchp-lcov]   /mnt/host/source/src/platform/ec/build/zephyr/ocelotrvp-mchp/build-ro/zephyr/drivers/sensor/CMakeFiles/drivers__sensor.dir/mnt/host/source/src/third_party/zephyr/main/misc/empty_file.c.gcno:no functions found
[/mnt/host/source/src/platform/ec/build/zephyr/ocelotrvp-mchp-lcov] stderr:
[npcx7:ro] [32/320] Building C object CMakeFiles/app.dir/mnt/host/source/src/platform/ec/build/zephyr/npcx7/modules/ec/common/memory_commands.c.obj
[padme:ro] [95/360] Building C object CMakeFiles/app.dir/mnt/host/source/src/platform/ec/build/zephyr/padme/modules/ec/common/usb_pd_host_cmd_common.c.obj
[gwendolin:ro] [30/513] Building C object CMakeFiles/app.dir/mnt/host/source/src/platform/ec/build/zephyr/gwendolin/modules/ec/common/host_event_commands.c.obj
[skyrim:ro] [27/417] Building C object CMakeFiles/app.dir/mnt/host/source/src/platform/ec/build/zephyr/skyrim/modules/ec/driver/accel_bma4xx.c.obj
[brox-ish-ec:rw] [183/378] Building C object zephyr/drivers/timer/CMakeFiles/drivers__timer.dir/ite_it8xxx2_timer.c.obj
[brox-ish-ec:rw] [184/378] Linking C static library zephyr/drivers/timer/libdrivers__timer.a
[brox-ish-ec:ro] [31/378] Building C object CMakeFiles/app.dir/mnt/host/source/src/platform/ec/zephyr/subsys/pd_controller/pdc_dpm.c.obj
[brox-ish-ec:rw] [185/378] Building C object zephyr/drivers/watchdog/CMakeFiles/drivers__watchdog.dir/wdt_shell.c.obj
[brox-ish-ec:rw] [186/378] Building C object zephyr/drivers/watchdog/CMakeFiles/drivers__watchdog.dir/wdt_ite_it8xxx2.c.obj
[brox-ish-ec:rw] [187/378] Linking C static library zephyr/drivers/watchdog/libdrivers__watchdog.a
[npcx7:ro] [33/320] Building C object CMakeFiles/app.dir/mnt/host/source/src/platform/ec/build/zephyr/npcx7/modules/ec/common/ap_reset_log.c.obj
[padme:ro] [96/360] Building C object CMakeFiles/app.dir/mnt/host/source/src/platform/ec/build/zephyr/padme/modules/ec/common/math_util.c.obj
[padme:ro] [97/360] Building C object CMakeFiles/app.dir/mnt/host/source/src/platform/ec/build/zephyr/padme/modules/ec/common/vstore.c.obj
[padme:ro] [98/360] Building C object CMakeFiles/app.dir/mnt/host/source/src/platform/ec/build/zephyr/padme/modules/ec/common/button.c.obj
[padme:ro] [99/360] Building C object CMakeFiles/app.dir/mnt/host/source/src/platform/ec/build/zephyr/padme/modules/ec/common/vboot/efs2.c.obj
[brox-ish-ec:rw] [188/378] Building C object modules/ec/zephyr/CMakeFiles/ec_shim.dir/app/ec/ec_app_main.c.obj
[gwendolin:rw] [35/526] Building CXX object CMakeFiles/app.dir/mnt/host/source/src/platform/ec/build/zephyr/gwendolin/modules/ec/common/fpsensor/fpsensor_auth_commands.cc.obj
[gwendolin:ro] [31/513] Building C object CMakeFiles/app.dir/mnt/host/source/src/platform/ec/build/zephyr/gwendolin/modules/ec/common/uart_hostcmd.c.obj
[brox-ish-ec:ro] [32/378] Building C object CMakeFiles/app.dir/mnt/host/source/src/platform/ec/zephyr/subsys/pd_controller/pdc_trace_msg.c.obj
[brox-ish-ec:rw] [189/378] Building C object modules/ec/zephyr/CMakeFiles/ec_shim.dir/app/ec/main_shim.c.obj
[brox-ish-ec:rw] [190/378] Building C object modules/ec/zephyr/CMakeFiles/ec_shim.dir/app/ec/chip/riscv/riscv-ite/it8xxx2-espi.c.obj
[gwendolin:rw] [36/526] Building CXX object CMakeFiles/app.dir/mnt/host/source/src/platform/ec/build/zephyr/gwendolin/modules/ec/common/fpsensor/fpsensor_auth_crypto_stateful.cc.obj
[skyrim:ro] [28/417] Building C object CMakeFiles/app.dir/mnt/host/source/src/platform/ec/build/zephyr/skyrim/modules/ec/driver/accelgyro_bmi_common.c.obj
[brox-ish-ec:ro] [33/378] Building C object CMakeFiles/app.dir/mnt/host/source/src/platform/ec/zephyr/subsys/ucsi/ppm_common.c.obj
[gwendolin:rw] [37/526] Building CXX object CMakeFiles/app.dir/mnt/host/source/src/platform/ec/build/zephyr/gwendolin/modules/ec/common/fpsensor/fpsensor_detect_strings.cc.obj
[npcx7:ro] [34/320] Building C object CMakeFiles/app.dir/mnt/host/source/src/platform/ec/build/zephyr/npcx7/modules/ec/common/espi.c.obj
[brox-ish-ec:rw] [191/378] Building C object modules/ec/zephyr/CMakeFiles/ec_shim.dir/drivers/cros_flash/cros_flash_it8xxx2.c.obj
[padme:ro] [100/360] Building C object CMakeFiles/app.dir/mnt/host/source/src/platform/ec/build/zephyr/padme/modules/ec/zephyr/program/skywalker/src/i2c.c.obj
[brox-ish-ec:rw] [192/378] Building C object modules/ec/zephyr/CMakeFiles/ec_shim.dir/drivers/keyboard_input/keyboard_customization_check.c.obj
[padme:ro] [101/360] Building C object CMakeFiles/app.dir/mnt/host/source/src/platform/ec/build/zephyr/padme/modules/ec/zephyr/program/skywalker/src/hibernate.c.obj
[padme:ro] [102/360] Building C object CMakeFiles/app.dir/mnt/host/source/src/platform/ec/build/zephyr/padme/modules/ec/zephyr/program/skywalker/src/hooks.c.obj
[brox-ish-ec:rw] [193/378] Building C object modules/ec/zephyr/CMakeFiles/ec_shim.dir/drivers/cros_kblight/pwm_kblight.c.obj
[padme:ro] [103/360] Building C object CMakeFiles/app.dir/mnt/host/source/src/platform/ec/build/zephyr/padme/modules/ec/zephyr/program/skywalker/src/backlight.c.obj
[gwendolin:ro] [32/513] Building C object CMakeFiles/app.dir/mnt/host/source/src/platform/ec/build/zephyr/gwendolin/modules/ec/common/uptime.c.obj
[brox-ish-ec:rw] [194/378] Building C object modules/ec/zephyr/CMakeFiles/ec_shim.dir/drivers/cros_system/cros_system_it8xxx2.c.obj
[brox-ish-ec:ro] [34/378] Building C object CMakeFiles/app.dir/mnt/host/source/src/platform/ec/zephyr/subsys/ucsi/ppm_console.c.obj
[npcx7:ro] [35/320] Building C object CMakeFiles/app.dir/mnt/host/source/src/platform/ec/build/zephyr/npcx7/modules/ec/common/extpower_common.c.obj
[brox-ish-ec:rw] [195/378] Building C object modules/ec/zephyr/CMakeFiles/ec_shim.dir/drivers/keyboard_input/keyboard_input.c.obj
[skyrim:ro] [29/417] Building C object CMakeFiles/app.dir/mnt/host/source/src/platform/ec/build/zephyr/skyrim/modules/ec/driver/accelgyro_bmi3xx.c.obj
[brox-ish-ec:rw] [196/378] Building C object modules/ec/zephyr/CMakeFiles/ec_shim.dir/drivers/keyboard_input/col_gpio_drive.c.obj
[brox-ish-ec:ro] [35/378] Building C object CMakeFiles/app.dir/mnt/host/source/src/platform/ec/zephyr/subsys/ucsi/ppm_driver.c.obj
[padme:ro] [104/360] Building C object CMakeFiles/app.dir/padme/src/board.c.obj
[padme:ro] [105/360] Building C object CMakeFiles/app.dir/padme/src/rt9490_workaround.c.obj
[padme:ro] [106/360] Building C object CMakeFiles/app.dir/padme/src/sensor.c.obj
[brox-ish-ec:rw] [197/378] Building C object modules/ec/zephyr/CMakeFiles/ec_shim.dir/drivers/keyboard_factory_test/keyboard_factory_test.c.obj
[padme:ro] [107/360] Building C object CMakeFiles/app.dir/padme/src/dp_alt_mode.c.obj
[gwendolin:ro] [33/513] Building C object CMakeFiles/app.dir/mnt/host/source/src/platform/ec/build/zephyr/gwendolin/modules/ec/common/mkbp_event.c.obj
[brox-ish-ec:rw] [198/378] Building C object modules/ec/zephyr/CMakeFiles/ec_shim.dir/drivers/usbc/ucsi_v3.c.obj
[brox-ish-ec:ro] [36/378] Building C object CMakeFiles/app.dir/mnt/host/source/src/platform/ec/zephyr/subsys/ucsi/ucsi_host_cmd.c.obj
[npcx7:ro] [36/320] Building C object CMakeFiles/app.dir/mnt/host/source/src/platform/ec/build/zephyr/npcx7/modules/ec/common/extpower_gpio.c.obj
[/mnt/host/source/src/platform/ec/build/zephyr/ocelotrvp-mchp-lcov]   /mnt/host/source/src/platform/ec/build/zephyr/ocelotrvp-mchp/build-ro/zephyr/drivers/syscon/CMakeFiles/drivers__syscon.dir/mnt/host/source/src/third_party/zephyr/main/misc/empty_file.c.gcno:no functions found
[/mnt/host/source/src/platform/ec/build/zephyr/ocelotrvp-mchp-lcov] stderr:
[padme:ro] [108/360] Building C object zephyr/CMakeFiles/zephyr.dir/lib/libc/validate_libc.c.obj
[brox-ish-ec:rw] [199/378] Building C object modules/ec/zephyr/CMakeFiles/ec_shim.dir/drivers/boot_keys/boot_keys.c.obj
[brox-ish-ec:ro] [37/378] Building C object CMakeFiles/app.dir/mnt/host/source/src/platform/ec/build/zephyr/brox-ish-ec/modules/ec/builtin/stdlib.c.obj
[skyrim:ro] [30/417] Building C object CMakeFiles/app.dir/mnt/host/source/src/platform/ec/build/zephyr/skyrim/modules/ec/common/motion_sense_fifo.c.obj
[brox-ish-ec:rw] [200/378] Building C object modules/ec/zephyr/CMakeFiles/ec_shim.dir/drivers/usbc/pdc_rts54xx.c.obj
[padme:ro] [109/360] Building C object CMakeFiles/app.dir/padme/src/base_detect.c.obj
[brox-ish-ec:rw] [201/378] Building C object modules/ec/zephyr/CMakeFiles/ec_shim.dir/drivers/runtime_keys/runtime_keys.c.obj
[padme:ro] [110/360] Building C object zephyr/CMakeFiles/zephyr.dir/lib/heap/heap.c.obj
[padme:ro] [111/360] Building C object CMakeFiles/app.dir/padme/src/thermal.c.obj
[gwendolin:ro] [34/513] Building C object CMakeFiles/app.dir/mnt/host/source/src/platform/ec/build/zephyr/gwendolin/modules/ec/common/mkbp_fifo.c.obj
[gwendolin:rw] [38/526] Building CXX object CMakeFiles/app.dir/mnt/host/source/src/platform/ec/build/zephyr/gwendolin/modules/ec/common/fpsensor/fpsensor_utils.cc.obj
[brox-ish-ec:rw] [202/378] Building C object modules/ec/zephyr/CMakeFiles/ec_shim.dir/drivers/vivaldi_kbd/vivaldi_kbd.c.obj
[/mnt/host/source/src/platform/ec/build/zephyr/ocelotrvp-mchp-lcov]   /mnt/host/source/src/platform/ec/build/zephyr/ocelotrvp-mchp/build-rw/modules/ec/zephyr/CMakeFiles/ec_shim.dir/shim/src/thermal.c.gcno:no functions found
[gwendolin:rw] [39/526] Building CXX object CMakeFiles/app.dir/mnt/host/source/src/platform/ec/build/zephyr/gwendolin/modules/ec/common/fpsensor/fpsensor_auth_crypto_stateless.cc.obj
[/mnt/host/source/src/platform/ec/build/zephyr/ocelotrvp-mchp-lcov] stderr:
[brox-ish-ec:ro] [38/378] Building C object CMakeFiles/app.dir/mnt/host/source/src/platform/ec/build/zephyr/brox-ish-ec/modules/ec/common/base32.c.obj
[padme:ro] [112/360] Linking C static library app/libapp.a
[npcx7:ro] [37/320] Building C object CMakeFiles/app.dir/mnt/host/source/src/platform/ec/build/zephyr/npcx7/modules/ec/common/fan.c.obj
[padme:ro] [113/360] Building C object zephyr/CMakeFiles/zephyr.dir/lib/os/cbprintf_packaged.c.obj
[/mnt/host/source/src/platform/ec/build/zephyr/ocelotrvp-mchp-lcov]   /mnt/host/source/src/platform/ec/build/zephyr/ocelotrvp-mchp/build-rw/modules/ec/zephyr/CMakeFiles/ec_shim.dir/shim/src/battery.c.gcno:no functions found
[/mnt/host/source/src/platform/ec/build/zephyr/ocelotrvp-mchp-lcov] stderr:
[brox-ish-ec:rw] [203/378] Building C object modules/ec/zephyr/CMakeFiles/ec_shim.dir/drivers/prochot_vcmp/prochot_vcmp.c.obj
[brox-ish-ec:ro] [39/378] Building C object CMakeFiles/app.dir/mnt/host/source/src/platform/ec/build/zephyr/brox-ish-ec/modules/ec/common/console_output.c.obj
[skyrim:ro] [31/417] Building C object CMakeFiles/app.dir/mnt/host/source/src/platform/ec/build/zephyr/skyrim/modules/ec/driver/amd_stb.c.obj
[brox-ish-ec:rw] [204/378] Building C object modules/ec/zephyr/CMakeFiles/ec_shim.dir/shim/chip/it8xxx2/clock.c.obj
[padme:ro] [114/360] Building C object zephyr/CMakeFiles/zephyr.dir/lib/os/clock.c.obj
[brox-ish-ec:rw] [205/378] Building C object modules/ec/zephyr/CMakeFiles/ec_shim.dir/shim/chip/it8xxx2/system.c.obj
[gwendolin:ro] [35/513] Building C object CMakeFiles/app.dir/mnt/host/source/src/platform/ec/build/zephyr/gwendolin/modules/ec/common/panic_output.c.obj
[padme:ro] [115/360] Building C object zephyr/CMakeFiles/zephyr.dir/lib/os/sem.c.obj
[padme:ro] [116/360] Building C object zephyr/CMakeFiles/zephyr.dir/lib/os/printk.c.obj
[brox-ish-ec:ro] [40/378] Building C object CMakeFiles/app.dir/mnt/host/source/src/platform/ec/build/zephyr/brox-ish-ec/modules/ec/common/ec_features.c.obj
[brox-ish-ec:rw] [206/378] Building C object modules/ec/zephyr/CMakeFiles/ec_shim.dir/shim/chip/it8xxx2/gpio.c.obj
[brox-ish-ec:rw] [207/378] Building C object modules/ec/zephyr/CMakeFiles/ec_shim.dir/shim/src/crc.c.obj
[npcx7:ro] [38/320] Building C object CMakeFiles/app.dir/mnt/host/source/src/platform/ec/build/zephyr/npcx7/modules/ec/common/flash.c.obj
[gwendolin:rw] [40/526] Building CXX object CMakeFiles/app.dir/mnt/host/source/src/platform/ec/build/zephyr/gwendolin/modules/ec/common/fpsensor/fpsensor_vendor_command.cc.obj
[padme:ro] [117/360] Building C object zephyr/CMakeFiles/zephyr.dir/lib/os/thread_entry.c.obj
[brox-ish-ec:rw] [208/378] Building C object modules/ec/zephyr/CMakeFiles/ec_shim.dir/shim/chip/it8xxx2/power_policy.c.obj
[padme:ro] [118/360] Building C object zephyr/CMakeFiles/zephyr.dir/lib/utils/dec.c.obj
[brox-ish-ec:ro] [41/378] Building C object CMakeFiles/app.dir/mnt/host/source/src/platform/ec/build/zephyr/brox-ish-ec/modules/ec/common/gpio_commands.c.obj
[padme:ro] [119/360] Building C object zephyr/CMakeFiles/zephyr.dir/lib/os/cbprintf_nano.c.obj
[padme:ro] [120/360] Building C object zephyr/CMakeFiles/zephyr.dir/lib/os/cbprintf.c.obj
[brox-ish-ec:rw] [209/378] Building C object modules/ec/zephyr/CMakeFiles/ec_shim.dir/shim/src/console.c.obj
[padme:ro] [121/360] Building C object zephyr/CMakeFiles/zephyr.dir/lib/utils/hex.c.obj
[padme:ro] [122/360] Building C object zephyr/CMakeFiles/zephyr.dir/lib/os/assert.c.obj
[gwendolin:ro] [36/513] Building C object CMakeFiles/app.dir/mnt/host/source/src/platform/ec/build/zephyr/gwendolin/modules/ec/common/rsa.c.obj
[skyrim:ro] [32/417] Building C object CMakeFiles/app.dir/mnt/host/source/src/platform/ec/build/zephyr/skyrim/modules/ec/common/adc.c.obj
[brox-ish-ec:ro] [42/378] Building C object CMakeFiles/app.dir/mnt/host/source/src/platform/ec/build/zephyr/brox-ish-ec/modules/ec/common/peripheral.c.obj
[padme:ro] [123/360] Building C object zephyr/CMakeFiles/zephyr.dir/lib/utils/bitmask.c.obj
[npcx7:ro] [39/320] Building C object CMakeFiles/app.dir/mnt/host/source/src/platform/ec/build/zephyr/npcx7/modules/ec/common/host_command.c.obj
[padme:ro] [124/360] Building C object zephyr/CMakeFiles/zephyr.dir/lib/utils/timeutil.c.obj
[brox-ish-ec:rw] [210/378] Building C object modules/ec/zephyr/CMakeFiles/ec_shim.dir/shim/src/panic_utils.c.obj
[brox-ish-ec:rw] [211/378] Building C object modules/ec/zephyr/CMakeFiles/ec_shim.dir/shim/src/gpio_int.c.obj
[brox-ish-ec:rw] [212/378] Building C object modules/ec/zephyr/CMakeFiles/ec_shim.dir/shim/src/gpio.c.obj
[padme:ro] [125/360] Building C object zephyr/CMakeFiles/zephyr.dir/lib/utils/rb.c.obj
[brox-ish-ec:ro] [43/378] Building C object CMakeFiles/app.dir/mnt/host/source/src/platform/ec/build/zephyr/brox-ish-ec/modules/ec/common/printf.c.obj
[brox-ish-ec:rw] [213/378] Building C object modules/ec/zephyr/CMakeFiles/ec_shim.dir/shim/src/pm_state.c.obj
[padme:ro] [126/360] Building C object zephyr/CMakeFiles/zephyr.dir/lib/utils/bitarray.c.obj
[padme:ro] [127/360] Building C object zephyr/CMakeFiles/zephyr.dir/lib/utils/ring_buffer.c.obj
[padme:ro] [128/360] Building C object zephyr/CMakeFiles/zephyr.dir/lib/utils/getopt/getopt.c.obj
[padme:ro] [129/360] Building C object zephyr/CMakeFiles/zephyr.dir/lib/utils/getopt/getopt_common.c.obj
[brox-ish-ec:rw] [214/378] Building C object modules/ec/zephyr/CMakeFiles/ec_shim.dir/shim/src/cbi/cros_cbi.c.obj
[gwendolin:ro] [37/513] Building C object CMakeFiles/app.dir/mnt/host/source/src/platform/ec/build/zephyr/gwendolin/modules/ec/common/vboot/vb21_lib.c.obj
[gwendolin:rw] [41/526] Building CXX object CMakeFiles/app.dir/mnt/host/source/src/platform/ec/build/zephyr/gwendolin/modules/ec/common/fpsensor/fpsensor_frame_size.cc.obj
[padme:ro] [130/360] Building C object zephyr/CMakeFiles/zephyr.dir/lib/utils/last_section_id.c.obj
[brox-ish-ec:ro] [44/378] Building C object CMakeFiles/app.dir/mnt/host/source/src/platform/ec/build/zephyr/brox-ish-ec/modules/ec/common/queue.c.obj
[skyrim:ro] [33/417] Building C object CMakeFiles/app.dir/mnt/host/source/src/platform/ec/build/zephyr/skyrim/modules/ec/common/acpi.c.obj
[gwendolin:rw] [42/526] Building CXX object CMakeFiles/app.dir/mnt/host/source/src/platform/ec/build/zephyr/gwendolin/modules/ec/crypto/elliptic_curve_key.cc.obj
[npcx7:ro] [40/320] Building C object CMakeFiles/app.dir/mnt/host/source/src/platform/ec/build/zephyr/npcx7/modules/ec/common/host_command_task.c.obj
[brox-ish-ec:rw] [215/378] Building C object modules/ec/zephyr/CMakeFiles/ec_shim.dir/shim/src/cbi/cbi_flash.c.obj
[brox-ish-ec:rw] [216/378] Building C object modules/ec/zephyr/CMakeFiles/ec_shim.dir/shim/src/led_driver/led.c.obj
[padme:ro] [131/360] Building ASM object zephyr/CMakeFiles/zephyr.dir/soc/ite/ec/common/soc_irq.S.obj
[padme:ro] [132/360] Building C object zephyr/CMakeFiles/zephyr.dir/misc/generated/configs.c.obj
[padme:ro] [133/360] Building C object zephyr/CMakeFiles/zephyr.dir/soc/ite/ec/common/soc_common_irq.c.obj
[brox-ish-ec:ro] [45/378] Building C object CMakeFiles/app.dir/mnt/host/source/src/platform/ec/build/zephyr/brox-ish-ec/modules/ec/common/system.c.obj
[padme:ro] [134/360] Building C object zephyr/CMakeFiles/zephyr.dir/soc/ite/ec/common/power.c.obj
[brox-ish-ec:rw] [217/378] Building C object modules/ec/zephyr/CMakeFiles/ec_shim.dir/shim/src/led_driver/led_pwm.c.obj
[brox-ish-ec:ro] [46/378] Building C object CMakeFiles/app.dir/mnt/host/source/src/platform/ec/build/zephyr/brox-ish-ec/modules/ec/common/system_boot_time.c.obj
[gwendolin:ro] [38/513] Building C object CMakeFiles/app.dir/mnt/host/source/src/platform/ec/build/zephyr/gwendolin/modules/ec/common/rwsig.c.obj
[npcx7:ro] [41/320] Building C object CMakeFiles/app.dir/mnt/host/source/src/platform/ec/build/zephyr/npcx7/modules/ec/common/host_event_commands.c.obj
[padme:ro] [135/360] Building ASM object zephyr/CMakeFiles/zephyr.dir/soc/ite/ec/it8xxx2/vector.S.obj
[gwendolin:rw] [43/526] Building C object CMakeFiles/app.dir/mnt/host/source/src/platform/ec/build/zephyr/gwendolin/modules/ec/common/host_command.c.obj
[brox-ish-ec:rw] [218/378] Building C object modules/ec/zephyr/CMakeFiles/ec_shim.dir/shim/src/adc.c.obj
[brox-ish-ec:rw] [219/378] Building C object modules/ec/zephyr/CMakeFiles/ec_shim.dir/shim/src/pdc_shim.c.obj
[brox-ish-ec:rw] [220/378] Building C object modules/ec/zephyr/CMakeFiles/ec_shim.dir/shim/src/system.c.obj
[gwendolin:rw] [44/526] Building C object CMakeFiles/app.dir/mnt/host/source/src/platform/ec/build/zephyr/gwendolin/modules/ec/common/host_event_commands.c.obj
[padme:ro] [136/360] Building C object zephyr/CMakeFiles/zephyr.dir/soc/ite/ec/common/policy.c.obj
[skyrim:ro] [34/417] Building C object CMakeFiles/app.dir/mnt/host/source/src/platform/ec/build/zephyr/skyrim/modules/ec/driver/sb_rmi.c.obj
[padme:ro] [137/360] Building C object zephyr/CMakeFiles/zephyr.dir/soc/ite/ec/it8xxx2/soc.c.obj
[padme:ro] [138/360] Building C object zephyr/CMakeFiles/zephyr.dir/soc/ite/ec/it8xxx2/check_regs.c.obj
[brox-ish-ec:ro] [47/378] Building C object CMakeFiles/app.dir/mnt/host/source/src/platform/ec/build/zephyr/brox-ish-ec/modules/ec/common/uart_printf.c.obj
[brox-ish-ec:rw] [221/378] Building C object modules/ec/zephyr/CMakeFiles/ec_shim.dir/shim/src/battery.c.obj
[npcx7:ro] [42/320] Building C object CMakeFiles/app.dir/mnt/host/source/src/platform/ec/build/zephyr/npcx7/modules/ec/common/uart_hostcmd.c.obj
[gwendolin:ro] [39/513] Building C object CMakeFiles/app.dir/mnt/host/source/src/platform/ec/build/zephyr/gwendolin/modules/ec/common/vboot/common.c.obj
[brox-ish-ec:rw] [222/378] Building C object modules/ec/zephyr/CMakeFiles/ec_shim.dir/shim/src/charger.c.obj
[padme:ro] [139/360] Building C object zephyr/CMakeFiles/zephyr.dir/subsys/pm/state.c.obj
[brox-ish-ec:ro] [48/378] Building C object CMakeFiles/app.dir/mnt/host/source/src/platform/ec/build/zephyr/brox-ish-ec/modules/ec/common/util.c.obj
[padme:ro] [140/360] Building C object zephyr/CMakeFiles/zephyr.dir/soc/ite/ec/it8xxx2/ilm.c.obj
[padme:ro] [141/360] Building C object zephyr/CMakeFiles/zephyr.dir/subsys/logging/log_minimal.c.obj
[brox-ish-ec:rw] [223/378] Building C object modules/ec/zephyr/CMakeFiles/ec_shim.dir/shim/src/chipset_api.c.obj
[gwendolin:rw] [45/526] Building C object CMakeFiles/app.dir/mnt/host/source/src/platform/ec/build/zephyr/gwendolin/modules/ec/common/uart_hostcmd.c.obj
[gwendolin:rw] [46/526] Building C object CMakeFiles/app.dir/mnt/host/source/src/platform/ec/build/zephyr/gwendolin/modules/ec/common/uptime.c.obj
[padme:ro] [142/360] Building C object zephyr/CMakeFiles/zephyr.dir/subsys/pm/pm.c.obj
[brox-ish-ec:rw] [224/378] Building C object modules/ec/zephyr/CMakeFiles/ec_shim.dir/shim/src/espi.c.obj
[skyrim:ro] [35/417] Building C object CMakeFiles/app.dir/mnt/host/source/src/platform/ec/build/zephyr/skyrim/modules/ec/driver/amd_stt.c.obj
[brox-ish-ec:ro] [49/378] Building C object CMakeFiles/app.dir/mnt/host/source/src/platform/ec/build/zephyr/brox-ish-ec/modules/ec/common/version.c.obj
[padme:ro] [143/360] Building C object zephyr/CMakeFiles/zephyr.dir/subsys/pm/policy/policy_latency.c.obj
[padme:ro] [144/360] Building C object zephyr/CMakeFiles/zephyr.dir/subsys/pm/policy/policy_state_lock.c.obj
[npcx7:ro] [43/320] Building C object CMakeFiles/app.dir/mnt/host/source/src/platform/ec/build/zephyr/npcx7/modules/ec/common/uptime.c.obj
[padme:ro] [145/360] Building C object zephyr/CMakeFiles/zephyr.dir/subsys/pm/policy/policy_events.c.obj
[gwendolin:ro] [40/513] Building C object CMakeFiles/app.dir/mnt/host/source/src/platform/ec/build/zephyr/gwendolin/modules/ec/common/rollback.c.obj
[brox-ish-ec:rw] [225/378] Building C object modules/ec/zephyr/CMakeFiles/ec_shim.dir/shim/src/flash.c.obj
[brox-ish-ec:rw] [226/378] Building C object modules/ec/zephyr/CMakeFiles/ec_shim.dir/shim/src/fan.c.obj
[brox-ish-ec:ro] [50/378] Building C object CMakeFiles/app.dir/mnt/host/source/src/platform/ec/build/zephyr/brox-ish-ec/modules/ec/common/power_button_x86.c.obj
[gwendolin:rw] [47/526] Building C object CMakeFiles/app.dir/mnt/host/source/src/platform/ec/build/zephyr/gwendolin/modules/ec/common/mkbp_event.c.obj
[padme:ro] [146/360] Building C object zephyr/CMakeFiles/zephyr.dir/subsys/pm/device.c.obj
[brox-ish-ec:rw] [227/378] Building C object modules/ec/zephyr/CMakeFiles/ec_shim.dir/shim/src/hooks.c.obj
[gwendolin:rw] [48/526] Building C object CMakeFiles/app.dir/mnt/host/source/src/platform/ec/build/zephyr/gwendolin/modules/ec/common/mkbp_fifo.c.obj
[brox-ish-ec:rw] [228/378] Building C object modules/ec/zephyr/CMakeFiles/ec_shim.dir/shim/src/host_command.c.obj
[padme:ro] [147/360] Building C object zephyr/CMakeFiles/zephyr.dir/subsys/testsuite/coverage/coverage.c.obj
[padme:ro] [148/360] Building C object zephyr/CMakeFiles/zephyr.dir/subsys/pm/device_system_managed.c.obj
[padme:ro] [149/360] Building C object zephyr/CMakeFiles/zephyr.dir/subsys/tracing/tracing_none.c.obj
[skyrim:ro] [36/417] Building C object CMakeFiles/app.dir/mnt/host/source/src/platform/ec/build/zephyr/skyrim/modules/ec/common/backlight_lid.c.obj
[brox-ish-ec:ro] [51/378] Building C object CMakeFiles/app.dir/mnt/host/source/src/platform/ec/build/zephyr/brox-ish-ec/modules/ec/common/adc.c.obj
[npcx7:ro] [44/320] Building C object CMakeFiles/app.dir/mnt/host/source/src/platform/ec/build/zephyr/npcx7/modules/ec/common/i2c_controller.c.obj
[padme:ro] [150/360] Building C object zephyr/CMakeFiles/zephyr.dir/subsys/shell/modules/kernel_service/kernel_shell.c.obj
[brox-ish-ec:rw] [229/378] Building C object modules/ec/zephyr/CMakeFiles/ec_shim.dir/shim/src/mkbp_event.c.obj
[brox-ish-ec:rw] [230/378] Building C object modules/ec/zephyr/CMakeFiles/ec_shim.dir/shim/src/console_buffer.c.obj
[gwendolin:ro] [41/513] Building C object CMakeFiles/app.dir/mnt/host/source/src/platform/ec/build/zephyr/gwendolin/modules/ec/libc/sbrk.c.obj
[gwendolin:rw] [49/526] Building C object CMakeFiles/app.dir/mnt/host/source/src/platform/ec/build/zephyr/gwendolin/modules/ec/common/panic_output.c.obj
[brox-ish-ec:rw] [231/378] Building C object modules/ec/zephyr/CMakeFiles/ec_shim.dir/shim/src/panic.c.obj
[brox-ish-ec:ro] [52/378] Building C object CMakeFiles/app.dir/mnt/host/source/src/platform/ec/build/zephyr/brox-ish-ec/modules/ec/common/acpi.c.obj
[gwendolin:rw] [50/526] Building C object CMakeFiles/app.dir/mnt/host/source/src/platform/ec/build/zephyr/gwendolin/modules/ec/common/vboot/vb21_lib.c.obj
[padme:ro] [151/360] Building C object zephyr/CMakeFiles/zephyr.dir/subsys/shell/modules/kernel_service/uptime.c.obj
[padme:ro] [152/360] Building C object zephyr/CMakeFiles/zephyr.dir/subsys/shell/modules/kernel_service/cycles.c.obj
[brox-ish-ec:rw] [232/378] Building C object modules/ec/zephyr/CMakeFiles/ec_shim.dir/shim/src/pwm_hc.c.obj
[padme:ro] [153/360] Building C object zephyr/CMakeFiles/zephyr.dir/subsys/shell/modules/kernel_service/sleep.c.obj
[padme:ro] [154/360] Building C object zephyr/CMakeFiles/zephyr.dir/subsys/shell/modules/kernel_service/version.c.obj
[brox-ish-ec:rw] [233/378] Building C object modules/ec/zephyr/CMakeFiles/ec_shim.dir/shim/src/thermal.c.obj
[brox-ish-ec:ro] [53/378] Building C object CMakeFiles/app.dir/mnt/host/source/src/platform/ec/build/zephyr/brox-ish-ec/modules/ec/common/backlight_lid.c.obj
[brox-ish-ec:rw] [234/378] Building C object modules/ec/zephyr/CMakeFiles/ec_shim.dir/shim/src/hwtimer.c.obj
[brox-ish-ec:rw] [235/378] Building C object modules/ec/zephyr/CMakeFiles/ec_shim.dir/shim/src/temp_sensors.c.obj
[npcx7:ro] [45/320] Building C object CMakeFiles/app.dir/mnt/host/source/src/platform/ec/build/zephyr/npcx7/modules/ec/common/i2c_passthru.c.obj
[skyrim:ro] [37/417] Building C object CMakeFiles/app.dir/mnt/host/source/src/platform/ec/build/zephyr/skyrim/modules/ec/common/battery.c.obj
[gwendolin:ro] [42/513] Building C object CMakeFiles/app.dir/mnt/host/source/src/platform/ec/build/zephyr/gwendolin/modules/ec/common/shared_mem_libc.c.obj
[gwendolin:rw] [51/526] Building C object CMakeFiles/app.dir/mnt/host/source/src/platform/ec/build/zephyr/gwendolin/modules/ec/common/rollback.c.obj
[padme:ro] [155/360] Building C object zephyr/CMakeFiles/zephyr.dir/subsys/shell/modules/kernel_service/thread/thread.c.obj
[padme:ro] [156/360] Building C object zephyr/CMakeFiles/zephyr.dir/subsys/shell/modules/kernel_service/thread/list.c.obj
[padme:ro] [157/360] Building C object zephyr/CMakeFiles/zephyr.dir/subsys/shell/modules/kernel_service/thread/stacks.c.obj
[padme:ro] [158/360] Building C object zephyr/CMakeFiles/zephyr.dir/subsys/shell/modules/kernel_service/thread/unwind.c.obj
[gwendolin:rw] [52/526] Building C object CMakeFiles/app.dir/mnt/host/source/src/platform/ec/build/zephyr/gwendolin/modules/ec/libc/sbrk.c.obj
[brox-ish-ec:ro] [54/378] Building C object CMakeFiles/app.dir/mnt/host/source/src/platform/ec/build/zephyr/brox-ish-ec/modules/ec/common/battery.c.obj
[brox-ish-ec:rw] [236/378] Building C object modules/ec/zephyr/CMakeFiles/ec_shim.dir/shim/src/i2c.c.obj
[brox-ish-ec:rw] [237/378] Building C object modules/ec/zephyr/CMakeFiles/ec_shim.dir/shim/src/usba.c.obj
[brox-ish-ec:rw] [238/378] Building C object modules/ec/zephyr/CMakeFiles/ec_shim.dir/shim/src/tasks.c.obj
[padme:ro] [159/360] Building C object zephyr/CMakeFiles/zephyr.dir/subsys/shell/modules/kernel_service/thread/suspend.c.obj
[npcx7:ro] [46/320] Building C object CMakeFiles/app.dir/mnt/host/source/src/platform/ec/build/zephyr/npcx7/modules/ec/common/keyboard_scan.c.obj
[brox-ish-ec:ro] [55/378] Building C object CMakeFiles/app.dir/mnt/host/source/src/platform/ec/build/zephyr/brox-ish-ec/modules/ec/common/battery_info.c.obj
[gwendolin:ro] [43/513] Building C object CMakeFiles/app.dir/mnt/host/source/src/platform/ec/build/zephyr/gwendolin/modules/ec/common/spi_flash_reg.c.obj
[padme:ro] [160/360] Building C object zephyr/CMakeFiles/zephyr.dir/subsys/shell/modules/kernel_service/thread/kill.c.obj
[brox-ish-ec:rw] [239/378] cd /mnt/host/source/src/platform/ec/build/zephyr/brox-ish-ec/build-rw/modules/ec/zephyr && PYTHONPATH=/mnt/host/source/src/platform/ec/build/zephyr/brox-ish-ec/modules/ec/zephyr/zmake/ /usr/bin/python3.11 /mnt/host/source/src/platform/ec/build/zephyr/brox-ish-ec/modules/ec/zephyr/zmake/zephyr_build_tools/generate_ec_version.py /mnt/host/source/src/platform/ec/build/zephyr/brox-ish-ec/build-rw/modules/ec/zephyr/include/ec_version.h --name Zephyr-Kernel --version 16543.0.0 --static
[brox-ish-ec:rw] INFO:root:Using a static version string
[brox-ish-ec:rw] INFO:root:Version string: Zephyr-Kernel-16543.0.0
[brox-ish-ec:rw] INFO:root:Writing header to /mnt/host/source/src/platform/ec/build/zephyr/brox-ish-ec/build-rw/modules/ec/zephyr/include/ec_version.h
[brox-ish-ec:rw] [240/378] Building C object modules/ec/zephyr/CMakeFiles/ec_shim.dir/shim/src/watchdog.c.obj
[gwendolin:rw] [53/526] Building C object CMakeFiles/app.dir/mnt/host/source/src/platform/ec/build/zephyr/gwendolin/modules/ec/common/shared_mem_libc.c.obj
[padme:ro] [161/360] Building C object zephyr/CMakeFiles/zephyr.dir/subsys/shell/modules/kernel_service/thread/resume.c.obj
[gwendolin:rw] [54/526] Building C object CMakeFiles/app.dir/mnt/host/source/src/platform/ec/build/zephyr/gwendolin/modules/ec/common/spi_flash_reg.c.obj
[skyrim:ro] [38/417] Building C object CMakeFiles/app.dir/mnt/host/source/src/platform/ec/build/zephyr/skyrim/modules/ec/common/battery_info.c.obj
[padme:ro] [162/360] Building C object zephyr/CMakeFiles/zephyr.dir/subsys/shell/backends/shell_uart.c.obj
[brox-ish-ec:ro] [56/378] Building C object CMakeFiles/app.dir/mnt/host/source/src/platform/ec/build/zephyr/brox-ish-ec/modules/ec/common/battery_fuel_gauge.c.obj
[brox-ish-ec:rw] [241/378] Building C object modules/ec/zephyr/CMakeFiles/ec_shim.dir/shim/src/power_host_sleep_api.c.obj
[brox-ish-ec:rw] [242/378] Building C object modules/ec/zephyr/CMakeFiles/ec_shim.dir/shim/src/sha256_hw.c.obj
[npcx7:ro] [47/320] Building C object CMakeFiles/app.dir/mnt/host/source/src/platform/ec/build/zephyr/npcx7/modules/ec/common/keyboard_8042.c.obj
[padme:ro] [163/360] Building C object zephyr/CMakeFiles/zephyr.dir/subsys/shell/shell_fprintf.c.obj
[gwendolin:ro] [44/513] Building C object CMakeFiles/app.dir/mnt/host/source/src/platform/ec/build/zephyr/gwendolin/modules/ec/common/timer.c.obj
[gwendolin:rw] [55/526] Building C object CMakeFiles/app.dir/mnt/host/source/src/platform/ec/build/zephyr/gwendolin/modules/ec/common/rtc.c.obj
[brox-ish-ec:rw] [243/378] Building C object CMakeFiles/app.dir/mnt/host/source/src/platform/ec/zephyr/subsys/ap_pwrseq/ap_events.c.obj
[brox-ish-ec:ro] [57/378] Building C object CMakeFiles/app.dir/mnt/host/source/src/platform/ec/build/zephyr/brox-ish-ec/modules/ec/driver/battery/smart.c.obj
[brox-ish-ec:rw] [244/378] Building C object CMakeFiles/app.dir/mnt/host/source/src/platform/ec/zephyr/subsys/ap_pwrseq/ap_power_interface.c.obj
[padme:ro] [164/360] Building C object zephyr/CMakeFiles/zephyr.dir/subsys/shell/shell_utils.c.obj
[gwendolin:rw] [56/526] Building C object CMakeFiles/app.dir/mnt/host/source/src/platform/ec/build/zephyr/gwendolin/modules/ec/common/timer.c.obj
[padme:ro] [165/360] Building C object zephyr/CMakeFiles/zephyr.dir/subsys/shell/shell.c.obj
[padme:ro] [166/360] Building C object zephyr/CMakeFiles/zephyr.dir/subsys/shell/shell_ops.c.obj
[skyrim:ro] [39/417] Building C object CMakeFiles/app.dir/mnt/host/source/src/platform/ec/build/zephyr/skyrim/modules/ec/common/battery_fuel_gauge.c.obj
[brox-ish-ec:rw] [245/378] Building C object CMakeFiles/app.dir/mnt/host/source/src/platform/ec/zephyr/subsys/ap_pwrseq/power_signals.c.obj
[npcx7:ro] [48/320] Building C object CMakeFiles/app.dir/mnt/host/source/src/platform/ec/build/zephyr/npcx7/modules/ec/common/keyboard_8042_sharedlib.c.obj
[padme:ro] [167/360] Building C object zephyr/CMakeFiles/zephyr.dir/subsys/shell/shell_help.c.obj
[brox-ish-ec:ro] [58/378] Building C object CMakeFiles/app.dir/mnt/host/source/src/platform/ec/build/zephyr/brox-ish-ec/modules/ec/driver/charger/isl923x.c.obj
[gwendolin:ro] [45/513] Building C object CMakeFiles/app.dir/mnt/host/source/src/platform/ec/build/zephyr/gwendolin/modules/ec/common/rtc.c.obj
[brox-ish-ec:rw] [246/378] Building C object CMakeFiles/app.dir/mnt/host/source/src/platform/ec/zephyr/subsys/ap_pwrseq/signal_gpio.c.obj
[gwendolin:rw] [57/526] Building C object CMakeFiles/app.dir/helipilot/src/ec_quirks.c.obj
[padme:ro] [168/360] Building C object zephyr/CMakeFiles/zephyr.dir/subsys/shell/shell_history.c.obj
[brox-ish-ec:rw] [247/378] Building C object CMakeFiles/app.dir/mnt/host/source/src/platform/ec/zephyr/subsys/ap_pwrseq/signal_vw.c.obj
[gwendolin:rw] [58/526] Building C object CMakeFiles/app.dir/helipilot/src/fp_transport.c.obj
[padme:ro] [169/360] Building C object zephyr/arch/common/CMakeFiles/arch__common.dir/sw_isr_common.c.obj
[brox-ish-ec:rw] [248/378] Building C object CMakeFiles/app.dir/mnt/host/source/src/platform/ec/zephyr/subsys/ap_pwrseq/power_host_sleep.c.obj
[padme:ro] [170/360] Building C object zephyr/CMakeFiles/zephyr.dir/drivers/flash/flash_util.c.obj
[padme:ro] [171/360] Linking C static library zephyr/libzephyr.a
[brox-ish-ec:ro] [59/378] Building C object CMakeFiles/app.dir/mnt/host/source/src/platform/ec/build/zephyr/brox-ish-ec/modules/ec/common/charger.c.obj
[padme:ro] [172/360] Building C object zephyr/arch/common/CMakeFiles/arch__common.dir/dynamic_isr.c.obj
[padme:ro] [173/360] Building C object zephyr/arch/common/CMakeFiles/arch__common.dir/init.c.obj
[npcx7:ro] [49/320] Building C object CMakeFiles/app.dir/mnt/host/source/src/platform/ec/build/zephyr/npcx7/modules/ec/common/keyboard_backlight.c.obj
[skyrim:ro] [40/417] Building C object CMakeFiles/app.dir/mnt/host/source/src/platform/ec/build/zephyr/skyrim/modules/ec/driver/battery/smart.c.obj
[gwendolin:rw] [59/526] Building C object CMakeFiles/app.dir/src/fp_transport.c.obj
[gwendolin:ro] [46/513] Building C object CMakeFiles/app.dir/helipilot/src/ec_quirks.c.obj
[gwendolin:rw] [60/526] Building C object CMakeFiles/app.dir/helipilot/src/power.c.obj
[padme:ro] [174/360] Building C object zephyr/arch/common/CMakeFiles/arch__common.dir/xip.c.obj
[brox-ish-ec:rw] [249/378] Building C object CMakeFiles/app.dir/mnt/host/source/src/platform/ec/zephyr/subsys/ap_pwrseq/x86_non_dsx_chipset_power_state.c.obj
[padme:ro] [175/360] Building C object zephyr/arch/common/CMakeFiles/isr_tables.dir/isr_tables.c.obj
[padme:ro] [176/360] Building C object zephyr/arch/arch/riscv/core/CMakeFiles/arch__riscv__core.dir/cpu_idle.c.obj
[gwendolin:rw] [61/526] Linking CXX static library app/libapp.a
[padme:ro] [177/360] Linking C static library zephyr/arch/common/libisr_tables.a
[brox-ish-ec:ro] [60/378] Building C object CMakeFiles/app.dir/mnt/host/source/src/platform/ec/build/zephyr/brox-ish-ec/modules/ec/common/charge_state.c.obj
[brox-ish-ec:rw] [250/378] Building C object CMakeFiles/app.dir/mnt/host/source/src/platform/ec/zephyr/subsys/ap_pwrseq/x86_non_dsx_common_pwrseq_sm_handler.c.obj
[brox-ish-ec:rw] [251/378] Building C object CMakeFiles/app.dir/mnt/host/source/src/platform/ec/zephyr/subsys/ap_pwrseq/x86_non_dsx_common_pwrseq_console.c.obj
[brox-ish-ec:rw] [252/378] Building C object CMakeFiles/app.dir/mnt/host/source/src/platform/ec/zephyr/subsys/ap_pwrseq/x86_non_dsx_common_pwrseq_host_sleep.c.obj
[padme:ro] [178/360] Linking C static library zephyr/arch/common/libarch__common.a
[gwendolin:rw] [62/526] Building C object zephyr/CMakeFiles/zephyr.dir/lib/cpp/abi/cpp_dtors.c.obj
[padme:ro] [179/360] Building C object zephyr/arch/arch/riscv/core/CMakeFiles/arch__riscv__core.dir/prep_c.c.obj
[padme:ro] [180/360] Building C object zephyr/arch/arch/riscv/core/CMakeFiles/arch__riscv__core.dir/fatal.c.obj
[npcx7:ro] [50/320] Building C object CMakeFiles/app.dir/mnt/host/source/src/platform/ec/build/zephyr/npcx7/modules/ec/common/lid_switch.c.obj
[padme:ro] [181/360] Building C object zephyr/arch/arch/riscv/core/CMakeFiles/arch__riscv__core.dir/irq_manage.c.obj
[gwendolin:rw] [63/526] Building C object zephyr/CMakeFiles/zephyr.dir/lib/libc/validate_libc.c.obj
[gwendolin:ro] [47/513] Building C object CMakeFiles/app.dir/helipilot/src/fp_transport.c.obj
[brox-ish-ec:ro] [61/378] Building C object CMakeFiles/app.dir/mnt/host/source/src/platform/ec/build/zephyr/brox-ish-ec/modules/ec/common/charge_manager.c.obj
[skyrim:ro] [41/417] Building C object CMakeFiles/app.dir/mnt/host/source/src/platform/ec/build/zephyr/skyrim/modules/ec/driver/bc12/pi3usb9201.c.obj
[padme:ro] [182/360] Building C object zephyr/arch/arch/riscv/core/CMakeFiles/arch__riscv__core.dir/reboot.c.obj
[brox-ish-ec:rw] [253/378] Building C object CMakeFiles/app.dir/mnt/host/source/src/platform/ec/zephyr/subsys/ap_pwrseq/x86_non_dsx_common_pwrseq_host_command.c.obj
[gwendolin:rw] [64/526] Building C object zephyr/CMakeFiles/zephyr.dir/lib/heap/heap.c.obj
[brox-ish-ec:rw] [254/378] Building C object CMakeFiles/app.dir/mnt/host/source/src/platform/ec/zephyr/subsys/ap_pwrseq/x86_non_dsx_adlp_pwrseq_sm.c.obj
[brox-ish-ec:ro] [62/378] Building C object CMakeFiles/app.dir/mnt/host/source/src/platform/ec/build/zephyr/brox-ish-ec/modules/ec/common/cbi_common.c.obj
[padme:ro] [183/360] Building ASM object zephyr/arch/arch/riscv/core/CMakeFiles/arch__riscv__core.dir/reset.S.obj
[brox-ish-ec:rw] [255/378] Building C object CMakeFiles/app.dir/mnt/host/source/src/platform/ec/zephyr/subsys/ap_pwrseq/ap_reset_log.c.obj
[padme:ro] [184/360] Building ASM object zephyr/arch/arch/riscv/core/CMakeFiles/arch__riscv__core.dir/switch.S.obj
[brox-ish-ec:rw] [256/378] Building C object CMakeFiles/app.dir/mnt/host/source/src/platform/ec/zephyr/subsys/pd_controller/pdc_pmc_debug.c.obj
[padme:ro] [185/360] Building C object zephyr/arch/arch/riscv/core/CMakeFiles/arch__riscv__core.dir/thread.c.obj
[padme:ro] [186/360] Generating ../../../include/generated/libc/minimal/strerror_table.h
[npcx7:ro] [51/320] Building C object CMakeFiles/app.dir/mnt/host/source/src/platform/ec/build/zephyr/npcx7/modules/ec/common/power_button.c.obj
[padme:ro] [187/360] Building C object zephyr/lib/libc/minimal/CMakeFiles/lib__libc__minimal.dir/source/stdlib/atoi.c.obj
[gwendolin:rw] [65/526] Building C object zephyr/CMakeFiles/zephyr.dir/lib/os/cbprintf_packaged.c.obj
[gwendolin:ro] [48/513] Building C object CMakeFiles/app.dir/helipilot/src/power.c.obj
[padme:ro] [188/360] Building C object zephyr/lib/libc/minimal/CMakeFiles/lib__libc__minimal.dir/source/stdlib/strtol.c.obj
[padme:ro] [189/360] Building ASM object zephyr/arch/arch/riscv/core/CMakeFiles/arch__riscv__core.dir/isr.S.obj
[gwendolin:rw] [66/526] Building C object zephyr/CMakeFiles/zephyr.dir/lib/os/clock.c.obj
[padme:ro] [190/360] Building C object zephyr/lib/libc/minimal/CMakeFiles/lib__libc__minimal.dir/source/stdlib/strtoul.c.obj
[brox-ish-ec:ro] [63/378] Building C object CMakeFiles/app.dir/mnt/host/source/src/platform/ec/build/zephyr/brox-ish-ec/modules/ec/common/cbi_config.c.obj
[brox-ish-ec:ro] [64/378] Building C object CMakeFiles/app.dir/mnt/host/source/src/platform/ec/build/zephyr/brox-ish-ec/modules/ec/common/cbi.c.obj
[padme:ro] [191/360] Building C object zephyr/lib/libc/minimal/CMakeFiles/lib__libc__minimal.dir/source/stdlib/strtoll.c.obj
[padme:ro] [192/360] Building C object zephyr/arch/arch/riscv/core/CMakeFiles/arch__riscv__core.dir/stacktrace.c.obj
[padme:ro] [193/360] Building C object zephyr/lib/libc/minimal/CMakeFiles/lib__libc__minimal.dir/source/stdlib/strtoull.c.obj
[padme:ro] [194/360] Building C object zephyr/lib/libc/common/CMakeFiles/lib__libc__common.dir/source/stdlib/abort.c.obj
[padme:ro] [195/360] Linking C static library zephyr/arch/arch/riscv/core/libarch__riscv__core.a
[brox-ish-ec:rw] [257/378] Building C object CMakeFiles/app.dir/mnt/host/source/src/platform/ec/zephyr/subsys/pd_controller/retimer_fw_update.c.obj
[padme:ro] [196/360] Building C object zephyr/lib/libc/minimal/CMakeFiles/lib__libc__minimal.dir/source/stdlib/bsearch.c.obj
[skyrim:ro] [42/417] Building C object CMakeFiles/app.dir/mnt/host/source/src/platform/ec/build/zephyr/skyrim/modules/ec/driver/charger/isl923x.c.obj
[npcx7:ro] [52/320] Building C object CMakeFiles/app.dir/mnt/host/source/src/platform/ec/build/zephyr/npcx7/modules/ec/common/panic_output.c.obj
[padme:ro] [197/360] Building C object zephyr/lib/libc/minimal/CMakeFiles/lib__libc__minimal.dir/source/string/strncasecmp.c.obj
[brox-ish-ec:rw] [258/378] Building C object CMakeFiles/app.dir/mnt/host/source/src/platform/ec/zephyr/subsys/pd_controller/pdc_host_cmd.c.obj
[padme:ro] [198/360] Building C object zephyr/lib/libc/minimal/CMakeFiles/lib__libc__minimal.dir/source/string/strerror.c.obj
[gwendolin:rw] [67/526] Building C object zephyr/CMakeFiles/zephyr.dir/lib/os/printk.c.obj
[brox-ish-ec:rw] [259/378] Building C object CMakeFiles/app.dir/mnt/host/source/src/platform/ec/zephyr/subsys/pd_controller/pdc_console.c.obj
[padme:ro] [199/360] Building C object zephyr/lib/libc/minimal/CMakeFiles/lib__libc__minimal.dir/source/string/strstr.c.obj
[padme:ro] [200/360] Building C object zephyr/lib/libc/minimal/CMakeFiles/lib__libc__minimal.dir/source/stdlib/qsort.c.obj
[gwendolin:ro] [49/513] Building C object CMakeFiles/app.dir/src/fp_transport.c.obj
[gwendolin:ro] [50/513] Linking C static library app/libapp.a
[padme:ro] [201/360] Building C object zephyr/lib/libc/minimal/CMakeFiles/lib__libc__minimal.dir/source/string/string.c.obj
[padme:ro] [202/360] Building C object zephyr/lib/libc/minimal/CMakeFiles/lib__libc__minimal.dir/source/string/strspn.c.obj
[gwendolin:rw] [68/526] Building C object zephyr/CMakeFiles/zephyr.dir/lib/os/sem.c.obj
[padme:ro] [203/360] Building C object zephyr/lib/libc/minimal/CMakeFiles/lib__libc__minimal.dir/source/stdlib/exit.c.obj
[brox-ish-ec:ro] [65/378] Building C object CMakeFiles/app.dir/mnt/host/source/src/platform/ec/build/zephyr/brox-ish-ec/modules/ec/common/memory_commands.c.obj
[/mnt/host/source/src/platform/ec/build/zephyr/ocelotrvp-mchp-lcov]   /mnt/host/source/src/platform/ec/build/zephyr/ocelotrvp-mchp/build-rw/modules/ec/zephyr/CMakeFiles/ec_shim.dir/shim/src/charger.c.gcno:no functions found
[/mnt/host/source/src/platform/ec/build/zephyr/ocelotrvp-mchp-lcov] stderr:
[brox-ish-ec:ro] [66/378] Building C object CMakeFiles/app.dir/mnt/host/source/src/platform/ec/build/zephyr/brox-ish-ec/modules/ec/common/dptf.c.obj
[npcx7:ro] [53/320] Building C object CMakeFiles/app.dir/mnt/host/source/src/platform/ec/build/zephyr/npcx7/modules/ec/common/sha256.c.obj
[brox-ish-ec:rw] [260/378] Building C object CMakeFiles/app.dir/mnt/host/source/src/platform/ec/zephyr/subsys/pd_controller/pdc_stub.c.obj
[padme:ro] [204/360] Building C object zephyr/lib/libc/minimal/CMakeFiles/lib__libc__minimal.dir/source/math/sqrtf.c.obj
[gwendolin:rw] [69/526] Building C object zephyr/CMakeFiles/zephyr.dir/lib/os/thread_entry.c.obj
[padme:ro] [205/360] Building C object zephyr/lib/libc/minimal/CMakeFiles/lib__libc__minimal.dir/source/stdout/fprintf.c.obj
[padme:ro] [206/360] Building C object zephyr/lib/libc/minimal/CMakeFiles/lib__libc__minimal.dir/source/stdout/stdout_console.c.obj
[skyrim:ro] [43/417] Building C object CMakeFiles/app.dir/mnt/host/source/src/platform/ec/build/zephyr/skyrim/modules/ec/driver/charger/isl9241.c.obj
[padme:ro] [207/360] Building C object zephyr/lib/libc/minimal/CMakeFiles/lib__libc__minimal.dir/source/stdout/sprintf.c.obj
[padme:ro] [208/360] Building C object zephyr/lib/libc/minimal/CMakeFiles/lib__libc__minimal.dir/source/math/sqrt.c.obj
[brox-ish-ec:rw] [261/378] Building C object CMakeFiles/app.dir/mnt/host/source/src/platform/ec/zephyr/subsys/pd_controller/pdc_dpm.c.obj
[gwendolin:rw] [70/526] Building C object zephyr/CMakeFiles/zephyr.dir/lib/os/cbprintf_nano.c.obj
[gwendolin:ro] [51/513] Building C object zephyr/CMakeFiles/zephyr.dir/lib/libc/validate_libc.c.obj
[brox-ish-ec:rw] [262/378] Building C object CMakeFiles/app.dir/mnt/host/source/src/platform/ec/zephyr/subsys/pd_controller/pdc_power_mgmt.c.obj
[brox-ish-ec:rw] [263/378] Building C object CMakeFiles/app.dir/mnt/host/source/src/platform/ec/zephyr/subsys/pd_controller/pdc_trace_msg.c.obj
[brox-ish-ec:ro] [67/378] Building C object CMakeFiles/app.dir/mnt/host/source/src/platform/ec/build/zephyr/brox-ish-ec/modules/ec/common/espi.c.obj
[padme:ro] [209/360] Building C object zephyr/lib/libc/common/CMakeFiles/lib__libc__common.dir/source/time/gmtime_r.c.obj
[padme:ro] [210/360] Building C object zephyr/lib/libc/common/CMakeFiles/lib__libc__common.dir/source/time/asctime.c.obj
[gwendolin:ro] [52/513] Building C object zephyr/CMakeFiles/zephyr.dir/lib/cpp/abi/cpp_dtors.c.obj
[brox-ish-ec:ro] [68/378] Building C object CMakeFiles/app.dir/mnt/host/source/src/platform/ec/build/zephyr/brox-ish-ec/modules/ec/common/ap_reset_log.c.obj
[padme:ro] [211/360] Building C object zephyr/lib/libc/common/CMakeFiles/lib__libc__common.dir/source/time/localtime_r_utc.c.obj
[npcx7:ro] [54/320] Building C object CMakeFiles/app.dir/mnt/host/source/src/platform/ec/build/zephyr/npcx7/modules/ec/common/shared_mem.c.obj
[padme:ro] [212/360] Building C object zephyr/lib/libc/common/CMakeFiles/lib__libc__common.dir/source/time/time.c.obj
[padme:ro] [213/360] Building C object zephyr/lib/libc/common/CMakeFiles/lib__libc__common.dir/source/time/ctime.c.obj
[padme:ro] [214/360] Building C object zephyr/lib/libc/minimal/CMakeFiles/lib__libc__minimal.dir/source/time/gmtime.c.obj
[gwendolin:rw] [71/526] Building C object zephyr/CMakeFiles/zephyr.dir/lib/os/cbprintf.c.obj
[padme:ro] [215/360] Building C object zephyr/lib/libc/common/CMakeFiles/lib__libc__common.dir/source/string/strnlen.c.obj
[padme:ro] [216/360] Linking C static library zephyr/lib/libc/minimal/liblib__libc__minimal.a
[brox-ish-ec:rw] [264/378] Building C object CMakeFiles/app.dir/mnt/host/source/src/platform/ec/zephyr/subsys/ucsi/ppm_common.c.obj
[gwendolin:rw] [72/526] Building C object zephyr/CMakeFiles/zephyr.dir/lib/os/assert.c.obj
[padme:ro] [217/360] Building C object zephyr/lib/posix/c_lib_ext/CMakeFiles/lib__posix__c_lib_ext.dir/fnmatch.c.obj
[brox-ish-ec:rw] [265/378] Building C object CMakeFiles/app.dir/mnt/host/source/src/platform/ec/zephyr/subsys/ucsi/ppm_console.c.obj
[gwendolin:ro] [53/513] Building C object zephyr/CMakeFiles/zephyr.dir/lib/heap/heap.c.obj
[padme:ro] [218/360] Building C object zephyr/lib/libc/common/CMakeFiles/lib__libc__common.dir/source/stdlib/malloc.c.obj
[brox-ish-ec:rw] [266/378] Building C object CMakeFiles/app.dir/mnt/host/source/src/platform/ec/zephyr/subsys/ucsi/ucsi_host_cmd.c.obj
[brox-ish-ec:ro] [69/378] Building C object CMakeFiles/app.dir/mnt/host/source/src/platform/ec/build/zephyr/brox-ish-ec/modules/ec/common/extpower_gpio.c.obj
[skyrim:ro] [44/417] Building C object CMakeFiles/app.dir/mnt/host/source/src/platform/ec/build/zephyr/skyrim/modules/ec/common/charger.c.obj
[padme:ro] [219/360] Linking C static library zephyr/lib/libc/common/liblib__libc__common.a
[brox-ish-ec:ro] [70/378] Building C object CMakeFiles/app.dir/mnt/host/source/src/platform/ec/build/zephyr/brox-ish-ec/modules/ec/common/extpower_common.c.obj
[npcx7:ro] [55/320] Building C object CMakeFiles/app.dir/mnt/host/source/src/platform/ec/build/zephyr/npcx7/modules/ec/common/spi_flash_reg.c.obj
[gwendolin:rw] [73/526] Building C object zephyr/CMakeFiles/zephyr.dir/lib/utils/dec.c.obj
[gwendolin:rw] [74/526] Building C object zephyr/CMakeFiles/zephyr.dir/lib/os/mpsc_pbuf.c.obj
[brox-ish-ec:rw] [267/378] Building C object CMakeFiles/app.dir/mnt/host/source/src/platform/ec/zephyr/subsys/ucsi/ppm_driver.c.obj
[padme:ro] [220/360] Building C object zephyr/lib/posix/c_lib_ext/CMakeFiles/lib__posix__c_lib_ext.dir/getentropy.c.obj
[padme:ro] [221/360] Building C object zephyr/lib/posix/c_lib_ext/CMakeFiles/lib__posix__c_lib_ext.dir/getopt_shim.c.obj
[padme:ro] [222/360] Linking C static library zephyr/lib/posix/c_lib_ext/liblib__posix__c_lib_ext.a
[padme:ro] [223/360] Building C object zephyr/lib/smf/CMakeFiles/lib__smf.dir/smf.c.obj
[padme:ro] [224/360] Linking C static library zephyr/lib/smf/liblib__smf.a
[gwendolin:rw] [75/526] Building C object zephyr/CMakeFiles/zephyr.dir/lib/utils/hex.c.obj
[brox-ish-ec:rw] [268/378] Building C object CMakeFiles/app.dir/mnt/host/source/src/platform/ec/build/zephyr/brox-ish-ec/modules/ec/builtin/stdlib.c.obj
[padme:ro] [225/360] Building C object zephyr/subsys/crc/CMakeFiles/subsys__crc.dir/crc4_sw.c.obj
[brox-ish-ec:rw] [269/378] Building C object CMakeFiles/app.dir/mnt/host/source/src/platform/ec/build/zephyr/brox-ish-ec/modules/ec/common/base32.c.obj
[padme:ro] [226/360] Building C object zephyr/subsys/crc/CMakeFiles/subsys__crc.dir/crc8_sw.c.obj
[padme:ro] [227/360] Building C object zephyr/subsys/crc/CMakeFiles/subsys__crc.dir/crc16_sw.c.obj
[brox-ish-ec:rw] [270/378] Building C object CMakeFiles/app.dir/mnt/host/source/src/platform/ec/build/zephyr/brox-ish-ec/modules/ec/common/console_output.c.obj
[gwendolin:ro] [54/513] Building C object zephyr/CMakeFiles/zephyr.dir/lib/os/cbprintf_packaged.c.obj
[padme:ro] [228/360] Building C object zephyr/subsys/crc/CMakeFiles/subsys__crc.dir/crc7_sw.c.obj
[gwendolin:rw] [76/526] Building C object zephyr/CMakeFiles/zephyr.dir/lib/utils/rb.c.obj
[padme:ro] [229/360] Building C object zephyr/subsys/crc/CMakeFiles/subsys__crc.dir/crc24_sw.c.obj
[padme:ro] [230/360] Building C object zephyr/subsys/mgmt/ec_host_cmd/CMakeFiles/subsys__mgmt__ec_host_cmd.dir/ec_host_cmd_handler.c.obj
[gwendolin:rw] [77/526] Building C object zephyr/CMakeFiles/zephyr.dir/lib/utils/timeutil.c.obj
[padme:ro] [231/360] Linking C static library zephyr/subsys/mgmt/ec_host_cmd/libsubsys__mgmt__ec_host_cmd.a
[brox-ish-ec:ro] [71/378] Building C object CMakeFiles/app.dir/mnt/host/source/src/platform/ec/build/zephyr/brox-ish-ec/modules/ec/common/fan.c.obj
[padme:ro] [232/360] Building C object zephyr/subsys/crc/CMakeFiles/subsys__crc.dir/crc32c_sw.c.obj
[npcx7:ro] [56/320] Building C object CMakeFiles/app.dir/mnt/host/source/src/platform/ec/build/zephyr/npcx7/modules/ec/common/timer.c.obj
[brox-ish-ec:ro] [72/378] Building C object CMakeFiles/app.dir/mnt/host/source/src/platform/ec/build/zephyr/brox-ish-ec/modules/ec/common/flash.c.obj
[padme:ro] [233/360] Building C object zephyr/subsys/crc/CMakeFiles/subsys__crc.dir/crc32_sw.c.obj
[padme:ro] [234/360] Building C object zephyr/subsys/crc/CMakeFiles/subsys__crc.dir/crc32k_4_2_sw.c.obj
[padme:ro] [235/360] Linking C static library zephyr/subsys/crc/libsubsys__crc.a
[brox-ish-ec:rw] [271/378] Building C object CMakeFiles/app.dir/mnt/host/source/src/platform/ec/build/zephyr/brox-ish-ec/modules/ec/common/ec_features.c.obj
[skyrim:ro] [45/417] Building C object CMakeFiles/app.dir/mnt/host/source/src/platform/ec/build/zephyr/skyrim/modules/ec/common/charge_state.c.obj
[padme:ro] [236/360] Building C object zephyr/subsys/mgmt/ec_host_cmd/backends/CMakeFiles/subsys__mgmt__ec_host_cmd__backends.dir/ec_host_cmd_backend_shi_ite.c.obj
[padme:ro] [237/360] Linking C static library zephyr/subsys/mgmt/ec_host_cmd/backends/libsubsys__mgmt__ec_host_cmd__backends.a
[gwendolin:rw] [78/526] Building C object zephyr/CMakeFiles/zephyr.dir/lib/utils/bitmask.c.obj
[brox-ish-ec:rw] [272/378] Building C object CMakeFiles/app.dir/mnt/host/source/src/platform/ec/build/zephyr/brox-ish-ec/modules/ec/common/gpio_commands.c.obj
[brox-ish-ec:rw] [273/378] Building C object CMakeFiles/app.dir/mnt/host/source/src/platform/ec/build/zephyr/brox-ish-ec/modules/ec/common/peripheral.c.obj
[gwendolin:ro] [55/513] Building C object zephyr/CMakeFiles/zephyr.dir/lib/os/clock.c.obj
[gwendolin:rw] [79/526] Building C object zephyr/CMakeFiles/zephyr.dir/lib/utils/bitarray.c.obj
[npcx7:ro] [57/320] Building C object CMakeFiles/app.dir/mnt/host/source/src/platform/ec/build/zephyr/npcx7/modules/ec/common/chargen.c.obj
[brox-ish-ec:rw] [274/378] Building C object CMakeFiles/app.dir/mnt/host/source/src/platform/ec/build/zephyr/brox-ish-ec/modules/ec/common/printf.c.obj
[padme:ro] [238/360] Building C object zephyr/drivers/interrupt_controller/CMakeFiles/drivers__interrupt_controller.dir/wuc_ite_it8xxx2.c.obj
[padme:ro] [239/360] Building C object zephyr/drivers/interrupt_controller/CMakeFiles/drivers__interrupt_controller.dir/intc_ite_it8xxx2_v2.c.obj
[padme:ro] [240/360] Building C object zephyr/drivers/adc/CMakeFiles/drivers__adc.dir/adc_common.c.obj
[brox-ish-ec:ro] [73/378] Building C object CMakeFiles/app.dir/mnt/host/source/src/platform/ec/build/zephyr/brox-ish-ec/modules/ec/common/host_command.c.obj
[padme:ro] [241/360] Linking C static library zephyr/drivers/interrupt_controller/libdrivers__interrupt_controller.a
[brox-ish-ec:rw] [275/378] Building C object CMakeFiles/app.dir/mnt/host/source/src/platform/ec/build/zephyr/brox-ish-ec/modules/ec/common/queue.c.obj
[gwendolin:rw] [80/526] Building C object zephyr/CMakeFiles/zephyr.dir/lib/utils/getopt/getopt.c.obj
[brox-ish-ec:ro] [74/378] Building C object CMakeFiles/app.dir/mnt/host/source/src/platform/ec/build/zephyr/brox-ish-ec/modules/ec/common/host_command_task.c.obj
[padme:ro] [242/360] Building C object zephyr/drivers/adc/CMakeFiles/drivers__adc.dir/adc_ite_it8xxx2.c.obj
[brox-ish-ec:rw] [276/378] Building C object CMakeFiles/app.dir/mnt/host/source/src/platform/ec/build/zephyr/brox-ish-ec/modules/ec/common/system_boot_time.c.obj
[padme:ro] [243/360] Linking C static library zephyr/drivers/adc/libdrivers__adc.a
[gwendolin:rw] [81/526] Building C object zephyr/CMakeFiles/zephyr.dir/lib/utils/ring_buffer.c.obj
[gwendolin:ro] [56/513] Building C object zephyr/CMakeFiles/zephyr.dir/lib/os/printk.c.obj
[gwendolin:rw] [82/526] Building C object zephyr/CMakeFiles/zephyr.dir/lib/utils/getopt/getopt_common.c.obj
[brox-ish-ec:rw] [277/378] Building C object CMakeFiles/app.dir/mnt/host/source/src/platform/ec/build/zephyr/brox-ish-ec/modules/ec/common/uart_printf.c.obj
[gwendolin:rw] [83/526] Building C object zephyr/CMakeFiles/zephyr.dir/lib/utils/last_section_id.c.obj
[padme:ro] [244/360] Building C object zephyr/drivers/bbram/CMakeFiles/drivers__bbram.dir/bbram_it8xxx2.c.obj
[brox-ish-ec:rw] [278/378] Building C object CMakeFiles/app.dir/mnt/host/source/src/platform/ec/build/zephyr/brox-ish-ec/modules/ec/common/system.c.obj
[skyrim:ro] [46/417] Building C object CMakeFiles/app.dir/mnt/host/source/src/platform/ec/build/zephyr/skyrim/modules/ec/common/charge_manager.c.obj
[padme:ro] [245/360] Linking C static library zephyr/drivers/bbram/libdrivers__bbram.a
[gwendolin:rw] [84/526] Building C object zephyr/CMakeFiles/zephyr.dir/misc/generated/configs.c.obj
[npcx7:ro] [58/320] Building C object CMakeFiles/app.dir/mnt/host/source/src/platform/ec/build/zephyr/npcx7/modules/ec/common/vboot_hash.c.obj
[padme:ro] [246/360] Building C object zephyr/drivers/console/CMakeFiles/drivers__console.dir/uart_console.c.obj
[padme:ro] [247/360] Linking C static library zephyr/drivers/console/libdrivers__console.a
[padme:ro] [248/360] Building C object zephyr/drivers/crypto/CMakeFiles/drivers__crypto.dir/crypto_it8xxx2_sha_v2.c.obj
[padme:ro] [249/360] Linking C static library zephyr/drivers/crypto/libdrivers__crypto.a
[brox-ish-ec:ro] [75/378] Building C object CMakeFiles/app.dir/mnt/host/source/src/platform/ec/build/zephyr/brox-ish-ec/modules/ec/common/uart_hostcmd.c.obj
[brox-ish-ec:rw] [279/378] Building C object CMakeFiles/app.dir/mnt/host/source/src/platform/ec/build/zephyr/brox-ish-ec/modules/ec/common/util.c.obj
[brox-ish-ec:ro] [76/378] Building C object CMakeFiles/app.dir/mnt/host/source/src/platform/ec/build/zephyr/brox-ish-ec/modules/ec/common/host_event_commands.c.obj
[brox-ish-ec:rw] [280/378] Building C object CMakeFiles/app.dir/mnt/host/source/src/platform/ec/build/zephyr/brox-ish-ec/modules/ec/common/version.c.obj
[padme:ro] [250/360] Building C object zephyr/drivers/flash/CMakeFiles/drivers__flash.dir/flash_ite_it8xxx2.c.obj
[gwendolin:ro] [57/513] Building C object zephyr/CMakeFiles/zephyr.dir/lib/os/sem.c.obj
[padme:ro] [251/360] Linking C static library zephyr/drivers/flash/libdrivers__flash.a
[brox-ish-ec:rw] [281/378] Building C object CMakeFiles/app.dir/mnt/host/source/src/platform/ec/build/zephyr/brox-ish-ec/modules/ec/common/power_button_x86.c.obj
[npcx7:ro] [59/320] Building C object CMakeFiles/app.dir/mnt/host/source/src/platform/ec/build/zephyr/npcx7/modules/ec/common/rtc.c.obj
[gwendolin:rw] [85/526] Building C object zephyr/CMakeFiles/zephyr.dir/soc/nuvoton/npcx/common/power.c.obj
[gwendolin:rw] [86/526] Building C object zephyr/CMakeFiles/zephyr.dir/soc/nuvoton/npcx/common/scfg.c.obj
[brox-ish-ec:rw] [282/378] Building C object CMakeFiles/app.dir/mnt/host/source/src/platform/ec/build/zephyr/brox-ish-ec/modules/ec/common/adc.c.obj
[padme:ro] [252/360] Building C object zephyr/drivers/i2c/CMakeFiles/drivers__i2c.dir/i2c_bitbang.c.obj
[padme:ro] [253/360] Building C object zephyr/drivers/i2c/CMakeFiles/drivers__i2c.dir/i2c_common.c.obj
[skyrim:ro] [47/417] Building C object CMakeFiles/app.dir/mnt/host/source/src/platform/ec/build/zephyr/skyrim/modules/ec/common/cbi_common.c.obj
[brox-ish-ec:ro] [77/378] Building C object CMakeFiles/app.dir/mnt/host/source/src/platform/ec/build/zephyr/brox-ish-ec/modules/ec/common/uptime.c.obj
[gwendolin:ro] [58/513] Building C object zephyr/CMakeFiles/zephyr.dir/lib/os/thread_entry.c.obj
[brox-ish-ec:rw] [283/378] Building C object CMakeFiles/app.dir/mnt/host/source/src/platform/ec/build/zephyr/brox-ish-ec/modules/ec/common/backlight_lid.c.obj
[brox-ish-ec:rw] [284/378] Building C object CMakeFiles/app.dir/mnt/host/source/src/platform/ec/build/zephyr/brox-ish-ec/modules/ec/common/acpi.c.obj
[padme:ro] [254/360] Building C object zephyr/drivers/i2c/CMakeFiles/drivers__i2c.dir/i2c_shell.c.obj
[brox-ish-ec:ro] [78/378] Building C object CMakeFiles/app.dir/mnt/host/source/src/platform/ec/build/zephyr/brox-ish-ec/modules/ec/common/i2c_controller.c.obj
[/mnt/host/source/src/platform/ec/build/zephyr/ocelotrvp-mchp-lcov]   /mnt/host/source/src/platform/ec/build/zephyr/ocelotrvp-mchp/build-rw/CMakeFiles/app.dir/mnt/host/source/src/platform/ec/build/zephyr/ocelotrvp-mchp/modules/ec/common/cbi_config.c.gcno:no functions found
[/mnt/host/source/src/platform/ec/build/zephyr/ocelotrvp-mchp-lcov] stderr:
[gwendolin:rw] [87/526] Building C object zephyr/CMakeFiles/zephyr.dir/soc/nuvoton/npcx/npcx9/soc.c.obj
[npcx7:ro] [60/320] Building C object CMakeFiles/app.dir/mnt/host/source/src/platform/ec/build/zephyr/npcx7/modules/ec/common/math_util.c.obj
[gwendolin:rw] [88/526] Building C object zephyr/CMakeFiles/zephyr.dir/soc/nuvoton/npcx/common/npcxn/registers.c.obj
[padme:ro] [255/360] Building C object zephyr/drivers/pinctrl/CMakeFiles/drivers__pinctrl.dir/common.c.obj
[padme:ro] [256/360] Building C object zephyr/drivers/gpio/CMakeFiles/drivers__gpio.dir/gpio_ite_it8xxx2_v2.c.obj
[padme:ro] [257/360] Linking C static library zephyr/drivers/gpio/libdrivers__gpio.a
[npcx7:ro] [61/320] Linking C static library app/libapp.a
[brox-ish-ec:rw] [285/378] Building C object CMakeFiles/app.dir/mnt/host/source/src/platform/ec/build/zephyr/brox-ish-ec/modules/ec/common/battery.c.obj
[brox-ish-ec:rw] [286/378] Building C object CMakeFiles/app.dir/mnt/host/source/src/platform/ec/build/zephyr/brox-ish-ec/modules/ec/common/battery_info.c.obj
[gwendolin:ro] [59/513] Building C object zephyr/CMakeFiles/zephyr.dir/lib/os/cbprintf_nano.c.obj
[skyrim:ro] [48/417] Building C object CMakeFiles/app.dir/mnt/host/source/src/platform/ec/build/zephyr/skyrim/modules/ec/common/cbi.c.obj
[brox-ish-ec:ro] [79/378] Building C object CMakeFiles/app.dir/mnt/host/source/src/platform/ec/build/zephyr/brox-ish-ec/modules/ec/common/i2c_passthru.c.obj
[padme:ro] [258/360] Building C object zephyr/drivers/i2c/CMakeFiles/drivers__i2c.dir/i2c_ite_enhance.c.obj
[padme:ro] [259/360] Linking C static library zephyr/drivers/i2c/libdrivers__i2c.a
[npcx7:ro] [62/320] Building C object zephyr/CMakeFiles/zephyr.dir/lib/libc/validate_libc.c.obj
[padme:ro] [260/360] Building C object zephyr/drivers/pwm/CMakeFiles/drivers__pwm.dir/pwm_shell.c.obj
[gwendolin:rw] [89/526] Building C object zephyr/CMakeFiles/zephyr.dir/subsys/logging/log_mgmt.c.obj
[padme:ro] [261/360] Building C object zephyr/drivers/pinctrl/CMakeFiles/drivers__pinctrl.dir/pinctrl_ite_it8xxx2.c.obj
[brox-ish-ec:rw] [287/378] Building C object CMakeFiles/app.dir/mnt/host/source/src/platform/ec/build/zephyr/brox-ish-ec/modules/ec/driver/battery/smart.c.obj
[padme:ro] [262/360] Building C object zephyr/drivers/pwm/CMakeFiles/drivers__pwm.dir/pwm_ite_it8xxx2.c.obj
[gwendolin:rw] [90/526] Building C object zephyr/CMakeFiles/zephyr.dir/subsys/logging/log_core.c.obj
[padme:ro] [263/360] Linking C static library zephyr/drivers/pinctrl/libdrivers__pinctrl.a
[padme:ro] [264/360] Linking C static library zephyr/drivers/pwm/libdrivers__pwm.a
[brox-ish-ec:rw] [288/378] Building C object CMakeFiles/app.dir/mnt/host/source/src/platform/ec/build/zephyr/brox-ish-ec/modules/ec/common/battery_fuel_gauge.c.obj
[padme:ro] [265/360] Building C object zephyr/drivers/syscon/CMakeFiles/drivers__syscon.dir/mnt/host/source/src/third_party/zephyr/main/misc/empty_file.c.obj
[padme:ro] [266/360] Linking C static library zephyr/drivers/syscon/libdrivers__syscon.a
[gwendolin:ro] [60/513] Building C object zephyr/CMakeFiles/zephyr.dir/lib/os/cbprintf.c.obj
[brox-ish-ec:ro] [80/378] Building C object CMakeFiles/app.dir/mnt/host/source/src/platform/ec/build/zephyr/brox-ish-ec/modules/ec/common/keyboard_8042.c.obj
[gwendolin:rw] [91/526] Building C object zephyr/CMakeFiles/zephyr.dir/subsys/logging/log_cache.c.obj
[brox-ish-ec:rw] [289/378] Building C object CMakeFiles/app.dir/mnt/host/source/src/platform/ec/build/zephyr/brox-ish-ec/modules/ec/common/charger.c.obj
[brox-ish-ec:rw] [290/378] Building C object CMakeFiles/app.dir/mnt/host/source/src/platform/ec/build/zephyr/brox-ish-ec/modules/ec/driver/charger/isl923x.c.obj
[padme:ro] [267/360] Building C object zephyr/drivers/serial/CMakeFiles/drivers__serial.dir/uart_ite_it8xxx2.c.obj
[npcx7:ro] [63/320] Building C object zephyr/CMakeFiles/zephyr.dir/lib/heap/heap.c.obj
[skyrim:ro] [49/417] Building C object CMakeFiles/app.dir/mnt/host/source/src/platform/ec/build/zephyr/skyrim/modules/ec/common/cbi_config.c.obj
[brox-ish-ec:ro] [81/378] Building C object CMakeFiles/app.dir/mnt/host/source/src/platform/ec/build/zephyr/brox-ish-ec/modules/ec/common/keyboard_8042_sharedlib.c.obj
[padme:ro] [268/360] Building C object zephyr/drivers/timer/CMakeFiles/drivers__timer.dir/sys_clock_init.c.obj
[/mnt/host/source/src/platform/ec/build/zephyr/ocelotrvp-mchp-lcov]   /mnt/host/source/src/platform/ec/build/zephyr/ocelotrvp-mchp/build-rw/zephyr/arch/arch/arm/core/mpu/CMakeFiles/arch__arm__core__mpu.dir/arm_mpu_regions.c.gcno:no functions found
[/mnt/host/source/src/platform/ec/build/zephyr/ocelotrvp-mchp-lcov] stderr:
[gwendolin:rw] [92/526] Building C object zephyr/CMakeFiles/zephyr.dir/subsys/logging/log_msg.c.obj
[padme:ro] [269/360] Building C object zephyr/drivers/timer/CMakeFiles/drivers__timer.dir/ite_it8xxx2_timer.c.obj
[padme:ro] [270/360] Building C object zephyr/drivers/serial/CMakeFiles/drivers__serial.dir/uart_ns16550.c.obj
[gwendolin:ro] [61/513] Building C object zephyr/CMakeFiles/zephyr.dir/lib/os/assert.c.obj
[padme:ro] [271/360] Linking C static library zephyr/drivers/serial/libdrivers__serial.a
[padme:ro] [272/360] Linking C static library zephyr/drivers/timer/libdrivers__timer.a
[gwendolin:rw] [93/526] Building C object zephyr/CMakeFiles/zephyr.dir/subsys/logging/log_output.c.obj
[brox-ish-ec:ro] [82/378] Building C object CMakeFiles/app.dir/mnt/host/source/src/platform/ec/build/zephyr/brox-ish-ec/modules/ec/common/mkbp_fifo.c.obj
[brox-ish-ec:rw] [291/378] Building C object CMakeFiles/app.dir/mnt/host/source/src/platform/ec/build/zephyr/brox-ish-ec/modules/ec/common/cbi_common.c.obj
[padme:ro] [273/360] Building C object zephyr/drivers/watchdog/CMakeFiles/drivers__watchdog.dir/wdt_ite_it8xxx2.c.obj
[brox-ish-ec:rw] [292/378] Building C object CMakeFiles/app.dir/mnt/host/source/src/platform/ec/build/zephyr/brox-ish-ec/modules/ec/common/charge_state.c.obj
[padme:ro] [274/360] Building C object zephyr/drivers/watchdog/CMakeFiles/drivers__watchdog.dir/wdt_shell.c.obj
[brox-ish-ec:ro] [83/378] Building C object CMakeFiles/app.dir/mnt/host/source/src/platform/ec/build/zephyr/brox-ish-ec/modules/ec/common/mkbp_info.c.obj
[npcx7:ro] [64/320] Building C object zephyr/CMakeFiles/zephyr.dir/lib/os/cbprintf_packaged.c.obj
[brox-ish-ec:rw] [293/378] Building C object CMakeFiles/app.dir/mnt/host/source/src/platform/ec/build/zephyr/brox-ish-ec/modules/ec/common/charge_manager.c.obj
[gwendolin:rw] [94/526] Building C object zephyr/CMakeFiles/zephyr.dir/subsys/logging/log_output_custom.c.obj
[padme:ro] [275/360] Linking C static library zephyr/drivers/watchdog/libdrivers__watchdog.a
[brox-ish-ec:rw] [294/378] Building C object CMakeFiles/app.dir/mnt/host/source/src/platform/ec/build/zephyr/brox-ish-ec/modules/ec/common/cbi.c.obj
[skyrim:ro] [50/417] Building C object CMakeFiles/app.dir/mnt/host/source/src/platform/ec/build/zephyr/skyrim/modules/ec/common/dptf.c.obj
[/mnt/host/source/src/platform/ec/build/zephyr/ocelotrvp-mchp-lcov]   /mnt/host/source/src/platform/ec/build/zephyr/ocelotrvp-mchp/build-rw/zephyr/arch/common/CMakeFiles/isr_tables.dir/isr_tables.c.gcno:no functions found
[/mnt/host/source/src/platform/ec/build/zephyr/ocelotrvp-mchp-lcov] stderr:
[brox-ish-ec:rw] [295/378] Building C object CMakeFiles/app.dir/mnt/host/source/src/platform/ec/build/zephyr/brox-ish-ec/modules/ec/common/cbi_config.c.obj
[gwendolin:ro] [62/513] Building C object zephyr/CMakeFiles/zephyr.dir/lib/os/mpsc_pbuf.c.obj
[gwendolin:rw] [95/526] Building C object zephyr/CMakeFiles/zephyr.dir/subsys/mem_mgmt/mem_attr.c.obj
[padme:ro] [276/360] Building C object modules/ec/zephyr/CMakeFiles/ec_shim.dir/app/ec/main_shim.c.obj
[brox-ish-ec:ro] [84/378] Building C object CMakeFiles/app.dir/mnt/host/source/src/platform/ec/build/zephyr/brox-ish-ec/modules/ec/common/mkbp_input_devices.c.obj
[brox-ish-ec:rw] [296/378] Building C object CMakeFiles/app.dir/mnt/host/source/src/platform/ec/build/zephyr/brox-ish-ec/modules/ec/common/memory_commands.c.obj
[npcx7:ro] [65/320] Building C object zephyr/CMakeFiles/zephyr.dir/lib/os/clock.c.obj
[padme:ro] [277/360] Building C object modules/ec/zephyr/CMakeFiles/ec_shim.dir/drivers/cros_flash/cros_flash_it8xxx2.c.obj
[gwendolin:rw] [96/526] Building C object zephyr/CMakeFiles/zephyr.dir/subsys/pm/pm.c.obj
[padme:ro] [278/360] Building C object modules/ec/zephyr/CMakeFiles/ec_shim.dir/app/ec/ec_app_main.c.obj
[brox-ish-ec:rw] [297/378] Building C object CMakeFiles/app.dir/mnt/host/source/src/platform/ec/build/zephyr/brox-ish-ec/modules/ec/common/ap_reset_log.c.obj
[brox-ish-ec:ro] [85/378] Building C object CMakeFiles/app.dir/mnt/host/source/src/platform/ec/build/zephyr/brox-ish-ec/modules/ec/common/keyboard_backlight.c.obj
[gwendolin:ro] [63/513] Building C object zephyr/CMakeFiles/zephyr.dir/lib/utils/dec.c.obj
[brox-ish-ec:rw] [298/378] Building C object CMakeFiles/app.dir/mnt/host/source/src/platform/ec/build/zephyr/brox-ish-ec/modules/ec/common/dptf.c.obj
[padme:ro] [279/360] Building C object modules/ec/zephyr/CMakeFiles/ec_shim.dir/drivers/cros_kb_raw/cros_kb_raw_ite.c.obj
[gwendolin:rw] [97/526] Building C object zephyr/CMakeFiles/zephyr.dir/subsys/pm/state.c.obj
[gwendolin:ro] [64/513] Building C object zephyr/CMakeFiles/zephyr.dir/lib/utils/hex.c.obj
[skyrim:ro] [51/417] Building C object CMakeFiles/app.dir/mnt/host/source/src/platform/ec/build/zephyr/skyrim/modules/ec/common/chipset.c.obj
[brox-ish-ec:rw] [299/378] Building C object CMakeFiles/app.dir/mnt/host/source/src/platform/ec/build/zephyr/brox-ish-ec/modules/ec/common/espi.c.obj
[npcx7:ro] [66/320] Building C object zephyr/CMakeFiles/zephyr.dir/lib/os/printk.c.obj
[gwendolin:rw] [98/526] Building C object zephyr/CMakeFiles/zephyr.dir/subsys/pm/policy/policy_events.c.obj
[brox-ish-ec:ro] [86/378] Building C object CMakeFiles/app.dir/mnt/host/source/src/platform/ec/build/zephyr/brox-ish-ec/modules/ec/common/led_common.c.obj
[brox-ish-ec:rw] [300/378] Building C object CMakeFiles/app.dir/mnt/host/source/src/platform/ec/build/zephyr/brox-ish-ec/modules/ec/common/extpower_common.c.obj
[padme:ro] [280/360] Building C object modules/ec/zephyr/CMakeFiles/ec_shim.dir/drivers/cros_system/cros_system_it8xxx2.c.obj
[gwendolin:rw] [99/526] Building C object zephyr/CMakeFiles/zephyr.dir/subsys/pm/policy/policy_latency.c.obj
[padme:ro] [281/360] Building C object modules/ec/zephyr/CMakeFiles/ec_shim.dir/drivers/one_wire_uart/hid_over_i2c_target.c.obj
[padme:ro] [282/360] Building C object modules/ec/zephyr/CMakeFiles/ec_shim.dir/drivers/one_wire_uart/one_wire_uart.c.obj
[brox-ish-ec:rw] [301/378] Building C object CMakeFiles/app.dir/mnt/host/source/src/platform/ec/build/zephyr/brox-ish-ec/modules/ec/common/extpower_gpio.c.obj
[npcx7:ro] [67/320] Building C object zephyr/CMakeFiles/zephyr.dir/lib/os/sem.c.obj
[brox-ish-ec:ro] [87/378] Building C object CMakeFiles/app.dir/mnt/host/source/src/platform/ec/build/zephyr/brox-ish-ec/modules/ec/common/lid_switch.c.obj
[padme:ro] [283/360] Building C object modules/ec/zephyr/CMakeFiles/ec_shim.dir/drivers/one_wire_uart/tablet.c.obj
[brox-ish-ec:rw] [302/378] Building C object CMakeFiles/app.dir/mnt/host/source/src/platform/ec/build/zephyr/brox-ish-ec/modules/ec/common/fan.c.obj
[gwendolin:ro] [65/513] Building C object zephyr/CMakeFiles/zephyr.dir/lib/utils/rb.c.obj
[gwendolin:rw] [100/526] Building C object zephyr/CMakeFiles/zephyr.dir/subsys/pm/policy/policy_state_lock.c.obj
[skyrim:ro] [52/417] Building C object CMakeFiles/app.dir/mnt/host/source/src/platform/ec/build/zephyr/skyrim/modules/ec/common/ap_reset_log.c.obj
[gwendolin:ro] [66/513] Building C object zephyr/CMakeFiles/zephyr.dir/lib/utils/timeutil.c.obj
[gwendolin:rw] [101/526] Building C object zephyr/CMakeFiles/zephyr.dir/subsys/pm/device.c.obj
[brox-ish-ec:rw] [303/378] Building C object CMakeFiles/app.dir/mnt/host/source/src/platform/ec/build/zephyr/brox-ish-ec/modules/ec/common/flash.c.obj
[padme:ro] [284/360] Building C object modules/ec/zephyr/CMakeFiles/ec_shim.dir/drivers/usbc/ucsi_v3.c.obj
[brox-ish-ec:ro] [88/378] Building C object CMakeFiles/app.dir/mnt/host/source/src/platform/ec/build/zephyr/brox-ish-ec/modules/ec/common/mkbp_event.c.obj
[npcx7:ro] [68/320] Building C object zephyr/CMakeFiles/zephyr.dir/lib/os/thread_entry.c.obj
[brox-ish-ec:rw] [304/378] Building C object CMakeFiles/app.dir/mnt/host/source/src/platform/ec/build/zephyr/brox-ish-ec/modules/ec/common/host_command.c.obj
[padme:ro] [285/360] Building C object modules/ec/zephyr/CMakeFiles/ec_shim.dir/shim/chip/it8xxx2/clock.c.obj
[brox-ish-ec:ro] [89/378] Building C object CMakeFiles/app.dir/mnt/host/source/src/platform/ec/build/zephyr/brox-ish-ec/modules/ec/common/port80.c.obj
[brox-ish-ec:rw] [305/378] Building C object CMakeFiles/app.dir/mnt/host/source/src/platform/ec/build/zephyr/brox-ish-ec/modules/ec/common/host_command_task.c.obj
[brox-ish-ec:rw] [306/378] Building C object CMakeFiles/app.dir/mnt/host/source/src/platform/ec/build/zephyr/brox-ish-ec/modules/ec/common/host_event_commands.c.obj
[gwendolin:rw] [102/526] Building C object zephyr/CMakeFiles/zephyr.dir/subsys/pm/device_runtime.c.obj
[gwendolin:rw] [103/526] Building C object zephyr/CMakeFiles/zephyr.dir/subsys/testsuite/coverage/coverage.c.obj
[padme:ro] [286/360] Building C object modules/ec/zephyr/CMakeFiles/ec_shim.dir/shim/chip/it8xxx2/gpio.c.obj
[gwendolin:ro] [67/513] Building C object zephyr/CMakeFiles/zephyr.dir/lib/utils/bitarray.c.obj
[brox-ish-ec:rw] [307/378] Building C object CMakeFiles/app.dir/mnt/host/source/src/platform/ec/build/zephyr/brox-ish-ec/modules/ec/common/uart_hostcmd.c.obj
[npcx7:ro] [69/320] Building C object zephyr/CMakeFiles/zephyr.dir/lib/os/cbprintf_nano.c.obj
[skyrim:ro] [53/417] Building C object CMakeFiles/app.dir/mnt/host/source/src/platform/ec/build/zephyr/skyrim/modules/ec/common/espi.c.obj
[padme:ro] [287/360] Building C object modules/ec/zephyr/CMakeFiles/ec_shim.dir/drivers/usbc/pdc_rts54xx.c.obj
[padme:ro] [288/360] Building C object modules/ec/zephyr/CMakeFiles/ec_shim.dir/shim/chip/it8xxx2/system.c.obj
[brox-ish-ec:ro] [90/378] Building C object CMakeFiles/app.dir/mnt/host/source/src/platform/ec/build/zephyr/brox-ish-ec/modules/ec/common/power_button.c.obj
[padme:ro] [289/360] Building C object modules/ec/zephyr/CMakeFiles/ec_shim.dir/shim/chip/it8xxx2/keyboard_raw.c.obj
[brox-ish-ec:rw] [308/378] Building C object CMakeFiles/app.dir/mnt/host/source/src/platform/ec/build/zephyr/brox-ish-ec/modules/ec/common/uptime.c.obj
[gwendolin:ro] [68/513] Building C object zephyr/CMakeFiles/zephyr.dir/lib/utils/bitmask.c.obj
[gwendolin:rw] [104/526] Building C object zephyr/CMakeFiles/zephyr.dir/subsys/tracing/tracing_none.c.obj
[brox-ish-ec:ro] [91/378] Building C object CMakeFiles/app.dir/mnt/host/source/src/platform/ec/build/zephyr/brox-ish-ec/modules/ec/power/hibernate.c.obj
[/mnt/host/source/src/platform/ec/build/zephyr/ocelotrvp-mchp-lcov]   /mnt/host/source/src/platform/ec/build/zephyr/ocelotrvp-mchp/build-rw/zephyr/CMakeFiles/zephyr.dir/subsys/shell/modules/kernel_service/kernel_shell.c.gcno:no functions found
[/mnt/host/source/src/platform/ec/build/zephyr/ocelotrvp-mchp-lcov] stderr:
[padme:ro] [290/360] Building C object modules/ec/zephyr/CMakeFiles/ec_shim.dir/shim/src/crc.c.obj
[npcx7:ro] [70/320] Building C object zephyr/CMakeFiles/zephyr.dir/lib/os/cbprintf.c.obj
[brox-ish-ec:rw] [309/378] Building C object CMakeFiles/app.dir/mnt/host/source/src/platform/ec/build/zephyr/brox-ish-ec/modules/ec/common/i2c_controller.c.obj
[gwendolin:rw] [105/526] Building C object zephyr/CMakeFiles/zephyr.dir/subsys/shell/modules/kernel_service/kernel_shell.c.obj
[brox-ish-ec:rw] [310/378] Building C object CMakeFiles/app.dir/mnt/host/source/src/platform/ec/build/zephyr/brox-ish-ec/modules/ec/common/i2c_passthru.c.obj
[padme:ro] [291/360] Building C object modules/ec/zephyr/CMakeFiles/ec_shim.dir/shim/chip/it8xxx2/power_policy.c.obj
[/mnt/host/source/src/platform/ec/build/zephyr/ocelotrvp-mchp-lcov]   /mnt/host/source/src/platform/ec/build/zephyr/ocelotrvp-mchp/build-rw/zephyr/CMakeFiles/zephyr.dir/lib/libc/validate_libc.c.gcno:no functions found
[/mnt/host/source/src/platform/ec/build/zephyr/ocelotrvp-mchp-lcov] stderr:
[padme:ro] [292/360] Building C object modules/ec/zephyr/CMakeFiles/ec_shim.dir/shim/chip/it8xxx2/shi.c.obj
[brox-ish-ec:ro] [92/378] Building C object CMakeFiles/app.dir/mnt/host/source/src/platform/ec/build/zephyr/brox-ish-ec/modules/ec/common/panic_output.c.obj
[gwendolin:ro] [69/513] Building C object zephyr/CMakeFiles/zephyr.dir/lib/utils/getopt/getopt.c.obj
[skyrim:ro] [54/417] Building C object CMakeFiles/app.dir/mnt/host/source/src/platform/ec/build/zephyr/skyrim/modules/ec/common/extpower_common.c.obj
[brox-ish-ec:rw] [311/378] Building C object CMakeFiles/app.dir/mnt/host/source/src/platform/ec/build/zephyr/brox-ish-ec/modules/ec/common/keyboard_8042.c.obj
[padme:ro] [293/360] Building C object modules/ec/zephyr/CMakeFiles/ec_shim.dir/shim/src/console.c.obj
[npcx7:ro] [71/320] Building C object zephyr/CMakeFiles/zephyr.dir/lib/os/assert.c.obj
[gwendolin:rw] [106/526] Building C object zephyr/CMakeFiles/zephyr.dir/subsys/shell/modules/kernel_service/cycles.c.obj
[brox-ish-ec:ro] [93/378] Building C object CMakeFiles/app.dir/mnt/host/source/src/platform/ec/build/zephyr/brox-ish-ec/modules/ec/common/shared_mem.c.obj
[gwendolin:rw] [107/526] Building C object zephyr/CMakeFiles/zephyr.dir/subsys/shell/modules/kernel_service/sleep.c.obj
[brox-ish-ec:rw] [312/378] Building C object CMakeFiles/app.dir/mnt/host/source/src/platform/ec/build/zephyr/brox-ish-ec/modules/ec/common/keyboard_8042_sharedlib.c.obj
[brox-ish-ec:rw] [313/378] Building C object CMakeFiles/app.dir/mnt/host/source/src/platform/ec/build/zephyr/brox-ish-ec/modules/ec/common/mkbp_fifo.c.obj
[npcx7:ro] [72/320] Building C object zephyr/CMakeFiles/zephyr.dir/lib/utils/dec.c.obj
[brox-ish-ec:rw] [314/378] Building C object CMakeFiles/app.dir/mnt/host/source/src/platform/ec/build/zephyr/brox-ish-ec/modules/ec/common/mkbp_info.c.obj
[padme:ro] [294/360] Building C object modules/ec/zephyr/CMakeFiles/ec_shim.dir/shim/src/gpio.c.obj
[padme:ro] [295/360] Building C object modules/ec/zephyr/CMakeFiles/ec_shim.dir/shim/src/gpio_int.c.obj
[npcx7:ro] [73/320] Building C object zephyr/CMakeFiles/zephyr.dir/lib/utils/hex.c.obj
[padme:ro] [296/360] Building C object modules/ec/zephyr/CMakeFiles/ec_shim.dir/shim/src/panic_utils.c.obj
[gwendolin:ro] [70/513] Building C object zephyr/CMakeFiles/zephyr.dir/lib/utils/getopt/getopt_common.c.obj
[brox-ish-ec:ro] [94/378] Building C object CMakeFiles/app.dir/mnt/host/source/src/platform/ec/build/zephyr/brox-ish-ec/modules/ec/common/switch.c.obj
[gwendolin:rw] [108/526] Building C object zephyr/CMakeFiles/zephyr.dir/subsys/shell/modules/kernel_service/uptime.c.obj
[brox-ish-ec:rw] [315/378] Building C object CMakeFiles/app.dir/mnt/host/source/src/platform/ec/build/zephyr/brox-ish-ec/modules/ec/common/keyboard_backlight.c.obj
[padme:ro] [297/360] Building C object modules/ec/zephyr/CMakeFiles/ec_shim.dir/shim/src/pm_state.c.obj
[brox-ish-ec:rw] [316/378] Building C object CMakeFiles/app.dir/mnt/host/source/src/platform/ec/build/zephyr/brox-ish-ec/modules/ec/common/mkbp_input_devices.c.obj
[skyrim:ro] [55/417] Building C object CMakeFiles/app.dir/mnt/host/source/src/platform/ec/build/zephyr/skyrim/modules/ec/common/extpower_gpio.c.obj
[brox-ish-ec:ro] [95/378] Building C object CMakeFiles/app.dir/mnt/host/source/src/platform/ec/build/zephyr/brox-ish-ec/modules/ec/common/tablet_mode.c.obj
[gwendolin:ro] [71/513] Building C object zephyr/CMakeFiles/zephyr.dir/lib/utils/ring_buffer.c.obj
[gwendolin:rw] [109/526] Building C object zephyr/CMakeFiles/zephyr.dir/subsys/shell/modules/kernel_service/version.c.obj
[brox-ish-ec:rw] [317/378] Building C object CMakeFiles/app.dir/mnt/host/source/src/platform/ec/build/zephyr/brox-ish-ec/modules/ec/common/led_common.c.obj
[gwendolin:ro] [72/513] Building C object zephyr/CMakeFiles/zephyr.dir/lib/utils/last_section_id.c.obj
[padme:ro] [298/360] Building C object modules/ec/zephyr/CMakeFiles/ec_shim.dir/shim/src/cbi/cros_cbi.c.obj
[npcx7:ro] [74/320] Building C object zephyr/CMakeFiles/zephyr.dir/lib/utils/rb.c.obj
[brox-ish-ec:rw] [318/378] Building C object CMakeFiles/app.dir/mnt/host/source/src/platform/ec/build/zephyr/brox-ish-ec/modules/ec/common/lid_switch.c.obj
[gwendolin:ro] [73/513] Building C object zephyr/CMakeFiles/zephyr.dir/misc/generated/configs.c.obj
[padme:ro] [299/360] Building C object modules/ec/zephyr/CMakeFiles/ec_shim.dir/shim/src/cbi/cros_cbi_ssfc.c.obj
[gwendolin:rw] [110/526] Building C object zephyr/CMakeFiles/zephyr.dir/subsys/shell/backends/shell_uart.c.obj
[npcx7:ro] [75/320] Building C object zephyr/CMakeFiles/zephyr.dir/lib/utils/timeutil.c.obj
[brox-ish-ec:ro] [96/378] Building C object CMakeFiles/app.dir/mnt/host/source/src/platform/ec/build/zephyr/brox-ish-ec/modules/ec/common/thermal.c.obj
[padme:ro] [300/360] Building C object modules/ec/zephyr/CMakeFiles/ec_shim.dir/shim/src/cbi/cbi_flash.c.obj
[brox-ish-ec:ro] [97/378] Building C object CMakeFiles/app.dir/mnt/host/source/src/platform/ec/build/zephyr/brox-ish-ec/modules/ec/common/temp_sensor.c.obj
[padme:ro] [301/360] Building C object modules/ec/zephyr/CMakeFiles/ec_shim.dir/shim/src/led_driver/led.c.obj
[brox-ish-ec:rw] [319/378] Building C object CMakeFiles/app.dir/mnt/host/source/src/platform/ec/build/zephyr/brox-ish-ec/modules/ec/common/port80.c.obj
[gwendolin:rw] [111/526] Building C object zephyr/CMakeFiles/zephyr.dir/subsys/shell/shell.c.obj
[brox-ish-ec:rw] [320/378] Building C object CMakeFiles/app.dir/mnt/host/source/src/platform/ec/build/zephyr/brox-ish-ec/modules/ec/common/mkbp_event.c.obj
[brox-ish-ec:rw] [321/378] Building C object CMakeFiles/app.dir/mnt/host/source/src/platform/ec/build/zephyr/brox-ish-ec/modules/ec/common/power_button.c.obj
[padme:ro] [302/360] Building C object modules/ec/zephyr/CMakeFiles/ec_shim.dir/shim/src/led_driver/led_pwm.c.obj
[skyrim:ro] [56/417] Building C object CMakeFiles/app.dir/mnt/host/source/src/platform/ec/build/zephyr/skyrim/modules/ec/common/fan.c.obj
[brox-ish-ec:rw] [322/378] Building C object CMakeFiles/app.dir/mnt/host/source/src/platform/ec/build/zephyr/brox-ish-ec/modules/ec/power/hibernate.c.obj
[gwendolin:ro] [74/513] Building C object zephyr/CMakeFiles/zephyr.dir/soc/nuvoton/npcx/common/power.c.obj
[gwendolin:rw] [112/526] Building C object zephyr/CMakeFiles/zephyr.dir/subsys/shell/shell_fprintf.c.obj
[padme:ro] [303/360] Building C object modules/ec/zephyr/CMakeFiles/ec_shim.dir/shim/src/system.c.obj
[npcx7:ro] [76/320] Building C object zephyr/CMakeFiles/zephyr.dir/lib/utils/bitarray.c.obj
[brox-ish-ec:ro] [98/378] Building C object CMakeFiles/app.dir/mnt/host/source/src/platform/ec/build/zephyr/brox-ish-ec/modules/ec/driver/temp_sensor/thermistor.c.obj
[padme:ro] [304/360] Building C object modules/ec/zephyr/CMakeFiles/ec_shim.dir/shim/src/pdc_shim.c.obj
[gwendolin:rw] [113/526] Building C object zephyr/CMakeFiles/zephyr.dir/subsys/shell/shell_utils.c.obj
[brox-ish-ec:ro] [99/378] Building C object CMakeFiles/app.dir/mnt/host/source/src/platform/ec/build/zephyr/brox-ish-ec/modules/ec/common/timer.c.obj
[brox-ish-ec:rw] [323/378] Building C object CMakeFiles/app.dir/mnt/host/source/src/platform/ec/build/zephyr/brox-ish-ec/modules/ec/common/shared_mem.c.obj
[npcx7:ro] [77/320] Building C object zephyr/CMakeFiles/zephyr.dir/lib/utils/bitmask.c.obj
[brox-ish-ec:rw] [324/378] Building C object CMakeFiles/app.dir/mnt/host/source/src/platform/ec/build/zephyr/brox-ish-ec/modules/ec/common/panic_output.c.obj
[padme:ro] [305/360] Building C object modules/ec/zephyr/CMakeFiles/ec_shim.dir/shim/src/adc.c.obj
[brox-ish-ec:rw] [325/378] Building C object CMakeFiles/app.dir/mnt/host/source/src/platform/ec/build/zephyr/brox-ish-ec/modules/ec/common/switch.c.obj
[padme:ro] [306/360] Building C object modules/ec/zephyr/CMakeFiles/ec_shim.dir/shim/src/battery.c.obj
[gwendolin:ro] [75/513] Building C object zephyr/CMakeFiles/zephyr.dir/soc/nuvoton/npcx/common/scfg.c.obj
[brox-ish-ec:rw] [326/378] Building C object CMakeFiles/app.dir/mnt/host/source/src/platform/ec/build/zephyr/brox-ish-ec/modules/ec/common/tablet_mode.c.obj
[gwendolin:rw] [114/526] Building C object zephyr/CMakeFiles/zephyr.dir/subsys/shell/shell_ops.c.obj
[skyrim:ro] [57/417] Building C object CMakeFiles/app.dir/mnt/host/source/src/platform/ec/build/zephyr/skyrim/modules/ec/common/flash.c.obj
[padme:ro] [307/360] Building C object modules/ec/zephyr/CMakeFiles/ec_shim.dir/shim/src/chg_rt9490.c.obj
[padme:ro] [308/360] Building C object modules/ec/zephyr/CMakeFiles/ec_shim.dir/shim/src/charger.c.obj
[brox-ish-ec:ro] [100/378] Building C object CMakeFiles/app.dir/mnt/host/source/src/platform/ec/build/zephyr/brox-ish-ec/modules/ec/common/usb_port_power_dumb.c.obj
[npcx7:ro] [78/320] Building C object zephyr/CMakeFiles/zephyr.dir/lib/utils/getopt/getopt.c.obj
[gwendolin:rw] [115/526] Building C object zephyr/CMakeFiles/zephyr.dir/subsys/shell/shell_log_backend.c.obj
[brox-ish-ec:rw] [327/378] Building C object CMakeFiles/app.dir/mnt/host/source/src/platform/ec/build/zephyr/brox-ish-ec/modules/ec/common/thermal.c.obj
[brox-ish-ec:ro] [101/378] Building C object CMakeFiles/app.dir/mnt/host/source/src/platform/ec/build/zephyr/brox-ish-ec/modules/ec/common/usbc_utils.c.obj
[gwendolin:ro] [76/513] Building C object zephyr/CMakeFiles/zephyr.dir/soc/nuvoton/npcx/common/npcxn/registers.c.obj
[padme:ro] [309/360] Building C object modules/ec/zephyr/CMakeFiles/ec_shim.dir/shim/src/flash.c.obj
[brox-ish-ec:rw] [328/378] Building C object CMakeFiles/app.dir/mnt/host/source/src/platform/ec/build/zephyr/brox-ish-ec/modules/ec/driver/temp_sensor/thermistor.c.obj
[brox-ish-ec:rw] [329/378] Building C object CMakeFiles/app.dir/mnt/host/source/src/platform/ec/build/zephyr/brox-ish-ec/modules/ec/common/temp_sensor.c.obj
[gwendolin:rw] [116/526] Building C object zephyr/CMakeFiles/zephyr.dir/subsys/shell/shell_help.c.obj
[padme:ro] [310/360] Building C object modules/ec/zephyr/CMakeFiles/ec_shim.dir/shim/src/hooks.c.obj
[brox-ish-ec:rw] [330/378] Building C object CMakeFiles/app.dir/mnt/host/source/src/platform/ec/build/zephyr/brox-ish-ec/modules/ec/common/timer.c.obj
[padme:ro] [311/360] Building C object modules/ec/zephyr/CMakeFiles/ec_shim.dir/shim/src/host_command.c.obj
[npcx7:ro] [79/320] Building C object zephyr/CMakeFiles/zephyr.dir/lib/utils/getopt/getopt_common.c.obj
[skyrim:ro] [58/417] Building C object CMakeFiles/app.dir/mnt/host/source/src/platform/ec/build/zephyr/skyrim/modules/ec/common/host_command.c.obj
[gwendolin:rw] [117/526] Building C object zephyr/CMakeFiles/zephyr.dir/subsys/shell/shell_history.c.obj
[npcx7:ro] [80/320] Building C object zephyr/CMakeFiles/zephyr.dir/lib/utils/ring_buffer.c.obj
[padme:ro] [312/360] Building C object modules/ec/zephyr/CMakeFiles/ec_shim.dir/shim/src/console_buffer.c.obj
[brox-ish-ec:ro] [102/378] Building C object CMakeFiles/app.dir/mnt/host/source/src/platform/ec/build/zephyr/brox-ish-ec/modules/ec/common/usb_common.c.obj
[gwendolin:ro] [77/513] Building C object zephyr/CMakeFiles/zephyr.dir/soc/nuvoton/npcx/npcx9/soc.c.obj
[padme:ro] [313/360] Building C object modules/ec/zephyr/CMakeFiles/ec_shim.dir/shim/src/keyboard_raw.c.obj
[npcx7:ro] [81/320] Building C object zephyr/CMakeFiles/zephyr.dir/lib/utils/last_section_id.c.obj
[brox-ish-ec:rw] [331/378] Building C object CMakeFiles/app.dir/mnt/host/source/src/platform/ec/build/zephyr/brox-ish-ec/modules/ec/common/usbc_utils.c.obj
[gwendolin:rw] [118/526] Building C object zephyr/CMakeFiles/zephyr.dir/drivers/flash/flash_util.c.obj
[brox-ish-ec:rw] [332/378] Building C object CMakeFiles/app.dir/mnt/host/source/src/platform/ec/build/zephyr/brox-ish-ec/modules/ec/common/usb_port_power_dumb.c.obj
[brox-ish-ec:ro] [103/378] Building C object CMakeFiles/app.dir/mnt/host/source/src/platform/ec/build/zephyr/brox-ish-ec/modules/ec/common/usb_pd_host_cmd_common.c.obj
[padme:ro] [314/360] Building C object modules/ec/zephyr/CMakeFiles/ec_shim.dir/shim/src/keyscan.c.obj
[npcx7:ro] [82/320] Building C object zephyr/CMakeFiles/zephyr.dir/misc/generated/configs.c.obj
[brox-ish-ec:rw] [333/378] Building C object CMakeFiles/app.dir/mnt/host/source/src/platform/ec/build/zephyr/brox-ish-ec/modules/ec/common/usb_common.c.obj
[padme:ro] [315/360] Building C object modules/ec/zephyr/CMakeFiles/ec_shim.dir/shim/src/mkbp_event.c.obj
[brox-ish-ec:rw] [334/378] Building C object CMakeFiles/app.dir/mnt/host/source/src/platform/ec/build/zephyr/brox-ish-ec/modules/ec/common/usb_pd_host_cmd_common.c.obj
[gwendolin:rw] [119/526] Building C object zephyr/arch/common/CMakeFiles/arch__common.dir/sw_isr_common.c.obj
[gwendolin:rw] [120/526] Building C object zephyr/arch/common/CMakeFiles/arch__common.dir/init.c.obj
[skyrim:ro] [59/417] Building C object CMakeFiles/app.dir/mnt/host/source/src/platform/ec/build/zephyr/skyrim/modules/ec/common/host_command_task.c.obj
[gwendolin:ro] [78/513] Building C object zephyr/CMakeFiles/zephyr.dir/subsys/logging/log_core.c.obj
[padme:ro] [316/360] Building C object modules/ec/zephyr/CMakeFiles/ec_shim.dir/shim/src/panic.c.obj
[brox-ish-ec:ro] [104/378] Building C object CMakeFiles/app.dir/mnt/host/source/src/platform/ec/build/zephyr/brox-ish-ec/modules/ec/common/vboot_hash.c.obj
[padme:ro] [317/360] Building C object modules/ec/zephyr/CMakeFiles/ec_shim.dir/shim/src/motionsense_sensors.c.obj
[npcx7:ro] [83/320] Building C object zephyr/CMakeFiles/zephyr.dir/soc/nuvoton/npcx/common/power.c.obj
[padme:ro] [318/360] Building C object modules/ec/zephyr/CMakeFiles/ec_shim.dir/shim/src/power.c.obj
[brox-ish-ec:rw] [335/378] Building C object CMakeFiles/app.dir/mnt/host/source/src/platform/ec/build/zephyr/brox-ish-ec/modules/ec/common/vboot_hash.c.obj
[brox-ish-ec:ro] [105/378] Building C object CMakeFiles/app.dir/mnt/host/source/src/platform/ec/build/zephyr/brox-ish-ec/modules/ec/common/button.c.obj
[brox-ish-ec:rw] [336/378] Building C object CMakeFiles/app.dir/mnt/host/source/src/platform/ec/build/zephyr/brox-ish-ec/modules/ec/common/button.c.obj
[gwendolin:rw] [121/526] Building C object zephyr/arch/common/CMakeFiles/arch__common.dir/xip.c.obj
[brox-ish-ec:rw] [337/378] Building C object CMakeFiles/app.dir/mnt/host/source/src/platform/ec/build/zephyr/brox-ish-ec/modules/ec/common/vboot/efs2.c.obj
[brox-ish-ec:rw] [338/378] Building C object CMakeFiles/app.dir/mnt/host/source/src/platform/ec/build/zephyr/brox-ish-ec/modules/ec/common/vstore.c.obj
[gwendolin:rw] [122/526] Building C object zephyr/arch/common/CMakeFiles/isr_tables.dir/isr_tables.c.obj
[padme:ro] [319/360] Building C object modules/ec/zephyr/CMakeFiles/ec_shim.dir/shim/src/temp_sensors.c.obj
[gwendolin:rw] [123/526] Linking C static library zephyr/arch/common/libisr_tables.a
[gwendolin:rw] [124/526] Linking C static library zephyr/arch/common/libarch__common.a
[gwendolin:ro] [79/513] Building C object zephyr/CMakeFiles/zephyr.dir/subsys/logging/log_mgmt.c.obj
[padme:ro] [320/360] Building C object modules/ec/zephyr/CMakeFiles/ec_shim.dir/shim/src/thermal.c.obj
[npcx7:ro] [84/320] Building C object zephyr/CMakeFiles/zephyr.dir/soc/nuvoton/npcx/common/scfg.c.obj
[padme:ro] [321/360] Building C object modules/ec/zephyr/CMakeFiles/ec_shim.dir/shim/src/hwtimer.c.obj
[gwendolin:rw] [125/526] Building C object zephyr/arch/arch/arm/core/CMakeFiles/arch__arm__core.dir/fatal.c.obj
[brox-ish-ec:rw] [339/378] Building C object CMakeFiles/app.dir/mnt/host/source/src/platform/ec/build/zephyr/brox-ish-ec/modules/ec/common/math_util.c.obj
[skyrim:ro] [60/417] Building C object CMakeFiles/app.dir/mnt/host/source/src/platform/ec/build/zephyr/skyrim/modules/ec/common/host_event_commands.c.obj
[padme:ro] [322/360] Building C object modules/ec/zephyr/CMakeFiles/ec_shim.dir/shim/src/i2c.c.obj
[brox-ish-ec:ro] [106/378] Building C object CMakeFiles/app.dir/mnt/host/source/src/platform/ec/build/zephyr/brox-ish-ec/modules/ec/common/vstore.c.obj
[gwendolin:ro] [80/513] Building C object zephyr/CMakeFiles/zephyr.dir/subsys/logging/log_cache.c.obj
[brox-ish-ec:ro] [107/378] Building C object CMakeFiles/app.dir/mnt/host/source/src/platform/ec/build/zephyr/brox-ish-ec/modules/ec/common/vboot/efs2.c.obj
[brox-ish-ec:rw] [340/378] Building C object CMakeFiles/app.dir/src/board_power.c.obj
[brox-ish-ec:rw] [341/378] Building C object CMakeFiles/app.dir/src/suspend_resume.c.obj
[brox-ish-ec:rw] [342/378] Building C object CMakeFiles/app.dir/src/hibernate.c.obj
[npcx7:ro] [85/320] Building C object zephyr/CMakeFiles/zephyr.dir/soc/nuvoton/npcx/common/npcxn/registers.c.obj
[brox-ish-ec:rw] [343/378] Linking C static library modules/ec/zephyr/libec_shim.a
[gwendolin:rw] [126/526] Building C object zephyr/arch/arch/arm/core/CMakeFiles/arch__arm__core.dir/nmi.c.obj
[gwendolin:rw] [127/526] Building ASM object zephyr/arch/arch/arm/core/CMakeFiles/arch__arm__core.dir/nmi_on_reset.S.obj
[padme:ro] [323/360] Building C object modules/ec/zephyr/CMakeFiles/ec_shim.dir/shim/src/tasks.c.obj
[gwendolin:rw] [128/526] Building C object zephyr/arch/arch/arm/core/CMakeFiles/arch__arm__core.dir/__aeabi_atexit.c.obj
[gwendolin:rw] [129/526] Linking C static library zephyr/arch/arch/arm/core/libarch__arm__core.a
[brox-ish-ec:rw] [344/378] Building C object CMakeFiles/app.dir/src/usbc.c.obj
[padme:ro] [324/360] Building C object modules/ec/zephyr/CMakeFiles/ec_shim.dir/shim/src/sha256_hw.c.obj
[padme:ro] [325/360] Building C object modules/ec/zephyr/CMakeFiles/ec_shim.dir/shim/src/watchdog.c.obj
[gwendolin:ro] [81/513] Building C object zephyr/CMakeFiles/zephyr.dir/subsys/logging/log_msg.c.obj
[padme:ro] [326/360] Building C object modules/ec/zephyr/CMakeFiles/ec_shim.dir/shim/src/pchg.c.obj
[brox-ish-ec:rw] [345/378] Building C object zephyr/kernel/CMakeFiles/kernel.dir/banner.c.obj
[brox-ish-ec:rw] [346/378] Building C object zephyr/kernel/CMakeFiles/kernel.dir/busy_wait.c.obj
[brox-ish-ec:rw] [347/378] Building C object zephyr/kernel/CMakeFiles/kernel.dir/main_weak.c.obj
[npcx7:ro] [86/320] Building C object zephyr/CMakeFiles/zephyr.dir/soc/nuvoton/npcx/npcx7/soc.c.obj
[padme:ro] [327/360] Linking C static library modules/ec/zephyr/libec_shim.a
[brox-ish-ec:ro] [108/378] Building C object CMakeFiles/app.dir/src/board_power.c.obj
[brox-ish-ec:rw] [348/378] Linking C static library app/libapp.a
[brox-ish-ec:ro] [109/378] Building C object CMakeFiles/app.dir/mnt/host/source/src/platform/ec/build/zephyr/brox-ish-ec/modules/ec/common/math_util.c.obj
[skyrim:ro] [61/417] Building C object CMakeFiles/app.dir/mnt/host/source/src/platform/ec/build/zephyr/skyrim/modules/ec/common/uart_hostcmd.c.obj
[padme:ro] [328/360] Building C object zephyr/kernel/CMakeFiles/kernel.dir/main_weak.c.obj
[gwendolin:rw] [130/526] Building C object zephyr/arch/arch/arm/core/cortex_m/CMakeFiles/arch__arm__core__cortex_m.dir/exc_exit.c.obj
[padme:ro] [329/360] Building C object zephyr/kernel/CMakeFiles/kernel.dir/banner.c.obj
[padme:ro] [330/360] Building C object zephyr/kernel/CMakeFiles/kernel.dir/busy_wait.c.obj
[gwendolin:rw] [131/526] Building C object zephyr/arch/arch/arm/core/cortex_m/CMakeFiles/arch__arm__core__cortex_m.dir/fault.c.obj
[brox-ish-ec:rw] [349/378] Building C object zephyr/kernel/CMakeFiles/kernel.dir/errno.c.obj
[brox-ish-ec:rw] [350/378] Building C object zephyr/kernel/CMakeFiles/kernel.dir/device.c.obj
[npcx7:ro] [87/320] Building C object zephyr/CMakeFiles/zephyr.dir/soc/nuvoton/npcx/npcx7/mpu_regions.c.obj
[gwendolin:ro] [82/513] Building C object zephyr/CMakeFiles/zephyr.dir/subsys/logging/log_output.c.obj
[gwendolin:rw] [132/526] Building ASM object zephyr/arch/arch/arm/core/cortex_m/CMakeFiles/arch__arm__core__cortex_m.dir/fault_s.S.obj
[padme:ro] [331/360] Building C object zephyr/kernel/CMakeFiles/kernel.dir/device.c.obj
[brox-ish-ec:rw] [351/378] Building C object zephyr/kernel/CMakeFiles/kernel.dir/fatal.c.obj
[brox-ish-ec:ro] [110/378] Building C object CMakeFiles/app.dir/src/suspend_resume.c.obj
[brox-ish-ec:rw] [352/378] Building C object zephyr/kernel/CMakeFiles/kernel.dir/init.c.obj
[padme:ro] [332/360] Building C object zephyr/kernel/CMakeFiles/kernel.dir/errno.c.obj
[brox-ish-ec:ro] [111/378] Building C object CMakeFiles/app.dir/src/hibernate.c.obj
[brox-ish-ec:rw] [353/378] Building C object zephyr/kernel/CMakeFiles/kernel.dir/version.c.obj
[skyrim:ro] [62/417] Building C object CMakeFiles/app.dir/mnt/host/source/src/platform/ec/build/zephyr/skyrim/modules/ec/common/uptime.c.obj
[padme:ro] [333/360] Building C object zephyr/kernel/CMakeFiles/kernel.dir/fatal.c.obj
[gwendolin:rw] [133/526] Building C object zephyr/arch/arch/arm/core/cortex_m/CMakeFiles/arch__arm__core__cortex_m.dir/fpu.c.obj
[brox-ish-ec:rw] [354/378] Building C object zephyr/kernel/CMakeFiles/kernel.dir/kheap.c.obj
[brox-ish-ec:rw] [355/378] Building C object zephyr/kernel/CMakeFiles/kernel.dir/mem_slab.c.obj
[npcx7:ro] [88/320] Building C object zephyr/CMakeFiles/zephyr.dir/subsys/logging/log_minimal.c.obj
[brox-ish-ec:rw] [356/378] Building C object zephyr/kernel/CMakeFiles/kernel.dir/float.c.obj
[padme:ro] [334/360] Building C object zephyr/kernel/CMakeFiles/kernel.dir/kheap.c.obj
[padme:ro] [335/360] Building C object zephyr/kernel/CMakeFiles/kernel.dir/init.c.obj
[gwendolin:ro] [83/513] Building C object zephyr/CMakeFiles/zephyr.dir/subsys/logging/log_output_custom.c.obj
[padme:ro] [336/360] Building C object zephyr/kernel/CMakeFiles/kernel.dir/version.c.obj
[brox-ish-ec:ro] [112/378] Building C object zephyr/CMakeFiles/zephyr.dir/lib/libc/validate_libc.c.obj
[brox-ish-ec:ro] [113/378] Building C object CMakeFiles/app.dir/src/usbc.c.obj
[padme:ro] [337/360] Building C object zephyr/kernel/CMakeFiles/kernel.dir/mem_slab.c.obj
[brox-ish-ec:rw] [357/378] Building C object zephyr/kernel/CMakeFiles/kernel.dir/idle.c.obj
[brox-ish-ec:ro] [114/378] Linking C static library app/libapp.a
[gwendolin:rw] [134/526] Building ASM object zephyr/arch/arch/arm/core/cortex_m/CMakeFiles/arch__arm__core__cortex_m.dir/reset.S.obj
[padme:ro] [338/360] Building C object zephyr/kernel/CMakeFiles/kernel.dir/float.c.obj
[brox-ish-ec:rw] [358/378] Building C object zephyr/kernel/CMakeFiles/kernel.dir/mailbox.c.obj
[gwendolin:rw] [135/526] Building C object zephyr/arch/arch/arm/core/cortex_m/CMakeFiles/arch__arm__core__cortex_m.dir/scb.c.obj
[padme:ro] [339/360] Building C object zephyr/kernel/CMakeFiles/kernel.dir/idle.c.obj
[npcx7:ro] [89/320] Building C object zephyr/CMakeFiles/zephyr.dir/subsys/mem_mgmt/mem_attr.c.obj
[brox-ish-ec:rw] [359/378] Building C object zephyr/kernel/CMakeFiles/kernel.dir/msg_q.c.obj
[gwendolin:ro] [84/513] Building C object zephyr/CMakeFiles/zephyr.dir/subsys/mem_mgmt/mem_attr.c.obj
[brox-ish-ec:rw] [360/378] Building C object zephyr/kernel/CMakeFiles/kernel.dir/mutex.c.obj
[padme:ro] [340/360] Building C object zephyr/kernel/CMakeFiles/kernel.dir/mailbox.c.obj
[skyrim:ro] [63/417] Building C object CMakeFiles/app.dir/mnt/host/source/src/platform/ec/build/zephyr/skyrim/modules/ec/common/i2c_controller.c.obj
[padme:ro] [341/360] Building C object zephyr/kernel/CMakeFiles/kernel.dir/msg_q.c.obj
[brox-ish-ec:rw] [361/378] Building C object zephyr/kernel/CMakeFiles/kernel.dir/queue.c.obj
[brox-ish-ec:ro] [115/378] Building C object zephyr/CMakeFiles/zephyr.dir/lib/heap/heap.c.obj
[brox-ish-ec:ro] [116/378] Building C object zephyr/CMakeFiles/zephyr.dir/lib/os/cbprintf_packaged.c.obj
[gwendolin:rw] [136/526] Building C object zephyr/arch/arch/arm/core/cortex_m/CMakeFiles/arch__arm__core__cortex_m.dir/thread_abort.c.obj
[brox-ish-ec:rw] [362/378] Building C object zephyr/kernel/CMakeFiles/kernel.dir/sem.c.obj
[padme:ro] [342/360] Building C object zephyr/kernel/CMakeFiles/kernel.dir/mutex.c.obj
[gwendolin:rw] [137/526] Building ASM object zephyr/arch/arch/arm/core/cortex_m/CMakeFiles/arch__arm__core__cortex_m.dir/vector_table.S.obj
[npcx7:ro] [90/320] Building C object zephyr/CMakeFiles/zephyr.dir/subsys/pm/pm.c.obj
[padme:ro] [343/360] Building C object zephyr/kernel/CMakeFiles/kernel.dir/queue.c.obj
[gwendolin:ro] [85/513] Building C object zephyr/CMakeFiles/zephyr.dir/subsys/pm/pm.c.obj
[brox-ish-ec:rw] [363/378] Building C object zephyr/kernel/CMakeFiles/kernel.dir/stack.c.obj
[padme:ro] [344/360] Building C object zephyr/kernel/CMakeFiles/kernel.dir/sem.c.obj
[brox-ish-ec:rw] [364/378] Building C object zephyr/kernel/CMakeFiles/kernel.dir/system_work_q.c.obj
[/mnt/host/source/src/platform/ec/build/zephyr/ocelotrvp-mchp-lcov]   /mnt/host/source/src/platform/ec/build/zephyr/ocelotrvp-mchp/build-rw/zephyr/CMakeFiles/zephyr.dir/lib/utils/last_section_id.c.gcno:no functions found
[/mnt/host/source/src/platform/ec/build/zephyr/ocelotrvp-mchp-lcov] stderr:
[npcx7:ro] [91/320] Building C object zephyr/CMakeFiles/zephyr.dir/subsys/pm/state.c.obj
[brox-ish-ec:ro] [117/378] Building C object zephyr/CMakeFiles/zephyr.dir/lib/os/printk.c.obj
[padme:ro] [345/360] Building C object zephyr/kernel/CMakeFiles/kernel.dir/stack.c.obj
[skyrim:ro] [64/417] Building C object CMakeFiles/app.dir/mnt/host/source/src/platform/ec/build/zephyr/skyrim/modules/ec/common/i2c_passthru.c.obj
[padme:ro] [346/360] Building C object zephyr/kernel/CMakeFiles/kernel.dir/system_work_q.c.obj
[brox-ish-ec:ro] [118/378] Building C object zephyr/CMakeFiles/zephyr.dir/lib/os/clock.c.obj
[gwendolin:rw] [138/526] Building C object zephyr/arch/arch/arm/core/cortex_m/CMakeFiles/arch__arm__core__cortex_m.dir/irq_manage.c.obj
[gwendolin:ro] [86/513] Building C object zephyr/CMakeFiles/zephyr.dir/subsys/pm/state.c.obj
[brox-ish-ec:rw] [365/378] Building C object zephyr/kernel/CMakeFiles/kernel.dir/condvar.c.obj
[brox-ish-ec:rw] [366/378] Building C object zephyr/kernel/CMakeFiles/kernel.dir/work.c.obj
[padme:ro] [347/360] Building C object zephyr/kernel/CMakeFiles/kernel.dir/condvar.c.obj
[gwendolin:rw] [139/526] Building ASM object zephyr/arch/arch/arm/core/cortex_m/CMakeFiles/arch__arm__core__cortex_m.dir/swap_helper.S.obj
[brox-ish-ec:rw] [367/378] Building C object zephyr/kernel/CMakeFiles/kernel.dir/thread.c.obj
[npcx7:ro] [92/320] Building C object zephyr/CMakeFiles/zephyr.dir/subsys/pm/policy/policy_events.c.obj
[padme:ro] [348/360] Building C object zephyr/kernel/CMakeFiles/kernel.dir/work.c.obj
[brox-ish-ec:ro] [119/378] Building C object zephyr/CMakeFiles/zephyr.dir/lib/os/sem.c.obj
[padme:ro] [349/360] Building C object zephyr/kernel/CMakeFiles/kernel.dir/thread.c.obj
[brox-ish-ec:ro] [120/378] Building C object zephyr/CMakeFiles/zephyr.dir/lib/os/thread_entry.c.obj
[brox-ish-ec:rw] [368/378] Building C object zephyr/kernel/CMakeFiles/kernel.dir/sched.c.obj
[gwendolin:rw] [140/526] Building C object zephyr/arch/arch/arm/core/cortex_m/CMakeFiles/arch__arm__core__cortex_m.dir/prep_c.c.obj
[brox-ish-ec:rw] [369/378] Building C object zephyr/kernel/CMakeFiles/kernel.dir/spinlock_validate.c.obj
[gwendolin:ro] [87/513] Building C object zephyr/CMakeFiles/zephyr.dir/subsys/pm/policy/policy_events.c.obj
[brox-ish-ec:rw] [370/378] Building C object zephyr/kernel/CMakeFiles/kernel.dir/pipe.c.obj
[padme:ro] [350/360] Building C object zephyr/kernel/CMakeFiles/kernel.dir/sched.c.obj
[brox-ish-ec:rw] [371/378] Building C object zephyr/kernel/CMakeFiles/kernel.dir/thread_monitor.c.obj
[skyrim:ro] [65/417] Building C object CMakeFiles/app.dir/mnt/host/source/src/platform/ec/build/zephyr/skyrim/modules/ec/common/keyboard_scan.c.obj
[padme:ro] [351/360] Building C object zephyr/kernel/CMakeFiles/kernel.dir/pipe.c.obj
[gwendolin:rw] [141/526] Building C object zephyr/arch/arch/arm/core/cortex_m/CMakeFiles/arch__arm__core__cortex_m.dir/thread.c.obj
[brox-ish-ec:ro] [121/378] Building C object zephyr/CMakeFiles/zephyr.dir/lib/os/cbprintf_nano.c.obj
[padme:ro] [352/360] Building C object zephyr/kernel/CMakeFiles/kernel.dir/spinlock_validate.c.obj
[npcx7:ro] [93/320] Building C object zephyr/CMakeFiles/zephyr.dir/subsys/pm/policy/policy_latency.c.obj
[brox-ish-ec:ro] [122/378] Building C object zephyr/CMakeFiles/zephyr.dir/lib/os/cbprintf.c.obj
[padme:ro] [353/360] Building C object zephyr/kernel/CMakeFiles/kernel.dir/thread_monitor.c.obj
[brox-ish-ec:rw] [372/378] Building C object zephyr/kernel/CMakeFiles/kernel.dir/timer.c.obj
[brox-ish-ec:rw] [373/378] Building C object zephyr/kernel/CMakeFiles/kernel.dir/timeout.c.obj
[gwendolin:rw] [142/526] Building C object zephyr/arch/arch/arm/core/cortex_m/CMakeFiles/arch__arm__core__cortex_m.dir/cpu_idle.c.obj
[gwendolin:ro] [88/513] Building C object zephyr/CMakeFiles/zephyr.dir/subsys/pm/policy/policy_latency.c.obj
[brox-ish-ec:ro] [123/378] Building C object zephyr/CMakeFiles/zephyr.dir/lib/utils/dec.c.obj
[brox-ish-ec:rw] [374/378] Building C object zephyr/kernel/CMakeFiles/kernel.dir/poll.c.obj
[brox-ish-ec:ro] [124/378] Building C object zephyr/CMakeFiles/zephyr.dir/lib/os/assert.c.obj
[npcx7:ro] [94/320] Building C object zephyr/CMakeFiles/zephyr.dir/subsys/pm/policy/policy_state_lock.c.obj
[brox-ish-ec:rw] [375/378] Building C object zephyr/kernel/CMakeFiles/kernel.dir/events.c.obj
[gwendolin:rw] [143/526] Building C object zephyr/arch/arch/arm/core/cortex_m/CMakeFiles/arch__arm__core__cortex_m.dir/irq_init.c.obj
[brox-ish-ec:ro] [125/378] Building C object zephyr/CMakeFiles/zephyr.dir/lib/utils/hex.c.obj
[padme:ro] [354/360] Building C object zephyr/kernel/CMakeFiles/kernel.dir/timer.c.obj
[padme:ro] [355/360] Building C object zephyr/kernel/CMakeFiles/kernel.dir/timeout.c.obj
[padme:ro] [356/360] Building C object zephyr/kernel/CMakeFiles/kernel.dir/poll.c.obj
[brox-ish-ec:rw] [376/378] Building C object zephyr/kernel/CMakeFiles/kernel.dir/dynamic_disabled.c.obj
[padme:ro] [357/360] Building C object zephyr/kernel/CMakeFiles/kernel.dir/events.c.obj
[brox-ish-ec:rw] [377/378] Building C object zephyr/kernel/CMakeFiles/kernel.dir/mempool.c.obj
[gwendolin:ro] [89/513] Building C object zephyr/CMakeFiles/zephyr.dir/subsys/pm/policy/policy_state_lock.c.obj
[brox-ish-ec:rw] [378/378] Linking C static library zephyr/kernel/libkernel.a
[brox-ish-ec:ro] [126/378] Building C object zephyr/CMakeFiles/zephyr.dir/lib/utils/timeutil.c.obj
[gwendolin:rw] [144/526] Building C object zephyr/arch/arch/arm/core/cortex_m/CMakeFiles/arch__arm__core__cortex_m.dir/isr_wrapper.c.obj
[skyrim:ro] [66/417] Building C object CMakeFiles/app.dir/mnt/host/source/src/platform/ec/build/zephyr/skyrim/modules/ec/common/keyboard_8042.c.obj
[npcx7:ro] [95/320] Building C object zephyr/CMakeFiles/zephyr.dir/subsys/pm/device_system_managed.c.obj
[brox-ish-ec:ro] [127/378] Building C object zephyr/CMakeFiles/zephyr.dir/lib/utils/rb.c.obj
[/mnt/host/source/src/platform/ec/build/zephyr/ocelotrvp-mchp-lcov]   /mnt/host/source/src/platform/ec/build/zephyr/ocelotrvp-mchp/build-rw/zephyr/drivers/sensor/CMakeFiles/drivers__sensor.dir/mnt/host/source/src/third_party/zephyr/main/misc/empty_file.c.gcno:no functions found
[/mnt/host/source/src/platform/ec/build/zephyr/ocelotrvp-mchp-lcov] stderr:
[npcx7:ro] [96/320] Building C object zephyr/CMakeFiles/zephyr.dir/subsys/pm/device.c.obj
[gwendolin:rw] [145/526] Building C object zephyr/arch/arch/arm/core/cortex_m/CMakeFiles/arch__arm__core__cortex_m.dir/debug.c.obj
[gwendolin:rw] [146/526] Linking C static library zephyr/arch/arch/arm/core/cortex_m/libarch__arm__core__cortex_m.a
[padme:ro] [358/360] Building C object zephyr/kernel/CMakeFiles/kernel.dir/dynamic_disabled.c.obj
[padme:ro] [359/360] Building C object zephyr/kernel/CMakeFiles/kernel.dir/mempool.c.obj
[npcx7:ro] [97/320] Building C object zephyr/CMakeFiles/zephyr.dir/subsys/testsuite/coverage/coverage.c.obj
[padme:ro] [360/360] Linking C static library zephyr/kernel/libkernel.a
[brox-ish-ec:ro] [128/378] Building C object zephyr/CMakeFiles/zephyr.dir/lib/utils/bitmask.c.obj
[npcx7:ro] [98/320] Building C object zephyr/CMakeFiles/zephyr.dir/subsys/tracing/tracing_none.c.obj
[npcx7:ro] [99/320] Building C object zephyr/CMakeFiles/zephyr.dir/subsys/tracing/user/tracing_user.c.obj
[gwendolin:rw] [147/526] Building C object zephyr/arch/arch/arm/core/mpu/CMakeFiles/arch__arm__core__mpu.dir/arm_core_mpu.c.obj
[npcx7:ro] [100/320] Building C object zephyr/CMakeFiles/zephyr.dir/subsys/shell/modules/kernel_service/kernel_shell.c.obj
[brox-ish-ec:ro] [129/378] Building C object zephyr/CMakeFiles/zephyr.dir/lib/utils/bitarray.c.obj
[gwendolin:ro] [90/513] Building C object zephyr/CMakeFiles/zephyr.dir/subsys/pm/device.c.obj
[npcx7:ro] [101/320] Building C object zephyr/CMakeFiles/zephyr.dir/subsys/shell/modules/kernel_service/cycles.c.obj
[gwendolin:rw] [148/526] Building C object zephyr/arch/arch/arm/core/mpu/CMakeFiles/arch__arm__core__mpu.dir/arm_mpu.c.obj
[gwendolin:rw] [149/526] Building C object zephyr/arch/arch/arm/core/mpu/CMakeFiles/arch__arm__core__mpu.dir/arm_mpu_regions.c.obj
[gwendolin:rw] [150/526] Linking C static library zephyr/arch/arch/arm/core/mpu/libarch__arm__core__mpu.a
[gwendolin:rw] [151/526] Building C object zephyr/lib/libc/common/CMakeFiles/lib__libc__common.dir/source/time/time.c.obj
[gwendolin:rw] [152/526] Building C object zephyr/lib/posix/c_lib_ext/CMakeFiles/lib__posix__c_lib_ext.dir/fnmatch.c.obj
[gwendolin:ro] [91/513] Building C object zephyr/CMakeFiles/zephyr.dir/subsys/pm/device_runtime.c.obj
[skyrim:ro] [67/417] Building C object CMakeFiles/app.dir/mnt/host/source/src/platform/ec/build/zephyr/skyrim/modules/ec/common/keyboard_8042_sharedlib.c.obj
[gwendolin:rw] [153/526] Building C object zephyr/lib/libc/newlib/CMakeFiles/lib__libc__newlib.dir/libc-hooks.c.obj
[gwendolin:rw] [154/526] Linking C static library zephyr/lib/libc/newlib/liblib__libc__newlib.a
[npcx7:ro] [102/320] Building C object zephyr/CMakeFiles/zephyr.dir/subsys/shell/modules/kernel_service/uptime.c.obj
[gwendolin:rw] [155/526] Building C object zephyr/lib/libc/common/CMakeFiles/lib__libc__common.dir/source/stdlib/abort.c.obj
[brox-ish-ec:ro] [130/378] Building C object zephyr/CMakeFiles/zephyr.dir/lib/utils/getopt/getopt.c.obj
[npcx7:ro] [103/320] Building C object zephyr/CMakeFiles/zephyr.dir/subsys/shell/modules/kernel_service/version.c.obj
[npcx7:ro] [104/320] Building C object zephyr/CMakeFiles/zephyr.dir/subsys/shell/modules/kernel_service/sleep.c.obj
[gwendolin:rw] [156/526] Linking C static library zephyr/lib/libc/common/liblib__libc__common.a
[npcx7:ro] [105/320] Building C object zephyr/CMakeFiles/zephyr.dir/subsys/shell/modules/kernel_service/thread/thread.c.obj
[brox-ish-ec:ro] [131/378] Building C object zephyr/CMakeFiles/zephyr.dir/lib/utils/getopt/getopt_common.c.obj
[npcx7:ro] [106/320] Building C object zephyr/CMakeFiles/zephyr.dir/subsys/shell/modules/kernel_service/thread/list.c.obj
[brox-ish-ec:ro] [132/378] Building C object zephyr/CMakeFiles/zephyr.dir/lib/utils/last_section_id.c.obj
[gwendolin:ro] [92/513] Building C object zephyr/CMakeFiles/zephyr.dir/subsys/testsuite/coverage/coverage.c.obj
[brox-ish-ec:ro] [133/378] Building C object zephyr/CMakeFiles/zephyr.dir/lib/utils/ring_buffer.c.obj
[gwendolin:rw] [157/526] Building C object zephyr/lib/posix/c_lib_ext/CMakeFiles/lib__posix__c_lib_ext.dir/getentropy.c.obj
[gwendolin:rw] [158/526] Building C object zephyr/lib/posix/options/CMakeFiles/lib__posix__options.dir/timespec_to_timeout.c.obj
[gwendolin:ro] [93/513] Building C object zephyr/CMakeFiles/zephyr.dir/subsys/tracing/tracing_none.c.obj
[gwendolin:rw] [159/526] Building C object zephyr/lib/posix/c_lib_ext/CMakeFiles/lib__posix__c_lib_ext.dir/getopt_shim.c.obj
[gwendolin:rw] [160/526] Building C object zephyr/lib/posix/options/CMakeFiles/lib__posix__options.dir/clock.c.obj
[gwendolin:rw] [161/526] Linking C static library zephyr/lib/posix/c_lib_ext/liblib__posix__c_lib_ext.a
[npcx7:ro] [107/320] Building C object zephyr/CMakeFiles/zephyr.dir/subsys/shell/modules/kernel_service/thread/stacks.c.obj
[npcx7:ro] [108/320] Building C object zephyr/CMakeFiles/zephyr.dir/subsys/shell/modules/kernel_service/thread/resume.c.obj
[npcx7:ro] [109/320] Building C object zephyr/CMakeFiles/zephyr.dir/subsys/shell/modules/kernel_service/thread/suspend.c.obj
[brox-ish-ec:ro] [134/378] Building ASM object zephyr/CMakeFiles/zephyr.dir/soc/ite/ec/common/soc_irq.S.obj
[npcx7:ro] [110/320] Building C object zephyr/CMakeFiles/zephyr.dir/subsys/shell/modules/kernel_service/thread/kill.c.obj
[brox-ish-ec:ro] [135/378] Building C object zephyr/CMakeFiles/zephyr.dir/misc/generated/configs.c.obj
[gwendolin:rw] [162/526] Building C object zephyr/lib/posix/options/CMakeFiles/lib__posix__options.dir/timer.c.obj
[skyrim:ro] [68/417] Building C object CMakeFiles/app.dir/mnt/host/source/src/platform/ec/build/zephyr/skyrim/modules/ec/common/mkbp_fifo.c.obj
[npcx7:ro] [111/320] Building C object zephyr/CMakeFiles/zephyr.dir/subsys/shell/modules/device_service.c.obj
[gwendolin:ro] [94/513] Building C object zephyr/CMakeFiles/zephyr.dir/subsys/shell/modules/kernel_service/kernel_shell.c.obj
[npcx7:ro] [112/320] Building C object zephyr/CMakeFiles/zephyr.dir/subsys/shell/modules/date_service.c.obj
[gwendolin:ro] [95/513] Building C object zephyr/CMakeFiles/zephyr.dir/subsys/shell/modules/kernel_service/cycles.c.obj
[brox-ish-ec:ro] [136/378] Building C object zephyr/CMakeFiles/zephyr.dir/soc/ite/ec/common/soc_common_irq.c.obj
[gwendolin:rw] [163/526] Building C object zephyr/lib/posix/options/CMakeFiles/lib__posix__options.dir/rwlock.c.obj
[gwendolin:rw] [164/526] Building C object zephyr/lib/posix/options/CMakeFiles/lib__posix__options.dir/grp.c.obj
[npcx7:ro] [113/320] Building C object zephyr/CMakeFiles/zephyr.dir/subsys/shell/modules/devmem_service.c.obj
[gwendolin:rw] [165/526] Building C object zephyr/lib/posix/options/CMakeFiles/lib__posix__options.dir/cond.c.obj
[npcx7:ro] [114/320] Building C object zephyr/CMakeFiles/zephyr.dir/subsys/shell/backends/shell_uart.c.obj
[brox-ish-ec:ro] [137/378] Building C object zephyr/CMakeFiles/zephyr.dir/soc/ite/ec/common/power.c.obj
[gwendolin:rw] [166/526] Building C object zephyr/lib/posix/options/CMakeFiles/lib__posix__options.dir/key.c.obj
[npcx7:ro] [115/320] Building C object zephyr/CMakeFiles/zephyr.dir/subsys/shell/shell_fprintf.c.obj
[gwendolin:rw] [167/526] Building C object zephyr/lib/posix/options/CMakeFiles/lib__posix__options.dir/mutex.c.obj
[npcx7:ro] [116/320] Building C object zephyr/CMakeFiles/zephyr.dir/subsys/shell/shell.c.obj
[gwendolin:ro] [96/513] Building C object zephyr/CMakeFiles/zephyr.dir/subsys/shell/modules/kernel_service/sleep.c.obj
[npcx7:ro] [117/320] Building C object zephyr/CMakeFiles/zephyr.dir/subsys/shell/shell_utils.c.obj
[skyrim:ro] [69/417] Building C object CMakeFiles/app.dir/mnt/host/source/src/platform/ec/build/zephyr/skyrim/modules/ec/common/mkbp_info.c.obj
[brox-ish-ec:ro] [138/378] Building C object zephyr/CMakeFiles/zephyr.dir/soc/ite/ec/common/policy.c.obj
[gwendolin:ro] [97/513] Building C object zephyr/CMakeFiles/zephyr.dir/subsys/shell/modules/kernel_service/uptime.c.obj
[gwendolin:rw] [168/526] Building C object zephyr/lib/posix/options/CMakeFiles/lib__posix__options.dir/pwd.c.obj
[npcx7:ro] [118/320] Building C object zephyr/CMakeFiles/zephyr.dir/subsys/shell/shell_help.c.obj
[npcx7:ro] [119/320] Building C object zephyr/CMakeFiles/zephyr.dir/subsys/shell/shell_ops.c.obj
[gwendolin:rw] [169/526] Building C object zephyr/subsys/mgmt/ec_host_cmd/CMakeFiles/subsys__mgmt__ec_host_cmd.dir/ec_host_cmd_handler.c.obj
[gwendolin:rw] [170/526] Linking C static library zephyr/subsys/mgmt/ec_host_cmd/libsubsys__mgmt__ec_host_cmd.a
[npcx7:ro] [120/320] Building C object zephyr/CMakeFiles/zephyr.dir/subsys/shell/shell_history.c.obj
[brox-ish-ec:ro] [139/378] Building C object zephyr/CMakeFiles/zephyr.dir/soc/ite/ec/it8xxx2/soc.c.obj
[npcx7:ro] [121/320] Building C object zephyr/CMakeFiles/zephyr.dir/subsys/shell/shell_cmds.c.obj
[gwendolin:rw] [171/526] Building C object zephyr/lib/posix/options/CMakeFiles/lib__posix__options.dir/pthread.c.obj
[gwendolin:rw] [172/526] Building C object zephyr/subsys/crc/CMakeFiles/subsys__crc.dir/crc4_sw.c.obj
[gwendolin:rw] [173/526] Building C object zephyr/subsys/mgmt/ec_host_cmd/backends/CMakeFiles/subsys__mgmt__ec_host_cmd__backends.dir/ec_host_cmd_backend_shi_npcx.c.obj
[gwendolin:rw] [174/526] Building C object zephyr/subsys/mgmt/ec_host_cmd/backends/CMakeFiles/subsys__mgmt__ec_host_cmd__backends.dir/ec_host_cmd_backend_uart.c.obj
[gwendolin:rw] [175/526] Linking C static library zephyr/lib/posix/options/liblib__posix__options.a
[gwendolin:ro] [98/513] Building C object zephyr/CMakeFiles/zephyr.dir/subsys/shell/modules/kernel_service/version.c.obj
[brox-ish-ec:ro] [140/378] Building C object zephyr/CMakeFiles/zephyr.dir/soc/ite/ec/it8xxx2/check_regs.c.obj
[gwendolin:rw] [176/526] Linking C static library zephyr/subsys/mgmt/ec_host_cmd/backends/libsubsys__mgmt__ec_host_cmd__backends.a
[npcx7:ro] [122/320] Building C object zephyr/CMakeFiles/zephyr.dir/subsys/shell/shell_wildcard.c.obj
[gwendolin:rw] [177/526] Building C object zephyr/subsys/crc/CMakeFiles/subsys__crc.dir/crc8_sw.c.obj
[gwendolin:rw] [178/526] Building C object zephyr/subsys/crc/CMakeFiles/subsys__crc.dir/crc16_sw.c.obj
[/mnt/host/source/src/platform/ec/build/zephyr/ocelotrvp-mchp-lcov]   /mnt/host/source/src/platform/ec/build/zephyr/ocelotrvp-mchp/build-rw/zephyr/drivers/syscon/CMakeFiles/drivers__syscon.dir/mnt/host/source/src/third_party/zephyr/main/misc/empty_file.c.gcno:no functions found
[/mnt/host/source/src/platform/ec/build/zephyr/ocelotrvp-mchp-lcov] Filter suppressions 'region':
[brox-ish-ec:ro] [141/378] Building ASM object zephyr/CMakeFiles/zephyr.dir/soc/ite/ec/it8xxx2/vector.S.obj
[gwendolin:rw] [179/526] Building C object zephyr/subsys/crc/CMakeFiles/subsys__crc.dir/crc7_sw.c.obj
[npcx7:ro] [123/320] Building C object zephyr/arch/common/CMakeFiles/arch__common.dir/init.c.obj
[/mnt/host/source/src/platform/ec/build/zephyr/ocelotrvp-mchp-lcov]     259 instances
[/mnt/host/source/src/platform/ec/build/zephyr/ocelotrvp-mchp-lcov]     438 coverpoints
[/mnt/host/source/src/platform/ec/build/zephyr/ocelotrvp-mchp-lcov] Message summary:
[/mnt/host/source/src/platform/ec/build/zephyr/ocelotrvp-mchp-lcov]   1 warning message:
[/mnt/host/source/src/platform/ec/build/zephyr/ocelotrvp-mchp-lcov]     format: 1
[/mnt/host/source/src/platform/ec/build/zephyr/ocelotrvp-mchp-lcov]   22 ignore messages:
[/mnt/host/source/src/platform/ec/build/zephyr/ocelotrvp-mchp-lcov]     gcov: 22
[gwendolin:rw] [180/526] Building C object zephyr/subsys/crc/CMakeFiles/subsys__crc.dir/crc32_sw.c.obj
[npcx7:ro] [124/320] Building C object zephyr/arch/common/CMakeFiles/arch__common.dir/sw_isr_common.c.obj
[gwendolin:rw] [181/526] Building C object zephyr/subsys/crc/CMakeFiles/subsys__crc.dir/crc32c_sw.c.obj
[gwendolin:rw] [182/526] Building C object zephyr/subsys/random/CMakeFiles/subsys__random.dir/random_entropy_device.c.obj
[gwendolin:rw] [183/526] Building C object zephyr/subsys/crc/CMakeFiles/subsys__crc.dir/crc24_sw.c.obj
[npcx7:ro] [125/320] Building C object zephyr/CMakeFiles/zephyr.dir/drivers/flash/flash_util.c.obj
[gwendolin:rw] [184/526] Linking C static library zephyr/subsys/random/libsubsys__random.a
[gwendolin:ro] [99/513] Building C object zephyr/CMakeFiles/zephyr.dir/subsys/shell/backends/shell_uart.c.obj
[gwendolin:rw] [185/526] Building C object zephyr/subsys/crc/CMakeFiles/subsys__crc.dir/crc32k_4_2_sw.c.obj
[gwendolin:rw] [186/526] Linking C static library zephyr/subsys/crc/libsubsys__crc.a
[npcx7:ro] [126/320] Linking C static library zephyr/libzephyr.a
[skyrim:ro] [70/417] Building C object CMakeFiles/app.dir/mnt/host/source/src/platform/ec/build/zephyr/skyrim/modules/ec/common/mkbp_input_devices.c.obj
[npcx7:ro] [127/320] Building C object zephyr/arch/common/CMakeFiles/arch__common.dir/xip.c.obj
[npcx7:ro] [128/320] Building C object zephyr/arch/common/CMakeFiles/isr_tables.dir/isr_tables.c.obj
[npcx7:ro] [129/320] Building ASM object zephyr/arch/arch/arm/core/CMakeFiles/arch__arm__core.dir/nmi_on_reset.S.obj
[npcx7:ro] [130/320] Linking C static library zephyr/arch/common/libisr_tables.a
[gwendolin:ro] [100/513] Building C object zephyr/CMakeFiles/zephyr.dir/subsys/shell/shell.c.obj
[npcx7:ro] [131/320] Building C object zephyr/arch/arch/arm/core/CMakeFiles/arch__arm__core.dir/nmi.c.obj
[npcx7:ro] [132/320] Linking C static library zephyr/arch/common/libarch__common.a
[npcx7:ro] [133/320] Building C object zephyr/arch/arch/arm/core/CMakeFiles/arch__arm__core.dir/fatal.c.obj
[brox-ish-ec:ro] [142/378] Building C object zephyr/CMakeFiles/zephyr.dir/soc/ite/ec/it8xxx2/ilm.c.obj
[npcx7:ro] [134/320] Linking C static library zephyr/arch/arch/arm/core/libarch__arm__core.a
[gwendolin:rw] [187/526] Building C object zephyr/drivers/bbram/CMakeFiles/drivers__bbram.dir/bbram_npcx.c.obj
[brox-ish-ec:ro] [143/378] Building C object zephyr/CMakeFiles/zephyr.dir/subsys/pm/pm.c.obj
[brox-ish-ec:ro] [144/378] Building C object zephyr/CMakeFiles/zephyr.dir/subsys/logging/log_minimal.c.obj
[gwendolin:rw] [188/526] Linking C static library zephyr/drivers/bbram/libdrivers__bbram.a
[gwendolin:ro] [101/513] Building C object zephyr/CMakeFiles/zephyr.dir/subsys/shell/shell_fprintf.c.obj
[npcx7:ro] [135/320] Building ASM object zephyr/arch/arch/arm/core/cortex_m/CMakeFiles/arch__arm__core__cortex_m.dir/fault_s.S.obj
[gwendolin:rw] [189/526] Building C object zephyr/drivers/interrupt_controller/CMakeFiles/drivers__interrupt_controller.dir/intc_miwu.c.obj
[gwendolin:rw] [190/526] Linking C static library zephyr/drivers/interrupt_controller/libdrivers__interrupt_controller.a
[gwendolin:rw] [191/526] Building C object zephyr/drivers/crypto/CMakeFiles/drivers__crypto.dir/crypto_npcx_sha.c.obj
[gwendolin:rw] [192/526] Building C object zephyr/drivers/console/CMakeFiles/drivers__console.dir/uart_console.c.obj
[gwendolin:rw] [193/526] Linking C static library zephyr/drivers/crypto/libdrivers__crypto.a
[gwendolin:rw] [194/526] Linking C static library zephyr/drivers/console/libdrivers__console.a
[gwendolin:rw] [195/526] Building C object zephyr/drivers/clock_control/CMakeFiles/drivers__clock_control.dir/clock_control_npcx.c.obj
[gwendolin:rw] [196/526] Linking C static library zephyr/drivers/clock_control/libdrivers__clock_control.a
[npcx7:ro] [136/320] Building C object zephyr/arch/arch/arm/core/cortex_m/CMakeFiles/arch__arm__core__cortex_m.dir/exc_exit.c.obj
[brox-ish-ec:ro] [145/378] Building C object zephyr/CMakeFiles/zephyr.dir/subsys/pm/state.c.obj
[npcx7:ro] [137/320] Building C object zephyr/arch/arch/arm/core/cortex_m/CMakeFiles/arch__arm__core__cortex_m.dir/fault.c.obj
[brox-ish-ec:ro] [146/378] Building C object zephyr/CMakeFiles/zephyr.dir/subsys/pm/policy/policy_latency.c.obj
[npcx7:ro] [138/320] Building ASM object zephyr/arch/arch/arm/core/cortex_m/CMakeFiles/arch__arm__core__cortex_m.dir/reset.S.obj
[gwendolin:ro] [102/513] Building C object zephyr/CMakeFiles/zephyr.dir/subsys/shell/shell_utils.c.obj
[npcx7:ro] [139/320] Building C object zephyr/arch/arch/arm/core/cortex_m/CMakeFiles/arch__arm__core__cortex_m.dir/fpu.c.obj
[skyrim:ro] [71/417] Building C object CMakeFiles/app.dir/mnt/host/source/src/platform/ec/build/zephyr/skyrim/modules/ec/common/keyboard_backlight.c.obj
[brox-ish-ec:ro] [147/378] Building C object zephyr/CMakeFiles/zephyr.dir/subsys/pm/policy/policy_events.c.obj
[npcx7:ro] [140/320] Building C object zephyr/arch/arch/arm/core/cortex_m/CMakeFiles/arch__arm__core__cortex_m.dir/scb.c.obj
[gwendolin:ro] [103/513] Building C object zephyr/CMakeFiles/zephyr.dir/subsys/shell/shell_ops.c.obj
[gwendolin:rw] [197/526] Building C object zephyr/drivers/entropy/CMakeFiles/drivers__entropy.dir/entropy_npcx_drbg.c.obj
[gwendolin:rw] [198/526] Building C object zephyr/drivers/flash/CMakeFiles/drivers__flash.dir/jesd216.c.obj
[npcx7:ro] [141/320] Building ASM object zephyr/arch/arch/arm/core/cortex_m/CMakeFiles/arch__arm__core__cortex_m.dir/vector_table.S.obj
[gwendolin:rw] [199/526] Linking C static library zephyr/drivers/entropy/libdrivers__entropy.a
[npcx7:ro] [142/320] Building C object zephyr/arch/arch/arm/core/cortex_m/CMakeFiles/arch__arm__core__cortex_m.dir/thread_abort.c.obj
[gwendolin:rw] [200/526] Building C object zephyr/drivers/flash/CMakeFiles/drivers__flash.dir/flash_npcx_fiu_nor.c.obj
[gwendolin:rw] [201/526] Building C object zephyr/drivers/flash/CMakeFiles/drivers__flash.dir/flash_npcx_fiu_qspi.c.obj
[brox-ish-ec:ro] [148/378] Building C object zephyr/CMakeFiles/zephyr.dir/subsys/pm/policy/policy_state_lock.c.obj
[npcx7:ro] [143/320] Building ASM object zephyr/arch/arch/arm/core/cortex_m/CMakeFiles/arch__arm__core__cortex_m.dir/swap_helper.S.obj
[gwendolin:rw] [202/526] Linking C static library zephyr/drivers/flash/libdrivers__flash.a
[brox-ish-ec:ro] [149/378] Building C object zephyr/CMakeFiles/zephyr.dir/subsys/pm/device.c.obj
[gwendolin:rw] [203/526] Building C object zephyr/drivers/gpio/CMakeFiles/drivers__gpio.dir/gpio_npcx.c.obj
[gwendolin:rw] [204/526] Linking C static library zephyr/drivers/gpio/libdrivers__gpio.a
[npcx7:ro] [144/320] Building C object zephyr/arch/arch/arm/core/cortex_m/CMakeFiles/arch__arm__core__cortex_m.dir/irq_manage.c.obj
[gwendolin:ro] [104/513] Building C object zephyr/CMakeFiles/zephyr.dir/subsys/shell/shell_log_backend.c.obj
[npcx7:ro] [145/320] Building C object zephyr/arch/arch/arm/core/cortex_m/CMakeFiles/arch__arm__core__cortex_m.dir/prep_c.c.obj
[gwendolin:rw] [205/526] Building C object zephyr/drivers/pinctrl/CMakeFiles/drivers__pinctrl.dir/common.c.obj
[brox-ish-ec:ro] [150/378] Building C object zephyr/CMakeFiles/zephyr.dir/subsys/pm/device_runtime.c.obj
[npcx7:ro] [146/320] Building C object zephyr/arch/arch/arm/core/cortex_m/CMakeFiles/arch__arm__core__cortex_m.dir/cpu_idle.c.obj
[npcx7:ro] [147/320] Building C object zephyr/arch/arch/arm/core/cortex_m/CMakeFiles/arch__arm__core__cortex_m.dir/thread.c.obj
[gwendolin:ro] [105/513] Building C object zephyr/CMakeFiles/zephyr.dir/subsys/shell/shell_help.c.obj
[gwendolin:rw] [206/526] Building C object zephyr/drivers/pinctrl/CMakeFiles/drivers__pinctrl.dir/pinctrl_npcx.c.obj
[npcx7:ro] [148/320] Generating ../../../include/generated/libc/minimal/strerror_table.h
[gwendolin:rw] [207/526] Linking C static library zephyr/drivers/pinctrl/libdrivers__pinctrl.a
[skyrim:ro] [72/417] Building C object CMakeFiles/app.dir/mnt/host/source/src/platform/ec/build/zephyr/skyrim/modules/ec/common/led_common.c.obj
[brox-ish-ec:ro] [151/378] Building C object zephyr/CMakeFiles/zephyr.dir/subsys/pm/device_system_managed.c.obj
[npcx7:ro] [149/320] Building C object zephyr/arch/arch/arm/core/cortex_m/CMakeFiles/arch__arm__core__cortex_m.dir/irq_init.c.obj
[npcx7:ro] [150/320] Building C object zephyr/lib/libc/minimal/CMakeFiles/lib__libc__minimal.dir/source/stdlib/atoi.c.obj
[brox-ish-ec:ro] [152/378] Building C object zephyr/CMakeFiles/zephyr.dir/subsys/testsuite/coverage/coverage.c.obj
[gwendolin:rw] [208/526] Building C object zephyr/drivers/serial/CMakeFiles/drivers__serial.dir/uart_npcx.c.obj
[npcx7:ro] [151/320] Building C object zephyr/lib/libc/minimal/CMakeFiles/lib__libc__minimal.dir/source/stdlib/strtol.c.obj
[npcx7:ro] [152/320] Building C object zephyr/arch/arch/arm/core/cortex_m/CMakeFiles/arch__arm__core__cortex_m.dir/isr_wrapper.c.obj
[gwendolin:rw] [209/526] Linking C static library zephyr/drivers/serial/libdrivers__serial.a
[npcx7:ro] [153/320] Building C object zephyr/lib/libc/minimal/CMakeFiles/lib__libc__minimal.dir/source/stdlib/strtoul.c.obj
[gwendolin:rw] [210/526] Building C object zephyr/drivers/syscon/CMakeFiles/drivers__syscon.dir/syscon.c.obj
[gwendolin:ro] [106/513] Building C object zephyr/CMakeFiles/zephyr.dir/subsys/shell/shell_history.c.obj
[gwendolin:rw] [211/526] Linking C static library zephyr/drivers/syscon/libdrivers__syscon.a
[npcx7:ro] [154/320] Building C object zephyr/arch/arch/arm/core/mpu/CMakeFiles/arch__arm__core__mpu.dir/arm_core_mpu.c.obj
[gwendolin:rw] [212/526] Building C object zephyr/drivers/timer/CMakeFiles/drivers__timer.dir/sys_clock_init.c.obj
[brox-ish-ec:ro] [153/378] Building C object zephyr/CMakeFiles/zephyr.dir/subsys/tracing/tracing_none.c.obj
[npcx7:ro] [155/320] Linking C static library zephyr/arch/arch/arm/core/cortex_m/libarch__arm__core__cortex_m.a
[npcx7:ro] [156/320] Building C object zephyr/lib/libc/minimal/CMakeFiles/lib__libc__minimal.dir/source/stdlib/strtoll.c.obj
[gwendolin:rw] [213/526] Building C object zephyr/drivers/spi/CMakeFiles/drivers__spi.dir/spi_npcx_spip.c.obj
[npcx7:ro] [157/320] Building C object zephyr/lib/libc/minimal/CMakeFiles/lib__libc__minimal.dir/source/stdlib/strtoull.c.obj
[gwendolin:rw] [214/526] Linking C static library zephyr/drivers/spi/libdrivers__spi.a
[npcx7:ro] [158/320] Building C object zephyr/lib/libc/minimal/CMakeFiles/lib__libc__minimal.dir/source/stdlib/bsearch.c.obj
[npcx7:ro] [159/320] Building C object zephyr/arch/arch/arm/core/mpu/CMakeFiles/arch__arm__core__mpu.dir/arm_mpu.c.obj
[gwendolin:rw] [215/526] Building C object zephyr/drivers/timer/CMakeFiles/drivers__timer.dir/npcx_itim_timer.c.obj
[npcx7:ro] [160/320] Linking C static library zephyr/arch/arch/arm/core/mpu/libarch__arm__core__mpu.a
[npcx7:ro] [161/320] Building C object zephyr/lib/libc/minimal/CMakeFiles/lib__libc__minimal.dir/source/string/strncasecmp.c.obj
[gwendolin:rw] [216/526] Linking C static library zephyr/drivers/timer/libdrivers__timer.a
[brox-ish-ec:ro] [154/378] Building C object zephyr/CMakeFiles/zephyr.dir/subsys/shell/modules/kernel_service/kernel_shell.c.obj
[npcx7:ro] [162/320] Building C object zephyr/lib/libc/minimal/CMakeFiles/lib__libc__minimal.dir/source/stdlib/qsort.c.obj
[gwendolin:ro] [107/513] Building C object zephyr/CMakeFiles/zephyr.dir/drivers/flash/flash_util.c.obj
[npcx7:ro] [163/320] Building C object zephyr/lib/libc/minimal/CMakeFiles/lib__libc__minimal.dir/source/string/strstr.c.obj
[npcx7:ro] [164/320] Building C object zephyr/lib/libc/minimal/CMakeFiles/lib__libc__minimal.dir/source/string/string.c.obj
[npcx7:ro] [165/320] Building C object zephyr/lib/libc/minimal/CMakeFiles/lib__libc__minimal.dir/source/string/strerror.c.obj
[npcx7:ro] [166/320] Building C object zephyr/lib/libc/minimal/CMakeFiles/lib__libc__minimal.dir/source/string/strspn.c.obj
[brox-ish-ec:ro] [155/378] Building C object zephyr/CMakeFiles/zephyr.dir/subsys/shell/modules/kernel_service/cycles.c.obj
[skyrim:ro] [73/417] Building C object CMakeFiles/app.dir/mnt/host/source/src/platform/ec/build/zephyr/skyrim/modules/ec/common/motion_lid.c.obj
[npcx7:ro] [167/320] Building C object zephyr/lib/libc/minimal/CMakeFiles/lib__libc__minimal.dir/source/stdlib/exit.c.obj
[brox-ish-ec:ro] [156/378] Building C object zephyr/CMakeFiles/zephyr.dir/subsys/shell/modules/kernel_service/sleep.c.obj
[gwendolin:ro] [108/513] Building C object zephyr/arch/common/CMakeFiles/arch__common.dir/sw_isr_common.c.obj
[gwendolin:rw] [217/526] Building C object zephyr/drivers/watchdog/CMakeFiles/drivers__watchdog.dir/wdt_npcx.c.obj
[gwendolin:ro] [109/513] Building C object zephyr/arch/common/CMakeFiles/arch__common.dir/init.c.obj
[npcx7:ro] [168/320] Building C object zephyr/lib/libc/minimal/CMakeFiles/lib__libc__minimal.dir/source/math/sqrtf.c.obj
[gwendolin:rw] [218/526] Linking C static library zephyr/drivers/watchdog/libdrivers__watchdog.a
[npcx7:ro] [169/320] Building C object zephyr/lib/libc/minimal/CMakeFiles/lib__libc__minimal.dir/source/math/sqrt.c.obj
[npcx7:ro] [170/320] Building C object zephyr/lib/libc/minimal/CMakeFiles/lib__libc__minimal.dir/source/stdout/stdout_console.c.obj
[brox-ish-ec:ro] [157/378] Building C object zephyr/CMakeFiles/zephyr.dir/subsys/shell/modules/kernel_service/uptime.c.obj
[gwendolin:rw] [219/526] Building C object modules/ec/zephyr/CMakeFiles/ec_shim.dir/app/ec/main_shim.c.obj
[gwendolin:rw] [220/526] Building C object modules/ec/zephyr/CMakeFiles/ec_shim.dir/app/ec/ec_app_main.c.obj
[gwendolin:rw] [221/526] Building C object modules/ec/zephyr/CMakeFiles/ec_shim.dir/drivers/cros_flash/cros_flash_npcx.c.obj
[gwendolin:rw] [222/526] Building C object modules/ec/zephyr/CMakeFiles/ec_shim.dir/drivers/cros_rtc/cros_rtc_npcx.c.obj
[npcx7:ro] [171/320] Building C object zephyr/lib/libc/minimal/CMakeFiles/lib__libc__minimal.dir/source/stdout/sprintf.c.obj
[npcx7:ro] [172/320] Building C object zephyr/lib/libc/minimal/CMakeFiles/lib__libc__minimal.dir/source/stdout/fprintf.c.obj
[npcx7:ro] [173/320] Building C object zephyr/lib/libc/common/CMakeFiles/lib__libc__common.dir/source/time/gmtime_r.c.obj
[brox-ish-ec:ro] [158/378] Building C object zephyr/CMakeFiles/zephyr.dir/subsys/shell/modules/kernel_service/version.c.obj
[npcx7:ro] [174/320] Building C object zephyr/lib/libc/common/CMakeFiles/lib__libc__common.dir/source/time/asctime.c.obj
[npcx7:ro] [175/320] Building C object zephyr/lib/libc/minimal/CMakeFiles/lib__libc__minimal.dir/source/time/gmtime.c.obj
[brox-ish-ec:ro] [159/378] Building C object zephyr/CMakeFiles/zephyr.dir/subsys/shell/modules/kernel_service/thread/thread.c.obj
[gwendolin:ro] [110/513] Building C object zephyr/arch/common/CMakeFiles/arch__common.dir/xip.c.obj
[npcx7:ro] [176/320] Building C object zephyr/lib/libc/common/CMakeFiles/lib__libc__common.dir/source/time/localtime_r_utc.c.obj
[npcx7:ro] [177/320] Linking C static library zephyr/lib/libc/minimal/liblib__libc__minimal.a
[gwendolin:ro] [111/513] Building C object zephyr/arch/common/CMakeFiles/isr_tables.dir/isr_tables.c.obj
[npcx7:ro] [178/320] Building C object zephyr/lib/libc/common/CMakeFiles/lib__libc__common.dir/source/time/ctime.c.obj
[gwendolin:ro] [112/513] Linking C static library zephyr/arch/common/libisr_tables.a
[npcx7:ro] [179/320] Building C object zephyr/lib/libc/common/CMakeFiles/lib__libc__common.dir/source/stdlib/abort.c.obj
[gwendolin:ro] [113/513] Linking C static library zephyr/arch/common/libarch__common.a
[npcx7:ro] [180/320] Building C object zephyr/lib/libc/common/CMakeFiles/lib__libc__common.dir/source/string/strnlen.c.obj
[gwendolin:rw] [223/526] Building C object modules/ec/zephyr/CMakeFiles/ec_shim.dir/drivers/fingerprint/fingerprint_egis630.c.obj
[npcx7:ro] [181/320] Building C object zephyr/lib/libc/common/CMakeFiles/lib__libc__common.dir/source/time/time.c.obj
[npcx7:ro] [182/320] Building C object zephyr/lib/posix/c_lib_ext/CMakeFiles/lib__posix__c_lib_ext.dir/fnmatch.c.obj
[gwendolin:rw] [224/526] Building C object modules/ec/zephyr/CMakeFiles/ec_shim.dir/drivers/cros_system/cros_system_npcx.c.obj
[skyrim:ro] [74/417] Building C object CMakeFiles/app.dir/mnt/host/source/src/platform/ec/build/zephyr/skyrim/modules/ec/common/lid_angle.c.obj
[brox-ish-ec:ro] [160/378] Building C object zephyr/CMakeFiles/zephyr.dir/subsys/shell/modules/kernel_service/thread/list.c.obj
[gwendolin:rw] [225/526] Building C object modules/ec/zephyr/CMakeFiles/ec_shim.dir/libc/exit.c.obj
[npcx7:ro] [183/320] Building C object zephyr/subsys/crc/CMakeFiles/subsys__crc.dir/crc8_sw.c.obj
[npcx7:ro] [184/320] Building C object zephyr/subsys/crc/CMakeFiles/subsys__crc.dir/crc4_sw.c.obj
[gwendolin:rw] [226/526] Building C object modules/ec/zephyr/CMakeFiles/ec_shim.dir/drivers/fingerprint/fingerprint_egis630_pal.c.obj
[npcx7:ro] [185/320] Building C object zephyr/subsys/crc/CMakeFiles/subsys__crc.dir/crc16_sw.c.obj
[gwendolin:rw] [227/526] Building C object modules/ec/zephyr/CMakeFiles/ec_shim.dir/shim/chip/npcx/clock.c.obj
[npcx7:ro] [186/320] Building C object zephyr/subsys/crc/CMakeFiles/subsys__crc.dir/crc7_sw.c.obj
[npcx7:ro] [187/320] Building C object zephyr/lib/libc/common/CMakeFiles/lib__libc__common.dir/source/stdlib/malloc.c.obj
[gwendolin:ro] [114/513] Building C object zephyr/arch/arch/arm/core/CMakeFiles/arch__arm__core.dir/fatal.c.obj
[brox-ish-ec:ro] [161/378] Building C object zephyr/CMakeFiles/zephyr.dir/subsys/shell/modules/kernel_service/thread/stacks.c.obj
[npcx7:ro] [188/320] Building C object zephyr/subsys/crc/CMakeFiles/subsys__crc.dir/crc24_sw.c.obj
[npcx7:ro] [189/320] Building C object zephyr/subsys/crc/CMakeFiles/subsys__crc.dir/crc32c_sw.c.obj
[gwendolin:ro] [115/513] Building C object zephyr/arch/arch/arm/core/CMakeFiles/arch__arm__core.dir/nmi.c.obj
[npcx7:ro] [190/320] Linking C static library zephyr/lib/libc/common/liblib__libc__common.a
[npcx7:ro] [191/320] Building C object zephyr/lib/posix/c_lib_ext/CMakeFiles/lib__posix__c_lib_ext.dir/getopt_shim.c.obj
[brox-ish-ec:ro] [162/378] Building C object zephyr/CMakeFiles/zephyr.dir/subsys/shell/modules/kernel_service/thread/unwind.c.obj
[npcx7:ro] [192/320] Building C object zephyr/lib/posix/c_lib_ext/CMakeFiles/lib__posix__c_lib_ext.dir/getentropy.c.obj
[npcx7:ro] [193/320] Building C object zephyr/subsys/crc/CMakeFiles/subsys__crc.dir/crc32k_4_2_sw.c.obj
[npcx7:ro] [194/320] Building C object zephyr/subsys/crc/CMakeFiles/subsys__crc.dir/crc32_sw.c.obj
[npcx7:ro] [195/320] Linking C static library zephyr/lib/posix/c_lib_ext/liblib__posix__c_lib_ext.a
[gwendolin:ro] [116/513] Building C object zephyr/arch/arch/arm/core/CMakeFiles/arch__arm__core.dir/__aeabi_atexit.c.obj
[brox-ish-ec:ro] [163/378] Building C object zephyr/CMakeFiles/zephyr.dir/subsys/shell/modules/kernel_service/thread/suspend.c.obj
[gwendolin:rw] [228/526] Building C object modules/ec/zephyr/CMakeFiles/ec_shim.dir/shim/chip/npcx/rom_chip.c.obj
[npcx7:ro] [196/320] Linking C static library zephyr/subsys/crc/libsubsys__crc.a
[gwendolin:rw] [229/526] Building C object modules/ec/zephyr/CMakeFiles/ec_shim.dir/shim/chip/npcx/gpio.c.obj
[gwendolin:ro] [117/513] Building ASM object zephyr/arch/arch/arm/core/CMakeFiles/arch__arm__core.dir/nmi_on_reset.S.obj
[gwendolin:ro] [118/513] Linking C static library zephyr/arch/arch/arm/core/libarch__arm__core.a
[skyrim:ro] [75/417] Building C object CMakeFiles/app.dir/mnt/host/source/src/platform/ec/build/zephyr/skyrim/modules/ec/common/lid_angle_keyboard_policy.c.obj
[gwendolin:rw] [230/526] Building C object modules/ec/zephyr/CMakeFiles/ec_shim.dir/shim/chip/npcx/shi.c.obj
[gwendolin:rw] [231/526] Building C object modules/ec/zephyr/CMakeFiles/ec_shim.dir/shim/chip/npcx/system.c.obj
[brox-ish-ec:ro] [164/378] Building C object zephyr/CMakeFiles/zephyr.dir/subsys/shell/modules/kernel_service/thread/resume.c.obj
[gwendolin:rw] [232/526] Building C object modules/ec/zephyr/CMakeFiles/ec_shim.dir/shim/chip/npcx/otp_key.c.obj
[brox-ish-ec:ro] [165/378] Building C object zephyr/CMakeFiles/zephyr.dir/subsys/shell/modules/kernel_service/thread/kill.c.obj
[npcx7:ro] [197/320] Building C object zephyr/drivers/interrupt_controller/CMakeFiles/drivers__interrupt_controller.dir/intc_miwu.c.obj
[npcx7:ro] [198/320] Building C object zephyr/drivers/adc/CMakeFiles/drivers__adc.dir/adc_common.c.obj
[npcx7:ro] [199/320] Linking C static library zephyr/drivers/interrupt_controller/libdrivers__interrupt_controller.a
[npcx7:ro] [200/320] Building C object zephyr/drivers/clock_control/CMakeFiles/drivers__clock_control.dir/clock_control_npcx.c.obj
[npcx7:ro] [201/320] Linking C static library zephyr/drivers/clock_control/libdrivers__clock_control.a
[npcx7:ro] [202/320] Building C object zephyr/drivers/bbram/CMakeFiles/drivers__bbram.dir/bbram_npcx.c.obj
[gwendolin:ro] [119/513] Building C object zephyr/arch/arch/arm/core/cortex_m/CMakeFiles/arch__arm__core__cortex_m.dir/exc_exit.c.obj
[npcx7:ro] [203/320] Building C object zephyr/drivers/adc/CMakeFiles/drivers__adc.dir/adc_npcx.c.obj
[npcx7:ro] [204/320] Linking C static library zephyr/drivers/bbram/libdrivers__bbram.a
[npcx7:ro] [205/320] Linking C static library zephyr/drivers/adc/libdrivers__adc.a
[gwendolin:rw] [233/526] Building C object modules/ec/zephyr/CMakeFiles/ec_shim.dir/shim/chip/npcx/system_external_storage.c.obj
[gwendolin:rw] [234/526] Building C object modules/ec/zephyr/CMakeFiles/ec_shim.dir/shim/chip/npcx/power_policy.c.obj
[gwendolin:ro] [120/513] Building C object zephyr/arch/arch/arm/core/cortex_m/CMakeFiles/arch__arm__core__cortex_m.dir/fault.c.obj
[brox-ish-ec:ro] [166/378] Building C object zephyr/CMakeFiles/zephyr.dir/subsys/shell/backends/shell_uart.c.obj
[gwendolin:rw] [235/526] Building C object modules/ec/zephyr/CMakeFiles/ec_shim.dir/shim/src/crc.c.obj
[gwendolin:ro] [121/513] Building ASM object zephyr/arch/arch/arm/core/cortex_m/CMakeFiles/arch__arm__core__cortex_m.dir/fault_s.S.obj
[brox-ish-ec:ro] [167/378] Building C object zephyr/CMakeFiles/zephyr.dir/subsys/shell/shell_fprintf.c.obj
[gwendolin:rw] [236/526] Building C object modules/ec/zephyr/CMakeFiles/ec_shim.dir/shim/chip/npcx/ram_lock.c.obj
[gwendolin:rw] [237/526] Building C object modules/ec/zephyr/CMakeFiles/ec_shim.dir/shim/core/cortex-m/mpu.c.obj
[skyrim:ro] [76/417] Building C object CMakeFiles/app.dir/mnt/host/source/src/platform/ec/build/zephyr/skyrim/modules/ec/common/lid_switch.c.obj
[npcx7:ro] [206/320] Building C object zephyr/drivers/console/CMakeFiles/drivers__console.dir/uart_console.c.obj
[gwendolin:rw] [238/526] Building C object modules/ec/zephyr/CMakeFiles/ec_shim.dir/shim/core/cortex-m/panic.c.obj
[npcx7:ro] [207/320] Linking C static library zephyr/drivers/console/libdrivers__console.a
[brox-ish-ec:ro] [168/378] Building C object zephyr/CMakeFiles/zephyr.dir/subsys/shell/shell.c.obj
[npcx7:ro] [208/320] Building C object zephyr/drivers/espi/CMakeFiles/drivers__espi.dir/host_subs_npcx.c.obj
[npcx7:ro] [209/320] Building C object zephyr/drivers/flash/CMakeFiles/drivers__flash.dir/jesd216.c.obj
[npcx7:ro] [210/320] Building C object zephyr/drivers/flash/CMakeFiles/drivers__flash.dir/flash_npcx_fiu_nor.c.obj
[npcx7:ro] [211/320] Building C object zephyr/drivers/espi/CMakeFiles/drivers__espi.dir/espi_npcx.c.obj
[npcx7:ro] [212/320] Linking C static library zephyr/drivers/espi/libdrivers__espi.a
[gwendolin:ro] [122/513] Building C object zephyr/arch/arch/arm/core/cortex_m/CMakeFiles/arch__arm__core__cortex_m.dir/fpu.c.obj
[gwendolin:rw] [239/526] Building C object modules/ec/zephyr/CMakeFiles/ec_shim.dir/shim/src/console.c.obj
[gwendolin:rw] [240/526] Building C object modules/ec/zephyr/CMakeFiles/ec_shim.dir/shim/src/panic_utils.c.obj
[brox-ish-ec:ro] [169/378] Building C object zephyr/CMakeFiles/zephyr.dir/subsys/shell/shell_utils.c.obj
[gwendolin:rw] [241/526] Building C object modules/ec/zephyr/CMakeFiles/ec_shim.dir/shim/src/gpio.c.obj
[brox-ish-ec:ro] [170/378] Building C object zephyr/CMakeFiles/zephyr.dir/subsys/shell/shell_ops.c.obj
[gwendolin:rw] [242/526] Building C object modules/ec/zephyr/CMakeFiles/ec_shim.dir/shim/src/gpio_int.c.obj
[gwendolin:rw] [243/526] Building C object modules/ec/zephyr/CMakeFiles/ec_shim.dir/shim/src/pm_state.c.obj
[brox-ish-ec:ro] [171/378] Building C object zephyr/CMakeFiles/zephyr.dir/subsys/shell/shell_help.c.obj
[npcx7:ro] [213/320] Building C object zephyr/drivers/flash/CMakeFiles/drivers__flash.dir/flash_npcx_fiu_qspi.c.obj
[npcx7:ro] [214/320] Linking C static library zephyr/drivers/flash/libdrivers__flash.a
[gwendolin:ro] [123/513] Building ASM object zephyr/arch/arch/arm/core/cortex_m/CMakeFiles/arch__arm__core__cortex_m.dir/reset.S.obj
[npcx7:ro] [215/320] Building C object zephyr/drivers/i2c/CMakeFiles/drivers__i2c.dir/i2c_common.c.obj
[skyrim:ro] [77/417] Building C object CMakeFiles/app.dir/mnt/host/source/src/platform/ec/build/zephyr/skyrim/modules/ec/common/mkbp_event.c.obj
[npcx7:ro] [216/320] Building C object zephyr/drivers/i2c/CMakeFiles/drivers__i2c.dir/i2c_shell.c.obj
[npcx7:ro] [217/320] Building C object zephyr/drivers/gpio/CMakeFiles/drivers__gpio.dir/gpio_npcx.c.obj
[gwendolin:ro] [124/513] Building C object zephyr/arch/arch/arm/core/cortex_m/CMakeFiles/arch__arm__core__cortex_m.dir/scb.c.obj
[npcx7:ro] [218/320] Building C object zephyr/drivers/i2c/CMakeFiles/drivers__i2c.dir/i2c_npcx_controller.c.obj
[npcx7:ro] [219/320] Linking C static library zephyr/drivers/gpio/libdrivers__gpio.a
[brox-ish-ec:ro] [172/378] Building C object zephyr/CMakeFiles/zephyr.dir/subsys/shell/shell_history.c.obj
[gwendolin:rw] [244/526] Building C object modules/ec/zephyr/CMakeFiles/ec_shim.dir/shim/src/flash.c.obj
[brox-ish-ec:ro] [173/378] Building C object zephyr/CMakeFiles/zephyr.dir/drivers/flash/flash_util.c.obj
[brox-ish-ec:ro] [174/378] Building C object zephyr/arch/common/CMakeFiles/arch__common.dir/sw_isr_common.c.obj
[gwendolin:rw] [245/526] Building C object modules/ec/zephyr/CMakeFiles/ec_shim.dir/shim/src/fpsensor.c.obj
[gwendolin:rw] [246/526] Building C object modules/ec/zephyr/CMakeFiles/ec_shim.dir/shim/src/system.c.obj
[npcx7:ro] [220/320] Building C object zephyr/drivers/pinctrl/CMakeFiles/drivers__pinctrl.dir/common.c.obj
[brox-ish-ec:ro] [175/378] Linking C static library zephyr/libzephyr.a
[npcx7:ro] [221/320] Building C object zephyr/drivers/i2c/CMakeFiles/drivers__i2c.dir/i2c_npcx_controller_fifo.c.obj
[gwendolin:rw] [247/526] Building C object modules/ec/zephyr/CMakeFiles/ec_shim.dir/shim/src/host_command.c.obj
[npcx7:ro] [222/320] Building C object zephyr/drivers/sensor/CMakeFiles/drivers__sensor.dir/mnt/host/source/src/third_party/zephyr/main/misc/empty_file.c.obj
[gwendolin:rw] [248/526] Building C object modules/ec/zephyr/CMakeFiles/ec_shim.dir/shim/src/hooks.c.obj
[npcx7:ro] [223/320] Building C object zephyr/drivers/i2c/CMakeFiles/drivers__i2c.dir/i2c_npcx_port.c.obj
[gwendolin:ro] [125/513] Building C object zephyr/arch/arch/arm/core/cortex_m/CMakeFiles/arch__arm__core__cortex_m.dir/thread_abort.c.obj
[npcx7:ro] [224/320] Building C object zephyr/drivers/pinctrl/CMakeFiles/drivers__pinctrl.dir/pinctrl_npcx.c.obj
[npcx7:ro] [225/320] Linking C static library zephyr/drivers/sensor/libdrivers__sensor.a
[npcx7:ro] [226/320] Linking C static library zephyr/drivers/i2c/libdrivers__i2c.a
[brox-ish-ec:ro] [176/378] Building C object zephyr/arch/common/CMakeFiles/arch__common.dir/dynamic_isr.c.obj
[npcx7:ro] [227/320] Building C object zephyr/drivers/pwm/CMakeFiles/drivers__pwm.dir/pwm_shell.c.obj
[npcx7:ro] [228/320] Linking C static library zephyr/drivers/pinctrl/libdrivers__pinctrl.a
[brox-ish-ec:ro] [177/378] Building C object zephyr/arch/common/CMakeFiles/arch__common.dir/init.c.obj
[gwendolin:ro] [126/513] Building ASM object zephyr/arch/arch/arm/core/cortex_m/CMakeFiles/arch__arm__core__cortex_m.dir/vector_table.S.obj
[gwendolin:rw] [249/526] Building C object modules/ec/zephyr/CMakeFiles/ec_shim.dir/shim/src/console_buffer.c.obj
[npcx7:ro] [229/320] Building C object zephyr/drivers/pwm/CMakeFiles/drivers__pwm.dir/pwm_npcx.c.obj
[skyrim:ro] [78/417] Building C object CMakeFiles/app.dir/mnt/host/source/src/platform/ec/build/zephyr/skyrim/modules/ec/common/motion_sense.c.obj
[gwendolin:rw] [250/526] Building C object modules/ec/zephyr/CMakeFiles/ec_shim.dir/shim/src/log_backend_console_buffer.c.obj
[brox-ish-ec:ro] [178/378] Building C object zephyr/arch/common/CMakeFiles/arch__common.dir/xip.c.obj
[npcx7:ro] [230/320] Linking C static library zephyr/drivers/pwm/libdrivers__pwm.a
[npcx7:ro] [231/320] Building C object zephyr/drivers/syscon/CMakeFiles/drivers__syscon.dir/syscon.c.obj
[npcx7:ro] [232/320] Building C object zephyr/drivers/timer/CMakeFiles/drivers__timer.dir/sys_clock_init.c.obj
[gwendolin:rw] [251/526] Building C object modules/ec/zephyr/CMakeFiles/ec_shim.dir/shim/src/panic.c.obj
[brox-ish-ec:ro] [179/378] Building C object zephyr/arch/common/CMakeFiles/isr_tables.dir/isr_tables.c.obj
[gwendolin:rw] [252/526] Building C object modules/ec/zephyr/CMakeFiles/ec_shim.dir/shim/src/mkbp_event.c.obj
[brox-ish-ec:ro] [180/378] Building C object zephyr/arch/arch/riscv/core/CMakeFiles/arch__riscv__core.dir/cpu_idle.c.obj
[npcx7:ro] [233/320] Linking C static library zephyr/drivers/syscon/libdrivers__syscon.a
[brox-ish-ec:ro] [181/378] Linking C static library zephyr/arch/common/libisr_tables.a
[npcx7:ro] [234/320] Building C object zephyr/drivers/serial/CMakeFiles/drivers__serial.dir/uart_npcx.c.obj
[gwendolin:rw] [253/526] Building C object modules/ec/zephyr/CMakeFiles/ec_shim.dir/shim/src/random.c.obj
[brox-ish-ec:ro] [182/378] Linking C static library zephyr/arch/common/libarch__common.a
[npcx7:ro] [235/320] Building C object zephyr/drivers/sensor/nuvoton/nuvoton_tach_npcx/CMakeFiles/drivers__sensor__nuvoton__nuvoton_tach_npcx.dir/tach_nuvoton_npcx.c.obj
[npcx7:ro] [236/320] Linking C static library zephyr/drivers/serial/libdrivers__serial.a
[gwendolin:ro] [127/513] Building C object zephyr/arch/arch/arm/core/cortex_m/CMakeFiles/arch__arm__core__cortex_m.dir/irq_manage.c.obj
[npcx7:ro] [237/320] Linking C static library zephyr/drivers/sensor/nuvoton/nuvoton_tach_npcx/libdrivers__sensor__nuvoton__nuvoton_tach_npcx.a
[brox-ish-ec:ro] [183/378] Building C object zephyr/arch/arch/riscv/core/CMakeFiles/arch__riscv__core.dir/prep_c.c.obj
[gwendolin:rw] [254/526] Building C object modules/ec/zephyr/CMakeFiles/ec_shim.dir/shim/src/hwtimer.c.obj
[brox-ish-ec:ro] [184/378] Building C object zephyr/arch/arch/riscv/core/CMakeFiles/arch__riscv__core.dir/fatal.c.obj
[gwendolin:ro] [128/513] Building ASM object zephyr/arch/arch/arm/core/cortex_m/CMakeFiles/arch__arm__core__cortex_m.dir/swap_helper.S.obj
[gwendolin:rw] [255/526] Building C object modules/ec/zephyr/CMakeFiles/ec_shim.dir/shim/src/rtc.c.obj
[npcx7:ro] [238/320] Building C object zephyr/drivers/timer/CMakeFiles/drivers__timer.dir/npcx_itim_timer.c.obj
[npcx7:ro] [239/320] Linking C static library zephyr/drivers/timer/libdrivers__timer.a
[skyrim:ro] [79/417] Building C object CMakeFiles/app.dir/mnt/host/source/src/platform/ec/build/zephyr/skyrim/modules/ec/common/port80.c.obj
[npcx7:ro] [240/320] Building C object zephyr/drivers/watchdog/CMakeFiles/drivers__watchdog.dir/wdt_shell.c.obj
[brox-ish-ec:ro] [185/378] Building C object zephyr/arch/arch/riscv/core/CMakeFiles/arch__riscv__core.dir/irq_manage.c.obj
[npcx7:ro] [241/320] Building C object zephyr/drivers/watchdog/CMakeFiles/drivers__watchdog.dir/wdt_npcx.c.obj
[gwendolin:rw] [256/526] Building C object modules/ec/zephyr/CMakeFiles/ec_shim.dir/shim/src/watchdog.c.obj
[npcx7:ro] [242/320] Linking C static library zephyr/drivers/watchdog/libdrivers__watchdog.a
[gwendolin:rw] [257/526] Building C object modules/ec/zephyr/CMakeFiles/ec_shim.dir/shim/src/tasks.c.obj
[gwendolin:rw] [258/526] Building C object modules/ec/zephyr/CMakeFiles/ec_shim.dir/shim/src/sha256_hw.c.obj
[npcx7:ro] [243/320] Building C object modules/ec/zephyr/CMakeFiles/ec_shim.dir/app/ec/main_shim.c.obj
[gwendolin:rw] [259/526] Building C object modules/ec/third_party/boringssl/build/CMakeFiles/crypto.dir/crypto/asn1/a_bool.c.obj
[gwendolin:ro] [129/513] Building C object zephyr/arch/arch/arm/core/cortex_m/CMakeFiles/arch__arm__core__cortex_m.dir/prep_c.c.obj
[npcx7:ro] [244/320] Building C object modules/ec/zephyr/CMakeFiles/ec_shim.dir/app/ec/ec_app_main.c.obj
[brox-ish-ec:ro] [186/378] Building C object zephyr/arch/arch/riscv/core/CMakeFiles/arch__riscv__core.dir/reboot.c.obj
[gwendolin:rw] [260/526] Building C object modules/ec/third_party/boringssl/build/CMakeFiles/crypto.dir/crypto/asn1/a_d2i_fp.c.obj
[brox-ish-ec:ro] [187/378] Building ASM object zephyr/arch/arch/riscv/core/CMakeFiles/arch__riscv__core.dir/reset.S.obj
[gwendolin:rw] [261/526] Building C object modules/ec/third_party/boringssl/build/CMakeFiles/crypto.dir/crypto/asn1/a_gentm.c.obj
[gwendolin:rw] [262/526] Building C object modules/ec/third_party/boringssl/build/CMakeFiles/crypto.dir/crypto/asn1/a_dup.c.obj
[gwendolin:ro] [130/513] Building C object zephyr/arch/arch/arm/core/cortex_m/CMakeFiles/arch__arm__core__cortex_m.dir/thread.c.obj
[gwendolin:rw] [263/526] Building C object modules/ec/third_party/boringssl/build/CMakeFiles/crypto.dir/crypto/asn1/a_i2d_fp.c.obj
[gwendolin:rw] [264/526] Building C object modules/ec/zephyr/CMakeFiles/ec_shim.dir/shim/src/usbc_stub.c.obj
[brox-ish-ec:ro] [188/378] Building ASM object zephyr/arch/arch/riscv/core/CMakeFiles/arch__riscv__core.dir/switch.S.obj
[npcx7:ro] [245/320] Building C object modules/ec/zephyr/CMakeFiles/ec_shim.dir/drivers/cros_kb_raw/cros_kb_raw_npcx.c.obj
[gwendolin:rw] [265/526] Building C object modules/ec/third_party/boringssl/build/CMakeFiles/crypto.dir/crypto/asn1/a_bitstr.c.obj
[gwendolin:rw] [266/526] Building C object modules/ec/third_party/boringssl/build/CMakeFiles/crypto.dir/crypto/asn1/a_mbstr.c.obj
[gwendolin:rw] [267/526] Linking C static library modules/ec/zephyr/libec_shim.a
[npcx7:ro] [246/320] Building C object modules/ec/zephyr/CMakeFiles/ec_shim.dir/drivers/cros_kblight/pwm_kblight.c.obj
[npcx7:ro] [247/320] Building C object modules/ec/zephyr/CMakeFiles/ec_shim.dir/drivers/cros_rtc/cros_rtc_npcx.c.obj
[npcx7:ro] [248/320] Building C object modules/ec/zephyr/CMakeFiles/ec_shim.dir/drivers/cros_flash/cros_flash_npcx.c.obj
[brox-ish-ec:ro] [189/378] Building C object zephyr/arch/arch/riscv/core/CMakeFiles/arch__riscv__core.dir/thread.c.obj
[gwendolin:rw] [268/526] Building C object modules/ec/third_party/boringssl/build/CMakeFiles/crypto.dir/crypto/asn1/a_octet.c.obj
[skyrim:ro] [80/417] Building C object CMakeFiles/app.dir/mnt/host/source/src/platform/ec/build/zephyr/skyrim/modules/ec/common/power_button.c.obj
[gwendolin:ro] [131/513] Building C object zephyr/arch/arch/arm/core/cortex_m/CMakeFiles/arch__arm__core__cortex_m.dir/cpu_idle.c.obj
[brox-ish-ec:ro] [190/378] Generating ../../../include/generated/libc/minimal/strerror_table.h
[brox-ish-ec:ro] [191/378] Building ASM object zephyr/arch/arch/riscv/core/CMakeFiles/arch__riscv__core.dir/isr.S.obj
[npcx7:ro] [249/320] Building C object modules/ec/zephyr/CMakeFiles/ec_shim.dir/drivers/cros_system/cros_system_npcx.c.obj
[gwendolin:rw] [269/526] Building C object modules/ec/third_party/boringssl/build/CMakeFiles/crypto.dir/crypto/asn1/a_time.c.obj
[gwendolin:ro] [132/513] Building C object zephyr/arch/arch/arm/core/cortex_m/CMakeFiles/arch__arm__core__cortex_m.dir/irq_init.c.obj
[brox-ish-ec:ro] [192/378] Building C object zephyr/lib/libc/minimal/CMakeFiles/lib__libc__minimal.dir/source/stdlib/atoi.c.obj
[gwendolin:rw] [270/526] Building C object modules/ec/third_party/boringssl/build/CMakeFiles/crypto.dir/crypto/asn1/a_int.c.obj
[brox-ish-ec:ro] [193/378] Building C object zephyr/arch/arch/riscv/core/CMakeFiles/arch__riscv__core.dir/stacktrace.c.obj
[brox-ish-ec:ro] [194/378] Building C object zephyr/lib/libc/minimal/CMakeFiles/lib__libc__minimal.dir/source/stdlib/strtol.c.obj
[gwendolin:rw] [271/526] Building C object modules/ec/third_party/boringssl/build/CMakeFiles/crypto.dir/crypto/asn1/a_strex.c.obj
[gwendolin:rw] [272/526] Building C object modules/ec/third_party/boringssl/build/CMakeFiles/crypto.dir/crypto/asn1/a_type.c.obj
[brox-ish-ec:ro] [195/378] Linking C static library zephyr/arch/arch/riscv/core/libarch__riscv__core.a
[brox-ish-ec:ro] [196/378] Building C object zephyr/lib/libc/minimal/CMakeFiles/lib__libc__minimal.dir/source/stdlib/strtoul.c.obj
[npcx7:ro] [250/320] Building C object modules/ec/zephyr/CMakeFiles/ec_shim.dir/drivers/vivaldi_kbd/vivaldi_kbd.c.obj
[gwendolin:rw] [273/526] Building C object modules/ec/third_party/boringssl/build/CMakeFiles/crypto.dir/crypto/asn1/a_utctm.c.obj
[gwendolin:rw] [274/526] Building C object modules/ec/third_party/boringssl/build/CMakeFiles/crypto.dir/crypto/asn1/a_object.c.obj
[brox-ish-ec:ro] [197/378] Building C object zephyr/lib/libc/minimal/CMakeFiles/lib__libc__minimal.dir/source/stdlib/strtoll.c.obj
[gwendolin:rw] [275/526] Building C object modules/ec/third_party/boringssl/build/CMakeFiles/crypto.dir/crypto/asn1/a_strnid.c.obj
[npcx7:ro] [251/320] Building C object modules/ec/zephyr/CMakeFiles/ec_shim.dir/shim/chip/npcx/gpio.c.obj
[npcx7:ro] [252/320] Building C object modules/ec/zephyr/CMakeFiles/ec_shim.dir/shim/chip/npcx/clock.c.obj
[npcx7:ro] [253/320] Building C object modules/ec/zephyr/CMakeFiles/ec_shim.dir/shim/chip/npcx/rom_chip.c.obj
[brox-ish-ec:ro] [198/378] Building C object zephyr/lib/libc/minimal/CMakeFiles/lib__libc__minimal.dir/source/stdlib/bsearch.c.obj
[brox-ish-ec:ro] [199/378] Building C object zephyr/lib/libc/minimal/CMakeFiles/lib__libc__minimal.dir/source/stdlib/strtoull.c.obj
[gwendolin:rw] [276/526] Building C object modules/ec/third_party/boringssl/build/CMakeFiles/crypto.dir/crypto/asn1/asn1_par.c.obj
[gwendolin:ro] [133/513] Building C object zephyr/arch/arch/arm/core/cortex_m/CMakeFiles/arch__arm__core__cortex_m.dir/isr_wrapper.c.obj
[npcx7:ro] [254/320] Building C object modules/ec/zephyr/CMakeFiles/ec_shim.dir/shim/chip/npcx/keyboard_raw.c.obj
[gwendolin:rw] [277/526] Building C object modules/ec/third_party/boringssl/build/CMakeFiles/crypto.dir/crypto/asn1/f_int.c.obj
[gwendolin:ro] [134/513] Building C object zephyr/arch/arch/arm/core/cortex_m/CMakeFiles/arch__arm__core__cortex_m.dir/debug.c.obj
[gwendolin:rw] [278/526] Building C object modules/ec/third_party/boringssl/build/CMakeFiles/crypto.dir/crypto/asn1/asn_pack.c.obj
[gwendolin:ro] [135/513] Linking C static library zephyr/arch/arch/arm/core/cortex_m/libarch__arm__core__cortex_m.a
[gwendolin:rw] [279/526] Building C object modules/ec/third_party/boringssl/build/CMakeFiles/crypto.dir/crypto/asn1/f_string.c.obj
[skyrim:ro] [81/417] Building C object CMakeFiles/app.dir/mnt/host/source/src/platform/ec/build/zephyr/skyrim/modules/ec/power/common.c.obj
[brox-ish-ec:ro] [200/378] Building C object zephyr/lib/libc/minimal/CMakeFiles/lib__libc__minimal.dir/source/stdlib/qsort.c.obj
[brox-ish-ec:ro] [201/378] Building C object zephyr/lib/libc/minimal/CMakeFiles/lib__libc__minimal.dir/source/string/strerror.c.obj
[gwendolin:rw] [280/526] Building C object modules/ec/third_party/boringssl/build/CMakeFiles/crypto.dir/crypto/asn1/posix_time.c.obj
[gwendolin:rw] [281/526] Building C object modules/ec/third_party/boringssl/build/CMakeFiles/crypto.dir/crypto/asn1/tasn_fre.c.obj
[brox-ish-ec:ro] [202/378] Building C object zephyr/lib/libc/minimal/CMakeFiles/lib__libc__minimal.dir/source/stdlib/exit.c.obj
[brox-ish-ec:ro] [203/378] Building C object zephyr/lib/libc/minimal/CMakeFiles/lib__libc__minimal.dir/source/string/strstr.c.obj
[brox-ish-ec:ro] [204/378] Building C object zephyr/lib/libc/minimal/CMakeFiles/lib__libc__minimal.dir/source/string/strncasecmp.c.obj
[npcx7:ro] [255/320] Building C object modules/ec/zephyr/CMakeFiles/ec_shim.dir/shim/chip/npcx/system.c.obj
[gwendolin:rw] [282/526] Building C object modules/ec/third_party/boringssl/build/CMakeFiles/crypto.dir/crypto/asn1/asn1_lib.c.obj
[brox-ish-ec:ro] [205/378] Building C object zephyr/lib/libc/minimal/CMakeFiles/lib__libc__minimal.dir/source/string/strspn.c.obj
[brox-ish-ec:ro] [206/378] Building C object zephyr/lib/libc/minimal/CMakeFiles/lib__libc__minimal.dir/source/string/string.c.obj
[npcx7:ro] [256/320] Building C object modules/ec/zephyr/CMakeFiles/ec_shim.dir/shim/chip/npcx/power_policy.c.obj
[gwendolin:rw] [283/526] Building C object modules/ec/third_party/boringssl/build/CMakeFiles/crypto.dir/crypto/asn1/tasn_typ.c.obj
[npcx7:ro] [257/320] Building C object modules/ec/zephyr/CMakeFiles/ec_shim.dir/shim/core/cortex-m/irq_command.c.obj
[gwendolin:ro] [136/513] Building C object zephyr/arch/arch/arm/core/mpu/CMakeFiles/arch__arm__core__mpu.dir/arm_core_mpu.c.obj
[npcx7:ro] [258/320] Building C object modules/ec/zephyr/CMakeFiles/ec_shim.dir/shim/core/cortex-m/mpu.c.obj
[npcx7:ro] [259/320] Building C object modules/ec/zephyr/CMakeFiles/ec_shim.dir/shim/chip/npcx/system_external_storage.c.obj
[npcx7:ro] [260/320] Building C object modules/ec/zephyr/CMakeFiles/ec_shim.dir/shim/src/crc.c.obj
[gwendolin:rw] [284/526] Building C object modules/ec/third_party/boringssl/build/CMakeFiles/crypto.dir/crypto/asn1/tasn_dec.c.obj
[gwendolin:rw] [285/526] Building C object modules/ec/third_party/boringssl/build/CMakeFiles/crypto.dir/crypto/asn1/tasn_enc.c.obj
[brox-ish-ec:ro] [207/378] Building C object zephyr/lib/libc/minimal/CMakeFiles/lib__libc__minimal.dir/source/stdout/stdout_console.c.obj
[gwendolin:ro] [137/513] Building C object zephyr/arch/arch/arm/core/mpu/CMakeFiles/arch__arm__core__mpu.dir/arm_mpu.c.obj
[npcx7:ro] [261/320] Building C object modules/ec/zephyr/CMakeFiles/ec_shim.dir/shim/core/cortex-m/panic.c.obj
[gwendolin:rw] [286/526] Building C object modules/ec/third_party/boringssl/build/CMakeFiles/crypto.dir/crypto/asn1/tasn_new.c.obj
[brox-ish-ec:ro] [208/378] Building C object zephyr/lib/libc/minimal/CMakeFiles/lib__libc__minimal.dir/source/stdout/sprintf.c.obj
[gwendolin:rw] [287/526] Building C object modules/ec/third_party/boringssl/build/CMakeFiles/crypto.dir/crypto/asn1/tasn_utl.c.obj
[brox-ish-ec:ro] [209/378] Building C object zephyr/lib/libc/minimal/CMakeFiles/lib__libc__minimal.dir/source/stdout/fprintf.c.obj
[skyrim:ro] [82/417] Building C object CMakeFiles/app.dir/mnt/host/source/src/platform/ec/build/zephyr/skyrim/modules/ec/power/amd_x86.c.obj
[brox-ish-ec:ro] [210/378] Building C object zephyr/lib/libc/minimal/CMakeFiles/lib__libc__minimal.dir/source/math/sqrtf.c.obj
[npcx7:ro] [262/320] Building C object modules/ec/zephyr/CMakeFiles/ec_shim.dir/shim/src/console.c.obj
[gwendolin:ro] [138/513] Building C object zephyr/arch/arch/arm/core/mpu/CMakeFiles/arch__arm__core__mpu.dir/arm_mpu_regions.c.obj
[gwendolin:rw] [288/526] Building C object modules/ec/third_party/boringssl/build/CMakeFiles/crypto.dir/crypto/bio/connect.c.obj
[gwendolin:ro] [139/513] Linking C static library zephyr/arch/arch/arm/core/mpu/libarch__arm__core__mpu.a
[gwendolin:rw] [289/526] Building C object modules/ec/third_party/boringssl/build/CMakeFiles/crypto.dir/crypto/bio/errno.c.obj
[gwendolin:rw] [290/526] Building C object modules/ec/third_party/boringssl/build/CMakeFiles/crypto.dir/crypto/base64/base64.c.obj
[npcx7:ro] [263/320] Building C object modules/ec/zephyr/CMakeFiles/ec_shim.dir/shim/src/panic_utils.c.obj
[brox-ish-ec:ro] [211/378] Building C object zephyr/lib/libc/minimal/CMakeFiles/lib__libc__minimal.dir/source/math/sqrt.c.obj
[npcx7:ro] [264/320] Building C object modules/ec/zephyr/CMakeFiles/ec_shim.dir/shim/src/gpio_int.c.obj
[npcx7:ro] [265/320] Building C object modules/ec/zephyr/CMakeFiles/ec_shim.dir/shim/src/gpio.c.obj
[npcx7:ro] [266/320] Building ASM object modules/ec/zephyr/CMakeFiles/ec_shim.dir/shim/src/libgcc_arm.S.obj
[gwendolin:rw] [291/526] Building C object modules/ec/third_party/boringssl/build/CMakeFiles/crypto.dir/crypto/bio/fd.c.obj
[gwendolin:rw] [292/526] Building C object modules/ec/third_party/boringssl/build/CMakeFiles/crypto.dir/crypto/bio/bio.c.obj
[gwendolin:rw] [293/526] Building C object modules/ec/third_party/boringssl/build/CMakeFiles/crypto.dir/crypto/bio/bio_mem.c.obj
[npcx7:ro] [267/320] Building C object modules/ec/zephyr/CMakeFiles/ec_shim.dir/shim/src/pm_state.c.obj
[brox-ish-ec:ro] [212/378] Building C object zephyr/lib/libc/minimal/CMakeFiles/lib__libc__minimal.dir/source/time/gmtime.c.obj
[brox-ish-ec:ro] [213/378] Building C object zephyr/lib/libc/common/CMakeFiles/lib__libc__common.dir/source/time/asctime.c.obj
[brox-ish-ec:ro] [214/378] Building C object zephyr/lib/libc/common/CMakeFiles/lib__libc__common.dir/source/stdlib/abort.c.obj
[gwendolin:rw] [294/526] Building C object modules/ec/third_party/boringssl/build/CMakeFiles/crypto.dir/crypto/bio/printf.c.obj
[gwendolin:ro] [140/513] Building C object zephyr/lib/libc/newlib/CMakeFiles/lib__libc__newlib.dir/libc-hooks.c.obj
[gwendolin:ro] [141/513] Linking C static library zephyr/lib/libc/newlib/liblib__libc__newlib.a
[gwendolin:rw] [295/526] Building C object modules/ec/third_party/boringssl/build/CMakeFiles/crypto.dir/crypto/bio/socket.c.obj
[brox-ish-ec:ro] [215/378] Linking C static library zephyr/lib/libc/minimal/liblib__libc__minimal.a
[gwendolin:ro] [142/513] Building C object zephyr/lib/libc/common/CMakeFiles/lib__libc__common.dir/source/stdlib/abort.c.obj
[npcx7:ro] [268/320] Building C object modules/ec/zephyr/CMakeFiles/ec_shim.dir/shim/src/cbi/cros_cbi.c.obj
[gwendolin:rw] [296/526] Building C object modules/ec/third_party/boringssl/build/CMakeFiles/crypto.dir/crypto/bio/file.c.obj
[brox-ish-ec:ro] [216/378] Building C object zephyr/lib/libc/common/CMakeFiles/lib__libc__common.dir/source/time/gmtime_r.c.obj
[brox-ish-ec:ro] [217/378] Building C object zephyr/lib/libc/common/CMakeFiles/lib__libc__common.dir/source/time/ctime.c.obj
[npcx7:ro] [269/320] Building C object modules/ec/zephyr/CMakeFiles/ec_shim.dir/shim/src/system.c.obj
[gwendolin:rw] [297/526] Building C object modules/ec/third_party/boringssl/build/CMakeFiles/crypto.dir/crypto/bio/hexdump.c.obj
[gwendolin:rw] [298/526] Building C object modules/ec/third_party/boringssl/build/CMakeFiles/crypto.dir/crypto/bio/socket_helper.c.obj
[brox-ish-ec:ro] [218/378] Building C object zephyr/lib/libc/common/CMakeFiles/lib__libc__common.dir/source/time/localtime_r_utc.c.obj
[gwendolin:ro] [143/513] Building C object zephyr/lib/posix/c_lib_ext/CMakeFiles/lib__posix__c_lib_ext.dir/fnmatch.c.obj
[skyrim:ro] [83/417] Building C object CMakeFiles/app.dir/mnt/host/source/src/platform/ec/build/zephyr/skyrim/modules/ec/power/host_sleep.c.obj
[gwendolin:ro] [144/513] Building C object zephyr/lib/libc/common/CMakeFiles/lib__libc__common.dir/source/time/time.c.obj
[gwendolin:ro] [145/513] Linking C static library zephyr/lib/libc/common/liblib__libc__common.a
[npcx7:ro] [270/320] Building C object modules/ec/zephyr/CMakeFiles/ec_shim.dir/shim/src/adc.c.obj
[gwendolin:rw] [299/526] Building C object modules/ec/third_party/boringssl/build/CMakeFiles/crypto.dir/crypto/bn_extra/bn_asn1.c.obj
[gwendolin:rw] [300/526] Building C object modules/ec/third_party/boringssl/build/CMakeFiles/crypto.dir/crypto/bio/pair.c.obj
[brox-ish-ec:ro] [219/378] Building C object zephyr/lib/libc/common/CMakeFiles/lib__libc__common.dir/source/string/strnlen.c.obj
[brox-ish-ec:ro] [220/378] Building C object zephyr/lib/libc/common/CMakeFiles/lib__libc__common.dir/source/time/time.c.obj
[npcx7:ro] [271/320] Building C object modules/ec/zephyr/CMakeFiles/ec_shim.dir/shim/src/espi.c.obj
[gwendolin:rw] [301/526] Building C object modules/ec/third_party/boringssl/build/CMakeFiles/crypto.dir/crypto/bytestring/ber.c.obj
[gwendolin:rw] [302/526] Building C object modules/ec/third_party/boringssl/build/CMakeFiles/crypto.dir/crypto/blake2/blake2.c.obj
[brox-ish-ec:ro] [221/378] Building C object zephyr/lib/posix/c_lib_ext/CMakeFiles/lib__posix__c_lib_ext.dir/fnmatch.c.obj
[brox-ish-ec:ro] [222/378] Building C object zephyr/lib/libc/common/CMakeFiles/lib__libc__common.dir/source/stdlib/malloc.c.obj
[npcx7:ro] [272/320] Building C object modules/ec/zephyr/CMakeFiles/ec_shim.dir/shim/src/fan.c.obj
[brox-ish-ec:ro] [223/378] Linking C static library zephyr/lib/libc/common/liblib__libc__common.a
[npcx7:ro] [273/320] Building C object modules/ec/zephyr/CMakeFiles/ec_shim.dir/shim/src/flash.c.obj
[gwendolin:rw] [303/526] Building C object modules/ec/third_party/boringssl/build/CMakeFiles/crypto.dir/crypto/bn_extra/convert.c.obj
[npcx7:ro] [274/320] Building C object modules/ec/zephyr/CMakeFiles/ec_shim.dir/shim/src/hooks.c.obj
[gwendolin:ro] [146/513] Building C object zephyr/lib/posix/c_lib_ext/CMakeFiles/lib__posix__c_lib_ext.dir/getentropy.c.obj
[brox-ish-ec:ro] [224/378] Building C object zephyr/lib/posix/c_lib_ext/CMakeFiles/lib__posix__c_lib_ext.dir/getentropy.c.obj
[gwendolin:rw] [304/526] Building C object modules/ec/third_party/boringssl/build/CMakeFiles/crypto.dir/crypto/buf/buf.c.obj
[npcx7:ro] [275/320] Building C object modules/ec/zephyr/CMakeFiles/ec_shim.dir/shim/src/host_command.c.obj
[gwendolin:rw] [305/526] Building C object modules/ec/third_party/boringssl/build/CMakeFiles/crypto.dir/crypto/bytestring/unicode.c.obj
[gwendolin:ro] [147/513] Building C object zephyr/lib/posix/c_lib_ext/CMakeFiles/lib__posix__c_lib_ext.dir/getopt_shim.c.obj
[brox-ish-ec:ro] [225/378] Building C object zephyr/subsys/crc/CMakeFiles/subsys__crc.dir/crc4_sw.c.obj
[npcx7:ro] [276/320] Building C object modules/ec/zephyr/CMakeFiles/ec_shim.dir/shim/src/console_buffer.c.obj
[gwendolin:ro] [148/513] Linking C static library zephyr/lib/posix/c_lib_ext/liblib__posix__c_lib_ext.a
[gwendolin:rw] [306/526] Building C object modules/ec/third_party/boringssl/build/CMakeFiles/crypto.dir/crypto/bytestring/asn1_compat.c.obj
[brox-ish-ec:ro] [226/378] Building C object zephyr/lib/posix/c_lib_ext/CMakeFiles/lib__posix__c_lib_ext.dir/getopt_shim.c.obj
[skyrim:ro] [84/417] Building C object CMakeFiles/app.dir/mnt/host/source/src/platform/ec/build/zephyr/skyrim/modules/ec/common/panic_output.c.obj
[brox-ish-ec:ro] [227/378] Linking C static library zephyr/lib/posix/c_lib_ext/liblib__posix__c_lib_ext.a
[brox-ish-ec:ro] [228/378] Building C object zephyr/subsys/crc/CMakeFiles/subsys__crc.dir/crc8_sw.c.obj
[gwendolin:rw] [307/526] Building C object modules/ec/third_party/boringssl/build/CMakeFiles/crypto.dir/crypto/bytestring/cbb.c.obj
[gwendolin:rw] [308/526] Building C object modules/ec/third_party/boringssl/build/CMakeFiles/crypto.dir/crypto/cipher_extra/derive_key.c.obj
[brox-ish-ec:ro] [229/378] Building C object zephyr/subsys/crc/CMakeFiles/subsys__crc.dir/crc7_sw.c.obj
[npcx7:ro] [277/320] Building C object modules/ec/zephyr/CMakeFiles/ec_shim.dir/shim/src/keyboard_raw.c.obj
[gwendolin:rw] [309/526] Building C object modules/ec/third_party/boringssl/build/CMakeFiles/crypto.dir/crypto/bytestring/cbs.c.obj
[npcx7:ro] [278/320] Building C object modules/ec/zephyr/CMakeFiles/ec_shim.dir/shim/src/keyscan.c.obj
[brox-ish-ec:ro] [230/378] Building C object zephyr/subsys/crc/CMakeFiles/subsys__crc.dir/crc16_sw.c.obj
[gwendolin:ro] [149/513] Building C object zephyr/lib/posix/options/CMakeFiles/lib__posix__options.dir/clock.c.obj
[brox-ish-ec:ro] [231/378] Building C object zephyr/lib/smf/CMakeFiles/lib__smf.dir/smf.c.obj
[npcx7:ro] [279/320] Building C object modules/ec/zephyr/CMakeFiles/ec_shim.dir/shim/src/panic.c.obj
[brox-ish-ec:ro] [232/378] Linking C static library zephyr/lib/smf/liblib__smf.a
[brox-ish-ec:ro] [233/378] Building C object zephyr/subsys/crc/CMakeFiles/subsys__crc.dir/crc32c_sw.c.obj
[brox-ish-ec:ro] [234/378] Building C object zephyr/subsys/crc/CMakeFiles/subsys__crc.dir/crc24_sw.c.obj
[npcx7:ro] [280/320] Building C object modules/ec/zephyr/CMakeFiles/ec_shim.dir/shim/src/pwm_hc.c.obj
[npcx7:ro] [281/320] Building C object modules/ec/zephyr/CMakeFiles/ec_shim.dir/shim/src/rtc.c.obj
[brox-ish-ec:ro] [235/378] Building C object zephyr/subsys/crc/CMakeFiles/subsys__crc.dir/crc32k_4_2_sw.c.obj
[gwendolin:rw] [310/526] Building C object modules/ec/third_party/boringssl/build/CMakeFiles/crypto.dir/crypto/cipher_extra/cipher_extra.c.obj
[brox-ish-ec:ro] [236/378] Building C object zephyr/subsys/crc/CMakeFiles/subsys__crc.dir/crc32_sw.c.obj
[gwendolin:rw] [311/526] Building C object modules/ec/third_party/boringssl/build/CMakeFiles/crypto.dir/crypto/chacha/chacha.c.obj
[brox-ish-ec:ro] [237/378] Linking C static library zephyr/subsys/crc/libsubsys__crc.a
[gwendolin:ro] [150/513] Building C object zephyr/lib/posix/options/CMakeFiles/lib__posix__options.dir/timer.c.obj
[skyrim:ro] [85/417] Building C object CMakeFiles/app.dir/mnt/host/source/src/platform/ec/build/zephyr/skyrim/modules/ec/common/sha256.c.obj
[gwendolin:rw] [312/526] Building C object modules/ec/third_party/boringssl/build/CMakeFiles/crypto.dir/crypto/cipher_extra/e_aesctrhmac.c.obj
[npcx7:ro] [282/320] Building C object modules/ec/zephyr/CMakeFiles/ec_shim.dir/shim/src/hwtimer.c.obj
[brox-ish-ec:ro] [238/378] Building C object zephyr/subsys/input/CMakeFiles/subsys__input.dir/input_hid.c.obj
[npcx7:ro] [283/320] Building C object modules/ec/zephyr/CMakeFiles/ec_shim.dir/shim/src/i2c.c.obj
[gwendolin:rw] [313/526] Building C object modules/ec/third_party/boringssl/build/CMakeFiles/crypto.dir/crypto/cipher_extra/e_chacha20poly1305.c.obj
[gwendolin:rw] [314/526] Building C object modules/ec/third_party/boringssl/build/CMakeFiles/crypto.dir/crypto/cipher_extra/e_aesgcmsiv.c.obj
[brox-ish-ec:ro] [239/378] Building C object zephyr/subsys/input/CMakeFiles/subsys__input.dir/input.c.obj
[npcx7:ro] [284/320] Building C object modules/ec/zephyr/CMakeFiles/ec_shim.dir/shim/src/tasks.c.obj
[npcx7:ro] [285/320] Building C object modules/ec/zephyr/CMakeFiles/ec_shim.dir/shim/src/usbc_stub.c.obj
[npcx7:ro] [286/320] Building C object modules/ec/zephyr/CMakeFiles/ec_shim.dir/shim/src/watchdog.c.obj
[brox-ish-ec:ro] [240/378] Building C object zephyr/subsys/input/CMakeFiles/subsys__input.dir/input_utils.c.obj
[gwendolin:rw] [315/526] Building C object modules/ec/third_party/boringssl/build/CMakeFiles/crypto.dir/crypto/cipher_extra/e_null.c.obj
[gwendolin:rw] [316/526] Building C object modules/ec/third_party/boringssl/build/CMakeFiles/crypto.dir/crypto/cipher_extra/e_des.c.obj
[brox-ish-ec:ro] [241/378] Linking C static library zephyr/subsys/input/libsubsys__input.a
[npcx7:ro] [287/320] Building C object zephyr/kernel/CMakeFiles/kernel.dir/main_weak.c.obj
[gwendolin:ro] [151/513] Building C object zephyr/lib/posix/options/CMakeFiles/lib__posix__options.dir/timespec_to_timeout.c.obj
[gwendolin:ro] [152/513] Building C object zephyr/lib/posix/options/CMakeFiles/lib__posix__options.dir/cond.c.obj
[gwendolin:ro] [153/513] Building C object zephyr/lib/posix/options/CMakeFiles/lib__posix__options.dir/rwlock.c.obj
[npcx7:ro] [288/320] Building C object zephyr/kernel/CMakeFiles/kernel.dir/banner.c.obj
[npcx7:ro] [289/320] Linking C static library modules/ec/zephyr/libec_shim.a
[brox-ish-ec:ro] [242/378] Building C object zephyr/drivers/interrupt_controller/CMakeFiles/drivers__interrupt_controller.dir/intc_ite_it8xxx2_v2.c.obj
[brox-ish-ec:ro] [243/378] Building C object zephyr/drivers/interrupt_controller/CMakeFiles/drivers__interrupt_controller.dir/wuc_ite_it8xxx2.c.obj
[npcx7:ro] [290/320] Building C object zephyr/kernel/CMakeFiles/kernel.dir/device.c.obj
[gwendolin:rw] [317/526] Building C object modules/ec/third_party/boringssl/build/CMakeFiles/crypto.dir/crypto/cipher_extra/e_rc2.c.obj
[skyrim:ro] [86/417] Building C object CMakeFiles/app.dir/mnt/host/source/src/platform/ec/build/zephyr/skyrim/modules/ec/common/shared_mem.c.obj
[npcx7:ro] [291/320] Building C object zephyr/kernel/CMakeFiles/kernel.dir/busy_wait.c.obj
[gwendolin:rw] [318/526] Building C object modules/ec/third_party/boringssl/build/CMakeFiles/crypto.dir/crypto/cipher_extra/e_rc4.c.obj
[brox-ish-ec:ro] [244/378] Linking C static library zephyr/drivers/interrupt_controller/libdrivers__interrupt_controller.a
[gwendolin:rw] [319/526] Building C object modules/ec/third_party/boringssl/build/CMakeFiles/crypto.dir/crypto/cipher_extra/e_tls.c.obj
[brox-ish-ec:ro] [245/378] Building C object zephyr/drivers/adc/CMakeFiles/drivers__adc.dir/adc_common.c.obj
[npcx7:ro] [292/320] Building C object zephyr/kernel/CMakeFiles/kernel.dir/errno.c.obj
[gwendolin:rw] [320/526] Building C object modules/ec/third_party/boringssl/build/CMakeFiles/crypto.dir/crypto/cipher_extra/tls_cbc.c.obj
[gwendolin:ro] [154/513] Building C object zephyr/lib/posix/options/CMakeFiles/lib__posix__options.dir/grp.c.obj
[gwendolin:ro] [155/513] Building C object zephyr/lib/posix/options/CMakeFiles/lib__posix__options.dir/key.c.obj
[npcx7:ro] [293/320] Building C object zephyr/kernel/CMakeFiles/kernel.dir/init.c.obj
[npcx7:ro] [294/320] Building C object zephyr/kernel/CMakeFiles/kernel.dir/fatal.c.obj
[npcx7:ro] [295/320] Building C object zephyr/kernel/CMakeFiles/kernel.dir/kheap.c.obj
[gwendolin:rw] [321/526] Building C object modules/ec/third_party/boringssl/build/CMakeFiles/crypto.dir/crypto/conf/conf.c.obj
[gwendolin:rw] [322/526] Building C object modules/ec/third_party/boringssl/build/CMakeFiles/crypto.dir/crypto/cpu_aarch64_openbsd.c.obj
[npcx7:ro] [296/320] Building C object zephyr/kernel/CMakeFiles/kernel.dir/version.c.obj
[npcx7:ro] [297/320] Building C object zephyr/kernel/CMakeFiles/kernel.dir/mem_slab.c.obj
[brox-ish-ec:ro] [246/378] Building C object zephyr/drivers/bbram/CMakeFiles/drivers__bbram.dir/bbram_it8xxx2.c.obj
[gwendolin:rw] [323/526] Building C object modules/ec/third_party/boringssl/build/CMakeFiles/crypto.dir/crypto/cpu_aarch64_apple.c.obj
[brox-ish-ec:ro] [247/378] Building C object zephyr/drivers/adc/CMakeFiles/drivers__adc.dir/adc_ite_it8xxx2.c.obj
[brox-ish-ec:ro] [248/378] Linking C static library zephyr/drivers/bbram/libdrivers__bbram.a
[brox-ish-ec:ro] [249/378] Linking C static library zephyr/drivers/adc/libdrivers__adc.a
[gwendolin:rw] [324/526] Building C object modules/ec/third_party/boringssl/build/CMakeFiles/crypto.dir/crypto/cpu_aarch64_fuchsia.c.obj
[brox-ish-ec:ro] [250/378] Building C object zephyr/drivers/console/CMakeFiles/drivers__console.dir/uart_console.c.obj
[gwendolin:rw] [325/526] Building C object modules/ec/third_party/boringssl/build/CMakeFiles/crypto.dir/crypto/cpu_aarch64_linux.c.obj
[npcx7:ro] [298/320] Building C object zephyr/kernel/CMakeFiles/kernel.dir/float.c.obj
[brox-ish-ec:ro] [251/378] Linking C static library zephyr/drivers/console/libdrivers__console.a
[gwendolin:rw] [326/526] Building C object modules/ec/third_party/boringssl/build/CMakeFiles/crypto.dir/crypto/cpu_intel.c.obj
[skyrim:ro] [87/417] Building C object CMakeFiles/app.dir/mnt/host/source/src/platform/ec/build/zephyr/skyrim/modules/ec/common/switch.c.obj
[npcx7:ro] [299/320] Building C object zephyr/kernel/CMakeFiles/kernel.dir/mailbox.c.obj
[npcx7:ro] [300/320] Building C object zephyr/kernel/CMakeFiles/kernel.dir/msg_q.c.obj
[npcx7:ro] [301/320] Building C object zephyr/kernel/CMakeFiles/kernel.dir/idle.c.obj
[npcx7:ro] [302/320] Building C object zephyr/kernel/CMakeFiles/kernel.dir/mutex.c.obj
[gwendolin:rw] [327/526] Building C object modules/ec/third_party/boringssl/build/CMakeFiles/crypto.dir/crypto/cpu_aarch64_sysreg.c.obj
[gwendolin:rw] [328/526] Building C object modules/ec/third_party/boringssl/build/CMakeFiles/crypto.dir/crypto/cpu_aarch64_win.c.obj
[gwendolin:ro] [156/513] Building C object zephyr/lib/posix/options/CMakeFiles/lib__posix__options.dir/pthread.c.obj
[gwendolin:ro] [157/513] Building C object zephyr/lib/posix/options/CMakeFiles/lib__posix__options.dir/mutex.c.obj
[gwendolin:rw] [329/526] Building C object modules/ec/third_party/boringssl/build/CMakeFiles/crypto.dir/crypto/cpu_arm_freebsd.c.obj
[brox-ish-ec:ro] [252/378] Building C object zephyr/drivers/eeprom/CMakeFiles/drivers__eeprom.dir/eeprom_shell.c.obj
[brox-ish-ec:ro] [253/378] Building C object zephyr/drivers/crypto/CMakeFiles/drivers__crypto.dir/crypto_it8xxx2_sha_v2.c.obj
[brox-ish-ec:ro] [254/378] Linking C static library zephyr/drivers/eeprom/libdrivers__eeprom.a
[npcx7:ro] [303/320] Building C object zephyr/kernel/CMakeFiles/kernel.dir/queue.c.obj
[brox-ish-ec:ro] [255/378] Linking C static library zephyr/drivers/crypto/libdrivers__crypto.a
[gwendolin:rw] [330/526] Building C object modules/ec/third_party/boringssl/build/CMakeFiles/crypto.dir/crypto/cpu_arm_linux.c.obj
[npcx7:ro] [304/320] Building C object zephyr/kernel/CMakeFiles/kernel.dir/system_work_q.c.obj
[gwendolin:rw] [331/526] Building C object modules/ec/third_party/boringssl/build/CMakeFiles/crypto.dir/crypto/crypto.c.obj
[npcx7:ro] [305/320] Building C object zephyr/kernel/CMakeFiles/kernel.dir/sem.c.obj
[npcx7:ro] [306/320] Building C object zephyr/kernel/CMakeFiles/kernel.dir/stack.c.obj
[skyrim:ro] [88/417] Building C object CMakeFiles/app.dir/mnt/host/source/src/platform/ec/build/zephyr/skyrim/modules/ec/common/spi_flash_reg.c.obj
[npcx7:ro] [307/320] Building C object zephyr/kernel/CMakeFiles/kernel.dir/work.c.obj
[gwendolin:rw] [332/526] Building C object modules/ec/third_party/boringssl/build/CMakeFiles/crypto.dir/crypto/curve25519/curve25519_64_adx.c.obj
[gwendolin:ro] [158/513] Building C object zephyr/lib/posix/options/CMakeFiles/lib__posix__options.dir/pwd.c.obj
[brox-ish-ec:ro] [256/378] Building C object zephyr/drivers/espi/CMakeFiles/drivers__espi.dir/espi_it8xxx2.c.obj
[gwendolin:ro] [159/513] Building C object zephyr/subsys/mgmt/ec_host_cmd/CMakeFiles/subsys__mgmt__ec_host_cmd.dir/ec_host_cmd_handler.c.obj
[gwendolin:ro] [160/513] Linking C static library zephyr/lib/posix/options/liblib__posix__options.a
[gwendolin:ro] [161/513] Linking C static library zephyr/subsys/mgmt/ec_host_cmd/libsubsys__mgmt__ec_host_cmd.a
[brox-ish-ec:ro] [257/378] Linking C static library zephyr/drivers/espi/libdrivers__espi.a
[gwendolin:rw] [333/526] Building C object modules/ec/third_party/boringssl/build/CMakeFiles/crypto.dir/crypto/curve25519/curve25519.c.obj
[gwendolin:rw] [334/526] Building C object modules/ec/third_party/boringssl/build/CMakeFiles/crypto.dir/crypto/curve25519/spake25519.c.obj
[npcx7:ro] [308/320] Building C object zephyr/kernel/CMakeFiles/kernel.dir/condvar.c.obj
[brox-ish-ec:ro] [258/378] Building C object zephyr/drivers/flash/CMakeFiles/drivers__flash.dir/flash_ite_it8xxx2.c.obj
[brox-ish-ec:ro] [259/378] Linking C static library zephyr/drivers/flash/libdrivers__flash.a
[gwendolin:rw] [335/526] Building C object modules/ec/third_party/boringssl/build/CMakeFiles/crypto.dir/crypto/des/des.c.obj
[npcx7:ro] [309/320] Building C object zephyr/kernel/CMakeFiles/kernel.dir/thread.c.obj
[gwendolin:rw] [336/526] Building C object modules/ec/third_party/boringssl/build/CMakeFiles/crypto.dir/crypto/dh_extra/dh_asn1.c.obj
[npcx7:ro] [310/320] Building C object zephyr/kernel/CMakeFiles/kernel.dir/sched.c.obj
[npcx7:ro] [311/320] Building C object zephyr/kernel/CMakeFiles/kernel.dir/pipe.c.obj
[npcx7:ro] [312/320] Building C object zephyr/kernel/CMakeFiles/kernel.dir/spinlock_validate.c.obj
[gwendolin:rw] [337/526] Building C object modules/ec/third_party/boringssl/build/CMakeFiles/crypto.dir/crypto/dh_extra/params.c.obj
[npcx7:ro] [313/320] Building C object zephyr/kernel/CMakeFiles/kernel.dir/thread_monitor.c.obj
[brox-ish-ec:ro] [260/378] Building C object zephyr/drivers/i2c/CMakeFiles/drivers__i2c.dir/i2c_common.c.obj
[gwendolin:ro] [162/513] Building C object zephyr/subsys/mgmt/ec_host_cmd/backends/CMakeFiles/subsys__mgmt__ec_host_cmd__backends.dir/ec_host_cmd_backend_uart.c.obj
[gwendolin:rw] [338/526] Building C object modules/ec/third_party/boringssl/build/CMakeFiles/crypto.dir/crypto/digest_extra/digest_extra.c.obj
[gwendolin:ro] [163/513] Building C object zephyr/subsys/mgmt/ec_host_cmd/backends/CMakeFiles/subsys__mgmt__ec_host_cmd__backends.dir/ec_host_cmd_backend_shi_npcx.c.obj
[brox-ish-ec:ro] [261/378] Building C object zephyr/drivers/i2c/CMakeFiles/drivers__i2c.dir/i2c_bitbang.c.obj
[skyrim:ro] [89/417] Building C object CMakeFiles/app.dir/mnt/host/source/src/platform/ec/build/zephyr/skyrim/modules/ec/common/tablet_mode.c.obj
[gwendolin:ro] [164/513] Linking C static library zephyr/subsys/mgmt/ec_host_cmd/backends/libsubsys__mgmt__ec_host_cmd__backends.a
[gwendolin:rw] [339/526] Building C object modules/ec/third_party/boringssl/build/CMakeFiles/crypto.dir/crypto/dsa/dsa.c.obj
[npcx7:ro] [314/320] Building C object zephyr/kernel/CMakeFiles/kernel.dir/timeout.c.obj
[gwendolin:rw] [340/526] Building C object modules/ec/third_party/boringssl/build/CMakeFiles/crypto.dir/crypto/dsa/dsa_asn1.c.obj
[brox-ish-ec:ro] [262/378] Building C object zephyr/drivers/gpio/CMakeFiles/drivers__gpio.dir/gpio_ite_it8xxx2_v2.c.obj
[npcx7:ro] [315/320] Building C object zephyr/kernel/CMakeFiles/kernel.dir/timer.c.obj
[brox-ish-ec:ro] [263/378] Linking C static library zephyr/drivers/gpio/libdrivers__gpio.a
Running (initial) lcov on /mnt/host/source/src/platform/ec/build/zephyr/padme.
[npcx7:ro] [316/320] Building C object zephyr/kernel/CMakeFiles/kernel.dir/events.c.obj
[gwendolin:ro] [165/513] Building C object zephyr/subsys/crc/CMakeFiles/subsys__crc.dir/crc4_sw.c.obj
[gwendolin:rw] [341/526] Building C object modules/ec/third_party/boringssl/build/CMakeFiles/crypto.dir/crypto/ec_extra/ec_asn1.c.obj
[npcx7:ro] [317/320] Building C object zephyr/kernel/CMakeFiles/kernel.dir/poll.c.obj
[gwendolin:ro] [166/513] Building C object zephyr/subsys/crc/CMakeFiles/subsys__crc.dir/crc8_sw.c.obj
[npcx7:ro] [318/320] Building C object zephyr/kernel/CMakeFiles/kernel.dir/mempool.c.obj
[gwendolin:ro] [167/513] Building C object zephyr/subsys/crc/CMakeFiles/subsys__crc.dir/crc16_sw.c.obj
[gwendolin:rw] [342/526] Building C object modules/ec/third_party/boringssl/build/CMakeFiles/crypto.dir/crypto/ec_extra/ec_derive.c.obj
Running `env -i PYTHONPATH=/usr/lib64/python-exec/python3.11:/mnt/host/source/src/platform/ec/zephyr/zmake:/usr/lib/python311.zip:/usr/lib/python3.11:/usr/lib/python3.11/lib-dynload:/usr/lib/python3.11/site-packages PW_PIGWEED_CIPD_INSTALL_DIR=/usr CROSTC_USER_ACKNOWLEDGES_THAT_RISCV_IS_EXPERIMENTAL=1 PATH=/mnt/host/source/chromite/bin:/usr/local/bin:/usr/bin:/bin:/opt/bin:/mnt/host/source/chromite/sdk/bin:/mnt/host/source/chromite/bin HOME=/home/jpmurphy JAVA_HOME=/etc/java-config-2/current-system-vm JDK_HOME=/etc/java-config-2/current-system-vm JAVAC=/etc/java-config-2/current-system-vm/bin/javac MAKEFLAGS=' -j16 --jobserver-auth=5,6' /usr/bin/lcov --gcov-tool /mnt/host/source/src/platform/ec/build/zephyr/padme/build-rw/gcov.sh -q -o - -c -d /mnt/host/source/src/platform/ec/build/zephyr/padme -t padme --rc branch_coverage=1 --filter range --ignore-errors inconsistent,source --ignore-errors gcov,gcov -i`
[brox-ish-ec:ro] [264/378] Building C object zephyr/drivers/i2c/CMakeFiles/drivers__i2c.dir/i2c_shell.c.obj
[gwendolin:ro] [168/513] Building C object zephyr/subsys/crc/CMakeFiles/subsys__crc.dir/crc7_sw.c.obj
[gwendolin:rw] [343/526] Building C object modules/ec/third_party/boringssl/build/CMakeFiles/crypto.dir/crypto/ec_extra/hash_to_curve.c.obj
[gwendolin:ro] [169/513] Building C object zephyr/subsys/random/CMakeFiles/subsys__random.dir/random_entropy_device.c.obj
[gwendolin:ro] [170/513] Linking C static library zephyr/subsys/random/libsubsys__random.a
[npcx7:ro] [319/320] Building C object zephyr/kernel/CMakeFiles/kernel.dir/dynamic_disabled.c.obj
[gwendolin:ro] [171/513] Building C object zephyr/subsys/crc/CMakeFiles/subsys__crc.dir/crc24_sw.c.obj
[gwendolin:rw] [344/526] Building C object modules/ec/third_party/boringssl/build/CMakeFiles/crypto.dir/crypto/ecdsa_extra/ecdsa_asn1.c.obj
[gwendolin:rw] [345/526] Building C object modules/ec/third_party/boringssl/build/CMakeFiles/crypto.dir/crypto/ecdh_extra/ecdh_extra.c.obj
[npcx7:ro] [320/320] Linking C static library zephyr/kernel/libkernel.a
[gwendolin:ro] [172/513] Building C object zephyr/subsys/crc/CMakeFiles/subsys__crc.dir/crc32c_sw.c.obj
[brox-ish-ec:ro] [265/378] Building C object zephyr/drivers/input/CMakeFiles/drivers__input.dir/input_ite_it8xxx2_kbd.c.obj
[gwendolin:ro] [173/513] Building C object zephyr/subsys/crc/CMakeFiles/subsys__crc.dir/crc32_sw.c.obj
[brox-ish-ec:ro] [266/378] Building C object zephyr/drivers/i2c/CMakeFiles/drivers__i2c.dir/i2c_ite_enhance.c.obj
[gwendolin:rw] [346/526] Building C object modules/ec/third_party/boringssl/build/CMakeFiles/crypto.dir/crypto/engine/engine.c.obj
[gwendolin:rw] [347/526] Building C object modules/ec/third_party/boringssl/build/CMakeFiles/crypto.dir/crypto/evp/p_dh.c.obj
[gwendolin:ro] [174/513] Building C object zephyr/subsys/crc/CMakeFiles/subsys__crc.dir/crc32k_4_2_sw.c.obj
[brox-ish-ec:ro] [267/378] Building C object zephyr/drivers/pinctrl/CMakeFiles/drivers__pinctrl.dir/common.c.obj
[skyrim:ro] [90/417] Building C object CMakeFiles/app.dir/mnt/host/source/src/platform/ec/build/zephyr/skyrim/modules/ec/common/thermal.c.obj
[brox-ish-ec:ro] [268/378] Linking C static library zephyr/drivers/i2c/libdrivers__i2c.a
[gwendolin:ro] [175/513] Linking C static library zephyr/subsys/crc/libsubsys__crc.a
[gwendolin:rw] [348/526] Building C object modules/ec/third_party/boringssl/build/CMakeFiles/crypto.dir/crypto/err/err.c.obj
[brox-ish-ec:ro] [269/378] Building C object zephyr/drivers/input/CMakeFiles/drivers__input.dir/input_kbd_matrix.c.obj
[brox-ish-ec:ro] [270/378] Linking C static library zephyr/drivers/input/libdrivers__input.a
[brox-ish-ec:ro] [271/378] Building C object zephyr/drivers/sensor/CMakeFiles/drivers__sensor.dir/mnt/host/source/src/third_party/zephyr/main/misc/empty_file.c.obj
[brox-ish-ec:ro] [272/378] Linking C static library zephyr/drivers/sensor/libdrivers__sensor.a
[gwendolin:rw] [349/526] Building C object modules/ec/third_party/boringssl/build/CMakeFiles/crypto.dir/crypto/evp/evp.c.obj
[gwendolin:rw] [350/526] Building C object modules/ec/third_party/boringssl/build/CMakeFiles/crypto.dir/crypto/evp/evp_asn1.c.obj
[gwendolin:rw] [351/526] Building C object modules/ec/third_party/boringssl/build/CMakeFiles/crypto.dir/crypto/evp/p_ec_asn1.c.obj
[/mnt/host/source/src/platform/ec/build/zephyr/padme-lcov] geninfo: WARNING: using JSON module "JSON::PP" - which is much slower than some alternatives.  Consider installing one of JSON::XS or Cpanel::JSON::XS
[brox-ish-ec:ro] [273/378] Building C object zephyr/drivers/pinctrl/CMakeFiles/drivers__pinctrl.dir/pinctrl_ite_it8xxx2.c.obj
[gwendolin:rw] [352/526] Building C object modules/ec/third_party/boringssl/build/CMakeFiles/crypto.dir/crypto/evp/evp_ctx.c.obj
[gwendolin:rw] [353/526] Building C object modules/ec/third_party/boringssl/build/CMakeFiles/crypto.dir/crypto/evp/p_ed25519.c.obj
[brox-ish-ec:ro] [274/378] Building C object zephyr/drivers/pwm/CMakeFiles/drivers__pwm.dir/pwm_shell.c.obj
[brox-ish-ec:ro] [275/378] Linking C static library zephyr/drivers/pinctrl/libdrivers__pinctrl.a
[gwendolin:ro] [176/513] Building C object zephyr/drivers/interrupt_controller/CMakeFiles/drivers__interrupt_controller.dir/intc_miwu.c.obj
[brox-ish-ec:ro] [276/378] Building C object zephyr/drivers/pwm/CMakeFiles/drivers__pwm.dir/pwm_ite_it8xxx2.c.obj
[skyrim:ro] [91/417] Building C object CMakeFiles/app.dir/mnt/host/source/src/platform/ec/build/zephyr/skyrim/modules/ec/common/temp_sensor.c.obj
[gwendolin:ro] [177/513] Linking C static library zephyr/drivers/interrupt_controller/libdrivers__interrupt_controller.a
[gwendolin:rw] [354/526] Building C object modules/ec/third_party/boringssl/build/CMakeFiles/crypto.dir/crypto/evp/p_dh_asn1.c.obj
[gwendolin:rw] [355/526] Building C object modules/ec/third_party/boringssl/build/CMakeFiles/crypto.dir/crypto/evp/p_dsa_asn1.c.obj
[gwendolin:rw] [356/526] Building C object modules/ec/third_party/boringssl/build/CMakeFiles/crypto.dir/crypto/evp/p_ec.c.obj
[gwendolin:ro] [178/513] Building C object zephyr/drivers/bbram/CMakeFiles/drivers__bbram.dir/bbram_npcx.c.obj
[gwendolin:ro] [179/513] Linking C static library zephyr/drivers/bbram/libdrivers__bbram.a
[brox-ish-ec:ro] [277/378] Linking C static library zephyr/drivers/pwm/libdrivers__pwm.a
[gwendolin:rw] [357/526] Building C object modules/ec/third_party/boringssl/build/CMakeFiles/crypto.dir/crypto/evp/p_x25519.c.obj
[brox-ish-ec:ro] [278/378] Building C object zephyr/drivers/sensor/ite/ite_tach_it8xxx2/CMakeFiles/drivers__sensor__ite__ite_tach_it8xxx2.dir/tach_ite_it8xxx2.c.obj
[brox-ish-ec:ro] [279/378] Building C object zephyr/drivers/sensor/ite/ite_vcmp_it8xxx2/CMakeFiles/drivers__sensor__ite__ite_vcmp_it8xxx2.dir/vcmp_ite_it8xxx2.c.obj
[skyrim:ro] [92/417] Building C object CMakeFiles/app.dir/mnt/host/source/src/platform/ec/build/zephyr/skyrim/modules/ec/driver/temp_sensor/thermistor.c.obj
[brox-ish-ec:ro] [280/378] Linking C static library zephyr/drivers/sensor/ite/ite_tach_it8xxx2/libdrivers__sensor__ite__ite_tach_it8xxx2.a
[brox-ish-ec:ro] [281/378] Linking C static library zephyr/drivers/sensor/ite/ite_vcmp_it8xxx2/libdrivers__sensor__ite__ite_vcmp_it8xxx2.a
[gwendolin:rw] [358/526] Building C object modules/ec/third_party/boringssl/build/CMakeFiles/crypto.dir/crypto/evp/p_ed25519_asn1.c.obj
[gwendolin:rw] [359/526] Building C object modules/ec/third_party/boringssl/build/CMakeFiles/crypto.dir/crypto/evp/p_hkdf.c.obj
[gwendolin:rw] [360/526] Building C object modules/ec/third_party/boringssl/build/CMakeFiles/crypto.dir/crypto/evp/p_rsa.c.obj
[brox-ish-ec:ro] [282/378] Building C object zephyr/drivers/serial/CMakeFiles/drivers__serial.dir/uart_ite_it8xxx2.c.obj
[brox-ish-ec:ro] [283/378] Building C object zephyr/drivers/serial/CMakeFiles/drivers__serial.dir/uart_ns16550.c.obj
[gwendolin:ro] [180/513] Building C object zephyr/drivers/clock_control/CMakeFiles/drivers__clock_control.dir/clock_control_npcx.c.obj
[brox-ish-ec:ro] [284/378] Linking C static library zephyr/drivers/serial/libdrivers__serial.a
[gwendolin:rw] [361/526] Building C object modules/ec/third_party/boringssl/build/CMakeFiles/crypto.dir/crypto/evp/p_rsa_asn1.c.obj
[brox-ish-ec:ro] [285/378] Building C object zephyr/drivers/timer/CMakeFiles/drivers__timer.dir/sys_clock_init.c.obj
[gwendolin:ro] [181/513] Linking C static library zephyr/drivers/clock_control/libdrivers__clock_control.a
[/mnt/host/source/src/platform/ec/build/zephyr/padme-lcov] stderr:
[gwendolin:rw] [362/526] Building C object modules/ec/third_party/boringssl/build/CMakeFiles/crypto.dir/crypto/evp/p_x25519_asn1.c.obj
[gwendolin:ro] [182/513] Building C object zephyr/drivers/console/CMakeFiles/drivers__console.dir/uart_console.c.obj
[gwendolin:rw] [363/526] Building C object modules/ec/third_party/boringssl/build/CMakeFiles/crypto.dir/crypto/evp/sign.c.obj
[skyrim:ro] [93/417] Building C object CMakeFiles/app.dir/mnt/host/source/src/platform/ec/build/zephyr/skyrim/modules/ec/driver/temp_sensor/pct2075.c.obj
[gwendolin:ro] [183/513] Linking C static library zephyr/drivers/console/libdrivers__console.a
[gwendolin:rw] [364/526] Building C object modules/ec/third_party/boringssl/build/CMakeFiles/crypto.dir/crypto/fipsmodule/fips_shared_support.c.obj
[gwendolin:rw] [365/526] Building C object modules/ec/third_party/boringssl/build/CMakeFiles/crypto.dir/crypto/evp/pbkdf.c.obj
[brox-ish-ec:ro] [286/378] Building C object zephyr/drivers/timer/CMakeFiles/drivers__timer.dir/ite_it8xxx2_timer.c.obj
[brox-ish-ec:ro] [287/378] Building C object zephyr/drivers/watchdog/CMakeFiles/drivers__watchdog.dir/wdt_ite_it8xxx2.c.obj
[brox-ish-ec:ro] [288/378] Linking C static library zephyr/drivers/timer/libdrivers__timer.a
[skyrim:ro] [94/417] Building C object CMakeFiles/app.dir/mnt/host/source/src/platform/ec/build/zephyr/skyrim/modules/ec/driver/temp_sensor/sb_tsi.c.obj
[/mnt/host/source/src/platform/ec/build/zephyr/padme-lcov]   /mnt/host/source/src/platform/ec/build/zephyr/padme/build-ro/modules/ec/zephyr/CMakeFiles/ec_shim.dir/shim/src/power.c.gcno:no functions found
[/mnt/host/source/src/platform/ec/build/zephyr/padme-lcov] stderr:
[gwendolin:rw] [366/526] Building C object modules/ec/third_party/boringssl/build/CMakeFiles/crypto.dir/crypto/evp/print.c.obj
[gwendolin:rw] [367/526] Building C object modules/ec/third_party/boringssl/build/CMakeFiles/crypto.dir/crypto/evp/scrypt.c.obj
[brox-ish-ec:ro] [289/378] Building C object zephyr/drivers/watchdog/CMakeFiles/drivers__watchdog.dir/wdt_shell.c.obj
[/mnt/host/source/src/platform/ec/build/zephyr/padme-lcov]   /mnt/host/source/src/platform/ec/build/zephyr/padme/build-ro/modules/ec/zephyr/CMakeFiles/ec_shim.dir/shim/src/thermal.c.gcno:no functions found
[/mnt/host/source/src/platform/ec/build/zephyr/padme-lcov] stderr:
[brox-ish-ec:ro] [290/378] Linking C static library zephyr/drivers/watchdog/libdrivers__watchdog.a
[brox-ish-ec:ro] [291/378] Building C object modules/ec/zephyr/CMakeFiles/ec_shim.dir/app/ec/main_shim.c.obj
[gwendolin:rw] [368/526] Building C object modules/ec/third_party/boringssl/build/CMakeFiles/crypto.dir/crypto/ex_data.c.obj
[gwendolin:ro] [184/513] Building C object zephyr/drivers/crypto/CMakeFiles/drivers__crypto.dir/crypto_npcx_sha.c.obj
[gwendolin:ro] [185/513] Linking C static library zephyr/drivers/crypto/libdrivers__crypto.a
[brox-ish-ec:ro] [292/378] Building C object modules/ec/zephyr/CMakeFiles/ec_shim.dir/app/ec/ec_app_main.c.obj
[gwendolin:rw] [369/526] Building C object modules/ec/third_party/boringssl/build/CMakeFiles/crypto.dir/crypto/hpke/hpke.c.obj
[gwendolin:ro] [186/513] Building C object zephyr/drivers/entropy/CMakeFiles/drivers__entropy.dir/entropy_npcx_drbg.c.obj
[/mnt/host/source/src/platform/ec/build/zephyr/padme-lcov]   /mnt/host/source/src/platform/ec/build/zephyr/padme/build-ro/modules/ec/zephyr/CMakeFiles/ec_shim.dir/shim/src/battery.c.gcno:no functions found
[/mnt/host/source/src/platform/ec/build/zephyr/padme-lcov] stderr:
[gwendolin:rw] [370/526] Building C object modules/ec/third_party/boringssl/build/CMakeFiles/crypto.dir/crypto/hrss/hrss.c.obj
[gwendolin:ro] [187/513] Linking C static library zephyr/drivers/entropy/libdrivers__entropy.a
[gwendolin:rw] [371/526] Building C object modules/ec/third_party/boringssl/build/CMakeFiles/crypto.dir/crypto/keccak/keccak.c.obj
[/mnt/host/source/src/platform/ec/build/zephyr/padme-lcov]   /mnt/host/source/src/platform/ec/build/zephyr/padme/build-ro/modules/ec/zephyr/CMakeFiles/ec_shim.dir/shim/src/charger.c.gcno:no functions found
[/mnt/host/source/src/platform/ec/build/zephyr/padme-lcov] stderr:
[skyrim:ro] [95/417] Building C object CMakeFiles/app.dir/mnt/host/source/src/platform/ec/build/zephyr/skyrim/modules/ec/common/throttle_ap.c.obj
[brox-ish-ec:ro] [293/378] Building C object modules/ec/zephyr/CMakeFiles/ec_shim.dir/app/ec/chip/riscv/riscv-ite/it8xxx2-espi.c.obj
[gwendolin:rw] [372/526] Building C object modules/ec/third_party/boringssl/build/CMakeFiles/crypto.dir/crypto/kyber/kyber.c.obj
[brox-ish-ec:ro] [294/378] Building C object modules/ec/zephyr/CMakeFiles/ec_shim.dir/drivers/keyboard_input/keyboard_customization_check.c.obj
[brox-ish-ec:ro] [295/378] Building C object modules/ec/zephyr/CMakeFiles/ec_shim.dir/drivers/cros_flash/cros_flash_it8xxx2.c.obj
[brox-ish-ec:ro] [296/378] Building C object modules/ec/zephyr/CMakeFiles/ec_shim.dir/drivers/cros_kblight/pwm_kblight.c.obj
[skyrim:ro] [96/417] Building C object CMakeFiles/app.dir/mnt/host/source/src/platform/ec/build/zephyr/skyrim/modules/ec/common/timer.c.obj
[gwendolin:rw] [373/526] Building C object modules/ec/third_party/boringssl/build/CMakeFiles/crypto.dir/crypto/lhash/lhash.c.obj
[gwendolin:rw] [374/526] Building C object modules/ec/third_party/boringssl/build/CMakeFiles/crypto.dir/crypto/pem/pem_all.c.obj
[gwendolin:rw] [375/526] Building C object modules/ec/third_party/boringssl/build/CMakeFiles/crypto.dir/crypto/mem.c.obj
[brox-ish-ec:ro] [297/378] Building C object modules/ec/zephyr/CMakeFiles/ec_shim.dir/drivers/cros_system/cros_system_it8xxx2.c.obj
[gwendolin:rw] [376/526] Building C object modules/ec/third_party/boringssl/build/CMakeFiles/crypto.dir/crypto/pem/pem_info.c.obj
[gwendolin:ro] [188/513] Building C object zephyr/drivers/flash/CMakeFiles/drivers__flash.dir/jesd216.c.obj
[brox-ish-ec:ro] [298/378] Building C object modules/ec/zephyr/CMakeFiles/ec_shim.dir/drivers/keyboard_input/keyboard_input.c.obj
[gwendolin:rw] [377/526] Building C object modules/ec/third_party/boringssl/build/CMakeFiles/crypto.dir/crypto/pem/pem_oth.c.obj
[gwendolin:rw] [378/526] Building C object modules/ec/third_party/boringssl/build/CMakeFiles/crypto.dir/crypto/obj/obj_xref.c.obj
[gwendolin:rw] [379/526] Building C object modules/ec/third_party/boringssl/build/CMakeFiles/crypto.dir/crypto/pem/pem_pk8.c.obj
[gwendolin:rw] [380/526] Building C object modules/ec/third_party/boringssl/build/CMakeFiles/crypto.dir/crypto/obj/obj.c.obj
[gwendolin:rw] [381/526] Building C object modules/ec/third_party/boringssl/build/CMakeFiles/crypto.dir/crypto/pem/pem_pkey.c.obj
[gwendolin:ro] [189/513] Building C object zephyr/drivers/flash/CMakeFiles/drivers__flash.dir/flash_npcx_fiu_nor.c.obj
[gwendolin:rw] [382/526] Building C object modules/ec/third_party/boringssl/build/CMakeFiles/crypto.dir/crypto/pkcs7/pkcs7.c.obj
[brox-ish-ec:ro] [299/378] Building C object modules/ec/zephyr/CMakeFiles/ec_shim.dir/drivers/keyboard_input/col_gpio_drive.c.obj
[brox-ish-ec:ro] [300/378] Building C object modules/ec/zephyr/CMakeFiles/ec_shim.dir/drivers/usbc/ucsi_v3.c.obj
[/mnt/host/source/src/platform/ec/build/zephyr/padme-lcov]   /mnt/host/source/src/platform/ec/build/zephyr/padme/build-ro/modules/ec/zephyr/CMakeFiles/ec_shim.dir/shim/src/chg_rt9490.c.gcno:no functions found
[/mnt/host/source/src/platform/ec/build/zephyr/padme-lcov] stderr:
[gwendolin:rw] [383/526] Building C object modules/ec/third_party/boringssl/build/CMakeFiles/crypto.dir/crypto/pem/pem_x509.c.obj
[brox-ish-ec:ro] [301/378] Building C object modules/ec/zephyr/CMakeFiles/ec_shim.dir/drivers/keyboard_factory_test/keyboard_factory_test.c.obj
[gwendolin:rw] [384/526] Building C object modules/ec/third_party/boringssl/build/CMakeFiles/crypto.dir/crypto/pem/pem_xaux.c.obj
[skyrim:ro] [97/417] Building C object CMakeFiles/app.dir/mnt/host/source/src/platform/ec/build/zephyr/skyrim/modules/ec/common/usb_charger.c.obj
[gwendolin:rw] [385/526] Building C object modules/ec/third_party/boringssl/build/CMakeFiles/crypto.dir/crypto/pem/pem_lib.c.obj
[skyrim:ro] [98/417] Building C object CMakeFiles/app.dir/mnt/host/source/src/platform/ec/build/zephyr/skyrim/modules/ec/common/usb_port_power_dumb.c.obj
[gwendolin:ro] [190/513] Building C object zephyr/drivers/flash/CMakeFiles/drivers__flash.dir/flash_npcx_fiu_qspi.c.obj
[gwendolin:ro] [191/513] Linking C static library zephyr/drivers/flash/libdrivers__flash.a
[brox-ish-ec:ro] [302/378] Building C object modules/ec/zephyr/CMakeFiles/ec_shim.dir/drivers/boot_keys/boot_keys.c.obj
[gwendolin:rw] [386/526] Building C object modules/ec/third_party/boringssl/build/CMakeFiles/crypto.dir/crypto/pkcs7/pkcs7_x509.c.obj
[brox-ish-ec:ro] [303/378] Building C object modules/ec/zephyr/CMakeFiles/ec_shim.dir/drivers/usbc/pdc_rts54xx.c.obj
[gwendolin:rw] [387/526] Building C object modules/ec/third_party/boringssl/build/CMakeFiles/crypto.dir/crypto/pkcs8/p5_pbev2.c.obj
[brox-ish-ec:ro] [304/378] Building C object modules/ec/zephyr/CMakeFiles/ec_shim.dir/drivers/runtime_keys/runtime_keys.c.obj
[gwendolin:rw] [388/526] Building C object modules/ec/third_party/boringssl/build/CMakeFiles/crypto.dir/crypto/poly1305/poly1305_arm.c.obj
[gwendolin:rw] [389/526] Building C object modules/ec/third_party/boringssl/build/CMakeFiles/crypto.dir/crypto/poly1305/poly1305.c.obj
[gwendolin:ro] [192/513] Building C object zephyr/drivers/gpio/CMakeFiles/drivers__gpio.dir/gpio_npcx.c.obj
[gwendolin:rw] [390/526] Building C object modules/ec/third_party/boringssl/build/CMakeFiles/crypto.dir/crypto/pkcs8/pkcs8.c.obj
[gwendolin:ro] [193/513] Linking C static library zephyr/drivers/gpio/libdrivers__gpio.a
[brox-ish-ec:ro] [305/378] Building C object modules/ec/zephyr/CMakeFiles/ec_shim.dir/drivers/prochot_vcmp/prochot_vcmp.c.obj
[gwendolin:rw] [391/526] Building C object modules/ec/third_party/boringssl/build/CMakeFiles/crypto.dir/crypto/pkcs8/pkcs8_x509.c.obj
[gwendolin:ro] [194/513] Building C object zephyr/drivers/pinctrl/CMakeFiles/drivers__pinctrl.dir/common.c.obj
[brox-ish-ec:ro] [306/378] Building C object modules/ec/zephyr/CMakeFiles/ec_shim.dir/drivers/vivaldi_kbd/vivaldi_kbd.c.obj
[skyrim:ro] [99/417] Building C object CMakeFiles/app.dir/mnt/host/source/src/platform/ec/build/zephyr/skyrim/modules/ec/common/typec_control.c.obj
[brox-ish-ec:ro] [307/378] Building C object modules/ec/zephyr/CMakeFiles/ec_shim.dir/shim/chip/it8xxx2/clock.c.obj
[skyrim:ro] [100/417] Building C object CMakeFiles/app.dir/mnt/host/source/src/platform/ec/build/zephyr/skyrim/modules/ec/common/usb_common.c.obj
[gwendolin:rw] [392/526] Building C object modules/ec/third_party/boringssl/build/CMakeFiles/crypto.dir/crypto/poly1305/poly1305_vec.c.obj
[brox-ish-ec:ro] [308/378] Building C object modules/ec/zephyr/CMakeFiles/ec_shim.dir/shim/chip/it8xxx2/system.c.obj
[brox-ish-ec:ro] [309/378] Building C object modules/ec/zephyr/CMakeFiles/ec_shim.dir/shim/src/crc.c.obj
[gwendolin:rw] [393/526] Building C object modules/ec/third_party/boringssl/build/CMakeFiles/crypto.dir/crypto/rand_extra/forkunsafe.c.obj
[gwendolin:rw] [394/526] Building C object modules/ec/third_party/boringssl/build/CMakeFiles/crypto.dir/crypto/pool/pool.c.obj
[gwendolin:rw] [395/526] Building C object modules/ec/third_party/boringssl/build/CMakeFiles/crypto.dir/crypto/rand_extra/deterministic.c.obj
[gwendolin:ro] [195/513] Building C object zephyr/drivers/pinctrl/CMakeFiles/drivers__pinctrl.dir/pinctrl_npcx.c.obj
[gwendolin:rw] [396/526] Building C object modules/ec/third_party/boringssl/build/CMakeFiles/crypto.dir/crypto/rand_extra/getentropy.c.obj
[brox-ish-ec:ro] [310/378] Building C object modules/ec/zephyr/CMakeFiles/ec_shim.dir/shim/chip/it8xxx2/power_policy.c.obj
[gwendolin:ro] [196/513] Linking C static library zephyr/drivers/pinctrl/libdrivers__pinctrl.a
[gwendolin:ro] [197/513] Building C object zephyr/drivers/serial/CMakeFiles/drivers__serial.dir/uart_npcx.c.obj
[gwendolin:rw] [397/526] Building C object modules/ec/third_party/boringssl/build/CMakeFiles/crypto.dir/crypto/rand_extra/rand_extra.c.obj
[brox-ish-ec:ro] [311/378] Building C object modules/ec/zephyr/CMakeFiles/ec_shim.dir/shim/chip/it8xxx2/gpio.c.obj
[gwendolin:rw] [398/526] Building C object modules/ec/third_party/boringssl/build/CMakeFiles/crypto.dir/crypto/rand_extra/ios.c.obj
[brox-ish-ec:ro] [312/378] Building C object modules/ec/zephyr/CMakeFiles/ec_shim.dir/shim/src/console.c.obj
[gwendolin:ro] [198/513] Linking C static library zephyr/drivers/serial/libdrivers__serial.a
[gwendolin:rw] [399/526] Building C object modules/ec/third_party/boringssl/build/CMakeFiles/crypto.dir/crypto/rc4/rc4.c.obj
[skyrim:ro] [101/417] Building C object CMakeFiles/app.dir/mnt/host/source/src/platform/ec/build/zephyr/skyrim/modules/ec/common/usb_pd_pdo.c.obj
[gwendolin:rw] [400/526] Building C object modules/ec/third_party/boringssl/build/CMakeFiles/crypto.dir/crypto/rand_extra/passive.c.obj
[brox-ish-ec:ro] [313/378] Building C object modules/ec/zephyr/CMakeFiles/ec_shim.dir/shim/src/gpio_int.c.obj
[gwendolin:rw] [401/526] Building C object modules/ec/third_party/boringssl/build/CMakeFiles/crypto.dir/crypto/rand_extra/windows.c.obj
[brox-ish-ec:ro] [314/378] Building C object modules/ec/zephyr/CMakeFiles/ec_shim.dir/shim/src/panic_utils.c.obj
[skyrim:ro] [102/417] Building C object CMakeFiles/app.dir/mnt/host/source/src/platform/ec/build/zephyr/skyrim/modules/ec/common/usbc/usbc_task.c.obj
[gwendolin:rw] [402/526] Building C object modules/ec/third_party/boringssl/build/CMakeFiles/crypto.dir/crypto/rsa_extra/rsa_print.c.obj
[brox-ish-ec:ro] [315/378] Building C object modules/ec/zephyr/CMakeFiles/ec_shim.dir/shim/src/gpio.c.obj
[gwendolin:rw] [403/526] Building C object modules/ec/third_party/boringssl/build/CMakeFiles/crypto.dir/crypto/rand_extra/trusty.c.obj
[gwendolin:ro] [199/513] Building C object zephyr/drivers/syscon/CMakeFiles/drivers__syscon.dir/syscon.c.obj
[gwendolin:ro] [200/513] Building C object zephyr/drivers/spi/CMakeFiles/drivers__spi.dir/spi_npcx_spip.c.obj
[gwendolin:rw] [404/526] Building C object modules/ec/third_party/boringssl/build/CMakeFiles/crypto.dir/crypto/refcount.c.obj
[brox-ish-ec:ro] [316/378] Building C object modules/ec/zephyr/CMakeFiles/ec_shim.dir/shim/src/cbi/cros_cbi.c.obj
[gwendolin:ro] [201/513] Linking C static library zephyr/drivers/syscon/libdrivers__syscon.a
[gwendolin:rw] [405/526] Building C object modules/ec/third_party/boringssl/build/CMakeFiles/crypto.dir/crypto/rsa_extra/rsa_asn1.c.obj
[gwendolin:ro] [202/513] Linking C static library zephyr/drivers/spi/libdrivers__spi.a
[brox-ish-ec:ro] [317/378] Building C object modules/ec/zephyr/CMakeFiles/ec_shim.dir/shim/src/pm_state.c.obj
[gwendolin:rw] [406/526] Building C object modules/ec/third_party/boringssl/build/CMakeFiles/crypto.dir/crypto/spx/fors.c.obj
[gwendolin:rw] [407/526] Building C object modules/ec/third_party/boringssl/build/CMakeFiles/crypto.dir/crypto/rsa_extra/rsa_crypt.c.obj
[gwendolin:rw] [408/526] Building C object modules/ec/third_party/boringssl/build/CMakeFiles/crypto.dir/crypto/spx/merkle.c.obj
[gwendolin:rw] [409/526] Building C object modules/ec/third_party/boringssl/build/CMakeFiles/crypto.dir/crypto/spx/spx.c.obj
[gwendolin:rw] [410/526] Building C object modules/ec/third_party/boringssl/build/CMakeFiles/crypto.dir/crypto/spx/thash.c.obj
[gwendolin:rw] [411/526] Building C object modules/ec/third_party/boringssl/build/CMakeFiles/crypto.dir/crypto/spx/spx_util.c.obj
[gwendolin:rw] [412/526] Building C object modules/ec/third_party/boringssl/build/CMakeFiles/crypto.dir/crypto/spx/wots.c.obj
[skyrim:ro] [103/417] Building C object CMakeFiles/app.dir/mnt/host/source/src/platform/ec/build/zephyr/skyrim/modules/ec/common/usbc/usb_pd_timer.c.obj
[gwendolin:rw] [413/526] Building C object modules/ec/third_party/boringssl/build/CMakeFiles/crypto.dir/crypto/thread.c.obj
[brox-ish-ec:ro] [318/378] Building C object modules/ec/zephyr/CMakeFiles/ec_shim.dir/shim/src/cbi/cbi_flash.c.obj
[gwendolin:rw] [414/526] Building C object modules/ec/third_party/boringssl/build/CMakeFiles/crypto.dir/crypto/siphash/siphash.c.obj
[gwendolin:ro] [203/513] Building C object zephyr/drivers/timer/CMakeFiles/drivers__timer.dir/sys_clock_init.c.obj
[brox-ish-ec:ro] [319/378] Building C object modules/ec/zephyr/CMakeFiles/ec_shim.dir/shim/src/led_driver/led.c.obj
[gwendolin:rw] [415/526] Building C object modules/ec/third_party/boringssl/build/CMakeFiles/crypto.dir/crypto/spx/address.c.obj
[gwendolin:ro] [204/513] Building C object zephyr/drivers/timer/CMakeFiles/drivers__timer.dir/npcx_itim_timer.c.obj
[gwendolin:ro] [205/513] Linking C static library zephyr/drivers/timer/libdrivers__timer.a
[skyrim:ro] [104/417] Building C object CMakeFiles/app.dir/mnt/host/source/src/platform/ec/build/zephyr/skyrim/modules/ec/common/usbc/usb_sm.c.obj
[brox-ish-ec:ro] [320/378] Building C object modules/ec/zephyr/CMakeFiles/ec_shim.dir/shim/src/led_driver/led_pwm.c.obj
[gwendolin:rw] [416/526] Building C object modules/ec/third_party/boringssl/build/CMakeFiles/crypto.dir/crypto/stack/stack.c.obj
[brox-ish-ec:ro] [321/378] Building C object modules/ec/zephyr/CMakeFiles/ec_shim.dir/shim/src/pdc_shim.c.obj
[brox-ish-ec:ro] [322/378] Building C object modules/ec/zephyr/CMakeFiles/ec_shim.dir/shim/src/system.c.obj
[gwendolin:rw] [417/526] Building C object modules/ec/third_party/boringssl/build/CMakeFiles/crypto.dir/crypto/thread_none.c.obj
[gwendolin:rw] [418/526] Building C object modules/ec/third_party/boringssl/build/CMakeFiles/crypto.dir/crypto/thread_win.c.obj
[gwendolin:rw] [419/526] Building C object modules/ec/third_party/boringssl/build/CMakeFiles/crypto.dir/crypto/thread_pthread.c.obj
[brox-ish-ec:ro] [323/378] Building C object modules/ec/zephyr/CMakeFiles/ec_shim.dir/shim/src/adc.c.obj
[brox-ish-ec:ro] [324/378] Building C object modules/ec/zephyr/CMakeFiles/ec_shim.dir/shim/src/battery.c.obj
[gwendolin:rw] [420/526] Building C object modules/ec/third_party/boringssl/build/CMakeFiles/crypto.dir/crypto/trust_token/pmbtoken.c.obj
[gwendolin:ro] [206/513] Building C object zephyr/drivers/watchdog/CMakeFiles/drivers__watchdog.dir/wdt_npcx.c.obj
[gwendolin:rw] [421/526] Building C object modules/ec/third_party/boringssl/build/CMakeFiles/crypto.dir/crypto/x509/a_digest.c.obj
[skyrim:ro] [105/417] Building C object CMakeFiles/app.dir/mnt/host/source/src/platform/ec/build/zephyr/skyrim/modules/ec/common/usbc_intr_task.c.obj
[gwendolin:rw] [422/526] Building C object modules/ec/third_party/boringssl/build/CMakeFiles/crypto.dir/crypto/trust_token/trust_token.c.obj
[gwendolin:ro] [207/513] Linking C static library zephyr/drivers/watchdog/libdrivers__watchdog.a
[brox-ish-ec:ro] [325/378] Building C object modules/ec/zephyr/CMakeFiles/ec_shim.dir/shim/src/charger.c.obj
[gwendolin:ro] [208/513] Building C object modules/ec/zephyr/CMakeFiles/ec_shim.dir/app/ec/ec_app_main.c.obj
[brox-ish-ec:ro] [326/378] Building C object modules/ec/zephyr/CMakeFiles/ec_shim.dir/shim/src/chipset_api.c.obj
[gwendolin:rw] [423/526] Building C object modules/ec/third_party/boringssl/build/CMakeFiles/crypto.dir/crypto/trust_token/voprf.c.obj
[skyrim:ro] [106/417] Building C object CMakeFiles/app.dir/mnt/host/source/src/platform/ec/build/zephyr/skyrim/modules/ec/common/usbc_utils.c.obj
[brox-ish-ec:ro] [327/378] Building C object modules/ec/zephyr/CMakeFiles/ec_shim.dir/shim/src/espi.c.obj
[gwendolin:rw] [424/526] Building C object modules/ec/third_party/boringssl/build/CMakeFiles/crypto.dir/crypto/x509/a_sign.c.obj
[gwendolin:rw] [425/526] Building C object modules/ec/third_party/boringssl/build/CMakeFiles/crypto.dir/crypto/x509/a_verify.c.obj
[brox-ish-ec:ro] [328/378] Building C object modules/ec/zephyr/CMakeFiles/ec_shim.dir/shim/src/flash.c.obj
[gwendolin:ro] [209/513] Building C object modules/ec/zephyr/CMakeFiles/ec_shim.dir/app/ec/main_shim.c.obj
[gwendolin:rw] [426/526] Building C object modules/ec/third_party/boringssl/build/CMakeFiles/crypto.dir/crypto/x509/algorithm.c.obj
[gwendolin:rw] [427/526] Building C object modules/ec/third_party/boringssl/build/CMakeFiles/crypto.dir/crypto/x509/asn1_gen.c.obj
[skyrim:ro] [107/417] Building C object CMakeFiles/app.dir/mnt/host/source/src/platform/ec/build/zephyr/skyrim/modules/ec/common/usb_pd_flags.c.obj
[brox-ish-ec:ro] [329/378] Building C object modules/ec/zephyr/CMakeFiles/ec_shim.dir/shim/src/fan.c.obj
[gwendolin:rw] [428/526] Building C object modules/ec/third_party/boringssl/build/CMakeFiles/crypto.dir/crypto/x509/i2d_pr.c.obj
[gwendolin:rw] [429/526] Building C object modules/ec/third_party/boringssl/build/CMakeFiles/crypto.dir/crypto/x509/name_print.c.obj
[gwendolin:rw] [430/526] Building C object modules/ec/third_party/boringssl/build/CMakeFiles/crypto.dir/crypto/x509/by_dir.c.obj
[brox-ish-ec:ro] [330/378] Building C object modules/ec/zephyr/CMakeFiles/ec_shim.dir/shim/src/hooks.c.obj
[brox-ish-ec:ro] [331/378] Building C object modules/ec/zephyr/CMakeFiles/ec_shim.dir/shim/src/host_command.c.obj
[gwendolin:ro] [210/513] Building C object modules/ec/zephyr/CMakeFiles/ec_shim.dir/drivers/cros_flash/cros_flash_npcx.c.obj
[skyrim:ro] [108/417] Building C object CMakeFiles/app.dir/mnt/host/source/src/platform/ec/build/zephyr/skyrim/modules/ec/common/chargen.c.obj
[brox-ish-ec:ro] [332/378] Building C object modules/ec/zephyr/CMakeFiles/ec_shim.dir/shim/src/console_buffer.c.obj
[gwendolin:rw] [431/526] Building C object modules/ec/third_party/boringssl/build/CMakeFiles/crypto.dir/crypto/x509/by_file.c.obj
[gwendolin:rw] [432/526] Building C object modules/ec/third_party/boringssl/build/CMakeFiles/crypto.dir/crypto/x509/t_crl.c.obj
[brox-ish-ec:ro] [333/378] Building C object modules/ec/zephyr/CMakeFiles/ec_shim.dir/shim/src/mkbp_event.c.obj
[gwendolin:ro] [211/513] Building C object modules/ec/zephyr/CMakeFiles/ec_shim.dir/drivers/cros_rtc/cros_rtc_npcx.c.obj
[gwendolin:rw] [433/526] Building C object modules/ec/third_party/boringssl/build/CMakeFiles/crypto.dir/crypto/x509/policy.c.obj
[gwendolin:rw] [434/526] Building C object modules/ec/third_party/boringssl/build/CMakeFiles/crypto.dir/crypto/x509/rsa_pss.c.obj
[brox-ish-ec:ro] [334/378] Building C object modules/ec/zephyr/CMakeFiles/ec_shim.dir/shim/src/panic.c.obj
[brox-ish-ec:ro] [335/378] Building C object modules/ec/zephyr/CMakeFiles/ec_shim.dir/shim/src/pwm_hc.c.obj
[skyrim:ro] [109/417] Building C object CMakeFiles/app.dir/mnt/host/source/src/platform/ec/build/zephyr/skyrim/modules/ec/common/usbc/usb_pd_console.c.obj
[gwendolin:rw] [435/526] Building C object modules/ec/third_party/boringssl/build/CMakeFiles/crypto.dir/crypto/x509/t_x509.c.obj
[gwendolin:rw] [436/526] Building C object modules/ec/third_party/boringssl/build/CMakeFiles/crypto.dir/crypto/x509/t_req.c.obj
[brox-ish-ec:ro] [336/378] Building C object modules/ec/zephyr/CMakeFiles/ec_shim.dir/shim/src/thermal.c.obj
[gwendolin:ro] [212/513] Building C object modules/ec/zephyr/CMakeFiles/ec_shim.dir/drivers/cros_system/cros_system_npcx.c.obj
[brox-ish-ec:ro] [337/378] Building C object modules/ec/zephyr/CMakeFiles/ec_shim.dir/shim/src/temp_sensors.c.obj
[brox-ish-ec:ro] [338/378] Building C object modules/ec/zephyr/CMakeFiles/ec_shim.dir/shim/src/hwtimer.c.obj
[gwendolin:rw] [437/526] Building C object modules/ec/third_party/boringssl/build/CMakeFiles/crypto.dir/crypto/x509/t_x509a.c.obj
[gwendolin:rw] [438/526] Building C object modules/ec/third_party/boringssl/build/CMakeFiles/crypto.dir/crypto/x509/v3_akey.c.obj
[skyrim:ro] [110/417] Building C object CMakeFiles/app.dir/mnt/host/source/src/platform/ec/build/zephyr/skyrim/modules/ec/driver/retimer/anx7483.c.obj
[gwendolin:ro] [213/513] Building C object modules/ec/zephyr/CMakeFiles/ec_shim.dir/libc/exit.c.obj
[gwendolin:rw] [439/526] Building C object modules/ec/third_party/boringssl/build/CMakeFiles/crypto.dir/crypto/x509/v3_akeya.c.obj
[gwendolin:rw] [440/526] Building C object modules/ec/third_party/boringssl/build/CMakeFiles/crypto.dir/crypto/x509/v3_alt.c.obj
[brox-ish-ec:ro] [339/378] Building C object modules/ec/zephyr/CMakeFiles/ec_shim.dir/shim/src/i2c.c.obj
[brox-ish-ec:ro] [340/378] Building C object modules/ec/zephyr/CMakeFiles/ec_shim.dir/shim/src/usba.c.obj
[gwendolin:ro] [214/513] Building C object modules/ec/zephyr/CMakeFiles/ec_shim.dir/shim/chip/npcx/clock.c.obj
[brox-ish-ec:ro] [341/378] Building C object modules/ec/zephyr/CMakeFiles/ec_shim.dir/shim/src/tasks.c.obj
[gwendolin:rw] [441/526] Building C object modules/ec/third_party/boringssl/build/CMakeFiles/crypto.dir/crypto/x509/v3_bcons.c.obj
[gwendolin:rw] [442/526] Building C object modules/ec/third_party/boringssl/build/CMakeFiles/crypto.dir/crypto/x509/v3_bitst.c.obj
[skyrim:ro] [111/417] Building C object CMakeFiles/app.dir/mnt/host/source/src/platform/ec/build/zephyr/skyrim/modules/ec/driver/retimer/ps8818.c.obj
[brox-ish-ec:ro] [342/378] Building C object modules/ec/zephyr/CMakeFiles/ec_shim.dir/shim/src/watchdog.c.obj
[brox-ish-ec:ro] [343/378] Building C object modules/ec/zephyr/CMakeFiles/ec_shim.dir/shim/src/power_host_sleep_api.c.obj
[/mnt/host/source/src/platform/ec/build/zephyr/padme-lcov]   /mnt/host/source/src/platform/ec/build/zephyr/padme/build-ro/modules/ec/zephyr/CMakeFiles/ec_shim.dir/shim/src/keyscan.c.gcno:no functions found
[/mnt/host/source/src/platform/ec/build/zephyr/padme-lcov] stderr:
[gwendolin:ro] [215/513] Building C object modules/ec/zephyr/CMakeFiles/ec_shim.dir/shim/chip/npcx/gpio.c.obj
[gwendolin:rw] [443/526] Building C object modules/ec/third_party/boringssl/build/CMakeFiles/crypto.dir/crypto/x509/v3_conf.c.obj
[gwendolin:rw] [444/526] Building C object modules/ec/third_party/boringssl/build/CMakeFiles/crypto.dir/crypto/x509/v3_cpols.c.obj
[brox-ish-ec:ro] [344/378] Building C object zephyr/kernel/CMakeFiles/kernel.dir/main_weak.c.obj
[brox-ish-ec:ro] [345/378] Building C object zephyr/kernel/CMakeFiles/kernel.dir/banner.c.obj
[skyrim:ro] [112/417] Building C object CMakeFiles/app.dir/mnt/host/source/src/platform/ec/build/zephyr/skyrim/modules/ec/driver/retimer/ps8811.c.obj
[gwendolin:ro] [216/513] Building C object modules/ec/zephyr/CMakeFiles/ec_shim.dir/shim/chip/npcx/rom_chip.c.obj
[brox-ish-ec:ro] [346/378] Building C object modules/ec/zephyr/CMakeFiles/ec_shim.dir/shim/src/sha256_hw.c.obj
[brox-ish-ec:ro] [347/378] Building C object zephyr/kernel/CMakeFiles/kernel.dir/busy_wait.c.obj
[gwendolin:rw] [445/526] Building C object modules/ec/third_party/boringssl/build/CMakeFiles/crypto.dir/crypto/x509/v3_crld.c.obj
[gwendolin:rw] [446/526] Building C object modules/ec/third_party/boringssl/build/CMakeFiles/crypto.dir/crypto/x509/v3_enum.c.obj
[brox-ish-ec:ro] [348/378] Building C object zephyr/kernel/CMakeFiles/kernel.dir/device.c.obj
[brox-ish-ec:ro] [349/378] Linking C static library modules/ec/zephyr/libec_shim.a
[gwendolin:rw] [447/526] Building C object modules/ec/third_party/boringssl/build/CMakeFiles/crypto.dir/crypto/x509/v3_extku.c.obj
[gwendolin:rw] [448/526] Building C object modules/ec/third_party/boringssl/build/CMakeFiles/crypto.dir/crypto/x509/v3_genn.c.obj
[skyrim:ro] [113/417] Building C object CMakeFiles/app.dir/mnt/host/source/src/platform/ec/build/zephyr/skyrim/modules/ec/driver/usb_mux/anx7451.c.obj
[gwendolin:rw] [449/526] Building C object modules/ec/third_party/boringssl/build/CMakeFiles/crypto.dir/crypto/x509/v3_int.c.obj
[brox-ish-ec:ro] [350/378] Building C object zephyr/kernel/CMakeFiles/kernel.dir/fatal.c.obj
[gwendolin:rw] [450/526] Building C object modules/ec/third_party/boringssl/build/CMakeFiles/crypto.dir/crypto/x509/v3_ocsp.c.obj
[gwendolin:ro] [217/513] Building C object modules/ec/zephyr/CMakeFiles/ec_shim.dir/shim/chip/npcx/shi.c.obj
[brox-ish-ec:ro] [351/378] Building C object zephyr/kernel/CMakeFiles/kernel.dir/errno.c.obj
[gwendolin:rw] [451/526] Building C object modules/ec/third_party/boringssl/build/CMakeFiles/crypto.dir/crypto/x509/v3_info.c.obj
[gwendolin:rw] [452/526] Building C object modules/ec/third_party/boringssl/build/CMakeFiles/crypto.dir/crypto/x509/v3_ia5.c.obj
[brox-ish-ec:ro] [352/378] Building C object zephyr/kernel/CMakeFiles/kernel.dir/kheap.c.obj
[brox-ish-ec:ro] [353/378] Building C object zephyr/kernel/CMakeFiles/kernel.dir/init.c.obj
[brox-ish-ec:ro] [354/378] Building C object zephyr/kernel/CMakeFiles/kernel.dir/version.c.obj
[gwendolin:ro] [218/513] Building C object modules/ec/zephyr/CMakeFiles/ec_shim.dir/shim/chip/npcx/system.c.obj
[brox-ish-ec:ro] [355/378] Building C object zephyr/kernel/CMakeFiles/kernel.dir/mem_slab.c.obj
[skyrim:ro] [114/417] Building C object CMakeFiles/app.dir/mnt/host/source/src/platform/ec/build/zephyr/skyrim/modules/ec/driver/usb_mux/usb_mux.c.obj
[gwendolin:rw] [453/526] Building C object modules/ec/third_party/boringssl/build/CMakeFiles/crypto.dir/crypto/x509/v3_prn.c.obj
[gwendolin:rw] [454/526] Building C object modules/ec/third_party/boringssl/build/CMakeFiles/crypto.dir/crypto/x509/v3_lib.c.obj
[brox-ish-ec:ro] [356/378] Building C object zephyr/kernel/CMakeFiles/kernel.dir/float.c.obj
[gwendolin:rw] [455/526] Building C object modules/ec/third_party/boringssl/build/CMakeFiles/crypto.dir/crypto/x509/v3_ncons.c.obj
[gwendolin:rw] [456/526] Building C object modules/ec/third_party/boringssl/build/CMakeFiles/crypto.dir/crypto/x509/v3_pcons.c.obj
[gwendolin:ro] [219/513] Building C object modules/ec/zephyr/CMakeFiles/ec_shim.dir/shim/chip/npcx/otp_key.c.obj
[gwendolin:rw] [457/526] Building C object modules/ec/third_party/boringssl/build/CMakeFiles/crypto.dir/crypto/x509/v3_pmaps.c.obj
[brox-ish-ec:ro] [357/378] Building C object zephyr/kernel/CMakeFiles/kernel.dir/idle.c.obj
[skyrim:ro] [115/417] Building C object CMakeFiles/app.dir/mnt/host/source/src/platform/ec/build/zephyr/skyrim/modules/ec/driver/usb_mux/amd_fp6.c.obj
[brox-ish-ec:ro] [358/378] Building C object zephyr/kernel/CMakeFiles/kernel.dir/mailbox.c.obj
[gwendolin:rw] [458/526] Building C object modules/ec/third_party/boringssl/build/CMakeFiles/crypto.dir/crypto/x509/v3_purp.c.obj
[brox-ish-ec:ro] [359/378] Building C object zephyr/kernel/CMakeFiles/kernel.dir/msg_q.c.obj
[gwendolin:rw] [459/526] Building C object modules/ec/third_party/boringssl/build/CMakeFiles/crypto.dir/crypto/x509/x509.c.obj
[brox-ish-ec:ro] [360/378] Building C object zephyr/kernel/CMakeFiles/kernel.dir/mutex.c.obj
[gwendolin:ro] [220/513] Building C object modules/ec/zephyr/CMakeFiles/ec_shim.dir/shim/chip/npcx/system_external_storage.c.obj
[gwendolin:rw] [460/526] Building C object modules/ec/third_party/boringssl/build/CMakeFiles/crypto.dir/crypto/x509/x509_d2.c.obj
[gwendolin:rw] [461/526] Building C object modules/ec/third_party/boringssl/build/CMakeFiles/crypto.dir/crypto/x509/x509_def.c.obj
[brox-ish-ec:ro] [361/378] Building C object zephyr/kernel/CMakeFiles/kernel.dir/queue.c.obj
[skyrim:ro] [116/417] Building C object CMakeFiles/app.dir/mnt/host/source/src/platform/ec/build/zephyr/skyrim/modules/ec/common/event_log.c.obj
[gwendolin:rw] [462/526] Building C object modules/ec/third_party/boringssl/build/CMakeFiles/crypto.dir/crypto/x509/v3_skey.c.obj
[gwendolin:rw] [463/526] Building C object modules/ec/third_party/boringssl/build/CMakeFiles/crypto.dir/crypto/x509/v3_utl.c.obj
[brox-ish-ec:ro] [362/378] Building C object zephyr/kernel/CMakeFiles/kernel.dir/stack.c.obj
[brox-ish-ec:ro] [363/378] Building C object zephyr/kernel/CMakeFiles/kernel.dir/sem.c.obj
[gwendolin:ro] [221/513] Building C object modules/ec/zephyr/CMakeFiles/ec_shim.dir/shim/chip/npcx/power_policy.c.obj
[brox-ish-ec:ro] [364/378] Building C object zephyr/kernel/CMakeFiles/kernel.dir/system_work_q.c.obj
[gwendolin:rw] [464/526] Building C object modules/ec/third_party/boringssl/build/CMakeFiles/crypto.dir/crypto/x509/x509_att.c.obj
[gwendolin:rw] [465/526] Building C object modules/ec/third_party/boringssl/build/CMakeFiles/crypto.dir/crypto/x509/x509_cmp.c.obj
[skyrim:ro] [117/417] Building C object CMakeFiles/app.dir/mnt/host/source/src/platform/ec/build/zephyr/skyrim/modules/ec/common/pd_log.c.obj
[gwendolin:ro] [222/513] Building C object modules/ec/zephyr/CMakeFiles/ec_shim.dir/shim/chip/npcx/ram_lock.c.obj
[brox-ish-ec:ro] [365/378] Building C object zephyr/kernel/CMakeFiles/kernel.dir/condvar.c.obj
[brox-ish-ec:ro] [366/378] Building C object zephyr/kernel/CMakeFiles/kernel.dir/work.c.obj
[gwendolin:rw] [466/526] Building C object modules/ec/third_party/boringssl/build/CMakeFiles/crypto.dir/crypto/x509/x509_ext.c.obj
[gwendolin:rw] [467/526] Building C object modules/ec/third_party/boringssl/build/CMakeFiles/crypto.dir/crypto/x509/x509_obj.c.obj
[brox-ish-ec:ro] [367/378] Building C object zephyr/kernel/CMakeFiles/kernel.dir/thread.c.obj
[brox-ish-ec:ro] [368/378] Building C object zephyr/kernel/CMakeFiles/kernel.dir/pipe.c.obj
[gwendolin:rw] [468/526] Building C object modules/ec/third_party/boringssl/build/CMakeFiles/crypto.dir/crypto/x509/x509_req.c.obj
[gwendolin:rw] [469/526] Building C object modules/ec/third_party/boringssl/build/CMakeFiles/crypto.dir/crypto/x509/x509_lu.c.obj
[gwendolin:ro] [223/513] Building C object modules/ec/zephyr/CMakeFiles/ec_shim.dir/shim/core/cortex-m/mpu.c.obj
[gwendolin:rw] [470/526] Building C object modules/ec/third_party/boringssl/build/CMakeFiles/crypto.dir/crypto/x509/x509_txt.c.obj
[gwendolin:rw] [471/526] Building C object modules/ec/third_party/boringssl/build/CMakeFiles/crypto.dir/crypto/x509/x509_set.c.obj
[/mnt/host/source/src/platform/ec/build/zephyr/padme-lcov]   /mnt/host/source/src/platform/ec/build/zephyr/padme/build-ro/CMakeFiles/app.dir/mnt/host/source/src/platform/ec/build/zephyr/padme/modules/ec/common/chargen.c.gcno:no functions found
[/mnt/host/source/src/platform/ec/build/zephyr/padme-lcov] stderr:
[gwendolin:rw] [472/526] Building C object modules/ec/third_party/boringssl/build/CMakeFiles/crypto.dir/crypto/x509/x509_trs.c.obj
[brox-ish-ec:ro] [369/378] Building C object zephyr/kernel/CMakeFiles/kernel.dir/sched.c.obj
[skyrim:ro] [118/417] Building C object CMakeFiles/app.dir/mnt/host/source/src/platform/ec/build/zephyr/skyrim/modules/ec/common/usbc/usb_tc_drp_acc_trysrc_sm.c.obj
[brox-ish-ec:ro] [370/378] Building C object zephyr/kernel/CMakeFiles/kernel.dir/thread_monitor.c.obj
[brox-ish-ec:ro] [371/378] Building C object zephyr/kernel/CMakeFiles/kernel.dir/spinlock_validate.c.obj
[gwendolin:ro] [224/513] Building C object modules/ec/zephyr/CMakeFiles/ec_shim.dir/shim/core/cortex-m/panic.c.obj
[brox-ish-ec:ro] [372/378] Building C object zephyr/kernel/CMakeFiles/kernel.dir/timeout.c.obj
[gwendolin:ro] [225/513] Building C object modules/ec/zephyr/CMakeFiles/ec_shim.dir/shim/src/crc.c.obj
[skyrim:ro] [119/417] Building C object CMakeFiles/app.dir/mnt/host/source/src/platform/ec/build/zephyr/skyrim/modules/ec/common/usbc/usb_prl_sm.c.obj
[gwendolin:rw] [473/526] Building C object modules/ec/third_party/boringssl/build/CMakeFiles/crypto.dir/crypto/x509/x509_v3.c.obj
[brox-ish-ec:ro] [373/378] Building C object zephyr/kernel/CMakeFiles/kernel.dir/timer.c.obj
[gwendolin:ro] [226/513] Building C object modules/ec/zephyr/CMakeFiles/ec_shim.dir/shim/src/console.c.obj
[gwendolin:rw] [474/526] Building C object modules/ec/third_party/boringssl/build/CMakeFiles/crypto.dir/crypto/x509/x509_vfy.c.obj
[gwendolin:rw] [475/526] Building C object modules/ec/third_party/boringssl/build/CMakeFiles/crypto.dir/crypto/x509/x509cset.c.obj
[gwendolin:rw] [476/526] Building C object modules/ec/third_party/boringssl/build/CMakeFiles/crypto.dir/crypto/x509/x509_vpm.c.obj
[brox-ish-ec:ro] [374/378] Building C object zephyr/kernel/CMakeFiles/kernel.dir/poll.c.obj
[gwendolin:rw] [477/526] Building C object modules/ec/third_party/boringssl/build/CMakeFiles/crypto.dir/crypto/x509/x509rset.c.obj
[wyrdeer:ro] Building: /usr/bin/ninja -C /mnt/host/source/src/platform/ec/build/zephyr/wyrdeer/build-ro all.libraries
Running `env -i SHELL=/bin/bash COLORTERM=truecolor DEPOT_TOOLS_UPDATE=0 LESS='-R -M --shift 5' SUDO_GID=0 JDK_HOME=/etc/java-config-2/current-system-vm CONFIG_PROTECT_MASK='/etc/gentoo-release /etc/sandbox.d /etc/fonts/fonts.conf /etc/terminfo /etc/ca-certificates.conf /etc/revdep-rebuild' CHROMEOS_CACHEDIR=/var/cache/chromeos-cache JAVA_HOME=/etc/java-config-2/current-system-vm SSH_AUTH_SOCK=/tmp/ssh-auth-sock SUDO_COMMAND=/bin/bash SUDO_USER=root SUDO_TTY=/dev/pts/2 EDITOR=/usr/bin/vi PWD=/mnt/host/source/src/platform/ec CONFIG_PROTECT=/usr/share/gnupg/qualified.txt LOGNAME=jpmurphy MANPATH=/etc/java-config-2/current-system-vm/man:/usr/local/share/man:/usr/share/man:/usr/share/gcc-data/x86_64-pc-linux-gnu/10.2.0/man:/usr/share/binutils-data/x86_64-pc-linux-gnu/2.45/man:/etc/java-config-2/current-system-vm/man/ SUDO_HOME=/root XAUTHORITY=/run/user/944457/gdm/Xauthority HOME=/home/jpmurphy LANG=C.UTF-8 LS_COLORS='rs=0:di=01;34:ln=01;36:mh=00:pi=40;33:so=01;35:do=01;35:bd=40;33;01:cd=40;33;01:or=01;05;37;41:mi=01;05;37;41:su=37;41:sg=30;43:ca=30;41:tw=30;42:ow=34;42:st=37;44:ex=01;32:*.tar=01;31:*.tgz=01;31:*.arc=01;31:*.arj=01;31:*.taz=01;31:*.lha=01;31:*.lz4=01;31:*.lzh=01;31:*.lzma=01;31:*.tlz=01;31:*.txz=01;31:*.tzo=01;31:*.t7z=01;31:*.zip=01;31:*.z=01;31:*.dz=01;31:*.gz=01;31:*.lrz=01;31:*.lz=01;31:*.lzo=01;31:*.xz=01;31:*.zst=01;31:*.tzst=01;31:*.bz2=01;31:*.bz=01;31:*.tbz=01;31:*.tbz2=01;31:*.tz=01;31:*.deb=01;31:*.rpm=01;31:*.jar=01;31:*.war=01;31:*.ear=01;31:*.sar=01;31:*.rar=01;31:*.alz=01;31:*.ace=01;31:*.zoo=01;31:*.cpio=01;31:*.7z=01;31:*.rz=01;31:*.cab=01;31:*.wim=01;31:*.swm=01;31:*.dwm=01;31:*.esd=01;31:*.jpg=01;35:*.jpeg=01;35:*.mjpg=01;35:*.mjpeg=01;35:*.gif=01;35:*.bmp=01;35:*.pbm=01;35:*.pgm=01;35:*.ppm=01;35:*.tga=01;35:*.xbm=01;35:*.xpm=01;35:*.tif=01;35:*.tiff=01;35:*.png=01;35:*.svg=01;35:*.svgz=01;35:*.mng=01;35:*.pcx=01;35:*.mov=01;35:*.mpg=01;35:*.mpeg=01;35:*.m2v=01;35:*.mkv=01;35:*.webm=01;35:*.webp=01;35:*.ogm=01;35:*.mp4=01;35:*.m4v=01;35:*.mp4v=01;35:*.vob=01;35:*.qt=01;35:*.nuv=01;35:*.wmv=01;35:*.asf=01;35:*.rm=01;35:*.rmvb=01;35:*.flc=01;35:*.avi=01;35:*.fli=01;35:*.flv=01;35:*.gl=01;35:*.dl=01;35:*.xcf=01;35:*.xwd=01;35:*.yuv=01;35:*.cgm=01;35:*.emf=01;35:*.ogv=01;35:*.ogx=01;35:*.cfg=00;32:*.conf=00;32:*.diff=00;32:*.doc=00;32:*.ini=00;32:*.log=00;32:*.patch=00;32:*.pdf=00;32:*.ps=00;32:*.tex=00;32:*.txt=00;32:*.aac=00;36:*.au=00;36:*.flac=00;36:*.m4a=00;36:*.mid=00;36:*.midi=00;36:*.mka=00;36:*.mp3=00;36:*.mpc=00;36:*.ogg=00;36:*.ra=00;36:*.wav=00;36:*.oga=00;36:*.opus=00;36:*.spx=00;36:*.xspf=00;36:' XDG_CURRENT_DESKTOP=GNOME INFOPATH=/usr/share/info:/usr/share/gcc-data/x86_64-pc-linux-gnu/10.2.0/info:/usr/share/binutils-data/x86_64-pc-linux-gnu/2.45/info:/usr/share/automake-1.16.5/info JAVAC=/etc/java-config-2/current-system-vm/bin/javac TERM=xterm-256color LESSOPEN='|lesspipe %s' USER=jpmurphy CROS_WORKON_SRCROOT=/mnt/host/source MANPAGER=manpager DISPLAY=:1 SHLVL=1 LC_MESSAGES=C EXTERNAL_TRUNK_PATH=/mnt/8f9d649a-3721-44cc-93c0-e6bd21a9689f/chromiumos GCC_SPECS='' PATH=/mnt/host/source/chromite/bin:/usr/local/bin:/usr/bin:/bin:/opt/bin:/mnt/host/source/chromite/sdk/bin:/mnt/host/source/chromite/bin PORTAGE_USERNAME=jpmurphy SUDO_UID=0 GCC_VER=10.2.0 MAIL=/var/mail/jpmurphy OLDPWD=/mnt/host/source/src/scripts traceparent=00-e87aca51550a78635907baa6a2476181-6d684811675d2973-01 _=./zephyr/firmware_builder.py COREBOOT_SDK_ROOT_x86=/home/jpmurphy/.cache/coreboot-sdk/i386-elf/dfbb0486385d938cfa9d73080b9d18d598ed4f49 COREBOOT_SDK_ROOT_picolibc_x86=/home/jpmurphy/.cache/coreboot-sdk/picolibc-i386-elf/eb8e8e687b95461de8cbf278f1c2076952d0ad17 COREBOOT_SDK_ROOT_riscv64=/home/jpmurphy/.cache/coreboot-sdk/riscv64-elf/96b949749225b6aaa92ed810ab769e8dfb12f000 COREBOOT_SDK_ROOT_picolibc_arm=/home/jpmurphy/.cache/coreboot-sdk/picolibc-arm-eabi/422a2aa3e1ef891b5bece9a3deb696ff83840d2e COREBOOT_SDK_ROOT_nds32=/home/jpmurphy/.cache/coreboot-sdk/nds32le-elf/d1a518c4a097666d86058e1444f85ca015d15511 COREBOOT_SDK_ROOT_picolibc_riscv64=/home/jpmurphy/.cache/coreboot-sdk/picolibc-riscv64-elf/f571e990ef0278564b31124f8bb109d9a697eb69 COREBOOT_SDK_ROOT_arm=/home/jpmurphy/.cache/coreboot-sdk/arm-eabi/ea40ddd1d190c3b48435c474c0b545719371813a COREBOOT_SDK_ROOT_libstdcxx_riscv64=/home/jpmurphy/.cache/coreboot-sdk/libstdcxx-riscv64-elf/17abf22a3a252e2d5d2062ced5324f7a623689e0 COREBOOT_SDK_ROOT_libstdcxx_arm=/home/jpmurphy/.cache/coreboot-sdk/libstdcxx-arm-eabi/5d7d82e150e44aa1968f1d366e267e6687b328ac COREBOOT_SDK_ROOT_riscv=/home/jpmurphy/.cache/coreboot-sdk/riscv-elf/9a27b9e82341c6e9126624f516ab3f261abb3e73 COREBOOT_SDK_ROOT_libstdcxx_x86=/home/jpmurphy/.cache/coreboot-sdk/libstdcxx-i386-elf/42ef9d2e87a76a37963175d7d428734e65648b87 PYTHONPATH=/mnt/host/source/src/platform/ec/zephyr/zmake PW_PIGWEED_CIPD_INSTALL_DIR=/usr CROSTC_USER_ACKNOWLEDGES_THAT_RISCV_IS_EXPERIMENTAL=1 MAKEFLAGS=' -j16 --jobserver-auth=5,6' /usr/bin/ninja -C /mnt/host/source/src/platform/ec/build/zephyr/wyrdeer/build-ro all.libraries`
[gwendolin:rw] [478/526] Building C object modules/ec/third_party/boringssl/build/CMakeFiles/crypto.dir/crypto/x509/x509name.c.obj
[brox-ish-ec:ro] [375/378] Building C object zephyr/kernel/CMakeFiles/kernel.dir/mempool.c.obj
[wyrdeer:ro] ninja: Entering directory `/mnt/host/source/src/platform/ec/build/zephyr/wyrdeer/build-ro'
[gwendolin:rw] [479/526] Building C object modules/ec/third_party/boringssl/build/CMakeFiles/crypto.dir/crypto/x509/x509spki.c.obj
Toolchain <zmake.toolchains.CorebootSdkToolchain object at 0x7f41204aab50> selected by probe function.
[quandiso] Building in /mnt/host/source/src/platform/ec/build/zephyr/quandiso.
[brox-ish-ec:ro] [376/378] Building C object zephyr/kernel/CMakeFiles/kernel.dir/events.c.obj
[quandiso:rw] Configuring.
Running `env -i PYTHONPATH=/usr/lib64/python-exec/python3.11:/mnt/host/source/src/platform/ec/zephyr/zmake:/usr/lib/python311.zip:/usr/lib/python3.11:/usr/lib/python3.11/lib-dynload:/usr/lib/python3.11/site-packages PW_PIGWEED_CIPD_INSTALL_DIR=/usr CROSTC_USER_ACKNOWLEDGES_THAT_RISCV_IS_EXPERIMENTAL=1 PATH=/mnt/host/source/chromite/bin:/usr/local/bin:/usr/bin:/bin:/opt/bin:/mnt/host/source/chromite/sdk/bin:/mnt/host/source/chromite/bin HOME=/home/jpmurphy JAVA_HOME=/etc/java-config-2/current-system-vm JDK_HOME=/etc/java-config-2/current-system-vm JAVAC=/etc/java-config-2/current-system-vm/bin/javac MAKEFLAGS=' -j16 --jobserver-auth=5,6' /usr/bin/cmake -S /mnt/host/source/src/platform/ec/zephyr/program/nissa -B /mnt/host/source/src/platform/ec/build/zephyr/quandiso/build-rw -GNinja -DCMAKE_EXPORT_COMPILE_COMMANDS=ON -DZEPHYR_BASE=/mnt/host/source/src/third_party/zephyr/main -DZMAKE_INCLUDE_DIR=/mnt/host/source/src/platform/ec/build/zephyr/quandiso/include -DPython3_EXECUTABLE=/usr/bin/python3.11 -DDTS_ROOT=/mnt/host/source/src/platform/ec/zephyr -DSYSCALL_INCLUDE_DIRS=/mnt/host/source/src/platform/ec/zephyr/include/drivers -DUSER_CACHE_DIR=/mnt/host/source/src/platform/ec/build/zephyr/user-cache '-DEXTRA_EC_VERSION_FLAGS=--version 16543.0.0 --static' -DTOOLCHAIN_ROOT=/mnt/host/source/src/platform/ec/zephyr -DCOREBOOT_SDK_ROOT_x86=/home/jpmurphy/.cache/coreboot-sdk/i386-elf/dfbb0486385d938cfa9d73080b9d18d598ed4f49 -DCOREBOOT_SDK_ROOT_picolibc_x86=/home/jpmurphy/.cache/coreboot-sdk/picolibc-i386-elf/eb8e8e687b95461de8cbf278f1c2076952d0ad17 -DCOREBOOT_SDK_ROOT_riscv64=/home/jpmurphy/.cache/coreboot-sdk/riscv64-elf/96b949749225b6aaa92ed810ab769e8dfb12f000 -DCOREBOOT_SDK_ROOT_picolibc_arm=/home/jpmurphy/.cache/coreboot-sdk/picolibc-arm-eabi/422a2aa3e1ef891b5bece9a3deb696ff83840d2e -DCOREBOOT_SDK_ROOT_nds32=/home/jpmurphy/.cache/coreboot-sdk/nds32le-elf/d1a518c4a097666d86058e1444f85ca015d15511 -DCOREBOOT_SDK_ROOT_picolibc_riscv64=/home/jpmurphy/.cache/coreboot-sdk/picolibc-riscv64-elf/f571e990ef0278564b31124f8bb109d9a697eb69 -DCOREBOOT_SDK_ROOT_arm=/home/jpmurphy/.cache/coreboot-sdk/arm-eabi/ea40ddd1d190c3b48435c474c0b545719371813a -DCOREBOOT_SDK_ROOT_libstdcxx_riscv64=/home/jpmurphy/.cache/coreboot-sdk/libstdcxx-riscv64-elf/17abf22a3a252e2d5d2062ced5324f7a623689e0 -DCOREBOOT_SDK_ROOT_libstdcxx_arm=/home/jpmurphy/.cache/coreboot-sdk/libstdcxx-arm-eabi/5d7d82e150e44aa1968f1d366e267e6687b328ac -DCOREBOOT_SDK_ROOT_riscv=/home/jpmurphy/.cache/coreboot-sdk/riscv-elf/9a27b9e82341c6e9126624f516ab3f261abb3e73 -DCOREBOOT_SDK_ROOT_libstdcxx_x86=/home/jpmurphy/.cache/coreboot-sdk/libstdcxx-i386-elf/42ef9d2e87a76a37963175d7d428734e65648b87 -DZEPHYR_TOOLCHAIN_VARIANT=coreboot-sdk -DZEPHYR_MODULES=/mnt/host/source/src/platform/ec/build/zephyr/quandiso/modules/ec -DDTC_OVERLAY_FILE=/mnt/host/source/src/platform/ec/zephyr/program/nissa/quandiso/project.overlay -DBOARD=it8xxx2/it81302bx -DCMAKE_C_FLAGS=-DSECTION_IS_RW '-DCONF_FILE=/mnt/host/source/src/platform/ec/zephyr/program/nissa/program.conf;/mnt/host/source/src/platform/ec/zephyr/program/nissa/it8xxx2_program.conf;/mnt/host/source/src/platform/ec/zephyr/program/nissa/quandiso/project.conf;/mnt/host/source/src/platform/ec/build/zephyr/quandiso/kconfig-rw.conf'`
[quandiso:rw] Loading Zephyr default modules (Zephyr base (cached)).
[quandiso:rw] -- Application: /mnt/host/source/src/platform/ec/zephyr/program/nissa
[quandiso:rw] -- CMake version: 3.31.7
[brox-ish-ec:ro] [377/378] Building C object zephyr/kernel/CMakeFiles/kernel.dir/dynamic_disabled.c.obj
[gwendolin:rw] [480/526] Building C object modules/ec/third_party/boringssl/build/CMakeFiles/crypto.dir/crypto/x509/x_algor.c.obj
[brox-ish-ec:ro] [378/378] Linking C static library zephyr/kernel/libkernel.a
[gwendolin:ro] [227/513] Building C object modules/ec/zephyr/CMakeFiles/ec_shim.dir/shim/src/gpio.c.obj
[quandiso:rw] -- Found Python3: /usr/bin/python3.11 (found suitable version "3.11.11", minimum required is "3.10") found components: Interpreter
[quandiso:rw] -- Cache files will be written to: /mnt/host/source/src/platform/ec/build/zephyr/user-cache
[gwendolin:ro] [228/513] Building C object modules/ec/zephyr/CMakeFiles/ec_shim.dir/shim/src/gpio_int.c.obj
[quandiso:rw] -- Zephyr version: 4.3.99 (/mnt/host/source/src/third_party/zephyr/main)
[wyrdeer:ro] [1/379] Generating include/generated/zephyr/version.h
[wyrdeer:ro] -- git describe warned: warning: tag 'upstream/v2.7.99' is externally known as 'v2.7.99'
[wyrdeer:ro] -- Zephyr version: 4.3.99 (/mnt/host/source/src/third_party/zephyr/main)
[wyrdeer:ro] [2/379] Preparing syscall dependency handling
[skyrim:ro] [120/417] Building C object CMakeFiles/app.dir/mnt/host/source/src/platform/ec/build/zephyr/skyrim/modules/ec/common/usbc/usb_pd_dpm.c.obj
[wyrdeer:ro] [3/379] Generating misc/generated/syscalls_subdirs.trigger
[skyrim:ro] [121/417] Building C object CMakeFiles/app.dir/mnt/host/source/src/platform/ec/build/zephyr/skyrim/modules/ec/common/usbc/usb_pe_drp_sm.c.obj
[gwendolin:rw] [481/526] Building C object modules/ec/third_party/boringssl/build/CMakeFiles/crypto.dir/crypto/x509/x_all.c.obj
[gwendolin:rw] [482/526] Building C object modules/ec/third_party/boringssl/build/CMakeFiles/crypto.dir/crypto/x509/x_attrib.c.obj
[gwendolin:ro] [229/513] Building C object modules/ec/zephyr/CMakeFiles/ec_shim.dir/shim/src/panic_utils.c.obj
[gwendolin:rw] [483/526] Building C object modules/ec/third_party/boringssl/build/CMakeFiles/crypto.dir/crypto/x509/x_crl.c.obj
[gwendolin:rw] [484/526] Building C object modules/ec/third_party/boringssl/build/CMakeFiles/crypto.dir/crypto/x509/x_exten.c.obj
[skyrim:ro] [122/417] Building C object CMakeFiles/app.dir/mnt/host/source/src/platform/ec/build/zephyr/skyrim/modules/ec/common/usbc/usbc_pd_policy.c.obj
[gwendolin:rw] [485/526] Building C object modules/ec/third_party/boringssl/build/CMakeFiles/crypto.dir/crypto/x509/x_pubkey.c.obj
[gwendolin:ro] [230/513] Building C object modules/ec/zephyr/CMakeFiles/ec_shim.dir/shim/src/pm_state.c.obj
[gwendolin:rw] [486/526] Building C object modules/ec/third_party/boringssl/build/CMakeFiles/crypto.dir/crypto/x509/x_sig.c.obj
[gwendolin:ro] [231/513] Building C object modules/ec/zephyr/CMakeFiles/ec_shim.dir/shim/src/system.c.obj
[gwendolin:ro] [232/513] Building C object modules/ec/zephyr/CMakeFiles/ec_shim.dir/shim/src/flash.c.obj
[wyrdeer:ro] [4/379] Generating misc/generated/syscalls.json, misc/generated/struct_tags.json
[skyrim:ro] [123/417] Building C object CMakeFiles/app.dir/mnt/host/source/src/platform/ec/build/zephyr/skyrim/modules/ec/common/usb_pd_console_cmd.c.obj
[skyrim:ro] [124/417] Building C object CMakeFiles/app.dir/mnt/host/source/src/platform/ec/build/zephyr/skyrim/modules/ec/common/usbc/dp_alt_mode.c.obj
[wyrdeer:ro] [5/379] Generating include/generated/zephyr/syscall_dispatch.c, include/generated/zephyr/syscall_exports_llext.c, syscall_weakdefs_llext.c, include/generated/zephyr/syscall_list.h
[gwendolin:rw] [487/526] Building C object modules/ec/third_party/boringssl/build/CMakeFiles/crypto.dir/crypto/x509/x_name.c.obj
[gwendolin:rw] [488/526] Building C object modules/ec/third_party/boringssl/build/CMakeFiles/crypto.dir/crypto/x509/x_req.c.obj
[gwendolin:ro] [233/513] Building C object modules/ec/zephyr/CMakeFiles/ec_shim.dir/shim/src/hooks.c.obj
[gwendolin:rw] [489/526] Building C object modules/ec/third_party/boringssl/build/CMakeFiles/crypto.dir/crypto/x509/x_spki.c.obj
[gwendolin:rw] [490/526] Building C object modules/ec/third_party/boringssl/build/CMakeFiles/crypto.dir/crypto/x509/x_val.c.obj
[wyrdeer:ro] [6/379] Generating include/generated/zephyr/driver-validation.h
[gwendolin:rw] [491/526] Building C object modules/ec/third_party/boringssl/build/CMakeFiles/crypto.dir/gen/crypto/err_data.c.obj
[quandiso:rw] -- Board: it8xxx2, qualifiers: it81302bx
[wyrdeer:ro] [7/379] Generating include/generated/zephyr/kobj-types-enum.h, include/generated/zephyr/otype-to-str.h, include/generated/zephyr/otype-to-size.h
[wyrdeer:ro] [8/379] Generating include/generated/device-api-sections.ld, include/generated/device-api-sections.cmake
[skyrim:ro] [125/417] Building C object CMakeFiles/app.dir/mnt/host/source/src/platform/ec/build/zephyr/skyrim/modules/ec/common/usb_pd_host_cmd.c.obj
[gwendolin:rw] [492/526] Building C object zephyr/kernel/CMakeFiles/kernel.dir/banner.c.obj
[gwendolin:ro] [234/513] Building C object modules/ec/zephyr/CMakeFiles/ec_shim.dir/shim/src/console_buffer.c.obj
[gwendolin:ro] [235/513] Building C object modules/ec/zephyr/CMakeFiles/ec_shim.dir/shim/src/log_backend_console_buffer.c.obj
[gwendolin:rw] [493/526] Building C object zephyr/kernel/CMakeFiles/kernel.dir/busy_wait.c.obj
[gwendolin:rw] [494/526] Building C object modules/ec/third_party/boringssl/build/CMakeFiles/crypto.dir/crypto/x509/x_x509a.c.obj
[gwendolin:ro] [236/513] Building C object modules/ec/zephyr/CMakeFiles/ec_shim.dir/shim/src/host_command.c.obj
[gwendolin:ro] [237/513] Building C object modules/ec/zephyr/CMakeFiles/ec_shim.dir/shim/src/mkbp_event.c.obj
[gwendolin:rw] [495/526] Building C object zephyr/kernel/CMakeFiles/kernel.dir/main_weak.c.obj
[gwendolin:rw] [496/526] Building C object modules/ec/third_party/boringssl/build/CMakeFiles/crypto.dir/crypto/x509/x_x509.c.obj
[skyrim:ro] [126/417] Building C object CMakeFiles/app.dir/mnt/host/source/src/platform/ec/build/zephyr/skyrim/modules/ec/common/usbc/usb_pd_host.c.obj
[gwendolin:rw] [497/526] Building C object zephyr/kernel/CMakeFiles/kernel.dir/device.c.obj
[skyrim:ro] [127/417] Building C object CMakeFiles/app.dir/mnt/host/source/src/platform/ec/build/zephyr/skyrim/modules/ec/zephyr/shim/src/tcpc.c.obj
[gwendolin:rw] [498/526] Linking C static library modules/ec/third_party/boringssl/build/libcrypto.a
[wyrdeer:ro] [9/379] Building C object zephyr/CMakeFiles/offsets.dir/arch/riscv/core/offsets/offsets.c.obj
[gwendolin:rw] [499/526] Linking C static library zephyr/libzephyr.a
[wyrdeer:ro] [10/379] Generating include/generated/zephyr/offsets.h
[gwendolin:rw] [500/526] Building C object zephyr/kernel/CMakeFiles/kernel.dir/errno.c.obj
[gwendolin:rw] [501/526] Building C object zephyr/kernel/CMakeFiles/kernel.dir/kheap.c.obj
[gwendolin:rw] [502/526] Building C object zephyr/kernel/CMakeFiles/kernel.dir/fatal.c.obj
[gwendolin:rw] [503/526] Building C object zephyr/kernel/CMakeFiles/kernel.dir/init.c.obj
[gwendolin:ro] [238/513] Building C object modules/ec/zephyr/CMakeFiles/ec_shim.dir/shim/src/hwtimer.c.obj
[skyrim:ro] [128/417] Building C object CMakeFiles/app.dir/mnt/host/source/src/platform/ec/build/zephyr/skyrim/modules/ec/common/usb_pd_host_cmd_common.c.obj
[gwendolin:rw] [504/526] Building C object zephyr/kernel/CMakeFiles/kernel.dir/version.c.obj
[gwendolin:ro] [239/513] Building C object modules/ec/zephyr/CMakeFiles/ec_shim.dir/shim/src/random.c.obj
[gwendolin:ro] [240/513] Building C object modules/ec/zephyr/CMakeFiles/ec_shim.dir/shim/src/panic.c.obj
[gwendolin:ro] [241/513] Building C object modules/ec/zephyr/CMakeFiles/ec_shim.dir/shim/src/rtc.c.obj
[gwendolin:rw] [505/526] Building C object zephyr/kernel/CMakeFiles/kernel.dir/mem_slab.c.obj
[gwendolin:rw] [506/526] Building C object zephyr/kernel/CMakeFiles/kernel.dir/float.c.obj
[skyrim:ro] [129/417] Building C object CMakeFiles/app.dir/mnt/host/source/src/platform/ec/build/zephyr/skyrim/modules/ec/common/usbc/svdm_rsp_dfp_only.c.obj
[wyrdeer:ro] [11/379] Building C object zephyr/CMakeFiles/zephyr.dir/lib/libc/validate_libc.c.obj
[quandiso:rw] -- Found Dtc: /usr/bin/dtc (found suitable version "1.6.0", minimum required is "1.4.6")
[quandiso:rw] -- Found BOARD.dts: /mnt/host/source/src/platform/ec/zephyr/boards/google/it8xxx2/it8xxx2_it81302bx.dts
[quandiso:rw] -- Found devicetree overlay: /mnt/host/source/src/platform/ec/zephyr/program/nissa/quandiso/project.overlay
[skyrim:ro] [130/417] Building C object CMakeFiles/app.dir/mnt/host/source/src/platform/ec/build/zephyr/skyrim/modules/ec/common/usbc_ocp.c.obj
[gwendolin:rw] [507/526] Building C object zephyr/kernel/CMakeFiles/kernel.dir/idle.c.obj
[gwendolin:rw] [508/526] Building C object zephyr/kernel/CMakeFiles/kernel.dir/msg_q.c.obj
[gwendolin:rw] [509/526] Building C object zephyr/kernel/CMakeFiles/kernel.dir/mailbox.c.obj
[gwendolin:rw] [510/526] Building C object zephyr/kernel/CMakeFiles/kernel.dir/mutex.c.obj
[gwendolin:ro] [242/513] Building C object modules/ec/zephyr/CMakeFiles/ec_shim.dir/shim/src/sha256_hw.c.obj
[gwendolin:ro] [243/513] Building C object modules/ec/zephyr/CMakeFiles/ec_shim.dir/shim/src/watchdog.c.obj
[gwendolin:ro] [244/513] Building C object modules/ec/zephyr/CMakeFiles/ec_shim.dir/shim/src/tasks.c.obj
[wyrdeer:ro] [12/379] Building C object zephyr/CMakeFiles/zephyr.dir/lib/heap/heap.c.obj
[gwendolin:ro] [245/513] Building C object modules/ec/zephyr/CMakeFiles/ec_shim.dir/shim/src/usbc_stub.c.obj
[gwendolin:rw] [511/526] Building C object zephyr/kernel/CMakeFiles/kernel.dir/queue.c.obj
[skyrim:ro] [131/417] Building C object CMakeFiles/app.dir/mnt/host/source/src/platform/ec/build/zephyr/skyrim/modules/ec/common/usb_pd_discovery.c.obj
[gwendolin:rw] [512/526] Building C object zephyr/kernel/CMakeFiles/kernel.dir/sem.c.obj
[gwendolin:ro] [246/513] Linking C static library modules/ec/zephyr/libec_shim.a
[/mnt/host/source/src/platform/ec/build/zephyr/padme-lcov]   /mnt/host/source/src/platform/ec/build/zephyr/padme/build-ro/CMakeFiles/app.dir/mnt/host/source/src/platform/ec/build/zephyr/padme/modules/ec/common/cbi_config.c.gcno:no functions found
[/mnt/host/source/src/platform/ec/build/zephyr/padme-lcov] stderr:
[gwendolin:ro] [247/513] Building C object modules/ec/third_party/boringssl/build/CMakeFiles/crypto.dir/crypto/asn1/a_bool.c.obj
[gwendolin:ro] [248/513] Building C object modules/ec/third_party/boringssl/build/CMakeFiles/crypto.dir/crypto/asn1/a_d2i_fp.c.obj
[gwendolin:rw] [513/526] Building C object zephyr/kernel/CMakeFiles/kernel.dir/stack.c.obj
[skyrim:ro] [132/417] Building C object CMakeFiles/app.dir/mnt/host/source/src/platform/ec/build/zephyr/skyrim/modules/ec/common/usb_pd_dual_role.c.obj
[gwendolin:ro] [249/513] Building C object modules/ec/third_party/boringssl/build/CMakeFiles/crypto.dir/crypto/asn1/a_dup.c.obj
[gwendolin:rw] [514/526] Building C object zephyr/kernel/CMakeFiles/kernel.dir/work.c.obj
[gwendolin:rw] [515/526] Building C object zephyr/kernel/CMakeFiles/kernel.dir/system_work_q.c.obj
[skyrim:ro] [133/417] Building C object CMakeFiles/app.dir/mnt/host/source/src/platform/ec/build/zephyr/skyrim/modules/ec/common/usbc/dp_hpd_gpio.c.obj
[gwendolin:ro] [250/513] Building C object modules/ec/third_party/boringssl/build/CMakeFiles/crypto.dir/crypto/asn1/a_gentm.c.obj
[gwendolin:rw] [516/526] Building C object zephyr/kernel/CMakeFiles/kernel.dir/condvar.c.obj
[gwendolin:ro] [251/513] Building C object modules/ec/third_party/boringssl/build/CMakeFiles/crypto.dir/crypto/asn1/a_bitstr.c.obj
[gwendolin:ro] [252/513] Building C object modules/ec/third_party/boringssl/build/CMakeFiles/crypto.dir/crypto/asn1/a_i2d_fp.c.obj
[wyrdeer:ro] [13/379] Building C object zephyr/CMakeFiles/zephyr.dir/lib/os/cbprintf_packaged.c.obj
[/mnt/host/source/src/platform/ec/build/zephyr/padme-lcov]   /mnt/host/source/src/platform/ec/build/zephyr/padme/build-ro/zephyr/arch/arch/riscv/core/CMakeFiles/arch__riscv__core.dir/cpu_idle.c.gcno:no functions found
[/mnt/host/source/src/platform/ec/build/zephyr/padme-lcov] stderr:
[gwendolin:rw] [517/526] Building C object zephyr/kernel/CMakeFiles/kernel.dir/sched.c.obj
[gwendolin:rw] [518/526] Building C object zephyr/kernel/CMakeFiles/kernel.dir/thread.c.obj
[gwendolin:ro] [253/513] Building C object modules/ec/third_party/boringssl/build/CMakeFiles/crypto.dir/crypto/asn1/a_mbstr.c.obj
[skyrim:ro] [134/417] Building C object CMakeFiles/app.dir/mnt/host/source/src/platform/ec/build/zephyr/skyrim/modules/ec/driver/tcpm/nct38xx.c.obj
[gwendolin:ro] [254/513] Building C object modules/ec/third_party/boringssl/build/CMakeFiles/crypto.dir/crypto/asn1/a_octet.c.obj
[gwendolin:rw] [519/526] Building C object zephyr/kernel/CMakeFiles/kernel.dir/pipe.c.obj
[gwendolin:rw] [520/526] Building C object zephyr/kernel/CMakeFiles/kernel.dir/poll.c.obj
[gwendolin:rw] [521/526] Building C object zephyr/kernel/CMakeFiles/kernel.dir/timeout.c.obj
Running (initial) lcov on /mnt/host/source/src/platform/ec/build/zephyr/brox-ish-ec.
[gwendolin:rw] [522/526] Building C object zephyr/kernel/CMakeFiles/kernel.dir/timer.c.obj
[quandiso:rw] -- Generated zephyr.dts: /mnt/host/source/src/platform/ec/build/zephyr/quandiso/build-rw/zephyr/zephyr.dts
[gwendolin:ro] [255/513] Building C object modules/ec/third_party/boringssl/build/CMakeFiles/crypto.dir/crypto/asn1/a_int.c.obj
[wyrdeer:ro] [14/379] Building C object zephyr/CMakeFiles/zephyr.dir/lib/os/clock.c.obj
[gwendolin:rw] [523/526] Building C object zephyr/kernel/CMakeFiles/kernel.dir/mempool.c.obj
[skyrim:ro] [135/417] Building C object CMakeFiles/app.dir/mnt/host/source/src/platform/ec/build/zephyr/skyrim/modules/ec/driver/tcpm/tcpci.c.obj
[gwendolin:ro] [256/513] Building C object modules/ec/third_party/boringssl/build/CMakeFiles/crypto.dir/crypto/asn1/a_object.c.obj
[skyrim:ro] [136/417] Building C object CMakeFiles/app.dir/mnt/host/source/src/platform/ec/build/zephyr/skyrim/modules/ec/common/usbc_ppc.c.obj
Running `env -i PYTHONPATH=/usr/lib64/python-exec/python3.11:/mnt/host/source/src/platform/ec/zephyr/zmake:/usr/lib/python311.zip:/usr/lib/python3.11:/usr/lib/python3.11/lib-dynload:/usr/lib/python3.11/site-packages PW_PIGWEED_CIPD_INSTALL_DIR=/usr CROSTC_USER_ACKNOWLEDGES_THAT_RISCV_IS_EXPERIMENTAL=1 PATH=/mnt/host/source/chromite/bin:/usr/local/bin:/usr/bin:/bin:/opt/bin:/mnt/host/source/chromite/sdk/bin:/mnt/host/source/chromite/bin HOME=/home/jpmurphy JAVA_HOME=/etc/java-config-2/current-system-vm JDK_HOME=/etc/java-config-2/current-system-vm JAVAC=/etc/java-config-2/current-system-vm/bin/javac MAKEFLAGS=' -j16 --jobserver-auth=5,6' /usr/bin/lcov --gcov-tool /mnt/host/source/src/platform/ec/build/zephyr/brox-ish-ec/build-rw/gcov.sh -q -o - -c -d /mnt/host/source/src/platform/ec/build/zephyr/brox-ish-ec -t brox-ish-ec --rc branch_coverage=1 --filter range --ignore-errors inconsistent,source --ignore-errors gcov,gcov -i`
[quandiso:ro] Configuring.
[gwendolin:rw] [524/526] Building C object zephyr/kernel/CMakeFiles/kernel.dir/events.c.obj
Running `env -i PYTHONPATH=/usr/lib64/python-exec/python3.11:/mnt/host/source/src/platform/ec/zephyr/zmake:/usr/lib/python311.zip:/usr/lib/python3.11:/usr/lib/python3.11/lib-dynload:/usr/lib/python3.11/site-packages PW_PIGWEED_CIPD_INSTALL_DIR=/usr CROSTC_USER_ACKNOWLEDGES_THAT_RISCV_IS_EXPERIMENTAL=1 PATH=/mnt/host/source/chromite/bin:/usr/local/bin:/usr/bin:/bin:/opt/bin:/mnt/host/source/chromite/sdk/bin:/mnt/host/source/chromite/bin HOME=/home/jpmurphy JAVA_HOME=/etc/java-config-2/current-system-vm JDK_HOME=/etc/java-config-2/current-system-vm JAVAC=/etc/java-config-2/current-system-vm/bin/javac MAKEFLAGS=' -j16 --jobserver-auth=5,6' /usr/bin/cmake -S /mnt/host/source/src/platform/ec/zephyr/program/nissa -B /mnt/host/source/src/platform/ec/build/zephyr/quandiso/build-ro -GNinja -DCMAKE_EXPORT_COMPILE_COMMANDS=ON -DZEPHYR_BASE=/mnt/host/source/src/third_party/zephyr/main -DZMAKE_INCLUDE_DIR=/mnt/host/source/src/platform/ec/build/zephyr/quandiso/include -DPython3_EXECUTABLE=/usr/bin/python3.11 -DDTS_ROOT=/mnt/host/source/src/platform/ec/zephyr -DSYSCALL_INCLUDE_DIRS=/mnt/host/source/src/platform/ec/zephyr/include/drivers -DUSER_CACHE_DIR=/mnt/host/source/src/platform/ec/build/zephyr/user-cache '-DEXTRA_EC_VERSION_FLAGS=--version 16543.0.0 --static' -DTOOLCHAIN_ROOT=/mnt/host/source/src/platform/ec/zephyr -DCOREBOOT_SDK_ROOT_x86=/home/jpmurphy/.cache/coreboot-sdk/i386-elf/dfbb0486385d938cfa9d73080b9d18d598ed4f49 -DCOREBOOT_SDK_ROOT_picolibc_x86=/home/jpmurphy/.cache/coreboot-sdk/picolibc-i386-elf/eb8e8e687b95461de8cbf278f1c2076952d0ad17 -DCOREBOOT_SDK_ROOT_riscv64=/home/jpmurphy/.cache/coreboot-sdk/riscv64-elf/96b949749225b6aaa92ed810ab769e8dfb12f000 -DCOREBOOT_SDK_ROOT_picolibc_arm=/home/jpmurphy/.cache/coreboot-sdk/picolibc-arm-eabi/422a2aa3e1ef891b5bece9a3deb696ff83840d2e -DCOREBOOT_SDK_ROOT_nds32=/home/jpmurphy/.cache/coreboot-sdk/nds32le-elf/d1a518c4a097666d86058e1444f85ca015d15511 -DCOREBOOT_SDK_ROOT_picolibc_riscv64=/home/jpmurphy/.cache/coreboot-sdk/picolibc-riscv64-elf/f571e990ef0278564b31124f8bb109d9a697eb69 -DCOREBOOT_SDK_ROOT_arm=/home/jpmurphy/.cache/coreboot-sdk/arm-eabi/ea40ddd1d190c3b48435c474c0b545719371813a -DCOREBOOT_SDK_ROOT_libstdcxx_riscv64=/home/jpmurphy/.cache/coreboot-sdk/libstdcxx-riscv64-elf/17abf22a3a252e2d5d2062ced5324f7a623689e0 -DCOREBOOT_SDK_ROOT_libstdcxx_arm=/home/jpmurphy/.cache/coreboot-sdk/libstdcxx-arm-eabi/5d7d82e150e44aa1968f1d366e267e6687b328ac -DCOREBOOT_SDK_ROOT_riscv=/home/jpmurphy/.cache/coreboot-sdk/riscv-elf/9a27b9e82341c6e9126624f516ab3f261abb3e73 -DCOREBOOT_SDK_ROOT_libstdcxx_x86=/home/jpmurphy/.cache/coreboot-sdk/libstdcxx-i386-elf/42ef9d2e87a76a37963175d7d428734e65648b87 -DZEPHYR_TOOLCHAIN_VARIANT=coreboot-sdk -DZEPHYR_MODULES=/mnt/host/source/src/platform/ec/build/zephyr/quandiso/modules/ec -DDTC_OVERLAY_FILE=/mnt/host/source/src/platform/ec/zephyr/program/nissa/quandiso/project.overlay -DBOARD=it8xxx2/it81302bx -DCMAKE_C_FLAGS=-DSECTION_IS_RO '-DCONF_FILE=/mnt/host/source/src/platform/ec/zephyr/program/nissa/program.conf;/mnt/host/source/src/platform/ec/zephyr/program/nissa/it8xxx2_program.conf;/mnt/host/source/src/platform/ec/zephyr/program/nissa/quandiso/project.conf;/mnt/host/source/src/platform/ec/build/zephyr/quandiso/kconfig-ro.conf'`
[quandiso:ro] Loading Zephyr default modules (Zephyr base (cached)).
[quandiso:ro] -- Application: /mnt/host/source/src/platform/ec/zephyr/program/nissa
[quandiso:ro] -- CMake version: 3.31.7
[/mnt/host/source/src/platform/ec/build/zephyr/padme-lcov]   /mnt/host/source/src/platform/ec/build/zephyr/padme/build-ro/zephyr/arch/common/CMakeFiles/isr_tables.dir/isr_tables.c.gcno:no functions found
[/mnt/host/source/src/platform/ec/build/zephyr/padme-lcov] stderr:
[gwendolin:ro] [257/513] Building C object modules/ec/third_party/boringssl/build/CMakeFiles/crypto.dir/crypto/asn1/a_time.c.obj
[gwendolin:ro] [258/513] Building C object modules/ec/third_party/boringssl/build/CMakeFiles/fipsmodule.dir/crypto/fipsmodule/bcm.c.obj
[gwendolin:rw] [525/526] Building C object zephyr/kernel/CMakeFiles/kernel.dir/dynamic_disabled.c.obj
[quandiso:rw] -- Generated pickled edt: /mnt/host/source/src/platform/ec/build/zephyr/quandiso/build-rw/zephyr/edt.pickle
[quandiso:rw] -- Generated devicetree_generated.h: /mnt/host/source/src/platform/ec/build/zephyr/quandiso/build-rw/zephyr/include/generated/zephyr/devicetree_generated.h
[gwendolin:rw] [526/526] Linking C static library zephyr/kernel/libkernel.a
[gwendolin:ro] [259/513] Building C object modules/ec/third_party/boringssl/build/CMakeFiles/crypto.dir/crypto/asn1/a_type.c.obj
[quandiso:ro] -- Found Python3: /usr/bin/python3.11 (found suitable version "3.11.11", minimum required is "3.10") found components: Interpreter
[quandiso:ro] -- Cache files will be written to: /mnt/host/source/src/platform/ec/build/zephyr/user-cache
[quandiso:ro] -- Zephyr version: 4.3.99 (/mnt/host/source/src/third_party/zephyr/main)
[gwendolin:ro] [260/513] Building C object modules/ec/third_party/boringssl/build/CMakeFiles/crypto.dir/crypto/asn1/a_strex.c.obj
[gwendolin:ro] [261/513] Building C object modules/ec/third_party/boringssl/build/CMakeFiles/crypto.dir/crypto/asn1/a_strnid.c.obj
[gwendolin:ro] [262/513] Building C object modules/ec/third_party/boringssl/build/CMakeFiles/crypto.dir/crypto/asn1/a_utctm.c.obj
[wyrdeer:ro] [15/379] Building C object zephyr/CMakeFiles/zephyr.dir/lib/os/printk.c.obj
[skyrim:ro] [137/417] Building C object CMakeFiles/app.dir/mnt/host/source/src/platform/ec/build/zephyr/skyrim/modules/ec/driver/ppc/aoz1380.c.obj
[wyrdeer:ro] [16/379] Building C object zephyr/CMakeFiles/zephyr.dir/lib/os/sem.c.obj
[gwendolin:ro] [263/513] Building C object modules/ec/third_party/boringssl/build/CMakeFiles/crypto.dir/crypto/asn1/f_string.c.obj
[gwendolin:ro] [264/513] Building C object modules/ec/third_party/boringssl/build/CMakeFiles/crypto.dir/crypto/asn1/asn1_par.c.obj
[gwendolin:ro] [265/513] Building C object modules/ec/third_party/boringssl/build/CMakeFiles/crypto.dir/crypto/asn1/f_int.c.obj
[gwendolin:ro] [266/513] Building C object modules/ec/third_party/boringssl/build/CMakeFiles/crypto.dir/crypto/asn1/asn_pack.c.obj
[gwendolin:ro] [267/513] Building C object modules/ec/third_party/boringssl/build/CMakeFiles/crypto.dir/crypto/asn1/posix_time.c.obj
[/mnt/host/source/src/platform/ec/build/zephyr/brox-ish-ec-lcov] geninfo: WARNING: (format) invalid characters removed from testname
[skyrim:ro] [138/417] Building C object CMakeFiles/app.dir/mnt/host/source/src/platform/ec/build/zephyr/skyrim/modules/ec/driver/ppc/nx20p348x.c.obj
[skyrim:ro] [139/417] Building C object CMakeFiles/app.dir/mnt/host/source/src/platform/ec/build/zephyr/skyrim/modules/ec/common/vboot_hash.c.obj
[gwendolin:ro] [268/513] Building C object modules/ec/third_party/boringssl/build/CMakeFiles/crypto.dir/crypto/asn1/tasn_fre.c.obj
[/mnt/host/source/src/platform/ec/build/zephyr/brox-ish-ec-lcov] 	(use "geninfo --ignore-errors format,format ..." to suppress this warning)
[/mnt/host/source/src/platform/ec/build/zephyr/brox-ish-ec-lcov] geninfo: WARNING: using JSON module "JSON::PP" - which is much slower than some alternatives.  Consider installing one of JSON::XS or Cpanel::JSON::XS
[gwendolin:ro] [269/513] Building C object modules/ec/third_party/boringssl/build/CMakeFiles/crypto.dir/crypto/asn1/tasn_typ.c.obj
[skyrim:ro] [140/417] Building C object CMakeFiles/app.dir/mnt/host/source/src/platform/ec/build/zephyr/skyrim/modules/ec/common/button.c.obj
[gwendolin:ro] [270/513] Building C object modules/ec/third_party/boringssl/build/CMakeFiles/crypto.dir/crypto/asn1/asn1_lib.c.obj
[wyrdeer:ro] [17/379] Building C object zephyr/CMakeFiles/zephyr.dir/lib/os/thread_entry.c.obj
[wyrdeer:ro] [18/379] Building C object zephyr/CMakeFiles/zephyr.dir/lib/os/cbprintf_nano.c.obj
[gwendolin:ro] [271/513] Building C object modules/ec/third_party/boringssl/build/CMakeFiles/crypto.dir/crypto/asn1/tasn_enc.c.obj
[gwendolin:ro] [272/513] Building C object modules/ec/third_party/boringssl/build/CMakeFiles/crypto.dir/crypto/asn1/tasn_dec.c.obj
[gwendolin:ro] [273/513] Building C object modules/ec/third_party/boringssl/build/CMakeFiles/crypto.dir/crypto/asn1/tasn_new.c.obj
[skyrim:ro] [141/417] Building C object CMakeFiles/app.dir/mnt/host/source/src/platform/ec/build/zephyr/skyrim/modules/ec/common/vboot/efs2.c.obj
[gwendolin:ro] [274/513] Building C object modules/ec/third_party/boringssl/build/CMakeFiles/crypto.dir/crypto/bio/connect.c.obj
[gwendolin:ro] [275/513] Building C object modules/ec/third_party/boringssl/build/CMakeFiles/crypto.dir/crypto/bio/errno.c.obj
[quandiso:rw] /mnt/host/source/src/platform/ec/build/zephyr/quandiso/build-rw/zephyr/zephyr.dts:1224.27-1953.5: Warning (avoid_unnecessary_addr_size): /soc/pin-controller: unnecessary #address-cells/#size-cells without "ranges" or child "reg" property
[quandiso:rw] /mnt/host/source/src/platform/ec/build/zephyr/quandiso/build-rw/zephyr/zephyr.dts:2898.9-2906.5: Warning (gpios_property): /fans/fan_0: Missing property '#gpio-cells' in node /named-gpios/fan-enable or bad phandle (referred from enable-gpio[0])
[skyrim:ro] [142/417] Building C object CMakeFiles/app.dir/mnt/host/source/src/platform/ec/build/zephyr/skyrim/modules/ec/common/math_util.c.obj
[skyrim:ro] [143/417] Building C object CMakeFiles/app.dir/mnt/host/source/src/platform/ec/build/zephyr/skyrim/modules/ec/common/vstore.c.obj
[wyrdeer:ro] [19/379] Building C object zephyr/CMakeFiles/zephyr.dir/lib/os/assert.c.obj
[gwendolin:ro] [276/513] Building C object modules/ec/third_party/boringssl/build/CMakeFiles/crypto.dir/crypto/asn1/tasn_utl.c.obj
[wyrdeer:ro] [20/379] Building C object zephyr/CMakeFiles/zephyr.dir/lib/os/cbprintf.c.obj
[quandiso:ro] -- Board: it8xxx2, qualifiers: it81302bx
[gwendolin:ro] [277/513] Building C object modules/ec/third_party/boringssl/build/CMakeFiles/crypto.dir/crypto/bio/bio.c.obj
[gwendolin:ro] [278/513] Building C object modules/ec/third_party/boringssl/build/CMakeFiles/crypto.dir/crypto/bio/fd.c.obj
[gwendolin:ro] [279/513] Building C object modules/ec/third_party/boringssl/build/CMakeFiles/crypto.dir/crypto/base64/base64.c.obj
[skyrim:ro] [144/417] Building C object CMakeFiles/app.dir/src/common.c.obj
[wyrdeer:ro] [21/379] Building C object zephyr/CMakeFiles/zephyr.dir/lib/utils/dec.c.obj
[gwendolin:ro] [280/513] Building C object modules/ec/third_party/boringssl/build/CMakeFiles/crypto.dir/crypto/bio/socket.c.obj
[gwendolin:ro] [281/513] Building C object modules/ec/third_party/boringssl/build/CMakeFiles/crypto.dir/crypto/bio/printf.c.obj
[wyrdeer:ro] [22/379] Building C object zephyr/CMakeFiles/zephyr.dir/lib/utils/hex.c.obj
[/mnt/host/source/src/platform/ec/build/zephyr/brox-ish-ec-lcov] stderr:
[gwendolin:ro] [282/513] Building C object modules/ec/third_party/boringssl/build/CMakeFiles/crypto.dir/crypto/bio/socket_helper.c.obj
[gwendolin:ro] [283/513] Building C object modules/ec/third_party/boringssl/build/CMakeFiles/crypto.dir/crypto/bio/bio_mem.c.obj
[gwendolin:ro] [284/513] Building C object modules/ec/third_party/boringssl/build/CMakeFiles/crypto.dir/crypto/bio/file.c.obj
[wyrdeer:ro] [23/379] Building C object zephyr/CMakeFiles/zephyr.dir/lib/utils/timeutil.c.obj
[skyrim:ro] [145/417] Building C object CMakeFiles/app.dir/src/i2c_policy.c.obj
[gwendolin:ro] [285/513] Building C object modules/ec/third_party/boringssl/build/CMakeFiles/crypto.dir/crypto/bn_extra/bn_asn1.c.obj
[gwendolin:ro] [286/513] Building C object modules/ec/third_party/boringssl/build/CMakeFiles/crypto.dir/crypto/bio/pair.c.obj
[/mnt/host/source/src/platform/ec/build/zephyr/brox-ish-ec-lcov]   /mnt/host/source/src/platform/ec/build/zephyr/brox-ish-ec/build-ro/modules/ec/zephyr/CMakeFiles/ec_shim.dir/shim/src/thermal.c.gcno:no functions found
[/mnt/host/source/src/platform/ec/build/zephyr/brox-ish-ec-lcov] stderr:
[gwendolin:ro] [287/513] Building C object modules/ec/third_party/boringssl/build/CMakeFiles/crypto.dir/crypto/bio/hexdump.c.obj
[wyrdeer:ro] [24/379] Building C object zephyr/CMakeFiles/zephyr.dir/lib/utils/rb.c.obj
[skyrim:ro] [146/417] Building C object CMakeFiles/app.dir/src/power_signals.c.obj
[gwendolin:ro] [288/513] Building C object modules/ec/third_party/boringssl/build/CMakeFiles/crypto.dir/crypto/bytestring/ber.c.obj
[skyrim:ro] [147/417] Building C object CMakeFiles/app.dir/src/usb_pd_policy.c.obj
[gwendolin:ro] [289/513] Building C object modules/ec/third_party/boringssl/build/CMakeFiles/crypto.dir/crypto/blake2/blake2.c.obj
[/mnt/host/source/src/platform/ec/build/zephyr/brox-ish-ec-lcov]   /mnt/host/source/src/platform/ec/build/zephyr/brox-ish-ec/build-ro/modules/ec/zephyr/CMakeFiles/ec_shim.dir/shim/src/battery.c.gcno:no functions found
[/mnt/host/source/src/platform/ec/build/zephyr/brox-ish-ec-lcov] stderr:
[wyrdeer:ro] [25/379] Building C object zephyr/CMakeFiles/zephyr.dir/lib/utils/bitmask.c.obj
[skyrim:ro] [148/417] Building C object CMakeFiles/app.dir/src/usb_mux_config.c.obj
[gwendolin:ro] [290/513] Building C object modules/ec/third_party/boringssl/build/CMakeFiles/crypto.dir/crypto/bytestring/unicode.c.obj
[gwendolin:ro] [291/513] Building C object modules/ec/third_party/boringssl/build/CMakeFiles/crypto.dir/crypto/bn_extra/convert.c.obj
[wyrdeer:ro] [26/379] Building C object zephyr/CMakeFiles/zephyr.dir/lib/utils/bitarray.c.obj
[gwendolin:ro] [292/513] Building C object modules/ec/third_party/boringssl/build/CMakeFiles/crypto.dir/crypto/buf/buf.c.obj
[gwendolin:ro] [293/513] Building C object modules/ec/third_party/boringssl/build/CMakeFiles/crypto.dir/crypto/bytestring/asn1_compat.c.obj
[gwendolin:ro] [294/513] Building C object modules/ec/third_party/boringssl/build/CMakeFiles/crypto.dir/crypto/bytestring/cbb.c.obj
[gwendolin:ro] [295/513] Building C object modules/ec/third_party/boringssl/build/CMakeFiles/crypto.dir/crypto/cipher_extra/derive_key.c.obj
[skyrim:ro] [149/417] Building C object CMakeFiles/app.dir/src/usbc_config.c.obj
[gwendolin:ro] [296/513] Building C object modules/ec/third_party/boringssl/build/CMakeFiles/crypto.dir/crypto/bytestring/cbs.c.obj
[/mnt/host/source/src/platform/ec/build/zephyr/brox-ish-ec-lcov]   /mnt/host/source/src/platform/ec/build/zephyr/brox-ish-ec/build-ro/modules/ec/zephyr/CMakeFiles/ec_shim.dir/shim/src/charger.c.gcno:no functions found
[/mnt/host/source/src/platform/ec/build/zephyr/brox-ish-ec-lcov] stderr:
[skyrim:ro] [150/417] Building C object CMakeFiles/app.dir/src/stt.c.obj
[wyrdeer:ro] [27/379] Building C object zephyr/CMakeFiles/zephyr.dir/lib/utils/getopt/getopt.c.obj
[/mnt/host/source/src/platform/ec/build/zephyr/padme-lcov]   /mnt/host/source/src/platform/ec/build/zephyr/padme/build-ro/zephyr/CMakeFiles/zephyr.dir/subsys/shell/modules/kernel_service/kernel_shell.c.gcno:no functions found
[/mnt/host/source/src/platform/ec/build/zephyr/padme-lcov] stderr:
[quandiso:ro] -- Found Dtc: /usr/bin/dtc (found suitable version "1.6.0", minimum required is "1.4.6")
[quandiso:ro] -- Found BOARD.dts: /mnt/host/source/src/platform/ec/zephyr/boards/google/it8xxx2/it8xxx2_it81302bx.dts
[quandiso:ro] -- Found devicetree overlay: /mnt/host/source/src/platform/ec/zephyr/program/nissa/quandiso/project.overlay
[gwendolin:ro] [297/513] Building C object modules/ec/third_party/boringssl/build/CMakeFiles/crypto.dir/crypto/chacha/chacha.c.obj
[skyrim:ro] [151/417] Building C object CMakeFiles/app.dir/skyrim/src/usb_mux_config.c.obj
[skyrim:ro] [152/417] Building C object CMakeFiles/app.dir/skyrim/src/ppc_config.c.obj
[wyrdeer:ro] [28/379] Building C object zephyr/CMakeFiles/zephyr.dir/lib/utils/getopt/getopt_common.c.obj
[/mnt/host/source/src/platform/ec/build/zephyr/padme-lcov]   /mnt/host/source/src/platform/ec/build/zephyr/padme/build-ro/zephyr/CMakeFiles/zephyr.dir/lib/libc/validate_libc.c.gcno:no functions found
[/mnt/host/source/src/platform/ec/build/zephyr/padme-lcov] stderr:
[gwendolin:ro] [298/513] Building C object modules/ec/third_party/boringssl/build/CMakeFiles/crypto.dir/crypto/cipher_extra/cipher_extra.c.obj
[wyrdeer:ro] [29/379] Building C object zephyr/CMakeFiles/zephyr.dir/lib/utils/last_section_id.c.obj
[wyrdeer:ro] [30/379] Building C object zephyr/CMakeFiles/zephyr.dir/lib/utils/ring_buffer.c.obj
[wyrdeer:ro] [31/379] Building C object zephyr/CMakeFiles/zephyr.dir/misc/generated/configs.c.obj
[gwendolin:ro] [299/513] Building C object modules/ec/third_party/boringssl/build/CMakeFiles/crypto.dir/crypto/cipher_extra/e_aesctrhmac.c.obj
[gwendolin:ro] [300/513] Building C object modules/ec/third_party/boringssl/build/CMakeFiles/crypto.dir/crypto/cipher_extra/e_chacha20poly1305.c.obj
[wyrdeer:ro] [32/379] Building ASM object zephyr/CMakeFiles/zephyr.dir/soc/ite/ec/common/soc_irq.S.obj
[gwendolin:ro] [301/513] Building C object modules/ec/third_party/boringssl/build/CMakeFiles/crypto.dir/crypto/cipher_extra/e_des.c.obj
[quandiso:rw] warning: TASK_HOSTCMD_STACK_SIZE (defined at
[quandiso:rw] /mnt/host/source/src/platform/ec/zephyr/Kconfig.stacks:52,
[quandiso:rw] /mnt/host/source/src/platform/ec/zephyr/Kconfig.tasks:123) was assigned the value '1280' but got the
[quandiso:rw] value '1152'. See http://docs.zephyrproject.org/latest/kconfig.html#CONFIG_TASK_HOSTCMD_STACK_SIZE
[quandiso:rw] and/or look up TASK_HOSTCMD_STACK_SIZE in the menuconfig/guiconfig interface. The Application
[quandiso:rw] Development Primer, Setting Configuration Values, and Kconfig - Tips and Best Practices sections of
[quandiso:rw] the manual might be helpful too.
[quandiso:rw] warning: Deprecated symbol I2C_ALLOW_NO_STOP_TRANSACTIONS is enabled.
[gwendolin:ro] [302/513] Building C object modules/ec/third_party/boringssl/build/CMakeFiles/crypto.dir/crypto/cipher_extra/e_aesgcmsiv.c.obj
[gwendolin:ro] [303/513] Building C object modules/ec/third_party/boringssl/build/CMakeFiles/crypto.dir/crypto/cipher_extra/e_null.c.obj
[skyrim:ro] [153/417] Building C object zephyr/CMakeFiles/zephyr.dir/lib/libc/validate_libc.c.obj
[skyrim:ro] [154/417] Building C object CMakeFiles/app.dir/skyrim/src/alt_charger.c.obj
[skyrim:ro] [155/417] Building C object CMakeFiles/app.dir/skyrim/src/form_factor.c.obj
[wyrdeer:ro] [33/379] Building C object zephyr/CMakeFiles/zephyr.dir/soc/ite/ec/common/soc_common_irq.c.obj
[gwendolin:ro] [304/513] Building C object modules/ec/third_party/boringssl/build/CMakeFiles/crypto.dir/crypto/cipher_extra/e_rc2.c.obj
[wyrdeer:ro] [34/379] Building C object zephyr/CMakeFiles/zephyr.dir/soc/ite/ec/common/power.c.obj
[skyrim:ro] [156/417] Building C object CMakeFiles/app.dir/skyrim/src/fan.c.obj
[/mnt/host/source/src/platform/ec/build/zephyr/padme-lcov]   /mnt/host/source/src/platform/ec/build/zephyr/padme/build-ro/zephyr/CMakeFiles/zephyr.dir/lib/utils/last_section_id.c.gcno:no functions found
[/mnt/host/source/src/platform/ec/build/zephyr/padme-lcov] stderr:
[quandiso:rw] Parsing /mnt/host/source/src/platform/ec/zephyr/program/nissa/Kconfig
[gwendolin:ro] [305/513] Building C object modules/ec/third_party/boringssl/build/CMakeFiles/crypto.dir/crypto/cipher_extra/e_rc4.c.obj
[/mnt/host/source/src/platform/ec/build/zephyr/brox-ish-ec-lcov]   /mnt/host/source/src/platform/ec/build/zephyr/brox-ish-ec/build-ro/modules/ec/zephyr/CMakeFiles/ec_shim.dir/shim/src/usba.c.gcno:no functions found
[/mnt/host/source/src/platform/ec/build/zephyr/brox-ish-ec-lcov] stderr:
[skyrim:ro] [157/417] Linking C static library app/libapp.a
[gwendolin:ro] [306/513] Building C object modules/ec/third_party/boringssl/build/CMakeFiles/crypto.dir/crypto/cipher_extra/e_tls.c.obj
[gwendolin:ro] [307/513] Building C object modules/ec/third_party/boringssl/build/CMakeFiles/crypto.dir/crypto/cipher_extra/tls_cbc.c.obj
[gwendolin:ro] [308/513] Building C object modules/ec/third_party/boringssl/build/CMakeFiles/crypto.dir/crypto/conf/conf.c.obj
[gwendolin:ro] [309/513] Building C object modules/ec/third_party/boringssl/build/CMakeFiles/crypto.dir/crypto/cpu_aarch64_openbsd.c.obj
[skyrim:ro] [158/417] Building C object zephyr/CMakeFiles/zephyr.dir/lib/heap/heap.c.obj
[gwendolin:ro] [310/513] Building C object modules/ec/third_party/boringssl/build/CMakeFiles/crypto.dir/crypto/cpu_aarch64_apple.c.obj
[skyrim:ro] [159/417] Building C object zephyr/CMakeFiles/zephyr.dir/lib/os/cbprintf_packaged.c.obj
[wyrdeer:ro] [35/379] Building C object zephyr/CMakeFiles/zephyr.dir/soc/ite/ec/common/policy.c.obj
[wyrdeer:ro] [36/379] Building C object zephyr/CMakeFiles/zephyr.dir/soc/ite/ec/it8xxx2/soc.c.obj
[quandiso:ro] -- Generated zephyr.dts: /mnt/host/source/src/platform/ec/build/zephyr/quandiso/build-ro/zephyr/zephyr.dts
[quandiso:ro] -- Generated pickled edt: /mnt/host/source/src/platform/ec/build/zephyr/quandiso/build-ro/zephyr/edt.pickle
[gwendolin:ro] [311/513] Building C object modules/ec/third_party/boringssl/build/CMakeFiles/crypto.dir/crypto/cpu_aarch64_fuchsia.c.obj
[skyrim:ro] [160/417] Building C object zephyr/CMakeFiles/zephyr.dir/lib/os/clock.c.obj
[gwendolin:ro] [312/513] Building C object modules/ec/third_party/boringssl/build/CMakeFiles/crypto.dir/crypto/cpu_intel.c.obj
[wyrdeer:ro] [37/379] Building ASM object zephyr/CMakeFiles/zephyr.dir/soc/ite/ec/it8xxx2/vector.S.obj
[skyrim:ro] [161/417] Building C object zephyr/CMakeFiles/zephyr.dir/lib/os/printk.c.obj
[gwendolin:ro] [313/513] Building C object modules/ec/third_party/boringssl/build/CMakeFiles/crypto.dir/crypto/cpu_aarch64_linux.c.obj
[gwendolin:ro] [314/513] Building C object modules/ec/third_party/boringssl/build/CMakeFiles/crypto.dir/crypto/cpu_aarch64_sysreg.c.obj
[gwendolin:ro] [315/513] Building C object modules/ec/third_party/boringssl/build/CMakeFiles/crypto.dir/crypto/cpu_aarch64_win.c.obj
[quandiso:rw] Loaded configuration '/mnt/host/source/src/platform/ec/zephyr/boards/google/it8xxx2/it8xxx2_it81302bx_defconfig'
[quandiso:rw] Merged configuration '/mnt/host/source/src/platform/ec/zephyr/program/nissa/program.conf'
[quandiso:rw] Merged configuration '/mnt/host/source/src/platform/ec/zephyr/program/nissa/it8xxx2_program.conf'
[quandiso:rw] Merged configuration '/mnt/host/source/src/platform/ec/zephyr/program/nissa/quandiso/project.conf'
[quandiso:rw] Merged configuration '/mnt/host/source/src/platform/ec/build/zephyr/quandiso/kconfig-rw.conf'
[quandiso:rw] Configuration saved to '/mnt/host/source/src/platform/ec/build/zephyr/quandiso/build-rw/zephyr/.config'
[quandiso:rw] Kconfig header saved to '/mnt/host/source/src/platform/ec/build/zephyr/quandiso/build-rw/zephyr/include/generated/zephyr/autoconf.h'
[quandiso:rw] -- Found GnuLd: /home/jpmurphy/.cache/coreboot-sdk/riscv64-elf/96b949749225b6aaa92ed810ab769e8dfb12f000/riscv64-elf/bin/ld.bfd (found version "2.43.1")
[gwendolin:ro] [316/513] Building C object modules/ec/third_party/boringssl/build/CMakeFiles/crypto.dir/crypto/cpu_arm_freebsd.c.obj
[wyrdeer:ro] [38/379] Building ASM object zephyr/CMakeFiles/zephyr.dir/soc/ite/ec/it8xxx2/__arithmetic.S.obj
[skyrim:ro] [162/417] Building C object zephyr/CMakeFiles/zephyr.dir/lib/os/thread_entry.c.obj
[wyrdeer:ro] [39/379] Building C object zephyr/CMakeFiles/zephyr.dir/soc/ite/ec/it8xxx2/check_regs.c.obj
[quandiso:ro] -- Generated devicetree_generated.h: /mnt/host/source/src/platform/ec/build/zephyr/quandiso/build-ro/zephyr/include/generated/zephyr/devicetree_generated.h
[skyrim:ro] [163/417] Building C object zephyr/CMakeFiles/zephyr.dir/lib/os/sem.c.obj
[gwendolin:ro] [317/513] Building C object modules/ec/third_party/boringssl/build/CMakeFiles/crypto.dir/crypto/cpu_arm_linux.c.obj
[quandiso:rw] -- The C compiler identification is GNU 14.2.0
[skyrim:ro] [164/417] Building C object zephyr/CMakeFiles/zephyr.dir/lib/os/cbprintf_nano.c.obj
[skyrim:ro] [165/417] Building C object zephyr/CMakeFiles/zephyr.dir/lib/utils/dec.c.obj
[gwendolin:ro] [318/513] Building C object modules/ec/third_party/boringssl/build/CMakeFiles/crypto.dir/crypto/crypto.c.obj
[quandiso:rw] -- The CXX compiler identification is GNU 14.2.0
[skyrim:ro] [166/417] Building C object zephyr/CMakeFiles/zephyr.dir/lib/utils/hex.c.obj
[skyrim:ro] [167/417] Building C object zephyr/CMakeFiles/zephyr.dir/lib/os/cbprintf.c.obj
[quandiso:rw] -- The ASM compiler identification is GNU
[wyrdeer:ro] [40/379] Building C object zephyr/CMakeFiles/zephyr.dir/soc/ite/ec/it8xxx2/ilm.c.obj
[gwendolin:ro] [319/513] Building C object modules/ec/third_party/boringssl/build/CMakeFiles/crypto.dir/crypto/curve25519/spake25519.c.obj
[gwendolin:ro] [320/513] Building C object modules/ec/third_party/boringssl/build/CMakeFiles/crypto.dir/crypto/curve25519/curve25519_64_adx.c.obj
[quandiso:rw] CMake Warning at /mnt/host/source/src/platform/ec/zephyr/cmake/linker/ld/linker_libraries.cmake:11 (message):
[quandiso:rw]   Disabling c_library
[quandiso:rw] Call Stack (most recent call first):
[quandiso:rw]   /mnt/host/source/src/third_party/zephyr/main/cmake/target_toolchain_flags.cmake:48 (include)
[quandiso:rw]   /mnt/host/source/src/third_party/zephyr/main/cmake/modules/kernel.cmake:153 (include)
[quandiso:rw]   /mnt/host/source/src/third_party/zephyr/main/cmake/modules/zephyr_default.cmake:138 (include)
[quandiso:rw]   /mnt/host/source/src/third_party/zephyr/main/share/zephyr-package/cmake/ZephyrConfig.cmake:66 (include)
[quandiso:rw]   /mnt/host/source/src/third_party/zephyr/main/share/zephyr-package/cmake/ZephyrConfig.cmake:97 (include_boilerplate)
[quandiso:rw]   CMakeLists.txt:7 (find_package)
[gwendolin:ro] [321/513] Building C object modules/ec/third_party/boringssl/build/CMakeFiles/crypto.dir/crypto/curve25519/curve25519.c.obj
[wyrdeer:ro] [41/379] Building C object zephyr/CMakeFiles/zephyr.dir/subsys/logging/log_minimal.c.obj
[skyrim:ro] [168/417] Building C object zephyr/CMakeFiles/zephyr.dir/lib/os/assert.c.obj
[skyrim:ro] [169/417] Building C object zephyr/CMakeFiles/zephyr.dir/lib/utils/timeutil.c.obj
[gwendolin:ro] [322/513] Building C object modules/ec/third_party/boringssl/build/CMakeFiles/crypto.dir/crypto/des/des.c.obj
[gwendolin:ro] [323/513] Building C object modules/ec/third_party/boringssl/build/CMakeFiles/crypto.dir/crypto/dh_extra/dh_asn1.c.obj
[skyrim:ro] [170/417] Building C object zephyr/CMakeFiles/zephyr.dir/lib/utils/bitmask.c.obj
[wyrdeer:ro] [42/379] Building C object zephyr/CMakeFiles/zephyr.dir/subsys/pm/state.c.obj
[skyrim:ro] [171/417] Building C object zephyr/CMakeFiles/zephyr.dir/lib/utils/rb.c.obj
[wyrdeer:ro] [43/379] Building C object zephyr/CMakeFiles/zephyr.dir/subsys/pm/pm.c.obj
[quandiso:rw] -- Found assembler: /home/jpmurphy/.cache/coreboot-sdk/riscv64-elf/96b949749225b6aaa92ed810ab769e8dfb12f000/bin/riscv64-elf-gcc
[quandiso:rw] -- Performing EC specific devicetree checks
[gwendolin:ro] [324/513] Building C object modules/ec/third_party/boringssl/build/CMakeFiles/crypto.dir/crypto/dh_extra/params.c.obj
[skyrim:ro] [172/417] Building C object zephyr/CMakeFiles/zephyr.dir/lib/utils/bitarray.c.obj
[skyrim:ro] [173/417] Building C object zephyr/CMakeFiles/zephyr.dir/lib/utils/ring_buffer.c.obj
[gwendolin:ro] [325/513] Building C object modules/ec/third_party/boringssl/build/CMakeFiles/crypto.dir/crypto/digest_extra/digest_extra.c.obj
[gwendolin:ro] [326/513] Building C object modules/ec/third_party/boringssl/build/CMakeFiles/crypto.dir/crypto/dsa/dsa.c.obj
[quandiso:ro] /mnt/host/source/src/platform/ec/build/zephyr/quandiso/build-ro/zephyr/zephyr.dts:1224.27-1953.5: Warning (avoid_unnecessary_addr_size): /soc/pin-controller: unnecessary #address-cells/#size-cells without "ranges" or child "reg" property
[skyrim:ro] [174/417] Building C object zephyr/CMakeFiles/zephyr.dir/lib/utils/last_section_id.c.obj
[gwendolin:ro] [327/513] Building C object modules/ec/third_party/boringssl/build/CMakeFiles/crypto.dir/crypto/dsa/dsa_asn1.c.obj
[skyrim:ro] [175/417] Building C object zephyr/CMakeFiles/zephyr.dir/misc/generated/configs.c.obj
[gwendolin:ro] [328/513] Building C object modules/ec/third_party/boringssl/build/CMakeFiles/crypto.dir/crypto/ec_extra/ec_asn1.c.obj
[skyrim:ro] [176/417] Building C object zephyr/CMakeFiles/zephyr.dir/lib/utils/getopt/getopt.c.obj
[quandiso:rw] INFO: Verified 56 GPIOs, no duplicates found
[wyrdeer:ro] [44/379] Building C object zephyr/CMakeFiles/zephyr.dir/subsys/pm/policy/policy_events.c.obj
[quandiso:rw] INFO: Verified 18 '*-gpios' properties, all flags match.
[quandiso:rw] INFO: Skipped 14 named-gpios children.
[gwendolin:ro] [329/513] Building C object modules/ec/third_party/boringssl/build/CMakeFiles/crypto.dir/crypto/ec_extra/ec_derive.c.obj
[skyrim:ro] [177/417] Building C object zephyr/CMakeFiles/zephyr.dir/lib/utils/getopt/getopt_common.c.obj
[wyrdeer:ro] [45/379] Building C object zephyr/CMakeFiles/zephyr.dir/subsys/pm/policy/policy_latency.c.obj
[quandiso:rw] -- Generating component manifest file
[gwendolin:ro] [330/513] Building C object modules/ec/third_party/boringssl/build/CMakeFiles/crypto.dir/crypto/ecdh_extra/ecdh_extra.c.obj
[gwendolin:ro] [331/513] Building C object modules/ec/third_party/boringssl/build/CMakeFiles/crypto.dir/crypto/ec_extra/hash_to_curve.c.obj
[gwendolin:ro] [332/513] Building C object modules/ec/third_party/boringssl/build/CMakeFiles/crypto.dir/crypto/ecdsa_extra/ecdsa_asn1.c.obj
[quandiso:rw] INFO: Running CME, outputting to /mnt/host/source/src/platform/ec/build/zephyr/quandiso/build-rw/zephyr/component_manifest.json
[quandiso:rw] INFO: Component usbpd@f03700(ite,it8xxx2-usbpd) not on I2C bus, skip it
[quandiso:rw] INFO: Component virtual-mux-0(cros-ec,usbc-mux-virtual) not on I2C bus, skip it
[skyrim:ro] [178/417] Building C object zephyr/CMakeFiles/zephyr.dir/soc/nuvoton/npcx/common/npcxn/registers.c.obj
[skyrim:ro] [179/417] Building C object zephyr/CMakeFiles/zephyr.dir/soc/nuvoton/npcx/common/scfg.c.obj
[gwendolin:ro] [333/513] Building C object modules/ec/third_party/boringssl/build/CMakeFiles/crypto.dir/crypto/engine/engine.c.obj
[skyrim:ro] [180/417] Building C object zephyr/CMakeFiles/zephyr.dir/soc/nuvoton/npcx/common/power.c.obj
[wyrdeer:ro] [46/379] Building C object zephyr/CMakeFiles/zephyr.dir/subsys/pm/policy/policy_state_lock.c.obj
[gwendolin:ro] [334/513] Building C object modules/ec/third_party/boringssl/build/CMakeFiles/crypto.dir/crypto/err/err.c.obj
[gwendolin:ro] [335/513] Building C object modules/ec/third_party/boringssl/build/CMakeFiles/crypto.dir/crypto/evp/p_dh.c.obj
[wyrdeer:ro] [47/379] Building C object zephyr/CMakeFiles/zephyr.dir/subsys/pm/device.c.obj
[gwendolin:ro] [336/513] Building C object modules/ec/third_party/boringssl/build/CMakeFiles/crypto.dir/crypto/evp/evp.c.obj
[quandiso:rw] -- warning_base_override: -Wall;-Wformat;-Wformat-security;-Wformat;-Wno-format-zero-length;-Wno-pointer-sign;-Wpointer-arith;-Wexpansion-to-defined
[skyrim:ro] [181/417] Building C object zephyr/CMakeFiles/zephyr.dir/soc/nuvoton/npcx/npcx9/soc.c.obj
[gwendolin:ro] [337/513] Building C object modules/ec/third_party/boringssl/build/CMakeFiles/crypto.dir/crypto/evp/p_ec_asn1.c.obj
[gwendolin:ro] [338/513] Building C object modules/ec/third_party/boringssl/build/CMakeFiles/crypto.dir/crypto/evp/evp_asn1.c.obj
[quandiso:rw] -- Found gen_kobject_list: /mnt/host/source/src/third_party/zephyr/main/scripts/build/gen_kobject_list.py
[gwendolin:ro] [339/513] Building C object modules/ec/third_party/boringssl/build/CMakeFiles/crypto.dir/crypto/evp/evp_ctx.c.obj
[gwendolin:ro] [340/513] Building C object modules/ec/third_party/boringssl/build/CMakeFiles/crypto.dir/crypto/evp/p_ed25519.c.obj
[skyrim:ro] [182/417] Building C object zephyr/CMakeFiles/zephyr.dir/subsys/logging/log_minimal.c.obj
[wyrdeer:ro] [48/379] Building C object zephyr/CMakeFiles/zephyr.dir/subsys/pm/device_system_managed.c.obj
[skyrim:ro] [183/417] Building C object zephyr/CMakeFiles/zephyr.dir/subsys/mem_mgmt/mem_attr.c.obj
[wyrdeer:ro] [49/379] Building C object zephyr/CMakeFiles/zephyr.dir/subsys/testsuite/coverage/coverage.c.obj
[gwendolin:ro] [341/513] Building C object modules/ec/third_party/boringssl/build/CMakeFiles/crypto.dir/crypto/evp/p_dh_asn1.c.obj
[skyrim:ro] [184/417] Building C object zephyr/CMakeFiles/zephyr.dir/subsys/pm/state.c.obj
[skyrim:ro] [185/417] Building C object zephyr/CMakeFiles/zephyr.dir/subsys/pm/pm.c.obj
[quandiso:rw] -- Configuring done (16.3s)
[gwendolin:ro] [342/513] Building C object modules/ec/third_party/boringssl/build/CMakeFiles/crypto.dir/crypto/evp/p_ec.c.obj
[gwendolin:ro] [343/513] Building C object modules/ec/third_party/boringssl/build/CMakeFiles/crypto.dir/crypto/evp/p_dsa_asn1.c.obj
[gwendolin:ro] [344/513] Building C object modules/ec/third_party/boringssl/build/CMakeFiles/crypto.dir/crypto/evp/p_x25519.c.obj
[gwendolin:ro] [345/513] Building C object modules/ec/third_party/boringssl/build/CMakeFiles/crypto.dir/crypto/evp/p_ed25519_asn1.c.obj
[quandiso:rw] -- Generating done (0.4s)
[quandiso:rw] INFO: Component virtual-mux-1(cros-ec,usbc-mux-virtual) not on I2C bus, skip it
[quandiso:rw] INFO: Component tcpci-mux-1(parade,usbc-mux-ps8xxx) not on I2C bus, skip it
[quandiso:rw] INFO: Component virtual-mux-1(cros-ec,usbc-mux-virtual) not on I2C bus, skip it
[quandiso:rw] CMake Warning:
[quandiso:rw] -- Build files have been written to: /mnt/host/source/src/platform/ec/build/zephyr/quandiso/build-rw
[wyrdeer:ro] [50/379] Building C object zephyr/CMakeFiles/zephyr.dir/subsys/tracing/tracing_none.c.obj
[gwendolin:ro] [346/513] Building C object modules/ec/third_party/boringssl/build/CMakeFiles/crypto.dir/crypto/evp/p_hkdf.c.obj
[wyrdeer:ro] [51/379] Building C object zephyr/CMakeFiles/zephyr.dir/subsys/shell/modules/kernel_service/kernel_shell.c.obj
[quandiso:rw]   Manually-specified variables were not used by the project:
[quandiso:rw]     COREBOOT_SDK_ROOT_arm
[quandiso:rw]     COREBOOT_SDK_ROOT_libstdcxx_arm
[quandiso:rw]     COREBOOT_SDK_ROOT_libstdcxx_x86
[quandiso:rw]     COREBOOT_SDK_ROOT_nds32
[quandiso:rw]     COREBOOT_SDK_ROOT_picolibc_arm
[quandiso:rw]     COREBOOT_SDK_ROOT_picolibc_x86
[quandiso:rw]     COREBOOT_SDK_ROOT_riscv
[quandiso:rw]     COREBOOT_SDK_ROOT_x86
[skyrim:ro] [186/417] Building C object zephyr/CMakeFiles/zephyr.dir/subsys/pm/policy/policy_latency.c.obj
[gwendolin:ro] [347/513] Building C object modules/ec/third_party/boringssl/build/CMakeFiles/crypto.dir/crypto/evp/p_rsa.c.obj
[skyrim:ro] [187/417] Building C object zephyr/CMakeFiles/zephyr.dir/subsys/pm/policy/policy_events.c.obj
[skyrim:ro] [188/417] Building C object zephyr/CMakeFiles/zephyr.dir/subsys/pm/policy/policy_state_lock.c.obj
[skyrim:ro] [189/417] Building C object zephyr/CMakeFiles/zephyr.dir/subsys/pm/device.c.obj
[gwendolin:ro] [348/513] Building C object modules/ec/third_party/boringssl/build/CMakeFiles/crypto.dir/crypto/evp/p_rsa_asn1.c.obj
[gwendolin:ro] [349/513] Building C object modules/ec/third_party/boringssl/build/CMakeFiles/crypto.dir/crypto/evp/sign.c.obj
[gwendolin:ro] [350/513] Building C object modules/ec/third_party/boringssl/build/CMakeFiles/crypto.dir/crypto/evp/p_x25519_asn1.c.obj
[gwendolin:ro] [351/513] Building C object modules/ec/third_party/boringssl/build/CMakeFiles/crypto.dir/crypto/evp/pbkdf.c.obj
[quandiso:ro] /mnt/host/source/src/platform/ec/build/zephyr/quandiso/build-ro/zephyr/zephyr.dts:2898.9-2906.5: Warning (gpios_property): /fans/fan_0: Missing property '#gpio-cells' in node /named-gpios/fan-enable or bad phandle (referred from enable-gpio[0])
[quandiso:ro] warning: TASK_HOSTCMD_STACK_SIZE (defined at
[quandiso:ro] /mnt/host/source/src/platform/ec/zephyr/Kconfig.stacks:52,
[quandiso:ro] /mnt/host/source/src/platform/ec/zephyr/Kconfig.tasks:123) was assigned the value '1280' but got the
[quandiso:ro] value '1152'. See http://docs.zephyrproject.org/latest/kconfig.html#CONFIG_TASK_HOSTCMD_STACK_SIZE
[quandiso:ro] and/or look up TASK_HOSTCMD_STACK_SIZE in the menuconfig/guiconfig interface. The Application
[quandiso:ro] Development Primer, Setting Configuration Values, and Kconfig - Tips and Best Practices sections of
[quandiso:ro] the manual might be helpful too.
[gwendolin:ro] [352/513] Building C object modules/ec/third_party/boringssl/build/CMakeFiles/crypto.dir/crypto/fipsmodule/fips_shared_support.c.obj
[wyrdeer:ro] [52/379] Building C object zephyr/CMakeFiles/zephyr.dir/subsys/shell/modules/kernel_service/cycles.c.obj
[gwendolin:ro] [353/513] Building C object modules/ec/third_party/boringssl/build/CMakeFiles/crypto.dir/crypto/evp/print.c.obj
[wyrdeer:ro] [53/379] Building C object zephyr/CMakeFiles/zephyr.dir/subsys/shell/modules/kernel_service/sleep.c.obj
[gwendolin:ro] [354/513] Building C object modules/ec/third_party/boringssl/build/CMakeFiles/crypto.dir/crypto/evp/scrypt.c.obj
[skyrim:ro] [190/417] Building C object zephyr/CMakeFiles/zephyr.dir/subsys/testsuite/coverage/coverage.c.obj
[skyrim:ro] [191/417] Building C object zephyr/CMakeFiles/zephyr.dir/subsys/pm/device_system_managed.c.obj
[skyrim:ro] [192/417] Building C object zephyr/CMakeFiles/zephyr.dir/subsys/shell/modules/kernel_service/kernel_shell.c.obj
[skyrim:ro] [193/417] Building C object zephyr/CMakeFiles/zephyr.dir/subsys/tracing/tracing_none.c.obj
[quandiso:ro] Parsing /mnt/host/source/src/platform/ec/zephyr/program/nissa/Kconfig
[skyrim:ro] [194/417] Building C object zephyr/CMakeFiles/zephyr.dir/subsys/shell/modules/kernel_service/cycles.c.obj
[gwendolin:ro] [355/513] Building C object modules/ec/third_party/boringssl/build/CMakeFiles/crypto.dir/crypto/ex_data.c.obj
[gwendolin:ro] [356/513] Building C object modules/ec/third_party/boringssl/build/CMakeFiles/crypto.dir/crypto/hpke/hpke.c.obj
[gwendolin:ro] [357/513] Building C object modules/ec/third_party/boringssl/build/CMakeFiles/crypto.dir/crypto/hrss/hrss.c.obj
[wyrdeer:ro] [54/379] Building C object zephyr/CMakeFiles/zephyr.dir/subsys/shell/modules/kernel_service/uptime.c.obj
[gwendolin:ro] [358/513] Building C object modules/ec/third_party/boringssl/build/CMakeFiles/crypto.dir/crypto/keccak/keccak.c.obj
[wyrdeer:ro] [55/379] Building C object zephyr/CMakeFiles/zephyr.dir/subsys/shell/modules/kernel_service/version.c.obj
[gwendolin:ro] [359/513] Building C object modules/ec/third_party/boringssl/build/CMakeFiles/crypto.dir/crypto/kyber/kyber.c.obj
[skyrim:ro] [195/417] Building C object zephyr/CMakeFiles/zephyr.dir/subsys/shell/modules/kernel_service/sleep.c.obj
[gwendolin:ro] [360/513] Building C object modules/ec/third_party/boringssl/build/CMakeFiles/crypto.dir/crypto/lhash/lhash.c.obj
[skyrim:ro] [196/417] Building C object zephyr/CMakeFiles/zephyr.dir/subsys/shell/modules/kernel_service/version.c.obj
[gwendolin:ro] [361/513] Building C object modules/ec/third_party/boringssl/build/CMakeFiles/crypto.dir/crypto/pem/pem_all.c.obj
[skyrim:ro] [197/417] Building C object zephyr/CMakeFiles/zephyr.dir/subsys/shell/modules/kernel_service/uptime.c.obj
[gwendolin:ro] [362/513] Building C object modules/ec/third_party/boringssl/build/CMakeFiles/crypto.dir/crypto/pem/pem_info.c.obj
[skyrim:ro] [198/417] Building C object zephyr/CMakeFiles/zephyr.dir/subsys/shell/backends/shell_uart.c.obj
[gwendolin:ro] [363/513] Building C object modules/ec/third_party/boringssl/build/CMakeFiles/crypto.dir/crypto/mem.c.obj
[wyrdeer:ro] [56/379] Building C object zephyr/CMakeFiles/zephyr.dir/subsys/shell/modules/kernel_service/thread/thread.c.obj
[quandiso:ro] Loaded configuration '/mnt/host/source/src/platform/ec/zephyr/boards/google/it8xxx2/it8xxx2_it81302bx_defconfig'
[quandiso:ro] Merged configuration '/mnt/host/source/src/platform/ec/zephyr/program/nissa/program.conf'
[quandiso:ro] Merged configuration '/mnt/host/source/src/platform/ec/zephyr/program/nissa/it8xxx2_program.conf'
[quandiso:ro] Merged configuration '/mnt/host/source/src/platform/ec/zephyr/program/nissa/quandiso/project.conf'
[quandiso:ro] Merged configuration '/mnt/host/source/src/platform/ec/build/zephyr/quandiso/kconfig-ro.conf'
[quandiso:ro] Configuration saved to '/mnt/host/source/src/platform/ec/build/zephyr/quandiso/build-ro/zephyr/.config'
[quandiso:ro] Kconfig header saved to '/mnt/host/source/src/platform/ec/build/zephyr/quandiso/build-ro/zephyr/include/generated/zephyr/autoconf.h'
[quandiso:ro] -- Found GnuLd: /home/jpmurphy/.cache/coreboot-sdk/riscv64-elf/96b949749225b6aaa92ed810ab769e8dfb12f000/riscv64-elf/bin/ld.bfd (found version "2.43.1")
[skyrim:ro] [199/417] Building C object zephyr/CMakeFiles/zephyr.dir/subsys/shell/shell.c.obj
[wyrdeer:ro] [57/379] Building C object zephyr/CMakeFiles/zephyr.dir/subsys/shell/modules/kernel_service/thread/list.c.obj
[gwendolin:ro] [364/513] Building C object modules/ec/third_party/boringssl/build/CMakeFiles/crypto.dir/crypto/obj/obj_xref.c.obj
[gwendolin:ro] [365/513] Building C object modules/ec/third_party/boringssl/build/CMakeFiles/crypto.dir/crypto/obj/obj.c.obj
[gwendolin:ro] [366/513] Building C object modules/ec/third_party/boringssl/build/CMakeFiles/crypto.dir/crypto/pem/pem_oth.c.obj
[gwendolin:ro] [367/513] Building C object modules/ec/third_party/boringssl/build/CMakeFiles/crypto.dir/crypto/pem/pem_pk8.c.obj
[quandiso:ro] -- The C compiler identification is GNU 14.2.0
[gwendolin:ro] [368/513] Building C object modules/ec/third_party/boringssl/build/CMakeFiles/crypto.dir/crypto/pem/pem_pkey.c.obj
[skyrim:ro] [200/417] Building C object zephyr/CMakeFiles/zephyr.dir/subsys/shell/shell_fprintf.c.obj
[gwendolin:ro] [369/513] Building C object modules/ec/third_party/boringssl/build/CMakeFiles/crypto.dir/crypto/pkcs7/pkcs7.c.obj
[gwendolin:ro] [370/513] Building C object modules/ec/third_party/boringssl/build/CMakeFiles/crypto.dir/crypto/pem/pem_x509.c.obj
[gwendolin:ro] [371/513] Building C object modules/ec/third_party/boringssl/build/CMakeFiles/crypto.dir/crypto/pem/pem_xaux.c.obj
[quandiso:ro] -- The CXX compiler identification is GNU 14.2.0
[gwendolin:ro] [372/513] Building C object modules/ec/third_party/boringssl/build/CMakeFiles/crypto.dir/crypto/pem/pem_lib.c.obj
[wyrdeer:ro] [58/379] Building C object zephyr/CMakeFiles/zephyr.dir/subsys/shell/modules/kernel_service/thread/stacks.c.obj
[skyrim:ro] [201/417] Building C object zephyr/CMakeFiles/zephyr.dir/subsys/shell/shell_history.c.obj
[skyrim:ro] [202/417] Building C object zephyr/CMakeFiles/zephyr.dir/subsys/shell/shell_ops.c.obj
[quandiso:ro] -- The ASM compiler identification is GNU
[quandiso:ro] -- Found assembler: /home/jpmurphy/.cache/coreboot-sdk/riscv64-elf/96b949749225b6aaa92ed810ab769e8dfb12f000/bin/riscv64-elf-gcc
[quandiso:ro] warning: Deprecated symbol I2C_ALLOW_NO_STOP_TRANSACTIONS is enabled.
[quandiso:ro] CMake Warning at /mnt/host/source/src/platform/ec/zephyr/cmake/linker/ld/linker_libraries.cmake:11 (message):
[wyrdeer:ro] [59/379] Building C object zephyr/CMakeFiles/zephyr.dir/subsys/shell/modules/kernel_service/thread/unwind.c.obj
[skyrim:ro] [203/417] Building C object zephyr/CMakeFiles/zephyr.dir/subsys/shell/shell_utils.c.obj
[skyrim:ro] [204/417] Building C object zephyr/CMakeFiles/zephyr.dir/drivers/flash/flash_util.c.obj
[skyrim:ro] [205/417] Linking C static library zephyr/libzephyr.a
[gwendolin:ro] [373/513] Building C object modules/ec/third_party/boringssl/build/CMakeFiles/crypto.dir/crypto/pkcs7/pkcs7_x509.c.obj
[skyrim:ro] [206/417] Building C object zephyr/arch/common/CMakeFiles/arch__common.dir/sw_isr_common.c.obj
[gwendolin:ro] [374/513] Building C object modules/ec/third_party/boringssl/build/CMakeFiles/crypto.dir/crypto/poly1305/poly1305.c.obj
[skyrim:ro] [207/417] Building C object zephyr/arch/common/CMakeFiles/arch__common.dir/init.c.obj
[gwendolin:ro] [375/513] Building C object modules/ec/third_party/boringssl/build/CMakeFiles/crypto.dir/crypto/pkcs8/p5_pbev2.c.obj
[wyrdeer:ro] [60/379] Building C object zephyr/CMakeFiles/zephyr.dir/subsys/shell/modules/kernel_service/thread/suspend.c.obj
[gwendolin:ro] [376/513] Building C object modules/ec/third_party/boringssl/build/CMakeFiles/crypto.dir/crypto/pkcs8/pkcs8_x509.c.obj
[wyrdeer:ro] [61/379] Building C object zephyr/CMakeFiles/zephyr.dir/subsys/shell/modules/kernel_service/thread/resume.c.obj
[skyrim:ro] [208/417] Building ASM object zephyr/arch/arch/arm/core/CMakeFiles/arch__arm__core.dir/nmi_on_reset.S.obj
[gwendolin:ro] [377/513] Building C object modules/ec/third_party/boringssl/build/CMakeFiles/crypto.dir/crypto/poly1305/poly1305_arm.c.obj
[gwendolin:ro] [378/513] Building C object modules/ec/third_party/boringssl/build/CMakeFiles/crypto.dir/crypto/pkcs8/pkcs8.c.obj
[quandiso:ro] -- Performing EC specific devicetree checks
[skyrim:ro] [209/417] Building C object zephyr/arch/common/CMakeFiles/arch__common.dir/xip.c.obj
[skyrim:ro] [210/417] Building C object zephyr/arch/common/CMakeFiles/isr_tables.dir/isr_tables.c.obj
[skyrim:ro] [211/417] Linking C static library zephyr/arch/common/libisr_tables.a
[quandiso:ro]   Disabling c_library
[quandiso:ro] Call Stack (most recent call first):
[quandiso:ro]   /mnt/host/source/src/third_party/zephyr/main/cmake/target_toolchain_flags.cmake:48 (include)
[quandiso:ro]   /mnt/host/source/src/third_party/zephyr/main/cmake/modules/kernel.cmake:153 (include)
[quandiso:ro]   /mnt/host/source/src/third_party/zephyr/main/cmake/modules/zephyr_default.cmake:138 (include)
[quandiso:ro]   /mnt/host/source/src/third_party/zephyr/main/share/zephyr-package/cmake/ZephyrConfig.cmake:66 (include)
[quandiso:ro]   /mnt/host/source/src/third_party/zephyr/main/share/zephyr-package/cmake/ZephyrConfig.cmake:97 (include_boilerplate)
[quandiso:ro]   CMakeLists.txt:7 (find_package)
[quandiso:ro] INFO: Verified 56 GPIOs, no duplicates found
[quandiso:ro] INFO: Verified 18 '*-gpios' properties, all flags match.
[skyrim:ro] [212/417] Linking C static library zephyr/arch/common/libarch__common.a
[skyrim:ro] [213/417] Building C object zephyr/arch/arch/arm/core/CMakeFiles/arch__arm__core.dir/fatal.c.obj
[skyrim:ro] [214/417] Building ASM object zephyr/arch/arch/arm/core/cortex_m/CMakeFiles/arch__arm__core__cortex_m.dir/fault_s.S.obj
[quandiso:ro] -- Generating component manifest file
[gwendolin:ro] [379/513] Building C object modules/ec/third_party/boringssl/build/CMakeFiles/crypto.dir/crypto/poly1305/poly1305_vec.c.obj
[gwendolin:ro] [380/513] Building C object modules/ec/third_party/boringssl/build/CMakeFiles/crypto.dir/crypto/pool/pool.c.obj
[skyrim:ro] [215/417] Building C object zephyr/arch/arch/arm/core/CMakeFiles/arch__arm__core.dir/nmi.c.obj
[skyrim:ro] [216/417] Linking C static library zephyr/arch/arch/arm/core/libarch__arm__core.a
[wyrdeer:ro] [62/379] Building C object zephyr/CMakeFiles/zephyr.dir/subsys/shell/modules/kernel_service/thread/kill.c.obj
[gwendolin:ro] [381/513] Building C object modules/ec/third_party/boringssl/build/CMakeFiles/crypto.dir/crypto/rand_extra/deterministic.c.obj
[quandiso:ro] INFO: Skipped 14 named-gpios children.
[quandiso:ro] INFO: Running CME, outputting to /mnt/host/source/src/platform/ec/build/zephyr/quandiso/build-ro/zephyr/component_manifest.json
[quandiso:ro] INFO: Component usbpd@f03700(ite,it8xxx2-usbpd) not on I2C bus, skip it
[quandiso:ro] INFO: Component virtual-mux-0(cros-ec,usbc-mux-virtual) not on I2C bus, skip it
[quandiso:ro] INFO: Component virtual-mux-1(cros-ec,usbc-mux-virtual) not on I2C bus, skip it
[quandiso:ro] INFO: Component tcpci-mux-1(parade,usbc-mux-ps8xxx) not on I2C bus, skip it
[quandiso:ro] INFO: Component virtual-mux-1(cros-ec,usbc-mux-virtual) not on I2C bus, skip it
[quandiso:ro] -- warning_base_override: -Wall;-Wformat;-Wformat-security;-Wformat;-Wno-format-zero-length;-Wno-pointer-sign;-Wpointer-arith;-Wexpansion-to-defined
[gwendolin:ro] [382/513] Building C object modules/ec/third_party/boringssl/build/CMakeFiles/crypto.dir/crypto/rand_extra/forkunsafe.c.obj
[skyrim:ro] [217/417] Building C object zephyr/arch/arch/arm/core/cortex_m/CMakeFiles/arch__arm__core__cortex_m.dir/exc_exit.c.obj
[wyrdeer:ro] [63/379] Building C object zephyr/CMakeFiles/zephyr.dir/subsys/shell/backends/shell_uart.c.obj
[gwendolin:ro] [383/513] Building C object modules/ec/third_party/boringssl/build/CMakeFiles/crypto.dir/crypto/rand_extra/rand_extra.c.obj
[gwendolin:ro] [384/513] Building C object modules/ec/third_party/boringssl/build/CMakeFiles/crypto.dir/crypto/rand_extra/getentropy.c.obj
[gwendolin:ro] [385/513] Building C object modules/ec/third_party/boringssl/build/CMakeFiles/crypto.dir/crypto/rand_extra/ios.c.obj
[gwendolin:ro] [386/513] Building C object modules/ec/third_party/boringssl/build/CMakeFiles/crypto.dir/crypto/rc4/rc4.c.obj
[skyrim:ro] [218/417] Building C object zephyr/arch/arch/arm/core/cortex_m/CMakeFiles/arch__arm__core__cortex_m.dir/fault.c.obj
[skyrim:ro] [219/417] Building C object zephyr/arch/arch/arm/core/cortex_m/CMakeFiles/arch__arm__core__cortex_m.dir/fpu.c.obj
[skyrim:ro] [220/417] Building ASM object zephyr/arch/arch/arm/core/cortex_m/CMakeFiles/arch__arm__core__cortex_m.dir/reset.S.obj
[quandiso:ro] -- Found gen_kobject_list: /mnt/host/source/src/third_party/zephyr/main/scripts/build/gen_kobject_list.py
[gwendolin:ro] [387/513] Building C object modules/ec/third_party/boringssl/build/CMakeFiles/crypto.dir/crypto/rand_extra/passive.c.obj
[gwendolin:ro] [388/513] Building C object modules/ec/third_party/boringssl/build/CMakeFiles/crypto.dir/crypto/rand_extra/trusty.c.obj
[quandiso:ro] -- Configuring done (15.8s)
[skyrim:ro] [221/417] Building ASM object zephyr/arch/arch/arm/core/cortex_m/CMakeFiles/arch__arm__core__cortex_m.dir/vector_table.S.obj
[gwendolin:ro] [389/513] Building C object modules/ec/third_party/boringssl/build/CMakeFiles/crypto.dir/crypto/rsa_extra/rsa_print.c.obj
[wyrdeer:ro] [64/379] Building C object zephyr/CMakeFiles/zephyr.dir/subsys/shell/shell_fprintf.c.obj
[skyrim:ro] [222/417] Building C object zephyr/arch/arch/arm/core/cortex_m/CMakeFiles/arch__arm__core__cortex_m.dir/scb.c.obj
[wyrdeer:ro] [65/379] Building C object zephyr/CMakeFiles/zephyr.dir/subsys/shell/shell.c.obj
[gwendolin:ro] [390/513] Building C object modules/ec/third_party/boringssl/build/CMakeFiles/crypto.dir/crypto/rand_extra/windows.c.obj
[gwendolin:ro] [391/513] Building C object modules/ec/third_party/boringssl/build/CMakeFiles/crypto.dir/crypto/refcount.c.obj
[skyrim:ro] [223/417] Building C object zephyr/arch/arch/arm/core/cortex_m/CMakeFiles/arch__arm__core__cortex_m.dir/thread_abort.c.obj
[/mnt/host/source/src/platform/ec/build/zephyr/padme-lcov]   /mnt/host/source/src/platform/ec/build/zephyr/padme/build-ro/zephyr/CMakeFiles/zephyr.dir/soc/ite/ec/it8xxx2/check_regs.c.gcno:no functions found
[/mnt/host/source/src/platform/ec/build/zephyr/padme-lcov] stderr:
[skyrim:ro] [224/417] Building ASM object zephyr/arch/arch/arm/core/cortex_m/CMakeFiles/arch__arm__core__cortex_m.dir/swap_helper.S.obj
[gwendolin:ro] [392/513] Building C object modules/ec/third_party/boringssl/build/CMakeFiles/crypto.dir/crypto/rsa_extra/rsa_crypt.c.obj
[gwendolin:ro] [393/513] Building C object modules/ec/third_party/boringssl/build/CMakeFiles/crypto.dir/crypto/rsa_extra/rsa_asn1.c.obj
[gwendolin:ro] [394/513] Building C object modules/ec/third_party/boringssl/build/CMakeFiles/crypto.dir/crypto/spx/merkle.c.obj
[/mnt/host/source/src/platform/ec/build/zephyr/brox-ish-ec-lcov]   /mnt/host/source/src/platform/ec/build/zephyr/brox-ish-ec/build-ro/modules/ec/zephyr/CMakeFiles/ec_shim.dir/drivers/keyboard_input/keyboard_customization_check.c.gcno:no functions found
[/mnt/host/source/src/platform/ec/build/zephyr/brox-ish-ec-lcov] stderr:
[gwendolin:ro] [395/513] Building C object modules/ec/third_party/boringssl/build/CMakeFiles/crypto.dir/crypto/spx/fors.c.obj
[quandiso:ro] -- Generating done (0.5s)
[quandiso:ro] CMake Warning:
[quandiso:ro] -- Build files have been written to: /mnt/host/source/src/platform/ec/build/zephyr/quandiso/build-ro
[skyrim:ro] [225/417] Building C object zephyr/arch/arch/arm/core/cortex_m/CMakeFiles/arch__arm__core__cortex_m.dir/irq_manage.c.obj
[gwendolin:ro] [396/513] Building C object modules/ec/third_party/boringssl/build/CMakeFiles/crypto.dir/crypto/spx/spx_util.c.obj
[gwendolin:ro] [397/513] Building C object modules/ec/third_party/boringssl/build/CMakeFiles/crypto.dir/crypto/spx/spx.c.obj
[gwendolin:ro] [398/513] Building C object modules/ec/third_party/boringssl/build/CMakeFiles/crypto.dir/crypto/spx/wots.c.obj
[gwendolin:ro] [399/513] Building C object modules/ec/third_party/boringssl/build/CMakeFiles/crypto.dir/crypto/spx/thash.c.obj
[quandiso:ro]   Manually-specified variables were not used by the project:
[quandiso:ro]     COREBOOT_SDK_ROOT_arm
[quandiso:ro]     COREBOOT_SDK_ROOT_libstdcxx_arm
[quandiso:ro]     COREBOOT_SDK_ROOT_libstdcxx_x86
[quandiso:ro]     COREBOOT_SDK_ROOT_nds32
[quandiso:ro]     COREBOOT_SDK_ROOT_picolibc_arm
[quandiso:ro]     COREBOOT_SDK_ROOT_picolibc_x86
[quandiso:ro]     COREBOOT_SDK_ROOT_riscv
[quandiso:ro]     COREBOOT_SDK_ROOT_x86
[skyrim:ro] [226/417] Building C object zephyr/arch/arch/arm/core/cortex_m/CMakeFiles/arch__arm__core__cortex_m.dir/prep_c.c.obj
[gwendolin:ro] [400/513] Building C object modules/ec/third_party/boringssl/build/CMakeFiles/crypto.dir/crypto/siphash/siphash.c.obj
[gwendolin:ro] [401/513] Building C object modules/ec/third_party/boringssl/build/CMakeFiles/crypto.dir/crypto/thread.c.obj
[wyrdeer:ro] [66/379] Building C object zephyr/CMakeFiles/zephyr.dir/subsys/shell/shell_utils.c.obj
[gwendolin:ro] [402/513] Building C object modules/ec/third_party/boringssl/build/CMakeFiles/crypto.dir/crypto/spx/address.c.obj
[wyrdeer:ro] [67/379] Building C object zephyr/CMakeFiles/zephyr.dir/subsys/shell/shell_ops.c.obj
[skyrim:ro] [227/417] Building C object zephyr/arch/arch/arm/core/cortex_m/CMakeFiles/arch__arm__core__cortex_m.dir/thread.c.obj
[skyrim:ro] [228/417] Building C object zephyr/arch/arch/arm/core/cortex_m/CMakeFiles/arch__arm__core__cortex_m.dir/cpu_idle.c.obj
[skyrim:ro] [229/417] Building C object zephyr/arch/arch/arm/core/cortex_m/CMakeFiles/arch__arm__core__cortex_m.dir/irq_init.c.obj
[skyrim:ro] [230/417] Generating ../../../include/generated/libc/minimal/strerror_table.h
[skyrim:ro] [231/417] Building C object zephyr/arch/arch/arm/core/cortex_m/CMakeFiles/arch__arm__core__cortex_m.dir/isr_wrapper.c.obj
[gwendolin:ro] [403/513] Building C object modules/ec/third_party/boringssl/build/CMakeFiles/crypto.dir/crypto/stack/stack.c.obj
[skyrim:ro] [232/417] Building C object zephyr/lib/libc/minimal/CMakeFiles/lib__libc__minimal.dir/source/stdlib/atoi.c.obj
[gwendolin:ro] [404/513] Building C object modules/ec/third_party/boringssl/build/CMakeFiles/crypto.dir/crypto/thread_pthread.c.obj
[wyrdeer:ro] [68/379] Building C object zephyr/CMakeFiles/zephyr.dir/subsys/shell/shell_help.c.obj
[skyrim:ro] [233/417] Linking C static library zephyr/arch/arch/arm/core/cortex_m/libarch__arm__core__cortex_m.a
[wyrdeer:ro] [69/379] Building C object zephyr/CMakeFiles/zephyr.dir/subsys/shell/shell_history.c.obj
[skyrim:ro] [234/417] Building C object zephyr/lib/libc/minimal/CMakeFiles/lib__libc__minimal.dir/source/stdlib/strtol.c.obj
[gwendolin:ro] [405/513] Building C object modules/ec/third_party/boringssl/build/CMakeFiles/crypto.dir/crypto/thread_none.c.obj
[skyrim:ro] [235/417] Building C object zephyr/arch/arch/arm/core/mpu/CMakeFiles/arch__arm__core__mpu.dir/arm_core_mpu.c.obj
[skyrim:ro] [236/417] Building C object zephyr/lib/libc/minimal/CMakeFiles/lib__libc__minimal.dir/source/stdlib/strtoul.c.obj
[gwendolin:ro] [406/513] Building C object modules/ec/third_party/boringssl/build/CMakeFiles/crypto.dir/crypto/thread_win.c.obj
[wyrdeer:ro] [70/379] Building C object zephyr/CMakeFiles/zephyr.dir/drivers/flash/flash_util.c.obj
[skyrim:ro] [237/417] Building C object zephyr/lib/libc/minimal/CMakeFiles/lib__libc__minimal.dir/source/stdlib/strtoll.c.obj
[skyrim:ro] [238/417] Building C object zephyr/lib/libc/minimal/CMakeFiles/lib__libc__minimal.dir/source/stdlib/strtoull.c.obj
[skyrim:ro] [239/417] Building C object zephyr/arch/arch/arm/core/mpu/CMakeFiles/arch__arm__core__mpu.dir/arm_mpu_regions.c.obj
[skyrim:ro] [240/417] Building C object zephyr/lib/libc/minimal/CMakeFiles/lib__libc__minimal.dir/source/stdlib/bsearch.c.obj
[wyrdeer:ro] [71/379] Linking C static library zephyr/libzephyr.a
[gwendolin:ro] [407/513] Building C object modules/ec/third_party/boringssl/build/CMakeFiles/crypto.dir/crypto/trust_token/pmbtoken.c.obj
[gwendolin:ro] [408/513] Building C object modules/ec/third_party/boringssl/build/CMakeFiles/crypto.dir/crypto/trust_token/trust_token.c.obj
[gwendolin:ro] [409/513] Building C object modules/ec/third_party/boringssl/build/CMakeFiles/crypto.dir/crypto/x509/a_digest.c.obj
[skyrim:ro] [241/417] Building C object zephyr/lib/libc/minimal/CMakeFiles/lib__libc__minimal.dir/source/string/strncasecmp.c.obj
[skyrim:ro] [242/417] Building C object zephyr/lib/libc/minimal/CMakeFiles/lib__libc__minimal.dir/source/string/strerror.c.obj
[skyrim:ro] [243/417] Building C object zephyr/lib/libc/minimal/CMakeFiles/lib__libc__minimal.dir/source/stdlib/qsort.c.obj
[skyrim:ro] [244/417] Building C object zephyr/lib/libc/minimal/CMakeFiles/lib__libc__minimal.dir/source/string/strstr.c.obj
[wyrdeer:ro] [72/379] Building C object zephyr/arch/common/CMakeFiles/arch__common.dir/dynamic_isr.c.obj
[skyrim:ro] [245/417] Building C object zephyr/arch/arch/arm/core/mpu/CMakeFiles/arch__arm__core__mpu.dir/arm_mpu.c.obj
[wyrdeer:ro] [73/379] Building C object zephyr/arch/common/CMakeFiles/arch__common.dir/sw_isr_common.c.obj
[skyrim:ro] [246/417] Building C object zephyr/lib/libc/minimal/CMakeFiles/lib__libc__minimal.dir/source/string/strspn.c.obj
[wyrdeer:ro] [74/379] Building C object zephyr/arch/common/CMakeFiles/arch__common.dir/init.c.obj
[skyrim:ro] [247/417] Linking C static library zephyr/arch/arch/arm/core/mpu/libarch__arm__core__mpu.a
[gwendolin:ro] [410/513] Building C object modules/ec/third_party/boringssl/build/CMakeFiles/crypto.dir/crypto/trust_token/voprf.c.obj
[skyrim:ro] [248/417] Building C object zephyr/lib/libc/minimal/CMakeFiles/lib__libc__minimal.dir/source/string/string.c.obj
[skyrim:ro] [249/417] Building C object zephyr/lib/libc/minimal/CMakeFiles/lib__libc__minimal.dir/source/stdlib/exit.c.obj
[skyrim:ro] [250/417] Building C object zephyr/lib/libc/minimal/CMakeFiles/lib__libc__minimal.dir/source/math/sqrtf.c.obj
[gwendolin:ro] [411/513] Building C object modules/ec/third_party/boringssl/build/CMakeFiles/crypto.dir/crypto/x509/a_verify.c.obj
[gwendolin:ro] [412/513] Building C object modules/ec/third_party/boringssl/build/CMakeFiles/crypto.dir/crypto/x509/a_sign.c.obj
[gwendolin:ro] [413/513] Building C object modules/ec/third_party/boringssl/build/CMakeFiles/crypto.dir/crypto/x509/asn1_gen.c.obj
[skyrim:ro] [251/417] Building C object zephyr/lib/libc/minimal/CMakeFiles/lib__libc__minimal.dir/source/math/sqrt.c.obj
[wyrdeer:ro] [75/379] Building C object zephyr/arch/common/CMakeFiles/isr_tables.dir/isr_tables.c.obj
[gwendolin:ro] [414/513] Building C object modules/ec/third_party/boringssl/build/CMakeFiles/crypto.dir/crypto/x509/algorithm.c.obj
[gwendolin:ro] [415/513] Building C object modules/ec/third_party/boringssl/build/CMakeFiles/crypto.dir/crypto/x509/i2d_pr.c.obj
[wyrdeer:ro] [76/379] Building C object zephyr/arch/arch/riscv/core/CMakeFiles/arch__riscv__core.dir/cpu_idle.c.obj
[wyrdeer:ro] [77/379] Linking C static library zephyr/arch/common/libisr_tables.a
[wyrdeer:ro] [78/379] Building C object zephyr/arch/common/CMakeFiles/arch__common.dir/xip.c.obj
[skyrim:ro] [252/417] Building C object zephyr/lib/libc/minimal/CMakeFiles/lib__libc__minimal.dir/source/stdout/stdout_console.c.obj
[gwendolin:ro] [416/513] Building C object modules/ec/third_party/boringssl/build/CMakeFiles/crypto.dir/crypto/x509/by_dir.c.obj
[gwendolin:ro] [417/513] Building C object modules/ec/third_party/boringssl/build/CMakeFiles/crypto.dir/crypto/x509/name_print.c.obj
[skyrim:ro] [253/417] Building C object zephyr/lib/libc/minimal/CMakeFiles/lib__libc__minimal.dir/source/stdout/fprintf.c.obj
[skyrim:ro] [254/417] Building C object zephyr/lib/libc/minimal/CMakeFiles/lib__libc__minimal.dir/source/stdout/sprintf.c.obj
[wyrdeer:ro] [79/379] Linking C static library zephyr/arch/common/libarch__common.a
[skyrim:ro] [255/417] Building C object zephyr/lib/libc/common/CMakeFiles/lib__libc__common.dir/source/time/gmtime_r.c.obj
[gwendolin:ro] [418/513] Building C object modules/ec/third_party/boringssl/build/CMakeFiles/crypto.dir/crypto/x509/by_file.c.obj
[gwendolin:ro] [419/513] Building C object modules/ec/third_party/boringssl/build/CMakeFiles/crypto.dir/crypto/x509/t_crl.c.obj
[skyrim:ro] [256/417] Building C object zephyr/lib/libc/common/CMakeFiles/lib__libc__common.dir/source/time/localtime_r_utc.c.obj
[skyrim:ro] [257/417] Building C object zephyr/lib/libc/common/CMakeFiles/lib__libc__common.dir/source/time/asctime.c.obj
[wyrdeer:ro] [80/379] Building C object zephyr/arch/arch/riscv/core/CMakeFiles/arch__riscv__core.dir/prep_c.c.obj
[skyrim:ro] [258/417] Building C object zephyr/lib/libc/minimal/CMakeFiles/lib__libc__minimal.dir/source/time/gmtime.c.obj
[skyrim:ro] [259/417] Building C object zephyr/lib/libc/common/CMakeFiles/lib__libc__common.dir/source/time/ctime.c.obj
[skyrim:ro] [260/417] Building C object zephyr/lib/libc/common/CMakeFiles/lib__libc__common.dir/source/time/time.c.obj
[skyrim:ro] [261/417] Building C object zephyr/lib/libc/common/CMakeFiles/lib__libc__common.dir/source/stdlib/abort.c.obj
[skyrim:ro] [262/417] Linking C static library zephyr/lib/libc/minimal/liblib__libc__minimal.a
[skyrim:ro] [263/417] Building C object zephyr/lib/libc/common/CMakeFiles/lib__libc__common.dir/source/string/strnlen.c.obj
[wyrdeer:ro] [81/379] Building C object zephyr/arch/arch/riscv/core/CMakeFiles/arch__riscv__core.dir/irq_manage.c.obj
[gwendolin:ro] [420/513] Building C object modules/ec/third_party/boringssl/build/CMakeFiles/crypto.dir/crypto/x509/rsa_pss.c.obj
[wyrdeer:ro] [82/379] Building C object zephyr/arch/arch/riscv/core/CMakeFiles/arch__riscv__core.dir/fatal.c.obj
[skyrim:ro] [264/417] Building C object zephyr/subsys/crc/CMakeFiles/subsys__crc.dir/crc4_sw.c.obj
[skyrim:ro] [265/417] Building C object zephyr/lib/posix/c_lib_ext/CMakeFiles/lib__posix__c_lib_ext.dir/fnmatch.c.obj
[/mnt/host/source/src/platform/ec/build/zephyr/padme-lcov]   /mnt/host/source/src/platform/ec/build/zephyr/padme/build-ro/zephyr/drivers/syscon/CMakeFiles/drivers__syscon.dir/mnt/host/source/src/third_party/zephyr/main/misc/empty_file.c.gcno:no functions found
[/mnt/host/source/src/platform/ec/build/zephyr/padme-lcov] stderr:
[gwendolin:ro] [421/513] Building C object modules/ec/third_party/boringssl/build/CMakeFiles/crypto.dir/crypto/x509/policy.c.obj
[skyrim:ro] [266/417] Building C object zephyr/subsys/crc/CMakeFiles/subsys__crc.dir/crc8_sw.c.obj
[skyrim:ro] [267/417] Building C object zephyr/subsys/crc/CMakeFiles/subsys__crc.dir/crc16_sw.c.obj
[gwendolin:ro] [422/513] Building C object modules/ec/third_party/boringssl/build/CMakeFiles/crypto.dir/crypto/x509/t_x509.c.obj
[wyrdeer:ro] [83/379] Building C object zephyr/arch/arch/riscv/core/CMakeFiles/arch__riscv__core.dir/reboot.c.obj
[skyrim:ro] [268/417] Building C object zephyr/subsys/crc/CMakeFiles/subsys__crc.dir/crc24_sw.c.obj
[skyrim:ro] [269/417] Building C object zephyr/subsys/crc/CMakeFiles/subsys__crc.dir/crc7_sw.c.obj
[skyrim:ro] [270/417] Building C object zephyr/lib/libc/common/CMakeFiles/lib__libc__common.dir/source/stdlib/malloc.c.obj
[skyrim:ro] [271/417] Building C object zephyr/subsys/crc/CMakeFiles/subsys__crc.dir/crc32_sw.c.obj
[skyrim:ro] [272/417] Linking C static library zephyr/lib/libc/common/liblib__libc__common.a
[gwendolin:ro] [423/513] Building C object modules/ec/third_party/boringssl/build/CMakeFiles/crypto.dir/crypto/x509/t_req.c.obj
[skyrim:ro] [273/417] Building C object zephyr/subsys/crc/CMakeFiles/subsys__crc.dir/crc32c_sw.c.obj
[wyrdeer:ro] [84/379] Building ASM object zephyr/arch/arch/riscv/core/CMakeFiles/arch__riscv__core.dir/reset.S.obj
[gwendolin:ro] [424/513] Building C object modules/ec/third_party/boringssl/build/CMakeFiles/crypto.dir/crypto/x509/t_x509a.c.obj
[skyrim:ro] [274/417] Building C object zephyr/lib/posix/c_lib_ext/CMakeFiles/lib__posix__c_lib_ext.dir/getopt_shim.c.obj
[skyrim:ro] [275/417] Building C object zephyr/lib/posix/c_lib_ext/CMakeFiles/lib__posix__c_lib_ext.dir/getentropy.c.obj
[skyrim:ro] [276/417] Building C object zephyr/subsys/crc/CMakeFiles/subsys__crc.dir/crc32k_4_2_sw.c.obj
[skyrim:ro] [277/417] Linking C static library zephyr/subsys/crc/libsubsys__crc.a
[skyrim:ro] [278/417] Linking C static library zephyr/lib/posix/c_lib_ext/liblib__posix__c_lib_ext.a
[/mnt/host/source/src/platform/ec/build/zephyr/padme-lcov]   /mnt/host/source/src/platform/ec/build/zephyr/padme/build-rw/modules/ec/zephyr/CMakeFiles/ec_shim.dir/shim/src/power.c.gcno:no functions found
[/mnt/host/source/src/platform/ec/build/zephyr/padme-lcov] stderr:
[wyrdeer:ro] [85/379] Building ASM object zephyr/arch/arch/riscv/core/CMakeFiles/arch__riscv__core.dir/switch.S.obj
[wyrdeer:ro] [86/379] Building C object zephyr/arch/arch/riscv/core/CMakeFiles/arch__riscv__core.dir/thread.c.obj
[gwendolin:ro] [425/513] Building C object modules/ec/third_party/boringssl/build/CMakeFiles/crypto.dir/crypto/x509/v3_akey.c.obj
[/mnt/host/source/src/platform/ec/build/zephyr/padme-lcov]   /mnt/host/source/src/platform/ec/build/zephyr/padme/build-rw/modules/ec/zephyr/CMakeFiles/ec_shim.dir/shim/src/thermal.c.gcno:no functions found
[/mnt/host/source/src/platform/ec/build/zephyr/padme-lcov] stderr:
[gwendolin:ro] [426/513] Building C object modules/ec/third_party/boringssl/build/CMakeFiles/crypto.dir/crypto/x509/v3_bcons.c.obj
[gwendolin:ro] [427/513] Building C object modules/ec/third_party/boringssl/build/CMakeFiles/crypto.dir/crypto/x509/v3_akeya.c.obj
[gwendolin:ro] [428/513] Building C object modules/ec/third_party/boringssl/build/CMakeFiles/crypto.dir/crypto/x509/v3_alt.c.obj
[wyrdeer:ro] [87/379] Building ASM object zephyr/arch/arch/riscv/core/CMakeFiles/arch__riscv__core.dir/isr.S.obj
[/mnt/host/source/src/platform/ec/build/zephyr/padme-lcov]   /mnt/host/source/src/platform/ec/build/zephyr/padme/build-rw/modules/ec/zephyr/CMakeFiles/ec_shim.dir/shim/src/battery.c.gcno:no functions found
[/mnt/host/source/src/platform/ec/build/zephyr/padme-lcov] stderr:
[/mnt/host/source/src/platform/ec/build/zephyr/padme-lcov]   /mnt/host/source/src/platform/ec/build/zephyr/padme/build-rw/modules/ec/zephyr/CMakeFiles/ec_shim.dir/shim/src/charger.c.gcno:no functions found
[/mnt/host/source/src/platform/ec/build/zephyr/padme-lcov] stderr:
[skyrim:ro] [279/417] Building C object zephyr/drivers/interrupt_controller/CMakeFiles/drivers__interrupt_controller.dir/intc_miwu.c.obj
[skyrim:ro] [280/417] Building C object zephyr/drivers/adc/CMakeFiles/drivers__adc.dir/adc_common.c.obj
[gwendolin:ro] [429/513] Building C object modules/ec/third_party/boringssl/build/CMakeFiles/crypto.dir/crypto/x509/v3_bitst.c.obj
[skyrim:ro] [281/417] Building C object zephyr/drivers/bbram/CMakeFiles/drivers__bbram.dir/bbram_npcx.c.obj
[skyrim:ro] [282/417] Linking C static library zephyr/drivers/interrupt_controller/libdrivers__interrupt_controller.a
[wyrdeer:ro] [88/379] Building ASM object zephyr/arch/arch/riscv/core/CMakeFiles/arch__riscv__core.dir/pmp.S.obj
[wyrdeer:ro] [89/379] Building C object zephyr/arch/arch/riscv/core/CMakeFiles/arch__riscv__core.dir/pmp.c.obj
[wyrdeer:ro] [90/379] Generating ../../../include/generated/libc/minimal/strerror_table.h
[skyrim:ro] [283/417] Linking C static library zephyr/drivers/bbram/libdrivers__bbram.a
[skyrim:ro] [284/417] Building C object zephyr/drivers/clock_control/CMakeFiles/drivers__clock_control.dir/clock_control_npcx.c.obj
[skyrim:ro] [285/417] Building C object zephyr/drivers/adc/CMakeFiles/drivers__adc.dir/adc_npcx.c.obj
[gwendolin:ro] [430/513] Building C object modules/ec/third_party/boringssl/build/CMakeFiles/crypto.dir/crypto/x509/v3_conf.c.obj
[skyrim:ro] [286/417] Linking C static library zephyr/drivers/adc/libdrivers__adc.a
[skyrim:ro] [287/417] Linking C static library zephyr/drivers/clock_control/libdrivers__clock_control.a
[wyrdeer:ro] [91/379] Building C object zephyr/lib/libc/minimal/CMakeFiles/lib__libc__minimal.dir/source/stdlib/atoi.c.obj
[gwendolin:ro] [431/513] Building C object modules/ec/third_party/boringssl/build/CMakeFiles/crypto.dir/crypto/x509/v3_cpols.c.obj
[gwendolin:ro] [432/513] Building C object modules/ec/third_party/boringssl/build/CMakeFiles/crypto.dir/crypto/x509/v3_crld.c.obj
[wyrdeer:ro] [92/379] Building C object zephyr/lib/libc/minimal/CMakeFiles/lib__libc__minimal.dir/source/stdlib/strtol.c.obj
[wyrdeer:ro] [93/379] Building C object zephyr/arch/arch/riscv/core/CMakeFiles/arch__riscv__core.dir/stacktrace.c.obj
[gwendolin:ro] [433/513] Building C object modules/ec/third_party/boringssl/build/CMakeFiles/crypto.dir/crypto/x509/v3_enum.c.obj
[wyrdeer:ro] [94/379] Linking C static library zephyr/arch/arch/riscv/core/libarch__riscv__core.a
[wyrdeer:ro] [95/379] Building C object zephyr/lib/libc/minimal/CMakeFiles/lib__libc__minimal.dir/source/stdlib/strtoul.c.obj
[gwendolin:ro] [434/513] Building C object modules/ec/third_party/boringssl/build/CMakeFiles/crypto.dir/crypto/x509/v3_extku.c.obj
[skyrim:ro] [288/417] Building C object zephyr/drivers/console/CMakeFiles/drivers__console.dir/uart_console.c.obj
[wyrdeer:ro] [96/379] Building C object zephyr/lib/libc/common/CMakeFiles/lib__libc__common.dir/source/stdlib/abort.c.obj
[skyrim:ro] [289/417] Linking C static library zephyr/drivers/console/libdrivers__console.a
[gwendolin:ro] [435/513] Building C object modules/ec/third_party/boringssl/build/CMakeFiles/crypto.dir/crypto/x509/v3_int.c.obj
[wyrdeer:ro] [97/379] Building C object zephyr/lib/libc/minimal/CMakeFiles/lib__libc__minimal.dir/source/stdlib/strtoll.c.obj
[wyrdeer:ro] [98/379] Building C object zephyr/lib/libc/minimal/CMakeFiles/lib__libc__minimal.dir/source/stdlib/strtoull.c.obj
[skyrim:ro] [290/417] Building C object zephyr/drivers/eeprom/CMakeFiles/drivers__eeprom.dir/eeprom_shell.c.obj
[gwendolin:ro] [436/513] Building C object modules/ec/third_party/boringssl/build/CMakeFiles/crypto.dir/crypto/x509/v3_genn.c.obj
[/mnt/host/source/src/platform/ec/build/zephyr/brox-ish-ec-lcov]   /mnt/host/source/src/platform/ec/build/zephyr/brox-ish-ec/build-ro/CMakeFiles/app.dir/mnt/host/source/src/platform/ec/build/zephyr/brox-ish-ec/modules/ec/common/cbi_config.c.gcno:no functions found
[/mnt/host/source/src/platform/ec/build/zephyr/brox-ish-ec-lcov] stderr:
[wyrdeer:ro] [99/379] Building C object zephyr/lib/libc/minimal/CMakeFiles/lib__libc__minimal.dir/source/stdlib/bsearch.c.obj
[skyrim:ro] [291/417] Building C object zephyr/drivers/eeprom/CMakeFiles/drivers__eeprom.dir/eeprom_at2x.c.obj
[skyrim:ro] [292/417] Building C object zephyr/drivers/espi/CMakeFiles/drivers__espi.dir/host_subs_npcx.c.obj
[skyrim:ro] [293/417] Building C object zephyr/drivers/espi/CMakeFiles/drivers__espi.dir/espi_npcx.c.obj
[skyrim:ro] [294/417] Linking C static library zephyr/drivers/eeprom/libdrivers__eeprom.a
[wyrdeer:ro] [100/379] Building C object zephyr/lib/libc/minimal/CMakeFiles/lib__libc__minimal.dir/source/stdlib/qsort.c.obj
[gwendolin:ro] [437/513] Building C object modules/ec/third_party/boringssl/build/CMakeFiles/crypto.dir/crypto/x509/v3_ia5.c.obj
[gwendolin:ro] [438/513] Building C object modules/ec/third_party/boringssl/build/CMakeFiles/crypto.dir/crypto/x509/v3_ocsp.c.obj
[skyrim:ro] [295/417] Linking C static library zephyr/drivers/espi/libdrivers__espi.a
[/mnt/host/source/src/platform/ec/build/zephyr/padme-lcov]   /mnt/host/source/src/platform/ec/build/zephyr/padme/build-rw/modules/ec/zephyr/CMakeFiles/ec_shim.dir/shim/src/chg_rt9490.c.gcno:no functions found
[/mnt/host/source/src/platform/ec/build/zephyr/padme-lcov] stderr:
[gwendolin:ro] [439/513] Building C object modules/ec/third_party/boringssl/build/CMakeFiles/crypto.dir/crypto/x509/v3_info.c.obj
[wyrdeer:ro] [101/379] Building C object zephyr/lib/libc/minimal/CMakeFiles/lib__libc__minimal.dir/source/string/strerror.c.obj
[wyrdeer:ro] [102/379] Building C object zephyr/lib/libc/minimal/CMakeFiles/lib__libc__minimal.dir/source/string/strncasecmp.c.obj
[wyrdeer:ro] [103/379] Building C object zephyr/lib/libc/minimal/CMakeFiles/lib__libc__minimal.dir/source/stdlib/exit.c.obj
[gwendolin:ro] [440/513] Building C object modules/ec/third_party/boringssl/build/CMakeFiles/crypto.dir/crypto/x509/v3_lib.c.obj
[wyrdeer:ro] [104/379] Building C object zephyr/lib/libc/minimal/CMakeFiles/lib__libc__minimal.dir/source/string/strstr.c.obj
[/mnt/host/source/src/platform/ec/build/zephyr/brox-ish-ec-lcov]   /mnt/host/source/src/platform/ec/build/zephyr/brox-ish-ec/build-ro/zephyr/arch/arch/riscv/core/CMakeFiles/arch__riscv__core.dir/cpu_idle.c.gcno:no functions found
[/mnt/host/source/src/platform/ec/build/zephyr/brox-ish-ec-lcov] stderr:
[wyrdeer:ro] [105/379] Building C object zephyr/lib/libc/minimal/CMakeFiles/lib__libc__minimal.dir/source/string/string.c.obj
[wyrdeer:ro] [106/379] Building C object zephyr/lib/libc/minimal/CMakeFiles/lib__libc__minimal.dir/source/string/strspn.c.obj
[gwendolin:ro] [441/513] Building C object modules/ec/third_party/boringssl/build/CMakeFiles/crypto.dir/crypto/x509/v3_prn.c.obj
[skyrim:ro] [296/417] Building C object zephyr/drivers/flash/CMakeFiles/drivers__flash.dir/jesd216.c.obj
[gwendolin:ro] [442/513] Building C object modules/ec/third_party/boringssl/build/CMakeFiles/crypto.dir/crypto/x509/v3_ncons.c.obj
[skyrim:ro] [297/417] Building C object zephyr/drivers/flash/CMakeFiles/drivers__flash.dir/flash_npcx_fiu_nor.c.obj
[skyrim:ro] [298/417] Building C object zephyr/drivers/flash/CMakeFiles/drivers__flash.dir/flash_npcx_fiu_qspi.c.obj
[gwendolin:ro] [443/513] Building C object modules/ec/third_party/boringssl/build/CMakeFiles/crypto.dir/crypto/x509/v3_pcons.c.obj
[skyrim:ro] [299/417] Linking C static library zephyr/drivers/flash/libdrivers__flash.a
[skyrim:ro] [300/417] Building C object zephyr/drivers/gpio/CMakeFiles/drivers__gpio.dir/gpio_nct38xx.c.obj
[gwendolin:ro] [444/513] Building C object modules/ec/third_party/boringssl/build/CMakeFiles/crypto.dir/crypto/x509/x509.c.obj
[gwendolin:ro] [445/513] Building C object modules/ec/third_party/boringssl/build/CMakeFiles/crypto.dir/crypto/x509/v3_pmaps.c.obj
[gwendolin:ro] [446/513] Building C object modules/ec/third_party/boringssl/build/CMakeFiles/crypto.dir/crypto/x509/v3_purp.c.obj
[wyrdeer:ro] [107/379] Building C object zephyr/lib/libc/minimal/CMakeFiles/lib__libc__minimal.dir/source/stdout/sprintf.c.obj
[wyrdeer:ro] [108/379] Building C object zephyr/lib/libc/minimal/CMakeFiles/lib__libc__minimal.dir/source/stdout/stdout_console.c.obj
[wyrdeer:ro] [109/379] Building C object zephyr/lib/libc/minimal/CMakeFiles/lib__libc__minimal.dir/source/stdout/fprintf.c.obj
[skyrim:ro] [301/417] Building C object zephyr/drivers/gpio/CMakeFiles/drivers__gpio.dir/gpio_nct38xx_port.c.obj
[gwendolin:ro] [447/513] Building C object modules/ec/third_party/boringssl/build/CMakeFiles/crypto.dir/crypto/x509/x509_def.c.obj
[gwendolin:ro] [448/513] Building C object modules/ec/third_party/boringssl/build/CMakeFiles/crypto.dir/crypto/x509/v3_skey.c.obj
[wyrdeer:ro] [110/379] Building C object zephyr/lib/libc/minimal/CMakeFiles/lib__libc__minimal.dir/source/math/sqrt.c.obj
[gwendolin:ro] [449/513] Building C object modules/ec/third_party/boringssl/build/CMakeFiles/crypto.dir/crypto/x509/x509_d2.c.obj
[wyrdeer:ro] [111/379] Building C object zephyr/lib/libc/minimal/CMakeFiles/lib__libc__minimal.dir/source/math/sqrtf.c.obj
[skyrim:ro] [302/417] Building C object zephyr/drivers/i2c/CMakeFiles/drivers__i2c.dir/i2c_common.c.obj
[gwendolin:ro] [450/513] Building C object modules/ec/third_party/boringssl/build/CMakeFiles/crypto.dir/crypto/x509/v3_utl.c.obj
[/mnt/host/source/src/platform/ec/build/zephyr/brox-ish-ec-lcov]   /mnt/host/source/src/platform/ec/build/zephyr/brox-ish-ec/build-ro/zephyr/arch/common/CMakeFiles/isr_tables.dir/isr_tables.c.gcno:no functions found
[/mnt/host/source/src/platform/ec/build/zephyr/brox-ish-ec-lcov] stderr:
[skyrim:ro] [303/417] Building C object zephyr/drivers/gpio/CMakeFiles/drivers__gpio.dir/gpio_npcx.c.obj
[wyrdeer:ro] [112/379] Building C object zephyr/lib/libc/common/CMakeFiles/lib__libc__common.dir/source/time/gmtime_r.c.obj
[skyrim:ro] [304/417] Linking C static library zephyr/drivers/gpio/libdrivers__gpio.a
[skyrim:ro] [305/417] Building C object zephyr/drivers/i2c/CMakeFiles/drivers__i2c.dir/i2c_shell.c.obj
[wyrdeer:ro] [113/379] Building C object zephyr/lib/libc/common/CMakeFiles/lib__libc__common.dir/source/time/asctime.c.obj
[gwendolin:ro] [451/513] Building C object modules/ec/third_party/boringssl/build/CMakeFiles/crypto.dir/crypto/x509/x509_att.c.obj
[gwendolin:ro] [452/513] Building C object modules/ec/third_party/boringssl/build/CMakeFiles/crypto.dir/crypto/x509/x509_cmp.c.obj
[skyrim:ro] [306/417] Building C object zephyr/drivers/i2c/CMakeFiles/drivers__i2c.dir/i2c_npcx_controller.c.obj
[wyrdeer:ro] [114/379] Building C object zephyr/lib/libc/minimal/CMakeFiles/lib__libc__minimal.dir/source/time/gmtime.c.obj
[wyrdeer:ro] [115/379] Building C object zephyr/lib/libc/common/CMakeFiles/lib__libc__common.dir/source/time/localtime_r_utc.c.obj
[wyrdeer:ro] [116/379] Linking C static library zephyr/lib/libc/minimal/liblib__libc__minimal.a
[wyrdeer:ro] [117/379] Building C object zephyr/lib/libc/common/CMakeFiles/lib__libc__common.dir/source/time/ctime.c.obj
[skyrim:ro] [307/417] Building C object zephyr/drivers/i2c/CMakeFiles/drivers__i2c.dir/i2c_npcx_controller_fifo.c.obj
[wyrdeer:ro] [118/379] Building C object zephyr/lib/libc/common/CMakeFiles/lib__libc__common.dir/source/string/strnlen.c.obj
[wyrdeer:ro] [119/379] Building C object zephyr/lib/libc/common/CMakeFiles/lib__libc__common.dir/source/time/time.c.obj
[gwendolin:ro] [453/513] Building C object modules/ec/third_party/boringssl/build/CMakeFiles/crypto.dir/crypto/x509/x509_ext.c.obj
[gwendolin:ro] [454/513] Building C object modules/ec/third_party/boringssl/build/CMakeFiles/crypto.dir/crypto/x509/x509_lu.c.obj
[wyrdeer:ro] [120/379] Building C object zephyr/lib/posix/c_lib_ext/CMakeFiles/lib__posix__c_lib_ext.dir/fnmatch.c.obj
[skyrim:ro] [308/417] Building C object zephyr/drivers/pinctrl/CMakeFiles/drivers__pinctrl.dir/common.c.obj
[gwendolin:ro] [455/513] Building C object modules/ec/third_party/boringssl/build/CMakeFiles/crypto.dir/crypto/x509/x509_obj.c.obj
[gwendolin:ro] [456/513] Building C object modules/ec/third_party/boringssl/build/CMakeFiles/crypto.dir/crypto/x509/x509_req.c.obj
[skyrim:ro] [309/417] Building C object zephyr/drivers/i2c/CMakeFiles/drivers__i2c.dir/i2c_npcx_port.c.obj
[skyrim:ro] [310/417] Building C object zephyr/drivers/mfd/CMakeFiles/drivers__mfd.dir/mfd_nct38xx.c.obj
[skyrim:ro] [311/417] Building C object zephyr/drivers/pinctrl/CMakeFiles/drivers__pinctrl.dir/pinctrl_npcx.c.obj
[skyrim:ro] [312/417] Building C object zephyr/drivers/sensor/CMakeFiles/drivers__sensor.dir/mnt/host/source/src/third_party/zephyr/main/misc/empty_file.c.obj
[gwendolin:ro] [457/513] Building C object modules/ec/third_party/boringssl/build/CMakeFiles/crypto.dir/crypto/x509/x509_txt.c.obj
[skyrim:ro] [313/417] Linking C static library zephyr/drivers/pinctrl/libdrivers__pinctrl.a
[skyrim:ro] [314/417] Linking C static library zephyr/drivers/mfd/libdrivers__mfd.a
[skyrim:ro] [315/417] Linking C static library zephyr/drivers/i2c/libdrivers__i2c.a
[gwendolin:ro] [458/513] Building C object modules/ec/third_party/boringssl/build/CMakeFiles/crypto.dir/crypto/x509/x509_set.c.obj
[skyrim:ro] [316/417] Linking C static library zephyr/drivers/sensor/libdrivers__sensor.a
[wyrdeer:ro] [121/379] Building C object zephyr/lib/libc/common/CMakeFiles/lib__libc__common.dir/source/stdlib/malloc.c.obj
[wyrdeer:ro] [122/379] Linking C static library zephyr/lib/libc/common/liblib__libc__common.a
[wyrdeer:ro] [123/379] Building C object zephyr/lib/posix/c_lib_ext/CMakeFiles/lib__posix__c_lib_ext.dir/getentropy.c.obj
[gwendolin:ro] [459/513] Building C object modules/ec/third_party/boringssl/build/CMakeFiles/crypto.dir/crypto/x509/x509_trs.c.obj
[wyrdeer:ro] [124/379] Building C object zephyr/lib/posix/c_lib_ext/CMakeFiles/lib__posix__c_lib_ext.dir/getopt_shim.c.obj
[skyrim:ro] [317/417] Building C object zephyr/drivers/pwm/CMakeFiles/drivers__pwm.dir/pwm_npcx.c.obj
[wyrdeer:ro] [125/379] Linking C static library zephyr/lib/posix/c_lib_ext/liblib__posix__c_lib_ext.a
[wyrdeer:ro] [126/379] Building C object zephyr/subsys/crc/CMakeFiles/subsys__crc.dir/crc8_sw.c.obj
[wyrdeer:ro] [127/379] Building C object zephyr/subsys/crc/CMakeFiles/subsys__crc.dir/crc4_sw.c.obj
[skyrim:ro] [318/417] Linking C static library zephyr/drivers/pwm/libdrivers__pwm.a
[wyrdeer:ro] [128/379] Building C object zephyr/subsys/crc/CMakeFiles/subsys__crc.dir/crc16_sw.c.obj
[wyrdeer:ro] [129/379] Building C object zephyr/subsys/crc/CMakeFiles/subsys__crc.dir/crc7_sw.c.obj
[gwendolin:ro] [460/513] Building C object modules/ec/third_party/boringssl/build/CMakeFiles/crypto.dir/crypto/x509/x509_v3.c.obj
[wyrdeer:ro] [130/379] Building C object zephyr/subsys/crc/CMakeFiles/subsys__crc.dir/crc24_sw.c.obj
[wyrdeer:ro] [131/379] Building C object zephyr/subsys/crc/CMakeFiles/subsys__crc.dir/crc32c_sw.c.obj
[wyrdeer:ro] [132/379] Building C object zephyr/subsys/crc/CMakeFiles/subsys__crc.dir/crc32_sw.c.obj
[gwendolin:ro] [461/513] Building C object modules/ec/third_party/boringssl/build/CMakeFiles/crypto.dir/crypto/x509/x509_vfy.c.obj
[wyrdeer:ro] [133/379] Building C object zephyr/subsys/crc/CMakeFiles/subsys__crc.dir/crc32k_4_2_sw.c.obj
[skyrim:ro] [319/417] Building C object zephyr/drivers/syscon/CMakeFiles/drivers__syscon.dir/syscon.c.obj
[gwendolin:ro] [462/513] Building C object modules/ec/third_party/boringssl/build/CMakeFiles/crypto.dir/crypto/x509/x509_vpm.c.obj
[skyrim:ro] [320/417] Building C object zephyr/drivers/timer/CMakeFiles/drivers__timer.dir/sys_clock_init.c.obj
[gwendolin:ro] [463/513] Building C object modules/ec/third_party/boringssl/build/CMakeFiles/crypto.dir/crypto/x509/x509cset.c.obj
[skyrim:ro] [321/417] Linking C static library zephyr/drivers/syscon/libdrivers__syscon.a
[wyrdeer:ro] [134/379] Linking C static library zephyr/subsys/crc/libsubsys__crc.a
[gwendolin:ro] [464/513] Building C object modules/ec/third_party/boringssl/build/CMakeFiles/crypto.dir/crypto/x509/x509spki.c.obj
[skyrim:ro] [322/417] Building C object zephyr/drivers/serial/CMakeFiles/drivers__serial.dir/uart_npcx.c.obj
[gwendolin:ro] [465/513] Building C object modules/ec/third_party/boringssl/build/CMakeFiles/crypto.dir/crypto/x509/x509name.c.obj
[skyrim:ro] [323/417] Linking C static library zephyr/drivers/serial/libdrivers__serial.a
[skyrim:ro] [324/417] Building C object zephyr/drivers/sensor/nuvoton/nuvoton_tach_npcx/CMakeFiles/drivers__sensor__nuvoton__nuvoton_tach_npcx.dir/tach_nuvoton_npcx.c.obj
[gwendolin:ro] [466/513] Building C object modules/ec/third_party/boringssl/build/CMakeFiles/crypto.dir/crypto/x509/x_algor.c.obj
[skyrim:ro] [325/417] Linking C static library zephyr/drivers/sensor/nuvoton/nuvoton_tach_npcx/libdrivers__sensor__nuvoton__nuvoton_tach_npcx.a
[skyrim:ro] [326/417] Building C object zephyr/drivers/timer/CMakeFiles/drivers__timer.dir/npcx_itim_timer.c.obj
[gwendolin:ro] [467/513] Building C object modules/ec/third_party/boringssl/build/CMakeFiles/crypto.dir/crypto/x509/x509rset.c.obj
[wyrdeer:ro] [135/379] Building C object zephyr/drivers/interrupt_controller/CMakeFiles/drivers__interrupt_controller.dir/intc_ite_it8xxx2.c.obj
[skyrim:ro] [327/417] Linking C static library zephyr/drivers/timer/libdrivers__timer.a
[wyrdeer:ro] [136/379] Building C object zephyr/drivers/interrupt_controller/CMakeFiles/drivers__interrupt_controller.dir/wuc_ite_it8xxx2.c.obj
[wyrdeer:ro] [137/379] Linking C static library zephyr/drivers/interrupt_controller/libdrivers__interrupt_controller.a
[wyrdeer:ro] [138/379] Building C object zephyr/drivers/adc/CMakeFiles/drivers__adc.dir/adc_common.c.obj
[skyrim:ro] [328/417] Building C object zephyr/drivers/watchdog/CMakeFiles/drivers__watchdog.dir/wdt_shell.c.obj
[skyrim:ro] [329/417] Building C object zephyr/drivers/watchdog/CMakeFiles/drivers__watchdog.dir/wdt_npcx.c.obj
[skyrim:ro] [330/417] Linking C static library zephyr/drivers/watchdog/libdrivers__watchdog.a
[gwendolin:ro] [468/513] Building C object modules/ec/third_party/boringssl/build/CMakeFiles/crypto.dir/crypto/x509/x_all.c.obj
[gwendolin:ro] [469/513] Building C object modules/ec/third_party/boringssl/build/CMakeFiles/crypto.dir/crypto/x509/x_attrib.c.obj
[gwendolin:ro] [470/513] Building C object modules/ec/third_party/boringssl/build/CMakeFiles/crypto.dir/crypto/x509/x_crl.c.obj
[gwendolin:ro] [471/513] Building C object modules/ec/third_party/boringssl/build/CMakeFiles/crypto.dir/crypto/x509/x_exten.c.obj
[gwendolin:ro] [472/513] Building C object modules/ec/third_party/boringssl/build/CMakeFiles/crypto.dir/crypto/x509/x_name.c.obj
[skyrim:ro] [331/417] Building C object modules/ec/zephyr/CMakeFiles/ec_shim.dir/app/ec/main_shim.c.obj
[wyrdeer:ro] [139/379] Building C object zephyr/drivers/adc/CMakeFiles/drivers__adc.dir/adc_ite_it8xxx2.c.obj
[gwendolin:ro] [473/513] Building C object modules/ec/third_party/boringssl/build/CMakeFiles/crypto.dir/crypto/x509/x_sig.c.obj
[skyrim:ro] [332/417] Building C object modules/ec/zephyr/CMakeFiles/ec_shim.dir/app/ec/ec_app_main.c.obj
[wyrdeer:ro] [140/379] Linking C static library zephyr/drivers/adc/libdrivers__adc.a
[gwendolin:ro] [474/513] Building C object modules/ec/third_party/boringssl/build/CMakeFiles/crypto.dir/crypto/x509/x_pubkey.c.obj
[wyrdeer:ro] [141/379] Building C object zephyr/drivers/console/CMakeFiles/drivers__console.dir/uart_console.c.obj
[wyrdeer:ro] [142/379] Linking C static library zephyr/drivers/console/libdrivers__console.a
[wyrdeer:ro] [143/379] Building C object zephyr/drivers/bbram/CMakeFiles/drivers__bbram.dir/bbram_it8xxx2.c.obj
[wyrdeer:ro] [144/379] Linking C static library zephyr/drivers/bbram/libdrivers__bbram.a
[gwendolin:ro] [475/513] Building C object modules/ec/third_party/boringssl/build/CMakeFiles/crypto.dir/gen/crypto/err_data.c.obj
[skyrim:ro] [333/417] Building C object modules/ec/zephyr/CMakeFiles/ec_shim.dir/drivers/cros_flash/cros_flash_npcx.c.obj
[skyrim:ro] [334/417] Building C object modules/ec/zephyr/CMakeFiles/ec_shim.dir/drivers/cros_kb_raw/cros_kb_raw_npcx.c.obj
[skyrim:ro] [335/417] Building C object modules/ec/zephyr/CMakeFiles/ec_shim.dir/drivers/cros_kblight/pwm_kblight.c.obj
[gwendolin:ro] [476/513] Building C object modules/ec/third_party/boringssl/build/CMakeFiles/crypto.dir/crypto/x509/x_req.c.obj
[wyrdeer:ro] [145/379] Building C object zephyr/drivers/eeprom/CMakeFiles/drivers__eeprom.dir/eeprom_shell.c.obj
[gwendolin:ro] [477/513] Building C object modules/ec/third_party/boringssl/build/CMakeFiles/crypto.dir/crypto/x509/x_spki.c.obj
[gwendolin:ro] [478/513] Building C object modules/ec/third_party/boringssl/build/CMakeFiles/crypto.dir/crypto/x509/x_x509.c.obj
[wyrdeer:ro] [146/379] Building C object zephyr/drivers/flash/CMakeFiles/drivers__flash.dir/flash_ite_it8xxx2.c.obj
[wyrdeer:ro] [147/379] Building C object zephyr/drivers/eeprom/CMakeFiles/drivers__eeprom.dir/eeprom_at2x.c.obj
[gwendolin:ro] [479/513] Building C object modules/ec/third_party/boringssl/build/CMakeFiles/crypto.dir/crypto/x509/x_val.c.obj
[gwendolin:ro] [480/513] Building C object modules/ec/third_party/boringssl/build/CMakeFiles/crypto.dir/crypto/x509/x_x509a.c.obj
[wyrdeer:ro] [148/379] Linking C static library zephyr/drivers/flash/libdrivers__flash.a
[gwendolin:ro] [481/513] Building C object zephyr/kernel/CMakeFiles/kernel.dir/main_weak.c.obj
[/mnt/host/source/src/platform/ec/build/zephyr/brox-ish-ec-lcov]   /mnt/host/source/src/platform/ec/build/zephyr/brox-ish-ec/build-ro/zephyr/CMakeFiles/zephyr.dir/subsys/shell/modules/kernel_service/kernel_shell.c.gcno:no functions found
[/mnt/host/source/src/platform/ec/build/zephyr/brox-ish-ec-lcov] stderr:
[skyrim:ro] [336/417] Building C object modules/ec/zephyr/CMakeFiles/ec_shim.dir/drivers/cros_system/cros_system_npcx.c.obj
[wyrdeer:ro] [149/379] Linking C static library zephyr/drivers/eeprom/libdrivers__eeprom.a
[skyrim:ro] [337/417] Building C object modules/ec/zephyr/CMakeFiles/ec_shim.dir/drivers/vivaldi_kbd/vivaldi_kbd.c.obj
[gwendolin:ro] [482/513] Building C object zephyr/kernel/CMakeFiles/kernel.dir/banner.c.obj
[skyrim:ro] [338/417] Building C object modules/ec/zephyr/CMakeFiles/ec_shim.dir/shim/chip/npcx/clock.c.obj
[skyrim:ro] [339/417] Building C object modules/ec/zephyr/CMakeFiles/ec_shim.dir/shim/chip/npcx/gpio.c.obj
[/mnt/host/source/src/platform/ec/build/zephyr/brox-ish-ec-lcov]   /mnt/host/source/src/platform/ec/build/zephyr/brox-ish-ec/build-ro/zephyr/CMakeFiles/zephyr.dir/lib/libc/validate_libc.c.gcno:no functions found
[/mnt/host/source/src/platform/ec/build/zephyr/brox-ish-ec-lcov] stderr:
[gwendolin:ro] [483/513] Linking C static library modules/ec/third_party/boringssl/build/libcrypto.a
[skyrim:ro] [340/417] Building C object modules/ec/zephyr/CMakeFiles/ec_shim.dir/shim/chip/npcx/rom_chip.c.obj
[gwendolin:ro] [484/513] Linking C static library zephyr/libzephyr.a
[wyrdeer:ro] [150/379] Building C object zephyr/drivers/gpio/CMakeFiles/drivers__gpio.dir/gpio_ite_it8xxx2.c.obj
[gwendolin:ro] [485/513] Building C object zephyr/kernel/CMakeFiles/kernel.dir/device.c.obj
[gwendolin:ro] [486/513] Building C object zephyr/kernel/CMakeFiles/kernel.dir/busy_wait.c.obj
[wyrdeer:ro] [151/379] Building C object zephyr/drivers/gpio/CMakeFiles/drivers__gpio.dir/gpio_kscan_ite_it8xxx2.c.obj
[gwendolin:ro] [487/513] Building C object zephyr/kernel/CMakeFiles/kernel.dir/fatal.c.obj
[wyrdeer:ro] [152/379] Building C object zephyr/drivers/i2c/CMakeFiles/drivers__i2c.dir/i2c_common.c.obj
[wyrdeer:ro] [153/379] Linking C static library zephyr/drivers/gpio/libdrivers__gpio.a
[gwendolin:ro] [488/513] Building C object zephyr/kernel/CMakeFiles/kernel.dir/errno.c.obj
[gwendolin:ro] [489/513] Building C object zephyr/kernel/CMakeFiles/kernel.dir/init.c.obj
[skyrim:ro] [341/417] Building C object modules/ec/zephyr/CMakeFiles/ec_shim.dir/shim/chip/npcx/keyboard_raw.c.obj
[gwendolin:ro] [490/513] Building C object zephyr/kernel/CMakeFiles/kernel.dir/version.c.obj
[wyrdeer:ro] [154/379] Building C object zephyr/drivers/i2c/CMakeFiles/drivers__i2c.dir/i2c_bitbang.c.obj
[skyrim:ro] [342/417] Building C object modules/ec/zephyr/CMakeFiles/ec_shim.dir/shim/chip/npcx/system_external_storage.c.obj
[skyrim:ro] [343/417] Building C object modules/ec/zephyr/CMakeFiles/ec_shim.dir/shim/chip/npcx/system.c.obj
[gwendolin:ro] [491/513] Building C object zephyr/kernel/CMakeFiles/kernel.dir/kheap.c.obj
[gwendolin:ro] [492/513] Building C object zephyr/kernel/CMakeFiles/kernel.dir/mem_slab.c.obj
[skyrim:ro] [344/417] Building C object modules/ec/zephyr/CMakeFiles/ec_shim.dir/shim/core/cortex-m/mpu.c.obj
[gwendolin:ro] [493/513] Building C object zephyr/kernel/CMakeFiles/kernel.dir/float.c.obj
[skyrim:ro] [345/417] Building C object modules/ec/zephyr/CMakeFiles/ec_shim.dir/shim/chip/npcx/power_policy.c.obj
[skyrim:ro] [346/417] Building C object modules/ec/zephyr/CMakeFiles/ec_shim.dir/shim/src/crc.c.obj
[/mnt/host/source/src/platform/ec/build/zephyr/brox-ish-ec-lcov]   /mnt/host/source/src/platform/ec/build/zephyr/brox-ish-ec/build-ro/zephyr/CMakeFiles/zephyr.dir/lib/utils/last_section_id.c.gcno:no functions found
[/mnt/host/source/src/platform/ec/build/zephyr/brox-ish-ec-lcov] stderr:
[wyrdeer:ro] [155/379] Building C object zephyr/drivers/i2c/CMakeFiles/drivers__i2c.dir/i2c_shell.c.obj
[gwendolin:ro] [494/513] Building C object zephyr/kernel/CMakeFiles/kernel.dir/idle.c.obj
[wyrdeer:ro] [156/379] Building C object zephyr/drivers/i2c/CMakeFiles/drivers__i2c.dir/i2c_ite_enhance.c.obj
[gwendolin:ro] [495/513] Building C object zephyr/kernel/CMakeFiles/kernel.dir/msg_q.c.obj
[skyrim:ro] [347/417] Building C object modules/ec/zephyr/CMakeFiles/ec_shim.dir/shim/core/cortex-m/panic.c.obj
[gwendolin:ro] [496/513] Building C object zephyr/kernel/CMakeFiles/kernel.dir/mailbox.c.obj
[wyrdeer:ro] [157/379] Building C object zephyr/drivers/pinctrl/CMakeFiles/drivers__pinctrl.dir/common.c.obj
[wyrdeer:ro] [158/379] Building C object zephyr/drivers/i2c/CMakeFiles/drivers__i2c.dir/i2c_ite_it8xxx2.c.obj
[gwendolin:ro] [497/513] Building C object zephyr/kernel/CMakeFiles/kernel.dir/sem.c.obj
[wyrdeer:ro] [159/379] Linking C static library zephyr/drivers/i2c/libdrivers__i2c.a
[gwendolin:ro] [498/513] Building C object zephyr/kernel/CMakeFiles/kernel.dir/queue.c.obj
[skyrim:ro] [348/417] Building C object modules/ec/zephyr/CMakeFiles/ec_shim.dir/shim/src/console.c.obj
[gwendolin:ro] [499/513] Building C object zephyr/kernel/CMakeFiles/kernel.dir/mutex.c.obj
[skyrim:ro] [349/417] Building C object modules/ec/zephyr/CMakeFiles/ec_shim.dir/shim/src/panic_utils.c.obj
[gwendolin:ro] [500/513] Building C object zephyr/kernel/CMakeFiles/kernel.dir/stack.c.obj
[skyrim:ro] [350/417] Building C object modules/ec/zephyr/CMakeFiles/ec_shim.dir/shim/src/gpio_int.c.obj
[wyrdeer:ro] [160/379] Building C object zephyr/drivers/pinctrl/CMakeFiles/drivers__pinctrl.dir/pinctrl_ite_it8xxx2.c.obj
[gwendolin:ro] [501/513] Building C object zephyr/kernel/CMakeFiles/kernel.dir/system_work_q.c.obj
[wyrdeer:ro] [161/379] Linking C static library zephyr/drivers/pinctrl/libdrivers__pinctrl.a
[skyrim:ro] [351/417] Building C object modules/ec/zephyr/CMakeFiles/ec_shim.dir/shim/src/gpio.c.obj
[gwendolin:ro] [502/513] Building C object zephyr/kernel/CMakeFiles/kernel.dir/work.c.obj
[wyrdeer:ro] [162/379] Building C object zephyr/drivers/serial/CMakeFiles/drivers__serial.dir/uart_ite_it8xxx2.c.obj
[skyrim:ro] [352/417] Building C object modules/ec/zephyr/CMakeFiles/ec_shim.dir/shim/src/pm_state.c.obj
[gwendolin:ro] [503/513] Building C object zephyr/kernel/CMakeFiles/kernel.dir/condvar.c.obj
[wyrdeer:ro] [163/379] Building C object zephyr/drivers/serial/CMakeFiles/drivers__serial.dir/uart_ns16550.c.obj
[gwendolin:ro] [504/513] Building C object zephyr/kernel/CMakeFiles/kernel.dir/thread.c.obj
[wyrdeer:ro] [164/379] Linking C static library zephyr/drivers/serial/libdrivers__serial.a
[gwendolin:ro] [505/513] Building C object zephyr/kernel/CMakeFiles/kernel.dir/pipe.c.obj
[gwendolin:ro] [506/513] Building C object zephyr/kernel/CMakeFiles/kernel.dir/sched.c.obj
[skyrim:ro] [353/417] Building C object modules/ec/zephyr/CMakeFiles/ec_shim.dir/shim/src/cbi/cros_cbi.c.obj
[gwendolin:ro] [507/513] Building C object zephyr/kernel/CMakeFiles/kernel.dir/timeout.c.obj
[skyrim:ro] [354/417] Building C object modules/ec/zephyr/CMakeFiles/ec_shim.dir/shim/src/cbi/cros_cbi_fw_config.c.obj
[wyrdeer:ro] [165/379] Building C object zephyr/drivers/timer/CMakeFiles/drivers__timer.dir/sys_clock_init.c.obj
[wyrdeer:ro] [166/379] Building C object zephyr/drivers/timer/CMakeFiles/drivers__timer.dir/ite_it8xxx2_timer.c.obj
[skyrim:ro] [355/417] Building ASM object modules/ec/zephyr/CMakeFiles/ec_shim.dir/shim/src/libgcc_arm.S.obj
[gwendolin:ro] [508/513] Building C object zephyr/kernel/CMakeFiles/kernel.dir/timer.c.obj
[skyrim:ro] [356/417] Building C object modules/ec/zephyr/CMakeFiles/ec_shim.dir/shim/src/cbi/cbi_eeprom.c.obj
[wyrdeer:ro] [167/379] Linking C static library zephyr/drivers/timer/libdrivers__timer.a
[gwendolin:ro] [509/513] Building C object zephyr/kernel/CMakeFiles/kernel.dir/poll.c.obj
[wyrdeer:ro] [168/379] Building C object zephyr/drivers/watchdog/CMakeFiles/drivers__watchdog.dir/wdt_ite_it8xxx2.c.obj
[skyrim:ro] [357/417] Building C object modules/ec/zephyr/CMakeFiles/ec_shim.dir/shim/src/led_driver/led.c.obj
[gwendolin:ro] [510/513] Building C object zephyr/kernel/CMakeFiles/kernel.dir/events.c.obj
[gwendolin:ro] [511/513] Building C object zephyr/kernel/CMakeFiles/kernel.dir/mempool.c.obj
[gwendolin:ro] [512/513] Building C object zephyr/kernel/CMakeFiles/kernel.dir/dynamic_disabled.c.obj
[skyrim:ro] [358/417] Building C object modules/ec/zephyr/CMakeFiles/ec_shim.dir/shim/src/led_driver/led_pwm.c.obj
[gwendolin:ro] [513/513] Linking C static library zephyr/kernel/libkernel.a
[wyrdeer:ro] [169/379] Building C object zephyr/drivers/watchdog/CMakeFiles/drivers__watchdog.dir/wdt_shell.c.obj
[skyrim:ro] [359/417] Building C object modules/ec/zephyr/CMakeFiles/ec_shim.dir/shim/src/system.c.obj
[wyrdeer:ro] [170/379] Linking C static library zephyr/drivers/watchdog/libdrivers__watchdog.a
[wyrdeer:ro] [171/379] Building C object modules/ec/zephyr/CMakeFiles/ec_shim.dir/app/ec/main_shim.c.obj
[skyrim:ro] [360/417] Building C object modules/ec/zephyr/CMakeFiles/ec_shim.dir/shim/src/battery.c.obj
[skyrim:ro] [361/417] Building C object modules/ec/zephyr/CMakeFiles/ec_shim.dir/shim/src/charger.c.obj
[wyrdeer:ro] [172/379] Building C object modules/ec/zephyr/CMakeFiles/ec_shim.dir/app/ec/ec_app_main.c.obj
[wyrdeer:ro] [173/379] Building C object modules/ec/zephyr/CMakeFiles/ec_shim.dir/drivers/cros_flash/cros_flash_it8xxx2.c.obj
[wyrdeer:ro] [174/379] Building C object modules/ec/zephyr/CMakeFiles/ec_shim.dir/drivers/cros_kb_raw/cros_kb_raw_ite.c.obj
[skyrim:ro] [362/417] Building C object modules/ec/zephyr/CMakeFiles/ec_shim.dir/shim/src/adc.c.obj
[wyrdeer:ro] [175/379] Building C object modules/ec/zephyr/CMakeFiles/ec_shim.dir/drivers/cros_shi/cros_shi_it8xxx2.c.obj
[wyrdeer:ro] [176/379] Building C object modules/ec/zephyr/CMakeFiles/ec_shim.dir/shim/chip/it8xxx2/clock.c.obj
[wyrdeer:ro] [177/379] Building C object modules/ec/zephyr/CMakeFiles/ec_shim.dir/shim/chip/it8xxx2/mpu.c.obj
[wyrdeer:ro] [178/379] Building C object modules/ec/zephyr/CMakeFiles/ec_shim.dir/drivers/cros_system/cros_system_it8xxx2.c.obj
[wyrdeer:ro] [179/379] Building C object modules/ec/zephyr/CMakeFiles/ec_shim.dir/shim/src/crc.c.obj
[skyrim:ro] [363/417] Building C object modules/ec/zephyr/CMakeFiles/ec_shim.dir/shim/src/espi.c.obj
[skyrim:ro] [364/417] Building C object modules/ec/zephyr/CMakeFiles/ec_shim.dir/shim/src/fan.c.obj
[wyrdeer:ro] [180/379] Building C object modules/ec/zephyr/CMakeFiles/ec_shim.dir/shim/chip/it8xxx2/system.c.obj
[skyrim:ro] [365/417] Building C object modules/ec/zephyr/CMakeFiles/ec_shim.dir/shim/src/flash.c.obj
[wyrdeer:ro] [181/379] Building C object modules/ec/zephyr/CMakeFiles/ec_shim.dir/shim/chip/it8xxx2/keyboard_raw.c.obj
[wyrdeer:ro] [182/379] Building C object modules/ec/zephyr/CMakeFiles/ec_shim.dir/shim/chip/it8xxx2/gpio.c.obj
[skyrim:ro] [366/417] Building C object modules/ec/zephyr/CMakeFiles/ec_shim.dir/shim/src/hooks.c.obj
[skyrim:ro] [367/417] Building C object modules/ec/zephyr/CMakeFiles/ec_shim.dir/shim/src/host_command.c.obj
[wyrdeer:ro] [183/379] Building C object modules/ec/zephyr/CMakeFiles/ec_shim.dir/shim/chip/it8xxx2/power_policy.c.obj
[wyrdeer:ro] [184/379] Building C object modules/ec/zephyr/CMakeFiles/ec_shim.dir/shim/chip/it8xxx2/shi.c.obj
[wyrdeer:ro] [185/379] Building C object modules/ec/zephyr/CMakeFiles/ec_shim.dir/shim/core/riscv/mpu.c.obj
[skyrim:ro] [368/417] Building C object modules/ec/zephyr/CMakeFiles/ec_shim.dir/shim/src/console_buffer.c.obj
[wyrdeer:ro] [186/379] Building C object modules/ec/zephyr/CMakeFiles/ec_shim.dir/shim/src/console.c.obj
[wyrdeer:ro] [187/379] Building C object modules/ec/zephyr/CMakeFiles/ec_shim.dir/shim/src/gpio.c.obj
[skyrim:ro] [369/417] Building C object modules/ec/zephyr/CMakeFiles/ec_shim.dir/shim/src/keyboard_raw.c.obj
[skyrim:ro] [370/417] Building C object modules/ec/zephyr/CMakeFiles/ec_shim.dir/shim/src/mkbp_event.c.obj
[wyrdeer:ro] [188/379] Building C object modules/ec/zephyr/CMakeFiles/ec_shim.dir/shim/src/gpio_int.c.obj
[wyrdeer:ro] [189/379] Building C object modules/ec/zephyr/CMakeFiles/ec_shim.dir/shim/src/panic_utils.c.obj
[wyrdeer:ro] [190/379] Building C object modules/ec/zephyr/CMakeFiles/ec_shim.dir/shim/src/pm_state.c.obj
[wyrdeer:ro] [191/379] Building C object modules/ec/zephyr/CMakeFiles/ec_shim.dir/shim/src/cbi/cros_cbi.c.obj
[skyrim:ro] [371/417] Building C object modules/ec/zephyr/CMakeFiles/ec_shim.dir/shim/src/motionsense_sensors.c.obj
[wyrdeer:ro] [192/379] Building C object modules/ec/zephyr/CMakeFiles/ec_shim.dir/shim/src/cbi/cros_cbi_ssfc.c.obj
[wyrdeer:ro] [193/379] Building C object modules/ec/zephyr/CMakeFiles/ec_shim.dir/shim/src/cbi/cbi_eeprom.c.obj
[skyrim:ro] [372/417] Building C object modules/ec/zephyr/CMakeFiles/ec_shim.dir/shim/src/panic.c.obj
[skyrim:ro] [373/417] Building C object modules/ec/zephyr/CMakeFiles/ec_shim.dir/shim/src/pwm_hc.c.obj
[wyrdeer:ro] [194/379] Building C object modules/ec/zephyr/CMakeFiles/ec_shim.dir/shim/src/led_driver/led.c.obj
[wyrdeer:ro] [195/379] Building C object modules/ec/zephyr/CMakeFiles/ec_shim.dir/shim/src/led_driver/led_gpio.c.obj
[skyrim:ro] [374/417] Building C object modules/ec/zephyr/CMakeFiles/ec_shim.dir/shim/src/hwtimer.c.obj
[skyrim:ro] [375/417] Building C object modules/ec/zephyr/CMakeFiles/ec_shim.dir/shim/src/temp_sensors.c.obj
[skyrim:ro] [376/417] Building C object modules/ec/zephyr/CMakeFiles/ec_shim.dir/shim/src/thermal.c.obj
[wyrdeer:ro] [196/379] Building C object modules/ec/zephyr/CMakeFiles/ec_shim.dir/shim/src/battery.c.obj
[wyrdeer:ro] [197/379] Building C object modules/ec/zephyr/CMakeFiles/ec_shim.dir/shim/src/chg_rt9490.c.obj
[wyrdeer:ro] [198/379] Building C object modules/ec/zephyr/CMakeFiles/ec_shim.dir/shim/src/charger.c.obj
[wyrdeer:ro] [199/379] Building C object modules/ec/zephyr/CMakeFiles/ec_shim.dir/shim/src/system.c.obj
[wyrdeer:ro] [200/379] Building C object modules/ec/zephyr/CMakeFiles/ec_shim.dir/shim/src/adc.c.obj
[wyrdeer:ro] [201/379] Building C object modules/ec/zephyr/CMakeFiles/ec_shim.dir/shim/src/flash.c.obj
[skyrim:ro] [377/417] Building C object modules/ec/zephyr/CMakeFiles/ec_shim.dir/shim/src/i2c.c.obj
[skyrim:ro] [378/417] Building C object modules/ec/zephyr/CMakeFiles/ec_shim.dir/shim/src/tasks.c.obj
[wyrdeer:ro] [202/379] Building C object modules/ec/zephyr/CMakeFiles/ec_shim.dir/shim/src/hooks.c.obj
[skyrim:ro] [379/417] Building C object modules/ec/zephyr/CMakeFiles/ec_shim.dir/shim/src/watchdog.c.obj
[skyrim:ro] [380/417] Building C object modules/ec/zephyr/CMakeFiles/ec_shim.dir/shim/src/bc12.c.obj
[wyrdeer:ro] [203/379] Building C object modules/ec/zephyr/CMakeFiles/ec_shim.dir/shim/src/host_command.c.obj
[/mnt/host/source/src/platform/ec/build/zephyr/padme-lcov]   /mnt/host/source/src/platform/ec/build/zephyr/padme/build-rw/modules/ec/zephyr/CMakeFiles/ec_shim.dir/shim/src/keyscan.c.gcno:no functions found
[/mnt/host/source/src/platform/ec/build/zephyr/padme-lcov] stderr:
[wyrdeer:ro] [204/379] Building C object modules/ec/zephyr/CMakeFiles/ec_shim.dir/shim/src/mkbp_event.c.obj
[wyrdeer:ro] [205/379] Building C object modules/ec/zephyr/CMakeFiles/ec_shim.dir/shim/src/console_buffer.c.obj
[wyrdeer:ro] [206/379] Building C object modules/ec/zephyr/CMakeFiles/ec_shim.dir/shim/src/keyboard_raw.c.obj
[skyrim:ro] [381/417] Building C object modules/ec/zephyr/CMakeFiles/ec_shim.dir/shim/src/bc12_pi3usb9201.c.obj
[skyrim:ro] [382/417] Building C object modules/ec/zephyr/CMakeFiles/ec_shim.dir/shim/src/ppc.c.obj
[wyrdeer:ro] [207/379] Building C object modules/ec/zephyr/CMakeFiles/ec_shim.dir/shim/src/panic.c.obj
[wyrdeer:ro] [208/379] Building C object modules/ec/zephyr/CMakeFiles/ec_shim.dir/shim/src/motionsense_sensors.c.obj
[wyrdeer:ro] [209/379] Building C object modules/ec/zephyr/CMakeFiles/ec_shim.dir/shim/src/power.c.obj
[skyrim:ro] [383/417] Building C object modules/ec/zephyr/CMakeFiles/ec_shim.dir/shim/src/tcpc_nct38xx.c.obj
[wyrdeer:ro] [210/379] Building C object modules/ec/zephyr/CMakeFiles/ec_shim.dir/shim/src/temp_sensors.c.obj
[wyrdeer:ro] [211/379] Building C object modules/ec/zephyr/CMakeFiles/ec_shim.dir/shim/src/hwtimer.c.obj
[skyrim:ro] [384/417] Building C object zephyr/kernel/CMakeFiles/kernel.dir/main_weak.c.obj
[skyrim:ro] [385/417] Building C object modules/ec/zephyr/CMakeFiles/ec_shim.dir/shim/src/usba.c.obj
[wyrdeer:ro] [212/379] Building C object modules/ec/zephyr/CMakeFiles/ec_shim.dir/shim/src/thermal.c.obj
[wyrdeer:ro] [213/379] cd /mnt/host/source/src/platform/ec/build/zephyr/wyrdeer/build-ro/modules/ec/zephyr && PYTHONPATH=/mnt/host/source/src/platform/ec/build/zephyr/wyrdeer/modules/ec/zephyr/zmake/ /usr/bin/python3.11 /mnt/host/source/src/platform/ec/build/zephyr/wyrdeer/modules/ec/zephyr/zmake/zephyr_build_tools/generate_ec_version.py /mnt/host/source/src/platform/ec/build/zephyr/wyrdeer/build-ro/modules/ec/zephyr/include/ec_version.h --name Zephyr-Kernel --version 16543.0.0 --static
[wyrdeer:ro] INFO:root:Using a static version string
[wyrdeer:ro] INFO:root:Version string: Zephyr-Kernel-16543.0.0
[wyrdeer:ro] INFO:root:Writing header to /mnt/host/source/src/platform/ec/build/zephyr/wyrdeer/build-ro/modules/ec/zephyr/include/ec_version.h
[wyrdeer:ro] [214/379] Building C object modules/ec/zephyr/CMakeFiles/ec_shim.dir/shim/src/i2c.c.obj
[skyrim:ro] [386/417] Building C object zephyr/kernel/CMakeFiles/kernel.dir/busy_wait.c.obj
[skyrim:ro] [387/417] Building C object zephyr/kernel/CMakeFiles/kernel.dir/banner.c.obj
[wyrdeer:ro] [215/379] Building C object modules/ec/zephyr/CMakeFiles/ec_shim.dir/shim/src/tasks.c.obj
[skyrim:ro] [388/417] Building C object modules/ec/zephyr/CMakeFiles/ec_shim.dir/shim/src/usb_muxes.c.obj
[wyrdeer:ro] [216/379] Building C object modules/ec/zephyr/CMakeFiles/ec_shim.dir/shim/src/watchdog.c.obj
[wyrdeer:ro] [217/379] Building C object modules/ec/zephyr/CMakeFiles/ec_shim.dir/shim/src/usb_muxes.c.obj
[skyrim:ro] [389/417] Linking C static library modules/ec/zephyr/libec_shim.a
[skyrim:ro] [390/417] Building C object zephyr/kernel/CMakeFiles/kernel.dir/device.c.obj
[wyrdeer:ro] [218/379] Building C object modules/ec/zephyr/CMakeFiles/ec_shim.dir/shim/src/ppc.c.obj
[wyrdeer:ro] [219/379] Building C object zephyr/kernel/CMakeFiles/kernel.dir/banner.c.obj
[wyrdeer:ro] [220/379] Building C object zephyr/kernel/CMakeFiles/kernel.dir/main_weak.c.obj
[wyrdeer:ro] [221/379] Building C object CMakeFiles/app.dir/mnt/host/source/src/platform/ec/zephyr/subsys/ap_pwrseq/ap_events.c.obj
[skyrim:ro] [391/417] Building C object zephyr/kernel/CMakeFiles/kernel.dir/errno.c.obj
[wyrdeer:ro] [222/379] Building C object CMakeFiles/app.dir/mnt/host/source/src/platform/ec/build/zephyr/wyrdeer/modules/ec/builtin/stdlib.c.obj
[skyrim:ro] [392/417] Building C object zephyr/kernel/CMakeFiles/kernel.dir/fatal.c.obj
[skyrim:ro] [393/417] Building C object zephyr/kernel/CMakeFiles/kernel.dir/version.c.obj
[skyrim:ro] [394/417] Building C object zephyr/kernel/CMakeFiles/kernel.dir/kheap.c.obj
[wyrdeer:ro] [223/379] Building C object CMakeFiles/app.dir/mnt/host/source/src/platform/ec/build/zephyr/wyrdeer/modules/ec/common/base32.c.obj
[skyrim:ro] [395/417] Building C object zephyr/kernel/CMakeFiles/kernel.dir/init.c.obj
[wyrdeer:ro] [224/379] Building C object CMakeFiles/app.dir/mnt/host/source/src/platform/ec/build/zephyr/wyrdeer/modules/ec/common/console_output.c.obj
[skyrim:ro] [396/417] Building C object zephyr/kernel/CMakeFiles/kernel.dir/mem_slab.c.obj
[wyrdeer:ro] [225/379] Building C object CMakeFiles/app.dir/mnt/host/source/src/platform/ec/build/zephyr/wyrdeer/modules/ec/common/ec_features.c.obj
[skyrim:ro] [397/417] Building C object zephyr/kernel/CMakeFiles/kernel.dir/float.c.obj
[wyrdeer:ro] [226/379] Building C object CMakeFiles/app.dir/mnt/host/source/src/platform/ec/build/zephyr/wyrdeer/modules/ec/common/printf.c.obj
[wyrdeer:ro] [227/379] Building C object CMakeFiles/app.dir/mnt/host/source/src/platform/ec/build/zephyr/wyrdeer/modules/ec/common/peripheral.c.obj
[wyrdeer:ro] [228/379] Building C object CMakeFiles/app.dir/mnt/host/source/src/platform/ec/build/zephyr/wyrdeer/modules/ec/common/queue.c.obj
[wyrdeer:ro] [229/379] Building C object CMakeFiles/app.dir/mnt/host/source/src/platform/ec/build/zephyr/wyrdeer/modules/ec/common/gpio_commands.c.obj
[skyrim:ro] [398/417] Building C object zephyr/kernel/CMakeFiles/kernel.dir/idle.c.obj
[skyrim:ro] [399/417] Building C object zephyr/kernel/CMakeFiles/kernel.dir/mailbox.c.obj
[skyrim:ro] [400/417] Building C object zephyr/kernel/CMakeFiles/kernel.dir/msg_q.c.obj
[wyrdeer:ro] [230/379] Building C object CMakeFiles/app.dir/mnt/host/source/src/platform/ec/build/zephyr/wyrdeer/modules/ec/common/system_boot_time.c.obj
[skyrim:ro] [401/417] Building C object zephyr/kernel/CMakeFiles/kernel.dir/mutex.c.obj
[wyrdeer:ro] [231/379] Building C object CMakeFiles/app.dir/mnt/host/source/src/platform/ec/build/zephyr/wyrdeer/modules/ec/common/system.c.obj
[skyrim:ro] [402/417] Building C object zephyr/kernel/CMakeFiles/kernel.dir/queue.c.obj
[wyrdeer:ro] [232/379] Building C object CMakeFiles/app.dir/mnt/host/source/src/platform/ec/build/zephyr/wyrdeer/modules/ec/common/util.c.obj
[wyrdeer:ro] [233/379] Building C object CMakeFiles/app.dir/mnt/host/source/src/platform/ec/build/zephyr/wyrdeer/modules/ec/common/uart_printf.c.obj
[skyrim:ro] [403/417] Building C object zephyr/kernel/CMakeFiles/kernel.dir/sem.c.obj
[wyrdeer:ro] [234/379] Building C object CMakeFiles/app.dir/mnt/host/source/src/platform/ec/build/zephyr/wyrdeer/modules/ec/common/version.c.obj
[wyrdeer:ro] [235/379] Building C object CMakeFiles/app.dir/mnt/host/source/src/platform/ec/build/zephyr/wyrdeer/modules/ec/driver/accelgyro_bmi_common.c.obj
[wyrdeer:ro] [236/379] Building C object CMakeFiles/app.dir/mnt/host/source/src/platform/ec/build/zephyr/wyrdeer/modules/ec/driver/accelgyro_bmi3xx.c.obj
[skyrim:ro] [404/417] Building C object zephyr/kernel/CMakeFiles/kernel.dir/stack.c.obj
[wyrdeer:ro] [237/379] Building C object CMakeFiles/app.dir/mnt/host/source/src/platform/ec/build/zephyr/wyrdeer/modules/ec/driver/accelgyro_lsm6dsm.c.obj
[skyrim:ro] [405/417] Building C object zephyr/kernel/CMakeFiles/kernel.dir/system_work_q.c.obj
[wyrdeer:ro] [238/379] Building C object CMakeFiles/app.dir/mnt/host/source/src/platform/ec/build/zephyr/wyrdeer/modules/ec/common/motion_sense_fifo.c.obj
[skyrim:ro] [406/417] Building C object zephyr/kernel/CMakeFiles/kernel.dir/condvar.c.obj
[wyrdeer:ro] [239/379] Building C object CMakeFiles/app.dir/mnt/host/source/src/platform/ec/build/zephyr/wyrdeer/modules/ec/common/base_state.c.obj
[skyrim:ro] [407/417] Building C object zephyr/kernel/CMakeFiles/kernel.dir/work.c.obj
[wyrdeer:ro] [240/379] Building C object CMakeFiles/app.dir/mnt/host/source/src/platform/ec/build/zephyr/wyrdeer/modules/ec/common/adc.c.obj
[wyrdeer:ro] [241/379] Building C object CMakeFiles/app.dir/mnt/host/source/src/platform/ec/build/zephyr/wyrdeer/modules/ec/common/battery.c.obj
[skyrim:ro] [408/417] Building C object zephyr/kernel/CMakeFiles/kernel.dir/thread.c.obj
[wyrdeer:ro] [242/379] Building C object CMakeFiles/app.dir/mnt/host/source/src/platform/ec/build/zephyr/wyrdeer/modules/ec/common/battery_info.c.obj
[skyrim:ro] [409/417] Building C object zephyr/kernel/CMakeFiles/kernel.dir/sched.c.obj
[/mnt/host/source/src/platform/ec/build/zephyr/brox-ish-ec-lcov]   /mnt/host/source/src/platform/ec/build/zephyr/brox-ish-ec/build-ro/zephyr/CMakeFiles/zephyr.dir/soc/ite/ec/it8xxx2/check_regs.c.gcno:no functions found
[/mnt/host/source/src/platform/ec/build/zephyr/brox-ish-ec-lcov] stderr:
[wyrdeer:ro] [243/379] Building C object CMakeFiles/app.dir/mnt/host/source/src/platform/ec/build/zephyr/wyrdeer/modules/ec/common/battery_fuel_gauge.c.obj
[skyrim:ro] [410/417] Building C object zephyr/kernel/CMakeFiles/kernel.dir/pipe.c.obj
[skyrim:ro] [411/417] Building C object zephyr/kernel/CMakeFiles/kernel.dir/timeout.c.obj
[wyrdeer:ro] [244/379] Building C object CMakeFiles/app.dir/mnt/host/source/src/platform/ec/build/zephyr/wyrdeer/modules/ec/driver/battery/smart.c.obj
[wyrdeer:ro] [245/379] Building C object CMakeFiles/app.dir/mnt/host/source/src/platform/ec/build/zephyr/wyrdeer/modules/ec/driver/charger/rt9490.c.obj
[skyrim:ro] [412/417] Building C object zephyr/kernel/CMakeFiles/kernel.dir/timer.c.obj
[wyrdeer:ro] [246/379] Building C object CMakeFiles/app.dir/mnt/host/source/src/platform/ec/build/zephyr/wyrdeer/modules/ec/common/charger.c.obj
[wyrdeer:ro] [247/379] Building C object CMakeFiles/app.dir/mnt/host/source/src/platform/ec/build/zephyr/wyrdeer/modules/ec/common/charge_ramp.c.obj
[skyrim:ro] [413/417] Building C object zephyr/kernel/CMakeFiles/kernel.dir/poll.c.obj
[skyrim:ro] [414/417] Building C object zephyr/kernel/CMakeFiles/kernel.dir/events.c.obj
[skyrim:ro] [415/417] Building C object zephyr/kernel/CMakeFiles/kernel.dir/mempool.c.obj
[wyrdeer:ro] [248/379] Building C object CMakeFiles/app.dir/mnt/host/source/src/platform/ec/build/zephyr/wyrdeer/modules/ec/common/cbi_common.c.obj
[wyrdeer:ro] [249/379] Building C object CMakeFiles/app.dir/mnt/host/source/src/platform/ec/build/zephyr/wyrdeer/modules/ec/common/charge_state.c.obj
[wyrdeer:ro] [250/379] Building C object CMakeFiles/app.dir/mnt/host/source/src/platform/ec/build/zephyr/wyrdeer/modules/ec/common/charge_manager.c.obj
[wyrdeer:ro] [251/379] Building C object CMakeFiles/app.dir/mnt/host/source/src/platform/ec/build/zephyr/wyrdeer/modules/ec/common/cbi.c.obj
Running (initial) lcov on /mnt/host/source/src/platform/ec/build/zephyr/gwendolin.
[skyrim:ro] [416/417] Building C object zephyr/kernel/CMakeFiles/kernel.dir/dynamic_disabled.c.obj
[wyrdeer:ro] [252/379] Building C object CMakeFiles/app.dir/mnt/host/source/src/platform/ec/build/zephyr/wyrdeer/modules/ec/common/cbi_config.c.obj
[skyrim:ro] [417/417] Linking C static library zephyr/kernel/libkernel.a
[wyrdeer:ro] [253/379] Building C object CMakeFiles/app.dir/mnt/host/source/src/platform/ec/build/zephyr/wyrdeer/modules/ec/common/memory_commands.c.obj
[wyrdeer:ro] [254/379] Building C object CMakeFiles/app.dir/mnt/host/source/src/platform/ec/build/zephyr/wyrdeer/modules/ec/common/chipset.c.obj
[wyrdeer:ro] [255/379] Building C object CMakeFiles/app.dir/mnt/host/source/src/platform/ec/build/zephyr/wyrdeer/modules/ec/common/ap_reset_log.c.obj
Running `env -i PYTHONPATH=/usr/lib64/python-exec/python3.11:/mnt/host/source/src/platform/ec/zephyr/zmake:/usr/lib/python311.zip:/usr/lib/python3.11:/usr/lib/python3.11/lib-dynload:/usr/lib/python3.11/site-packages PW_PIGWEED_CIPD_INSTALL_DIR=/usr CROSTC_USER_ACKNOWLEDGES_THAT_RISCV_IS_EXPERIMENTAL=1 PATH=/mnt/host/source/chromite/bin:/usr/local/bin:/usr/bin:/bin:/opt/bin:/mnt/host/source/chromite/sdk/bin:/mnt/host/source/chromite/bin HOME=/home/jpmurphy JAVA_HOME=/etc/java-config-2/current-system-vm JDK_HOME=/etc/java-config-2/current-system-vm JAVAC=/etc/java-config-2/current-system-vm/bin/javac MAKEFLAGS=' -j16 --jobserver-auth=5,6' /usr/bin/lcov --gcov-tool /mnt/host/source/src/platform/ec/build/zephyr/gwendolin/build-rw/gcov.sh -q -o - -c -d /mnt/host/source/src/platform/ec/build/zephyr/gwendolin -t gwendolin --rc branch_coverage=1 --filter range --ignore-errors inconsistent,source --ignore-errors gcov,gcov -i`
[wyrdeer:ro] [256/379] Building C object CMakeFiles/app.dir/mnt/host/source/src/platform/ec/build/zephyr/wyrdeer/modules/ec/common/extpower_gpio.c.obj
[wyrdeer:ro] [257/379] Building C object CMakeFiles/app.dir/mnt/host/source/src/platform/ec/build/zephyr/wyrdeer/modules/ec/common/extpower_common.c.obj
[wyrdeer:ro] [258/379] Building C object CMakeFiles/app.dir/mnt/host/source/src/platform/ec/build/zephyr/wyrdeer/modules/ec/common/host_command.c.obj
[wyrdeer:ro] [259/379] Building C object CMakeFiles/app.dir/mnt/host/source/src/platform/ec/build/zephyr/wyrdeer/modules/ec/common/flash.c.obj
[wyrdeer:ro] [260/379] Building C object CMakeFiles/app.dir/mnt/host/source/src/platform/ec/build/zephyr/wyrdeer/modules/ec/common/host_command_task.c.obj
[wyrdeer:ro] [261/379] Building C object CMakeFiles/app.dir/mnt/host/source/src/platform/ec/build/zephyr/wyrdeer/modules/ec/common/uart_hostcmd.c.obj
[wyrdeer:ro] [262/379] Building C object CMakeFiles/app.dir/mnt/host/source/src/platform/ec/build/zephyr/wyrdeer/modules/ec/common/host_event_commands.c.obj
[wyrdeer:ro] [263/379] Building C object CMakeFiles/app.dir/mnt/host/source/src/platform/ec/build/zephyr/wyrdeer/modules/ec/common/uptime.c.obj
[wyrdeer:ro] [264/379] Building C object CMakeFiles/app.dir/mnt/host/source/src/platform/ec/build/zephyr/wyrdeer/modules/ec/common/i2c_controller.c.obj
[wyrdeer:ro] [265/379] Building C object CMakeFiles/app.dir/mnt/host/source/src/platform/ec/build/zephyr/wyrdeer/modules/ec/common/virtual_battery.c.obj
[wyrdeer:ro] [266/379] Building C object CMakeFiles/app.dir/mnt/host/source/src/platform/ec/build/zephyr/wyrdeer/modules/ec/common/i2c_passthru.c.obj
[wyrdeer:ro] [267/379] Building C object CMakeFiles/app.dir/mnt/host/source/src/platform/ec/build/zephyr/wyrdeer/modules/ec/common/keyboard_mkbp.c.obj
[wyrdeer:ro] [268/379] Building C object CMakeFiles/app.dir/mnt/host/source/src/platform/ec/build/zephyr/wyrdeer/modules/ec/common/mkbp_fifo.c.obj
[/mnt/host/source/src/platform/ec/build/zephyr/padme-lcov]   /mnt/host/source/src/platform/ec/build/zephyr/padme/build-rw/CMakeFiles/app.dir/mnt/host/source/src/platform/ec/build/zephyr/padme/modules/ec/common/cbi_config.c.gcno:no functions found
[/mnt/host/source/src/platform/ec/build/zephyr/padme-lcov] stderr:
[wyrdeer:ro] [269/379] Building C object CMakeFiles/app.dir/mnt/host/source/src/platform/ec/build/zephyr/wyrdeer/modules/ec/common/keyboard_scan.c.obj
[wyrdeer:ro] [270/379] Building C object CMakeFiles/app.dir/mnt/host/source/src/platform/ec/build/zephyr/wyrdeer/modules/ec/common/mkbp_info.c.obj
[wyrdeer:ro] [271/379] Building C object CMakeFiles/app.dir/mnt/host/source/src/platform/ec/build/zephyr/wyrdeer/modules/ec/common/led_common.c.obj
[wyrdeer:ro] [272/379] Building C object CMakeFiles/app.dir/mnt/host/source/src/platform/ec/build/zephyr/wyrdeer/modules/ec/common/lid_switch.c.obj
[wyrdeer:ro] [273/379] Building C object CMakeFiles/app.dir/mnt/host/source/src/platform/ec/build/zephyr/wyrdeer/modules/ec/common/mkbp_input_devices.c.obj
[wyrdeer:ro] [274/379] Building C object CMakeFiles/app.dir/mnt/host/source/src/platform/ec/build/zephyr/wyrdeer/modules/ec/common/mkbp_event.c.obj
[wyrdeer:ro] [275/379] Building C object CMakeFiles/app.dir/mnt/host/source/src/platform/ec/build/zephyr/wyrdeer/modules/ec/common/motion_sense.c.obj
[wyrdeer:ro] [276/379] Building C object CMakeFiles/app.dir/mnt/host/source/src/platform/ec/build/zephyr/wyrdeer/modules/ec/common/power_button.c.obj
[/mnt/host/source/src/platform/ec/build/zephyr/padme-lcov]   /mnt/host/source/src/platform/ec/build/zephyr/padme/build-rw/zephyr/arch/arch/riscv/core/CMakeFiles/arch__riscv__core.dir/cpu_idle.c.gcno:no functions found
[/mnt/host/source/src/platform/ec/build/zephyr/padme-lcov] stderr:
[wyrdeer:ro] [277/379] Building C object CMakeFiles/app.dir/mnt/host/source/src/platform/ec/build/zephyr/wyrdeer/modules/ec/driver/sha256/sha256_it8xxx2.c.obj
[wyrdeer:ro] [278/379] Building C object CMakeFiles/app.dir/mnt/host/source/src/platform/ec/build/zephyr/wyrdeer/modules/ec/power/host_sleep.c.obj
[wyrdeer:ro] [279/379] Building C object CMakeFiles/app.dir/mnt/host/source/src/platform/ec/build/zephyr/wyrdeer/modules/ec/power/common.c.obj
[wyrdeer:ro] [280/379] Building C object CMakeFiles/app.dir/mnt/host/source/src/platform/ec/build/zephyr/wyrdeer/modules/ec/power/mt8186.c.obj
[wyrdeer:ro] [281/379] Building C object CMakeFiles/app.dir/mnt/host/source/src/platform/ec/build/zephyr/wyrdeer/modules/ec/common/panic_output.c.obj
[wyrdeer:ro] [282/379] Building C object CMakeFiles/app.dir/mnt/host/source/src/platform/ec/build/zephyr/wyrdeer/modules/ec/common/shared_mem.c.obj
[wyrdeer:ro] [283/379] Building C object CMakeFiles/app.dir/mnt/host/source/src/platform/ec/build/zephyr/wyrdeer/modules/ec/common/switch.c.obj
[wyrdeer:ro] [284/379] Building C object CMakeFiles/app.dir/mnt/host/source/src/platform/ec/build/zephyr/wyrdeer/modules/ec/driver/stm_mems_common.c.obj
[wyrdeer:ro] [285/379] Building C object CMakeFiles/app.dir/mnt/host/source/src/platform/ec/build/zephyr/wyrdeer/modules/ec/common/temp_sensor.c.obj
[wyrdeer:ro] [286/379] Building C object CMakeFiles/app.dir/mnt/host/source/src/platform/ec/build/zephyr/wyrdeer/modules/ec/common/thermal.c.obj
[wyrdeer:ro] [287/379] Building C object CMakeFiles/app.dir/mnt/host/source/src/platform/ec/build/zephyr/wyrdeer/modules/ec/driver/temp_sensor/thermistor.c.obj
[wyrdeer:ro] [288/379] Building C object CMakeFiles/app.dir/mnt/host/source/src/platform/ec/build/zephyr/wyrdeer/modules/ec/common/timer.c.obj
[wyrdeer:ro] [289/379] Building C object CMakeFiles/app.dir/mnt/host/source/src/platform/ec/build/zephyr/wyrdeer/modules/ec/common/typec_control.c.obj
[wyrdeer:ro] [290/379] Building C object CMakeFiles/app.dir/mnt/host/source/src/platform/ec/build/zephyr/wyrdeer/modules/ec/common/usb_pd_flags.c.obj
[wyrdeer:ro] [291/379] Building C object CMakeFiles/app.dir/mnt/host/source/src/platform/ec/build/zephyr/wyrdeer/modules/ec/common/usb_pd_pdo.c.obj
[wyrdeer:ro] [292/379] Building C object CMakeFiles/app.dir/mnt/host/source/src/platform/ec/build/zephyr/wyrdeer/modules/ec/common/usbc/usb_sm.c.obj
[wyrdeer:ro] [293/379] Building C object CMakeFiles/app.dir/mnt/host/source/src/platform/ec/build/zephyr/wyrdeer/modules/ec/common/usbc/usbc_task.c.obj
[wyrdeer:ro] [294/379] Building C object CMakeFiles/app.dir/mnt/host/source/src/platform/ec/build/zephyr/wyrdeer/modules/ec/common/usbc/usb_pd_timer.c.obj
[wyrdeer:ro] [295/379] Building C object CMakeFiles/app.dir/mnt/host/source/src/platform/ec/build/zephyr/wyrdeer/modules/ec/common/usbc_intr_task.c.obj
[wyrdeer:ro] [296/379] Building C object CMakeFiles/app.dir/mnt/host/source/src/platform/ec/build/zephyr/wyrdeer/modules/ec/common/usb_common.c.obj
[wyrdeer:ro] [297/379] Building C object CMakeFiles/app.dir/mnt/host/source/src/platform/ec/build/zephyr/wyrdeer/modules/ec/common/usbc_utils.c.obj
[/mnt/host/source/src/platform/ec/build/zephyr/padme-lcov]   /mnt/host/source/src/platform/ec/build/zephyr/padme/build-rw/zephyr/arch/common/CMakeFiles/isr_tables.dir/isr_tables.c.gcno:no functions found
[/mnt/host/source/src/platform/ec/build/zephyr/padme-lcov] stderr:
[wyrdeer:ro] [298/379] Building C object CMakeFiles/app.dir/mnt/host/source/src/platform/ec/build/zephyr/wyrdeer/modules/ec/common/chargen.c.obj
[wyrdeer:ro] [299/379] Building C object CMakeFiles/app.dir/mnt/host/source/src/platform/ec/build/zephyr/wyrdeer/modules/ec/common/usbc/usb_pd_console.c.obj
[wyrdeer:ro] [300/379] Building C object CMakeFiles/app.dir/mnt/host/source/src/platform/ec/build/zephyr/wyrdeer/modules/ec/driver/usb_mux/usb_mux.c.obj
[wyrdeer:ro] [301/379] Building C object CMakeFiles/app.dir/mnt/host/source/src/platform/ec/build/zephyr/wyrdeer/modules/ec/driver/usb_mux/it5205.c.obj
[wyrdeer:ro] [302/379] Building C object CMakeFiles/app.dir/mnt/host/source/src/platform/ec/build/zephyr/wyrdeer/modules/ec/driver/usb_mux/ps8743.c.obj
[wyrdeer:ro] [303/379] Building C object CMakeFiles/app.dir/mnt/host/source/src/platform/ec/build/zephyr/wyrdeer/modules/ec/common/event_log.c.obj
[wyrdeer:ro] [304/379] Building C object CMakeFiles/app.dir/mnt/host/source/src/platform/ec/build/zephyr/wyrdeer/modules/ec/common/dps.c.obj
[wyrdeer:ro] [305/379] Building C object CMakeFiles/app.dir/mnt/host/source/src/platform/ec/build/zephyr/wyrdeer/modules/ec/driver/usb_mux/virtual.c.obj
[wyrdeer:ro] [306/379] Building C object CMakeFiles/app.dir/mnt/host/source/src/platform/ec/build/zephyr/wyrdeer/modules/ec/common/pd_log.c.obj
[wyrdeer:ro] [307/379] Building C object CMakeFiles/app.dir/mnt/host/source/src/platform/ec/build/zephyr/wyrdeer/modules/ec/common/usbc/usb_prl_sm.c.obj
[wyrdeer:ro] [308/379] Building C object CMakeFiles/app.dir/mnt/host/source/src/platform/ec/build/zephyr/wyrdeer/modules/ec/common/usbc/usbc_pd_policy.c.obj
[wyrdeer:ro] [309/379] Building C object CMakeFiles/app.dir/mnt/host/source/src/platform/ec/build/zephyr/wyrdeer/modules/ec/common/usbc/usb_pd_dpm.c.obj
[wyrdeer:ro] [310/379] Building C object CMakeFiles/app.dir/mnt/host/source/src/platform/ec/build/zephyr/wyrdeer/modules/ec/common/usbc/dp_alt_mode.c.obj
[wyrdeer:ro] [311/379] Building C object CMakeFiles/app.dir/mnt/host/source/src/platform/ec/build/zephyr/wyrdeer/modules/ec/common/usbc/usb_tc_drp_acc_trysrc_sm.c.obj
[wyrdeer:ro] [312/379] Building C object CMakeFiles/app.dir/mnt/host/source/src/platform/ec/build/zephyr/wyrdeer/modules/ec/common/usb_pd_host_cmd.c.obj
[wyrdeer:ro] [313/379] Building C object CMakeFiles/app.dir/mnt/host/source/src/platform/ec/build/zephyr/wyrdeer/modules/ec/common/usb_pd_console_cmd.c.obj
[/mnt/host/source/src/platform/ec/build/zephyr/brox-ish-ec-lcov]   /mnt/host/source/src/platform/ec/build/zephyr/brox-ish-ec/build-ro/zephyr/drivers/sensor/CMakeFiles/drivers__sensor.dir/mnt/host/source/src/third_party/zephyr/main/misc/empty_file.c.gcno:no functions found
[/mnt/host/source/src/platform/ec/build/zephyr/brox-ish-ec-lcov] stderr:
[wyrdeer:ro] [314/379] Building C object CMakeFiles/app.dir/mnt/host/source/src/platform/ec/build/zephyr/wyrdeer/modules/ec/common/usbc/usb_pd_host.c.obj
[wyrdeer:ro] [315/379] Building C object CMakeFiles/app.dir/mnt/host/source/src/platform/ec/build/zephyr/wyrdeer/modules/ec/common/usbc/usb_pe_drp_sm.c.obj
[wyrdeer:ro] [316/379] Building C object CMakeFiles/app.dir/mnt/host/source/src/platform/ec/build/zephyr/wyrdeer/modules/ec/common/usbc/svdm_rsp_dfp_only.c.obj
[wyrdeer:ro] [317/379] Building C object CMakeFiles/app.dir/mnt/host/source/src/platform/ec/build/zephyr/wyrdeer/modules/ec/zephyr/shim/src/tcpc.c.obj
[wyrdeer:ro] [318/379] Building C object CMakeFiles/app.dir/mnt/host/source/src/platform/ec/build/zephyr/wyrdeer/modules/ec/common/usbc_ocp.c.obj
[wyrdeer:ro] [319/379] Building C object CMakeFiles/app.dir/mnt/host/source/src/platform/ec/build/zephyr/wyrdeer/modules/ec/common/usb_pd_host_cmd_common.c.obj
[/mnt/host/source/src/platform/ec/build/zephyr/brox-ish-ec-lcov]   /mnt/host/source/src/platform/ec/build/zephyr/brox-ish-ec/build-rw/modules/ec/zephyr/CMakeFiles/ec_shim.dir/shim/src/thermal.c.gcno:no functions found
[/mnt/host/source/src/platform/ec/build/zephyr/brox-ish-ec-lcov] stderr:
[wyrdeer:ro] [320/379] Building C object CMakeFiles/app.dir/mnt/host/source/src/platform/ec/build/zephyr/wyrdeer/modules/ec/common/usbc/dp_hpd_gpio.c.obj
[wyrdeer:ro] [321/379] Building C object CMakeFiles/app.dir/mnt/host/source/src/platform/ec/build/zephyr/wyrdeer/modules/ec/common/usb_pd_discovery.c.obj
[wyrdeer:ro] [322/379] Building C object CMakeFiles/app.dir/mnt/host/source/src/platform/ec/build/zephyr/wyrdeer/modules/ec/driver/tcpm/ite_pd_intc.c.obj
[wyrdeer:ro] [323/379] Building C object CMakeFiles/app.dir/mnt/host/source/src/platform/ec/build/zephyr/wyrdeer/modules/ec/common/usb_pd_dual_role.c.obj
[wyrdeer:ro] [324/379] Building C object CMakeFiles/app.dir/mnt/host/source/src/platform/ec/build/zephyr/wyrdeer/modules/ec/common/usbc_ppc.c.obj
[/mnt/host/source/src/platform/ec/build/zephyr/brox-ish-ec-lcov]   /mnt/host/source/src/platform/ec/build/zephyr/brox-ish-ec/build-rw/modules/ec/zephyr/CMakeFiles/ec_shim.dir/shim/src/battery.c.gcno:no functions found
[/mnt/host/source/src/platform/ec/build/zephyr/brox-ish-ec-lcov] stderr:
[wyrdeer:ro] [325/379] Building C object CMakeFiles/app.dir/mnt/host/source/src/platform/ec/build/zephyr/wyrdeer/modules/ec/driver/tcpm/tcpci.c.obj
[wyrdeer:ro] [326/379] Building C object CMakeFiles/app.dir/mnt/host/source/src/platform/ec/build/zephyr/wyrdeer/modules/ec/driver/tcpm/it8xxx2.c.obj
[wyrdeer:ro] [327/379] Building C object CMakeFiles/app.dir/mnt/host/source/src/platform/ec/build/zephyr/wyrdeer/modules/ec/driver/ppc/syv682x.c.obj
[wyrdeer:ro] [328/379] Building C object CMakeFiles/app.dir/mnt/host/source/src/platform/ec/build/zephyr/wyrdeer/modules/ec/common/vboot_hash.c.obj
[wyrdeer:ro] [329/379] Building C object CMakeFiles/app.dir/mnt/host/source/src/platform/ec/build/zephyr/wyrdeer/modules/ec/common/math_util.c.obj
[wyrdeer:ro] [330/379] Building C object CMakeFiles/app.dir/mnt/host/source/src/platform/ec/build/zephyr/wyrdeer/modules/ec/common/vboot/efs2.c.obj
[wyrdeer:ro] [331/379] Building C object CMakeFiles/app.dir/mnt/host/source/src/platform/ec/build/zephyr/wyrdeer/modules/ec/common/vstore.c.obj
[wyrdeer:ro] [332/379] Building C object CMakeFiles/app.dir/mnt/host/source/src/platform/ec/build/zephyr/wyrdeer/modules/ec/common/button.c.obj
[wyrdeer:ro] [333/379] Building C object CMakeFiles/app.dir/src/board.c.obj
[wyrdeer:ro] [334/379] Building C object CMakeFiles/app.dir/src/hibernate.c.obj
[wyrdeer:ro] [335/379] Building C object CMakeFiles/app.dir/src/board_chipset.c.obj
[wyrdeer:ro] [336/379] Linking C static library modules/ec/zephyr/libec_shim.a
[wyrdeer:ro] [337/379] Building C object CMakeFiles/app.dir/src/usbc.c.obj
[wyrdeer:ro] [338/379] Building C object CMakeFiles/app.dir/src/usb_pd_policy.c.obj
[wyrdeer:ro] [339/379] Building C object CMakeFiles/app.dir/src/ite_hooks.c.obj
[wyrdeer:ro] [340/379] Building C object CMakeFiles/app.dir/src/ite_i2c.c.obj
[/mnt/host/source/src/platform/ec/build/zephyr/brox-ish-ec-lcov]   /mnt/host/source/src/platform/ec/build/zephyr/brox-ish-ec/build-rw/modules/ec/zephyr/CMakeFiles/ec_shim.dir/shim/src/charger.c.gcno:no functions found
[/mnt/host/source/src/platform/ec/build/zephyr/brox-ish-ec-lcov] stderr:
[wyrdeer:ro] [341/379] Building C object CMakeFiles/app.dir/src/ite_usb_pd_policy.c.obj
[wyrdeer:ro] [342/379] Building C object CMakeFiles/app.dir/wyrdeer/src/base_detect.c.obj
[wyrdeer:ro] [343/379] Building C object CMakeFiles/app.dir/src/ite_usbc.c.obj
[wyrdeer:ro] [344/379] Building C object CMakeFiles/app.dir/wyrdeer/src/thermal.c.obj
[wyrdeer:ro] [345/379] Building C object CMakeFiles/app.dir/wyrdeer/src/ppc.c.obj
[wyrdeer:ro] [346/379] Building C object zephyr/kernel/CMakeFiles/kernel.dir/device.c.obj
[wyrdeer:ro] [347/379] Building C object zephyr/kernel/CMakeFiles/kernel.dir/errno.c.obj
[wyrdeer:ro] [348/379] Building C object zephyr/kernel/CMakeFiles/kernel.dir/busy_wait.c.obj
[wyrdeer:ro] [349/379] Building C object CMakeFiles/app.dir/wyrdeer/src/lcd.c.obj
[wyrdeer:ro] [350/379] Building C object zephyr/kernel/CMakeFiles/kernel.dir/version.c.obj
[wyrdeer:ro] [351/379] Building C object CMakeFiles/app.dir/wyrdeer/src/alt_motionsense.c.obj
[wyrdeer:ro] [352/379] Building C object zephyr/kernel/CMakeFiles/kernel.dir/init.c.obj
[wyrdeer:ro] [353/379] Building C object zephyr/kernel/CMakeFiles/kernel.dir/kheap.c.obj
[wyrdeer:ro] [354/379] Linking C static library app/libapp.a
[wyrdeer:ro] [355/379] Building C object zephyr/kernel/CMakeFiles/kernel.dir/fatal.c.obj
[wyrdeer:ro] [356/379] Building C object zephyr/kernel/CMakeFiles/kernel.dir/mem_slab.c.obj
[wyrdeer:ro] [357/379] Building C object zephyr/kernel/CMakeFiles/kernel.dir/float.c.obj
[wyrdeer:ro] [358/379] Building C object zephyr/kernel/CMakeFiles/kernel.dir/idle.c.obj
[wyrdeer:ro] [359/379] Building C object zephyr/kernel/CMakeFiles/kernel.dir/mailbox.c.obj
[wyrdeer:ro] [360/379] Building C object zephyr/kernel/CMakeFiles/kernel.dir/mutex.c.obj
[wyrdeer:ro] [361/379] Building C object zephyr/kernel/CMakeFiles/kernel.dir/msg_q.c.obj
[/mnt/host/source/src/platform/ec/build/zephyr/padme-lcov]   /mnt/host/source/src/platform/ec/build/zephyr/padme/build-rw/zephyr/CMakeFiles/zephyr.dir/subsys/shell/modules/kernel_service/kernel_shell.c.gcno:no functions found
[/mnt/host/source/src/platform/ec/build/zephyr/padme-lcov] stderr:
[wyrdeer:ro] [362/379] Building C object zephyr/kernel/CMakeFiles/kernel.dir/stack.c.obj
[wyrdeer:ro] [363/379] Building C object zephyr/kernel/CMakeFiles/kernel.dir/sem.c.obj
[wyrdeer:ro] [364/379] Building C object zephyr/kernel/CMakeFiles/kernel.dir/queue.c.obj
[wyrdeer:ro] [365/379] Building C object zephyr/kernel/CMakeFiles/kernel.dir/system_work_q.c.obj
[wyrdeer:ro] [366/379] Building C object zephyr/kernel/CMakeFiles/kernel.dir/condvar.c.obj
Running (initial) lcov on /mnt/host/source/src/platform/ec/build/zephyr/skyrim.
[wyrdeer:ro] [367/379] Building C object zephyr/kernel/CMakeFiles/kernel.dir/work.c.obj
[/mnt/host/source/src/platform/ec/build/zephyr/padme-lcov]   /mnt/host/source/src/platform/ec/build/zephyr/padme/build-rw/zephyr/CMakeFiles/zephyr.dir/lib/libc/validate_libc.c.gcno:no functions found
[/mnt/host/source/src/platform/ec/build/zephyr/padme-lcov] stderr:
[quandiso:rw] Building: /usr/bin/ninja -C /mnt/host/source/src/platform/ec/build/zephyr/quandiso/build-rw all.libraries
Running `env -i SHELL=/bin/bash COLORTERM=truecolor DEPOT_TOOLS_UPDATE=0 LESS='-R -M --shift 5' SUDO_GID=0 JDK_HOME=/etc/java-config-2/current-system-vm CONFIG_PROTECT_MASK='/etc/gentoo-release /etc/sandbox.d /etc/fonts/fonts.conf /etc/terminfo /etc/ca-certificates.conf /etc/revdep-rebuild' CHROMEOS_CACHEDIR=/var/cache/chromeos-cache JAVA_HOME=/etc/java-config-2/current-system-vm SSH_AUTH_SOCK=/tmp/ssh-auth-sock SUDO_COMMAND=/bin/bash SUDO_USER=root SUDO_TTY=/dev/pts/2 EDITOR=/usr/bin/vi PWD=/mnt/host/source/src/platform/ec CONFIG_PROTECT=/usr/share/gnupg/qualified.txt LOGNAME=jpmurphy MANPATH=/etc/java-config-2/current-system-vm/man:/usr/local/share/man:/usr/share/man:/usr/share/gcc-data/x86_64-pc-linux-gnu/10.2.0/man:/usr/share/binutils-data/x86_64-pc-linux-gnu/2.45/man:/etc/java-config-2/current-system-vm/man/ SUDO_HOME=/root XAUTHORITY=/run/user/944457/gdm/Xauthority HOME=/home/jpmurphy LANG=C.UTF-8 LS_COLORS='rs=0:di=01;34:ln=01;36:mh=00:pi=40;33:so=01;35:do=01;35:bd=40;33;01:cd=40;33;01:or=01;05;37;41:mi=01;05;37;41:su=37;41:sg=30;43:ca=30;41:tw=30;42:ow=34;42:st=37;44:ex=01;32:*.tar=01;31:*.tgz=01;31:*.arc=01;31:*.arj=01;31:*.taz=01;31:*.lha=01;31:*.lz4=01;31:*.lzh=01;31:*.lzma=01;31:*.tlz=01;31:*.txz=01;31:*.tzo=01;31:*.t7z=01;31:*.zip=01;31:*.z=01;31:*.dz=01;31:*.gz=01;31:*.lrz=01;31:*.lz=01;31:*.lzo=01;31:*.xz=01;31:*.zst=01;31:*.tzst=01;31:*.bz2=01;31:*.bz=01;31:*.tbz=01;31:*.tbz2=01;31:*.tz=01;31:*.deb=01;31:*.rpm=01;31:*.jar=01;31:*.war=01;31:*.ear=01;31:*.sar=01;31:*.rar=01;31:*.alz=01;31:*.ace=01;31:*.zoo=01;31:*.cpio=01;31:*.7z=01;31:*.rz=01;31:*.cab=01;31:*.wim=01;31:*.swm=01;31:*.dwm=01;31:*.esd=01;31:*.jpg=01;35:*.jpeg=01;35:*.mjpg=01;35:*.mjpeg=01;35:*.gif=01;35:*.bmp=01;35:*.pbm=01;35:*.pgm=01;35:*.ppm=01;35:*.tga=01;35:*.xbm=01;35:*.xpm=01;35:*.tif=01;35:*.tiff=01;35:*.png=01;35:*.svg=01;35:*.svgz=01;35:*.mng=01;35:*.pcx=01;35:*.mov=01;35:*.mpg=01;35:*.mpeg=01;35:*.m2v=01;35:*.mkv=01;35:*.webm=01;35:*.webp=01;35:*.ogm=01;35:*.mp4=01;35:*.m4v=01;35:*.mp4v=01;35:*.vob=01;35:*.qt=01;35:*.nuv=01;35:*.wmv=01;35:*.asf=01;35:*.rm=01;35:*.rmvb=01;35:*.flc=01;35:*.avi=01;35:*.fli=01;35:*.flv=01;35:*.gl=01;35:*.dl=01;35:*.xcf=01;35:*.xwd=01;35:*.yuv=01;35:*.cgm=01;35:*.emf=01;35:*.ogv=01;35:*.ogx=01;35:*.cfg=00;32:*.conf=00;32:*.diff=00;32:*.doc=00;32:*.ini=00;32:*.log=00;32:*.patch=00;32:*.pdf=00;32:*.ps=00;32:*.tex=00;32:*.txt=00;32:*.aac=00;36:*.au=00;36:*.flac=00;36:*.m4a=00;36:*.mid=00;36:*.midi=00;36:*.mka=00;36:*.mp3=00;36:*.mpc=00;36:*.ogg=00;36:*.ra=00;36:*.wav=00;36:*.oga=00;36:*.opus=00;36:*.spx=00;36:*.xspf=00;36:' XDG_CURRENT_DESKTOP=GNOME INFOPATH=/usr/share/info:/usr/share/gcc-data/x86_64-pc-linux-gnu/10.2.0/info:/usr/share/binutils-data/x86_64-pc-linux-gnu/2.45/info:/usr/share/automake-1.16.5/info JAVAC=/etc/java-config-2/current-system-vm/bin/javac TERM=xterm-256color LESSOPEN='|lesspipe %s' USER=jpmurphy CROS_WORKON_SRCROOT=/mnt/host/source MANPAGER=manpager DISPLAY=:1 SHLVL=1 LC_MESSAGES=C EXTERNAL_TRUNK_PATH=/mnt/8f9d649a-3721-44cc-93c0-e6bd21a9689f/chromiumos GCC_SPECS='' PATH=/mnt/host/source/chromite/bin:/usr/local/bin:/usr/bin:/bin:/opt/bin:/mnt/host/source/chromite/sdk/bin:/mnt/host/source/chromite/bin PORTAGE_USERNAME=jpmurphy SUDO_UID=0 GCC_VER=10.2.0 MAIL=/var/mail/jpmurphy OLDPWD=/mnt/host/source/src/scripts traceparent=00-e87aca51550a78635907baa6a2476181-6d684811675d2973-01 _=./zephyr/firmware_builder.py COREBOOT_SDK_ROOT_x86=/home/jpmurphy/.cache/coreboot-sdk/i386-elf/dfbb0486385d938cfa9d73080b9d18d598ed4f49 COREBOOT_SDK_ROOT_picolibc_x86=/home/jpmurphy/.cache/coreboot-sdk/picolibc-i386-elf/eb8e8e687b95461de8cbf278f1c2076952d0ad17 COREBOOT_SDK_ROOT_riscv64=/home/jpmurphy/.cache/coreboot-sdk/riscv64-elf/96b949749225b6aaa92ed810ab769e8dfb12f000 COREBOOT_SDK_ROOT_picolibc_arm=/home/jpmurphy/.cache/coreboot-sdk/picolibc-arm-eabi/422a2aa3e1ef891b5bece9a3deb696ff83840d2e COREBOOT_SDK_ROOT_nds32=/home/jpmurphy/.cache/coreboot-sdk/nds32le-elf/d1a518c4a097666d86058e1444f85ca015d15511 COREBOOT_SDK_ROOT_picolibc_riscv64=/home/jpmurphy/.cache/coreboot-sdk/picolibc-riscv64-elf/f571e990ef0278564b31124f8bb109d9a697eb69 COREBOOT_SDK_ROOT_arm=/home/jpmurphy/.cache/coreboot-sdk/arm-eabi/ea40ddd1d190c3b48435c474c0b545719371813a COREBOOT_SDK_ROOT_libstdcxx_riscv64=/home/jpmurphy/.cache/coreboot-sdk/libstdcxx-riscv64-elf/17abf22a3a252e2d5d2062ced5324f7a623689e0 COREBOOT_SDK_ROOT_libstdcxx_arm=/home/jpmurphy/.cache/coreboot-sdk/libstdcxx-arm-eabi/5d7d82e150e44aa1968f1d366e267e6687b328ac COREBOOT_SDK_ROOT_riscv=/home/jpmurphy/.cache/coreboot-sdk/riscv-elf/9a27b9e82341c6e9126624f516ab3f261abb3e73 COREBOOT_SDK_ROOT_libstdcxx_x86=/home/jpmurphy/.cache/coreboot-sdk/libstdcxx-i386-elf/42ef9d2e87a76a37963175d7d428734e65648b87 PYTHONPATH=/mnt/host/source/src/platform/ec/zephyr/zmake PW_PIGWEED_CIPD_INSTALL_DIR=/usr CROSTC_USER_ACKNOWLEDGES_THAT_RISCV_IS_EXPERIMENTAL=1 MAKEFLAGS=' -j16 --jobserver-auth=5,6' /usr/bin/ninja -C /mnt/host/source/src/platform/ec/build/zephyr/quandiso/build-rw all.libraries`
[quandiso:rw] ninja: Entering directory `/mnt/host/source/src/platform/ec/build/zephyr/quandiso/build-rw'
[wyrdeer:ro] [368/379] Building C object zephyr/kernel/CMakeFiles/kernel.dir/thread.c.obj
[quandiso:ro] Building: /usr/bin/ninja -C /mnt/host/source/src/platform/ec/build/zephyr/quandiso/build-ro all.libraries
Running `env -i SHELL=/bin/bash COLORTERM=truecolor DEPOT_TOOLS_UPDATE=0 LESS='-R -M --shift 5' SUDO_GID=0 JDK_HOME=/etc/java-config-2/current-system-vm CONFIG_PROTECT_MASK='/etc/gentoo-release /etc/sandbox.d /etc/fonts/fonts.conf /etc/terminfo /etc/ca-certificates.conf /etc/revdep-rebuild' CHROMEOS_CACHEDIR=/var/cache/chromeos-cache JAVA_HOME=/etc/java-config-2/current-system-vm SSH_AUTH_SOCK=/tmp/ssh-auth-sock SUDO_COMMAND=/bin/bash SUDO_USER=root SUDO_TTY=/dev/pts/2 EDITOR=/usr/bin/vi PWD=/mnt/host/source/src/platform/ec CONFIG_PROTECT=/usr/share/gnupg/qualified.txt LOGNAME=jpmurphy MANPATH=/etc/java-config-2/current-system-vm/man:/usr/local/share/man:/usr/share/man:/usr/share/gcc-data/x86_64-pc-linux-gnu/10.2.0/man:/usr/share/binutils-data/x86_64-pc-linux-gnu/2.45/man:/etc/java-config-2/current-system-vm/man/ SUDO_HOME=/root XAUTHORITY=/run/user/944457/gdm/Xauthority HOME=/home/jpmurphy LANG=C.UTF-8 LS_COLORS='rs=0:di=01;34:ln=01;36:mh=00:pi=40;33:so=01;35:do=01;35:bd=40;33;01:cd=40;33;01:or=01;05;37;41:mi=01;05;37;41:su=37;41:sg=30;43:ca=30;41:tw=30;42:ow=34;42:st=37;44:ex=01;32:*.tar=01;31:*.tgz=01;31:*.arc=01;31:*.arj=01;31:*.taz=01;31:*.lha=01;31:*.lz4=01;31:*.lzh=01;31:*.lzma=01;31:*.tlz=01;31:*.txz=01;31:*.tzo=01;31:*.t7z=01;31:*.zip=01;31:*.z=01;31:*.dz=01;31:*.gz=01;31:*.lrz=01;31:*.lz=01;31:*.lzo=01;31:*.xz=01;31:*.zst=01;31:*.tzst=01;31:*.bz2=01;31:*.bz=01;31:*.tbz=01;31:*.tbz2=01;31:*.tz=01;31:*.deb=01;31:*.rpm=01;31:*.jar=01;31:*.war=01;31:*.ear=01;31:*.sar=01;31:*.rar=01;31:*.alz=01;31:*.ace=01;31:*.zoo=01;31:*.cpio=01;31:*.7z=01;31:*.rz=01;31:*.cab=01;31:*.wim=01;31:*.swm=01;31:*.dwm=01;31:*.esd=01;31:*.jpg=01;35:*.jpeg=01;35:*.mjpg=01;35:*.mjpeg=01;35:*.gif=01;35:*.bmp=01;35:*.pbm=01;35:*.pgm=01;35:*.ppm=01;35:*.tga=01;35:*.xbm=01;35:*.xpm=01;35:*.tif=01;35:*.tiff=01;35:*.png=01;35:*.svg=01;35:*.svgz=01;35:*.mng=01;35:*.pcx=01;35:*.mov=01;35:*.mpg=01;35:*.mpeg=01;35:*.m2v=01;35:*.mkv=01;35:*.webm=01;35:*.webp=01;35:*.ogm=01;35:*.mp4=01;35:*.m4v=01;35:*.mp4v=01;35:*.vob=01;35:*.qt=01;35:*.nuv=01;35:*.wmv=01;35:*.asf=01;35:*.rm=01;35:*.rmvb=01;35:*.flc=01;35:*.avi=01;35:*.fli=01;35:*.flv=01;35:*.gl=01;35:*.dl=01;35:*.xcf=01;35:*.xwd=01;35:*.yuv=01;35:*.cgm=01;35:*.emf=01;35:*.ogv=01;35:*.ogx=01;35:*.cfg=00;32:*.conf=00;32:*.diff=00;32:*.doc=00;32:*.ini=00;32:*.log=00;32:*.patch=00;32:*.pdf=00;32:*.ps=00;32:*.tex=00;32:*.txt=00;32:*.aac=00;36:*.au=00;36:*.flac=00;36:*.m4a=00;36:*.mid=00;36:*.midi=00;36:*.mka=00;36:*.mp3=00;36:*.mpc=00;36:*.ogg=00;36:*.ra=00;36:*.wav=00;36:*.oga=00;36:*.opus=00;36:*.spx=00;36:*.xspf=00;36:' XDG_CURRENT_DESKTOP=GNOME INFOPATH=/usr/share/info:/usr/share/gcc-data/x86_64-pc-linux-gnu/10.2.0/info:/usr/share/binutils-data/x86_64-pc-linux-gnu/2.45/info:/usr/share/automake-1.16.5/info JAVAC=/etc/java-config-2/current-system-vm/bin/javac TERM=xterm-256color LESSOPEN='|lesspipe %s' USER=jpmurphy CROS_WORKON_SRCROOT=/mnt/host/source MANPAGER=manpager DISPLAY=:1 SHLVL=1 LC_MESSAGES=C EXTERNAL_TRUNK_PATH=/mnt/8f9d649a-3721-44cc-93c0-e6bd21a9689f/chromiumos GCC_SPECS='' PATH=/mnt/host/source/chromite/bin:/usr/local/bin:/usr/bin:/bin:/opt/bin:/mnt/host/source/chromite/sdk/bin:/mnt/host/source/chromite/bin PORTAGE_USERNAME=jpmurphy SUDO_UID=0 GCC_VER=10.2.0 MAIL=/var/mail/jpmurphy OLDPWD=/mnt/host/source/src/scripts traceparent=00-e87aca51550a78635907baa6a2476181-6d684811675d2973-01 _=./zephyr/firmware_builder.py COREBOOT_SDK_ROOT_x86=/home/jpmurphy/.cache/coreboot-sdk/i386-elf/dfbb0486385d938cfa9d73080b9d18d598ed4f49 COREBOOT_SDK_ROOT_picolibc_x86=/home/jpmurphy/.cache/coreboot-sdk/picolibc-i386-elf/eb8e8e687b95461de8cbf278f1c2076952d0ad17 COREBOOT_SDK_ROOT_riscv64=/home/jpmurphy/.cache/coreboot-sdk/riscv64-elf/96b949749225b6aaa92ed810ab769e8dfb12f000 COREBOOT_SDK_ROOT_picolibc_arm=/home/jpmurphy/.cache/coreboot-sdk/picolibc-arm-eabi/422a2aa3e1ef891b5bece9a3deb696ff83840d2e COREBOOT_SDK_ROOT_nds32=/home/jpmurphy/.cache/coreboot-sdk/nds32le-elf/d1a518c4a097666d86058e1444f85ca015d15511 COREBOOT_SDK_ROOT_picolibc_riscv64=/home/jpmurphy/.cache/coreboot-sdk/picolibc-riscv64-elf/f571e990ef0278564b31124f8bb109d9a697eb69 COREBOOT_SDK_ROOT_arm=/home/jpmurphy/.cache/coreboot-sdk/arm-eabi/ea40ddd1d190c3b48435c474c0b545719371813a COREBOOT_SDK_ROOT_libstdcxx_riscv64=/home/jpmurphy/.cache/coreboot-sdk/libstdcxx-riscv64-elf/17abf22a3a252e2d5d2062ced5324f7a623689e0 COREBOOT_SDK_ROOT_libstdcxx_arm=/home/jpmurphy/.cache/coreboot-sdk/libstdcxx-arm-eabi/5d7d82e150e44aa1968f1d366e267e6687b328ac COREBOOT_SDK_ROOT_riscv=/home/jpmurphy/.cache/coreboot-sdk/riscv-elf/9a27b9e82341c6e9126624f516ab3f261abb3e73 COREBOOT_SDK_ROOT_libstdcxx_x86=/home/jpmurphy/.cache/coreboot-sdk/libstdcxx-i386-elf/42ef9d2e87a76a37963175d7d428734e65648b87 PYTHONPATH=/mnt/host/source/src/platform/ec/zephyr/zmake PW_PIGWEED_CIPD_INSTALL_DIR=/usr CROSTC_USER_ACKNOWLEDGES_THAT_RISCV_IS_EXPERIMENTAL=1 MAKEFLAGS=' -j16 --jobserver-auth=5,6' /usr/bin/ninja -C /mnt/host/source/src/platform/ec/build/zephyr/quandiso/build-ro all.libraries`
[wyrdeer:ro] [369/379] Building C object zephyr/kernel/CMakeFiles/kernel.dir/pipe.c.obj
[quandiso:ro] ninja: Entering directory `/mnt/host/source/src/platform/ec/build/zephyr/quandiso/build-ro'
[npcx7:rw] Building: /usr/bin/ninja -C /mnt/host/source/src/platform/ec/build/zephyr/npcx7/build-rw all.libraries
Running `env -i SHELL=/bin/bash COLORTERM=truecolor DEPOT_TOOLS_UPDATE=0 LESS='-R -M --shift 5' SUDO_GID=0 JDK_HOME=/etc/java-config-2/current-system-vm CONFIG_PROTECT_MASK='/etc/gentoo-release /etc/sandbox.d /etc/fonts/fonts.conf /etc/terminfo /etc/ca-certificates.conf /etc/revdep-rebuild' CHROMEOS_CACHEDIR=/var/cache/chromeos-cache JAVA_HOME=/etc/java-config-2/current-system-vm SSH_AUTH_SOCK=/tmp/ssh-auth-sock SUDO_COMMAND=/bin/bash SUDO_USER=root SUDO_TTY=/dev/pts/2 EDITOR=/usr/bin/vi PWD=/mnt/host/source/src/platform/ec CONFIG_PROTECT=/usr/share/gnupg/qualified.txt LOGNAME=jpmurphy MANPATH=/etc/java-config-2/current-system-vm/man:/usr/local/share/man:/usr/share/man:/usr/share/gcc-data/x86_64-pc-linux-gnu/10.2.0/man:/usr/share/binutils-data/x86_64-pc-linux-gnu/2.45/man:/etc/java-config-2/current-system-vm/man/ SUDO_HOME=/root XAUTHORITY=/run/user/944457/gdm/Xauthority HOME=/home/jpmurphy LANG=C.UTF-8 LS_COLORS='rs=0:di=01;34:ln=01;36:mh=00:pi=40;33:so=01;35:do=01;35:bd=40;33;01:cd=40;33;01:or=01;05;37;41:mi=01;05;37;41:su=37;41:sg=30;43:ca=30;41:tw=30;42:ow=34;42:st=37;44:ex=01;32:*.tar=01;31:*.tgz=01;31:*.arc=01;31:*.arj=01;31:*.taz=01;31:*.lha=01;31:*.lz4=01;31:*.lzh=01;31:*.lzma=01;31:*.tlz=01;31:*.txz=01;31:*.tzo=01;31:*.t7z=01;31:*.zip=01;31:*.z=01;31:*.dz=01;31:*.gz=01;31:*.lrz=01;31:*.lz=01;31:*.lzo=01;31:*.xz=01;31:*.zst=01;31:*.tzst=01;31:*.bz2=01;31:*.bz=01;31:*.tbz=01;31:*.tbz2=01;31:*.tz=01;31:*.deb=01;31:*.rpm=01;31:*.jar=01;31:*.war=01;31:*.ear=01;31:*.sar=01;31:*.rar=01;31:*.alz=01;31:*.ace=01;31:*.zoo=01;31:*.cpio=01;31:*.7z=01;31:*.rz=01;31:*.cab=01;31:*.wim=01;31:*.swm=01;31:*.dwm=01;31:*.esd=01;31:*.jpg=01;35:*.jpeg=01;35:*.mjpg=01;35:*.mjpeg=01;35:*.gif=01;35:*.bmp=01;35:*.pbm=01;35:*.pgm=01;35:*.ppm=01;35:*.tga=01;35:*.xbm=01;35:*.xpm=01;35:*.tif=01;35:*.tiff=01;35:*.png=01;35:*.svg=01;35:*.svgz=01;35:*.mng=01;35:*.pcx=01;35:*.mov=01;35:*.mpg=01;35:*.mpeg=01;35:*.m2v=01;35:*.mkv=01;35:*.webm=01;35:*.webp=01;35:*.ogm=01;35:*.mp4=01;35:*.m4v=01;35:*.mp4v=01;35:*.vob=01;35:*.qt=01;35:*.nuv=01;35:*.wmv=01;35:*.asf=01;35:*.rm=01;35:*.rmvb=01;35:*.flc=01;35:*.avi=01;35:*.fli=01;35:*.flv=01;35:*.gl=01;35:*.dl=01;35:*.xcf=01;35:*.xwd=01;35:*.yuv=01;35:*.cgm=01;35:*.emf=01;35:*.ogv=01;35:*.ogx=01;35:*.cfg=00;32:*.conf=00;32:*.diff=00;32:*.doc=00;32:*.ini=00;32:*.log=00;32:*.patch=00;32:*.pdf=00;32:*.ps=00;32:*.tex=00;32:*.txt=00;32:*.aac=00;36:*.au=00;36:*.flac=00;36:*.m4a=00;36:*.mid=00;36:*.midi=00;36:*.mka=00;36:*.mp3=00;36:*.mpc=00;36:*.ogg=00;36:*.ra=00;36:*.wav=00;36:*.oga=00;36:*.opus=00;36:*.spx=00;36:*.xspf=00;36:' XDG_CURRENT_DESKTOP=GNOME INFOPATH=/usr/share/info:/usr/share/gcc-data/x86_64-pc-linux-gnu/10.2.0/info:/usr/share/binutils-data/x86_64-pc-linux-gnu/2.45/info:/usr/share/automake-1.16.5/info JAVAC=/etc/java-config-2/current-system-vm/bin/javac TERM=xterm-256color LESSOPEN='|lesspipe %s' USER=jpmurphy CROS_WORKON_SRCROOT=/mnt/host/source MANPAGER=manpager DISPLAY=:1 SHLVL=1 LC_MESSAGES=C EXTERNAL_TRUNK_PATH=/mnt/8f9d649a-3721-44cc-93c0-e6bd21a9689f/chromiumos GCC_SPECS='' PATH=/mnt/host/source/chromite/bin:/usr/local/bin:/usr/bin:/bin:/opt/bin:/mnt/host/source/chromite/sdk/bin:/mnt/host/source/chromite/bin PORTAGE_USERNAME=jpmurphy SUDO_UID=0 GCC_VER=10.2.0 MAIL=/var/mail/jpmurphy OLDPWD=/mnt/host/source/src/scripts traceparent=00-e87aca51550a78635907baa6a2476181-6d684811675d2973-01 _=./zephyr/firmware_builder.py COREBOOT_SDK_ROOT_x86=/home/jpmurphy/.cache/coreboot-sdk/i386-elf/dfbb0486385d938cfa9d73080b9d18d598ed4f49 COREBOOT_SDK_ROOT_picolibc_x86=/home/jpmurphy/.cache/coreboot-sdk/picolibc-i386-elf/eb8e8e687b95461de8cbf278f1c2076952d0ad17 COREBOOT_SDK_ROOT_riscv64=/home/jpmurphy/.cache/coreboot-sdk/riscv64-elf/96b949749225b6aaa92ed810ab769e8dfb12f000 COREBOOT_SDK_ROOT_picolibc_arm=/home/jpmurphy/.cache/coreboot-sdk/picolibc-arm-eabi/422a2aa3e1ef891b5bece9a3deb696ff83840d2e COREBOOT_SDK_ROOT_nds32=/home/jpmurphy/.cache/coreboot-sdk/nds32le-elf/d1a518c4a097666d86058e1444f85ca015d15511 COREBOOT_SDK_ROOT_picolibc_riscv64=/home/jpmurphy/.cache/coreboot-sdk/picolibc-riscv64-elf/f571e990ef0278564b31124f8bb109d9a697eb69 COREBOOT_SDK_ROOT_arm=/home/jpmurphy/.cache/coreboot-sdk/arm-eabi/ea40ddd1d190c3b48435c474c0b545719371813a COREBOOT_SDK_ROOT_libstdcxx_riscv64=/home/jpmurphy/.cache/coreboot-sdk/libstdcxx-riscv64-elf/17abf22a3a252e2d5d2062ced5324f7a623689e0 COREBOOT_SDK_ROOT_libstdcxx_arm=/home/jpmurphy/.cache/coreboot-sdk/libstdcxx-arm-eabi/5d7d82e150e44aa1968f1d366e267e6687b328ac COREBOOT_SDK_ROOT_riscv=/home/jpmurphy/.cache/coreboot-sdk/riscv-elf/9a27b9e82341c6e9126624f516ab3f261abb3e73 COREBOOT_SDK_ROOT_libstdcxx_x86=/home/jpmurphy/.cache/coreboot-sdk/libstdcxx-i386-elf/42ef9d2e87a76a37963175d7d428734e65648b87 PYTHONPATH=/mnt/host/source/src/platform/ec/zephyr/zmake PW_PIGWEED_CIPD_INSTALL_DIR=/usr CROSTC_USER_ACKNOWLEDGES_THAT_RISCV_IS_EXPERIMENTAL=1 MAKEFLAGS=' -j16 --jobserver-auth=5,6' /usr/bin/ninja -C /mnt/host/source/src/platform/ec/build/zephyr/npcx7/build-rw all.libraries`
[wyrdeer:ro] [370/379] Building C object zephyr/kernel/CMakeFiles/kernel.dir/spinlock_validate.c.obj
[npcx7:rw] ninja: Entering directory `/mnt/host/source/src/platform/ec/build/zephyr/npcx7/build-rw'
Toolchain <zmake.toolchains.CorebootSdkToolchain object at 0x7f414303a990> selected by probe function.
[sapphire] Building in /mnt/host/source/src/platform/ec/build/zephyr/sapphire.
[wyrdeer:ro] [371/379] Building C object zephyr/kernel/CMakeFiles/kernel.dir/sched.c.obj
[quandiso:rw] [1/404] Preparing syscall dependency handling
[/mnt/host/source/src/platform/ec/build/zephyr/brox-ish-ec-lcov]   /mnt/host/source/src/platform/ec/build/zephyr/brox-ish-ec/build-rw/modules/ec/zephyr/CMakeFiles/ec_shim.dir/shim/src/usba.c.gcno:no functions found
[/mnt/host/source/src/platform/ec/build/zephyr/brox-ish-ec-lcov] stderr:
[wyrdeer:ro] [372/379] Building C object zephyr/kernel/CMakeFiles/kernel.dir/thread_monitor.c.obj
[npcx7:rw] [1/320] Preparing syscall dependency handling
[quandiso:rw] [2/404] Generating misc/generated/syscalls_subdirs.trigger
[npcx7:rw] [2/320] Generating misc/generated/syscalls_subdirs.trigger
[wyrdeer:ro] [373/379] Building C object zephyr/kernel/CMakeFiles/kernel.dir/events.c.obj
[wyrdeer:ro] [374/379] Building C object zephyr/kernel/CMakeFiles/kernel.dir/timeout.c.obj
Running `env -i PYTHONPATH=/usr/lib64/python-exec/python3.11:/mnt/host/source/src/platform/ec/zephyr/zmake:/usr/lib/python311.zip:/usr/lib/python3.11:/usr/lib/python3.11/lib-dynload:/usr/lib/python3.11/site-packages PW_PIGWEED_CIPD_INSTALL_DIR=/usr CROSTC_USER_ACKNOWLEDGES_THAT_RISCV_IS_EXPERIMENTAL=1 PATH=/mnt/host/source/chromite/bin:/usr/local/bin:/usr/bin:/bin:/opt/bin:/mnt/host/source/chromite/sdk/bin:/mnt/host/source/chromite/bin HOME=/home/jpmurphy JAVA_HOME=/etc/java-config-2/current-system-vm JDK_HOME=/etc/java-config-2/current-system-vm JAVAC=/etc/java-config-2/current-system-vm/bin/javac MAKEFLAGS=' -j16 --jobserver-auth=5,6' /usr/bin/lcov --gcov-tool /mnt/host/source/src/platform/ec/build/zephyr/skyrim/build-rw/gcov.sh -q -o - -c -d /mnt/host/source/src/platform/ec/build/zephyr/skyrim -t skyrim --rc branch_coverage=1 --filter range --ignore-errors inconsistent,source --ignore-errors gcov,gcov -i`
[quandiso:ro] [1/404] Preparing syscall dependency handling
[wyrdeer:ro] [375/379] Building C object zephyr/kernel/CMakeFiles/kernel.dir/timer.c.obj
[wyrdeer:ro] [376/379] Building C object zephyr/kernel/CMakeFiles/kernel.dir/poll.c.obj
[wyrdeer:ro] [377/379] Building C object zephyr/kernel/CMakeFiles/kernel.dir/mempool.c.obj
[sapphire:ro] Configuring.
Running `env -i PYTHONPATH=/usr/lib64/python-exec/python3.11:/mnt/host/source/src/platform/ec/zephyr/zmake:/usr/lib/python311.zip:/usr/lib/python3.11:/usr/lib/python3.11/lib-dynload:/usr/lib/python3.11/site-packages PW_PIGWEED_CIPD_INSTALL_DIR=/usr CROSTC_USER_ACKNOWLEDGES_THAT_RISCV_IS_EXPERIMENTAL=1 PATH=/mnt/host/source/chromite/bin:/usr/local/bin:/usr/bin:/bin:/opt/bin:/mnt/host/source/chromite/sdk/bin:/mnt/host/source/chromite/bin HOME=/home/jpmurphy JAVA_HOME=/etc/java-config-2/current-system-vm JDK_HOME=/etc/java-config-2/current-system-vm JAVAC=/etc/java-config-2/current-system-vm/bin/javac MAKEFLAGS=' -j16 --jobserver-auth=5,6' /usr/bin/cmake -S /mnt/host/source/src/platform/ec/zephyr/program/tanjiro -B /mnt/host/source/src/platform/ec/build/zephyr/sapphire/build-ro -GNinja -DCMAKE_EXPORT_COMPILE_COMMANDS=ON -DZEPHYR_BASE=/mnt/host/source/src/third_party/zephyr/main -DZMAKE_INCLUDE_DIR=/mnt/host/source/src/platform/ec/build/zephyr/sapphire/include -DPython3_EXECUTABLE=/usr/bin/python3.11 -DDTS_ROOT=/mnt/host/source/src/platform/ec/zephyr -DSYSCALL_INCLUDE_DIRS=/mnt/host/source/src/platform/ec/zephyr/include/drivers -DUSER_CACHE_DIR=/mnt/host/source/src/platform/ec/build/zephyr/user-cache '-DEXTRA_EC_VERSION_FLAGS=--version 16543.0.0 --static' -DTOOLCHAIN_ROOT=/mnt/host/source/src/platform/ec/zephyr -DCOREBOOT_SDK_ROOT_x86=/home/jpmurphy/.cache/coreboot-sdk/i386-elf/dfbb0486385d938cfa9d73080b9d18d598ed4f49 -DCOREBOOT_SDK_ROOT_picolibc_x86=/home/jpmurphy/.cache/coreboot-sdk/picolibc-i386-elf/eb8e8e687b95461de8cbf278f1c2076952d0ad17 -DCOREBOOT_SDK_ROOT_riscv64=/home/jpmurphy/.cache/coreboot-sdk/riscv64-elf/96b949749225b6aaa92ed810ab769e8dfb12f000 -DCOREBOOT_SDK_ROOT_picolibc_arm=/home/jpmurphy/.cache/coreboot-sdk/picolibc-arm-eabi/422a2aa3e1ef891b5bece9a3deb696ff83840d2e -DCOREBOOT_SDK_ROOT_nds32=/home/jpmurphy/.cache/coreboot-sdk/nds32le-elf/d1a518c4a097666d86058e1444f85ca015d15511 -DCOREBOOT_SDK_ROOT_picolibc_riscv64=/home/jpmurphy/.cache/coreboot-sdk/picolibc-riscv64-elf/f571e990ef0278564b31124f8bb109d9a697eb69 -DCOREBOOT_SDK_ROOT_arm=/home/jpmurphy/.cache/coreboot-sdk/arm-eabi/ea40ddd1d190c3b48435c474c0b545719371813a -DCOREBOOT_SDK_ROOT_libstdcxx_riscv64=/home/jpmurphy/.cache/coreboot-sdk/libstdcxx-riscv64-elf/17abf22a3a252e2d5d2062ced5324f7a623689e0 -DCOREBOOT_SDK_ROOT_libstdcxx_arm=/home/jpmurphy/.cache/coreboot-sdk/libstdcxx-arm-eabi/5d7d82e150e44aa1968f1d366e267e6687b328ac -DCOREBOOT_SDK_ROOT_riscv=/home/jpmurphy/.cache/coreboot-sdk/riscv-elf/9a27b9e82341c6e9126624f516ab3f261abb3e73 -DCOREBOOT_SDK_ROOT_libstdcxx_x86=/home/jpmurphy/.cache/coreboot-sdk/libstdcxx-i386-elf/42ef9d2e87a76a37963175d7d428734e65648b87 -DZEPHYR_TOOLCHAIN_VARIANT=coreboot-sdk '-DZEPHYR_MODULES=/mnt/host/source/src/platform/ec/build/zephyr/sapphire/modules/cmsis;/mnt/host/source/src/platform/ec/build/zephyr/sapphire/modules/cmsis_6;/mnt/host/source/src/platform/ec/build/zephyr/sapphire/modules/ec;/mnt/host/source/src/platform/ec/build/zephyr/sapphire/modules/google-private' -DDTC_OVERLAY_FILE=/mnt/host/source/src/platform/ec/zephyr/program/tanjiro/sapphire/project.overlay -DBOARD=it8xxx2/it82202bw -DCMAKE_C_FLAGS=-DSECTION_IS_RO '-DCONF_FILE=/mnt/host/source/src/platform/ec/zephyr/program/tanjiro/program.conf;/mnt/host/source/src/platform/ec/zephyr/program/tanjiro/sapphire/project.conf;/mnt/host/source/src/platform/ec/build/zephyr/sapphire/kconfig-ro.conf'`
[sapphire:ro] Loading Zephyr default modules (Zephyr base (cached)).
[sapphire:ro] -- Application: /mnt/host/source/src/platform/ec/zephyr/program/tanjiro
Toolchain <zmake.toolchains.CorebootSdkToolchain object at 0x7f41430384d0> selected by probe function.
[matsu] Building in /mnt/host/source/src/platform/ec/build/zephyr/matsu.
[wyrdeer:ro] [378/379] Building C object zephyr/kernel/CMakeFiles/kernel.dir/dynamic_disabled.c.obj
[matsu:ro] Configuring.
Running `env -i PYTHONPATH=/usr/lib64/python-exec/python3.11:/mnt/host/source/src/platform/ec/zephyr/zmake:/usr/lib/python311.zip:/usr/lib/python3.11:/usr/lib/python3.11/lib-dynload:/usr/lib/python3.11/site-packages PW_PIGWEED_CIPD_INSTALL_DIR=/usr CROSTC_USER_ACKNOWLEDGES_THAT_RISCV_IS_EXPERIMENTAL=1 PATH=/mnt/host/source/chromite/bin:/usr/local/bin:/usr/bin:/bin:/opt/bin:/mnt/host/source/chromite/sdk/bin:/mnt/host/source/chromite/bin HOME=/home/jpmurphy JAVA_HOME=/etc/java-config-2/current-system-vm JDK_HOME=/etc/java-config-2/current-system-vm JAVAC=/etc/java-config-2/current-system-vm/bin/javac MAKEFLAGS=' -j16 --jobserver-auth=5,6' /usr/bin/cmake -S /mnt/host/source/src/platform/ec/zephyr/program/ocelot -B /mnt/host/source/src/platform/ec/build/zephyr/matsu/build-ro -GNinja -DCMAKE_EXPORT_COMPILE_COMMANDS=ON -DZEPHYR_BASE=/mnt/host/source/src/third_party/zephyr/main -DZMAKE_INCLUDE_DIR=/mnt/host/source/src/platform/ec/build/zephyr/matsu/include -DPython3_EXECUTABLE=/usr/bin/python3.11 -DDTS_ROOT=/mnt/host/source/src/platform/ec/zephyr -DSYSCALL_INCLUDE_DIRS=/mnt/host/source/src/platform/ec/zephyr/include/drivers -DUSER_CACHE_DIR=/mnt/host/source/src/platform/ec/build/zephyr/user-cache -DPW_ROOT=/mnt/host/source/src/third_party/pigweed -DNANOPB_DIR=/mnt/host/source/src/third_party/zephyr/nanopb '-DEXTRA_EC_VERSION_FLAGS=--version 16543.0.0 --static' -DTOOLCHAIN_ROOT=/mnt/host/source/src/platform/ec/zephyr -DCOREBOOT_SDK_ROOT_x86=/home/jpmurphy/.cache/coreboot-sdk/i386-elf/dfbb0486385d938cfa9d73080b9d18d598ed4f49 -DCOREBOOT_SDK_ROOT_picolibc_x86=/home/jpmurphy/.cache/coreboot-sdk/picolibc-i386-elf/eb8e8e687b95461de8cbf278f1c2076952d0ad17 -DCOREBOOT_SDK_ROOT_riscv64=/home/jpmurphy/.cache/coreboot-sdk/riscv64-elf/96b949749225b6aaa92ed810ab769e8dfb12f000 -DCOREBOOT_SDK_ROOT_picolibc_arm=/home/jpmurphy/.cache/coreboot-sdk/picolibc-arm-eabi/422a2aa3e1ef891b5bece9a3deb696ff83840d2e -DCOREBOOT_SDK_ROOT_nds32=/home/jpmurphy/.cache/coreboot-sdk/nds32le-elf/d1a518c4a097666d86058e1444f85ca015d15511 -DCOREBOOT_SDK_ROOT_picolibc_riscv64=/home/jpmurphy/.cache/coreboot-sdk/picolibc-riscv64-elf/f571e990ef0278564b31124f8bb109d9a697eb69 -DCOREBOOT_SDK_ROOT_arm=/home/jpmurphy/.cache/coreboot-sdk/arm-eabi/ea40ddd1d190c3b48435c474c0b545719371813a -DCOREBOOT_SDK_ROOT_libstdcxx_riscv64=/home/jpmurphy/.cache/coreboot-sdk/libstdcxx-riscv64-elf/17abf22a3a252e2d5d2062ced5324f7a623689e0 -DCOREBOOT_SDK_ROOT_libstdcxx_arm=/home/jpmurphy/.cache/coreboot-sdk/libstdcxx-arm-eabi/5d7d82e150e44aa1968f1d366e267e6687b328ac -DCOREBOOT_SDK_ROOT_riscv=/home/jpmurphy/.cache/coreboot-sdk/riscv-elf/9a27b9e82341c6e9126624f516ab3f261abb3e73 -DCOREBOOT_SDK_ROOT_libstdcxx_x86=/home/jpmurphy/.cache/coreboot-sdk/libstdcxx-i386-elf/42ef9d2e87a76a37963175d7d428734e65648b87 -DZEPHYR_TOOLCHAIN_VARIANT=coreboot-sdk '-DZEPHYR_MODULES=/mnt/host/source/src/platform/ec/build/zephyr/matsu/modules/cmsis;/mnt/host/source/src/platform/ec/build/zephyr/matsu/modules/cmsis_6;/mnt/host/source/src/platform/ec/build/zephyr/matsu/modules/ec;/mnt/host/source/src/platform/ec/build/zephyr/matsu/modules/pigweed;/mnt/host/source/src/platform/ec/build/zephyr/matsu/modules/nanopb' -DDTC_OVERLAY_FILE=/mnt/host/source/src/platform/ec/zephyr/program/ocelot/matsu/project.overlay -DBOARD=it8xxx2/it82002aw -DCMAKE_C_FLAGS=-DSECTION_IS_RO '-DCONF_FILE=/mnt/host/source/src/platform/ec/zephyr/program/ocelot/program.conf;/mnt/host/source/src/platform/ec/zephyr/program/ocelot/matsu/project.conf;/mnt/host/source/src/platform/ec/build/zephyr/matsu/kconfig-ro.conf'`
[matsu:ro] Loading Zephyr default modules (Zephyr base (cached)).
[matsu:ro] -- Application: /mnt/host/source/src/platform/ec/zephyr/program/ocelot
[matsu:ro] -- CMake version: 3.31.7
[quandiso:rw] [3/404] cd /mnt/host/source/src/platform/ec/build/zephyr/quandiso/build-rw/modules/ec/zephyr && PYTHONPATH=/mnt/host/source/src/platform/ec/build/zephyr/quandiso/modules/ec/zephyr/zmake/ /usr/bin/python3.11 /mnt/host/source/src/platform/ec/build/zephyr/quandiso/modules/ec/zephyr/zmake/zephyr_build_tools/generate_ec_version.py /mnt/host/source/src/platform/ec/build/zephyr/quandiso/build-rw/modules/ec/zephyr/include/ec_version.h --name Zephyr-Kernel --version 16543.0.0 --static
[quandiso:rw] INFO:root:Using a static version string
[quandiso:ro] [2/404] Generating misc/generated/syscalls_subdirs.trigger
[npcx7:rw] [3/320] cd /mnt/host/source/src/platform/ec/build/zephyr/npcx7/build-rw/modules/ec/zephyr && PYTHONPATH=/mnt/host/source/src/platform/ec/build/zephyr/npcx7/modules/ec/zephyr/zmake/ /usr/bin/python3.11 /mnt/host/source/src/platform/ec/build/zephyr/npcx7/modules/ec/zephyr/zmake/zephyr_build_tools/generate_ec_version.py /mnt/host/source/src/platform/ec/build/zephyr/npcx7/build-rw/modules/ec/zephyr/include/ec_version.h --name Zephyr-Kernel --version 16543.0.0 --static
[npcx7:rw] INFO:root:Using a static version string
[quandiso:ro] [3/404] cd /mnt/host/source/src/platform/ec/build/zephyr/quandiso/build-ro/modules/ec/zephyr && PYTHONPATH=/mnt/host/source/src/platform/ec/build/zephyr/quandiso/modules/ec/zephyr/zmake/ /usr/bin/python3.11 /mnt/host/source/src/platform/ec/build/zephyr/quandiso/modules/ec/zephyr/zmake/zephyr_build_tools/generate_ec_version.py /mnt/host/source/src/platform/ec/build/zephyr/quandiso/build-ro/modules/ec/zephyr/include/ec_version.h --name Zephyr-Kernel --version 16543.0.0 --static
[quandiso:ro] INFO:root:Using a static version string
[wyrdeer:ro] [379/379] Linking C static library zephyr/kernel/libkernel.a
[wyrdeer:rw] Building: /usr/bin/ninja -C /mnt/host/source/src/platform/ec/build/zephyr/wyrdeer/build-rw all.libraries
Running `env -i SHELL=/bin/bash COLORTERM=truecolor DEPOT_TOOLS_UPDATE=0 LESS='-R -M --shift 5' SUDO_GID=0 JDK_HOME=/etc/java-config-2/current-system-vm CONFIG_PROTECT_MASK='/etc/gentoo-release /etc/sandbox.d /etc/fonts/fonts.conf /etc/terminfo /etc/ca-certificates.conf /etc/revdep-rebuild' CHROMEOS_CACHEDIR=/var/cache/chromeos-cache JAVA_HOME=/etc/java-config-2/current-system-vm SSH_AUTH_SOCK=/tmp/ssh-auth-sock SUDO_COMMAND=/bin/bash SUDO_USER=root SUDO_TTY=/dev/pts/2 EDITOR=/usr/bin/vi PWD=/mnt/host/source/src/platform/ec CONFIG_PROTECT=/usr/share/gnupg/qualified.txt LOGNAME=jpmurphy MANPATH=/etc/java-config-2/current-system-vm/man:/usr/local/share/man:/usr/share/man:/usr/share/gcc-data/x86_64-pc-linux-gnu/10.2.0/man:/usr/share/binutils-data/x86_64-pc-linux-gnu/2.45/man:/etc/java-config-2/current-system-vm/man/ SUDO_HOME=/root XAUTHORITY=/run/user/944457/gdm/Xauthority HOME=/home/jpmurphy LANG=C.UTF-8 LS_COLORS='rs=0:di=01;34:ln=01;36:mh=00:pi=40;33:so=01;35:do=01;35:bd=40;33;01:cd=40;33;01:or=01;05;37;41:mi=01;05;37;41:su=37;41:sg=30;43:ca=30;41:tw=30;42:ow=34;42:st=37;44:ex=01;32:*.tar=01;31:*.tgz=01;31:*.arc=01;31:*.arj=01;31:*.taz=01;31:*.lha=01;31:*.lz4=01;31:*.lzh=01;31:*.lzma=01;31:*.tlz=01;31:*.txz=01;31:*.tzo=01;31:*.t7z=01;31:*.zip=01;31:*.z=01;31:*.dz=01;31:*.gz=01;31:*.lrz=01;31:*.lz=01;31:*.lzo=01;31:*.xz=01;31:*.zst=01;31:*.tzst=01;31:*.bz2=01;31:*.bz=01;31:*.tbz=01;31:*.tbz2=01;31:*.tz=01;31:*.deb=01;31:*.rpm=01;31:*.jar=01;31:*.war=01;31:*.ear=01;31:*.sar=01;31:*.rar=01;31:*.alz=01;31:*.ace=01;31:*.zoo=01;31:*.cpio=01;31:*.7z=01;31:*.rz=01;31:*.cab=01;31:*.wim=01;31:*.swm=01;31:*.dwm=01;31:*.esd=01;31:*.jpg=01;35:*.jpeg=01;35:*.mjpg=01;35:*.mjpeg=01;35:*.gif=01;35:*.bmp=01;35:*.pbm=01;35:*.pgm=01;35:*.ppm=01;35:*.tga=01;35:*.xbm=01;35:*.xpm=01;35:*.tif=01;35:*.tiff=01;35:*.png=01;35:*.svg=01;35:*.svgz=01;35:*.mng=01;35:*.pcx=01;35:*.mov=01;35:*.mpg=01;35:*.mpeg=01;35:*.m2v=01;35:*.mkv=01;35:*.webm=01;35:*.webp=01;35:*.ogm=01;35:*.mp4=01;35:*.m4v=01;35:*.mp4v=01;35:*.vob=01;35:*.qt=01;35:*.nuv=01;35:*.wmv=01;35:*.asf=01;35:*.rm=01;35:*.rmvb=01;35:*.flc=01;35:*.avi=01;35:*.fli=01;35:*.flv=01;35:*.gl=01;35:*.dl=01;35:*.xcf=01;35:*.xwd=01;35:*.yuv=01;35:*.cgm=01;35:*.emf=01;35:*.ogv=01;35:*.ogx=01;35:*.cfg=00;32:*.conf=00;32:*.diff=00;32:*.doc=00;32:*.ini=00;32:*.log=00;32:*.patch=00;32:*.pdf=00;32:*.ps=00;32:*.tex=00;32:*.txt=00;32:*.aac=00;36:*.au=00;36:*.flac=00;36:*.m4a=00;36:*.mid=00;36:*.midi=00;36:*.mka=00;36:*.mp3=00;36:*.mpc=00;36:*.ogg=00;36:*.ra=00;36:*.wav=00;36:*.oga=00;36:*.opus=00;36:*.spx=00;36:*.xspf=00;36:' XDG_CURRENT_DESKTOP=GNOME INFOPATH=/usr/share/info:/usr/share/gcc-data/x86_64-pc-linux-gnu/10.2.0/info:/usr/share/binutils-data/x86_64-pc-linux-gnu/2.45/info:/usr/share/automake-1.16.5/info JAVAC=/etc/java-config-2/current-system-vm/bin/javac TERM=xterm-256color LESSOPEN='|lesspipe %s' USER=jpmurphy CROS_WORKON_SRCROOT=/mnt/host/source MANPAGER=manpager DISPLAY=:1 SHLVL=1 LC_MESSAGES=C EXTERNAL_TRUNK_PATH=/mnt/8f9d649a-3721-44cc-93c0-e6bd21a9689f/chromiumos GCC_SPECS='' PATH=/mnt/host/source/chromite/bin:/usr/local/bin:/usr/bin:/bin:/opt/bin:/mnt/host/source/chromite/sdk/bin:/mnt/host/source/chromite/bin PORTAGE_USERNAME=jpmurphy SUDO_UID=0 GCC_VER=10.2.0 MAIL=/var/mail/jpmurphy OLDPWD=/mnt/host/source/src/scripts traceparent=00-e87aca51550a78635907baa6a2476181-6d684811675d2973-01 _=./zephyr/firmware_builder.py COREBOOT_SDK_ROOT_x86=/home/jpmurphy/.cache/coreboot-sdk/i386-elf/dfbb0486385d938cfa9d73080b9d18d598ed4f49 COREBOOT_SDK_ROOT_picolibc_x86=/home/jpmurphy/.cache/coreboot-sdk/picolibc-i386-elf/eb8e8e687b95461de8cbf278f1c2076952d0ad17 COREBOOT_SDK_ROOT_riscv64=/home/jpmurphy/.cache/coreboot-sdk/riscv64-elf/96b949749225b6aaa92ed810ab769e8dfb12f000 COREBOOT_SDK_ROOT_picolibc_arm=/home/jpmurphy/.cache/coreboot-sdk/picolibc-arm-eabi/422a2aa3e1ef891b5bece9a3deb696ff83840d2e COREBOOT_SDK_ROOT_nds32=/home/jpmurphy/.cache/coreboot-sdk/nds32le-elf/d1a518c4a097666d86058e1444f85ca015d15511 COREBOOT_SDK_ROOT_picolibc_riscv64=/home/jpmurphy/.cache/coreboot-sdk/picolibc-riscv64-elf/f571e990ef0278564b31124f8bb109d9a697eb69 COREBOOT_SDK_ROOT_arm=/home/jpmurphy/.cache/coreboot-sdk/arm-eabi/ea40ddd1d190c3b48435c474c0b545719371813a COREBOOT_SDK_ROOT_libstdcxx_riscv64=/home/jpmurphy/.cache/coreboot-sdk/libstdcxx-riscv64-elf/17abf22a3a252e2d5d2062ced5324f7a623689e0 COREBOOT_SDK_ROOT_libstdcxx_arm=/home/jpmurphy/.cache/coreboot-sdk/libstdcxx-arm-eabi/5d7d82e150e44aa1968f1d366e267e6687b328ac COREBOOT_SDK_ROOT_riscv=/home/jpmurphy/.cache/coreboot-sdk/riscv-elf/9a27b9e82341c6e9126624f516ab3f261abb3e73 COREBOOT_SDK_ROOT_libstdcxx_x86=/home/jpmurphy/.cache/coreboot-sdk/libstdcxx-i386-elf/42ef9d2e87a76a37963175d7d428734e65648b87 PYTHONPATH=/mnt/host/source/src/platform/ec/zephyr/zmake PW_PIGWEED_CIPD_INSTALL_DIR=/usr CROSTC_USER_ACKNOWLEDGES_THAT_RISCV_IS_EXPERIMENTAL=1 MAKEFLAGS=' -j16 --jobserver-auth=5,6' /usr/bin/ninja -C /mnt/host/source/src/platform/ec/build/zephyr/wyrdeer/build-rw all.libraries`
[wyrdeer:rw] ninja: Entering directory `/mnt/host/source/src/platform/ec/build/zephyr/wyrdeer/build-rw'
[quandiso:rw] INFO:root:Version string: Zephyr-Kernel-16543.0.0
[quandiso:ro] INFO:root:Version string: Zephyr-Kernel-16543.0.0
[quandiso:rw] INFO:root:Writing header to /mnt/host/source/src/platform/ec/build/zephyr/quandiso/build-rw/modules/ec/zephyr/include/ec_version.h
[quandiso:ro] INFO:root:Writing header to /mnt/host/source/src/platform/ec/build/zephyr/quandiso/build-ro/modules/ec/zephyr/include/ec_version.h
[quandiso:rw] [4/404] Generating include/generated/zephyr/version.h
[quandiso:ro] [4/404] Generating include/generated/zephyr/version.h
Toolchain <zmake.toolchains.CorebootSdkToolchain object at 0x7f4143042590> selected by probe function.
[tentacruel] Building in /mnt/host/source/src/platform/ec/build/zephyr/tentacruel.
[tentacruel:ro] Configuring.
Running `env -i PYTHONPATH=/usr/lib64/python-exec/python3.11:/mnt/host/source/src/platform/ec/zephyr/zmake:/usr/lib/python311.zip:/usr/lib/python3.11:/usr/lib/python3.11/lib-dynload:/usr/lib/python3.11/site-packages PW_PIGWEED_CIPD_INSTALL_DIR=/usr CROSTC_USER_ACKNOWLEDGES_THAT_RISCV_IS_EXPERIMENTAL=1 PATH=/mnt/host/source/chromite/bin:/usr/local/bin:/usr/bin:/bin:/opt/bin:/mnt/host/source/chromite/sdk/bin:/mnt/host/source/chromite/bin HOME=/home/jpmurphy JAVA_HOME=/etc/java-config-2/current-system-vm JDK_HOME=/etc/java-config-2/current-system-vm JAVAC=/etc/java-config-2/current-system-vm/bin/javac MAKEFLAGS=' -j16 --jobserver-auth=5,6' /usr/bin/cmake -S /mnt/host/source/src/platform/ec/zephyr/program/corsola -B /mnt/host/source/src/platform/ec/build/zephyr/tentacruel/build-ro -GNinja -DCMAKE_EXPORT_COMPILE_COMMANDS=ON -DZEPHYR_BASE=/mnt/host/source/src/third_party/zephyr/main -DZMAKE_INCLUDE_DIR=/mnt/host/source/src/platform/ec/build/zephyr/tentacruel/include -DPython3_EXECUTABLE=/usr/bin/python3.11 -DDTS_ROOT=/mnt/host/source/src/platform/ec/zephyr -DSYSCALL_INCLUDE_DIRS=/mnt/host/source/src/platform/ec/zephyr/include/drivers -DUSER_CACHE_DIR=/mnt/host/source/src/platform/ec/build/zephyr/user-cache '-DEXTRA_EC_VERSION_FLAGS=--version 16543.0.0 --static' -DTOOLCHAIN_ROOT=/mnt/host/source/src/platform/ec/zephyr -DCOREBOOT_SDK_ROOT_x86=/home/jpmurphy/.cache/coreboot-sdk/i386-elf/dfbb0486385d938cfa9d73080b9d18d598ed4f49 -DCOREBOOT_SDK_ROOT_picolibc_x86=/home/jpmurphy/.cache/coreboot-sdk/picolibc-i386-elf/eb8e8e687b95461de8cbf278f1c2076952d0ad17 -DCOREBOOT_SDK_ROOT_riscv64=/home/jpmurphy/.cache/coreboot-sdk/riscv64-elf/96b949749225b6aaa92ed810ab769e8dfb12f000 -DCOREBOOT_SDK_ROOT_picolibc_arm=/home/jpmurphy/.cache/coreboot-sdk/picolibc-arm-eabi/422a2aa3e1ef891b5bece9a3deb696ff83840d2e -DCOREBOOT_SDK_ROOT_nds32=/home/jpmurphy/.cache/coreboot-sdk/nds32le-elf/d1a518c4a097666d86058e1444f85ca015d15511 -DCOREBOOT_SDK_ROOT_picolibc_riscv64=/home/jpmurphy/.cache/coreboot-sdk/picolibc-riscv64-elf/f571e990ef0278564b31124f8bb109d9a697eb69 -DCOREBOOT_SDK_ROOT_arm=/home/jpmurphy/.cache/coreboot-sdk/arm-eabi/ea40ddd1d190c3b48435c474c0b545719371813a -DCOREBOOT_SDK_ROOT_libstdcxx_riscv64=/home/jpmurphy/.cache/coreboot-sdk/libstdcxx-riscv64-elf/17abf22a3a252e2d5d2062ced5324f7a623689e0 -DCOREBOOT_SDK_ROOT_libstdcxx_arm=/home/jpmurphy/.cache/coreboot-sdk/libstdcxx-arm-eabi/5d7d82e150e44aa1968f1d366e267e6687b328ac -DCOREBOOT_SDK_ROOT_riscv=/home/jpmurphy/.cache/coreboot-sdk/riscv-elf/9a27b9e82341c6e9126624f516ab3f261abb3e73 -DCOREBOOT_SDK_ROOT_libstdcxx_x86=/home/jpmurphy/.cache/coreboot-sdk/libstdcxx-i386-elf/42ef9d2e87a76a37963175d7d428734e65648b87 -DZEPHYR_TOOLCHAIN_VARIANT=coreboot-sdk -DZEPHYR_MODULES=/mnt/host/source/src/platform/ec/build/zephyr/tentacruel/modules/ec -DDTC_OVERLAY_FILE=/mnt/host/source/src/platform/ec/zephyr/program/corsola/tentacruel/project.overlay -DBOARD=it8xxx2/it81202bx -DCMAKE_C_FLAGS=-DSECTION_IS_RO '-DCONF_FILE=/mnt/host/source/src/platform/ec/zephyr/program/corsola/program.conf;/mnt/host/source/src/platform/ec/zephyr/program/corsola/ite_program.conf;/mnt/host/source/src/platform/ec/zephyr/program/corsola/tentacruel/project.conf;/mnt/host/source/src/platform/ec/build/zephyr/tentacruel/kconfig-ro.conf'`
[wyrdeer:rw] [1/379] Preparing syscall dependency handling
[tentacruel:ro] -- Application: /mnt/host/source/src/platform/ec/zephyr/program/corsola
[tentacruel:ro] Loading Zephyr default modules (Zephyr base (cached)).
[matsu:ro] -- Found Python3: /usr/bin/python3.11 (found suitable version "3.11.11", minimum required is "3.10") found components: Interpreter
[matsu:ro] -- Cache files will be written to: /mnt/host/source/src/platform/ec/build/zephyr/user-cache
[sapphire:ro] -- CMake version: 3.31.7
[sapphire:ro] -- Found Python3: /usr/bin/python3.11 (found suitable version "3.11.11", minimum required is "3.10") found components: Interpreter
[sapphire:ro] -- Cache files will be written to: /mnt/host/source/src/platform/ec/build/zephyr/user-cache
[matsu:ro] -- Zephyr version: 4.3.99 (/mnt/host/source/src/third_party/zephyr/main)
[tentacruel:rw] Configuring.
[npcx7:rw] INFO:root:Version string: Zephyr-Kernel-16543.0.0
[npcx7:rw] INFO:root:Writing header to /mnt/host/source/src/platform/ec/build/zephyr/npcx7/build-rw/modules/ec/zephyr/include/ec_version.h
[npcx7:rw] [4/320] Generating include/generated/zephyr/version.h
Running `env -i PYTHONPATH=/usr/lib64/python-exec/python3.11:/mnt/host/source/src/platform/ec/zephyr/zmake:/usr/lib/python311.zip:/usr/lib/python3.11:/usr/lib/python3.11/lib-dynload:/usr/lib/python3.11/site-packages PW_PIGWEED_CIPD_INSTALL_DIR=/usr CROSTC_USER_ACKNOWLEDGES_THAT_RISCV_IS_EXPERIMENTAL=1 PATH=/mnt/host/source/chromite/bin:/usr/local/bin:/usr/bin:/bin:/opt/bin:/mnt/host/source/chromite/sdk/bin:/mnt/host/source/chromite/bin HOME=/home/jpmurphy JAVA_HOME=/etc/java-config-2/current-system-vm JDK_HOME=/etc/java-config-2/current-system-vm JAVAC=/etc/java-config-2/current-system-vm/bin/javac MAKEFLAGS=' -j16 --jobserver-auth=5,6' /usr/bin/cmake -S /mnt/host/source/src/platform/ec/zephyr/program/corsola -B /mnt/host/source/src/platform/ec/build/zephyr/tentacruel/build-rw -GNinja -DCMAKE_EXPORT_COMPILE_COMMANDS=ON -DZEPHYR_BASE=/mnt/host/source/src/third_party/zephyr/main -DZMAKE_INCLUDE_DIR=/mnt/host/source/src/platform/ec/build/zephyr/tentacruel/include -DPython3_EXECUTABLE=/usr/bin/python3.11 -DDTS_ROOT=/mnt/host/source/src/platform/ec/zephyr -DSYSCALL_INCLUDE_DIRS=/mnt/host/source/src/platform/ec/zephyr/include/drivers -DUSER_CACHE_DIR=/mnt/host/source/src/platform/ec/build/zephyr/user-cache '-DEXTRA_EC_VERSION_FLAGS=--version 16543.0.0 --static' -DTOOLCHAIN_ROOT=/mnt/host/source/src/platform/ec/zephyr -DCOREBOOT_SDK_ROOT_x86=/home/jpmurphy/.cache/coreboot-sdk/i386-elf/dfbb0486385d938cfa9d73080b9d18d598ed4f49 -DCOREBOOT_SDK_ROOT_picolibc_x86=/home/jpmurphy/.cache/coreboot-sdk/picolibc-i386-elf/eb8e8e687b95461de8cbf278f1c2076952d0ad17 -DCOREBOOT_SDK_ROOT_riscv64=/home/jpmurphy/.cache/coreboot-sdk/riscv64-elf/96b949749225b6aaa92ed810ab769e8dfb12f000 -DCOREBOOT_SDK_ROOT_picolibc_arm=/home/jpmurphy/.cache/coreboot-sdk/picolibc-arm-eabi/422a2aa3e1ef891b5bece9a3deb696ff83840d2e -DCOREBOOT_SDK_ROOT_nds32=/home/jpmurphy/.cache/coreboot-sdk/nds32le-elf/d1a518c4a097666d86058e1444f85ca015d15511 -DCOREBOOT_SDK_ROOT_picolibc_riscv64=/home/jpmurphy/.cache/coreboot-sdk/picolibc-riscv64-elf/f571e990ef0278564b31124f8bb109d9a697eb69 -DCOREBOOT_SDK_ROOT_arm=/home/jpmurphy/.cache/coreboot-sdk/arm-eabi/ea40ddd1d190c3b48435c474c0b545719371813a -DCOREBOOT_SDK_ROOT_libstdcxx_riscv64=/home/jpmurphy/.cache/coreboot-sdk/libstdcxx-riscv64-elf/17abf22a3a252e2d5d2062ced5324f7a623689e0 -DCOREBOOT_SDK_ROOT_libstdcxx_arm=/home/jpmurphy/.cache/coreboot-sdk/libstdcxx-arm-eabi/5d7d82e150e44aa1968f1d366e267e6687b328ac -DCOREBOOT_SDK_ROOT_riscv=/home/jpmurphy/.cache/coreboot-sdk/riscv-elf/9a27b9e82341c6e9126624f516ab3f261abb3e73 -DCOREBOOT_SDK_ROOT_libstdcxx_x86=/home/jpmurphy/.cache/coreboot-sdk/libstdcxx-i386-elf/42ef9d2e87a76a37963175d7d428734e65648b87 -DZEPHYR_TOOLCHAIN_VARIANT=coreboot-sdk -DZEPHYR_MODULES=/mnt/host/source/src/platform/ec/build/zephyr/tentacruel/modules/ec -DDTC_OVERLAY_FILE=/mnt/host/source/src/platform/ec/zephyr/program/corsola/tentacruel/project.overlay -DBOARD=it8xxx2/it81202bx -DCMAKE_C_FLAGS=-DSECTION_IS_RW '-DCONF_FILE=/mnt/host/source/src/platform/ec/zephyr/program/corsola/program.conf;/mnt/host/source/src/platform/ec/zephyr/program/corsola/ite_program.conf;/mnt/host/source/src/platform/ec/zephyr/program/corsola/tentacruel/project.conf;/mnt/host/source/src/platform/ec/build/zephyr/tentacruel/kconfig-rw.conf'`
[tentacruel:rw] Loading Zephyr default modules (Zephyr base (cached)).
[tentacruel:rw] -- Application: /mnt/host/source/src/platform/ec/zephyr/program/corsola
[sapphire:ro] -- Zephyr version: 4.3.99 (/mnt/host/source/src/third_party/zephyr/main)
[wyrdeer:rw] [2/379] Generating misc/generated/syscalls_subdirs.trigger
[tentacruel:ro] -- CMake version: 3.31.7
[tentacruel:ro] -- Found Python3: /usr/bin/python3.11 (found suitable version "3.11.11", minimum required is "3.10") found components: Interpreter
[tentacruel:ro] -- Cache files will be written to: /mnt/host/source/src/platform/ec/build/zephyr/user-cache
[tentacruel:ro] -- Zephyr version: 4.3.99 (/mnt/host/source/src/third_party/zephyr/main)
[/mnt/host/source/src/platform/ec/build/zephyr/padme-lcov]   /mnt/host/source/src/platform/ec/build/zephyr/padme/build-rw/zephyr/CMakeFiles/zephyr.dir/lib/utils/last_section_id.c.gcno:no functions found
[/mnt/host/source/src/platform/ec/build/zephyr/padme-lcov] stderr:
[tentacruel:rw] -- CMake version: 3.31.7
[tentacruel:rw] -- Found Python3: /usr/bin/python3.11 (found suitable version "3.11.11", minimum required is "3.10") found components: Interpreter
[tentacruel:rw] -- Cache files will be written to: /mnt/host/source/src/platform/ec/build/zephyr/user-cache
[quandiso:rw] -- git describe warned: warning: tag 'upstream/v2.7.99' is externally known as 'v2.7.99'
[quandiso:rw] -- Zephyr version: 4.3.99 (/mnt/host/source/src/third_party/zephyr/main)
[quandiso:rw] [5/404] Generating misc/generated/syscalls.json, misc/generated/struct_tags.json
[matsu:rw] Configuring.
Running `env -i PYTHONPATH=/usr/lib64/python-exec/python3.11:/mnt/host/source/src/platform/ec/zephyr/zmake:/usr/lib/python311.zip:/usr/lib/python3.11:/usr/lib/python3.11/lib-dynload:/usr/lib/python3.11/site-packages PW_PIGWEED_CIPD_INSTALL_DIR=/usr CROSTC_USER_ACKNOWLEDGES_THAT_RISCV_IS_EXPERIMENTAL=1 PATH=/mnt/host/source/chromite/bin:/usr/local/bin:/usr/bin:/bin:/opt/bin:/mnt/host/source/chromite/sdk/bin:/mnt/host/source/chromite/bin HOME=/home/jpmurphy JAVA_HOME=/etc/java-config-2/current-system-vm JDK_HOME=/etc/java-config-2/current-system-vm JAVAC=/etc/java-config-2/current-system-vm/bin/javac MAKEFLAGS=' -j16 --jobserver-auth=5,6' /usr/bin/cmake -S /mnt/host/source/src/platform/ec/zephyr/program/ocelot -B /mnt/host/source/src/platform/ec/build/zephyr/matsu/build-rw -GNinja -DCMAKE_EXPORT_COMPILE_COMMANDS=ON -DZEPHYR_BASE=/mnt/host/source/src/third_party/zephyr/main -DZMAKE_INCLUDE_DIR=/mnt/host/source/src/platform/ec/build/zephyr/matsu/include -DPython3_EXECUTABLE=/usr/bin/python3.11 -DDTS_ROOT=/mnt/host/source/src/platform/ec/zephyr -DSYSCALL_INCLUDE_DIRS=/mnt/host/source/src/platform/ec/zephyr/include/drivers -DUSER_CACHE_DIR=/mnt/host/source/src/platform/ec/build/zephyr/user-cache -DPW_ROOT=/mnt/host/source/src/third_party/pigweed -DNANOPB_DIR=/mnt/host/source/src/third_party/zephyr/nanopb '-DEXTRA_EC_VERSION_FLAGS=--version 16543.0.0 --static' -DTOOLCHAIN_ROOT=/mnt/host/source/src/platform/ec/zephyr -DCOREBOOT_SDK_ROOT_x86=/home/jpmurphy/.cache/coreboot-sdk/i386-elf/dfbb0486385d938cfa9d73080b9d18d598ed4f49 -DCOREBOOT_SDK_ROOT_picolibc_x86=/home/jpmurphy/.cache/coreboot-sdk/picolibc-i386-elf/eb8e8e687b95461de8cbf278f1c2076952d0ad17 -DCOREBOOT_SDK_ROOT_riscv64=/home/jpmurphy/.cache/coreboot-sdk/riscv64-elf/96b949749225b6aaa92ed810ab769e8dfb12f000 -DCOREBOOT_SDK_ROOT_picolibc_arm=/home/jpmurphy/.cache/coreboot-sdk/picolibc-arm-eabi/422a2aa3e1ef891b5bece9a3deb696ff83840d2e -DCOREBOOT_SDK_ROOT_nds32=/home/jpmurphy/.cache/coreboot-sdk/nds32le-elf/d1a518c4a097666d86058e1444f85ca015d15511 -DCOREBOOT_SDK_ROOT_picolibc_riscv64=/home/jpmurphy/.cache/coreboot-sdk/picolibc-riscv64-elf/f571e990ef0278564b31124f8bb109d9a697eb69 -DCOREBOOT_SDK_ROOT_arm=/home/jpmurphy/.cache/coreboot-sdk/arm-eabi/ea40ddd1d190c3b48435c474c0b545719371813a -DCOREBOOT_SDK_ROOT_libstdcxx_riscv64=/home/jpmurphy/.cache/coreboot-sdk/libstdcxx-riscv64-elf/17abf22a3a252e2d5d2062ced5324f7a623689e0 -DCOREBOOT_SDK_ROOT_libstdcxx_arm=/home/jpmurphy/.cache/coreboot-sdk/libstdcxx-arm-eabi/5d7d82e150e44aa1968f1d366e267e6687b328ac -DCOREBOOT_SDK_ROOT_riscv=/home/jpmurphy/.cache/coreboot-sdk/riscv-elf/9a27b9e82341c6e9126624f516ab3f261abb3e73 -DCOREBOOT_SDK_ROOT_libstdcxx_x86=/home/jpmurphy/.cache/coreboot-sdk/libstdcxx-i386-elf/42ef9d2e87a76a37963175d7d428734e65648b87 -DZEPHYR_TOOLCHAIN_VARIANT=coreboot-sdk '-DZEPHYR_MODULES=/mnt/host/source/src/platform/ec/build/zephyr/matsu/modules/cmsis;/mnt/host/source/src/platform/ec/build/zephyr/matsu/modules/cmsis_6;/mnt/host/source/src/platform/ec/build/zephyr/matsu/modules/ec;/mnt/host/source/src/platform/ec/build/zephyr/matsu/modules/pigweed;/mnt/host/source/src/platform/ec/build/zephyr/matsu/modules/nanopb' -DDTC_OVERLAY_FILE=/mnt/host/source/src/platform/ec/zephyr/program/ocelot/matsu/project.overlay -DBOARD=it8xxx2/it82002aw -DCMAKE_C_FLAGS=-DSECTION_IS_RW '-DCONF_FILE=/mnt/host/source/src/platform/ec/zephyr/program/ocelot/program.conf;/mnt/host/source/src/platform/ec/zephyr/program/ocelot/matsu/project.conf;/mnt/host/source/src/platform/ec/build/zephyr/matsu/kconfig-rw.conf'`
[tentacruel:rw] -- Zephyr version: 4.3.99 (/mnt/host/source/src/third_party/zephyr/main)
[matsu:rw] Loading Zephyr default modules (Zephyr base (cached)).
[matsu:rw] -- Application: /mnt/host/source/src/platform/ec/zephyr/program/ocelot
[matsu:rw] -- CMake version: 3.31.7
[wyrdeer:rw] [3/379] Generating include/generated/zephyr/version.h
[wyrdeer:rw] -- git describe warned: warning: tag 'upstream/v2.7.99' is externally known as 'v2.7.99'
[sapphire:rw] Configuring.
[npcx7:rw] -- git describe warned: warning: tag 'upstream/v2.7.99' is externally known as 'v2.7.99'
[npcx7:rw] -- Zephyr version: 4.3.99 (/mnt/host/source/src/third_party/zephyr/main)
[npcx7:rw] [5/320] Generating misc/generated/syscalls.json, misc/generated/struct_tags.json
Running `env -i PYTHONPATH=/usr/lib64/python-exec/python3.11:/mnt/host/source/src/platform/ec/zephyr/zmake:/usr/lib/python311.zip:/usr/lib/python3.11:/usr/lib/python3.11/lib-dynload:/usr/lib/python3.11/site-packages PW_PIGWEED_CIPD_INSTALL_DIR=/usr CROSTC_USER_ACKNOWLEDGES_THAT_RISCV_IS_EXPERIMENTAL=1 PATH=/mnt/host/source/chromite/bin:/usr/local/bin:/usr/bin:/bin:/opt/bin:/mnt/host/source/chromite/sdk/bin:/mnt/host/source/chromite/bin HOME=/home/jpmurphy JAVA_HOME=/etc/java-config-2/current-system-vm JDK_HOME=/etc/java-config-2/current-system-vm JAVAC=/etc/java-config-2/current-system-vm/bin/javac MAKEFLAGS=' -j16 --jobserver-auth=5,6' /usr/bin/cmake -S /mnt/host/source/src/platform/ec/zephyr/program/tanjiro -B /mnt/host/source/src/platform/ec/build/zephyr/sapphire/build-rw -GNinja -DCMAKE_EXPORT_COMPILE_COMMANDS=ON -DZEPHYR_BASE=/mnt/host/source/src/third_party/zephyr/main -DZMAKE_INCLUDE_DIR=/mnt/host/source/src/platform/ec/build/zephyr/sapphire/include -DPython3_EXECUTABLE=/usr/bin/python3.11 -DDTS_ROOT=/mnt/host/source/src/platform/ec/zephyr -DSYSCALL_INCLUDE_DIRS=/mnt/host/source/src/platform/ec/zephyr/include/drivers -DUSER_CACHE_DIR=/mnt/host/source/src/platform/ec/build/zephyr/user-cache '-DEXTRA_EC_VERSION_FLAGS=--version 16543.0.0 --static' -DTOOLCHAIN_ROOT=/mnt/host/source/src/platform/ec/zephyr -DCOREBOOT_SDK_ROOT_x86=/home/jpmurphy/.cache/coreboot-sdk/i386-elf/dfbb0486385d938cfa9d73080b9d18d598ed4f49 -DCOREBOOT_SDK_ROOT_picolibc_x86=/home/jpmurphy/.cache/coreboot-sdk/picolibc-i386-elf/eb8e8e687b95461de8cbf278f1c2076952d0ad17 -DCOREBOOT_SDK_ROOT_riscv64=/home/jpmurphy/.cache/coreboot-sdk/riscv64-elf/96b949749225b6aaa92ed810ab769e8dfb12f000 -DCOREBOOT_SDK_ROOT_picolibc_arm=/home/jpmurphy/.cache/coreboot-sdk/picolibc-arm-eabi/422a2aa3e1ef891b5bece9a3deb696ff83840d2e -DCOREBOOT_SDK_ROOT_nds32=/home/jpmurphy/.cache/coreboot-sdk/nds32le-elf/d1a518c4a097666d86058e1444f85ca015d15511 -DCOREBOOT_SDK_ROOT_picolibc_riscv64=/home/jpmurphy/.cache/coreboot-sdk/picolibc-riscv64-elf/f571e990ef0278564b31124f8bb109d9a697eb69 -DCOREBOOT_SDK_ROOT_arm=/home/jpmurphy/.cache/coreboot-sdk/arm-eabi/ea40ddd1d190c3b48435c474c0b545719371813a -DCOREBOOT_SDK_ROOT_libstdcxx_riscv64=/home/jpmurphy/.cache/coreboot-sdk/libstdcxx-riscv64-elf/17abf22a3a252e2d5d2062ced5324f7a623689e0 -DCOREBOOT_SDK_ROOT_libstdcxx_arm=/home/jpmurphy/.cache/coreboot-sdk/libstdcxx-arm-eabi/5d7d82e150e44aa1968f1d366e267e6687b328ac -DCOREBOOT_SDK_ROOT_riscv=/home/jpmurphy/.cache/coreboot-sdk/riscv-elf/9a27b9e82341c6e9126624f516ab3f261abb3e73 -DCOREBOOT_SDK_ROOT_libstdcxx_x86=/home/jpmurphy/.cache/coreboot-sdk/libstdcxx-i386-elf/42ef9d2e87a76a37963175d7d428734e65648b87 -DZEPHYR_TOOLCHAIN_VARIANT=coreboot-sdk '-DZEPHYR_MODULES=/mnt/host/source/src/platform/ec/build/zephyr/sapphire/modules/cmsis;/mnt/host/source/src/platform/ec/build/zephyr/sapphire/modules/cmsis_6;/mnt/host/source/src/platform/ec/build/zephyr/sapphire/modules/ec;/mnt/host/source/src/platform/ec/build/zephyr/sapphire/modules/google-private' -DDTC_OVERLAY_FILE=/mnt/host/source/src/platform/ec/zephyr/program/tanjiro/sapphire/project.overlay -DBOARD=it8xxx2/it82202bw -DCMAKE_C_FLAGS=-DSECTION_IS_RW '-DCONF_FILE=/mnt/host/source/src/platform/ec/zephyr/program/tanjiro/program.conf;/mnt/host/source/src/platform/ec/zephyr/program/tanjiro/sapphire/project.conf;/mnt/host/source/src/platform/ec/build/zephyr/sapphire/kconfig-rw.conf'`
[/mnt/host/source/src/platform/ec/build/zephyr/skyrim-lcov] geninfo: WARNING: using JSON module "JSON::PP" - which is much slower than some alternatives.  Consider installing one of JSON::XS or Cpanel::JSON::XS
[sapphire:rw] Loading Zephyr default modules (Zephyr base (cached)).
[sapphire:rw] -- Application: /mnt/host/source/src/platform/ec/zephyr/program/tanjiro
[sapphire:rw] -- CMake version: 3.31.7
[quandiso:rw] [6/404] Generating include/generated/zephyr/syscall_dispatch.c, include/generated/zephyr/syscall_exports_llext.c, syscall_weakdefs_llext.c, include/generated/zephyr/syscall_list.h
[quandiso:ro] -- git describe warned: warning: tag 'upstream/v2.7.99' is externally known as 'v2.7.99'
[quandiso:ro] -- Zephyr version: 4.3.99 (/mnt/host/source/src/third_party/zephyr/main)
[quandiso:ro] [5/404] Generating misc/generated/syscalls.json, misc/generated/struct_tags.json
[wyrdeer:rw] -- Zephyr version: 4.3.99 (/mnt/host/source/src/third_party/zephyr/main)
[wyrdeer:rw] [4/379] cd /mnt/host/source/src/platform/ec/build/zephyr/wyrdeer/build-rw/modules/ec/zephyr && PYTHONPATH=/mnt/host/source/src/platform/ec/build/zephyr/wyrdeer/modules/ec/zephyr/zmake/ /usr/bin/python3.11 /mnt/host/source/src/platform/ec/build/zephyr/wyrdeer/modules/ec/zephyr/zmake/zephyr_build_tools/generate_ec_version.py /mnt/host/source/src/platform/ec/build/zephyr/wyrdeer/build-rw/modules/ec/zephyr/include/ec_version.h --name Zephyr-Kernel --version 16543.0.0 --static
[npcx7:rw] [6/320] Generating include/generated/zephyr/syscall_dispatch.c, include/generated/zephyr/syscall_exports_llext.c, syscall_weakdefs_llext.c, include/generated/zephyr/syscall_list.h
[quandiso:rw] [7/404] Generating include/generated/zephyr/kobj-types-enum.h, include/generated/zephyr/otype-to-str.h, include/generated/zephyr/otype-to-size.h
[matsu:rw] -- Found Python3: /usr/bin/python3.11 (found suitable version "3.11.11", minimum required is "3.10") found components: Interpreter
[quandiso:rw] [8/404] Generating include/generated/zephyr/driver-validation.h
[quandiso:ro] [6/404] Generating include/generated/zephyr/syscall_dispatch.c, include/generated/zephyr/syscall_exports_llext.c, syscall_weakdefs_llext.c, include/generated/zephyr/syscall_list.h
[matsu:rw] -- Cache files will be written to: /mnt/host/source/src/platform/ec/build/zephyr/user-cache
[matsu:rw] -- Zephyr version: 4.3.99 (/mnt/host/source/src/third_party/zephyr/main)
[quandiso:rw] [9/404] Generating include/generated/device-api-sections.ld, include/generated/device-api-sections.cmake
[npcx7:rw] [7/320] Generating include/generated/zephyr/driver-validation.h
[sapphire:rw] -- Found Python3: /usr/bin/python3.11 (found suitable version "3.11.11", minimum required is "3.10") found components: Interpreter
[sapphire:rw] -- Cache files will be written to: /mnt/host/source/src/platform/ec/build/zephyr/user-cache
[sapphire:rw] -- Zephyr version: 4.3.99 (/mnt/host/source/src/third_party/zephyr/main)
[quandiso:ro] [7/404] Generating include/generated/zephyr/kobj-types-enum.h, include/generated/zephyr/otype-to-str.h, include/generated/zephyr/otype-to-size.h
[npcx7:rw] [8/320] Generating include/generated/zephyr/kobj-types-enum.h, include/generated/zephyr/otype-to-str.h, include/generated/zephyr/otype-to-size.h
[quandiso:ro] [8/404] Generating include/generated/zephyr/driver-validation.h
[wyrdeer:rw] INFO:root:Using a static version string
[wyrdeer:rw] INFO:root:Version string: Zephyr-Kernel-16543.0.0
[wyrdeer:rw] INFO:root:Writing header to /mnt/host/source/src/platform/ec/build/zephyr/wyrdeer/build-rw/modules/ec/zephyr/include/ec_version.h
[wyrdeer:rw] [5/379] Generating misc/generated/syscalls.json, misc/generated/struct_tags.json
[quandiso:ro] [9/404] Generating include/generated/device-api-sections.ld, include/generated/device-api-sections.cmake
Toolchain <zmake.toolchains.CorebootSdkToolchain object at 0x7f4143043e90> selected by probe function.
[moonstone] Building in /mnt/host/source/src/platform/ec/build/zephyr/moonstone.
[npcx7:rw] [9/320] Generating include/generated/device-api-sections.ld, include/generated/device-api-sections.cmake
[quandiso:rw] [10/404] Building C object zephyr/drivers/sensor/CMakeFiles/drivers__sensor.dir/mnt/host/source/src/third_party/zephyr/main/misc/empty_file.c.obj
[quandiso:ro] [10/404] Building C object zephyr/drivers/sensor/CMakeFiles/drivers__sensor.dir/mnt/host/source/src/third_party/zephyr/main/misc/empty_file.c.obj
[wyrdeer:rw] [6/379] Generating include/generated/zephyr/syscall_dispatch.c, include/generated/zephyr/syscall_exports_llext.c, syscall_weakdefs_llext.c, include/generated/zephyr/syscall_list.h
[quandiso:rw] [11/404] Linking C static library zephyr/drivers/sensor/libdrivers__sensor.a
[quandiso:ro] [11/404] Linking C static library zephyr/drivers/sensor/libdrivers__sensor.a
[matsu:ro] -- Board: it8xxx2, qualifiers: it82002aw
[wyrdeer:rw] [7/379] Generating include/generated/zephyr/driver-validation.h
[sapphire:ro] -- Board: it8xxx2, qualifiers: it82202bw
[quandiso:rw] [12/404] Building C object zephyr/CMakeFiles/offsets.dir/arch/riscv/core/offsets/offsets.c.obj
[wyrdeer:rw] [8/379] Generating include/generated/device-api-sections.ld, include/generated/device-api-sections.cmake
[wyrdeer:rw] [9/379] Generating include/generated/zephyr/kobj-types-enum.h, include/generated/zephyr/otype-to-str.h, include/generated/zephyr/otype-to-size.h
[quandiso:rw] [13/404] Generating include/generated/zephyr/offsets.h
[npcx7:rw] [10/320] Building C object zephyr/drivers/sensor/CMakeFiles/drivers__sensor.dir/mnt/host/source/src/third_party/zephyr/main/misc/empty_file.c.obj
[tentacruel:ro] -- Board: it8xxx2, qualifiers: it81202bx
[quandiso:ro] [12/404] Building C object zephyr/CMakeFiles/offsets.dir/arch/riscv/core/offsets/offsets.c.obj
[npcx7:rw] [11/320] Building C object zephyr/CMakeFiles/offsets.dir/arch/arm/core/offsets/offsets.c.obj
[tentacruel:rw] -- Board: it8xxx2, qualifiers: it81202bx
[npcx7:rw] [12/320] Linking C static library zephyr/drivers/sensor/libdrivers__sensor.a
[/mnt/host/source/src/platform/ec/build/zephyr/skyrim-lcov] stderr:
[quandiso:ro] [13/404] Generating include/generated/zephyr/offsets.h
[npcx7:rw] [13/320] Generating include/generated/zephyr/offsets.h
[/mnt/host/source/src/platform/ec/build/zephyr/skyrim-lcov]   /mnt/host/source/src/platform/ec/build/zephyr/skyrim/build-ro/modules/ec/zephyr/CMakeFiles/ec_shim.dir/shim/src/thermal.c.gcno:no functions found
[/mnt/host/source/src/platform/ec/build/zephyr/skyrim-lcov] stderr:
[matsu:rw] -- Board: it8xxx2, qualifiers: it82002aw
[wyrdeer:rw] [10/379] Building C object zephyr/CMakeFiles/offsets.dir/arch/riscv/core/offsets/offsets.c.obj
[sapphire:rw] -- Board: it8xxx2, qualifiers: it82202bw
[quandiso:rw] [14/404] Building C object CMakeFiles/app.dir/mnt/host/source/src/platform/ec/zephyr/subsys/ap_pwrseq/ap_events.c.obj
[/mnt/host/source/src/platform/ec/build/zephyr/skyrim-lcov]   /mnt/host/source/src/platform/ec/build/zephyr/skyrim/build-ro/modules/ec/zephyr/CMakeFiles/ec_shim.dir/shim/src/battery.c.gcno:no functions found
[/mnt/host/source/src/platform/ec/build/zephyr/skyrim-lcov] stderr:
[wyrdeer:rw] [11/379] Generating include/generated/zephyr/offsets.h
[/mnt/host/source/src/platform/ec/build/zephyr/skyrim-lcov]   /mnt/host/source/src/platform/ec/build/zephyr/skyrim/build-ro/modules/ec/zephyr/CMakeFiles/ec_shim.dir/shim/src/charger.c.gcno:no functions found
[/mnt/host/source/src/platform/ec/build/zephyr/skyrim-lcov] stderr:
[quandiso:ro] [14/404] Building C object CMakeFiles/app.dir/mnt/host/source/src/platform/ec/zephyr/subsys/ap_pwrseq/ap_events.c.obj
[npcx7:rw] [14/320] Building C object CMakeFiles/app.dir/mnt/host/source/src/platform/ec/zephyr/subsys/ap_pwrseq/ap_events.c.obj
[quandiso:rw] [15/404] Building C object CMakeFiles/app.dir/mnt/host/source/src/platform/ec/zephyr/subsys/ap_pwrseq/ap_power_interface.c.obj
[quandiso:ro] [15/404] Building C object CMakeFiles/app.dir/mnt/host/source/src/platform/ec/zephyr/subsys/ap_pwrseq/ap_power_interface.c.obj
[wyrdeer:rw] [12/379] Building C object CMakeFiles/app.dir/mnt/host/source/src/platform/ec/zephyr/subsys/ap_pwrseq/ap_events.c.obj
[quandiso:rw] [16/404] Building C object CMakeFiles/app.dir/mnt/host/source/src/platform/ec/zephyr/subsys/ap_pwrseq/power_signals.c.obj
[matsu:ro] -- Found Dtc: /usr/bin/dtc (found suitable version "1.6.0", minimum required is "1.4.6")
[sapphire:ro] -- Found Dtc: /usr/bin/dtc (found suitable version "1.6.0", minimum required is "1.4.6")
[quandiso:ro] [16/404] Building C object CMakeFiles/app.dir/mnt/host/source/src/platform/ec/zephyr/subsys/ap_pwrseq/power_signals.c.obj
[sapphire:ro] -- Found BOARD.dts: /mnt/host/source/src/platform/ec/zephyr/boards/google/it8xxx2/it8xxx2_it82202bw.dts
[matsu:ro] -- Found BOARD.dts: /mnt/host/source/src/platform/ec/zephyr/boards/google/it8xxx2/it8xxx2_it82002aw.dts
[/mnt/host/source/src/platform/ec/build/zephyr/skyrim-lcov]   /mnt/host/source/src/platform/ec/build/zephyr/skyrim/build-ro/modules/ec/zephyr/CMakeFiles/ec_shim.dir/shim/src/usb_muxes.c.gcno:no functions found
[/mnt/host/source/src/platform/ec/build/zephyr/skyrim-lcov] stderr:
[npcx7:rw] [15/320] Building C object CMakeFiles/app.dir/mnt/host/source/src/platform/ec/build/zephyr/npcx7/modules/ec/builtin/stdlib.c.obj
[quandiso:rw] [17/404] Building C object CMakeFiles/app.dir/mnt/host/source/src/platform/ec/zephyr/subsys/ap_pwrseq/signal_gpio.c.obj
[tentacruel:ro] -- Found Dtc: /usr/bin/dtc (found suitable version "1.6.0", minimum required is "1.4.6")
[tentacruel:ro] -- Found BOARD.dts: /mnt/host/source/src/platform/ec/zephyr/boards/google/it8xxx2/it8xxx2_it81202bx.dts
[quandiso:ro] [17/404] Building C object CMakeFiles/app.dir/mnt/host/source/src/platform/ec/zephyr/subsys/ap_pwrseq/signal_gpio.c.obj
[tentacruel:rw] -- Found Dtc: /usr/bin/dtc (found suitable version "1.6.0", minimum required is "1.4.6")
[tentacruel:rw] -- Found BOARD.dts: /mnt/host/source/src/platform/ec/zephyr/boards/google/it8xxx2/it8xxx2_it81202bx.dts
[tentacruel:rw] -- Found devicetree overlay: /mnt/host/source/src/platform/ec/zephyr/program/corsola/tentacruel/project.overlay
[wyrdeer:rw] [13/379] Building C object CMakeFiles/app.dir/mnt/host/source/src/platform/ec/build/zephyr/wyrdeer/modules/ec/builtin/stdlib.c.obj
[matsu:rw] -- Found Dtc: /usr/bin/dtc (found suitable version "1.6.0", minimum required is "1.4.6")
[matsu:rw] -- Found BOARD.dts: /mnt/host/source/src/platform/ec/zephyr/boards/google/it8xxx2/it8xxx2_it82002aw.dts
[matsu:rw] -- Found devicetree overlay: /mnt/host/source/src/platform/ec/zephyr/program/ocelot/matsu/project.overlay
[quandiso:rw] [18/404] Building C object CMakeFiles/app.dir/mnt/host/source/src/platform/ec/zephyr/subsys/ap_pwrseq/signal_vw.c.obj
[sapphire:rw] -- Found Dtc: /usr/bin/dtc (found suitable version "1.6.0", minimum required is "1.4.6")
[sapphire:rw] -- Found BOARD.dts: /mnt/host/source/src/platform/ec/zephyr/boards/google/it8xxx2/it8xxx2_it82202bw.dts
[quandiso:ro] [18/404] Building C object CMakeFiles/app.dir/mnt/host/source/src/platform/ec/zephyr/subsys/ap_pwrseq/signal_vw.c.obj
[sapphire:rw] -- Found devicetree overlay: /mnt/host/source/src/platform/ec/zephyr/program/tanjiro/sapphire/project.overlay
[npcx7:rw] [16/320] Building C object CMakeFiles/app.dir/mnt/host/source/src/platform/ec/build/zephyr/npcx7/modules/ec/common/base32.c.obj
[/mnt/host/source/src/platform/ec/build/zephyr/skyrim-lcov]   /mnt/host/source/src/platform/ec/build/zephyr/skyrim/build-ro/modules/ec/zephyr/CMakeFiles/ec_shim.dir/shim/src/usba.c.gcno:no functions found
[/mnt/host/source/src/platform/ec/build/zephyr/skyrim-lcov] stderr:
[quandiso:rw] [19/404] Building C object CMakeFiles/app.dir/mnt/host/source/src/platform/ec/zephyr/subsys/ap_pwrseq/signal_adc.c.obj
[quandiso:ro] [19/404] Building C object CMakeFiles/app.dir/mnt/host/source/src/platform/ec/zephyr/subsys/ap_pwrseq/signal_adc.c.obj
[wyrdeer:rw] [14/379] Building C object CMakeFiles/app.dir/mnt/host/source/src/platform/ec/build/zephyr/wyrdeer/modules/ec/common/base32.c.obj
[quandiso:rw] [20/404] Building C object CMakeFiles/app.dir/mnt/host/source/src/platform/ec/zephyr/subsys/ap_pwrseq/power_host_sleep.c.obj
[npcx7:rw] [17/320] Building C object CMakeFiles/app.dir/mnt/host/source/src/platform/ec/build/zephyr/npcx7/modules/ec/common/console_output.c.obj
[matsu:ro] -- Found devicetree overlay: /mnt/host/source/src/platform/ec/zephyr/program/ocelot/matsu/project.overlay
[matsu:ro] -- Generated zephyr.dts: /mnt/host/source/src/platform/ec/build/zephyr/matsu/build-ro/zephyr/zephyr.dts
[matsu:ro] -- Generated pickled edt: /mnt/host/source/src/platform/ec/build/zephyr/matsu/build-ro/zephyr/edt.pickle
[quandiso:ro] [20/404] Building C object CMakeFiles/app.dir/mnt/host/source/src/platform/ec/zephyr/subsys/ap_pwrseq/power_host_sleep.c.obj
[quandiso:rw] [21/404] Building C object CMakeFiles/app.dir/mnt/host/source/src/platform/ec/zephyr/subsys/ap_pwrseq/x86_non_dsx_common_pwrseq_sm_handler.c.obj
[sapphire:ro] -- Found devicetree overlay: /mnt/host/source/src/platform/ec/zephyr/program/tanjiro/sapphire/project.overlay
[sapphire:ro] -- Generated zephyr.dts: /mnt/host/source/src/platform/ec/build/zephyr/sapphire/build-ro/zephyr/zephyr.dts
[tentacruel:ro] -- Found devicetree overlay: /mnt/host/source/src/platform/ec/zephyr/program/corsola/tentacruel/project.overlay
[tentacruel:ro] -- Generated zephyr.dts: /mnt/host/source/src/platform/ec/build/zephyr/tentacruel/build-ro/zephyr/zephyr.dts
[tentacruel:ro] -- Generated pickled edt: /mnt/host/source/src/platform/ec/build/zephyr/tentacruel/build-ro/zephyr/edt.pickle
[matsu:ro] -- Generated devicetree_generated.h: /mnt/host/source/src/platform/ec/build/zephyr/matsu/build-ro/zephyr/include/generated/zephyr/devicetree_generated.h
[wyrdeer:rw] [15/379] Building C object CMakeFiles/app.dir/mnt/host/source/src/platform/ec/build/zephyr/wyrdeer/modules/ec/common/console_output.c.obj
[quandiso:ro] [21/404] Building C object CMakeFiles/app.dir/mnt/host/source/src/platform/ec/zephyr/subsys/ap_pwrseq/x86_non_dsx_common_pwrseq_sm_handler.c.obj
[quandiso:rw] [22/404] Building C object CMakeFiles/app.dir/mnt/host/source/src/platform/ec/zephyr/subsys/ap_pwrseq/x86_non_dsx_chipset_power_state.c.obj
[npcx7:rw] [18/320] Building C object CMakeFiles/app.dir/mnt/host/source/src/platform/ec/build/zephyr/npcx7/modules/ec/common/ec_features.c.obj
[matsu:rw] -- Generated zephyr.dts: /mnt/host/source/src/platform/ec/build/zephyr/matsu/build-rw/zephyr/zephyr.dts
[tentacruel:rw] -- Generated zephyr.dts: /mnt/host/source/src/platform/ec/build/zephyr/tentacruel/build-rw/zephyr/zephyr.dts
[tentacruel:rw] -- Generated pickled edt: /mnt/host/source/src/platform/ec/build/zephyr/tentacruel/build-rw/zephyr/edt.pickle
[sapphire:ro] -- Generated pickled edt: /mnt/host/source/src/platform/ec/build/zephyr/sapphire/build-ro/zephyr/edt.pickle
[sapphire:ro] -- Generated devicetree_generated.h: /mnt/host/source/src/platform/ec/build/zephyr/sapphire/build-ro/zephyr/include/generated/zephyr/devicetree_generated.h
[quandiso:ro] [22/404] Building C object CMakeFiles/app.dir/mnt/host/source/src/platform/ec/zephyr/subsys/ap_pwrseq/x86_non_dsx_chipset_power_state.c.obj
[tentacruel:ro] -- Generated devicetree_generated.h: /mnt/host/source/src/platform/ec/build/zephyr/tentacruel/build-ro/zephyr/include/generated/zephyr/devicetree_generated.h
[quandiso:rw] [23/404] Building C object CMakeFiles/app.dir/mnt/host/source/src/platform/ec/zephyr/subsys/ap_pwrseq/x86_non_dsx_common_pwrseq_host_sleep.c.obj
[sapphire:rw] -- Generated zephyr.dts: /mnt/host/source/src/platform/ec/build/zephyr/sapphire/build-rw/zephyr/zephyr.dts
[sapphire:rw] -- Generated pickled edt: /mnt/host/source/src/platform/ec/build/zephyr/sapphire/build-rw/zephyr/edt.pickle
[matsu:rw] -- Generated pickled edt: /mnt/host/source/src/platform/ec/build/zephyr/matsu/build-rw/zephyr/edt.pickle
[matsu:rw] -- Generated devicetree_generated.h: /mnt/host/source/src/platform/ec/build/zephyr/matsu/build-rw/zephyr/include/generated/zephyr/devicetree_generated.h
[wyrdeer:rw] [16/379] Building C object CMakeFiles/app.dir/mnt/host/source/src/platform/ec/build/zephyr/wyrdeer/modules/ec/common/ec_features.c.obj
[tentacruel:rw] -- Generated devicetree_generated.h: /mnt/host/source/src/platform/ec/build/zephyr/tentacruel/build-rw/zephyr/include/generated/zephyr/devicetree_generated.h
[quandiso:ro] [23/404] Building C object CMakeFiles/app.dir/mnt/host/source/src/platform/ec/zephyr/subsys/ap_pwrseq/x86_non_dsx_common_pwrseq_host_sleep.c.obj
[npcx7:rw] [19/320] Building C object CMakeFiles/app.dir/mnt/host/source/src/platform/ec/build/zephyr/npcx7/modules/ec/common/gpio_commands.c.obj
[quandiso:rw] [24/404] Building C object CMakeFiles/app.dir/mnt/host/source/src/platform/ec/zephyr/subsys/ap_pwrseq/x86_non_dsx_common_pwrseq_console.c.obj
[quandiso:ro] [24/404] Building C object CMakeFiles/app.dir/mnt/host/source/src/platform/ec/zephyr/subsys/ap_pwrseq/x86_non_dsx_common_pwrseq_console.c.obj
[sapphire:rw] -- Generated devicetree_generated.h: /mnt/host/source/src/platform/ec/build/zephyr/sapphire/build-rw/zephyr/include/generated/zephyr/devicetree_generated.h
[quandiso:rw] [25/404] Building C object CMakeFiles/app.dir/mnt/host/source/src/platform/ec/zephyr/subsys/ap_pwrseq/x86_non_dsx_common_pwrseq_host_command.c.obj
[matsu:ro] /mnt/host/source/src/platform/ec/build/zephyr/matsu/build-ro/zephyr/zephyr.dts:1304.27-2021.5: Warning (avoid_unnecessary_addr_size): /soc/pin-controller: unnecessary #address-cells/#size-cells without "ranges" or child "reg" property
[sapphire:ro] /mnt/host/source/src/platform/ec/build/zephyr/sapphire/build-ro/zephyr/zephyr.dts:1252.27-1967.5: Warning (avoid_unnecessary_addr_size): /soc/pin-controller: unnecessary #address-cells/#size-cells without "ranges" or child "reg" property
[wyrdeer:rw] [17/379] Building C object CMakeFiles/app.dir/mnt/host/source/src/platform/ec/build/zephyr/wyrdeer/modules/ec/common/gpio_commands.c.obj
[/mnt/host/source/src/platform/ec/build/zephyr/skyrim-lcov]   /mnt/host/source/src/platform/ec/build/zephyr/skyrim/build-ro/modules/ec/zephyr/CMakeFiles/ec_shim.dir/shim/src/bc12.c.gcno:no functions found
[/mnt/host/source/src/platform/ec/build/zephyr/skyrim-lcov] stderr:
[quandiso:ro] [25/404] Building C object CMakeFiles/app.dir/mnt/host/source/src/platform/ec/zephyr/subsys/ap_pwrseq/x86_non_dsx_common_pwrseq_host_command.c.obj
[npcx7:rw] [20/320] Building C object CMakeFiles/app.dir/mnt/host/source/src/platform/ec/build/zephyr/npcx7/modules/ec/common/peripheral.c.obj
[tentacruel:ro] /mnt/host/source/src/platform/ec/build/zephyr/tentacruel/build-ro/zephyr/zephyr.dts:1205.27-1919.5: Warning (avoid_unnecessary_addr_size): /soc/pin-controller: unnecessary #address-cells/#size-cells without "ranges" or child "reg" property
[quandiso:rw] [26/404] Building C object CMakeFiles/app.dir/mnt/host/source/src/platform/ec/zephyr/subsys/ap_pwrseq/x86_non_dsx_adlp_pwrseq_sm.c.obj
[quandiso:ro] [26/404] Building C object CMakeFiles/app.dir/mnt/host/source/src/platform/ec/zephyr/subsys/ap_pwrseq/x86_non_dsx_adlp_pwrseq_sm.c.obj
[matsu:rw] /mnt/host/source/src/platform/ec/build/zephyr/matsu/build-rw/zephyr/zephyr.dts:1304.27-2021.5: Warning (avoid_unnecessary_addr_size): /soc/pin-controller: unnecessary #address-cells/#size-cells without "ranges" or child "reg" property
[matsu:rw] /mnt/host/source/src/platform/ec/build/zephyr/matsu/build-rw/zephyr/zephyr.dts:3418.15-3427.5: Warning (gpios_property): /fans/fan_0: Missing property '#gpio-cells' in node /named-gpios/all_sys_pwrgd_r or bad phandle (referred from pgood-gpio[0])
[quandiso:rw] [27/404] Building C object CMakeFiles/app.dir/mnt/host/source/src/platform/ec/zephyr/subsys/ap_pwrseq/ap_reset_log.c.obj
[tentacruel:rw] /mnt/host/source/src/platform/ec/build/zephyr/tentacruel/build-rw/zephyr/zephyr.dts:1205.27-1919.5: Warning (avoid_unnecessary_addr_size): /soc/pin-controller: unnecessary #address-cells/#size-cells without "ranges" or child "reg" property
[npcx7:rw] [21/320] Building C object CMakeFiles/app.dir/mnt/host/source/src/platform/ec/build/zephyr/npcx7/modules/ec/common/printf.c.obj
[wyrdeer:rw] [18/379] Building C object CMakeFiles/app.dir/mnt/host/source/src/platform/ec/build/zephyr/wyrdeer/modules/ec/common/peripheral.c.obj
[quandiso:ro] [27/404] Building C object CMakeFiles/app.dir/mnt/host/source/src/platform/ec/zephyr/subsys/ap_pwrseq/ap_reset_log.c.obj
[sapphire:rw] /mnt/host/source/src/platform/ec/build/zephyr/sapphire/build-rw/zephyr/zephyr.dts:1252.27-1967.5: Warning (avoid_unnecessary_addr_size): /soc/pin-controller: unnecessary #address-cells/#size-cells without "ranges" or child "reg" property
[quandiso:rw] [28/404] Building C object CMakeFiles/app.dir/mnt/host/source/src/platform/ec/build/zephyr/quandiso/modules/ec/builtin/stdlib.c.obj
[quandiso:ro] [28/404] Building C object CMakeFiles/app.dir/mnt/host/source/src/platform/ec/build/zephyr/quandiso/modules/ec/builtin/stdlib.c.obj
[quandiso:rw] [29/404] Building C object CMakeFiles/app.dir/mnt/host/source/src/platform/ec/build/zephyr/quandiso/modules/ec/common/base32.c.obj
[quandiso:ro] [29/404] Building C object CMakeFiles/app.dir/mnt/host/source/src/platform/ec/build/zephyr/quandiso/modules/ec/common/base32.c.obj
[npcx7:rw] [22/320] Building C object CMakeFiles/app.dir/mnt/host/source/src/platform/ec/build/zephyr/npcx7/modules/ec/common/queue.c.obj
[wyrdeer:rw] [19/379] Building C object CMakeFiles/app.dir/mnt/host/source/src/platform/ec/build/zephyr/wyrdeer/modules/ec/common/printf.c.obj
[quandiso:rw] [30/404] Building C object CMakeFiles/app.dir/mnt/host/source/src/platform/ec/build/zephyr/quandiso/modules/ec/common/console_output.c.obj
[quandiso:ro] [30/404] Building C object CMakeFiles/app.dir/mnt/host/source/src/platform/ec/build/zephyr/quandiso/modules/ec/common/console_output.c.obj
[quandiso:rw] [31/404] Building C object CMakeFiles/app.dir/mnt/host/source/src/platform/ec/build/zephyr/quandiso/modules/ec/common/ec_features.c.obj
[quandiso:ro] [31/404] Building C object CMakeFiles/app.dir/mnt/host/source/src/platform/ec/build/zephyr/quandiso/modules/ec/common/ec_features.c.obj
[wyrdeer:rw] [20/379] Building C object CMakeFiles/app.dir/mnt/host/source/src/platform/ec/build/zephyr/wyrdeer/modules/ec/common/queue.c.obj
[quandiso:rw] [32/404] Building C object CMakeFiles/app.dir/mnt/host/source/src/platform/ec/build/zephyr/quandiso/modules/ec/common/gpio_commands.c.obj
[/mnt/host/source/src/platform/ec/build/zephyr/brox-ish-ec-lcov]   /mnt/host/source/src/platform/ec/build/zephyr/brox-ish-ec/build-rw/modules/ec/zephyr/CMakeFiles/ec_shim.dir/drivers/keyboard_input/keyboard_customization_check.c.gcno:no functions found
[/mnt/host/source/src/platform/ec/build/zephyr/brox-ish-ec-lcov] stderr:
[npcx7:rw] [23/320] Building C object CMakeFiles/app.dir/mnt/host/source/src/platform/ec/build/zephyr/npcx7/modules/ec/common/system.c.obj
[matsu:ro] /mnt/host/source/src/platform/ec/build/zephyr/matsu/build-ro/zephyr/zephyr.dts:3418.15-3427.5: Warning (gpios_property): /fans/fan_0: Missing property '#gpio-cells' in node /named-gpios/all_sys_pwrgd_r or bad phandle (referred from pgood-gpio[0])
[matsu:ro] /mnt/host/source/src/platform/ec/build/zephyr/matsu/build-ro/zephyr/zephyr.dts:3418.15-3427.5: Warning (gpios_property): /fans/fan_0: Missing property '#gpio-cells' in node /named-gpios/en_pp5000_fan or bad phandle (referred from enable-gpio[0])
[quandiso:ro] [32/404] Building C object CMakeFiles/app.dir/mnt/host/source/src/platform/ec/build/zephyr/quandiso/modules/ec/common/gpio_commands.c.obj
[quandiso:rw] [33/404] Building C object CMakeFiles/app.dir/mnt/host/source/src/platform/ec/build/zephyr/quandiso/modules/ec/common/peripheral.c.obj
[sapphire:ro] warning: PLATFORM_EC_LED_COMMON (defined at /mnt/host/source/src/platform/ec/zephyr/Kconfig.led:5)
[sapphire:ro] was assigned the value 'y' but got the value 'n'. Check these unsatisfied dependencies:
[sapphire:ro] (!PLATFORM_EC_LED_DT) (=n). See
[sapphire:ro] http://docs.zephyrproject.org/latest/kconfig.html#CONFIG_PLATFORM_EC_LED_COMMON and/or look up
[sapphire:ro] PLATFORM_EC_LED_COMMON in the menuconfig/guiconfig interface. The Application Development Primer,
[sapphire:ro] Setting Configuration Values, and Kconfig - Tips and Best Practices sections of the manual might be
[sapphire:ro] helpful too.
[sapphire:ro] warning: Deprecated symbol I2C_ALLOW_NO_STOP_TRANSACTIONS is enabled.
[quandiso:ro] [33/404] Building C object CMakeFiles/app.dir/mnt/host/source/src/platform/ec/build/zephyr/quandiso/modules/ec/common/peripheral.c.obj
[matsu:rw] /mnt/host/source/src/platform/ec/build/zephyr/matsu/build-rw/zephyr/zephyr.dts:3418.15-3427.5: Warning (gpios_property): /fans/fan_0: Missing property '#gpio-cells' in node /named-gpios/en_pp5000_fan or bad phandle (referred from enable-gpio[0])
[wyrdeer:rw] [21/379] Building C object CMakeFiles/app.dir/mnt/host/source/src/platform/ec/build/zephyr/wyrdeer/modules/ec/common/system.c.obj
[matsu:ro] Parsing /mnt/host/source/src/platform/ec/zephyr/program/ocelot/Kconfig
[npcx7:rw] [24/320] Building C object CMakeFiles/app.dir/mnt/host/source/src/platform/ec/build/zephyr/npcx7/modules/ec/common/system_boot_time.c.obj
[quandiso:rw] [34/404] Building C object CMakeFiles/app.dir/mnt/host/source/src/platform/ec/build/zephyr/quandiso/modules/ec/common/printf.c.obj
[sapphire:ro] Parsing /mnt/host/source/src/platform/ec/zephyr/program/tanjiro/Kconfig
[/mnt/host/source/src/platform/ec/build/zephyr/padme-lcov]   /mnt/host/source/src/platform/ec/build/zephyr/padme/build-rw/zephyr/CMakeFiles/zephyr.dir/soc/ite/ec/it8xxx2/check_regs.c.gcno:no functions found
[/mnt/host/source/src/platform/ec/build/zephyr/padme-lcov] stderr:
[quandiso:ro] [34/404] Building C object CMakeFiles/app.dir/mnt/host/source/src/platform/ec/build/zephyr/quandiso/modules/ec/common/printf.c.obj
[quandiso:rw] [35/404] Building C object CMakeFiles/app.dir/mnt/host/source/src/platform/ec/build/zephyr/quandiso/modules/ec/common/queue.c.obj
[tentacruel:ro] Parsing /mnt/host/source/src/platform/ec/zephyr/program/corsola/Kconfig
[sapphire:rw] warning: PLATFORM_EC_LED_COMMON (defined at /mnt/host/source/src/platform/ec/zephyr/Kconfig.led:5)
[sapphire:rw] was assigned the value 'y' but got the value 'n'. Check these unsatisfied dependencies:
[sapphire:rw] (!PLATFORM_EC_LED_DT) (=n). See
[sapphire:rw] http://docs.zephyrproject.org/latest/kconfig.html#CONFIG_PLATFORM_EC_LED_COMMON and/or look up
[sapphire:rw] PLATFORM_EC_LED_COMMON in the menuconfig/guiconfig interface. The Application Development Primer,
[sapphire:rw] Setting Configuration Values, and Kconfig - Tips and Best Practices sections of the manual might be
[sapphire:rw] helpful too.
[matsu:rw] Parsing /mnt/host/source/src/platform/ec/zephyr/program/ocelot/Kconfig
[quandiso:ro] [35/404] Building C object CMakeFiles/app.dir/mnt/host/source/src/platform/ec/build/zephyr/quandiso/modules/ec/common/queue.c.obj
[tentacruel:rw] Parsing /mnt/host/source/src/platform/ec/zephyr/program/corsola/Kconfig
[npcx7:rw] [25/320] Building C object CMakeFiles/app.dir/mnt/host/source/src/platform/ec/build/zephyr/npcx7/modules/ec/common/uart_printf.c.obj
[wyrdeer:rw] [22/379] Building C object CMakeFiles/app.dir/mnt/host/source/src/platform/ec/build/zephyr/wyrdeer/modules/ec/common/system_boot_time.c.obj
[matsu:ro] Loaded configuration '/mnt/host/source/src/platform/ec/zephyr/boards/google/it8xxx2/it8xxx2_it82002aw_defconfig'
[matsu:ro] Merged configuration '/mnt/host/source/src/platform/ec/zephyr/program/ocelot/program.conf'
[matsu:ro] Merged configuration '/mnt/host/source/src/platform/ec/zephyr/program/ocelot/matsu/project.conf'
[matsu:ro] Merged configuration '/mnt/host/source/src/platform/ec/build/zephyr/matsu/kconfig-ro.conf'
[matsu:ro] Configuration saved to '/mnt/host/source/src/platform/ec/build/zephyr/matsu/build-ro/zephyr/.config'
[matsu:ro] Kconfig header saved to '/mnt/host/source/src/platform/ec/build/zephyr/matsu/build-ro/zephyr/include/generated/zephyr/autoconf.h'
[matsu:ro] -- Found GnuLd: /home/jpmurphy/.cache/coreboot-sdk/riscv64-elf/96b949749225b6aaa92ed810ab769e8dfb12f000/riscv64-elf/bin/ld.bfd (found version "2.43.1")
[sapphire:rw] Parsing /mnt/host/source/src/platform/ec/zephyr/program/tanjiro/Kconfig
[sapphire:ro] Loaded configuration '/mnt/host/source/src/platform/ec/zephyr/boards/google/it8xxx2/it8xxx2_it82202bw_defconfig'
[sapphire:ro] Merged configuration '/mnt/host/source/src/platform/ec/zephyr/program/tanjiro/program.conf'
[sapphire:ro] Merged configuration '/mnt/host/source/src/platform/ec/zephyr/program/tanjiro/sapphire/project.conf'
[sapphire:ro] Merged configuration '/mnt/host/source/src/platform/ec/build/zephyr/sapphire/kconfig-ro.conf'
[sapphire:ro] Configuration saved to '/mnt/host/source/src/platform/ec/build/zephyr/sapphire/build-ro/zephyr/.config'
[sapphire:ro] Kconfig header saved to '/mnt/host/source/src/platform/ec/build/zephyr/sapphire/build-ro/zephyr/include/generated/zephyr/autoconf.h'
[sapphire:ro] -- Found GnuLd: /home/jpmurphy/.cache/coreboot-sdk/riscv64-elf/96b949749225b6aaa92ed810ab769e8dfb12f000/riscv64-elf/bin/ld.bfd (found version "2.43.1")
[/mnt/host/source/src/platform/ec/build/zephyr/skyrim-lcov]   /mnt/host/source/src/platform/ec/build/zephyr/skyrim/build-ro/CMakeFiles/app.dir/mnt/host/source/src/platform/ec/build/zephyr/skyrim/modules/ec/common/usb_pd_pdo.c.gcno:no functions found
[/mnt/host/source/src/platform/ec/build/zephyr/skyrim-lcov] stderr:
[quandiso:rw] [36/404] Building C object CMakeFiles/app.dir/mnt/host/source/src/platform/ec/build/zephyr/quandiso/modules/ec/common/system.c.obj
[quandiso:rw] [37/404] Building C object CMakeFiles/app.dir/mnt/host/source/src/platform/ec/build/zephyr/quandiso/modules/ec/common/system_boot_time.c.obj
[quandiso:ro] [36/404] Building C object CMakeFiles/app.dir/mnt/host/source/src/platform/ec/build/zephyr/quandiso/modules/ec/common/system.c.obj
[tentacruel:ro] Loaded configuration '/mnt/host/source/src/platform/ec/zephyr/boards/google/it8xxx2/it8xxx2_it81202bx_defconfig'
[tentacruel:ro] Merged configuration '/mnt/host/source/src/platform/ec/zephyr/program/corsola/program.conf'
[tentacruel:ro] Merged configuration '/mnt/host/source/src/platform/ec/zephyr/program/corsola/ite_program.conf'
[tentacruel:ro] Merged configuration '/mnt/host/source/src/platform/ec/zephyr/program/corsola/tentacruel/project.conf'
[tentacruel:ro] Merged configuration '/mnt/host/source/src/platform/ec/build/zephyr/tentacruel/kconfig-ro.conf'
[tentacruel:ro] Configuration saved to '/mnt/host/source/src/platform/ec/build/zephyr/tentacruel/build-ro/zephyr/.config'
[tentacruel:ro] Kconfig header saved to '/mnt/host/source/src/platform/ec/build/zephyr/tentacruel/build-ro/zephyr/include/generated/zephyr/autoconf.h'
[tentacruel:ro] -- Found GnuLd: /home/jpmurphy/.cache/coreboot-sdk/riscv64-elf/96b949749225b6aaa92ed810ab769e8dfb12f000/riscv64-elf/bin/ld.bfd (found version "2.43.1")
[matsu:ro] -- The C compiler identification is GNU 14.2.0
[sapphire:ro] -- The C compiler identification is GNU 14.2.0
[quandiso:ro] [37/404] Building C object CMakeFiles/app.dir/mnt/host/source/src/platform/ec/build/zephyr/quandiso/modules/ec/common/system_boot_time.c.obj
[matsu:rw] Loaded configuration '/mnt/host/source/src/platform/ec/zephyr/boards/google/it8xxx2/it8xxx2_it82002aw_defconfig'
[matsu:rw] Merged configuration '/mnt/host/source/src/platform/ec/zephyr/program/ocelot/program.conf'
[matsu:rw] Merged configuration '/mnt/host/source/src/platform/ec/zephyr/program/ocelot/matsu/project.conf'
[matsu:rw] Merged configuration '/mnt/host/source/src/platform/ec/build/zephyr/matsu/kconfig-rw.conf'
[matsu:rw] Configuration saved to '/mnt/host/source/src/platform/ec/build/zephyr/matsu/build-rw/zephyr/.config'
[matsu:rw] Kconfig header saved to '/mnt/host/source/src/platform/ec/build/zephyr/matsu/build-rw/zephyr/include/generated/zephyr/autoconf.h'
[matsu:rw] -- Found GnuLd: /home/jpmurphy/.cache/coreboot-sdk/riscv64-elf/96b949749225b6aaa92ed810ab769e8dfb12f000/riscv64-elf/bin/ld.bfd (found version "2.43.1")
[wyrdeer:rw] [23/379] Building C object CMakeFiles/app.dir/mnt/host/source/src/platform/ec/build/zephyr/wyrdeer/modules/ec/common/uart_printf.c.obj
[npcx7:rw] [26/320] Building C object CMakeFiles/app.dir/mnt/host/source/src/platform/ec/build/zephyr/npcx7/modules/ec/common/util.c.obj
[tentacruel:ro] -- The C compiler identification is GNU 14.2.0
[matsu:ro] -- The CXX compiler identification is GNU 14.2.0
[sapphire:ro] -- The CXX compiler identification is GNU 14.2.0
[matsu:rw] -- The C compiler identification is GNU 14.2.0
[matsu:ro] -- The ASM compiler identification is GNU
[matsu:ro] -- Found assembler: /home/jpmurphy/.cache/coreboot-sdk/riscv64-elf/96b949749225b6aaa92ed810ab769e8dfb12f000/bin/riscv64-elf-gcc
[tentacruel:rw] Loaded configuration '/mnt/host/source/src/platform/ec/zephyr/boards/google/it8xxx2/it8xxx2_it81202bx_defconfig'
[tentacruel:rw] Merged configuration '/mnt/host/source/src/platform/ec/zephyr/program/corsola/program.conf'
[tentacruel:rw] Merged configuration '/mnt/host/source/src/platform/ec/zephyr/program/corsola/ite_program.conf'
[tentacruel:rw] Merged configuration '/mnt/host/source/src/platform/ec/zephyr/program/corsola/tentacruel/project.conf'
[tentacruel:rw] Merged configuration '/mnt/host/source/src/platform/ec/build/zephyr/tentacruel/kconfig-rw.conf'
[tentacruel:rw] Configuration saved to '/mnt/host/source/src/platform/ec/build/zephyr/tentacruel/build-rw/zephyr/.config'
[tentacruel:rw] Kconfig header saved to '/mnt/host/source/src/platform/ec/build/zephyr/tentacruel/build-rw/zephyr/include/generated/zephyr/autoconf.h'
[tentacruel:rw] -- Found GnuLd: /home/jpmurphy/.cache/coreboot-sdk/riscv64-elf/96b949749225b6aaa92ed810ab769e8dfb12f000/riscv64-elf/bin/ld.bfd (found version "2.43.1")
[matsu:ro] warning: Deprecated symbol I2C_ALLOW_NO_STOP_TRANSACTIONS is enabled.
[matsu:ro] CMake Warning at /mnt/host/source/src/platform/ec/zephyr/cmake/linker/ld/linker_libraries.cmake:11 (message):
[matsu:ro]   Disabling c_library
[matsu:ro] Call Stack (most recent call first):
[matsu:ro]   /mnt/host/source/src/third_party/zephyr/main/cmake/target_toolchain_flags.cmake:48 (include)
[matsu:ro]   /mnt/host/source/src/third_party/zephyr/main/cmake/modules/kernel.cmake:153 (include)
[matsu:ro]   /mnt/host/source/src/third_party/zephyr/main/cmake/modules/zephyr_default.cmake:138 (include)
[matsu:ro]   /mnt/host/source/src/third_party/zephyr/main/share/zephyr-package/cmake/ZephyrConfig.cmake:66 (include)
[matsu:ro]   /mnt/host/source/src/third_party/zephyr/main/share/zephyr-package/cmake/ZephyrConfig.cmake:97 (include_boilerplate)
[matsu:ro]   CMakeLists.txt:7 (find_package)
[sapphire:ro] -- The ASM compiler identification is GNU
[sapphire:ro] -- Found assembler: /home/jpmurphy/.cache/coreboot-sdk/riscv64-elf/96b949749225b6aaa92ed810ab769e8dfb12f000/bin/riscv64-elf-gcc
[sapphire:ro] CMake Warning at /mnt/host/source/src/platform/ec/zephyr/cmake/linker/ld/linker_libraries.cmake:11 (message):
[sapphire:ro]   Disabling c_library
[sapphire:ro] Call Stack (most recent call first):
[sapphire:ro]   /mnt/host/source/src/third_party/zephyr/main/cmake/target_toolchain_flags.cmake:48 (include)
[sapphire:ro]   /mnt/host/source/src/third_party/zephyr/main/cmake/modules/kernel.cmake:153 (include)
[sapphire:ro]   /mnt/host/source/src/third_party/zephyr/main/cmake/modules/zephyr_default.cmake:138 (include)
[sapphire:ro]   /mnt/host/source/src/third_party/zephyr/main/share/zephyr-package/cmake/ZephyrConfig.cmake:66 (include)
[sapphire:ro]   /mnt/host/source/src/third_party/zephyr/main/share/zephyr-package/cmake/ZephyrConfig.cmake:97 (include_boilerplate)
[sapphire:ro]   CMakeLists.txt:6 (find_package)
[tentacruel:ro] -- The CXX compiler identification is GNU 14.2.0
[tentacruel:ro] -- The ASM compiler identification is GNU
[tentacruel:ro] -- Found assembler: /home/jpmurphy/.cache/coreboot-sdk/riscv64-elf/96b949749225b6aaa92ed810ab769e8dfb12f000/bin/riscv64-elf-gcc
[tentacruel:ro] warning: Deprecated symbol I2C_ALLOW_NO_STOP_TRANSACTIONS is enabled.
[tentacruel:ro] CMake Warning at /mnt/host/source/src/platform/ec/zephyr/cmake/linker/ld/linker_libraries.cmake:11 (message):
[tentacruel:ro]   Disabling c_library
[tentacruel:ro] Call Stack (most recent call first):
[tentacruel:ro]   /mnt/host/source/src/third_party/zephyr/main/cmake/target_toolchain_flags.cmake:48 (include)
[tentacruel:ro]   /mnt/host/source/src/third_party/zephyr/main/cmake/modules/kernel.cmake:153 (include)
[tentacruel:ro]   /mnt/host/source/src/third_party/zephyr/main/cmake/modules/zephyr_default.cmake:138 (include)
[tentacruel:ro]   /mnt/host/source/src/third_party/zephyr/main/share/zephyr-package/cmake/ZephyrConfig.cmake:66 (include)
[tentacruel:ro]   /mnt/host/source/src/third_party/zephyr/main/share/zephyr-package/cmake/ZephyrConfig.cmake:97 (include_boilerplate)
[tentacruel:ro]   CMakeLists.txt:7 (find_package)
[quandiso:rw] [38/404] Building C object CMakeFiles/app.dir/mnt/host/source/src/platform/ec/build/zephyr/quandiso/modules/ec/common/uart_printf.c.obj
[matsu:rw] -- The CXX compiler identification is GNU 14.2.0
[tentacruel:rw] -- The C compiler identification is GNU 14.2.0
[matsu:rw] -- The ASM compiler identification is GNU
[quandiso:rw] [39/404] Building C object CMakeFiles/app.dir/mnt/host/source/src/platform/ec/build/zephyr/quandiso/modules/ec/common/util.c.obj
[matsu:rw] -- Found assembler: /home/jpmurphy/.cache/coreboot-sdk/riscv64-elf/96b949749225b6aaa92ed810ab769e8dfb12f000/bin/riscv64-elf-gcc
[matsu:rw] warning: Deprecated symbol I2C_ALLOW_NO_STOP_TRANSACTIONS is enabled.
[matsu:rw] CMake Warning at /mnt/host/source/src/platform/ec/zephyr/cmake/linker/ld/linker_libraries.cmake:11 (message):
[matsu:rw]   Disabling c_library
[sapphire:rw] Loaded configuration '/mnt/host/source/src/platform/ec/zephyr/boards/google/it8xxx2/it8xxx2_it82202bw_defconfig'
[sapphire:rw] Merged configuration '/mnt/host/source/src/platform/ec/zephyr/program/tanjiro/program.conf'
[sapphire:rw] Merged configuration '/mnt/host/source/src/platform/ec/zephyr/program/tanjiro/sapphire/project.conf'
[sapphire:rw] Merged configuration '/mnt/host/source/src/platform/ec/build/zephyr/sapphire/kconfig-rw.conf'
[sapphire:rw] Configuration saved to '/mnt/host/source/src/platform/ec/build/zephyr/sapphire/build-rw/zephyr/.config'
[sapphire:rw] Kconfig header saved to '/mnt/host/source/src/platform/ec/build/zephyr/sapphire/build-rw/zephyr/include/generated/zephyr/autoconf.h'
[sapphire:rw] -- Found GnuLd: /home/jpmurphy/.cache/coreboot-sdk/riscv64-elf/96b949749225b6aaa92ed810ab769e8dfb12f000/riscv64-elf/bin/ld.bfd (found version "2.43.1")
[quandiso:ro] [38/404] Building C object CMakeFiles/app.dir/mnt/host/source/src/platform/ec/build/zephyr/quandiso/modules/ec/common/uart_printf.c.obj
[quandiso:ro] [39/404] Building C object CMakeFiles/app.dir/mnt/host/source/src/platform/ec/build/zephyr/quandiso/modules/ec/common/util.c.obj
[npcx7:rw] [27/320] Building C object CMakeFiles/app.dir/mnt/host/source/src/platform/ec/build/zephyr/npcx7/modules/ec/common/version.c.obj
[tentacruel:rw] -- The CXX compiler identification is GNU 14.2.0
[tentacruel:rw] -- The ASM compiler identification is GNU
[tentacruel:rw] -- Found assembler: /home/jpmurphy/.cache/coreboot-sdk/riscv64-elf/96b949749225b6aaa92ed810ab769e8dfb12f000/bin/riscv64-elf-gcc
[sapphire:rw] -- The C compiler identification is GNU 14.2.0
[tentacruel:rw] warning: Deprecated symbol I2C_ALLOW_NO_STOP_TRANSACTIONS is enabled.
[tentacruel:rw] CMake Warning at /mnt/host/source/src/platform/ec/zephyr/cmake/linker/ld/linker_libraries.cmake:11 (message):
[tentacruel:rw]   Disabling c_library
[tentacruel:rw] Call Stack (most recent call first):
[tentacruel:rw]   /mnt/host/source/src/third_party/zephyr/main/cmake/target_toolchain_flags.cmake:48 (include)
[tentacruel:rw]   /mnt/host/source/src/third_party/zephyr/main/cmake/modules/kernel.cmake:153 (include)
[tentacruel:rw]   /mnt/host/source/src/third_party/zephyr/main/cmake/modules/zephyr_default.cmake:138 (include)
[tentacruel:rw]   /mnt/host/source/src/third_party/zephyr/main/share/zephyr-package/cmake/ZephyrConfig.cmake:66 (include)
[tentacruel:rw]   /mnt/host/source/src/third_party/zephyr/main/share/zephyr-package/cmake/ZephyrConfig.cmake:97 (include_boilerplate)
[tentacruel:rw]   CMakeLists.txt:7 (find_package)
[wyrdeer:rw] [24/379] Building C object CMakeFiles/app.dir/mnt/host/source/src/platform/ec/build/zephyr/wyrdeer/modules/ec/common/util.c.obj
[tentacruel:ro] -- Performing EC specific devicetree checks
[sapphire:ro] -- Performing EC specific devicetree checks
[matsu:ro] -- Performing EC specific devicetree checks
[tentacruel:ro] INFO: Verified 40 GPIOs, no duplicates found
[sapphire:rw] -- The CXX compiler identification is GNU 14.2.0
[matsu:ro] INFO: Verified 43 GPIOs, no duplicates found
[sapphire:ro] INFO: Verified 45 GPIOs, no duplicates found
[sapphire:ro] INFO: Verified 21 '*-gpios' properties, all flags match.
[sapphire:rw] -- The ASM compiler identification is GNU
[sapphire:rw] -- Found assembler: /home/jpmurphy/.cache/coreboot-sdk/riscv64-elf/96b949749225b6aaa92ed810ab769e8dfb12f000/bin/riscv64-elf-gcc
[quandiso:rw] [40/404] Building C object CMakeFiles/app.dir/mnt/host/source/src/platform/ec/build/zephyr/quandiso/modules/ec/common/version.c.obj
[sapphire:rw] warning: Deprecated symbol I2C_ALLOW_NO_STOP_TRANSACTIONS is enabled.
[sapphire:rw] CMake Warning at /mnt/host/source/src/platform/ec/zephyr/cmake/linker/ld/linker_libraries.cmake:11 (message):
[sapphire:rw]   Disabling c_library
[sapphire:rw] Call Stack (most recent call first):
[sapphire:rw]   /mnt/host/source/src/third_party/zephyr/main/cmake/target_toolchain_flags.cmake:48 (include)
[sapphire:rw]   /mnt/host/source/src/third_party/zephyr/main/cmake/modules/kernel.cmake:153 (include)
[sapphire:rw]   /mnt/host/source/src/third_party/zephyr/main/cmake/modules/zephyr_default.cmake:138 (include)
[sapphire:rw]   /mnt/host/source/src/third_party/zephyr/main/share/zephyr-package/cmake/ZephyrConfig.cmake:66 (include)
[sapphire:rw]   /mnt/host/source/src/third_party/zephyr/main/share/zephyr-package/cmake/ZephyrConfig.cmake:97 (include_boilerplate)
[sapphire:rw]   CMakeLists.txt:6 (find_package)
[tentacruel:rw] -- Performing EC specific devicetree checks
[matsu:rw] -- Performing EC specific devicetree checks
[tentacruel:ro] -- Generating component manifest file
[quandiso:rw] [41/404] Building C object CMakeFiles/app.dir/mnt/host/source/src/platform/ec/build/zephyr/quandiso/modules/ec/common/power_button_x86.c.obj
[quandiso:ro] [40/404] Building C object CMakeFiles/app.dir/mnt/host/source/src/platform/ec/build/zephyr/quandiso/modules/ec/common/version.c.obj
[sapphire:ro] -- Generating component manifest file
[matsu:ro] -- Generating component manifest file
[quandiso:ro] [41/404] Building C object CMakeFiles/app.dir/mnt/host/source/src/platform/ec/build/zephyr/quandiso/modules/ec/common/power_button_x86.c.obj
[tentacruel:rw] INFO: Verified 40 GPIOs, no duplicates found
[tentacruel:rw] INFO: Verified 27 '*-gpios' properties, all flags match.
[matsu:rw] Call Stack (most recent call first):
[matsu:rw]   /mnt/host/source/src/third_party/zephyr/main/cmake/target_toolchain_flags.cmake:48 (include)
[matsu:rw]   /mnt/host/source/src/third_party/zephyr/main/cmake/modules/kernel.cmake:153 (include)
[matsu:rw]   /mnt/host/source/src/third_party/zephyr/main/cmake/modules/zephyr_default.cmake:138 (include)
[matsu:rw]   /mnt/host/source/src/third_party/zephyr/main/share/zephyr-package/cmake/ZephyrConfig.cmake:66 (include)
[matsu:rw]   /mnt/host/source/src/third_party/zephyr/main/share/zephyr-package/cmake/ZephyrConfig.cmake:97 (include_boilerplate)
[matsu:rw]   CMakeLists.txt:7 (find_package)
[matsu:rw] INFO: Verified 43 GPIOs, no duplicates found
[npcx7:rw] [28/320] Building C object CMakeFiles/app.dir/mnt/host/source/src/platform/ec/build/zephyr/npcx7/modules/ec/common/adc.c.obj
[tentacruel:ro] INFO: Verified 27 '*-gpios' properties, all flags match.
[tentacruel:ro] INFO: Skipped 0 named-gpios children.
[tentacruel:ro] INFO: Running CME, outputting to /mnt/host/source/src/platform/ec/build/zephyr/tentacruel/build-ro/zephyr/component_manifest.json
[tentacruel:ro] INFO: Project tentacruel does not support SSFC
[tentacruel:ro] INFO: Component usbpd@f03700(ite,it8xxx2-usbpd) not on I2C bus, skip it
[tentacruel:ro] INFO: Component virtual-mux-0(cros-ec,usbc-mux-virtual) not on I2C bus, skip it
[tentacruel:ro] INFO: Component usbpd@f03800(ite,it8xxx2-usbpd) not on I2C bus, skip it
[tentacruel:ro] INFO: Component virtual-mux-1(cros-ec,usbc-mux-virtual) not on I2C bus, skip it
[matsu:ro] INFO: Verified 27 '*-gpios' properties, all flags match.
[matsu:ro] INFO: Skipped 11 named-gpios children.
[matsu:ro] INFO: Running CME, outputting to /mnt/host/source/src/platform/ec/build/zephyr/matsu/build-ro/zephyr/component_manifest.json
[matsu:ro] INFO: Project matsu does not support SSFC
[matsu:ro] INFO: No motionsense-sensor node found
[wyrdeer:rw] [25/379] Building C object CMakeFiles/app.dir/mnt/host/source/src/platform/ec/build/zephyr/wyrdeer/modules/ec/common/version.c.obj
[sapphire:ro] INFO: Skipped 1 named-gpios children.
[sapphire:ro] INFO: Running CME, outputting to /mnt/host/source/src/platform/ec/build/zephyr/sapphire/build-ro/zephyr/component_manifest.json
[sapphire:ro] INFO: Project sapphire does not support SSFC
[tentacruel:rw] -- Generating component manifest file
[matsu:rw] -- Generating component manifest file
[sapphire:rw] -- Performing EC specific devicetree checks
[tentacruel:ro] -- warning_base_override: -Wall;-Wformat;-Wformat-security;-Wformat;-Wno-format-zero-length;-Wno-pointer-sign;-Wpointer-arith;-Wexpansion-to-defined
[matsu:ro] -- warning_base_override: -Wall;-Wformat;-Wformat-security;-Wformat;-Wno-format-zero-length;-Wno-pointer-sign;-Wpointer-arith;-Wexpansion-to-defined
[sapphire:ro] -- warning_base_override: -Wall;-Wformat;-Wformat-security;-Wformat;-Wno-format-zero-length;-Wno-pointer-sign;-Wpointer-arith;-Wexpansion-to-defined
[matsu:ro] The PW_ROOT environment variable is not set; using /mnt/host/source/src/platform/ec/build/zephyr/matsu/modules/pigweed within CMake
[tentacruel:rw] INFO: Skipped 0 named-gpios children.
[tentacruel:rw] INFO: Running CME, outputting to /mnt/host/source/src/platform/ec/build/zephyr/tentacruel/build-rw/zephyr/component_manifest.json
[tentacruel:rw] INFO: Project tentacruel does not support SSFC
[tentacruel:rw] INFO: Component usbpd@f03700(ite,it8xxx2-usbpd) not on I2C bus, skip it
[tentacruel:rw] INFO: Component virtual-mux-0(cros-ec,usbc-mux-virtual) not on I2C bus, skip it
[tentacruel:rw] INFO: Component usbpd@f03800(ite,it8xxx2-usbpd) not on I2C bus, skip it
[tentacruel:rw] INFO: Component virtual-mux-1(cros-ec,usbc-mux-virtual) not on I2C bus, skip it
[tentacruel:rw] INFO: Component virtual-mux-1(cros-ec,usbc-mux-virtual) not on I2C bus, skip it
[sapphire:rw] INFO: Verified 45 GPIOs, no duplicates found
[tentacruel:rw] -- warning_base_override: -Wall;-Wformat;-Wformat-security;-Wformat;-Wno-format-zero-length;-Wno-pointer-sign;-Wpointer-arith;-Wexpansion-to-defined
[sapphire:rw] INFO: Verified 21 '*-gpios' properties, all flags match.
[sapphire:rw] INFO: Skipped 1 named-gpios children.
[matsu:rw] INFO: Verified 27 '*-gpios' properties, all flags match.
[matsu:rw] INFO: Skipped 11 named-gpios children.
[matsu:rw] INFO: Running CME, outputting to /mnt/host/source/src/platform/ec/build/zephyr/matsu/build-rw/zephyr/component_manifest.json
[matsu:rw] INFO: Project matsu does not support SSFC
[matsu:rw] INFO: No motionsense-sensor node found
[/mnt/host/source/src/platform/ec/build/zephyr/padme-lcov]   /mnt/host/source/src/platform/ec/build/zephyr/padme/build-rw/zephyr/drivers/syscon/CMakeFiles/drivers__syscon.dir/mnt/host/source/src/third_party/zephyr/main/misc/empty_file.c.gcno:no functions found
[/mnt/host/source/src/platform/ec/build/zephyr/padme-lcov] Filter suppressions 'region':
[matsu:rw] -- warning_base_override: -Wall;-Wformat;-Wformat-security;-Wformat;-Wno-format-zero-length;-Wno-pointer-sign;-Wpointer-arith;-Wexpansion-to-defined
[matsu:rw] The PW_ROOT environment variable is not set; using /mnt/host/source/src/platform/ec/build/zephyr/matsu/modules/pigweed within CMake
[quandiso:rw] [42/404] Building C object CMakeFiles/app.dir/mnt/host/source/src/platform/ec/build/zephyr/quandiso/modules/ec/driver/accel_bma4xx.c.obj
[/mnt/host/source/src/platform/ec/build/zephyr/padme-lcov]     39 instances
[/mnt/host/source/src/platform/ec/build/zephyr/padme-lcov]     26 coverpoints
[/mnt/host/source/src/platform/ec/build/zephyr/padme-lcov] Message summary:
[moonstone:rw] Configuring.
[/mnt/host/source/src/platform/ec/build/zephyr/padme-lcov]   29 ignore messages:
[/mnt/host/source/src/platform/ec/build/zephyr/padme-lcov]     gcov: 29
Running `env -i PYTHONPATH=/usr/lib64/python-exec/python3.11:/mnt/host/source/src/platform/ec/zephyr/zmake:/usr/lib/python311.zip:/usr/lib/python3.11:/usr/lib/python3.11/lib-dynload:/usr/lib/python3.11/site-packages PW_PIGWEED_CIPD_INSTALL_DIR=/usr CROSTC_USER_ACKNOWLEDGES_THAT_RISCV_IS_EXPERIMENTAL=1 PATH=/mnt/host/source/chromite/bin:/usr/local/bin:/usr/bin:/bin:/opt/bin:/mnt/host/source/chromite/sdk/bin:/mnt/host/source/chromite/bin HOME=/home/jpmurphy JAVA_HOME=/etc/java-config-2/current-system-vm JDK_HOME=/etc/java-config-2/current-system-vm JAVAC=/etc/java-config-2/current-system-vm/bin/javac MAKEFLAGS=' -j16 --jobserver-auth=5,6' /usr/bin/cmake -S /mnt/host/source/src/platform/ec/zephyr/program/fatcat -B /mnt/host/source/src/platform/ec/build/zephyr/moonstone/build-rw -GNinja -DCMAKE_EXPORT_COMPILE_COMMANDS=ON -DZEPHYR_BASE=/mnt/host/source/src/third_party/zephyr/main -DZMAKE_INCLUDE_DIR=/mnt/host/source/src/platform/ec/build/zephyr/moonstone/include -DPython3_EXECUTABLE=/usr/bin/python3.11 -DDTS_ROOT=/mnt/host/source/src/platform/ec/zephyr -DSYSCALL_INCLUDE_DIRS=/mnt/host/source/src/platform/ec/zephyr/include/drivers -DUSER_CACHE_DIR=/mnt/host/source/src/platform/ec/build/zephyr/user-cache -DPW_ROOT=/mnt/host/source/src/third_party/pigweed -DNANOPB_DIR=/mnt/host/source/src/third_party/zephyr/nanopb '-DEXTRA_EC_VERSION_FLAGS=--version 16543.0.0 --static' -DTOOLCHAIN_ROOT=/mnt/host/source/src/platform/ec/zephyr -DCOREBOOT_SDK_ROOT_x86=/home/jpmurphy/.cache/coreboot-sdk/i386-elf/dfbb0486385d938cfa9d73080b9d18d598ed4f49 -DCOREBOOT_SDK_ROOT_picolibc_x86=/home/jpmurphy/.cache/coreboot-sdk/picolibc-i386-elf/eb8e8e687b95461de8cbf278f1c2076952d0ad17 -DCOREBOOT_SDK_ROOT_riscv64=/home/jpmurphy/.cache/coreboot-sdk/riscv64-elf/96b949749225b6aaa92ed810ab769e8dfb12f000 -DCOREBOOT_SDK_ROOT_picolibc_arm=/home/jpmurphy/.cache/coreboot-sdk/picolibc-arm-eabi/422a2aa3e1ef891b5bece9a3deb696ff83840d2e -DCOREBOOT_SDK_ROOT_nds32=/home/jpmurphy/.cache/coreboot-sdk/nds32le-elf/d1a518c4a097666d86058e1444f85ca015d15511 -DCOREBOOT_SDK_ROOT_picolibc_riscv64=/home/jpmurphy/.cache/coreboot-sdk/picolibc-riscv64-elf/f571e990ef0278564b31124f8bb109d9a697eb69 -DCOREBOOT_SDK_ROOT_arm=/home/jpmurphy/.cache/coreboot-sdk/arm-eabi/ea40ddd1d190c3b48435c474c0b545719371813a -DCOREBOOT_SDK_ROOT_libstdcxx_riscv64=/home/jpmurphy/.cache/coreboot-sdk/libstdcxx-riscv64-elf/17abf22a3a252e2d5d2062ced5324f7a623689e0 -DCOREBOOT_SDK_ROOT_libstdcxx_arm=/home/jpmurphy/.cache/coreboot-sdk/libstdcxx-arm-eabi/5d7d82e150e44aa1968f1d366e267e6687b328ac -DCOREBOOT_SDK_ROOT_riscv=/home/jpmurphy/.cache/coreboot-sdk/riscv-elf/9a27b9e82341c6e9126624f516ab3f261abb3e73 -DCOREBOOT_SDK_ROOT_libstdcxx_x86=/home/jpmurphy/.cache/coreboot-sdk/libstdcxx-i386-elf/42ef9d2e87a76a37963175d7d428734e65648b87 -DZEPHYR_TOOLCHAIN_VARIANT=coreboot-sdk '-DZEPHYR_MODULES=/mnt/host/source/src/platform/ec/build/zephyr/moonstone/modules/ec;/mnt/host/source/src/platform/ec/build/zephyr/moonstone/modules/google-private;/mnt/host/source/src/platform/ec/build/zephyr/moonstone/modules/pigweed;/mnt/host/source/src/platform/ec/build/zephyr/moonstone/modules/nanopb' -DDTC_OVERLAY_FILE=/mnt/host/source/src/platform/ec/zephyr/program/fatcat/moonstone/project.overlay -DBOARD=it8xxx2/it82002aw -DCMAKE_C_FLAGS=-DSECTION_IS_RW '-DCONF_FILE=/mnt/host/source/src/platform/ec/zephyr/program/fatcat/program.conf;/mnt/host/source/src/platform/ec/zephyr/program/fatcat/moonstone/project.conf;/mnt/host/source/src/platform/ec/zephyr/program/fatcat/dsp_comms.conf;/mnt/host/source/src/platform/ec/build/zephyr/moonstone/kconfig-rw.conf'`
[quandiso:ro] [42/404] Building C object CMakeFiles/app.dir/mnt/host/source/src/platform/ec/build/zephyr/quandiso/modules/ec/driver/accel_bma4xx.c.obj
[moonstone:rw] Loading Zephyr default modules (Zephyr base (cached)).
[moonstone:rw] -- Application: /mnt/host/source/src/platform/ec/zephyr/program/fatcat
[moonstone:rw] -- CMake version: 3.31.7
[quandiso:rw] [43/404] Building C object CMakeFiles/app.dir/mnt/host/source/src/platform/ec/build/zephyr/quandiso/modules/ec/driver/accel_kionix.c.obj
[tentacruel:ro] -- Found gen_kobject_list: /mnt/host/source/src/third_party/zephyr/main/scripts/build/gen_kobject_list.py
[tentacruel:ro] INFO: Component virtual-mux-1(cros-ec,usbc-mux-virtual) not on I2C bus, skip it
[tentacruel:ro] CMake Warning at /mnt/host/source/src/third_party/zephyr/main/CMakeLists.txt:2359 (message):
[tentacruel:ro]   __ASSERT() statements are globally ENABLED
[sapphire:rw] -- Generating component manifest file
[sapphire:ro] -- Found gen_kobject_list: /mnt/host/source/src/third_party/zephyr/main/scripts/build/gen_kobject_list.py
[quandiso:ro] [43/404] Building C object CMakeFiles/app.dir/mnt/host/source/src/platform/ec/build/zephyr/quandiso/modules/ec/driver/accel_kionix.c.obj
[npcx7:rw] [29/320] Building C object CMakeFiles/app.dir/mnt/host/source/src/platform/ec/build/zephyr/npcx7/modules/ec/common/acpi.c.obj
[tentacruel:rw] -- Found gen_kobject_list: /mnt/host/source/src/third_party/zephyr/main/scripts/build/gen_kobject_list.py
[sapphire:ro] CMake Warning at /mnt/host/source/src/third_party/zephyr/main/CMakeLists.txt:1134 (message):
[sapphire:ro]   No SOURCES given to Zephyr library: drivers__syscon
[sapphire:ro]   Excluding target from build.
[sapphire:ro] CMake Warning at /mnt/host/source/src/third_party/zephyr/main/CMakeLists.txt:2359 (message):
[sapphire:ro]   __ASSERT() statements are globally ENABLED
[tentacruel:rw] CMake Warning at /mnt/host/source/src/third_party/zephyr/main/CMakeLists.txt:2359 (message):
[tentacruel:rw]   __ASSERT() statements are globally ENABLED
[tentacruel:ro] -- Configuring done (15.4s)
[sapphire:ro] -- Configuring done (15.8s)
[sapphire:rw] INFO: Running CME, outputting to /mnt/host/source/src/platform/ec/build/zephyr/sapphire/build-rw/zephyr/component_manifest.json
[moonstone:rw] -- Found Python3: /usr/bin/python3.11 (found suitable version "3.11.11", minimum required is "3.10") found components: Interpreter
[moonstone:rw] -- Cache files will be written to: /mnt/host/source/src/platform/ec/build/zephyr/user-cache
[moonstone:rw] -- Zephyr version: 4.3.99 (/mnt/host/source/src/third_party/zephyr/main)
[tentacruel:rw] -- Configuring done (15.5s)
[sapphire:rw] -- warning_base_override: -Wall;-Wformat;-Wformat-security;-Wformat;-Wno-format-zero-length;-Wno-pointer-sign;-Wpointer-arith;-Wexpansion-to-defined
[wyrdeer:rw] [26/379] Building C object CMakeFiles/app.dir/mnt/host/source/src/platform/ec/build/zephyr/wyrdeer/modules/ec/driver/accelgyro_bmi_common.c.obj
[tentacruel:ro] -- Generating done (0.5s)
[tentacruel:ro] CMake Warning:
[tentacruel:ro] -- Build files have been written to: /mnt/host/source/src/platform/ec/build/zephyr/tentacruel/build-ro
[sapphire:rw] -- Found gen_kobject_list: /mnt/host/source/src/third_party/zephyr/main/scripts/build/gen_kobject_list.py
[tentacruel:rw] -- Generating done (0.4s)
[tentacruel:rw] -- Build files have been written to: /mnt/host/source/src/platform/ec/build/zephyr/tentacruel/build-rw
[tentacruel:rw] CMake Warning:
[sapphire:rw] INFO: Project sapphire does not support SSFC
[sapphire:rw] CMake Warning at /mnt/host/source/src/third_party/zephyr/main/CMakeLists.txt:1134 (message):
[sapphire:rw]   No SOURCES given to Zephyr library: drivers__syscon
[sapphire:rw]   Excluding target from build.
[sapphire:rw] CMake Warning at /mnt/host/source/src/third_party/zephyr/main/CMakeLists.txt:2359 (message):
[sapphire:rw]   __ASSERT() statements are globally ENABLED
[quandiso:rw] [44/404] Building C object CMakeFiles/app.dir/mnt/host/source/src/platform/ec/build/zephyr/quandiso/modules/ec/driver/accelgyro_bmi_common.c.obj
[sapphire:ro] -- Generating done (0.5s)
[sapphire:ro] CMake Warning:
[sapphire:ro] -- Build files have been written to: /mnt/host/source/src/platform/ec/build/zephyr/sapphire/build-ro
[quandiso:rw] [45/404] Building C object CMakeFiles/app.dir/mnt/host/source/src/platform/ec/build/zephyr/quandiso/modules/ec/driver/accelgyro_bmi3xx.c.obj
[npcx7:rw] [30/320] Building C object CMakeFiles/app.dir/mnt/host/source/src/platform/ec/build/zephyr/npcx7/modules/ec/common/cbi_common.c.obj
[tentacruel:ro]   Manually-specified variables were not used by the project:
[tentacruel:ro]     COREBOOT_SDK_ROOT_arm
[tentacruel:ro]     COREBOOT_SDK_ROOT_libstdcxx_arm
Toolchain <zmake.toolchains.CorebootSdkToolchain object at 0x7f41207d5ed0> selected by probe function.
[rull] Building in /mnt/host/source/src/platform/ec/build/zephyr/rull.
[tentacruel:ro]     COREBOOT_SDK_ROOT_libstdcxx_x86
[tentacruel:ro]     COREBOOT_SDK_ROOT_nds32
[tentacruel:ro]     COREBOOT_SDK_ROOT_picolibc_arm
[tentacruel:ro]     COREBOOT_SDK_ROOT_picolibc_x86
[tentacruel:ro]     COREBOOT_SDK_ROOT_riscv
[tentacruel:ro]     COREBOOT_SDK_ROOT_x86
[sapphire:rw] -- Configuring done (15.6s)
[tentacruel:rw]   Manually-specified variables were not used by the project:
[tentacruel:rw]     COREBOOT_SDK_ROOT_arm
[tentacruel:rw]     COREBOOT_SDK_ROOT_libstdcxx_arm
[tentacruel:rw]     COREBOOT_SDK_ROOT_libstdcxx_x86
[tentacruel:rw]     COREBOOT_SDK_ROOT_nds32
[tentacruel:rw]     COREBOOT_SDK_ROOT_picolibc_arm
[tentacruel:rw]     COREBOOT_SDK_ROOT_picolibc_x86
[tentacruel:rw]     COREBOOT_SDK_ROOT_riscv
[tentacruel:rw]     COREBOOT_SDK_ROOT_x86
[quandiso:ro] [44/404] Building C object CMakeFiles/app.dir/mnt/host/source/src/platform/ec/build/zephyr/quandiso/modules/ec/driver/accelgyro_bmi_common.c.obj
[sapphire:ro]   Manually-specified variables were not used by the project:
[sapphire:ro]     COREBOOT_SDK_ROOT_arm
[sapphire:ro]     COREBOOT_SDK_ROOT_libstdcxx_arm
[sapphire:ro]     COREBOOT_SDK_ROOT_libstdcxx_x86
[sapphire:ro]     COREBOOT_SDK_ROOT_nds32
[sapphire:ro]     COREBOOT_SDK_ROOT_picolibc_arm
[sapphire:ro]     COREBOOT_SDK_ROOT_picolibc_x86
[sapphire:ro]     COREBOOT_SDK_ROOT_riscv
[sapphire:ro]     COREBOOT_SDK_ROOT_x86
[quandiso:ro] [45/404] Building C object CMakeFiles/app.dir/mnt/host/source/src/platform/ec/build/zephyr/quandiso/modules/ec/driver/accelgyro_bmi3xx.c.obj
[/mnt/host/source/src/platform/ec/build/zephyr/brox-ish-ec-lcov]   /mnt/host/source/src/platform/ec/build/zephyr/brox-ish-ec/build-rw/CMakeFiles/app.dir/mnt/host/source/src/platform/ec/build/zephyr/brox-ish-ec/modules/ec/common/cbi_config.c.gcno:no functions found
[/mnt/host/source/src/platform/ec/build/zephyr/brox-ish-ec-lcov] stderr:
[sapphire:rw] -- Generating done (0.4s)
[sapphire:rw] CMake Warning:
[sapphire:rw]   Manually-specified variables were not used by the project:
[sapphire:rw]     COREBOOT_SDK_ROOT_arm
[sapphire:rw]     COREBOOT_SDK_ROOT_libstdcxx_arm
[sapphire:rw]     COREBOOT_SDK_ROOT_libstdcxx_x86
[sapphire:rw]     COREBOOT_SDK_ROOT_nds32
[sapphire:rw]     COREBOOT_SDK_ROOT_picolibc_arm
[sapphire:rw]     COREBOOT_SDK_ROOT_picolibc_x86
[sapphire:rw]     COREBOOT_SDK_ROOT_riscv
[sapphire:rw]     COREBOOT_SDK_ROOT_x86
[sapphire:rw] -- Build files have been written to: /mnt/host/source/src/platform/ec/build/zephyr/sapphire/build-rw
[wyrdeer:rw] [27/379] Building C object CMakeFiles/app.dir/mnt/host/source/src/platform/ec/build/zephyr/wyrdeer/modules/ec/driver/accelgyro_bmi3xx.c.obj
[npcx7:rw] [31/320] Building C object CMakeFiles/app.dir/mnt/host/source/src/platform/ec/build/zephyr/npcx7/modules/ec/common/cbi_config.c.obj
[quandiso:rw] [46/404] Building C object CMakeFiles/app.dir/mnt/host/source/src/platform/ec/build/zephyr/quandiso/modules/ec/common/motion_sense_fifo.c.obj
[quandiso:rw] [47/404] Building C object CMakeFiles/app.dir/mnt/host/source/src/platform/ec/build/zephyr/quandiso/modules/ec/common/adc.c.obj
[npcx7:rw] [32/320] Building C object CMakeFiles/app.dir/mnt/host/source/src/platform/ec/build/zephyr/npcx7/modules/ec/common/cbi.c.obj
[moonstone:rw] -- Board: it8xxx2, qualifiers: it82002aw
[quandiso:ro] [46/404] Building C object CMakeFiles/app.dir/mnt/host/source/src/platform/ec/build/zephyr/quandiso/modules/ec/common/motion_sense_fifo.c.obj
[/mnt/host/source/src/platform/ec/build/zephyr/brox-ish-ec-lcov]   /mnt/host/source/src/platform/ec/build/zephyr/brox-ish-ec/build-rw/zephyr/arch/arch/riscv/core/CMakeFiles/arch__riscv__core.dir/cpu_idle.c.gcno:no functions found
[/mnt/host/source/src/platform/ec/build/zephyr/brox-ish-ec-lcov] stderr:
[quandiso:ro] [47/404] Building C object CMakeFiles/app.dir/mnt/host/source/src/platform/ec/build/zephyr/quandiso/modules/ec/common/adc.c.obj
[wyrdeer:rw] [28/379] Building C object CMakeFiles/app.dir/mnt/host/source/src/platform/ec/build/zephyr/wyrdeer/modules/ec/driver/accelgyro_lsm6dsm.c.obj
[quandiso:ro] [48/404] Building C object CMakeFiles/app.dir/mnt/host/source/src/platform/ec/build/zephyr/quandiso/modules/ec/common/acpi.c.obj
[npcx7:rw] [33/320] Building C object CMakeFiles/app.dir/mnt/host/source/src/platform/ec/build/zephyr/npcx7/modules/ec/common/cbi_gpio.c.obj
[wyrdeer:rw] [29/379] Building C object CMakeFiles/app.dir/mnt/host/source/src/platform/ec/build/zephyr/wyrdeer/modules/ec/common/motion_sense_fifo.c.obj
[quandiso:ro] [49/404] Building C object CMakeFiles/app.dir/mnt/host/source/src/platform/ec/build/zephyr/quandiso/modules/ec/common/backlight_lid.c.obj
[npcx7:rw] [34/320] Building C object CMakeFiles/app.dir/mnt/host/source/src/platform/ec/build/zephyr/npcx7/modules/ec/common/memory_commands.c.obj
[quandiso:rw] [48/404] Building C object CMakeFiles/app.dir/mnt/host/source/src/platform/ec/build/zephyr/quandiso/modules/ec/common/acpi.c.obj
[quandiso:rw] [49/404] Building C object CMakeFiles/app.dir/mnt/host/source/src/platform/ec/build/zephyr/quandiso/modules/ec/common/backlight_lid.c.obj
[quandiso:ro] [50/404] Building C object CMakeFiles/app.dir/mnt/host/source/src/platform/ec/build/zephyr/quandiso/modules/ec/common/battery.c.obj
[quandiso:ro] [51/404] Building C object CMakeFiles/app.dir/mnt/host/source/src/platform/ec/build/zephyr/quandiso/modules/ec/common/battery_info.c.obj
[wyrdeer:rw] [30/379] Building C object CMakeFiles/app.dir/mnt/host/source/src/platform/ec/build/zephyr/wyrdeer/modules/ec/common/adc.c.obj
[quandiso:ro] [52/404] Building C object CMakeFiles/app.dir/mnt/host/source/src/platform/ec/build/zephyr/quandiso/modules/ec/common/battery_fuel_gauge.c.obj
[/mnt/host/source/src/platform/ec/build/zephyr/brox-ish-ec-lcov]   /mnt/host/source/src/platform/ec/build/zephyr/brox-ish-ec/build-rw/zephyr/arch/common/CMakeFiles/isr_tables.dir/isr_tables.c.gcno:no functions found
[/mnt/host/source/src/platform/ec/build/zephyr/brox-ish-ec-lcov] stderr:
[npcx7:rw] [35/320] Building C object CMakeFiles/app.dir/mnt/host/source/src/platform/ec/build/zephyr/npcx7/modules/ec/common/ap_reset_log.c.obj
[wyrdeer:rw] [31/379] Building C object CMakeFiles/app.dir/mnt/host/source/src/platform/ec/build/zephyr/wyrdeer/modules/ec/common/base_state.c.obj
[npcx7:rw] [36/320] Building C object CMakeFiles/app.dir/mnt/host/source/src/platform/ec/build/zephyr/npcx7/modules/ec/common/espi.c.obj
[quandiso:ro] [53/404] Building C object CMakeFiles/app.dir/mnt/host/source/src/platform/ec/build/zephyr/quandiso/modules/ec/driver/battery/smart.c.obj
[quandiso:rw] [50/404] Building C object CMakeFiles/app.dir/mnt/host/source/src/platform/ec/build/zephyr/quandiso/modules/ec/common/battery_info.c.obj
[matsu:ro] -- Found gen_kobject_list: /mnt/host/source/src/third_party/zephyr/main/scripts/build/gen_kobject_list.py
[quandiso:rw] [51/404] Building C object CMakeFiles/app.dir/mnt/host/source/src/platform/ec/build/zephyr/quandiso/modules/ec/common/battery.c.obj
[matsu:ro] CMake Warning at /mnt/host/source/src/third_party/zephyr/main/CMakeLists.txt:1134 (message):
[matsu:ro]   No SOURCES given to Zephyr library: drivers__syscon
[matsu:ro]   Excluding target from build.
[matsu:rw] -- Found gen_kobject_list: /mnt/host/source/src/third_party/zephyr/main/scripts/build/gen_kobject_list.py
[moonstone:rw] -- Found Dtc: /usr/bin/dtc (found suitable version "1.6.0", minimum required is "1.4.6")
[matsu:ro] CMake Warning at /mnt/host/source/src/third_party/zephyr/main/CMakeLists.txt:2359 (message):
[moonstone:rw] -- Found BOARD.dts: /mnt/host/source/src/platform/ec/zephyr/boards/google/it8xxx2/it8xxx2_it82002aw.dts
[matsu:rw] CMake Warning at /mnt/host/source/src/third_party/zephyr/main/CMakeLists.txt:1134 (message):
[matsu:rw]   No SOURCES given to Zephyr library: drivers__syscon
[matsu:rw]   Excluding target from build.
[matsu:rw] CMake Warning at /mnt/host/source/src/third_party/zephyr/main/CMakeLists.txt:2359 (message):
[matsu:rw]   __ASSERT() statements are globally ENABLED
[quandiso:ro] [54/404] Building C object CMakeFiles/app.dir/mnt/host/source/src/platform/ec/build/zephyr/quandiso/modules/ec/common/charger.c.obj
[npcx7:rw] [37/320] Building C object CMakeFiles/app.dir/mnt/host/source/src/platform/ec/build/zephyr/npcx7/modules/ec/common/extpower_common.c.obj
[quandiso:ro] [55/404] Building C object CMakeFiles/app.dir/mnt/host/source/src/platform/ec/build/zephyr/quandiso/modules/ec/driver/charger/sm5803.c.obj
[matsu:ro] -- Configuring done (19.5s)
[wyrdeer:rw] [32/379] Building C object CMakeFiles/app.dir/mnt/host/source/src/platform/ec/build/zephyr/wyrdeer/modules/ec/common/battery.c.obj
[matsu:rw] -- Configuring done (18.9s)
[npcx7:rw] [38/320] Building C object CMakeFiles/app.dir/mnt/host/source/src/platform/ec/build/zephyr/npcx7/modules/ec/common/extpower_gpio.c.obj
[quandiso:ro] [56/404] Building C object CMakeFiles/app.dir/mnt/host/source/src/platform/ec/build/zephyr/quandiso/modules/ec/common/charge_state.c.obj
[wyrdeer:rw] [33/379] Building C object CMakeFiles/app.dir/mnt/host/source/src/platform/ec/build/zephyr/wyrdeer/modules/ec/common/battery_info.c.obj
[quandiso:rw] [52/404] Building C object CMakeFiles/app.dir/mnt/host/source/src/platform/ec/build/zephyr/quandiso/modules/ec/common/battery_fuel_gauge.c.obj
[quandiso:rw] [53/404] Building C object CMakeFiles/app.dir/mnt/host/source/src/platform/ec/build/zephyr/quandiso/modules/ec/driver/battery/smart.c.obj
[quandiso:ro] [57/404] Building C object CMakeFiles/app.dir/mnt/host/source/src/platform/ec/build/zephyr/quandiso/modules/ec/common/charge_manager.c.obj
[npcx7:rw] [39/320] Building C object CMakeFiles/app.dir/mnt/host/source/src/platform/ec/build/zephyr/npcx7/modules/ec/common/fan.c.obj
[quandiso:ro] [58/404] Building C object CMakeFiles/app.dir/mnt/host/source/src/platform/ec/build/zephyr/quandiso/modules/ec/common/cbi_common.c.obj
[wyrdeer:rw] [34/379] Building C object CMakeFiles/app.dir/mnt/host/source/src/platform/ec/build/zephyr/wyrdeer/modules/ec/common/battery_fuel_gauge.c.obj
[quandiso:ro] [59/404] Building C object CMakeFiles/app.dir/mnt/host/source/src/platform/ec/build/zephyr/quandiso/modules/ec/common/ocpc.c.obj
[npcx7:rw] [40/320] Building C object CMakeFiles/app.dir/mnt/host/source/src/platform/ec/build/zephyr/npcx7/modules/ec/common/flash.c.obj
[quandiso:ro] [60/404] Building C object CMakeFiles/app.dir/mnt/host/source/src/platform/ec/build/zephyr/quandiso/modules/ec/common/cbi.c.obj
[wyrdeer:rw] [35/379] Building C object CMakeFiles/app.dir/mnt/host/source/src/platform/ec/build/zephyr/wyrdeer/modules/ec/driver/battery/smart.c.obj
[quandiso:rw] [54/404] Building C object CMakeFiles/app.dir/mnt/host/source/src/platform/ec/build/zephyr/quandiso/modules/ec/common/charger.c.obj
[/mnt/host/source/src/platform/ec/build/zephyr/skyrim-lcov]   /mnt/host/source/src/platform/ec/build/zephyr/skyrim/build-ro/CMakeFiles/app.dir/mnt/host/source/src/platform/ec/build/zephyr/skyrim/modules/ec/common/chargen.c.gcno:no functions found
[/mnt/host/source/src/platform/ec/build/zephyr/skyrim-lcov] stderr:
[quandiso:ro] [61/404] Building C object CMakeFiles/app.dir/mnt/host/source/src/platform/ec/build/zephyr/quandiso/modules/ec/common/cbi_config.c.obj
[moonstone:rw] -- Found devicetree overlay: /mnt/host/source/src/platform/ec/zephyr/program/fatcat/moonstone/project.overlay
[moonstone:rw] -- Generated zephyr.dts: /mnt/host/source/src/platform/ec/build/zephyr/moonstone/build-rw/zephyr/zephyr.dts
[npcx7:rw] [41/320] Building C object CMakeFiles/app.dir/mnt/host/source/src/platform/ec/build/zephyr/npcx7/modules/ec/common/host_command.c.obj
[quandiso:rw] [55/404] Building C object CMakeFiles/app.dir/mnt/host/source/src/platform/ec/build/zephyr/quandiso/modules/ec/driver/charger/sm5803.c.obj
[quandiso:ro] [62/404] Building C object CMakeFiles/app.dir/mnt/host/source/src/platform/ec/build/zephyr/quandiso/modules/ec/common/memory_commands.c.obj
[wyrdeer:rw] [36/379] Building C object CMakeFiles/app.dir/mnt/host/source/src/platform/ec/build/zephyr/wyrdeer/modules/ec/driver/charger/rt9490.c.obj
[quandiso:ro] [63/404] Building C object CMakeFiles/app.dir/mnt/host/source/src/platform/ec/build/zephyr/quandiso/modules/ec/common/dptf.c.obj
[npcx7:rw] [42/320] Building C object CMakeFiles/app.dir/mnt/host/source/src/platform/ec/build/zephyr/npcx7/modules/ec/common/host_command_task.c.obj
[quandiso:ro] [64/404] Building C object CMakeFiles/app.dir/mnt/host/source/src/platform/ec/build/zephyr/quandiso/modules/ec/common/ap_reset_log.c.obj
[wyrdeer:rw] [37/379] Building C object CMakeFiles/app.dir/mnt/host/source/src/platform/ec/build/zephyr/wyrdeer/modules/ec/common/charger.c.obj
[moonstone:rw] -- Generated pickled edt: /mnt/host/source/src/platform/ec/build/zephyr/moonstone/build-rw/zephyr/edt.pickle
[moonstone:rw] -- Generated devicetree_generated.h: /mnt/host/source/src/platform/ec/build/zephyr/moonstone/build-rw/zephyr/include/generated/zephyr/devicetree_generated.h
[quandiso:ro] [65/404] Building C object CMakeFiles/app.dir/mnt/host/source/src/platform/ec/build/zephyr/quandiso/modules/ec/common/espi.c.obj
[npcx7:rw] [43/320] Building C object CMakeFiles/app.dir/mnt/host/source/src/platform/ec/build/zephyr/npcx7/modules/ec/common/host_event_commands.c.obj
[quandiso:rw] [56/404] Building C object CMakeFiles/app.dir/mnt/host/source/src/platform/ec/build/zephyr/quandiso/modules/ec/common/charge_state.c.obj
[npcx7:rw] [44/320] Building C object CMakeFiles/app.dir/mnt/host/source/src/platform/ec/build/zephyr/npcx7/modules/ec/common/uart_hostcmd.c.obj
[quandiso:ro] [66/404] Building C object CMakeFiles/app.dir/mnt/host/source/src/platform/ec/build/zephyr/quandiso/modules/ec/common/extpower_common.c.obj
[quandiso:rw] [57/404] Building C object CMakeFiles/app.dir/mnt/host/source/src/platform/ec/build/zephyr/quandiso/modules/ec/common/charge_manager.c.obj
[wyrdeer:rw] [38/379] Building C object CMakeFiles/app.dir/mnt/host/source/src/platform/ec/build/zephyr/wyrdeer/modules/ec/common/charge_state.c.obj
[quandiso:ro] [67/404] Building C object CMakeFiles/app.dir/mnt/host/source/src/platform/ec/build/zephyr/quandiso/modules/ec/common/flash.c.obj
[quandiso:ro] [68/404] Building C object CMakeFiles/app.dir/mnt/host/source/src/platform/ec/build/zephyr/quandiso/modules/ec/common/fan.c.obj
[quandiso:ro] [69/404] Building C object CMakeFiles/app.dir/mnt/host/source/src/platform/ec/build/zephyr/quandiso/modules/ec/common/host_command.c.obj
[wyrdeer:rw] [39/379] Building C object CMakeFiles/app.dir/mnt/host/source/src/platform/ec/build/zephyr/wyrdeer/modules/ec/common/charge_manager.c.obj
[npcx7:rw] [45/320] Building C object CMakeFiles/app.dir/mnt/host/source/src/platform/ec/build/zephyr/npcx7/modules/ec/common/uptime.c.obj
[quandiso:rw] [58/404] Building C object CMakeFiles/app.dir/mnt/host/source/src/platform/ec/build/zephyr/quandiso/modules/ec/common/cbi_common.c.obj
[npcx7:rw] [46/320] Building C object CMakeFiles/app.dir/mnt/host/source/src/platform/ec/build/zephyr/npcx7/modules/ec/common/i2c_controller.c.obj
[quandiso:rw] [59/404] Building C object CMakeFiles/app.dir/mnt/host/source/src/platform/ec/build/zephyr/quandiso/modules/ec/common/ocpc.c.obj
[/mnt/host/source/src/platform/ec/build/zephyr/brox-ish-ec-lcov]   /mnt/host/source/src/platform/ec/build/zephyr/brox-ish-ec/build-rw/zephyr/CMakeFiles/zephyr.dir/subsys/shell/modules/kernel_service/kernel_shell.c.gcno:no functions found
[/mnt/host/source/src/platform/ec/build/zephyr/brox-ish-ec-lcov] stderr:
[moonstone:rw] /mnt/host/source/src/platform/ec/build/zephyr/moonstone/build-rw/zephyr/zephyr.dts:1317.27-2009.5: Warning (avoid_unnecessary_addr_size): /soc/pin-controller: unnecessary #address-cells/#size-cells without "ranges" or child "reg" property
[quandiso:ro] [70/404] Building C object CMakeFiles/app.dir/mnt/host/source/src/platform/ec/build/zephyr/quandiso/modules/ec/common/host_command_task.c.obj
[wyrdeer:rw] [40/379] Building C object CMakeFiles/app.dir/mnt/host/source/src/platform/ec/build/zephyr/wyrdeer/modules/ec/common/charge_ramp.c.obj
[quandiso:ro] [71/404] Building C object CMakeFiles/app.dir/mnt/host/source/src/platform/ec/build/zephyr/quandiso/modules/ec/common/uart_hostcmd.c.obj
[quandiso:ro] [72/404] Building C object CMakeFiles/app.dir/mnt/host/source/src/platform/ec/build/zephyr/quandiso/modules/ec/common/host_event_commands.c.obj
[/mnt/host/source/src/platform/ec/build/zephyr/brox-ish-ec-lcov]   /mnt/host/source/src/platform/ec/build/zephyr/brox-ish-ec/build-rw/zephyr/CMakeFiles/zephyr.dir/lib/libc/validate_libc.c.gcno:no functions found
[/mnt/host/source/src/platform/ec/build/zephyr/brox-ish-ec-lcov] stderr:
[wyrdeer:rw] [41/379] Building C object CMakeFiles/app.dir/mnt/host/source/src/platform/ec/build/zephyr/wyrdeer/modules/ec/common/cbi_common.c.obj
[quandiso:ro] [73/404] Building C object CMakeFiles/app.dir/mnt/host/source/src/platform/ec/build/zephyr/quandiso/modules/ec/common/uptime.c.obj
[npcx7:rw] [47/320] Building C object CMakeFiles/app.dir/mnt/host/source/src/platform/ec/build/zephyr/npcx7/modules/ec/common/i2c_passthru.c.obj
[quandiso:rw] [60/404] Building C object CMakeFiles/app.dir/mnt/host/source/src/platform/ec/build/zephyr/quandiso/modules/ec/common/cbi_config.c.obj
[quandiso:rw] [61/404] Building C object CMakeFiles/app.dir/mnt/host/source/src/platform/ec/build/zephyr/quandiso/modules/ec/common/cbi.c.obj
[npcx7:rw] [48/320] Building C object CMakeFiles/app.dir/mnt/host/source/src/platform/ec/build/zephyr/npcx7/modules/ec/common/keyboard_scan.c.obj
[matsu:ro] -- Generating done (4.8s)
[matsu:ro]   __ASSERT() statements are globally ENABLED
[matsu:ro] CMake Warning:
[matsu:ro] -- Build files have been written to: /mnt/host/source/src/platform/ec/build/zephyr/matsu/build-ro
[matsu:rw] -- Generating done (4.8s)
[matsu:rw] CMake Warning:
[wyrdeer:rw] [42/379] Building C object CMakeFiles/app.dir/mnt/host/source/src/platform/ec/build/zephyr/wyrdeer/modules/ec/common/cbi.c.obj
[matsu:rw] -- Build files have been written to: /mnt/host/source/src/platform/ec/build/zephyr/matsu/build-rw
[quandiso:ro] [74/404] Building C object CMakeFiles/app.dir/mnt/host/source/src/platform/ec/build/zephyr/quandiso/modules/ec/common/i2c_passthru.c.obj
[quandiso:ro] [75/404] Building C object CMakeFiles/app.dir/mnt/host/source/src/platform/ec/build/zephyr/quandiso/modules/ec/common/i2c_controller.c.obj
[wyrdeer:rw] [43/379] Building C object CMakeFiles/app.dir/mnt/host/source/src/platform/ec/build/zephyr/wyrdeer/modules/ec/common/cbi_config.c.obj
[quandiso:ro] [76/404] Building C object CMakeFiles/app.dir/mnt/host/source/src/platform/ec/build/zephyr/quandiso/modules/ec/common/keyboard_scan.c.obj
[quandiso:ro] [77/404] Building C object CMakeFiles/app.dir/mnt/host/source/src/platform/ec/build/zephyr/quandiso/modules/ec/common/keyboard_8042.c.obj
[quandiso:rw] [62/404] Building C object CMakeFiles/app.dir/mnt/host/source/src/platform/ec/build/zephyr/quandiso/modules/ec/common/memory_commands.c.obj
[/mnt/host/source/src/platform/ec/build/zephyr/brox-ish-ec-lcov]   /mnt/host/source/src/platform/ec/build/zephyr/brox-ish-ec/build-rw/zephyr/CMakeFiles/zephyr.dir/lib/utils/last_section_id.c.gcno:no functions found
[/mnt/host/source/src/platform/ec/build/zephyr/brox-ish-ec-lcov] stderr:
[npcx7:rw] [49/320] Building C object CMakeFiles/app.dir/mnt/host/source/src/platform/ec/build/zephyr/npcx7/modules/ec/common/keyboard_8042.c.obj
[npcx7:rw] [50/320] Building C object CMakeFiles/app.dir/mnt/host/source/src/platform/ec/build/zephyr/npcx7/modules/ec/common/keyboard_8042_sharedlib.c.obj
[matsu:ro]   Manually-specified variables were not used by the project:
[matsu:ro]     COREBOOT_SDK_ROOT_arm
[matsu:ro]     COREBOOT_SDK_ROOT_libstdcxx_arm
[matsu:ro]     COREBOOT_SDK_ROOT_libstdcxx_x86
[matsu:ro]     COREBOOT_SDK_ROOT_nds32
[matsu:ro]     COREBOOT_SDK_ROOT_picolibc_arm
[matsu:ro]     COREBOOT_SDK_ROOT_picolibc_x86
[matsu:ro]     COREBOOT_SDK_ROOT_riscv
[matsu:ro]     COREBOOT_SDK_ROOT_x86
[matsu:ro]     NANOPB_DIR
[matsu:ro]     PW_ROOT
[quandiso:rw] [63/404] Building C object CMakeFiles/app.dir/mnt/host/source/src/platform/ec/build/zephyr/quandiso/modules/ec/common/dptf.c.obj
[matsu:rw]   Manually-specified variables were not used by the project:
[matsu:rw]     COREBOOT_SDK_ROOT_arm
[matsu:rw]     COREBOOT_SDK_ROOT_libstdcxx_arm
[matsu:rw]     COREBOOT_SDK_ROOT_libstdcxx_x86
[matsu:rw]     COREBOOT_SDK_ROOT_nds32
[matsu:rw]     COREBOOT_SDK_ROOT_picolibc_arm
[matsu:rw]     COREBOOT_SDK_ROOT_picolibc_x86
[matsu:rw]     COREBOOT_SDK_ROOT_riscv
[matsu:rw]     COREBOOT_SDK_ROOT_x86
[matsu:rw]     NANOPB_DIR
[matsu:rw]     PW_ROOT
[wyrdeer:rw] [44/379] Building C object CMakeFiles/app.dir/mnt/host/source/src/platform/ec/build/zephyr/wyrdeer/modules/ec/common/memory_commands.c.obj
[quandiso:ro] [78/404] Building C object CMakeFiles/app.dir/mnt/host/source/src/platform/ec/build/zephyr/quandiso/modules/ec/common/keyboard_8042_sharedlib.c.obj
[quandiso:ro] [79/404] Building C object CMakeFiles/app.dir/mnt/host/source/src/platform/ec/build/zephyr/quandiso/modules/ec/common/mkbp_fifo.c.obj
[wyrdeer:rw] [45/379] Building C object CMakeFiles/app.dir/mnt/host/source/src/platform/ec/build/zephyr/wyrdeer/modules/ec/common/chipset.c.obj
[quandiso:ro] [80/404] Building C object CMakeFiles/app.dir/mnt/host/source/src/platform/ec/build/zephyr/quandiso/modules/ec/common/mkbp_info.c.obj
[npcx7:rw] [51/320] Building C object CMakeFiles/app.dir/mnt/host/source/src/platform/ec/build/zephyr/npcx7/modules/ec/common/keyboard_backlight.c.obj
[quandiso:ro] [81/404] Building C object CMakeFiles/app.dir/mnt/host/source/src/platform/ec/build/zephyr/quandiso/modules/ec/common/mkbp_input_devices.c.obj
[npcx7:rw] [52/320] Building C object CMakeFiles/app.dir/mnt/host/source/src/platform/ec/build/zephyr/npcx7/modules/ec/common/lid_switch.c.obj
[quandiso:rw] [64/404] Building C object CMakeFiles/app.dir/mnt/host/source/src/platform/ec/build/zephyr/quandiso/modules/ec/common/ap_reset_log.c.obj
[quandiso:rw] [65/404] Building C object CMakeFiles/app.dir/mnt/host/source/src/platform/ec/build/zephyr/quandiso/modules/ec/common/espi.c.obj
[wyrdeer:rw] [46/379] Building C object CMakeFiles/app.dir/mnt/host/source/src/platform/ec/build/zephyr/wyrdeer/modules/ec/common/ap_reset_log.c.obj
[wyrdeer:rw] [47/379] Building C object CMakeFiles/app.dir/mnt/host/source/src/platform/ec/build/zephyr/wyrdeer/modules/ec/common/extpower_common.c.obj
[wyrdeer:rw] [48/379] Building C object CMakeFiles/app.dir/mnt/host/source/src/platform/ec/build/zephyr/wyrdeer/modules/ec/common/extpower_gpio.c.obj
[quandiso:ro] [82/404] Building C object CMakeFiles/app.dir/mnt/host/source/src/platform/ec/build/zephyr/quandiso/modules/ec/common/keyboard_backlight.c.obj
[quandiso:ro] [83/404] Building C object CMakeFiles/app.dir/mnt/host/source/src/platform/ec/build/zephyr/quandiso/modules/ec/common/led_common.c.obj
[/mnt/host/source/src/platform/ec/build/zephyr/skyrim-lcov]   /mnt/host/source/src/platform/ec/build/zephyr/skyrim/build-ro/CMakeFiles/app.dir/mnt/host/source/src/platform/ec/build/zephyr/skyrim/modules/ec/common/cbi_config.c.gcno:no functions found
[/mnt/host/source/src/platform/ec/build/zephyr/skyrim-lcov] stderr:
[moonstone:rw] /mnt/host/source/src/platform/ec/build/zephyr/moonstone/build-rw/zephyr/zephyr.dts:2808.15-2817.5: Warning (gpios_property): /fans/fan_0: Missing property '#gpio-cells' in node /named-gpios/all_sys_pg or bad phandle (referred from pgood-gpio[0])
[moonstone:rw] /mnt/host/source/src/platform/ec/build/zephyr/moonstone/build-rw/zephyr/zephyr.dts:2808.15-2817.5: Warning (gpios_property): /fans/fan_0: Missing property '#gpio-cells' in node /named-gpios/en_pp5000_fan or bad phandle (referred from enable-gpio[0])
[moonstone:rw] /mnt/host/source/src/platform/ec/build/zephyr/moonstone/build-rw/zephyr/zephyr.dts:2820.15-2829.5: Warning (gpios_property): /fans/fan_1: Missing property '#gpio-cells' in node /named-gpios/all_sys_pg or bad phandle (referred from pgood-gpio[0])
[moonstone:rw] /mnt/host/source/src/platform/ec/build/zephyr/moonstone/build-rw/zephyr/zephyr.dts:2820.15-2829.5: Warning (gpios_property): /fans/fan_1: Missing property '#gpio-cells' in node /named-gpios/en_pp5000_fan or bad phandle (referred from enable-gpio[0])
[moonstone:rw] warning: PLATFORM_EC_LED_COMMON (defined at /mnt/host/source/src/platform/ec/zephyr/Kconfig.led:5)
[moonstone:rw] was assigned the value 'y' but got the value 'n'. Check these unsatisfied dependencies:
[moonstone:rw] (!PLATFORM_EC_LED_DT) (=n). See
[moonstone:rw] http://docs.zephyrproject.org/latest/kconfig.html#CONFIG_PLATFORM_EC_LED_COMMON and/or look up
[moonstone:rw] PLATFORM_EC_LED_COMMON in the menuconfig/guiconfig interface. The Application Development Primer,
[moonstone:rw] Setting Configuration Values, and Kconfig - Tips and Best Practices sections of the manual might be
[moonstone:rw] helpful too.
[wyrdeer:rw] [49/379] Building C object CMakeFiles/app.dir/mnt/host/source/src/platform/ec/build/zephyr/wyrdeer/modules/ec/common/flash.c.obj
[quandiso:ro] [84/404] Building C object CMakeFiles/app.dir/mnt/host/source/src/platform/ec/build/zephyr/quandiso/modules/ec/common/led_onoff_states.c.obj
[npcx7:rw] [53/320] Building C object CMakeFiles/app.dir/mnt/host/source/src/platform/ec/build/zephyr/npcx7/modules/ec/common/power_button.c.obj
[npcx7:rw] [54/320] Building C object CMakeFiles/app.dir/mnt/host/source/src/platform/ec/build/zephyr/npcx7/modules/ec/common/panic_output.c.obj
[quandiso:rw] [66/404] Building C object CMakeFiles/app.dir/mnt/host/source/src/platform/ec/build/zephyr/quandiso/modules/ec/common/extpower_common.c.obj
[quandiso:ro] [85/404] Building C object CMakeFiles/app.dir/mnt/host/source/src/platform/ec/build/zephyr/quandiso/modules/ec/common/motion_lid.c.obj
[wyrdeer:rw] [50/379] Building C object CMakeFiles/app.dir/mnt/host/source/src/platform/ec/build/zephyr/wyrdeer/modules/ec/common/host_command.c.obj
[quandiso:rw] [67/404] Building C object CMakeFiles/app.dir/mnt/host/source/src/platform/ec/build/zephyr/quandiso/modules/ec/common/fan.c.obj
[wyrdeer:rw] [51/379] Building C object CMakeFiles/app.dir/mnt/host/source/src/platform/ec/build/zephyr/wyrdeer/modules/ec/common/host_command_task.c.obj
[moonstone:rw] Parsing /mnt/host/source/src/platform/ec/zephyr/program/fatcat/Kconfig
[wyrdeer:rw] [52/379] Building C object CMakeFiles/app.dir/mnt/host/source/src/platform/ec/build/zephyr/wyrdeer/modules/ec/common/host_event_commands.c.obj
[/mnt/host/source/src/platform/ec/build/zephyr/skyrim-lcov]   /mnt/host/source/src/platform/ec/build/zephyr/skyrim/build-ro/CMakeFiles/app.dir/src/common.c.gcno:no functions found
[/mnt/host/source/src/platform/ec/build/zephyr/skyrim-lcov] stderr:
[quandiso:ro] [86/404] Building C object CMakeFiles/app.dir/mnt/host/source/src/platform/ec/build/zephyr/quandiso/modules/ec/common/lid_angle.c.obj
[quandiso:ro] [87/404] Building C object CMakeFiles/app.dir/mnt/host/source/src/platform/ec/build/zephyr/quandiso/modules/ec/common/lid_angle_keyboard_policy.c.obj
[wyrdeer:rw] [53/379] Building C object CMakeFiles/app.dir/mnt/host/source/src/platform/ec/build/zephyr/wyrdeer/modules/ec/common/uart_hostcmd.c.obj
[npcx7:rw] [55/320] Building C object CMakeFiles/app.dir/mnt/host/source/src/platform/ec/build/zephyr/npcx7/modules/ec/common/sha256.c.obj
[quandiso:ro] [88/404] Building C object CMakeFiles/app.dir/mnt/host/source/src/platform/ec/build/zephyr/quandiso/modules/ec/common/lid_switch.c.obj
[npcx7:rw] [56/320] Building C object CMakeFiles/app.dir/mnt/host/source/src/platform/ec/build/zephyr/npcx7/modules/ec/common/shared_mem.c.obj
[wyrdeer:rw] [54/379] Building C object CMakeFiles/app.dir/mnt/host/source/src/platform/ec/build/zephyr/wyrdeer/modules/ec/common/uptime.c.obj
[quandiso:rw] [68/404] Building C object CMakeFiles/app.dir/mnt/host/source/src/platform/ec/build/zephyr/quandiso/modules/ec/common/flash.c.obj
[quandiso:ro] [89/404] Building C object CMakeFiles/app.dir/mnt/host/source/src/platform/ec/build/zephyr/quandiso/modules/ec/common/mkbp_event.c.obj
[quandiso:rw] [69/404] Building C object CMakeFiles/app.dir/mnt/host/source/src/platform/ec/build/zephyr/quandiso/modules/ec/common/host_command.c.obj
[wyrdeer:rw] [55/379] Building C object CMakeFiles/app.dir/mnt/host/source/src/platform/ec/build/zephyr/wyrdeer/modules/ec/common/i2c_passthru.c.obj
[wyrdeer:rw] [56/379] Building C object CMakeFiles/app.dir/mnt/host/source/src/platform/ec/build/zephyr/wyrdeer/modules/ec/common/i2c_controller.c.obj
[npcx7:rw] [57/320] Building C object CMakeFiles/app.dir/mnt/host/source/src/platform/ec/build/zephyr/npcx7/modules/ec/common/spi_flash_reg.c.obj
[moonstone:rw] warning: Deprecated symbol I2C_ALLOW_NO_STOP_TRANSACTIONS is enabled.
[moonstone:rw] INFOSetting TOOLCHAIN_HAS_PICOLIBC to support full build.
[wyrdeer:rw] [57/379] Building C object CMakeFiles/app.dir/mnt/host/source/src/platform/ec/build/zephyr/wyrdeer/modules/ec/common/virtual_battery.c.obj
[quandiso:ro] [90/404] Building C object CMakeFiles/app.dir/mnt/host/source/src/platform/ec/build/zephyr/quandiso/modules/ec/common/port80.c.obj
[moonstone:rw] Loaded configuration '/mnt/host/source/src/platform/ec/zephyr/boards/google/it8xxx2/it8xxx2_it82002aw_defconfig'
[moonstone:rw] Merged configuration '/mnt/host/source/src/platform/ec/zephyr/program/fatcat/program.conf'
[moonstone:rw] Merged configuration '/mnt/host/source/src/platform/ec/zephyr/program/fatcat/moonstone/project.conf'
[moonstone:rw] Merged configuration '/mnt/host/source/src/platform/ec/zephyr/program/fatcat/dsp_comms.conf'
[moonstone:rw] Merged configuration '/mnt/host/source/src/platform/ec/build/zephyr/moonstone/kconfig-rw.conf'
[moonstone:rw] Configuration saved to '/mnt/host/source/src/platform/ec/build/zephyr/moonstone/build-rw/zephyr/.config'
[moonstone:rw] Kconfig header saved to '/mnt/host/source/src/platform/ec/build/zephyr/moonstone/build-rw/zephyr/include/generated/zephyr/autoconf.h'
[moonstone:rw] -- Found GnuLd: /home/jpmurphy/.cache/coreboot-sdk/riscv64-elf/96b949749225b6aaa92ed810ab769e8dfb12f000/riscv64-elf/bin/ld.bfd (found version "2.43.1")
[quandiso:ro] [91/404] Building C object CMakeFiles/app.dir/mnt/host/source/src/platform/ec/build/zephyr/quandiso/modules/ec/common/motion_sense.c.obj
[npcx7:rw] [58/320] Building C object CMakeFiles/app.dir/mnt/host/source/src/platform/ec/build/zephyr/npcx7/modules/ec/common/timer.c.obj
[quandiso:ro] [92/404] Building C object CMakeFiles/app.dir/mnt/host/source/src/platform/ec/build/zephyr/quandiso/modules/ec/common/power_button.c.obj
[moonstone:rw] -- The C compiler identification is GNU 14.2.0
[/mnt/host/source/src/platform/ec/build/zephyr/skyrim-lcov]   /mnt/host/source/src/platform/ec/build/zephyr/skyrim/build-ro/zephyr/arch/arch/arm/core/mpu/CMakeFiles/arch__arm__core__mpu.dir/arm_mpu_regions.c.gcno:no functions found
[/mnt/host/source/src/platform/ec/build/zephyr/skyrim-lcov] stderr:
[quandiso:ro] [93/404] Building C object CMakeFiles/app.dir/mnt/host/source/src/platform/ec/build/zephyr/quandiso/modules/ec/power/hibernate.c.obj
[quandiso:rw] [70/404] Building C object CMakeFiles/app.dir/mnt/host/source/src/platform/ec/build/zephyr/quandiso/modules/ec/common/host_command_task.c.obj
[moonstone:rw] -- The CXX compiler identification is GNU 14.2.0
[quandiso:rw] [71/404] Building C object CMakeFiles/app.dir/mnt/host/source/src/platform/ec/build/zephyr/quandiso/modules/ec/common/host_event_commands.c.obj
[npcx7:rw] [59/320] Building C object CMakeFiles/app.dir/mnt/host/source/src/platform/ec/build/zephyr/npcx7/modules/ec/common/chargen.c.obj
[wyrdeer:rw] [58/379] Building C object CMakeFiles/app.dir/mnt/host/source/src/platform/ec/build/zephyr/wyrdeer/modules/ec/common/mkbp_fifo.c.obj
[moonstone:rw] -- The ASM compiler identification is GNU
[moonstone:rw] -- Found assembler: /home/jpmurphy/.cache/coreboot-sdk/riscv64-elf/96b949749225b6aaa92ed810ab769e8dfb12f000/bin/riscv64-elf-gcc
[wyrdeer:rw] [59/379] Building C object CMakeFiles/app.dir/mnt/host/source/src/platform/ec/build/zephyr/wyrdeer/modules/ec/common/keyboard_scan.c.obj
[quandiso:ro] [94/404] Building C object CMakeFiles/app.dir/mnt/host/source/src/platform/ec/build/zephyr/quandiso/modules/ec/driver/sha256/sha256_it8xxx2.c.obj
[wyrdeer:rw] [60/379] Building C object CMakeFiles/app.dir/mnt/host/source/src/platform/ec/build/zephyr/wyrdeer/modules/ec/common/mkbp_info.c.obj
[wyrdeer:rw] [61/379] Building C object CMakeFiles/app.dir/mnt/host/source/src/platform/ec/build/zephyr/wyrdeer/modules/ec/common/keyboard_mkbp.c.obj
[quandiso:ro] [95/404] Building C object CMakeFiles/app.dir/mnt/host/source/src/platform/ec/build/zephyr/quandiso/modules/ec/common/panic_output.c.obj
[/mnt/host/source/src/platform/ec/build/zephyr/skyrim-lcov]   /mnt/host/source/src/platform/ec/build/zephyr/skyrim/build-ro/zephyr/arch/common/CMakeFiles/isr_tables.dir/isr_tables.c.gcno:no functions found
[/mnt/host/source/src/platform/ec/build/zephyr/skyrim-lcov] stderr:
[quandiso:ro] [96/404] Building C object CMakeFiles/app.dir/mnt/host/source/src/platform/ec/build/zephyr/quandiso/modules/ec/common/shared_mem.c.obj
[npcx7:rw] [60/320] Building C object CMakeFiles/app.dir/mnt/host/source/src/platform/ec/build/zephyr/npcx7/modules/ec/common/vboot_hash.c.obj
[quandiso:ro] [97/404] Building C object CMakeFiles/app.dir/mnt/host/source/src/platform/ec/build/zephyr/quandiso/modules/ec/common/switch.c.obj
[quandiso:rw] [72/404] Building C object CMakeFiles/app.dir/mnt/host/source/src/platform/ec/build/zephyr/quandiso/modules/ec/common/uptime.c.obj
[npcx7:rw] [61/320] Building C object CMakeFiles/app.dir/mnt/host/source/src/platform/ec/build/zephyr/npcx7/modules/ec/common/rtc.c.obj
[wyrdeer:rw] [62/379] Building C object CMakeFiles/app.dir/mnt/host/source/src/platform/ec/build/zephyr/wyrdeer/modules/ec/common/mkbp_input_devices.c.obj
[quandiso:ro] [98/404] Building C object CMakeFiles/app.dir/mnt/host/source/src/platform/ec/build/zephyr/quandiso/modules/ec/common/tablet_mode.c.obj
[wyrdeer:rw] [63/379] Building C object CMakeFiles/app.dir/mnt/host/source/src/platform/ec/build/zephyr/wyrdeer/modules/ec/common/led_common.c.obj
[wyrdeer:rw] [64/379] Building C object CMakeFiles/app.dir/mnt/host/source/src/platform/ec/build/zephyr/wyrdeer/modules/ec/common/lid_switch.c.obj
[wyrdeer:rw] [65/379] Building C object CMakeFiles/app.dir/mnt/host/source/src/platform/ec/build/zephyr/wyrdeer/modules/ec/common/mkbp_event.c.obj
[npcx7:rw] [62/320] Building C object CMakeFiles/app.dir/mnt/host/source/src/platform/ec/build/zephyr/npcx7/modules/ec/common/math_util.c.obj
[quandiso:ro] [99/404] Building C object CMakeFiles/app.dir/mnt/host/source/src/platform/ec/build/zephyr/quandiso/modules/ec/common/thermal.c.obj
[quandiso:ro] [100/404] Building C object CMakeFiles/app.dir/mnt/host/source/src/platform/ec/build/zephyr/quandiso/modules/ec/common/temp_sensor.c.obj
[npcx7:rw] [63/320] Linking C static library app/libapp.a
[npcx7:rw] [64/320] Building C object zephyr/CMakeFiles/zephyr.dir/lib/libc/validate_libc.c.obj
[quandiso:ro] [101/404] Building C object CMakeFiles/app.dir/mnt/host/source/src/platform/ec/build/zephyr/quandiso/modules/ec/driver/temp_sensor/thermistor.c.obj
[quandiso:rw] [73/404] Building C object CMakeFiles/app.dir/mnt/host/source/src/platform/ec/build/zephyr/quandiso/modules/ec/common/uart_hostcmd.c.obj
[quandiso:rw] [74/404] Building C object CMakeFiles/app.dir/mnt/host/source/src/platform/ec/build/zephyr/quandiso/modules/ec/common/i2c_controller.c.obj
[quandiso:rw] [75/404] Building C object CMakeFiles/app.dir/mnt/host/source/src/platform/ec/build/zephyr/quandiso/modules/ec/common/i2c_passthru.c.obj
[wyrdeer:rw] [66/379] Building C object CMakeFiles/app.dir/mnt/host/source/src/platform/ec/build/zephyr/wyrdeer/modules/ec/common/power_button.c.obj
[wyrdeer:rw] [67/379] Building C object CMakeFiles/app.dir/mnt/host/source/src/platform/ec/build/zephyr/wyrdeer/modules/ec/common/motion_sense.c.obj
[quandiso:ro] [102/404] Building C object CMakeFiles/app.dir/mnt/host/source/src/platform/ec/build/zephyr/quandiso/modules/ec/common/throttle_ap.c.obj
[wyrdeer:rw] [68/379] Building C object CMakeFiles/app.dir/mnt/host/source/src/platform/ec/build/zephyr/wyrdeer/modules/ec/power/common.c.obj
[quandiso:ro] [103/404] Building C object CMakeFiles/app.dir/mnt/host/source/src/platform/ec/build/zephyr/quandiso/modules/ec/common/timer.c.obj
[npcx7:rw] [65/320] Building C object zephyr/CMakeFiles/zephyr.dir/lib/heap/heap.c.obj
[npcx7:rw] [66/320] Building C object zephyr/CMakeFiles/zephyr.dir/lib/os/cbprintf_packaged.c.obj
[wyrdeer:rw] [69/379] Building C object CMakeFiles/app.dir/mnt/host/source/src/platform/ec/build/zephyr/wyrdeer/modules/ec/power/host_sleep.c.obj
[quandiso:ro] [104/404] Building C object CMakeFiles/app.dir/mnt/host/source/src/platform/ec/build/zephyr/quandiso/modules/ec/common/usb_port_power_smart.c.obj
[quandiso:ro] [105/404] Building C object CMakeFiles/app.dir/mnt/host/source/src/platform/ec/build/zephyr/quandiso/modules/ec/common/typec_control.c.obj
[quandiso:rw] [76/404] Building C object CMakeFiles/app.dir/mnt/host/source/src/platform/ec/build/zephyr/quandiso/modules/ec/common/keyboard_scan.c.obj
[quandiso:rw] [77/404] Building C object CMakeFiles/app.dir/mnt/host/source/src/platform/ec/build/zephyr/quandiso/modules/ec/common/keyboard_8042.c.obj
[wyrdeer:rw] [70/379] Building C object CMakeFiles/app.dir/mnt/host/source/src/platform/ec/build/zephyr/wyrdeer/modules/ec/driver/sha256/sha256_it8xxx2.c.obj
[npcx7:rw] [67/320] Building C object zephyr/CMakeFiles/zephyr.dir/lib/os/clock.c.obj
[wyrdeer:rw] [71/379] Building C object CMakeFiles/app.dir/mnt/host/source/src/platform/ec/build/zephyr/wyrdeer/modules/ec/power/mt8186.c.obj
[wyrdeer:rw] [72/379] Building C object CMakeFiles/app.dir/mnt/host/source/src/platform/ec/build/zephyr/wyrdeer/modules/ec/common/panic_output.c.obj
[npcx7:rw] [68/320] Building C object zephyr/CMakeFiles/zephyr.dir/lib/os/printk.c.obj
[quandiso:ro] [106/404] Building C object CMakeFiles/app.dir/mnt/host/source/src/platform/ec/build/zephyr/quandiso/modules/ec/common/usb_common.c.obj
[quandiso:ro] [107/404] Building C object CMakeFiles/app.dir/mnt/host/source/src/platform/ec/build/zephyr/quandiso/modules/ec/common/usb_pd_pdo.c.obj
[wyrdeer:rw] [73/379] Building C object CMakeFiles/app.dir/mnt/host/source/src/platform/ec/build/zephyr/wyrdeer/modules/ec/common/shared_mem.c.obj
[quandiso:ro] [108/404] Building C object CMakeFiles/app.dir/mnt/host/source/src/platform/ec/build/zephyr/quandiso/modules/ec/common/usbc/usbc_task.c.obj
[quandiso:ro] [109/404] Building C object CMakeFiles/app.dir/mnt/host/source/src/platform/ec/build/zephyr/quandiso/modules/ec/common/usbc/usb_pd_timer.c.obj
[quandiso:rw] [78/404] Building C object CMakeFiles/app.dir/mnt/host/source/src/platform/ec/build/zephyr/quandiso/modules/ec/common/keyboard_8042_sharedlib.c.obj
[npcx7:rw] [69/320] Building C object zephyr/CMakeFiles/zephyr.dir/lib/os/sem.c.obj
[quandiso:rw] [79/404] Building C object CMakeFiles/app.dir/mnt/host/source/src/platform/ec/build/zephyr/quandiso/modules/ec/common/mkbp_fifo.c.obj
[npcx7:rw] [70/320] Building C object zephyr/CMakeFiles/zephyr.dir/lib/os/thread_entry.c.obj
[wyrdeer:rw] [74/379] Building C object CMakeFiles/app.dir/mnt/host/source/src/platform/ec/build/zephyr/wyrdeer/modules/ec/common/switch.c.obj
[wyrdeer:rw] [75/379] Building C object CMakeFiles/app.dir/mnt/host/source/src/platform/ec/build/zephyr/wyrdeer/modules/ec/common/thermal.c.obj
[wyrdeer:rw] [76/379] Building C object CMakeFiles/app.dir/mnt/host/source/src/platform/ec/build/zephyr/wyrdeer/modules/ec/driver/stm_mems_common.c.obj
[quandiso:ro] [110/404] Building C object CMakeFiles/app.dir/mnt/host/source/src/platform/ec/build/zephyr/quandiso/modules/ec/common/usbc_intr_task.c.obj
[quandiso:ro] [111/404] Building C object CMakeFiles/app.dir/mnt/host/source/src/platform/ec/build/zephyr/quandiso/modules/ec/common/usbc/usb_sm.c.obj
[wyrdeer:rw] [77/379] Building C object CMakeFiles/app.dir/mnt/host/source/src/platform/ec/build/zephyr/wyrdeer/modules/ec/common/temp_sensor.c.obj
[npcx7:rw] [71/320] Building C object zephyr/CMakeFiles/zephyr.dir/lib/os/cbprintf_nano.c.obj
[quandiso:ro] [112/404] Building C object CMakeFiles/app.dir/mnt/host/source/src/platform/ec/build/zephyr/quandiso/modules/ec/common/usbc_utils.c.obj
[quandiso:ro] [113/404] Building C object CMakeFiles/app.dir/mnt/host/source/src/platform/ec/build/zephyr/quandiso/modules/ec/common/usb_pd_flags.c.obj
[/mnt/host/source/src/platform/ec/build/zephyr/skyrim-lcov]   /mnt/host/source/src/platform/ec/build/zephyr/skyrim/build-ro/zephyr/CMakeFiles/zephyr.dir/subsys/shell/modules/kernel_service/kernel_shell.c.gcno:no functions found
[/mnt/host/source/src/platform/ec/build/zephyr/skyrim-lcov] stderr:
[npcx7:rw] [72/320] Building C object zephyr/CMakeFiles/zephyr.dir/lib/os/cbprintf.c.obj
[quandiso:rw] [80/404] Building C object CMakeFiles/app.dir/mnt/host/source/src/platform/ec/build/zephyr/quandiso/modules/ec/common/mkbp_info.c.obj
[wyrdeer:rw] [78/379] Building C object CMakeFiles/app.dir/mnt/host/source/src/platform/ec/build/zephyr/wyrdeer/modules/ec/common/timer.c.obj
[/mnt/host/source/src/platform/ec/build/zephyr/skyrim-lcov]   /mnt/host/source/src/platform/ec/build/zephyr/skyrim/build-ro/zephyr/CMakeFiles/zephyr.dir/lib/libc/validate_libc.c.gcno:no functions found
[/mnt/host/source/src/platform/ec/build/zephyr/skyrim-lcov] stderr:
[quandiso:rw] [81/404] Building C object CMakeFiles/app.dir/mnt/host/source/src/platform/ec/build/zephyr/quandiso/modules/ec/common/mkbp_input_devices.c.obj
[npcx7:rw] [73/320] Building C object zephyr/CMakeFiles/zephyr.dir/lib/utils/dec.c.obj
[wyrdeer:rw] [79/379] Building C object CMakeFiles/app.dir/mnt/host/source/src/platform/ec/build/zephyr/wyrdeer/modules/ec/driver/temp_sensor/thermistor.c.obj
[moonstone:rw] INFOSetting TOOLCHAIN_HAS_NEWLIB to support full build.
[moonstone:rw] CMake Warning at /mnt/host/source/src/platform/ec/zephyr/cmake/linker/ld/linker_libraries.cmake:11 (message):
[wyrdeer:rw] [80/379] Building C object CMakeFiles/app.dir/mnt/host/source/src/platform/ec/build/zephyr/wyrdeer/modules/ec/common/typec_control.c.obj
[quandiso:ro] [114/404] Building C object CMakeFiles/app.dir/mnt/host/source/src/platform/ec/build/zephyr/quandiso/modules/ec/common/chargen.c.obj
[npcx7:rw] [74/320] Building C object zephyr/CMakeFiles/zephyr.dir/lib/os/assert.c.obj
[npcx7:rw] [75/320] Building C object zephyr/CMakeFiles/zephyr.dir/lib/utils/hex.c.obj
[quandiso:ro] [115/404] Building C object CMakeFiles/app.dir/mnt/host/source/src/platform/ec/build/zephyr/quandiso/modules/ec/common/usbc/usb_pd_console.c.obj
[wyrdeer:rw] [81/379] Building C object CMakeFiles/app.dir/mnt/host/source/src/platform/ec/build/zephyr/wyrdeer/modules/ec/common/usb_common.c.obj
[quandiso:ro] [116/404] Building C object CMakeFiles/app.dir/mnt/host/source/src/platform/ec/build/zephyr/quandiso/modules/ec/driver/usb_mux/usb_mux.c.obj
[quandiso:ro] [117/404] Building C object CMakeFiles/app.dir/mnt/host/source/src/platform/ec/build/zephyr/quandiso/modules/ec/driver/usb_mux/virtual.c.obj
[npcx7:rw] [76/320] Building C object zephyr/CMakeFiles/zephyr.dir/lib/utils/timeutil.c.obj
[wyrdeer:rw] [82/379] Building C object CMakeFiles/app.dir/mnt/host/source/src/platform/ec/build/zephyr/wyrdeer/modules/ec/common/usb_pd_pdo.c.obj
[quandiso:rw] [82/404] Building C object CMakeFiles/app.dir/mnt/host/source/src/platform/ec/build/zephyr/quandiso/modules/ec/common/keyboard_backlight.c.obj
[npcx7:rw] [77/320] Building C object zephyr/CMakeFiles/zephyr.dir/lib/utils/rb.c.obj
[quandiso:rw] [83/404] Building C object CMakeFiles/app.dir/mnt/host/source/src/platform/ec/build/zephyr/quandiso/modules/ec/common/led_common.c.obj
[wyrdeer:rw] [83/379] Building C object CMakeFiles/app.dir/mnt/host/source/src/platform/ec/build/zephyr/wyrdeer/modules/ec/common/usbc/usbc_task.c.obj
[wyrdeer:rw] [84/379] Building C object CMakeFiles/app.dir/mnt/host/source/src/platform/ec/build/zephyr/wyrdeer/modules/ec/common/usbc/usb_pd_timer.c.obj
[npcx7:rw] [78/320] Building C object zephyr/CMakeFiles/zephyr.dir/lib/utils/bitmask.c.obj
[/mnt/host/source/src/platform/ec/build/zephyr/skyrim-lcov]   /mnt/host/source/src/platform/ec/build/zephyr/skyrim/build-ro/zephyr/CMakeFiles/zephyr.dir/lib/utils/last_section_id.c.gcno:no functions found
[/mnt/host/source/src/platform/ec/build/zephyr/skyrim-lcov] stderr:
[wyrdeer:rw] [85/379] Building C object CMakeFiles/app.dir/mnt/host/source/src/platform/ec/build/zephyr/wyrdeer/modules/ec/common/usbc/usb_sm.c.obj
[quandiso:ro] [118/404] Building C object CMakeFiles/app.dir/mnt/host/source/src/platform/ec/build/zephyr/quandiso/modules/ec/common/usbc/usb_tc_drp_acc_trysrc_sm.c.obj
[npcx7:rw] [79/320] Building C object zephyr/CMakeFiles/zephyr.dir/lib/utils/bitarray.c.obj
[quandiso:ro] [119/404] Building C object CMakeFiles/app.dir/mnt/host/source/src/platform/ec/build/zephyr/quandiso/modules/ec/common/usbc/usb_prl_sm.c.obj
[quandiso:ro] [120/404] Building C object CMakeFiles/app.dir/mnt/host/source/src/platform/ec/build/zephyr/quandiso/modules/ec/common/usbc/usb_pd_dpm.c.obj
[quandiso:rw] [84/404] Building C object CMakeFiles/app.dir/mnt/host/source/src/platform/ec/build/zephyr/quandiso/modules/ec/common/led_onoff_states.c.obj
[wyrdeer:rw] [86/379] Building C object CMakeFiles/app.dir/mnt/host/source/src/platform/ec/build/zephyr/wyrdeer/modules/ec/common/usbc_intr_task.c.obj
[npcx7:rw] [80/320] Building C object zephyr/CMakeFiles/zephyr.dir/lib/utils/getopt/getopt.c.obj
[wyrdeer:rw] [87/379] Building C object CMakeFiles/app.dir/mnt/host/source/src/platform/ec/build/zephyr/wyrdeer/modules/ec/common/usb_pd_flags.c.obj
[wyrdeer:rw] [88/379] Building C object CMakeFiles/app.dir/mnt/host/source/src/platform/ec/build/zephyr/wyrdeer/modules/ec/common/usbc_utils.c.obj
[quandiso:rw] [85/404] Building C object CMakeFiles/app.dir/mnt/host/source/src/platform/ec/build/zephyr/quandiso/modules/ec/common/motion_lid.c.obj
[/mnt/host/source/src/platform/ec/build/zephyr/brox-ish-ec-lcov]   /mnt/host/source/src/platform/ec/build/zephyr/brox-ish-ec/build-rw/zephyr/CMakeFiles/zephyr.dir/soc/ite/ec/it8xxx2/check_regs.c.gcno:no functions found
[/mnt/host/source/src/platform/ec/build/zephyr/brox-ish-ec-lcov] stderr:
[npcx7:rw] [81/320] Building C object zephyr/CMakeFiles/zephyr.dir/lib/utils/ring_buffer.c.obj
[npcx7:rw] [82/320] Building C object zephyr/CMakeFiles/zephyr.dir/lib/utils/getopt/getopt_common.c.obj
[quandiso:ro] [121/404] Building C object CMakeFiles/app.dir/mnt/host/source/src/platform/ec/build/zephyr/quandiso/modules/ec/common/usbc/usb_pe_drp_sm.c.obj
[wyrdeer:rw] [89/379] Building C object CMakeFiles/app.dir/mnt/host/source/src/platform/ec/build/zephyr/wyrdeer/modules/ec/common/chargen.c.obj
[npcx7:rw] [83/320] Building C object zephyr/CMakeFiles/zephyr.dir/lib/utils/last_section_id.c.obj
[quandiso:ro] [122/404] Building C object CMakeFiles/app.dir/mnt/host/source/src/platform/ec/build/zephyr/quandiso/modules/ec/common/usbc/usbc_pd_policy.c.obj
[npcx7:rw] [84/320] Building C object zephyr/CMakeFiles/zephyr.dir/misc/generated/configs.c.obj
[quandiso:ro] [123/404] Building C object CMakeFiles/app.dir/mnt/host/source/src/platform/ec/build/zephyr/quandiso/modules/ec/common/usbc/dp_alt_mode.c.obj
[quandiso:ro] [124/404] Building C object CMakeFiles/app.dir/mnt/host/source/src/platform/ec/build/zephyr/quandiso/modules/ec/common/usb_pd_console_cmd.c.obj
[quandiso:rw] [86/404] Building C object CMakeFiles/app.dir/mnt/host/source/src/platform/ec/build/zephyr/quandiso/modules/ec/common/lid_angle.c.obj
[wyrdeer:rw] [90/379] Building C object CMakeFiles/app.dir/mnt/host/source/src/platform/ec/build/zephyr/wyrdeer/modules/ec/common/usbc/usb_pd_console.c.obj
[wyrdeer:rw] [91/379] Building C object CMakeFiles/app.dir/mnt/host/source/src/platform/ec/build/zephyr/wyrdeer/modules/ec/driver/usb_mux/usb_mux.c.obj
[quandiso:rw] [87/404] Building C object CMakeFiles/app.dir/mnt/host/source/src/platform/ec/build/zephyr/quandiso/modules/ec/common/lid_angle_keyboard_policy.c.obj
[wyrdeer:rw] [92/379] Building C object CMakeFiles/app.dir/mnt/host/source/src/platform/ec/build/zephyr/wyrdeer/modules/ec/driver/usb_mux/it5205.c.obj
[moonstone:rw] -- Performing EC specific devicetree checks
[npcx7:rw] [85/320] Building C object zephyr/CMakeFiles/zephyr.dir/soc/nuvoton/npcx/common/power.c.obj
[npcx7:rw] [86/320] Building C object zephyr/CMakeFiles/zephyr.dir/soc/nuvoton/npcx/common/scfg.c.obj
[quandiso:ro] [125/404] Building C object CMakeFiles/app.dir/mnt/host/source/src/platform/ec/build/zephyr/quandiso/modules/ec/common/usb_pd_host_cmd.c.obj
[quandiso:ro] [126/404] Building C object CMakeFiles/app.dir/mnt/host/source/src/platform/ec/build/zephyr/quandiso/modules/ec/common/usbc/usb_pd_host.c.obj
[moonstone:rw]   Disabling c_library
[moonstone:rw] Call Stack (most recent call first):
[moonstone:rw]   /mnt/host/source/src/third_party/zephyr/main/cmake/target_toolchain_flags.cmake:48 (include)
[moonstone:rw]   /mnt/host/source/src/third_party/zephyr/main/cmake/modules/kernel.cmake:153 (include)
[wyrdeer:rw] [93/379] Building C object CMakeFiles/app.dir/mnt/host/source/src/platform/ec/build/zephyr/wyrdeer/modules/ec/driver/usb_mux/ps8743.c.obj
[moonstone:rw]   /mnt/host/source/src/third_party/zephyr/main/cmake/modules/zephyr_default.cmake:138 (include)
[moonstone:rw]   /mnt/host/source/src/third_party/zephyr/main/share/zephyr-package/cmake/ZephyrConfig.cmake:66 (include)
[moonstone:rw]   /mnt/host/source/src/third_party/zephyr/main/share/zephyr-package/cmake/ZephyrConfig.cmake:97 (include_boilerplate)
[moonstone:rw]   CMakeLists.txt:7 (find_package)
[moonstone:rw] INFOSetting c++_library to libstdc++ install path
[moonstone:rw] INFOSetting c_library to picolibc install path
[moonstone:rw] INFO: Verified 43 GPIOs, no duplicates found
[quandiso:ro] [127/404] Building C object CMakeFiles/app.dir/mnt/host/source/src/platform/ec/build/zephyr/quandiso/modules/ec/zephyr/shim/src/tcpc.c.obj
[moonstone:rw] -- Generating component manifest file
[quandiso:rw] [88/404] Building C object CMakeFiles/app.dir/mnt/host/source/src/platform/ec/build/zephyr/quandiso/modules/ec/common/lid_switch.c.obj
[quandiso:ro] [128/404] Building C object CMakeFiles/app.dir/mnt/host/source/src/platform/ec/build/zephyr/quandiso/modules/ec/common/usb_pd_host_cmd_common.c.obj
[npcx7:rw] [87/320] Building C object zephyr/CMakeFiles/zephyr.dir/soc/nuvoton/npcx/common/npcxn/registers.c.obj
[wyrdeer:rw] [94/379] Building C object CMakeFiles/app.dir/mnt/host/source/src/platform/ec/build/zephyr/wyrdeer/modules/ec/driver/usb_mux/virtual.c.obj
[npcx7:rw] [88/320] Building C object zephyr/CMakeFiles/zephyr.dir/soc/nuvoton/npcx/npcx7/soc.c.obj
[moonstone:rw] INFO: Verified 30 '*-gpios' properties, all flags match.
[moonstone:rw] INFO: Skipped 13 named-gpios children.
[moonstone:rw] INFO: Running CME, outputting to /mnt/host/source/src/platform/ec/build/zephyr/moonstone/build-rw/zephyr/component_manifest.json
[moonstone:rw] INFO: Project moonstone does not support SSFC
[moonstone:rw] INFO: No motionsense-sensor node found
[wyrdeer:rw] [95/379] Building C object CMakeFiles/app.dir/mnt/host/source/src/platform/ec/build/zephyr/wyrdeer/modules/ec/common/event_log.c.obj
[quandiso:rw] [89/404] Building C object CMakeFiles/app.dir/mnt/host/source/src/platform/ec/build/zephyr/quandiso/modules/ec/common/mkbp_event.c.obj
[wyrdeer:rw] [96/379] Building C object CMakeFiles/app.dir/mnt/host/source/src/platform/ec/build/zephyr/wyrdeer/modules/ec/common/dps.c.obj
[quandiso:ro] [129/404] Building C object CMakeFiles/app.dir/mnt/host/source/src/platform/ec/build/zephyr/quandiso/modules/ec/common/usbc/svdm_rsp_dfp_only.c.obj
[wyrdeer:rw] [97/379] Building C object CMakeFiles/app.dir/mnt/host/source/src/platform/ec/build/zephyr/wyrdeer/modules/ec/common/pd_log.c.obj
[npcx7:rw] [89/320] Building C object zephyr/CMakeFiles/zephyr.dir/soc/nuvoton/npcx/npcx7/mpu_regions.c.obj
[quandiso:ro] [130/404] Building C object CMakeFiles/app.dir/mnt/host/source/src/platform/ec/build/zephyr/quandiso/modules/ec/common/usbc_ocp.c.obj
[npcx7:rw] [90/320] Building C object zephyr/CMakeFiles/zephyr.dir/subsys/logging/log_minimal.c.obj
[quandiso:ro] [131/404] Building C object CMakeFiles/app.dir/mnt/host/source/src/platform/ec/build/zephyr/quandiso/modules/ec/common/usb_pd_discovery.c.obj
[quandiso:ro] [132/404] Building C object CMakeFiles/app.dir/mnt/host/source/src/platform/ec/build/zephyr/quandiso/modules/ec/common/usb_pd_dual_role.c.obj
[quandiso:rw] [90/404] Building C object CMakeFiles/app.dir/mnt/host/source/src/platform/ec/build/zephyr/quandiso/modules/ec/common/motion_sense.c.obj
[quandiso:rw] [91/404] Building C object CMakeFiles/app.dir/mnt/host/source/src/platform/ec/build/zephyr/quandiso/modules/ec/common/port80.c.obj
[wyrdeer:rw] [98/379] Building C object CMakeFiles/app.dir/mnt/host/source/src/platform/ec/build/zephyr/wyrdeer/modules/ec/common/usbc/usb_prl_sm.c.obj
[wyrdeer:rw] [99/379] Building C object CMakeFiles/app.dir/mnt/host/source/src/platform/ec/build/zephyr/wyrdeer/modules/ec/common/usbc/usb_tc_drp_acc_trysrc_sm.c.obj
[quandiso:ro] [133/404] Building C object CMakeFiles/app.dir/mnt/host/source/src/platform/ec/build/zephyr/quandiso/modules/ec/driver/tcpm/ps8xxx.c.obj
[npcx7:rw] [91/320] Building C object zephyr/CMakeFiles/zephyr.dir/subsys/mem_mgmt/mem_attr.c.obj
[quandiso:ro] [134/404] Building C object CMakeFiles/app.dir/mnt/host/source/src/platform/ec/build/zephyr/quandiso/modules/ec/driver/tcpm/ite_pd_intc.c.obj
[npcx7:rw] [92/320] Building C object zephyr/CMakeFiles/zephyr.dir/subsys/pm/pm.c.obj
[wyrdeer:rw] [100/379] Building C object CMakeFiles/app.dir/mnt/host/source/src/platform/ec/build/zephyr/wyrdeer/modules/ec/common/usbc/usb_pd_dpm.c.obj
[quandiso:ro] [135/404] Building C object CMakeFiles/app.dir/mnt/host/source/src/platform/ec/build/zephyr/quandiso/modules/ec/driver/tcpm/tcpci.c.obj
[wyrdeer:rw] [101/379] Building C object CMakeFiles/app.dir/mnt/host/source/src/platform/ec/build/zephyr/wyrdeer/modules/ec/common/usbc/usb_pe_drp_sm.c.obj
[quandiso:rw] [92/404] Building C object CMakeFiles/app.dir/mnt/host/source/src/platform/ec/build/zephyr/quandiso/modules/ec/common/power_button.c.obj
[npcx7:rw] [93/320] Building C object zephyr/CMakeFiles/zephyr.dir/subsys/pm/state.c.obj
[quandiso:ro] [136/404] Building C object CMakeFiles/app.dir/mnt/host/source/src/platform/ec/build/zephyr/quandiso/modules/ec/driver/tcpm/it8xxx2.c.obj
[quandiso:rw] [93/404] Building C object CMakeFiles/app.dir/mnt/host/source/src/platform/ec/build/zephyr/quandiso/modules/ec/power/hibernate.c.obj
[wyrdeer:rw] [102/379] Building C object CMakeFiles/app.dir/mnt/host/source/src/platform/ec/build/zephyr/wyrdeer/modules/ec/common/usbc/usbc_pd_policy.c.obj
[quandiso:ro] [137/404] Building C object CMakeFiles/app.dir/mnt/host/source/src/platform/ec/build/zephyr/quandiso/modules/ec/common/vboot_hash.c.obj
[wyrdeer:rw] [103/379] Building C object CMakeFiles/app.dir/mnt/host/source/src/platform/ec/build/zephyr/wyrdeer/modules/ec/common/usbc/dp_alt_mode.c.obj
[npcx7:rw] [94/320] Building C object zephyr/CMakeFiles/zephyr.dir/subsys/pm/policy/policy_events.c.obj
[quandiso:ro] [138/404] Building C object CMakeFiles/app.dir/mnt/host/source/src/platform/ec/build/zephyr/quandiso/modules/ec/common/button.c.obj
[npcx7:rw] [95/320] Building C object zephyr/CMakeFiles/zephyr.dir/subsys/pm/policy/policy_latency.c.obj
[wyrdeer:rw] [104/379] Building C object CMakeFiles/app.dir/mnt/host/source/src/platform/ec/build/zephyr/wyrdeer/modules/ec/common/usb_pd_console_cmd.c.obj
[wyrdeer:rw] [105/379] Building C object CMakeFiles/app.dir/mnt/host/source/src/platform/ec/build/zephyr/wyrdeer/modules/ec/common/usb_pd_host_cmd.c.obj
[moonstone:rw] -- warning_base_override: -Wall;-Wformat;-Wformat-security;-Wformat;-Wno-format-zero-length;-Wno-pointer-sign;-Wpointer-arith;-Wexpansion-to-defined
[moonstone:rw] The PW_ROOT environment variable is not set; using /mnt/host/source/src/platform/ec/build/zephyr/moonstone/modules/pigweed within CMake
[quandiso:ro] [139/404] Building C object CMakeFiles/app.dir/mnt/host/source/src/platform/ec/build/zephyr/quandiso/modules/ec/common/vboot/efs2.c.obj
[quandiso:rw] [94/404] Building C object CMakeFiles/app.dir/mnt/host/source/src/platform/ec/build/zephyr/quandiso/modules/ec/common/panic_output.c.obj
[quandiso:rw] [95/404] Building C object CMakeFiles/app.dir/mnt/host/source/src/platform/ec/build/zephyr/quandiso/modules/ec/driver/sha256/sha256_it8xxx2.c.obj
[quandiso:ro] [140/404] Building C object CMakeFiles/app.dir/mnt/host/source/src/platform/ec/build/zephyr/quandiso/modules/ec/common/vstore.c.obj
[quandiso:ro] [141/404] Building C object CMakeFiles/app.dir/mnt/host/source/src/platform/ec/build/zephyr/quandiso/modules/ec/common/math_util.c.obj
[npcx7:rw] [96/320] Building C object zephyr/CMakeFiles/zephyr.dir/subsys/pm/policy/policy_state_lock.c.obj
[wyrdeer:rw] [106/379] Building C object CMakeFiles/app.dir/mnt/host/source/src/platform/ec/build/zephyr/wyrdeer/modules/ec/common/usbc/usb_pd_host.c.obj
[wyrdeer:rw] [107/379] Building C object CMakeFiles/app.dir/mnt/host/source/src/platform/ec/build/zephyr/wyrdeer/modules/ec/zephyr/shim/src/tcpc.c.obj
[npcx7:rw] [97/320] Building C object zephyr/CMakeFiles/zephyr.dir/subsys/pm/device.c.obj
[quandiso:ro] [142/404] Building C object CMakeFiles/app.dir/src/common.c.obj
[wyrdeer:rw] [108/379] Building C object CMakeFiles/app.dir/mnt/host/source/src/platform/ec/build/zephyr/wyrdeer/modules/ec/common/usbc/svdm_rsp_dfp_only.c.obj
[wyrdeer:rw] [109/379] Building C object CMakeFiles/app.dir/mnt/host/source/src/platform/ec/build/zephyr/wyrdeer/modules/ec/common/usb_pd_host_cmd_common.c.obj
[quandiso:ro] [143/404] Building C object CMakeFiles/app.dir/src/board_power.c.obj
[quandiso:rw] [96/404] Building C object CMakeFiles/app.dir/mnt/host/source/src/platform/ec/build/zephyr/quandiso/modules/ec/common/switch.c.obj
[quandiso:rw] [97/404] Building C object CMakeFiles/app.dir/mnt/host/source/src/platform/ec/build/zephyr/quandiso/modules/ec/common/shared_mem.c.obj
[npcx7:rw] [98/320] Building C object zephyr/CMakeFiles/zephyr.dir/subsys/pm/device_system_managed.c.obj
[quandiso:ro] [144/404] Building C object CMakeFiles/app.dir/quandiso/src/sub_board.c.obj
[quandiso:ro] [145/404] Building C object CMakeFiles/app.dir/quandiso/src/board.c.obj
[wyrdeer:rw] [110/379] Building C object CMakeFiles/app.dir/mnt/host/source/src/platform/ec/build/zephyr/wyrdeer/modules/ec/common/usbc_ocp.c.obj
[npcx7:rw] [99/320] Building C object zephyr/CMakeFiles/zephyr.dir/subsys/testsuite/coverage/coverage.c.obj
[/mnt/host/source/src/platform/ec/build/zephyr/gwendolin-lcov] geninfo: WARNING: (inconsistent) "/usr/armv7m-cros-eabi/usr/include/c++/v1/optional":357: function _ZNSt3__123__optional_storage_baseINS_4spanIKhLj32EEELb0EEC2Ev end line 340 less than start line 357.  Cannot derive function end line.  See lcovrc man entry for 'derive_function_end_line'.
[wyrdeer:rw] [111/379] Building C object CMakeFiles/app.dir/mnt/host/source/src/platform/ec/build/zephyr/wyrdeer/modules/ec/common/usb_pd_discovery.c.obj
[/mnt/host/source/src/platform/ec/build/zephyr/brox-ish-ec-lcov]   /mnt/host/source/src/platform/ec/build/zephyr/brox-ish-ec/build-rw/zephyr/drivers/sensor/CMakeFiles/drivers__sensor.dir/mnt/host/source/src/third_party/zephyr/main/misc/empty_file.c.gcno:no functions found
[/mnt/host/source/src/platform/ec/build/zephyr/brox-ish-ec-lcov] Filter suppressions 'region':
[npcx7:rw] [100/320] Building C object zephyr/CMakeFiles/zephyr.dir/subsys/tracing/tracing_none.c.obj
[/mnt/host/source/src/platform/ec/build/zephyr/gwendolin-lcov] 	(use "geninfo --ignore-errors inconsistent,inconsistent ..." to suppress this warning)
[/mnt/host/source/src/platform/ec/build/zephyr/gwendolin-lcov] geninfo: WARNING: (inconsistent) "/usr/armv7m-cros-eabi/usr/include/c++/v1/optional":357: failed to set end line for function _ZNSt3__123__optional_storage_baseINS_4spanIKhLj32EEELb0EEC2Ev.
[/mnt/host/source/src/platform/ec/build/zephyr/gwendolin-lcov] 	(use "geninfo --ignore-errors inconsistent,inconsistent ..." to suppress this warning)
[/mnt/host/source/src/platform/ec/build/zephyr/gwendolin-lcov] geninfo: WARNING: (inconsistent) "/usr/armv7m-cros-eabi/usr/include/c++/v1/optional":360: function _ZNSt3__123__optional_storage_baseI28fp_elliptic_curve_public_keyLb0EECI2NS_24__optional_destruct_baseIS1_Lb1EEEIJS1_EEENS_10in_place_tEDpOT_ end line 340 less than start line 360.  Cannot derive function end line.
[/mnt/host/source/src/platform/ec/build/zephyr/gwendolin-lcov] 	(use "geninfo --ignore-errors inconsistent,inconsistent ..." to suppress this warning)
[/mnt/host/source/src/platform/ec/build/zephyr/gwendolin-lcov] geninfo: WARNING: (inconsistent) "/usr/armv7m-cros-eabi/usr/include/c++/v1/optional":360: failed to set end line for function _ZNSt3__123__optional_storage_baseI28fp_elliptic_curve_public_keyLb0EECI2NS_24__optional_destruct_baseIS1_Lb1EEEIJS1_EEENS_10in_place_tEDpOT_.
[/mnt/host/source/src/platform/ec/build/zephyr/gwendolin-lcov] 	(use "geninfo --ignore-errors inconsistent,inconsistent ..." to suppress this warning)
[/mnt/host/source/src/platform/ec/build/zephyr/gwendolin-lcov] geninfo: WARNING: (inconsistent) "/usr/armv7m-cros-eabi/usr/include/c++/v1/optional":469: function _ZNSt3__120__optional_copy_baseINS_4spanIKhLj32EEELb1EEC2Ev end line 374 less than start line 469.  Cannot derive function end line.
[/mnt/host/source/src/platform/ec/build/zephyr/gwendolin-lcov] 	(use "geninfo --ignore-errors inconsistent,inconsistent ..." to suppress this warning)
[/mnt/host/source/src/platform/ec/build/zephyr/gwendolin-lcov] geninfo: WARNING: (inconsistent) "/usr/armv7m-cros-eabi/usr/include/c++/v1/optional":469: failed to set end line for function _ZNSt3__120__optional_copy_baseINS_4spanIKhLj32EEELb1EEC2Ev.
[/mnt/host/source/src/platform/ec/build/zephyr/gwendolin-lcov] 	(use "geninfo --ignore-errors inconsistent,inconsistent ..." to suppress this warning)
[/mnt/host/source/src/platform/ec/build/zephyr/gwendolin-lcov] geninfo: WARNING: (inconsistent) "/usr/armv7m-cros-eabi/usr/include/c++/v1/optional":470: function _ZNSt3__120__optional_copy_baseI28fp_elliptic_curve_public_keyLb1EECI2NS_24__optional_destruct_baseIS1_Lb1EEEIJS1_EEENS_10in_place_tEDpOT_ end line 374 less than start line 470.  Cannot derive function end line.
[/mnt/host/source/src/platform/ec/build/zephyr/gwendolin-lcov] 	(use "geninfo --ignore-errors inconsistent,inconsistent ..." to suppress this warning)
[/mnt/host/source/src/platform/ec/build/zephyr/gwendolin-lcov] geninfo: WARNING: (inconsistent) "/usr/armv7m-cros-eabi/usr/include/c++/v1/optional":470: failed to set end line for function _ZNSt3__120__optional_copy_baseI28fp_elliptic_curve_public_keyLb1EECI2NS_24__optional_destruct_baseIS1_Lb1EEEIJS1_EEENS_10in_place_tEDpOT_.
[/mnt/host/source/src/platform/ec/build/zephyr/gwendolin-lcov] 	(use "geninfo --ignore-errors inconsistent,inconsistent ..." to suppress this warning)
[/mnt/host/source/src/platform/ec/build/zephyr/gwendolin-lcov] geninfo: WARNING: (inconsistent) "/usr/armv7m-cros-eabi/usr/include/c++/v1/optional":489: function _ZNSt3__120__optional_move_baseINS_4spanIKhLj32EEELb1EEC2Ev end line 374 less than start line 489.  Cannot derive function end line.
[/mnt/host/source/src/platform/ec/build/zephyr/gwendolin-lcov] 	(use "geninfo --ignore-errors inconsistent,inconsistent ..." to suppress this warning)
[/mnt/host/source/src/platform/ec/build/zephyr/gwendolin-lcov] geninfo: WARNING: (inconsistent) "/usr/armv7m-cros-eabi/usr/include/c++/v1/optional":489: failed to set end line for function _ZNSt3__120__optional_move_baseINS_4spanIKhLj32EEELb1EEC2Ev.
[/mnt/host/source/src/platform/ec/build/zephyr/gwendolin-lcov] 	(use "geninfo --ignore-errors inconsistent,inconsistent ..." to suppress this warning)
[/mnt/host/source/src/platform/ec/build/zephyr/gwendolin-lcov] geninfo: WARNING: (inconsistent) "/usr/armv7m-cros-eabi/usr/include/c++/v1/optional":490: function _ZNSt3__120__optional_move_baseI28fp_elliptic_curve_public_keyLb1EECI2NS_24__optional_destruct_baseIS1_Lb1EEEIJS1_EEENS_10in_place_tEDpOT_ end line 374 less than start line 490.  Cannot derive function end line.
[/mnt/host/source/src/platform/ec/build/zephyr/gwendolin-lcov] 	(use "geninfo --ignore-errors inconsistent,inconsistent ..." to suppress this warning)
[/mnt/host/source/src/platform/ec/build/zephyr/gwendolin-lcov] geninfo: WARNING: (inconsistent) "/usr/armv7m-cros-eabi/usr/include/c++/v1/optional":490: failed to set end line for function _ZNSt3__120__optional_move_baseI28fp_elliptic_curve_public_keyLb1EECI2NS_24__optional_destruct_baseIS1_Lb1EEEIJS1_EEENS_10in_place_tEDpOT_.
[/mnt/host/source/src/platform/ec/build/zephyr/gwendolin-lcov] 	(use "geninfo --ignore-errors inconsistent,inconsistent ..." to suppress this warning)
[/mnt/host/source/src/platform/ec/build/zephyr/gwendolin-lcov] geninfo: WARNING: (inconsistent) "/usr/armv7m-cros-eabi/usr/include/c++/v1/optional":513: function _ZNSt3__127__optional_copy_assign_baseINS_4spanIKhLj32EEELb1EEC2Ev end line 374 less than start line 513.  Cannot derive function end line.
[/mnt/host/source/src/platform/ec/build/zephyr/gwendolin-lcov] 	(use "geninfo --ignore-errors inconsistent,inconsistent ..." to suppress this warning)
[/mnt/host/source/src/platform/ec/build/zephyr/gwendolin-lcov] geninfo: WARNING: (inconsistent) "/usr/armv7m-cros-eabi/usr/include/c++/v1/optional":513: failed to set end line for function _ZNSt3__127__optional_copy_assign_baseINS_4spanIKhLj32EEELb1EEC2Ev.
[/mnt/host/source/src/platform/ec/build/zephyr/gwendolin-lcov] 	(use "geninfo --ignore-errors inconsistent,inconsistent ..." to suppress this warning)
[/mnt/host/source/src/platform/ec/build/zephyr/gwendolin-lcov] geninfo: WARNING: (inconsistent) "/usr/armv7m-cros-eabi/usr/include/c++/v1/optional":514: function _ZNSt3__127__optional_copy_assign_baseI28fp_elliptic_curve_public_keyLb1EECI2NS_24__optional_destruct_baseIS1_Lb1EEEIJS1_EEENS_10in_place_tEDpOT_ end line 374 less than start line 514.  Cannot derive function end line.
[/mnt/host/source/src/platform/ec/build/zephyr/gwendolin-lcov] 	(use "geninfo --ignore-errors inconsistent,inconsistent ..." to suppress this warning)
[/mnt/host/source/src/platform/ec/build/zephyr/gwendolin-lcov] geninfo: WARNING: (inconsistent) "/usr/armv7m-cros-eabi/usr/include/c++/v1/optional":514: failed to set end line for function _ZNSt3__127__optional_copy_assign_baseI28fp_elliptic_curve_public_keyLb1EECI2NS_24__optional_destruct_baseIS1_Lb1EEEIJS1_EEENS_10in_place_tEDpOT_.
[/mnt/host/source/src/platform/ec/build/zephyr/gwendolin-lcov] 	(use "geninfo --ignore-errors inconsistent,inconsistent ..." to suppress this warning)
[/mnt/host/source/src/platform/ec/build/zephyr/gwendolin-lcov] geninfo: WARNING: (inconsistent) "/usr/armv7m-cros-eabi/usr/include/c++/v1/optional":537: function _ZNSt3__127__optional_move_assign_baseINS_4spanIKhLj32EEELb1EEC2Ev end line 374 less than start line 537.  Cannot derive function end line.
[/mnt/host/source/src/platform/ec/build/zephyr/gwendolin-lcov] 	(use "geninfo --ignore-errors inconsistent,inconsistent ..." to suppress this warning)
[/mnt/host/source/src/platform/ec/build/zephyr/gwendolin-lcov] geninfo: WARNING: (inconsistent) "/usr/armv7m-cros-eabi/usr/include/c++/v1/optional":537: failed to set end line for function _ZNSt3__127__optional_move_assign_baseINS_4spanIKhLj32EEELb1EEC2Ev.
[/mnt/host/source/src/platform/ec/build/zephyr/gwendolin-lcov] 	(use "geninfo --ignore-errors inconsistent,inconsistent ..." to suppress this warning)
[/mnt/host/source/src/platform/ec/build/zephyr/gwendolin-lcov] geninfo: WARNING: (inconsistent) "/usr/armv7m-cros-eabi/usr/include/c++/v1/optional":538: function _ZNSt3__127__optional_move_assign_baseI28fp_elliptic_curve_public_keyLb1EECI2NS_24__optional_destruct_baseIS1_Lb1EEEIJS1_EEENS_10in_place_tEDpOT_ end line 374 less than start line 538.  Cannot derive function end line.
[/mnt/host/source/src/platform/ec/build/zephyr/gwendolin-lcov] 	(use "geninfo --ignore-errors inconsistent,inconsistent ..." to suppress this warning)
[/mnt/host/source/src/platform/ec/build/zephyr/gwendolin-lcov] geninfo: WARNING: (inconsistent) "/usr/armv7m-cros-eabi/usr/include/c++/v1/optional":538: failed to set end line for function _ZNSt3__127__optional_move_assign_baseI28fp_elliptic_curve_public_keyLb1EECI2NS_24__optional_destruct_baseIS1_Lb1EEEIJS1_EEENS_10in_place_tEDpOT_.
[/mnt/host/source/src/platform/ec/build/zephyr/gwendolin-lcov] 	(use "geninfo --ignore-errors inconsistent,inconsistent ..." to suppress this warning)
[/mnt/host/source/src/platform/ec/build/zephyr/gwendolin-lcov] Filter suppressions 'region':
[/mnt/host/source/src/platform/ec/build/zephyr/gwendolin-lcov]     25 instances
[/mnt/host/source/src/platform/ec/build/zephyr/gwendolin-lcov]     8 coverpoints
[/mnt/host/source/src/platform/ec/build/zephyr/gwendolin-lcov] Message summary:
[/mnt/host/source/src/platform/ec/build/zephyr/gwendolin-lcov]   20 warning messages:
[/mnt/host/source/src/platform/ec/build/zephyr/gwendolin-lcov]     inconsistent: 20
[/mnt/host/source/src/platform/ec/build/zephyr/gwendolin-lcov]   17 ignore messages:
[/mnt/host/source/src/platform/ec/build/zephyr/gwendolin-lcov]     gcov: 17
[/mnt/host/source/src/platform/ec/build/zephyr/brox-ish-ec-lcov]     35 instances
[/mnt/host/source/src/platform/ec/build/zephyr/brox-ish-ec-lcov]     26 coverpoints
[/mnt/host/source/src/platform/ec/build/zephyr/brox-ish-ec-lcov] Message summary:
[/mnt/host/source/src/platform/ec/build/zephyr/brox-ish-ec-lcov]   1 warning message:
[/mnt/host/source/src/platform/ec/build/zephyr/brox-ish-ec-lcov]     format: 1
[/mnt/host/source/src/platform/ec/build/zephyr/brox-ish-ec-lcov]   26 ignore messages:
[/mnt/host/source/src/platform/ec/build/zephyr/brox-ish-ec-lcov]     gcov: 26
[quandiso:ro] [146/404] Building C object CMakeFiles/app.dir/quandiso/src/keyboard.c.obj
[wyrdeer:rw] [112/379] Building C object CMakeFiles/app.dir/mnt/host/source/src/platform/ec/build/zephyr/wyrdeer/modules/ec/common/usb_pd_dual_role.c.obj
[wyrdeer:rw] [113/379] Building C object CMakeFiles/app.dir/mnt/host/source/src/platform/ec/build/zephyr/wyrdeer/modules/ec/common/usbc/dp_hpd_gpio.c.obj
[quandiso:ro] [147/404] Building C object CMakeFiles/app.dir/quandiso/src/led.c.obj
[quandiso:rw] [98/404] Building C object CMakeFiles/app.dir/mnt/host/source/src/platform/ec/build/zephyr/quandiso/modules/ec/common/thermal.c.obj
[quandiso:rw] [99/404] Building C object CMakeFiles/app.dir/mnt/host/source/src/platform/ec/build/zephyr/quandiso/modules/ec/common/tablet_mode.c.obj
[quandiso:ro] [148/404] Building C object CMakeFiles/app.dir/quandiso/src/thermal.c.obj
[quandiso:ro] [149/404] Building C object CMakeFiles/app.dir/quandiso/src/charger.c.obj
[npcx7:rw] [101/320] Building C object zephyr/CMakeFiles/zephyr.dir/subsys/tracing/user/tracing_user.c.obj
[npcx7:rw] [102/320] Building C object zephyr/CMakeFiles/zephyr.dir/subsys/shell/modules/kernel_service/kernel_shell.c.obj
[npcx7:rw] [103/320] Building C object zephyr/CMakeFiles/zephyr.dir/subsys/shell/modules/kernel_service/cycles.c.obj
[wyrdeer:rw] [114/379] Building C object CMakeFiles/app.dir/mnt/host/source/src/platform/ec/build/zephyr/wyrdeer/modules/ec/driver/tcpm/tcpci.c.obj
[wyrdeer:rw] [115/379] Building C object CMakeFiles/app.dir/mnt/host/source/src/platform/ec/build/zephyr/wyrdeer/modules/ec/driver/tcpm/ite_pd_intc.c.obj
[quandiso:rw] [100/404] Building C object CMakeFiles/app.dir/mnt/host/source/src/platform/ec/build/zephyr/quandiso/modules/ec/common/temp_sensor.c.obj
[quandiso:ro] [150/404] Building C object CMakeFiles/app.dir/quandiso/src/fan.c.obj
[quandiso:ro] [151/404] Building C object zephyr/CMakeFiles/zephyr.dir/lib/libc/validate_libc.c.obj
[wyrdeer:rw] [116/379] Building C object CMakeFiles/app.dir/mnt/host/source/src/platform/ec/build/zephyr/wyrdeer/modules/ec/driver/tcpm/it8xxx2.c.obj
[quandiso:ro] [152/404] Building C object CMakeFiles/app.dir/quandiso/src/usbc.c.obj
[wyrdeer:rw] [117/379] Building C object CMakeFiles/app.dir/mnt/host/source/src/platform/ec/build/zephyr/wyrdeer/modules/ec/common/usbc_ppc.c.obj
[quandiso:ro] [153/404] Building C object zephyr/CMakeFiles/zephyr.dir/lib/heap/heap.c.obj
[quandiso:rw] [101/404] Building C object CMakeFiles/app.dir/mnt/host/source/src/platform/ec/build/zephyr/quandiso/modules/ec/common/throttle_ap.c.obj
[quandiso:rw] [102/404] Building C object CMakeFiles/app.dir/mnt/host/source/src/platform/ec/build/zephyr/quandiso/modules/ec/driver/temp_sensor/thermistor.c.obj
[npcx7:rw] [104/320] Building C object zephyr/CMakeFiles/zephyr.dir/subsys/shell/modules/kernel_service/sleep.c.obj
[npcx7:rw] [105/320] Building C object zephyr/CMakeFiles/zephyr.dir/subsys/shell/modules/kernel_service/uptime.c.obj
[npcx7:rw] [106/320] Building C object zephyr/CMakeFiles/zephyr.dir/subsys/shell/modules/kernel_service/version.c.obj
[quandiso:ro] [154/404] Linking C static library app/libapp.a
[wyrdeer:rw] [118/379] Building C object CMakeFiles/app.dir/mnt/host/source/src/platform/ec/build/zephyr/wyrdeer/modules/ec/common/vboot_hash.c.obj
[wyrdeer:rw] [119/379] Building C object CMakeFiles/app.dir/mnt/host/source/src/platform/ec/build/zephyr/wyrdeer/modules/ec/driver/ppc/syv682x.c.obj
[quandiso:ro] [155/404] Building C object zephyr/CMakeFiles/zephyr.dir/lib/os/cbprintf_packaged.c.obj
[/mnt/host/source/src/platform/ec/build/zephyr/skyrim-lcov]   /mnt/host/source/src/platform/ec/build/zephyr/skyrim/build-ro/zephyr/CMakeFiles/zephyr.dir/soc/nuvoton/npcx/common/npcxn/registers.c.gcno:no functions found
[/mnt/host/source/src/platform/ec/build/zephyr/skyrim-lcov] stderr:
[quandiso:rw] [103/404] Building C object CMakeFiles/app.dir/mnt/host/source/src/platform/ec/build/zephyr/quandiso/modules/ec/common/timer.c.obj
[quandiso:ro] [156/404] Building C object zephyr/CMakeFiles/zephyr.dir/lib/os/clock.c.obj
[npcx7:rw] [107/320] Building C object zephyr/CMakeFiles/zephyr.dir/subsys/shell/modules/kernel_service/thread/list.c.obj
[quandiso:ro] [157/404] Building C object zephyr/CMakeFiles/zephyr.dir/lib/os/printk.c.obj
[quandiso:ro] [158/404] Building C object zephyr/CMakeFiles/zephyr.dir/lib/os/sem.c.obj
[wyrdeer:rw] [120/379] Building C object CMakeFiles/app.dir/mnt/host/source/src/platform/ec/build/zephyr/wyrdeer/modules/ec/common/vboot/efs2.c.obj
[wyrdeer:rw] [121/379] Building C object CMakeFiles/app.dir/mnt/host/source/src/platform/ec/build/zephyr/wyrdeer/modules/ec/common/button.c.obj
[npcx7:rw] [108/320] Building C object zephyr/CMakeFiles/zephyr.dir/subsys/shell/modules/kernel_service/thread/stacks.c.obj
[npcx7:rw] [109/320] Building C object zephyr/CMakeFiles/zephyr.dir/subsys/shell/modules/kernel_service/thread/thread.c.obj
[quandiso:rw] [104/404] Building C object CMakeFiles/app.dir/mnt/host/source/src/platform/ec/build/zephyr/quandiso/modules/ec/common/typec_control.c.obj
[quandiso:ro] [159/404] Building C object zephyr/CMakeFiles/zephyr.dir/lib/os/thread_entry.c.obj
[quandiso:rw] [105/404] Building C object CMakeFiles/app.dir/mnt/host/source/src/platform/ec/build/zephyr/quandiso/modules/ec/common/usb_port_power_smart.c.obj
[wyrdeer:rw] [122/379] Building C object CMakeFiles/app.dir/mnt/host/source/src/platform/ec/build/zephyr/wyrdeer/modules/ec/common/math_util.c.obj
[moonstone:rw] -- Found gen_kobject_list: /mnt/host/source/src/third_party/zephyr/main/scripts/build/gen_kobject_list.py
[moonstone:rw] CMake Warning at /mnt/host/source/src/third_party/zephyr/main/CMakeLists.txt:1134 (message):
[moonstone:rw]   No SOURCES given to Zephyr library: drivers__syscon
[moonstone:rw]   Excluding target from build.
[wyrdeer:rw] [123/379] Building C object CMakeFiles/app.dir/mnt/host/source/src/platform/ec/build/zephyr/wyrdeer/modules/ec/common/vstore.c.obj
[moonstone:rw] CMake Warning at /mnt/host/source/src/third_party/zephyr/main/CMakeLists.txt:2359 (message):
[moonstone:rw]   __ASSERT() statements are globally ENABLED
[quandiso:ro] [160/404] Building C object zephyr/CMakeFiles/zephyr.dir/lib/os/cbprintf_nano.c.obj
[quandiso:ro] [161/404] Building C object zephyr/CMakeFiles/zephyr.dir/lib/utils/dec.c.obj
[quandiso:ro] [162/404] Building C object zephyr/CMakeFiles/zephyr.dir/lib/os/cbprintf.c.obj
[quandiso:ro] [163/404] Building C object zephyr/CMakeFiles/zephyr.dir/lib/utils/hex.c.obj
[quandiso:ro] [164/404] Building C object zephyr/CMakeFiles/zephyr.dir/lib/os/assert.c.obj
[npcx7:rw] [110/320] Building C object zephyr/CMakeFiles/zephyr.dir/subsys/shell/modules/kernel_service/thread/suspend.c.obj
[moonstone:rw] -- Configuring done (29.1s)
[quandiso:rw] [106/404] Building C object CMakeFiles/app.dir/mnt/host/source/src/platform/ec/build/zephyr/quandiso/modules/ec/common/usb_common.c.obj
[npcx7:rw] [111/320] Building C object zephyr/CMakeFiles/zephyr.dir/subsys/shell/modules/kernel_service/thread/resume.c.obj
[npcx7:rw] [112/320] Building C object zephyr/CMakeFiles/zephyr.dir/subsys/shell/modules/kernel_service/thread/kill.c.obj
[wyrdeer:rw] [124/379] Building C object CMakeFiles/app.dir/src/hibernate.c.obj
[wyrdeer:rw] [125/379] Building C object CMakeFiles/app.dir/src/board.c.obj
[quandiso:ro] [165/404] Building C object zephyr/CMakeFiles/zephyr.dir/lib/utils/timeutil.c.obj
[quandiso:rw] [107/404] Building C object CMakeFiles/app.dir/mnt/host/source/src/platform/ec/build/zephyr/quandiso/modules/ec/common/usb_pd_pdo.c.obj
[quandiso:ro] [166/404] Building C object zephyr/CMakeFiles/zephyr.dir/lib/utils/bitmask.c.obj
[quandiso:ro] [167/404] Building C object zephyr/CMakeFiles/zephyr.dir/lib/utils/rb.c.obj
[quandiso:ro] [168/404] Building C object zephyr/CMakeFiles/zephyr.dir/lib/utils/bitarray.c.obj
[quandiso:rw] [108/404] Building C object CMakeFiles/app.dir/mnt/host/source/src/platform/ec/build/zephyr/quandiso/modules/ec/common/usbc/usbc_task.c.obj
[wyrdeer:rw] [126/379] Building C object CMakeFiles/app.dir/src/usb_pd_policy.c.obj
[wyrdeer:rw] [127/379] Building C object CMakeFiles/app.dir/src/usbc.c.obj
[npcx7:rw] [113/320] Building C object zephyr/CMakeFiles/zephyr.dir/subsys/shell/modules/device_service.c.obj
[quandiso:ro] [169/404] Building C object zephyr/CMakeFiles/zephyr.dir/lib/utils/ring_buffer.c.obj
[npcx7:rw] [114/320] Building C object zephyr/CMakeFiles/zephyr.dir/subsys/shell/modules/devmem_service.c.obj
[quandiso:ro] [170/404] Building C object zephyr/CMakeFiles/zephyr.dir/lib/utils/last_section_id.c.obj
[quandiso:ro] [171/404] Building C object zephyr/CMakeFiles/zephyr.dir/lib/utils/getopt/getopt.c.obj
[npcx7:rw] [115/320] Building C object zephyr/CMakeFiles/zephyr.dir/subsys/shell/modules/date_service.c.obj
[wyrdeer:rw] [128/379] Building C object CMakeFiles/app.dir/src/board_chipset.c.obj
[quandiso:ro] [172/404] Building C object zephyr/CMakeFiles/zephyr.dir/misc/generated/configs.c.obj
[quandiso:ro] [173/404] Building C object zephyr/CMakeFiles/zephyr.dir/lib/utils/getopt/getopt_common.c.obj
[quandiso:rw] [109/404] Building C object CMakeFiles/app.dir/mnt/host/source/src/platform/ec/build/zephyr/quandiso/modules/ec/common/usbc/usb_pd_timer.c.obj
[quandiso:ro] [174/404] Building ASM object zephyr/CMakeFiles/zephyr.dir/soc/ite/ec/common/soc_irq.S.obj
[wyrdeer:rw] [129/379] Building C object CMakeFiles/app.dir/src/ite_hooks.c.obj
[quandiso:rw] [110/404] Building C object CMakeFiles/app.dir/mnt/host/source/src/platform/ec/build/zephyr/quandiso/modules/ec/common/usbc/usb_sm.c.obj
[wyrdeer:rw] [130/379] Building C object CMakeFiles/app.dir/src/ite_i2c.c.obj
[quandiso:ro] [175/404] Building C object zephyr/CMakeFiles/zephyr.dir/soc/ite/ec/common/soc_common_irq.c.obj
[quandiso:rw] [111/404] Building C object CMakeFiles/app.dir/mnt/host/source/src/platform/ec/build/zephyr/quandiso/modules/ec/common/usbc_intr_task.c.obj
[npcx7:rw] [116/320] Building C object zephyr/CMakeFiles/zephyr.dir/subsys/shell/shell_fprintf.c.obj
[quandiso:ro] [176/404] Building C object zephyr/CMakeFiles/zephyr.dir/soc/ite/ec/common/policy.c.obj
[quandiso:ro] [177/404] Building C object zephyr/CMakeFiles/zephyr.dir/soc/ite/ec/common/power.c.obj
[npcx7:rw] [117/320] Building C object zephyr/CMakeFiles/zephyr.dir/subsys/shell/backends/shell_uart.c.obj
[wyrdeer:rw] [131/379] Building C object CMakeFiles/app.dir/src/ite_usb_pd_policy.c.obj
[quandiso:ro] [178/404] Building ASM object zephyr/CMakeFiles/zephyr.dir/soc/ite/ec/it8xxx2/__arithmetic.S.obj
[quandiso:ro] [179/404] Building C object zephyr/CMakeFiles/zephyr.dir/soc/ite/ec/it8xxx2/soc.c.obj
[npcx7:rw] [118/320] Building C object zephyr/CMakeFiles/zephyr.dir/subsys/shell/shell.c.obj
[quandiso:rw] [112/404] Building C object CMakeFiles/app.dir/mnt/host/source/src/platform/ec/build/zephyr/quandiso/modules/ec/common/usb_pd_flags.c.obj
[quandiso:rw] [113/404] Building C object CMakeFiles/app.dir/mnt/host/source/src/platform/ec/build/zephyr/quandiso/modules/ec/common/usbc_utils.c.obj
[wyrdeer:rw] [132/379] Building C object CMakeFiles/app.dir/src/ite_usbc.c.obj
[quandiso:ro] [180/404] Building C object zephyr/CMakeFiles/zephyr.dir/soc/ite/ec/it8xxx2/check_regs.c.obj
[wyrdeer:rw] [133/379] Building C object CMakeFiles/app.dir/wyrdeer/src/base_detect.c.obj
[quandiso:ro] [181/404] Building ASM object zephyr/CMakeFiles/zephyr.dir/soc/ite/ec/it8xxx2/vector.S.obj
[npcx7:rw] [119/320] Building C object zephyr/CMakeFiles/zephyr.dir/subsys/shell/shell_utils.c.obj
[wyrdeer:rw] [134/379] Building C object CMakeFiles/app.dir/wyrdeer/src/ppc.c.obj
[quandiso:ro] [182/404] Building C object zephyr/CMakeFiles/zephyr.dir/subsys/logging/log_minimal.c.obj
[npcx7:rw] [120/320] Building C object zephyr/CMakeFiles/zephyr.dir/subsys/shell/shell_ops.c.obj
[quandiso:ro] [183/404] Building C object zephyr/CMakeFiles/zephyr.dir/subsys/pm/state.c.obj
[quandiso:ro] [184/404] Building C object zephyr/CMakeFiles/zephyr.dir/soc/ite/ec/it8xxx2/ilm.c.obj
[quandiso:rw] [114/404] Building C object CMakeFiles/app.dir/mnt/host/source/src/platform/ec/build/zephyr/quandiso/modules/ec/common/chargen.c.obj
[npcx7:rw] [121/320] Building C object zephyr/CMakeFiles/zephyr.dir/subsys/shell/shell_help.c.obj
[quandiso:rw] [115/404] Building C object CMakeFiles/app.dir/mnt/host/source/src/platform/ec/build/zephyr/quandiso/modules/ec/common/usbc/usb_pd_console.c.obj
[quandiso:ro] [185/404] Building C object zephyr/CMakeFiles/zephyr.dir/subsys/pm/pm.c.obj
[wyrdeer:rw] [135/379] Building C object CMakeFiles/app.dir/wyrdeer/src/thermal.c.obj
[quandiso:rw] [116/404] Building C object CMakeFiles/app.dir/mnt/host/source/src/platform/ec/build/zephyr/quandiso/modules/ec/driver/usb_mux/usb_mux.c.obj
[wyrdeer:rw] [136/379] Building C object CMakeFiles/app.dir/wyrdeer/src/lcd.c.obj
[wyrdeer:rw] [137/379] Building C object CMakeFiles/app.dir/wyrdeer/src/alt_motionsense.c.obj
[npcx7:rw] [122/320] Building C object zephyr/CMakeFiles/zephyr.dir/subsys/shell/shell_cmds.c.obj
[wyrdeer:rw] [138/379] Building C object zephyr/CMakeFiles/zephyr.dir/lib/libc/validate_libc.c.obj
[quandiso:ro] [186/404] Building C object zephyr/CMakeFiles/zephyr.dir/subsys/pm/policy/policy_events.c.obj
[npcx7:rw] [123/320] Building C object zephyr/CMakeFiles/zephyr.dir/subsys/shell/shell_history.c.obj
[quandiso:ro] [187/404] Building C object zephyr/CMakeFiles/zephyr.dir/subsys/pm/policy/policy_latency.c.obj
[quandiso:ro] [188/404] Building C object zephyr/CMakeFiles/zephyr.dir/subsys/pm/policy/policy_state_lock.c.obj
[wyrdeer:rw] [139/379] Linking C static library app/libapp.a
[npcx7:rw] [124/320] Building C object zephyr/CMakeFiles/zephyr.dir/subsys/shell/shell_wildcard.c.obj
[quandiso:ro] [189/404] Building C object zephyr/CMakeFiles/zephyr.dir/subsys/pm/device.c.obj
[wyrdeer:rw] [140/379] Building C object zephyr/CMakeFiles/zephyr.dir/lib/heap/heap.c.obj
[quandiso:rw] [117/404] Building C object CMakeFiles/app.dir/mnt/host/source/src/platform/ec/build/zephyr/quandiso/modules/ec/driver/usb_mux/virtual.c.obj
[npcx7:rw] [125/320] Building C object zephyr/arch/common/CMakeFiles/arch__common.dir/init.c.obj
[wyrdeer:rw] [141/379] Building C object zephyr/CMakeFiles/zephyr.dir/lib/os/cbprintf_packaged.c.obj
[quandiso:ro] [190/404] Building C object zephyr/CMakeFiles/zephyr.dir/subsys/pm/device_system_managed.c.obj
[wyrdeer:rw] [142/379] Building C object zephyr/CMakeFiles/zephyr.dir/lib/os/clock.c.obj
[npcx7:rw] [126/320] Building C object zephyr/CMakeFiles/zephyr.dir/drivers/flash/flash_util.c.obj
[wyrdeer:rw] [143/379] Building C object zephyr/CMakeFiles/zephyr.dir/lib/os/printk.c.obj
[npcx7:rw] [127/320] Building C object zephyr/arch/common/CMakeFiles/arch__common.dir/sw_isr_common.c.obj
[quandiso:ro] [191/404] Building C object zephyr/CMakeFiles/zephyr.dir/subsys/tracing/tracing_none.c.obj
[quandiso:rw] [118/404] Building C object CMakeFiles/app.dir/mnt/host/source/src/platform/ec/build/zephyr/quandiso/modules/ec/common/usbc/usb_prl_sm.c.obj
[quandiso:ro] [192/404] Building C object zephyr/CMakeFiles/zephyr.dir/subsys/testsuite/coverage/coverage.c.obj
[quandiso:rw] [119/404] Building C object CMakeFiles/app.dir/mnt/host/source/src/platform/ec/build/zephyr/quandiso/modules/ec/common/usbc/usb_tc_drp_acc_trysrc_sm.c.obj
[npcx7:rw] [128/320] Linking C static library zephyr/libzephyr.a
[quandiso:ro] [193/404] Building C object zephyr/CMakeFiles/zephyr.dir/subsys/shell/modules/kernel_service/kernel_shell.c.obj
[npcx7:rw] [129/320] Building C object zephyr/arch/common/CMakeFiles/arch__common.dir/xip.c.obj
[wyrdeer:rw] [144/379] Building C object zephyr/CMakeFiles/zephyr.dir/lib/os/sem.c.obj
[wyrdeer:rw] [145/379] Building C object zephyr/CMakeFiles/zephyr.dir/lib/os/thread_entry.c.obj
[npcx7:rw] [130/320] Building C object zephyr/arch/common/CMakeFiles/isr_tables.dir/isr_tables.c.obj
[wyrdeer:rw] [146/379] Building C object zephyr/CMakeFiles/zephyr.dir/lib/os/cbprintf_nano.c.obj
[quandiso:ro] [194/404] Building C object zephyr/CMakeFiles/zephyr.dir/subsys/shell/modules/kernel_service/cycles.c.obj
[wyrdeer:rw] [147/379] Building C object zephyr/CMakeFiles/zephyr.dir/lib/os/cbprintf.c.obj
[wyrdeer:rw] [148/379] Building C object zephyr/CMakeFiles/zephyr.dir/lib/utils/dec.c.obj
[npcx7:rw] [131/320] Linking C static library zephyr/arch/common/libisr_tables.a
[quandiso:ro] [195/404] Building C object zephyr/CMakeFiles/zephyr.dir/subsys/shell/modules/kernel_service/sleep.c.obj
[quandiso:ro] [196/404] Building C object zephyr/CMakeFiles/zephyr.dir/subsys/shell/modules/kernel_service/uptime.c.obj
[npcx7:rw] [132/320] Linking C static library zephyr/arch/common/libarch__common.a
[wyrdeer:rw] [149/379] Building C object zephyr/CMakeFiles/zephyr.dir/lib/utils/hex.c.obj
[npcx7:rw] [133/320] Building C object zephyr/arch/arch/arm/core/CMakeFiles/arch__arm__core.dir/fatal.c.obj
[quandiso:rw] [120/404] Building C object CMakeFiles/app.dir/mnt/host/source/src/platform/ec/build/zephyr/quandiso/modules/ec/common/usbc/usbc_pd_policy.c.obj
[quandiso:ro] [197/404] Building C object zephyr/CMakeFiles/zephyr.dir/subsys/shell/modules/kernel_service/version.c.obj
[wyrdeer:rw] [150/379] Building C object zephyr/CMakeFiles/zephyr.dir/lib/utils/timeutil.c.obj
[wyrdeer:rw] [151/379] Building C object zephyr/CMakeFiles/zephyr.dir/lib/os/assert.c.obj
[quandiso:rw] [121/404] Building C object CMakeFiles/app.dir/mnt/host/source/src/platform/ec/build/zephyr/quandiso/modules/ec/common/usbc/usb_pd_dpm.c.obj
[npcx7:rw] [134/320] Building C object zephyr/arch/arch/arm/core/CMakeFiles/arch__arm__core.dir/nmi.c.obj
[npcx7:rw] [135/320] Building ASM object zephyr/arch/arch/arm/core/CMakeFiles/arch__arm__core.dir/nmi_on_reset.S.obj
[wyrdeer:rw] [152/379] Building C object zephyr/CMakeFiles/zephyr.dir/lib/utils/rb.c.obj
[npcx7:rw] [136/320] Linking C static library zephyr/arch/arch/arm/core/libarch__arm__core.a
[quandiso:ro] [198/404] Building C object zephyr/CMakeFiles/zephyr.dir/subsys/shell/modules/kernel_service/thread/thread.c.obj
[wyrdeer:rw] [153/379] Building C object zephyr/CMakeFiles/zephyr.dir/lib/utils/bitmask.c.obj
[quandiso:rw] [122/404] Building C object CMakeFiles/app.dir/mnt/host/source/src/platform/ec/build/zephyr/quandiso/modules/ec/common/usbc/usb_pe_drp_sm.c.obj
[npcx7:rw] [137/320] Building ASM object zephyr/arch/arch/arm/core/cortex_m/CMakeFiles/arch__arm__core__cortex_m.dir/fault_s.S.obj
[quandiso:ro] [199/404] Building C object zephyr/CMakeFiles/zephyr.dir/subsys/shell/modules/kernel_service/thread/list.c.obj
[wyrdeer:rw] [154/379] Building C object zephyr/CMakeFiles/zephyr.dir/lib/utils/bitarray.c.obj
[quandiso:ro] [200/404] Building C object zephyr/CMakeFiles/zephyr.dir/subsys/shell/modules/kernel_service/thread/stacks.c.obj
[npcx7:rw] [138/320] Building C object zephyr/arch/arch/arm/core/cortex_m/CMakeFiles/arch__arm__core__cortex_m.dir/exc_exit.c.obj
[wyrdeer:rw] [155/379] Building C object zephyr/CMakeFiles/zephyr.dir/lib/utils/last_section_id.c.obj
[wyrdeer:rw] [156/379] Building C object zephyr/CMakeFiles/zephyr.dir/lib/utils/ring_buffer.c.obj
[/mnt/host/source/src/platform/ec/build/zephyr/skyrim-lcov]   /mnt/host/source/src/platform/ec/build/zephyr/skyrim/build-ro/zephyr/drivers/sensor/CMakeFiles/drivers__sensor.dir/mnt/host/source/src/third_party/zephyr/main/misc/empty_file.c.gcno:no functions found
[/mnt/host/source/src/platform/ec/build/zephyr/skyrim-lcov] stderr:
[quandiso:ro] [201/404] Building C object zephyr/CMakeFiles/zephyr.dir/subsys/shell/modules/kernel_service/thread/unwind.c.obj
[wyrdeer:rw] [157/379] Building C object zephyr/CMakeFiles/zephyr.dir/lib/utils/getopt/getopt.c.obj
[wyrdeer:rw] [158/379] Building C object zephyr/CMakeFiles/zephyr.dir/misc/generated/configs.c.obj
[quandiso:rw] [123/404] Building C object CMakeFiles/app.dir/mnt/host/source/src/platform/ec/build/zephyr/quandiso/modules/ec/common/usbc/dp_alt_mode.c.obj
[quandiso:ro] [202/404] Building C object zephyr/CMakeFiles/zephyr.dir/subsys/shell/modules/kernel_service/thread/suspend.c.obj
[npcx7:rw] [139/320] Building C object zephyr/arch/arch/arm/core/cortex_m/CMakeFiles/arch__arm__core__cortex_m.dir/fault.c.obj
[wyrdeer:rw] [159/379] Building C object zephyr/CMakeFiles/zephyr.dir/lib/utils/getopt/getopt_common.c.obj
[quandiso:rw] [124/404] Building C object CMakeFiles/app.dir/mnt/host/source/src/platform/ec/build/zephyr/quandiso/modules/ec/common/usb_pd_console_cmd.c.obj
[wyrdeer:rw] [160/379] Building ASM object zephyr/CMakeFiles/zephyr.dir/soc/ite/ec/common/soc_irq.S.obj
[/mnt/host/source/src/platform/ec/build/zephyr/skyrim-lcov]   /mnt/host/source/src/platform/ec/build/zephyr/skyrim/build-rw/modules/ec/zephyr/CMakeFiles/ec_shim.dir/shim/src/thermal.c.gcno:no functions found
[/mnt/host/source/src/platform/ec/build/zephyr/skyrim-lcov] stderr:
[npcx7:rw] [140/320] Building C object zephyr/arch/arch/arm/core/cortex_m/CMakeFiles/arch__arm__core__cortex_m.dir/fpu.c.obj
[npcx7:rw] [141/320] Building ASM object zephyr/arch/arch/arm/core/cortex_m/CMakeFiles/arch__arm__core__cortex_m.dir/reset.S.obj
[quandiso:ro] [203/404] Building C object zephyr/CMakeFiles/zephyr.dir/subsys/shell/modules/kernel_service/thread/resume.c.obj
[quandiso:ro] [204/404] Building C object zephyr/CMakeFiles/zephyr.dir/subsys/shell/modules/kernel_service/thread/kill.c.obj
[moonstone:rw] -- Generating done (6.5s)
[moonstone:rw] CMake Warning:
[moonstone:rw]   Manually-specified variables were not used by the project:
[moonstone:rw]     COREBOOT_SDK_ROOT_arm
[moonstone:rw]     COREBOOT_SDK_ROOT_libstdcxx_arm
[moonstone:rw]     COREBOOT_SDK_ROOT_libstdcxx_x86
[moonstone:rw]     COREBOOT_SDK_ROOT_nds32
[moonstone:rw]     COREBOOT_SDK_ROOT_picolibc_arm
[moonstone:rw]     COREBOOT_SDK_ROOT_picolibc_x86
[moonstone:rw]     COREBOOT_SDK_ROOT_riscv
[moonstone:rw]     COREBOOT_SDK_ROOT_x86
[moonstone:rw]     PW_ROOT
[moonstone:rw] -- Build files have been written to: /mnt/host/source/src/platform/ec/build/zephyr/moonstone/build-rw
[quandiso:rw] [125/404] Building C object CMakeFiles/app.dir/mnt/host/source/src/platform/ec/build/zephyr/quandiso/modules/ec/common/usb_pd_host_cmd.c.obj
[/mnt/host/source/src/platform/ec/build/zephyr/skyrim-lcov]   /mnt/host/source/src/platform/ec/build/zephyr/skyrim/build-rw/modules/ec/zephyr/CMakeFiles/ec_shim.dir/shim/src/battery.c.gcno:no functions found
[/mnt/host/source/src/platform/ec/build/zephyr/skyrim-lcov] stderr:
[quandiso:ro] [205/404] Building C object zephyr/CMakeFiles/zephyr.dir/subsys/shell/modules/device_service.c.obj
[npcx7:rw] [142/320] Building ASM object zephyr/arch/arch/arm/core/cortex_m/CMakeFiles/arch__arm__core__cortex_m.dir/vector_table.S.obj
[wyrdeer:rw] [161/379] Building C object zephyr/CMakeFiles/zephyr.dir/soc/ite/ec/common/power.c.obj
[wyrdeer:rw] [162/379] Building C object zephyr/CMakeFiles/zephyr.dir/soc/ite/ec/common/soc_common_irq.c.obj
[npcx7:rw] [143/320] Building C object zephyr/arch/arch/arm/core/cortex_m/CMakeFiles/arch__arm__core__cortex_m.dir/scb.c.obj
[wyrdeer:rw] [163/379] Building C object zephyr/CMakeFiles/zephyr.dir/soc/ite/ec/common/policy.c.obj
[/mnt/host/source/src/platform/ec/build/zephyr/skyrim-lcov]   /mnt/host/source/src/platform/ec/build/zephyr/skyrim/build-rw/modules/ec/zephyr/CMakeFiles/ec_shim.dir/shim/src/charger.c.gcno:no functions found
[/mnt/host/source/src/platform/ec/build/zephyr/skyrim-lcov] stderr:
[quandiso:ro] [206/404] Building C object zephyr/CMakeFiles/zephyr.dir/subsys/shell/modules/date_service.c.obj
[quandiso:rw] [126/404] Building C object CMakeFiles/app.dir/mnt/host/source/src/platform/ec/build/zephyr/quandiso/modules/ec/common/usbc/usb_pd_host.c.obj
[wyrdeer:rw] [164/379] Building C object zephyr/CMakeFiles/zephyr.dir/soc/ite/ec/it8xxx2/soc.c.obj
[wyrdeer:rw] [165/379] Building ASM object zephyr/CMakeFiles/zephyr.dir/soc/ite/ec/it8xxx2/__arithmetic.S.obj
[npcx7:rw] [144/320] Building C object zephyr/arch/arch/arm/core/cortex_m/CMakeFiles/arch__arm__core__cortex_m.dir/thread_abort.c.obj
[quandiso:ro] [207/404] Building C object zephyr/CMakeFiles/zephyr.dir/subsys/shell/modules/devmem_service.c.obj
[quandiso:rw] [127/404] Building C object CMakeFiles/app.dir/mnt/host/source/src/platform/ec/build/zephyr/quandiso/modules/ec/zephyr/shim/src/tcpc.c.obj
[wyrdeer:rw] [166/379] Building ASM object zephyr/CMakeFiles/zephyr.dir/soc/ite/ec/it8xxx2/vector.S.obj
[wyrdeer:rw] [167/379] Building C object zephyr/CMakeFiles/zephyr.dir/soc/ite/ec/it8xxx2/check_regs.c.obj
[quandiso:ro] [208/404] Building C object zephyr/CMakeFiles/zephyr.dir/subsys/shell/backends/shell_uart.c.obj
[npcx7:rw] [145/320] Building ASM object zephyr/arch/arch/arm/core/cortex_m/CMakeFiles/arch__arm__core__cortex_m.dir/swap_helper.S.obj
[quandiso:ro] [209/404] Building C object zephyr/CMakeFiles/zephyr.dir/subsys/shell/shell.c.obj
[npcx7:rw] [146/320] Building C object zephyr/arch/arch/arm/core/cortex_m/CMakeFiles/arch__arm__core__cortex_m.dir/irq_manage.c.obj
[quandiso:rw] [128/404] Building C object CMakeFiles/app.dir/mnt/host/source/src/platform/ec/build/zephyr/quandiso/modules/ec/common/usb_pd_host_cmd_common.c.obj
[quandiso:ro] [210/404] Building C object zephyr/CMakeFiles/zephyr.dir/subsys/shell/shell_fprintf.c.obj
[npcx7:rw] [147/320] Building C object zephyr/arch/arch/arm/core/cortex_m/CMakeFiles/arch__arm__core__cortex_m.dir/prep_c.c.obj
[wyrdeer:rw] [168/379] Building C object zephyr/CMakeFiles/zephyr.dir/subsys/logging/log_minimal.c.obj
[wyrdeer:rw] [169/379] Building C object zephyr/CMakeFiles/zephyr.dir/soc/ite/ec/it8xxx2/ilm.c.obj
[quandiso:rw] [129/404] Building C object CMakeFiles/app.dir/mnt/host/source/src/platform/ec/build/zephyr/quandiso/modules/ec/common/usbc/svdm_rsp_dfp_only.c.obj
[quandiso:ro] [211/404] Building C object zephyr/CMakeFiles/zephyr.dir/subsys/shell/shell_utils.c.obj
[wyrdeer:rw] [170/379] Building C object zephyr/CMakeFiles/zephyr.dir/subsys/pm/state.c.obj
[wyrdeer:rw] [171/379] Building C object zephyr/CMakeFiles/zephyr.dir/subsys/pm/pm.c.obj
[/mnt/host/source/src/platform/ec/build/zephyr/skyrim-lcov]   /mnt/host/source/src/platform/ec/build/zephyr/skyrim/build-rw/modules/ec/zephyr/CMakeFiles/ec_shim.dir/shim/src/usb_muxes.c.gcno:no functions found
[/mnt/host/source/src/platform/ec/build/zephyr/skyrim-lcov] stderr:
[quandiso:rw] [130/404] Building C object CMakeFiles/app.dir/mnt/host/source/src/platform/ec/build/zephyr/quandiso/modules/ec/common/usbc_ocp.c.obj
[quandiso:ro] [212/404] Building C object zephyr/CMakeFiles/zephyr.dir/subsys/shell/shell_ops.c.obj
[npcx7:rw] [148/320] Building C object zephyr/arch/arch/arm/core/cortex_m/CMakeFiles/arch__arm__core__cortex_m.dir/irq_init.c.obj
[npcx7:rw] [149/320] Building C object zephyr/arch/arch/arm/core/cortex_m/CMakeFiles/arch__arm__core__cortex_m.dir/thread.c.obj
[npcx7:rw] [150/320] Building C object zephyr/arch/arch/arm/core/cortex_m/CMakeFiles/arch__arm__core__cortex_m.dir/cpu_idle.c.obj
[npcx7:rw] [151/320] Generating ../../../include/generated/libc/minimal/strerror_table.h
[quandiso:ro] [213/404] Building C object zephyr/CMakeFiles/zephyr.dir/subsys/shell/shell_history.c.obj
[quandiso:ro] [214/404] Building C object zephyr/CMakeFiles/zephyr.dir/subsys/shell/shell_cmds.c.obj
[npcx7:rw] [152/320] Building C object zephyr/arch/arch/arm/core/cortex_m/CMakeFiles/arch__arm__core__cortex_m.dir/isr_wrapper.c.obj
[wyrdeer:rw] [172/379] Building C object zephyr/CMakeFiles/zephyr.dir/subsys/pm/policy/policy_events.c.obj
[npcx7:rw] [153/320] Linking C static library zephyr/arch/arch/arm/core/cortex_m/libarch__arm__core__cortex_m.a
[npcx7:rw] [154/320] Building C object zephyr/lib/libc/minimal/CMakeFiles/lib__libc__minimal.dir/source/stdlib/atoi.c.obj
[wyrdeer:rw] [173/379] Building C object zephyr/CMakeFiles/zephyr.dir/subsys/pm/policy/policy_latency.c.obj
[wyrdeer:rw] [174/379] Building C object zephyr/CMakeFiles/zephyr.dir/subsys/pm/policy/policy_state_lock.c.obj
[npcx7:rw] [155/320] Building C object zephyr/lib/libc/minimal/CMakeFiles/lib__libc__minimal.dir/source/stdlib/strtol.c.obj
[npcx7:rw] [156/320] Building C object zephyr/lib/libc/minimal/CMakeFiles/lib__libc__minimal.dir/source/stdlib/strtoul.c.obj
[quandiso:ro] [215/404] Building C object zephyr/CMakeFiles/zephyr.dir/subsys/shell/shell_wildcard.c.obj
[wyrdeer:rw] [175/379] Building C object zephyr/CMakeFiles/zephyr.dir/subsys/pm/device.c.obj
[quandiso:rw] [131/404] Building C object CMakeFiles/app.dir/mnt/host/source/src/platform/ec/build/zephyr/quandiso/modules/ec/common/usb_pd_discovery.c.obj
[npcx7:rw] [157/320] Building C object zephyr/lib/libc/minimal/CMakeFiles/lib__libc__minimal.dir/source/stdlib/strtoll.c.obj
[npcx7:rw] [158/320] Building C object zephyr/arch/arch/arm/core/mpu/CMakeFiles/arch__arm__core__mpu.dir/arm_core_mpu.c.obj
[npcx7:rw] [159/320] Building C object zephyr/lib/libc/minimal/CMakeFiles/lib__libc__minimal.dir/source/stdlib/strtoull.c.obj
[quandiso:rw] [132/404] Building C object CMakeFiles/app.dir/mnt/host/source/src/platform/ec/build/zephyr/quandiso/modules/ec/common/usb_pd_dual_role.c.obj
[quandiso:ro] [216/404] Building C object zephyr/arch/common/CMakeFiles/arch__common.dir/sw_isr_common.c.obj
[npcx7:rw] [160/320] Building C object zephyr/lib/libc/minimal/CMakeFiles/lib__libc__minimal.dir/source/stdlib/bsearch.c.obj
[quandiso:ro] [217/404] Building C object zephyr/CMakeFiles/zephyr.dir/drivers/flash/flash_util.c.obj
[quandiso:ro] [218/404] Building C object zephyr/arch/common/CMakeFiles/arch__common.dir/dynamic_isr.c.obj
[quandiso:ro] [219/404] Linking C static library zephyr/libzephyr.a
[npcx7:rw] [161/320] Building C object zephyr/arch/arch/arm/core/mpu/CMakeFiles/arch__arm__core__mpu.dir/arm_mpu.c.obj
[wyrdeer:rw] [176/379] Building C object zephyr/CMakeFiles/zephyr.dir/subsys/pm/device_system_managed.c.obj
[/mnt/host/source/src/platform/ec/build/zephyr/skyrim-lcov]   /mnt/host/source/src/platform/ec/build/zephyr/skyrim/build-rw/modules/ec/zephyr/CMakeFiles/ec_shim.dir/shim/src/usba.c.gcno:no functions found
[/mnt/host/source/src/platform/ec/build/zephyr/skyrim-lcov] stderr:
[npcx7:rw] [162/320] Building C object zephyr/lib/libc/minimal/CMakeFiles/lib__libc__minimal.dir/source/stdlib/qsort.c.obj
[wyrdeer:rw] [177/379] Building C object zephyr/CMakeFiles/zephyr.dir/subsys/testsuite/coverage/coverage.c.obj
[wyrdeer:rw] [178/379] Building C object zephyr/CMakeFiles/zephyr.dir/subsys/tracing/tracing_none.c.obj
[npcx7:rw] [163/320] Linking C static library zephyr/arch/arch/arm/core/mpu/libarch__arm__core__mpu.a
[quandiso:ro] [220/404] Building C object zephyr/arch/common/CMakeFiles/arch__common.dir/init.c.obj
[npcx7:rw] [164/320] Building C object zephyr/lib/libc/minimal/CMakeFiles/lib__libc__minimal.dir/source/string/strerror.c.obj
[quandiso:rw] [133/404] Building C object CMakeFiles/app.dir/mnt/host/source/src/platform/ec/build/zephyr/quandiso/modules/ec/driver/tcpm/ps8xxx.c.obj
[npcx7:rw] [165/320] Building C object zephyr/lib/libc/minimal/CMakeFiles/lib__libc__minimal.dir/source/string/strncasecmp.c.obj
[npcx7:rw] [166/320] Building C object zephyr/lib/libc/minimal/CMakeFiles/lib__libc__minimal.dir/source/string/strstr.c.obj
[wyrdeer:rw] [179/379] Building C object zephyr/CMakeFiles/zephyr.dir/subsys/shell/modules/kernel_service/kernel_shell.c.obj
[quandiso:ro] [221/404] Building C object zephyr/arch/common/CMakeFiles/isr_tables.dir/isr_tables.c.obj
[npcx7:rw] [167/320] Building C object zephyr/lib/libc/minimal/CMakeFiles/lib__libc__minimal.dir/source/string/strspn.c.obj
[npcx7:rw] [168/320] Building C object zephyr/lib/libc/minimal/CMakeFiles/lib__libc__minimal.dir/source/string/string.c.obj
[quandiso:ro] [222/404] Building C object zephyr/arch/common/CMakeFiles/arch__common.dir/xip.c.obj
[quandiso:ro] [223/404] Linking C static library zephyr/arch/common/libisr_tables.a
[npcx7:rw] [169/320] Building C object zephyr/lib/libc/minimal/CMakeFiles/lib__libc__minimal.dir/source/stdlib/exit.c.obj
[quandiso:ro] [224/404] Linking C static library zephyr/arch/common/libarch__common.a
[quandiso:ro] [225/404] Building C object zephyr/arch/arch/riscv/core/CMakeFiles/arch__riscv__core.dir/cpu_idle.c.obj
[wyrdeer:rw] [180/379] Building C object zephyr/CMakeFiles/zephyr.dir/subsys/shell/modules/kernel_service/cycles.c.obj
[quandiso:rw] [134/404] Building C object CMakeFiles/app.dir/mnt/host/source/src/platform/ec/build/zephyr/quandiso/modules/ec/driver/tcpm/ite_pd_intc.c.obj
[wyrdeer:rw] [181/379] Building C object zephyr/CMakeFiles/zephyr.dir/subsys/shell/modules/kernel_service/uptime.c.obj
[quandiso:ro] [226/404] Building C object zephyr/arch/arch/riscv/core/CMakeFiles/arch__riscv__core.dir/fatal.c.obj
[quandiso:rw] [135/404] Building C object CMakeFiles/app.dir/mnt/host/source/src/platform/ec/build/zephyr/quandiso/modules/ec/driver/tcpm/tcpci.c.obj
[quandiso:ro] [227/404] Building C object zephyr/arch/arch/riscv/core/CMakeFiles/arch__riscv__core.dir/prep_c.c.obj
[npcx7:rw] [170/320] Building C object zephyr/lib/libc/minimal/CMakeFiles/lib__libc__minimal.dir/source/math/sqrtf.c.obj
[wyrdeer:rw] [182/379] Building C object zephyr/CMakeFiles/zephyr.dir/subsys/shell/modules/kernel_service/sleep.c.obj
[npcx7:rw] [171/320] Building C object zephyr/lib/libc/minimal/CMakeFiles/lib__libc__minimal.dir/source/stdout/sprintf.c.obj
[npcx7:rw] [172/320] Building C object zephyr/lib/libc/minimal/CMakeFiles/lib__libc__minimal.dir/source/stdout/stdout_console.c.obj
[npcx7:rw] [173/320] Building C object zephyr/lib/libc/minimal/CMakeFiles/lib__libc__minimal.dir/source/stdout/fprintf.c.obj
[wyrdeer:rw] [183/379] Building C object zephyr/CMakeFiles/zephyr.dir/subsys/shell/modules/kernel_service/version.c.obj
[npcx7:rw] [174/320] Building C object zephyr/lib/libc/minimal/CMakeFiles/lib__libc__minimal.dir/source/math/sqrt.c.obj
[quandiso:ro] [228/404] Building C object zephyr/arch/arch/riscv/core/CMakeFiles/arch__riscv__core.dir/irq_manage.c.obj
[quandiso:ro] [229/404] Building C object zephyr/arch/arch/riscv/core/CMakeFiles/arch__riscv__core.dir/reboot.c.obj
[npcx7:rw] [175/320] Building C object zephyr/lib/libc/common/CMakeFiles/lib__libc__common.dir/source/time/asctime.c.obj
[npcx7:rw] [176/320] Building C object zephyr/lib/libc/common/CMakeFiles/lib__libc__common.dir/source/time/gmtime_r.c.obj
[wyrdeer:rw] [184/379] Building C object zephyr/CMakeFiles/zephyr.dir/subsys/shell/modules/kernel_service/thread/list.c.obj
[wyrdeer:rw] [185/379] Building C object zephyr/CMakeFiles/zephyr.dir/subsys/shell/modules/kernel_service/thread/thread.c.obj
[quandiso:rw] [136/404] Building C object CMakeFiles/app.dir/mnt/host/source/src/platform/ec/build/zephyr/quandiso/modules/ec/driver/tcpm/it8xxx2.c.obj
[quandiso:ro] [230/404] Building ASM object zephyr/arch/arch/riscv/core/CMakeFiles/arch__riscv__core.dir/reset.S.obj
[npcx7:rw] [177/320] Building C object zephyr/lib/libc/common/CMakeFiles/lib__libc__common.dir/source/time/localtime_r_utc.c.obj
[quandiso:rw] [137/404] Building C object CMakeFiles/app.dir/mnt/host/source/src/platform/ec/build/zephyr/quandiso/modules/ec/common/vboot_hash.c.obj
[quandiso:ro] [231/404] Building ASM object zephyr/arch/arch/riscv/core/CMakeFiles/arch__riscv__core.dir/switch.S.obj
[wyrdeer:rw] [186/379] Building C object zephyr/CMakeFiles/zephyr.dir/subsys/shell/modules/kernel_service/thread/stacks.c.obj
[quandiso:ro] [232/404] Generating ../../../include/generated/libc/minimal/strerror_table.h
[npcx7:rw] [178/320] Building C object zephyr/lib/libc/common/CMakeFiles/lib__libc__common.dir/source/time/ctime.c.obj
[npcx7:rw] [179/320] Building C object zephyr/lib/libc/minimal/CMakeFiles/lib__libc__minimal.dir/source/time/gmtime.c.obj
[npcx7:rw] [180/320] Building C object zephyr/lib/libc/common/CMakeFiles/lib__libc__common.dir/source/stdlib/abort.c.obj
[quandiso:rw] [138/404] Building C object CMakeFiles/app.dir/mnt/host/source/src/platform/ec/build/zephyr/quandiso/modules/ec/common/button.c.obj
[npcx7:rw] [181/320] Building C object zephyr/lib/libc/common/CMakeFiles/lib__libc__common.dir/source/time/time.c.obj
[quandiso:ro] [233/404] Building ASM object zephyr/arch/arch/riscv/core/CMakeFiles/arch__riscv__core.dir/isr.S.obj
[npcx7:rw] [182/320] Linking C static library zephyr/lib/libc/minimal/liblib__libc__minimal.a
[npcx7:rw] [183/320] Building C object zephyr/lib/libc/common/CMakeFiles/lib__libc__common.dir/source/string/strnlen.c.obj
[quandiso:ro] [234/404] Building C object zephyr/arch/arch/riscv/core/CMakeFiles/arch__riscv__core.dir/thread.c.obj
[wyrdeer:rw] [187/379] Building C object zephyr/CMakeFiles/zephyr.dir/subsys/shell/modules/kernel_service/thread/unwind.c.obj
[quandiso:ro] [235/404] Building C object zephyr/lib/libc/minimal/CMakeFiles/lib__libc__minimal.dir/source/stdlib/atoi.c.obj
[npcx7:rw] [184/320] Building C object zephyr/lib/posix/c_lib_ext/CMakeFiles/lib__posix__c_lib_ext.dir/fnmatch.c.obj
[wyrdeer:rw] [188/379] Building C object zephyr/CMakeFiles/zephyr.dir/subsys/shell/modules/kernel_service/thread/suspend.c.obj
[quandiso:ro] [236/404] Building C object zephyr/lib/libc/minimal/CMakeFiles/lib__libc__minimal.dir/source/stdlib/strtol.c.obj
[quandiso:ro] [237/404] Building C object zephyr/lib/libc/minimal/CMakeFiles/lib__libc__minimal.dir/source/stdlib/strtoul.c.obj
[quandiso:ro] [238/404] Building C object zephyr/arch/arch/riscv/core/CMakeFiles/arch__riscv__core.dir/stacktrace.c.obj
[npcx7:rw] [185/320] Building C object zephyr/subsys/crc/CMakeFiles/subsys__crc.dir/crc4_sw.c.obj
[wyrdeer:rw] [189/379] Building C object zephyr/CMakeFiles/zephyr.dir/subsys/shell/modules/kernel_service/thread/resume.c.obj
[quandiso:ro] [239/404] Building C object zephyr/lib/libc/minimal/CMakeFiles/lib__libc__minimal.dir/source/stdlib/strtoll.c.obj
[quandiso:ro] [240/404] Linking C static library zephyr/arch/arch/riscv/core/libarch__riscv__core.a
[quandiso:ro] [241/404] Building C object zephyr/lib/libc/minimal/CMakeFiles/lib__libc__minimal.dir/source/stdlib/strtoull.c.obj
[quandiso:ro] [242/404] Building C object zephyr/lib/libc/minimal/CMakeFiles/lib__libc__minimal.dir/source/stdlib/bsearch.c.obj
[npcx7:rw] [186/320] Building C object zephyr/subsys/crc/CMakeFiles/subsys__crc.dir/crc8_sw.c.obj
[quandiso:rw] [139/404] Building C object CMakeFiles/app.dir/mnt/host/source/src/platform/ec/build/zephyr/quandiso/modules/ec/common/vboot/efs2.c.obj
[npcx7:rw] [187/320] Building C object zephyr/lib/libc/common/CMakeFiles/lib__libc__common.dir/source/stdlib/malloc.c.obj
[quandiso:rw] [140/404] Building C object CMakeFiles/app.dir/mnt/host/source/src/platform/ec/build/zephyr/quandiso/modules/ec/common/vstore.c.obj
[wyrdeer:rw] [190/379] Building C object zephyr/CMakeFiles/zephyr.dir/subsys/shell/modules/kernel_service/thread/kill.c.obj
[npcx7:rw] [188/320] Linking C static library zephyr/lib/libc/common/liblib__libc__common.a
[quandiso:ro] [243/404] Building C object zephyr/lib/libc/minimal/CMakeFiles/lib__libc__minimal.dir/source/string/strncasecmp.c.obj
[npcx7:rw] [189/320] Building C object zephyr/lib/posix/c_lib_ext/CMakeFiles/lib__posix__c_lib_ext.dir/getopt_shim.c.obj
[npcx7:rw] [190/320] Building C object zephyr/subsys/crc/CMakeFiles/subsys__crc.dir/crc16_sw.c.obj
[quandiso:ro] [244/404] Building C object zephyr/lib/libc/minimal/CMakeFiles/lib__libc__minimal.dir/source/stdlib/qsort.c.obj
[npcx7:rw] [191/320] Building C object zephyr/subsys/crc/CMakeFiles/subsys__crc.dir/crc7_sw.c.obj
[quandiso:ro] [245/404] Building C object zephyr/lib/libc/minimal/CMakeFiles/lib__libc__minimal.dir/source/string/strerror.c.obj
[quandiso:ro] [246/404] Building C object zephyr/lib/libc/minimal/CMakeFiles/lib__libc__minimal.dir/source/string/strstr.c.obj
[quandiso:rw] [141/404] Building C object CMakeFiles/app.dir/mnt/host/source/src/platform/ec/build/zephyr/quandiso/modules/ec/common/math_util.c.obj
[npcx7:rw] [192/320] Building C object zephyr/lib/posix/c_lib_ext/CMakeFiles/lib__posix__c_lib_ext.dir/getentropy.c.obj
[npcx7:rw] [193/320] Building C object zephyr/subsys/crc/CMakeFiles/subsys__crc.dir/crc32c_sw.c.obj
[npcx7:rw] [194/320] Building C object zephyr/subsys/crc/CMakeFiles/subsys__crc.dir/crc24_sw.c.obj
[npcx7:rw] [195/320] Linking C static library zephyr/lib/posix/c_lib_ext/liblib__posix__c_lib_ext.a
[wyrdeer:rw] [191/379] Building C object zephyr/CMakeFiles/zephyr.dir/subsys/shell/backends/shell_uart.c.obj
[npcx7:rw] [196/320] Building C object zephyr/subsys/crc/CMakeFiles/subsys__crc.dir/crc32_sw.c.obj
[quandiso:ro] [247/404] Building C object zephyr/lib/libc/minimal/CMakeFiles/lib__libc__minimal.dir/source/string/strspn.c.obj
[npcx7:rw] [197/320] Building C object zephyr/subsys/crc/CMakeFiles/subsys__crc.dir/crc32k_4_2_sw.c.obj
[wyrdeer:rw] [192/379] Building C object zephyr/CMakeFiles/zephyr.dir/subsys/shell/shell_fprintf.c.obj
[npcx7:rw] [198/320] Linking C static library zephyr/subsys/crc/libsubsys__crc.a
[quandiso:ro] [248/404] Building C object zephyr/lib/libc/minimal/CMakeFiles/lib__libc__minimal.dir/source/string/string.c.obj
[wyrdeer:rw] [193/379] Building C object zephyr/CMakeFiles/zephyr.dir/subsys/shell/shell.c.obj
[quandiso:ro] [249/404] Building C object zephyr/lib/libc/minimal/CMakeFiles/lib__libc__minimal.dir/source/stdlib/exit.c.obj
[quandiso:ro] [250/404] Building C object zephyr/lib/libc/minimal/CMakeFiles/lib__libc__minimal.dir/source/math/sqrtf.c.obj
[wyrdeer:rw] [194/379] Building C object zephyr/CMakeFiles/zephyr.dir/subsys/shell/shell_utils.c.obj
[quandiso:rw] [142/404] Building C object CMakeFiles/app.dir/src/common.c.obj
[quandiso:ro] [251/404] Building C object zephyr/lib/libc/minimal/CMakeFiles/lib__libc__minimal.dir/source/stdout/stdout_console.c.obj
[quandiso:rw] [143/404] Building C object CMakeFiles/app.dir/src/board_power.c.obj
[wyrdeer:rw] [195/379] Building C object zephyr/CMakeFiles/zephyr.dir/subsys/shell/shell_ops.c.obj
[/mnt/host/source/src/platform/ec/build/zephyr/skyrim-lcov]   /mnt/host/source/src/platform/ec/build/zephyr/skyrim/build-rw/modules/ec/zephyr/CMakeFiles/ec_shim.dir/shim/src/bc12.c.gcno:no functions found
[/mnt/host/source/src/platform/ec/build/zephyr/skyrim-lcov] stderr:
[wyrdeer:rw] [196/379] Building C object zephyr/CMakeFiles/zephyr.dir/subsys/shell/shell_help.c.obj
[quandiso:ro] [252/404] Building C object zephyr/lib/libc/minimal/CMakeFiles/lib__libc__minimal.dir/source/stdout/fprintf.c.obj
[npcx7:rw] [199/320] Building C object zephyr/drivers/bbram/CMakeFiles/drivers__bbram.dir/bbram_npcx.c.obj
[quandiso:ro] [253/404] Building C object zephyr/lib/libc/minimal/CMakeFiles/lib__libc__minimal.dir/source/stdout/sprintf.c.obj
[wyrdeer:rw] [197/379] Building C object zephyr/CMakeFiles/zephyr.dir/subsys/shell/shell_history.c.obj
[npcx7:rw] [200/320] Building C object zephyr/drivers/interrupt_controller/CMakeFiles/drivers__interrupt_controller.dir/intc_miwu.c.obj
[quandiso:ro] [254/404] Building C object zephyr/lib/libc/minimal/CMakeFiles/lib__libc__minimal.dir/source/math/sqrt.c.obj
[npcx7:rw] [201/320] Building C object zephyr/drivers/adc/CMakeFiles/drivers__adc.dir/adc_common.c.obj
[npcx7:rw] [202/320] Linking C static library zephyr/drivers/bbram/libdrivers__bbram.a
[quandiso:rw] [144/404] Building C object CMakeFiles/app.dir/quandiso/src/board.c.obj
[npcx7:rw] [203/320] Linking C static library zephyr/drivers/interrupt_controller/libdrivers__interrupt_controller.a
[npcx7:rw] [204/320] Building C object zephyr/drivers/adc/CMakeFiles/drivers__adc.dir/adc_npcx.c.obj
[quandiso:ro] [255/404] Building C object zephyr/lib/libc/common/CMakeFiles/lib__libc__common.dir/source/time/gmtime_r.c.obj
[npcx7:rw] [205/320] Linking C static library zephyr/drivers/adc/libdrivers__adc.a
[quandiso:ro] [256/404] Building C object zephyr/lib/libc/common/CMakeFiles/lib__libc__common.dir/source/time/asctime.c.obj
[wyrdeer:rw] [198/379] Building C object zephyr/CMakeFiles/zephyr.dir/drivers/flash/flash_util.c.obj
[quandiso:ro] [257/404] Building C object zephyr/lib/libc/common/CMakeFiles/lib__libc__common.dir/source/time/localtime_r_utc.c.obj
[quandiso:ro] [258/404] Building C object zephyr/lib/libc/minimal/CMakeFiles/lib__libc__minimal.dir/source/time/gmtime.c.obj
[wyrdeer:rw] [199/379] Building C object zephyr/arch/common/CMakeFiles/arch__common.dir/init.c.obj
[wyrdeer:rw] [200/379] Linking C static library zephyr/libzephyr.a
[quandiso:ro] [259/404] Linking C static library zephyr/lib/libc/minimal/liblib__libc__minimal.a
[wyrdeer:rw] [201/379] Building C object zephyr/arch/common/CMakeFiles/arch__common.dir/dynamic_isr.c.obj
[quandiso:ro] [260/404] Building C object zephyr/lib/libc/common/CMakeFiles/lib__libc__common.dir/source/time/ctime.c.obj
[quandiso:ro] [261/404] Building C object zephyr/lib/libc/common/CMakeFiles/lib__libc__common.dir/source/time/time.c.obj
[wyrdeer:rw] [202/379] Building C object zephyr/arch/common/CMakeFiles/arch__common.dir/sw_isr_common.c.obj
[quandiso:ro] [262/404] Building C object zephyr/lib/libc/common/CMakeFiles/lib__libc__common.dir/source/stdlib/abort.c.obj
[npcx7:rw] [206/320] Building C object zephyr/drivers/console/CMakeFiles/drivers__console.dir/uart_console.c.obj
[npcx7:rw] [207/320] Building C object zephyr/drivers/clock_control/CMakeFiles/drivers__clock_control.dir/clock_control_npcx.c.obj
[quandiso:rw] [145/404] Building C object CMakeFiles/app.dir/quandiso/src/keyboard.c.obj
[quandiso:ro] [263/404] Building C object zephyr/lib/libc/common/CMakeFiles/lib__libc__common.dir/source/string/strnlen.c.obj
[quandiso:rw] [146/404] Building C object CMakeFiles/app.dir/quandiso/src/sub_board.c.obj
[npcx7:rw] [208/320] Linking C static library zephyr/drivers/console/libdrivers__console.a
[npcx7:rw] [209/320] Linking C static library zephyr/drivers/clock_control/libdrivers__clock_control.a
[quandiso:ro] [264/404] Building C object zephyr/lib/posix/c_lib_ext/CMakeFiles/lib__posix__c_lib_ext.dir/fnmatch.c.obj
[quandiso:ro] [265/404] Building C object zephyr/subsys/crc/CMakeFiles/subsys__crc.dir/crc4_sw.c.obj
[quandiso:rw] [147/404] Building C object CMakeFiles/app.dir/quandiso/src/led.c.obj
[npcx7:rw] [210/320] Building C object zephyr/drivers/espi/CMakeFiles/drivers__espi.dir/espi_npcx.c.obj
[npcx7:rw] [211/320] Building C object zephyr/drivers/espi/CMakeFiles/drivers__espi.dir/host_subs_npcx.c.obj
[wyrdeer:rw] [203/379] Building C object zephyr/arch/common/CMakeFiles/isr_tables.dir/isr_tables.c.obj
[wyrdeer:rw] [204/379] Building C object zephyr/arch/common/CMakeFiles/arch__common.dir/xip.c.obj
[quandiso:ro] [266/404] Building C object zephyr/subsys/crc/CMakeFiles/subsys__crc.dir/crc8_sw.c.obj
[wyrdeer:rw] [205/379] Building C object zephyr/arch/arch/riscv/core/CMakeFiles/arch__riscv__core.dir/cpu_idle.c.obj
[npcx7:rw] [212/320] Linking C static library zephyr/drivers/espi/libdrivers__espi.a
[wyrdeer:rw] [206/379] Linking C static library zephyr/arch/common/libisr_tables.a
[quandiso:ro] [267/404] Building C object zephyr/lib/libc/common/CMakeFiles/lib__libc__common.dir/source/stdlib/malloc.c.obj
[wyrdeer:rw] [207/379] Linking C static library zephyr/arch/common/libarch__common.a
[quandiso:ro] [268/404] Building C object zephyr/lib/posix/c_lib_ext/CMakeFiles/lib__posix__c_lib_ext.dir/getentropy.c.obj
[quandiso:ro] [269/404] Building C object zephyr/lib/posix/c_lib_ext/CMakeFiles/lib__posix__c_lib_ext.dir/getopt_shim.c.obj
[quandiso:ro] [270/404] Building C object zephyr/subsys/crc/CMakeFiles/subsys__crc.dir/crc16_sw.c.obj
[quandiso:ro] [271/404] Linking C static library zephyr/lib/libc/common/liblib__libc__common.a
[wyrdeer:rw] [208/379] Building C object zephyr/arch/arch/riscv/core/CMakeFiles/arch__riscv__core.dir/fatal.c.obj
[npcx7:rw] [213/320] Building C object zephyr/drivers/flash/CMakeFiles/drivers__flash.dir/jesd216.c.obj
[wyrdeer:rw] [209/379] Building C object zephyr/arch/arch/riscv/core/CMakeFiles/arch__riscv__core.dir/prep_c.c.obj
[quandiso:ro] [272/404] Building C object zephyr/subsys/crc/CMakeFiles/subsys__crc.dir/crc7_sw.c.obj
[quandiso:ro] [273/404] Linking C static library zephyr/lib/posix/c_lib_ext/liblib__posix__c_lib_ext.a
[quandiso:ro] [274/404] Building C object zephyr/subsys/crc/CMakeFiles/subsys__crc.dir/crc24_sw.c.obj
[quandiso:ro] [275/404] Building C object zephyr/subsys/crc/CMakeFiles/subsys__crc.dir/crc32c_sw.c.obj
[npcx7:rw] [214/320] Building C object zephyr/drivers/flash/CMakeFiles/drivers__flash.dir/flash_npcx_fiu_nor.c.obj
[quandiso:rw] [148/404] Building C object CMakeFiles/app.dir/quandiso/src/thermal.c.obj
[quandiso:ro] [276/404] Building C object zephyr/subsys/crc/CMakeFiles/subsys__crc.dir/crc32_sw.c.obj
[quandiso:ro] [277/404] Building C object zephyr/subsys/crc/CMakeFiles/subsys__crc.dir/crc32k_4_2_sw.c.obj
[wyrdeer:rw] [210/379] Building C object zephyr/arch/arch/riscv/core/CMakeFiles/arch__riscv__core.dir/irq_manage.c.obj
[quandiso:ro] [278/404] Linking C static library zephyr/subsys/crc/libsubsys__crc.a
[quandiso:rw] [149/404] Building C object CMakeFiles/app.dir/quandiso/src/charger.c.obj
[npcx7:rw] [215/320] Building C object zephyr/drivers/flash/CMakeFiles/drivers__flash.dir/flash_npcx_fiu_qspi.c.obj
[npcx7:rw] [216/320] Linking C static library zephyr/drivers/flash/libdrivers__flash.a
[quandiso:rw] [150/404] Building C object CMakeFiles/app.dir/quandiso/src/fan.c.obj
[wyrdeer:rw] [211/379] Building ASM object zephyr/arch/arch/riscv/core/CMakeFiles/arch__riscv__core.dir/reset.S.obj
[wyrdeer:rw] [212/379] Building C object zephyr/arch/arch/riscv/core/CMakeFiles/arch__riscv__core.dir/reboot.c.obj
[wyrdeer:rw] [213/379] Building ASM object zephyr/arch/arch/riscv/core/CMakeFiles/arch__riscv__core.dir/switch.S.obj
[npcx7:rw] [217/320] Building C object zephyr/drivers/gpio/CMakeFiles/drivers__gpio.dir/gpio_npcx.c.obj
[quandiso:ro] [279/404] Building C object zephyr/drivers/interrupt_controller/CMakeFiles/drivers__interrupt_controller.dir/intc_ite_it8xxx2.c.obj
[npcx7:rw] [218/320] Building C object zephyr/drivers/i2c/CMakeFiles/drivers__i2c.dir/i2c_common.c.obj
[npcx7:rw] [219/320] Linking C static library zephyr/drivers/gpio/libdrivers__gpio.a
[npcx7:rw] [220/320] Building C object zephyr/drivers/i2c/CMakeFiles/drivers__i2c.dir/i2c_shell.c.obj
[quandiso:ro] [280/404] Building C object zephyr/drivers/interrupt_controller/CMakeFiles/drivers__interrupt_controller.dir/wuc_ite_it8xxx2.c.obj
[quandiso:ro] [281/404] Linking C static library zephyr/drivers/interrupt_controller/libdrivers__interrupt_controller.a
[quandiso:ro] [282/404] Building C object zephyr/drivers/adc/CMakeFiles/drivers__adc.dir/adc_common.c.obj
[wyrdeer:rw] [214/379] Building C object zephyr/arch/arch/riscv/core/CMakeFiles/arch__riscv__core.dir/thread.c.obj
[quandiso:rw] [151/404] Building C object zephyr/CMakeFiles/zephyr.dir/lib/libc/validate_libc.c.obj
[quandiso:rw] [152/404] Building C object zephyr/CMakeFiles/zephyr.dir/lib/heap/heap.c.obj
[quandiso:ro] [283/404] Building C object zephyr/drivers/adc/CMakeFiles/drivers__adc.dir/adc_ite_it8xxx2.c.obj
[quandiso:rw] [153/404] Building C object CMakeFiles/app.dir/quandiso/src/usbc.c.obj
[quandiso:ro] [284/404] Linking C static library zephyr/drivers/adc/libdrivers__adc.a
[quandiso:rw] [154/404] Linking C static library app/libapp.a
[npcx7:rw] [221/320] Building C object zephyr/drivers/i2c/CMakeFiles/drivers__i2c.dir/i2c_npcx_controller.c.obj
[npcx7:rw] [222/320] Building C object zephyr/drivers/pinctrl/CMakeFiles/drivers__pinctrl.dir/common.c.obj
[wyrdeer:rw] [215/379] Building ASM object zephyr/arch/arch/riscv/core/CMakeFiles/arch__riscv__core.dir/pmp.S.obj
[wyrdeer:rw] [216/379] Building C object zephyr/arch/arch/riscv/core/CMakeFiles/arch__riscv__core.dir/pmp.c.obj
[wyrdeer:rw] [217/379] Building ASM object zephyr/arch/arch/riscv/core/CMakeFiles/arch__riscv__core.dir/isr.S.obj
[wyrdeer:rw] [218/379] Generating ../../../include/generated/libc/minimal/strerror_table.h
[quandiso:ro] [285/404] Building C object zephyr/drivers/bbram/CMakeFiles/drivers__bbram.dir/bbram_it8xxx2.c.obj
[npcx7:rw] [223/320] Building C object zephyr/drivers/i2c/CMakeFiles/drivers__i2c.dir/i2c_npcx_controller_fifo.c.obj
[quandiso:ro] [286/404] Linking C static library zephyr/drivers/bbram/libdrivers__bbram.a
[npcx7:rw] [224/320] Building C object zephyr/drivers/i2c/CMakeFiles/drivers__i2c.dir/i2c_npcx_port.c.obj
[quandiso:ro] [287/404] Building C object zephyr/drivers/console/CMakeFiles/drivers__console.dir/uart_console.c.obj
[npcx7:rw] [225/320] Linking C static library zephyr/drivers/i2c/libdrivers__i2c.a
[wyrdeer:rw] [219/379] Building C object zephyr/lib/libc/minimal/CMakeFiles/lib__libc__minimal.dir/source/stdlib/atoi.c.obj
[quandiso:ro] [288/404] Building C object zephyr/drivers/eeprom/CMakeFiles/drivers__eeprom.dir/eeprom_shell.c.obj
[quandiso:ro] [289/404] Linking C static library zephyr/drivers/console/libdrivers__console.a
[wyrdeer:rw] [220/379] Building C object zephyr/lib/libc/common/CMakeFiles/lib__libc__common.dir/source/time/asctime.c.obj
[quandiso:rw] [155/404] Building C object zephyr/CMakeFiles/zephyr.dir/lib/os/clock.c.obj
[quandiso:rw] [156/404] Building C object zephyr/CMakeFiles/zephyr.dir/lib/os/cbprintf_packaged.c.obj
[wyrdeer:rw] [221/379] Building C object zephyr/lib/libc/minimal/CMakeFiles/lib__libc__minimal.dir/source/stdlib/strtol.c.obj
[wyrdeer:rw] [222/379] Building C object zephyr/arch/arch/riscv/core/CMakeFiles/arch__riscv__core.dir/stacktrace.c.obj
[quandiso:ro] [290/404] Building C object zephyr/drivers/eeprom/CMakeFiles/drivers__eeprom.dir/eeprom_at2x.c.obj
[npcx7:rw] [226/320] Building C object zephyr/drivers/pinctrl/CMakeFiles/drivers__pinctrl.dir/pinctrl_npcx.c.obj
[wyrdeer:rw] [223/379] Linking C static library zephyr/arch/arch/riscv/core/libarch__riscv__core.a
[quandiso:ro] [291/404] Linking C static library zephyr/drivers/eeprom/libdrivers__eeprom.a
[quandiso:rw] [157/404] Building C object zephyr/CMakeFiles/zephyr.dir/lib/os/printk.c.obj
[npcx7:rw] [227/320] Building C object zephyr/drivers/pwm/CMakeFiles/drivers__pwm.dir/pwm_shell.c.obj
[npcx7:rw] [228/320] Linking C static library zephyr/drivers/pinctrl/libdrivers__pinctrl.a
[wyrdeer:rw] [224/379] Building C object zephyr/lib/libc/minimal/CMakeFiles/lib__libc__minimal.dir/source/stdlib/strtoul.c.obj
[wyrdeer:rw] [225/379] Building C object zephyr/lib/libc/minimal/CMakeFiles/lib__libc__minimal.dir/source/stdlib/strtoll.c.obj
[wyrdeer:rw] [226/379] Building C object zephyr/lib/libc/common/CMakeFiles/lib__libc__common.dir/source/stdlib/abort.c.obj
[wyrdeer:rw] [227/379] Building C object zephyr/lib/libc/minimal/CMakeFiles/lib__libc__minimal.dir/source/stdlib/strtoull.c.obj
[npcx7:rw] [229/320] Building C object zephyr/drivers/pwm/CMakeFiles/drivers__pwm.dir/pwm_npcx.c.obj
[wyrdeer:rw] [228/379] Building C object zephyr/lib/libc/minimal/CMakeFiles/lib__libc__minimal.dir/source/stdlib/bsearch.c.obj
[npcx7:rw] [230/320] Linking C static library zephyr/drivers/pwm/libdrivers__pwm.a
[wyrdeer:rw] [229/379] Building C object zephyr/lib/libc/minimal/CMakeFiles/lib__libc__minimal.dir/source/string/strncasecmp.c.obj
[quandiso:rw] [158/404] Building C object zephyr/CMakeFiles/zephyr.dir/lib/os/sem.c.obj
[quandiso:ro] [292/404] Building C object zephyr/drivers/espi/CMakeFiles/drivers__espi.dir/espi_it8xxx2.c.obj
[quandiso:ro] [293/404] Building C object zephyr/drivers/flash/CMakeFiles/drivers__flash.dir/flash_ite_it8xxx2.c.obj
[wyrdeer:rw] [230/379] Building C object zephyr/lib/libc/minimal/CMakeFiles/lib__libc__minimal.dir/source/stdlib/qsort.c.obj
[npcx7:rw] [231/320] Building C object zephyr/drivers/sensor/nuvoton/nuvoton_tach_npcx/CMakeFiles/drivers__sensor__nuvoton__nuvoton_tach_npcx.dir/tach_nuvoton_npcx.c.obj
[quandiso:ro] [294/404] Linking C static library zephyr/drivers/espi/libdrivers__espi.a
[quandiso:ro] [295/404] Linking C static library zephyr/drivers/flash/libdrivers__flash.a
[quandiso:ro] [296/404] Building C object zephyr/drivers/gpio/CMakeFiles/drivers__gpio.dir/gpio_ite_it8xxx2.c.obj
[npcx7:rw] [232/320] Linking C static library zephyr/drivers/sensor/nuvoton/nuvoton_tach_npcx/libdrivers__sensor__nuvoton__nuvoton_tach_npcx.a
[wyrdeer:rw] [231/379] Building C object zephyr/lib/libc/minimal/CMakeFiles/lib__libc__minimal.dir/source/string/strerror.c.obj
[wyrdeer:rw] [232/379] Building C object zephyr/lib/libc/minimal/CMakeFiles/lib__libc__minimal.dir/source/string/strstr.c.obj
[quandiso:rw] [159/404] Building C object zephyr/CMakeFiles/zephyr.dir/lib/os/cbprintf_nano.c.obj
[quandiso:rw] [160/404] Building C object zephyr/CMakeFiles/zephyr.dir/lib/os/thread_entry.c.obj
[quandiso:ro] [297/404] Building C object zephyr/drivers/gpio/CMakeFiles/drivers__gpio.dir/gpio_kscan_ite_it8xxx2.c.obj
[wyrdeer:rw] [233/379] Building C object zephyr/lib/libc/minimal/CMakeFiles/lib__libc__minimal.dir/source/string/string.c.obj
[wyrdeer:rw] [234/379] Building C object zephyr/lib/libc/minimal/CMakeFiles/lib__libc__minimal.dir/source/string/strspn.c.obj
[npcx7:rw] [233/320] Building C object zephyr/drivers/syscon/CMakeFiles/drivers__syscon.dir/syscon.c.obj
[quandiso:ro] [298/404] Linking C static library zephyr/drivers/gpio/libdrivers__gpio.a
[npcx7:rw] [234/320] Linking C static library zephyr/drivers/syscon/libdrivers__syscon.a
[wyrdeer:rw] [235/379] Building C object zephyr/lib/libc/minimal/CMakeFiles/lib__libc__minimal.dir/source/stdlib/exit.c.obj
[npcx7:rw] [235/320] Building C object zephyr/drivers/serial/CMakeFiles/drivers__serial.dir/uart_npcx.c.obj
[quandiso:rw] [161/404] Building C object zephyr/CMakeFiles/zephyr.dir/lib/utils/dec.c.obj
[npcx7:rw] [236/320] Building C object zephyr/drivers/timer/CMakeFiles/drivers__timer.dir/sys_clock_init.c.obj
[npcx7:rw] [237/320] Linking C static library zephyr/drivers/serial/libdrivers__serial.a
[quandiso:rw] [162/404] Building C object zephyr/CMakeFiles/zephyr.dir/lib/os/cbprintf.c.obj
[quandiso:ro] [299/404] Building C object zephyr/drivers/i2c/CMakeFiles/drivers__i2c.dir/i2c_bitbang.c.obj
[wyrdeer:rw] [236/379] Building C object zephyr/lib/libc/minimal/CMakeFiles/lib__libc__minimal.dir/source/math/sqrtf.c.obj
[npcx7:rw] [238/320] Building C object zephyr/drivers/timer/CMakeFiles/drivers__timer.dir/npcx_itim_timer.c.obj
[quandiso:rw] [163/404] Building C object zephyr/CMakeFiles/zephyr.dir/lib/utils/hex.c.obj
[wyrdeer:rw] [237/379] Building C object zephyr/lib/libc/minimal/CMakeFiles/lib__libc__minimal.dir/source/stdout/stdout_console.c.obj
[wyrdeer:rw] [238/379] Building C object zephyr/lib/libc/minimal/CMakeFiles/lib__libc__minimal.dir/source/stdout/fprintf.c.obj
[npcx7:rw] [239/320] Linking C static library zephyr/drivers/timer/libdrivers__timer.a
[quandiso:ro] [300/404] Building C object zephyr/drivers/i2c/CMakeFiles/drivers__i2c.dir/i2c_common.c.obj
[wyrdeer:rw] [239/379] Building C object zephyr/lib/libc/minimal/CMakeFiles/lib__libc__minimal.dir/source/stdout/sprintf.c.obj
[quandiso:ro] [301/404] Building C object zephyr/drivers/i2c/CMakeFiles/drivers__i2c.dir/i2c_shell.c.obj
[quandiso:rw] [164/404] Building C object zephyr/CMakeFiles/zephyr.dir/lib/os/assert.c.obj
[wyrdeer:rw] [240/379] Building C object zephyr/lib/libc/common/CMakeFiles/lib__libc__common.dir/source/time/gmtime_r.c.obj
[wyrdeer:rw] [241/379] Building C object zephyr/lib/libc/minimal/CMakeFiles/lib__libc__minimal.dir/source/math/sqrt.c.obj
[npcx7:rw] [240/320] Building C object zephyr/drivers/watchdog/CMakeFiles/drivers__watchdog.dir/wdt_npcx.c.obj
[wyrdeer:rw] [242/379] Building C object zephyr/lib/libc/common/CMakeFiles/lib__libc__common.dir/source/time/localtime_r_utc.c.obj
[quandiso:rw] [165/404] Building C object zephyr/CMakeFiles/zephyr.dir/lib/utils/timeutil.c.obj
[wyrdeer:rw] [243/379] Building C object zephyr/lib/libc/common/CMakeFiles/lib__libc__common.dir/source/time/ctime.c.obj
[quandiso:ro] [302/404] Building C object zephyr/drivers/i2c/CMakeFiles/drivers__i2c.dir/i2c_ite_enhance.c.obj
[wyrdeer:rw] [244/379] Building C object zephyr/lib/libc/common/CMakeFiles/lib__libc__common.dir/source/time/time.c.obj
[npcx7:rw] [241/320] Building C object zephyr/drivers/watchdog/CMakeFiles/drivers__watchdog.dir/wdt_shell.c.obj
[quandiso:rw] [166/404] Building C object zephyr/CMakeFiles/zephyr.dir/lib/utils/rb.c.obj
[npcx7:rw] [242/320] Linking C static library zephyr/drivers/watchdog/libdrivers__watchdog.a
[wyrdeer:rw] [245/379] Building C object zephyr/lib/libc/common/CMakeFiles/lib__libc__common.dir/source/string/strnlen.c.obj
[wyrdeer:rw] [246/379] Building C object zephyr/lib/posix/c_lib_ext/CMakeFiles/lib__posix__c_lib_ext.dir/fnmatch.c.obj
[npcx7:rw] [243/320] Building C object modules/ec/zephyr/CMakeFiles/ec_shim.dir/app/ec/ec_app_main.c.obj
[quandiso:rw] [167/404] Building C object zephyr/CMakeFiles/zephyr.dir/lib/utils/bitmask.c.obj
[quandiso:ro] [303/404] Building C object zephyr/drivers/pinctrl/CMakeFiles/drivers__pinctrl.dir/common.c.obj
[quandiso:ro] [304/404] Building C object zephyr/drivers/i2c/CMakeFiles/drivers__i2c.dir/i2c_ite_it8xxx2.c.obj
[wyrdeer:rw] [247/379] Building C object zephyr/lib/libc/minimal/CMakeFiles/lib__libc__minimal.dir/source/time/gmtime.c.obj
[npcx7:rw] [244/320] Building C object modules/ec/zephyr/CMakeFiles/ec_shim.dir/app/ec/main_shim.c.obj
[quandiso:rw] [168/404] Building C object zephyr/CMakeFiles/zephyr.dir/lib/utils/bitarray.c.obj
[wyrdeer:rw] [248/379] Linking C static library zephyr/lib/libc/minimal/liblib__libc__minimal.a
[quandiso:ro] [305/404] Linking C static library zephyr/drivers/i2c/libdrivers__i2c.a
[quandiso:ro] [306/404] Building C object zephyr/drivers/pinctrl/CMakeFiles/drivers__pinctrl.dir/pinctrl_ite_it8xxx2.c.obj
[quandiso:ro] [307/404] Building C object zephyr/drivers/pwm/CMakeFiles/drivers__pwm.dir/pwm_shell.c.obj
[wyrdeer:rw] [249/379] Building C object zephyr/subsys/crc/CMakeFiles/subsys__crc.dir/crc4_sw.c.obj
[quandiso:ro] [308/404] Linking C static library zephyr/drivers/pinctrl/libdrivers__pinctrl.a
[wyrdeer:rw] [250/379] Building C object zephyr/lib/libc/common/CMakeFiles/lib__libc__common.dir/source/stdlib/malloc.c.obj
[wyrdeer:rw] [251/379] Building C object zephyr/subsys/crc/CMakeFiles/subsys__crc.dir/crc8_sw.c.obj
[npcx7:rw] [245/320] Building C object modules/ec/zephyr/CMakeFiles/ec_shim.dir/drivers/cros_flash/cros_flash_npcx.c.obj
[wyrdeer:rw] [252/379] Building C object zephyr/lib/posix/c_lib_ext/CMakeFiles/lib__posix__c_lib_ext.dir/getopt_shim.c.obj
[wyrdeer:rw] [253/379] Linking C static library zephyr/lib/libc/common/liblib__libc__common.a
[quandiso:rw] [169/404] Building C object zephyr/CMakeFiles/zephyr.dir/lib/utils/getopt/getopt.c.obj
[quandiso:rw] [170/404] Building C object zephyr/CMakeFiles/zephyr.dir/lib/utils/ring_buffer.c.obj
[wyrdeer:rw] [254/379] Building C object zephyr/subsys/crc/CMakeFiles/subsys__crc.dir/crc24_sw.c.obj
[wyrdeer:rw] [255/379] Building C object zephyr/subsys/crc/CMakeFiles/subsys__crc.dir/crc7_sw.c.obj
[wyrdeer:rw] [256/379] Building C object zephyr/subsys/crc/CMakeFiles/subsys__crc.dir/crc16_sw.c.obj
[wyrdeer:rw] [257/379] Building C object zephyr/lib/posix/c_lib_ext/CMakeFiles/lib__posix__c_lib_ext.dir/getentropy.c.obj
[npcx7:rw] [246/320] Building C object modules/ec/zephyr/CMakeFiles/ec_shim.dir/drivers/cros_kblight/pwm_kblight.c.obj
[npcx7:rw] [247/320] Building C object modules/ec/zephyr/CMakeFiles/ec_shim.dir/drivers/cros_kb_raw/cros_kb_raw_npcx.c.obj
[quandiso:rw] [171/404] Building C object zephyr/CMakeFiles/zephyr.dir/lib/utils/last_section_id.c.obj
[quandiso:rw] [172/404] Building C object zephyr/CMakeFiles/zephyr.dir/lib/utils/getopt/getopt_common.c.obj
[quandiso:ro] [309/404] Building C object zephyr/drivers/pwm/CMakeFiles/drivers__pwm.dir/pwm_ite_it8xxx2.c.obj
[quandiso:rw] [173/404] Building C object zephyr/CMakeFiles/zephyr.dir/misc/generated/configs.c.obj
[wyrdeer:rw] [258/379] Building C object zephyr/subsys/crc/CMakeFiles/subsys__crc.dir/crc32c_sw.c.obj
[wyrdeer:rw] [259/379] Linking C static library zephyr/lib/posix/c_lib_ext/liblib__posix__c_lib_ext.a
[wyrdeer:rw] [260/379] Building C object zephyr/subsys/crc/CMakeFiles/subsys__crc.dir/crc32_sw.c.obj
[wyrdeer:rw] [261/379] Building C object zephyr/subsys/crc/CMakeFiles/subsys__crc.dir/crc32k_4_2_sw.c.obj
[wyrdeer:rw] [262/379] Linking C static library zephyr/subsys/crc/libsubsys__crc.a
[quandiso:ro] [310/404] Linking C static library zephyr/drivers/pwm/libdrivers__pwm.a
[quandiso:ro] [311/404] Building C object zephyr/drivers/sensor/ite/ite_tach_it8xxx2/CMakeFiles/drivers__sensor__ite__ite_tach_it8xxx2.dir/tach_ite_it8xxx2.c.obj
[npcx7:rw] [248/320] Building C object modules/ec/zephyr/CMakeFiles/ec_shim.dir/drivers/cros_rtc/cros_rtc_npcx.c.obj
[quandiso:ro] [312/404] Linking C static library zephyr/drivers/sensor/ite/ite_tach_it8xxx2/libdrivers__sensor__ite__ite_tach_it8xxx2.a
[quandiso:rw] [174/404] Building ASM object zephyr/CMakeFiles/zephyr.dir/soc/ite/ec/common/soc_irq.S.obj
[quandiso:ro] [313/404] Building C object zephyr/drivers/serial/CMakeFiles/drivers__serial.dir/uart_ite_it8xxx2.c.obj
[npcx7:rw] [249/320] Building C object modules/ec/zephyr/CMakeFiles/ec_shim.dir/drivers/cros_system/cros_system_npcx.c.obj
[quandiso:rw] [175/404] Building C object zephyr/CMakeFiles/zephyr.dir/soc/ite/ec/common/soc_common_irq.c.obj
[quandiso:ro] [314/404] Building C object zephyr/drivers/sensor/ite/ite_vcmp_it8xxx2/CMakeFiles/drivers__sensor__ite__ite_vcmp_it8xxx2.dir/vcmp_ite_it8xxx2.c.obj
[npcx7:rw] [250/320] Building C object modules/ec/zephyr/CMakeFiles/ec_shim.dir/shim/chip/npcx/clock.c.obj
[wyrdeer:rw] [263/379] Building C object zephyr/drivers/interrupt_controller/CMakeFiles/drivers__interrupt_controller.dir/intc_ite_it8xxx2.c.obj
[wyrdeer:rw] [264/379] Building C object zephyr/drivers/adc/CMakeFiles/drivers__adc.dir/adc_common.c.obj
[quandiso:ro] [315/404] Linking C static library zephyr/drivers/sensor/ite/ite_vcmp_it8xxx2/libdrivers__sensor__ite__ite_vcmp_it8xxx2.a
[wyrdeer:rw] [265/379] Building C object zephyr/drivers/interrupt_controller/CMakeFiles/drivers__interrupt_controller.dir/wuc_ite_it8xxx2.c.obj
[quandiso:rw] [176/404] Building C object zephyr/CMakeFiles/zephyr.dir/soc/ite/ec/common/power.c.obj
[wyrdeer:rw] [266/379] Linking C static library zephyr/drivers/interrupt_controller/libdrivers__interrupt_controller.a
[npcx7:rw] [251/320] Building C object modules/ec/zephyr/CMakeFiles/ec_shim.dir/shim/chip/npcx/gpio.c.obj
[quandiso:rw] [177/404] Building C object zephyr/CMakeFiles/zephyr.dir/soc/ite/ec/common/policy.c.obj
[npcx7:rw] [252/320] Building C object modules/ec/zephyr/CMakeFiles/ec_shim.dir/drivers/vivaldi_kbd/vivaldi_kbd.c.obj
[wyrdeer:rw] [267/379] Building C object zephyr/drivers/adc/CMakeFiles/drivers__adc.dir/adc_ite_it8xxx2.c.obj
[quandiso:ro] [316/404] Building C object zephyr/drivers/timer/CMakeFiles/drivers__timer.dir/sys_clock_init.c.obj
[quandiso:ro] [317/404] Building C object zephyr/drivers/serial/CMakeFiles/drivers__serial.dir/uart_ns16550.c.obj
[wyrdeer:rw] [268/379] Linking C static library zephyr/drivers/adc/libdrivers__adc.a
[quandiso:ro] [318/404] Linking C static library zephyr/drivers/serial/libdrivers__serial.a
[quandiso:ro] [319/404] Building C object zephyr/drivers/timer/CMakeFiles/drivers__timer.dir/ite_it8xxx2_timer.c.obj
[quandiso:ro] [320/404] Linking C static library zephyr/drivers/timer/libdrivers__timer.a
[npcx7:rw] [253/320] Building C object modules/ec/zephyr/CMakeFiles/ec_shim.dir/shim/chip/npcx/rom_chip.c.obj
[quandiso:rw] [178/404] Building ASM object zephyr/CMakeFiles/zephyr.dir/soc/ite/ec/it8xxx2/vector.S.obj
[quandiso:rw] [179/404] Building C object zephyr/CMakeFiles/zephyr.dir/soc/ite/ec/it8xxx2/check_regs.c.obj
[quandiso:rw] [180/404] Building C object zephyr/CMakeFiles/zephyr.dir/soc/ite/ec/it8xxx2/soc.c.obj
[wyrdeer:rw] [269/379] Building C object zephyr/drivers/bbram/CMakeFiles/drivers__bbram.dir/bbram_it8xxx2.c.obj
[npcx7:rw] [254/320] Building C object modules/ec/zephyr/CMakeFiles/ec_shim.dir/shim/chip/npcx/keyboard_raw.c.obj
[quandiso:rw] [181/404] Building ASM object zephyr/CMakeFiles/zephyr.dir/soc/ite/ec/it8xxx2/__arithmetic.S.obj
[wyrdeer:rw] [270/379] Building C object zephyr/drivers/console/CMakeFiles/drivers__console.dir/uart_console.c.obj
[wyrdeer:rw] [271/379] Linking C static library zephyr/drivers/bbram/libdrivers__bbram.a
[wyrdeer:rw] [272/379] Linking C static library zephyr/drivers/console/libdrivers__console.a
[wyrdeer:rw] [273/379] Building C object zephyr/drivers/eeprom/CMakeFiles/drivers__eeprom.dir/eeprom_shell.c.obj
[quandiso:ro] [321/404] Building C object zephyr/drivers/watchdog/CMakeFiles/drivers__watchdog.dir/wdt_ite_it8xxx2.c.obj
[quandiso:ro] [322/404] Building C object zephyr/drivers/watchdog/CMakeFiles/drivers__watchdog.dir/wdt_shell.c.obj
[npcx7:rw] [255/320] Building C object modules/ec/zephyr/CMakeFiles/ec_shim.dir/shim/chip/npcx/system_external_storage.c.obj
[quandiso:ro] [323/404] Linking C static library zephyr/drivers/watchdog/libdrivers__watchdog.a
[npcx7:rw] [256/320] Building C object modules/ec/zephyr/CMakeFiles/ec_shim.dir/shim/chip/npcx/system.c.obj
[wyrdeer:rw] [274/379] Building C object zephyr/drivers/eeprom/CMakeFiles/drivers__eeprom.dir/eeprom_at2x.c.obj
[wyrdeer:rw] [275/379] Linking C static library zephyr/drivers/eeprom/libdrivers__eeprom.a
[quandiso:rw] [182/404] Building C object zephyr/CMakeFiles/zephyr.dir/soc/ite/ec/it8xxx2/ilm.c.obj
[quandiso:ro] [324/404] Building C object modules/ec/zephyr/CMakeFiles/ec_shim.dir/app/ec/main_shim.c.obj
[npcx7:rw] [257/320] Building C object modules/ec/zephyr/CMakeFiles/ec_shim.dir/shim/chip/npcx/power_policy.c.obj
[quandiso:rw] [183/404] Building C object zephyr/CMakeFiles/zephyr.dir/subsys/logging/log_minimal.c.obj
[quandiso:ro] [325/404] Building C object modules/ec/zephyr/CMakeFiles/ec_shim.dir/app/ec/ec_app_main.c.obj
[quandiso:rw] [184/404] Building C object zephyr/CMakeFiles/zephyr.dir/subsys/pm/pm.c.obj
[npcx7:rw] [258/320] Building C object modules/ec/zephyr/CMakeFiles/ec_shim.dir/shim/core/cortex-m/irq_command.c.obj
[wyrdeer:rw] [276/379] Building C object zephyr/drivers/flash/CMakeFiles/drivers__flash.dir/flash_ite_it8xxx2.c.obj
[wyrdeer:rw] [277/379] Building C object zephyr/drivers/gpio/CMakeFiles/drivers__gpio.dir/gpio_kscan_ite_it8xxx2.c.obj
[wyrdeer:rw] [278/379] Linking C static library zephyr/drivers/flash/libdrivers__flash.a
[npcx7:rw] [259/320] Building C object modules/ec/zephyr/CMakeFiles/ec_shim.dir/shim/src/crc.c.obj
[wyrdeer:rw] [279/379] Building C object zephyr/drivers/gpio/CMakeFiles/drivers__gpio.dir/gpio_ite_it8xxx2.c.obj
[quandiso:ro] [326/404] Building C object modules/ec/zephyr/CMakeFiles/ec_shim.dir/app/ec/chip/riscv/riscv-ite/it8xxx2-espi.c.obj
[wyrdeer:rw] [280/379] Linking C static library zephyr/drivers/gpio/libdrivers__gpio.a
[npcx7:rw] [260/320] Building C object modules/ec/zephyr/CMakeFiles/ec_shim.dir/shim/core/cortex-m/panic.c.obj
[npcx7:rw] [261/320] Building C object modules/ec/zephyr/CMakeFiles/ec_shim.dir/shim/core/cortex-m/mpu.c.obj
[quandiso:rw] [185/404] Building C object zephyr/CMakeFiles/zephyr.dir/subsys/pm/state.c.obj
[quandiso:ro] [327/404] Building C object modules/ec/zephyr/CMakeFiles/ec_shim.dir/drivers/cros_flash/cros_flash_it8xxx2.c.obj
[wyrdeer:rw] [281/379] Building C object zephyr/drivers/i2c/CMakeFiles/drivers__i2c.dir/i2c_common.c.obj
[quandiso:rw] [186/404] Building C object zephyr/CMakeFiles/zephyr.dir/subsys/pm/policy/policy_latency.c.obj
[quandiso:rw] [187/404] Building C object zephyr/CMakeFiles/zephyr.dir/subsys/pm/policy/policy_events.c.obj
[npcx7:rw] [262/320] Building C object modules/ec/zephyr/CMakeFiles/ec_shim.dir/shim/src/console.c.obj
[quandiso:ro] [328/404] Building C object modules/ec/zephyr/CMakeFiles/ec_shim.dir/drivers/cros_kb_raw/cros_kb_raw_ite.c.obj
[quandiso:ro] [329/404] Building C object modules/ec/zephyr/CMakeFiles/ec_shim.dir/drivers/cros_kblight/pwm_kblight.c.obj
[wyrdeer:rw] [282/379] Building C object zephyr/drivers/i2c/CMakeFiles/drivers__i2c.dir/i2c_bitbang.c.obj
[wyrdeer:rw] [283/379] Building C object zephyr/drivers/i2c/CMakeFiles/drivers__i2c.dir/i2c_shell.c.obj
[quandiso:rw] [188/404] Building C object zephyr/CMakeFiles/zephyr.dir/subsys/pm/policy/policy_state_lock.c.obj
[wyrdeer:rw] [284/379] Building C object zephyr/drivers/i2c/CMakeFiles/drivers__i2c.dir/i2c_ite_enhance.c.obj
[npcx7:rw] [263/320] Building C object modules/ec/zephyr/CMakeFiles/ec_shim.dir/shim/src/panic_utils.c.obj
[npcx7:rw] [264/320] Building C object modules/ec/zephyr/CMakeFiles/ec_shim.dir/shim/src/gpio.c.obj
[quandiso:ro] [330/404] Building C object modules/ec/zephyr/CMakeFiles/ec_shim.dir/drivers/cros_system/cros_system_it8xxx2.c.obj
[npcx7:rw] [265/320] Building C object modules/ec/zephyr/CMakeFiles/ec_shim.dir/shim/src/gpio_int.c.obj
[quandiso:rw] [189/404] Building C object zephyr/CMakeFiles/zephyr.dir/subsys/pm/device.c.obj
[wyrdeer:rw] [285/379] Building C object zephyr/drivers/i2c/CMakeFiles/drivers__i2c.dir/i2c_ite_it8xxx2.c.obj
[npcx7:rw] [266/320] Building ASM object modules/ec/zephyr/CMakeFiles/ec_shim.dir/shim/src/libgcc_arm.S.obj
[quandiso:rw] [190/404] Building C object zephyr/CMakeFiles/zephyr.dir/subsys/pm/device_system_managed.c.obj
[npcx7:rw] [267/320] Building C object modules/ec/zephyr/CMakeFiles/ec_shim.dir/shim/src/pm_state.c.obj
[wyrdeer:rw] [286/379] Building C object zephyr/drivers/pinctrl/CMakeFiles/drivers__pinctrl.dir/common.c.obj
[wyrdeer:rw] [287/379] Linking C static library zephyr/drivers/i2c/libdrivers__i2c.a
[quandiso:ro] [331/404] Building C object modules/ec/zephyr/CMakeFiles/ec_shim.dir/drivers/vivaldi_kbd/vivaldi_kbd.c.obj
[quandiso:ro] [332/404] Building C object modules/ec/zephyr/CMakeFiles/ec_shim.dir/shim/chip/it8xxx2/clock.c.obj
[quandiso:rw] [191/404] Building C object zephyr/CMakeFiles/zephyr.dir/subsys/testsuite/coverage/coverage.c.obj
[wyrdeer:rw] [288/379] Building C object zephyr/drivers/pinctrl/CMakeFiles/drivers__pinctrl.dir/pinctrl_ite_it8xxx2.c.obj
[quandiso:ro] [333/404] Building C object modules/ec/zephyr/CMakeFiles/ec_shim.dir/shim/chip/it8xxx2/gpio.c.obj
[wyrdeer:rw] [289/379] Linking C static library zephyr/drivers/pinctrl/libdrivers__pinctrl.a
[npcx7:rw] [268/320] Building C object modules/ec/zephyr/CMakeFiles/ec_shim.dir/shim/src/cbi/cros_cbi.c.obj
[wyrdeer:rw] [290/379] Building C object zephyr/drivers/serial/CMakeFiles/drivers__serial.dir/uart_ite_it8xxx2.c.obj
[npcx7:rw] [269/320] Building C object modules/ec/zephyr/CMakeFiles/ec_shim.dir/shim/src/system.c.obj
[quandiso:rw] [192/404] Building C object zephyr/CMakeFiles/zephyr.dir/subsys/tracing/tracing_none.c.obj
[quandiso:ro] [334/404] Building C object modules/ec/zephyr/CMakeFiles/ec_shim.dir/shim/chip/it8xxx2/system.c.obj
[npcx7:rw] [270/320] Building C object modules/ec/zephyr/CMakeFiles/ec_shim.dir/shim/src/adc.c.obj
[quandiso:rw] [193/404] Building C object zephyr/CMakeFiles/zephyr.dir/subsys/shell/modules/kernel_service/kernel_shell.c.obj
[wyrdeer:rw] [291/379] Building C object zephyr/drivers/timer/CMakeFiles/drivers__timer.dir/sys_clock_init.c.obj
[quandiso:ro] [335/404] Building C object modules/ec/zephyr/CMakeFiles/ec_shim.dir/shim/src/crc.c.obj
[wyrdeer:rw] [292/379] Building C object zephyr/drivers/serial/CMakeFiles/drivers__serial.dir/uart_ns16550.c.obj
[quandiso:ro] [336/404] Building C object modules/ec/zephyr/CMakeFiles/ec_shim.dir/shim/chip/it8xxx2/keyboard_raw.c.obj
[wyrdeer:rw] [293/379] Linking C static library zephyr/drivers/serial/libdrivers__serial.a
[quandiso:rw] [194/404] Building C object zephyr/CMakeFiles/zephyr.dir/subsys/shell/modules/kernel_service/cycles.c.obj
[quandiso:ro] [337/404] Building C object modules/ec/zephyr/CMakeFiles/ec_shim.dir/shim/chip/it8xxx2/power_policy.c.obj
[npcx7:rw] [271/320] Building C object modules/ec/zephyr/CMakeFiles/ec_shim.dir/shim/src/espi.c.obj
[wyrdeer:rw] [294/379] Building C object zephyr/drivers/timer/CMakeFiles/drivers__timer.dir/ite_it8xxx2_timer.c.obj
[quandiso:rw] [195/404] Building C object zephyr/CMakeFiles/zephyr.dir/subsys/shell/modules/kernel_service/sleep.c.obj
[wyrdeer:rw] [295/379] Linking C static library zephyr/drivers/timer/libdrivers__timer.a
[wyrdeer:rw] [296/379] Building C object zephyr/drivers/watchdog/CMakeFiles/drivers__watchdog.dir/wdt_ite_it8xxx2.c.obj
[quandiso:ro] [338/404] Building C object modules/ec/zephyr/CMakeFiles/ec_shim.dir/shim/src/console.c.obj
[quandiso:rw] [196/404] Building C object zephyr/CMakeFiles/zephyr.dir/subsys/shell/modules/kernel_service/uptime.c.obj
[npcx7:rw] [272/320] Building C object modules/ec/zephyr/CMakeFiles/ec_shim.dir/shim/src/flash.c.obj
[wyrdeer:rw] [297/379] Building C object zephyr/drivers/watchdog/CMakeFiles/drivers__watchdog.dir/wdt_shell.c.obj
[npcx7:rw] [273/320] Building C object modules/ec/zephyr/CMakeFiles/ec_shim.dir/shim/src/fan.c.obj
[wyrdeer:rw] [298/379] Linking C static library zephyr/drivers/watchdog/libdrivers__watchdog.a
[quandiso:rw] [197/404] Building C object zephyr/CMakeFiles/zephyr.dir/subsys/shell/modules/kernel_service/version.c.obj
[npcx7:rw] [274/320] Building C object modules/ec/zephyr/CMakeFiles/ec_shim.dir/shim/src/hooks.c.obj
[quandiso:ro] [339/404] Building C object modules/ec/zephyr/CMakeFiles/ec_shim.dir/shim/src/gpio_int.c.obj
[quandiso:ro] [340/404] Building C object modules/ec/zephyr/CMakeFiles/ec_shim.dir/shim/src/gpio.c.obj
[quandiso:ro] [341/404] Building C object modules/ec/zephyr/CMakeFiles/ec_shim.dir/shim/src/panic_utils.c.obj
[quandiso:rw] [198/404] Building C object zephyr/CMakeFiles/zephyr.dir/subsys/shell/modules/kernel_service/thread/thread.c.obj
[wyrdeer:rw] [299/379] Building C object modules/ec/zephyr/CMakeFiles/ec_shim.dir/app/ec/ec_app_main.c.obj
[npcx7:rw] [275/320] Building C object modules/ec/zephyr/CMakeFiles/ec_shim.dir/shim/src/host_command.c.obj
[wyrdeer:rw] [300/379] Building C object modules/ec/zephyr/CMakeFiles/ec_shim.dir/app/ec/main_shim.c.obj
[npcx7:rw] [276/320] Building C object modules/ec/zephyr/CMakeFiles/ec_shim.dir/shim/src/console_buffer.c.obj
[quandiso:rw] [199/404] Building C object zephyr/CMakeFiles/zephyr.dir/subsys/shell/modules/kernel_service/thread/list.c.obj
[wyrdeer:rw] [301/379] Building C object modules/ec/zephyr/CMakeFiles/ec_shim.dir/drivers/cros_flash/cros_flash_it8xxx2.c.obj
[npcx7:rw] [277/320] Building C object modules/ec/zephyr/CMakeFiles/ec_shim.dir/shim/src/keyboard_raw.c.obj
[quandiso:ro] [342/404] Building C object modules/ec/zephyr/CMakeFiles/ec_shim.dir/shim/src/pm_state.c.obj
[quandiso:rw] [200/404] Building C object zephyr/CMakeFiles/zephyr.dir/subsys/shell/modules/kernel_service/thread/stacks.c.obj
[wyrdeer:rw] [302/379] Building C object modules/ec/zephyr/CMakeFiles/ec_shim.dir/drivers/cros_kb_raw/cros_kb_raw_ite.c.obj
[npcx7:rw] [278/320] Building C object modules/ec/zephyr/CMakeFiles/ec_shim.dir/shim/src/keyscan.c.obj
[quandiso:ro] [343/404] Building C object modules/ec/zephyr/CMakeFiles/ec_shim.dir/shim/src/cbi/cros_cbi.c.obj
[quandiso:ro] [344/404] Building C object modules/ec/zephyr/CMakeFiles/ec_shim.dir/shim/src/cbi/cros_cbi_fw_config.c.obj
[quandiso:rw] [201/404] Building C object zephyr/CMakeFiles/zephyr.dir/subsys/shell/modules/kernel_service/thread/unwind.c.obj
[quandiso:ro] [345/404] Building C object modules/ec/zephyr/CMakeFiles/ec_shim.dir/shim/src/cbi/cros_cbi_ssfc.c.obj
[npcx7:rw] [279/320] Building C object modules/ec/zephyr/CMakeFiles/ec_shim.dir/shim/src/panic.c.obj
[wyrdeer:rw] [303/379] Building C object modules/ec/zephyr/CMakeFiles/ec_shim.dir/drivers/cros_shi/cros_shi_it8xxx2.c.obj
[npcx7:rw] [280/320] Building C object modules/ec/zephyr/CMakeFiles/ec_shim.dir/shim/src/pwm_hc.c.obj
[quandiso:rw] [202/404] Building C object zephyr/CMakeFiles/zephyr.dir/subsys/shell/modules/kernel_service/thread/suspend.c.obj
[wyrdeer:rw] [304/379] Building C object modules/ec/zephyr/CMakeFiles/ec_shim.dir/drivers/cros_system/cros_system_it8xxx2.c.obj
[quandiso:rw] [203/404] Building C object zephyr/CMakeFiles/zephyr.dir/subsys/shell/modules/kernel_service/thread/resume.c.obj
[npcx7:rw] [281/320] Building C object modules/ec/zephyr/CMakeFiles/ec_shim.dir/shim/src/hwtimer.c.obj
[wyrdeer:rw] [305/379] Building C object modules/ec/zephyr/CMakeFiles/ec_shim.dir/shim/chip/it8xxx2/clock.c.obj
[wyrdeer:rw] [306/379] Building C object modules/ec/zephyr/CMakeFiles/ec_shim.dir/shim/chip/it8xxx2/mpu.c.obj
[npcx7:rw] [282/320] Building C object modules/ec/zephyr/CMakeFiles/ec_shim.dir/shim/src/rtc.c.obj
[quandiso:ro] [346/404] Building C object modules/ec/zephyr/CMakeFiles/ec_shim.dir/shim/src/cbi/cbi_eeprom.c.obj
[quandiso:rw] [204/404] Building C object zephyr/CMakeFiles/zephyr.dir/subsys/shell/modules/kernel_service/thread/kill.c.obj
[quandiso:ro] [347/404] Building C object modules/ec/zephyr/CMakeFiles/ec_shim.dir/shim/src/system.c.obj
[wyrdeer:rw] [307/379] Building C object modules/ec/zephyr/CMakeFiles/ec_shim.dir/shim/chip/it8xxx2/gpio.c.obj
[quandiso:ro] [348/404] Building C object modules/ec/zephyr/CMakeFiles/ec_shim.dir/shim/src/adc.c.obj
[quandiso:ro] [349/404] Building C object modules/ec/zephyr/CMakeFiles/ec_shim.dir/shim/src/battery.c.obj
[wyrdeer:rw] [308/379] Building C object modules/ec/zephyr/CMakeFiles/ec_shim.dir/shim/chip/it8xxx2/keyboard_raw.c.obj
[quandiso:rw] [205/404] Building C object zephyr/CMakeFiles/zephyr.dir/subsys/shell/modules/device_service.c.obj
[wyrdeer:rw] [309/379] Building C object modules/ec/zephyr/CMakeFiles/ec_shim.dir/shim/chip/it8xxx2/system.c.obj
[npcx7:rw] [283/320] Building C object modules/ec/zephyr/CMakeFiles/ec_shim.dir/shim/src/i2c.c.obj
[npcx7:rw] [284/320] Building C object modules/ec/zephyr/CMakeFiles/ec_shim.dir/shim/src/tasks.c.obj
[quandiso:rw] [206/404] Building C object zephyr/CMakeFiles/zephyr.dir/subsys/shell/modules/date_service.c.obj
[npcx7:rw] [285/320] Building C object modules/ec/zephyr/CMakeFiles/ec_shim.dir/shim/src/watchdog.c.obj
[quandiso:ro] [350/404] Building C object modules/ec/zephyr/CMakeFiles/ec_shim.dir/shim/src/charger.c.obj
[npcx7:rw] [286/320] Building C object modules/ec/zephyr/CMakeFiles/ec_shim.dir/shim/src/usbc_stub.c.obj
[wyrdeer:rw] [310/379] Building C object modules/ec/zephyr/CMakeFiles/ec_shim.dir/shim/chip/it8xxx2/power_policy.c.obj
[npcx7:rw] [287/320] Building C object zephyr/kernel/CMakeFiles/kernel.dir/banner.c.obj
[quandiso:rw] [207/404] Building C object zephyr/CMakeFiles/zephyr.dir/subsys/shell/modules/devmem_service.c.obj
[npcx7:rw] [288/320] Linking C static library modules/ec/zephyr/libec_shim.a
[npcx7:rw] [289/320] Building C object zephyr/kernel/CMakeFiles/kernel.dir/main_weak.c.obj
[quandiso:ro] [351/404] Building C object modules/ec/zephyr/CMakeFiles/ec_shim.dir/shim/src/chipset_api.c.obj
[wyrdeer:rw] [311/379] Building C object modules/ec/zephyr/CMakeFiles/ec_shim.dir/shim/chip/it8xxx2/shi.c.obj
[wyrdeer:rw] [312/379] Building C object modules/ec/zephyr/CMakeFiles/ec_shim.dir/shim/src/crc.c.obj
[quandiso:rw] [208/404] Building C object zephyr/CMakeFiles/zephyr.dir/subsys/shell/backends/shell_uart.c.obj
[wyrdeer:rw] [313/379] Building C object modules/ec/zephyr/CMakeFiles/ec_shim.dir/shim/core/riscv/mpu.c.obj
[wyrdeer:rw] [314/379] Building C object modules/ec/zephyr/CMakeFiles/ec_shim.dir/shim/src/console.c.obj
[quandiso:ro] [352/404] Building C object modules/ec/zephyr/CMakeFiles/ec_shim.dir/shim/src/fan.c.obj
[quandiso:ro] [353/404] Building C object modules/ec/zephyr/CMakeFiles/ec_shim.dir/shim/src/espi.c.obj
[npcx7:rw] [290/320] Building C object zephyr/kernel/CMakeFiles/kernel.dir/busy_wait.c.obj
[quandiso:rw] [209/404] Building C object zephyr/CMakeFiles/zephyr.dir/subsys/shell/shell.c.obj
[npcx7:rw] [291/320] Building C object zephyr/kernel/CMakeFiles/kernel.dir/errno.c.obj
[npcx7:rw] [292/320] Building C object zephyr/kernel/CMakeFiles/kernel.dir/device.c.obj
[npcx7:rw] [293/320] Building C object zephyr/kernel/CMakeFiles/kernel.dir/fatal.c.obj
[quandiso:ro] [354/404] Building C object modules/ec/zephyr/CMakeFiles/ec_shim.dir/shim/src/flash.c.obj
[quandiso:rw] [210/404] Building C object zephyr/CMakeFiles/zephyr.dir/subsys/shell/shell_fprintf.c.obj
[wyrdeer:rw] [315/379] Building C object modules/ec/zephyr/CMakeFiles/ec_shim.dir/shim/src/panic_utils.c.obj
[quandiso:rw] [211/404] Building C object zephyr/CMakeFiles/zephyr.dir/subsys/shell/shell_utils.c.obj
[wyrdeer:rw] [316/379] Building C object modules/ec/zephyr/CMakeFiles/ec_shim.dir/shim/src/gpio_int.c.obj
[quandiso:ro] [355/404] Building C object modules/ec/zephyr/CMakeFiles/ec_shim.dir/shim/src/host_command.c.obj
[quandiso:ro] [356/404] Building C object modules/ec/zephyr/CMakeFiles/ec_shim.dir/shim/src/hooks.c.obj
[npcx7:rw] [294/320] Building C object zephyr/kernel/CMakeFiles/kernel.dir/init.c.obj
[wyrdeer:rw] [317/379] Building C object modules/ec/zephyr/CMakeFiles/ec_shim.dir/shim/src/gpio.c.obj
[quandiso:ro] [357/404] Building C object modules/ec/zephyr/CMakeFiles/ec_shim.dir/shim/src/console_buffer.c.obj
[wyrdeer:rw] [318/379] Building C object modules/ec/zephyr/CMakeFiles/ec_shim.dir/shim/src/pm_state.c.obj
[npcx7:rw] [295/320] Building C object zephyr/kernel/CMakeFiles/kernel.dir/version.c.obj
[quandiso:rw] [212/404] Building C object zephyr/CMakeFiles/zephyr.dir/subsys/shell/shell_ops.c.obj
[/mnt/host/source/src/platform/ec/build/zephyr/skyrim-lcov]   /mnt/host/source/src/platform/ec/build/zephyr/skyrim/build-rw/CMakeFiles/app.dir/mnt/host/source/src/platform/ec/build/zephyr/skyrim/modules/ec/common/usb_pd_pdo.c.gcno:no functions found
[/mnt/host/source/src/platform/ec/build/zephyr/skyrim-lcov] stderr:
[npcx7:rw] [296/320] Building C object zephyr/kernel/CMakeFiles/kernel.dir/float.c.obj
[npcx7:rw] [297/320] Building C object zephyr/kernel/CMakeFiles/kernel.dir/mem_slab.c.obj
[npcx7:rw] [298/320] Building C object zephyr/kernel/CMakeFiles/kernel.dir/kheap.c.obj
[quandiso:rw] [213/404] Building C object zephyr/CMakeFiles/zephyr.dir/subsys/shell/shell_cmds.c.obj
[quandiso:ro] [358/404] Building C object modules/ec/zephyr/CMakeFiles/ec_shim.dir/shim/src/keyboard_raw.c.obj
[quandiso:rw] [214/404] Building C object zephyr/CMakeFiles/zephyr.dir/subsys/shell/shell_history.c.obj
[wyrdeer:rw] [319/379] Building C object modules/ec/zephyr/CMakeFiles/ec_shim.dir/shim/src/cbi/cros_cbi.c.obj
[quandiso:ro] [359/404] Building C object modules/ec/zephyr/CMakeFiles/ec_shim.dir/shim/src/mkbp_event.c.obj
[wyrdeer:rw] [320/379] Building C object modules/ec/zephyr/CMakeFiles/ec_shim.dir/shim/src/cbi/cros_cbi_ssfc.c.obj
[quandiso:ro] [360/404] Building C object modules/ec/zephyr/CMakeFiles/ec_shim.dir/shim/src/panic.c.obj
[quandiso:rw] [215/404] Building C object zephyr/CMakeFiles/zephyr.dir/subsys/shell/shell_wildcard.c.obj
[wyrdeer:rw] [321/379] Building C object modules/ec/zephyr/CMakeFiles/ec_shim.dir/shim/src/cbi/cbi_eeprom.c.obj
[npcx7:rw] [299/320] Building C object zephyr/kernel/CMakeFiles/kernel.dir/idle.c.obj
[npcx7:rw] [300/320] Building C object zephyr/kernel/CMakeFiles/kernel.dir/mailbox.c.obj
[npcx7:rw] [301/320] Building C object zephyr/kernel/CMakeFiles/kernel.dir/msg_q.c.obj
[wyrdeer:rw] [322/379] Building C object modules/ec/zephyr/CMakeFiles/ec_shim.dir/shim/src/led_driver/led.c.obj
[npcx7:rw] [302/320] Building C object zephyr/kernel/CMakeFiles/kernel.dir/mutex.c.obj
[quandiso:rw] [216/404] Building C object zephyr/arch/common/CMakeFiles/arch__common.dir/sw_isr_common.c.obj
[quandiso:ro] [361/404] Building C object modules/ec/zephyr/CMakeFiles/ec_shim.dir/shim/src/motionsense_sensors.c.obj
[quandiso:rw] [217/404] Building C object zephyr/CMakeFiles/zephyr.dir/drivers/flash/flash_util.c.obj
[quandiso:rw] [218/404] Linking C static library zephyr/libzephyr.a
[quandiso:ro] [362/404] Building C object modules/ec/zephyr/CMakeFiles/ec_shim.dir/shim/src/pwm_hc.c.obj
[wyrdeer:rw] [323/379] Building C object modules/ec/zephyr/CMakeFiles/ec_shim.dir/shim/src/led_driver/led_gpio.c.obj
[quandiso:rw] [219/404] Building C object zephyr/arch/common/CMakeFiles/arch__common.dir/dynamic_isr.c.obj
[quandiso:ro] [363/404] Building C object modules/ec/zephyr/CMakeFiles/ec_shim.dir/shim/src/thermal.c.obj
[quandiso:rw] [220/404] Building C object zephyr/arch/common/CMakeFiles/arch__common.dir/init.c.obj
[npcx7:rw] [303/320] Building C object zephyr/kernel/CMakeFiles/kernel.dir/sem.c.obj
[npcx7:rw] [304/320] Building C object zephyr/kernel/CMakeFiles/kernel.dir/stack.c.obj
[npcx7:rw] [305/320] Building C object zephyr/kernel/CMakeFiles/kernel.dir/system_work_q.c.obj
[npcx7:rw] [306/320] Building C object zephyr/kernel/CMakeFiles/kernel.dir/queue.c.obj
[wyrdeer:rw] [324/379] Building C object modules/ec/zephyr/CMakeFiles/ec_shim.dir/shim/src/system.c.obj
[quandiso:ro] [364/404] Building C object modules/ec/zephyr/CMakeFiles/ec_shim.dir/shim/src/temp_sensors.c.obj
[wyrdeer:rw] [325/379] Building C object modules/ec/zephyr/CMakeFiles/ec_shim.dir/shim/src/adc.c.obj
[quandiso:ro] [365/404] Building C object modules/ec/zephyr/CMakeFiles/ec_shim.dir/shim/src/hwtimer.c.obj
[wyrdeer:rw] [326/379] Building C object modules/ec/zephyr/CMakeFiles/ec_shim.dir/shim/src/battery.c.obj
[quandiso:rw] [221/404] Building C object zephyr/arch/common/CMakeFiles/arch__common.dir/xip.c.obj
[quandiso:rw] [222/404] Building C object zephyr/arch/common/CMakeFiles/isr_tables.dir/isr_tables.c.obj
[quandiso:rw] [223/404] Linking C static library zephyr/arch/common/libisr_tables.a
[wyrdeer:rw] [327/379] Building C object modules/ec/zephyr/CMakeFiles/ec_shim.dir/shim/src/chg_rt9490.c.obj
[quandiso:rw] [224/404] Linking C static library zephyr/arch/common/libarch__common.a
[quandiso:rw] [225/404] Building C object zephyr/arch/arch/riscv/core/CMakeFiles/arch__riscv__core.dir/cpu_idle.c.obj
[quandiso:ro] [366/404] Building C object modules/ec/zephyr/CMakeFiles/ec_shim.dir/shim/src/i2c.c.obj
[npcx7:rw] [307/320] Building C object zephyr/kernel/CMakeFiles/kernel.dir/thread.c.obj
[npcx7:rw] [308/320] Building C object zephyr/kernel/CMakeFiles/kernel.dir/condvar.c.obj
[npcx7:rw] [309/320] Building C object zephyr/kernel/CMakeFiles/kernel.dir/work.c.obj
[wyrdeer:rw] [328/379] Building C object modules/ec/zephyr/CMakeFiles/ec_shim.dir/shim/src/charger.c.obj
[quandiso:rw] [226/404] Building C object zephyr/arch/arch/riscv/core/CMakeFiles/arch__riscv__core.dir/prep_c.c.obj
[npcx7:rw] [310/320] Building C object zephyr/kernel/CMakeFiles/kernel.dir/sched.c.obj
[quandiso:ro] [367/404] Building C object modules/ec/zephyr/CMakeFiles/ec_shim.dir/shim/src/usba.c.obj
[quandiso:ro] [368/404] Building C object modules/ec/zephyr/CMakeFiles/ec_shim.dir/shim/src/tasks.c.obj
[quandiso:ro] [369/404] Building C object modules/ec/zephyr/CMakeFiles/ec_shim.dir/shim/src/watchdog.c.obj
[quandiso:rw] [227/404] Building C object zephyr/arch/arch/riscv/core/CMakeFiles/arch__riscv__core.dir/fatal.c.obj
[wyrdeer:rw] [329/379] Building C object modules/ec/zephyr/CMakeFiles/ec_shim.dir/shim/src/flash.c.obj
[wyrdeer:rw] [330/379] Building C object modules/ec/zephyr/CMakeFiles/ec_shim.dir/shim/src/hooks.c.obj
[quandiso:rw] [228/404] Building C object zephyr/arch/arch/riscv/core/CMakeFiles/arch__riscv__core.dir/irq_manage.c.obj
[npcx7:rw] [311/320] Building C object zephyr/kernel/CMakeFiles/kernel.dir/thread_monitor.c.obj
[wyrdeer:rw] [331/379] Building C object modules/ec/zephyr/CMakeFiles/ec_shim.dir/shim/src/host_command.c.obj
[npcx7:rw] [312/320] Building C object zephyr/kernel/CMakeFiles/kernel.dir/spinlock_validate.c.obj
[npcx7:rw] [313/320] Building C object zephyr/kernel/CMakeFiles/kernel.dir/pipe.c.obj
[npcx7:rw] [314/320] Building C object zephyr/kernel/CMakeFiles/kernel.dir/timeout.c.obj
[quandiso:rw] [229/404] Building C object zephyr/arch/arch/riscv/core/CMakeFiles/arch__riscv__core.dir/reboot.c.obj
[quandiso:ro] [370/404] Building C object modules/ec/zephyr/CMakeFiles/ec_shim.dir/shim/src/power_host_sleep_api.c.obj
[quandiso:ro] [371/404] Building C object zephyr/kernel/CMakeFiles/kernel.dir/main_weak.c.obj
[quandiso:ro] [372/404] Building C object zephyr/kernel/CMakeFiles/kernel.dir/banner.c.obj
[wyrdeer:rw] [332/379] Building C object modules/ec/zephyr/CMakeFiles/ec_shim.dir/shim/src/console_buffer.c.obj
[quandiso:rw] [230/404] Building ASM object zephyr/arch/arch/riscv/core/CMakeFiles/arch__riscv__core.dir/reset.S.obj
[wyrdeer:rw] [333/379] Building C object modules/ec/zephyr/CMakeFiles/ec_shim.dir/shim/src/keyboard_raw.c.obj
[wyrdeer:rw] [334/379] Building C object modules/ec/zephyr/CMakeFiles/ec_shim.dir/shim/src/mkbp_event.c.obj
[quandiso:ro] [373/404] Building C object modules/ec/zephyr/CMakeFiles/ec_shim.dir/shim/src/usb_muxes.c.obj
[quandiso:rw] [231/404] Building ASM object zephyr/arch/arch/riscv/core/CMakeFiles/arch__riscv__core.dir/switch.S.obj
[npcx7:rw] [315/320] Building C object zephyr/kernel/CMakeFiles/kernel.dir/timer.c.obj
[npcx7:rw] [316/320] Building C object zephyr/kernel/CMakeFiles/kernel.dir/events.c.obj
[quandiso:ro] [374/404] Linking C static library modules/ec/zephyr/libec_shim.a
[npcx7:rw] [317/320] Building C object zephyr/kernel/CMakeFiles/kernel.dir/mempool.c.obj
[npcx7:rw] [318/320] Building C object zephyr/kernel/CMakeFiles/kernel.dir/poll.c.obj
[quandiso:ro] [375/404] Building C object zephyr/kernel/CMakeFiles/kernel.dir/errno.c.obj
[quandiso:rw] [232/404] Building C object zephyr/arch/arch/riscv/core/CMakeFiles/arch__riscv__core.dir/thread.c.obj
[quandiso:ro] [376/404] Building C object zephyr/kernel/CMakeFiles/kernel.dir/busy_wait.c.obj
[quandiso:rw] [233/404] Generating ../../../include/generated/libc/minimal/strerror_table.h
[quandiso:ro] [377/404] Building C object zephyr/kernel/CMakeFiles/kernel.dir/device.c.obj
[wyrdeer:rw] [335/379] Building C object modules/ec/zephyr/CMakeFiles/ec_shim.dir/shim/src/motionsense_sensors.c.obj
[quandiso:rw] [234/404] Building C object zephyr/lib/libc/minimal/CMakeFiles/lib__libc__minimal.dir/source/stdlib/atoi.c.obj
[quandiso:rw] [235/404] Building ASM object zephyr/arch/arch/riscv/core/CMakeFiles/arch__riscv__core.dir/isr.S.obj
[wyrdeer:rw] [336/379] Building C object modules/ec/zephyr/CMakeFiles/ec_shim.dir/shim/src/panic.c.obj
[npcx7:rw] [319/320] Building C object zephyr/kernel/CMakeFiles/kernel.dir/dynamic_disabled.c.obj
[quandiso:rw] [236/404] Building C object zephyr/arch/arch/riscv/core/CMakeFiles/arch__riscv__core.dir/stacktrace.c.obj
[quandiso:rw] [237/404] Building C object zephyr/lib/libc/minimal/CMakeFiles/lib__libc__minimal.dir/source/stdlib/strtol.c.obj
[quandiso:rw] [238/404] Building C object zephyr/lib/libc/minimal/CMakeFiles/lib__libc__minimal.dir/source/stdlib/strtoul.c.obj
[wyrdeer:rw] [337/379] Building C object modules/ec/zephyr/CMakeFiles/ec_shim.dir/shim/src/hwtimer.c.obj
[wyrdeer:rw] [338/379] Building C object modules/ec/zephyr/CMakeFiles/ec_shim.dir/shim/src/power.c.obj
[npcx7:rw] [320/320] Linking C static library zephyr/kernel/libkernel.a
[quandiso:rw] [239/404] Linking C static library zephyr/arch/arch/riscv/core/libarch__riscv__core.a
[quandiso:ro] [378/404] Building C object zephyr/kernel/CMakeFiles/kernel.dir/fatal.c.obj
[wyrdeer:rw] [339/379] Building C object modules/ec/zephyr/CMakeFiles/ec_shim.dir/shim/src/thermal.c.obj
[quandiso:rw] [240/404] Building C object zephyr/lib/libc/minimal/CMakeFiles/lib__libc__minimal.dir/source/stdlib/strtoll.c.obj
[quandiso:ro] [379/404] Building C object zephyr/kernel/CMakeFiles/kernel.dir/mem_slab.c.obj
[quandiso:rw] [241/404] Building C object zephyr/lib/libc/minimal/CMakeFiles/lib__libc__minimal.dir/source/stdlib/strtoull.c.obj
[quandiso:ro] [380/404] Building C object zephyr/kernel/CMakeFiles/kernel.dir/kheap.c.obj
[wyrdeer:rw] [340/379] Building C object modules/ec/zephyr/CMakeFiles/ec_shim.dir/shim/src/temp_sensors.c.obj
[quandiso:rw] [242/404] Building C object zephyr/lib/libc/minimal/CMakeFiles/lib__libc__minimal.dir/source/stdlib/bsearch.c.obj
[quandiso:ro] [381/404] Building C object zephyr/kernel/CMakeFiles/kernel.dir/version.c.obj
[quandiso:ro] [382/404] Building C object zephyr/kernel/CMakeFiles/kernel.dir/init.c.obj
[quandiso:rw] [243/404] Building C object zephyr/lib/libc/minimal/CMakeFiles/lib__libc__minimal.dir/source/stdlib/qsort.c.obj
[quandiso:rw] [244/404] Building C object zephyr/lib/libc/minimal/CMakeFiles/lib__libc__minimal.dir/source/string/strerror.c.obj
[quandiso:rw] [245/404] Building C object zephyr/lib/libc/minimal/CMakeFiles/lib__libc__minimal.dir/source/string/strncasecmp.c.obj
[wyrdeer:rw] [341/379] Building C object modules/ec/zephyr/CMakeFiles/ec_shim.dir/shim/src/i2c.c.obj
[quandiso:rw] [246/404] Building C object zephyr/lib/libc/minimal/CMakeFiles/lib__libc__minimal.dir/source/string/strstr.c.obj
[quandiso:ro] [383/404] Building C object zephyr/kernel/CMakeFiles/kernel.dir/float.c.obj
[wyrdeer:rw] [342/379] Building C object modules/ec/zephyr/CMakeFiles/ec_shim.dir/shim/src/tasks.c.obj
[wyrdeer:rw] [343/379] Building C object zephyr/kernel/CMakeFiles/kernel.dir/main_weak.c.obj
[quandiso:rw] [247/404] Building C object zephyr/lib/libc/minimal/CMakeFiles/lib__libc__minimal.dir/source/string/strspn.c.obj
[quandiso:rw] [248/404] Building C object zephyr/lib/libc/minimal/CMakeFiles/lib__libc__minimal.dir/source/string/string.c.obj
[quandiso:rw] [249/404] Building C object zephyr/lib/libc/minimal/CMakeFiles/lib__libc__minimal.dir/source/stdlib/exit.c.obj
[quandiso:ro] [384/404] Building C object zephyr/kernel/CMakeFiles/kernel.dir/idle.c.obj
[wyrdeer:rw] [344/379] Building C object modules/ec/zephyr/CMakeFiles/ec_shim.dir/shim/src/ppc.c.obj
[wyrdeer:rw] [345/379] Building C object zephyr/kernel/CMakeFiles/kernel.dir/banner.c.obj
[quandiso:ro] [385/404] Building C object zephyr/kernel/CMakeFiles/kernel.dir/msg_q.c.obj
[wyrdeer:rw] [346/379] Building C object modules/ec/zephyr/CMakeFiles/ec_shim.dir/shim/src/usb_muxes.c.obj
[quandiso:ro] [386/404] Building C object zephyr/kernel/CMakeFiles/kernel.dir/mailbox.c.obj
[quandiso:ro] [387/404] Building C object zephyr/kernel/CMakeFiles/kernel.dir/mutex.c.obj
[wyrdeer:rw] [347/379] Building C object modules/ec/zephyr/CMakeFiles/ec_shim.dir/shim/src/watchdog.c.obj
[wyrdeer:rw] [348/379] Building C object zephyr/kernel/CMakeFiles/kernel.dir/busy_wait.c.obj
[wyrdeer:rw] [349/379] Linking C static library modules/ec/zephyr/libec_shim.a
[wyrdeer:rw] [350/379] Building C object zephyr/kernel/CMakeFiles/kernel.dir/device.c.obj
[wyrdeer:rw] [351/379] Building C object zephyr/kernel/CMakeFiles/kernel.dir/errno.c.obj
[quandiso:ro] [388/404] Building C object zephyr/kernel/CMakeFiles/kernel.dir/queue.c.obj
[quandiso:rw] [250/404] Building C object zephyr/lib/libc/minimal/CMakeFiles/lib__libc__minimal.dir/source/stdout/sprintf.c.obj
[wyrdeer:rw] [352/379] Building C object zephyr/kernel/CMakeFiles/kernel.dir/version.c.obj
[quandiso:rw] [251/404] Building C object zephyr/lib/libc/minimal/CMakeFiles/lib__libc__minimal.dir/source/stdout/fprintf.c.obj
[quandiso:rw] [252/404] Building C object zephyr/lib/libc/minimal/CMakeFiles/lib__libc__minimal.dir/source/stdout/stdout_console.c.obj
[quandiso:ro] [389/404] Building C object zephyr/kernel/CMakeFiles/kernel.dir/sem.c.obj
[wyrdeer:rw] [353/379] Building C object zephyr/kernel/CMakeFiles/kernel.dir/fatal.c.obj
[wyrdeer:rw] [354/379] Building C object zephyr/kernel/CMakeFiles/kernel.dir/kheap.c.obj
[wyrdeer:rw] [355/379] Building C object zephyr/kernel/CMakeFiles/kernel.dir/init.c.obj
[quandiso:rw] [253/404] Building C object zephyr/lib/libc/minimal/CMakeFiles/lib__libc__minimal.dir/source/math/sqrtf.c.obj
[quandiso:ro] [390/404] Building C object zephyr/kernel/CMakeFiles/kernel.dir/system_work_q.c.obj
[quandiso:ro] [391/404] Building C object zephyr/kernel/CMakeFiles/kernel.dir/stack.c.obj
[/mnt/host/source/src/platform/ec/build/zephyr/skyrim-lcov]   /mnt/host/source/src/platform/ec/build/zephyr/skyrim/build-rw/CMakeFiles/app.dir/mnt/host/source/src/platform/ec/build/zephyr/skyrim/modules/ec/common/cbi_config.c.gcno:no functions found
[/mnt/host/source/src/platform/ec/build/zephyr/skyrim-lcov] stderr:
[quandiso:rw] [254/404] Building C object zephyr/lib/libc/minimal/CMakeFiles/lib__libc__minimal.dir/source/math/sqrt.c.obj
[wyrdeer:rw] [356/379] Building C object zephyr/kernel/CMakeFiles/kernel.dir/mem_slab.c.obj
[wyrdeer:rw] [357/379] Building C object zephyr/kernel/CMakeFiles/kernel.dir/float.c.obj
[quandiso:ro] [392/404] Building C object zephyr/kernel/CMakeFiles/kernel.dir/work.c.obj
[quandiso:rw] [255/404] Building C object zephyr/lib/libc/common/CMakeFiles/lib__libc__common.dir/source/time/asctime.c.obj
[wyrdeer:rw] [358/379] Building C object zephyr/kernel/CMakeFiles/kernel.dir/idle.c.obj
[quandiso:ro] [393/404] Building C object zephyr/kernel/CMakeFiles/kernel.dir/condvar.c.obj
[wyrdeer:rw] [359/379] Building C object zephyr/kernel/CMakeFiles/kernel.dir/mailbox.c.obj
[quandiso:rw] [256/404] Building C object zephyr/lib/libc/common/CMakeFiles/lib__libc__common.dir/source/time/gmtime_r.c.obj
[wyrdeer:rw] [360/379] Building C object zephyr/kernel/CMakeFiles/kernel.dir/msg_q.c.obj
[quandiso:rw] [257/404] Building C object zephyr/lib/libc/common/CMakeFiles/lib__libc__common.dir/source/stdlib/abort.c.obj
[quandiso:rw] [258/404] Building C object zephyr/lib/libc/minimal/CMakeFiles/lib__libc__minimal.dir/source/time/gmtime.c.obj
[quandiso:ro] [394/404] Building C object zephyr/kernel/CMakeFiles/kernel.dir/thread.c.obj
[quandiso:ro] [395/404] Building C object zephyr/kernel/CMakeFiles/kernel.dir/pipe.c.obj
[wyrdeer:rw] [361/379] Building C object zephyr/kernel/CMakeFiles/kernel.dir/queue.c.obj
[quandiso:rw] [259/404] Linking C static library zephyr/lib/libc/minimal/liblib__libc__minimal.a
[/mnt/host/source/src/platform/ec/build/zephyr/skyrim-lcov]   /mnt/host/source/src/platform/ec/build/zephyr/skyrim/build-rw/CMakeFiles/app.dir/src/common.c.gcno:no functions found
[/mnt/host/source/src/platform/ec/build/zephyr/skyrim-lcov] stderr:
[quandiso:rw] [260/404] Building C object zephyr/lib/libc/common/CMakeFiles/lib__libc__common.dir/source/time/localtime_r_utc.c.obj
[wyrdeer:rw] [362/379] Building C object zephyr/kernel/CMakeFiles/kernel.dir/mutex.c.obj
[wyrdeer:rw] [363/379] Building C object zephyr/kernel/CMakeFiles/kernel.dir/sem.c.obj
[quandiso:rw] [261/404] Building C object zephyr/lib/libc/common/CMakeFiles/lib__libc__common.dir/source/time/ctime.c.obj
[quandiso:ro] [396/404] Building C object zephyr/kernel/CMakeFiles/kernel.dir/sched.c.obj
[quandiso:ro] [397/404] Building C object zephyr/kernel/CMakeFiles/kernel.dir/thread_monitor.c.obj
[wyrdeer:rw] [364/379] Building C object zephyr/kernel/CMakeFiles/kernel.dir/stack.c.obj
[quandiso:rw] [262/404] Building C object zephyr/lib/libc/common/CMakeFiles/lib__libc__common.dir/source/string/strnlen.c.obj
[quandiso:rw] [263/404] Building C object zephyr/lib/libc/common/CMakeFiles/lib__libc__common.dir/source/time/time.c.obj
[quandiso:ro] [398/404] Building C object zephyr/kernel/CMakeFiles/kernel.dir/timeout.c.obj
[wyrdeer:rw] [365/379] Building C object zephyr/kernel/CMakeFiles/kernel.dir/work.c.obj
[wyrdeer:rw] [366/379] Building C object zephyr/kernel/CMakeFiles/kernel.dir/system_work_q.c.obj
[quandiso:rw] [264/404] Building C object zephyr/lib/posix/c_lib_ext/CMakeFiles/lib__posix__c_lib_ext.dir/fnmatch.c.obj
[quandiso:ro] [399/404] Building C object zephyr/kernel/CMakeFiles/kernel.dir/timer.c.obj
[wyrdeer:rw] [367/379] Building C object zephyr/kernel/CMakeFiles/kernel.dir/condvar.c.obj
[wyrdeer:rw] [368/379] Building C object zephyr/kernel/CMakeFiles/kernel.dir/thread.c.obj
[quandiso:ro] [400/404] Building C object zephyr/kernel/CMakeFiles/kernel.dir/poll.c.obj
[quandiso:rw] [265/404] Building C object zephyr/lib/libc/common/CMakeFiles/lib__libc__common.dir/source/stdlib/malloc.c.obj
[wyrdeer:rw] [369/379] Building C object zephyr/kernel/CMakeFiles/kernel.dir/pipe.c.obj
[rull:ro] Configuring.
[quandiso:ro] [401/404] Building C object zephyr/kernel/CMakeFiles/kernel.dir/mempool.c.obj
Running `env -i PYTHONPATH=/usr/lib64/python-exec/python3.11:/mnt/host/source/src/platform/ec/zephyr/zmake:/usr/lib/python311.zip:/usr/lib/python3.11:/usr/lib/python3.11/lib-dynload:/usr/lib/python3.11/site-packages PW_PIGWEED_CIPD_INSTALL_DIR=/usr CROSTC_USER_ACKNOWLEDGES_THAT_RISCV_IS_EXPERIMENTAL=1 PATH=/mnt/host/source/chromite/bin:/usr/local/bin:/usr/bin:/bin:/opt/bin:/mnt/host/source/chromite/sdk/bin:/mnt/host/source/chromite/bin HOME=/home/jpmurphy JAVA_HOME=/etc/java-config-2/current-system-vm JDK_HOME=/etc/java-config-2/current-system-vm JAVAC=/etc/java-config-2/current-system-vm/bin/javac MAKEFLAGS=' -j16 --jobserver-auth=5,6' /usr/bin/cmake -S /mnt/host/source/src/platform/ec/zephyr/program/nissa -B /mnt/host/source/src/platform/ec/build/zephyr/rull/build-ro -GNinja -DCMAKE_EXPORT_COMPILE_COMMANDS=ON -DZEPHYR_BASE=/mnt/host/source/src/third_party/zephyr/main -DZMAKE_INCLUDE_DIR=/mnt/host/source/src/platform/ec/build/zephyr/rull/include -DPython3_EXECUTABLE=/usr/bin/python3.11 -DDTS_ROOT=/mnt/host/source/src/platform/ec/zephyr -DSYSCALL_INCLUDE_DIRS=/mnt/host/source/src/platform/ec/zephyr/include/drivers -DUSER_CACHE_DIR=/mnt/host/source/src/platform/ec/build/zephyr/user-cache '-DEXTRA_EC_VERSION_FLAGS=--version 16543.0.0 --static' -DTOOLCHAIN_ROOT=/mnt/host/source/src/platform/ec/zephyr -DCOREBOOT_SDK_ROOT_x86=/home/jpmurphy/.cache/coreboot-sdk/i386-elf/dfbb0486385d938cfa9d73080b9d18d598ed4f49 -DCOREBOOT_SDK_ROOT_picolibc_x86=/home/jpmurphy/.cache/coreboot-sdk/picolibc-i386-elf/eb8e8e687b95461de8cbf278f1c2076952d0ad17 -DCOREBOOT_SDK_ROOT_riscv64=/home/jpmurphy/.cache/coreboot-sdk/riscv64-elf/96b949749225b6aaa92ed810ab769e8dfb12f000 -DCOREBOOT_SDK_ROOT_picolibc_arm=/home/jpmurphy/.cache/coreboot-sdk/picolibc-arm-eabi/422a2aa3e1ef891b5bece9a3deb696ff83840d2e -DCOREBOOT_SDK_ROOT_nds32=/home/jpmurphy/.cache/coreboot-sdk/nds32le-elf/d1a518c4a097666d86058e1444f85ca015d15511 -DCOREBOOT_SDK_ROOT_picolibc_riscv64=/home/jpmurphy/.cache/coreboot-sdk/picolibc-riscv64-elf/f571e990ef0278564b31124f8bb109d9a697eb69 -DCOREBOOT_SDK_ROOT_arm=/home/jpmurphy/.cache/coreboot-sdk/arm-eabi/ea40ddd1d190c3b48435c474c0b545719371813a -DCOREBOOT_SDK_ROOT_libstdcxx_riscv64=/home/jpmurphy/.cache/coreboot-sdk/libstdcxx-riscv64-elf/17abf22a3a252e2d5d2062ced5324f7a623689e0 -DCOREBOOT_SDK_ROOT_libstdcxx_arm=/home/jpmurphy/.cache/coreboot-sdk/libstdcxx-arm-eabi/5d7d82e150e44aa1968f1d366e267e6687b328ac -DCOREBOOT_SDK_ROOT_riscv=/home/jpmurphy/.cache/coreboot-sdk/riscv-elf/9a27b9e82341c6e9126624f516ab3f261abb3e73 -DCOREBOOT_SDK_ROOT_libstdcxx_x86=/home/jpmurphy/.cache/coreboot-sdk/libstdcxx-i386-elf/42ef9d2e87a76a37963175d7d428734e65648b87 -DZEPHYR_TOOLCHAIN_VARIANT=coreboot-sdk -DZEPHYR_MODULES=/mnt/host/source/src/platform/ec/build/zephyr/rull/modules/ec -DDTC_OVERLAY_FILE=/mnt/host/source/src/platform/ec/zephyr/program/nissa/rull/project.overlay -DBOARD=it8xxx2/it81302bx -DCMAKE_C_FLAGS=-DSECTION_IS_RO '-DCONF_FILE=/mnt/host/source/src/platform/ec/zephyr/program/nissa/program.conf;/mnt/host/source/src/platform/ec/zephyr/program/nissa/it8xxx2_program.conf;/mnt/host/source/src/platform/ec/zephyr/program/nissa/rull/project.conf;/mnt/host/source/src/platform/ec/build/zephyr/rull/kconfig-ro.conf'`
[rull:ro] Loading Zephyr default modules (Zephyr base (cached)).
[rull:ro] -- Application: /mnt/host/source/src/platform/ec/zephyr/program/nissa
[rull:ro] -- CMake version: 3.31.7
[wyrdeer:rw] [370/379] Building C object zephyr/kernel/CMakeFiles/kernel.dir/sched.c.obj
[quandiso:rw] [266/404] Linking C static library zephyr/lib/libc/common/liblib__libc__common.a
[quandiso:rw] [267/404] Building C object zephyr/lib/posix/c_lib_ext/CMakeFiles/lib__posix__c_lib_ext.dir/getentropy.c.obj
Running (initial) lcov on /mnt/host/source/src/platform/ec/build/zephyr/npcx7.
[quandiso:ro] [402/404] Building C object zephyr/kernel/CMakeFiles/kernel.dir/events.c.obj
[wyrdeer:rw] [371/379] Building C object zephyr/kernel/CMakeFiles/kernel.dir/spinlock_validate.c.obj
[quandiso:rw] [268/404] Building C object zephyr/subsys/crc/CMakeFiles/subsys__crc.dir/crc4_sw.c.obj
[quandiso:rw] [269/404] Building C object zephyr/lib/posix/c_lib_ext/CMakeFiles/lib__posix__c_lib_ext.dir/getopt_shim.c.obj
[quandiso:ro] [403/404] Building C object zephyr/kernel/CMakeFiles/kernel.dir/dynamic_disabled.c.obj
[quandiso:rw] [270/404] Building C object zephyr/subsys/crc/CMakeFiles/subsys__crc.dir/crc8_sw.c.obj
[quandiso:rw] [271/404] Linking C static library zephyr/lib/posix/c_lib_ext/liblib__posix__c_lib_ext.a
[quandiso:rw] [272/404] Building C object zephyr/subsys/crc/CMakeFiles/subsys__crc.dir/crc16_sw.c.obj
[quandiso:rw] [273/404] Building C object zephyr/subsys/crc/CMakeFiles/subsys__crc.dir/crc7_sw.c.obj
[sapphire:rw] Building: /usr/bin/ninja -C /mnt/host/source/src/platform/ec/build/zephyr/sapphire/build-rw all.libraries
Running `env -i SHELL=/bin/bash COLORTERM=truecolor DEPOT_TOOLS_UPDATE=0 LESS='-R -M --shift 5' SUDO_GID=0 JDK_HOME=/etc/java-config-2/current-system-vm CONFIG_PROTECT_MASK='/etc/gentoo-release /etc/sandbox.d /etc/fonts/fonts.conf /etc/terminfo /etc/ca-certificates.conf /etc/revdep-rebuild' CHROMEOS_CACHEDIR=/var/cache/chromeos-cache JAVA_HOME=/etc/java-config-2/current-system-vm SSH_AUTH_SOCK=/tmp/ssh-auth-sock SUDO_COMMAND=/bin/bash SUDO_USER=root SUDO_TTY=/dev/pts/2 EDITOR=/usr/bin/vi PWD=/mnt/host/source/src/platform/ec CONFIG_PROTECT=/usr/share/gnupg/qualified.txt LOGNAME=jpmurphy MANPATH=/etc/java-config-2/current-system-vm/man:/usr/local/share/man:/usr/share/man:/usr/share/gcc-data/x86_64-pc-linux-gnu/10.2.0/man:/usr/share/binutils-data/x86_64-pc-linux-gnu/2.45/man:/etc/java-config-2/current-system-vm/man/ SUDO_HOME=/root XAUTHORITY=/run/user/944457/gdm/Xauthority HOME=/home/jpmurphy LANG=C.UTF-8 LS_COLORS='rs=0:di=01;34:ln=01;36:mh=00:pi=40;33:so=01;35:do=01;35:bd=40;33;01:cd=40;33;01:or=01;05;37;41:mi=01;05;37;41:su=37;41:sg=30;43:ca=30;41:tw=30;42:ow=34;42:st=37;44:ex=01;32:*.tar=01;31:*.tgz=01;31:*.arc=01;31:*.arj=01;31:*.taz=01;31:*.lha=01;31:*.lz4=01;31:*.lzh=01;31:*.lzma=01;31:*.tlz=01;31:*.txz=01;31:*.tzo=01;31:*.t7z=01;31:*.zip=01;31:*.z=01;31:*.dz=01;31:*.gz=01;31:*.lrz=01;31:*.lz=01;31:*.lzo=01;31:*.xz=01;31:*.zst=01;31:*.tzst=01;31:*.bz2=01;31:*.bz=01;31:*.tbz=01;31:*.tbz2=01;31:*.tz=01;31:*.deb=01;31:*.rpm=01;31:*.jar=01;31:*.war=01;31:*.ear=01;31:*.sar=01;31:*.rar=01;31:*.alz=01;31:*.ace=01;31:*.zoo=01;31:*.cpio=01;31:*.7z=01;31:*.rz=01;31:*.cab=01;31:*.wim=01;31:*.swm=01;31:*.dwm=01;31:*.esd=01;31:*.jpg=01;35:*.jpeg=01;35:*.mjpg=01;35:*.mjpeg=01;35:*.gif=01;35:*.bmp=01;35:*.pbm=01;35:*.pgm=01;35:*.ppm=01;35:*.tga=01;35:*.xbm=01;35:*.xpm=01;35:*.tif=01;35:*.tiff=01;35:*.png=01;35:*.svg=01;35:*.svgz=01;35:*.mng=01;35:*.pcx=01;35:*.mov=01;35:*.mpg=01;35:*.mpeg=01;35:*.m2v=01;35:*.mkv=01;35:*.webm=01;35:*.webp=01;35:*.ogm=01;35:*.mp4=01;35:*.m4v=01;35:*.mp4v=01;35:*.vob=01;35:*.qt=01;35:*.nuv=01;35:*.wmv=01;35:*.asf=01;35:*.rm=01;35:*.rmvb=01;35:*.flc=01;35:*.avi=01;35:*.fli=01;35:*.flv=01;35:*.gl=01;35:*.dl=01;35:*.xcf=01;35:*.xwd=01;35:*.yuv=01;35:*.cgm=01;35:*.emf=01;35:*.ogv=01;35:*.ogx=01;35:*.cfg=00;32:*.conf=00;32:*.diff=00;32:*.doc=00;32:*.ini=00;32:*.log=00;32:*.patch=00;32:*.pdf=00;32:*.ps=00;32:*.tex=00;32:*.txt=00;32:*.aac=00;36:*.au=00;36:*.flac=00;36:*.m4a=00;36:*.mid=00;36:*.midi=00;36:*.mka=00;36:*.mp3=00;36:*.mpc=00;36:*.ogg=00;36:*.ra=00;36:*.wav=00;36:*.oga=00;36:*.opus=00;36:*.spx=00;36:*.xspf=00;36:' XDG_CURRENT_DESKTOP=GNOME INFOPATH=/usr/share/info:/usr/share/gcc-data/x86_64-pc-linux-gnu/10.2.0/info:/usr/share/binutils-data/x86_64-pc-linux-gnu/2.45/info:/usr/share/automake-1.16.5/info JAVAC=/etc/java-config-2/current-system-vm/bin/javac TERM=xterm-256color LESSOPEN='|lesspipe %s' USER=jpmurphy CROS_WORKON_SRCROOT=/mnt/host/source MANPAGER=manpager DISPLAY=:1 SHLVL=1 LC_MESSAGES=C EXTERNAL_TRUNK_PATH=/mnt/8f9d649a-3721-44cc-93c0-e6bd21a9689f/chromiumos GCC_SPECS='' PATH=/mnt/host/source/chromite/bin:/usr/local/bin:/usr/bin:/bin:/opt/bin:/mnt/host/source/chromite/sdk/bin:/mnt/host/source/chromite/bin PORTAGE_USERNAME=jpmurphy SUDO_UID=0 GCC_VER=10.2.0 MAIL=/var/mail/jpmurphy OLDPWD=/mnt/host/source/src/scripts traceparent=00-e87aca51550a78635907baa6a2476181-6d684811675d2973-01 _=./zephyr/firmware_builder.py COREBOOT_SDK_ROOT_x86=/home/jpmurphy/.cache/coreboot-sdk/i386-elf/dfbb0486385d938cfa9d73080b9d18d598ed4f49 COREBOOT_SDK_ROOT_picolibc_x86=/home/jpmurphy/.cache/coreboot-sdk/picolibc-i386-elf/eb8e8e687b95461de8cbf278f1c2076952d0ad17 COREBOOT_SDK_ROOT_riscv64=/home/jpmurphy/.cache/coreboot-sdk/riscv64-elf/96b949749225b6aaa92ed810ab769e8dfb12f000 COREBOOT_SDK_ROOT_picolibc_arm=/home/jpmurphy/.cache/coreboot-sdk/picolibc-arm-eabi/422a2aa3e1ef891b5bece9a3deb696ff83840d2e COREBOOT_SDK_ROOT_nds32=/home/jpmurphy/.cache/coreboot-sdk/nds32le-elf/d1a518c4a097666d86058e1444f85ca015d15511 COREBOOT_SDK_ROOT_picolibc_riscv64=/home/jpmurphy/.cache/coreboot-sdk/picolibc-riscv64-elf/f571e990ef0278564b31124f8bb109d9a697eb69 COREBOOT_SDK_ROOT_arm=/home/jpmurphy/.cache/coreboot-sdk/arm-eabi/ea40ddd1d190c3b48435c474c0b545719371813a COREBOOT_SDK_ROOT_libstdcxx_riscv64=/home/jpmurphy/.cache/coreboot-sdk/libstdcxx-riscv64-elf/17abf22a3a252e2d5d2062ced5324f7a623689e0 COREBOOT_SDK_ROOT_libstdcxx_arm=/home/jpmurphy/.cache/coreboot-sdk/libstdcxx-arm-eabi/5d7d82e150e44aa1968f1d366e267e6687b328ac COREBOOT_SDK_ROOT_riscv=/home/jpmurphy/.cache/coreboot-sdk/riscv-elf/9a27b9e82341c6e9126624f516ab3f261abb3e73 COREBOOT_SDK_ROOT_libstdcxx_x86=/home/jpmurphy/.cache/coreboot-sdk/libstdcxx-i386-elf/42ef9d2e87a76a37963175d7d428734e65648b87 PYTHONPATH=/mnt/host/source/src/platform/ec/zephyr/zmake PW_PIGWEED_CIPD_INSTALL_DIR=/usr CROSTC_USER_ACKNOWLEDGES_THAT_RISCV_IS_EXPERIMENTAL=1 MAKEFLAGS=' -j16 --jobserver-auth=5,6' /usr/bin/ninja -C /mnt/host/source/src/platform/ec/build/zephyr/sapphire/build-rw all.libraries`
[quandiso:rw] [274/404] Building C object zephyr/subsys/crc/CMakeFiles/subsys__crc.dir/crc24_sw.c.obj
[wyrdeer:rw] [372/379] Building C object zephyr/kernel/CMakeFiles/kernel.dir/thread_monitor.c.obj
[rull:ro] -- Found Python3: /usr/bin/python3.11 (found suitable version "3.11.11", minimum required is "3.10") found components: Interpreter
[rull:ro] -- Cache files will be written to: /mnt/host/source/src/platform/ec/build/zephyr/user-cache
[sapphire:rw] ninja: Entering directory `/mnt/host/source/src/platform/ec/build/zephyr/sapphire/build-rw'
[rull:ro] -- Zephyr version: 4.3.99 (/mnt/host/source/src/third_party/zephyr/main)
[wyrdeer:rw] [373/379] Building C object zephyr/kernel/CMakeFiles/kernel.dir/timer.c.obj
[quandiso:ro] [404/404] Linking C static library zephyr/kernel/libkernel.a
[quandiso:rw] [275/404] Building C object zephyr/subsys/crc/CMakeFiles/subsys__crc.dir/crc32c_sw.c.obj
[sapphire:ro] Building: /usr/bin/ninja -C /mnt/host/source/src/platform/ec/build/zephyr/sapphire/build-ro all.libraries
Running `env -i SHELL=/bin/bash COLORTERM=truecolor DEPOT_TOOLS_UPDATE=0 LESS='-R -M --shift 5' SUDO_GID=0 JDK_HOME=/etc/java-config-2/current-system-vm CONFIG_PROTECT_MASK='/etc/gentoo-release /etc/sandbox.d /etc/fonts/fonts.conf /etc/terminfo /etc/ca-certificates.conf /etc/revdep-rebuild' CHROMEOS_CACHEDIR=/var/cache/chromeos-cache JAVA_HOME=/etc/java-config-2/current-system-vm SSH_AUTH_SOCK=/tmp/ssh-auth-sock SUDO_COMMAND=/bin/bash SUDO_USER=root SUDO_TTY=/dev/pts/2 EDITOR=/usr/bin/vi PWD=/mnt/host/source/src/platform/ec CONFIG_PROTECT=/usr/share/gnupg/qualified.txt LOGNAME=jpmurphy MANPATH=/etc/java-config-2/current-system-vm/man:/usr/local/share/man:/usr/share/man:/usr/share/gcc-data/x86_64-pc-linux-gnu/10.2.0/man:/usr/share/binutils-data/x86_64-pc-linux-gnu/2.45/man:/etc/java-config-2/current-system-vm/man/ SUDO_HOME=/root XAUTHORITY=/run/user/944457/gdm/Xauthority HOME=/home/jpmurphy LANG=C.UTF-8 LS_COLORS='rs=0:di=01;34:ln=01;36:mh=00:pi=40;33:so=01;35:do=01;35:bd=40;33;01:cd=40;33;01:or=01;05;37;41:mi=01;05;37;41:su=37;41:sg=30;43:ca=30;41:tw=30;42:ow=34;42:st=37;44:ex=01;32:*.tar=01;31:*.tgz=01;31:*.arc=01;31:*.arj=01;31:*.taz=01;31:*.lha=01;31:*.lz4=01;31:*.lzh=01;31:*.lzma=01;31:*.tlz=01;31:*.txz=01;31:*.tzo=01;31:*.t7z=01;31:*.zip=01;31:*.z=01;31:*.dz=01;31:*.gz=01;31:*.lrz=01;31:*.lz=01;31:*.lzo=01;31:*.xz=01;31:*.zst=01;31:*.tzst=01;31:*.bz2=01;31:*.bz=01;31:*.tbz=01;31:*.tbz2=01;31:*.tz=01;31:*.deb=01;31:*.rpm=01;31:*.jar=01;31:*.war=01;31:*.ear=01;31:*.sar=01;31:*.rar=01;31:*.alz=01;31:*.ace=01;31:*.zoo=01;31:*.cpio=01;31:*.7z=01;31:*.rz=01;31:*.cab=01;31:*.wim=01;31:*.swm=01;31:*.dwm=01;31:*.esd=01;31:*.jpg=01;35:*.jpeg=01;35:*.mjpg=01;35:*.mjpeg=01;35:*.gif=01;35:*.bmp=01;35:*.pbm=01;35:*.pgm=01;35:*.ppm=01;35:*.tga=01;35:*.xbm=01;35:*.xpm=01;35:*.tif=01;35:*.tiff=01;35:*.png=01;35:*.svg=01;35:*.svgz=01;35:*.mng=01;35:*.pcx=01;35:*.mov=01;35:*.mpg=01;35:*.mpeg=01;35:*.m2v=01;35:*.mkv=01;35:*.webm=01;35:*.webp=01;35:*.ogm=01;35:*.mp4=01;35:*.m4v=01;35:*.mp4v=01;35:*.vob=01;35:*.qt=01;35:*.nuv=01;35:*.wmv=01;35:*.asf=01;35:*.rm=01;35:*.rmvb=01;35:*.flc=01;35:*.avi=01;35:*.fli=01;35:*.flv=01;35:*.gl=01;35:*.dl=01;35:*.xcf=01;35:*.xwd=01;35:*.yuv=01;35:*.cgm=01;35:*.emf=01;35:*.ogv=01;35:*.ogx=01;35:*.cfg=00;32:*.conf=00;32:*.diff=00;32:*.doc=00;32:*.ini=00;32:*.log=00;32:*.patch=00;32:*.pdf=00;32:*.ps=00;32:*.tex=00;32:*.txt=00;32:*.aac=00;36:*.au=00;36:*.flac=00;36:*.m4a=00;36:*.mid=00;36:*.midi=00;36:*.mka=00;36:*.mp3=00;36:*.mpc=00;36:*.ogg=00;36:*.ra=00;36:*.wav=00;36:*.oga=00;36:*.opus=00;36:*.spx=00;36:*.xspf=00;36:' XDG_CURRENT_DESKTOP=GNOME INFOPATH=/usr/share/info:/usr/share/gcc-data/x86_64-pc-linux-gnu/10.2.0/info:/usr/share/binutils-data/x86_64-pc-linux-gnu/2.45/info:/usr/share/automake-1.16.5/info JAVAC=/etc/java-config-2/current-system-vm/bin/javac TERM=xterm-256color LESSOPEN='|lesspipe %s' USER=jpmurphy CROS_WORKON_SRCROOT=/mnt/host/source MANPAGER=manpager DISPLAY=:1 SHLVL=1 LC_MESSAGES=C EXTERNAL_TRUNK_PATH=/mnt/8f9d649a-3721-44cc-93c0-e6bd21a9689f/chromiumos GCC_SPECS='' PATH=/mnt/host/source/chromite/bin:/usr/local/bin:/usr/bin:/bin:/opt/bin:/mnt/host/source/chromite/sdk/bin:/mnt/host/source/chromite/bin PORTAGE_USERNAME=jpmurphy SUDO_UID=0 GCC_VER=10.2.0 MAIL=/var/mail/jpmurphy OLDPWD=/mnt/host/source/src/scripts traceparent=00-e87aca51550a78635907baa6a2476181-6d684811675d2973-01 _=./zephyr/firmware_builder.py COREBOOT_SDK_ROOT_x86=/home/jpmurphy/.cache/coreboot-sdk/i386-elf/dfbb0486385d938cfa9d73080b9d18d598ed4f49 COREBOOT_SDK_ROOT_picolibc_x86=/home/jpmurphy/.cache/coreboot-sdk/picolibc-i386-elf/eb8e8e687b95461de8cbf278f1c2076952d0ad17 COREBOOT_SDK_ROOT_riscv64=/home/jpmurphy/.cache/coreboot-sdk/riscv64-elf/96b949749225b6aaa92ed810ab769e8dfb12f000 COREBOOT_SDK_ROOT_picolibc_arm=/home/jpmurphy/.cache/coreboot-sdk/picolibc-arm-eabi/422a2aa3e1ef891b5bece9a3deb696ff83840d2e COREBOOT_SDK_ROOT_nds32=/home/jpmurphy/.cache/coreboot-sdk/nds32le-elf/d1a518c4a097666d86058e1444f85ca015d15511 COREBOOT_SDK_ROOT_picolibc_riscv64=/home/jpmurphy/.cache/coreboot-sdk/picolibc-riscv64-elf/f571e990ef0278564b31124f8bb109d9a697eb69 COREBOOT_SDK_ROOT_arm=/home/jpmurphy/.cache/coreboot-sdk/arm-eabi/ea40ddd1d190c3b48435c474c0b545719371813a COREBOOT_SDK_ROOT_libstdcxx_riscv64=/home/jpmurphy/.cache/coreboot-sdk/libstdcxx-riscv64-elf/17abf22a3a252e2d5d2062ced5324f7a623689e0 COREBOOT_SDK_ROOT_libstdcxx_arm=/home/jpmurphy/.cache/coreboot-sdk/libstdcxx-arm-eabi/5d7d82e150e44aa1968f1d366e267e6687b328ac COREBOOT_SDK_ROOT_riscv=/home/jpmurphy/.cache/coreboot-sdk/riscv-elf/9a27b9e82341c6e9126624f516ab3f261abb3e73 COREBOOT_SDK_ROOT_libstdcxx_x86=/home/jpmurphy/.cache/coreboot-sdk/libstdcxx-i386-elf/42ef9d2e87a76a37963175d7d428734e65648b87 PYTHONPATH=/mnt/host/source/src/platform/ec/zephyr/zmake PW_PIGWEED_CIPD_INSTALL_DIR=/usr CROSTC_USER_ACKNOWLEDGES_THAT_RISCV_IS_EXPERIMENTAL=1 MAKEFLAGS=' -j16 --jobserver-auth=5,6' /usr/bin/ninja -C /mnt/host/source/src/platform/ec/build/zephyr/sapphire/build-ro all.libraries`
[sapphire:ro] ninja: Entering directory `/mnt/host/source/src/platform/ec/build/zephyr/sapphire/build-ro'
[wyrdeer:rw] [374/379] Building C object zephyr/kernel/CMakeFiles/kernel.dir/timeout.c.obj
[quandiso:rw] [276/404] Building C object zephyr/subsys/crc/CMakeFiles/subsys__crc.dir/crc32_sw.c.obj
Running `env -i PYTHONPATH=/usr/lib64/python-exec/python3.11:/mnt/host/source/src/platform/ec/zephyr/zmake:/usr/lib/python311.zip:/usr/lib/python3.11:/usr/lib/python3.11/lib-dynload:/usr/lib/python3.11/site-packages PW_PIGWEED_CIPD_INSTALL_DIR=/usr CROSTC_USER_ACKNOWLEDGES_THAT_RISCV_IS_EXPERIMENTAL=1 PATH=/mnt/host/source/chromite/bin:/usr/local/bin:/usr/bin:/bin:/opt/bin:/mnt/host/source/chromite/sdk/bin:/mnt/host/source/chromite/bin HOME=/home/jpmurphy JAVA_HOME=/etc/java-config-2/current-system-vm JDK_HOME=/etc/java-config-2/current-system-vm JAVAC=/etc/java-config-2/current-system-vm/bin/javac MAKEFLAGS=' -j16 --jobserver-auth=5,6' /usr/bin/lcov --gcov-tool /mnt/host/source/src/platform/ec/build/zephyr/npcx7/build-rw/gcov.sh -q -o - -c -d /mnt/host/source/src/platform/ec/build/zephyr/npcx7 -t npcx7 --rc branch_coverage=1 --filter range --ignore-errors inconsistent,source --ignore-errors gcov,gcov -i`
[wyrdeer:rw] [375/379] Building C object zephyr/kernel/CMakeFiles/kernel.dir/mempool.c.obj
[quandiso:rw] [277/404] Building C object zephyr/subsys/crc/CMakeFiles/subsys__crc.dir/crc32k_4_2_sw.c.obj
[wyrdeer:rw] [376/379] Building C object zephyr/kernel/CMakeFiles/kernel.dir/events.c.obj
[wyrdeer:rw] [377/379] Building C object zephyr/kernel/CMakeFiles/kernel.dir/poll.c.obj
[quandiso:rw] [278/404] Linking C static library zephyr/subsys/crc/libsubsys__crc.a
[wyrdeer:rw] [378/379] Building C object zephyr/kernel/CMakeFiles/kernel.dir/dynamic_disabled.c.obj
[sapphire:rw] [1/360] Preparing syscall dependency handling
[/mnt/host/source/src/platform/ec/build/zephyr/skyrim-lcov]   /mnt/host/source/src/platform/ec/build/zephyr/skyrim/build-rw/zephyr/arch/arch/arm/core/mpu/CMakeFiles/arch__arm__core__mpu.dir/arm_mpu_regions.c.gcno:no functions found
[/mnt/host/source/src/platform/ec/build/zephyr/skyrim-lcov] stderr:
[wyrdeer:rw] [379/379] Linking C static library zephyr/kernel/libkernel.a
[tentacruel:rw] Building: /usr/bin/ninja -C /mnt/host/source/src/platform/ec/build/zephyr/tentacruel/build-rw all.libraries
Running `env -i SHELL=/bin/bash COLORTERM=truecolor DEPOT_TOOLS_UPDATE=0 LESS='-R -M --shift 5' SUDO_GID=0 JDK_HOME=/etc/java-config-2/current-system-vm CONFIG_PROTECT_MASK='/etc/gentoo-release /etc/sandbox.d /etc/fonts/fonts.conf /etc/terminfo /etc/ca-certificates.conf /etc/revdep-rebuild' CHROMEOS_CACHEDIR=/var/cache/chromeos-cache JAVA_HOME=/etc/java-config-2/current-system-vm SSH_AUTH_SOCK=/tmp/ssh-auth-sock SUDO_COMMAND=/bin/bash SUDO_USER=root SUDO_TTY=/dev/pts/2 EDITOR=/usr/bin/vi PWD=/mnt/host/source/src/platform/ec CONFIG_PROTECT=/usr/share/gnupg/qualified.txt LOGNAME=jpmurphy MANPATH=/etc/java-config-2/current-system-vm/man:/usr/local/share/man:/usr/share/man:/usr/share/gcc-data/x86_64-pc-linux-gnu/10.2.0/man:/usr/share/binutils-data/x86_64-pc-linux-gnu/2.45/man:/etc/java-config-2/current-system-vm/man/ SUDO_HOME=/root XAUTHORITY=/run/user/944457/gdm/Xauthority HOME=/home/jpmurphy LANG=C.UTF-8 LS_COLORS='rs=0:di=01;34:ln=01;36:mh=00:pi=40;33:so=01;35:do=01;35:bd=40;33;01:cd=40;33;01:or=01;05;37;41:mi=01;05;37;41:su=37;41:sg=30;43:ca=30;41:tw=30;42:ow=34;42:st=37;44:ex=01;32:*.tar=01;31:*.tgz=01;31:*.arc=01;31:*.arj=01;31:*.taz=01;31:*.lha=01;31:*.lz4=01;31:*.lzh=01;31:*.lzma=01;31:*.tlz=01;31:*.txz=01;31:*.tzo=01;31:*.t7z=01;31:*.zip=01;31:*.z=01;31:*.dz=01;31:*.gz=01;31:*.lrz=01;31:*.lz=01;31:*.lzo=01;31:*.xz=01;31:*.zst=01;31:*.tzst=01;31:*.bz2=01;31:*.bz=01;31:*.tbz=01;31:*.tbz2=01;31:*.tz=01;31:*.deb=01;31:*.rpm=01;31:*.jar=01;31:*.war=01;31:*.ear=01;31:*.sar=01;31:*.rar=01;31:*.alz=01;31:*.ace=01;31:*.zoo=01;31:*.cpio=01;31:*.7z=01;31:*.rz=01;31:*.cab=01;31:*.wim=01;31:*.swm=01;31:*.dwm=01;31:*.esd=01;31:*.jpg=01;35:*.jpeg=01;35:*.mjpg=01;35:*.mjpeg=01;35:*.gif=01;35:*.bmp=01;35:*.pbm=01;35:*.pgm=01;35:*.ppm=01;35:*.tga=01;35:*.xbm=01;35:*.xpm=01;35:*.tif=01;35:*.tiff=01;35:*.png=01;35:*.svg=01;35:*.svgz=01;35:*.mng=01;35:*.pcx=01;35:*.mov=01;35:*.mpg=01;35:*.mpeg=01;35:*.m2v=01;35:*.mkv=01;35:*.webm=01;35:*.webp=01;35:*.ogm=01;35:*.mp4=01;35:*.m4v=01;35:*.mp4v=01;35:*.vob=01;35:*.qt=01;35:*.nuv=01;35:*.wmv=01;35:*.asf=01;35:*.rm=01;35:*.rmvb=01;35:*.flc=01;35:*.avi=01;35:*.fli=01;35:*.flv=01;35:*.gl=01;35:*.dl=01;35:*.xcf=01;35:*.xwd=01;35:*.yuv=01;35:*.cgm=01;35:*.emf=01;35:*.ogv=01;35:*.ogx=01;35:*.cfg=00;32:*.conf=00;32:*.diff=00;32:*.doc=00;32:*.ini=00;32:*.log=00;32:*.patch=00;32:*.pdf=00;32:*.ps=00;32:*.tex=00;32:*.txt=00;32:*.aac=00;36:*.au=00;36:*.flac=00;36:*.m4a=00;36:*.mid=00;36:*.midi=00;36:*.mka=00;36:*.mp3=00;36:*.mpc=00;36:*.ogg=00;36:*.ra=00;36:*.wav=00;36:*.oga=00;36:*.opus=00;36:*.spx=00;36:*.xspf=00;36:' XDG_CURRENT_DESKTOP=GNOME INFOPATH=/usr/share/info:/usr/share/gcc-data/x86_64-pc-linux-gnu/10.2.0/info:/usr/share/binutils-data/x86_64-pc-linux-gnu/2.45/info:/usr/share/automake-1.16.5/info JAVAC=/etc/java-config-2/current-system-vm/bin/javac TERM=xterm-256color LESSOPEN='|lesspipe %s' USER=jpmurphy CROS_WORKON_SRCROOT=/mnt/host/source MANPAGER=manpager DISPLAY=:1 SHLVL=1 LC_MESSAGES=C EXTERNAL_TRUNK_PATH=/mnt/8f9d649a-3721-44cc-93c0-e6bd21a9689f/chromiumos GCC_SPECS='' PATH=/mnt/host/source/chromite/bin:/usr/local/bin:/usr/bin:/bin:/opt/bin:/mnt/host/source/chromite/sdk/bin:/mnt/host/source/chromite/bin PORTAGE_USERNAME=jpmurphy SUDO_UID=0 GCC_VER=10.2.0 MAIL=/var/mail/jpmurphy OLDPWD=/mnt/host/source/src/scripts traceparent=00-e87aca51550a78635907baa6a2476181-6d684811675d2973-01 _=./zephyr/firmware_builder.py COREBOOT_SDK_ROOT_x86=/home/jpmurphy/.cache/coreboot-sdk/i386-elf/dfbb0486385d938cfa9d73080b9d18d598ed4f49 COREBOOT_SDK_ROOT_picolibc_x86=/home/jpmurphy/.cache/coreboot-sdk/picolibc-i386-elf/eb8e8e687b95461de8cbf278f1c2076952d0ad17 COREBOOT_SDK_ROOT_riscv64=/home/jpmurphy/.cache/coreboot-sdk/riscv64-elf/96b949749225b6aaa92ed810ab769e8dfb12f000 COREBOOT_SDK_ROOT_picolibc_arm=/home/jpmurphy/.cache/coreboot-sdk/picolibc-arm-eabi/422a2aa3e1ef891b5bece9a3deb696ff83840d2e COREBOOT_SDK_ROOT_nds32=/home/jpmurphy/.cache/coreboot-sdk/nds32le-elf/d1a518c4a097666d86058e1444f85ca015d15511 COREBOOT_SDK_ROOT_picolibc_riscv64=/home/jpmurphy/.cache/coreboot-sdk/picolibc-riscv64-elf/f571e990ef0278564b31124f8bb109d9a697eb69 COREBOOT_SDK_ROOT_arm=/home/jpmurphy/.cache/coreboot-sdk/arm-eabi/ea40ddd1d190c3b48435c474c0b545719371813a COREBOOT_SDK_ROOT_libstdcxx_riscv64=/home/jpmurphy/.cache/coreboot-sdk/libstdcxx-riscv64-elf/17abf22a3a252e2d5d2062ced5324f7a623689e0 COREBOOT_SDK_ROOT_libstdcxx_arm=/home/jpmurphy/.cache/coreboot-sdk/libstdcxx-arm-eabi/5d7d82e150e44aa1968f1d366e267e6687b328ac COREBOOT_SDK_ROOT_riscv=/home/jpmurphy/.cache/coreboot-sdk/riscv-elf/9a27b9e82341c6e9126624f516ab3f261abb3e73 COREBOOT_SDK_ROOT_libstdcxx_x86=/home/jpmurphy/.cache/coreboot-sdk/libstdcxx-i386-elf/42ef9d2e87a76a37963175d7d428734e65648b87 PYTHONPATH=/mnt/host/source/src/platform/ec/zephyr/zmake PW_PIGWEED_CIPD_INSTALL_DIR=/usr CROSTC_USER_ACKNOWLEDGES_THAT_RISCV_IS_EXPERIMENTAL=1 MAKEFLAGS=' -j16 --jobserver-auth=5,6' /usr/bin/ninja -C /mnt/host/source/src/platform/ec/build/zephyr/tentacruel/build-rw all.libraries`
[sapphire:rw] [2/360] Generating misc/generated/syscalls_subdirs.trigger
[tentacruel:rw] ninja: Entering directory `/mnt/host/source/src/platform/ec/build/zephyr/tentacruel/build-rw'
[sapphire:rw] [3/360] cd /mnt/host/source/src/platform/ec/build/zephyr/sapphire/build-rw/modules/ec/zephyr && PYTHONPATH=/mnt/host/source/src/platform/ec/build/zephyr/sapphire/modules/ec/zephyr/zmake/ /usr/bin/python3.11 /mnt/host/source/src/platform/ec/build/zephyr/sapphire/modules/ec/zephyr/zmake/zephyr_build_tools/generate_ec_version.py /mnt/host/source/src/platform/ec/build/zephyr/sapphire/build-rw/modules/ec/zephyr/include/ec_version.h --name Zephyr-Kernel --version 16543.0.0 --static
[sapphire:rw] INFO:root:Using a static version string
Running (initial) lcov on /mnt/host/source/src/platform/ec/build/zephyr/wyrdeer.
[sapphire:rw] INFO:root:Version string: Zephyr-Kernel-16543.0.0
[sapphire:rw] INFO:root:Writing header to /mnt/host/source/src/platform/ec/build/zephyr/sapphire/build-rw/modules/ec/zephyr/include/ec_version.h
[sapphire:rw] [4/360] Generating include/generated/zephyr/version.h
[sapphire:ro] [1/360] Generating include/generated/zephyr/version.h
[sapphire:ro] -- git describe warned: warning: tag 'upstream/v2.7.99' is externally known as 'v2.7.99'
[sapphire:ro] -- Zephyr version: 4.3.99 (/mnt/host/source/src/third_party/zephyr/main)
[sapphire:ro] [2/360] Preparing syscall dependency handling
[quandiso:rw] [279/404] Building C object zephyr/drivers/interrupt_controller/CMakeFiles/drivers__interrupt_controller.dir/intc_ite_it8xxx2.c.obj
[quandiso:rw] [280/404] Building C object zephyr/drivers/adc/CMakeFiles/drivers__adc.dir/adc_common.c.obj
[quandiso:rw] [281/404] Building C object zephyr/drivers/bbram/CMakeFiles/drivers__bbram.dir/bbram_it8xxx2.c.obj
[quandiso:rw] [282/404] Building C object zephyr/drivers/interrupt_controller/CMakeFiles/drivers__interrupt_controller.dir/wuc_ite_it8xxx2.c.obj
[sapphire:ro] [3/360] Generating misc/generated/syscalls_subdirs.trigger
[quandiso:rw] [283/404] Building C object zephyr/drivers/console/CMakeFiles/drivers__console.dir/uart_console.c.obj
[quandiso:rw] [284/404] Linking C static library zephyr/drivers/bbram/libdrivers__bbram.a
[quandiso:rw] [285/404] Building C object zephyr/drivers/eeprom/CMakeFiles/drivers__eeprom.dir/eeprom_shell.c.obj
[/mnt/host/source/src/platform/ec/build/zephyr/skyrim-lcov]   /mnt/host/source/src/platform/ec/build/zephyr/skyrim/build-rw/zephyr/arch/common/CMakeFiles/isr_tables.dir/isr_tables.c.gcno:no functions found
[/mnt/host/source/src/platform/ec/build/zephyr/skyrim-lcov] stderr:
[quandiso:rw] [286/404] Building C object zephyr/drivers/adc/CMakeFiles/drivers__adc.dir/adc_ite_it8xxx2.c.obj
[quandiso:rw] [287/404] Linking C static library zephyr/drivers/interrupt_controller/libdrivers__interrupt_controller.a
[quandiso:rw] [288/404] Linking C static library zephyr/drivers/adc/libdrivers__adc.a
[quandiso:rw] [289/404] Linking C static library zephyr/drivers/console/libdrivers__console.a
Running `env -i PYTHONPATH=/usr/lib64/python-exec/python3.11:/mnt/host/source/src/platform/ec/zephyr/zmake:/usr/lib/python311.zip:/usr/lib/python3.11:/usr/lib/python3.11/lib-dynload:/usr/lib/python3.11/site-packages PW_PIGWEED_CIPD_INSTALL_DIR=/usr CROSTC_USER_ACKNOWLEDGES_THAT_RISCV_IS_EXPERIMENTAL=1 PATH=/mnt/host/source/chromite/bin:/usr/local/bin:/usr/bin:/bin:/opt/bin:/mnt/host/source/chromite/sdk/bin:/mnt/host/source/chromite/bin HOME=/home/jpmurphy JAVA_HOME=/etc/java-config-2/current-system-vm JDK_HOME=/etc/java-config-2/current-system-vm JAVAC=/etc/java-config-2/current-system-vm/bin/javac MAKEFLAGS=' -j16 --jobserver-auth=5,6' /usr/bin/lcov --gcov-tool /mnt/host/source/src/platform/ec/build/zephyr/wyrdeer/build-rw/gcov.sh -q -o - -c -d /mnt/host/source/src/platform/ec/build/zephyr/wyrdeer -t wyrdeer --rc branch_coverage=1 --filter range --ignore-errors inconsistent,source --ignore-errors gcov,gcov -i`
[tentacruel:rw] [1/393] Generating include/generated/zephyr/version.h
[quandiso:rw] [290/404] Building C object zephyr/drivers/eeprom/CMakeFiles/drivers__eeprom.dir/eeprom_at2x.c.obj
[tentacruel:rw] -- git describe warned: warning: tag 'upstream/v2.7.99' is externally known as 'v2.7.99'
[tentacruel:rw] -- Zephyr version: 4.3.99 (/mnt/host/source/src/third_party/zephyr/main)
[tentacruel:rw] [2/393] Preparing syscall dependency handling
[quandiso:rw] [291/404] Linking C static library zephyr/drivers/eeprom/libdrivers__eeprom.a
[/mnt/host/source/src/platform/ec/build/zephyr/npcx7-lcov] geninfo: WARNING: using JSON module "JSON::PP" - which is much slower than some alternatives.  Consider installing one of JSON::XS or Cpanel::JSON::XS
[tentacruel:rw] [3/393] Generating misc/generated/syscalls_subdirs.trigger
[sapphire:rw] -- git describe warned: warning: tag 'upstream/v2.7.99' is externally known as 'v2.7.99'
[sapphire:rw] -- Zephyr version: 4.3.99 (/mnt/host/source/src/third_party/zephyr/main)
[sapphire:rw] [5/360] Generating misc/generated/syscalls.json, misc/generated/struct_tags.json
[quandiso:rw] [292/404] Building C object zephyr/drivers/flash/CMakeFiles/drivers__flash.dir/flash_ite_it8xxx2.c.obj
[sapphire:rw] [6/360] Generating include/generated/zephyr/syscall_dispatch.c, include/generated/zephyr/syscall_exports_llext.c, syscall_weakdefs_llext.c, include/generated/zephyr/syscall_list.h
[rull:ro] -- Board: it8xxx2, qualifiers: it81302bx
[quandiso:rw] [293/404] Building C object zephyr/drivers/gpio/CMakeFiles/drivers__gpio.dir/gpio_kscan_ite_it8xxx2.c.obj
[quandiso:rw] [294/404] Linking C static library zephyr/drivers/flash/libdrivers__flash.a
[quandiso:rw] [295/404] Building C object zephyr/drivers/gpio/CMakeFiles/drivers__gpio.dir/gpio_ite_it8xxx2.c.obj
[quandiso:rw] [296/404] Building C object zephyr/drivers/i2c/CMakeFiles/drivers__i2c.dir/i2c_bitbang.c.obj
[quandiso:rw] [297/404] Building C object zephyr/drivers/espi/CMakeFiles/drivers__espi.dir/espi_it8xxx2.c.obj
[sapphire:rw] [7/360] Generating include/generated/zephyr/driver-validation.h
[sapphire:ro] [4/360] Generating misc/generated/syscalls.json, misc/generated/struct_tags.json
[quandiso:rw] [298/404] Building C object zephyr/drivers/i2c/CMakeFiles/drivers__i2c.dir/i2c_common.c.obj
[quandiso:rw] [299/404] Building C object zephyr/drivers/i2c/CMakeFiles/drivers__i2c.dir/i2c_shell.c.obj
[quandiso:rw] [300/404] Linking C static library zephyr/drivers/gpio/libdrivers__gpio.a
[quandiso:rw] [301/404] Linking C static library zephyr/drivers/espi/libdrivers__espi.a
[sapphire:ro] [5/360] Generating include/generated/zephyr/syscall_dispatch.c, include/generated/zephyr/syscall_exports_llext.c, syscall_weakdefs_llext.c, include/generated/zephyr/syscall_list.h
[sapphire:rw] [8/360] Generating include/generated/zephyr/kobj-types-enum.h, include/generated/zephyr/otype-to-str.h, include/generated/zephyr/otype-to-size.h
[/mnt/host/source/src/platform/ec/build/zephyr/wyrdeer-lcov] geninfo: WARNING: using JSON module "JSON::PP" - which is much slower than some alternatives.  Consider installing one of JSON::XS or Cpanel::JSON::XS
[quandiso:rw] [302/404] Building C object zephyr/drivers/i2c/CMakeFiles/drivers__i2c.dir/i2c_ite_enhance.c.obj
[tentacruel:rw] [4/393] Generating misc/generated/syscalls.json, misc/generated/struct_tags.json
[sapphire:rw] [9/360] Generating include/generated/device-api-sections.ld, include/generated/device-api-sections.cmake
[quandiso:rw] [303/404] Building C object zephyr/drivers/pinctrl/CMakeFiles/drivers__pinctrl.dir/common.c.obj
[sapphire:ro] [6/360] Generating include/generated/zephyr/driver-validation.h
[tentacruel:rw] [5/393] Generating include/generated/zephyr/syscall_dispatch.c, include/generated/zephyr/syscall_exports_llext.c, syscall_weakdefs_llext.c, include/generated/zephyr/syscall_list.h
[quandiso:rw] [304/404] Building C object zephyr/drivers/i2c/CMakeFiles/drivers__i2c.dir/i2c_ite_it8xxx2.c.obj
[quandiso:rw] [305/404] Building C object zephyr/drivers/pwm/CMakeFiles/drivers__pwm.dir/pwm_shell.c.obj
[sapphire:ro] [7/360] Generating include/generated/zephyr/kobj-types-enum.h, include/generated/zephyr/otype-to-str.h, include/generated/zephyr/otype-to-size.h
[tentacruel:rw] [6/393] Generating include/generated/zephyr/driver-validation.h
[sapphire:ro] [8/360] Generating include/generated/device-api-sections.ld, include/generated/device-api-sections.cmake
[quandiso:rw] [306/404] Building C object zephyr/drivers/pwm/CMakeFiles/drivers__pwm.dir/pwm_ite_it8xxx2.c.obj
[quandiso:rw] [307/404] Linking C static library zephyr/drivers/i2c/libdrivers__i2c.a
[quandiso:rw] [308/404] Building C object zephyr/drivers/pinctrl/CMakeFiles/drivers__pinctrl.dir/pinctrl_ite_it8xxx2.c.obj
[quandiso:rw] [309/404] Linking C static library zephyr/drivers/pwm/libdrivers__pwm.a
[tentacruel:rw] [7/393] Generating include/generated/zephyr/kobj-types-enum.h, include/generated/zephyr/otype-to-str.h, include/generated/zephyr/otype-to-size.h
[quandiso:rw] [310/404] Building C object zephyr/drivers/serial/CMakeFiles/drivers__serial.dir/uart_ite_it8xxx2.c.obj
[quandiso:rw] [311/404] Linking C static library zephyr/drivers/pinctrl/libdrivers__pinctrl.a
[quandiso:rw] [312/404] Building C object zephyr/drivers/sensor/ite/ite_vcmp_it8xxx2/CMakeFiles/drivers__sensor__ite__ite_vcmp_it8xxx2.dir/vcmp_ite_it8xxx2.c.obj
[tentacruel:rw] [8/393] Generating include/generated/device-api-sections.ld, include/generated/device-api-sections.cmake
[quandiso:rw] [313/404] Building C object zephyr/drivers/sensor/ite/ite_tach_it8xxx2/CMakeFiles/drivers__sensor__ite__ite_tach_it8xxx2.dir/tach_ite_it8xxx2.c.obj
[quandiso:rw] [314/404] Linking C static library zephyr/drivers/sensor/ite/ite_vcmp_it8xxx2/libdrivers__sensor__ite__ite_vcmp_it8xxx2.a
[quandiso:rw] [315/404] Linking C static library zephyr/drivers/sensor/ite/ite_tach_it8xxx2/libdrivers__sensor__ite__ite_tach_it8xxx2.a
[quandiso:rw] [316/404] Building C object zephyr/drivers/timer/CMakeFiles/drivers__timer.dir/sys_clock_init.c.obj
[quandiso:rw] [317/404] Building C object zephyr/drivers/serial/CMakeFiles/drivers__serial.dir/uart_ns16550.c.obj
[sapphire:rw] [10/360] Building C object zephyr/CMakeFiles/offsets.dir/arch/riscv/core/offsets/offsets.c.obj
[quandiso:rw] [318/404] Linking C static library zephyr/drivers/serial/libdrivers__serial.a
[/mnt/host/source/src/platform/ec/build/zephyr/wyrdeer-lcov] stderr:
[sapphire:rw] [11/360] Generating include/generated/zephyr/offsets.h
[quandiso:rw] [319/404] Building C object zephyr/drivers/watchdog/CMakeFiles/drivers__watchdog.dir/wdt_ite_it8xxx2.c.obj
[quandiso:rw] [320/404] Building C object zephyr/drivers/timer/CMakeFiles/drivers__timer.dir/ite_it8xxx2_timer.c.obj
[quandiso:rw] [321/404] Linking C static library zephyr/drivers/timer/libdrivers__timer.a
[sapphire:ro] [9/360] Building C object zephyr/CMakeFiles/offsets.dir/arch/riscv/core/offsets/offsets.c.obj
[quandiso:rw] [322/404] Building C object zephyr/drivers/watchdog/CMakeFiles/drivers__watchdog.dir/wdt_shell.c.obj
[/mnt/host/source/src/platform/ec/build/zephyr/wyrdeer-lcov]   /mnt/host/source/src/platform/ec/build/zephyr/wyrdeer/build-ro/modules/ec/zephyr/CMakeFiles/ec_shim.dir/shim/src/power.c.gcno:no functions found
[/mnt/host/source/src/platform/ec/build/zephyr/wyrdeer-lcov] stderr:
[quandiso:rw] [323/404] Linking C static library zephyr/drivers/watchdog/libdrivers__watchdog.a
[tentacruel:rw] [9/393] Building C object zephyr/CMakeFiles/offsets.dir/arch/riscv/core/offsets/offsets.c.obj
[sapphire:ro] [10/360] Generating include/generated/zephyr/offsets.h
[rull:ro] -- Found Dtc: /usr/bin/dtc (found suitable version "1.6.0", minimum required is "1.4.6")
[rull:ro] -- Found BOARD.dts: /mnt/host/source/src/platform/ec/zephyr/boards/google/it8xxx2/it8xxx2_it81302bx.dts
[rull:ro] -- Found devicetree overlay: /mnt/host/source/src/platform/ec/zephyr/program/nissa/rull/project.overlay
[/mnt/host/source/src/platform/ec/build/zephyr/wyrdeer-lcov]   /mnt/host/source/src/platform/ec/build/zephyr/wyrdeer/build-ro/modules/ec/zephyr/CMakeFiles/ec_shim.dir/shim/src/thermal.c.gcno:no functions found
[/mnt/host/source/src/platform/ec/build/zephyr/wyrdeer-lcov] stderr:
[quandiso:rw] [324/404] Building C object modules/ec/zephyr/CMakeFiles/ec_shim.dir/app/ec/main_shim.c.obj
[tentacruel:rw] [10/393] Generating include/generated/zephyr/offsets.h
[quandiso:rw] [325/404] Building C object modules/ec/zephyr/CMakeFiles/ec_shim.dir/app/ec/ec_app_main.c.obj
[quandiso:rw] [326/404] Building C object modules/ec/zephyr/CMakeFiles/ec_shim.dir/drivers/cros_flash/cros_flash_it8xxx2.c.obj
[quandiso:rw] [327/404] Building C object modules/ec/zephyr/CMakeFiles/ec_shim.dir/drivers/cros_kb_raw/cros_kb_raw_ite.c.obj
[quandiso:rw] [328/404] Building C object modules/ec/zephyr/CMakeFiles/ec_shim.dir/app/ec/chip/riscv/riscv-ite/it8xxx2-espi.c.obj
[/mnt/host/source/src/platform/ec/build/zephyr/wyrdeer-lcov]   /mnt/host/source/src/platform/ec/build/zephyr/wyrdeer/build-ro/modules/ec/zephyr/CMakeFiles/ec_shim.dir/shim/src/battery.c.gcno:no functions found
[/mnt/host/source/src/platform/ec/build/zephyr/wyrdeer-lcov] stderr:
[/mnt/host/source/src/platform/ec/build/zephyr/npcx7-lcov] stderr:
[sapphire:rw] [12/360] Building C object CMakeFiles/app.dir/mnt/host/source/src/platform/ec/zephyr/subsys/ap_pwrseq/ap_events.c.obj
[/mnt/host/source/src/platform/ec/build/zephyr/wyrdeer-lcov]   /mnt/host/source/src/platform/ec/build/zephyr/wyrdeer/build-ro/modules/ec/zephyr/CMakeFiles/ec_shim.dir/shim/src/charger.c.gcno:no functions found
[/mnt/host/source/src/platform/ec/build/zephyr/wyrdeer-lcov] stderr:
[quandiso:rw] [329/404] Building C object modules/ec/zephyr/CMakeFiles/ec_shim.dir/drivers/cros_kblight/pwm_kblight.c.obj
[/mnt/host/source/src/platform/ec/build/zephyr/wyrdeer-lcov]   /mnt/host/source/src/platform/ec/build/zephyr/wyrdeer/build-ro/modules/ec/zephyr/CMakeFiles/ec_shim.dir/shim/src/usb_muxes.c.gcno:no functions found
[/mnt/host/source/src/platform/ec/build/zephyr/wyrdeer-lcov] stderr:
[quandiso:rw] [330/404] Building C object modules/ec/zephyr/CMakeFiles/ec_shim.dir/drivers/cros_system/cros_system_it8xxx2.c.obj
[quandiso:rw] [331/404] Building C object modules/ec/zephyr/CMakeFiles/ec_shim.dir/shim/src/crc.c.obj
[quandiso:rw] [332/404] Building C object modules/ec/zephyr/CMakeFiles/ec_shim.dir/shim/chip/it8xxx2/clock.c.obj
[tentacruel:rw] [11/393] Building C object zephyr/CMakeFiles/zephyr.dir/lib/libc/validate_libc.c.obj
[sapphire:ro] [11/360] Building C object zephyr/CMakeFiles/zephyr.dir/lib/libc/validate_libc.c.obj
[quandiso:rw] [333/404] Building C object modules/ec/zephyr/CMakeFiles/ec_shim.dir/drivers/vivaldi_kbd/vivaldi_kbd.c.obj
[quandiso:rw] [334/404] Building C object modules/ec/zephyr/CMakeFiles/ec_shim.dir/shim/chip/it8xxx2/gpio.c.obj
[quandiso:rw] [335/404] Building C object modules/ec/zephyr/CMakeFiles/ec_shim.dir/shim/chip/it8xxx2/keyboard_raw.c.obj
[quandiso:rw] [336/404] Building C object modules/ec/zephyr/CMakeFiles/ec_shim.dir/shim/chip/it8xxx2/power_policy.c.obj
[quandiso:rw] [337/404] Building C object modules/ec/zephyr/CMakeFiles/ec_shim.dir/shim/chip/it8xxx2/system.c.obj
[quandiso:rw] [338/404] Building C object modules/ec/zephyr/CMakeFiles/ec_shim.dir/shim/src/console.c.obj
[quandiso:rw] [339/404] Building C object modules/ec/zephyr/CMakeFiles/ec_shim.dir/shim/src/panic_utils.c.obj
[quandiso:rw] [340/404] Building C object modules/ec/zephyr/CMakeFiles/ec_shim.dir/shim/src/gpio_int.c.obj
[/mnt/host/source/src/platform/ec/build/zephyr/skyrim-lcov]   /mnt/host/source/src/platform/ec/build/zephyr/skyrim/build-rw/zephyr/CMakeFiles/zephyr.dir/subsys/shell/modules/kernel_service/kernel_shell.c.gcno:no functions found
[/mnt/host/source/src/platform/ec/build/zephyr/skyrim-lcov] stderr:
[tentacruel:rw] [12/393] Building C object zephyr/CMakeFiles/zephyr.dir/lib/heap/heap.c.obj
[sapphire:rw] [13/360] Building C object CMakeFiles/app.dir/mnt/host/source/src/platform/ec/zephyr/subsys/pd_controller/pdc_pmc_debug.c.obj
[quandiso:rw] [341/404] Building C object modules/ec/zephyr/CMakeFiles/ec_shim.dir/shim/src/gpio.c.obj
[sapphire:ro] [12/360] Building C object zephyr/CMakeFiles/zephyr.dir/lib/heap/heap.c.obj
[quandiso:rw] [342/404] Building C object modules/ec/zephyr/CMakeFiles/ec_shim.dir/shim/src/pm_state.c.obj
[quandiso:rw] [343/404] Building C object modules/ec/zephyr/CMakeFiles/ec_shim.dir/shim/src/cbi/cros_cbi.c.obj
[/mnt/host/source/src/platform/ec/build/zephyr/skyrim-lcov]   /mnt/host/source/src/platform/ec/build/zephyr/skyrim/build-rw/zephyr/CMakeFiles/zephyr.dir/lib/libc/validate_libc.c.gcno:no functions found
[/mnt/host/source/src/platform/ec/build/zephyr/skyrim-lcov] stderr:
[quandiso:rw] [344/404] Building C object modules/ec/zephyr/CMakeFiles/ec_shim.dir/shim/src/cbi/cros_cbi_fw_config.c.obj
[quandiso:rw] [345/404] Building C object modules/ec/zephyr/CMakeFiles/ec_shim.dir/shim/src/cbi/cros_cbi_ssfc.c.obj
[rull:ro] -- Generated zephyr.dts: /mnt/host/source/src/platform/ec/build/zephyr/rull/build-ro/zephyr/zephyr.dts
[rull:ro] -- Generated pickled edt: /mnt/host/source/src/platform/ec/build/zephyr/rull/build-ro/zephyr/edt.pickle
[quandiso:rw] [346/404] Building C object modules/ec/zephyr/CMakeFiles/ec_shim.dir/shim/src/cbi/cbi_eeprom.c.obj
[quandiso:rw] [347/404] Building C object modules/ec/zephyr/CMakeFiles/ec_shim.dir/shim/src/battery.c.obj
[quandiso:rw] [348/404] Building C object modules/ec/zephyr/CMakeFiles/ec_shim.dir/shim/src/system.c.obj
[tentacruel:rw] [13/393] Building C object zephyr/CMakeFiles/zephyr.dir/lib/os/cbprintf_packaged.c.obj
[quandiso:rw] [349/404] Building C object modules/ec/zephyr/CMakeFiles/ec_shim.dir/shim/src/adc.c.obj
[quandiso:rw] [350/404] Building C object modules/ec/zephyr/CMakeFiles/ec_shim.dir/shim/src/charger.c.obj
[sapphire:ro] [13/360] Building C object zephyr/CMakeFiles/zephyr.dir/lib/os/cbprintf_packaged.c.obj
[quandiso:rw] [351/404] Building C object modules/ec/zephyr/CMakeFiles/ec_shim.dir/shim/src/chipset_api.c.obj
[rull:ro] -- Generated devicetree_generated.h: /mnt/host/source/src/platform/ec/build/zephyr/rull/build-ro/zephyr/include/generated/zephyr/devicetree_generated.h
[quandiso:rw] [352/404] Building C object modules/ec/zephyr/CMakeFiles/ec_shim.dir/shim/src/espi.c.obj
[quandiso:rw] [353/404] Building C object modules/ec/zephyr/CMakeFiles/ec_shim.dir/shim/src/fan.c.obj
[quandiso:rw] [354/404] Building C object modules/ec/zephyr/CMakeFiles/ec_shim.dir/shim/src/flash.c.obj
[tentacruel:rw] [14/393] Building C object zephyr/CMakeFiles/zephyr.dir/lib/os/clock.c.obj
[quandiso:rw] [355/404] Building C object modules/ec/zephyr/CMakeFiles/ec_shim.dir/shim/src/host_command.c.obj
[quandiso:rw] [356/404] Building C object modules/ec/zephyr/CMakeFiles/ec_shim.dir/shim/src/console_buffer.c.obj
[quandiso:rw] [357/404] Building C object modules/ec/zephyr/CMakeFiles/ec_shim.dir/shim/src/keyboard_raw.c.obj
[quandiso:rw] [358/404] Building C object modules/ec/zephyr/CMakeFiles/ec_shim.dir/shim/src/mkbp_event.c.obj
[quandiso:rw] [359/404] Building C object modules/ec/zephyr/CMakeFiles/ec_shim.dir/shim/src/hooks.c.obj
[sapphire:ro] [14/360] Building C object zephyr/CMakeFiles/zephyr.dir/lib/os/clock.c.obj
[/mnt/host/source/src/platform/ec/build/zephyr/skyrim-lcov]   /mnt/host/source/src/platform/ec/build/zephyr/skyrim/build-rw/zephyr/CMakeFiles/zephyr.dir/lib/utils/last_section_id.c.gcno:no functions found
[/mnt/host/source/src/platform/ec/build/zephyr/skyrim-lcov] stderr:
[quandiso:rw] [360/404] Building C object modules/ec/zephyr/CMakeFiles/ec_shim.dir/shim/src/motionsense_sensors.c.obj
[quandiso:rw] [361/404] Building C object modules/ec/zephyr/CMakeFiles/ec_shim.dir/shim/src/panic.c.obj
[quandiso:rw] [362/404] Building C object modules/ec/zephyr/CMakeFiles/ec_shim.dir/shim/src/hwtimer.c.obj
[tentacruel:rw] [15/393] Building C object zephyr/CMakeFiles/zephyr.dir/lib/os/printk.c.obj
[quandiso:rw] [363/404] Building C object modules/ec/zephyr/CMakeFiles/ec_shim.dir/shim/src/pwm_hc.c.obj
[sapphire:rw] [14/360] Building C object CMakeFiles/app.dir/mnt/host/source/src/platform/ec/zephyr/subsys/pd_controller/pdc_power_mgmt.c.obj
[quandiso:rw] [364/404] Building C object modules/ec/zephyr/CMakeFiles/ec_shim.dir/shim/src/temp_sensors.c.obj
[quandiso:rw] [365/404] Building C object modules/ec/zephyr/CMakeFiles/ec_shim.dir/shim/src/i2c.c.obj
[rull:ro] /mnt/host/source/src/platform/ec/build/zephyr/rull/build-ro/zephyr/zephyr.dts:1265.27-1964.5: Warning (avoid_unnecessary_addr_size): /soc/pin-controller: unnecessary #address-cells/#size-cells without "ranges" or child "reg" property
[quandiso:rw] [366/404] Building C object modules/ec/zephyr/CMakeFiles/ec_shim.dir/shim/src/thermal.c.obj
[quandiso:rw] [367/404] Building C object modules/ec/zephyr/CMakeFiles/ec_shim.dir/shim/src/tasks.c.obj
[quandiso:rw] [368/404] Building C object modules/ec/zephyr/CMakeFiles/ec_shim.dir/shim/src/watchdog.c.obj
[sapphire:ro] [15/360] Building C object zephyr/CMakeFiles/zephyr.dir/lib/os/printk.c.obj
[quandiso:rw] [369/404] Building C object modules/ec/zephyr/CMakeFiles/ec_shim.dir/shim/src/usba.c.obj
[tentacruel:rw] [16/393] Building C object zephyr/CMakeFiles/zephyr.dir/lib/os/sem.c.obj
[quandiso:rw] [370/404] Building C object zephyr/kernel/CMakeFiles/kernel.dir/banner.c.obj
[quandiso:rw] [371/404] Building C object zephyr/kernel/CMakeFiles/kernel.dir/main_weak.c.obj
[quandiso:rw] [372/404] Building C object modules/ec/zephyr/CMakeFiles/ec_shim.dir/shim/src/power_host_sleep_api.c.obj
[quandiso:rw] [373/404] Building C object zephyr/kernel/CMakeFiles/kernel.dir/busy_wait.c.obj
[quandiso:rw] [374/404] Building C object zephyr/kernel/CMakeFiles/kernel.dir/version.c.obj
[quandiso:rw] [375/404] Building C object zephyr/kernel/CMakeFiles/kernel.dir/device.c.obj
[quandiso:rw] [376/404] Building C object modules/ec/zephyr/CMakeFiles/ec_shim.dir/shim/src/usb_muxes.c.obj
[/mnt/host/source/src/platform/ec/build/zephyr/wyrdeer-lcov]   /mnt/host/source/src/platform/ec/build/zephyr/wyrdeer/build-ro/modules/ec/zephyr/CMakeFiles/ec_shim.dir/shim/src/chg_rt9490.c.gcno:no functions found
[/mnt/host/source/src/platform/ec/build/zephyr/wyrdeer-lcov] stderr:
[quandiso:rw] [377/404] Building C object zephyr/kernel/CMakeFiles/kernel.dir/errno.c.obj
[quandiso:rw] [378/404] Linking C static library modules/ec/zephyr/libec_shim.a
[sapphire:ro] [16/360] Building C object zephyr/CMakeFiles/zephyr.dir/lib/os/sem.c.obj
[quandiso:rw] [379/404] Building C object zephyr/kernel/CMakeFiles/kernel.dir/fatal.c.obj
[quandiso:rw] [380/404] Building C object zephyr/kernel/CMakeFiles/kernel.dir/init.c.obj
[sapphire:rw] [15/360] Building C object CMakeFiles/app.dir/mnt/host/source/src/platform/ec/zephyr/subsys/pd_controller/pdc_console.c.obj
[tentacruel:rw] [17/393] Building C object zephyr/CMakeFiles/zephyr.dir/lib/os/thread_entry.c.obj
[quandiso:rw] [381/404] Building C object zephyr/kernel/CMakeFiles/kernel.dir/kheap.c.obj
[quandiso:rw] [382/404] Building C object zephyr/kernel/CMakeFiles/kernel.dir/mem_slab.c.obj
[quandiso:rw] [383/404] Building C object zephyr/kernel/CMakeFiles/kernel.dir/float.c.obj
[/mnt/host/source/src/platform/ec/build/zephyr/npcx7-lcov]   /mnt/host/source/src/platform/ec/build/zephyr/npcx7/build-ro/modules/ec/zephyr/CMakeFiles/ec_shim.dir/shim/src/keyscan.c.gcno:no functions found
[/mnt/host/source/src/platform/ec/build/zephyr/npcx7-lcov] stderr:
[quandiso:rw] [384/404] Building C object zephyr/kernel/CMakeFiles/kernel.dir/idle.c.obj
[quandiso:rw] [385/404] Building C object zephyr/kernel/CMakeFiles/kernel.dir/mailbox.c.obj
[quandiso:rw] [386/404] Building C object zephyr/kernel/CMakeFiles/kernel.dir/msg_q.c.obj
[sapphire:ro] [17/360] Building C object zephyr/CMakeFiles/zephyr.dir/lib/os/thread_entry.c.obj
[quandiso:rw] [387/404] Building C object zephyr/kernel/CMakeFiles/kernel.dir/mutex.c.obj
[quandiso:rw] [388/404] Building C object zephyr/kernel/CMakeFiles/kernel.dir/queue.c.obj
[tentacruel:rw] [18/393] Building C object zephyr/CMakeFiles/zephyr.dir/lib/os/cbprintf_nano.c.obj
[quandiso:rw] [389/404] Building C object zephyr/kernel/CMakeFiles/kernel.dir/sem.c.obj
[quandiso:rw] [390/404] Building C object zephyr/kernel/CMakeFiles/kernel.dir/stack.c.obj
[quandiso:rw] [391/404] Building C object zephyr/kernel/CMakeFiles/kernel.dir/system_work_q.c.obj
[quandiso:rw] [392/404] Building C object zephyr/kernel/CMakeFiles/kernel.dir/work.c.obj
[sapphire:rw] [16/360] Building C object CMakeFiles/app.dir/mnt/host/source/src/platform/ec/zephyr/subsys/pd_controller/pdc_host_cmd.c.obj
[quandiso:rw] [393/404] Building C object zephyr/kernel/CMakeFiles/kernel.dir/condvar.c.obj
[quandiso:rw] [394/404] Building C object zephyr/kernel/CMakeFiles/kernel.dir/thread.c.obj
[sapphire:ro] [18/360] Building C object zephyr/CMakeFiles/zephyr.dir/lib/os/cbprintf_nano.c.obj
[quandiso:rw] [395/404] Building C object zephyr/kernel/CMakeFiles/kernel.dir/timeout.c.obj
[quandiso:rw] [396/404] Building C object zephyr/kernel/CMakeFiles/kernel.dir/pipe.c.obj
[tentacruel:rw] [19/393] Building C object zephyr/CMakeFiles/zephyr.dir/lib/os/cbprintf.c.obj
[quandiso:rw] [397/404] Building C object zephyr/kernel/CMakeFiles/kernel.dir/sched.c.obj
[quandiso:rw] [398/404] Building C object zephyr/kernel/CMakeFiles/kernel.dir/thread_monitor.c.obj
[quandiso:rw] [399/404] Building C object zephyr/kernel/CMakeFiles/kernel.dir/timer.c.obj
[sapphire:ro] [19/360] Building C object zephyr/CMakeFiles/zephyr.dir/lib/utils/base64.c.obj
[quandiso:rw] [400/404] Building C object zephyr/kernel/CMakeFiles/kernel.dir/poll.c.obj
[quandiso:rw] [401/404] Building C object zephyr/kernel/CMakeFiles/kernel.dir/events.c.obj
[tentacruel:rw] [20/393] Building C object zephyr/CMakeFiles/zephyr.dir/lib/utils/dec.c.obj
[tentacruel:ro] Building: /usr/bin/ninja -C /mnt/host/source/src/platform/ec/build/zephyr/tentacruel/build-ro all.libraries
Running `env -i SHELL=/bin/bash COLORTERM=truecolor DEPOT_TOOLS_UPDATE=0 LESS='-R -M --shift 5' SUDO_GID=0 JDK_HOME=/etc/java-config-2/current-system-vm CONFIG_PROTECT_MASK='/etc/gentoo-release /etc/sandbox.d /etc/fonts/fonts.conf /etc/terminfo /etc/ca-certificates.conf /etc/revdep-rebuild' CHROMEOS_CACHEDIR=/var/cache/chromeos-cache JAVA_HOME=/etc/java-config-2/current-system-vm SSH_AUTH_SOCK=/tmp/ssh-auth-sock SUDO_COMMAND=/bin/bash SUDO_USER=root SUDO_TTY=/dev/pts/2 EDITOR=/usr/bin/vi PWD=/mnt/host/source/src/platform/ec CONFIG_PROTECT=/usr/share/gnupg/qualified.txt LOGNAME=jpmurphy MANPATH=/etc/java-config-2/current-system-vm/man:/usr/local/share/man:/usr/share/man:/usr/share/gcc-data/x86_64-pc-linux-gnu/10.2.0/man:/usr/share/binutils-data/x86_64-pc-linux-gnu/2.45/man:/etc/java-config-2/current-system-vm/man/ SUDO_HOME=/root XAUTHORITY=/run/user/944457/gdm/Xauthority HOME=/home/jpmurphy LANG=C.UTF-8 LS_COLORS='rs=0:di=01;34:ln=01;36:mh=00:pi=40;33:so=01;35:do=01;35:bd=40;33;01:cd=40;33;01:or=01;05;37;41:mi=01;05;37;41:su=37;41:sg=30;43:ca=30;41:tw=30;42:ow=34;42:st=37;44:ex=01;32:*.tar=01;31:*.tgz=01;31:*.arc=01;31:*.arj=01;31:*.taz=01;31:*.lha=01;31:*.lz4=01;31:*.lzh=01;31:*.lzma=01;31:*.tlz=01;31:*.txz=01;31:*.tzo=01;31:*.t7z=01;31:*.zip=01;31:*.z=01;31:*.dz=01;31:*.gz=01;31:*.lrz=01;31:*.lz=01;31:*.lzo=01;31:*.xz=01;31:*.zst=01;31:*.tzst=01;31:*.bz2=01;31:*.bz=01;31:*.tbz=01;31:*.tbz2=01;31:*.tz=01;31:*.deb=01;31:*.rpm=01;31:*.jar=01;31:*.war=01;31:*.ear=01;31:*.sar=01;31:*.rar=01;31:*.alz=01;31:*.ace=01;31:*.zoo=01;31:*.cpio=01;31:*.7z=01;31:*.rz=01;31:*.cab=01;31:*.wim=01;31:*.swm=01;31:*.dwm=01;31:*.esd=01;31:*.jpg=01;35:*.jpeg=01;35:*.mjpg=01;35:*.mjpeg=01;35:*.gif=01;35:*.bmp=01;35:*.pbm=01;35:*.pgm=01;35:*.ppm=01;35:*.tga=01;35:*.xbm=01;35:*.xpm=01;35:*.tif=01;35:*.tiff=01;35:*.png=01;35:*.svg=01;35:*.svgz=01;35:*.mng=01;35:*.pcx=01;35:*.mov=01;35:*.mpg=01;35:*.mpeg=01;35:*.m2v=01;35:*.mkv=01;35:*.webm=01;35:*.webp=01;35:*.ogm=01;35:*.mp4=01;35:*.m4v=01;35:*.mp4v=01;35:*.vob=01;35:*.qt=01;35:*.nuv=01;35:*.wmv=01;35:*.asf=01;35:*.rm=01;35:*.rmvb=01;35:*.flc=01;35:*.avi=01;35:*.fli=01;35:*.flv=01;35:*.gl=01;35:*.dl=01;35:*.xcf=01;35:*.xwd=01;35:*.yuv=01;35:*.cgm=01;35:*.emf=01;35:*.ogv=01;35:*.ogx=01;35:*.cfg=00;32:*.conf=00;32:*.diff=00;32:*.doc=00;32:*.ini=00;32:*.log=00;32:*.patch=00;32:*.pdf=00;32:*.ps=00;32:*.tex=00;32:*.txt=00;32:*.aac=00;36:*.au=00;36:*.flac=00;36:*.m4a=00;36:*.mid=00;36:*.midi=00;36:*.mka=00;36:*.mp3=00;36:*.mpc=00;36:*.ogg=00;36:*.ra=00;36:*.wav=00;36:*.oga=00;36:*.opus=00;36:*.spx=00;36:*.xspf=00;36:' XDG_CURRENT_DESKTOP=GNOME INFOPATH=/usr/share/info:/usr/share/gcc-data/x86_64-pc-linux-gnu/10.2.0/info:/usr/share/binutils-data/x86_64-pc-linux-gnu/2.45/info:/usr/share/automake-1.16.5/info JAVAC=/etc/java-config-2/current-system-vm/bin/javac TERM=xterm-256color LESSOPEN='|lesspipe %s' USER=jpmurphy CROS_WORKON_SRCROOT=/mnt/host/source MANPAGER=manpager DISPLAY=:1 SHLVL=1 LC_MESSAGES=C EXTERNAL_TRUNK_PATH=/mnt/8f9d649a-3721-44cc-93c0-e6bd21a9689f/chromiumos GCC_SPECS='' PATH=/mnt/host/source/chromite/bin:/usr/local/bin:/usr/bin:/bin:/opt/bin:/mnt/host/source/chromite/sdk/bin:/mnt/host/source/chromite/bin PORTAGE_USERNAME=jpmurphy SUDO_UID=0 GCC_VER=10.2.0 MAIL=/var/mail/jpmurphy OLDPWD=/mnt/host/source/src/scripts traceparent=00-e87aca51550a78635907baa6a2476181-6d684811675d2973-01 _=./zephyr/firmware_builder.py COREBOOT_SDK_ROOT_x86=/home/jpmurphy/.cache/coreboot-sdk/i386-elf/dfbb0486385d938cfa9d73080b9d18d598ed4f49 COREBOOT_SDK_ROOT_picolibc_x86=/home/jpmurphy/.cache/coreboot-sdk/picolibc-i386-elf/eb8e8e687b95461de8cbf278f1c2076952d0ad17 COREBOOT_SDK_ROOT_riscv64=/home/jpmurphy/.cache/coreboot-sdk/riscv64-elf/96b949749225b6aaa92ed810ab769e8dfb12f000 COREBOOT_SDK_ROOT_picolibc_arm=/home/jpmurphy/.cache/coreboot-sdk/picolibc-arm-eabi/422a2aa3e1ef891b5bece9a3deb696ff83840d2e COREBOOT_SDK_ROOT_nds32=/home/jpmurphy/.cache/coreboot-sdk/nds32le-elf/d1a518c4a097666d86058e1444f85ca015d15511 COREBOOT_SDK_ROOT_picolibc_riscv64=/home/jpmurphy/.cache/coreboot-sdk/picolibc-riscv64-elf/f571e990ef0278564b31124f8bb109d9a697eb69 COREBOOT_SDK_ROOT_arm=/home/jpmurphy/.cache/coreboot-sdk/arm-eabi/ea40ddd1d190c3b48435c474c0b545719371813a COREBOOT_SDK_ROOT_libstdcxx_riscv64=/home/jpmurphy/.cache/coreboot-sdk/libstdcxx-riscv64-elf/17abf22a3a252e2d5d2062ced5324f7a623689e0 COREBOOT_SDK_ROOT_libstdcxx_arm=/home/jpmurphy/.cache/coreboot-sdk/libstdcxx-arm-eabi/5d7d82e150e44aa1968f1d366e267e6687b328ac COREBOOT_SDK_ROOT_riscv=/home/jpmurphy/.cache/coreboot-sdk/riscv-elf/9a27b9e82341c6e9126624f516ab3f261abb3e73 COREBOOT_SDK_ROOT_libstdcxx_x86=/home/jpmurphy/.cache/coreboot-sdk/libstdcxx-i386-elf/42ef9d2e87a76a37963175d7d428734e65648b87 PYTHONPATH=/mnt/host/source/src/platform/ec/zephyr/zmake PW_PIGWEED_CIPD_INSTALL_DIR=/usr CROSTC_USER_ACKNOWLEDGES_THAT_RISCV_IS_EXPERIMENTAL=1 MAKEFLAGS=' -j16 --jobserver-auth=5,6' /usr/bin/ninja -C /mnt/host/source/src/platform/ec/build/zephyr/tentacruel/build-ro all.libraries`
[quandiso:rw] [402/404] Building C object zephyr/kernel/CMakeFiles/kernel.dir/mempool.c.obj
[tentacruel:ro] ninja: Entering directory `/mnt/host/source/src/platform/ec/build/zephyr/tentacruel/build-ro'
[sapphire:ro] [20/360] Building C object zephyr/CMakeFiles/zephyr.dir/lib/utils/dec.c.obj
[sapphire:ro] [21/360] Building C object zephyr/CMakeFiles/zephyr.dir/lib/utils/hex.c.obj
[quandiso:rw] [403/404] Building C object zephyr/kernel/CMakeFiles/kernel.dir/dynamic_disabled.c.obj
[rull:ro] warning: PLATFORM_EC_SMART_BATTERY_OPTIONAL_MFG_FUNC (defined at
[rull:ro] /mnt/host/source/src/platform/ec/zephyr/Kconfig.battery:341) was assigned the value 'y' but got the
[rull:ro] value 'n'. Check these unsatisfied dependencies: PLATFORM_EC_I2C_VIRTUAL_BATTERY (=n). See
[rull:ro] http://docs.zephyrproject.org/latest/kconfig.html#CONFIG_PLATFORM_EC_SMART_BATTERY_OPTIONAL_MFG_FUNC
[rull:ro] and/or look up PLATFORM_EC_SMART_BATTERY_OPTIONAL_MFG_FUNC in the menuconfig/guiconfig interface.
[rull:ro] The Application Development Primer, Setting Configuration Values, and Kconfig - Tips and Best
[rull:ro] Practices sections of the manual might be helpful too.
[rull:ro] warning: PLATFORM_EC_OCPC_DEF_RBATT_MOHMS (defined at
[rull:ro] /mnt/host/source/src/platform/ec/zephyr/Kconfig.charger:279) was assigned the value '21' but got the
[rull:ro] value ''. Check these unsatisfied dependencies: PLATFORM_EC_OCPC (=n). See
[rull:ro] http://docs.zephyrproject.org/latest/kconfig.html#CONFIG_PLATFORM_EC_OCPC_DEF_RBATT_MOHMS and/or
[rull:ro] look up PLATFORM_EC_OCPC_DEF_RBATT_MOHMS in the menuconfig/guiconfig interface. The Application
[rull:ro] Development Primer, Setting Configuration Values, and Kconfig - Tips and Best Practices sections of
[rull:ro] the manual might be helpful too.
[rull:ro] warning: PLATFORM_EC_OCPC_DEF_DRIVELIMIT_MILLIVOLTS (defined at
[rull:ro] /mnt/host/source/src/platform/ec/zephyr/Kconfig.charger:288) was assigned the value '200' but got
[rull:ro] the value ''. Check these unsatisfied dependencies: PLATFORM_EC_OCPC (=n). See
[rull:ro] http://docs.zephyrproject.org/latest/kconfig.html#CONFIG_PLATFORM_EC_OCPC_DEF_DRIVELIMIT_MILLIVOLTS
[rull:ro] and/or look up PLATFORM_EC_OCPC_DEF_DRIVELIMIT_MILLIVOLTS in the menuconfig/guiconfig interface. The
[rull:ro] Application Development Primer, Setting Configuration Values, and Kconfig - Tips and Best Practices
[rull:ro] sections of the manual might be helpful too.
[rull:ro] warning: PLATFORM_EC_MAX_SENSOR_FREQ_MILLIHZ (defined at
[rull:ro] /mnt/host/source/src/platform/ec/zephyr/Kconfig.motionsense:96) was assigned the value '100000' but
[rull:ro] got the value ''. Check these unsatisfied dependencies: PLATFORM_EC_MOTIONSENSE (=n). See
[rull:ro] http://docs.zephyrproject.org/latest/kconfig.html#CONFIG_PLATFORM_EC_MAX_SENSOR_FREQ_MILLIHZ and/or
[rull:ro] look up PLATFORM_EC_MAX_SENSOR_FREQ_MILLIHZ in the menuconfig/guiconfig interface. The Application
[rull:ro] Development Primer, Setting Configuration Values, and Kconfig - Tips and Best Practices sections of
[rull:ro] the manual might be helpful too.
[rull:ro] warning: TASK_HOSTCMD_STACK_SIZE (defined at
[rull:ro] /mnt/host/source/src/platform/ec/zephyr/Kconfig.stacks:52,
[rull:ro] /mnt/host/source/src/platform/ec/zephyr/Kconfig.tasks:123) was assigned the value '1280' but got the
[rull:ro] value '1152'. See http://docs.zephyrproject.org/latest/kconfig.html#CONFIG_TASK_HOSTCMD_STACK_SIZE
[rull:ro] and/or look up TASK_HOSTCMD_STACK_SIZE in the menuconfig/guiconfig interface. The Application
[rull:ro] Development Primer, Setting Configuration Values, and Kconfig - Tips and Best Practices sections of
[rull:ro] the manual might be helpful too.
[rull:ro] warning: PLATFORM_EC_GMR_TABLET_MODE (defined at
[rull:ro] /mnt/host/source/src/platform/ec/zephyr/Kconfig.tabletmode:22) was assigned the value 'y' but got
[rull:ro] the value 'n'. Check these unsatisfied dependencies: PLATFORM_EC_TABLET_MODE (=n). See
[rull:ro] http://docs.zephyrproject.org/latest/kconfig.html#CONFIG_PLATFORM_EC_GMR_TABLET_MODE and/or look up
[rull:ro] PLATFORM_EC_GMR_TABLET_MODE in the menuconfig/guiconfig interface. The Application Development
[rull:ro] Primer, Setting Configuration Values, and Kconfig - Tips and Best Practices sections of the manual
[rull:ro] might be helpful too.
[rull:ro] warning: Deprecated symbol I2C_ALLOW_NO_STOP_TRANSACTIONS is enabled.
[quandiso:rw] [404/404] Linking C static library zephyr/kernel/libkernel.a
[sapphire:rw] [17/360] Building C object CMakeFiles/app.dir/mnt/host/source/src/platform/ec/zephyr/subsys/pd_controller/pdc_stub.c.obj
[tentacruel:rw] [21/393] Building C object zephyr/CMakeFiles/zephyr.dir/lib/os/assert.c.obj
[tentacruel:rw] [22/393] Building C object zephyr/CMakeFiles/zephyr.dir/lib/utils/hex.c.obj
[sapphire:ro] [22/360] Building C object zephyr/CMakeFiles/zephyr.dir/lib/os/cbprintf.c.obj
[sapphire:ro] [23/360] Building C object zephyr/CMakeFiles/zephyr.dir/lib/os/assert.c.obj
[sapphire:ro] [24/360] Building C object zephyr/CMakeFiles/zephyr.dir/lib/utils/timeutil.c.obj
[sapphire:ro] [25/360] Building C object zephyr/CMakeFiles/zephyr.dir/lib/utils/bitmask.c.obj
[tentacruel:rw] [23/393] Building C object zephyr/CMakeFiles/zephyr.dir/lib/utils/timeutil.c.obj
[tentacruel:ro] [1/393] Generating include/generated/zephyr/version.h
[tentacruel:ro] -- git describe warned: warning: tag 'upstream/v2.7.99' is externally known as 'v2.7.99'
[tentacruel:ro] -- Zephyr version: 4.3.99 (/mnt/host/source/src/third_party/zephyr/main)
[tentacruel:ro] [2/393] Preparing syscall dependency handling
[sapphire:rw] [18/360] Building C object CMakeFiles/app.dir/mnt/host/source/src/platform/ec/zephyr/subsys/pd_controller/pdc_dpm.c.obj
[rull:ro] Parsing /mnt/host/source/src/platform/ec/zephyr/program/nissa/Kconfig
[tentacruel:rw] [24/393] Building C object zephyr/CMakeFiles/zephyr.dir/lib/utils/bitmask.c.obj
[tentacruel:ro] [3/393] Generating misc/generated/syscalls_subdirs.trigger
[/mnt/host/source/src/platform/ec/build/zephyr/npcx7-lcov]   /mnt/host/source/src/platform/ec/build/zephyr/npcx7/build-ro/CMakeFiles/app.dir/mnt/host/source/src/platform/ec/build/zephyr/npcx7/modules/ec/common/chargen.c.gcno:no functions found
[/mnt/host/source/src/platform/ec/build/zephyr/npcx7-lcov] stderr:
[sapphire:ro] [26/360] Building C object zephyr/CMakeFiles/zephyr.dir/lib/utils/rb.c.obj
[sapphire:ro] [27/360] Building C object zephyr/CMakeFiles/zephyr.dir/lib/utils/ring_buffer.c.obj
[sapphire:ro] [28/360] Building C object zephyr/CMakeFiles/zephyr.dir/lib/utils/bitarray.c.obj
[tentacruel:rw] [25/393] Building C object zephyr/CMakeFiles/zephyr.dir/lib/utils/rb.c.obj
[sapphire:rw] [19/360] Building C object CMakeFiles/app.dir/mnt/host/source/src/platform/ec/zephyr/subsys/ucsi/ppm_common.c.obj
[sapphire:ro] [29/360] Building C object zephyr/CMakeFiles/zephyr.dir/lib/utils/last_section_id.c.obj
[sapphire:ro] [30/360] Building C object zephyr/CMakeFiles/zephyr.dir/lib/utils/getopt/getopt.c.obj
[tentacruel:rw] [26/393] Building C object zephyr/CMakeFiles/zephyr.dir/lib/utils/bitarray.c.obj
[sapphire:ro] [31/360] Building C object zephyr/CMakeFiles/zephyr.dir/lib/utils/getopt/getopt_common.c.obj
[sapphire:ro] [32/360] Building C object zephyr/CMakeFiles/zephyr.dir/misc/generated/configs.c.obj
[sapphire:rw] [20/360] Building C object CMakeFiles/app.dir/mnt/host/source/src/platform/ec/zephyr/subsys/ucsi/ppm_console.c.obj
[tentacruel:rw] [27/393] Building C object zephyr/CMakeFiles/zephyr.dir/lib/utils/ring_buffer.c.obj
[tentacruel:rw] [28/393] Building C object zephyr/CMakeFiles/zephyr.dir/lib/utils/getopt/getopt.c.obj
[tentacruel:rw] [29/393] Building C object zephyr/CMakeFiles/zephyr.dir/lib/utils/last_section_id.c.obj
[tentacruel:ro] [4/393] Generating misc/generated/syscalls.json, misc/generated/struct_tags.json
[tentacruel:rw] [30/393] Building C object zephyr/CMakeFiles/zephyr.dir/lib/utils/getopt/getopt_common.c.obj
[sapphire:ro] [33/360] Building ASM object zephyr/CMakeFiles/zephyr.dir/soc/ite/ec/common/soc_irq.S.obj
[sapphire:ro] [34/360] Building C object zephyr/CMakeFiles/zephyr.dir/soc/ite/ec/common/soc_common_irq.c.obj
[tentacruel:rw] [31/393] Building C object zephyr/CMakeFiles/zephyr.dir/misc/generated/configs.c.obj
[rull:ro] Loaded configuration '/mnt/host/source/src/platform/ec/zephyr/boards/google/it8xxx2/it8xxx2_it81302bx_defconfig'
[rull:ro] Merged configuration '/mnt/host/source/src/platform/ec/zephyr/program/nissa/program.conf'
[rull:ro] Merged configuration '/mnt/host/source/src/platform/ec/zephyr/program/nissa/it8xxx2_program.conf'
[rull:ro] Merged configuration '/mnt/host/source/src/platform/ec/zephyr/program/nissa/rull/project.conf'
[rull:ro] Merged configuration '/mnt/host/source/src/platform/ec/build/zephyr/rull/kconfig-ro.conf'
[rull:ro] Configuration saved to '/mnt/host/source/src/platform/ec/build/zephyr/rull/build-ro/zephyr/.config'
[rull:ro] Kconfig header saved to '/mnt/host/source/src/platform/ec/build/zephyr/rull/build-ro/zephyr/include/generated/zephyr/autoconf.h'
[rull:ro] -- Found GnuLd: /home/jpmurphy/.cache/coreboot-sdk/riscv64-elf/96b949749225b6aaa92ed810ab769e8dfb12f000/riscv64-elf/bin/ld.bfd (found version "2.43.1")
[tentacruel:ro] [5/393] Generating include/generated/zephyr/syscall_dispatch.c, include/generated/zephyr/syscall_exports_llext.c, syscall_weakdefs_llext.c, include/generated/zephyr/syscall_list.h
[sapphire:ro] [35/360] Building C object zephyr/CMakeFiles/zephyr.dir/soc/ite/ec/common/power.c.obj
[sapphire:ro] [36/360] Building C object zephyr/CMakeFiles/zephyr.dir/soc/ite/ec/it8xxx2/check_regs.c.obj
[sapphire:rw] [21/360] Building C object CMakeFiles/app.dir/mnt/host/source/src/platform/ec/zephyr/subsys/ucsi/ppm_driver.c.obj
[tentacruel:rw] [32/393] Building ASM object zephyr/CMakeFiles/zephyr.dir/soc/ite/ec/common/soc_irq.S.obj
[sapphire:ro] [37/360] Building C object zephyr/CMakeFiles/zephyr.dir/soc/ite/ec/common/policy.c.obj
[sapphire:rw] [22/360] Building C object CMakeFiles/app.dir/mnt/host/source/src/platform/ec/zephyr/subsys/ucsi/ucsi_host_cmd.c.obj
[rull:ro] -- The C compiler identification is GNU 14.2.0
[tentacruel:ro] [6/393] Generating include/generated/zephyr/driver-validation.h
[sapphire:ro] [38/360] Building C object zephyr/CMakeFiles/zephyr.dir/soc/ite/ec/it8xxx2/soc.c.obj
[sapphire:ro] [39/360] Building ASM object zephyr/CMakeFiles/zephyr.dir/soc/ite/ec/it8xxx2/vector.S.obj
[/mnt/host/source/src/platform/ec/build/zephyr/wyrdeer-lcov]   /mnt/host/source/src/platform/ec/build/zephyr/wyrdeer/build-ro/CMakeFiles/app.dir/mnt/host/source/src/platform/ec/build/zephyr/wyrdeer/modules/ec/common/usb_pd_pdo.c.gcno:no functions found
[/mnt/host/source/src/platform/ec/build/zephyr/wyrdeer-lcov] stderr:
[tentacruel:ro] [7/393] Generating include/generated/zephyr/kobj-types-enum.h, include/generated/zephyr/otype-to-str.h, include/generated/zephyr/otype-to-size.h
[rull:ro] -- The CXX compiler identification is GNU 14.2.0
[tentacruel:ro] [8/393] Generating include/generated/device-api-sections.ld, include/generated/device-api-sections.cmake
[sapphire:rw] [23/360] Building C object CMakeFiles/app.dir/mnt/host/source/src/platform/ec/build/zephyr/sapphire/modules/ec/builtin/stdlib.c.obj
[tentacruel:rw] [33/393] Building C object zephyr/CMakeFiles/zephyr.dir/soc/ite/ec/common/soc_common_irq.c.obj
[tentacruel:rw] [34/393] Building C object zephyr/CMakeFiles/zephyr.dir/soc/ite/ec/common/power.c.obj
[rull:ro] -- The ASM compiler identification is GNU
[rull:ro] -- Found assembler: /home/jpmurphy/.cache/coreboot-sdk/riscv64-elf/96b949749225b6aaa92ed810ab769e8dfb12f000/bin/riscv64-elf-gcc
[rull:ro] CMake Warning at /mnt/host/source/src/platform/ec/zephyr/cmake/linker/ld/linker_libraries.cmake:11 (message):
[rull:ro]   Disabling c_library
[rull:ro] Call Stack (most recent call first):
[rull:ro]   /mnt/host/source/src/third_party/zephyr/main/cmake/target_toolchain_flags.cmake:48 (include)
[rull:ro]   /mnt/host/source/src/third_party/zephyr/main/cmake/modules/kernel.cmake:153 (include)
[rull:ro]   /mnt/host/source/src/third_party/zephyr/main/cmake/modules/zephyr_default.cmake:138 (include)
[rull:ro]   /mnt/host/source/src/third_party/zephyr/main/share/zephyr-package/cmake/ZephyrConfig.cmake:66 (include)
[rull:ro]   /mnt/host/source/src/third_party/zephyr/main/share/zephyr-package/cmake/ZephyrConfig.cmake:97 (include_boilerplate)
[rull:ro]   CMakeLists.txt:7 (find_package)
[/mnt/host/source/src/platform/ec/build/zephyr/npcx7-lcov]   /mnt/host/source/src/platform/ec/build/zephyr/npcx7/build-ro/CMakeFiles/app.dir/mnt/host/source/src/platform/ec/build/zephyr/npcx7/modules/ec/common/cbi_config.c.gcno:no functions found
[/mnt/host/source/src/platform/ec/build/zephyr/npcx7-lcov] stderr:
[sapphire:ro] [40/360] Building C object zephyr/CMakeFiles/zephyr.dir/subsys/logging/log_minimal.c.obj
[sapphire:ro] [41/360] Building C object zephyr/CMakeFiles/zephyr.dir/subsys/pm/state.c.obj
[sapphire:ro] [42/360] Building C object zephyr/CMakeFiles/zephyr.dir/soc/ite/ec/it8xxx2/ilm.c.obj
[sapphire:rw] [24/360] Building C object CMakeFiles/app.dir/mnt/host/source/src/platform/ec/build/zephyr/sapphire/modules/ec/common/base32.c.obj
[tentacruel:rw] [35/393] Building C object zephyr/CMakeFiles/zephyr.dir/soc/ite/ec/common/policy.c.obj
[sapphire:ro] [43/360] Building C object zephyr/CMakeFiles/zephyr.dir/subsys/pm/policy/policy_events.c.obj
[sapphire:ro] [44/360] Building C object zephyr/CMakeFiles/zephyr.dir/subsys/pm/pm.c.obj
[tentacruel:rw] [36/393] Building C object zephyr/CMakeFiles/zephyr.dir/soc/ite/ec/it8xxx2/check_regs.c.obj
[sapphire:rw] [25/360] Building C object CMakeFiles/app.dir/mnt/host/source/src/platform/ec/build/zephyr/sapphire/modules/ec/common/console_output.c.obj
[tentacruel:rw] [37/393] Building ASM object zephyr/CMakeFiles/zephyr.dir/soc/ite/ec/it8xxx2/__arithmetic.S.obj
[tentacruel:rw] [38/393] Building C object zephyr/CMakeFiles/zephyr.dir/soc/ite/ec/it8xxx2/soc.c.obj
[rull:ro] -- Performing EC specific devicetree checks
[tentacruel:ro] [9/393] Building C object zephyr/CMakeFiles/offsets.dir/arch/riscv/core/offsets/offsets.c.obj
[tentacruel:rw] [39/393] Building ASM object zephyr/CMakeFiles/zephyr.dir/soc/ite/ec/it8xxx2/vector.S.obj
[rull:ro] INFO: Verified 47 GPIOs, no duplicates found
[rull:ro] INFO: Verified 23 '*-gpios' properties, all flags match.
[rull:ro] INFO: Skipped 14 named-gpios children.
[sapphire:ro] [45/360] Building C object zephyr/CMakeFiles/zephyr.dir/subsys/pm/policy/policy_latency.c.obj
[tentacruel:ro] [10/393] Generating include/generated/zephyr/offsets.h
[sapphire:rw] [26/360] Building C object CMakeFiles/app.dir/mnt/host/source/src/platform/ec/build/zephyr/sapphire/modules/ec/common/ec_features.c.obj
[sapphire:ro] [46/360] Building C object zephyr/CMakeFiles/zephyr.dir/subsys/pm/policy/policy_state_lock.c.obj
[sapphire:ro] [47/360] Building C object zephyr/CMakeFiles/zephyr.dir/subsys/pm/device.c.obj
[rull:ro] -- Generating component manifest file
[sapphire:ro] [48/360] Building C object zephyr/CMakeFiles/zephyr.dir/subsys/testsuite/coverage/coverage.c.obj
[sapphire:ro] [49/360] Building C object zephyr/CMakeFiles/zephyr.dir/subsys/pm/device_system_managed.c.obj
[tentacruel:rw] [40/393] Building C object zephyr/CMakeFiles/zephyr.dir/soc/ite/ec/it8xxx2/ilm.c.obj
[sapphire:rw] [27/360] Building C object CMakeFiles/app.dir/mnt/host/source/src/platform/ec/build/zephyr/sapphire/modules/ec/common/gpio_commands.c.obj
[/mnt/host/source/src/platform/ec/build/zephyr/npcx7-lcov]   /mnt/host/source/src/platform/ec/build/zephyr/npcx7/build-ro/zephyr/arch/common/CMakeFiles/isr_tables.dir/isr_tables.c.gcno:no functions found
[/mnt/host/source/src/platform/ec/build/zephyr/npcx7-lcov] stderr:
[rull:ro] INFO: Running CME, outputting to /mnt/host/source/src/platform/ec/build/zephyr/rull/build-ro/zephyr/component_manifest.json
[rull:ro] INFO: Project rull does not support SSFC
[rull:ro] INFO: Component usbpd@f03700(ite,it8xxx2-usbpd) not on I2C bus, skip it
[rull:ro] INFO: Component virtual-mux-0(cros-ec,usbc-mux-virtual) not on I2C bus, skip it
[rull:ro] INFO: Component usbpd@f03800(ite,it8xxx2-usbpd) not on I2C bus, skip it
[rull:ro] INFO: Component virtual-mux-1(cros-ec,usbc-mux-virtual) not on I2C bus, skip it
[rull:ro] INFO: Component virtual-mux-1(cros-ec,usbc-mux-virtual) not on I2C bus, skip it
[rull:ro] INFO: No motionsense-sensor node found
[tentacruel:rw] [41/393] Building C object zephyr/CMakeFiles/zephyr.dir/subsys/logging/log_minimal.c.obj
[tentacruel:rw] [42/393] Building C object zephyr/CMakeFiles/zephyr.dir/subsys/pm/pm.c.obj
[sapphire:rw] [28/360] Building C object CMakeFiles/app.dir/mnt/host/source/src/platform/ec/build/zephyr/sapphire/modules/ec/common/peripheral.c.obj
[tentacruel:ro] [11/393] Building C object zephyr/CMakeFiles/zephyr.dir/lib/libc/validate_libc.c.obj
[rull:ro] -- warning_base_override: -Wall;-Wformat;-Wformat-security;-Wformat;-Wno-format-zero-length;-Wno-pointer-sign;-Wpointer-arith;-Wexpansion-to-defined
[sapphire:ro] [50/360] Building C object zephyr/CMakeFiles/zephyr.dir/subsys/tracing/tracing_none.c.obj
[sapphire:ro] [51/360] Building C object zephyr/CMakeFiles/zephyr.dir/subsys/shell/modules/kernel_service/kernel_shell.c.obj
[tentacruel:rw] [43/393] Building C object zephyr/CMakeFiles/zephyr.dir/subsys/pm/state.c.obj
[sapphire:ro] [52/360] Building C object zephyr/CMakeFiles/zephyr.dir/subsys/shell/modules/kernel_service/cycles.c.obj
[sapphire:ro] [53/360] Building C object zephyr/CMakeFiles/zephyr.dir/subsys/shell/modules/kernel_service/sleep.c.obj
[sapphire:rw] [29/360] Building C object CMakeFiles/app.dir/mnt/host/source/src/platform/ec/build/zephyr/sapphire/modules/ec/common/printf.c.obj
[tentacruel:rw] [44/393] Building C object zephyr/CMakeFiles/zephyr.dir/subsys/pm/policy/policy_events.c.obj
[sapphire:ro] [54/360] Building C object zephyr/CMakeFiles/zephyr.dir/subsys/shell/modules/kernel_service/uptime.c.obj
[rull:ro] -- Found gen_kobject_list: /mnt/host/source/src/third_party/zephyr/main/scripts/build/gen_kobject_list.py
[tentacruel:rw] [45/393] Building C object zephyr/CMakeFiles/zephyr.dir/subsys/pm/policy/policy_latency.c.obj
[rull:ro] -- Configuring done (15.9s)
[sapphire:rw] [30/360] Building C object CMakeFiles/app.dir/mnt/host/source/src/platform/ec/build/zephyr/sapphire/modules/ec/common/queue.c.obj
[tentacruel:ro] [12/393] Building C object zephyr/CMakeFiles/zephyr.dir/lib/heap/heap.c.obj
[sapphire:ro] [55/360] Building C object zephyr/CMakeFiles/zephyr.dir/subsys/shell/modules/kernel_service/version.c.obj
[tentacruel:rw] [46/393] Building C object zephyr/CMakeFiles/zephyr.dir/subsys/pm/policy/policy_state_lock.c.obj
[sapphire:ro] [56/360] Building C object zephyr/CMakeFiles/zephyr.dir/subsys/shell/modules/kernel_service/thread/list.c.obj
[sapphire:ro] [57/360] Building C object zephyr/CMakeFiles/zephyr.dir/subsys/shell/modules/kernel_service/thread/thread.c.obj
[rull:ro] -- Generating done (0.4s)
[rull:ro] CMake Warning:
[rull:ro]   Manually-specified variables were not used by the project:
[rull:ro]     COREBOOT_SDK_ROOT_arm
[rull:ro]     COREBOOT_SDK_ROOT_libstdcxx_arm
[rull:ro] -- Build files have been written to: /mnt/host/source/src/platform/ec/build/zephyr/rull/build-ro
[sapphire:ro] [58/360] Building C object zephyr/CMakeFiles/zephyr.dir/subsys/shell/modules/kernel_service/thread/stacks.c.obj
[/mnt/host/source/src/platform/ec/build/zephyr/skyrim-lcov]   /mnt/host/source/src/platform/ec/build/zephyr/skyrim/build-rw/zephyr/CMakeFiles/zephyr.dir/soc/nuvoton/npcx/common/npcxn/registers.c.gcno:no functions found
[/mnt/host/source/src/platform/ec/build/zephyr/skyrim-lcov] stderr:
[tentacruel:rw] [47/393] Building C object zephyr/CMakeFiles/zephyr.dir/subsys/pm/device.c.obj
[sapphire:ro] [59/360] Building C object zephyr/CMakeFiles/zephyr.dir/subsys/shell/modules/kernel_service/thread/unwind.c.obj
[tentacruel:rw] [48/393] Building C object zephyr/CMakeFiles/zephyr.dir/subsys/pm/device_system_managed.c.obj
[sapphire:rw] [31/360] Building C object CMakeFiles/app.dir/mnt/host/source/src/platform/ec/build/zephyr/sapphire/modules/ec/common/system_boot_time.c.obj
Running (initial) lcov on /mnt/host/source/src/platform/ec/build/zephyr/quandiso.
[rull:ro]     COREBOOT_SDK_ROOT_libstdcxx_x86
[rull:ro]     COREBOOT_SDK_ROOT_nds32
[rull:ro]     COREBOOT_SDK_ROOT_picolibc_arm
[rull:ro]     COREBOOT_SDK_ROOT_picolibc_x86
[rull:ro]     COREBOOT_SDK_ROOT_riscv
[rull:ro]     COREBOOT_SDK_ROOT_x86
[sapphire:rw] [32/360] Building C object CMakeFiles/app.dir/mnt/host/source/src/platform/ec/build/zephyr/sapphire/modules/ec/common/system.c.obj
[tentacruel:ro] [13/393] Building C object zephyr/CMakeFiles/zephyr.dir/lib/os/cbprintf_packaged.c.obj
[sapphire:rw] [33/360] Building C object CMakeFiles/app.dir/mnt/host/source/src/platform/ec/build/zephyr/sapphire/modules/ec/common/uart_printf.c.obj
[sapphire:ro] [60/360] Building C object zephyr/CMakeFiles/zephyr.dir/subsys/shell/modules/kernel_service/thread/suspend.c.obj
Running `env -i PYTHONPATH=/usr/lib64/python-exec/python3.11:/mnt/host/source/src/platform/ec/zephyr/zmake:/usr/lib/python311.zip:/usr/lib/python3.11:/usr/lib/python3.11/lib-dynload:/usr/lib/python3.11/site-packages PW_PIGWEED_CIPD_INSTALL_DIR=/usr CROSTC_USER_ACKNOWLEDGES_THAT_RISCV_IS_EXPERIMENTAL=1 PATH=/mnt/host/source/chromite/bin:/usr/local/bin:/usr/bin:/bin:/opt/bin:/mnt/host/source/chromite/sdk/bin:/mnt/host/source/chromite/bin HOME=/home/jpmurphy JAVA_HOME=/etc/java-config-2/current-system-vm JDK_HOME=/etc/java-config-2/current-system-vm JAVAC=/etc/java-config-2/current-system-vm/bin/javac MAKEFLAGS=' -j16 --jobserver-auth=5,6' /usr/bin/lcov --gcov-tool /mnt/host/source/src/platform/ec/build/zephyr/quandiso/build-rw/gcov.sh -q -o - -c -d /mnt/host/source/src/platform/ec/build/zephyr/quandiso -t quandiso --rc branch_coverage=1 --filter range --ignore-errors inconsistent,source --ignore-errors gcov,gcov -i`
[tentacruel:rw] [49/393] Building C object zephyr/CMakeFiles/zephyr.dir/subsys/testsuite/coverage/coverage.c.obj
[sapphire:ro] [61/360] Building C object zephyr/CMakeFiles/zephyr.dir/subsys/shell/modules/kernel_service/thread/kill.c.obj
[sapphire:ro] [62/360] Building C object zephyr/CMakeFiles/zephyr.dir/subsys/shell/modules/kernel_service/thread/resume.c.obj
[tentacruel:rw] [50/393] Building C object zephyr/CMakeFiles/zephyr.dir/subsys/tracing/tracing_none.c.obj
[tentacruel:rw] [51/393] Building C object zephyr/CMakeFiles/zephyr.dir/subsys/shell/modules/kernel_service/kernel_shell.c.obj
[sapphire:ro] [63/360] Building C object zephyr/CMakeFiles/zephyr.dir/subsys/shell/backends/shell_uart.c.obj
[tentacruel:ro] [14/393] Building C object zephyr/CMakeFiles/zephyr.dir/lib/os/clock.c.obj
[sapphire:rw] [34/360] Building C object CMakeFiles/app.dir/mnt/host/source/src/platform/ec/build/zephyr/sapphire/modules/ec/common/version.c.obj
[sapphire:rw] [35/360] Building C object CMakeFiles/app.dir/mnt/host/source/src/platform/ec/build/zephyr/sapphire/modules/ec/common/util.c.obj
[sapphire:ro] [64/360] Building C object zephyr/CMakeFiles/zephyr.dir/subsys/shell/shell_fprintf.c.obj
[tentacruel:rw] [52/393] Building C object zephyr/CMakeFiles/zephyr.dir/subsys/shell/modules/kernel_service/cycles.c.obj
[sapphire:ro] [65/360] Building C object zephyr/CMakeFiles/zephyr.dir/subsys/shell/shell.c.obj
[tentacruel:rw] [53/393] Building C object zephyr/CMakeFiles/zephyr.dir/subsys/shell/modules/kernel_service/sleep.c.obj
[tentacruel:rw] [54/393] Building C object zephyr/CMakeFiles/zephyr.dir/subsys/shell/modules/kernel_service/uptime.c.obj
[sapphire:ro] [66/360] Building C object zephyr/CMakeFiles/zephyr.dir/subsys/shell/shell_ops.c.obj
[/mnt/host/source/src/platform/ec/build/zephyr/quandiso-lcov] geninfo: WARNING: using JSON module "JSON::PP" - which is much slower than some alternatives.  Consider installing one of JSON::XS or Cpanel::JSON::XS
[sapphire:ro] [67/360] Building C object zephyr/CMakeFiles/zephyr.dir/subsys/shell/shell_utils.c.obj
[sapphire:rw] [36/360] Building C object CMakeFiles/app.dir/mnt/host/source/src/platform/ec/build/zephyr/sapphire/modules/ec/driver/accelgyro_bmi_common.c.obj
[sapphire:ro] [68/360] Building C object zephyr/CMakeFiles/zephyr.dir/subsys/shell/shell_help.c.obj
[tentacruel:ro] [15/393] Building C object zephyr/CMakeFiles/zephyr.dir/lib/os/printk.c.obj
[sapphire:ro] [69/360] Building C object zephyr/CMakeFiles/zephyr.dir/subsys/shell/shell_history.c.obj
[tentacruel:rw] [55/393] Building C object zephyr/CMakeFiles/zephyr.dir/subsys/shell/modules/kernel_service/version.c.obj
[sapphire:rw] [37/360] Building C object CMakeFiles/app.dir/mnt/host/source/src/platform/ec/build/zephyr/sapphire/modules/ec/driver/accelgyro_bmi3xx.c.obj
[sapphire:ro] [70/360] Building C object zephyr/CMakeFiles/zephyr.dir/drivers/flash/flash_util.c.obj
[tentacruel:rw] [56/393] Building C object zephyr/CMakeFiles/zephyr.dir/subsys/shell/modules/kernel_service/thread/thread.c.obj
[sapphire:ro] [71/360] Building C object zephyr/arch/common/CMakeFiles/arch__common.dir/init.c.obj
[sapphire:ro] [72/360] Building C object zephyr/arch/common/CMakeFiles/arch__common.dir/dynamic_isr.c.obj
[sapphire:rw] [38/360] Building C object CMakeFiles/app.dir/mnt/host/source/src/platform/ec/build/zephyr/sapphire/modules/ec/driver/accelgyro_lsm6dsm.c.obj
[sapphire:ro] [73/360] Linking C static library zephyr/libzephyr.a
[tentacruel:rw] [57/393] Building C object zephyr/CMakeFiles/zephyr.dir/subsys/shell/modules/kernel_service/thread/list.c.obj
[sapphire:ro] [74/360] Building C object zephyr/arch/common/CMakeFiles/arch__common.dir/sw_isr_common.c.obj
[tentacruel:ro] [16/393] Building C object zephyr/CMakeFiles/zephyr.dir/lib/os/sem.c.obj
[/mnt/host/source/src/platform/ec/build/zephyr/quandiso-lcov] stderr:
[sapphire:ro] [75/360] Building C object zephyr/arch/common/CMakeFiles/arch__common.dir/xip.c.obj
[/mnt/host/source/src/platform/ec/build/zephyr/npcx7-lcov]   /mnt/host/source/src/platform/ec/build/zephyr/npcx7/build-ro/zephyr/CMakeFiles/zephyr.dir/subsys/shell/modules/kernel_service/kernel_shell.c.gcno:no functions found
[/mnt/host/source/src/platform/ec/build/zephyr/npcx7-lcov] stderr:
[sapphire:rw] [39/360] Building C object CMakeFiles/app.dir/mnt/host/source/src/platform/ec/build/zephyr/sapphire/modules/ec/common/motion_sense_fifo.c.obj
[tentacruel:rw] [58/393] Building C object zephyr/CMakeFiles/zephyr.dir/subsys/shell/modules/kernel_service/thread/stacks.c.obj
[sapphire:ro] [76/360] Building C object zephyr/arch/common/CMakeFiles/isr_tables.dir/isr_tables.c.obj
[sapphire:ro] [77/360] Building C object zephyr/arch/arch/riscv/core/CMakeFiles/arch__riscv__core.dir/cpu_idle.c.obj
[sapphire:ro] [78/360] Linking C static library zephyr/arch/common/libisr_tables.a
[sapphire:ro] [79/360] Linking C static library zephyr/arch/common/libarch__common.a
[/mnt/host/source/src/platform/ec/build/zephyr/npcx7-lcov]   /mnt/host/source/src/platform/ec/build/zephyr/npcx7/build-ro/zephyr/CMakeFiles/zephyr.dir/lib/libc/validate_libc.c.gcno:no functions found
[/mnt/host/source/src/platform/ec/build/zephyr/npcx7-lcov] stderr:
[tentacruel:rw] [59/393] Building C object zephyr/CMakeFiles/zephyr.dir/subsys/shell/modules/kernel_service/thread/unwind.c.obj
[sapphire:ro] [80/360] Building C object zephyr/arch/arch/riscv/core/CMakeFiles/arch__riscv__core.dir/prep_c.c.obj
[tentacruel:rw] [60/393] Building C object zephyr/CMakeFiles/zephyr.dir/subsys/shell/modules/kernel_service/thread/suspend.c.obj
[/mnt/host/source/src/platform/ec/build/zephyr/quandiso-lcov]   /mnt/host/source/src/platform/ec/build/zephyr/quandiso/build-ro/modules/ec/zephyr/CMakeFiles/ec_shim.dir/shim/src/thermal.c.gcno:no functions found
[/mnt/host/source/src/platform/ec/build/zephyr/quandiso-lcov] stderr:
[sapphire:ro] [81/360] Building C object zephyr/arch/arch/riscv/core/CMakeFiles/arch__riscv__core.dir/fatal.c.obj
[tentacruel:ro] [17/393] Building C object zephyr/CMakeFiles/zephyr.dir/lib/os/thread_entry.c.obj
[sapphire:ro] [82/360] Building C object zephyr/arch/arch/riscv/core/CMakeFiles/arch__riscv__core.dir/irq_manage.c.obj
[sapphire:rw] [40/360] Building C object CMakeFiles/app.dir/mnt/host/source/src/platform/ec/build/zephyr/sapphire/modules/ec/common/adc.c.obj
[/mnt/host/source/src/platform/ec/build/zephyr/quandiso-lcov]   /mnt/host/source/src/platform/ec/build/zephyr/quandiso/build-ro/modules/ec/zephyr/CMakeFiles/ec_shim.dir/shim/src/battery.c.gcno:no functions found
[/mnt/host/source/src/platform/ec/build/zephyr/quandiso-lcov] stderr:
[/mnt/host/source/src/platform/ec/build/zephyr/quandiso-lcov]   /mnt/host/source/src/platform/ec/build/zephyr/quandiso/build-ro/modules/ec/zephyr/CMakeFiles/ec_shim.dir/shim/src/charger.c.gcno:no functions found
[/mnt/host/source/src/platform/ec/build/zephyr/quandiso-lcov] stderr:
[sapphire:rw] [41/360] Building C object CMakeFiles/app.dir/mnt/host/source/src/platform/ec/build/zephyr/sapphire/modules/ec/driver/als_tcs3400.c.obj
[sapphire:ro] [83/360] Building C object zephyr/arch/arch/riscv/core/CMakeFiles/arch__riscv__core.dir/reboot.c.obj
[sapphire:ro] [84/360] Building ASM object zephyr/arch/arch/riscv/core/CMakeFiles/arch__riscv__core.dir/reset.S.obj
[tentacruel:rw] [61/393] Building C object zephyr/CMakeFiles/zephyr.dir/subsys/shell/modules/kernel_service/thread/resume.c.obj
[sapphire:ro] [85/360] Generating ../../../include/generated/libc/minimal/strerror_table.h
[sapphire:rw] [42/360] Building C object CMakeFiles/app.dir/mnt/host/source/src/platform/ec/build/zephyr/sapphire/modules/ec/common/base_state.c.obj
[tentacruel:rw] [62/393] Building C object zephyr/CMakeFiles/zephyr.dir/subsys/shell/modules/kernel_service/thread/kill.c.obj
[tentacruel:ro] [18/393] Building C object zephyr/CMakeFiles/zephyr.dir/lib/os/cbprintf_nano.c.obj
[sapphire:ro] [86/360] Building C object zephyr/arch/arch/riscv/core/CMakeFiles/arch__riscv__core.dir/thread.c.obj
[tentacruel:rw] [63/393] Building C object zephyr/CMakeFiles/zephyr.dir/subsys/shell/backends/shell_uart.c.obj
[sapphire:ro] [87/360] Building ASM object zephyr/arch/arch/riscv/core/CMakeFiles/arch__riscv__core.dir/switch.S.obj
[sapphire:ro] [88/360] Building C object zephyr/lib/libc/minimal/CMakeFiles/lib__libc__minimal.dir/source/stdlib/atoi.c.obj
[sapphire:ro] [89/360] Building ASM object zephyr/arch/arch/riscv/core/CMakeFiles/arch__riscv__core.dir/isr.S.obj
[sapphire:ro] [90/360] Building C object zephyr/lib/libc/minimal/CMakeFiles/lib__libc__minimal.dir/source/stdlib/strtoul.c.obj
[sapphire:ro] [91/360] Building C object zephyr/lib/libc/minimal/CMakeFiles/lib__libc__minimal.dir/source/stdlib/strtol.c.obj
[sapphire:ro] [92/360] Building C object zephyr/lib/libc/minimal/CMakeFiles/lib__libc__minimal.dir/source/stdlib/strtoll.c.obj
[sapphire:ro] [93/360] Building C object zephyr/lib/libc/minimal/CMakeFiles/lib__libc__minimal.dir/source/stdlib/bsearch.c.obj
[/mnt/host/source/src/platform/ec/build/zephyr/wyrdeer-lcov]   /mnt/host/source/src/platform/ec/build/zephyr/wyrdeer/build-ro/CMakeFiles/app.dir/mnt/host/source/src/platform/ec/build/zephyr/wyrdeer/modules/ec/common/chargen.c.gcno:no functions found
[/mnt/host/source/src/platform/ec/build/zephyr/wyrdeer-lcov] stderr:
[/mnt/host/source/src/platform/ec/build/zephyr/quandiso-lcov]   /mnt/host/source/src/platform/ec/build/zephyr/quandiso/build-ro/modules/ec/zephyr/CMakeFiles/ec_shim.dir/shim/src/usb_muxes.c.gcno:no functions found
[/mnt/host/source/src/platform/ec/build/zephyr/quandiso-lcov] stderr:
[sapphire:ro] [94/360] Building C object zephyr/lib/libc/minimal/CMakeFiles/lib__libc__minimal.dir/source/stdlib/strtoull.c.obj
[/mnt/host/source/src/platform/ec/build/zephyr/npcx7-lcov]   /mnt/host/source/src/platform/ec/build/zephyr/npcx7/build-ro/zephyr/CMakeFiles/zephyr.dir/lib/utils/last_section_id.c.gcno:no functions found
[/mnt/host/source/src/platform/ec/build/zephyr/npcx7-lcov] stderr:
[/mnt/host/source/src/platform/ec/build/zephyr/npcx7-lcov]   /mnt/host/source/src/platform/ec/build/zephyr/npcx7/build-ro/zephyr/CMakeFiles/zephyr.dir/soc/nuvoton/npcx/common/npcxn/registers.c.gcno:no functions found
[/mnt/host/source/src/platform/ec/build/zephyr/npcx7-lcov] stderr:
[sapphire:rw] [43/360] Building C object CMakeFiles/app.dir/mnt/host/source/src/platform/ec/build/zephyr/sapphire/modules/ec/common/battery.c.obj
[sapphire:ro] [95/360] Building C object zephyr/arch/arch/riscv/core/CMakeFiles/arch__riscv__core.dir/stacktrace.c.obj
[tentacruel:ro] [19/393] Building C object zephyr/CMakeFiles/zephyr.dir/lib/os/cbprintf.c.obj
[sapphire:ro] [96/360] Building C object zephyr/lib/libc/minimal/CMakeFiles/lib__libc__minimal.dir/source/stdlib/qsort.c.obj
[sapphire:ro] [97/360] Building C object zephyr/lib/libc/minimal/CMakeFiles/lib__libc__minimal.dir/source/string/strncasecmp.c.obj
[sapphire:ro] [98/360] Linking C static library zephyr/arch/arch/riscv/core/libarch__riscv__core.a
[tentacruel:rw] [64/393] Building C object zephyr/CMakeFiles/zephyr.dir/subsys/shell/shell_fprintf.c.obj
[tentacruel:rw] [65/393] Building C object zephyr/CMakeFiles/zephyr.dir/subsys/shell/shell.c.obj
[sapphire:ro] [99/360] Building C object zephyr/lib/libc/minimal/CMakeFiles/lib__libc__minimal.dir/source/string/strerror.c.obj
[sapphire:rw] [44/360] Building C object CMakeFiles/app.dir/mnt/host/source/src/platform/ec/build/zephyr/sapphire/modules/ec/common/battery_info.c.obj
[sapphire:ro] [100/360] Building C object zephyr/lib/libc/minimal/CMakeFiles/lib__libc__minimal.dir/source/string/strstr.c.obj
[sapphire:ro] [101/360] Building C object zephyr/lib/libc/minimal/CMakeFiles/lib__libc__minimal.dir/source/string/strspn.c.obj
[tentacruel:rw] [66/393] Building C object zephyr/CMakeFiles/zephyr.dir/subsys/shell/shell_utils.c.obj
[sapphire:ro] [102/360] Building C object zephyr/lib/libc/minimal/CMakeFiles/lib__libc__minimal.dir/source/string/string.c.obj
[sapphire:ro] [103/360] Building C object zephyr/lib/libc/minimal/CMakeFiles/lib__libc__minimal.dir/source/stdlib/exit.c.obj
[sapphire:rw] [45/360] Building C object CMakeFiles/app.dir/mnt/host/source/src/platform/ec/build/zephyr/sapphire/modules/ec/common/battery_fuel_gauge.c.obj
[sapphire:ro] [104/360] Building C object zephyr/lib/libc/minimal/CMakeFiles/lib__libc__minimal.dir/source/math/sqrtf.c.obj
[sapphire:ro] [105/360] Building C object zephyr/lib/libc/minimal/CMakeFiles/lib__libc__minimal.dir/source/math/sqrt.c.obj
[tentacruel:ro] [20/393] Building C object zephyr/CMakeFiles/zephyr.dir/lib/os/assert.c.obj
[tentacruel:rw] [67/393] Building C object zephyr/CMakeFiles/zephyr.dir/subsys/shell/shell_help.c.obj
[tentacruel:ro] [21/393] Building C object zephyr/CMakeFiles/zephyr.dir/lib/utils/dec.c.obj
[tentacruel:rw] [68/393] Building C object zephyr/CMakeFiles/zephyr.dir/subsys/shell/shell_history.c.obj
[tentacruel:rw] [69/393] Building C object zephyr/CMakeFiles/zephyr.dir/subsys/shell/shell_ops.c.obj
[sapphire:ro] [106/360] Building C object zephyr/lib/libc/minimal/CMakeFiles/lib__libc__minimal.dir/source/stdout/fprintf.c.obj
[sapphire:ro] [107/360] Building C object zephyr/lib/libc/minimal/CMakeFiles/lib__libc__minimal.dir/source/stdout/sprintf.c.obj
[sapphire:ro] [108/360] Building C object zephyr/lib/libc/minimal/CMakeFiles/lib__libc__minimal.dir/source/stdout/stdout_console.c.obj
[sapphire:rw] [46/360] Building C object CMakeFiles/app.dir/mnt/host/source/src/platform/ec/build/zephyr/sapphire/modules/ec/driver/battery/smart.c.obj
[tentacruel:ro] [22/393] Building C object zephyr/CMakeFiles/zephyr.dir/lib/utils/hex.c.obj
[sapphire:ro] [109/360] Building C object zephyr/lib/libc/common/CMakeFiles/lib__libc__common.dir/source/time/gmtime_r.c.obj
[sapphire:ro] [110/360] Building C object zephyr/lib/libc/common/CMakeFiles/lib__libc__common.dir/source/time/asctime.c.obj
[sapphire:rw] [47/360] Building C object CMakeFiles/app.dir/mnt/host/source/src/platform/ec/build/zephyr/sapphire/modules/ec/driver/charger/bq25710.c.obj
[sapphire:ro] [111/360] Building C object zephyr/lib/libc/common/CMakeFiles/lib__libc__common.dir/source/stdlib/abort.c.obj
[sapphire:ro] [112/360] Building C object zephyr/lib/libc/minimal/CMakeFiles/lib__libc__minimal.dir/source/time/gmtime.c.obj
[sapphire:ro] [113/360] Building C object zephyr/lib/libc/common/CMakeFiles/lib__libc__common.dir/source/time/localtime_r_utc.c.obj
[sapphire:ro] [114/360] Linking C static library zephyr/lib/libc/minimal/liblib__libc__minimal.a
[sapphire:ro] [115/360] Building C object zephyr/lib/libc/common/CMakeFiles/lib__libc__common.dir/source/time/time.c.obj
[sapphire:rw] [48/360] Building C object CMakeFiles/app.dir/mnt/host/source/src/platform/ec/build/zephyr/sapphire/modules/ec/common/charger.c.obj
[sapphire:ro] [116/360] Building C object zephyr/lib/libc/common/CMakeFiles/lib__libc__common.dir/source/time/ctime.c.obj
[sapphire:ro] [117/360] Building C object zephyr/lib/libc/common/CMakeFiles/lib__libc__common.dir/source/string/strnlen.c.obj
[tentacruel:rw] [70/393] Building C object zephyr/arch/common/CMakeFiles/arch__common.dir/sw_isr_common.c.obj
[tentacruel:rw] [71/393] Building C object zephyr/arch/common/CMakeFiles/arch__common.dir/dynamic_isr.c.obj
[tentacruel:rw] [72/393] Building C object zephyr/CMakeFiles/zephyr.dir/drivers/flash/flash_util.c.obj
[sapphire:ro] [118/360] Building C object zephyr/lib/posix/c_lib_ext/CMakeFiles/lib__posix__c_lib_ext.dir/fnmatch.c.obj
[tentacruel:rw] [73/393] Linking C static library zephyr/libzephyr.a
[tentacruel:ro] [23/393] Building C object zephyr/CMakeFiles/zephyr.dir/lib/utils/rb.c.obj
[tentacruel:rw] [74/393] Building C object zephyr/arch/common/CMakeFiles/arch__common.dir/init.c.obj
[sapphire:ro] [119/360] Building C object zephyr/lib/libc/common/CMakeFiles/lib__libc__common.dir/source/stdlib/malloc.c.obj
[tentacruel:rw] [75/393] Building C object zephyr/arch/common/CMakeFiles/arch__common.dir/xip.c.obj
[tentacruel:ro] [24/393] Building C object zephyr/CMakeFiles/zephyr.dir/lib/utils/timeutil.c.obj
[sapphire:ro] [120/360] Linking C static library zephyr/lib/libc/common/liblib__libc__common.a
[sapphire:ro] [121/360] Building C object zephyr/lib/posix/c_lib_ext/CMakeFiles/lib__posix__c_lib_ext.dir/getentropy.c.obj
[sapphire:ro] [122/360] Building C object zephyr/lib/posix/c_lib_ext/CMakeFiles/lib__posix__c_lib_ext.dir/getopt_shim.c.obj
[tentacruel:rw] [76/393] Building C object zephyr/arch/common/CMakeFiles/isr_tables.dir/isr_tables.c.obj
[sapphire:ro] [123/360] Linking C static library zephyr/lib/posix/c_lib_ext/liblib__posix__c_lib_ext.a
[sapphire:rw] [49/360] Building C object CMakeFiles/app.dir/mnt/host/source/src/platform/ec/build/zephyr/sapphire/modules/ec/common/charge_state.c.obj
[sapphire:ro] [124/360] Building C object zephyr/subsys/crc/CMakeFiles/subsys__crc.dir/crc4_sw.c.obj
[sapphire:ro] [125/360] Building C object zephyr/lib/smf/CMakeFiles/lib__smf.dir/smf.c.obj
[tentacruel:rw] [77/393] Linking C static library zephyr/arch/common/libisr_tables.a
[sapphire:ro] [126/360] Linking C static library zephyr/lib/smf/liblib__smf.a
[sapphire:ro] [127/360] Building C object zephyr/subsys/crc/CMakeFiles/subsys__crc.dir/crc16_sw.c.obj
[tentacruel:rw] [78/393] Linking C static library zephyr/arch/common/libarch__common.a
[sapphire:ro] [128/360] Building C object zephyr/subsys/crc/CMakeFiles/subsys__crc.dir/crc8_sw.c.obj
[sapphire:ro] [129/360] Building C object zephyr/subsys/mgmt/ec_host_cmd/CMakeFiles/subsys__mgmt__ec_host_cmd.dir/ec_host_cmd_handler.c.obj
[/mnt/host/source/src/platform/ec/build/zephyr/skyrim-lcov]   /mnt/host/source/src/platform/ec/build/zephyr/skyrim/build-rw/zephyr/drivers/sensor/CMakeFiles/drivers__sensor.dir/mnt/host/source/src/third_party/zephyr/main/misc/empty_file.c.gcno:no functions found
[/mnt/host/source/src/platform/ec/build/zephyr/skyrim-lcov] Filter suppressions 'region':
[sapphire:rw] [50/360] Building C object CMakeFiles/app.dir/mnt/host/source/src/platform/ec/build/zephyr/sapphire/modules/ec/driver/nfc/ctn730.c.obj
[sapphire:ro] [130/360] Linking C static library zephyr/subsys/mgmt/ec_host_cmd/libsubsys__mgmt__ec_host_cmd.a
[/mnt/host/source/src/platform/ec/build/zephyr/skyrim-lcov]     36 instances
[/mnt/host/source/src/platform/ec/build/zephyr/skyrim-lcov]     22 coverpoints
[/mnt/host/source/src/platform/ec/build/zephyr/skyrim-lcov] Message summary:
[/mnt/host/source/src/platform/ec/build/zephyr/skyrim-lcov]   33 ignore messages:
[/mnt/host/source/src/platform/ec/build/zephyr/skyrim-lcov]     gcov: 33
[sapphire:ro] [131/360] Building C object zephyr/subsys/crc/CMakeFiles/subsys__crc.dir/crc7_sw.c.obj
[sapphire:rw] [51/360] Building C object CMakeFiles/app.dir/mnt/host/source/src/platform/ec/build/zephyr/sapphire/modules/ec/common/charge_manager.c.obj
[sapphire:ro] [132/360] Building C object zephyr/subsys/crc/CMakeFiles/subsys__crc.dir/crc24_sw.c.obj
[sapphire:ro] [133/360] Building C object zephyr/subsys/crc/CMakeFiles/subsys__crc.dir/crc32c_sw.c.obj
[tentacruel:rw] [79/393] Building C object zephyr/arch/arch/riscv/core/CMakeFiles/arch__riscv__core.dir/cpu_idle.c.obj
[sapphire:ro] [134/360] Building C object zephyr/subsys/crc/CMakeFiles/subsys__crc.dir/crc32_sw.c.obj
[tentacruel:rw] [80/393] Building C object zephyr/arch/arch/riscv/core/CMakeFiles/arch__riscv__core.dir/fatal.c.obj
[sapphire:ro] [135/360] Building C object zephyr/subsys/crc/CMakeFiles/subsys__crc.dir/crc32k_4_2_sw.c.obj
[tentacruel:ro] [25/393] Building C object zephyr/CMakeFiles/zephyr.dir/lib/utils/bitmask.c.obj
[tentacruel:ro] [26/393] Building C object zephyr/CMakeFiles/zephyr.dir/lib/utils/bitarray.c.obj
[sapphire:ro] [136/360] Linking C static library zephyr/subsys/crc/libsubsys__crc.a
[tentacruel:rw] [81/393] Building C object zephyr/arch/arch/riscv/core/CMakeFiles/arch__riscv__core.dir/prep_c.c.obj
[sapphire:ro] [137/360] Building C object zephyr/subsys/mgmt/ec_host_cmd/backends/CMakeFiles/subsys__mgmt__ec_host_cmd__backends.dir/ec_host_cmd_backend_shi_ite.c.obj
[tentacruel:rw] [82/393] Building C object zephyr/arch/arch/riscv/core/CMakeFiles/arch__riscv__core.dir/irq_manage.c.obj
[sapphire:ro] [138/360] Linking C static library zephyr/subsys/mgmt/ec_host_cmd/backends/libsubsys__mgmt__ec_host_cmd__backends.a
[sapphire:rw] [52/360] Building C object CMakeFiles/app.dir/mnt/host/source/src/platform/ec/build/zephyr/sapphire/modules/ec/common/cbi_common.c.obj
[sapphire:ro] [139/360] Building C object zephyr/drivers/interrupt_controller/CMakeFiles/drivers__interrupt_controller.dir/wuc_ite_it8xxx2.c.obj
[/mnt/host/source/src/platform/ec/build/zephyr/quandiso-lcov]   /mnt/host/source/src/platform/ec/build/zephyr/quandiso/build-ro/modules/ec/zephyr/CMakeFiles/ec_shim.dir/shim/src/usba.c.gcno:no functions found
[/mnt/host/source/src/platform/ec/build/zephyr/quandiso-lcov] stderr:
[sapphire:ro] [140/360] Building C object zephyr/drivers/adc/CMakeFiles/drivers__adc.dir/adc_common.c.obj
[tentacruel:rw] [83/393] Building C object zephyr/arch/arch/riscv/core/CMakeFiles/arch__riscv__core.dir/reboot.c.obj
[sapphire:rw] [53/360] Building C object CMakeFiles/app.dir/mnt/host/source/src/platform/ec/build/zephyr/sapphire/modules/ec/common/cbi_config.c.obj
[sapphire:ro] [141/360] Building C object zephyr/drivers/interrupt_controller/CMakeFiles/drivers__interrupt_controller.dir/intc_ite_it8xxx2_v2.c.obj
[tentacruel:ro] [27/393] Building C object zephyr/CMakeFiles/zephyr.dir/lib/utils/getopt/getopt.c.obj
[sapphire:ro] [142/360] Linking C static library zephyr/drivers/interrupt_controller/libdrivers__interrupt_controller.a
[tentacruel:ro] [28/393] Building C object zephyr/CMakeFiles/zephyr.dir/lib/utils/getopt/getopt_common.c.obj
[sapphire:rw] [54/360] Building C object CMakeFiles/app.dir/mnt/host/source/src/platform/ec/build/zephyr/sapphire/modules/ec/common/cbi.c.obj
[tentacruel:rw] [84/393] Building ASM object zephyr/arch/arch/riscv/core/CMakeFiles/arch__riscv__core.dir/reset.S.obj
[tentacruel:ro] [29/393] Building C object zephyr/CMakeFiles/zephyr.dir/lib/utils/last_section_id.c.obj
[tentacruel:rw] [85/393] Building ASM object zephyr/arch/arch/riscv/core/CMakeFiles/arch__riscv__core.dir/switch.S.obj
[tentacruel:ro] [30/393] Building C object zephyr/CMakeFiles/zephyr.dir/lib/utils/ring_buffer.c.obj
[sapphire:ro] [143/360] Building C object zephyr/drivers/adc/CMakeFiles/drivers__adc.dir/adc_ite_it8xxx2.c.obj
[sapphire:ro] [144/360] Building C object zephyr/drivers/bbram/CMakeFiles/drivers__bbram.dir/bbram_it8xxx2.c.obj
[sapphire:ro] [145/360] Linking C static library zephyr/drivers/bbram/libdrivers__bbram.a
[tentacruel:ro] [31/393] Building C object zephyr/CMakeFiles/zephyr.dir/misc/generated/configs.c.obj
[sapphire:ro] [146/360] Linking C static library zephyr/drivers/adc/libdrivers__adc.a
[sapphire:ro] [147/360] Building C object zephyr/drivers/console/CMakeFiles/drivers__console.dir/uart_console.c.obj
[sapphire:ro] [148/360] Linking C static library zephyr/drivers/console/libdrivers__console.a
[sapphire:rw] [55/360] Building C object CMakeFiles/app.dir/mnt/host/source/src/platform/ec/build/zephyr/sapphire/modules/ec/common/memory_commands.c.obj
[sapphire:ro] [149/360] Building C object zephyr/drivers/crypto/CMakeFiles/drivers__crypto.dir/crypto_it8xxx2_sha_v2.c.obj
[tentacruel:ro] [32/393] Building ASM object zephyr/CMakeFiles/zephyr.dir/soc/ite/ec/common/soc_irq.S.obj
[tentacruel:rw] [86/393] Building C object zephyr/arch/arch/riscv/core/CMakeFiles/arch__riscv__core.dir/thread.c.obj
[sapphire:ro] [150/360] Linking C static library zephyr/drivers/crypto/libdrivers__crypto.a
[tentacruel:rw] [87/393] Generating ../../../include/generated/libc/minimal/strerror_table.h
[tentacruel:rw] [88/393] Building ASM object zephyr/arch/arch/riscv/core/CMakeFiles/arch__riscv__core.dir/isr.S.obj
[sapphire:ro] [151/360] Building C object zephyr/drivers/flash/CMakeFiles/drivers__flash.dir/flash_ite_it8xxx2.c.obj
[sapphire:rw] [56/360] Building C object CMakeFiles/app.dir/mnt/host/source/src/platform/ec/build/zephyr/sapphire/modules/ec/common/chipset.c.obj
[tentacruel:rw] [89/393] Building C object zephyr/lib/libc/minimal/CMakeFiles/lib__libc__minimal.dir/source/stdlib/atoi.c.obj
[sapphire:ro] [152/360] Linking C static library zephyr/drivers/flash/libdrivers__flash.a
[sapphire:rw] [57/360] Building C object CMakeFiles/app.dir/mnt/host/source/src/platform/ec/build/zephyr/sapphire/modules/ec/common/ap_reset_log.c.obj
[tentacruel:rw] [90/393] Building C object zephyr/arch/arch/riscv/core/CMakeFiles/arch__riscv__core.dir/stacktrace.c.obj
[tentacruel:ro] [33/393] Building C object zephyr/CMakeFiles/zephyr.dir/soc/ite/ec/common/soc_common_irq.c.obj
[tentacruel:rw] [91/393] Building C object zephyr/lib/libc/minimal/CMakeFiles/lib__libc__minimal.dir/source/stdlib/strtol.c.obj
[tentacruel:rw] [92/393] Linking C static library zephyr/arch/arch/riscv/core/libarch__riscv__core.a
[tentacruel:rw] [93/393] Building C object zephyr/lib/libc/minimal/CMakeFiles/lib__libc__minimal.dir/source/stdlib/strtoul.c.obj
[tentacruel:rw] [94/393] Building C object zephyr/lib/libc/minimal/CMakeFiles/lib__libc__minimal.dir/source/stdlib/strtoull.c.obj
[tentacruel:rw] [95/393] Building C object zephyr/lib/libc/minimal/CMakeFiles/lib__libc__minimal.dir/source/stdlib/strtoll.c.obj
[tentacruel:rw] [96/393] Building C object zephyr/lib/libc/minimal/CMakeFiles/lib__libc__minimal.dir/source/stdlib/bsearch.c.obj
[tentacruel:ro] [34/393] Building C object zephyr/CMakeFiles/zephyr.dir/soc/ite/ec/common/power.c.obj
[sapphire:ro] [153/360] Building C object zephyr/drivers/i2c/CMakeFiles/drivers__i2c.dir/i2c_common.c.obj
[/mnt/host/source/src/platform/ec/build/zephyr/wyrdeer-lcov]   /mnt/host/source/src/platform/ec/build/zephyr/wyrdeer/build-ro/CMakeFiles/app.dir/mnt/host/source/src/platform/ec/build/zephyr/wyrdeer/modules/ec/common/cbi_config.c.gcno:no functions found
[/mnt/host/source/src/platform/ec/build/zephyr/wyrdeer-lcov] stderr:
[sapphire:ro] [154/360] Building C object zephyr/drivers/i2c/CMakeFiles/drivers__i2c.dir/i2c_bitbang.c.obj
[tentacruel:rw] [97/393] Building C object zephyr/lib/libc/minimal/CMakeFiles/lib__libc__minimal.dir/source/stdlib/qsort.c.obj
[sapphire:rw] [58/360] Building C object CMakeFiles/app.dir/mnt/host/source/src/platform/ec/build/zephyr/sapphire/modules/ec/common/extpower_common.c.obj
[tentacruel:rw] [98/393] Building C object zephyr/lib/libc/minimal/CMakeFiles/lib__libc__minimal.dir/source/string/strerror.c.obj
[sapphire:ro] [155/360] Building C object zephyr/drivers/i2c/CMakeFiles/drivers__i2c.dir/i2c_shell.c.obj
[tentacruel:ro] [35/393] Building C object zephyr/CMakeFiles/zephyr.dir/soc/ite/ec/common/policy.c.obj
[tentacruel:rw] [99/393] Building C object zephyr/lib/libc/minimal/CMakeFiles/lib__libc__minimal.dir/source/string/strstr.c.obj
[tentacruel:rw] [100/393] Building C object zephyr/lib/libc/minimal/CMakeFiles/lib__libc__minimal.dir/source/string/strncasecmp.c.obj
[sapphire:rw] [59/360] Building C object CMakeFiles/app.dir/mnt/host/source/src/platform/ec/build/zephyr/sapphire/modules/ec/common/extpower_gpio.c.obj
[tentacruel:rw] [101/393] Building C object zephyr/lib/libc/minimal/CMakeFiles/lib__libc__minimal.dir/source/string/strspn.c.obj
[tentacruel:rw] [102/393] Building C object zephyr/lib/libc/minimal/CMakeFiles/lib__libc__minimal.dir/source/string/string.c.obj
[tentacruel:rw] [103/393] Building C object zephyr/lib/libc/minimal/CMakeFiles/lib__libc__minimal.dir/source/stdlib/exit.c.obj
[sapphire:ro] [156/360] Building C object zephyr/drivers/gpio/CMakeFiles/drivers__gpio.dir/gpio_ite_it8xxx2_v2.c.obj
[sapphire:ro] [157/360] Building C object zephyr/drivers/pinctrl/CMakeFiles/drivers__pinctrl.dir/common.c.obj
[tentacruel:ro] [36/393] Building C object zephyr/CMakeFiles/zephyr.dir/soc/ite/ec/it8xxx2/soc.c.obj
[sapphire:ro] [158/360] Building C object zephyr/drivers/i2c/CMakeFiles/drivers__i2c.dir/i2c_ite_enhance.c.obj
[sapphire:ro] [159/360] Linking C static library zephyr/drivers/gpio/libdrivers__gpio.a
[sapphire:rw] [60/360] Building C object CMakeFiles/app.dir/mnt/host/source/src/platform/ec/build/zephyr/sapphire/modules/ec/common/flash.c.obj
[sapphire:ro] [160/360] Linking C static library zephyr/drivers/i2c/libdrivers__i2c.a
[sapphire:ro] [161/360] Building C object zephyr/drivers/led_strip/CMakeFiles/drivers__led_strip.dir/ws2812_spi.c.obj
[sapphire:ro] [162/360] Linking C static library zephyr/drivers/led_strip/libdrivers__led_strip.a
[tentacruel:ro] [37/393] Building C object zephyr/CMakeFiles/zephyr.dir/soc/ite/ec/it8xxx2/check_regs.c.obj
[/mnt/host/source/src/platform/ec/build/zephyr/wyrdeer-lcov]   /mnt/host/source/src/platform/ec/build/zephyr/wyrdeer/build-ro/zephyr/arch/arch/riscv/core/CMakeFiles/arch__riscv__core.dir/cpu_idle.c.gcno:no functions found
[/mnt/host/source/src/platform/ec/build/zephyr/wyrdeer-lcov] stderr:
[tentacruel:ro] [38/393] Building ASM object zephyr/CMakeFiles/zephyr.dir/soc/ite/ec/it8xxx2/vector.S.obj
[tentacruel:ro] [39/393] Building ASM object zephyr/CMakeFiles/zephyr.dir/soc/ite/ec/it8xxx2/__arithmetic.S.obj
[tentacruel:rw] [104/393] Building C object zephyr/lib/libc/minimal/CMakeFiles/lib__libc__minimal.dir/source/stdout/fprintf.c.obj
[tentacruel:rw] [105/393] Building C object zephyr/lib/libc/minimal/CMakeFiles/lib__libc__minimal.dir/source/stdout/sprintf.c.obj
[sapphire:ro] [163/360] Building C object zephyr/drivers/pinctrl/CMakeFiles/drivers__pinctrl.dir/pinctrl_ite_it8xxx2.c.obj
[sapphire:rw] [61/360] Building C object CMakeFiles/app.dir/mnt/host/source/src/platform/ec/build/zephyr/sapphire/modules/ec/common/host_command.c.obj
[tentacruel:rw] [106/393] Building C object zephyr/lib/libc/minimal/CMakeFiles/lib__libc__minimal.dir/source/stdout/stdout_console.c.obj
[sapphire:ro] [164/360] Linking C static library zephyr/drivers/pinctrl/libdrivers__pinctrl.a
[sapphire:ro] [165/360] Building C object zephyr/drivers/pwm/CMakeFiles/drivers__pwm.dir/pwm_shell.c.obj
[tentacruel:rw] [107/393] Building C object zephyr/lib/libc/minimal/CMakeFiles/lib__libc__minimal.dir/source/math/sqrtf.c.obj
[sapphire:rw] [62/360] Building C object CMakeFiles/app.dir/mnt/host/source/src/platform/ec/build/zephyr/sapphire/modules/ec/common/host_event_commands.c.obj
[sapphire:ro] [166/360] Building C object zephyr/drivers/pwm/CMakeFiles/drivers__pwm.dir/pwm_ite_it8xxx2.c.obj
[tentacruel:rw] [108/393] Building C object zephyr/lib/libc/minimal/CMakeFiles/lib__libc__minimal.dir/source/math/sqrt.c.obj
[sapphire:rw] [63/360] Building C object CMakeFiles/app.dir/mnt/host/source/src/platform/ec/build/zephyr/sapphire/modules/ec/common/uart_hostcmd.c.obj
[sapphire:ro] [167/360] Linking C static library zephyr/drivers/pwm/libdrivers__pwm.a
[sapphire:ro] [168/360] Building C object zephyr/drivers/serial/CMakeFiles/drivers__serial.dir/uart_ite_it8xxx2.c.obj
[sapphire:ro] [169/360] Building C object zephyr/drivers/syscon/CMakeFiles/drivers__syscon.dir/mnt/host/source/src/third_party/zephyr/main/misc/empty_file.c.obj
[tentacruel:rw] [109/393] Building C object zephyr/lib/libc/common/CMakeFiles/lib__libc__common.dir/source/time/asctime.c.obj
[sapphire:ro] [170/360] Linking C static library zephyr/drivers/syscon/libdrivers__syscon.a
[tentacruel:ro] [40/393] Building C object zephyr/CMakeFiles/zephyr.dir/soc/ite/ec/it8xxx2/ilm.c.obj
[sapphire:ro] [171/360] Building C object zephyr/drivers/serial/CMakeFiles/drivers__serial.dir/uart_ns16550.c.obj
[tentacruel:ro] [41/393] Building C object zephyr/CMakeFiles/zephyr.dir/subsys/logging/log_minimal.c.obj
[tentacruel:rw] [110/393] Building C object zephyr/lib/libc/common/CMakeFiles/lib__libc__common.dir/source/time/gmtime_r.c.obj
[sapphire:ro] [172/360] Linking C static library zephyr/drivers/serial/libdrivers__serial.a
[tentacruel:rw] [111/393] Building C object zephyr/lib/libc/minimal/CMakeFiles/lib__libc__minimal.dir/source/time/gmtime.c.obj
[sapphire:ro] [173/360] Building C object zephyr/drivers/spi/CMakeFiles/drivers__spi.dir/spi_signal.c.obj
[tentacruel:rw] [112/393] Building C object zephyr/lib/libc/common/CMakeFiles/lib__libc__common.dir/source/stdlib/abort.c.obj
[/mnt/host/source/src/platform/ec/build/zephyr/wyrdeer-lcov]   /mnt/host/source/src/platform/ec/build/zephyr/wyrdeer/build-ro/zephyr/arch/common/CMakeFiles/isr_tables.dir/isr_tables.c.gcno:no functions found
[/mnt/host/source/src/platform/ec/build/zephyr/wyrdeer-lcov] stderr:
[tentacruel:rw] [113/393] Linking C static library zephyr/lib/libc/minimal/liblib__libc__minimal.a
[sapphire:rw] [64/360] Building C object CMakeFiles/app.dir/mnt/host/source/src/platform/ec/build/zephyr/sapphire/modules/ec/common/uptime.c.obj
[tentacruel:rw] [114/393] Building C object zephyr/lib/libc/common/CMakeFiles/lib__libc__common.dir/source/time/localtime_r_utc.c.obj
[tentacruel:rw] [115/393] Building C object zephyr/lib/libc/common/CMakeFiles/lib__libc__common.dir/source/time/ctime.c.obj
[sapphire:ro] [174/360] Building C object zephyr/drivers/timer/CMakeFiles/drivers__timer.dir/sys_clock_init.c.obj
[tentacruel:ro] [42/393] Building C object zephyr/CMakeFiles/zephyr.dir/subsys/pm/state.c.obj
[tentacruel:rw] [116/393] Building C object zephyr/lib/libc/common/CMakeFiles/lib__libc__common.dir/source/time/time.c.obj
[sapphire:ro] [175/360] Building C object zephyr/drivers/spi/CMakeFiles/drivers__spi.dir/spi_it8xxx2.c.obj
[sapphire:rw] [65/360] Building C object CMakeFiles/app.dir/mnt/host/source/src/platform/ec/build/zephyr/sapphire/modules/ec/common/i2c_passthru.c.obj
[sapphire:ro] [176/360] Linking C static library zephyr/drivers/spi/libdrivers__spi.a
[tentacruel:rw] [117/393] Building C object zephyr/lib/libc/common/CMakeFiles/lib__libc__common.dir/source/string/strnlen.c.obj
[tentacruel:ro] [43/393] Building C object zephyr/CMakeFiles/zephyr.dir/subsys/pm/pm.c.obj
[tentacruel:rw] [118/393] Building C object zephyr/lib/posix/c_lib_ext/CMakeFiles/lib__posix__c_lib_ext.dir/fnmatch.c.obj
[sapphire:rw] [66/360] Building C object CMakeFiles/app.dir/mnt/host/source/src/platform/ec/build/zephyr/sapphire/modules/ec/common/i2c_controller.c.obj
[sapphire:ro] [177/360] Building C object zephyr/drivers/timer/CMakeFiles/drivers__timer.dir/ite_it8xxx2_timer.c.obj
[sapphire:ro] [178/360] Linking C static library zephyr/drivers/timer/libdrivers__timer.a
[sapphire:ro] [179/360] Building C object zephyr/drivers/watchdog/CMakeFiles/drivers__watchdog.dir/wdt_ite_it8xxx2.c.obj
[sapphire:ro] [180/360] Building C object zephyr/drivers/watchdog/CMakeFiles/drivers__watchdog.dir/wdt_shell.c.obj
[/mnt/host/source/src/platform/ec/build/zephyr/npcx7-lcov]   /mnt/host/source/src/platform/ec/build/zephyr/npcx7/build-ro/zephyr/CMakeFiles/zephyr.dir/soc/nuvoton/npcx/npcx7/mpu_regions.c.gcno:no functions found
[/mnt/host/source/src/platform/ec/build/zephyr/npcx7-lcov] stderr:
[sapphire:ro] [181/360] Linking C static library zephyr/drivers/watchdog/libdrivers__watchdog.a
[tentacruel:ro] [44/393] Building C object zephyr/CMakeFiles/zephyr.dir/subsys/pm/policy/policy_events.c.obj
[tentacruel:rw] [119/393] Building C object zephyr/lib/libc/common/CMakeFiles/lib__libc__common.dir/source/stdlib/malloc.c.obj
[tentacruel:rw] [120/393] Linking C static library zephyr/lib/libc/common/liblib__libc__common.a
[/mnt/host/source/src/platform/ec/build/zephyr/quandiso-lcov]   /mnt/host/source/src/platform/ec/build/zephyr/quandiso/build-ro/CMakeFiles/app.dir/mnt/host/source/src/platform/ec/build/zephyr/quandiso/modules/ec/common/usb_pd_pdo.c.gcno:no functions found
[/mnt/host/source/src/platform/ec/build/zephyr/quandiso-lcov] stderr:
[tentacruel:rw] [121/393] Building C object zephyr/subsys/crc/CMakeFiles/subsys__crc.dir/crc4_sw.c.obj
[sapphire:rw] [67/360] Building C object CMakeFiles/app.dir/mnt/host/source/src/platform/ec/build/zephyr/sapphire/modules/ec/common/virtual_battery.c.obj
[tentacruel:rw] [122/393] Building C object zephyr/lib/posix/c_lib_ext/CMakeFiles/lib__posix__c_lib_ext.dir/getopt_shim.c.obj
[tentacruel:ro] [45/393] Building C object zephyr/CMakeFiles/zephyr.dir/subsys/pm/policy/policy_latency.c.obj
[tentacruel:rw] [123/393] Building C object zephyr/lib/posix/c_lib_ext/CMakeFiles/lib__posix__c_lib_ext.dir/getentropy.c.obj
[tentacruel:rw] [124/393] Linking C static library zephyr/lib/posix/c_lib_ext/liblib__posix__c_lib_ext.a
[tentacruel:rw] [125/393] Building C object zephyr/subsys/crc/CMakeFiles/subsys__crc.dir/crc8_sw.c.obj
[tentacruel:rw] [126/393] Building C object zephyr/subsys/crc/CMakeFiles/subsys__crc.dir/crc16_sw.c.obj
[sapphire:ro] [182/360] Building C object modules/ec/zephyr/CMakeFiles/ec_shim.dir/app/ec/ec_app_main.c.obj
[sapphire:ro] [183/360] Building C object modules/ec/zephyr/CMakeFiles/ec_shim.dir/app/ec/main_shim.c.obj
[tentacruel:rw] [127/393] Building C object zephyr/subsys/crc/CMakeFiles/subsys__crc.dir/crc7_sw.c.obj
[tentacruel:rw] [128/393] Building C object zephyr/subsys/crc/CMakeFiles/subsys__crc.dir/crc24_sw.c.obj
[tentacruel:rw] [129/393] Building C object zephyr/subsys/crc/CMakeFiles/subsys__crc.dir/crc32c_sw.c.obj
[sapphire:rw] [68/360] Building C object CMakeFiles/app.dir/mnt/host/source/src/platform/ec/build/zephyr/sapphire/modules/ec/common/mkbp_fifo.c.obj
[sapphire:ro] [184/360] Building C object modules/ec/zephyr/CMakeFiles/ec_shim.dir/drivers/cros_kb_raw/cros_kb_raw_ite.c.obj
[tentacruel:rw] [130/393] Building C object zephyr/subsys/crc/CMakeFiles/subsys__crc.dir/crc32_sw.c.obj
[tentacruel:rw] [131/393] Building C object zephyr/subsys/crc/CMakeFiles/subsys__crc.dir/crc32k_4_2_sw.c.obj
[sapphire:rw] [69/360] Building C object CMakeFiles/app.dir/mnt/host/source/src/platform/ec/build/zephyr/sapphire/modules/ec/common/keyboard_scan.c.obj
[tentacruel:rw] [132/393] Linking C static library zephyr/subsys/crc/libsubsys__crc.a
[tentacruel:ro] [46/393] Building C object zephyr/CMakeFiles/zephyr.dir/subsys/pm/policy/policy_state_lock.c.obj
[sapphire:ro] [185/360] Building C object modules/ec/zephyr/CMakeFiles/ec_shim.dir/drivers/cros_flash/cros_flash_it8xxx2.c.obj
[tentacruel:ro] [47/393] Building C object zephyr/CMakeFiles/zephyr.dir/subsys/pm/device.c.obj
[sapphire:ro] [186/360] Building C object modules/ec/zephyr/CMakeFiles/ec_shim.dir/drivers/cros_system/cros_system_it8xxx2.c.obj
[sapphire:ro] [187/360] Building C object modules/ec/zephyr/CMakeFiles/ec_shim.dir/drivers/usbc/ucsi_v3.c.obj
[sapphire:rw] [70/360] Building C object CMakeFiles/app.dir/mnt/host/source/src/platform/ec/build/zephyr/sapphire/modules/ec/common/mkbp_info.c.obj
[tentacruel:rw] [133/393] Building C object zephyr/drivers/interrupt_controller/CMakeFiles/drivers__interrupt_controller.dir/intc_ite_it8xxx2.c.obj
[tentacruel:rw] [134/393] Building C object zephyr/drivers/interrupt_controller/CMakeFiles/drivers__interrupt_controller.dir/wuc_ite_it8xxx2.c.obj
[sapphire:rw] [71/360] Building C object CMakeFiles/app.dir/mnt/host/source/src/platform/ec/build/zephyr/sapphire/modules/ec/common/keyboard_mkbp.c.obj
[tentacruel:rw] [135/393] Building C object zephyr/drivers/adc/CMakeFiles/drivers__adc.dir/adc_common.c.obj
[tentacruel:rw] [136/393] Linking C static library zephyr/drivers/interrupt_controller/libdrivers__interrupt_controller.a
[tentacruel:ro] [48/393] Building C object zephyr/CMakeFiles/zephyr.dir/subsys/pm/device_system_managed.c.obj
[tentacruel:ro] [49/393] Building C object zephyr/CMakeFiles/zephyr.dir/subsys/testsuite/coverage/coverage.c.obj
[sapphire:ro] [188/360] Building C object modules/ec/zephyr/CMakeFiles/ec_shim.dir/shim/chip/it8xxx2/clock.c.obj
[sapphire:rw] [72/360] Building C object CMakeFiles/app.dir/mnt/host/source/src/platform/ec/build/zephyr/sapphire/modules/ec/common/mkbp_input_devices.c.obj
[sapphire:ro] [189/360] Building C object modules/ec/zephyr/CMakeFiles/ec_shim.dir/drivers/usbc/pdc_rts54xx_fwup.c.obj
[sapphire:ro] [190/360] Building C object modules/ec/zephyr/CMakeFiles/ec_shim.dir/drivers/usbc/pdc_rts54xx.c.obj
[sapphire:ro] [191/360] Building C object modules/ec/zephyr/CMakeFiles/ec_shim.dir/shim/chip/it8xxx2/gpio.c.obj
[sapphire:ro] [192/360] Building C object modules/ec/zephyr/CMakeFiles/ec_shim.dir/shim/chip/it8xxx2/system.c.obj
[sapphire:rw] [73/360] Building C object CMakeFiles/app.dir/mnt/host/source/src/platform/ec/build/zephyr/sapphire/modules/ec/common/led_common.c.obj
[tentacruel:rw] [137/393] Building C object zephyr/drivers/adc/CMakeFiles/drivers__adc.dir/adc_ite_it8xxx2.c.obj
[tentacruel:rw] [138/393] Linking C static library zephyr/drivers/adc/libdrivers__adc.a
[tentacruel:ro] [50/393] Building C object zephyr/CMakeFiles/zephyr.dir/subsys/tracing/tracing_none.c.obj
[tentacruel:rw] [139/393] Building C object zephyr/drivers/bbram/CMakeFiles/drivers__bbram.dir/bbram_it8xxx2.c.obj
[tentacruel:rw] [140/393] Building C object zephyr/drivers/console/CMakeFiles/drivers__console.dir/uart_console.c.obj
[sapphire:ro] [193/360] Building C object modules/ec/zephyr/CMakeFiles/ec_shim.dir/shim/src/crc.c.obj
[tentacruel:ro] [51/393] Building C object zephyr/CMakeFiles/zephyr.dir/subsys/shell/modules/kernel_service/kernel_shell.c.obj
[sapphire:rw] [74/360] Building C object CMakeFiles/app.dir/mnt/host/source/src/platform/ec/build/zephyr/sapphire/modules/ec/common/lid_switch.c.obj
[tentacruel:rw] [141/393] Linking C static library zephyr/drivers/console/libdrivers__console.a
[tentacruel:rw] [142/393] Linking C static library zephyr/drivers/bbram/libdrivers__bbram.a
[sapphire:ro] [194/360] Building C object modules/ec/zephyr/CMakeFiles/ec_shim.dir/shim/chip/it8xxx2/keyboard_raw.c.obj
[sapphire:rw] [75/360] Building C object CMakeFiles/app.dir/mnt/host/source/src/platform/ec/build/zephyr/sapphire/modules/ec/common/mkbp_event.c.obj
[sapphire:ro] [195/360] Building C object modules/ec/zephyr/CMakeFiles/ec_shim.dir/shim/chip/it8xxx2/power_policy.c.obj
[sapphire:ro] [196/360] Building C object modules/ec/zephyr/CMakeFiles/ec_shim.dir/shim/chip/it8xxx2/shi.c.obj
[tentacruel:ro] [52/393] Building C object zephyr/CMakeFiles/zephyr.dir/subsys/shell/modules/kernel_service/cycles.c.obj
[sapphire:ro] [197/360] Building C object modules/ec/zephyr/CMakeFiles/ec_shim.dir/shim/src/console.c.obj
[tentacruel:rw] [143/393] Building C object zephyr/drivers/eeprom/CMakeFiles/drivers__eeprom.dir/eeprom_shell.c.obj
[tentacruel:ro] [53/393] Building C object zephyr/CMakeFiles/zephyr.dir/subsys/shell/modules/kernel_service/sleep.c.obj
[/mnt/host/source/src/platform/ec/build/zephyr/wyrdeer-lcov]   /mnt/host/source/src/platform/ec/build/zephyr/wyrdeer/build-ro/zephyr/CMakeFiles/zephyr.dir/subsys/shell/modules/kernel_service/kernel_shell.c.gcno:no functions found
[/mnt/host/source/src/platform/ec/build/zephyr/wyrdeer-lcov] stderr:
[tentacruel:rw] [144/393] Building C object zephyr/drivers/flash/CMakeFiles/drivers__flash.dir/flash_ite_it8xxx2.c.obj
[tentacruel:rw] [145/393] Linking C static library zephyr/drivers/flash/libdrivers__flash.a
[tentacruel:rw] [146/393] Building C object zephyr/drivers/eeprom/CMakeFiles/drivers__eeprom.dir/eeprom_at2x.c.obj
[sapphire:rw] [76/360] Building C object CMakeFiles/app.dir/mnt/host/source/src/platform/ec/build/zephyr/sapphire/modules/ec/common/motion_sense.c.obj
[sapphire:ro] [198/360] Building C object modules/ec/zephyr/CMakeFiles/ec_shim.dir/shim/src/gpio.c.obj
[tentacruel:rw] [147/393] Linking C static library zephyr/drivers/eeprom/libdrivers__eeprom.a
[/mnt/host/source/src/platform/ec/build/zephyr/wyrdeer-lcov]   /mnt/host/source/src/platform/ec/build/zephyr/wyrdeer/build-ro/zephyr/CMakeFiles/zephyr.dir/lib/libc/validate_libc.c.gcno:no functions found
[/mnt/host/source/src/platform/ec/build/zephyr/wyrdeer-lcov] stderr:
[sapphire:ro] [199/360] Building C object modules/ec/zephyr/CMakeFiles/ec_shim.dir/shim/src/gpio_int.c.obj
[sapphire:ro] [200/360] Building C object modules/ec/zephyr/CMakeFiles/ec_shim.dir/shim/src/panic_utils.c.obj
[sapphire:rw] [77/360] Building C object CMakeFiles/app.dir/mnt/host/source/src/platform/ec/build/zephyr/sapphire/modules/ec/common/peripheral_charger.c.obj
[tentacruel:ro] [54/393] Building C object zephyr/CMakeFiles/zephyr.dir/subsys/shell/modules/kernel_service/uptime.c.obj
[sapphire:rw] [78/360] Building C object CMakeFiles/app.dir/mnt/host/source/src/platform/ec/build/zephyr/sapphire/modules/ec/common/power_button.c.obj
[sapphire:ro] [201/360] Building C object modules/ec/zephyr/CMakeFiles/ec_shim.dir/shim/src/pm_state.c.obj
[tentacruel:ro] [55/393] Building C object zephyr/CMakeFiles/zephyr.dir/subsys/shell/modules/kernel_service/version.c.obj
[sapphire:ro] [202/360] Building C object modules/ec/zephyr/CMakeFiles/ec_shim.dir/shim/src/cbi/cros_cbi.c.obj
[tentacruel:rw] [148/393] Building C object zephyr/drivers/gpio/CMakeFiles/drivers__gpio.dir/gpio_kscan_ite_it8xxx2.c.obj
[tentacruel:rw] [149/393] Building C object zephyr/drivers/gpio/CMakeFiles/drivers__gpio.dir/gpio_ite_it8xxx2.c.obj
[tentacruel:rw] [150/393] Building C object zephyr/drivers/i2c/CMakeFiles/drivers__i2c.dir/i2c_common.c.obj
[tentacruel:rw] [151/393] Linking C static library zephyr/drivers/gpio/libdrivers__gpio.a
[sapphire:ro] [203/360] Building C object modules/ec/zephyr/CMakeFiles/ec_shim.dir/shim/src/cbi/cros_cbi_ufsc.c.obj
[tentacruel:ro] [56/393] Building C object zephyr/CMakeFiles/zephyr.dir/subsys/shell/modules/kernel_service/thread/thread.c.obj
[sapphire:ro] [204/360] Building C object modules/ec/zephyr/CMakeFiles/ec_shim.dir/shim/src/cbi/cbi_flash.c.obj
[tentacruel:ro] [57/393] Building C object zephyr/CMakeFiles/zephyr.dir/subsys/shell/modules/kernel_service/thread/list.c.obj
[sapphire:rw] [79/360] Building C object CMakeFiles/app.dir/mnt/host/source/src/platform/ec/build/zephyr/sapphire/modules/ec/power/common.c.obj
[/mnt/host/source/src/platform/ec/build/zephyr/wyrdeer-lcov]   /mnt/host/source/src/platform/ec/build/zephyr/wyrdeer/build-ro/zephyr/CMakeFiles/zephyr.dir/lib/utils/last_section_id.c.gcno:no functions found
[/mnt/host/source/src/platform/ec/build/zephyr/wyrdeer-lcov] stderr:
[sapphire:rw] [80/360] Building C object CMakeFiles/app.dir/mnt/host/source/src/platform/ec/build/zephyr/sapphire/modules/ec/power/host_sleep.c.obj
[sapphire:ro] [205/360] Building C object modules/ec/zephyr/CMakeFiles/ec_shim.dir/shim/src/led_driver/led.c.obj
[tentacruel:rw] [152/393] Building C object zephyr/drivers/i2c/CMakeFiles/drivers__i2c.dir/i2c_bitbang.c.obj
[sapphire:ro] [206/360] Building C object modules/ec/zephyr/CMakeFiles/ec_shim.dir/shim/src/led_driver/led_pwm.c.obj
[sapphire:rw] [81/360] Building C object CMakeFiles/app.dir/mnt/host/source/src/platform/ec/build/zephyr/sapphire/modules/ec/power/mt8186.c.obj
[tentacruel:rw] [153/393] Building C object zephyr/drivers/i2c/CMakeFiles/drivers__i2c.dir/i2c_shell.c.obj
[sapphire:ro] [207/360] Building C object modules/ec/zephyr/CMakeFiles/ec_shim.dir/shim/src/system.c.obj
[tentacruel:rw] [154/393] Building C object zephyr/drivers/i2c/CMakeFiles/drivers__i2c.dir/i2c_ite_enhance.c.obj
[tentacruel:ro] [58/393] Building C object zephyr/CMakeFiles/zephyr.dir/subsys/shell/modules/kernel_service/thread/stacks.c.obj
[tentacruel:ro] [59/393] Building C object zephyr/CMakeFiles/zephyr.dir/subsys/shell/modules/kernel_service/thread/unwind.c.obj
[sapphire:ro] [208/360] Building C object modules/ec/zephyr/CMakeFiles/ec_shim.dir/shim/src/pdc_shim.c.obj
[sapphire:ro] [209/360] Building C object modules/ec/zephyr/CMakeFiles/ec_shim.dir/shim/src/adc.c.obj
[tentacruel:rw] [155/393] Building C object zephyr/drivers/pinctrl/CMakeFiles/drivers__pinctrl.dir/common.c.obj
[sapphire:ro] [210/360] Building C object modules/ec/zephyr/CMakeFiles/ec_shim.dir/shim/src/battery.c.obj
[sapphire:rw] [82/360] Building C object CMakeFiles/app.dir/mnt/host/source/src/platform/ec/build/zephyr/sapphire/modules/ec/common/panic_output.c.obj
[sapphire:rw] [83/360] Building C object CMakeFiles/app.dir/mnt/host/source/src/platform/ec/build/zephyr/sapphire/modules/ec/common/shared_mem.c.obj
[tentacruel:rw] [156/393] Building C object zephyr/drivers/i2c/CMakeFiles/drivers__i2c.dir/i2c_ite_it8xxx2.c.obj
[sapphire:ro] [211/360] Building C object modules/ec/zephyr/CMakeFiles/ec_shim.dir/shim/src/charger.c.obj
[tentacruel:rw] [157/393] Linking C static library zephyr/drivers/i2c/libdrivers__i2c.a
[sapphire:rw] [84/360] Building C object CMakeFiles/app.dir/mnt/host/source/src/platform/ec/build/zephyr/sapphire/modules/ec/common/switch.c.obj
[sapphire:ro] [212/360] Building C object modules/ec/zephyr/CMakeFiles/ec_shim.dir/shim/src/flash.c.obj
[tentacruel:ro] [60/393] Building C object zephyr/CMakeFiles/zephyr.dir/subsys/shell/modules/kernel_service/thread/suspend.c.obj
[tentacruel:ro] [61/393] Building C object zephyr/CMakeFiles/zephyr.dir/subsys/shell/modules/kernel_service/thread/resume.c.obj
[tentacruel:rw] [158/393] Building C object zephyr/drivers/pinctrl/CMakeFiles/drivers__pinctrl.dir/pinctrl_ite_it8xxx2.c.obj
[tentacruel:rw] [159/393] Linking C static library zephyr/drivers/pinctrl/libdrivers__pinctrl.a
[tentacruel:rw] [160/393] Building C object zephyr/drivers/pwm/CMakeFiles/drivers__pwm.dir/pwm_shell.c.obj
[sapphire:ro] [213/360] Building C object modules/ec/zephyr/CMakeFiles/ec_shim.dir/shim/src/hooks.c.obj
[sapphire:ro] [214/360] Building C object modules/ec/zephyr/CMakeFiles/ec_shim.dir/shim/src/host_command.c.obj
[sapphire:ro] [215/360] Building C object modules/ec/zephyr/CMakeFiles/ec_shim.dir/shim/src/console_buffer.c.obj
[sapphire:ro] [216/360] Building C object modules/ec/zephyr/CMakeFiles/ec_shim.dir/shim/src/keyboard_raw.c.obj
[sapphire:rw] [85/360] Building C object CMakeFiles/app.dir/mnt/host/source/src/platform/ec/build/zephyr/sapphire/modules/ec/common/tablet_mode.c.obj
[tentacruel:rw] [161/393] Building C object zephyr/drivers/pwm/CMakeFiles/drivers__pwm.dir/pwm_ite_it8xxx2.c.obj
[sapphire:rw] [86/360] Building C object CMakeFiles/app.dir/mnt/host/source/src/platform/ec/build/zephyr/sapphire/modules/ec/driver/stm_mems_common.c.obj
[tentacruel:rw] [162/393] Linking C static library zephyr/drivers/pwm/libdrivers__pwm.a
[tentacruel:ro] [62/393] Building C object zephyr/CMakeFiles/zephyr.dir/subsys/shell/modules/kernel_service/thread/kill.c.obj
[/mnt/host/source/src/platform/ec/build/zephyr/npcx7-lcov]   /mnt/host/source/src/platform/ec/build/zephyr/npcx7/build-ro/zephyr/drivers/sensor/CMakeFiles/drivers__sensor.dir/mnt/host/source/src/third_party/zephyr/main/misc/empty_file.c.gcno:no functions found
[/mnt/host/source/src/platform/ec/build/zephyr/npcx7-lcov] stderr:
[sapphire:rw] [87/360] Building C object CMakeFiles/app.dir/mnt/host/source/src/platform/ec/build/zephyr/sapphire/modules/ec/common/thermal.c.obj
[sapphire:ro] [217/360] Building C object modules/ec/zephyr/CMakeFiles/ec_shim.dir/shim/src/mkbp_event.c.obj
[tentacruel:ro] [63/393] Building C object zephyr/CMakeFiles/zephyr.dir/subsys/shell/backends/shell_uart.c.obj
[tentacruel:rw] [163/393] Building C object zephyr/drivers/serial/CMakeFiles/drivers__serial.dir/uart_ite_it8xxx2.c.obj
[tentacruel:rw] [164/393] Building C object zephyr/drivers/serial/CMakeFiles/drivers__serial.dir/uart_ns16550.c.obj
[tentacruel:rw] [165/393] Linking C static library zephyr/drivers/serial/libdrivers__serial.a
[tentacruel:rw] [166/393] Building C object zephyr/drivers/timer/CMakeFiles/drivers__timer.dir/sys_clock_init.c.obj
[sapphire:ro] [218/360] Building C object modules/ec/zephyr/CMakeFiles/ec_shim.dir/shim/src/motionsense_sensors.c.obj
[sapphire:ro] [219/360] Building C object modules/ec/zephyr/CMakeFiles/ec_shim.dir/shim/src/power.c.obj
[sapphire:ro] [220/360] Building C object modules/ec/zephyr/CMakeFiles/ec_shim.dir/shim/src/panic.c.obj
[sapphire:rw] [88/360] Building C object CMakeFiles/app.dir/mnt/host/source/src/platform/ec/build/zephyr/sapphire/modules/ec/common/temp_sensor.c.obj
[sapphire:ro] [221/360] Building C object modules/ec/zephyr/CMakeFiles/ec_shim.dir/shim/src/temp_sensors.c.obj
[tentacruel:ro] [64/393] Building C object zephyr/CMakeFiles/zephyr.dir/subsys/shell/shell_fprintf.c.obj
[sapphire:rw] [89/360] Building C object CMakeFiles/app.dir/mnt/host/source/src/platform/ec/build/zephyr/sapphire/modules/ec/driver/temp_sensor/thermistor.c.obj
[tentacruel:ro] [65/393] Building C object zephyr/CMakeFiles/zephyr.dir/subsys/shell/shell.c.obj
[sapphire:ro] [222/360] Building C object modules/ec/zephyr/CMakeFiles/ec_shim.dir/shim/src/thermal.c.obj
[sapphire:rw] [90/360] Building C object CMakeFiles/app.dir/mnt/host/source/src/platform/ec/build/zephyr/sapphire/modules/ec/common/timer.c.obj
[tentacruel:rw] [167/393] Building C object zephyr/drivers/timer/CMakeFiles/drivers__timer.dir/ite_it8xxx2_timer.c.obj
[tentacruel:rw] [168/393] Linking C static library zephyr/drivers/timer/libdrivers__timer.a
[tentacruel:rw] [169/393] Building C object zephyr/drivers/watchdog/CMakeFiles/drivers__watchdog.dir/wdt_ite_it8xxx2.c.obj
[tentacruel:rw] [170/393] Building C object zephyr/drivers/watchdog/CMakeFiles/drivers__watchdog.dir/wdt_shell.c.obj
[tentacruel:rw] [171/393] Linking C static library zephyr/drivers/watchdog/libdrivers__watchdog.a
[sapphire:ro] [223/360] Building C object modules/ec/zephyr/CMakeFiles/ec_shim.dir/shim/src/hwtimer.c.obj
[sapphire:ro] [224/360] Building C object modules/ec/zephyr/CMakeFiles/ec_shim.dir/shim/src/i2c.c.obj
[tentacruel:ro] [66/393] Building C object zephyr/CMakeFiles/zephyr.dir/subsys/shell/shell_utils.c.obj
[/mnt/host/source/src/platform/ec/build/zephyr/quandiso-lcov]   /mnt/host/source/src/platform/ec/build/zephyr/quandiso/build-ro/CMakeFiles/app.dir/mnt/host/source/src/platform/ec/build/zephyr/quandiso/modules/ec/common/chargen.c.gcno:no functions found
[/mnt/host/source/src/platform/ec/build/zephyr/quandiso-lcov] stderr:
[tentacruel:ro] [67/393] Building C object zephyr/CMakeFiles/zephyr.dir/subsys/shell/shell_ops.c.obj
[sapphire:ro] [225/360] cd /mnt/host/source/src/platform/ec/build/zephyr/sapphire/build-ro/modules/ec/zephyr && PYTHONPATH=/mnt/host/source/src/platform/ec/build/zephyr/sapphire/modules/ec/zephyr/zmake/ /usr/bin/python3.11 /mnt/host/source/src/platform/ec/build/zephyr/sapphire/modules/ec/zephyr/zmake/zephyr_build_tools/generate_ec_version.py /mnt/host/source/src/platform/ec/build/zephyr/sapphire/build-ro/modules/ec/zephyr/include/ec_version.h --name Zephyr-Kernel --version 16543.0.0 --static
[sapphire:rw] [91/360] Building C object CMakeFiles/app.dir/mnt/host/source/src/platform/ec/build/zephyr/sapphire/modules/ec/common/usbc_utils.c.obj
[sapphire:ro] INFO:root:Using a static version string
[sapphire:ro] INFO:root:Version string: Zephyr-Kernel-16543.0.0
[sapphire:ro] INFO:root:Writing header to /mnt/host/source/src/platform/ec/build/zephyr/sapphire/build-ro/modules/ec/zephyr/include/ec_version.h
[sapphire:ro] [226/360] Building C object modules/ec/zephyr/CMakeFiles/ec_shim.dir/shim/src/watchdog.c.obj
[sapphire:ro] [227/360] Building C object modules/ec/zephyr/CMakeFiles/ec_shim.dir/shim/src/sha256_hw.c.obj
[sapphire:ro] [228/360] Building C object modules/ec/zephyr/CMakeFiles/ec_shim.dir/shim/src/tasks.c.obj
[sapphire:rw] [92/360] Building C object CMakeFiles/app.dir/mnt/host/source/src/platform/ec/build/zephyr/sapphire/modules/ec/common/usb_common.c.obj
[tentacruel:rw] [172/393] Building C object modules/ec/zephyr/CMakeFiles/ec_shim.dir/app/ec/main_shim.c.obj
[sapphire:rw] [93/360] Building C object CMakeFiles/app.dir/mnt/host/source/src/platform/ec/build/zephyr/sapphire/modules/ec/common/chargen.c.obj
[sapphire:ro] [229/360] Building C object modules/ec/zephyr/CMakeFiles/ec_shim.dir/shim/src/pchg.c.obj
[tentacruel:rw] [173/393] Building C object modules/ec/zephyr/CMakeFiles/ec_shim.dir/drivers/cros_flash/cros_flash_it8xxx2.c.obj
[tentacruel:rw] [174/393] Building C object modules/ec/zephyr/CMakeFiles/ec_shim.dir/app/ec/ec_app_main.c.obj
[tentacruel:ro] [68/393] Building C object zephyr/CMakeFiles/zephyr.dir/subsys/shell/shell_history.c.obj
[sapphire:ro] [230/360] Building C object CMakeFiles/app.dir/mnt/host/source/src/platform/ec/zephyr/subsys/ap_pwrseq/ap_events.c.obj
[sapphire:rw] [94/360] Building C object CMakeFiles/app.dir/mnt/host/source/src/platform/ec/build/zephyr/sapphire/modules/ec/common/usb_pd_host_cmd_common.c.obj
[sapphire:ro] [231/360] Building C object CMakeFiles/app.dir/mnt/host/source/src/platform/ec/zephyr/subsys/pd_controller/pdc_pmc_debug.c.obj
[tentacruel:rw] [175/393] Building C object modules/ec/zephyr/CMakeFiles/ec_shim.dir/drivers/cros_kb_raw/cros_kb_raw_ite.c.obj
[sapphire:rw] [95/360] Building C object CMakeFiles/app.dir/mnt/host/source/src/platform/ec/build/zephyr/sapphire/modules/ec/common/vboot_hash.c.obj
[sapphire:ro] [232/360] Building C object CMakeFiles/app.dir/mnt/host/source/src/platform/ec/zephyr/subsys/pd_controller/pdc_console.c.obj
[tentacruel:ro] [69/393] Building C object zephyr/CMakeFiles/zephyr.dir/subsys/shell/shell_help.c.obj
[tentacruel:ro] [70/393] Building C object zephyr/CMakeFiles/zephyr.dir/drivers/flash/flash_util.c.obj
[tentacruel:ro] [71/393] Building C object zephyr/arch/common/CMakeFiles/arch__common.dir/sw_isr_common.c.obj
[tentacruel:rw] [176/393] Building C object modules/ec/zephyr/CMakeFiles/ec_shim.dir/drivers/cros_shi/cros_shi_it8xxx2.c.obj
[sapphire:ro] [233/360] Building C object CMakeFiles/app.dir/mnt/host/source/src/platform/ec/zephyr/subsys/pd_controller/pdc_host_cmd.c.obj
[sapphire:rw] [96/360] Building C object CMakeFiles/app.dir/mnt/host/source/src/platform/ec/build/zephyr/sapphire/modules/ec/common/button.c.obj
[tentacruel:rw] [177/393] Building C object modules/ec/zephyr/CMakeFiles/ec_shim.dir/drivers/cros_system/cros_system_it8xxx2.c.obj
[tentacruel:ro] [72/393] Linking C static library zephyr/libzephyr.a
[sapphire:ro] [234/360] Building C object CMakeFiles/app.dir/mnt/host/source/src/platform/ec/zephyr/subsys/pd_controller/pdc_stub.c.obj
[tentacruel:ro] [73/393] Building C object zephyr/arch/common/CMakeFiles/arch__common.dir/init.c.obj
[tentacruel:ro] [74/393] Building C object zephyr/arch/common/CMakeFiles/arch__common.dir/dynamic_isr.c.obj
[tentacruel:rw] [178/393] Building C object modules/ec/zephyr/CMakeFiles/ec_shim.dir/shim/chip/it8xxx2/clock.c.obj
[sapphire:rw] [97/360] Building C object CMakeFiles/app.dir/mnt/host/source/src/platform/ec/build/zephyr/sapphire/modules/ec/common/vboot/efs2.c.obj
[sapphire:ro] [235/360] Building C object CMakeFiles/app.dir/mnt/host/source/src/platform/ec/zephyr/subsys/pd_controller/pdc_dpm.c.obj
[sapphire:rw] [98/360] Building C object CMakeFiles/app.dir/mnt/host/source/src/platform/ec/build/zephyr/sapphire/modules/ec/common/vstore.c.obj
[tentacruel:rw] [179/393] Building C object modules/ec/zephyr/CMakeFiles/ec_shim.dir/shim/chip/it8xxx2/system.c.obj
[sapphire:rw] [99/360] Building C object CMakeFiles/app.dir/mnt/host/source/src/platform/ec/build/zephyr/sapphire/modules/ec/common/math_util.c.obj
[sapphire:ro] [236/360] Building C object CMakeFiles/app.dir/mnt/host/source/src/platform/ec/zephyr/subsys/ucsi/ppm_common.c.obj
[sapphire:ro] [237/360] Building C object CMakeFiles/app.dir/mnt/host/source/src/platform/ec/zephyr/subsys/ucsi/ppm_console.c.obj
[sapphire:ro] [238/360] Building C object CMakeFiles/app.dir/mnt/host/source/src/platform/ec/zephyr/subsys/pd_controller/pdc_power_mgmt.c.obj
[tentacruel:ro] [75/393] Building C object zephyr/arch/common/CMakeFiles/isr_tables.dir/isr_tables.c.obj
[sapphire:ro] [239/360] Building C object CMakeFiles/app.dir/mnt/host/source/src/platform/ec/zephyr/subsys/ucsi/ppm_driver.c.obj
[tentacruel:ro] [76/393] Linking C static library zephyr/arch/common/libisr_tables.a
[tentacruel:ro] [77/393] Building C object zephyr/arch/common/CMakeFiles/arch__common.dir/xip.c.obj
[tentacruel:ro] [78/393] Linking C static library zephyr/arch/common/libarch__common.a
[tentacruel:rw] [180/393] Building C object modules/ec/zephyr/CMakeFiles/ec_shim.dir/shim/chip/it8xxx2/gpio.c.obj
[tentacruel:rw] [181/393] Building C object modules/ec/zephyr/CMakeFiles/ec_shim.dir/shim/chip/it8xxx2/keyboard_raw.c.obj
[tentacruel:rw] [182/393] Building C object modules/ec/zephyr/CMakeFiles/ec_shim.dir/shim/chip/it8xxx2/power_policy.c.obj
[sapphire:rw] [100/360] Building C object CMakeFiles/app.dir/mnt/host/source/src/platform/ec/build/zephyr/sapphire/modules/ec/zephyr/program/tanjiro/src/hibernate.c.obj
[sapphire:ro] [240/360] Building C object CMakeFiles/app.dir/mnt/host/source/src/platform/ec/zephyr/subsys/ucsi/ucsi_host_cmd.c.obj
[sapphire:rw] [101/360] Building C object CMakeFiles/app.dir/mnt/host/source/src/platform/ec/build/zephyr/sapphire/modules/ec/zephyr/program/tanjiro/src/dp_alt_mode.c.obj
[sapphire:ro] [241/360] Building C object CMakeFiles/app.dir/mnt/host/source/src/platform/ec/build/zephyr/sapphire/modules/ec/builtin/stdlib.c.obj
[tentacruel:rw] [183/393] Building C object modules/ec/zephyr/CMakeFiles/ec_shim.dir/shim/src/crc.c.obj
[sapphire:rw] [102/360] Building C object CMakeFiles/app.dir/mnt/host/source/src/platform/ec/build/zephyr/sapphire/modules/ec/zephyr/program/tanjiro/src/hooks.c.obj
[tentacruel:ro] [79/393] Building C object zephyr/arch/arch/riscv/core/CMakeFiles/arch__riscv__core.dir/cpu_idle.c.obj
[sapphire:ro] [242/360] Building C object CMakeFiles/app.dir/mnt/host/source/src/platform/ec/build/zephyr/sapphire/modules/ec/common/base32.c.obj
[sapphire:ro] [243/360] Building C object CMakeFiles/app.dir/mnt/host/source/src/platform/ec/build/zephyr/sapphire/modules/ec/common/console_output.c.obj
[tentacruel:ro] [80/393] Building C object zephyr/arch/arch/riscv/core/CMakeFiles/arch__riscv__core.dir/fatal.c.obj
[tentacruel:rw] [184/393] Building C object modules/ec/zephyr/CMakeFiles/ec_shim.dir/shim/chip/it8xxx2/shi.c.obj
[sapphire:ro] [244/360] Building C object CMakeFiles/app.dir/mnt/host/source/src/platform/ec/build/zephyr/sapphire/modules/ec/common/ec_features.c.obj
[tentacruel:rw] [185/393] Building C object modules/ec/zephyr/CMakeFiles/ec_shim.dir/shim/src/console.c.obj
[tentacruel:ro] [81/393] Building C object zephyr/arch/arch/riscv/core/CMakeFiles/arch__riscv__core.dir/prep_c.c.obj
[sapphire:rw] [103/360] Building C object CMakeFiles/app.dir/mnt/host/source/src/platform/ec/build/zephyr/sapphire/modules/ec/zephyr/program/tanjiro/src/i2c.c.obj
[tentacruel:ro] [82/393] Building C object zephyr/arch/arch/riscv/core/CMakeFiles/arch__riscv__core.dir/irq_manage.c.obj
[sapphire:ro] [245/360] Building C object CMakeFiles/app.dir/mnt/host/source/src/platform/ec/build/zephyr/sapphire/modules/ec/common/gpio_commands.c.obj
[sapphire:ro] [246/360] Building C object CMakeFiles/app.dir/mnt/host/source/src/platform/ec/build/zephyr/sapphire/modules/ec/common/peripheral.c.obj
[tentacruel:rw] [186/393] Building C object modules/ec/zephyr/CMakeFiles/ec_shim.dir/shim/src/gpio.c.obj
[sapphire:rw] [104/360] Building C object CMakeFiles/app.dir/sapphire/src/backlight.c.obj
[sapphire:rw] [105/360] Building C object CMakeFiles/app.dir/sapphire/src/base_detect.c.obj
[sapphire:ro] [247/360] Building C object CMakeFiles/app.dir/mnt/host/source/src/platform/ec/build/zephyr/sapphire/modules/ec/common/printf.c.obj
[tentacruel:rw] [187/393] Building C object modules/ec/zephyr/CMakeFiles/ec_shim.dir/shim/src/gpio_int.c.obj
[sapphire:ro] [248/360] Building C object CMakeFiles/app.dir/mnt/host/source/src/platform/ec/build/zephyr/sapphire/modules/ec/common/queue.c.obj
[tentacruel:ro] [83/393] Building C object zephyr/arch/arch/riscv/core/CMakeFiles/arch__riscv__core.dir/reboot.c.obj
[tentacruel:rw] [188/393] Building C object modules/ec/zephyr/CMakeFiles/ec_shim.dir/shim/src/panic_utils.c.obj
[sapphire:ro] [249/360] Building C object CMakeFiles/app.dir/mnt/host/source/src/platform/ec/build/zephyr/sapphire/modules/ec/common/system.c.obj
[tentacruel:ro] [84/393] Building ASM object zephyr/arch/arch/riscv/core/CMakeFiles/arch__riscv__core.dir/reset.S.obj
[sapphire:rw] [106/360] Building C object zephyr/CMakeFiles/zephyr.dir/lib/libc/validate_libc.c.obj
[sapphire:rw] [107/360] Building C object CMakeFiles/app.dir/sapphire/src/board_config.c.obj
[tentacruel:rw] [189/393] Building C object modules/ec/zephyr/CMakeFiles/ec_shim.dir/shim/src/pm_state.c.obj
[sapphire:ro] [250/360] Building C object CMakeFiles/app.dir/mnt/host/source/src/platform/ec/build/zephyr/sapphire/modules/ec/common/uart_printf.c.obj
[sapphire:ro] [251/360] Building C object CMakeFiles/app.dir/mnt/host/source/src/platform/ec/build/zephyr/sapphire/modules/ec/common/system_boot_time.c.obj
[tentacruel:rw] [190/393] Building C object modules/ec/zephyr/CMakeFiles/ec_shim.dir/shim/src/cbi/cros_cbi.c.obj
[sapphire:rw] [108/360] Building C object CMakeFiles/app.dir/sapphire/src/pen_control.c.obj
[tentacruel:ro] [85/393] Building ASM object zephyr/arch/arch/riscv/core/CMakeFiles/arch__riscv__core.dir/switch.S.obj
[sapphire:ro] [252/360] Building C object CMakeFiles/app.dir/mnt/host/source/src/platform/ec/build/zephyr/sapphire/modules/ec/common/util.c.obj
[sapphire:ro] [253/360] Building C object CMakeFiles/app.dir/mnt/host/source/src/platform/ec/build/zephyr/sapphire/modules/ec/common/version.c.obj
[tentacruel:rw] [191/393] Building C object modules/ec/zephyr/CMakeFiles/ec_shim.dir/shim/src/cbi/cros_cbi_fw_config.c.obj
[sapphire:rw] [109/360] Linking C static library app/libapp.a
[tentacruel:ro] [86/393] Building C object zephyr/arch/arch/riscv/core/CMakeFiles/arch__riscv__core.dir/thread.c.obj
[sapphire:ro] [254/360] Building C object CMakeFiles/app.dir/mnt/host/source/src/platform/ec/build/zephyr/sapphire/modules/ec/driver/accelgyro_bmi_common.c.obj
[/mnt/host/source/src/platform/ec/build/zephyr/quandiso-lcov]   /mnt/host/source/src/platform/ec/build/zephyr/quandiso/build-ro/CMakeFiles/app.dir/mnt/host/source/src/platform/ec/build/zephyr/quandiso/modules/ec/common/cbi_config.c.gcno:no functions found
[/mnt/host/source/src/platform/ec/build/zephyr/quandiso-lcov] stderr:
[sapphire:rw] [110/360] Building C object zephyr/CMakeFiles/zephyr.dir/lib/heap/heap.c.obj
[sapphire:rw] [111/360] Building C object zephyr/CMakeFiles/zephyr.dir/lib/os/cbprintf_packaged.c.obj
[tentacruel:rw] [192/393] Building C object modules/ec/zephyr/CMakeFiles/ec_shim.dir/shim/src/cbi/cbi_eeprom.c.obj
[tentacruel:ro] [87/393] Building ASM object zephyr/arch/arch/riscv/core/CMakeFiles/arch__riscv__core.dir/isr.S.obj
[/mnt/host/source/src/platform/ec/build/zephyr/npcx7-lcov]   /mnt/host/source/src/platform/ec/build/zephyr/npcx7/build-rw/modules/ec/zephyr/CMakeFiles/ec_shim.dir/shim/src/keyscan.c.gcno:no functions found
[/mnt/host/source/src/platform/ec/build/zephyr/npcx7-lcov] stderr:
[tentacruel:ro] [88/393] Generating ../../../include/generated/libc/minimal/strerror_table.h
[tentacruel:rw] [193/393] Building C object modules/ec/zephyr/CMakeFiles/ec_shim.dir/shim/src/led_driver/led.c.obj
[sapphire:ro] [255/360] Building C object CMakeFiles/app.dir/mnt/host/source/src/platform/ec/build/zephyr/sapphire/modules/ec/driver/accelgyro_lsm6dsm.c.obj
[tentacruel:ro] [89/393] Building C object zephyr/lib/libc/minimal/CMakeFiles/lib__libc__minimal.dir/source/stdlib/atoi.c.obj
[tentacruel:ro] [90/393] Building C object zephyr/arch/arch/riscv/core/CMakeFiles/arch__riscv__core.dir/stacktrace.c.obj
[tentacruel:rw] [194/393] Building C object modules/ec/zephyr/CMakeFiles/ec_shim.dir/shim/src/led_driver/led_pwm.c.obj
[tentacruel:ro] [91/393] Linking C static library zephyr/arch/arch/riscv/core/libarch__riscv__core.a
[sapphire:ro] [256/360] Building C object CMakeFiles/app.dir/mnt/host/source/src/platform/ec/build/zephyr/sapphire/modules/ec/driver/accelgyro_bmi3xx.c.obj
[sapphire:rw] [112/360] Building C object zephyr/CMakeFiles/zephyr.dir/lib/os/clock.c.obj
[tentacruel:ro] [92/393] Building C object zephyr/lib/libc/minimal/CMakeFiles/lib__libc__minimal.dir/source/stdlib/strtol.c.obj
[sapphire:ro] [257/360] Building C object CMakeFiles/app.dir/mnt/host/source/src/platform/ec/build/zephyr/sapphire/modules/ec/common/adc.c.obj
[/mnt/host/source/src/platform/ec/build/zephyr/quandiso-lcov]   /mnt/host/source/src/platform/ec/build/zephyr/quandiso/build-ro/zephyr/arch/arch/riscv/core/CMakeFiles/arch__riscv__core.dir/cpu_idle.c.gcno:no functions found
[/mnt/host/source/src/platform/ec/build/zephyr/quandiso-lcov] stderr:
[sapphire:ro] [258/360] Building C object CMakeFiles/app.dir/mnt/host/source/src/platform/ec/build/zephyr/sapphire/modules/ec/common/motion_sense_fifo.c.obj
[tentacruel:ro] [93/393] Building C object zephyr/lib/libc/minimal/CMakeFiles/lib__libc__minimal.dir/source/stdlib/strtoul.c.obj
[tentacruel:ro] [94/393] Building C object zephyr/lib/libc/minimal/CMakeFiles/lib__libc__minimal.dir/source/stdlib/strtoll.c.obj
[sapphire:rw] [113/360] Building C object zephyr/CMakeFiles/zephyr.dir/lib/os/printk.c.obj
[sapphire:rw] [114/360] Building C object zephyr/CMakeFiles/zephyr.dir/lib/os/sem.c.obj
[tentacruel:ro] [95/393] Building C object zephyr/lib/libc/minimal/CMakeFiles/lib__libc__minimal.dir/source/stdlib/strtoull.c.obj
[tentacruel:ro] [96/393] Building C object zephyr/lib/libc/minimal/CMakeFiles/lib__libc__minimal.dir/source/stdlib/bsearch.c.obj
[tentacruel:rw] [195/393] Building C object modules/ec/zephyr/CMakeFiles/ec_shim.dir/shim/src/system.c.obj
[sapphire:ro] [259/360] Building C object CMakeFiles/app.dir/mnt/host/source/src/platform/ec/build/zephyr/sapphire/modules/ec/driver/als_tcs3400.c.obj
[sapphire:ro] [260/360] Building C object CMakeFiles/app.dir/mnt/host/source/src/platform/ec/build/zephyr/sapphire/modules/ec/common/base_state.c.obj
[tentacruel:rw] [196/393] Building C object modules/ec/zephyr/CMakeFiles/ec_shim.dir/shim/src/adc.c.obj
[tentacruel:ro] [97/393] Building C object zephyr/lib/libc/minimal/CMakeFiles/lib__libc__minimal.dir/source/stdlib/qsort.c.obj
[tentacruel:rw] [197/393] Building C object modules/ec/zephyr/CMakeFiles/ec_shim.dir/shim/src/battery.c.obj
[sapphire:rw] [115/360] Building C object zephyr/CMakeFiles/zephyr.dir/lib/os/thread_entry.c.obj
[sapphire:rw] [116/360] Building C object zephyr/CMakeFiles/zephyr.dir/lib/os/cbprintf.c.obj
[sapphire:rw] [117/360] Building C object zephyr/CMakeFiles/zephyr.dir/lib/os/cbprintf_nano.c.obj
[tentacruel:ro] [98/393] Building C object zephyr/lib/libc/minimal/CMakeFiles/lib__libc__minimal.dir/source/stdlib/exit.c.obj
[tentacruel:ro] [99/393] Building C object zephyr/lib/libc/minimal/CMakeFiles/lib__libc__minimal.dir/source/string/strerror.c.obj
[sapphire:ro] [261/360] Building C object CMakeFiles/app.dir/mnt/host/source/src/platform/ec/build/zephyr/sapphire/modules/ec/common/battery_info.c.obj
[sapphire:ro] [262/360] Building C object CMakeFiles/app.dir/mnt/host/source/src/platform/ec/build/zephyr/sapphire/modules/ec/common/battery_fuel_gauge.c.obj
[sapphire:ro] [263/360] Building C object CMakeFiles/app.dir/mnt/host/source/src/platform/ec/build/zephyr/sapphire/modules/ec/common/battery.c.obj
[sapphire:rw] [118/360] Building C object zephyr/CMakeFiles/zephyr.dir/lib/utils/base64.c.obj
[tentacruel:ro] [100/393] Building C object zephyr/lib/libc/minimal/CMakeFiles/lib__libc__minimal.dir/source/string/strncasecmp.c.obj
[tentacruel:ro] [101/393] Building C object zephyr/lib/libc/minimal/CMakeFiles/lib__libc__minimal.dir/source/string/strstr.c.obj
[sapphire:rw] [119/360] Building C object zephyr/CMakeFiles/zephyr.dir/lib/utils/dec.c.obj
[/mnt/host/source/src/platform/ec/build/zephyr/quandiso-lcov]   /mnt/host/source/src/platform/ec/build/zephyr/quandiso/build-ro/zephyr/arch/common/CMakeFiles/isr_tables.dir/isr_tables.c.gcno:no functions found
[/mnt/host/source/src/platform/ec/build/zephyr/quandiso-lcov] stderr:
[tentacruel:rw] [198/393] Building C object modules/ec/zephyr/CMakeFiles/ec_shim.dir/shim/src/bc12_rt9490.c.obj
[tentacruel:ro] [102/393] Building C object zephyr/lib/libc/minimal/CMakeFiles/lib__libc__minimal.dir/source/string/string.c.obj
[tentacruel:ro] [103/393] Building C object zephyr/lib/libc/minimal/CMakeFiles/lib__libc__minimal.dir/source/string/strspn.c.obj
[sapphire:rw] [120/360] Building C object zephyr/CMakeFiles/zephyr.dir/lib/utils/hex.c.obj
[sapphire:rw] [121/360] Building C object zephyr/CMakeFiles/zephyr.dir/lib/os/assert.c.obj
[sapphire:ro] [264/360] Building C object CMakeFiles/app.dir/mnt/host/source/src/platform/ec/build/zephyr/sapphire/modules/ec/driver/battery/smart.c.obj
[tentacruel:rw] [199/393] Building C object modules/ec/zephyr/CMakeFiles/ec_shim.dir/shim/src/charger.c.obj
[tentacruel:rw] [200/393] Building C object modules/ec/zephyr/CMakeFiles/ec_shim.dir/shim/src/chg_rt9490.c.obj
[sapphire:ro] [265/360] Building C object CMakeFiles/app.dir/mnt/host/source/src/platform/ec/build/zephyr/sapphire/modules/ec/driver/charger/bq25710.c.obj
[sapphire:rw] [122/360] Building C object zephyr/CMakeFiles/zephyr.dir/lib/utils/timeutil.c.obj
[/mnt/host/source/src/platform/ec/build/zephyr/npcx7-lcov]   /mnt/host/source/src/platform/ec/build/zephyr/npcx7/build-rw/CMakeFiles/app.dir/mnt/host/source/src/platform/ec/build/zephyr/npcx7/modules/ec/common/cbi_config.c.gcno:no functions found
[/mnt/host/source/src/platform/ec/build/zephyr/npcx7-lcov] stderr:
[tentacruel:ro] [104/393] Building C object zephyr/lib/libc/minimal/CMakeFiles/lib__libc__minimal.dir/source/stdout/sprintf.c.obj
[tentacruel:ro] [105/393] Building C object zephyr/lib/libc/minimal/CMakeFiles/lib__libc__minimal.dir/source/stdout/stdout_console.c.obj
[sapphire:rw] [123/360] Building C object zephyr/CMakeFiles/zephyr.dir/lib/utils/rb.c.obj
[sapphire:rw] [124/360] Building C object zephyr/CMakeFiles/zephyr.dir/lib/utils/bitmask.c.obj
[tentacruel:rw] [201/393] Building C object modules/ec/zephyr/CMakeFiles/ec_shim.dir/shim/src/flash.c.obj
[tentacruel:ro] [106/393] Building C object zephyr/lib/libc/minimal/CMakeFiles/lib__libc__minimal.dir/source/math/sqrtf.c.obj
[sapphire:ro] [266/360] Building C object CMakeFiles/app.dir/mnt/host/source/src/platform/ec/build/zephyr/sapphire/modules/ec/common/charger.c.obj
[sapphire:rw] [125/360] Building C object zephyr/CMakeFiles/zephyr.dir/lib/utils/bitarray.c.obj
[tentacruel:rw] [202/393] Building C object modules/ec/zephyr/CMakeFiles/ec_shim.dir/shim/src/host_command.c.obj
[sapphire:ro] [267/360] Building C object CMakeFiles/app.dir/mnt/host/source/src/platform/ec/build/zephyr/sapphire/modules/ec/common/cbi_common.c.obj
[sapphire:ro] [268/360] Building C object CMakeFiles/app.dir/mnt/host/source/src/platform/ec/build/zephyr/sapphire/modules/ec/common/charge_state.c.obj
[tentacruel:rw] [203/393] Building C object modules/ec/zephyr/CMakeFiles/ec_shim.dir/shim/src/hooks.c.obj
[sapphire:ro] [269/360] Building C object CMakeFiles/app.dir/mnt/host/source/src/platform/ec/build/zephyr/sapphire/modules/ec/common/charge_manager.c.obj
[tentacruel:ro] [107/393] Building C object zephyr/lib/libc/minimal/CMakeFiles/lib__libc__minimal.dir/source/math/sqrt.c.obj
[sapphire:ro] [270/360] Building C object CMakeFiles/app.dir/mnt/host/source/src/platform/ec/build/zephyr/sapphire/modules/ec/driver/nfc/ctn730.c.obj
[tentacruel:ro] [108/393] Building C object zephyr/lib/libc/minimal/CMakeFiles/lib__libc__minimal.dir/source/stdout/fprintf.c.obj
[sapphire:rw] [126/360] Building C object zephyr/CMakeFiles/zephyr.dir/lib/utils/ring_buffer.c.obj
[sapphire:rw] [127/360] Building C object zephyr/CMakeFiles/zephyr.dir/lib/utils/getopt/getopt_common.c.obj
[sapphire:rw] [128/360] Building C object zephyr/CMakeFiles/zephyr.dir/lib/utils/getopt/getopt.c.obj
[/mnt/host/source/src/platform/ec/build/zephyr/wyrdeer-lcov]   /mnt/host/source/src/platform/ec/build/zephyr/wyrdeer/build-ro/zephyr/CMakeFiles/zephyr.dir/soc/ite/ec/it8xxx2/check_regs.c.gcno:no functions found
[/mnt/host/source/src/platform/ec/build/zephyr/wyrdeer-lcov] stderr:
[sapphire:rw] [129/360] Building C object zephyr/CMakeFiles/zephyr.dir/lib/utils/last_section_id.c.obj
[/mnt/host/source/src/platform/ec/build/zephyr/npcx7-lcov]   /mnt/host/source/src/platform/ec/build/zephyr/npcx7/build-rw/zephyr/arch/common/CMakeFiles/isr_tables.dir/isr_tables.c.gcno:no functions found
[/mnt/host/source/src/platform/ec/build/zephyr/npcx7-lcov] stderr:
[tentacruel:rw] [204/393] Building C object modules/ec/zephyr/CMakeFiles/ec_shim.dir/shim/src/console_buffer.c.obj
[sapphire:rw] [130/360] Building ASM object zephyr/CMakeFiles/zephyr.dir/soc/ite/ec/common/soc_irq.S.obj
[sapphire:rw] [131/360] Building C object zephyr/CMakeFiles/zephyr.dir/misc/generated/configs.c.obj
[tentacruel:ro] [109/393] Building C object zephyr/lib/libc/minimal/CMakeFiles/lib__libc__minimal.dir/source/time/gmtime.c.obj
[tentacruel:rw] [205/393] Building C object modules/ec/zephyr/CMakeFiles/ec_shim.dir/shim/src/keyboard_raw.c.obj
[tentacruel:rw] [206/393] Building C object modules/ec/zephyr/CMakeFiles/ec_shim.dir/shim/src/keyscan.c.obj
[sapphire:ro] [271/360] Building C object CMakeFiles/app.dir/mnt/host/source/src/platform/ec/build/zephyr/sapphire/modules/ec/common/cbi_config.c.obj
[tentacruel:ro] [110/393] Building C object zephyr/lib/libc/common/CMakeFiles/lib__libc__common.dir/source/stdlib/abort.c.obj
[tentacruel:ro] [111/393] Linking C static library zephyr/lib/libc/minimal/liblib__libc__minimal.a
[sapphire:ro] [272/360] Building C object CMakeFiles/app.dir/mnt/host/source/src/platform/ec/build/zephyr/sapphire/modules/ec/common/cbi.c.obj
[/mnt/host/source/src/platform/ec/build/zephyr/wyrdeer-lcov]   /mnt/host/source/src/platform/ec/build/zephyr/wyrdeer/build-rw/modules/ec/zephyr/CMakeFiles/ec_shim.dir/shim/src/power.c.gcno:no functions found
[/mnt/host/source/src/platform/ec/build/zephyr/wyrdeer-lcov] stderr:
[sapphire:ro] [273/360] Building C object CMakeFiles/app.dir/mnt/host/source/src/platform/ec/build/zephyr/sapphire/modules/ec/common/memory_commands.c.obj
[sapphire:ro] [274/360] Building C object CMakeFiles/app.dir/mnt/host/source/src/platform/ec/build/zephyr/sapphire/modules/ec/common/chipset.c.obj
[sapphire:rw] [132/360] Building C object zephyr/CMakeFiles/zephyr.dir/soc/ite/ec/common/soc_common_irq.c.obj
[/mnt/host/source/src/platform/ec/build/zephyr/wyrdeer-lcov]   /mnt/host/source/src/platform/ec/build/zephyr/wyrdeer/build-rw/modules/ec/zephyr/CMakeFiles/ec_shim.dir/shim/src/thermal.c.gcno:no functions found
[/mnt/host/source/src/platform/ec/build/zephyr/wyrdeer-lcov] stderr:
[tentacruel:ro] [112/393] Building C object zephyr/lib/libc/common/CMakeFiles/lib__libc__common.dir/source/time/gmtime_r.c.obj
[tentacruel:ro] [113/393] Building C object zephyr/lib/libc/common/CMakeFiles/lib__libc__common.dir/source/time/asctime.c.obj
[sapphire:ro] [275/360] Building C object CMakeFiles/app.dir/mnt/host/source/src/platform/ec/build/zephyr/sapphire/modules/ec/common/ap_reset_log.c.obj
[tentacruel:ro] [114/393] Building C object zephyr/lib/libc/common/CMakeFiles/lib__libc__common.dir/source/time/localtime_r_utc.c.obj
[tentacruel:rw] [207/393] Building C object modules/ec/zephyr/CMakeFiles/ec_shim.dir/shim/src/mkbp_event.c.obj
[/mnt/host/source/src/platform/ec/build/zephyr/wyrdeer-lcov]   /mnt/host/source/src/platform/ec/build/zephyr/wyrdeer/build-rw/modules/ec/zephyr/CMakeFiles/ec_shim.dir/shim/src/battery.c.gcno:no functions found
[/mnt/host/source/src/platform/ec/build/zephyr/wyrdeer-lcov] stderr:
[sapphire:rw] [133/360] Building C object zephyr/CMakeFiles/zephyr.dir/soc/ite/ec/common/policy.c.obj
[tentacruel:ro] [115/393] Building C object zephyr/lib/libc/common/CMakeFiles/lib__libc__common.dir/source/time/ctime.c.obj
[/mnt/host/source/src/platform/ec/build/zephyr/wyrdeer-lcov]   /mnt/host/source/src/platform/ec/build/zephyr/wyrdeer/build-rw/modules/ec/zephyr/CMakeFiles/ec_shim.dir/shim/src/charger.c.gcno:no functions found
[/mnt/host/source/src/platform/ec/build/zephyr/wyrdeer-lcov] stderr:
[tentacruel:ro] [116/393] Building C object zephyr/lib/libc/common/CMakeFiles/lib__libc__common.dir/source/time/time.c.obj
[tentacruel:rw] [208/393] Building C object modules/ec/zephyr/CMakeFiles/ec_shim.dir/shim/src/panic.c.obj
[/mnt/host/source/src/platform/ec/build/zephyr/wyrdeer-lcov]   /mnt/host/source/src/platform/ec/build/zephyr/wyrdeer/build-rw/modules/ec/zephyr/CMakeFiles/ec_shim.dir/shim/src/usb_muxes.c.gcno:no functions found
[/mnt/host/source/src/platform/ec/build/zephyr/wyrdeer-lcov] stderr:
[sapphire:rw] [134/360] Building C object zephyr/CMakeFiles/zephyr.dir/soc/ite/ec/common/power.c.obj
[tentacruel:ro] [117/393] Building C object zephyr/lib/libc/common/CMakeFiles/lib__libc__common.dir/source/string/strnlen.c.obj
[tentacruel:rw] [209/393] Building C object modules/ec/zephyr/CMakeFiles/ec_shim.dir/shim/src/motionsense_sensors.c.obj
[sapphire:ro] [276/360] Building C object CMakeFiles/app.dir/mnt/host/source/src/platform/ec/build/zephyr/sapphire/modules/ec/common/extpower_common.c.obj
[sapphire:ro] [277/360] Building C object CMakeFiles/app.dir/mnt/host/source/src/platform/ec/build/zephyr/sapphire/modules/ec/common/extpower_gpio.c.obj
[sapphire:rw] [135/360] Building C object zephyr/CMakeFiles/zephyr.dir/soc/ite/ec/it8xxx2/soc.c.obj
[tentacruel:ro] [118/393] Building C object zephyr/lib/posix/c_lib_ext/CMakeFiles/lib__posix__c_lib_ext.dir/fnmatch.c.obj
[sapphire:rw] [136/360] Building ASM object zephyr/CMakeFiles/zephyr.dir/soc/ite/ec/it8xxx2/vector.S.obj
[sapphire:ro] [278/360] Building C object CMakeFiles/app.dir/mnt/host/source/src/platform/ec/build/zephyr/sapphire/modules/ec/common/host_command.c.obj
[sapphire:rw] [137/360] Building C object zephyr/CMakeFiles/zephyr.dir/soc/ite/ec/it8xxx2/check_regs.c.obj
[sapphire:ro] [279/360] Building C object CMakeFiles/app.dir/mnt/host/source/src/platform/ec/build/zephyr/sapphire/modules/ec/common/flash.c.obj
[tentacruel:ro] [119/393] Building C object zephyr/lib/libc/common/CMakeFiles/lib__libc__common.dir/source/stdlib/malloc.c.obj
[sapphire:ro] [280/360] Building C object CMakeFiles/app.dir/mnt/host/source/src/platform/ec/build/zephyr/sapphire/modules/ec/common/host_event_commands.c.obj
[tentacruel:rw] [210/393] Building C object modules/ec/zephyr/CMakeFiles/ec_shim.dir/shim/src/power.c.obj
[tentacruel:ro] [120/393] Linking C static library zephyr/lib/libc/common/liblib__libc__common.a
[sapphire:ro] [281/360] Building C object CMakeFiles/app.dir/mnt/host/source/src/platform/ec/build/zephyr/sapphire/modules/ec/common/uart_hostcmd.c.obj
[tentacruel:rw] [211/393] Building C object modules/ec/zephyr/CMakeFiles/ec_shim.dir/shim/src/temp_sensors.c.obj
[tentacruel:ro] [121/393] Building C object zephyr/lib/posix/c_lib_ext/CMakeFiles/lib__posix__c_lib_ext.dir/getentropy.c.obj
[sapphire:rw] [138/360] Building C object zephyr/CMakeFiles/zephyr.dir/soc/ite/ec/it8xxx2/ilm.c.obj
[tentacruel:rw] [212/393] Building C object modules/ec/zephyr/CMakeFiles/ec_shim.dir/shim/src/thermal.c.obj
[sapphire:rw] [139/360] Building C object zephyr/CMakeFiles/zephyr.dir/subsys/logging/log_minimal.c.obj
[sapphire:ro] [282/360] Building C object CMakeFiles/app.dir/mnt/host/source/src/platform/ec/build/zephyr/sapphire/modules/ec/common/uptime.c.obj
[tentacruel:ro] [122/393] Building C object zephyr/subsys/crc/CMakeFiles/subsys__crc.dir/crc4_sw.c.obj
[sapphire:rw] [140/360] Building C object zephyr/CMakeFiles/zephyr.dir/subsys/pm/pm.c.obj
[tentacruel:ro] [123/393] Building C object zephyr/subsys/crc/CMakeFiles/subsys__crc.dir/crc8_sw.c.obj
[/mnt/host/source/src/platform/ec/build/zephyr/quandiso-lcov]   /mnt/host/source/src/platform/ec/build/zephyr/quandiso/build-ro/zephyr/CMakeFiles/zephyr.dir/subsys/shell/modules/kernel_service/kernel_shell.c.gcno:no functions found
[/mnt/host/source/src/platform/ec/build/zephyr/quandiso-lcov] stderr:
[tentacruel:ro] [124/393] Building C object zephyr/lib/posix/c_lib_ext/CMakeFiles/lib__posix__c_lib_ext.dir/getopt_shim.c.obj
[sapphire:ro] [283/360] Building C object CMakeFiles/app.dir/mnt/host/source/src/platform/ec/build/zephyr/sapphire/modules/ec/common/i2c_controller.c.obj
[tentacruel:ro] [125/393] Building C object zephyr/subsys/crc/CMakeFiles/subsys__crc.dir/crc16_sw.c.obj
[tentacruel:ro] [126/393] Linking C static library zephyr/lib/posix/c_lib_ext/liblib__posix__c_lib_ext.a
[tentacruel:rw] [213/393] Building C object modules/ec/zephyr/CMakeFiles/ec_shim.dir/shim/src/hwtimer.c.obj
[sapphire:ro] [284/360] Building C object CMakeFiles/app.dir/mnt/host/source/src/platform/ec/build/zephyr/sapphire/modules/ec/common/i2c_passthru.c.obj
[sapphire:ro] [285/360] Building C object CMakeFiles/app.dir/mnt/host/source/src/platform/ec/build/zephyr/sapphire/modules/ec/common/virtual_battery.c.obj
[/mnt/host/source/src/platform/ec/build/zephyr/quandiso-lcov]   /mnt/host/source/src/platform/ec/build/zephyr/quandiso/build-ro/zephyr/CMakeFiles/zephyr.dir/lib/libc/validate_libc.c.gcno:no functions found
[/mnt/host/source/src/platform/ec/build/zephyr/quandiso-lcov] stderr:
[tentacruel:ro] [127/393] Building C object zephyr/subsys/crc/CMakeFiles/subsys__crc.dir/crc24_sw.c.obj
[tentacruel:ro] [128/393] Building C object zephyr/subsys/crc/CMakeFiles/subsys__crc.dir/crc7_sw.c.obj
[sapphire:rw] [141/360] Building C object zephyr/CMakeFiles/zephyr.dir/subsys/pm/state.c.obj
[tentacruel:ro] [129/393] Building C object zephyr/subsys/crc/CMakeFiles/subsys__crc.dir/crc32c_sw.c.obj
[tentacruel:rw] [214/393] Building C object modules/ec/zephyr/CMakeFiles/ec_shim.dir/shim/src/i2c.c.obj
[tentacruel:ro] [130/393] Building C object zephyr/subsys/crc/CMakeFiles/subsys__crc.dir/crc32_sw.c.obj
[sapphire:rw] [142/360] Building C object zephyr/CMakeFiles/zephyr.dir/subsys/pm/policy/policy_events.c.obj
[sapphire:ro] [286/360] Building C object CMakeFiles/app.dir/mnt/host/source/src/platform/ec/build/zephyr/sapphire/modules/ec/common/mkbp_fifo.c.obj
[tentacruel:rw] [215/393] Building C object modules/ec/zephyr/CMakeFiles/ec_shim.dir/shim/src/tasks.c.obj
[sapphire:rw] [143/360] Building C object zephyr/CMakeFiles/zephyr.dir/subsys/pm/policy/policy_latency.c.obj
[tentacruel:ro] [131/393] Building C object zephyr/subsys/crc/CMakeFiles/subsys__crc.dir/crc32k_4_2_sw.c.obj
[tentacruel:ro] [132/393] Linking C static library zephyr/subsys/crc/libsubsys__crc.a
[sapphire:ro] [287/360] Building C object CMakeFiles/app.dir/mnt/host/source/src/platform/ec/build/zephyr/sapphire/modules/ec/common/keyboard_scan.c.obj
[sapphire:ro] [288/360] Building C object CMakeFiles/app.dir/mnt/host/source/src/platform/ec/build/zephyr/sapphire/modules/ec/common/mkbp_info.c.obj
[sapphire:ro] [289/360] Building C object CMakeFiles/app.dir/mnt/host/source/src/platform/ec/build/zephyr/sapphire/modules/ec/common/keyboard_mkbp.c.obj
[tentacruel:rw] [216/393] Building C object modules/ec/zephyr/CMakeFiles/ec_shim.dir/shim/src/watchdog.c.obj
[sapphire:rw] [144/360] Building C object zephyr/CMakeFiles/zephyr.dir/subsys/pm/policy/policy_state_lock.c.obj
[sapphire:ro] [290/360] Building C object CMakeFiles/app.dir/mnt/host/source/src/platform/ec/build/zephyr/sapphire/modules/ec/common/mkbp_input_devices.c.obj
[tentacruel:ro] [133/393] Building C object zephyr/drivers/interrupt_controller/CMakeFiles/drivers__interrupt_controller.dir/intc_ite_it8xxx2.c.obj
[sapphire:rw] [145/360] Building C object zephyr/CMakeFiles/zephyr.dir/subsys/pm/device.c.obj
[tentacruel:rw] [217/393] Building C object modules/ec/zephyr/CMakeFiles/ec_shim.dir/shim/src/bc12.c.obj
[sapphire:rw] [146/360] Building C object zephyr/CMakeFiles/zephyr.dir/subsys/pm/device_system_managed.c.obj
[/mnt/host/source/src/platform/ec/build/zephyr/quandiso-lcov]   /mnt/host/source/src/platform/ec/build/zephyr/quandiso/build-ro/zephyr/CMakeFiles/zephyr.dir/lib/utils/last_section_id.c.gcno:no functions found
[/mnt/host/source/src/platform/ec/build/zephyr/quandiso-lcov] stderr:
[sapphire:ro] [291/360] Building C object CMakeFiles/app.dir/mnt/host/source/src/platform/ec/build/zephyr/sapphire/modules/ec/common/led_common.c.obj
[tentacruel:ro] [134/393] Building C object zephyr/drivers/interrupt_controller/CMakeFiles/drivers__interrupt_controller.dir/wuc_ite_it8xxx2.c.obj
[tentacruel:rw] [218/393] Building C object modules/ec/zephyr/CMakeFiles/ec_shim.dir/shim/src/bc12_pi3usb9201.c.obj
[tentacruel:ro] [135/393] Linking C static library zephyr/drivers/interrupt_controller/libdrivers__interrupt_controller.a
[sapphire:ro] [292/360] Building C object CMakeFiles/app.dir/mnt/host/source/src/platform/ec/build/zephyr/sapphire/modules/ec/common/lid_switch.c.obj
[sapphire:rw] [147/360] Building C object zephyr/CMakeFiles/zephyr.dir/subsys/testsuite/coverage/coverage.c.obj
[sapphire:rw] [148/360] Building C object zephyr/CMakeFiles/zephyr.dir/subsys/tracing/tracing_none.c.obj
[tentacruel:rw] [219/393] Building C object modules/ec/zephyr/CMakeFiles/ec_shim.dir/shim/src/ppc.c.obj
[tentacruel:ro] [136/393] Building C object zephyr/drivers/adc/CMakeFiles/drivers__adc.dir/adc_common.c.obj
[sapphire:ro] [293/360] Building C object CMakeFiles/app.dir/mnt/host/source/src/platform/ec/build/zephyr/sapphire/modules/ec/common/mkbp_event.c.obj
[tentacruel:rw] [220/393] cd /mnt/host/source/src/platform/ec/build/zephyr/tentacruel/build-rw/modules/ec/zephyr && PYTHONPATH=/mnt/host/source/src/platform/ec/build/zephyr/tentacruel/modules/ec/zephyr/zmake/ /usr/bin/python3.11 /mnt/host/source/src/platform/ec/build/zephyr/tentacruel/modules/ec/zephyr/zmake/zephyr_build_tools/generate_ec_version.py /mnt/host/source/src/platform/ec/build/zephyr/tentacruel/build-rw/modules/ec/zephyr/include/ec_version.h --name Zephyr-Kernel --version 16543.0.0 --static
[tentacruel:rw] INFO:root:Using a static version string
[sapphire:rw] [149/360] Building C object zephyr/CMakeFiles/zephyr.dir/subsys/shell/modules/kernel_service/kernel_shell.c.obj
[/mnt/host/source/src/platform/ec/build/zephyr/npcx7-lcov]   /mnt/host/source/src/platform/ec/build/zephyr/npcx7/build-rw/zephyr/CMakeFiles/zephyr.dir/subsys/shell/modules/kernel_service/kernel_shell.c.gcno:no functions found
[/mnt/host/source/src/platform/ec/build/zephyr/npcx7-lcov] stderr:
[sapphire:ro] [294/360] Building C object CMakeFiles/app.dir/mnt/host/source/src/platform/ec/build/zephyr/sapphire/modules/ec/common/motion_sense.c.obj
[sapphire:ro] [295/360] Building C object CMakeFiles/app.dir/mnt/host/source/src/platform/ec/build/zephyr/sapphire/modules/ec/common/peripheral_charger.c.obj
[tentacruel:rw] INFO:root:Version string: Zephyr-Kernel-16543.0.0
[tentacruel:rw] INFO:root:Writing header to /mnt/host/source/src/platform/ec/build/zephyr/tentacruel/build-rw/modules/ec/zephyr/include/ec_version.h
[tentacruel:rw] [221/393] Building C object modules/ec/zephyr/CMakeFiles/ec_shim.dir/shim/src/usba.c.obj
[sapphire:ro] [296/360] Building C object CMakeFiles/app.dir/mnt/host/source/src/platform/ec/build/zephyr/sapphire/modules/ec/common/power_button.c.obj
[tentacruel:rw] [222/393] Building C object modules/ec/zephyr/CMakeFiles/ec_shim.dir/shim/src/usb_muxes.c.obj
[/mnt/host/source/src/platform/ec/build/zephyr/npcx7-lcov]   /mnt/host/source/src/platform/ec/build/zephyr/npcx7/build-rw/zephyr/CMakeFiles/zephyr.dir/lib/libc/validate_libc.c.gcno:no functions found
[/mnt/host/source/src/platform/ec/build/zephyr/npcx7-lcov] stderr:
[tentacruel:ro] [137/393] Building C object zephyr/drivers/adc/CMakeFiles/drivers__adc.dir/adc_ite_it8xxx2.c.obj
[sapphire:rw] [150/360] Building C object zephyr/CMakeFiles/zephyr.dir/subsys/shell/modules/kernel_service/cycles.c.obj
[tentacruel:ro] [138/393] Linking C static library zephyr/drivers/adc/libdrivers__adc.a
[tentacruel:ro] [139/393] Building C object zephyr/drivers/bbram/CMakeFiles/drivers__bbram.dir/bbram_it8xxx2.c.obj
[tentacruel:rw] [223/393] Building C object CMakeFiles/app.dir/mnt/host/source/src/platform/ec/zephyr/subsys/ap_pwrseq/ap_events.c.obj
[sapphire:rw] [151/360] Building C object zephyr/CMakeFiles/zephyr.dir/subsys/shell/modules/kernel_service/sleep.c.obj
[tentacruel:ro] [140/393] Linking C static library zephyr/drivers/bbram/libdrivers__bbram.a
[sapphire:ro] [297/360] Building C object CMakeFiles/app.dir/mnt/host/source/src/platform/ec/build/zephyr/sapphire/modules/ec/power/common.c.obj
[sapphire:ro] [298/360] Building C object CMakeFiles/app.dir/mnt/host/source/src/platform/ec/build/zephyr/sapphire/modules/ec/power/host_sleep.c.obj
[sapphire:rw] [152/360] Building C object zephyr/CMakeFiles/zephyr.dir/subsys/shell/modules/kernel_service/uptime.c.obj
[tentacruel:rw] [224/393] Building C object CMakeFiles/app.dir/mnt/host/source/src/platform/ec/build/zephyr/tentacruel/modules/ec/builtin/stdlib.c.obj
[tentacruel:rw] [225/393] Building C object CMakeFiles/app.dir/mnt/host/source/src/platform/ec/build/zephyr/tentacruel/modules/ec/common/base32.c.obj
[sapphire:ro] [299/360] Building C object CMakeFiles/app.dir/mnt/host/source/src/platform/ec/build/zephyr/sapphire/modules/ec/common/shared_mem.c.obj
[sapphire:ro] [300/360] Building C object CMakeFiles/app.dir/mnt/host/source/src/platform/ec/build/zephyr/sapphire/modules/ec/common/panic_output.c.obj
[sapphire:rw] [153/360] Building C object zephyr/CMakeFiles/zephyr.dir/subsys/shell/modules/kernel_service/version.c.obj
[tentacruel:ro] [141/393] Building C object zephyr/drivers/console/CMakeFiles/drivers__console.dir/uart_console.c.obj
[sapphire:ro] [301/360] Building C object CMakeFiles/app.dir/mnt/host/source/src/platform/ec/build/zephyr/sapphire/modules/ec/power/mt8186.c.obj
[tentacruel:ro] [142/393] Linking C static library zephyr/drivers/console/libdrivers__console.a
[tentacruel:ro] [143/393] Building C object zephyr/drivers/eeprom/CMakeFiles/drivers__eeprom.dir/eeprom_shell.c.obj
[/mnt/host/source/src/platform/ec/build/zephyr/wyrdeer-lcov]   /mnt/host/source/src/platform/ec/build/zephyr/wyrdeer/build-rw/modules/ec/zephyr/CMakeFiles/ec_shim.dir/shim/src/chg_rt9490.c.gcno:no functions found
[/mnt/host/source/src/platform/ec/build/zephyr/wyrdeer-lcov] stderr:
[tentacruel:rw] [226/393] Building C object CMakeFiles/app.dir/mnt/host/source/src/platform/ec/build/zephyr/tentacruel/modules/ec/common/console_output.c.obj
[sapphire:rw] [154/360] Building C object zephyr/CMakeFiles/zephyr.dir/subsys/shell/modules/kernel_service/thread/thread.c.obj
[sapphire:ro] [302/360] Building C object CMakeFiles/app.dir/mnt/host/source/src/platform/ec/build/zephyr/sapphire/modules/ec/common/switch.c.obj
[sapphire:rw] [155/360] Building C object zephyr/CMakeFiles/zephyr.dir/subsys/shell/modules/kernel_service/thread/list.c.obj
[/mnt/host/source/src/platform/ec/build/zephyr/npcx7-lcov]   /mnt/host/source/src/platform/ec/build/zephyr/npcx7/build-rw/zephyr/CMakeFiles/zephyr.dir/lib/utils/last_section_id.c.gcno:no functions found
[/mnt/host/source/src/platform/ec/build/zephyr/npcx7-lcov] stderr:
[/mnt/host/source/src/platform/ec/build/zephyr/npcx7-lcov]   /mnt/host/source/src/platform/ec/build/zephyr/npcx7/build-rw/zephyr/CMakeFiles/zephyr.dir/soc/nuvoton/npcx/common/npcxn/registers.c.gcno:no functions found
[/mnt/host/source/src/platform/ec/build/zephyr/npcx7-lcov] stderr:
[sapphire:ro] [303/360] Building C object CMakeFiles/app.dir/mnt/host/source/src/platform/ec/build/zephyr/sapphire/modules/ec/driver/stm_mems_common.c.obj
[tentacruel:rw] [227/393] Building C object CMakeFiles/app.dir/mnt/host/source/src/platform/ec/build/zephyr/tentacruel/modules/ec/common/ec_features.c.obj
[sapphire:rw] [156/360] Building C object zephyr/CMakeFiles/zephyr.dir/subsys/shell/modules/kernel_service/thread/stacks.c.obj
[tentacruel:rw] [228/393] Building C object CMakeFiles/app.dir/mnt/host/source/src/platform/ec/build/zephyr/tentacruel/modules/ec/common/gpio_commands.c.obj
[sapphire:ro] [304/360] Building C object CMakeFiles/app.dir/mnt/host/source/src/platform/ec/build/zephyr/sapphire/modules/ec/common/tablet_mode.c.obj
[sapphire:ro] [305/360] Building C object CMakeFiles/app.dir/mnt/host/source/src/platform/ec/build/zephyr/sapphire/modules/ec/common/temp_sensor.c.obj
[tentacruel:ro] [144/393] Building C object zephyr/drivers/eeprom/CMakeFiles/drivers__eeprom.dir/eeprom_at2x.c.obj
[sapphire:rw] [157/360] Building C object zephyr/CMakeFiles/zephyr.dir/subsys/shell/modules/kernel_service/thread/unwind.c.obj
[tentacruel:ro] [145/393] Building C object zephyr/drivers/flash/CMakeFiles/drivers__flash.dir/flash_ite_it8xxx2.c.obj
[tentacruel:ro] [146/393] Linking C static library zephyr/drivers/eeprom/libdrivers__eeprom.a
[sapphire:ro] [306/360] Building C object CMakeFiles/app.dir/mnt/host/source/src/platform/ec/build/zephyr/sapphire/modules/ec/common/thermal.c.obj
[tentacruel:rw] [229/393] Building C object CMakeFiles/app.dir/mnt/host/source/src/platform/ec/build/zephyr/tentacruel/modules/ec/common/peripheral.c.obj
[tentacruel:ro] [147/393] Linking C static library zephyr/drivers/flash/libdrivers__flash.a
[sapphire:rw] [158/360] Building C object zephyr/CMakeFiles/zephyr.dir/subsys/shell/modules/kernel_service/thread/suspend.c.obj
[sapphire:ro] [307/360] Building C object CMakeFiles/app.dir/mnt/host/source/src/platform/ec/build/zephyr/sapphire/modules/ec/driver/temp_sensor/thermistor.c.obj
[sapphire:rw] [159/360] Building C object zephyr/CMakeFiles/zephyr.dir/subsys/shell/modules/kernel_service/thread/resume.c.obj
[sapphire:ro] [308/360] Building C object CMakeFiles/app.dir/mnt/host/source/src/platform/ec/build/zephyr/sapphire/modules/ec/common/timer.c.obj
[tentacruel:rw] [230/393] Building C object CMakeFiles/app.dir/mnt/host/source/src/platform/ec/build/zephyr/tentacruel/modules/ec/common/printf.c.obj
[tentacruel:rw] [231/393] Building C object CMakeFiles/app.dir/mnt/host/source/src/platform/ec/build/zephyr/tentacruel/modules/ec/common/queue.c.obj
[sapphire:ro] [309/360] Building C object CMakeFiles/app.dir/mnt/host/source/src/platform/ec/build/zephyr/sapphire/modules/ec/common/usbc_utils.c.obj
[sapphire:rw] [160/360] Building C object zephyr/CMakeFiles/zephyr.dir/subsys/shell/modules/kernel_service/thread/kill.c.obj
[tentacruel:ro] [148/393] Building C object zephyr/drivers/gpio/CMakeFiles/drivers__gpio.dir/gpio_ite_it8xxx2.c.obj
[tentacruel:ro] [149/393] Building C object zephyr/drivers/gpio/CMakeFiles/drivers__gpio.dir/gpio_kscan_ite_it8xxx2.c.obj
[tentacruel:ro] [150/393] Linking C static library zephyr/drivers/gpio/libdrivers__gpio.a
[sapphire:ro] [310/360] Building C object CMakeFiles/app.dir/mnt/host/source/src/platform/ec/build/zephyr/sapphire/modules/ec/common/chargen.c.obj
[sapphire:ro] [311/360] Building C object CMakeFiles/app.dir/mnt/host/source/src/platform/ec/build/zephyr/sapphire/modules/ec/common/usb_common.c.obj
[tentacruel:rw] [232/393] Building C object CMakeFiles/app.dir/mnt/host/source/src/platform/ec/build/zephyr/tentacruel/modules/ec/common/system.c.obj
[sapphire:rw] [161/360] Building C object zephyr/CMakeFiles/zephyr.dir/subsys/shell/backends/shell_uart.c.obj
[sapphire:ro] [312/360] Building C object CMakeFiles/app.dir/mnt/host/source/src/platform/ec/build/zephyr/sapphire/modules/ec/common/usb_pd_host_cmd_common.c.obj
[tentacruel:rw] [233/393] Building C object CMakeFiles/app.dir/mnt/host/source/src/platform/ec/build/zephyr/tentacruel/modules/ec/common/uart_printf.c.obj
[tentacruel:ro] [151/393] Building C object zephyr/drivers/i2c/CMakeFiles/drivers__i2c.dir/i2c_common.c.obj
[sapphire:rw] [162/360] Building C object zephyr/CMakeFiles/zephyr.dir/subsys/shell/shell_fprintf.c.obj
[tentacruel:rw] [234/393] Building C object CMakeFiles/app.dir/mnt/host/source/src/platform/ec/build/zephyr/tentacruel/modules/ec/common/system_boot_time.c.obj
[sapphire:rw] [163/360] Building C object zephyr/CMakeFiles/zephyr.dir/subsys/shell/shell.c.obj
[sapphire:ro] [313/360] Building C object CMakeFiles/app.dir/mnt/host/source/src/platform/ec/build/zephyr/sapphire/modules/ec/common/vboot_hash.c.obj
[tentacruel:ro] [152/393] Building C object zephyr/drivers/i2c/CMakeFiles/drivers__i2c.dir/i2c_bitbang.c.obj
[sapphire:ro] [314/360] Building C object CMakeFiles/app.dir/mnt/host/source/src/platform/ec/build/zephyr/sapphire/modules/ec/common/button.c.obj
[tentacruel:rw] [235/393] Building C object CMakeFiles/app.dir/mnt/host/source/src/platform/ec/build/zephyr/tentacruel/modules/ec/common/util.c.obj
[sapphire:ro] [315/360] Building C object CMakeFiles/app.dir/mnt/host/source/src/platform/ec/build/zephyr/sapphire/modules/ec/common/vstore.c.obj
[sapphire:ro] [316/360] Building C object CMakeFiles/app.dir/mnt/host/source/src/platform/ec/build/zephyr/sapphire/modules/ec/common/vboot/efs2.c.obj
[sapphire:rw] [164/360] Building C object zephyr/CMakeFiles/zephyr.dir/subsys/shell/shell_utils.c.obj
[sapphire:ro] [317/360] Building C object CMakeFiles/app.dir/mnt/host/source/src/platform/ec/build/zephyr/sapphire/modules/ec/common/math_util.c.obj
[tentacruel:ro] [153/393] Building C object zephyr/drivers/i2c/CMakeFiles/drivers__i2c.dir/i2c_shell.c.obj
[sapphire:rw] [165/360] Building C object zephyr/CMakeFiles/zephyr.dir/subsys/shell/shell_ops.c.obj
[tentacruel:rw] [236/393] Building C object CMakeFiles/app.dir/mnt/host/source/src/platform/ec/build/zephyr/tentacruel/modules/ec/common/version.c.obj
[sapphire:rw] [166/360] Building C object zephyr/CMakeFiles/zephyr.dir/subsys/shell/shell_help.c.obj
[tentacruel:rw] [237/393] Building C object CMakeFiles/app.dir/mnt/host/source/src/platform/ec/build/zephyr/tentacruel/modules/ec/driver/accel_bma4xx.c.obj
[tentacruel:ro] [154/393] Building C object zephyr/drivers/i2c/CMakeFiles/drivers__i2c.dir/i2c_ite_enhance.c.obj
[sapphire:ro] [318/360] Building C object CMakeFiles/app.dir/mnt/host/source/src/platform/ec/build/zephyr/sapphire/modules/ec/zephyr/program/tanjiro/src/hibernate.c.obj
[sapphire:ro] [319/360] Building C object CMakeFiles/app.dir/mnt/host/source/src/platform/ec/build/zephyr/sapphire/modules/ec/zephyr/program/tanjiro/src/dp_alt_mode.c.obj
[sapphire:rw] [167/360] Building C object zephyr/CMakeFiles/zephyr.dir/subsys/shell/shell_history.c.obj
[sapphire:ro] [320/360] Building C object CMakeFiles/app.dir/mnt/host/source/src/platform/ec/build/zephyr/sapphire/modules/ec/zephyr/program/tanjiro/src/i2c.c.obj
[tentacruel:rw] [238/393] Building C object CMakeFiles/app.dir/mnt/host/source/src/platform/ec/build/zephyr/tentacruel/modules/ec/driver/accel_lis2dw12.c.obj
[sapphire:ro] [321/360] Building C object CMakeFiles/app.dir/mnt/host/source/src/platform/ec/build/zephyr/sapphire/modules/ec/zephyr/program/tanjiro/src/hooks.c.obj
[sapphire:rw] [168/360] Building C object zephyr/arch/common/CMakeFiles/arch__common.dir/sw_isr_common.c.obj
[tentacruel:ro] [155/393] Building C object zephyr/drivers/pinctrl/CMakeFiles/drivers__pinctrl.dir/common.c.obj
[sapphire:ro] [322/360] Linking C static library modules/ec/zephyr/libec_shim.a
[tentacruel:ro] [156/393] Building C object zephyr/drivers/i2c/CMakeFiles/drivers__i2c.dir/i2c_ite_it8xxx2.c.obj
[sapphire:ro] [323/360] Building C object CMakeFiles/app.dir/sapphire/src/backlight.c.obj
[sapphire:rw] [169/360] Building C object zephyr/CMakeFiles/zephyr.dir/drivers/flash/flash_util.c.obj
[tentacruel:ro] [157/393] Linking C static library zephyr/drivers/i2c/libdrivers__i2c.a
[sapphire:rw] [170/360] Linking C static library zephyr/libzephyr.a
[tentacruel:rw] [239/393] Building C object CMakeFiles/app.dir/mnt/host/source/src/platform/ec/build/zephyr/tentacruel/modules/ec/driver/accelgyro_bmi_common.c.obj
[tentacruel:rw] [240/393] Building C object CMakeFiles/app.dir/mnt/host/source/src/platform/ec/build/zephyr/tentacruel/modules/ec/driver/accelgyro_bmi3xx.c.obj
[sapphire:rw] [171/360] Building C object zephyr/arch/common/CMakeFiles/arch__common.dir/dynamic_isr.c.obj
[sapphire:ro] [324/360] Building C object CMakeFiles/app.dir/sapphire/src/base_detect.c.obj
[sapphire:ro] [325/360] Building C object CMakeFiles/app.dir/sapphire/src/board_config.c.obj
[sapphire:rw] [172/360] Building C object zephyr/arch/common/CMakeFiles/arch__common.dir/init.c.obj
[sapphire:ro] [326/360] Building C object CMakeFiles/app.dir/sapphire/src/pen_control.c.obj
[sapphire:ro] [327/360] Building C object zephyr/kernel/CMakeFiles/kernel.dir/banner.c.obj
[tentacruel:rw] [241/393] Building C object CMakeFiles/app.dir/mnt/host/source/src/platform/ec/build/zephyr/tentacruel/modules/ec/driver/accelgyro_icm_common.c.obj
[sapphire:ro] [328/360] Building C object zephyr/kernel/CMakeFiles/kernel.dir/main_weak.c.obj
[tentacruel:ro] [158/393] Building C object zephyr/drivers/pinctrl/CMakeFiles/drivers__pinctrl.dir/pinctrl_ite_it8xxx2.c.obj
[sapphire:rw] [173/360] Building C object zephyr/arch/common/CMakeFiles/arch__common.dir/xip.c.obj
[sapphire:ro] [329/360] Linking C static library app/libapp.a
[tentacruel:ro] [159/393] Linking C static library zephyr/drivers/pinctrl/libdrivers__pinctrl.a
[sapphire:rw] [174/360] Building C object zephyr/arch/common/CMakeFiles/isr_tables.dir/isr_tables.c.obj
[tentacruel:ro] [160/393] Building C object zephyr/drivers/pwm/CMakeFiles/drivers__pwm.dir/pwm_shell.c.obj
[sapphire:rw] [175/360] Linking C static library zephyr/arch/common/libisr_tables.a
[sapphire:rw] [176/360] Linking C static library zephyr/arch/common/libarch__common.a
[sapphire:ro] [330/360] Building C object zephyr/kernel/CMakeFiles/kernel.dir/busy_wait.c.obj
[tentacruel:rw] [242/393] Building C object CMakeFiles/app.dir/mnt/host/source/src/platform/ec/build/zephyr/tentacruel/modules/ec/driver/accelgyro_icm42607.c.obj
[sapphire:rw] [177/360] Building C object zephyr/arch/arch/riscv/core/CMakeFiles/arch__riscv__core.dir/cpu_idle.c.obj
[sapphire:ro] [331/360] Building C object zephyr/kernel/CMakeFiles/kernel.dir/device.c.obj
[tentacruel:rw] [243/393] Building C object CMakeFiles/app.dir/mnt/host/source/src/platform/ec/build/zephyr/tentacruel/modules/ec/common/motion_sense_fifo.c.obj
[sapphire:ro] [332/360] Building C object zephyr/kernel/CMakeFiles/kernel.dir/errno.c.obj
[sapphire:rw] [178/360] Building C object zephyr/arch/arch/riscv/core/CMakeFiles/arch__riscv__core.dir/prep_c.c.obj
[sapphire:ro] [333/360] Building C object zephyr/kernel/CMakeFiles/kernel.dir/fatal.c.obj
[tentacruel:ro] [161/393] Building C object zephyr/drivers/pwm/CMakeFiles/drivers__pwm.dir/pwm_ite_it8xxx2.c.obj
[sapphire:rw] [179/360] Building C object zephyr/arch/arch/riscv/core/CMakeFiles/arch__riscv__core.dir/fatal.c.obj
[tentacruel:ro] [162/393] Linking C static library zephyr/drivers/pwm/libdrivers__pwm.a
[tentacruel:ro] [163/393] Building C object zephyr/drivers/serial/CMakeFiles/drivers__serial.dir/uart_ite_it8xxx2.c.obj
[sapphire:ro] [334/360] Building C object zephyr/kernel/CMakeFiles/kernel.dir/version.c.obj
[tentacruel:rw] [244/393] Building C object CMakeFiles/app.dir/mnt/host/source/src/platform/ec/build/zephyr/tentacruel/modules/ec/common/adc.c.obj
[sapphire:ro] [335/360] Building C object zephyr/kernel/CMakeFiles/kernel.dir/init.c.obj
[sapphire:rw] [180/360] Building C object zephyr/arch/arch/riscv/core/CMakeFiles/arch__riscv__core.dir/irq_manage.c.obj
[sapphire:ro] [336/360] Building C object zephyr/kernel/CMakeFiles/kernel.dir/float.c.obj
[sapphire:ro] [337/360] Building C object zephyr/kernel/CMakeFiles/kernel.dir/mem_slab.c.obj
[sapphire:ro] [338/360] Building C object zephyr/kernel/CMakeFiles/kernel.dir/kheap.c.obj
[sapphire:rw] [181/360] Building C object zephyr/arch/arch/riscv/core/CMakeFiles/arch__riscv__core.dir/reboot.c.obj
[tentacruel:rw] [245/393] Building C object CMakeFiles/app.dir/mnt/host/source/src/platform/ec/build/zephyr/tentacruel/modules/ec/common/battery_info.c.obj
[sapphire:rw] [182/360] Building ASM object zephyr/arch/arch/riscv/core/CMakeFiles/arch__riscv__core.dir/reset.S.obj
[tentacruel:rw] [246/393] Building C object CMakeFiles/app.dir/mnt/host/source/src/platform/ec/build/zephyr/tentacruel/modules/ec/common/battery.c.obj
[/mnt/host/source/src/platform/ec/build/zephyr/quandiso-lcov]   /mnt/host/source/src/platform/ec/build/zephyr/quandiso/build-ro/zephyr/CMakeFiles/zephyr.dir/soc/ite/ec/it8xxx2/check_regs.c.gcno:no functions found
[/mnt/host/source/src/platform/ec/build/zephyr/quandiso-lcov] stderr:
[tentacruel:ro] [164/393] Building C object zephyr/drivers/timer/CMakeFiles/drivers__timer.dir/sys_clock_init.c.obj
[tentacruel:ro] [165/393] Building C object zephyr/drivers/serial/CMakeFiles/drivers__serial.dir/uart_ns16550.c.obj
[sapphire:ro] [339/360] Building C object zephyr/kernel/CMakeFiles/kernel.dir/idle.c.obj
[tentacruel:ro] [166/393] Linking C static library zephyr/drivers/serial/libdrivers__serial.a
[sapphire:rw] [183/360] Building ASM object zephyr/arch/arch/riscv/core/CMakeFiles/arch__riscv__core.dir/switch.S.obj
[tentacruel:rw] [247/393] Building C object CMakeFiles/app.dir/mnt/host/source/src/platform/ec/build/zephyr/tentacruel/modules/ec/common/battery_fuel_gauge.c.obj
[sapphire:ro] [340/360] Building C object zephyr/kernel/CMakeFiles/kernel.dir/mailbox.c.obj
[sapphire:ro] [341/360] Building C object zephyr/kernel/CMakeFiles/kernel.dir/msg_q.c.obj
[sapphire:rw] [184/360] Building C object zephyr/arch/arch/riscv/core/CMakeFiles/arch__riscv__core.dir/thread.c.obj
[sapphire:rw] [185/360] Building ASM object zephyr/arch/arch/riscv/core/CMakeFiles/arch__riscv__core.dir/isr.S.obj
[sapphire:rw] [186/360] Generating ../../../include/generated/libc/minimal/strerror_table.h
[sapphire:ro] [342/360] Building C object zephyr/kernel/CMakeFiles/kernel.dir/mutex.c.obj
[sapphire:ro] [343/360] Building C object zephyr/kernel/CMakeFiles/kernel.dir/queue.c.obj
[tentacruel:ro] [167/393] Building C object zephyr/drivers/timer/CMakeFiles/drivers__timer.dir/ite_it8xxx2_timer.c.obj
[sapphire:rw] [187/360] Building C object zephyr/lib/libc/minimal/CMakeFiles/lib__libc__minimal.dir/source/stdlib/atoi.c.obj
[tentacruel:ro] [168/393] Linking C static library zephyr/drivers/timer/libdrivers__timer.a
[tentacruel:rw] [248/393] Building C object CMakeFiles/app.dir/mnt/host/source/src/platform/ec/build/zephyr/tentacruel/modules/ec/driver/battery/smart.c.obj
[tentacruel:rw] [249/393] Building C object CMakeFiles/app.dir/mnt/host/source/src/platform/ec/build/zephyr/tentacruel/modules/ec/driver/bc12/pi3usb9201.c.obj
[sapphire:rw] [188/360] Building C object zephyr/arch/arch/riscv/core/CMakeFiles/arch__riscv__core.dir/stacktrace.c.obj
[sapphire:rw] [189/360] Building C object zephyr/lib/libc/minimal/CMakeFiles/lib__libc__minimal.dir/source/stdlib/strtol.c.obj
[sapphire:ro] [344/360] Building C object zephyr/kernel/CMakeFiles/kernel.dir/sem.c.obj
[sapphire:rw] [190/360] Linking C static library zephyr/arch/arch/riscv/core/libarch__riscv__core.a
[tentacruel:ro] [169/393] Building C object zephyr/drivers/watchdog/CMakeFiles/drivers__watchdog.dir/wdt_ite_it8xxx2.c.obj
[sapphire:ro] [345/360] Building C object zephyr/kernel/CMakeFiles/kernel.dir/stack.c.obj
[sapphire:ro] [346/360] Building C object zephyr/kernel/CMakeFiles/kernel.dir/system_work_q.c.obj
[sapphire:rw] [191/360] Building C object zephyr/lib/libc/minimal/CMakeFiles/lib__libc__minimal.dir/source/stdlib/strtoul.c.obj
[sapphire:rw] [192/360] Building C object zephyr/lib/libc/minimal/CMakeFiles/lib__libc__minimal.dir/source/stdlib/strtoll.c.obj
[sapphire:rw] [193/360] Building C object zephyr/lib/libc/common/CMakeFiles/lib__libc__common.dir/source/stdlib/abort.c.obj
[sapphire:ro] [347/360] Building C object zephyr/kernel/CMakeFiles/kernel.dir/condvar.c.obj
[tentacruel:ro] [170/393] Building C object zephyr/drivers/watchdog/CMakeFiles/drivers__watchdog.dir/wdt_shell.c.obj
[sapphire:rw] [194/360] Building C object zephyr/lib/libc/minimal/CMakeFiles/lib__libc__minimal.dir/source/stdlib/strtoull.c.obj
[tentacruel:rw] [250/393] Building C object CMakeFiles/app.dir/mnt/host/source/src/platform/ec/build/zephyr/tentacruel/modules/ec/driver/charger/rt9490.c.obj
[sapphire:rw] [195/360] Building C object zephyr/lib/libc/minimal/CMakeFiles/lib__libc__minimal.dir/source/stdlib/bsearch.c.obj
[tentacruel:ro] [171/393] Linking C static library zephyr/drivers/watchdog/libdrivers__watchdog.a
[sapphire:ro] [348/360] Building C object zephyr/kernel/CMakeFiles/kernel.dir/work.c.obj
[sapphire:rw] [196/360] Building C object zephyr/lib/libc/minimal/CMakeFiles/lib__libc__minimal.dir/source/string/strerror.c.obj
[sapphire:rw] [197/360] Building C object zephyr/lib/libc/minimal/CMakeFiles/lib__libc__minimal.dir/source/stdlib/qsort.c.obj
[tentacruel:rw] [251/393] Building C object CMakeFiles/app.dir/mnt/host/source/src/platform/ec/build/zephyr/tentacruel/modules/ec/common/charger.c.obj
[sapphire:rw] [198/360] Building C object zephyr/lib/libc/minimal/CMakeFiles/lib__libc__minimal.dir/source/string/strncasecmp.c.obj
[sapphire:rw] [199/360] Building C object zephyr/lib/libc/minimal/CMakeFiles/lib__libc__minimal.dir/source/string/strstr.c.obj
[sapphire:ro] [349/360] Building C object zephyr/kernel/CMakeFiles/kernel.dir/thread.c.obj
[tentacruel:ro] [172/393] Building C object modules/ec/zephyr/CMakeFiles/ec_shim.dir/app/ec/ec_app_main.c.obj
[tentacruel:rw] [252/393] Building C object CMakeFiles/app.dir/mnt/host/source/src/platform/ec/build/zephyr/tentacruel/modules/ec/common/charge_state.c.obj
[sapphire:rw] [200/360] Building C object zephyr/lib/libc/minimal/CMakeFiles/lib__libc__minimal.dir/source/stdlib/exit.c.obj
[sapphire:rw] [201/360] Building C object zephyr/lib/libc/minimal/CMakeFiles/lib__libc__minimal.dir/source/string/strspn.c.obj
[sapphire:ro] [350/360] Building C object zephyr/kernel/CMakeFiles/kernel.dir/pipe.c.obj
[sapphire:rw] [202/360] Building C object zephyr/lib/libc/minimal/CMakeFiles/lib__libc__minimal.dir/source/string/string.c.obj
[sapphire:ro] [351/360] Building C object zephyr/kernel/CMakeFiles/kernel.dir/spinlock_validate.c.obj
[tentacruel:ro] [173/393] Building C object modules/ec/zephyr/CMakeFiles/ec_shim.dir/app/ec/main_shim.c.obj
[sapphire:ro] [352/360] Building C object zephyr/kernel/CMakeFiles/kernel.dir/sched.c.obj
[sapphire:ro] [353/360] Building C object zephyr/kernel/CMakeFiles/kernel.dir/thread_monitor.c.obj
[/mnt/host/source/src/platform/ec/build/zephyr/npcx7-lcov]   /mnt/host/source/src/platform/ec/build/zephyr/npcx7/build-rw/zephyr/CMakeFiles/zephyr.dir/soc/nuvoton/npcx/npcx7/mpu_regions.c.gcno:no functions found
[/mnt/host/source/src/platform/ec/build/zephyr/npcx7-lcov] stderr:
[tentacruel:rw] [253/393] Building C object CMakeFiles/app.dir/mnt/host/source/src/platform/ec/build/zephyr/tentacruel/modules/ec/common/charge_manager.c.obj
[tentacruel:rw] [254/393] Building C object CMakeFiles/app.dir/mnt/host/source/src/platform/ec/build/zephyr/tentacruel/modules/ec/common/charge_ramp.c.obj
[sapphire:ro] [354/360] Building C object zephyr/kernel/CMakeFiles/kernel.dir/timeout.c.obj
[sapphire:rw] [203/360] Building C object zephyr/lib/libc/minimal/CMakeFiles/lib__libc__minimal.dir/source/stdout/sprintf.c.obj
[tentacruel:rw] [255/393] Building C object CMakeFiles/app.dir/mnt/host/source/src/platform/ec/build/zephyr/tentacruel/modules/ec/common/cbi_common.c.obj
[sapphire:rw] [204/360] Building C object zephyr/lib/libc/minimal/CMakeFiles/lib__libc__minimal.dir/source/stdout/fprintf.c.obj
[sapphire:ro] [355/360] Building C object zephyr/kernel/CMakeFiles/kernel.dir/timer.c.obj
[sapphire:rw] [205/360] Building C object zephyr/lib/libc/minimal/CMakeFiles/lib__libc__minimal.dir/source/stdout/stdout_console.c.obj
[tentacruel:ro] [174/393] Building C object modules/ec/zephyr/CMakeFiles/ec_shim.dir/drivers/cros_flash/cros_flash_it8xxx2.c.obj
[sapphire:ro] [356/360] Building C object zephyr/kernel/CMakeFiles/kernel.dir/poll.c.obj
[sapphire:rw] [206/360] Building C object zephyr/lib/libc/minimal/CMakeFiles/lib__libc__minimal.dir/source/math/sqrtf.c.obj
[matsu:rw] Building: /usr/bin/ninja -C /mnt/host/source/src/platform/ec/build/zephyr/matsu/build-rw all.libraries
Running `env -i SHELL=/bin/bash COLORTERM=truecolor DEPOT_TOOLS_UPDATE=0 LESS='-R -M --shift 5' SUDO_GID=0 JDK_HOME=/etc/java-config-2/current-system-vm CONFIG_PROTECT_MASK='/etc/gentoo-release /etc/sandbox.d /etc/fonts/fonts.conf /etc/terminfo /etc/ca-certificates.conf /etc/revdep-rebuild' CHROMEOS_CACHEDIR=/var/cache/chromeos-cache JAVA_HOME=/etc/java-config-2/current-system-vm SSH_AUTH_SOCK=/tmp/ssh-auth-sock SUDO_COMMAND=/bin/bash SUDO_USER=root SUDO_TTY=/dev/pts/2 EDITOR=/usr/bin/vi PWD=/mnt/host/source/src/platform/ec CONFIG_PROTECT=/usr/share/gnupg/qualified.txt LOGNAME=jpmurphy MANPATH=/etc/java-config-2/current-system-vm/man:/usr/local/share/man:/usr/share/man:/usr/share/gcc-data/x86_64-pc-linux-gnu/10.2.0/man:/usr/share/binutils-data/x86_64-pc-linux-gnu/2.45/man:/etc/java-config-2/current-system-vm/man/ SUDO_HOME=/root XAUTHORITY=/run/user/944457/gdm/Xauthority HOME=/home/jpmurphy LANG=C.UTF-8 LS_COLORS='rs=0:di=01;34:ln=01;36:mh=00:pi=40;33:so=01;35:do=01;35:bd=40;33;01:cd=40;33;01:or=01;05;37;41:mi=01;05;37;41:su=37;41:sg=30;43:ca=30;41:tw=30;42:ow=34;42:st=37;44:ex=01;32:*.tar=01;31:*.tgz=01;31:*.arc=01;31:*.arj=01;31:*.taz=01;31:*.lha=01;31:*.lz4=01;31:*.lzh=01;31:*.lzma=01;31:*.tlz=01;31:*.txz=01;31:*.tzo=01;31:*.t7z=01;31:*.zip=01;31:*.z=01;31:*.dz=01;31:*.gz=01;31:*.lrz=01;31:*.lz=01;31:*.lzo=01;31:*.xz=01;31:*.zst=01;31:*.tzst=01;31:*.bz2=01;31:*.bz=01;31:*.tbz=01;31:*.tbz2=01;31:*.tz=01;31:*.deb=01;31:*.rpm=01;31:*.jar=01;31:*.war=01;31:*.ear=01;31:*.sar=01;31:*.rar=01;31:*.alz=01;31:*.ace=01;31:*.zoo=01;31:*.cpio=01;31:*.7z=01;31:*.rz=01;31:*.cab=01;31:*.wim=01;31:*.swm=01;31:*.dwm=01;31:*.esd=01;31:*.jpg=01;35:*.jpeg=01;35:*.mjpg=01;35:*.mjpeg=01;35:*.gif=01;35:*.bmp=01;35:*.pbm=01;35:*.pgm=01;35:*.ppm=01;35:*.tga=01;35:*.xbm=01;35:*.xpm=01;35:*.tif=01;35:*.tiff=01;35:*.png=01;35:*.svg=01;35:*.svgz=01;35:*.mng=01;35:*.pcx=01;35:*.mov=01;35:*.mpg=01;35:*.mpeg=01;35:*.m2v=01;35:*.mkv=01;35:*.webm=01;35:*.webp=01;35:*.ogm=01;35:*.mp4=01;35:*.m4v=01;35:*.mp4v=01;35:*.vob=01;35:*.qt=01;35:*.nuv=01;35:*.wmv=01;35:*.asf=01;35:*.rm=01;35:*.rmvb=01;35:*.flc=01;35:*.avi=01;35:*.fli=01;35:*.flv=01;35:*.gl=01;35:*.dl=01;35:*.xcf=01;35:*.xwd=01;35:*.yuv=01;35:*.cgm=01;35:*.emf=01;35:*.ogv=01;35:*.ogx=01;35:*.cfg=00;32:*.conf=00;32:*.diff=00;32:*.doc=00;32:*.ini=00;32:*.log=00;32:*.patch=00;32:*.pdf=00;32:*.ps=00;32:*.tex=00;32:*.txt=00;32:*.aac=00;36:*.au=00;36:*.flac=00;36:*.m4a=00;36:*.mid=00;36:*.midi=00;36:*.mka=00;36:*.mp3=00;36:*.mpc=00;36:*.ogg=00;36:*.ra=00;36:*.wav=00;36:*.oga=00;36:*.opus=00;36:*.spx=00;36:*.xspf=00;36:' XDG_CURRENT_DESKTOP=GNOME INFOPATH=/usr/share/info:/usr/share/gcc-data/x86_64-pc-linux-gnu/10.2.0/info:/usr/share/binutils-data/x86_64-pc-linux-gnu/2.45/info:/usr/share/automake-1.16.5/info JAVAC=/etc/java-config-2/current-system-vm/bin/javac TERM=xterm-256color LESSOPEN='|lesspipe %s' USER=jpmurphy CROS_WORKON_SRCROOT=/mnt/host/source MANPAGER=manpager DISPLAY=:1 SHLVL=1 LC_MESSAGES=C EXTERNAL_TRUNK_PATH=/mnt/8f9d649a-3721-44cc-93c0-e6bd21a9689f/chromiumos GCC_SPECS='' PATH=/mnt/host/source/chromite/bin:/usr/local/bin:/usr/bin:/bin:/opt/bin:/mnt/host/source/chromite/sdk/bin:/mnt/host/source/chromite/bin PORTAGE_USERNAME=jpmurphy SUDO_UID=0 GCC_VER=10.2.0 MAIL=/var/mail/jpmurphy OLDPWD=/mnt/host/source/src/scripts traceparent=00-e87aca51550a78635907baa6a2476181-6d684811675d2973-01 _=./zephyr/firmware_builder.py COREBOOT_SDK_ROOT_x86=/home/jpmurphy/.cache/coreboot-sdk/i386-elf/dfbb0486385d938cfa9d73080b9d18d598ed4f49 COREBOOT_SDK_ROOT_picolibc_x86=/home/jpmurphy/.cache/coreboot-sdk/picolibc-i386-elf/eb8e8e687b95461de8cbf278f1c2076952d0ad17 COREBOOT_SDK_ROOT_riscv64=/home/jpmurphy/.cache/coreboot-sdk/riscv64-elf/96b949749225b6aaa92ed810ab769e8dfb12f000 COREBOOT_SDK_ROOT_picolibc_arm=/home/jpmurphy/.cache/coreboot-sdk/picolibc-arm-eabi/422a2aa3e1ef891b5bece9a3deb696ff83840d2e COREBOOT_SDK_ROOT_nds32=/home/jpmurphy/.cache/coreboot-sdk/nds32le-elf/d1a518c4a097666d86058e1444f85ca015d15511 COREBOOT_SDK_ROOT_picolibc_riscv64=/home/jpmurphy/.cache/coreboot-sdk/picolibc-riscv64-elf/f571e990ef0278564b31124f8bb109d9a697eb69 COREBOOT_SDK_ROOT_arm=/home/jpmurphy/.cache/coreboot-sdk/arm-eabi/ea40ddd1d190c3b48435c474c0b545719371813a COREBOOT_SDK_ROOT_libstdcxx_riscv64=/home/jpmurphy/.cache/coreboot-sdk/libstdcxx-riscv64-elf/17abf22a3a252e2d5d2062ced5324f7a623689e0 COREBOOT_SDK_ROOT_libstdcxx_arm=/home/jpmurphy/.cache/coreboot-sdk/libstdcxx-arm-eabi/5d7d82e150e44aa1968f1d366e267e6687b328ac COREBOOT_SDK_ROOT_riscv=/home/jpmurphy/.cache/coreboot-sdk/riscv-elf/9a27b9e82341c6e9126624f516ab3f261abb3e73 COREBOOT_SDK_ROOT_libstdcxx_x86=/home/jpmurphy/.cache/coreboot-sdk/libstdcxx-i386-elf/42ef9d2e87a76a37963175d7d428734e65648b87 PYTHONPATH=/mnt/host/source/src/platform/ec/zephyr/zmake PW_PIGWEED_CIPD_INSTALL_DIR=/usr CROSTC_USER_ACKNOWLEDGES_THAT_RISCV_IS_EXPERIMENTAL=1 MAKEFLAGS=' -j16 --jobserver-auth=5,6' /usr/bin/ninja -C /mnt/host/source/src/platform/ec/build/zephyr/matsu/build-rw all.libraries`
[sapphire:ro] [357/360] Building C object zephyr/kernel/CMakeFiles/kernel.dir/events.c.obj
[matsu:rw] ninja: Entering directory `/mnt/host/source/src/platform/ec/build/zephyr/matsu/build-rw'
[tentacruel:ro] [175/393] Building C object modules/ec/zephyr/CMakeFiles/ec_shim.dir/drivers/cros_kb_raw/cros_kb_raw_ite.c.obj
[sapphire:rw] [207/360] Building C object zephyr/lib/libc/minimal/CMakeFiles/lib__libc__minimal.dir/source/math/sqrt.c.obj
[sapphire:ro] [358/360] Building C object zephyr/kernel/CMakeFiles/kernel.dir/mempool.c.obj
[sapphire:rw] [208/360] Building C object zephyr/lib/libc/common/CMakeFiles/lib__libc__common.dir/source/time/gmtime_r.c.obj
[sapphire:rw] [209/360] Building C object zephyr/lib/libc/common/CMakeFiles/lib__libc__common.dir/source/time/asctime.c.obj
[tentacruel:rw] [256/393] Building C object CMakeFiles/app.dir/mnt/host/source/src/platform/ec/build/zephyr/tentacruel/modules/ec/common/cbi.c.obj
[tentacruel:rw] [257/393] Building C object CMakeFiles/app.dir/mnt/host/source/src/platform/ec/build/zephyr/tentacruel/modules/ec/common/cbi_config.c.obj
[sapphire:ro] [359/360] Building C object zephyr/kernel/CMakeFiles/kernel.dir/dynamic_disabled.c.obj
[sapphire:rw] [210/360] Building C object zephyr/lib/libc/common/CMakeFiles/lib__libc__common.dir/source/time/localtime_r_utc.c.obj
[sapphire:rw] [211/360] Building C object zephyr/lib/libc/minimal/CMakeFiles/lib__libc__minimal.dir/source/time/gmtime.c.obj
[sapphire:ro] [360/360] Linking C static library zephyr/kernel/libkernel.a
[matsu:ro] Building: /usr/bin/ninja -C /mnt/host/source/src/platform/ec/build/zephyr/matsu/build-ro all.libraries
Running `env -i SHELL=/bin/bash COLORTERM=truecolor DEPOT_TOOLS_UPDATE=0 LESS='-R -M --shift 5' SUDO_GID=0 JDK_HOME=/etc/java-config-2/current-system-vm CONFIG_PROTECT_MASK='/etc/gentoo-release /etc/sandbox.d /etc/fonts/fonts.conf /etc/terminfo /etc/ca-certificates.conf /etc/revdep-rebuild' CHROMEOS_CACHEDIR=/var/cache/chromeos-cache JAVA_HOME=/etc/java-config-2/current-system-vm SSH_AUTH_SOCK=/tmp/ssh-auth-sock SUDO_COMMAND=/bin/bash SUDO_USER=root SUDO_TTY=/dev/pts/2 EDITOR=/usr/bin/vi PWD=/mnt/host/source/src/platform/ec CONFIG_PROTECT=/usr/share/gnupg/qualified.txt LOGNAME=jpmurphy MANPATH=/etc/java-config-2/current-system-vm/man:/usr/local/share/man:/usr/share/man:/usr/share/gcc-data/x86_64-pc-linux-gnu/10.2.0/man:/usr/share/binutils-data/x86_64-pc-linux-gnu/2.45/man:/etc/java-config-2/current-system-vm/man/ SUDO_HOME=/root XAUTHORITY=/run/user/944457/gdm/Xauthority HOME=/home/jpmurphy LANG=C.UTF-8 LS_COLORS='rs=0:di=01;34:ln=01;36:mh=00:pi=40;33:so=01;35:do=01;35:bd=40;33;01:cd=40;33;01:or=01;05;37;41:mi=01;05;37;41:su=37;41:sg=30;43:ca=30;41:tw=30;42:ow=34;42:st=37;44:ex=01;32:*.tar=01;31:*.tgz=01;31:*.arc=01;31:*.arj=01;31:*.taz=01;31:*.lha=01;31:*.lz4=01;31:*.lzh=01;31:*.lzma=01;31:*.tlz=01;31:*.txz=01;31:*.tzo=01;31:*.t7z=01;31:*.zip=01;31:*.z=01;31:*.dz=01;31:*.gz=01;31:*.lrz=01;31:*.lz=01;31:*.lzo=01;31:*.xz=01;31:*.zst=01;31:*.tzst=01;31:*.bz2=01;31:*.bz=01;31:*.tbz=01;31:*.tbz2=01;31:*.tz=01;31:*.deb=01;31:*.rpm=01;31:*.jar=01;31:*.war=01;31:*.ear=01;31:*.sar=01;31:*.rar=01;31:*.alz=01;31:*.ace=01;31:*.zoo=01;31:*.cpio=01;31:*.7z=01;31:*.rz=01;31:*.cab=01;31:*.wim=01;31:*.swm=01;31:*.dwm=01;31:*.esd=01;31:*.jpg=01;35:*.jpeg=01;35:*.mjpg=01;35:*.mjpeg=01;35:*.gif=01;35:*.bmp=01;35:*.pbm=01;35:*.pgm=01;35:*.ppm=01;35:*.tga=01;35:*.xbm=01;35:*.xpm=01;35:*.tif=01;35:*.tiff=01;35:*.png=01;35:*.svg=01;35:*.svgz=01;35:*.mng=01;35:*.pcx=01;35:*.mov=01;35:*.mpg=01;35:*.mpeg=01;35:*.m2v=01;35:*.mkv=01;35:*.webm=01;35:*.webp=01;35:*.ogm=01;35:*.mp4=01;35:*.m4v=01;35:*.mp4v=01;35:*.vob=01;35:*.qt=01;35:*.nuv=01;35:*.wmv=01;35:*.asf=01;35:*.rm=01;35:*.rmvb=01;35:*.flc=01;35:*.avi=01;35:*.fli=01;35:*.flv=01;35:*.gl=01;35:*.dl=01;35:*.xcf=01;35:*.xwd=01;35:*.yuv=01;35:*.cgm=01;35:*.emf=01;35:*.ogv=01;35:*.ogx=01;35:*.cfg=00;32:*.conf=00;32:*.diff=00;32:*.doc=00;32:*.ini=00;32:*.log=00;32:*.patch=00;32:*.pdf=00;32:*.ps=00;32:*.tex=00;32:*.txt=00;32:*.aac=00;36:*.au=00;36:*.flac=00;36:*.m4a=00;36:*.mid=00;36:*.midi=00;36:*.mka=00;36:*.mp3=00;36:*.mpc=00;36:*.ogg=00;36:*.ra=00;36:*.wav=00;36:*.oga=00;36:*.opus=00;36:*.spx=00;36:*.xspf=00;36:' XDG_CURRENT_DESKTOP=GNOME INFOPATH=/usr/share/info:/usr/share/gcc-data/x86_64-pc-linux-gnu/10.2.0/info:/usr/share/binutils-data/x86_64-pc-linux-gnu/2.45/info:/usr/share/automake-1.16.5/info JAVAC=/etc/java-config-2/current-system-vm/bin/javac TERM=xterm-256color LESSOPEN='|lesspipe %s' USER=jpmurphy CROS_WORKON_SRCROOT=/mnt/host/source MANPAGER=manpager DISPLAY=:1 SHLVL=1 LC_MESSAGES=C EXTERNAL_TRUNK_PATH=/mnt/8f9d649a-3721-44cc-93c0-e6bd21a9689f/chromiumos GCC_SPECS='' PATH=/mnt/host/source/chromite/bin:/usr/local/bin:/usr/bin:/bin:/opt/bin:/mnt/host/source/chromite/sdk/bin:/mnt/host/source/chromite/bin PORTAGE_USERNAME=jpmurphy SUDO_UID=0 GCC_VER=10.2.0 MAIL=/var/mail/jpmurphy OLDPWD=/mnt/host/source/src/scripts traceparent=00-e87aca51550a78635907baa6a2476181-6d684811675d2973-01 _=./zephyr/firmware_builder.py COREBOOT_SDK_ROOT_x86=/home/jpmurphy/.cache/coreboot-sdk/i386-elf/dfbb0486385d938cfa9d73080b9d18d598ed4f49 COREBOOT_SDK_ROOT_picolibc_x86=/home/jpmurphy/.cache/coreboot-sdk/picolibc-i386-elf/eb8e8e687b95461de8cbf278f1c2076952d0ad17 COREBOOT_SDK_ROOT_riscv64=/home/jpmurphy/.cache/coreboot-sdk/riscv64-elf/96b949749225b6aaa92ed810ab769e8dfb12f000 COREBOOT_SDK_ROOT_picolibc_arm=/home/jpmurphy/.cache/coreboot-sdk/picolibc-arm-eabi/422a2aa3e1ef891b5bece9a3deb696ff83840d2e COREBOOT_SDK_ROOT_nds32=/home/jpmurphy/.cache/coreboot-sdk/nds32le-elf/d1a518c4a097666d86058e1444f85ca015d15511 COREBOOT_SDK_ROOT_picolibc_riscv64=/home/jpmurphy/.cache/coreboot-sdk/picolibc-riscv64-elf/f571e990ef0278564b31124f8bb109d9a697eb69 COREBOOT_SDK_ROOT_arm=/home/jpmurphy/.cache/coreboot-sdk/arm-eabi/ea40ddd1d190c3b48435c474c0b545719371813a COREBOOT_SDK_ROOT_libstdcxx_riscv64=/home/jpmurphy/.cache/coreboot-sdk/libstdcxx-riscv64-elf/17abf22a3a252e2d5d2062ced5324f7a623689e0 COREBOOT_SDK_ROOT_libstdcxx_arm=/home/jpmurphy/.cache/coreboot-sdk/libstdcxx-arm-eabi/5d7d82e150e44aa1968f1d366e267e6687b328ac COREBOOT_SDK_ROOT_riscv=/home/jpmurphy/.cache/coreboot-sdk/riscv-elf/9a27b9e82341c6e9126624f516ab3f261abb3e73 COREBOOT_SDK_ROOT_libstdcxx_x86=/home/jpmurphy/.cache/coreboot-sdk/libstdcxx-i386-elf/42ef9d2e87a76a37963175d7d428734e65648b87 PYTHONPATH=/mnt/host/source/src/platform/ec/zephyr/zmake PW_PIGWEED_CIPD_INSTALL_DIR=/usr CROSTC_USER_ACKNOWLEDGES_THAT_RISCV_IS_EXPERIMENTAL=1 MAKEFLAGS=' -j16 --jobserver-auth=5,6' /usr/bin/ninja -C /mnt/host/source/src/platform/ec/build/zephyr/matsu/build-ro all.libraries`
[matsu:ro] ninja: Entering directory `/mnt/host/source/src/platform/ec/build/zephyr/matsu/build-ro'
[sapphire:rw] [212/360] Building C object zephyr/lib/libc/common/CMakeFiles/lib__libc__common.dir/source/time/ctime.c.obj
[tentacruel:rw] [258/393] Building C object CMakeFiles/app.dir/mnt/host/source/src/platform/ec/build/zephyr/tentacruel/modules/ec/common/memory_commands.c.obj
[sapphire:rw] [213/360] Linking C static library zephyr/lib/libc/minimal/liblib__libc__minimal.a
[tentacruel:ro] [176/393] Building C object modules/ec/zephyr/CMakeFiles/ec_shim.dir/drivers/cros_shi/cros_shi_it8xxx2.c.obj
[sapphire:rw] [214/360] Building C object zephyr/lib/libc/common/CMakeFiles/lib__libc__common.dir/source/string/strnlen.c.obj
[sapphire:rw] [215/360] Building C object zephyr/lib/libc/common/CMakeFiles/lib__libc__common.dir/source/time/time.c.obj
[tentacruel:rw] [259/393] Building C object CMakeFiles/app.dir/mnt/host/source/src/platform/ec/build/zephyr/tentacruel/modules/ec/common/chipset.c.obj
[matsu:rw] [1/377] Generating include/generated/zephyr/version.h
[matsu:rw] -- git describe warned: warning: tag 'upstream/v2.7.99' is externally known as 'v2.7.99'
[matsu:rw] -- Zephyr version: 4.3.99 (/mnt/host/source/src/third_party/zephyr/main)
[matsu:rw] [2/377] Preparing syscall dependency handling
[tentacruel:rw] [260/393] Building C object CMakeFiles/app.dir/mnt/host/source/src/platform/ec/build/zephyr/tentacruel/modules/ec/common/ap_reset_log.c.obj
[tentacruel:ro] [177/393] Building C object modules/ec/zephyr/CMakeFiles/ec_shim.dir/drivers/cros_system/cros_system_it8xxx2.c.obj
[sapphire:rw] [216/360] Building C object zephyr/lib/posix/c_lib_ext/CMakeFiles/lib__posix__c_lib_ext.dir/fnmatch.c.obj
[matsu:rw] [3/377] Generating misc/generated/syscalls_subdirs.trigger
[tentacruel:rw] [261/393] Building C object CMakeFiles/app.dir/mnt/host/source/src/platform/ec/build/zephyr/tentacruel/modules/ec/common/extpower_gpio.c.obj
[tentacruel:ro] [178/393] Building C object modules/ec/zephyr/CMakeFiles/ec_shim.dir/shim/chip/it8xxx2/clock.c.obj
[sapphire:rw] [217/360] Building C object zephyr/lib/libc/common/CMakeFiles/lib__libc__common.dir/source/stdlib/malloc.c.obj
[tentacruel:rw] [262/393] Building C object CMakeFiles/app.dir/mnt/host/source/src/platform/ec/build/zephyr/tentacruel/modules/ec/common/extpower_common.c.obj
[sapphire:rw] [218/360] Linking C static library zephyr/lib/libc/common/liblib__libc__common.a
[matsu:ro] [1/377] Generating include/generated/zephyr/version.h
[matsu:ro] -- git describe warned: warning: tag 'upstream/v2.7.99' is externally known as 'v2.7.99'
[matsu:ro] -- Zephyr version: 4.3.99 (/mnt/host/source/src/third_party/zephyr/main)
[matsu:ro] [2/377] Preparing syscall dependency handling
[sapphire:rw] [219/360] Building C object zephyr/lib/posix/c_lib_ext/CMakeFiles/lib__posix__c_lib_ext.dir/getentropy.c.obj
[matsu:ro] [3/377] Generating misc/generated/syscalls_subdirs.trigger
[tentacruel:rw] [263/393] Building C object CMakeFiles/app.dir/mnt/host/source/src/platform/ec/build/zephyr/tentacruel/modules/ec/common/flash.c.obj
[sapphire:rw] [220/360] Building C object zephyr/lib/posix/c_lib_ext/CMakeFiles/lib__posix__c_lib_ext.dir/getopt_shim.c.obj
[tentacruel:ro] [179/393] Building C object modules/ec/zephyr/CMakeFiles/ec_shim.dir/shim/chip/it8xxx2/system.c.obj
[sapphire:rw] [221/360] Linking C static library zephyr/lib/posix/c_lib_ext/liblib__posix__c_lib_ext.a
[tentacruel:rw] [264/393] Building C object CMakeFiles/app.dir/mnt/host/source/src/platform/ec/build/zephyr/tentacruel/modules/ec/common/host_command.c.obj
[matsu:rw] [4/377] Generating misc/generated/syscalls.json, misc/generated/struct_tags.json
[tentacruel:rw] [265/393] Building C object CMakeFiles/app.dir/mnt/host/source/src/platform/ec/build/zephyr/tentacruel/modules/ec/common/host_command_task.c.obj
[tentacruel:ro] [180/393] Building C object modules/ec/zephyr/CMakeFiles/ec_shim.dir/shim/chip/it8xxx2/gpio.c.obj
[matsu:rw] [5/377] Generating include/generated/zephyr/syscall_dispatch.c, include/generated/zephyr/syscall_exports_llext.c, syscall_weakdefs_llext.c, include/generated/zephyr/syscall_list.h
[tentacruel:ro] [181/393] Building C object modules/ec/zephyr/CMakeFiles/ec_shim.dir/shim/chip/it8xxx2/keyboard_raw.c.obj
[tentacruel:rw] [266/393] Building C object CMakeFiles/app.dir/mnt/host/source/src/platform/ec/build/zephyr/tentacruel/modules/ec/common/host_event_commands.c.obj
[tentacruel:rw] [267/393] Building C object CMakeFiles/app.dir/mnt/host/source/src/platform/ec/build/zephyr/tentacruel/modules/ec/common/uart_hostcmd.c.obj
[matsu:rw] [6/377] Generating include/generated/zephyr/driver-validation.h
[sapphire:rw] [222/360] Building C object zephyr/lib/smf/CMakeFiles/lib__smf.dir/smf.c.obj
[sapphire:rw] [223/360] Linking C static library zephyr/lib/smf/liblib__smf.a
[matsu:ro] [4/377] Generating misc/generated/syscalls.json, misc/generated/struct_tags.json
[sapphire:rw] [224/360] Building C object zephyr/subsys/mgmt/ec_host_cmd/CMakeFiles/subsys__mgmt__ec_host_cmd.dir/ec_host_cmd_handler.c.obj
[matsu:rw] [7/377] Generating include/generated/zephyr/kobj-types-enum.h, include/generated/zephyr/otype-to-str.h, include/generated/zephyr/otype-to-size.h
[tentacruel:rw] [268/393] Building C object CMakeFiles/app.dir/mnt/host/source/src/platform/ec/build/zephyr/tentacruel/modules/ec/common/uptime.c.obj
[/mnt/host/source/src/platform/ec/build/zephyr/quandiso-lcov]   /mnt/host/source/src/platform/ec/build/zephyr/quandiso/build-ro/zephyr/drivers/sensor/CMakeFiles/drivers__sensor.dir/mnt/host/source/src/third_party/zephyr/main/misc/empty_file.c.gcno:no functions found
[/mnt/host/source/src/platform/ec/build/zephyr/quandiso-lcov] stderr:
[sapphire:rw] [225/360] Linking C static library zephyr/subsys/mgmt/ec_host_cmd/libsubsys__mgmt__ec_host_cmd.a
[matsu:rw] [8/377] Generating include/generated/device-api-sections.ld, include/generated/device-api-sections.cmake
[sapphire:rw] [226/360] Building C object zephyr/subsys/crc/CMakeFiles/subsys__crc.dir/crc4_sw.c.obj
[matsu:ro] [5/377] Generating include/generated/zephyr/syscall_dispatch.c, include/generated/zephyr/syscall_exports_llext.c, syscall_weakdefs_llext.c, include/generated/zephyr/syscall_list.h
[tentacruel:ro] [182/393] Building C object modules/ec/zephyr/CMakeFiles/ec_shim.dir/shim/chip/it8xxx2/power_policy.c.obj
[sapphire:rw] [227/360] Building C object zephyr/subsys/mgmt/ec_host_cmd/backends/CMakeFiles/subsys__mgmt__ec_host_cmd__backends.dir/ec_host_cmd_backend_shi_ite.c.obj
[matsu:ro] [6/377] Generating include/generated/zephyr/driver-validation.h
[sapphire:rw] [228/360] Building C object zephyr/subsys/crc/CMakeFiles/subsys__crc.dir/crc16_sw.c.obj
[sapphire:rw] [229/360] Building C object zephyr/subsys/crc/CMakeFiles/subsys__crc.dir/crc8_sw.c.obj
[sapphire:rw] [230/360] Linking C static library zephyr/subsys/mgmt/ec_host_cmd/backends/libsubsys__mgmt__ec_host_cmd__backends.a
[tentacruel:ro] [183/393] Building C object modules/ec/zephyr/CMakeFiles/ec_shim.dir/shim/src/crc.c.obj
[tentacruel:ro] [184/393] Building C object modules/ec/zephyr/CMakeFiles/ec_shim.dir/shim/chip/it8xxx2/shi.c.obj
[tentacruel:rw] [269/393] Building C object CMakeFiles/app.dir/mnt/host/source/src/platform/ec/build/zephyr/tentacruel/modules/ec/common/i2c_controller.c.obj
[sapphire:rw] [231/360] Building C object zephyr/subsys/crc/CMakeFiles/subsys__crc.dir/crc7_sw.c.obj
[matsu:ro] [7/377] Generating include/generated/zephyr/kobj-types-enum.h, include/generated/zephyr/otype-to-str.h, include/generated/zephyr/otype-to-size.h
[sapphire:rw] [232/360] Building C object zephyr/subsys/crc/CMakeFiles/subsys__crc.dir/crc24_sw.c.obj
[tentacruel:rw] [270/393] Building C object CMakeFiles/app.dir/mnt/host/source/src/platform/ec/build/zephyr/tentacruel/modules/ec/common/i2c_passthru.c.obj
[/mnt/host/source/src/platform/ec/build/zephyr/quandiso-lcov]   /mnt/host/source/src/platform/ec/build/zephyr/quandiso/build-rw/modules/ec/zephyr/CMakeFiles/ec_shim.dir/shim/src/thermal.c.gcno:no functions found
[tentacruel:ro] [185/393] Building C object modules/ec/zephyr/CMakeFiles/ec_shim.dir/shim/src/console.c.obj
[/mnt/host/source/src/platform/ec/build/zephyr/quandiso-lcov] stderr:
[tentacruel:rw] [271/393] Building C object CMakeFiles/app.dir/mnt/host/source/src/platform/ec/build/zephyr/tentacruel/modules/ec/common/virtual_battery.c.obj
[sapphire:rw] [233/360] Building C object zephyr/subsys/crc/CMakeFiles/subsys__crc.dir/crc32c_sw.c.obj
[matsu:ro] [8/377] Generating include/generated/device-api-sections.ld, include/generated/device-api-sections.cmake
[sapphire:rw] [234/360] Building C object zephyr/subsys/crc/CMakeFiles/subsys__crc.dir/crc32k_4_2_sw.c.obj
[sapphire:rw] [235/360] Building C object zephyr/subsys/crc/CMakeFiles/subsys__crc.dir/crc32_sw.c.obj
[sapphire:rw] [236/360] Linking C static library zephyr/subsys/crc/libsubsys__crc.a
[matsu:rw] [9/377] Building C object zephyr/CMakeFiles/offsets.dir/arch/riscv/core/offsets/offsets.c.obj
[/mnt/host/source/src/platform/ec/build/zephyr/wyrdeer-lcov]   /mnt/host/source/src/platform/ec/build/zephyr/wyrdeer/build-rw/CMakeFiles/app.dir/mnt/host/source/src/platform/ec/build/zephyr/wyrdeer/modules/ec/common/usb_pd_pdo.c.gcno:no functions found
[/mnt/host/source/src/platform/ec/build/zephyr/wyrdeer-lcov] stderr:
[/mnt/host/source/src/platform/ec/build/zephyr/quandiso-lcov]   /mnt/host/source/src/platform/ec/build/zephyr/quandiso/build-rw/modules/ec/zephyr/CMakeFiles/ec_shim.dir/shim/src/battery.c.gcno:no functions found
[/mnt/host/source/src/platform/ec/build/zephyr/quandiso-lcov] stderr:
[tentacruel:rw] [272/393] Building C object CMakeFiles/app.dir/mnt/host/source/src/platform/ec/build/zephyr/tentacruel/modules/ec/common/keyboard_scan.c.obj
[/mnt/host/source/src/platform/ec/build/zephyr/quandiso-lcov]   /mnt/host/source/src/platform/ec/build/zephyr/quandiso/build-rw/modules/ec/zephyr/CMakeFiles/ec_shim.dir/shim/src/charger.c.gcno:no functions found
[/mnt/host/source/src/platform/ec/build/zephyr/quandiso-lcov] stderr:
[tentacruel:rw] [273/393] Building C object CMakeFiles/app.dir/mnt/host/source/src/platform/ec/build/zephyr/tentacruel/modules/ec/common/mkbp_fifo.c.obj
[matsu:rw] [10/377] Generating include/generated/zephyr/offsets.h
[matsu:ro] [9/377] Building C object zephyr/CMakeFiles/offsets.dir/arch/riscv/core/offsets/offsets.c.obj
[tentacruel:ro] [186/393] Building C object modules/ec/zephyr/CMakeFiles/ec_shim.dir/shim/src/gpio_int.c.obj
[tentacruel:rw] [274/393] Building C object CMakeFiles/app.dir/mnt/host/source/src/platform/ec/build/zephyr/tentacruel/modules/ec/common/mkbp_info.c.obj
[tentacruel:ro] [187/393] Building C object modules/ec/zephyr/CMakeFiles/ec_shim.dir/shim/src/gpio.c.obj
[tentacruel:rw] [275/393] Building C object CMakeFiles/app.dir/mnt/host/source/src/platform/ec/build/zephyr/tentacruel/modules/ec/common/keyboard_mkbp.c.obj
[tentacruel:ro] [188/393] Building C object modules/ec/zephyr/CMakeFiles/ec_shim.dir/shim/src/panic_utils.c.obj
[matsu:ro] [10/377] Generating include/generated/zephyr/offsets.h
[sapphire:rw] [237/360] Building C object zephyr/drivers/interrupt_controller/CMakeFiles/drivers__interrupt_controller.dir/intc_ite_it8xxx2_v2.c.obj
[sapphire:rw] [238/360] Building C object zephyr/drivers/interrupt_controller/CMakeFiles/drivers__interrupt_controller.dir/wuc_ite_it8xxx2.c.obj
[tentacruel:rw] [276/393] Building C object CMakeFiles/app.dir/mnt/host/source/src/platform/ec/build/zephyr/tentacruel/modules/ec/common/mkbp_input_devices.c.obj
[sapphire:rw] [239/360] Building C object zephyr/drivers/adc/CMakeFiles/drivers__adc.dir/adc_common.c.obj
[sapphire:rw] [240/360] Linking C static library zephyr/drivers/interrupt_controller/libdrivers__interrupt_controller.a
[matsu:rw] [11/377] Building C object zephyr/CMakeFiles/zephyr.dir/lib/libc/validate_libc.c.obj
[tentacruel:rw] [277/393] Building C object CMakeFiles/app.dir/mnt/host/source/src/platform/ec/build/zephyr/tentacruel/modules/ec/common/led_common.c.obj
[/mnt/host/source/src/platform/ec/build/zephyr/quandiso-lcov]   /mnt/host/source/src/platform/ec/build/zephyr/quandiso/build-rw/modules/ec/zephyr/CMakeFiles/ec_shim.dir/shim/src/usb_muxes.c.gcno:no functions found
[/mnt/host/source/src/platform/ec/build/zephyr/quandiso-lcov] stderr:
[tentacruel:rw] [278/393] Building C object CMakeFiles/app.dir/mnt/host/source/src/platform/ec/build/zephyr/tentacruel/modules/ec/common/motion_lid.c.obj
[matsu:ro] [11/377] Building C object zephyr/CMakeFiles/zephyr.dir/lib/libc/validate_libc.c.obj
[tentacruel:ro] [189/393] Building C object modules/ec/zephyr/CMakeFiles/ec_shim.dir/shim/src/cbi/cros_cbi.c.obj
[tentacruel:ro] [190/393] Building C object modules/ec/zephyr/CMakeFiles/ec_shim.dir/shim/src/cbi/cros_cbi_fw_config.c.obj
[tentacruel:ro] [191/393] Building C object modules/ec/zephyr/CMakeFiles/ec_shim.dir/shim/src/pm_state.c.obj
[tentacruel:rw] [279/393] Building C object CMakeFiles/app.dir/mnt/host/source/src/platform/ec/build/zephyr/tentacruel/modules/ec/common/lid_angle.c.obj
[sapphire:rw] [241/360] Building C object zephyr/drivers/console/CMakeFiles/drivers__console.dir/uart_console.c.obj
[tentacruel:rw] [280/393] Building C object CMakeFiles/app.dir/mnt/host/source/src/platform/ec/build/zephyr/tentacruel/modules/ec/common/lid_angle_keyboard_policy.c.obj
[tentacruel:rw] [281/393] Building C object CMakeFiles/app.dir/mnt/host/source/src/platform/ec/build/zephyr/tentacruel/modules/ec/common/lid_switch.c.obj
[sapphire:rw] [242/360] Linking C static library zephyr/drivers/console/libdrivers__console.a
[sapphire:rw] [243/360] Building C object zephyr/drivers/bbram/CMakeFiles/drivers__bbram.dir/bbram_it8xxx2.c.obj
[/mnt/host/source/src/platform/ec/build/zephyr/npcx7-lcov]   /mnt/host/source/src/platform/ec/build/zephyr/npcx7/build-rw/zephyr/drivers/sensor/CMakeFiles/drivers__sensor.dir/mnt/host/source/src/third_party/zephyr/main/misc/empty_file.c.gcno:no functions found
[/mnt/host/source/src/platform/ec/build/zephyr/npcx7-lcov] Filter suppressions 'region':
[/mnt/host/source/src/platform/ec/build/zephyr/npcx7-lcov]     21 instances
[/mnt/host/source/src/platform/ec/build/zephyr/npcx7-lcov]     12 coverpoints
[/mnt/host/source/src/platform/ec/build/zephyr/npcx7-lcov] Message summary:
[/mnt/host/source/src/platform/ec/build/zephyr/npcx7-lcov]   19 ignore messages:
[/mnt/host/source/src/platform/ec/build/zephyr/npcx7-lcov]     gcov: 19
[sapphire:rw] [244/360] Linking C static library zephyr/drivers/bbram/libdrivers__bbram.a
[sapphire:rw] [245/360] Building C object zephyr/drivers/adc/CMakeFiles/drivers__adc.dir/adc_ite_it8xxx2.c.obj
[matsu:rw] [12/377] Building C object zephyr/CMakeFiles/zephyr.dir/lib/heap/heap.c.obj
[tentacruel:rw] [282/393] Building C object CMakeFiles/app.dir/mnt/host/source/src/platform/ec/build/zephyr/tentacruel/modules/ec/common/mkbp_event.c.obj
[sapphire:rw] [246/360] Linking C static library zephyr/drivers/adc/libdrivers__adc.a
[tentacruel:rw] [283/393] Building C object CMakeFiles/app.dir/mnt/host/source/src/platform/ec/build/zephyr/tentacruel/modules/ec/common/motion_sense.c.obj
[matsu:ro] [12/377] Building C object zephyr/CMakeFiles/zephyr.dir/lib/heap/heap.c.obj
[tentacruel:ro] [192/393] Building C object modules/ec/zephyr/CMakeFiles/ec_shim.dir/shim/src/cbi/cbi_eeprom.c.obj
[tentacruel:ro] [193/393] Building C object modules/ec/zephyr/CMakeFiles/ec_shim.dir/shim/src/led_driver/led_pwm.c.obj
[tentacruel:ro] [194/393] Building C object modules/ec/zephyr/CMakeFiles/ec_shim.dir/shim/src/led_driver/led.c.obj
[tentacruel:rw] [284/393] Building C object CMakeFiles/app.dir/mnt/host/source/src/platform/ec/build/zephyr/tentacruel/modules/ec/common/power_button.c.obj
[sapphire:rw] [247/360] Building C object zephyr/drivers/flash/CMakeFiles/drivers__flash.dir/flash_ite_it8xxx2.c.obj
[sapphire:rw] [248/360] Building C object zephyr/drivers/crypto/CMakeFiles/drivers__crypto.dir/crypto_it8xxx2_sha_v2.c.obj
[sapphire:rw] [249/360] Linking C static library zephyr/drivers/flash/libdrivers__flash.a
[tentacruel:rw] [285/393] Building C object CMakeFiles/app.dir/mnt/host/source/src/platform/ec/build/zephyr/tentacruel/modules/ec/power/host_sleep.c.obj
[sapphire:rw] [250/360] Linking C static library zephyr/drivers/crypto/libdrivers__crypto.a
[matsu:rw] [13/377] Building C object zephyr/CMakeFiles/zephyr.dir/lib/os/cbprintf_packaged.c.obj
[tentacruel:rw] [286/393] Building C object CMakeFiles/app.dir/mnt/host/source/src/platform/ec/build/zephyr/tentacruel/modules/ec/power/common.c.obj
[tentacruel:rw] [287/393] Building C object CMakeFiles/app.dir/mnt/host/source/src/platform/ec/build/zephyr/tentacruel/modules/ec/power/mt8186.c.obj
[sapphire:rw] [251/360] Building C object zephyr/drivers/i2c/CMakeFiles/drivers__i2c.dir/i2c_common.c.obj
[matsu:ro] [13/377] Building C object zephyr/CMakeFiles/zephyr.dir/lib/os/cbprintf_packaged.c.obj
[tentacruel:rw] [288/393] Building C object CMakeFiles/app.dir/mnt/host/source/src/platform/ec/build/zephyr/tentacruel/modules/ec/common/panic_output.c.obj
[tentacruel:ro] [195/393] Building C object modules/ec/zephyr/CMakeFiles/ec_shim.dir/shim/src/adc.c.obj
[tentacruel:ro] [196/393] Building C object modules/ec/zephyr/CMakeFiles/ec_shim.dir/shim/src/battery.c.obj
[sapphire:rw] [252/360] Building C object zephyr/drivers/i2c/CMakeFiles/drivers__i2c.dir/i2c_bitbang.c.obj
[sapphire:rw] [253/360] Building C object zephyr/drivers/gpio/CMakeFiles/drivers__gpio.dir/gpio_ite_it8xxx2_v2.c.obj
[tentacruel:rw] [289/393] Building C object CMakeFiles/app.dir/mnt/host/source/src/platform/ec/build/zephyr/tentacruel/modules/ec/driver/sha256/sha256_it8xxx2.c.obj
[sapphire:rw] [254/360] Linking C static library zephyr/drivers/gpio/libdrivers__gpio.a
[tentacruel:rw] [290/393] Building C object CMakeFiles/app.dir/mnt/host/source/src/platform/ec/build/zephyr/tentacruel/modules/ec/common/shared_mem.c.obj
[matsu:rw] [14/377] Building C object zephyr/CMakeFiles/zephyr.dir/lib/os/clock.c.obj
[tentacruel:ro] [197/393] Building C object modules/ec/zephyr/CMakeFiles/ec_shim.dir/shim/src/system.c.obj
[tentacruel:rw] [291/393] Building C object CMakeFiles/app.dir/mnt/host/source/src/platform/ec/build/zephyr/tentacruel/modules/ec/common/switch.c.obj
[sapphire:rw] [255/360] Building C object zephyr/drivers/i2c/CMakeFiles/drivers__i2c.dir/i2c_shell.c.obj
[tentacruel:rw] [292/393] Building C object CMakeFiles/app.dir/mnt/host/source/src/platform/ec/build/zephyr/tentacruel/modules/ec/driver/stm_mems_common.c.obj
[matsu:ro] [14/377] Building C object zephyr/CMakeFiles/zephyr.dir/lib/os/clock.c.obj
[sapphire:rw] [256/360] Building C object zephyr/drivers/i2c/CMakeFiles/drivers__i2c.dir/i2c_ite_enhance.c.obj
[sapphire:rw] [257/360] Building C object zephyr/drivers/pinctrl/CMakeFiles/drivers__pinctrl.dir/common.c.obj
[sapphire:rw] [258/360] Linking C static library zephyr/drivers/i2c/libdrivers__i2c.a
[tentacruel:rw] [293/393] Building C object CMakeFiles/app.dir/mnt/host/source/src/platform/ec/build/zephyr/tentacruel/modules/ec/common/tablet_mode.c.obj
[matsu:rw] [15/377] Building C object zephyr/CMakeFiles/zephyr.dir/lib/os/printk.c.obj
[tentacruel:ro] [198/393] Building C object modules/ec/zephyr/CMakeFiles/ec_shim.dir/shim/src/chg_rt9490.c.obj
[sapphire:rw] [259/360] Building C object zephyr/drivers/led_strip/CMakeFiles/drivers__led_strip.dir/ws2812_spi.c.obj
[sapphire:rw] [260/360] Linking C static library zephyr/drivers/led_strip/libdrivers__led_strip.a
[tentacruel:ro] [199/393] Building C object modules/ec/zephyr/CMakeFiles/ec_shim.dir/shim/src/bc12_rt9490.c.obj
[tentacruel:ro] [200/393] Building C object modules/ec/zephyr/CMakeFiles/ec_shim.dir/shim/src/charger.c.obj
[tentacruel:rw] [294/393] Building C object CMakeFiles/app.dir/mnt/host/source/src/platform/ec/build/zephyr/tentacruel/modules/ec/common/thermal.c.obj
[tentacruel:rw] [295/393] Building C object CMakeFiles/app.dir/mnt/host/source/src/platform/ec/build/zephyr/tentacruel/modules/ec/common/temp_sensor.c.obj
[tentacruel:rw] [296/393] Building C object CMakeFiles/app.dir/mnt/host/source/src/platform/ec/build/zephyr/tentacruel/modules/ec/common/timer.c.obj
[sapphire:rw] [261/360] Building C object zephyr/drivers/pinctrl/CMakeFiles/drivers__pinctrl.dir/pinctrl_ite_it8xxx2.c.obj
[matsu:ro] [15/377] Building C object zephyr/CMakeFiles/zephyr.dir/lib/os/printk.c.obj
[sapphire:rw] [262/360] Linking C static library zephyr/drivers/pinctrl/libdrivers__pinctrl.a
[tentacruel:rw] [297/393] Building C object CMakeFiles/app.dir/mnt/host/source/src/platform/ec/build/zephyr/tentacruel/modules/ec/driver/temp_sensor/thermistor.c.obj
[sapphire:rw] [263/360] Building C object zephyr/drivers/pwm/CMakeFiles/drivers__pwm.dir/pwm_shell.c.obj
[matsu:rw] [16/377] Building C object zephyr/CMakeFiles/zephyr.dir/lib/os/sem.c.obj
[tentacruel:rw] [298/393] Building C object CMakeFiles/app.dir/mnt/host/source/src/platform/ec/build/zephyr/tentacruel/modules/ec/common/usb_charger.c.obj
[sapphire:rw] [264/360] Building C object zephyr/drivers/pwm/CMakeFiles/drivers__pwm.dir/pwm_ite_it8xxx2.c.obj
[sapphire:rw] [265/360] Linking C static library zephyr/drivers/pwm/libdrivers__pwm.a
[sapphire:rw] [266/360] Building C object zephyr/drivers/serial/CMakeFiles/drivers__serial.dir/uart_ite_it8xxx2.c.obj
[tentacruel:ro] [201/393] Building C object modules/ec/zephyr/CMakeFiles/ec_shim.dir/shim/src/flash.c.obj
[matsu:ro] [16/377] Building C object zephyr/CMakeFiles/zephyr.dir/lib/os/sem.c.obj
[tentacruel:rw] [299/393] Building C object CMakeFiles/app.dir/mnt/host/source/src/platform/ec/build/zephyr/tentacruel/modules/ec/common/usb_port_power_dumb.c.obj
[sapphire:rw] [267/360] Building C object zephyr/drivers/syscon/CMakeFiles/drivers__syscon.dir/mnt/host/source/src/third_party/zephyr/main/misc/empty_file.c.obj
[tentacruel:rw] [300/393] Building C object CMakeFiles/app.dir/mnt/host/source/src/platform/ec/build/zephyr/tentacruel/modules/ec/common/typec_control.c.obj
[tentacruel:ro] [202/393] Building C object modules/ec/zephyr/CMakeFiles/ec_shim.dir/shim/src/hooks.c.obj
[sapphire:rw] [268/360] Linking C static library zephyr/drivers/syscon/libdrivers__syscon.a
[tentacruel:ro] [203/393] Building C object modules/ec/zephyr/CMakeFiles/ec_shim.dir/shim/src/host_command.c.obj
[tentacruel:rw] [301/393] Building C object CMakeFiles/app.dir/mnt/host/source/src/platform/ec/build/zephyr/tentacruel/modules/ec/common/usb_pd_pdo.c.obj
[sapphire:rw] [269/360] Building C object zephyr/drivers/spi/CMakeFiles/drivers__spi.dir/spi_signal.c.obj
[sapphire:rw] [270/360] Building C object zephyr/drivers/serial/CMakeFiles/drivers__serial.dir/uart_ns16550.c.obj
[/mnt/host/source/src/platform/ec/build/zephyr/quandiso-lcov]   /mnt/host/source/src/platform/ec/build/zephyr/quandiso/build-rw/modules/ec/zephyr/CMakeFiles/ec_shim.dir/shim/src/usba.c.gcno:no functions found
[/mnt/host/source/src/platform/ec/build/zephyr/quandiso-lcov] stderr:
[/mnt/host/source/src/platform/ec/build/zephyr/wyrdeer-lcov]   /mnt/host/source/src/platform/ec/build/zephyr/wyrdeer/build-rw/CMakeFiles/app.dir/mnt/host/source/src/platform/ec/build/zephyr/wyrdeer/modules/ec/common/cbi_config.c.gcno:no functions found
[/mnt/host/source/src/platform/ec/build/zephyr/wyrdeer-lcov] stderr:
[sapphire:rw] [271/360] Linking C static library zephyr/drivers/serial/libdrivers__serial.a
[tentacruel:rw] [302/393] Building C object CMakeFiles/app.dir/mnt/host/source/src/platform/ec/build/zephyr/tentacruel/modules/ec/common/usb_common.c.obj
[matsu:rw] [17/377] Building C object zephyr/CMakeFiles/zephyr.dir/lib/os/thread_entry.c.obj
[matsu:ro] [17/377] Building C object zephyr/CMakeFiles/zephyr.dir/lib/os/thread_entry.c.obj
[tentacruel:rw] [303/393] Building C object CMakeFiles/app.dir/mnt/host/source/src/platform/ec/build/zephyr/tentacruel/modules/ec/common/usbc/usbc_task.c.obj
[sapphire:rw] [272/360] Building C object zephyr/drivers/timer/CMakeFiles/drivers__timer.dir/sys_clock_init.c.obj
[sapphire:rw] [273/360] Building C object zephyr/drivers/spi/CMakeFiles/drivers__spi.dir/spi_it8xxx2.c.obj
[tentacruel:ro] [204/393] Building C object modules/ec/zephyr/CMakeFiles/ec_shim.dir/shim/src/keyscan.c.obj
[tentacruel:ro] [205/393] Building C object modules/ec/zephyr/CMakeFiles/ec_shim.dir/shim/src/console_buffer.c.obj
[tentacruel:rw] [304/393] Building C object CMakeFiles/app.dir/mnt/host/source/src/platform/ec/build/zephyr/tentacruel/modules/ec/common/usbc/usb_sm.c.obj
[sapphire:rw] [274/360] Linking C static library zephyr/drivers/spi/libdrivers__spi.a
[tentacruel:rw] [305/393] Building C object CMakeFiles/app.dir/mnt/host/source/src/platform/ec/build/zephyr/tentacruel/modules/ec/common/usbc/usb_pd_timer.c.obj
[tentacruel:ro] [206/393] Building C object modules/ec/zephyr/CMakeFiles/ec_shim.dir/shim/src/keyboard_raw.c.obj
[matsu:rw] [18/377] Building C object zephyr/CMakeFiles/zephyr.dir/lib/os/cbprintf_nano.c.obj
[tentacruel:rw] [306/393] Building C object CMakeFiles/app.dir/mnt/host/source/src/platform/ec/build/zephyr/tentacruel/modules/ec/common/usbc_intr_task.c.obj
[sapphire:rw] [275/360] Building C object zephyr/drivers/timer/CMakeFiles/drivers__timer.dir/ite_it8xxx2_timer.c.obj
[sapphire:rw] [276/360] Building C object zephyr/drivers/watchdog/CMakeFiles/drivers__watchdog.dir/wdt_ite_it8xxx2.c.obj
[sapphire:rw] [277/360] Linking C static library zephyr/drivers/timer/libdrivers__timer.a
[tentacruel:rw] [307/393] Building C object CMakeFiles/app.dir/mnt/host/source/src/platform/ec/build/zephyr/tentacruel/modules/ec/common/usbc_utils.c.obj
[/mnt/host/source/src/platform/ec/build/zephyr/wyrdeer-lcov]   /mnt/host/source/src/platform/ec/build/zephyr/wyrdeer/build-rw/zephyr/arch/arch/riscv/core/CMakeFiles/arch__riscv__core.dir/cpu_idle.c.gcno:no functions found
[/mnt/host/source/src/platform/ec/build/zephyr/wyrdeer-lcov] stderr:
[matsu:ro] [18/377] Building C object zephyr/CMakeFiles/zephyr.dir/lib/os/cbprintf_nano.c.obj
[tentacruel:ro] [207/393] Building C object modules/ec/zephyr/CMakeFiles/ec_shim.dir/shim/src/mkbp_event.c.obj
[tentacruel:rw] [308/393] Building C object CMakeFiles/app.dir/mnt/host/source/src/platform/ec/build/zephyr/tentacruel/modules/ec/common/usb_pd_flags.c.obj
[sapphire:rw] [278/360] Building C object zephyr/drivers/watchdog/CMakeFiles/drivers__watchdog.dir/wdt_shell.c.obj
[sapphire:rw] [279/360] Linking C static library zephyr/drivers/watchdog/libdrivers__watchdog.a
[matsu:rw] [19/377] Building C object zephyr/CMakeFiles/zephyr.dir/lib/os/cbprintf.c.obj
[tentacruel:rw] [309/393] Building C object CMakeFiles/app.dir/mnt/host/source/src/platform/ec/build/zephyr/tentacruel/modules/ec/common/chargen.c.obj
[tentacruel:ro] [208/393] Building C object modules/ec/zephyr/CMakeFiles/ec_shim.dir/shim/src/panic.c.obj
[tentacruel:ro] [209/393] Building C object modules/ec/zephyr/CMakeFiles/ec_shim.dir/shim/src/motionsense_sensors.c.obj
[sapphire:rw] [280/360] Building C object modules/ec/zephyr/CMakeFiles/ec_shim.dir/app/ec/ec_app_main.c.obj
[sapphire:rw] [281/360] Building C object modules/ec/zephyr/CMakeFiles/ec_shim.dir/app/ec/main_shim.c.obj
[tentacruel:rw] [310/393] Building C object CMakeFiles/app.dir/mnt/host/source/src/platform/ec/build/zephyr/tentacruel/modules/ec/common/usbc/usb_pd_console.c.obj
[matsu:ro] [19/377] Building C object zephyr/CMakeFiles/zephyr.dir/lib/os/cbprintf.c.obj
[tentacruel:rw] [311/393] Building C object CMakeFiles/app.dir/mnt/host/source/src/platform/ec/build/zephyr/tentacruel/modules/ec/driver/usb_mux/usb_mux.c.obj
[sapphire:rw] [282/360] Building C object modules/ec/zephyr/CMakeFiles/ec_shim.dir/drivers/cros_flash/cros_flash_it8xxx2.c.obj
[tentacruel:rw] [312/393] Building C object CMakeFiles/app.dir/mnt/host/source/src/platform/ec/build/zephyr/tentacruel/modules/ec/driver/usb_mux/it5205.c.obj
[tentacruel:ro] [210/393] Building C object modules/ec/zephyr/CMakeFiles/ec_shim.dir/shim/src/power.c.obj
[matsu:rw] [20/377] Building C object zephyr/CMakeFiles/zephyr.dir/lib/os/assert.c.obj
[/mnt/host/source/src/platform/ec/build/zephyr/wyrdeer-lcov]   /mnt/host/source/src/platform/ec/build/zephyr/wyrdeer/build-rw/zephyr/arch/common/CMakeFiles/isr_tables.dir/isr_tables.c.gcno:no functions found
[/mnt/host/source/src/platform/ec/build/zephyr/wyrdeer-lcov] stderr:
[tentacruel:rw] [313/393] Building C object CMakeFiles/app.dir/mnt/host/source/src/platform/ec/build/zephyr/tentacruel/modules/ec/driver/usb_mux/ps8743.c.obj
[matsu:rw] [21/377] Building C object zephyr/CMakeFiles/zephyr.dir/lib/utils/base64.c.obj
[sapphire:rw] [283/360] Building C object modules/ec/zephyr/CMakeFiles/ec_shim.dir/drivers/cros_kb_raw/cros_kb_raw_ite.c.obj
[tentacruel:rw] [314/393] Building C object CMakeFiles/app.dir/mnt/host/source/src/platform/ec/build/zephyr/tentacruel/modules/ec/driver/usb_mux/virtual.c.obj
[tentacruel:ro] [211/393] Building C object modules/ec/zephyr/CMakeFiles/ec_shim.dir/shim/src/thermal.c.obj
[matsu:ro] [20/377] Building C object zephyr/CMakeFiles/zephyr.dir/lib/os/assert.c.obj
[matsu:rw] [22/377] Building C object zephyr/CMakeFiles/zephyr.dir/lib/utils/dec.c.obj
[sapphire:rw] [284/360] Building C object modules/ec/zephyr/CMakeFiles/ec_shim.dir/drivers/usbc/ucsi_v3.c.obj
[sapphire:rw] [285/360] Building C object modules/ec/zephyr/CMakeFiles/ec_shim.dir/drivers/cros_system/cros_system_it8xxx2.c.obj
[matsu:ro] [21/377] Building C object zephyr/CMakeFiles/zephyr.dir/lib/utils/base64.c.obj
[tentacruel:ro] [212/393] Building C object modules/ec/zephyr/CMakeFiles/ec_shim.dir/shim/src/temp_sensors.c.obj
[tentacruel:rw] [315/393] Building C object CMakeFiles/app.dir/mnt/host/source/src/platform/ec/build/zephyr/tentacruel/modules/ec/common/dps.c.obj
[tentacruel:ro] [213/393] Building C object modules/ec/zephyr/CMakeFiles/ec_shim.dir/shim/src/hwtimer.c.obj
[tentacruel:rw] [316/393] Building C object CMakeFiles/app.dir/mnt/host/source/src/platform/ec/build/zephyr/tentacruel/modules/ec/common/event_log.c.obj
[tentacruel:rw] [317/393] Building C object CMakeFiles/app.dir/mnt/host/source/src/platform/ec/build/zephyr/tentacruel/modules/ec/common/pd_log.c.obj
[matsu:rw] [23/377] Building C object zephyr/CMakeFiles/zephyr.dir/lib/utils/hex.c.obj
[matsu:ro] [22/377] Building C object zephyr/CMakeFiles/zephyr.dir/lib/utils/dec.c.obj
[matsu:ro] [23/377] Building C object zephyr/CMakeFiles/zephyr.dir/lib/utils/hex.c.obj
[tentacruel:ro] [214/393] Building C object modules/ec/zephyr/CMakeFiles/ec_shim.dir/shim/src/i2c.c.obj
[sapphire:rw] [286/360] Building C object modules/ec/zephyr/CMakeFiles/ec_shim.dir/drivers/usbc/pdc_rts54xx.c.obj
[sapphire:rw] [287/360] Building C object modules/ec/zephyr/CMakeFiles/ec_shim.dir/shim/chip/it8xxx2/clock.c.obj
[tentacruel:rw] [318/393] Building C object CMakeFiles/app.dir/mnt/host/source/src/platform/ec/build/zephyr/tentacruel/modules/ec/common/usbc/usb_prl_sm.c.obj
[tentacruel:rw] [319/393] Building C object CMakeFiles/app.dir/mnt/host/source/src/platform/ec/build/zephyr/tentacruel/modules/ec/common/usbc/usb_tc_drp_acc_trysrc_sm.c.obj
[sapphire:rw] [288/360] Building C object modules/ec/zephyr/CMakeFiles/ec_shim.dir/drivers/usbc/pdc_rts54xx_fwup.c.obj
[sapphire:rw] [289/360] Building C object modules/ec/zephyr/CMakeFiles/ec_shim.dir/shim/chip/it8xxx2/gpio.c.obj
[tentacruel:ro] [215/393] Building C object modules/ec/zephyr/CMakeFiles/ec_shim.dir/shim/src/tasks.c.obj
[matsu:rw] [24/377] Building C object zephyr/CMakeFiles/zephyr.dir/lib/utils/rb.c.obj
[tentacruel:rw] [320/393] Building C object CMakeFiles/app.dir/mnt/host/source/src/platform/ec/build/zephyr/tentacruel/modules/ec/common/usbc/usbc_pd_policy.c.obj
[tentacruel:ro] [216/393] Building C object modules/ec/zephyr/CMakeFiles/ec_shim.dir/shim/src/watchdog.c.obj
[matsu:ro] [24/377] Building C object zephyr/CMakeFiles/zephyr.dir/lib/utils/rb.c.obj
[tentacruel:rw] [321/393] Building C object CMakeFiles/app.dir/mnt/host/source/src/platform/ec/build/zephyr/tentacruel/modules/ec/common/usbc/usb_pd_dpm.c.obj
[tentacruel:ro] [217/393] Building C object modules/ec/zephyr/CMakeFiles/ec_shim.dir/shim/src/bc12.c.obj
[sapphire:rw] [290/360] Building C object modules/ec/zephyr/CMakeFiles/ec_shim.dir/shim/chip/it8xxx2/system.c.obj
[tentacruel:rw] [322/393] Building C object CMakeFiles/app.dir/mnt/host/source/src/platform/ec/build/zephyr/tentacruel/modules/ec/common/usbc/usb_pe_drp_sm.c.obj
[matsu:rw] [25/377] Building C object zephyr/CMakeFiles/zephyr.dir/lib/utils/timeutil.c.obj
[sapphire:rw] [291/360] Building C object modules/ec/zephyr/CMakeFiles/ec_shim.dir/shim/chip/it8xxx2/keyboard_raw.c.obj
[matsu:ro] [25/377] Building C object zephyr/CMakeFiles/zephyr.dir/lib/utils/timeutil.c.obj
[sapphire:rw] [292/360] Building C object modules/ec/zephyr/CMakeFiles/ec_shim.dir/shim/src/crc.c.obj
[sapphire:rw] [293/360] Building C object modules/ec/zephyr/CMakeFiles/ec_shim.dir/shim/chip/it8xxx2/power_policy.c.obj
[sapphire:rw] [294/360] Building C object modules/ec/zephyr/CMakeFiles/ec_shim.dir/shim/chip/it8xxx2/shi.c.obj
[tentacruel:rw] [323/393] Building C object CMakeFiles/app.dir/mnt/host/source/src/platform/ec/build/zephyr/tentacruel/modules/ec/common/usbc/dp_alt_mode.c.obj
[tentacruel:rw] [324/393] Building C object CMakeFiles/app.dir/mnt/host/source/src/platform/ec/build/zephyr/tentacruel/modules/ec/common/usb_pd_console_cmd.c.obj
[tentacruel:ro] [218/393] Building C object modules/ec/zephyr/CMakeFiles/ec_shim.dir/shim/src/bc12_pi3usb9201.c.obj
[tentacruel:rw] [325/393] Building C object CMakeFiles/app.dir/mnt/host/source/src/platform/ec/build/zephyr/tentacruel/modules/ec/common/usb_pd_host_cmd.c.obj
[tentacruel:ro] [219/393] Building C object modules/ec/zephyr/CMakeFiles/ec_shim.dir/shim/src/ppc.c.obj
[matsu:rw] [26/377] Building C object zephyr/CMakeFiles/zephyr.dir/lib/utils/bitarray.c.obj
[tentacruel:ro] [220/393] cd /mnt/host/source/src/platform/ec/build/zephyr/tentacruel/build-ro/modules/ec/zephyr && PYTHONPATH=/mnt/host/source/src/platform/ec/build/zephyr/tentacruel/modules/ec/zephyr/zmake/ /usr/bin/python3.11 /mnt/host/source/src/platform/ec/build/zephyr/tentacruel/modules/ec/zephyr/zmake/zephyr_build_tools/generate_ec_version.py /mnt/host/source/src/platform/ec/build/zephyr/tentacruel/build-ro/modules/ec/zephyr/include/ec_version.h --name Zephyr-Kernel --version 16543.0.0 --static
[tentacruel:ro] INFO:root:Using a static version string
[tentacruel:rw] [326/393] Building C object CMakeFiles/app.dir/mnt/host/source/src/platform/ec/build/zephyr/tentacruel/modules/ec/common/usbc/usb_pd_host.c.obj
[tentacruel:ro] INFO:root:Version string: Zephyr-Kernel-16543.0.0
[tentacruel:ro] INFO:root:Writing header to /mnt/host/source/src/platform/ec/build/zephyr/tentacruel/build-ro/modules/ec/zephyr/include/ec_version.h
[tentacruel:ro] [221/393] Building C object modules/ec/zephyr/CMakeFiles/ec_shim.dir/shim/src/usba.c.obj
[sapphire:rw] [295/360] Building C object modules/ec/zephyr/CMakeFiles/ec_shim.dir/shim/src/console.c.obj
[tentacruel:rw] [327/393] Building C object CMakeFiles/app.dir/mnt/host/source/src/platform/ec/build/zephyr/tentacruel/modules/ec/zephyr/shim/src/tcpc.c.obj
[matsu:rw] [27/377] Building C object zephyr/CMakeFiles/zephyr.dir/lib/utils/bitmask.c.obj
[matsu:ro] [26/377] Building C object zephyr/CMakeFiles/zephyr.dir/lib/utils/bitarray.c.obj
[sapphire:rw] [296/360] Building C object modules/ec/zephyr/CMakeFiles/ec_shim.dir/shim/src/panic_utils.c.obj
[tentacruel:rw] [328/393] Building C object CMakeFiles/app.dir/mnt/host/source/src/platform/ec/build/zephyr/tentacruel/modules/ec/common/usbc/svdm_rsp_dfp_only.c.obj
[sapphire:rw] [297/360] Building C object modules/ec/zephyr/CMakeFiles/ec_shim.dir/shim/src/gpio.c.obj
[tentacruel:rw] [329/393] Building C object CMakeFiles/app.dir/mnt/host/source/src/platform/ec/build/zephyr/tentacruel/modules/ec/common/usb_pd_host_cmd_common.c.obj
[matsu:ro] [27/377] Building C object zephyr/CMakeFiles/zephyr.dir/lib/utils/bitmask.c.obj
[sapphire:rw] [298/360] Building C object modules/ec/zephyr/CMakeFiles/ec_shim.dir/shim/src/gpio_int.c.obj
[tentacruel:ro] [222/393] Building C object CMakeFiles/app.dir/mnt/host/source/src/platform/ec/zephyr/subsys/ap_pwrseq/ap_events.c.obj
[tentacruel:ro] [223/393] Building C object modules/ec/zephyr/CMakeFiles/ec_shim.dir/shim/src/usb_muxes.c.obj
[tentacruel:rw] [330/393] Building C object CMakeFiles/app.dir/mnt/host/source/src/platform/ec/build/zephyr/tentacruel/modules/ec/common/usbc_ocp.c.obj
[tentacruel:ro] [224/393] Building C object CMakeFiles/app.dir/mnt/host/source/src/platform/ec/build/zephyr/tentacruel/modules/ec/builtin/stdlib.c.obj
[matsu:rw] [28/377] Building C object zephyr/CMakeFiles/zephyr.dir/lib/utils/getopt/getopt.c.obj
[tentacruel:rw] [331/393] Building C object CMakeFiles/app.dir/mnt/host/source/src/platform/ec/build/zephyr/tentacruel/modules/ec/common/usb_pd_dual_role.c.obj
[tentacruel:rw] [332/393] Building C object CMakeFiles/app.dir/mnt/host/source/src/platform/ec/build/zephyr/tentacruel/modules/ec/common/usb_pd_discovery.c.obj
[sapphire:rw] [299/360] Building C object modules/ec/zephyr/CMakeFiles/ec_shim.dir/shim/src/pm_state.c.obj
[matsu:ro] [28/377] Building C object zephyr/CMakeFiles/zephyr.dir/lib/utils/getopt/getopt.c.obj
[sapphire:rw] [300/360] Building C object modules/ec/zephyr/CMakeFiles/ec_shim.dir/shim/src/cbi/cros_cbi.c.obj
[sapphire:rw] [301/360] Building C object modules/ec/zephyr/CMakeFiles/ec_shim.dir/shim/src/cbi/cros_cbi_ufsc.c.obj
[/mnt/host/source/src/platform/ec/build/zephyr/wyrdeer-lcov]   /mnt/host/source/src/platform/ec/build/zephyr/wyrdeer/build-rw/zephyr/CMakeFiles/zephyr.dir/subsys/shell/modules/kernel_service/kernel_shell.c.gcno:no functions found
[/mnt/host/source/src/platform/ec/build/zephyr/wyrdeer-lcov] stderr:
[tentacruel:rw] [333/393] Building C object CMakeFiles/app.dir/mnt/host/source/src/platform/ec/build/zephyr/tentacruel/modules/ec/common/usbc/dp_hpd_gpio.c.obj
[tentacruel:rw] [334/393] Building C object CMakeFiles/app.dir/mnt/host/source/src/platform/ec/build/zephyr/tentacruel/modules/ec/driver/tcpm/tcpci.c.obj
[tentacruel:ro] [225/393] Building C object CMakeFiles/app.dir/mnt/host/source/src/platform/ec/build/zephyr/tentacruel/modules/ec/common/base32.c.obj
[sapphire:rw] [302/360] Building C object modules/ec/zephyr/CMakeFiles/ec_shim.dir/shim/src/cbi/cbi_flash.c.obj
[tentacruel:rw] [335/393] Building C object CMakeFiles/app.dir/mnt/host/source/src/platform/ec/build/zephyr/tentacruel/modules/ec/driver/tcpm/ite_pd_intc.c.obj
[tentacruel:ro] [226/393] Building C object CMakeFiles/app.dir/mnt/host/source/src/platform/ec/build/zephyr/tentacruel/modules/ec/common/console_output.c.obj
[/mnt/host/source/src/platform/ec/build/zephyr/wyrdeer-lcov]   /mnt/host/source/src/platform/ec/build/zephyr/wyrdeer/build-rw/zephyr/CMakeFiles/zephyr.dir/lib/libc/validate_libc.c.gcno:no functions found
[/mnt/host/source/src/platform/ec/build/zephyr/wyrdeer-lcov] stderr:
[tentacruel:ro] [227/393] Building C object CMakeFiles/app.dir/mnt/host/source/src/platform/ec/build/zephyr/tentacruel/modules/ec/common/ec_features.c.obj
[matsu:rw] [29/377] Building C object zephyr/CMakeFiles/zephyr.dir/lib/utils/getopt/getopt_common.c.obj
[tentacruel:rw] [336/393] Building C object CMakeFiles/app.dir/mnt/host/source/src/platform/ec/build/zephyr/tentacruel/modules/ec/driver/tcpm/it8xxx2.c.obj
[matsu:ro] [29/377] Building C object zephyr/CMakeFiles/zephyr.dir/lib/utils/getopt/getopt_common.c.obj
[tentacruel:rw] [337/393] Building C object CMakeFiles/app.dir/mnt/host/source/src/platform/ec/build/zephyr/tentacruel/modules/ec/common/usbc_ppc.c.obj
[matsu:rw] [30/377] Building C object zephyr/CMakeFiles/zephyr.dir/lib/utils/ring_buffer.c.obj
[sapphire:rw] [303/360] Building C object modules/ec/zephyr/CMakeFiles/ec_shim.dir/shim/src/led_driver/led.c.obj
[sapphire:rw] [304/360] Building C object modules/ec/zephyr/CMakeFiles/ec_shim.dir/shim/src/led_driver/led_pwm.c.obj
[matsu:rw] [31/377] Building C object zephyr/CMakeFiles/zephyr.dir/lib/utils/last_section_id.c.obj
[sapphire:rw] [305/360] Building C object modules/ec/zephyr/CMakeFiles/ec_shim.dir/shim/src/system.c.obj
[matsu:ro] [30/377] Building C object zephyr/CMakeFiles/zephyr.dir/lib/utils/ring_buffer.c.obj
[tentacruel:ro] [228/393] Building C object CMakeFiles/app.dir/mnt/host/source/src/platform/ec/build/zephyr/tentacruel/modules/ec/common/gpio_commands.c.obj
[tentacruel:rw] [338/393] Building C object CMakeFiles/app.dir/mnt/host/source/src/platform/ec/build/zephyr/tentacruel/modules/ec/driver/ppc/syv682x.c.obj
[tentacruel:rw] [339/393] Building C object CMakeFiles/app.dir/mnt/host/source/src/platform/ec/build/zephyr/tentacruel/modules/ec/driver/ppc/rt1739.c.obj
[matsu:ro] [31/377] Building C object zephyr/CMakeFiles/zephyr.dir/lib/utils/last_section_id.c.obj
[tentacruel:ro] [229/393] Building C object CMakeFiles/app.dir/mnt/host/source/src/platform/ec/build/zephyr/tentacruel/modules/ec/common/peripheral.c.obj
[sapphire:rw] [306/360] Building C object modules/ec/zephyr/CMakeFiles/ec_shim.dir/shim/src/pdc_shim.c.obj
[tentacruel:rw] [340/393] Building C object CMakeFiles/app.dir/mnt/host/source/src/platform/ec/build/zephyr/tentacruel/modules/ec/common/vboot_hash.c.obj
[tentacruel:ro] [230/393] Building C object CMakeFiles/app.dir/mnt/host/source/src/platform/ec/build/zephyr/tentacruel/modules/ec/common/printf.c.obj
[matsu:rw] [32/377] Building C object zephyr/CMakeFiles/zephyr.dir/misc/generated/configs.c.obj
[/mnt/host/source/src/platform/ec/build/zephyr/wyrdeer-lcov]   /mnt/host/source/src/platform/ec/build/zephyr/wyrdeer/build-rw/zephyr/CMakeFiles/zephyr.dir/lib/utils/last_section_id.c.gcno:no functions found
[/mnt/host/source/src/platform/ec/build/zephyr/wyrdeer-lcov] stderr:
[tentacruel:rw] [341/393] Building C object CMakeFiles/app.dir/mnt/host/source/src/platform/ec/build/zephyr/tentacruel/modules/ec/common/button.c.obj
[matsu:ro] [32/377] Building C object zephyr/CMakeFiles/zephyr.dir/misc/generated/configs.c.obj
[matsu:rw] [33/377] Building ASM object zephyr/CMakeFiles/zephyr.dir/soc/ite/ec/common/soc_irq.S.obj
[tentacruel:rw] [342/393] Building C object CMakeFiles/app.dir/mnt/host/source/src/platform/ec/build/zephyr/tentacruel/modules/ec/common/vboot/efs2.c.obj
[sapphire:rw] [307/360] Building C object modules/ec/zephyr/CMakeFiles/ec_shim.dir/shim/src/battery.c.obj
[sapphire:rw] [308/360] Building C object modules/ec/zephyr/CMakeFiles/ec_shim.dir/shim/src/adc.c.obj
[sapphire:rw] [309/360] Building C object modules/ec/zephyr/CMakeFiles/ec_shim.dir/shim/src/charger.c.obj
[tentacruel:rw] [343/393] Building C object CMakeFiles/app.dir/mnt/host/source/src/platform/ec/build/zephyr/tentacruel/modules/ec/common/math_util.c.obj
[tentacruel:rw] [344/393] Building C object CMakeFiles/app.dir/src/board.c.obj
[tentacruel:ro] [231/393] Building C object CMakeFiles/app.dir/mnt/host/source/src/platform/ec/build/zephyr/tentacruel/modules/ec/common/queue.c.obj
[tentacruel:rw] [345/393] Building C object CMakeFiles/app.dir/mnt/host/source/src/platform/ec/build/zephyr/tentacruel/modules/ec/common/vstore.c.obj
[matsu:ro] [33/377] Building ASM object zephyr/CMakeFiles/zephyr.dir/soc/ite/ec/common/soc_irq.S.obj
[tentacruel:ro] [232/393] Building C object CMakeFiles/app.dir/mnt/host/source/src/platform/ec/build/zephyr/tentacruel/modules/ec/common/system.c.obj
[tentacruel:ro] [233/393] Building C object CMakeFiles/app.dir/mnt/host/source/src/platform/ec/build/zephyr/tentacruel/modules/ec/common/system_boot_time.c.obj
[sapphire:rw] [310/360] Building C object modules/ec/zephyr/CMakeFiles/ec_shim.dir/shim/src/flash.c.obj
[matsu:rw] [34/377] Building C object zephyr/CMakeFiles/zephyr.dir/soc/ite/ec/common/soc_common_irq.c.obj
[tentacruel:rw] [346/393] Building C object CMakeFiles/app.dir/src/hibernate.c.obj
[matsu:ro] [34/377] Building C object zephyr/CMakeFiles/zephyr.dir/soc/ite/ec/common/soc_common_irq.c.obj
[tentacruel:rw] [347/393] Building C object CMakeFiles/app.dir/src/usbc.c.obj
[tentacruel:rw] [348/393] Building C object CMakeFiles/app.dir/src/board_chipset.c.obj
[tentacruel:ro] [234/393] Building C object CMakeFiles/app.dir/mnt/host/source/src/platform/ec/build/zephyr/tentacruel/modules/ec/common/uart_printf.c.obj
[sapphire:rw] [311/360] Building C object modules/ec/zephyr/CMakeFiles/ec_shim.dir/shim/src/console_buffer.c.obj
[sapphire:rw] [312/360] Building C object modules/ec/zephyr/CMakeFiles/ec_shim.dir/shim/src/host_command.c.obj
[sapphire:rw] [313/360] Building C object modules/ec/zephyr/CMakeFiles/ec_shim.dir/shim/src/hooks.c.obj
[tentacruel:rw] [349/393] Building C object CMakeFiles/app.dir/src/usb_pd_policy.c.obj
[matsu:rw] [35/377] Building C object zephyr/CMakeFiles/zephyr.dir/soc/ite/ec/common/power.c.obj
[tentacruel:ro] [235/393] Building C object CMakeFiles/app.dir/mnt/host/source/src/platform/ec/build/zephyr/tentacruel/modules/ec/common/util.c.obj
[tentacruel:ro] [236/393] Building C object CMakeFiles/app.dir/mnt/host/source/src/platform/ec/build/zephyr/tentacruel/modules/ec/common/version.c.obj
[tentacruel:rw] [350/393] Building C object CMakeFiles/app.dir/src/variant_db_detection.c.obj
[sapphire:rw] [314/360] Building C object modules/ec/zephyr/CMakeFiles/ec_shim.dir/shim/src/keyboard_raw.c.obj
[tentacruel:rw] [351/393] Building C object CMakeFiles/app.dir/src/ite_hooks.c.obj
[matsu:ro] [35/377] Building C object zephyr/CMakeFiles/zephyr.dir/soc/ite/ec/common/power.c.obj
[tentacruel:rw] [352/393] Building C object CMakeFiles/app.dir/src/ite_i2c.c.obj
[matsu:rw] [36/377] Building C object zephyr/CMakeFiles/zephyr.dir/soc/ite/ec/common/policy.c.obj
[tentacruel:rw] [353/393] Building C object CMakeFiles/app.dir/src/ite_charger_workaround.c.obj
[sapphire:rw] [315/360] Building C object modules/ec/zephyr/CMakeFiles/ec_shim.dir/shim/src/panic.c.obj
[sapphire:rw] [316/360] Building C object modules/ec/zephyr/CMakeFiles/ec_shim.dir/shim/src/mkbp_event.c.obj
[tentacruel:ro] [237/393] Building C object CMakeFiles/app.dir/mnt/host/source/src/platform/ec/build/zephyr/tentacruel/modules/ec/driver/accel_bma4xx.c.obj
[tentacruel:rw] [354/393] Building C object CMakeFiles/app.dir/src/ite_usb_pd_policy.c.obj
[tentacruel:ro] [238/393] Building C object CMakeFiles/app.dir/mnt/host/source/src/platform/ec/build/zephyr/tentacruel/modules/ec/driver/accelgyro_bmi_common.c.obj
[sapphire:rw] [317/360] Building C object modules/ec/zephyr/CMakeFiles/ec_shim.dir/shim/src/power.c.obj
[matsu:ro] [36/377] Building C object zephyr/CMakeFiles/zephyr.dir/soc/ite/ec/common/policy.c.obj
[tentacruel:ro] [239/393] Building C object CMakeFiles/app.dir/mnt/host/source/src/platform/ec/build/zephyr/tentacruel/modules/ec/driver/accel_lis2dw12.c.obj
[sapphire:rw] [318/360] Building C object modules/ec/zephyr/CMakeFiles/ec_shim.dir/shim/src/motionsense_sensors.c.obj
[tentacruel:rw] [355/393] Linking C static library modules/ec/zephyr/libec_shim.a
[tentacruel:rw] [356/393] Building C object CMakeFiles/app.dir/src/ite_usbc.c.obj
[tentacruel:rw] [357/393] Building C object CMakeFiles/app.dir/tentacruel/src/sensor.c.obj
[matsu:rw] [37/377] Building C object zephyr/CMakeFiles/zephyr.dir/soc/ite/ec/it8xxx2/soc.c.obj
[tentacruel:rw] [358/393] Building C object CMakeFiles/app.dir/tentacruel/src/temp.c.obj
[tentacruel:rw] [359/393] Building C object CMakeFiles/app.dir/tentacruel/src/ppc.c.obj
[sapphire:rw] [319/360] Building C object modules/ec/zephyr/CMakeFiles/ec_shim.dir/shim/src/thermal.c.obj
[sapphire:rw] [320/360] Building C object modules/ec/zephyr/CMakeFiles/ec_shim.dir/shim/src/hwtimer.c.obj
[tentacruel:rw] [360/393] Building C object zephyr/kernel/CMakeFiles/kernel.dir/main_weak.c.obj
[matsu:ro] [37/377] Building C object zephyr/CMakeFiles/zephyr.dir/soc/ite/ec/it8xxx2/soc.c.obj
[tentacruel:rw] [361/393] Building C object zephyr/kernel/CMakeFiles/kernel.dir/banner.c.obj
[tentacruel:ro] [240/393] Building C object CMakeFiles/app.dir/mnt/host/source/src/platform/ec/build/zephyr/tentacruel/modules/ec/driver/accelgyro_bmi3xx.c.obj
[sapphire:rw] [321/360] Building C object modules/ec/zephyr/CMakeFiles/ec_shim.dir/shim/src/temp_sensors.c.obj
[tentacruel:rw] [362/393] Linking C static library app/libapp.a
[matsu:rw] [38/377] Building C object zephyr/CMakeFiles/zephyr.dir/soc/ite/ec/it8xxx2/check_regs.c.obj
[tentacruel:ro] [241/393] Building C object CMakeFiles/app.dir/mnt/host/source/src/platform/ec/build/zephyr/tentacruel/modules/ec/driver/accelgyro_icm_common.c.obj
[tentacruel:rw] [363/393] Building C object zephyr/kernel/CMakeFiles/kernel.dir/busy_wait.c.obj
[tentacruel:ro] [242/393] Building C object CMakeFiles/app.dir/mnt/host/source/src/platform/ec/build/zephyr/tentacruel/modules/ec/driver/accelgyro_icm42607.c.obj
[sapphire:rw] [322/360] Building C object modules/ec/zephyr/CMakeFiles/ec_shim.dir/shim/src/i2c.c.obj
[tentacruel:rw] [364/393] Building C object zephyr/kernel/CMakeFiles/kernel.dir/device.c.obj
[matsu:rw] [39/377] Building ASM object zephyr/CMakeFiles/zephyr.dir/soc/ite/ec/it8xxx2/vector.S.obj
[tentacruel:rw] [365/393] Building C object zephyr/kernel/CMakeFiles/kernel.dir/errno.c.obj
[matsu:ro] [38/377] Building C object zephyr/CMakeFiles/zephyr.dir/soc/ite/ec/it8xxx2/check_regs.c.obj
[tentacruel:rw] [366/393] Building C object zephyr/kernel/CMakeFiles/kernel.dir/fatal.c.obj
[tentacruel:rw] [367/393] Building C object zephyr/kernel/CMakeFiles/kernel.dir/init.c.obj
[tentacruel:ro] [243/393] Building C object CMakeFiles/app.dir/mnt/host/source/src/platform/ec/build/zephyr/tentacruel/modules/ec/common/motion_sense_fifo.c.obj
[tentacruel:rw] [368/393] Building C object zephyr/kernel/CMakeFiles/kernel.dir/kheap.c.obj
[sapphire:rw] [323/360] Building C object modules/ec/zephyr/CMakeFiles/ec_shim.dir/shim/src/sha256_hw.c.obj
[tentacruel:rw] [369/393] Building C object zephyr/kernel/CMakeFiles/kernel.dir/version.c.obj
[sapphire:rw] [324/360] Building C object modules/ec/zephyr/CMakeFiles/ec_shim.dir/shim/src/tasks.c.obj
[sapphire:rw] [325/360] Building C object modules/ec/zephyr/CMakeFiles/ec_shim.dir/shim/src/watchdog.c.obj
[matsu:ro] [39/377] Building ASM object zephyr/CMakeFiles/zephyr.dir/soc/ite/ec/it8xxx2/vector.S.obj
[tentacruel:ro] [244/393] Building C object CMakeFiles/app.dir/mnt/host/source/src/platform/ec/build/zephyr/tentacruel/modules/ec/common/adc.c.obj
[tentacruel:rw] [370/393] Building C object zephyr/kernel/CMakeFiles/kernel.dir/mem_slab.c.obj
[tentacruel:ro] [245/393] Building C object CMakeFiles/app.dir/mnt/host/source/src/platform/ec/build/zephyr/tentacruel/modules/ec/common/battery.c.obj
[matsu:rw] [40/377] Building C object zephyr/CMakeFiles/zephyr.dir/soc/ite/ec/it8xxx2/ilm.c.obj
[sapphire:rw] [326/360] Building C object modules/ec/zephyr/CMakeFiles/ec_shim.dir/shim/src/pchg.c.obj
[sapphire:rw] [327/360] Linking C static library modules/ec/zephyr/libec_shim.a
[tentacruel:rw] [371/393] Building C object zephyr/kernel/CMakeFiles/kernel.dir/float.c.obj
[tentacruel:rw] [372/393] Building C object zephyr/kernel/CMakeFiles/kernel.dir/idle.c.obj
[sapphire:rw] [328/360] Building C object zephyr/kernel/CMakeFiles/kernel.dir/main_weak.c.obj
[tentacruel:rw] [373/393] Building C object zephyr/kernel/CMakeFiles/kernel.dir/mailbox.c.obj
[tentacruel:rw] [374/393] Building C object zephyr/kernel/CMakeFiles/kernel.dir/msg_q.c.obj
[sapphire:rw] [329/360] Building C object zephyr/kernel/CMakeFiles/kernel.dir/banner.c.obj
[sapphire:rw] [330/360] Building C object zephyr/kernel/CMakeFiles/kernel.dir/busy_wait.c.obj
[matsu:ro] [40/377] Building C object zephyr/CMakeFiles/zephyr.dir/soc/ite/ec/it8xxx2/ilm.c.obj
[matsu:rw] [41/377] Building C object zephyr/CMakeFiles/zephyr.dir/subsys/logging/log_minimal.c.obj
[tentacruel:rw] [375/393] Building C object zephyr/kernel/CMakeFiles/kernel.dir/mutex.c.obj
[tentacruel:ro] [246/393] Building C object CMakeFiles/app.dir/mnt/host/source/src/platform/ec/build/zephyr/tentacruel/modules/ec/driver/battery/smart.c.obj
[tentacruel:ro] [247/393] Building C object CMakeFiles/app.dir/mnt/host/source/src/platform/ec/build/zephyr/tentacruel/modules/ec/common/battery_info.c.obj
[tentacruel:rw] [376/393] Building C object zephyr/kernel/CMakeFiles/kernel.dir/queue.c.obj
[sapphire:rw] [331/360] Building C object zephyr/kernel/CMakeFiles/kernel.dir/device.c.obj
[tentacruel:ro] [248/393] Building C object CMakeFiles/app.dir/mnt/host/source/src/platform/ec/build/zephyr/tentacruel/modules/ec/common/battery_fuel_gauge.c.obj
[tentacruel:rw] [377/393] Building C object zephyr/kernel/CMakeFiles/kernel.dir/stack.c.obj
[sapphire:rw] [332/360] Building C object zephyr/kernel/CMakeFiles/kernel.dir/errno.c.obj
[tentacruel:rw] [378/393] Building C object zephyr/kernel/CMakeFiles/kernel.dir/sem.c.obj
[tentacruel:rw] [379/393] Building C object zephyr/kernel/CMakeFiles/kernel.dir/system_work_q.c.obj
[matsu:ro] [41/377] Building C object zephyr/CMakeFiles/zephyr.dir/subsys/logging/log_minimal.c.obj
[matsu:rw] [42/377] Building C object zephyr/CMakeFiles/zephyr.dir/subsys/pm/pm.c.obj
[sapphire:rw] [333/360] Building C object zephyr/kernel/CMakeFiles/kernel.dir/fatal.c.obj
[sapphire:rw] [334/360] Building C object zephyr/kernel/CMakeFiles/kernel.dir/init.c.obj
[tentacruel:rw] [380/393] Building C object zephyr/kernel/CMakeFiles/kernel.dir/condvar.c.obj
[sapphire:rw] [335/360] Building C object zephyr/kernel/CMakeFiles/kernel.dir/kheap.c.obj
[/mnt/host/source/src/platform/ec/build/zephyr/quandiso-lcov]   /mnt/host/source/src/platform/ec/build/zephyr/quandiso/build-rw/CMakeFiles/app.dir/mnt/host/source/src/platform/ec/build/zephyr/quandiso/modules/ec/common/usb_pd_pdo.c.gcno:no functions found
[/mnt/host/source/src/platform/ec/build/zephyr/quandiso-lcov] stderr:
[tentacruel:rw] [381/393] Building C object zephyr/kernel/CMakeFiles/kernel.dir/work.c.obj
[sapphire:rw] [336/360] Building C object zephyr/kernel/CMakeFiles/kernel.dir/version.c.obj
[tentacruel:ro] [249/393] Building C object CMakeFiles/app.dir/mnt/host/source/src/platform/ec/build/zephyr/tentacruel/modules/ec/driver/bc12/pi3usb9201.c.obj
[matsu:rw] [43/377] Building C object zephyr/CMakeFiles/zephyr.dir/subsys/pm/state.c.obj
[tentacruel:ro] [250/393] Building C object CMakeFiles/app.dir/mnt/host/source/src/platform/ec/build/zephyr/tentacruel/modules/ec/driver/charger/rt9490.c.obj
[tentacruel:rw] [382/393] Building C object zephyr/kernel/CMakeFiles/kernel.dir/thread.c.obj
[tentacruel:rw] [383/393] Building C object zephyr/kernel/CMakeFiles/kernel.dir/sched.c.obj
[tentacruel:rw] [384/393] Building C object zephyr/kernel/CMakeFiles/kernel.dir/pipe.c.obj
[sapphire:rw] [337/360] Building C object zephyr/kernel/CMakeFiles/kernel.dir/mem_slab.c.obj
[tentacruel:ro] [251/393] Building C object CMakeFiles/app.dir/mnt/host/source/src/platform/ec/build/zephyr/tentacruel/modules/ec/common/charger.c.obj
[matsu:ro] [42/377] Building C object zephyr/CMakeFiles/zephyr.dir/subsys/pm/pm.c.obj
[tentacruel:rw] [385/393] Building C object zephyr/kernel/CMakeFiles/kernel.dir/spinlock_validate.c.obj
[tentacruel:rw] [386/393] Building C object zephyr/kernel/CMakeFiles/kernel.dir/thread_monitor.c.obj
[sapphire:rw] [338/360] Building C object zephyr/kernel/CMakeFiles/kernel.dir/float.c.obj
[sapphire:rw] [339/360] Building C object zephyr/kernel/CMakeFiles/kernel.dir/idle.c.obj
[sapphire:rw] [340/360] Building C object zephyr/kernel/CMakeFiles/kernel.dir/mailbox.c.obj
[matsu:rw] [44/377] Building C object zephyr/CMakeFiles/zephyr.dir/subsys/pm/policy/policy_events.c.obj
[tentacruel:rw] [387/393] Building C object zephyr/kernel/CMakeFiles/kernel.dir/timeout.c.obj
[tentacruel:rw] [388/393] Building C object zephyr/kernel/CMakeFiles/kernel.dir/timer.c.obj
[tentacruel:rw] [389/393] Building C object zephyr/kernel/CMakeFiles/kernel.dir/poll.c.obj
[tentacruel:ro] [252/393] Building C object CMakeFiles/app.dir/mnt/host/source/src/platform/ec/build/zephyr/tentacruel/modules/ec/common/charge_state.c.obj
[tentacruel:ro] [253/393] Building C object CMakeFiles/app.dir/mnt/host/source/src/platform/ec/build/zephyr/tentacruel/modules/ec/common/charge_ramp.c.obj
Toolchain <zmake.toolchains.CorebootSdkToolchain object at 0x7f412077ec10> selected by probe function.
[francka] Building in /mnt/host/source/src/platform/ec/build/zephyr/francka.
[tentacruel:rw] [390/393] Building C object zephyr/kernel/CMakeFiles/kernel.dir/events.c.obj
[matsu:ro] [43/377] Building C object zephyr/CMakeFiles/zephyr.dir/subsys/pm/state.c.obj
[sapphire:rw] [341/360] Building C object zephyr/kernel/CMakeFiles/kernel.dir/msg_q.c.obj
[francka:ro] Configuring.
Running `env -i PYTHONPATH=/usr/lib64/python-exec/python3.11:/mnt/host/source/src/platform/ec/zephyr/zmake:/usr/lib/python311.zip:/usr/lib/python3.11:/usr/lib/python3.11/lib-dynload:/usr/lib/python3.11/site-packages PW_PIGWEED_CIPD_INSTALL_DIR=/usr CROSTC_USER_ACKNOWLEDGES_THAT_RISCV_IS_EXPERIMENTAL=1 PATH=/mnt/host/source/chromite/bin:/usr/local/bin:/usr/bin:/bin:/opt/bin:/mnt/host/source/chromite/sdk/bin:/mnt/host/source/chromite/bin HOME=/home/jpmurphy JAVA_HOME=/etc/java-config-2/current-system-vm JDK_HOME=/etc/java-config-2/current-system-vm JAVAC=/etc/java-config-2/current-system-vm/bin/javac MAKEFLAGS=' -j16 --jobserver-auth=5,6' /usr/bin/cmake -S /mnt/host/source/src/platform/ec/zephyr/program/fatcat -B /mnt/host/source/src/platform/ec/build/zephyr/francka/build-ro -GNinja -DCMAKE_EXPORT_COMPILE_COMMANDS=ON -DZEPHYR_BASE=/mnt/host/source/src/third_party/zephyr/main -DZMAKE_INCLUDE_DIR=/mnt/host/source/src/platform/ec/build/zephyr/francka/include -DPython3_EXECUTABLE=/usr/bin/python3.11 -DDTS_ROOT=/mnt/host/source/src/platform/ec/zephyr -DSYSCALL_INCLUDE_DIRS=/mnt/host/source/src/platform/ec/zephyr/include/drivers -DUSER_CACHE_DIR=/mnt/host/source/src/platform/ec/build/zephyr/user-cache '-DEXTRA_EC_VERSION_FLAGS=--version 16543.0.0 --static' -DTOOLCHAIN_ROOT=/mnt/host/source/src/platform/ec/zephyr -DCOREBOOT_SDK_ROOT_x86=/home/jpmurphy/.cache/coreboot-sdk/i386-elf/dfbb0486385d938cfa9d73080b9d18d598ed4f49 -DCOREBOOT_SDK_ROOT_picolibc_x86=/home/jpmurphy/.cache/coreboot-sdk/picolibc-i386-elf/eb8e8e687b95461de8cbf278f1c2076952d0ad17 -DCOREBOOT_SDK_ROOT_riscv64=/home/jpmurphy/.cache/coreboot-sdk/riscv64-elf/96b949749225b6aaa92ed810ab769e8dfb12f000 -DCOREBOOT_SDK_ROOT_picolibc_arm=/home/jpmurphy/.cache/coreboot-sdk/picolibc-arm-eabi/422a2aa3e1ef891b5bece9a3deb696ff83840d2e -DCOREBOOT_SDK_ROOT_nds32=/home/jpmurphy/.cache/coreboot-sdk/nds32le-elf/d1a518c4a097666d86058e1444f85ca015d15511 -DCOREBOOT_SDK_ROOT_picolibc_riscv64=/home/jpmurphy/.cache/coreboot-sdk/picolibc-riscv64-elf/f571e990ef0278564b31124f8bb109d9a697eb69 -DCOREBOOT_SDK_ROOT_arm=/home/jpmurphy/.cache/coreboot-sdk/arm-eabi/ea40ddd1d190c3b48435c474c0b545719371813a -DCOREBOOT_SDK_ROOT_libstdcxx_riscv64=/home/jpmurphy/.cache/coreboot-sdk/libstdcxx-riscv64-elf/17abf22a3a252e2d5d2062ced5324f7a623689e0 -DCOREBOOT_SDK_ROOT_libstdcxx_arm=/home/jpmurphy/.cache/coreboot-sdk/libstdcxx-arm-eabi/5d7d82e150e44aa1968f1d366e267e6687b328ac -DCOREBOOT_SDK_ROOT_riscv=/home/jpmurphy/.cache/coreboot-sdk/riscv-elf/9a27b9e82341c6e9126624f516ab3f261abb3e73 -DCOREBOOT_SDK_ROOT_libstdcxx_x86=/home/jpmurphy/.cache/coreboot-sdk/libstdcxx-i386-elf/42ef9d2e87a76a37963175d7d428734e65648b87 -DZEPHYR_TOOLCHAIN_VARIANT=coreboot-sdk '-DZEPHYR_MODULES=/mnt/host/source/src/platform/ec/build/zephyr/francka/modules/cmsis;/mnt/host/source/src/platform/ec/build/zephyr/francka/modules/cmsis_6;/mnt/host/source/src/platform/ec/build/zephyr/francka/modules/ec' -DDTC_OVERLAY_FILE=/mnt/host/source/src/platform/ec/zephyr/program/fatcat/francka/project.overlay -DBOARD=npcx9/npcx9m7f -DCMAKE_C_FLAGS=-DSECTION_IS_RO '-DCONF_FILE=/mnt/host/source/src/platform/ec/zephyr/program/fatcat/program.conf;/mnt/host/source/src/platform/ec/zephyr/program/fatcat/francka/project.conf;/mnt/host/source/src/platform/ec/build/zephyr/francka/kconfig-ro.conf'`
[tentacruel:rw] [391/393] Building C object zephyr/kernel/CMakeFiles/kernel.dir/mempool.c.obj
[francka:ro] Loading Zephyr default modules (Zephyr base (cached)).
[francka:ro] -- Application: /mnt/host/source/src/platform/ec/zephyr/program/fatcat
[francka:ro] -- CMake version: 3.31.7
[tentacruel:ro] [254/393] Building C object CMakeFiles/app.dir/mnt/host/source/src/platform/ec/build/zephyr/tentacruel/modules/ec/common/charge_manager.c.obj
[sapphire:rw] [342/360] Building C object zephyr/kernel/CMakeFiles/kernel.dir/mutex.c.obj
[matsu:rw] [45/377] Building C object zephyr/CMakeFiles/zephyr.dir/subsys/pm/policy/policy_latency.c.obj
[francka:rw] Configuring.
Running `env -i PYTHONPATH=/usr/lib64/python-exec/python3.11:/mnt/host/source/src/platform/ec/zephyr/zmake:/usr/lib/python311.zip:/usr/lib/python3.11:/usr/lib/python3.11/lib-dynload:/usr/lib/python3.11/site-packages PW_PIGWEED_CIPD_INSTALL_DIR=/usr CROSTC_USER_ACKNOWLEDGES_THAT_RISCV_IS_EXPERIMENTAL=1 PATH=/mnt/host/source/chromite/bin:/usr/local/bin:/usr/bin:/bin:/opt/bin:/mnt/host/source/chromite/sdk/bin:/mnt/host/source/chromite/bin HOME=/home/jpmurphy JAVA_HOME=/etc/java-config-2/current-system-vm JDK_HOME=/etc/java-config-2/current-system-vm JAVAC=/etc/java-config-2/current-system-vm/bin/javac MAKEFLAGS=' -j16 --jobserver-auth=5,6' /usr/bin/cmake -S /mnt/host/source/src/platform/ec/zephyr/program/fatcat -B /mnt/host/source/src/platform/ec/build/zephyr/francka/build-rw -GNinja -DCMAKE_EXPORT_COMPILE_COMMANDS=ON -DZEPHYR_BASE=/mnt/host/source/src/third_party/zephyr/main -DZMAKE_INCLUDE_DIR=/mnt/host/source/src/platform/ec/build/zephyr/francka/include -DPython3_EXECUTABLE=/usr/bin/python3.11 -DDTS_ROOT=/mnt/host/source/src/platform/ec/zephyr -DSYSCALL_INCLUDE_DIRS=/mnt/host/source/src/platform/ec/zephyr/include/drivers -DUSER_CACHE_DIR=/mnt/host/source/src/platform/ec/build/zephyr/user-cache '-DEXTRA_EC_VERSION_FLAGS=--version 16543.0.0 --static' -DTOOLCHAIN_ROOT=/mnt/host/source/src/platform/ec/zephyr -DCOREBOOT_SDK_ROOT_x86=/home/jpmurphy/.cache/coreboot-sdk/i386-elf/dfbb0486385d938cfa9d73080b9d18d598ed4f49 -DCOREBOOT_SDK_ROOT_picolibc_x86=/home/jpmurphy/.cache/coreboot-sdk/picolibc-i386-elf/eb8e8e687b95461de8cbf278f1c2076952d0ad17 -DCOREBOOT_SDK_ROOT_riscv64=/home/jpmurphy/.cache/coreboot-sdk/riscv64-elf/96b949749225b6aaa92ed810ab769e8dfb12f000 -DCOREBOOT_SDK_ROOT_picolibc_arm=/home/jpmurphy/.cache/coreboot-sdk/picolibc-arm-eabi/422a2aa3e1ef891b5bece9a3deb696ff83840d2e -DCOREBOOT_SDK_ROOT_nds32=/home/jpmurphy/.cache/coreboot-sdk/nds32le-elf/d1a518c4a097666d86058e1444f85ca015d15511 -DCOREBOOT_SDK_ROOT_picolibc_riscv64=/home/jpmurphy/.cache/coreboot-sdk/picolibc-riscv64-elf/f571e990ef0278564b31124f8bb109d9a697eb69 -DCOREBOOT_SDK_ROOT_arm=/home/jpmurphy/.cache/coreboot-sdk/arm-eabi/ea40ddd1d190c3b48435c474c0b545719371813a -DCOREBOOT_SDK_ROOT_libstdcxx_riscv64=/home/jpmurphy/.cache/coreboot-sdk/libstdcxx-riscv64-elf/17abf22a3a252e2d5d2062ced5324f7a623689e0 -DCOREBOOT_SDK_ROOT_libstdcxx_arm=/home/jpmurphy/.cache/coreboot-sdk/libstdcxx-arm-eabi/5d7d82e150e44aa1968f1d366e267e6687b328ac -DCOREBOOT_SDK_ROOT_riscv=/home/jpmurphy/.cache/coreboot-sdk/riscv-elf/9a27b9e82341c6e9126624f516ab3f261abb3e73 -DCOREBOOT_SDK_ROOT_libstdcxx_x86=/home/jpmurphy/.cache/coreboot-sdk/libstdcxx-i386-elf/42ef9d2e87a76a37963175d7d428734e65648b87 -DZEPHYR_TOOLCHAIN_VARIANT=coreboot-sdk '-DZEPHYR_MODULES=/mnt/host/source/src/platform/ec/build/zephyr/francka/modules/cmsis;/mnt/host/source/src/platform/ec/build/zephyr/francka/modules/cmsis_6;/mnt/host/source/src/platform/ec/build/zephyr/francka/modules/ec' -DDTC_OVERLAY_FILE=/mnt/host/source/src/platform/ec/zephyr/program/fatcat/francka/project.overlay -DBOARD=npcx9/npcx9m7f -DCMAKE_C_FLAGS=-DSECTION_IS_RW '-DCONF_FILE=/mnt/host/source/src/platform/ec/zephyr/program/fatcat/program.conf;/mnt/host/source/src/platform/ec/zephyr/program/fatcat/francka/project.conf;/mnt/host/source/src/platform/ec/build/zephyr/francka/kconfig-rw.conf'`
[tentacruel:rw] [392/393] Building C object zephyr/kernel/CMakeFiles/kernel.dir/dynamic_disabled.c.obj
[francka:rw] Loading Zephyr default modules (Zephyr base (cached)).
[francka:rw] -- Application: /mnt/host/source/src/platform/ec/zephyr/program/fatcat
[francka:rw] -- CMake version: 3.31.7
[sapphire:rw] [343/360] Building C object zephyr/kernel/CMakeFiles/kernel.dir/sem.c.obj
[francka:ro] -- Found Python3: /usr/bin/python3.11 (found suitable version "3.11.11", minimum required is "3.10") found components: Interpreter
[sapphire:rw] [344/360] Building C object zephyr/kernel/CMakeFiles/kernel.dir/queue.c.obj
[tentacruel:rw] [393/393] Linking C static library zephyr/kernel/libkernel.a
[francka:ro] -- Cache files will be written to: /mnt/host/source/src/platform/ec/build/zephyr/user-cache
[francka:ro] -- Zephyr version: 4.3.99 (/mnt/host/source/src/third_party/zephyr/main)
[sapphire:rw] [345/360] Building C object zephyr/kernel/CMakeFiles/kernel.dir/stack.c.obj
[matsu:rw] [46/377] Building C object zephyr/CMakeFiles/zephyr.dir/subsys/pm/policy/policy_state_lock.c.obj
[matsu:ro] [44/377] Building C object zephyr/CMakeFiles/zephyr.dir/subsys/pm/policy/policy_events.c.obj
[sapphire:rw] [346/360] Building C object zephyr/kernel/CMakeFiles/kernel.dir/system_work_q.c.obj
[tentacruel:ro] [255/393] Building C object CMakeFiles/app.dir/mnt/host/source/src/platform/ec/build/zephyr/tentacruel/modules/ec/common/cbi_common.c.obj
[francka:rw] -- Found Python3: /usr/bin/python3.11 (found suitable version "3.11.11", minimum required is "3.10") found components: Interpreter
[francka:rw] -- Cache files will be written to: /mnt/host/source/src/platform/ec/build/zephyr/user-cache
[francka:rw] -- Zephyr version: 4.3.99 (/mnt/host/source/src/third_party/zephyr/main)
[tentacruel:ro] [256/393] Building C object CMakeFiles/app.dir/mnt/host/source/src/platform/ec/build/zephyr/tentacruel/modules/ec/common/cbi.c.obj
[tentacruel:ro] [257/393] Building C object CMakeFiles/app.dir/mnt/host/source/src/platform/ec/build/zephyr/tentacruel/modules/ec/common/cbi_config.c.obj
[matsu:rw] [47/377] Building C object zephyr/CMakeFiles/zephyr.dir/subsys/pm/device.c.obj
[sapphire:rw] [347/360] Building C object zephyr/kernel/CMakeFiles/kernel.dir/condvar.c.obj
[matsu:ro] [45/377] Building C object zephyr/CMakeFiles/zephyr.dir/subsys/pm/policy/policy_latency.c.obj
[matsu:ro] [46/377] Building C object zephyr/CMakeFiles/zephyr.dir/subsys/pm/policy/policy_state_lock.c.obj
[sapphire:rw] [348/360] Building C object zephyr/kernel/CMakeFiles/kernel.dir/work.c.obj
[sapphire:rw] [349/360] Building C object zephyr/kernel/CMakeFiles/kernel.dir/thread.c.obj
[sapphire:rw] [350/360] Building C object zephyr/kernel/CMakeFiles/kernel.dir/pipe.c.obj
[matsu:rw] [48/377] Building C object zephyr/CMakeFiles/zephyr.dir/subsys/pm/device_runtime.c.obj
[sapphire:rw] [351/360] Building C object zephyr/kernel/CMakeFiles/kernel.dir/sched.c.obj
[tentacruel:ro] [258/393] Building C object CMakeFiles/app.dir/mnt/host/source/src/platform/ec/build/zephyr/tentacruel/modules/ec/common/memory_commands.c.obj
[matsu:rw] [49/377] Building C object zephyr/CMakeFiles/zephyr.dir/subsys/pm/device_system_managed.c.obj
[sapphire:rw] [352/360] Building C object zephyr/kernel/CMakeFiles/kernel.dir/spinlock_validate.c.obj
[tentacruel:ro] [259/393] Building C object CMakeFiles/app.dir/mnt/host/source/src/platform/ec/build/zephyr/tentacruel/modules/ec/common/ap_reset_log.c.obj
[tentacruel:ro] [260/393] Building C object CMakeFiles/app.dir/mnt/host/source/src/platform/ec/build/zephyr/tentacruel/modules/ec/common/chipset.c.obj
[francka:ro] -- Board: npcx9, qualifiers: npcx9m7f
[matsu:ro] [47/377] Building C object zephyr/CMakeFiles/zephyr.dir/subsys/pm/device.c.obj
[sapphire:rw] [353/360] Building C object zephyr/kernel/CMakeFiles/kernel.dir/thread_monitor.c.obj
[matsu:ro] [48/377] Building C object zephyr/CMakeFiles/zephyr.dir/subsys/pm/device_runtime.c.obj
[francka:rw] -- Board: npcx9, qualifiers: npcx9m7f
[matsu:rw] [50/377] Building C object zephyr/CMakeFiles/zephyr.dir/subsys/testsuite/coverage/coverage.c.obj
[sapphire:rw] [354/360] Building C object zephyr/kernel/CMakeFiles/kernel.dir/timeout.c.obj
[sapphire:rw] [355/360] Building C object zephyr/kernel/CMakeFiles/kernel.dir/timer.c.obj
[matsu:rw] [51/377] Building C object zephyr/CMakeFiles/zephyr.dir/subsys/tracing/tracing_none.c.obj
[tentacruel:ro] [261/393] Building C object CMakeFiles/app.dir/mnt/host/source/src/platform/ec/build/zephyr/tentacruel/modules/ec/common/extpower_common.c.obj
[sapphire:rw] [356/360] Building C object zephyr/kernel/CMakeFiles/kernel.dir/poll.c.obj
[sapphire:rw] [357/360] Building C object zephyr/kernel/CMakeFiles/kernel.dir/mempool.c.obj
[matsu:ro] [49/377] Building C object zephyr/CMakeFiles/zephyr.dir/subsys/pm/device_system_managed.c.obj
[tentacruel:ro] [262/393] Building C object CMakeFiles/app.dir/mnt/host/source/src/platform/ec/build/zephyr/tentacruel/modules/ec/common/extpower_gpio.c.obj
[sapphire:rw] [358/360] Building C object zephyr/kernel/CMakeFiles/kernel.dir/events.c.obj
[matsu:ro] [50/377] Building C object zephyr/CMakeFiles/zephyr.dir/subsys/testsuite/coverage/coverage.c.obj
[tentacruel:ro] [263/393] Building C object CMakeFiles/app.dir/mnt/host/source/src/platform/ec/build/zephyr/tentacruel/modules/ec/common/flash.c.obj
[matsu:rw] [52/377] Building C object zephyr/CMakeFiles/zephyr.dir/subsys/shell/modules/kernel_service/kernel_shell.c.obj
[sapphire:rw] [359/360] Building C object zephyr/kernel/CMakeFiles/kernel.dir/dynamic_disabled.c.obj
[sapphire:rw] [360/360] Linking C static library zephyr/kernel/libkernel.a
[matsu:rw] [53/377] Building C object zephyr/CMakeFiles/zephyr.dir/subsys/shell/modules/kernel_service/cycles.c.obj
[matsu:ro] [51/377] Building C object zephyr/CMakeFiles/zephyr.dir/subsys/tracing/tracing_none.c.obj
[matsu:ro] [52/377] Building C object zephyr/CMakeFiles/zephyr.dir/subsys/shell/modules/kernel_service/kernel_shell.c.obj
[matsu:rw] [54/377] Building C object zephyr/CMakeFiles/zephyr.dir/subsys/shell/modules/kernel_service/sleep.c.obj
[tentacruel:ro] [264/393] Building C object CMakeFiles/app.dir/mnt/host/source/src/platform/ec/build/zephyr/tentacruel/modules/ec/common/host_command.c.obj
[tentacruel:ro] [265/393] Building C object CMakeFiles/app.dir/mnt/host/source/src/platform/ec/build/zephyr/tentacruel/modules/ec/common/host_command_task.c.obj
[matsu:ro] [53/377] Building C object zephyr/CMakeFiles/zephyr.dir/subsys/shell/modules/kernel_service/cycles.c.obj
[matsu:ro] [54/377] Building C object zephyr/CMakeFiles/zephyr.dir/subsys/shell/modules/kernel_service/sleep.c.obj
[matsu:rw] [55/377] Building C object zephyr/CMakeFiles/zephyr.dir/subsys/shell/modules/kernel_service/uptime.c.obj
[tentacruel:ro] [266/393] Building C object CMakeFiles/app.dir/mnt/host/source/src/platform/ec/build/zephyr/tentacruel/modules/ec/common/host_event_commands.c.obj
[tentacruel:ro] [267/393] Building C object CMakeFiles/app.dir/mnt/host/source/src/platform/ec/build/zephyr/tentacruel/modules/ec/common/uart_hostcmd.c.obj
[francka:ro] -- Found Dtc: /usr/bin/dtc (found suitable version "1.6.0", minimum required is "1.4.6")
[francka:ro] -- Found BOARD.dts: /mnt/host/source/src/platform/ec/zephyr/boards/google/npcx9/npcx9_npcx9m7f.dts
[francka:ro] -- Found devicetree overlay: /mnt/host/source/src/platform/ec/zephyr/program/fatcat/francka/project.overlay
[francka:rw] -- Found Dtc: /usr/bin/dtc (found suitable version "1.6.0", minimum required is "1.4.6")
[francka:rw] -- Found BOARD.dts: /mnt/host/source/src/platform/ec/zephyr/boards/google/npcx9/npcx9_npcx9m7f.dts
[francka:rw] -- Found devicetree overlay: /mnt/host/source/src/platform/ec/zephyr/program/fatcat/francka/project.overlay
[matsu:rw] [56/377] Building C object zephyr/CMakeFiles/zephyr.dir/subsys/shell/modules/kernel_service/version.c.obj
[matsu:ro] [55/377] Building C object zephyr/CMakeFiles/zephyr.dir/subsys/shell/modules/kernel_service/version.c.obj
[tentacruel:ro] [268/393] Building C object CMakeFiles/app.dir/mnt/host/source/src/platform/ec/build/zephyr/tentacruel/modules/ec/common/uptime.c.obj
[matsu:rw] [57/377] Building C object zephyr/CMakeFiles/zephyr.dir/subsys/shell/modules/kernel_service/thread/thread.c.obj
[matsu:ro] [56/377] Building C object zephyr/CMakeFiles/zephyr.dir/subsys/shell/modules/kernel_service/uptime.c.obj
[matsu:ro] [57/377] Building C object zephyr/CMakeFiles/zephyr.dir/subsys/shell/modules/kernel_service/thread/thread.c.obj
[matsu:rw] [58/377] Building C object zephyr/CMakeFiles/zephyr.dir/subsys/shell/modules/kernel_service/thread/list.c.obj
[tentacruel:ro] [269/393] Building C object CMakeFiles/app.dir/mnt/host/source/src/platform/ec/build/zephyr/tentacruel/modules/ec/common/i2c_controller.c.obj
[matsu:ro] [58/377] Building C object zephyr/CMakeFiles/zephyr.dir/subsys/shell/modules/kernel_service/thread/list.c.obj
[tentacruel:ro] [270/393] Building C object CMakeFiles/app.dir/mnt/host/source/src/platform/ec/build/zephyr/tentacruel/modules/ec/common/i2c_passthru.c.obj
[matsu:rw] [59/377] Building C object zephyr/CMakeFiles/zephyr.dir/subsys/shell/modules/kernel_service/thread/stacks.c.obj
[tentacruel:ro] [271/393] Building C object CMakeFiles/app.dir/mnt/host/source/src/platform/ec/build/zephyr/tentacruel/modules/ec/common/virtual_battery.c.obj
[tentacruel:ro] [272/393] Building C object CMakeFiles/app.dir/mnt/host/source/src/platform/ec/build/zephyr/tentacruel/modules/ec/common/keyboard_scan.c.obj
[matsu:ro] [59/377] Building C object zephyr/CMakeFiles/zephyr.dir/subsys/shell/modules/kernel_service/thread/stacks.c.obj
[matsu:rw] [60/377] Building C object zephyr/CMakeFiles/zephyr.dir/subsys/shell/modules/kernel_service/thread/unwind.c.obj
[matsu:ro] [60/377] Building C object zephyr/CMakeFiles/zephyr.dir/subsys/shell/modules/kernel_service/thread/unwind.c.obj
[matsu:ro] [61/377] Building C object zephyr/CMakeFiles/zephyr.dir/subsys/shell/modules/kernel_service/thread/suspend.c.obj
[tentacruel:ro] [273/393] Building C object CMakeFiles/app.dir/mnt/host/source/src/platform/ec/build/zephyr/tentacruel/modules/ec/common/mkbp_fifo.c.obj
[/mnt/host/source/src/platform/ec/build/zephyr/quandiso-lcov]   /mnt/host/source/src/platform/ec/build/zephyr/quandiso/build-rw/CMakeFiles/app.dir/mnt/host/source/src/platform/ec/build/zephyr/quandiso/modules/ec/common/cbi_config.c.gcno:no functions found
[/mnt/host/source/src/platform/ec/build/zephyr/quandiso-lcov] stderr:
[matsu:rw] [61/377] Building C object zephyr/CMakeFiles/zephyr.dir/subsys/shell/modules/kernel_service/thread/suspend.c.obj
[matsu:ro] [62/377] Building C object zephyr/CMakeFiles/zephyr.dir/subsys/shell/modules/kernel_service/thread/resume.c.obj
[tentacruel:ro] [274/393] Building C object CMakeFiles/app.dir/mnt/host/source/src/platform/ec/build/zephyr/tentacruel/modules/ec/common/mkbp_info.c.obj
[tentacruel:ro] [275/393] Building C object CMakeFiles/app.dir/mnt/host/source/src/platform/ec/build/zephyr/tentacruel/modules/ec/common/keyboard_mkbp.c.obj
[matsu:rw] [62/377] Building C object zephyr/CMakeFiles/zephyr.dir/subsys/shell/modules/kernel_service/thread/resume.c.obj
[matsu:rw] [63/377] Building C object zephyr/CMakeFiles/zephyr.dir/subsys/shell/modules/kernel_service/thread/kill.c.obj
[tentacruel:ro] [276/393] Building C object CMakeFiles/app.dir/mnt/host/source/src/platform/ec/build/zephyr/tentacruel/modules/ec/common/mkbp_input_devices.c.obj
[matsu:ro] [63/377] Building C object zephyr/CMakeFiles/zephyr.dir/subsys/shell/modules/kernel_service/thread/kill.c.obj
[tentacruel:ro] [277/393] Building C object CMakeFiles/app.dir/mnt/host/source/src/platform/ec/build/zephyr/tentacruel/modules/ec/common/led_common.c.obj
[/mnt/host/source/src/platform/ec/build/zephyr/quandiso-lcov]   /mnt/host/source/src/platform/ec/build/zephyr/quandiso/build-rw/zephyr/arch/arch/riscv/core/CMakeFiles/arch__riscv__core.dir/cpu_idle.c.gcno:no functions found
[/mnt/host/source/src/platform/ec/build/zephyr/quandiso-lcov] stderr:
[matsu:ro] [64/377] Building C object zephyr/CMakeFiles/zephyr.dir/subsys/shell/backends/shell_uart.c.obj
[matsu:ro] [65/377] Building C object zephyr/CMakeFiles/zephyr.dir/subsys/shell/shell_fprintf.c.obj
[tentacruel:ro] [278/393] Building C object CMakeFiles/app.dir/mnt/host/source/src/platform/ec/build/zephyr/tentacruel/modules/ec/common/motion_lid.c.obj
[matsu:ro] [66/377] Building C object zephyr/CMakeFiles/zephyr.dir/subsys/shell/shell.c.obj
[matsu:rw] [64/377] Building C object zephyr/CMakeFiles/zephyr.dir/subsys/shell/backends/shell_uart.c.obj
[francka:ro] -- Generated zephyr.dts: /mnt/host/source/src/platform/ec/build/zephyr/francka/build-ro/zephyr/zephyr.dts
[francka:ro] -- Generated pickled edt: /mnt/host/source/src/platform/ec/build/zephyr/francka/build-ro/zephyr/edt.pickle
[tentacruel:ro] [279/393] Building C object CMakeFiles/app.dir/mnt/host/source/src/platform/ec/build/zephyr/tentacruel/modules/ec/common/lid_angle_keyboard_policy.c.obj
[matsu:rw] [65/377] Building C object zephyr/CMakeFiles/zephyr.dir/subsys/shell/shell_fprintf.c.obj
[tentacruel:ro] [280/393] Building C object CMakeFiles/app.dir/mnt/host/source/src/platform/ec/build/zephyr/tentacruel/modules/ec/common/lid_angle.c.obj
[francka:rw] -- Generated zephyr.dts: /mnt/host/source/src/platform/ec/build/zephyr/francka/build-rw/zephyr/zephyr.dts
[matsu:ro] [67/377] Building C object zephyr/CMakeFiles/zephyr.dir/subsys/shell/shell_utils.c.obj
[tentacruel:ro] [281/393] Building C object CMakeFiles/app.dir/mnt/host/source/src/platform/ec/build/zephyr/tentacruel/modules/ec/common/lid_switch.c.obj
[tentacruel:ro] [282/393] Building C object CMakeFiles/app.dir/mnt/host/source/src/platform/ec/build/zephyr/tentacruel/modules/ec/common/mkbp_event.c.obj
[matsu:ro] [68/377] Building C object zephyr/CMakeFiles/zephyr.dir/subsys/shell/shell_help.c.obj
[matsu:rw] [66/377] Building C object zephyr/CMakeFiles/zephyr.dir/subsys/shell/shell.c.obj
[matsu:ro] [69/377] Building C object zephyr/CMakeFiles/zephyr.dir/subsys/shell/shell_history.c.obj
[francka:ro] -- Generated devicetree_generated.h: /mnt/host/source/src/platform/ec/build/zephyr/francka/build-ro/zephyr/include/generated/zephyr/devicetree_generated.h
[matsu:ro] [70/377] Building C object zephyr/CMakeFiles/zephyr.dir/subsys/shell/shell_ops.c.obj
[francka:rw] -- Generated pickled edt: /mnt/host/source/src/platform/ec/build/zephyr/francka/build-rw/zephyr/edt.pickle
[francka:rw] -- Generated devicetree_generated.h: /mnt/host/source/src/platform/ec/build/zephyr/francka/build-rw/zephyr/include/generated/zephyr/devicetree_generated.h
[matsu:rw] [67/377] Building C object zephyr/CMakeFiles/zephyr.dir/subsys/shell/shell_ops.c.obj
[matsu:rw] [68/377] Building C object zephyr/CMakeFiles/zephyr.dir/subsys/shell/shell_utils.c.obj
[tentacruel:ro] [283/393] Building C object CMakeFiles/app.dir/mnt/host/source/src/platform/ec/build/zephyr/tentacruel/modules/ec/common/power_button.c.obj
[tentacruel:ro] [284/393] Building C object CMakeFiles/app.dir/mnt/host/source/src/platform/ec/build/zephyr/tentacruel/modules/ec/common/motion_sense.c.obj
[matsu:ro] [71/377] Building C object zephyr/CMakeFiles/zephyr.dir/drivers/flash/flash_util.c.obj
[matsu:ro] [72/377] Linking C static library zephyr/libzephyr.a
[matsu:ro] [73/377] Building C object zephyr/arch/common/CMakeFiles/arch__common.dir/sw_isr_common.c.obj
[matsu:ro] [74/377] Building C object zephyr/arch/common/CMakeFiles/arch__common.dir/dynamic_isr.c.obj
[/mnt/host/source/src/platform/ec/build/zephyr/quandiso-lcov]   /mnt/host/source/src/platform/ec/build/zephyr/quandiso/build-rw/zephyr/arch/common/CMakeFiles/isr_tables.dir/isr_tables.c.gcno:no functions found
[/mnt/host/source/src/platform/ec/build/zephyr/quandiso-lcov] stderr:
[tentacruel:ro] [285/393] Building C object CMakeFiles/app.dir/mnt/host/source/src/platform/ec/build/zephyr/tentacruel/modules/ec/power/common.c.obj
[tentacruel:ro] [286/393] Building C object CMakeFiles/app.dir/mnt/host/source/src/platform/ec/build/zephyr/tentacruel/modules/ec/power/host_sleep.c.obj
[matsu:ro] [75/377] Building C object zephyr/arch/common/CMakeFiles/arch__common.dir/init.c.obj
[matsu:rw] [69/377] Building C object zephyr/CMakeFiles/zephyr.dir/subsys/shell/shell_help.c.obj
[/mnt/host/source/src/platform/ec/build/zephyr/wyrdeer-lcov]   /mnt/host/source/src/platform/ec/build/zephyr/wyrdeer/build-rw/zephyr/CMakeFiles/zephyr.dir/soc/ite/ec/it8xxx2/check_regs.c.gcno:no functions found
[/mnt/host/source/src/platform/ec/build/zephyr/wyrdeer-lcov] Filter suppressions 'region':
[tentacruel:ro] [287/393] Building C object CMakeFiles/app.dir/mnt/host/source/src/platform/ec/build/zephyr/tentacruel/modules/ec/power/mt8186.c.obj
[/mnt/host/source/src/platform/ec/build/zephyr/wyrdeer-lcov]     36 instances
[/mnt/host/source/src/platform/ec/build/zephyr/wyrdeer-lcov]     20 coverpoints
[/mnt/host/source/src/platform/ec/build/zephyr/wyrdeer-lcov] Message summary:
[/mnt/host/source/src/platform/ec/build/zephyr/wyrdeer-lcov]   29 ignore messages:
[/mnt/host/source/src/platform/ec/build/zephyr/wyrdeer-lcov]     gcov: 29
[matsu:rw] [70/377] Building C object zephyr/CMakeFiles/zephyr.dir/subsys/shell/shell_history.c.obj
[matsu:rw] [71/377] Building C object zephyr/CMakeFiles/zephyr.dir/drivers/flash/flash_util.c.obj
[matsu:ro] [76/377] Building C object zephyr/arch/common/CMakeFiles/isr_tables.dir/isr_tables.c.obj
[matsu:ro] [77/377] Building C object zephyr/arch/common/CMakeFiles/arch__common.dir/xip.c.obj
[matsu:ro] [78/377] Linking C static library zephyr/arch/common/libisr_tables.a
[tentacruel:ro] [288/393] Building C object CMakeFiles/app.dir/mnt/host/source/src/platform/ec/build/zephyr/tentacruel/modules/ec/driver/sha256/sha256_it8xxx2.c.obj
[tentacruel:ro] [289/393] Building C object CMakeFiles/app.dir/mnt/host/source/src/platform/ec/build/zephyr/tentacruel/modules/ec/common/panic_output.c.obj
[matsu:rw] [72/377] Linking C static library zephyr/libzephyr.a
[matsu:ro] [79/377] Building C object zephyr/arch/arch/riscv/core/CMakeFiles/arch__riscv__core.dir/cpu_idle.c.obj
[matsu:ro] [80/377] Linking C static library zephyr/arch/common/libarch__common.a
[matsu:rw] [73/377] Building C object zephyr/arch/common/CMakeFiles/arch__common.dir/sw_isr_common.c.obj
[matsu:ro] [81/377] Building C object zephyr/arch/arch/riscv/core/CMakeFiles/arch__riscv__core.dir/fatal.c.obj
[tentacruel:ro] [290/393] Building C object CMakeFiles/app.dir/mnt/host/source/src/platform/ec/build/zephyr/tentacruel/modules/ec/common/shared_mem.c.obj
[tentacruel:ro] [291/393] Building C object CMakeFiles/app.dir/mnt/host/source/src/platform/ec/build/zephyr/tentacruel/modules/ec/common/switch.c.obj
[matsu:rw] [74/377] Building C object zephyr/arch/common/CMakeFiles/arch__common.dir/dynamic_isr.c.obj
[matsu:rw] [75/377] Building C object zephyr/arch/common/CMakeFiles/arch__common.dir/init.c.obj
[matsu:ro] [82/377] Building C object zephyr/arch/arch/riscv/core/CMakeFiles/arch__riscv__core.dir/prep_c.c.obj
[matsu:ro] [83/377] Building C object zephyr/arch/arch/riscv/core/CMakeFiles/arch__riscv__core.dir/irq_manage.c.obj
[tentacruel:ro] [292/393] Building C object CMakeFiles/app.dir/mnt/host/source/src/platform/ec/build/zephyr/tentacruel/modules/ec/driver/stm_mems_common.c.obj
[matsu:rw] [76/377] Building C object zephyr/arch/common/CMakeFiles/arch__common.dir/xip.c.obj
[matsu:rw] [77/377] Building C object zephyr/arch/common/CMakeFiles/isr_tables.dir/isr_tables.c.obj
[matsu:ro] [84/377] Building C object zephyr/arch/arch/riscv/core/CMakeFiles/arch__riscv__core.dir/reboot.c.obj
[tentacruel:ro] [293/393] Building C object CMakeFiles/app.dir/mnt/host/source/src/platform/ec/build/zephyr/tentacruel/modules/ec/common/tablet_mode.c.obj
[matsu:rw] [78/377] Linking C static library zephyr/arch/common/libisr_tables.a
[matsu:ro] [85/377] Building ASM object zephyr/arch/arch/riscv/core/CMakeFiles/arch__riscv__core.dir/reset.S.obj
[tentacruel:ro] [294/393] Building C object CMakeFiles/app.dir/mnt/host/source/src/platform/ec/build/zephyr/tentacruel/modules/ec/common/thermal.c.obj
[matsu:rw] [79/377] Linking C static library zephyr/arch/common/libarch__common.a
[matsu:rw] [80/377] Building C object zephyr/arch/arch/riscv/core/CMakeFiles/arch__riscv__core.dir/cpu_idle.c.obj
[matsu:rw] [81/377] Building C object zephyr/arch/arch/riscv/core/CMakeFiles/arch__riscv__core.dir/fatal.c.obj
[matsu:ro] [86/377] Building ASM object zephyr/arch/arch/riscv/core/CMakeFiles/arch__riscv__core.dir/switch.S.obj
[tentacruel:ro] [295/393] Building C object CMakeFiles/app.dir/mnt/host/source/src/platform/ec/build/zephyr/tentacruel/modules/ec/common/temp_sensor.c.obj
[matsu:rw] [82/377] Building C object zephyr/arch/arch/riscv/core/CMakeFiles/arch__riscv__core.dir/prep_c.c.obj
[matsu:ro] [87/377] Generating ../../../include/generated/libc/minimal/strerror_table.h
[tentacruel:ro] [296/393] Building C object CMakeFiles/app.dir/mnt/host/source/src/platform/ec/build/zephyr/tentacruel/modules/ec/driver/temp_sensor/thermistor.c.obj
[matsu:ro] [88/377] Building C object zephyr/arch/arch/riscv/core/CMakeFiles/arch__riscv__core.dir/thread.c.obj
[matsu:ro] [89/377] Building C object zephyr/lib/libc/minimal/CMakeFiles/lib__libc__minimal.dir/source/stdlib/atoi.c.obj
[matsu:rw] [83/377] Building C object zephyr/arch/arch/riscv/core/CMakeFiles/arch__riscv__core.dir/irq_manage.c.obj
[matsu:ro] [90/377] Building ASM object zephyr/arch/arch/riscv/core/CMakeFiles/arch__riscv__core.dir/isr.S.obj
[matsu:ro] [91/377] Building C object zephyr/lib/libc/minimal/CMakeFiles/lib__libc__minimal.dir/source/stdlib/strtoul.c.obj
[matsu:ro] [92/377] Building C object zephyr/arch/arch/riscv/core/CMakeFiles/arch__riscv__core.dir/stacktrace.c.obj
[matsu:ro] [93/377] Building C object zephyr/lib/libc/minimal/CMakeFiles/lib__libc__minimal.dir/source/stdlib/strtol.c.obj
[tentacruel:ro] [297/393] Building C object CMakeFiles/app.dir/mnt/host/source/src/platform/ec/build/zephyr/tentacruel/modules/ec/common/timer.c.obj
[matsu:ro] [94/377] Linking C static library zephyr/arch/arch/riscv/core/libarch__riscv__core.a
[tentacruel:ro] [298/393] Building C object CMakeFiles/app.dir/mnt/host/source/src/platform/ec/build/zephyr/tentacruel/modules/ec/common/usb_port_power_dumb.c.obj
[matsu:ro] [95/377] Building C object zephyr/lib/libc/minimal/CMakeFiles/lib__libc__minimal.dir/source/stdlib/strtoll.c.obj
[matsu:rw] [84/377] Building C object zephyr/arch/arch/riscv/core/CMakeFiles/arch__riscv__core.dir/reboot.c.obj
[matsu:rw] [85/377] Building ASM object zephyr/arch/arch/riscv/core/CMakeFiles/arch__riscv__core.dir/reset.S.obj
[tentacruel:ro] [299/393] Building C object CMakeFiles/app.dir/mnt/host/source/src/platform/ec/build/zephyr/tentacruel/modules/ec/common/usb_charger.c.obj
[matsu:ro] [96/377] Building C object zephyr/lib/libc/minimal/CMakeFiles/lib__libc__minimal.dir/source/stdlib/bsearch.c.obj
[matsu:ro] [97/377] Building C object zephyr/lib/libc/minimal/CMakeFiles/lib__libc__minimal.dir/source/stdlib/strtoull.c.obj
[matsu:rw] [86/377] Building ASM object zephyr/arch/arch/riscv/core/CMakeFiles/arch__riscv__core.dir/switch.S.obj
[matsu:rw] [87/377] Generating ../../../include/generated/libc/minimal/strerror_table.h
[matsu:ro] [98/377] Building C object zephyr/lib/libc/minimal/CMakeFiles/lib__libc__minimal.dir/source/string/strncasecmp.c.obj
[matsu:ro] [99/377] Building C object zephyr/lib/libc/minimal/CMakeFiles/lib__libc__minimal.dir/source/stdlib/qsort.c.obj
[matsu:ro] [100/377] Building C object zephyr/lib/libc/minimal/CMakeFiles/lib__libc__minimal.dir/source/string/strerror.c.obj
[matsu:rw] [88/377] Building C object zephyr/arch/arch/riscv/core/CMakeFiles/arch__riscv__core.dir/thread.c.obj
[tentacruel:ro] [300/393] Building C object CMakeFiles/app.dir/mnt/host/source/src/platform/ec/build/zephyr/tentacruel/modules/ec/common/typec_control.c.obj
[matsu:rw] [89/377] Building C object zephyr/lib/libc/minimal/CMakeFiles/lib__libc__minimal.dir/source/stdlib/atoi.c.obj
[tentacruel:ro] [301/393] Building C object CMakeFiles/app.dir/mnt/host/source/src/platform/ec/build/zephyr/tentacruel/modules/ec/common/usb_common.c.obj
[matsu:ro] [101/377] Building C object zephyr/lib/libc/minimal/CMakeFiles/lib__libc__minimal.dir/source/string/strstr.c.obj
[matsu:ro] [102/377] Building C object zephyr/lib/libc/minimal/CMakeFiles/lib__libc__minimal.dir/source/string/strspn.c.obj
[matsu:ro] [103/377] Building C object zephyr/lib/libc/minimal/CMakeFiles/lib__libc__minimal.dir/source/stdlib/exit.c.obj
[matsu:ro] [104/377] Building C object zephyr/lib/libc/minimal/CMakeFiles/lib__libc__minimal.dir/source/string/string.c.obj
[matsu:rw] [90/377] Building C object zephyr/lib/libc/minimal/CMakeFiles/lib__libc__minimal.dir/source/stdlib/strtoul.c.obj
[matsu:rw] [91/377] Building C object zephyr/lib/libc/minimal/CMakeFiles/lib__libc__minimal.dir/source/stdlib/strtol.c.obj
[matsu:rw] [92/377] Building ASM object zephyr/arch/arch/riscv/core/CMakeFiles/arch__riscv__core.dir/isr.S.obj
[tentacruel:ro] [302/393] Building C object CMakeFiles/app.dir/mnt/host/source/src/platform/ec/build/zephyr/tentacruel/modules/ec/common/usb_pd_pdo.c.obj
[matsu:rw] [93/377] Building C object zephyr/arch/arch/riscv/core/CMakeFiles/arch__riscv__core.dir/stacktrace.c.obj
[matsu:rw] [94/377] Building C object zephyr/lib/libc/minimal/CMakeFiles/lib__libc__minimal.dir/source/stdlib/strtoll.c.obj
[matsu:rw] [95/377] Linking C static library zephyr/arch/arch/riscv/core/libarch__riscv__core.a
[matsu:rw] [96/377] Building C object zephyr/lib/libc/minimal/CMakeFiles/lib__libc__minimal.dir/source/stdlib/strtoull.c.obj
[tentacruel:ro] [303/393] Building C object CMakeFiles/app.dir/mnt/host/source/src/platform/ec/build/zephyr/tentacruel/modules/ec/common/usbc/usbc_task.c.obj
[matsu:rw] [97/377] Building C object zephyr/lib/libc/minimal/CMakeFiles/lib__libc__minimal.dir/source/stdlib/bsearch.c.obj
[matsu:ro] [105/377] Building C object zephyr/lib/libc/minimal/CMakeFiles/lib__libc__minimal.dir/source/math/sqrtf.c.obj
[matsu:rw] [98/377] Building C object zephyr/lib/libc/minimal/CMakeFiles/lib__libc__minimal.dir/source/string/strncasecmp.c.obj
[tentacruel:ro] [304/393] Building C object CMakeFiles/app.dir/mnt/host/source/src/platform/ec/build/zephyr/tentacruel/modules/ec/common/usbc/usb_pd_timer.c.obj
[matsu:rw] [99/377] Building C object zephyr/lib/libc/minimal/CMakeFiles/lib__libc__minimal.dir/source/stdlib/qsort.c.obj
[matsu:ro] [106/377] Building C object zephyr/lib/libc/minimal/CMakeFiles/lib__libc__minimal.dir/source/stdout/sprintf.c.obj
[matsu:rw] [100/377] Building C object zephyr/lib/libc/minimal/CMakeFiles/lib__libc__minimal.dir/source/string/strerror.c.obj
[matsu:rw] [101/377] Building C object zephyr/lib/libc/minimal/CMakeFiles/lib__libc__minimal.dir/source/string/strstr.c.obj
[matsu:ro] [107/377] Building C object zephyr/lib/libc/minimal/CMakeFiles/lib__libc__minimal.dir/source/math/sqrt.c.obj
[matsu:ro] [108/377] Building C object zephyr/lib/libc/minimal/CMakeFiles/lib__libc__minimal.dir/source/stdout/stdout_console.c.obj
[matsu:ro] [109/377] Building C object zephyr/lib/libc/minimal/CMakeFiles/lib__libc__minimal.dir/source/stdout/fprintf.c.obj
[tentacruel:ro] [305/393] Building C object CMakeFiles/app.dir/mnt/host/source/src/platform/ec/build/zephyr/tentacruel/modules/ec/common/usbc/usb_sm.c.obj
[tentacruel:ro] [306/393] Building C object CMakeFiles/app.dir/mnt/host/source/src/platform/ec/build/zephyr/tentacruel/modules/ec/common/usbc_intr_task.c.obj
[matsu:rw] [102/377] Building C object zephyr/lib/libc/minimal/CMakeFiles/lib__libc__minimal.dir/source/string/strspn.c.obj
[matsu:rw] [103/377] Building C object zephyr/lib/libc/minimal/CMakeFiles/lib__libc__minimal.dir/source/string/string.c.obj
[matsu:ro] [110/377] Building C object zephyr/lib/libc/common/CMakeFiles/lib__libc__common.dir/source/time/gmtime_r.c.obj
[francka:rw] warning: Deprecated symbol I2C_ALLOW_NO_STOP_TRANSACTIONS is enabled.
[matsu:ro] [111/377] Building C object zephyr/lib/libc/common/CMakeFiles/lib__libc__common.dir/source/time/asctime.c.obj
[tentacruel:ro] [307/393] Building C object CMakeFiles/app.dir/mnt/host/source/src/platform/ec/build/zephyr/tentacruel/modules/ec/common/usbc_utils.c.obj
[tentacruel:ro] [308/393] Building C object CMakeFiles/app.dir/mnt/host/source/src/platform/ec/build/zephyr/tentacruel/modules/ec/common/usb_pd_flags.c.obj
[matsu:rw] [104/377] Building C object zephyr/lib/libc/minimal/CMakeFiles/lib__libc__minimal.dir/source/stdlib/exit.c.obj
[matsu:ro] [112/377] Building C object zephyr/lib/libc/common/CMakeFiles/lib__libc__common.dir/source/time/localtime_r_utc.c.obj
[matsu:ro] [113/377] Building C object zephyr/lib/libc/common/CMakeFiles/lib__libc__common.dir/source/time/ctime.c.obj
[matsu:ro] [114/377] Building C object zephyr/lib/libc/minimal/CMakeFiles/lib__libc__minimal.dir/source/time/gmtime.c.obj
[tentacruel:ro] [309/393] Building C object CMakeFiles/app.dir/mnt/host/source/src/platform/ec/build/zephyr/tentacruel/modules/ec/common/chargen.c.obj
[matsu:rw] [105/377] Building C object zephyr/lib/libc/minimal/CMakeFiles/lib__libc__minimal.dir/source/stdout/stdout_console.c.obj
[matsu:rw] [106/377] Building C object zephyr/lib/libc/minimal/CMakeFiles/lib__libc__minimal.dir/source/stdout/fprintf.c.obj
[matsu:ro] [115/377] Linking C static library zephyr/lib/libc/minimal/liblib__libc__minimal.a
[matsu:rw] [107/377] Building C object zephyr/lib/libc/minimal/CMakeFiles/lib__libc__minimal.dir/source/stdout/sprintf.c.obj
[matsu:ro] [116/377] Building C object zephyr/lib/libc/common/CMakeFiles/lib__libc__common.dir/source/stdlib/abort.c.obj
[matsu:rw] [108/377] Building C object zephyr/lib/libc/minimal/CMakeFiles/lib__libc__minimal.dir/source/math/sqrtf.c.obj
[matsu:ro] [117/377] Building C object zephyr/lib/libc/common/CMakeFiles/lib__libc__common.dir/source/time/time.c.obj
[matsu:ro] [118/377] Building C object zephyr/lib/libc/common/CMakeFiles/lib__libc__common.dir/source/string/strnlen.c.obj
[francka:ro] Parsing /mnt/host/source/src/platform/ec/zephyr/program/fatcat/Kconfig
[francka:rw] Parsing /mnt/host/source/src/platform/ec/zephyr/program/fatcat/Kconfig
[matsu:rw] [109/377] Building C object zephyr/lib/libc/minimal/CMakeFiles/lib__libc__minimal.dir/source/math/sqrt.c.obj
[matsu:ro] [119/377] Building C object zephyr/lib/posix/c_lib_ext/CMakeFiles/lib__posix__c_lib_ext.dir/fnmatch.c.obj
[matsu:rw] [110/377] Building C object zephyr/lib/libc/common/CMakeFiles/lib__libc__common.dir/source/time/asctime.c.obj
[tentacruel:ro] [310/393] Building C object CMakeFiles/app.dir/mnt/host/source/src/platform/ec/build/zephyr/tentacruel/modules/ec/common/usbc/usb_pd_console.c.obj
[matsu:rw] [111/377] Building C object zephyr/lib/libc/common/CMakeFiles/lib__libc__common.dir/source/time/gmtime_r.c.obj
[tentacruel:ro] [311/393] Building C object CMakeFiles/app.dir/mnt/host/source/src/platform/ec/build/zephyr/tentacruel/modules/ec/driver/usb_mux/it5205.c.obj
[tentacruel:ro] [312/393] Building C object CMakeFiles/app.dir/mnt/host/source/src/platform/ec/build/zephyr/tentacruel/modules/ec/driver/usb_mux/usb_mux.c.obj
[/mnt/host/source/src/platform/ec/build/zephyr/quandiso-lcov]   /mnt/host/source/src/platform/ec/build/zephyr/quandiso/build-rw/zephyr/CMakeFiles/zephyr.dir/subsys/shell/modules/kernel_service/kernel_shell.c.gcno:no functions found
[/mnt/host/source/src/platform/ec/build/zephyr/quandiso-lcov] stderr:
[matsu:rw] [112/377] Building C object zephyr/lib/libc/minimal/CMakeFiles/lib__libc__minimal.dir/source/time/gmtime.c.obj
[matsu:ro] [120/377] Building C object zephyr/lib/libc/common/CMakeFiles/lib__libc__common.dir/source/stdlib/malloc.c.obj
[matsu:rw] [113/377] Building C object zephyr/lib/libc/common/CMakeFiles/lib__libc__common.dir/source/time/localtime_r_utc.c.obj
[matsu:ro] [121/377] Linking C static library zephyr/lib/libc/common/liblib__libc__common.a
[matsu:rw] [114/377] Linking C static library zephyr/lib/libc/minimal/liblib__libc__minimal.a
[matsu:ro] [122/377] Building C object zephyr/lib/posix/c_lib_ext/CMakeFiles/lib__posix__c_lib_ext.dir/getopt_shim.c.obj
[tentacruel:ro] [313/393] Building C object CMakeFiles/app.dir/mnt/host/source/src/platform/ec/build/zephyr/tentacruel/modules/ec/driver/usb_mux/ps8743.c.obj
[matsu:rw] [115/377] Building C object zephyr/lib/libc/common/CMakeFiles/lib__libc__common.dir/source/time/ctime.c.obj
[matsu:rw] [116/377] Building C object zephyr/lib/libc/common/CMakeFiles/lib__libc__common.dir/source/stdlib/abort.c.obj
[matsu:ro] [123/377] Building C object zephyr/lib/posix/c_lib_ext/CMakeFiles/lib__posix__c_lib_ext.dir/getentropy.c.obj
[matsu:ro] [124/377] Linking C static library zephyr/lib/posix/c_lib_ext/liblib__posix__c_lib_ext.a
[/mnt/host/source/src/platform/ec/build/zephyr/quandiso-lcov]   /mnt/host/source/src/platform/ec/build/zephyr/quandiso/build-rw/zephyr/CMakeFiles/zephyr.dir/lib/libc/validate_libc.c.gcno:no functions found
[/mnt/host/source/src/platform/ec/build/zephyr/quandiso-lcov] stderr:
[matsu:ro] [125/377] Building C object zephyr/subsys/crc/CMakeFiles/subsys__crc.dir/crc8_sw.c.obj
[matsu:ro] [126/377] Building C object zephyr/subsys/crc/CMakeFiles/subsys__crc.dir/crc4_sw.c.obj
[tentacruel:ro] [314/393] Building C object CMakeFiles/app.dir/mnt/host/source/src/platform/ec/build/zephyr/tentacruel/modules/ec/driver/usb_mux/virtual.c.obj
[matsu:rw] [117/377] Building C object zephyr/lib/libc/common/CMakeFiles/lib__libc__common.dir/source/string/strnlen.c.obj
[matsu:rw] [118/377] Building C object zephyr/lib/posix/c_lib_ext/CMakeFiles/lib__posix__c_lib_ext.dir/fnmatch.c.obj
[matsu:rw] [119/377] Building C object zephyr/lib/libc/common/CMakeFiles/lib__libc__common.dir/source/time/time.c.obj
[matsu:ro] [127/377] Building C object zephyr/subsys/crc/CMakeFiles/subsys__crc.dir/crc16_sw.c.obj
[matsu:ro] [128/377] Building C object zephyr/subsys/crc/CMakeFiles/subsys__crc.dir/crc7_sw.c.obj
[matsu:ro] [129/377] Building C object zephyr/subsys/crc/CMakeFiles/subsys__crc.dir/crc24_sw.c.obj
[matsu:ro] [130/377] Building C object zephyr/lib/smf/CMakeFiles/lib__smf.dir/smf.c.obj
[matsu:ro] [131/377] Building C object zephyr/subsys/crc/CMakeFiles/subsys__crc.dir/crc32c_sw.c.obj
[matsu:ro] [132/377] Linking C static library zephyr/lib/smf/liblib__smf.a
[matsu:ro] [133/377] Building C object zephyr/subsys/crc/CMakeFiles/subsys__crc.dir/crc32_sw.c.obj
[tentacruel:ro] [315/393] Building C object CMakeFiles/app.dir/mnt/host/source/src/platform/ec/build/zephyr/tentacruel/modules/ec/common/event_log.c.obj
[matsu:ro] [134/377] Building C object zephyr/subsys/crc/CMakeFiles/subsys__crc.dir/crc32k_4_2_sw.c.obj
[matsu:rw] [120/377] Building C object zephyr/lib/libc/common/CMakeFiles/lib__libc__common.dir/source/stdlib/malloc.c.obj
[francka:rw] Loaded configuration '/mnt/host/source/src/platform/ec/zephyr/boards/google/npcx9/npcx9_npcx9m7f_defconfig'
[francka:rw] Merged configuration '/mnt/host/source/src/platform/ec/zephyr/program/fatcat/program.conf'
[francka:rw] Merged configuration '/mnt/host/source/src/platform/ec/zephyr/program/fatcat/francka/project.conf'
[francka:rw] Merged configuration '/mnt/host/source/src/platform/ec/build/zephyr/francka/kconfig-rw.conf'
[francka:rw] Configuration saved to '/mnt/host/source/src/platform/ec/build/zephyr/francka/build-rw/zephyr/.config'
[francka:rw] Kconfig header saved to '/mnt/host/source/src/platform/ec/build/zephyr/francka/build-rw/zephyr/include/generated/zephyr/autoconf.h'
[francka:rw] -- Found GnuLd: /home/jpmurphy/.cache/coreboot-sdk/arm-eabi/ea40ddd1d190c3b48435c474c0b545719371813a/arm-eabi/bin/ld.bfd (found version "2.43.1")
[francka:ro] Loaded configuration '/mnt/host/source/src/platform/ec/zephyr/boards/google/npcx9/npcx9_npcx9m7f_defconfig'
[francka:ro] Merged configuration '/mnt/host/source/src/platform/ec/zephyr/program/fatcat/program.conf'
[francka:ro] Merged configuration '/mnt/host/source/src/platform/ec/zephyr/program/fatcat/francka/project.conf'
[francka:ro] Merged configuration '/mnt/host/source/src/platform/ec/build/zephyr/francka/kconfig-ro.conf'
[francka:ro] Configuration saved to '/mnt/host/source/src/platform/ec/build/zephyr/francka/build-ro/zephyr/.config'
[francka:ro] Kconfig header saved to '/mnt/host/source/src/platform/ec/build/zephyr/francka/build-ro/zephyr/include/generated/zephyr/autoconf.h'
[francka:ro] -- Found GnuLd: /home/jpmurphy/.cache/coreboot-sdk/arm-eabi/ea40ddd1d190c3b48435c474c0b545719371813a/arm-eabi/bin/ld.bfd (found version "2.43.1")
[tentacruel:ro] [316/393] Building C object CMakeFiles/app.dir/mnt/host/source/src/platform/ec/build/zephyr/tentacruel/modules/ec/common/dps.c.obj
[matsu:rw] [121/377] Linking C static library zephyr/lib/libc/common/liblib__libc__common.a
[matsu:ro] [135/377] Linking C static library zephyr/subsys/crc/libsubsys__crc.a
[tentacruel:ro] [317/393] Building C object CMakeFiles/app.dir/mnt/host/source/src/platform/ec/build/zephyr/tentacruel/modules/ec/common/pd_log.c.obj
[matsu:rw] [122/377] Building C object zephyr/subsys/crc/CMakeFiles/subsys__crc.dir/crc4_sw.c.obj
[francka:rw] -- The C compiler identification is GNU 14.2.0
[matsu:rw] [123/377] Building C object zephyr/lib/posix/c_lib_ext/CMakeFiles/lib__posix__c_lib_ext.dir/getopt_shim.c.obj
[matsu:rw] [124/377] Building C object zephyr/lib/posix/c_lib_ext/CMakeFiles/lib__posix__c_lib_ext.dir/getentropy.c.obj
[matsu:ro] [136/377] Building C object zephyr/subsys/input/CMakeFiles/subsys__input.dir/input_hid.c.obj
[francka:ro] -- The C compiler identification is GNU 14.2.0
[matsu:rw] [125/377] Linking C static library zephyr/lib/posix/c_lib_ext/liblib__posix__c_lib_ext.a
[matsu:rw] [126/377] Building C object zephyr/subsys/crc/CMakeFiles/subsys__crc.dir/crc8_sw.c.obj
[matsu:rw] [127/377] Building C object zephyr/subsys/crc/CMakeFiles/subsys__crc.dir/crc16_sw.c.obj
[matsu:ro] [137/377] Building C object zephyr/subsys/input/CMakeFiles/subsys__input.dir/input.c.obj
[matsu:rw] [128/377] Building C object zephyr/subsys/crc/CMakeFiles/subsys__crc.dir/crc7_sw.c.obj
[francka:rw] -- The CXX compiler identification is GNU 14.2.0
[matsu:rw] [129/377] Building C object zephyr/subsys/crc/CMakeFiles/subsys__crc.dir/crc24_sw.c.obj
[matsu:rw] [130/377] Building C object zephyr/lib/smf/CMakeFiles/lib__smf.dir/smf.c.obj
[francka:ro] -- The CXX compiler identification is GNU 14.2.0
[matsu:rw] [131/377] Linking C static library zephyr/lib/smf/liblib__smf.a
[francka:rw] -- The ASM compiler identification is GNU
[francka:rw] -- Found assembler: /home/jpmurphy/.cache/coreboot-sdk/arm-eabi/ea40ddd1d190c3b48435c474c0b545719371813a/bin/arm-eabi-gcc
[matsu:rw] [132/377] Building C object zephyr/subsys/crc/CMakeFiles/subsys__crc.dir/crc32c_sw.c.obj
[francka:rw] CMake Warning at /mnt/host/source/src/platform/ec/zephyr/cmake/linker/ld/linker_libraries.cmake:11 (message):
[matsu:ro] [138/377] Building C object zephyr/subsys/input/CMakeFiles/subsys__input.dir/input_utils.c.obj
[matsu:rw] [133/377] Building C object zephyr/subsys/crc/CMakeFiles/subsys__crc.dir/crc32k_4_2_sw.c.obj
[francka:ro] -- The ASM compiler identification is GNU
[francka:ro] -- Found assembler: /home/jpmurphy/.cache/coreboot-sdk/arm-eabi/ea40ddd1d190c3b48435c474c0b545719371813a/bin/arm-eabi-gcc
[tentacruel:ro] [318/393] Building C object CMakeFiles/app.dir/mnt/host/source/src/platform/ec/build/zephyr/tentacruel/modules/ec/common/usbc/usb_tc_drp_acc_trysrc_sm.c.obj
[tentacruel:ro] [319/393] Building C object CMakeFiles/app.dir/mnt/host/source/src/platform/ec/build/zephyr/tentacruel/modules/ec/common/usbc/usb_prl_sm.c.obj
[francka:ro] warning: Deprecated symbol I2C_ALLOW_NO_STOP_TRANSACTIONS is enabled.
[francka:ro] CMake Warning at /mnt/host/source/src/platform/ec/zephyr/cmake/linker/ld/linker_libraries.cmake:11 (message):
[/mnt/host/source/src/platform/ec/build/zephyr/quandiso-lcov]   /mnt/host/source/src/platform/ec/build/zephyr/quandiso/build-rw/zephyr/CMakeFiles/zephyr.dir/lib/utils/last_section_id.c.gcno:no functions found
[/mnt/host/source/src/platform/ec/build/zephyr/quandiso-lcov] stderr:
[matsu:rw] [134/377] Building C object zephyr/subsys/crc/CMakeFiles/subsys__crc.dir/crc32_sw.c.obj
[matsu:ro] [139/377] Linking C static library zephyr/subsys/input/libsubsys__input.a
[matsu:rw] [135/377] Linking C static library zephyr/subsys/crc/libsubsys__crc.a
[matsu:ro] [140/377] Building C object zephyr/drivers/interrupt_controller/CMakeFiles/drivers__interrupt_controller.dir/intc_ite_it8xxx2_v2.c.obj
[tentacruel:ro] [320/393] Building C object CMakeFiles/app.dir/mnt/host/source/src/platform/ec/build/zephyr/tentacruel/modules/ec/common/usbc/usb_pd_dpm.c.obj
[matsu:rw] [136/377] Building C object zephyr/subsys/input/CMakeFiles/subsys__input.dir/input_hid.c.obj
[matsu:ro] [141/377] Building C object zephyr/drivers/interrupt_controller/CMakeFiles/drivers__interrupt_controller.dir/wuc_ite_it8xxx2.c.obj
[tentacruel:ro] [321/393] Building C object CMakeFiles/app.dir/mnt/host/source/src/platform/ec/build/zephyr/tentacruel/modules/ec/common/usbc/usbc_pd_policy.c.obj
[matsu:ro] [142/377] Building C object zephyr/drivers/adc/CMakeFiles/drivers__adc.dir/adc_common.c.obj
[matsu:ro] [143/377] Linking C static library zephyr/drivers/interrupt_controller/libdrivers__interrupt_controller.a
[matsu:rw] [137/377] Building C object zephyr/subsys/input/CMakeFiles/subsys__input.dir/input.c.obj
[tentacruel:ro] [322/393] Building C object CMakeFiles/app.dir/mnt/host/source/src/platform/ec/build/zephyr/tentacruel/modules/ec/common/usbc/usb_pe_drp_sm.c.obj
[matsu:rw] [138/377] Building C object zephyr/subsys/input/CMakeFiles/subsys__input.dir/input_utils.c.obj
[francka:rw] -- Performing EC specific devicetree checks
[matsu:rw] [139/377] Linking C static library zephyr/subsys/input/libsubsys__input.a
[matsu:ro] [144/377] Building C object zephyr/drivers/bbram/CMakeFiles/drivers__bbram.dir/bbram_it8xxx2.c.obj
[matsu:rw] [140/377] Building C object zephyr/drivers/interrupt_controller/CMakeFiles/drivers__interrupt_controller.dir/intc_ite_it8xxx2_v2.c.obj
[matsu:ro] [145/377] Linking C static library zephyr/drivers/bbram/libdrivers__bbram.a
[francka:ro] -- Performing EC specific devicetree checks
[matsu:ro] [146/377] Building C object zephyr/drivers/adc/CMakeFiles/drivers__adc.dir/adc_ite_it8xxx2.c.obj
[francka:rw]   Disabling c_library
[francka:rw] Call Stack (most recent call first):
[francka:rw]   /mnt/host/source/src/third_party/zephyr/main/cmake/target_toolchain_flags.cmake:48 (include)
[francka:rw]   /mnt/host/source/src/third_party/zephyr/main/cmake/modules/kernel.cmake:153 (include)
[francka:rw]   /mnt/host/source/src/third_party/zephyr/main/cmake/modules/zephyr_default.cmake:138 (include)
[francka:rw]   /mnt/host/source/src/third_party/zephyr/main/share/zephyr-package/cmake/ZephyrConfig.cmake:66 (include)
[francka:rw]   /mnt/host/source/src/third_party/zephyr/main/share/zephyr-package/cmake/ZephyrConfig.cmake:97 (include_boilerplate)
[francka:rw]   CMakeLists.txt:7 (find_package)
[francka:rw] INFO: Verified 59 GPIOs, no duplicates found
[francka:rw] INFO: Verified 19 '*-gpios' properties, all flags match.
[francka:rw] INFO: Skipped 15 named-gpios children.
[tentacruel:ro] [323/393] Building C object CMakeFiles/app.dir/mnt/host/source/src/platform/ec/build/zephyr/tentacruel/modules/ec/common/usb_pd_console_cmd.c.obj
[matsu:ro] [147/377] Linking C static library zephyr/drivers/adc/libdrivers__adc.a
[francka:ro]   Disabling c_library
[francka:ro] Call Stack (most recent call first):
[francka:ro]   /mnt/host/source/src/third_party/zephyr/main/cmake/target_toolchain_flags.cmake:48 (include)
[francka:ro]   /mnt/host/source/src/third_party/zephyr/main/cmake/modules/kernel.cmake:153 (include)
[francka:ro]   /mnt/host/source/src/third_party/zephyr/main/cmake/modules/zephyr_default.cmake:138 (include)
[francka:ro]   /mnt/host/source/src/third_party/zephyr/main/share/zephyr-package/cmake/ZephyrConfig.cmake:66 (include)
[francka:ro]   /mnt/host/source/src/third_party/zephyr/main/share/zephyr-package/cmake/ZephyrConfig.cmake:97 (include_boilerplate)
[francka:ro]   CMakeLists.txt:7 (find_package)
[francka:ro] INFO: Verified 59 GPIOs, no duplicates found
[francka:ro] INFO: Verified 19 '*-gpios' properties, all flags match.
[francka:ro] INFO: Skipped 15 named-gpios children.
[tentacruel:ro] [324/393] Building C object CMakeFiles/app.dir/mnt/host/source/src/platform/ec/build/zephyr/tentacruel/modules/ec/common/usbc/dp_alt_mode.c.obj
[matsu:rw] [141/377] Building C object zephyr/drivers/interrupt_controller/CMakeFiles/drivers__interrupt_controller.dir/wuc_ite_it8xxx2.c.obj
[francka:rw] -- Generating component manifest file
[matsu:rw] [142/377] Linking C static library zephyr/drivers/interrupt_controller/libdrivers__interrupt_controller.a
[matsu:ro] [148/377] Building C object zephyr/drivers/console/CMakeFiles/drivers__console.dir/uart_console.c.obj
[matsu:ro] [149/377] Linking C static library zephyr/drivers/console/libdrivers__console.a
[tentacruel:ro] [325/393] Building C object CMakeFiles/app.dir/mnt/host/source/src/platform/ec/build/zephyr/tentacruel/modules/ec/common/usb_pd_host_cmd.c.obj
[matsu:rw] [143/377] Building C object zephyr/drivers/adc/CMakeFiles/drivers__adc.dir/adc_common.c.obj
[matsu:ro] [150/377] Building C object zephyr/drivers/crypto/CMakeFiles/drivers__crypto.dir/crypto_it8xxx2_sha_v2.c.obj
[francka:ro] -- Generating component manifest file
[matsu:ro] [151/377] Linking C static library zephyr/drivers/crypto/libdrivers__crypto.a
[francka:rw] INFO: Running CME, outputting to /mnt/host/source/src/platform/ec/build/zephyr/francka/build-rw/zephyr/component_manifest.json
[tentacruel:ro] [326/393] Building C object CMakeFiles/app.dir/mnt/host/source/src/platform/ec/build/zephyr/tentacruel/modules/ec/common/usbc/usb_pd_host.c.obj
[francka:ro] INFO: Running CME, outputting to /mnt/host/source/src/platform/ec/build/zephyr/francka/build-ro/zephyr/component_manifest.json
[francka:ro] INFO: Project francka does not support SSFC
[francka:ro] INFO: No motionsense-sensor-alt node found
[matsu:rw] [144/377] Building C object zephyr/drivers/bbram/CMakeFiles/drivers__bbram.dir/bbram_it8xxx2.c.obj
[matsu:rw] [145/377] Linking C static library zephyr/drivers/bbram/libdrivers__bbram.a
[francka:rw] -- warning_base_override: -Wall;-Wformat;-Wformat-security;-Wformat;-Wno-format-zero-length;-Wno-pointer-sign;-Wpointer-arith;-Wexpansion-to-defined
[tentacruel:ro] [327/393] Building C object CMakeFiles/app.dir/mnt/host/source/src/platform/ec/build/zephyr/tentacruel/modules/ec/zephyr/shim/src/tcpc.c.obj
[matsu:rw] [146/377] Building C object zephyr/drivers/adc/CMakeFiles/drivers__adc.dir/adc_ite_it8xxx2.c.obj
[matsu:ro] [152/377] Building C object zephyr/drivers/flash/CMakeFiles/drivers__flash.dir/flash_ite_it8xxx2.c.obj
[matsu:ro] [153/377] Linking C static library zephyr/drivers/flash/libdrivers__flash.a
[matsu:rw] [147/377] Linking C static library zephyr/drivers/adc/libdrivers__adc.a
[matsu:rw] [148/377] Building C object zephyr/drivers/console/CMakeFiles/drivers__console.dir/uart_console.c.obj
[francka:ro] -- warning_base_override: -Wall;-Wformat;-Wformat-security;-Wformat;-Wno-format-zero-length;-Wno-pointer-sign;-Wpointer-arith;-Wexpansion-to-defined
[tentacruel:ro] [328/393] Building C object CMakeFiles/app.dir/mnt/host/source/src/platform/ec/build/zephyr/tentacruel/modules/ec/common/usbc/svdm_rsp_dfp_only.c.obj
[tentacruel:ro] [329/393] Building C object CMakeFiles/app.dir/mnt/host/source/src/platform/ec/build/zephyr/tentacruel/modules/ec/common/usb_pd_host_cmd_common.c.obj
[matsu:rw] [149/377] Linking C static library zephyr/drivers/console/libdrivers__console.a
[matsu:ro] [154/377] Building C object zephyr/drivers/espi/CMakeFiles/drivers__espi.dir/espi_it8xxx2.c.obj
[matsu:rw] [150/377] Building C object zephyr/drivers/crypto/CMakeFiles/drivers__crypto.dir/crypto_it8xxx2_sha_v2.c.obj
[matsu:ro] [155/377] Linking C static library zephyr/drivers/espi/libdrivers__espi.a
[francka:rw] -- Found gen_kobject_list: /mnt/host/source/src/third_party/zephyr/main/scripts/build/gen_kobject_list.py
[matsu:rw] [151/377] Linking C static library zephyr/drivers/crypto/libdrivers__crypto.a
[matsu:ro] [156/377] Building C object zephyr/drivers/i2c/CMakeFiles/drivers__i2c.dir/i2c_common.c.obj
[tentacruel:ro] [330/393] Building C object CMakeFiles/app.dir/mnt/host/source/src/platform/ec/build/zephyr/tentacruel/modules/ec/common/usbc_ocp.c.obj
[francka:rw] INFO: Project francka does not support SSFC
[francka:rw] INFO: No motionsense-sensor-alt node found
[francka:rw] CMake Warning at /mnt/host/source/src/third_party/zephyr/main/CMakeLists.txt:2359 (message):
[francka:rw]   __ASSERT() statements are globally ENABLED
[francka:ro] -- Found gen_kobject_list: /mnt/host/source/src/third_party/zephyr/main/scripts/build/gen_kobject_list.py
[tentacruel:ro] [331/393] Building C object CMakeFiles/app.dir/mnt/host/source/src/platform/ec/build/zephyr/tentacruel/modules/ec/common/usb_pd_discovery.c.obj
[francka:ro] CMake Warning at /mnt/host/source/src/third_party/zephyr/main/CMakeLists.txt:2359 (message):
[francka:ro]   __ASSERT() statements are globally ENABLED
[francka:rw] -- Configuring done (16.9s)
[francka:ro] -- Configuring done (17.4s)
[matsu:rw] [152/377] Building C object zephyr/drivers/flash/CMakeFiles/drivers__flash.dir/flash_ite_it8xxx2.c.obj
[matsu:ro] [157/377] Building C object zephyr/drivers/i2c/CMakeFiles/drivers__i2c.dir/i2c_bitbang.c.obj
[matsu:rw] [153/377] Linking C static library zephyr/drivers/flash/libdrivers__flash.a
[tentacruel:ro] [332/393] Building C object CMakeFiles/app.dir/mnt/host/source/src/platform/ec/build/zephyr/tentacruel/modules/ec/common/usb_pd_dual_role.c.obj
[matsu:rw] [154/377] Building C object zephyr/drivers/espi/CMakeFiles/drivers__espi.dir/espi_it8xxx2.c.obj
[matsu:rw] [155/377] Linking C static library zephyr/drivers/espi/libdrivers__espi.a
[francka:rw] -- Generating done (0.5s)
[francka:rw] CMake Warning:
[matsu:ro] [158/377] Building C object zephyr/drivers/gpio/CMakeFiles/drivers__gpio.dir/gpio_ite_it8xxx2_v2.c.obj
[francka:rw]   Manually-specified variables were not used by the project:
[francka:rw]     COREBOOT_SDK_ROOT_libstdcxx_riscv64
[francka:rw]     COREBOOT_SDK_ROOT_libstdcxx_x86
[francka:rw]     COREBOOT_SDK_ROOT_nds32
[francka:rw]     COREBOOT_SDK_ROOT_picolibc_riscv64
[francka:rw]     COREBOOT_SDK_ROOT_picolibc_x86
[francka:rw]     COREBOOT_SDK_ROOT_riscv
[francka:rw]     COREBOOT_SDK_ROOT_riscv64
[francka:rw]     COREBOOT_SDK_ROOT_x86
[francka:rw] -- Build files have been written to: /mnt/host/source/src/platform/ec/build/zephyr/francka/build-rw
[tentacruel:ro] [333/393] Building C object CMakeFiles/app.dir/mnt/host/source/src/platform/ec/build/zephyr/tentacruel/modules/ec/common/usbc/dp_hpd_gpio.c.obj
[matsu:ro] [159/377] Linking C static library zephyr/drivers/gpio/libdrivers__gpio.a
[matsu:ro] [160/377] Building C object zephyr/drivers/i2c/CMakeFiles/drivers__i2c.dir/i2c_shell.c.obj
[matsu:rw] [156/377] Building C object zephyr/drivers/i2c/CMakeFiles/drivers__i2c.dir/i2c_common.c.obj
[francka:ro] -- Generating done (0.5s)
[francka:ro] CMake Warning:
[francka:ro] -- Build files have been written to: /mnt/host/source/src/platform/ec/build/zephyr/francka/build-ro
[tentacruel:ro] [334/393] Building C object CMakeFiles/app.dir/mnt/host/source/src/platform/ec/build/zephyr/tentacruel/modules/ec/driver/tcpm/ite_pd_intc.c.obj
[tentacruel:ro] [335/393] Building C object CMakeFiles/app.dir/mnt/host/source/src/platform/ec/build/zephyr/tentacruel/modules/ec/driver/tcpm/tcpci.c.obj
[francka:ro]   Manually-specified variables were not used by the project:
[francka:ro]     COREBOOT_SDK_ROOT_libstdcxx_riscv64
[francka:ro]     COREBOOT_SDK_ROOT_libstdcxx_x86
[francka:ro]     COREBOOT_SDK_ROOT_nds32
[francka:ro]     COREBOOT_SDK_ROOT_picolibc_riscv64
[francka:ro]     COREBOOT_SDK_ROOT_picolibc_x86
[francka:ro]     COREBOOT_SDK_ROOT_riscv
[francka:ro]     COREBOOT_SDK_ROOT_riscv64
[francka:ro]     COREBOOT_SDK_ROOT_x86
[matsu:ro] [161/377] Building C object zephyr/drivers/i2c/CMakeFiles/drivers__i2c.dir/i2c_ite_enhance.c.obj
[matsu:rw] [157/377] Building C object zephyr/drivers/i2c/CMakeFiles/drivers__i2c.dir/i2c_bitbang.c.obj
[matsu:ro] [162/377] Linking C static library zephyr/drivers/i2c/libdrivers__i2c.a
[tentacruel:ro] [336/393] Building C object CMakeFiles/app.dir/mnt/host/source/src/platform/ec/build/zephyr/tentacruel/modules/ec/driver/tcpm/it8xxx2.c.obj
[matsu:rw] [158/377] Building C object zephyr/drivers/gpio/CMakeFiles/drivers__gpio.dir/gpio_ite_it8xxx2_v2.c.obj
[matsu:ro] [163/377] Building C object zephyr/drivers/pinctrl/CMakeFiles/drivers__pinctrl.dir/common.c.obj
[matsu:rw] [159/377] Linking C static library zephyr/drivers/gpio/libdrivers__gpio.a
[matsu:ro] [164/377] Building C object zephyr/drivers/input/CMakeFiles/drivers__input.dir/input_ite_it8xxx2_kbd.c.obj
[matsu:rw] [160/377] Building C object zephyr/drivers/i2c/CMakeFiles/drivers__i2c.dir/i2c_shell.c.obj
[tentacruel:ro] [337/393] Building C object CMakeFiles/app.dir/mnt/host/source/src/platform/ec/build/zephyr/tentacruel/modules/ec/common/usbc_ppc.c.obj
[matsu:ro] [165/377] Building C object zephyr/drivers/sensor/CMakeFiles/drivers__sensor.dir/mnt/host/source/src/third_party/zephyr/main/misc/empty_file.c.obj
[matsu:ro] [166/377] Linking C static library zephyr/drivers/sensor/libdrivers__sensor.a
[matsu:ro] [167/377] Building C object zephyr/drivers/input/CMakeFiles/drivers__input.dir/input_kbd_matrix.c.obj
[matsu:ro] [168/377] Linking C static library zephyr/drivers/input/libdrivers__input.a
[tentacruel:ro] [338/393] Building C object CMakeFiles/app.dir/mnt/host/source/src/platform/ec/build/zephyr/tentacruel/modules/ec/driver/ppc/rt1739.c.obj
[matsu:rw] [161/377] Building C object zephyr/drivers/input/CMakeFiles/drivers__input.dir/input_ite_it8xxx2_kbd.c.obj
[matsu:rw] [162/377] Building C object zephyr/drivers/pinctrl/CMakeFiles/drivers__pinctrl.dir/common.c.obj
[tentacruel:ro] [339/393] Building C object CMakeFiles/app.dir/mnt/host/source/src/platform/ec/build/zephyr/tentacruel/modules/ec/driver/ppc/syv682x.c.obj
[matsu:rw] [163/377] Building C object zephyr/drivers/i2c/CMakeFiles/drivers__i2c.dir/i2c_ite_enhance.c.obj
[matsu:ro] [169/377] Building C object zephyr/drivers/pwm/CMakeFiles/drivers__pwm.dir/pwm_shell.c.obj
[matsu:rw] [164/377] Building C object zephyr/drivers/input/CMakeFiles/drivers__input.dir/input_kbd_matrix.c.obj
[tentacruel:ro] [340/393] Building C object CMakeFiles/app.dir/mnt/host/source/src/platform/ec/build/zephyr/tentacruel/modules/ec/common/vboot_hash.c.obj
[matsu:rw] [165/377] Linking C static library zephyr/drivers/i2c/libdrivers__i2c.a
[matsu:rw] [166/377] Linking C static library zephyr/drivers/input/libdrivers__input.a
[matsu:ro] [170/377] Building C object zephyr/drivers/pwm/CMakeFiles/drivers__pwm.dir/pwm_ite_it8xxx2.c.obj
[matsu:ro] [171/377] Building C object zephyr/drivers/pinctrl/CMakeFiles/drivers__pinctrl.dir/pinctrl_ite_it8xxx2.c.obj
[matsu:rw] [167/377] Building C object zephyr/drivers/sensor/CMakeFiles/drivers__sensor.dir/mnt/host/source/src/third_party/zephyr/main/misc/empty_file.c.obj
[matsu:ro] [172/377] Linking C static library zephyr/drivers/pwm/libdrivers__pwm.a
[tentacruel:ro] [341/393] Building C object CMakeFiles/app.dir/mnt/host/source/src/platform/ec/build/zephyr/tentacruel/modules/ec/common/button.c.obj
[matsu:ro] [173/377] Linking C static library zephyr/drivers/pinctrl/libdrivers__pinctrl.a
[matsu:rw] [168/377] Linking C static library zephyr/drivers/sensor/libdrivers__sensor.a
[matsu:ro] [174/377] Building C object zephyr/drivers/syscon/CMakeFiles/drivers__syscon.dir/mnt/host/source/src/third_party/zephyr/main/misc/empty_file.c.obj
[matsu:ro] [175/377] Linking C static library zephyr/drivers/syscon/libdrivers__syscon.a
[tentacruel:ro] [342/393] Building C object CMakeFiles/app.dir/mnt/host/source/src/platform/ec/build/zephyr/tentacruel/modules/ec/common/vboot/efs2.c.obj
[matsu:ro] [176/377] Building C object zephyr/drivers/sensor/ite/ite_tach_it8xxx2/CMakeFiles/drivers__sensor__ite__ite_tach_it8xxx2.dir/tach_ite_it8xxx2.c.obj
[matsu:rw] [169/377] Building C object zephyr/drivers/pinctrl/CMakeFiles/drivers__pinctrl.dir/pinctrl_ite_it8xxx2.c.obj
[matsu:ro] [177/377] Linking C static library zephyr/drivers/sensor/ite/ite_tach_it8xxx2/libdrivers__sensor__ite__ite_tach_it8xxx2.a
[matsu:rw] [170/377] Linking C static library zephyr/drivers/pinctrl/libdrivers__pinctrl.a
[matsu:ro] [178/377] Building C object zephyr/drivers/serial/CMakeFiles/drivers__serial.dir/uart_ite_it8xxx2.c.obj
[matsu:rw] [171/377] Building C object zephyr/drivers/pwm/CMakeFiles/drivers__pwm.dir/pwm_shell.c.obj
[tentacruel:ro] [343/393] Building C object CMakeFiles/app.dir/mnt/host/source/src/platform/ec/build/zephyr/tentacruel/modules/ec/common/vstore.c.obj
[matsu:rw] [172/377] Building C object zephyr/drivers/pwm/CMakeFiles/drivers__pwm.dir/pwm_ite_it8xxx2.c.obj
[tentacruel:ro] [344/393] Building C object CMakeFiles/app.dir/mnt/host/source/src/platform/ec/build/zephyr/tentacruel/modules/ec/common/math_util.c.obj
[matsu:rw] [173/377] Linking C static library zephyr/drivers/pwm/libdrivers__pwm.a
[matsu:rw] [174/377] Building C object zephyr/drivers/sensor/ite/ite_tach_it8xxx2/CMakeFiles/drivers__sensor__ite__ite_tach_it8xxx2.dir/tach_ite_it8xxx2.c.obj
[matsu:rw] [175/377] Building C object zephyr/drivers/syscon/CMakeFiles/drivers__syscon.dir/mnt/host/source/src/third_party/zephyr/main/misc/empty_file.c.obj
[matsu:ro] [179/377] Building C object zephyr/drivers/serial/CMakeFiles/drivers__serial.dir/uart_ns16550.c.obj
[matsu:rw] [176/377] Linking C static library zephyr/drivers/syscon/libdrivers__syscon.a
[matsu:ro] [180/377] Building C object zephyr/drivers/timer/CMakeFiles/drivers__timer.dir/sys_clock_init.c.obj
[matsu:rw] [177/377] Linking C static library zephyr/drivers/sensor/ite/ite_tach_it8xxx2/libdrivers__sensor__ite__ite_tach_it8xxx2.a
[tentacruel:ro] [345/393] Building C object CMakeFiles/app.dir/src/hibernate.c.obj
[matsu:ro] [181/377] Linking C static library zephyr/drivers/serial/libdrivers__serial.a
[tentacruel:ro] [346/393] Building C object CMakeFiles/app.dir/src/board.c.obj
[matsu:rw] [178/377] Building C object zephyr/drivers/serial/CMakeFiles/drivers__serial.dir/uart_ite_it8xxx2.c.obj
[matsu:ro] [182/377] Building C object zephyr/drivers/timer/CMakeFiles/drivers__timer.dir/ite_it8xxx2_timer.c.obj
[matsu:ro] [183/377] Linking C static library zephyr/drivers/timer/libdrivers__timer.a
[matsu:ro] [184/377] Building C object zephyr/drivers/watchdog/CMakeFiles/drivers__watchdog.dir/wdt_ite_it8xxx2.c.obj
[matsu:ro] [185/377] Building C object zephyr/drivers/watchdog/CMakeFiles/drivers__watchdog.dir/wdt_shell.c.obj
[matsu:ro] [186/377] Linking C static library zephyr/drivers/watchdog/libdrivers__watchdog.a
[matsu:rw] [179/377] Building C object zephyr/drivers/serial/CMakeFiles/drivers__serial.dir/uart_ns16550.c.obj
[tentacruel:ro] [347/393] Building C object CMakeFiles/app.dir/src/usbc.c.obj
[matsu:rw] [180/377] Building C object zephyr/drivers/timer/CMakeFiles/drivers__timer.dir/sys_clock_init.c.obj
[matsu:rw] [181/377] Linking C static library zephyr/drivers/serial/libdrivers__serial.a
[tentacruel:ro] [348/393] Building C object CMakeFiles/app.dir/src/board_chipset.c.obj
[matsu:ro] [187/377] Building C object modules/ec/zephyr/CMakeFiles/ec_shim.dir/app/ec/main_shim.c.obj
[tentacruel:ro] [349/393] Building C object CMakeFiles/app.dir/src/variant_db_detection.c.obj
[matsu:rw] [182/377] Building C object zephyr/drivers/timer/CMakeFiles/drivers__timer.dir/ite_it8xxx2_timer.c.obj
[tentacruel:ro] [350/393] Building C object CMakeFiles/app.dir/src/usb_pd_policy.c.obj
[matsu:rw] [183/377] Building C object zephyr/drivers/watchdog/CMakeFiles/drivers__watchdog.dir/wdt_ite_it8xxx2.c.obj
[matsu:rw] [184/377] Linking C static library zephyr/drivers/timer/libdrivers__timer.a
[matsu:rw] [185/377] Building C object zephyr/drivers/watchdog/CMakeFiles/drivers__watchdog.dir/wdt_shell.c.obj
[matsu:ro] [188/377] Building C object modules/ec/zephyr/CMakeFiles/ec_shim.dir/app/ec/ec_app_main.c.obj
[tentacruel:ro] [351/393] Building C object CMakeFiles/app.dir/src/ite_hooks.c.obj
[matsu:rw] [186/377] Linking C static library zephyr/drivers/watchdog/libdrivers__watchdog.a
[matsu:ro] [189/377] Building C object modules/ec/zephyr/CMakeFiles/ec_shim.dir/app/ec/chip/riscv/riscv-ite/it8xxx2-espi.c.obj
[matsu:ro] [190/377] Building C object modules/ec/zephyr/CMakeFiles/ec_shim.dir/drivers/cros_flash/cros_flash_it8xxx2.c.obj
[matsu:ro] [191/377] Building C object modules/ec/zephyr/CMakeFiles/ec_shim.dir/drivers/keyboard_input/keyboard_customization_check.c.obj
[matsu:rw] [187/377] Building C object modules/ec/zephyr/CMakeFiles/ec_shim.dir/app/ec/main_shim.c.obj
[matsu:ro] [192/377] Building C object modules/ec/zephyr/CMakeFiles/ec_shim.dir/drivers/cros_kblight/pwm_kblight.c.obj
[tentacruel:ro] [352/393] Building C object CMakeFiles/app.dir/src/ite_charger_workaround.c.obj
[matsu:rw] [188/377] Building C object modules/ec/zephyr/CMakeFiles/ec_shim.dir/app/ec/ec_app_main.c.obj
[matsu:rw] [189/377] Building C object modules/ec/zephyr/CMakeFiles/ec_shim.dir/app/ec/chip/riscv/riscv-ite/it8xxx2-espi.c.obj
[matsu:ro] [193/377] Building C object modules/ec/zephyr/CMakeFiles/ec_shim.dir/drivers/cros_system/cros_system_it8xxx2.c.obj
[tentacruel:ro] [353/393] Building C object CMakeFiles/app.dir/src/ite_i2c.c.obj
[tentacruel:ro] [354/393] Building C object CMakeFiles/app.dir/src/ite_usb_pd_policy.c.obj
[matsu:ro] [194/377] Building C object modules/ec/zephyr/CMakeFiles/ec_shim.dir/drivers/hibernate/hibernate_z5.c.obj
[tentacruel:ro] [355/393] Building C object CMakeFiles/app.dir/src/ite_usbc.c.obj
[matsu:rw] [190/377] Building C object modules/ec/zephyr/CMakeFiles/ec_shim.dir/drivers/cros_flash/cros_flash_it8xxx2.c.obj
[matsu:rw] [191/377] Building C object modules/ec/zephyr/CMakeFiles/ec_shim.dir/drivers/cros_kblight/pwm_kblight.c.obj
[tentacruel:ro] [356/393] Linking C static library modules/ec/zephyr/libec_shim.a
[tentacruel:ro] [357/393] Building C object CMakeFiles/app.dir/tentacruel/src/sensor.c.obj
[matsu:rw] [192/377] Building C object modules/ec/zephyr/CMakeFiles/ec_shim.dir/drivers/keyboard_input/keyboard_customization_check.c.obj
[matsu:ro] [195/377] Building C object modules/ec/zephyr/CMakeFiles/ec_shim.dir/drivers/keyboard_input/col_gpio_drive.c.obj
[matsu:ro] [196/377] Building C object modules/ec/zephyr/CMakeFiles/ec_shim.dir/drivers/keyboard_input/keyboard_input.c.obj
[matsu:ro] [197/377] Building C object modules/ec/zephyr/CMakeFiles/ec_shim.dir/drivers/usbc/ucsi_v3.c.obj
[matsu:rw] [193/377] Building C object modules/ec/zephyr/CMakeFiles/ec_shim.dir/drivers/cros_system/cros_system_it8xxx2.c.obj
[tentacruel:ro] [358/393] Building C object CMakeFiles/app.dir/tentacruel/src/temp.c.obj
[matsu:rw] [194/377] Building C object modules/ec/zephyr/CMakeFiles/ec_shim.dir/drivers/hibernate/hibernate_z5.c.obj
[tentacruel:ro] [359/393] Building C object zephyr/kernel/CMakeFiles/kernel.dir/main_weak.c.obj
[tentacruel:ro] [360/393] Building C object zephyr/kernel/CMakeFiles/kernel.dir/banner.c.obj
[tentacruel:ro] [361/393] Building C object CMakeFiles/app.dir/tentacruel/src/ppc.c.obj
[matsu:rw] [195/377] Building C object modules/ec/zephyr/CMakeFiles/ec_shim.dir/drivers/keyboard_input/keyboard_input.c.obj
[tentacruel:ro] [362/393] Building C object zephyr/kernel/CMakeFiles/kernel.dir/busy_wait.c.obj
[matsu:rw] [196/377] Building C object modules/ec/zephyr/CMakeFiles/ec_shim.dir/drivers/keyboard_input/col_gpio_drive.c.obj
[matsu:rw] [197/377] Building C object modules/ec/zephyr/CMakeFiles/ec_shim.dir/drivers/usbc/ucsi_v3.c.obj
[tentacruel:ro] [363/393] Linking C static library app/libapp.a
[matsu:ro] [198/377] Building C object modules/ec/zephyr/CMakeFiles/ec_shim.dir/drivers/runtime_keys/runtime_keys.c.obj
[matsu:ro] [199/377] Building C object modules/ec/zephyr/CMakeFiles/ec_shim.dir/drivers/boot_keys/boot_keys.c.obj
[matsu:ro] [200/377] Building C object modules/ec/zephyr/CMakeFiles/ec_shim.dir/drivers/vivaldi_kbd/vivaldi_kbd.c.obj
[tentacruel:ro] [364/393] Building C object zephyr/kernel/CMakeFiles/kernel.dir/device.c.obj
[matsu:ro] [201/377] Building C object modules/ec/zephyr/CMakeFiles/ec_shim.dir/drivers/usbc/pdc_rts54xx.c.obj
[matsu:ro] [202/377] Building C object modules/ec/zephyr/CMakeFiles/ec_shim.dir/drivers/usbc/pdc_rts54xx_fwup.c.obj
[tentacruel:ro] [365/393] Building C object zephyr/kernel/CMakeFiles/kernel.dir/errno.c.obj
[tentacruel:ro] [366/393] Building C object zephyr/kernel/CMakeFiles/kernel.dir/fatal.c.obj
[tentacruel:ro] [367/393] Building C object zephyr/kernel/CMakeFiles/kernel.dir/version.c.obj
[tentacruel:ro] [368/393] Building C object zephyr/kernel/CMakeFiles/kernel.dir/init.c.obj
[tentacruel:ro] [369/393] Building C object zephyr/kernel/CMakeFiles/kernel.dir/kheap.c.obj
[matsu:rw] [198/377] Building C object modules/ec/zephyr/CMakeFiles/ec_shim.dir/drivers/usbc/pdc_rts54xx.c.obj
[matsu:rw] [199/377] Building C object modules/ec/zephyr/CMakeFiles/ec_shim.dir/drivers/runtime_keys/runtime_keys.c.obj
[matsu:rw] [200/377] Building C object modules/ec/zephyr/CMakeFiles/ec_shim.dir/drivers/boot_keys/boot_keys.c.obj
[tentacruel:ro] [370/393] Building C object zephyr/kernel/CMakeFiles/kernel.dir/mem_slab.c.obj
[matsu:rw] [201/377] Building C object modules/ec/zephyr/CMakeFiles/ec_shim.dir/drivers/vivaldi_kbd/vivaldi_kbd.c.obj
[matsu:ro] [203/377] Building C object modules/ec/zephyr/CMakeFiles/ec_shim.dir/shim/chip/it8xxx2/clock.c.obj
[matsu:rw] [202/377] Building C object modules/ec/zephyr/CMakeFiles/ec_shim.dir/drivers/usbc/pdc_rts54xx_fwup.c.obj
[matsu:ro] [204/377] Building C object modules/ec/zephyr/CMakeFiles/ec_shim.dir/shim/chip/it8xxx2/system.c.obj
[tentacruel:ro] [371/393] Building C object zephyr/kernel/CMakeFiles/kernel.dir/float.c.obj
[matsu:ro] [205/377] Building C object modules/ec/zephyr/CMakeFiles/ec_shim.dir/shim/chip/it8xxx2/power_policy.c.obj
[matsu:ro] [206/377] Building C object modules/ec/zephyr/CMakeFiles/ec_shim.dir/shim/src/crc.c.obj
[matsu:ro] [207/377] Building C object modules/ec/zephyr/CMakeFiles/ec_shim.dir/shim/src/console.c.obj
[tentacruel:ro] [372/393] Building C object zephyr/kernel/CMakeFiles/kernel.dir/idle.c.obj
[matsu:ro] [208/377] Building C object modules/ec/zephyr/CMakeFiles/ec_shim.dir/shim/chip/it8xxx2/gpio.c.obj
[tentacruel:ro] [373/393] Building C object zephyr/kernel/CMakeFiles/kernel.dir/mailbox.c.obj
[tentacruel:ro] [374/393] Building C object zephyr/kernel/CMakeFiles/kernel.dir/msg_q.c.obj
[matsu:rw] [203/377] Building C object modules/ec/zephyr/CMakeFiles/ec_shim.dir/shim/chip/it8xxx2/clock.c.obj
[tentacruel:ro] [375/393] Building C object zephyr/kernel/CMakeFiles/kernel.dir/mutex.c.obj
[matsu:rw] [204/377] Building C object modules/ec/zephyr/CMakeFiles/ec_shim.dir/shim/chip/it8xxx2/system.c.obj
[/mnt/host/source/src/platform/ec/build/zephyr/quandiso-lcov]   /mnt/host/source/src/platform/ec/build/zephyr/quandiso/build-rw/zephyr/CMakeFiles/zephyr.dir/soc/ite/ec/it8xxx2/check_regs.c.gcno:no functions found
[/mnt/host/source/src/platform/ec/build/zephyr/quandiso-lcov] stderr:
[matsu:rw] [205/377] Building C object modules/ec/zephyr/CMakeFiles/ec_shim.dir/shim/chip/it8xxx2/power_policy.c.obj
[tentacruel:ro] [376/393] Building C object zephyr/kernel/CMakeFiles/kernel.dir/queue.c.obj
[matsu:rw] [206/377] Building C object modules/ec/zephyr/CMakeFiles/ec_shim.dir/shim/src/crc.c.obj
[matsu:ro] [209/377] Building C object modules/ec/zephyr/CMakeFiles/ec_shim.dir/shim/src/panic_utils.c.obj
[matsu:ro] [210/377] Building C object modules/ec/zephyr/CMakeFiles/ec_shim.dir/shim/src/gpio_int.c.obj
[matsu:rw] [207/377] Building C object modules/ec/zephyr/CMakeFiles/ec_shim.dir/shim/src/console.c.obj
[tentacruel:ro] [377/393] Building C object zephyr/kernel/CMakeFiles/kernel.dir/sem.c.obj
[matsu:ro] [211/377] Building C object modules/ec/zephyr/CMakeFiles/ec_shim.dir/shim/src/pm_state.c.obj
[matsu:rw] [208/377] Building C object modules/ec/zephyr/CMakeFiles/ec_shim.dir/shim/chip/it8xxx2/gpio.c.obj
[tentacruel:ro] [378/393] Building C object zephyr/kernel/CMakeFiles/kernel.dir/stack.c.obj
[matsu:ro] [212/377] Building C object modules/ec/zephyr/CMakeFiles/ec_shim.dir/shim/src/cbi/cros_cbi.c.obj
[matsu:ro] [213/377] Building C object modules/ec/zephyr/CMakeFiles/ec_shim.dir/shim/src/gpio.c.obj
[tentacruel:ro] [379/393] Building C object zephyr/kernel/CMakeFiles/kernel.dir/system_work_q.c.obj
[tentacruel:ro] [380/393] Building C object zephyr/kernel/CMakeFiles/kernel.dir/work.c.obj
[tentacruel:ro] [381/393] Building C object zephyr/kernel/CMakeFiles/kernel.dir/condvar.c.obj
[matsu:rw] [209/377] Building C object modules/ec/zephyr/CMakeFiles/ec_shim.dir/shim/src/panic_utils.c.obj
[matsu:rw] [210/377] Building C object modules/ec/zephyr/CMakeFiles/ec_shim.dir/shim/src/gpio_int.c.obj
[tentacruel:ro] [382/393] Building C object zephyr/kernel/CMakeFiles/kernel.dir/thread.c.obj
[matsu:ro] [214/377] Building C object modules/ec/zephyr/CMakeFiles/ec_shim.dir/shim/src/cbi/cbi_flash.c.obj
[matsu:rw] [211/377] Building C object modules/ec/zephyr/CMakeFiles/ec_shim.dir/shim/src/pm_state.c.obj
[matsu:ro] [215/377] Building C object modules/ec/zephyr/CMakeFiles/ec_shim.dir/shim/src/cbi/cros_cbi_ufsc.c.obj
[matsu:rw] [212/377] Building C object modules/ec/zephyr/CMakeFiles/ec_shim.dir/shim/src/gpio.c.obj
[matsu:rw] [213/377] Building C object modules/ec/zephyr/CMakeFiles/ec_shim.dir/shim/src/cbi/cros_cbi.c.obj
[matsu:ro] [216/377] Building C object modules/ec/zephyr/CMakeFiles/ec_shim.dir/shim/src/led_driver/led_gpio.c.obj
[matsu:ro] [217/377] Building C object modules/ec/zephyr/CMakeFiles/ec_shim.dir/shim/src/led_driver/led.c.obj
[tentacruel:ro] [383/393] Building C object zephyr/kernel/CMakeFiles/kernel.dir/pipe.c.obj
[tentacruel:ro] [384/393] Building C object zephyr/kernel/CMakeFiles/kernel.dir/sched.c.obj
[tentacruel:ro] [385/393] Building C object zephyr/kernel/CMakeFiles/kernel.dir/spinlock_validate.c.obj
[matsu:ro] [218/377] Building C object modules/ec/zephyr/CMakeFiles/ec_shim.dir/shim/src/system.c.obj
[tentacruel:ro] [386/393] Building C object zephyr/kernel/CMakeFiles/kernel.dir/thread_monitor.c.obj
[tentacruel:ro] [387/393] Building C object zephyr/kernel/CMakeFiles/kernel.dir/timeout.c.obj
[matsu:rw] [214/377] Building C object modules/ec/zephyr/CMakeFiles/ec_shim.dir/shim/src/cbi/cros_cbi_ufsc.c.obj
[matsu:ro] [219/377] Building C object modules/ec/zephyr/CMakeFiles/ec_shim.dir/shim/src/adc.c.obj
[matsu:rw] [215/377] Building C object modules/ec/zephyr/CMakeFiles/ec_shim.dir/shim/src/cbi/cbi_flash.c.obj
[matsu:ro] [220/377] Building C object modules/ec/zephyr/CMakeFiles/ec_shim.dir/shim/src/battery.c.obj
[matsu:rw] [216/377] Building C object modules/ec/zephyr/CMakeFiles/ec_shim.dir/shim/src/led_driver/led_gpio.c.obj
[matsu:ro] [221/377] Building C object modules/ec/zephyr/CMakeFiles/ec_shim.dir/shim/src/pdc_shim.c.obj
[tentacruel:ro] [388/393] Building C object zephyr/kernel/CMakeFiles/kernel.dir/timer.c.obj
[tentacruel:ro] [389/393] Building C object zephyr/kernel/CMakeFiles/kernel.dir/events.c.obj
[matsu:rw] [217/377] Building C object modules/ec/zephyr/CMakeFiles/ec_shim.dir/shim/src/led_driver/led.c.obj
[matsu:ro] [222/377] Building C object modules/ec/zephyr/CMakeFiles/ec_shim.dir/shim/src/charger.c.obj
[francka:rw] Building: /usr/bin/ninja -C /mnt/host/source/src/platform/ec/build/zephyr/francka/build-rw all.libraries
[tentacruel:ro] [390/393] Building C object zephyr/kernel/CMakeFiles/kernel.dir/poll.c.obj
Running `env -i SHELL=/bin/bash COLORTERM=truecolor DEPOT_TOOLS_UPDATE=0 LESS='-R -M --shift 5' SUDO_GID=0 JDK_HOME=/etc/java-config-2/current-system-vm CONFIG_PROTECT_MASK='/etc/gentoo-release /etc/sandbox.d /etc/fonts/fonts.conf /etc/terminfo /etc/ca-certificates.conf /etc/revdep-rebuild' CHROMEOS_CACHEDIR=/var/cache/chromeos-cache JAVA_HOME=/etc/java-config-2/current-system-vm SSH_AUTH_SOCK=/tmp/ssh-auth-sock SUDO_COMMAND=/bin/bash SUDO_USER=root SUDO_TTY=/dev/pts/2 EDITOR=/usr/bin/vi PWD=/mnt/host/source/src/platform/ec CONFIG_PROTECT=/usr/share/gnupg/qualified.txt LOGNAME=jpmurphy MANPATH=/etc/java-config-2/current-system-vm/man:/usr/local/share/man:/usr/share/man:/usr/share/gcc-data/x86_64-pc-linux-gnu/10.2.0/man:/usr/share/binutils-data/x86_64-pc-linux-gnu/2.45/man:/etc/java-config-2/current-system-vm/man/ SUDO_HOME=/root XAUTHORITY=/run/user/944457/gdm/Xauthority HOME=/home/jpmurphy LANG=C.UTF-8 LS_COLORS='rs=0:di=01;34:ln=01;36:mh=00:pi=40;33:so=01;35:do=01;35:bd=40;33;01:cd=40;33;01:or=01;05;37;41:mi=01;05;37;41:su=37;41:sg=30;43:ca=30;41:tw=30;42:ow=34;42:st=37;44:ex=01;32:*.tar=01;31:*.tgz=01;31:*.arc=01;31:*.arj=01;31:*.taz=01;31:*.lha=01;31:*.lz4=01;31:*.lzh=01;31:*.lzma=01;31:*.tlz=01;31:*.txz=01;31:*.tzo=01;31:*.t7z=01;31:*.zip=01;31:*.z=01;31:*.dz=01;31:*.gz=01;31:*.lrz=01;31:*.lz=01;31:*.lzo=01;31:*.xz=01;31:*.zst=01;31:*.tzst=01;31:*.bz2=01;31:*.bz=01;31:*.tbz=01;31:*.tbz2=01;31:*.tz=01;31:*.deb=01;31:*.rpm=01;31:*.jar=01;31:*.war=01;31:*.ear=01;31:*.sar=01;31:*.rar=01;31:*.alz=01;31:*.ace=01;31:*.zoo=01;31:*.cpio=01;31:*.7z=01;31:*.rz=01;31:*.cab=01;31:*.wim=01;31:*.swm=01;31:*.dwm=01;31:*.esd=01;31:*.jpg=01;35:*.jpeg=01;35:*.mjpg=01;35:*.mjpeg=01;35:*.gif=01;35:*.bmp=01;35:*.pbm=01;35:*.pgm=01;35:*.ppm=01;35:*.tga=01;35:*.xbm=01;35:*.xpm=01;35:*.tif=01;35:*.tiff=01;35:*.png=01;35:*.svg=01;35:*.svgz=01;35:*.mng=01;35:*.pcx=01;35:*.mov=01;35:*.mpg=01;35:*.mpeg=01;35:*.m2v=01;35:*.mkv=01;35:*.webm=01;35:*.webp=01;35:*.ogm=01;35:*.mp4=01;35:*.m4v=01;35:*.mp4v=01;35:*.vob=01;35:*.qt=01;35:*.nuv=01;35:*.wmv=01;35:*.asf=01;35:*.rm=01;35:*.rmvb=01;35:*.flc=01;35:*.avi=01;35:*.fli=01;35:*.flv=01;35:*.gl=01;35:*.dl=01;35:*.xcf=01;35:*.xwd=01;35:*.yuv=01;35:*.cgm=01;35:*.emf=01;35:*.ogv=01;35:*.ogx=01;35:*.cfg=00;32:*.conf=00;32:*.diff=00;32:*.doc=00;32:*.ini=00;32:*.log=00;32:*.patch=00;32:*.pdf=00;32:*.ps=00;32:*.tex=00;32:*.txt=00;32:*.aac=00;36:*.au=00;36:*.flac=00;36:*.m4a=00;36:*.mid=00;36:*.midi=00;36:*.mka=00;36:*.mp3=00;36:*.mpc=00;36:*.ogg=00;36:*.ra=00;36:*.wav=00;36:*.oga=00;36:*.opus=00;36:*.spx=00;36:*.xspf=00;36:' XDG_CURRENT_DESKTOP=GNOME INFOPATH=/usr/share/info:/usr/share/gcc-data/x86_64-pc-linux-gnu/10.2.0/info:/usr/share/binutils-data/x86_64-pc-linux-gnu/2.45/info:/usr/share/automake-1.16.5/info JAVAC=/etc/java-config-2/current-system-vm/bin/javac TERM=xterm-256color LESSOPEN='|lesspipe %s' USER=jpmurphy CROS_WORKON_SRCROOT=/mnt/host/source MANPAGER=manpager DISPLAY=:1 SHLVL=1 LC_MESSAGES=C EXTERNAL_TRUNK_PATH=/mnt/8f9d649a-3721-44cc-93c0-e6bd21a9689f/chromiumos GCC_SPECS='' PATH=/mnt/host/source/chromite/bin:/usr/local/bin:/usr/bin:/bin:/opt/bin:/mnt/host/source/chromite/sdk/bin:/mnt/host/source/chromite/bin PORTAGE_USERNAME=jpmurphy SUDO_UID=0 GCC_VER=10.2.0 MAIL=/var/mail/jpmurphy OLDPWD=/mnt/host/source/src/scripts traceparent=00-e87aca51550a78635907baa6a2476181-6d684811675d2973-01 _=./zephyr/firmware_builder.py COREBOOT_SDK_ROOT_x86=/home/jpmurphy/.cache/coreboot-sdk/i386-elf/dfbb0486385d938cfa9d73080b9d18d598ed4f49 COREBOOT_SDK_ROOT_picolibc_x86=/home/jpmurphy/.cache/coreboot-sdk/picolibc-i386-elf/eb8e8e687b95461de8cbf278f1c2076952d0ad17 COREBOOT_SDK_ROOT_riscv64=/home/jpmurphy/.cache/coreboot-sdk/riscv64-elf/96b949749225b6aaa92ed810ab769e8dfb12f000 COREBOOT_SDK_ROOT_picolibc_arm=/home/jpmurphy/.cache/coreboot-sdk/picolibc-arm-eabi/422a2aa3e1ef891b5bece9a3deb696ff83840d2e COREBOOT_SDK_ROOT_nds32=/home/jpmurphy/.cache/coreboot-sdk/nds32le-elf/d1a518c4a097666d86058e1444f85ca015d15511 COREBOOT_SDK_ROOT_picolibc_riscv64=/home/jpmurphy/.cache/coreboot-sdk/picolibc-riscv64-elf/f571e990ef0278564b31124f8bb109d9a697eb69 COREBOOT_SDK_ROOT_arm=/home/jpmurphy/.cache/coreboot-sdk/arm-eabi/ea40ddd1d190c3b48435c474c0b545719371813a COREBOOT_SDK_ROOT_libstdcxx_riscv64=/home/jpmurphy/.cache/coreboot-sdk/libstdcxx-riscv64-elf/17abf22a3a252e2d5d2062ced5324f7a623689e0 COREBOOT_SDK_ROOT_libstdcxx_arm=/home/jpmurphy/.cache/coreboot-sdk/libstdcxx-arm-eabi/5d7d82e150e44aa1968f1d366e267e6687b328ac COREBOOT_SDK_ROOT_riscv=/home/jpmurphy/.cache/coreboot-sdk/riscv-elf/9a27b9e82341c6e9126624f516ab3f261abb3e73 COREBOOT_SDK_ROOT_libstdcxx_x86=/home/jpmurphy/.cache/coreboot-sdk/libstdcxx-i386-elf/42ef9d2e87a76a37963175d7d428734e65648b87 PYTHONPATH=/mnt/host/source/src/platform/ec/zephyr/zmake PW_PIGWEED_CIPD_INSTALL_DIR=/usr CROSTC_USER_ACKNOWLEDGES_THAT_RISCV_IS_EXPERIMENTAL=1 MAKEFLAGS=' -j16 --jobserver-auth=5,6' /usr/bin/ninja -C /mnt/host/source/src/platform/ec/build/zephyr/francka/build-rw all.libraries`
[francka:rw] ninja: Entering directory `/mnt/host/source/src/platform/ec/build/zephyr/francka/build-rw'
[tentacruel:ro] [391/393] Building C object zephyr/kernel/CMakeFiles/kernel.dir/mempool.c.obj
[matsu:rw] [218/377] Building C object modules/ec/zephyr/CMakeFiles/ec_shim.dir/shim/src/system.c.obj
[matsu:ro] [223/377] Building C object modules/ec/zephyr/CMakeFiles/ec_shim.dir/shim/src/chipset_api.c.obj
[francka:ro] Building: /usr/bin/ninja -C /mnt/host/source/src/platform/ec/build/zephyr/francka/build-ro all.libraries
Running `env -i SHELL=/bin/bash COLORTERM=truecolor DEPOT_TOOLS_UPDATE=0 LESS='-R -M --shift 5' SUDO_GID=0 JDK_HOME=/etc/java-config-2/current-system-vm CONFIG_PROTECT_MASK='/etc/gentoo-release /etc/sandbox.d /etc/fonts/fonts.conf /etc/terminfo /etc/ca-certificates.conf /etc/revdep-rebuild' CHROMEOS_CACHEDIR=/var/cache/chromeos-cache JAVA_HOME=/etc/java-config-2/current-system-vm SSH_AUTH_SOCK=/tmp/ssh-auth-sock SUDO_COMMAND=/bin/bash SUDO_USER=root SUDO_TTY=/dev/pts/2 EDITOR=/usr/bin/vi PWD=/mnt/host/source/src/platform/ec CONFIG_PROTECT=/usr/share/gnupg/qualified.txt LOGNAME=jpmurphy MANPATH=/etc/java-config-2/current-system-vm/man:/usr/local/share/man:/usr/share/man:/usr/share/gcc-data/x86_64-pc-linux-gnu/10.2.0/man:/usr/share/binutils-data/x86_64-pc-linux-gnu/2.45/man:/etc/java-config-2/current-system-vm/man/ SUDO_HOME=/root XAUTHORITY=/run/user/944457/gdm/Xauthority HOME=/home/jpmurphy LANG=C.UTF-8 LS_COLORS='rs=0:di=01;34:ln=01;36:mh=00:pi=40;33:so=01;35:do=01;35:bd=40;33;01:cd=40;33;01:or=01;05;37;41:mi=01;05;37;41:su=37;41:sg=30;43:ca=30;41:tw=30;42:ow=34;42:st=37;44:ex=01;32:*.tar=01;31:*.tgz=01;31:*.arc=01;31:*.arj=01;31:*.taz=01;31:*.lha=01;31:*.lz4=01;31:*.lzh=01;31:*.lzma=01;31:*.tlz=01;31:*.txz=01;31:*.tzo=01;31:*.t7z=01;31:*.zip=01;31:*.z=01;31:*.dz=01;31:*.gz=01;31:*.lrz=01;31:*.lz=01;31:*.lzo=01;31:*.xz=01;31:*.zst=01;31:*.tzst=01;31:*.bz2=01;31:*.bz=01;31:*.tbz=01;31:*.tbz2=01;31:*.tz=01;31:*.deb=01;31:*.rpm=01;31:*.jar=01;31:*.war=01;31:*.ear=01;31:*.sar=01;31:*.rar=01;31:*.alz=01;31:*.ace=01;31:*.zoo=01;31:*.cpio=01;31:*.7z=01;31:*.rz=01;31:*.cab=01;31:*.wim=01;31:*.swm=01;31:*.dwm=01;31:*.esd=01;31:*.jpg=01;35:*.jpeg=01;35:*.mjpg=01;35:*.mjpeg=01;35:*.gif=01;35:*.bmp=01;35:*.pbm=01;35:*.pgm=01;35:*.ppm=01;35:*.tga=01;35:*.xbm=01;35:*.xpm=01;35:*.tif=01;35:*.tiff=01;35:*.png=01;35:*.svg=01;35:*.svgz=01;35:*.mng=01;35:*.pcx=01;35:*.mov=01;35:*.mpg=01;35:*.mpeg=01;35:*.m2v=01;35:*.mkv=01;35:*.webm=01;35:*.webp=01;35:*.ogm=01;35:*.mp4=01;35:*.m4v=01;35:*.mp4v=01;35:*.vob=01;35:*.qt=01;35:*.nuv=01;35:*.wmv=01;35:*.asf=01;35:*.rm=01;35:*.rmvb=01;35:*.flc=01;35:*.avi=01;35:*.fli=01;35:*.flv=01;35:*.gl=01;35:*.dl=01;35:*.xcf=01;35:*.xwd=01;35:*.yuv=01;35:*.cgm=01;35:*.emf=01;35:*.ogv=01;35:*.ogx=01;35:*.cfg=00;32:*.conf=00;32:*.diff=00;32:*.doc=00;32:*.ini=00;32:*.log=00;32:*.patch=00;32:*.pdf=00;32:*.ps=00;32:*.tex=00;32:*.txt=00;32:*.aac=00;36:*.au=00;36:*.flac=00;36:*.m4a=00;36:*.mid=00;36:*.midi=00;36:*.mka=00;36:*.mp3=00;36:*.mpc=00;36:*.ogg=00;36:*.ra=00;36:*.wav=00;36:*.oga=00;36:*.opus=00;36:*.spx=00;36:*.xspf=00;36:' XDG_CURRENT_DESKTOP=GNOME INFOPATH=/usr/share/info:/usr/share/gcc-data/x86_64-pc-linux-gnu/10.2.0/info:/usr/share/binutils-data/x86_64-pc-linux-gnu/2.45/info:/usr/share/automake-1.16.5/info JAVAC=/etc/java-config-2/current-system-vm/bin/javac TERM=xterm-256color LESSOPEN='|lesspipe %s' USER=jpmurphy CROS_WORKON_SRCROOT=/mnt/host/source MANPAGER=manpager DISPLAY=:1 SHLVL=1 LC_MESSAGES=C EXTERNAL_TRUNK_PATH=/mnt/8f9d649a-3721-44cc-93c0-e6bd21a9689f/chromiumos GCC_SPECS='' PATH=/mnt/host/source/chromite/bin:/usr/local/bin:/usr/bin:/bin:/opt/bin:/mnt/host/source/chromite/sdk/bin:/mnt/host/source/chromite/bin PORTAGE_USERNAME=jpmurphy SUDO_UID=0 GCC_VER=10.2.0 MAIL=/var/mail/jpmurphy OLDPWD=/mnt/host/source/src/scripts traceparent=00-e87aca51550a78635907baa6a2476181-6d684811675d2973-01 _=./zephyr/firmware_builder.py COREBOOT_SDK_ROOT_x86=/home/jpmurphy/.cache/coreboot-sdk/i386-elf/dfbb0486385d938cfa9d73080b9d18d598ed4f49 COREBOOT_SDK_ROOT_picolibc_x86=/home/jpmurphy/.cache/coreboot-sdk/picolibc-i386-elf/eb8e8e687b95461de8cbf278f1c2076952d0ad17 COREBOOT_SDK_ROOT_riscv64=/home/jpmurphy/.cache/coreboot-sdk/riscv64-elf/96b949749225b6aaa92ed810ab769e8dfb12f000 COREBOOT_SDK_ROOT_picolibc_arm=/home/jpmurphy/.cache/coreboot-sdk/picolibc-arm-eabi/422a2aa3e1ef891b5bece9a3deb696ff83840d2e COREBOOT_SDK_ROOT_nds32=/home/jpmurphy/.cache/coreboot-sdk/nds32le-elf/d1a518c4a097666d86058e1444f85ca015d15511 COREBOOT_SDK_ROOT_picolibc_riscv64=/home/jpmurphy/.cache/coreboot-sdk/picolibc-riscv64-elf/f571e990ef0278564b31124f8bb109d9a697eb69 COREBOOT_SDK_ROOT_arm=/home/jpmurphy/.cache/coreboot-sdk/arm-eabi/ea40ddd1d190c3b48435c474c0b545719371813a COREBOOT_SDK_ROOT_libstdcxx_riscv64=/home/jpmurphy/.cache/coreboot-sdk/libstdcxx-riscv64-elf/17abf22a3a252e2d5d2062ced5324f7a623689e0 COREBOOT_SDK_ROOT_libstdcxx_arm=/home/jpmurphy/.cache/coreboot-sdk/libstdcxx-arm-eabi/5d7d82e150e44aa1968f1d366e267e6687b328ac COREBOOT_SDK_ROOT_riscv=/home/jpmurphy/.cache/coreboot-sdk/riscv-elf/9a27b9e82341c6e9126624f516ab3f261abb3e73 COREBOOT_SDK_ROOT_libstdcxx_x86=/home/jpmurphy/.cache/coreboot-sdk/libstdcxx-i386-elf/42ef9d2e87a76a37963175d7d428734e65648b87 PYTHONPATH=/mnt/host/source/src/platform/ec/zephyr/zmake PW_PIGWEED_CIPD_INSTALL_DIR=/usr CROSTC_USER_ACKNOWLEDGES_THAT_RISCV_IS_EXPERIMENTAL=1 MAKEFLAGS=' -j16 --jobserver-auth=5,6' /usr/bin/ninja -C /mnt/host/source/src/platform/ec/build/zephyr/francka/build-ro all.libraries`
[tentacruel:ro] [392/393] Building C object zephyr/kernel/CMakeFiles/kernel.dir/dynamic_disabled.c.obj
[francka:ro] ninja: Entering directory `/mnt/host/source/src/platform/ec/build/zephyr/francka/build-ro'
[tentacruel:ro] [393/393] Linking C static library zephyr/kernel/libkernel.a
[matsu:rw] [219/377] Building C object modules/ec/zephyr/CMakeFiles/ec_shim.dir/shim/src/battery.c.obj
[francka:rw] [1/396] Generating include/generated/zephyr/version.h
[francka:rw] -- git describe warned: warning: tag 'upstream/v2.7.99' is externally known as 'v2.7.99'
[francka:rw] -- Zephyr version: 4.3.99 (/mnt/host/source/src/third_party/zephyr/main)
[francka:rw] [2/396] Preparing syscall dependency handling
[matsu:rw] [220/377] Building C object modules/ec/zephyr/CMakeFiles/ec_shim.dir/shim/src/adc.c.obj
[matsu:rw] [221/377] Building C object modules/ec/zephyr/CMakeFiles/ec_shim.dir/shim/src/pdc_shim.c.obj
[francka:rw] [3/396] Generating misc/generated/syscalls_subdirs.trigger
[matsu:rw] [222/377] Building C object modules/ec/zephyr/CMakeFiles/ec_shim.dir/shim/src/charger.c.obj
[matsu:ro] [224/377] Building C object modules/ec/zephyr/CMakeFiles/ec_shim.dir/shim/src/flash.c.obj
[matsu:rw] [223/377] Building C object modules/ec/zephyr/CMakeFiles/ec_shim.dir/shim/src/chipset_api.c.obj
[matsu:ro] [225/377] Building C object modules/ec/zephyr/CMakeFiles/ec_shim.dir/shim/src/hooks.c.obj
[francka:ro] [1/396] Generating include/generated/zephyr/version.h
[francka:ro] -- git describe warned: warning: tag 'upstream/v2.7.99' is externally known as 'v2.7.99'
[francka:ro] -- Zephyr version: 4.3.99 (/mnt/host/source/src/third_party/zephyr/main)
[francka:ro] [2/396] Preparing syscall dependency handling
[matsu:ro] [226/377] Building C object modules/ec/zephyr/CMakeFiles/ec_shim.dir/shim/src/fan.c.obj
[matsu:ro] [227/377] Building C object modules/ec/zephyr/CMakeFiles/ec_shim.dir/shim/src/host_command.c.obj
[matsu:ro] [228/377] Building C object modules/ec/zephyr/CMakeFiles/ec_shim.dir/shim/src/espi.c.obj
[francka:ro] [3/396] Generating misc/generated/syscalls_subdirs.trigger
[matsu:rw] [224/377] Building C object modules/ec/zephyr/CMakeFiles/ec_shim.dir/shim/src/espi.c.obj
[matsu:rw] [225/377] Building C object modules/ec/zephyr/CMakeFiles/ec_shim.dir/shim/src/fan.c.obj
[matsu:rw] [226/377] Building C object modules/ec/zephyr/CMakeFiles/ec_shim.dir/shim/src/flash.c.obj
[matsu:rw] [227/377] Building C object modules/ec/zephyr/CMakeFiles/ec_shim.dir/shim/src/host_command.c.obj
[matsu:rw] [228/377] Building C object modules/ec/zephyr/CMakeFiles/ec_shim.dir/shim/src/mkbp_event.c.obj
[matsu:rw] [229/377] Building C object modules/ec/zephyr/CMakeFiles/ec_shim.dir/shim/src/hooks.c.obj
[francka:rw] [4/396] Generating misc/generated/syscalls.json, misc/generated/struct_tags.json
[matsu:rw] [230/377] Building C object modules/ec/zephyr/CMakeFiles/ec_shim.dir/shim/src/console_buffer.c.obj
[matsu:ro] [229/377] Building C object modules/ec/zephyr/CMakeFiles/ec_shim.dir/shim/src/mkbp_event.c.obj
[matsu:rw] [231/377] Building C object modules/ec/zephyr/CMakeFiles/ec_shim.dir/shim/src/panic.c.obj
[matsu:ro] [230/377] Building C object modules/ec/zephyr/CMakeFiles/ec_shim.dir/shim/src/console_buffer.c.obj
[matsu:ro] [231/377] Building C object modules/ec/zephyr/CMakeFiles/ec_shim.dir/shim/src/panic.c.obj
[francka:rw] [5/396] Generating include/generated/zephyr/syscall_dispatch.c, include/generated/zephyr/syscall_exports_llext.c, syscall_weakdefs_llext.c, include/generated/zephyr/syscall_list.h
[francka:ro] [4/396] Generating misc/generated/syscalls.json, misc/generated/struct_tags.json
[francka:rw] [6/396] Generating include/generated/zephyr/driver-validation.h
[francka:ro] [5/396] Generating include/generated/zephyr/syscall_dispatch.c, include/generated/zephyr/syscall_exports_llext.c, syscall_weakdefs_llext.c, include/generated/zephyr/syscall_list.h
[matsu:ro] [232/377] Building C object modules/ec/zephyr/CMakeFiles/ec_shim.dir/shim/src/pwm_hc.c.obj
[matsu:ro] [233/377] Building C object modules/ec/zephyr/CMakeFiles/ec_shim.dir/shim/src/temp_sensors.c.obj
[matsu:rw] [232/377] Building C object modules/ec/zephyr/CMakeFiles/ec_shim.dir/shim/src/pwm_hc.c.obj
[francka:rw] [7/396] Generating include/generated/zephyr/kobj-types-enum.h, include/generated/zephyr/otype-to-str.h, include/generated/zephyr/otype-to-size.h
[matsu:rw] [233/377] Building C object modules/ec/zephyr/CMakeFiles/ec_shim.dir/shim/src/hwtimer.c.obj
[francka:ro] [6/396] Generating include/generated/zephyr/driver-validation.h
[francka:rw] [8/396] Generating include/generated/device-api-sections.ld, include/generated/device-api-sections.cmake
[matsu:rw] [234/377] Building C object modules/ec/zephyr/CMakeFiles/ec_shim.dir/shim/src/temp_sensors.c.obj
[matsu:rw] [235/377] Building C object modules/ec/zephyr/CMakeFiles/ec_shim.dir/shim/src/thermal.c.obj
[matsu:rw] [236/377] cd /mnt/host/source/src/platform/ec/build/zephyr/matsu/build-rw/modules/ec/zephyr && PYTHONPATH=/mnt/host/source/src/platform/ec/build/zephyr/matsu/modules/ec/zephyr/zmake/ /usr/bin/python3.11 /mnt/host/source/src/platform/ec/build/zephyr/matsu/modules/ec/zephyr/zmake/zephyr_build_tools/generate_ec_version.py /mnt/host/source/src/platform/ec/build/zephyr/matsu/build-rw/modules/ec/zephyr/include/ec_version.h --name Zephyr-Kernel --version 16543.0.0 --static
[matsu:rw] INFO:root:Using a static version string
[matsu:ro] [234/377] Building C object modules/ec/zephyr/CMakeFiles/ec_shim.dir/shim/src/hwtimer.c.obj
[francka:ro] [7/396] Generating include/generated/zephyr/kobj-types-enum.h, include/generated/zephyr/otype-to-str.h, include/generated/zephyr/otype-to-size.h
[matsu:rw] INFO:root:Version string: Zephyr-Kernel-16543.0.0
[matsu:rw] INFO:root:Writing header to /mnt/host/source/src/platform/ec/build/zephyr/matsu/build-rw/modules/ec/zephyr/include/ec_version.h
[matsu:rw] [237/377] Building C object modules/ec/zephyr/CMakeFiles/ec_shim.dir/shim/src/i2c.c.obj
[francka:ro] [8/396] Generating include/generated/device-api-sections.ld, include/generated/device-api-sections.cmake
[matsu:rw] [238/377] Building C object modules/ec/zephyr/CMakeFiles/ec_shim.dir/shim/src/watchdog.c.obj
[matsu:rw] [239/377] Building C object modules/ec/zephyr/CMakeFiles/ec_shim.dir/shim/src/usba.c.obj
[matsu:ro] [235/377] Building C object modules/ec/zephyr/CMakeFiles/ec_shim.dir/shim/src/thermal.c.obj
[matsu:ro] [236/377] Building C object modules/ec/zephyr/CMakeFiles/ec_shim.dir/shim/src/i2c.c.obj
[matsu:rw] [240/377] Building C object modules/ec/zephyr/CMakeFiles/ec_shim.dir/shim/src/tasks.c.obj
[matsu:rw] [241/377] Building C object modules/ec/zephyr/CMakeFiles/ec_shim.dir/shim/src/power_host_sleep_api.c.obj
[matsu:rw] [242/377] Building C object zephyr/kernel/CMakeFiles/kernel.dir/main_weak.c.obj
[matsu:ro] [237/377] Building C object modules/ec/zephyr/CMakeFiles/ec_shim.dir/shim/src/watchdog.c.obj
[matsu:ro] [238/377] cd /mnt/host/source/src/platform/ec/build/zephyr/matsu/build-ro/modules/ec/zephyr && PYTHONPATH=/mnt/host/source/src/platform/ec/build/zephyr/matsu/modules/ec/zephyr/zmake/ /usr/bin/python3.11 /mnt/host/source/src/platform/ec/build/zephyr/matsu/modules/ec/zephyr/zmake/zephyr_build_tools/generate_ec_version.py /mnt/host/source/src/platform/ec/build/zephyr/matsu/build-ro/modules/ec/zephyr/include/ec_version.h --name Zephyr-Kernel --version 16543.0.0 --static
[matsu:ro] INFO:root:Using a static version string
[matsu:rw] [243/377] Building C object modules/ec/zephyr/CMakeFiles/ec_shim.dir/shim/src/sha256_hw.c.obj
[matsu:rw] [244/377] Building C object CMakeFiles/app.dir/mnt/host/source/src/platform/ec/zephyr/subsys/ap_pwrseq/ap_events.c.obj
[matsu:ro] INFO:root:Version string: Zephyr-Kernel-16543.0.0
[matsu:ro] INFO:root:Writing header to /mnt/host/source/src/platform/ec/build/zephyr/matsu/build-ro/modules/ec/zephyr/include/ec_version.h
[matsu:ro] [239/377] Building C object modules/ec/zephyr/CMakeFiles/ec_shim.dir/shim/src/tasks.c.obj
[francka:rw] [9/396] Building C object zephyr/CMakeFiles/offsets.dir/arch/arm/core/offsets/offsets.c.obj
[francka:rw] [10/396] Generating include/generated/zephyr/offsets.h
[matsu:ro] [240/377] Building C object modules/ec/zephyr/CMakeFiles/ec_shim.dir/shim/src/usba.c.obj
[matsu:rw] [245/377] Building C object CMakeFiles/app.dir/mnt/host/source/src/platform/ec/zephyr/subsys/ap_pwrseq/power_signals.c.obj
[francka:ro] [9/396] Building C object zephyr/CMakeFiles/offsets.dir/arch/arm/core/offsets/offsets.c.obj
[matsu:ro] [241/377] Building C object modules/ec/zephyr/CMakeFiles/ec_shim.dir/shim/src/power_host_sleep_api.c.obj
[matsu:ro] [242/377] Building C object modules/ec/zephyr/CMakeFiles/ec_shim.dir/shim/src/sha256_hw.c.obj
[matsu:rw] [246/377] Building C object CMakeFiles/app.dir/mnt/host/source/src/platform/ec/zephyr/subsys/ap_pwrseq/signal_gpio.c.obj
[francka:ro] [10/396] Generating include/generated/zephyr/offsets.h
[matsu:rw] [247/377] Building C object CMakeFiles/app.dir/mnt/host/source/src/platform/ec/zephyr/subsys/ap_pwrseq/ap_power_interface.c.obj
[matsu:rw] [248/377] Building C object CMakeFiles/app.dir/mnt/host/source/src/platform/ec/zephyr/subsys/ap_pwrseq/signal_vw.c.obj
[matsu:rw] [249/377] Building C object CMakeFiles/app.dir/mnt/host/source/src/platform/ec/zephyr/subsys/ap_pwrseq/ap_pwrseq.c.obj
[matsu:ro] [243/377] Building C object CMakeFiles/app.dir/mnt/host/source/src/platform/ec/zephyr/subsys/ap_pwrseq/ap_events.c.obj
[matsu:rw] [250/377] Building C object CMakeFiles/app.dir/mnt/host/source/src/platform/ec/zephyr/subsys/ap_pwrseq/ap_pwrseq_sm.c.obj
[matsu:ro] [244/377] Building C object CMakeFiles/app.dir/mnt/host/source/src/platform/ec/zephyr/subsys/ap_pwrseq/ap_power_interface.c.obj
[matsu:rw] [251/377] Building C object CMakeFiles/app.dir/mnt/host/source/src/platform/ec/zephyr/subsys/ap_pwrseq/power_host_sleep.c.obj
[francka:rw] [11/396] Building C object zephyr/CMakeFiles/zephyr.dir/lib/libc/validate_libc.c.obj
[matsu:rw] [252/377] Building C object CMakeFiles/app.dir/mnt/host/source/src/platform/ec/zephyr/subsys/ap_pwrseq/x86_non_dsx_common_pwrseq_sm_handler.c.obj
[matsu:ro] [245/377] Building C object CMakeFiles/app.dir/mnt/host/source/src/platform/ec/zephyr/subsys/ap_pwrseq/power_signals.c.obj
[matsu:ro] [246/377] Building C object CMakeFiles/app.dir/mnt/host/source/src/platform/ec/zephyr/subsys/ap_pwrseq/signal_gpio.c.obj
[matsu:rw] [253/377] Building C object CMakeFiles/app.dir/mnt/host/source/src/platform/ec/zephyr/subsys/ap_pwrseq/x86_non_dsx_common_pwrseq_host_sleep.c.obj
[francka:ro] [11/396] Building C object zephyr/CMakeFiles/zephyr.dir/lib/libc/validate_libc.c.obj
[matsu:rw] [254/377] Building C object CMakeFiles/app.dir/mnt/host/source/src/platform/ec/zephyr/subsys/ap_pwrseq/x86_non_dsx_chipset_power_state.c.obj
[matsu:ro] [247/377] Building C object CMakeFiles/app.dir/mnt/host/source/src/platform/ec/zephyr/subsys/ap_pwrseq/signal_vw.c.obj
[matsu:rw] [255/377] Building C object CMakeFiles/app.dir/mnt/host/source/src/platform/ec/zephyr/subsys/ap_pwrseq/ap_reset_log.c.obj
[matsu:rw] [256/377] Building C object CMakeFiles/app.dir/mnt/host/source/src/platform/ec/zephyr/subsys/ap_pwrseq/x86_non_dsx_common_pwrseq_console.c.obj
[matsu:rw] [257/377] Building C object CMakeFiles/app.dir/mnt/host/source/src/platform/ec/zephyr/subsys/ap_pwrseq/x86_non_dsx_common_pwrseq_host_command.c.obj
[matsu:rw] [258/377] Building C object CMakeFiles/app.dir/mnt/host/source/src/platform/ec/zephyr/subsys/ap_pwrseq/x86_non_dsx_mtl_pwrseq_sm.c.obj
[matsu:ro] [248/377] Building C object CMakeFiles/app.dir/mnt/host/source/src/platform/ec/zephyr/subsys/ap_pwrseq/ap_pwrseq_sm.c.obj
[/mnt/host/source/src/platform/ec/build/zephyr/quandiso-lcov]   /mnt/host/source/src/platform/ec/build/zephyr/quandiso/build-rw/zephyr/drivers/sensor/CMakeFiles/drivers__sensor.dir/mnt/host/source/src/third_party/zephyr/main/misc/empty_file.c.gcno:no functions found
[/mnt/host/source/src/platform/ec/build/zephyr/quandiso-lcov] Filter suppressions 'region':
[matsu:ro] [249/377] Building C object CMakeFiles/app.dir/mnt/host/source/src/platform/ec/zephyr/subsys/ap_pwrseq/ap_pwrseq.c.obj
[/mnt/host/source/src/platform/ec/build/zephyr/quandiso-lcov]     39 instances
[/mnt/host/source/src/platform/ec/build/zephyr/quandiso-lcov]     34 coverpoints
[/mnt/host/source/src/platform/ec/build/zephyr/quandiso-lcov] Message summary:
[/mnt/host/source/src/platform/ec/build/zephyr/quandiso-lcov]   29 ignore messages:
[/mnt/host/source/src/platform/ec/build/zephyr/quandiso-lcov]     gcov: 29
[matsu:rw] [259/377] Building C object CMakeFiles/app.dir/mnt/host/source/src/platform/ec/zephyr/subsys/pd_controller/pdc_pmc_debug.c.obj
[francka:rw] [12/396] Building C object zephyr/CMakeFiles/zephyr.dir/lib/heap/heap.c.obj
[matsu:ro] [250/377] Building C object CMakeFiles/app.dir/mnt/host/source/src/platform/ec/zephyr/subsys/ap_pwrseq/power_host_sleep.c.obj
[francka:ro] [12/396] Building C object zephyr/CMakeFiles/zephyr.dir/lib/heap/heap.c.obj
[matsu:rw] [260/377] Building C object CMakeFiles/app.dir/mnt/host/source/src/platform/ec/zephyr/subsys/pd_controller/pdc_host_cmd.c.obj
[matsu:rw] [261/377] Building C object CMakeFiles/app.dir/mnt/host/source/src/platform/ec/zephyr/subsys/pd_controller/pdc_stub.c.obj
[matsu:ro] [251/377] Building C object CMakeFiles/app.dir/mnt/host/source/src/platform/ec/zephyr/subsys/ap_pwrseq/x86_non_dsx_chipset_power_state.c.obj
[matsu:ro] [252/377] Building C object CMakeFiles/app.dir/mnt/host/source/src/platform/ec/zephyr/subsys/ap_pwrseq/x86_non_dsx_common_pwrseq_sm_handler.c.obj
[matsu:rw] [262/377] Building C object CMakeFiles/app.dir/mnt/host/source/src/platform/ec/zephyr/subsys/pd_controller/pdc_console.c.obj
[matsu:rw] [263/377] Building C object CMakeFiles/app.dir/mnt/host/source/src/platform/ec/zephyr/subsys/pd_controller/pdc_dpm.c.obj
[matsu:ro] [253/377] Building C object CMakeFiles/app.dir/mnt/host/source/src/platform/ec/zephyr/subsys/ap_pwrseq/x86_non_dsx_common_pwrseq_console.c.obj
[matsu:ro] [254/377] Building C object CMakeFiles/app.dir/mnt/host/source/src/platform/ec/zephyr/subsys/ap_pwrseq/x86_non_dsx_common_pwrseq_host_sleep.c.obj
[matsu:rw] [264/377] Building C object CMakeFiles/app.dir/mnt/host/source/src/platform/ec/zephyr/subsys/ucsi/ppm_common.c.obj
[francka:ro] [13/396] Building C object zephyr/CMakeFiles/zephyr.dir/lib/os/cbprintf_packaged.c.obj
[matsu:rw] [265/377] Building C object CMakeFiles/app.dir/mnt/host/source/src/platform/ec/zephyr/subsys/ucsi/ppm_console.c.obj
[francka:rw] [13/396] Building C object zephyr/CMakeFiles/zephyr.dir/lib/os/cbprintf_packaged.c.obj
[matsu:ro] [255/377] Building C object CMakeFiles/app.dir/mnt/host/source/src/platform/ec/zephyr/subsys/ap_pwrseq/x86_non_dsx_common_pwrseq_host_command.c.obj
[francka:ro] [14/396] Building C object zephyr/CMakeFiles/zephyr.dir/lib/os/clock.c.obj
[matsu:rw] [266/377] Building C object CMakeFiles/app.dir/mnt/host/source/src/platform/ec/zephyr/subsys/ucsi/ppm_driver.c.obj
[matsu:rw] [267/377] Building C object CMakeFiles/app.dir/mnt/host/source/src/platform/ec/zephyr/subsys/ucsi/ucsi_host_cmd.c.obj
[matsu:rw] [268/377] Building C object CMakeFiles/app.dir/mnt/host/source/src/platform/ec/build/zephyr/matsu/modules/ec/builtin/stdlib.c.obj
[matsu:rw] [269/377] Building C object CMakeFiles/app.dir/mnt/host/source/src/platform/ec/zephyr/subsys/pd_controller/pdc_power_mgmt.c.obj
[matsu:ro] [256/377] Building C object CMakeFiles/app.dir/mnt/host/source/src/platform/ec/zephyr/subsys/ap_pwrseq/ap_reset_log.c.obj
[matsu:rw] [270/377] Building C object CMakeFiles/app.dir/mnt/host/source/src/platform/ec/build/zephyr/matsu/modules/ec/common/base32.c.obj
[matsu:rw] [271/377] Building C object CMakeFiles/app.dir/mnt/host/source/src/platform/ec/build/zephyr/matsu/modules/ec/common/console_output.c.obj
[matsu:ro] [257/377] Building C object CMakeFiles/app.dir/mnt/host/source/src/platform/ec/zephyr/subsys/ap_pwrseq/x86_non_dsx_mtl_pwrseq_sm.c.obj
[matsu:rw] [272/377] Building C object CMakeFiles/app.dir/mnt/host/source/src/platform/ec/build/zephyr/matsu/modules/ec/common/ec_features.c.obj
[matsu:ro] [258/377] Building C object CMakeFiles/app.dir/mnt/host/source/src/platform/ec/zephyr/subsys/pd_controller/pdc_pmc_debug.c.obj
[francka:ro] [15/396] Building C object zephyr/CMakeFiles/zephyr.dir/lib/os/printk.c.obj
[francka:ro] [16/396] Building C object zephyr/CMakeFiles/zephyr.dir/lib/os/sem.c.obj
[francka:rw] [14/396] Building C object zephyr/CMakeFiles/zephyr.dir/lib/os/clock.c.obj
[matsu:rw] [273/377] Building C object CMakeFiles/app.dir/mnt/host/source/src/platform/ec/build/zephyr/matsu/modules/ec/common/gpio_commands.c.obj
[matsu:ro] [259/377] Building C object CMakeFiles/app.dir/mnt/host/source/src/platform/ec/zephyr/subsys/pd_controller/pdc_console.c.obj
[matsu:rw] [274/377] Building C object CMakeFiles/app.dir/mnt/host/source/src/platform/ec/build/zephyr/matsu/modules/ec/common/peripheral.c.obj
[matsu:rw] [275/377] Building C object CMakeFiles/app.dir/mnt/host/source/src/platform/ec/build/zephyr/matsu/modules/ec/common/queue.c.obj
[matsu:rw] [276/377] Building C object CMakeFiles/app.dir/mnt/host/source/src/platform/ec/build/zephyr/matsu/modules/ec/common/printf.c.obj
[matsu:rw] [277/377] Building C object CMakeFiles/app.dir/mnt/host/source/src/platform/ec/build/zephyr/matsu/modules/ec/common/uart_printf.c.obj
[matsu:rw] [278/377] Building C object CMakeFiles/app.dir/mnt/host/source/src/platform/ec/build/zephyr/matsu/modules/ec/common/system_boot_time.c.obj
[matsu:ro] [260/377] Building C object CMakeFiles/app.dir/mnt/host/source/src/platform/ec/zephyr/subsys/pd_controller/pdc_host_cmd.c.obj
[matsu:rw] [279/377] Building C object CMakeFiles/app.dir/mnt/host/source/src/platform/ec/build/zephyr/matsu/modules/ec/common/system.c.obj
[matsu:ro] [261/377] Building C object CMakeFiles/app.dir/mnt/host/source/src/platform/ec/zephyr/subsys/pd_controller/pdc_stub.c.obj
[matsu:rw] [280/377] Building C object CMakeFiles/app.dir/mnt/host/source/src/platform/ec/build/zephyr/matsu/modules/ec/common/util.c.obj
[francka:ro] [17/396] Building C object zephyr/CMakeFiles/zephyr.dir/lib/os/thread_entry.c.obj
[matsu:ro] [262/377] Building C object CMakeFiles/app.dir/mnt/host/source/src/platform/ec/zephyr/subsys/pd_controller/pdc_dpm.c.obj
[francka:rw] [15/396] Building C object zephyr/CMakeFiles/zephyr.dir/lib/os/printk.c.obj
[francka:ro] [18/396] Building C object zephyr/CMakeFiles/zephyr.dir/lib/os/cbprintf_nano.c.obj
[matsu:rw] [281/377] Building C object CMakeFiles/app.dir/mnt/host/source/src/platform/ec/build/zephyr/matsu/modules/ec/common/version.c.obj
[matsu:ro] [263/377] Building C object CMakeFiles/app.dir/mnt/host/source/src/platform/ec/zephyr/subsys/pd_controller/pdc_power_mgmt.c.obj
[matsu:rw] [282/377] Building C object CMakeFiles/app.dir/mnt/host/source/src/platform/ec/build/zephyr/matsu/modules/ec/common/power_button_x86.c.obj
[matsu:ro] [264/377] Building C object CMakeFiles/app.dir/mnt/host/source/src/platform/ec/zephyr/subsys/ucsi/ppm_common.c.obj
[matsu:rw] [283/377] Building C object CMakeFiles/app.dir/mnt/host/source/src/platform/ec/build/zephyr/matsu/modules/ec/common/backlight_lid.c.obj
[matsu:rw] [284/377] Building C object CMakeFiles/app.dir/mnt/host/source/src/platform/ec/build/zephyr/matsu/modules/ec/common/acpi.c.obj
[francka:ro] [19/396] Building C object zephyr/CMakeFiles/zephyr.dir/lib/os/cbprintf.c.obj
[matsu:rw] [285/377] Building C object CMakeFiles/app.dir/mnt/host/source/src/platform/ec/build/zephyr/matsu/modules/ec/common/adc.c.obj
[matsu:rw] [286/377] Building C object CMakeFiles/app.dir/mnt/host/source/src/platform/ec/build/zephyr/matsu/modules/ec/common/battery.c.obj
[francka:ro] [20/396] Building C object zephyr/CMakeFiles/zephyr.dir/lib/os/assert.c.obj
[matsu:ro] [265/377] Building C object CMakeFiles/app.dir/mnt/host/source/src/platform/ec/zephyr/subsys/ucsi/ucsi_host_cmd.c.obj
[francka:rw] [16/396] Building C object zephyr/CMakeFiles/zephyr.dir/lib/os/sem.c.obj
[matsu:rw] [287/377] Building C object CMakeFiles/app.dir/mnt/host/source/src/platform/ec/build/zephyr/matsu/modules/ec/common/battery_info.c.obj
[matsu:ro] [266/377] Building C object CMakeFiles/app.dir/mnt/host/source/src/platform/ec/zephyr/subsys/ucsi/ppm_console.c.obj
[matsu:rw] [288/377] Building C object CMakeFiles/app.dir/mnt/host/source/src/platform/ec/build/zephyr/matsu/modules/ec/common/battery_fuel_gauge.c.obj
[matsu:ro] [267/377] Building C object CMakeFiles/app.dir/mnt/host/source/src/platform/ec/zephyr/subsys/ucsi/ppm_driver.c.obj
[francka:ro] [21/396] Building C object zephyr/CMakeFiles/zephyr.dir/lib/utils/dec.c.obj
[francka:ro] [22/396] Building C object zephyr/CMakeFiles/zephyr.dir/lib/utils/hex.c.obj
[matsu:rw] [289/377] Building C object CMakeFiles/app.dir/mnt/host/source/src/platform/ec/build/zephyr/matsu/modules/ec/driver/battery/smart.c.obj
[matsu:ro] [268/377] Building C object CMakeFiles/app.dir/mnt/host/source/src/platform/ec/build/zephyr/matsu/modules/ec/builtin/stdlib.c.obj
[matsu:ro] [269/377] Building C object CMakeFiles/app.dir/mnt/host/source/src/platform/ec/build/zephyr/matsu/modules/ec/common/base32.c.obj
[francka:ro] [23/396] Building C object zephyr/CMakeFiles/zephyr.dir/lib/utils/timeutil.c.obj
[francka:rw] [17/396] Building C object zephyr/CMakeFiles/zephyr.dir/lib/os/thread_entry.c.obj
[matsu:rw] [290/377] Building C object CMakeFiles/app.dir/mnt/host/source/src/platform/ec/build/zephyr/matsu/modules/ec/common/cbi_common.c.obj
[matsu:rw] [291/377] Building C object CMakeFiles/app.dir/mnt/host/source/src/platform/ec/build/zephyr/matsu/modules/ec/common/cbi_config.c.obj
[matsu:rw] [292/377] Building C object CMakeFiles/app.dir/mnt/host/source/src/platform/ec/build/zephyr/matsu/modules/ec/common/charger.c.obj
[francka:ro] [24/396] Building C object zephyr/CMakeFiles/zephyr.dir/lib/utils/rb.c.obj
[matsu:ro] [270/377] Building C object CMakeFiles/app.dir/mnt/host/source/src/platform/ec/build/zephyr/matsu/modules/ec/common/console_output.c.obj
[matsu:rw] [293/377] Building C object CMakeFiles/app.dir/mnt/host/source/src/platform/ec/build/zephyr/matsu/modules/ec/driver/charger/isl9241.c.obj
[matsu:ro] [271/377] Building C object CMakeFiles/app.dir/mnt/host/source/src/platform/ec/build/zephyr/matsu/modules/ec/common/gpio_commands.c.obj
[francka:ro] [25/396] Building C object zephyr/CMakeFiles/zephyr.dir/lib/utils/bitmask.c.obj
[matsu:rw] [294/377] Building C object CMakeFiles/app.dir/mnt/host/source/src/platform/ec/build/zephyr/matsu/modules/ec/common/charge_state.c.obj
[matsu:rw] [295/377] Building C object CMakeFiles/app.dir/mnt/host/source/src/platform/ec/build/zephyr/matsu/modules/ec/common/charge_manager.c.obj
[matsu:rw] [296/377] Building C object CMakeFiles/app.dir/mnt/host/source/src/platform/ec/build/zephyr/matsu/modules/ec/common/cbi.c.obj
[matsu:ro] [272/377] Building C object CMakeFiles/app.dir/mnt/host/source/src/platform/ec/build/zephyr/matsu/modules/ec/common/ec_features.c.obj
[matsu:rw] [297/377] Building C object CMakeFiles/app.dir/mnt/host/source/src/platform/ec/build/zephyr/matsu/modules/ec/common/memory_commands.c.obj
[matsu:ro] [273/377] Building C object CMakeFiles/app.dir/mnt/host/source/src/platform/ec/build/zephyr/matsu/modules/ec/common/printf.c.obj
[matsu:ro] [274/377] Building C object CMakeFiles/app.dir/mnt/host/source/src/platform/ec/build/zephyr/matsu/modules/ec/common/peripheral.c.obj
[francka:rw] [18/396] Building C object zephyr/CMakeFiles/zephyr.dir/lib/os/cbprintf_nano.c.obj
[francka:ro] [26/396] Building C object zephyr/CMakeFiles/zephyr.dir/lib/utils/bitarray.c.obj
[matsu:rw] [298/377] Building C object CMakeFiles/app.dir/mnt/host/source/src/platform/ec/build/zephyr/matsu/modules/ec/common/dptf.c.obj
[matsu:rw] [299/377] Building C object CMakeFiles/app.dir/mnt/host/source/src/platform/ec/build/zephyr/matsu/modules/ec/common/extpower_common.c.obj
[matsu:rw] [300/377] Building C object CMakeFiles/app.dir/mnt/host/source/src/platform/ec/build/zephyr/matsu/modules/ec/common/espi.c.obj
[matsu:rw] [301/377] Building C object CMakeFiles/app.dir/mnt/host/source/src/platform/ec/build/zephyr/matsu/modules/ec/common/ap_reset_log.c.obj
[matsu:ro] [275/377] Building C object CMakeFiles/app.dir/mnt/host/source/src/platform/ec/build/zephyr/matsu/modules/ec/common/queue.c.obj
[matsu:rw] [302/377] Building C object CMakeFiles/app.dir/mnt/host/source/src/platform/ec/build/zephyr/matsu/modules/ec/common/extpower_gpio.c.obj
[francka:ro] [27/396] Building C object zephyr/CMakeFiles/zephyr.dir/lib/utils/getopt/getopt.c.obj
[matsu:ro] [276/377] Building C object CMakeFiles/app.dir/mnt/host/source/src/platform/ec/build/zephyr/matsu/modules/ec/common/system_boot_time.c.obj
[matsu:ro] [277/377] Building C object CMakeFiles/app.dir/mnt/host/source/src/platform/ec/build/zephyr/matsu/modules/ec/common/uart_printf.c.obj
[matsu:rw] [303/377] Building C object CMakeFiles/app.dir/mnt/host/source/src/platform/ec/build/zephyr/matsu/modules/ec/common/flash.c.obj
[matsu:rw] [304/377] Building C object CMakeFiles/app.dir/mnt/host/source/src/platform/ec/build/zephyr/matsu/modules/ec/common/host_command.c.obj
[francka:rw] [19/396] Building C object zephyr/CMakeFiles/zephyr.dir/lib/os/cbprintf.c.obj
[matsu:ro] [278/377] Building C object CMakeFiles/app.dir/mnt/host/source/src/platform/ec/build/zephyr/matsu/modules/ec/common/util.c.obj
[francka:ro] [28/396] Building C object zephyr/CMakeFiles/zephyr.dir/lib/utils/ring_buffer.c.obj
[matsu:ro] [279/377] Building C object CMakeFiles/app.dir/mnt/host/source/src/platform/ec/build/zephyr/matsu/modules/ec/common/system.c.obj
[francka:ro] [29/396] Building C object zephyr/CMakeFiles/zephyr.dir/lib/utils/last_section_id.c.obj
[matsu:rw] [305/377] Building C object CMakeFiles/app.dir/mnt/host/source/src/platform/ec/build/zephyr/matsu/modules/ec/common/fan.c.obj
[francka:ro] [30/396] Building C object zephyr/CMakeFiles/zephyr.dir/lib/utils/getopt/getopt_common.c.obj
[matsu:rw] [306/377] Building C object CMakeFiles/app.dir/mnt/host/source/src/platform/ec/build/zephyr/matsu/modules/ec/common/uptime.c.obj
[matsu:rw] [307/377] Building C object CMakeFiles/app.dir/mnt/host/source/src/platform/ec/build/zephyr/matsu/modules/ec/common/uart_hostcmd.c.obj
[francka:ro] [31/396] Building C object zephyr/CMakeFiles/zephyr.dir/misc/generated/configs.c.obj
[matsu:rw] [308/377] Building C object CMakeFiles/app.dir/mnt/host/source/src/platform/ec/build/zephyr/matsu/modules/ec/common/host_event_commands.c.obj
[matsu:rw] [309/377] Building C object CMakeFiles/app.dir/mnt/host/source/src/platform/ec/build/zephyr/matsu/modules/ec/common/host_command_task.c.obj
[matsu:ro] [280/377] Building C object CMakeFiles/app.dir/mnt/host/source/src/platform/ec/build/zephyr/matsu/modules/ec/common/version.c.obj
[francka:rw] [20/396] Building C object zephyr/CMakeFiles/zephyr.dir/lib/os/assert.c.obj
[matsu:ro] [281/377] Building C object CMakeFiles/app.dir/mnt/host/source/src/platform/ec/build/zephyr/matsu/modules/ec/common/power_button_x86.c.obj
[matsu:rw] [310/377] Building C object CMakeFiles/app.dir/mnt/host/source/src/platform/ec/build/zephyr/matsu/modules/ec/common/i2c_passthru.c.obj
[matsu:rw] [311/377] Building C object CMakeFiles/app.dir/mnt/host/source/src/platform/ec/build/zephyr/matsu/modules/ec/common/i2c_controller.c.obj
[matsu:ro] [282/377] Building C object CMakeFiles/app.dir/mnt/host/source/src/platform/ec/build/zephyr/matsu/modules/ec/common/backlight_lid.c.obj
[matsu:ro] [283/377] Building C object CMakeFiles/app.dir/mnt/host/source/src/platform/ec/build/zephyr/matsu/modules/ec/common/adc.c.obj
[francka:rw] [21/396] Building C object zephyr/CMakeFiles/zephyr.dir/lib/utils/dec.c.obj
[matsu:rw] [312/377] Building C object CMakeFiles/app.dir/mnt/host/source/src/platform/ec/build/zephyr/matsu/modules/ec/common/keyboard_8042.c.obj
[francka:ro] [32/396] Building C object zephyr/CMakeFiles/zephyr.dir/soc/nuvoton/npcx/common/power.c.obj
[matsu:ro] [284/377] Building C object CMakeFiles/app.dir/mnt/host/source/src/platform/ec/build/zephyr/matsu/modules/ec/common/acpi.c.obj
[matsu:rw] [313/377] Building C object CMakeFiles/app.dir/mnt/host/source/src/platform/ec/build/zephyr/matsu/modules/ec/common/mkbp_info.c.obj
[francka:ro] [33/396] Building C object zephyr/CMakeFiles/zephyr.dir/soc/nuvoton/npcx/common/scfg.c.obj
[matsu:rw] [314/377] Building C object CMakeFiles/app.dir/mnt/host/source/src/platform/ec/build/zephyr/matsu/modules/ec/common/keyboard_8042_sharedlib.c.obj
[francka:rw] [22/396] Building C object zephyr/CMakeFiles/zephyr.dir/lib/utils/hex.c.obj
[matsu:rw] [315/377] Building C object CMakeFiles/app.dir/mnt/host/source/src/platform/ec/build/zephyr/matsu/modules/ec/common/mkbp_fifo.c.obj
[matsu:rw] [316/377] Building C object CMakeFiles/app.dir/mnt/host/source/src/platform/ec/build/zephyr/matsu/modules/ec/common/mkbp_input_devices.c.obj
[matsu:rw] [317/377] Building C object CMakeFiles/app.dir/mnt/host/source/src/platform/ec/build/zephyr/matsu/modules/ec/common/keyboard_backlight.c.obj
[matsu:ro] [285/377] Building C object CMakeFiles/app.dir/mnt/host/source/src/platform/ec/build/zephyr/matsu/modules/ec/common/battery.c.obj
[matsu:ro] [286/377] Building C object CMakeFiles/app.dir/mnt/host/source/src/platform/ec/build/zephyr/matsu/modules/ec/common/battery_info.c.obj
[matsu:rw] [318/377] Building C object CMakeFiles/app.dir/mnt/host/source/src/platform/ec/build/zephyr/matsu/modules/ec/common/led_common.c.obj
[matsu:rw] [319/377] Building C object CMakeFiles/app.dir/mnt/host/source/src/platform/ec/build/zephyr/matsu/modules/ec/common/lid_switch.c.obj
[francka:ro] [34/396] Building C object zephyr/CMakeFiles/zephyr.dir/soc/nuvoton/npcx/common/npcxn/registers.c.obj
[matsu:ro] [287/377] Building C object CMakeFiles/app.dir/mnt/host/source/src/platform/ec/build/zephyr/matsu/modules/ec/common/battery_fuel_gauge.c.obj
[matsu:ro] [288/377] Building C object CMakeFiles/app.dir/mnt/host/source/src/platform/ec/build/zephyr/matsu/modules/ec/driver/battery/smart.c.obj
[matsu:rw] [320/377] Building C object CMakeFiles/app.dir/mnt/host/source/src/platform/ec/build/zephyr/matsu/modules/ec/common/mkbp_event.c.obj
[francka:ro] [35/396] Building C object zephyr/CMakeFiles/zephyr.dir/soc/nuvoton/npcx/npcx9/soc.c.obj
[matsu:ro] [289/377] Building C object CMakeFiles/app.dir/mnt/host/source/src/platform/ec/build/zephyr/matsu/modules/ec/driver/charger/isl9241.c.obj
[francka:rw] [23/396] Building C object zephyr/CMakeFiles/zephyr.dir/lib/utils/rb.c.obj
[matsu:rw] [321/377] Building C object CMakeFiles/app.dir/mnt/host/source/src/platform/ec/build/zephyr/matsu/modules/ec/power/hibernate.c.obj
[matsu:rw] [322/377] Building C object CMakeFiles/app.dir/mnt/host/source/src/platform/ec/build/zephyr/matsu/modules/ec/common/port80.c.obj
[matsu:rw] [323/377] Building C object CMakeFiles/app.dir/mnt/host/source/src/platform/ec/build/zephyr/matsu/modules/ec/common/power_button.c.obj
[matsu:rw] [324/377] Building C object CMakeFiles/app.dir/mnt/host/source/src/platform/ec/build/zephyr/matsu/modules/ec/common/shared_mem.c.obj
[matsu:rw] [325/377] Building C object CMakeFiles/app.dir/mnt/host/source/src/platform/ec/build/zephyr/matsu/modules/ec/common/panic_output.c.obj
[francka:rw] [24/396] Building C object zephyr/CMakeFiles/zephyr.dir/lib/utils/timeutil.c.obj
[matsu:ro] [290/377] Building C object CMakeFiles/app.dir/mnt/host/source/src/platform/ec/build/zephyr/matsu/modules/ec/common/charger.c.obj
[matsu:rw] [326/377] Building C object CMakeFiles/app.dir/mnt/host/source/src/platform/ec/build/zephyr/matsu/modules/ec/common/thermal.c.obj
[matsu:rw] [327/377] Building C object CMakeFiles/app.dir/mnt/host/source/src/platform/ec/build/zephyr/matsu/modules/ec/common/switch.c.obj
[francka:ro] [36/396] Building C object zephyr/CMakeFiles/zephyr.dir/subsys/logging/log_minimal.c.obj
[matsu:ro] [291/377] Building C object CMakeFiles/app.dir/mnt/host/source/src/platform/ec/build/zephyr/matsu/modules/ec/common/cbi_common.c.obj
[matsu:ro] [292/377] Building C object CMakeFiles/app.dir/mnt/host/source/src/platform/ec/build/zephyr/matsu/modules/ec/common/charge_state.c.obj
[matsu:rw] [328/377] Building C object CMakeFiles/app.dir/mnt/host/source/src/platform/ec/build/zephyr/matsu/modules/ec/common/temp_sensor.c.obj
[matsu:rw] [329/377] Building C object CMakeFiles/app.dir/mnt/host/source/src/platform/ec/build/zephyr/matsu/modules/ec/driver/temp_sensor/thermistor.c.obj
[francka:ro] [37/396] Building C object zephyr/CMakeFiles/zephyr.dir/subsys/mem_mgmt/mem_attr.c.obj
[matsu:rw] [330/377] Building C object CMakeFiles/app.dir/mnt/host/source/src/platform/ec/build/zephyr/matsu/modules/ec/common/usbc_utils.c.obj
[matsu:rw] [331/377] Building C object CMakeFiles/app.dir/mnt/host/source/src/platform/ec/build/zephyr/matsu/modules/ec/common/timer.c.obj
[matsu:ro] [293/377] Building C object CMakeFiles/app.dir/mnt/host/source/src/platform/ec/build/zephyr/matsu/modules/ec/common/charge_manager.c.obj
[matsu:ro] [294/377] Building C object CMakeFiles/app.dir/mnt/host/source/src/platform/ec/build/zephyr/matsu/modules/ec/common/cbi.c.obj
[matsu:rw] [332/377] Building C object CMakeFiles/app.dir/mnt/host/source/src/platform/ec/build/zephyr/matsu/modules/ec/common/usb_port_power_dumb.c.obj
[francka:rw] [25/396] Building C object zephyr/CMakeFiles/zephyr.dir/lib/utils/bitarray.c.obj
[matsu:ro] [295/377] Building C object CMakeFiles/app.dir/mnt/host/source/src/platform/ec/build/zephyr/matsu/modules/ec/common/cbi_config.c.obj
[matsu:rw] [333/377] Building C object CMakeFiles/app.dir/mnt/host/source/src/platform/ec/build/zephyr/matsu/modules/ec/common/usb_common.c.obj
[francka:ro] [38/396] Building C object zephyr/CMakeFiles/zephyr.dir/subsys/pm/pm.c.obj
[francka:ro] [39/396] Building C object zephyr/CMakeFiles/zephyr.dir/subsys/pm/state.c.obj
[matsu:ro] [296/377] Building C object CMakeFiles/app.dir/mnt/host/source/src/platform/ec/build/zephyr/matsu/modules/ec/common/memory_commands.c.obj
[matsu:rw] [334/377] Building C object CMakeFiles/app.dir/mnt/host/source/src/platform/ec/build/zephyr/matsu/modules/ec/common/vboot_hash.c.obj
[francka:rw] [26/396] Building C object zephyr/CMakeFiles/zephyr.dir/lib/utils/bitmask.c.obj
[matsu:rw] [335/377] Building C object CMakeFiles/app.dir/mnt/host/source/src/platform/ec/build/zephyr/matsu/modules/ec/common/usb_pd_host_cmd_common.c.obj
[matsu:ro] [297/377] Building C object CMakeFiles/app.dir/mnt/host/source/src/platform/ec/build/zephyr/matsu/modules/ec/common/dptf.c.obj
[matsu:rw] [336/377] Building C object CMakeFiles/app.dir/mnt/host/source/src/platform/ec/build/zephyr/matsu/modules/ec/common/math_util.c.obj
[matsu:rw] [337/377] Building C object CMakeFiles/app.dir/mnt/host/source/src/platform/ec/build/zephyr/matsu/modules/ec/common/button.c.obj
[matsu:rw] [338/377] Building C object CMakeFiles/app.dir/mnt/host/source/src/platform/ec/build/zephyr/matsu/modules/ec/common/vstore.c.obj
[matsu:ro] [298/377] Building C object CMakeFiles/app.dir/mnt/host/source/src/platform/ec/build/zephyr/matsu/modules/ec/common/espi.c.obj
[matsu:rw] [339/377] Linking C static library modules/ec/zephyr/libec_shim.a
[matsu:ro] [299/377] Building C object CMakeFiles/app.dir/mnt/host/source/src/platform/ec/build/zephyr/matsu/modules/ec/common/extpower_common.c.obj
[matsu:ro] [300/377] Building C object CMakeFiles/app.dir/mnt/host/source/src/platform/ec/build/zephyr/matsu/modules/ec/common/ap_reset_log.c.obj
[matsu:rw] [340/377] Building C object CMakeFiles/app.dir/matsu/src/suspend_resume.c.obj
[matsu:rw] [341/377] Building C object CMakeFiles/app.dir/mnt/host/source/src/platform/ec/build/zephyr/matsu/modules/ec/common/vboot/efs2.c.obj
[matsu:rw] [342/377] Building C object CMakeFiles/app.dir/matsu/src/board_power.c.obj
[francka:ro] [40/396] Building C object zephyr/CMakeFiles/zephyr.dir/subsys/pm/policy/policy_latency.c.obj
[francka:ro] [41/396] Building C object zephyr/CMakeFiles/zephyr.dir/subsys/pm/policy/policy_events.c.obj
[francka:rw] [27/396] Building C object zephyr/CMakeFiles/zephyr.dir/lib/utils/getopt/getopt.c.obj
[matsu:ro] [301/377] Building C object CMakeFiles/app.dir/mnt/host/source/src/platform/ec/build/zephyr/matsu/modules/ec/common/extpower_gpio.c.obj
[matsu:rw] [343/377] Building C object zephyr/kernel/CMakeFiles/kernel.dir/banner.c.obj
[matsu:rw] [344/377] Building C object CMakeFiles/app.dir/matsu/src/touch_panel.c.obj
[matsu:rw] [345/377] Building C object zephyr/kernel/CMakeFiles/kernel.dir/busy_wait.c.obj
[matsu:rw] [346/377] Building C object CMakeFiles/app.dir/matsu/src/keyboard_customization.c.obj
[matsu:rw] [347/377] Building C object zephyr/kernel/CMakeFiles/kernel.dir/device.c.obj
[matsu:rw] [348/377] Building C object zephyr/kernel/CMakeFiles/kernel.dir/errno.c.obj
[matsu:ro] [302/377] Building C object CMakeFiles/app.dir/mnt/host/source/src/platform/ec/build/zephyr/matsu/modules/ec/common/fan.c.obj
[matsu:rw] [349/377] Linking C static library app/libapp.a
[matsu:rw] [350/377] Building C object zephyr/kernel/CMakeFiles/kernel.dir/version.c.obj
[matsu:rw] [351/377] Building C object zephyr/kernel/CMakeFiles/kernel.dir/fatal.c.obj
[matsu:ro] [303/377] Building C object CMakeFiles/app.dir/mnt/host/source/src/platform/ec/build/zephyr/matsu/modules/ec/common/host_command.c.obj
[matsu:rw] [352/377] Building C object zephyr/kernel/CMakeFiles/kernel.dir/init.c.obj
[matsu:ro] [304/377] Building C object CMakeFiles/app.dir/mnt/host/source/src/platform/ec/build/zephyr/matsu/modules/ec/common/host_command_task.c.obj
[francka:rw] [28/396] Building C object zephyr/CMakeFiles/zephyr.dir/lib/utils/getopt/getopt_common.c.obj
[matsu:ro] [305/377] Building C object CMakeFiles/app.dir/mnt/host/source/src/platform/ec/build/zephyr/matsu/modules/ec/common/flash.c.obj
[francka:ro] [42/396] Building C object zephyr/CMakeFiles/zephyr.dir/subsys/pm/device.c.obj
[francka:ro] [43/396] Building C object zephyr/CMakeFiles/zephyr.dir/subsys/pm/policy/policy_state_lock.c.obj
[matsu:rw] [353/377] Building C object zephyr/kernel/CMakeFiles/kernel.dir/kheap.c.obj
[matsu:rw] [354/377] Building C object zephyr/kernel/CMakeFiles/kernel.dir/mem_slab.c.obj
[francka:rw] [29/396] Building C object zephyr/CMakeFiles/zephyr.dir/lib/utils/ring_buffer.c.obj
[matsu:rw] [355/377] Building C object zephyr/kernel/CMakeFiles/kernel.dir/float.c.obj
[matsu:ro] [306/377] Building C object CMakeFiles/app.dir/mnt/host/source/src/platform/ec/build/zephyr/matsu/modules/ec/common/host_event_commands.c.obj
[matsu:rw] [356/377] Building C object zephyr/kernel/CMakeFiles/kernel.dir/idle.c.obj
[francka:rw] [30/396] Building C object zephyr/CMakeFiles/zephyr.dir/lib/utils/last_section_id.c.obj
[matsu:ro] [307/377] Building C object CMakeFiles/app.dir/mnt/host/source/src/platform/ec/build/zephyr/matsu/modules/ec/common/uart_hostcmd.c.obj
[matsu:rw] [357/377] Building C object zephyr/kernel/CMakeFiles/kernel.dir/msg_q.c.obj
[matsu:rw] [358/377] Building C object zephyr/kernel/CMakeFiles/kernel.dir/mailbox.c.obj
[matsu:rw] [359/377] Building C object zephyr/kernel/CMakeFiles/kernel.dir/mutex.c.obj
[matsu:ro] [308/377] Building C object CMakeFiles/app.dir/mnt/host/source/src/platform/ec/build/zephyr/matsu/modules/ec/common/uptime.c.obj
[francka:rw] [31/396] Building C object zephyr/CMakeFiles/zephyr.dir/misc/generated/configs.c.obj
[matsu:rw] [360/377] Building C object zephyr/kernel/CMakeFiles/kernel.dir/queue.c.obj
[francka:ro] [44/396] Building C object zephyr/CMakeFiles/zephyr.dir/subsys/pm/device_system_managed.c.obj
[francka:ro] [45/396] Building C object zephyr/CMakeFiles/zephyr.dir/subsys/pm/device_runtime.c.obj
[matsu:ro] [309/377] Building C object CMakeFiles/app.dir/mnt/host/source/src/platform/ec/build/zephyr/matsu/modules/ec/common/i2c_passthru.c.obj
[matsu:rw] [361/377] Building C object zephyr/kernel/CMakeFiles/kernel.dir/sem.c.obj
[matsu:rw] [362/377] Building C object zephyr/kernel/CMakeFiles/kernel.dir/stack.c.obj
[matsu:rw] [363/377] Building C object zephyr/kernel/CMakeFiles/kernel.dir/system_work_q.c.obj
[matsu:ro] [310/377] Building C object CMakeFiles/app.dir/mnt/host/source/src/platform/ec/build/zephyr/matsu/modules/ec/common/i2c_controller.c.obj
[matsu:rw] [364/377] Building C object zephyr/kernel/CMakeFiles/kernel.dir/condvar.c.obj
[matsu:rw] [365/377] Building C object zephyr/kernel/CMakeFiles/kernel.dir/work.c.obj
[matsu:ro] [311/377] Building C object CMakeFiles/app.dir/mnt/host/source/src/platform/ec/build/zephyr/matsu/modules/ec/common/keyboard_8042_sharedlib.c.obj
[matsu:ro] [312/377] Building C object CMakeFiles/app.dir/mnt/host/source/src/platform/ec/build/zephyr/matsu/modules/ec/common/keyboard_8042.c.obj
[matsu:rw] [366/377] Building C object zephyr/kernel/CMakeFiles/kernel.dir/spinlock_validate.c.obj
[matsu:ro] [313/377] Building C object CMakeFiles/app.dir/mnt/host/source/src/platform/ec/build/zephyr/matsu/modules/ec/common/mkbp_fifo.c.obj
[matsu:rw] [367/377] Building C object zephyr/kernel/CMakeFiles/kernel.dir/thread.c.obj
[francka:rw] [32/396] Building C object zephyr/CMakeFiles/zephyr.dir/soc/nuvoton/npcx/common/power.c.obj
[francka:ro] [46/396] Building C object zephyr/CMakeFiles/zephyr.dir/subsys/tracing/tracing_none.c.obj
[matsu:rw] [368/377] Building C object zephyr/kernel/CMakeFiles/kernel.dir/pipe.c.obj
[matsu:rw] [369/377] Building C object zephyr/kernel/CMakeFiles/kernel.dir/sched.c.obj
[moonstone:ro] Configuring.
Running `env -i PYTHONPATH=/usr/lib64/python-exec/python3.11:/mnt/host/source/src/platform/ec/zephyr/zmake:/usr/lib/python311.zip:/usr/lib/python3.11:/usr/lib/python3.11/lib-dynload:/usr/lib/python3.11/site-packages PW_PIGWEED_CIPD_INSTALL_DIR=/usr CROSTC_USER_ACKNOWLEDGES_THAT_RISCV_IS_EXPERIMENTAL=1 PATH=/mnt/host/source/chromite/bin:/usr/local/bin:/usr/bin:/bin:/opt/bin:/mnt/host/source/chromite/sdk/bin:/mnt/host/source/chromite/bin HOME=/home/jpmurphy JAVA_HOME=/etc/java-config-2/current-system-vm JDK_HOME=/etc/java-config-2/current-system-vm JAVAC=/etc/java-config-2/current-system-vm/bin/javac MAKEFLAGS=' -j16 --jobserver-auth=5,6' /usr/bin/cmake -S /mnt/host/source/src/platform/ec/zephyr/program/fatcat -B /mnt/host/source/src/platform/ec/build/zephyr/moonstone/build-ro -GNinja -DCMAKE_EXPORT_COMPILE_COMMANDS=ON -DZEPHYR_BASE=/mnt/host/source/src/third_party/zephyr/main -DZMAKE_INCLUDE_DIR=/mnt/host/source/src/platform/ec/build/zephyr/moonstone/include -DPython3_EXECUTABLE=/usr/bin/python3.11 -DDTS_ROOT=/mnt/host/source/src/platform/ec/zephyr -DSYSCALL_INCLUDE_DIRS=/mnt/host/source/src/platform/ec/zephyr/include/drivers -DUSER_CACHE_DIR=/mnt/host/source/src/platform/ec/build/zephyr/user-cache -DPW_ROOT=/mnt/host/source/src/third_party/pigweed -DNANOPB_DIR=/mnt/host/source/src/third_party/zephyr/nanopb '-DEXTRA_EC_VERSION_FLAGS=--version 16543.0.0 --static' -DTOOLCHAIN_ROOT=/mnt/host/source/src/platform/ec/zephyr -DCOREBOOT_SDK_ROOT_x86=/home/jpmurphy/.cache/coreboot-sdk/i386-elf/dfbb0486385d938cfa9d73080b9d18d598ed4f49 -DCOREBOOT_SDK_ROOT_picolibc_x86=/home/jpmurphy/.cache/coreboot-sdk/picolibc-i386-elf/eb8e8e687b95461de8cbf278f1c2076952d0ad17 -DCOREBOOT_SDK_ROOT_riscv64=/home/jpmurphy/.cache/coreboot-sdk/riscv64-elf/96b949749225b6aaa92ed810ab769e8dfb12f000 -DCOREBOOT_SDK_ROOT_picolibc_arm=/home/jpmurphy/.cache/coreboot-sdk/picolibc-arm-eabi/422a2aa3e1ef891b5bece9a3deb696ff83840d2e -DCOREBOOT_SDK_ROOT_nds32=/home/jpmurphy/.cache/coreboot-sdk/nds32le-elf/d1a518c4a097666d86058e1444f85ca015d15511 -DCOREBOOT_SDK_ROOT_picolibc_riscv64=/home/jpmurphy/.cache/coreboot-sdk/picolibc-riscv64-elf/f571e990ef0278564b31124f8bb109d9a697eb69 -DCOREBOOT_SDK_ROOT_arm=/home/jpmurphy/.cache/coreboot-sdk/arm-eabi/ea40ddd1d190c3b48435c474c0b545719371813a -DCOREBOOT_SDK_ROOT_libstdcxx_riscv64=/home/jpmurphy/.cache/coreboot-sdk/libstdcxx-riscv64-elf/17abf22a3a252e2d5d2062ced5324f7a623689e0 -DCOREBOOT_SDK_ROOT_libstdcxx_arm=/home/jpmurphy/.cache/coreboot-sdk/libstdcxx-arm-eabi/5d7d82e150e44aa1968f1d366e267e6687b328ac -DCOREBOOT_SDK_ROOT_riscv=/home/jpmurphy/.cache/coreboot-sdk/riscv-elf/9a27b9e82341c6e9126624f516ab3f261abb3e73 -DCOREBOOT_SDK_ROOT_libstdcxx_x86=/home/jpmurphy/.cache/coreboot-sdk/libstdcxx-i386-elf/42ef9d2e87a76a37963175d7d428734e65648b87 -DZEPHYR_TOOLCHAIN_VARIANT=coreboot-sdk '-DZEPHYR_MODULES=/mnt/host/source/src/platform/ec/build/zephyr/moonstone/modules/ec;/mnt/host/source/src/platform/ec/build/zephyr/moonstone/modules/google-private;/mnt/host/source/src/platform/ec/build/zephyr/moonstone/modules/pigweed;/mnt/host/source/src/platform/ec/build/zephyr/moonstone/modules/nanopb' -DDTC_OVERLAY_FILE=/mnt/host/source/src/platform/ec/zephyr/program/fatcat/moonstone/project.overlay -DBOARD=it8xxx2/it82002aw -DCMAKE_C_FLAGS=-DSECTION_IS_RO '-DCONF_FILE=/mnt/host/source/src/platform/ec/zephyr/program/fatcat/program.conf;/mnt/host/source/src/platform/ec/zephyr/program/fatcat/moonstone/project.conf;/mnt/host/source/src/platform/ec/zephyr/program/fatcat/dsp_comms.conf;/mnt/host/source/src/platform/ec/build/zephyr/moonstone/kconfig-ro.conf'`
[matsu:rw] [370/377] Building C object zephyr/kernel/CMakeFiles/kernel.dir/thread_monitor.c.obj
[francka:ro] [47/396] Building C object zephyr/CMakeFiles/zephyr.dir/subsys/testsuite/coverage/coverage.c.obj
[moonstone:ro] Loading Zephyr default modules (Zephyr base (cached)).
[moonstone:ro] -- Application: /mnt/host/source/src/platform/ec/zephyr/program/fatcat
[moonstone:ro] -- CMake version: 3.31.7
[matsu:rw] [371/377] Building C object zephyr/kernel/CMakeFiles/kernel.dir/timeout.c.obj
[matsu:ro] [314/377] Building C object CMakeFiles/app.dir/mnt/host/source/src/platform/ec/build/zephyr/matsu/modules/ec/common/mkbp_info.c.obj
[matsu:ro] [315/377] Building C object CMakeFiles/app.dir/mnt/host/source/src/platform/ec/build/zephyr/matsu/modules/ec/common/mkbp_input_devices.c.obj
Toolchain <zmake.toolchains.CorebootSdkToolchain object at 0x7f4120537610> selected by probe function.
[xivu] Building in /mnt/host/source/src/platform/ec/build/zephyr/xivu.
[matsu:rw] [372/377] Building C object zephyr/kernel/CMakeFiles/kernel.dir/timer.c.obj
[moonstone:ro] -- Found Python3: /usr/bin/python3.11 (found suitable version "3.11.11", minimum required is "3.10") found components: Interpreter
[moonstone:ro] -- Cache files will be written to: /mnt/host/source/src/platform/ec/build/zephyr/user-cache
[matsu:rw] [373/377] Building C object zephyr/kernel/CMakeFiles/kernel.dir/poll.c.obj
[moonstone:ro] -- Zephyr version: 4.3.99 (/mnt/host/source/src/third_party/zephyr/main)
[matsu:ro] [316/377] Building C object CMakeFiles/app.dir/mnt/host/source/src/platform/ec/build/zephyr/matsu/modules/ec/common/led_common.c.obj
[matsu:rw] [374/377] Building C object zephyr/kernel/CMakeFiles/kernel.dir/dynamic_disabled.c.obj
[xivu:rw] Configuring.
Running `env -i PYTHONPATH=/usr/lib64/python-exec/python3.11:/mnt/host/source/src/platform/ec/zephyr/zmake:/usr/lib/python311.zip:/usr/lib/python3.11:/usr/lib/python3.11/lib-dynload:/usr/lib/python3.11/site-packages PW_PIGWEED_CIPD_INSTALL_DIR=/usr CROSTC_USER_ACKNOWLEDGES_THAT_RISCV_IS_EXPERIMENTAL=1 PATH=/mnt/host/source/chromite/bin:/usr/local/bin:/usr/bin:/bin:/opt/bin:/mnt/host/source/chromite/sdk/bin:/mnt/host/source/chromite/bin HOME=/home/jpmurphy JAVA_HOME=/etc/java-config-2/current-system-vm JDK_HOME=/etc/java-config-2/current-system-vm JAVAC=/etc/java-config-2/current-system-vm/bin/javac MAKEFLAGS=' -j16 --jobserver-auth=5,6' /usr/bin/cmake -S /mnt/host/source/src/platform/ec/zephyr/program/nissa -B /mnt/host/source/src/platform/ec/build/zephyr/xivu/build-rw -GNinja -DCMAKE_EXPORT_COMPILE_COMMANDS=ON -DZEPHYR_BASE=/mnt/host/source/src/third_party/zephyr/main -DZMAKE_INCLUDE_DIR=/mnt/host/source/src/platform/ec/build/zephyr/xivu/include -DPython3_EXECUTABLE=/usr/bin/python3.11 -DDTS_ROOT=/mnt/host/source/src/platform/ec/zephyr -DSYSCALL_INCLUDE_DIRS=/mnt/host/source/src/platform/ec/zephyr/include/drivers -DUSER_CACHE_DIR=/mnt/host/source/src/platform/ec/build/zephyr/user-cache '-DEXTRA_EC_VERSION_FLAGS=--version 16543.0.0 --static' -DTOOLCHAIN_ROOT=/mnt/host/source/src/platform/ec/zephyr -DCOREBOOT_SDK_ROOT_x86=/home/jpmurphy/.cache/coreboot-sdk/i386-elf/dfbb0486385d938cfa9d73080b9d18d598ed4f49 -DCOREBOOT_SDK_ROOT_picolibc_x86=/home/jpmurphy/.cache/coreboot-sdk/picolibc-i386-elf/eb8e8e687b95461de8cbf278f1c2076952d0ad17 -DCOREBOOT_SDK_ROOT_riscv64=/home/jpmurphy/.cache/coreboot-sdk/riscv64-elf/96b949749225b6aaa92ed810ab769e8dfb12f000 -DCOREBOOT_SDK_ROOT_picolibc_arm=/home/jpmurphy/.cache/coreboot-sdk/picolibc-arm-eabi/422a2aa3e1ef891b5bece9a3deb696ff83840d2e -DCOREBOOT_SDK_ROOT_nds32=/home/jpmurphy/.cache/coreboot-sdk/nds32le-elf/d1a518c4a097666d86058e1444f85ca015d15511 -DCOREBOOT_SDK_ROOT_picolibc_riscv64=/home/jpmurphy/.cache/coreboot-sdk/picolibc-riscv64-elf/f571e990ef0278564b31124f8bb109d9a697eb69 -DCOREBOOT_SDK_ROOT_arm=/home/jpmurphy/.cache/coreboot-sdk/arm-eabi/ea40ddd1d190c3b48435c474c0b545719371813a -DCOREBOOT_SDK_ROOT_libstdcxx_riscv64=/home/jpmurphy/.cache/coreboot-sdk/libstdcxx-riscv64-elf/17abf22a3a252e2d5d2062ced5324f7a623689e0 -DCOREBOOT_SDK_ROOT_libstdcxx_arm=/home/jpmurphy/.cache/coreboot-sdk/libstdcxx-arm-eabi/5d7d82e150e44aa1968f1d366e267e6687b328ac -DCOREBOOT_SDK_ROOT_riscv=/home/jpmurphy/.cache/coreboot-sdk/riscv-elf/9a27b9e82341c6e9126624f516ab3f261abb3e73 -DCOREBOOT_SDK_ROOT_libstdcxx_x86=/home/jpmurphy/.cache/coreboot-sdk/libstdcxx-i386-elf/42ef9d2e87a76a37963175d7d428734e65648b87 -DZEPHYR_TOOLCHAIN_VARIANT=coreboot-sdk '-DZEPHYR_MODULES=/mnt/host/source/src/platform/ec/build/zephyr/xivu/modules/cmsis;/mnt/host/source/src/platform/ec/build/zephyr/xivu/modules/cmsis_6;/mnt/host/source/src/platform/ec/build/zephyr/xivu/modules/ec' -DDTC_OVERLAY_FILE=/mnt/host/source/src/platform/ec/zephyr/program/nissa/xivu/project.overlay -DBOARD=npcx9/npcx9m3f -DCMAKE_C_FLAGS=-DSECTION_IS_RW '-DCONF_FILE=/mnt/host/source/src/platform/ec/zephyr/program/nissa/program.conf;/mnt/host/source/src/platform/ec/zephyr/program/nissa/npcx_program.conf;/mnt/host/source/src/platform/ec/zephyr/program/nissa/xivu/project.conf;/mnt/host/source/src/platform/ec/build/zephyr/xivu/kconfig-rw.conf'`
[matsu:rw] [375/377] Building C object zephyr/kernel/CMakeFiles/kernel.dir/mempool.c.obj
[xivu:rw] Loading Zephyr default modules (Zephyr base (cached)).
[xivu:rw] -- Application: /mnt/host/source/src/platform/ec/zephyr/program/nissa
Running (initial) lcov on /mnt/host/source/src/platform/ec/build/zephyr/tentacruel.
[matsu:rw] [376/377] Building C object zephyr/kernel/CMakeFiles/kernel.dir/events.c.obj
[matsu:ro] [317/377] Building C object CMakeFiles/app.dir/mnt/host/source/src/platform/ec/build/zephyr/matsu/modules/ec/common/keyboard_backlight.c.obj
[francka:ro] [48/396] Building C object zephyr/CMakeFiles/zephyr.dir/subsys/shell/modules/kernel_service/kernel_shell.c.obj
[matsu:rw] [377/377] Linking C static library zephyr/kernel/libkernel.a
[matsu:ro] [318/377] Building C object CMakeFiles/app.dir/mnt/host/source/src/platform/ec/build/zephyr/matsu/modules/ec/common/lid_switch.c.obj
[francka:rw] [33/396] Building C object zephyr/CMakeFiles/zephyr.dir/soc/nuvoton/npcx/common/scfg.c.obj
[francka:ro] [49/396] Building C object zephyr/CMakeFiles/zephyr.dir/subsys/shell/modules/kernel_service/cycles.c.obj
Running `env -i PYTHONPATH=/usr/lib64/python-exec/python3.11:/mnt/host/source/src/platform/ec/zephyr/zmake:/usr/lib/python311.zip:/usr/lib/python3.11:/usr/lib/python3.11/lib-dynload:/usr/lib/python3.11/site-packages PW_PIGWEED_CIPD_INSTALL_DIR=/usr CROSTC_USER_ACKNOWLEDGES_THAT_RISCV_IS_EXPERIMENTAL=1 PATH=/mnt/host/source/chromite/bin:/usr/local/bin:/usr/bin:/bin:/opt/bin:/mnt/host/source/chromite/sdk/bin:/mnt/host/source/chromite/bin HOME=/home/jpmurphy JAVA_HOME=/etc/java-config-2/current-system-vm JDK_HOME=/etc/java-config-2/current-system-vm JAVAC=/etc/java-config-2/current-system-vm/bin/javac MAKEFLAGS=' -j16 --jobserver-auth=5,6' /usr/bin/lcov --gcov-tool /mnt/host/source/src/platform/ec/build/zephyr/tentacruel/build-rw/gcov.sh -q -o - -c -d /mnt/host/source/src/platform/ec/build/zephyr/tentacruel -t tentacruel --rc branch_coverage=1 --filter range --ignore-errors inconsistent,source --ignore-errors gcov,gcov -i`
[francka:rw] [34/396] Building C object zephyr/CMakeFiles/zephyr.dir/soc/nuvoton/npcx/common/npcxn/registers.c.obj
[matsu:ro] [319/377] Building C object CMakeFiles/app.dir/mnt/host/source/src/platform/ec/build/zephyr/matsu/modules/ec/common/port80.c.obj
[xivu:rw] -- CMake version: 3.31.7
[xivu:rw] -- Found Python3: /usr/bin/python3.11 (found suitable version "3.11.11", minimum required is "3.10") found components: Interpreter
[xivu:rw] -- Cache files will be written to: /mnt/host/source/src/platform/ec/build/zephyr/user-cache
[xivu:rw] -- Zephyr version: 4.3.99 (/mnt/host/source/src/third_party/zephyr/main)
[matsu:ro] [320/377] Building C object CMakeFiles/app.dir/mnt/host/source/src/platform/ec/build/zephyr/matsu/modules/ec/common/mkbp_event.c.obj
[francka:ro] [50/396] Building C object zephyr/CMakeFiles/zephyr.dir/subsys/shell/modules/kernel_service/sleep.c.obj
[matsu:ro] [321/377] Building C object CMakeFiles/app.dir/mnt/host/source/src/platform/ec/build/zephyr/matsu/modules/ec/common/power_button.c.obj
[matsu:ro] [322/377] Building C object CMakeFiles/app.dir/mnt/host/source/src/platform/ec/build/zephyr/matsu/modules/ec/power/hibernate.c.obj
[francka:ro] [51/396] Building C object zephyr/CMakeFiles/zephyr.dir/subsys/shell/modules/kernel_service/uptime.c.obj
[francka:ro] [52/396] Building C object zephyr/CMakeFiles/zephyr.dir/subsys/shell/modules/kernel_service/thread/thread.c.obj
[francka:ro] [53/396] Building C object zephyr/CMakeFiles/zephyr.dir/subsys/shell/modules/kernel_service/version.c.obj
[matsu:ro] [323/377] Building C object CMakeFiles/app.dir/mnt/host/source/src/platform/ec/build/zephyr/matsu/modules/ec/common/panic_output.c.obj
[francka:ro] [54/396] Building C object zephyr/CMakeFiles/zephyr.dir/subsys/shell/modules/kernel_service/thread/list.c.obj
[matsu:ro] [324/377] Building C object CMakeFiles/app.dir/mnt/host/source/src/platform/ec/build/zephyr/matsu/modules/ec/common/shared_mem.c.obj
[francka:rw] [35/396] Building C object zephyr/CMakeFiles/zephyr.dir/soc/nuvoton/npcx/npcx9/soc.c.obj
[francka:rw] [36/396] Building C object zephyr/CMakeFiles/zephyr.dir/subsys/logging/log_minimal.c.obj
[moonstone:ro] -- Board: it8xxx2, qualifiers: it82002aw
[matsu:ro] [325/377] Building C object CMakeFiles/app.dir/mnt/host/source/src/platform/ec/build/zephyr/matsu/modules/ec/common/switch.c.obj
[/mnt/host/source/src/platform/ec/build/zephyr/tentacruel-lcov] geninfo: WARNING: using JSON module "JSON::PP" - which is much slower than some alternatives.  Consider installing one of JSON::XS or Cpanel::JSON::XS
[matsu:ro] [326/377] Building C object CMakeFiles/app.dir/mnt/host/source/src/platform/ec/build/zephyr/matsu/modules/ec/common/thermal.c.obj
[francka:ro] [55/396] Building C object zephyr/CMakeFiles/zephyr.dir/subsys/shell/modules/kernel_service/thread/stacks.c.obj
[matsu:ro] [327/377] Building C object CMakeFiles/app.dir/mnt/host/source/src/platform/ec/build/zephyr/matsu/modules/ec/common/temp_sensor.c.obj
[matsu:ro] [328/377] Building C object CMakeFiles/app.dir/mnt/host/source/src/platform/ec/build/zephyr/matsu/modules/ec/driver/temp_sensor/thermistor.c.obj
[francka:ro] [56/396] Building C object zephyr/CMakeFiles/zephyr.dir/subsys/shell/modules/kernel_service/thread/suspend.c.obj
[francka:ro] [57/396] Building C object zephyr/CMakeFiles/zephyr.dir/subsys/shell/modules/kernel_service/thread/resume.c.obj
[matsu:ro] [329/377] Building C object CMakeFiles/app.dir/mnt/host/source/src/platform/ec/build/zephyr/matsu/modules/ec/common/timer.c.obj
[xivu:rw] -- Board: npcx9, qualifiers: npcx9m3f
[francka:ro] [58/396] Building C object zephyr/CMakeFiles/zephyr.dir/subsys/shell/modules/kernel_service/thread/kill.c.obj
[matsu:ro] [330/377] Building C object CMakeFiles/app.dir/mnt/host/source/src/platform/ec/build/zephyr/matsu/modules/ec/common/usb_port_power_dumb.c.obj
[francka:rw] [37/396] Building C object zephyr/CMakeFiles/zephyr.dir/subsys/mem_mgmt/mem_attr.c.obj
[francka:ro] [59/396] Building C object zephyr/CMakeFiles/zephyr.dir/subsys/shell/backends/shell_uart.c.obj
[francka:rw] [38/396] Building C object zephyr/CMakeFiles/zephyr.dir/subsys/pm/pm.c.obj
[matsu:ro] [331/377] Building C object CMakeFiles/app.dir/mnt/host/source/src/platform/ec/build/zephyr/matsu/modules/ec/common/usbc_utils.c.obj
[matsu:ro] [332/377] Building C object CMakeFiles/app.dir/mnt/host/source/src/platform/ec/build/zephyr/matsu/modules/ec/common/usb_common.c.obj
[/mnt/host/source/src/platform/ec/build/zephyr/tentacruel-lcov] stderr:
[francka:ro] [60/396] Building C object zephyr/CMakeFiles/zephyr.dir/subsys/shell/shell.c.obj
[francka:rw] [39/396] Building C object zephyr/CMakeFiles/zephyr.dir/subsys/pm/state.c.obj
[francka:ro] [61/396] Building C object zephyr/CMakeFiles/zephyr.dir/subsys/shell/shell_utils.c.obj
[matsu:ro] [333/377] Building C object CMakeFiles/app.dir/mnt/host/source/src/platform/ec/build/zephyr/matsu/modules/ec/common/vboot_hash.c.obj
[francka:ro] [62/396] Building C object zephyr/CMakeFiles/zephyr.dir/subsys/shell/shell_fprintf.c.obj
[matsu:ro] [334/377] Building C object CMakeFiles/app.dir/mnt/host/source/src/platform/ec/build/zephyr/matsu/modules/ec/common/usb_pd_host_cmd_common.c.obj
[francka:ro] [63/396] Building C object zephyr/CMakeFiles/zephyr.dir/subsys/shell/shell_ops.c.obj
[francka:ro] [64/396] Building C object zephyr/CMakeFiles/zephyr.dir/subsys/shell/shell_help.c.obj
[/mnt/host/source/src/platform/ec/build/zephyr/tentacruel-lcov]   /mnt/host/source/src/platform/ec/build/zephyr/tentacruel/build-ro/modules/ec/zephyr/CMakeFiles/ec_shim.dir/shim/src/power.c.gcno:no functions found
[/mnt/host/source/src/platform/ec/build/zephyr/tentacruel-lcov] stderr:
[matsu:ro] [335/377] Building C object CMakeFiles/app.dir/mnt/host/source/src/platform/ec/build/zephyr/matsu/modules/ec/common/button.c.obj
[francka:rw] [40/396] Building C object zephyr/CMakeFiles/zephyr.dir/subsys/pm/policy/policy_events.c.obj
[/mnt/host/source/src/platform/ec/build/zephyr/tentacruel-lcov]   /mnt/host/source/src/platform/ec/build/zephyr/tentacruel/build-ro/modules/ec/zephyr/CMakeFiles/ec_shim.dir/shim/src/thermal.c.gcno:no functions found
[/mnt/host/source/src/platform/ec/build/zephyr/tentacruel-lcov] stderr:
[matsu:ro] [336/377] Building C object CMakeFiles/app.dir/mnt/host/source/src/platform/ec/build/zephyr/matsu/modules/ec/common/vstore.c.obj
[matsu:ro] [337/377] Building C object CMakeFiles/app.dir/mnt/host/source/src/platform/ec/build/zephyr/matsu/modules/ec/common/vboot/efs2.c.obj
[matsu:ro] [338/377] Building C object CMakeFiles/app.dir/mnt/host/source/src/platform/ec/build/zephyr/matsu/modules/ec/common/math_util.c.obj
[matsu:ro] [339/377] Linking C static library modules/ec/zephyr/libec_shim.a
[francka:ro] [65/396] Building C object zephyr/arch/common/CMakeFiles/arch__common.dir/init.c.obj
[/mnt/host/source/src/platform/ec/build/zephyr/tentacruel-lcov]   /mnt/host/source/src/platform/ec/build/zephyr/tentacruel/build-ro/modules/ec/zephyr/CMakeFiles/ec_shim.dir/shim/src/battery.c.gcno:no functions found
[/mnt/host/source/src/platform/ec/build/zephyr/tentacruel-lcov] stderr:
[francka:ro] [66/396] Building C object zephyr/CMakeFiles/zephyr.dir/subsys/shell/shell_history.c.obj
[moonstone:ro] -- Found Dtc: /usr/bin/dtc (found suitable version "1.6.0", minimum required is "1.4.6")
[moonstone:ro] -- Found BOARD.dts: /mnt/host/source/src/platform/ec/zephyr/boards/google/it8xxx2/it8xxx2_it82002aw.dts
[francka:rw] [41/396] Building C object zephyr/CMakeFiles/zephyr.dir/subsys/pm/policy/policy_latency.c.obj
[francka:ro] [67/396] Building C object zephyr/CMakeFiles/zephyr.dir/drivers/flash/flash_util.c.obj
[/mnt/host/source/src/platform/ec/build/zephyr/tentacruel-lcov]   /mnt/host/source/src/platform/ec/build/zephyr/tentacruel/build-ro/modules/ec/zephyr/CMakeFiles/ec_shim.dir/shim/src/charger.c.gcno:no functions found
[/mnt/host/source/src/platform/ec/build/zephyr/tentacruel-lcov] stderr:
[francka:ro] [68/396] Building C object zephyr/arch/common/CMakeFiles/arch__common.dir/sw_isr_common.c.obj
[matsu:ro] [340/377] Building C object CMakeFiles/app.dir/matsu/src/suspend_resume.c.obj
[/mnt/host/source/src/platform/ec/build/zephyr/tentacruel-lcov]   /mnt/host/source/src/platform/ec/build/zephyr/tentacruel/build-ro/modules/ec/zephyr/CMakeFiles/ec_shim.dir/shim/src/usb_muxes.c.gcno:no functions found
[/mnt/host/source/src/platform/ec/build/zephyr/tentacruel-lcov] stderr:
[francka:ro] [69/396] Linking C static library zephyr/libzephyr.a
[francka:ro] [70/396] Building C object zephyr/arch/common/CMakeFiles/arch__common.dir/xip.c.obj
[francka:rw] [42/396] Building C object zephyr/CMakeFiles/zephyr.dir/subsys/pm/policy/policy_state_lock.c.obj
[matsu:ro] [341/377] Building C object CMakeFiles/app.dir/matsu/src/board_power.c.obj
[francka:ro] [71/396] Building ASM object zephyr/arch/arch/arm/core/CMakeFiles/arch__arm__core.dir/nmi_on_reset.S.obj
[matsu:ro] [342/377] Building C object CMakeFiles/app.dir/matsu/src/touch_panel.c.obj
[xivu:rw] -- Found Dtc: /usr/bin/dtc (found suitable version "1.6.0", minimum required is "1.4.6")
[xivu:rw] -- Found BOARD.dts: /mnt/host/source/src/platform/ec/zephyr/boards/google/npcx9/npcx9_npcx9m3f.dts
[xivu:rw] -- Found devicetree overlay: /mnt/host/source/src/platform/ec/zephyr/program/nissa/xivu/project.overlay
[matsu:ro] [343/377] Building C object zephyr/kernel/CMakeFiles/kernel.dir/banner.c.obj
[matsu:ro] [344/377] Building C object zephyr/kernel/CMakeFiles/kernel.dir/main_weak.c.obj
[matsu:ro] [345/377] Building C object CMakeFiles/app.dir/matsu/src/keyboard_customization.c.obj
[francka:ro] [72/396] Building C object zephyr/arch/common/CMakeFiles/isr_tables.dir/isr_tables.c.obj
[matsu:ro] [346/377] Linking C static library app/libapp.a
[francka:ro] [73/396] Linking C static library zephyr/arch/common/libisr_tables.a
[francka:ro] [74/396] Linking C static library zephyr/arch/common/libarch__common.a
[francka:rw] [43/396] Building C object zephyr/CMakeFiles/zephyr.dir/subsys/pm/device.c.obj
[matsu:ro] [347/377] Building C object zephyr/kernel/CMakeFiles/kernel.dir/busy_wait.c.obj
[francka:ro] [75/396] Building C object zephyr/arch/arch/arm/core/CMakeFiles/arch__arm__core.dir/fatal.c.obj
[francka:ro] [76/396] Building C object zephyr/arch/arch/arm/core/CMakeFiles/arch__arm__core.dir/nmi.c.obj
[francka:ro] [77/396] Building ASM object zephyr/arch/arch/arm/core/cortex_m/CMakeFiles/arch__arm__core__cortex_m.dir/fault_s.S.obj
[francka:ro] [78/396] Linking C static library zephyr/arch/arch/arm/core/libarch__arm__core.a
[francka:ro] [79/396] Building C object zephyr/arch/arch/arm/core/cortex_m/CMakeFiles/arch__arm__core__cortex_m.dir/exc_exit.c.obj
[matsu:ro] [348/377] Building C object zephyr/kernel/CMakeFiles/kernel.dir/device.c.obj
[/mnt/host/source/src/platform/ec/build/zephyr/tentacruel-lcov]   /mnt/host/source/src/platform/ec/build/zephyr/tentacruel/build-ro/modules/ec/zephyr/CMakeFiles/ec_shim.dir/shim/src/chg_rt9490.c.gcno:no functions found
[/mnt/host/source/src/platform/ec/build/zephyr/tentacruel-lcov] stderr:
[matsu:ro] [349/377] Building C object zephyr/kernel/CMakeFiles/kernel.dir/errno.c.obj
[francka:rw] [44/396] Building C object zephyr/CMakeFiles/zephyr.dir/subsys/pm/device_runtime.c.obj
[francka:ro] [80/396] Building C object zephyr/arch/arch/arm/core/cortex_m/CMakeFiles/arch__arm__core__cortex_m.dir/fault.c.obj
[matsu:ro] [350/377] Building C object zephyr/kernel/CMakeFiles/kernel.dir/version.c.obj
[matsu:ro] [351/377] Building C object zephyr/kernel/CMakeFiles/kernel.dir/fatal.c.obj
[matsu:ro] [352/377] Building C object zephyr/kernel/CMakeFiles/kernel.dir/init.c.obj
[/mnt/host/source/src/platform/ec/build/zephyr/tentacruel-lcov]   /mnt/host/source/src/platform/ec/build/zephyr/tentacruel/build-ro/modules/ec/zephyr/CMakeFiles/ec_shim.dir/shim/src/usba.c.gcno:no functions found
[/mnt/host/source/src/platform/ec/build/zephyr/tentacruel-lcov] stderr:
[matsu:ro] [353/377] Building C object zephyr/kernel/CMakeFiles/kernel.dir/kheap.c.obj
[francka:ro] [81/396] Building ASM object zephyr/arch/arch/arm/core/cortex_m/CMakeFiles/arch__arm__core__cortex_m.dir/vector_table.S.obj
[francka:ro] [82/396] Building ASM object zephyr/arch/arch/arm/core/cortex_m/CMakeFiles/arch__arm__core__cortex_m.dir/reset.S.obj
[francka:rw] [45/396] Building C object zephyr/CMakeFiles/zephyr.dir/subsys/pm/device_system_managed.c.obj
[matsu:ro] [354/377] Building C object zephyr/kernel/CMakeFiles/kernel.dir/mem_slab.c.obj
[francka:ro] [83/396] Building C object zephyr/arch/arch/arm/core/cortex_m/CMakeFiles/arch__arm__core__cortex_m.dir/fpu.c.obj
[matsu:ro] [355/377] Building C object zephyr/kernel/CMakeFiles/kernel.dir/float.c.obj
[francka:ro] [84/396] Building C object zephyr/arch/arch/arm/core/cortex_m/CMakeFiles/arch__arm__core__cortex_m.dir/thread_abort.c.obj
[moonstone:ro] -- Found devicetree overlay: /mnt/host/source/src/platform/ec/zephyr/program/fatcat/moonstone/project.overlay
[moonstone:ro] -- Generated zephyr.dts: /mnt/host/source/src/platform/ec/build/zephyr/moonstone/build-ro/zephyr/zephyr.dts
[moonstone:ro] -- Generated pickled edt: /mnt/host/source/src/platform/ec/build/zephyr/moonstone/build-ro/zephyr/edt.pickle
[matsu:ro] [356/377] Building C object zephyr/kernel/CMakeFiles/kernel.dir/idle.c.obj
[francka:ro] [85/396] Building C object zephyr/arch/arch/arm/core/cortex_m/CMakeFiles/arch__arm__core__cortex_m.dir/scb.c.obj
[/mnt/host/source/src/platform/ec/build/zephyr/tentacruel-lcov]   /mnt/host/source/src/platform/ec/build/zephyr/tentacruel/build-ro/modules/ec/zephyr/CMakeFiles/ec_shim.dir/shim/src/keyscan.c.gcno:no functions found
[/mnt/host/source/src/platform/ec/build/zephyr/tentacruel-lcov] stderr:
[francka:rw] [46/396] Building C object zephyr/CMakeFiles/zephyr.dir/subsys/testsuite/coverage/coverage.c.obj
[matsu:ro] [357/377] Building C object zephyr/kernel/CMakeFiles/kernel.dir/mailbox.c.obj
[matsu:ro] [358/377] Building C object zephyr/kernel/CMakeFiles/kernel.dir/msg_q.c.obj
[moonstone:ro] -- Generated devicetree_generated.h: /mnt/host/source/src/platform/ec/build/zephyr/moonstone/build-ro/zephyr/include/generated/zephyr/devicetree_generated.h
[francka:ro] [86/396] Building C object zephyr/arch/arch/arm/core/cortex_m/CMakeFiles/arch__arm__core__cortex_m.dir/irq_manage.c.obj
[francka:ro] [87/396] Building ASM object zephyr/arch/arch/arm/core/cortex_m/CMakeFiles/arch__arm__core__cortex_m.dir/swap_helper.S.obj
[matsu:ro] [359/377] Building C object zephyr/kernel/CMakeFiles/kernel.dir/sem.c.obj
[francka:rw] [47/396] Building C object zephyr/CMakeFiles/zephyr.dir/subsys/tracing/tracing_none.c.obj
[matsu:ro] [360/377] Building C object zephyr/kernel/CMakeFiles/kernel.dir/mutex.c.obj
[matsu:ro] [361/377] Building C object zephyr/kernel/CMakeFiles/kernel.dir/stack.c.obj
[matsu:ro] [362/377] Building C object zephyr/kernel/CMakeFiles/kernel.dir/queue.c.obj
[francka:ro] [88/396] Building C object zephyr/arch/arch/arm/core/cortex_m/CMakeFiles/arch__arm__core__cortex_m.dir/prep_c.c.obj
[francka:ro] [89/396] Building C object zephyr/arch/arch/arm/core/cortex_m/CMakeFiles/arch__arm__core__cortex_m.dir/thread.c.obj
[francka:ro] [90/396] Building C object zephyr/arch/arch/arm/core/cortex_m/CMakeFiles/arch__arm__core__cortex_m.dir/cpu_idle.c.obj
[xivu:rw] -- Generated zephyr.dts: /mnt/host/source/src/platform/ec/build/zephyr/xivu/build-rw/zephyr/zephyr.dts
[xivu:rw] -- Generated pickled edt: /mnt/host/source/src/platform/ec/build/zephyr/xivu/build-rw/zephyr/edt.pickle
[francka:rw] [48/396] Building C object zephyr/CMakeFiles/zephyr.dir/subsys/shell/modules/kernel_service/kernel_shell.c.obj
[matsu:ro] [363/377] Building C object zephyr/kernel/CMakeFiles/kernel.dir/system_work_q.c.obj
[matsu:ro] [364/377] Building C object zephyr/kernel/CMakeFiles/kernel.dir/work.c.obj
[matsu:ro] [365/377] Building C object zephyr/kernel/CMakeFiles/kernel.dir/condvar.c.obj
[francka:ro] [91/396] Building C object zephyr/arch/arch/arm/core/cortex_m/CMakeFiles/arch__arm__core__cortex_m.dir/irq_init.c.obj
[francka:ro] [92/396] Building C object zephyr/arch/arch/arm/core/cortex_m/CMakeFiles/arch__arm__core__cortex_m.dir/isr_wrapper.c.obj
[francka:ro] [93/396] Generating ../../../include/generated/libc/minimal/strerror_table.h
[francka:ro] [94/396] Linking C static library zephyr/arch/arch/arm/core/cortex_m/libarch__arm__core__cortex_m.a
[francka:rw] [49/396] Building C object zephyr/CMakeFiles/zephyr.dir/subsys/shell/modules/kernel_service/cycles.c.obj
[francka:ro] [95/396] Building C object zephyr/arch/arch/arm/core/mpu/CMakeFiles/arch__arm__core__mpu.dir/arm_core_mpu.c.obj
[matsu:ro] [366/377] Building C object zephyr/kernel/CMakeFiles/kernel.dir/pipe.c.obj
[matsu:ro] [367/377] Building C object zephyr/kernel/CMakeFiles/kernel.dir/thread.c.obj
[francka:ro] [96/396] Building C object zephyr/lib/libc/minimal/CMakeFiles/lib__libc__minimal.dir/source/stdlib/atoi.c.obj
[xivu:rw] -- Generated devicetree_generated.h: /mnt/host/source/src/platform/ec/build/zephyr/xivu/build-rw/zephyr/include/generated/zephyr/devicetree_generated.h
[francka:ro] [97/396] Building C object zephyr/arch/arch/arm/core/mpu/CMakeFiles/arch__arm__core__mpu.dir/arm_mpu_regions.c.obj
[francka:ro] [98/396] Building C object zephyr/lib/libc/minimal/CMakeFiles/lib__libc__minimal.dir/source/stdlib/strtol.c.obj
[matsu:ro] [368/377] Building C object zephyr/kernel/CMakeFiles/kernel.dir/spinlock_validate.c.obj
[francka:ro] [99/396] Building C object zephyr/lib/libc/minimal/CMakeFiles/lib__libc__minimal.dir/source/stdlib/strtoul.c.obj
[francka:ro] [100/396] Building C object zephyr/arch/arch/arm/core/mpu/CMakeFiles/arch__arm__core__mpu.dir/arm_mpu.c.obj
[francka:rw] [50/396] Building C object zephyr/CMakeFiles/zephyr.dir/subsys/shell/modules/kernel_service/sleep.c.obj
[francka:ro] [101/396] Building C object zephyr/lib/libc/minimal/CMakeFiles/lib__libc__minimal.dir/source/stdlib/strtoll.c.obj
[francka:ro] [102/396] Linking C static library zephyr/arch/arch/arm/core/mpu/libarch__arm__core__mpu.a
[moonstone:ro] /mnt/host/source/src/platform/ec/build/zephyr/moonstone/build-ro/zephyr/zephyr.dts:1317.27-2009.5: Warning (avoid_unnecessary_addr_size): /soc/pin-controller: unnecessary #address-cells/#size-cells without "ranges" or child "reg" property
[francka:ro] [103/396] Building C object zephyr/lib/libc/minimal/CMakeFiles/lib__libc__minimal.dir/source/stdlib/strtoull.c.obj
[francka:ro] [104/396] Building C object zephyr/lib/libc/minimal/CMakeFiles/lib__libc__minimal.dir/source/stdlib/bsearch.c.obj
[matsu:ro] [369/377] Building C object zephyr/kernel/CMakeFiles/kernel.dir/sched.c.obj
[francka:ro] [105/396] Building C object zephyr/lib/libc/minimal/CMakeFiles/lib__libc__minimal.dir/source/string/strstr.c.obj
[francka:ro] [106/396] Building C object zephyr/lib/libc/minimal/CMakeFiles/lib__libc__minimal.dir/source/string/strncasecmp.c.obj
[francka:ro] [107/396] Building C object zephyr/lib/libc/minimal/CMakeFiles/lib__libc__minimal.dir/source/stdlib/qsort.c.obj
[matsu:ro] [370/377] Building C object zephyr/kernel/CMakeFiles/kernel.dir/thread_monitor.c.obj
[francka:ro] [108/396] Building C object zephyr/lib/libc/minimal/CMakeFiles/lib__libc__minimal.dir/source/string/strerror.c.obj
[francka:ro] [109/396] Building C object zephyr/lib/libc/minimal/CMakeFiles/lib__libc__minimal.dir/source/string/strspn.c.obj
[matsu:ro] [371/377] Building C object zephyr/kernel/CMakeFiles/kernel.dir/timeout.c.obj
[francka:ro] [110/396] Building C object zephyr/lib/libc/minimal/CMakeFiles/lib__libc__minimal.dir/source/string/string.c.obj
[francka:rw] [51/396] Building C object zephyr/CMakeFiles/zephyr.dir/subsys/shell/modules/kernel_service/uptime.c.obj
[xivu:ro] Configuring.
Running `env -i PYTHONPATH=/usr/lib64/python-exec/python3.11:/mnt/host/source/src/platform/ec/zephyr/zmake:/usr/lib/python311.zip:/usr/lib/python3.11:/usr/lib/python3.11/lib-dynload:/usr/lib/python3.11/site-packages PW_PIGWEED_CIPD_INSTALL_DIR=/usr CROSTC_USER_ACKNOWLEDGES_THAT_RISCV_IS_EXPERIMENTAL=1 PATH=/mnt/host/source/chromite/bin:/usr/local/bin:/usr/bin:/bin:/opt/bin:/mnt/host/source/chromite/sdk/bin:/mnt/host/source/chromite/bin HOME=/home/jpmurphy JAVA_HOME=/etc/java-config-2/current-system-vm JDK_HOME=/etc/java-config-2/current-system-vm JAVAC=/etc/java-config-2/current-system-vm/bin/javac MAKEFLAGS=' -j16 --jobserver-auth=5,6' /usr/bin/cmake -S /mnt/host/source/src/platform/ec/zephyr/program/nissa -B /mnt/host/source/src/platform/ec/build/zephyr/xivu/build-ro -GNinja -DCMAKE_EXPORT_COMPILE_COMMANDS=ON -DZEPHYR_BASE=/mnt/host/source/src/third_party/zephyr/main -DZMAKE_INCLUDE_DIR=/mnt/host/source/src/platform/ec/build/zephyr/xivu/include -DPython3_EXECUTABLE=/usr/bin/python3.11 -DDTS_ROOT=/mnt/host/source/src/platform/ec/zephyr -DSYSCALL_INCLUDE_DIRS=/mnt/host/source/src/platform/ec/zephyr/include/drivers -DUSER_CACHE_DIR=/mnt/host/source/src/platform/ec/build/zephyr/user-cache '-DEXTRA_EC_VERSION_FLAGS=--version 16543.0.0 --static' -DTOOLCHAIN_ROOT=/mnt/host/source/src/platform/ec/zephyr -DCOREBOOT_SDK_ROOT_x86=/home/jpmurphy/.cache/coreboot-sdk/i386-elf/dfbb0486385d938cfa9d73080b9d18d598ed4f49 -DCOREBOOT_SDK_ROOT_picolibc_x86=/home/jpmurphy/.cache/coreboot-sdk/picolibc-i386-elf/eb8e8e687b95461de8cbf278f1c2076952d0ad17 -DCOREBOOT_SDK_ROOT_riscv64=/home/jpmurphy/.cache/coreboot-sdk/riscv64-elf/96b949749225b6aaa92ed810ab769e8dfb12f000 -DCOREBOOT_SDK_ROOT_picolibc_arm=/home/jpmurphy/.cache/coreboot-sdk/picolibc-arm-eabi/422a2aa3e1ef891b5bece9a3deb696ff83840d2e -DCOREBOOT_SDK_ROOT_nds32=/home/jpmurphy/.cache/coreboot-sdk/nds32le-elf/d1a518c4a097666d86058e1444f85ca015d15511 -DCOREBOOT_SDK_ROOT_picolibc_riscv64=/home/jpmurphy/.cache/coreboot-sdk/picolibc-riscv64-elf/f571e990ef0278564b31124f8bb109d9a697eb69 -DCOREBOOT_SDK_ROOT_arm=/home/jpmurphy/.cache/coreboot-sdk/arm-eabi/ea40ddd1d190c3b48435c474c0b545719371813a -DCOREBOOT_SDK_ROOT_libstdcxx_riscv64=/home/jpmurphy/.cache/coreboot-sdk/libstdcxx-riscv64-elf/17abf22a3a252e2d5d2062ced5324f7a623689e0 -DCOREBOOT_SDK_ROOT_libstdcxx_arm=/home/jpmurphy/.cache/coreboot-sdk/libstdcxx-arm-eabi/5d7d82e150e44aa1968f1d366e267e6687b328ac -DCOREBOOT_SDK_ROOT_riscv=/home/jpmurphy/.cache/coreboot-sdk/riscv-elf/9a27b9e82341c6e9126624f516ab3f261abb3e73 -DCOREBOOT_SDK_ROOT_libstdcxx_x86=/home/jpmurphy/.cache/coreboot-sdk/libstdcxx-i386-elf/42ef9d2e87a76a37963175d7d428734e65648b87 -DZEPHYR_TOOLCHAIN_VARIANT=coreboot-sdk '-DZEPHYR_MODULES=/mnt/host/source/src/platform/ec/build/zephyr/xivu/modules/cmsis;/mnt/host/source/src/platform/ec/build/zephyr/xivu/modules/cmsis_6;/mnt/host/source/src/platform/ec/build/zephyr/xivu/modules/ec' -DDTC_OVERLAY_FILE=/mnt/host/source/src/platform/ec/zephyr/program/nissa/xivu/project.overlay -DBOARD=npcx9/npcx9m3f -DCMAKE_C_FLAGS=-DSECTION_IS_RO '-DCONF_FILE=/mnt/host/source/src/platform/ec/zephyr/program/nissa/program.conf;/mnt/host/source/src/platform/ec/zephyr/program/nissa/npcx_program.conf;/mnt/host/source/src/platform/ec/zephyr/program/nissa/xivu/project.conf;/mnt/host/source/src/platform/ec/build/zephyr/xivu/kconfig-ro.conf'`
[matsu:ro] [372/377] Building C object zephyr/kernel/CMakeFiles/kernel.dir/poll.c.obj
[xivu:ro] Loading Zephyr default modules (Zephyr base (cached)).
[xivu:ro] -- Application: /mnt/host/source/src/platform/ec/zephyr/program/nissa
[xivu:ro] -- CMake version: 3.31.7
Running (initial) lcov on /mnt/host/source/src/platform/ec/build/zephyr/sapphire.
[matsu:ro] [373/377] Building C object zephyr/kernel/CMakeFiles/kernel.dir/timer.c.obj
Toolchain <zmake.toolchains.CorebootSdkToolchain object at 0x7f4143000fd0> selected by probe function.
[npcx-aic] Building in /mnt/host/source/src/platform/ec/build/zephyr/npcx-aic.
[matsu:ro] [374/377] Building C object zephyr/kernel/CMakeFiles/kernel.dir/events.c.obj
[npcx-aic:ro] Configuring.
Running `env -i PYTHONPATH=/usr/lib64/python-exec/python3.11:/mnt/host/source/src/platform/ec/zephyr/zmake:/usr/lib/python311.zip:/usr/lib/python3.11:/usr/lib/python3.11/lib-dynload:/usr/lib/python3.11/site-packages PW_PIGWEED_CIPD_INSTALL_DIR=/usr CROSTC_USER_ACKNOWLEDGES_THAT_RISCV_IS_EXPERIMENTAL=1 PATH=/mnt/host/source/chromite/bin:/usr/local/bin:/usr/bin:/bin:/opt/bin:/mnt/host/source/chromite/sdk/bin:/mnt/host/source/chromite/bin HOME=/home/jpmurphy JAVA_HOME=/etc/java-config-2/current-system-vm JDK_HOME=/etc/java-config-2/current-system-vm JAVAC=/etc/java-config-2/current-system-vm/bin/javac MAKEFLAGS=' -j16 --jobserver-auth=5,6' /usr/bin/cmake -S /mnt/host/source/src/platform/ec/zephyr/program/ec-aic -B /mnt/host/source/src/platform/ec/build/zephyr/npcx-aic/build-ro -GNinja -DCMAKE_EXPORT_COMPILE_COMMANDS=ON -DZEPHYR_BASE=/mnt/host/source/src/third_party/zephyr/main -DZMAKE_INCLUDE_DIR=/mnt/host/source/src/platform/ec/build/zephyr/npcx-aic/include -DPython3_EXECUTABLE=/usr/bin/python3.11 -DDTS_ROOT=/mnt/host/source/src/platform/ec/zephyr -DSYSCALL_INCLUDE_DIRS=/mnt/host/source/src/platform/ec/zephyr/include/drivers -DUSER_CACHE_DIR=/mnt/host/source/src/platform/ec/build/zephyr/user-cache '-DEXTRA_EC_VERSION_FLAGS=--version 16543.0.0 --static' -DTOOLCHAIN_ROOT=/mnt/host/source/src/platform/ec/zephyr -DCOREBOOT_SDK_ROOT_x86=/home/jpmurphy/.cache/coreboot-sdk/i386-elf/dfbb0486385d938cfa9d73080b9d18d598ed4f49 -DCOREBOOT_SDK_ROOT_picolibc_x86=/home/jpmurphy/.cache/coreboot-sdk/picolibc-i386-elf/eb8e8e687b95461de8cbf278f1c2076952d0ad17 -DCOREBOOT_SDK_ROOT_riscv64=/home/jpmurphy/.cache/coreboot-sdk/riscv64-elf/96b949749225b6aaa92ed810ab769e8dfb12f000 -DCOREBOOT_SDK_ROOT_picolibc_arm=/home/jpmurphy/.cache/coreboot-sdk/picolibc-arm-eabi/422a2aa3e1ef891b5bece9a3deb696ff83840d2e -DCOREBOOT_SDK_ROOT_nds32=/home/jpmurphy/.cache/coreboot-sdk/nds32le-elf/d1a518c4a097666d86058e1444f85ca015d15511 -DCOREBOOT_SDK_ROOT_picolibc_riscv64=/home/jpmurphy/.cache/coreboot-sdk/picolibc-riscv64-elf/f571e990ef0278564b31124f8bb109d9a697eb69 -DCOREBOOT_SDK_ROOT_arm=/home/jpmurphy/.cache/coreboot-sdk/arm-eabi/ea40ddd1d190c3b48435c474c0b545719371813a -DCOREBOOT_SDK_ROOT_libstdcxx_riscv64=/home/jpmurphy/.cache/coreboot-sdk/libstdcxx-riscv64-elf/17abf22a3a252e2d5d2062ced5324f7a623689e0 -DCOREBOOT_SDK_ROOT_libstdcxx_arm=/home/jpmurphy/.cache/coreboot-sdk/libstdcxx-arm-eabi/5d7d82e150e44aa1968f1d366e267e6687b328ac -DCOREBOOT_SDK_ROOT_riscv=/home/jpmurphy/.cache/coreboot-sdk/riscv-elf/9a27b9e82341c6e9126624f516ab3f261abb3e73 -DCOREBOOT_SDK_ROOT_libstdcxx_x86=/home/jpmurphy/.cache/coreboot-sdk/libstdcxx-i386-elf/42ef9d2e87a76a37963175d7d428734e65648b87 -DZEPHYR_TOOLCHAIN_VARIANT=coreboot-sdk '-DZEPHYR_MODULES=/mnt/host/source/src/platform/ec/build/zephyr/npcx-aic/modules/cmsis;/mnt/host/source/src/platform/ec/build/zephyr/npcx-aic/modules/cmsis_6;/mnt/host/source/src/platform/ec/build/zephyr/npcx-aic/modules/ec' -DDTC_OVERLAY_FILE=/mnt/host/source/src/platform/ec/zephyr/program/ec-aic/npcx-aic/project.overlay -DBOARD=npcx9/npcx9m7f -DCMAKE_C_FLAGS=-DSECTION_IS_RO '-DCONF_FILE=/mnt/host/source/src/platform/ec/zephyr/program/ec-aic/program.conf;/mnt/host/source/src/platform/ec/zephyr/program/ec-aic/npcx-aic/project.conf;/mnt/host/source/src/platform/ec/build/zephyr/npcx-aic/kconfig-ro.conf'`
[npcx-aic:ro] Loading Zephyr default modules (Zephyr base (cached)).
[npcx-aic:ro] -- Application: /mnt/host/source/src/platform/ec/zephyr/program/ec-aic
[npcx-aic:ro] -- CMake version: 3.31.7
[francka:ro] [111/396] Building C object zephyr/lib/libc/minimal/CMakeFiles/lib__libc__minimal.dir/source/math/sqrtf.c.obj
[francka:rw] [52/396] Building C object zephyr/CMakeFiles/zephyr.dir/subsys/shell/modules/kernel_service/version.c.obj
[francka:ro] [112/396] Building C object zephyr/lib/libc/minimal/CMakeFiles/lib__libc__minimal.dir/source/stdlib/exit.c.obj
[matsu:ro] [375/377] Building C object zephyr/kernel/CMakeFiles/kernel.dir/mempool.c.obj
[francka:ro] [113/396] Building C object zephyr/lib/libc/minimal/CMakeFiles/lib__libc__minimal.dir/source/math/sqrt.c.obj
Running `env -i PYTHONPATH=/usr/lib64/python-exec/python3.11:/mnt/host/source/src/platform/ec/zephyr/zmake:/usr/lib/python311.zip:/usr/lib/python3.11:/usr/lib/python3.11/lib-dynload:/usr/lib/python3.11/site-packages PW_PIGWEED_CIPD_INSTALL_DIR=/usr CROSTC_USER_ACKNOWLEDGES_THAT_RISCV_IS_EXPERIMENTAL=1 PATH=/mnt/host/source/chromite/bin:/usr/local/bin:/usr/bin:/bin:/opt/bin:/mnt/host/source/chromite/sdk/bin:/mnt/host/source/chromite/bin HOME=/home/jpmurphy JAVA_HOME=/etc/java-config-2/current-system-vm JDK_HOME=/etc/java-config-2/current-system-vm JAVAC=/etc/java-config-2/current-system-vm/bin/javac MAKEFLAGS=' -j16 --jobserver-auth=5,6' /usr/bin/lcov --gcov-tool /mnt/host/source/src/platform/ec/build/zephyr/sapphire/build-rw/gcov.sh -q -o - -c -d /mnt/host/source/src/platform/ec/build/zephyr/sapphire -t sapphire --rc branch_coverage=1 --filter range --ignore-errors inconsistent,source --ignore-errors gcov,gcov -i`
[xivu:ro] -- Found Python3: /usr/bin/python3.11 (found suitable version "3.11.11", minimum required is "3.10") found components: Interpreter
[xivu:ro] -- Cache files will be written to: /mnt/host/source/src/platform/ec/build/zephyr/user-cache
[matsu:ro] [376/377] Building C object zephyr/kernel/CMakeFiles/kernel.dir/dynamic_disabled.c.obj
[rull:rw] Configuring.
Running `env -i PYTHONPATH=/usr/lib64/python-exec/python3.11:/mnt/host/source/src/platform/ec/zephyr/zmake:/usr/lib/python311.zip:/usr/lib/python3.11:/usr/lib/python3.11/lib-dynload:/usr/lib/python3.11/site-packages PW_PIGWEED_CIPD_INSTALL_DIR=/usr CROSTC_USER_ACKNOWLEDGES_THAT_RISCV_IS_EXPERIMENTAL=1 PATH=/mnt/host/source/chromite/bin:/usr/local/bin:/usr/bin:/bin:/opt/bin:/mnt/host/source/chromite/sdk/bin:/mnt/host/source/chromite/bin HOME=/home/jpmurphy JAVA_HOME=/etc/java-config-2/current-system-vm JDK_HOME=/etc/java-config-2/current-system-vm JAVAC=/etc/java-config-2/current-system-vm/bin/javac MAKEFLAGS=' -j16 --jobserver-auth=5,6' /usr/bin/cmake -S /mnt/host/source/src/platform/ec/zephyr/program/nissa -B /mnt/host/source/src/platform/ec/build/zephyr/rull/build-rw -GNinja -DCMAKE_EXPORT_COMPILE_COMMANDS=ON -DZEPHYR_BASE=/mnt/host/source/src/third_party/zephyr/main -DZMAKE_INCLUDE_DIR=/mnt/host/source/src/platform/ec/build/zephyr/rull/include -DPython3_EXECUTABLE=/usr/bin/python3.11 -DDTS_ROOT=/mnt/host/source/src/platform/ec/zephyr -DSYSCALL_INCLUDE_DIRS=/mnt/host/source/src/platform/ec/zephyr/include/drivers -DUSER_CACHE_DIR=/mnt/host/source/src/platform/ec/build/zephyr/user-cache '-DEXTRA_EC_VERSION_FLAGS=--version 16543.0.0 --static' -DTOOLCHAIN_ROOT=/mnt/host/source/src/platform/ec/zephyr -DCOREBOOT_SDK_ROOT_x86=/home/jpmurphy/.cache/coreboot-sdk/i386-elf/dfbb0486385d938cfa9d73080b9d18d598ed4f49 -DCOREBOOT_SDK_ROOT_picolibc_x86=/home/jpmurphy/.cache/coreboot-sdk/picolibc-i386-elf/eb8e8e687b95461de8cbf278f1c2076952d0ad17 -DCOREBOOT_SDK_ROOT_riscv64=/home/jpmurphy/.cache/coreboot-sdk/riscv64-elf/96b949749225b6aaa92ed810ab769e8dfb12f000 -DCOREBOOT_SDK_ROOT_picolibc_arm=/home/jpmurphy/.cache/coreboot-sdk/picolibc-arm-eabi/422a2aa3e1ef891b5bece9a3deb696ff83840d2e -DCOREBOOT_SDK_ROOT_nds32=/home/jpmurphy/.cache/coreboot-sdk/nds32le-elf/d1a518c4a097666d86058e1444f85ca015d15511 -DCOREBOOT_SDK_ROOT_picolibc_riscv64=/home/jpmurphy/.cache/coreboot-sdk/picolibc-riscv64-elf/f571e990ef0278564b31124f8bb109d9a697eb69 -DCOREBOOT_SDK_ROOT_arm=/home/jpmurphy/.cache/coreboot-sdk/arm-eabi/ea40ddd1d190c3b48435c474c0b545719371813a -DCOREBOOT_SDK_ROOT_libstdcxx_riscv64=/home/jpmurphy/.cache/coreboot-sdk/libstdcxx-riscv64-elf/17abf22a3a252e2d5d2062ced5324f7a623689e0 -DCOREBOOT_SDK_ROOT_libstdcxx_arm=/home/jpmurphy/.cache/coreboot-sdk/libstdcxx-arm-eabi/5d7d82e150e44aa1968f1d366e267e6687b328ac -DCOREBOOT_SDK_ROOT_riscv=/home/jpmurphy/.cache/coreboot-sdk/riscv-elf/9a27b9e82341c6e9126624f516ab3f261abb3e73 -DCOREBOOT_SDK_ROOT_libstdcxx_x86=/home/jpmurphy/.cache/coreboot-sdk/libstdcxx-i386-elf/42ef9d2e87a76a37963175d7d428734e65648b87 -DZEPHYR_TOOLCHAIN_VARIANT=coreboot-sdk -DZEPHYR_MODULES=/mnt/host/source/src/platform/ec/build/zephyr/rull/modules/ec -DDTC_OVERLAY_FILE=/mnt/host/source/src/platform/ec/zephyr/program/nissa/rull/project.overlay -DBOARD=it8xxx2/it81302bx -DCMAKE_C_FLAGS=-DSECTION_IS_RW '-DCONF_FILE=/mnt/host/source/src/platform/ec/zephyr/program/nissa/program.conf;/mnt/host/source/src/platform/ec/zephyr/program/nissa/it8xxx2_program.conf;/mnt/host/source/src/platform/ec/zephyr/program/nissa/rull/project.conf;/mnt/host/source/src/platform/ec/build/zephyr/rull/kconfig-rw.conf'`
[xivu:ro] -- Zephyr version: 4.3.99 (/mnt/host/source/src/third_party/zephyr/main)
[francka:ro] [114/396] Building C object zephyr/lib/libc/minimal/CMakeFiles/lib__libc__minimal.dir/source/stdout/sprintf.c.obj
[rull:rw] Loading Zephyr default modules (Zephyr base (cached)).
[rull:rw] -- Application: /mnt/host/source/src/platform/ec/zephyr/program/nissa
[rull:rw] -- CMake version: 3.31.7
[francka:ro] [115/396] Building C object zephyr/lib/libc/minimal/CMakeFiles/lib__libc__minimal.dir/source/stdout/stdout_console.c.obj
[francka:ro] [116/396] Building C object zephyr/lib/libc/minimal/CMakeFiles/lib__libc__minimal.dir/source/stdout/fprintf.c.obj
[npcx-aic:ro] -- Found Python3: /usr/bin/python3.11 (found suitable version "3.11.11", minimum required is "3.10") found components: Interpreter
[npcx-aic:ro] -- Cache files will be written to: /mnt/host/source/src/platform/ec/build/zephyr/user-cache
[matsu:ro] [377/377] Linking C static library zephyr/kernel/libkernel.a
[npcx-aic:ro] -- Zephyr version: 4.3.99 (/mnt/host/source/src/third_party/zephyr/main)
[/mnt/host/source/src/platform/ec/build/zephyr/tentacruel-lcov]   /mnt/host/source/src/platform/ec/build/zephyr/tentacruel/build-ro/modules/ec/zephyr/CMakeFiles/ec_shim.dir/shim/src/bc12.c.gcno:no functions found
[/mnt/host/source/src/platform/ec/build/zephyr/tentacruel-lcov] stderr:
[francka:ro] [117/396] Building C object zephyr/lib/libc/common/CMakeFiles/lib__libc__common.dir/source/time/gmtime_r.c.obj
[francka:ro] [118/396] Building C object zephyr/lib/libc/common/CMakeFiles/lib__libc__common.dir/source/time/asctime.c.obj
[francka:rw] [53/396] Building C object zephyr/CMakeFiles/zephyr.dir/subsys/shell/modules/kernel_service/thread/thread.c.obj
[francka:ro] [119/396] Building C object zephyr/lib/libc/common/CMakeFiles/lib__libc__common.dir/source/time/localtime_r_utc.c.obj
[francka:ro] [120/396] Building C object zephyr/lib/libc/common/CMakeFiles/lib__libc__common.dir/source/time/ctime.c.obj
[rull:rw] -- Found Python3: /usr/bin/python3.11 (found suitable version "3.11.11", minimum required is "3.10") found components: Interpreter
[rull:rw] -- Cache files will be written to: /mnt/host/source/src/platform/ec/build/zephyr/user-cache
[rull:rw] -- Zephyr version: 4.3.99 (/mnt/host/source/src/third_party/zephyr/main)
[francka:ro] [121/396] Building C object zephyr/lib/libc/common/CMakeFiles/lib__libc__common.dir/source/time/time.c.obj
[francka:ro] [122/396] Building C object zephyr/lib/libc/common/CMakeFiles/lib__libc__common.dir/source/string/strnlen.c.obj
[francka:ro] [123/396] Building C object zephyr/lib/libc/minimal/CMakeFiles/lib__libc__minimal.dir/source/time/gmtime.c.obj
[francka:ro] [124/396] Building C object zephyr/lib/posix/c_lib_ext/CMakeFiles/lib__posix__c_lib_ext.dir/fnmatch.c.obj
[francka:ro] [125/396] Building C object zephyr/lib/libc/common/CMakeFiles/lib__libc__common.dir/source/stdlib/abort.c.obj
[francka:ro] [126/396] Linking C static library zephyr/lib/libc/minimal/liblib__libc__minimal.a
[francka:rw] [54/396] Building C object zephyr/CMakeFiles/zephyr.dir/subsys/shell/modules/kernel_service/thread/list.c.obj
[francka:rw] [55/396] Building C object zephyr/CMakeFiles/zephyr.dir/subsys/shell/modules/kernel_service/thread/stacks.c.obj
[francka:ro] [127/396] Building C object zephyr/subsys/crc/CMakeFiles/subsys__crc.dir/crc4_sw.c.obj
[francka:ro] [128/396] Building C object zephyr/subsys/crc/CMakeFiles/subsys__crc.dir/crc8_sw.c.obj
[/mnt/host/source/src/platform/ec/build/zephyr/sapphire-lcov] geninfo: WARNING: using JSON module "JSON::PP" - which is much slower than some alternatives.  Consider installing one of JSON::XS or Cpanel::JSON::XS
[francka:ro] [129/396] Building C object zephyr/subsys/crc/CMakeFiles/subsys__crc.dir/crc16_sw.c.obj
[francka:ro] [130/396] Building C object zephyr/subsys/crc/CMakeFiles/subsys__crc.dir/crc7_sw.c.obj
[francka:ro] [131/396] Building C object zephyr/lib/libc/common/CMakeFiles/lib__libc__common.dir/source/stdlib/malloc.c.obj
[francka:ro] [132/396] Building C object zephyr/subsys/crc/CMakeFiles/subsys__crc.dir/crc24_sw.c.obj
[francka:rw] [56/396] Building C object zephyr/CMakeFiles/zephyr.dir/subsys/shell/modules/kernel_service/thread/suspend.c.obj
[francka:ro] [133/396] Building C object zephyr/subsys/crc/CMakeFiles/subsys__crc.dir/crc32c_sw.c.obj
[francka:ro] [134/396] Linking C static library zephyr/lib/libc/common/liblib__libc__common.a
[francka:ro] [135/396] Building C object zephyr/subsys/crc/CMakeFiles/subsys__crc.dir/crc32_sw.c.obj
[francka:ro] [136/396] Building C object zephyr/lib/posix/c_lib_ext/CMakeFiles/lib__posix__c_lib_ext.dir/getentropy.c.obj
[francka:ro] [137/396] Building C object zephyr/lib/posix/c_lib_ext/CMakeFiles/lib__posix__c_lib_ext.dir/getopt_shim.c.obj
[francka:ro] [138/396] Building C object zephyr/subsys/crc/CMakeFiles/subsys__crc.dir/crc32k_4_2_sw.c.obj
[francka:ro] [139/396] Linking C static library zephyr/lib/posix/c_lib_ext/liblib__posix__c_lib_ext.a
[xivu:ro] -- Board: npcx9, qualifiers: npcx9m3f
[francka:rw] [57/396] Building C object zephyr/CMakeFiles/zephyr.dir/subsys/shell/modules/kernel_service/thread/resume.c.obj
[francka:ro] [140/396] Building C object zephyr/lib/smf/CMakeFiles/lib__smf.dir/smf.c.obj
[francka:ro] [141/396] Linking C static library zephyr/subsys/crc/libsubsys__crc.a
[francka:ro] [142/396] Linking C static library zephyr/lib/smf/liblib__smf.a
[francka:ro] [143/396] Building C object zephyr/subsys/input/CMakeFiles/subsys__input.dir/input_hid.c.obj
[francka:rw] [58/396] Building C object zephyr/CMakeFiles/zephyr.dir/subsys/shell/modules/kernel_service/thread/kill.c.obj
[npcx-aic:ro] -- Board: npcx9, qualifiers: npcx9m7f
[/mnt/host/source/src/platform/ec/build/zephyr/sapphire-lcov] stderr:
[rull:rw] -- Board: it8xxx2, qualifiers: it81302bx
[francka:ro] [144/396] Building C object zephyr/subsys/input/CMakeFiles/subsys__input.dir/input.c.obj
[francka:rw] [59/396] Building C object zephyr/CMakeFiles/zephyr.dir/subsys/shell/backends/shell_uart.c.obj
[francka:ro] [145/396] Building C object zephyr/subsys/input/CMakeFiles/subsys__input.dir/input_utils.c.obj
[francka:ro] [146/396] Linking C static library zephyr/subsys/input/libsubsys__input.a
[moonstone:ro] /mnt/host/source/src/platform/ec/build/zephyr/moonstone/build-ro/zephyr/zephyr.dts:2808.15-2817.5: Warning (gpios_property): /fans/fan_0: Missing property '#gpio-cells' in node /named-gpios/all_sys_pg or bad phandle (referred from pgood-gpio[0])
[moonstone:ro] /mnt/host/source/src/platform/ec/build/zephyr/moonstone/build-ro/zephyr/zephyr.dts:2808.15-2817.5: Warning (gpios_property): /fans/fan_0: Missing property '#gpio-cells' in node /named-gpios/en_pp5000_fan or bad phandle (referred from enable-gpio[0])
[moonstone:ro] /mnt/host/source/src/platform/ec/build/zephyr/moonstone/build-ro/zephyr/zephyr.dts:2820.15-2829.5: Warning (gpios_property): /fans/fan_1: Missing property '#gpio-cells' in node /named-gpios/all_sys_pg or bad phandle (referred from pgood-gpio[0])
[moonstone:ro] /mnt/host/source/src/platform/ec/build/zephyr/moonstone/build-ro/zephyr/zephyr.dts:2820.15-2829.5: Warning (gpios_property): /fans/fan_1: Missing property '#gpio-cells' in node /named-gpios/en_pp5000_fan or bad phandle (referred from enable-gpio[0])
[moonstone:ro] warning: PLATFORM_EC_LED_COMMON (defined at /mnt/host/source/src/platform/ec/zephyr/Kconfig.led:5)
[moonstone:ro] was assigned the value 'y' but got the value 'n'. Check these unsatisfied dependencies:
[moonstone:ro] (!PLATFORM_EC_LED_DT) (=n). See
[moonstone:ro] http://docs.zephyrproject.org/latest/kconfig.html#CONFIG_PLATFORM_EC_LED_COMMON and/or look up
[moonstone:ro] PLATFORM_EC_LED_COMMON in the menuconfig/guiconfig interface. The Application Development Primer,
[moonstone:ro] Setting Configuration Values, and Kconfig - Tips and Best Practices sections of the manual might be
[moonstone:ro] helpful too.
[moonstone:ro] warning: Deprecated symbol I2C_ALLOW_NO_STOP_TRANSACTIONS is enabled.
[francka:ro] [147/396] Building C object zephyr/drivers/adc/CMakeFiles/drivers__adc.dir/adc_common.c.obj
[francka:ro] [148/396] Building C object zephyr/drivers/interrupt_controller/CMakeFiles/drivers__interrupt_controller.dir/intc_miwu.c.obj
[/mnt/host/source/src/platform/ec/build/zephyr/sapphire-lcov]   /mnt/host/source/src/platform/ec/build/zephyr/sapphire/build-ro/modules/ec/zephyr/CMakeFiles/ec_shim.dir/shim/src/power.c.gcno:no functions found
[/mnt/host/source/src/platform/ec/build/zephyr/sapphire-lcov] stderr:
[francka:ro] [149/396] Linking C static library zephyr/drivers/interrupt_controller/libdrivers__interrupt_controller.a
[francka:ro] [150/396] Building C object zephyr/drivers/bbram/CMakeFiles/drivers__bbram.dir/bbram_npcx.c.obj
[/mnt/host/source/src/platform/ec/build/zephyr/sapphire-lcov]   /mnt/host/source/src/platform/ec/build/zephyr/sapphire/build-ro/modules/ec/zephyr/CMakeFiles/ec_shim.dir/shim/src/thermal.c.gcno:no functions found
[/mnt/host/source/src/platform/ec/build/zephyr/sapphire-lcov] stderr:
[francka:rw] [60/396] Building C object zephyr/CMakeFiles/zephyr.dir/subsys/shell/shell.c.obj
[francka:rw] [61/396] Building C object zephyr/CMakeFiles/zephyr.dir/subsys/shell/shell_fprintf.c.obj
[francka:ro] [151/396] Linking C static library zephyr/drivers/bbram/libdrivers__bbram.a
[francka:ro] [152/396] Building C object zephyr/drivers/adc/CMakeFiles/drivers__adc.dir/adc_npcx.c.obj
[francka:ro] [153/396] Linking C static library zephyr/drivers/adc/libdrivers__adc.a
[/mnt/host/source/src/platform/ec/build/zephyr/sapphire-lcov]   /mnt/host/source/src/platform/ec/build/zephyr/sapphire/build-ro/modules/ec/zephyr/CMakeFiles/ec_shim.dir/shim/src/battery.c.gcno:no functions found
[/mnt/host/source/src/platform/ec/build/zephyr/sapphire-lcov] stderr:
[francka:ro] [154/396] Building C object zephyr/drivers/clock_control/CMakeFiles/drivers__clock_control.dir/clock_control_npcx.c.obj
[francka:rw] [62/396] Building C object zephyr/CMakeFiles/zephyr.dir/subsys/shell/shell_utils.c.obj
[moonstone:ro] Parsing /mnt/host/source/src/platform/ec/zephyr/program/fatcat/Kconfig
[francka:ro] [155/396] Linking C static library zephyr/drivers/clock_control/libdrivers__clock_control.a
[xivu:rw] warning: PLATFORM_EC_LED_COMMON (defined at /mnt/host/source/src/platform/ec/zephyr/Kconfig.led:5)
[xivu:rw] was assigned the value 'y' but got the value 'n'. Check these unsatisfied dependencies:
[xivu:rw] (!PLATFORM_EC_LED_DT) (=n). See
[xivu:rw] http://docs.zephyrproject.org/latest/kconfig.html#CONFIG_PLATFORM_EC_LED_COMMON and/or look up
[xivu:rw] PLATFORM_EC_LED_COMMON in the menuconfig/guiconfig interface. The Application Development Primer,
[xivu:rw] Setting Configuration Values, and Kconfig - Tips and Best Practices sections of the manual might be
[xivu:rw] helpful too.
[xivu:rw] warning: PLATFORM_EC_LED_ONOFF_STATES (defined at
[xivu:rw] /mnt/host/source/src/platform/ec/zephyr/Kconfig.led:157) was assigned the value 'y' but got the
[xivu:rw] value 'n'. Check these unsatisfied dependencies: PLATFORM_EC_LED_COMMON (=n). See
[xivu:rw] http://docs.zephyrproject.org/latest/kconfig.html#CONFIG_PLATFORM_EC_LED_ONOFF_STATES and/or look up
[xivu:rw] PLATFORM_EC_LED_ONOFF_STATES in the menuconfig/guiconfig interface. The Application Development
[xivu:rw] Primer, Setting Configuration Values, and Kconfig - Tips and Best Practices sections of the manual
[xivu:rw] might be helpful too.
[xivu:rw] warning: Deprecated symbol I2C_ALLOW_NO_STOP_TRANSACTIONS is enabled.
[francka:ro] [156/396] Building C object zephyr/drivers/console/CMakeFiles/drivers__console.dir/uart_console.c.obj
[francka:ro] [157/396] Linking C static library zephyr/drivers/console/libdrivers__console.a
[xivu:ro] -- Found Dtc: /usr/bin/dtc (found suitable version "1.6.0", minimum required is "1.4.6")
[xivu:ro] -- Found BOARD.dts: /mnt/host/source/src/platform/ec/zephyr/boards/google/npcx9/npcx9_npcx9m3f.dts
[xivu:ro] -- Found devicetree overlay: /mnt/host/source/src/platform/ec/zephyr/program/nissa/xivu/project.overlay
[francka:ro] [158/396] Building C object zephyr/drivers/espi/CMakeFiles/drivers__espi.dir/espi_npcx.c.obj
[francka:ro] [159/396] Building C object zephyr/drivers/flash/CMakeFiles/drivers__flash.dir/jesd216.c.obj
[francka:rw] [63/396] Building C object zephyr/CMakeFiles/zephyr.dir/subsys/shell/shell_help.c.obj
[francka:ro] [160/396] Building C object zephyr/drivers/espi/CMakeFiles/drivers__espi.dir/host_subs_npcx.c.obj
[francka:rw] [64/396] Building C object zephyr/CMakeFiles/zephyr.dir/subsys/shell/shell_ops.c.obj
[francka:ro] [161/396] Linking C static library zephyr/drivers/espi/libdrivers__espi.a
[francka:rw] [65/396] Building C object zephyr/CMakeFiles/zephyr.dir/subsys/shell/shell_history.c.obj
[xivu:rw] Parsing /mnt/host/source/src/platform/ec/zephyr/program/nissa/Kconfig
[francka:ro] [162/396] Building C object zephyr/drivers/flash/CMakeFiles/drivers__flash.dir/flash_npcx_fiu_nor.c.obj
[npcx-aic:ro] -- Found Dtc: /usr/bin/dtc (found suitable version "1.6.0", minimum required is "1.4.6")
[francka:ro] [163/396] Building C object zephyr/drivers/flash/CMakeFiles/drivers__flash.dir/flash_npcx_fiu_qspi.c.obj
[moonstone:ro] INFOSetting TOOLCHAIN_HAS_PICOLIBC to support full build.
[moonstone:ro] INFOSetting TOOLCHAIN_HAS_NEWLIB to support full build.
[francka:ro] [164/396] Linking C static library zephyr/drivers/flash/libdrivers__flash.a
[rull:rw] -- Found Dtc: /usr/bin/dtc (found suitable version "1.6.0", minimum required is "1.4.6")
[rull:rw] -- Found BOARD.dts: /mnt/host/source/src/platform/ec/zephyr/boards/google/it8xxx2/it8xxx2_it81302bx.dts
[rull:rw] -- Found devicetree overlay: /mnt/host/source/src/platform/ec/zephyr/program/nissa/rull/project.overlay
[moonstone:ro] Loaded configuration '/mnt/host/source/src/platform/ec/zephyr/boards/google/it8xxx2/it8xxx2_it82002aw_defconfig'
[moonstone:ro] Merged configuration '/mnt/host/source/src/platform/ec/zephyr/program/fatcat/program.conf'
[moonstone:ro] Merged configuration '/mnt/host/source/src/platform/ec/zephyr/program/fatcat/moonstone/project.conf'
[moonstone:ro] Merged configuration '/mnt/host/source/src/platform/ec/zephyr/program/fatcat/dsp_comms.conf'
[moonstone:ro] Merged configuration '/mnt/host/source/src/platform/ec/build/zephyr/moonstone/kconfig-ro.conf'
[moonstone:ro] Configuration saved to '/mnt/host/source/src/platform/ec/build/zephyr/moonstone/build-ro/zephyr/.config'
[moonstone:ro] Kconfig header saved to '/mnt/host/source/src/platform/ec/build/zephyr/moonstone/build-ro/zephyr/include/generated/zephyr/autoconf.h'
[moonstone:ro] -- Found GnuLd: /home/jpmurphy/.cache/coreboot-sdk/riscv64-elf/96b949749225b6aaa92ed810ab769e8dfb12f000/riscv64-elf/bin/ld.bfd (found version "2.43.1")
[francka:rw] [66/396] Building C object zephyr/arch/common/CMakeFiles/arch__common.dir/init.c.obj
[francka:rw] [67/396] Building C object zephyr/arch/common/CMakeFiles/arch__common.dir/sw_isr_common.c.obj
[francka:ro] [165/396] Building C object zephyr/drivers/gpio/CMakeFiles/drivers__gpio.dir/gpio_npcx.c.obj
[francka:ro] [166/396] Linking C static library zephyr/drivers/gpio/libdrivers__gpio.a
[moonstone:ro] -- The C compiler identification is GNU 14.2.0
[francka:ro] [167/396] Building C object zephyr/drivers/i2c/CMakeFiles/drivers__i2c.dir/i2c_common.c.obj
[francka:ro] [168/396] Building C object zephyr/drivers/i2c/CMakeFiles/drivers__i2c.dir/i2c_shell.c.obj
[francka:rw] [68/396] Building C object zephyr/CMakeFiles/zephyr.dir/drivers/flash/flash_util.c.obj
[francka:rw] [69/396] Linking C static library zephyr/libzephyr.a
[francka:ro] [169/396] Building C object zephyr/drivers/i2c/CMakeFiles/drivers__i2c.dir/i2c_npcx_controller.c.obj
[moonstone:ro] -- The CXX compiler identification is GNU 14.2.0
[francka:ro] [170/396] Building C object zephyr/drivers/i2c/CMakeFiles/drivers__i2c.dir/i2c_npcx_controller_fifo.c.obj
[moonstone:ro] -- The ASM compiler identification is GNU
[xivu:rw] Loaded configuration '/mnt/host/source/src/platform/ec/zephyr/boards/google/npcx9/npcx9_npcx9m3f_defconfig'
[xivu:rw] Merged configuration '/mnt/host/source/src/platform/ec/zephyr/program/nissa/program.conf'
[xivu:rw] Merged configuration '/mnt/host/source/src/platform/ec/zephyr/program/nissa/npcx_program.conf'
[xivu:rw] Merged configuration '/mnt/host/source/src/platform/ec/zephyr/program/nissa/xivu/project.conf'
[xivu:rw] Merged configuration '/mnt/host/source/src/platform/ec/build/zephyr/xivu/kconfig-rw.conf'
[xivu:rw] Configuration saved to '/mnt/host/source/src/platform/ec/build/zephyr/xivu/build-rw/zephyr/.config'
[xivu:rw] Kconfig header saved to '/mnt/host/source/src/platform/ec/build/zephyr/xivu/build-rw/zephyr/include/generated/zephyr/autoconf.h'
[xivu:rw] -- Found GnuLd: /home/jpmurphy/.cache/coreboot-sdk/arm-eabi/ea40ddd1d190c3b48435c474c0b545719371813a/arm-eabi/bin/ld.bfd (found version "2.43.1")
[moonstone:ro] CMake Warning at /mnt/host/source/src/platform/ec/zephyr/cmake/linker/ld/linker_libraries.cmake:11 (message):
[moonstone:ro]   Disabling c_library
[francka:rw] [70/396] Building C object zephyr/arch/common/CMakeFiles/isr_tables.dir/isr_tables.c.obj
[francka:ro] [171/396] Building C object zephyr/drivers/i2c/CMakeFiles/drivers__i2c.dir/i2c_npcx_port.c.obj
[francka:rw] [71/396] Building C object zephyr/arch/common/CMakeFiles/arch__common.dir/xip.c.obj
[francka:rw] [72/396] Linking C static library zephyr/arch/common/libisr_tables.a
[francka:ro] [172/396] Linking C static library zephyr/drivers/i2c/libdrivers__i2c.a
[francka:ro] [173/396] Building C object zephyr/drivers/pinctrl/CMakeFiles/drivers__pinctrl.dir/common.c.obj
[xivu:rw] -- The C compiler identification is GNU 14.2.0
[francka:rw] [73/396] Linking C static library zephyr/arch/common/libarch__common.a
[francka:ro] [174/396] Building C object zephyr/drivers/sensor/CMakeFiles/drivers__sensor.dir/mnt/host/source/src/third_party/zephyr/main/misc/empty_file.c.obj
[francka:ro] [175/396] Building C object zephyr/drivers/input/CMakeFiles/drivers__input.dir/input_kbd_matrix.c.obj
[/mnt/host/source/src/platform/ec/build/zephyr/tentacruel-lcov]   /mnt/host/source/src/platform/ec/build/zephyr/tentacruel/build-ro/CMakeFiles/app.dir/mnt/host/source/src/platform/ec/build/zephyr/tentacruel/modules/ec/common/usb_pd_pdo.c.gcno:no functions found
[/mnt/host/source/src/platform/ec/build/zephyr/tentacruel-lcov] stderr:
[francka:ro] [176/396] Linking C static library zephyr/drivers/sensor/libdrivers__sensor.a
[francka:rw] [74/396] Building ASM object zephyr/arch/arch/arm/core/CMakeFiles/arch__arm__core.dir/nmi_on_reset.S.obj
[francka:ro] [177/396] Building C object zephyr/drivers/input/CMakeFiles/drivers__input.dir/input_npcx_kbd.c.obj
[xivu:rw] -- The CXX compiler identification is GNU 14.2.0
[francka:ro] [178/396] Building C object zephyr/drivers/pwm/CMakeFiles/drivers__pwm.dir/pwm_shell.c.obj
[francka:ro] [179/396] Linking C static library zephyr/drivers/input/libdrivers__input.a
[npcx-aic:ro] -- Found BOARD.dts: /mnt/host/source/src/platform/ec/zephyr/boards/google/npcx9/npcx9_npcx9m7f.dts
[npcx-aic:ro] -- Found devicetree overlay: /mnt/host/source/src/platform/ec/zephyr/program/ec-aic/npcx-aic/project.overlay
[npcx-aic:ro] -- Generated zephyr.dts: /mnt/host/source/src/platform/ec/build/zephyr/npcx-aic/build-ro/zephyr/zephyr.dts
[npcx-aic:ro] -- Generated pickled edt: /mnt/host/source/src/platform/ec/build/zephyr/npcx-aic/build-ro/zephyr/edt.pickle
[francka:rw] [75/396] Building C object zephyr/arch/arch/arm/core/CMakeFiles/arch__arm__core.dir/fatal.c.obj
[francka:ro] [180/396] Building C object zephyr/drivers/pinctrl/CMakeFiles/drivers__pinctrl.dir/pinctrl_npcx.c.obj
[xivu:rw] -- The ASM compiler identification is GNU
[xivu:rw] -- Found assembler: /home/jpmurphy/.cache/coreboot-sdk/arm-eabi/ea40ddd1d190c3b48435c474c0b545719371813a/bin/arm-eabi-gcc
[xivu:rw] CMake Warning at /mnt/host/source/src/platform/ec/zephyr/cmake/linker/ld/linker_libraries.cmake:11 (message):
[moonstone:ro] -- Found assembler: /home/jpmurphy/.cache/coreboot-sdk/riscv64-elf/96b949749225b6aaa92ed810ab769e8dfb12f000/bin/riscv64-elf-gcc
[moonstone:ro] -- Performing EC specific devicetree checks
[francka:ro] [181/396] Linking C static library zephyr/drivers/pinctrl/libdrivers__pinctrl.a
[moonstone:ro] Call Stack (most recent call first):
[moonstone:ro]   /mnt/host/source/src/third_party/zephyr/main/cmake/target_toolchain_flags.cmake:48 (include)
[moonstone:ro]   /mnt/host/source/src/third_party/zephyr/main/cmake/modules/kernel.cmake:153 (include)
[moonstone:ro]   /mnt/host/source/src/third_party/zephyr/main/cmake/modules/zephyr_default.cmake:138 (include)
[moonstone:ro]   /mnt/host/source/src/third_party/zephyr/main/share/zephyr-package/cmake/ZephyrConfig.cmake:66 (include)
[moonstone:ro]   /mnt/host/source/src/third_party/zephyr/main/share/zephyr-package/cmake/ZephyrConfig.cmake:97 (include_boilerplate)
[moonstone:ro]   CMakeLists.txt:7 (find_package)
[moonstone:ro] INFOSetting c++_library to libstdc++ install path
[moonstone:ro] INFOSetting c_library to picolibc install path
[moonstone:ro] INFO: Verified 43 GPIOs, no duplicates found
[moonstone:ro] INFO: Verified 30 '*-gpios' properties, all flags match.
[francka:rw] [76/396] Building C object zephyr/arch/arch/arm/core/CMakeFiles/arch__arm__core.dir/nmi.c.obj
[francka:rw] [77/396] Linking C static library zephyr/arch/arch/arm/core/libarch__arm__core.a
[xivu:ro] -- Generated zephyr.dts: /mnt/host/source/src/platform/ec/build/zephyr/xivu/build-ro/zephyr/zephyr.dts
[npcx-aic:ro] -- Generated devicetree_generated.h: /mnt/host/source/src/platform/ec/build/zephyr/npcx-aic/build-ro/zephyr/include/generated/zephyr/devicetree_generated.h
[francka:ro] [182/396] Building C object zephyr/drivers/pwm/CMakeFiles/drivers__pwm.dir/pwm_npcx.c.obj
[francka:ro] [183/396] Linking C static library zephyr/drivers/pwm/libdrivers__pwm.a
[francka:rw] [78/396] Building ASM object zephyr/arch/arch/arm/core/cortex_m/CMakeFiles/arch__arm__core__cortex_m.dir/fault_s.S.obj
[francka:ro] [184/396] Building C object zephyr/drivers/syscon/CMakeFiles/drivers__syscon.dir/syscon.c.obj
[francka:ro] [185/396] Building C object zephyr/drivers/serial/CMakeFiles/drivers__serial.dir/uart_npcx.c.obj
[rull:rw] -- Generated zephyr.dts: /mnt/host/source/src/platform/ec/build/zephyr/rull/build-rw/zephyr/zephyr.dts
[moonstone:ro] -- Generating component manifest file
[francka:ro] [186/396] Linking C static library zephyr/drivers/syscon/libdrivers__syscon.a
[francka:rw] [79/396] Building C object zephyr/arch/arch/arm/core/cortex_m/CMakeFiles/arch__arm__core__cortex_m.dir/exc_exit.c.obj
[francka:ro] [187/396] Linking C static library zephyr/drivers/serial/libdrivers__serial.a
[francka:ro] [188/396] Building C object zephyr/drivers/sensor/nuvoton/nuvoton_tach_npcx/CMakeFiles/drivers__sensor__nuvoton__nuvoton_tach_npcx.dir/tach_nuvoton_npcx.c.obj
[francka:ro] [189/396] Building C object zephyr/drivers/timer/CMakeFiles/drivers__timer.dir/sys_clock_init.c.obj
[francka:ro] [190/396] Linking C static library zephyr/drivers/sensor/nuvoton/nuvoton_tach_npcx/libdrivers__sensor__nuvoton__nuvoton_tach_npcx.a
[xivu:rw] -- Performing EC specific devicetree checks
[francka:rw] [80/396] Building C object zephyr/arch/arch/arm/core/cortex_m/CMakeFiles/arch__arm__core__cortex_m.dir/fault.c.obj
[moonstone:ro] INFO: Skipped 13 named-gpios children.
[moonstone:ro] INFO: Running CME, outputting to /mnt/host/source/src/platform/ec/build/zephyr/moonstone/build-ro/zephyr/component_manifest.json
[moonstone:ro] INFO: Project moonstone does not support SSFC
[moonstone:ro] INFO: No motionsense-sensor node found
[moonstone:ro] -- warning_base_override: -Wall;-Wformat;-Wformat-security;-Wformat;-Wno-format-zero-length;-Wno-pointer-sign;-Wpointer-arith;-Wexpansion-to-defined
[moonstone:ro] The PW_ROOT environment variable is not set; using /mnt/host/source/src/platform/ec/build/zephyr/moonstone/modules/pigweed within CMake
[xivu:ro] -- Generated pickled edt: /mnt/host/source/src/platform/ec/build/zephyr/xivu/build-ro/zephyr/edt.pickle
[xivu:ro] -- Generated devicetree_generated.h: /mnt/host/source/src/platform/ec/build/zephyr/xivu/build-ro/zephyr/include/generated/zephyr/devicetree_generated.h
[xivu:rw]   Disabling c_library
[xivu:rw] Call Stack (most recent call first):
[xivu:rw]   /mnt/host/source/src/third_party/zephyr/main/cmake/target_toolchain_flags.cmake:48 (include)
[xivu:rw]   /mnt/host/source/src/third_party/zephyr/main/cmake/modules/kernel.cmake:153 (include)
[xivu:rw]   /mnt/host/source/src/third_party/zephyr/main/cmake/modules/zephyr_default.cmake:138 (include)
[xivu:rw]   /mnt/host/source/src/third_party/zephyr/main/share/zephyr-package/cmake/ZephyrConfig.cmake:66 (include)
[xivu:rw]   /mnt/host/source/src/third_party/zephyr/main/share/zephyr-package/cmake/ZephyrConfig.cmake:97 (include_boilerplate)
[xivu:rw]   CMakeLists.txt:7 (find_package)
[xivu:rw] INFO: Verified 53 GPIOs, no duplicates found
[xivu:rw] INFO: Verified 20 '*-gpios' properties, all flags match.
[francka:ro] [191/396] Building C object zephyr/drivers/timer/CMakeFiles/drivers__timer.dir/npcx_itim_timer.c.obj
[rull:rw] -- Generated pickled edt: /mnt/host/source/src/platform/ec/build/zephyr/rull/build-rw/zephyr/edt.pickle
[rull:rw] -- Generated devicetree_generated.h: /mnt/host/source/src/platform/ec/build/zephyr/rull/build-rw/zephyr/include/generated/zephyr/devicetree_generated.h
[francka:ro] [192/396] Linking C static library zephyr/drivers/timer/libdrivers__timer.a
[xivu:rw] -- Generating component manifest file
[francka:rw] [81/396] Building C object zephyr/arch/arch/arm/core/cortex_m/CMakeFiles/arch__arm__core__cortex_m.dir/fpu.c.obj
[francka:ro] [193/396] Building C object zephyr/drivers/watchdog/CMakeFiles/drivers__watchdog.dir/wdt_npcx.c.obj
[francka:rw] [82/396] Building ASM object zephyr/arch/arch/arm/core/cortex_m/CMakeFiles/arch__arm__core__cortex_m.dir/reset.S.obj
[francka:ro] [194/396] Building C object zephyr/drivers/watchdog/CMakeFiles/drivers__watchdog.dir/wdt_shell.c.obj
[xivu:rw] INFO: Skipped 18 named-gpios children.
[xivu:rw] INFO: Running CME, outputting to /mnt/host/source/src/platform/ec/build/zephyr/xivu/build-rw/zephyr/component_manifest.json
[xivu:rw] INFO: Component virtual-mux-0(cros-ec,usbc-mux-virtual) not on I2C bus, skip it
[xivu:rw] INFO: Component virtual-mux-1(cros-ec,usbc-mux-virtual) not on I2C bus, skip it
[xivu:rw] INFO: Component virtual-mux-1(cros-ec,usbc-mux-virtual) not on I2C bus, skip it
[francka:rw] [83/396] Building C object zephyr/arch/arch/arm/core/cortex_m/CMakeFiles/arch__arm__core__cortex_m.dir/scb.c.obj
[francka:ro] [195/396] Linking C static library zephyr/drivers/watchdog/libdrivers__watchdog.a
[francka:ro] [196/396] Building C object modules/ec/zephyr/CMakeFiles/ec_shim.dir/app/ec/main_shim.c.obj
[francka:rw] [84/396] Building ASM object zephyr/arch/arch/arm/core/cortex_m/CMakeFiles/arch__arm__core__cortex_m.dir/vector_table.S.obj
[francka:ro] [197/396] Building C object modules/ec/zephyr/CMakeFiles/ec_shim.dir/drivers/keyboard_input/keyboard_customization_check.c.obj
[francka:ro] [198/396] Building C object modules/ec/zephyr/CMakeFiles/ec_shim.dir/app/ec/ec_app_main.c.obj
[xivu:rw] -- warning_base_override: -Wall;-Wformat;-Wformat-security;-Wformat;-Wno-format-zero-length;-Wno-pointer-sign;-Wpointer-arith;-Wexpansion-to-defined
[francka:ro] [199/396] Building C object modules/ec/zephyr/CMakeFiles/ec_shim.dir/drivers/cros_flash/cros_flash_npcx.c.obj
[francka:ro] [200/396] Building C object modules/ec/zephyr/CMakeFiles/ec_shim.dir/drivers/cros_kblight/pwm_kblight.c.obj
[francka:rw] [85/396] Building C object zephyr/arch/arch/arm/core/cortex_m/CMakeFiles/arch__arm__core__cortex_m.dir/thread_abort.c.obj
[xivu:rw] -- Found gen_kobject_list: /mnt/host/source/src/third_party/zephyr/main/scripts/build/gen_kobject_list.py
[francka:rw] [86/396] Building ASM object zephyr/arch/arch/arm/core/cortex_m/CMakeFiles/arch__arm__core__cortex_m.dir/swap_helper.S.obj
[francka:ro] [201/396] Building C object modules/ec/zephyr/CMakeFiles/ec_shim.dir/drivers/cros_system/cros_system_npcx.c.obj
[rull:rw] /mnt/host/source/src/platform/ec/build/zephyr/rull/build-rw/zephyr/zephyr.dts:1265.27-1964.5: Warning (avoid_unnecessary_addr_size): /soc/pin-controller: unnecessary #address-cells/#size-cells without "ranges" or child "reg" property
[xivu:rw] -- Configuring done (16.6s)
[francka:ro] [202/396] Building C object modules/ec/zephyr/CMakeFiles/ec_shim.dir/drivers/keyboard_input/keyboard_input.c.obj
[francka:ro] [203/396] Building C object modules/ec/zephyr/CMakeFiles/ec_shim.dir/drivers/usbc/ucsi_v3.c.obj
[francka:rw] [87/396] Building C object zephyr/arch/arch/arm/core/cortex_m/CMakeFiles/arch__arm__core__cortex_m.dir/irq_manage.c.obj
[francka:ro] [204/396] Building C object modules/ec/zephyr/CMakeFiles/ec_shim.dir/drivers/keyboard_input/col_gpio_drive.c.obj
[xivu:rw] -- Generating done (0.5s)
[xivu:rw] CMake Warning:
[xivu:rw] -- Build files have been written to: /mnt/host/source/src/platform/ec/build/zephyr/xivu/build-rw
[francka:rw] [88/396] Building C object zephyr/arch/arch/arm/core/cortex_m/CMakeFiles/arch__arm__core__cortex_m.dir/prep_c.c.obj
[francka:rw] [89/396] Building C object zephyr/arch/arch/arm/core/cortex_m/CMakeFiles/arch__arm__core__cortex_m.dir/thread.c.obj
[xivu:rw]   Manually-specified variables were not used by the project:
[xivu:rw]     COREBOOT_SDK_ROOT_libstdcxx_riscv64
[xivu:rw]     COREBOOT_SDK_ROOT_libstdcxx_x86
[xivu:rw]     COREBOOT_SDK_ROOT_nds32
[xivu:rw]     COREBOOT_SDK_ROOT_picolibc_riscv64
[xivu:rw]     COREBOOT_SDK_ROOT_picolibc_x86
[xivu:rw]     COREBOOT_SDK_ROOT_riscv
[xivu:rw]     COREBOOT_SDK_ROOT_riscv64
[xivu:rw]     COREBOOT_SDK_ROOT_x86
[francka:ro] [205/396] Building C object modules/ec/zephyr/CMakeFiles/ec_shim.dir/drivers/usbc/pdc_rts54xx.c.obj
[francka:rw] [90/396] Building C object zephyr/arch/arch/arm/core/cortex_m/CMakeFiles/arch__arm__core__cortex_m.dir/cpu_idle.c.obj
[francka:ro] [206/396] Building C object modules/ec/zephyr/CMakeFiles/ec_shim.dir/drivers/usbc/tps6699x_cmd.c.obj
[francka:ro] [207/396] Building C object modules/ec/zephyr/CMakeFiles/ec_shim.dir/drivers/boot_keys/boot_keys.c.obj
[francka:ro] [208/396] Building C object modules/ec/zephyr/CMakeFiles/ec_shim.dir/drivers/usbc/pdc_tps6699x.c.obj
[francka:rw] [91/396] Building C object zephyr/arch/arch/arm/core/cortex_m/CMakeFiles/arch__arm__core__cortex_m.dir/irq_init.c.obj
[francka:ro] [209/396] Building C object modules/ec/zephyr/CMakeFiles/ec_shim.dir/drivers/runtime_keys/runtime_keys.c.obj
[francka:rw] [92/396] Building C object zephyr/arch/arch/arm/core/cortex_m/CMakeFiles/arch__arm__core__cortex_m.dir/isr_wrapper.c.obj
[francka:ro] [210/396] Building C object modules/ec/zephyr/CMakeFiles/ec_shim.dir/drivers/vivaldi_kbd/vivaldi_kbd.c.obj
[francka:rw] [93/396] Linking C static library zephyr/arch/arch/arm/core/cortex_m/libarch__arm__core__cortex_m.a
[francka:ro] [211/396] Building C object modules/ec/zephyr/CMakeFiles/ec_shim.dir/shim/chip/npcx/clock.c.obj
[francka:rw] [94/396] Building C object zephyr/arch/arch/arm/core/mpu/CMakeFiles/arch__arm__core__mpu.dir/arm_core_mpu.c.obj
[francka:rw] [95/396] Generating ../../../include/generated/libc/minimal/strerror_table.h
[francka:ro] [212/396] Building C object modules/ec/zephyr/CMakeFiles/ec_shim.dir/shim/chip/npcx/rom_chip.c.obj
[francka:rw] [96/396] Building C object zephyr/lib/libc/minimal/CMakeFiles/lib__libc__minimal.dir/source/stdlib/atoi.c.obj
[francka:ro] [213/396] Building C object modules/ec/zephyr/CMakeFiles/ec_shim.dir/shim/chip/npcx/system_external_storage.c.obj
[francka:rw] [97/396] Building C object zephyr/arch/arch/arm/core/mpu/CMakeFiles/arch__arm__core__mpu.dir/arm_mpu.c.obj
[francka:rw] [98/396] Building C object zephyr/lib/libc/minimal/CMakeFiles/lib__libc__minimal.dir/source/stdlib/strtol.c.obj
[francka:ro] [214/396] Building C object modules/ec/zephyr/CMakeFiles/ec_shim.dir/shim/chip/npcx/system.c.obj
[francka:ro] [215/396] Building C object modules/ec/zephyr/CMakeFiles/ec_shim.dir/shim/src/crc.c.obj
[francka:rw] [99/396] Building C object zephyr/arch/arch/arm/core/mpu/CMakeFiles/arch__arm__core__mpu.dir/arm_mpu_regions.c.obj
[npcx-aic:ro] warning: Deprecated symbol I2C_ALLOW_NO_STOP_TRANSACTIONS is enabled.
[moonstone:ro] -- Found gen_kobject_list: /mnt/host/source/src/third_party/zephyr/main/scripts/build/gen_kobject_list.py
[francka:ro] [216/396] Building C object modules/ec/zephyr/CMakeFiles/ec_shim.dir/shim/chip/npcx/power_policy.c.obj
[francka:rw] [100/396] Building C object zephyr/lib/libc/minimal/CMakeFiles/lib__libc__minimal.dir/source/stdlib/strtoul.c.obj
[moonstone:ro] CMake Warning at /mnt/host/source/src/third_party/zephyr/main/CMakeLists.txt:1134 (message):
[moonstone:ro]   No SOURCES given to Zephyr library: drivers__syscon
[moonstone:ro]   Excluding target from build.
[francka:rw] [101/396] Building C object zephyr/lib/libc/minimal/CMakeFiles/lib__libc__minimal.dir/source/stdlib/strtoll.c.obj
[francka:rw] [102/396] Linking C static library zephyr/arch/arch/arm/core/mpu/libarch__arm__core__mpu.a
[francka:ro] [217/396] Building C object modules/ec/zephyr/CMakeFiles/ec_shim.dir/shim/chip/npcx/gpio.c.obj
[francka:ro] [218/396] Building C object modules/ec/zephyr/CMakeFiles/ec_shim.dir/shim/core/cortex-m/mpu.c.obj
[francka:ro] [219/396] Building C object modules/ec/zephyr/CMakeFiles/ec_shim.dir/shim/core/cortex-m/panic.c.obj
[moonstone:ro] CMake Warning at /mnt/host/source/src/third_party/zephyr/main/CMakeLists.txt:2359 (message):
[moonstone:ro]   __ASSERT() statements are globally ENABLED
[francka:rw] [103/396] Building C object zephyr/lib/libc/minimal/CMakeFiles/lib__libc__minimal.dir/source/stdlib/bsearch.c.obj
[francka:rw] [104/396] Building C object zephyr/lib/libc/minimal/CMakeFiles/lib__libc__minimal.dir/source/stdlib/strtoull.c.obj
[moonstone:ro] -- Configuring done (19.9s)
[francka:rw] [105/396] Building C object zephyr/lib/libc/minimal/CMakeFiles/lib__libc__minimal.dir/source/stdlib/qsort.c.obj
[francka:rw] [106/396] Building C object zephyr/lib/libc/minimal/CMakeFiles/lib__libc__minimal.dir/source/string/strerror.c.obj
[francka:rw] [107/396] Building C object zephyr/lib/libc/minimal/CMakeFiles/lib__libc__minimal.dir/source/string/strstr.c.obj
[francka:rw] [108/396] Building C object zephyr/lib/libc/minimal/CMakeFiles/lib__libc__minimal.dir/source/string/strncasecmp.c.obj
[npcx-aic:ro] Parsing /mnt/host/source/src/platform/ec/zephyr/program/ec-aic/Kconfig
[xivu:ro] warning: PLATFORM_EC_LED_COMMON (defined at /mnt/host/source/src/platform/ec/zephyr/Kconfig.led:5)
[xivu:ro] was assigned the value 'y' but got the value 'n'. Check these unsatisfied dependencies:
[xivu:ro] (!PLATFORM_EC_LED_DT) (=n). See
[xivu:ro] http://docs.zephyrproject.org/latest/kconfig.html#CONFIG_PLATFORM_EC_LED_COMMON and/or look up
[xivu:ro] PLATFORM_EC_LED_COMMON in the menuconfig/guiconfig interface. The Application Development Primer,
[xivu:ro] Setting Configuration Values, and Kconfig - Tips and Best Practices sections of the manual might be
[xivu:ro] helpful too.
[francka:ro] [220/396] Building C object modules/ec/zephyr/CMakeFiles/ec_shim.dir/shim/src/console.c.obj
[xivu:ro] warning: PLATFORM_EC_LED_ONOFF_STATES (defined at
[xivu:ro] /mnt/host/source/src/platform/ec/zephyr/Kconfig.led:157) was assigned the value 'y' but got the
[xivu:ro] value 'n'. Check these unsatisfied dependencies: PLATFORM_EC_LED_COMMON (=n). See
[xivu:ro] http://docs.zephyrproject.org/latest/kconfig.html#CONFIG_PLATFORM_EC_LED_ONOFF_STATES and/or look up
[xivu:ro] PLATFORM_EC_LED_ONOFF_STATES in the menuconfig/guiconfig interface. The Application Development
[xivu:ro] Primer, Setting Configuration Values, and Kconfig - Tips and Best Practices sections of the manual
[xivu:ro] might be helpful too.
[rull:rw] warning: PLATFORM_EC_SMART_BATTERY_OPTIONAL_MFG_FUNC (defined at
[rull:rw] /mnt/host/source/src/platform/ec/zephyr/Kconfig.battery:341) was assigned the value 'y' but got the
[rull:rw] value 'n'. Check these unsatisfied dependencies: PLATFORM_EC_I2C_VIRTUAL_BATTERY (=n). See
[rull:rw] http://docs.zephyrproject.org/latest/kconfig.html#CONFIG_PLATFORM_EC_SMART_BATTERY_OPTIONAL_MFG_FUNC
[rull:rw] and/or look up PLATFORM_EC_SMART_BATTERY_OPTIONAL_MFG_FUNC in the menuconfig/guiconfig interface.
[rull:rw] The Application Development Primer, Setting Configuration Values, and Kconfig - Tips and Best
[rull:rw] Practices sections of the manual might be helpful too.
[rull:rw] warning: PLATFORM_EC_OCPC_DEF_RBATT_MOHMS (defined at
[rull:rw] /mnt/host/source/src/platform/ec/zephyr/Kconfig.charger:279) was assigned the value '21' but got the
[rull:rw] value ''. Check these unsatisfied dependencies: PLATFORM_EC_OCPC (=n). See
[rull:rw] http://docs.zephyrproject.org/latest/kconfig.html#CONFIG_PLATFORM_EC_OCPC_DEF_RBATT_MOHMS and/or
[rull:rw] look up PLATFORM_EC_OCPC_DEF_RBATT_MOHMS in the menuconfig/guiconfig interface. The Application
[rull:rw] Development Primer, Setting Configuration Values, and Kconfig - Tips and Best Practices sections of
[rull:rw] the manual might be helpful too.
[rull:rw] warning: PLATFORM_EC_OCPC_DEF_DRIVELIMIT_MILLIVOLTS (defined at
[rull:rw] /mnt/host/source/src/platform/ec/zephyr/Kconfig.charger:288) was assigned the value '200' but got
[rull:rw] the value ''. Check these unsatisfied dependencies: PLATFORM_EC_OCPC (=n). See
[rull:rw] http://docs.zephyrproject.org/latest/kconfig.html#CONFIG_PLATFORM_EC_OCPC_DEF_DRIVELIMIT_MILLIVOLTS
[rull:rw] and/or look up PLATFORM_EC_OCPC_DEF_DRIVELIMIT_MILLIVOLTS in the menuconfig/guiconfig interface. The
[rull:rw] Application Development Primer, Setting Configuration Values, and Kconfig - Tips and Best Practices
[rull:rw] sections of the manual might be helpful too.
[rull:rw] warning: PLATFORM_EC_MAX_SENSOR_FREQ_MILLIHZ (defined at
[rull:rw] /mnt/host/source/src/platform/ec/zephyr/Kconfig.motionsense:96) was assigned the value '100000' but
[rull:rw] got the value ''. Check these unsatisfied dependencies: PLATFORM_EC_MOTIONSENSE (=n). See
[rull:rw] http://docs.zephyrproject.org/latest/kconfig.html#CONFIG_PLATFORM_EC_MAX_SENSOR_FREQ_MILLIHZ and/or
[rull:rw] look up PLATFORM_EC_MAX_SENSOR_FREQ_MILLIHZ in the menuconfig/guiconfig interface. The Application
[rull:rw] Development Primer, Setting Configuration Values, and Kconfig - Tips and Best Practices sections of
[rull:rw] the manual might be helpful too.
[rull:rw] warning: TASK_HOSTCMD_STACK_SIZE (defined at
[rull:rw] /mnt/host/source/src/platform/ec/zephyr/Kconfig.stacks:52,
[rull:rw] /mnt/host/source/src/platform/ec/zephyr/Kconfig.tasks:123) was assigned the value '1280' but got the
[rull:rw] value '1152'. See http://docs.zephyrproject.org/latest/kconfig.html#CONFIG_TASK_HOSTCMD_STACK_SIZE
[rull:rw] and/or look up TASK_HOSTCMD_STACK_SIZE in the menuconfig/guiconfig interface. The Application
[rull:rw] Development Primer, Setting Configuration Values, and Kconfig - Tips and Best Practices sections of
[rull:rw] the manual might be helpful too.
[rull:rw] warning: PLATFORM_EC_GMR_TABLET_MODE (defined at
[rull:rw] /mnt/host/source/src/platform/ec/zephyr/Kconfig.tabletmode:22) was assigned the value 'y' but got
[rull:rw] the value 'n'. Check these unsatisfied dependencies: PLATFORM_EC_TABLET_MODE (=n). See
[rull:rw] http://docs.zephyrproject.org/latest/kconfig.html#CONFIG_PLATFORM_EC_GMR_TABLET_MODE and/or look up
[rull:rw] PLATFORM_EC_GMR_TABLET_MODE in the menuconfig/guiconfig interface. The Application Development
[rull:rw] Primer, Setting Configuration Values, and Kconfig - Tips and Best Practices sections of the manual
[rull:rw] might be helpful too.
[rull:rw] warning: Deprecated symbol I2C_ALLOW_NO_STOP_TRANSACTIONS is enabled.
[francka:rw] [109/396] Building C object zephyr/lib/libc/minimal/CMakeFiles/lib__libc__minimal.dir/source/string/strspn.c.obj
[francka:ro] [221/396] Building C object modules/ec/zephyr/CMakeFiles/ec_shim.dir/shim/src/panic_utils.c.obj
[francka:rw] [110/396] Building C object zephyr/lib/libc/minimal/CMakeFiles/lib__libc__minimal.dir/source/string/string.c.obj
[francka:rw] [111/396] Building C object zephyr/lib/libc/minimal/CMakeFiles/lib__libc__minimal.dir/source/stdlib/exit.c.obj
[/mnt/host/source/src/platform/ec/build/zephyr/sapphire-lcov]   /mnt/host/source/src/platform/ec/build/zephyr/sapphire/build-ro/modules/ec/zephyr/CMakeFiles/ec_shim.dir/shim/src/charger.c.gcno:no functions found
[/mnt/host/source/src/platform/ec/build/zephyr/sapphire-lcov] stderr:
[francka:ro] [222/396] Building C object modules/ec/zephyr/CMakeFiles/ec_shim.dir/shim/src/gpio.c.obj
[francka:ro] [223/396] Building C object modules/ec/zephyr/CMakeFiles/ec_shim.dir/shim/src/cbi/cros_cbi.c.obj
[francka:ro] [224/396] Building C object modules/ec/zephyr/CMakeFiles/ec_shim.dir/shim/src/gpio_int.c.obj
[francka:ro] [225/396] Building C object modules/ec/zephyr/CMakeFiles/ec_shim.dir/shim/src/cbi/cros_cbi_fw_config.c.obj
[francka:ro] [226/396] Building C object modules/ec/zephyr/CMakeFiles/ec_shim.dir/shim/src/pm_state.c.obj
[francka:ro] [227/396] Building ASM object modules/ec/zephyr/CMakeFiles/ec_shim.dir/shim/src/libgcc_arm.S.obj
[francka:ro] [228/396] Building C object modules/ec/zephyr/CMakeFiles/ec_shim.dir/shim/src/popcountsi2.c.obj
[xivu:ro] Parsing /mnt/host/source/src/platform/ec/zephyr/program/nissa/Kconfig
[rull:rw] Parsing /mnt/host/source/src/platform/ec/zephyr/program/nissa/Kconfig
[npcx-aic:ro] Loaded configuration '/mnt/host/source/src/platform/ec/zephyr/boards/google/npcx9/npcx9_npcx9m7f_defconfig'
[npcx-aic:ro] Merged configuration '/mnt/host/source/src/platform/ec/zephyr/program/ec-aic/program.conf'
[npcx-aic:ro] Merged configuration '/mnt/host/source/src/platform/ec/zephyr/program/ec-aic/npcx-aic/project.conf'
[npcx-aic:ro] Merged configuration '/mnt/host/source/src/platform/ec/build/zephyr/npcx-aic/kconfig-ro.conf'
[npcx-aic:ro] Configuration saved to '/mnt/host/source/src/platform/ec/build/zephyr/npcx-aic/build-ro/zephyr/.config'
[npcx-aic:ro] Kconfig header saved to '/mnt/host/source/src/platform/ec/build/zephyr/npcx-aic/build-ro/zephyr/include/generated/zephyr/autoconf.h'
[npcx-aic:ro] -- Found GnuLd: /home/jpmurphy/.cache/coreboot-sdk/arm-eabi/ea40ddd1d190c3b48435c474c0b545719371813a/arm-eabi/bin/ld.bfd (found version "2.43.1")
[francka:rw] [112/396] Building C object zephyr/lib/libc/minimal/CMakeFiles/lib__libc__minimal.dir/source/stdout/stdout_console.c.obj
[francka:rw] [113/396] Building C object zephyr/lib/libc/minimal/CMakeFiles/lib__libc__minimal.dir/source/stdout/fprintf.c.obj
[francka:rw] [114/396] Building C object zephyr/lib/libc/minimal/CMakeFiles/lib__libc__minimal.dir/source/stdout/sprintf.c.obj
[francka:ro] [229/396] Building C object modules/ec/zephyr/CMakeFiles/ec_shim.dir/shim/src/cbi/cbi_flash.c.obj
[francka:rw] [115/396] Building C object zephyr/lib/libc/minimal/CMakeFiles/lib__libc__minimal.dir/source/math/sqrtf.c.obj
[npcx-aic:ro] -- The C compiler identification is GNU 14.2.0
[francka:ro] [230/396] Building C object modules/ec/zephyr/CMakeFiles/ec_shim.dir/shim/src/led_driver/led.c.obj
[francka:rw] [116/396] Building C object zephyr/lib/libc/minimal/CMakeFiles/lib__libc__minimal.dir/source/math/sqrt.c.obj
[francka:ro] [231/396] Building C object modules/ec/zephyr/CMakeFiles/ec_shim.dir/shim/src/led_driver/led_pwm.c.obj
[francka:ro] [232/396] Building C object modules/ec/zephyr/CMakeFiles/ec_shim.dir/shim/src/pdc_shim.c.obj
[francka:ro] [233/396] Building C object modules/ec/zephyr/CMakeFiles/ec_shim.dir/shim/src/system.c.obj
[francka:rw] [117/396] Building C object zephyr/lib/libc/common/CMakeFiles/lib__libc__common.dir/source/time/asctime.c.obj
[npcx-aic:ro] -- The CXX compiler identification is GNU 14.2.0
[francka:ro] [234/396] Building C object modules/ec/zephyr/CMakeFiles/ec_shim.dir/shim/src/battery.c.obj
[francka:ro] [235/396] Building C object modules/ec/zephyr/CMakeFiles/ec_shim.dir/shim/src/adc.c.obj
[xivu:ro] Loaded configuration '/mnt/host/source/src/platform/ec/zephyr/boards/google/npcx9/npcx9_npcx9m3f_defconfig'
[xivu:ro] Merged configuration '/mnt/host/source/src/platform/ec/zephyr/program/nissa/program.conf'
[xivu:ro] Merged configuration '/mnt/host/source/src/platform/ec/zephyr/program/nissa/npcx_program.conf'
[xivu:ro] Merged configuration '/mnt/host/source/src/platform/ec/zephyr/program/nissa/xivu/project.conf'
[xivu:ro] Merged configuration '/mnt/host/source/src/platform/ec/build/zephyr/xivu/kconfig-ro.conf'
[xivu:ro] Configuration saved to '/mnt/host/source/src/platform/ec/build/zephyr/xivu/build-ro/zephyr/.config'
[xivu:ro] Kconfig header saved to '/mnt/host/source/src/platform/ec/build/zephyr/xivu/build-ro/zephyr/include/generated/zephyr/autoconf.h'
[xivu:ro] -- Found GnuLd: /home/jpmurphy/.cache/coreboot-sdk/arm-eabi/ea40ddd1d190c3b48435c474c0b545719371813a/arm-eabi/bin/ld.bfd (found version "2.43.1")
[npcx-aic:ro] -- The ASM compiler identification is GNU
[npcx-aic:ro] -- Found assembler: /home/jpmurphy/.cache/coreboot-sdk/arm-eabi/ea40ddd1d190c3b48435c474c0b545719371813a/bin/arm-eabi-gcc
[npcx-aic:ro] CMake Warning at /mnt/host/source/src/platform/ec/zephyr/cmake/linker/ld/linker_libraries.cmake:11 (message):
[npcx-aic:ro]   Disabling c_library
[npcx-aic:ro] Call Stack (most recent call first):
[npcx-aic:ro]   /mnt/host/source/src/third_party/zephyr/main/cmake/target_toolchain_flags.cmake:48 (include)
[npcx-aic:ro]   /mnt/host/source/src/third_party/zephyr/main/cmake/modules/kernel.cmake:153 (include)
[npcx-aic:ro]   /mnt/host/source/src/third_party/zephyr/main/cmake/modules/zephyr_default.cmake:138 (include)
[npcx-aic:ro]   /mnt/host/source/src/third_party/zephyr/main/share/zephyr-package/cmake/ZephyrConfig.cmake:66 (include)
[npcx-aic:ro]   /mnt/host/source/src/third_party/zephyr/main/share/zephyr-package/cmake/ZephyrConfig.cmake:97 (include_boilerplate)
[npcx-aic:ro]   CMakeLists.txt:6 (find_package)
[francka:rw] [118/396] Building C object zephyr/lib/libc/minimal/CMakeFiles/lib__libc__minimal.dir/source/time/gmtime.c.obj
[francka:rw] [119/396] Building C object zephyr/lib/libc/common/CMakeFiles/lib__libc__common.dir/source/time/gmtime_r.c.obj
[rull:rw] Loaded configuration '/mnt/host/source/src/platform/ec/zephyr/boards/google/it8xxx2/it8xxx2_it81302bx_defconfig'
[rull:rw] Merged configuration '/mnt/host/source/src/platform/ec/zephyr/program/nissa/program.conf'
[rull:rw] Merged configuration '/mnt/host/source/src/platform/ec/zephyr/program/nissa/it8xxx2_program.conf'
[rull:rw] Merged configuration '/mnt/host/source/src/platform/ec/zephyr/program/nissa/rull/project.conf'
[rull:rw] Merged configuration '/mnt/host/source/src/platform/ec/build/zephyr/rull/kconfig-rw.conf'
[rull:rw] Configuration saved to '/mnt/host/source/src/platform/ec/build/zephyr/rull/build-rw/zephyr/.config'
[rull:rw] Kconfig header saved to '/mnt/host/source/src/platform/ec/build/zephyr/rull/build-rw/zephyr/include/generated/zephyr/autoconf.h'
[rull:rw] -- Found GnuLd: /home/jpmurphy/.cache/coreboot-sdk/riscv64-elf/96b949749225b6aaa92ed810ab769e8dfb12f000/riscv64-elf/bin/ld.bfd (found version "2.43.1")
[francka:rw] [120/396] Linking C static library zephyr/lib/libc/minimal/liblib__libc__minimal.a
[/mnt/host/source/src/platform/ec/build/zephyr/tentacruel-lcov]   /mnt/host/source/src/platform/ec/build/zephyr/tentacruel/build-ro/CMakeFiles/app.dir/mnt/host/source/src/platform/ec/build/zephyr/tentacruel/modules/ec/common/chargen.c.gcno:no functions found
[/mnt/host/source/src/platform/ec/build/zephyr/tentacruel-lcov] stderr:
[francka:ro] [236/396] Building C object modules/ec/zephyr/CMakeFiles/ec_shim.dir/shim/src/charger.c.obj
[xivu:ro] -- The C compiler identification is GNU 14.2.0
[francka:rw] [121/396] Building C object zephyr/lib/libc/common/CMakeFiles/lib__libc__common.dir/source/stdlib/abort.c.obj
[francka:rw] [122/396] Building C object zephyr/lib/libc/common/CMakeFiles/lib__libc__common.dir/source/time/localtime_r_utc.c.obj
[francka:rw] [123/396] Building C object zephyr/lib/libc/common/CMakeFiles/lib__libc__common.dir/source/time/ctime.c.obj
[rull:rw] -- The C compiler identification is GNU 14.2.0
[francka:rw] [124/396] Building C object zephyr/lib/libc/common/CMakeFiles/lib__libc__common.dir/source/time/time.c.obj
[xivu:ro] -- The CXX compiler identification is GNU 14.2.0
[francka:rw] [125/396] Building C object zephyr/lib/libc/common/CMakeFiles/lib__libc__common.dir/source/string/strnlen.c.obj
[francka:ro] [237/396] Building C object modules/ec/zephyr/CMakeFiles/ec_shim.dir/shim/src/chipset_api.c.obj
[xivu:ro] -- The ASM compiler identification is GNU
[xivu:ro] warning: Deprecated symbol I2C_ALLOW_NO_STOP_TRANSACTIONS is enabled.
[xivu:ro] CMake Warning at /mnt/host/source/src/platform/ec/zephyr/cmake/linker/ld/linker_libraries.cmake:11 (message):
[xivu:ro]   Disabling c_library
[xivu:ro] Call Stack (most recent call first):
[xivu:ro]   /mnt/host/source/src/third_party/zephyr/main/cmake/target_toolchain_flags.cmake:48 (include)
[xivu:ro]   /mnt/host/source/src/third_party/zephyr/main/cmake/modules/kernel.cmake:153 (include)
[xivu:ro]   /mnt/host/source/src/third_party/zephyr/main/cmake/modules/zephyr_default.cmake:138 (include)
[xivu:ro]   /mnt/host/source/src/third_party/zephyr/main/share/zephyr-package/cmake/ZephyrConfig.cmake:66 (include)
[xivu:ro]   /mnt/host/source/src/third_party/zephyr/main/share/zephyr-package/cmake/ZephyrConfig.cmake:97 (include_boilerplate)
[xivu:ro]   CMakeLists.txt:7 (find_package)
[francka:rw] [126/396] Building C object zephyr/lib/posix/c_lib_ext/CMakeFiles/lib__posix__c_lib_ext.dir/fnmatch.c.obj
[rull:rw] -- The CXX compiler identification is GNU 14.2.0
[francka:ro] [238/396] Building C object modules/ec/zephyr/CMakeFiles/ec_shim.dir/shim/src/espi.c.obj
[npcx-aic:ro] -- Performing EC specific devicetree checks
[rull:rw] -- The ASM compiler identification is GNU
[rull:rw] -- Found assembler: /home/jpmurphy/.cache/coreboot-sdk/riscv64-elf/96b949749225b6aaa92ed810ab769e8dfb12f000/bin/riscv64-elf-gcc
[rull:rw] CMake Warning at /mnt/host/source/src/platform/ec/zephyr/cmake/linker/ld/linker_libraries.cmake:11 (message):
[rull:rw]   Disabling c_library
[rull:rw] Call Stack (most recent call first):
[rull:rw]   /mnt/host/source/src/third_party/zephyr/main/cmake/target_toolchain_flags.cmake:48 (include)
[rull:rw]   /mnt/host/source/src/third_party/zephyr/main/cmake/modules/kernel.cmake:153 (include)
[rull:rw]   /mnt/host/source/src/third_party/zephyr/main/cmake/modules/zephyr_default.cmake:138 (include)
[rull:rw]   /mnt/host/source/src/third_party/zephyr/main/share/zephyr-package/cmake/ZephyrConfig.cmake:66 (include)
[rull:rw]   /mnt/host/source/src/third_party/zephyr/main/share/zephyr-package/cmake/ZephyrConfig.cmake:97 (include_boilerplate)
[rull:rw]   CMakeLists.txt:7 (find_package)
[francka:ro] [239/396] Building C object modules/ec/zephyr/CMakeFiles/ec_shim.dir/shim/src/fan.c.obj
[francka:ro] [240/396] Building C object modules/ec/zephyr/CMakeFiles/ec_shim.dir/shim/src/flash.c.obj
[francka:ro] [241/396] Building C object modules/ec/zephyr/CMakeFiles/ec_shim.dir/shim/src/host_command.c.obj
[francka:ro] [242/396] Building C object modules/ec/zephyr/CMakeFiles/ec_shim.dir/shim/src/hooks.c.obj
[npcx-aic:ro] INFO: Verified 1 GPIOs, no duplicates found
[npcx-aic:ro] INFO: Verified 28 '*-gpios' properties, all flags match.
[npcx-aic:ro] INFO: Skipped 1 named-gpios children.
[francka:ro] [243/396] Building C object modules/ec/zephyr/CMakeFiles/ec_shim.dir/shim/src/console_buffer.c.obj
[francka:rw] [127/396] Building C object zephyr/lib/libc/common/CMakeFiles/lib__libc__common.dir/source/stdlib/malloc.c.obj
[francka:rw] [128/396] Building C object zephyr/lib/posix/c_lib_ext/CMakeFiles/lib__posix__c_lib_ext.dir/getentropy.c.obj
[francka:ro] [244/396] Building C object modules/ec/zephyr/CMakeFiles/ec_shim.dir/shim/src/mkbp_event.c.obj
[francka:rw] [129/396] Linking C static library zephyr/lib/libc/common/liblib__libc__common.a
[xivu:ro] -- Found assembler: /home/jpmurphy/.cache/coreboot-sdk/arm-eabi/ea40ddd1d190c3b48435c474c0b545719371813a/bin/arm-eabi-gcc
[xivu:ro] -- Performing EC specific devicetree checks
[francka:rw] [130/396] Building C object zephyr/lib/posix/c_lib_ext/CMakeFiles/lib__posix__c_lib_ext.dir/getopt_shim.c.obj
[npcx-aic:ro] -- warning_base_override: -Wall;-Wformat;-Wformat-security;-Wformat;-Wno-format-zero-length;-Wno-pointer-sign;-Wpointer-arith;-Wexpansion-to-defined
[francka:rw] [131/396] Building C object zephyr/subsys/crc/CMakeFiles/subsys__crc.dir/crc4_sw.c.obj
[francka:rw] [132/396] Linking C static library zephyr/lib/posix/c_lib_ext/liblib__posix__c_lib_ext.a
[rull:rw] -- Performing EC specific devicetree checks
[xivu:ro] INFO: Verified 53 GPIOs, no duplicates found
[xivu:ro] INFO: Verified 20 '*-gpios' properties, all flags match.
[francka:rw] [133/396] Building C object zephyr/subsys/crc/CMakeFiles/subsys__crc.dir/crc16_sw.c.obj
[francka:rw] [134/396] Building C object zephyr/subsys/crc/CMakeFiles/subsys__crc.dir/crc8_sw.c.obj
[francka:ro] [245/396] Building C object modules/ec/zephyr/CMakeFiles/ec_shim.dir/shim/src/panic.c.obj
[francka:ro] [246/396] Building C object modules/ec/zephyr/CMakeFiles/ec_shim.dir/shim/src/motionsense_sensors.c.obj
[francka:ro] [247/396] Building C object modules/ec/zephyr/CMakeFiles/ec_shim.dir/shim/src/pwm_hc.c.obj
[rull:rw] INFO: Verified 47 GPIOs, no duplicates found
[rull:rw] INFO: Verified 23 '*-gpios' properties, all flags match.
[rull:rw] INFO: Skipped 14 named-gpios children.
[francka:ro] [248/396] Building C object modules/ec/zephyr/CMakeFiles/ec_shim.dir/shim/src/thermal.c.obj
[francka:rw] [135/396] Building C object zephyr/subsys/crc/CMakeFiles/subsys__crc.dir/crc7_sw.c.obj
[francka:ro] [249/396] Building C object modules/ec/zephyr/CMakeFiles/ec_shim.dir/shim/src/hwtimer.c.obj
[francka:rw] [136/396] Building C object zephyr/subsys/crc/CMakeFiles/subsys__crc.dir/crc24_sw.c.obj
[npcx-aic:ro] -- Found gen_kobject_list: /mnt/host/source/src/third_party/zephyr/main/scripts/build/gen_kobject_list.py
[xivu:ro] -- Generating component manifest file
[francka:rw] [137/396] Building C object zephyr/subsys/crc/CMakeFiles/subsys__crc.dir/crc32c_sw.c.obj
[npcx-aic:ro] CMake Warning at /mnt/host/source/src/third_party/zephyr/main/CMakeLists.txt:2359 (message):
[rull:rw] -- Generating component manifest file
[francka:ro] [250/396] Building C object modules/ec/zephyr/CMakeFiles/ec_shim.dir/shim/src/temp_sensors.c.obj
[francka:ro] [251/396] cd /mnt/host/source/src/platform/ec/build/zephyr/francka/build-ro/modules/ec/zephyr && PYTHONPATH=/mnt/host/source/src/platform/ec/build/zephyr/francka/modules/ec/zephyr/zmake/ /usr/bin/python3.11 /mnt/host/source/src/platform/ec/build/zephyr/francka/modules/ec/zephyr/zmake/zephyr_build_tools/generate_ec_version.py /mnt/host/source/src/platform/ec/build/zephyr/francka/build-ro/modules/ec/zephyr/include/ec_version.h --name Zephyr-Kernel --version 16543.0.0 --static
[francka:ro] INFO:root:Using a static version string
[francka:rw] [138/396] Building C object zephyr/subsys/crc/CMakeFiles/subsys__crc.dir/crc32_sw.c.obj
[npcx-aic:ro] -- Configuring done (15.7s)
[francka:rw] [139/396] Building C object zephyr/subsys/crc/CMakeFiles/subsys__crc.dir/crc32k_4_2_sw.c.obj
[xivu:ro] INFO: Skipped 18 named-gpios children.
[xivu:ro] INFO: Running CME, outputting to /mnt/host/source/src/platform/ec/build/zephyr/xivu/build-ro/zephyr/component_manifest.json
[xivu:ro] INFO: Component virtual-mux-0(cros-ec,usbc-mux-virtual) not on I2C bus, skip it
[xivu:ro] INFO: Component virtual-mux-1(cros-ec,usbc-mux-virtual) not on I2C bus, skip it
[xivu:ro] INFO: Component virtual-mux-1(cros-ec,usbc-mux-virtual) not on I2C bus, skip it
[francka:rw] [140/396] Building C object zephyr/lib/smf/CMakeFiles/lib__smf.dir/smf.c.obj
[francka:rw] [141/396] Linking C static library zephyr/subsys/crc/libsubsys__crc.a
[rull:rw] INFO: Running CME, outputting to /mnt/host/source/src/platform/ec/build/zephyr/rull/build-rw/zephyr/component_manifest.json
[xivu:ro] -- warning_base_override: -Wall;-Wformat;-Wformat-security;-Wformat;-Wno-format-zero-length;-Wno-pointer-sign;-Wpointer-arith;-Wexpansion-to-defined
[rull:rw] -- warning_base_override: -Wall;-Wformat;-Wformat-security;-Wformat;-Wno-format-zero-length;-Wno-pointer-sign;-Wpointer-arith;-Wexpansion-to-defined
[francka:rw] [142/396] Linking C static library zephyr/lib/smf/liblib__smf.a
[francka:ro] INFO:root:Version string: Zephyr-Kernel-16543.0.0
[francka:ro] INFO:root:Writing header to /mnt/host/source/src/platform/ec/build/zephyr/francka/build-ro/modules/ec/zephyr/include/ec_version.h
[francka:ro] [252/396] Building C object modules/ec/zephyr/CMakeFiles/ec_shim.dir/shim/src/i2c.c.obj
[/mnt/host/source/src/platform/ec/build/zephyr/sapphire-lcov]   /mnt/host/source/src/platform/ec/build/zephyr/sapphire/build-ro/CMakeFiles/app.dir/mnt/host/source/src/platform/ec/build/zephyr/sapphire/modules/ec/common/chargen.c.gcno:no functions found
[/mnt/host/source/src/platform/ec/build/zephyr/sapphire-lcov] stderr:
[francka:rw] [143/396] Building C object zephyr/subsys/input/CMakeFiles/subsys__input.dir/input_hid.c.obj
[npcx-aic:ro] -- Generating done (0.4s)
[npcx-aic:ro]   __ASSERT() statements are globally ENABLED
[npcx-aic:ro] CMake Warning:
[npcx-aic:ro]   Manually-specified variables were not used by the project:
[npcx-aic:ro]     COREBOOT_SDK_ROOT_libstdcxx_riscv64
[npcx-aic:ro]     COREBOOT_SDK_ROOT_libstdcxx_x86
[npcx-aic:ro]     COREBOOT_SDK_ROOT_nds32
[npcx-aic:ro]     COREBOOT_SDK_ROOT_picolibc_riscv64
[npcx-aic:ro]     COREBOOT_SDK_ROOT_picolibc_x86
[npcx-aic:ro]     COREBOOT_SDK_ROOT_riscv
[npcx-aic:ro]     COREBOOT_SDK_ROOT_riscv64
[npcx-aic:ro]     COREBOOT_SDK_ROOT_x86
[npcx-aic:ro] -- Build files have been written to: /mnt/host/source/src/platform/ec/build/zephyr/npcx-aic/build-ro
[xivu:ro] -- Found gen_kobject_list: /mnt/host/source/src/third_party/zephyr/main/scripts/build/gen_kobject_list.py
[rull:rw] -- Found gen_kobject_list: /mnt/host/source/src/third_party/zephyr/main/scripts/build/gen_kobject_list.py
Running (initial) lcov on /mnt/host/source/src/platform/ec/build/zephyr/matsu.
[francka:ro] [253/396] Building C object modules/ec/zephyr/CMakeFiles/ec_shim.dir/shim/src/power_host_sleep_api.c.obj
[francka:ro] [254/396] Building C object modules/ec/zephyr/CMakeFiles/ec_shim.dir/shim/src/watchdog.c.obj
[francka:ro] [255/396] Building C object modules/ec/zephyr/CMakeFiles/ec_shim.dir/shim/src/tasks.c.obj
[francka:ro] [256/396] Building C object zephyr/kernel/CMakeFiles/kernel.dir/main_weak.c.obj
[francka:ro] [257/396] Building C object CMakeFiles/app.dir/mnt/host/source/src/platform/ec/zephyr/subsys/ap_pwrseq/ap_events.c.obj
[xivu:ro] -- Configuring done (16.5s)
[francka:ro] [258/396] Building C object modules/ec/zephyr/CMakeFiles/ec_shim.dir/shim/src/usba.c.obj
[francka:rw] [144/396] Building C object zephyr/subsys/input/CMakeFiles/subsys__input.dir/input.c.obj
[rull:rw] -- Configuring done (16.2s)
[francka:rw] [145/396] Building C object zephyr/subsys/input/CMakeFiles/subsys__input.dir/input_utils.c.obj
Running `env -i PYTHONPATH=/usr/lib64/python-exec/python3.11:/mnt/host/source/src/platform/ec/zephyr/zmake:/usr/lib/python311.zip:/usr/lib/python3.11:/usr/lib/python3.11/lib-dynload:/usr/lib/python3.11/site-packages PW_PIGWEED_CIPD_INSTALL_DIR=/usr CROSTC_USER_ACKNOWLEDGES_THAT_RISCV_IS_EXPERIMENTAL=1 PATH=/mnt/host/source/chromite/bin:/usr/local/bin:/usr/bin:/bin:/opt/bin:/mnt/host/source/chromite/sdk/bin:/mnt/host/source/chromite/bin HOME=/home/jpmurphy JAVA_HOME=/etc/java-config-2/current-system-vm JDK_HOME=/etc/java-config-2/current-system-vm JAVAC=/etc/java-config-2/current-system-vm/bin/javac MAKEFLAGS=' -j16 --jobserver-auth=5,6' /usr/bin/lcov --gcov-tool /mnt/host/source/src/platform/ec/build/zephyr/matsu/build-rw/gcov.sh -q -o - -c -d /mnt/host/source/src/platform/ec/build/zephyr/matsu -t matsu --rc branch_coverage=1 --filter range --ignore-errors inconsistent,source --ignore-errors gcov,gcov -i`
[francka:rw] [146/396] Linking C static library zephyr/subsys/input/libsubsys__input.a
[xivu:ro] -- Generating done (0.6s)
[xivu:ro] CMake Warning:
[xivu:ro]   Manually-specified variables were not used by the project:
[xivu:ro]     COREBOOT_SDK_ROOT_libstdcxx_riscv64
[xivu:ro]     COREBOOT_SDK_ROOT_libstdcxx_x86
[xivu:ro]     COREBOOT_SDK_ROOT_nds32
[xivu:ro]     COREBOOT_SDK_ROOT_picolibc_riscv64
[xivu:ro]     COREBOOT_SDK_ROOT_picolibc_x86
[xivu:ro]     COREBOOT_SDK_ROOT_riscv
[xivu:ro]     COREBOOT_SDK_ROOT_riscv64
[xivu:ro]     COREBOOT_SDK_ROOT_x86
[xivu:ro] -- Build files have been written to: /mnt/host/source/src/platform/ec/build/zephyr/xivu/build-ro
[rull:rw] -- Generating done (0.5s)
[rull:rw] INFO: Project rull does not support SSFC
[rull:rw] INFO: Component usbpd@f03700(ite,it8xxx2-usbpd) not on I2C bus, skip it
[rull:rw] INFO: Component virtual-mux-0(cros-ec,usbc-mux-virtual) not on I2C bus, skip it
[rull:rw] INFO: Component usbpd@f03800(ite,it8xxx2-usbpd) not on I2C bus, skip it
[rull:rw] INFO: Component virtual-mux-1(cros-ec,usbc-mux-virtual) not on I2C bus, skip it
[rull:rw] INFO: Component virtual-mux-1(cros-ec,usbc-mux-virtual) not on I2C bus, skip it
[rull:rw] INFO: No motionsense-sensor node found
[rull:rw] CMake Warning:
[rull:rw] -- Build files have been written to: /mnt/host/source/src/platform/ec/build/zephyr/rull/build-rw
[francka:rw] [147/396] Building C object zephyr/drivers/interrupt_controller/CMakeFiles/drivers__interrupt_controller.dir/intc_miwu.c.obj
[francka:ro] [259/396] Building C object CMakeFiles/app.dir/mnt/host/source/src/platform/ec/zephyr/subsys/ap_pwrseq/ap_power_interface.c.obj
[francka:rw] [148/396] Linking C static library zephyr/drivers/interrupt_controller/libdrivers__interrupt_controller.a
[francka:ro] [260/396] Building C object CMakeFiles/app.dir/mnt/host/source/src/platform/ec/zephyr/subsys/ap_pwrseq/power_signals.c.obj
[rull:rw]   Manually-specified variables were not used by the project:
[rull:rw]     COREBOOT_SDK_ROOT_arm
[rull:rw]     COREBOOT_SDK_ROOT_libstdcxx_arm
[rull:rw]     COREBOOT_SDK_ROOT_libstdcxx_x86
[rull:rw]     COREBOOT_SDK_ROOT_nds32
[rull:rw]     COREBOOT_SDK_ROOT_picolibc_arm
[rull:rw]     COREBOOT_SDK_ROOT_picolibc_x86
[rull:rw]     COREBOOT_SDK_ROOT_riscv
[rull:rw]     COREBOOT_SDK_ROOT_x86
[xivu:rw] Building: /usr/bin/ninja -C /mnt/host/source/src/platform/ec/build/zephyr/xivu/build-rw all.libraries
Running `env -i SHELL=/bin/bash COLORTERM=truecolor DEPOT_TOOLS_UPDATE=0 LESS='-R -M --shift 5' SUDO_GID=0 JDK_HOME=/etc/java-config-2/current-system-vm CONFIG_PROTECT_MASK='/etc/gentoo-release /etc/sandbox.d /etc/fonts/fonts.conf /etc/terminfo /etc/ca-certificates.conf /etc/revdep-rebuild' CHROMEOS_CACHEDIR=/var/cache/chromeos-cache JAVA_HOME=/etc/java-config-2/current-system-vm SSH_AUTH_SOCK=/tmp/ssh-auth-sock SUDO_COMMAND=/bin/bash SUDO_USER=root SUDO_TTY=/dev/pts/2 EDITOR=/usr/bin/vi PWD=/mnt/host/source/src/platform/ec CONFIG_PROTECT=/usr/share/gnupg/qualified.txt LOGNAME=jpmurphy MANPATH=/etc/java-config-2/current-system-vm/man:/usr/local/share/man:/usr/share/man:/usr/share/gcc-data/x86_64-pc-linux-gnu/10.2.0/man:/usr/share/binutils-data/x86_64-pc-linux-gnu/2.45/man:/etc/java-config-2/current-system-vm/man/ SUDO_HOME=/root XAUTHORITY=/run/user/944457/gdm/Xauthority HOME=/home/jpmurphy LANG=C.UTF-8 LS_COLORS='rs=0:di=01;34:ln=01;36:mh=00:pi=40;33:so=01;35:do=01;35:bd=40;33;01:cd=40;33;01:or=01;05;37;41:mi=01;05;37;41:su=37;41:sg=30;43:ca=30;41:tw=30;42:ow=34;42:st=37;44:ex=01;32:*.tar=01;31:*.tgz=01;31:*.arc=01;31:*.arj=01;31:*.taz=01;31:*.lha=01;31:*.lz4=01;31:*.lzh=01;31:*.lzma=01;31:*.tlz=01;31:*.txz=01;31:*.tzo=01;31:*.t7z=01;31:*.zip=01;31:*.z=01;31:*.dz=01;31:*.gz=01;31:*.lrz=01;31:*.lz=01;31:*.lzo=01;31:*.xz=01;31:*.zst=01;31:*.tzst=01;31:*.bz2=01;31:*.bz=01;31:*.tbz=01;31:*.tbz2=01;31:*.tz=01;31:*.deb=01;31:*.rpm=01;31:*.jar=01;31:*.war=01;31:*.ear=01;31:*.sar=01;31:*.rar=01;31:*.alz=01;31:*.ace=01;31:*.zoo=01;31:*.cpio=01;31:*.7z=01;31:*.rz=01;31:*.cab=01;31:*.wim=01;31:*.swm=01;31:*.dwm=01;31:*.esd=01;31:*.jpg=01;35:*.jpeg=01;35:*.mjpg=01;35:*.mjpeg=01;35:*.gif=01;35:*.bmp=01;35:*.pbm=01;35:*.pgm=01;35:*.ppm=01;35:*.tga=01;35:*.xbm=01;35:*.xpm=01;35:*.tif=01;35:*.tiff=01;35:*.png=01;35:*.svg=01;35:*.svgz=01;35:*.mng=01;35:*.pcx=01;35:*.mov=01;35:*.mpg=01;35:*.mpeg=01;35:*.m2v=01;35:*.mkv=01;35:*.webm=01;35:*.webp=01;35:*.ogm=01;35:*.mp4=01;35:*.m4v=01;35:*.mp4v=01;35:*.vob=01;35:*.qt=01;35:*.nuv=01;35:*.wmv=01;35:*.asf=01;35:*.rm=01;35:*.rmvb=01;35:*.flc=01;35:*.avi=01;35:*.fli=01;35:*.flv=01;35:*.gl=01;35:*.dl=01;35:*.xcf=01;35:*.xwd=01;35:*.yuv=01;35:*.cgm=01;35:*.emf=01;35:*.ogv=01;35:*.ogx=01;35:*.cfg=00;32:*.conf=00;32:*.diff=00;32:*.doc=00;32:*.ini=00;32:*.log=00;32:*.patch=00;32:*.pdf=00;32:*.ps=00;32:*.tex=00;32:*.txt=00;32:*.aac=00;36:*.au=00;36:*.flac=00;36:*.m4a=00;36:*.mid=00;36:*.midi=00;36:*.mka=00;36:*.mp3=00;36:*.mpc=00;36:*.ogg=00;36:*.ra=00;36:*.wav=00;36:*.oga=00;36:*.opus=00;36:*.spx=00;36:*.xspf=00;36:' XDG_CURRENT_DESKTOP=GNOME INFOPATH=/usr/share/info:/usr/share/gcc-data/x86_64-pc-linux-gnu/10.2.0/info:/usr/share/binutils-data/x86_64-pc-linux-gnu/2.45/info:/usr/share/automake-1.16.5/info JAVAC=/etc/java-config-2/current-system-vm/bin/javac TERM=xterm-256color LESSOPEN='|lesspipe %s' USER=jpmurphy CROS_WORKON_SRCROOT=/mnt/host/source MANPAGER=manpager DISPLAY=:1 SHLVL=1 LC_MESSAGES=C EXTERNAL_TRUNK_PATH=/mnt/8f9d649a-3721-44cc-93c0-e6bd21a9689f/chromiumos GCC_SPECS='' PATH=/mnt/host/source/chromite/bin:/usr/local/bin:/usr/bin:/bin:/opt/bin:/mnt/host/source/chromite/sdk/bin:/mnt/host/source/chromite/bin PORTAGE_USERNAME=jpmurphy SUDO_UID=0 GCC_VER=10.2.0 MAIL=/var/mail/jpmurphy OLDPWD=/mnt/host/source/src/scripts traceparent=00-e87aca51550a78635907baa6a2476181-6d684811675d2973-01 _=./zephyr/firmware_builder.py COREBOOT_SDK_ROOT_x86=/home/jpmurphy/.cache/coreboot-sdk/i386-elf/dfbb0486385d938cfa9d73080b9d18d598ed4f49 COREBOOT_SDK_ROOT_picolibc_x86=/home/jpmurphy/.cache/coreboot-sdk/picolibc-i386-elf/eb8e8e687b95461de8cbf278f1c2076952d0ad17 COREBOOT_SDK_ROOT_riscv64=/home/jpmurphy/.cache/coreboot-sdk/riscv64-elf/96b949749225b6aaa92ed810ab769e8dfb12f000 COREBOOT_SDK_ROOT_picolibc_arm=/home/jpmurphy/.cache/coreboot-sdk/picolibc-arm-eabi/422a2aa3e1ef891b5bece9a3deb696ff83840d2e COREBOOT_SDK_ROOT_nds32=/home/jpmurphy/.cache/coreboot-sdk/nds32le-elf/d1a518c4a097666d86058e1444f85ca015d15511 COREBOOT_SDK_ROOT_picolibc_riscv64=/home/jpmurphy/.cache/coreboot-sdk/picolibc-riscv64-elf/f571e990ef0278564b31124f8bb109d9a697eb69 COREBOOT_SDK_ROOT_arm=/home/jpmurphy/.cache/coreboot-sdk/arm-eabi/ea40ddd1d190c3b48435c474c0b545719371813a COREBOOT_SDK_ROOT_libstdcxx_riscv64=/home/jpmurphy/.cache/coreboot-sdk/libstdcxx-riscv64-elf/17abf22a3a252e2d5d2062ced5324f7a623689e0 COREBOOT_SDK_ROOT_libstdcxx_arm=/home/jpmurphy/.cache/coreboot-sdk/libstdcxx-arm-eabi/5d7d82e150e44aa1968f1d366e267e6687b328ac COREBOOT_SDK_ROOT_riscv=/home/jpmurphy/.cache/coreboot-sdk/riscv-elf/9a27b9e82341c6e9126624f516ab3f261abb3e73 COREBOOT_SDK_ROOT_libstdcxx_x86=/home/jpmurphy/.cache/coreboot-sdk/libstdcxx-i386-elf/42ef9d2e87a76a37963175d7d428734e65648b87 PYTHONPATH=/mnt/host/source/src/platform/ec/zephyr/zmake PW_PIGWEED_CIPD_INSTALL_DIR=/usr CROSTC_USER_ACKNOWLEDGES_THAT_RISCV_IS_EXPERIMENTAL=1 MAKEFLAGS=' -j16 --jobserver-auth=5,6' /usr/bin/ninja -C /mnt/host/source/src/platform/ec/build/zephyr/xivu/build-rw all.libraries`
[xivu:rw] ninja: Entering directory `/mnt/host/source/src/platform/ec/build/zephyr/xivu/build-rw'
[francka:rw] [149/396] Building C object zephyr/drivers/adc/CMakeFiles/drivers__adc.dir/adc_common.c.obj
[francka:ro] [261/396] Building C object CMakeFiles/app.dir/mnt/host/source/src/platform/ec/zephyr/subsys/ap_pwrseq/signal_gpio.c.obj
[francka:ro] [262/396] Building C object CMakeFiles/app.dir/mnt/host/source/src/platform/ec/zephyr/subsys/ap_pwrseq/power_host_sleep.c.obj
[francka:ro] [263/396] Building C object CMakeFiles/app.dir/mnt/host/source/src/platform/ec/zephyr/subsys/ap_pwrseq/x86_non_dsx_chipset_power_state.c.obj
[francka:ro] [264/396] Building C object CMakeFiles/app.dir/mnt/host/source/src/platform/ec/zephyr/subsys/ap_pwrseq/signal_vw.c.obj
[francka:ro] [265/396] Building C object CMakeFiles/app.dir/mnt/host/source/src/platform/ec/zephyr/subsys/ap_pwrseq/x86_non_dsx_common_pwrseq_sm_handler.c.obj
[francka:rw] [150/396] Building C object zephyr/drivers/adc/CMakeFiles/drivers__adc.dir/adc_npcx.c.obj
[moonstone:ro] -- Generating done (6.5s)
[moonstone:ro] CMake Warning:
[francka:rw] [151/396] Linking C static library zephyr/drivers/adc/libdrivers__adc.a
[francka:rw] [152/396] Building C object zephyr/drivers/bbram/CMakeFiles/drivers__bbram.dir/bbram_npcx.c.obj
[xivu:rw] [1/407] Generating include/generated/zephyr/version.h
[xivu:rw] -- git describe warned: warning: tag 'upstream/v2.7.99' is externally known as 'v2.7.99'
[xivu:rw] -- Zephyr version: 4.3.99 (/mnt/host/source/src/third_party/zephyr/main)
[xivu:rw] [2/407] Preparing syscall dependency handling
[francka:rw] [153/396] Linking C static library zephyr/drivers/bbram/libdrivers__bbram.a
[/mnt/host/source/src/platform/ec/build/zephyr/matsu-lcov] geninfo: WARNING: using JSON module "JSON::PP" - which is much slower than some alternatives.  Consider installing one of JSON::XS or Cpanel::JSON::XS
[francka:ro] [266/396] Building C object CMakeFiles/app.dir/mnt/host/source/src/platform/ec/zephyr/subsys/ap_pwrseq/x86_non_dsx_common_pwrseq_host_sleep.c.obj
[xivu:rw] [3/407] Generating misc/generated/syscalls_subdirs.trigger
[francka:rw] [154/396] Building C object zephyr/drivers/clock_control/CMakeFiles/drivers__clock_control.dir/clock_control_npcx.c.obj
[francka:ro] [267/396] Building C object CMakeFiles/app.dir/mnt/host/source/src/platform/ec/zephyr/subsys/ap_pwrseq/x86_non_dsx_common_pwrseq_console.c.obj
[francka:rw] [155/396] Linking C static library zephyr/drivers/clock_control/libdrivers__clock_control.a
[francka:ro] [268/396] Building C object CMakeFiles/app.dir/mnt/host/source/src/platform/ec/zephyr/subsys/ap_pwrseq/x86_non_dsx_common_pwrseq_host_command.c.obj
[francka:ro] [269/396] Building C object CMakeFiles/app.dir/mnt/host/source/src/platform/ec/zephyr/subsys/ap_pwrseq/x86_non_dsx_mtl_pwrseq_sm.c.obj
[francka:ro] [270/396] Building C object CMakeFiles/app.dir/mnt/host/source/src/platform/ec/zephyr/subsys/ap_pwrseq/ap_reset_log.c.obj
[moonstone:ro] -- Build files have been written to: /mnt/host/source/src/platform/ec/build/zephyr/moonstone/build-ro
[moonstone:ro]   Manually-specified variables were not used by the project:
[moonstone:ro]     COREBOOT_SDK_ROOT_arm
[moonstone:ro]     COREBOOT_SDK_ROOT_libstdcxx_arm
[moonstone:ro]     COREBOOT_SDK_ROOT_libstdcxx_x86
[moonstone:ro]     COREBOOT_SDK_ROOT_nds32
[moonstone:ro]     COREBOOT_SDK_ROOT_picolibc_arm
[moonstone:ro]     COREBOOT_SDK_ROOT_picolibc_x86
[moonstone:ro]     COREBOOT_SDK_ROOT_riscv
[moonstone:ro]     COREBOOT_SDK_ROOT_x86
[moonstone:ro]     PW_ROOT
[francka:ro] [271/396] Building C object CMakeFiles/app.dir/mnt/host/source/src/platform/ec/zephyr/subsys/pd_controller/pdc_pmc_debug.c.obj
[francka:rw] [156/396] Building C object zephyr/drivers/console/CMakeFiles/drivers__console.dir/uart_console.c.obj
[xivu:rw] [4/407] cd /mnt/host/source/src/platform/ec/build/zephyr/xivu/build-rw/modules/ec/zephyr && PYTHONPATH=/mnt/host/source/src/platform/ec/build/zephyr/xivu/modules/ec/zephyr/zmake/ /usr/bin/python3.11 /mnt/host/source/src/platform/ec/build/zephyr/xivu/modules/ec/zephyr/zmake/zephyr_build_tools/generate_ec_version.py /mnt/host/source/src/platform/ec/build/zephyr/xivu/build-rw/modules/ec/zephyr/include/ec_version.h --name Zephyr-Kernel --version 16543.0.0 --static
[xivu:rw] INFO:root:Using a static version string
[francka:rw] [157/396] Linking C static library zephyr/drivers/console/libdrivers__console.a
[francka:ro] [272/396] Building C object CMakeFiles/app.dir/mnt/host/source/src/platform/ec/zephyr/subsys/pd_controller/pdc_console.c.obj
[xivu:rw] INFO:root:Version string: Zephyr-Kernel-16543.0.0
[xivu:rw] INFO:root:Writing header to /mnt/host/source/src/platform/ec/build/zephyr/xivu/build-rw/modules/ec/zephyr/include/ec_version.h
[xivu:rw] [5/407] Generating misc/generated/syscalls.json, misc/generated/struct_tags.json
[francka:rw] [158/396] Building C object zephyr/drivers/espi/CMakeFiles/drivers__espi.dir/espi_npcx.c.obj
[francka:ro] [273/396] Building C object CMakeFiles/app.dir/mnt/host/source/src/platform/ec/zephyr/subsys/pd_controller/pdc_host_cmd.c.obj
[francka:ro] [274/396] Building C object CMakeFiles/app.dir/mnt/host/source/src/platform/ec/zephyr/subsys/pd_controller/pdc_stub.c.obj
[xivu:rw] [6/407] Generating include/generated/zephyr/syscall_dispatch.c, include/generated/zephyr/syscall_exports_llext.c, syscall_weakdefs_llext.c, include/generated/zephyr/syscall_list.h
[francka:rw] [159/396] Building C object zephyr/drivers/espi/CMakeFiles/drivers__espi.dir/host_subs_npcx.c.obj
[francka:rw] [160/396] Linking C static library zephyr/drivers/espi/libdrivers__espi.a
[francka:ro] [275/396] Building C object CMakeFiles/app.dir/mnt/host/source/src/platform/ec/zephyr/subsys/pd_controller/pdc_power_mgmt.c.obj
[francka:ro] [276/396] Building C object CMakeFiles/app.dir/mnt/host/source/src/platform/ec/build/zephyr/francka/modules/ec/builtin/stdlib.c.obj
[xivu:rw] [7/407] Generating include/generated/zephyr/driver-validation.h
[/mnt/host/source/src/platform/ec/build/zephyr/matsu-lcov] stderr:
[francka:ro] [277/396] Building C object CMakeFiles/app.dir/mnt/host/source/src/platform/ec/zephyr/subsys/pd_controller/pdc_runtime_port_config.c.obj
[francka:ro] [278/396] Building C object CMakeFiles/app.dir/mnt/host/source/src/platform/ec/zephyr/subsys/pd_controller/pdc_dpm.c.obj
[francka:ro] [279/396] Building C object CMakeFiles/app.dir/mnt/host/source/src/platform/ec/build/zephyr/francka/modules/ec/common/base32.c.obj
[francka:rw] [161/396] Building C object zephyr/drivers/flash/CMakeFiles/drivers__flash.dir/jesd216.c.obj
[xivu:rw] [8/407] Generating include/generated/zephyr/kobj-types-enum.h, include/generated/zephyr/otype-to-str.h, include/generated/zephyr/otype-to-size.h
[xivu:rw] [9/407] Generating include/generated/device-api-sections.ld, include/generated/device-api-sections.cmake
[/mnt/host/source/src/platform/ec/build/zephyr/matsu-lcov]   /mnt/host/source/src/platform/ec/build/zephyr/matsu/build-ro/modules/ec/zephyr/CMakeFiles/ec_shim.dir/shim/src/thermal.c.gcno:no functions found
[/mnt/host/source/src/platform/ec/build/zephyr/matsu-lcov] stderr:
[francka:ro] [280/396] Building C object CMakeFiles/app.dir/mnt/host/source/src/platform/ec/build/zephyr/francka/modules/ec/common/console_output.c.obj
[francka:rw] [162/396] Building C object zephyr/drivers/flash/CMakeFiles/drivers__flash.dir/flash_npcx_fiu_nor.c.obj
[/mnt/host/source/src/platform/ec/build/zephyr/tentacruel-lcov]   /mnt/host/source/src/platform/ec/build/zephyr/tentacruel/build-ro/CMakeFiles/app.dir/mnt/host/source/src/platform/ec/build/zephyr/tentacruel/modules/ec/common/cbi_config.c.gcno:no functions found
[/mnt/host/source/src/platform/ec/build/zephyr/tentacruel-lcov] stderr:
[francka:ro] [281/396] Building C object CMakeFiles/app.dir/mnt/host/source/src/platform/ec/build/zephyr/francka/modules/ec/common/ec_features.c.obj
[francka:rw] [163/396] Building C object zephyr/drivers/flash/CMakeFiles/drivers__flash.dir/flash_npcx_fiu_qspi.c.obj
[francka:ro] [282/396] Building C object CMakeFiles/app.dir/mnt/host/source/src/platform/ec/build/zephyr/francka/modules/ec/common/gpio_commands.c.obj
[/mnt/host/source/src/platform/ec/build/zephyr/matsu-lcov]   /mnt/host/source/src/platform/ec/build/zephyr/matsu/build-ro/modules/ec/zephyr/CMakeFiles/ec_shim.dir/shim/src/battery.c.gcno:no functions found
[/mnt/host/source/src/platform/ec/build/zephyr/matsu-lcov] stderr:
[francka:rw] [164/396] Linking C static library zephyr/drivers/flash/libdrivers__flash.a
[francka:rw] [165/396] Building C object zephyr/drivers/gpio/CMakeFiles/drivers__gpio.dir/gpio_npcx.c.obj
[francka:ro] [283/396] Building C object CMakeFiles/app.dir/mnt/host/source/src/platform/ec/build/zephyr/francka/modules/ec/common/printf.c.obj
[francka:rw] [166/396] Linking C static library zephyr/drivers/gpio/libdrivers__gpio.a
[francka:rw] [167/396] Building C object zephyr/drivers/i2c/CMakeFiles/drivers__i2c.dir/i2c_common.c.obj
[francka:ro] [284/396] Building C object CMakeFiles/app.dir/mnt/host/source/src/platform/ec/build/zephyr/francka/modules/ec/common/peripheral.c.obj
[francka:ro] [285/396] Building C object CMakeFiles/app.dir/mnt/host/source/src/platform/ec/build/zephyr/francka/modules/ec/common/queue.c.obj
[francka:ro] [286/396] Building C object CMakeFiles/app.dir/mnt/host/source/src/platform/ec/build/zephyr/francka/modules/ec/common/system_boot_time.c.obj
[xivu:rw] [10/407] Building C object zephyr/CMakeFiles/offsets.dir/arch/arm/core/offsets/offsets.c.obj
[francka:ro] [287/396] Building C object CMakeFiles/app.dir/mnt/host/source/src/platform/ec/build/zephyr/francka/modules/ec/common/system.c.obj
[/mnt/host/source/src/platform/ec/build/zephyr/tentacruel-lcov]   /mnt/host/source/src/platform/ec/build/zephyr/tentacruel/build-ro/zephyr/arch/arch/riscv/core/CMakeFiles/arch__riscv__core.dir/cpu_idle.c.gcno:no functions found
[/mnt/host/source/src/platform/ec/build/zephyr/tentacruel-lcov] stderr:
[francka:ro] [288/396] Building C object CMakeFiles/app.dir/mnt/host/source/src/platform/ec/build/zephyr/francka/modules/ec/common/uart_printf.c.obj
[xivu:rw] [11/407] Generating include/generated/zephyr/offsets.h
[francka:rw] [168/396] Building C object zephyr/drivers/i2c/CMakeFiles/drivers__i2c.dir/i2c_shell.c.obj
[/mnt/host/source/src/platform/ec/build/zephyr/matsu-lcov]   /mnt/host/source/src/platform/ec/build/zephyr/matsu/build-ro/modules/ec/zephyr/CMakeFiles/ec_shim.dir/shim/src/charger.c.gcno:no functions found
[/mnt/host/source/src/platform/ec/build/zephyr/matsu-lcov] stderr:
[francka:ro] [289/396] Building C object CMakeFiles/app.dir/mnt/host/source/src/platform/ec/build/zephyr/francka/modules/ec/common/util.c.obj
[francka:ro] [290/396] Building C object CMakeFiles/app.dir/mnt/host/source/src/platform/ec/build/zephyr/francka/modules/ec/common/version.c.obj
[francka:rw] [169/396] Building C object zephyr/drivers/i2c/CMakeFiles/drivers__i2c.dir/i2c_npcx_controller.c.obj
[/mnt/host/source/src/platform/ec/build/zephyr/sapphire-lcov]   /mnt/host/source/src/platform/ec/build/zephyr/sapphire/build-ro/CMakeFiles/app.dir/mnt/host/source/src/platform/ec/build/zephyr/sapphire/modules/ec/common/cbi_config.c.gcno:no functions found
[/mnt/host/source/src/platform/ec/build/zephyr/sapphire-lcov] stderr:
[francka:rw] [170/396] Building C object zephyr/drivers/i2c/CMakeFiles/drivers__i2c.dir/i2c_npcx_controller_fifo.c.obj
[francka:rw] [171/396] Building C object zephyr/drivers/i2c/CMakeFiles/drivers__i2c.dir/i2c_npcx_port.c.obj
[francka:ro] [291/396] Building C object CMakeFiles/app.dir/mnt/host/source/src/platform/ec/build/zephyr/francka/modules/ec/common/power_button_x86.c.obj
[francka:rw] [172/396] Linking C static library zephyr/drivers/i2c/libdrivers__i2c.a
[francka:ro] [292/396] Building C object CMakeFiles/app.dir/mnt/host/source/src/platform/ec/build/zephyr/francka/modules/ec/common/motion_sense_fifo.c.obj
[francka:ro] [293/396] Building C object CMakeFiles/app.dir/mnt/host/source/src/platform/ec/build/zephyr/francka/modules/ec/driver/accel_bma4xx.c.obj
[xivu:rw] [12/407] Building C object CMakeFiles/app.dir/mnt/host/source/src/platform/ec/zephyr/subsys/ap_pwrseq/ap_events.c.obj
[francka:ro] [294/396] Building C object CMakeFiles/app.dir/mnt/host/source/src/platform/ec/build/zephyr/francka/modules/ec/common/adc.c.obj
[francka:ro] [295/396] Building C object CMakeFiles/app.dir/mnt/host/source/src/platform/ec/build/zephyr/francka/modules/ec/common/acpi.c.obj
[francka:rw] [173/396] Building C object zephyr/drivers/input/CMakeFiles/drivers__input.dir/input_kbd_matrix.c.obj
[francka:rw] [174/396] Building C object zephyr/drivers/pinctrl/CMakeFiles/drivers__pinctrl.dir/common.c.obj
[/mnt/host/source/src/platform/ec/build/zephyr/sapphire-lcov]   /mnt/host/source/src/platform/ec/build/zephyr/sapphire/build-ro/zephyr/arch/arch/riscv/core/CMakeFiles/arch__riscv__core.dir/cpu_idle.c.gcno:no functions found
[/mnt/host/source/src/platform/ec/build/zephyr/sapphire-lcov] stderr:
[/mnt/host/source/src/platform/ec/build/zephyr/tentacruel-lcov]   /mnt/host/source/src/platform/ec/build/zephyr/tentacruel/build-ro/zephyr/arch/common/CMakeFiles/isr_tables.dir/isr_tables.c.gcno:no functions found
[/mnt/host/source/src/platform/ec/build/zephyr/tentacruel-lcov] stderr:
[francka:ro] [296/396] Building C object CMakeFiles/app.dir/mnt/host/source/src/platform/ec/build/zephyr/francka/modules/ec/common/battery.c.obj
[francka:ro] [297/396] Building C object CMakeFiles/app.dir/mnt/host/source/src/platform/ec/build/zephyr/francka/modules/ec/common/battery_info.c.obj
[francka:rw] [175/396] Building C object zephyr/drivers/input/CMakeFiles/drivers__input.dir/input_npcx_kbd.c.obj
[francka:rw] [176/396] Building C object zephyr/drivers/pinctrl/CMakeFiles/drivers__pinctrl.dir/pinctrl_npcx.c.obj
[francka:ro] [298/396] Building C object CMakeFiles/app.dir/mnt/host/source/src/platform/ec/build/zephyr/francka/modules/ec/common/battery_fuel_gauge.c.obj
[francka:rw] [177/396] Linking C static library zephyr/drivers/input/libdrivers__input.a
[francka:rw] [178/396] Linking C static library zephyr/drivers/pinctrl/libdrivers__pinctrl.a
[francka:ro] [299/396] Building C object CMakeFiles/app.dir/mnt/host/source/src/platform/ec/build/zephyr/francka/modules/ec/driver/battery/smart.c.obj
[francka:rw] [179/396] Building C object zephyr/drivers/sensor/CMakeFiles/drivers__sensor.dir/mnt/host/source/src/third_party/zephyr/main/misc/empty_file.c.obj
[francka:rw] [180/396] Linking C static library zephyr/drivers/sensor/libdrivers__sensor.a
[francka:rw] [181/396] Building C object zephyr/drivers/pwm/CMakeFiles/drivers__pwm.dir/pwm_shell.c.obj
[francka:ro] [300/396] Building C object CMakeFiles/app.dir/mnt/host/source/src/platform/ec/build/zephyr/francka/modules/ec/driver/charger/isl923x.c.obj
[xivu:rw] [13/407] Building C object CMakeFiles/app.dir/mnt/host/source/src/platform/ec/zephyr/subsys/ap_pwrseq/ap_power_interface.c.obj
[/mnt/host/source/src/platform/ec/build/zephyr/matsu-lcov]   /mnt/host/source/src/platform/ec/build/zephyr/matsu/build-ro/modules/ec/zephyr/CMakeFiles/ec_shim.dir/shim/src/usba.c.gcno:no functions found
[/mnt/host/source/src/platform/ec/build/zephyr/matsu-lcov] stderr:
[francka:rw] [182/396] Building C object zephyr/drivers/pwm/CMakeFiles/drivers__pwm.dir/pwm_npcx.c.obj
[francka:ro] [301/396] Building C object CMakeFiles/app.dir/mnt/host/source/src/platform/ec/build/zephyr/francka/modules/ec/driver/charger/bq25710.c.obj
[francka:ro] [302/396] Building C object CMakeFiles/app.dir/mnt/host/source/src/platform/ec/build/zephyr/francka/modules/ec/common/charger.c.obj
[francka:rw] [183/396] Linking C static library zephyr/drivers/pwm/libdrivers__pwm.a
[francka:ro] [303/396] Building C object CMakeFiles/app.dir/mnt/host/source/src/platform/ec/build/zephyr/francka/modules/ec/common/charge_state.c.obj
[francka:ro] [304/396] Building C object CMakeFiles/app.dir/mnt/host/source/src/platform/ec/build/zephyr/francka/modules/ec/common/cbi_common.c.obj
[/mnt/host/source/src/platform/ec/build/zephyr/sapphire-lcov]   /mnt/host/source/src/platform/ec/build/zephyr/sapphire/build-ro/zephyr/arch/common/CMakeFiles/isr_tables.dir/isr_tables.c.gcno:no functions found
[/mnt/host/source/src/platform/ec/build/zephyr/sapphire-lcov] stderr:
[francka:ro] [305/396] Building C object CMakeFiles/app.dir/mnt/host/source/src/platform/ec/build/zephyr/francka/modules/ec/common/cbi.c.obj
[francka:ro] [306/396] Building C object CMakeFiles/app.dir/mnt/host/source/src/platform/ec/build/zephyr/francka/modules/ec/common/cbi_config.c.obj
[francka:rw] [184/396] Building C object zephyr/drivers/sensor/nuvoton/nuvoton_tach_npcx/CMakeFiles/drivers__sensor__nuvoton__nuvoton_tach_npcx.dir/tach_nuvoton_npcx.c.obj
[francka:ro] [307/396] Building C object CMakeFiles/app.dir/mnt/host/source/src/platform/ec/build/zephyr/francka/modules/ec/common/charge_manager.c.obj
[francka:rw] [185/396] Linking C static library zephyr/drivers/sensor/nuvoton/nuvoton_tach_npcx/libdrivers__sensor__nuvoton__nuvoton_tach_npcx.a
[francka:rw] [186/396] Building C object zephyr/drivers/syscon/CMakeFiles/drivers__syscon.dir/syscon.c.obj
[francka:ro] [308/396] Building C object CMakeFiles/app.dir/mnt/host/source/src/platform/ec/build/zephyr/francka/modules/ec/common/memory_commands.c.obj
[francka:rw] [187/396] Linking C static library zephyr/drivers/syscon/libdrivers__syscon.a
[francka:rw] [188/396] Building C object zephyr/drivers/serial/CMakeFiles/drivers__serial.dir/uart_npcx.c.obj
[francka:rw] [189/396] Building C object zephyr/drivers/timer/CMakeFiles/drivers__timer.dir/sys_clock_init.c.obj
[francka:rw] [190/396] Linking C static library zephyr/drivers/serial/libdrivers__serial.a
[xivu:rw] [14/407] Building C object CMakeFiles/app.dir/mnt/host/source/src/platform/ec/zephyr/subsys/ap_pwrseq/power_signals.c.obj
[francka:ro] [309/396] Building C object CMakeFiles/app.dir/mnt/host/source/src/platform/ec/build/zephyr/francka/modules/ec/common/dptf.c.obj
[francka:ro] [310/396] Building C object CMakeFiles/app.dir/mnt/host/source/src/platform/ec/build/zephyr/francka/modules/ec/common/ap_reset_log.c.obj
[francka:ro] [311/396] Building C object CMakeFiles/app.dir/mnt/host/source/src/platform/ec/build/zephyr/francka/modules/ec/common/espi.c.obj
[francka:ro] [312/396] Building C object CMakeFiles/app.dir/mnt/host/source/src/platform/ec/build/zephyr/francka/modules/ec/common/extpower_common.c.obj
[francka:ro] [313/396] Building C object CMakeFiles/app.dir/mnt/host/source/src/platform/ec/build/zephyr/francka/modules/ec/common/extpower_gpio.c.obj
[francka:rw] [191/396] Building C object zephyr/drivers/timer/CMakeFiles/drivers__timer.dir/npcx_itim_timer.c.obj
[francka:ro] [314/396] Building C object CMakeFiles/app.dir/mnt/host/source/src/platform/ec/build/zephyr/francka/modules/ec/common/fan.c.obj
[francka:rw] [192/396] Linking C static library zephyr/drivers/timer/libdrivers__timer.a
[francka:ro] [315/396] Building C object CMakeFiles/app.dir/mnt/host/source/src/platform/ec/build/zephyr/francka/modules/ec/common/flash.c.obj
[francka:rw] [193/396] Building C object zephyr/drivers/watchdog/CMakeFiles/drivers__watchdog.dir/wdt_npcx.c.obj
[francka:rw] [194/396] Building C object zephyr/drivers/watchdog/CMakeFiles/drivers__watchdog.dir/wdt_shell.c.obj
[francka:ro] [316/396] Building C object CMakeFiles/app.dir/mnt/host/source/src/platform/ec/build/zephyr/francka/modules/ec/common/host_command.c.obj
[francka:rw] [195/396] Linking C static library zephyr/drivers/watchdog/libdrivers__watchdog.a
[xivu:rw] [15/407] Building C object CMakeFiles/app.dir/mnt/host/source/src/platform/ec/zephyr/subsys/ap_pwrseq/signal_gpio.c.obj
[francka:ro] [317/396] Building C object CMakeFiles/app.dir/mnt/host/source/src/platform/ec/build/zephyr/francka/modules/ec/common/uart_hostcmd.c.obj
[francka:ro] [318/396] Building C object CMakeFiles/app.dir/mnt/host/source/src/platform/ec/build/zephyr/francka/modules/ec/common/host_command_task.c.obj
[francka:rw] [196/396] Building C object modules/ec/zephyr/CMakeFiles/ec_shim.dir/app/ec/ec_app_main.c.obj
[francka:ro] [319/396] Building C object CMakeFiles/app.dir/mnt/host/source/src/platform/ec/build/zephyr/francka/modules/ec/common/uptime.c.obj
[francka:ro] [320/396] Building C object CMakeFiles/app.dir/mnt/host/source/src/platform/ec/build/zephyr/francka/modules/ec/common/host_event_commands.c.obj
[francka:rw] [197/396] Building C object modules/ec/zephyr/CMakeFiles/ec_shim.dir/app/ec/main_shim.c.obj
[francka:ro] [321/396] Building C object CMakeFiles/app.dir/mnt/host/source/src/platform/ec/build/zephyr/francka/modules/ec/common/i2c_passthru.c.obj
[francka:ro] [322/396] Building C object CMakeFiles/app.dir/mnt/host/source/src/platform/ec/build/zephyr/francka/modules/ec/common/i2c_controller.c.obj
[francka:rw] [198/396] Building C object modules/ec/zephyr/CMakeFiles/ec_shim.dir/drivers/cros_kblight/pwm_kblight.c.obj
[francka:rw] [199/396] Building C object modules/ec/zephyr/CMakeFiles/ec_shim.dir/drivers/cros_flash/cros_flash_npcx.c.obj
[francka:ro] [323/396] Building C object CMakeFiles/app.dir/mnt/host/source/src/platform/ec/build/zephyr/francka/modules/ec/common/keyboard_8042.c.obj
[francka:ro] [324/396] Building C object CMakeFiles/app.dir/mnt/host/source/src/platform/ec/build/zephyr/francka/modules/ec/common/keyboard_8042_sharedlib.c.obj
[francka:rw] [200/396] Building C object modules/ec/zephyr/CMakeFiles/ec_shim.dir/drivers/keyboard_input/keyboard_customization_check.c.obj
[xivu:rw] [16/407] Building C object CMakeFiles/app.dir/mnt/host/source/src/platform/ec/zephyr/subsys/ap_pwrseq/signal_vw.c.obj
[francka:ro] [325/396] Building C object CMakeFiles/app.dir/mnt/host/source/src/platform/ec/build/zephyr/francka/modules/ec/common/mkbp_info.c.obj
[francka:rw] [201/396] Building C object modules/ec/zephyr/CMakeFiles/ec_shim.dir/drivers/cros_system/cros_system_npcx.c.obj
[francka:ro] [326/396] Building C object CMakeFiles/app.dir/mnt/host/source/src/platform/ec/build/zephyr/francka/modules/ec/common/mkbp_fifo.c.obj
[francka:ro] [327/396] Building C object CMakeFiles/app.dir/mnt/host/source/src/platform/ec/build/zephyr/francka/modules/ec/common/mkbp_input_devices.c.obj
[/mnt/host/source/src/platform/ec/build/zephyr/tentacruel-lcov]   /mnt/host/source/src/platform/ec/build/zephyr/tentacruel/build-ro/zephyr/CMakeFiles/zephyr.dir/subsys/shell/modules/kernel_service/kernel_shell.c.gcno:no functions found
[/mnt/host/source/src/platform/ec/build/zephyr/tentacruel-lcov] stderr:
[francka:ro] [328/396] Building C object CMakeFiles/app.dir/mnt/host/source/src/platform/ec/build/zephyr/francka/modules/ec/common/keyboard_backlight.c.obj
[francka:ro] [329/396] Building C object CMakeFiles/app.dir/mnt/host/source/src/platform/ec/build/zephyr/francka/modules/ec/common/led_common.c.obj
[francka:ro] [330/396] Building C object CMakeFiles/app.dir/mnt/host/source/src/platform/ec/build/zephyr/francka/modules/ec/common/motion_lid.c.obj
[francka:rw] [202/396] Building C object modules/ec/zephyr/CMakeFiles/ec_shim.dir/drivers/keyboard_input/keyboard_input.c.obj
[francka:rw] [203/396] Building C object modules/ec/zephyr/CMakeFiles/ec_shim.dir/drivers/keyboard_input/col_gpio_drive.c.obj
[/mnt/host/source/src/platform/ec/build/zephyr/tentacruel-lcov]   /mnt/host/source/src/platform/ec/build/zephyr/tentacruel/build-ro/zephyr/CMakeFiles/zephyr.dir/lib/libc/validate_libc.c.gcno:no functions found
[/mnt/host/source/src/platform/ec/build/zephyr/tentacruel-lcov] stderr:
[francka:rw] [204/396] Building C object modules/ec/zephyr/CMakeFiles/ec_shim.dir/drivers/usbc/ucsi_v3.c.obj
[francka:ro] [331/396] Building C object CMakeFiles/app.dir/mnt/host/source/src/platform/ec/build/zephyr/francka/modules/ec/common/lid_angle.c.obj
[francka:ro] [332/396] Building C object CMakeFiles/app.dir/mnt/host/source/src/platform/ec/build/zephyr/francka/modules/ec/common/lid_angle_keyboard_policy.c.obj
[xivu:rw] [17/407] Building C object CMakeFiles/app.dir/mnt/host/source/src/platform/ec/zephyr/subsys/ap_pwrseq/signal_adc.c.obj
[/mnt/host/source/src/platform/ec/build/zephyr/sapphire-lcov]   /mnt/host/source/src/platform/ec/build/zephyr/sapphire/build-ro/zephyr/CMakeFiles/zephyr.dir/subsys/shell/modules/kernel_service/kernel_shell.c.gcno:no functions found
[/mnt/host/source/src/platform/ec/build/zephyr/sapphire-lcov] stderr:
[francka:ro] [333/396] Building C object CMakeFiles/app.dir/mnt/host/source/src/platform/ec/build/zephyr/francka/modules/ec/common/mkbp_event.c.obj
[francka:ro] [334/396] Building C object CMakeFiles/app.dir/mnt/host/source/src/platform/ec/build/zephyr/francka/modules/ec/common/lid_switch.c.obj
[francka:ro] [335/396] Building C object CMakeFiles/app.dir/mnt/host/source/src/platform/ec/build/zephyr/francka/modules/ec/common/motion_sense.c.obj
[francka:rw] [205/396] Building C object modules/ec/zephyr/CMakeFiles/ec_shim.dir/drivers/usbc/pdc_rts54xx.c.obj
[/mnt/host/source/src/platform/ec/build/zephyr/sapphire-lcov]   /mnt/host/source/src/platform/ec/build/zephyr/sapphire/build-ro/zephyr/CMakeFiles/zephyr.dir/lib/libc/validate_libc.c.gcno:no functions found
[/mnt/host/source/src/platform/ec/build/zephyr/sapphire-lcov] stderr:
[francka:ro] [336/396] Building C object CMakeFiles/app.dir/mnt/host/source/src/platform/ec/build/zephyr/francka/modules/ec/common/port80.c.obj
[francka:ro] [337/396] Building C object CMakeFiles/app.dir/mnt/host/source/src/platform/ec/build/zephyr/francka/modules/ec/common/power_button.c.obj
[francka:ro] [338/396] Building C object CMakeFiles/app.dir/mnt/host/source/src/platform/ec/build/zephyr/francka/modules/ec/power/hibernate.c.obj
[francka:rw] [206/396] Building C object modules/ec/zephyr/CMakeFiles/ec_shim.dir/drivers/usbc/tps6699x_cmd.c.obj
[francka:ro] [339/396] Building C object CMakeFiles/app.dir/mnt/host/source/src/platform/ec/build/zephyr/francka/modules/ec/common/sha256.c.obj
[francka:rw] [207/396] Building C object modules/ec/zephyr/CMakeFiles/ec_shim.dir/drivers/boot_keys/boot_keys.c.obj
[francka:ro] [340/396] Building C object CMakeFiles/app.dir/mnt/host/source/src/platform/ec/build/zephyr/francka/modules/ec/common/panic_output.c.obj
[/mnt/host/source/src/platform/ec/build/zephyr/tentacruel-lcov]   /mnt/host/source/src/platform/ec/build/zephyr/tentacruel/build-ro/zephyr/CMakeFiles/zephyr.dir/lib/utils/last_section_id.c.gcno:no functions found
[/mnt/host/source/src/platform/ec/build/zephyr/tentacruel-lcov] stderr:
[xivu:rw] [18/407] Building C object CMakeFiles/app.dir/mnt/host/source/src/platform/ec/zephyr/subsys/ap_pwrseq/power_host_sleep.c.obj
[francka:ro] [341/396] Building C object CMakeFiles/app.dir/mnt/host/source/src/platform/ec/build/zephyr/francka/modules/ec/common/switch.c.obj
[francka:ro] [342/396] Building C object CMakeFiles/app.dir/mnt/host/source/src/platform/ec/build/zephyr/francka/modules/ec/common/spi_flash_reg.c.obj
[francka:rw] [208/396] Building C object modules/ec/zephyr/CMakeFiles/ec_shim.dir/drivers/runtime_keys/runtime_keys.c.obj
[francka:rw] [209/396] Building C object modules/ec/zephyr/CMakeFiles/ec_shim.dir/drivers/usbc/pdc_tps6699x.c.obj
[francka:ro] [343/396] Building C object CMakeFiles/app.dir/mnt/host/source/src/platform/ec/build/zephyr/francka/modules/ec/common/shared_mem.c.obj
[francka:ro] [344/396] Building C object CMakeFiles/app.dir/mnt/host/source/src/platform/ec/build/zephyr/francka/modules/ec/common/tablet_mode.c.obj
[/mnt/host/source/src/platform/ec/build/zephyr/sapphire-lcov]   /mnt/host/source/src/platform/ec/build/zephyr/sapphire/build-ro/zephyr/CMakeFiles/zephyr.dir/lib/utils/last_section_id.c.gcno:no functions found
[/mnt/host/source/src/platform/ec/build/zephyr/sapphire-lcov] stderr:
[francka:ro] [345/396] Building C object CMakeFiles/app.dir/mnt/host/source/src/platform/ec/build/zephyr/francka/modules/ec/common/temp_sensor.c.obj
[francka:ro] [346/396] Building C object CMakeFiles/app.dir/mnt/host/source/src/platform/ec/build/zephyr/francka/modules/ec/common/thermal.c.obj
[francka:ro] [347/396] Building C object CMakeFiles/app.dir/mnt/host/source/src/platform/ec/build/zephyr/francka/modules/ec/driver/temp_sensor/thermistor.c.obj
[francka:rw] [210/396] Building C object modules/ec/zephyr/CMakeFiles/ec_shim.dir/shim/chip/npcx/clock.c.obj
[francka:rw] [211/396] Building C object modules/ec/zephyr/CMakeFiles/ec_shim.dir/drivers/vivaldi_kbd/vivaldi_kbd.c.obj
[francka:ro] [348/396] Building C object CMakeFiles/app.dir/mnt/host/source/src/platform/ec/build/zephyr/francka/modules/ec/common/timer.c.obj
[xivu:rw] [19/407] Building C object CMakeFiles/app.dir/mnt/host/source/src/platform/ec/zephyr/subsys/ap_pwrseq/x86_non_dsx_common_pwrseq_sm_handler.c.obj
[francka:ro] [349/396] Building C object CMakeFiles/app.dir/mnt/host/source/src/platform/ec/build/zephyr/francka/modules/ec/common/usb_port_power_dumb.c.obj
[francka:rw] [212/396] Building C object modules/ec/zephyr/CMakeFiles/ec_shim.dir/shim/chip/npcx/rom_chip.c.obj
[francka:ro] [350/396] Building C object CMakeFiles/app.dir/mnt/host/source/src/platform/ec/build/zephyr/francka/modules/ec/common/usbc_utils.c.obj
[francka:ro] [351/396] Building C object CMakeFiles/app.dir/mnt/host/source/src/platform/ec/build/zephyr/francka/modules/ec/common/usb_common.c.obj
[francka:ro] [352/396] Building C object CMakeFiles/app.dir/mnt/host/source/src/platform/ec/build/zephyr/francka/modules/ec/common/usb_pd_host_cmd_common.c.obj
[francka:rw] [213/396] Building C object modules/ec/zephyr/CMakeFiles/ec_shim.dir/shim/chip/npcx/gpio.c.obj
[francka:ro] [353/396] Building C object CMakeFiles/app.dir/mnt/host/source/src/platform/ec/build/zephyr/francka/modules/ec/common/vboot_hash.c.obj
[francka:rw] [214/396] Building C object modules/ec/zephyr/CMakeFiles/ec_shim.dir/shim/chip/npcx/system.c.obj
[francka:ro] [354/396] Building C object CMakeFiles/app.dir/mnt/host/source/src/platform/ec/build/zephyr/francka/modules/ec/common/button.c.obj
[francka:rw] [215/396] Building C object modules/ec/zephyr/CMakeFiles/ec_shim.dir/shim/chip/npcx/system_external_storage.c.obj
[francka:ro] [355/396] Building C object CMakeFiles/app.dir/mnt/host/source/src/platform/ec/build/zephyr/francka/modules/ec/common/vboot/efs2.c.obj
[francka:ro] [356/396] Building C object CMakeFiles/app.dir/mnt/host/source/src/platform/ec/build/zephyr/francka/modules/ec/common/vstore.c.obj
[francka:ro] [357/396] Linking C static library modules/ec/zephyr/libec_shim.a
[francka:ro] [358/396] Building C object CMakeFiles/app.dir/francka/src/usbc_runtime.c.obj
[francka:ro] [359/396] Building C object CMakeFiles/app.dir/mnt/host/source/src/platform/ec/build/zephyr/francka/modules/ec/common/math_util.c.obj
[xivu:rw] [20/407] Building C object CMakeFiles/app.dir/mnt/host/source/src/platform/ec/zephyr/subsys/ap_pwrseq/x86_non_dsx_chipset_power_state.c.obj
[francka:rw] [216/396] Building C object modules/ec/zephyr/CMakeFiles/ec_shim.dir/shim/chip/npcx/power_policy.c.obj
[francka:ro] [360/396] Building C object CMakeFiles/app.dir/francka/src/touch_panel.c.obj
[francka:rw] [217/396] Building C object modules/ec/zephyr/CMakeFiles/ec_shim.dir/shim/src/crc.c.obj
[francka:rw] [218/396] Building C object modules/ec/zephyr/CMakeFiles/ec_shim.dir/shim/core/cortex-m/mpu.c.obj
[francka:ro] [361/396] Building C object CMakeFiles/app.dir/francka/src/board_power.c.obj
[francka:rw] [219/396] Building C object modules/ec/zephyr/CMakeFiles/ec_shim.dir/shim/core/cortex-m/panic.c.obj
[francka:ro] [362/396] Building C object CMakeFiles/app.dir/francka/src/alt_charger.c.obj
[francka:ro] [363/396] Building C object zephyr/kernel/CMakeFiles/kernel.dir/banner.c.obj
[francka:ro] [364/396] Building C object CMakeFiles/app.dir/francka/src/keyboard_customization.c.obj
[francka:ro] [365/396] Building C object zephyr/kernel/CMakeFiles/kernel.dir/busy_wait.c.obj
[francka:ro] [366/396] Building C object zephyr/kernel/CMakeFiles/kernel.dir/errno.c.obj
[francka:rw] [220/396] Building C object modules/ec/zephyr/CMakeFiles/ec_shim.dir/shim/src/console.c.obj
[francka:ro] [367/396] Building C object zephyr/kernel/CMakeFiles/kernel.dir/device.c.obj
[francka:ro] [368/396] Building C object zephyr/kernel/CMakeFiles/kernel.dir/version.c.obj
[francka:ro] [369/396] Linking C static library app/libapp.a
[francka:ro] [370/396] Building C object zephyr/kernel/CMakeFiles/kernel.dir/fatal.c.obj
[xivu:rw] [21/407] Building C object CMakeFiles/app.dir/mnt/host/source/src/platform/ec/zephyr/subsys/ap_pwrseq/x86_non_dsx_common_pwrseq_host_sleep.c.obj
[francka:rw] [221/396] Building C object modules/ec/zephyr/CMakeFiles/ec_shim.dir/shim/src/gpio.c.obj
[francka:ro] [371/396] Building C object zephyr/kernel/CMakeFiles/kernel.dir/mem_slab.c.obj
[francka:ro] [372/396] Building C object zephyr/kernel/CMakeFiles/kernel.dir/kheap.c.obj
[francka:rw] [222/396] Building C object modules/ec/zephyr/CMakeFiles/ec_shim.dir/shim/src/gpio_int.c.obj
[francka:ro] [373/396] Building C object zephyr/kernel/CMakeFiles/kernel.dir/init.c.obj
[francka:ro] [374/396] Building C object zephyr/kernel/CMakeFiles/kernel.dir/float.c.obj
[francka:rw] [223/396] Building C object modules/ec/zephyr/CMakeFiles/ec_shim.dir/shim/src/panic_utils.c.obj
[francka:rw] [224/396] Building C object modules/ec/zephyr/CMakeFiles/ec_shim.dir/shim/src/pm_state.c.obj
[francka:ro] [375/396] Building C object zephyr/kernel/CMakeFiles/kernel.dir/mailbox.c.obj
[francka:ro] [376/396] Building C object zephyr/kernel/CMakeFiles/kernel.dir/msg_q.c.obj
[francka:ro] [377/396] Building C object zephyr/kernel/CMakeFiles/kernel.dir/idle.c.obj
[francka:ro] [378/396] Building C object zephyr/kernel/CMakeFiles/kernel.dir/mutex.c.obj
[xivu:rw] [22/407] Building C object CMakeFiles/app.dir/mnt/host/source/src/platform/ec/zephyr/subsys/ap_pwrseq/x86_non_dsx_common_pwrseq_console.c.obj
[francka:ro] [379/396] Building C object zephyr/kernel/CMakeFiles/kernel.dir/system_work_q.c.obj
[francka:rw] [225/396] Building C object modules/ec/zephyr/CMakeFiles/ec_shim.dir/shim/src/cbi/cros_cbi.c.obj
[francka:ro] [380/396] Building C object zephyr/kernel/CMakeFiles/kernel.dir/queue.c.obj
[francka:ro] [381/396] Building C object zephyr/kernel/CMakeFiles/kernel.dir/stack.c.obj
[francka:rw] [226/396] Building C object modules/ec/zephyr/CMakeFiles/ec_shim.dir/shim/src/cbi/cros_cbi_fw_config.c.obj
[francka:ro] [382/396] Building C object zephyr/kernel/CMakeFiles/kernel.dir/sem.c.obj
[francka:rw] [227/396] Building C object modules/ec/zephyr/CMakeFiles/ec_shim.dir/shim/src/cbi/cbi_flash.c.obj
[francka:ro] [383/396] Building C object zephyr/kernel/CMakeFiles/kernel.dir/thread.c.obj
[francka:ro] [384/396] Building C object zephyr/kernel/CMakeFiles/kernel.dir/condvar.c.obj
[francka:ro] [385/396] Building C object zephyr/kernel/CMakeFiles/kernel.dir/work.c.obj
[francka:rw] [228/396] Building C object modules/ec/zephyr/CMakeFiles/ec_shim.dir/shim/src/led_driver/led.c.obj
[francka:rw] [229/396] Building ASM object modules/ec/zephyr/CMakeFiles/ec_shim.dir/shim/src/libgcc_arm.S.obj
[francka:ro] [386/396] Building C object zephyr/kernel/CMakeFiles/kernel.dir/sched.c.obj
[francka:rw] [230/396] Building C object modules/ec/zephyr/CMakeFiles/ec_shim.dir/shim/src/popcountsi2.c.obj
[xivu:rw] [23/407] Building C object CMakeFiles/app.dir/mnt/host/source/src/platform/ec/zephyr/subsys/ap_pwrseq/x86_non_dsx_common_pwrseq_host_command.c.obj
[francka:ro] [387/396] Building C object zephyr/kernel/CMakeFiles/kernel.dir/spinlock_validate.c.obj
[francka:ro] [388/396] Building C object zephyr/kernel/CMakeFiles/kernel.dir/pipe.c.obj
[/mnt/host/source/src/platform/ec/build/zephyr/matsu-lcov]   /mnt/host/source/src/platform/ec/build/zephyr/matsu/build-ro/modules/ec/zephyr/CMakeFiles/ec_shim.dir/drivers/keyboard_input/keyboard_customization_check.c.gcno:no functions found
[/mnt/host/source/src/platform/ec/build/zephyr/matsu-lcov] stderr:
[francka:ro] [389/396] Building C object zephyr/kernel/CMakeFiles/kernel.dir/thread_monitor.c.obj
[francka:ro] [390/396] Building C object zephyr/kernel/CMakeFiles/kernel.dir/timeout.c.obj
[francka:rw] [231/396] Building C object modules/ec/zephyr/CMakeFiles/ec_shim.dir/shim/src/led_driver/led_pwm.c.obj
[francka:rw] [232/396] Building C object modules/ec/zephyr/CMakeFiles/ec_shim.dir/shim/src/system.c.obj
[francka:ro] [391/396] Building C object zephyr/kernel/CMakeFiles/kernel.dir/timer.c.obj
[francka:ro] [392/396] Building C object zephyr/kernel/CMakeFiles/kernel.dir/poll.c.obj
[francka:ro] [393/396] Building C object zephyr/kernel/CMakeFiles/kernel.dir/events.c.obj
[francka:ro] [394/396] Building C object zephyr/kernel/CMakeFiles/kernel.dir/mempool.c.obj
[francka:rw] [233/396] Building C object modules/ec/zephyr/CMakeFiles/ec_shim.dir/shim/src/pdc_shim.c.obj
[xivu:ro] Building: /usr/bin/ninja -C /mnt/host/source/src/platform/ec/build/zephyr/xivu/build-ro all.libraries
Running `env -i SHELL=/bin/bash COLORTERM=truecolor DEPOT_TOOLS_UPDATE=0 LESS='-R -M --shift 5' SUDO_GID=0 JDK_HOME=/etc/java-config-2/current-system-vm CONFIG_PROTECT_MASK='/etc/gentoo-release /etc/sandbox.d /etc/fonts/fonts.conf /etc/terminfo /etc/ca-certificates.conf /etc/revdep-rebuild' CHROMEOS_CACHEDIR=/var/cache/chromeos-cache JAVA_HOME=/etc/java-config-2/current-system-vm SSH_AUTH_SOCK=/tmp/ssh-auth-sock SUDO_COMMAND=/bin/bash SUDO_USER=root SUDO_TTY=/dev/pts/2 EDITOR=/usr/bin/vi PWD=/mnt/host/source/src/platform/ec CONFIG_PROTECT=/usr/share/gnupg/qualified.txt LOGNAME=jpmurphy MANPATH=/etc/java-config-2/current-system-vm/man:/usr/local/share/man:/usr/share/man:/usr/share/gcc-data/x86_64-pc-linux-gnu/10.2.0/man:/usr/share/binutils-data/x86_64-pc-linux-gnu/2.45/man:/etc/java-config-2/current-system-vm/man/ SUDO_HOME=/root XAUTHORITY=/run/user/944457/gdm/Xauthority HOME=/home/jpmurphy LANG=C.UTF-8 LS_COLORS='rs=0:di=01;34:ln=01;36:mh=00:pi=40;33:so=01;35:do=01;35:bd=40;33;01:cd=40;33;01:or=01;05;37;41:mi=01;05;37;41:su=37;41:sg=30;43:ca=30;41:tw=30;42:ow=34;42:st=37;44:ex=01;32:*.tar=01;31:*.tgz=01;31:*.arc=01;31:*.arj=01;31:*.taz=01;31:*.lha=01;31:*.lz4=01;31:*.lzh=01;31:*.lzma=01;31:*.tlz=01;31:*.txz=01;31:*.tzo=01;31:*.t7z=01;31:*.zip=01;31:*.z=01;31:*.dz=01;31:*.gz=01;31:*.lrz=01;31:*.lz=01;31:*.lzo=01;31:*.xz=01;31:*.zst=01;31:*.tzst=01;31:*.bz2=01;31:*.bz=01;31:*.tbz=01;31:*.tbz2=01;31:*.tz=01;31:*.deb=01;31:*.rpm=01;31:*.jar=01;31:*.war=01;31:*.ear=01;31:*.sar=01;31:*.rar=01;31:*.alz=01;31:*.ace=01;31:*.zoo=01;31:*.cpio=01;31:*.7z=01;31:*.rz=01;31:*.cab=01;31:*.wim=01;31:*.swm=01;31:*.dwm=01;31:*.esd=01;31:*.jpg=01;35:*.jpeg=01;35:*.mjpg=01;35:*.mjpeg=01;35:*.gif=01;35:*.bmp=01;35:*.pbm=01;35:*.pgm=01;35:*.ppm=01;35:*.tga=01;35:*.xbm=01;35:*.xpm=01;35:*.tif=01;35:*.tiff=01;35:*.png=01;35:*.svg=01;35:*.svgz=01;35:*.mng=01;35:*.pcx=01;35:*.mov=01;35:*.mpg=01;35:*.mpeg=01;35:*.m2v=01;35:*.mkv=01;35:*.webm=01;35:*.webp=01;35:*.ogm=01;35:*.mp4=01;35:*.m4v=01;35:*.mp4v=01;35:*.vob=01;35:*.qt=01;35:*.nuv=01;35:*.wmv=01;35:*.asf=01;35:*.rm=01;35:*.rmvb=01;35:*.flc=01;35:*.avi=01;35:*.fli=01;35:*.flv=01;35:*.gl=01;35:*.dl=01;35:*.xcf=01;35:*.xwd=01;35:*.yuv=01;35:*.cgm=01;35:*.emf=01;35:*.ogv=01;35:*.ogx=01;35:*.cfg=00;32:*.conf=00;32:*.diff=00;32:*.doc=00;32:*.ini=00;32:*.log=00;32:*.patch=00;32:*.pdf=00;32:*.ps=00;32:*.tex=00;32:*.txt=00;32:*.aac=00;36:*.au=00;36:*.flac=00;36:*.m4a=00;36:*.mid=00;36:*.midi=00;36:*.mka=00;36:*.mp3=00;36:*.mpc=00;36:*.ogg=00;36:*.ra=00;36:*.wav=00;36:*.oga=00;36:*.opus=00;36:*.spx=00;36:*.xspf=00;36:' XDG_CURRENT_DESKTOP=GNOME INFOPATH=/usr/share/info:/usr/share/gcc-data/x86_64-pc-linux-gnu/10.2.0/info:/usr/share/binutils-data/x86_64-pc-linux-gnu/2.45/info:/usr/share/automake-1.16.5/info JAVAC=/etc/java-config-2/current-system-vm/bin/javac TERM=xterm-256color LESSOPEN='|lesspipe %s' USER=jpmurphy CROS_WORKON_SRCROOT=/mnt/host/source MANPAGER=manpager DISPLAY=:1 SHLVL=1 LC_MESSAGES=C EXTERNAL_TRUNK_PATH=/mnt/8f9d649a-3721-44cc-93c0-e6bd21a9689f/chromiumos GCC_SPECS='' PATH=/mnt/host/source/chromite/bin:/usr/local/bin:/usr/bin:/bin:/opt/bin:/mnt/host/source/chromite/sdk/bin:/mnt/host/source/chromite/bin PORTAGE_USERNAME=jpmurphy SUDO_UID=0 GCC_VER=10.2.0 MAIL=/var/mail/jpmurphy OLDPWD=/mnt/host/source/src/scripts traceparent=00-e87aca51550a78635907baa6a2476181-6d684811675d2973-01 _=./zephyr/firmware_builder.py COREBOOT_SDK_ROOT_x86=/home/jpmurphy/.cache/coreboot-sdk/i386-elf/dfbb0486385d938cfa9d73080b9d18d598ed4f49 COREBOOT_SDK_ROOT_picolibc_x86=/home/jpmurphy/.cache/coreboot-sdk/picolibc-i386-elf/eb8e8e687b95461de8cbf278f1c2076952d0ad17 COREBOOT_SDK_ROOT_riscv64=/home/jpmurphy/.cache/coreboot-sdk/riscv64-elf/96b949749225b6aaa92ed810ab769e8dfb12f000 COREBOOT_SDK_ROOT_picolibc_arm=/home/jpmurphy/.cache/coreboot-sdk/picolibc-arm-eabi/422a2aa3e1ef891b5bece9a3deb696ff83840d2e COREBOOT_SDK_ROOT_nds32=/home/jpmurphy/.cache/coreboot-sdk/nds32le-elf/d1a518c4a097666d86058e1444f85ca015d15511 COREBOOT_SDK_ROOT_picolibc_riscv64=/home/jpmurphy/.cache/coreboot-sdk/picolibc-riscv64-elf/f571e990ef0278564b31124f8bb109d9a697eb69 COREBOOT_SDK_ROOT_arm=/home/jpmurphy/.cache/coreboot-sdk/arm-eabi/ea40ddd1d190c3b48435c474c0b545719371813a COREBOOT_SDK_ROOT_libstdcxx_riscv64=/home/jpmurphy/.cache/coreboot-sdk/libstdcxx-riscv64-elf/17abf22a3a252e2d5d2062ced5324f7a623689e0 COREBOOT_SDK_ROOT_libstdcxx_arm=/home/jpmurphy/.cache/coreboot-sdk/libstdcxx-arm-eabi/5d7d82e150e44aa1968f1d366e267e6687b328ac COREBOOT_SDK_ROOT_riscv=/home/jpmurphy/.cache/coreboot-sdk/riscv-elf/9a27b9e82341c6e9126624f516ab3f261abb3e73 COREBOOT_SDK_ROOT_libstdcxx_x86=/home/jpmurphy/.cache/coreboot-sdk/libstdcxx-i386-elf/42ef9d2e87a76a37963175d7d428734e65648b87 PYTHONPATH=/mnt/host/source/src/platform/ec/zephyr/zmake PW_PIGWEED_CIPD_INSTALL_DIR=/usr CROSTC_USER_ACKNOWLEDGES_THAT_RISCV_IS_EXPERIMENTAL=1 MAKEFLAGS=' -j16 --jobserver-auth=5,6' /usr/bin/ninja -C /mnt/host/source/src/platform/ec/build/zephyr/xivu/build-ro all.libraries`
[francka:ro] [395/396] Building C object zephyr/kernel/CMakeFiles/kernel.dir/dynamic_disabled.c.obj
[xivu:ro] ninja: Entering directory `/mnt/host/source/src/platform/ec/build/zephyr/xivu/build-ro'
[francka:rw] [234/396] Building C object modules/ec/zephyr/CMakeFiles/ec_shim.dir/shim/src/adc.c.obj
[francka:ro] [396/396] Linking C static library zephyr/kernel/libkernel.a
[moonstone:rw] Building: /usr/bin/ninja -C /mnt/host/source/src/platform/ec/build/zephyr/moonstone/build-rw all.libraries
Running `env -i SHELL=/bin/bash COLORTERM=truecolor DEPOT_TOOLS_UPDATE=0 LESS='-R -M --shift 5' SUDO_GID=0 JDK_HOME=/etc/java-config-2/current-system-vm CONFIG_PROTECT_MASK='/etc/gentoo-release /etc/sandbox.d /etc/fonts/fonts.conf /etc/terminfo /etc/ca-certificates.conf /etc/revdep-rebuild' CHROMEOS_CACHEDIR=/var/cache/chromeos-cache JAVA_HOME=/etc/java-config-2/current-system-vm SSH_AUTH_SOCK=/tmp/ssh-auth-sock SUDO_COMMAND=/bin/bash SUDO_USER=root SUDO_TTY=/dev/pts/2 EDITOR=/usr/bin/vi PWD=/mnt/host/source/src/platform/ec CONFIG_PROTECT=/usr/share/gnupg/qualified.txt LOGNAME=jpmurphy MANPATH=/etc/java-config-2/current-system-vm/man:/usr/local/share/man:/usr/share/man:/usr/share/gcc-data/x86_64-pc-linux-gnu/10.2.0/man:/usr/share/binutils-data/x86_64-pc-linux-gnu/2.45/man:/etc/java-config-2/current-system-vm/man/ SUDO_HOME=/root XAUTHORITY=/run/user/944457/gdm/Xauthority HOME=/home/jpmurphy LANG=C.UTF-8 LS_COLORS='rs=0:di=01;34:ln=01;36:mh=00:pi=40;33:so=01;35:do=01;35:bd=40;33;01:cd=40;33;01:or=01;05;37;41:mi=01;05;37;41:su=37;41:sg=30;43:ca=30;41:tw=30;42:ow=34;42:st=37;44:ex=01;32:*.tar=01;31:*.tgz=01;31:*.arc=01;31:*.arj=01;31:*.taz=01;31:*.lha=01;31:*.lz4=01;31:*.lzh=01;31:*.lzma=01;31:*.tlz=01;31:*.txz=01;31:*.tzo=01;31:*.t7z=01;31:*.zip=01;31:*.z=01;31:*.dz=01;31:*.gz=01;31:*.lrz=01;31:*.lz=01;31:*.lzo=01;31:*.xz=01;31:*.zst=01;31:*.tzst=01;31:*.bz2=01;31:*.bz=01;31:*.tbz=01;31:*.tbz2=01;31:*.tz=01;31:*.deb=01;31:*.rpm=01;31:*.jar=01;31:*.war=01;31:*.ear=01;31:*.sar=01;31:*.rar=01;31:*.alz=01;31:*.ace=01;31:*.zoo=01;31:*.cpio=01;31:*.7z=01;31:*.rz=01;31:*.cab=01;31:*.wim=01;31:*.swm=01;31:*.dwm=01;31:*.esd=01;31:*.jpg=01;35:*.jpeg=01;35:*.mjpg=01;35:*.mjpeg=01;35:*.gif=01;35:*.bmp=01;35:*.pbm=01;35:*.pgm=01;35:*.ppm=01;35:*.tga=01;35:*.xbm=01;35:*.xpm=01;35:*.tif=01;35:*.tiff=01;35:*.png=01;35:*.svg=01;35:*.svgz=01;35:*.mng=01;35:*.pcx=01;35:*.mov=01;35:*.mpg=01;35:*.mpeg=01;35:*.m2v=01;35:*.mkv=01;35:*.webm=01;35:*.webp=01;35:*.ogm=01;35:*.mp4=01;35:*.m4v=01;35:*.mp4v=01;35:*.vob=01;35:*.qt=01;35:*.nuv=01;35:*.wmv=01;35:*.asf=01;35:*.rm=01;35:*.rmvb=01;35:*.flc=01;35:*.avi=01;35:*.fli=01;35:*.flv=01;35:*.gl=01;35:*.dl=01;35:*.xcf=01;35:*.xwd=01;35:*.yuv=01;35:*.cgm=01;35:*.emf=01;35:*.ogv=01;35:*.ogx=01;35:*.cfg=00;32:*.conf=00;32:*.diff=00;32:*.doc=00;32:*.ini=00;32:*.log=00;32:*.patch=00;32:*.pdf=00;32:*.ps=00;32:*.tex=00;32:*.txt=00;32:*.aac=00;36:*.au=00;36:*.flac=00;36:*.m4a=00;36:*.mid=00;36:*.midi=00;36:*.mka=00;36:*.mp3=00;36:*.mpc=00;36:*.ogg=00;36:*.ra=00;36:*.wav=00;36:*.oga=00;36:*.opus=00;36:*.spx=00;36:*.xspf=00;36:' XDG_CURRENT_DESKTOP=GNOME INFOPATH=/usr/share/info:/usr/share/gcc-data/x86_64-pc-linux-gnu/10.2.0/info:/usr/share/binutils-data/x86_64-pc-linux-gnu/2.45/info:/usr/share/automake-1.16.5/info JAVAC=/etc/java-config-2/current-system-vm/bin/javac TERM=xterm-256color LESSOPEN='|lesspipe %s' USER=jpmurphy CROS_WORKON_SRCROOT=/mnt/host/source MANPAGER=manpager DISPLAY=:1 SHLVL=1 LC_MESSAGES=C EXTERNAL_TRUNK_PATH=/mnt/8f9d649a-3721-44cc-93c0-e6bd21a9689f/chromiumos GCC_SPECS='' PATH=/mnt/host/source/chromite/bin:/usr/local/bin:/usr/bin:/bin:/opt/bin:/mnt/host/source/chromite/sdk/bin:/mnt/host/source/chromite/bin PORTAGE_USERNAME=jpmurphy SUDO_UID=0 GCC_VER=10.2.0 MAIL=/var/mail/jpmurphy OLDPWD=/mnt/host/source/src/scripts traceparent=00-e87aca51550a78635907baa6a2476181-6d684811675d2973-01 _=./zephyr/firmware_builder.py COREBOOT_SDK_ROOT_x86=/home/jpmurphy/.cache/coreboot-sdk/i386-elf/dfbb0486385d938cfa9d73080b9d18d598ed4f49 COREBOOT_SDK_ROOT_picolibc_x86=/home/jpmurphy/.cache/coreboot-sdk/picolibc-i386-elf/eb8e8e687b95461de8cbf278f1c2076952d0ad17 COREBOOT_SDK_ROOT_riscv64=/home/jpmurphy/.cache/coreboot-sdk/riscv64-elf/96b949749225b6aaa92ed810ab769e8dfb12f000 COREBOOT_SDK_ROOT_picolibc_arm=/home/jpmurphy/.cache/coreboot-sdk/picolibc-arm-eabi/422a2aa3e1ef891b5bece9a3deb696ff83840d2e COREBOOT_SDK_ROOT_nds32=/home/jpmurphy/.cache/coreboot-sdk/nds32le-elf/d1a518c4a097666d86058e1444f85ca015d15511 COREBOOT_SDK_ROOT_picolibc_riscv64=/home/jpmurphy/.cache/coreboot-sdk/picolibc-riscv64-elf/f571e990ef0278564b31124f8bb109d9a697eb69 COREBOOT_SDK_ROOT_arm=/home/jpmurphy/.cache/coreboot-sdk/arm-eabi/ea40ddd1d190c3b48435c474c0b545719371813a COREBOOT_SDK_ROOT_libstdcxx_riscv64=/home/jpmurphy/.cache/coreboot-sdk/libstdcxx-riscv64-elf/17abf22a3a252e2d5d2062ced5324f7a623689e0 COREBOOT_SDK_ROOT_libstdcxx_arm=/home/jpmurphy/.cache/coreboot-sdk/libstdcxx-arm-eabi/5d7d82e150e44aa1968f1d366e267e6687b328ac COREBOOT_SDK_ROOT_riscv=/home/jpmurphy/.cache/coreboot-sdk/riscv-elf/9a27b9e82341c6e9126624f516ab3f261abb3e73 COREBOOT_SDK_ROOT_libstdcxx_x86=/home/jpmurphy/.cache/coreboot-sdk/libstdcxx-i386-elf/42ef9d2e87a76a37963175d7d428734e65648b87 PYTHONPATH=/mnt/host/source/src/platform/ec/zephyr/zmake PW_PIGWEED_CIPD_INSTALL_DIR=/usr CROSTC_USER_ACKNOWLEDGES_THAT_RISCV_IS_EXPERIMENTAL=1 MAKEFLAGS=' -j16 --jobserver-auth=5,6' /usr/bin/ninja -C /mnt/host/source/src/platform/ec/build/zephyr/moonstone/build-rw all.libraries`
[moonstone:rw] ninja: Entering directory `/mnt/host/source/src/platform/ec/build/zephyr/moonstone/build-rw'
[xivu:rw] [24/407] Building C object CMakeFiles/app.dir/mnt/host/source/src/platform/ec/zephyr/subsys/ap_pwrseq/x86_non_dsx_adlp_pwrseq_sm.c.obj
[xivu:rw] [25/407] Building C object CMakeFiles/app.dir/mnt/host/source/src/platform/ec/zephyr/subsys/ap_pwrseq/ap_reset_log.c.obj
[xivu:rw] [26/407] Building C object CMakeFiles/app.dir/mnt/host/source/src/platform/ec/build/zephyr/xivu/modules/ec/builtin/stdlib.c.obj
[francka:rw] [235/396] Building C object modules/ec/zephyr/CMakeFiles/ec_shim.dir/shim/src/battery.c.obj
[francka:rw] [236/396] Building C object modules/ec/zephyr/CMakeFiles/ec_shim.dir/shim/src/charger.c.obj
[xivu:rw] [27/407] Building C object CMakeFiles/app.dir/mnt/host/source/src/platform/ec/build/zephyr/xivu/modules/ec/common/base32.c.obj
[xivu:ro] [1/407] Generating include/generated/zephyr/version.h
[xivu:ro] -- git describe warned: warning: tag 'upstream/v2.7.99' is externally known as 'v2.7.99'
[xivu:ro] -- Zephyr version: 4.3.99 (/mnt/host/source/src/third_party/zephyr/main)
[xivu:ro] [2/407] Preparing syscall dependency handling
[francka:rw] [237/396] Building C object modules/ec/zephyr/CMakeFiles/ec_shim.dir/shim/src/chipset_api.c.obj
[xivu:rw] [28/407] Building C object CMakeFiles/app.dir/mnt/host/source/src/platform/ec/build/zephyr/xivu/modules/ec/common/console_output.c.obj
[xivu:ro] [3/407] Generating misc/generated/syscalls_subdirs.trigger
[francka:rw] [238/396] Building C object modules/ec/zephyr/CMakeFiles/ec_shim.dir/shim/src/flash.c.obj
[moonstone:rw] [1/391] Generating include/generated/zephyr/version.h
[moonstone:rw] -- git describe warned: warning: tag 'upstream/v2.7.99' is externally known as 'v2.7.99'
[moonstone:rw] -- Zephyr version: 4.3.99 (/mnt/host/source/src/third_party/zephyr/main)
[moonstone:rw] [2/391] Preparing syscall dependency handling
[moonstone:rw] [3/391] Generating misc/generated/syscalls_subdirs.trigger
[francka:rw] [239/396] Building C object modules/ec/zephyr/CMakeFiles/ec_shim.dir/shim/src/espi.c.obj
[francka:rw] [240/396] Building C object modules/ec/zephyr/CMakeFiles/ec_shim.dir/shim/src/fan.c.obj
[xivu:rw] [29/407] Building C object CMakeFiles/app.dir/mnt/host/source/src/platform/ec/build/zephyr/xivu/modules/ec/common/ec_features.c.obj
[xivu:rw] [30/407] Building C object CMakeFiles/app.dir/mnt/host/source/src/platform/ec/build/zephyr/xivu/modules/ec/common/gpio_commands.c.obj
[francka:rw] [241/396] Building C object modules/ec/zephyr/CMakeFiles/ec_shim.dir/shim/src/hooks.c.obj
[xivu:rw] [31/407] Building C object CMakeFiles/app.dir/mnt/host/source/src/platform/ec/build/zephyr/xivu/modules/ec/common/peripheral.c.obj
[francka:rw] [242/396] Building C object modules/ec/zephyr/CMakeFiles/ec_shim.dir/shim/src/host_command.c.obj
[xivu:rw] [32/407] Building C object CMakeFiles/app.dir/mnt/host/source/src/platform/ec/build/zephyr/xivu/modules/ec/common/printf.c.obj
[xivu:ro] [4/407] Generating misc/generated/syscalls.json, misc/generated/struct_tags.json
[xivu:rw] [33/407] Building C object CMakeFiles/app.dir/mnt/host/source/src/platform/ec/build/zephyr/xivu/modules/ec/common/queue.c.obj
[francka:rw] [243/396] Building C object modules/ec/zephyr/CMakeFiles/ec_shim.dir/shim/src/console_buffer.c.obj
[xivu:ro] [5/407] Generating include/generated/zephyr/syscall_dispatch.c, include/generated/zephyr/syscall_exports_llext.c, syscall_weakdefs_llext.c, include/generated/zephyr/syscall_list.h
[francka:rw] [244/396] Building C object modules/ec/zephyr/CMakeFiles/ec_shim.dir/shim/src/mkbp_event.c.obj
[moonstone:rw] [4/391] Generating misc/generated/syscalls.json, misc/generated/struct_tags.json
[xivu:ro] [6/407] Generating include/generated/zephyr/driver-validation.h
[francka:rw] [245/396] Building C object modules/ec/zephyr/CMakeFiles/ec_shim.dir/shim/src/panic.c.obj
[moonstone:rw] [5/391] Generating include/generated/zephyr/syscall_dispatch.c, include/generated/zephyr/syscall_exports_llext.c, syscall_weakdefs_llext.c, include/generated/zephyr/syscall_list.h
[francka:rw] [246/396] Building C object modules/ec/zephyr/CMakeFiles/ec_shim.dir/shim/src/motionsense_sensors.c.obj
[xivu:rw] [34/407] Building C object CMakeFiles/app.dir/mnt/host/source/src/platform/ec/build/zephyr/xivu/modules/ec/common/system_boot_time.c.obj
[xivu:ro] [7/407] Generating include/generated/zephyr/kobj-types-enum.h, include/generated/zephyr/otype-to-str.h, include/generated/zephyr/otype-to-size.h
[francka:rw] [247/396] Building C object modules/ec/zephyr/CMakeFiles/ec_shim.dir/shim/src/pwm_hc.c.obj
[xivu:rw] [35/407] Building C object CMakeFiles/app.dir/mnt/host/source/src/platform/ec/build/zephyr/xivu/modules/ec/common/system.c.obj
[xivu:ro] [8/407] Generating include/generated/device-api-sections.ld, include/generated/device-api-sections.cmake
[xivu:rw] [36/407] Building C object CMakeFiles/app.dir/mnt/host/source/src/platform/ec/build/zephyr/xivu/modules/ec/common/uart_printf.c.obj
[moonstone:rw] [6/391] Generating include/generated/zephyr/driver-validation.h
[francka:rw] [248/396] Building C object modules/ec/zephyr/CMakeFiles/ec_shim.dir/shim/src/temp_sensors.c.obj
[moonstone:rw] [7/391] Generating include/generated/zephyr/kobj-types-enum.h, include/generated/zephyr/otype-to-str.h, include/generated/zephyr/otype-to-size.h
[francka:rw] [249/396] Building C object modules/ec/zephyr/CMakeFiles/ec_shim.dir/shim/src/thermal.c.obj
[francka:rw] [250/396] Building C object modules/ec/zephyr/CMakeFiles/ec_shim.dir/shim/src/hwtimer.c.obj
[xivu:rw] [37/407] Building C object CMakeFiles/app.dir/mnt/host/source/src/platform/ec/build/zephyr/xivu/modules/ec/common/util.c.obj
[moonstone:rw] [8/391] Generating include/generated/device-api-sections.ld, include/generated/device-api-sections.cmake
[xivu:rw] [38/407] Building C object CMakeFiles/app.dir/mnt/host/source/src/platform/ec/build/zephyr/xivu/modules/ec/common/version.c.obj
[moonstone:rw] [9/391] cd /mnt/host/source/src/platform/ec/build/zephyr/moonstone/build-rw/modules/ec/zephyr && PYTHONPATH=/mnt/host/source/src/platform/ec/build/zephyr/moonstone/modules/ec/zephyr/zmake/ /usr/bin/python3.11 /mnt/host/source/src/platform/ec/build/zephyr/moonstone/modules/ec/zephyr/zmake/zephyr_build_tools/generate_ec_version.py /mnt/host/source/src/platform/ec/build/zephyr/moonstone/build-rw/modules/ec/zephyr/include/ec_version.h --name Zephyr-Kernel --version 16543.0.0 --static
[moonstone:rw] INFO:root:Using a static version string
[francka:rw] [251/396] cd /mnt/host/source/src/platform/ec/build/zephyr/francka/build-rw/modules/ec/zephyr && PYTHONPATH=/mnt/host/source/src/platform/ec/build/zephyr/francka/modules/ec/zephyr/zmake/ /usr/bin/python3.11 /mnt/host/source/src/platform/ec/build/zephyr/francka/modules/ec/zephyr/zmake/zephyr_build_tools/generate_ec_version.py /mnt/host/source/src/platform/ec/build/zephyr/francka/build-rw/modules/ec/zephyr/include/ec_version.h --name Zephyr-Kernel --version 16543.0.0 --static
[moonstone:rw] INFO:root:Version string: Zephyr-Kernel-16543.0.0
[moonstone:rw] INFO:root:Writing header to /mnt/host/source/src/platform/ec/build/zephyr/moonstone/build-rw/modules/ec/zephyr/include/ec_version.h
[moonstone:rw] [10/391] Building CXX object modules/pigweed/pw_build/CMakeFiles/pw_build.empty.dir/empty_file.cc.obj
[moonstone:rw] [11/391] Generating pw_third_party.nanopb.proto/sources/nanopb.proto
[moonstone:rw] [12/391] Generating dsp_comms.proto/sources/proto/ec_dsp.proto, dsp_comms.proto/sources/proto/ec_dsp.options
[francka:rw] INFO:root:Using a static version string
[francka:rw] INFO:root:Version string: Zephyr-Kernel-16543.0.0
[francka:rw] INFO:root:Writing header to /mnt/host/source/src/platform/ec/build/zephyr/francka/build-rw/modules/ec/zephyr/include/ec_version.h
[francka:rw] [252/396] Building C object modules/ec/zephyr/CMakeFiles/ec_shim.dir/shim/src/tasks.c.obj
[xivu:ro] [9/407] Building C object zephyr/CMakeFiles/offsets.dir/arch/arm/core/offsets/offsets.c.obj
[moonstone:rw] [13/391] Generating pw_transport.proto/sources/pw_transport/proto/transport.proto, pw_transport.proto/sources/pw_transport/proto/transport.options
[francka:rw] [253/396] Building C object modules/ec/zephyr/CMakeFiles/ec_shim.dir/shim/src/i2c.c.obj
[francka:rw] [254/396] Building C object modules/ec/zephyr/CMakeFiles/ec_shim.dir/shim/src/watchdog.c.obj
[xivu:rw] [39/407] Building C object CMakeFiles/app.dir/mnt/host/source/src/platform/ec/build/zephyr/xivu/modules/ec/common/power_button_x86.c.obj
[xivu:rw] [40/407] Building C object CMakeFiles/app.dir/mnt/host/source/src/platform/ec/build/zephyr/xivu/modules/ec/driver/accel_bma4xx.c.obj
[xivu:ro] [10/407] Generating include/generated/zephyr/offsets.h
[xivu:rw] [41/407] Building C object CMakeFiles/app.dir/mnt/host/source/src/platform/ec/build/zephyr/xivu/modules/ec/driver/accel_lis2dw12.c.obj
[francka:rw] [255/396] Building C object modules/ec/zephyr/CMakeFiles/ec_shim.dir/shim/src/usba.c.obj
[francka:rw] [256/396] Building C object CMakeFiles/app.dir/mnt/host/source/src/platform/ec/zephyr/subsys/ap_pwrseq/ap_events.c.obj
[francka:rw] [257/396] Building C object modules/ec/zephyr/CMakeFiles/ec_shim.dir/shim/src/power_host_sleep_api.c.obj
[moonstone:rw] [14/391] Generating /mnt/host/source/src/platform/ec/build/zephyr/moonstone/modules/nanopb/generator/proto/nanopb_pb2.py
[xivu:rw] [42/407] Building C object CMakeFiles/app.dir/mnt/host/source/src/platform/ec/build/zephyr/xivu/modules/ec/driver/accelgyro_bmi_common.c.obj
[xivu:rw] [43/407] Building C object CMakeFiles/app.dir/mnt/host/source/src/platform/ec/build/zephyr/xivu/modules/ec/driver/accelgyro_bmi3xx.c.obj
[francka:rw] [258/396] Building C object CMakeFiles/app.dir/mnt/host/source/src/platform/ec/zephyr/subsys/ap_pwrseq/ap_power_interface.c.obj
[xivu:ro] [11/407] Building C object zephyr/CMakeFiles/zephyr.dir/lib/libc/validate_libc.c.obj
[francka:rw] [259/396] Building C object CMakeFiles/app.dir/mnt/host/source/src/platform/ec/zephyr/subsys/ap_pwrseq/power_signals.c.obj
[francka:rw] [260/396] Building C object CMakeFiles/app.dir/mnt/host/source/src/platform/ec/zephyr/subsys/ap_pwrseq/signal_gpio.c.obj
[moonstone:rw] [15/391] Generating dsp_comms.proto/nanopb/proto/ec_dsp.pb.h, dsp_comms.proto/nanopb/proto/ec_dsp.pb.c
[xivu:rw] [44/407] Building C object CMakeFiles/app.dir/mnt/host/source/src/platform/ec/build/zephyr/xivu/modules/ec/driver/accelgyro_lsm6dso.c.obj
[xivu:rw] [45/407] Building C object CMakeFiles/app.dir/mnt/host/source/src/platform/ec/build/zephyr/xivu/modules/ec/common/motion_sense_fifo.c.obj
[francka:rw] [261/396] Building C object CMakeFiles/app.dir/mnt/host/source/src/platform/ec/zephyr/subsys/ap_pwrseq/signal_vw.c.obj
[francka:rw] [262/396] Building C object CMakeFiles/app.dir/mnt/host/source/src/platform/ec/zephyr/subsys/ap_pwrseq/power_host_sleep.c.obj
[xivu:rw] [46/407] Building C object CMakeFiles/app.dir/mnt/host/source/src/platform/ec/build/zephyr/xivu/modules/ec/common/adc.c.obj
[/mnt/host/source/src/platform/ec/build/zephyr/matsu-lcov]   /mnt/host/source/src/platform/ec/build/zephyr/matsu/build-ro/CMakeFiles/app.dir/mnt/host/source/src/platform/ec/build/zephyr/matsu/modules/ec/common/cbi_config.c.gcno:no functions found
[/mnt/host/source/src/platform/ec/build/zephyr/matsu-lcov] stderr:
[xivu:rw] [47/407] Building C object CMakeFiles/app.dir/mnt/host/source/src/platform/ec/build/zephyr/xivu/modules/ec/common/backlight_lid.c.obj
[xivu:rw] [48/407] Building C object CMakeFiles/app.dir/mnt/host/source/src/platform/ec/build/zephyr/xivu/modules/ec/common/acpi.c.obj
[/mnt/host/source/src/platform/ec/build/zephyr/sapphire-lcov]   /mnt/host/source/src/platform/ec/build/zephyr/sapphire/build-ro/zephyr/CMakeFiles/zephyr.dir/soc/ite/ec/it8xxx2/check_regs.c.gcno:no functions found
[/mnt/host/source/src/platform/ec/build/zephyr/sapphire-lcov] stderr:
[francka:rw] [263/396] Building C object CMakeFiles/app.dir/mnt/host/source/src/platform/ec/zephyr/subsys/ap_pwrseq/x86_non_dsx_common_pwrseq_sm_handler.c.obj
[xivu:ro] [12/407] Building C object zephyr/CMakeFiles/zephyr.dir/lib/heap/heap.c.obj
[moonstone:rw] [16/391] Generating pw_transport.proto/nanopb/pw_transport/proto/transport.pb.h, pw_transport.proto/nanopb/pw_transport/proto/transport.pb.c
[francka:rw] [264/396] Building C object CMakeFiles/app.dir/mnt/host/source/src/platform/ec/zephyr/subsys/ap_pwrseq/x86_non_dsx_chipset_power_state.c.obj
[francka:rw] [265/396] Building C object CMakeFiles/app.dir/mnt/host/source/src/platform/ec/zephyr/subsys/ap_pwrseq/x86_non_dsx_common_pwrseq_host_sleep.c.obj
[/mnt/host/source/src/platform/ec/build/zephyr/matsu-lcov]   /mnt/host/source/src/platform/ec/build/zephyr/matsu/build-ro/zephyr/arch/arch/riscv/core/CMakeFiles/arch__riscv__core.dir/cpu_idle.c.gcno:no functions found
[/mnt/host/source/src/platform/ec/build/zephyr/matsu-lcov] stderr:
[francka:rw] [266/396] Building C object CMakeFiles/app.dir/mnt/host/source/src/platform/ec/zephyr/subsys/ap_pwrseq/x86_non_dsx_common_pwrseq_console.c.obj
[xivu:rw] [49/407] Building C object CMakeFiles/app.dir/mnt/host/source/src/platform/ec/build/zephyr/xivu/modules/ec/common/battery_info.c.obj
[xivu:rw] [50/407] Building C object CMakeFiles/app.dir/mnt/host/source/src/platform/ec/build/zephyr/xivu/modules/ec/common/battery.c.obj
[xivu:rw] [51/407] Building C object CMakeFiles/app.dir/mnt/host/source/src/platform/ec/build/zephyr/xivu/modules/ec/driver/battery/smart.c.obj
[francka:rw] [267/396] Building C object CMakeFiles/app.dir/mnt/host/source/src/platform/ec/zephyr/subsys/ap_pwrseq/x86_non_dsx_mtl_pwrseq_sm.c.obj
[xivu:rw] [52/407] Building C object CMakeFiles/app.dir/mnt/host/source/src/platform/ec/build/zephyr/xivu/modules/ec/common/battery_fuel_gauge.c.obj
[francka:rw] [268/396] Building C object CMakeFiles/app.dir/mnt/host/source/src/platform/ec/zephyr/subsys/ap_pwrseq/x86_non_dsx_common_pwrseq_host_command.c.obj
[xivu:rw] [53/407] Building C object CMakeFiles/app.dir/mnt/host/source/src/platform/ec/build/zephyr/xivu/modules/ec/driver/bc12/pi3usb9201.c.obj
[francka:rw] [269/396] Building C object CMakeFiles/app.dir/mnt/host/source/src/platform/ec/zephyr/subsys/ap_pwrseq/ap_reset_log.c.obj
[moonstone:rw] [17/391] Building C object zephyr/CMakeFiles/offsets.dir/arch/riscv/core/offsets/offsets.c.obj
[xivu:ro] [13/407] Building C object zephyr/CMakeFiles/zephyr.dir/lib/os/cbprintf_packaged.c.obj
[moonstone:rw] [18/391] Building C object zephyr/drivers/sensor/CMakeFiles/drivers__sensor.dir/mnt/host/source/src/third_party/zephyr/main/misc/empty_file.c.obj
[moonstone:rw] [19/391] Building C object zephyr/drivers/syscon/CMakeFiles/drivers__syscon.dir/mnt/host/source/src/third_party/zephyr/main/misc/empty_file.c.obj
[francka:rw] [270/396] Building C object CMakeFiles/app.dir/mnt/host/source/src/platform/ec/zephyr/subsys/pd_controller/pdc_pmc_debug.c.obj
[/mnt/host/source/src/platform/ec/build/zephyr/matsu-lcov]   /mnt/host/source/src/platform/ec/build/zephyr/matsu/build-ro/zephyr/arch/common/CMakeFiles/isr_tables.dir/isr_tables.c.gcno:no functions found
[/mnt/host/source/src/platform/ec/build/zephyr/matsu-lcov] stderr:
[moonstone:rw] [20/391] Building C object modules/ec/zephyr/drivers/dsp_comms/CMakeFiles/dsp_comms.proto.nanopb.dir/dsp_comms.proto/nanopb/proto/ec_dsp.pb.c.obj
[francka:rw] [271/396] Building C object CMakeFiles/app.dir/mnt/host/source/src/platform/ec/zephyr/subsys/pd_controller/pdc_console.c.obj
[moonstone:rw] [21/391] Building C object modules/ec/zephyr/drivers/pw_transport/CMakeFiles/pw_transport.proto.nanopb.dir/pw_transport.proto/nanopb/pw_transport/proto/transport.pb.c.obj
[francka:rw] [272/396] Building C object CMakeFiles/app.dir/mnt/host/source/src/platform/ec/zephyr/subsys/pd_controller/pdc_stub.c.obj
[xivu:rw] [54/407] Building C object CMakeFiles/app.dir/mnt/host/source/src/platform/ec/build/zephyr/xivu/modules/ec/common/charger.c.obj
[francka:rw] [273/396] Building C object CMakeFiles/app.dir/mnt/host/source/src/platform/ec/zephyr/subsys/pd_controller/pdc_host_cmd.c.obj
[xivu:rw] [55/407] Building C object CMakeFiles/app.dir/mnt/host/source/src/platform/ec/build/zephyr/xivu/modules/ec/common/ocpc.c.obj
[xivu:rw] [56/407] Building C object CMakeFiles/app.dir/mnt/host/source/src/platform/ec/build/zephyr/xivu/modules/ec/driver/charger/isl923x.c.obj
[xivu:rw] [57/407] Building C object CMakeFiles/app.dir/mnt/host/source/src/platform/ec/build/zephyr/xivu/modules/ec/common/charge_state.c.obj
[xivu:ro] [14/407] Building C object zephyr/CMakeFiles/zephyr.dir/lib/os/clock.c.obj
[francka:rw] [274/396] Building C object CMakeFiles/app.dir/mnt/host/source/src/platform/ec/zephyr/subsys/pd_controller/pdc_dpm.c.obj
[xivu:rw] [58/407] Building C object CMakeFiles/app.dir/mnt/host/source/src/platform/ec/build/zephyr/xivu/modules/ec/common/charge_manager.c.obj
[francka:rw] [275/396] Building C object CMakeFiles/app.dir/mnt/host/source/src/platform/ec/zephyr/subsys/pd_controller/pdc_power_mgmt.c.obj
[/mnt/host/source/src/platform/ec/build/zephyr/tentacruel-lcov]   /mnt/host/source/src/platform/ec/build/zephyr/tentacruel/build-ro/zephyr/CMakeFiles/zephyr.dir/soc/ite/ec/it8xxx2/check_regs.c.gcno:no functions found
[/mnt/host/source/src/platform/ec/build/zephyr/tentacruel-lcov] stderr:
[francka:rw] [276/396] Building C object CMakeFiles/app.dir/mnt/host/source/src/platform/ec/zephyr/subsys/pd_controller/pdc_runtime_port_config.c.obj
[francka:rw] [277/396] Building C object CMakeFiles/app.dir/mnt/host/source/src/platform/ec/build/zephyr/francka/modules/ec/builtin/stdlib.c.obj
[xivu:rw] [59/407] Building C object CMakeFiles/app.dir/mnt/host/source/src/platform/ec/build/zephyr/xivu/modules/ec/common/cbi_common.c.obj
[xivu:rw] [60/407] Building C object CMakeFiles/app.dir/mnt/host/source/src/platform/ec/build/zephyr/xivu/modules/ec/common/cbi_config.c.obj
[/mnt/host/source/src/platform/ec/build/zephyr/tentacruel-lcov]   /mnt/host/source/src/platform/ec/build/zephyr/tentacruel/build-rw/modules/ec/zephyr/CMakeFiles/ec_shim.dir/shim/src/power.c.gcno:no functions found
[/mnt/host/source/src/platform/ec/build/zephyr/tentacruel-lcov] stderr:
[xivu:ro] [15/407] Building C object zephyr/CMakeFiles/zephyr.dir/lib/os/printk.c.obj
[francka:rw] [278/396] Building C object CMakeFiles/app.dir/mnt/host/source/src/platform/ec/build/zephyr/francka/modules/ec/common/base32.c.obj
[francka:rw] [279/396] Building C object CMakeFiles/app.dir/mnt/host/source/src/platform/ec/build/zephyr/francka/modules/ec/common/console_output.c.obj
[xivu:rw] [61/407] Building C object CMakeFiles/app.dir/mnt/host/source/src/platform/ec/build/zephyr/xivu/modules/ec/common/dptf.c.obj
[xivu:rw] [62/407] Building C object CMakeFiles/app.dir/mnt/host/source/src/platform/ec/build/zephyr/xivu/modules/ec/common/cbi.c.obj
[/mnt/host/source/src/platform/ec/build/zephyr/tentacruel-lcov]   /mnt/host/source/src/platform/ec/build/zephyr/tentacruel/build-rw/modules/ec/zephyr/CMakeFiles/ec_shim.dir/shim/src/thermal.c.gcno:no functions found
[/mnt/host/source/src/platform/ec/build/zephyr/tentacruel-lcov] stderr:
[xivu:rw] [63/407] Building C object CMakeFiles/app.dir/mnt/host/source/src/platform/ec/build/zephyr/xivu/modules/ec/common/ap_reset_log.c.obj
[francka:rw] [280/396] Building C object CMakeFiles/app.dir/mnt/host/source/src/platform/ec/build/zephyr/francka/modules/ec/common/ec_features.c.obj
[/mnt/host/source/src/platform/ec/build/zephyr/sapphire-lcov]   /mnt/host/source/src/platform/ec/build/zephyr/sapphire/build-ro/zephyr/drivers/syscon/CMakeFiles/drivers__syscon.dir/mnt/host/source/src/third_party/zephyr/main/misc/empty_file.c.gcno:no functions found
[/mnt/host/source/src/platform/ec/build/zephyr/sapphire-lcov] stderr:
[/mnt/host/source/src/platform/ec/build/zephyr/tentacruel-lcov]   /mnt/host/source/src/platform/ec/build/zephyr/tentacruel/build-rw/modules/ec/zephyr/CMakeFiles/ec_shim.dir/shim/src/battery.c.gcno:no functions found
[/mnt/host/source/src/platform/ec/build/zephyr/tentacruel-lcov] stderr:
[francka:rw] [281/396] Building C object CMakeFiles/app.dir/mnt/host/source/src/platform/ec/build/zephyr/francka/modules/ec/common/gpio_commands.c.obj
[francka:rw] [282/396] Building C object CMakeFiles/app.dir/mnt/host/source/src/platform/ec/build/zephyr/francka/modules/ec/common/peripheral.c.obj
[/mnt/host/source/src/platform/ec/build/zephyr/tentacruel-lcov]   /mnt/host/source/src/platform/ec/build/zephyr/tentacruel/build-rw/modules/ec/zephyr/CMakeFiles/ec_shim.dir/shim/src/charger.c.gcno:no functions found
[/mnt/host/source/src/platform/ec/build/zephyr/tentacruel-lcov] stderr:
[francka:rw] [283/396] Building C object CMakeFiles/app.dir/mnt/host/source/src/platform/ec/build/zephyr/francka/modules/ec/common/printf.c.obj
[/mnt/host/source/src/platform/ec/build/zephyr/tentacruel-lcov]   /mnt/host/source/src/platform/ec/build/zephyr/tentacruel/build-rw/modules/ec/zephyr/CMakeFiles/ec_shim.dir/shim/src/usb_muxes.c.gcno:no functions found
[/mnt/host/source/src/platform/ec/build/zephyr/tentacruel-lcov] stderr:
[xivu:rw] [64/407] Building C object CMakeFiles/app.dir/mnt/host/source/src/platform/ec/build/zephyr/xivu/modules/ec/common/espi.c.obj
[xivu:rw] [65/407] Building C object CMakeFiles/app.dir/mnt/host/source/src/platform/ec/build/zephyr/xivu/modules/ec/common/extpower_common.c.obj
[xivu:ro] [16/407] Building C object zephyr/CMakeFiles/zephyr.dir/lib/os/sem.c.obj
[francka:rw] [284/396] Building C object CMakeFiles/app.dir/mnt/host/source/src/platform/ec/build/zephyr/francka/modules/ec/common/queue.c.obj
[xivu:rw] [66/407] Building C object CMakeFiles/app.dir/mnt/host/source/src/platform/ec/build/zephyr/xivu/modules/ec/common/host_command.c.obj
[moonstone:rw] [22/391] Building CXX object modules/pigweed/pw_bytes/CMakeFiles/pw_bytes.dir/byte_builder.cc.obj
[xivu:rw] [67/407] Building C object CMakeFiles/app.dir/mnt/host/source/src/platform/ec/build/zephyr/xivu/modules/ec/common/flash.c.obj
[/mnt/host/source/src/platform/ec/build/zephyr/sapphire-lcov]   /mnt/host/source/src/platform/ec/build/zephyr/sapphire/build-rw/modules/ec/zephyr/CMakeFiles/ec_shim.dir/shim/src/power.c.gcno:no functions found
[/mnt/host/source/src/platform/ec/build/zephyr/sapphire-lcov] stderr:
[francka:rw] [285/396] Building C object CMakeFiles/app.dir/mnt/host/source/src/platform/ec/build/zephyr/francka/modules/ec/common/system.c.obj
[/mnt/host/source/src/platform/ec/build/zephyr/sapphire-lcov]   /mnt/host/source/src/platform/ec/build/zephyr/sapphire/build-rw/modules/ec/zephyr/CMakeFiles/ec_shim.dir/shim/src/thermal.c.gcno:no functions found
[/mnt/host/source/src/platform/ec/build/zephyr/sapphire-lcov] stderr:
[moonstone:rw] [23/391] Building CXX object modules/pigweed/pw_containers/CMakeFiles/pw_containers.intrusive_item.dir/intrusive_item.cc.obj
[xivu:rw] [68/407] Building C object CMakeFiles/app.dir/mnt/host/source/src/platform/ec/build/zephyr/xivu/modules/ec/common/host_command_task.c.obj
[francka:rw] [286/396] Building C object CMakeFiles/app.dir/mnt/host/source/src/platform/ec/build/zephyr/francka/modules/ec/common/system_boot_time.c.obj
[francka:rw] [287/396] Building C object CMakeFiles/app.dir/mnt/host/source/src/platform/ec/build/zephyr/francka/modules/ec/common/uart_printf.c.obj
[xivu:ro] [17/407] Building C object zephyr/CMakeFiles/zephyr.dir/lib/os/thread_entry.c.obj
[francka:rw] [288/396] Building C object CMakeFiles/app.dir/mnt/host/source/src/platform/ec/build/zephyr/francka/modules/ec/common/util.c.obj
[francka:rw] [289/396] Building C object CMakeFiles/app.dir/mnt/host/source/src/platform/ec/build/zephyr/francka/modules/ec/common/version.c.obj
[/mnt/host/source/src/platform/ec/build/zephyr/sapphire-lcov]   /mnt/host/source/src/platform/ec/build/zephyr/sapphire/build-rw/modules/ec/zephyr/CMakeFiles/ec_shim.dir/shim/src/battery.c.gcno:no functions found
[/mnt/host/source/src/platform/ec/build/zephyr/sapphire-lcov] stderr:
[/mnt/host/source/src/platform/ec/build/zephyr/tentacruel-lcov]   /mnt/host/source/src/platform/ec/build/zephyr/tentacruel/build-rw/modules/ec/zephyr/CMakeFiles/ec_shim.dir/shim/src/chg_rt9490.c.gcno:no functions found
[/mnt/host/source/src/platform/ec/build/zephyr/tentacruel-lcov] stderr:
[xivu:rw] [69/407] Building C object CMakeFiles/app.dir/mnt/host/source/src/platform/ec/build/zephyr/xivu/modules/ec/common/uart_hostcmd.c.obj
[xivu:rw] [70/407] Building C object CMakeFiles/app.dir/mnt/host/source/src/platform/ec/build/zephyr/xivu/modules/ec/common/host_event_commands.c.obj
[francka:rw] [290/396] Building C object CMakeFiles/app.dir/mnt/host/source/src/platform/ec/build/zephyr/francka/modules/ec/common/power_button_x86.c.obj
[xivu:rw] [71/407] Building C object CMakeFiles/app.dir/mnt/host/source/src/platform/ec/build/zephyr/xivu/modules/ec/common/uptime.c.obj
[moonstone:rw] [24/391] Building CXX object modules/pigweed/pw_log_zephyr/CMakeFiles/pw_log_zephyr.dir/log_zephyr.cc.obj
[xivu:rw] [72/407] Building C object CMakeFiles/app.dir/mnt/host/source/src/platform/ec/build/zephyr/xivu/modules/ec/common/i2c_controller.c.obj
[moonstone:rw] [25/391] Linking CXX static library modules/pigweed/pw_log_zephyr/libpw_log_zephyr.a
[francka:rw] [291/396] Building C object CMakeFiles/app.dir/mnt/host/source/src/platform/ec/build/zephyr/francka/modules/ec/driver/accel_bma4xx.c.obj
[/mnt/host/source/src/platform/ec/build/zephyr/tentacruel-lcov]   /mnt/host/source/src/platform/ec/build/zephyr/tentacruel/build-rw/modules/ec/zephyr/CMakeFiles/ec_shim.dir/shim/src/usba.c.gcno:no functions found
[/mnt/host/source/src/platform/ec/build/zephyr/tentacruel-lcov] stderr:
[moonstone:rw] [26/391] Linking CXX static library modules/ec/zephyr/drivers/pw_transport/libpw_transport.proto.nanopb.a
[francka:rw] [292/396] Building C object CMakeFiles/app.dir/mnt/host/source/src/platform/ec/build/zephyr/francka/modules/ec/common/motion_sense_fifo.c.obj
[moonstone:rw] [27/391] Linking CXX static library modules/ec/zephyr/drivers/dsp_comms/libdsp_comms.proto.nanopb.a
[xivu:rw] [73/407] Building C object CMakeFiles/app.dir/mnt/host/source/src/platform/ec/build/zephyr/xivu/modules/ec/common/i2c_passthru.c.obj
[xivu:ro] [18/407] Building C object zephyr/CMakeFiles/zephyr.dir/lib/os/cbprintf_nano.c.obj
[moonstone:rw] [28/391] Generating include/generated/zephyr/offsets.h
[francka:rw] [293/396] Building C object CMakeFiles/app.dir/mnt/host/source/src/platform/ec/build/zephyr/francka/modules/ec/common/adc.c.obj
[francka:rw] [294/396] Building C object CMakeFiles/app.dir/mnt/host/source/src/platform/ec/build/zephyr/francka/modules/ec/common/acpi.c.obj
[/mnt/host/source/src/platform/ec/build/zephyr/tentacruel-lcov]   /mnt/host/source/src/platform/ec/build/zephyr/tentacruel/build-rw/modules/ec/zephyr/CMakeFiles/ec_shim.dir/shim/src/keyscan.c.gcno:no functions found
[/mnt/host/source/src/platform/ec/build/zephyr/tentacruel-lcov] stderr:
[xivu:rw] [74/407] Building C object CMakeFiles/app.dir/mnt/host/source/src/platform/ec/build/zephyr/xivu/modules/ec/common/keyboard_8042.c.obj
[francka:rw] [295/396] Building C object CMakeFiles/app.dir/mnt/host/source/src/platform/ec/build/zephyr/francka/modules/ec/common/battery.c.obj
[/mnt/host/source/src/platform/ec/build/zephyr/matsu-lcov]   /mnt/host/source/src/platform/ec/build/zephyr/matsu/build-ro/zephyr/CMakeFiles/zephyr.dir/subsys/shell/modules/kernel_service/kernel_shell.c.gcno:no functions found
[/mnt/host/source/src/platform/ec/build/zephyr/matsu-lcov] stderr:
[xivu:rw] [75/407] Building C object CMakeFiles/app.dir/mnt/host/source/src/platform/ec/build/zephyr/xivu/modules/ec/common/keyboard_scan.c.obj
[francka:rw] [296/396] Building C object CMakeFiles/app.dir/mnt/host/source/src/platform/ec/build/zephyr/francka/modules/ec/common/battery_info.c.obj
[xivu:rw] [76/407] Building C object CMakeFiles/app.dir/mnt/host/source/src/platform/ec/build/zephyr/xivu/modules/ec/common/keyboard_8042_sharedlib.c.obj
[xivu:rw] [77/407] Building C object CMakeFiles/app.dir/mnt/host/source/src/platform/ec/build/zephyr/xivu/modules/ec/common/mkbp_fifo.c.obj
[/mnt/host/source/src/platform/ec/build/zephyr/matsu-lcov]   /mnt/host/source/src/platform/ec/build/zephyr/matsu/build-ro/zephyr/CMakeFiles/zephyr.dir/lib/libc/validate_libc.c.gcno:no functions found
[/mnt/host/source/src/platform/ec/build/zephyr/matsu-lcov] stderr:
[xivu:ro] [19/407] Building C object zephyr/CMakeFiles/zephyr.dir/lib/os/cbprintf.c.obj
[francka:rw] [297/396] Building C object CMakeFiles/app.dir/mnt/host/source/src/platform/ec/build/zephyr/francka/modules/ec/common/battery_fuel_gauge.c.obj
[xivu:rw] [78/407] Building C object CMakeFiles/app.dir/mnt/host/source/src/platform/ec/build/zephyr/xivu/modules/ec/common/mkbp_info.c.obj
[francka:rw] [298/396] Building C object CMakeFiles/app.dir/mnt/host/source/src/platform/ec/build/zephyr/francka/modules/ec/driver/battery/smart.c.obj
[moonstone:rw] [29/391] Building C object CMakeFiles/app.dir/mnt/host/source/src/platform/ec/zephyr/subsys/ap_pwrseq/ap_events.c.obj
[francka:rw] [299/396] Building C object CMakeFiles/app.dir/mnt/host/source/src/platform/ec/build/zephyr/francka/modules/ec/driver/charger/isl923x.c.obj
[xivu:rw] [79/407] Building C object CMakeFiles/app.dir/mnt/host/source/src/platform/ec/build/zephyr/xivu/modules/ec/common/mkbp_input_devices.c.obj
[francka:rw] [300/396] Building C object CMakeFiles/app.dir/mnt/host/source/src/platform/ec/build/zephyr/francka/modules/ec/driver/charger/bq25710.c.obj
[francka:rw] [301/396] Building C object CMakeFiles/app.dir/mnt/host/source/src/platform/ec/build/zephyr/francka/modules/ec/common/charger.c.obj
[xivu:ro] [20/407] Building C object zephyr/CMakeFiles/zephyr.dir/lib/os/assert.c.obj
[xivu:rw] [80/407] Building C object CMakeFiles/app.dir/mnt/host/source/src/platform/ec/build/zephyr/xivu/modules/ec/common/led_common.c.obj
[xivu:rw] [81/407] Building C object CMakeFiles/app.dir/mnt/host/source/src/platform/ec/build/zephyr/xivu/modules/ec/common/motion_lid.c.obj
[xivu:rw] [82/407] Building C object CMakeFiles/app.dir/mnt/host/source/src/platform/ec/build/zephyr/xivu/modules/ec/common/lid_angle.c.obj
[francka:rw] [302/396] Building C object CMakeFiles/app.dir/mnt/host/source/src/platform/ec/build/zephyr/francka/modules/ec/common/charge_state.c.obj
[moonstone:rw] [30/391] Building C object CMakeFiles/app.dir/mnt/host/source/src/platform/ec/zephyr/subsys/ap_pwrseq/ap_power_interface.c.obj
[xivu:ro] [21/407] Building C object zephyr/CMakeFiles/zephyr.dir/lib/utils/dec.c.obj
[francka:rw] [303/396] Building C object CMakeFiles/app.dir/mnt/host/source/src/platform/ec/build/zephyr/francka/modules/ec/common/cbi_common.c.obj
[/mnt/host/source/src/platform/ec/build/zephyr/matsu-lcov]   /mnt/host/source/src/platform/ec/build/zephyr/matsu/build-ro/zephyr/CMakeFiles/zephyr.dir/lib/utils/last_section_id.c.gcno:no functions found
[/mnt/host/source/src/platform/ec/build/zephyr/matsu-lcov] stderr:
[xivu:rw] [83/407] Building C object CMakeFiles/app.dir/mnt/host/source/src/platform/ec/build/zephyr/xivu/modules/ec/common/lid_angle_keyboard_policy.c.obj
[francka:rw] [304/396] Building C object CMakeFiles/app.dir/mnt/host/source/src/platform/ec/build/zephyr/francka/modules/ec/common/charge_manager.c.obj
[xivu:ro] [22/407] Building C object zephyr/CMakeFiles/zephyr.dir/lib/utils/hex.c.obj
[xivu:rw] [84/407] Building C object CMakeFiles/app.dir/mnt/host/source/src/platform/ec/build/zephyr/xivu/modules/ec/common/lid_switch.c.obj
[francka:rw] [305/396] Building C object CMakeFiles/app.dir/mnt/host/source/src/platform/ec/build/zephyr/francka/modules/ec/common/cbi_config.c.obj
[francka:rw] [306/396] Building C object CMakeFiles/app.dir/mnt/host/source/src/platform/ec/build/zephyr/francka/modules/ec/common/cbi.c.obj
[francka:rw] [307/396] Building C object CMakeFiles/app.dir/mnt/host/source/src/platform/ec/build/zephyr/francka/modules/ec/common/memory_commands.c.obj
[xivu:rw] [85/407] Building C object CMakeFiles/app.dir/mnt/host/source/src/platform/ec/build/zephyr/xivu/modules/ec/common/mkbp_event.c.obj
[xivu:rw] [86/407] Building C object CMakeFiles/app.dir/mnt/host/source/src/platform/ec/build/zephyr/xivu/modules/ec/common/port80.c.obj
[xivu:rw] [87/407] Building C object CMakeFiles/app.dir/mnt/host/source/src/platform/ec/build/zephyr/xivu/modules/ec/common/motion_sense.c.obj
[francka:rw] [308/396] Building C object CMakeFiles/app.dir/mnt/host/source/src/platform/ec/build/zephyr/francka/modules/ec/common/dptf.c.obj
[moonstone:rw] [31/391] Building C object CMakeFiles/app.dir/mnt/host/source/src/platform/ec/zephyr/subsys/ap_pwrseq/power_signals.c.obj
[francka:rw] [309/396] Building C object CMakeFiles/app.dir/mnt/host/source/src/platform/ec/build/zephyr/francka/modules/ec/common/ap_reset_log.c.obj
[xivu:ro] [23/407] Building C object zephyr/CMakeFiles/zephyr.dir/lib/utils/rb.c.obj
[xivu:rw] [88/407] Building C object CMakeFiles/app.dir/mnt/host/source/src/platform/ec/build/zephyr/xivu/modules/ec/common/power_button.c.obj
[/mnt/host/source/src/platform/ec/build/zephyr/tentacruel-lcov]   /mnt/host/source/src/platform/ec/build/zephyr/tentacruel/build-rw/modules/ec/zephyr/CMakeFiles/ec_shim.dir/shim/src/bc12.c.gcno:no functions found
[/mnt/host/source/src/platform/ec/build/zephyr/tentacruel-lcov] stderr:
[francka:rw] [310/396] Building C object CMakeFiles/app.dir/mnt/host/source/src/platform/ec/build/zephyr/francka/modules/ec/common/espi.c.obj
[xivu:rw] [89/407] Building C object CMakeFiles/app.dir/mnt/host/source/src/platform/ec/build/zephyr/xivu/modules/ec/power/hibernate.c.obj
[francka:rw] [311/396] Building C object CMakeFiles/app.dir/mnt/host/source/src/platform/ec/build/zephyr/francka/modules/ec/common/extpower_common.c.obj
[xivu:ro] [24/407] Building C object zephyr/CMakeFiles/zephyr.dir/lib/utils/timeutil.c.obj
[francka:rw] [312/396] Building C object CMakeFiles/app.dir/mnt/host/source/src/platform/ec/build/zephyr/francka/modules/ec/common/extpower_gpio.c.obj
[francka:rw] [313/396] Building C object CMakeFiles/app.dir/mnt/host/source/src/platform/ec/build/zephyr/francka/modules/ec/common/fan.c.obj
[xivu:rw] [90/407] Building C object CMakeFiles/app.dir/mnt/host/source/src/platform/ec/build/zephyr/xivu/modules/ec/common/sha256.c.obj
[xivu:rw] [91/407] Building C object CMakeFiles/app.dir/mnt/host/source/src/platform/ec/build/zephyr/xivu/modules/ec/common/panic_output.c.obj
[xivu:rw] [92/407] Building C object CMakeFiles/app.dir/mnt/host/source/src/platform/ec/build/zephyr/xivu/modules/ec/common/shared_mem.c.obj
[francka:rw] [314/396] Building C object CMakeFiles/app.dir/mnt/host/source/src/platform/ec/build/zephyr/francka/modules/ec/common/flash.c.obj
[moonstone:rw] [32/391] Building C object CMakeFiles/app.dir/mnt/host/source/src/platform/ec/zephyr/subsys/ap_pwrseq/signal_gpio.c.obj
[francka:rw] [315/396] Building C object CMakeFiles/app.dir/mnt/host/source/src/platform/ec/build/zephyr/francka/modules/ec/common/host_command.c.obj
[xivu:rw] [93/407] Building C object CMakeFiles/app.dir/mnt/host/source/src/platform/ec/build/zephyr/xivu/modules/ec/common/switch.c.obj
[xivu:ro] [25/407] Building C object zephyr/CMakeFiles/zephyr.dir/lib/utils/bitarray.c.obj
[xivu:rw] [94/407] Building C object CMakeFiles/app.dir/mnt/host/source/src/platform/ec/build/zephyr/xivu/modules/ec/common/spi_flash_reg.c.obj
[francka:rw] [316/396] Building C object CMakeFiles/app.dir/mnt/host/source/src/platform/ec/build/zephyr/francka/modules/ec/common/host_command_task.c.obj
[francka:rw] [317/396] Building C object CMakeFiles/app.dir/mnt/host/source/src/platform/ec/build/zephyr/francka/modules/ec/common/host_event_commands.c.obj
[francka:rw] [318/396] Building C object CMakeFiles/app.dir/mnt/host/source/src/platform/ec/build/zephyr/francka/modules/ec/common/uart_hostcmd.c.obj
[xivu:ro] [26/407] Building C object zephyr/CMakeFiles/zephyr.dir/lib/utils/bitmask.c.obj
[francka:rw] [319/396] Building C object CMakeFiles/app.dir/mnt/host/source/src/platform/ec/build/zephyr/francka/modules/ec/common/uptime.c.obj
[xivu:rw] [95/407] Building C object CMakeFiles/app.dir/mnt/host/source/src/platform/ec/build/zephyr/xivu/modules/ec/driver/stm_mems_common.c.obj
[xivu:rw] [96/407] Building C object CMakeFiles/app.dir/mnt/host/source/src/platform/ec/build/zephyr/xivu/modules/ec/common/thermal.c.obj
[xivu:rw] [97/407] Building C object CMakeFiles/app.dir/mnt/host/source/src/platform/ec/build/zephyr/xivu/modules/ec/common/tablet_mode.c.obj
[francka:rw] [320/396] Building C object CMakeFiles/app.dir/mnt/host/source/src/platform/ec/build/zephyr/francka/modules/ec/common/i2c_controller.c.obj
[moonstone:rw] [33/391] Building C object CMakeFiles/app.dir/mnt/host/source/src/platform/ec/zephyr/subsys/ap_pwrseq/signal_vw.c.obj
[francka:rw] [321/396] Building C object CMakeFiles/app.dir/mnt/host/source/src/platform/ec/build/zephyr/francka/modules/ec/common/i2c_passthru.c.obj
[xivu:rw] [98/407] Building C object CMakeFiles/app.dir/mnt/host/source/src/platform/ec/build/zephyr/xivu/modules/ec/common/temp_sensor.c.obj
[xivu:rw] [99/407] Building C object CMakeFiles/app.dir/mnt/host/source/src/platform/ec/build/zephyr/xivu/modules/ec/driver/temp_sensor/thermistor.c.obj
[xivu:ro] [27/407] Building C object zephyr/CMakeFiles/zephyr.dir/lib/utils/getopt/getopt.c.obj
[francka:rw] [322/396] Building C object CMakeFiles/app.dir/mnt/host/source/src/platform/ec/build/zephyr/francka/modules/ec/common/keyboard_8042.c.obj
[francka:rw] [323/396] Building C object CMakeFiles/app.dir/mnt/host/source/src/platform/ec/build/zephyr/francka/modules/ec/common/keyboard_8042_sharedlib.c.obj
[francka:rw] [324/396] Building C object CMakeFiles/app.dir/mnt/host/source/src/platform/ec/build/zephyr/francka/modules/ec/common/mkbp_fifo.c.obj
[francka:rw] [325/396] Building C object CMakeFiles/app.dir/mnt/host/source/src/platform/ec/build/zephyr/francka/modules/ec/common/mkbp_info.c.obj
[xivu:rw] [100/407] Building C object CMakeFiles/app.dir/mnt/host/source/src/platform/ec/build/zephyr/xivu/modules/ec/common/throttle_ap.c.obj
[xivu:rw] [101/407] Building C object CMakeFiles/app.dir/mnt/host/source/src/platform/ec/build/zephyr/xivu/modules/ec/common/timer.c.obj
[xivu:rw] [102/407] Building C object CMakeFiles/app.dir/mnt/host/source/src/platform/ec/build/zephyr/xivu/modules/ec/common/usb_charger.c.obj
[moonstone:rw] [34/391] Building C object CMakeFiles/app.dir/mnt/host/source/src/platform/ec/zephyr/subsys/ap_pwrseq/ap_pwrseq.c.obj
[xivu:rw] [103/407] Building C object CMakeFiles/app.dir/mnt/host/source/src/platform/ec/build/zephyr/xivu/modules/ec/common/usb_port_power_smart.c.obj
[francka:rw] [326/396] Building C object CMakeFiles/app.dir/mnt/host/source/src/platform/ec/build/zephyr/francka/modules/ec/common/mkbp_input_devices.c.obj
[francka:rw] [327/396] Building C object CMakeFiles/app.dir/mnt/host/source/src/platform/ec/build/zephyr/francka/modules/ec/common/keyboard_backlight.c.obj
[xivu:ro] [28/407] Building C object zephyr/CMakeFiles/zephyr.dir/lib/utils/getopt/getopt_common.c.obj
[xivu:rw] [104/407] Building C object CMakeFiles/app.dir/mnt/host/source/src/platform/ec/build/zephyr/xivu/modules/ec/common/typec_control.c.obj
[francka:rw] [328/396] Building C object CMakeFiles/app.dir/mnt/host/source/src/platform/ec/build/zephyr/francka/modules/ec/common/motion_lid.c.obj
[francka:rw] [329/396] Building C object CMakeFiles/app.dir/mnt/host/source/src/platform/ec/build/zephyr/francka/modules/ec/common/lid_angle.c.obj
[francka:rw] [330/396] Building C object CMakeFiles/app.dir/mnt/host/source/src/platform/ec/build/zephyr/francka/modules/ec/common/lid_angle_keyboard_policy.c.obj
[francka:rw] [331/396] Building C object CMakeFiles/app.dir/mnt/host/source/src/platform/ec/build/zephyr/francka/modules/ec/common/led_common.c.obj
[xivu:ro] [29/407] Building C object zephyr/CMakeFiles/zephyr.dir/lib/utils/ring_buffer.c.obj
[xivu:ro] [30/407] Building C object zephyr/CMakeFiles/zephyr.dir/lib/utils/last_section_id.c.obj
[xivu:rw] [105/407] Building C object CMakeFiles/app.dir/mnt/host/source/src/platform/ec/build/zephyr/xivu/modules/ec/common/usb_common.c.obj
[xivu:rw] [106/407] Building C object CMakeFiles/app.dir/mnt/host/source/src/platform/ec/build/zephyr/xivu/modules/ec/common/usb_pd_pdo.c.obj
[xivu:rw] [107/407] Building C object CMakeFiles/app.dir/mnt/host/source/src/platform/ec/build/zephyr/xivu/modules/ec/common/usbc/usbc_task.c.obj
[xivu:ro] [31/407] Building C object zephyr/CMakeFiles/zephyr.dir/misc/generated/configs.c.obj
[moonstone:rw] [35/391] Building C object CMakeFiles/app.dir/mnt/host/source/src/platform/ec/zephyr/subsys/ap_pwrseq/ap_pwrseq_sm.c.obj
[francka:rw] [332/396] Building C object CMakeFiles/app.dir/mnt/host/source/src/platform/ec/build/zephyr/francka/modules/ec/common/mkbp_event.c.obj
[francka:rw] [333/396] Building C object CMakeFiles/app.dir/mnt/host/source/src/platform/ec/build/zephyr/francka/modules/ec/common/lid_switch.c.obj
[xivu:rw] [108/407] Building C object CMakeFiles/app.dir/mnt/host/source/src/platform/ec/build/zephyr/xivu/modules/ec/common/usbc/usb_pd_timer.c.obj
[xivu:rw] [109/407] Building C object CMakeFiles/app.dir/mnt/host/source/src/platform/ec/build/zephyr/xivu/modules/ec/common/usbc/usb_sm.c.obj
[francka:rw] [334/396] Building C object CMakeFiles/app.dir/mnt/host/source/src/platform/ec/build/zephyr/francka/modules/ec/common/motion_sense.c.obj
[francka:rw] [335/396] Building C object CMakeFiles/app.dir/mnt/host/source/src/platform/ec/build/zephyr/francka/modules/ec/common/power_button.c.obj
[francka:rw] [336/396] Building C object CMakeFiles/app.dir/mnt/host/source/src/platform/ec/build/zephyr/francka/modules/ec/common/port80.c.obj
[francka:rw] [337/396] Building C object CMakeFiles/app.dir/mnt/host/source/src/platform/ec/build/zephyr/francka/modules/ec/power/hibernate.c.obj
[xivu:rw] [110/407] Building C object CMakeFiles/app.dir/mnt/host/source/src/platform/ec/build/zephyr/xivu/modules/ec/common/usbc_intr_task.c.obj
[xivu:rw] [111/407] Building C object CMakeFiles/app.dir/mnt/host/source/src/platform/ec/build/zephyr/xivu/modules/ec/common/usb_pd_flags.c.obj
[xivu:rw] [112/407] Building C object CMakeFiles/app.dir/mnt/host/source/src/platform/ec/build/zephyr/xivu/modules/ec/common/usbc_utils.c.obj
[xivu:ro] [32/407] Building C object zephyr/CMakeFiles/zephyr.dir/soc/nuvoton/npcx/common/power.c.obj
[moonstone:rw] [36/391] Building C object CMakeFiles/app.dir/mnt/host/source/src/platform/ec/zephyr/subsys/ap_pwrseq/power_host_sleep.c.obj
[francka:rw] [338/396] Building C object CMakeFiles/app.dir/mnt/host/source/src/platform/ec/build/zephyr/francka/modules/ec/common/sha256.c.obj
[francka:rw] [339/396] Building C object CMakeFiles/app.dir/mnt/host/source/src/platform/ec/build/zephyr/francka/modules/ec/common/panic_output.c.obj
[xivu:rw] [113/407] Building C object CMakeFiles/app.dir/mnt/host/source/src/platform/ec/build/zephyr/xivu/modules/ec/common/chargen.c.obj
[francka:rw] [340/396] Building C object CMakeFiles/app.dir/mnt/host/source/src/platform/ec/build/zephyr/francka/modules/ec/common/spi_flash_reg.c.obj
[xivu:rw] [114/407] Building C object CMakeFiles/app.dir/mnt/host/source/src/platform/ec/build/zephyr/xivu/modules/ec/common/usbc/usb_pd_console.c.obj
[francka:rw] [341/396] Building C object CMakeFiles/app.dir/mnt/host/source/src/platform/ec/build/zephyr/francka/modules/ec/common/shared_mem.c.obj
[francka:rw] [342/396] Building C object CMakeFiles/app.dir/mnt/host/source/src/platform/ec/build/zephyr/francka/modules/ec/common/switch.c.obj
[francka:rw] [343/396] Building C object CMakeFiles/app.dir/mnt/host/source/src/platform/ec/build/zephyr/francka/modules/ec/common/tablet_mode.c.obj
[xivu:ro] [33/407] Building C object zephyr/CMakeFiles/zephyr.dir/soc/nuvoton/npcx/common/scfg.c.obj
[xivu:rw] [115/407] Building C object CMakeFiles/app.dir/mnt/host/source/src/platform/ec/build/zephyr/xivu/modules/ec/driver/retimer/anx7483.c.obj
[xivu:rw] [116/407] Building C object CMakeFiles/app.dir/mnt/host/source/src/platform/ec/build/zephyr/xivu/modules/ec/driver/usb_mux/usb_mux.c.obj
[xivu:rw] [117/407] Building C object CMakeFiles/app.dir/mnt/host/source/src/platform/ec/build/zephyr/xivu/modules/ec/driver/usb_mux/virtual.c.obj
[francka:rw] [344/396] Building C object CMakeFiles/app.dir/mnt/host/source/src/platform/ec/build/zephyr/francka/modules/ec/common/thermal.c.obj
[francka:rw] [345/396] Building C object CMakeFiles/app.dir/mnt/host/source/src/platform/ec/build/zephyr/francka/modules/ec/common/temp_sensor.c.obj
[moonstone:rw] [37/391] Building C object CMakeFiles/app.dir/mnt/host/source/src/platform/ec/zephyr/subsys/ap_pwrseq/x86_non_dsx_common_pwrseq_sm_handler.c.obj
[xivu:ro] [34/407] Building C object zephyr/CMakeFiles/zephyr.dir/soc/nuvoton/npcx/common/npcxn/registers.c.obj
[francka:rw] [346/396] Building C object CMakeFiles/app.dir/mnt/host/source/src/platform/ec/build/zephyr/francka/modules/ec/common/usb_port_power_dumb.c.obj
[francka:rw] [347/396] Building C object CMakeFiles/app.dir/mnt/host/source/src/platform/ec/build/zephyr/francka/modules/ec/driver/temp_sensor/thermistor.c.obj
[francka:rw] [348/396] Building C object CMakeFiles/app.dir/mnt/host/source/src/platform/ec/build/zephyr/francka/modules/ec/common/timer.c.obj
[francka:rw] [349/396] Building C object CMakeFiles/app.dir/mnt/host/source/src/platform/ec/build/zephyr/francka/modules/ec/common/usbc_utils.c.obj
[xivu:rw] [118/407] Building C object CMakeFiles/app.dir/mnt/host/source/src/platform/ec/build/zephyr/xivu/modules/ec/common/usbc/usb_prl_sm.c.obj
[xivu:rw] [119/407] Building C object CMakeFiles/app.dir/mnt/host/source/src/platform/ec/build/zephyr/xivu/modules/ec/common/usbc/usbc_pd_policy.c.obj
[xivu:rw] [120/407] Building C object CMakeFiles/app.dir/mnt/host/source/src/platform/ec/build/zephyr/xivu/modules/ec/common/usbc/usb_tc_drp_acc_trysrc_sm.c.obj
[xivu:rw] [121/407] Building C object CMakeFiles/app.dir/mnt/host/source/src/platform/ec/build/zephyr/xivu/modules/ec/common/usbc/usb_pd_dpm.c.obj
[xivu:ro] [35/407] Building C object zephyr/CMakeFiles/zephyr.dir/soc/nuvoton/npcx/npcx9/soc.c.obj
[xivu:rw] [122/407] Building C object CMakeFiles/app.dir/mnt/host/source/src/platform/ec/build/zephyr/xivu/modules/ec/common/usbc/usb_pe_drp_sm.c.obj
[francka:rw] [350/396] Building C object CMakeFiles/app.dir/mnt/host/source/src/platform/ec/build/zephyr/francka/modules/ec/common/usb_pd_host_cmd_common.c.obj
[moonstone:rw] [38/391] Building C object CMakeFiles/app.dir/mnt/host/source/src/platform/ec/zephyr/subsys/ap_pwrseq/x86_non_dsx_chipset_power_state.c.obj
[francka:rw] [351/396] Building C object CMakeFiles/app.dir/mnt/host/source/src/platform/ec/build/zephyr/francka/modules/ec/common/usb_common.c.obj
[francka:rw] [352/396] Building C object CMakeFiles/app.dir/mnt/host/source/src/platform/ec/build/zephyr/francka/modules/ec/common/vboot_hash.c.obj
[francka:rw] [353/396] Building C object CMakeFiles/app.dir/mnt/host/source/src/platform/ec/build/zephyr/francka/modules/ec/common/button.c.obj
[francka:rw] [354/396] Building C object CMakeFiles/app.dir/mnt/host/source/src/platform/ec/build/zephyr/francka/modules/ec/common/vboot/efs2.c.obj
[xivu:rw] [123/407] Building C object CMakeFiles/app.dir/mnt/host/source/src/platform/ec/build/zephyr/xivu/modules/ec/common/usbc/dp_alt_mode.c.obj
[francka:rw] [355/396] Building C object CMakeFiles/app.dir/mnt/host/source/src/platform/ec/build/zephyr/francka/modules/ec/common/vstore.c.obj
[xivu:rw] [124/407] Building C object CMakeFiles/app.dir/mnt/host/source/src/platform/ec/build/zephyr/xivu/modules/ec/common/usb_pd_console_cmd.c.obj
[xivu:rw] [125/407] Building C object CMakeFiles/app.dir/mnt/host/source/src/platform/ec/build/zephyr/xivu/modules/ec/common/usb_pd_host_cmd.c.obj
[xivu:ro] [36/407] Building C object zephyr/CMakeFiles/zephyr.dir/subsys/logging/log_minimal.c.obj
[xivu:rw] [126/407] Building C object CMakeFiles/app.dir/mnt/host/source/src/platform/ec/build/zephyr/xivu/modules/ec/common/usbc/usb_pd_host.c.obj
[francka:rw] [356/396] Building C object CMakeFiles/app.dir/mnt/host/source/src/platform/ec/build/zephyr/francka/modules/ec/common/math_util.c.obj
[francka:rw] [357/396] Linking C static library modules/ec/zephyr/libec_shim.a
[francka:rw] [358/396] Building C object CMakeFiles/app.dir/francka/src/touch_panel.c.obj
[moonstone:rw] [39/391] Building C object CMakeFiles/app.dir/mnt/host/source/src/platform/ec/zephyr/subsys/ap_pwrseq/x86_non_dsx_common_pwrseq_host_sleep.c.obj
[francka:rw] [359/396] Building C object CMakeFiles/app.dir/francka/src/usbc_runtime.c.obj
[xivu:rw] [127/407] Building C object CMakeFiles/app.dir/mnt/host/source/src/platform/ec/build/zephyr/xivu/modules/ec/zephyr/shim/src/tcpc.c.obj
[francka:rw] [360/396] Building C object CMakeFiles/app.dir/francka/src/board_power.c.obj
[/mnt/host/source/src/platform/ec/build/zephyr/matsu-lcov]   /mnt/host/source/src/platform/ec/build/zephyr/matsu/build-ro/zephyr/CMakeFiles/zephyr.dir/soc/ite/ec/it8xxx2/check_regs.c.gcno:no functions found
[/mnt/host/source/src/platform/ec/build/zephyr/matsu-lcov] stderr:
[francka:rw] [361/396] Building C object CMakeFiles/app.dir/francka/src/alt_charger.c.obj
[francka:rw] [362/396] Building C object CMakeFiles/app.dir/francka/src/keyboard_customization.c.obj
[xivu:rw] [128/407] Building C object CMakeFiles/app.dir/mnt/host/source/src/platform/ec/build/zephyr/xivu/modules/ec/common/usbc_ocp.c.obj
[xivu:ro] [37/407] Building C object zephyr/CMakeFiles/zephyr.dir/subsys/mem_mgmt/mem_attr.c.obj
[xivu:rw] [129/407] Building C object CMakeFiles/app.dir/mnt/host/source/src/platform/ec/build/zephyr/xivu/modules/ec/common/usbc/svdm_rsp_dfp_only.c.obj
[xivu:rw] [130/407] Building C object CMakeFiles/app.dir/mnt/host/source/src/platform/ec/build/zephyr/xivu/modules/ec/common/usb_pd_host_cmd_common.c.obj
[francka:rw] [363/396] Linking C static library app/libapp.a
[francka:rw] [364/396] Building C object zephyr/kernel/CMakeFiles/kernel.dir/main_weak.c.obj
[francka:rw] [365/396] Building C object zephyr/kernel/CMakeFiles/kernel.dir/banner.c.obj
[xivu:rw] [131/407] Building C object CMakeFiles/app.dir/mnt/host/source/src/platform/ec/build/zephyr/xivu/modules/ec/common/usb_pd_discovery.c.obj
[francka:rw] [366/396] Building C object zephyr/kernel/CMakeFiles/kernel.dir/busy_wait.c.obj
[francka:rw] [367/396] Building C object zephyr/kernel/CMakeFiles/kernel.dir/device.c.obj
[moonstone:rw] [40/391] Building C object CMakeFiles/app.dir/mnt/host/source/src/platform/ec/zephyr/subsys/ap_pwrseq/x86_non_dsx_common_pwrseq_console.c.obj
[francka:rw] [368/396] Building C object zephyr/kernel/CMakeFiles/kernel.dir/errno.c.obj
[xivu:rw] [132/407] Building C object CMakeFiles/app.dir/mnt/host/source/src/platform/ec/build/zephyr/xivu/modules/ec/common/usb_pd_dual_role.c.obj
[francka:rw] [369/396] Building C object zephyr/kernel/CMakeFiles/kernel.dir/version.c.obj
[francka:rw] [370/396] Building C object zephyr/kernel/CMakeFiles/kernel.dir/fatal.c.obj
[xivu:ro] [38/407] Building C object zephyr/CMakeFiles/zephyr.dir/subsys/pm/pm.c.obj
[xivu:rw] [133/407] Building C object CMakeFiles/app.dir/mnt/host/source/src/platform/ec/build/zephyr/xivu/modules/ec/common/vboot_hash.c.obj
[francka:rw] [371/396] Building C object zephyr/kernel/CMakeFiles/kernel.dir/init.c.obj
[xivu:rw] [134/407] Building C object CMakeFiles/app.dir/mnt/host/source/src/platform/ec/build/zephyr/xivu/modules/ec/driver/tcpm/raa489000.c.obj
[francka:rw] [372/396] Building C object zephyr/kernel/CMakeFiles/kernel.dir/kheap.c.obj
[francka:rw] [373/396] Building C object zephyr/kernel/CMakeFiles/kernel.dir/mem_slab.c.obj
[francka:rw] [374/396] Building C object zephyr/kernel/CMakeFiles/kernel.dir/float.c.obj
[/mnt/host/source/src/platform/ec/build/zephyr/sapphire-lcov]   /mnt/host/source/src/platform/ec/build/zephyr/sapphire/build-rw/modules/ec/zephyr/CMakeFiles/ec_shim.dir/shim/src/charger.c.gcno:no functions found
[/mnt/host/source/src/platform/ec/build/zephyr/sapphire-lcov] stderr:
[xivu:rw] [135/407] Building C object CMakeFiles/app.dir/mnt/host/source/src/platform/ec/build/zephyr/xivu/modules/ec/driver/tcpm/tcpci.c.obj
[xivu:rw] [136/407] Building C object CMakeFiles/app.dir/mnt/host/source/src/platform/ec/build/zephyr/xivu/modules/ec/common/button.c.obj
[xivu:ro] [39/407] Building C object zephyr/CMakeFiles/zephyr.dir/subsys/pm/state.c.obj
[francka:rw] [375/396] Building C object zephyr/kernel/CMakeFiles/kernel.dir/idle.c.obj
[moonstone:rw] [41/391] Building C object CMakeFiles/app.dir/mnt/host/source/src/platform/ec/zephyr/subsys/ap_pwrseq/x86_non_dsx_common_pwrseq_host_command.c.obj
[/mnt/host/source/src/platform/ec/build/zephyr/matsu-lcov]   /mnt/host/source/src/platform/ec/build/zephyr/matsu/build-ro/zephyr/drivers/sensor/CMakeFiles/drivers__sensor.dir/mnt/host/source/src/third_party/zephyr/main/misc/empty_file.c.gcno:no functions found
[/mnt/host/source/src/platform/ec/build/zephyr/matsu-lcov] stderr:
[xivu:rw] [137/407] Building C object CMakeFiles/app.dir/mnt/host/source/src/platform/ec/build/zephyr/xivu/modules/ec/common/vboot/efs2.c.obj
[francka:rw] [376/396] Building C object zephyr/kernel/CMakeFiles/kernel.dir/mailbox.c.obj
[francka:rw] [377/396] Building C object zephyr/kernel/CMakeFiles/kernel.dir/msg_q.c.obj
[xivu:rw] [138/407] Building C object CMakeFiles/app.dir/mnt/host/source/src/platform/ec/build/zephyr/xivu/modules/ec/common/vstore.c.obj
[francka:rw] [378/396] Building C object zephyr/kernel/CMakeFiles/kernel.dir/sem.c.obj
[xivu:rw] [139/407] Building C object CMakeFiles/app.dir/mnt/host/source/src/platform/ec/build/zephyr/xivu/modules/ec/common/math_util.c.obj
[francka:rw] [379/396] Building C object zephyr/kernel/CMakeFiles/kernel.dir/mutex.c.obj
[francka:rw] [380/396] Building C object zephyr/kernel/CMakeFiles/kernel.dir/queue.c.obj
[xivu:ro] [40/407] Building C object zephyr/CMakeFiles/zephyr.dir/subsys/pm/policy/policy_events.c.obj
[xivu:rw] [140/407] Building C object CMakeFiles/app.dir/src/common.c.obj
[francka:rw] [381/396] Building C object zephyr/kernel/CMakeFiles/kernel.dir/stack.c.obj
[francka:rw] [382/396] Building C object zephyr/kernel/CMakeFiles/kernel.dir/system_work_q.c.obj
[xivu:rw] [141/407] Building C object CMakeFiles/app.dir/src/sub_board.c.obj
[moonstone:rw] [42/391] Building C object CMakeFiles/app.dir/mnt/host/source/src/platform/ec/zephyr/subsys/ap_pwrseq/x86_non_dsx_mtl_pwrseq_sm.c.obj
[xivu:rw] [142/407] Building C object CMakeFiles/app.dir/src/board_power.c.obj
[francka:rw] [383/396] Building C object zephyr/kernel/CMakeFiles/kernel.dir/condvar.c.obj
[francka:rw] [384/396] Building C object zephyr/kernel/CMakeFiles/kernel.dir/work.c.obj
[xivu:ro] [41/407] Building C object zephyr/CMakeFiles/zephyr.dir/subsys/pm/policy/policy_latency.c.obj
[xivu:rw] [143/407] Building C object CMakeFiles/app.dir/xivu/src/form_factor.c.obj
[francka:rw] [385/396] Building C object zephyr/kernel/CMakeFiles/kernel.dir/thread.c.obj
[francka:rw] [386/396] Building C object zephyr/kernel/CMakeFiles/kernel.dir/sched.c.obj
[xivu:rw] [144/407] Building C object CMakeFiles/app.dir/xivu/src/usbc.c.obj
[francka:rw] [387/396] Building C object zephyr/kernel/CMakeFiles/kernel.dir/spinlock_validate.c.obj
[francka:rw] [388/396] Building C object zephyr/kernel/CMakeFiles/kernel.dir/pipe.c.obj
[xivu:rw] [145/407] Building C object zephyr/CMakeFiles/zephyr.dir/lib/libc/validate_libc.c.obj
[xivu:rw] [146/407] Building C object CMakeFiles/app.dir/xivu/src/charger.c.obj
[moonstone:rw] [43/391] Building C object CMakeFiles/app.dir/mnt/host/source/src/platform/ec/zephyr/subsys/ap_pwrseq/ap_reset_log.c.obj
[xivu:rw] [147/407] Linking C static library app/libapp.a
[xivu:rw] [148/407] Building C object zephyr/CMakeFiles/zephyr.dir/lib/heap/heap.c.obj
[francka:rw] [389/396] Building C object zephyr/kernel/CMakeFiles/kernel.dir/thread_monitor.c.obj
[xivu:ro] [42/407] Building C object zephyr/CMakeFiles/zephyr.dir/subsys/pm/policy/policy_state_lock.c.obj
[francka:rw] [390/396] Building C object zephyr/kernel/CMakeFiles/kernel.dir/timeout.c.obj
[xivu:rw] [149/407] Building C object zephyr/CMakeFiles/zephyr.dir/lib/os/cbprintf_packaged.c.obj
[francka:rw] [391/396] Building C object zephyr/kernel/CMakeFiles/kernel.dir/timer.c.obj
[xivu:rw] [150/407] Building C object zephyr/CMakeFiles/zephyr.dir/lib/os/clock.c.obj
[francka:rw] [392/396] Building C object zephyr/kernel/CMakeFiles/kernel.dir/mempool.c.obj
[francka:rw] [393/396] Building C object zephyr/kernel/CMakeFiles/kernel.dir/events.c.obj
[moonstone:ro] Building: /usr/bin/ninja -C /mnt/host/source/src/platform/ec/build/zephyr/moonstone/build-ro all.libraries
Running `env -i SHELL=/bin/bash COLORTERM=truecolor DEPOT_TOOLS_UPDATE=0 LESS='-R -M --shift 5' SUDO_GID=0 JDK_HOME=/etc/java-config-2/current-system-vm CONFIG_PROTECT_MASK='/etc/gentoo-release /etc/sandbox.d /etc/fonts/fonts.conf /etc/terminfo /etc/ca-certificates.conf /etc/revdep-rebuild' CHROMEOS_CACHEDIR=/var/cache/chromeos-cache JAVA_HOME=/etc/java-config-2/current-system-vm SSH_AUTH_SOCK=/tmp/ssh-auth-sock SUDO_COMMAND=/bin/bash SUDO_USER=root SUDO_TTY=/dev/pts/2 EDITOR=/usr/bin/vi PWD=/mnt/host/source/src/platform/ec CONFIG_PROTECT=/usr/share/gnupg/qualified.txt LOGNAME=jpmurphy MANPATH=/etc/java-config-2/current-system-vm/man:/usr/local/share/man:/usr/share/man:/usr/share/gcc-data/x86_64-pc-linux-gnu/10.2.0/man:/usr/share/binutils-data/x86_64-pc-linux-gnu/2.45/man:/etc/java-config-2/current-system-vm/man/ SUDO_HOME=/root XAUTHORITY=/run/user/944457/gdm/Xauthority HOME=/home/jpmurphy LANG=C.UTF-8 LS_COLORS='rs=0:di=01;34:ln=01;36:mh=00:pi=40;33:so=01;35:do=01;35:bd=40;33;01:cd=40;33;01:or=01;05;37;41:mi=01;05;37;41:su=37;41:sg=30;43:ca=30;41:tw=30;42:ow=34;42:st=37;44:ex=01;32:*.tar=01;31:*.tgz=01;31:*.arc=01;31:*.arj=01;31:*.taz=01;31:*.lha=01;31:*.lz4=01;31:*.lzh=01;31:*.lzma=01;31:*.tlz=01;31:*.txz=01;31:*.tzo=01;31:*.t7z=01;31:*.zip=01;31:*.z=01;31:*.dz=01;31:*.gz=01;31:*.lrz=01;31:*.lz=01;31:*.lzo=01;31:*.xz=01;31:*.zst=01;31:*.tzst=01;31:*.bz2=01;31:*.bz=01;31:*.tbz=01;31:*.tbz2=01;31:*.tz=01;31:*.deb=01;31:*.rpm=01;31:*.jar=01;31:*.war=01;31:*.ear=01;31:*.sar=01;31:*.rar=01;31:*.alz=01;31:*.ace=01;31:*.zoo=01;31:*.cpio=01;31:*.7z=01;31:*.rz=01;31:*.cab=01;31:*.wim=01;31:*.swm=01;31:*.dwm=01;31:*.esd=01;31:*.jpg=01;35:*.jpeg=01;35:*.mjpg=01;35:*.mjpeg=01;35:*.gif=01;35:*.bmp=01;35:*.pbm=01;35:*.pgm=01;35:*.ppm=01;35:*.tga=01;35:*.xbm=01;35:*.xpm=01;35:*.tif=01;35:*.tiff=01;35:*.png=01;35:*.svg=01;35:*.svgz=01;35:*.mng=01;35:*.pcx=01;35:*.mov=01;35:*.mpg=01;35:*.mpeg=01;35:*.m2v=01;35:*.mkv=01;35:*.webm=01;35:*.webp=01;35:*.ogm=01;35:*.mp4=01;35:*.m4v=01;35:*.mp4v=01;35:*.vob=01;35:*.qt=01;35:*.nuv=01;35:*.wmv=01;35:*.asf=01;35:*.rm=01;35:*.rmvb=01;35:*.flc=01;35:*.avi=01;35:*.fli=01;35:*.flv=01;35:*.gl=01;35:*.dl=01;35:*.xcf=01;35:*.xwd=01;35:*.yuv=01;35:*.cgm=01;35:*.emf=01;35:*.ogv=01;35:*.ogx=01;35:*.cfg=00;32:*.conf=00;32:*.diff=00;32:*.doc=00;32:*.ini=00;32:*.log=00;32:*.patch=00;32:*.pdf=00;32:*.ps=00;32:*.tex=00;32:*.txt=00;32:*.aac=00;36:*.au=00;36:*.flac=00;36:*.m4a=00;36:*.mid=00;36:*.midi=00;36:*.mka=00;36:*.mp3=00;36:*.mpc=00;36:*.ogg=00;36:*.ra=00;36:*.wav=00;36:*.oga=00;36:*.opus=00;36:*.spx=00;36:*.xspf=00;36:' XDG_CURRENT_DESKTOP=GNOME INFOPATH=/usr/share/info:/usr/share/gcc-data/x86_64-pc-linux-gnu/10.2.0/info:/usr/share/binutils-data/x86_64-pc-linux-gnu/2.45/info:/usr/share/automake-1.16.5/info JAVAC=/etc/java-config-2/current-system-vm/bin/javac TERM=xterm-256color LESSOPEN='|lesspipe %s' USER=jpmurphy CROS_WORKON_SRCROOT=/mnt/host/source MANPAGER=manpager DISPLAY=:1 SHLVL=1 LC_MESSAGES=C EXTERNAL_TRUNK_PATH=/mnt/8f9d649a-3721-44cc-93c0-e6bd21a9689f/chromiumos GCC_SPECS='' PATH=/mnt/host/source/chromite/bin:/usr/local/bin:/usr/bin:/bin:/opt/bin:/mnt/host/source/chromite/sdk/bin:/mnt/host/source/chromite/bin PORTAGE_USERNAME=jpmurphy SUDO_UID=0 GCC_VER=10.2.0 MAIL=/var/mail/jpmurphy OLDPWD=/mnt/host/source/src/scripts traceparent=00-e87aca51550a78635907baa6a2476181-6d684811675d2973-01 _=./zephyr/firmware_builder.py COREBOOT_SDK_ROOT_x86=/home/jpmurphy/.cache/coreboot-sdk/i386-elf/dfbb0486385d938cfa9d73080b9d18d598ed4f49 COREBOOT_SDK_ROOT_picolibc_x86=/home/jpmurphy/.cache/coreboot-sdk/picolibc-i386-elf/eb8e8e687b95461de8cbf278f1c2076952d0ad17 COREBOOT_SDK_ROOT_riscv64=/home/jpmurphy/.cache/coreboot-sdk/riscv64-elf/96b949749225b6aaa92ed810ab769e8dfb12f000 COREBOOT_SDK_ROOT_picolibc_arm=/home/jpmurphy/.cache/coreboot-sdk/picolibc-arm-eabi/422a2aa3e1ef891b5bece9a3deb696ff83840d2e COREBOOT_SDK_ROOT_nds32=/home/jpmurphy/.cache/coreboot-sdk/nds32le-elf/d1a518c4a097666d86058e1444f85ca015d15511 COREBOOT_SDK_ROOT_picolibc_riscv64=/home/jpmurphy/.cache/coreboot-sdk/picolibc-riscv64-elf/f571e990ef0278564b31124f8bb109d9a697eb69 COREBOOT_SDK_ROOT_arm=/home/jpmurphy/.cache/coreboot-sdk/arm-eabi/ea40ddd1d190c3b48435c474c0b545719371813a COREBOOT_SDK_ROOT_libstdcxx_riscv64=/home/jpmurphy/.cache/coreboot-sdk/libstdcxx-riscv64-elf/17abf22a3a252e2d5d2062ced5324f7a623689e0 COREBOOT_SDK_ROOT_libstdcxx_arm=/home/jpmurphy/.cache/coreboot-sdk/libstdcxx-arm-eabi/5d7d82e150e44aa1968f1d366e267e6687b328ac COREBOOT_SDK_ROOT_riscv=/home/jpmurphy/.cache/coreboot-sdk/riscv-elf/9a27b9e82341c6e9126624f516ab3f261abb3e73 COREBOOT_SDK_ROOT_libstdcxx_x86=/home/jpmurphy/.cache/coreboot-sdk/libstdcxx-i386-elf/42ef9d2e87a76a37963175d7d428734e65648b87 PYTHONPATH=/mnt/host/source/src/platform/ec/zephyr/zmake PW_PIGWEED_CIPD_INSTALL_DIR=/usr CROSTC_USER_ACKNOWLEDGES_THAT_RISCV_IS_EXPERIMENTAL=1 MAKEFLAGS=' -j16 --jobserver-auth=5,6' /usr/bin/ninja -C /mnt/host/source/src/platform/ec/build/zephyr/moonstone/build-ro all.libraries`
[francka:rw] [394/396] Building C object zephyr/kernel/CMakeFiles/kernel.dir/poll.c.obj
[moonstone:ro] ninja: Entering directory `/mnt/host/source/src/platform/ec/build/zephyr/moonstone/build-ro'
[xivu:rw] [151/407] Building C object zephyr/CMakeFiles/zephyr.dir/lib/os/printk.c.obj
[xivu:rw] [152/407] Building C object zephyr/CMakeFiles/zephyr.dir/lib/os/sem.c.obj
[xivu:rw] [153/407] Building C object zephyr/CMakeFiles/zephyr.dir/lib/os/thread_entry.c.obj
[francka:rw] [395/396] Building C object zephyr/kernel/CMakeFiles/kernel.dir/dynamic_disabled.c.obj
[moonstone:rw] [44/391] Building C object CMakeFiles/app.dir/mnt/host/source/src/platform/ec/zephyr/subsys/pd_controller/pdc_pmc_debug.c.obj
[francka:rw] [396/396] Linking C static library zephyr/kernel/libkernel.a
[xivu:ro] [43/407] Building C object zephyr/CMakeFiles/zephyr.dir/subsys/pm/device.c.obj
[xivu:rw] [154/407] Building C object zephyr/CMakeFiles/zephyr.dir/lib/utils/dec.c.obj
[xivu:rw] [155/407] Building C object zephyr/CMakeFiles/zephyr.dir/lib/utils/hex.c.obj
[/mnt/host/source/src/platform/ec/build/zephyr/tentacruel-lcov]   /mnt/host/source/src/platform/ec/build/zephyr/tentacruel/build-rw/CMakeFiles/app.dir/mnt/host/source/src/platform/ec/build/zephyr/tentacruel/modules/ec/common/usb_pd_pdo.c.gcno:no functions found
[/mnt/host/source/src/platform/ec/build/zephyr/tentacruel-lcov] stderr:
[xivu:rw] [156/407] Building C object zephyr/CMakeFiles/zephyr.dir/lib/os/cbprintf_nano.c.obj
[xivu:rw] [157/407] Building C object zephyr/CMakeFiles/zephyr.dir/lib/os/cbprintf.c.obj
[/mnt/host/source/src/platform/ec/build/zephyr/matsu-lcov]   /mnt/host/source/src/platform/ec/build/zephyr/matsu/build-ro/zephyr/drivers/syscon/CMakeFiles/drivers__syscon.dir/mnt/host/source/src/third_party/zephyr/main/misc/empty_file.c.gcno:no functions found
[/mnt/host/source/src/platform/ec/build/zephyr/matsu-lcov] stderr:
[xivu:ro] [44/407] Building C object zephyr/CMakeFiles/zephyr.dir/subsys/pm/device_system_managed.c.obj
[xivu:rw] [158/407] Building C object zephyr/CMakeFiles/zephyr.dir/lib/utils/timeutil.c.obj
[xivu:ro] [45/407] Building C object zephyr/CMakeFiles/zephyr.dir/subsys/testsuite/coverage/coverage.c.obj
[xivu:rw] [159/407] Building C object zephyr/CMakeFiles/zephyr.dir/lib/utils/bitmask.c.obj
[xivu:rw] [160/407] Building C object zephyr/CMakeFiles/zephyr.dir/lib/os/assert.c.obj
[/mnt/host/source/src/platform/ec/build/zephyr/matsu-lcov]   /mnt/host/source/src/platform/ec/build/zephyr/matsu/build-rw/modules/ec/zephyr/CMakeFiles/ec_shim.dir/shim/src/thermal.c.gcno:no functions found
[/mnt/host/source/src/platform/ec/build/zephyr/matsu-lcov] stderr:
[moonstone:ro] [1/391] Generating include/generated/zephyr/version.h
[moonstone:ro] -- git describe warned: warning: tag 'upstream/v2.7.99' is externally known as 'v2.7.99'
[moonstone:ro] -- Zephyr version: 4.3.99 (/mnt/host/source/src/third_party/zephyr/main)
[moonstone:ro] [2/391] Preparing syscall dependency handling
[moonstone:rw] [45/391] Building C object CMakeFiles/app.dir/mnt/host/source/src/platform/ec/zephyr/subsys/pd_controller/retimer_fw_update.c.obj
[moonstone:ro] [3/391] Generating misc/generated/syscalls_subdirs.trigger
[xivu:rw] [161/407] Building C object zephyr/CMakeFiles/zephyr.dir/lib/utils/ring_buffer.c.obj
[xivu:ro] [46/407] Building C object zephyr/CMakeFiles/zephyr.dir/subsys/tracing/tracing_none.c.obj
[xivu:rw] [162/407] Building C object zephyr/CMakeFiles/zephyr.dir/lib/utils/rb.c.obj
[xivu:rw] [163/407] Building C object zephyr/CMakeFiles/zephyr.dir/lib/utils/last_section_id.c.obj
[xivu:ro] [47/407] Building C object zephyr/CMakeFiles/zephyr.dir/subsys/shell/modules/kernel_service/kernel_shell.c.obj
[/mnt/host/source/src/platform/ec/build/zephyr/matsu-lcov]   /mnt/host/source/src/platform/ec/build/zephyr/matsu/build-rw/modules/ec/zephyr/CMakeFiles/ec_shim.dir/shim/src/battery.c.gcno:no functions found
[/mnt/host/source/src/platform/ec/build/zephyr/matsu-lcov] stderr:
[xivu:ro] [48/407] Building C object zephyr/CMakeFiles/zephyr.dir/subsys/shell/modules/kernel_service/cycles.c.obj
[xivu:rw] [164/407] Building C object zephyr/CMakeFiles/zephyr.dir/lib/utils/bitarray.c.obj
[xivu:rw] [165/407] Building C object zephyr/CMakeFiles/zephyr.dir/misc/generated/configs.c.obj
[xivu:ro] [49/407] Building C object zephyr/CMakeFiles/zephyr.dir/subsys/shell/modules/kernel_service/sleep.c.obj
[xivu:rw] [166/407] Building C object zephyr/CMakeFiles/zephyr.dir/lib/utils/getopt/getopt.c.obj
[xivu:rw] [167/407] Building C object zephyr/CMakeFiles/zephyr.dir/lib/utils/getopt/getopt_common.c.obj
[xivu:ro] [50/407] Building C object zephyr/CMakeFiles/zephyr.dir/subsys/shell/modules/kernel_service/uptime.c.obj
[xivu:ro] [51/407] Building C object zephyr/CMakeFiles/zephyr.dir/subsys/shell/modules/kernel_service/version.c.obj
[xivu:ro] [52/407] Building C object zephyr/CMakeFiles/zephyr.dir/subsys/shell/modules/kernel_service/thread/list.c.obj
[xivu:rw] [168/407] Building C object zephyr/CMakeFiles/zephyr.dir/soc/nuvoton/npcx/common/power.c.obj
[xivu:rw] [169/407] Building C object zephyr/CMakeFiles/zephyr.dir/soc/nuvoton/npcx/common/npcxn/registers.c.obj
[moonstone:ro] [4/391] Generating misc/generated/syscalls.json, misc/generated/struct_tags.json
[xivu:ro] [53/407] Building C object zephyr/CMakeFiles/zephyr.dir/subsys/shell/modules/kernel_service/thread/thread.c.obj
[xivu:rw] [170/407] Building C object zephyr/CMakeFiles/zephyr.dir/soc/nuvoton/npcx/common/scfg.c.obj
[/mnt/host/source/src/platform/ec/build/zephyr/matsu-lcov]   /mnt/host/source/src/platform/ec/build/zephyr/matsu/build-rw/modules/ec/zephyr/CMakeFiles/ec_shim.dir/shim/src/charger.c.gcno:no functions found
[/mnt/host/source/src/platform/ec/build/zephyr/matsu-lcov] stderr:
[moonstone:ro] [5/391] Generating include/generated/zephyr/syscall_dispatch.c, include/generated/zephyr/syscall_exports_llext.c, syscall_weakdefs_llext.c, include/generated/zephyr/syscall_list.h
[xivu:ro] [54/407] Building C object zephyr/CMakeFiles/zephyr.dir/subsys/shell/modules/kernel_service/thread/stacks.c.obj
[moonstone:rw] [46/391] Building C object CMakeFiles/app.dir/mnt/host/source/src/platform/ec/zephyr/subsys/pd_controller/pdc_console.c.obj
[xivu:rw] [171/407] Building C object zephyr/CMakeFiles/zephyr.dir/soc/nuvoton/npcx/npcx9/soc.c.obj
[moonstone:ro] [6/391] Generating include/generated/zephyr/driver-validation.h
[xivu:rw] [172/407] Building C object zephyr/CMakeFiles/zephyr.dir/subsys/logging/log_minimal.c.obj
[xivu:ro] [55/407] Building C object zephyr/CMakeFiles/zephyr.dir/subsys/shell/modules/kernel_service/thread/suspend.c.obj
[moonstone:ro] [7/391] Generating include/generated/zephyr/kobj-types-enum.h, include/generated/zephyr/otype-to-str.h, include/generated/zephyr/otype-to-size.h
[moonstone:ro] [8/391] Generating include/generated/device-api-sections.ld, include/generated/device-api-sections.cmake
[xivu:rw] [173/407] Building C object zephyr/CMakeFiles/zephyr.dir/subsys/pm/state.c.obj
[moonstone:rw] [47/391] Building C object CMakeFiles/app.dir/mnt/host/source/src/platform/ec/zephyr/subsys/pd_controller/pdc_power_mgmt.c.obj
[/mnt/host/source/src/platform/ec/build/zephyr/sapphire-lcov]   /mnt/host/source/src/platform/ec/build/zephyr/sapphire/build-rw/CMakeFiles/app.dir/mnt/host/source/src/platform/ec/build/zephyr/sapphire/modules/ec/common/cbi_config.c.gcno:no functions found
[/mnt/host/source/src/platform/ec/build/zephyr/sapphire-lcov] stderr:
[moonstone:ro] [9/391] cd /mnt/host/source/src/platform/ec/build/zephyr/moonstone/build-ro/modules/ec/zephyr && PYTHONPATH=/mnt/host/source/src/platform/ec/build/zephyr/moonstone/modules/ec/zephyr/zmake/ /usr/bin/python3.11 /mnt/host/source/src/platform/ec/build/zephyr/moonstone/modules/ec/zephyr/zmake/zephyr_build_tools/generate_ec_version.py /mnt/host/source/src/platform/ec/build/zephyr/moonstone/build-ro/modules/ec/zephyr/include/ec_version.h --name Zephyr-Kernel --version 16543.0.0 --static
[moonstone:ro] INFO:root:Using a static version string
[xivu:ro] [56/407] Building C object zephyr/CMakeFiles/zephyr.dir/subsys/shell/modules/kernel_service/thread/resume.c.obj
[xivu:rw] [174/407] Building C object zephyr/CMakeFiles/zephyr.dir/subsys/pm/pm.c.obj
[xivu:rw] [175/407] Building C object zephyr/CMakeFiles/zephyr.dir/subsys/mem_mgmt/mem_attr.c.obj
[moonstone:ro] INFO:root:Version string: Zephyr-Kernel-16543.0.0
[moonstone:ro] INFO:root:Writing header to /mnt/host/source/src/platform/ec/build/zephyr/moonstone/build-ro/modules/ec/zephyr/include/ec_version.h
[moonstone:ro] [10/391] Building CXX object modules/pigweed/pw_build/CMakeFiles/pw_build.empty.dir/empty_file.cc.obj
[xivu:ro] [57/407] Building C object zephyr/CMakeFiles/zephyr.dir/subsys/shell/modules/kernel_service/thread/kill.c.obj
[moonstone:ro] [11/391] Generating pw_third_party.nanopb.proto/sources/nanopb.proto
[moonstone:ro] [12/391] Generating dsp_comms.proto/sources/proto/ec_dsp.proto, dsp_comms.proto/sources/proto/ec_dsp.options
[xivu:ro] [58/407] Building C object zephyr/CMakeFiles/zephyr.dir/subsys/shell/backends/shell_uart.c.obj
[moonstone:ro] [13/391] Generating pw_transport.proto/sources/pw_transport/proto/transport.proto, pw_transport.proto/sources/pw_transport/proto/transport.options
[xivu:rw] [176/407] Building C object zephyr/CMakeFiles/zephyr.dir/subsys/pm/policy/policy_events.c.obj
[xivu:rw] [177/407] Building C object zephyr/CMakeFiles/zephyr.dir/subsys/pm/policy/policy_latency.c.obj
[xivu:ro] [59/407] Building C object zephyr/CMakeFiles/zephyr.dir/subsys/shell/shell.c.obj
[xivu:ro] [60/407] Building C object zephyr/CMakeFiles/zephyr.dir/subsys/shell/shell_fprintf.c.obj
[moonstone:rw] [48/391] Building C object CMakeFiles/app.dir/mnt/host/source/src/platform/ec/zephyr/subsys/pd_controller/pdc_host_cmd.c.obj
[/mnt/host/source/src/platform/ec/build/zephyr/sapphire-lcov]   /mnt/host/source/src/platform/ec/build/zephyr/sapphire/build-rw/zephyr/arch/arch/riscv/core/CMakeFiles/arch__riscv__core.dir/cpu_idle.c.gcno:no functions found
[/mnt/host/source/src/platform/ec/build/zephyr/sapphire-lcov] stderr:
[xivu:rw] [178/407] Building C object zephyr/CMakeFiles/zephyr.dir/subsys/pm/policy/policy_state_lock.c.obj
[moonstone:ro] [14/391] Generating /mnt/host/source/src/platform/ec/build/zephyr/moonstone/modules/nanopb/generator/proto/nanopb_pb2.py
[xivu:rw] [179/407] Building C object zephyr/CMakeFiles/zephyr.dir/subsys/pm/device_system_managed.c.obj
[moonstone:rw] [49/391] Building C object CMakeFiles/app.dir/mnt/host/source/src/platform/ec/zephyr/subsys/pd_controller/pdc_stub.c.obj
[xivu:rw] [180/407] Building C object zephyr/CMakeFiles/zephyr.dir/subsys/pm/device.c.obj
[xivu:ro] [61/407] Building C object zephyr/CMakeFiles/zephyr.dir/subsys/shell/shell_utils.c.obj
[xivu:ro] [62/407] Building C object zephyr/CMakeFiles/zephyr.dir/subsys/shell/shell_history.c.obj
[xivu:ro] [63/407] Building C object zephyr/CMakeFiles/zephyr.dir/subsys/shell/shell_ops.c.obj
[xivu:ro] [64/407] Building C object zephyr/arch/common/CMakeFiles/arch__common.dir/sw_isr_common.c.obj
[xivu:rw] [181/407] Building C object zephyr/CMakeFiles/zephyr.dir/subsys/tracing/tracing_none.c.obj
[xivu:rw] [182/407] Building C object zephyr/CMakeFiles/zephyr.dir/subsys/testsuite/coverage/coverage.c.obj
[xivu:ro] [65/407] Building C object zephyr/CMakeFiles/zephyr.dir/drivers/flash/flash_util.c.obj
[xivu:ro] [66/407] Linking C static library zephyr/libzephyr.a
[/mnt/host/source/src/platform/ec/build/zephyr/matsu-lcov]   /mnt/host/source/src/platform/ec/build/zephyr/matsu/build-rw/modules/ec/zephyr/CMakeFiles/ec_shim.dir/shim/src/usba.c.gcno:no functions found
[/mnt/host/source/src/platform/ec/build/zephyr/matsu-lcov] stderr:
[moonstone:ro] [15/391] Generating dsp_comms.proto/nanopb/proto/ec_dsp.pb.h, dsp_comms.proto/nanopb/proto/ec_dsp.pb.c
[xivu:rw] [183/407] Building C object zephyr/CMakeFiles/zephyr.dir/subsys/shell/modules/kernel_service/kernel_shell.c.obj
[xivu:ro] [67/407] Building C object zephyr/arch/common/CMakeFiles/arch__common.dir/init.c.obj
[xivu:rw] [184/407] Building C object zephyr/CMakeFiles/zephyr.dir/subsys/shell/modules/kernel_service/cycles.c.obj
[moonstone:rw] [50/391] Building C object CMakeFiles/app.dir/mnt/host/source/src/platform/ec/zephyr/subsys/pd_controller/pdc_dpm.c.obj
[/mnt/host/source/src/platform/ec/build/zephyr/sapphire-lcov]   /mnt/host/source/src/platform/ec/build/zephyr/sapphire/build-rw/zephyr/arch/common/CMakeFiles/isr_tables.dir/isr_tables.c.gcno:no functions found
[/mnt/host/source/src/platform/ec/build/zephyr/sapphire-lcov] stderr:
[xivu:ro] [68/407] Building ASM object zephyr/arch/arch/arm/core/CMakeFiles/arch__arm__core.dir/nmi_on_reset.S.obj
[xivu:rw] [185/407] Building C object zephyr/CMakeFiles/zephyr.dir/subsys/shell/modules/kernel_service/sleep.c.obj
[xivu:ro] [69/407] Building C object zephyr/arch/common/CMakeFiles/isr_tables.dir/isr_tables.c.obj
[xivu:ro] [70/407] Building C object zephyr/arch/common/CMakeFiles/arch__common.dir/xip.c.obj
[xivu:ro] [71/407] Linking C static library zephyr/arch/common/libisr_tables.a
[moonstone:rw] [51/391] Building C object CMakeFiles/app.dir/mnt/host/source/src/platform/ec/zephyr/subsys/pd_controller/pdc_runtime_port_config.c.obj
[xivu:ro] [72/407] Building C object zephyr/arch/arch/arm/core/CMakeFiles/arch__arm__core.dir/fatal.c.obj
[xivu:ro] [73/407] Linking C static library zephyr/arch/common/libarch__common.a
[xivu:rw] [186/407] Building C object zephyr/CMakeFiles/zephyr.dir/subsys/shell/modules/kernel_service/uptime.c.obj
[xivu:rw] [187/407] Building C object zephyr/CMakeFiles/zephyr.dir/subsys/shell/modules/kernel_service/version.c.obj
[xivu:ro] [74/407] Building C object zephyr/arch/arch/arm/core/CMakeFiles/arch__arm__core.dir/nmi.c.obj
[moonstone:ro] [16/391] Generating pw_transport.proto/nanopb/pw_transport/proto/transport.pb.h, pw_transport.proto/nanopb/pw_transport/proto/transport.pb.c
[xivu:ro] [75/407] Building ASM object zephyr/arch/arch/arm/core/cortex_m/CMakeFiles/arch__arm__core__cortex_m.dir/fault_s.S.obj
[xivu:ro] [76/407] Linking C static library zephyr/arch/arch/arm/core/libarch__arm__core.a
[xivu:rw] [188/407] Building C object zephyr/CMakeFiles/zephyr.dir/subsys/shell/modules/kernel_service/thread/thread.c.obj
[xivu:ro] [77/407] Building C object zephyr/arch/arch/arm/core/cortex_m/CMakeFiles/arch__arm__core__cortex_m.dir/exc_exit.c.obj
[xivu:rw] [189/407] Building C object zephyr/CMakeFiles/zephyr.dir/subsys/shell/modules/kernel_service/thread/stacks.c.obj
[xivu:ro] [78/407] Building C object zephyr/arch/arch/arm/core/cortex_m/CMakeFiles/arch__arm__core__cortex_m.dir/fpu.c.obj
[xivu:rw] [190/407] Building C object zephyr/CMakeFiles/zephyr.dir/subsys/shell/modules/kernel_service/thread/list.c.obj
[xivu:ro] [79/407] Building C object zephyr/arch/arch/arm/core/cortex_m/CMakeFiles/arch__arm__core__cortex_m.dir/fault.c.obj
[xivu:rw] [191/407] Building C object zephyr/CMakeFiles/zephyr.dir/subsys/shell/modules/kernel_service/thread/suspend.c.obj
[xivu:ro] [80/407] Building ASM object zephyr/arch/arch/arm/core/cortex_m/CMakeFiles/arch__arm__core__cortex_m.dir/reset.S.obj
[moonstone:rw] [52/391] Building C object CMakeFiles/app.dir/mnt/host/source/src/platform/ec/zephyr/subsys/ucsi/ppm_common.c.obj
[moonstone:ro] [17/391] Building C object zephyr/CMakeFiles/offsets.dir/arch/riscv/core/offsets/offsets.c.obj
[xivu:rw] [192/407] Building C object zephyr/CMakeFiles/zephyr.dir/subsys/shell/modules/kernel_service/thread/resume.c.obj
[moonstone:rw] [53/391] Building C object CMakeFiles/app.dir/mnt/host/source/src/platform/ec/zephyr/subsys/ucsi/ppm_console.c.obj
[xivu:ro] [81/407] Building C object zephyr/arch/arch/arm/core/cortex_m/CMakeFiles/arch__arm__core__cortex_m.dir/scb.c.obj
[moonstone:ro] [18/391] Building C object zephyr/drivers/sensor/CMakeFiles/drivers__sensor.dir/mnt/host/source/src/third_party/zephyr/main/misc/empty_file.c.obj
[xivu:ro] [82/407] Building ASM object zephyr/arch/arch/arm/core/cortex_m/CMakeFiles/arch__arm__core__cortex_m.dir/vector_table.S.obj
[xivu:rw] [193/407] Building C object zephyr/CMakeFiles/zephyr.dir/subsys/shell/modules/kernel_service/thread/kill.c.obj
[moonstone:ro] [19/391] Building C object zephyr/drivers/syscon/CMakeFiles/drivers__syscon.dir/mnt/host/source/src/third_party/zephyr/main/misc/empty_file.c.obj
[xivu:ro] [83/407] Building C object zephyr/arch/arch/arm/core/cortex_m/CMakeFiles/arch__arm__core__cortex_m.dir/thread_abort.c.obj
[moonstone:ro] [20/391] Building C object modules/ec/zephyr/drivers/dsp_comms/CMakeFiles/dsp_comms.proto.nanopb.dir/dsp_comms.proto/nanopb/proto/ec_dsp.pb.c.obj
[xivu:ro] [84/407] Building ASM object zephyr/arch/arch/arm/core/cortex_m/CMakeFiles/arch__arm__core__cortex_m.dir/swap_helper.S.obj
[xivu:rw] [194/407] Building C object zephyr/CMakeFiles/zephyr.dir/subsys/shell/backends/shell_uart.c.obj
[xivu:rw] [195/407] Building C object zephyr/CMakeFiles/zephyr.dir/subsys/shell/shell_fprintf.c.obj
[xivu:ro] [85/407] Building C object zephyr/arch/arch/arm/core/cortex_m/CMakeFiles/arch__arm__core__cortex_m.dir/irq_manage.c.obj
[moonstone:ro] [21/391] Building C object modules/ec/zephyr/drivers/pw_transport/CMakeFiles/pw_transport.proto.nanopb.dir/pw_transport.proto/nanopb/pw_transport/proto/transport.pb.c.obj
[xivu:rw] [196/407] Building C object zephyr/CMakeFiles/zephyr.dir/subsys/shell/shell.c.obj
[xivu:ro] [86/407] Building C object zephyr/arch/arch/arm/core/cortex_m/CMakeFiles/arch__arm__core__cortex_m.dir/prep_c.c.obj
[xivu:rw] [197/407] Building C object zephyr/CMakeFiles/zephyr.dir/subsys/shell/shell_utils.c.obj
[moonstone:rw] [54/391] Building C object CMakeFiles/app.dir/mnt/host/source/src/platform/ec/zephyr/subsys/ucsi/ucsi_host_cmd.c.obj
[xivu:rw] [198/407] Building C object zephyr/CMakeFiles/zephyr.dir/subsys/shell/shell_ops.c.obj
[xivu:ro] [87/407] Building C object zephyr/arch/arch/arm/core/cortex_m/CMakeFiles/arch__arm__core__cortex_m.dir/thread.c.obj
[xivu:ro] [88/407] Building C object zephyr/arch/arch/arm/core/cortex_m/CMakeFiles/arch__arm__core__cortex_m.dir/cpu_idle.c.obj
[moonstone:rw] [55/391] Building C object CMakeFiles/app.dir/mnt/host/source/src/platform/ec/zephyr/subsys/ucsi/ppm_driver.c.obj
[xivu:ro] [89/407] Building C object zephyr/arch/arch/arm/core/cortex_m/CMakeFiles/arch__arm__core__cortex_m.dir/irq_init.c.obj
[xivu:rw] [199/407] Building C object zephyr/CMakeFiles/zephyr.dir/subsys/shell/shell_history.c.obj
[xivu:ro] [90/407] Generating ../../../include/generated/libc/minimal/strerror_table.h
[xivu:rw] [200/407] Building C object zephyr/arch/common/CMakeFiles/arch__common.dir/sw_isr_common.c.obj
[xivu:rw] [201/407] Building C object zephyr/arch/common/CMakeFiles/arch__common.dir/init.c.obj
[xivu:rw] [202/407] Building C object zephyr/CMakeFiles/zephyr.dir/drivers/flash/flash_util.c.obj
[xivu:ro] [91/407] Building C object zephyr/arch/arch/arm/core/cortex_m/CMakeFiles/arch__arm__core__cortex_m.dir/isr_wrapper.c.obj
[xivu:ro] [92/407] Building C object zephyr/lib/libc/minimal/CMakeFiles/lib__libc__minimal.dir/source/stdlib/atoi.c.obj
[xivu:ro] [93/407] Linking C static library zephyr/arch/arch/arm/core/cortex_m/libarch__arm__core__cortex_m.a
[xivu:rw] [203/407] Linking C static library zephyr/libzephyr.a
[xivu:ro] [94/407] Building C object zephyr/arch/arch/arm/core/mpu/CMakeFiles/arch__arm__core__mpu.dir/arm_core_mpu.c.obj
[/mnt/host/source/src/platform/ec/build/zephyr/tentacruel-lcov]   /mnt/host/source/src/platform/ec/build/zephyr/tentacruel/build-rw/CMakeFiles/app.dir/mnt/host/source/src/platform/ec/build/zephyr/tentacruel/modules/ec/common/cbi_config.c.gcno:no functions found
[/mnt/host/source/src/platform/ec/build/zephyr/tentacruel-lcov] stderr:
[xivu:ro] [95/407] Building C object zephyr/lib/libc/minimal/CMakeFiles/lib__libc__minimal.dir/source/stdlib/strtol.c.obj
[xivu:ro] [96/407] Building C object zephyr/lib/libc/minimal/CMakeFiles/lib__libc__minimal.dir/source/stdlib/strtoul.c.obj
[xivu:ro] [97/407] Building C object zephyr/arch/arch/arm/core/mpu/CMakeFiles/arch__arm__core__mpu.dir/arm_mpu_regions.c.obj
[xivu:rw] [204/407] Building ASM object zephyr/arch/arch/arm/core/CMakeFiles/arch__arm__core.dir/nmi_on_reset.S.obj
[xivu:rw] [205/407] Building C object zephyr/arch/common/CMakeFiles/arch__common.dir/xip.c.obj
[xivu:ro] [98/407] Building C object zephyr/lib/libc/minimal/CMakeFiles/lib__libc__minimal.dir/source/stdlib/strtoll.c.obj
[moonstone:rw] [56/391] Building C object CMakeFiles/app.dir/mnt/host/source/src/platform/ec/build/zephyr/moonstone/modules/ec/builtin/stdlib.c.obj
[xivu:ro] [99/407] Building C object zephyr/arch/arch/arm/core/mpu/CMakeFiles/arch__arm__core__mpu.dir/arm_mpu.c.obj
[xivu:ro] [100/407] Building C object zephyr/lib/libc/minimal/CMakeFiles/lib__libc__minimal.dir/source/stdlib/strtoull.c.obj
[xivu:ro] [101/407] Building C object zephyr/lib/libc/minimal/CMakeFiles/lib__libc__minimal.dir/source/stdlib/bsearch.c.obj
[xivu:rw] [206/407] Building C object zephyr/arch/common/CMakeFiles/isr_tables.dir/isr_tables.c.obj
[xivu:ro] [102/407] Linking C static library zephyr/arch/arch/arm/core/mpu/libarch__arm__core__mpu.a
[xivu:rw] [207/407] Linking C static library zephyr/arch/common/libisr_tables.a
[xivu:ro] [103/407] Building C object zephyr/lib/libc/minimal/CMakeFiles/lib__libc__minimal.dir/source/string/strncasecmp.c.obj
[moonstone:rw] [57/391] Building C object CMakeFiles/app.dir/mnt/host/source/src/platform/ec/build/zephyr/moonstone/modules/ec/common/base32.c.obj
[xivu:rw] [208/407] Linking C static library zephyr/arch/common/libarch__common.a
[xivu:ro] [104/407] Building C object zephyr/lib/libc/minimal/CMakeFiles/lib__libc__minimal.dir/source/string/strstr.c.obj
[xivu:rw] [209/407] Building C object zephyr/arch/arch/arm/core/CMakeFiles/arch__arm__core.dir/nmi.c.obj
[xivu:ro] [105/407] Building C object zephyr/lib/libc/minimal/CMakeFiles/lib__libc__minimal.dir/source/stdlib/qsort.c.obj
[xivu:ro] [106/407] Building C object zephyr/lib/libc/minimal/CMakeFiles/lib__libc__minimal.dir/source/string/strerror.c.obj
[xivu:ro] [107/407] Building C object zephyr/lib/libc/minimal/CMakeFiles/lib__libc__minimal.dir/source/string/string.c.obj
[xivu:ro] [108/407] Building C object zephyr/lib/libc/minimal/CMakeFiles/lib__libc__minimal.dir/source/string/strspn.c.obj
[xivu:rw] [210/407] Building C object zephyr/arch/arch/arm/core/CMakeFiles/arch__arm__core.dir/fatal.c.obj
[xivu:rw] [211/407] Building ASM object zephyr/arch/arch/arm/core/cortex_m/CMakeFiles/arch__arm__core__cortex_m.dir/fault_s.S.obj
[xivu:rw] [212/407] Linking C static library zephyr/arch/arch/arm/core/libarch__arm__core.a
[moonstone:ro] [22/391] Building CXX object modules/pigweed/pw_bytes/CMakeFiles/pw_bytes.dir/byte_builder.cc.obj
[/mnt/host/source/src/platform/ec/build/zephyr/tentacruel-lcov]   /mnt/host/source/src/platform/ec/build/zephyr/tentacruel/build-rw/zephyr/arch/arch/riscv/core/CMakeFiles/arch__riscv__core.dir/cpu_idle.c.gcno:no functions found
[/mnt/host/source/src/platform/ec/build/zephyr/tentacruel-lcov] stderr:
[xivu:ro] [109/407] Building C object zephyr/lib/libc/minimal/CMakeFiles/lib__libc__minimal.dir/source/math/sqrtf.c.obj
[xivu:ro] [110/407] Building C object zephyr/lib/libc/minimal/CMakeFiles/lib__libc__minimal.dir/source/stdlib/exit.c.obj
[xivu:rw] [213/407] Building C object zephyr/arch/arch/arm/core/cortex_m/CMakeFiles/arch__arm__core__cortex_m.dir/exc_exit.c.obj
[xivu:rw] [214/407] Building C object zephyr/arch/arch/arm/core/cortex_m/CMakeFiles/arch__arm__core__cortex_m.dir/fault.c.obj
[moonstone:ro] [23/391] Building CXX object modules/pigweed/pw_containers/CMakeFiles/pw_containers.intrusive_item.dir/intrusive_item.cc.obj
[xivu:ro] [111/407] Building C object zephyr/lib/libc/minimal/CMakeFiles/lib__libc__minimal.dir/source/stdout/stdout_console.c.obj
[xivu:ro] [112/407] Building C object zephyr/lib/libc/minimal/CMakeFiles/lib__libc__minimal.dir/source/math/sqrt.c.obj
[xivu:ro] [113/407] Building C object zephyr/lib/libc/minimal/CMakeFiles/lib__libc__minimal.dir/source/stdout/sprintf.c.obj
[/mnt/host/source/src/platform/ec/build/zephyr/sapphire-lcov]   /mnt/host/source/src/platform/ec/build/zephyr/sapphire/build-rw/zephyr/CMakeFiles/zephyr.dir/subsys/shell/modules/kernel_service/kernel_shell.c.gcno:no functions found
[/mnt/host/source/src/platform/ec/build/zephyr/sapphire-lcov] stderr:
[xivu:ro] [114/407] Building C object zephyr/lib/libc/minimal/CMakeFiles/lib__libc__minimal.dir/source/stdout/fprintf.c.obj
[xivu:rw] [215/407] Building C object zephyr/arch/arch/arm/core/cortex_m/CMakeFiles/arch__arm__core__cortex_m.dir/fpu.c.obj
[moonstone:rw] [58/391] Building C object CMakeFiles/app.dir/mnt/host/source/src/platform/ec/build/zephyr/moonstone/modules/ec/common/console_output.c.obj
[xivu:rw] [216/407] Building ASM object zephyr/arch/arch/arm/core/cortex_m/CMakeFiles/arch__arm__core__cortex_m.dir/reset.S.obj
[xivu:ro] [115/407] Building C object zephyr/lib/libc/common/CMakeFiles/lib__libc__common.dir/source/time/gmtime_r.c.obj
[xivu:rw] [217/407] Building ASM object zephyr/arch/arch/arm/core/cortex_m/CMakeFiles/arch__arm__core__cortex_m.dir/vector_table.S.obj
[moonstone:rw] [59/391] Building C object CMakeFiles/app.dir/mnt/host/source/src/platform/ec/build/zephyr/moonstone/modules/ec/common/ec_features.c.obj
[xivu:rw] [218/407] Building C object zephyr/arch/arch/arm/core/cortex_m/CMakeFiles/arch__arm__core__cortex_m.dir/scb.c.obj
[xivu:ro] [116/407] Building C object zephyr/lib/libc/minimal/CMakeFiles/lib__libc__minimal.dir/source/time/gmtime.c.obj
[xivu:ro] [117/407] Building C object zephyr/lib/libc/common/CMakeFiles/lib__libc__common.dir/source/time/localtime_r_utc.c.obj
[xivu:ro] [118/407] Building C object zephyr/lib/libc/common/CMakeFiles/lib__libc__common.dir/source/time/asctime.c.obj
[xivu:ro] [119/407] Linking C static library zephyr/lib/libc/minimal/liblib__libc__minimal.a
[/mnt/host/source/src/platform/ec/build/zephyr/sapphire-lcov]   /mnt/host/source/src/platform/ec/build/zephyr/sapphire/build-rw/zephyr/CMakeFiles/zephyr.dir/lib/libc/validate_libc.c.gcno:no functions found
[/mnt/host/source/src/platform/ec/build/zephyr/sapphire-lcov] stderr:
[xivu:ro] [120/407] Building C object zephyr/lib/libc/common/CMakeFiles/lib__libc__common.dir/source/time/ctime.c.obj
[xivu:ro] [121/407] Building C object zephyr/lib/libc/common/CMakeFiles/lib__libc__common.dir/source/string/strnlen.c.obj
[xivu:ro] [122/407] Building C object zephyr/lib/libc/common/CMakeFiles/lib__libc__common.dir/source/time/time.c.obj
[xivu:ro] [123/407] Building C object zephyr/lib/posix/c_lib_ext/CMakeFiles/lib__posix__c_lib_ext.dir/fnmatch.c.obj
[moonstone:ro] [24/391] Building CXX object modules/pigweed/pw_log_zephyr/CMakeFiles/pw_log_zephyr.dir/log_zephyr.cc.obj
[xivu:ro] [124/407] Building C object zephyr/lib/libc/common/CMakeFiles/lib__libc__common.dir/source/stdlib/abort.c.obj
[xivu:rw] [219/407] Building C object zephyr/arch/arch/arm/core/cortex_m/CMakeFiles/arch__arm__core__cortex_m.dir/thread_abort.c.obj
[moonstone:ro] [25/391] Linking CXX static library modules/pigweed/pw_log_zephyr/libpw_log_zephyr.a
[/mnt/host/source/src/platform/ec/build/zephyr/tentacruel-lcov]   /mnt/host/source/src/platform/ec/build/zephyr/tentacruel/build-rw/zephyr/arch/common/CMakeFiles/isr_tables.dir/isr_tables.c.gcno:no functions found
[/mnt/host/source/src/platform/ec/build/zephyr/tentacruel-lcov] stderr:
[xivu:ro] [125/407] Building C object zephyr/subsys/crc/CMakeFiles/subsys__crc.dir/crc8_sw.c.obj
[moonstone:ro] [26/391] Linking CXX static library modules/ec/zephyr/drivers/pw_transport/libpw_transport.proto.nanopb.a
[xivu:ro] [126/407] Building C object zephyr/subsys/crc/CMakeFiles/subsys__crc.dir/crc4_sw.c.obj
[xivu:rw] [220/407] Building ASM object zephyr/arch/arch/arm/core/cortex_m/CMakeFiles/arch__arm__core__cortex_m.dir/swap_helper.S.obj
[moonstone:ro] [27/391] Linking CXX static library modules/ec/zephyr/drivers/dsp_comms/libdsp_comms.proto.nanopb.a
[xivu:ro] [127/407] Building C object zephyr/subsys/crc/CMakeFiles/subsys__crc.dir/crc7_sw.c.obj
[xivu:rw] [221/407] Building C object zephyr/arch/arch/arm/core/cortex_m/CMakeFiles/arch__arm__core__cortex_m.dir/irq_manage.c.obj
[xivu:ro] [128/407] Building C object zephyr/subsys/crc/CMakeFiles/subsys__crc.dir/crc16_sw.c.obj
[xivu:rw] [222/407] Building C object zephyr/arch/arch/arm/core/cortex_m/CMakeFiles/arch__arm__core__cortex_m.dir/prep_c.c.obj
[moonstone:ro] [28/391] Generating include/generated/zephyr/offsets.h
[xivu:ro] [129/407] Building C object zephyr/subsys/crc/CMakeFiles/subsys__crc.dir/crc24_sw.c.obj
[xivu:ro] [130/407] Building C object zephyr/subsys/crc/CMakeFiles/subsys__crc.dir/crc32c_sw.c.obj
[xivu:ro] [131/407] Building C object zephyr/lib/libc/common/CMakeFiles/lib__libc__common.dir/source/stdlib/malloc.c.obj
[moonstone:rw] [60/391] Building C object CMakeFiles/app.dir/mnt/host/source/src/platform/ec/build/zephyr/moonstone/modules/ec/common/gpio_commands.c.obj
[xivu:ro] [132/407] Building C object zephyr/subsys/crc/CMakeFiles/subsys__crc.dir/crc32_sw.c.obj
[xivu:rw] [223/407] Building C object zephyr/arch/arch/arm/core/cortex_m/CMakeFiles/arch__arm__core__cortex_m.dir/thread.c.obj
[moonstone:rw] [61/391] Building C object CMakeFiles/app.dir/mnt/host/source/src/platform/ec/build/zephyr/moonstone/modules/ec/common/peripheral.c.obj
[xivu:ro] [133/407] Linking C static library zephyr/lib/libc/common/liblib__libc__common.a
[xivu:ro] [134/407] Building C object zephyr/subsys/crc/CMakeFiles/subsys__crc.dir/crc32k_4_2_sw.c.obj
[xivu:ro] [135/407] Building C object zephyr/lib/posix/c_lib_ext/CMakeFiles/lib__posix__c_lib_ext.dir/getopt_shim.c.obj
[xivu:ro] [136/407] Linking C static library zephyr/subsys/crc/libsubsys__crc.a
[xivu:ro] [137/407] Building C object zephyr/lib/posix/c_lib_ext/CMakeFiles/lib__posix__c_lib_ext.dir/getentropy.c.obj
[xivu:rw] [224/407] Building C object zephyr/arch/arch/arm/core/cortex_m/CMakeFiles/arch__arm__core__cortex_m.dir/cpu_idle.c.obj
[xivu:ro] [138/407] Linking C static library zephyr/lib/posix/c_lib_ext/liblib__posix__c_lib_ext.a
[xivu:rw] [225/407] Building C object zephyr/arch/arch/arm/core/cortex_m/CMakeFiles/arch__arm__core__cortex_m.dir/irq_init.c.obj
[xivu:rw] [226/407] Generating ../../../include/generated/libc/minimal/strerror_table.h
[xivu:rw] [227/407] Building C object zephyr/arch/arch/arm/core/cortex_m/CMakeFiles/arch__arm__core__cortex_m.dir/isr_wrapper.c.obj
[/mnt/host/source/src/platform/ec/build/zephyr/sapphire-lcov]   /mnt/host/source/src/platform/ec/build/zephyr/sapphire/build-rw/zephyr/CMakeFiles/zephyr.dir/lib/utils/last_section_id.c.gcno:no functions found
[/mnt/host/source/src/platform/ec/build/zephyr/sapphire-lcov] stderr:
[xivu:rw] [228/407] Building C object zephyr/lib/libc/minimal/CMakeFiles/lib__libc__minimal.dir/source/stdlib/atoi.c.obj
[xivu:rw] [229/407] Linking C static library zephyr/arch/arch/arm/core/cortex_m/libarch__arm__core__cortex_m.a
[xivu:rw] [230/407] Building C object zephyr/arch/arch/arm/core/mpu/CMakeFiles/arch__arm__core__mpu.dir/arm_core_mpu.c.obj
[moonstone:ro] [29/391] Building C object CMakeFiles/app.dir/mnt/host/source/src/platform/ec/zephyr/subsys/ap_pwrseq/ap_events.c.obj
[xivu:rw] [231/407] Building C object zephyr/lib/libc/minimal/CMakeFiles/lib__libc__minimal.dir/source/stdlib/strtol.c.obj
[xivu:rw] [232/407] Building C object zephyr/arch/arch/arm/core/mpu/CMakeFiles/arch__arm__core__mpu.dir/arm_mpu.c.obj
[xivu:rw] [233/407] Building C object zephyr/lib/libc/minimal/CMakeFiles/lib__libc__minimal.dir/source/stdlib/strtoul.c.obj
[xivu:rw] [234/407] Building C object zephyr/lib/libc/minimal/CMakeFiles/lib__libc__minimal.dir/source/stdlib/strtoll.c.obj
[moonstone:rw] [62/391] Building C object CMakeFiles/app.dir/mnt/host/source/src/platform/ec/build/zephyr/moonstone/modules/ec/common/queue.c.obj
[xivu:ro] [139/407] Building C object zephyr/drivers/bbram/CMakeFiles/drivers__bbram.dir/bbram_npcx.c.obj
[xivu:ro] [140/407] Building C object zephyr/drivers/interrupt_controller/CMakeFiles/drivers__interrupt_controller.dir/intc_miwu.c.obj
[xivu:rw] [235/407] Building C object zephyr/lib/libc/minimal/CMakeFiles/lib__libc__minimal.dir/source/stdlib/strtoull.c.obj
[xivu:ro] [141/407] Building C object zephyr/drivers/adc/CMakeFiles/drivers__adc.dir/adc_common.c.obj
[xivu:rw] [236/407] Building C object zephyr/lib/libc/minimal/CMakeFiles/lib__libc__minimal.dir/source/stdlib/bsearch.c.obj
[xivu:ro] [142/407] Linking C static library zephyr/drivers/bbram/libdrivers__bbram.a
[xivu:rw] [237/407] Building C object zephyr/arch/arch/arm/core/mpu/CMakeFiles/arch__arm__core__mpu.dir/arm_mpu_regions.c.obj
[moonstone:rw] [63/391] Building C object CMakeFiles/app.dir/mnt/host/source/src/platform/ec/build/zephyr/moonstone/modules/ec/common/printf.c.obj
[xivu:ro] [143/407] Linking C static library zephyr/drivers/interrupt_controller/libdrivers__interrupt_controller.a
[xivu:rw] [238/407] Linking C static library zephyr/arch/arch/arm/core/mpu/libarch__arm__core__mpu.a
[xivu:rw] [239/407] Building C object zephyr/lib/libc/minimal/CMakeFiles/lib__libc__minimal.dir/source/string/strncasecmp.c.obj
[xivu:rw] [240/407] Building C object zephyr/lib/libc/minimal/CMakeFiles/lib__libc__minimal.dir/source/stdlib/qsort.c.obj
[xivu:ro] [144/407] Building C object zephyr/drivers/clock_control/CMakeFiles/drivers__clock_control.dir/clock_control_npcx.c.obj
[xivu:rw] [241/407] Building C object zephyr/lib/libc/minimal/CMakeFiles/lib__libc__minimal.dir/source/string/strerror.c.obj
[xivu:ro] [145/407] Building C object zephyr/drivers/adc/CMakeFiles/drivers__adc.dir/adc_npcx.c.obj
[xivu:rw] [242/407] Building C object zephyr/lib/libc/minimal/CMakeFiles/lib__libc__minimal.dir/source/string/strspn.c.obj
[xivu:ro] [146/407] Linking C static library zephyr/drivers/clock_control/libdrivers__clock_control.a
[xivu:rw] [243/407] Building C object zephyr/lib/libc/minimal/CMakeFiles/lib__libc__minimal.dir/source/string/strstr.c.obj
[xivu:rw] [244/407] Building C object zephyr/lib/libc/minimal/CMakeFiles/lib__libc__minimal.dir/source/string/string.c.obj
[xivu:ro] [147/407] Linking C static library zephyr/drivers/adc/libdrivers__adc.a
[xivu:rw] [245/407] Building C object zephyr/lib/libc/minimal/CMakeFiles/lib__libc__minimal.dir/source/stdlib/exit.c.obj
[xivu:rw] [246/407] Building C object zephyr/lib/libc/minimal/CMakeFiles/lib__libc__minimal.dir/source/math/sqrtf.c.obj
[moonstone:ro] [30/391] Building C object CMakeFiles/app.dir/mnt/host/source/src/platform/ec/zephyr/subsys/ap_pwrseq/ap_power_interface.c.obj
[xivu:rw] [247/407] Building C object zephyr/lib/libc/minimal/CMakeFiles/lib__libc__minimal.dir/source/math/sqrt.c.obj
[xivu:ro] [148/407] Building C object zephyr/drivers/console/CMakeFiles/drivers__console.dir/uart_console.c.obj
[xivu:ro] [149/407] Linking C static library zephyr/drivers/console/libdrivers__console.a
[xivu:rw] [248/407] Building C object zephyr/lib/libc/minimal/CMakeFiles/lib__libc__minimal.dir/source/stdout/sprintf.c.obj
[xivu:ro] [150/407] Building C object zephyr/drivers/eeprom/CMakeFiles/drivers__eeprom.dir/eeprom_at2x.c.obj
[xivu:rw] [249/407] Building C object zephyr/lib/libc/minimal/CMakeFiles/lib__libc__minimal.dir/source/stdout/stdout_console.c.obj
[xivu:rw] [250/407] Building C object zephyr/lib/libc/minimal/CMakeFiles/lib__libc__minimal.dir/source/stdout/fprintf.c.obj
[moonstone:rw] [64/391] Building C object CMakeFiles/app.dir/mnt/host/source/src/platform/ec/build/zephyr/moonstone/modules/ec/common/system_boot_time.c.obj
[xivu:ro] [151/407] Linking C static library zephyr/drivers/eeprom/libdrivers__eeprom.a
[xivu:ro] [152/407] Building C object zephyr/drivers/flash/CMakeFiles/drivers__flash.dir/jesd216.c.obj
[xivu:rw] [251/407] Building C object zephyr/lib/libc/common/CMakeFiles/lib__libc__common.dir/source/time/gmtime_r.c.obj
[xivu:ro] [153/407] Building C object zephyr/drivers/espi/CMakeFiles/drivers__espi.dir/espi_npcx.c.obj
[moonstone:rw] [65/391] Building C object CMakeFiles/app.dir/mnt/host/source/src/platform/ec/build/zephyr/moonstone/modules/ec/common/system.c.obj
[xivu:rw] [252/407] Building C object zephyr/lib/libc/common/CMakeFiles/lib__libc__common.dir/source/time/localtime_r_utc.c.obj
[xivu:rw] [253/407] Building C object zephyr/lib/libc/common/CMakeFiles/lib__libc__common.dir/source/time/asctime.c.obj
[xivu:ro] [154/407] Building C object zephyr/drivers/espi/CMakeFiles/drivers__espi.dir/host_subs_npcx.c.obj
[xivu:rw] [254/407] Building C object zephyr/lib/libc/minimal/CMakeFiles/lib__libc__minimal.dir/source/time/gmtime.c.obj
[xivu:rw] [255/407] Building C object zephyr/lib/libc/common/CMakeFiles/lib__libc__common.dir/source/time/ctime.c.obj
[xivu:ro] [155/407] Linking C static library zephyr/drivers/espi/libdrivers__espi.a
[xivu:rw] [256/407] Linking C static library zephyr/lib/libc/minimal/liblib__libc__minimal.a
[xivu:rw] [257/407] Building C object zephyr/lib/libc/common/CMakeFiles/lib__libc__common.dir/source/stdlib/abort.c.obj
[xivu:rw] [258/407] Building C object zephyr/lib/libc/common/CMakeFiles/lib__libc__common.dir/source/string/strnlen.c.obj
[xivu:rw] [259/407] Building C object zephyr/lib/libc/common/CMakeFiles/lib__libc__common.dir/source/time/time.c.obj
[xivu:rw] [260/407] Building C object zephyr/lib/posix/c_lib_ext/CMakeFiles/lib__posix__c_lib_ext.dir/fnmatch.c.obj
[moonstone:ro] [31/391] Building C object CMakeFiles/app.dir/mnt/host/source/src/platform/ec/zephyr/subsys/ap_pwrseq/power_signals.c.obj
[xivu:rw] [261/407] Building C object zephyr/subsys/crc/CMakeFiles/subsys__crc.dir/crc4_sw.c.obj
[xivu:ro] [156/407] Building C object zephyr/drivers/flash/CMakeFiles/drivers__flash.dir/flash_npcx_fiu_nor.c.obj
[xivu:rw] [262/407] Building C object zephyr/subsys/crc/CMakeFiles/subsys__crc.dir/crc8_sw.c.obj
[xivu:rw] [263/407] Building C object zephyr/subsys/crc/CMakeFiles/subsys__crc.dir/crc16_sw.c.obj
[moonstone:rw] [66/391] Building C object CMakeFiles/app.dir/mnt/host/source/src/platform/ec/build/zephyr/moonstone/modules/ec/common/uart_printf.c.obj
[xivu:rw] [264/407] Building C object zephyr/subsys/crc/CMakeFiles/subsys__crc.dir/crc7_sw.c.obj
[xivu:ro] [157/407] Building C object zephyr/drivers/i2c/CMakeFiles/drivers__i2c.dir/i2c_common.c.obj
[xivu:ro] [158/407] Building C object zephyr/drivers/flash/CMakeFiles/drivers__flash.dir/flash_npcx_fiu_qspi.c.obj
[xivu:rw] [265/407] Building C object zephyr/subsys/crc/CMakeFiles/subsys__crc.dir/crc24_sw.c.obj
[xivu:ro] [159/407] Linking C static library zephyr/drivers/flash/libdrivers__flash.a
[xivu:rw] [266/407] Building C object zephyr/subsys/crc/CMakeFiles/subsys__crc.dir/crc32c_sw.c.obj
[moonstone:rw] [67/391] Building C object CMakeFiles/app.dir/mnt/host/source/src/platform/ec/build/zephyr/moonstone/modules/ec/common/util.c.obj
[xivu:rw] [267/407] Building C object zephyr/lib/posix/c_lib_ext/CMakeFiles/lib__posix__c_lib_ext.dir/getopt_shim.c.obj
[xivu:rw] [268/407] Building C object zephyr/subsys/crc/CMakeFiles/subsys__crc.dir/crc32_sw.c.obj
[xivu:ro] [160/407] Building C object zephyr/drivers/gpio/CMakeFiles/drivers__gpio.dir/gpio_npcx.c.obj
[xivu:rw] [269/407] Building C object zephyr/subsys/crc/CMakeFiles/subsys__crc.dir/crc32k_4_2_sw.c.obj
[xivu:ro] [161/407] Linking C static library zephyr/drivers/gpio/libdrivers__gpio.a
[xivu:rw] [270/407] Building C object zephyr/lib/posix/c_lib_ext/CMakeFiles/lib__posix__c_lib_ext.dir/getentropy.c.obj
[xivu:rw] [271/407] Building C object zephyr/lib/libc/common/CMakeFiles/lib__libc__common.dir/source/stdlib/malloc.c.obj
[xivu:rw] [272/407] Linking C static library zephyr/subsys/crc/libsubsys__crc.a
[xivu:rw] [273/407] Linking C static library zephyr/lib/posix/c_lib_ext/liblib__posix__c_lib_ext.a
[xivu:rw] [274/407] Linking C static library zephyr/lib/libc/common/liblib__libc__common.a
[xivu:ro] [162/407] Building C object zephyr/drivers/i2c/CMakeFiles/drivers__i2c.dir/i2c_shell.c.obj
[/mnt/host/source/src/platform/ec/build/zephyr/tentacruel-lcov]   /mnt/host/source/src/platform/ec/build/zephyr/tentacruel/build-rw/zephyr/CMakeFiles/zephyr.dir/subsys/shell/modules/kernel_service/kernel_shell.c.gcno:no functions found
[/mnt/host/source/src/platform/ec/build/zephyr/tentacruel-lcov] stderr:
[moonstone:ro] [32/391] Building C object CMakeFiles/app.dir/mnt/host/source/src/platform/ec/zephyr/subsys/ap_pwrseq/signal_gpio.c.obj
[xivu:ro] [163/407] Building C object zephyr/drivers/i2c/CMakeFiles/drivers__i2c.dir/i2c_npcx_controller.c.obj
[xivu:ro] [164/407] Building C object zephyr/drivers/i2c/CMakeFiles/drivers__i2c.dir/i2c_npcx_controller_fifo.c.obj
[xivu:ro] [165/407] Building C object zephyr/drivers/sensor/CMakeFiles/drivers__sensor.dir/mnt/host/source/src/third_party/zephyr/main/misc/empty_file.c.obj
[xivu:ro] [166/407] Building C object zephyr/drivers/pinctrl/CMakeFiles/drivers__pinctrl.dir/common.c.obj
[/mnt/host/source/src/platform/ec/build/zephyr/tentacruel-lcov]   /mnt/host/source/src/platform/ec/build/zephyr/tentacruel/build-rw/zephyr/CMakeFiles/zephyr.dir/lib/libc/validate_libc.c.gcno:no functions found
[/mnt/host/source/src/platform/ec/build/zephyr/tentacruel-lcov] stderr:
[xivu:ro] [167/407] Building C object zephyr/drivers/i2c/CMakeFiles/drivers__i2c.dir/i2c_npcx_port.c.obj
[moonstone:rw] [68/391] Building C object CMakeFiles/app.dir/mnt/host/source/src/platform/ec/build/zephyr/moonstone/modules/ec/common/version.c.obj
[xivu:ro] [168/407] Linking C static library zephyr/drivers/sensor/libdrivers__sensor.a
[xivu:rw] [275/407] Building C object zephyr/drivers/interrupt_controller/CMakeFiles/drivers__interrupt_controller.dir/intc_miwu.c.obj
[xivu:ro] [169/407] Linking C static library zephyr/drivers/i2c/libdrivers__i2c.a
[xivu:rw] [276/407] Building C object zephyr/drivers/adc/CMakeFiles/drivers__adc.dir/adc_common.c.obj
[xivu:rw] [277/407] Building C object zephyr/drivers/clock_control/CMakeFiles/drivers__clock_control.dir/clock_control_npcx.c.obj
[xivu:ro] [170/407] Building C object zephyr/drivers/pinctrl/CMakeFiles/drivers__pinctrl.dir/pinctrl_npcx.c.obj
[xivu:rw] [278/407] Building C object zephyr/drivers/bbram/CMakeFiles/drivers__bbram.dir/bbram_npcx.c.obj
[xivu:rw] [279/407] Linking C static library zephyr/drivers/interrupt_controller/libdrivers__interrupt_controller.a
[xivu:rw] [280/407] Linking C static library zephyr/drivers/clock_control/libdrivers__clock_control.a
[moonstone:rw] [69/391] Building C object CMakeFiles/app.dir/mnt/host/source/src/platform/ec/build/zephyr/moonstone/modules/ec/common/power_button_x86.c.obj
[xivu:ro] [171/407] Linking C static library zephyr/drivers/pinctrl/libdrivers__pinctrl.a
[xivu:rw] [281/407] Linking C static library zephyr/drivers/bbram/libdrivers__bbram.a
[xivu:rw] [282/407] Building C object zephyr/drivers/adc/CMakeFiles/drivers__adc.dir/adc_npcx.c.obj
[xivu:rw] [283/407] Linking C static library zephyr/drivers/adc/libdrivers__adc.a
[xivu:ro] [172/407] Building C object zephyr/drivers/pwm/CMakeFiles/drivers__pwm.dir/pwm_npcx.c.obj
[moonstone:ro] [33/391] Building C object CMakeFiles/app.dir/mnt/host/source/src/platform/ec/zephyr/subsys/ap_pwrseq/signal_vw.c.obj
[xivu:ro] [173/407] Building C object zephyr/drivers/syscon/CMakeFiles/drivers__syscon.dir/syscon.c.obj
[xivu:ro] [174/407] Linking C static library zephyr/drivers/pwm/libdrivers__pwm.a
[xivu:ro] [175/407] Building C object zephyr/drivers/sensor/nuvoton/nuvoton_adc_cmp_npcx/CMakeFiles/drivers__sensor__nuvoton__nuvoton_adc_cmp_npcx.dir/adc_cmp_npcx.c.obj
[xivu:ro] [176/407] Linking C static library zephyr/drivers/syscon/libdrivers__syscon.a
[xivu:ro] [177/407] Building C object zephyr/drivers/serial/CMakeFiles/drivers__serial.dir/uart_npcx.c.obj
[xivu:ro] [178/407] Building C object zephyr/drivers/timer/CMakeFiles/drivers__timer.dir/sys_clock_init.c.obj
[xivu:rw] [284/407] Building C object zephyr/drivers/console/CMakeFiles/drivers__console.dir/uart_console.c.obj
[xivu:ro] [179/407] Linking C static library zephyr/drivers/serial/libdrivers__serial.a
[xivu:ro] [180/407] Linking C static library zephyr/drivers/sensor/nuvoton/nuvoton_adc_cmp_npcx/libdrivers__sensor__nuvoton__nuvoton_adc_cmp_npcx.a
[xivu:rw] [285/407] Building C object zephyr/drivers/eeprom/CMakeFiles/drivers__eeprom.dir/eeprom_at2x.c.obj
[xivu:rw] [286/407] Linking C static library zephyr/drivers/console/libdrivers__console.a
[moonstone:rw] [70/391] Building C object CMakeFiles/app.dir/mnt/host/source/src/platform/ec/build/zephyr/moonstone/modules/ec/common/adc.c.obj
[xivu:rw] [287/407] Linking C static library zephyr/drivers/eeprom/libdrivers__eeprom.a
[xivu:rw] [288/407] Building C object zephyr/drivers/espi/CMakeFiles/drivers__espi.dir/espi_npcx.c.obj
[xivu:rw] [289/407] Building C object zephyr/drivers/espi/CMakeFiles/drivers__espi.dir/host_subs_npcx.c.obj
[/mnt/host/source/src/platform/ec/build/zephyr/tentacruel-lcov]   /mnt/host/source/src/platform/ec/build/zephyr/tentacruel/build-rw/zephyr/CMakeFiles/zephyr.dir/lib/utils/last_section_id.c.gcno:no functions found
[/mnt/host/source/src/platform/ec/build/zephyr/tentacruel-lcov] stderr:
[xivu:rw] [290/407] Building C object zephyr/drivers/flash/CMakeFiles/drivers__flash.dir/jesd216.c.obj
[xivu:rw] [291/407] Linking C static library zephyr/drivers/espi/libdrivers__espi.a
[moonstone:rw] [71/391] Building C object CMakeFiles/app.dir/mnt/host/source/src/platform/ec/build/zephyr/moonstone/modules/ec/common/acpi.c.obj
[xivu:ro] [181/407] Building C object zephyr/drivers/watchdog/CMakeFiles/drivers__watchdog.dir/wdt_npcx.c.obj
[xivu:ro] [182/407] Building C object zephyr/drivers/timer/CMakeFiles/drivers__timer.dir/npcx_itim_timer.c.obj
[xivu:ro] [183/407] Linking C static library zephyr/drivers/timer/libdrivers__timer.a
[xivu:ro] [184/407] Linking C static library zephyr/drivers/watchdog/libdrivers__watchdog.a
[moonstone:ro] [34/391] Building C object CMakeFiles/app.dir/mnt/host/source/src/platform/ec/zephyr/subsys/ap_pwrseq/ap_pwrseq.c.obj
[xivu:rw] [292/407] Building C object zephyr/drivers/flash/CMakeFiles/drivers__flash.dir/flash_npcx_fiu_nor.c.obj
[xivu:ro] [185/407] Building C object modules/ec/zephyr/CMakeFiles/ec_shim.dir/app/ec/main_shim.c.obj
[/mnt/host/source/src/platform/ec/build/zephyr/matsu-lcov]   /mnt/host/source/src/platform/ec/build/zephyr/matsu/build-rw/modules/ec/zephyr/CMakeFiles/ec_shim.dir/drivers/keyboard_input/keyboard_customization_check.c.gcno:no functions found
[/mnt/host/source/src/platform/ec/build/zephyr/matsu-lcov] stderr:
[moonstone:rw] [72/391] Building C object CMakeFiles/app.dir/mnt/host/source/src/platform/ec/build/zephyr/moonstone/modules/ec/common/backlight_lid.c.obj
[xivu:rw] [293/407] Building C object zephyr/drivers/flash/CMakeFiles/drivers__flash.dir/flash_npcx_fiu_qspi.c.obj
[xivu:ro] [186/407] Building C object modules/ec/zephyr/CMakeFiles/ec_shim.dir/app/ec/ec_app_main.c.obj
[xivu:rw] [294/407] Linking C static library zephyr/drivers/flash/libdrivers__flash.a
[xivu:ro] [187/407] Building C object modules/ec/zephyr/CMakeFiles/ec_shim.dir/drivers/cros_flash/cros_flash_npcx.c.obj
[xivu:rw] [295/407] Building C object zephyr/drivers/gpio/CMakeFiles/drivers__gpio.dir/gpio_npcx.c.obj
[xivu:rw] [296/407] Linking C static library zephyr/drivers/gpio/libdrivers__gpio.a
[xivu:rw] [297/407] Building C object zephyr/drivers/i2c/CMakeFiles/drivers__i2c.dir/i2c_common.c.obj
[xivu:rw] [298/407] Building C object zephyr/drivers/i2c/CMakeFiles/drivers__i2c.dir/i2c_shell.c.obj
[moonstone:rw] [73/391] Building C object CMakeFiles/app.dir/mnt/host/source/src/platform/ec/build/zephyr/moonstone/modules/ec/common/battery.c.obj
[moonstone:ro] [35/391] Building C object CMakeFiles/app.dir/mnt/host/source/src/platform/ec/zephyr/subsys/ap_pwrseq/ap_pwrseq_sm.c.obj
[xivu:ro] [188/407] Building C object modules/ec/zephyr/CMakeFiles/ec_shim.dir/drivers/cros_system/cros_system_npcx.c.obj
[xivu:ro] [189/407] Building C object modules/ec/zephyr/CMakeFiles/ec_shim.dir/drivers/cros_kb_raw/cros_kb_raw_npcx.c.obj
[xivu:rw] [299/407] Building C object zephyr/drivers/pinctrl/CMakeFiles/drivers__pinctrl.dir/common.c.obj
[xivu:rw] [300/407] Building C object zephyr/drivers/i2c/CMakeFiles/drivers__i2c.dir/i2c_npcx_controller.c.obj
[xivu:ro] [190/407] Building C object modules/ec/zephyr/CMakeFiles/ec_shim.dir/drivers/vivaldi_kbd/vivaldi_kbd.c.obj
[xivu:ro] [191/407] Building C object modules/ec/zephyr/CMakeFiles/ec_shim.dir/shim/chip/npcx/clock.c.obj
[xivu:rw] [301/407] Building C object zephyr/drivers/sensor/CMakeFiles/drivers__sensor.dir/mnt/host/source/src/third_party/zephyr/main/misc/empty_file.c.obj
[xivu:rw] [302/407] Building C object zephyr/drivers/i2c/CMakeFiles/drivers__i2c.dir/i2c_npcx_controller_fifo.c.obj
[moonstone:rw] [74/391] Building C object CMakeFiles/app.dir/mnt/host/source/src/platform/ec/build/zephyr/moonstone/modules/ec/common/battery_info.c.obj
[xivu:rw] [303/407] Building C object zephyr/drivers/pinctrl/CMakeFiles/drivers__pinctrl.dir/pinctrl_npcx.c.obj
[xivu:rw] [304/407] Linking C static library zephyr/drivers/sensor/libdrivers__sensor.a
[xivu:rw] [305/407] Linking C static library zephyr/drivers/pinctrl/libdrivers__pinctrl.a
[xivu:rw] [306/407] Building C object zephyr/drivers/i2c/CMakeFiles/drivers__i2c.dir/i2c_npcx_port.c.obj
[xivu:rw] [307/407] Linking C static library zephyr/drivers/i2c/libdrivers__i2c.a
[xivu:ro] [192/407] Building C object modules/ec/zephyr/CMakeFiles/ec_shim.dir/shim/chip/npcx/keyboard_raw.c.obj
[moonstone:rw] [75/391] Building C object CMakeFiles/app.dir/mnt/host/source/src/platform/ec/build/zephyr/moonstone/modules/ec/common/battery_fuel_gauge.c.obj
[xivu:ro] [193/407] Building C object modules/ec/zephyr/CMakeFiles/ec_shim.dir/shim/chip/npcx/rom_chip.c.obj
[xivu:rw] [308/407] Building C object zephyr/drivers/pwm/CMakeFiles/drivers__pwm.dir/pwm_npcx.c.obj
[moonstone:ro] [36/391] Building C object CMakeFiles/app.dir/mnt/host/source/src/platform/ec/zephyr/subsys/ap_pwrseq/power_host_sleep.c.obj
[xivu:rw] [309/407] Linking C static library zephyr/drivers/pwm/libdrivers__pwm.a
[xivu:ro] [194/407] Building C object modules/ec/zephyr/CMakeFiles/ec_shim.dir/shim/chip/npcx/system_external_storage.c.obj
[xivu:ro] [195/407] Building C object modules/ec/zephyr/CMakeFiles/ec_shim.dir/shim/chip/npcx/gpio.c.obj
[xivu:rw] [310/407] Building C object zephyr/drivers/syscon/CMakeFiles/drivers__syscon.dir/syscon.c.obj
[xivu:rw] [311/407] Building C object zephyr/drivers/serial/CMakeFiles/drivers__serial.dir/uart_npcx.c.obj
[xivu:rw] [312/407] Building C object zephyr/drivers/sensor/nuvoton/nuvoton_adc_cmp_npcx/CMakeFiles/drivers__sensor__nuvoton__nuvoton_adc_cmp_npcx.dir/adc_cmp_npcx.c.obj
[xivu:rw] [313/407] Linking C static library zephyr/drivers/syscon/libdrivers__syscon.a
[xivu:rw] [314/407] Linking C static library zephyr/drivers/serial/libdrivers__serial.a
[xivu:rw] [315/407] Linking C static library zephyr/drivers/sensor/nuvoton/nuvoton_adc_cmp_npcx/libdrivers__sensor__nuvoton__nuvoton_adc_cmp_npcx.a
[xivu:ro] [196/407] Building C object modules/ec/zephyr/CMakeFiles/ec_shim.dir/shim/chip/npcx/system.c.obj
[moonstone:rw] [76/391] Building C object CMakeFiles/app.dir/mnt/host/source/src/platform/ec/build/zephyr/moonstone/modules/ec/driver/battery/smart.c.obj
[xivu:rw] [316/407] Building C object zephyr/drivers/timer/CMakeFiles/drivers__timer.dir/sys_clock_init.c.obj
[xivu:ro] [197/407] Building C object modules/ec/zephyr/CMakeFiles/ec_shim.dir/shim/chip/npcx/system_download_from_flash.c.obj
[xivu:rw] [317/407] Building C object zephyr/drivers/timer/CMakeFiles/drivers__timer.dir/npcx_itim_timer.c.obj
[xivu:ro] [198/407] Building C object modules/ec/zephyr/CMakeFiles/ec_shim.dir/shim/chip/npcx/power_policy.c.obj
[xivu:ro] [199/407] Building C object modules/ec/zephyr/CMakeFiles/ec_shim.dir/shim/core/cortex-m/panic.c.obj
[xivu:rw] [318/407] Linking C static library zephyr/drivers/timer/libdrivers__timer.a
[xivu:ro] [200/407] Building C object modules/ec/zephyr/CMakeFiles/ec_shim.dir/shim/src/crc.c.obj
[xivu:ro] [201/407] Building C object modules/ec/zephyr/CMakeFiles/ec_shim.dir/shim/core/cortex-m/mpu.c.obj
[xivu:rw] [319/407] Building C object zephyr/drivers/watchdog/CMakeFiles/drivers__watchdog.dir/wdt_npcx.c.obj
[moonstone:ro] [37/391] Building C object CMakeFiles/app.dir/mnt/host/source/src/platform/ec/zephyr/subsys/ap_pwrseq/x86_non_dsx_common_pwrseq_sm_handler.c.obj
[moonstone:rw] [77/391] Building C object CMakeFiles/app.dir/mnt/host/source/src/platform/ec/build/zephyr/moonstone/modules/ec/driver/charger/isl923x.c.obj
[xivu:rw] [320/407] Building C object modules/ec/zephyr/CMakeFiles/ec_shim.dir/app/ec/main_shim.c.obj
[xivu:rw] [321/407] Linking C static library zephyr/drivers/watchdog/libdrivers__watchdog.a
[xivu:ro] [202/407] Building C object modules/ec/zephyr/CMakeFiles/ec_shim.dir/shim/src/console.c.obj
[xivu:rw] [322/407] Building C object modules/ec/zephyr/CMakeFiles/ec_shim.dir/app/ec/ec_app_main.c.obj
[moonstone:rw] [78/391] Building C object CMakeFiles/app.dir/mnt/host/source/src/platform/ec/build/zephyr/moonstone/modules/ec/driver/charger/isl9241.c.obj
[xivu:rw] [323/407] Building C object modules/ec/zephyr/CMakeFiles/ec_shim.dir/drivers/cros_flash/cros_flash_npcx.c.obj
[xivu:ro] [203/407] Building C object modules/ec/zephyr/CMakeFiles/ec_shim.dir/shim/src/gpio_int.c.obj
[xivu:ro] [204/407] Building C object modules/ec/zephyr/CMakeFiles/ec_shim.dir/shim/src/panic_utils.c.obj
[xivu:rw] [324/407] Building C object modules/ec/zephyr/CMakeFiles/ec_shim.dir/drivers/cros_kb_raw/cros_kb_raw_npcx.c.obj
[xivu:ro] [205/407] Building C object modules/ec/zephyr/CMakeFiles/ec_shim.dir/shim/src/gpio.c.obj
[xivu:ro] [206/407] Building C object modules/ec/zephyr/CMakeFiles/ec_shim.dir/shim/src/pm_state.c.obj
[moonstone:ro] [38/391] Building C object CMakeFiles/app.dir/mnt/host/source/src/platform/ec/zephyr/subsys/ap_pwrseq/x86_non_dsx_chipset_power_state.c.obj
[xivu:rw] [325/407] Building C object modules/ec/zephyr/CMakeFiles/ec_shim.dir/shim/chip/npcx/clock.c.obj
[xivu:rw] [326/407] Building C object modules/ec/zephyr/CMakeFiles/ec_shim.dir/drivers/vivaldi_kbd/vivaldi_kbd.c.obj
[xivu:ro] [207/407] Building C object modules/ec/zephyr/CMakeFiles/ec_shim.dir/shim/src/cbi/cros_cbi.c.obj
[moonstone:rw] [79/391] Building C object CMakeFiles/app.dir/mnt/host/source/src/platform/ec/build/zephyr/moonstone/modules/ec/common/charger.c.obj
[xivu:rw] [327/407] Building C object modules/ec/zephyr/CMakeFiles/ec_shim.dir/drivers/cros_system/cros_system_npcx.c.obj
[xivu:ro] [208/407] Building C object modules/ec/zephyr/CMakeFiles/ec_shim.dir/shim/src/cbi/cros_cbi_fw_config.c.obj
[xivu:rw] [328/407] Building C object modules/ec/zephyr/CMakeFiles/ec_shim.dir/shim/chip/npcx/rom_chip.c.obj
[xivu:ro] [209/407] Building C object modules/ec/zephyr/CMakeFiles/ec_shim.dir/shim/src/cbi/cros_cbi_ssfc.c.obj
[xivu:ro] [210/407] Building C object modules/ec/zephyr/CMakeFiles/ec_shim.dir/shim/src/cbi/cbi_eeprom.c.obj
[moonstone:rw] [80/391] Building C object CMakeFiles/app.dir/mnt/host/source/src/platform/ec/build/zephyr/moonstone/modules/ec/common/charge_state.c.obj
[xivu:rw] [329/407] Building C object modules/ec/zephyr/CMakeFiles/ec_shim.dir/shim/chip/npcx/keyboard_raw.c.obj
[xivu:rw] [330/407] Building C object modules/ec/zephyr/CMakeFiles/ec_shim.dir/shim/chip/npcx/gpio.c.obj
[xivu:ro] [211/407] Building C object modules/ec/zephyr/CMakeFiles/ec_shim.dir/shim/src/led_driver/led.c.obj
[moonstone:ro] [39/391] Building C object CMakeFiles/app.dir/mnt/host/source/src/platform/ec/zephyr/subsys/ap_pwrseq/x86_non_dsx_common_pwrseq_host_sleep.c.obj
[xivu:ro] [212/407] Building ASM object modules/ec/zephyr/CMakeFiles/ec_shim.dir/shim/src/libgcc_arm.S.obj
[xivu:rw] [331/407] Building C object modules/ec/zephyr/CMakeFiles/ec_shim.dir/shim/chip/npcx/system.c.obj
[xivu:rw] [332/407] Building C object modules/ec/zephyr/CMakeFiles/ec_shim.dir/shim/chip/npcx/system_external_storage.c.obj
[xivu:ro] [213/407] Building C object modules/ec/zephyr/CMakeFiles/ec_shim.dir/shim/src/led_driver/led_pwm.c.obj
[moonstone:rw] [81/391] Building C object CMakeFiles/app.dir/mnt/host/source/src/platform/ec/build/zephyr/moonstone/modules/ec/common/charge_manager.c.obj
[xivu:ro] [214/407] Building C object modules/ec/zephyr/CMakeFiles/ec_shim.dir/shim/src/system.c.obj
[xivu:rw] [333/407] Building C object modules/ec/zephyr/CMakeFiles/ec_shim.dir/shim/chip/npcx/system_download_from_flash.c.obj
[moonstone:rw] [82/391] Building C object CMakeFiles/app.dir/mnt/host/source/src/platform/ec/build/zephyr/moonstone/modules/ec/common/cbi_common.c.obj
[/mnt/host/source/src/platform/ec/build/zephyr/matsu-lcov]   /mnt/host/source/src/platform/ec/build/zephyr/matsu/build-rw/CMakeFiles/app.dir/mnt/host/source/src/platform/ec/build/zephyr/matsu/modules/ec/common/cbi_config.c.gcno:no functions found
[/mnt/host/source/src/platform/ec/build/zephyr/matsu-lcov] stderr:
[xivu:ro] [215/407] Building C object modules/ec/zephyr/CMakeFiles/ec_shim.dir/shim/src/adc.c.obj
[xivu:rw] [334/407] Building C object modules/ec/zephyr/CMakeFiles/ec_shim.dir/shim/src/crc.c.obj
[xivu:rw] [335/407] Building C object modules/ec/zephyr/CMakeFiles/ec_shim.dir/shim/core/cortex-m/mpu.c.obj
[xivu:ro] [216/407] Building C object modules/ec/zephyr/CMakeFiles/ec_shim.dir/shim/src/battery.c.obj
[moonstone:ro] [40/391] Building C object CMakeFiles/app.dir/mnt/host/source/src/platform/ec/zephyr/subsys/ap_pwrseq/x86_non_dsx_common_pwrseq_console.c.obj
[xivu:rw] [336/407] Building C object modules/ec/zephyr/CMakeFiles/ec_shim.dir/shim/core/cortex-m/panic.c.obj
[xivu:ro] [217/407] Building C object modules/ec/zephyr/CMakeFiles/ec_shim.dir/shim/src/charger.c.obj
[xivu:rw] [337/407] Building C object modules/ec/zephyr/CMakeFiles/ec_shim.dir/shim/chip/npcx/power_policy.c.obj
[xivu:rw] [338/407] Building C object modules/ec/zephyr/CMakeFiles/ec_shim.dir/shim/src/console.c.obj
[xivu:ro] [218/407] Building C object modules/ec/zephyr/CMakeFiles/ec_shim.dir/shim/src/chipset_api.c.obj
[/mnt/host/source/src/platform/ec/build/zephyr/sapphire-lcov]   /mnt/host/source/src/platform/ec/build/zephyr/sapphire/build-rw/zephyr/CMakeFiles/zephyr.dir/soc/ite/ec/it8xxx2/check_regs.c.gcno:no functions found
[/mnt/host/source/src/platform/ec/build/zephyr/sapphire-lcov] stderr:
[/mnt/host/source/src/platform/ec/build/zephyr/matsu-lcov]   /mnt/host/source/src/platform/ec/build/zephyr/matsu/build-rw/zephyr/arch/arch/riscv/core/CMakeFiles/arch__riscv__core.dir/cpu_idle.c.gcno:no functions found
[/mnt/host/source/src/platform/ec/build/zephyr/matsu-lcov] stderr:
[moonstone:rw] [83/391] Building C object CMakeFiles/app.dir/mnt/host/source/src/platform/ec/build/zephyr/moonstone/modules/ec/common/cbi_config.c.obj
[moonstone:rw] [84/391] Building C object CMakeFiles/app.dir/mnt/host/source/src/platform/ec/build/zephyr/moonstone/modules/ec/common/cbi.c.obj
[xivu:ro] [219/407] Building C object modules/ec/zephyr/CMakeFiles/ec_shim.dir/shim/src/espi.c.obj
[xivu:rw] [339/407] Building C object modules/ec/zephyr/CMakeFiles/ec_shim.dir/shim/src/panic_utils.c.obj
[xivu:rw] [340/407] Building C object modules/ec/zephyr/CMakeFiles/ec_shim.dir/shim/src/gpio_int.c.obj
[moonstone:ro] [41/391] Building C object CMakeFiles/app.dir/mnt/host/source/src/platform/ec/zephyr/subsys/ap_pwrseq/x86_non_dsx_common_pwrseq_host_command.c.obj
[xivu:ro] [220/407] Building C object modules/ec/zephyr/CMakeFiles/ec_shim.dir/shim/src/flash.c.obj
[xivu:ro] [221/407] Building C object modules/ec/zephyr/CMakeFiles/ec_shim.dir/shim/src/hooks.c.obj
[xivu:rw] [341/407] Building C object modules/ec/zephyr/CMakeFiles/ec_shim.dir/shim/src/gpio.c.obj
[xivu:ro] [222/407] Building C object modules/ec/zephyr/CMakeFiles/ec_shim.dir/shim/src/host_command.c.obj
[xivu:rw] [342/407] Building C object modules/ec/zephyr/CMakeFiles/ec_shim.dir/shim/src/pm_state.c.obj
[xivu:ro] [223/407] Building C object modules/ec/zephyr/CMakeFiles/ec_shim.dir/shim/src/console_buffer.c.obj
[moonstone:rw] [85/391] Building C object CMakeFiles/app.dir/mnt/host/source/src/platform/ec/build/zephyr/moonstone/modules/ec/common/memory_commands.c.obj
[/mnt/host/source/src/platform/ec/build/zephyr/matsu-lcov]   /mnt/host/source/src/platform/ec/build/zephyr/matsu/build-rw/zephyr/arch/common/CMakeFiles/isr_tables.dir/isr_tables.c.gcno:no functions found
[/mnt/host/source/src/platform/ec/build/zephyr/matsu-lcov] stderr:
[xivu:ro] [224/407] Building C object modules/ec/zephyr/CMakeFiles/ec_shim.dir/shim/src/keyboard_raw.c.obj
[moonstone:rw] [86/391] Building C object CMakeFiles/app.dir/mnt/host/source/src/platform/ec/build/zephyr/moonstone/modules/ec/common/dptf.c.obj
[xivu:rw] [343/407] Building C object modules/ec/zephyr/CMakeFiles/ec_shim.dir/shim/src/cbi/cros_cbi.c.obj
[xivu:rw] [344/407] Building C object modules/ec/zephyr/CMakeFiles/ec_shim.dir/shim/src/cbi/cros_cbi_fw_config.c.obj
[xivu:ro] [225/407] Building C object modules/ec/zephyr/CMakeFiles/ec_shim.dir/shim/src/mkbp_event.c.obj
[xivu:rw] [345/407] Building C object modules/ec/zephyr/CMakeFiles/ec_shim.dir/shim/src/cbi/cbi_eeprom.c.obj
[xivu:rw] [346/407] Building C object modules/ec/zephyr/CMakeFiles/ec_shim.dir/shim/src/cbi/cros_cbi_ssfc.c.obj
[xivu:ro] [226/407] Building C object modules/ec/zephyr/CMakeFiles/ec_shim.dir/shim/src/panic.c.obj
[moonstone:ro] [42/391] Building C object CMakeFiles/app.dir/mnt/host/source/src/platform/ec/zephyr/subsys/ap_pwrseq/x86_non_dsx_mtl_pwrseq_sm.c.obj
[xivu:ro] [227/407] Building C object modules/ec/zephyr/CMakeFiles/ec_shim.dir/shim/src/motionsense_sensors.c.obj
[xivu:rw] [347/407] Building ASM object modules/ec/zephyr/CMakeFiles/ec_shim.dir/shim/src/libgcc_arm.S.obj
[xivu:rw] [348/407] Building C object modules/ec/zephyr/CMakeFiles/ec_shim.dir/shim/src/led_driver/led_pwm.c.obj
[xivu:rw] [349/407] Building C object modules/ec/zephyr/CMakeFiles/ec_shim.dir/shim/src/led_driver/led.c.obj
[xivu:ro] [228/407] Building C object modules/ec/zephyr/CMakeFiles/ec_shim.dir/shim/src/temp_sensors.c.obj
[moonstone:rw] [87/391] Building C object CMakeFiles/app.dir/mnt/host/source/src/platform/ec/build/zephyr/moonstone/modules/ec/common/ap_reset_log.c.obj
[xivu:ro] [229/407] Building C object modules/ec/zephyr/CMakeFiles/ec_shim.dir/shim/src/hwtimer.c.obj
[xivu:ro] [230/407] Building C object modules/ec/zephyr/CMakeFiles/ec_shim.dir/shim/src/thermal.c.obj
[moonstone:rw] [88/391] Building C object CMakeFiles/app.dir/mnt/host/source/src/platform/ec/build/zephyr/moonstone/modules/ec/common/espi.c.obj
[xivu:rw] [350/407] Building C object modules/ec/zephyr/CMakeFiles/ec_shim.dir/shim/src/system.c.obj
[moonstone:ro] [43/391] Building C object CMakeFiles/app.dir/mnt/host/source/src/platform/ec/zephyr/subsys/ap_pwrseq/ap_reset_log.c.obj
[xivu:ro] [231/407] Building C object modules/ec/zephyr/CMakeFiles/ec_shim.dir/shim/src/i2c.c.obj
[xivu:rw] [351/407] Building C object modules/ec/zephyr/CMakeFiles/ec_shim.dir/shim/src/adc.c.obj
[xivu:rw] [352/407] Building C object modules/ec/zephyr/CMakeFiles/ec_shim.dir/shim/src/battery.c.obj
[xivu:rw] [353/407] Building C object modules/ec/zephyr/CMakeFiles/ec_shim.dir/shim/src/charger.c.obj
[xivu:ro] [232/407] Building C object modules/ec/zephyr/CMakeFiles/ec_shim.dir/shim/src/tasks.c.obj
[xivu:rw] [354/407] Building C object modules/ec/zephyr/CMakeFiles/ec_shim.dir/shim/src/chipset_api.c.obj
[xivu:ro] [233/407] Building C object modules/ec/zephyr/CMakeFiles/ec_shim.dir/shim/src/watchdog.c.obj
[moonstone:rw] [89/391] Building C object CMakeFiles/app.dir/mnt/host/source/src/platform/ec/build/zephyr/moonstone/modules/ec/common/extpower_common.c.obj
[xivu:ro] [234/407] Building C object modules/ec/zephyr/CMakeFiles/ec_shim.dir/shim/src/bc12_pi3usb9201.c.obj
[moonstone:rw] [90/391] Building C object CMakeFiles/app.dir/mnt/host/source/src/platform/ec/build/zephyr/moonstone/modules/ec/common/extpower_gpio.c.obj
[xivu:ro] [235/407] Building C object modules/ec/zephyr/CMakeFiles/ec_shim.dir/shim/src/bc12.c.obj
[xivu:ro] [236/407] cd /mnt/host/source/src/platform/ec/build/zephyr/xivu/build-ro/modules/ec/zephyr && PYTHONPATH=/mnt/host/source/src/platform/ec/build/zephyr/xivu/modules/ec/zephyr/zmake/ /usr/bin/python3.11 /mnt/host/source/src/platform/ec/build/zephyr/xivu/modules/ec/zephyr/zmake/zephyr_build_tools/generate_ec_version.py /mnt/host/source/src/platform/ec/build/zephyr/xivu/build-ro/modules/ec/zephyr/include/ec_version.h --name Zephyr-Kernel --version 16543.0.0 --static
[xivu:ro] INFO:root:Using a static version string
[xivu:ro] INFO:root:Version string: Zephyr-Kernel-16543.0.0
[xivu:ro] INFO:root:Writing header to /mnt/host/source/src/platform/ec/build/zephyr/xivu/build-ro/modules/ec/zephyr/include/ec_version.h
[xivu:ro] [237/407] Building C object modules/ec/zephyr/CMakeFiles/ec_shim.dir/shim/src/usba.c.obj
[xivu:rw] [355/407] Building C object modules/ec/zephyr/CMakeFiles/ec_shim.dir/shim/src/espi.c.obj
[xivu:rw] [356/407] Building C object modules/ec/zephyr/CMakeFiles/ec_shim.dir/shim/src/hooks.c.obj
[moonstone:ro] [44/391] Building C object CMakeFiles/app.dir/mnt/host/source/src/platform/ec/zephyr/subsys/pd_controller/pdc_pmc_debug.c.obj
[xivu:rw] [357/407] Building C object modules/ec/zephyr/CMakeFiles/ec_shim.dir/shim/src/flash.c.obj
[xivu:rw] [358/407] Building C object modules/ec/zephyr/CMakeFiles/ec_shim.dir/shim/src/host_command.c.obj
[xivu:rw] [359/407] Building C object modules/ec/zephyr/CMakeFiles/ec_shim.dir/shim/src/console_buffer.c.obj
[xivu:ro] [238/407] Building C object modules/ec/zephyr/CMakeFiles/ec_shim.dir/shim/src/power_host_sleep_api.c.obj
[/mnt/host/source/src/platform/ec/build/zephyr/sapphire-lcov]   /mnt/host/source/src/platform/ec/build/zephyr/sapphire/build-rw/zephyr/drivers/syscon/CMakeFiles/drivers__syscon.dir/mnt/host/source/src/third_party/zephyr/main/misc/empty_file.c.gcno:no functions found
[/mnt/host/source/src/platform/ec/build/zephyr/sapphire-lcov] Filter suppressions 'region':
[/mnt/host/source/src/platform/ec/build/zephyr/sapphire-lcov]     158 instances
[/mnt/host/source/src/platform/ec/build/zephyr/sapphire-lcov]     240 coverpoints
[/mnt/host/source/src/platform/ec/build/zephyr/sapphire-lcov] Message summary:
[/mnt/host/source/src/platform/ec/build/zephyr/sapphire-lcov]   25 ignore messages:
[/mnt/host/source/src/platform/ec/build/zephyr/sapphire-lcov]     gcov: 25
[xivu:ro] [239/407] Building C object modules/ec/zephyr/CMakeFiles/ec_shim.dir/shim/src/usb_muxes.c.obj
[xivu:ro] [240/407] Building C object zephyr/kernel/CMakeFiles/kernel.dir/main_weak.c.obj
[xivu:ro] [241/407] Building C object CMakeFiles/app.dir/mnt/host/source/src/platform/ec/zephyr/subsys/ap_pwrseq/ap_events.c.obj
[moonstone:rw] [91/391] Building C object CMakeFiles/app.dir/mnt/host/source/src/platform/ec/build/zephyr/moonstone/modules/ec/common/flash.c.obj
[xivu:rw] [360/407] Building C object modules/ec/zephyr/CMakeFiles/ec_shim.dir/shim/src/mkbp_event.c.obj
[moonstone:rw] [92/391] Building C object CMakeFiles/app.dir/mnt/host/source/src/platform/ec/build/zephyr/moonstone/modules/ec/common/fan.c.obj
[xivu:rw] [361/407] Building C object modules/ec/zephyr/CMakeFiles/ec_shim.dir/shim/src/panic.c.obj
[xivu:rw] [362/407] Building C object modules/ec/zephyr/CMakeFiles/ec_shim.dir/shim/src/keyboard_raw.c.obj
[xivu:ro] [242/407] Building C object CMakeFiles/app.dir/mnt/host/source/src/platform/ec/zephyr/subsys/ap_pwrseq/ap_power_interface.c.obj
[xivu:rw] [363/407] Building C object modules/ec/zephyr/CMakeFiles/ec_shim.dir/shim/src/motionsense_sensors.c.obj
[xivu:ro] [243/407] Building C object CMakeFiles/app.dir/mnt/host/source/src/platform/ec/zephyr/subsys/ap_pwrseq/power_signals.c.obj
[moonstone:ro] [45/391] Building C object CMakeFiles/app.dir/mnt/host/source/src/platform/ec/zephyr/subsys/pd_controller/retimer_fw_update.c.obj
[xivu:rw] [364/407] Building C object modules/ec/zephyr/CMakeFiles/ec_shim.dir/shim/src/temp_sensors.c.obj
[xivu:ro] [244/407] Building C object CMakeFiles/app.dir/mnt/host/source/src/platform/ec/zephyr/subsys/ap_pwrseq/signal_gpio.c.obj
[xivu:ro] [245/407] Building C object CMakeFiles/app.dir/mnt/host/source/src/platform/ec/zephyr/subsys/ap_pwrseq/signal_vw.c.obj
[xivu:ro] [246/407] Building C object CMakeFiles/app.dir/mnt/host/source/src/platform/ec/zephyr/subsys/ap_pwrseq/signal_adc.c.obj
[xivu:rw] [365/407] Building C object modules/ec/zephyr/CMakeFiles/ec_shim.dir/shim/src/thermal.c.obj
[xivu:rw] [366/407] Building C object modules/ec/zephyr/CMakeFiles/ec_shim.dir/shim/src/hwtimer.c.obj
[moonstone:rw] [93/391] Building C object CMakeFiles/app.dir/mnt/host/source/src/platform/ec/build/zephyr/moonstone/modules/ec/common/host_command.c.obj
[moonstone:rw] [94/391] Building C object CMakeFiles/app.dir/mnt/host/source/src/platform/ec/build/zephyr/moonstone/modules/ec/common/host_command_task.c.obj
[xivu:rw] [367/407] Building C object modules/ec/zephyr/CMakeFiles/ec_shim.dir/shim/src/i2c.c.obj
[xivu:rw] [368/407] Building C object modules/ec/zephyr/CMakeFiles/ec_shim.dir/shim/src/tasks.c.obj
[xivu:ro] [247/407] Building C object CMakeFiles/app.dir/mnt/host/source/src/platform/ec/zephyr/subsys/ap_pwrseq/power_host_sleep.c.obj
[/mnt/host/source/src/platform/ec/build/zephyr/matsu-lcov]   /mnt/host/source/src/platform/ec/build/zephyr/matsu/build-rw/zephyr/CMakeFiles/zephyr.dir/subsys/shell/modules/kernel_service/kernel_shell.c.gcno:no functions found
[/mnt/host/source/src/platform/ec/build/zephyr/matsu-lcov] stderr:
[xivu:ro] [248/407] Building C object CMakeFiles/app.dir/mnt/host/source/src/platform/ec/zephyr/subsys/ap_pwrseq/x86_non_dsx_common_pwrseq_sm_handler.c.obj
[xivu:ro] [249/407] Building C object CMakeFiles/app.dir/mnt/host/source/src/platform/ec/zephyr/subsys/ap_pwrseq/x86_non_dsx_chipset_power_state.c.obj
[xivu:rw] [369/407] Building C object modules/ec/zephyr/CMakeFiles/ec_shim.dir/shim/src/watchdog.c.obj
[moonstone:ro] [46/391] Building C object CMakeFiles/app.dir/mnt/host/source/src/platform/ec/zephyr/subsys/pd_controller/pdc_console.c.obj
[/mnt/host/source/src/platform/ec/build/zephyr/matsu-lcov]   /mnt/host/source/src/platform/ec/build/zephyr/matsu/build-rw/zephyr/CMakeFiles/zephyr.dir/lib/libc/validate_libc.c.gcno:no functions found
[/mnt/host/source/src/platform/ec/build/zephyr/matsu-lcov] stderr:
[xivu:ro] [250/407] Building C object CMakeFiles/app.dir/mnt/host/source/src/platform/ec/zephyr/subsys/ap_pwrseq/x86_non_dsx_common_pwrseq_host_sleep.c.obj
[xivu:rw] [370/407] Building C object modules/ec/zephyr/CMakeFiles/ec_shim.dir/shim/src/bc12.c.obj
[xivu:ro] [251/407] Building C object CMakeFiles/app.dir/mnt/host/source/src/platform/ec/zephyr/subsys/ap_pwrseq/x86_non_dsx_common_pwrseq_console.c.obj
[moonstone:ro] [47/391] Building C object CMakeFiles/app.dir/mnt/host/source/src/platform/ec/zephyr/subsys/pd_controller/pdc_power_mgmt.c.obj
[xivu:rw] [371/407] Building C object modules/ec/zephyr/CMakeFiles/ec_shim.dir/shim/src/bc12_pi3usb9201.c.obj
[moonstone:rw] [95/391] Building C object CMakeFiles/app.dir/mnt/host/source/src/platform/ec/build/zephyr/moonstone/modules/ec/common/host_event_commands.c.obj
[moonstone:rw] [96/391] Building C object CMakeFiles/app.dir/mnt/host/source/src/platform/ec/build/zephyr/moonstone/modules/ec/common/uart_hostcmd.c.obj
[xivu:rw] [372/407] Building C object modules/ec/zephyr/CMakeFiles/ec_shim.dir/shim/src/usba.c.obj
[xivu:rw] [373/407] Building C object modules/ec/zephyr/CMakeFiles/ec_shim.dir/shim/src/power_host_sleep_api.c.obj
[xivu:ro] [252/407] Building C object CMakeFiles/app.dir/mnt/host/source/src/platform/ec/zephyr/subsys/ap_pwrseq/x86_non_dsx_adlp_pwrseq_sm.c.obj
[xivu:ro] [253/407] Building C object CMakeFiles/app.dir/mnt/host/source/src/platform/ec/zephyr/subsys/ap_pwrseq/x86_non_dsx_common_pwrseq_host_command.c.obj
[xivu:ro] [254/407] Building C object CMakeFiles/app.dir/mnt/host/source/src/platform/ec/zephyr/subsys/ap_pwrseq/ap_reset_log.c.obj
[moonstone:ro] [48/391] Building C object CMakeFiles/app.dir/mnt/host/source/src/platform/ec/zephyr/subsys/pd_controller/pdc_host_cmd.c.obj
[xivu:rw] [374/407] Building C object modules/ec/zephyr/CMakeFiles/ec_shim.dir/shim/src/usb_muxes.c.obj
[xivu:rw] [375/407] Building C object zephyr/kernel/CMakeFiles/kernel.dir/main_weak.c.obj
[xivu:ro] [255/407] Building C object CMakeFiles/app.dir/mnt/host/source/src/platform/ec/build/zephyr/xivu/modules/ec/common/base32.c.obj
[xivu:rw] [376/407] Linking C static library modules/ec/zephyr/libec_shim.a
[xivu:rw] [377/407] Building C object zephyr/kernel/CMakeFiles/kernel.dir/banner.c.obj
[xivu:ro] [256/407] Building C object CMakeFiles/app.dir/mnt/host/source/src/platform/ec/build/zephyr/xivu/modules/ec/builtin/stdlib.c.obj
[/mnt/host/source/src/platform/ec/build/zephyr/matsu-lcov]   /mnt/host/source/src/platform/ec/build/zephyr/matsu/build-rw/zephyr/CMakeFiles/zephyr.dir/lib/utils/last_section_id.c.gcno:no functions found
[/mnt/host/source/src/platform/ec/build/zephyr/matsu-lcov] stderr:
[moonstone:ro] [49/391] Building C object CMakeFiles/app.dir/mnt/host/source/src/platform/ec/zephyr/subsys/pd_controller/pdc_stub.c.obj
[xivu:rw] [378/407] Building C object zephyr/kernel/CMakeFiles/kernel.dir/busy_wait.c.obj
[moonstone:rw] [97/391] Building C object CMakeFiles/app.dir/mnt/host/source/src/platform/ec/build/zephyr/moonstone/modules/ec/common/uptime.c.obj
[xivu:rw] [379/407] Building C object zephyr/kernel/CMakeFiles/kernel.dir/device.c.obj
[moonstone:rw] [98/391] Building C object CMakeFiles/app.dir/mnt/host/source/src/platform/ec/build/zephyr/moonstone/modules/ec/common/i2c_controller.c.obj
[xivu:ro] [257/407] Building C object CMakeFiles/app.dir/mnt/host/source/src/platform/ec/build/zephyr/xivu/modules/ec/common/console_output.c.obj
[xivu:ro] [258/407] Building C object CMakeFiles/app.dir/mnt/host/source/src/platform/ec/build/zephyr/xivu/modules/ec/common/ec_features.c.obj
[xivu:rw] [380/407] Building C object zephyr/kernel/CMakeFiles/kernel.dir/errno.c.obj
[xivu:ro] [259/407] Building C object CMakeFiles/app.dir/mnt/host/source/src/platform/ec/build/zephyr/xivu/modules/ec/common/gpio_commands.c.obj
[xivu:rw] [381/407] Building C object zephyr/kernel/CMakeFiles/kernel.dir/fatal.c.obj
[xivu:ro] [260/407] Building C object CMakeFiles/app.dir/mnt/host/source/src/platform/ec/build/zephyr/xivu/modules/ec/common/peripheral.c.obj
[xivu:rw] [382/407] Building C object zephyr/kernel/CMakeFiles/kernel.dir/version.c.obj
[xivu:ro] [261/407] Building C object CMakeFiles/app.dir/mnt/host/source/src/platform/ec/build/zephyr/xivu/modules/ec/common/printf.c.obj
[xivu:rw] [383/407] Building C object zephyr/kernel/CMakeFiles/kernel.dir/init.c.obj
[moonstone:ro] [50/391] Building C object CMakeFiles/app.dir/mnt/host/source/src/platform/ec/zephyr/subsys/pd_controller/pdc_dpm.c.obj
[xivu:rw] [384/407] Building C object zephyr/kernel/CMakeFiles/kernel.dir/kheap.c.obj
[xivu:rw] [385/407] Building C object zephyr/kernel/CMakeFiles/kernel.dir/mem_slab.c.obj
[moonstone:ro] [51/391] Building C object CMakeFiles/app.dir/mnt/host/source/src/platform/ec/zephyr/subsys/pd_controller/pdc_runtime_port_config.c.obj
[/mnt/host/source/src/platform/ec/build/zephyr/tentacruel-lcov]   /mnt/host/source/src/platform/ec/build/zephyr/tentacruel/build-rw/zephyr/CMakeFiles/zephyr.dir/soc/ite/ec/it8xxx2/check_regs.c.gcno:no functions found
[/mnt/host/source/src/platform/ec/build/zephyr/tentacruel-lcov] Filter suppressions 'region':
[moonstone:rw] [99/391] Building C object CMakeFiles/app.dir/mnt/host/source/src/platform/ec/build/zephyr/moonstone/modules/ec/common/i2c_passthru.c.obj
[xivu:rw] [386/407] Building C object zephyr/kernel/CMakeFiles/kernel.dir/float.c.obj
[/mnt/host/source/src/platform/ec/build/zephyr/tentacruel-lcov]     36 instances
[/mnt/host/source/src/platform/ec/build/zephyr/tentacruel-lcov]     22 coverpoints
[/mnt/host/source/src/platform/ec/build/zephyr/tentacruel-lcov] Message summary:
[/mnt/host/source/src/platform/ec/build/zephyr/tentacruel-lcov]   35 ignore messages:
[/mnt/host/source/src/platform/ec/build/zephyr/tentacruel-lcov]     gcov: 35
[xivu:ro] [262/407] Building C object CMakeFiles/app.dir/mnt/host/source/src/platform/ec/build/zephyr/xivu/modules/ec/common/queue.c.obj
[xivu:ro] [263/407] Building C object CMakeFiles/app.dir/mnt/host/source/src/platform/ec/build/zephyr/xivu/modules/ec/common/system_boot_time.c.obj
[moonstone:rw] [100/391] Building C object CMakeFiles/app.dir/mnt/host/source/src/platform/ec/build/zephyr/moonstone/modules/ec/common/keyboard_8042.c.obj
[xivu:rw] [387/407] Building C object zephyr/kernel/CMakeFiles/kernel.dir/idle.c.obj
[xivu:ro] [264/407] Building C object CMakeFiles/app.dir/mnt/host/source/src/platform/ec/build/zephyr/xivu/modules/ec/common/system.c.obj
[xivu:ro] [265/407] Building C object CMakeFiles/app.dir/mnt/host/source/src/platform/ec/build/zephyr/xivu/modules/ec/common/uart_printf.c.obj
[xivu:rw] [388/407] Building C object zephyr/kernel/CMakeFiles/kernel.dir/msg_q.c.obj
[xivu:ro] [266/407] Building C object CMakeFiles/app.dir/mnt/host/source/src/platform/ec/build/zephyr/xivu/modules/ec/common/util.c.obj
[xivu:rw] [389/407] Building C object zephyr/kernel/CMakeFiles/kernel.dir/mailbox.c.obj
[xivu:rw] [390/407] Building C object zephyr/kernel/CMakeFiles/kernel.dir/mutex.c.obj
[moonstone:ro] [52/391] Building C object CMakeFiles/app.dir/mnt/host/source/src/platform/ec/zephyr/subsys/ucsi/ppm_common.c.obj
[xivu:rw] [391/407] Building C object zephyr/kernel/CMakeFiles/kernel.dir/queue.c.obj
[xivu:ro] [267/407] Building C object CMakeFiles/app.dir/mnt/host/source/src/platform/ec/build/zephyr/xivu/modules/ec/common/version.c.obj
[moonstone:rw] [101/391] Building C object CMakeFiles/app.dir/mnt/host/source/src/platform/ec/build/zephyr/moonstone/modules/ec/common/keyboard_8042_sharedlib.c.obj
[moonstone:ro] [53/391] Building C object CMakeFiles/app.dir/mnt/host/source/src/platform/ec/zephyr/subsys/ucsi/ppm_console.c.obj
[xivu:rw] [392/407] Building C object zephyr/kernel/CMakeFiles/kernel.dir/stack.c.obj
[xivu:rw] [393/407] Building C object zephyr/kernel/CMakeFiles/kernel.dir/sem.c.obj
[xivu:ro] [268/407] Building C object CMakeFiles/app.dir/mnt/host/source/src/platform/ec/build/zephyr/xivu/modules/ec/common/power_button_x86.c.obj
[moonstone:rw] [102/391] Building C object CMakeFiles/app.dir/mnt/host/source/src/platform/ec/build/zephyr/moonstone/modules/ec/common/mkbp_fifo.c.obj
[xivu:ro] [269/407] Building C object CMakeFiles/app.dir/mnt/host/source/src/platform/ec/build/zephyr/xivu/modules/ec/driver/accel_bma4xx.c.obj
[xivu:ro] [270/407] Building C object CMakeFiles/app.dir/mnt/host/source/src/platform/ec/build/zephyr/xivu/modules/ec/driver/accel_lis2dw12.c.obj
[xivu:rw] [394/407] Building C object zephyr/kernel/CMakeFiles/kernel.dir/system_work_q.c.obj
[xivu:ro] [271/407] Building C object CMakeFiles/app.dir/mnt/host/source/src/platform/ec/build/zephyr/xivu/modules/ec/driver/accelgyro_bmi_common.c.obj
[xivu:rw] [395/407] Building C object zephyr/kernel/CMakeFiles/kernel.dir/work.c.obj
[xivu:ro] [272/407] Building C object CMakeFiles/app.dir/mnt/host/source/src/platform/ec/build/zephyr/xivu/modules/ec/driver/accelgyro_bmi3xx.c.obj
[xivu:rw] [396/407] Building C object zephyr/kernel/CMakeFiles/kernel.dir/condvar.c.obj
[moonstone:ro] [54/391] Building C object CMakeFiles/app.dir/mnt/host/source/src/platform/ec/zephyr/subsys/ucsi/ppm_driver.c.obj
[moonstone:rw] [103/391] Building C object CMakeFiles/app.dir/mnt/host/source/src/platform/ec/build/zephyr/moonstone/modules/ec/common/mkbp_info.c.obj
[xivu:ro] [273/407] Building C object CMakeFiles/app.dir/mnt/host/source/src/platform/ec/build/zephyr/xivu/modules/ec/driver/accelgyro_lsm6dso.c.obj
[moonstone:ro] [55/391] Building C object CMakeFiles/app.dir/mnt/host/source/src/platform/ec/zephyr/subsys/ucsi/ucsi_host_cmd.c.obj
[xivu:rw] [397/407] Building C object zephyr/kernel/CMakeFiles/kernel.dir/thread.c.obj
[xivu:rw] [398/407] Building C object zephyr/kernel/CMakeFiles/kernel.dir/sched.c.obj
[xivu:rw] [399/407] Building C object zephyr/kernel/CMakeFiles/kernel.dir/pipe.c.obj
[xivu:ro] [274/407] Building C object CMakeFiles/app.dir/mnt/host/source/src/platform/ec/build/zephyr/xivu/modules/ec/common/motion_sense_fifo.c.obj
[moonstone:rw] [104/391] Building C object CMakeFiles/app.dir/mnt/host/source/src/platform/ec/build/zephyr/moonstone/modules/ec/common/mkbp_input_devices.c.obj
[xivu:ro] [275/407] Building C object CMakeFiles/app.dir/mnt/host/source/src/platform/ec/build/zephyr/xivu/modules/ec/common/adc.c.obj
[xivu:rw] [400/407] Building C object zephyr/kernel/CMakeFiles/kernel.dir/thread_monitor.c.obj
[xivu:rw] [401/407] Building C object zephyr/kernel/CMakeFiles/kernel.dir/timeout.c.obj
[xivu:ro] [276/407] Building C object CMakeFiles/app.dir/mnt/host/source/src/platform/ec/build/zephyr/xivu/modules/ec/common/acpi.c.obj
[xivu:ro] [277/407] Building C object CMakeFiles/app.dir/mnt/host/source/src/platform/ec/build/zephyr/xivu/modules/ec/common/backlight_lid.c.obj
[xivu:ro] [278/407] Building C object CMakeFiles/app.dir/mnt/host/source/src/platform/ec/build/zephyr/xivu/modules/ec/common/battery.c.obj
[moonstone:ro] [56/391] Building C object CMakeFiles/app.dir/mnt/host/source/src/platform/ec/build/zephyr/moonstone/modules/ec/builtin/stdlib.c.obj
[moonstone:rw] [105/391] Building C object CMakeFiles/app.dir/mnt/host/source/src/platform/ec/build/zephyr/moonstone/modules/ec/common/keyboard_backlight.c.obj
[moonstone:ro] [57/391] Building C object CMakeFiles/app.dir/mnt/host/source/src/platform/ec/build/zephyr/moonstone/modules/ec/common/base32.c.obj
[xivu:ro] [279/407] Building C object CMakeFiles/app.dir/mnt/host/source/src/platform/ec/build/zephyr/xivu/modules/ec/common/battery_info.c.obj
[xivu:rw] [402/407] Building C object zephyr/kernel/CMakeFiles/kernel.dir/timer.c.obj
[xivu:rw] [403/407] Building C object zephyr/kernel/CMakeFiles/kernel.dir/events.c.obj
[xivu:rw] [404/407] Building C object zephyr/kernel/CMakeFiles/kernel.dir/mempool.c.obj
[xivu:rw] [405/407] Building C object zephyr/kernel/CMakeFiles/kernel.dir/dynamic_disabled.c.obj
[xivu:rw] [406/407] Building C object zephyr/kernel/CMakeFiles/kernel.dir/poll.c.obj
[xivu:ro] [280/407] Building C object CMakeFiles/app.dir/mnt/host/source/src/platform/ec/build/zephyr/xivu/modules/ec/common/battery_fuel_gauge.c.obj
[xivu:ro] [281/407] Building C object CMakeFiles/app.dir/mnt/host/source/src/platform/ec/build/zephyr/xivu/modules/ec/driver/battery/smart.c.obj
[xivu:rw] [407/407] Linking C static library zephyr/kernel/libkernel.a
[moonstone:rw] [106/391] Building C object CMakeFiles/app.dir/mnt/host/source/src/platform/ec/build/zephyr/moonstone/modules/ec/common/led_common.c.obj
[xivu:ro] [282/407] Building C object CMakeFiles/app.dir/mnt/host/source/src/platform/ec/build/zephyr/xivu/modules/ec/driver/bc12/pi3usb9201.c.obj
[moonstone:ro] [58/391] Building C object CMakeFiles/app.dir/mnt/host/source/src/platform/ec/build/zephyr/moonstone/modules/ec/common/console_output.c.obj
[xivu:ro] [283/407] Building C object CMakeFiles/app.dir/mnt/host/source/src/platform/ec/build/zephyr/xivu/modules/ec/common/charger.c.obj
[xivu:ro] [284/407] Building C object CMakeFiles/app.dir/mnt/host/source/src/platform/ec/build/zephyr/xivu/modules/ec/driver/charger/isl923x.c.obj
[moonstone:rw] [107/391] Building C object CMakeFiles/app.dir/mnt/host/source/src/platform/ec/build/zephyr/moonstone/modules/ec/common/lid_switch.c.obj
[moonstone:ro] [59/391] Building C object CMakeFiles/app.dir/mnt/host/source/src/platform/ec/build/zephyr/moonstone/modules/ec/common/ec_features.c.obj
[xivu:ro] [285/407] Building C object CMakeFiles/app.dir/mnt/host/source/src/platform/ec/build/zephyr/xivu/modules/ec/common/ocpc.c.obj
[xivu:ro] [286/407] Building C object CMakeFiles/app.dir/mnt/host/source/src/platform/ec/build/zephyr/xivu/modules/ec/common/cbi_common.c.obj
[xivu:ro] [287/407] Building C object CMakeFiles/app.dir/mnt/host/source/src/platform/ec/build/zephyr/xivu/modules/ec/common/charge_state.c.obj
[xivu:ro] [288/407] Building C object CMakeFiles/app.dir/mnt/host/source/src/platform/ec/build/zephyr/xivu/modules/ec/common/cbi.c.obj
[xivu:ro] [289/407] Building C object CMakeFiles/app.dir/mnt/host/source/src/platform/ec/build/zephyr/xivu/modules/ec/common/cbi_config.c.obj
[xivu:ro] [290/407] Building C object CMakeFiles/app.dir/mnt/host/source/src/platform/ec/build/zephyr/xivu/modules/ec/common/dptf.c.obj
[xivu:ro] [291/407] Building C object CMakeFiles/app.dir/mnt/host/source/src/platform/ec/build/zephyr/xivu/modules/ec/common/charge_manager.c.obj
[moonstone:ro] [60/391] Building C object CMakeFiles/app.dir/mnt/host/source/src/platform/ec/build/zephyr/moonstone/modules/ec/common/gpio_commands.c.obj
[moonstone:rw] [108/391] Building C object CMakeFiles/app.dir/mnt/host/source/src/platform/ec/build/zephyr/moonstone/modules/ec/common/mkbp_event.c.obj
[xivu:ro] [292/407] Building C object CMakeFiles/app.dir/mnt/host/source/src/platform/ec/build/zephyr/xivu/modules/ec/common/ap_reset_log.c.obj
[xivu:ro] [293/407] Building C object CMakeFiles/app.dir/mnt/host/source/src/platform/ec/build/zephyr/xivu/modules/ec/common/espi.c.obj
[moonstone:ro] [61/391] Building C object CMakeFiles/app.dir/mnt/host/source/src/platform/ec/build/zephyr/moonstone/modules/ec/common/peripheral.c.obj
[moonstone:rw] [109/391] Building C object CMakeFiles/app.dir/mnt/host/source/src/platform/ec/build/zephyr/moonstone/modules/ec/common/port80.c.obj
[xivu:ro] [294/407] Building C object CMakeFiles/app.dir/mnt/host/source/src/platform/ec/build/zephyr/xivu/modules/ec/common/extpower_common.c.obj
[moonstone:ro] [62/391] Building C object CMakeFiles/app.dir/mnt/host/source/src/platform/ec/build/zephyr/moonstone/modules/ec/common/printf.c.obj
[xivu:ro] [295/407] Building C object CMakeFiles/app.dir/mnt/host/source/src/platform/ec/build/zephyr/xivu/modules/ec/common/host_command_task.c.obj
[xivu:ro] [296/407] Building C object CMakeFiles/app.dir/mnt/host/source/src/platform/ec/build/zephyr/xivu/modules/ec/common/host_command.c.obj
[xivu:ro] [297/407] Building C object CMakeFiles/app.dir/mnt/host/source/src/platform/ec/build/zephyr/xivu/modules/ec/common/flash.c.obj
[xivu:ro] [298/407] Building C object CMakeFiles/app.dir/mnt/host/source/src/platform/ec/build/zephyr/xivu/modules/ec/common/host_event_commands.c.obj
[moonstone:ro] [63/391] Building C object CMakeFiles/app.dir/mnt/host/source/src/platform/ec/build/zephyr/moonstone/modules/ec/common/queue.c.obj
[xivu:ro] [299/407] Building C object CMakeFiles/app.dir/mnt/host/source/src/platform/ec/build/zephyr/xivu/modules/ec/common/uart_hostcmd.c.obj
[xivu:ro] [300/407] Building C object CMakeFiles/app.dir/mnt/host/source/src/platform/ec/build/zephyr/xivu/modules/ec/common/uptime.c.obj
[moonstone:rw] [110/391] Building C object CMakeFiles/app.dir/mnt/host/source/src/platform/ec/build/zephyr/moonstone/modules/ec/common/power_button.c.obj
[xivu:ro] [301/407] Building C object CMakeFiles/app.dir/mnt/host/source/src/platform/ec/build/zephyr/xivu/modules/ec/common/i2c_controller.c.obj
[xivu:ro] [302/407] Building C object CMakeFiles/app.dir/mnt/host/source/src/platform/ec/build/zephyr/xivu/modules/ec/common/i2c_passthru.c.obj
[xivu:ro] [303/407] Building C object CMakeFiles/app.dir/mnt/host/source/src/platform/ec/build/zephyr/xivu/modules/ec/common/keyboard_scan.c.obj
[moonstone:rw] [111/391] Building C object CMakeFiles/app.dir/mnt/host/source/src/platform/ec/build/zephyr/moonstone/modules/ec/power/hibernate.c.obj
[xivu:ro] [304/407] Building C object CMakeFiles/app.dir/mnt/host/source/src/platform/ec/build/zephyr/xivu/modules/ec/common/keyboard_8042.c.obj
[moonstone:ro] [64/391] Building C object CMakeFiles/app.dir/mnt/host/source/src/platform/ec/build/zephyr/moonstone/modules/ec/common/system.c.obj
[moonstone:ro] [65/391] Building C object CMakeFiles/app.dir/mnt/host/source/src/platform/ec/build/zephyr/moonstone/modules/ec/common/system_boot_time.c.obj
[xivu:ro] [305/407] Building C object CMakeFiles/app.dir/mnt/host/source/src/platform/ec/build/zephyr/xivu/modules/ec/common/mkbp_fifo.c.obj
[xivu:ro] [306/407] Building C object CMakeFiles/app.dir/mnt/host/source/src/platform/ec/build/zephyr/xivu/modules/ec/common/keyboard_8042_sharedlib.c.obj
[moonstone:ro] [66/391] Building C object CMakeFiles/app.dir/mnt/host/source/src/platform/ec/build/zephyr/moonstone/modules/ec/common/uart_printf.c.obj
[xivu:ro] [307/407] Building C object CMakeFiles/app.dir/mnt/host/source/src/platform/ec/build/zephyr/xivu/modules/ec/common/mkbp_info.c.obj
[xivu:ro] [308/407] Building C object CMakeFiles/app.dir/mnt/host/source/src/platform/ec/build/zephyr/xivu/modules/ec/common/mkbp_input_devices.c.obj
[xivu:ro] [309/407] Building C object CMakeFiles/app.dir/mnt/host/source/src/platform/ec/build/zephyr/xivu/modules/ec/common/motion_lid.c.obj
[xivu:ro] [310/407] Building C object CMakeFiles/app.dir/mnt/host/source/src/platform/ec/build/zephyr/xivu/modules/ec/common/lid_angle.c.obj
[xivu:ro] [311/407] Building C object CMakeFiles/app.dir/mnt/host/source/src/platform/ec/build/zephyr/xivu/modules/ec/common/led_common.c.obj
[xivu:ro] [312/407] Building C object CMakeFiles/app.dir/mnt/host/source/src/platform/ec/build/zephyr/xivu/modules/ec/common/lid_angle_keyboard_policy.c.obj
[moonstone:rw] [112/391] Building C object CMakeFiles/app.dir/mnt/host/source/src/platform/ec/build/zephyr/moonstone/modules/ec/common/panic_output.c.obj
[xivu:ro] [313/407] Building C object CMakeFiles/app.dir/mnt/host/source/src/platform/ec/build/zephyr/xivu/modules/ec/common/lid_switch.c.obj
[xivu:ro] [314/407] Building C object CMakeFiles/app.dir/mnt/host/source/src/platform/ec/build/zephyr/xivu/modules/ec/common/mkbp_event.c.obj
[moonstone:rw] [113/391] Building C object CMakeFiles/app.dir/mnt/host/source/src/platform/ec/build/zephyr/moonstone/modules/ec/common/shared_mem.c.obj
[moonstone:ro] [67/391] Building C object CMakeFiles/app.dir/mnt/host/source/src/platform/ec/build/zephyr/moonstone/modules/ec/common/util.c.obj
[moonstone:ro] [68/391] Building C object CMakeFiles/app.dir/mnt/host/source/src/platform/ec/build/zephyr/moonstone/modules/ec/common/version.c.obj
[xivu:ro] [315/407] Building C object CMakeFiles/app.dir/mnt/host/source/src/platform/ec/build/zephyr/xivu/modules/ec/common/port80.c.obj
[moonstone:ro] [69/391] Building C object CMakeFiles/app.dir/mnt/host/source/src/platform/ec/build/zephyr/moonstone/modules/ec/common/power_button_x86.c.obj
[xivu:ro] [316/407] Building C object CMakeFiles/app.dir/mnt/host/source/src/platform/ec/build/zephyr/xivu/modules/ec/common/sha256.c.obj
[xivu:ro] [317/407] Building C object CMakeFiles/app.dir/mnt/host/source/src/platform/ec/build/zephyr/xivu/modules/ec/common/power_button.c.obj
[xivu:ro] [318/407] Building C object CMakeFiles/app.dir/mnt/host/source/src/platform/ec/build/zephyr/xivu/modules/ec/common/switch.c.obj
[xivu:ro] [319/407] Building C object CMakeFiles/app.dir/mnt/host/source/src/platform/ec/build/zephyr/xivu/modules/ec/power/hibernate.c.obj
[xivu:ro] [320/407] Building C object CMakeFiles/app.dir/mnt/host/source/src/platform/ec/build/zephyr/xivu/modules/ec/common/panic_output.c.obj
[moonstone:rw] [114/391] Building C object CMakeFiles/app.dir/mnt/host/source/src/platform/ec/build/zephyr/moonstone/modules/ec/common/switch.c.obj
[xivu:ro] [321/407] Building C object CMakeFiles/app.dir/mnt/host/source/src/platform/ec/build/zephyr/xivu/modules/ec/common/motion_sense.c.obj
[xivu:ro] [322/407] Building C object CMakeFiles/app.dir/mnt/host/source/src/platform/ec/build/zephyr/xivu/modules/ec/common/shared_mem.c.obj
[xivu:ro] [323/407] Building C object CMakeFiles/app.dir/mnt/host/source/src/platform/ec/build/zephyr/xivu/modules/ec/driver/stm_mems_common.c.obj
[xivu:ro] [324/407] Building C object CMakeFiles/app.dir/mnt/host/source/src/platform/ec/build/zephyr/xivu/modules/ec/common/spi_flash_reg.c.obj
[moonstone:rw] [115/391] Building C object CMakeFiles/app.dir/mnt/host/source/src/platform/ec/build/zephyr/moonstone/modules/ec/common/thermal.c.obj
[moonstone:ro] [70/391] Building C object CMakeFiles/app.dir/mnt/host/source/src/platform/ec/build/zephyr/moonstone/modules/ec/common/adc.c.obj
[moonstone:ro] [71/391] Building C object CMakeFiles/app.dir/mnt/host/source/src/platform/ec/build/zephyr/moonstone/modules/ec/common/acpi.c.obj
[xivu:ro] [325/407] Building C object CMakeFiles/app.dir/mnt/host/source/src/platform/ec/build/zephyr/xivu/modules/ec/common/tablet_mode.c.obj
[moonstone:ro] [72/391] Building C object CMakeFiles/app.dir/mnt/host/source/src/platform/ec/build/zephyr/moonstone/modules/ec/common/backlight_lid.c.obj
[xivu:ro] [326/407] Building C object CMakeFiles/app.dir/mnt/host/source/src/platform/ec/build/zephyr/xivu/modules/ec/common/thermal.c.obj
[xivu:ro] [327/407] Building C object CMakeFiles/app.dir/mnt/host/source/src/platform/ec/build/zephyr/xivu/modules/ec/driver/temp_sensor/thermistor.c.obj
[moonstone:rw] [116/391] Building C object CMakeFiles/app.dir/mnt/host/source/src/platform/ec/build/zephyr/moonstone/modules/ec/common/temp_sensor.c.obj
[xivu:ro] [328/407] Building C object CMakeFiles/app.dir/mnt/host/source/src/platform/ec/build/zephyr/xivu/modules/ec/common/throttle_ap.c.obj
[xivu:ro] [329/407] Building C object CMakeFiles/app.dir/mnt/host/source/src/platform/ec/build/zephyr/xivu/modules/ec/common/timer.c.obj
[xivu:ro] [330/407] Building C object CMakeFiles/app.dir/mnt/host/source/src/platform/ec/build/zephyr/xivu/modules/ec/common/temp_sensor.c.obj
[xivu:ro] [331/407] Building C object CMakeFiles/app.dir/mnt/host/source/src/platform/ec/build/zephyr/xivu/modules/ec/common/usb_port_power_smart.c.obj
[xivu:ro] [332/407] Building C object CMakeFiles/app.dir/mnt/host/source/src/platform/ec/build/zephyr/xivu/modules/ec/common/usb_charger.c.obj
[xivu:ro] [333/407] Building C object CMakeFiles/app.dir/mnt/host/source/src/platform/ec/build/zephyr/xivu/modules/ec/common/typec_control.c.obj
[xivu:ro] [334/407] Building C object CMakeFiles/app.dir/mnt/host/source/src/platform/ec/build/zephyr/xivu/modules/ec/common/usb_common.c.obj
[moonstone:rw] [117/391] Building C object CMakeFiles/app.dir/mnt/host/source/src/platform/ec/build/zephyr/moonstone/modules/ec/driver/temp_sensor/thermistor.c.obj
[xivu:ro] [335/407] Building C object CMakeFiles/app.dir/mnt/host/source/src/platform/ec/build/zephyr/xivu/modules/ec/common/usb_pd_pdo.c.obj
[/mnt/host/source/src/platform/ec/build/zephyr/matsu-lcov]   /mnt/host/source/src/platform/ec/build/zephyr/matsu/build-rw/zephyr/CMakeFiles/zephyr.dir/soc/ite/ec/it8xxx2/check_regs.c.gcno:no functions found
[/mnt/host/source/src/platform/ec/build/zephyr/matsu-lcov] stderr:
[moonstone:ro] [73/391] Building C object CMakeFiles/app.dir/mnt/host/source/src/platform/ec/build/zephyr/moonstone/modules/ec/common/battery_fuel_gauge.c.obj
[moonstone:ro] [74/391] Building C object CMakeFiles/app.dir/mnt/host/source/src/platform/ec/build/zephyr/moonstone/modules/ec/common/battery.c.obj
[moonstone:ro] [75/391] Building C object CMakeFiles/app.dir/mnt/host/source/src/platform/ec/build/zephyr/moonstone/modules/ec/common/battery_info.c.obj
[xivu:ro] [336/407] Building C object CMakeFiles/app.dir/mnt/host/source/src/platform/ec/build/zephyr/xivu/modules/ec/common/usbc/usbc_task.c.obj
[xivu:ro] [337/407] Building C object CMakeFiles/app.dir/mnt/host/source/src/platform/ec/build/zephyr/xivu/modules/ec/common/usbc_utils.c.obj
[xivu:ro] [338/407] Building C object CMakeFiles/app.dir/mnt/host/source/src/platform/ec/build/zephyr/xivu/modules/ec/common/usbc_intr_task.c.obj
[xivu:ro] [339/407] Building C object CMakeFiles/app.dir/mnt/host/source/src/platform/ec/build/zephyr/xivu/modules/ec/common/chargen.c.obj
[xivu:ro] [340/407] Building C object CMakeFiles/app.dir/mnt/host/source/src/platform/ec/build/zephyr/xivu/modules/ec/common/usb_pd_flags.c.obj
[moonstone:rw] [118/391] Building C object CMakeFiles/app.dir/mnt/host/source/src/platform/ec/build/zephyr/moonstone/modules/ec/common/timer.c.obj
[xivu:ro] [341/407] Building C object CMakeFiles/app.dir/mnt/host/source/src/platform/ec/build/zephyr/xivu/modules/ec/common/usbc/usb_pd_timer.c.obj
[xivu:ro] [342/407] Building C object CMakeFiles/app.dir/mnt/host/source/src/platform/ec/build/zephyr/xivu/modules/ec/common/usbc/usb_sm.c.obj
[xivu:ro] [343/407] Building C object CMakeFiles/app.dir/mnt/host/source/src/platform/ec/build/zephyr/xivu/modules/ec/common/usbc/usb_pd_console.c.obj
[moonstone:rw] [119/391] Building C object CMakeFiles/app.dir/mnt/host/source/src/platform/ec/build/zephyr/moonstone/modules/ec/common/usb_port_power_dumb.c.obj
[xivu:ro] [344/407] Building C object CMakeFiles/app.dir/mnt/host/source/src/platform/ec/build/zephyr/xivu/modules/ec/driver/retimer/anx7483.c.obj
[xivu:ro] [345/407] Building C object CMakeFiles/app.dir/mnt/host/source/src/platform/ec/build/zephyr/xivu/modules/ec/driver/usb_mux/usb_mux.c.obj
[moonstone:rw] [120/391] Building C object CMakeFiles/app.dir/mnt/host/source/src/platform/ec/build/zephyr/moonstone/modules/ec/common/usbc_utils.c.obj
[xivu:ro] [346/407] Building C object CMakeFiles/app.dir/mnt/host/source/src/platform/ec/build/zephyr/xivu/modules/ec/driver/usb_mux/virtual.c.obj
[moonstone:ro] [76/391] Building C object CMakeFiles/app.dir/mnt/host/source/src/platform/ec/build/zephyr/moonstone/modules/ec/driver/charger/isl9241.c.obj
[moonstone:ro] [77/391] Building C object CMakeFiles/app.dir/mnt/host/source/src/platform/ec/build/zephyr/moonstone/modules/ec/driver/battery/smart.c.obj
[moonstone:ro] [78/391] Building C object CMakeFiles/app.dir/mnt/host/source/src/platform/ec/build/zephyr/moonstone/modules/ec/driver/charger/isl923x.c.obj
[xivu:ro] [347/407] Building C object CMakeFiles/app.dir/mnt/host/source/src/platform/ec/build/zephyr/xivu/modules/ec/common/usbc/usbc_pd_policy.c.obj
[xivu:ro] [348/407] Building C object CMakeFiles/app.dir/mnt/host/source/src/platform/ec/build/zephyr/xivu/modules/ec/common/usbc/usb_prl_sm.c.obj
[xivu:ro] [349/407] Building C object CMakeFiles/app.dir/mnt/host/source/src/platform/ec/build/zephyr/xivu/modules/ec/common/usbc/usb_pd_dpm.c.obj
[xivu:ro] [350/407] Building C object CMakeFiles/app.dir/mnt/host/source/src/platform/ec/build/zephyr/xivu/modules/ec/common/usbc/usb_tc_drp_acc_trysrc_sm.c.obj
[xivu:ro] [351/407] Building C object CMakeFiles/app.dir/mnt/host/source/src/platform/ec/build/zephyr/xivu/modules/ec/common/usbc/dp_alt_mode.c.obj
[xivu:ro] [352/407] Building C object CMakeFiles/app.dir/mnt/host/source/src/platform/ec/build/zephyr/xivu/modules/ec/common/usb_pd_console_cmd.c.obj
[xivu:ro] [353/407] Building C object CMakeFiles/app.dir/mnt/host/source/src/platform/ec/build/zephyr/xivu/modules/ec/common/usbc/usb_pe_drp_sm.c.obj
[xivu:ro] [354/407] Building C object CMakeFiles/app.dir/mnt/host/source/src/platform/ec/build/zephyr/xivu/modules/ec/common/usb_pd_host_cmd.c.obj
[/mnt/host/source/src/platform/ec/build/zephyr/matsu-lcov]   /mnt/host/source/src/platform/ec/build/zephyr/matsu/build-rw/zephyr/drivers/sensor/CMakeFiles/drivers__sensor.dir/mnt/host/source/src/third_party/zephyr/main/misc/empty_file.c.gcno:no functions found
[/mnt/host/source/src/platform/ec/build/zephyr/matsu-lcov] stderr:
[xivu:ro] [355/407] Building C object CMakeFiles/app.dir/mnt/host/source/src/platform/ec/build/zephyr/xivu/modules/ec/common/usbc/usb_pd_host.c.obj
[moonstone:rw] [121/391] Building C object CMakeFiles/app.dir/mnt/host/source/src/platform/ec/build/zephyr/moonstone/modules/ec/common/usb_common.c.obj
[xivu:ro] [356/407] Building C object CMakeFiles/app.dir/mnt/host/source/src/platform/ec/build/zephyr/xivu/modules/ec/zephyr/shim/src/tcpc.c.obj
[moonstone:rw] [122/391] Building C object CMakeFiles/app.dir/mnt/host/source/src/platform/ec/build/zephyr/moonstone/modules/ec/common/usb_pd_host_cmd_common.c.obj
[xivu:ro] [357/407] Building C object CMakeFiles/app.dir/mnt/host/source/src/platform/ec/build/zephyr/xivu/modules/ec/common/usb_pd_host_cmd_common.c.obj
[xivu:ro] [358/407] Building C object CMakeFiles/app.dir/mnt/host/source/src/platform/ec/build/zephyr/xivu/modules/ec/common/usbc/svdm_rsp_dfp_only.c.obj
[xivu:ro] [359/407] Building C object CMakeFiles/app.dir/mnt/host/source/src/platform/ec/build/zephyr/xivu/modules/ec/common/usbc_ocp.c.obj
[xivu:ro] [360/407] Building C object CMakeFiles/app.dir/mnt/host/source/src/platform/ec/build/zephyr/xivu/modules/ec/common/usb_pd_dual_role.c.obj
[moonstone:ro] [79/391] Building C object CMakeFiles/app.dir/mnt/host/source/src/platform/ec/build/zephyr/moonstone/modules/ec/common/charger.c.obj
[xivu:ro] [361/407] Building C object CMakeFiles/app.dir/mnt/host/source/src/platform/ec/build/zephyr/xivu/modules/ec/common/usb_pd_discovery.c.obj
[xivu:ro] [362/407] Building C object CMakeFiles/app.dir/mnt/host/source/src/platform/ec/build/zephyr/xivu/modules/ec/driver/tcpm/raa489000.c.obj
[moonstone:ro] [80/391] Building C object CMakeFiles/app.dir/mnt/host/source/src/platform/ec/build/zephyr/moonstone/modules/ec/common/charge_state.c.obj
[moonstone:ro] [81/391] Building C object CMakeFiles/app.dir/mnt/host/source/src/platform/ec/build/zephyr/moonstone/modules/ec/common/charge_manager.c.obj
[xivu:ro] [363/407] Building C object CMakeFiles/app.dir/mnt/host/source/src/platform/ec/build/zephyr/xivu/modules/ec/common/vboot_hash.c.obj
[xivu:ro] [364/407] Building C object CMakeFiles/app.dir/mnt/host/source/src/platform/ec/build/zephyr/xivu/modules/ec/common/button.c.obj
[xivu:ro] [365/407] Building C object CMakeFiles/app.dir/mnt/host/source/src/platform/ec/build/zephyr/xivu/modules/ec/driver/tcpm/tcpci.c.obj
[xivu:ro] [366/407] Linking C static library modules/ec/zephyr/libec_shim.a
[moonstone:rw] [123/391] Building C object CMakeFiles/app.dir/mnt/host/source/src/platform/ec/build/zephyr/moonstone/modules/ec/common/vboot_hash.c.obj
[xivu:ro] [367/407] Building C object CMakeFiles/app.dir/mnt/host/source/src/platform/ec/build/zephyr/xivu/modules/ec/common/vboot/efs2.c.obj
[xivu:ro] [368/407] Building C object CMakeFiles/app.dir/mnt/host/source/src/platform/ec/build/zephyr/xivu/modules/ec/common/vstore.c.obj
[moonstone:ro] [82/391] Building C object CMakeFiles/app.dir/mnt/host/source/src/platform/ec/build/zephyr/moonstone/modules/ec/common/cbi_common.c.obj
[moonstone:rw] [124/391] Building C object CMakeFiles/app.dir/mnt/host/source/src/platform/ec/build/zephyr/moonstone/modules/ec/common/button.c.obj
[xivu:ro] [369/407] Building C object CMakeFiles/app.dir/src/board_power.c.obj
[xivu:ro] [370/407] Building C object CMakeFiles/app.dir/src/common.c.obj
[xivu:ro] [371/407] Building C object CMakeFiles/app.dir/mnt/host/source/src/platform/ec/build/zephyr/xivu/modules/ec/common/math_util.c.obj
[xivu:ro] [372/407] Building C object CMakeFiles/app.dir/xivu/src/form_factor.c.obj
[moonstone:ro] [83/391] Building C object CMakeFiles/app.dir/mnt/host/source/src/platform/ec/build/zephyr/moonstone/modules/ec/common/cbi_config.c.obj
[moonstone:ro] [84/391] Building C object CMakeFiles/app.dir/mnt/host/source/src/platform/ec/build/zephyr/moonstone/modules/ec/common/cbi.c.obj
[xivu:ro] [373/407] Building C object CMakeFiles/app.dir/src/sub_board.c.obj
[xivu:ro] [374/407] Building C object zephyr/kernel/CMakeFiles/kernel.dir/banner.c.obj
[xivu:ro] [375/407] Building C object CMakeFiles/app.dir/xivu/src/usbc.c.obj
[xivu:ro] [376/407] Building C object CMakeFiles/app.dir/xivu/src/charger.c.obj
[xivu:ro] [377/407] Building C object zephyr/kernel/CMakeFiles/kernel.dir/version.c.obj
[xivu:ro] [378/407] Building C object zephyr/kernel/CMakeFiles/kernel.dir/busy_wait.c.obj
[moonstone:rw] [125/391] Building C object CMakeFiles/app.dir/mnt/host/source/src/platform/ec/build/zephyr/moonstone/modules/ec/common/vboot/efs2.c.obj
[xivu:ro] [379/407] Building C object zephyr/kernel/CMakeFiles/kernel.dir/device.c.obj
[xivu:ro] [380/407] Linking C static library app/libapp.a
[xivu:ro] [381/407] Building C object zephyr/kernel/CMakeFiles/kernel.dir/errno.c.obj
[moonstone:ro] [85/391] Building C object CMakeFiles/app.dir/mnt/host/source/src/platform/ec/build/zephyr/moonstone/modules/ec/common/memory_commands.c.obj
[xivu:ro] [382/407] Building C object zephyr/kernel/CMakeFiles/kernel.dir/init.c.obj
[xivu:ro] [383/407] Building C object zephyr/kernel/CMakeFiles/kernel.dir/fatal.c.obj
[xivu:ro] [384/407] Building C object zephyr/kernel/CMakeFiles/kernel.dir/kheap.c.obj
[moonstone:rw] [126/391] Building C object CMakeFiles/app.dir/mnt/host/source/src/platform/ec/build/zephyr/moonstone/modules/ec/common/vstore.c.obj
[xivu:ro] [385/407] Building C object zephyr/kernel/CMakeFiles/kernel.dir/mem_slab.c.obj
[xivu:ro] [386/407] Building C object zephyr/kernel/CMakeFiles/kernel.dir/float.c.obj
[moonstone:ro] [86/391] Building C object CMakeFiles/app.dir/mnt/host/source/src/platform/ec/build/zephyr/moonstone/modules/ec/common/dptf.c.obj
[moonstone:ro] [87/391] Building C object CMakeFiles/app.dir/mnt/host/source/src/platform/ec/build/zephyr/moonstone/modules/ec/common/ap_reset_log.c.obj
[xivu:ro] [387/407] Building C object zephyr/kernel/CMakeFiles/kernel.dir/idle.c.obj
[xivu:ro] [388/407] Building C object zephyr/kernel/CMakeFiles/kernel.dir/mailbox.c.obj
[xivu:ro] [389/407] Building C object zephyr/kernel/CMakeFiles/kernel.dir/msg_q.c.obj
[moonstone:rw] [127/391] Building C object CMakeFiles/app.dir/mnt/host/source/src/platform/ec/build/zephyr/moonstone/modules/ec/common/math_util.c.obj
[xivu:ro] [390/407] Building C object zephyr/kernel/CMakeFiles/kernel.dir/queue.c.obj
[xivu:ro] [391/407] Building C object zephyr/kernel/CMakeFiles/kernel.dir/mutex.c.obj
[xivu:ro] [392/407] Building C object zephyr/kernel/CMakeFiles/kernel.dir/system_work_q.c.obj
[moonstone:ro] [88/391] Building C object CMakeFiles/app.dir/mnt/host/source/src/platform/ec/build/zephyr/moonstone/modules/ec/common/espi.c.obj
[xivu:ro] [393/407] Building C object zephyr/kernel/CMakeFiles/kernel.dir/stack.c.obj
[xivu:ro] [394/407] Building C object zephyr/kernel/CMakeFiles/kernel.dir/sem.c.obj
[moonstone:rw] [128/391] Building C object CMakeFiles/app.dir/moonstone/src/alt_charger.c.obj
[xivu:ro] [395/407] Building C object zephyr/kernel/CMakeFiles/kernel.dir/condvar.c.obj
[xivu:ro] [396/407] Building C object zephyr/kernel/CMakeFiles/kernel.dir/work.c.obj
[moonstone:ro] [89/391] Building C object CMakeFiles/app.dir/mnt/host/source/src/platform/ec/build/zephyr/moonstone/modules/ec/common/extpower_common.c.obj
[xivu:ro] [397/407] Building C object zephyr/kernel/CMakeFiles/kernel.dir/thread.c.obj
[/mnt/host/source/src/platform/ec/build/zephyr/matsu-lcov]   /mnt/host/source/src/platform/ec/build/zephyr/matsu/build-rw/zephyr/drivers/syscon/CMakeFiles/drivers__syscon.dir/mnt/host/source/src/third_party/zephyr/main/misc/empty_file.c.gcno:no functions found
[/mnt/host/source/src/platform/ec/build/zephyr/matsu-lcov] Filter suppressions 'region':
[moonstone:ro] [90/391] Building C object CMakeFiles/app.dir/mnt/host/source/src/platform/ec/build/zephyr/moonstone/modules/ec/common/extpower_gpio.c.obj
[/mnt/host/source/src/platform/ec/build/zephyr/matsu-lcov]     155 instances
[/mnt/host/source/src/platform/ec/build/zephyr/matsu-lcov]     240 coverpoints
[/mnt/host/source/src/platform/ec/build/zephyr/matsu-lcov] Message summary:
[/mnt/host/source/src/platform/ec/build/zephyr/matsu-lcov]   28 ignore messages:
[/mnt/host/source/src/platform/ec/build/zephyr/matsu-lcov]     gcov: 28
Running (initial) lcov on /mnt/host/source/src/platform/ec/build/zephyr/francka.
[xivu:ro] [398/407] Building C object zephyr/kernel/CMakeFiles/kernel.dir/thread_monitor.c.obj
[xivu:ro] [399/407] Building C object zephyr/kernel/CMakeFiles/kernel.dir/sched.c.obj
Toolchain <zmake.toolchains.CorebootSdkToolchain object at 0x7f414303bed0> selected by probe function.
[tarkin] Building in /mnt/host/source/src/platform/ec/build/zephyr/tarkin.
[xivu:ro] [400/407] Building C object zephyr/kernel/CMakeFiles/kernel.dir/pipe.c.obj
[xivu:ro] [401/407] Building C object zephyr/kernel/CMakeFiles/kernel.dir/timeout.c.obj
[tarkin:rw] Configuring.
Running `env -i PYTHONPATH=/usr/lib64/python-exec/python3.11:/mnt/host/source/src/platform/ec/zephyr/zmake:/usr/lib/python311.zip:/usr/lib/python3.11:/usr/lib/python3.11/lib-dynload:/usr/lib/python3.11/site-packages PW_PIGWEED_CIPD_INSTALL_DIR=/usr CROSTC_USER_ACKNOWLEDGES_THAT_RISCV_IS_EXPERIMENTAL=1 PATH=/mnt/host/source/chromite/bin:/usr/local/bin:/usr/bin:/bin:/opt/bin:/mnt/host/source/chromite/sdk/bin:/mnt/host/source/chromite/bin HOME=/home/jpmurphy JAVA_HOME=/etc/java-config-2/current-system-vm JDK_HOME=/etc/java-config-2/current-system-vm JAVAC=/etc/java-config-2/current-system-vm/bin/javac MAKEFLAGS=' -j16 --jobserver-auth=5,6' /usr/bin/cmake -S /mnt/host/source/src/platform/ec/zephyr/program/skywalker -B /mnt/host/source/src/platform/ec/build/zephyr/tarkin/build-rw -GNinja -DCMAKE_EXPORT_COMPILE_COMMANDS=ON -DZEPHYR_BASE=/mnt/host/source/src/third_party/zephyr/main -DZMAKE_INCLUDE_DIR=/mnt/host/source/src/platform/ec/build/zephyr/tarkin/include -DPython3_EXECUTABLE=/usr/bin/python3.11 -DDTS_ROOT=/mnt/host/source/src/platform/ec/zephyr -DSYSCALL_INCLUDE_DIRS=/mnt/host/source/src/platform/ec/zephyr/include/drivers -DUSER_CACHE_DIR=/mnt/host/source/src/platform/ec/build/zephyr/user-cache '-DEXTRA_EC_VERSION_FLAGS=--version 16543.0.0 --static' -DTOOLCHAIN_ROOT=/mnt/host/source/src/platform/ec/zephyr -DCOREBOOT_SDK_ROOT_x86=/home/jpmurphy/.cache/coreboot-sdk/i386-elf/dfbb0486385d938cfa9d73080b9d18d598ed4f49 -DCOREBOOT_SDK_ROOT_picolibc_x86=/home/jpmurphy/.cache/coreboot-sdk/picolibc-i386-elf/eb8e8e687b95461de8cbf278f1c2076952d0ad17 -DCOREBOOT_SDK_ROOT_riscv64=/home/jpmurphy/.cache/coreboot-sdk/riscv64-elf/96b949749225b6aaa92ed810ab769e8dfb12f000 -DCOREBOOT_SDK_ROOT_picolibc_arm=/home/jpmurphy/.cache/coreboot-sdk/picolibc-arm-eabi/422a2aa3e1ef891b5bece9a3deb696ff83840d2e -DCOREBOOT_SDK_ROOT_nds32=/home/jpmurphy/.cache/coreboot-sdk/nds32le-elf/d1a518c4a097666d86058e1444f85ca015d15511 -DCOREBOOT_SDK_ROOT_picolibc_riscv64=/home/jpmurphy/.cache/coreboot-sdk/picolibc-riscv64-elf/f571e990ef0278564b31124f8bb109d9a697eb69 -DCOREBOOT_SDK_ROOT_arm=/home/jpmurphy/.cache/coreboot-sdk/arm-eabi/ea40ddd1d190c3b48435c474c0b545719371813a -DCOREBOOT_SDK_ROOT_libstdcxx_riscv64=/home/jpmurphy/.cache/coreboot-sdk/libstdcxx-riscv64-elf/17abf22a3a252e2d5d2062ced5324f7a623689e0 -DCOREBOOT_SDK_ROOT_libstdcxx_arm=/home/jpmurphy/.cache/coreboot-sdk/libstdcxx-arm-eabi/5d7d82e150e44aa1968f1d366e267e6687b328ac -DCOREBOOT_SDK_ROOT_riscv=/home/jpmurphy/.cache/coreboot-sdk/riscv-elf/9a27b9e82341c6e9126624f516ab3f261abb3e73 -DCOREBOOT_SDK_ROOT_libstdcxx_x86=/home/jpmurphy/.cache/coreboot-sdk/libstdcxx-i386-elf/42ef9d2e87a76a37963175d7d428734e65648b87 -DZEPHYR_TOOLCHAIN_VARIANT=coreboot-sdk -DZEPHYR_MODULES=/mnt/host/source/src/platform/ec/build/zephyr/tarkin/modules/ec -DDTC_OVERLAY_FILE=/mnt/host/source/src/platform/ec/zephyr/program/skywalker/tarkin/project.overlay -DBOARD=it8xxx2/it82002aw -DCMAKE_C_FLAGS=-DSECTION_IS_RW '-DCONF_FILE=/mnt/host/source/src/platform/ec/zephyr/program/skywalker/program.conf;/mnt/host/source/src/platform/ec/zephyr/program/skywalker/ite_program.conf;/mnt/host/source/src/platform/ec/zephyr/program/skywalker/tarkin/project.conf;/mnt/host/source/src/platform/ec/build/zephyr/tarkin/kconfig-rw.conf'`
[xivu:ro] [402/407] Building C object zephyr/kernel/CMakeFiles/kernel.dir/timer.c.obj
[tarkin:rw] Loading Zephyr default modules (Zephyr base (cached)).
[tarkin:rw] -- Application: /mnt/host/source/src/platform/ec/zephyr/program/skywalker
[tarkin:rw] -- CMake version: 3.31.7
Running `env -i PYTHONPATH=/usr/lib64/python-exec/python3.11:/mnt/host/source/src/platform/ec/zephyr/zmake:/usr/lib/python311.zip:/usr/lib/python3.11:/usr/lib/python3.11/lib-dynload:/usr/lib/python3.11/site-packages PW_PIGWEED_CIPD_INSTALL_DIR=/usr CROSTC_USER_ACKNOWLEDGES_THAT_RISCV_IS_EXPERIMENTAL=1 PATH=/mnt/host/source/chromite/bin:/usr/local/bin:/usr/bin:/bin:/opt/bin:/mnt/host/source/chromite/sdk/bin:/mnt/host/source/chromite/bin HOME=/home/jpmurphy JAVA_HOME=/etc/java-config-2/current-system-vm JDK_HOME=/etc/java-config-2/current-system-vm JAVAC=/etc/java-config-2/current-system-vm/bin/javac MAKEFLAGS=' -j16 --jobserver-auth=5,6' /usr/bin/lcov --gcov-tool /mnt/host/source/src/platform/ec/build/zephyr/francka/build-rw/gcov.sh -q -o - -c -d /mnt/host/source/src/platform/ec/build/zephyr/francka -t francka --rc branch_coverage=1 --filter range --ignore-errors inconsistent,source --ignore-errors gcov,gcov -i`
[moonstone:rw] [129/391] Building C object CMakeFiles/app.dir/moonstone/src/board_power.c.obj
[tarkin:ro] Configuring.
Running `env -i PYTHONPATH=/usr/lib64/python-exec/python3.11:/mnt/host/source/src/platform/ec/zephyr/zmake:/usr/lib/python311.zip:/usr/lib/python3.11:/usr/lib/python3.11/lib-dynload:/usr/lib/python3.11/site-packages PW_PIGWEED_CIPD_INSTALL_DIR=/usr CROSTC_USER_ACKNOWLEDGES_THAT_RISCV_IS_EXPERIMENTAL=1 PATH=/mnt/host/source/chromite/bin:/usr/local/bin:/usr/bin:/bin:/opt/bin:/mnt/host/source/chromite/sdk/bin:/mnt/host/source/chromite/bin HOME=/home/jpmurphy JAVA_HOME=/etc/java-config-2/current-system-vm JDK_HOME=/etc/java-config-2/current-system-vm JAVAC=/etc/java-config-2/current-system-vm/bin/javac MAKEFLAGS=' -j16 --jobserver-auth=5,6' /usr/bin/cmake -S /mnt/host/source/src/platform/ec/zephyr/program/skywalker -B /mnt/host/source/src/platform/ec/build/zephyr/tarkin/build-ro -GNinja -DCMAKE_EXPORT_COMPILE_COMMANDS=ON -DZEPHYR_BASE=/mnt/host/source/src/third_party/zephyr/main -DZMAKE_INCLUDE_DIR=/mnt/host/source/src/platform/ec/build/zephyr/tarkin/include -DPython3_EXECUTABLE=/usr/bin/python3.11 -DDTS_ROOT=/mnt/host/source/src/platform/ec/zephyr -DSYSCALL_INCLUDE_DIRS=/mnt/host/source/src/platform/ec/zephyr/include/drivers -DUSER_CACHE_DIR=/mnt/host/source/src/platform/ec/build/zephyr/user-cache '-DEXTRA_EC_VERSION_FLAGS=--version 16543.0.0 --static' -DTOOLCHAIN_ROOT=/mnt/host/source/src/platform/ec/zephyr -DCOREBOOT_SDK_ROOT_x86=/home/jpmurphy/.cache/coreboot-sdk/i386-elf/dfbb0486385d938cfa9d73080b9d18d598ed4f49 -DCOREBOOT_SDK_ROOT_picolibc_x86=/home/jpmurphy/.cache/coreboot-sdk/picolibc-i386-elf/eb8e8e687b95461de8cbf278f1c2076952d0ad17 -DCOREBOOT_SDK_ROOT_riscv64=/home/jpmurphy/.cache/coreboot-sdk/riscv64-elf/96b949749225b6aaa92ed810ab769e8dfb12f000 -DCOREBOOT_SDK_ROOT_picolibc_arm=/home/jpmurphy/.cache/coreboot-sdk/picolibc-arm-eabi/422a2aa3e1ef891b5bece9a3deb696ff83840d2e -DCOREBOOT_SDK_ROOT_nds32=/home/jpmurphy/.cache/coreboot-sdk/nds32le-elf/d1a518c4a097666d86058e1444f85ca015d15511 -DCOREBOOT_SDK_ROOT_picolibc_riscv64=/home/jpmurphy/.cache/coreboot-sdk/picolibc-riscv64-elf/f571e990ef0278564b31124f8bb109d9a697eb69 -DCOREBOOT_SDK_ROOT_arm=/home/jpmurphy/.cache/coreboot-sdk/arm-eabi/ea40ddd1d190c3b48435c474c0b545719371813a -DCOREBOOT_SDK_ROOT_libstdcxx_riscv64=/home/jpmurphy/.cache/coreboot-sdk/libstdcxx-riscv64-elf/17abf22a3a252e2d5d2062ced5324f7a623689e0 -DCOREBOOT_SDK_ROOT_libstdcxx_arm=/home/jpmurphy/.cache/coreboot-sdk/libstdcxx-arm-eabi/5d7d82e150e44aa1968f1d366e267e6687b328ac -DCOREBOOT_SDK_ROOT_riscv=/home/jpmurphy/.cache/coreboot-sdk/riscv-elf/9a27b9e82341c6e9126624f516ab3f261abb3e73 -DCOREBOOT_SDK_ROOT_libstdcxx_x86=/home/jpmurphy/.cache/coreboot-sdk/libstdcxx-i386-elf/42ef9d2e87a76a37963175d7d428734e65648b87 -DZEPHYR_TOOLCHAIN_VARIANT=coreboot-sdk -DZEPHYR_MODULES=/mnt/host/source/src/platform/ec/build/zephyr/tarkin/modules/ec -DDTC_OVERLAY_FILE=/mnt/host/source/src/platform/ec/zephyr/program/skywalker/tarkin/project.overlay -DBOARD=it8xxx2/it82002aw -DCMAKE_C_FLAGS=-DSECTION_IS_RO '-DCONF_FILE=/mnt/host/source/src/platform/ec/zephyr/program/skywalker/program.conf;/mnt/host/source/src/platform/ec/zephyr/program/skywalker/ite_program.conf;/mnt/host/source/src/platform/ec/zephyr/program/skywalker/tarkin/project.conf;/mnt/host/source/src/platform/ec/build/zephyr/tarkin/kconfig-ro.conf'`
[xivu:ro] [403/407] Building C object zephyr/kernel/CMakeFiles/kernel.dir/events.c.obj
[tarkin:ro] Loading Zephyr default modules (Zephyr base (cached)).
[tarkin:ro] -- Application: /mnt/host/source/src/platform/ec/zephyr/program/skywalker
[tarkin:ro] -- CMake version: 3.31.7
[xivu:ro] [404/407] Building C object zephyr/kernel/CMakeFiles/kernel.dir/poll.c.obj
[moonstone:ro] [91/391] Building C object CMakeFiles/app.dir/mnt/host/source/src/platform/ec/build/zephyr/moonstone/modules/ec/common/fan.c.obj
[moonstone:rw] [130/391] Building C object CMakeFiles/app.dir/moonstone/src/suspend_resume.c.obj
[xivu:ro] [405/407] Building C object zephyr/kernel/CMakeFiles/kernel.dir/dynamic_disabled.c.obj
[xivu:ro] [406/407] Building C object zephyr/kernel/CMakeFiles/kernel.dir/mempool.c.obj
[tarkin:rw] -- Found Python3: /usr/bin/python3.11 (found suitable version "3.11.11", minimum required is "3.10") found components: Interpreter
[tarkin:rw] -- Cache files will be written to: /mnt/host/source/src/platform/ec/build/zephyr/user-cache
[tarkin:rw] -- Zephyr version: 4.3.99 (/mnt/host/source/src/third_party/zephyr/main)
[tarkin:ro] -- Found Python3: /usr/bin/python3.11 (found suitable version "3.11.11", minimum required is "3.10") found components: Interpreter
[tarkin:ro] -- Cache files will be written to: /mnt/host/source/src/platform/ec/build/zephyr/user-cache
[tarkin:ro] -- Zephyr version: 4.3.99 (/mnt/host/source/src/third_party/zephyr/main)
[xivu:ro] [407/407] Linking C static library zephyr/kernel/libkernel.a
[moonstone:rw] [131/391] Building C object zephyr/CMakeFiles/zephyr.dir/lib/cpp/abi/cpp_dtors.c.obj
[moonstone:ro] [92/391] Building C object CMakeFiles/app.dir/mnt/host/source/src/platform/ec/build/zephyr/moonstone/modules/ec/common/flash.c.obj
[moonstone:ro] [93/391] Building C object CMakeFiles/app.dir/mnt/host/source/src/platform/ec/build/zephyr/moonstone/modules/ec/common/host_command.c.obj
[moonstone:ro] [94/391] Building C object CMakeFiles/app.dir/mnt/host/source/src/platform/ec/build/zephyr/moonstone/modules/ec/common/host_command_task.c.obj
[moonstone:rw] [132/391] Building C object CMakeFiles/app.dir/moonstone/src/thermal.c.obj
[moonstone:rw] [133/391] Building C object CMakeFiles/app.dir/moonstone/src/keyboard_customization.c.obj
[moonstone:ro] [95/391] Building C object CMakeFiles/app.dir/mnt/host/source/src/platform/ec/build/zephyr/moonstone/modules/ec/common/uart_hostcmd.c.obj
[moonstone:ro] [96/391] Building C object CMakeFiles/app.dir/mnt/host/source/src/platform/ec/build/zephyr/moonstone/modules/ec/common/host_event_commands.c.obj
[moonstone:rw] [134/391] Building C object zephyr/CMakeFiles/zephyr.dir/lib/libc/validate_libc.c.obj
[/mnt/host/source/src/platform/ec/build/zephyr/francka-lcov] geninfo: WARNING: using JSON module "JSON::PP" - which is much slower than some alternatives.  Consider installing one of JSON::XS or Cpanel::JSON::XS
[moonstone:rw] [135/391] Building C object CMakeFiles/app.dir/moonstone/src/usbc_runtime.c.obj
[moonstone:ro] [97/391] Building C object CMakeFiles/app.dir/mnt/host/source/src/platform/ec/build/zephyr/moonstone/modules/ec/common/uptime.c.obj
[moonstone:rw] [136/391] Linking CXX static library app/libapp.a
[moonstone:rw] [137/391] Building C object zephyr/CMakeFiles/zephyr.dir/lib/heap/heap.c.obj
[moonstone:ro] [98/391] Building C object CMakeFiles/app.dir/mnt/host/source/src/platform/ec/build/zephyr/moonstone/modules/ec/common/i2c_controller.c.obj
[moonstone:ro] [99/391] Building C object CMakeFiles/app.dir/mnt/host/source/src/platform/ec/build/zephyr/moonstone/modules/ec/common/i2c_passthru.c.obj
[moonstone:ro] [100/391] Building C object CMakeFiles/app.dir/mnt/host/source/src/platform/ec/build/zephyr/moonstone/modules/ec/common/keyboard_8042_sharedlib.c.obj
[moonstone:ro] [101/391] Building C object CMakeFiles/app.dir/mnt/host/source/src/platform/ec/build/zephyr/moonstone/modules/ec/common/mkbp_fifo.c.obj
[moonstone:rw] [138/391] Building C object zephyr/CMakeFiles/zephyr.dir/lib/os/cbprintf_packaged.c.obj
[tarkin:rw] -- Board: it8xxx2, qualifiers: it82002aw
[moonstone:rw] [139/391] Building C object zephyr/CMakeFiles/zephyr.dir/lib/os/clock.c.obj
[tarkin:ro] -- Board: it8xxx2, qualifiers: it82002aw
[moonstone:rw] [140/391] Building C object zephyr/CMakeFiles/zephyr.dir/lib/os/printk.c.obj
[moonstone:ro] [102/391] Building C object CMakeFiles/app.dir/mnt/host/source/src/platform/ec/build/zephyr/moonstone/modules/ec/common/keyboard_8042.c.obj
[moonstone:ro] [103/391] Building C object CMakeFiles/app.dir/mnt/host/source/src/platform/ec/build/zephyr/moonstone/modules/ec/common/mkbp_info.c.obj
[moonstone:ro] [104/391] Building C object CMakeFiles/app.dir/mnt/host/source/src/platform/ec/build/zephyr/moonstone/modules/ec/common/mkbp_input_devices.c.obj
[moonstone:rw] [141/391] Building C object zephyr/CMakeFiles/zephyr.dir/lib/os/sem.c.obj
[moonstone:rw] [142/391] Building C object zephyr/CMakeFiles/zephyr.dir/lib/os/thread_entry.c.obj
[moonstone:rw] [143/391] Building C object zephyr/CMakeFiles/zephyr.dir/lib/utils/dec.c.obj
[moonstone:ro] [105/391] Building C object CMakeFiles/app.dir/mnt/host/source/src/platform/ec/build/zephyr/moonstone/modules/ec/common/keyboard_backlight.c.obj
[moonstone:ro] [106/391] Building C object CMakeFiles/app.dir/mnt/host/source/src/platform/ec/build/zephyr/moonstone/modules/ec/common/led_common.c.obj
[moonstone:rw] [144/391] Building C object zephyr/CMakeFiles/zephyr.dir/lib/utils/hex.c.obj
[moonstone:rw] [145/391] Building C object zephyr/CMakeFiles/zephyr.dir/lib/utils/timeutil.c.obj
[moonstone:rw] [146/391] Building C object zephyr/CMakeFiles/zephyr.dir/lib/os/assert.c.obj
[moonstone:ro] [107/391] Building C object CMakeFiles/app.dir/mnt/host/source/src/platform/ec/build/zephyr/moonstone/modules/ec/common/mkbp_event.c.obj
[moonstone:rw] [147/391] Building C object zephyr/CMakeFiles/zephyr.dir/lib/os/cbprintf_complete.c.obj
[/mnt/host/source/src/platform/ec/build/zephyr/francka-lcov] stderr:
[moonstone:ro] [108/391] Building C object CMakeFiles/app.dir/mnt/host/source/src/platform/ec/build/zephyr/moonstone/modules/ec/common/lid_switch.c.obj
[moonstone:ro] [109/391] Building C object CMakeFiles/app.dir/mnt/host/source/src/platform/ec/build/zephyr/moonstone/modules/ec/common/port80.c.obj
[moonstone:ro] [110/391] Building C object CMakeFiles/app.dir/mnt/host/source/src/platform/ec/build/zephyr/moonstone/modules/ec/common/power_button.c.obj
[moonstone:rw] [148/391] Building C object zephyr/CMakeFiles/zephyr.dir/lib/utils/bitmask.c.obj
[moonstone:ro] [111/391] Building C object CMakeFiles/app.dir/mnt/host/source/src/platform/ec/build/zephyr/moonstone/modules/ec/power/hibernate.c.obj
[moonstone:rw] [149/391] Building C object zephyr/CMakeFiles/zephyr.dir/lib/utils/rb.c.obj
[/mnt/host/source/src/platform/ec/build/zephyr/francka-lcov]   /mnt/host/source/src/platform/ec/build/zephyr/francka/build-ro/modules/ec/zephyr/CMakeFiles/ec_shim.dir/shim/src/thermal.c.gcno:no functions found
[/mnt/host/source/src/platform/ec/build/zephyr/francka-lcov] stderr:
[moonstone:ro] [112/391] Building C object CMakeFiles/app.dir/mnt/host/source/src/platform/ec/build/zephyr/moonstone/modules/ec/common/panic_output.c.obj
[moonstone:rw] [150/391] Building C object zephyr/CMakeFiles/zephyr.dir/lib/utils/last_section_id.c.obj
[moonstone:ro] [113/391] Building C object CMakeFiles/app.dir/mnt/host/source/src/platform/ec/build/zephyr/moonstone/modules/ec/common/shared_mem.c.obj
[moonstone:rw] [151/391] Building C object zephyr/CMakeFiles/zephyr.dir/lib/utils/ring_buffer.c.obj
[moonstone:rw] [152/391] Building C object zephyr/CMakeFiles/zephyr.dir/lib/utils/bitarray.c.obj
[moonstone:ro] [114/391] Building C object CMakeFiles/app.dir/mnt/host/source/src/platform/ec/build/zephyr/moonstone/modules/ec/common/switch.c.obj
[moonstone:rw] [153/391] Building C object zephyr/CMakeFiles/zephyr.dir/lib/utils/getopt/getopt.c.obj
[/mnt/host/source/src/platform/ec/build/zephyr/francka-lcov]   /mnt/host/source/src/platform/ec/build/zephyr/francka/build-ro/modules/ec/zephyr/CMakeFiles/ec_shim.dir/shim/src/battery.c.gcno:no functions found
[/mnt/host/source/src/platform/ec/build/zephyr/francka-lcov] stderr:
[moonstone:rw] [154/391] Building C object zephyr/CMakeFiles/zephyr.dir/lib/utils/getopt/getopt_common.c.obj
[moonstone:ro] [115/391] Building C object CMakeFiles/app.dir/mnt/host/source/src/platform/ec/build/zephyr/moonstone/modules/ec/common/thermal.c.obj
[moonstone:rw] [155/391] Building ASM object zephyr/CMakeFiles/zephyr.dir/soc/ite/ec/common/soc_irq.S.obj
[tarkin:ro] -- Found Dtc: /usr/bin/dtc (found suitable version "1.6.0", minimum required is "1.4.6")
[tarkin:ro] -- Found BOARD.dts: /mnt/host/source/src/platform/ec/zephyr/boards/google/it8xxx2/it8xxx2_it82002aw.dts
[moonstone:rw] [156/391] Building C object zephyr/CMakeFiles/zephyr.dir/misc/generated/configs.c.obj
[tarkin:rw] -- Found Dtc: /usr/bin/dtc (found suitable version "1.6.0", minimum required is "1.4.6")
[moonstone:ro] [116/391] Building C object CMakeFiles/app.dir/mnt/host/source/src/platform/ec/build/zephyr/moonstone/modules/ec/common/temp_sensor.c.obj
[moonstone:ro] [117/391] Building C object CMakeFiles/app.dir/mnt/host/source/src/platform/ec/build/zephyr/moonstone/modules/ec/driver/temp_sensor/thermistor.c.obj
[moonstone:ro] [118/391] Building C object CMakeFiles/app.dir/mnt/host/source/src/platform/ec/build/zephyr/moonstone/modules/ec/common/usb_port_power_dumb.c.obj
[moonstone:ro] [119/391] Building C object CMakeFiles/app.dir/mnt/host/source/src/platform/ec/build/zephyr/moonstone/modules/ec/common/timer.c.obj
[moonstone:rw] [157/391] Building C object zephyr/CMakeFiles/zephyr.dir/soc/ite/ec/common/soc_common_irq.c.obj
[moonstone:ro] [120/391] Building C object CMakeFiles/app.dir/mnt/host/source/src/platform/ec/build/zephyr/moonstone/modules/ec/common/usbc_utils.c.obj
[moonstone:rw] [158/391] Building C object zephyr/CMakeFiles/zephyr.dir/soc/ite/ec/common/power.c.obj
[moonstone:rw] [159/391] Building C object zephyr/CMakeFiles/zephyr.dir/soc/ite/ec/common/policy.c.obj
[/mnt/host/source/src/platform/ec/build/zephyr/francka-lcov]   /mnt/host/source/src/platform/ec/build/zephyr/francka/build-ro/modules/ec/zephyr/CMakeFiles/ec_shim.dir/shim/src/charger.c.gcno:no functions found
[/mnt/host/source/src/platform/ec/build/zephyr/francka-lcov] stderr:
[moonstone:rw] [160/391] Building C object zephyr/CMakeFiles/zephyr.dir/soc/ite/ec/it8xxx2/soc.c.obj
[moonstone:rw] [161/391] Building C object zephyr/CMakeFiles/zephyr.dir/soc/ite/ec/it8xxx2/check_regs.c.obj
[moonstone:rw] [162/391] Building ASM object zephyr/CMakeFiles/zephyr.dir/soc/ite/ec/it8xxx2/vector.S.obj
[moonstone:ro] [121/391] Building C object CMakeFiles/app.dir/mnt/host/source/src/platform/ec/build/zephyr/moonstone/modules/ec/common/usb_common.c.obj
[moonstone:ro] [122/391] Building C object CMakeFiles/app.dir/mnt/host/source/src/platform/ec/build/zephyr/moonstone/modules/ec/common/usb_pd_host_cmd_common.c.obj
[moonstone:ro] [123/391] Building C object CMakeFiles/app.dir/mnt/host/source/src/platform/ec/build/zephyr/moonstone/modules/ec/common/vboot_hash.c.obj
[moonstone:ro] [124/391] Building C object CMakeFiles/app.dir/mnt/host/source/src/platform/ec/build/zephyr/moonstone/modules/ec/common/button.c.obj
[moonstone:ro] [125/391] Building C object CMakeFiles/app.dir/mnt/host/source/src/platform/ec/build/zephyr/moonstone/modules/ec/common/vboot/efs2.c.obj
[moonstone:ro] [126/391] Building C object CMakeFiles/app.dir/mnt/host/source/src/platform/ec/build/zephyr/moonstone/modules/ec/common/vstore.c.obj
[moonstone:rw] [163/391] Building C object zephyr/CMakeFiles/zephyr.dir/subsys/pm/state.c.obj
[moonstone:ro] [127/391] Building C object CMakeFiles/app.dir/mnt/host/source/src/platform/ec/build/zephyr/moonstone/modules/ec/common/math_util.c.obj
[moonstone:ro] [128/391] Building C object CMakeFiles/app.dir/moonstone/src/alt_charger.c.obj
[moonstone:rw] [164/391] Building C object zephyr/CMakeFiles/zephyr.dir/soc/ite/ec/it8xxx2/ilm.c.obj
[moonstone:rw] [165/391] Building C object zephyr/CMakeFiles/zephyr.dir/subsys/logging/log_minimal.c.obj
[moonstone:ro] [129/391] Building C object zephyr/CMakeFiles/zephyr.dir/lib/cpp/abi/cpp_dtors.c.obj
[moonstone:rw] [166/391] Building C object zephyr/CMakeFiles/zephyr.dir/subsys/pm/policy/policy_events.c.obj
[moonstone:rw] [167/391] Building C object zephyr/CMakeFiles/zephyr.dir/subsys/pm/pm.c.obj
[tarkin:ro] -- Found devicetree overlay: /mnt/host/source/src/platform/ec/zephyr/program/skywalker/tarkin/project.overlay
[tarkin:ro] -- Generated zephyr.dts: /mnt/host/source/src/platform/ec/build/zephyr/tarkin/build-ro/zephyr/zephyr.dts
[tarkin:ro] -- Generated pickled edt: /mnt/host/source/src/platform/ec/build/zephyr/tarkin/build-ro/zephyr/edt.pickle
[moonstone:ro] [130/391] Building C object CMakeFiles/app.dir/moonstone/src/board_power.c.obj
[tarkin:rw] -- Found BOARD.dts: /mnt/host/source/src/platform/ec/zephyr/boards/google/it8xxx2/it8xxx2_it82002aw.dts
[tarkin:rw] -- Found devicetree overlay: /mnt/host/source/src/platform/ec/zephyr/program/skywalker/tarkin/project.overlay
[tarkin:rw] -- Generated zephyr.dts: /mnt/host/source/src/platform/ec/build/zephyr/tarkin/build-rw/zephyr/zephyr.dts
[tarkin:rw] -- Generated pickled edt: /mnt/host/source/src/platform/ec/build/zephyr/tarkin/build-rw/zephyr/edt.pickle
[moonstone:ro] [131/391] Building C object CMakeFiles/app.dir/moonstone/src/suspend_resume.c.obj
[moonstone:ro] [132/391] Building C object zephyr/CMakeFiles/zephyr.dir/lib/libc/validate_libc.c.obj
[moonstone:ro] [133/391] Building C object CMakeFiles/app.dir/moonstone/src/thermal.c.obj
[moonstone:rw] [168/391] Building C object zephyr/CMakeFiles/zephyr.dir/subsys/pm/policy/policy_latency.c.obj
[moonstone:ro] [134/391] Building C object CMakeFiles/app.dir/moonstone/src/keyboard_customization.c.obj
[moonstone:rw] [169/391] Building C object zephyr/CMakeFiles/zephyr.dir/subsys/pm/policy/policy_state_lock.c.obj
[moonstone:rw] [170/391] Building C object zephyr/CMakeFiles/zephyr.dir/subsys/pm/device.c.obj
[tarkin:ro] -- Generated devicetree_generated.h: /mnt/host/source/src/platform/ec/build/zephyr/tarkin/build-ro/zephyr/include/generated/zephyr/devicetree_generated.h
[moonstone:ro] [135/391] Building C object CMakeFiles/app.dir/moonstone/src/usbc_runtime.c.obj
[moonstone:ro] [136/391] Building C object zephyr/CMakeFiles/zephyr.dir/lib/heap/heap.c.obj
[tarkin:rw] -- Generated devicetree_generated.h: /mnt/host/source/src/platform/ec/build/zephyr/tarkin/build-rw/zephyr/include/generated/zephyr/devicetree_generated.h
[moonstone:rw] [171/391] Building C object zephyr/CMakeFiles/zephyr.dir/subsys/pm/device_system_managed.c.obj
[moonstone:ro] [137/391] Building C object zephyr/CMakeFiles/zephyr.dir/lib/os/cbprintf_packaged.c.obj
[moonstone:ro] [138/391] Linking CXX static library app/libapp.a
[moonstone:rw] [172/391] Building C object zephyr/CMakeFiles/zephyr.dir/subsys/pm/device_runtime.c.obj
[moonstone:ro] [139/391] Building C object zephyr/CMakeFiles/zephyr.dir/lib/os/clock.c.obj
[/mnt/host/source/src/platform/ec/build/zephyr/francka-lcov]   /mnt/host/source/src/platform/ec/build/zephyr/francka/build-ro/modules/ec/zephyr/CMakeFiles/ec_shim.dir/shim/src/usba.c.gcno:no functions found
[/mnt/host/source/src/platform/ec/build/zephyr/francka-lcov] stderr:
[moonstone:ro] [140/391] Building C object zephyr/CMakeFiles/zephyr.dir/lib/os/thread_entry.c.obj
[moonstone:ro] [141/391] Building C object zephyr/CMakeFiles/zephyr.dir/lib/os/sem.c.obj
[moonstone:rw] [173/391] Building C object zephyr/CMakeFiles/zephyr.dir/subsys/testsuite/coverage/coverage.c.obj
[moonstone:ro] [142/391] Building C object zephyr/CMakeFiles/zephyr.dir/lib/utils/dec.c.obj
[moonstone:ro] [143/391] Building C object zephyr/CMakeFiles/zephyr.dir/lib/utils/hex.c.obj
[moonstone:ro] [144/391] Building C object zephyr/CMakeFiles/zephyr.dir/lib/os/cbprintf_complete.c.obj
[moonstone:ro] [145/391] Building C object zephyr/CMakeFiles/zephyr.dir/lib/os/printk.c.obj
[moonstone:rw] [174/391] Building C object zephyr/CMakeFiles/zephyr.dir/subsys/tracing/tracing_none.c.obj
[moonstone:ro] [146/391] Building C object zephyr/CMakeFiles/zephyr.dir/lib/utils/timeutil.c.obj
[moonstone:rw] [175/391] Building C object zephyr/CMakeFiles/zephyr.dir/subsys/shell/modules/kernel_service/kernel_shell.c.obj
[moonstone:ro] [147/391] Building C object zephyr/CMakeFiles/zephyr.dir/lib/os/assert.c.obj
[moonstone:rw] [176/391] Building C object zephyr/CMakeFiles/zephyr.dir/subsys/shell/modules/kernel_service/cycles.c.obj
[moonstone:ro] [148/391] Building C object zephyr/CMakeFiles/zephyr.dir/lib/utils/bitmask.c.obj
[moonstone:ro] [149/391] Building C object zephyr/CMakeFiles/zephyr.dir/lib/utils/ring_buffer.c.obj
[moonstone:ro] [150/391] Building C object zephyr/CMakeFiles/zephyr.dir/lib/utils/last_section_id.c.obj
[moonstone:rw] [177/391] Building C object zephyr/CMakeFiles/zephyr.dir/subsys/shell/modules/kernel_service/sleep.c.obj
[moonstone:ro] [151/391] Building C object zephyr/CMakeFiles/zephyr.dir/lib/utils/rb.c.obj
[moonstone:ro] [152/391] Building C object zephyr/CMakeFiles/zephyr.dir/lib/utils/getopt/getopt.c.obj
[moonstone:ro] [153/391] Building C object zephyr/CMakeFiles/zephyr.dir/misc/generated/configs.c.obj
[moonstone:ro] [154/391] Building C object zephyr/CMakeFiles/zephyr.dir/lib/utils/getopt/getopt_common.c.obj
[moonstone:ro] [155/391] Building ASM object zephyr/CMakeFiles/zephyr.dir/soc/ite/ec/common/soc_irq.S.obj
[moonstone:rw] [178/391] Building C object zephyr/CMakeFiles/zephyr.dir/subsys/shell/modules/kernel_service/version.c.obj
[moonstone:ro] [156/391] Building C object zephyr/CMakeFiles/zephyr.dir/lib/utils/bitarray.c.obj
[moonstone:rw] [179/391] Building C object zephyr/CMakeFiles/zephyr.dir/subsys/shell/modules/kernel_service/uptime.c.obj
[tarkin:ro] /mnt/host/source/src/platform/ec/build/zephyr/tarkin/build-ro/zephyr/zephyr.dts:1259.27-1969.5: Warning (avoid_unnecessary_addr_size): /soc/pin-controller: unnecessary #address-cells/#size-cells without "ranges" or child "reg" property
[tarkin:rw] /mnt/host/source/src/platform/ec/build/zephyr/tarkin/build-rw/zephyr/zephyr.dts:1259.27-1969.5: Warning (avoid_unnecessary_addr_size): /soc/pin-controller: unnecessary #address-cells/#size-cells without "ranges" or child "reg" property
[moonstone:rw] [180/391] Building C object zephyr/CMakeFiles/zephyr.dir/subsys/shell/modules/kernel_service/thread/thread.c.obj
[moonstone:ro] [157/391] Building C object zephyr/CMakeFiles/zephyr.dir/soc/ite/ec/common/soc_common_irq.c.obj
[moonstone:ro] [158/391] Building C object zephyr/CMakeFiles/zephyr.dir/soc/ite/ec/common/power.c.obj
[moonstone:ro] [159/391] Building ASM object zephyr/CMakeFiles/zephyr.dir/soc/ite/ec/it8xxx2/vector.S.obj
[moonstone:rw] [181/391] Building C object zephyr/CMakeFiles/zephyr.dir/subsys/shell/modules/kernel_service/thread/list.c.obj
[moonstone:rw] [182/391] Building C object zephyr/CMakeFiles/zephyr.dir/subsys/shell/modules/kernel_service/thread/stacks.c.obj
[moonstone:ro] [160/391] Building C object zephyr/CMakeFiles/zephyr.dir/soc/ite/ec/it8xxx2/check_regs.c.obj
[moonstone:ro] [161/391] Building C object zephyr/CMakeFiles/zephyr.dir/soc/ite/ec/common/policy.c.obj
[moonstone:ro] [162/391] Building C object zephyr/CMakeFiles/zephyr.dir/soc/ite/ec/it8xxx2/soc.c.obj
[moonstone:rw] [183/391] Building C object zephyr/CMakeFiles/zephyr.dir/subsys/shell/modules/kernel_service/thread/unwind.c.obj
[moonstone:ro] [163/391] Building C object zephyr/CMakeFiles/zephyr.dir/subsys/logging/log_minimal.c.obj
[moonstone:ro] [164/391] Building C object zephyr/CMakeFiles/zephyr.dir/subsys/pm/state.c.obj
[moonstone:rw] [184/391] Building C object zephyr/CMakeFiles/zephyr.dir/subsys/shell/modules/kernel_service/thread/resume.c.obj
[moonstone:rw] [185/391] Building C object zephyr/CMakeFiles/zephyr.dir/subsys/shell/modules/kernel_service/thread/suspend.c.obj
[moonstone:ro] [165/391] Building C object zephyr/CMakeFiles/zephyr.dir/soc/ite/ec/it8xxx2/ilm.c.obj
[moonstone:ro] [166/391] Building C object zephyr/CMakeFiles/zephyr.dir/subsys/pm/pm.c.obj
[moonstone:ro] [167/391] Building C object zephyr/CMakeFiles/zephyr.dir/subsys/pm/policy/policy_events.c.obj
[moonstone:rw] [186/391] Building C object zephyr/CMakeFiles/zephyr.dir/subsys/shell/modules/kernel_service/thread/kill.c.obj
[moonstone:ro] [168/391] Building C object zephyr/CMakeFiles/zephyr.dir/subsys/pm/policy/policy_latency.c.obj
[moonstone:ro] [169/391] Building C object zephyr/CMakeFiles/zephyr.dir/subsys/pm/policy/policy_state_lock.c.obj
[moonstone:rw] [187/391] Building C object zephyr/CMakeFiles/zephyr.dir/subsys/shell/backends/shell_uart.c.obj
[moonstone:ro] [170/391] Building C object zephyr/CMakeFiles/zephyr.dir/subsys/pm/device.c.obj
[moonstone:ro] [171/391] Building C object zephyr/CMakeFiles/zephyr.dir/subsys/tracing/tracing_none.c.obj
[moonstone:ro] [172/391] Building C object zephyr/CMakeFiles/zephyr.dir/subsys/pm/device_runtime.c.obj
[moonstone:rw] [188/391] Building C object zephyr/CMakeFiles/zephyr.dir/subsys/shell/shell_fprintf.c.obj
[moonstone:ro] [173/391] Building C object zephyr/CMakeFiles/zephyr.dir/subsys/shell/modules/kernel_service/kernel_shell.c.obj
[moonstone:ro] [174/391] Building C object zephyr/CMakeFiles/zephyr.dir/subsys/pm/device_system_managed.c.obj
[moonstone:ro] [175/391] Building C object zephyr/CMakeFiles/zephyr.dir/subsys/testsuite/coverage/coverage.c.obj
[moonstone:rw] [189/391] Building C object zephyr/CMakeFiles/zephyr.dir/subsys/shell/shell.c.obj
[moonstone:rw] [190/391] Building C object zephyr/CMakeFiles/zephyr.dir/subsys/shell/shell_utils.c.obj
[moonstone:ro] [176/391] Building C object zephyr/CMakeFiles/zephyr.dir/subsys/shell/modules/kernel_service/sleep.c.obj
[moonstone:ro] [177/391] Building C object zephyr/CMakeFiles/zephyr.dir/subsys/shell/modules/kernel_service/cycles.c.obj
[moonstone:rw] [191/391] Building C object zephyr/CMakeFiles/zephyr.dir/subsys/shell/shell_help.c.obj
[moonstone:ro] [178/391] Building C object zephyr/CMakeFiles/zephyr.dir/subsys/shell/modules/kernel_service/uptime.c.obj
[moonstone:rw] [192/391] Building C object zephyr/CMakeFiles/zephyr.dir/subsys/shell/shell_ops.c.obj
[moonstone:ro] [179/391] Building C object zephyr/CMakeFiles/zephyr.dir/subsys/shell/modules/kernel_service/thread/thread.c.obj
[moonstone:ro] [180/391] Building C object zephyr/CMakeFiles/zephyr.dir/subsys/shell/modules/kernel_service/thread/list.c.obj
[moonstone:rw] [193/391] Building C object zephyr/CMakeFiles/zephyr.dir/subsys/shell/shell_history.c.obj
[moonstone:ro] [181/391] Building C object zephyr/CMakeFiles/zephyr.dir/subsys/shell/modules/kernel_service/version.c.obj
[moonstone:ro] [182/391] Building C object zephyr/CMakeFiles/zephyr.dir/subsys/shell/modules/kernel_service/thread/stacks.c.obj
[moonstone:ro] [183/391] Building C object zephyr/CMakeFiles/zephyr.dir/subsys/shell/modules/kernel_service/thread/unwind.c.obj
[moonstone:rw] [194/391] Building C object zephyr/arch/common/CMakeFiles/arch__common.dir/sw_isr_common.c.obj
[moonstone:rw] [195/391] Building C object zephyr/CMakeFiles/zephyr.dir/drivers/flash/flash_util.c.obj
[moonstone:ro] [184/391] Building C object zephyr/CMakeFiles/zephyr.dir/subsys/shell/modules/kernel_service/thread/resume.c.obj
[moonstone:rw] [196/391] Building C object zephyr/arch/common/CMakeFiles/arch__common.dir/dynamic_isr.c.obj
[moonstone:rw] [197/391] Building C object zephyr/arch/common/CMakeFiles/arch__common.dir/init.c.obj
[moonstone:ro] [185/391] Building C object zephyr/CMakeFiles/zephyr.dir/subsys/shell/modules/kernel_service/thread/suspend.c.obj
[moonstone:rw] [198/391] Linking CXX static library zephyr/libzephyr.a
[moonstone:ro] [186/391] Building C object zephyr/CMakeFiles/zephyr.dir/subsys/shell/modules/kernel_service/thread/kill.c.obj
[moonstone:rw] [199/391] Building C object zephyr/arch/common/CMakeFiles/arch__common.dir/xip.c.obj
[moonstone:rw] [200/391] Building C object zephyr/arch/common/CMakeFiles/isr_tables.dir/isr_tables.c.obj
[moonstone:rw] [201/391] Linking CXX static library zephyr/arch/common/libisr_tables.a
[moonstone:ro] [187/391] Building C object zephyr/CMakeFiles/zephyr.dir/subsys/shell/shell_fprintf.c.obj
[moonstone:rw] [202/391] Linking CXX static library zephyr/arch/common/libarch__common.a
[tarkin:ro] Parsing /mnt/host/source/src/platform/ec/zephyr/program/skywalker/Kconfig
[tarkin:rw] Parsing /mnt/host/source/src/platform/ec/zephyr/program/skywalker/Kconfig
[moonstone:rw] [203/391] Building C object zephyr/arch/arch/riscv/core/CMakeFiles/arch__riscv__core.dir/prep_c.c.obj
[moonstone:ro] [188/391] Building C object zephyr/CMakeFiles/zephyr.dir/subsys/shell/shell_utils.c.obj
[moonstone:ro] [189/391] Building C object zephyr/CMakeFiles/zephyr.dir/subsys/shell/shell_ops.c.obj
[moonstone:rw] [204/391] Building C object zephyr/arch/arch/riscv/core/CMakeFiles/arch__riscv__core.dir/cpu_idle.c.obj
[moonstone:ro] [190/391] Building C object zephyr/CMakeFiles/zephyr.dir/subsys/shell/shell_history.c.obj
[moonstone:ro] [191/391] Building C object zephyr/CMakeFiles/zephyr.dir/subsys/shell/backends/shell_uart.c.obj
[moonstone:ro] [192/391] Building C object zephyr/CMakeFiles/zephyr.dir/subsys/shell/shell_help.c.obj
[moonstone:rw] [205/391] Building C object zephyr/arch/arch/riscv/core/CMakeFiles/arch__riscv__core.dir/fatal.c.obj
[moonstone:rw] [206/391] Building C object zephyr/arch/arch/riscv/core/CMakeFiles/arch__riscv__core.dir/irq_manage.c.obj
[moonstone:ro] [193/391] Building C object zephyr/CMakeFiles/zephyr.dir/subsys/shell/shell.c.obj
[moonstone:ro] [194/391] Building C object zephyr/CMakeFiles/zephyr.dir/drivers/flash/flash_util.c.obj
[moonstone:ro] [195/391] Linking CXX static library zephyr/libzephyr.a
[moonstone:ro] [196/391] Building C object zephyr/arch/common/CMakeFiles/arch__common.dir/sw_isr_common.c.obj
[moonstone:rw] [207/391] Building C object zephyr/arch/arch/riscv/core/CMakeFiles/arch__riscv__core.dir/reboot.c.obj
[moonstone:ro] [197/391] Building C object zephyr/arch/common/CMakeFiles/arch__common.dir/init.c.obj
[moonstone:ro] [198/391] Building C object zephyr/arch/common/CMakeFiles/isr_tables.dir/isr_tables.c.obj
[moonstone:rw] [208/391] Building ASM object zephyr/arch/arch/riscv/core/CMakeFiles/arch__riscv__core.dir/reset.S.obj
[moonstone:ro] [199/391] Linking CXX static library zephyr/arch/common/libisr_tables.a
[moonstone:ro] [200/391] Building C object zephyr/arch/common/CMakeFiles/arch__common.dir/dynamic_isr.c.obj
[moonstone:rw] [209/391] Building ASM object zephyr/arch/arch/riscv/core/CMakeFiles/arch__riscv__core.dir/switch.S.obj
[moonstone:ro] [201/391] Building C object zephyr/arch/common/CMakeFiles/arch__common.dir/xip.c.obj
[moonstone:ro] [202/391] Building C object zephyr/arch/arch/riscv/core/CMakeFiles/arch__riscv__core.dir/cpu_idle.c.obj
[moonstone:rw] [210/391] Building C object zephyr/arch/arch/riscv/core/CMakeFiles/arch__riscv__core.dir/thread.c.obj
[moonstone:ro] [203/391] Building C object zephyr/arch/arch/riscv/core/CMakeFiles/arch__riscv__core.dir/prep_c.c.obj
[moonstone:ro] [204/391] Linking CXX static library zephyr/arch/common/libarch__common.a
[tarkin:rw] Loaded configuration '/mnt/host/source/src/platform/ec/zephyr/boards/google/it8xxx2/it8xxx2_it82002aw_defconfig'
[tarkin:rw] Merged configuration '/mnt/host/source/src/platform/ec/zephyr/program/skywalker/program.conf'
[tarkin:rw] Merged configuration '/mnt/host/source/src/platform/ec/zephyr/program/skywalker/ite_program.conf'
[tarkin:rw] Merged configuration '/mnt/host/source/src/platform/ec/zephyr/program/skywalker/tarkin/project.conf'
[tarkin:rw] Merged configuration '/mnt/host/source/src/platform/ec/build/zephyr/tarkin/kconfig-rw.conf'
[tarkin:rw] Configuration saved to '/mnt/host/source/src/platform/ec/build/zephyr/tarkin/build-rw/zephyr/.config'
[tarkin:rw] Kconfig header saved to '/mnt/host/source/src/platform/ec/build/zephyr/tarkin/build-rw/zephyr/include/generated/zephyr/autoconf.h'
[tarkin:rw] -- Found GnuLd: /home/jpmurphy/.cache/coreboot-sdk/riscv64-elf/96b949749225b6aaa92ed810ab769e8dfb12f000/riscv64-elf/bin/ld.bfd (found version "2.43.1")
[tarkin:ro] Loaded configuration '/mnt/host/source/src/platform/ec/zephyr/boards/google/it8xxx2/it8xxx2_it82002aw_defconfig'
[tarkin:ro] Merged configuration '/mnt/host/source/src/platform/ec/zephyr/program/skywalker/program.conf'
[tarkin:ro] Merged configuration '/mnt/host/source/src/platform/ec/zephyr/program/skywalker/ite_program.conf'
[tarkin:ro] Merged configuration '/mnt/host/source/src/platform/ec/zephyr/program/skywalker/tarkin/project.conf'
[tarkin:ro] Merged configuration '/mnt/host/source/src/platform/ec/build/zephyr/tarkin/kconfig-ro.conf'
[tarkin:ro] Configuration saved to '/mnt/host/source/src/platform/ec/build/zephyr/tarkin/build-ro/zephyr/.config'
[tarkin:ro] Kconfig header saved to '/mnt/host/source/src/platform/ec/build/zephyr/tarkin/build-ro/zephyr/include/generated/zephyr/autoconf.h'
[tarkin:ro] -- Found GnuLd: /home/jpmurphy/.cache/coreboot-sdk/riscv64-elf/96b949749225b6aaa92ed810ab769e8dfb12f000/riscv64-elf/bin/ld.bfd (found version "2.43.1")
[moonstone:rw] [211/391] Building ASM object zephyr/arch/arch/riscv/core/CMakeFiles/arch__riscv__core.dir/isr.S.obj
[moonstone:ro] [205/391] Building C object zephyr/arch/arch/riscv/core/CMakeFiles/arch__riscv__core.dir/fatal.c.obj
[moonstone:ro] [206/391] Building C object zephyr/arch/arch/riscv/core/CMakeFiles/arch__riscv__core.dir/irq_manage.c.obj
[tarkin:rw] -- The C compiler identification is GNU 14.2.0
[moonstone:rw] [212/391] Building C object zephyr/arch/arch/riscv/core/CMakeFiles/arch__riscv__core.dir/tls.c.obj
[moonstone:ro] [207/391] Building ASM object zephyr/arch/arch/riscv/core/CMakeFiles/arch__riscv__core.dir/reset.S.obj
[tarkin:ro] -- The C compiler identification is GNU 14.2.0
[moonstone:ro] [208/391] Building C object zephyr/arch/arch/riscv/core/CMakeFiles/arch__riscv__core.dir/reboot.c.obj
[moonstone:ro] [209/391] Building ASM object zephyr/arch/arch/riscv/core/CMakeFiles/arch__riscv__core.dir/isr.S.obj
[moonstone:rw] [213/391] Building C object zephyr/arch/arch/riscv/core/CMakeFiles/arch__riscv__core.dir/stacktrace.c.obj
[moonstone:ro] [210/391] Building ASM object zephyr/arch/arch/riscv/core/CMakeFiles/arch__riscv__core.dir/switch.S.obj
[tarkin:rw] -- The CXX compiler identification is GNU 14.2.0
[moonstone:rw] [214/391] Linking CXX static library zephyr/arch/arch/riscv/core/libarch__riscv__core.a
[moonstone:rw] [215/391] Building C object zephyr/lib/libc/picolibc/CMakeFiles/lib__libc__picolibc.dir/cbprintf.c.obj
[moonstone:rw] [216/391] Building C object zephyr/lib/libc/picolibc/CMakeFiles/lib__libc__picolibc.dir/assert.c.obj
[moonstone:ro] [211/391] Building C object zephyr/arch/arch/riscv/core/CMakeFiles/arch__riscv__core.dir/tls.c.obj
[moonstone:ro] [212/391] Building C object zephyr/arch/arch/riscv/core/CMakeFiles/arch__riscv__core.dir/thread.c.obj
[tarkin:rw] -- The ASM compiler identification is GNU
[tarkin:rw] warning: Deprecated symbol I2C_ALLOW_NO_STOP_TRANSACTIONS is enabled.
[tarkin:rw] CMake Warning at /mnt/host/source/src/platform/ec/zephyr/cmake/linker/ld/linker_libraries.cmake:11 (message):
[tarkin:ro] -- The CXX compiler identification is GNU 14.2.0
[tarkin:ro] -- The ASM compiler identification is GNU
[tarkin:ro] -- Found assembler: /home/jpmurphy/.cache/coreboot-sdk/riscv64-elf/96b949749225b6aaa92ed810ab769e8dfb12f000/bin/riscv64-elf-gcc
[moonstone:rw] [217/391] Building C object zephyr/lib/libc/picolibc/CMakeFiles/lib__libc__picolibc.dir/chk_fail.c.obj
[tarkin:ro] warning: Deprecated symbol I2C_ALLOW_NO_STOP_TRANSACTIONS is enabled.
[tarkin:ro] CMake Warning at /mnt/host/source/src/platform/ec/zephyr/cmake/linker/ld/linker_libraries.cmake:11 (message):
[moonstone:rw] [218/391] Building C object zephyr/lib/libc/picolibc/CMakeFiles/lib__libc__picolibc.dir/errno_wrap.c.obj
[moonstone:ro] [213/391] Building C object zephyr/lib/libc/picolibc/CMakeFiles/lib__libc__picolibc.dir/assert.c.obj
[moonstone:ro] [214/391] Building C object zephyr/arch/arch/riscv/core/CMakeFiles/arch__riscv__core.dir/stacktrace.c.obj
[moonstone:ro] [215/391] Linking CXX static library zephyr/arch/arch/riscv/core/libarch__riscv__core.a
[moonstone:ro] [216/391] Building C object zephyr/lib/libc/picolibc/CMakeFiles/lib__libc__picolibc.dir/chk_fail.c.obj
[moonstone:ro] [217/391] Building C object zephyr/lib/libc/picolibc/CMakeFiles/lib__libc__picolibc.dir/errno_wrap.c.obj
[moonstone:ro] [218/391] Building C object zephyr/lib/libc/picolibc/CMakeFiles/lib__libc__picolibc.dir/cbprintf.c.obj
[tarkin:rw] -- Found assembler: /home/jpmurphy/.cache/coreboot-sdk/riscv64-elf/96b949749225b6aaa92ed810ab769e8dfb12f000/bin/riscv64-elf-gcc
[tarkin:rw] -- Performing EC specific devicetree checks
[moonstone:ro] [219/391] Building C object zephyr/lib/libc/picolibc/CMakeFiles/lib__libc__picolibc.dir/exit.c.obj
[moonstone:ro] [220/391] Building C object zephyr/lib/libc/picolibc/CMakeFiles/lib__libc__picolibc.dir/stdio.c.obj
[tarkin:ro] -- Performing EC specific devicetree checks
[moonstone:rw] [219/391] Building C object zephyr/lib/libc/picolibc/CMakeFiles/lib__libc__picolibc.dir/locks.c.obj
[moonstone:ro] [221/391] Building C object zephyr/lib/libc/picolibc/CMakeFiles/lib__libc__picolibc.dir/locks.c.obj
[moonstone:rw] [220/391] Building C object zephyr/lib/libc/picolibc/CMakeFiles/lib__libc__picolibc.dir/stdio.c.obj
[moonstone:ro] [222/391] Building C object zephyr/lib/posix/c_lib_ext/CMakeFiles/lib__posix__c_lib_ext.dir/fnmatch.c.obj
[moonstone:ro] [223/391] Linking CXX static library zephyr/lib/libc/picolibc/liblib__libc__picolibc.a
[moonstone:rw] [221/391] Building C object zephyr/lib/libc/picolibc/CMakeFiles/lib__libc__picolibc.dir/exit.c.obj
[moonstone:ro] [224/391] Building C object zephyr/lib/libc/common/CMakeFiles/lib__libc__common.dir/source/time/time.c.obj
[moonstone:rw] [222/391] Building C object zephyr/lib/libc/common/CMakeFiles/lib__libc__common.dir/source/time/time.c.obj
[moonstone:ro] [225/391] Building C object zephyr/subsys/crc/CMakeFiles/subsys__crc.dir/crc4_sw.c.obj
[tarkin:rw]   Disabling c_library
[tarkin:rw] Call Stack (most recent call first):
[tarkin:rw]   /mnt/host/source/src/third_party/zephyr/main/cmake/target_toolchain_flags.cmake:48 (include)
[tarkin:rw]   /mnt/host/source/src/third_party/zephyr/main/cmake/modules/kernel.cmake:153 (include)
[tarkin:rw]   /mnt/host/source/src/third_party/zephyr/main/cmake/modules/zephyr_default.cmake:138 (include)
[tarkin:rw]   /mnt/host/source/src/third_party/zephyr/main/share/zephyr-package/cmake/ZephyrConfig.cmake:66 (include)
[tarkin:rw]   /mnt/host/source/src/third_party/zephyr/main/share/zephyr-package/cmake/ZephyrConfig.cmake:97 (include_boilerplate)
[tarkin:rw]   CMakeLists.txt:6 (find_package)
[tarkin:rw] INFO: Verified 33 GPIOs, no duplicates found
[tarkin:rw] INFO: Verified 29 '*-gpios' properties, all flags match.
[tarkin:rw] INFO: Skipped 1 named-gpios children.
[moonstone:ro] [226/391] Building C object zephyr/subsys/crc/CMakeFiles/subsys__crc.dir/crc16_sw.c.obj
[moonstone:rw] [223/391] Linking CXX static library zephyr/lib/libc/picolibc/liblib__libc__picolibc.a
[tarkin:ro]   Disabling c_library
[tarkin:ro] Call Stack (most recent call first):
[tarkin:ro]   /mnt/host/source/src/third_party/zephyr/main/cmake/target_toolchain_flags.cmake:48 (include)
[tarkin:ro]   /mnt/host/source/src/third_party/zephyr/main/cmake/modules/kernel.cmake:153 (include)
[tarkin:ro]   /mnt/host/source/src/third_party/zephyr/main/cmake/modules/zephyr_default.cmake:138 (include)
[tarkin:ro]   /mnt/host/source/src/third_party/zephyr/main/share/zephyr-package/cmake/ZephyrConfig.cmake:66 (include)
[tarkin:ro]   /mnt/host/source/src/third_party/zephyr/main/share/zephyr-package/cmake/ZephyrConfig.cmake:97 (include_boilerplate)
[tarkin:ro]   CMakeLists.txt:6 (find_package)
[tarkin:ro] INFO: Verified 33 GPIOs, no duplicates found
[tarkin:ro] INFO: Verified 29 '*-gpios' properties, all flags match.
[tarkin:ro] INFO: Skipped 1 named-gpios children.
[moonstone:rw] [224/391] Building C object zephyr/lib/libc/common/CMakeFiles/lib__libc__common.dir/source/stdlib/abort.c.obj
[moonstone:ro] [227/391] Building C object zephyr/subsys/crc/CMakeFiles/subsys__crc.dir/crc8_sw.c.obj
[moonstone:rw] [225/391] Building C object zephyr/lib/posix/c_lib_ext/CMakeFiles/lib__posix__c_lib_ext.dir/fnmatch.c.obj
[moonstone:rw] [226/391] Linking CXX static library zephyr/lib/libc/common/liblib__libc__common.a
[moonstone:ro] [228/391] Building C object zephyr/subsys/crc/CMakeFiles/subsys__crc.dir/crc24_sw.c.obj
[moonstone:ro] [229/391] Building C object zephyr/subsys/crc/CMakeFiles/subsys__crc.dir/crc32c_sw.c.obj
[moonstone:ro] [230/391] Building C object zephyr/lib/libc/common/CMakeFiles/lib__libc__common.dir/source/stdlib/abort.c.obj
[moonstone:ro] [231/391] Building C object zephyr/subsys/crc/CMakeFiles/subsys__crc.dir/crc7_sw.c.obj
[moonstone:ro] [232/391] Linking CXX static library zephyr/lib/libc/common/liblib__libc__common.a
[tarkin:rw] -- Generating component manifest file
[moonstone:ro] [233/391] Building C object zephyr/subsys/crc/CMakeFiles/subsys__crc.dir/crc32_sw.c.obj
[tarkin:ro] -- Generating component manifest file
[moonstone:ro] [234/391] Building C object zephyr/subsys/crc/CMakeFiles/subsys__crc.dir/crc32k_4_2_sw.c.obj
[moonstone:rw] [227/391] Building C object zephyr/subsys/crc/CMakeFiles/subsys__crc.dir/crc8_sw.c.obj
[moonstone:rw] [228/391] Building C object zephyr/subsys/crc/CMakeFiles/subsys__crc.dir/crc4_sw.c.obj
[moonstone:ro] [235/391] Linking CXX static library zephyr/subsys/crc/libsubsys__crc.a
[moonstone:ro] [236/391] Building C object zephyr/subsys/input/CMakeFiles/subsys__input.dir/input_hid.c.obj
[moonstone:ro] [237/391] Building C object zephyr/lib/posix/c_lib_ext/CMakeFiles/lib__posix__c_lib_ext.dir/getentropy.c.obj
[tarkin:rw] INFO: Running CME, outputting to /mnt/host/source/src/platform/ec/build/zephyr/tarkin/build-rw/zephyr/component_manifest.json
[tarkin:rw] INFO: Project tarkin does not support SSFC
[tarkin:rw] INFO: No motionsense-sensor node found
[tarkin:ro] INFO: Running CME, outputting to /mnt/host/source/src/platform/ec/build/zephyr/tarkin/build-ro/zephyr/component_manifest.json
[moonstone:rw] [229/391] Building C object zephyr/lib/posix/c_lib_ext/CMakeFiles/lib__posix__c_lib_ext.dir/getentropy.c.obj
[moonstone:ro] [238/391] Building C object zephyr/lib/posix/c_lib_ext/CMakeFiles/lib__posix__c_lib_ext.dir/getopt_shim.c.obj
[moonstone:rw] [230/391] Building C object zephyr/subsys/crc/CMakeFiles/subsys__crc.dir/crc16_sw.c.obj
[moonstone:ro] [239/391] Linking CXX static library zephyr/lib/posix/c_lib_ext/liblib__posix__c_lib_ext.a
[moonstone:rw] [231/391] Building C object zephyr/subsys/crc/CMakeFiles/subsys__crc.dir/crc7_sw.c.obj
[moonstone:ro] [240/391] Building C object zephyr/lib/smf/CMakeFiles/lib__smf.dir/smf.c.obj
[moonstone:rw] [232/391] Building C object zephyr/subsys/crc/CMakeFiles/subsys__crc.dir/crc24_sw.c.obj
[moonstone:rw] [233/391] Building C object zephyr/subsys/crc/CMakeFiles/subsys__crc.dir/crc32c_sw.c.obj
[tarkin:rw] -- warning_base_override: -Wall;-Wformat;-Wformat-security;-Wformat;-Wno-format-zero-length;-Wno-pointer-sign;-Wpointer-arith;-Wexpansion-to-defined
[moonstone:ro] [241/391] Linking CXX static library zephyr/lib/smf/liblib__smf.a
[moonstone:rw] [234/391] Building C object zephyr/lib/posix/c_lib_ext/CMakeFiles/lib__posix__c_lib_ext.dir/getopt_shim.c.obj
[moonstone:rw] [235/391] Building C object zephyr/subsys/crc/CMakeFiles/subsys__crc.dir/crc32_sw.c.obj
[moonstone:rw] [236/391] Linking CXX static library zephyr/lib/posix/c_lib_ext/liblib__posix__c_lib_ext.a
[tarkin:ro] -- warning_base_override: -Wall;-Wformat;-Wformat-security;-Wformat;-Wno-format-zero-length;-Wno-pointer-sign;-Wpointer-arith;-Wexpansion-to-defined
[moonstone:rw] [237/391] Building C object zephyr/lib/smf/CMakeFiles/lib__smf.dir/smf.c.obj
[moonstone:rw] [238/391] Building C object zephyr/subsys/crc/CMakeFiles/subsys__crc.dir/crc32k_4_2_sw.c.obj
[moonstone:rw] [239/391] Linking CXX static library zephyr/lib/smf/liblib__smf.a
[moonstone:rw] [240/391] Linking CXX static library zephyr/subsys/crc/libsubsys__crc.a
[moonstone:ro] [242/391] Building C object zephyr/subsys/input/CMakeFiles/subsys__input.dir/input.c.obj
[tarkin:rw] -- Found gen_kobject_list: /mnt/host/source/src/third_party/zephyr/main/scripts/build/gen_kobject_list.py
[tarkin:rw] CMake Warning at /mnt/host/source/src/third_party/zephyr/main/CMakeLists.txt:1134 (message):
[tarkin:rw]   No SOURCES given to Zephyr library: drivers__syscon
[tarkin:rw]   Excluding target from build.
[tarkin:rw] CMake Warning at /mnt/host/source/src/third_party/zephyr/main/CMakeLists.txt:2359 (message):
[tarkin:rw]   __ASSERT() statements are globally ENABLED
[moonstone:rw] [241/391] Building C object zephyr/subsys/input/CMakeFiles/subsys__input.dir/input_hid.c.obj
[moonstone:ro] [243/391] Building C object zephyr/subsys/input/CMakeFiles/subsys__input.dir/input_utils.c.obj
[moonstone:ro] [244/391] Building C object zephyr/drivers/interrupt_controller/CMakeFiles/drivers__interrupt_controller.dir/intc_ite_it8xxx2_v2.c.obj
[tarkin:ro] -- Found gen_kobject_list: /mnt/host/source/src/third_party/zephyr/main/scripts/build/gen_kobject_list.py
[moonstone:ro] [245/391] Linking CXX static library zephyr/subsys/input/libsubsys__input.a
[moonstone:ro] [246/391] Building C object zephyr/drivers/interrupt_controller/CMakeFiles/drivers__interrupt_controller.dir/wuc_ite_it8xxx2.c.obj
[tarkin:rw] -- Configuring done (16.0s)
[tarkin:ro] INFO: Project tarkin does not support SSFC
[tarkin:ro] INFO: No motionsense-sensor node found
[tarkin:ro] CMake Warning at /mnt/host/source/src/third_party/zephyr/main/CMakeLists.txt:1134 (message):
[tarkin:ro]   No SOURCES given to Zephyr library: drivers__syscon
[tarkin:ro]   Excluding target from build.
[moonstone:ro] [247/391] Building C object zephyr/drivers/adc/CMakeFiles/drivers__adc.dir/adc_common.c.obj
[tarkin:ro] CMake Warning at /mnt/host/source/src/third_party/zephyr/main/CMakeLists.txt:2359 (message):
[moonstone:ro] [248/391] Linking CXX static library zephyr/drivers/interrupt_controller/libdrivers__interrupt_controller.a
[moonstone:ro] [249/391] Building C object zephyr/drivers/bbram/CMakeFiles/drivers__bbram.dir/bbram_it8xxx2.c.obj
[moonstone:ro] [250/391] Linking CXX static library zephyr/drivers/bbram/libdrivers__bbram.a
[moonstone:ro] [251/391] Building C object zephyr/drivers/console/CMakeFiles/drivers__console.dir/uart_console.c.obj
[moonstone:ro] [252/391] Building C object zephyr/drivers/adc/CMakeFiles/drivers__adc.dir/adc_ite_it8xxx2.c.obj
[tarkin:ro] -- Configuring done (16.1s)
[moonstone:ro] [253/391] Linking CXX static library zephyr/drivers/adc/libdrivers__adc.a
[moonstone:ro] [254/391] Linking CXX static library zephyr/drivers/console/libdrivers__console.a
[moonstone:rw] [242/391] Building C object zephyr/subsys/input/CMakeFiles/subsys__input.dir/input.c.obj
[moonstone:rw] [243/391] Building C object zephyr/subsys/input/CMakeFiles/subsys__input.dir/input_utils.c.obj
[moonstone:rw] [244/391] Linking CXX static library zephyr/subsys/input/libsubsys__input.a
[tarkin:rw] -- Generating done (0.5s)
[tarkin:rw] CMake Warning:
[tarkin:rw] -- Build files have been written to: /mnt/host/source/src/platform/ec/build/zephyr/tarkin/build-rw
[moonstone:rw] [245/391] Building C object zephyr/drivers/interrupt_controller/CMakeFiles/drivers__interrupt_controller.dir/intc_ite_it8xxx2_v2.c.obj
[moonstone:rw] [246/391] Building C object zephyr/drivers/interrupt_controller/CMakeFiles/drivers__interrupt_controller.dir/wuc_ite_it8xxx2.c.obj
[tarkin:rw]   Manually-specified variables were not used by the project:
[tarkin:rw]     COREBOOT_SDK_ROOT_arm
[tarkin:rw]     COREBOOT_SDK_ROOT_libstdcxx_arm
[tarkin:rw]     COREBOOT_SDK_ROOT_libstdcxx_x86
[tarkin:rw]     COREBOOT_SDK_ROOT_nds32
[tarkin:rw]     COREBOOT_SDK_ROOT_picolibc_arm
[tarkin:rw]     COREBOOT_SDK_ROOT_picolibc_x86
[tarkin:rw]     COREBOOT_SDK_ROOT_riscv
[tarkin:rw]     COREBOOT_SDK_ROOT_x86
[tarkin:ro] -- Generating done (0.4s)
[tarkin:ro]   __ASSERT() statements are globally ENABLED
[tarkin:ro] CMake Warning:
[moonstone:rw] [247/391] Linking CXX static library zephyr/drivers/interrupt_controller/libdrivers__interrupt_controller.a
[moonstone:ro] [255/391] Building C object zephyr/drivers/crypto/CMakeFiles/drivers__crypto.dir/crypto_it8xxx2_sha_v2.c.obj
[moonstone:ro] [256/391] Linking CXX static library zephyr/drivers/crypto/libdrivers__crypto.a
[moonstone:rw] [248/391] Building C object zephyr/drivers/adc/CMakeFiles/drivers__adc.dir/adc_common.c.obj
[tarkin:ro] -- Build files have been written to: /mnt/host/source/src/platform/ec/build/zephyr/tarkin/build-ro
[tarkin:ro]   Manually-specified variables were not used by the project:
[tarkin:ro]     COREBOOT_SDK_ROOT_arm
[tarkin:ro]     COREBOOT_SDK_ROOT_libstdcxx_arm
[tarkin:ro]     COREBOOT_SDK_ROOT_libstdcxx_x86
[tarkin:ro]     COREBOOT_SDK_ROOT_nds32
[tarkin:ro]     COREBOOT_SDK_ROOT_picolibc_arm
[tarkin:ro]     COREBOOT_SDK_ROOT_picolibc_x86
[tarkin:ro]     COREBOOT_SDK_ROOT_riscv
[tarkin:ro]     COREBOOT_SDK_ROOT_x86
[moonstone:ro] [257/391] Building C object zephyr/drivers/flash/CMakeFiles/drivers__flash.dir/flash_ite_it8xxx2.c.obj
[moonstone:ro] [258/391] Building C object zephyr/drivers/i2c/CMakeFiles/drivers__i2c.dir/i2c_common.c.obj
[moonstone:ro] [259/391] Linking CXX static library zephyr/drivers/flash/libdrivers__flash.a
[moonstone:ro] [260/391] Building C object zephyr/drivers/i2c/CMakeFiles/drivers__i2c.dir/i2c_bitbang.c.obj
[moonstone:ro] [261/391] Building C object zephyr/drivers/espi/CMakeFiles/drivers__espi.dir/espi_it8xxx2.c.obj
[moonstone:ro] [262/391] Linking CXX static library zephyr/drivers/espi/libdrivers__espi.a
[moonstone:ro] [263/391] Building C object zephyr/drivers/i2c/CMakeFiles/drivers__i2c.dir/i2c_shell.c.obj
[moonstone:rw] [249/391] Building C object zephyr/drivers/console/CMakeFiles/drivers__console.dir/uart_console.c.obj
[moonstone:rw] [250/391] Building C object zephyr/drivers/adc/CMakeFiles/drivers__adc.dir/adc_ite_it8xxx2.c.obj
[moonstone:rw] [251/391] Linking CXX static library zephyr/drivers/console/libdrivers__console.a
[moonstone:rw] [252/391] Building C object zephyr/drivers/bbram/CMakeFiles/drivers__bbram.dir/bbram_it8xxx2.c.obj
[moonstone:rw] [253/391] Linking CXX static library zephyr/drivers/adc/libdrivers__adc.a
[moonstone:rw] [254/391] Building C object zephyr/drivers/crypto/CMakeFiles/drivers__crypto.dir/crypto_it8xxx2_sha_v2.c.obj
[moonstone:rw] [255/391] Linking CXX static library zephyr/drivers/bbram/libdrivers__bbram.a
[moonstone:rw] [256/391] Linking CXX static library zephyr/drivers/crypto/libdrivers__crypto.a
[moonstone:ro] [264/391] Building C object zephyr/drivers/i2c/CMakeFiles/drivers__i2c.dir/i2c_ite_enhance.c.obj
[moonstone:ro] [265/391] Linking CXX static library zephyr/drivers/i2c/libdrivers__i2c.a
[moonstone:ro] [266/391] Building C object zephyr/drivers/gpio/CMakeFiles/drivers__gpio.dir/gpio_ite_it8xxx2_v2.c.obj
[moonstone:ro] [267/391] Linking CXX static library zephyr/drivers/gpio/libdrivers__gpio.a
[moonstone:rw] [257/391] Building C object zephyr/drivers/flash/CMakeFiles/drivers__flash.dir/flash_ite_it8xxx2.c.obj
[moonstone:ro] [268/391] Building C object zephyr/drivers/input/CMakeFiles/drivers__input.dir/input_ite_it8xxx2_kbd.c.obj
[moonstone:ro] [269/391] Linking CXX static library zephyr/drivers/sensor/libdrivers__sensor.a
[moonstone:rw] [258/391] Linking CXX static library zephyr/drivers/flash/libdrivers__flash.a
[moonstone:ro] [270/391] Building C object zephyr/drivers/input/CMakeFiles/drivers__input.dir/input_kbd_matrix.c.obj
[moonstone:rw] [259/391] Building C object zephyr/drivers/espi/CMakeFiles/drivers__espi.dir/espi_it8xxx2.c.obj
[moonstone:ro] [271/391] Building C object zephyr/drivers/pinctrl/CMakeFiles/drivers__pinctrl.dir/common.c.obj
[moonstone:rw] [260/391] Linking CXX static library zephyr/drivers/espi/libdrivers__espi.a
[moonstone:ro] [272/391] Linking CXX static library zephyr/drivers/input/libdrivers__input.a
[moonstone:ro] [273/391] Building C object zephyr/drivers/led_strip/CMakeFiles/drivers__led_strip.dir/ws2812_spi.c.obj
[moonstone:ro] [274/391] Linking CXX static library zephyr/drivers/led_strip/libdrivers__led_strip.a
[moonstone:ro] [275/391] Building C object zephyr/drivers/pwm/CMakeFiles/drivers__pwm.dir/pwm_shell.c.obj
[moonstone:ro] [276/391] Linking CXX static library zephyr/drivers/syscon/libdrivers__syscon.a
[moonstone:ro] [277/391] Building C object zephyr/drivers/pinctrl/CMakeFiles/drivers__pinctrl.dir/pinctrl_ite_it8xxx2.c.obj
[moonstone:rw] [261/391] Building C object zephyr/drivers/i2c/CMakeFiles/drivers__i2c.dir/i2c_bitbang.c.obj
[moonstone:rw] [262/391] Building C object zephyr/drivers/i2c/CMakeFiles/drivers__i2c.dir/i2c_common.c.obj
[moonstone:ro] [278/391] Linking CXX static library zephyr/drivers/pinctrl/libdrivers__pinctrl.a
[moonstone:rw] [263/391] Building C object zephyr/drivers/gpio/CMakeFiles/drivers__gpio.dir/gpio_ite_it8xxx2_v2.c.obj
[moonstone:rw] [264/391] Building C object zephyr/drivers/i2c/CMakeFiles/drivers__i2c.dir/i2c_shell.c.obj
[moonstone:rw] [265/391] Linking CXX static library zephyr/drivers/gpio/libdrivers__gpio.a
[moonstone:ro] [279/391] Building C object zephyr/drivers/serial/CMakeFiles/drivers__serial.dir/uart_ite_it8xxx2.c.obj
[moonstone:ro] [280/391] Building C object zephyr/drivers/pwm/CMakeFiles/drivers__pwm.dir/pwm_ite_it8xxx2.c.obj
[moonstone:ro] [281/391] Building C object zephyr/drivers/spi/CMakeFiles/drivers__spi.dir/spi_signal.c.obj
[moonstone:ro] [282/391] Linking CXX static library zephyr/drivers/pwm/libdrivers__pwm.a
[moonstone:rw] [266/391] Building C object zephyr/drivers/input/CMakeFiles/drivers__input.dir/input_ite_it8xxx2_kbd.c.obj
[moonstone:ro] [283/391] Building C object zephyr/drivers/sensor/ite/ite_tach_it8xxx2/CMakeFiles/drivers__sensor__ite__ite_tach_it8xxx2.dir/tach_ite_it8xxx2.c.obj
[moonstone:ro] [284/391] Linking CXX static library zephyr/drivers/sensor/ite/ite_tach_it8xxx2/libdrivers__sensor__ite__ite_tach_it8xxx2.a
[moonstone:rw] [267/391] Building C object zephyr/drivers/input/CMakeFiles/drivers__input.dir/input_kbd_matrix.c.obj
[moonstone:rw] [268/391] Linking CXX static library zephyr/drivers/input/libdrivers__input.a
[moonstone:rw] [269/391] Building C object zephyr/drivers/i2c/CMakeFiles/drivers__i2c.dir/i2c_ite_enhance.c.obj
[moonstone:ro] [285/391] Building C object zephyr/drivers/serial/CMakeFiles/drivers__serial.dir/uart_ns16550.c.obj
[moonstone:rw] [270/391] Linking CXX static library zephyr/drivers/sensor/libdrivers__sensor.a
[moonstone:rw] [271/391] Linking CXX static library zephyr/drivers/i2c/libdrivers__i2c.a
[moonstone:ro] [286/391] Linking CXX static library zephyr/drivers/serial/libdrivers__serial.a
[moonstone:ro] [287/391] Building C object zephyr/drivers/timer/CMakeFiles/drivers__timer.dir/sys_clock_init.c.obj
[moonstone:rw] [272/391] Building C object zephyr/drivers/pinctrl/CMakeFiles/drivers__pinctrl.dir/common.c.obj
[moonstone:rw] [273/391] Building C object zephyr/drivers/led_strip/CMakeFiles/drivers__led_strip.dir/ws2812_spi.c.obj
[moonstone:ro] [288/391] Building C object zephyr/drivers/timer/CMakeFiles/drivers__timer.dir/ite_it8xxx2_timer.c.obj
[moonstone:rw] [274/391] Linking CXX static library zephyr/drivers/led_strip/libdrivers__led_strip.a
[moonstone:ro] [289/391] Linking CXX static library zephyr/drivers/timer/libdrivers__timer.a
[moonstone:ro] [290/391] Building C object zephyr/drivers/spi/CMakeFiles/drivers__spi.dir/spi_it8xxx2.c.obj
[moonstone:ro] [291/391] Linking CXX static library zephyr/drivers/spi/libdrivers__spi.a
[/mnt/host/source/src/platform/ec/build/zephyr/francka-lcov]   /mnt/host/source/src/platform/ec/build/zephyr/francka/build-ro/modules/ec/zephyr/CMakeFiles/ec_shim.dir/drivers/keyboard_input/keyboard_customization_check.c.gcno:no functions found
[/mnt/host/source/src/platform/ec/build/zephyr/francka-lcov] stderr:
[moonstone:rw] [275/391] Building C object zephyr/drivers/pwm/CMakeFiles/drivers__pwm.dir/pwm_shell.c.obj
[moonstone:rw] [276/391] Building C object zephyr/drivers/pinctrl/CMakeFiles/drivers__pinctrl.dir/pinctrl_ite_it8xxx2.c.obj
[moonstone:ro] [292/391] Building C object zephyr/drivers/watchdog/CMakeFiles/drivers__watchdog.dir/wdt_ite_it8xxx2.c.obj
[moonstone:rw] [277/391] Linking CXX static library zephyr/drivers/pinctrl/libdrivers__pinctrl.a
[moonstone:ro] [293/391] Building C object zephyr/drivers/watchdog/CMakeFiles/drivers__watchdog.dir/wdt_shell.c.obj
[moonstone:ro] [294/391] Linking CXX static library zephyr/drivers/watchdog/libdrivers__watchdog.a
[moonstone:rw] [278/391] Linking CXX static library zephyr/drivers/syscon/libdrivers__syscon.a
[moonstone:ro] [295/391] Building C object modules/ec/zephyr/CMakeFiles/ec_shim.dir/app/ec/main_shim.c.obj
[moonstone:rw] [279/391] Building C object zephyr/drivers/pwm/CMakeFiles/drivers__pwm.dir/pwm_ite_it8xxx2.c.obj
[moonstone:rw] [280/391] Linking CXX static library zephyr/drivers/pwm/libdrivers__pwm.a
[moonstone:ro] [296/391] Building C object modules/ec/zephyr/CMakeFiles/ec_shim.dir/drivers/keyboard_input/keyboard_customization_check.c.obj
[moonstone:ro] [297/391] Building C object modules/ec/zephyr/CMakeFiles/ec_shim.dir/app/ec/ec_app_main.c.obj
[moonstone:rw] [281/391] Building C object zephyr/drivers/sensor/ite/ite_tach_it8xxx2/CMakeFiles/drivers__sensor__ite__ite_tach_it8xxx2.dir/tach_ite_it8xxx2.c.obj
[moonstone:rw] [282/391] Building C object zephyr/drivers/serial/CMakeFiles/drivers__serial.dir/uart_ite_it8xxx2.c.obj
[moonstone:rw] [283/391] Linking CXX static library zephyr/drivers/sensor/ite/ite_tach_it8xxx2/libdrivers__sensor__ite__ite_tach_it8xxx2.a
[moonstone:ro] [298/391] Building C object modules/ec/zephyr/CMakeFiles/ec_shim.dir/drivers/cros_flash/cros_flash_it8xxx2.c.obj
[moonstone:rw] [284/391] Building C object zephyr/drivers/spi/CMakeFiles/drivers__spi.dir/spi_signal.c.obj
[moonstone:ro] [299/391] Building C object modules/ec/zephyr/CMakeFiles/ec_shim.dir/app/ec/chip/riscv/riscv-ite/it8xxx2-espi.c.obj
[moonstone:rw] [285/391] Building C object zephyr/drivers/serial/CMakeFiles/drivers__serial.dir/uart_ns16550.c.obj
[moonstone:ro] [300/391] Building C object modules/ec/zephyr/CMakeFiles/ec_shim.dir/drivers/cros_system/cros_system_it8xxx2.c.obj
[moonstone:ro] [301/391] Building C object modules/ec/zephyr/CMakeFiles/ec_shim.dir/drivers/cros_kblight/pwm_kblight.c.obj
[moonstone:rw] [286/391] Linking CXX static library zephyr/drivers/serial/libdrivers__serial.a
[moonstone:rw] [287/391] Building C object zephyr/drivers/timer/CMakeFiles/drivers__timer.dir/sys_clock_init.c.obj
[moonstone:rw] [288/391] Building C object zephyr/drivers/spi/CMakeFiles/drivers__spi.dir/spi_it8xxx2.c.obj
[moonstone:ro] [302/391] Building C object modules/ec/zephyr/CMakeFiles/ec_shim.dir/drivers/keyboard_input/keyboard_input.c.obj
[moonstone:ro] [303/391] Building C object modules/ec/zephyr/CMakeFiles/ec_shim.dir/drivers/usbc/ucsi_v3.c.obj
[moonstone:rw] [289/391] Building C object zephyr/drivers/timer/CMakeFiles/drivers__timer.dir/ite_it8xxx2_timer.c.obj
[moonstone:ro] [304/391] Building C object modules/ec/zephyr/CMakeFiles/ec_shim.dir/drivers/hibernate/hibernate_z5.c.obj
[moonstone:rw] [290/391] Linking CXX static library zephyr/drivers/spi/libdrivers__spi.a
[moonstone:ro] [305/391] Building C object modules/ec/zephyr/CMakeFiles/ec_shim.dir/drivers/keyboard_input/col_gpio_drive.c.obj
[moonstone:rw] [291/391] Linking CXX static library zephyr/drivers/timer/libdrivers__timer.a
[moonstone:rw] [292/391] Building C object zephyr/drivers/watchdog/CMakeFiles/drivers__watchdog.dir/wdt_shell.c.obj
[moonstone:rw] [293/391] Building C object zephyr/drivers/watchdog/CMakeFiles/drivers__watchdog.dir/wdt_ite_it8xxx2.c.obj
[moonstone:rw] [294/391] Linking CXX static library zephyr/drivers/watchdog/libdrivers__watchdog.a
[moonstone:rw] [295/391] Building C object modules/ec/zephyr/CMakeFiles/ec_shim.dir/app/ec/ec_app_main.c.obj
[moonstone:rw] [296/391] Building C object modules/ec/zephyr/CMakeFiles/ec_shim.dir/app/ec/main_shim.c.obj
[moonstone:ro] [306/391] Building C object modules/ec/zephyr/CMakeFiles/ec_shim.dir/drivers/runtime_keys/runtime_keys.c.obj
[moonstone:ro] [307/391] Building C object modules/ec/zephyr/CMakeFiles/ec_shim.dir/drivers/usbc/tps6699x_cmd.c.obj
[moonstone:rw] [297/391] Building C object modules/ec/zephyr/CMakeFiles/ec_shim.dir/app/ec/chip/riscv/riscv-ite/it8xxx2-espi.c.obj
[moonstone:ro] [308/391] Building C object modules/ec/zephyr/CMakeFiles/ec_shim.dir/drivers/boot_keys/boot_keys.c.obj
[moonstone:rw] [298/391] Building C object modules/ec/zephyr/CMakeFiles/ec_shim.dir/drivers/keyboard_input/keyboard_customization_check.c.obj
[moonstone:ro] [309/391] Building C object modules/ec/zephyr/CMakeFiles/ec_shim.dir/shim/chip/it8xxx2/clock.c.obj
[moonstone:ro] [310/391] Building C object modules/ec/zephyr/CMakeFiles/ec_shim.dir/drivers/vivaldi_kbd/vivaldi_kbd.c.obj
[moonstone:rw] [299/391] Building C object modules/ec/zephyr/CMakeFiles/ec_shim.dir/drivers/cros_kblight/pwm_kblight.c.obj
[moonstone:ro] [311/391] Building C object modules/ec/zephyr/CMakeFiles/ec_shim.dir/shim/src/crc.c.obj
[moonstone:rw] [300/391] Building C object modules/ec/zephyr/CMakeFiles/ec_shim.dir/drivers/cros_flash/cros_flash_it8xxx2.c.obj
[moonstone:ro] [312/391] Building C object modules/ec/zephyr/CMakeFiles/ec_shim.dir/shim/chip/it8xxx2/system.c.obj
[moonstone:rw] [301/391] Building C object modules/ec/zephyr/CMakeFiles/ec_shim.dir/drivers/cros_system/cros_system_it8xxx2.c.obj
[moonstone:ro] [313/391] Building C object modules/ec/zephyr/CMakeFiles/ec_shim.dir/drivers/usbc/pdc_tps6699x.c.obj
[moonstone:ro] [314/391] Building C object modules/ec/zephyr/CMakeFiles/ec_shim.dir/shim/chip/it8xxx2/gpio.c.obj
[moonstone:rw] [302/391] Building C object modules/ec/zephyr/CMakeFiles/ec_shim.dir/drivers/hibernate/hibernate_z5.c.obj
[moonstone:rw] [303/391] Building C object modules/ec/zephyr/CMakeFiles/ec_shim.dir/drivers/usbc/ucsi_v3.c.obj
[moonstone:rw] [304/391] Building C object modules/ec/zephyr/CMakeFiles/ec_shim.dir/drivers/keyboard_input/keyboard_input.c.obj
[moonstone:rw] [305/391] Building C object modules/ec/zephyr/CMakeFiles/ec_shim.dir/drivers/keyboard_input/col_gpio_drive.c.obj
[moonstone:ro] [315/391] Building C object modules/ec/zephyr/CMakeFiles/ec_shim.dir/shim/chip/it8xxx2/power_policy.c.obj
[moonstone:ro] [316/391] Building C object modules/ec/zephyr/CMakeFiles/ec_shim.dir/shim/src/panic_utils.c.obj
[moonstone:ro] [317/391] Building C object modules/ec/zephyr/CMakeFiles/ec_shim.dir/shim/src/gpio_int.c.obj
[moonstone:ro] [318/391] Building C object modules/ec/zephyr/CMakeFiles/ec_shim.dir/shim/src/console.c.obj
[moonstone:ro] [319/391] Building C object modules/ec/zephyr/CMakeFiles/ec_shim.dir/shim/src/gpio.c.obj
[moonstone:ro] [320/391] Building C object modules/ec/zephyr/CMakeFiles/ec_shim.dir/shim/src/pm_state.c.obj
[moonstone:ro] [321/391] Building C object modules/ec/zephyr/CMakeFiles/ec_shim.dir/shim/src/cbi/cros_cbi.c.obj
[moonstone:rw] [306/391] Building C object modules/ec/zephyr/CMakeFiles/ec_shim.dir/drivers/boot_keys/boot_keys.c.obj
[moonstone:rw] [307/391] Building C object modules/ec/zephyr/CMakeFiles/ec_shim.dir/drivers/usbc/tps6699x_cmd.c.obj
[moonstone:ro] [322/391] Building C object modules/ec/zephyr/CMakeFiles/ec_shim.dir/shim/src/cbi/cros_cbi_ufsc.c.obj
[moonstone:rw] [308/391] Building C object modules/ec/zephyr/CMakeFiles/ec_shim.dir/drivers/runtime_keys/runtime_keys.c.obj
[moonstone:rw] [309/391] Building C object modules/ec/zephyr/CMakeFiles/ec_shim.dir/shim/chip/it8xxx2/clock.c.obj
[moonstone:rw] [310/391] Building C object modules/ec/zephyr/CMakeFiles/ec_shim.dir/drivers/vivaldi_kbd/vivaldi_kbd.c.obj
[moonstone:rw] [311/391] Building C object modules/ec/zephyr/CMakeFiles/ec_shim.dir/shim/src/crc.c.obj
[moonstone:ro] [323/391] Building C object modules/ec/zephyr/CMakeFiles/ec_shim.dir/shim/src/cbi/cbi_flash.c.obj
[moonstone:rw] [312/391] Building C object modules/ec/zephyr/CMakeFiles/ec_shim.dir/drivers/usbc/pdc_tps6699x.c.obj
[moonstone:ro] [324/391] Building C object modules/ec/zephyr/CMakeFiles/ec_shim.dir/shim/src/led_driver/led_gpio.c.obj
[moonstone:ro] [325/391] Building C object modules/ec/zephyr/CMakeFiles/ec_shim.dir/shim/src/system.c.obj
[moonstone:ro] [326/391] Building C object modules/ec/zephyr/CMakeFiles/ec_shim.dir/shim/src/led_driver/led.c.obj
[moonstone:ro] [327/391] Building C object modules/ec/zephyr/CMakeFiles/ec_shim.dir/shim/src/pdc_shim.c.obj
[moonstone:ro] [328/391] Building C object modules/ec/zephyr/CMakeFiles/ec_shim.dir/shim/src/adc.c.obj
[moonstone:rw] [313/391] Building C object modules/ec/zephyr/CMakeFiles/ec_shim.dir/shim/chip/it8xxx2/gpio.c.obj
[moonstone:ro] [329/391] Building C object modules/ec/zephyr/CMakeFiles/ec_shim.dir/shim/src/battery.c.obj
[moonstone:rw] [314/391] Building C object modules/ec/zephyr/CMakeFiles/ec_shim.dir/shim/chip/it8xxx2/system.c.obj
[moonstone:rw] [315/391] Building C object modules/ec/zephyr/CMakeFiles/ec_shim.dir/shim/chip/it8xxx2/power_policy.c.obj
[moonstone:ro] [330/391] Building C object modules/ec/zephyr/CMakeFiles/ec_shim.dir/shim/src/charger.c.obj
[/mnt/host/source/src/platform/ec/build/zephyr/francka-lcov]   /mnt/host/source/src/platform/ec/build/zephyr/francka/build-ro/CMakeFiles/app.dir/mnt/host/source/src/platform/ec/build/zephyr/francka/modules/ec/common/cbi_config.c.gcno:no functions found
[/mnt/host/source/src/platform/ec/build/zephyr/francka-lcov] stderr:
[moonstone:rw] [316/391] Building C object modules/ec/zephyr/CMakeFiles/ec_shim.dir/shim/src/console.c.obj
[moonstone:rw] [317/391] Building C object modules/ec/zephyr/CMakeFiles/ec_shim.dir/shim/src/gpio.c.obj
[moonstone:rw] [318/391] Building C object modules/ec/zephyr/CMakeFiles/ec_shim.dir/shim/src/panic_utils.c.obj
[moonstone:rw] [319/391] Building C object modules/ec/zephyr/CMakeFiles/ec_shim.dir/shim/src/gpio_int.c.obj
[moonstone:ro] [331/391] Building C object modules/ec/zephyr/CMakeFiles/ec_shim.dir/shim/src/chipset_api.c.obj
[moonstone:rw] [320/391] Building C object modules/ec/zephyr/CMakeFiles/ec_shim.dir/shim/src/pm_state.c.obj
[moonstone:ro] [332/391] Building C object modules/ec/zephyr/CMakeFiles/ec_shim.dir/shim/src/hooks.c.obj
[moonstone:ro] [333/391] Building C object modules/ec/zephyr/CMakeFiles/ec_shim.dir/shim/src/flash.c.obj
[moonstone:ro] [334/391] Building C object modules/ec/zephyr/CMakeFiles/ec_shim.dir/shim/src/host_command.c.obj
[moonstone:rw] [321/391] Building C object modules/ec/zephyr/CMakeFiles/ec_shim.dir/shim/src/cbi/cros_cbi.c.obj
[moonstone:ro] [335/391] Building C object modules/ec/zephyr/CMakeFiles/ec_shim.dir/shim/src/fan.c.obj
[moonstone:ro] [336/391] Building C object modules/ec/zephyr/CMakeFiles/ec_shim.dir/shim/src/console_buffer.c.obj
[moonstone:ro] [337/391] Building C object modules/ec/zephyr/CMakeFiles/ec_shim.dir/shim/src/mkbp_event.c.obj
[moonstone:rw] [322/391] Building C object modules/ec/zephyr/CMakeFiles/ec_shim.dir/shim/src/cbi/cros_cbi_ufsc.c.obj
[moonstone:ro] [338/391] Building C object modules/ec/zephyr/CMakeFiles/ec_shim.dir/shim/src/espi.c.obj
[moonstone:rw] [323/391] Building C object modules/ec/zephyr/CMakeFiles/ec_shim.dir/shim/src/cbi/cbi_flash.c.obj
[moonstone:rw] [324/391] Building C object modules/ec/zephyr/CMakeFiles/ec_shim.dir/shim/src/led_driver/led.c.obj
[moonstone:rw] [325/391] Building C object modules/ec/zephyr/CMakeFiles/ec_shim.dir/shim/src/led_driver/led_gpio.c.obj
[moonstone:ro] [339/391] Building C object modules/ec/zephyr/CMakeFiles/ec_shim.dir/shim/src/panic.c.obj
[moonstone:ro] [340/391] Building C object modules/ec/zephyr/CMakeFiles/ec_shim.dir/shim/src/hwtimer.c.obj
[moonstone:rw] [326/391] Building C object modules/ec/zephyr/CMakeFiles/ec_shim.dir/shim/src/system.c.obj
[moonstone:ro] [341/391] Building C object modules/ec/zephyr/CMakeFiles/ec_shim.dir/shim/src/pwm_hc.c.obj
[moonstone:rw] [327/391] Building C object modules/ec/zephyr/CMakeFiles/ec_shim.dir/shim/src/battery.c.obj
[moonstone:rw] [328/391] Building C object modules/ec/zephyr/CMakeFiles/ec_shim.dir/shim/src/pdc_shim.c.obj
[moonstone:ro] [342/391] Building C object modules/ec/zephyr/CMakeFiles/ec_shim.dir/shim/src/thermal.c.obj
[/mnt/host/source/src/platform/ec/build/zephyr/francka-lcov]   /mnt/host/source/src/platform/ec/build/zephyr/francka/build-ro/zephyr/arch/arch/arm/core/mpu/CMakeFiles/arch__arm__core__mpu.dir/arm_mpu_regions.c.gcno:no functions found
[/mnt/host/source/src/platform/ec/build/zephyr/francka-lcov] stderr:
[moonstone:ro] [343/391] Building C object modules/ec/zephyr/CMakeFiles/ec_shim.dir/shim/src/temp_sensors.c.obj
[moonstone:rw] [329/391] Building C object modules/ec/zephyr/CMakeFiles/ec_shim.dir/shim/src/adc.c.obj
[moonstone:ro] [344/391] Building C object modules/ec/zephyr/CMakeFiles/ec_shim.dir/shim/src/i2c.c.obj
[moonstone:ro] [345/391] Building C object modules/ec/zephyr/CMakeFiles/ec_shim.dir/shim/src/tasks.c.obj
[moonstone:ro] [346/391] Building C object modules/ec/zephyr/CMakeFiles/ec_shim.dir/shim/src/watchdog.c.obj
[moonstone:ro] [347/391] Linking CXX static library modules/pigweed/pw_containers/libpw_containers.intrusive_item.a
[moonstone:rw] [330/391] Building C object modules/ec/zephyr/CMakeFiles/ec_shim.dir/shim/src/charger.c.obj
[moonstone:ro] [348/391] Building CXX object modules/pigweed/pw_status/CMakeFiles/pw_status.dir/status.cc.obj
[moonstone:rw] [331/391] Building C object modules/ec/zephyr/CMakeFiles/ec_shim.dir/shim/src/chipset_api.c.obj
[moonstone:ro] [349/391] Linking CXX static library modules/pigweed/pw_status/libpw_status.a
[moonstone:ro] [350/391] Building C object modules/ec/zephyr/CMakeFiles/ec_shim.dir/shim/src/usba.c.obj
[moonstone:ro] [351/391] Linking CXX static library modules/pigweed/pw_bytes/libpw_bytes.a
[moonstone:ro] [352/391] Building C object modules/ec/zephyr/CMakeFiles/ec_shim.dir/shim/src/power_host_sleep_api.c.obj
[moonstone:ro] [353/391] Building C object modules/ec/zephyr/CMakeFiles/ec_shim.dir/shim/src/sha256_hw.c.obj
[moonstone:rw] [332/391] Building C object modules/ec/zephyr/CMakeFiles/ec_shim.dir/shim/src/espi.c.obj
[moonstone:ro] [354/391] Linking CXX static library modules/ec/zephyr/libec_shim.a
[moonstone:rw] [333/391] Building C object modules/ec/zephyr/CMakeFiles/ec_shim.dir/shim/src/flash.c.obj
[moonstone:rw] [334/391] Building C object modules/ec/zephyr/CMakeFiles/ec_shim.dir/shim/src/host_command.c.obj
[moonstone:rw] [335/391] Building C object modules/ec/zephyr/CMakeFiles/ec_shim.dir/shim/src/hooks.c.obj
[/mnt/host/source/src/platform/ec/build/zephyr/francka-lcov]   /mnt/host/source/src/platform/ec/build/zephyr/francka/build-ro/zephyr/arch/common/CMakeFiles/isr_tables.dir/isr_tables.c.gcno:no functions found
[/mnt/host/source/src/platform/ec/build/zephyr/francka-lcov] stderr:
[moonstone:rw] [336/391] Building C object modules/ec/zephyr/CMakeFiles/ec_shim.dir/shim/src/fan.c.obj
[moonstone:ro] [355/391] Building C object zephyr/kernel/CMakeFiles/kernel.dir/main_weak.c.obj
[moonstone:rw] [337/391] Building C object modules/ec/zephyr/CMakeFiles/ec_shim.dir/shim/src/mkbp_event.c.obj
[moonstone:ro] [356/391] Building C object zephyr/kernel/CMakeFiles/kernel.dir/banner.c.obj
[moonstone:rw] [338/391] Building C object modules/ec/zephyr/CMakeFiles/ec_shim.dir/shim/src/console_buffer.c.obj
[moonstone:ro] [357/391] Building C object zephyr/kernel/CMakeFiles/kernel.dir/busy_wait.c.obj
[moonstone:ro] [358/391] Building C object zephyr/kernel/CMakeFiles/kernel.dir/device.c.obj
[moonstone:ro] [359/391] Building C object zephyr/kernel/CMakeFiles/kernel.dir/errno.c.obj
[moonstone:rw] [339/391] Building C object modules/ec/zephyr/CMakeFiles/ec_shim.dir/shim/src/panic.c.obj
[moonstone:rw] [340/391] Building C object modules/ec/zephyr/CMakeFiles/ec_shim.dir/shim/src/hwtimer.c.obj
[moonstone:rw] [341/391] Building C object modules/ec/zephyr/CMakeFiles/ec_shim.dir/shim/src/pwm_hc.c.obj
[moonstone:rw] [342/391] Building C object modules/ec/zephyr/CMakeFiles/ec_shim.dir/shim/src/temp_sensors.c.obj
[moonstone:rw] [343/391] Building C object modules/ec/zephyr/CMakeFiles/ec_shim.dir/shim/src/thermal.c.obj
[moonstone:ro] [360/391] Building C object zephyr/kernel/CMakeFiles/kernel.dir/fatal.c.obj
[moonstone:ro] [361/391] Building C object zephyr/kernel/CMakeFiles/kernel.dir/version.c.obj
[moonstone:rw] [344/391] Building C object modules/ec/zephyr/CMakeFiles/ec_shim.dir/shim/src/i2c.c.obj
[moonstone:ro] [362/391] Building C object zephyr/kernel/CMakeFiles/kernel.dir/kheap.c.obj
[moonstone:ro] [363/391] Building C object zephyr/kernel/CMakeFiles/kernel.dir/init.c.obj
[moonstone:ro] [364/391] Building C object zephyr/kernel/CMakeFiles/kernel.dir/mem_slab.c.obj
[moonstone:rw] [345/391] Building C object modules/ec/zephyr/CMakeFiles/ec_shim.dir/shim/src/tasks.c.obj
[moonstone:ro] [365/391] Building C object zephyr/kernel/CMakeFiles/kernel.dir/float.c.obj
[moonstone:rw] [346/391] Building C object modules/ec/zephyr/CMakeFiles/ec_shim.dir/shim/src/usba.c.obj
[moonstone:rw] [347/391] Building C object modules/ec/zephyr/CMakeFiles/ec_shim.dir/shim/src/watchdog.c.obj
[moonstone:rw] [348/391] Building C object modules/ec/zephyr/CMakeFiles/ec_shim.dir/shim/src/sha256_hw.c.obj
[moonstone:rw] [349/391] Linking CXX static library modules/pigweed/pw_containers/libpw_containers.intrusive_item.a
[moonstone:rw] [350/391] Building C object modules/ec/zephyr/CMakeFiles/ec_shim.dir/shim/src/power_host_sleep_api.c.obj
[moonstone:ro] [366/391] Building C object zephyr/kernel/CMakeFiles/kernel.dir/idle.c.obj
[moonstone:rw] [351/391] Building CXX object modules/pigweed/pw_status/CMakeFiles/pw_status.dir/status.cc.obj
[moonstone:rw] [352/391] Linking CXX static library modules/ec/zephyr/libec_shim.a
[moonstone:rw] [353/391] Linking CXX static library modules/pigweed/pw_status/libpw_status.a
[moonstone:ro] [367/391] Building C object zephyr/kernel/CMakeFiles/kernel.dir/mailbox.c.obj
[moonstone:rw] [354/391] Linking CXX static library modules/pigweed/pw_bytes/libpw_bytes.a
[moonstone:ro] [368/391] Building C object zephyr/kernel/CMakeFiles/kernel.dir/msg_q.c.obj
[moonstone:ro] [369/391] Building CXX object modules/ec/zephyr/drivers/dsp_comms/service/CMakeFiles/dsp.service.dir/i2c_target_pio_funcs.cc.obj
[moonstone:ro] [370/391] Building C object zephyr/kernel/CMakeFiles/kernel.dir/mutex.c.obj
[moonstone:ro] [371/391] Building C object zephyr/kernel/CMakeFiles/kernel.dir/queue.c.obj
[moonstone:rw] [355/391] Building C object zephyr/kernel/CMakeFiles/kernel.dir/main_weak.c.obj
[moonstone:ro] [372/391] Building CXX object modules/ec/zephyr/drivers/dsp_comms/service/CMakeFiles/dsp.service.dir/i2c_target_buffer_funcs.cc.obj
[moonstone:rw] [356/391] Building C object zephyr/kernel/CMakeFiles/kernel.dir/banner.c.obj
[moonstone:ro] [373/391] Building C object zephyr/kernel/CMakeFiles/kernel.dir/sem.c.obj
[moonstone:rw] [357/391] Building C object zephyr/kernel/CMakeFiles/kernel.dir/busy_wait.c.obj
[moonstone:ro] [374/391] Building C object zephyr/kernel/CMakeFiles/kernel.dir/system_work_q.c.obj
[moonstone:rw] [358/391] Building C object zephyr/kernel/CMakeFiles/kernel.dir/device.c.obj
[moonstone:ro] [375/391] Building C object zephyr/kernel/CMakeFiles/kernel.dir/stack.c.obj
[moonstone:ro] [376/391] Building CXX object modules/ec/zephyr/drivers/dsp_comms/service/CMakeFiles/dsp.service.dir/dsp_service.cc.obj
[moonstone:ro] [377/391] Linking CXX static library modules/ec/zephyr/drivers/dsp_comms/service/libdsp.service.a
[moonstone:ro] [378/391] Building C object zephyr/kernel/CMakeFiles/kernel.dir/condvar.c.obj
[moonstone:rw] [359/391] Building C object zephyr/kernel/CMakeFiles/kernel.dir/errno.c.obj
[moonstone:ro] [379/391] Building C object zephyr/kernel/CMakeFiles/kernel.dir/thread.c.obj
[moonstone:ro] [380/391] Building C object zephyr/kernel/CMakeFiles/kernel.dir/work.c.obj
[moonstone:rw] [360/391] Building C object zephyr/kernel/CMakeFiles/kernel.dir/fatal.c.obj
[moonstone:ro] [381/391] Building C object zephyr/kernel/CMakeFiles/kernel.dir/pipe.c.obj
[moonstone:ro] [382/391] Building C object zephyr/kernel/CMakeFiles/kernel.dir/spinlock_validate.c.obj
[moonstone:rw] [361/391] Building C object zephyr/kernel/CMakeFiles/kernel.dir/init.c.obj
[moonstone:ro] [383/391] Building C object zephyr/kernel/CMakeFiles/kernel.dir/thread_monitor.c.obj
[moonstone:rw] [362/391] Building C object zephyr/kernel/CMakeFiles/kernel.dir/kheap.c.obj
[moonstone:rw] [363/391] Building C object zephyr/kernel/CMakeFiles/kernel.dir/version.c.obj
[moonstone:ro] [384/391] Building C object zephyr/kernel/CMakeFiles/kernel.dir/sched.c.obj
[rull:ro] Building: /usr/bin/ninja -C /mnt/host/source/src/platform/ec/build/zephyr/rull/build-ro all.libraries
Running `env -i SHELL=/bin/bash COLORTERM=truecolor DEPOT_TOOLS_UPDATE=0 LESS='-R -M --shift 5' SUDO_GID=0 JDK_HOME=/etc/java-config-2/current-system-vm CONFIG_PROTECT_MASK='/etc/gentoo-release /etc/sandbox.d /etc/fonts/fonts.conf /etc/terminfo /etc/ca-certificates.conf /etc/revdep-rebuild' CHROMEOS_CACHEDIR=/var/cache/chromeos-cache JAVA_HOME=/etc/java-config-2/current-system-vm SSH_AUTH_SOCK=/tmp/ssh-auth-sock SUDO_COMMAND=/bin/bash SUDO_USER=root SUDO_TTY=/dev/pts/2 EDITOR=/usr/bin/vi PWD=/mnt/host/source/src/platform/ec CONFIG_PROTECT=/usr/share/gnupg/qualified.txt LOGNAME=jpmurphy MANPATH=/etc/java-config-2/current-system-vm/man:/usr/local/share/man:/usr/share/man:/usr/share/gcc-data/x86_64-pc-linux-gnu/10.2.0/man:/usr/share/binutils-data/x86_64-pc-linux-gnu/2.45/man:/etc/java-config-2/current-system-vm/man/ SUDO_HOME=/root XAUTHORITY=/run/user/944457/gdm/Xauthority HOME=/home/jpmurphy LANG=C.UTF-8 LS_COLORS='rs=0:di=01;34:ln=01;36:mh=00:pi=40;33:so=01;35:do=01;35:bd=40;33;01:cd=40;33;01:or=01;05;37;41:mi=01;05;37;41:su=37;41:sg=30;43:ca=30;41:tw=30;42:ow=34;42:st=37;44:ex=01;32:*.tar=01;31:*.tgz=01;31:*.arc=01;31:*.arj=01;31:*.taz=01;31:*.lha=01;31:*.lz4=01;31:*.lzh=01;31:*.lzma=01;31:*.tlz=01;31:*.txz=01;31:*.tzo=01;31:*.t7z=01;31:*.zip=01;31:*.z=01;31:*.dz=01;31:*.gz=01;31:*.lrz=01;31:*.lz=01;31:*.lzo=01;31:*.xz=01;31:*.zst=01;31:*.tzst=01;31:*.bz2=01;31:*.bz=01;31:*.tbz=01;31:*.tbz2=01;31:*.tz=01;31:*.deb=01;31:*.rpm=01;31:*.jar=01;31:*.war=01;31:*.ear=01;31:*.sar=01;31:*.rar=01;31:*.alz=01;31:*.ace=01;31:*.zoo=01;31:*.cpio=01;31:*.7z=01;31:*.rz=01;31:*.cab=01;31:*.wim=01;31:*.swm=01;31:*.dwm=01;31:*.esd=01;31:*.jpg=01;35:*.jpeg=01;35:*.mjpg=01;35:*.mjpeg=01;35:*.gif=01;35:*.bmp=01;35:*.pbm=01;35:*.pgm=01;35:*.ppm=01;35:*.tga=01;35:*.xbm=01;35:*.xpm=01;35:*.tif=01;35:*.tiff=01;35:*.png=01;35:*.svg=01;35:*.svgz=01;35:*.mng=01;35:*.pcx=01;35:*.mov=01;35:*.mpg=01;35:*.mpeg=01;35:*.m2v=01;35:*.mkv=01;35:*.webm=01;35:*.webp=01;35:*.ogm=01;35:*.mp4=01;35:*.m4v=01;35:*.mp4v=01;35:*.vob=01;35:*.qt=01;35:*.nuv=01;35:*.wmv=01;35:*.asf=01;35:*.rm=01;35:*.rmvb=01;35:*.flc=01;35:*.avi=01;35:*.fli=01;35:*.flv=01;35:*.gl=01;35:*.dl=01;35:*.xcf=01;35:*.xwd=01;35:*.yuv=01;35:*.cgm=01;35:*.emf=01;35:*.ogv=01;35:*.ogx=01;35:*.cfg=00;32:*.conf=00;32:*.diff=00;32:*.doc=00;32:*.ini=00;32:*.log=00;32:*.patch=00;32:*.pdf=00;32:*.ps=00;32:*.tex=00;32:*.txt=00;32:*.aac=00;36:*.au=00;36:*.flac=00;36:*.m4a=00;36:*.mid=00;36:*.midi=00;36:*.mka=00;36:*.mp3=00;36:*.mpc=00;36:*.ogg=00;36:*.ra=00;36:*.wav=00;36:*.oga=00;36:*.opus=00;36:*.spx=00;36:*.xspf=00;36:' XDG_CURRENT_DESKTOP=GNOME INFOPATH=/usr/share/info:/usr/share/gcc-data/x86_64-pc-linux-gnu/10.2.0/info:/usr/share/binutils-data/x86_64-pc-linux-gnu/2.45/info:/usr/share/automake-1.16.5/info JAVAC=/etc/java-config-2/current-system-vm/bin/javac TERM=xterm-256color LESSOPEN='|lesspipe %s' USER=jpmurphy CROS_WORKON_SRCROOT=/mnt/host/source MANPAGER=manpager DISPLAY=:1 SHLVL=1 LC_MESSAGES=C EXTERNAL_TRUNK_PATH=/mnt/8f9d649a-3721-44cc-93c0-e6bd21a9689f/chromiumos GCC_SPECS='' PATH=/mnt/host/source/chromite/bin:/usr/local/bin:/usr/bin:/bin:/opt/bin:/mnt/host/source/chromite/sdk/bin:/mnt/host/source/chromite/bin PORTAGE_USERNAME=jpmurphy SUDO_UID=0 GCC_VER=10.2.0 MAIL=/var/mail/jpmurphy OLDPWD=/mnt/host/source/src/scripts traceparent=00-e87aca51550a78635907baa6a2476181-6d684811675d2973-01 _=./zephyr/firmware_builder.py COREBOOT_SDK_ROOT_x86=/home/jpmurphy/.cache/coreboot-sdk/i386-elf/dfbb0486385d938cfa9d73080b9d18d598ed4f49 COREBOOT_SDK_ROOT_picolibc_x86=/home/jpmurphy/.cache/coreboot-sdk/picolibc-i386-elf/eb8e8e687b95461de8cbf278f1c2076952d0ad17 COREBOOT_SDK_ROOT_riscv64=/home/jpmurphy/.cache/coreboot-sdk/riscv64-elf/96b949749225b6aaa92ed810ab769e8dfb12f000 COREBOOT_SDK_ROOT_picolibc_arm=/home/jpmurphy/.cache/coreboot-sdk/picolibc-arm-eabi/422a2aa3e1ef891b5bece9a3deb696ff83840d2e COREBOOT_SDK_ROOT_nds32=/home/jpmurphy/.cache/coreboot-sdk/nds32le-elf/d1a518c4a097666d86058e1444f85ca015d15511 COREBOOT_SDK_ROOT_picolibc_riscv64=/home/jpmurphy/.cache/coreboot-sdk/picolibc-riscv64-elf/f571e990ef0278564b31124f8bb109d9a697eb69 COREBOOT_SDK_ROOT_arm=/home/jpmurphy/.cache/coreboot-sdk/arm-eabi/ea40ddd1d190c3b48435c474c0b545719371813a COREBOOT_SDK_ROOT_libstdcxx_riscv64=/home/jpmurphy/.cache/coreboot-sdk/libstdcxx-riscv64-elf/17abf22a3a252e2d5d2062ced5324f7a623689e0 COREBOOT_SDK_ROOT_libstdcxx_arm=/home/jpmurphy/.cache/coreboot-sdk/libstdcxx-arm-eabi/5d7d82e150e44aa1968f1d366e267e6687b328ac COREBOOT_SDK_ROOT_riscv=/home/jpmurphy/.cache/coreboot-sdk/riscv-elf/9a27b9e82341c6e9126624f516ab3f261abb3e73 COREBOOT_SDK_ROOT_libstdcxx_x86=/home/jpmurphy/.cache/coreboot-sdk/libstdcxx-i386-elf/42ef9d2e87a76a37963175d7d428734e65648b87 PYTHONPATH=/mnt/host/source/src/platform/ec/zephyr/zmake PW_PIGWEED_CIPD_INSTALL_DIR=/usr CROSTC_USER_ACKNOWLEDGES_THAT_RISCV_IS_EXPERIMENTAL=1 MAKEFLAGS=' -j16 --jobserver-auth=5,6' /usr/bin/ninja -C /mnt/host/source/src/platform/ec/build/zephyr/rull/build-ro all.libraries`
[moonstone:ro] [385/391] Building C object zephyr/kernel/CMakeFiles/kernel.dir/timeout.c.obj
[rull:ro] ninja: Entering directory `/mnt/host/source/src/platform/ec/build/zephyr/rull/build-ro'
[moonstone:ro] [386/391] Building C object zephyr/kernel/CMakeFiles/kernel.dir/timer.c.obj
[moonstone:rw] [364/391] Building C object zephyr/kernel/CMakeFiles/kernel.dir/mem_slab.c.obj
Running (initial) lcov on /mnt/host/source/src/platform/ec/build/zephyr/xivu.
[moonstone:ro] [387/391] Building C object zephyr/kernel/CMakeFiles/kernel.dir/events.c.obj
[/mnt/host/source/src/platform/ec/build/zephyr/francka-lcov]   /mnt/host/source/src/platform/ec/build/zephyr/francka/build-ro/zephyr/CMakeFiles/zephyr.dir/subsys/shell/modules/kernel_service/kernel_shell.c.gcno:no functions found
[/mnt/host/source/src/platform/ec/build/zephyr/francka-lcov] stderr:
[moonstone:rw] [365/391] Building C object zephyr/kernel/CMakeFiles/kernel.dir/float.c.obj
[rull:rw] Building: /usr/bin/ninja -C /mnt/host/source/src/platform/ec/build/zephyr/rull/build-rw all.libraries
Running `env -i SHELL=/bin/bash COLORTERM=truecolor DEPOT_TOOLS_UPDATE=0 LESS='-R -M --shift 5' SUDO_GID=0 JDK_HOME=/etc/java-config-2/current-system-vm CONFIG_PROTECT_MASK='/etc/gentoo-release /etc/sandbox.d /etc/fonts/fonts.conf /etc/terminfo /etc/ca-certificates.conf /etc/revdep-rebuild' CHROMEOS_CACHEDIR=/var/cache/chromeos-cache JAVA_HOME=/etc/java-config-2/current-system-vm SSH_AUTH_SOCK=/tmp/ssh-auth-sock SUDO_COMMAND=/bin/bash SUDO_USER=root SUDO_TTY=/dev/pts/2 EDITOR=/usr/bin/vi PWD=/mnt/host/source/src/platform/ec CONFIG_PROTECT=/usr/share/gnupg/qualified.txt LOGNAME=jpmurphy MANPATH=/etc/java-config-2/current-system-vm/man:/usr/local/share/man:/usr/share/man:/usr/share/gcc-data/x86_64-pc-linux-gnu/10.2.0/man:/usr/share/binutils-data/x86_64-pc-linux-gnu/2.45/man:/etc/java-config-2/current-system-vm/man/ SUDO_HOME=/root XAUTHORITY=/run/user/944457/gdm/Xauthority HOME=/home/jpmurphy LANG=C.UTF-8 LS_COLORS='rs=0:di=01;34:ln=01;36:mh=00:pi=40;33:so=01;35:do=01;35:bd=40;33;01:cd=40;33;01:or=01;05;37;41:mi=01;05;37;41:su=37;41:sg=30;43:ca=30;41:tw=30;42:ow=34;42:st=37;44:ex=01;32:*.tar=01;31:*.tgz=01;31:*.arc=01;31:*.arj=01;31:*.taz=01;31:*.lha=01;31:*.lz4=01;31:*.lzh=01;31:*.lzma=01;31:*.tlz=01;31:*.txz=01;31:*.tzo=01;31:*.t7z=01;31:*.zip=01;31:*.z=01;31:*.dz=01;31:*.gz=01;31:*.lrz=01;31:*.lz=01;31:*.lzo=01;31:*.xz=01;31:*.zst=01;31:*.tzst=01;31:*.bz2=01;31:*.bz=01;31:*.tbz=01;31:*.tbz2=01;31:*.tz=01;31:*.deb=01;31:*.rpm=01;31:*.jar=01;31:*.war=01;31:*.ear=01;31:*.sar=01;31:*.rar=01;31:*.alz=01;31:*.ace=01;31:*.zoo=01;31:*.cpio=01;31:*.7z=01;31:*.rz=01;31:*.cab=01;31:*.wim=01;31:*.swm=01;31:*.dwm=01;31:*.esd=01;31:*.jpg=01;35:*.jpeg=01;35:*.mjpg=01;35:*.mjpeg=01;35:*.gif=01;35:*.bmp=01;35:*.pbm=01;35:*.pgm=01;35:*.ppm=01;35:*.tga=01;35:*.xbm=01;35:*.xpm=01;35:*.tif=01;35:*.tiff=01;35:*.png=01;35:*.svg=01;35:*.svgz=01;35:*.mng=01;35:*.pcx=01;35:*.mov=01;35:*.mpg=01;35:*.mpeg=01;35:*.m2v=01;35:*.mkv=01;35:*.webm=01;35:*.webp=01;35:*.ogm=01;35:*.mp4=01;35:*.m4v=01;35:*.mp4v=01;35:*.vob=01;35:*.qt=01;35:*.nuv=01;35:*.wmv=01;35:*.asf=01;35:*.rm=01;35:*.rmvb=01;35:*.flc=01;35:*.avi=01;35:*.fli=01;35:*.flv=01;35:*.gl=01;35:*.dl=01;35:*.xcf=01;35:*.xwd=01;35:*.yuv=01;35:*.cgm=01;35:*.emf=01;35:*.ogv=01;35:*.ogx=01;35:*.cfg=00;32:*.conf=00;32:*.diff=00;32:*.doc=00;32:*.ini=00;32:*.log=00;32:*.patch=00;32:*.pdf=00;32:*.ps=00;32:*.tex=00;32:*.txt=00;32:*.aac=00;36:*.au=00;36:*.flac=00;36:*.m4a=00;36:*.mid=00;36:*.midi=00;36:*.mka=00;36:*.mp3=00;36:*.mpc=00;36:*.ogg=00;36:*.ra=00;36:*.wav=00;36:*.oga=00;36:*.opus=00;36:*.spx=00;36:*.xspf=00;36:' XDG_CURRENT_DESKTOP=GNOME INFOPATH=/usr/share/info:/usr/share/gcc-data/x86_64-pc-linux-gnu/10.2.0/info:/usr/share/binutils-data/x86_64-pc-linux-gnu/2.45/info:/usr/share/automake-1.16.5/info JAVAC=/etc/java-config-2/current-system-vm/bin/javac TERM=xterm-256color LESSOPEN='|lesspipe %s' USER=jpmurphy CROS_WORKON_SRCROOT=/mnt/host/source MANPAGER=manpager DISPLAY=:1 SHLVL=1 LC_MESSAGES=C EXTERNAL_TRUNK_PATH=/mnt/8f9d649a-3721-44cc-93c0-e6bd21a9689f/chromiumos GCC_SPECS='' PATH=/mnt/host/source/chromite/bin:/usr/local/bin:/usr/bin:/bin:/opt/bin:/mnt/host/source/chromite/sdk/bin:/mnt/host/source/chromite/bin PORTAGE_USERNAME=jpmurphy SUDO_UID=0 GCC_VER=10.2.0 MAIL=/var/mail/jpmurphy OLDPWD=/mnt/host/source/src/scripts traceparent=00-e87aca51550a78635907baa6a2476181-6d684811675d2973-01 _=./zephyr/firmware_builder.py COREBOOT_SDK_ROOT_x86=/home/jpmurphy/.cache/coreboot-sdk/i386-elf/dfbb0486385d938cfa9d73080b9d18d598ed4f49 COREBOOT_SDK_ROOT_picolibc_x86=/home/jpmurphy/.cache/coreboot-sdk/picolibc-i386-elf/eb8e8e687b95461de8cbf278f1c2076952d0ad17 COREBOOT_SDK_ROOT_riscv64=/home/jpmurphy/.cache/coreboot-sdk/riscv64-elf/96b949749225b6aaa92ed810ab769e8dfb12f000 COREBOOT_SDK_ROOT_picolibc_arm=/home/jpmurphy/.cache/coreboot-sdk/picolibc-arm-eabi/422a2aa3e1ef891b5bece9a3deb696ff83840d2e COREBOOT_SDK_ROOT_nds32=/home/jpmurphy/.cache/coreboot-sdk/nds32le-elf/d1a518c4a097666d86058e1444f85ca015d15511 COREBOOT_SDK_ROOT_picolibc_riscv64=/home/jpmurphy/.cache/coreboot-sdk/picolibc-riscv64-elf/f571e990ef0278564b31124f8bb109d9a697eb69 COREBOOT_SDK_ROOT_arm=/home/jpmurphy/.cache/coreboot-sdk/arm-eabi/ea40ddd1d190c3b48435c474c0b545719371813a COREBOOT_SDK_ROOT_libstdcxx_riscv64=/home/jpmurphy/.cache/coreboot-sdk/libstdcxx-riscv64-elf/17abf22a3a252e2d5d2062ced5324f7a623689e0 COREBOOT_SDK_ROOT_libstdcxx_arm=/home/jpmurphy/.cache/coreboot-sdk/libstdcxx-arm-eabi/5d7d82e150e44aa1968f1d366e267e6687b328ac COREBOOT_SDK_ROOT_riscv=/home/jpmurphy/.cache/coreboot-sdk/riscv-elf/9a27b9e82341c6e9126624f516ab3f261abb3e73 COREBOOT_SDK_ROOT_libstdcxx_x86=/home/jpmurphy/.cache/coreboot-sdk/libstdcxx-i386-elf/42ef9d2e87a76a37963175d7d428734e65648b87 PYTHONPATH=/mnt/host/source/src/platform/ec/zephyr/zmake PW_PIGWEED_CIPD_INSTALL_DIR=/usr CROSTC_USER_ACKNOWLEDGES_THAT_RISCV_IS_EXPERIMENTAL=1 MAKEFLAGS=' -j16 --jobserver-auth=5,6' /usr/bin/ninja -C /mnt/host/source/src/platform/ec/build/zephyr/rull/build-rw all.libraries`
[moonstone:ro] [388/391] Building C object zephyr/kernel/CMakeFiles/kernel.dir/mempool.c.obj
[moonstone:ro] [389/391] Building C object zephyr/kernel/CMakeFiles/kernel.dir/poll.c.obj
[rull:rw] ninja: Entering directory `/mnt/host/source/src/platform/ec/build/zephyr/rull/build-rw'
[rull:ro] [1/403] Preparing syscall dependency handling
[moonstone:ro] [390/391] Building C object zephyr/kernel/CMakeFiles/kernel.dir/dynamic_disabled.c.obj
[/mnt/host/source/src/platform/ec/build/zephyr/francka-lcov]   /mnt/host/source/src/platform/ec/build/zephyr/francka/build-ro/zephyr/CMakeFiles/zephyr.dir/lib/libc/validate_libc.c.gcno:no functions found
[/mnt/host/source/src/platform/ec/build/zephyr/francka-lcov] stderr:
Running `env -i PYTHONPATH=/usr/lib64/python-exec/python3.11:/mnt/host/source/src/platform/ec/zephyr/zmake:/usr/lib/python311.zip:/usr/lib/python3.11:/usr/lib/python3.11/lib-dynload:/usr/lib/python3.11/site-packages PW_PIGWEED_CIPD_INSTALL_DIR=/usr CROSTC_USER_ACKNOWLEDGES_THAT_RISCV_IS_EXPERIMENTAL=1 PATH=/mnt/host/source/chromite/bin:/usr/local/bin:/usr/bin:/bin:/opt/bin:/mnt/host/source/chromite/sdk/bin:/mnt/host/source/chromite/bin HOME=/home/jpmurphy JAVA_HOME=/etc/java-config-2/current-system-vm JDK_HOME=/etc/java-config-2/current-system-vm JAVAC=/etc/java-config-2/current-system-vm/bin/javac MAKEFLAGS=' -j16 --jobserver-auth=5,6' /usr/bin/lcov --gcov-tool /mnt/host/source/src/platform/ec/build/zephyr/xivu/build-rw/gcov.sh -q -o - -c -d /mnt/host/source/src/platform/ec/build/zephyr/xivu -t xivu --rc branch_coverage=1 --filter range --ignore-errors inconsistent,source --ignore-errors gcov,gcov -i`
[rull:ro] [2/403] Generating misc/generated/syscalls_subdirs.trigger
[moonstone:ro] [391/391] Linking CXX static library zephyr/kernel/libkernel.a
[rull:rw] [1/403] Preparing syscall dependency handling
[rull:ro] [3/403] Generating include/generated/zephyr/version.h
[rull:ro] -- git describe warned: warning: tag 'upstream/v2.7.99' is externally known as 'v2.7.99'
[moonstone:rw] [366/391] Building C object zephyr/kernel/CMakeFiles/kernel.dir/idle.c.obj
[rull:rw] [2/403] Generating misc/generated/syscalls_subdirs.trigger
[rull:ro] -- Zephyr version: 4.3.99 (/mnt/host/source/src/third_party/zephyr/main)
[rull:ro] [4/403] cd /mnt/host/source/src/platform/ec/build/zephyr/rull/build-ro/modules/ec/zephyr && PYTHONPATH=/mnt/host/source/src/platform/ec/build/zephyr/rull/modules/ec/zephyr/zmake/ /usr/bin/python3.11 /mnt/host/source/src/platform/ec/build/zephyr/rull/modules/ec/zephyr/zmake/zephyr_build_tools/generate_ec_version.py /mnt/host/source/src/platform/ec/build/zephyr/rull/build-ro/modules/ec/zephyr/include/ec_version.h --name Zephyr-Kernel --version 16543.0.0 --static
[moonstone:rw] [367/391] Building CXX object modules/ec/zephyr/drivers/dsp_comms/service/CMakeFiles/dsp.service.dir/i2c_target_buffer_funcs.cc.obj
[moonstone:rw] [368/391] Building C object zephyr/kernel/CMakeFiles/kernel.dir/mailbox.c.obj
[moonstone:rw] [369/391] Building C object zephyr/kernel/CMakeFiles/kernel.dir/msg_q.c.obj
[moonstone:rw] [370/391] Building CXX object modules/ec/zephyr/drivers/dsp_comms/service/CMakeFiles/dsp.service.dir/i2c_target_pio_funcs.cc.obj
[moonstone:rw] [371/391] Building C object zephyr/kernel/CMakeFiles/kernel.dir/mutex.c.obj
[moonstone:rw] [372/391] Building C object zephyr/kernel/CMakeFiles/kernel.dir/sem.c.obj
[rull:rw] [3/403] Generating include/generated/zephyr/version.h
[moonstone:rw] [373/391] Building CXX object modules/ec/zephyr/drivers/dsp_comms/service/CMakeFiles/dsp.service.dir/dsp_service.cc.obj
[moonstone:rw] [374/391] Building C object zephyr/kernel/CMakeFiles/kernel.dir/queue.c.obj
[rull:rw] -- git describe warned: warning: tag 'upstream/v2.7.99' is externally known as 'v2.7.99'
[rull:rw] -- Zephyr version: 4.3.99 (/mnt/host/source/src/third_party/zephyr/main)
[rull:rw] [4/403] cd /mnt/host/source/src/platform/ec/build/zephyr/rull/build-rw/modules/ec/zephyr && PYTHONPATH=/mnt/host/source/src/platform/ec/build/zephyr/rull/modules/ec/zephyr/zmake/ /usr/bin/python3.11 /mnt/host/source/src/platform/ec/build/zephyr/rull/modules/ec/zephyr/zmake/zephyr_build_tools/generate_ec_version.py /mnt/host/source/src/platform/ec/build/zephyr/rull/build-rw/modules/ec/zephyr/include/ec_version.h --name Zephyr-Kernel --version 16543.0.0 --static
[moonstone:rw] [375/391] Linking CXX static library modules/ec/zephyr/drivers/dsp_comms/service/libdsp.service.a
[moonstone:rw] [376/391] Building C object zephyr/kernel/CMakeFiles/kernel.dir/stack.c.obj
[tarkin:ro] Building: /usr/bin/ninja -C /mnt/host/source/src/platform/ec/build/zephyr/tarkin/build-ro all.libraries
Running `env -i SHELL=/bin/bash COLORTERM=truecolor DEPOT_TOOLS_UPDATE=0 LESS='-R -M --shift 5' SUDO_GID=0 JDK_HOME=/etc/java-config-2/current-system-vm CONFIG_PROTECT_MASK='/etc/gentoo-release /etc/sandbox.d /etc/fonts/fonts.conf /etc/terminfo /etc/ca-certificates.conf /etc/revdep-rebuild' CHROMEOS_CACHEDIR=/var/cache/chromeos-cache JAVA_HOME=/etc/java-config-2/current-system-vm SSH_AUTH_SOCK=/tmp/ssh-auth-sock SUDO_COMMAND=/bin/bash SUDO_USER=root SUDO_TTY=/dev/pts/2 EDITOR=/usr/bin/vi PWD=/mnt/host/source/src/platform/ec CONFIG_PROTECT=/usr/share/gnupg/qualified.txt LOGNAME=jpmurphy MANPATH=/etc/java-config-2/current-system-vm/man:/usr/local/share/man:/usr/share/man:/usr/share/gcc-data/x86_64-pc-linux-gnu/10.2.0/man:/usr/share/binutils-data/x86_64-pc-linux-gnu/2.45/man:/etc/java-config-2/current-system-vm/man/ SUDO_HOME=/root XAUTHORITY=/run/user/944457/gdm/Xauthority HOME=/home/jpmurphy LANG=C.UTF-8 LS_COLORS='rs=0:di=01;34:ln=01;36:mh=00:pi=40;33:so=01;35:do=01;35:bd=40;33;01:cd=40;33;01:or=01;05;37;41:mi=01;05;37;41:su=37;41:sg=30;43:ca=30;41:tw=30;42:ow=34;42:st=37;44:ex=01;32:*.tar=01;31:*.tgz=01;31:*.arc=01;31:*.arj=01;31:*.taz=01;31:*.lha=01;31:*.lz4=01;31:*.lzh=01;31:*.lzma=01;31:*.tlz=01;31:*.txz=01;31:*.tzo=01;31:*.t7z=01;31:*.zip=01;31:*.z=01;31:*.dz=01;31:*.gz=01;31:*.lrz=01;31:*.lz=01;31:*.lzo=01;31:*.xz=01;31:*.zst=01;31:*.tzst=01;31:*.bz2=01;31:*.bz=01;31:*.tbz=01;31:*.tbz2=01;31:*.tz=01;31:*.deb=01;31:*.rpm=01;31:*.jar=01;31:*.war=01;31:*.ear=01;31:*.sar=01;31:*.rar=01;31:*.alz=01;31:*.ace=01;31:*.zoo=01;31:*.cpio=01;31:*.7z=01;31:*.rz=01;31:*.cab=01;31:*.wim=01;31:*.swm=01;31:*.dwm=01;31:*.esd=01;31:*.jpg=01;35:*.jpeg=01;35:*.mjpg=01;35:*.mjpeg=01;35:*.gif=01;35:*.bmp=01;35:*.pbm=01;35:*.pgm=01;35:*.ppm=01;35:*.tga=01;35:*.xbm=01;35:*.xpm=01;35:*.tif=01;35:*.tiff=01;35:*.png=01;35:*.svg=01;35:*.svgz=01;35:*.mng=01;35:*.pcx=01;35:*.mov=01;35:*.mpg=01;35:*.mpeg=01;35:*.m2v=01;35:*.mkv=01;35:*.webm=01;35:*.webp=01;35:*.ogm=01;35:*.mp4=01;35:*.m4v=01;35:*.mp4v=01;35:*.vob=01;35:*.qt=01;35:*.nuv=01;35:*.wmv=01;35:*.asf=01;35:*.rm=01;35:*.rmvb=01;35:*.flc=01;35:*.avi=01;35:*.fli=01;35:*.flv=01;35:*.gl=01;35:*.dl=01;35:*.xcf=01;35:*.xwd=01;35:*.yuv=01;35:*.cgm=01;35:*.emf=01;35:*.ogv=01;35:*.ogx=01;35:*.cfg=00;32:*.conf=00;32:*.diff=00;32:*.doc=00;32:*.ini=00;32:*.log=00;32:*.patch=00;32:*.pdf=00;32:*.ps=00;32:*.tex=00;32:*.txt=00;32:*.aac=00;36:*.au=00;36:*.flac=00;36:*.m4a=00;36:*.mid=00;36:*.midi=00;36:*.mka=00;36:*.mp3=00;36:*.mpc=00;36:*.ogg=00;36:*.ra=00;36:*.wav=00;36:*.oga=00;36:*.opus=00;36:*.spx=00;36:*.xspf=00;36:' XDG_CURRENT_DESKTOP=GNOME INFOPATH=/usr/share/info:/usr/share/gcc-data/x86_64-pc-linux-gnu/10.2.0/info:/usr/share/binutils-data/x86_64-pc-linux-gnu/2.45/info:/usr/share/automake-1.16.5/info JAVAC=/etc/java-config-2/current-system-vm/bin/javac TERM=xterm-256color LESSOPEN='|lesspipe %s' USER=jpmurphy CROS_WORKON_SRCROOT=/mnt/host/source MANPAGER=manpager DISPLAY=:1 SHLVL=1 LC_MESSAGES=C EXTERNAL_TRUNK_PATH=/mnt/8f9d649a-3721-44cc-93c0-e6bd21a9689f/chromiumos GCC_SPECS='' PATH=/mnt/host/source/chromite/bin:/usr/local/bin:/usr/bin:/bin:/opt/bin:/mnt/host/source/chromite/sdk/bin:/mnt/host/source/chromite/bin PORTAGE_USERNAME=jpmurphy SUDO_UID=0 GCC_VER=10.2.0 MAIL=/var/mail/jpmurphy OLDPWD=/mnt/host/source/src/scripts traceparent=00-e87aca51550a78635907baa6a2476181-6d684811675d2973-01 _=./zephyr/firmware_builder.py COREBOOT_SDK_ROOT_x86=/home/jpmurphy/.cache/coreboot-sdk/i386-elf/dfbb0486385d938cfa9d73080b9d18d598ed4f49 COREBOOT_SDK_ROOT_picolibc_x86=/home/jpmurphy/.cache/coreboot-sdk/picolibc-i386-elf/eb8e8e687b95461de8cbf278f1c2076952d0ad17 COREBOOT_SDK_ROOT_riscv64=/home/jpmurphy/.cache/coreboot-sdk/riscv64-elf/96b949749225b6aaa92ed810ab769e8dfb12f000 COREBOOT_SDK_ROOT_picolibc_arm=/home/jpmurphy/.cache/coreboot-sdk/picolibc-arm-eabi/422a2aa3e1ef891b5bece9a3deb696ff83840d2e COREBOOT_SDK_ROOT_nds32=/home/jpmurphy/.cache/coreboot-sdk/nds32le-elf/d1a518c4a097666d86058e1444f85ca015d15511 COREBOOT_SDK_ROOT_picolibc_riscv64=/home/jpmurphy/.cache/coreboot-sdk/picolibc-riscv64-elf/f571e990ef0278564b31124f8bb109d9a697eb69 COREBOOT_SDK_ROOT_arm=/home/jpmurphy/.cache/coreboot-sdk/arm-eabi/ea40ddd1d190c3b48435c474c0b545719371813a COREBOOT_SDK_ROOT_libstdcxx_riscv64=/home/jpmurphy/.cache/coreboot-sdk/libstdcxx-riscv64-elf/17abf22a3a252e2d5d2062ced5324f7a623689e0 COREBOOT_SDK_ROOT_libstdcxx_arm=/home/jpmurphy/.cache/coreboot-sdk/libstdcxx-arm-eabi/5d7d82e150e44aa1968f1d366e267e6687b328ac COREBOOT_SDK_ROOT_riscv=/home/jpmurphy/.cache/coreboot-sdk/riscv-elf/9a27b9e82341c6e9126624f516ab3f261abb3e73 COREBOOT_SDK_ROOT_libstdcxx_x86=/home/jpmurphy/.cache/coreboot-sdk/libstdcxx-i386-elf/42ef9d2e87a76a37963175d7d428734e65648b87 PYTHONPATH=/mnt/host/source/src/platform/ec/zephyr/zmake PW_PIGWEED_CIPD_INSTALL_DIR=/usr CROSTC_USER_ACKNOWLEDGES_THAT_RISCV_IS_EXPERIMENTAL=1 MAKEFLAGS=' -j16 --jobserver-auth=5,6' /usr/bin/ninja -C /mnt/host/source/src/platform/ec/build/zephyr/tarkin/build-ro all.libraries`
[rull:ro] INFO:root:Using a static version string
[rull:ro] INFO:root:Version string: Zephyr-Kernel-16543.0.0
[tarkin:ro] ninja: Entering directory `/mnt/host/source/src/platform/ec/build/zephyr/tarkin/build-ro'
[rull:ro] INFO:root:Writing header to /mnt/host/source/src/platform/ec/build/zephyr/rull/build-ro/modules/ec/zephyr/include/ec_version.h
[rull:ro] [5/403] Generating misc/generated/syscalls.json, misc/generated/struct_tags.json
[moonstone:rw] [377/391] Building C object zephyr/kernel/CMakeFiles/kernel.dir/system_work_q.c.obj
[/mnt/host/source/src/platform/ec/build/zephyr/xivu-lcov] geninfo: WARNING: using JSON module "JSON::PP" - which is much slower than some alternatives.  Consider installing one of JSON::XS or Cpanel::JSON::XS
[rull:rw] INFO:root:Using a static version string
[rull:rw] INFO:root:Version string: Zephyr-Kernel-16543.0.0
[rull:rw] INFO:root:Writing header to /mnt/host/source/src/platform/ec/build/zephyr/rull/build-rw/modules/ec/zephyr/include/ec_version.h
[rull:rw] [5/403] Generating misc/generated/syscalls.json, misc/generated/struct_tags.json
[rull:ro] [6/403] Generating include/generated/zephyr/syscall_dispatch.c, include/generated/zephyr/syscall_exports_llext.c, syscall_weakdefs_llext.c, include/generated/zephyr/syscall_list.h
[moonstone:rw] [378/391] Building C object zephyr/kernel/CMakeFiles/kernel.dir/thread.c.obj
[rull:rw] [6/403] Generating include/generated/zephyr/syscall_dispatch.c, include/generated/zephyr/syscall_exports_llext.c, syscall_weakdefs_llext.c, include/generated/zephyr/syscall_list.h
[moonstone:rw] [379/391] Building C object zephyr/kernel/CMakeFiles/kernel.dir/condvar.c.obj
[/mnt/host/source/src/platform/ec/build/zephyr/francka-lcov]   /mnt/host/source/src/platform/ec/build/zephyr/francka/build-ro/zephyr/CMakeFiles/zephyr.dir/lib/utils/last_section_id.c.gcno:no functions found
[/mnt/host/source/src/platform/ec/build/zephyr/francka-lcov] stderr:
[moonstone:rw] [380/391] Building C object zephyr/kernel/CMakeFiles/kernel.dir/pipe.c.obj
[rull:ro] [7/403] Generating include/generated/zephyr/driver-validation.h
[moonstone:rw] [381/391] Building C object zephyr/kernel/CMakeFiles/kernel.dir/thread_monitor.c.obj
[tarkin:ro] [1/347] Preparing syscall dependency handling
[moonstone:rw] [382/391] Building C object zephyr/kernel/CMakeFiles/kernel.dir/spinlock_validate.c.obj
Toolchain <zmake.toolchains.CorebootSdkToolchain object at 0x7f4120798310> selected by probe function.
[ptlgcs] Building in /mnt/host/source/src/platform/ec/build/zephyr/ptlgcs.
[moonstone:rw] [383/391] Building C object zephyr/kernel/CMakeFiles/kernel.dir/work.c.obj
[rull:rw] [7/403] Generating include/generated/zephyr/driver-validation.h
[tarkin:ro] [2/347] Generating misc/generated/syscalls_subdirs.trigger
[tarkin:ro] [3/347] cd /mnt/host/source/src/platform/ec/build/zephyr/tarkin/build-ro/modules/ec/zephyr && PYTHONPATH=/mnt/host/source/src/platform/ec/build/zephyr/tarkin/modules/ec/zephyr/zmake/ /usr/bin/python3.11 /mnt/host/source/src/platform/ec/build/zephyr/tarkin/modules/ec/zephyr/zmake/zephyr_build_tools/generate_ec_version.py /mnt/host/source/src/platform/ec/build/zephyr/tarkin/build-ro/modules/ec/zephyr/include/ec_version.h --name Zephyr-Kernel --version 16543.0.0 --static
[rull:ro] [8/403] Generating include/generated/zephyr/kobj-types-enum.h, include/generated/zephyr/otype-to-str.h, include/generated/zephyr/otype-to-size.h
[rull:rw] [8/403] Generating include/generated/device-api-sections.ld, include/generated/device-api-sections.cmake
[tarkin:rw] Building: /usr/bin/ninja -C /mnt/host/source/src/platform/ec/build/zephyr/tarkin/build-rw all.libraries
Running `env -i SHELL=/bin/bash COLORTERM=truecolor DEPOT_TOOLS_UPDATE=0 LESS='-R -M --shift 5' SUDO_GID=0 JDK_HOME=/etc/java-config-2/current-system-vm CONFIG_PROTECT_MASK='/etc/gentoo-release /etc/sandbox.d /etc/fonts/fonts.conf /etc/terminfo /etc/ca-certificates.conf /etc/revdep-rebuild' CHROMEOS_CACHEDIR=/var/cache/chromeos-cache JAVA_HOME=/etc/java-config-2/current-system-vm SSH_AUTH_SOCK=/tmp/ssh-auth-sock SUDO_COMMAND=/bin/bash SUDO_USER=root SUDO_TTY=/dev/pts/2 EDITOR=/usr/bin/vi PWD=/mnt/host/source/src/platform/ec CONFIG_PROTECT=/usr/share/gnupg/qualified.txt LOGNAME=jpmurphy MANPATH=/etc/java-config-2/current-system-vm/man:/usr/local/share/man:/usr/share/man:/usr/share/gcc-data/x86_64-pc-linux-gnu/10.2.0/man:/usr/share/binutils-data/x86_64-pc-linux-gnu/2.45/man:/etc/java-config-2/current-system-vm/man/ SUDO_HOME=/root XAUTHORITY=/run/user/944457/gdm/Xauthority HOME=/home/jpmurphy LANG=C.UTF-8 LS_COLORS='rs=0:di=01;34:ln=01;36:mh=00:pi=40;33:so=01;35:do=01;35:bd=40;33;01:cd=40;33;01:or=01;05;37;41:mi=01;05;37;41:su=37;41:sg=30;43:ca=30;41:tw=30;42:ow=34;42:st=37;44:ex=01;32:*.tar=01;31:*.tgz=01;31:*.arc=01;31:*.arj=01;31:*.taz=01;31:*.lha=01;31:*.lz4=01;31:*.lzh=01;31:*.lzma=01;31:*.tlz=01;31:*.txz=01;31:*.tzo=01;31:*.t7z=01;31:*.zip=01;31:*.z=01;31:*.dz=01;31:*.gz=01;31:*.lrz=01;31:*.lz=01;31:*.lzo=01;31:*.xz=01;31:*.zst=01;31:*.tzst=01;31:*.bz2=01;31:*.bz=01;31:*.tbz=01;31:*.tbz2=01;31:*.tz=01;31:*.deb=01;31:*.rpm=01;31:*.jar=01;31:*.war=01;31:*.ear=01;31:*.sar=01;31:*.rar=01;31:*.alz=01;31:*.ace=01;31:*.zoo=01;31:*.cpio=01;31:*.7z=01;31:*.rz=01;31:*.cab=01;31:*.wim=01;31:*.swm=01;31:*.dwm=01;31:*.esd=01;31:*.jpg=01;35:*.jpeg=01;35:*.mjpg=01;35:*.mjpeg=01;35:*.gif=01;35:*.bmp=01;35:*.pbm=01;35:*.pgm=01;35:*.ppm=01;35:*.tga=01;35:*.xbm=01;35:*.xpm=01;35:*.tif=01;35:*.tiff=01;35:*.png=01;35:*.svg=01;35:*.svgz=01;35:*.mng=01;35:*.pcx=01;35:*.mov=01;35:*.mpg=01;35:*.mpeg=01;35:*.m2v=01;35:*.mkv=01;35:*.webm=01;35:*.webp=01;35:*.ogm=01;35:*.mp4=01;35:*.m4v=01;35:*.mp4v=01;35:*.vob=01;35:*.qt=01;35:*.nuv=01;35:*.wmv=01;35:*.asf=01;35:*.rm=01;35:*.rmvb=01;35:*.flc=01;35:*.avi=01;35:*.fli=01;35:*.flv=01;35:*.gl=01;35:*.dl=01;35:*.xcf=01;35:*.xwd=01;35:*.yuv=01;35:*.cgm=01;35:*.emf=01;35:*.ogv=01;35:*.ogx=01;35:*.cfg=00;32:*.conf=00;32:*.diff=00;32:*.doc=00;32:*.ini=00;32:*.log=00;32:*.patch=00;32:*.pdf=00;32:*.ps=00;32:*.tex=00;32:*.txt=00;32:*.aac=00;36:*.au=00;36:*.flac=00;36:*.m4a=00;36:*.mid=00;36:*.midi=00;36:*.mka=00;36:*.mp3=00;36:*.mpc=00;36:*.ogg=00;36:*.ra=00;36:*.wav=00;36:*.oga=00;36:*.opus=00;36:*.spx=00;36:*.xspf=00;36:' XDG_CURRENT_DESKTOP=GNOME INFOPATH=/usr/share/info:/usr/share/gcc-data/x86_64-pc-linux-gnu/10.2.0/info:/usr/share/binutils-data/x86_64-pc-linux-gnu/2.45/info:/usr/share/automake-1.16.5/info JAVAC=/etc/java-config-2/current-system-vm/bin/javac TERM=xterm-256color LESSOPEN='|lesspipe %s' USER=jpmurphy CROS_WORKON_SRCROOT=/mnt/host/source MANPAGER=manpager DISPLAY=:1 SHLVL=1 LC_MESSAGES=C EXTERNAL_TRUNK_PATH=/mnt/8f9d649a-3721-44cc-93c0-e6bd21a9689f/chromiumos GCC_SPECS='' PATH=/mnt/host/source/chromite/bin:/usr/local/bin:/usr/bin:/bin:/opt/bin:/mnt/host/source/chromite/sdk/bin:/mnt/host/source/chromite/bin PORTAGE_USERNAME=jpmurphy SUDO_UID=0 GCC_VER=10.2.0 MAIL=/var/mail/jpmurphy OLDPWD=/mnt/host/source/src/scripts traceparent=00-e87aca51550a78635907baa6a2476181-6d684811675d2973-01 _=./zephyr/firmware_builder.py COREBOOT_SDK_ROOT_x86=/home/jpmurphy/.cache/coreboot-sdk/i386-elf/dfbb0486385d938cfa9d73080b9d18d598ed4f49 COREBOOT_SDK_ROOT_picolibc_x86=/home/jpmurphy/.cache/coreboot-sdk/picolibc-i386-elf/eb8e8e687b95461de8cbf278f1c2076952d0ad17 COREBOOT_SDK_ROOT_riscv64=/home/jpmurphy/.cache/coreboot-sdk/riscv64-elf/96b949749225b6aaa92ed810ab769e8dfb12f000 COREBOOT_SDK_ROOT_picolibc_arm=/home/jpmurphy/.cache/coreboot-sdk/picolibc-arm-eabi/422a2aa3e1ef891b5bece9a3deb696ff83840d2e COREBOOT_SDK_ROOT_nds32=/home/jpmurphy/.cache/coreboot-sdk/nds32le-elf/d1a518c4a097666d86058e1444f85ca015d15511 COREBOOT_SDK_ROOT_picolibc_riscv64=/home/jpmurphy/.cache/coreboot-sdk/picolibc-riscv64-elf/f571e990ef0278564b31124f8bb109d9a697eb69 COREBOOT_SDK_ROOT_arm=/home/jpmurphy/.cache/coreboot-sdk/arm-eabi/ea40ddd1d190c3b48435c474c0b545719371813a COREBOOT_SDK_ROOT_libstdcxx_riscv64=/home/jpmurphy/.cache/coreboot-sdk/libstdcxx-riscv64-elf/17abf22a3a252e2d5d2062ced5324f7a623689e0 COREBOOT_SDK_ROOT_libstdcxx_arm=/home/jpmurphy/.cache/coreboot-sdk/libstdcxx-arm-eabi/5d7d82e150e44aa1968f1d366e267e6687b328ac COREBOOT_SDK_ROOT_riscv=/home/jpmurphy/.cache/coreboot-sdk/riscv-elf/9a27b9e82341c6e9126624f516ab3f261abb3e73 COREBOOT_SDK_ROOT_libstdcxx_x86=/home/jpmurphy/.cache/coreboot-sdk/libstdcxx-i386-elf/42ef9d2e87a76a37963175d7d428734e65648b87 PYTHONPATH=/mnt/host/source/src/platform/ec/zephyr/zmake PW_PIGWEED_CIPD_INSTALL_DIR=/usr CROSTC_USER_ACKNOWLEDGES_THAT_RISCV_IS_EXPERIMENTAL=1 MAKEFLAGS=' -j16 --jobserver-auth=5,6' /usr/bin/ninja -C /mnt/host/source/src/platform/ec/build/zephyr/tarkin/build-rw all.libraries`
[moonstone:rw] [384/391] Building C object zephyr/kernel/CMakeFiles/kernel.dir/sched.c.obj
[tarkin:rw] ninja: Entering directory `/mnt/host/source/src/platform/ec/build/zephyr/tarkin/build-rw'
[moonstone:rw] [385/391] Building C object zephyr/kernel/CMakeFiles/kernel.dir/timeout.c.obj
[ptlgcs:rw] Configuring.
Running `env -i PYTHONPATH=/usr/lib64/python-exec/python3.11:/mnt/host/source/src/platform/ec/zephyr/zmake:/usr/lib/python311.zip:/usr/lib/python3.11:/usr/lib/python3.11/lib-dynload:/usr/lib/python3.11/site-packages PW_PIGWEED_CIPD_INSTALL_DIR=/usr CROSTC_USER_ACKNOWLEDGES_THAT_RISCV_IS_EXPERIMENTAL=1 PATH=/mnt/host/source/chromite/bin:/usr/local/bin:/usr/bin:/bin:/opt/bin:/mnt/host/source/chromite/sdk/bin:/mnt/host/source/chromite/bin HOME=/home/jpmurphy JAVA_HOME=/etc/java-config-2/current-system-vm JDK_HOME=/etc/java-config-2/current-system-vm JAVAC=/etc/java-config-2/current-system-vm/bin/javac MAKEFLAGS=' -j16 --jobserver-auth=5,6' /usr/bin/cmake -S /mnt/host/source/src/platform/ec/zephyr/program/intelrvp -B /mnt/host/source/src/platform/ec/build/zephyr/ptlgcs/build-rw -GNinja -DCMAKE_EXPORT_COMPILE_COMMANDS=ON -DZEPHYR_BASE=/mnt/host/source/src/third_party/zephyr/main -DZMAKE_INCLUDE_DIR=/mnt/host/source/src/platform/ec/build/zephyr/ptlgcs/include -DPython3_EXECUTABLE=/usr/bin/python3.11 -DDTS_ROOT=/mnt/host/source/src/platform/ec/zephyr -DSYSCALL_INCLUDE_DIRS=/mnt/host/source/src/platform/ec/zephyr/include/drivers -DUSER_CACHE_DIR=/mnt/host/source/src/platform/ec/build/zephyr/user-cache '-DEXTRA_EC_VERSION_FLAGS=--version 16543.0.0 --static' -DTOOLCHAIN_ROOT=/mnt/host/source/src/platform/ec/zephyr -DCOREBOOT_SDK_ROOT_x86=/home/jpmurphy/.cache/coreboot-sdk/i386-elf/dfbb0486385d938cfa9d73080b9d18d598ed4f49 -DCOREBOOT_SDK_ROOT_picolibc_x86=/home/jpmurphy/.cache/coreboot-sdk/picolibc-i386-elf/eb8e8e687b95461de8cbf278f1c2076952d0ad17 -DCOREBOOT_SDK_ROOT_riscv64=/home/jpmurphy/.cache/coreboot-sdk/riscv64-elf/96b949749225b6aaa92ed810ab769e8dfb12f000 -DCOREBOOT_SDK_ROOT_picolibc_arm=/home/jpmurphy/.cache/coreboot-sdk/picolibc-arm-eabi/422a2aa3e1ef891b5bece9a3deb696ff83840d2e -DCOREBOOT_SDK_ROOT_nds32=/home/jpmurphy/.cache/coreboot-sdk/nds32le-elf/d1a518c4a097666d86058e1444f85ca015d15511 -DCOREBOOT_SDK_ROOT_picolibc_riscv64=/home/jpmurphy/.cache/coreboot-sdk/picolibc-riscv64-elf/f571e990ef0278564b31124f8bb109d9a697eb69 -DCOREBOOT_SDK_ROOT_arm=/home/jpmurphy/.cache/coreboot-sdk/arm-eabi/ea40ddd1d190c3b48435c474c0b545719371813a -DCOREBOOT_SDK_ROOT_libstdcxx_riscv64=/home/jpmurphy/.cache/coreboot-sdk/libstdcxx-riscv64-elf/17abf22a3a252e2d5d2062ced5324f7a623689e0 -DCOREBOOT_SDK_ROOT_libstdcxx_arm=/home/jpmurphy/.cache/coreboot-sdk/libstdcxx-arm-eabi/5d7d82e150e44aa1968f1d366e267e6687b328ac -DCOREBOOT_SDK_ROOT_riscv=/home/jpmurphy/.cache/coreboot-sdk/riscv-elf/9a27b9e82341c6e9126624f516ab3f261abb3e73 -DCOREBOOT_SDK_ROOT_libstdcxx_x86=/home/jpmurphy/.cache/coreboot-sdk/libstdcxx-i386-elf/42ef9d2e87a76a37963175d7d428734e65648b87 -DZEPHYR_TOOLCHAIN_VARIANT=coreboot-sdk '-DZEPHYR_MODULES=/mnt/host/source/src/platform/ec/build/zephyr/ptlgcs/modules/cmsis;/mnt/host/source/src/platform/ec/build/zephyr/ptlgcs/modules/cmsis_6;/mnt/host/source/src/platform/ec/build/zephyr/ptlgcs/modules/ec' -DDTC_OVERLAY_FILE=/mnt/host/source/src/platform/ec/zephyr/program/intelrvp/ptlrvp/ptlgcs/project.overlay -DBOARD=mec172x/mec172x_nsz/mec1727 -DCMAKE_C_FLAGS=-DSECTION_IS_RW '-DCONF_FILE=/mnt/host/source/src/platform/ec/zephyr/program/intelrvp/program.conf;/mnt/host/source/src/platform/ec/zephyr/program/intelrvp/ptlrvp/program.conf;/mnt/host/source/src/platform/ec/zephyr/program/intelrvp/ptlrvp/ptlgcs/project.conf;/mnt/host/source/src/platform/ec/zephyr/program/intelrvp/ptlrvp/pd.conf;/mnt/host/source/src/platform/ec/zephyr/program/intelrvp/zephyr_ap_pwrseq.conf;/mnt/host/source/src/platform/ec/build/zephyr/ptlgcs/kconfig-rw.conf'`
[ptlgcs:rw] -- Application: /mnt/host/source/src/platform/ec/zephyr/program/intelrvp
[ptlgcs:rw] Loading Zephyr default modules (Zephyr base (cached)).
[rull:rw] [9/403] Generating include/generated/zephyr/kobj-types-enum.h, include/generated/zephyr/otype-to-str.h, include/generated/zephyr/otype-to-size.h
[rull:ro] [9/403] Generating include/generated/device-api-sections.ld, include/generated/device-api-sections.cmake
[moonstone:rw] [386/391] Building C object zephyr/kernel/CMakeFiles/kernel.dir/timer.c.obj
[tarkin:rw] [1/347] Preparing syscall dependency handling
[tarkin:ro] INFO:root:Using a static version string
[tarkin:ro] INFO:root:Version string: Zephyr-Kernel-16543.0.0
[tarkin:ro] INFO:root:Writing header to /mnt/host/source/src/platform/ec/build/zephyr/tarkin/build-ro/modules/ec/zephyr/include/ec_version.h
[tarkin:ro] [4/347] Generating include/generated/zephyr/version.h
[ptlgcs:ro] Configuring.
Running `env -i PYTHONPATH=/usr/lib64/python-exec/python3.11:/mnt/host/source/src/platform/ec/zephyr/zmake:/usr/lib/python311.zip:/usr/lib/python3.11:/usr/lib/python3.11/lib-dynload:/usr/lib/python3.11/site-packages PW_PIGWEED_CIPD_INSTALL_DIR=/usr CROSTC_USER_ACKNOWLEDGES_THAT_RISCV_IS_EXPERIMENTAL=1 PATH=/mnt/host/source/chromite/bin:/usr/local/bin:/usr/bin:/bin:/opt/bin:/mnt/host/source/chromite/sdk/bin:/mnt/host/source/chromite/bin HOME=/home/jpmurphy JAVA_HOME=/etc/java-config-2/current-system-vm JDK_HOME=/etc/java-config-2/current-system-vm JAVAC=/etc/java-config-2/current-system-vm/bin/javac MAKEFLAGS=' -j16 --jobserver-auth=5,6' /usr/bin/cmake -S /mnt/host/source/src/platform/ec/zephyr/program/intelrvp -B /mnt/host/source/src/platform/ec/build/zephyr/ptlgcs/build-ro -GNinja -DCMAKE_EXPORT_COMPILE_COMMANDS=ON -DZEPHYR_BASE=/mnt/host/source/src/third_party/zephyr/main -DZMAKE_INCLUDE_DIR=/mnt/host/source/src/platform/ec/build/zephyr/ptlgcs/include -DPython3_EXECUTABLE=/usr/bin/python3.11 -DDTS_ROOT=/mnt/host/source/src/platform/ec/zephyr -DSYSCALL_INCLUDE_DIRS=/mnt/host/source/src/platform/ec/zephyr/include/drivers -DUSER_CACHE_DIR=/mnt/host/source/src/platform/ec/build/zephyr/user-cache '-DEXTRA_EC_VERSION_FLAGS=--version 16543.0.0 --static' -DTOOLCHAIN_ROOT=/mnt/host/source/src/platform/ec/zephyr -DCOREBOOT_SDK_ROOT_x86=/home/jpmurphy/.cache/coreboot-sdk/i386-elf/dfbb0486385d938cfa9d73080b9d18d598ed4f49 -DCOREBOOT_SDK_ROOT_picolibc_x86=/home/jpmurphy/.cache/coreboot-sdk/picolibc-i386-elf/eb8e8e687b95461de8cbf278f1c2076952d0ad17 -DCOREBOOT_SDK_ROOT_riscv64=/home/jpmurphy/.cache/coreboot-sdk/riscv64-elf/96b949749225b6aaa92ed810ab769e8dfb12f000 -DCOREBOOT_SDK_ROOT_picolibc_arm=/home/jpmurphy/.cache/coreboot-sdk/picolibc-arm-eabi/422a2aa3e1ef891b5bece9a3deb696ff83840d2e -DCOREBOOT_SDK_ROOT_nds32=/home/jpmurphy/.cache/coreboot-sdk/nds32le-elf/d1a518c4a097666d86058e1444f85ca015d15511 -DCOREBOOT_SDK_ROOT_picolibc_riscv64=/home/jpmurphy/.cache/coreboot-sdk/picolibc-riscv64-elf/f571e990ef0278564b31124f8bb109d9a697eb69 -DCOREBOOT_SDK_ROOT_arm=/home/jpmurphy/.cache/coreboot-sdk/arm-eabi/ea40ddd1d190c3b48435c474c0b545719371813a -DCOREBOOT_SDK_ROOT_libstdcxx_riscv64=/home/jpmurphy/.cache/coreboot-sdk/libstdcxx-riscv64-elf/17abf22a3a252e2d5d2062ced5324f7a623689e0 -DCOREBOOT_SDK_ROOT_libstdcxx_arm=/home/jpmurphy/.cache/coreboot-sdk/libstdcxx-arm-eabi/5d7d82e150e44aa1968f1d366e267e6687b328ac -DCOREBOOT_SDK_ROOT_riscv=/home/jpmurphy/.cache/coreboot-sdk/riscv-elf/9a27b9e82341c6e9126624f516ab3f261abb3e73 -DCOREBOOT_SDK_ROOT_libstdcxx_x86=/home/jpmurphy/.cache/coreboot-sdk/libstdcxx-i386-elf/42ef9d2e87a76a37963175d7d428734e65648b87 -DZEPHYR_TOOLCHAIN_VARIANT=coreboot-sdk '-DZEPHYR_MODULES=/mnt/host/source/src/platform/ec/build/zephyr/ptlgcs/modules/cmsis;/mnt/host/source/src/platform/ec/build/zephyr/ptlgcs/modules/cmsis_6;/mnt/host/source/src/platform/ec/build/zephyr/ptlgcs/modules/ec' -DDTC_OVERLAY_FILE=/mnt/host/source/src/platform/ec/zephyr/program/intelrvp/ptlrvp/ptlgcs/project.overlay -DBOARD=mec172x/mec172x_nsz/mec1727 -DCMAKE_C_FLAGS=-DSECTION_IS_RO '-DCONF_FILE=/mnt/host/source/src/platform/ec/zephyr/program/intelrvp/program.conf;/mnt/host/source/src/platform/ec/zephyr/program/intelrvp/ptlrvp/program.conf;/mnt/host/source/src/platform/ec/zephyr/program/intelrvp/ptlrvp/ptlgcs/project.conf;/mnt/host/source/src/platform/ec/zephyr/program/intelrvp/ptlrvp/pd.conf;/mnt/host/source/src/platform/ec/zephyr/program/intelrvp/zephyr_ap_pwrseq.conf;/mnt/host/source/src/platform/ec/build/zephyr/ptlgcs/kconfig-ro.conf'`
[ptlgcs:ro] Loading Zephyr default modules (Zephyr base (cached)).
[ptlgcs:ro] -- Application: /mnt/host/source/src/platform/ec/zephyr/program/intelrvp
[ptlgcs:ro] -- CMake version: 3.31.7
[rull:rw] [10/403] Building C object zephyr/drivers/sensor/CMakeFiles/drivers__sensor.dir/mnt/host/source/src/third_party/zephyr/main/misc/empty_file.c.obj
[tarkin:rw] [2/347] Generating misc/generated/syscalls_subdirs.trigger
[rull:rw] [11/403] Linking C static library zephyr/drivers/sensor/libdrivers__sensor.a
[npcx-aic:rw] Configuring.
Running `env -i PYTHONPATH=/usr/lib64/python-exec/python3.11:/mnt/host/source/src/platform/ec/zephyr/zmake:/usr/lib/python311.zip:/usr/lib/python3.11:/usr/lib/python3.11/lib-dynload:/usr/lib/python3.11/site-packages PW_PIGWEED_CIPD_INSTALL_DIR=/usr CROSTC_USER_ACKNOWLEDGES_THAT_RISCV_IS_EXPERIMENTAL=1 PATH=/mnt/host/source/chromite/bin:/usr/local/bin:/usr/bin:/bin:/opt/bin:/mnt/host/source/chromite/sdk/bin:/mnt/host/source/chromite/bin HOME=/home/jpmurphy JAVA_HOME=/etc/java-config-2/current-system-vm JDK_HOME=/etc/java-config-2/current-system-vm JAVAC=/etc/java-config-2/current-system-vm/bin/javac MAKEFLAGS=' -j16 --jobserver-auth=5,6' /usr/bin/cmake -S /mnt/host/source/src/platform/ec/zephyr/program/ec-aic -B /mnt/host/source/src/platform/ec/build/zephyr/npcx-aic/build-rw -GNinja -DCMAKE_EXPORT_COMPILE_COMMANDS=ON -DZEPHYR_BASE=/mnt/host/source/src/third_party/zephyr/main -DZMAKE_INCLUDE_DIR=/mnt/host/source/src/platform/ec/build/zephyr/npcx-aic/include -DPython3_EXECUTABLE=/usr/bin/python3.11 -DDTS_ROOT=/mnt/host/source/src/platform/ec/zephyr -DSYSCALL_INCLUDE_DIRS=/mnt/host/source/src/platform/ec/zephyr/include/drivers -DUSER_CACHE_DIR=/mnt/host/source/src/platform/ec/build/zephyr/user-cache '-DEXTRA_EC_VERSION_FLAGS=--version 16543.0.0 --static' -DTOOLCHAIN_ROOT=/mnt/host/source/src/platform/ec/zephyr -DCOREBOOT_SDK_ROOT_x86=/home/jpmurphy/.cache/coreboot-sdk/i386-elf/dfbb0486385d938cfa9d73080b9d18d598ed4f49 -DCOREBOOT_SDK_ROOT_picolibc_x86=/home/jpmurphy/.cache/coreboot-sdk/picolibc-i386-elf/eb8e8e687b95461de8cbf278f1c2076952d0ad17 -DCOREBOOT_SDK_ROOT_riscv64=/home/jpmurphy/.cache/coreboot-sdk/riscv64-elf/96b949749225b6aaa92ed810ab769e8dfb12f000 -DCOREBOOT_SDK_ROOT_picolibc_arm=/home/jpmurphy/.cache/coreboot-sdk/picolibc-arm-eabi/422a2aa3e1ef891b5bece9a3deb696ff83840d2e -DCOREBOOT_SDK_ROOT_nds32=/home/jpmurphy/.cache/coreboot-sdk/nds32le-elf/d1a518c4a097666d86058e1444f85ca015d15511 -DCOREBOOT_SDK_ROOT_picolibc_riscv64=/home/jpmurphy/.cache/coreboot-sdk/picolibc-riscv64-elf/f571e990ef0278564b31124f8bb109d9a697eb69 -DCOREBOOT_SDK_ROOT_arm=/home/jpmurphy/.cache/coreboot-sdk/arm-eabi/ea40ddd1d190c3b48435c474c0b545719371813a -DCOREBOOT_SDK_ROOT_libstdcxx_riscv64=/home/jpmurphy/.cache/coreboot-sdk/libstdcxx-riscv64-elf/17abf22a3a252e2d5d2062ced5324f7a623689e0 -DCOREBOOT_SDK_ROOT_libstdcxx_arm=/home/jpmurphy/.cache/coreboot-sdk/libstdcxx-arm-eabi/5d7d82e150e44aa1968f1d366e267e6687b328ac -DCOREBOOT_SDK_ROOT_riscv=/home/jpmurphy/.cache/coreboot-sdk/riscv-elf/9a27b9e82341c6e9126624f516ab3f261abb3e73 -DCOREBOOT_SDK_ROOT_libstdcxx_x86=/home/jpmurphy/.cache/coreboot-sdk/libstdcxx-i386-elf/42ef9d2e87a76a37963175d7d428734e65648b87 -DZEPHYR_TOOLCHAIN_VARIANT=coreboot-sdk '-DZEPHYR_MODULES=/mnt/host/source/src/platform/ec/build/zephyr/npcx-aic/modules/cmsis;/mnt/host/source/src/platform/ec/build/zephyr/npcx-aic/modules/cmsis_6;/mnt/host/source/src/platform/ec/build/zephyr/npcx-aic/modules/ec' -DDTC_OVERLAY_FILE=/mnt/host/source/src/platform/ec/zephyr/program/ec-aic/npcx-aic/project.overlay -DBOARD=npcx9/npcx9m7f -DCMAKE_C_FLAGS=-DSECTION_IS_RW '-DCONF_FILE=/mnt/host/source/src/platform/ec/zephyr/program/ec-aic/program.conf;/mnt/host/source/src/platform/ec/zephyr/program/ec-aic/npcx-aic/project.conf;/mnt/host/source/src/platform/ec/build/zephyr/npcx-aic/kconfig-rw.conf'`
[moonstone:rw] [387/391] Building C object zephyr/kernel/CMakeFiles/kernel.dir/events.c.obj
[npcx-aic:rw] Loading Zephyr default modules (Zephyr base (cached)).
[npcx-aic:rw] -- Application: /mnt/host/source/src/platform/ec/zephyr/program/ec-aic
[moonstone:rw] [388/391] Building C object zephyr/kernel/CMakeFiles/kernel.dir/poll.c.obj
[ptlgcs:rw] -- CMake version: 3.31.7
[ptlgcs:rw] -- Found Python3: /usr/bin/python3.11 (found suitable version "3.11.11", minimum required is "3.10") found components: Interpreter
[ptlgcs:rw] -- Cache files will be written to: /mnt/host/source/src/platform/ec/build/zephyr/user-cache
[ptlgcs:rw] -- Zephyr version: 4.3.99 (/mnt/host/source/src/third_party/zephyr/main)
[moonstone:rw] [389/391] Building C object zephyr/kernel/CMakeFiles/kernel.dir/dynamic_disabled.c.obj
Toolchain <zmake.toolchains.CorebootSdkToolchain object at 0x7f41430407d0> selected by probe function.
[moonstone:rw] [390/391] Building C object zephyr/kernel/CMakeFiles/kernel.dir/mempool.c.obj
[pujjolo] Building in /mnt/host/source/src/platform/ec/build/zephyr/pujjolo.
[pujjolo:ro] Configuring.
Running `env -i PYTHONPATH=/usr/lib64/python-exec/python3.11:/mnt/host/source/src/platform/ec/zephyr/zmake:/usr/lib/python311.zip:/usr/lib/python3.11:/usr/lib/python3.11/lib-dynload:/usr/lib/python3.11/site-packages PW_PIGWEED_CIPD_INSTALL_DIR=/usr CROSTC_USER_ACKNOWLEDGES_THAT_RISCV_IS_EXPERIMENTAL=1 PATH=/mnt/host/source/chromite/bin:/usr/local/bin:/usr/bin:/bin:/opt/bin:/mnt/host/source/chromite/sdk/bin:/mnt/host/source/chromite/bin HOME=/home/jpmurphy JAVA_HOME=/etc/java-config-2/current-system-vm JDK_HOME=/etc/java-config-2/current-system-vm JAVAC=/etc/java-config-2/current-system-vm/bin/javac MAKEFLAGS=' -j16 --jobserver-auth=5,6' /usr/bin/cmake -S /mnt/host/source/src/platform/ec/zephyr/program/trulo -B /mnt/host/source/src/platform/ec/build/zephyr/pujjolo/build-ro -GNinja -DCMAKE_EXPORT_COMPILE_COMMANDS=ON -DZEPHYR_BASE=/mnt/host/source/src/third_party/zephyr/main -DZMAKE_INCLUDE_DIR=/mnt/host/source/src/platform/ec/build/zephyr/pujjolo/include -DPython3_EXECUTABLE=/usr/bin/python3.11 -DDTS_ROOT=/mnt/host/source/src/platform/ec/zephyr -DSYSCALL_INCLUDE_DIRS=/mnt/host/source/src/platform/ec/zephyr/include/drivers -DUSER_CACHE_DIR=/mnt/host/source/src/platform/ec/build/zephyr/user-cache -DPW_ROOT=/mnt/host/source/src/third_party/pigweed -DNANOPB_DIR=/mnt/host/source/src/third_party/zephyr/nanopb '-DEXTRA_EC_VERSION_FLAGS=--version 16543.0.0 --static' -DTOOLCHAIN_ROOT=/mnt/host/source/src/platform/ec/zephyr -DCOREBOOT_SDK_ROOT_x86=/home/jpmurphy/.cache/coreboot-sdk/i386-elf/dfbb0486385d938cfa9d73080b9d18d598ed4f49 -DCOREBOOT_SDK_ROOT_picolibc_x86=/home/jpmurphy/.cache/coreboot-sdk/picolibc-i386-elf/eb8e8e687b95461de8cbf278f1c2076952d0ad17 -DCOREBOOT_SDK_ROOT_riscv64=/home/jpmurphy/.cache/coreboot-sdk/riscv64-elf/96b949749225b6aaa92ed810ab769e8dfb12f000 -DCOREBOOT_SDK_ROOT_picolibc_arm=/home/jpmurphy/.cache/coreboot-sdk/picolibc-arm-eabi/422a2aa3e1ef891b5bece9a3deb696ff83840d2e -DCOREBOOT_SDK_ROOT_nds32=/home/jpmurphy/.cache/coreboot-sdk/nds32le-elf/d1a518c4a097666d86058e1444f85ca015d15511 -DCOREBOOT_SDK_ROOT_picolibc_riscv64=/home/jpmurphy/.cache/coreboot-sdk/picolibc-riscv64-elf/f571e990ef0278564b31124f8bb109d9a697eb69 -DCOREBOOT_SDK_ROOT_arm=/home/jpmurphy/.cache/coreboot-sdk/arm-eabi/ea40ddd1d190c3b48435c474c0b545719371813a -DCOREBOOT_SDK_ROOT_libstdcxx_riscv64=/home/jpmurphy/.cache/coreboot-sdk/libstdcxx-riscv64-elf/17abf22a3a252e2d5d2062ced5324f7a623689e0 -DCOREBOOT_SDK_ROOT_libstdcxx_arm=/home/jpmurphy/.cache/coreboot-sdk/libstdcxx-arm-eabi/5d7d82e150e44aa1968f1d366e267e6687b328ac -DCOREBOOT_SDK_ROOT_riscv=/home/jpmurphy/.cache/coreboot-sdk/riscv-elf/9a27b9e82341c6e9126624f516ab3f261abb3e73 -DCOREBOOT_SDK_ROOT_libstdcxx_x86=/home/jpmurphy/.cache/coreboot-sdk/libstdcxx-i386-elf/42ef9d2e87a76a37963175d7d428734e65648b87 -DZEPHYR_TOOLCHAIN_VARIANT=coreboot-sdk '-DZEPHYR_MODULES=/mnt/host/source/src/platform/ec/build/zephyr/pujjolo/modules/cmsis;/mnt/host/source/src/platform/ec/build/zephyr/pujjolo/modules/cmsis_6;/mnt/host/source/src/platform/ec/build/zephyr/pujjolo/modules/picolibc;/mnt/host/source/src/platform/ec/build/zephyr/pujjolo/modules/ec;/mnt/host/source/src/platform/ec/build/zephyr/pujjolo/modules/pigweed;/mnt/host/source/src/platform/ec/build/zephyr/pujjolo/modules/nanopb' -DDTC_OVERLAY_FILE=/mnt/host/source/src/platform/ec/zephyr/program/trulo/pujjolo/project.overlay -DBOARD=npcx9/npcx9m7fb -DCMAKE_C_FLAGS=-DSECTION_IS_RO '-DCONF_FILE=/mnt/host/source/src/platform/ec/zephyr/program/trulo/program.conf;/mnt/host/source/src/platform/ec/zephyr/program/trulo/pujjolo/project.conf;/mnt/host/source/src/platform/ec/zephyr/program/trulo/dsp_comms.conf;/mnt/host/source/src/platform/ec/build/zephyr/pujjolo/kconfig-ro.conf'`
[tarkin:rw] [3/347] cd /mnt/host/source/src/platform/ec/build/zephyr/tarkin/build-rw/modules/ec/zephyr && PYTHONPATH=/mnt/host/source/src/platform/ec/build/zephyr/tarkin/modules/ec/zephyr/zmake/ /usr/bin/python3.11 /mnt/host/source/src/platform/ec/build/zephyr/tarkin/modules/ec/zephyr/zmake/zephyr_build_tools/generate_ec_version.py /mnt/host/source/src/platform/ec/build/zephyr/tarkin/build-rw/modules/ec/zephyr/include/ec_version.h --name Zephyr-Kernel --version 16543.0.0 --static
[tarkin:rw] INFO:root:Using a static version string
[pujjolo:ro] Loading Zephyr default modules (Zephyr base (cached)).
[pujjolo:ro] -- Application: /mnt/host/source/src/platform/ec/zephyr/program/trulo
[pujjolo:ro] -- CMake version: 3.31.7
[ptlgcs:ro] -- Found Python3: /usr/bin/python3.11 (found suitable version "3.11.11", minimum required is "3.10") found components: Interpreter
[ptlgcs:ro] -- Cache files will be written to: /mnt/host/source/src/platform/ec/build/zephyr/user-cache
[ptlgcs:ro] -- Zephyr version: 4.3.99 (/mnt/host/source/src/third_party/zephyr/main)
[rull:ro] [10/403] Building C object zephyr/drivers/sensor/CMakeFiles/drivers__sensor.dir/mnt/host/source/src/third_party/zephyr/main/misc/empty_file.c.obj
[moonstone:rw] [391/391] Linking CXX static library zephyr/kernel/libkernel.a
[pujjolo:rw] Configuring.
Running `env -i PYTHONPATH=/usr/lib64/python-exec/python3.11:/mnt/host/source/src/platform/ec/zephyr/zmake:/usr/lib/python311.zip:/usr/lib/python3.11:/usr/lib/python3.11/lib-dynload:/usr/lib/python3.11/site-packages PW_PIGWEED_CIPD_INSTALL_DIR=/usr CROSTC_USER_ACKNOWLEDGES_THAT_RISCV_IS_EXPERIMENTAL=1 PATH=/mnt/host/source/chromite/bin:/usr/local/bin:/usr/bin:/bin:/opt/bin:/mnt/host/source/chromite/sdk/bin:/mnt/host/source/chromite/bin HOME=/home/jpmurphy JAVA_HOME=/etc/java-config-2/current-system-vm JDK_HOME=/etc/java-config-2/current-system-vm JAVAC=/etc/java-config-2/current-system-vm/bin/javac MAKEFLAGS=' -j16 --jobserver-auth=5,6' /usr/bin/cmake -S /mnt/host/source/src/platform/ec/zephyr/program/trulo -B /mnt/host/source/src/platform/ec/build/zephyr/pujjolo/build-rw -GNinja -DCMAKE_EXPORT_COMPILE_COMMANDS=ON -DZEPHYR_BASE=/mnt/host/source/src/third_party/zephyr/main -DZMAKE_INCLUDE_DIR=/mnt/host/source/src/platform/ec/build/zephyr/pujjolo/include -DPython3_EXECUTABLE=/usr/bin/python3.11 -DDTS_ROOT=/mnt/host/source/src/platform/ec/zephyr -DSYSCALL_INCLUDE_DIRS=/mnt/host/source/src/platform/ec/zephyr/include/drivers -DUSER_CACHE_DIR=/mnt/host/source/src/platform/ec/build/zephyr/user-cache -DPW_ROOT=/mnt/host/source/src/third_party/pigweed -DNANOPB_DIR=/mnt/host/source/src/third_party/zephyr/nanopb '-DEXTRA_EC_VERSION_FLAGS=--version 16543.0.0 --static' -DTOOLCHAIN_ROOT=/mnt/host/source/src/platform/ec/zephyr -DCOREBOOT_SDK_ROOT_x86=/home/jpmurphy/.cache/coreboot-sdk/i386-elf/dfbb0486385d938cfa9d73080b9d18d598ed4f49 -DCOREBOOT_SDK_ROOT_picolibc_x86=/home/jpmurphy/.cache/coreboot-sdk/picolibc-i386-elf/eb8e8e687b95461de8cbf278f1c2076952d0ad17 -DCOREBOOT_SDK_ROOT_riscv64=/home/jpmurphy/.cache/coreboot-sdk/riscv64-elf/96b949749225b6aaa92ed810ab769e8dfb12f000 -DCOREBOOT_SDK_ROOT_picolibc_arm=/home/jpmurphy/.cache/coreboot-sdk/picolibc-arm-eabi/422a2aa3e1ef891b5bece9a3deb696ff83840d2e -DCOREBOOT_SDK_ROOT_nds32=/home/jpmurphy/.cache/coreboot-sdk/nds32le-elf/d1a518c4a097666d86058e1444f85ca015d15511 -DCOREBOOT_SDK_ROOT_picolibc_riscv64=/home/jpmurphy/.cache/coreboot-sdk/picolibc-riscv64-elf/f571e990ef0278564b31124f8bb109d9a697eb69 -DCOREBOOT_SDK_ROOT_arm=/home/jpmurphy/.cache/coreboot-sdk/arm-eabi/ea40ddd1d190c3b48435c474c0b545719371813a -DCOREBOOT_SDK_ROOT_libstdcxx_riscv64=/home/jpmurphy/.cache/coreboot-sdk/libstdcxx-riscv64-elf/17abf22a3a252e2d5d2062ced5324f7a623689e0 -DCOREBOOT_SDK_ROOT_libstdcxx_arm=/home/jpmurphy/.cache/coreboot-sdk/libstdcxx-arm-eabi/5d7d82e150e44aa1968f1d366e267e6687b328ac -DCOREBOOT_SDK_ROOT_riscv=/home/jpmurphy/.cache/coreboot-sdk/riscv-elf/9a27b9e82341c6e9126624f516ab3f261abb3e73 -DCOREBOOT_SDK_ROOT_libstdcxx_x86=/home/jpmurphy/.cache/coreboot-sdk/libstdcxx-i386-elf/42ef9d2e87a76a37963175d7d428734e65648b87 -DZEPHYR_TOOLCHAIN_VARIANT=coreboot-sdk '-DZEPHYR_MODULES=/mnt/host/source/src/platform/ec/build/zephyr/pujjolo/modules/cmsis;/mnt/host/source/src/platform/ec/build/zephyr/pujjolo/modules/cmsis_6;/mnt/host/source/src/platform/ec/build/zephyr/pujjolo/modules/picolibc;/mnt/host/source/src/platform/ec/build/zephyr/pujjolo/modules/ec;/mnt/host/source/src/platform/ec/build/zephyr/pujjolo/modules/pigweed;/mnt/host/source/src/platform/ec/build/zephyr/pujjolo/modules/nanopb' -DDTC_OVERLAY_FILE=/mnt/host/source/src/platform/ec/zephyr/program/trulo/pujjolo/project.overlay -DBOARD=npcx9/npcx9m7fb -DCMAKE_C_FLAGS=-DSECTION_IS_RW '-DCONF_FILE=/mnt/host/source/src/platform/ec/zephyr/program/trulo/program.conf;/mnt/host/source/src/platform/ec/zephyr/program/trulo/pujjolo/project.conf;/mnt/host/source/src/platform/ec/zephyr/program/trulo/dsp_comms.conf;/mnt/host/source/src/platform/ec/build/zephyr/pujjolo/kconfig-rw.conf'`
[pujjolo:rw] Loading Zephyr default modules (Zephyr base (cached)).
[pujjolo:rw] -- Application: /mnt/host/source/src/platform/ec/zephyr/program/trulo
[pujjolo:rw] -- CMake version: 3.31.7
[rull:ro] [11/403] Linking C static library zephyr/drivers/sensor/libdrivers__sensor.a
[tarkin:rw] INFO:root:Version string: Zephyr-Kernel-16543.0.0
[tarkin:rw] INFO:root:Writing header to /mnt/host/source/src/platform/ec/build/zephyr/tarkin/build-rw/modules/ec/zephyr/include/ec_version.h
[tarkin:rw] [4/347] Generating include/generated/zephyr/version.h
Running (initial) lcov on /mnt/host/source/src/platform/ec/build/zephyr/moonstone.
[npcx-aic:rw] -- CMake version: 3.31.7
[npcx-aic:rw] -- Found Python3: /usr/bin/python3.11 (found suitable version "3.11.11", minimum required is "3.10") found components: Interpreter
[npcx-aic:rw] -- Cache files will be written to: /mnt/host/source/src/platform/ec/build/zephyr/user-cache
[npcx-aic:rw] -- Zephyr version: 4.3.99 (/mnt/host/source/src/third_party/zephyr/main)
[rull:ro] [12/403] Building C object zephyr/CMakeFiles/offsets.dir/arch/riscv/core/offsets/offsets.c.obj
Toolchain <zmake.toolchains.CorebootSdkToolchain object at 0x7f4120512e50> selected by probe function.
[npcx9] Building in /mnt/host/source/src/platform/ec/build/zephyr/npcx9.
[npcx9:rw] Configuring.
Running `env -i PYTHONPATH=/usr/lib64/python-exec/python3.11:/mnt/host/source/src/platform/ec/zephyr/zmake:/usr/lib/python311.zip:/usr/lib/python3.11:/usr/lib/python3.11/lib-dynload:/usr/lib/python3.11/site-packages PW_PIGWEED_CIPD_INSTALL_DIR=/usr CROSTC_USER_ACKNOWLEDGES_THAT_RISCV_IS_EXPERIMENTAL=1 PATH=/mnt/host/source/chromite/bin:/usr/local/bin:/usr/bin:/bin:/opt/bin:/mnt/host/source/chromite/sdk/bin:/mnt/host/source/chromite/bin HOME=/home/jpmurphy JAVA_HOME=/etc/java-config-2/current-system-vm JDK_HOME=/etc/java-config-2/current-system-vm JAVAC=/etc/java-config-2/current-system-vm/bin/javac MAKEFLAGS=' -j16 --jobserver-auth=5,6' /usr/bin/cmake -S /mnt/host/source/src/platform/ec/zephyr/program/npcx_evb/npcx9 -B /mnt/host/source/src/platform/ec/build/zephyr/npcx9/build-rw -GNinja -DCMAKE_EXPORT_COMPILE_COMMANDS=ON -DZEPHYR_BASE=/mnt/host/source/src/third_party/zephyr/main -DZMAKE_INCLUDE_DIR=/mnt/host/source/src/platform/ec/build/zephyr/npcx9/include -DPython3_EXECUTABLE=/usr/bin/python3.11 -DDTS_ROOT=/mnt/host/source/src/platform/ec/zephyr -DSYSCALL_INCLUDE_DIRS=/mnt/host/source/src/platform/ec/zephyr/include/drivers -DUSER_CACHE_DIR=/mnt/host/source/src/platform/ec/build/zephyr/user-cache '-DEXTRA_EC_VERSION_FLAGS=--version 16543.0.0 --static' -DTOOLCHAIN_ROOT=/mnt/host/source/src/platform/ec/zephyr -DCOREBOOT_SDK_ROOT_x86=/home/jpmurphy/.cache/coreboot-sdk/i386-elf/dfbb0486385d938cfa9d73080b9d18d598ed4f49 -DCOREBOOT_SDK_ROOT_picolibc_x86=/home/jpmurphy/.cache/coreboot-sdk/picolibc-i386-elf/eb8e8e687b95461de8cbf278f1c2076952d0ad17 -DCOREBOOT_SDK_ROOT_riscv64=/home/jpmurphy/.cache/coreboot-sdk/riscv64-elf/96b949749225b6aaa92ed810ab769e8dfb12f000 -DCOREBOOT_SDK_ROOT_picolibc_arm=/home/jpmurphy/.cache/coreboot-sdk/picolibc-arm-eabi/422a2aa3e1ef891b5bece9a3deb696ff83840d2e -DCOREBOOT_SDK_ROOT_nds32=/home/jpmurphy/.cache/coreboot-sdk/nds32le-elf/d1a518c4a097666d86058e1444f85ca015d15511 -DCOREBOOT_SDK_ROOT_picolibc_riscv64=/home/jpmurphy/.cache/coreboot-sdk/picolibc-riscv64-elf/f571e990ef0278564b31124f8bb109d9a697eb69 -DCOREBOOT_SDK_ROOT_arm=/home/jpmurphy/.cache/coreboot-sdk/arm-eabi/ea40ddd1d190c3b48435c474c0b545719371813a -DCOREBOOT_SDK_ROOT_libstdcxx_riscv64=/home/jpmurphy/.cache/coreboot-sdk/libstdcxx-riscv64-elf/17abf22a3a252e2d5d2062ced5324f7a623689e0 -DCOREBOOT_SDK_ROOT_libstdcxx_arm=/home/jpmurphy/.cache/coreboot-sdk/libstdcxx-arm-eabi/5d7d82e150e44aa1968f1d366e267e6687b328ac -DCOREBOOT_SDK_ROOT_riscv=/home/jpmurphy/.cache/coreboot-sdk/riscv-elf/9a27b9e82341c6e9126624f516ab3f261abb3e73 -DCOREBOOT_SDK_ROOT_libstdcxx_x86=/home/jpmurphy/.cache/coreboot-sdk/libstdcxx-i386-elf/42ef9d2e87a76a37963175d7d428734e65648b87 -DZEPHYR_TOOLCHAIN_VARIANT=coreboot-sdk '-DZEPHYR_MODULES=/mnt/host/source/src/platform/ec/build/zephyr/npcx9/modules/cmsis;/mnt/host/source/src/platform/ec/build/zephyr/npcx9/modules/cmsis_6;/mnt/host/source/src/platform/ec/build/zephyr/npcx9/modules/ec' '-DDTC_OVERLAY_FILE=/mnt/host/source/src/platform/ec/zephyr/program/npcx_evb/npcx9/gpio.dts;/mnt/host/source/src/platform/ec/zephyr/program/npcx_evb/npcx9/interrupts.dts;/mnt/host/source/src/platform/ec/zephyr/program/npcx_evb/npcx9/fan.dts;/mnt/host/source/src/platform/ec/zephyr/program/npcx_evb/npcx9/keyboard.dts' -DBOARD=npcx_evb/npcx9m6f -DCMAKE_C_FLAGS=-DSECTION_IS_RW '-DCONF_FILE=/mnt/host/source/src/platform/ec/zephyr/program/npcx_evb/npcx9/prj.conf;/mnt/host/source/src/platform/ec/build/zephyr/npcx9/kconfig-rw.conf'`
[npcx9:rw] Loading Zephyr default modules (Zephyr base (cached)).
[npcx9:rw] -- Application: /mnt/host/source/src/platform/ec/zephyr/program/npcx_evb/npcx9
[npcx9:rw] -- CMake version: 3.31.7
[npcx9:ro] Configuring.
Running `env -i PYTHONPATH=/usr/lib64/python-exec/python3.11:/mnt/host/source/src/platform/ec/zephyr/zmake:/usr/lib/python311.zip:/usr/lib/python3.11:/usr/lib/python3.11/lib-dynload:/usr/lib/python3.11/site-packages PW_PIGWEED_CIPD_INSTALL_DIR=/usr CROSTC_USER_ACKNOWLEDGES_THAT_RISCV_IS_EXPERIMENTAL=1 PATH=/mnt/host/source/chromite/bin:/usr/local/bin:/usr/bin:/bin:/opt/bin:/mnt/host/source/chromite/sdk/bin:/mnt/host/source/chromite/bin HOME=/home/jpmurphy JAVA_HOME=/etc/java-config-2/current-system-vm JDK_HOME=/etc/java-config-2/current-system-vm JAVAC=/etc/java-config-2/current-system-vm/bin/javac MAKEFLAGS=' -j16 --jobserver-auth=5,6' /usr/bin/cmake -S /mnt/host/source/src/platform/ec/zephyr/program/npcx_evb/npcx9 -B /mnt/host/source/src/platform/ec/build/zephyr/npcx9/build-ro -GNinja -DCMAKE_EXPORT_COMPILE_COMMANDS=ON -DZEPHYR_BASE=/mnt/host/source/src/third_party/zephyr/main -DZMAKE_INCLUDE_DIR=/mnt/host/source/src/platform/ec/build/zephyr/npcx9/include -DPython3_EXECUTABLE=/usr/bin/python3.11 -DDTS_ROOT=/mnt/host/source/src/platform/ec/zephyr -DSYSCALL_INCLUDE_DIRS=/mnt/host/source/src/platform/ec/zephyr/include/drivers -DUSER_CACHE_DIR=/mnt/host/source/src/platform/ec/build/zephyr/user-cache '-DEXTRA_EC_VERSION_FLAGS=--version 16543.0.0 --static' -DTOOLCHAIN_ROOT=/mnt/host/source/src/platform/ec/zephyr -DCOREBOOT_SDK_ROOT_x86=/home/jpmurphy/.cache/coreboot-sdk/i386-elf/dfbb0486385d938cfa9d73080b9d18d598ed4f49 -DCOREBOOT_SDK_ROOT_picolibc_x86=/home/jpmurphy/.cache/coreboot-sdk/picolibc-i386-elf/eb8e8e687b95461de8cbf278f1c2076952d0ad17 -DCOREBOOT_SDK_ROOT_riscv64=/home/jpmurphy/.cache/coreboot-sdk/riscv64-elf/96b949749225b6aaa92ed810ab769e8dfb12f000 -DCOREBOOT_SDK_ROOT_picolibc_arm=/home/jpmurphy/.cache/coreboot-sdk/picolibc-arm-eabi/422a2aa3e1ef891b5bece9a3deb696ff83840d2e -DCOREBOOT_SDK_ROOT_nds32=/home/jpmurphy/.cache/coreboot-sdk/nds32le-elf/d1a518c4a097666d86058e1444f85ca015d15511 -DCOREBOOT_SDK_ROOT_picolibc_riscv64=/home/jpmurphy/.cache/coreboot-sdk/picolibc-riscv64-elf/f571e990ef0278564b31124f8bb109d9a697eb69 -DCOREBOOT_SDK_ROOT_arm=/home/jpmurphy/.cache/coreboot-sdk/arm-eabi/ea40ddd1d190c3b48435c474c0b545719371813a -DCOREBOOT_SDK_ROOT_libstdcxx_riscv64=/home/jpmurphy/.cache/coreboot-sdk/libstdcxx-riscv64-elf/17abf22a3a252e2d5d2062ced5324f7a623689e0 -DCOREBOOT_SDK_ROOT_libstdcxx_arm=/home/jpmurphy/.cache/coreboot-sdk/libstdcxx-arm-eabi/5d7d82e150e44aa1968f1d366e267e6687b328ac -DCOREBOOT_SDK_ROOT_riscv=/home/jpmurphy/.cache/coreboot-sdk/riscv-elf/9a27b9e82341c6e9126624f516ab3f261abb3e73 -DCOREBOOT_SDK_ROOT_libstdcxx_x86=/home/jpmurphy/.cache/coreboot-sdk/libstdcxx-i386-elf/42ef9d2e87a76a37963175d7d428734e65648b87 -DZEPHYR_TOOLCHAIN_VARIANT=coreboot-sdk '-DZEPHYR_MODULES=/mnt/host/source/src/platform/ec/build/zephyr/npcx9/modules/cmsis;/mnt/host/source/src/platform/ec/build/zephyr/npcx9/modules/cmsis_6;/mnt/host/source/src/platform/ec/build/zephyr/npcx9/modules/ec' '-DDTC_OVERLAY_FILE=/mnt/host/source/src/platform/ec/zephyr/program/npcx_evb/npcx9/gpio.dts;/mnt/host/source/src/platform/ec/zephyr/program/npcx_evb/npcx9/interrupts.dts;/mnt/host/source/src/platform/ec/zephyr/program/npcx_evb/npcx9/fan.dts;/mnt/host/source/src/platform/ec/zephyr/program/npcx_evb/npcx9/keyboard.dts' -DBOARD=npcx_evb/npcx9m6f -DCMAKE_C_FLAGS=-DSECTION_IS_RO '-DCONF_FILE=/mnt/host/source/src/platform/ec/zephyr/program/npcx_evb/npcx9/prj.conf;/mnt/host/source/src/platform/ec/build/zephyr/npcx9/kconfig-ro.conf'`
[rull:rw] [12/403] Building C object zephyr/CMakeFiles/offsets.dir/arch/riscv/core/offsets/offsets.c.obj
[npcx9:ro] Loading Zephyr default modules (Zephyr base (cached)).
[npcx9:ro] -- Application: /mnt/host/source/src/platform/ec/zephyr/program/npcx_evb/npcx9
[pujjolo:ro] -- Found Python3: /usr/bin/python3.11 (found suitable version "3.11.11", minimum required is "3.10") found components: Interpreter
[pujjolo:ro] -- Cache files will be written to: /mnt/host/source/src/platform/ec/build/zephyr/user-cache
Toolchain <zmake.toolchains.LlvmToolchain object at 0x7f4143056ad0> selected by probe function.
[minimal-posix] Building in /mnt/host/source/src/platform/ec/build/zephyr/minimal-posix.
[tarkin:ro] -- git describe warned: warning: tag 'upstream/v2.7.99' is externally known as 'v2.7.99'
[tarkin:ro] -- Zephyr version: 4.3.99 (/mnt/host/source/src/third_party/zephyr/main)
[pujjolo:ro] -- Zephyr version: 4.3.99 (/mnt/host/source/src/third_party/zephyr/main)
[tarkin:ro] [5/347] Generating misc/generated/syscalls.json, misc/generated/struct_tags.json
[minimal-posix:singleimage] Configuring.
Running `env -i PYTHONPATH=/usr/lib64/python-exec/python3.11:/mnt/host/source/src/platform/ec/zephyr/zmake:/usr/lib/python311.zip:/usr/lib/python3.11:/usr/lib/python3.11/lib-dynload:/usr/lib/python3.11/site-packages PW_PIGWEED_CIPD_INSTALL_DIR=/usr CROSTC_USER_ACKNOWLEDGES_THAT_RISCV_IS_EXPERIMENTAL=1 PATH=/mnt/host/source/chromite/bin:/usr/local/bin:/usr/bin:/bin:/opt/bin:/mnt/host/source/chromite/sdk/bin:/mnt/host/source/chromite/bin HOME=/home/jpmurphy JAVA_HOME=/etc/java-config-2/current-system-vm JDK_HOME=/etc/java-config-2/current-system-vm JAVAC=/etc/java-config-2/current-system-vm/bin/javac MAKEFLAGS=' -j16 --jobserver-auth=5,6' /usr/bin/cmake -S /mnt/host/source/src/platform/ec/zephyr/program/minimal -B /mnt/host/source/src/platform/ec/build/zephyr/minimal-posix/build-singleimage -GNinja -DCMAKE_EXPORT_COMPILE_COMMANDS=ON -DZEPHYR_BASE=/mnt/host/source/src/third_party/zephyr/main -DZMAKE_INCLUDE_DIR=/mnt/host/source/src/platform/ec/build/zephyr/minimal-posix/include -DPython3_EXECUTABLE=/usr/bin/python3.11 -DDTS_ROOT=/mnt/host/source/src/platform/ec/zephyr -DSYSCALL_INCLUDE_DIRS=/mnt/host/source/src/platform/ec/zephyr/include/drivers -DUSER_CACHE_DIR=/mnt/host/source/src/platform/ec/build/zephyr/user-cache '-DEXTRA_EC_VERSION_FLAGS=--version 16543.0.0 --static' -DTOOLCHAIN_ROOT=/mnt/host/source/src/platform/ec/zephyr -DZEPHYR_TOOLCHAIN_VARIANT=llvm -DZEPHYR_MODULES=/mnt/host/source/src/platform/ec/build/zephyr/minimal-posix/modules/ec -DDTC_OVERLAY_FILE=/mnt/host/source/src/platform/ec/zephyr/dts/board-overlays/native_sim.dts -DBOARD=native_sim '-DCONF_FILE=/mnt/host/source/src/platform/ec/zephyr/program/minimal/prj.conf;/mnt/host/source/src/platform/ec/build/zephyr/minimal-posix/kconfig-singleimage.conf'`
[minimal-posix:singleimage] -- Application: /mnt/host/source/src/platform/ec/zephyr/program/minimal
[minimal-posix:singleimage] Loading Zephyr default modules (Zephyr base (cached)).
[rull:ro] [13/403] Generating include/generated/zephyr/offsets.h
[rull:rw] [13/403] Generating include/generated/zephyr/offsets.h
[pujjolo:rw] -- Found Python3: /usr/bin/python3.11 (found suitable version "3.11.11", minimum required is "3.10") found components: Interpreter
[pujjolo:rw] -- Cache files will be written to: /mnt/host/source/src/platform/ec/build/zephyr/user-cache
[/mnt/host/source/src/platform/ec/build/zephyr/xivu-lcov] stderr:
[pujjolo:rw] -- Zephyr version: 4.3.99 (/mnt/host/source/src/third_party/zephyr/main)
Running `env -i PYTHONPATH=/usr/lib64/python-exec/python3.11:/mnt/host/source/src/platform/ec/zephyr/zmake:/usr/lib/python311.zip:/usr/lib/python3.11:/usr/lib/python3.11/lib-dynload:/usr/lib/python3.11/site-packages PW_PIGWEED_CIPD_INSTALL_DIR=/usr CROSTC_USER_ACKNOWLEDGES_THAT_RISCV_IS_EXPERIMENTAL=1 PATH=/mnt/host/source/chromite/bin:/usr/local/bin:/usr/bin:/bin:/opt/bin:/mnt/host/source/chromite/sdk/bin:/mnt/host/source/chromite/bin HOME=/home/jpmurphy JAVA_HOME=/etc/java-config-2/current-system-vm JDK_HOME=/etc/java-config-2/current-system-vm JAVAC=/etc/java-config-2/current-system-vm/bin/javac MAKEFLAGS=' -j16 --jobserver-auth=5,6' /usr/bin/lcov --gcov-tool /mnt/host/source/src/platform/ec/build/zephyr/moonstone/build-rw/gcov.sh -q -o - -c -d /mnt/host/source/src/platform/ec/build/zephyr/moonstone -t moonstone --rc branch_coverage=1 --filter range --ignore-errors inconsistent,source --ignore-errors gcov,gcov -i`
[tarkin:ro] [6/347] Generating include/generated/zephyr/syscall_dispatch.c, include/generated/zephyr/syscall_exports_llext.c, syscall_weakdefs_llext.c, include/generated/zephyr/syscall_list.h
[tarkin:rw] -- git describe warned: warning: tag 'upstream/v2.7.99' is externally known as 'v2.7.99'
[tarkin:rw] -- Zephyr version: 4.3.99 (/mnt/host/source/src/third_party/zephyr/main)
[tarkin:rw] [5/347] Generating misc/generated/syscalls.json, misc/generated/struct_tags.json
[npcx9:ro] -- CMake version: 3.31.7
[npcx9:ro] -- Found Python3: /usr/bin/python3.11 (found suitable version "3.11.11", minimum required is "3.10") found components: Interpreter
[npcx9:ro] -- Cache files will be written to: /mnt/host/source/src/platform/ec/build/zephyr/user-cache
[npcx9:ro] -- Zephyr version: 4.3.99 (/mnt/host/source/src/third_party/zephyr/main)
[/mnt/host/source/src/platform/ec/build/zephyr/xivu-lcov]   /mnt/host/source/src/platform/ec/build/zephyr/xivu/build-ro/modules/ec/zephyr/CMakeFiles/ec_shim.dir/shim/src/thermal.c.gcno:no functions found
[/mnt/host/source/src/platform/ec/build/zephyr/xivu-lcov] stderr:
[npcx9:rw] -- Found Python3: /usr/bin/python3.11 (found suitable version "3.11.11", minimum required is "3.10") found components: Interpreter
[npcx9:rw] -- Cache files will be written to: /mnt/host/source/src/platform/ec/build/zephyr/user-cache
[npcx9:rw] -- Zephyr version: 4.3.99 (/mnt/host/source/src/third_party/zephyr/main)
[tarkin:rw] [6/347] Generating include/generated/zephyr/syscall_dispatch.c, include/generated/zephyr/syscall_exports_llext.c, syscall_weakdefs_llext.c, include/generated/zephyr/syscall_list.h
[tarkin:ro] [7/347] Generating include/generated/zephyr/driver-validation.h
[minimal-posix:singleimage] -- CMake version: 3.31.7
[minimal-posix:singleimage] -- Found Python3: /usr/bin/python3.11 (found suitable version "3.11.11", minimum required is "3.10") found components: Interpreter
[minimal-posix:singleimage] -- Cache files will be written to: /mnt/host/source/src/platform/ec/build/zephyr/user-cache
[minimal-posix:singleimage] -- Zephyr version: 4.3.99 (/mnt/host/source/src/third_party/zephyr/main)
[tarkin:ro] [8/347] Generating include/generated/zephyr/kobj-types-enum.h, include/generated/zephyr/otype-to-str.h, include/generated/zephyr/otype-to-size.h
[/mnt/host/source/src/platform/ec/build/zephyr/xivu-lcov]   /mnt/host/source/src/platform/ec/build/zephyr/xivu/build-ro/modules/ec/zephyr/CMakeFiles/ec_shim.dir/shim/src/battery.c.gcno:no functions found
[/mnt/host/source/src/platform/ec/build/zephyr/xivu-lcov] stderr:
[tarkin:rw] [7/347] Generating include/generated/zephyr/driver-validation.h
[tarkin:ro] [9/347] Generating include/generated/device-api-sections.ld, include/generated/device-api-sections.cmake
[rull:ro] [14/403] Building C object CMakeFiles/app.dir/mnt/host/source/src/platform/ec/zephyr/subsys/ap_pwrseq/ap_events.c.obj
[rull:rw] [14/403] Building C object CMakeFiles/app.dir/mnt/host/source/src/platform/ec/zephyr/subsys/ap_pwrseq/ap_events.c.obj
[/mnt/host/source/src/platform/ec/build/zephyr/xivu-lcov]   /mnt/host/source/src/platform/ec/build/zephyr/xivu/build-ro/modules/ec/zephyr/CMakeFiles/ec_shim.dir/shim/src/charger.c.gcno:no functions found
[/mnt/host/source/src/platform/ec/build/zephyr/xivu-lcov] stderr:
[tarkin:rw] [8/347] Generating include/generated/zephyr/kobj-types-enum.h, include/generated/zephyr/otype-to-str.h, include/generated/zephyr/otype-to-size.h
[tarkin:rw] [9/347] Generating include/generated/device-api-sections.ld, include/generated/device-api-sections.cmake
[ptlgcs:rw] -- Board: mec172x, qualifiers: mec172x_nsz/mec1727
[ptlgcs:ro] -- Board: mec172x, qualifiers: mec172x_nsz/mec1727
[rull:rw] [15/403] Building C object CMakeFiles/app.dir/mnt/host/source/src/platform/ec/zephyr/subsys/ap_pwrseq/ap_power_interface.c.obj
[npcx-aic:rw] -- Board: npcx9, qualifiers: npcx9m7f
[tarkin:ro] [10/347] Building C object zephyr/CMakeFiles/offsets.dir/arch/riscv/core/offsets/offsets.c.obj
[/mnt/host/source/src/platform/ec/build/zephyr/moonstone-lcov] stderr:
[pujjolo:ro] -- Board: npcx9, qualifiers: npcx9m7fb
[rull:rw] [16/403] Building C object CMakeFiles/app.dir/mnt/host/source/src/platform/ec/zephyr/subsys/ap_pwrseq/power_signals.c.obj
[/mnt/host/source/src/platform/ec/build/zephyr/moonstone-lcov]   /mnt/host/source/src/platform/ec/build/zephyr/moonstone/build-ro/modules/pigweed/pw_log_zephyr/CMakeFiles/pw_log_zephyr.dir/log_zephyr.cc.gcno:no functions found
[/mnt/host/source/src/platform/ec/build/zephyr/moonstone-lcov] geninfo: WARNING: using JSON module "JSON::PP" - which is much slower than some alternatives.  Consider installing one of JSON::XS or Cpanel::JSON::XS
[/mnt/host/source/src/platform/ec/build/zephyr/xivu-lcov]   /mnt/host/source/src/platform/ec/build/zephyr/xivu/build-ro/modules/ec/zephyr/CMakeFiles/ec_shim.dir/shim/src/usb_muxes.c.gcno:no functions found
[/mnt/host/source/src/platform/ec/build/zephyr/xivu-lcov] stderr:
[tarkin:ro] [11/347] Generating include/generated/zephyr/offsets.h
[tarkin:rw] [10/347] Building C object zephyr/CMakeFiles/offsets.dir/arch/riscv/core/offsets/offsets.c.obj
[pujjolo:rw] -- Board: npcx9, qualifiers: npcx9m7fb
[rull:ro] [15/403] Building C object CMakeFiles/app.dir/mnt/host/source/src/platform/ec/zephyr/subsys/ap_pwrseq/ap_power_interface.c.obj
[tarkin:rw] [11/347] Generating include/generated/zephyr/offsets.h
[npcx9:ro] -- Board: npcx_evb, qualifiers: npcx9m6f
[minimal-posix:singleimage] -- Board: native_sim, qualifiers: native
[npcx9:rw] -- Board: npcx_evb, qualifiers: npcx9m6f
[rull:rw] [17/403] Building C object CMakeFiles/app.dir/mnt/host/source/src/platform/ec/zephyr/subsys/ap_pwrseq/signal_gpio.c.obj
[tarkin:ro] [12/347] Building C object CMakeFiles/app.dir/mnt/host/source/src/platform/ec/zephyr/subsys/ap_pwrseq/ap_events.c.obj
[rull:ro] [16/403] Building C object CMakeFiles/app.dir/mnt/host/source/src/platform/ec/zephyr/subsys/ap_pwrseq/power_signals.c.obj
[tarkin:rw] [12/347] Building C object CMakeFiles/app.dir/mnt/host/source/src/platform/ec/zephyr/subsys/ap_pwrseq/ap_events.c.obj
[rull:rw] [18/403] Building C object CMakeFiles/app.dir/mnt/host/source/src/platform/ec/zephyr/subsys/ap_pwrseq/signal_vw.c.obj
[/mnt/host/source/src/platform/ec/build/zephyr/xivu-lcov]   /mnt/host/source/src/platform/ec/build/zephyr/xivu/build-ro/modules/ec/zephyr/CMakeFiles/ec_shim.dir/shim/src/usba.c.gcno:no functions found
[/mnt/host/source/src/platform/ec/build/zephyr/xivu-lcov] stderr:
[ptlgcs:rw] -- Found Dtc: /usr/bin/dtc (found suitable version "1.6.0", minimum required is "1.4.6")
[ptlgcs:rw] -- Found BOARD.dts: /mnt/host/source/src/platform/ec/zephyr/boards/google/mec172x/mec172x_mec172x_nsz_mec1727.dts
[ptlgcs:rw] -- Found devicetree overlay: /mnt/host/source/src/platform/ec/zephyr/program/intelrvp/ptlrvp/ptlgcs/project.overlay
[rull:rw] [19/403] Building C object CMakeFiles/app.dir/mnt/host/source/src/platform/ec/zephyr/subsys/ap_pwrseq/signal_adc.c.obj
[npcx-aic:rw] -- Found Dtc: /usr/bin/dtc (found suitable version "1.6.0", minimum required is "1.4.6")
[npcx-aic:rw] -- Found BOARD.dts: /mnt/host/source/src/platform/ec/zephyr/boards/google/npcx9/npcx9_npcx9m7f.dts
[ptlgcs:ro] -- Found Dtc: /usr/bin/dtc (found suitable version "1.6.0", minimum required is "1.4.6")
[ptlgcs:ro] -- Found BOARD.dts: /mnt/host/source/src/platform/ec/zephyr/boards/google/mec172x/mec172x_mec172x_nsz_mec1727.dts
[ptlgcs:ro] -- Found devicetree overlay: /mnt/host/source/src/platform/ec/zephyr/program/intelrvp/ptlrvp/ptlgcs/project.overlay
[rull:ro] [17/403] Building C object CMakeFiles/app.dir/mnt/host/source/src/platform/ec/zephyr/subsys/ap_pwrseq/signal_gpio.c.obj
[pujjolo:ro] -- Found Dtc: /usr/bin/dtc (found suitable version "1.6.0", minimum required is "1.4.6")
[pujjolo:ro] -- Found BOARD.dts: /mnt/host/source/src/platform/ec/zephyr/boards/google/npcx9/npcx9_npcx9m7fb.dts
[pujjolo:ro] -- Found devicetree overlay: /mnt/host/source/src/platform/ec/zephyr/program/trulo/pujjolo/project.overlay
[rull:rw] [20/403] Building C object CMakeFiles/app.dir/mnt/host/source/src/platform/ec/zephyr/subsys/ap_pwrseq/power_host_sleep.c.obj
[tarkin:rw] [13/347] Building C object CMakeFiles/app.dir/mnt/host/source/src/platform/ec/zephyr/subsys/pd_controller/pdc_pmc_debug.c.obj
[tarkin:ro] [13/347] Building C object CMakeFiles/app.dir/mnt/host/source/src/platform/ec/zephyr/subsys/pd_controller/pdc_pmc_debug.c.obj
[/mnt/host/source/src/platform/ec/build/zephyr/moonstone-lcov] stderr:
[pujjolo:rw] -- Found Dtc: /usr/bin/dtc (found suitable version "1.6.0", minimum required is "1.4.6")
[pujjolo:rw] -- Found BOARD.dts: /mnt/host/source/src/platform/ec/zephyr/boards/google/npcx9/npcx9_npcx9m7fb.dts
[pujjolo:rw] -- Found devicetree overlay: /mnt/host/source/src/platform/ec/zephyr/program/trulo/pujjolo/project.overlay
[minimal-posix:singleimage] -- Found Dtc: /usr/bin/dtc (found suitable version "1.6.0", minimum required is "1.4.6")
[minimal-posix:singleimage] -- Found BOARD.dts: /mnt/host/source/src/third_party/zephyr/main/boards/native/native_sim/native_sim.dts
[minimal-posix:singleimage] -- Found devicetree overlay: /mnt/host/source/src/platform/ec/zephyr/dts/board-overlays/native_sim.dts
[npcx9:ro] -- Found Dtc: /usr/bin/dtc (found suitable version "1.6.0", minimum required is "1.4.6")
[npcx9:ro] -- Found BOARD.dts: /mnt/host/source/src/platform/ec/zephyr/boards/nuvoton/npcx_evb/npcx_evb_npcx9m6f.dts
[npcx9:ro] -- Found devicetree overlay: /mnt/host/source/src/platform/ec/zephyr/program/npcx_evb/npcx9/gpio.dts
[npcx9:ro] -- Found devicetree overlay: /mnt/host/source/src/platform/ec/zephyr/program/npcx_evb/npcx9/interrupts.dts
[/mnt/host/source/src/platform/ec/build/zephyr/moonstone-lcov]   /mnt/host/source/src/platform/ec/build/zephyr/moonstone/build-ro/modules/ec/zephyr/CMakeFiles/ec_shim.dir/shim/src/thermal.c.gcno:no functions found
[/mnt/host/source/src/platform/ec/build/zephyr/moonstone-lcov] stderr:
[npcx9:rw] -- Found Dtc: /usr/bin/dtc (found suitable version "1.6.0", minimum required is "1.4.6")
[npcx9:rw] -- Found BOARD.dts: /mnt/host/source/src/platform/ec/zephyr/boards/nuvoton/npcx_evb/npcx_evb_npcx9m6f.dts
[npcx9:rw] -- Found devicetree overlay: /mnt/host/source/src/platform/ec/zephyr/program/npcx_evb/npcx9/gpio.dts
[npcx9:rw] -- Found devicetree overlay: /mnt/host/source/src/platform/ec/zephyr/program/npcx_evb/npcx9/interrupts.dts
[rull:rw] [21/403] Building C object CMakeFiles/app.dir/mnt/host/source/src/platform/ec/zephyr/subsys/ap_pwrseq/x86_non_dsx_common_pwrseq_sm_handler.c.obj
[/mnt/host/source/src/platform/ec/build/zephyr/moonstone-lcov]   /mnt/host/source/src/platform/ec/build/zephyr/moonstone/build-ro/modules/ec/zephyr/CMakeFiles/ec_shim.dir/shim/src/battery.c.gcno:no functions found
[/mnt/host/source/src/platform/ec/build/zephyr/moonstone-lcov] stderr:
[rull:ro] [18/403] Building C object CMakeFiles/app.dir/mnt/host/source/src/platform/ec/zephyr/subsys/ap_pwrseq/signal_vw.c.obj
[rull:rw] [22/403] Building C object CMakeFiles/app.dir/mnt/host/source/src/platform/ec/zephyr/subsys/ap_pwrseq/x86_non_dsx_chipset_power_state.c.obj
[minimal-posix:singleimage] -- Generated zephyr.dts: /mnt/host/source/src/platform/ec/build/zephyr/minimal-posix/build-singleimage/zephyr/zephyr.dts
[minimal-posix:singleimage] -- Generated pickled edt: /mnt/host/source/src/platform/ec/build/zephyr/minimal-posix/build-singleimage/zephyr/edt.pickle
[minimal-posix:singleimage] -- Generated devicetree_generated.h: /mnt/host/source/src/platform/ec/build/zephyr/minimal-posix/build-singleimage/zephyr/include/generated/zephyr/devicetree_generated.h
[npcx-aic:rw] -- Found devicetree overlay: /mnt/host/source/src/platform/ec/zephyr/program/ec-aic/npcx-aic/project.overlay
[npcx-aic:rw] -- Generated zephyr.dts: /mnt/host/source/src/platform/ec/build/zephyr/npcx-aic/build-rw/zephyr/zephyr.dts
[ptlgcs:rw] -- Generated zephyr.dts: /mnt/host/source/src/platform/ec/build/zephyr/ptlgcs/build-rw/zephyr/zephyr.dts
[ptlgcs:rw] -- Generated pickled edt: /mnt/host/source/src/platform/ec/build/zephyr/ptlgcs/build-rw/zephyr/edt.pickle
[rull:rw] [23/403] Building C object CMakeFiles/app.dir/mnt/host/source/src/platform/ec/zephyr/subsys/ap_pwrseq/x86_non_dsx_common_pwrseq_host_sleep.c.obj
[/mnt/host/source/src/platform/ec/build/zephyr/moonstone-lcov]   /mnt/host/source/src/platform/ec/build/zephyr/moonstone/build-ro/modules/ec/zephyr/CMakeFiles/ec_shim.dir/shim/src/charger.c.gcno:no functions found
[/mnt/host/source/src/platform/ec/build/zephyr/moonstone-lcov] stderr:
[ptlgcs:ro] -- Generated zephyr.dts: /mnt/host/source/src/platform/ec/build/zephyr/ptlgcs/build-ro/zephyr/zephyr.dts
[ptlgcs:ro] -- Generated pickled edt: /mnt/host/source/src/platform/ec/build/zephyr/ptlgcs/build-ro/zephyr/edt.pickle
[rull:rw] [24/403] Building C object CMakeFiles/app.dir/mnt/host/source/src/platform/ec/zephyr/subsys/ap_pwrseq/x86_non_dsx_common_pwrseq_console.c.obj
[npcx-aic:rw] -- Generated pickled edt: /mnt/host/source/src/platform/ec/build/zephyr/npcx-aic/build-rw/zephyr/edt.pickle
[npcx-aic:rw] -- Generated devicetree_generated.h: /mnt/host/source/src/platform/ec/build/zephyr/npcx-aic/build-rw/zephyr/include/generated/zephyr/devicetree_generated.h
[/mnt/host/source/src/platform/ec/build/zephyr/xivu-lcov]   /mnt/host/source/src/platform/ec/build/zephyr/xivu/build-ro/modules/ec/zephyr/CMakeFiles/ec_shim.dir/shim/src/bc12.c.gcno:no functions found
[/mnt/host/source/src/platform/ec/build/zephyr/xivu-lcov] stderr:
[rull:ro] [19/403] Building C object CMakeFiles/app.dir/mnt/host/source/src/platform/ec/zephyr/subsys/ap_pwrseq/signal_adc.c.obj
[ptlgcs:rw] -- Generated devicetree_generated.h: /mnt/host/source/src/platform/ec/build/zephyr/ptlgcs/build-rw/zephyr/include/generated/zephyr/devicetree_generated.h
[npcx9:ro] -- Found devicetree overlay: /mnt/host/source/src/platform/ec/zephyr/program/npcx_evb/npcx9/fan.dts
[npcx9:ro] -- Found devicetree overlay: /mnt/host/source/src/platform/ec/zephyr/program/npcx_evb/npcx9/keyboard.dts
[npcx9:ro] -- Generated zephyr.dts: /mnt/host/source/src/platform/ec/build/zephyr/npcx9/build-ro/zephyr/zephyr.dts
[npcx9:ro] -- Generated pickled edt: /mnt/host/source/src/platform/ec/build/zephyr/npcx9/build-ro/zephyr/edt.pickle
[ptlgcs:ro] -- Generated devicetree_generated.h: /mnt/host/source/src/platform/ec/build/zephyr/ptlgcs/build-ro/zephyr/include/generated/zephyr/devicetree_generated.h
[npcx9:rw] -- Found devicetree overlay: /mnt/host/source/src/platform/ec/zephyr/program/npcx_evb/npcx9/fan.dts
[npcx9:rw] -- Found devicetree overlay: /mnt/host/source/src/platform/ec/zephyr/program/npcx_evb/npcx9/keyboard.dts
[npcx9:rw] -- Generated zephyr.dts: /mnt/host/source/src/platform/ec/build/zephyr/npcx9/build-rw/zephyr/zephyr.dts
[rull:rw] [25/403] Building C object CMakeFiles/app.dir/mnt/host/source/src/platform/ec/zephyr/subsys/ap_pwrseq/x86_non_dsx_common_pwrseq_host_command.c.obj
[tarkin:rw] [14/347] Building C object CMakeFiles/app.dir/mnt/host/source/src/platform/ec/zephyr/subsys/pd_controller/pdc_power_mgmt.c.obj
[pujjolo:ro] -- Generated zephyr.dts: /mnt/host/source/src/platform/ec/build/zephyr/pujjolo/build-ro/zephyr/zephyr.dts
[tarkin:ro] [14/347] Building C object CMakeFiles/app.dir/mnt/host/source/src/platform/ec/zephyr/subsys/pd_controller/pdc_power_mgmt.c.obj
[npcx9:ro] -- Generated devicetree_generated.h: /mnt/host/source/src/platform/ec/build/zephyr/npcx9/build-ro/zephyr/include/generated/zephyr/devicetree_generated.h
[rull:rw] [26/403] Building C object CMakeFiles/app.dir/mnt/host/source/src/platform/ec/zephyr/subsys/ap_pwrseq/x86_non_dsx_adlp_pwrseq_sm.c.obj
[pujjolo:rw] -- Generated zephyr.dts: /mnt/host/source/src/platform/ec/build/zephyr/pujjolo/build-rw/zephyr/zephyr.dts
[rull:ro] [20/403] Building C object CMakeFiles/app.dir/mnt/host/source/src/platform/ec/zephyr/subsys/ap_pwrseq/power_host_sleep.c.obj
[npcx9:rw] -- Generated pickled edt: /mnt/host/source/src/platform/ec/build/zephyr/npcx9/build-rw/zephyr/edt.pickle
[npcx9:rw] -- Generated devicetree_generated.h: /mnt/host/source/src/platform/ec/build/zephyr/npcx9/build-rw/zephyr/include/generated/zephyr/devicetree_generated.h
[pujjolo:ro] -- Generated pickled edt: /mnt/host/source/src/platform/ec/build/zephyr/pujjolo/build-ro/zephyr/edt.pickle
[pujjolo:ro] -- Generated devicetree_generated.h: /mnt/host/source/src/platform/ec/build/zephyr/pujjolo/build-ro/zephyr/include/generated/zephyr/devicetree_generated.h
[rull:rw] [27/403] Building C object CMakeFiles/app.dir/mnt/host/source/src/platform/ec/zephyr/subsys/ap_pwrseq/ap_reset_log.c.obj
[/mnt/host/source/src/platform/ec/build/zephyr/moonstone-lcov]   /mnt/host/source/src/platform/ec/build/zephyr/moonstone/build-ro/modules/ec/zephyr/CMakeFiles/ec_shim.dir/shim/src/usba.c.gcno:no functions found
[/mnt/host/source/src/platform/ec/build/zephyr/moonstone-lcov] stderr:
[rull:rw] [28/403] Building C object CMakeFiles/app.dir/mnt/host/source/src/platform/ec/build/zephyr/rull/modules/ec/builtin/stdlib.c.obj
[pujjolo:rw] -- Generated pickled edt: /mnt/host/source/src/platform/ec/build/zephyr/pujjolo/build-rw/zephyr/edt.pickle
[pujjolo:rw] -- Generated devicetree_generated.h: /mnt/host/source/src/platform/ec/build/zephyr/pujjolo/build-rw/zephyr/include/generated/zephyr/devicetree_generated.h
[ptlgcs:rw] /mnt/host/source/src/platform/ec/build/zephyr/ptlgcs/build-rw/zephyr/zephyr.dts:1655.27-1706.5: Warning (avoid_unnecessary_addr_size): /soc/kbd@40009c00: unnecessary #address-cells/#size-cells without "ranges" or child "reg" property
[tarkin:ro] [15/347] Building C object CMakeFiles/app.dir/mnt/host/source/src/platform/ec/zephyr/subsys/pd_controller/pdc_console.c.obj
[tarkin:rw] [15/347] Building C object CMakeFiles/app.dir/mnt/host/source/src/platform/ec/zephyr/subsys/pd_controller/pdc_console.c.obj
[ptlgcs:ro] /mnt/host/source/src/platform/ec/build/zephyr/ptlgcs/build-ro/zephyr/zephyr.dts:1655.27-1706.5: Warning (avoid_unnecessary_addr_size): /soc/kbd@40009c00: unnecessary #address-cells/#size-cells without "ranges" or child "reg" property
[ptlgcs:ro] /mnt/host/source/src/platform/ec/build/zephyr/ptlgcs/build-ro/zephyr/zephyr.dts:2786.9-2794.5: Warning (gpios_property): /fans/fan_0: Missing property '#gpio-cells' in node /named-gpios/all-sys-pwrgd or bad phandle (referred from pgood-gpio[0])
[ptlgcs:ro] /mnt/host/source/src/platform/ec/build/zephyr/ptlgcs/build-ro/zephyr/zephyr.dts:2786.9-2794.5: Warning (gpios_property): /fans/fan_0: Missing property '#gpio-cells' in node /named-gpios/fan-pwr-disable or bad phandle (referred from enable-gpio[0])
[npcx9:ro] /mnt/host/source/src/platform/ec/build/zephyr/npcx9/build-ro/zephyr/zephyr.dts:3838.9-3845.5: Warning (gpios_property): /fans/fan_0: Missing property '#gpio-cells' in node /named-gpios/pgood_fan or bad phandle (referred from pgood-gpio[0])
[rull:ro] [21/403] Building C object CMakeFiles/app.dir/mnt/host/source/src/platform/ec/zephyr/subsys/ap_pwrseq/x86_non_dsx_common_pwrseq_sm_handler.c.obj
[rull:rw] [29/403] Building C object CMakeFiles/app.dir/mnt/host/source/src/platform/ec/build/zephyr/rull/modules/ec/common/base32.c.obj
[npcx9:rw] /mnt/host/source/src/platform/ec/build/zephyr/npcx9/build-rw/zephyr/zephyr.dts:3838.9-3845.5: Warning (gpios_property): /fans/fan_0: Missing property '#gpio-cells' in node /named-gpios/pgood_fan or bad phandle (referred from pgood-gpio[0])
[/mnt/host/source/src/platform/ec/build/zephyr/francka-lcov]   /mnt/host/source/src/platform/ec/build/zephyr/francka/build-ro/zephyr/CMakeFiles/zephyr.dir/soc/nuvoton/npcx/common/npcxn/registers.c.gcno:no functions found
[/mnt/host/source/src/platform/ec/build/zephyr/francka-lcov] stderr:
[rull:rw] [30/403] Building C object CMakeFiles/app.dir/mnt/host/source/src/platform/ec/build/zephyr/rull/modules/ec/common/console_output.c.obj
[tarkin:ro] [16/347] Building C object CMakeFiles/app.dir/mnt/host/source/src/platform/ec/zephyr/subsys/pd_controller/pdc_host_cmd.c.obj
[tarkin:rw] [16/347] Building C object CMakeFiles/app.dir/mnt/host/source/src/platform/ec/zephyr/subsys/pd_controller/pdc_host_cmd.c.obj
[pujjolo:ro] /mnt/host/source/src/platform/ec/build/zephyr/pujjolo/build-ro/zephyr/zephyr.dts:4689.9-4696.5: Warning (gpios_property): /fans/fan_0: Missing property '#gpio-cells' in node /named-gpios/fan-enable or bad phandle (referred from enable-gpio[0])
[/mnt/host/source/src/platform/ec/build/zephyr/moonstone-lcov]   /mnt/host/source/src/platform/ec/build/zephyr/moonstone/build-ro/modules/ec/zephyr/CMakeFiles/ec_shim.dir/drivers/keyboard_input/keyboard_customization_check.c.gcno:no functions found
[/mnt/host/source/src/platform/ec/build/zephyr/moonstone-lcov] stderr:
[rull:ro] [22/403] Building C object CMakeFiles/app.dir/mnt/host/source/src/platform/ec/zephyr/subsys/ap_pwrseq/x86_non_dsx_chipset_power_state.c.obj
[rull:rw] [31/403] Building C object CMakeFiles/app.dir/mnt/host/source/src/platform/ec/build/zephyr/rull/modules/ec/common/ec_features.c.obj
[pujjolo:rw] /mnt/host/source/src/platform/ec/build/zephyr/pujjolo/build-rw/zephyr/zephyr.dts:4689.9-4696.5: Warning (gpios_property): /fans/fan_0: Missing property '#gpio-cells' in node /named-gpios/fan-enable or bad phandle (referred from enable-gpio[0])
[rull:rw] [32/403] Building C object CMakeFiles/app.dir/mnt/host/source/src/platform/ec/build/zephyr/rull/modules/ec/common/gpio_commands.c.obj
[tarkin:ro] [17/347] Building C object CMakeFiles/app.dir/mnt/host/source/src/platform/ec/zephyr/subsys/pd_controller/pdc_stub.c.obj
[tarkin:rw] [17/347] Building C object CMakeFiles/app.dir/mnt/host/source/src/platform/ec/zephyr/subsys/pd_controller/pdc_stub.c.obj
[rull:rw] [33/403] Building C object CMakeFiles/app.dir/mnt/host/source/src/platform/ec/build/zephyr/rull/modules/ec/common/peripheral.c.obj
[rull:ro] [23/403] Building C object CMakeFiles/app.dir/mnt/host/source/src/platform/ec/zephyr/subsys/ap_pwrseq/x86_non_dsx_common_pwrseq_host_sleep.c.obj
[rull:rw] [34/403] Building C object CMakeFiles/app.dir/mnt/host/source/src/platform/ec/build/zephyr/rull/modules/ec/common/printf.c.obj
[tarkin:ro] [18/347] Building C object CMakeFiles/app.dir/mnt/host/source/src/platform/ec/zephyr/subsys/pd_controller/pdc_dpm.c.obj
[minimal-posix:singleimage] Parsing /mnt/host/source/src/third_party/zephyr/main/Kconfig
[npcx-aic:rw] warning: Deprecated symbol I2C_ALLOW_NO_STOP_TRANSACTIONS is enabled.
[/mnt/host/source/src/platform/ec/build/zephyr/moonstone-lcov]   /mnt/host/source/src/platform/ec/build/zephyr/moonstone/build-ro/modules/ec/zephyr/drivers/pw_transport/CMakeFiles/pw_transport.proto.nanopb.dir/pw_transport.proto/nanopb/pw_transport/proto/transport.pb.c.gcno:no functions found
[/mnt/host/source/src/platform/ec/build/zephyr/moonstone-lcov] stderr:
[/mnt/host/source/src/platform/ec/build/zephyr/xivu-lcov]   /mnt/host/source/src/platform/ec/build/zephyr/xivu/build-ro/CMakeFiles/app.dir/mnt/host/source/src/platform/ec/build/zephyr/xivu/modules/ec/common/usb_pd_pdo.c.gcno:no functions found
[/mnt/host/source/src/platform/ec/build/zephyr/xivu-lcov] stderr:
[tarkin:rw] [18/347] Building C object CMakeFiles/app.dir/mnt/host/source/src/platform/ec/zephyr/subsys/pd_controller/pdc_dpm.c.obj
[ptlgcs:rw] /mnt/host/source/src/platform/ec/build/zephyr/ptlgcs/build-rw/zephyr/zephyr.dts:2786.9-2794.5: Warning (gpios_property): /fans/fan_0: Missing property '#gpio-cells' in node /named-gpios/all-sys-pwrgd or bad phandle (referred from pgood-gpio[0])
[ptlgcs:rw] /mnt/host/source/src/platform/ec/build/zephyr/ptlgcs/build-rw/zephyr/zephyr.dts:2786.9-2794.5: Warning (gpios_property): /fans/fan_0: Missing property '#gpio-cells' in node /named-gpios/fan-pwr-disable or bad phandle (referred from enable-gpio[0])
[ptlgcs:rw] warning: GPIO_PCA95XX_INIT_PRIORITY (defined at drivers/gpio/Kconfig.pca95xx:16) was assigned the
[ptlgcs:rw] value '50' but got the value ''. Check these unsatisfied dependencies: GPIO_PCA95XX (=n). See
[ptlgcs:rw] http://docs.zephyrproject.org/latest/kconfig.html#CONFIG_GPIO_PCA95XX_INIT_PRIORITY and/or look up
[ptlgcs:rw] GPIO_PCA95XX_INIT_PRIORITY in the menuconfig/guiconfig interface. The Application Development
[ptlgcs:rw] Primer, Setting Configuration Values, and Kconfig - Tips and Best Practices sections of the manual
[ptlgcs:rw] might be helpful too.
[ptlgcs:rw] warning: Deprecated symbol I2C_ALLOW_NO_STOP_TRANSACTIONS is enabled.
[rull:rw] [35/403] Building C object CMakeFiles/app.dir/mnt/host/source/src/platform/ec/build/zephyr/rull/modules/ec/common/queue.c.obj
[ptlgcs:ro] warning: GPIO_PCA95XX_INIT_PRIORITY (defined at drivers/gpio/Kconfig.pca95xx:16) was assigned the
[ptlgcs:ro] value '50' but got the value ''. Check these unsatisfied dependencies: GPIO_PCA95XX (=n). See
[ptlgcs:ro] http://docs.zephyrproject.org/latest/kconfig.html#CONFIG_GPIO_PCA95XX_INIT_PRIORITY and/or look up
[ptlgcs:ro] GPIO_PCA95XX_INIT_PRIORITY in the menuconfig/guiconfig interface. The Application Development
[ptlgcs:ro] Primer, Setting Configuration Values, and Kconfig - Tips and Best Practices sections of the manual
[ptlgcs:ro] might be helpful too.
[rull:ro] [24/403] Building C object CMakeFiles/app.dir/mnt/host/source/src/platform/ec/zephyr/subsys/ap_pwrseq/x86_non_dsx_common_pwrseq_console.c.obj
[npcx9:ro] warning: Deprecated symbol I2C_ALLOW_NO_STOP_TRANSACTIONS is enabled.
[rull:rw] [36/403] Building C object CMakeFiles/app.dir/mnt/host/source/src/platform/ec/build/zephyr/rull/modules/ec/common/system.c.obj
[npcx-aic:rw] Parsing /mnt/host/source/src/platform/ec/zephyr/program/ec-aic/Kconfig
[ptlgcs:rw] Parsing /mnt/host/source/src/platform/ec/zephyr/program/intelrvp/Kconfig
[npcx9:rw] warning: Deprecated symbol I2C_ALLOW_NO_STOP_TRANSACTIONS is enabled.
[minimal-posix:singleimage] Loaded configuration '/mnt/host/source/src/third_party/zephyr/main/boards/native/native_sim/native_sim_defconfig'
[minimal-posix:singleimage] Merged configuration '/mnt/host/source/src/platform/ec/zephyr/program/minimal/prj.conf'
[minimal-posix:singleimage] Merged configuration '/mnt/host/source/src/platform/ec/build/zephyr/minimal-posix/kconfig-singleimage.conf'
[minimal-posix:singleimage] Configuration saved to '/mnt/host/source/src/platform/ec/build/zephyr/minimal-posix/build-singleimage/zephyr/.config'
[minimal-posix:singleimage] Kconfig header saved to '/mnt/host/source/src/platform/ec/build/zephyr/minimal-posix/build-singleimage/zephyr/include/generated/zephyr/autoconf.h'
[minimal-posix:singleimage] -- Found GnuLd: /usr/bin/x86_64-pc-linux-gnu-ld.bfd (found version "2.45.0")
[ptlgcs:ro] Parsing /mnt/host/source/src/platform/ec/zephyr/program/intelrvp/Kconfig
[minimal-posix:singleimage] -- The C compiler identification is Clang 21.0.0
[tarkin:ro] [19/347] Building C object CMakeFiles/app.dir/mnt/host/source/src/platform/ec/zephyr/subsys/ucsi/ppm_common.c.obj
[rull:rw] [37/403] Building C object CMakeFiles/app.dir/mnt/host/source/src/platform/ec/build/zephyr/rull/modules/ec/common/system_boot_time.c.obj
[minimal-posix:singleimage] -- The CXX compiler identification is Clang 21.0.0
[tarkin:rw] [19/347] Building C object CMakeFiles/app.dir/mnt/host/source/src/platform/ec/zephyr/subsys/ucsi/ppm_common.c.obj
[npcx9:ro] Parsing /mnt/host/source/src/third_party/zephyr/main/Kconfig
[minimal-posix:singleimage] -- The ASM compiler identification is Clang with GNU-like command-line
[minimal-posix:singleimage] -- Found assembler: /usr/bin/x86_64-pc-linux-gnu-clang
[rull:ro] [25/403] Building C object CMakeFiles/app.dir/mnt/host/source/src/platform/ec/zephyr/subsys/ap_pwrseq/x86_non_dsx_common_pwrseq_host_command.c.obj
[pujjolo:ro] warning: PLATFORM_EC_EEPROM_CBI_WP (defined at
[pujjolo:ro] /mnt/host/source/src/platform/ec/zephyr/Kconfig.cbi:16) was assigned the value 'y' but got the value
[pujjolo:ro] 'n'. Check these unsatisfied dependencies: PLATFORM_EC_CBI_EEPROM (=n). See
[pujjolo:ro] http://docs.zephyrproject.org/latest/kconfig.html#CONFIG_PLATFORM_EC_EEPROM_CBI_WP and/or look up
[pujjolo:ro] PLATFORM_EC_EEPROM_CBI_WP in the menuconfig/guiconfig interface. The Application Development Primer,
[pujjolo:ro] Setting Configuration Values, and Kconfig - Tips and Best Practices sections of the manual might be
[pujjolo:ro] helpful too.
[pujjolo:ro] warning: PLATFORM_EC_CBI_TRANSFER_EEPROM_FLASH (defined at
[pujjolo:ro] /mnt/host/source/src/platform/ec/zephyr/Kconfig.cbi:55) was assigned the value 'y' but got the value
[pujjolo:ro] 'n'. Check these unsatisfied dependencies: PLATFORM_EC_CBI_EEPROM (=n). See
[pujjolo:ro] http://docs.zephyrproject.org/latest/kconfig.html#CONFIG_PLATFORM_EC_CBI_TRANSFER_EEPROM_FLASH
[pujjolo:ro] and/or look up PLATFORM_EC_CBI_TRANSFER_EEPROM_FLASH in the menuconfig/guiconfig interface. The
[pujjolo:ro] Application Development Primer, Setting Configuration Values, and Kconfig - Tips and Best Practices
[pujjolo:ro] sections of the manual might be helpful too.
[pujjolo:ro] warning: Deprecated symbol I2C_ALLOW_NO_STOP_TRANSACTIONS is enabled.
[npcx9:rw] Parsing /mnt/host/source/src/third_party/zephyr/main/Kconfig
[rull:rw] [38/403] Building C object CMakeFiles/app.dir/mnt/host/source/src/platform/ec/build/zephyr/rull/modules/ec/common/uart_printf.c.obj
[pujjolo:rw] warning: PLATFORM_EC_EEPROM_CBI_WP (defined at
[pujjolo:rw] /mnt/host/source/src/platform/ec/zephyr/Kconfig.cbi:16) was assigned the value 'y' but got the value
[pujjolo:rw] 'n'. Check these unsatisfied dependencies: PLATFORM_EC_CBI_EEPROM (=n). See
[pujjolo:rw] http://docs.zephyrproject.org/latest/kconfig.html#CONFIG_PLATFORM_EC_EEPROM_CBI_WP and/or look up
[pujjolo:rw] PLATFORM_EC_EEPROM_CBI_WP in the menuconfig/guiconfig interface. The Application Development Primer,
[pujjolo:rw] Setting Configuration Values, and Kconfig - Tips and Best Practices sections of the manual might be
[pujjolo:rw] helpful too.
[pujjolo:rw] warning: PLATFORM_EC_CBI_TRANSFER_EEPROM_FLASH (defined at
[pujjolo:rw] /mnt/host/source/src/platform/ec/zephyr/Kconfig.cbi:55) was assigned the value 'y' but got the value
[pujjolo:rw] 'n'. Check these unsatisfied dependencies: PLATFORM_EC_CBI_EEPROM (=n). See
[pujjolo:rw] http://docs.zephyrproject.org/latest/kconfig.html#CONFIG_PLATFORM_EC_CBI_TRANSFER_EEPROM_FLASH
[pujjolo:rw] and/or look up PLATFORM_EC_CBI_TRANSFER_EEPROM_FLASH in the menuconfig/guiconfig interface. The
[pujjolo:rw] Application Development Primer, Setting Configuration Values, and Kconfig - Tips and Best Practices
[pujjolo:rw] sections of the manual might be helpful too.
[pujjolo:rw] warning: Deprecated symbol I2C_ALLOW_NO_STOP_TRANSACTIONS is enabled.
[npcx-aic:rw] Loaded configuration '/mnt/host/source/src/platform/ec/zephyr/boards/google/npcx9/npcx9_npcx9m7f_defconfig'
[npcx-aic:rw] Merged configuration '/mnt/host/source/src/platform/ec/zephyr/program/ec-aic/program.conf'
[npcx-aic:rw] Merged configuration '/mnt/host/source/src/platform/ec/zephyr/program/ec-aic/npcx-aic/project.conf'
[npcx-aic:rw] Merged configuration '/mnt/host/source/src/platform/ec/build/zephyr/npcx-aic/kconfig-rw.conf'
[npcx-aic:rw] Configuration saved to '/mnt/host/source/src/platform/ec/build/zephyr/npcx-aic/build-rw/zephyr/.config'
[npcx-aic:rw] Kconfig header saved to '/mnt/host/source/src/platform/ec/build/zephyr/npcx-aic/build-rw/zephyr/include/generated/zephyr/autoconf.h'
[npcx-aic:rw] -- Found GnuLd: /home/jpmurphy/.cache/coreboot-sdk/arm-eabi/ea40ddd1d190c3b48435c474c0b545719371813a/arm-eabi/bin/ld.bfd (found version "2.43.1")
[ptlgcs:rw] Loaded configuration '/mnt/host/source/src/platform/ec/zephyr/boards/google/mec172x/mec172x_mec172x_nsz_mec1727_defconfig'
[ptlgcs:rw] Merged configuration '/mnt/host/source/src/platform/ec/zephyr/program/intelrvp/program.conf'
[ptlgcs:rw] Merged configuration '/mnt/host/source/src/platform/ec/zephyr/program/intelrvp/ptlrvp/program.conf'
[ptlgcs:rw] Merged configuration '/mnt/host/source/src/platform/ec/zephyr/program/intelrvp/ptlrvp/ptlgcs/project.conf'
[ptlgcs:rw] Merged configuration '/mnt/host/source/src/platform/ec/zephyr/program/intelrvp/ptlrvp/pd.conf'
[ptlgcs:rw] Merged configuration '/mnt/host/source/src/platform/ec/zephyr/program/intelrvp/zephyr_ap_pwrseq.conf'
[ptlgcs:rw] Merged configuration '/mnt/host/source/src/platform/ec/build/zephyr/ptlgcs/kconfig-rw.conf'
[ptlgcs:rw] Configuration saved to '/mnt/host/source/src/platform/ec/build/zephyr/ptlgcs/build-rw/zephyr/.config'
[ptlgcs:rw] Kconfig header saved to '/mnt/host/source/src/platform/ec/build/zephyr/ptlgcs/build-rw/zephyr/include/generated/zephyr/autoconf.h'
[ptlgcs:rw] -- Found GnuLd: /home/jpmurphy/.cache/coreboot-sdk/arm-eabi/ea40ddd1d190c3b48435c474c0b545719371813a/arm-eabi/bin/ld.bfd (found version "2.43.1")
[ptlgcs:ro] Loaded configuration '/mnt/host/source/src/platform/ec/zephyr/boards/google/mec172x/mec172x_mec172x_nsz_mec1727_defconfig'
[ptlgcs:ro] Merged configuration '/mnt/host/source/src/platform/ec/zephyr/program/intelrvp/program.conf'
[ptlgcs:ro] Merged configuration '/mnt/host/source/src/platform/ec/zephyr/program/intelrvp/ptlrvp/program.conf'
[ptlgcs:ro] Merged configuration '/mnt/host/source/src/platform/ec/zephyr/program/intelrvp/ptlrvp/ptlgcs/project.conf'
[ptlgcs:ro] Merged configuration '/mnt/host/source/src/platform/ec/zephyr/program/intelrvp/ptlrvp/pd.conf'
[ptlgcs:ro] Merged configuration '/mnt/host/source/src/platform/ec/zephyr/program/intelrvp/zephyr_ap_pwrseq.conf'
[ptlgcs:ro] Merged configuration '/mnt/host/source/src/platform/ec/build/zephyr/ptlgcs/kconfig-ro.conf'
[ptlgcs:ro] Configuration saved to '/mnt/host/source/src/platform/ec/build/zephyr/ptlgcs/build-ro/zephyr/.config'
[ptlgcs:ro] Kconfig header saved to '/mnt/host/source/src/platform/ec/build/zephyr/ptlgcs/build-ro/zephyr/include/generated/zephyr/autoconf.h'
[ptlgcs:ro] -- Found GnuLd: /home/jpmurphy/.cache/coreboot-sdk/arm-eabi/ea40ddd1d190c3b48435c474c0b545719371813a/arm-eabi/bin/ld.bfd (found version "2.43.1")
[rull:rw] [39/403] Building C object CMakeFiles/app.dir/mnt/host/source/src/platform/ec/build/zephyr/rull/modules/ec/common/util.c.obj
[pujjolo:ro] Parsing /mnt/host/source/src/platform/ec/zephyr/program/trulo/Kconfig
[npcx-aic:rw] -- The C compiler identification is GNU 14.2.0
[ptlgcs:rw] -- The C compiler identification is GNU 14.2.0
[tarkin:ro] [20/347] Building C object CMakeFiles/app.dir/mnt/host/source/src/platform/ec/zephyr/subsys/ucsi/ppm_console.c.obj
[npcx9:ro] Loaded configuration '/mnt/host/source/src/platform/ec/zephyr/boards/nuvoton/npcx_evb/npcx_evb_npcx9m6f_defconfig'
[npcx9:ro] Merged configuration '/mnt/host/source/src/platform/ec/zephyr/program/npcx_evb/npcx9/prj.conf'
[npcx9:ro] Merged configuration '/mnt/host/source/src/platform/ec/build/zephyr/npcx9/kconfig-ro.conf'
[npcx9:ro] Configuration saved to '/mnt/host/source/src/platform/ec/build/zephyr/npcx9/build-ro/zephyr/.config'
[npcx9:ro] Kconfig header saved to '/mnt/host/source/src/platform/ec/build/zephyr/npcx9/build-ro/zephyr/include/generated/zephyr/autoconf.h'
[npcx9:ro] -- Found GnuLd: /home/jpmurphy/.cache/coreboot-sdk/arm-eabi/ea40ddd1d190c3b48435c474c0b545719371813a/arm-eabi/bin/ld.bfd (found version "2.43.1")
[rull:ro] [26/403] Building C object CMakeFiles/app.dir/mnt/host/source/src/platform/ec/zephyr/subsys/ap_pwrseq/x86_non_dsx_adlp_pwrseq_sm.c.obj
[ptlgcs:ro] -- The C compiler identification is GNU 14.2.0
[tarkin:rw] [20/347] Building C object CMakeFiles/app.dir/mnt/host/source/src/platform/ec/zephyr/subsys/ucsi/ppm_console.c.obj
[npcx-aic:rw] -- The CXX compiler identification is GNU 14.2.0
[pujjolo:rw] Parsing /mnt/host/source/src/platform/ec/zephyr/program/trulo/Kconfig
[npcx-aic:rw] -- The ASM compiler identification is GNU
[npcx-aic:rw] -- Found assembler: /home/jpmurphy/.cache/coreboot-sdk/arm-eabi/ea40ddd1d190c3b48435c474c0b545719371813a/bin/arm-eabi-gcc
[ptlgcs:rw] -- The CXX compiler identification is GNU 14.2.0
[npcx9:ro] -- The C compiler identification is GNU 14.2.0
[npcx-aic:rw] CMake Warning at /mnt/host/source/src/platform/ec/zephyr/cmake/linker/ld/linker_libraries.cmake:11 (message):
[npcx-aic:rw]   Disabling c_library
[npcx-aic:rw] Call Stack (most recent call first):
[npcx-aic:rw]   /mnt/host/source/src/third_party/zephyr/main/cmake/target_toolchain_flags.cmake:48 (include)
[npcx-aic:rw]   /mnt/host/source/src/third_party/zephyr/main/cmake/modules/kernel.cmake:153 (include)
[npcx-aic:rw]   /mnt/host/source/src/third_party/zephyr/main/cmake/modules/zephyr_default.cmake:138 (include)
[npcx-aic:rw]   /mnt/host/source/src/third_party/zephyr/main/share/zephyr-package/cmake/ZephyrConfig.cmake:66 (include)
[npcx-aic:rw]   /mnt/host/source/src/third_party/zephyr/main/share/zephyr-package/cmake/ZephyrConfig.cmake:97 (include_boilerplate)
[npcx-aic:rw]   CMakeLists.txt:6 (find_package)
[npcx9:rw] Loaded configuration '/mnt/host/source/src/platform/ec/zephyr/boards/nuvoton/npcx_evb/npcx_evb_npcx9m6f_defconfig'
[npcx9:rw] Merged configuration '/mnt/host/source/src/platform/ec/zephyr/program/npcx_evb/npcx9/prj.conf'
[npcx9:rw] Merged configuration '/mnt/host/source/src/platform/ec/build/zephyr/npcx9/kconfig-rw.conf'
[npcx9:rw] Configuration saved to '/mnt/host/source/src/platform/ec/build/zephyr/npcx9/build-rw/zephyr/.config'
[npcx9:rw] Kconfig header saved to '/mnt/host/source/src/platform/ec/build/zephyr/npcx9/build-rw/zephyr/include/generated/zephyr/autoconf.h'
[npcx9:rw] -- Found GnuLd: /home/jpmurphy/.cache/coreboot-sdk/arm-eabi/ea40ddd1d190c3b48435c474c0b545719371813a/arm-eabi/bin/ld.bfd (found version "2.43.1")
[ptlgcs:rw] -- The ASM compiler identification is GNU
[ptlgcs:rw] -- Found assembler: /home/jpmurphy/.cache/coreboot-sdk/arm-eabi/ea40ddd1d190c3b48435c474c0b545719371813a/bin/arm-eabi-gcc
[ptlgcs:ro] -- The CXX compiler identification is GNU 14.2.0
[ptlgcs:rw] CMake Warning at /mnt/host/source/src/platform/ec/zephyr/cmake/linker/ld/linker_libraries.cmake:11 (message):
[ptlgcs:rw]   Disabling c_library
[rull:rw] [40/403] Building C object CMakeFiles/app.dir/mnt/host/source/src/platform/ec/build/zephyr/rull/modules/ec/common/version.c.obj
[ptlgcs:ro] -- The ASM compiler identification is GNU
[ptlgcs:ro] -- Found assembler: /home/jpmurphy/.cache/coreboot-sdk/arm-eabi/ea40ddd1d190c3b48435c474c0b545719371813a/bin/arm-eabi-gcc
[ptlgcs:ro] warning: Deprecated symbol I2C_ALLOW_NO_STOP_TRANSACTIONS is enabled.
[ptlgcs:ro] CMake Warning at /mnt/host/source/src/platform/ec/zephyr/cmake/linker/ld/linker_libraries.cmake:11 (message):
[npcx9:ro] -- The CXX compiler identification is GNU 14.2.0
[npcx9:rw] -- The C compiler identification is GNU 14.2.0
[npcx9:ro] -- The ASM compiler identification is GNU
[npcx9:ro] -- Found assembler: /home/jpmurphy/.cache/coreboot-sdk/arm-eabi/ea40ddd1d190c3b48435c474c0b545719371813a/bin/arm-eabi-gcc
[npcx9:ro] CMake Warning at /mnt/host/source/src/platform/ec/zephyr/cmake/linker/ld/linker_libraries.cmake:11 (message):
[npcx9:ro]   Disabling c_library
[npcx9:ro] Call Stack (most recent call first):
[npcx9:ro]   /mnt/host/source/src/third_party/zephyr/main/cmake/target_toolchain_flags.cmake:48 (include)
[npcx9:ro]   /mnt/host/source/src/third_party/zephyr/main/cmake/modules/kernel.cmake:153 (include)
[npcx9:ro]   /mnt/host/source/src/third_party/zephyr/main/cmake/modules/zephyr_default.cmake:138 (include)
[npcx9:ro]   /mnt/host/source/src/third_party/zephyr/main/share/zephyr-package/cmake/ZephyrConfig.cmake:66 (include)
[npcx9:ro]   /mnt/host/source/src/third_party/zephyr/main/share/zephyr-package/cmake/ZephyrConfig.cmake:97 (include_boilerplate)
[npcx9:ro]   CMakeLists.txt:7 (find_package)
[npcx9:rw] -- The CXX compiler identification is GNU 14.2.0
[rull:rw] [41/403] Building C object CMakeFiles/app.dir/mnt/host/source/src/platform/ec/build/zephyr/rull/modules/ec/common/power_button_x86.c.obj
[npcx-aic:rw] -- Performing EC specific devicetree checks
[npcx9:rw] -- The ASM compiler identification is GNU
[npcx9:rw] -- Found assembler: /home/jpmurphy/.cache/coreboot-sdk/arm-eabi/ea40ddd1d190c3b48435c474c0b545719371813a/bin/arm-eabi-gcc
[npcx9:rw] CMake Warning at /mnt/host/source/src/platform/ec/zephyr/cmake/linker/ld/linker_libraries.cmake:11 (message):
[npcx9:rw]   Disabling c_library
[npcx9:rw] Call Stack (most recent call first):
[npcx9:rw]   /mnt/host/source/src/third_party/zephyr/main/cmake/target_toolchain_flags.cmake:48 (include)
[npcx9:rw]   /mnt/host/source/src/third_party/zephyr/main/cmake/modules/kernel.cmake:153 (include)
[npcx9:rw]   /mnt/host/source/src/third_party/zephyr/main/cmake/modules/zephyr_default.cmake:138 (include)
[npcx9:rw]   /mnt/host/source/src/third_party/zephyr/main/share/zephyr-package/cmake/ZephyrConfig.cmake:66 (include)
[npcx9:rw]   /mnt/host/source/src/third_party/zephyr/main/share/zephyr-package/cmake/ZephyrConfig.cmake:97 (include_boilerplate)
[npcx9:rw]   CMakeLists.txt:7 (find_package)
[pujjolo:ro] INFOSetting TOOLCHAIN_HAS_PICOLIBC to support full build.
[pujjolo:ro] INFOSetting TOOLCHAIN_HAS_NEWLIB to support full build.
[rull:ro] [27/403] Building C object CMakeFiles/app.dir/mnt/host/source/src/platform/ec/zephyr/subsys/ap_pwrseq/ap_reset_log.c.obj
[pujjolo:ro] Loaded configuration '/mnt/host/source/src/platform/ec/zephyr/boards/google/npcx9/npcx9_npcx9m7fb_defconfig'
[pujjolo:ro] Merged configuration '/mnt/host/source/src/platform/ec/zephyr/program/trulo/program.conf'
[pujjolo:ro] Merged configuration '/mnt/host/source/src/platform/ec/zephyr/program/trulo/pujjolo/project.conf'
[pujjolo:ro] Merged configuration '/mnt/host/source/src/platform/ec/zephyr/program/trulo/dsp_comms.conf'
[pujjolo:ro] Merged configuration '/mnt/host/source/src/platform/ec/build/zephyr/pujjolo/kconfig-ro.conf'
[pujjolo:ro] Configuration saved to '/mnt/host/source/src/platform/ec/build/zephyr/pujjolo/build-ro/zephyr/.config'
[pujjolo:ro] Kconfig header saved to '/mnt/host/source/src/platform/ec/build/zephyr/pujjolo/build-ro/zephyr/include/generated/zephyr/autoconf.h'
[pujjolo:ro] -- Found GnuLd: /home/jpmurphy/.cache/coreboot-sdk/arm-eabi/ea40ddd1d190c3b48435c474c0b545719371813a/arm-eabi/bin/ld.bfd (found version "2.43.1")
[npcx-aic:rw] INFO: Verified 1 GPIOs, no duplicates found
[tarkin:ro] [21/347] Building C object CMakeFiles/app.dir/mnt/host/source/src/platform/ec/zephyr/subsys/ucsi/ppm_driver.c.obj
[tarkin:rw] [21/347] Building C object CMakeFiles/app.dir/mnt/host/source/src/platform/ec/zephyr/subsys/ucsi/ppm_driver.c.obj
[ptlgcs:rw] -- Performing EC specific devicetree checks
[pujjolo:ro] -- The C compiler identification is GNU 14.2.0
[npcx-aic:rw] -- warning_base_override: -Wall;-Wformat;-Wformat-security;-Wformat;-Wno-format-zero-length;-Wno-pointer-sign;-Wpointer-arith;-Wexpansion-to-defined
[pujjolo:rw] INFOSetting TOOLCHAIN_HAS_PICOLIBC to support full build.
[pujjolo:rw] INFOSetting TOOLCHAIN_HAS_NEWLIB to support full build.
[ptlgcs:ro] -- Performing EC specific devicetree checks
[rull:rw] [42/403] Building C object CMakeFiles/app.dir/mnt/host/source/src/platform/ec/build/zephyr/rull/modules/ec/common/adc.c.obj
[pujjolo:rw] Loaded configuration '/mnt/host/source/src/platform/ec/zephyr/boards/google/npcx9/npcx9_npcx9m7fb_defconfig'
[pujjolo:rw] Merged configuration '/mnt/host/source/src/platform/ec/zephyr/program/trulo/program.conf'
[pujjolo:rw] Merged configuration '/mnt/host/source/src/platform/ec/zephyr/program/trulo/pujjolo/project.conf'
[pujjolo:rw] Merged configuration '/mnt/host/source/src/platform/ec/zephyr/program/trulo/dsp_comms.conf'
[pujjolo:rw] Merged configuration '/mnt/host/source/src/platform/ec/build/zephyr/pujjolo/kconfig-rw.conf'
[pujjolo:rw] Configuration saved to '/mnt/host/source/src/platform/ec/build/zephyr/pujjolo/build-rw/zephyr/.config'
[pujjolo:rw] Kconfig header saved to '/mnt/host/source/src/platform/ec/build/zephyr/pujjolo/build-rw/zephyr/include/generated/zephyr/autoconf.h'
[pujjolo:rw] -- Found GnuLd: /home/jpmurphy/.cache/coreboot-sdk/arm-eabi/ea40ddd1d190c3b48435c474c0b545719371813a/arm-eabi/bin/ld.bfd (found version "2.43.1")
[ptlgcs:rw] Call Stack (most recent call first):
[ptlgcs:rw]   /mnt/host/source/src/third_party/zephyr/main/cmake/target_toolchain_flags.cmake:48 (include)
[ptlgcs:rw]   /mnt/host/source/src/third_party/zephyr/main/cmake/modules/kernel.cmake:153 (include)
[ptlgcs:rw]   /mnt/host/source/src/third_party/zephyr/main/cmake/modules/zephyr_default.cmake:138 (include)
[ptlgcs:rw]   /mnt/host/source/src/third_party/zephyr/main/share/zephyr-package/cmake/ZephyrConfig.cmake:66 (include)
[ptlgcs:rw]   /mnt/host/source/src/third_party/zephyr/main/share/zephyr-package/cmake/ZephyrConfig.cmake:97 (include_boilerplate)
[ptlgcs:rw]   CMakeLists.txt:7 (find_package)
[ptlgcs:rw] INFO: Verified 57 GPIOs, no duplicates found
[pujjolo:ro] -- The CXX compiler identification is GNU 14.2.0
[ptlgcs:ro]   Disabling c_library
[ptlgcs:ro] Call Stack (most recent call first):
[ptlgcs:ro]   /mnt/host/source/src/third_party/zephyr/main/cmake/target_toolchain_flags.cmake:48 (include)
[ptlgcs:ro]   /mnt/host/source/src/third_party/zephyr/main/cmake/modules/kernel.cmake:153 (include)
[ptlgcs:ro]   /mnt/host/source/src/third_party/zephyr/main/cmake/modules/zephyr_default.cmake:138 (include)
[ptlgcs:ro]   /mnt/host/source/src/third_party/zephyr/main/share/zephyr-package/cmake/ZephyrConfig.cmake:66 (include)
[ptlgcs:ro]   /mnt/host/source/src/third_party/zephyr/main/share/zephyr-package/cmake/ZephyrConfig.cmake:97 (include_boilerplate)
[ptlgcs:ro]   CMakeLists.txt:7 (find_package)
[ptlgcs:ro] INFO: Verified 57 GPIOs, no duplicates found
[ptlgcs:ro] INFO: Verified 9 '*-gpios' properties, all flags match.
[ptlgcs:ro] INFO: Skipped 8 named-gpios children.
[pujjolo:ro] -- The ASM compiler identification is GNU
[pujjolo:ro] CMake Warning at /mnt/host/source/src/platform/ec/zephyr/cmake/linker/ld/linker_libraries.cmake:11 (message):
[npcx9:ro] -- Performing EC specific devicetree checks
[pujjolo:ro]   Disabling c_library
[npcx-aic:rw] -- Found gen_kobject_list: /mnt/host/source/src/third_party/zephyr/main/scripts/build/gen_kobject_list.py
[/mnt/host/source/src/platform/ec/build/zephyr/francka-lcov]   /mnt/host/source/src/platform/ec/build/zephyr/francka/build-ro/zephyr/drivers/sensor/CMakeFiles/drivers__sensor.dir/mnt/host/source/src/third_party/zephyr/main/misc/empty_file.c.gcno:no functions found
[/mnt/host/source/src/platform/ec/build/zephyr/francka-lcov] stderr:
[pujjolo:rw] -- The C compiler identification is GNU 14.2.0
[npcx9:rw] -- Performing EC specific devicetree checks
[npcx-aic:rw] INFO: Verified 28 '*-gpios' properties, all flags match.
[npcx-aic:rw] INFO: Skipped 1 named-gpios children.
[npcx-aic:rw] CMake Warning at /mnt/host/source/src/third_party/zephyr/main/CMakeLists.txt:2359 (message):
[npcx-aic:rw]   __ASSERT() statements are globally ENABLED
[ptlgcs:rw] -- Generating component manifest file
[rull:rw] [43/403] Building C object CMakeFiles/app.dir/mnt/host/source/src/platform/ec/build/zephyr/rull/modules/ec/common/acpi.c.obj
[ptlgcs:ro] -- Generating component manifest file
[npcx9:ro] INFO: Verified 12 GPIOs, no duplicates found
[npcx9:ro] INFO: Verified 1 '*-gpios' properties, all flags match.
[npcx9:ro] INFO: Skipped 0 named-gpios children.
[rull:ro] [28/403] Building C object CMakeFiles/app.dir/mnt/host/source/src/platform/ec/build/zephyr/rull/modules/ec/builtin/stdlib.c.obj
[npcx-aic:rw] -- Configuring done (14.0s)
[npcx9:rw] INFO: Verified 12 GPIOs, no duplicates found
[npcx9:rw] INFO: Verified 1 '*-gpios' properties, all flags match.
[pujjolo:rw] -- The CXX compiler identification is GNU 14.2.0
[ptlgcs:rw] INFO: Verified 9 '*-gpios' properties, all flags match.
[ptlgcs:rw] INFO: Skipped 8 named-gpios children.
[ptlgcs:rw] INFO: Running CME, outputting to /mnt/host/source/src/platform/ec/build/zephyr/ptlgcs/build-rw/zephyr/component_manifest.json
[ptlgcs:rw] INFO: Project ptlgcs does not support SSFC
[ptlgcs:rw] INFO: No motionsense-sensor node found
[npcx9:ro] -- Generating component manifest file
[tarkin:ro] [22/347] Building C object CMakeFiles/app.dir/mnt/host/source/src/platform/ec/zephyr/subsys/ucsi/ucsi_host_cmd.c.obj
[pujjolo:rw] -- The ASM compiler identification is GNU
[/mnt/host/source/src/platform/ec/build/zephyr/francka-lcov]   /mnt/host/source/src/platform/ec/build/zephyr/francka/build-rw/modules/ec/zephyr/CMakeFiles/ec_shim.dir/shim/src/thermal.c.gcno:no functions found
[/mnt/host/source/src/platform/ec/build/zephyr/francka-lcov] stderr:
[ptlgcs:ro] INFO: Running CME, outputting to /mnt/host/source/src/platform/ec/build/zephyr/ptlgcs/build-ro/zephyr/component_manifest.json
[ptlgcs:ro] INFO: Project ptlgcs does not support SSFC
[ptlgcs:ro] INFO: No motionsense-sensor node found
[pujjolo:rw] CMake Warning at /mnt/host/source/src/platform/ec/zephyr/cmake/linker/ld/linker_libraries.cmake:11 (message):
[pujjolo:rw]   Disabling c_library
[pujjolo:rw] Call Stack (most recent call first):
[pujjolo:rw]   /mnt/host/source/src/third_party/zephyr/main/cmake/target_toolchain_flags.cmake:48 (include)
[pujjolo:rw]   /mnt/host/source/src/third_party/zephyr/main/cmake/modules/kernel.cmake:153 (include)
[pujjolo:rw]   /mnt/host/source/src/third_party/zephyr/main/cmake/modules/zephyr_default.cmake:138 (include)
[pujjolo:rw]   /mnt/host/source/src/third_party/zephyr/main/share/zephyr-package/cmake/ZephyrConfig.cmake:66 (include)
[pujjolo:rw]   /mnt/host/source/src/third_party/zephyr/main/share/zephyr-package/cmake/ZephyrConfig.cmake:97 (include_boilerplate)
[pujjolo:rw]   CMakeLists.txt:6 (find_package)
[pujjolo:rw] INFOSetting c++_library to libstdc++ install path
[pujjolo:rw] INFOSetting c_library to picolibc install path
[tarkin:rw] [22/347] Building C object CMakeFiles/app.dir/mnt/host/source/src/platform/ec/zephyr/subsys/ucsi/ucsi_host_cmd.c.obj
[npcx9:rw] -- Generating component manifest file
[npcx9:ro] INFO: Running CME, outputting to /mnt/host/source/src/platform/ec/build/zephyr/npcx9/build-ro/zephyr/component_manifest.json
[ptlgcs:rw] -- warning_base_override: -Wall;-Wformat;-Wformat-security;-Wformat;-Wno-format-zero-length;-Wno-pointer-sign;-Wpointer-arith;-Wexpansion-to-defined
[rull:rw] [44/403] Building C object CMakeFiles/app.dir/mnt/host/source/src/platform/ec/build/zephyr/rull/modules/ec/common/backlight_lid.c.obj
[npcx-aic:rw] -- Generating done (0.5s)
[npcx-aic:rw] CMake Warning:
[npcx-aic:rw] -- Build files have been written to: /mnt/host/source/src/platform/ec/build/zephyr/npcx-aic/build-rw
[/mnt/host/source/src/platform/ec/build/zephyr/francka-lcov]   /mnt/host/source/src/platform/ec/build/zephyr/francka/build-rw/modules/ec/zephyr/CMakeFiles/ec_shim.dir/shim/src/battery.c.gcno:no functions found
[/mnt/host/source/src/platform/ec/build/zephyr/francka-lcov] stderr:
[ptlgcs:ro] -- warning_base_override: -Wall;-Wformat;-Wformat-security;-Wformat;-Wno-format-zero-length;-Wno-pointer-sign;-Wpointer-arith;-Wexpansion-to-defined
[npcx9:rw] INFO: Skipped 0 named-gpios children.
[npcx9:rw] INFO: Running CME, outputting to /mnt/host/source/src/platform/ec/build/zephyr/npcx9/build-rw/zephyr/component_manifest.json
[npcx9:ro] -- warning_base_override: -Wall;-Wformat;-Wformat-security;-Wformat;-Wno-format-zero-length;-Wno-pointer-sign;-Wpointer-arith;-Wexpansion-to-defined
[pujjolo:ro] -- Found assembler: /home/jpmurphy/.cache/coreboot-sdk/arm-eabi/ea40ddd1d190c3b48435c474c0b545719371813a/bin/arm-eabi-gcc
[pujjolo:ro] -- Using ccache: /usr/bin/ccache
[npcx9:rw] -- warning_base_override: -Wall;-Wformat;-Wformat-security;-Wformat;-Wno-format-zero-length;-Wno-pointer-sign;-Wpointer-arith;-Wexpansion-to-defined
[pujjolo:ro] -- Performing EC specific devicetree checks
[npcx-aic:rw]   Manually-specified variables were not used by the project:
[npcx-aic:rw]     COREBOOT_SDK_ROOT_libstdcxx_riscv64
[npcx-aic:rw]     COREBOOT_SDK_ROOT_libstdcxx_x86
[npcx-aic:rw]     COREBOOT_SDK_ROOT_nds32
[npcx-aic:rw]     COREBOOT_SDK_ROOT_picolibc_riscv64
[npcx-aic:rw]     COREBOOT_SDK_ROOT_picolibc_x86
[npcx-aic:rw]     COREBOOT_SDK_ROOT_riscv
[npcx-aic:rw]     COREBOOT_SDK_ROOT_riscv64
[npcx-aic:rw]     COREBOOT_SDK_ROOT_x86
[rull:ro] [29/403] Building C object CMakeFiles/app.dir/mnt/host/source/src/platform/ec/build/zephyr/rull/modules/ec/common/base32.c.obj
[rull:rw] [45/403] Building C object CMakeFiles/app.dir/mnt/host/source/src/platform/ec/build/zephyr/rull/modules/ec/common/battery.c.obj
[ptlgcs:rw] -- Found gen_kobject_list: /mnt/host/source/src/third_party/zephyr/main/scripts/build/gen_kobject_list.py
[pujjolo:ro] Call Stack (most recent call first):
[pujjolo:ro]   /mnt/host/source/src/third_party/zephyr/main/cmake/target_toolchain_flags.cmake:48 (include)
[pujjolo:ro]   /mnt/host/source/src/third_party/zephyr/main/cmake/modules/kernel.cmake:153 (include)
[pujjolo:ro]   /mnt/host/source/src/third_party/zephyr/main/cmake/modules/zephyr_default.cmake:138 (include)
[pujjolo:ro]   /mnt/host/source/src/third_party/zephyr/main/share/zephyr-package/cmake/ZephyrConfig.cmake:66 (include)
[pujjolo:ro]   /mnt/host/source/src/third_party/zephyr/main/share/zephyr-package/cmake/ZephyrConfig.cmake:97 (include_boilerplate)
[pujjolo:ro]   CMakeLists.txt:6 (find_package)
[pujjolo:ro] INFOSetting c++_library to libstdc++ install path
[pujjolo:ro] INFOSetting c_library to picolibc install path
[pujjolo:ro] INFO: Verified 51 GPIOs, no duplicates found
[pujjolo:ro] INFO: Verified 45 '*-gpios' properties, all flags match.
[ptlgcs:rw] CMake Warning at /mnt/host/source/src/third_party/zephyr/main/CMakeLists.txt:2359 (message):
[ptlgcs:rw]   __ASSERT() statements are globally ENABLED
[ptlgcs:ro] -- Found gen_kobject_list: /mnt/host/source/src/third_party/zephyr/main/scripts/build/gen_kobject_list.py
[npcx9:rw] -- Found gen_kobject_list: /mnt/host/source/src/third_party/zephyr/main/scripts/build/gen_kobject_list.py
[npcx9:ro] -- Found gen_kobject_list: /mnt/host/source/src/third_party/zephyr/main/scripts/build/gen_kobject_list.py
[tarkin:ro] [23/347] Building C object CMakeFiles/app.dir/mnt/host/source/src/platform/ec/build/zephyr/tarkin/modules/ec/builtin/stdlib.c.obj
[ptlgcs:ro] CMake Warning at /mnt/host/source/src/third_party/zephyr/main/CMakeLists.txt:2359 (message):
[ptlgcs:ro]   __ASSERT() statements are globally ENABLED
[npcx9:rw] INFO: Project npcx9 does not support SSFC
[npcx9:rw] INFO: No usbc node found
[npcx9:rw] INFO: No motionsense-sensor node found
[npcx9:rw] CMake Warning at /mnt/host/source/src/third_party/zephyr/main/CMakeLists.txt:2359 (message):
[ptlgcs:rw] Loading Zephyr default modules (Zephyr base (cached)).
[npcx9:ro] INFO: Project npcx9 does not support SSFC
[npcx9:ro] INFO: No usbc node found
[npcx9:ro] INFO: No motionsense-sensor node found
[npcx9:ro] CMake Warning at /mnt/host/source/src/third_party/zephyr/main/CMakeLists.txt:2359 (message):
[ptlgcs:rw] -- Configuring done (15.4s)
[pujjolo:rw] -- Found assembler: /home/jpmurphy/.cache/coreboot-sdk/arm-eabi/ea40ddd1d190c3b48435c474c0b545719371813a/bin/arm-eabi-gcc
[pujjolo:rw] -- Using ccache: /usr/bin/ccache
[pujjolo:ro] -- Generating component manifest file
[pujjolo:rw] -- Performing EC specific devicetree checks
[ptlgcs:ro] Loading Zephyr default modules (Zephyr base (cached)).
[ptlgcs:ro] -- Configuring done (15.4s)
[tarkin:rw] [23/347] Building C object CMakeFiles/app.dir/mnt/host/source/src/platform/ec/build/zephyr/tarkin/modules/ec/builtin/stdlib.c.obj
[npcx9:ro] -- Configuring done (14.8s)
[npcx9:rw] -- Configuring done (14.9s)
[rull:rw] [46/403] Building C object CMakeFiles/app.dir/mnt/host/source/src/platform/ec/build/zephyr/rull/modules/ec/common/battery_info.c.obj
[pujjolo:ro] INFO: Skipped 18 named-gpios children.
[pujjolo:ro] INFO: Running CME, outputting to /mnt/host/source/src/platform/ec/build/zephyr/pujjolo/build-ro/zephyr/component_manifest.json
[pujjolo:ro] INFO: No motionsense-sensor node found
[pujjolo:rw] INFO: Verified 51 GPIOs, no duplicates found
[pujjolo:rw] INFO: Verified 45 '*-gpios' properties, all flags match.
[pujjolo:rw] INFO: Skipped 18 named-gpios children.
[tarkin:rw] [24/347] Building C object CMakeFiles/app.dir/mnt/host/source/src/platform/ec/build/zephyr/tarkin/modules/ec/common/base32.c.obj
[ptlgcs:rw] -- Generating done (0.4s)
[ptlgcs:rw] CMake Warning:
[ptlgcs:rw]   Manually-specified variables were not used by the project:
[ptlgcs:rw]     COREBOOT_SDK_ROOT_libstdcxx_riscv64
[ptlgcs:rw]     COREBOOT_SDK_ROOT_libstdcxx_x86
[ptlgcs:rw]     COREBOOT_SDK_ROOT_nds32
[ptlgcs:rw]     COREBOOT_SDK_ROOT_picolibc_riscv64
[ptlgcs:rw]     COREBOOT_SDK_ROOT_picolibc_x86
[ptlgcs:rw]     COREBOOT_SDK_ROOT_riscv
[ptlgcs:rw]     COREBOOT_SDK_ROOT_riscv64
[ptlgcs:rw]     COREBOOT_SDK_ROOT_x86
[ptlgcs:rw] -- Build files have been written to: /mnt/host/source/src/platform/ec/build/zephyr/ptlgcs/build-rw
[/mnt/host/source/src/platform/ec/build/zephyr/francka-lcov]   /mnt/host/source/src/platform/ec/build/zephyr/francka/build-rw/modules/ec/zephyr/CMakeFiles/ec_shim.dir/shim/src/charger.c.gcno:no functions found
[/mnt/host/source/src/platform/ec/build/zephyr/francka-lcov] stderr:
[rull:ro] [30/403] Building C object CMakeFiles/app.dir/mnt/host/source/src/platform/ec/build/zephyr/rull/modules/ec/common/console_output.c.obj
[npcx9:rw] -- Generating done (0.4s)
[npcx9:rw]   __ASSERT() statements are globally ENABLED
[npcx9:rw] CMake Warning:
[npcx9:rw] -- Build files have been written to: /mnt/host/source/src/platform/ec/build/zephyr/npcx9/build-rw
[ptlgcs:ro] -- Generating done (0.4s)
[ptlgcs:ro] CMake Warning:
[ptlgcs:ro] -- Build files have been written to: /mnt/host/source/src/platform/ec/build/zephyr/ptlgcs/build-ro
[rull:rw] [47/403] Building C object CMakeFiles/app.dir/mnt/host/source/src/platform/ec/build/zephyr/rull/modules/ec/common/battery_fuel_gauge.c.obj
[pujjolo:rw] -- Generating component manifest file
[npcx9:ro] -- Generating done (0.5s)
[npcx9:ro] -- Build files have been written to: /mnt/host/source/src/platform/ec/build/zephyr/npcx9/build-ro
[npcx9:ro]   __ASSERT() statements are globally ENABLED
[npcx9:ro] CMake Warning:
[pujjolo:ro] -- warning_base_override: -Wall;-Wformat;-Wformat-security;-Wformat;-Wno-format-zero-length;-Wno-pointer-sign;-Wpointer-arith;-Wexpansion-to-defined
[pujjolo:ro] The PW_ROOT environment variable is not set; using /mnt/host/source/src/platform/ec/build/zephyr/pujjolo/modules/pigweed within CMake
[tarkin:ro] [24/347] Building C object CMakeFiles/app.dir/mnt/host/source/src/platform/ec/build/zephyr/tarkin/modules/ec/common/base32.c.obj
[npcx9:rw]   Manually-specified variables were not used by the project:
[npcx9:rw]     COREBOOT_SDK_ROOT_libstdcxx_riscv64
[npcx9:rw]     COREBOOT_SDK_ROOT_libstdcxx_x86
[npcx9:rw]     COREBOOT_SDK_ROOT_nds32
[npcx9:rw]     COREBOOT_SDK_ROOT_picolibc_riscv64
[npcx9:rw]     COREBOOT_SDK_ROOT_picolibc_x86
[npcx9:rw]     COREBOOT_SDK_ROOT_riscv
[npcx9:rw]     COREBOOT_SDK_ROOT_riscv64
[npcx9:rw]     COREBOOT_SDK_ROOT_x86
[npcx9:ro]   Manually-specified variables were not used by the project:
[npcx9:ro]     COREBOOT_SDK_ROOT_libstdcxx_riscv64
[npcx9:ro]     COREBOOT_SDK_ROOT_libstdcxx_x86
[npcx9:ro]     COREBOOT_SDK_ROOT_nds32
[npcx9:ro]     COREBOOT_SDK_ROOT_picolibc_riscv64
[npcx9:ro]     COREBOOT_SDK_ROOT_picolibc_x86
[npcx9:ro]     COREBOOT_SDK_ROOT_riscv
[npcx9:ro]     COREBOOT_SDK_ROOT_riscv64
[npcx9:ro]     COREBOOT_SDK_ROOT_x86
[ptlgcs:ro]   Manually-specified variables were not used by the project:
[ptlgcs:ro]     COREBOOT_SDK_ROOT_libstdcxx_riscv64
[ptlgcs:ro]     COREBOOT_SDK_ROOT_libstdcxx_x86
[ptlgcs:ro]     COREBOOT_SDK_ROOT_nds32
[ptlgcs:ro]     COREBOOT_SDK_ROOT_picolibc_riscv64
[ptlgcs:ro]     COREBOOT_SDK_ROOT_picolibc_x86
[ptlgcs:ro]     COREBOOT_SDK_ROOT_riscv
[ptlgcs:ro]     COREBOOT_SDK_ROOT_riscv64
[ptlgcs:ro]     COREBOOT_SDK_ROOT_x86
[pujjolo:rw] INFO: Running CME, outputting to /mnt/host/source/src/platform/ec/build/zephyr/pujjolo/build-rw/zephyr/component_manifest.json
[pujjolo:rw] INFO: No motionsense-sensor node found
[tarkin:rw] [25/347] Building C object CMakeFiles/app.dir/mnt/host/source/src/platform/ec/build/zephyr/tarkin/modules/ec/common/console_output.c.obj
[pujjolo:rw] -- warning_base_override: -Wall;-Wformat;-Wformat-security;-Wformat;-Wno-format-zero-length;-Wno-pointer-sign;-Wpointer-arith;-Wexpansion-to-defined
[pujjolo:rw] The PW_ROOT environment variable is not set; using /mnt/host/source/src/platform/ec/build/zephyr/pujjolo/modules/pigweed within CMake
[rull:rw] [48/403] Building C object CMakeFiles/app.dir/mnt/host/source/src/platform/ec/build/zephyr/rull/modules/ec/driver/battery/smart.c.obj
[tarkin:rw] [26/347] Building C object CMakeFiles/app.dir/mnt/host/source/src/platform/ec/build/zephyr/tarkin/modules/ec/common/ec_features.c.obj
[rull:ro] [31/403] Building C object CMakeFiles/app.dir/mnt/host/source/src/platform/ec/build/zephyr/rull/modules/ec/common/ec_features.c.obj
[tarkin:rw] [27/347] Building C object CMakeFiles/app.dir/mnt/host/source/src/platform/ec/build/zephyr/tarkin/modules/ec/common/gpio_commands.c.obj
[rull:rw] [49/403] Building C object CMakeFiles/app.dir/mnt/host/source/src/platform/ec/build/zephyr/rull/modules/ec/driver/charger/bq25710.c.obj
[tarkin:ro] [25/347] Building C object CMakeFiles/app.dir/mnt/host/source/src/platform/ec/build/zephyr/tarkin/modules/ec/common/console_output.c.obj
[rull:ro] [32/403] Building C object CMakeFiles/app.dir/mnt/host/source/src/platform/ec/build/zephyr/rull/modules/ec/common/gpio_commands.c.obj
[rull:ro] [33/403] Building C object CMakeFiles/app.dir/mnt/host/source/src/platform/ec/build/zephyr/rull/modules/ec/common/peripheral.c.obj
[tarkin:rw] [28/347] Building C object CMakeFiles/app.dir/mnt/host/source/src/platform/ec/build/zephyr/tarkin/modules/ec/common/peripheral.c.obj
[rull:rw] [50/403] Building C object CMakeFiles/app.dir/mnt/host/source/src/platform/ec/build/zephyr/rull/modules/ec/common/charger.c.obj
[tarkin:rw] [29/347] Building C object CMakeFiles/app.dir/mnt/host/source/src/platform/ec/build/zephyr/tarkin/modules/ec/common/printf.c.obj
[tarkin:rw] [30/347] Building C object CMakeFiles/app.dir/mnt/host/source/src/platform/ec/build/zephyr/tarkin/modules/ec/common/queue.c.obj
[rull:ro] [34/403] Building C object CMakeFiles/app.dir/mnt/host/source/src/platform/ec/build/zephyr/rull/modules/ec/common/printf.c.obj
[rull:rw] [51/403] Building C object CMakeFiles/app.dir/mnt/host/source/src/platform/ec/build/zephyr/rull/modules/ec/common/charge_state.c.obj
[tarkin:ro] [26/347] Building C object CMakeFiles/app.dir/mnt/host/source/src/platform/ec/build/zephyr/tarkin/modules/ec/common/ec_features.c.obj
[rull:ro] [35/403] Building C object CMakeFiles/app.dir/mnt/host/source/src/platform/ec/build/zephyr/rull/modules/ec/common/queue.c.obj
[/mnt/host/source/src/platform/ec/build/zephyr/francka-lcov]   /mnt/host/source/src/platform/ec/build/zephyr/francka/build-rw/modules/ec/zephyr/CMakeFiles/ec_shim.dir/shim/src/usba.c.gcno:no functions found
[/mnt/host/source/src/platform/ec/build/zephyr/francka-lcov] stderr:
[tarkin:rw] [31/347] Building C object CMakeFiles/app.dir/mnt/host/source/src/platform/ec/build/zephyr/tarkin/modules/ec/common/system_boot_time.c.obj
[tarkin:rw] [32/347] Building C object CMakeFiles/app.dir/mnt/host/source/src/platform/ec/build/zephyr/tarkin/modules/ec/common/uart_printf.c.obj
[tarkin:rw] [33/347] Building C object CMakeFiles/app.dir/mnt/host/source/src/platform/ec/build/zephyr/tarkin/modules/ec/common/system.c.obj
[rull:ro] [36/403] Building C object CMakeFiles/app.dir/mnt/host/source/src/platform/ec/build/zephyr/rull/modules/ec/common/system.c.obj
[tarkin:rw] [34/347] Building C object CMakeFiles/app.dir/mnt/host/source/src/platform/ec/build/zephyr/tarkin/modules/ec/common/util.c.obj
[rull:rw] [52/403] Building C object CMakeFiles/app.dir/mnt/host/source/src/platform/ec/build/zephyr/rull/modules/ec/common/charge_manager.c.obj
[rull:ro] [37/403] Building C object CMakeFiles/app.dir/mnt/host/source/src/platform/ec/build/zephyr/rull/modules/ec/common/system_boot_time.c.obj
[/mnt/host/source/src/platform/ec/build/zephyr/xivu-lcov]   /mnt/host/source/src/platform/ec/build/zephyr/xivu/build-ro/CMakeFiles/app.dir/mnt/host/source/src/platform/ec/build/zephyr/xivu/modules/ec/common/chargen.c.gcno:no functions found
[/mnt/host/source/src/platform/ec/build/zephyr/xivu-lcov] stderr:
[rull:ro] [38/403] Building C object CMakeFiles/app.dir/mnt/host/source/src/platform/ec/build/zephyr/rull/modules/ec/common/uart_printf.c.obj
[tarkin:ro] [27/347] Building C object CMakeFiles/app.dir/mnt/host/source/src/platform/ec/build/zephyr/tarkin/modules/ec/common/gpio_commands.c.obj
[rull:rw] [53/403] Building C object CMakeFiles/app.dir/mnt/host/source/src/platform/ec/build/zephyr/rull/modules/ec/common/cbi_common.c.obj
[tarkin:rw] [35/347] Building C object CMakeFiles/app.dir/mnt/host/source/src/platform/ec/build/zephyr/tarkin/modules/ec/common/version.c.obj
[rull:ro] [39/403] Building C object CMakeFiles/app.dir/mnt/host/source/src/platform/ec/build/zephyr/rull/modules/ec/common/util.c.obj
[tarkin:rw] [36/347] Building C object CMakeFiles/app.dir/mnt/host/source/src/platform/ec/build/zephyr/tarkin/modules/ec/common/adc.c.obj
[rull:ro] [40/403] Building C object CMakeFiles/app.dir/mnt/host/source/src/platform/ec/build/zephyr/rull/modules/ec/common/version.c.obj
[tarkin:rw] [37/347] Building C object CMakeFiles/app.dir/mnt/host/source/src/platform/ec/build/zephyr/tarkin/modules/ec/common/battery.c.obj
[rull:rw] [54/403] Building C object CMakeFiles/app.dir/mnt/host/source/src/platform/ec/build/zephyr/rull/modules/ec/common/cbi.c.obj
[tarkin:rw] [38/347] Building C object CMakeFiles/app.dir/mnt/host/source/src/platform/ec/build/zephyr/tarkin/modules/ec/common/battery_info.c.obj
[rull:ro] [41/403] Building C object CMakeFiles/app.dir/mnt/host/source/src/platform/ec/build/zephyr/rull/modules/ec/common/power_button_x86.c.obj
[rull:rw] [55/403] Building C object CMakeFiles/app.dir/mnt/host/source/src/platform/ec/build/zephyr/rull/modules/ec/common/cbi_config.c.obj
[/mnt/host/source/src/platform/ec/build/zephyr/moonstone-lcov]   /mnt/host/source/src/platform/ec/build/zephyr/moonstone/build-ro/modules/ec/zephyr/drivers/dsp_comms/CMakeFiles/dsp_comms.proto.nanopb.dir/dsp_comms.proto/nanopb/proto/ec_dsp.pb.c.gcno:no functions found
[/mnt/host/source/src/platform/ec/build/zephyr/moonstone-lcov] stderr:
[tarkin:ro] [28/347] Building C object CMakeFiles/app.dir/mnt/host/source/src/platform/ec/build/zephyr/tarkin/modules/ec/common/peripheral.c.obj
[tarkin:rw] [39/347] Building C object CMakeFiles/app.dir/mnt/host/source/src/platform/ec/build/zephyr/tarkin/modules/ec/common/battery_fuel_gauge.c.obj
[pujjolo:ro] -- Found gen_kobject_list: /mnt/host/source/src/third_party/zephyr/main/scripts/build/gen_kobject_list.py
[rull:ro] [42/403] Building C object CMakeFiles/app.dir/mnt/host/source/src/platform/ec/build/zephyr/rull/modules/ec/common/adc.c.obj
[rull:ro] [43/403] Building C object CMakeFiles/app.dir/mnt/host/source/src/platform/ec/build/zephyr/rull/modules/ec/common/acpi.c.obj
[tarkin:rw] [40/347] Building C object CMakeFiles/app.dir/mnt/host/source/src/platform/ec/build/zephyr/tarkin/modules/ec/driver/battery/smart.c.obj
[pujjolo:rw] -- Found gen_kobject_list: /mnt/host/source/src/third_party/zephyr/main/scripts/build/gen_kobject_list.py
[rull:rw] [56/403] Building C object CMakeFiles/app.dir/mnt/host/source/src/platform/ec/build/zephyr/rull/modules/ec/common/memory_commands.c.obj
[rull:ro] [44/403] Building C object CMakeFiles/app.dir/mnt/host/source/src/platform/ec/build/zephyr/rull/modules/ec/common/backlight_lid.c.obj
[tarkin:rw] [41/347] Building C object CMakeFiles/app.dir/mnt/host/source/src/platform/ec/build/zephyr/tarkin/modules/ec/driver/charger/bq25710.c.obj
[rull:rw] [57/403] Building C object CMakeFiles/app.dir/mnt/host/source/src/platform/ec/build/zephyr/rull/modules/ec/common/dptf.c.obj
[tarkin:rw] [42/347] Building C object CMakeFiles/app.dir/mnt/host/source/src/platform/ec/build/zephyr/tarkin/modules/ec/common/charger.c.obj
[tarkin:ro] [29/347] Building C object CMakeFiles/app.dir/mnt/host/source/src/platform/ec/build/zephyr/tarkin/modules/ec/common/printf.c.obj
[pujjolo:ro] -- Configuring done (20.3s)
[pujjolo:rw] -- Configuring done (20.3s)
[rull:ro] [45/403] Building C object CMakeFiles/app.dir/mnt/host/source/src/platform/ec/build/zephyr/rull/modules/ec/common/battery.c.obj
[rull:ro] [46/403] Building C object CMakeFiles/app.dir/mnt/host/source/src/platform/ec/build/zephyr/rull/modules/ec/common/battery_info.c.obj
[tarkin:rw] [43/347] Building C object CMakeFiles/app.dir/mnt/host/source/src/platform/ec/build/zephyr/tarkin/modules/ec/common/charge_state.c.obj
[rull:rw] [58/403] Building C object CMakeFiles/app.dir/mnt/host/source/src/platform/ec/build/zephyr/rull/modules/ec/common/ap_reset_log.c.obj
[rull:ro] [47/403] Building C object CMakeFiles/app.dir/mnt/host/source/src/platform/ec/build/zephyr/rull/modules/ec/common/battery_fuel_gauge.c.obj
[tarkin:rw] [44/347] Building C object CMakeFiles/app.dir/mnt/host/source/src/platform/ec/build/zephyr/tarkin/modules/ec/common/cbi_common.c.obj
[rull:rw] [59/403] Building C object CMakeFiles/app.dir/mnt/host/source/src/platform/ec/build/zephyr/rull/modules/ec/common/espi.c.obj
[tarkin:ro] [30/347] Building C object CMakeFiles/app.dir/mnt/host/source/src/platform/ec/build/zephyr/tarkin/modules/ec/common/queue.c.obj
[tarkin:rw] [45/347] Building C object CMakeFiles/app.dir/mnt/host/source/src/platform/ec/build/zephyr/tarkin/modules/ec/common/cbi.c.obj
[tarkin:rw] [46/347] Building C object CMakeFiles/app.dir/mnt/host/source/src/platform/ec/build/zephyr/tarkin/modules/ec/common/charge_manager.c.obj
[tarkin:rw] [47/347] Building C object CMakeFiles/app.dir/mnt/host/source/src/platform/ec/build/zephyr/tarkin/modules/ec/common/cbi_config.c.obj
[rull:ro] [48/403] Building C object CMakeFiles/app.dir/mnt/host/source/src/platform/ec/build/zephyr/rull/modules/ec/driver/battery/smart.c.obj
[rull:ro] [49/403] Building C object CMakeFiles/app.dir/mnt/host/source/src/platform/ec/build/zephyr/rull/modules/ec/driver/charger/bq25710.c.obj
[rull:rw] [60/403] Building C object CMakeFiles/app.dir/mnt/host/source/src/platform/ec/build/zephyr/rull/modules/ec/common/extpower_common.c.obj
[rull:rw] [61/403] Building C object CMakeFiles/app.dir/mnt/host/source/src/platform/ec/build/zephyr/rull/modules/ec/common/extpower_gpio.c.obj
[tarkin:rw] [48/347] Building C object CMakeFiles/app.dir/mnt/host/source/src/platform/ec/build/zephyr/tarkin/modules/ec/common/memory_commands.c.obj
[rull:ro] [50/403] Building C object CMakeFiles/app.dir/mnt/host/source/src/platform/ec/build/zephyr/rull/modules/ec/common/charger.c.obj
[tarkin:rw] [49/347] Building C object CMakeFiles/app.dir/mnt/host/source/src/platform/ec/build/zephyr/tarkin/modules/ec/common/chipset.c.obj
[tarkin:rw] [50/347] Building C object CMakeFiles/app.dir/mnt/host/source/src/platform/ec/build/zephyr/tarkin/modules/ec/common/ap_reset_log.c.obj
[tarkin:ro] [31/347] Building C object CMakeFiles/app.dir/mnt/host/source/src/platform/ec/build/zephyr/tarkin/modules/ec/common/system.c.obj
[tarkin:rw] [51/347] Building C object CMakeFiles/app.dir/mnt/host/source/src/platform/ec/build/zephyr/tarkin/modules/ec/common/extpower_common.c.obj
[tarkin:rw] [52/347] Building C object CMakeFiles/app.dir/mnt/host/source/src/platform/ec/build/zephyr/tarkin/modules/ec/common/extpower_gpio.c.obj
[rull:rw] [62/403] Building C object CMakeFiles/app.dir/mnt/host/source/src/platform/ec/build/zephyr/rull/modules/ec/common/fan.c.obj
[rull:ro] [51/403] Building C object CMakeFiles/app.dir/mnt/host/source/src/platform/ec/build/zephyr/rull/modules/ec/common/charge_state.c.obj
[rull:rw] [63/403] Building C object CMakeFiles/app.dir/mnt/host/source/src/platform/ec/build/zephyr/rull/modules/ec/common/flash.c.obj
[rull:ro] [52/403] Building C object CMakeFiles/app.dir/mnt/host/source/src/platform/ec/build/zephyr/rull/modules/ec/common/cbi_common.c.obj
[rull:ro] [53/403] Building C object CMakeFiles/app.dir/mnt/host/source/src/platform/ec/build/zephyr/rull/modules/ec/common/charge_manager.c.obj
[tarkin:rw] [53/347] Building C object CMakeFiles/app.dir/mnt/host/source/src/platform/ec/build/zephyr/tarkin/modules/ec/common/host_command.c.obj
[tarkin:ro] [32/347] Building C object CMakeFiles/app.dir/mnt/host/source/src/platform/ec/build/zephyr/tarkin/modules/ec/common/system_boot_time.c.obj
[tarkin:rw] [54/347] Building C object CMakeFiles/app.dir/mnt/host/source/src/platform/ec/build/zephyr/tarkin/modules/ec/common/flash.c.obj
[tarkin:rw] [55/347] Building C object CMakeFiles/app.dir/mnt/host/source/src/platform/ec/build/zephyr/tarkin/modules/ec/common/host_event_commands.c.obj
[tarkin:rw] [56/347] Building C object CMakeFiles/app.dir/mnt/host/source/src/platform/ec/build/zephyr/tarkin/modules/ec/common/uart_hostcmd.c.obj
[rull:rw] [64/403] Building C object CMakeFiles/app.dir/mnt/host/source/src/platform/ec/build/zephyr/rull/modules/ec/common/host_command_task.c.obj
[rull:ro] [54/403] Building C object CMakeFiles/app.dir/mnt/host/source/src/platform/ec/build/zephyr/rull/modules/ec/common/cbi_config.c.obj
[rull:rw] [65/403] Building C object CMakeFiles/app.dir/mnt/host/source/src/platform/ec/build/zephyr/rull/modules/ec/common/host_command.c.obj
[rull:ro] [55/403] Building C object CMakeFiles/app.dir/mnt/host/source/src/platform/ec/build/zephyr/rull/modules/ec/common/cbi.c.obj
[rull:ro] [56/403] Building C object CMakeFiles/app.dir/mnt/host/source/src/platform/ec/build/zephyr/rull/modules/ec/common/memory_commands.c.obj
[tarkin:rw] [57/347] Building C object CMakeFiles/app.dir/mnt/host/source/src/platform/ec/build/zephyr/tarkin/modules/ec/common/uptime.c.obj
[tarkin:ro] [33/347] Building C object CMakeFiles/app.dir/mnt/host/source/src/platform/ec/build/zephyr/tarkin/modules/ec/common/uart_printf.c.obj
[minimal-posix:singleimage] -- Performing EC specific devicetree checks
[/mnt/host/source/src/platform/ec/build/zephyr/xivu-lcov]   /mnt/host/source/src/platform/ec/build/zephyr/xivu/build-ro/CMakeFiles/app.dir/mnt/host/source/src/platform/ec/build/zephyr/xivu/modules/ec/common/cbi_config.c.gcno:no functions found
[/mnt/host/source/src/platform/ec/build/zephyr/xivu-lcov] stderr:
[minimal-posix:singleimage] INFO: Verified 1 GPIOs, no duplicates found
[minimal-posix:singleimage] INFO: Verified 0 '*-gpios' properties, all flags match.
[tarkin:rw] [58/347] Building C object CMakeFiles/app.dir/mnt/host/source/src/platform/ec/build/zephyr/tarkin/modules/ec/common/i2c_controller.c.obj
[tarkin:rw] [59/347] Building C object CMakeFiles/app.dir/mnt/host/source/src/platform/ec/build/zephyr/tarkin/modules/ec/common/i2c_passthru.c.obj
[rull:rw] [66/403] Building C object CMakeFiles/app.dir/mnt/host/source/src/platform/ec/build/zephyr/rull/modules/ec/common/uart_hostcmd.c.obj
[tarkin:rw] [60/347] Building C object CMakeFiles/app.dir/mnt/host/source/src/platform/ec/build/zephyr/tarkin/modules/ec/common/virtual_battery.c.obj
[rull:ro] [57/403] Building C object CMakeFiles/app.dir/mnt/host/source/src/platform/ec/build/zephyr/rull/modules/ec/common/dptf.c.obj
[rull:rw] [67/403] Building C object CMakeFiles/app.dir/mnt/host/source/src/platform/ec/build/zephyr/rull/modules/ec/common/host_event_commands.c.obj
[rull:ro] [58/403] Building C object CMakeFiles/app.dir/mnt/host/source/src/platform/ec/build/zephyr/rull/modules/ec/common/espi.c.obj
[rull:ro] [59/403] Building C object CMakeFiles/app.dir/mnt/host/source/src/platform/ec/build/zephyr/rull/modules/ec/common/ap_reset_log.c.obj
[tarkin:ro] [34/347] Building C object CMakeFiles/app.dir/mnt/host/source/src/platform/ec/build/zephyr/tarkin/modules/ec/common/util.c.obj
[tarkin:rw] [61/347] Building C object CMakeFiles/app.dir/mnt/host/source/src/platform/ec/build/zephyr/tarkin/modules/ec/common/keyboard_scan.c.obj
[/mnt/host/source/src/platform/ec/build/zephyr/moonstone-lcov]   /mnt/host/source/src/platform/ec/build/zephyr/moonstone/build-ro/CMakeFiles/app.dir/mnt/host/source/src/platform/ec/build/zephyr/moonstone/modules/ec/common/cbi_config.c.gcno:no functions found
[/mnt/host/source/src/platform/ec/build/zephyr/moonstone-lcov] stderr:
[tarkin:rw] [62/347] Building C object CMakeFiles/app.dir/mnt/host/source/src/platform/ec/build/zephyr/tarkin/modules/ec/common/mkbp_fifo.c.obj
[tarkin:rw] [63/347] Building C object CMakeFiles/app.dir/mnt/host/source/src/platform/ec/build/zephyr/tarkin/modules/ec/common/mkbp_info.c.obj
[tarkin:rw] [64/347] Building C object CMakeFiles/app.dir/mnt/host/source/src/platform/ec/build/zephyr/tarkin/modules/ec/common/keyboard_mkbp.c.obj
[rull:ro] [60/403] Building C object CMakeFiles/app.dir/mnt/host/source/src/platform/ec/build/zephyr/rull/modules/ec/common/extpower_common.c.obj
[rull:rw] [68/403] Building C object CMakeFiles/app.dir/mnt/host/source/src/platform/ec/build/zephyr/rull/modules/ec/common/uptime.c.obj
[rull:ro] [61/403] Building C object CMakeFiles/app.dir/mnt/host/source/src/platform/ec/build/zephyr/rull/modules/ec/common/extpower_gpio.c.obj
[rull:ro] [62/403] Building C object CMakeFiles/app.dir/mnt/host/source/src/platform/ec/build/zephyr/rull/modules/ec/common/fan.c.obj
[/mnt/host/source/src/platform/ec/build/zephyr/xivu-lcov]   /mnt/host/source/src/platform/ec/build/zephyr/xivu/build-ro/zephyr/arch/arch/arm/core/mpu/CMakeFiles/arch__arm__core__mpu.dir/arm_mpu_regions.c.gcno:no functions found
[/mnt/host/source/src/platform/ec/build/zephyr/xivu-lcov] stderr:
[rull:rw] [69/403] Building C object CMakeFiles/app.dir/mnt/host/source/src/platform/ec/build/zephyr/rull/modules/ec/common/i2c_controller.c.obj
[tarkin:ro] [35/347] Building C object CMakeFiles/app.dir/mnt/host/source/src/platform/ec/build/zephyr/tarkin/modules/ec/common/version.c.obj
[tarkin:rw] [65/347] Building C object CMakeFiles/app.dir/mnt/host/source/src/platform/ec/build/zephyr/tarkin/modules/ec/common/mkbp_input_devices.c.obj
[/mnt/host/source/src/platform/ec/build/zephyr/moonstone-lcov]   /mnt/host/source/src/platform/ec/build/zephyr/moonstone/build-ro/zephyr/arch/arch/riscv/core/CMakeFiles/arch__riscv__core.dir/cpu_idle.c.gcno:no functions found
[/mnt/host/source/src/platform/ec/build/zephyr/moonstone-lcov] stderr:
[tarkin:rw] [66/347] Building C object CMakeFiles/app.dir/mnt/host/source/src/platform/ec/build/zephyr/tarkin/modules/ec/common/keyboard_backlight.c.obj
[tarkin:rw] [67/347] Building C object CMakeFiles/app.dir/mnt/host/source/src/platform/ec/build/zephyr/tarkin/modules/ec/common/led_common.c.obj
[tarkin:rw] [68/347] Building C object CMakeFiles/app.dir/mnt/host/source/src/platform/ec/build/zephyr/tarkin/modules/ec/common/lid_switch.c.obj
[rull:rw] [70/403] Building C object CMakeFiles/app.dir/mnt/host/source/src/platform/ec/build/zephyr/rull/modules/ec/common/i2c_passthru.c.obj
[rull:ro] [63/403] Building C object CMakeFiles/app.dir/mnt/host/source/src/platform/ec/build/zephyr/rull/modules/ec/common/host_command.c.obj
[rull:ro] [64/403] Building C object CMakeFiles/app.dir/mnt/host/source/src/platform/ec/build/zephyr/rull/modules/ec/common/flash.c.obj
[rull:ro] [65/403] Building C object CMakeFiles/app.dir/mnt/host/source/src/platform/ec/build/zephyr/rull/modules/ec/common/host_command_task.c.obj
[/mnt/host/source/src/platform/ec/build/zephyr/xivu-lcov]   /mnt/host/source/src/platform/ec/build/zephyr/xivu/build-ro/zephyr/arch/common/CMakeFiles/isr_tables.dir/isr_tables.c.gcno:no functions found
[/mnt/host/source/src/platform/ec/build/zephyr/xivu-lcov] stderr:
[rull:rw] [71/403] Building C object CMakeFiles/app.dir/mnt/host/source/src/platform/ec/build/zephyr/rull/modules/ec/common/keyboard_8042.c.obj
[minimal-posix:singleimage] -- warning_base_override: -Wall;-Wformat;-Wformat-security;-Wno-format-zero-length;-Wno-unused-but-set-variable;-Wno-typedef-redefinition;-Wno-deprecated-non-prototype;-Wno-pointer-sign;-Wpointer-arith;-Wno-main;-Wno-unknown-warning-option;-Wno-arm-interrupt-vfp-clobber;-Wno-extra
[tarkin:ro] [36/347] Building C object CMakeFiles/app.dir/mnt/host/source/src/platform/ec/build/zephyr/tarkin/modules/ec/common/adc.c.obj
[tarkin:rw] [69/347] Building C object CMakeFiles/app.dir/mnt/host/source/src/platform/ec/build/zephyr/tarkin/modules/ec/common/mkbp_event.c.obj
[/mnt/host/source/src/platform/ec/build/zephyr/moonstone-lcov]   /mnt/host/source/src/platform/ec/build/zephyr/moonstone/build-ro/zephyr/arch/common/CMakeFiles/isr_tables.dir/isr_tables.c.gcno:no functions found
[/mnt/host/source/src/platform/ec/build/zephyr/moonstone-lcov] stderr:
[minimal-posix:singleimage] -- Found gen_kobject_list: /mnt/host/source/src/third_party/zephyr/main/scripts/build/gen_kobject_list.py
[minimal-posix:singleimage] INFO: Skipped 0 named-gpios children.
[minimal-posix:singleimage] CMake Warning at /mnt/host/source/src/third_party/zephyr/main/CMakeLists.txt:1134 (message):
[minimal-posix:singleimage]   No SOURCES given to Zephyr library: drivers__syscon
[minimal-posix:singleimage]   Excluding target from build.
[rull:ro] [66/403] Building C object CMakeFiles/app.dir/mnt/host/source/src/platform/ec/build/zephyr/rull/modules/ec/common/uart_hostcmd.c.obj
[minimal-posix:singleimage] CMake Warning at /mnt/host/source/src/third_party/zephyr/main/CMakeLists.txt:2359 (message):
[minimal-posix:singleimage]   __ASSERT() statements are globally ENABLED
[tarkin:rw] [70/347] Building C object CMakeFiles/app.dir/mnt/host/source/src/platform/ec/build/zephyr/tarkin/modules/ec/common/power_button.c.obj
[rull:rw] [72/403] Building C object CMakeFiles/app.dir/mnt/host/source/src/platform/ec/build/zephyr/rull/modules/ec/common/keyboard_8042_sharedlib.c.obj
[tarkin:rw] [71/347] Building C object CMakeFiles/app.dir/mnt/host/source/src/platform/ec/build/zephyr/tarkin/modules/ec/power/common.c.obj
[tarkin:rw] [72/347] Building C object CMakeFiles/app.dir/mnt/host/source/src/platform/ec/build/zephyr/tarkin/modules/ec/power/host_sleep.c.obj
[rull:ro] [67/403] Building C object CMakeFiles/app.dir/mnt/host/source/src/platform/ec/build/zephyr/rull/modules/ec/common/host_event_commands.c.obj
[minimal-posix:singleimage] -- Configuring done (27.0s)
[rull:ro] [68/403] Building C object CMakeFiles/app.dir/mnt/host/source/src/platform/ec/build/zephyr/rull/modules/ec/common/uptime.c.obj
[rull:rw] [73/403] Building C object CMakeFiles/app.dir/mnt/host/source/src/platform/ec/build/zephyr/rull/modules/ec/common/mkbp_fifo.c.obj
[minimal-posix:singleimage] -- Generating done (0.4s)
[tarkin:ro] [37/347] Building C object CMakeFiles/app.dir/mnt/host/source/src/platform/ec/build/zephyr/tarkin/modules/ec/common/battery.c.obj
[pujjolo:ro] -- Generating done (7.5s)
[pujjolo:ro] CMake Warning:
[pujjolo:ro]   Manually-specified variables were not used by the project:
[pujjolo:ro]     COREBOOT_SDK_ROOT_libstdcxx_riscv64
[pujjolo:ro]     COREBOOT_SDK_ROOT_libstdcxx_x86
[pujjolo:ro]     COREBOOT_SDK_ROOT_nds32
[pujjolo:ro]     COREBOOT_SDK_ROOT_picolibc_riscv64
[pujjolo:ro]     COREBOOT_SDK_ROOT_picolibc_x86
[pujjolo:ro]     COREBOOT_SDK_ROOT_riscv
[pujjolo:ro]     COREBOOT_SDK_ROOT_riscv64
[pujjolo:ro]     COREBOOT_SDK_ROOT_x86
[pujjolo:ro]     PW_ROOT
[pujjolo:ro] -- Build files have been written to: /mnt/host/source/src/platform/ec/build/zephyr/pujjolo/build-ro
[tarkin:rw] [73/347] Building C object CMakeFiles/app.dir/mnt/host/source/src/platform/ec/build/zephyr/tarkin/modules/ec/power/mt8186.c.obj
[minimal-posix:singleimage] -- Build files have been written to: /mnt/host/source/src/platform/ec/build/zephyr/minimal-posix/build-singleimage
[rull:ro] [69/403] Building C object CMakeFiles/app.dir/mnt/host/source/src/platform/ec/build/zephyr/rull/modules/ec/common/i2c_controller.c.obj
[tarkin:rw] [74/347] Building C object CMakeFiles/app.dir/mnt/host/source/src/platform/ec/build/zephyr/tarkin/modules/ec/common/shared_mem.c.obj
[pujjolo:rw] -- Generating done (7.7s)
[pujjolo:rw] CMake Warning:
[pujjolo:rw]   Manually-specified variables were not used by the project:
[pujjolo:rw]     COREBOOT_SDK_ROOT_libstdcxx_riscv64
[pujjolo:rw]     COREBOOT_SDK_ROOT_libstdcxx_x86
[pujjolo:rw]     COREBOOT_SDK_ROOT_nds32
[pujjolo:rw]     COREBOOT_SDK_ROOT_picolibc_riscv64
[pujjolo:rw]     COREBOOT_SDK_ROOT_picolibc_x86
[pujjolo:rw]     COREBOOT_SDK_ROOT_riscv
[pujjolo:rw]     COREBOOT_SDK_ROOT_riscv64
[pujjolo:rw]     COREBOOT_SDK_ROOT_x86
[pujjolo:rw]     PW_ROOT
[pujjolo:rw] -- Build files have been written to: /mnt/host/source/src/platform/ec/build/zephyr/pujjolo/build-rw
[rull:rw] [74/403] Building C object CMakeFiles/app.dir/mnt/host/source/src/platform/ec/build/zephyr/rull/modules/ec/common/mkbp_info.c.obj
[tarkin:rw] [75/347] Building C object CMakeFiles/app.dir/mnt/host/source/src/platform/ec/build/zephyr/tarkin/modules/ec/common/switch.c.obj
[tarkin:rw] [76/347] Building C object CMakeFiles/app.dir/mnt/host/source/src/platform/ec/build/zephyr/tarkin/modules/ec/common/panic_output.c.obj
[rull:ro] [70/403] Building C object CMakeFiles/app.dir/mnt/host/source/src/platform/ec/build/zephyr/rull/modules/ec/common/i2c_passthru.c.obj
[rull:ro] [71/403] Building C object CMakeFiles/app.dir/mnt/host/source/src/platform/ec/build/zephyr/rull/modules/ec/common/keyboard_8042.c.obj
[rull:rw] [75/403] Building C object CMakeFiles/app.dir/mnt/host/source/src/platform/ec/build/zephyr/rull/modules/ec/common/mkbp_input_devices.c.obj
[tarkin:rw] [77/347] Building C object CMakeFiles/app.dir/mnt/host/source/src/platform/ec/build/zephyr/tarkin/modules/ec/common/thermal.c.obj
[rull:ro] [72/403] Building C object CMakeFiles/app.dir/mnt/host/source/src/platform/ec/build/zephyr/rull/modules/ec/common/keyboard_8042_sharedlib.c.obj
[npcx9:rw] Building: /usr/bin/ninja -C /mnt/host/source/src/platform/ec/build/zephyr/npcx9/build-rw all.libraries
Running `env -i SHELL=/bin/bash COLORTERM=truecolor DEPOT_TOOLS_UPDATE=0 LESS='-R -M --shift 5' SUDO_GID=0 JDK_HOME=/etc/java-config-2/current-system-vm CONFIG_PROTECT_MASK='/etc/gentoo-release /etc/sandbox.d /etc/fonts/fonts.conf /etc/terminfo /etc/ca-certificates.conf /etc/revdep-rebuild' CHROMEOS_CACHEDIR=/var/cache/chromeos-cache JAVA_HOME=/etc/java-config-2/current-system-vm SSH_AUTH_SOCK=/tmp/ssh-auth-sock SUDO_COMMAND=/bin/bash SUDO_USER=root SUDO_TTY=/dev/pts/2 EDITOR=/usr/bin/vi PWD=/mnt/host/source/src/platform/ec CONFIG_PROTECT=/usr/share/gnupg/qualified.txt LOGNAME=jpmurphy MANPATH=/etc/java-config-2/current-system-vm/man:/usr/local/share/man:/usr/share/man:/usr/share/gcc-data/x86_64-pc-linux-gnu/10.2.0/man:/usr/share/binutils-data/x86_64-pc-linux-gnu/2.45/man:/etc/java-config-2/current-system-vm/man/ SUDO_HOME=/root XAUTHORITY=/run/user/944457/gdm/Xauthority HOME=/home/jpmurphy LANG=C.UTF-8 LS_COLORS='rs=0:di=01;34:ln=01;36:mh=00:pi=40;33:so=01;35:do=01;35:bd=40;33;01:cd=40;33;01:or=01;05;37;41:mi=01;05;37;41:su=37;41:sg=30;43:ca=30;41:tw=30;42:ow=34;42:st=37;44:ex=01;32:*.tar=01;31:*.tgz=01;31:*.arc=01;31:*.arj=01;31:*.taz=01;31:*.lha=01;31:*.lz4=01;31:*.lzh=01;31:*.lzma=01;31:*.tlz=01;31:*.txz=01;31:*.tzo=01;31:*.t7z=01;31:*.zip=01;31:*.z=01;31:*.dz=01;31:*.gz=01;31:*.lrz=01;31:*.lz=01;31:*.lzo=01;31:*.xz=01;31:*.zst=01;31:*.tzst=01;31:*.bz2=01;31:*.bz=01;31:*.tbz=01;31:*.tbz2=01;31:*.tz=01;31:*.deb=01;31:*.rpm=01;31:*.jar=01;31:*.war=01;31:*.ear=01;31:*.sar=01;31:*.rar=01;31:*.alz=01;31:*.ace=01;31:*.zoo=01;31:*.cpio=01;31:*.7z=01;31:*.rz=01;31:*.cab=01;31:*.wim=01;31:*.swm=01;31:*.dwm=01;31:*.esd=01;31:*.jpg=01;35:*.jpeg=01;35:*.mjpg=01;35:*.mjpeg=01;35:*.gif=01;35:*.bmp=01;35:*.pbm=01;35:*.pgm=01;35:*.ppm=01;35:*.tga=01;35:*.xbm=01;35:*.xpm=01;35:*.tif=01;35:*.tiff=01;35:*.png=01;35:*.svg=01;35:*.svgz=01;35:*.mng=01;35:*.pcx=01;35:*.mov=01;35:*.mpg=01;35:*.mpeg=01;35:*.m2v=01;35:*.mkv=01;35:*.webm=01;35:*.webp=01;35:*.ogm=01;35:*.mp4=01;35:*.m4v=01;35:*.mp4v=01;35:*.vob=01;35:*.qt=01;35:*.nuv=01;35:*.wmv=01;35:*.asf=01;35:*.rm=01;35:*.rmvb=01;35:*.flc=01;35:*.avi=01;35:*.fli=01;35:*.flv=01;35:*.gl=01;35:*.dl=01;35:*.xcf=01;35:*.xwd=01;35:*.yuv=01;35:*.cgm=01;35:*.emf=01;35:*.ogv=01;35:*.ogx=01;35:*.cfg=00;32:*.conf=00;32:*.diff=00;32:*.doc=00;32:*.ini=00;32:*.log=00;32:*.patch=00;32:*.pdf=00;32:*.ps=00;32:*.tex=00;32:*.txt=00;32:*.aac=00;36:*.au=00;36:*.flac=00;36:*.m4a=00;36:*.mid=00;36:*.midi=00;36:*.mka=00;36:*.mp3=00;36:*.mpc=00;36:*.ogg=00;36:*.ra=00;36:*.wav=00;36:*.oga=00;36:*.opus=00;36:*.spx=00;36:*.xspf=00;36:' XDG_CURRENT_DESKTOP=GNOME INFOPATH=/usr/share/info:/usr/share/gcc-data/x86_64-pc-linux-gnu/10.2.0/info:/usr/share/binutils-data/x86_64-pc-linux-gnu/2.45/info:/usr/share/automake-1.16.5/info JAVAC=/etc/java-config-2/current-system-vm/bin/javac TERM=xterm-256color LESSOPEN='|lesspipe %s' USER=jpmurphy CROS_WORKON_SRCROOT=/mnt/host/source MANPAGER=manpager DISPLAY=:1 SHLVL=1 LC_MESSAGES=C EXTERNAL_TRUNK_PATH=/mnt/8f9d649a-3721-44cc-93c0-e6bd21a9689f/chromiumos GCC_SPECS='' PATH=/mnt/host/source/chromite/bin:/usr/local/bin:/usr/bin:/bin:/opt/bin:/mnt/host/source/chromite/sdk/bin:/mnt/host/source/chromite/bin PORTAGE_USERNAME=jpmurphy SUDO_UID=0 GCC_VER=10.2.0 MAIL=/var/mail/jpmurphy OLDPWD=/mnt/host/source/src/scripts traceparent=00-e87aca51550a78635907baa6a2476181-6d684811675d2973-01 _=./zephyr/firmware_builder.py COREBOOT_SDK_ROOT_x86=/home/jpmurphy/.cache/coreboot-sdk/i386-elf/dfbb0486385d938cfa9d73080b9d18d598ed4f49 COREBOOT_SDK_ROOT_picolibc_x86=/home/jpmurphy/.cache/coreboot-sdk/picolibc-i386-elf/eb8e8e687b95461de8cbf278f1c2076952d0ad17 COREBOOT_SDK_ROOT_riscv64=/home/jpmurphy/.cache/coreboot-sdk/riscv64-elf/96b949749225b6aaa92ed810ab769e8dfb12f000 COREBOOT_SDK_ROOT_picolibc_arm=/home/jpmurphy/.cache/coreboot-sdk/picolibc-arm-eabi/422a2aa3e1ef891b5bece9a3deb696ff83840d2e COREBOOT_SDK_ROOT_nds32=/home/jpmurphy/.cache/coreboot-sdk/nds32le-elf/d1a518c4a097666d86058e1444f85ca015d15511 COREBOOT_SDK_ROOT_picolibc_riscv64=/home/jpmurphy/.cache/coreboot-sdk/picolibc-riscv64-elf/f571e990ef0278564b31124f8bb109d9a697eb69 COREBOOT_SDK_ROOT_arm=/home/jpmurphy/.cache/coreboot-sdk/arm-eabi/ea40ddd1d190c3b48435c474c0b545719371813a COREBOOT_SDK_ROOT_libstdcxx_riscv64=/home/jpmurphy/.cache/coreboot-sdk/libstdcxx-riscv64-elf/17abf22a3a252e2d5d2062ced5324f7a623689e0 COREBOOT_SDK_ROOT_libstdcxx_arm=/home/jpmurphy/.cache/coreboot-sdk/libstdcxx-arm-eabi/5d7d82e150e44aa1968f1d366e267e6687b328ac COREBOOT_SDK_ROOT_riscv=/home/jpmurphy/.cache/coreboot-sdk/riscv-elf/9a27b9e82341c6e9126624f516ab3f261abb3e73 COREBOOT_SDK_ROOT_libstdcxx_x86=/home/jpmurphy/.cache/coreboot-sdk/libstdcxx-i386-elf/42ef9d2e87a76a37963175d7d428734e65648b87 PYTHONPATH=/mnt/host/source/src/platform/ec/zephyr/zmake PW_PIGWEED_CIPD_INSTALL_DIR=/usr CROSTC_USER_ACKNOWLEDGES_THAT_RISCV_IS_EXPERIMENTAL=1 MAKEFLAGS=' -j16 --jobserver-auth=5,6' /usr/bin/ninja -C /mnt/host/source/src/platform/ec/build/zephyr/npcx9/build-rw all.libraries`
[npcx9:rw] ninja: Entering directory `/mnt/host/source/src/platform/ec/build/zephyr/npcx9/build-rw'
[tarkin:rw] [78/347] Building C object CMakeFiles/app.dir/mnt/host/source/src/platform/ec/build/zephyr/tarkin/modules/ec/common/temp_sensor.c.obj
[rull:ro] [73/403] Building C object CMakeFiles/app.dir/mnt/host/source/src/platform/ec/build/zephyr/rull/modules/ec/common/mkbp_fifo.c.obj
[tarkin:ro] [38/347] Building C object CMakeFiles/app.dir/mnt/host/source/src/platform/ec/build/zephyr/tarkin/modules/ec/common/battery_fuel_gauge.c.obj
[rull:rw] [76/403] Building C object CMakeFiles/app.dir/mnt/host/source/src/platform/ec/build/zephyr/rull/modules/ec/common/keyboard_backlight.c.obj
[tarkin:ro] [39/347] Building C object CMakeFiles/app.dir/mnt/host/source/src/platform/ec/build/zephyr/tarkin/modules/ec/common/battery_info.c.obj
[tarkin:rw] [79/347] Building C object CMakeFiles/app.dir/mnt/host/source/src/platform/ec/build/zephyr/tarkin/modules/ec/driver/temp_sensor/thermistor.c.obj
[tarkin:rw] [80/347] Building C object CMakeFiles/app.dir/mnt/host/source/src/platform/ec/build/zephyr/tarkin/modules/ec/common/timer.c.obj
[rull:ro] [74/403] Building C object CMakeFiles/app.dir/mnt/host/source/src/platform/ec/build/zephyr/rull/modules/ec/common/mkbp_info.c.obj
[rull:rw] [77/403] Building C object CMakeFiles/app.dir/mnt/host/source/src/platform/ec/build/zephyr/rull/modules/ec/common/led_common.c.obj
[npcx9:rw] [1/321] Generating include/generated/zephyr/version.h
[npcx9:rw] -- git describe warned: warning: tag 'upstream/v2.7.99' is externally known as 'v2.7.99'
[npcx9:rw] -- Zephyr version: 4.3.99 (/mnt/host/source/src/third_party/zephyr/main)
[npcx9:rw] [2/321] Preparing syscall dependency handling
[rull:ro] [75/403] Building C object CMakeFiles/app.dir/mnt/host/source/src/platform/ec/build/zephyr/rull/modules/ec/common/mkbp_input_devices.c.obj
[npcx9:rw] [3/321] Generating misc/generated/syscalls_subdirs.trigger
[tarkin:ro] [40/347] Building C object CMakeFiles/app.dir/mnt/host/source/src/platform/ec/build/zephyr/tarkin/modules/ec/driver/battery/smart.c.obj
[tarkin:rw] [81/347] Building C object CMakeFiles/app.dir/mnt/host/source/src/platform/ec/build/zephyr/tarkin/modules/ec/common/usbc_utils.c.obj
[rull:ro] [76/403] Building C object CMakeFiles/app.dir/mnt/host/source/src/platform/ec/build/zephyr/rull/modules/ec/common/keyboard_backlight.c.obj
[tarkin:rw] [82/347] Building C object CMakeFiles/app.dir/mnt/host/source/src/platform/ec/build/zephyr/tarkin/modules/ec/common/usb_port_power_dumb.c.obj
[rull:rw] [78/403] Building C object CMakeFiles/app.dir/mnt/host/source/src/platform/ec/build/zephyr/rull/modules/ec/common/lid_switch.c.obj
[tarkin:ro] [41/347] Building C object CMakeFiles/app.dir/mnt/host/source/src/platform/ec/build/zephyr/tarkin/modules/ec/driver/charger/bq25710.c.obj
[tarkin:rw] [83/347] Building C object CMakeFiles/app.dir/mnt/host/source/src/platform/ec/build/zephyr/tarkin/modules/ec/common/chargen.c.obj
[rull:ro] [77/403] Building C object CMakeFiles/app.dir/mnt/host/source/src/platform/ec/build/zephyr/rull/modules/ec/common/led_common.c.obj
[tarkin:ro] [42/347] Building C object CMakeFiles/app.dir/mnt/host/source/src/platform/ec/build/zephyr/tarkin/modules/ec/common/charger.c.obj
[tarkin:rw] [84/347] Building C object CMakeFiles/app.dir/mnt/host/source/src/platform/ec/build/zephyr/tarkin/modules/ec/common/usb_common.c.obj
[/mnt/host/source/src/platform/ec/build/zephyr/xivu-lcov]   /mnt/host/source/src/platform/ec/build/zephyr/xivu/build-ro/zephyr/CMakeFiles/zephyr.dir/subsys/shell/modules/kernel_service/kernel_shell.c.gcno:no functions found
[/mnt/host/source/src/platform/ec/build/zephyr/xivu-lcov] stderr:
[rull:rw] [79/403] Building C object CMakeFiles/app.dir/mnt/host/source/src/platform/ec/build/zephyr/rull/modules/ec/common/mkbp_event.c.obj
[rull:ro] [78/403] Building C object CMakeFiles/app.dir/mnt/host/source/src/platform/ec/build/zephyr/rull/modules/ec/common/lid_switch.c.obj
[/mnt/host/source/src/platform/ec/build/zephyr/xivu-lcov]   /mnt/host/source/src/platform/ec/build/zephyr/xivu/build-ro/zephyr/CMakeFiles/zephyr.dir/lib/libc/validate_libc.c.gcno:no functions found
[/mnt/host/source/src/platform/ec/build/zephyr/xivu-lcov] stderr:
[rull:ro] [79/403] Building C object CMakeFiles/app.dir/mnt/host/source/src/platform/ec/build/zephyr/rull/modules/ec/common/mkbp_event.c.obj
[tarkin:rw] [85/347] Building C object CMakeFiles/app.dir/mnt/host/source/src/platform/ec/build/zephyr/tarkin/modules/ec/common/vboot_hash.c.obj
[npcx9:rw] [4/321] Generating misc/generated/syscalls.json, misc/generated/struct_tags.json
[tarkin:rw] [86/347] Building C object CMakeFiles/app.dir/mnt/host/source/src/platform/ec/build/zephyr/tarkin/modules/ec/common/usb_pd_host_cmd_common.c.obj
[npcx9:rw] [5/321] Generating include/generated/zephyr/syscall_dispatch.c, include/generated/zephyr/syscall_exports_llext.c, syscall_weakdefs_llext.c, include/generated/zephyr/syscall_list.h
[rull:rw] [80/403] Building C object CMakeFiles/app.dir/mnt/host/source/src/platform/ec/build/zephyr/rull/modules/ec/common/port80.c.obj
[tarkin:ro] [43/347] Building C object CMakeFiles/app.dir/mnt/host/source/src/platform/ec/build/zephyr/tarkin/modules/ec/common/cbi_common.c.obj
[tarkin:ro] [44/347] Building C object CMakeFiles/app.dir/mnt/host/source/src/platform/ec/build/zephyr/tarkin/modules/ec/common/charge_state.c.obj
[rull:ro] [80/403] Building C object CMakeFiles/app.dir/mnt/host/source/src/platform/ec/build/zephyr/rull/modules/ec/common/port80.c.obj
[tarkin:rw] [87/347] Building C object CMakeFiles/app.dir/mnt/host/source/src/platform/ec/build/zephyr/tarkin/modules/ec/common/vboot/efs2.c.obj
[tarkin:rw] [88/347] Building C object CMakeFiles/app.dir/mnt/host/source/src/platform/ec/build/zephyr/tarkin/modules/ec/common/button.c.obj
[rull:rw] [81/403] Building C object CMakeFiles/app.dir/mnt/host/source/src/platform/ec/build/zephyr/rull/modules/ec/common/power_button.c.obj
[npcx9:rw] [6/321] Generating include/generated/zephyr/driver-validation.h
[tarkin:ro] [45/347] Building C object CMakeFiles/app.dir/mnt/host/source/src/platform/ec/build/zephyr/tarkin/modules/ec/common/charge_manager.c.obj
[rull:ro] [81/403] Building C object CMakeFiles/app.dir/mnt/host/source/src/platform/ec/build/zephyr/rull/modules/ec/common/power_button.c.obj
[npcx9:rw] [7/321] Generating include/generated/zephyr/kobj-types-enum.h, include/generated/zephyr/otype-to-str.h, include/generated/zephyr/otype-to-size.h
[npcx9:rw] [8/321] Generating include/generated/device-api-sections.ld, include/generated/device-api-sections.cmake
[/mnt/host/source/src/platform/ec/build/zephyr/moonstone-lcov]   /mnt/host/source/src/platform/ec/build/zephyr/moonstone/build-ro/zephyr/CMakeFiles/zephyr.dir/subsys/shell/modules/kernel_service/kernel_shell.c.gcno:no functions found
[/mnt/host/source/src/platform/ec/build/zephyr/moonstone-lcov] stderr:
[rull:ro] [82/403] Building C object CMakeFiles/app.dir/mnt/host/source/src/platform/ec/build/zephyr/rull/modules/ec/power/hibernate.c.obj
[tarkin:rw] [89/347] Building C object CMakeFiles/app.dir/mnt/host/source/src/platform/ec/build/zephyr/tarkin/modules/ec/common/math_util.c.obj
[tarkin:rw] [90/347] Building C object CMakeFiles/app.dir/mnt/host/source/src/platform/ec/build/zephyr/tarkin/modules/ec/common/vstore.c.obj
[tarkin:ro] [46/347] Building C object CMakeFiles/app.dir/mnt/host/source/src/platform/ec/build/zephyr/tarkin/modules/ec/common/cbi_config.c.obj
[/mnt/host/source/src/platform/ec/build/zephyr/francka-lcov]   /mnt/host/source/src/platform/ec/build/zephyr/francka/build-rw/modules/ec/zephyr/CMakeFiles/ec_shim.dir/drivers/keyboard_input/keyboard_customization_check.c.gcno:no functions found
[/mnt/host/source/src/platform/ec/build/zephyr/francka-lcov] stderr:
[/mnt/host/source/src/platform/ec/build/zephyr/moonstone-lcov]   /mnt/host/source/src/platform/ec/build/zephyr/moonstone/build-ro/zephyr/CMakeFiles/zephyr.dir/lib/libc/validate_libc.c.gcno:no functions found
[/mnt/host/source/src/platform/ec/build/zephyr/moonstone-lcov] stderr:
[/mnt/host/source/src/platform/ec/build/zephyr/xivu-lcov]   /mnt/host/source/src/platform/ec/build/zephyr/xivu/build-ro/zephyr/CMakeFiles/zephyr.dir/lib/utils/last_section_id.c.gcno:no functions found
[/mnt/host/source/src/platform/ec/build/zephyr/xivu-lcov] stderr:
[rull:rw] [82/403] Building C object CMakeFiles/app.dir/mnt/host/source/src/platform/ec/build/zephyr/rull/modules/ec/power/hibernate.c.obj
[rull:ro] [83/403] Building C object CMakeFiles/app.dir/mnt/host/source/src/platform/ec/build/zephyr/rull/modules/ec/common/panic_output.c.obj
[tarkin:rw] [91/347] Building C object CMakeFiles/app.dir/mnt/host/source/src/platform/ec/build/zephyr/tarkin/modules/ec/zephyr/program/skywalker/src/hibernate.c.obj
[tarkin:rw] [92/347] Building C object CMakeFiles/app.dir/mnt/host/source/src/platform/ec/build/zephyr/tarkin/modules/ec/zephyr/program/skywalker/src/i2c.c.obj
[rull:rw] [83/403] Building C object CMakeFiles/app.dir/mnt/host/source/src/platform/ec/build/zephyr/rull/modules/ec/common/panic_output.c.obj
[tarkin:ro] [47/347] Building C object CMakeFiles/app.dir/mnt/host/source/src/platform/ec/build/zephyr/tarkin/modules/ec/common/cbi.c.obj
[rull:ro] [84/403] Building C object CMakeFiles/app.dir/mnt/host/source/src/platform/ec/build/zephyr/rull/modules/ec/driver/sha256/sha256_it8xxx2.c.obj
[tarkin:ro] [48/347] Building C object CMakeFiles/app.dir/mnt/host/source/src/platform/ec/build/zephyr/tarkin/modules/ec/common/memory_commands.c.obj
[npcx9:rw] [9/321] Building C object zephyr/CMakeFiles/offsets.dir/arch/arm/core/offsets/offsets.c.obj
[rull:ro] [85/403] Building C object CMakeFiles/app.dir/mnt/host/source/src/platform/ec/build/zephyr/rull/modules/ec/common/shared_mem.c.obj
[npcx9:rw] [10/321] Generating include/generated/zephyr/offsets.h
[tarkin:ro] [49/347] Building C object CMakeFiles/app.dir/mnt/host/source/src/platform/ec/build/zephyr/tarkin/modules/ec/common/chipset.c.obj
[tarkin:rw] [93/347] Building C object CMakeFiles/app.dir/mnt/host/source/src/platform/ec/build/zephyr/tarkin/modules/ec/zephyr/program/skywalker/src/backlight.c.obj
[rull:rw] [84/403] Building C object CMakeFiles/app.dir/mnt/host/source/src/platform/ec/build/zephyr/rull/modules/ec/driver/sha256/sha256_it8xxx2.c.obj
[tarkin:rw] [94/347] Building C object CMakeFiles/app.dir/mnt/host/source/src/platform/ec/build/zephyr/tarkin/modules/ec/zephyr/program/skywalker/src/hooks.c.obj
[rull:ro] [86/403] Building C object CMakeFiles/app.dir/mnt/host/source/src/platform/ec/build/zephyr/rull/modules/ec/common/switch.c.obj
[rull:rw] [85/403] Building C object CMakeFiles/app.dir/mnt/host/source/src/platform/ec/build/zephyr/rull/modules/ec/common/shared_mem.c.obj
[tarkin:ro] [50/347] Building C object CMakeFiles/app.dir/mnt/host/source/src/platform/ec/build/zephyr/tarkin/modules/ec/common/ap_reset_log.c.obj
[tarkin:rw] [95/347] Building C object CMakeFiles/app.dir/tarkin/src/board.c.obj
[tarkin:ro] [51/347] Building C object CMakeFiles/app.dir/mnt/host/source/src/platform/ec/build/zephyr/tarkin/modules/ec/common/extpower_common.c.obj
[tarkin:rw] [96/347] Building C object CMakeFiles/app.dir/mnt/host/source/src/platform/ec/build/zephyr/tarkin/modules/ec/zephyr/program/skywalker/src/dp_alt_mode.c.obj
[/mnt/host/source/src/platform/ec/build/zephyr/moonstone-lcov]   /mnt/host/source/src/platform/ec/build/zephyr/moonstone/build-ro/zephyr/CMakeFiles/zephyr.dir/lib/utils/last_section_id.c.gcno:no functions found
[/mnt/host/source/src/platform/ec/build/zephyr/moonstone-lcov] stderr:
[npcx9:rw] [11/321] Building C object zephyr/CMakeFiles/zephyr.dir/lib/libc/validate_libc.c.obj
[rull:ro] [87/403] Building C object CMakeFiles/app.dir/mnt/host/source/src/platform/ec/build/zephyr/rull/modules/ec/common/thermal.c.obj
[rull:ro] [88/403] Building C object CMakeFiles/app.dir/mnt/host/source/src/platform/ec/build/zephyr/rull/modules/ec/common/temp_sensor.c.obj
[tarkin:rw] [97/347] Building C object CMakeFiles/app.dir/tarkin/src/kb_backlight.c.obj
[tarkin:ro] [52/347] Building C object CMakeFiles/app.dir/mnt/host/source/src/platform/ec/build/zephyr/tarkin/modules/ec/common/extpower_gpio.c.obj
[rull:rw] [86/403] Building C object CMakeFiles/app.dir/mnt/host/source/src/platform/ec/build/zephyr/rull/modules/ec/common/switch.c.obj
[tarkin:rw] [98/347] Building C object zephyr/CMakeFiles/zephyr.dir/lib/libc/validate_libc.c.obj
[tarkin:rw] [99/347] Building C object CMakeFiles/app.dir/tarkin/src/board_touchpanel.c.obj
[rull:ro] [89/403] Building C object CMakeFiles/app.dir/mnt/host/source/src/platform/ec/build/zephyr/rull/modules/ec/driver/temp_sensor/thermistor.c.obj
[npcx9:rw] [12/321] Building C object zephyr/CMakeFiles/zephyr.dir/lib/heap/heap.c.obj
[tarkin:rw] [100/347] Building C object CMakeFiles/app.dir/tarkin/src/charger.c.obj
[tarkin:ro] [53/347] Building C object CMakeFiles/app.dir/mnt/host/source/src/platform/ec/build/zephyr/tarkin/modules/ec/common/host_command.c.obj
[rull:rw] [87/403] Building C object CMakeFiles/app.dir/mnt/host/source/src/platform/ec/build/zephyr/rull/modules/ec/common/thermal.c.obj
[rull:ro] [90/403] Building C object CMakeFiles/app.dir/mnt/host/source/src/platform/ec/build/zephyr/rull/modules/ec/common/throttle_ap.c.obj
[tarkin:rw] [101/347] Linking C static library app/libapp.a
[tarkin:ro] [54/347] Building C object CMakeFiles/app.dir/mnt/host/source/src/platform/ec/build/zephyr/tarkin/modules/ec/common/flash.c.obj
[rull:ro] [91/403] Building C object CMakeFiles/app.dir/mnt/host/source/src/platform/ec/build/zephyr/rull/modules/ec/common/timer.c.obj
[tarkin:rw] [102/347] Building C object zephyr/CMakeFiles/zephyr.dir/lib/heap/heap.c.obj
[rull:rw] [88/403] Building C object CMakeFiles/app.dir/mnt/host/source/src/platform/ec/build/zephyr/rull/modules/ec/common/temp_sensor.c.obj
[tarkin:rw] [103/347] Building C object zephyr/CMakeFiles/zephyr.dir/lib/os/cbprintf_packaged.c.obj
[tarkin:ro] [55/347] Building C object CMakeFiles/app.dir/mnt/host/source/src/platform/ec/build/zephyr/tarkin/modules/ec/common/host_event_commands.c.obj
[tarkin:rw] [104/347] Building C object zephyr/CMakeFiles/zephyr.dir/lib/os/clock.c.obj
[npcx9:rw] [13/321] Building C object zephyr/CMakeFiles/zephyr.dir/lib/os/cbprintf_packaged.c.obj
[rull:ro] [92/403] Building C object CMakeFiles/app.dir/mnt/host/source/src/platform/ec/build/zephyr/rull/modules/ec/common/usb_port_power_dumb.c.obj
[tarkin:ro] [56/347] Building C object CMakeFiles/app.dir/mnt/host/source/src/platform/ec/build/zephyr/tarkin/modules/ec/common/uart_hostcmd.c.obj
[rull:rw] [89/403] Building C object CMakeFiles/app.dir/mnt/host/source/src/platform/ec/build/zephyr/rull/modules/ec/driver/temp_sensor/thermistor.c.obj
[tarkin:rw] [105/347] Building C object zephyr/CMakeFiles/zephyr.dir/lib/os/printk.c.obj
[tarkin:rw] [106/347] Building C object zephyr/CMakeFiles/zephyr.dir/lib/os/sem.c.obj
[tarkin:ro] [57/347] Building C object CMakeFiles/app.dir/mnt/host/source/src/platform/ec/build/zephyr/tarkin/modules/ec/common/uptime.c.obj
[rull:ro] [93/403] Building C object CMakeFiles/app.dir/mnt/host/source/src/platform/ec/build/zephyr/rull/modules/ec/common/typec_control.c.obj
[tarkin:rw] [107/347] Building C object zephyr/CMakeFiles/zephyr.dir/lib/os/thread_entry.c.obj
[tarkin:rw] [108/347] Building C object zephyr/CMakeFiles/zephyr.dir/lib/os/cbprintf_nano.c.obj
[rull:ro] [94/403] Building C object CMakeFiles/app.dir/mnt/host/source/src/platform/ec/build/zephyr/rull/modules/ec/common/usb_common.c.obj
[rull:rw] [90/403] Building C object CMakeFiles/app.dir/mnt/host/source/src/platform/ec/build/zephyr/rull/modules/ec/common/throttle_ap.c.obj
[npcx9:rw] [14/321] Building C object zephyr/CMakeFiles/zephyr.dir/lib/os/clock.c.obj
[tarkin:rw] [109/347] Building C object zephyr/CMakeFiles/zephyr.dir/lib/os/cbprintf.c.obj
[tarkin:rw] [110/347] Building C object zephyr/CMakeFiles/zephyr.dir/lib/utils/dec.c.obj
[rull:ro] [95/403] Building C object CMakeFiles/app.dir/mnt/host/source/src/platform/ec/build/zephyr/rull/modules/ec/common/usb_pd_pdo.c.obj
[tarkin:rw] [111/347] Building C object zephyr/CMakeFiles/zephyr.dir/lib/utils/hex.c.obj
[tarkin:rw] [112/347] Building C object zephyr/CMakeFiles/zephyr.dir/lib/os/assert.c.obj
[tarkin:ro] [58/347] Building C object CMakeFiles/app.dir/mnt/host/source/src/platform/ec/build/zephyr/tarkin/modules/ec/common/i2c_passthru.c.obj
[tarkin:ro] [59/347] Building C object CMakeFiles/app.dir/mnt/host/source/src/platform/ec/build/zephyr/tarkin/modules/ec/common/i2c_controller.c.obj
[rull:rw] [91/403] Building C object CMakeFiles/app.dir/mnt/host/source/src/platform/ec/build/zephyr/rull/modules/ec/common/timer.c.obj
[tarkin:rw] [113/347] Building C object zephyr/CMakeFiles/zephyr.dir/lib/utils/bitmask.c.obj
[rull:ro] [96/403] Building C object CMakeFiles/app.dir/mnt/host/source/src/platform/ec/build/zephyr/rull/modules/ec/common/usbc/usbc_task.c.obj
[tarkin:ro] [60/347] Building C object CMakeFiles/app.dir/mnt/host/source/src/platform/ec/build/zephyr/tarkin/modules/ec/common/virtual_battery.c.obj
[tarkin:rw] [114/347] Building C object zephyr/CMakeFiles/zephyr.dir/lib/utils/timeutil.c.obj
[/mnt/host/source/src/platform/ec/build/zephyr/moonstone-lcov]   /mnt/host/source/src/platform/ec/build/zephyr/moonstone/build-ro/zephyr/CMakeFiles/zephyr.dir/soc/ite/ec/it8xxx2/check_regs.c.gcno:no functions found
[/mnt/host/source/src/platform/ec/build/zephyr/moonstone-lcov] stderr:
[npcx9:rw] [15/321] Building C object zephyr/CMakeFiles/zephyr.dir/lib/os/printk.c.obj
[rull:ro] [97/403] Building C object CMakeFiles/app.dir/mnt/host/source/src/platform/ec/build/zephyr/rull/modules/ec/common/usbc/usb_pd_timer.c.obj
[tarkin:rw] [115/347] Building C object zephyr/CMakeFiles/zephyr.dir/lib/utils/bitarray.c.obj
[rull:rw] [92/403] Building C object CMakeFiles/app.dir/mnt/host/source/src/platform/ec/build/zephyr/rull/modules/ec/common/usb_port_power_dumb.c.obj
[tarkin:rw] [116/347] Building C object zephyr/CMakeFiles/zephyr.dir/lib/utils/rb.c.obj
[rull:ro] [98/403] Building C object CMakeFiles/app.dir/mnt/host/source/src/platform/ec/build/zephyr/rull/modules/ec/common/usbc/usb_sm.c.obj
[tarkin:rw] [117/347] Building C object zephyr/CMakeFiles/zephyr.dir/lib/utils/last_section_id.c.obj
[tarkin:ro] [61/347] Building C object CMakeFiles/app.dir/mnt/host/source/src/platform/ec/build/zephyr/tarkin/modules/ec/common/mkbp_fifo.c.obj
[rull:rw] [93/403] Building C object CMakeFiles/app.dir/mnt/host/source/src/platform/ec/build/zephyr/rull/modules/ec/common/typec_control.c.obj
[tarkin:rw] [118/347] Building C object zephyr/CMakeFiles/zephyr.dir/lib/utils/getopt/getopt.c.obj
[tarkin:rw] [119/347] Building C object zephyr/CMakeFiles/zephyr.dir/lib/utils/ring_buffer.c.obj
[tarkin:rw] [120/347] Building C object zephyr/CMakeFiles/zephyr.dir/lib/utils/getopt/getopt_common.c.obj
[npcx9:rw] [16/321] Building C object zephyr/CMakeFiles/zephyr.dir/lib/os/sem.c.obj
[rull:ro] [99/403] Building C object CMakeFiles/app.dir/mnt/host/source/src/platform/ec/build/zephyr/rull/modules/ec/common/usbc_intr_task.c.obj
[tarkin:rw] [121/347] Building C object zephyr/CMakeFiles/zephyr.dir/misc/generated/configs.c.obj
[tarkin:ro] [62/347] Building C object CMakeFiles/app.dir/mnt/host/source/src/platform/ec/build/zephyr/tarkin/modules/ec/common/keyboard_scan.c.obj
[/mnt/host/source/src/platform/ec/build/zephyr/francka-lcov]   /mnt/host/source/src/platform/ec/build/zephyr/francka/build-rw/CMakeFiles/app.dir/mnt/host/source/src/platform/ec/build/zephyr/francka/modules/ec/common/cbi_config.c.gcno:no functions found
[/mnt/host/source/src/platform/ec/build/zephyr/francka-lcov] stderr:
[tarkin:rw] [122/347] Building ASM object zephyr/CMakeFiles/zephyr.dir/soc/ite/ec/common/soc_irq.S.obj
[tarkin:ro] [63/347] Building C object CMakeFiles/app.dir/mnt/host/source/src/platform/ec/build/zephyr/tarkin/modules/ec/common/mkbp_info.c.obj
[rull:ro] [100/403] Building C object CMakeFiles/app.dir/mnt/host/source/src/platform/ec/build/zephyr/rull/modules/ec/common/usb_pd_flags.c.obj
[rull:ro] [101/403] Building C object CMakeFiles/app.dir/mnt/host/source/src/platform/ec/build/zephyr/rull/modules/ec/common/usbc_utils.c.obj
[tarkin:rw] [123/347] Building C object zephyr/CMakeFiles/zephyr.dir/soc/ite/ec/common/power.c.obj
[tarkin:ro] [64/347] Building C object CMakeFiles/app.dir/mnt/host/source/src/platform/ec/build/zephyr/tarkin/modules/ec/common/keyboard_mkbp.c.obj
[tarkin:rw] [124/347] Building C object zephyr/CMakeFiles/zephyr.dir/soc/ite/ec/common/soc_common_irq.c.obj
[rull:rw] [94/403] Building C object CMakeFiles/app.dir/mnt/host/source/src/platform/ec/build/zephyr/rull/modules/ec/common/usb_pd_pdo.c.obj
[rull:rw] [95/403] Building C object CMakeFiles/app.dir/mnt/host/source/src/platform/ec/build/zephyr/rull/modules/ec/common/usb_common.c.obj
[tarkin:rw] [125/347] Building C object zephyr/CMakeFiles/zephyr.dir/soc/ite/ec/common/policy.c.obj
[npcx9:rw] [17/321] Building C object zephyr/CMakeFiles/zephyr.dir/lib/os/thread_entry.c.obj
[rull:ro] [102/403] Building C object CMakeFiles/app.dir/mnt/host/source/src/platform/ec/build/zephyr/rull/modules/ec/common/chargen.c.obj
[tarkin:ro] [65/347] Building C object CMakeFiles/app.dir/mnt/host/source/src/platform/ec/build/zephyr/tarkin/modules/ec/common/mkbp_input_devices.c.obj
[tarkin:rw] [126/347] Building C object zephyr/CMakeFiles/zephyr.dir/soc/ite/ec/it8xxx2/soc.c.obj
[tarkin:rw] [127/347] Building ASM object zephyr/CMakeFiles/zephyr.dir/soc/ite/ec/it8xxx2/vector.S.obj
[tarkin:ro] [66/347] Building C object CMakeFiles/app.dir/mnt/host/source/src/platform/ec/build/zephyr/tarkin/modules/ec/common/keyboard_backlight.c.obj
[rull:ro] [103/403] Building C object CMakeFiles/app.dir/mnt/host/source/src/platform/ec/build/zephyr/rull/modules/ec/common/usbc/usb_pd_console.c.obj
[tarkin:rw] [128/347] Building C object zephyr/CMakeFiles/zephyr.dir/soc/ite/ec/it8xxx2/check_regs.c.obj
[rull:ro] [104/403] Building C object CMakeFiles/app.dir/mnt/host/source/src/platform/ec/build/zephyr/rull/modules/ec/driver/retimer/anx7483.c.obj
[tarkin:ro] [67/347] Building C object CMakeFiles/app.dir/mnt/host/source/src/platform/ec/build/zephyr/tarkin/modules/ec/common/led_common.c.obj
[npcx9:rw] [18/321] Building C object zephyr/CMakeFiles/zephyr.dir/lib/os/cbprintf_nano.c.obj
[rull:rw] [96/403] Building C object CMakeFiles/app.dir/mnt/host/source/src/platform/ec/build/zephyr/rull/modules/ec/common/usbc/usbc_task.c.obj
[tarkin:rw] [129/347] Building C object zephyr/CMakeFiles/zephyr.dir/soc/ite/ec/it8xxx2/ilm.c.obj
[rull:rw] [97/403] Building C object CMakeFiles/app.dir/mnt/host/source/src/platform/ec/build/zephyr/rull/modules/ec/common/usbc/usb_pd_timer.c.obj
[tarkin:rw] [130/347] Building C object zephyr/CMakeFiles/zephyr.dir/subsys/logging/log_minimal.c.obj
[tarkin:rw] [131/347] Building C object zephyr/CMakeFiles/zephyr.dir/subsys/pm/state.c.obj
[tarkin:ro] [68/347] Building C object CMakeFiles/app.dir/mnt/host/source/src/platform/ec/build/zephyr/tarkin/modules/ec/common/lid_switch.c.obj
[tarkin:rw] [132/347] Building C object zephyr/CMakeFiles/zephyr.dir/subsys/pm/pm.c.obj
[/mnt/host/source/src/platform/ec/build/zephyr/francka-lcov]   /mnt/host/source/src/platform/ec/build/zephyr/francka/build-rw/zephyr/arch/arch/arm/core/mpu/CMakeFiles/arch__arm__core__mpu.dir/arm_mpu_regions.c.gcno:no functions found
[/mnt/host/source/src/platform/ec/build/zephyr/francka-lcov] stderr:
[rull:ro] [105/403] Building C object CMakeFiles/app.dir/mnt/host/source/src/platform/ec/build/zephyr/rull/modules/ec/driver/usb_mux/usb_mux.c.obj
[npcx9:rw] [19/321] Building C object zephyr/CMakeFiles/zephyr.dir/lib/os/cbprintf.c.obj
[tarkin:ro] [69/347] Building C object CMakeFiles/app.dir/mnt/host/source/src/platform/ec/build/zephyr/tarkin/modules/ec/common/mkbp_event.c.obj
[rull:ro] [106/403] Building C object CMakeFiles/app.dir/mnt/host/source/src/platform/ec/build/zephyr/rull/modules/ec/driver/usb_mux/virtual.c.obj
[tarkin:rw] [133/347] Building C object zephyr/CMakeFiles/zephyr.dir/subsys/pm/policy/policy_events.c.obj
[tarkin:ro] [70/347] Building C object CMakeFiles/app.dir/mnt/host/source/src/platform/ec/build/zephyr/tarkin/modules/ec/common/power_button.c.obj
[tarkin:rw] [134/347] Building C object zephyr/CMakeFiles/zephyr.dir/subsys/pm/policy/policy_latency.c.obj
[rull:rw] [98/403] Building C object CMakeFiles/app.dir/mnt/host/source/src/platform/ec/build/zephyr/rull/modules/ec/common/usbc_intr_task.c.obj
[tarkin:rw] [135/347] Building C object zephyr/CMakeFiles/zephyr.dir/subsys/pm/policy/policy_state_lock.c.obj
[rull:rw] [99/403] Building C object CMakeFiles/app.dir/mnt/host/source/src/platform/ec/build/zephyr/rull/modules/ec/common/usbc/usb_sm.c.obj
[rull:ro] [107/403] Building C object CMakeFiles/app.dir/mnt/host/source/src/platform/ec/build/zephyr/rull/modules/ec/common/usbc/usb_tc_drp_acc_trysrc_sm.c.obj
[tarkin:rw] [136/347] Building C object zephyr/CMakeFiles/zephyr.dir/subsys/pm/device.c.obj
[npcx9:rw] [20/321] Building C object zephyr/CMakeFiles/zephyr.dir/lib/os/assert.c.obj
[tarkin:ro] [71/347] Building C object CMakeFiles/app.dir/mnt/host/source/src/platform/ec/build/zephyr/tarkin/modules/ec/power/common.c.obj
[/mnt/host/source/src/platform/ec/build/zephyr/moonstone-lcov]   /mnt/host/source/src/platform/ec/build/zephyr/moonstone/build-ro/zephyr/kernel/CMakeFiles/kernel.dir/errno.c.gcno:no functions found
[/mnt/host/source/src/platform/ec/build/zephyr/moonstone-lcov] stderr:
[tarkin:rw] [137/347] Building C object zephyr/CMakeFiles/zephyr.dir/subsys/pm/device_system_managed.c.obj
[tarkin:ro] [72/347] Building C object CMakeFiles/app.dir/mnt/host/source/src/platform/ec/build/zephyr/tarkin/modules/ec/power/host_sleep.c.obj
[/mnt/host/source/src/platform/ec/build/zephyr/francka-lcov]   /mnt/host/source/src/platform/ec/build/zephyr/francka/build-rw/zephyr/arch/common/CMakeFiles/isr_tables.dir/isr_tables.c.gcno:no functions found
[/mnt/host/source/src/platform/ec/build/zephyr/francka-lcov] stderr:
[npcx9:rw] [21/321] Building C object zephyr/CMakeFiles/zephyr.dir/lib/utils/dec.c.obj
[tarkin:rw] [138/347] Building C object zephyr/CMakeFiles/zephyr.dir/subsys/testsuite/coverage/coverage.c.obj
[rull:ro] [108/403] Building C object CMakeFiles/app.dir/mnt/host/source/src/platform/ec/build/zephyr/rull/modules/ec/common/usbc/usb_prl_sm.c.obj
[/mnt/host/source/src/platform/ec/build/zephyr/xivu-lcov]   /mnt/host/source/src/platform/ec/build/zephyr/xivu/build-ro/zephyr/CMakeFiles/zephyr.dir/soc/nuvoton/npcx/common/npcxn/registers.c.gcno:no functions found
[tarkin:rw] [139/347] Building C object zephyr/CMakeFiles/zephyr.dir/subsys/tracing/tracing_none.c.obj
[/mnt/host/source/src/platform/ec/build/zephyr/xivu-lcov] stderr:
[rull:rw] [100/403] Building C object CMakeFiles/app.dir/mnt/host/source/src/platform/ec/build/zephyr/rull/modules/ec/common/usbc_utils.c.obj
[rull:rw] [101/403] Building C object CMakeFiles/app.dir/mnt/host/source/src/platform/ec/build/zephyr/rull/modules/ec/common/usb_pd_flags.c.obj
[tarkin:rw] [140/347] Building C object zephyr/CMakeFiles/zephyr.dir/subsys/shell/modules/kernel_service/kernel_shell.c.obj
[npcx9:rw] [22/321] Building C object zephyr/CMakeFiles/zephyr.dir/lib/utils/hex.c.obj
[tarkin:ro] [73/347] Building C object CMakeFiles/app.dir/mnt/host/source/src/platform/ec/build/zephyr/tarkin/modules/ec/power/mt8186.c.obj
[rull:ro] [109/403] Building C object CMakeFiles/app.dir/mnt/host/source/src/platform/ec/build/zephyr/rull/modules/ec/common/usbc/usb_pe_drp_sm.c.obj
[tarkin:rw] [141/347] Building C object zephyr/CMakeFiles/zephyr.dir/subsys/shell/modules/kernel_service/cycles.c.obj
[rull:ro] [110/403] Building C object CMakeFiles/app.dir/mnt/host/source/src/platform/ec/build/zephyr/rull/modules/ec/common/usbc/usb_pd_dpm.c.obj
[tarkin:rw] [142/347] Building C object zephyr/CMakeFiles/zephyr.dir/subsys/shell/modules/kernel_service/sleep.c.obj
[tarkin:ro] [74/347] Building C object CMakeFiles/app.dir/mnt/host/source/src/platform/ec/build/zephyr/tarkin/modules/ec/common/shared_mem.c.obj
[tarkin:ro] [75/347] Building C object CMakeFiles/app.dir/mnt/host/source/src/platform/ec/build/zephyr/tarkin/modules/ec/common/panic_output.c.obj
[tarkin:rw] [143/347] Building C object zephyr/CMakeFiles/zephyr.dir/subsys/shell/modules/kernel_service/version.c.obj
[tarkin:rw] [144/347] Building C object zephyr/CMakeFiles/zephyr.dir/subsys/shell/modules/kernel_service/uptime.c.obj
[rull:ro] [111/403] Building C object CMakeFiles/app.dir/mnt/host/source/src/platform/ec/build/zephyr/rull/modules/ec/common/usbc/usbc_pd_policy.c.obj
[rull:rw] [102/403] Building C object CMakeFiles/app.dir/mnt/host/source/src/platform/ec/build/zephyr/rull/modules/ec/common/chargen.c.obj
[npcx9:rw] [23/321] Building C object zephyr/CMakeFiles/zephyr.dir/lib/utils/rb.c.obj
[rull:rw] [103/403] Building C object CMakeFiles/app.dir/mnt/host/source/src/platform/ec/build/zephyr/rull/modules/ec/common/usbc/usb_pd_console.c.obj
[/mnt/host/source/src/platform/ec/build/zephyr/moonstone-lcov]   /mnt/host/source/src/platform/ec/build/zephyr/moonstone/build-ro/zephyr/lib/libc/picolibc/CMakeFiles/lib__libc__picolibc.dir/errno_wrap.c.gcno:no functions found
[/mnt/host/source/src/platform/ec/build/zephyr/moonstone-lcov] stderr:
[tarkin:ro] [76/347] Building C object CMakeFiles/app.dir/mnt/host/source/src/platform/ec/build/zephyr/tarkin/modules/ec/common/switch.c.obj
[tarkin:rw] [145/347] Building C object zephyr/CMakeFiles/zephyr.dir/subsys/shell/modules/kernel_service/thread/thread.c.obj
[tarkin:rw] [146/347] Building C object zephyr/CMakeFiles/zephyr.dir/subsys/shell/modules/kernel_service/thread/list.c.obj
[npcx9:rw] [24/321] Building C object zephyr/CMakeFiles/zephyr.dir/lib/utils/timeutil.c.obj
[rull:ro] [112/403] Building C object CMakeFiles/app.dir/mnt/host/source/src/platform/ec/build/zephyr/rull/modules/ec/common/usbc/dp_alt_mode.c.obj
[rull:ro] [113/403] Building C object CMakeFiles/app.dir/mnt/host/source/src/platform/ec/build/zephyr/rull/modules/ec/common/usb_pd_console_cmd.c.obj
[tarkin:rw] [147/347] Building C object zephyr/CMakeFiles/zephyr.dir/subsys/shell/modules/kernel_service/thread/stacks.c.obj
[tarkin:rw] [148/347] Building C object zephyr/CMakeFiles/zephyr.dir/subsys/shell/modules/kernel_service/thread/unwind.c.obj
[tarkin:ro] [77/347] Building C object CMakeFiles/app.dir/mnt/host/source/src/platform/ec/build/zephyr/tarkin/modules/ec/common/thermal.c.obj
[tarkin:ro] [78/347] Building C object CMakeFiles/app.dir/mnt/host/source/src/platform/ec/build/zephyr/tarkin/modules/ec/common/temp_sensor.c.obj
[rull:ro] [114/403] Building C object CMakeFiles/app.dir/mnt/host/source/src/platform/ec/build/zephyr/rull/modules/ec/common/usb_pd_host_cmd.c.obj
[tarkin:rw] [149/347] Building C object zephyr/CMakeFiles/zephyr.dir/subsys/shell/modules/kernel_service/thread/suspend.c.obj
[rull:rw] [104/403] Building C object CMakeFiles/app.dir/mnt/host/source/src/platform/ec/build/zephyr/rull/modules/ec/driver/retimer/anx7483.c.obj
[rull:rw] [105/403] Building C object CMakeFiles/app.dir/mnt/host/source/src/platform/ec/build/zephyr/rull/modules/ec/driver/usb_mux/usb_mux.c.obj
[tarkin:rw] [150/347] Building C object zephyr/CMakeFiles/zephyr.dir/subsys/shell/modules/kernel_service/thread/resume.c.obj
[tarkin:ro] [79/347] Building C object CMakeFiles/app.dir/mnt/host/source/src/platform/ec/build/zephyr/tarkin/modules/ec/driver/temp_sensor/thermistor.c.obj
[npcx9:rw] [25/321] Building C object zephyr/CMakeFiles/zephyr.dir/lib/utils/bitarray.c.obj
[tarkin:rw] [151/347] Building C object zephyr/CMakeFiles/zephyr.dir/subsys/shell/modules/kernel_service/thread/kill.c.obj
[rull:ro] [115/403] Building C object CMakeFiles/app.dir/mnt/host/source/src/platform/ec/build/zephyr/rull/modules/ec/common/usbc/usb_pd_host.c.obj
[npcx9:rw] [26/321] Building C object zephyr/CMakeFiles/zephyr.dir/lib/utils/bitmask.c.obj
[tarkin:ro] [80/347] Building C object CMakeFiles/app.dir/mnt/host/source/src/platform/ec/build/zephyr/tarkin/modules/ec/common/timer.c.obj
[tarkin:ro] [81/347] Building C object CMakeFiles/app.dir/mnt/host/source/src/platform/ec/build/zephyr/tarkin/modules/ec/common/usb_port_power_dumb.c.obj
[tarkin:rw] [152/347] Building C object zephyr/CMakeFiles/zephyr.dir/subsys/shell/backends/shell_uart.c.obj
[rull:ro] [116/403] Building C object CMakeFiles/app.dir/mnt/host/source/src/platform/ec/build/zephyr/rull/modules/ec/zephyr/shim/src/tcpc.c.obj
[tarkin:rw] [153/347] Building C object zephyr/CMakeFiles/zephyr.dir/subsys/shell/shell_fprintf.c.obj
[rull:rw] [106/403] Building C object CMakeFiles/app.dir/mnt/host/source/src/platform/ec/build/zephyr/rull/modules/ec/driver/usb_mux/virtual.c.obj
[rull:ro] [117/403] Building C object CMakeFiles/app.dir/mnt/host/source/src/platform/ec/build/zephyr/rull/modules/ec/common/usb_pd_host_cmd_common.c.obj
[tarkin:ro] [82/347] Building C object CMakeFiles/app.dir/mnt/host/source/src/platform/ec/build/zephyr/tarkin/modules/ec/common/usbc_utils.c.obj
[tarkin:rw] [154/347] Building C object zephyr/CMakeFiles/zephyr.dir/subsys/shell/shell.c.obj
[/mnt/host/source/src/platform/ec/build/zephyr/moonstone-lcov]   /mnt/host/source/src/platform/ec/build/zephyr/moonstone/build-ro/zephyr/drivers/sensor/CMakeFiles/drivers__sensor.dir/mnt/host/source/src/third_party/zephyr/main/misc/empty_file.c.gcno:no functions found
[/mnt/host/source/src/platform/ec/build/zephyr/moonstone-lcov] stderr:
[tarkin:rw] [155/347] Building C object zephyr/CMakeFiles/zephyr.dir/subsys/shell/shell_utils.c.obj
[npcx9:rw] [27/321] Building C object zephyr/CMakeFiles/zephyr.dir/lib/utils/getopt/getopt.c.obj
[rull:ro] [118/403] Building C object CMakeFiles/app.dir/mnt/host/source/src/platform/ec/build/zephyr/rull/modules/ec/common/usbc/svdm_rsp_dfp_only.c.obj
[rull:rw] [107/403] Building C object CMakeFiles/app.dir/mnt/host/source/src/platform/ec/build/zephyr/rull/modules/ec/common/usbc/usb_tc_drp_acc_trysrc_sm.c.obj
[tarkin:ro] [83/347] Building C object CMakeFiles/app.dir/mnt/host/source/src/platform/ec/build/zephyr/tarkin/modules/ec/common/chargen.c.obj
[tarkin:rw] [156/347] Building C object zephyr/CMakeFiles/zephyr.dir/subsys/shell/shell_ops.c.obj
[tarkin:ro] [84/347] Building C object CMakeFiles/app.dir/mnt/host/source/src/platform/ec/build/zephyr/tarkin/modules/ec/common/usb_common.c.obj
[tarkin:rw] [157/347] Building C object zephyr/CMakeFiles/zephyr.dir/subsys/shell/shell_help.c.obj
[rull:ro] [119/403] Building C object CMakeFiles/app.dir/mnt/host/source/src/platform/ec/build/zephyr/rull/modules/ec/common/usbc_ocp.c.obj
[tarkin:rw] [158/347] Building C object zephyr/CMakeFiles/zephyr.dir/subsys/shell/shell_history.c.obj
[tarkin:rw] [159/347] Building C object zephyr/CMakeFiles/zephyr.dir/drivers/flash/flash_util.c.obj
[rull:ro] [120/403] Building C object CMakeFiles/app.dir/mnt/host/source/src/platform/ec/build/zephyr/rull/modules/ec/common/usb_pd_discovery.c.obj
[npcx9:rw] [28/321] Building C object zephyr/CMakeFiles/zephyr.dir/lib/utils/getopt/getopt_common.c.obj
[tarkin:ro] [85/347] Building C object CMakeFiles/app.dir/mnt/host/source/src/platform/ec/build/zephyr/tarkin/modules/ec/common/usb_pd_host_cmd_common.c.obj
[rull:rw] [108/403] Building C object CMakeFiles/app.dir/mnt/host/source/src/platform/ec/build/zephyr/rull/modules/ec/common/usbc/usb_prl_sm.c.obj
[tarkin:rw] [160/347] Linking C static library zephyr/libzephyr.a
[tarkin:rw] [161/347] Building C object zephyr/arch/common/CMakeFiles/arch__common.dir/sw_isr_common.c.obj
[npcx9:rw] [29/321] Building C object zephyr/CMakeFiles/zephyr.dir/lib/utils/ring_buffer.c.obj
[rull:ro] [121/403] Building C object CMakeFiles/app.dir/mnt/host/source/src/platform/ec/build/zephyr/rull/modules/ec/common/usb_pd_dual_role.c.obj
[tarkin:rw] [162/347] Building C object zephyr/arch/common/CMakeFiles/arch__common.dir/dynamic_isr.c.obj
[tarkin:rw] [163/347] Building C object zephyr/arch/common/CMakeFiles/arch__common.dir/init.c.obj
[tarkin:ro] [86/347] Building C object CMakeFiles/app.dir/mnt/host/source/src/platform/ec/build/zephyr/tarkin/modules/ec/common/vboot_hash.c.obj
[npcx9:rw] [30/321] Building C object zephyr/CMakeFiles/zephyr.dir/lib/utils/last_section_id.c.obj
[tarkin:rw] [164/347] Building C object zephyr/arch/common/CMakeFiles/isr_tables.dir/isr_tables.c.obj
[tarkin:ro] [87/347] Building C object CMakeFiles/app.dir/mnt/host/source/src/platform/ec/build/zephyr/tarkin/modules/ec/common/button.c.obj
[rull:rw] [109/403] Building C object CMakeFiles/app.dir/mnt/host/source/src/platform/ec/build/zephyr/rull/modules/ec/common/usbc/usb_pe_drp_sm.c.obj
[npcx9:rw] [31/321] Building C object zephyr/CMakeFiles/zephyr.dir/misc/generated/configs.c.obj
[/mnt/host/source/src/platform/ec/build/zephyr/francka-lcov]   /mnt/host/source/src/platform/ec/build/zephyr/francka/build-rw/zephyr/CMakeFiles/zephyr.dir/subsys/shell/modules/kernel_service/kernel_shell.c.gcno:no functions found
[/mnt/host/source/src/platform/ec/build/zephyr/francka-lcov] stderr:
[tarkin:rw] [165/347] Building C object zephyr/arch/common/CMakeFiles/arch__common.dir/xip.c.obj
[tarkin:rw] [166/347] Linking C static library zephyr/arch/common/libisr_tables.a
[tarkin:rw] [167/347] Linking C static library zephyr/arch/common/libarch__common.a
[rull:ro] [122/403] Building C object CMakeFiles/app.dir/mnt/host/source/src/platform/ec/build/zephyr/rull/modules/ec/driver/tcpm/tcpci.c.obj
[tarkin:ro] [88/347] Building C object CMakeFiles/app.dir/mnt/host/source/src/platform/ec/build/zephyr/tarkin/modules/ec/common/vboot/efs2.c.obj
[rull:ro] [123/403] Building C object CMakeFiles/app.dir/mnt/host/source/src/platform/ec/build/zephyr/rull/modules/ec/driver/tcpm/ite_pd_intc.c.obj
[/mnt/host/source/src/platform/ec/build/zephyr/francka-lcov]   /mnt/host/source/src/platform/ec/build/zephyr/francka/build-rw/zephyr/CMakeFiles/zephyr.dir/lib/libc/validate_libc.c.gcno:no functions found
[/mnt/host/source/src/platform/ec/build/zephyr/francka-lcov] stderr:
[tarkin:rw] [168/347] Building C object zephyr/arch/arch/riscv/core/CMakeFiles/arch__riscv__core.dir/cpu_idle.c.obj
[tarkin:rw] [169/347] Building C object zephyr/arch/arch/riscv/core/CMakeFiles/arch__riscv__core.dir/prep_c.c.obj
[rull:rw] [110/403] Building C object CMakeFiles/app.dir/mnt/host/source/src/platform/ec/build/zephyr/rull/modules/ec/common/usbc/usb_pd_dpm.c.obj
[tarkin:rw] [170/347] Building C object zephyr/arch/arch/riscv/core/CMakeFiles/arch__riscv__core.dir/fatal.c.obj
[tarkin:ro] [89/347] Building C object CMakeFiles/app.dir/mnt/host/source/src/platform/ec/build/zephyr/tarkin/modules/ec/common/vstore.c.obj
[rull:ro] [124/403] Building C object CMakeFiles/app.dir/mnt/host/source/src/platform/ec/build/zephyr/rull/modules/ec/driver/tcpm/it8xxx2.c.obj
[/mnt/host/source/src/platform/ec/build/zephyr/moonstone-lcov]   /mnt/host/source/src/platform/ec/build/zephyr/moonstone/build-ro/zephyr/drivers/syscon/CMakeFiles/drivers__syscon.dir/mnt/host/source/src/third_party/zephyr/main/misc/empty_file.c.gcno:no functions found
[/mnt/host/source/src/platform/ec/build/zephyr/moonstone-lcov] stderr:
[npcx9:rw] [32/321] Building C object zephyr/CMakeFiles/zephyr.dir/soc/nuvoton/npcx/common/power.c.obj
[tarkin:rw] [171/347] Building C object zephyr/arch/arch/riscv/core/CMakeFiles/arch__riscv__core.dir/irq_manage.c.obj
[tarkin:ro] [90/347] Building C object CMakeFiles/app.dir/mnt/host/source/src/platform/ec/build/zephyr/tarkin/modules/ec/common/math_util.c.obj
[rull:rw] [111/403] Building C object CMakeFiles/app.dir/mnt/host/source/src/platform/ec/build/zephyr/rull/modules/ec/common/usbc/usbc_pd_policy.c.obj
[tarkin:ro] [91/347] Building C object CMakeFiles/app.dir/mnt/host/source/src/platform/ec/build/zephyr/tarkin/modules/ec/zephyr/program/skywalker/src/i2c.c.obj
[tarkin:rw] [172/347] Building C object zephyr/arch/arch/riscv/core/CMakeFiles/arch__riscv__core.dir/reboot.c.obj
[rull:ro] [125/403] Building C object CMakeFiles/app.dir/mnt/host/source/src/platform/ec/build/zephyr/rull/modules/ec/driver/ppc/syv682x.c.obj
[rull:ro] [126/403] Building C object CMakeFiles/app.dir/mnt/host/source/src/platform/ec/build/zephyr/rull/modules/ec/common/usbc_ppc.c.obj
[tarkin:rw] [173/347] Building ASM object zephyr/arch/arch/riscv/core/CMakeFiles/arch__riscv__core.dir/reset.S.obj
[tarkin:rw] [174/347] Building ASM object zephyr/arch/arch/riscv/core/CMakeFiles/arch__riscv__core.dir/switch.S.obj
[tarkin:rw] [175/347] Generating ../../../include/generated/libc/minimal/strerror_table.h
[/mnt/host/source/src/platform/ec/build/zephyr/xivu-lcov]   /mnt/host/source/src/platform/ec/build/zephyr/xivu/build-ro/zephyr/drivers/sensor/CMakeFiles/drivers__sensor.dir/mnt/host/source/src/third_party/zephyr/main/misc/empty_file.c.gcno:no functions found
[/mnt/host/source/src/platform/ec/build/zephyr/xivu-lcov] stderr:
[rull:rw] [112/403] Building C object CMakeFiles/app.dir/mnt/host/source/src/platform/ec/build/zephyr/rull/modules/ec/common/usbc/dp_alt_mode.c.obj
[tarkin:rw] [176/347] Building C object zephyr/lib/libc/minimal/CMakeFiles/lib__libc__minimal.dir/source/stdlib/atoi.c.obj
[npcx9:rw] [33/321] Building C object zephyr/CMakeFiles/zephyr.dir/soc/nuvoton/npcx/common/scfg.c.obj
[/mnt/host/source/src/platform/ec/build/zephyr/xivu-lcov]   /mnt/host/source/src/platform/ec/build/zephyr/xivu/build-rw/modules/ec/zephyr/CMakeFiles/ec_shim.dir/shim/src/thermal.c.gcno:no functions found
[tarkin:rw] [177/347] Building C object zephyr/arch/arch/riscv/core/CMakeFiles/arch__riscv__core.dir/thread.c.obj
[/mnt/host/source/src/platform/ec/build/zephyr/xivu-lcov] stderr:
[tarkin:ro] [92/347] Building C object CMakeFiles/app.dir/mnt/host/source/src/platform/ec/build/zephyr/tarkin/modules/ec/zephyr/program/skywalker/src/hibernate.c.obj
[rull:ro] [127/403] Building C object CMakeFiles/app.dir/mnt/host/source/src/platform/ec/build/zephyr/rull/modules/ec/common/vboot_hash.c.obj
[tarkin:rw] [178/347] Building C object zephyr/lib/libc/minimal/CMakeFiles/lib__libc__minimal.dir/source/stdlib/strtol.c.obj
[tarkin:rw] [179/347] Building C object zephyr/lib/libc/minimal/CMakeFiles/lib__libc__minimal.dir/source/stdlib/strtoul.c.obj
[tarkin:rw] [180/347] Building ASM object zephyr/arch/arch/riscv/core/CMakeFiles/arch__riscv__core.dir/isr.S.obj
[/mnt/host/source/src/platform/ec/build/zephyr/francka-lcov]   /mnt/host/source/src/platform/ec/build/zephyr/francka/build-rw/zephyr/CMakeFiles/zephyr.dir/lib/utils/last_section_id.c.gcno:no functions found
[/mnt/host/source/src/platform/ec/build/zephyr/francka-lcov] stderr:
[rull:rw] [113/403] Building C object CMakeFiles/app.dir/mnt/host/source/src/platform/ec/build/zephyr/rull/modules/ec/common/usb_pd_console_cmd.c.obj
[tarkin:ro] [93/347] Building C object CMakeFiles/app.dir/mnt/host/source/src/platform/ec/build/zephyr/tarkin/modules/ec/zephyr/program/skywalker/src/backlight.c.obj
[tarkin:rw] [181/347] Building C object zephyr/lib/libc/minimal/CMakeFiles/lib__libc__minimal.dir/source/stdlib/strtoll.c.obj
[/mnt/host/source/src/platform/ec/build/zephyr/xivu-lcov]   /mnt/host/source/src/platform/ec/build/zephyr/xivu/build-rw/modules/ec/zephyr/CMakeFiles/ec_shim.dir/shim/src/battery.c.gcno:no functions found
[/mnt/host/source/src/platform/ec/build/zephyr/xivu-lcov] stderr:
[tarkin:rw] [182/347] Building C object zephyr/lib/libc/minimal/CMakeFiles/lib__libc__minimal.dir/source/stdlib/bsearch.c.obj
[tarkin:rw] [183/347] Building C object zephyr/lib/libc/minimal/CMakeFiles/lib__libc__minimal.dir/source/stdlib/strtoull.c.obj
[tarkin:ro] [94/347] Building C object CMakeFiles/app.dir/mnt/host/source/src/platform/ec/build/zephyr/tarkin/modules/ec/zephyr/program/skywalker/src/hooks.c.obj
[tarkin:rw] [184/347] Building C object zephyr/arch/arch/riscv/core/CMakeFiles/arch__riscv__core.dir/stacktrace.c.obj
[/mnt/host/source/src/platform/ec/build/zephyr/xivu-lcov]   /mnt/host/source/src/platform/ec/build/zephyr/xivu/build-rw/modules/ec/zephyr/CMakeFiles/ec_shim.dir/shim/src/charger.c.gcno:no functions found
[/mnt/host/source/src/platform/ec/build/zephyr/xivu-lcov] stderr:
[rull:ro] [128/403] Building C object CMakeFiles/app.dir/mnt/host/source/src/platform/ec/build/zephyr/rull/modules/ec/common/vstore.c.obj
[tarkin:rw] [185/347] Linking C static library zephyr/arch/arch/riscv/core/libarch__riscv__core.a
[rull:ro] [129/403] Building C object CMakeFiles/app.dir/mnt/host/source/src/platform/ec/build/zephyr/rull/modules/ec/common/vboot/efs2.c.obj
[npcx9:rw] [34/321] Building C object zephyr/CMakeFiles/zephyr.dir/soc/nuvoton/npcx/common/npcxn/registers.c.obj
[tarkin:rw] [186/347] Building C object zephyr/lib/libc/minimal/CMakeFiles/lib__libc__minimal.dir/source/string/strncasecmp.c.obj
[tarkin:rw] [187/347] Building C object zephyr/lib/libc/minimal/CMakeFiles/lib__libc__minimal.dir/source/string/strerror.c.obj
[tarkin:rw] [188/347] Building C object zephyr/lib/libc/minimal/CMakeFiles/lib__libc__minimal.dir/source/stdlib/qsort.c.obj
[rull:ro] [130/403] Building C object CMakeFiles/app.dir/mnt/host/source/src/platform/ec/build/zephyr/rull/modules/ec/common/math_util.c.obj
[tarkin:rw] [189/347] Building C object zephyr/lib/libc/minimal/CMakeFiles/lib__libc__minimal.dir/source/string/strstr.c.obj
[tarkin:rw] [190/347] Building C object zephyr/lib/libc/minimal/CMakeFiles/lib__libc__minimal.dir/source/string/strspn.c.obj
[tarkin:rw] [191/347] Building C object zephyr/lib/libc/minimal/CMakeFiles/lib__libc__minimal.dir/source/string/string.c.obj
[rull:rw] [114/403] Building C object CMakeFiles/app.dir/mnt/host/source/src/platform/ec/build/zephyr/rull/modules/ec/common/usb_pd_host_cmd.c.obj
[tarkin:rw] [192/347] Building C object zephyr/lib/libc/minimal/CMakeFiles/lib__libc__minimal.dir/source/stdlib/exit.c.obj
[/mnt/host/source/src/platform/ec/build/zephyr/moonstone-lcov]   /mnt/host/source/src/platform/ec/build/zephyr/moonstone/build-rw/modules/pigweed/pw_log_zephyr/CMakeFiles/pw_log_zephyr.dir/log_zephyr.cc.gcno:no functions found
[/mnt/host/source/src/platform/ec/build/zephyr/moonstone-lcov] stderr:
[tarkin:ro] [95/347] Building C object CMakeFiles/app.dir/tarkin/src/kb_backlight.c.obj
[tarkin:ro] [96/347] Building C object CMakeFiles/app.dir/mnt/host/source/src/platform/ec/build/zephyr/tarkin/modules/ec/zephyr/program/skywalker/src/dp_alt_mode.c.obj
[tarkin:rw] [193/347] Building C object zephyr/lib/libc/minimal/CMakeFiles/lib__libc__minimal.dir/source/math/sqrtf.c.obj
[rull:rw] [115/403] Building C object CMakeFiles/app.dir/mnt/host/source/src/platform/ec/build/zephyr/rull/modules/ec/common/usbc/usb_pd_host.c.obj
[/mnt/host/source/src/platform/ec/build/zephyr/xivu-lcov]   /mnt/host/source/src/platform/ec/build/zephyr/xivu/build-rw/modules/ec/zephyr/CMakeFiles/ec_shim.dir/shim/src/usb_muxes.c.gcno:no functions found
[/mnt/host/source/src/platform/ec/build/zephyr/xivu-lcov] stderr:
[npcx9:rw] [35/321] Building C object zephyr/CMakeFiles/zephyr.dir/soc/nuvoton/npcx/npcx9/soc.c.obj
[tarkin:ro] [97/347] Building C object CMakeFiles/app.dir/tarkin/src/board.c.obj
[rull:ro] [131/403] Building C object CMakeFiles/app.dir/src/common.c.obj
[tarkin:rw] [194/347] Building C object zephyr/lib/libc/minimal/CMakeFiles/lib__libc__minimal.dir/source/stdout/sprintf.c.obj
[/mnt/host/source/src/platform/ec/build/zephyr/moonstone-lcov]   /mnt/host/source/src/platform/ec/build/zephyr/moonstone/build-rw/modules/ec/zephyr/CMakeFiles/ec_shim.dir/shim/src/thermal.c.gcno:no functions found
[/mnt/host/source/src/platform/ec/build/zephyr/moonstone-lcov] stderr:
[tarkin:rw] [195/347] Building C object zephyr/lib/libc/minimal/CMakeFiles/lib__libc__minimal.dir/source/stdout/fprintf.c.obj
[rull:ro] [132/403] Building C object CMakeFiles/app.dir/src/board_power.c.obj
[tarkin:rw] [196/347] Building C object zephyr/lib/libc/minimal/CMakeFiles/lib__libc__minimal.dir/source/stdout/stdout_console.c.obj
[tarkin:rw] [197/347] Building C object zephyr/lib/libc/minimal/CMakeFiles/lib__libc__minimal.dir/source/math/sqrt.c.obj
[rull:ro] [133/403] Building C object CMakeFiles/app.dir/rull/src/board.c.obj
[tarkin:rw] [198/347] Building C object zephyr/lib/libc/common/CMakeFiles/lib__libc__common.dir/source/time/gmtime_r.c.obj
[/mnt/host/source/src/platform/ec/build/zephyr/moonstone-lcov]   /mnt/host/source/src/platform/ec/build/zephyr/moonstone/build-rw/modules/ec/zephyr/CMakeFiles/ec_shim.dir/shim/src/battery.c.gcno:no functions found
[/mnt/host/source/src/platform/ec/build/zephyr/moonstone-lcov] stderr:
[tarkin:rw] [199/347] Building C object zephyr/lib/libc/common/CMakeFiles/lib__libc__common.dir/source/time/asctime.c.obj
[tarkin:ro] [98/347] Building C object CMakeFiles/app.dir/tarkin/src/board_touchpanel.c.obj
[tarkin:ro] [99/347] Building C object zephyr/CMakeFiles/zephyr.dir/lib/libc/validate_libc.c.obj
[rull:rw] [116/403] Building C object CMakeFiles/app.dir/mnt/host/source/src/platform/ec/build/zephyr/rull/modules/ec/zephyr/shim/src/tcpc.c.obj
[npcx9:rw] [36/321] Building C object zephyr/CMakeFiles/zephyr.dir/subsys/logging/log_minimal.c.obj
[tarkin:rw] [200/347] Building C object zephyr/lib/libc/common/CMakeFiles/lib__libc__common.dir/source/time/localtime_r_utc.c.obj
[tarkin:ro] [100/347] Building C object CMakeFiles/app.dir/tarkin/src/charger.c.obj
[tarkin:rw] [201/347] Building C object zephyr/lib/libc/common/CMakeFiles/lib__libc__common.dir/source/time/ctime.c.obj
[rull:rw] [117/403] Building C object CMakeFiles/app.dir/mnt/host/source/src/platform/ec/build/zephyr/rull/modules/ec/common/usb_pd_host_cmd_common.c.obj
[tarkin:rw] [202/347] Building C object zephyr/lib/libc/common/CMakeFiles/lib__libc__common.dir/source/stdlib/abort.c.obj
[tarkin:rw] [203/347] Building C object zephyr/lib/libc/minimal/CMakeFiles/lib__libc__minimal.dir/source/time/gmtime.c.obj
[/mnt/host/source/src/platform/ec/build/zephyr/xivu-lcov]   /mnt/host/source/src/platform/ec/build/zephyr/xivu/build-rw/modules/ec/zephyr/CMakeFiles/ec_shim.dir/shim/src/usba.c.gcno:no functions found
[/mnt/host/source/src/platform/ec/build/zephyr/xivu-lcov] stderr:
[tarkin:ro] [101/347] Linking C static library app/libapp.a
[tarkin:rw] [204/347] Linking C static library zephyr/lib/libc/minimal/liblib__libc__minimal.a
[tarkin:rw] [205/347] Building C object zephyr/lib/libc/common/CMakeFiles/lib__libc__common.dir/source/string/strnlen.c.obj
[tarkin:rw] [206/347] Building C object zephyr/lib/libc/common/CMakeFiles/lib__libc__common.dir/source/time/time.c.obj
[rull:ro] [134/403] Building C object CMakeFiles/app.dir/rull/src/usb_mux_config.c.obj
[rull:ro] [135/403] Building C object CMakeFiles/app.dir/rull/src/sub_board.c.obj
[tarkin:rw] [207/347] Building C object zephyr/lib/posix/c_lib_ext/CMakeFiles/lib__posix__c_lib_ext.dir/fnmatch.c.obj
[rull:ro] [136/403] Building C object CMakeFiles/app.dir/rull/src/board_touchpanal.c.obj
[tarkin:ro] [102/347] Building C object zephyr/CMakeFiles/zephyr.dir/lib/heap/heap.c.obj
[npcx9:rw] [37/321] Building C object zephyr/CMakeFiles/zephyr.dir/subsys/mem_mgmt/mem_attr.c.obj
[tarkin:rw] [208/347] Building C object zephyr/lib/libc/common/CMakeFiles/lib__libc__common.dir/source/stdlib/malloc.c.obj
[/mnt/host/source/src/platform/ec/build/zephyr/moonstone-lcov]   /mnt/host/source/src/platform/ec/build/zephyr/moonstone/build-rw/modules/ec/zephyr/CMakeFiles/ec_shim.dir/shim/src/charger.c.gcno:no functions found
[/mnt/host/source/src/platform/ec/build/zephyr/moonstone-lcov] stderr:
[tarkin:rw] [209/347] Linking C static library zephyr/lib/libc/common/liblib__libc__common.a
[rull:rw] [118/403] Building C object CMakeFiles/app.dir/mnt/host/source/src/platform/ec/build/zephyr/rull/modules/ec/common/usbc/svdm_rsp_dfp_only.c.obj
[tarkin:ro] [103/347] Building C object zephyr/CMakeFiles/zephyr.dir/lib/os/cbprintf_packaged.c.obj
[rull:rw] [119/403] Building C object CMakeFiles/app.dir/mnt/host/source/src/platform/ec/build/zephyr/rull/modules/ec/common/usbc_ocp.c.obj
[tarkin:rw] [210/347] Building C object zephyr/lib/posix/c_lib_ext/CMakeFiles/lib__posix__c_lib_ext.dir/getentropy.c.obj
[tarkin:ro] [104/347] Building C object zephyr/CMakeFiles/zephyr.dir/lib/os/clock.c.obj
[tarkin:rw] [211/347] Building C object zephyr/lib/posix/c_lib_ext/CMakeFiles/lib__posix__c_lib_ext.dir/getopt_shim.c.obj
[tarkin:rw] [212/347] Building C object zephyr/lib/smf/CMakeFiles/lib__smf.dir/smf.c.obj
[rull:ro] [137/403] Building C object CMakeFiles/app.dir/rull/src/charger.c.obj
[tarkin:rw] [213/347] Linking C static library zephyr/lib/posix/c_lib_ext/liblib__posix__c_lib_ext.a
[tarkin:rw] [214/347] Linking C static library zephyr/lib/smf/liblib__smf.a
[rull:ro] [138/403] Building C object CMakeFiles/app.dir/rull/src/usbc.c.obj
[tarkin:ro] [105/347] Building C object zephyr/CMakeFiles/zephyr.dir/lib/os/printk.c.obj
[tarkin:rw] [215/347] Building C object zephyr/subsys/crc/CMakeFiles/subsys__crc.dir/crc4_sw.c.obj
[rull:ro] [139/403] Building C object CMakeFiles/app.dir/rull/src/keyboard_customization.c.obj
[tarkin:rw] [216/347] Building C object zephyr/subsys/crc/CMakeFiles/subsys__crc.dir/crc8_sw.c.obj
[npcx9:rw] [38/321] Building C object zephyr/CMakeFiles/zephyr.dir/subsys/pm/pm.c.obj
[tarkin:ro] [106/347] Building C object zephyr/CMakeFiles/zephyr.dir/lib/os/sem.c.obj
[tarkin:rw] [217/347] Building C object zephyr/subsys/mgmt/ec_host_cmd/CMakeFiles/subsys__mgmt__ec_host_cmd.dir/ec_host_cmd_handler.c.obj
[tarkin:rw] [218/347] Building C object zephyr/subsys/crc/CMakeFiles/subsys__crc.dir/crc16_sw.c.obj
[tarkin:rw] [219/347] Linking C static library zephyr/subsys/mgmt/ec_host_cmd/libsubsys__mgmt__ec_host_cmd.a
[tarkin:rw] [220/347] Building C object zephyr/subsys/crc/CMakeFiles/subsys__crc.dir/crc7_sw.c.obj
[rull:ro] [140/403] Linking C static library app/libapp.a
[tarkin:rw] [221/347] Building C object zephyr/subsys/crc/CMakeFiles/subsys__crc.dir/crc24_sw.c.obj
[tarkin:rw] [222/347] Building C object zephyr/subsys/mgmt/ec_host_cmd/backends/CMakeFiles/subsys__mgmt__ec_host_cmd__backends.dir/ec_host_cmd_backend_shi_ite.c.obj
[tarkin:rw] [223/347] Building C object zephyr/subsys/crc/CMakeFiles/subsys__crc.dir/crc32c_sw.c.obj
[rull:rw] [120/403] Building C object CMakeFiles/app.dir/mnt/host/source/src/platform/ec/build/zephyr/rull/modules/ec/common/usb_pd_discovery.c.obj
[tarkin:ro] [107/347] Building C object zephyr/CMakeFiles/zephyr.dir/lib/os/thread_entry.c.obj
[rull:ro] [141/403] Building C object zephyr/CMakeFiles/zephyr.dir/lib/libc/validate_libc.c.obj
[tarkin:rw] [224/347] Building C object zephyr/subsys/crc/CMakeFiles/subsys__crc.dir/crc32_sw.c.obj
[tarkin:rw] [225/347] Linking C static library zephyr/subsys/mgmt/ec_host_cmd/backends/libsubsys__mgmt__ec_host_cmd__backends.a
[npcx9:rw] [39/321] Building C object zephyr/CMakeFiles/zephyr.dir/subsys/pm/state.c.obj
[tarkin:rw] [226/347] Building C object zephyr/subsys/crc/CMakeFiles/subsys__crc.dir/crc32k_4_2_sw.c.obj
[tarkin:ro] [108/347] Building C object zephyr/CMakeFiles/zephyr.dir/lib/os/cbprintf_nano.c.obj
[rull:ro] [142/403] Building C object zephyr/CMakeFiles/zephyr.dir/lib/heap/heap.c.obj
[rull:rw] [121/403] Building C object CMakeFiles/app.dir/mnt/host/source/src/platform/ec/build/zephyr/rull/modules/ec/common/usb_pd_dual_role.c.obj
[tarkin:rw] [227/347] Linking C static library zephyr/subsys/crc/libsubsys__crc.a
[tarkin:ro] [109/347] Building C object zephyr/CMakeFiles/zephyr.dir/lib/os/cbprintf.c.obj
[tarkin:ro] [110/347] Building C object zephyr/CMakeFiles/zephyr.dir/lib/utils/dec.c.obj
[tarkin:ro] [111/347] Building C object zephyr/CMakeFiles/zephyr.dir/lib/os/assert.c.obj
[/mnt/host/source/src/platform/ec/build/zephyr/moonstone-lcov]   /mnt/host/source/src/platform/ec/build/zephyr/moonstone/build-rw/modules/ec/zephyr/CMakeFiles/ec_shim.dir/shim/src/usba.c.gcno:no functions found
[/mnt/host/source/src/platform/ec/build/zephyr/moonstone-lcov] stderr:
[tarkin:ro] [112/347] Building C object zephyr/CMakeFiles/zephyr.dir/lib/utils/hex.c.obj
[rull:ro] [143/403] Building C object zephyr/CMakeFiles/zephyr.dir/lib/os/clock.c.obj
[tarkin:rw] [228/347] Building C object zephyr/drivers/interrupt_controller/CMakeFiles/drivers__interrupt_controller.dir/intc_ite_it8xxx2_v2.c.obj
[rull:ro] [144/403] Building C object zephyr/CMakeFiles/zephyr.dir/lib/os/cbprintf_packaged.c.obj
[tarkin:rw] [229/347] Building C object zephyr/drivers/interrupt_controller/CMakeFiles/drivers__interrupt_controller.dir/wuc_ite_it8xxx2.c.obj
[tarkin:rw] [230/347] Building C object zephyr/drivers/adc/CMakeFiles/drivers__adc.dir/adc_common.c.obj
[npcx9:rw] [40/321] Building C object zephyr/CMakeFiles/zephyr.dir/subsys/pm/policy/policy_events.c.obj
[tarkin:rw] [231/347] Linking C static library zephyr/drivers/interrupt_controller/libdrivers__interrupt_controller.a
[rull:ro] [145/403] Building C object zephyr/CMakeFiles/zephyr.dir/lib/os/printk.c.obj
[rull:rw] [122/403] Building C object CMakeFiles/app.dir/mnt/host/source/src/platform/ec/build/zephyr/rull/modules/ec/driver/tcpm/tcpci.c.obj
[tarkin:ro] [113/347] Building C object zephyr/CMakeFiles/zephyr.dir/lib/utils/timeutil.c.obj
[rull:rw] [123/403] Building C object CMakeFiles/app.dir/mnt/host/source/src/platform/ec/build/zephyr/rull/modules/ec/driver/tcpm/ite_pd_intc.c.obj
[rull:ro] [146/403] Building C object zephyr/CMakeFiles/zephyr.dir/lib/os/sem.c.obj
[tarkin:rw] [232/347] Building C object zephyr/drivers/adc/CMakeFiles/drivers__adc.dir/adc_ite_it8xxx2.c.obj
[tarkin:ro] [114/347] Building C object zephyr/CMakeFiles/zephyr.dir/lib/utils/rb.c.obj
[tarkin:rw] [233/347] Linking C static library zephyr/drivers/adc/libdrivers__adc.a
[tarkin:ro] [115/347] Building C object zephyr/CMakeFiles/zephyr.dir/lib/utils/bitmask.c.obj
[tarkin:rw] [234/347] Building C object zephyr/drivers/bbram/CMakeFiles/drivers__bbram.dir/bbram_it8xxx2.c.obj
[npcx9:rw] [41/321] Building C object zephyr/CMakeFiles/zephyr.dir/subsys/pm/policy/policy_latency.c.obj
[tarkin:rw] [235/347] Linking C static library zephyr/drivers/bbram/libdrivers__bbram.a
[rull:ro] [147/403] Building C object zephyr/CMakeFiles/zephyr.dir/lib/os/thread_entry.c.obj
[tarkin:rw] [236/347] Building C object zephyr/drivers/console/CMakeFiles/drivers__console.dir/uart_console.c.obj
[rull:ro] [148/403] Building C object zephyr/CMakeFiles/zephyr.dir/lib/os/cbprintf_nano.c.obj
[tarkin:rw] [237/347] Building C object zephyr/drivers/crypto/CMakeFiles/drivers__crypto.dir/crypto_it8xxx2_sha_v2.c.obj
[tarkin:rw] [238/347] Linking C static library zephyr/drivers/console/libdrivers__console.a
[tarkin:ro] [116/347] Building C object zephyr/CMakeFiles/zephyr.dir/lib/utils/bitarray.c.obj
[/mnt/host/source/src/platform/ec/build/zephyr/xivu-lcov]   /mnt/host/source/src/platform/ec/build/zephyr/xivu/build-rw/modules/ec/zephyr/CMakeFiles/ec_shim.dir/shim/src/bc12.c.gcno:no functions found
[/mnt/host/source/src/platform/ec/build/zephyr/xivu-lcov] stderr:
[tarkin:rw] [239/347] Linking C static library zephyr/drivers/crypto/libdrivers__crypto.a
[rull:ro] [149/403] Building C object zephyr/CMakeFiles/zephyr.dir/lib/utils/dec.c.obj
[rull:ro] [150/403] Building C object zephyr/CMakeFiles/zephyr.dir/lib/os/cbprintf.c.obj
[tarkin:ro] [117/347] Building C object zephyr/CMakeFiles/zephyr.dir/lib/utils/ring_buffer.c.obj
[rull:rw] [124/403] Building C object CMakeFiles/app.dir/mnt/host/source/src/platform/ec/build/zephyr/rull/modules/ec/driver/tcpm/it8xxx2.c.obj
[tarkin:ro] [118/347] Building C object zephyr/CMakeFiles/zephyr.dir/lib/utils/getopt/getopt.c.obj
[/mnt/host/source/src/platform/ec/build/zephyr/moonstone-lcov]   /mnt/host/source/src/platform/ec/build/zephyr/moonstone/build-rw/modules/ec/zephyr/CMakeFiles/ec_shim.dir/drivers/keyboard_input/keyboard_customization_check.c.gcno:no functions found
[/mnt/host/source/src/platform/ec/build/zephyr/moonstone-lcov] stderr:
[tarkin:ro] [119/347] Building C object zephyr/CMakeFiles/zephyr.dir/lib/utils/last_section_id.c.obj
[rull:rw] [125/403] Building C object CMakeFiles/app.dir/mnt/host/source/src/platform/ec/build/zephyr/rull/modules/ec/common/usbc_ppc.c.obj
[npcx9:rw] [42/321] Building C object zephyr/CMakeFiles/zephyr.dir/subsys/pm/policy/policy_state_lock.c.obj
[rull:ro] [151/403] Building C object zephyr/CMakeFiles/zephyr.dir/lib/utils/hex.c.obj
[rull:ro] [152/403] Building C object zephyr/CMakeFiles/zephyr.dir/lib/os/assert.c.obj
[tarkin:ro] [120/347] Building C object zephyr/CMakeFiles/zephyr.dir/lib/utils/getopt/getopt_common.c.obj
[tarkin:rw] [240/347] Building C object zephyr/drivers/flash/CMakeFiles/drivers__flash.dir/flash_ite_it8xxx2.c.obj
[tarkin:rw] [241/347] Linking C static library zephyr/drivers/flash/libdrivers__flash.a
[tarkin:rw] [242/347] Building C object zephyr/drivers/i2c/CMakeFiles/drivers__i2c.dir/i2c_bitbang.c.obj
[tarkin:rw] [243/347] Building C object zephyr/drivers/i2c/CMakeFiles/drivers__i2c.dir/i2c_common.c.obj
[tarkin:ro] [121/347] Building ASM object zephyr/CMakeFiles/zephyr.dir/soc/ite/ec/common/soc_irq.S.obj
[tarkin:ro] [122/347] Building C object zephyr/CMakeFiles/zephyr.dir/misc/generated/configs.c.obj
[rull:ro] [153/403] Building C object zephyr/CMakeFiles/zephyr.dir/lib/utils/timeutil.c.obj
[rull:ro] [154/403] Building C object zephyr/CMakeFiles/zephyr.dir/lib/utils/rb.c.obj
[rull:ro] [155/403] Building C object zephyr/CMakeFiles/zephyr.dir/lib/utils/bitmask.c.obj
[rull:ro] [156/403] Building C object zephyr/CMakeFiles/zephyr.dir/lib/utils/bitarray.c.obj
[tarkin:ro] [123/347] Building C object zephyr/CMakeFiles/zephyr.dir/soc/ite/ec/common/soc_common_irq.c.obj
[npcx9:rw] [43/321] Building C object zephyr/CMakeFiles/zephyr.dir/subsys/pm/device.c.obj
[tarkin:rw] [244/347] Building C object zephyr/drivers/pinctrl/CMakeFiles/drivers__pinctrl.dir/common.c.obj
[rull:rw] [126/403] Building C object CMakeFiles/app.dir/mnt/host/source/src/platform/ec/build/zephyr/rull/modules/ec/common/vboot_hash.c.obj
[tarkin:rw] [245/347] Building C object zephyr/drivers/gpio/CMakeFiles/drivers__gpio.dir/gpio_ite_it8xxx2_v2.c.obj
[tarkin:ro] [124/347] Building C object zephyr/CMakeFiles/zephyr.dir/soc/ite/ec/common/power.c.obj
[rull:rw] [127/403] Building C object CMakeFiles/app.dir/mnt/host/source/src/platform/ec/build/zephyr/rull/modules/ec/driver/ppc/syv682x.c.obj
[tarkin:ro] [125/347] Building C object zephyr/CMakeFiles/zephyr.dir/soc/ite/ec/common/policy.c.obj
[tarkin:rw] [246/347] Building C object zephyr/drivers/i2c/CMakeFiles/drivers__i2c.dir/i2c_shell.c.obj
[tarkin:rw] [247/347] Linking C static library zephyr/drivers/gpio/libdrivers__gpio.a
[rull:ro] [157/403] Building C object zephyr/CMakeFiles/zephyr.dir/lib/utils/ring_buffer.c.obj
[rull:ro] [158/403] Building C object zephyr/CMakeFiles/zephyr.dir/lib/utils/getopt/getopt.c.obj
[rull:ro] [159/403] Building C object zephyr/CMakeFiles/zephyr.dir/lib/utils/last_section_id.c.obj
[tarkin:rw] [248/347] Building C object zephyr/drivers/i2c/CMakeFiles/drivers__i2c.dir/i2c_ite_enhance.c.obj
[rull:ro] [160/403] Building C object zephyr/CMakeFiles/zephyr.dir/lib/utils/getopt/getopt_common.c.obj
[tarkin:ro] [126/347] Building ASM object zephyr/CMakeFiles/zephyr.dir/soc/ite/ec/it8xxx2/vector.S.obj
[tarkin:rw] [249/347] Linking C static library zephyr/drivers/i2c/libdrivers__i2c.a
[rull:ro] [161/403] Building C object zephyr/CMakeFiles/zephyr.dir/misc/generated/configs.c.obj
[npcx9:rw] [44/321] Building C object zephyr/CMakeFiles/zephyr.dir/subsys/pm/device_system_managed.c.obj
[tarkin:ro] [127/347] Building C object zephyr/CMakeFiles/zephyr.dir/soc/ite/ec/it8xxx2/soc.c.obj
[tarkin:ro] [128/347] Building C object zephyr/CMakeFiles/zephyr.dir/soc/ite/ec/it8xxx2/check_regs.c.obj
[rull:ro] [162/403] Building ASM object zephyr/CMakeFiles/zephyr.dir/soc/ite/ec/common/soc_irq.S.obj
[tarkin:rw] [250/347] Building C object zephyr/drivers/pwm/CMakeFiles/drivers__pwm.dir/pwm_shell.c.obj
[/mnt/host/source/src/platform/ec/build/zephyr/moonstone-lcov]   /mnt/host/source/src/platform/ec/build/zephyr/moonstone/build-rw/modules/ec/zephyr/drivers/pw_transport/CMakeFiles/pw_transport.proto.nanopb.dir/pw_transport.proto/nanopb/pw_transport/proto/transport.pb.c.gcno:no functions found
[/mnt/host/source/src/platform/ec/build/zephyr/moonstone-lcov] stderr:
[tarkin:rw] [251/347] Building C object zephyr/drivers/pinctrl/CMakeFiles/drivers__pinctrl.dir/pinctrl_ite_it8xxx2.c.obj
[rull:rw] [128/403] Building C object CMakeFiles/app.dir/mnt/host/source/src/platform/ec/build/zephyr/rull/modules/ec/common/vstore.c.obj
[tarkin:rw] [252/347] Building C object zephyr/drivers/pwm/CMakeFiles/drivers__pwm.dir/pwm_ite_it8xxx2.c.obj
[tarkin:rw] [253/347] Linking C static library zephyr/drivers/pinctrl/libdrivers__pinctrl.a
[rull:rw] [129/403] Building C object CMakeFiles/app.dir/mnt/host/source/src/platform/ec/build/zephyr/rull/modules/ec/common/vboot/efs2.c.obj
[tarkin:rw] [254/347] Linking C static library zephyr/drivers/pwm/libdrivers__pwm.a
[rull:ro] [163/403] Building C object zephyr/CMakeFiles/zephyr.dir/soc/ite/ec/common/soc_common_irq.c.obj
[tarkin:rw] [255/347] Building C object zephyr/drivers/syscon/CMakeFiles/drivers__syscon.dir/mnt/host/source/src/third_party/zephyr/main/misc/empty_file.c.obj
[tarkin:rw] [256/347] Linking C static library zephyr/drivers/syscon/libdrivers__syscon.a
[tarkin:rw] [257/347] Building C object zephyr/drivers/serial/CMakeFiles/drivers__serial.dir/uart_ite_it8xxx2.c.obj
[rull:ro] [164/403] Building C object zephyr/CMakeFiles/zephyr.dir/soc/ite/ec/common/power.c.obj
[tarkin:ro] [129/347] Building C object zephyr/CMakeFiles/zephyr.dir/subsys/logging/log_minimal.c.obj
[npcx9:rw] [45/321] Building C object zephyr/CMakeFiles/zephyr.dir/subsys/testsuite/coverage/coverage.c.obj
[tarkin:ro] [130/347] Building C object zephyr/CMakeFiles/zephyr.dir/soc/ite/ec/it8xxx2/ilm.c.obj
[rull:ro] [165/403] Building C object zephyr/CMakeFiles/zephyr.dir/soc/ite/ec/common/policy.c.obj
[tarkin:ro] [131/347] Building C object zephyr/CMakeFiles/zephyr.dir/subsys/pm/pm.c.obj
[rull:rw] [130/403] Building C object CMakeFiles/app.dir/mnt/host/source/src/platform/ec/build/zephyr/rull/modules/ec/common/math_util.c.obj
[tarkin:rw] [258/347] Building C object zephyr/drivers/timer/CMakeFiles/drivers__timer.dir/sys_clock_init.c.obj
[tarkin:rw] [259/347] Building C object zephyr/drivers/serial/CMakeFiles/drivers__serial.dir/uart_ns16550.c.obj
[tarkin:rw] [260/347] Linking C static library zephyr/drivers/serial/libdrivers__serial.a
[rull:ro] [166/403] Building C object zephyr/CMakeFiles/zephyr.dir/soc/ite/ec/it8xxx2/check_regs.c.obj
[tarkin:ro] [132/347] Building C object zephyr/CMakeFiles/zephyr.dir/subsys/pm/state.c.obj
[rull:ro] [167/403] Building C object zephyr/CMakeFiles/zephyr.dir/soc/ite/ec/it8xxx2/soc.c.obj
[tarkin:rw] [261/347] Building C object zephyr/drivers/timer/CMakeFiles/drivers__timer.dir/ite_it8xxx2_timer.c.obj
[rull:ro] [168/403] Building ASM object zephyr/CMakeFiles/zephyr.dir/soc/ite/ec/it8xxx2/vector.S.obj
[npcx9:rw] [46/321] Building C object zephyr/CMakeFiles/zephyr.dir/subsys/tracing/tracing_none.c.obj
[tarkin:rw] [262/347] Linking C static library zephyr/drivers/timer/libdrivers__timer.a
[rull:rw] [131/403] Building C object CMakeFiles/app.dir/src/common.c.obj
[tarkin:rw] [263/347] Building C object zephyr/drivers/watchdog/CMakeFiles/drivers__watchdog.dir/wdt_ite_it8xxx2.c.obj
[rull:ro] [169/403] Building ASM object zephyr/CMakeFiles/zephyr.dir/soc/ite/ec/it8xxx2/__arithmetic.S.obj
[tarkin:ro] [133/347] Building C object zephyr/CMakeFiles/zephyr.dir/subsys/pm/policy/policy_events.c.obj
[tarkin:ro] [134/347] Building C object zephyr/CMakeFiles/zephyr.dir/subsys/pm/policy/policy_latency.c.obj
[tarkin:rw] [264/347] Building C object zephyr/drivers/watchdog/CMakeFiles/drivers__watchdog.dir/wdt_shell.c.obj
[tarkin:ro] [135/347] Building C object zephyr/CMakeFiles/zephyr.dir/subsys/pm/policy/policy_state_lock.c.obj
[rull:rw] [132/403] Building C object CMakeFiles/app.dir/src/board_power.c.obj
[tarkin:rw] [265/347] Linking C static library zephyr/drivers/watchdog/libdrivers__watchdog.a
[rull:ro] [170/403] Building C object zephyr/CMakeFiles/zephyr.dir/subsys/logging/log_minimal.c.obj
[rull:ro] [171/403] Building C object zephyr/CMakeFiles/zephyr.dir/soc/ite/ec/it8xxx2/ilm.c.obj
[npcx9:rw] [47/321] Building C object zephyr/CMakeFiles/zephyr.dir/subsys/tracing/user/tracing_user.c.obj
[tarkin:rw] [266/347] Building C object modules/ec/zephyr/CMakeFiles/ec_shim.dir/app/ec/main_shim.c.obj
[tarkin:ro] [136/347] Building C object zephyr/CMakeFiles/zephyr.dir/subsys/pm/device_system_managed.c.obj
[tarkin:rw] [267/347] Building C object modules/ec/zephyr/CMakeFiles/ec_shim.dir/app/ec/ec_app_main.c.obj
[rull:ro] [172/403] Building C object zephyr/CMakeFiles/zephyr.dir/subsys/pm/pm.c.obj
[tarkin:ro] [137/347] Building C object zephyr/CMakeFiles/zephyr.dir/subsys/pm/device.c.obj
[rull:rw] [133/403] Building C object CMakeFiles/app.dir/rull/src/board.c.obj
[tarkin:rw] [268/347] Building C object modules/ec/zephyr/CMakeFiles/ec_shim.dir/drivers/cros_flash/cros_flash_it8xxx2.c.obj
[rull:ro] [173/403] Building C object zephyr/CMakeFiles/zephyr.dir/subsys/pm/state.c.obj
[rull:ro] [174/403] Building C object zephyr/CMakeFiles/zephyr.dir/subsys/pm/policy/policy_events.c.obj
[tarkin:ro] [138/347] Building C object zephyr/CMakeFiles/zephyr.dir/subsys/testsuite/coverage/coverage.c.obj
[tarkin:rw] [269/347] Building C object modules/ec/zephyr/CMakeFiles/ec_shim.dir/drivers/cros_kb_raw/cros_kb_raw_ite.c.obj
[npcx9:rw] [48/321] Building C object zephyr/CMakeFiles/zephyr.dir/subsys/shell/modules/kernel_service/kernel_shell.c.obj
[rull:ro] [175/403] Building C object zephyr/CMakeFiles/zephyr.dir/subsys/pm/policy/policy_latency.c.obj
[tarkin:ro] [139/347] Building C object zephyr/CMakeFiles/zephyr.dir/subsys/tracing/tracing_none.c.obj
[rull:rw] [134/403] Building C object CMakeFiles/app.dir/rull/src/sub_board.c.obj
[tarkin:rw] [270/347] Building C object modules/ec/zephyr/CMakeFiles/ec_shim.dir/drivers/cros_kblight/pwm_kblight.c.obj
[tarkin:ro] [140/347] Building C object zephyr/CMakeFiles/zephyr.dir/subsys/shell/modules/kernel_service/kernel_shell.c.obj
[/mnt/host/source/src/platform/ec/build/zephyr/francka-lcov]   /mnt/host/source/src/platform/ec/build/zephyr/francka/build-rw/zephyr/CMakeFiles/zephyr.dir/soc/nuvoton/npcx/common/npcxn/registers.c.gcno:no functions found
[/mnt/host/source/src/platform/ec/build/zephyr/francka-lcov] stderr:
[rull:ro] [176/403] Building C object zephyr/CMakeFiles/zephyr.dir/subsys/pm/policy/policy_state_lock.c.obj
[tarkin:rw] [271/347] Building C object modules/ec/zephyr/CMakeFiles/ec_shim.dir/drivers/cros_system/cros_system_it8xxx2.c.obj
[rull:ro] [177/403] Building C object zephyr/CMakeFiles/zephyr.dir/subsys/pm/device.c.obj
[tarkin:rw] [272/347] Building C object modules/ec/zephyr/CMakeFiles/ec_shim.dir/drivers/usbc/ucsi_v3.c.obj
[tarkin:ro] [141/347] Building C object zephyr/CMakeFiles/zephyr.dir/subsys/shell/modules/kernel_service/cycles.c.obj
[npcx9:rw] [49/321] Building C object zephyr/CMakeFiles/zephyr.dir/subsys/shell/modules/kernel_service/cycles.c.obj
[rull:rw] [135/403] Building C object CMakeFiles/app.dir/rull/src/usb_mux_config.c.obj
[rull:ro] [178/403] Building C object zephyr/CMakeFiles/zephyr.dir/subsys/pm/device_runtime.c.obj
[tarkin:ro] [142/347] Building C object zephyr/CMakeFiles/zephyr.dir/subsys/shell/modules/kernel_service/sleep.c.obj
[tarkin:ro] [143/347] Building C object zephyr/CMakeFiles/zephyr.dir/subsys/shell/modules/kernel_service/uptime.c.obj
[tarkin:rw] [273/347] Building C object modules/ec/zephyr/CMakeFiles/ec_shim.dir/shim/chip/it8xxx2/clock.c.obj
[rull:ro] [179/403] Building C object zephyr/CMakeFiles/zephyr.dir/subsys/pm/device_system_managed.c.obj
[rull:rw] [136/403] Building C object CMakeFiles/app.dir/rull/src/board_touchpanal.c.obj
[rull:ro] [180/403] Building C object zephyr/CMakeFiles/zephyr.dir/subsys/testsuite/coverage/coverage.c.obj
[tarkin:rw] [274/347] Building C object modules/ec/zephyr/CMakeFiles/ec_shim.dir/shim/chip/it8xxx2/system.c.obj
[tarkin:ro] [144/347] Building C object zephyr/CMakeFiles/zephyr.dir/subsys/shell/modules/kernel_service/version.c.obj
[npcx9:rw] [50/321] Building C object zephyr/CMakeFiles/zephyr.dir/subsys/shell/modules/kernel_service/sleep.c.obj
[tarkin:rw] [275/347] Building C object modules/ec/zephyr/CMakeFiles/ec_shim.dir/drivers/usbc/pdc_rts54xx.c.obj
[rull:ro] [181/403] Building C object zephyr/CMakeFiles/zephyr.dir/subsys/tracing/tracing_none.c.obj
[tarkin:ro] [145/347] Building C object zephyr/CMakeFiles/zephyr.dir/subsys/shell/modules/kernel_service/thread/thread.c.obj
[tarkin:ro] [146/347] Building C object zephyr/CMakeFiles/zephyr.dir/subsys/shell/modules/kernel_service/thread/list.c.obj
[rull:rw] [137/403] Building C object CMakeFiles/app.dir/rull/src/usbc.c.obj
[rull:ro] [182/403] Building C object zephyr/CMakeFiles/zephyr.dir/subsys/shell/modules/kernel_service/kernel_shell.c.obj
[tarkin:rw] [276/347] Building C object modules/ec/zephyr/CMakeFiles/ec_shim.dir/shim/chip/it8xxx2/keyboard_raw.c.obj
[tarkin:rw] [277/347] Building C object modules/ec/zephyr/CMakeFiles/ec_shim.dir/shim/chip/it8xxx2/gpio.c.obj
[rull:ro] [183/403] Building C object zephyr/CMakeFiles/zephyr.dir/subsys/shell/modules/kernel_service/cycles.c.obj
[rull:rw] [138/403] Building C object CMakeFiles/app.dir/rull/src/charger.c.obj
[tarkin:ro] [147/347] Building C object zephyr/CMakeFiles/zephyr.dir/subsys/shell/modules/kernel_service/thread/stacks.c.obj
[tarkin:rw] [278/347] Building C object modules/ec/zephyr/CMakeFiles/ec_shim.dir/shim/src/crc.c.obj
[npcx9:rw] [51/321] Building C object zephyr/CMakeFiles/zephyr.dir/subsys/shell/modules/kernel_service/uptime.c.obj
[rull:ro] [184/403] Building C object zephyr/CMakeFiles/zephyr.dir/subsys/shell/modules/kernel_service/sleep.c.obj
[tarkin:rw] [279/347] Building C object modules/ec/zephyr/CMakeFiles/ec_shim.dir/shim/chip/it8xxx2/power_policy.c.obj
[tarkin:rw] [280/347] Building C object modules/ec/zephyr/CMakeFiles/ec_shim.dir/shim/chip/it8xxx2/shi.c.obj
[rull:ro] [185/403] Building C object zephyr/CMakeFiles/zephyr.dir/subsys/shell/modules/kernel_service/uptime.c.obj
[tarkin:ro] [148/347] Building C object zephyr/CMakeFiles/zephyr.dir/subsys/shell/modules/kernel_service/thread/suspend.c.obj
[tarkin:ro] [149/347] Building C object zephyr/CMakeFiles/zephyr.dir/subsys/shell/modules/kernel_service/thread/unwind.c.obj
[rull:rw] [139/403] Building C object CMakeFiles/app.dir/rull/src/keyboard_customization.c.obj
[tarkin:rw] [281/347] Building C object modules/ec/zephyr/CMakeFiles/ec_shim.dir/shim/src/console.c.obj
[rull:ro] [186/403] Building C object zephyr/CMakeFiles/zephyr.dir/subsys/shell/modules/kernel_service/version.c.obj
[rull:rw] [140/403] Building C object zephyr/CMakeFiles/zephyr.dir/lib/libc/validate_libc.c.obj
[tarkin:ro] [150/347] Building C object zephyr/CMakeFiles/zephyr.dir/subsys/shell/modules/kernel_service/thread/resume.c.obj
[npcx9:rw] [52/321] Building C object zephyr/CMakeFiles/zephyr.dir/subsys/shell/modules/kernel_service/version.c.obj
[rull:rw] [141/403] Linking C static library app/libapp.a
[rull:ro] [187/403] Building C object zephyr/CMakeFiles/zephyr.dir/subsys/shell/modules/kernel_service/thread/thread.c.obj
[tarkin:rw] [282/347] Building C object modules/ec/zephyr/CMakeFiles/ec_shim.dir/shim/src/panic_utils.c.obj
[rull:ro] [188/403] Building C object zephyr/CMakeFiles/zephyr.dir/subsys/shell/modules/kernel_service/thread/list.c.obj
[tarkin:ro] [151/347] Building C object zephyr/CMakeFiles/zephyr.dir/subsys/shell/modules/kernel_service/thread/kill.c.obj
[tarkin:rw] [283/347] Building C object modules/ec/zephyr/CMakeFiles/ec_shim.dir/shim/src/gpio.c.obj
[tarkin:rw] [284/347] Building C object modules/ec/zephyr/CMakeFiles/ec_shim.dir/shim/src/gpio_int.c.obj
[tarkin:ro] [152/347] Building C object zephyr/CMakeFiles/zephyr.dir/subsys/shell/backends/shell_uart.c.obj
[rull:ro] [189/403] Building C object zephyr/CMakeFiles/zephyr.dir/subsys/shell/modules/kernel_service/thread/stacks.c.obj
[rull:rw] [142/403] Building C object zephyr/CMakeFiles/zephyr.dir/lib/heap/heap.c.obj
[tarkin:rw] [285/347] Building C object modules/ec/zephyr/CMakeFiles/ec_shim.dir/shim/src/pm_state.c.obj
[rull:rw] [143/403] Building C object zephyr/CMakeFiles/zephyr.dir/lib/os/cbprintf_packaged.c.obj
[rull:ro] [190/403] Building C object zephyr/CMakeFiles/zephyr.dir/subsys/shell/modules/kernel_service/thread/unwind.c.obj
[npcx9:rw] [53/321] Building C object zephyr/CMakeFiles/zephyr.dir/subsys/shell/modules/kernel_service/thread/thread.c.obj
[rull:ro] [191/403] Building C object zephyr/CMakeFiles/zephyr.dir/subsys/shell/modules/kernel_service/thread/suspend.c.obj
[tarkin:rw] [286/347] Building C object modules/ec/zephyr/CMakeFiles/ec_shim.dir/shim/src/cbi/cros_cbi.c.obj
[tarkin:ro] [153/347] Building C object zephyr/CMakeFiles/zephyr.dir/subsys/shell/shell_fprintf.c.obj
[tarkin:ro] [154/347] Building C object zephyr/CMakeFiles/zephyr.dir/subsys/shell/shell.c.obj
[tarkin:rw] [287/347] Building C object modules/ec/zephyr/CMakeFiles/ec_shim.dir/shim/src/cbi/cros_cbi_fw_config.c.obj
[tarkin:rw] [288/347] Building C object modules/ec/zephyr/CMakeFiles/ec_shim.dir/shim/src/cbi/cbi_flash.c.obj
[rull:rw] [144/403] Building C object zephyr/CMakeFiles/zephyr.dir/lib/os/clock.c.obj
[rull:ro] [192/403] Building C object zephyr/CMakeFiles/zephyr.dir/subsys/shell/modules/kernel_service/thread/resume.c.obj
[tarkin:ro] [155/347] Building C object zephyr/CMakeFiles/zephyr.dir/subsys/shell/shell_utils.c.obj
[rull:ro] [193/403] Building C object zephyr/CMakeFiles/zephyr.dir/subsys/shell/modules/kernel_service/thread/kill.c.obj
[rull:rw] [145/403] Building C object zephyr/CMakeFiles/zephyr.dir/lib/os/printk.c.obj
[tarkin:rw] [289/347] Building C object modules/ec/zephyr/CMakeFiles/ec_shim.dir/shim/src/led_driver/led.c.obj
[npcx9:rw] [54/321] Building C object zephyr/CMakeFiles/zephyr.dir/subsys/shell/modules/kernel_service/thread/list.c.obj
[rull:ro] [194/403] Building C object zephyr/CMakeFiles/zephyr.dir/subsys/shell/modules/device_service.c.obj
[tarkin:ro] [156/347] Building C object zephyr/CMakeFiles/zephyr.dir/subsys/shell/shell_help.c.obj
[rull:rw] [146/403] Building C object zephyr/CMakeFiles/zephyr.dir/lib/os/sem.c.obj
[tarkin:rw] [290/347] Building C object modules/ec/zephyr/CMakeFiles/ec_shim.dir/shim/src/led_driver/led_pwm.c.obj
[tarkin:ro] [157/347] Building C object zephyr/CMakeFiles/zephyr.dir/subsys/shell/shell_ops.c.obj
[rull:ro] [195/403] Building C object zephyr/CMakeFiles/zephyr.dir/subsys/shell/modules/date_service.c.obj
[rull:rw] [147/403] Building C object zephyr/CMakeFiles/zephyr.dir/lib/os/thread_entry.c.obj
[tarkin:ro] [158/347] Building C object zephyr/CMakeFiles/zephyr.dir/subsys/shell/shell_history.c.obj
[rull:ro] [196/403] Building C object zephyr/CMakeFiles/zephyr.dir/subsys/shell/modules/devmem_service.c.obj
[tarkin:rw] [291/347] Building C object modules/ec/zephyr/CMakeFiles/ec_shim.dir/shim/src/pdc_shim.c.obj
[npcx9:rw] [55/321] Building C object zephyr/CMakeFiles/zephyr.dir/subsys/shell/modules/kernel_service/thread/stacks.c.obj
[tarkin:rw] [292/347] Building C object modules/ec/zephyr/CMakeFiles/ec_shim.dir/shim/src/system.c.obj
[rull:ro] [197/403] Building C object zephyr/CMakeFiles/zephyr.dir/subsys/shell/backends/shell_uart.c.obj
[tarkin:rw] [293/347] Building C object modules/ec/zephyr/CMakeFiles/ec_shim.dir/shim/src/adc.c.obj
[rull:rw] [148/403] Building C object zephyr/CMakeFiles/zephyr.dir/lib/os/cbprintf_nano.c.obj
[tarkin:ro] [159/347] Building C object zephyr/CMakeFiles/zephyr.dir/drivers/flash/flash_util.c.obj
[tarkin:ro] [160/347] Building C object zephyr/arch/common/CMakeFiles/arch__common.dir/sw_isr_common.c.obj
[tarkin:ro] [161/347] Building C object zephyr/arch/common/CMakeFiles/arch__common.dir/dynamic_isr.c.obj
[tarkin:rw] [294/347] Building C object modules/ec/zephyr/CMakeFiles/ec_shim.dir/shim/src/battery.c.obj
[rull:rw] [149/403] Building C object zephyr/CMakeFiles/zephyr.dir/lib/os/cbprintf.c.obj
[tarkin:ro] [162/347] Linking C static library zephyr/libzephyr.a
[rull:ro] [198/403] Building C object zephyr/CMakeFiles/zephyr.dir/subsys/shell/shell.c.obj
[rull:ro] [199/403] Building C object zephyr/CMakeFiles/zephyr.dir/subsys/shell/shell_fprintf.c.obj
[tarkin:rw] [295/347] Building C object modules/ec/zephyr/CMakeFiles/ec_shim.dir/shim/src/charger.c.obj
[npcx9:rw] [56/321] Building C object zephyr/CMakeFiles/zephyr.dir/subsys/shell/modules/kernel_service/thread/suspend.c.obj
[rull:rw] [150/403] Building C object zephyr/CMakeFiles/zephyr.dir/lib/utils/dec.c.obj
[tarkin:ro] [163/347] Building C object zephyr/arch/common/CMakeFiles/arch__common.dir/init.c.obj
[rull:ro] [200/403] Building C object zephyr/CMakeFiles/zephyr.dir/subsys/shell/shell_utils.c.obj
[tarkin:rw] [296/347] Building C object modules/ec/zephyr/CMakeFiles/ec_shim.dir/shim/src/hooks.c.obj
[rull:rw] [151/403] Building C object zephyr/CMakeFiles/zephyr.dir/lib/os/assert.c.obj
[rull:rw] [152/403] Building C object zephyr/CMakeFiles/zephyr.dir/lib/utils/hex.c.obj
[tarkin:rw] [297/347] Building C object modules/ec/zephyr/CMakeFiles/ec_shim.dir/shim/src/flash.c.obj
[tarkin:ro] [164/347] Building C object zephyr/arch/common/CMakeFiles/arch__common.dir/xip.c.obj
[tarkin:ro] [165/347] Building C object zephyr/arch/common/CMakeFiles/isr_tables.dir/isr_tables.c.obj
[tarkin:ro] [166/347] Linking C static library zephyr/arch/common/libisr_tables.a
[tarkin:rw] [298/347] Building C object modules/ec/zephyr/CMakeFiles/ec_shim.dir/shim/src/host_command.c.obj
[tarkin:ro] [167/347] Linking C static library zephyr/arch/common/libarch__common.a
[rull:ro] [201/403] Building C object zephyr/CMakeFiles/zephyr.dir/subsys/shell/shell_ops.c.obj
[rull:ro] [202/403] Building C object zephyr/CMakeFiles/zephyr.dir/subsys/shell/shell_help.c.obj
[/mnt/host/source/src/platform/ec/build/zephyr/francka-lcov]   /mnt/host/source/src/platform/ec/build/zephyr/francka/build-rw/zephyr/drivers/sensor/CMakeFiles/drivers__sensor.dir/mnt/host/source/src/third_party/zephyr/main/misc/empty_file.c.gcno:no functions found
[/mnt/host/source/src/platform/ec/build/zephyr/francka-lcov] Filter suppressions 'region':
[tarkin:ro] [168/347] Building C object zephyr/arch/arch/riscv/core/CMakeFiles/arch__riscv__core.dir/cpu_idle.c.obj
[rull:rw] [153/403] Building C object zephyr/CMakeFiles/zephyr.dir/lib/utils/timeutil.c.obj
[npcx9:rw] [57/321] Building C object zephyr/CMakeFiles/zephyr.dir/subsys/shell/modules/kernel_service/thread/resume.c.obj
[/mnt/host/source/src/platform/ec/build/zephyr/francka-lcov]     37 instances
[/mnt/host/source/src/platform/ec/build/zephyr/francka-lcov]     28 coverpoints
[/mnt/host/source/src/platform/ec/build/zephyr/francka-lcov] Message summary:
[/mnt/host/source/src/platform/ec/build/zephyr/francka-lcov]   26 ignore messages:
[/mnt/host/source/src/platform/ec/build/zephyr/francka-lcov]     gcov: 26
[tarkin:rw] [299/347] Building C object modules/ec/zephyr/CMakeFiles/ec_shim.dir/shim/src/console_buffer.c.obj
[tarkin:ro] [169/347] Building C object zephyr/arch/arch/riscv/core/CMakeFiles/arch__riscv__core.dir/prep_c.c.obj
[rull:ro] [203/403] Building C object zephyr/CMakeFiles/zephyr.dir/subsys/shell/shell_cmds.c.obj
[rull:rw] [154/403] Building C object zephyr/CMakeFiles/zephyr.dir/lib/utils/rb.c.obj
[tarkin:rw] [300/347] Building C object modules/ec/zephyr/CMakeFiles/ec_shim.dir/shim/src/keyscan.c.obj
[tarkin:rw] [301/347] Building C object modules/ec/zephyr/CMakeFiles/ec_shim.dir/shim/src/keyboard_raw.c.obj
[rull:rw] [155/403] Building C object zephyr/CMakeFiles/zephyr.dir/lib/utils/bitmask.c.obj
[tarkin:ro] [170/347] Building C object zephyr/arch/arch/riscv/core/CMakeFiles/arch__riscv__core.dir/fatal.c.obj
[rull:ro] [204/403] Building C object zephyr/CMakeFiles/zephyr.dir/subsys/shell/shell_history.c.obj
[tarkin:ro] [171/347] Building C object zephyr/arch/arch/riscv/core/CMakeFiles/arch__riscv__core.dir/irq_manage.c.obj
[rull:ro] [205/403] Building C object zephyr/CMakeFiles/zephyr.dir/subsys/shell/shell_wildcard.c.obj
[tarkin:rw] [302/347] Building C object modules/ec/zephyr/CMakeFiles/ec_shim.dir/shim/src/mkbp_event.c.obj
[rull:rw] [156/403] Building C object zephyr/CMakeFiles/zephyr.dir/lib/utils/bitarray.c.obj
[npcx9:rw] [58/321] Building C object zephyr/CMakeFiles/zephyr.dir/subsys/shell/modules/kernel_service/thread/kill.c.obj
[tarkin:rw] [303/347] Building C object modules/ec/zephyr/CMakeFiles/ec_shim.dir/shim/src/panic.c.obj
[tarkin:ro] [172/347] Building C object zephyr/arch/arch/riscv/core/CMakeFiles/arch__riscv__core.dir/reboot.c.obj
[rull:ro] [206/403] Building C object zephyr/CMakeFiles/zephyr.dir/drivers/flash/flash_util.c.obj
[rull:rw] [157/403] Building C object zephyr/CMakeFiles/zephyr.dir/lib/utils/getopt/getopt.c.obj
[rull:ro] [207/403] Linking C static library zephyr/libzephyr.a
[tarkin:rw] [304/347] Building C object modules/ec/zephyr/CMakeFiles/ec_shim.dir/shim/src/power.c.obj
[rull:rw] [158/403] Building C object zephyr/CMakeFiles/zephyr.dir/lib/utils/getopt/getopt_common.c.obj
[rull:rw] [159/403] Building C object zephyr/CMakeFiles/zephyr.dir/lib/utils/ring_buffer.c.obj
[rull:ro] [208/403] Building C object zephyr/arch/common/CMakeFiles/arch__common.dir/sw_isr_common.c.obj
[rull:ro] [209/403] Building C object zephyr/arch/common/CMakeFiles/arch__common.dir/dynamic_isr.c.obj
[tarkin:ro] [173/347] Building ASM object zephyr/arch/arch/riscv/core/CMakeFiles/arch__riscv__core.dir/switch.S.obj
[tarkin:rw] [305/347] Building C object modules/ec/zephyr/CMakeFiles/ec_shim.dir/shim/src/pwm_hc.c.obj
[tarkin:ro] [174/347] Building ASM object zephyr/arch/arch/riscv/core/CMakeFiles/arch__riscv__core.dir/reset.S.obj
[rull:rw] [160/403] Building C object zephyr/CMakeFiles/zephyr.dir/lib/utils/last_section_id.c.obj
[rull:rw] [161/403] Building C object zephyr/CMakeFiles/zephyr.dir/misc/generated/configs.c.obj
[/mnt/host/source/src/platform/ec/build/zephyr/moonstone-lcov]   /mnt/host/source/src/platform/ec/build/zephyr/moonstone/build-rw/modules/ec/zephyr/drivers/dsp_comms/CMakeFiles/dsp_comms.proto.nanopb.dir/dsp_comms.proto/nanopb/proto/ec_dsp.pb.c.gcno:no functions found
[/mnt/host/source/src/platform/ec/build/zephyr/moonstone-lcov] stderr:
[rull:rw] [162/403] Building ASM object zephyr/CMakeFiles/zephyr.dir/soc/ite/ec/common/soc_irq.S.obj
[rull:ro] [210/403] Building C object zephyr/arch/common/CMakeFiles/arch__common.dir/init.c.obj
[tarkin:rw] [306/347] Building C object modules/ec/zephyr/CMakeFiles/ec_shim.dir/shim/src/temp_sensors.c.obj
[npcx9:rw] [59/321] Building C object zephyr/CMakeFiles/zephyr.dir/subsys/shell/modules/device_service.c.obj
[tarkin:rw] [307/347] Building C object modules/ec/zephyr/CMakeFiles/ec_shim.dir/shim/src/thermal.c.obj
[tarkin:rw] [308/347] Building C object modules/ec/zephyr/CMakeFiles/ec_shim.dir/shim/src/hwtimer.c.obj
[tarkin:ro] [175/347] Building C object zephyr/arch/arch/riscv/core/CMakeFiles/arch__riscv__core.dir/thread.c.obj
[rull:ro] [211/403] Building C object zephyr/arch/common/CMakeFiles/arch__common.dir/xip.c.obj
[tarkin:ro] [176/347] Generating ../../../include/generated/libc/minimal/strerror_table.h
[rull:ro] [212/403] Building C object zephyr/arch/common/CMakeFiles/isr_tables.dir/isr_tables.c.obj
[tarkin:ro] [177/347] Building ASM object zephyr/arch/arch/riscv/core/CMakeFiles/arch__riscv__core.dir/isr.S.obj
[rull:rw] [163/403] Building C object zephyr/CMakeFiles/zephyr.dir/soc/ite/ec/common/soc_common_irq.c.obj
[rull:ro] [213/403] Linking C static library zephyr/arch/common/libisr_tables.a
[tarkin:ro] [178/347] Building C object zephyr/arch/arch/riscv/core/CMakeFiles/arch__riscv__core.dir/stacktrace.c.obj
[rull:ro] [214/403] Linking C static library zephyr/arch/common/libarch__common.a
[tarkin:ro] [179/347] Building C object zephyr/lib/libc/minimal/CMakeFiles/lib__libc__minimal.dir/source/stdlib/atoi.c.obj
[tarkin:ro] [180/347] Linking C static library zephyr/arch/arch/riscv/core/libarch__riscv__core.a
[tarkin:ro] [181/347] Building C object zephyr/lib/libc/minimal/CMakeFiles/lib__libc__minimal.dir/source/stdlib/strtol.c.obj
[tarkin:rw] [309/347] Building C object modules/ec/zephyr/CMakeFiles/ec_shim.dir/shim/src/i2c.c.obj
[rull:rw] [164/403] Building C object zephyr/CMakeFiles/zephyr.dir/soc/ite/ec/common/policy.c.obj
[rull:rw] [165/403] Building C object zephyr/CMakeFiles/zephyr.dir/soc/ite/ec/common/power.c.obj
[tarkin:ro] [182/347] Building C object zephyr/lib/libc/minimal/CMakeFiles/lib__libc__minimal.dir/source/stdlib/strtoul.c.obj
[rull:ro] [215/403] Building C object zephyr/arch/arch/riscv/core/CMakeFiles/arch__riscv__core.dir/cpu_idle.c.obj
[tarkin:ro] [183/347] Building C object zephyr/lib/libc/minimal/CMakeFiles/lib__libc__minimal.dir/source/stdlib/strtoll.c.obj
[tarkin:ro] [184/347] Building C object zephyr/lib/libc/minimal/CMakeFiles/lib__libc__minimal.dir/source/stdlib/strtoull.c.obj
[tarkin:ro] [185/347] Building C object zephyr/lib/libc/minimal/CMakeFiles/lib__libc__minimal.dir/source/stdlib/bsearch.c.obj
[npcx9:rw] [60/321] Building C object zephyr/CMakeFiles/zephyr.dir/subsys/shell/modules/date_service.c.obj
[tarkin:rw] [310/347] Building C object modules/ec/zephyr/CMakeFiles/ec_shim.dir/shim/src/watchdog.c.obj
[rull:ro] [216/403] Building C object zephyr/arch/arch/riscv/core/CMakeFiles/arch__riscv__core.dir/prep_c.c.obj
[tarkin:rw] [311/347] Building C object modules/ec/zephyr/CMakeFiles/ec_shim.dir/shim/src/usba.c.obj
[rull:rw] [166/403] Building ASM object zephyr/CMakeFiles/zephyr.dir/soc/ite/ec/it8xxx2/vector.S.obj
[rull:ro] [217/403] Building C object zephyr/arch/arch/riscv/core/CMakeFiles/arch__riscv__core.dir/fatal.c.obj
[tarkin:ro] [186/347] Building C object zephyr/lib/libc/minimal/CMakeFiles/lib__libc__minimal.dir/source/stdlib/qsort.c.obj
[tarkin:rw] [312/347] Building C object modules/ec/zephyr/CMakeFiles/ec_shim.dir/shim/src/tasks.c.obj
[rull:rw] [167/403] Building C object zephyr/CMakeFiles/zephyr.dir/soc/ite/ec/it8xxx2/soc.c.obj
[tarkin:ro] [187/347] Building C object zephyr/lib/libc/minimal/CMakeFiles/lib__libc__minimal.dir/source/string/strerror.c.obj
[rull:rw] [168/403] Building C object zephyr/CMakeFiles/zephyr.dir/soc/ite/ec/it8xxx2/check_regs.c.obj
[rull:rw] [169/403] Building ASM object zephyr/CMakeFiles/zephyr.dir/soc/ite/ec/it8xxx2/__arithmetic.S.obj
[tarkin:ro] [188/347] Building C object zephyr/lib/libc/minimal/CMakeFiles/lib__libc__minimal.dir/source/string/strncasecmp.c.obj
[tarkin:ro] [189/347] Building C object zephyr/lib/libc/minimal/CMakeFiles/lib__libc__minimal.dir/source/string/strstr.c.obj
[rull:ro] [218/403] Building C object zephyr/arch/arch/riscv/core/CMakeFiles/arch__riscv__core.dir/irq_manage.c.obj
[tarkin:ro] [190/347] Building C object zephyr/lib/libc/minimal/CMakeFiles/lib__libc__minimal.dir/source/string/string.c.obj
[tarkin:ro] [191/347] Building C object zephyr/lib/libc/minimal/CMakeFiles/lib__libc__minimal.dir/source/stdlib/exit.c.obj
[tarkin:rw] [313/347] Building C object modules/ec/zephyr/CMakeFiles/ec_shim.dir/shim/src/sha256_hw.c.obj
[tarkin:ro] [192/347] Building C object zephyr/lib/libc/minimal/CMakeFiles/lib__libc__minimal.dir/source/string/strspn.c.obj
[/mnt/host/source/src/platform/ec/build/zephyr/xivu-lcov]   /mnt/host/source/src/platform/ec/build/zephyr/xivu/build-rw/CMakeFiles/app.dir/mnt/host/source/src/platform/ec/build/zephyr/xivu/modules/ec/common/usb_pd_pdo.c.gcno:no functions found
[/mnt/host/source/src/platform/ec/build/zephyr/xivu-lcov] stderr:
[npcx9:rw] [61/321] Building C object zephyr/CMakeFiles/zephyr.dir/subsys/shell/modules/devmem_service.c.obj
[tarkin:rw] [314/347] Linking C static library modules/ec/zephyr/libec_shim.a
[tarkin:rw] [315/347] Building C object zephyr/kernel/CMakeFiles/kernel.dir/main_weak.c.obj
[rull:ro] [219/403] Building C object zephyr/arch/arch/riscv/core/CMakeFiles/arch__riscv__core.dir/reboot.c.obj
[tarkin:rw] [316/347] Building C object zephyr/kernel/CMakeFiles/kernel.dir/banner.c.obj
[rull:ro] [220/403] Building ASM object zephyr/arch/arch/riscv/core/CMakeFiles/arch__riscv__core.dir/reset.S.obj
[rull:rw] [170/403] Building C object zephyr/CMakeFiles/zephyr.dir/soc/ite/ec/it8xxx2/ilm.c.obj
[tarkin:rw] [317/347] Building C object zephyr/kernel/CMakeFiles/kernel.dir/busy_wait.c.obj
[rull:rw] [171/403] Building C object zephyr/CMakeFiles/zephyr.dir/subsys/logging/log_minimal.c.obj
[rull:rw] [172/403] Building C object zephyr/CMakeFiles/zephyr.dir/subsys/pm/pm.c.obj
[tarkin:ro] [193/347] Building C object zephyr/lib/libc/minimal/CMakeFiles/lib__libc__minimal.dir/source/stdout/stdout_console.c.obj
[rull:ro] [221/403] Building ASM object zephyr/arch/arch/riscv/core/CMakeFiles/arch__riscv__core.dir/switch.S.obj
[tarkin:ro] [194/347] Building C object zephyr/lib/libc/minimal/CMakeFiles/lib__libc__minimal.dir/source/stdout/sprintf.c.obj
[tarkin:ro] [195/347] Building C object zephyr/lib/libc/minimal/CMakeFiles/lib__libc__minimal.dir/source/stdout/fprintf.c.obj
[tarkin:rw] [318/347] Building C object zephyr/kernel/CMakeFiles/kernel.dir/errno.c.obj
[rull:rw] [173/403] Building C object zephyr/CMakeFiles/zephyr.dir/subsys/pm/state.c.obj
[tarkin:rw] [319/347] Building C object zephyr/kernel/CMakeFiles/kernel.dir/device.c.obj
[tarkin:ro] [196/347] Building C object zephyr/lib/libc/minimal/CMakeFiles/lib__libc__minimal.dir/source/math/sqrtf.c.obj
[tarkin:ro] [197/347] Building C object zephyr/lib/libc/minimal/CMakeFiles/lib__libc__minimal.dir/source/math/sqrt.c.obj
[rull:ro] [222/403] Building ASM object zephyr/arch/arch/riscv/core/CMakeFiles/arch__riscv__core.dir/isr.S.obj
[rull:ro] [223/403] Building C object zephyr/arch/arch/riscv/core/CMakeFiles/arch__riscv__core.dir/thread.c.obj
[rull:ro] [224/403] Generating ../../../include/generated/libc/minimal/strerror_table.h
[tarkin:rw] [320/347] Building C object zephyr/kernel/CMakeFiles/kernel.dir/fatal.c.obj
[npcx9:rw] [62/321] Building C object zephyr/CMakeFiles/zephyr.dir/subsys/shell/backends/shell_uart.c.obj
[rull:rw] [174/403] Building C object zephyr/CMakeFiles/zephyr.dir/subsys/pm/policy/policy_events.c.obj
[rull:rw] [175/403] Building C object zephyr/CMakeFiles/zephyr.dir/subsys/pm/policy/policy_latency.c.obj
[rull:ro] [225/403] Building C object zephyr/lib/libc/minimal/CMakeFiles/lib__libc__minimal.dir/source/stdlib/atoi.c.obj
[tarkin:rw] [321/347] Building C object zephyr/kernel/CMakeFiles/kernel.dir/init.c.obj
[tarkin:ro] [198/347] Building C object zephyr/lib/libc/common/CMakeFiles/lib__libc__common.dir/source/time/asctime.c.obj
[rull:ro] [226/403] Building C object zephyr/arch/arch/riscv/core/CMakeFiles/arch__riscv__core.dir/stacktrace.c.obj
[tarkin:ro] [199/347] Building C object zephyr/lib/libc/minimal/CMakeFiles/lib__libc__minimal.dir/source/time/gmtime.c.obj
[tarkin:rw] [322/347] Building C object zephyr/kernel/CMakeFiles/kernel.dir/version.c.obj
[rull:ro] [227/403] Linking C static library zephyr/arch/arch/riscv/core/libarch__riscv__core.a
[rull:ro] [228/403] Building C object zephyr/lib/libc/minimal/CMakeFiles/lib__libc__minimal.dir/source/stdlib/strtol.c.obj
[tarkin:ro] [200/347] Building C object zephyr/lib/libc/common/CMakeFiles/lib__libc__common.dir/source/time/gmtime_r.c.obj
[rull:rw] [176/403] Building C object zephyr/CMakeFiles/zephyr.dir/subsys/pm/policy/policy_state_lock.c.obj
[tarkin:ro] [201/347] Linking C static library zephyr/lib/libc/minimal/liblib__libc__minimal.a
[tarkin:ro] [202/347] Building C object zephyr/lib/libc/common/CMakeFiles/lib__libc__common.dir/source/stdlib/abort.c.obj
[tarkin:rw] [323/347] Building C object zephyr/kernel/CMakeFiles/kernel.dir/kheap.c.obj
[rull:ro] [229/403] Building C object zephyr/lib/libc/common/CMakeFiles/lib__libc__common.dir/source/stdlib/abort.c.obj
[rull:ro] [230/403] Building C object zephyr/lib/libc/minimal/CMakeFiles/lib__libc__minimal.dir/source/stdlib/strtoul.c.obj
[tarkin:rw] [324/347] Building C object zephyr/kernel/CMakeFiles/kernel.dir/mem_slab.c.obj
[rull:ro] [231/403] Building C object zephyr/lib/libc/minimal/CMakeFiles/lib__libc__minimal.dir/source/stdlib/strtoll.c.obj
[tarkin:ro] [203/347] Building C object zephyr/lib/libc/common/CMakeFiles/lib__libc__common.dir/source/time/localtime_r_utc.c.obj
[rull:ro] [232/403] Building C object zephyr/lib/libc/minimal/CMakeFiles/lib__libc__minimal.dir/source/stdlib/strtoull.c.obj
[tarkin:rw] [325/347] Building C object zephyr/kernel/CMakeFiles/kernel.dir/float.c.obj
[tarkin:ro] [204/347] Building C object zephyr/lib/libc/common/CMakeFiles/lib__libc__common.dir/source/time/ctime.c.obj
[tarkin:ro] [205/347] Building C object zephyr/lib/libc/common/CMakeFiles/lib__libc__common.dir/source/time/time.c.obj
[rull:ro] [233/403] Building C object zephyr/lib/libc/minimal/CMakeFiles/lib__libc__minimal.dir/source/stdlib/bsearch.c.obj
[rull:rw] [177/403] Building C object zephyr/CMakeFiles/zephyr.dir/subsys/pm/device_runtime.c.obj
[tarkin:ro] [206/347] Building C object zephyr/lib/libc/common/CMakeFiles/lib__libc__common.dir/source/string/strnlen.c.obj
[npcx9:rw] [63/321] Building C object zephyr/CMakeFiles/zephyr.dir/subsys/shell/shell.c.obj
[rull:rw] [178/403] Building C object zephyr/CMakeFiles/zephyr.dir/subsys/pm/device.c.obj
[tarkin:rw] [326/347] Building C object zephyr/kernel/CMakeFiles/kernel.dir/idle.c.obj
[rull:ro] [234/403] Building C object zephyr/lib/libc/minimal/CMakeFiles/lib__libc__minimal.dir/source/stdlib/qsort.c.obj
[rull:rw] [179/403] Building C object zephyr/CMakeFiles/zephyr.dir/subsys/pm/device_system_managed.c.obj
[tarkin:ro] [207/347] Building C object zephyr/lib/posix/c_lib_ext/CMakeFiles/lib__posix__c_lib_ext.dir/fnmatch.c.obj
[rull:ro] [235/403] Building C object zephyr/lib/libc/minimal/CMakeFiles/lib__libc__minimal.dir/source/string/strerror.c.obj
[rull:ro] [236/403] Building C object zephyr/lib/libc/minimal/CMakeFiles/lib__libc__minimal.dir/source/stdlib/exit.c.obj
[rull:ro] [237/403] Building C object zephyr/lib/libc/minimal/CMakeFiles/lib__libc__minimal.dir/source/string/strncasecmp.c.obj
[rull:ro] [238/403] Building C object zephyr/lib/libc/minimal/CMakeFiles/lib__libc__minimal.dir/source/string/strstr.c.obj
[tarkin:rw] [327/347] Building C object zephyr/kernel/CMakeFiles/kernel.dir/msg_q.c.obj
[tarkin:rw] [328/347] Building C object zephyr/kernel/CMakeFiles/kernel.dir/mailbox.c.obj
[tarkin:ro] [208/347] Building C object zephyr/lib/libc/common/CMakeFiles/lib__libc__common.dir/source/stdlib/malloc.c.obj
[rull:ro] [239/403] Building C object zephyr/lib/libc/minimal/CMakeFiles/lib__libc__minimal.dir/source/string/string.c.obj
[rull:ro] [240/403] Building C object zephyr/lib/libc/minimal/CMakeFiles/lib__libc__minimal.dir/source/string/strspn.c.obj
[tarkin:ro] [209/347] Linking C static library zephyr/lib/libc/common/liblib__libc__common.a
[tarkin:rw] [329/347] Building C object zephyr/kernel/CMakeFiles/kernel.dir/mutex.c.obj
[tarkin:ro] [210/347] Building C object zephyr/lib/posix/c_lib_ext/CMakeFiles/lib__posix__c_lib_ext.dir/getentropy.c.obj
[rull:rw] [180/403] Building C object zephyr/CMakeFiles/zephyr.dir/subsys/tracing/tracing_none.c.obj
[rull:rw] [181/403] Building C object zephyr/CMakeFiles/zephyr.dir/subsys/testsuite/coverage/coverage.c.obj
[npcx9:rw] [64/321] Building C object zephyr/CMakeFiles/zephyr.dir/subsys/shell/shell_fprintf.c.obj
[rull:rw] [182/403] Building C object zephyr/CMakeFiles/zephyr.dir/subsys/shell/modules/kernel_service/kernel_shell.c.obj
[tarkin:ro] [211/347] Building C object zephyr/lib/posix/c_lib_ext/CMakeFiles/lib__posix__c_lib_ext.dir/getopt_shim.c.obj
[tarkin:ro] [212/347] Linking C static library zephyr/lib/posix/c_lib_ext/liblib__posix__c_lib_ext.a
[tarkin:rw] [330/347] Building C object zephyr/kernel/CMakeFiles/kernel.dir/queue.c.obj
[rull:ro] [241/403] Building C object zephyr/lib/libc/minimal/CMakeFiles/lib__libc__minimal.dir/source/stdout/sprintf.c.obj
[rull:ro] [242/403] Building C object zephyr/lib/libc/minimal/CMakeFiles/lib__libc__minimal.dir/source/stdout/fprintf.c.obj
[tarkin:rw] [331/347] Building C object zephyr/kernel/CMakeFiles/kernel.dir/sem.c.obj
[rull:ro] [243/403] Building C object zephyr/lib/libc/minimal/CMakeFiles/lib__libc__minimal.dir/source/stdout/stdout_console.c.obj
[tarkin:rw] [332/347] Building C object zephyr/kernel/CMakeFiles/kernel.dir/stack.c.obj
[tarkin:ro] [213/347] Building C object zephyr/lib/smf/CMakeFiles/lib__smf.dir/smf.c.obj
[tarkin:rw] [333/347] Building C object zephyr/kernel/CMakeFiles/kernel.dir/system_work_q.c.obj
[tarkin:ro] [214/347] Linking C static library zephyr/lib/smf/liblib__smf.a
[rull:rw] [183/403] Building C object zephyr/CMakeFiles/zephyr.dir/subsys/shell/modules/kernel_service/cycles.c.obj
[rull:rw] [184/403] Building C object zephyr/CMakeFiles/zephyr.dir/subsys/shell/modules/kernel_service/sleep.c.obj
[tarkin:ro] [215/347] Building C object zephyr/subsys/mgmt/ec_host_cmd/CMakeFiles/subsys__mgmt__ec_host_cmd.dir/ec_host_cmd_handler.c.obj
[rull:ro] [244/403] Building C object zephyr/lib/libc/minimal/CMakeFiles/lib__libc__minimal.dir/source/math/sqrt.c.obj
[rull:rw] [185/403] Building C object zephyr/CMakeFiles/zephyr.dir/subsys/shell/modules/kernel_service/uptime.c.obj
[tarkin:ro] [216/347] Linking C static library zephyr/subsys/mgmt/ec_host_cmd/libsubsys__mgmt__ec_host_cmd.a
[tarkin:ro] [217/347] Building C object zephyr/subsys/crc/CMakeFiles/subsys__crc.dir/crc4_sw.c.obj
[rull:ro] [245/403] Building C object zephyr/lib/libc/minimal/CMakeFiles/lib__libc__minimal.dir/source/math/sqrtf.c.obj
[npcx9:rw] [65/321] Building C object zephyr/CMakeFiles/zephyr.dir/subsys/shell/shell_utils.c.obj
[tarkin:ro] [218/347] Building C object zephyr/subsys/mgmt/ec_host_cmd/backends/CMakeFiles/subsys__mgmt__ec_host_cmd__backends.dir/ec_host_cmd_backend_shi_ite.c.obj
[rull:ro] [246/403] Building C object zephyr/lib/libc/common/CMakeFiles/lib__libc__common.dir/source/time/gmtime_r.c.obj
[tarkin:ro] [219/347] Building C object zephyr/subsys/crc/CMakeFiles/subsys__crc.dir/crc8_sw.c.obj
[tarkin:ro] [220/347] Linking C static library zephyr/subsys/mgmt/ec_host_cmd/backends/libsubsys__mgmt__ec_host_cmd__backends.a
[tarkin:ro] [221/347] Building C object zephyr/subsys/crc/CMakeFiles/subsys__crc.dir/crc16_sw.c.obj
[tarkin:ro] [222/347] Building C object zephyr/subsys/crc/CMakeFiles/subsys__crc.dir/crc7_sw.c.obj
[tarkin:rw] [334/347] Building C object zephyr/kernel/CMakeFiles/kernel.dir/work.c.obj
[rull:ro] [247/403] Building C object zephyr/lib/libc/minimal/CMakeFiles/lib__libc__minimal.dir/source/time/gmtime.c.obj
[tarkin:rw] [335/347] Building C object zephyr/kernel/CMakeFiles/kernel.dir/condvar.c.obj
[rull:ro] [248/403] Building C object zephyr/lib/libc/common/CMakeFiles/lib__libc__common.dir/source/time/asctime.c.obj
[tarkin:ro] [223/347] Building C object zephyr/subsys/crc/CMakeFiles/subsys__crc.dir/crc32c_sw.c.obj
[tarkin:ro] [224/347] Building C object zephyr/subsys/crc/CMakeFiles/subsys__crc.dir/crc24_sw.c.obj
[rull:ro] [249/403] Building C object zephyr/lib/libc/common/CMakeFiles/lib__libc__common.dir/source/time/localtime_r_utc.c.obj
[rull:rw] [186/403] Building C object zephyr/CMakeFiles/zephyr.dir/subsys/shell/modules/kernel_service/version.c.obj
[tarkin:ro] [225/347] Building C object zephyr/subsys/crc/CMakeFiles/subsys__crc.dir/crc32_sw.c.obj
[rull:ro] [250/403] Linking C static library zephyr/lib/libc/minimal/liblib__libc__minimal.a
[tarkin:ro] [226/347] Building C object zephyr/subsys/crc/CMakeFiles/subsys__crc.dir/crc32k_4_2_sw.c.obj
[tarkin:ro] [227/347] Linking C static library zephyr/subsys/crc/libsubsys__crc.a
[rull:rw] [187/403] Building C object zephyr/CMakeFiles/zephyr.dir/subsys/shell/modules/kernel_service/thread/thread.c.obj
[tarkin:rw] [336/347] Building C object zephyr/kernel/CMakeFiles/kernel.dir/thread.c.obj
[rull:ro] [251/403] Building C object zephyr/lib/libc/common/CMakeFiles/lib__libc__common.dir/source/time/ctime.c.obj
[/mnt/host/source/src/platform/ec/build/zephyr/moonstone-lcov]   /mnt/host/source/src/platform/ec/build/zephyr/moonstone/build-rw/CMakeFiles/app.dir/mnt/host/source/src/platform/ec/build/zephyr/moonstone/modules/ec/common/cbi_config.c.gcno:no functions found
[/mnt/host/source/src/platform/ec/build/zephyr/moonstone-lcov] stderr:
[rull:rw] [188/403] Building C object zephyr/CMakeFiles/zephyr.dir/subsys/shell/modules/kernel_service/thread/list.c.obj
[rull:ro] [252/403] Building C object zephyr/lib/libc/common/CMakeFiles/lib__libc__common.dir/source/time/time.c.obj
[tarkin:rw] [337/347] Building C object zephyr/kernel/CMakeFiles/kernel.dir/sched.c.obj
[npcx9:rw] [66/321] Building C object zephyr/CMakeFiles/zephyr.dir/subsys/shell/shell_ops.c.obj
[rull:ro] [253/403] Building C object zephyr/lib/libc/common/CMakeFiles/lib__libc__common.dir/source/string/strnlen.c.obj
[rull:ro] [254/403] Building C object zephyr/lib/posix/c_lib_ext/CMakeFiles/lib__posix__c_lib_ext.dir/fnmatch.c.obj
[tarkin:rw] [338/347] Building C object zephyr/kernel/CMakeFiles/kernel.dir/spinlock_validate.c.obj
[tarkin:ro] [228/347] Building C object zephyr/drivers/interrupt_controller/CMakeFiles/drivers__interrupt_controller.dir/intc_ite_it8xxx2_v2.c.obj
[rull:rw] [189/403] Building C object zephyr/CMakeFiles/zephyr.dir/subsys/shell/modules/kernel_service/thread/stacks.c.obj
[rull:ro] [255/403] Building C object zephyr/lib/libc/common/CMakeFiles/lib__libc__common.dir/source/stdlib/malloc.c.obj
[rull:ro] [256/403] Linking C static library zephyr/lib/libc/common/liblib__libc__common.a
[tarkin:rw] [339/347] Building C object zephyr/kernel/CMakeFiles/kernel.dir/pipe.c.obj
[tarkin:ro] [229/347] Building C object zephyr/drivers/interrupt_controller/CMakeFiles/drivers__interrupt_controller.dir/wuc_ite_it8xxx2.c.obj
[rull:rw] [190/403] Building C object zephyr/CMakeFiles/zephyr.dir/subsys/shell/modules/kernel_service/thread/unwind.c.obj
[tarkin:ro] [230/347] Linking C static library zephyr/drivers/interrupt_controller/libdrivers__interrupt_controller.a
[tarkin:ro] [231/347] Building C object zephyr/drivers/adc/CMakeFiles/drivers__adc.dir/adc_common.c.obj
[/mnt/host/source/src/platform/ec/build/zephyr/moonstone-lcov]   /mnt/host/source/src/platform/ec/build/zephyr/moonstone/build-rw/zephyr/arch/arch/riscv/core/CMakeFiles/arch__riscv__core.dir/cpu_idle.c.gcno:no functions found
[/mnt/host/source/src/platform/ec/build/zephyr/moonstone-lcov] stderr:
[tarkin:rw] [340/347] Building C object zephyr/kernel/CMakeFiles/kernel.dir/thread_monitor.c.obj
[rull:rw] [191/403] Building C object zephyr/CMakeFiles/zephyr.dir/subsys/shell/modules/kernel_service/thread/suspend.c.obj
[rull:ro] [257/403] Building C object zephyr/subsys/crc/CMakeFiles/subsys__crc.dir/crc4_sw.c.obj
[rull:ro] [258/403] Building C object zephyr/subsys/crc/CMakeFiles/subsys__crc.dir/crc8_sw.c.obj
[tarkin:rw] [341/347] Building C object zephyr/kernel/CMakeFiles/kernel.dir/timeout.c.obj
[rull:ro] [259/403] Building C object zephyr/lib/posix/c_lib_ext/CMakeFiles/lib__posix__c_lib_ext.dir/getentropy.c.obj
[npcx9:rw] [67/321] Building C object zephyr/CMakeFiles/zephyr.dir/subsys/shell/shell_help.c.obj
[rull:ro] [260/403] Building C object zephyr/subsys/crc/CMakeFiles/subsys__crc.dir/crc16_sw.c.obj
[tarkin:rw] [342/347] Building C object zephyr/kernel/CMakeFiles/kernel.dir/timer.c.obj
[rull:ro] [261/403] Building C object zephyr/lib/posix/c_lib_ext/CMakeFiles/lib__posix__c_lib_ext.dir/getopt_shim.c.obj
[rull:ro] [262/403] Building C object zephyr/subsys/crc/CMakeFiles/subsys__crc.dir/crc7_sw.c.obj
[rull:ro] [263/403] Linking C static library zephyr/lib/posix/c_lib_ext/liblib__posix__c_lib_ext.a
[rull:rw] [192/403] Building C object zephyr/CMakeFiles/zephyr.dir/subsys/shell/modules/kernel_service/thread/resume.c.obj
[rull:ro] [264/403] Building C object zephyr/subsys/crc/CMakeFiles/subsys__crc.dir/crc24_sw.c.obj
[rull:ro] [265/403] Building C object zephyr/subsys/crc/CMakeFiles/subsys__crc.dir/crc32c_sw.c.obj
[rull:ro] [266/403] Building C object zephyr/subsys/crc/CMakeFiles/subsys__crc.dir/crc32_sw.c.obj
[tarkin:rw] [343/347] Building C object zephyr/kernel/CMakeFiles/kernel.dir/events.c.obj
[tarkin:ro] [232/347] Building C object zephyr/drivers/bbram/CMakeFiles/drivers__bbram.dir/bbram_it8xxx2.c.obj
[rull:ro] [267/403] Building C object zephyr/subsys/crc/CMakeFiles/subsys__crc.dir/crc32k_4_2_sw.c.obj
[tarkin:ro] [233/347] Building C object zephyr/drivers/console/CMakeFiles/drivers__console.dir/uart_console.c.obj
[tarkin:ro] [234/347] Linking C static library zephyr/drivers/bbram/libdrivers__bbram.a
[tarkin:ro] [235/347] Linking C static library zephyr/drivers/console/libdrivers__console.a
[rull:ro] [268/403] Linking C static library zephyr/subsys/crc/libsubsys__crc.a
[tarkin:rw] [344/347] Building C object zephyr/kernel/CMakeFiles/kernel.dir/poll.c.obj
[tarkin:ro] [236/347] Building C object zephyr/drivers/adc/CMakeFiles/drivers__adc.dir/adc_ite_it8xxx2.c.obj
[rull:rw] [193/403] Building C object zephyr/CMakeFiles/zephyr.dir/subsys/shell/modules/kernel_service/thread/kill.c.obj
[tarkin:rw] [345/347] Building C object zephyr/kernel/CMakeFiles/kernel.dir/mempool.c.obj
[rull:rw] [194/403] Building C object zephyr/CMakeFiles/zephyr.dir/subsys/shell/modules/device_service.c.obj
[tarkin:ro] [237/347] Linking C static library zephyr/drivers/adc/libdrivers__adc.a
[rull:ro] [269/403] Building C object zephyr/subsys/input/CMakeFiles/subsys__input.dir/input_hid.c.obj
[pujjolo:ro] Building: /usr/bin/ninja -C /mnt/host/source/src/platform/ec/build/zephyr/pujjolo/build-ro all.libraries
Running `env -i SHELL=/bin/bash COLORTERM=truecolor DEPOT_TOOLS_UPDATE=0 LESS='-R -M --shift 5' SUDO_GID=0 JDK_HOME=/etc/java-config-2/current-system-vm CONFIG_PROTECT_MASK='/etc/gentoo-release /etc/sandbox.d /etc/fonts/fonts.conf /etc/terminfo /etc/ca-certificates.conf /etc/revdep-rebuild' CHROMEOS_CACHEDIR=/var/cache/chromeos-cache JAVA_HOME=/etc/java-config-2/current-system-vm SSH_AUTH_SOCK=/tmp/ssh-auth-sock SUDO_COMMAND=/bin/bash SUDO_USER=root SUDO_TTY=/dev/pts/2 EDITOR=/usr/bin/vi PWD=/mnt/host/source/src/platform/ec CONFIG_PROTECT=/usr/share/gnupg/qualified.txt LOGNAME=jpmurphy MANPATH=/etc/java-config-2/current-system-vm/man:/usr/local/share/man:/usr/share/man:/usr/share/gcc-data/x86_64-pc-linux-gnu/10.2.0/man:/usr/share/binutils-data/x86_64-pc-linux-gnu/2.45/man:/etc/java-config-2/current-system-vm/man/ SUDO_HOME=/root XAUTHORITY=/run/user/944457/gdm/Xauthority HOME=/home/jpmurphy LANG=C.UTF-8 LS_COLORS='rs=0:di=01;34:ln=01;36:mh=00:pi=40;33:so=01;35:do=01;35:bd=40;33;01:cd=40;33;01:or=01;05;37;41:mi=01;05;37;41:su=37;41:sg=30;43:ca=30;41:tw=30;42:ow=34;42:st=37;44:ex=01;32:*.tar=01;31:*.tgz=01;31:*.arc=01;31:*.arj=01;31:*.taz=01;31:*.lha=01;31:*.lz4=01;31:*.lzh=01;31:*.lzma=01;31:*.tlz=01;31:*.txz=01;31:*.tzo=01;31:*.t7z=01;31:*.zip=01;31:*.z=01;31:*.dz=01;31:*.gz=01;31:*.lrz=01;31:*.lz=01;31:*.lzo=01;31:*.xz=01;31:*.zst=01;31:*.tzst=01;31:*.bz2=01;31:*.bz=01;31:*.tbz=01;31:*.tbz2=01;31:*.tz=01;31:*.deb=01;31:*.rpm=01;31:*.jar=01;31:*.war=01;31:*.ear=01;31:*.sar=01;31:*.rar=01;31:*.alz=01;31:*.ace=01;31:*.zoo=01;31:*.cpio=01;31:*.7z=01;31:*.rz=01;31:*.cab=01;31:*.wim=01;31:*.swm=01;31:*.dwm=01;31:*.esd=01;31:*.jpg=01;35:*.jpeg=01;35:*.mjpg=01;35:*.mjpeg=01;35:*.gif=01;35:*.bmp=01;35:*.pbm=01;35:*.pgm=01;35:*.ppm=01;35:*.tga=01;35:*.xbm=01;35:*.xpm=01;35:*.tif=01;35:*.tiff=01;35:*.png=01;35:*.svg=01;35:*.svgz=01;35:*.mng=01;35:*.pcx=01;35:*.mov=01;35:*.mpg=01;35:*.mpeg=01;35:*.m2v=01;35:*.mkv=01;35:*.webm=01;35:*.webp=01;35:*.ogm=01;35:*.mp4=01;35:*.m4v=01;35:*.mp4v=01;35:*.vob=01;35:*.qt=01;35:*.nuv=01;35:*.wmv=01;35:*.asf=01;35:*.rm=01;35:*.rmvb=01;35:*.flc=01;35:*.avi=01;35:*.fli=01;35:*.flv=01;35:*.gl=01;35:*.dl=01;35:*.xcf=01;35:*.xwd=01;35:*.yuv=01;35:*.cgm=01;35:*.emf=01;35:*.ogv=01;35:*.ogx=01;35:*.cfg=00;32:*.conf=00;32:*.diff=00;32:*.doc=00;32:*.ini=00;32:*.log=00;32:*.patch=00;32:*.pdf=00;32:*.ps=00;32:*.tex=00;32:*.txt=00;32:*.aac=00;36:*.au=00;36:*.flac=00;36:*.m4a=00;36:*.mid=00;36:*.midi=00;36:*.mka=00;36:*.mp3=00;36:*.mpc=00;36:*.ogg=00;36:*.ra=00;36:*.wav=00;36:*.oga=00;36:*.opus=00;36:*.spx=00;36:*.xspf=00;36:' XDG_CURRENT_DESKTOP=GNOME INFOPATH=/usr/share/info:/usr/share/gcc-data/x86_64-pc-linux-gnu/10.2.0/info:/usr/share/binutils-data/x86_64-pc-linux-gnu/2.45/info:/usr/share/automake-1.16.5/info JAVAC=/etc/java-config-2/current-system-vm/bin/javac TERM=xterm-256color LESSOPEN='|lesspipe %s' USER=jpmurphy CROS_WORKON_SRCROOT=/mnt/host/source MANPAGER=manpager DISPLAY=:1 SHLVL=1 LC_MESSAGES=C EXTERNAL_TRUNK_PATH=/mnt/8f9d649a-3721-44cc-93c0-e6bd21a9689f/chromiumos GCC_SPECS='' PATH=/mnt/host/source/chromite/bin:/usr/local/bin:/usr/bin:/bin:/opt/bin:/mnt/host/source/chromite/sdk/bin:/mnt/host/source/chromite/bin PORTAGE_USERNAME=jpmurphy SUDO_UID=0 GCC_VER=10.2.0 MAIL=/var/mail/jpmurphy OLDPWD=/mnt/host/source/src/scripts traceparent=00-e87aca51550a78635907baa6a2476181-6d684811675d2973-01 _=./zephyr/firmware_builder.py COREBOOT_SDK_ROOT_x86=/home/jpmurphy/.cache/coreboot-sdk/i386-elf/dfbb0486385d938cfa9d73080b9d18d598ed4f49 COREBOOT_SDK_ROOT_picolibc_x86=/home/jpmurphy/.cache/coreboot-sdk/picolibc-i386-elf/eb8e8e687b95461de8cbf278f1c2076952d0ad17 COREBOOT_SDK_ROOT_riscv64=/home/jpmurphy/.cache/coreboot-sdk/riscv64-elf/96b949749225b6aaa92ed810ab769e8dfb12f000 COREBOOT_SDK_ROOT_picolibc_arm=/home/jpmurphy/.cache/coreboot-sdk/picolibc-arm-eabi/422a2aa3e1ef891b5bece9a3deb696ff83840d2e COREBOOT_SDK_ROOT_nds32=/home/jpmurphy/.cache/coreboot-sdk/nds32le-elf/d1a518c4a097666d86058e1444f85ca015d15511 COREBOOT_SDK_ROOT_picolibc_riscv64=/home/jpmurphy/.cache/coreboot-sdk/picolibc-riscv64-elf/f571e990ef0278564b31124f8bb109d9a697eb69 COREBOOT_SDK_ROOT_arm=/home/jpmurphy/.cache/coreboot-sdk/arm-eabi/ea40ddd1d190c3b48435c474c0b545719371813a COREBOOT_SDK_ROOT_libstdcxx_riscv64=/home/jpmurphy/.cache/coreboot-sdk/libstdcxx-riscv64-elf/17abf22a3a252e2d5d2062ced5324f7a623689e0 COREBOOT_SDK_ROOT_libstdcxx_arm=/home/jpmurphy/.cache/coreboot-sdk/libstdcxx-arm-eabi/5d7d82e150e44aa1968f1d366e267e6687b328ac COREBOOT_SDK_ROOT_riscv=/home/jpmurphy/.cache/coreboot-sdk/riscv-elf/9a27b9e82341c6e9126624f516ab3f261abb3e73 COREBOOT_SDK_ROOT_libstdcxx_x86=/home/jpmurphy/.cache/coreboot-sdk/libstdcxx-i386-elf/42ef9d2e87a76a37963175d7d428734e65648b87 PYTHONPATH=/mnt/host/source/src/platform/ec/zephyr/zmake PW_PIGWEED_CIPD_INSTALL_DIR=/usr CROSTC_USER_ACKNOWLEDGES_THAT_RISCV_IS_EXPERIMENTAL=1 MAKEFLAGS=' -j16 --jobserver-auth=5,6' /usr/bin/ninja -C /mnt/host/source/src/platform/ec/build/zephyr/pujjolo/build-ro all.libraries`
[tarkin:rw] [346/347] Building C object zephyr/kernel/CMakeFiles/kernel.dir/dynamic_disabled.c.obj
[pujjolo:ro] ninja: Entering directory `/mnt/host/source/src/platform/ec/build/zephyr/pujjolo/build-ro'
[npcx9:rw] [68/321] Building C object zephyr/CMakeFiles/zephyr.dir/subsys/shell/shell_cmds.c.obj
[tarkin:rw] [347/347] Linking C static library zephyr/kernel/libkernel.a
[rull:ro] [270/403] Building C object zephyr/subsys/input/CMakeFiles/subsys__input.dir/input.c.obj
[rull:rw] [195/403] Building C object zephyr/CMakeFiles/zephyr.dir/subsys/shell/modules/date_service.c.obj
[/mnt/host/source/src/platform/ec/build/zephyr/moonstone-lcov]   /mnt/host/source/src/platform/ec/build/zephyr/moonstone/build-rw/zephyr/arch/common/CMakeFiles/isr_tables.dir/isr_tables.c.gcno:no functions found
[/mnt/host/source/src/platform/ec/build/zephyr/moonstone-lcov] stderr:
[tarkin:ro] [238/347] Building C object zephyr/drivers/crypto/CMakeFiles/drivers__crypto.dir/crypto_it8xxx2_sha_v2.c.obj
[tarkin:ro] [239/347] Linking C static library zephyr/drivers/crypto/libdrivers__crypto.a
[rull:ro] [271/403] Building C object zephyr/drivers/interrupt_controller/CMakeFiles/drivers__interrupt_controller.dir/intc_ite_it8xxx2.c.obj
[rull:rw] [196/403] Building C object zephyr/CMakeFiles/zephyr.dir/subsys/shell/modules/devmem_service.c.obj
[rull:ro] [272/403] Building C object zephyr/subsys/input/CMakeFiles/subsys__input.dir/input_utils.c.obj
[tarkin:ro] [240/347] Building C object zephyr/drivers/flash/CMakeFiles/drivers__flash.dir/flash_ite_it8xxx2.c.obj
[/mnt/host/source/src/platform/ec/build/zephyr/xivu-lcov]   /mnt/host/source/src/platform/ec/build/zephyr/xivu/build-rw/CMakeFiles/app.dir/mnt/host/source/src/platform/ec/build/zephyr/xivu/modules/ec/common/cbi_config.c.gcno:no functions found
[rull:rw] [197/403] Building C object zephyr/CMakeFiles/zephyr.dir/subsys/shell/backends/shell_uart.c.obj
[/mnt/host/source/src/platform/ec/build/zephyr/xivu-lcov] stderr:
[tarkin:ro] [241/347] Linking C static library zephyr/drivers/flash/libdrivers__flash.a
[rull:ro] [273/403] Linking C static library zephyr/subsys/input/libsubsys__input.a
[rull:ro] [274/403] Building C object zephyr/drivers/interrupt_controller/CMakeFiles/drivers__interrupt_controller.dir/wuc_ite_it8xxx2.c.obj
[rull:rw] [198/403] Building C object zephyr/CMakeFiles/zephyr.dir/subsys/shell/shell.c.obj
[npcx9:rw] [69/321] Building C object zephyr/CMakeFiles/zephyr.dir/subsys/shell/shell_history.c.obj
[rull:ro] [275/403] Linking C static library zephyr/drivers/interrupt_controller/libdrivers__interrupt_controller.a
[rull:ro] [276/403] Building C object zephyr/drivers/adc/CMakeFiles/drivers__adc.dir/adc_common.c.obj
[pujjolo:ro] [1/411] Generating include/generated/zephyr/version.h
[pujjolo:ro] -- git describe warned: warning: tag 'upstream/v2.7.99' is externally known as 'v2.7.99'
[tarkin:ro] [242/347] Building C object zephyr/drivers/i2c/CMakeFiles/drivers__i2c.dir/i2c_common.c.obj
[pujjolo:ro] -- Zephyr version: 4.3.99 (/mnt/host/source/src/third_party/zephyr/main)
[pujjolo:ro] [2/411] Preparing syscall dependency handling
[rull:rw] [199/403] Building C object zephyr/CMakeFiles/zephyr.dir/subsys/shell/shell_fprintf.c.obj
[pujjolo:ro] [3/411] Generating misc/generated/syscalls_subdirs.trigger
[tarkin:ro] [243/347] Building C object zephyr/drivers/i2c/CMakeFiles/drivers__i2c.dir/i2c_bitbang.c.obj
[rull:rw] [200/403] Building C object zephyr/CMakeFiles/zephyr.dir/subsys/shell/shell_utils.c.obj
[rull:rw] [201/403] Building C object zephyr/CMakeFiles/zephyr.dir/subsys/shell/shell_ops.c.obj
[rull:ro] [277/403] Building C object zephyr/drivers/adc/CMakeFiles/drivers__adc.dir/adc_ite_it8xxx2.c.obj
[tarkin:ro] [244/347] Building C object zephyr/drivers/gpio/CMakeFiles/drivers__gpio.dir/gpio_ite_it8xxx2_v2.c.obj
[tarkin:ro] [245/347] Building C object zephyr/drivers/i2c/CMakeFiles/drivers__i2c.dir/i2c_shell.c.obj
[rull:ro] [278/403] Building C object zephyr/drivers/bbram/CMakeFiles/drivers__bbram.dir/bbram_it8xxx2.c.obj
[rull:ro] [279/403] Linking C static library zephyr/drivers/adc/libdrivers__adc.a
[tarkin:ro] [246/347] Linking C static library zephyr/drivers/gpio/libdrivers__gpio.a
[npcx9:rw] [70/321] Building C object zephyr/CMakeFiles/zephyr.dir/subsys/shell/shell_wildcard.c.obj
[rull:rw] [202/403] Building C object zephyr/CMakeFiles/zephyr.dir/subsys/shell/shell_help.c.obj
[rull:ro] [280/403] Linking C static library zephyr/drivers/bbram/libdrivers__bbram.a
[rull:ro] [281/403] Building C object zephyr/drivers/console/CMakeFiles/drivers__console.dir/uart_console.c.obj
[rull:ro] [282/403] Linking C static library zephyr/drivers/console/libdrivers__console.a
[rull:ro] [283/403] Building C object zephyr/drivers/eeprom/CMakeFiles/drivers__eeprom.dir/eeprom_shell.c.obj
[rull:rw] [203/403] Building C object zephyr/CMakeFiles/zephyr.dir/subsys/shell/shell_cmds.c.obj
[tarkin:ro] [247/347] Building C object zephyr/drivers/pinctrl/CMakeFiles/drivers__pinctrl.dir/common.c.obj
[rull:rw] [204/403] Building C object zephyr/CMakeFiles/zephyr.dir/subsys/shell/shell_history.c.obj
[/mnt/host/source/src/platform/ec/build/zephyr/xivu-lcov]   /mnt/host/source/src/platform/ec/build/zephyr/xivu/build-rw/zephyr/arch/arch/arm/core/mpu/CMakeFiles/arch__arm__core__mpu.dir/arm_mpu_regions.c.gcno:no functions found
[/mnt/host/source/src/platform/ec/build/zephyr/xivu-lcov] stderr:
[tarkin:ro] [248/347] Building C object zephyr/drivers/i2c/CMakeFiles/drivers__i2c.dir/i2c_ite_enhance.c.obj
[pujjolo:ro] [4/411] Generating misc/generated/syscalls.json, misc/generated/struct_tags.json
[rull:rw] [205/403] Building C object zephyr/CMakeFiles/zephyr.dir/subsys/shell/shell_wildcard.c.obj
[tarkin:ro] [249/347] Linking C static library zephyr/drivers/i2c/libdrivers__i2c.a
[pujjolo:ro] [5/411] Generating include/generated/zephyr/syscall_dispatch.c, include/generated/zephyr/syscall_exports_llext.c, syscall_weakdefs_llext.c, include/generated/zephyr/syscall_list.h
[rull:ro] [284/403] Building C object zephyr/drivers/eeprom/CMakeFiles/drivers__eeprom.dir/eeprom_at2x.c.obj
[tarkin:ro] [250/347] Building C object zephyr/drivers/pwm/CMakeFiles/drivers__pwm.dir/pwm_shell.c.obj
[npcx9:rw] [71/321] Building C object zephyr/CMakeFiles/zephyr.dir/drivers/flash/flash_util.c.obj
[rull:rw] [206/403] Building C object zephyr/CMakeFiles/zephyr.dir/drivers/flash/flash_util.c.obj
[rull:ro] [285/403] Linking C static library zephyr/drivers/eeprom/libdrivers__eeprom.a
[rull:ro] [286/403] Building C object zephyr/drivers/flash/CMakeFiles/drivers__flash.dir/flash_ite_it8xxx2.c.obj
[npcx9:rw] [72/321] Linking C static library zephyr/libzephyr.a
[pujjolo:ro] [6/411] Generating include/generated/zephyr/driver-validation.h
[rull:ro] [287/403] Linking C static library zephyr/drivers/flash/libdrivers__flash.a
[rull:rw] [207/403] Linking C static library zephyr/libzephyr.a
[tarkin:ro] [251/347] Building C object zephyr/drivers/pinctrl/CMakeFiles/drivers__pinctrl.dir/pinctrl_ite_it8xxx2.c.obj
[rull:rw] [208/403] Building C object zephyr/arch/common/CMakeFiles/arch__common.dir/sw_isr_common.c.obj
[tarkin:ro] [252/347] Linking C static library zephyr/drivers/pinctrl/libdrivers__pinctrl.a
[rull:ro] [288/403] Building C object zephyr/drivers/gpio/CMakeFiles/drivers__gpio.dir/gpio_ite_it8xxx2.c.obj
[rull:rw] [209/403] Building C object zephyr/arch/common/CMakeFiles/arch__common.dir/init.c.obj
[pujjolo:ro] [7/411] Generating include/generated/zephyr/kobj-types-enum.h, include/generated/zephyr/otype-to-str.h, include/generated/zephyr/otype-to-size.h
[tarkin:ro] [253/347] Building C object zephyr/drivers/pwm/CMakeFiles/drivers__pwm.dir/pwm_ite_it8xxx2.c.obj
[tarkin:ro] [254/347] Linking C static library zephyr/drivers/pwm/libdrivers__pwm.a
[tarkin:ro] [255/347] Building C object zephyr/drivers/syscon/CMakeFiles/drivers__syscon.dir/mnt/host/source/src/third_party/zephyr/main/misc/empty_file.c.obj
[pujjolo:ro] [8/411] Generating include/generated/device-api-sections.ld, include/generated/device-api-sections.cmake
[rull:ro] [289/403] Building C object zephyr/drivers/espi/CMakeFiles/drivers__espi.dir/espi_it8xxx2.c.obj
[rull:rw] [210/403] Building C object zephyr/arch/common/CMakeFiles/arch__common.dir/dynamic_isr.c.obj
[tarkin:ro] [256/347] Linking C static library zephyr/drivers/syscon/libdrivers__syscon.a
[rull:ro] [290/403] Linking C static library zephyr/drivers/espi/libdrivers__espi.a
[pujjolo:ro] [9/411] cd /mnt/host/source/src/platform/ec/build/zephyr/pujjolo/build-ro/modules/ec/zephyr && PYTHONPATH=/mnt/host/source/src/platform/ec/build/zephyr/pujjolo/modules/ec/zephyr/zmake/ /usr/bin/python3.11 /mnt/host/source/src/platform/ec/build/zephyr/pujjolo/modules/ec/zephyr/zmake/zephyr_build_tools/generate_ec_version.py /mnt/host/source/src/platform/ec/build/zephyr/pujjolo/build-ro/modules/ec/zephyr/include/ec_version.h --name Zephyr-Kernel --version 16543.0.0 --static
[pujjolo:ro] INFO:root:Using a static version string
[tarkin:ro] [257/347] Building C object zephyr/drivers/serial/CMakeFiles/drivers__serial.dir/uart_ite_it8xxx2.c.obj
[pujjolo:ro] INFO:root:Version string: Zephyr-Kernel-16543.0.0
[pujjolo:ro] INFO:root:Writing header to /mnt/host/source/src/platform/ec/build/zephyr/pujjolo/build-ro/modules/ec/zephyr/include/ec_version.h
[pujjolo:ro] [10/411] Building CXX object modules/pigweed/pw_build/CMakeFiles/pw_build.empty.dir/empty_file.cc.obj
[rull:ro] [291/403] Building C object zephyr/drivers/gpio/CMakeFiles/drivers__gpio.dir/gpio_kscan_ite_it8xxx2.c.obj
[rull:ro] [292/403] Building C object zephyr/drivers/i2c/CMakeFiles/drivers__i2c.dir/i2c_common.c.obj
[pujjolo:ro] [11/411] Generating pw_third_party.nanopb.proto/sources/nanopb.proto
[rull:ro] [293/403] Linking C static library zephyr/drivers/gpio/libdrivers__gpio.a
[rull:rw] [211/403] Building C object zephyr/arch/common/CMakeFiles/isr_tables.dir/isr_tables.c.obj
[npcx9:rw] [73/321] Building C object zephyr/arch/common/CMakeFiles/arch__common.dir/sw_isr_common.c.obj
[/mnt/host/source/src/platform/ec/build/zephyr/xivu-lcov]   /mnt/host/source/src/platform/ec/build/zephyr/xivu/build-rw/zephyr/arch/common/CMakeFiles/isr_tables.dir/isr_tables.c.gcno:no functions found
[tarkin:ro] [258/347] Building C object zephyr/drivers/serial/CMakeFiles/drivers__serial.dir/uart_ns16550.c.obj
[/mnt/host/source/src/platform/ec/build/zephyr/xivu-lcov] stderr:
[tarkin:ro] [259/347] Linking C static library zephyr/drivers/serial/libdrivers__serial.a
[rull:rw] [212/403] Building C object zephyr/arch/arch/riscv/core/CMakeFiles/arch__riscv__core.dir/cpu_idle.c.obj
[pujjolo:ro] [12/411] Generating dsp_comms.proto/sources/proto/ec_dsp.proto, dsp_comms.proto/sources/proto/ec_dsp.options
[rull:rw] [213/403] Building C object zephyr/arch/common/CMakeFiles/arch__common.dir/xip.c.obj
[rull:rw] [214/403] Linking C static library zephyr/arch/common/libisr_tables.a
[pujjolo:ro] [13/411] Generating pw_transport.proto/sources/pw_transport/proto/transport.proto, pw_transport.proto/sources/pw_transport/proto/transport.options
[rull:ro] [294/403] Building C object zephyr/drivers/i2c/CMakeFiles/drivers__i2c.dir/i2c_bitbang.c.obj
[rull:rw] [215/403] Linking C static library zephyr/arch/common/libarch__common.a
[tarkin:ro] [260/347] Building C object zephyr/drivers/timer/CMakeFiles/drivers__timer.dir/sys_clock_init.c.obj
[rull:rw] [216/403] Building C object zephyr/arch/arch/riscv/core/CMakeFiles/arch__riscv__core.dir/fatal.c.obj
[rull:ro] [295/403] Building C object zephyr/drivers/i2c/CMakeFiles/drivers__i2c.dir/i2c_shell.c.obj
[rull:rw] [217/403] Building C object zephyr/arch/arch/riscv/core/CMakeFiles/arch__riscv__core.dir/prep_c.c.obj
[tarkin:ro] [261/347] Building C object zephyr/drivers/timer/CMakeFiles/drivers__timer.dir/ite_it8xxx2_timer.c.obj
[npcx9:rw] [74/321] Building C object zephyr/arch/common/CMakeFiles/arch__common.dir/init.c.obj
[tarkin:ro] [262/347] Linking C static library zephyr/drivers/timer/libdrivers__timer.a
[tarkin:ro] [263/347] Building C object zephyr/drivers/watchdog/CMakeFiles/drivers__watchdog.dir/wdt_ite_it8xxx2.c.obj
[pujjolo:ro] [14/411] Generating /mnt/host/source/src/platform/ec/build/zephyr/pujjolo/modules/nanopb/generator/proto/nanopb_pb2.py
[rull:rw] [218/403] Building C object zephyr/arch/arch/riscv/core/CMakeFiles/arch__riscv__core.dir/irq_manage.c.obj
[tarkin:ro] [264/347] Building C object zephyr/drivers/watchdog/CMakeFiles/drivers__watchdog.dir/wdt_shell.c.obj
[rull:ro] [296/403] Building C object zephyr/drivers/input/CMakeFiles/drivers__input.dir/input_ite_it8xxx2_kbd.c.obj
[tarkin:ro] [265/347] Linking C static library zephyr/drivers/watchdog/libdrivers__watchdog.a
[rull:rw] [219/403] Building C object zephyr/arch/arch/riscv/core/CMakeFiles/arch__riscv__core.dir/reboot.c.obj
[rull:ro] [297/403] Building C object zephyr/drivers/i2c/CMakeFiles/drivers__i2c.dir/i2c_ite_enhance.c.obj
[rull:ro] [298/403] Building C object zephyr/drivers/i2c/CMakeFiles/drivers__i2c.dir/i2c_ite_it8xxx2.c.obj
[rull:rw] [220/403] Building ASM object zephyr/arch/arch/riscv/core/CMakeFiles/arch__riscv__core.dir/reset.S.obj
[rull:ro] [299/403] Linking C static library zephyr/drivers/i2c/libdrivers__i2c.a
[rull:rw] [221/403] Building ASM object zephyr/arch/arch/riscv/core/CMakeFiles/arch__riscv__core.dir/switch.S.obj
[rull:ro] [300/403] Building C object zephyr/drivers/input/CMakeFiles/drivers__input.dir/input_kbd_matrix.c.obj
[rull:ro] [301/403] Linking C static library zephyr/drivers/input/libdrivers__input.a
[rull:rw] [222/403] Generating ../../../include/generated/libc/minimal/strerror_table.h
[tarkin:ro] [266/347] Building C object modules/ec/zephyr/CMakeFiles/ec_shim.dir/app/ec/ec_app_main.c.obj
[npcx9:rw] [75/321] Building C object zephyr/arch/common/CMakeFiles/arch__common.dir/xip.c.obj
[pujjolo:ro] [15/411] Generating dsp_comms.proto/nanopb/proto/ec_dsp.pb.h, dsp_comms.proto/nanopb/proto/ec_dsp.pb.c
[tarkin:ro] [267/347] Building C object modules/ec/zephyr/CMakeFiles/ec_shim.dir/app/ec/main_shim.c.obj
[rull:ro] [302/403] Building C object zephyr/drivers/pinctrl/CMakeFiles/drivers__pinctrl.dir/common.c.obj
[rull:rw] [223/403] Building C object zephyr/lib/libc/minimal/CMakeFiles/lib__libc__minimal.dir/source/stdlib/atoi.c.obj
[rull:rw] [224/403] Building C object zephyr/arch/arch/riscv/core/CMakeFiles/arch__riscv__core.dir/thread.c.obj
[tarkin:ro] [268/347] Building C object modules/ec/zephyr/CMakeFiles/ec_shim.dir/drivers/cros_flash/cros_flash_it8xxx2.c.obj
[rull:rw] [225/403] Building ASM object zephyr/arch/arch/riscv/core/CMakeFiles/arch__riscv__core.dir/isr.S.obj
[rull:rw] [226/403] Building C object zephyr/lib/libc/minimal/CMakeFiles/lib__libc__minimal.dir/source/stdlib/strtol.c.obj
[tarkin:ro] [269/347] Building C object modules/ec/zephyr/CMakeFiles/ec_shim.dir/drivers/cros_kb_raw/cros_kb_raw_ite.c.obj
[rull:rw] [227/403] Building C object zephyr/lib/libc/minimal/CMakeFiles/lib__libc__minimal.dir/source/stdlib/strtoul.c.obj
[rull:ro] [303/403] Building C object zephyr/drivers/pwm/CMakeFiles/drivers__pwm.dir/pwm_ite_it8xxx2.c.obj
[rull:rw] [228/403] Building C object zephyr/lib/libc/minimal/CMakeFiles/lib__libc__minimal.dir/source/stdlib/strtoll.c.obj
[rull:rw] [229/403] Building C object zephyr/lib/libc/minimal/CMakeFiles/lib__libc__minimal.dir/source/stdlib/strtoull.c.obj
[rull:rw] [230/403] Building C object zephyr/arch/arch/riscv/core/CMakeFiles/arch__riscv__core.dir/stacktrace.c.obj
[/mnt/host/source/src/platform/ec/build/zephyr/moonstone-lcov]   /mnt/host/source/src/platform/ec/build/zephyr/moonstone/build-rw/zephyr/CMakeFiles/zephyr.dir/subsys/shell/modules/kernel_service/kernel_shell.c.gcno:no functions found
[/mnt/host/source/src/platform/ec/build/zephyr/moonstone-lcov] stderr:
[rull:ro] [304/403] Linking C static library zephyr/drivers/pwm/libdrivers__pwm.a
[rull:rw] [231/403] Building C object zephyr/lib/libc/minimal/CMakeFiles/lib__libc__minimal.dir/source/stdlib/bsearch.c.obj
[npcx9:rw] [76/321] Building C object zephyr/arch/common/CMakeFiles/isr_tables.dir/isr_tables.c.obj
[rull:ro] [305/403] Building C object zephyr/drivers/pinctrl/CMakeFiles/drivers__pinctrl.dir/pinctrl_ite_it8xxx2.c.obj
[npcx9:rw] [77/321] Linking C static library zephyr/arch/common/libisr_tables.a
[rull:rw] [232/403] Linking C static library zephyr/arch/arch/riscv/core/libarch__riscv__core.a
[pujjolo:ro] [16/411] Generating pw_transport.proto/nanopb/pw_transport/proto/transport.pb.h, pw_transport.proto/nanopb/pw_transport/proto/transport.pb.c
[rull:ro] [306/403] Linking C static library zephyr/drivers/pinctrl/libdrivers__pinctrl.a
[npcx9:rw] [78/321] Linking C static library zephyr/arch/common/libarch__common.a
[tarkin:ro] [270/347] Building C object modules/ec/zephyr/CMakeFiles/ec_shim.dir/drivers/cros_kblight/pwm_kblight.c.obj
[rull:rw] [233/403] Building C object zephyr/lib/libc/minimal/CMakeFiles/lib__libc__minimal.dir/source/stdlib/qsort.c.obj
[rull:rw] [234/403] Building C object zephyr/lib/libc/minimal/CMakeFiles/lib__libc__minimal.dir/source/string/strerror.c.obj
[rull:ro] [307/403] Building C object zephyr/drivers/sensor/ite/ite_tach_it8xxx2/CMakeFiles/drivers__sensor__ite__ite_tach_it8xxx2.dir/tach_ite_it8xxx2.c.obj
[rull:rw] [235/403] Building C object zephyr/lib/libc/minimal/CMakeFiles/lib__libc__minimal.dir/source/string/strncasecmp.c.obj
[/mnt/host/source/src/platform/ec/build/zephyr/moonstone-lcov]   /mnt/host/source/src/platform/ec/build/zephyr/moonstone/build-rw/zephyr/CMakeFiles/zephyr.dir/lib/libc/validate_libc.c.gcno:no functions found
[/mnt/host/source/src/platform/ec/build/zephyr/moonstone-lcov] stderr:
[rull:ro] [308/403] Building C object zephyr/drivers/sensor/ite/ite_vcmp_it8xxx2/CMakeFiles/drivers__sensor__ite__ite_vcmp_it8xxx2.dir/vcmp_ite_it8xxx2.c.obj
[rull:ro] [309/403] Linking C static library zephyr/drivers/sensor/ite/ite_tach_it8xxx2/libdrivers__sensor__ite__ite_tach_it8xxx2.a
[rull:rw] [236/403] Building C object zephyr/lib/libc/minimal/CMakeFiles/lib__libc__minimal.dir/source/string/strstr.c.obj
[tarkin:ro] [271/347] Building C object modules/ec/zephyr/CMakeFiles/ec_shim.dir/drivers/cros_system/cros_system_it8xxx2.c.obj
[tarkin:ro] [272/347] Building C object modules/ec/zephyr/CMakeFiles/ec_shim.dir/drivers/usbc/ucsi_v3.c.obj
[rull:rw] [237/403] Building C object zephyr/lib/libc/minimal/CMakeFiles/lib__libc__minimal.dir/source/string/string.c.obj
[rull:rw] [238/403] Building C object zephyr/lib/libc/minimal/CMakeFiles/lib__libc__minimal.dir/source/string/strspn.c.obj
[rull:ro] [310/403] Linking C static library zephyr/drivers/sensor/ite/ite_vcmp_it8xxx2/libdrivers__sensor__ite__ite_vcmp_it8xxx2.a
[rull:rw] [239/403] Building C object zephyr/lib/libc/minimal/CMakeFiles/lib__libc__minimal.dir/source/stdlib/exit.c.obj
[rull:ro] [311/403] Building C object zephyr/drivers/serial/CMakeFiles/drivers__serial.dir/uart_ite_it8xxx2.c.obj
[rull:ro] [312/403] Building C object zephyr/drivers/serial/CMakeFiles/drivers__serial.dir/uart_ns16550.c.obj
[npcx9:rw] [79/321] Building C object zephyr/arch/arch/arm/core/CMakeFiles/arch__arm__core.dir/fatal.c.obj
[rull:rw] [240/403] Building C object zephyr/lib/libc/minimal/CMakeFiles/lib__libc__minimal.dir/source/math/sqrtf.c.obj
[pujjolo:ro] [17/411] Building C object zephyr/CMakeFiles/offsets.dir/arch/arm/core/offsets/offsets.c.obj
[rull:ro] [313/403] Linking C static library zephyr/drivers/serial/libdrivers__serial.a
[rull:ro] [314/403] Building C object zephyr/drivers/timer/CMakeFiles/drivers__timer.dir/sys_clock_init.c.obj
[tarkin:ro] [273/347] Building C object modules/ec/zephyr/CMakeFiles/ec_shim.dir/shim/chip/it8xxx2/clock.c.obj
[rull:rw] [241/403] Building C object zephyr/lib/libc/minimal/CMakeFiles/lib__libc__minimal.dir/source/stdout/stdout_console.c.obj
[rull:rw] [242/403] Building C object zephyr/lib/libc/minimal/CMakeFiles/lib__libc__minimal.dir/source/stdout/fprintf.c.obj
[pujjolo:ro] [18/411] Building C object zephyr/drivers/sensor/CMakeFiles/drivers__sensor.dir/mnt/host/source/src/third_party/zephyr/main/misc/empty_file.c.obj
[rull:ro] [315/403] Building C object zephyr/drivers/timer/CMakeFiles/drivers__timer.dir/ite_it8xxx2_timer.c.obj
[rull:rw] [243/403] Building C object zephyr/lib/libc/minimal/CMakeFiles/lib__libc__minimal.dir/source/stdout/sprintf.c.obj
[rull:rw] [244/403] Building C object zephyr/lib/libc/minimal/CMakeFiles/lib__libc__minimal.dir/source/math/sqrt.c.obj
[tarkin:ro] [274/347] Building C object modules/ec/zephyr/CMakeFiles/ec_shim.dir/shim/chip/it8xxx2/system.c.obj
[rull:ro] [316/403] Linking C static library zephyr/drivers/timer/libdrivers__timer.a
[pujjolo:ro] [19/411] Building C object modules/ec/zephyr/drivers/dsp_comms/CMakeFiles/dsp_comms.proto.nanopb.dir/dsp_comms.proto/nanopb/proto/ec_dsp.pb.c.obj
[rull:rw] [245/403] Building C object zephyr/lib/libc/common/CMakeFiles/lib__libc__common.dir/source/time/asctime.c.obj
[rull:rw] [246/403] Building C object zephyr/lib/libc/common/CMakeFiles/lib__libc__common.dir/source/time/gmtime_r.c.obj
[pujjolo:ro] [20/411] Building C object modules/ec/zephyr/drivers/pw_transport/CMakeFiles/pw_transport.proto.nanopb.dir/pw_transport.proto/nanopb/pw_transport/proto/transport.pb.c.obj
[tarkin:ro] [275/347] Building C object modules/ec/zephyr/CMakeFiles/ec_shim.dir/drivers/usbc/pdc_rts54xx.c.obj
[npcx9:rw] [80/321] Building C object zephyr/arch/arch/arm/core/CMakeFiles/arch__arm__core.dir/nmi.c.obj
[rull:ro] [317/403] Building C object zephyr/drivers/watchdog/CMakeFiles/drivers__watchdog.dir/wdt_ite_it8xxx2.c.obj
[/mnt/host/source/src/platform/ec/build/zephyr/moonstone-lcov]   /mnt/host/source/src/platform/ec/build/zephyr/moonstone/build-rw/zephyr/CMakeFiles/zephyr.dir/lib/utils/last_section_id.c.gcno:no functions found
[/mnt/host/source/src/platform/ec/build/zephyr/moonstone-lcov] stderr:
[rull:rw] [247/403] Building C object zephyr/lib/libc/minimal/CMakeFiles/lib__libc__minimal.dir/source/time/gmtime.c.obj
[npcx9:rw] [81/321] Building ASM object zephyr/arch/arch/arm/core/CMakeFiles/arch__arm__core.dir/nmi_on_reset.S.obj
[rull:rw] [248/403] Building C object zephyr/lib/libc/common/CMakeFiles/lib__libc__common.dir/source/stdlib/abort.c.obj
[rull:rw] [249/403] Building C object zephyr/lib/libc/common/CMakeFiles/lib__libc__common.dir/source/time/ctime.c.obj
[tarkin:ro] [276/347] Building C object modules/ec/zephyr/CMakeFiles/ec_shim.dir/shim/chip/it8xxx2/gpio.c.obj
[rull:rw] [250/403] Building C object zephyr/lib/libc/common/CMakeFiles/lib__libc__common.dir/source/time/localtime_r_utc.c.obj
[rull:rw] [251/403] Linking C static library zephyr/lib/libc/minimal/liblib__libc__minimal.a
[npcx9:rw] [82/321] Linking C static library zephyr/arch/arch/arm/core/libarch__arm__core.a
[rull:ro] [318/403] Building C object zephyr/drivers/watchdog/CMakeFiles/drivers__watchdog.dir/wdt_shell.c.obj
[tarkin:ro] [277/347] Building C object modules/ec/zephyr/CMakeFiles/ec_shim.dir/shim/chip/it8xxx2/keyboard_raw.c.obj
[rull:rw] [252/403] Building C object zephyr/lib/libc/common/CMakeFiles/lib__libc__common.dir/source/string/strnlen.c.obj
[rull:ro] [319/403] Linking C static library zephyr/drivers/watchdog/libdrivers__watchdog.a
[tarkin:ro] [278/347] Building C object modules/ec/zephyr/CMakeFiles/ec_shim.dir/shim/chip/it8xxx2/power_policy.c.obj
[rull:rw] [253/403] Building C object zephyr/lib/posix/c_lib_ext/CMakeFiles/lib__posix__c_lib_ext.dir/fnmatch.c.obj
[rull:ro] [320/403] Building C object modules/ec/zephyr/CMakeFiles/ec_shim.dir/app/ec/ec_app_main.c.obj
[tarkin:ro] [279/347] Building C object modules/ec/zephyr/CMakeFiles/ec_shim.dir/shim/src/crc.c.obj
[rull:ro] [321/403] Building C object modules/ec/zephyr/CMakeFiles/ec_shim.dir/app/ec/main_shim.c.obj
[rull:rw] [254/403] Building C object zephyr/lib/libc/common/CMakeFiles/lib__libc__common.dir/source/time/time.c.obj
[rull:rw] [255/403] Building C object zephyr/subsys/crc/CMakeFiles/subsys__crc.dir/crc4_sw.c.obj
[/mnt/host/source/src/platform/ec/build/zephyr/xivu-lcov]   /mnt/host/source/src/platform/ec/build/zephyr/xivu/build-rw/zephyr/CMakeFiles/zephyr.dir/subsys/shell/modules/kernel_service/kernel_shell.c.gcno:no functions found
[/mnt/host/source/src/platform/ec/build/zephyr/xivu-lcov] stderr:
[tarkin:ro] [280/347] Building C object modules/ec/zephyr/CMakeFiles/ec_shim.dir/shim/chip/it8xxx2/shi.c.obj
[rull:ro] [322/403] Building C object modules/ec/zephyr/CMakeFiles/ec_shim.dir/app/ec/chip/riscv/riscv-ite/it8xxx2-espi.c.obj
[npcx9:rw] [83/321] Building C object zephyr/arch/arch/arm/core/cortex_m/CMakeFiles/arch__arm__core__cortex_m.dir/exc_exit.c.obj
[rull:rw] [256/403] Building C object zephyr/subsys/crc/CMakeFiles/subsys__crc.dir/crc8_sw.c.obj
[rull:rw] [257/403] Building C object zephyr/lib/libc/common/CMakeFiles/lib__libc__common.dir/source/stdlib/malloc.c.obj
[/mnt/host/source/src/platform/ec/build/zephyr/xivu-lcov]   /mnt/host/source/src/platform/ec/build/zephyr/xivu/build-rw/zephyr/CMakeFiles/zephyr.dir/lib/libc/validate_libc.c.gcno:no functions found
[/mnt/host/source/src/platform/ec/build/zephyr/xivu-lcov] stderr:
[rull:rw] [258/403] Linking C static library zephyr/lib/libc/common/liblib__libc__common.a
[rull:rw] [259/403] Building C object zephyr/lib/posix/c_lib_ext/CMakeFiles/lib__posix__c_lib_ext.dir/getopt_shim.c.obj
[rull:rw] [260/403] Building C object zephyr/lib/posix/c_lib_ext/CMakeFiles/lib__posix__c_lib_ext.dir/getentropy.c.obj
[rull:rw] [261/403] Building C object zephyr/subsys/crc/CMakeFiles/subsys__crc.dir/crc16_sw.c.obj
[rull:rw] [262/403] Linking C static library zephyr/lib/posix/c_lib_ext/liblib__posix__c_lib_ext.a
[rull:rw] [263/403] Building C object zephyr/subsys/crc/CMakeFiles/subsys__crc.dir/crc7_sw.c.obj
[rull:rw] [264/403] Building C object zephyr/subsys/crc/CMakeFiles/subsys__crc.dir/crc24_sw.c.obj
[tarkin:ro] [281/347] Building C object modules/ec/zephyr/CMakeFiles/ec_shim.dir/shim/src/console.c.obj
[rull:rw] [265/403] Building C object zephyr/subsys/crc/CMakeFiles/subsys__crc.dir/crc32_sw.c.obj
[rull:ro] [323/403] Building C object modules/ec/zephyr/CMakeFiles/ec_shim.dir/drivers/cros_kblight/pwm_kblight.c.obj
[rull:rw] [266/403] Building C object zephyr/subsys/crc/CMakeFiles/subsys__crc.dir/crc32c_sw.c.obj
[rull:ro] [324/403] Building C object modules/ec/zephyr/CMakeFiles/ec_shim.dir/drivers/cros_system/cros_system_it8xxx2.c.obj
[rull:ro] [325/403] Building C object modules/ec/zephyr/CMakeFiles/ec_shim.dir/drivers/cros_flash/cros_flash_it8xxx2.c.obj
[rull:rw] [267/403] Building C object zephyr/subsys/crc/CMakeFiles/subsys__crc.dir/crc32k_4_2_sw.c.obj
[rull:ro] [326/403] Building C object modules/ec/zephyr/CMakeFiles/ec_shim.dir/drivers/keyboard_input/keyboard_customization_check.c.obj
[tarkin:ro] [282/347] Building C object modules/ec/zephyr/CMakeFiles/ec_shim.dir/shim/src/gpio_int.c.obj
[rull:rw] [268/403] Linking C static library zephyr/subsys/crc/libsubsys__crc.a
[tarkin:ro] [283/347] Building C object modules/ec/zephyr/CMakeFiles/ec_shim.dir/shim/src/panic_utils.c.obj
[tarkin:ro] [284/347] Building C object modules/ec/zephyr/CMakeFiles/ec_shim.dir/shim/src/gpio.c.obj
[rull:rw] [269/403] Building C object zephyr/subsys/input/CMakeFiles/subsys__input.dir/input_hid.c.obj
[npcx9:rw] [84/321] Building C object zephyr/arch/arch/arm/core/cortex_m/CMakeFiles/arch__arm__core__cortex_m.dir/fault.c.obj
[rull:rw] [270/403] Building C object zephyr/subsys/input/CMakeFiles/subsys__input.dir/input.c.obj
[rull:ro] [327/403] Building C object modules/ec/zephyr/CMakeFiles/ec_shim.dir/drivers/keyboard_input/keyboard_input.c.obj
[npcx9:rw] [85/321] Building ASM object zephyr/arch/arch/arm/core/cortex_m/CMakeFiles/arch__arm__core__cortex_m.dir/fault_s.S.obj
[tarkin:ro] [285/347] Building C object modules/ec/zephyr/CMakeFiles/ec_shim.dir/shim/src/pm_state.c.obj
[pujjolo:ro] [21/411] Building CXX object modules/ec/zephyr/shim/src/CMakeFiles/platform_ec_log.tokenized_handler.dir/pw_log_zephyr_tokenized.cc.obj
[rull:rw] [271/403] Building C object zephyr/subsys/input/CMakeFiles/subsys__input.dir/input_utils.c.obj
[rull:ro] [328/403] Building C object modules/ec/zephyr/CMakeFiles/ec_shim.dir/drivers/keyboard_input/col_gpio_drive.c.obj
[tarkin:ro] [286/347] Building C object modules/ec/zephyr/CMakeFiles/ec_shim.dir/shim/src/cbi/cros_cbi.c.obj
[rull:rw] [272/403] Linking C static library zephyr/subsys/input/libsubsys__input.a
[rull:rw] [273/403] Building C object zephyr/drivers/interrupt_controller/CMakeFiles/drivers__interrupt_controller.dir/intc_ite_it8xxx2.c.obj
[rull:ro] [329/403] Building C object modules/ec/zephyr/CMakeFiles/ec_shim.dir/drivers/boot_keys/boot_keys.c.obj
[rull:ro] [330/403] Building C object modules/ec/zephyr/CMakeFiles/ec_shim.dir/drivers/runtime_keys/runtime_keys.c.obj
[tarkin:ro] [287/347] Building C object modules/ec/zephyr/CMakeFiles/ec_shim.dir/shim/src/cbi/cbi_flash.c.obj
[tarkin:ro] [288/347] Building C object modules/ec/zephyr/CMakeFiles/ec_shim.dir/shim/src/cbi/cros_cbi_fw_config.c.obj
[rull:rw] [274/403] Building C object zephyr/drivers/interrupt_controller/CMakeFiles/drivers__interrupt_controller.dir/wuc_ite_it8xxx2.c.obj
[rull:rw] [275/403] Building C object zephyr/drivers/adc/CMakeFiles/drivers__adc.dir/adc_common.c.obj
[rull:rw] [276/403] Linking C static library zephyr/drivers/interrupt_controller/libdrivers__interrupt_controller.a
[/mnt/host/source/src/platform/ec/build/zephyr/xivu-lcov]   /mnt/host/source/src/platform/ec/build/zephyr/xivu/build-rw/zephyr/CMakeFiles/zephyr.dir/lib/utils/last_section_id.c.gcno:no functions found
[/mnt/host/source/src/platform/ec/build/zephyr/xivu-lcov] stderr:
[npcx9:rw] [86/321] Building C object zephyr/arch/arch/arm/core/cortex_m/CMakeFiles/arch__arm__core__cortex_m.dir/fpu.c.obj
[rull:ro] [331/403] Building C object modules/ec/zephyr/CMakeFiles/ec_shim.dir/drivers/vivaldi_kbd/vivaldi_kbd.c.obj
[rull:rw] [277/403] Building C object zephyr/drivers/bbram/CMakeFiles/drivers__bbram.dir/bbram_it8xxx2.c.obj
[rull:rw] [278/403] Building C object zephyr/drivers/adc/CMakeFiles/drivers__adc.dir/adc_ite_it8xxx2.c.obj
[rull:ro] [332/403] Building C object modules/ec/zephyr/CMakeFiles/ec_shim.dir/shim/chip/it8xxx2/clock.c.obj
[tarkin:ro] [289/347] Building C object modules/ec/zephyr/CMakeFiles/ec_shim.dir/shim/src/led_driver/led.c.obj
[rull:rw] [279/403] Linking C static library zephyr/drivers/bbram/libdrivers__bbram.a
[rull:rw] [280/403] Linking C static library zephyr/drivers/adc/libdrivers__adc.a
[tarkin:ro] [290/347] Building C object modules/ec/zephyr/CMakeFiles/ec_shim.dir/shim/src/led_driver/led_pwm.c.obj
[rull:ro] [333/403] Building C object modules/ec/zephyr/CMakeFiles/ec_shim.dir/shim/chip/it8xxx2/system.c.obj
[rull:rw] [281/403] Building C object zephyr/drivers/console/CMakeFiles/drivers__console.dir/uart_console.c.obj
[rull:rw] [282/403] Linking C static library zephyr/drivers/console/libdrivers__console.a
[/mnt/host/source/src/platform/ec/build/zephyr/moonstone-lcov]   /mnt/host/source/src/platform/ec/build/zephyr/moonstone/build-rw/zephyr/CMakeFiles/zephyr.dir/soc/ite/ec/it8xxx2/check_regs.c.gcno:no functions found
[/mnt/host/source/src/platform/ec/build/zephyr/moonstone-lcov] stderr:
[rull:ro] [334/403] Building C object modules/ec/zephyr/CMakeFiles/ec_shim.dir/shim/chip/it8xxx2/gpio.c.obj
[pujjolo:ro] [22/411] Building CXX object modules/pigweed/pw_base64/CMakeFiles/pw_base64.dir/base64.cc.obj
[rull:rw] [283/403] Building C object zephyr/drivers/eeprom/CMakeFiles/drivers__eeprom.dir/eeprom_shell.c.obj
[npcx9:rw] [87/321] Building ASM object zephyr/arch/arch/arm/core/cortex_m/CMakeFiles/arch__arm__core__cortex_m.dir/reset.S.obj
[tarkin:ro] [291/347] Building C object modules/ec/zephyr/CMakeFiles/ec_shim.dir/shim/src/system.c.obj
[rull:ro] [335/403] Building C object modules/ec/zephyr/CMakeFiles/ec_shim.dir/shim/src/crc.c.obj
[tarkin:ro] [292/347] Building C object modules/ec/zephyr/CMakeFiles/ec_shim.dir/shim/src/pdc_shim.c.obj
[rull:ro] [336/403] Building C object modules/ec/zephyr/CMakeFiles/ec_shim.dir/shim/chip/it8xxx2/power_policy.c.obj
[rull:rw] [284/403] Building C object zephyr/drivers/eeprom/CMakeFiles/drivers__eeprom.dir/eeprom_at2x.c.obj
[tarkin:ro] [293/347] Building C object modules/ec/zephyr/CMakeFiles/ec_shim.dir/shim/src/battery.c.obj
[rull:rw] [285/403] Linking C static library zephyr/drivers/eeprom/libdrivers__eeprom.a
[rull:ro] [337/403] Building C object modules/ec/zephyr/CMakeFiles/ec_shim.dir/shim/src/console.c.obj
[rull:rw] [286/403] Building C object zephyr/drivers/flash/CMakeFiles/drivers__flash.dir/flash_ite_it8xxx2.c.obj
[tarkin:ro] [294/347] Building C object modules/ec/zephyr/CMakeFiles/ec_shim.dir/shim/src/adc.c.obj
[npcx9:rw] [88/321] Building C object zephyr/arch/arch/arm/core/cortex_m/CMakeFiles/arch__arm__core__cortex_m.dir/scb.c.obj
[rull:rw] [287/403] Building C object zephyr/drivers/espi/CMakeFiles/drivers__espi.dir/espi_it8xxx2.c.obj
[tarkin:ro] [295/347] Building C object modules/ec/zephyr/CMakeFiles/ec_shim.dir/shim/src/charger.c.obj
[rull:rw] [288/403] Linking C static library zephyr/drivers/flash/libdrivers__flash.a
[rull:rw] [289/403] Linking C static library zephyr/drivers/espi/libdrivers__espi.a
[rull:rw] [290/403] Building C object zephyr/drivers/gpio/CMakeFiles/drivers__gpio.dir/gpio_ite_it8xxx2.c.obj
[rull:ro] [338/403] Building C object modules/ec/zephyr/CMakeFiles/ec_shim.dir/shim/src/panic_utils.c.obj
[rull:ro] [339/403] Building C object modules/ec/zephyr/CMakeFiles/ec_shim.dir/shim/src/gpio_int.c.obj
[rull:ro] [340/403] Building C object modules/ec/zephyr/CMakeFiles/ec_shim.dir/shim/src/gpio.c.obj
[tarkin:ro] [296/347] Building C object modules/ec/zephyr/CMakeFiles/ec_shim.dir/shim/src/flash.c.obj
[rull:rw] [291/403] Building C object zephyr/drivers/gpio/CMakeFiles/drivers__gpio.dir/gpio_kscan_ite_it8xxx2.c.obj
[npcx9:rw] [89/321] Building C object zephyr/arch/arch/arm/core/cortex_m/CMakeFiles/arch__arm__core__cortex_m.dir/thread_abort.c.obj
[rull:rw] [292/403] Linking C static library zephyr/drivers/gpio/libdrivers__gpio.a
[rull:ro] [341/403] Building C object modules/ec/zephyr/CMakeFiles/ec_shim.dir/shim/src/pm_state.c.obj
[rull:rw] [293/403] Building C object zephyr/drivers/i2c/CMakeFiles/drivers__i2c.dir/i2c_bitbang.c.obj
[tarkin:ro] [297/347] Building C object modules/ec/zephyr/CMakeFiles/ec_shim.dir/shim/src/hooks.c.obj
[tarkin:ro] [298/347] Building C object modules/ec/zephyr/CMakeFiles/ec_shim.dir/shim/src/host_command.c.obj
[rull:rw] [294/403] Building C object zephyr/drivers/i2c/CMakeFiles/drivers__i2c.dir/i2c_common.c.obj
[tarkin:ro] [299/347] Building C object modules/ec/zephyr/CMakeFiles/ec_shim.dir/shim/src/console_buffer.c.obj
[rull:ro] [342/403] Building C object modules/ec/zephyr/CMakeFiles/ec_shim.dir/shim/src/cbi/cros_cbi.c.obj
[rull:rw] [295/403] Building C object zephyr/drivers/i2c/CMakeFiles/drivers__i2c.dir/i2c_shell.c.obj
[npcx9:rw] [90/321] Building ASM object zephyr/arch/arch/arm/core/cortex_m/CMakeFiles/arch__arm__core__cortex_m.dir/vector_table.S.obj
[rull:ro] [343/403] Building C object modules/ec/zephyr/CMakeFiles/ec_shim.dir/shim/src/cbi/cros_cbi_fw_config.c.obj
[pujjolo:ro] [23/411] Building CXX object modules/pigweed/pw_bytes/CMakeFiles/pw_bytes.dir/byte_builder.cc.obj
[tarkin:ro] [300/347] Building C object modules/ec/zephyr/CMakeFiles/ec_shim.dir/shim/src/keyboard_raw.c.obj
[rull:ro] [344/403] Building C object modules/ec/zephyr/CMakeFiles/ec_shim.dir/shim/src/cbi/cbi_eeprom.c.obj
[pujjolo:ro] [24/411] Building CXX object modules/pigweed/pw_containers/CMakeFiles/pw_containers.intrusive_item.dir/intrusive_item.cc.obj
[tarkin:ro] [301/347] Building C object modules/ec/zephyr/CMakeFiles/ec_shim.dir/shim/src/keyscan.c.obj
[rull:rw] [296/403] Building C object zephyr/drivers/i2c/CMakeFiles/drivers__i2c.dir/i2c_ite_enhance.c.obj
[rull:rw] [297/403] Building C object zephyr/drivers/input/CMakeFiles/drivers__input.dir/input_ite_it8xxx2_kbd.c.obj
[rull:ro] [345/403] Building C object modules/ec/zephyr/CMakeFiles/ec_shim.dir/shim/src/led_driver/led.c.obj
[rull:rw] [298/403] Building C object zephyr/drivers/i2c/CMakeFiles/drivers__i2c.dir/i2c_ite_it8xxx2.c.obj
[rull:rw] [299/403] Building C object zephyr/drivers/input/CMakeFiles/drivers__input.dir/input_kbd_matrix.c.obj
[tarkin:ro] [302/347] Building C object modules/ec/zephyr/CMakeFiles/ec_shim.dir/shim/src/panic.c.obj
[npcx9:rw] [91/321] Building ASM object zephyr/arch/arch/arm/core/cortex_m/CMakeFiles/arch__arm__core__cortex_m.dir/swap_helper.S.obj
[tarkin:ro] [303/347] Building C object modules/ec/zephyr/CMakeFiles/ec_shim.dir/shim/src/mkbp_event.c.obj
[rull:rw] [300/403] Linking C static library zephyr/drivers/input/libdrivers__input.a
[rull:rw] [301/403] Linking C static library zephyr/drivers/i2c/libdrivers__i2c.a
[rull:ro] [346/403] Building C object modules/ec/zephyr/CMakeFiles/ec_shim.dir/shim/src/led_driver/led_gpio.c.obj
[rull:ro] [347/403] Building C object modules/ec/zephyr/CMakeFiles/ec_shim.dir/shim/src/system.c.obj
[tarkin:ro] [304/347] Building C object modules/ec/zephyr/CMakeFiles/ec_shim.dir/shim/src/power.c.obj
[rull:ro] [348/403] Building C object modules/ec/zephyr/CMakeFiles/ec_shim.dir/shim/src/adc.c.obj
[rull:rw] [302/403] Building C object zephyr/drivers/pinctrl/CMakeFiles/drivers__pinctrl.dir/common.c.obj
[npcx9:rw] [92/321] Building C object zephyr/arch/arch/arm/core/cortex_m/CMakeFiles/arch__arm__core__cortex_m.dir/irq_manage.c.obj
[rull:rw] [303/403] Building C object zephyr/drivers/pwm/CMakeFiles/drivers__pwm.dir/pwm_ite_it8xxx2.c.obj
[tarkin:ro] [305/347] Building C object modules/ec/zephyr/CMakeFiles/ec_shim.dir/shim/src/pwm_hc.c.obj
[rull:rw] [304/403] Linking C static library zephyr/drivers/pwm/libdrivers__pwm.a
[rull:ro] [349/403] Building C object modules/ec/zephyr/CMakeFiles/ec_shim.dir/shim/src/battery.c.obj
[tarkin:ro] [306/347] Building C object modules/ec/zephyr/CMakeFiles/ec_shim.dir/shim/src/thermal.c.obj
[rull:rw] [305/403] Building C object zephyr/drivers/sensor/ite/ite_tach_it8xxx2/CMakeFiles/drivers__sensor__ite__ite_tach_it8xxx2.dir/tach_ite_it8xxx2.c.obj
[rull:rw] [306/403] Building C object zephyr/drivers/pinctrl/CMakeFiles/drivers__pinctrl.dir/pinctrl_ite_it8xxx2.c.obj
[rull:ro] [350/403] Building C object modules/ec/zephyr/CMakeFiles/ec_shim.dir/shim/src/charger.c.obj
[rull:rw] [307/403] Linking C static library zephyr/drivers/sensor/ite/ite_tach_it8xxx2/libdrivers__sensor__ite__ite_tach_it8xxx2.a
[rull:rw] [308/403] Linking C static library zephyr/drivers/pinctrl/libdrivers__pinctrl.a
[tarkin:ro] [307/347] Building C object modules/ec/zephyr/CMakeFiles/ec_shim.dir/shim/src/temp_sensors.c.obj
[tarkin:ro] [308/347] Building C object modules/ec/zephyr/CMakeFiles/ec_shim.dir/shim/src/hwtimer.c.obj
[npcx9:rw] [93/321] Building C object zephyr/arch/arch/arm/core/cortex_m/CMakeFiles/arch__arm__core__cortex_m.dir/prep_c.c.obj
[rull:ro] [351/403] Building C object modules/ec/zephyr/CMakeFiles/ec_shim.dir/shim/src/chipset_api.c.obj
[rull:rw] [309/403] Building C object zephyr/drivers/sensor/ite/ite_vcmp_it8xxx2/CMakeFiles/drivers__sensor__ite__ite_vcmp_it8xxx2.dir/vcmp_ite_it8xxx2.c.obj
[/mnt/host/source/src/platform/ec/build/zephyr/moonstone-lcov]   /mnt/host/source/src/platform/ec/build/zephyr/moonstone/build-rw/zephyr/kernel/CMakeFiles/kernel.dir/errno.c.gcno:no functions found
[/mnt/host/source/src/platform/ec/build/zephyr/moonstone-lcov] stderr:
[pujjolo:ro] [25/411] Building CXX object modules/pigweed/pw_log_tokenized/CMakeFiles/pw_log_tokenized.dir/log_tokenized.cc.obj
[rull:rw] [310/403] Building C object zephyr/drivers/serial/CMakeFiles/drivers__serial.dir/uart_ite_it8xxx2.c.obj
[rull:rw] [311/403] Linking C static library zephyr/drivers/sensor/ite/ite_vcmp_it8xxx2/libdrivers__sensor__ite__ite_vcmp_it8xxx2.a
[pujjolo:ro] [26/411] Building CXX object modules/pigweed/pw_status/CMakeFiles/pw_status.dir/status.cc.obj
[rull:ro] [352/403] Building C object modules/ec/zephyr/CMakeFiles/ec_shim.dir/shim/src/espi.c.obj
[rull:rw] [312/403] Building C object zephyr/drivers/timer/CMakeFiles/drivers__timer.dir/sys_clock_init.c.obj
[rull:rw] [313/403] Building C object zephyr/drivers/serial/CMakeFiles/drivers__serial.dir/uart_ns16550.c.obj
[tarkin:ro] [309/347] Building C object modules/ec/zephyr/CMakeFiles/ec_shim.dir/shim/src/i2c.c.obj
[rull:ro] [353/403] Building C object modules/ec/zephyr/CMakeFiles/ec_shim.dir/shim/src/fan.c.obj
[rull:ro] [354/403] Building C object modules/ec/zephyr/CMakeFiles/ec_shim.dir/shim/src/flash.c.obj
[rull:rw] [314/403] Linking C static library zephyr/drivers/serial/libdrivers__serial.a
[tarkin:ro] [310/347] Building C object modules/ec/zephyr/CMakeFiles/ec_shim.dir/shim/src/tasks.c.obj
[npcx9:rw] [94/321] Building C object zephyr/arch/arch/arm/core/cortex_m/CMakeFiles/arch__arm__core__cortex_m.dir/thread.c.obj
[tarkin:ro] [311/347] Building C object modules/ec/zephyr/CMakeFiles/ec_shim.dir/shim/src/usba.c.obj
[rull:rw] [315/403] Building C object zephyr/drivers/timer/CMakeFiles/drivers__timer.dir/ite_it8xxx2_timer.c.obj
[rull:rw] [316/403] Linking C static library zephyr/drivers/timer/libdrivers__timer.a
[rull:rw] [317/403] Building C object zephyr/drivers/watchdog/CMakeFiles/drivers__watchdog.dir/wdt_ite_it8xxx2.c.obj
[rull:ro] [355/403] Building C object modules/ec/zephyr/CMakeFiles/ec_shim.dir/shim/src/hooks.c.obj
[tarkin:ro] [312/347] Building C object modules/ec/zephyr/CMakeFiles/ec_shim.dir/shim/src/watchdog.c.obj
[rull:rw] [318/403] Building C object zephyr/drivers/watchdog/CMakeFiles/drivers__watchdog.dir/wdt_shell.c.obj
[rull:rw] [319/403] Linking C static library zephyr/drivers/watchdog/libdrivers__watchdog.a
[rull:ro] [356/403] Building C object modules/ec/zephyr/CMakeFiles/ec_shim.dir/shim/src/host_command.c.obj
[tarkin:ro] [313/347] Building C object zephyr/kernel/CMakeFiles/kernel.dir/main_weak.c.obj
[rull:ro] [357/403] Building C object modules/ec/zephyr/CMakeFiles/ec_shim.dir/shim/src/mkbp_event.c.obj
[rull:ro] [358/403] Building C object modules/ec/zephyr/CMakeFiles/ec_shim.dir/shim/src/console_buffer.c.obj
[npcx9:rw] [95/321] Building C object zephyr/arch/arch/arm/core/cortex_m/CMakeFiles/arch__arm__core__cortex_m.dir/cpu_idle.c.obj
[tarkin:ro] [314/347] Building C object modules/ec/zephyr/CMakeFiles/ec_shim.dir/shim/src/sha256_hw.c.obj
[tarkin:ro] [315/347] Building C object zephyr/kernel/CMakeFiles/kernel.dir/banner.c.obj
[tarkin:ro] [316/347] Linking C static library modules/ec/zephyr/libec_shim.a
[/mnt/host/source/src/platform/ec/build/zephyr/moonstone-lcov]   /mnt/host/source/src/platform/ec/build/zephyr/moonstone/build-rw/zephyr/lib/libc/picolibc/CMakeFiles/lib__libc__picolibc.dir/errno_wrap.c.gcno:no functions found
[/mnt/host/source/src/platform/ec/build/zephyr/moonstone-lcov] stderr:
[tarkin:ro] [317/347] Building C object zephyr/kernel/CMakeFiles/kernel.dir/busy_wait.c.obj
[rull:rw] [320/403] Building C object modules/ec/zephyr/CMakeFiles/ec_shim.dir/app/ec/ec_app_main.c.obj
[rull:rw] [321/403] Building C object modules/ec/zephyr/CMakeFiles/ec_shim.dir/app/ec/main_shim.c.obj
[rull:rw] [322/403] Building C object modules/ec/zephyr/CMakeFiles/ec_shim.dir/app/ec/chip/riscv/riscv-ite/it8xxx2-espi.c.obj
[rull:ro] [359/403] Building C object modules/ec/zephyr/CMakeFiles/ec_shim.dir/shim/src/panic.c.obj
[npcx9:rw] [96/321] Building C object zephyr/arch/arch/arm/core/cortex_m/CMakeFiles/arch__arm__core__cortex_m.dir/irq_init.c.obj
[tarkin:ro] [318/347] Building C object zephyr/kernel/CMakeFiles/kernel.dir/device.c.obj
[rull:ro] [360/403] Building C object modules/ec/zephyr/CMakeFiles/ec_shim.dir/shim/src/pwm_hc.c.obj
[tarkin:ro] [319/347] Building C object zephyr/kernel/CMakeFiles/kernel.dir/errno.c.obj
[rull:ro] [361/403] Building C object modules/ec/zephyr/CMakeFiles/ec_shim.dir/shim/src/thermal.c.obj
[rull:rw] [323/403] Building C object modules/ec/zephyr/CMakeFiles/ec_shim.dir/drivers/cros_flash/cros_flash_it8xxx2.c.obj
[pujjolo:ro] [27/411] Building CXX object modules/pigweed/pw_tokenizer/CMakeFiles/pw_tokenizer.dir/encode_args.cc.obj
[tarkin:ro] [320/347] Building C object zephyr/kernel/CMakeFiles/kernel.dir/fatal.c.obj
[rull:ro] [362/403] Building C object modules/ec/zephyr/CMakeFiles/ec_shim.dir/shim/src/temp_sensors.c.obj
[rull:rw] [324/403] Building C object modules/ec/zephyr/CMakeFiles/ec_shim.dir/drivers/keyboard_input/keyboard_customization_check.c.obj
[rull:rw] [325/403] Building C object modules/ec/zephyr/CMakeFiles/ec_shim.dir/drivers/cros_kblight/pwm_kblight.c.obj
[rull:ro] [363/403] Building C object modules/ec/zephyr/CMakeFiles/ec_shim.dir/shim/src/hwtimer.c.obj
[tarkin:ro] [321/347] Building C object zephyr/kernel/CMakeFiles/kernel.dir/init.c.obj
[npcx9:rw] [97/321] Building C object zephyr/arch/arch/arm/core/cortex_m/CMakeFiles/arch__arm__core__cortex_m.dir/isr_wrapper.c.obj
[rull:rw] [326/403] Building C object modules/ec/zephyr/CMakeFiles/ec_shim.dir/drivers/cros_system/cros_system_it8xxx2.c.obj
[npcx9:rw] [98/321] Linking C static library zephyr/arch/arch/arm/core/cortex_m/libarch__arm__core__cortex_m.a
[rull:rw] [327/403] Building C object modules/ec/zephyr/CMakeFiles/ec_shim.dir/drivers/keyboard_input/keyboard_input.c.obj
[tarkin:ro] [322/347] Building C object zephyr/kernel/CMakeFiles/kernel.dir/version.c.obj
[tarkin:ro] [323/347] Building C object zephyr/kernel/CMakeFiles/kernel.dir/kheap.c.obj
[tarkin:ro] [324/347] Building C object zephyr/kernel/CMakeFiles/kernel.dir/mem_slab.c.obj
[tarkin:ro] [325/347] Building C object zephyr/kernel/CMakeFiles/kernel.dir/float.c.obj
[pujjolo:ro] [28/411] Building CXX object modules/pigweed/pw_tokenizer/CMakeFiles/pw_tokenizer.dir/hash.cc.obj
[rull:ro] [364/403] Building C object modules/ec/zephyr/CMakeFiles/ec_shim.dir/shim/src/i2c.c.obj
[rull:rw] [328/403] Building C object modules/ec/zephyr/CMakeFiles/ec_shim.dir/drivers/keyboard_input/col_gpio_drive.c.obj
[rull:ro] [365/403] Building C object modules/ec/zephyr/CMakeFiles/ec_shim.dir/shim/src/tasks.c.obj
[rull:ro] [366/403] Building C object modules/ec/zephyr/CMakeFiles/ec_shim.dir/shim/src/watchdog.c.obj
[npcx9:rw] [99/321] Building C object zephyr/arch/arch/arm/core/mpu/CMakeFiles/arch__arm__core__mpu.dir/arm_core_mpu.c.obj
[rull:rw] [329/403] Building C object modules/ec/zephyr/CMakeFiles/ec_shim.dir/drivers/boot_keys/boot_keys.c.obj
[rull:ro] [367/403] Building C object modules/ec/zephyr/CMakeFiles/ec_shim.dir/shim/src/ppc.c.obj
[tarkin:ro] [326/347] Building C object zephyr/kernel/CMakeFiles/kernel.dir/idle.c.obj
[tarkin:ro] [327/347] Building C object zephyr/kernel/CMakeFiles/kernel.dir/msg_q.c.obj
[tarkin:ro] [328/347] Building C object zephyr/kernel/CMakeFiles/kernel.dir/mailbox.c.obj
[rull:rw] [330/403] Building C object modules/ec/zephyr/CMakeFiles/ec_shim.dir/drivers/vivaldi_kbd/vivaldi_kbd.c.obj
[rull:rw] [331/403] Building C object modules/ec/zephyr/CMakeFiles/ec_shim.dir/drivers/runtime_keys/runtime_keys.c.obj
[/mnt/host/source/src/platform/ec/build/zephyr/moonstone-lcov]   /mnt/host/source/src/platform/ec/build/zephyr/moonstone/build-rw/zephyr/drivers/sensor/CMakeFiles/drivers__sensor.dir/mnt/host/source/src/third_party/zephyr/main/misc/empty_file.c.gcno:no functions found
[/mnt/host/source/src/platform/ec/build/zephyr/moonstone-lcov] stderr:
[rull:rw] [332/403] Building C object modules/ec/zephyr/CMakeFiles/ec_shim.dir/shim/chip/it8xxx2/clock.c.obj
[rull:ro] [368/403] Building C object modules/ec/zephyr/CMakeFiles/ec_shim.dir/shim/src/usba.c.obj
[tarkin:ro] [329/347] Building C object zephyr/kernel/CMakeFiles/kernel.dir/mutex.c.obj
[rull:ro] [369/403] Building C object zephyr/kernel/CMakeFiles/kernel.dir/main_weak.c.obj
[npcx9:rw] [100/321] Building C object zephyr/arch/arch/arm/core/mpu/CMakeFiles/arch__arm__core__mpu.dir/arm_mpu.c.obj
[rull:ro] [370/403] Building C object modules/ec/zephyr/CMakeFiles/ec_shim.dir/shim/src/power_host_sleep_api.c.obj
[rull:ro] [371/403] Building C object modules/ec/zephyr/CMakeFiles/ec_shim.dir/shim/src/usb_muxes.c.obj
[tarkin:ro] [330/347] Building C object zephyr/kernel/CMakeFiles/kernel.dir/stack.c.obj
[tarkin:ro] [331/347] Building C object zephyr/kernel/CMakeFiles/kernel.dir/sem.c.obj
[rull:rw] [333/403] Building C object modules/ec/zephyr/CMakeFiles/ec_shim.dir/shim/chip/it8xxx2/gpio.c.obj
[rull:ro] [372/403] Linking C static library modules/ec/zephyr/libec_shim.a
[tarkin:ro] [332/347] Building C object zephyr/kernel/CMakeFiles/kernel.dir/queue.c.obj
[rull:rw] [334/403] Building C object modules/ec/zephyr/CMakeFiles/ec_shim.dir/shim/chip/it8xxx2/system.c.obj
[rull:ro] [373/403] Building C object zephyr/kernel/CMakeFiles/kernel.dir/banner.c.obj
[rull:rw] [335/403] Building C object modules/ec/zephyr/CMakeFiles/ec_shim.dir/shim/src/crc.c.obj
[tarkin:ro] [333/347] Building C object zephyr/kernel/CMakeFiles/kernel.dir/system_work_q.c.obj
[/mnt/host/source/src/platform/ec/build/zephyr/xivu-lcov]   /mnt/host/source/src/platform/ec/build/zephyr/xivu/build-rw/zephyr/CMakeFiles/zephyr.dir/soc/nuvoton/npcx/common/npcxn/registers.c.gcno:no functions found
[/mnt/host/source/src/platform/ec/build/zephyr/xivu-lcov] stderr:
[pujjolo:ro] [29/411] Building CXX object modules/pigweed/pw_tokenizer/CMakeFiles/pw_tokenizer.dir/tokenize.cc.obj
[rull:ro] [374/403] Building C object zephyr/kernel/CMakeFiles/kernel.dir/busy_wait.c.obj
[rull:rw] [336/403] Building C object modules/ec/zephyr/CMakeFiles/ec_shim.dir/shim/src/console.c.obj
[npcx9:rw] [101/321] Building C object zephyr/arch/arch/arm/core/mpu/CMakeFiles/arch__arm__core__mpu.dir/arm_mpu_regions.c.obj
[npcx9:rw] [102/321] Linking C static library zephyr/arch/arch/arm/core/mpu/libarch__arm__core__mpu.a
[rull:ro] [375/403] Building C object zephyr/kernel/CMakeFiles/kernel.dir/device.c.obj
[rull:rw] [337/403] Building C object modules/ec/zephyr/CMakeFiles/ec_shim.dir/shim/chip/it8xxx2/power_policy.c.obj
[npcx9:rw] [103/321] Generating ../../../include/generated/libc/minimal/strerror_table.h
[rull:ro] [376/403] Building C object zephyr/kernel/CMakeFiles/kernel.dir/errno.c.obj
[tarkin:ro] [334/347] Building C object zephyr/kernel/CMakeFiles/kernel.dir/condvar.c.obj
[npcx9:rw] [104/321] Building C object zephyr/lib/libc/minimal/CMakeFiles/lib__libc__minimal.dir/source/stdlib/atoi.c.obj
[tarkin:ro] [335/347] Building C object zephyr/kernel/CMakeFiles/kernel.dir/thread.c.obj
[rull:ro] [377/403] Building C object zephyr/kernel/CMakeFiles/kernel.dir/fatal.c.obj
[tarkin:ro] [336/347] Building C object zephyr/kernel/CMakeFiles/kernel.dir/work.c.obj
[npcx9:rw] [105/321] Building C object zephyr/lib/libc/minimal/CMakeFiles/lib__libc__minimal.dir/source/stdlib/strtol.c.obj
[rull:rw] [338/403] Building C object modules/ec/zephyr/CMakeFiles/ec_shim.dir/shim/src/gpio.c.obj
[rull:ro] [378/403] Building C object zephyr/kernel/CMakeFiles/kernel.dir/init.c.obj
[rull:rw] [339/403] Building C object modules/ec/zephyr/CMakeFiles/ec_shim.dir/shim/src/gpio_int.c.obj
[rull:rw] [340/403] Building C object modules/ec/zephyr/CMakeFiles/ec_shim.dir/shim/src/panic_utils.c.obj
[npcx9:rw] [106/321] Building C object zephyr/lib/libc/minimal/CMakeFiles/lib__libc__minimal.dir/source/stdlib/strtoul.c.obj
[rull:ro] [379/403] Building C object zephyr/kernel/CMakeFiles/kernel.dir/kheap.c.obj
[tarkin:ro] [337/347] Building C object zephyr/kernel/CMakeFiles/kernel.dir/sched.c.obj
[rull:ro] [380/403] Building C object zephyr/kernel/CMakeFiles/kernel.dir/version.c.obj
[npcx9:rw] [107/321] Building C object zephyr/lib/libc/minimal/CMakeFiles/lib__libc__minimal.dir/source/stdlib/strtoll.c.obj
[rull:rw] [341/403] Building C object modules/ec/zephyr/CMakeFiles/ec_shim.dir/shim/src/pm_state.c.obj
[rull:ro] [381/403] Building C object zephyr/kernel/CMakeFiles/kernel.dir/mem_slab.c.obj
[tarkin:ro] [338/347] Building C object zephyr/kernel/CMakeFiles/kernel.dir/spinlock_validate.c.obj
[tarkin:ro] [339/347] Building C object zephyr/kernel/CMakeFiles/kernel.dir/pipe.c.obj
[rull:ro] [382/403] Building C object zephyr/kernel/CMakeFiles/kernel.dir/float.c.obj
[npcx9:rw] [108/321] Building C object zephyr/lib/libc/minimal/CMakeFiles/lib__libc__minimal.dir/source/stdlib/strtoull.c.obj
[pujjolo:ro] [30/411] Building CXX object modules/pigweed/pw_tokenizer/CMakeFiles/pw_tokenizer.base64.dir/base64.cc.obj
[npcx9:rw] [109/321] Building C object zephyr/lib/libc/minimal/CMakeFiles/lib__libc__minimal.dir/source/stdlib/bsearch.c.obj
[tarkin:ro] [340/347] Building C object zephyr/kernel/CMakeFiles/kernel.dir/thread_monitor.c.obj
[rull:rw] [342/403] Building C object modules/ec/zephyr/CMakeFiles/ec_shim.dir/shim/src/cbi/cros_cbi.c.obj
[rull:ro] [383/403] Building C object zephyr/kernel/CMakeFiles/kernel.dir/idle.c.obj
[rull:ro] [384/403] Building C object zephyr/kernel/CMakeFiles/kernel.dir/mailbox.c.obj
[rull:rw] [343/403] Building C object modules/ec/zephyr/CMakeFiles/ec_shim.dir/shim/src/cbi/cros_cbi_fw_config.c.obj
[rull:rw] [344/403] Building C object modules/ec/zephyr/CMakeFiles/ec_shim.dir/shim/src/cbi/cbi_eeprom.c.obj
[tarkin:ro] [341/347] Building C object zephyr/kernel/CMakeFiles/kernel.dir/timeout.c.obj
[rull:ro] [385/403] Building C object zephyr/kernel/CMakeFiles/kernel.dir/msg_q.c.obj
[tarkin:ro] [342/347] Building C object zephyr/kernel/CMakeFiles/kernel.dir/timer.c.obj
[rull:rw] [345/403] Building C object modules/ec/zephyr/CMakeFiles/ec_shim.dir/shim/src/led_driver/led.c.obj
[rull:ro] [386/403] Building C object zephyr/kernel/CMakeFiles/kernel.dir/mutex.c.obj
[npcx9:rw] [110/321] Building C object zephyr/lib/libc/minimal/CMakeFiles/lib__libc__minimal.dir/source/stdlib/exit.c.obj
[tarkin:ro] [343/347] Building C object zephyr/kernel/CMakeFiles/kernel.dir/events.c.obj
[tarkin:ro] [344/347] Building C object zephyr/kernel/CMakeFiles/kernel.dir/poll.c.obj
[rull:ro] [387/403] Building C object zephyr/kernel/CMakeFiles/kernel.dir/sem.c.obj
[npcx9:rw] [111/321] Building C object zephyr/lib/libc/minimal/CMakeFiles/lib__libc__minimal.dir/source/stdlib/qsort.c.obj
[rull:ro] [388/403] Building C object zephyr/kernel/CMakeFiles/kernel.dir/queue.c.obj
[rull:rw] [346/403] Building C object modules/ec/zephyr/CMakeFiles/ec_shim.dir/shim/src/led_driver/led_gpio.c.obj
[rull:ro] [389/403] Building C object zephyr/kernel/CMakeFiles/kernel.dir/stack.c.obj
[tarkin:ro] [345/347] Building C object zephyr/kernel/CMakeFiles/kernel.dir/mempool.c.obj
[rull:rw] [347/403] Building C object modules/ec/zephyr/CMakeFiles/ec_shim.dir/shim/src/adc.c.obj
[rull:rw] [348/403] Building C object modules/ec/zephyr/CMakeFiles/ec_shim.dir/shim/src/system.c.obj
[npcx9:rw] [112/321] Building C object zephyr/lib/libc/minimal/CMakeFiles/lib__libc__minimal.dir/source/string/strerror.c.obj
[tarkin:ro] [346/347] Building C object zephyr/kernel/CMakeFiles/kernel.dir/dynamic_disabled.c.obj
[rull:rw] [349/403] Building C object modules/ec/zephyr/CMakeFiles/ec_shim.dir/shim/src/battery.c.obj
[rull:ro] [390/403] Building C object zephyr/kernel/CMakeFiles/kernel.dir/system_work_q.c.obj
[tarkin:ro] [347/347] Linking C static library zephyr/kernel/libkernel.a
[npcx9:rw] [113/321] Building C object zephyr/lib/libc/minimal/CMakeFiles/lib__libc__minimal.dir/source/string/strncasecmp.c.obj
[npcx9:rw] [114/321] Building C object zephyr/lib/libc/minimal/CMakeFiles/lib__libc__minimal.dir/source/string/strstr.c.obj
[pujjolo:ro] [31/411] Building CXX object modules/pigweed/pw_varint/CMakeFiles/pw_varint.dir/varint.cc.obj
[rull:ro] [391/403] Building C object zephyr/kernel/CMakeFiles/kernel.dir/condvar.c.obj
[rull:ro] [392/403] Building C object zephyr/kernel/CMakeFiles/kernel.dir/work.c.obj
[npcx9:rw] [115/321] Building C object zephyr/lib/libc/minimal/CMakeFiles/lib__libc__minimal.dir/source/string/string.c.obj
[pujjolo:ro] [32/411] Linking CXX static library modules/pigweed/pw_varint/libpw_varint.a
[rull:ro] [393/403] Building C object zephyr/kernel/CMakeFiles/kernel.dir/thread.c.obj
[rull:ro] [394/403] Building C object zephyr/kernel/CMakeFiles/kernel.dir/pipe.c.obj
[pujjolo:ro] [33/411] Linking CXX static library modules/pigweed/pw_tokenizer/libpw_tokenizer.base64.a
[npcx9:rw] [116/321] Building C object zephyr/lib/libc/minimal/CMakeFiles/lib__libc__minimal.dir/source/string/strspn.c.obj
[rull:rw] [350/403] Building C object modules/ec/zephyr/CMakeFiles/ec_shim.dir/shim/src/charger.c.obj
[pujjolo:ro] [34/411] Linking CXX static library modules/pigweed/pw_tokenizer/libpw_tokenizer.a
[rull:ro] [395/403] Building C object zephyr/kernel/CMakeFiles/kernel.dir/sched.c.obj
[rull:ro] [396/403] Building C object zephyr/kernel/CMakeFiles/kernel.dir/timeout.c.obj
Running (initial) lcov on /mnt/host/source/src/platform/ec/build/zephyr/tarkin.
[rull:ro] [397/403] Building C object zephyr/kernel/CMakeFiles/kernel.dir/thread_monitor.c.obj
[pujjolo:ro] [35/411] Linking CXX static library modules/pigweed/pw_status/libpw_status.a
[rull:rw] [351/403] Building C object modules/ec/zephyr/CMakeFiles/ec_shim.dir/shim/src/chipset_api.c.obj
[pujjolo:ro] [36/411] Linking CXX static library modules/pigweed/pw_log_tokenized/libpw_log_tokenized.a
[pujjolo:ro] [37/411] Linking CXX static library modules/pigweed/pw_containers/libpw_containers.intrusive_item.a
[rull:rw] [352/403] Building C object modules/ec/zephyr/CMakeFiles/ec_shim.dir/shim/src/espi.c.obj
[pujjolo:ro] [38/411] Linking CXX static library modules/pigweed/pw_bytes/libpw_bytes.a
[rull:rw] [353/403] Building C object modules/ec/zephyr/CMakeFiles/ec_shim.dir/shim/src/flash.c.obj
[minimal-posix:singleimage] Building: /usr/bin/ninja -C /mnt/host/source/src/platform/ec/build/zephyr/minimal-posix/build-singleimage all.libraries
Running `env -i SHELL=/bin/bash COLORTERM=truecolor DEPOT_TOOLS_UPDATE=0 LESS='-R -M --shift 5' SUDO_GID=0 JDK_HOME=/etc/java-config-2/current-system-vm CONFIG_PROTECT_MASK='/etc/gentoo-release /etc/sandbox.d /etc/fonts/fonts.conf /etc/terminfo /etc/ca-certificates.conf /etc/revdep-rebuild' CHROMEOS_CACHEDIR=/var/cache/chromeos-cache JAVA_HOME=/etc/java-config-2/current-system-vm SSH_AUTH_SOCK=/tmp/ssh-auth-sock SUDO_COMMAND=/bin/bash SUDO_USER=root SUDO_TTY=/dev/pts/2 EDITOR=/usr/bin/vi PWD=/mnt/host/source/src/platform/ec CONFIG_PROTECT=/usr/share/gnupg/qualified.txt LOGNAME=jpmurphy MANPATH=/etc/java-config-2/current-system-vm/man:/usr/local/share/man:/usr/share/man:/usr/share/gcc-data/x86_64-pc-linux-gnu/10.2.0/man:/usr/share/binutils-data/x86_64-pc-linux-gnu/2.45/man:/etc/java-config-2/current-system-vm/man/ SUDO_HOME=/root XAUTHORITY=/run/user/944457/gdm/Xauthority HOME=/home/jpmurphy LANG=C.UTF-8 LS_COLORS='rs=0:di=01;34:ln=01;36:mh=00:pi=40;33:so=01;35:do=01;35:bd=40;33;01:cd=40;33;01:or=01;05;37;41:mi=01;05;37;41:su=37;41:sg=30;43:ca=30;41:tw=30;42:ow=34;42:st=37;44:ex=01;32:*.tar=01;31:*.tgz=01;31:*.arc=01;31:*.arj=01;31:*.taz=01;31:*.lha=01;31:*.lz4=01;31:*.lzh=01;31:*.lzma=01;31:*.tlz=01;31:*.txz=01;31:*.tzo=01;31:*.t7z=01;31:*.zip=01;31:*.z=01;31:*.dz=01;31:*.gz=01;31:*.lrz=01;31:*.lz=01;31:*.lzo=01;31:*.xz=01;31:*.zst=01;31:*.tzst=01;31:*.bz2=01;31:*.bz=01;31:*.tbz=01;31:*.tbz2=01;31:*.tz=01;31:*.deb=01;31:*.rpm=01;31:*.jar=01;31:*.war=01;31:*.ear=01;31:*.sar=01;31:*.rar=01;31:*.alz=01;31:*.ace=01;31:*.zoo=01;31:*.cpio=01;31:*.7z=01;31:*.rz=01;31:*.cab=01;31:*.wim=01;31:*.swm=01;31:*.dwm=01;31:*.esd=01;31:*.jpg=01;35:*.jpeg=01;35:*.mjpg=01;35:*.mjpeg=01;35:*.gif=01;35:*.bmp=01;35:*.pbm=01;35:*.pgm=01;35:*.ppm=01;35:*.tga=01;35:*.xbm=01;35:*.xpm=01;35:*.tif=01;35:*.tiff=01;35:*.png=01;35:*.svg=01;35:*.svgz=01;35:*.mng=01;35:*.pcx=01;35:*.mov=01;35:*.mpg=01;35:*.mpeg=01;35:*.m2v=01;35:*.mkv=01;35:*.webm=01;35:*.webp=01;35:*.ogm=01;35:*.mp4=01;35:*.m4v=01;35:*.mp4v=01;35:*.vob=01;35:*.qt=01;35:*.nuv=01;35:*.wmv=01;35:*.asf=01;35:*.rm=01;35:*.rmvb=01;35:*.flc=01;35:*.avi=01;35:*.fli=01;35:*.flv=01;35:*.gl=01;35:*.dl=01;35:*.xcf=01;35:*.xwd=01;35:*.yuv=01;35:*.cgm=01;35:*.emf=01;35:*.ogv=01;35:*.ogx=01;35:*.cfg=00;32:*.conf=00;32:*.diff=00;32:*.doc=00;32:*.ini=00;32:*.log=00;32:*.patch=00;32:*.pdf=00;32:*.ps=00;32:*.tex=00;32:*.txt=00;32:*.aac=00;36:*.au=00;36:*.flac=00;36:*.m4a=00;36:*.mid=00;36:*.midi=00;36:*.mka=00;36:*.mp3=00;36:*.mpc=00;36:*.ogg=00;36:*.ra=00;36:*.wav=00;36:*.oga=00;36:*.opus=00;36:*.spx=00;36:*.xspf=00;36:' XDG_CURRENT_DESKTOP=GNOME INFOPATH=/usr/share/info:/usr/share/gcc-data/x86_64-pc-linux-gnu/10.2.0/info:/usr/share/binutils-data/x86_64-pc-linux-gnu/2.45/info:/usr/share/automake-1.16.5/info JAVAC=/etc/java-config-2/current-system-vm/bin/javac TERM=xterm-256color LESSOPEN='|lesspipe %s' USER=jpmurphy CROS_WORKON_SRCROOT=/mnt/host/source MANPAGER=manpager DISPLAY=:1 SHLVL=1 LC_MESSAGES=C EXTERNAL_TRUNK_PATH=/mnt/8f9d649a-3721-44cc-93c0-e6bd21a9689f/chromiumos GCC_SPECS='' PATH=/mnt/host/source/chromite/bin:/usr/local/bin:/usr/bin:/bin:/opt/bin:/mnt/host/source/chromite/sdk/bin:/mnt/host/source/chromite/bin PORTAGE_USERNAME=jpmurphy SUDO_UID=0 GCC_VER=10.2.0 MAIL=/var/mail/jpmurphy OLDPWD=/mnt/host/source/src/scripts traceparent=00-e87aca51550a78635907baa6a2476181-6d684811675d2973-01 _=./zephyr/firmware_builder.py COREBOOT_SDK_ROOT_x86=/home/jpmurphy/.cache/coreboot-sdk/i386-elf/dfbb0486385d938cfa9d73080b9d18d598ed4f49 COREBOOT_SDK_ROOT_picolibc_x86=/home/jpmurphy/.cache/coreboot-sdk/picolibc-i386-elf/eb8e8e687b95461de8cbf278f1c2076952d0ad17 COREBOOT_SDK_ROOT_riscv64=/home/jpmurphy/.cache/coreboot-sdk/riscv64-elf/96b949749225b6aaa92ed810ab769e8dfb12f000 COREBOOT_SDK_ROOT_picolibc_arm=/home/jpmurphy/.cache/coreboot-sdk/picolibc-arm-eabi/422a2aa3e1ef891b5bece9a3deb696ff83840d2e COREBOOT_SDK_ROOT_nds32=/home/jpmurphy/.cache/coreboot-sdk/nds32le-elf/d1a518c4a097666d86058e1444f85ca015d15511 COREBOOT_SDK_ROOT_picolibc_riscv64=/home/jpmurphy/.cache/coreboot-sdk/picolibc-riscv64-elf/f571e990ef0278564b31124f8bb109d9a697eb69 COREBOOT_SDK_ROOT_arm=/home/jpmurphy/.cache/coreboot-sdk/arm-eabi/ea40ddd1d190c3b48435c474c0b545719371813a COREBOOT_SDK_ROOT_libstdcxx_riscv64=/home/jpmurphy/.cache/coreboot-sdk/libstdcxx-riscv64-elf/17abf22a3a252e2d5d2062ced5324f7a623689e0 COREBOOT_SDK_ROOT_libstdcxx_arm=/home/jpmurphy/.cache/coreboot-sdk/libstdcxx-arm-eabi/5d7d82e150e44aa1968f1d366e267e6687b328ac COREBOOT_SDK_ROOT_riscv=/home/jpmurphy/.cache/coreboot-sdk/riscv-elf/9a27b9e82341c6e9126624f516ab3f261abb3e73 COREBOOT_SDK_ROOT_libstdcxx_x86=/home/jpmurphy/.cache/coreboot-sdk/libstdcxx-i386-elf/42ef9d2e87a76a37963175d7d428734e65648b87 PYTHONPATH=/mnt/host/source/src/platform/ec/zephyr/zmake PW_PIGWEED_CIPD_INSTALL_DIR=/usr CROSTC_USER_ACKNOWLEDGES_THAT_RISCV_IS_EXPERIMENTAL=1 MAKEFLAGS=' -j16 --jobserver-auth=5,6' /usr/bin/ninja -C /mnt/host/source/src/platform/ec/build/zephyr/minimal-posix/build-singleimage all.libraries`
[rull:ro] [398/403] Building C object zephyr/kernel/CMakeFiles/kernel.dir/timer.c.obj
[minimal-posix:singleimage] ninja: Entering directory `/mnt/host/source/src/platform/ec/build/zephyr/minimal-posix/build-singleimage'
[pujjolo:ro] [39/411] Linking CXX static library modules/pigweed/pw_base64/libpw_base64.a
[rull:rw] [354/403] Building C object modules/ec/zephyr/CMakeFiles/ec_shim.dir/shim/src/fan.c.obj
Running `env -i PYTHONPATH=/usr/lib64/python-exec/python3.11:/mnt/host/source/src/platform/ec/zephyr/zmake:/usr/lib/python311.zip:/usr/lib/python3.11:/usr/lib/python3.11/lib-dynload:/usr/lib/python3.11/site-packages PW_PIGWEED_CIPD_INSTALL_DIR=/usr CROSTC_USER_ACKNOWLEDGES_THAT_RISCV_IS_EXPERIMENTAL=1 PATH=/mnt/host/source/chromite/bin:/usr/local/bin:/usr/bin:/bin:/opt/bin:/mnt/host/source/chromite/sdk/bin:/mnt/host/source/chromite/bin HOME=/home/jpmurphy JAVA_HOME=/etc/java-config-2/current-system-vm JDK_HOME=/etc/java-config-2/current-system-vm JAVAC=/etc/java-config-2/current-system-vm/bin/javac MAKEFLAGS=' -j16 --jobserver-auth=5,6' /usr/bin/lcov --gcov-tool /mnt/host/source/src/platform/ec/build/zephyr/tarkin/build-rw/gcov.sh -q -o - -c -d /mnt/host/source/src/platform/ec/build/zephyr/tarkin -t tarkin --rc branch_coverage=1 --filter range --ignore-errors inconsistent,source --ignore-errors gcov,gcov -i`
[/mnt/host/source/src/platform/ec/build/zephyr/moonstone-lcov]   /mnt/host/source/src/platform/ec/build/zephyr/moonstone/build-rw/zephyr/drivers/syscon/CMakeFiles/drivers__syscon.dir/mnt/host/source/src/third_party/zephyr/main/misc/empty_file.c.gcno:no functions found
[/mnt/host/source/src/platform/ec/build/zephyr/moonstone-lcov] Filter suppressions 'region':
[pujjolo:ro] [40/411] Linking CXX static library modules/ec/zephyr/shim/src/libplatform_ec_log.tokenized_handler.a
[rull:ro] [399/403] Building C object zephyr/kernel/CMakeFiles/kernel.dir/events.c.obj
[minimal-posix:singleimage] [1/179] Preparing syscall dependency handling
[/mnt/host/source/src/platform/ec/build/zephyr/moonstone-lcov]     36 instances
[npcx9:rw] [117/321] Building C object zephyr/lib/libc/minimal/CMakeFiles/lib__libc__minimal.dir/source/stdout/stdout_console.c.obj
[/mnt/host/source/src/platform/ec/build/zephyr/moonstone-lcov]     26 coverpoints
[/mnt/host/source/src/platform/ec/build/zephyr/moonstone-lcov] Message summary:
[/mnt/host/source/src/platform/ec/build/zephyr/moonstone-lcov]   38 ignore messages:
[/mnt/host/source/src/platform/ec/build/zephyr/moonstone-lcov]     gcov: 38
[pujjolo:rw] Building: /usr/bin/ninja -C /mnt/host/source/src/platform/ec/build/zephyr/pujjolo/build-rw all.libraries
Running `env -i SHELL=/bin/bash COLORTERM=truecolor DEPOT_TOOLS_UPDATE=0 LESS='-R -M --shift 5' SUDO_GID=0 JDK_HOME=/etc/java-config-2/current-system-vm CONFIG_PROTECT_MASK='/etc/gentoo-release /etc/sandbox.d /etc/fonts/fonts.conf /etc/terminfo /etc/ca-certificates.conf /etc/revdep-rebuild' CHROMEOS_CACHEDIR=/var/cache/chromeos-cache JAVA_HOME=/etc/java-config-2/current-system-vm SSH_AUTH_SOCK=/tmp/ssh-auth-sock SUDO_COMMAND=/bin/bash SUDO_USER=root SUDO_TTY=/dev/pts/2 EDITOR=/usr/bin/vi PWD=/mnt/host/source/src/platform/ec CONFIG_PROTECT=/usr/share/gnupg/qualified.txt LOGNAME=jpmurphy MANPATH=/etc/java-config-2/current-system-vm/man:/usr/local/share/man:/usr/share/man:/usr/share/gcc-data/x86_64-pc-linux-gnu/10.2.0/man:/usr/share/binutils-data/x86_64-pc-linux-gnu/2.45/man:/etc/java-config-2/current-system-vm/man/ SUDO_HOME=/root XAUTHORITY=/run/user/944457/gdm/Xauthority HOME=/home/jpmurphy LANG=C.UTF-8 LS_COLORS='rs=0:di=01;34:ln=01;36:mh=00:pi=40;33:so=01;35:do=01;35:bd=40;33;01:cd=40;33;01:or=01;05;37;41:mi=01;05;37;41:su=37;41:sg=30;43:ca=30;41:tw=30;42:ow=34;42:st=37;44:ex=01;32:*.tar=01;31:*.tgz=01;31:*.arc=01;31:*.arj=01;31:*.taz=01;31:*.lha=01;31:*.lz4=01;31:*.lzh=01;31:*.lzma=01;31:*.tlz=01;31:*.txz=01;31:*.tzo=01;31:*.t7z=01;31:*.zip=01;31:*.z=01;31:*.dz=01;31:*.gz=01;31:*.lrz=01;31:*.lz=01;31:*.lzo=01;31:*.xz=01;31:*.zst=01;31:*.tzst=01;31:*.bz2=01;31:*.bz=01;31:*.tbz=01;31:*.tbz2=01;31:*.tz=01;31:*.deb=01;31:*.rpm=01;31:*.jar=01;31:*.war=01;31:*.ear=01;31:*.sar=01;31:*.rar=01;31:*.alz=01;31:*.ace=01;31:*.zoo=01;31:*.cpio=01;31:*.7z=01;31:*.rz=01;31:*.cab=01;31:*.wim=01;31:*.swm=01;31:*.dwm=01;31:*.esd=01;31:*.jpg=01;35:*.jpeg=01;35:*.mjpg=01;35:*.mjpeg=01;35:*.gif=01;35:*.bmp=01;35:*.pbm=01;35:*.pgm=01;35:*.ppm=01;35:*.tga=01;35:*.xbm=01;35:*.xpm=01;35:*.tif=01;35:*.tiff=01;35:*.png=01;35:*.svg=01;35:*.svgz=01;35:*.mng=01;35:*.pcx=01;35:*.mov=01;35:*.mpg=01;35:*.mpeg=01;35:*.m2v=01;35:*.mkv=01;35:*.webm=01;35:*.webp=01;35:*.ogm=01;35:*.mp4=01;35:*.m4v=01;35:*.mp4v=01;35:*.vob=01;35:*.qt=01;35:*.nuv=01;35:*.wmv=01;35:*.asf=01;35:*.rm=01;35:*.rmvb=01;35:*.flc=01;35:*.avi=01;35:*.fli=01;35:*.flv=01;35:*.gl=01;35:*.dl=01;35:*.xcf=01;35:*.xwd=01;35:*.yuv=01;35:*.cgm=01;35:*.emf=01;35:*.ogv=01;35:*.ogx=01;35:*.cfg=00;32:*.conf=00;32:*.diff=00;32:*.doc=00;32:*.ini=00;32:*.log=00;32:*.patch=00;32:*.pdf=00;32:*.ps=00;32:*.tex=00;32:*.txt=00;32:*.aac=00;36:*.au=00;36:*.flac=00;36:*.m4a=00;36:*.mid=00;36:*.midi=00;36:*.mka=00;36:*.mp3=00;36:*.mpc=00;36:*.ogg=00;36:*.ra=00;36:*.wav=00;36:*.oga=00;36:*.opus=00;36:*.spx=00;36:*.xspf=00;36:' XDG_CURRENT_DESKTOP=GNOME INFOPATH=/usr/share/info:/usr/share/gcc-data/x86_64-pc-linux-gnu/10.2.0/info:/usr/share/binutils-data/x86_64-pc-linux-gnu/2.45/info:/usr/share/automake-1.16.5/info JAVAC=/etc/java-config-2/current-system-vm/bin/javac TERM=xterm-256color LESSOPEN='|lesspipe %s' USER=jpmurphy CROS_WORKON_SRCROOT=/mnt/host/source MANPAGER=manpager DISPLAY=:1 SHLVL=1 LC_MESSAGES=C EXTERNAL_TRUNK_PATH=/mnt/8f9d649a-3721-44cc-93c0-e6bd21a9689f/chromiumos GCC_SPECS='' PATH=/mnt/host/source/chromite/bin:/usr/local/bin:/usr/bin:/bin:/opt/bin:/mnt/host/source/chromite/sdk/bin:/mnt/host/source/chromite/bin PORTAGE_USERNAME=jpmurphy SUDO_UID=0 GCC_VER=10.2.0 MAIL=/var/mail/jpmurphy OLDPWD=/mnt/host/source/src/scripts traceparent=00-e87aca51550a78635907baa6a2476181-6d684811675d2973-01 _=./zephyr/firmware_builder.py COREBOOT_SDK_ROOT_x86=/home/jpmurphy/.cache/coreboot-sdk/i386-elf/dfbb0486385d938cfa9d73080b9d18d598ed4f49 COREBOOT_SDK_ROOT_picolibc_x86=/home/jpmurphy/.cache/coreboot-sdk/picolibc-i386-elf/eb8e8e687b95461de8cbf278f1c2076952d0ad17 COREBOOT_SDK_ROOT_riscv64=/home/jpmurphy/.cache/coreboot-sdk/riscv64-elf/96b949749225b6aaa92ed810ab769e8dfb12f000 COREBOOT_SDK_ROOT_picolibc_arm=/home/jpmurphy/.cache/coreboot-sdk/picolibc-arm-eabi/422a2aa3e1ef891b5bece9a3deb696ff83840d2e COREBOOT_SDK_ROOT_nds32=/home/jpmurphy/.cache/coreboot-sdk/nds32le-elf/d1a518c4a097666d86058e1444f85ca015d15511 COREBOOT_SDK_ROOT_picolibc_riscv64=/home/jpmurphy/.cache/coreboot-sdk/picolibc-riscv64-elf/f571e990ef0278564b31124f8bb109d9a697eb69 COREBOOT_SDK_ROOT_arm=/home/jpmurphy/.cache/coreboot-sdk/arm-eabi/ea40ddd1d190c3b48435c474c0b545719371813a COREBOOT_SDK_ROOT_libstdcxx_riscv64=/home/jpmurphy/.cache/coreboot-sdk/libstdcxx-riscv64-elf/17abf22a3a252e2d5d2062ced5324f7a623689e0 COREBOOT_SDK_ROOT_libstdcxx_arm=/home/jpmurphy/.cache/coreboot-sdk/libstdcxx-arm-eabi/5d7d82e150e44aa1968f1d366e267e6687b328ac COREBOOT_SDK_ROOT_riscv=/home/jpmurphy/.cache/coreboot-sdk/riscv-elf/9a27b9e82341c6e9126624f516ab3f261abb3e73 COREBOOT_SDK_ROOT_libstdcxx_x86=/home/jpmurphy/.cache/coreboot-sdk/libstdcxx-i386-elf/42ef9d2e87a76a37963175d7d428734e65648b87 PYTHONPATH=/mnt/host/source/src/platform/ec/zephyr/zmake PW_PIGWEED_CIPD_INSTALL_DIR=/usr CROSTC_USER_ACKNOWLEDGES_THAT_RISCV_IS_EXPERIMENTAL=1 MAKEFLAGS=' -j16 --jobserver-auth=5,6' /usr/bin/ninja -C /mnt/host/source/src/platform/ec/build/zephyr/pujjolo/build-rw all.libraries`
[pujjolo:rw] ninja: Entering directory `/mnt/host/source/src/platform/ec/build/zephyr/pujjolo/build-rw'
[rull:ro] [400/403] Building C object zephyr/kernel/CMakeFiles/kernel.dir/poll.c.obj
[ptlgcs:ro] Building: /usr/bin/ninja -C /mnt/host/source/src/platform/ec/build/zephyr/ptlgcs/build-ro all.libraries
Running `env -i SHELL=/bin/bash COLORTERM=truecolor DEPOT_TOOLS_UPDATE=0 LESS='-R -M --shift 5' SUDO_GID=0 JDK_HOME=/etc/java-config-2/current-system-vm CONFIG_PROTECT_MASK='/etc/gentoo-release /etc/sandbox.d /etc/fonts/fonts.conf /etc/terminfo /etc/ca-certificates.conf /etc/revdep-rebuild' CHROMEOS_CACHEDIR=/var/cache/chromeos-cache JAVA_HOME=/etc/java-config-2/current-system-vm SSH_AUTH_SOCK=/tmp/ssh-auth-sock SUDO_COMMAND=/bin/bash SUDO_USER=root SUDO_TTY=/dev/pts/2 EDITOR=/usr/bin/vi PWD=/mnt/host/source/src/platform/ec CONFIG_PROTECT=/usr/share/gnupg/qualified.txt LOGNAME=jpmurphy MANPATH=/etc/java-config-2/current-system-vm/man:/usr/local/share/man:/usr/share/man:/usr/share/gcc-data/x86_64-pc-linux-gnu/10.2.0/man:/usr/share/binutils-data/x86_64-pc-linux-gnu/2.45/man:/etc/java-config-2/current-system-vm/man/ SUDO_HOME=/root XAUTHORITY=/run/user/944457/gdm/Xauthority HOME=/home/jpmurphy LANG=C.UTF-8 LS_COLORS='rs=0:di=01;34:ln=01;36:mh=00:pi=40;33:so=01;35:do=01;35:bd=40;33;01:cd=40;33;01:or=01;05;37;41:mi=01;05;37;41:su=37;41:sg=30;43:ca=30;41:tw=30;42:ow=34;42:st=37;44:ex=01;32:*.tar=01;31:*.tgz=01;31:*.arc=01;31:*.arj=01;31:*.taz=01;31:*.lha=01;31:*.lz4=01;31:*.lzh=01;31:*.lzma=01;31:*.tlz=01;31:*.txz=01;31:*.tzo=01;31:*.t7z=01;31:*.zip=01;31:*.z=01;31:*.dz=01;31:*.gz=01;31:*.lrz=01;31:*.lz=01;31:*.lzo=01;31:*.xz=01;31:*.zst=01;31:*.tzst=01;31:*.bz2=01;31:*.bz=01;31:*.tbz=01;31:*.tbz2=01;31:*.tz=01;31:*.deb=01;31:*.rpm=01;31:*.jar=01;31:*.war=01;31:*.ear=01;31:*.sar=01;31:*.rar=01;31:*.alz=01;31:*.ace=01;31:*.zoo=01;31:*.cpio=01;31:*.7z=01;31:*.rz=01;31:*.cab=01;31:*.wim=01;31:*.swm=01;31:*.dwm=01;31:*.esd=01;31:*.jpg=01;35:*.jpeg=01;35:*.mjpg=01;35:*.mjpeg=01;35:*.gif=01;35:*.bmp=01;35:*.pbm=01;35:*.pgm=01;35:*.ppm=01;35:*.tga=01;35:*.xbm=01;35:*.xpm=01;35:*.tif=01;35:*.tiff=01;35:*.png=01;35:*.svg=01;35:*.svgz=01;35:*.mng=01;35:*.pcx=01;35:*.mov=01;35:*.mpg=01;35:*.mpeg=01;35:*.m2v=01;35:*.mkv=01;35:*.webm=01;35:*.webp=01;35:*.ogm=01;35:*.mp4=01;35:*.m4v=01;35:*.mp4v=01;35:*.vob=01;35:*.qt=01;35:*.nuv=01;35:*.wmv=01;35:*.asf=01;35:*.rm=01;35:*.rmvb=01;35:*.flc=01;35:*.avi=01;35:*.fli=01;35:*.flv=01;35:*.gl=01;35:*.dl=01;35:*.xcf=01;35:*.xwd=01;35:*.yuv=01;35:*.cgm=01;35:*.emf=01;35:*.ogv=01;35:*.ogx=01;35:*.cfg=00;32:*.conf=00;32:*.diff=00;32:*.doc=00;32:*.ini=00;32:*.log=00;32:*.patch=00;32:*.pdf=00;32:*.ps=00;32:*.tex=00;32:*.txt=00;32:*.aac=00;36:*.au=00;36:*.flac=00;36:*.m4a=00;36:*.mid=00;36:*.midi=00;36:*.mka=00;36:*.mp3=00;36:*.mpc=00;36:*.ogg=00;36:*.ra=00;36:*.wav=00;36:*.oga=00;36:*.opus=00;36:*.spx=00;36:*.xspf=00;36:' XDG_CURRENT_DESKTOP=GNOME INFOPATH=/usr/share/info:/usr/share/gcc-data/x86_64-pc-linux-gnu/10.2.0/info:/usr/share/binutils-data/x86_64-pc-linux-gnu/2.45/info:/usr/share/automake-1.16.5/info JAVAC=/etc/java-config-2/current-system-vm/bin/javac TERM=xterm-256color LESSOPEN='|lesspipe %s' USER=jpmurphy CROS_WORKON_SRCROOT=/mnt/host/source MANPAGER=manpager DISPLAY=:1 SHLVL=1 LC_MESSAGES=C EXTERNAL_TRUNK_PATH=/mnt/8f9d649a-3721-44cc-93c0-e6bd21a9689f/chromiumos GCC_SPECS='' PATH=/mnt/host/source/chromite/bin:/usr/local/bin:/usr/bin:/bin:/opt/bin:/mnt/host/source/chromite/sdk/bin:/mnt/host/source/chromite/bin PORTAGE_USERNAME=jpmurphy SUDO_UID=0 GCC_VER=10.2.0 MAIL=/var/mail/jpmurphy OLDPWD=/mnt/host/source/src/scripts traceparent=00-e87aca51550a78635907baa6a2476181-6d684811675d2973-01 _=./zephyr/firmware_builder.py COREBOOT_SDK_ROOT_x86=/home/jpmurphy/.cache/coreboot-sdk/i386-elf/dfbb0486385d938cfa9d73080b9d18d598ed4f49 COREBOOT_SDK_ROOT_picolibc_x86=/home/jpmurphy/.cache/coreboot-sdk/picolibc-i386-elf/eb8e8e687b95461de8cbf278f1c2076952d0ad17 COREBOOT_SDK_ROOT_riscv64=/home/jpmurphy/.cache/coreboot-sdk/riscv64-elf/96b949749225b6aaa92ed810ab769e8dfb12f000 COREBOOT_SDK_ROOT_picolibc_arm=/home/jpmurphy/.cache/coreboot-sdk/picolibc-arm-eabi/422a2aa3e1ef891b5bece9a3deb696ff83840d2e COREBOOT_SDK_ROOT_nds32=/home/jpmurphy/.cache/coreboot-sdk/nds32le-elf/d1a518c4a097666d86058e1444f85ca015d15511 COREBOOT_SDK_ROOT_picolibc_riscv64=/home/jpmurphy/.cache/coreboot-sdk/picolibc-riscv64-elf/f571e990ef0278564b31124f8bb109d9a697eb69 COREBOOT_SDK_ROOT_arm=/home/jpmurphy/.cache/coreboot-sdk/arm-eabi/ea40ddd1d190c3b48435c474c0b545719371813a COREBOOT_SDK_ROOT_libstdcxx_riscv64=/home/jpmurphy/.cache/coreboot-sdk/libstdcxx-riscv64-elf/17abf22a3a252e2d5d2062ced5324f7a623689e0 COREBOOT_SDK_ROOT_libstdcxx_arm=/home/jpmurphy/.cache/coreboot-sdk/libstdcxx-arm-eabi/5d7d82e150e44aa1968f1d366e267e6687b328ac COREBOOT_SDK_ROOT_riscv=/home/jpmurphy/.cache/coreboot-sdk/riscv-elf/9a27b9e82341c6e9126624f516ab3f261abb3e73 COREBOOT_SDK_ROOT_libstdcxx_x86=/home/jpmurphy/.cache/coreboot-sdk/libstdcxx-i386-elf/42ef9d2e87a76a37963175d7d428734e65648b87 PYTHONPATH=/mnt/host/source/src/platform/ec/zephyr/zmake PW_PIGWEED_CIPD_INSTALL_DIR=/usr CROSTC_USER_ACKNOWLEDGES_THAT_RISCV_IS_EXPERIMENTAL=1 MAKEFLAGS=' -j16 --jobserver-auth=5,6' /usr/bin/ninja -C /mnt/host/source/src/platform/ec/build/zephyr/ptlgcs/build-ro all.libraries`
[rull:ro] [401/403] Building C object zephyr/kernel/CMakeFiles/kernel.dir/mempool.c.obj
[ptlgcs:ro] ninja: Entering directory `/mnt/host/source/src/platform/ec/build/zephyr/ptlgcs/build-ro'
[minimal-posix:singleimage] [2/179] Generating misc/generated/syscalls_subdirs.trigger
[pujjolo:ro] [41/411] Linking CXX static library modules/ec/zephyr/drivers/pw_transport/libpw_transport.proto.nanopb.a
[npcx-aic:rw] Building: /usr/bin/ninja -C /mnt/host/source/src/platform/ec/build/zephyr/npcx-aic/build-rw all.libraries
Running `env -i SHELL=/bin/bash COLORTERM=truecolor DEPOT_TOOLS_UPDATE=0 LESS='-R -M --shift 5' SUDO_GID=0 JDK_HOME=/etc/java-config-2/current-system-vm CONFIG_PROTECT_MASK='/etc/gentoo-release /etc/sandbox.d /etc/fonts/fonts.conf /etc/terminfo /etc/ca-certificates.conf /etc/revdep-rebuild' CHROMEOS_CACHEDIR=/var/cache/chromeos-cache JAVA_HOME=/etc/java-config-2/current-system-vm SSH_AUTH_SOCK=/tmp/ssh-auth-sock SUDO_COMMAND=/bin/bash SUDO_USER=root SUDO_TTY=/dev/pts/2 EDITOR=/usr/bin/vi PWD=/mnt/host/source/src/platform/ec CONFIG_PROTECT=/usr/share/gnupg/qualified.txt LOGNAME=jpmurphy MANPATH=/etc/java-config-2/current-system-vm/man:/usr/local/share/man:/usr/share/man:/usr/share/gcc-data/x86_64-pc-linux-gnu/10.2.0/man:/usr/share/binutils-data/x86_64-pc-linux-gnu/2.45/man:/etc/java-config-2/current-system-vm/man/ SUDO_HOME=/root XAUTHORITY=/run/user/944457/gdm/Xauthority HOME=/home/jpmurphy LANG=C.UTF-8 LS_COLORS='rs=0:di=01;34:ln=01;36:mh=00:pi=40;33:so=01;35:do=01;35:bd=40;33;01:cd=40;33;01:or=01;05;37;41:mi=01;05;37;41:su=37;41:sg=30;43:ca=30;41:tw=30;42:ow=34;42:st=37;44:ex=01;32:*.tar=01;31:*.tgz=01;31:*.arc=01;31:*.arj=01;31:*.taz=01;31:*.lha=01;31:*.lz4=01;31:*.lzh=01;31:*.lzma=01;31:*.tlz=01;31:*.txz=01;31:*.tzo=01;31:*.t7z=01;31:*.zip=01;31:*.z=01;31:*.dz=01;31:*.gz=01;31:*.lrz=01;31:*.lz=01;31:*.lzo=01;31:*.xz=01;31:*.zst=01;31:*.tzst=01;31:*.bz2=01;31:*.bz=01;31:*.tbz=01;31:*.tbz2=01;31:*.tz=01;31:*.deb=01;31:*.rpm=01;31:*.jar=01;31:*.war=01;31:*.ear=01;31:*.sar=01;31:*.rar=01;31:*.alz=01;31:*.ace=01;31:*.zoo=01;31:*.cpio=01;31:*.7z=01;31:*.rz=01;31:*.cab=01;31:*.wim=01;31:*.swm=01;31:*.dwm=01;31:*.esd=01;31:*.jpg=01;35:*.jpeg=01;35:*.mjpg=01;35:*.mjpeg=01;35:*.gif=01;35:*.bmp=01;35:*.pbm=01;35:*.pgm=01;35:*.ppm=01;35:*.tga=01;35:*.xbm=01;35:*.xpm=01;35:*.tif=01;35:*.tiff=01;35:*.png=01;35:*.svg=01;35:*.svgz=01;35:*.mng=01;35:*.pcx=01;35:*.mov=01;35:*.mpg=01;35:*.mpeg=01;35:*.m2v=01;35:*.mkv=01;35:*.webm=01;35:*.webp=01;35:*.ogm=01;35:*.mp4=01;35:*.m4v=01;35:*.mp4v=01;35:*.vob=01;35:*.qt=01;35:*.nuv=01;35:*.wmv=01;35:*.asf=01;35:*.rm=01;35:*.rmvb=01;35:*.flc=01;35:*.avi=01;35:*.fli=01;35:*.flv=01;35:*.gl=01;35:*.dl=01;35:*.xcf=01;35:*.xwd=01;35:*.yuv=01;35:*.cgm=01;35:*.emf=01;35:*.ogv=01;35:*.ogx=01;35:*.cfg=00;32:*.conf=00;32:*.diff=00;32:*.doc=00;32:*.ini=00;32:*.log=00;32:*.patch=00;32:*.pdf=00;32:*.ps=00;32:*.tex=00;32:*.txt=00;32:*.aac=00;36:*.au=00;36:*.flac=00;36:*.m4a=00;36:*.mid=00;36:*.midi=00;36:*.mka=00;36:*.mp3=00;36:*.mpc=00;36:*.ogg=00;36:*.ra=00;36:*.wav=00;36:*.oga=00;36:*.opus=00;36:*.spx=00;36:*.xspf=00;36:' XDG_CURRENT_DESKTOP=GNOME INFOPATH=/usr/share/info:/usr/share/gcc-data/x86_64-pc-linux-gnu/10.2.0/info:/usr/share/binutils-data/x86_64-pc-linux-gnu/2.45/info:/usr/share/automake-1.16.5/info JAVAC=/etc/java-config-2/current-system-vm/bin/javac TERM=xterm-256color LESSOPEN='|lesspipe %s' USER=jpmurphy CROS_WORKON_SRCROOT=/mnt/host/source MANPAGER=manpager DISPLAY=:1 SHLVL=1 LC_MESSAGES=C EXTERNAL_TRUNK_PATH=/mnt/8f9d649a-3721-44cc-93c0-e6bd21a9689f/chromiumos GCC_SPECS='' PATH=/mnt/host/source/chromite/bin:/usr/local/bin:/usr/bin:/bin:/opt/bin:/mnt/host/source/chromite/sdk/bin:/mnt/host/source/chromite/bin PORTAGE_USERNAME=jpmurphy SUDO_UID=0 GCC_VER=10.2.0 MAIL=/var/mail/jpmurphy OLDPWD=/mnt/host/source/src/scripts traceparent=00-e87aca51550a78635907baa6a2476181-6d684811675d2973-01 _=./zephyr/firmware_builder.py COREBOOT_SDK_ROOT_x86=/home/jpmurphy/.cache/coreboot-sdk/i386-elf/dfbb0486385d938cfa9d73080b9d18d598ed4f49 COREBOOT_SDK_ROOT_picolibc_x86=/home/jpmurphy/.cache/coreboot-sdk/picolibc-i386-elf/eb8e8e687b95461de8cbf278f1c2076952d0ad17 COREBOOT_SDK_ROOT_riscv64=/home/jpmurphy/.cache/coreboot-sdk/riscv64-elf/96b949749225b6aaa92ed810ab769e8dfb12f000 COREBOOT_SDK_ROOT_picolibc_arm=/home/jpmurphy/.cache/coreboot-sdk/picolibc-arm-eabi/422a2aa3e1ef891b5bece9a3deb696ff83840d2e COREBOOT_SDK_ROOT_nds32=/home/jpmurphy/.cache/coreboot-sdk/nds32le-elf/d1a518c4a097666d86058e1444f85ca015d15511 COREBOOT_SDK_ROOT_picolibc_riscv64=/home/jpmurphy/.cache/coreboot-sdk/picolibc-riscv64-elf/f571e990ef0278564b31124f8bb109d9a697eb69 COREBOOT_SDK_ROOT_arm=/home/jpmurphy/.cache/coreboot-sdk/arm-eabi/ea40ddd1d190c3b48435c474c0b545719371813a COREBOOT_SDK_ROOT_libstdcxx_riscv64=/home/jpmurphy/.cache/coreboot-sdk/libstdcxx-riscv64-elf/17abf22a3a252e2d5d2062ced5324f7a623689e0 COREBOOT_SDK_ROOT_libstdcxx_arm=/home/jpmurphy/.cache/coreboot-sdk/libstdcxx-arm-eabi/5d7d82e150e44aa1968f1d366e267e6687b328ac COREBOOT_SDK_ROOT_riscv=/home/jpmurphy/.cache/coreboot-sdk/riscv-elf/9a27b9e82341c6e9126624f516ab3f261abb3e73 COREBOOT_SDK_ROOT_libstdcxx_x86=/home/jpmurphy/.cache/coreboot-sdk/libstdcxx-i386-elf/42ef9d2e87a76a37963175d7d428734e65648b87 PYTHONPATH=/mnt/host/source/src/platform/ec/zephyr/zmake PW_PIGWEED_CIPD_INSTALL_DIR=/usr CROSTC_USER_ACKNOWLEDGES_THAT_RISCV_IS_EXPERIMENTAL=1 MAKEFLAGS=' -j16 --jobserver-auth=5,6' /usr/bin/ninja -C /mnt/host/source/src/platform/ec/build/zephyr/npcx-aic/build-rw all.libraries`
[rull:ro] [402/403] Building C object zephyr/kernel/CMakeFiles/kernel.dir/dynamic_disabled.c.obj
[npcx-aic:rw] ninja: Entering directory `/mnt/host/source/src/platform/ec/build/zephyr/npcx-aic/build-rw'
[pujjolo:ro] [42/411] Linking CXX static library modules/ec/zephyr/drivers/dsp_comms/libdsp_comms.proto.nanopb.a
[rull:ro] [403/403] Linking C static library zephyr/kernel/libkernel.a
[rull:rw] [355/403] Building C object modules/ec/zephyr/CMakeFiles/ec_shim.dir/shim/src/hooks.c.obj
[rull:rw] [356/403] Building C object modules/ec/zephyr/CMakeFiles/ec_shim.dir/shim/src/host_command.c.obj
[pujjolo:ro] [43/411] Generating include/generated/zephyr/offsets.h
[rull:rw] [357/403] Building C object modules/ec/zephyr/CMakeFiles/ec_shim.dir/shim/src/mkbp_event.c.obj
[rull:rw] [358/403] Building C object modules/ec/zephyr/CMakeFiles/ec_shim.dir/shim/src/console_buffer.c.obj
[minimal-posix:singleimage] [3/179] Generating include/generated/zephyr/version.h
[npcx9:rw] [118/321] Building C object zephyr/lib/libc/minimal/CMakeFiles/lib__libc__minimal.dir/source/stdout/fprintf.c.obj
[npcx9:rw] [119/321] Building C object zephyr/lib/libc/minimal/CMakeFiles/lib__libc__minimal.dir/source/stdout/sprintf.c.obj
[ptlgcs:ro] [1/375] Generating include/generated/zephyr/version.h
[ptlgcs:ro] -- git describe warned: warning: tag 'upstream/v2.7.99' is externally known as 'v2.7.99'
[rull:rw] [359/403] Building C object modules/ec/zephyr/CMakeFiles/ec_shim.dir/shim/src/panic.c.obj
[ptlgcs:ro] -- Zephyr version: 4.3.99 (/mnt/host/source/src/third_party/zephyr/main)
[ptlgcs:ro] [2/375] Preparing syscall dependency handling
[minimal-posix:singleimage] -- git describe warned: warning: tag 'upstream/v2.7.99' is externally known as 'v2.7.99'
[minimal-posix:singleimage] -- Zephyr version: 4.3.99 (/mnt/host/source/src/third_party/zephyr/main)
[minimal-posix:singleimage] [4/179] cd /mnt/host/source/src/platform/ec/build/zephyr/minimal-posix/build-singleimage/modules/ec/zephyr && PYTHONPATH=/mnt/host/source/src/platform/ec/build/zephyr/minimal-posix/modules/ec/zephyr/zmake/ /usr/bin/python3.11 /mnt/host/source/src/platform/ec/build/zephyr/minimal-posix/modules/ec/zephyr/zmake/zephyr_build_tools/generate_ec_version.py /mnt/host/source/src/platform/ec/build/zephyr/minimal-posix/build-singleimage/modules/ec/zephyr/include/ec_version.h --name Zephyr-Kernel --version 16543.0.0 --static
[minimal-posix:singleimage] INFO:root:Using a static version string
[ptlgcs:ro] [3/375] Generating misc/generated/syscalls_subdirs.trigger
[npcx-aic:rw] [1/279] Generating include/generated/zephyr/version.h
[npcx-aic:rw] -- git describe warned: warning: tag 'upstream/v2.7.99' is externally known as 'v2.7.99'
[npcx-aic:rw] -- Zephyr version: 4.3.99 (/mnt/host/source/src/third_party/zephyr/main)
[npcx-aic:rw] [2/279] Preparing syscall dependency handling
[npcx9:rw] [120/321] Building C object zephyr/lib/libc/minimal/CMakeFiles/lib__libc__minimal.dir/source/math/sqrtf.c.obj
[npcx-aic:rw] [3/279] Generating misc/generated/syscalls_subdirs.trigger
[pujjolo:rw] [1/411] Generating include/generated/zephyr/version.h
[/mnt/host/source/src/platform/ec/build/zephyr/tarkin-lcov] geninfo: WARNING: using JSON module "JSON::PP" - which is much slower than some alternatives.  Consider installing one of JSON::XS or Cpanel::JSON::XS
[pujjolo:rw] -- git describe warned: warning: tag 'upstream/v2.7.99' is externally known as 'v2.7.99'
[pujjolo:rw] -- Zephyr version: 4.3.99 (/mnt/host/source/src/third_party/zephyr/main)
[pujjolo:rw] [2/411] Preparing syscall dependency handling
[minimal-posix:singleimage] INFO:root:Version string: Zephyr-Kernel-16543.0.0
[minimal-posix:singleimage] INFO:root:Writing header to /mnt/host/source/src/platform/ec/build/zephyr/minimal-posix/build-singleimage/modules/ec/zephyr/include/ec_version.h
[minimal-posix:singleimage] [5/179] Generating misc/generated/syscalls.json, misc/generated/struct_tags.json
[npcx9:rw] [121/321] Building C object zephyr/lib/libc/minimal/CMakeFiles/lib__libc__minimal.dir/source/math/sqrt.c.obj
[pujjolo:rw] [3/411] Generating misc/generated/syscalls_subdirs.trigger
[rull:rw] [360/403] Building C object modules/ec/zephyr/CMakeFiles/ec_shim.dir/shim/src/thermal.c.obj
[rull:rw] [361/403] Building C object modules/ec/zephyr/CMakeFiles/ec_shim.dir/shim/src/pwm_hc.c.obj
[minimal-posix:singleimage] [6/179] Generating include/generated/zephyr/syscall_dispatch.c, include/generated/zephyr/syscall_exports_llext.c, syscall_weakdefs_llext.c, include/generated/zephyr/syscall_list.h
[npcx9:rw] [122/321] Building C object zephyr/lib/libc/common/CMakeFiles/lib__libc__common.dir/source/time/asctime.c.obj
[pujjolo:ro] [44/411] Building C object CMakeFiles/app.dir/mnt/host/source/src/platform/ec/zephyr/subsys/ap_pwrseq/ap_events.c.obj
[rull:rw] [362/403] Building C object modules/ec/zephyr/CMakeFiles/ec_shim.dir/shim/src/hwtimer.c.obj
[rull:rw] [363/403] Building C object modules/ec/zephyr/CMakeFiles/ec_shim.dir/shim/src/temp_sensors.c.obj
[minimal-posix:singleimage] [7/179] Generating include/generated/zephyr/driver-validation.h
[npcx9:rw] [123/321] Building C object zephyr/lib/libc/common/CMakeFiles/lib__libc__common.dir/source/time/gmtime_r.c.obj
[rull:rw] [364/403] Building C object modules/ec/zephyr/CMakeFiles/ec_shim.dir/shim/src/i2c.c.obj
[minimal-posix:singleimage] [8/179] Generating include/generated/zephyr/kobj-types-enum.h, include/generated/zephyr/otype-to-str.h, include/generated/zephyr/otype-to-size.h
[npcx9:rw] [124/321] Building C object zephyr/lib/libc/minimal/CMakeFiles/lib__libc__minimal.dir/source/time/gmtime.c.obj
[npcx9:rw] [125/321] Building C object zephyr/lib/libc/common/CMakeFiles/lib__libc__common.dir/source/time/localtime_r_utc.c.obj
[rull:rw] [365/403] Building C object modules/ec/zephyr/CMakeFiles/ec_shim.dir/shim/src/tasks.c.obj
[minimal-posix:singleimage] [9/179] Generating include/generated/device-api-sections.ld, include/generated/device-api-sections.cmake
[npcx9:rw] [126/321] Building C object zephyr/lib/libc/common/CMakeFiles/lib__libc__common.dir/source/stdlib/abort.c.obj
[ptlgcs:ro] [4/375] Generating misc/generated/syscalls.json, misc/generated/struct_tags.json
[npcx9:rw] [127/321] Linking C static library zephyr/lib/libc/minimal/liblib__libc__minimal.a
[ptlgcs:ro] [5/375] Generating include/generated/zephyr/syscall_dispatch.c, include/generated/zephyr/syscall_exports_llext.c, syscall_weakdefs_llext.c, include/generated/zephyr/syscall_list.h
[npcx9:rw] [128/321] Building C object zephyr/lib/libc/common/CMakeFiles/lib__libc__common.dir/source/time/ctime.c.obj
[npcx-aic:rw] [4/279] Generating misc/generated/syscalls.json, misc/generated/struct_tags.json
[npcx9:rw] [129/321] Building C object zephyr/lib/libc/common/CMakeFiles/lib__libc__common.dir/source/time/time.c.obj
[rull:rw] [366/403] Building C object modules/ec/zephyr/CMakeFiles/ec_shim.dir/shim/src/watchdog.c.obj
[npcx-aic:rw] [5/279] Generating include/generated/zephyr/syscall_dispatch.c, include/generated/zephyr/syscall_exports_llext.c, syscall_weakdefs_llext.c, include/generated/zephyr/syscall_list.h
[npcx9:rw] [130/321] Building C object zephyr/lib/libc/common/CMakeFiles/lib__libc__common.dir/source/string/strnlen.c.obj
[rull:rw] [367/403] Building C object modules/ec/zephyr/CMakeFiles/ec_shim.dir/shim/src/usba.c.obj
[npcx9:rw] [131/321] Building C object zephyr/lib/posix/c_lib_ext/CMakeFiles/lib__posix__c_lib_ext.dir/fnmatch.c.obj
[ptlgcs:ro] [6/375] Generating include/generated/zephyr/driver-validation.h
[pujjolo:rw] [4/411] Generating misc/generated/syscalls.json, misc/generated/struct_tags.json
[rull:rw] [368/403] Building C object modules/ec/zephyr/CMakeFiles/ec_shim.dir/shim/src/ppc.c.obj
[minimal-posix:singleimage] [10/179] Building C object zephyr/CMakeFiles/offsets.dir/arch/posix/core/offsets/offsets.c.obj
[rull:rw] [369/403] Building C object modules/ec/zephyr/CMakeFiles/ec_shim.dir/shim/src/power_host_sleep_api.c.obj
[rull:rw] [370/403] Building C object zephyr/kernel/CMakeFiles/kernel.dir/main_weak.c.obj
[ptlgcs:ro] [7/375] Generating include/generated/zephyr/kobj-types-enum.h, include/generated/zephyr/otype-to-str.h, include/generated/zephyr/otype-to-size.h
[npcx-aic:rw] [6/279] Generating include/generated/zephyr/driver-validation.h
[/mnt/host/source/src/platform/ec/build/zephyr/tarkin-lcov] stderr:
[ptlgcs:ro] [8/375] Generating include/generated/device-api-sections.ld, include/generated/device-api-sections.cmake
[pujjolo:rw] [5/411] Generating include/generated/zephyr/syscall_dispatch.c, include/generated/zephyr/syscall_exports_llext.c, syscall_weakdefs_llext.c, include/generated/zephyr/syscall_list.h
[minimal-posix:singleimage] [11/179] Generating include/generated/zephyr/offsets.h
[npcx9:rw] [132/321] Building C object zephyr/lib/libc/common/CMakeFiles/lib__libc__common.dir/source/stdlib/malloc.c.obj
[pujjolo:ro] [45/411] Building C object CMakeFiles/app.dir/mnt/host/source/src/platform/ec/zephyr/subsys/ap_pwrseq/ap_power_interface.c.obj
[rull:rw] [371/403] Building C object modules/ec/zephyr/CMakeFiles/ec_shim.dir/shim/src/usb_muxes.c.obj
[/mnt/host/source/src/platform/ec/build/zephyr/xivu-lcov]   /mnt/host/source/src/platform/ec/build/zephyr/xivu/build-rw/zephyr/drivers/sensor/CMakeFiles/drivers__sensor.dir/mnt/host/source/src/third_party/zephyr/main/misc/empty_file.c.gcno:no functions found
[/mnt/host/source/src/platform/ec/build/zephyr/xivu-lcov] Filter suppressions 'region':
[npcx-aic:rw] [7/279] Generating include/generated/zephyr/kobj-types-enum.h, include/generated/zephyr/otype-to-str.h, include/generated/zephyr/otype-to-size.h
[pujjolo:rw] [6/411] Generating include/generated/zephyr/driver-validation.h
[npcx-aic:rw] [8/279] Generating include/generated/device-api-sections.ld, include/generated/device-api-sections.cmake
[rull:rw] [372/403] Linking C static library modules/ec/zephyr/libec_shim.a
[/mnt/host/source/src/platform/ec/build/zephyr/xivu-lcov]     39 instances
[npcx9:rw] [133/321] Linking C static library zephyr/lib/libc/common/liblib__libc__common.a
[/mnt/host/source/src/platform/ec/build/zephyr/xivu-lcov]     34 coverpoints
[/mnt/host/source/src/platform/ec/build/zephyr/xivu-lcov] Message summary:
[/mnt/host/source/src/platform/ec/build/zephyr/xivu-lcov]   31 ignore messages:
[/mnt/host/source/src/platform/ec/build/zephyr/xivu-lcov]     gcov: 31
[rull:rw] [373/403] Building C object zephyr/kernel/CMakeFiles/kernel.dir/banner.c.obj
[minimal-posix:singleimage] [12/179] Building C object CMakeFiles/app.dir/mnt/host/source/src/platform/ec/zephyr/subsys/ap_pwrseq/ap_events.c.obj
[pujjolo:rw] [7/411] Generating include/generated/zephyr/kobj-types-enum.h, include/generated/zephyr/otype-to-str.h, include/generated/zephyr/otype-to-size.h
[pujjolo:rw] [8/411] Generating include/generated/device-api-sections.ld, include/generated/device-api-sections.cmake
[npcx9:rw] [134/321] Building C object zephyr/lib/posix/c_lib_ext/CMakeFiles/lib__posix__c_lib_ext.dir/getentropy.c.obj
[npcx9:rw] [135/321] Building C object zephyr/lib/posix/c_lib_ext/CMakeFiles/lib__posix__c_lib_ext.dir/getopt_shim.c.obj
[npcx9:rw] [136/321] Building C object zephyr/subsys/crc/CMakeFiles/subsys__crc.dir/crc4_sw.c.obj
[rull:rw] [374/403] Building C object zephyr/kernel/CMakeFiles/kernel.dir/busy_wait.c.obj
[rull:rw] [375/403] Building C object zephyr/kernel/CMakeFiles/kernel.dir/device.c.obj
[/mnt/host/source/src/platform/ec/build/zephyr/tarkin-lcov]   /mnt/host/source/src/platform/ec/build/zephyr/tarkin/build-ro/modules/ec/zephyr/CMakeFiles/ec_shim.dir/shim/src/power.c.gcno:no functions found
[/mnt/host/source/src/platform/ec/build/zephyr/tarkin-lcov] stderr:
[rull:rw] [376/403] Building C object zephyr/kernel/CMakeFiles/kernel.dir/fatal.c.obj
[npcx9:rw] [137/321] Linking C static library zephyr/lib/posix/c_lib_ext/liblib__posix__c_lib_ext.a
[rull:rw] [377/403] Building C object zephyr/kernel/CMakeFiles/kernel.dir/errno.c.obj
[pujjolo:rw] [9/411] cd /mnt/host/source/src/platform/ec/build/zephyr/pujjolo/build-rw/modules/ec/zephyr && PYTHONPATH=/mnt/host/source/src/platform/ec/build/zephyr/pujjolo/modules/ec/zephyr/zmake/ /usr/bin/python3.11 /mnt/host/source/src/platform/ec/build/zephyr/pujjolo/modules/ec/zephyr/zmake/zephyr_build_tools/generate_ec_version.py /mnt/host/source/src/platform/ec/build/zephyr/pujjolo/build-rw/modules/ec/zephyr/include/ec_version.h --name Zephyr-Kernel --version 16543.0.0 --static
[pujjolo:rw] INFO:root:Using a static version string
[npcx9:rw] [138/321] Building C object zephyr/subsys/crc/CMakeFiles/subsys__crc.dir/crc16_sw.c.obj
[/mnt/host/source/src/platform/ec/build/zephyr/tarkin-lcov]   /mnt/host/source/src/platform/ec/build/zephyr/tarkin/build-ro/modules/ec/zephyr/CMakeFiles/ec_shim.dir/shim/src/thermal.c.gcno:no functions found
[/mnt/host/source/src/platform/ec/build/zephyr/tarkin-lcov] stderr:
[npcx9:rw] [139/321] Building C object zephyr/subsys/crc/CMakeFiles/subsys__crc.dir/crc8_sw.c.obj
[rull:rw] [378/403] Building C object zephyr/kernel/CMakeFiles/kernel.dir/version.c.obj
[npcx9:rw] [140/321] Building C object zephyr/subsys/crc/CMakeFiles/subsys__crc.dir/crc7_sw.c.obj
[pujjolo:rw] INFO:root:Version string: Zephyr-Kernel-16543.0.0
[pujjolo:rw] INFO:root:Writing header to /mnt/host/source/src/platform/ec/build/zephyr/pujjolo/build-rw/modules/ec/zephyr/include/ec_version.h
[pujjolo:rw] [10/411] Building CXX object modules/pigweed/pw_build/CMakeFiles/pw_build.empty.dir/empty_file.cc.obj
[npcx9:rw] [141/321] Building C object zephyr/subsys/crc/CMakeFiles/subsys__crc.dir/crc24_sw.c.obj
[minimal-posix:singleimage] [13/179] Building C object CMakeFiles/app.dir/mnt/host/source/src/platform/ec/build/zephyr/minimal-posix/modules/ec/builtin/stdlib.c.obj
[npcx9:rw] [142/321] Building C object zephyr/subsys/crc/CMakeFiles/subsys__crc.dir/crc32c_sw.c.obj
[ptlgcs:ro] [9/375] Building C object zephyr/CMakeFiles/offsets.dir/arch/arm/core/offsets/offsets.c.obj
[pujjolo:rw] [11/411] Generating pw_third_party.nanopb.proto/sources/nanopb.proto
[npcx9:rw] [143/321] Building C object zephyr/subsys/crc/CMakeFiles/subsys__crc.dir/crc32_sw.c.obj
[npcx9:rw] [144/321] Building C object zephyr/subsys/crc/CMakeFiles/subsys__crc.dir/crc32k_4_2_sw.c.obj
[/mnt/host/source/src/platform/ec/build/zephyr/tarkin-lcov]   /mnt/host/source/src/platform/ec/build/zephyr/tarkin/build-ro/modules/ec/zephyr/CMakeFiles/ec_shim.dir/shim/src/battery.c.gcno:no functions found
[/mnt/host/source/src/platform/ec/build/zephyr/tarkin-lcov] stderr:
[pujjolo:rw] [12/411] Generating dsp_comms.proto/sources/proto/ec_dsp.proto, dsp_comms.proto/sources/proto/ec_dsp.options
[npcx-aic:rw] [9/279] Building C object zephyr/CMakeFiles/offsets.dir/arch/arm/core/offsets/offsets.c.obj
[rull:rw] [379/403] Building C object zephyr/kernel/CMakeFiles/kernel.dir/kheap.c.obj
[npcx9:rw] [145/321] Linking C static library zephyr/subsys/crc/libsubsys__crc.a
[ptlgcs:ro] [10/375] Generating include/generated/zephyr/offsets.h
[pujjolo:rw] [13/411] Generating pw_transport.proto/sources/pw_transport/proto/transport.proto, pw_transport.proto/sources/pw_transport/proto/transport.options
[pujjolo:ro] [46/411] Building C object CMakeFiles/app.dir/mnt/host/source/src/platform/ec/zephyr/subsys/ap_pwrseq/power_signals.c.obj
[rull:rw] [380/403] Building C object zephyr/kernel/CMakeFiles/kernel.dir/init.c.obj
[rull:rw] [381/403] Building C object zephyr/kernel/CMakeFiles/kernel.dir/float.c.obj
[npcx-aic:rw] [10/279] Generating include/generated/zephyr/offsets.h
[rull:rw] [382/403] Building C object zephyr/kernel/CMakeFiles/kernel.dir/mem_slab.c.obj
[minimal-posix:singleimage] [14/179] Building C object CMakeFiles/app.dir/mnt/host/source/src/platform/ec/build/zephyr/minimal-posix/modules/ec/common/base32.c.obj
[rull:rw] [383/403] Building C object zephyr/kernel/CMakeFiles/kernel.dir/idle.c.obj
[pujjolo:ro] [47/411] Building C object CMakeFiles/app.dir/mnt/host/source/src/platform/ec/zephyr/subsys/ap_pwrseq/signal_gpio.c.obj
[pujjolo:rw] [14/411] Generating /mnt/host/source/src/platform/ec/build/zephyr/pujjolo/modules/nanopb/generator/proto/nanopb_pb2.py
[npcx9:rw] [146/321] Building C object zephyr/drivers/adc/CMakeFiles/drivers__adc.dir/adc_common.c.obj
[rull:rw] [384/403] Building C object zephyr/kernel/CMakeFiles/kernel.dir/mailbox.c.obj
[ptlgcs:ro] [11/375] Building C object zephyr/CMakeFiles/zephyr.dir/lib/libc/validate_libc.c.obj
[npcx9:rw] [147/321] Building C object zephyr/drivers/interrupt_controller/CMakeFiles/drivers__interrupt_controller.dir/intc_miwu.c.obj
[/mnt/host/source/src/platform/ec/build/zephyr/tarkin-lcov]   /mnt/host/source/src/platform/ec/build/zephyr/tarkin/build-ro/modules/ec/zephyr/CMakeFiles/ec_shim.dir/shim/src/charger.c.gcno:no functions found
[/mnt/host/source/src/platform/ec/build/zephyr/tarkin-lcov] stderr:
[minimal-posix:singleimage] [15/179] Building C object CMakeFiles/app.dir/mnt/host/source/src/platform/ec/build/zephyr/minimal-posix/modules/ec/common/console_output.c.obj
[npcx9:rw] [148/321] Linking C static library zephyr/drivers/interrupt_controller/libdrivers__interrupt_controller.a
[npcx-aic:rw] [11/279] Building C object zephyr/CMakeFiles/zephyr.dir/lib/libc/validate_libc.c.obj
[rull:rw] [385/403] Building C object zephyr/kernel/CMakeFiles/kernel.dir/mutex.c.obj
[rull:rw] [386/403] Building C object zephyr/kernel/CMakeFiles/kernel.dir/msg_q.c.obj
[npcx9:rw] [149/321] Building C object zephyr/drivers/adc/CMakeFiles/drivers__adc.dir/adc_npcx.c.obj
[rull:rw] [387/403] Building C object zephyr/kernel/CMakeFiles/kernel.dir/sem.c.obj
[rull:rw] [388/403] Building C object zephyr/kernel/CMakeFiles/kernel.dir/stack.c.obj
[npcx9:rw] [150/321] Linking C static library zephyr/drivers/adc/libdrivers__adc.a
[rull:rw] [389/403] Building C object zephyr/kernel/CMakeFiles/kernel.dir/queue.c.obj
[/mnt/host/source/src/platform/ec/build/zephyr/tarkin-lcov]   /mnt/host/source/src/platform/ec/build/zephyr/tarkin/build-ro/modules/ec/zephyr/CMakeFiles/ec_shim.dir/shim/src/usba.c.gcno:no functions found
[/mnt/host/source/src/platform/ec/build/zephyr/tarkin-lcov] stderr:
[npcx9:rw] [151/321] Building C object zephyr/drivers/bbram/CMakeFiles/drivers__bbram.dir/bbram_npcx.c.obj
[minimal-posix:singleimage] [16/179] Building C object CMakeFiles/app.dir/mnt/host/source/src/platform/ec/build/zephyr/minimal-posix/modules/ec/common/ec_features.c.obj
[npcx9:rw] [152/321] Linking C static library zephyr/drivers/bbram/libdrivers__bbram.a
[rull:rw] [390/403] Building C object zephyr/kernel/CMakeFiles/kernel.dir/system_work_q.c.obj
[pujjolo:rw] [15/411] Generating dsp_comms.proto/nanopb/proto/ec_dsp.pb.h, dsp_comms.proto/nanopb/proto/ec_dsp.pb.c
[pujjolo:ro] [48/411] Building C object CMakeFiles/app.dir/mnt/host/source/src/platform/ec/zephyr/subsys/ap_pwrseq/signal_vw.c.obj
[npcx9:rw] [153/321] Building C object zephyr/drivers/clock_control/CMakeFiles/drivers__clock_control.dir/clock_control_npcx.c.obj
[rull:rw] [391/403] Building C object zephyr/kernel/CMakeFiles/kernel.dir/condvar.c.obj
[ptlgcs:ro] [12/375] Building C object zephyr/CMakeFiles/zephyr.dir/lib/heap/heap.c.obj
[npcx9:rw] [154/321] Linking C static library zephyr/drivers/clock_control/libdrivers__clock_control.a
[pujjolo:ro] [49/411] Building C object CMakeFiles/app.dir/mnt/host/source/src/platform/ec/zephyr/subsys/ap_pwrseq/signal_adc.c.obj
[npcx-aic:rw] [12/279] Building C object zephyr/CMakeFiles/zephyr.dir/lib/heap/heap.c.obj
[rull:rw] [392/403] Building C object zephyr/kernel/CMakeFiles/kernel.dir/thread.c.obj
[rull:rw] [393/403] Building C object zephyr/kernel/CMakeFiles/kernel.dir/work.c.obj
[npcx9:rw] [155/321] Building C object zephyr/drivers/console/CMakeFiles/drivers__console.dir/uart_console.c.obj
[rull:rw] [394/403] Building C object zephyr/kernel/CMakeFiles/kernel.dir/pipe.c.obj
[npcx9:rw] [156/321] Linking C static library zephyr/drivers/console/libdrivers__console.a
[minimal-posix:singleimage] [17/179] Building C object CMakeFiles/app.dir/mnt/host/source/src/platform/ec/build/zephyr/minimal-posix/modules/ec/common/gpio_commands.c.obj
[rull:rw] [395/403] Building C object zephyr/kernel/CMakeFiles/kernel.dir/thread_monitor.c.obj
[rull:rw] [396/403] Building C object zephyr/kernel/CMakeFiles/kernel.dir/sched.c.obj
[pujjolo:rw] [16/411] Generating pw_transport.proto/nanopb/pw_transport/proto/transport.pb.h, pw_transport.proto/nanopb/pw_transport/proto/transport.pb.c
[npcx9:rw] [157/321] Building C object zephyr/drivers/espi/CMakeFiles/drivers__espi.dir/espi_npcx.c.obj
[ptlgcs:ro] [13/375] Building C object zephyr/CMakeFiles/zephyr.dir/lib/os/cbprintf_packaged.c.obj
[rull:rw] [397/403] Building C object zephyr/kernel/CMakeFiles/kernel.dir/timeout.c.obj
[minimal-posix:singleimage] [18/179] Building C object CMakeFiles/app.dir/mnt/host/source/src/platform/ec/build/zephyr/minimal-posix/modules/ec/common/peripheral.c.obj
[npcx-aic:rw] [13/279] Building C object zephyr/CMakeFiles/zephyr.dir/lib/os/cbprintf_packaged.c.obj
[rull:rw] [398/403] Building C object zephyr/kernel/CMakeFiles/kernel.dir/timer.c.obj
[rull:rw] [399/403] Building C object zephyr/kernel/CMakeFiles/kernel.dir/events.c.obj
[npcx9:rw] [158/321] Building C object zephyr/drivers/espi/CMakeFiles/drivers__espi.dir/host_subs_npcx.c.obj
[pujjolo:ro] [50/411] Building C object CMakeFiles/app.dir/mnt/host/source/src/platform/ec/zephyr/subsys/ap_pwrseq/power_host_sleep.c.obj
[npcx9:rw] [159/321] Building C object zephyr/drivers/flash/CMakeFiles/drivers__flash.dir/jesd216.c.obj
[rull:rw] [400/403] Building C object zephyr/kernel/CMakeFiles/kernel.dir/poll.c.obj
[npcx9:rw] [160/321] Linking C static library zephyr/drivers/espi/libdrivers__espi.a
[pujjolo:rw] [17/411] Building C object zephyr/drivers/sensor/CMakeFiles/drivers__sensor.dir/mnt/host/source/src/third_party/zephyr/main/misc/empty_file.c.obj
[rull:rw] [401/403] Building C object zephyr/kernel/CMakeFiles/kernel.dir/dynamic_disabled.c.obj
[pujjolo:rw] [18/411] Building C object modules/ec/zephyr/drivers/pw_transport/CMakeFiles/pw_transport.proto.nanopb.dir/pw_transport.proto/nanopb/pw_transport/proto/transport.pb.c.obj
[rull:rw] [402/403] Building C object zephyr/kernel/CMakeFiles/kernel.dir/mempool.c.obj
[minimal-posix:singleimage] [19/179] Building C object CMakeFiles/app.dir/mnt/host/source/src/platform/ec/build/zephyr/minimal-posix/modules/ec/common/printf.c.obj
[pujjolo:rw] [19/411] Building C object modules/ec/zephyr/drivers/dsp_comms/CMakeFiles/dsp_comms.proto.nanopb.dir/dsp_comms.proto/nanopb/proto/ec_dsp.pb.c.obj
[rull:rw] [403/403] Linking C static library zephyr/kernel/libkernel.a
[ptlgcs:rw] Building: /usr/bin/ninja -C /mnt/host/source/src/platform/ec/build/zephyr/ptlgcs/build-rw all.libraries
Running `env -i SHELL=/bin/bash COLORTERM=truecolor DEPOT_TOOLS_UPDATE=0 LESS='-R -M --shift 5' SUDO_GID=0 JDK_HOME=/etc/java-config-2/current-system-vm CONFIG_PROTECT_MASK='/etc/gentoo-release /etc/sandbox.d /etc/fonts/fonts.conf /etc/terminfo /etc/ca-certificates.conf /etc/revdep-rebuild' CHROMEOS_CACHEDIR=/var/cache/chromeos-cache JAVA_HOME=/etc/java-config-2/current-system-vm SSH_AUTH_SOCK=/tmp/ssh-auth-sock SUDO_COMMAND=/bin/bash SUDO_USER=root SUDO_TTY=/dev/pts/2 EDITOR=/usr/bin/vi PWD=/mnt/host/source/src/platform/ec CONFIG_PROTECT=/usr/share/gnupg/qualified.txt LOGNAME=jpmurphy MANPATH=/etc/java-config-2/current-system-vm/man:/usr/local/share/man:/usr/share/man:/usr/share/gcc-data/x86_64-pc-linux-gnu/10.2.0/man:/usr/share/binutils-data/x86_64-pc-linux-gnu/2.45/man:/etc/java-config-2/current-system-vm/man/ SUDO_HOME=/root XAUTHORITY=/run/user/944457/gdm/Xauthority HOME=/home/jpmurphy LANG=C.UTF-8 LS_COLORS='rs=0:di=01;34:ln=01;36:mh=00:pi=40;33:so=01;35:do=01;35:bd=40;33;01:cd=40;33;01:or=01;05;37;41:mi=01;05;37;41:su=37;41:sg=30;43:ca=30;41:tw=30;42:ow=34;42:st=37;44:ex=01;32:*.tar=01;31:*.tgz=01;31:*.arc=01;31:*.arj=01;31:*.taz=01;31:*.lha=01;31:*.lz4=01;31:*.lzh=01;31:*.lzma=01;31:*.tlz=01;31:*.txz=01;31:*.tzo=01;31:*.t7z=01;31:*.zip=01;31:*.z=01;31:*.dz=01;31:*.gz=01;31:*.lrz=01;31:*.lz=01;31:*.lzo=01;31:*.xz=01;31:*.zst=01;31:*.tzst=01;31:*.bz2=01;31:*.bz=01;31:*.tbz=01;31:*.tbz2=01;31:*.tz=01;31:*.deb=01;31:*.rpm=01;31:*.jar=01;31:*.war=01;31:*.ear=01;31:*.sar=01;31:*.rar=01;31:*.alz=01;31:*.ace=01;31:*.zoo=01;31:*.cpio=01;31:*.7z=01;31:*.rz=01;31:*.cab=01;31:*.wim=01;31:*.swm=01;31:*.dwm=01;31:*.esd=01;31:*.jpg=01;35:*.jpeg=01;35:*.mjpg=01;35:*.mjpeg=01;35:*.gif=01;35:*.bmp=01;35:*.pbm=01;35:*.pgm=01;35:*.ppm=01;35:*.tga=01;35:*.xbm=01;35:*.xpm=01;35:*.tif=01;35:*.tiff=01;35:*.png=01;35:*.svg=01;35:*.svgz=01;35:*.mng=01;35:*.pcx=01;35:*.mov=01;35:*.mpg=01;35:*.mpeg=01;35:*.m2v=01;35:*.mkv=01;35:*.webm=01;35:*.webp=01;35:*.ogm=01;35:*.mp4=01;35:*.m4v=01;35:*.mp4v=01;35:*.vob=01;35:*.qt=01;35:*.nuv=01;35:*.wmv=01;35:*.asf=01;35:*.rm=01;35:*.rmvb=01;35:*.flc=01;35:*.avi=01;35:*.fli=01;35:*.flv=01;35:*.gl=01;35:*.dl=01;35:*.xcf=01;35:*.xwd=01;35:*.yuv=01;35:*.cgm=01;35:*.emf=01;35:*.ogv=01;35:*.ogx=01;35:*.cfg=00;32:*.conf=00;32:*.diff=00;32:*.doc=00;32:*.ini=00;32:*.log=00;32:*.patch=00;32:*.pdf=00;32:*.ps=00;32:*.tex=00;32:*.txt=00;32:*.aac=00;36:*.au=00;36:*.flac=00;36:*.m4a=00;36:*.mid=00;36:*.midi=00;36:*.mka=00;36:*.mp3=00;36:*.mpc=00;36:*.ogg=00;36:*.ra=00;36:*.wav=00;36:*.oga=00;36:*.opus=00;36:*.spx=00;36:*.xspf=00;36:' XDG_CURRENT_DESKTOP=GNOME INFOPATH=/usr/share/info:/usr/share/gcc-data/x86_64-pc-linux-gnu/10.2.0/info:/usr/share/binutils-data/x86_64-pc-linux-gnu/2.45/info:/usr/share/automake-1.16.5/info JAVAC=/etc/java-config-2/current-system-vm/bin/javac TERM=xterm-256color LESSOPEN='|lesspipe %s' USER=jpmurphy CROS_WORKON_SRCROOT=/mnt/host/source MANPAGER=manpager DISPLAY=:1 SHLVL=1 LC_MESSAGES=C EXTERNAL_TRUNK_PATH=/mnt/8f9d649a-3721-44cc-93c0-e6bd21a9689f/chromiumos GCC_SPECS='' PATH=/mnt/host/source/chromite/bin:/usr/local/bin:/usr/bin:/bin:/opt/bin:/mnt/host/source/chromite/sdk/bin:/mnt/host/source/chromite/bin PORTAGE_USERNAME=jpmurphy SUDO_UID=0 GCC_VER=10.2.0 MAIL=/var/mail/jpmurphy OLDPWD=/mnt/host/source/src/scripts traceparent=00-e87aca51550a78635907baa6a2476181-6d684811675d2973-01 _=./zephyr/firmware_builder.py COREBOOT_SDK_ROOT_x86=/home/jpmurphy/.cache/coreboot-sdk/i386-elf/dfbb0486385d938cfa9d73080b9d18d598ed4f49 COREBOOT_SDK_ROOT_picolibc_x86=/home/jpmurphy/.cache/coreboot-sdk/picolibc-i386-elf/eb8e8e687b95461de8cbf278f1c2076952d0ad17 COREBOOT_SDK_ROOT_riscv64=/home/jpmurphy/.cache/coreboot-sdk/riscv64-elf/96b949749225b6aaa92ed810ab769e8dfb12f000 COREBOOT_SDK_ROOT_picolibc_arm=/home/jpmurphy/.cache/coreboot-sdk/picolibc-arm-eabi/422a2aa3e1ef891b5bece9a3deb696ff83840d2e COREBOOT_SDK_ROOT_nds32=/home/jpmurphy/.cache/coreboot-sdk/nds32le-elf/d1a518c4a097666d86058e1444f85ca015d15511 COREBOOT_SDK_ROOT_picolibc_riscv64=/home/jpmurphy/.cache/coreboot-sdk/picolibc-riscv64-elf/f571e990ef0278564b31124f8bb109d9a697eb69 COREBOOT_SDK_ROOT_arm=/home/jpmurphy/.cache/coreboot-sdk/arm-eabi/ea40ddd1d190c3b48435c474c0b545719371813a COREBOOT_SDK_ROOT_libstdcxx_riscv64=/home/jpmurphy/.cache/coreboot-sdk/libstdcxx-riscv64-elf/17abf22a3a252e2d5d2062ced5324f7a623689e0 COREBOOT_SDK_ROOT_libstdcxx_arm=/home/jpmurphy/.cache/coreboot-sdk/libstdcxx-arm-eabi/5d7d82e150e44aa1968f1d366e267e6687b328ac COREBOOT_SDK_ROOT_riscv=/home/jpmurphy/.cache/coreboot-sdk/riscv-elf/9a27b9e82341c6e9126624f516ab3f261abb3e73 COREBOOT_SDK_ROOT_libstdcxx_x86=/home/jpmurphy/.cache/coreboot-sdk/libstdcxx-i386-elf/42ef9d2e87a76a37963175d7d428734e65648b87 PYTHONPATH=/mnt/host/source/src/platform/ec/zephyr/zmake PW_PIGWEED_CIPD_INSTALL_DIR=/usr CROSTC_USER_ACKNOWLEDGES_THAT_RISCV_IS_EXPERIMENTAL=1 MAKEFLAGS=' -j16 --jobserver-auth=5,6' /usr/bin/ninja -C /mnt/host/source/src/platform/ec/build/zephyr/ptlgcs/build-rw all.libraries`
[ptlgcs:rw] ninja: Entering directory `/mnt/host/source/src/platform/ec/build/zephyr/ptlgcs/build-rw'
[pujjolo:rw] [20/411] Building C object zephyr/CMakeFiles/offsets.dir/arch/arm/core/offsets/offsets.c.obj
[npcx9:rw] [161/321] Building C object zephyr/drivers/flash/CMakeFiles/drivers__flash.dir/flash_npcx_fiu_nor.c.obj
[npcx-aic:rw] [14/279] Building C object zephyr/CMakeFiles/zephyr.dir/lib/os/clock.c.obj
[pujjolo:ro] [51/411] Building C object CMakeFiles/app.dir/mnt/host/source/src/platform/ec/zephyr/subsys/ap_pwrseq/x86_non_dsx_common_pwrseq_sm_handler.c.obj
[ptlgcs:ro] [14/375] Building C object zephyr/CMakeFiles/zephyr.dir/lib/os/clock.c.obj
[minimal-posix:singleimage] [20/179] Building C object CMakeFiles/app.dir/mnt/host/source/src/platform/ec/build/zephyr/minimal-posix/modules/ec/common/queue.c.obj
[minimal-posix:singleimage] [21/179] Building C object CMakeFiles/app.dir/mnt/host/source/src/platform/ec/build/zephyr/minimal-posix/modules/ec/common/system.c.obj
[npcx9:rw] [162/321] Building C object zephyr/drivers/flash/CMakeFiles/drivers__flash.dir/flash_npcx_fiu_qspi.c.obj
[npcx-aic:rw] [15/279] Building C object zephyr/CMakeFiles/zephyr.dir/lib/os/printk.c.obj
[npcx9:rw] [163/321] Building C object zephyr/drivers/gpio/CMakeFiles/drivers__gpio.dir/gpio_npcx.c.obj
[ptlgcs:rw] [1/375] Generating include/generated/zephyr/version.h
[ptlgcs:rw] -- git describe warned: warning: tag 'upstream/v2.7.99' is externally known as 'v2.7.99'
[ptlgcs:rw] -- Zephyr version: 4.3.99 (/mnt/host/source/src/third_party/zephyr/main)
[ptlgcs:rw] [2/375] Preparing syscall dependency handling
[npcx9:rw] [164/321] Linking C static library zephyr/drivers/flash/libdrivers__flash.a
[npcx9:rw] [165/321] Linking C static library zephyr/drivers/gpio/libdrivers__gpio.a
[minimal-posix:singleimage] [22/179] Building C object CMakeFiles/app.dir/mnt/host/source/src/platform/ec/build/zephyr/minimal-posix/modules/ec/common/system_boot_time.c.obj
[ptlgcs:rw] [3/375] Generating misc/generated/syscalls_subdirs.trigger
[npcx9:rw] [166/321] Building C object zephyr/drivers/i2c/CMakeFiles/drivers__i2c.dir/i2c_common.c.obj
[pujjolo:ro] [52/411] Building C object CMakeFiles/app.dir/mnt/host/source/src/platform/ec/zephyr/subsys/ap_pwrseq/x86_non_dsx_chipset_power_state.c.obj
[pujjolo:ro] [53/411] Building C object CMakeFiles/app.dir/mnt/host/source/src/platform/ec/zephyr/subsys/ap_pwrseq/x86_non_dsx_common_pwrseq_host_sleep.c.obj
[npcx-aic:rw] [16/279] Building C object zephyr/CMakeFiles/zephyr.dir/lib/os/sem.c.obj
[minimal-posix:singleimage] [23/179] Building C object CMakeFiles/app.dir/mnt/host/source/src/platform/ec/build/zephyr/minimal-posix/modules/ec/common/uart_printf.c.obj
[ptlgcs:ro] [15/375] Building C object zephyr/CMakeFiles/zephyr.dir/lib/os/printk.c.obj
[minimal-posix:singleimage] [24/179] Building C object CMakeFiles/app.dir/mnt/host/source/src/platform/ec/build/zephyr/minimal-posix/modules/ec/common/util.c.obj
[pujjolo:rw] [21/411] Building CXX object modules/pigweed/pw_base64/CMakeFiles/pw_base64.dir/base64.cc.obj
[npcx-aic:rw] [17/279] Building C object zephyr/CMakeFiles/zephyr.dir/lib/os/thread_entry.c.obj
[npcx-aic:rw] [18/279] Building C object zephyr/CMakeFiles/zephyr.dir/lib/os/cbprintf_nano.c.obj
[pujjolo:ro] [54/411] Building C object CMakeFiles/app.dir/mnt/host/source/src/platform/ec/zephyr/subsys/ap_pwrseq/x86_non_dsx_common_pwrseq_console.c.obj
[minimal-posix:singleimage] [25/179] Building C object CMakeFiles/app.dir/mnt/host/source/src/platform/ec/build/zephyr/minimal-posix/modules/ec/common/version.c.obj
[pujjolo:rw] [22/411] Building CXX object modules/pigweed/pw_containers/CMakeFiles/pw_containers.intrusive_item.dir/intrusive_item.cc.obj
[npcx9:rw] [167/321] Building C object zephyr/drivers/i2c/CMakeFiles/drivers__i2c.dir/i2c_shell.c.obj
[npcx9:rw] [168/321] Building C object zephyr/drivers/i2c/CMakeFiles/drivers__i2c.dir/i2c_npcx_controller.c.obj
[npcx9:rw] [169/321] Building C object zephyr/drivers/i2c/CMakeFiles/drivers__i2c.dir/i2c_npcx_controller_fifo.c.obj
[minimal-posix:singleimage] [26/179] Building C object CMakeFiles/app.dir/mnt/host/source/src/platform/ec/build/zephyr/minimal-posix/modules/ec/common/cbi_common.c.obj
[ptlgcs:rw] [4/375] Generating misc/generated/syscalls.json, misc/generated/struct_tags.json
[ptlgcs:ro] [16/375] Building C object zephyr/CMakeFiles/zephyr.dir/lib/os/sem.c.obj
[ptlgcs:rw] [5/375] Generating include/generated/zephyr/syscall_dispatch.c, include/generated/zephyr/syscall_exports_llext.c, syscall_weakdefs_llext.c, include/generated/zephyr/syscall_list.h
[pujjolo:ro] [55/411] Building C object CMakeFiles/app.dir/mnt/host/source/src/platform/ec/zephyr/subsys/ap_pwrseq/x86_non_dsx_common_pwrseq_host_command.c.obj
[pujjolo:rw] [23/411] Building CXX object modules/pigweed/pw_bytes/CMakeFiles/pw_bytes.dir/byte_builder.cc.obj
[npcx-aic:rw] [19/279] Building C object zephyr/CMakeFiles/zephyr.dir/lib/os/cbprintf.c.obj
[ptlgcs:rw] [6/375] Generating include/generated/zephyr/driver-validation.h
[minimal-posix:singleimage] [27/179] Building C object CMakeFiles/app.dir/mnt/host/source/src/platform/ec/build/zephyr/minimal-posix/modules/ec/common/cbi.c.obj
[npcx-aic:rw] [20/279] Building C object zephyr/CMakeFiles/zephyr.dir/lib/os/assert.c.obj
[pujjolo:rw] [24/411] Building CXX object modules/pigweed/pw_status/CMakeFiles/pw_status.dir/status.cc.obj
[minimal-posix:singleimage] [28/179] Building C object CMakeFiles/app.dir/mnt/host/source/src/platform/ec/build/zephyr/minimal-posix/modules/ec/common/cbi_config.c.obj
[npcx9:rw] [170/321] Building C object zephyr/drivers/pinctrl/CMakeFiles/drivers__pinctrl.dir/common.c.obj
[pujjolo:ro] [56/411] Building C object CMakeFiles/app.dir/mnt/host/source/src/platform/ec/zephyr/subsys/ap_pwrseq/x86_non_dsx_adlp_pwrseq_sm.c.obj
[npcx9:rw] [171/321] Building C object zephyr/drivers/pinctrl/CMakeFiles/drivers__pinctrl.dir/pinctrl_npcx.c.obj
[pujjolo:rw] [25/411] Building CXX object modules/ec/zephyr/shim/src/CMakeFiles/platform_ec_log.tokenized_handler.dir/pw_log_zephyr_tokenized.cc.obj
[npcx-aic:rw] [21/279] Building C object zephyr/CMakeFiles/zephyr.dir/lib/utils/dec.c.obj
[npcx9:rw] [172/321] Linking C static library zephyr/drivers/pinctrl/libdrivers__pinctrl.a
[ptlgcs:rw] [7/375] Generating include/generated/zephyr/kobj-types-enum.h, include/generated/zephyr/otype-to-str.h, include/generated/zephyr/otype-to-size.h
[ptlgcs:ro] [17/375] Building C object zephyr/CMakeFiles/zephyr.dir/lib/os/thread_entry.c.obj
[npcx-aic:rw] [22/279] Building C object zephyr/CMakeFiles/zephyr.dir/lib/utils/hex.c.obj
[ptlgcs:rw] [8/375] Generating include/generated/device-api-sections.ld, include/generated/device-api-sections.cmake
[npcx9:rw] [173/321] Building C object zephyr/drivers/i2c/CMakeFiles/drivers__i2c.dir/i2c_npcx_port.c.obj
[pujjolo:ro] [57/411] Building C object CMakeFiles/app.dir/mnt/host/source/src/platform/ec/zephyr/subsys/ap_pwrseq/ap_reset_log.c.obj
[npcx9:rw] [174/321] Linking C static library zephyr/drivers/i2c/libdrivers__i2c.a
[minimal-posix:singleimage] [29/179] Building C object CMakeFiles/app.dir/mnt/host/source/src/platform/ec/build/zephyr/minimal-posix/modules/ec/common/cbi_gpio.c.obj
[minimal-posix:singleimage] [30/179] Building C object CMakeFiles/app.dir/mnt/host/source/src/platform/ec/build/zephyr/minimal-posix/modules/ec/common/memory_commands.c.obj
[npcx9:rw] [175/321] Building C object zephyr/drivers/sensor/CMakeFiles/drivers__sensor.dir/mnt/host/source/src/third_party/zephyr/main/misc/empty_file.c.obj
[npcx9:rw] [176/321] Linking C static library zephyr/drivers/sensor/libdrivers__sensor.a
[npcx-aic:rw] [23/279] Building C object zephyr/CMakeFiles/zephyr.dir/lib/utils/timeutil.c.obj
[pujjolo:rw] [26/411] Building CXX object modules/pigweed/pw_tokenizer/CMakeFiles/pw_tokenizer.dir/hash.cc.obj
[npcx9:rw] [177/321] Building C object zephyr/drivers/pwm/CMakeFiles/drivers__pwm.dir/pwm_shell.c.obj
[npcx-aic:rw] [24/279] Building C object zephyr/CMakeFiles/zephyr.dir/lib/utils/rb.c.obj
[npcx9:rw] [178/321] Building C object zephyr/drivers/pwm/CMakeFiles/drivers__pwm.dir/pwm_npcx.c.obj
[ptlgcs:ro] [18/375] Building C object zephyr/CMakeFiles/zephyr.dir/lib/os/cbprintf_nano.c.obj
[minimal-posix:singleimage] [31/179] Building C object CMakeFiles/app.dir/mnt/host/source/src/platform/ec/build/zephyr/minimal-posix/modules/ec/common/sha256.c.obj
[ptlgcs:rw] [9/375] Building C object zephyr/CMakeFiles/offsets.dir/arch/arm/core/offsets/offsets.c.obj
[minimal-posix:singleimage] [32/179] Building C object CMakeFiles/app.dir/mnt/host/source/src/platform/ec/build/zephyr/minimal-posix/modules/ec/common/panic_output.c.obj
[npcx9:rw] [179/321] Linking C static library zephyr/drivers/pwm/libdrivers__pwm.a
[pujjolo:ro] [58/411] Building C object CMakeFiles/app.dir/mnt/host/source/src/platform/ec/zephyr/subsys/pd_controller/pdc_pmc_debug.c.obj
[npcx-aic:rw] [25/279] Building C object zephyr/CMakeFiles/zephyr.dir/lib/utils/bitmask.c.obj
[ptlgcs:rw] [10/375] Generating include/generated/zephyr/offsets.h
[pujjolo:rw] [27/411] Building CXX object modules/pigweed/pw_log_tokenized/CMakeFiles/pw_log_tokenized.dir/log_tokenized.cc.obj
[minimal-posix:singleimage] [33/179] Building C object CMakeFiles/app.dir/mnt/host/source/src/platform/ec/build/zephyr/minimal-posix/modules/ec/common/shared_mem.c.obj
[npcx-aic:rw] [26/279] Building C object zephyr/CMakeFiles/zephyr.dir/lib/utils/bitarray.c.obj
[npcx9:rw] [180/321] Building C object zephyr/drivers/sensor/nuvoton/nuvoton_tach_npcx/CMakeFiles/drivers__sensor__nuvoton__nuvoton_tach_npcx.dir/tach_nuvoton_npcx.c.obj
[minimal-posix:singleimage] [34/179] Building C object CMakeFiles/app.dir/mnt/host/source/src/platform/ec/build/zephyr/minimal-posix/modules/ec/common/timer.c.obj
[npcx9:rw] [181/321] Linking C static library zephyr/drivers/sensor/nuvoton/nuvoton_tach_npcx/libdrivers__sensor__nuvoton__nuvoton_tach_npcx.a
[npcx9:rw] [182/321] Building C object zephyr/drivers/serial/CMakeFiles/drivers__serial.dir/uart_npcx.c.obj
[ptlgcs:ro] [19/375] Building C object zephyr/CMakeFiles/zephyr.dir/lib/os/cbprintf.c.obj
[npcx9:rw] [183/321] Building C object zephyr/drivers/syscon/CMakeFiles/drivers__syscon.dir/syscon.c.obj
[npcx9:rw] [184/321] Linking C static library zephyr/drivers/serial/libdrivers__serial.a
[npcx9:rw] [185/321] Linking C static library zephyr/drivers/syscon/libdrivers__syscon.a
[pujjolo:rw] [28/411] Building CXX object modules/pigweed/pw_tokenizer/CMakeFiles/pw_tokenizer.dir/encode_args.cc.obj
[ptlgcs:rw] [11/375] Building C object zephyr/CMakeFiles/zephyr.dir/lib/libc/validate_libc.c.obj
[npcx-aic:rw] [27/279] Building C object zephyr/CMakeFiles/zephyr.dir/lib/utils/getopt/getopt.c.obj
[minimal-posix:singleimage] [35/179] Building C object CMakeFiles/app.dir/mnt/host/source/src/platform/ec/build/zephyr/minimal-posix/modules/ec/common/vstore.c.obj
[minimal-posix:singleimage] [36/179] Building C object CMakeFiles/app.dir/mnt/host/source/src/platform/ec/build/zephyr/minimal-posix/modules/ec/common/math_util.c.obj
[minimal-posix:singleimage] [37/179] Linking C static library app/libapp.a
[npcx-aic:rw] [28/279] Building C object zephyr/CMakeFiles/zephyr.dir/lib/utils/ring_buffer.c.obj
[npcx9:rw] [186/321] Building C object zephyr/drivers/timer/CMakeFiles/drivers__timer.dir/sys_clock_init.c.obj
[npcx-aic:rw] [29/279] Building C object zephyr/CMakeFiles/zephyr.dir/lib/utils/getopt/getopt_common.c.obj
[pujjolo:ro] [59/411] Building C object CMakeFiles/app.dir/mnt/host/source/src/platform/ec/zephyr/subsys/pd_controller/pdc_host_cmd.c.obj
[minimal-posix:singleimage] [38/179] Building C object zephyr/CMakeFiles/zephyr.dir/lib/libc/validate_libc.c.obj
[npcx-aic:rw] [30/279] Building C object zephyr/CMakeFiles/zephyr.dir/lib/utils/last_section_id.c.obj
[ptlgcs:ro] [20/375] Building C object zephyr/CMakeFiles/zephyr.dir/lib/os/assert.c.obj
[npcx-aic:rw] [31/279] Building C object zephyr/CMakeFiles/zephyr.dir/misc/generated/configs.c.obj
[pujjolo:rw] [29/411] Building CXX object modules/pigweed/pw_tokenizer/CMakeFiles/pw_tokenizer.dir/tokenize.cc.obj
[npcx9:rw] [187/321] Building C object zephyr/drivers/timer/CMakeFiles/drivers__timer.dir/npcx_itim_timer.c.obj
[npcx9:rw] [188/321] Building C object zephyr/drivers/watchdog/CMakeFiles/drivers__watchdog.dir/wdt_npcx.c.obj
[minimal-posix:singleimage] [39/179] Building C object zephyr/CMakeFiles/zephyr.dir/lib/heap/heap.c.obj
[pujjolo:rw] [30/411] Building CXX object modules/pigweed/pw_tokenizer/CMakeFiles/pw_tokenizer.base64.dir/base64.cc.obj
[npcx9:rw] [189/321] Linking C static library zephyr/drivers/timer/libdrivers__timer.a
[ptlgcs:rw] [12/375] Building C object zephyr/CMakeFiles/zephyr.dir/lib/heap/heap.c.obj
[ptlgcs:ro] [21/375] Building C object zephyr/CMakeFiles/zephyr.dir/lib/utils/dec.c.obj
[minimal-posix:singleimage] [40/179] Building C object zephyr/CMakeFiles/zephyr.dir/lib/os/cbprintf_packaged.c.obj
[ptlgcs:ro] [22/375] Building C object zephyr/CMakeFiles/zephyr.dir/lib/utils/hex.c.obj
[/mnt/host/source/src/platform/ec/build/zephyr/tarkin-lcov]   /mnt/host/source/src/platform/ec/build/zephyr/tarkin/build-ro/modules/ec/zephyr/CMakeFiles/ec_shim.dir/shim/src/keyscan.c.gcno:no functions found
[/mnt/host/source/src/platform/ec/build/zephyr/tarkin-lcov] stderr:
[minimal-posix:singleimage] [41/179] Building C object zephyr/CMakeFiles/zephyr.dir/lib/os/clock.c.obj
[npcx9:rw] [190/321] Building C object zephyr/drivers/watchdog/CMakeFiles/drivers__watchdog.dir/wdt_shell.c.obj
[npcx-aic:rw] [32/279] Building C object zephyr/CMakeFiles/zephyr.dir/soc/nuvoton/npcx/common/scfg.c.obj
[npcx9:rw] [191/321] Linking C static library zephyr/drivers/watchdog/libdrivers__watchdog.a
[pujjolo:ro] [60/411] Building C object CMakeFiles/app.dir/mnt/host/source/src/platform/ec/zephyr/subsys/pd_controller/pdc_console.c.obj
[npcx-aic:rw] [33/279] Building C object zephyr/CMakeFiles/zephyr.dir/soc/nuvoton/npcx/common/power.c.obj
[minimal-posix:singleimage] [42/179] Building C object zephyr/CMakeFiles/zephyr.dir/lib/os/printk.c.obj
[ptlgcs:ro] [23/375] Building C object zephyr/CMakeFiles/zephyr.dir/lib/utils/timeutil.c.obj
[npcx9:rw] [192/321] Building C object modules/ec/zephyr/CMakeFiles/ec_shim.dir/app/ec/main_shim.c.obj
[minimal-posix:singleimage] [43/179] Building C object zephyr/CMakeFiles/zephyr.dir/lib/os/sem.c.obj
[ptlgcs:ro] [24/375] Building C object zephyr/CMakeFiles/zephyr.dir/lib/utils/rb.c.obj
[ptlgcs:rw] [13/375] Building C object zephyr/CMakeFiles/zephyr.dir/lib/os/cbprintf_packaged.c.obj
[npcx9:rw] [193/321] Building C object modules/ec/zephyr/CMakeFiles/ec_shim.dir/app/ec/ec_app_main.c.obj
[pujjolo:ro] [61/411] Building C object CMakeFiles/app.dir/mnt/host/source/src/platform/ec/zephyr/subsys/pd_controller/pdc_stub.c.obj
[pujjolo:ro] [62/411] Building C object CMakeFiles/app.dir/mnt/host/source/src/platform/ec/zephyr/subsys/pd_controller/pdc_power_mgmt.c.obj
[minimal-posix:singleimage] [44/179] Building C object zephyr/CMakeFiles/zephyr.dir/lib/os/thread_entry.c.obj
[minimal-posix:singleimage] [45/179] Building C object zephyr/CMakeFiles/zephyr.dir/lib/os/cbprintf_nano.c.obj
[ptlgcs:ro] [25/375] Building C object zephyr/CMakeFiles/zephyr.dir/lib/utils/bitmask.c.obj
[pujjolo:rw] [31/411] Building CXX object modules/pigweed/pw_varint/CMakeFiles/pw_varint.dir/varint.cc.obj
[pujjolo:rw] [32/411] Linking CXX static library modules/pigweed/pw_varint/libpw_varint.a
[npcx-aic:rw] [34/279] Building C object zephyr/CMakeFiles/zephyr.dir/soc/nuvoton/npcx/npcx9/soc.c.obj
[npcx-aic:rw] [35/279] Building C object zephyr/CMakeFiles/zephyr.dir/soc/nuvoton/npcx/common/npcxn/registers.c.obj
[minimal-posix:singleimage] [46/179] Building C object zephyr/CMakeFiles/zephyr.dir/lib/os/cbprintf.c.obj
[npcx9:rw] [194/321] Building C object modules/ec/zephyr/CMakeFiles/ec_shim.dir/drivers/cros_flash/cros_flash_npcx.c.obj
[pujjolo:rw] [33/411] Linking CXX static library modules/pigweed/pw_tokenizer/libpw_tokenizer.base64.a
[ptlgcs:ro] [26/375] Building C object zephyr/CMakeFiles/zephyr.dir/lib/utils/bitarray.c.obj
[minimal-posix:singleimage] [47/179] Building C object zephyr/CMakeFiles/zephyr.dir/lib/os/assert.c.obj
[pujjolo:rw] [34/411] Linking CXX static library modules/pigweed/pw_tokenizer/libpw_tokenizer.a
[pujjolo:rw] [35/411] Linking CXX static library modules/pigweed/pw_status/libpw_status.a
[ptlgcs:rw] [14/375] Building C object zephyr/CMakeFiles/zephyr.dir/lib/os/clock.c.obj
[npcx9:rw] [195/321] Building C object modules/ec/zephyr/CMakeFiles/ec_shim.dir/drivers/cros_kblight/pwm_kblight.c.obj
[pujjolo:rw] [36/411] Linking CXX static library modules/pigweed/pw_log_tokenized/libpw_log_tokenized.a
[npcx9:rw] [196/321] Building C object modules/ec/zephyr/CMakeFiles/ec_shim.dir/drivers/cros_kb_raw/cros_kb_raw_npcx.c.obj
[minimal-posix:singleimage] [48/179] Building C object zephyr/CMakeFiles/zephyr.dir/lib/os/mpsc_pbuf.c.obj
[pujjolo:rw] [37/411] Linking CXX static library modules/pigweed/pw_containers/libpw_containers.intrusive_item.a
[pujjolo:ro] [63/411] Building C object CMakeFiles/app.dir/mnt/host/source/src/platform/ec/zephyr/subsys/pd_controller/pdc_dpm.c.obj
[minimal-posix:singleimage] [49/179] Building C object zephyr/CMakeFiles/zephyr.dir/lib/utils/dec.c.obj
[ptlgcs:ro] [27/375] Building C object zephyr/CMakeFiles/zephyr.dir/lib/utils/getopt/getopt.c.obj
[pujjolo:rw] [38/411] Linking CXX static library modules/pigweed/pw_bytes/libpw_bytes.a
[ptlgcs:rw] [15/375] Building C object zephyr/CMakeFiles/zephyr.dir/lib/os/printk.c.obj
[minimal-posix:singleimage] [50/179] Building C object zephyr/CMakeFiles/zephyr.dir/lib/utils/hex.c.obj
[pujjolo:rw] [39/411] Linking CXX static library modules/pigweed/pw_base64/libpw_base64.a
[npcx-aic:rw] [36/279] Building C object zephyr/CMakeFiles/zephyr.dir/subsys/logging/log_minimal.c.obj
[npcx-aic:rw] [37/279] Building C object zephyr/CMakeFiles/zephyr.dir/subsys/mem_mgmt/mem_attr.c.obj
[ptlgcs:ro] [28/375] Building C object zephyr/CMakeFiles/zephyr.dir/lib/utils/ring_buffer.c.obj
[minimal-posix:singleimage] [51/179] Building C object zephyr/CMakeFiles/zephyr.dir/lib/utils/rb.c.obj
[pujjolo:rw] [40/411] Linking CXX static library modules/ec/zephyr/shim/src/libplatform_ec_log.tokenized_handler.a
[ptlgcs:ro] [29/375] Building C object zephyr/CMakeFiles/zephyr.dir/lib/utils/getopt/getopt_common.c.obj
[npcx9:rw] [197/321] Building C object modules/ec/zephyr/CMakeFiles/ec_shim.dir/drivers/cros_rtc/cros_rtc_npcx.c.obj
[ptlgcs:ro] [30/375] Building C object zephyr/CMakeFiles/zephyr.dir/lib/utils/last_section_id.c.obj
[minimal-posix:singleimage] [52/179] Building C object zephyr/CMakeFiles/zephyr.dir/lib/utils/timeutil.c.obj
[pujjolo:rw] [41/411] Linking CXX static library modules/ec/zephyr/drivers/pw_transport/libpw_transport.proto.nanopb.a
[ptlgcs:rw] [16/375] Building C object zephyr/CMakeFiles/zephyr.dir/lib/os/sem.c.obj
[ptlgcs:ro] [31/375] Building C object zephyr/CMakeFiles/zephyr.dir/misc/generated/configs.c.obj
[minimal-posix:singleimage] [53/179] Building C object zephyr/CMakeFiles/zephyr.dir/lib/utils/bitmask.c.obj
[pujjolo:rw] [42/411] Linking CXX static library modules/ec/zephyr/drivers/dsp_comms/libdsp_comms.proto.nanopb.a
[npcx9:rw] [198/321] Building C object modules/ec/zephyr/CMakeFiles/ec_shim.dir/drivers/vivaldi_kbd/vivaldi_kbd.c.obj
[npcx-aic:rw] [38/279] Building C object zephyr/CMakeFiles/zephyr.dir/subsys/pm/state.c.obj
[minimal-posix:singleimage] [54/179] Building C object zephyr/CMakeFiles/zephyr.dir/lib/utils/bitarray.c.obj
[npcx9:rw] [199/321] Building C object modules/ec/zephyr/CMakeFiles/ec_shim.dir/drivers/cros_system/cros_system_npcx.c.obj
[ptlgcs:rw] [17/375] Building C object zephyr/CMakeFiles/zephyr.dir/lib/os/thread_entry.c.obj
[pujjolo:rw] [43/411] Generating include/generated/zephyr/offsets.h
[pujjolo:ro] [64/411] Building C object CMakeFiles/app.dir/mnt/host/source/src/platform/ec/zephyr/subsys/ucsi/ppm_common.c.obj
[npcx-aic:rw] [39/279] Building C object zephyr/CMakeFiles/zephyr.dir/subsys/pm/pm.c.obj
[minimal-posix:singleimage] [55/179] Building C object zephyr/CMakeFiles/zephyr.dir/lib/utils/getopt/getopt_common.c.obj
[minimal-posix:singleimage] [56/179] Building C object zephyr/CMakeFiles/zephyr.dir/lib/utils/getopt/getopt.c.obj
[ptlgcs:ro] [32/375] Building C object zephyr/CMakeFiles/zephyr.dir/soc/microchip/mec/mec172x/soc.c.obj
[pujjolo:ro] [65/411] Building C object CMakeFiles/app.dir/mnt/host/source/src/platform/ec/zephyr/subsys/ucsi/ppm_console.c.obj
[ptlgcs:rw] [18/375] Building C object zephyr/CMakeFiles/zephyr.dir/lib/os/cbprintf_nano.c.obj
[ptlgcs:ro] [33/375] Building C object zephyr/CMakeFiles/zephyr.dir/soc/microchip/mec/common/soc_ecia.c.obj
[npcx9:rw] [200/321] Building C object modules/ec/zephyr/CMakeFiles/ec_shim.dir/shim/chip/npcx/clock.c.obj
[minimal-posix:singleimage] [57/179] Building C object zephyr/CMakeFiles/zephyr.dir/misc/generated/configs.c.obj
[minimal-posix:singleimage] [58/179] Building C object zephyr/CMakeFiles/zephyr.dir/lib/utils/ring_buffer.c.obj
[pujjolo:ro] [66/411] Building C object CMakeFiles/app.dir/mnt/host/source/src/platform/ec/zephyr/subsys/ucsi/ppm_driver.c.obj
[npcx-aic:rw] [40/279] Building C object zephyr/CMakeFiles/zephyr.dir/subsys/pm/policy/policy_events.c.obj
[npcx9:rw] [201/321] Building C object modules/ec/zephyr/CMakeFiles/ec_shim.dir/shim/chip/npcx/gpio.c.obj
[ptlgcs:rw] [19/375] Building C object zephyr/CMakeFiles/zephyr.dir/lib/os/cbprintf.c.obj
[npcx9:rw] [202/321] Building C object modules/ec/zephyr/CMakeFiles/ec_shim.dir/shim/chip/npcx/rom_chip.c.obj
[npcx-aic:rw] [41/279] Building C object zephyr/CMakeFiles/zephyr.dir/subsys/pm/policy/policy_latency.c.obj
[/mnt/host/source/src/platform/ec/build/zephyr/tarkin-lcov]   /mnt/host/source/src/platform/ec/build/zephyr/tarkin/build-ro/CMakeFiles/app.dir/mnt/host/source/src/platform/ec/build/zephyr/tarkin/modules/ec/common/chargen.c.gcno:no functions found
[/mnt/host/source/src/platform/ec/build/zephyr/tarkin-lcov] stderr:
[minimal-posix:singleimage] [59/179] Building C object zephyr/CMakeFiles/zephyr.dir/subsys/logging/log_core.c.obj
[minimal-posix:singleimage] [60/179] Building C object zephyr/CMakeFiles/zephyr.dir/subsys/logging/log_mgmt.c.obj
[ptlgcs:rw] [20/375] Building C object zephyr/CMakeFiles/zephyr.dir/lib/utils/dec.c.obj
[ptlgcs:rw] [21/375] Building C object zephyr/CMakeFiles/zephyr.dir/lib/os/assert.c.obj
[ptlgcs:ro] [34/375] Building C object zephyr/CMakeFiles/zephyr.dir/soc/microchip/mec/common/soc_i2c.c.obj
[pujjolo:rw] [44/411] Building C object CMakeFiles/app.dir/mnt/host/source/src/platform/ec/zephyr/subsys/ap_pwrseq/ap_events.c.obj
[minimal-posix:singleimage] [61/179] Building C object zephyr/CMakeFiles/zephyr.dir/subsys/logging/log_cache.c.obj
[ptlgcs:ro] [35/375] Building C object zephyr/CMakeFiles/zephyr.dir/subsys/logging/log_minimal.c.obj
[npcx9:rw] [203/321] Building C object modules/ec/zephyr/CMakeFiles/ec_shim.dir/shim/chip/npcx/keyboard_raw.c.obj
[ptlgcs:rw] [22/375] Building C object zephyr/CMakeFiles/zephyr.dir/lib/utils/hex.c.obj
[pujjolo:ro] [67/411] Building C object CMakeFiles/app.dir/mnt/host/source/src/platform/ec/zephyr/subsys/ucsi/ucsi_host_cmd.c.obj
[npcx-aic:rw] [42/279] Building C object zephyr/CMakeFiles/zephyr.dir/subsys/pm/policy/policy_state_lock.c.obj
[pujjolo:ro] [68/411] Building C object CMakeFiles/app.dir/mnt/host/source/src/platform/ec/build/zephyr/pujjolo/modules/ec/builtin/stdlib.c.obj
[minimal-posix:singleimage] [62/179] Building C object zephyr/CMakeFiles/zephyr.dir/subsys/logging/log_msg.c.obj
[npcx9:rw] [204/321] Building C object modules/ec/zephyr/CMakeFiles/ec_shim.dir/shim/chip/npcx/system.c.obj
[npcx-aic:rw] [43/279] Building C object zephyr/CMakeFiles/zephyr.dir/subsys/pm/device.c.obj
[ptlgcs:rw] [23/375] Building C object zephyr/CMakeFiles/zephyr.dir/lib/utils/timeutil.c.obj
[npcx9:rw] [205/321] Building C object modules/ec/zephyr/CMakeFiles/ec_shim.dir/shim/chip/npcx/system_external_storage.c.obj
[pujjolo:ro] [69/411] Building C object CMakeFiles/app.dir/mnt/host/source/src/platform/ec/build/zephyr/pujjolo/modules/ec/common/base32.c.obj
[minimal-posix:singleimage] [63/179] Building C object zephyr/CMakeFiles/zephyr.dir/subsys/logging/log_output.c.obj
[ptlgcs:rw] [24/375] Building C object zephyr/CMakeFiles/zephyr.dir/lib/utils/rb.c.obj
[minimal-posix:singleimage] [64/179] Building C object zephyr/CMakeFiles/zephyr.dir/subsys/logging/backends/log_backend_native_posix.c.obj
[npcx9:rw] [206/321] Building C object modules/ec/zephyr/CMakeFiles/ec_shim.dir/shim/chip/npcx/system_download_from_flash.c.obj
[ptlgcs:ro] [36/375] Building C object zephyr/CMakeFiles/zephyr.dir/subsys/mem_mgmt/mem_attr.c.obj
[ptlgcs:ro] [37/375] Building C object zephyr/CMakeFiles/zephyr.dir/subsys/pm/device.c.obj
[npcx-aic:rw] [44/279] Building C object zephyr/CMakeFiles/zephyr.dir/subsys/pm/device_system_managed.c.obj
[ptlgcs:rw] [25/375] Building C object zephyr/CMakeFiles/zephyr.dir/lib/utils/bitmask.c.obj
[minimal-posix:singleimage] [65/179] Building C object zephyr/CMakeFiles/zephyr.dir/subsys/tracing/tracing_none.c.obj
[pujjolo:rw] [45/411] Building C object CMakeFiles/app.dir/mnt/host/source/src/platform/ec/zephyr/subsys/ap_pwrseq/ap_power_interface.c.obj
[npcx-aic:rw] [45/279] Building C object zephyr/CMakeFiles/zephyr.dir/subsys/testsuite/coverage/coverage.c.obj
[minimal-posix:singleimage] [66/179] Building C object zephyr/CMakeFiles/zephyr.dir/subsys/shell/modules/kernel_service/kernel_shell.c.obj
[ptlgcs:rw] [26/375] Building C object zephyr/CMakeFiles/zephyr.dir/lib/utils/bitarray.c.obj
[npcx9:rw] [207/321] Building C object modules/ec/zephyr/CMakeFiles/ec_shim.dir/shim/core/cortex-m/irq_command.c.obj
[npcx9:rw] [208/321] Building C object modules/ec/zephyr/CMakeFiles/ec_shim.dir/shim/chip/npcx/power_policy.c.obj
[minimal-posix:singleimage] [67/179] Building C object zephyr/CMakeFiles/zephyr.dir/subsys/shell/modules/kernel_service/cycles.c.obj
[minimal-posix:singleimage] [68/179] Building C object zephyr/CMakeFiles/zephyr.dir/subsys/shell/modules/kernel_service/sleep.c.obj
[pujjolo:ro] [70/411] Building C object CMakeFiles/app.dir/mnt/host/source/src/platform/ec/build/zephyr/pujjolo/modules/ec/common/console_output.c.obj
[pujjolo:ro] [71/411] Building C object CMakeFiles/app.dir/mnt/host/source/src/platform/ec/build/zephyr/pujjolo/modules/ec/common/ec_features.c.obj
[npcx9:rw] [209/321] Building C object modules/ec/zephyr/CMakeFiles/ec_shim.dir/shim/core/cortex-m/mpu.c.obj
[ptlgcs:ro] [38/375] Building C object zephyr/CMakeFiles/zephyr.dir/subsys/pm/device_system_managed.c.obj
[ptlgcs:ro] [39/375] Building C object zephyr/CMakeFiles/zephyr.dir/subsys/pm/device_runtime.c.obj
[pujjolo:ro] [72/411] Building C object CMakeFiles/app.dir/mnt/host/source/src/platform/ec/build/zephyr/pujjolo/modules/ec/common/gpio_commands.c.obj
[npcx-aic:rw] [46/279] Building C object zephyr/CMakeFiles/zephyr.dir/subsys/tracing/tracing_none.c.obj
[minimal-posix:singleimage] [69/179] Building C object zephyr/CMakeFiles/zephyr.dir/subsys/shell/modules/kernel_service/uptime.c.obj
[ptlgcs:rw] [27/375] Building C object zephyr/CMakeFiles/zephyr.dir/lib/utils/getopt/getopt.c.obj
[npcx9:rw] [210/321] Building C object modules/ec/zephyr/CMakeFiles/ec_shim.dir/shim/src/crc.c.obj
[npcx9:rw] [211/321] Building C object modules/ec/zephyr/CMakeFiles/ec_shim.dir/shim/core/cortex-m/panic.c.obj
[ptlgcs:rw] [28/375] Building C object zephyr/CMakeFiles/zephyr.dir/lib/utils/getopt/getopt_common.c.obj
[ptlgcs:rw] [29/375] Building C object zephyr/CMakeFiles/zephyr.dir/lib/utils/ring_buffer.c.obj
[minimal-posix:singleimage] [70/179] Building C object zephyr/CMakeFiles/zephyr.dir/subsys/shell/modules/kernel_service/version.c.obj
[ptlgcs:rw] [30/375] Building C object zephyr/CMakeFiles/zephyr.dir/lib/utils/last_section_id.c.obj
[pujjolo:rw] [46/411] Building C object CMakeFiles/app.dir/mnt/host/source/src/platform/ec/zephyr/subsys/ap_pwrseq/power_signals.c.obj
[minimal-posix:singleimage] [71/179] Building C object zephyr/CMakeFiles/zephyr.dir/subsys/shell/modules/kernel_service/log-level.c.obj
[ptlgcs:rw] [31/375] Building C object zephyr/CMakeFiles/zephyr.dir/misc/generated/configs.c.obj
[npcx9:rw] [212/321] Building C object modules/ec/zephyr/CMakeFiles/ec_shim.dir/shim/src/console.c.obj
[ptlgcs:ro] [40/375] Building C object zephyr/CMakeFiles/zephyr.dir/subsys/testsuite/coverage/coverage.c.obj
[minimal-posix:singleimage] [72/179] Building C object zephyr/CMakeFiles/zephyr.dir/subsys/shell/modules/kernel_service/thread/thread.c.obj
[minimal-posix:singleimage] [73/179] Building C object zephyr/CMakeFiles/zephyr.dir/subsys/shell/modules/kernel_service/thread/list.c.obj
[ptlgcs:ro] [41/375] Building C object zephyr/CMakeFiles/zephyr.dir/subsys/tracing/tracing_none.c.obj
[npcx-aic:rw] [47/279] Building C object zephyr/CMakeFiles/zephyr.dir/subsys/shell/modules/kernel_service/kernel_shell.c.obj
[npcx-aic:rw] [48/279] Building C object zephyr/CMakeFiles/zephyr.dir/subsys/shell/modules/kernel_service/sleep.c.obj
[npcx-aic:rw] [49/279] Building C object zephyr/CMakeFiles/zephyr.dir/subsys/shell/modules/kernel_service/cycles.c.obj
[pujjolo:ro] [73/411] Building C object CMakeFiles/app.dir/mnt/host/source/src/platform/ec/build/zephyr/pujjolo/modules/ec/common/queue.c.obj
[npcx9:rw] [213/321] Building C object modules/ec/zephyr/CMakeFiles/ec_shim.dir/shim/src/gpio.c.obj
[npcx9:rw] [214/321] Building C object modules/ec/zephyr/CMakeFiles/ec_shim.dir/shim/src/gpio_int.c.obj
[pujjolo:ro] [74/411] Building C object CMakeFiles/app.dir/mnt/host/source/src/platform/ec/build/zephyr/pujjolo/modules/ec/common/printf.c.obj
[ptlgcs:rw] [32/375] Building C object zephyr/CMakeFiles/zephyr.dir/soc/microchip/mec/mec172x/soc.c.obj
[pujjolo:ro] [75/411] Building C object CMakeFiles/app.dir/mnt/host/source/src/platform/ec/build/zephyr/pujjolo/modules/ec/common/peripheral.c.obj
[minimal-posix:singleimage] [74/179] Building C object zephyr/CMakeFiles/zephyr.dir/subsys/shell/modules/kernel_service/thread/stacks.c.obj
[minimal-posix:singleimage] [75/179] Building C object zephyr/CMakeFiles/zephyr.dir/subsys/shell/modules/kernel_service/thread/suspend.c.obj
[ptlgcs:rw] [33/375] Building C object zephyr/CMakeFiles/zephyr.dir/soc/microchip/mec/common/soc_ecia.c.obj
[ptlgcs:ro] [42/375] Building C object zephyr/CMakeFiles/zephyr.dir/subsys/shell/modules/kernel_service/cycles.c.obj
[npcx9:rw] [215/321] Building C object modules/ec/zephyr/CMakeFiles/ec_shim.dir/shim/src/panic_utils.c.obj
[ptlgcs:ro] [43/375] Building C object zephyr/CMakeFiles/zephyr.dir/subsys/shell/modules/kernel_service/kernel_shell.c.obj
[minimal-posix:singleimage] [76/179] Building C object zephyr/CMakeFiles/zephyr.dir/subsys/shell/modules/kernel_service/thread/resume.c.obj
[npcx-aic:rw] [50/279] Building C object zephyr/CMakeFiles/zephyr.dir/subsys/shell/modules/kernel_service/uptime.c.obj
[minimal-posix:singleimage] [77/179] Building C object zephyr/CMakeFiles/zephyr.dir/subsys/shell/modules/kernel_service/thread/kill.c.obj
[npcx-aic:rw] [51/279] Building C object zephyr/CMakeFiles/zephyr.dir/subsys/shell/modules/kernel_service/version.c.obj
[pujjolo:rw] [47/411] Building C object CMakeFiles/app.dir/mnt/host/source/src/platform/ec/zephyr/subsys/ap_pwrseq/signal_gpio.c.obj
[npcx9:rw] [216/321] Building C object modules/ec/zephyr/CMakeFiles/ec_shim.dir/shim/src/cbi/cros_cbi.c.obj
[ptlgcs:rw] [34/375] Building C object zephyr/CMakeFiles/zephyr.dir/soc/microchip/mec/common/soc_i2c.c.obj
[npcx9:rw] [217/321] Building C object modules/ec/zephyr/CMakeFiles/ec_shim.dir/shim/src/pm_state.c.obj
[npcx9:rw] [218/321] Building ASM object modules/ec/zephyr/CMakeFiles/ec_shim.dir/shim/src/libgcc_arm.S.obj
[minimal-posix:singleimage] [78/179] Building C object zephyr/CMakeFiles/zephyr.dir/subsys/shell/backends/shell_uart.c.obj
[ptlgcs:rw] [35/375] Building C object zephyr/CMakeFiles/zephyr.dir/subsys/logging/log_minimal.c.obj
[pujjolo:ro] [76/411] Building C object CMakeFiles/app.dir/mnt/host/source/src/platform/ec/build/zephyr/pujjolo/modules/ec/common/system_boot_time.c.obj
[minimal-posix:singleimage] [79/179] Building C object zephyr/CMakeFiles/zephyr.dir/subsys/shell/shell.c.obj
[pujjolo:ro] [77/411] Building C object CMakeFiles/app.dir/mnt/host/source/src/platform/ec/build/zephyr/pujjolo/modules/ec/common/uart_printf.c.obj
[npcx-aic:rw] [52/279] Building C object zephyr/CMakeFiles/zephyr.dir/subsys/shell/modules/kernel_service/thread/thread.c.obj
[ptlgcs:ro] [44/375] Building C object zephyr/CMakeFiles/zephyr.dir/subsys/shell/modules/kernel_service/sleep.c.obj
[minimal-posix:singleimage] [80/179] Building C object zephyr/CMakeFiles/zephyr.dir/subsys/shell/shell_fprintf.c.obj
[ptlgcs:ro] [45/375] Building C object zephyr/CMakeFiles/zephyr.dir/subsys/shell/modules/kernel_service/uptime.c.obj
[npcx-aic:rw] [53/279] Building C object zephyr/CMakeFiles/zephyr.dir/subsys/shell/modules/kernel_service/thread/list.c.obj
[npcx9:rw] [219/321] Building C object modules/ec/zephyr/CMakeFiles/ec_shim.dir/shim/src/system.c.obj
[ptlgcs:rw] [36/375] Building C object zephyr/CMakeFiles/zephyr.dir/subsys/mem_mgmt/mem_attr.c.obj
[minimal-posix:singleimage] [81/179] Building C object zephyr/CMakeFiles/zephyr.dir/subsys/shell/shell_utils.c.obj
[minimal-posix:singleimage] [82/179] Building C object zephyr/CMakeFiles/zephyr.dir/subsys/shell/shell_ops.c.obj
[ptlgcs:rw] [37/375] Building C object zephyr/CMakeFiles/zephyr.dir/subsys/pm/device.c.obj
[npcx9:rw] [220/321] Building C object modules/ec/zephyr/CMakeFiles/ec_shim.dir/shim/src/adc.c.obj
[pujjolo:rw] [48/411] Building C object CMakeFiles/app.dir/mnt/host/source/src/platform/ec/zephyr/subsys/ap_pwrseq/signal_vw.c.obj
[/mnt/host/source/src/platform/ec/build/zephyr/tarkin-lcov]   /mnt/host/source/src/platform/ec/build/zephyr/tarkin/build-ro/CMakeFiles/app.dir/mnt/host/source/src/platform/ec/build/zephyr/tarkin/modules/ec/common/cbi_config.c.gcno:no functions found
[/mnt/host/source/src/platform/ec/build/zephyr/tarkin-lcov] stderr:
[npcx9:rw] [221/321] Building C object modules/ec/zephyr/CMakeFiles/ec_shim.dir/shim/src/espi.c.obj
[npcx-aic:rw] [54/279] Building C object zephyr/CMakeFiles/zephyr.dir/subsys/shell/modules/kernel_service/thread/suspend.c.obj
[npcx-aic:rw] [55/279] Building C object zephyr/CMakeFiles/zephyr.dir/subsys/shell/modules/kernel_service/thread/stacks.c.obj
[ptlgcs:ro] [46/375] Building C object zephyr/CMakeFiles/zephyr.dir/subsys/shell/modules/kernel_service/version.c.obj
[ptlgcs:ro] [47/375] Building C object zephyr/CMakeFiles/zephyr.dir/subsys/shell/modules/kernel_service/thread/thread.c.obj
[minimal-posix:singleimage] [83/179] Building C object zephyr/CMakeFiles/zephyr.dir/subsys/shell/shell_log_backend.c.obj
[minimal-posix:singleimage] [84/179] Building C object zephyr/CMakeFiles/zephyr.dir/subsys/shell/shell_help.c.obj
[pujjolo:ro] [78/411] Building C object CMakeFiles/app.dir/mnt/host/source/src/platform/ec/build/zephyr/pujjolo/modules/ec/common/version.c.obj
[minimal-posix:singleimage] [85/179] Building C object zephyr/CMakeFiles/zephyr.dir/subsys/shell/shell_history.c.obj
[ptlgcs:rw] [38/375] Building C object zephyr/CMakeFiles/zephyr.dir/subsys/pm/device_runtime.c.obj
[pujjolo:ro] [79/411] Building C object CMakeFiles/app.dir/mnt/host/source/src/platform/ec/build/zephyr/pujjolo/modules/ec/common/util.c.obj
[minimal-posix:singleimage] [86/179] Linking C static library zephyr/libzephyr.a
[/mnt/host/source/src/platform/ec/build/zephyr/tarkin-lcov]   /mnt/host/source/src/platform/ec/build/zephyr/tarkin/build-ro/zephyr/arch/arch/riscv/core/CMakeFiles/arch__riscv__core.dir/cpu_idle.c.gcno:no functions found
[/mnt/host/source/src/platform/ec/build/zephyr/tarkin-lcov] stderr:
[minimal-posix:singleimage] [87/179] Building C object zephyr/arch/common/CMakeFiles/arch__common.dir/init.c.obj
[pujjolo:ro] [80/411] Building C object CMakeFiles/app.dir/mnt/host/source/src/platform/ec/build/zephyr/pujjolo/modules/ec/common/system.c.obj
[minimal-posix:singleimage] [88/179] Linking C static library zephyr/arch/common/libarch__common.a
[npcx9:rw] [222/321] Building C object modules/ec/zephyr/CMakeFiles/ec_shim.dir/shim/src/fan.c.obj
[ptlgcs:rw] [39/375] Building C object zephyr/CMakeFiles/zephyr.dir/subsys/pm/device_system_managed.c.obj
[npcx-aic:rw] [56/279] Building C object zephyr/CMakeFiles/zephyr.dir/subsys/shell/modules/kernel_service/thread/kill.c.obj
[npcx9:rw] [223/321] Building C object modules/ec/zephyr/CMakeFiles/ec_shim.dir/shim/src/hooks.c.obj
[npcx-aic:rw] [57/279] Building C object zephyr/CMakeFiles/zephyr.dir/subsys/shell/modules/kernel_service/thread/resume.c.obj
[ptlgcs:ro] [48/375] Building C object zephyr/CMakeFiles/zephyr.dir/subsys/shell/modules/kernel_service/thread/stacks.c.obj
[npcx9:rw] [224/321] Building C object modules/ec/zephyr/CMakeFiles/ec_shim.dir/shim/src/flash.c.obj
[minimal-posix:singleimage] [89/179] Building C object zephyr/arch/arch/posix/core/CMakeFiles/arch__posix__core.dir/cpuhalt.c.obj
[ptlgcs:ro] [49/375] Building C object zephyr/CMakeFiles/zephyr.dir/subsys/shell/modules/kernel_service/thread/list.c.obj
[minimal-posix:singleimage] [90/179] Building C object zephyr/arch/arch/posix/core/CMakeFiles/arch__posix__core.dir/fatal.c.obj
[minimal-posix:singleimage] [91/179] Building C object zephyr/arch/arch/posix/core/CMakeFiles/arch__posix__core.dir/irq.c.obj
[pujjolo:rw] [49/411] Building C object CMakeFiles/app.dir/mnt/host/source/src/platform/ec/zephyr/subsys/ap_pwrseq/signal_adc.c.obj
[ptlgcs:rw] [40/375] Building C object zephyr/CMakeFiles/zephyr.dir/subsys/testsuite/coverage/coverage.c.obj
[ptlgcs:rw] [41/375] Building C object zephyr/CMakeFiles/zephyr.dir/subsys/tracing/tracing_none.c.obj
[minimal-posix:singleimage] [92/179] Building C object zephyr/arch/arch/posix/core/CMakeFiles/arch__posix__core.dir/swap.c.obj
[minimal-posix:singleimage] [93/179] Building C object zephyr/arch/arch/posix/core/CMakeFiles/arch__posix__core.dir/posix_core_nsi.c.obj
[npcx9:rw] [225/321] Building C object modules/ec/zephyr/CMakeFiles/ec_shim.dir/shim/src/host_command.c.obj
[npcx9:rw] [226/321] Building C object modules/ec/zephyr/CMakeFiles/ec_shim.dir/shim/src/console_buffer.c.obj
[ptlgcs:ro] [50/375] Building C object zephyr/CMakeFiles/zephyr.dir/subsys/shell/modules/kernel_service/thread/suspend.c.obj
[minimal-posix:singleimage] [94/179] Building C object zephyr/arch/arch/posix/core/CMakeFiles/arch__posix__core.dir/thread.c.obj
[npcx-aic:rw] [58/279] Building C object zephyr/CMakeFiles/zephyr.dir/subsys/shell/backends/shell_uart.c.obj
[minimal-posix:singleimage] [95/179] Linking C static library zephyr/arch/arch/posix/core/libarch__posix__core.a
[npcx9:rw] [227/321] Building C object modules/ec/zephyr/CMakeFiles/ec_shim.dir/shim/src/keyboard_raw.c.obj
[minimal-posix:singleimage] [96/179] Building C object zephyr/soc/soc/native/CMakeFiles/soc__native__inf_clock.dir/native_tasks.c.obj
[npcx-aic:rw] [59/279] Building C object zephyr/CMakeFiles/zephyr.dir/subsys/shell/shell.c.obj
[/mnt/host/source/src/platform/ec/build/zephyr/tarkin-lcov]   /mnt/host/source/src/platform/ec/build/zephyr/tarkin/build-ro/zephyr/arch/common/CMakeFiles/isr_tables.dir/isr_tables.c.gcno:no functions found
[/mnt/host/source/src/platform/ec/build/zephyr/tarkin-lcov] stderr:
[ptlgcs:ro] [51/375] Building C object zephyr/CMakeFiles/zephyr.dir/subsys/shell/modules/kernel_service/thread/resume.c.obj
[minimal-posix:singleimage] [97/179] Building C object zephyr/soc/soc/native/CMakeFiles/soc__native__inf_clock.dir/native_remap.c.obj
[pujjolo:ro] [81/411] Building C object CMakeFiles/app.dir/mnt/host/source/src/platform/ec/build/zephyr/pujjolo/modules/ec/common/power_button_x86.c.obj
[pujjolo:ro] [82/411] Building C object CMakeFiles/app.dir/mnt/host/source/src/platform/ec/build/zephyr/pujjolo/modules/ec/common/acpi.c.obj
[pujjolo:ro] [83/411] Building C object CMakeFiles/app.dir/mnt/host/source/src/platform/ec/build/zephyr/pujjolo/modules/ec/common/adc.c.obj
[minimal-posix:singleimage] [98/179] Building C object zephyr/soc/soc/native/CMakeFiles/soc__native__inf_clock.dir/soc.c.obj
[minimal-posix:singleimage] [99/179] Linking C static library zephyr/soc/soc/native/libsoc__native__inf_clock.a
[minimal-posix:singleimage] [100/179] Building C object zephyr/boards/native/native_sim/CMakeFiles/boards__native__native_sim.dir/cmdline.c.obj
[ptlgcs:rw] [42/375] Building C object zephyr/CMakeFiles/zephyr.dir/subsys/shell/modules/kernel_service/kernel_shell.c.obj
[ptlgcs:rw] [43/375] Building C object zephyr/CMakeFiles/zephyr.dir/subsys/shell/modules/kernel_service/cycles.c.obj
[npcx-aic:rw] [60/279] Building C object zephyr/CMakeFiles/zephyr.dir/subsys/shell/shell_fprintf.c.obj
[npcx9:rw] [228/321] Building C object modules/ec/zephyr/CMakeFiles/ec_shim.dir/shim/src/keyscan.c.obj
[minimal-posix:singleimage] [101/179] Building C object zephyr/boards/native/native_sim/CMakeFiles/boards__native__native_sim.dir/cpu_wait.c.obj
[ptlgcs:ro] [52/375] Building C object zephyr/CMakeFiles/zephyr.dir/subsys/shell/modules/kernel_service/thread/kill.c.obj
[minimal-posix:singleimage] [102/179] Building C object zephyr/boards/native/native_sim/CMakeFiles/boards__native__native_sim.dir/nsi_if.c.obj
[npcx9:rw] [229/321] Building C object modules/ec/zephyr/CMakeFiles/ec_shim.dir/shim/src/panic.c.obj
[pujjolo:rw] [50/411] Building C object CMakeFiles/app.dir/mnt/host/source/src/platform/ec/zephyr/subsys/ap_pwrseq/power_host_sleep.c.obj
[minimal-posix:singleimage] [103/179] Building C object zephyr/boards/native/native_sim/CMakeFiles/boards__native__native_sim.dir/misc.c.obj
[npcx9:rw] [230/321] Building C object modules/ec/zephyr/CMakeFiles/ec_shim.dir/shim/src/pwm_hc.c.obj
[minimal-posix:singleimage] [104/179] Building C object zephyr/boards/native/native_sim/CMakeFiles/boards__native__native_sim.dir/posix_arch_if.c.obj
[npcx-aic:rw] [61/279] Building C object zephyr/CMakeFiles/zephyr.dir/subsys/shell/shell_utils.c.obj
[minimal-posix:singleimage] [105/179] Building C object zephyr/boards/native/native_sim/CMakeFiles/boards__native__native_sim.dir/irq_handler.c.obj
[minimal-posix:singleimage] [106/179] Linking C static library zephyr/boards/native/native_sim/libboards__native__native_sim.a
[minimal-posix:singleimage] [107/179] Building C object zephyr/subsys/crc/CMakeFiles/subsys__crc.dir/crc4_sw.c.obj
[ptlgcs:ro] [53/375] Building C object zephyr/CMakeFiles/zephyr.dir/subsys/shell/backends/shell_uart.c.obj
[ptlgcs:rw] [44/375] Building C object zephyr/CMakeFiles/zephyr.dir/subsys/shell/modules/kernel_service/sleep.c.obj
[pujjolo:ro] [84/411] Building C object CMakeFiles/app.dir/mnt/host/source/src/platform/ec/build/zephyr/pujjolo/modules/ec/common/backlight_lid.c.obj
[minimal-posix:singleimage] [108/179] Building C object zephyr/subsys/crc/CMakeFiles/subsys__crc.dir/crc8_sw.c.obj
[minimal-posix:singleimage] [109/179] Building C object zephyr/subsys/crc/CMakeFiles/subsys__crc.dir/crc16_sw.c.obj
[ptlgcs:rw] [45/375] Building C object zephyr/CMakeFiles/zephyr.dir/subsys/shell/modules/kernel_service/uptime.c.obj
[npcx-aic:rw] [62/279] Building C object zephyr/CMakeFiles/zephyr.dir/subsys/shell/shell_ops.c.obj
[pujjolo:ro] [85/411] Building C object CMakeFiles/app.dir/mnt/host/source/src/platform/ec/build/zephyr/pujjolo/modules/ec/common/battery_info.c.obj
[minimal-posix:singleimage] [110/179] Building C object zephyr/subsys/crc/CMakeFiles/subsys__crc.dir/crc24_sw.c.obj
[minimal-posix:singleimage] [111/179] Building C object zephyr/subsys/crc/CMakeFiles/subsys__crc.dir/crc7_sw.c.obj
[npcx9:rw] [231/321] Building C object modules/ec/zephyr/CMakeFiles/ec_shim.dir/shim/src/rtc.c.obj
[minimal-posix:singleimage] [112/179] Building C object zephyr/subsys/crc/CMakeFiles/subsys__crc.dir/crc32c_sw.c.obj
[npcx9:rw] [232/321] Building C object modules/ec/zephyr/CMakeFiles/ec_shim.dir/shim/src/hwtimer.c.obj
[minimal-posix:singleimage] [113/179] Building C object zephyr/subsys/crc/CMakeFiles/subsys__crc.dir/crc32_sw.c.obj
[minimal-posix:singleimage] [114/179] Building C object zephyr/subsys/crc/CMakeFiles/subsys__crc.dir/crc32k_4_2_sw.c.obj
[ptlgcs:ro] [54/375] Building C object zephyr/CMakeFiles/zephyr.dir/subsys/shell/shell.c.obj
[minimal-posix:singleimage] [115/179] Linking C static library zephyr/subsys/crc/libsubsys__crc.a
[minimal-posix:singleimage] [116/179] Building C object zephyr/drivers/interrupt_controller/CMakeFiles/drivers__interrupt_controller.dir/mnt/host/source/src/third_party/zephyr/main/misc/empty_file.c.obj
[minimal-posix:singleimage] [117/179] Linking C static library zephyr/drivers/interrupt_controller/libdrivers__interrupt_controller.a
[npcx9:rw] [233/321] Building C object modules/ec/zephyr/CMakeFiles/ec_shim.dir/shim/src/i2c.c.obj
[npcx-aic:rw] [63/279] Building C object zephyr/CMakeFiles/zephyr.dir/subsys/shell/shell_help.c.obj
[ptlgcs:rw] [46/375] Building C object zephyr/CMakeFiles/zephyr.dir/subsys/shell/modules/kernel_service/version.c.obj
[npcx-aic:rw] [64/279] Building C object zephyr/CMakeFiles/zephyr.dir/subsys/shell/shell_history.c.obj
[minimal-posix:singleimage] [118/179] Building C object zephyr/drivers/console/CMakeFiles/drivers__console.dir/posix_arch_console.c.obj
[ptlgcs:rw] [47/375] Building C object zephyr/CMakeFiles/zephyr.dir/subsys/shell/modules/kernel_service/thread/thread.c.obj
[ptlgcs:ro] [55/375] Building C object zephyr/CMakeFiles/zephyr.dir/subsys/shell/shell_fprintf.c.obj
[minimal-posix:singleimage] [119/179] Building C object zephyr/drivers/console/CMakeFiles/drivers__console.dir/uart_console.c.obj
[minimal-posix:singleimage] [120/179] Linking C static library zephyr/drivers/console/libdrivers__console.a
[pujjolo:rw] [51/411] Building C object CMakeFiles/app.dir/mnt/host/source/src/platform/ec/zephyr/subsys/ap_pwrseq/x86_non_dsx_common_pwrseq_sm_handler.c.obj
[npcx9:rw] [234/321] Building C object modules/ec/zephyr/CMakeFiles/ec_shim.dir/shim/src/tasks.c.obj
[npcx9:rw] [235/321] Building C object modules/ec/zephyr/CMakeFiles/ec_shim.dir/shim/src/watchdog.c.obj
[ptlgcs:ro] [56/375] Building C object zephyr/CMakeFiles/zephyr.dir/subsys/shell/shell_utils.c.obj
[npcx9:rw] [236/321] cd /mnt/host/source/src/platform/ec/build/zephyr/npcx9/build-rw/modules/ec/zephyr && PYTHONPATH=/mnt/host/source/src/platform/ec/build/zephyr/npcx9/modules/ec/zephyr/zmake/ /usr/bin/python3.11 /mnt/host/source/src/platform/ec/build/zephyr/npcx9/modules/ec/zephyr/zmake/zephyr_build_tools/generate_ec_version.py /mnt/host/source/src/platform/ec/build/zephyr/npcx9/build-rw/modules/ec/zephyr/include/ec_version.h --name Zephyr-Kernel --version 16543.0.0 --static
[npcx9:rw] INFO:root:Using a static version string
[pujjolo:ro] [86/411] Building C object CMakeFiles/app.dir/mnt/host/source/src/platform/ec/build/zephyr/pujjolo/modules/ec/common/battery.c.obj
[npcx9:rw] INFO:root:Version string: Zephyr-Kernel-16543.0.0
[npcx9:rw] INFO:root:Writing header to /mnt/host/source/src/platform/ec/build/zephyr/npcx9/build-rw/modules/ec/zephyr/include/ec_version.h
[npcx9:rw] [237/321] Building C object modules/ec/zephyr/CMakeFiles/ec_shim.dir/shim/src/usbc_stub.c.obj
[minimal-posix:singleimage] [121/179] Building C object zephyr/drivers/gpio/CMakeFiles/drivers__gpio.dir/gpio_emul.c.obj
[minimal-posix:singleimage] [122/179] Linking C static library zephyr/drivers/gpio/libdrivers__gpio.a
[npcx-aic:rw] [65/279] Building C object zephyr/arch/common/CMakeFiles/arch__common.dir/sw_isr_common.c.obj
[npcx-aic:rw] [66/279] Building C object zephyr/CMakeFiles/zephyr.dir/drivers/flash/flash_util.c.obj
[minimal-posix:singleimage] [123/179] Building C object zephyr/drivers/syscon/CMakeFiles/drivers__syscon.dir/mnt/host/source/src/third_party/zephyr/main/misc/empty_file.c.obj
[minimal-posix:singleimage] [124/179] Building C object zephyr/drivers/serial/CMakeFiles/drivers__serial.dir/uart_native_pty.c.obj
[pujjolo:ro] [87/411] Building C object CMakeFiles/app.dir/mnt/host/source/src/platform/ec/build/zephyr/pujjolo/modules/ec/driver/battery/smart.c.obj
[minimal-posix:singleimage] [125/179] Linking C static library zephyr/drivers/syscon/libdrivers__syscon.a
[ptlgcs:rw] [48/375] Building C object zephyr/CMakeFiles/zephyr.dir/subsys/shell/modules/kernel_service/thread/list.c.obj
[npcx-aic:rw] [67/279] Linking C static library zephyr/libzephyr.a
[pujjolo:ro] [88/411] Building C object CMakeFiles/app.dir/mnt/host/source/src/platform/ec/build/zephyr/pujjolo/modules/ec/common/battery_fuel_gauge.c.obj
[minimal-posix:singleimage] [126/179] Linking C static library zephyr/drivers/serial/libdrivers__serial.a
[ptlgcs:ro] [57/375] Building C object zephyr/CMakeFiles/zephyr.dir/subsys/shell/shell_ops.c.obj
[ptlgcs:rw] [49/375] Building C object zephyr/CMakeFiles/zephyr.dir/subsys/shell/modules/kernel_service/thread/stacks.c.obj
[npcx-aic:rw] [68/279] Building C object zephyr/arch/common/CMakeFiles/arch__common.dir/init.c.obj
[npcx9:rw] [238/321] Building C object zephyr/kernel/CMakeFiles/kernel.dir/main_weak.c.obj
[minimal-posix:singleimage] [127/179] Building C object zephyr/drivers/timer/CMakeFiles/drivers__timer.dir/sys_clock_init.c.obj
[minimal-posix:singleimage] [128/179] Building C object zephyr/drivers/timer/CMakeFiles/drivers__timer.dir/native_sim_timer.c.obj
[npcx9:rw] [239/321] Building C object CMakeFiles/app.dir/mnt/host/source/src/platform/ec/zephyr/subsys/ap_pwrseq/ap_events.c.obj
[minimal-posix:singleimage] [129/179] Linking C static library zephyr/drivers/timer/libdrivers__timer.a
[ptlgcs:ro] [58/375] Building C object zephyr/CMakeFiles/zephyr.dir/subsys/shell/shell_help.c.obj
[npcx9:rw] [240/321] Building C object CMakeFiles/app.dir/mnt/host/source/src/platform/ec/build/zephyr/npcx9/modules/ec/builtin/stdlib.c.obj
[npcx-aic:rw] [69/279] Building C object zephyr/arch/common/CMakeFiles/arch__common.dir/xip.c.obj
[pujjolo:rw] [52/411] Building C object CMakeFiles/app.dir/mnt/host/source/src/platform/ec/zephyr/subsys/ap_pwrseq/x86_non_dsx_chipset_power_state.c.obj
[ptlgcs:rw] [50/375] Building C object zephyr/CMakeFiles/zephyr.dir/subsys/shell/modules/kernel_service/thread/suspend.c.obj
[ptlgcs:ro] [59/375] Building C object zephyr/CMakeFiles/zephyr.dir/subsys/shell/shell_history.c.obj
[npcx-aic:rw] [70/279] Building C object zephyr/arch/common/CMakeFiles/isr_tables.dir/isr_tables.c.obj
[npcx-aic:rw] [71/279] Linking C static library zephyr/arch/common/libisr_tables.a
[minimal-posix:singleimage] [130/179] Building C object modules/ec/zephyr/CMakeFiles/ec_shim.dir/app/ec/ec_app_main.c.obj
[minimal-posix:singleimage] [131/179] Building C object modules/ec/zephyr/CMakeFiles/ec_shim.dir/app/ec/main_shim.c.obj
[pujjolo:ro] [89/411] Building C object CMakeFiles/app.dir/mnt/host/source/src/platform/ec/build/zephyr/pujjolo/modules/ec/driver/charger/bq25710.c.obj
[ptlgcs:rw] [51/375] Building C object zephyr/CMakeFiles/zephyr.dir/subsys/shell/modules/kernel_service/thread/resume.c.obj
[npcx-aic:rw] [72/279] Linking C static library zephyr/arch/common/libarch__common.a
[npcx9:rw] [241/321] Building C object CMakeFiles/app.dir/mnt/host/source/src/platform/ec/build/zephyr/npcx9/modules/ec/common/base32.c.obj
[npcx9:rw] [242/321] Building C object CMakeFiles/app.dir/mnt/host/source/src/platform/ec/build/zephyr/npcx9/modules/ec/common/console_output.c.obj
[ptlgcs:ro] [60/375] Building C object zephyr/CMakeFiles/zephyr.dir/drivers/flash/flash_util.c.obj
[npcx9:rw] [243/321] Building C object CMakeFiles/app.dir/mnt/host/source/src/platform/ec/build/zephyr/npcx9/modules/ec/common/ec_features.c.obj
[minimal-posix:singleimage] [132/179] Building C object modules/ec/zephyr/CMakeFiles/ec_shim.dir/shim/chip/stub/clock.c.obj
[minimal-posix:singleimage] [133/179] Building C object modules/ec/zephyr/CMakeFiles/ec_shim.dir/drivers/cros_system/cros_system_native_posix.c.obj
[ptlgcs:ro] [61/375] Building C object zephyr/arch/common/CMakeFiles/arch__common.dir/sw_isr_common.c.obj
[npcx-aic:rw] [73/279] Building C object zephyr/arch/arch/arm/core/CMakeFiles/arch__arm__core.dir/fatal.c.obj
[ptlgcs:ro] [62/375] Linking C static library zephyr/libzephyr.a
[minimal-posix:singleimage] [134/179] Building C object modules/ec/zephyr/CMakeFiles/ec_shim.dir/shim/src/crc.c.obj
[ptlgcs:rw] [52/375] Building C object zephyr/CMakeFiles/zephyr.dir/subsys/shell/modules/kernel_service/thread/kill.c.obj
[/mnt/host/source/src/platform/ec/build/zephyr/tarkin-lcov]   /mnt/host/source/src/platform/ec/build/zephyr/tarkin/build-ro/zephyr/CMakeFiles/zephyr.dir/subsys/shell/modules/kernel_service/kernel_shell.c.gcno:no functions found
[/mnt/host/source/src/platform/ec/build/zephyr/tarkin-lcov] stderr:
[npcx-aic:rw] [74/279] Building ASM object zephyr/arch/arch/arm/core/CMakeFiles/arch__arm__core.dir/nmi_on_reset.S.obj
[npcx-aic:rw] [75/279] Building C object zephyr/arch/arch/arm/core/CMakeFiles/arch__arm__core.dir/nmi.c.obj
[npcx-aic:rw] [76/279] Linking C static library zephyr/arch/arch/arm/core/libarch__arm__core.a
[ptlgcs:ro] [63/375] Building C object zephyr/arch/common/CMakeFiles/arch__common.dir/init.c.obj
[/mnt/host/source/src/platform/ec/build/zephyr/tarkin-lcov]   /mnt/host/source/src/platform/ec/build/zephyr/tarkin/build-ro/zephyr/CMakeFiles/zephyr.dir/lib/libc/validate_libc.c.gcno:no functions found
[/mnt/host/source/src/platform/ec/build/zephyr/tarkin-lcov] stderr:
[pujjolo:rw] [53/411] Building C object CMakeFiles/app.dir/mnt/host/source/src/platform/ec/zephyr/subsys/ap_pwrseq/x86_non_dsx_common_pwrseq_host_sleep.c.obj
[ptlgcs:rw] [53/375] Building C object zephyr/CMakeFiles/zephyr.dir/subsys/shell/backends/shell_uart.c.obj
[minimal-posix:singleimage] [135/179] Building C object modules/ec/zephyr/CMakeFiles/ec_shim.dir/shim/src/console.c.obj
[npcx9:rw] [244/321] Building C object CMakeFiles/app.dir/mnt/host/source/src/platform/ec/build/zephyr/npcx9/modules/ec/common/gpio_commands.c.obj
[npcx9:rw] [245/321] Building C object CMakeFiles/app.dir/mnt/host/source/src/platform/ec/build/zephyr/npcx9/modules/ec/common/peripheral.c.obj
[pujjolo:ro] [90/411] Building C object CMakeFiles/app.dir/mnt/host/source/src/platform/ec/build/zephyr/pujjolo/modules/ec/common/charger.c.obj
[minimal-posix:singleimage] [136/179] Building C object modules/ec/zephyr/CMakeFiles/ec_shim.dir/shim/src/gpio.c.obj
[npcx9:rw] [246/321] Building C object CMakeFiles/app.dir/mnt/host/source/src/platform/ec/build/zephyr/npcx9/modules/ec/common/printf.c.obj
[ptlgcs:ro] [64/375] Building C object zephyr/arch/common/CMakeFiles/arch__common.dir/xip.c.obj
[npcx-aic:rw] [77/279] Building C object zephyr/arch/arch/arm/core/cortex_m/CMakeFiles/arch__arm__core__cortex_m.dir/exc_exit.c.obj
[minimal-posix:singleimage] [137/179] Building C object modules/ec/zephyr/CMakeFiles/ec_shim.dir/shim/src/gpio_int.c.obj
[ptlgcs:rw] [54/375] Building C object zephyr/CMakeFiles/zephyr.dir/subsys/shell/shell.c.obj
[ptlgcs:ro] [65/375] Building C object zephyr/arch/common/CMakeFiles/isr_tables.dir/isr_tables.c.obj
[ptlgcs:ro] [66/375] Linking C static library zephyr/arch/common/libisr_tables.a
[npcx-aic:rw] [78/279] Building ASM object zephyr/arch/arch/arm/core/cortex_m/CMakeFiles/arch__arm__core__cortex_m.dir/fault_s.S.obj
[ptlgcs:ro] [67/375] Linking C static library zephyr/arch/common/libarch__common.a
[npcx-aic:rw] [79/279] Building C object zephyr/arch/arch/arm/core/cortex_m/CMakeFiles/arch__arm__core__cortex_m.dir/fault.c.obj
[ptlgcs:rw] [55/375] Building C object zephyr/CMakeFiles/zephyr.dir/subsys/shell/shell_fprintf.c.obj
[minimal-posix:singleimage] [138/179] Building C object modules/ec/zephyr/CMakeFiles/ec_shim.dir/shim/src/panic_utils.c.obj
[pujjolo:ro] [91/411] Building C object CMakeFiles/app.dir/mnt/host/source/src/platform/ec/build/zephyr/pujjolo/modules/ec/common/charge_state.c.obj
[minimal-posix:singleimage] [139/179] Building C object modules/ec/zephyr/CMakeFiles/ec_shim.dir/shim/src/cbi/cros_cbi.c.obj
[npcx9:rw] [247/321] Building C object CMakeFiles/app.dir/mnt/host/source/src/platform/ec/build/zephyr/npcx9/modules/ec/common/queue.c.obj
[npcx9:rw] [248/321] Building C object CMakeFiles/app.dir/mnt/host/source/src/platform/ec/build/zephyr/npcx9/modules/ec/common/system_boot_time.c.obj
[ptlgcs:ro] [68/375] Building C object zephyr/arch/arch/arm/core/CMakeFiles/arch__arm__core.dir/fatal.c.obj
[pujjolo:rw] [54/411] Building C object CMakeFiles/app.dir/mnt/host/source/src/platform/ec/zephyr/subsys/ap_pwrseq/x86_non_dsx_common_pwrseq_console.c.obj
[/mnt/host/source/src/platform/ec/build/zephyr/tarkin-lcov]   /mnt/host/source/src/platform/ec/build/zephyr/tarkin/build-ro/zephyr/CMakeFiles/zephyr.dir/lib/utils/last_section_id.c.gcno:no functions found
[/mnt/host/source/src/platform/ec/build/zephyr/tarkin-lcov] stderr:
[pujjolo:ro] [92/411] Building C object CMakeFiles/app.dir/mnt/host/source/src/platform/ec/build/zephyr/pujjolo/modules/ec/common/charge_manager.c.obj
[npcx9:rw] [249/321] Building C object CMakeFiles/app.dir/mnt/host/source/src/platform/ec/build/zephyr/npcx9/modules/ec/common/system.c.obj
[pujjolo:ro] [93/411] Building C object CMakeFiles/app.dir/mnt/host/source/src/platform/ec/build/zephyr/pujjolo/modules/ec/common/cbi_common.c.obj
[npcx-aic:rw] [80/279] Building C object zephyr/arch/arch/arm/core/cortex_m/CMakeFiles/arch__arm__core__cortex_m.dir/fpu.c.obj
[ptlgcs:ro] [69/375] Building ASM object zephyr/arch/arch/arm/core/CMakeFiles/arch__arm__core.dir/nmi_on_reset.S.obj
[ptlgcs:rw] [56/375] Building C object zephyr/CMakeFiles/zephyr.dir/subsys/shell/shell_utils.c.obj
[minimal-posix:singleimage] [140/179] Building C object modules/ec/zephyr/CMakeFiles/ec_shim.dir/shim/src/ztest_system.c.obj
[npcx-aic:rw] [81/279] Building ASM object zephyr/arch/arch/arm/core/cortex_m/CMakeFiles/arch__arm__core__cortex_m.dir/reset.S.obj
[ptlgcs:ro] [70/375] Building C object zephyr/arch/arch/arm/core/CMakeFiles/arch__arm__core.dir/nmi.c.obj
[ptlgcs:rw] [57/375] Building C object zephyr/CMakeFiles/zephyr.dir/subsys/shell/shell_ops.c.obj
[ptlgcs:ro] [71/375] Linking C static library zephyr/arch/arch/arm/core/libarch__arm__core.a
[minimal-posix:singleimage] [141/179] Building C object modules/ec/zephyr/CMakeFiles/ec_shim.dir/shim/src/hooks.c.obj
[npcx9:rw] [250/321] Building C object CMakeFiles/app.dir/mnt/host/source/src/platform/ec/build/zephyr/npcx9/modules/ec/common/uart_printf.c.obj
[minimal-posix:singleimage] [142/179] Building C object modules/ec/zephyr/CMakeFiles/ec_shim.dir/shim/src/panic.c.obj
[npcx-aic:rw] [82/279] Building C object zephyr/arch/arch/arm/core/cortex_m/CMakeFiles/arch__arm__core__cortex_m.dir/scb.c.obj
[minimal-posix:singleimage] [143/179] Building C object modules/ec/zephyr/CMakeFiles/ec_shim.dir/shim/src/hwtimer.c.obj
[npcx9:rw] [251/321] Building C object CMakeFiles/app.dir/mnt/host/source/src/platform/ec/build/zephyr/npcx9/modules/ec/common/util.c.obj
[npcx9:rw] [252/321] Building C object CMakeFiles/app.dir/mnt/host/source/src/platform/ec/build/zephyr/npcx9/modules/ec/common/version.c.obj
[ptlgcs:ro] [72/375] Building C object zephyr/arch/arch/arm/core/cortex_m/CMakeFiles/arch__arm__core__cortex_m.dir/exc_exit.c.obj
[ptlgcs:rw] [58/375] Building C object zephyr/CMakeFiles/zephyr.dir/subsys/shell/shell_help.c.obj
[npcx-aic:rw] [83/279] Building C object zephyr/arch/arch/arm/core/cortex_m/CMakeFiles/arch__arm__core__cortex_m.dir/thread_abort.c.obj
[npcx-aic:rw] [84/279] Building ASM object zephyr/arch/arch/arm/core/cortex_m/CMakeFiles/arch__arm__core__cortex_m.dir/vector_table.S.obj
[ptlgcs:ro] [73/375] Building ASM object zephyr/arch/arch/arm/core/cortex_m/CMakeFiles/arch__arm__core__cortex_m.dir/fault_s.S.obj
[pujjolo:rw] [55/411] Building C object CMakeFiles/app.dir/mnt/host/source/src/platform/ec/zephyr/subsys/ap_pwrseq/x86_non_dsx_common_pwrseq_host_command.c.obj
[pujjolo:ro] [94/411] Building C object CMakeFiles/app.dir/mnt/host/source/src/platform/ec/build/zephyr/pujjolo/modules/ec/common/cbi_config.c.obj
[ptlgcs:rw] [59/375] Building C object zephyr/CMakeFiles/zephyr.dir/subsys/shell/shell_history.c.obj
[minimal-posix:singleimage] [144/179] Building C object modules/ec/zephyr/CMakeFiles/ec_shim.dir/shim/src/tasks.c.obj
[ptlgcs:ro] [74/375] Building C object zephyr/arch/arch/arm/core/cortex_m/CMakeFiles/arch__arm__core__cortex_m.dir/fault.c.obj
[minimal-posix:singleimage] [145/179] Building C object modules/ec/zephyr/CMakeFiles/ec_shim.dir/shim/src/usbc_stub.c.obj
[minimal-posix:singleimage] [146/179] Linking C static library modules/ec/zephyr/libec_shim.a
[npcx-aic:rw] [85/279] Building ASM object zephyr/arch/arch/arm/core/cortex_m/CMakeFiles/arch__arm__core__cortex_m.dir/swap_helper.S.obj
[minimal-posix:singleimage] [147/179] Building C object zephyr/kernel/CMakeFiles/kernel.dir/main_weak.c.obj
[npcx9:rw] [253/321] Building C object CMakeFiles/app.dir/mnt/host/source/src/platform/ec/build/zephyr/npcx9/modules/ec/common/adc.c.obj
[npcx9:rw] [254/321] Building C object CMakeFiles/app.dir/mnt/host/source/src/platform/ec/build/zephyr/npcx9/modules/ec/common/cbi_common.c.obj
[minimal-posix:singleimage] [148/179] Building C object zephyr/kernel/CMakeFiles/kernel.dir/banner.c.obj
[npcx-aic:rw] [86/279] Building C object zephyr/arch/arch/arm/core/cortex_m/CMakeFiles/arch__arm__core__cortex_m.dir/irq_manage.c.obj
[ptlgcs:rw] [60/375] Building C object zephyr/CMakeFiles/zephyr.dir/drivers/flash/flash_util.c.obj
[pujjolo:ro] [95/411] Building C object CMakeFiles/app.dir/mnt/host/source/src/platform/ec/build/zephyr/pujjolo/modules/ec/common/memory_commands.c.obj
[npcx9:rw] [255/321] Building C object CMakeFiles/app.dir/mnt/host/source/src/platform/ec/build/zephyr/npcx9/modules/ec/common/acpi.c.obj
[ptlgcs:ro] [75/375] Building C object zephyr/arch/arch/arm/core/cortex_m/CMakeFiles/arch__arm__core__cortex_m.dir/fpu.c.obj
[ptlgcs:rw] [61/375] Building C object zephyr/arch/common/CMakeFiles/arch__common.dir/sw_isr_common.c.obj
[ptlgcs:rw] [62/375] Linking C static library zephyr/libzephyr.a
[ptlgcs:ro] [76/375] Building ASM object zephyr/arch/arch/arm/core/cortex_m/CMakeFiles/arch__arm__core__cortex_m.dir/reset.S.obj
[pujjolo:ro] [96/411] Building C object CMakeFiles/app.dir/mnt/host/source/src/platform/ec/build/zephyr/pujjolo/modules/ec/common/cbi.c.obj
[minimal-posix:singleimage] [149/179] Building C object zephyr/kernel/CMakeFiles/kernel.dir/busy_wait.c.obj
[minimal-posix:singleimage] [150/179] Building C object zephyr/kernel/CMakeFiles/kernel.dir/device.c.obj
[npcx-aic:rw] [87/279] Building C object zephyr/arch/arch/arm/core/cortex_m/CMakeFiles/arch__arm__core__cortex_m.dir/prep_c.c.obj
[npcx9:rw] [256/321] Building C object CMakeFiles/app.dir/mnt/host/source/src/platform/ec/build/zephyr/npcx9/modules/ec/common/cbi_config.c.obj
[ptlgcs:rw] [63/375] Building C object zephyr/arch/common/CMakeFiles/arch__common.dir/init.c.obj
[minimal-posix:singleimage] [151/179] Building C object zephyr/kernel/CMakeFiles/kernel.dir/errno.c.obj
[pujjolo:rw] [56/411] Building C object CMakeFiles/app.dir/mnt/host/source/src/platform/ec/zephyr/subsys/ap_pwrseq/x86_non_dsx_adlp_pwrseq_sm.c.obj
[minimal-posix:singleimage] [152/179] Building C object zephyr/kernel/CMakeFiles/kernel.dir/fatal.c.obj
[pujjolo:ro] [97/411] Building C object CMakeFiles/app.dir/mnt/host/source/src/platform/ec/build/zephyr/pujjolo/modules/ec/common/dptf.c.obj
[ptlgcs:rw] [64/375] Building C object zephyr/arch/common/CMakeFiles/arch__common.dir/xip.c.obj
[npcx9:rw] [257/321] Building C object CMakeFiles/app.dir/mnt/host/source/src/platform/ec/build/zephyr/npcx9/modules/ec/common/cbi.c.obj
[npcx-aic:rw] [88/279] Building C object zephyr/arch/arch/arm/core/cortex_m/CMakeFiles/arch__arm__core__cortex_m.dir/thread.c.obj
[ptlgcs:ro] [77/375] Building C object zephyr/arch/arch/arm/core/cortex_m/CMakeFiles/arch__arm__core__cortex_m.dir/thread_abort.c.obj
[ptlgcs:ro] [78/375] Building C object zephyr/arch/arch/arm/core/cortex_m/CMakeFiles/arch__arm__core__cortex_m.dir/scb.c.obj
[npcx9:rw] [258/321] Building C object CMakeFiles/app.dir/mnt/host/source/src/platform/ec/build/zephyr/npcx9/modules/ec/common/cbi_gpio.c.obj
[pujjolo:ro] [98/411] Building C object CMakeFiles/app.dir/mnt/host/source/src/platform/ec/build/zephyr/pujjolo/modules/ec/common/ap_reset_log.c.obj
[minimal-posix:singleimage] [153/179] Building C object zephyr/kernel/CMakeFiles/kernel.dir/init.c.obj
[npcx-aic:rw] [89/279] Building C object zephyr/arch/arch/arm/core/cortex_m/CMakeFiles/arch__arm__core__cortex_m.dir/cpu_idle.c.obj
[minimal-posix:singleimage] [154/179] Building C object zephyr/kernel/CMakeFiles/kernel.dir/kheap.c.obj
[ptlgcs:ro] [79/375] Building ASM object zephyr/arch/arch/arm/core/cortex_m/CMakeFiles/arch__arm__core__cortex_m.dir/vector_table.S.obj
[pujjolo:ro] [99/411] Building C object CMakeFiles/app.dir/mnt/host/source/src/platform/ec/build/zephyr/pujjolo/modules/ec/common/espi.c.obj
[ptlgcs:rw] [65/375] Building C object zephyr/arch/common/CMakeFiles/isr_tables.dir/isr_tables.c.obj
[ptlgcs:rw] [66/375] Linking C static library zephyr/arch/common/libisr_tables.a
[npcx9:rw] [259/321] Building C object CMakeFiles/app.dir/mnt/host/source/src/platform/ec/build/zephyr/npcx9/modules/ec/common/memory_commands.c.obj
[npcx-aic:rw] [90/279] Building C object zephyr/arch/arch/arm/core/cortex_m/CMakeFiles/arch__arm__core__cortex_m.dir/irq_init.c.obj
[minimal-posix:singleimage] [155/179] Building C object zephyr/kernel/CMakeFiles/kernel.dir/float.c.obj
[ptlgcs:rw] [67/375] Linking C static library zephyr/arch/common/libarch__common.a
[minimal-posix:singleimage] [156/179] Building C object zephyr/kernel/CMakeFiles/kernel.dir/mem_slab.c.obj
[ptlgcs:rw] [68/375] Building C object zephyr/arch/arch/arm/core/CMakeFiles/arch__arm__core.dir/fatal.c.obj
[ptlgcs:ro] [80/375] Building ASM object zephyr/arch/arch/arm/core/cortex_m/CMakeFiles/arch__arm__core__cortex_m.dir/swap_helper.S.obj
[minimal-posix:singleimage] [157/179] Building C object zephyr/kernel/CMakeFiles/kernel.dir/version.c.obj
[pujjolo:rw] [57/411] Building C object CMakeFiles/app.dir/mnt/host/source/src/platform/ec/zephyr/subsys/ap_pwrseq/ap_reset_log.c.obj
[npcx9:rw] [260/321] Building C object CMakeFiles/app.dir/mnt/host/source/src/platform/ec/build/zephyr/npcx9/modules/ec/common/espi.c.obj
[ptlgcs:rw] [69/375] Building ASM object zephyr/arch/arch/arm/core/CMakeFiles/arch__arm__core.dir/nmi_on_reset.S.obj
[ptlgcs:ro] [81/375] Building C object zephyr/arch/arch/arm/core/cortex_m/CMakeFiles/arch__arm__core__cortex_m.dir/irq_manage.c.obj
[npcx9:rw] [261/321] Building C object CMakeFiles/app.dir/mnt/host/source/src/platform/ec/build/zephyr/npcx9/modules/ec/common/ap_reset_log.c.obj
[npcx-aic:rw] [91/279] Building C object zephyr/arch/arch/arm/core/cortex_m/CMakeFiles/arch__arm__core__cortex_m.dir/isr_wrapper.c.obj
[minimal-posix:singleimage] [158/179] Building C object zephyr/kernel/CMakeFiles/kernel.dir/idle.c.obj
[npcx-aic:rw] [92/279] Linking C static library zephyr/arch/arch/arm/core/cortex_m/libarch__arm__core__cortex_m.a
[minimal-posix:singleimage] [159/179] Building C object zephyr/kernel/CMakeFiles/kernel.dir/mailbox.c.obj
[pujjolo:ro] [100/411] Building C object CMakeFiles/app.dir/mnt/host/source/src/platform/ec/build/zephyr/pujjolo/modules/ec/common/extpower_common.c.obj
[ptlgcs:rw] [70/375] Building C object zephyr/arch/arch/arm/core/CMakeFiles/arch__arm__core.dir/nmi.c.obj
[pujjolo:ro] [101/411] Building C object CMakeFiles/app.dir/mnt/host/source/src/platform/ec/build/zephyr/pujjolo/modules/ec/common/extpower_gpio.c.obj
[ptlgcs:rw] [71/375] Linking C static library zephyr/arch/arch/arm/core/libarch__arm__core.a
[npcx-aic:rw] [93/279] Building C object zephyr/arch/arch/arm/core/mpu/CMakeFiles/arch__arm__core__mpu.dir/arm_core_mpu.c.obj
[npcx9:rw] [262/321] Building C object CMakeFiles/app.dir/mnt/host/source/src/platform/ec/build/zephyr/npcx9/modules/ec/common/extpower_common.c.obj
[ptlgcs:ro] [82/375] Building C object zephyr/arch/arch/arm/core/cortex_m/CMakeFiles/arch__arm__core__cortex_m.dir/prep_c.c.obj
[minimal-posix:singleimage] [160/179] Building C object zephyr/kernel/CMakeFiles/kernel.dir/msg_q.c.obj
[ptlgcs:rw] [72/375] Building C object zephyr/arch/arch/arm/core/cortex_m/CMakeFiles/arch__arm__core__cortex_m.dir/exc_exit.c.obj
[minimal-posix:singleimage] [161/179] Building C object zephyr/kernel/CMakeFiles/kernel.dir/mutex.c.obj
[ptlgcs:ro] [83/375] Building C object zephyr/arch/arch/arm/core/cortex_m/CMakeFiles/arch__arm__core__cortex_m.dir/thread.c.obj
[npcx9:rw] [263/321] Building C object CMakeFiles/app.dir/mnt/host/source/src/platform/ec/build/zephyr/npcx9/modules/ec/common/extpower_gpio.c.obj
[ptlgcs:rw] [73/375] Building ASM object zephyr/arch/arch/arm/core/cortex_m/CMakeFiles/arch__arm__core__cortex_m.dir/fault_s.S.obj
[npcx-aic:rw] [94/279] Building C object zephyr/arch/arch/arm/core/mpu/CMakeFiles/arch__arm__core__mpu.dir/arm_mpu.c.obj
[npcx9:rw] [264/321] Building C object CMakeFiles/app.dir/mnt/host/source/src/platform/ec/build/zephyr/npcx9/modules/ec/common/fan.c.obj
[npcx-aic:rw] [95/279] Generating ../../../include/generated/libc/minimal/strerror_table.h
[npcx-aic:rw] [96/279] Building C object zephyr/arch/arch/arm/core/mpu/CMakeFiles/arch__arm__core__mpu.dir/arm_mpu_regions.c.obj
[minimal-posix:singleimage] [162/179] Building C object zephyr/kernel/CMakeFiles/kernel.dir/queue.c.obj
[npcx-aic:rw] [97/279] Linking C static library zephyr/arch/arch/arm/core/mpu/libarch__arm__core__mpu.a
[minimal-posix:singleimage] [163/179] Building C object zephyr/kernel/CMakeFiles/kernel.dir/sem.c.obj
[pujjolo:ro] [102/411] Building C object CMakeFiles/app.dir/mnt/host/source/src/platform/ec/build/zephyr/pujjolo/modules/ec/common/fan.c.obj
[npcx-aic:rw] [98/279] Building C object zephyr/lib/libc/minimal/CMakeFiles/lib__libc__minimal.dir/source/stdlib/atoi.c.obj
[npcx-aic:rw] [99/279] Building C object zephyr/lib/libc/minimal/CMakeFiles/lib__libc__minimal.dir/source/stdlib/strtol.c.obj
[ptlgcs:ro] [84/375] Building C object zephyr/arch/arch/arm/core/cortex_m/CMakeFiles/arch__arm__core__cortex_m.dir/cpu_idle.c.obj
[ptlgcs:rw] [74/375] Building C object zephyr/arch/arch/arm/core/cortex_m/CMakeFiles/arch__arm__core__cortex_m.dir/fault.c.obj
[pujjolo:rw] [58/411] Building C object CMakeFiles/app.dir/mnt/host/source/src/platform/ec/zephyr/subsys/pd_controller/pdc_pmc_debug.c.obj
[minimal-posix:singleimage] [164/179] Building C object zephyr/kernel/CMakeFiles/kernel.dir/stack.c.obj
[npcx-aic:rw] [100/279] Building C object zephyr/lib/libc/minimal/CMakeFiles/lib__libc__minimal.dir/source/stdlib/strtoul.c.obj
[ptlgcs:ro] [85/375] Building C object zephyr/arch/arch/arm/core/cortex_m/CMakeFiles/arch__arm__core__cortex_m.dir/irq_init.c.obj
[npcx9:rw] [265/321] Building C object CMakeFiles/app.dir/mnt/host/source/src/platform/ec/build/zephyr/npcx9/modules/ec/common/flash.c.obj
[minimal-posix:singleimage] [165/179] Building C object zephyr/kernel/CMakeFiles/kernel.dir/system_work_q.c.obj
[npcx-aic:rw] [101/279] Building C object zephyr/lib/libc/minimal/CMakeFiles/lib__libc__minimal.dir/source/stdlib/strtoll.c.obj
[npcx-aic:rw] [102/279] Building C object zephyr/lib/libc/minimal/CMakeFiles/lib__libc__minimal.dir/source/stdlib/strtoull.c.obj
[ptlgcs:rw] [75/375] Building C object zephyr/arch/arch/arm/core/cortex_m/CMakeFiles/arch__arm__core__cortex_m.dir/fpu.c.obj
[npcx-aic:rw] [103/279] Building C object zephyr/lib/libc/minimal/CMakeFiles/lib__libc__minimal.dir/source/stdlib/bsearch.c.obj
[pujjolo:ro] [103/411] Building C object CMakeFiles/app.dir/mnt/host/source/src/platform/ec/build/zephyr/pujjolo/modules/ec/common/host_command.c.obj
[npcx9:rw] [266/321] Building C object CMakeFiles/app.dir/mnt/host/source/src/platform/ec/build/zephyr/npcx9/modules/ec/common/host_command.c.obj
[npcx9:rw] [267/321] Building C object CMakeFiles/app.dir/mnt/host/source/src/platform/ec/build/zephyr/npcx9/modules/ec/common/host_command_task.c.obj
[minimal-posix:singleimage] [166/179] Building C object zephyr/kernel/CMakeFiles/kernel.dir/condvar.c.obj
[ptlgcs:ro] [86/375] Building C object zephyr/arch/arch/arm/core/cortex_m/CMakeFiles/arch__arm__core__cortex_m.dir/isr_wrapper.c.obj
[ptlgcs:rw] [76/375] Building ASM object zephyr/arch/arch/arm/core/cortex_m/CMakeFiles/arch__arm__core__cortex_m.dir/reset.S.obj
[pujjolo:ro] [104/411] Building C object CMakeFiles/app.dir/mnt/host/source/src/platform/ec/build/zephyr/pujjolo/modules/ec/common/flash.c.obj
[minimal-posix:singleimage] [167/179] Building C object zephyr/kernel/CMakeFiles/kernel.dir/work.c.obj
[ptlgcs:ro] [87/375] Linking C static library zephyr/arch/arch/arm/core/cortex_m/libarch__arm__core__cortex_m.a
[npcx-aic:rw] [104/279] Building C object zephyr/lib/libc/minimal/CMakeFiles/lib__libc__minimal.dir/source/stdlib/qsort.c.obj
[npcx-aic:rw] [105/279] Building C object zephyr/lib/libc/minimal/CMakeFiles/lib__libc__minimal.dir/source/stdlib/exit.c.obj
[ptlgcs:ro] [88/375] Building C object zephyr/arch/arch/arm/core/mpu/CMakeFiles/arch__arm__core__mpu.dir/arm_core_mpu.c.obj
[npcx-aic:rw] [106/279] Building C object zephyr/lib/libc/minimal/CMakeFiles/lib__libc__minimal.dir/source/string/strncasecmp.c.obj
[ptlgcs:rw] [77/375] Building C object zephyr/arch/arch/arm/core/cortex_m/CMakeFiles/arch__arm__core__cortex_m.dir/scb.c.obj
[minimal-posix:singleimage] [168/179] Building C object zephyr/kernel/CMakeFiles/kernel.dir/thread.c.obj
[npcx9:rw] [268/321] Building C object CMakeFiles/app.dir/mnt/host/source/src/platform/ec/build/zephyr/npcx9/modules/ec/common/host_event_commands.c.obj
[npcx-aic:rw] [107/279] Building C object zephyr/lib/libc/minimal/CMakeFiles/lib__libc__minimal.dir/source/string/strerror.c.obj
[npcx9:rw] [269/321] Building C object CMakeFiles/app.dir/mnt/host/source/src/platform/ec/build/zephyr/npcx9/modules/ec/common/uart_hostcmd.c.obj
[npcx-aic:rw] [108/279] Building C object zephyr/lib/libc/minimal/CMakeFiles/lib__libc__minimal.dir/source/string/strstr.c.obj
[minimal-posix:singleimage] [169/179] Building C object zephyr/kernel/CMakeFiles/kernel.dir/sched.c.obj
[pujjolo:ro] [105/411] Building C object CMakeFiles/app.dir/mnt/host/source/src/platform/ec/build/zephyr/pujjolo/modules/ec/common/host_command_task.c.obj
[npcx-aic:rw] [109/279] Building C object zephyr/lib/libc/minimal/CMakeFiles/lib__libc__minimal.dir/source/string/string.c.obj
[npcx-aic:rw] [110/279] Building C object zephyr/lib/libc/minimal/CMakeFiles/lib__libc__minimal.dir/source/string/strspn.c.obj
[ptlgcs:rw] [78/375] Building ASM object zephyr/arch/arch/arm/core/cortex_m/CMakeFiles/arch__arm__core__cortex_m.dir/vector_table.S.obj
[ptlgcs:rw] [79/375] Building C object zephyr/arch/arch/arm/core/cortex_m/CMakeFiles/arch__arm__core__cortex_m.dir/thread_abort.c.obj
[minimal-posix:singleimage] [170/179] Building C object zephyr/kernel/CMakeFiles/kernel.dir/pipe.c.obj
[npcx9:rw] [270/321] Building C object CMakeFiles/app.dir/mnt/host/source/src/platform/ec/build/zephyr/npcx9/modules/ec/common/uptime.c.obj
[ptlgcs:ro] [89/375] Building C object zephyr/arch/arch/arm/core/mpu/CMakeFiles/arch__arm__core__mpu.dir/arm_mpu_regions.c.obj
[ptlgcs:ro] [90/375] Building C object zephyr/arch/arch/arm/core/mpu/CMakeFiles/arch__arm__core__mpu.dir/arm_mpu.c.obj
[minimal-posix:singleimage] [171/179] Building C object zephyr/kernel/CMakeFiles/kernel.dir/spinlock_validate.c.obj
[ptlgcs:ro] [91/375] Generating ../../../include/generated/libc/minimal/strerror_table.h
[pujjolo:ro] [106/411] Building C object CMakeFiles/app.dir/mnt/host/source/src/platform/ec/build/zephyr/pujjolo/modules/ec/common/host_event_commands.c.obj
[pujjolo:ro] [107/411] Building C object CMakeFiles/app.dir/mnt/host/source/src/platform/ec/build/zephyr/pujjolo/modules/ec/common/uart_hostcmd.c.obj
[ptlgcs:ro] [92/375] Linking C static library zephyr/arch/arch/arm/core/mpu/libarch__arm__core__mpu.a
[ptlgcs:ro] [93/375] Building C object zephyr/lib/libc/minimal/CMakeFiles/lib__libc__minimal.dir/source/stdlib/strtol.c.obj
[ptlgcs:ro] [94/375] Building C object zephyr/lib/libc/minimal/CMakeFiles/lib__libc__minimal.dir/source/stdlib/atoi.c.obj
[minimal-posix:singleimage] [172/179] Building C object zephyr/kernel/CMakeFiles/kernel.dir/thread_monitor.c.obj
[ptlgcs:rw] [80/375] Building ASM object zephyr/arch/arch/arm/core/cortex_m/CMakeFiles/arch__arm__core__cortex_m.dir/swap_helper.S.obj
[npcx-aic:rw] [111/279] Building C object zephyr/lib/libc/minimal/CMakeFiles/lib__libc__minimal.dir/source/stdout/stdout_console.c.obj
[ptlgcs:ro] [95/375] Building C object zephyr/lib/libc/minimal/CMakeFiles/lib__libc__minimal.dir/source/stdlib/strtoll.c.obj
[npcx-aic:rw] [112/279] Building C object zephyr/lib/libc/minimal/CMakeFiles/lib__libc__minimal.dir/source/stdout/sprintf.c.obj
[npcx9:rw] [271/321] Building C object CMakeFiles/app.dir/mnt/host/source/src/platform/ec/build/zephyr/npcx9/modules/ec/common/i2c_passthru.c.obj
[ptlgcs:ro] [96/375] Building C object zephyr/lib/libc/minimal/CMakeFiles/lib__libc__minimal.dir/source/stdlib/strtoul.c.obj
[npcx9:rw] [272/321] Building C object CMakeFiles/app.dir/mnt/host/source/src/platform/ec/build/zephyr/npcx9/modules/ec/common/i2c_controller.c.obj
[minimal-posix:singleimage] [173/179] Building C object zephyr/kernel/CMakeFiles/kernel.dir/timeout.c.obj
[ptlgcs:rw] [81/375] Building C object zephyr/arch/arch/arm/core/cortex_m/CMakeFiles/arch__arm__core__cortex_m.dir/irq_manage.c.obj
[ptlgcs:ro] [97/375] Building C object zephyr/lib/libc/minimal/CMakeFiles/lib__libc__minimal.dir/source/stdlib/bsearch.c.obj
[minimal-posix:singleimage] [174/179] Building C object zephyr/kernel/CMakeFiles/kernel.dir/timer.c.obj
[ptlgcs:ro] [98/375] Building C object zephyr/lib/libc/minimal/CMakeFiles/lib__libc__minimal.dir/source/stdlib/strtoull.c.obj
[npcx-aic:rw] [113/279] Building C object zephyr/lib/libc/minimal/CMakeFiles/lib__libc__minimal.dir/source/math/sqrtf.c.obj
[pujjolo:ro] [108/411] Building C object CMakeFiles/app.dir/mnt/host/source/src/platform/ec/build/zephyr/pujjolo/modules/ec/common/uptime.c.obj
[npcx-aic:rw] [114/279] Building C object zephyr/lib/libc/minimal/CMakeFiles/lib__libc__minimal.dir/source/stdout/fprintf.c.obj
[npcx9:rw] [273/321] Building C object CMakeFiles/app.dir/mnt/host/source/src/platform/ec/build/zephyr/npcx9/modules/ec/common/keyboard_scan.c.obj
[minimal-posix:singleimage] [175/179] Building C object zephyr/kernel/CMakeFiles/kernel.dir/poll.c.obj
[ptlgcs:ro] [99/375] Building C object zephyr/lib/libc/minimal/CMakeFiles/lib__libc__minimal.dir/source/stdlib/qsort.c.obj
[npcx-aic:rw] [115/279] Building C object zephyr/lib/libc/minimal/CMakeFiles/lib__libc__minimal.dir/source/math/sqrt.c.obj
[minimal-posix:singleimage] [176/179] Building C object zephyr/kernel/CMakeFiles/kernel.dir/events.c.obj
[ptlgcs:rw] [82/375] Building C object zephyr/arch/arch/arm/core/cortex_m/CMakeFiles/arch__arm__core__cortex_m.dir/prep_c.c.obj
[ptlgcs:rw] [83/375] Building C object zephyr/arch/arch/arm/core/cortex_m/CMakeFiles/arch__arm__core__cortex_m.dir/thread.c.obj
[ptlgcs:ro] [100/375] Building C object zephyr/lib/libc/minimal/CMakeFiles/lib__libc__minimal.dir/source/string/strerror.c.obj
[ptlgcs:ro] [101/375] Building C object zephyr/lib/libc/minimal/CMakeFiles/lib__libc__minimal.dir/source/stdlib/exit.c.obj
[npcx9:rw] [274/321] Building C object CMakeFiles/app.dir/mnt/host/source/src/platform/ec/build/zephyr/npcx9/modules/ec/common/keyboard_8042_sharedlib.c.obj
[minimal-posix:singleimage] [177/179] Building C object zephyr/kernel/CMakeFiles/kernel.dir/mempool.c.obj
[pujjolo:ro] [109/411] Building C object CMakeFiles/app.dir/mnt/host/source/src/platform/ec/build/zephyr/pujjolo/modules/ec/common/i2c_passthru.c.obj
[ptlgcs:ro] [102/375] Building C object zephyr/lib/libc/minimal/CMakeFiles/lib__libc__minimal.dir/source/string/strncasecmp.c.obj
[npcx9:rw] [275/321] Building C object CMakeFiles/app.dir/mnt/host/source/src/platform/ec/build/zephyr/npcx9/modules/ec/common/keyboard_8042.c.obj
[pujjolo:ro] [110/411] Building C object CMakeFiles/app.dir/mnt/host/source/src/platform/ec/build/zephyr/pujjolo/modules/ec/common/i2c_controller.c.obj
[minimal-posix:singleimage] [178/179] Building C object zephyr/kernel/CMakeFiles/kernel.dir/dynamic_disabled.c.obj
[ptlgcs:ro] [103/375] Building C object zephyr/lib/libc/minimal/CMakeFiles/lib__libc__minimal.dir/source/string/strstr.c.obj
[minimal-posix:singleimage] [179/179] Linking C static library zephyr/kernel/libkernel.a
[ptlgcs:ro] [104/375] Building C object zephyr/lib/libc/minimal/CMakeFiles/lib__libc__minimal.dir/source/string/string.c.obj
[ptlgcs:ro] [105/375] Building C object zephyr/lib/libc/minimal/CMakeFiles/lib__libc__minimal.dir/source/string/strspn.c.obj
[npcx-aic:rw] [116/279] Building C object zephyr/lib/libc/minimal/CMakeFiles/lib__libc__minimal.dir/source/time/gmtime.c.obj
[npcx-aic:rw] [117/279] Building C object zephyr/lib/libc/common/CMakeFiles/lib__libc__common.dir/source/stdlib/abort.c.obj
[npcx-aic:rw] [118/279] Linking C static library zephyr/lib/libc/minimal/liblib__libc__minimal.a
[npcx9:rw] [276/321] Building C object CMakeFiles/app.dir/mnt/host/source/src/platform/ec/build/zephyr/npcx9/modules/ec/common/keyboard_backlight.c.obj
[ptlgcs:rw] [84/375] Building C object zephyr/arch/arch/arm/core/cortex_m/CMakeFiles/arch__arm__core__cortex_m.dir/cpu_idle.c.obj
[npcx-aic:rw] [119/279] Building C object zephyr/lib/libc/common/CMakeFiles/lib__libc__common.dir/source/time/gmtime_r.c.obj
[ptlgcs:rw] [85/375] Building C object zephyr/arch/arch/arm/core/cortex_m/CMakeFiles/arch__arm__core__cortex_m.dir/irq_init.c.obj
[pujjolo:rw] [59/411] Building C object CMakeFiles/app.dir/mnt/host/source/src/platform/ec/zephyr/subsys/pd_controller/pdc_power_mgmt.c.obj
[npcx-aic:rw] [120/279] Building C object zephyr/lib/libc/common/CMakeFiles/lib__libc__common.dir/source/time/asctime.c.obj
[ptlgcs:ro] [106/375] Building C object zephyr/lib/libc/minimal/CMakeFiles/lib__libc__minimal.dir/source/stdout/stdout_console.c.obj
[npcx-aic:rw] [121/279] Building C object zephyr/lib/libc/common/CMakeFiles/lib__libc__common.dir/source/time/localtime_r_utc.c.obj
[ptlgcs:ro] [107/375] Building C object zephyr/lib/libc/minimal/CMakeFiles/lib__libc__minimal.dir/source/stdout/sprintf.c.obj
[npcx-aic:rw] [122/279] Building C object zephyr/lib/libc/common/CMakeFiles/lib__libc__common.dir/source/time/ctime.c.obj
[npcx9:rw] [277/321] Building C object CMakeFiles/app.dir/mnt/host/source/src/platform/ec/build/zephyr/npcx9/modules/ec/common/lid_switch.c.obj
[npcx9:rw] [278/321] Building C object CMakeFiles/app.dir/mnt/host/source/src/platform/ec/build/zephyr/npcx9/modules/ec/common/power_button.c.obj
[pujjolo:ro] [111/411] Building C object CMakeFiles/app.dir/mnt/host/source/src/platform/ec/build/zephyr/pujjolo/modules/ec/common/keyboard_8042_sharedlib.c.obj
[ptlgcs:rw] [86/375] Building C object zephyr/arch/arch/arm/core/cortex_m/CMakeFiles/arch__arm__core__cortex_m.dir/isr_wrapper.c.obj
[npcx-aic:rw] [123/279] Building C object zephyr/lib/libc/common/CMakeFiles/lib__libc__common.dir/source/time/time.c.obj
[npcx9:rw] [279/321] Building C object CMakeFiles/app.dir/mnt/host/source/src/platform/ec/build/zephyr/npcx9/modules/ec/common/sha256.c.obj
[ptlgcs:ro] [108/375] Building C object zephyr/lib/libc/minimal/CMakeFiles/lib__libc__minimal.dir/source/math/sqrtf.c.obj
[pujjolo:ro] [112/411] Building C object CMakeFiles/app.dir/mnt/host/source/src/platform/ec/build/zephyr/pujjolo/modules/ec/common/mkbp_fifo.c.obj
[npcx9:rw] [280/321] Building C object CMakeFiles/app.dir/mnt/host/source/src/platform/ec/build/zephyr/npcx9/modules/ec/common/panic_output.c.obj
[ptlgcs:rw] [87/375] Linking C static library zephyr/arch/arch/arm/core/cortex_m/libarch__arm__core__cortex_m.a
[npcx-aic:rw] [124/279] Building C object zephyr/lib/libc/common/CMakeFiles/lib__libc__common.dir/source/string/strnlen.c.obj
[ptlgcs:rw] [88/375] Building C object zephyr/arch/arch/arm/core/mpu/CMakeFiles/arch__arm__core__mpu.dir/arm_core_mpu.c.obj
[ptlgcs:ro] [109/375] Building C object zephyr/lib/libc/minimal/CMakeFiles/lib__libc__minimal.dir/source/stdout/fprintf.c.obj
[npcx-aic:rw] [125/279] Building C object zephyr/lib/posix/c_lib_ext/CMakeFiles/lib__posix__c_lib_ext.dir/fnmatch.c.obj
[ptlgcs:ro] [110/375] Building C object zephyr/lib/libc/minimal/CMakeFiles/lib__libc__minimal.dir/source/math/sqrt.c.obj
[pujjolo:rw] [60/411] Building C object CMakeFiles/app.dir/mnt/host/source/src/platform/ec/zephyr/subsys/pd_controller/pdc_host_cmd.c.obj
[npcx9:rw] [281/321] Building C object CMakeFiles/app.dir/mnt/host/source/src/platform/ec/build/zephyr/npcx9/modules/ec/common/spi_flash_reg.c.obj
[npcx-aic:rw] [126/279] Building C object zephyr/lib/libc/common/CMakeFiles/lib__libc__common.dir/source/stdlib/malloc.c.obj
[npcx-aic:rw] [127/279] Linking C static library zephyr/lib/libc/common/liblib__libc__common.a
[npcx9:rw] [282/321] Building C object CMakeFiles/app.dir/mnt/host/source/src/platform/ec/build/zephyr/npcx9/modules/ec/common/shared_mem.c.obj
[ptlgcs:rw] [89/375] Building C object zephyr/arch/arch/arm/core/mpu/CMakeFiles/arch__arm__core__mpu.dir/arm_mpu_regions.c.obj
[ptlgcs:rw] [90/375] Generating ../../../include/generated/libc/minimal/strerror_table.h
[npcx9:rw] [283/321] Building C object CMakeFiles/app.dir/mnt/host/source/src/platform/ec/build/zephyr/npcx9/modules/ec/common/timer.c.obj
[npcx9:rw] [284/321] Building C object CMakeFiles/app.dir/mnt/host/source/src/platform/ec/build/zephyr/npcx9/modules/ec/common/chargen.c.obj
[ptlgcs:ro] [111/375] Building C object zephyr/lib/libc/common/CMakeFiles/lib__libc__common.dir/source/stdlib/abort.c.obj
[npcx-aic:rw] [128/279] Building C object zephyr/lib/posix/c_lib_ext/CMakeFiles/lib__posix__c_lib_ext.dir/getentropy.c.obj
[pujjolo:ro] [113/411] Building C object CMakeFiles/app.dir/mnt/host/source/src/platform/ec/build/zephyr/pujjolo/modules/ec/common/keyboard_8042.c.obj
[ptlgcs:rw] [91/375] Building C object zephyr/arch/arch/arm/core/mpu/CMakeFiles/arch__arm__core__mpu.dir/arm_mpu.c.obj
[ptlgcs:rw] [92/375] Building C object zephyr/lib/libc/minimal/CMakeFiles/lib__libc__minimal.dir/source/stdlib/atoi.c.obj
[npcx9:rw] [285/321] Linking C static library modules/ec/zephyr/libec_shim.a
[pujjolo:ro] [114/411] Building C object CMakeFiles/app.dir/mnt/host/source/src/platform/ec/build/zephyr/pujjolo/modules/ec/common/mkbp_info.c.obj
[ptlgcs:rw] [93/375] Linking C static library zephyr/arch/arch/arm/core/mpu/libarch__arm__core__mpu.a
[npcx-aic:rw] [129/279] Building C object zephyr/subsys/crc/CMakeFiles/subsys__crc.dir/crc4_sw.c.obj
[ptlgcs:ro] [112/375] Building C object zephyr/lib/libc/minimal/CMakeFiles/lib__libc__minimal.dir/source/time/gmtime.c.obj
[ptlgcs:rw] [94/375] Building C object zephyr/lib/libc/minimal/CMakeFiles/lib__libc__minimal.dir/source/stdlib/strtol.c.obj
[npcx-aic:rw] [130/279] Building C object zephyr/lib/posix/c_lib_ext/CMakeFiles/lib__posix__c_lib_ext.dir/getopt_shim.c.obj
[ptlgcs:rw] [95/375] Building C object zephyr/lib/libc/minimal/CMakeFiles/lib__libc__minimal.dir/source/stdlib/strtoul.c.obj
[npcx-aic:rw] [131/279] Building C object zephyr/subsys/crc/CMakeFiles/subsys__crc.dir/crc8_sw.c.obj
[ptlgcs:ro] [113/375] Linking C static library zephyr/lib/libc/minimal/liblib__libc__minimal.a
[ptlgcs:ro] [114/375] Building C object zephyr/lib/libc/common/CMakeFiles/lib__libc__common.dir/source/time/asctime.c.obj
[npcx-aic:rw] [132/279] Linking C static library zephyr/lib/posix/c_lib_ext/liblib__posix__c_lib_ext.a
[npcx9:rw] [286/321] Building C object CMakeFiles/app.dir/mnt/host/source/src/platform/ec/build/zephyr/npcx9/modules/ec/common/rtc.c.obj
[pujjolo:ro] [115/411] Building C object CMakeFiles/app.dir/mnt/host/source/src/platform/ec/build/zephyr/pujjolo/modules/ec/common/mkbp_input_devices.c.obj
[ptlgcs:ro] [115/375] Building C object zephyr/lib/libc/common/CMakeFiles/lib__libc__common.dir/source/time/gmtime_r.c.obj
[npcx9:rw] [287/321] Building C object CMakeFiles/app.dir/mnt/host/source/src/platform/ec/build/zephyr/npcx9/modules/ec/common/vboot_hash.c.obj
[ptlgcs:rw] [96/375] Building C object zephyr/lib/libc/minimal/CMakeFiles/lib__libc__minimal.dir/source/stdlib/strtoull.c.obj
[npcx-aic:rw] [133/279] Building C object zephyr/subsys/crc/CMakeFiles/subsys__crc.dir/crc16_sw.c.obj
[ptlgcs:rw] [97/375] Building C object zephyr/lib/libc/minimal/CMakeFiles/lib__libc__minimal.dir/source/stdlib/strtoll.c.obj
[npcx-aic:rw] [134/279] Building C object zephyr/subsys/crc/CMakeFiles/subsys__crc.dir/crc7_sw.c.obj
[npcx9:rw] [288/321] Building C object CMakeFiles/app.dir/mnt/host/source/src/platform/ec/build/zephyr/npcx9/modules/ec/common/math_util.c.obj
[pujjolo:rw] [61/411] Building C object CMakeFiles/app.dir/mnt/host/source/src/platform/ec/zephyr/subsys/pd_controller/pdc_console.c.obj
[ptlgcs:ro] [116/375] Building C object zephyr/lib/libc/common/CMakeFiles/lib__libc__common.dir/source/time/localtime_r_utc.c.obj
[ptlgcs:rw] [98/375] Building C object zephyr/lib/libc/minimal/CMakeFiles/lib__libc__minimal.dir/source/stdlib/bsearch.c.obj
[npcx-aic:rw] [135/279] Building C object zephyr/subsys/crc/CMakeFiles/subsys__crc.dir/crc24_sw.c.obj
[npcx9:rw] [289/321] Linking C static library app/libapp.a
[ptlgcs:ro] [117/375] Building C object zephyr/lib/libc/common/CMakeFiles/lib__libc__common.dir/source/time/ctime.c.obj
[npcx-aic:rw] [136/279] Building C object zephyr/subsys/crc/CMakeFiles/subsys__crc.dir/crc32c_sw.c.obj
[pujjolo:rw] [62/411] Building C object CMakeFiles/app.dir/mnt/host/source/src/platform/ec/zephyr/subsys/pd_controller/pdc_stub.c.obj
[npcx-aic:rw] [137/279] Building C object zephyr/subsys/crc/CMakeFiles/subsys__crc.dir/crc32_sw.c.obj
[ptlgcs:ro] [118/375] Building C object zephyr/lib/libc/common/CMakeFiles/lib__libc__common.dir/source/time/time.c.obj
[npcx9:rw] [290/321] Building C object zephyr/kernel/CMakeFiles/kernel.dir/banner.c.obj
[npcx-aic:rw] [138/279] Building C object zephyr/subsys/crc/CMakeFiles/subsys__crc.dir/crc32k_4_2_sw.c.obj
[ptlgcs:rw] [99/375] Building C object zephyr/lib/libc/minimal/CMakeFiles/lib__libc__minimal.dir/source/stdlib/qsort.c.obj
[ptlgcs:ro] [119/375] Building C object zephyr/lib/libc/common/CMakeFiles/lib__libc__common.dir/source/string/strnlen.c.obj
[npcx-aic:rw] [139/279] Linking C static library zephyr/subsys/crc/libsubsys__crc.a
[pujjolo:ro] [116/411] Building C object CMakeFiles/app.dir/mnt/host/source/src/platform/ec/build/zephyr/pujjolo/modules/ec/common/led_common.c.obj
[ptlgcs:ro] [120/375] Building C object zephyr/lib/posix/c_lib_ext/CMakeFiles/lib__posix__c_lib_ext.dir/fnmatch.c.obj
[npcx9:rw] [291/321] Building C object zephyr/kernel/CMakeFiles/kernel.dir/device.c.obj
[npcx9:rw] [292/321] Building C object zephyr/kernel/CMakeFiles/kernel.dir/busy_wait.c.obj
[pujjolo:ro] [117/411] Building C object CMakeFiles/app.dir/mnt/host/source/src/platform/ec/build/zephyr/pujjolo/modules/ec/common/lid_switch.c.obj
[npcx9:rw] [293/321] Building C object zephyr/kernel/CMakeFiles/kernel.dir/errno.c.obj
[ptlgcs:rw] [100/375] Building C object zephyr/lib/libc/minimal/CMakeFiles/lib__libc__minimal.dir/source/stdlib/exit.c.obj
[ptlgcs:rw] [101/375] Building C object zephyr/lib/libc/minimal/CMakeFiles/lib__libc__minimal.dir/source/string/strerror.c.obj
[ptlgcs:rw] [102/375] Building C object zephyr/lib/libc/minimal/CMakeFiles/lib__libc__minimal.dir/source/string/strstr.c.obj
[ptlgcs:ro] [121/375] Building C object zephyr/lib/libc/common/CMakeFiles/lib__libc__common.dir/source/stdlib/malloc.c.obj
[ptlgcs:rw] [103/375] Building C object zephyr/lib/libc/minimal/CMakeFiles/lib__libc__minimal.dir/source/string/strncasecmp.c.obj
[/mnt/host/source/src/platform/ec/build/zephyr/tarkin-lcov]   /mnt/host/source/src/platform/ec/build/zephyr/tarkin/build-ro/zephyr/CMakeFiles/zephyr.dir/soc/ite/ec/it8xxx2/check_regs.c.gcno:no functions found
[/mnt/host/source/src/platform/ec/build/zephyr/tarkin-lcov] stderr:
[ptlgcs:ro] [122/375] Linking C static library zephyr/lib/libc/common/liblib__libc__common.a
[npcx9:rw] [294/321] Building C object zephyr/kernel/CMakeFiles/kernel.dir/fatal.c.obj
[npcx-aic:rw] [140/279] Building C object zephyr/drivers/interrupt_controller/CMakeFiles/drivers__interrupt_controller.dir/intc_miwu.c.obj
[ptlgcs:rw] [104/375] Building C object zephyr/lib/libc/minimal/CMakeFiles/lib__libc__minimal.dir/source/string/strspn.c.obj
[ptlgcs:rw] [105/375] Building C object zephyr/lib/libc/minimal/CMakeFiles/lib__libc__minimal.dir/source/string/string.c.obj
[npcx-aic:rw] [141/279] Building C object zephyr/drivers/adc/CMakeFiles/drivers__adc.dir/adc_common.c.obj
[pujjolo:ro] [118/411] Building C object CMakeFiles/app.dir/mnt/host/source/src/platform/ec/build/zephyr/pujjolo/modules/ec/common/mkbp_event.c.obj
[npcx-aic:rw] [142/279] Linking C static library zephyr/drivers/interrupt_controller/libdrivers__interrupt_controller.a
[npcx9:rw] [295/321] Building C object zephyr/kernel/CMakeFiles/kernel.dir/kheap.c.obj
[pujjolo:rw] [63/411] Building C object CMakeFiles/app.dir/mnt/host/source/src/platform/ec/zephyr/subsys/pd_controller/pdc_dpm.c.obj
[ptlgcs:ro] [123/375] Building C object zephyr/lib/posix/c_lib_ext/CMakeFiles/lib__posix__c_lib_ext.dir/getentropy.c.obj
[npcx9:rw] [296/321] Building C object zephyr/kernel/CMakeFiles/kernel.dir/init.c.obj
[npcx9:rw] [297/321] Building C object zephyr/kernel/CMakeFiles/kernel.dir/version.c.obj
[npcx9:rw] [298/321] Building C object zephyr/kernel/CMakeFiles/kernel.dir/mem_slab.c.obj
[ptlgcs:ro] [124/375] Building C object zephyr/lib/posix/c_lib_ext/CMakeFiles/lib__posix__c_lib_ext.dir/getopt_shim.c.obj
[ptlgcs:rw] [106/375] Building C object zephyr/lib/libc/minimal/CMakeFiles/lib__libc__minimal.dir/source/stdout/stdout_console.c.obj
[npcx9:rw] [299/321] Building C object zephyr/kernel/CMakeFiles/kernel.dir/float.c.obj
[ptlgcs:ro] [125/375] Linking C static library zephyr/lib/posix/c_lib_ext/liblib__posix__c_lib_ext.a
[ptlgcs:rw] [107/375] Building C object zephyr/lib/libc/minimal/CMakeFiles/lib__libc__minimal.dir/source/stdout/sprintf.c.obj
[npcx-aic:rw] [143/279] Building C object zephyr/drivers/bbram/CMakeFiles/drivers__bbram.dir/bbram_npcx.c.obj
[pujjolo:rw] [64/411] Building C object CMakeFiles/app.dir/mnt/host/source/src/platform/ec/zephyr/subsys/ucsi/ppm_common.c.obj
[npcx-aic:rw] [144/279] Linking C static library zephyr/drivers/bbram/libdrivers__bbram.a
[ptlgcs:ro] [126/375] Building C object zephyr/subsys/crc/CMakeFiles/subsys__crc.dir/crc4_sw.c.obj
[pujjolo:ro] [119/411] Building C object CMakeFiles/app.dir/mnt/host/source/src/platform/ec/build/zephyr/pujjolo/modules/ec/common/port80.c.obj
[npcx-aic:rw] [145/279] Building C object zephyr/drivers/adc/CMakeFiles/drivers__adc.dir/adc_npcx.c.obj
[ptlgcs:ro] [127/375] Building C object zephyr/subsys/crc/CMakeFiles/subsys__crc.dir/crc8_sw.c.obj
[ptlgcs:rw] [108/375] Building C object zephyr/lib/libc/minimal/CMakeFiles/lib__libc__minimal.dir/source/math/sqrtf.c.obj
[npcx-aic:rw] [146/279] Linking C static library zephyr/drivers/adc/libdrivers__adc.a
[ptlgcs:ro] [128/375] Building C object zephyr/lib/smf/CMakeFiles/lib__smf.dir/smf.c.obj
[npcx9:rw] [300/321] Building C object zephyr/kernel/CMakeFiles/kernel.dir/idle.c.obj
[npcx9:rw] [301/321] Building C object zephyr/kernel/CMakeFiles/kernel.dir/mailbox.c.obj
[ptlgcs:ro] [129/375] Building C object zephyr/subsys/crc/CMakeFiles/subsys__crc.dir/crc16_sw.c.obj
[ptlgcs:ro] [130/375] Linking C static library zephyr/lib/smf/liblib__smf.a
[npcx9:rw] [302/321] Building C object zephyr/kernel/CMakeFiles/kernel.dir/msg_q.c.obj
[ptlgcs:rw] [109/375] Building C object zephyr/lib/libc/minimal/CMakeFiles/lib__libc__minimal.dir/source/stdout/fprintf.c.obj
[ptlgcs:ro] [131/375] Building C object zephyr/subsys/crc/CMakeFiles/subsys__crc.dir/crc7_sw.c.obj
[pujjolo:ro] [120/411] Building C object CMakeFiles/app.dir/mnt/host/source/src/platform/ec/build/zephyr/pujjolo/modules/ec/common/power_button.c.obj
[pujjolo:ro] [121/411] Building C object CMakeFiles/app.dir/mnt/host/source/src/platform/ec/build/zephyr/pujjolo/modules/ec/power/hibernate.c.obj
[ptlgcs:rw] [110/375] Building C object zephyr/lib/libc/minimal/CMakeFiles/lib__libc__minimal.dir/source/math/sqrt.c.obj
[ptlgcs:ro] [132/375] Building C object zephyr/subsys/crc/CMakeFiles/subsys__crc.dir/crc24_sw.c.obj
[ptlgcs:ro] [133/375] Building C object zephyr/subsys/crc/CMakeFiles/subsys__crc.dir/crc32c_sw.c.obj
[npcx9:rw] [303/321] Building C object zephyr/kernel/CMakeFiles/kernel.dir/mutex.c.obj
[ptlgcs:ro] [134/375] Building C object zephyr/subsys/crc/CMakeFiles/subsys__crc.dir/crc32_sw.c.obj
[npcx-aic:rw] [147/279] Building C object zephyr/drivers/clock_control/CMakeFiles/drivers__clock_control.dir/clock_control_npcx.c.obj
[npcx-aic:rw] [148/279] Building C object zephyr/drivers/console/CMakeFiles/drivers__console.dir/uart_console.c.obj
[ptlgcs:ro] [135/375] Building C object zephyr/subsys/crc/CMakeFiles/subsys__crc.dir/crc32k_4_2_sw.c.obj
[npcx-aic:rw] [149/279] Linking C static library zephyr/drivers/clock_control/libdrivers__clock_control.a
[npcx-aic:rw] [150/279] Linking C static library zephyr/drivers/console/libdrivers__console.a
[ptlgcs:ro] [136/375] Linking C static library zephyr/subsys/crc/libsubsys__crc.a
[npcx9:rw] [304/321] Building C object zephyr/kernel/CMakeFiles/kernel.dir/queue.c.obj
[npcx9:rw] [305/321] Building C object zephyr/kernel/CMakeFiles/kernel.dir/sem.c.obj
[ptlgcs:rw] [111/375] Building C object zephyr/lib/libc/minimal/CMakeFiles/lib__libc__minimal.dir/source/time/gmtime.c.obj
[ptlgcs:ro] [137/375] Building C object zephyr/subsys/input/CMakeFiles/subsys__input.dir/input_hid.c.obj
[ptlgcs:rw] [112/375] Building C object zephyr/lib/libc/common/CMakeFiles/lib__libc__common.dir/source/stdlib/abort.c.obj
[npcx9:rw] [306/321] Building C object zephyr/kernel/CMakeFiles/kernel.dir/stack.c.obj
[ptlgcs:rw] [113/375] Linking C static library zephyr/lib/libc/minimal/liblib__libc__minimal.a
[pujjolo:ro] [122/411] Building C object CMakeFiles/app.dir/mnt/host/source/src/platform/ec/build/zephyr/pujjolo/modules/ec/common/shared_mem.c.obj
[pujjolo:rw] [65/411] Building C object CMakeFiles/app.dir/mnt/host/source/src/platform/ec/zephyr/subsys/ucsi/ppm_console.c.obj
[npcx9:rw] [307/321] Building C object zephyr/kernel/CMakeFiles/kernel.dir/system_work_q.c.obj
[pujjolo:ro] [123/411] Building C object CMakeFiles/app.dir/mnt/host/source/src/platform/ec/build/zephyr/pujjolo/modules/ec/common/panic_output.c.obj
[ptlgcs:rw] [114/375] Building C object zephyr/lib/libc/common/CMakeFiles/lib__libc__common.dir/source/time/gmtime_r.c.obj
[npcx-aic:rw] [151/279] Building C object zephyr/drivers/flash/CMakeFiles/drivers__flash.dir/jesd216.c.obj
[ptlgcs:ro] [138/375] Building C object zephyr/subsys/input/CMakeFiles/subsys__input.dir/input.c.obj
[ptlgcs:rw] [115/375] Building C object zephyr/lib/libc/common/CMakeFiles/lib__libc__common.dir/source/time/asctime.c.obj
[pujjolo:ro] [124/411] Building C object CMakeFiles/app.dir/mnt/host/source/src/platform/ec/build/zephyr/pujjolo/modules/ec/common/switch.c.obj
[npcx9:rw] [308/321] Building C object zephyr/kernel/CMakeFiles/kernel.dir/condvar.c.obj
[ptlgcs:rw] [116/375] Building C object zephyr/lib/libc/common/CMakeFiles/lib__libc__common.dir/source/time/localtime_r_utc.c.obj
[npcx-aic:rw] [152/279] Building C object zephyr/drivers/flash/CMakeFiles/drivers__flash.dir/flash_npcx_fiu_nor.c.obj
[pujjolo:rw] [66/411] Building C object CMakeFiles/app.dir/mnt/host/source/src/platform/ec/zephyr/subsys/ucsi/ppm_driver.c.obj
[ptlgcs:rw] [117/375] Building C object zephyr/lib/libc/common/CMakeFiles/lib__libc__common.dir/source/time/ctime.c.obj
[npcx9:rw] [309/321] Building C object zephyr/kernel/CMakeFiles/kernel.dir/work.c.obj
[ptlgcs:rw] [118/375] Building C object zephyr/lib/libc/common/CMakeFiles/lib__libc__common.dir/source/time/time.c.obj
[ptlgcs:ro] [139/375] Building C object zephyr/subsys/input/CMakeFiles/subsys__input.dir/input_utils.c.obj
[npcx9:rw] [310/321] Building C object zephyr/kernel/CMakeFiles/kernel.dir/thread.c.obj
[ptlgcs:rw] [119/375] Building C object zephyr/lib/libc/common/CMakeFiles/lib__libc__common.dir/source/string/strnlen.c.obj
[ptlgcs:ro] [140/375] Linking C static library zephyr/subsys/input/libsubsys__input.a
[npcx9:rw] [311/321] Building C object zephyr/kernel/CMakeFiles/kernel.dir/sched.c.obj
[ptlgcs:ro] [141/375] Building C object zephyr/drivers/interrupt_controller/CMakeFiles/drivers__interrupt_controller.dir/intc_mchp_ecia_xec.c.obj
[/mnt/host/source/src/platform/ec/build/zephyr/tarkin-lcov]   /mnt/host/source/src/platform/ec/build/zephyr/tarkin/build-ro/zephyr/drivers/syscon/CMakeFiles/drivers__syscon.dir/mnt/host/source/src/third_party/zephyr/main/misc/empty_file.c.gcno:no functions found
[/mnt/host/source/src/platform/ec/build/zephyr/tarkin-lcov] stderr:
[npcx-aic:rw] [153/279] Building C object zephyr/drivers/flash/CMakeFiles/drivers__flash.dir/flash_npcx_fiu_qspi.c.obj
[pujjolo:ro] [125/411] Building C object CMakeFiles/app.dir/mnt/host/source/src/platform/ec/build/zephyr/pujjolo/modules/ec/common/spi_flash_reg.c.obj
[ptlgcs:rw] [120/375] Building C object zephyr/lib/posix/c_lib_ext/CMakeFiles/lib__posix__c_lib_ext.dir/fnmatch.c.obj
[ptlgcs:ro] [142/375] Linking C static library zephyr/drivers/interrupt_controller/libdrivers__interrupt_controller.a
[npcx-aic:rw] [154/279] Linking C static library zephyr/drivers/flash/libdrivers__flash.a
[npcx9:rw] [312/321] Building C object zephyr/kernel/CMakeFiles/kernel.dir/pipe.c.obj
[ptlgcs:rw] [121/375] Building C object zephyr/lib/libc/common/CMakeFiles/lib__libc__common.dir/source/stdlib/malloc.c.obj
[npcx9:rw] [313/321] Building C object zephyr/kernel/CMakeFiles/kernel.dir/spinlock_validate.c.obj
[ptlgcs:rw] [122/375] Linking C static library zephyr/lib/libc/common/liblib__libc__common.a
[pujjolo:ro] [126/411] Building C object CMakeFiles/app.dir/mnt/host/source/src/platform/ec/build/zephyr/pujjolo/modules/ec/common/tablet_mode.c.obj
[pujjolo:rw] [67/411] Building C object CMakeFiles/app.dir/mnt/host/source/src/platform/ec/zephyr/subsys/ucsi/ucsi_host_cmd.c.obj
[npcx-aic:rw] [155/279] Building C object zephyr/drivers/gpio/CMakeFiles/drivers__gpio.dir/gpio_npcx.c.obj
[pujjolo:rw] [68/411] Building C object CMakeFiles/app.dir/mnt/host/source/src/platform/ec/build/zephyr/pujjolo/modules/ec/builtin/stdlib.c.obj
[npcx-aic:rw] [156/279] Linking C static library zephyr/drivers/gpio/libdrivers__gpio.a
[ptlgcs:ro] [143/375] Building C object zephyr/drivers/adc/CMakeFiles/drivers__adc.dir/adc_common.c.obj
[/mnt/host/source/src/platform/ec/build/zephyr/tarkin-lcov]   /mnt/host/source/src/platform/ec/build/zephyr/tarkin/build-rw/modules/ec/zephyr/CMakeFiles/ec_shim.dir/shim/src/power.c.gcno:no functions found
[/mnt/host/source/src/platform/ec/build/zephyr/tarkin-lcov] stderr:
[npcx9:rw] [314/321] Building C object zephyr/kernel/CMakeFiles/kernel.dir/thread_monitor.c.obj
[pujjolo:ro] [127/411] Building C object CMakeFiles/app.dir/mnt/host/source/src/platform/ec/build/zephyr/pujjolo/modules/ec/common/thermal.c.obj
[ptlgcs:rw] [123/375] Building C object zephyr/lib/posix/c_lib_ext/CMakeFiles/lib__posix__c_lib_ext.dir/getentropy.c.obj
[npcx9:rw] [315/321] Building C object zephyr/kernel/CMakeFiles/kernel.dir/timeout.c.obj
[npcx9:rw] [316/321] Building C object zephyr/kernel/CMakeFiles/kernel.dir/timer.c.obj
[npcx-aic:rw] [157/279] Building C object zephyr/drivers/i2c/CMakeFiles/drivers__i2c.dir/i2c_common.c.obj
[/mnt/host/source/src/platform/ec/build/zephyr/tarkin-lcov]   /mnt/host/source/src/platform/ec/build/zephyr/tarkin/build-rw/modules/ec/zephyr/CMakeFiles/ec_shim.dir/shim/src/thermal.c.gcno:no functions found
[/mnt/host/source/src/platform/ec/build/zephyr/tarkin-lcov] stderr:
[ptlgcs:ro] [144/375] Building C object zephyr/drivers/adc/CMakeFiles/drivers__adc.dir/adc_mchp_xec.c.obj
[ptlgcs:rw] [124/375] Building C object zephyr/lib/posix/c_lib_ext/CMakeFiles/lib__posix__c_lib_ext.dir/getopt_shim.c.obj
[npcx9:rw] [317/321] Building C object zephyr/kernel/CMakeFiles/kernel.dir/poll.c.obj
[ptlgcs:ro] [145/375] Linking C static library zephyr/drivers/adc/libdrivers__adc.a
[ptlgcs:rw] [125/375] Linking C static library zephyr/lib/posix/c_lib_ext/liblib__posix__c_lib_ext.a
[/mnt/host/source/src/platform/ec/build/zephyr/tarkin-lcov]   /mnt/host/source/src/platform/ec/build/zephyr/tarkin/build-rw/modules/ec/zephyr/CMakeFiles/ec_shim.dir/shim/src/battery.c.gcno:no functions found
[/mnt/host/source/src/platform/ec/build/zephyr/tarkin-lcov] stderr:
[ptlgcs:rw] [126/375] Building C object zephyr/subsys/crc/CMakeFiles/subsys__crc.dir/crc4_sw.c.obj
[pujjolo:ro] [128/411] Building C object CMakeFiles/app.dir/mnt/host/source/src/platform/ec/build/zephyr/pujjolo/modules/ec/driver/temp_sensor/thermistor.c.obj
[npcx-aic:rw] [158/279] Building C object zephyr/drivers/i2c/CMakeFiles/drivers__i2c.dir/i2c_shell.c.obj
[pujjolo:rw] [69/411] Building C object CMakeFiles/app.dir/mnt/host/source/src/platform/ec/build/zephyr/pujjolo/modules/ec/common/base32.c.obj
[npcx9:rw] [318/321] Building C object zephyr/kernel/CMakeFiles/kernel.dir/dynamic_disabled.c.obj
[ptlgcs:rw] [127/375] Building C object zephyr/lib/smf/CMakeFiles/lib__smf.dir/smf.c.obj
[ptlgcs:ro] [146/375] Building C object zephyr/drivers/bbram/CMakeFiles/drivers__bbram.dir/bbram_xec.c.obj
[pujjolo:ro] [129/411] Building C object CMakeFiles/app.dir/mnt/host/source/src/platform/ec/build/zephyr/pujjolo/modules/ec/common/temp_sensor.c.obj
[ptlgcs:rw] [128/375] Building C object zephyr/subsys/crc/CMakeFiles/subsys__crc.dir/crc8_sw.c.obj
[npcx9:rw] [319/321] Building C object zephyr/kernel/CMakeFiles/kernel.dir/events.c.obj
[npcx9:rw] [320/321] Building C object zephyr/kernel/CMakeFiles/kernel.dir/mempool.c.obj
[ptlgcs:ro] [147/375] Linking C static library zephyr/drivers/bbram/libdrivers__bbram.a
[ptlgcs:rw] [129/375] Linking C static library zephyr/lib/smf/liblib__smf.a
[npcx-aic:rw] [159/279] Building C object zephyr/drivers/i2c/CMakeFiles/drivers__i2c.dir/i2c_npcx_controller.c.obj
[npcx9:rw] [321/321] Linking C static library zephyr/kernel/libkernel.a
[ptlgcs:rw] [130/375] Building C object zephyr/subsys/crc/CMakeFiles/subsys__crc.dir/crc24_sw.c.obj
[ptlgcs:rw] [131/375] Building C object zephyr/subsys/crc/CMakeFiles/subsys__crc.dir/crc16_sw.c.obj
[ptlgcs:rw] [132/375] Building C object zephyr/subsys/crc/CMakeFiles/subsys__crc.dir/crc32c_sw.c.obj
[ptlgcs:rw] [133/375] Building C object zephyr/subsys/crc/CMakeFiles/subsys__crc.dir/crc7_sw.c.obj
[pujjolo:rw] [70/411] Building C object CMakeFiles/app.dir/mnt/host/source/src/platform/ec/build/zephyr/pujjolo/modules/ec/common/console_output.c.obj
[pujjolo:ro] [130/411] Building C object CMakeFiles/app.dir/mnt/host/source/src/platform/ec/build/zephyr/pujjolo/modules/ec/common/throttle_ap.c.obj
[ptlgcs:rw] [134/375] Building C object zephyr/subsys/crc/CMakeFiles/subsys__crc.dir/crc32_sw.c.obj
[ptlgcs:rw] [135/375] Building C object zephyr/subsys/crc/CMakeFiles/subsys__crc.dir/crc32k_4_2_sw.c.obj
[ptlgcs:ro] [148/375] Building C object zephyr/drivers/clock_control/CMakeFiles/drivers__clock_control.dir/clock_control_mchp_xec.c.obj
[ptlgcs:rw] [136/375] Linking C static library zephyr/subsys/crc/libsubsys__crc.a
[ptlgcs:ro] [149/375] Linking C static library zephyr/drivers/clock_control/libdrivers__clock_control.a
[ptlgcs:rw] [137/375] Building C object zephyr/subsys/input/CMakeFiles/subsys__input.dir/input_hid.c.obj
[npcx-aic:rw] [160/279] Building C object zephyr/drivers/pinctrl/CMakeFiles/drivers__pinctrl.dir/common.c.obj
[npcx-aic:rw] [161/279] Building C object zephyr/drivers/i2c/CMakeFiles/drivers__i2c.dir/i2c_npcx_controller_fifo.c.obj
[npcx-aic:rw] [162/279] Building C object zephyr/drivers/i2c/CMakeFiles/drivers__i2c.dir/i2c_npcx_port.c.obj
[npcx-aic:rw] [163/279] Building C object zephyr/drivers/pinctrl/CMakeFiles/drivers__pinctrl.dir/pinctrl_npcx.c.obj
[/mnt/host/source/src/platform/ec/build/zephyr/tarkin-lcov]   /mnt/host/source/src/platform/ec/build/zephyr/tarkin/build-rw/modules/ec/zephyr/CMakeFiles/ec_shim.dir/shim/src/charger.c.gcno:no functions found
[/mnt/host/source/src/platform/ec/build/zephyr/tarkin-lcov] stderr:
[npcx-aic:rw] [164/279] Linking C static library zephyr/drivers/i2c/libdrivers__i2c.a
[ptlgcs:ro] [150/375] Building C object zephyr/drivers/console/CMakeFiles/drivers__console.dir/uart_console.c.obj
[ptlgcs:rw] [138/375] Building C object zephyr/subsys/input/CMakeFiles/subsys__input.dir/input.c.obj
[npcx-aic:rw] [165/279] Linking C static library zephyr/drivers/pinctrl/libdrivers__pinctrl.a
[ptlgcs:ro] [151/375] Linking C static library zephyr/drivers/console/libdrivers__console.a
[ptlgcs:rw] [139/375] Building C object zephyr/subsys/input/CMakeFiles/subsys__input.dir/input_utils.c.obj
[ptlgcs:rw] [140/375] Building C object zephyr/drivers/interrupt_controller/CMakeFiles/drivers__interrupt_controller.dir/intc_mchp_ecia_xec.c.obj
[pujjolo:ro] [131/411] Building C object CMakeFiles/app.dir/mnt/host/source/src/platform/ec/build/zephyr/pujjolo/modules/ec/common/timer.c.obj
[ptlgcs:rw] [141/375] Building C object zephyr/drivers/adc/CMakeFiles/drivers__adc.dir/adc_common.c.obj
[ptlgcs:rw] [142/375] Linking C static library zephyr/subsys/input/libsubsys__input.a
[ptlgcs:rw] [143/375] Linking C static library zephyr/drivers/interrupt_controller/libdrivers__interrupt_controller.a
[pujjolo:ro] [132/411] Building C object CMakeFiles/app.dir/mnt/host/source/src/platform/ec/build/zephyr/pujjolo/modules/ec/common/usb_port_power_dumb.c.obj
[pujjolo:rw] [71/411] Building C object CMakeFiles/app.dir/mnt/host/source/src/platform/ec/build/zephyr/pujjolo/modules/ec/common/ec_features.c.obj
[npcx-aic:rw] [166/279] Building C object zephyr/drivers/syscon/CMakeFiles/drivers__syscon.dir/syscon.c.obj
[/mnt/host/source/src/platform/ec/build/zephyr/tarkin-lcov]   /mnt/host/source/src/platform/ec/build/zephyr/tarkin/build-rw/modules/ec/zephyr/CMakeFiles/ec_shim.dir/shim/src/usba.c.gcno:no functions found
[/mnt/host/source/src/platform/ec/build/zephyr/tarkin-lcov] stderr:
[ptlgcs:ro] [152/375] Building C object zephyr/drivers/espi/CMakeFiles/drivers__espi.dir/espi_mchp_xec_host_v2.c.obj
[npcx-aic:rw] [167/279] Linking C static library zephyr/drivers/syscon/libdrivers__syscon.a
[npcx-aic:rw] [168/279] Building C object zephyr/drivers/serial/CMakeFiles/drivers__serial.dir/uart_npcx.c.obj
[pujjolo:rw] [72/411] Building C object CMakeFiles/app.dir/mnt/host/source/src/platform/ec/build/zephyr/pujjolo/modules/ec/common/gpio_commands.c.obj
[npcx-aic:rw] [169/279] Linking C static library zephyr/drivers/serial/libdrivers__serial.a
[npcx-aic:rw] [170/279] Building C object zephyr/drivers/timer/CMakeFiles/drivers__timer.dir/sys_clock_init.c.obj
[pujjolo:ro] [133/411] Building C object CMakeFiles/app.dir/mnt/host/source/src/platform/ec/build/zephyr/pujjolo/modules/ec/common/usbc_utils.c.obj
[npcx-aic:rw] [171/279] Building C object zephyr/drivers/timer/CMakeFiles/drivers__timer.dir/npcx_itim_timer.c.obj
[npcx-aic:rw] [172/279] Linking C static library zephyr/drivers/timer/libdrivers__timer.a
[ptlgcs:rw] [144/375] Building C object zephyr/drivers/adc/CMakeFiles/drivers__adc.dir/adc_mchp_xec.c.obj
[ptlgcs:rw] [145/375] Building C object zephyr/drivers/bbram/CMakeFiles/drivers__bbram.dir/bbram_xec.c.obj
[ptlgcs:rw] [146/375] Building C object zephyr/drivers/console/CMakeFiles/drivers__console.dir/uart_console.c.obj
[ptlgcs:rw] [147/375] Linking C static library zephyr/drivers/adc/libdrivers__adc.a
[ptlgcs:rw] [148/375] Linking C static library zephyr/drivers/bbram/libdrivers__bbram.a
[ptlgcs:rw] [149/375] Building C object zephyr/drivers/clock_control/CMakeFiles/drivers__clock_control.dir/clock_control_mchp_xec.c.obj
[ptlgcs:ro] [153/375] Building C object zephyr/drivers/espi/CMakeFiles/drivers__espi.dir/espi_mchp_xec_v2.c.obj
[ptlgcs:ro] [154/375] Building C object zephyr/drivers/flash/CMakeFiles/drivers__flash.dir/jesd216.c.obj
[ptlgcs:rw] [150/375] Linking C static library zephyr/drivers/console/libdrivers__console.a
[npcx-aic:rw] [173/279] Building C object zephyr/drivers/watchdog/CMakeFiles/drivers__watchdog.dir/wdt_npcx.c.obj
[ptlgcs:rw] [151/375] Linking C static library zephyr/drivers/clock_control/libdrivers__clock_control.a
[ptlgcs:ro] [155/375] Linking C static library zephyr/drivers/espi/libdrivers__espi.a
[npcx-aic:rw] [174/279] Building C object zephyr/drivers/watchdog/CMakeFiles/drivers__watchdog.dir/wdt_shell.c.obj
[pujjolo:ro] [134/411] Building C object CMakeFiles/app.dir/mnt/host/source/src/platform/ec/build/zephyr/pujjolo/modules/ec/common/chargen.c.obj
[npcx-aic:rw] [175/279] Linking C static library zephyr/drivers/watchdog/libdrivers__watchdog.a
[pujjolo:rw] [73/411] Building C object CMakeFiles/app.dir/mnt/host/source/src/platform/ec/build/zephyr/pujjolo/modules/ec/common/peripheral.c.obj
[npcx-aic:rw] [176/279] Building C object modules/ec/zephyr/CMakeFiles/ec_shim.dir/app/ec/ec_app_main.c.obj
[npcx-aic:rw] [177/279] Building C object modules/ec/zephyr/CMakeFiles/ec_shim.dir/app/ec/main_shim.c.obj
[pujjolo:rw] [74/411] Building C object CMakeFiles/app.dir/mnt/host/source/src/platform/ec/build/zephyr/pujjolo/modules/ec/common/printf.c.obj
[pujjolo:ro] [135/411] Building C object CMakeFiles/app.dir/mnt/host/source/src/platform/ec/build/zephyr/pujjolo/modules/ec/common/usb_common.c.obj
[ptlgcs:rw] [152/375] Building C object zephyr/drivers/flash/CMakeFiles/drivers__flash.dir/jesd216.c.obj
[ptlgcs:rw] [153/375] Building C object zephyr/drivers/espi/CMakeFiles/drivers__espi.dir/espi_mchp_xec_host_v2.c.obj
[pujjolo:ro] [136/411] Building C object CMakeFiles/app.dir/mnt/host/source/src/platform/ec/build/zephyr/pujjolo/modules/ec/common/usb_pd_host_cmd_common.c.obj
[ptlgcs:ro] [156/375] Building C object zephyr/drivers/flash/CMakeFiles/drivers__flash.dir/spi_nor.c.obj
[npcx-aic:rw] [178/279] Building C object modules/ec/zephyr/CMakeFiles/ec_shim.dir/drivers/cros_flash/cros_flash_npcx.c.obj
[ptlgcs:rw] [154/375] Building C object zephyr/drivers/espi/CMakeFiles/drivers__espi.dir/espi_mchp_xec_v2.c.obj
[ptlgcs:ro] [157/375] Linking C static library zephyr/drivers/flash/libdrivers__flash.a
[ptlgcs:rw] [155/375] Building C object zephyr/drivers/flash/CMakeFiles/drivers__flash.dir/spi_nor.c.obj
[ptlgcs:rw] [156/375] Linking C static library zephyr/drivers/espi/libdrivers__espi.a
[npcx-aic:rw] [179/279] Building C object modules/ec/zephyr/CMakeFiles/ec_shim.dir/drivers/cros_system/cros_system_npcx.c.obj
[npcx-aic:rw] [180/279] Building C object modules/ec/zephyr/CMakeFiles/ec_shim.dir/shim/chip/npcx/clock.c.obj
[ptlgcs:rw] [157/375] Linking C static library zephyr/drivers/flash/libdrivers__flash.a
[npcx-aic:rw] [181/279] Building C object modules/ec/zephyr/CMakeFiles/ec_shim.dir/drivers/aic/io_sweep.c.obj
[ptlgcs:ro] [158/375] Building C object zephyr/drivers/gpio/CMakeFiles/drivers__gpio.dir/gpio_mchp_xec.c.obj
[ptlgcs:ro] [159/375] Linking C static library zephyr/drivers/gpio/libdrivers__gpio.a
[pujjolo:rw] [75/411] Building C object CMakeFiles/app.dir/mnt/host/source/src/platform/ec/build/zephyr/pujjolo/modules/ec/common/queue.c.obj
[ptlgcs:rw] [158/375] Building C object zephyr/drivers/i2c/CMakeFiles/drivers__i2c.dir/i2c_common.c.obj
[pujjolo:ro] [137/411] Building C object CMakeFiles/app.dir/mnt/host/source/src/platform/ec/build/zephyr/pujjolo/modules/ec/common/vboot_hash.c.obj
[npcx-aic:rw] [182/279] Building C object modules/ec/zephyr/CMakeFiles/ec_shim.dir/shim/chip/npcx/gpio.c.obj
[ptlgcs:ro] [160/375] Building C object zephyr/drivers/i2c/CMakeFiles/drivers__i2c.dir/i2c_common.c.obj
[npcx-aic:rw] [183/279] Building C object modules/ec/zephyr/CMakeFiles/ec_shim.dir/shim/chip/npcx/rom_chip.c.obj
[ptlgcs:rw] [159/375] Building C object zephyr/drivers/gpio/CMakeFiles/drivers__gpio.dir/gpio_mchp_xec.c.obj
[ptlgcs:rw] [160/375] Linking C static library zephyr/drivers/gpio/libdrivers__gpio.a
[npcx-aic:rw] [184/279] Building C object modules/ec/zephyr/CMakeFiles/ec_shim.dir/shim/chip/npcx/system.c.obj
[ptlgcs:rw] [161/375] Building C object zephyr/drivers/i2c/CMakeFiles/drivers__i2c.dir/i2c_shell.c.obj
[npcx-aic:rw] [185/279] Building C object modules/ec/zephyr/CMakeFiles/ec_shim.dir/shim/chip/npcx/system_external_storage.c.obj
[ptlgcs:rw] [162/375] Building C object zephyr/drivers/i2c/CMakeFiles/drivers__i2c.dir/i2c_mchp_xec_v2.c.obj
[pujjolo:ro] [138/411] Building C object CMakeFiles/app.dir/mnt/host/source/src/platform/ec/build/zephyr/pujjolo/modules/ec/common/vstore.c.obj
[ptlgcs:rw] [163/375] Linking C static library zephyr/drivers/i2c/libdrivers__i2c.a
[ptlgcs:ro] [161/375] Building C object zephyr/drivers/i2c/CMakeFiles/drivers__i2c.dir/i2c_shell.c.obj
[pujjolo:ro] [139/411] Building C object CMakeFiles/app.dir/mnt/host/source/src/platform/ec/build/zephyr/pujjolo/modules/ec/common/vboot/efs2.c.obj
[ptlgcs:rw] [164/375] Building C object zephyr/drivers/input/CMakeFiles/drivers__input.dir/input_kbd_matrix.c.obj
[npcx-aic:rw] [186/279] Building C object modules/ec/zephyr/CMakeFiles/ec_shim.dir/shim/chip/npcx/power_policy.c.obj
[npcx-aic:rw] [187/279] Building C object modules/ec/zephyr/CMakeFiles/ec_shim.dir/shim/core/cortex-m/mpu.c.obj
[ptlgcs:ro] [162/375] Building C object zephyr/drivers/i2c/CMakeFiles/drivers__i2c.dir/i2c_mchp_xec_v2.c.obj
[ptlgcs:rw] [165/375] Building C object zephyr/drivers/pinctrl/CMakeFiles/drivers__pinctrl.dir/common.c.obj
[pujjolo:rw] [76/411] Building C object CMakeFiles/app.dir/mnt/host/source/src/platform/ec/build/zephyr/pujjolo/modules/ec/common/system_boot_time.c.obj
[pujjolo:ro] [140/411] Building C object CMakeFiles/app.dir/mnt/host/source/src/platform/ec/build/zephyr/pujjolo/modules/ec/common/math_util.c.obj
[npcx-aic:rw] [188/279] Building C object modules/ec/zephyr/CMakeFiles/ec_shim.dir/shim/src/crc.c.obj
[ptlgcs:ro] [163/375] Linking C static library zephyr/drivers/i2c/libdrivers__i2c.a
[ptlgcs:rw] [166/375] Building C object zephyr/drivers/sensor/CMakeFiles/drivers__sensor.dir/mnt/host/source/src/third_party/zephyr/main/misc/empty_file.c.obj
[ptlgcs:rw] [167/375] Building C object zephyr/drivers/input/CMakeFiles/drivers__input.dir/input_xec_kbd.c.obj
[ptlgcs:rw] [168/375] Linking C static library zephyr/drivers/sensor/libdrivers__sensor.a
[ptlgcs:rw] [169/375] Linking C static library zephyr/drivers/input/libdrivers__input.a
[ptlgcs:rw] [170/375] Building C object zephyr/drivers/pinctrl/CMakeFiles/drivers__pinctrl.dir/pinctrl_mchp_xec.c.obj
[npcx-aic:rw] [189/279] Building C object modules/ec/zephyr/CMakeFiles/ec_shim.dir/shim/src/console.c.obj
[npcx-aic:rw] [190/279] Building C object modules/ec/zephyr/CMakeFiles/ec_shim.dir/shim/core/cortex-m/panic.c.obj
[ptlgcs:rw] [171/375] Linking C static library zephyr/drivers/pinctrl/libdrivers__pinctrl.a
[pujjolo:rw] [77/411] Building C object CMakeFiles/app.dir/mnt/host/source/src/platform/ec/build/zephyr/pujjolo/modules/ec/common/system.c.obj
[ptlgcs:ro] [164/375] Building C object zephyr/drivers/input/CMakeFiles/drivers__input.dir/input_kbd_matrix.c.obj
[ptlgcs:rw] [172/375] Building C object zephyr/drivers/pwm/CMakeFiles/drivers__pwm.dir/pwm_mchp_xec.c.obj
[ptlgcs:rw] [173/375] Linking C static library zephyr/drivers/pwm/libdrivers__pwm.a
[pujjolo:ro] [141/411] Building C object CMakeFiles/app.dir/src/board_power.c.obj
[npcx-aic:rw] [191/279] Building C object modules/ec/zephyr/CMakeFiles/ec_shim.dir/shim/src/gpio_int.c.obj
[npcx-aic:rw] [192/279] Building C object modules/ec/zephyr/CMakeFiles/ec_shim.dir/shim/src/gpio.c.obj
[ptlgcs:ro] [165/375] Building C object zephyr/drivers/input/CMakeFiles/drivers__input.dir/input_xec_kbd.c.obj
[pujjolo:ro] [142/411] Building C object CMakeFiles/app.dir/pujjolo/src/board.c.obj
[ptlgcs:ro] [166/375] Linking C static library zephyr/drivers/input/libdrivers__input.a
[npcx-aic:rw] [193/279] Building C object modules/ec/zephyr/CMakeFiles/ec_shim.dir/shim/src/panic_utils.c.obj
[ptlgcs:rw] [174/375] Building C object zephyr/drivers/sensor/microchip/mchp_tach_xec/CMakeFiles/drivers__sensor__microchip__mchp_tach_xec.dir/tach_mchp_xec.c.obj
[ptlgcs:ro] [167/375] Building C object zephyr/drivers/pinctrl/CMakeFiles/drivers__pinctrl.dir/common.c.obj
[npcx-aic:rw] [194/279] Building C object modules/ec/zephyr/CMakeFiles/ec_shim.dir/shim/src/pm_state.c.obj
[pujjolo:rw] [78/411] Building C object CMakeFiles/app.dir/mnt/host/source/src/platform/ec/build/zephyr/pujjolo/modules/ec/common/uart_printf.c.obj
[pujjolo:ro] [143/411] Building C object CMakeFiles/app.dir/pujjolo/src/touch_panel.c.obj
[ptlgcs:rw] [175/375] Linking C static library zephyr/drivers/sensor/microchip/mchp_tach_xec/libdrivers__sensor__microchip__mchp_tach_xec.a
[ptlgcs:rw] [176/375] Building C object zephyr/drivers/serial/CMakeFiles/drivers__serial.dir/uart_mchp_xec.c.obj
[pujjolo:ro] [144/411] Building C object zephyr/CMakeFiles/zephyr.dir/lib/cpp/abi/cpp_dtors.c.obj
[npcx-aic:rw] [195/279] Building ASM object modules/ec/zephyr/CMakeFiles/ec_shim.dir/shim/src/libgcc_arm.S.obj
[ptlgcs:rw] [177/375] Linking C static library zephyr/drivers/serial/libdrivers__serial.a
[ptlgcs:rw] [178/375] Building C object zephyr/drivers/spi/CMakeFiles/drivers__spi.dir/spi_xec_qmspi_ldma.c.obj
[ptlgcs:rw] [179/375] Building C object zephyr/drivers/timer/CMakeFiles/drivers__timer.dir/sys_clock_init.c.obj
[ptlgcs:rw] [180/375] Linking C static library zephyr/drivers/spi/libdrivers__spi.a
[pujjolo:rw] [79/411] Building C object CMakeFiles/app.dir/mnt/host/source/src/platform/ec/build/zephyr/pujjolo/modules/ec/common/util.c.obj
[npcx-aic:rw] [196/279] Building C object modules/ec/zephyr/CMakeFiles/ec_shim.dir/shim/src/cbi/cros_cbi.c.obj
[ptlgcs:ro] [168/375] Building C object zephyr/drivers/pinctrl/CMakeFiles/drivers__pinctrl.dir/pinctrl_mchp_xec.c.obj
[npcx-aic:rw] [197/279] Building C object modules/ec/zephyr/CMakeFiles/ec_shim.dir/shim/src/cbi/cbi_flash.c.obj
[ptlgcs:ro] [169/375] Linking C static library zephyr/drivers/pinctrl/libdrivers__pinctrl.a
[ptlgcs:rw] [181/375] Building C object zephyr/drivers/timer/CMakeFiles/drivers__timer.dir/mchp_xec_rtos_timer.c.obj
[pujjolo:ro] [145/411] Building C object zephyr/CMakeFiles/zephyr.dir/lib/libc/validate_libc.c.obj
[ptlgcs:rw] [182/375] Linking C static library zephyr/drivers/timer/libdrivers__timer.a
[ptlgcs:ro] [170/375] Building C object zephyr/drivers/sensor/CMakeFiles/drivers__sensor.dir/mnt/host/source/src/third_party/zephyr/main/misc/empty_file.c.obj
[npcx-aic:rw] [198/279] Building C object modules/ec/zephyr/CMakeFiles/ec_shim.dir/shim/src/system.c.obj
[ptlgcs:ro] [171/375] Building C object zephyr/drivers/pwm/CMakeFiles/drivers__pwm.dir/pwm_mchp_xec.c.obj
[ptlgcs:ro] [172/375] Linking C static library zephyr/drivers/sensor/libdrivers__sensor.a
[ptlgcs:ro] [173/375] Linking C static library zephyr/drivers/pwm/libdrivers__pwm.a
[pujjolo:ro] [146/411] Building C object CMakeFiles/app.dir/pujjolo/src/keyboard_customization.c.obj
[pujjolo:ro] [147/411] Building C object zephyr/CMakeFiles/zephyr.dir/lib/heap/heap.c.obj
[ptlgcs:rw] [183/375] Building C object zephyr/drivers/watchdog/CMakeFiles/drivers__watchdog.dir/wdt_shell.c.obj
[pujjolo:rw] [80/411] Building C object CMakeFiles/app.dir/mnt/host/source/src/platform/ec/build/zephyr/pujjolo/modules/ec/common/version.c.obj
[npcx-aic:rw] [199/279] Building C object modules/ec/zephyr/CMakeFiles/ec_shim.dir/shim/src/adc.c.obj
[pujjolo:ro] [148/411] Linking CXX static library app/libapp.a
[ptlgcs:rw] [184/375] Building C object zephyr/drivers/watchdog/CMakeFiles/drivers__watchdog.dir/wdt_mchp_xec.c.obj
[ptlgcs:rw] [185/375] Linking C static library zephyr/drivers/watchdog/libdrivers__watchdog.a
[npcx-aic:rw] [200/279] Building C object modules/ec/zephyr/CMakeFiles/ec_shim.dir/shim/src/flash.c.obj
[npcx-aic:rw] [201/279] Building C object modules/ec/zephyr/CMakeFiles/ec_shim.dir/shim/src/hooks.c.obj
[ptlgcs:rw] [186/375] Building C object modules/ec/zephyr/CMakeFiles/ec_shim.dir/app/ec/ec_app_main.c.obj
[npcx-aic:rw] [202/279] Building C object modules/ec/zephyr/CMakeFiles/ec_shim.dir/shim/src/host_command.c.obj
[ptlgcs:rw] [187/375] Building C object modules/ec/zephyr/CMakeFiles/ec_shim.dir/app/ec/main_shim.c.obj
[ptlgcs:ro] [174/375] Building C object zephyr/drivers/sensor/microchip/mchp_tach_xec/CMakeFiles/drivers__sensor__microchip__mchp_tach_xec.dir/tach_mchp_xec.c.obj
[pujjolo:ro] [149/411] Building C object zephyr/CMakeFiles/zephyr.dir/lib/os/cbprintf_packaged.c.obj
[ptlgcs:ro] [175/375] Linking C static library zephyr/drivers/sensor/microchip/mchp_tach_xec/libdrivers__sensor__microchip__mchp_tach_xec.a
[ptlgcs:rw] [188/375] Building C object modules/ec/zephyr/CMakeFiles/ec_shim.dir/drivers/keyboard_input/keyboard_customization_check.c.obj
[ptlgcs:ro] [176/375] Building C object zephyr/drivers/serial/CMakeFiles/drivers__serial.dir/uart_mchp_xec.c.obj
[npcx-aic:rw] [203/279] Building C object modules/ec/zephyr/CMakeFiles/ec_shim.dir/shim/src/console_buffer.c.obj
[ptlgcs:ro] [177/375] Linking C static library zephyr/drivers/serial/libdrivers__serial.a
[pujjolo:rw] [81/411] Building C object CMakeFiles/app.dir/mnt/host/source/src/platform/ec/build/zephyr/pujjolo/modules/ec/common/power_button_x86.c.obj
[pujjolo:ro] [150/411] Building C object zephyr/CMakeFiles/zephyr.dir/lib/os/clock.c.obj
[npcx-aic:rw] [204/279] Building C object modules/ec/zephyr/CMakeFiles/ec_shim.dir/shim/src/panic.c.obj
[ptlgcs:rw] [189/375] Building C object modules/ec/zephyr/CMakeFiles/ec_shim.dir/drivers/cros_flash/cros_flash_xec.c.obj
[npcx-aic:rw] [205/279] Building C object modules/ec/zephyr/CMakeFiles/ec_shim.dir/shim/src/hwtimer.c.obj
[pujjolo:ro] [151/411] Building C object zephyr/CMakeFiles/zephyr.dir/lib/os/printk.c.obj
[ptlgcs:rw] [190/375] Building C object modules/ec/zephyr/CMakeFiles/ec_shim.dir/drivers/cros_system/cros_system_xec.c.obj
[npcx-aic:rw] [206/279] cd /mnt/host/source/src/platform/ec/build/zephyr/npcx-aic/build-rw/modules/ec/zephyr && PYTHONPATH=/mnt/host/source/src/platform/ec/build/zephyr/npcx-aic/modules/ec/zephyr/zmake/ /usr/bin/python3.11 /mnt/host/source/src/platform/ec/build/zephyr/npcx-aic/modules/ec/zephyr/zmake/zephyr_build_tools/generate_ec_version.py /mnt/host/source/src/platform/ec/build/zephyr/npcx-aic/build-rw/modules/ec/zephyr/include/ec_version.h --name Zephyr-Kernel --version 16543.0.0 --static
[npcx-aic:rw] INFO:root:Using a static version string
[pujjolo:rw] [82/411] Building C object CMakeFiles/app.dir/mnt/host/source/src/platform/ec/build/zephyr/pujjolo/modules/ec/common/adc.c.obj
[npcx-aic:rw] INFO:root:Version string: Zephyr-Kernel-16543.0.0
[npcx-aic:rw] INFO:root:Writing header to /mnt/host/source/src/platform/ec/build/zephyr/npcx-aic/build-rw/modules/ec/zephyr/include/ec_version.h
[npcx-aic:rw] [207/279] Building C object modules/ec/zephyr/CMakeFiles/ec_shim.dir/shim/src/tasks.c.obj
[ptlgcs:rw] [191/375] Building C object modules/ec/zephyr/CMakeFiles/ec_shim.dir/drivers/keyboard_input/keyboard_input.c.obj
[ptlgcs:rw] [192/375] Building C object modules/ec/zephyr/CMakeFiles/ec_shim.dir/drivers/keyboard_input/col_gpio_drive.c.obj
[ptlgcs:ro] [178/375] Building C object zephyr/drivers/timer/CMakeFiles/drivers__timer.dir/sys_clock_init.c.obj
[pujjolo:ro] [152/411] Building C object zephyr/CMakeFiles/zephyr.dir/lib/os/sem.c.obj
[ptlgcs:ro] [179/375] Building C object zephyr/drivers/spi/CMakeFiles/drivers__spi.dir/spi_xec_qmspi_ldma.c.obj
[npcx-aic:rw] [208/279] Building C object modules/ec/zephyr/CMakeFiles/ec_shim.dir/shim/src/watchdog.c.obj
[ptlgcs:rw] [193/375] Building C object modules/ec/zephyr/CMakeFiles/ec_shim.dir/drivers/usbc/ucsi_v3.c.obj
[ptlgcs:ro] [180/375] Linking C static library zephyr/drivers/spi/libdrivers__spi.a
[pujjolo:ro] [153/411] Building C object zephyr/CMakeFiles/zephyr.dir/lib/os/thread_entry.c.obj
[npcx-aic:rw] [209/279] Building C object CMakeFiles/app.dir/mnt/host/source/src/platform/ec/zephyr/subsys/ap_pwrseq/ap_events.c.obj
[npcx-aic:rw] [210/279] Building C object modules/ec/zephyr/CMakeFiles/ec_shim.dir/shim/src/usbc_stub.c.obj
[pujjolo:ro] [154/411] Building C object zephyr/CMakeFiles/zephyr.dir/lib/os/cbprintf_nano.c.obj
[npcx-aic:rw] [211/279] Building C object CMakeFiles/app.dir/mnt/host/source/src/platform/ec/build/zephyr/npcx-aic/modules/ec/builtin/stdlib.c.obj
[pujjolo:ro] [155/411] Building C object zephyr/CMakeFiles/zephyr.dir/lib/utils/dec.c.obj
[ptlgcs:ro] [181/375] Building C object zephyr/drivers/timer/CMakeFiles/drivers__timer.dir/mchp_xec_rtos_timer.c.obj
[pujjolo:rw] [83/411] Building C object CMakeFiles/app.dir/mnt/host/source/src/platform/ec/build/zephyr/pujjolo/modules/ec/common/acpi.c.obj
[pujjolo:ro] [156/411] Building C object zephyr/CMakeFiles/zephyr.dir/lib/utils/hex.c.obj
[ptlgcs:ro] [182/375] Linking C static library zephyr/drivers/timer/libdrivers__timer.a
[ptlgcs:rw] [194/375] Building C object modules/ec/zephyr/CMakeFiles/ec_shim.dir/drivers/usbc/pdc_rts54xx.c.obj
[npcx-aic:rw] [212/279] Building C object CMakeFiles/app.dir/mnt/host/source/src/platform/ec/build/zephyr/npcx-aic/modules/ec/common/base32.c.obj
[ptlgcs:rw] [195/375] Building C object modules/ec/zephyr/CMakeFiles/ec_shim.dir/drivers/boot_keys/boot_keys.c.obj
[pujjolo:rw] [84/411] Building C object CMakeFiles/app.dir/mnt/host/source/src/platform/ec/build/zephyr/pujjolo/modules/ec/common/backlight_lid.c.obj
[ptlgcs:rw] [196/375] Building C object modules/ec/zephyr/CMakeFiles/ec_shim.dir/drivers/runtime_keys/runtime_keys.c.obj
[ptlgcs:ro] [183/375] Building C object zephyr/drivers/watchdog/CMakeFiles/drivers__watchdog.dir/wdt_shell.c.obj
[pujjolo:ro] [157/411] Building C object zephyr/CMakeFiles/zephyr.dir/lib/os/assert.c.obj
[ptlgcs:rw] [197/375] Building C object modules/ec/zephyr/CMakeFiles/ec_shim.dir/drivers/vivaldi_kbd/vivaldi_kbd.c.obj
[pujjolo:ro] [158/411] Building C object zephyr/CMakeFiles/zephyr.dir/lib/utils/timeutil.c.obj
[npcx-aic:rw] [213/279] Building C object CMakeFiles/app.dir/mnt/host/source/src/platform/ec/build/zephyr/npcx-aic/modules/ec/common/console_output.c.obj
[npcx-aic:rw] [214/279] Building C object CMakeFiles/app.dir/mnt/host/source/src/platform/ec/build/zephyr/npcx-aic/modules/ec/common/ec_features.c.obj
[pujjolo:ro] [159/411] Building C object zephyr/CMakeFiles/zephyr.dir/lib/utils/rb.c.obj
[npcx-aic:rw] [215/279] Building C object CMakeFiles/app.dir/mnt/host/source/src/platform/ec/build/zephyr/npcx-aic/modules/ec/common/gpio_commands.c.obj
[pujjolo:ro] [160/411] Building C object zephyr/CMakeFiles/zephyr.dir/lib/utils/bitmask.c.obj
[ptlgcs:ro] [184/375] Building C object zephyr/drivers/watchdog/CMakeFiles/drivers__watchdog.dir/wdt_mchp_xec.c.obj
[ptlgcs:ro] [185/375] Linking C static library zephyr/drivers/watchdog/libdrivers__watchdog.a
[ptlgcs:rw] [198/375] Building C object modules/ec/zephyr/CMakeFiles/ec_shim.dir/shim/chip/mchp/gpio.c.obj
[npcx-aic:rw] [216/279] Building C object CMakeFiles/app.dir/mnt/host/source/src/platform/ec/build/zephyr/npcx-aic/modules/ec/common/peripheral.c.obj
[ptlgcs:rw] [199/375] Building C object modules/ec/zephyr/CMakeFiles/ec_shim.dir/shim/chip/mchp/clock.c.obj
[ptlgcs:rw] [200/375] Building C object modules/ec/zephyr/CMakeFiles/ec_shim.dir/shim/chip/mchp/system.c.obj
[npcx-aic:rw] [217/279] Building C object CMakeFiles/app.dir/mnt/host/source/src/platform/ec/build/zephyr/npcx-aic/modules/ec/common/printf.c.obj
[npcx-aic:rw] [218/279] Building C object CMakeFiles/app.dir/mnt/host/source/src/platform/ec/build/zephyr/npcx-aic/modules/ec/common/queue.c.obj
[pujjolo:ro] [161/411] Building C object zephyr/CMakeFiles/zephyr.dir/lib/utils/bitarray.c.obj
[ptlgcs:ro] [186/375] Building C object modules/ec/zephyr/CMakeFiles/ec_shim.dir/app/ec/ec_app_main.c.obj
[ptlgcs:rw] [201/375] Building C object modules/ec/zephyr/CMakeFiles/ec_shim.dir/shim/chip/mchp/system_external_storage.c.obj
[pujjolo:rw] [85/411] Building C object CMakeFiles/app.dir/mnt/host/source/src/platform/ec/build/zephyr/pujjolo/modules/ec/common/battery_info.c.obj
[npcx-aic:rw] [219/279] Building C object CMakeFiles/app.dir/mnt/host/source/src/platform/ec/build/zephyr/npcx-aic/modules/ec/common/system.c.obj
[pujjolo:ro] [162/411] Building C object zephyr/CMakeFiles/zephyr.dir/lib/utils/getopt/getopt_common.c.obj
[pujjolo:ro] [163/411] Building C object zephyr/CMakeFiles/zephyr.dir/lib/utils/ring_buffer.c.obj
[pujjolo:ro] [164/411] Building C object zephyr/CMakeFiles/zephyr.dir/lib/utils/getopt/getopt.c.obj
[ptlgcs:ro] [187/375] Building C object modules/ec/zephyr/CMakeFiles/ec_shim.dir/app/ec/main_shim.c.obj
[npcx-aic:rw] [220/279] Building C object CMakeFiles/app.dir/mnt/host/source/src/platform/ec/build/zephyr/npcx-aic/modules/ec/common/system_boot_time.c.obj
[pujjolo:ro] [165/411] Building C object zephyr/CMakeFiles/zephyr.dir/lib/utils/last_section_id.c.obj
[ptlgcs:rw] [202/375] Building C object modules/ec/zephyr/CMakeFiles/ec_shim.dir/shim/chip/mchp/system_download_from_flash.c.obj
[ptlgcs:rw] [203/375] Building C object modules/ec/zephyr/CMakeFiles/ec_shim.dir/shim/core/cortex-m/mpu.c.obj
[ptlgcs:rw] [204/375] Building C object modules/ec/zephyr/CMakeFiles/ec_shim.dir/shim/core/cortex-m/panic.c.obj
[pujjolo:ro] [166/411] Building C object zephyr/CMakeFiles/zephyr.dir/misc/generated/configs.c.obj
[npcx-aic:rw] [221/279] Building C object CMakeFiles/app.dir/mnt/host/source/src/platform/ec/build/zephyr/npcx-aic/modules/ec/common/uart_printf.c.obj
[ptlgcs:rw] [205/375] Building C object modules/ec/zephyr/CMakeFiles/ec_shim.dir/shim/src/crc.c.obj
[npcx-aic:rw] [222/279] Building C object CMakeFiles/app.dir/mnt/host/source/src/platform/ec/build/zephyr/npcx-aic/modules/ec/common/util.c.obj
[pujjolo:rw] [86/411] Building C object CMakeFiles/app.dir/mnt/host/source/src/platform/ec/build/zephyr/pujjolo/modules/ec/common/battery.c.obj
[ptlgcs:rw] [206/375] Building C object modules/ec/zephyr/CMakeFiles/ec_shim.dir/shim/src/console.c.obj
[npcx-aic:rw] [223/279] Building C object CMakeFiles/app.dir/mnt/host/source/src/platform/ec/build/zephyr/npcx-aic/modules/ec/common/version.c.obj
[ptlgcs:ro] [188/375] Building C object modules/ec/zephyr/CMakeFiles/ec_shim.dir/drivers/cros_flash/cros_flash_xec.c.obj
[npcx-aic:rw] [224/279] Building C object CMakeFiles/app.dir/mnt/host/source/src/platform/ec/build/zephyr/npcx-aic/modules/ec/common/adc.c.obj
[ptlgcs:ro] [189/375] Building C object modules/ec/zephyr/CMakeFiles/ec_shim.dir/drivers/cros_system/cros_system_xec.c.obj
[pujjolo:ro] [167/411] Building C object zephyr/CMakeFiles/zephyr.dir/soc/nuvoton/npcx/common/power.c.obj
[ptlgcs:ro] [190/375] Building C object modules/ec/zephyr/CMakeFiles/ec_shim.dir/drivers/keyboard_input/keyboard_customization_check.c.obj
[pujjolo:ro] [168/411] Building C object zephyr/CMakeFiles/zephyr.dir/soc/nuvoton/npcx/common/npcxn/registers.c.obj
[pujjolo:ro] [169/411] Building C object zephyr/CMakeFiles/zephyr.dir/soc/nuvoton/npcx/common/scfg.c.obj
[pujjolo:rw] [87/411] Building C object CMakeFiles/app.dir/mnt/host/source/src/platform/ec/build/zephyr/pujjolo/modules/ec/common/battery_fuel_gauge.c.obj
[npcx-aic:rw] [225/279] Building C object CMakeFiles/app.dir/mnt/host/source/src/platform/ec/build/zephyr/npcx-aic/modules/ec/common/cbi_common.c.obj
[ptlgcs:rw] [207/375] Building C object modules/ec/zephyr/CMakeFiles/ec_shim.dir/shim/src/panic_utils.c.obj
[ptlgcs:rw] [208/375] Building C object modules/ec/zephyr/CMakeFiles/ec_shim.dir/shim/src/gpio.c.obj
[ptlgcs:rw] [209/375] Building C object modules/ec/zephyr/CMakeFiles/ec_shim.dir/shim/src/gpio_int.c.obj
[npcx-aic:rw] [226/279] Building C object CMakeFiles/app.dir/mnt/host/source/src/platform/ec/build/zephyr/npcx-aic/modules/ec/common/cbi.c.obj
[ptlgcs:rw] [210/375] Building C object modules/ec/zephyr/CMakeFiles/ec_shim.dir/shim/src/cbi/cros_cbi.c.obj
[/mnt/host/source/src/platform/ec/build/zephyr/tarkin-lcov]   /mnt/host/source/src/platform/ec/build/zephyr/tarkin/build-rw/modules/ec/zephyr/CMakeFiles/ec_shim.dir/shim/src/keyscan.c.gcno:no functions found
[/mnt/host/source/src/platform/ec/build/zephyr/tarkin-lcov] stderr:
[npcx-aic:rw] [227/279] Building C object CMakeFiles/app.dir/mnt/host/source/src/platform/ec/build/zephyr/npcx-aic/modules/ec/common/cbi_config.c.obj
[npcx-aic:rw] [228/279] Building C object CMakeFiles/app.dir/mnt/host/source/src/platform/ec/build/zephyr/npcx-aic/modules/ec/common/memory_commands.c.obj
[ptlgcs:ro] [191/375] Building C object modules/ec/zephyr/CMakeFiles/ec_shim.dir/drivers/keyboard_input/keyboard_input.c.obj
[pujjolo:rw] [88/411] Building C object CMakeFiles/app.dir/mnt/host/source/src/platform/ec/build/zephyr/pujjolo/modules/ec/driver/battery/smart.c.obj
[ptlgcs:ro] [192/375] Building C object modules/ec/zephyr/CMakeFiles/ec_shim.dir/drivers/keyboard_input/col_gpio_drive.c.obj
[npcx-aic:rw] [229/279] Building C object CMakeFiles/app.dir/mnt/host/source/src/platform/ec/build/zephyr/npcx-aic/modules/ec/common/ap_reset_log.c.obj
[pujjolo:ro] [170/411] Building C object zephyr/CMakeFiles/zephyr.dir/subsys/logging/log_minimal.c.obj
[pujjolo:ro] [171/411] Building C object zephyr/CMakeFiles/zephyr.dir/soc/nuvoton/npcx/npcx9/soc.c.obj
[pujjolo:ro] [172/411] Building C object zephyr/CMakeFiles/zephyr.dir/subsys/mem_mgmt/mem_attr.c.obj
[npcx-aic:rw] [230/279] Building C object CMakeFiles/app.dir/mnt/host/source/src/platform/ec/build/zephyr/npcx-aic/modules/ec/common/flash.c.obj
[ptlgcs:rw] [211/375] Building C object modules/ec/zephyr/CMakeFiles/ec_shim.dir/shim/src/cbi/cbi_flash.c.obj
[ptlgcs:rw] [212/375] Building C object modules/ec/zephyr/CMakeFiles/ec_shim.dir/shim/src/led_driver/led_gpio.c.obj
[ptlgcs:rw] [213/375] Building C object modules/ec/zephyr/CMakeFiles/ec_shim.dir/shim/src/led_driver/led.c.obj
[ptlgcs:rw] [214/375] Building C object modules/ec/zephyr/CMakeFiles/ec_shim.dir/shim/src/popcountsi2.c.obj
[ptlgcs:rw] [215/375] Building ASM object modules/ec/zephyr/CMakeFiles/ec_shim.dir/shim/src/libgcc_arm.S.obj
[ptlgcs:ro] [193/375] Building C object modules/ec/zephyr/CMakeFiles/ec_shim.dir/drivers/usbc/ucsi_v3.c.obj
[ptlgcs:rw] [216/375] Building C object modules/ec/zephyr/CMakeFiles/ec_shim.dir/shim/src/system.c.obj
[pujjolo:rw] [89/411] Building C object CMakeFiles/app.dir/mnt/host/source/src/platform/ec/build/zephyr/pujjolo/modules/ec/driver/charger/bq25710.c.obj
[npcx-aic:rw] [231/279] Building C object CMakeFiles/app.dir/mnt/host/source/src/platform/ec/build/zephyr/npcx-aic/modules/ec/common/host_command.c.obj
[npcx-aic:rw] [232/279] Building C object CMakeFiles/app.dir/mnt/host/source/src/platform/ec/build/zephyr/npcx-aic/modules/ec/common/host_command_task.c.obj
[pujjolo:ro] [173/411] Building C object zephyr/CMakeFiles/zephyr.dir/subsys/pm/state.c.obj
[npcx-aic:rw] [233/279] Building C object CMakeFiles/app.dir/mnt/host/source/src/platform/ec/build/zephyr/npcx-aic/modules/ec/common/uart_hostcmd.c.obj
[npcx-aic:rw] [234/279] Building C object CMakeFiles/app.dir/mnt/host/source/src/platform/ec/build/zephyr/npcx-aic/modules/ec/common/host_event_commands.c.obj
[pujjolo:ro] [174/411] Building C object zephyr/CMakeFiles/zephyr.dir/subsys/pm/pm.c.obj
[pujjolo:ro] [175/411] Building C object zephyr/CMakeFiles/zephyr.dir/subsys/pm/policy/policy_events.c.obj
[ptlgcs:rw] [217/375] Building C object modules/ec/zephyr/CMakeFiles/ec_shim.dir/shim/src/battery.c.obj
[ptlgcs:rw] [218/375] Building C object modules/ec/zephyr/CMakeFiles/ec_shim.dir/shim/src/pdc_shim.c.obj
[ptlgcs:rw] [219/375] Building C object modules/ec/zephyr/CMakeFiles/ec_shim.dir/shim/src/adc.c.obj
[ptlgcs:rw] [220/375] Building C object modules/ec/zephyr/CMakeFiles/ec_shim.dir/shim/src/charger.c.obj
[npcx-aic:rw] [235/279] Building C object CMakeFiles/app.dir/mnt/host/source/src/platform/ec/build/zephyr/npcx-aic/modules/ec/common/uptime.c.obj
[ptlgcs:ro] [194/375] Building C object modules/ec/zephyr/CMakeFiles/ec_shim.dir/drivers/boot_keys/boot_keys.c.obj
[ptlgcs:ro] [195/375] Building C object modules/ec/zephyr/CMakeFiles/ec_shim.dir/drivers/usbc/pdc_rts54xx.c.obj
[npcx-aic:rw] [236/279] Building C object CMakeFiles/app.dir/mnt/host/source/src/platform/ec/build/zephyr/npcx-aic/modules/ec/common/panic_output.c.obj
[npcx-aic:rw] [237/279] Building C object CMakeFiles/app.dir/mnt/host/source/src/platform/ec/build/zephyr/npcx-aic/modules/ec/common/sha256.c.obj
[pujjolo:ro] [176/411] Building C object zephyr/CMakeFiles/zephyr.dir/subsys/pm/policy/policy_latency.c.obj
[npcx-aic:rw] [238/279] Building C object CMakeFiles/app.dir/mnt/host/source/src/platform/ec/build/zephyr/npcx-aic/modules/ec/common/shared_mem.c.obj
[pujjolo:ro] [177/411] Building C object zephyr/CMakeFiles/zephyr.dir/subsys/pm/policy/policy_state_lock.c.obj
[npcx-aic:rw] [239/279] Building C object CMakeFiles/app.dir/mnt/host/source/src/platform/ec/build/zephyr/npcx-aic/modules/ec/common/spi_flash_reg.c.obj
[pujjolo:rw] [90/411] Building C object CMakeFiles/app.dir/mnt/host/source/src/platform/ec/build/zephyr/pujjolo/modules/ec/common/charger.c.obj
[pujjolo:ro] [178/411] Building C object zephyr/CMakeFiles/zephyr.dir/subsys/pm/device.c.obj
[ptlgcs:rw] [221/375] Building C object modules/ec/zephyr/CMakeFiles/ec_shim.dir/shim/src/chipset_api.c.obj
[npcx-aic:rw] [240/279] Building C object CMakeFiles/app.dir/mnt/host/source/src/platform/ec/build/zephyr/npcx-aic/modules/ec/common/timer.c.obj
[ptlgcs:ro] [196/375] Building C object modules/ec/zephyr/CMakeFiles/ec_shim.dir/drivers/vivaldi_kbd/vivaldi_kbd.c.obj
[npcx-aic:rw] [241/279] Building C object CMakeFiles/app.dir/mnt/host/source/src/platform/ec/build/zephyr/npcx-aic/modules/ec/common/chargen.c.obj
[ptlgcs:ro] [197/375] Building C object modules/ec/zephyr/CMakeFiles/ec_shim.dir/drivers/runtime_keys/runtime_keys.c.obj
[ptlgcs:rw] [222/375] Building C object modules/ec/zephyr/CMakeFiles/ec_shim.dir/shim/src/fan.c.obj
[ptlgcs:rw] [223/375] Building C object modules/ec/zephyr/CMakeFiles/ec_shim.dir/shim/src/flash.c.obj
[npcx-aic:rw] [242/279] Building C object CMakeFiles/app.dir/mnt/host/source/src/platform/ec/build/zephyr/npcx-aic/modules/ec/common/vboot_hash.c.obj
[npcx-aic:rw] [243/279] Linking C static library modules/ec/zephyr/libec_shim.a
[ptlgcs:rw] [224/375] Building C object modules/ec/zephyr/CMakeFiles/ec_shim.dir/shim/src/espi.c.obj
[pujjolo:ro] [179/411] Building C object zephyr/CMakeFiles/zephyr.dir/subsys/pm/device_runtime.c.obj
[npcx-aic:rw] [244/279] Building C object CMakeFiles/app.dir/mnt/host/source/src/platform/ec/build/zephyr/npcx-aic/modules/ec/common/vstore.c.obj
[pujjolo:ro] [180/411] Building C object zephyr/CMakeFiles/zephyr.dir/subsys/testsuite/coverage/coverage.c.obj
[npcx-aic:rw] [245/279] Building C object CMakeFiles/app.dir/mnt/host/source/src/platform/ec/build/zephyr/npcx-aic/modules/ec/common/math_util.c.obj
[pujjolo:ro] [181/411] Building C object zephyr/CMakeFiles/zephyr.dir/subsys/pm/device_system_managed.c.obj
[npcx-aic:rw] [246/279] Linking C static library app/libapp.a
[npcx-aic:rw] [247/279] Building C object zephyr/kernel/CMakeFiles/kernel.dir/main_weak.c.obj
[ptlgcs:rw] [225/375] Building C object modules/ec/zephyr/CMakeFiles/ec_shim.dir/shim/src/hooks.c.obj
[ptlgcs:ro] [198/375] Building C object modules/ec/zephyr/CMakeFiles/ec_shim.dir/shim/chip/mchp/clock.c.obj
[npcx-aic:rw] [248/279] Building C object zephyr/kernel/CMakeFiles/kernel.dir/banner.c.obj
[ptlgcs:ro] [199/375] Building C object modules/ec/zephyr/CMakeFiles/ec_shim.dir/shim/chip/mchp/gpio.c.obj
[npcx-aic:rw] [249/279] Building C object zephyr/kernel/CMakeFiles/kernel.dir/busy_wait.c.obj
[ptlgcs:rw] [226/375] Building C object modules/ec/zephyr/CMakeFiles/ec_shim.dir/shim/src/mkbp_event.c.obj
[ptlgcs:rw] [227/375] Building C object modules/ec/zephyr/CMakeFiles/ec_shim.dir/shim/src/console_buffer.c.obj
[ptlgcs:rw] [228/375] Building C object modules/ec/zephyr/CMakeFiles/ec_shim.dir/shim/src/host_command.c.obj
[pujjolo:rw] [91/411] Building C object CMakeFiles/app.dir/mnt/host/source/src/platform/ec/build/zephyr/pujjolo/modules/ec/common/charge_state.c.obj
[pujjolo:ro] [182/411] Building C object zephyr/CMakeFiles/zephyr.dir/subsys/tracing/tracing_none.c.obj
[npcx-aic:rw] [250/279] Building C object zephyr/kernel/CMakeFiles/kernel.dir/device.c.obj
[pujjolo:ro] [183/411] Building C object zephyr/CMakeFiles/zephyr.dir/subsys/shell/modules/kernel_service/kernel_shell.c.obj
[npcx-aic:rw] [251/279] Building C object zephyr/kernel/CMakeFiles/kernel.dir/errno.c.obj
[pujjolo:ro] [184/411] Building C object zephyr/CMakeFiles/zephyr.dir/subsys/shell/modules/kernel_service/cycles.c.obj
[pujjolo:rw] [92/411] Building C object CMakeFiles/app.dir/mnt/host/source/src/platform/ec/build/zephyr/pujjolo/modules/ec/common/charge_manager.c.obj
[npcx-aic:rw] [252/279] Building C object zephyr/kernel/CMakeFiles/kernel.dir/fatal.c.obj
[ptlgcs:rw] [229/375] Building C object modules/ec/zephyr/CMakeFiles/ec_shim.dir/shim/src/panic.c.obj
[npcx-aic:rw] [253/279] Building C object zephyr/kernel/CMakeFiles/kernel.dir/init.c.obj
[ptlgcs:ro] [200/375] Building C object modules/ec/zephyr/CMakeFiles/ec_shim.dir/shim/chip/mchp/system.c.obj
[ptlgcs:rw] [230/375] Building C object modules/ec/zephyr/CMakeFiles/ec_shim.dir/shim/src/hwtimer.c.obj
[ptlgcs:ro] [201/375] Building C object modules/ec/zephyr/CMakeFiles/ec_shim.dir/shim/chip/mchp/system_external_storage.c.obj
[npcx-aic:rw] [254/279] Building C object zephyr/kernel/CMakeFiles/kernel.dir/version.c.obj
[ptlgcs:rw] [231/375] Building C object modules/ec/zephyr/CMakeFiles/ec_shim.dir/shim/src/thermal.c.obj
[ptlgcs:rw] [232/375] Building C object modules/ec/zephyr/CMakeFiles/ec_shim.dir/shim/src/temp_sensors.c.obj
[pujjolo:ro] [185/411] Building C object zephyr/CMakeFiles/zephyr.dir/subsys/shell/modules/kernel_service/sleep.c.obj
[pujjolo:rw] [93/411] Building C object CMakeFiles/app.dir/mnt/host/source/src/platform/ec/build/zephyr/pujjolo/modules/ec/common/cbi_common.c.obj
[npcx-aic:rw] [255/279] Building C object zephyr/kernel/CMakeFiles/kernel.dir/kheap.c.obj
[npcx-aic:rw] [256/279] Building C object zephyr/kernel/CMakeFiles/kernel.dir/float.c.obj
[npcx-aic:rw] [257/279] Building C object zephyr/kernel/CMakeFiles/kernel.dir/mem_slab.c.obj
[pujjolo:ro] [186/411] Building C object zephyr/CMakeFiles/zephyr.dir/subsys/shell/modules/kernel_service/uptime.c.obj
[pujjolo:ro] [187/411] Building C object zephyr/CMakeFiles/zephyr.dir/subsys/shell/modules/kernel_service/version.c.obj
[ptlgcs:ro] [202/375] Building C object modules/ec/zephyr/CMakeFiles/ec_shim.dir/shim/chip/mchp/system_download_from_flash.c.obj
[npcx-aic:rw] [258/279] Building C object zephyr/kernel/CMakeFiles/kernel.dir/idle.c.obj
[ptlgcs:rw] [233/375] Building C object modules/ec/zephyr/CMakeFiles/ec_shim.dir/shim/src/i2c.c.obj
[/mnt/host/source/src/platform/ec/build/zephyr/tarkin-lcov]   /mnt/host/source/src/platform/ec/build/zephyr/tarkin/build-rw/CMakeFiles/app.dir/mnt/host/source/src/platform/ec/build/zephyr/tarkin/modules/ec/common/cbi_config.c.gcno:no functions found
[/mnt/host/source/src/platform/ec/build/zephyr/tarkin-lcov] stderr:
[ptlgcs:rw] [234/375] Building C object modules/ec/zephyr/CMakeFiles/ec_shim.dir/shim/src/tasks.c.obj
[ptlgcs:rw] [235/375] cd /mnt/host/source/src/platform/ec/build/zephyr/ptlgcs/build-rw/modules/ec/zephyr && PYTHONPATH=/mnt/host/source/src/platform/ec/build/zephyr/ptlgcs/modules/ec/zephyr/zmake/ /usr/bin/python3.11 /mnt/host/source/src/platform/ec/build/zephyr/ptlgcs/modules/ec/zephyr/zmake/zephyr_build_tools/generate_ec_version.py /mnt/host/source/src/platform/ec/build/zephyr/ptlgcs/build-rw/modules/ec/zephyr/include/ec_version.h --name Zephyr-Kernel --version 16543.0.0 --static
[ptlgcs:rw] INFO:root:Using a static version string
[ptlgcs:ro] [203/375] Building C object modules/ec/zephyr/CMakeFiles/ec_shim.dir/shim/core/cortex-m/mpu.c.obj
[npcx-aic:rw] [259/279] Building C object zephyr/kernel/CMakeFiles/kernel.dir/mailbox.c.obj
[npcx-aic:rw] [260/279] Building C object zephyr/kernel/CMakeFiles/kernel.dir/msg_q.c.obj
[pujjolo:ro] [188/411] Building C object zephyr/CMakeFiles/zephyr.dir/subsys/shell/modules/kernel_service/thread/thread.c.obj
[ptlgcs:rw] INFO:root:Version string: Zephyr-Kernel-16543.0.0
[ptlgcs:rw] INFO:root:Writing header to /mnt/host/source/src/platform/ec/build/zephyr/ptlgcs/build-rw/modules/ec/zephyr/include/ec_version.h
[ptlgcs:rw] [236/375] Building C object modules/ec/zephyr/CMakeFiles/ec_shim.dir/shim/src/watchdog.c.obj
[ptlgcs:rw] [237/375] Building C object modules/ec/zephyr/CMakeFiles/ec_shim.dir/shim/src/power_host_sleep_api.c.obj
[npcx-aic:rw] [261/279] Building C object zephyr/kernel/CMakeFiles/kernel.dir/mutex.c.obj
[pujjolo:rw] [94/411] Building C object CMakeFiles/app.dir/mnt/host/source/src/platform/ec/build/zephyr/pujjolo/modules/ec/common/cbi_config.c.obj
[npcx-aic:rw] [262/279] Building C object zephyr/kernel/CMakeFiles/kernel.dir/queue.c.obj
[ptlgcs:ro] [204/375] Building C object modules/ec/zephyr/CMakeFiles/ec_shim.dir/shim/core/cortex-m/panic.c.obj
[ptlgcs:rw] [238/375] Building C object zephyr/kernel/CMakeFiles/kernel.dir/main_weak.c.obj
[pujjolo:ro] [189/411] Building C object zephyr/CMakeFiles/zephyr.dir/subsys/shell/modules/kernel_service/thread/stacks.c.obj
[pujjolo:ro] [190/411] Building C object zephyr/CMakeFiles/zephyr.dir/subsys/shell/modules/kernel_service/thread/list.c.obj
[ptlgcs:ro] [205/375] Building C object modules/ec/zephyr/CMakeFiles/ec_shim.dir/shim/src/crc.c.obj
[npcx-aic:rw] [263/279] Building C object zephyr/kernel/CMakeFiles/kernel.dir/stack.c.obj
[/mnt/host/source/src/platform/ec/build/zephyr/tarkin-lcov]   /mnt/host/source/src/platform/ec/build/zephyr/tarkin/build-rw/zephyr/arch/arch/riscv/core/CMakeFiles/arch__riscv__core.dir/cpu_idle.c.gcno:no functions found
[/mnt/host/source/src/platform/ec/build/zephyr/tarkin-lcov] stderr:
[ptlgcs:rw] [239/375] Building C object CMakeFiles/app.dir/mnt/host/source/src/platform/ec/zephyr/subsys/ap_pwrseq/ap_events.c.obj
[pujjolo:rw] [95/411] Building C object CMakeFiles/app.dir/mnt/host/source/src/platform/ec/build/zephyr/pujjolo/modules/ec/common/cbi.c.obj
[npcx-aic:rw] [264/279] Building C object zephyr/kernel/CMakeFiles/kernel.dir/sem.c.obj
[npcx-aic:rw] [265/279] Building C object zephyr/kernel/CMakeFiles/kernel.dir/system_work_q.c.obj
[ptlgcs:ro] [206/375] Building C object modules/ec/zephyr/CMakeFiles/ec_shim.dir/shim/src/console.c.obj
[ptlgcs:rw] [240/375] Building C object CMakeFiles/app.dir/mnt/host/source/src/platform/ec/zephyr/subsys/ap_pwrseq/power_signals.c.obj
[ptlgcs:rw] [241/375] Building C object CMakeFiles/app.dir/mnt/host/source/src/platform/ec/zephyr/subsys/ap_pwrseq/ap_power_interface.c.obj
[pujjolo:ro] [191/411] Building C object zephyr/CMakeFiles/zephyr.dir/subsys/shell/modules/kernel_service/thread/suspend.c.obj
[npcx-aic:rw] [266/279] Building C object zephyr/kernel/CMakeFiles/kernel.dir/work.c.obj
[npcx-aic:rw] [267/279] Building C object zephyr/kernel/CMakeFiles/kernel.dir/condvar.c.obj
[npcx-aic:rw] [268/279] Building C object zephyr/kernel/CMakeFiles/kernel.dir/thread.c.obj
[ptlgcs:rw] [242/375] Building C object CMakeFiles/app.dir/mnt/host/source/src/platform/ec/zephyr/subsys/ap_pwrseq/signal_gpio.c.obj
[ptlgcs:rw] [243/375] Building C object CMakeFiles/app.dir/mnt/host/source/src/platform/ec/zephyr/subsys/ap_pwrseq/signal_vw.c.obj
[npcx-aic:rw] [269/279] Building C object zephyr/kernel/CMakeFiles/kernel.dir/sched.c.obj
[pujjolo:ro] [192/411] Building C object zephyr/CMakeFiles/zephyr.dir/subsys/shell/modules/kernel_service/thread/resume.c.obj
[pujjolo:rw] [96/411] Building C object CMakeFiles/app.dir/mnt/host/source/src/platform/ec/build/zephyr/pujjolo/modules/ec/common/memory_commands.c.obj
[pujjolo:ro] [193/411] Building C object zephyr/CMakeFiles/zephyr.dir/subsys/shell/modules/kernel_service/thread/kill.c.obj
[ptlgcs:ro] [207/375] Building C object modules/ec/zephyr/CMakeFiles/ec_shim.dir/shim/src/gpio.c.obj
[/mnt/host/source/src/platform/ec/build/zephyr/tarkin-lcov]   /mnt/host/source/src/platform/ec/build/zephyr/tarkin/build-rw/zephyr/arch/common/CMakeFiles/isr_tables.dir/isr_tables.c.gcno:no functions found
[/mnt/host/source/src/platform/ec/build/zephyr/tarkin-lcov] stderr:
[ptlgcs:rw] [244/375] Building C object CMakeFiles/app.dir/mnt/host/source/src/platform/ec/zephyr/subsys/ap_pwrseq/ap_pwrseq_sm.c.obj
[ptlgcs:ro] [208/375] Building C object modules/ec/zephyr/CMakeFiles/ec_shim.dir/shim/src/gpio_int.c.obj
[ptlgcs:rw] [245/375] Building C object CMakeFiles/app.dir/mnt/host/source/src/platform/ec/zephyr/subsys/ap_pwrseq/ap_pwrseq.c.obj
[npcx-aic:rw] [270/279] Building C object zephyr/kernel/CMakeFiles/kernel.dir/pipe.c.obj
[pujjolo:rw] [97/411] Building C object CMakeFiles/app.dir/mnt/host/source/src/platform/ec/build/zephyr/pujjolo/modules/ec/common/dptf.c.obj
[npcx-aic:rw] [271/279] Building C object zephyr/kernel/CMakeFiles/kernel.dir/spinlock_validate.c.obj
[npcx-aic:rw] [272/279] Building C object zephyr/kernel/CMakeFiles/kernel.dir/thread_monitor.c.obj
[pujjolo:ro] [194/411] Building C object zephyr/CMakeFiles/zephyr.dir/subsys/shell/backends/shell_uart.c.obj
[npcx-aic:rw] [273/279] Building C object zephyr/kernel/CMakeFiles/kernel.dir/timeout.c.obj
[ptlgcs:rw] [246/375] Building C object CMakeFiles/app.dir/mnt/host/source/src/platform/ec/zephyr/subsys/ap_pwrseq/power_host_sleep.c.obj
[ptlgcs:ro] [209/375] Building C object modules/ec/zephyr/CMakeFiles/ec_shim.dir/shim/src/panic_utils.c.obj
[ptlgcs:ro] [210/375] Building C object modules/ec/zephyr/CMakeFiles/ec_shim.dir/shim/src/cbi/cros_cbi.c.obj
[pujjolo:ro] [195/411] Building C object zephyr/CMakeFiles/zephyr.dir/subsys/shell/shell_fprintf.c.obj
[ptlgcs:rw] [247/375] Building C object CMakeFiles/app.dir/mnt/host/source/src/platform/ec/zephyr/subsys/ap_pwrseq/x86_non_dsx_common_pwrseq_sm_handler.c.obj
[npcx-aic:rw] [274/279] Building C object zephyr/kernel/CMakeFiles/kernel.dir/timer.c.obj
[npcx-aic:rw] [275/279] Building C object zephyr/kernel/CMakeFiles/kernel.dir/events.c.obj
[pujjolo:rw] [98/411] Building C object CMakeFiles/app.dir/mnt/host/source/src/platform/ec/build/zephyr/pujjolo/modules/ec/common/ap_reset_log.c.obj
[ptlgcs:rw] [248/375] Building C object CMakeFiles/app.dir/mnt/host/source/src/platform/ec/zephyr/subsys/ap_pwrseq/x86_non_dsx_common_pwrseq_host_sleep.c.obj
[npcx-aic:rw] [276/279] Building C object zephyr/kernel/CMakeFiles/kernel.dir/poll.c.obj
[pujjolo:ro] [196/411] Building C object zephyr/CMakeFiles/zephyr.dir/subsys/shell/shell.c.obj
[ptlgcs:rw] [249/375] Building C object CMakeFiles/app.dir/mnt/host/source/src/platform/ec/zephyr/subsys/ap_pwrseq/x86_non_dsx_chipset_power_state.c.obj
Running (initial) lcov on /mnt/host/source/src/platform/ec/build/zephyr/minimal-posix.
[npcx-aic:rw] [277/279] Building C object zephyr/kernel/CMakeFiles/kernel.dir/mempool.c.obj
[pujjolo:rw] [99/411] Building C object CMakeFiles/app.dir/mnt/host/source/src/platform/ec/build/zephyr/pujjolo/modules/ec/common/espi.c.obj
[pujjolo:ro] [197/411] Building C object zephyr/CMakeFiles/zephyr.dir/subsys/shell/shell_utils.c.obj
[ptlgcs:rw] [250/375] Building C object CMakeFiles/app.dir/mnt/host/source/src/platform/ec/zephyr/subsys/ap_pwrseq/x86_non_dsx_common_pwrseq_console.c.obj
Running `env -i PYTHONPATH=/usr/lib64/python-exec/python3.11:/mnt/host/source/src/platform/ec/zephyr/zmake:/usr/lib/python311.zip:/usr/lib/python3.11:/usr/lib/python3.11/lib-dynload:/usr/lib/python3.11/site-packages PW_PIGWEED_CIPD_INSTALL_DIR=/usr CROSTC_USER_ACKNOWLEDGES_THAT_RISCV_IS_EXPERIMENTAL=1 PATH=/mnt/host/source/chromite/bin:/usr/local/bin:/usr/bin:/bin:/opt/bin:/mnt/host/source/chromite/sdk/bin:/mnt/host/source/chromite/bin HOME=/home/jpmurphy JAVA_HOME=/etc/java-config-2/current-system-vm JDK_HOME=/etc/java-config-2/current-system-vm JAVAC=/etc/java-config-2/current-system-vm/bin/javac MAKEFLAGS=' -j16 --jobserver-auth=5,6' /usr/bin/lcov --gcov-tool /mnt/host/source/src/platform/ec/build/zephyr/minimal-posix/build-singleimage/gcov.sh -q -o - -c -d /mnt/host/source/src/platform/ec/build/zephyr/minimal-posix -t minimal-posix --rc branch_coverage=1 --filter range --ignore-errors inconsistent,source --ignore-errors gcov,gcov -i`
[npcx-aic:rw] [278/279] Building C object zephyr/kernel/CMakeFiles/kernel.dir/dynamic_disabled.c.obj
[ptlgcs:ro] [211/375] Building C object modules/ec/zephyr/CMakeFiles/ec_shim.dir/shim/src/cbi/cbi_flash.c.obj
[npcx-aic:rw] [279/279] Linking C static library zephyr/kernel/libkernel.a
Running (initial) lcov on /mnt/host/source/src/platform/ec/build/zephyr/rull.
[ptlgcs:rw] [251/375] Building C object CMakeFiles/app.dir/mnt/host/source/src/platform/ec/zephyr/subsys/ap_pwrseq/x86_non_dsx_common_pwrseq_host_command.c.obj
[pujjolo:ro] [198/411] Building C object zephyr/CMakeFiles/zephyr.dir/subsys/shell/shell_help.c.obj
[ptlgcs:ro] [212/375] Building C object modules/ec/zephyr/CMakeFiles/ec_shim.dir/shim/src/led_driver/led.c.obj
[pujjolo:ro] [199/411] Building C object zephyr/CMakeFiles/zephyr.dir/subsys/shell/shell_ops.c.obj
[ptlgcs:rw] [252/375] Building C object CMakeFiles/app.dir/mnt/host/source/src/platform/ec/zephyr/subsys/ap_pwrseq/x86_non_dsx_mtl_pwrseq_sm.c.obj
[pujjolo:ro] [200/411] Building C object zephyr/CMakeFiles/zephyr.dir/subsys/shell/shell_history.c.obj
[pujjolo:rw] [100/411] Building C object CMakeFiles/app.dir/mnt/host/source/src/platform/ec/build/zephyr/pujjolo/modules/ec/common/extpower_common.c.obj
[ptlgcs:rw] [253/375] Building C object CMakeFiles/app.dir/mnt/host/source/src/platform/ec/zephyr/subsys/ap_pwrseq/ap_reset_log.c.obj
Running `env -i PYTHONPATH=/usr/lib64/python-exec/python3.11:/mnt/host/source/src/platform/ec/zephyr/zmake:/usr/lib/python311.zip:/usr/lib/python3.11:/usr/lib/python3.11/lib-dynload:/usr/lib/python3.11/site-packages PW_PIGWEED_CIPD_INSTALL_DIR=/usr CROSTC_USER_ACKNOWLEDGES_THAT_RISCV_IS_EXPERIMENTAL=1 PATH=/mnt/host/source/chromite/bin:/usr/local/bin:/usr/bin:/bin:/opt/bin:/mnt/host/source/chromite/sdk/bin:/mnt/host/source/chromite/bin HOME=/home/jpmurphy JAVA_HOME=/etc/java-config-2/current-system-vm JDK_HOME=/etc/java-config-2/current-system-vm JAVAC=/etc/java-config-2/current-system-vm/bin/javac MAKEFLAGS=' -j16 --jobserver-auth=5,6' /usr/bin/lcov --gcov-tool /mnt/host/source/src/platform/ec/build/zephyr/rull/build-rw/gcov.sh -q -o - -c -d /mnt/host/source/src/platform/ec/build/zephyr/rull -t rull --rc branch_coverage=1 --filter range --ignore-errors inconsistent,source --ignore-errors gcov,gcov -i`
[pujjolo:rw] [101/411] Building C object CMakeFiles/app.dir/mnt/host/source/src/platform/ec/build/zephyr/pujjolo/modules/ec/common/extpower_gpio.c.obj
[/mnt/host/source/src/platform/ec/build/zephyr/minimal-posix-lcov] geninfo: WARNING: (format) invalid characters removed from testname
[pujjolo:ro] [201/411] Building C object zephyr/arch/common/CMakeFiles/arch__common.dir/sw_isr_common.c.obj
[pujjolo:ro] [202/411] Building C object zephyr/arch/common/CMakeFiles/arch__common.dir/init.c.obj
[pujjolo:ro] [203/411] Building C object zephyr/CMakeFiles/zephyr.dir/drivers/flash/flash_util.c.obj
[ptlgcs:rw] [254/375] Building C object CMakeFiles/app.dir/mnt/host/source/src/platform/ec/zephyr/subsys/pd_controller/pdc_pmc_debug.c.obj
[pujjolo:ro] [204/411] Linking CXX static library zephyr/libzephyr.a
[ptlgcs:ro] [213/375] Building C object modules/ec/zephyr/CMakeFiles/ec_shim.dir/shim/src/led_driver/led_gpio.c.obj
[pujjolo:ro] [205/411] Building C object zephyr/arch/common/CMakeFiles/arch__common.dir/xip.c.obj
[ptlgcs:rw] [255/375] Building C object CMakeFiles/app.dir/mnt/host/source/src/platform/ec/zephyr/subsys/pd_controller/retimer_fw_update.c.obj
[pujjolo:ro] [206/411] Building C object zephyr/arch/common/CMakeFiles/isr_tables.dir/isr_tables.c.obj
[ptlgcs:ro] [214/375] Building ASM object modules/ec/zephyr/CMakeFiles/ec_shim.dir/shim/src/libgcc_arm.S.obj
[pujjolo:ro] [207/411] Building ASM object zephyr/arch/arch/arm/core/CMakeFiles/arch__arm__core.dir/nmi_on_reset.S.obj
[pujjolo:ro] [208/411] Building C object zephyr/arch/arch/arm/core/CMakeFiles/arch__arm__core.dir/__aeabi_atexit.c.obj
[pujjolo:ro] [209/411] Linking CXX static library zephyr/arch/common/libisr_tables.a
[ptlgcs:ro] [215/375] Building C object modules/ec/zephyr/CMakeFiles/ec_shim.dir/shim/src/system.c.obj
[ptlgcs:ro] [216/375] Building C object modules/ec/zephyr/CMakeFiles/ec_shim.dir/shim/src/popcountsi2.c.obj
[pujjolo:ro] [210/411] Linking CXX static library zephyr/arch/common/libarch__common.a
[ptlgcs:rw] [256/375] Building C object CMakeFiles/app.dir/mnt/host/source/src/platform/ec/zephyr/subsys/pd_controller/pdc_console.c.obj
[/mnt/host/source/src/platform/ec/build/zephyr/rull-lcov] geninfo: WARNING: using JSON module "JSON::PP" - which is much slower than some alternatives.  Consider installing one of JSON::XS or Cpanel::JSON::XS
[pujjolo:ro] [211/411] Building C object zephyr/arch/arch/arm/core/CMakeFiles/arch__arm__core.dir/nmi.c.obj
[ptlgcs:rw] [257/375] Building C object CMakeFiles/app.dir/mnt/host/source/src/platform/ec/zephyr/subsys/pd_controller/pdc_host_cmd.c.obj
[pujjolo:ro] [212/411] Building C object zephyr/arch/arch/arm/core/CMakeFiles/arch__arm__core.dir/fatal.c.obj
[pujjolo:rw] [102/411] Building C object CMakeFiles/app.dir/mnt/host/source/src/platform/ec/build/zephyr/pujjolo/modules/ec/common/fan.c.obj
[pujjolo:ro] [213/411] Building ASM object zephyr/arch/arch/arm/core/cortex_m/CMakeFiles/arch__arm__core__cortex_m.dir/fault_s.S.obj
[ptlgcs:rw] [258/375] Building C object CMakeFiles/app.dir/mnt/host/source/src/platform/ec/zephyr/subsys/pd_controller/pdc_power_mgmt.c.obj
[pujjolo:ro] [214/411] Building C object zephyr/arch/arch/arm/core/CMakeFiles/arch__arm__core.dir/tls.c.obj
[ptlgcs:rw] [259/375] Building C object CMakeFiles/app.dir/mnt/host/source/src/platform/ec/zephyr/subsys/pd_controller/pdc_stub.c.obj
[pujjolo:ro] [215/411] Linking CXX static library zephyr/arch/arch/arm/core/libarch__arm__core.a
[pujjolo:ro] [216/411] Building C object zephyr/arch/arch/arm/core/cortex_m/CMakeFiles/arch__arm__core__cortex_m.dir/exc_exit.c.obj
[ptlgcs:ro] [217/375] Building C object modules/ec/zephyr/CMakeFiles/ec_shim.dir/shim/src/pdc_shim.c.obj
[ptlgcs:ro] [218/375] Building C object modules/ec/zephyr/CMakeFiles/ec_shim.dir/shim/src/adc.c.obj
[pujjolo:rw] [103/411] Building C object CMakeFiles/app.dir/mnt/host/source/src/platform/ec/build/zephyr/pujjolo/modules/ec/common/flash.c.obj
[ptlgcs:rw] [260/375] Building C object CMakeFiles/app.dir/mnt/host/source/src/platform/ec/zephyr/subsys/pd_controller/pdc_dpm.c.obj
[/mnt/host/source/src/platform/ec/build/zephyr/tarkin-lcov]   /mnt/host/source/src/platform/ec/build/zephyr/tarkin/build-rw/zephyr/CMakeFiles/zephyr.dir/subsys/shell/modules/kernel_service/kernel_shell.c.gcno:no functions found
[/mnt/host/source/src/platform/ec/build/zephyr/tarkin-lcov] stderr:
[pujjolo:ro] [217/411] Building C object zephyr/arch/arch/arm/core/cortex_m/CMakeFiles/arch__arm__core__cortex_m.dir/fpu.c.obj
[/mnt/host/source/src/platform/ec/build/zephyr/rull-lcov] stderr:
[pujjolo:ro] [218/411] Building ASM object zephyr/arch/arch/arm/core/cortex_m/CMakeFiles/arch__arm__core__cortex_m.dir/reset.S.obj
[/mnt/host/source/src/platform/ec/build/zephyr/tarkin-lcov]   /mnt/host/source/src/platform/ec/build/zephyr/tarkin/build-rw/zephyr/CMakeFiles/zephyr.dir/lib/libc/validate_libc.c.gcno:no functions found
[/mnt/host/source/src/platform/ec/build/zephyr/tarkin-lcov] stderr:
[ptlgcs:rw] [261/375] Building C object CMakeFiles/app.dir/mnt/host/source/src/platform/ec/zephyr/subsys/ucsi/ppm_common.c.obj
[pujjolo:ro] [219/411] Building C object zephyr/arch/arch/arm/core/cortex_m/CMakeFiles/arch__arm__core__cortex_m.dir/fault.c.obj
[pujjolo:ro] [220/411] Building ASM object zephyr/arch/arch/arm/core/cortex_m/CMakeFiles/arch__arm__core__cortex_m.dir/vector_table.S.obj
[ptlgcs:rw] [262/375] Building C object CMakeFiles/app.dir/mnt/host/source/src/platform/ec/zephyr/subsys/ucsi/ppm_console.c.obj
[ptlgcs:ro] [219/375] Building C object modules/ec/zephyr/CMakeFiles/ec_shim.dir/shim/src/battery.c.obj
[pujjolo:rw] [104/411] Building C object CMakeFiles/app.dir/mnt/host/source/src/platform/ec/build/zephyr/pujjolo/modules/ec/common/host_command.c.obj
[pujjolo:ro] [221/411] Building C object zephyr/arch/arch/arm/core/cortex_m/CMakeFiles/arch__arm__core__cortex_m.dir/scb.c.obj
[/mnt/host/source/src/platform/ec/build/zephyr/rull-lcov]   /mnt/host/source/src/platform/ec/build/zephyr/rull/build-ro/modules/ec/zephyr/CMakeFiles/ec_shim.dir/shim/src/thermal.c.gcno:no functions found
[/mnt/host/source/src/platform/ec/build/zephyr/rull-lcov] stderr:
[pujjolo:ro] [222/411] Building C object zephyr/arch/arch/arm/core/cortex_m/CMakeFiles/arch__arm__core__cortex_m.dir/thread_abort.c.obj
[ptlgcs:ro] [220/375] Building C object modules/ec/zephyr/CMakeFiles/ec_shim.dir/shim/src/charger.c.obj
[ptlgcs:rw] [263/375] Building C object CMakeFiles/app.dir/mnt/host/source/src/platform/ec/zephyr/subsys/ucsi/ppm_driver.c.obj
[ptlgcs:rw] [264/375] Building C object CMakeFiles/app.dir/mnt/host/source/src/platform/ec/zephyr/subsys/ucsi/ucsi_host_cmd.c.obj
[/mnt/host/source/src/platform/ec/build/zephyr/rull-lcov]   /mnt/host/source/src/platform/ec/build/zephyr/rull/build-ro/modules/ec/zephyr/CMakeFiles/ec_shim.dir/shim/src/battery.c.gcno:no functions found
[/mnt/host/source/src/platform/ec/build/zephyr/rull-lcov] stderr:
[pujjolo:ro] [223/411] Building ASM object zephyr/arch/arch/arm/core/cortex_m/CMakeFiles/arch__arm__core__cortex_m.dir/swap_helper.S.obj
[/mnt/host/source/src/platform/ec/build/zephyr/rull-lcov]   /mnt/host/source/src/platform/ec/build/zephyr/rull/build-ro/modules/ec/zephyr/CMakeFiles/ec_shim.dir/shim/src/charger.c.gcno:no functions found
[/mnt/host/source/src/platform/ec/build/zephyr/rull-lcov] stderr:
[pujjolo:rw] [105/411] Building C object CMakeFiles/app.dir/mnt/host/source/src/platform/ec/build/zephyr/pujjolo/modules/ec/common/host_command_task.c.obj
[ptlgcs:rw] [265/375] Building C object CMakeFiles/app.dir/mnt/host/source/src/platform/ec/build/zephyr/ptlgcs/modules/ec/builtin/stdlib.c.obj
[pujjolo:ro] [224/411] Building C object zephyr/arch/arch/arm/core/cortex_m/CMakeFiles/arch__arm__core__cortex_m.dir/irq_manage.c.obj
[ptlgcs:rw] [266/375] Building C object CMakeFiles/app.dir/mnt/host/source/src/platform/ec/build/zephyr/ptlgcs/modules/ec/common/base32.c.obj
[pujjolo:ro] [225/411] Building C object zephyr/arch/arch/arm/core/cortex_m/CMakeFiles/arch__arm__core__cortex_m.dir/prep_c.c.obj
[ptlgcs:ro] [221/375] Building C object modules/ec/zephyr/CMakeFiles/ec_shim.dir/shim/src/chipset_api.c.obj
[pujjolo:ro] [226/411] Building C object zephyr/arch/arch/arm/core/cortex_m/CMakeFiles/arch__arm__core__cortex_m.dir/cpu_idle.c.obj
[pujjolo:ro] [227/411] Building C object zephyr/arch/arch/arm/core/cortex_m/CMakeFiles/arch__arm__core__cortex_m.dir/thread.c.obj
[pujjolo:ro] [228/411] Building ASM object zephyr/arch/arch/arm/core/cortex_m/CMakeFiles/arch__arm__core__cortex_m.dir/__aeabi_read_tp.S.obj
[/mnt/host/source/src/platform/ec/build/zephyr/tarkin-lcov]   /mnt/host/source/src/platform/ec/build/zephyr/tarkin/build-rw/zephyr/CMakeFiles/zephyr.dir/lib/utils/last_section_id.c.gcno:no functions found
[/mnt/host/source/src/platform/ec/build/zephyr/tarkin-lcov] stderr:
[pujjolo:ro] [229/411] Building C object zephyr/arch/arch/arm/core/cortex_m/CMakeFiles/arch__arm__core__cortex_m.dir/irq_init.c.obj
[ptlgcs:ro] [222/375] Building C object modules/ec/zephyr/CMakeFiles/ec_shim.dir/shim/src/espi.c.obj
[ptlgcs:rw] [267/375] Building C object CMakeFiles/app.dir/mnt/host/source/src/platform/ec/build/zephyr/ptlgcs/modules/ec/common/console_output.c.obj
[pujjolo:rw] [106/411] Building C object CMakeFiles/app.dir/mnt/host/source/src/platform/ec/build/zephyr/pujjolo/modules/ec/common/host_event_commands.c.obj
[ptlgcs:rw] [268/375] Building C object CMakeFiles/app.dir/mnt/host/source/src/platform/ec/build/zephyr/ptlgcs/modules/ec/common/ec_features.c.obj
[/mnt/host/source/src/platform/ec/build/zephyr/rull-lcov]   /mnt/host/source/src/platform/ec/build/zephyr/rull/build-ro/modules/ec/zephyr/CMakeFiles/ec_shim.dir/shim/src/usb_muxes.c.gcno:no functions found
[/mnt/host/source/src/platform/ec/build/zephyr/rull-lcov] stderr:
[ptlgcs:rw] [269/375] Building C object CMakeFiles/app.dir/mnt/host/source/src/platform/ec/build/zephyr/ptlgcs/modules/ec/common/gpio_commands.c.obj
[pujjolo:ro] [230/411] Building C object zephyr/arch/arch/arm/core/cortex_m/CMakeFiles/arch__arm__core__cortex_m.dir/isr_wrapper.c.obj
[pujjolo:rw] [107/411] Building C object CMakeFiles/app.dir/mnt/host/source/src/platform/ec/build/zephyr/pujjolo/modules/ec/common/uart_hostcmd.c.obj
[pujjolo:ro] [231/411] Linking CXX static library zephyr/arch/arch/arm/core/cortex_m/libarch__arm__core__cortex_m.a
[ptlgcs:rw] [270/375] Building C object CMakeFiles/app.dir/mnt/host/source/src/platform/ec/build/zephyr/ptlgcs/modules/ec/common/peripheral.c.obj
[pujjolo:ro] [232/411] Building C object zephyr/arch/arch/arm/core/mpu/CMakeFiles/arch__arm__core__mpu.dir/arm_mpu_regions.c.obj
[ptlgcs:ro] [223/375] Building C object modules/ec/zephyr/CMakeFiles/ec_shim.dir/shim/src/fan.c.obj
[pujjolo:ro] [233/411] Building C object zephyr/arch/arch/arm/core/mpu/CMakeFiles/arch__arm__core__mpu.dir/arm_core_mpu.c.obj
[pujjolo:ro] [234/411] Building C object zephyr/lib/libc/picolibc/CMakeFiles/lib__libc__picolibc.dir/assert.c.obj
[pujjolo:ro] [235/411] Building C object zephyr/arch/arch/arm/core/mpu/CMakeFiles/arch__arm__core__mpu.dir/arm_mpu.c.obj
[pujjolo:ro] [236/411] Linking CXX static library zephyr/arch/arch/arm/core/mpu/libarch__arm__core__mpu.a
[ptlgcs:rw] [271/375] Building C object CMakeFiles/app.dir/mnt/host/source/src/platform/ec/build/zephyr/ptlgcs/modules/ec/common/printf.c.obj
[ptlgcs:rw] [272/375] Building C object CMakeFiles/app.dir/mnt/host/source/src/platform/ec/build/zephyr/ptlgcs/modules/ec/common/queue.c.obj
[ptlgcs:ro] [224/375] Building C object modules/ec/zephyr/CMakeFiles/ec_shim.dir/shim/src/flash.c.obj
[pujjolo:rw] [108/411] Building C object CMakeFiles/app.dir/mnt/host/source/src/platform/ec/build/zephyr/pujjolo/modules/ec/common/uptime.c.obj
[pujjolo:ro] [237/411] Building C object zephyr/lib/libc/picolibc/CMakeFiles/lib__libc__picolibc.dir/cbprintf.c.obj
[ptlgcs:rw] [273/375] Building C object CMakeFiles/app.dir/mnt/host/source/src/platform/ec/build/zephyr/ptlgcs/modules/ec/common/system.c.obj
[ptlgcs:rw] [274/375] Building C object CMakeFiles/app.dir/mnt/host/source/src/platform/ec/build/zephyr/ptlgcs/modules/ec/common/system_boot_time.c.obj
[pujjolo:ro] [238/411] Building C object zephyr/lib/libc/picolibc/CMakeFiles/lib__libc__picolibc.dir/chk_fail.c.obj
[pujjolo:rw] [109/411] Building C object CMakeFiles/app.dir/mnt/host/source/src/platform/ec/build/zephyr/pujjolo/modules/ec/common/i2c_controller.c.obj
[ptlgcs:ro] [225/375] Building C object modules/ec/zephyr/CMakeFiles/ec_shim.dir/shim/src/hooks.c.obj
[pujjolo:ro] [239/411] Building C object zephyr/lib/libc/picolibc/CMakeFiles/lib__libc__picolibc.dir/errno_wrap.c.obj
[pujjolo:ro] [240/411] Building C object zephyr/lib/libc/picolibc/CMakeFiles/lib__libc__picolibc.dir/exit.c.obj
[ptlgcs:rw] [275/375] Building C object CMakeFiles/app.dir/mnt/host/source/src/platform/ec/build/zephyr/ptlgcs/modules/ec/common/uart_printf.c.obj
[pujjolo:ro] [241/411] Building C object zephyr/lib/posix/c_lib_ext/CMakeFiles/lib__posix__c_lib_ext.dir/fnmatch.c.obj
[/mnt/host/source/src/platform/ec/build/zephyr/rull-lcov]   /mnt/host/source/src/platform/ec/build/zephyr/rull/build-ro/modules/ec/zephyr/CMakeFiles/ec_shim.dir/shim/src/usba.c.gcno:no functions found
[/mnt/host/source/src/platform/ec/build/zephyr/rull-lcov] stderr:
[ptlgcs:rw] [276/375] Building C object CMakeFiles/app.dir/mnt/host/source/src/platform/ec/build/zephyr/ptlgcs/modules/ec/common/util.c.obj
[ptlgcs:ro] [226/375] Building C object modules/ec/zephyr/CMakeFiles/ec_shim.dir/shim/src/host_command.c.obj
[pujjolo:ro] [242/411] Building C object zephyr/lib/libc/common/CMakeFiles/lib__libc__common.dir/source/time/time.c.obj
[pujjolo:ro] [243/411] Building C object zephyr/lib/libc/picolibc/CMakeFiles/lib__libc__picolibc.dir/stdio.c.obj
[pujjolo:ro] [244/411] Building C object zephyr/lib/libc/picolibc/CMakeFiles/lib__libc__picolibc.dir/locks.c.obj
[ptlgcs:rw] [277/375] Building C object CMakeFiles/app.dir/mnt/host/source/src/platform/ec/build/zephyr/ptlgcs/modules/ec/common/version.c.obj
[pujjolo:rw] [110/411] Building C object CMakeFiles/app.dir/mnt/host/source/src/platform/ec/build/zephyr/pujjolo/modules/ec/common/i2c_passthru.c.obj
[pujjolo:ro] [245/411] Linking CXX static library zephyr/lib/libc/picolibc/liblib__libc__picolibc.a
[pujjolo:ro] [246/411] Building C object zephyr/lib/libc/common/CMakeFiles/lib__libc__common.dir/source/stdlib/abort.c.obj
[pujjolo:ro] [247/411] Linking CXX static library zephyr/lib/libc/common/liblib__libc__common.a
[ptlgcs:rw] [278/375] Building C object CMakeFiles/app.dir/mnt/host/source/src/platform/ec/build/zephyr/ptlgcs/modules/ec/common/power_button_x86.c.obj
[pujjolo:ro] [248/411] Building C object zephyr/subsys/crc/CMakeFiles/subsys__crc.dir/crc4_sw.c.obj
[ptlgcs:ro] [227/375] Building C object modules/ec/zephyr/CMakeFiles/ec_shim.dir/shim/src/console_buffer.c.obj
[/mnt/host/source/src/platform/ec/build/zephyr/minimal-posix-lcov] 	(use "geninfo --ignore-errors format,format ..." to suppress this warning)
[/mnt/host/source/src/platform/ec/build/zephyr/minimal-posix-lcov] Filter suppressions 'region':
[pujjolo:ro] [249/411] Building C object zephyr/subsys/crc/CMakeFiles/subsys__crc.dir/crc16_sw.c.obj
[pujjolo:ro] [250/411] Building C object zephyr/lib/posix/c_lib_ext/CMakeFiles/lib__posix__c_lib_ext.dir/getentropy.c.obj
[/mnt/host/source/src/platform/ec/build/zephyr/minimal-posix-lcov]     37 instances
[/mnt/host/source/src/platform/ec/build/zephyr/minimal-posix-lcov]     24 coverpoints
[/mnt/host/source/src/platform/ec/build/zephyr/minimal-posix-lcov] Message summary:
[/mnt/host/source/src/platform/ec/build/zephyr/minimal-posix-lcov]   1 warning message:
[/mnt/host/source/src/platform/ec/build/zephyr/minimal-posix-lcov]     format: 1
[/mnt/host/source/src/platform/ec/build/zephyr/minimal-posix-lcov]   2 ignore messages:
[/mnt/host/source/src/platform/ec/build/zephyr/minimal-posix-lcov]     gcov: 2
[npcx9:ro] Building: /usr/bin/ninja -C /mnt/host/source/src/platform/ec/build/zephyr/npcx9/build-ro all.libraries
Running `env -i SHELL=/bin/bash COLORTERM=truecolor DEPOT_TOOLS_UPDATE=0 LESS='-R -M --shift 5' SUDO_GID=0 JDK_HOME=/etc/java-config-2/current-system-vm CONFIG_PROTECT_MASK='/etc/gentoo-release /etc/sandbox.d /etc/fonts/fonts.conf /etc/terminfo /etc/ca-certificates.conf /etc/revdep-rebuild' CHROMEOS_CACHEDIR=/var/cache/chromeos-cache JAVA_HOME=/etc/java-config-2/current-system-vm SSH_AUTH_SOCK=/tmp/ssh-auth-sock SUDO_COMMAND=/bin/bash SUDO_USER=root SUDO_TTY=/dev/pts/2 EDITOR=/usr/bin/vi PWD=/mnt/host/source/src/platform/ec CONFIG_PROTECT=/usr/share/gnupg/qualified.txt LOGNAME=jpmurphy MANPATH=/etc/java-config-2/current-system-vm/man:/usr/local/share/man:/usr/share/man:/usr/share/gcc-data/x86_64-pc-linux-gnu/10.2.0/man:/usr/share/binutils-data/x86_64-pc-linux-gnu/2.45/man:/etc/java-config-2/current-system-vm/man/ SUDO_HOME=/root XAUTHORITY=/run/user/944457/gdm/Xauthority HOME=/home/jpmurphy LANG=C.UTF-8 LS_COLORS='rs=0:di=01;34:ln=01;36:mh=00:pi=40;33:so=01;35:do=01;35:bd=40;33;01:cd=40;33;01:or=01;05;37;41:mi=01;05;37;41:su=37;41:sg=30;43:ca=30;41:tw=30;42:ow=34;42:st=37;44:ex=01;32:*.tar=01;31:*.tgz=01;31:*.arc=01;31:*.arj=01;31:*.taz=01;31:*.lha=01;31:*.lz4=01;31:*.lzh=01;31:*.lzma=01;31:*.tlz=01;31:*.txz=01;31:*.tzo=01;31:*.t7z=01;31:*.zip=01;31:*.z=01;31:*.dz=01;31:*.gz=01;31:*.lrz=01;31:*.lz=01;31:*.lzo=01;31:*.xz=01;31:*.zst=01;31:*.tzst=01;31:*.bz2=01;31:*.bz=01;31:*.tbz=01;31:*.tbz2=01;31:*.tz=01;31:*.deb=01;31:*.rpm=01;31:*.jar=01;31:*.war=01;31:*.ear=01;31:*.sar=01;31:*.rar=01;31:*.alz=01;31:*.ace=01;31:*.zoo=01;31:*.cpio=01;31:*.7z=01;31:*.rz=01;31:*.cab=01;31:*.wim=01;31:*.swm=01;31:*.dwm=01;31:*.esd=01;31:*.jpg=01;35:*.jpeg=01;35:*.mjpg=01;35:*.mjpeg=01;35:*.gif=01;35:*.bmp=01;35:*.pbm=01;35:*.pgm=01;35:*.ppm=01;35:*.tga=01;35:*.xbm=01;35:*.xpm=01;35:*.tif=01;35:*.tiff=01;35:*.png=01;35:*.svg=01;35:*.svgz=01;35:*.mng=01;35:*.pcx=01;35:*.mov=01;35:*.mpg=01;35:*.mpeg=01;35:*.m2v=01;35:*.mkv=01;35:*.webm=01;35:*.webp=01;35:*.ogm=01;35:*.mp4=01;35:*.m4v=01;35:*.mp4v=01;35:*.vob=01;35:*.qt=01;35:*.nuv=01;35:*.wmv=01;35:*.asf=01;35:*.rm=01;35:*.rmvb=01;35:*.flc=01;35:*.avi=01;35:*.fli=01;35:*.flv=01;35:*.gl=01;35:*.dl=01;35:*.xcf=01;35:*.xwd=01;35:*.yuv=01;35:*.cgm=01;35:*.emf=01;35:*.ogv=01;35:*.ogx=01;35:*.cfg=00;32:*.conf=00;32:*.diff=00;32:*.doc=00;32:*.ini=00;32:*.log=00;32:*.patch=00;32:*.pdf=00;32:*.ps=00;32:*.tex=00;32:*.txt=00;32:*.aac=00;36:*.au=00;36:*.flac=00;36:*.m4a=00;36:*.mid=00;36:*.midi=00;36:*.mka=00;36:*.mp3=00;36:*.mpc=00;36:*.ogg=00;36:*.ra=00;36:*.wav=00;36:*.oga=00;36:*.opus=00;36:*.spx=00;36:*.xspf=00;36:' XDG_CURRENT_DESKTOP=GNOME INFOPATH=/usr/share/info:/usr/share/gcc-data/x86_64-pc-linux-gnu/10.2.0/info:/usr/share/binutils-data/x86_64-pc-linux-gnu/2.45/info:/usr/share/automake-1.16.5/info JAVAC=/etc/java-config-2/current-system-vm/bin/javac TERM=xterm-256color LESSOPEN='|lesspipe %s' USER=jpmurphy CROS_WORKON_SRCROOT=/mnt/host/source MANPAGER=manpager DISPLAY=:1 SHLVL=1 LC_MESSAGES=C EXTERNAL_TRUNK_PATH=/mnt/8f9d649a-3721-44cc-93c0-e6bd21a9689f/chromiumos GCC_SPECS='' PATH=/mnt/host/source/chromite/bin:/usr/local/bin:/usr/bin:/bin:/opt/bin:/mnt/host/source/chromite/sdk/bin:/mnt/host/source/chromite/bin PORTAGE_USERNAME=jpmurphy SUDO_UID=0 GCC_VER=10.2.0 MAIL=/var/mail/jpmurphy OLDPWD=/mnt/host/source/src/scripts traceparent=00-e87aca51550a78635907baa6a2476181-6d684811675d2973-01 _=./zephyr/firmware_builder.py COREBOOT_SDK_ROOT_x86=/home/jpmurphy/.cache/coreboot-sdk/i386-elf/dfbb0486385d938cfa9d73080b9d18d598ed4f49 COREBOOT_SDK_ROOT_picolibc_x86=/home/jpmurphy/.cache/coreboot-sdk/picolibc-i386-elf/eb8e8e687b95461de8cbf278f1c2076952d0ad17 COREBOOT_SDK_ROOT_riscv64=/home/jpmurphy/.cache/coreboot-sdk/riscv64-elf/96b949749225b6aaa92ed810ab769e8dfb12f000 COREBOOT_SDK_ROOT_picolibc_arm=/home/jpmurphy/.cache/coreboot-sdk/picolibc-arm-eabi/422a2aa3e1ef891b5bece9a3deb696ff83840d2e COREBOOT_SDK_ROOT_nds32=/home/jpmurphy/.cache/coreboot-sdk/nds32le-elf/d1a518c4a097666d86058e1444f85ca015d15511 COREBOOT_SDK_ROOT_picolibc_riscv64=/home/jpmurphy/.cache/coreboot-sdk/picolibc-riscv64-elf/f571e990ef0278564b31124f8bb109d9a697eb69 COREBOOT_SDK_ROOT_arm=/home/jpmurphy/.cache/coreboot-sdk/arm-eabi/ea40ddd1d190c3b48435c474c0b545719371813a COREBOOT_SDK_ROOT_libstdcxx_riscv64=/home/jpmurphy/.cache/coreboot-sdk/libstdcxx-riscv64-elf/17abf22a3a252e2d5d2062ced5324f7a623689e0 COREBOOT_SDK_ROOT_libstdcxx_arm=/home/jpmurphy/.cache/coreboot-sdk/libstdcxx-arm-eabi/5d7d82e150e44aa1968f1d366e267e6687b328ac COREBOOT_SDK_ROOT_riscv=/home/jpmurphy/.cache/coreboot-sdk/riscv-elf/9a27b9e82341c6e9126624f516ab3f261abb3e73 COREBOOT_SDK_ROOT_libstdcxx_x86=/home/jpmurphy/.cache/coreboot-sdk/libstdcxx-i386-elf/42ef9d2e87a76a37963175d7d428734e65648b87 PYTHONPATH=/mnt/host/source/src/platform/ec/zephyr/zmake PW_PIGWEED_CIPD_INSTALL_DIR=/usr CROSTC_USER_ACKNOWLEDGES_THAT_RISCV_IS_EXPERIMENTAL=1 MAKEFLAGS=' -j16 --jobserver-auth=5,6' /usr/bin/ninja -C /mnt/host/source/src/platform/ec/build/zephyr/npcx9/build-ro all.libraries`
[npcx9:ro] ninja: Entering directory `/mnt/host/source/src/platform/ec/build/zephyr/npcx9/build-ro'
[ptlgcs:rw] [279/375] Building C object CMakeFiles/app.dir/mnt/host/source/src/platform/ec/build/zephyr/ptlgcs/modules/ec/common/adc.c.obj
[pujjolo:ro] [251/411] Building C object zephyr/subsys/crc/CMakeFiles/subsys__crc.dir/crc8_sw.c.obj
[ptlgcs:ro] [228/375] Building C object modules/ec/zephyr/CMakeFiles/ec_shim.dir/shim/src/mkbp_event.c.obj
[pujjolo:ro] [252/411] Building C object zephyr/lib/posix/c_lib_ext/CMakeFiles/lib__posix__c_lib_ext.dir/getopt_shim.c.obj
[pujjolo:ro] [253/411] Building C object zephyr/subsys/crc/CMakeFiles/subsys__crc.dir/crc7_sw.c.obj
[pujjolo:ro] [254/411] Building C object zephyr/subsys/crc/CMakeFiles/subsys__crc.dir/crc24_sw.c.obj
[ptlgcs:rw] [280/375] Building C object CMakeFiles/app.dir/mnt/host/source/src/platform/ec/build/zephyr/ptlgcs/modules/ec/common/acpi.c.obj
[pujjolo:ro] [255/411] Linking CXX static library zephyr/lib/posix/c_lib_ext/liblib__posix__c_lib_ext.a
[pujjolo:ro] [256/411] Building C object zephyr/subsys/crc/CMakeFiles/subsys__crc.dir/crc32c_sw.c.obj
[pujjolo:ro] [257/411] Building C object zephyr/lib/smf/CMakeFiles/lib__smf.dir/smf.c.obj
[pujjolo:ro] [258/411] Building C object zephyr/subsys/crc/CMakeFiles/subsys__crc.dir/crc32_sw.c.obj
[pujjolo:ro] [259/411] Building C object zephyr/subsys/crc/CMakeFiles/subsys__crc.dir/crc32k_4_2_sw.c.obj
[ptlgcs:rw] [281/375] Building C object CMakeFiles/app.dir/mnt/host/source/src/platform/ec/build/zephyr/ptlgcs/modules/ec/common/battery.c.obj
[pujjolo:ro] [260/411] Linking CXX static library zephyr/lib/smf/liblib__smf.a
[pujjolo:ro] [261/411] Linking CXX static library zephyr/subsys/crc/libsubsys__crc.a
[pujjolo:rw] [111/411] Building C object CMakeFiles/app.dir/mnt/host/source/src/platform/ec/build/zephyr/pujjolo/modules/ec/common/keyboard_8042_sharedlib.c.obj
[pujjolo:ro] [262/411] Building C object zephyr/subsys/input/CMakeFiles/subsys__input.dir/input_hid.c.obj
[npcx9:ro] [1/321] Generating include/generated/zephyr/version.h
[npcx9:ro] -- git describe warned: warning: tag 'upstream/v2.7.99' is externally known as 'v2.7.99'
[npcx9:ro] -- Zephyr version: 4.3.99 (/mnt/host/source/src/third_party/zephyr/main)
[npcx9:ro] [2/321] Preparing syscall dependency handling
[ptlgcs:ro] [229/375] Building C object modules/ec/zephyr/CMakeFiles/ec_shim.dir/shim/src/panic.c.obj
[ptlgcs:rw] [282/375] Building C object CMakeFiles/app.dir/mnt/host/source/src/platform/ec/build/zephyr/ptlgcs/modules/ec/common/battery_info.c.obj
[npcx9:ro] [3/321] Generating misc/generated/syscalls_subdirs.trigger
[ptlgcs:rw] [283/375] Building C object CMakeFiles/app.dir/mnt/host/source/src/platform/ec/build/zephyr/ptlgcs/modules/ec/common/battery_fuel_gauge.c.obj
[ptlgcs:ro] [230/375] Building C object modules/ec/zephyr/CMakeFiles/ec_shim.dir/shim/src/temp_sensors.c.obj
[pujjolo:ro] [263/411] Building C object zephyr/subsys/input/CMakeFiles/subsys__input.dir/input.c.obj
[ptlgcs:rw] [284/375] Building C object CMakeFiles/app.dir/mnt/host/source/src/platform/ec/build/zephyr/ptlgcs/modules/ec/driver/battery/smart.c.obj
[pujjolo:rw] [112/411] Building C object CMakeFiles/app.dir/mnt/host/source/src/platform/ec/build/zephyr/pujjolo/modules/ec/common/keyboard_8042.c.obj
[pujjolo:ro] [264/411] Building C object zephyr/drivers/adc/CMakeFiles/drivers__adc.dir/adc_common.c.obj
[ptlgcs:rw] [285/375] Building C object CMakeFiles/app.dir/mnt/host/source/src/platform/ec/build/zephyr/ptlgcs/modules/ec/driver/charger/isl9241.c.obj
[pujjolo:ro] [265/411] Building C object zephyr/drivers/interrupt_controller/CMakeFiles/drivers__interrupt_controller.dir/intc_miwu.c.obj
[ptlgcs:ro] [231/375] Building C object modules/ec/zephyr/CMakeFiles/ec_shim.dir/shim/src/thermal.c.obj
[pujjolo:ro] [266/411] Linking CXX static library zephyr/drivers/interrupt_controller/libdrivers__interrupt_controller.a
[pujjolo:ro] [267/411] Building C object zephyr/subsys/input/CMakeFiles/subsys__input.dir/input_utils.c.obj
[npcx9:ro] [4/321] Generating misc/generated/syscalls.json, misc/generated/struct_tags.json
[/mnt/host/source/src/platform/ec/build/zephyr/rull-lcov]   /mnt/host/source/src/platform/ec/build/zephyr/rull/build-ro/modules/ec/zephyr/CMakeFiles/ec_shim.dir/drivers/keyboard_input/keyboard_customization_check.c.gcno:no functions found
[/mnt/host/source/src/platform/ec/build/zephyr/rull-lcov] stderr:
[pujjolo:ro] [268/411] Linking CXX static library zephyr/subsys/input/libsubsys__input.a
[pujjolo:rw] [113/411] Building C object CMakeFiles/app.dir/mnt/host/source/src/platform/ec/build/zephyr/pujjolo/modules/ec/common/mkbp_fifo.c.obj
[ptlgcs:ro] [232/375] Building C object modules/ec/zephyr/CMakeFiles/ec_shim.dir/shim/src/hwtimer.c.obj
[ptlgcs:rw] [286/375] Building C object CMakeFiles/app.dir/mnt/host/source/src/platform/ec/build/zephyr/ptlgcs/modules/ec/common/charger.c.obj
[npcx9:ro] [5/321] Generating include/generated/zephyr/syscall_dispatch.c, include/generated/zephyr/syscall_exports_llext.c, syscall_weakdefs_llext.c, include/generated/zephyr/syscall_list.h
[pujjolo:ro] [269/411] Building C object zephyr/drivers/bbram/CMakeFiles/drivers__bbram.dir/bbram_npcx.c.obj
[npcx9:ro] [6/321] Generating include/generated/zephyr/driver-validation.h
[pujjolo:ro] [270/411] Building C object zephyr/drivers/adc/CMakeFiles/drivers__adc.dir/adc_npcx.c.obj
[pujjolo:ro] [271/411] Linking CXX static library zephyr/drivers/bbram/libdrivers__bbram.a
[ptlgcs:rw] [287/375] Building C object CMakeFiles/app.dir/mnt/host/source/src/platform/ec/build/zephyr/ptlgcs/modules/ec/common/cbi_common.c.obj
[ptlgcs:rw] [288/375] Building C object CMakeFiles/app.dir/mnt/host/source/src/platform/ec/build/zephyr/ptlgcs/modules/ec/common/charge_state.c.obj
[pujjolo:ro] [272/411] Linking CXX static library zephyr/drivers/adc/libdrivers__adc.a
[pujjolo:ro] [273/411] Building C object zephyr/drivers/clock_control/CMakeFiles/drivers__clock_control.dir/clock_control_npcx.c.obj
[pujjolo:rw] [114/411] Building C object CMakeFiles/app.dir/mnt/host/source/src/platform/ec/build/zephyr/pujjolo/modules/ec/common/mkbp_info.c.obj
[npcx9:ro] [7/321] Generating include/generated/zephyr/kobj-types-enum.h, include/generated/zephyr/otype-to-str.h, include/generated/zephyr/otype-to-size.h
[ptlgcs:rw] [289/375] Building C object CMakeFiles/app.dir/mnt/host/source/src/platform/ec/build/zephyr/ptlgcs/modules/ec/common/charge_manager.c.obj
[pujjolo:ro] [274/411] Linking CXX static library zephyr/drivers/clock_control/libdrivers__clock_control.a
[npcx9:ro] [8/321] Generating include/generated/device-api-sections.ld, include/generated/device-api-sections.cmake
[ptlgcs:ro] [233/375] Building C object modules/ec/zephyr/CMakeFiles/ec_shim.dir/shim/src/i2c.c.obj
[pujjolo:ro] [275/411] Building C object zephyr/drivers/console/CMakeFiles/drivers__console.dir/uart_console.c.obj
[pujjolo:ro] [276/411] Linking CXX static library zephyr/drivers/console/libdrivers__console.a
[pujjolo:ro] [277/411] Building C object zephyr/drivers/crypto/CMakeFiles/drivers__crypto.dir/crypto_npcx_sha.c.obj
[ptlgcs:ro] [234/375] Building C object modules/ec/zephyr/CMakeFiles/ec_shim.dir/shim/src/tasks.c.obj
[ptlgcs:rw] [290/375] Building C object CMakeFiles/app.dir/mnt/host/source/src/platform/ec/build/zephyr/ptlgcs/modules/ec/common/cbi.c.obj
[pujjolo:ro] [278/411] Linking CXX static library zephyr/drivers/crypto/libdrivers__crypto.a
[pujjolo:rw] [115/411] Building C object CMakeFiles/app.dir/mnt/host/source/src/platform/ec/build/zephyr/pujjolo/modules/ec/common/mkbp_input_devices.c.obj
[ptlgcs:rw] [291/375] Building C object CMakeFiles/app.dir/mnt/host/source/src/platform/ec/build/zephyr/ptlgcs/modules/ec/common/cbi_config.c.obj
[ptlgcs:rw] [292/375] Building C object CMakeFiles/app.dir/mnt/host/source/src/platform/ec/build/zephyr/ptlgcs/modules/ec/common/memory_commands.c.obj
[npcx9:ro] [9/321] Building C object zephyr/CMakeFiles/offsets.dir/arch/arm/core/offsets/offsets.c.obj
[pujjolo:ro] [279/411] Building C object zephyr/drivers/flash/CMakeFiles/drivers__flash.dir/jesd216.c.obj
[ptlgcs:rw] [293/375] Building C object CMakeFiles/app.dir/mnt/host/source/src/platform/ec/build/zephyr/ptlgcs/modules/ec/common/dptf.c.obj
[pujjolo:ro] [280/411] Building C object zephyr/drivers/espi/CMakeFiles/drivers__espi.dir/host_subs_npcx.c.obj
[npcx9:ro] [10/321] Generating include/generated/zephyr/offsets.h
[pujjolo:rw] [116/411] Building C object CMakeFiles/app.dir/mnt/host/source/src/platform/ec/build/zephyr/pujjolo/modules/ec/common/led_common.c.obj
[ptlgcs:ro] [235/375] Building C object modules/ec/zephyr/CMakeFiles/ec_shim.dir/shim/src/watchdog.c.obj
[pujjolo:ro] [281/411] Building C object zephyr/drivers/flash/CMakeFiles/drivers__flash.dir/flash_npcx_fiu_nor.c.obj
[ptlgcs:ro] [236/375] cd /mnt/host/source/src/platform/ec/build/zephyr/ptlgcs/build-ro/modules/ec/zephyr && PYTHONPATH=/mnt/host/source/src/platform/ec/build/zephyr/ptlgcs/modules/ec/zephyr/zmake/ /usr/bin/python3.11 /mnt/host/source/src/platform/ec/build/zephyr/ptlgcs/modules/ec/zephyr/zmake/zephyr_build_tools/generate_ec_version.py /mnt/host/source/src/platform/ec/build/zephyr/ptlgcs/build-ro/modules/ec/zephyr/include/ec_version.h --name Zephyr-Kernel --version 16543.0.0 --static
[ptlgcs:rw] [294/375] Building C object CMakeFiles/app.dir/mnt/host/source/src/platform/ec/build/zephyr/ptlgcs/modules/ec/common/ap_reset_log.c.obj
[ptlgcs:ro] INFO:root:Using a static version string
[ptlgcs:ro] INFO:root:Version string: Zephyr-Kernel-16543.0.0
[ptlgcs:ro] INFO:root:Writing header to /mnt/host/source/src/platform/ec/build/zephyr/ptlgcs/build-ro/modules/ec/zephyr/include/ec_version.h
[ptlgcs:ro] [237/375] Building C object modules/ec/zephyr/CMakeFiles/ec_shim.dir/shim/src/power_host_sleep_api.c.obj
[pujjolo:ro] [282/411] Building C object zephyr/drivers/espi/CMakeFiles/drivers__espi.dir/espi_npcx.c.obj
[pujjolo:ro] [283/411] Linking CXX static library zephyr/drivers/espi/libdrivers__espi.a
[ptlgcs:rw] [295/375] Building C object CMakeFiles/app.dir/mnt/host/source/src/platform/ec/build/zephyr/ptlgcs/modules/ec/common/espi.c.obj
[pujjolo:ro] [284/411] Building C object zephyr/drivers/flash/CMakeFiles/drivers__flash.dir/flash_npcx_fiu_qspi.c.obj
[npcx9:ro] [11/321] Building C object zephyr/CMakeFiles/zephyr.dir/lib/libc/validate_libc.c.obj
[ptlgcs:rw] [296/375] Building C object CMakeFiles/app.dir/mnt/host/source/src/platform/ec/build/zephyr/ptlgcs/modules/ec/common/extpower_common.c.obj
[pujjolo:ro] [285/411] Linking CXX static library zephyr/drivers/flash/libdrivers__flash.a
[pujjolo:rw] [117/411] Building C object CMakeFiles/app.dir/mnt/host/source/src/platform/ec/build/zephyr/pujjolo/modules/ec/common/lid_switch.c.obj
[pujjolo:ro] [286/411] Building C object zephyr/drivers/i2c/CMakeFiles/drivers__i2c.dir/i2c_common.c.obj
[ptlgcs:rw] [297/375] Building C object CMakeFiles/app.dir/mnt/host/source/src/platform/ec/build/zephyr/ptlgcs/modules/ec/common/extpower_gpio.c.obj
[ptlgcs:ro] [238/375] Building C object CMakeFiles/app.dir/mnt/host/source/src/platform/ec/zephyr/subsys/ap_pwrseq/ap_events.c.obj
[pujjolo:ro] [287/411] Building C object zephyr/drivers/gpio/CMakeFiles/drivers__gpio.dir/gpio_npcx.c.obj
[pujjolo:rw] [118/411] Building C object CMakeFiles/app.dir/mnt/host/source/src/platform/ec/build/zephyr/pujjolo/modules/ec/common/mkbp_event.c.obj
[pujjolo:ro] [288/411] Linking CXX static library zephyr/drivers/gpio/libdrivers__gpio.a
[ptlgcs:rw] [298/375] Building C object CMakeFiles/app.dir/mnt/host/source/src/platform/ec/build/zephyr/ptlgcs/modules/ec/common/fan.c.obj
[ptlgcs:ro] [239/375] Building C object CMakeFiles/app.dir/mnt/host/source/src/platform/ec/zephyr/subsys/ap_pwrseq/ap_power_interface.c.obj
[npcx9:ro] [12/321] Building C object zephyr/CMakeFiles/zephyr.dir/lib/heap/heap.c.obj
[ptlgcs:rw] [299/375] Building C object CMakeFiles/app.dir/mnt/host/source/src/platform/ec/build/zephyr/ptlgcs/modules/ec/common/flash.c.obj
[pujjolo:ro] [289/411] Building C object zephyr/drivers/i2c/CMakeFiles/drivers__i2c.dir/i2c_shell.c.obj
[ptlgcs:rw] [300/375] Building C object CMakeFiles/app.dir/mnt/host/source/src/platform/ec/build/zephyr/ptlgcs/modules/ec/common/host_command.c.obj
[pujjolo:ro] [290/411] Building C object zephyr/drivers/i2c/CMakeFiles/drivers__i2c.dir/i2c_npcx_controller_fifo.c.obj
[ptlgcs:ro] [240/375] Building C object CMakeFiles/app.dir/mnt/host/source/src/platform/ec/zephyr/subsys/ap_pwrseq/power_signals.c.obj
[ptlgcs:rw] [301/375] Building C object CMakeFiles/app.dir/mnt/host/source/src/platform/ec/build/zephyr/ptlgcs/modules/ec/common/host_command_task.c.obj
[pujjolo:ro] [291/411] Building C object zephyr/drivers/i2c/CMakeFiles/drivers__i2c.dir/i2c_npcx_controller.c.obj
[npcx9:ro] [13/321] Building C object zephyr/CMakeFiles/zephyr.dir/lib/os/cbprintf_packaged.c.obj
[pujjolo:ro] [292/411] Building C object zephyr/drivers/i2c/CMakeFiles/drivers__i2c.dir/i2c_npcx_port.c.obj
[pujjolo:rw] [119/411] Building C object CMakeFiles/app.dir/mnt/host/source/src/platform/ec/build/zephyr/pujjolo/modules/ec/common/port80.c.obj
[pujjolo:ro] [293/411] Building C object zephyr/drivers/input/CMakeFiles/drivers__input.dir/input_kbd_matrix.c.obj
[pujjolo:ro] [294/411] Linking CXX static library zephyr/drivers/i2c/libdrivers__i2c.a
[ptlgcs:rw] [302/375] Building C object CMakeFiles/app.dir/mnt/host/source/src/platform/ec/build/zephyr/ptlgcs/modules/ec/common/host_event_commands.c.obj
[ptlgcs:ro] [241/375] Building C object CMakeFiles/app.dir/mnt/host/source/src/platform/ec/zephyr/subsys/ap_pwrseq/signal_gpio.c.obj
[pujjolo:ro] [295/411] Building C object zephyr/drivers/pinctrl/CMakeFiles/drivers__pinctrl.dir/common.c.obj
[pujjolo:rw] [120/411] Building C object CMakeFiles/app.dir/mnt/host/source/src/platform/ec/build/zephyr/pujjolo/modules/ec/common/power_button.c.obj
[ptlgcs:rw] [303/375] Building C object CMakeFiles/app.dir/mnt/host/source/src/platform/ec/build/zephyr/ptlgcs/modules/ec/common/uart_hostcmd.c.obj
[pujjolo:ro] [296/411] Linking CXX static library zephyr/drivers/sensor/libdrivers__sensor.a
[ptlgcs:rw] [304/375] Building C object CMakeFiles/app.dir/mnt/host/source/src/platform/ec/build/zephyr/ptlgcs/modules/ec/common/uptime.c.obj
[pujjolo:ro] [297/411] Building C object zephyr/drivers/input/CMakeFiles/drivers__input.dir/input_npcx_kbd.c.obj
[ptlgcs:ro] [242/375] Building C object CMakeFiles/app.dir/mnt/host/source/src/platform/ec/zephyr/subsys/ap_pwrseq/signal_vw.c.obj
[pujjolo:ro] [298/411] Linking CXX static library zephyr/drivers/input/libdrivers__input.a
[pujjolo:ro] [299/411] Building C object zephyr/drivers/pinctrl/CMakeFiles/drivers__pinctrl.dir/pinctrl_npcx.c.obj
[npcx9:ro] [14/321] Building C object zephyr/CMakeFiles/zephyr.dir/lib/os/clock.c.obj
[/mnt/host/source/src/platform/ec/build/zephyr/rull-lcov]   /mnt/host/source/src/platform/ec/build/zephyr/rull/build-ro/CMakeFiles/app.dir/mnt/host/source/src/platform/ec/build/zephyr/rull/modules/ec/common/usb_pd_pdo.c.gcno:no functions found
[/mnt/host/source/src/platform/ec/build/zephyr/rull-lcov] stderr:
[ptlgcs:rw] [305/375] Building C object CMakeFiles/app.dir/mnt/host/source/src/platform/ec/build/zephyr/ptlgcs/modules/ec/common/i2c_controller.c.obj
[pujjolo:ro] [300/411] Linking CXX static library zephyr/drivers/pinctrl/libdrivers__pinctrl.a
[ptlgcs:rw] [306/375] Building C object CMakeFiles/app.dir/mnt/host/source/src/platform/ec/build/zephyr/ptlgcs/modules/ec/common/i2c_passthru.c.obj
[ptlgcs:ro] [243/375] Building C object CMakeFiles/app.dir/mnt/host/source/src/platform/ec/zephyr/subsys/ap_pwrseq/ap_pwrseq.c.obj
[pujjolo:ro] [301/411] Building C object zephyr/drivers/pwm/CMakeFiles/drivers__pwm.dir/pwm_shell.c.obj
[pujjolo:ro] [302/411] Building C object zephyr/drivers/pwm/CMakeFiles/drivers__pwm.dir/pwm_npcx.c.obj
[pujjolo:rw] [121/411] Building C object CMakeFiles/app.dir/mnt/host/source/src/platform/ec/build/zephyr/pujjolo/modules/ec/power/hibernate.c.obj
[ptlgcs:rw] [307/375] Building C object CMakeFiles/app.dir/mnt/host/source/src/platform/ec/build/zephyr/ptlgcs/modules/ec/common/keyboard_8042_sharedlib.c.obj
[ptlgcs:rw] [308/375] Building C object CMakeFiles/app.dir/mnt/host/source/src/platform/ec/build/zephyr/ptlgcs/modules/ec/common/keyboard_8042.c.obj
[pujjolo:ro] [303/411] Linking CXX static library zephyr/drivers/pwm/libdrivers__pwm.a
[ptlgcs:ro] [244/375] Building C object CMakeFiles/app.dir/mnt/host/source/src/platform/ec/zephyr/subsys/ap_pwrseq/ap_pwrseq_sm.c.obj
[npcx9:ro] [15/321] Building C object zephyr/CMakeFiles/zephyr.dir/lib/os/printk.c.obj
[pujjolo:ro] [304/411] Building C object zephyr/drivers/sensor/nuvoton/nuvoton_adc_cmp_npcx/CMakeFiles/drivers__sensor__nuvoton__nuvoton_adc_cmp_npcx.dir/adc_cmp_npcx.c.obj
[pujjolo:rw] [122/411] Building C object CMakeFiles/app.dir/mnt/host/source/src/platform/ec/build/zephyr/pujjolo/modules/ec/common/panic_output.c.obj
[pujjolo:ro] [305/411] Linking CXX static library zephyr/drivers/sensor/nuvoton/nuvoton_adc_cmp_npcx/libdrivers__sensor__nuvoton__nuvoton_adc_cmp_npcx.a
[ptlgcs:rw] [309/375] Building C object CMakeFiles/app.dir/mnt/host/source/src/platform/ec/build/zephyr/ptlgcs/modules/ec/common/mkbp_fifo.c.obj
[pujjolo:ro] [306/411] Building C object zephyr/drivers/syscon/CMakeFiles/drivers__syscon.dir/syscon.c.obj
[pujjolo:ro] [307/411] Building C object zephyr/drivers/sensor/nuvoton/nuvoton_tach_npcx/CMakeFiles/drivers__sensor__nuvoton__nuvoton_tach_npcx.dir/tach_nuvoton_npcx.c.obj
[pujjolo:ro] [308/411] Linking CXX static library zephyr/drivers/sensor/nuvoton/nuvoton_tach_npcx/libdrivers__sensor__nuvoton__nuvoton_tach_npcx.a
[ptlgcs:rw] [310/375] Building C object CMakeFiles/app.dir/mnt/host/source/src/platform/ec/build/zephyr/ptlgcs/modules/ec/common/mkbp_info.c.obj
[pujjolo:ro] [309/411] Linking CXX static library zephyr/drivers/syscon/libdrivers__syscon.a
[pujjolo:ro] [310/411] Building C object zephyr/drivers/serial/CMakeFiles/drivers__serial.dir/uart_npcx.c.obj
[ptlgcs:ro] [245/375] Building C object CMakeFiles/app.dir/mnt/host/source/src/platform/ec/zephyr/subsys/ap_pwrseq/power_host_sleep.c.obj
[pujjolo:ro] [311/411] Linking CXX static library zephyr/drivers/serial/libdrivers__serial.a
[pujjolo:ro] [312/411] Building C object zephyr/drivers/timer/CMakeFiles/drivers__timer.dir/sys_clock_init.c.obj
[ptlgcs:rw] [311/375] Building C object CMakeFiles/app.dir/mnt/host/source/src/platform/ec/build/zephyr/ptlgcs/modules/ec/common/led_common.c.obj
[npcx9:ro] [16/321] Building C object zephyr/CMakeFiles/zephyr.dir/lib/os/sem.c.obj
[ptlgcs:rw] [312/375] Building C object CMakeFiles/app.dir/mnt/host/source/src/platform/ec/build/zephyr/ptlgcs/modules/ec/common/mkbp_input_devices.c.obj
[pujjolo:rw] [123/411] Building C object CMakeFiles/app.dir/mnt/host/source/src/platform/ec/build/zephyr/pujjolo/modules/ec/common/shared_mem.c.obj
[ptlgcs:ro] [246/375] Building C object CMakeFiles/app.dir/mnt/host/source/src/platform/ec/zephyr/subsys/ap_pwrseq/x86_non_dsx_common_pwrseq_sm_handler.c.obj
[ptlgcs:rw] [313/375] Building C object CMakeFiles/app.dir/mnt/host/source/src/platform/ec/build/zephyr/ptlgcs/modules/ec/common/lid_switch.c.obj
[/mnt/host/source/src/platform/ec/build/zephyr/tarkin-lcov]   /mnt/host/source/src/platform/ec/build/zephyr/tarkin/build-rw/zephyr/CMakeFiles/zephyr.dir/soc/ite/ec/it8xxx2/check_regs.c.gcno:no functions found
[/mnt/host/source/src/platform/ec/build/zephyr/tarkin-lcov] stderr:
[pujjolo:ro] [313/411] Building C object zephyr/drivers/timer/CMakeFiles/drivers__timer.dir/npcx_itim_timer.c.obj
[pujjolo:rw] [124/411] Building C object CMakeFiles/app.dir/mnt/host/source/src/platform/ec/build/zephyr/pujjolo/modules/ec/common/switch.c.obj
[npcx9:ro] [17/321] Building C object zephyr/CMakeFiles/zephyr.dir/lib/os/thread_entry.c.obj
[pujjolo:ro] [314/411] Linking CXX static library zephyr/drivers/timer/libdrivers__timer.a
[ptlgcs:rw] [314/375] Building C object CMakeFiles/app.dir/mnt/host/source/src/platform/ec/build/zephyr/ptlgcs/modules/ec/common/mkbp_event.c.obj
[ptlgcs:ro] [247/375] Building C object CMakeFiles/app.dir/mnt/host/source/src/platform/ec/zephyr/subsys/ap_pwrseq/x86_non_dsx_chipset_power_state.c.obj
[pujjolo:ro] [315/411] Building C object zephyr/drivers/watchdog/CMakeFiles/drivers__watchdog.dir/wdt_shell.c.obj
[pujjolo:ro] [316/411] Building C object modules/ec/zephyr/CMakeFiles/ec_shim.dir/app/ec/main_shim.c.obj
[pujjolo:ro] [317/411] Building C object zephyr/drivers/watchdog/CMakeFiles/drivers__watchdog.dir/wdt_npcx.c.obj
[ptlgcs:rw] [315/375] Building C object CMakeFiles/app.dir/mnt/host/source/src/platform/ec/build/zephyr/ptlgcs/modules/ec/common/port80.c.obj
[pujjolo:ro] [318/411] Linking CXX static library zephyr/drivers/watchdog/libdrivers__watchdog.a
[ptlgcs:rw] [316/375] Building C object CMakeFiles/app.dir/mnt/host/source/src/platform/ec/build/zephyr/ptlgcs/modules/ec/common/power_button.c.obj
[pujjolo:rw] [125/411] Building C object CMakeFiles/app.dir/mnt/host/source/src/platform/ec/build/zephyr/pujjolo/modules/ec/common/spi_flash_reg.c.obj
[pujjolo:ro] [319/411] Building C object modules/ec/zephyr/CMakeFiles/ec_shim.dir/app/ec/ec_app_main.c.obj
[ptlgcs:ro] [248/375] Building C object CMakeFiles/app.dir/mnt/host/source/src/platform/ec/zephyr/subsys/ap_pwrseq/x86_non_dsx_common_pwrseq_host_sleep.c.obj
[pujjolo:ro] [320/411] Building C object modules/ec/zephyr/CMakeFiles/ec_shim.dir/drivers/keyboard_input/keyboard_customization_check.c.obj
[npcx9:ro] [18/321] Building C object zephyr/CMakeFiles/zephyr.dir/lib/os/cbprintf_nano.c.obj
[ptlgcs:rw] [317/375] Building C object CMakeFiles/app.dir/mnt/host/source/src/platform/ec/build/zephyr/ptlgcs/modules/ec/power/hibernate.c.obj
[ptlgcs:rw] [318/375] Building C object CMakeFiles/app.dir/mnt/host/source/src/platform/ec/build/zephyr/ptlgcs/modules/ec/common/sha256.c.obj
[ptlgcs:ro] [249/375] Building C object CMakeFiles/app.dir/mnt/host/source/src/platform/ec/zephyr/subsys/ap_pwrseq/x86_non_dsx_common_pwrseq_console.c.obj
[ptlgcs:rw] [319/375] Building C object CMakeFiles/app.dir/mnt/host/source/src/platform/ec/build/zephyr/ptlgcs/modules/ec/common/panic_output.c.obj
[pujjolo:ro] [321/411] Building C object modules/ec/zephyr/CMakeFiles/ec_shim.dir/drivers/cros_system/cros_system_npcx.c.obj
[pujjolo:ro] [322/411] Building C object modules/ec/zephyr/CMakeFiles/ec_shim.dir/mnt/host/source/src/platform/ec/build/zephyr/pujjolo/modules/ec/common/lid_angle_keyboard_policy.c.obj
[pujjolo:rw] [126/411] Building C object CMakeFiles/app.dir/mnt/host/source/src/platform/ec/build/zephyr/pujjolo/modules/ec/common/tablet_mode.c.obj
[ptlgcs:rw] [320/375] Building C object CMakeFiles/app.dir/mnt/host/source/src/platform/ec/build/zephyr/ptlgcs/modules/ec/common/shared_mem.c.obj
[pujjolo:ro] [323/411] Building C object modules/ec/zephyr/CMakeFiles/ec_shim.dir/drivers/cros_flash/cros_flash_npcx.c.obj
[npcx9:ro] [19/321] Building C object zephyr/CMakeFiles/zephyr.dir/lib/os/cbprintf.c.obj
[ptlgcs:ro] [250/375] Building C object CMakeFiles/app.dir/mnt/host/source/src/platform/ec/zephyr/subsys/ap_pwrseq/x86_non_dsx_common_pwrseq_host_command.c.obj
[pujjolo:ro] [324/411] Building C object modules/ec/zephyr/CMakeFiles/ec_shim.dir/drivers/keyboard_input/keyboard_input.c.obj
[ptlgcs:rw] [321/375] Building C object CMakeFiles/app.dir/mnt/host/source/src/platform/ec/build/zephyr/ptlgcs/modules/ec/common/switch.c.obj
[pujjolo:ro] [325/411] Building C object modules/ec/zephyr/CMakeFiles/ec_shim.dir/drivers/keyboard_input/col_gpio_drive.c.obj
[pujjolo:rw] [127/411] Building C object CMakeFiles/app.dir/mnt/host/source/src/platform/ec/build/zephyr/pujjolo/modules/ec/common/thermal.c.obj
[ptlgcs:rw] [322/375] Building C object CMakeFiles/app.dir/mnt/host/source/src/platform/ec/build/zephyr/ptlgcs/modules/ec/common/spi_flash_reg.c.obj
[npcx9:ro] [20/321] Building C object zephyr/CMakeFiles/zephyr.dir/lib/os/assert.c.obj
[ptlgcs:rw] [323/375] Building C object CMakeFiles/app.dir/mnt/host/source/src/platform/ec/build/zephyr/ptlgcs/modules/ec/common/thermal.c.obj
[pujjolo:ro] [326/411] Building C object modules/ec/zephyr/CMakeFiles/ec_shim.dir/drivers/usbc/ucsi_v3.c.obj
[ptlgcs:ro] [251/375] Building C object CMakeFiles/app.dir/mnt/host/source/src/platform/ec/zephyr/subsys/ap_pwrseq/x86_non_dsx_mtl_pwrseq_sm.c.obj
[npcx9:ro] [21/321] Building C object zephyr/CMakeFiles/zephyr.dir/lib/utils/dec.c.obj
[ptlgcs:rw] [324/375] Building C object CMakeFiles/app.dir/mnt/host/source/src/platform/ec/build/zephyr/ptlgcs/modules/ec/common/temp_sensor.c.obj
[ptlgcs:ro] [252/375] Building C object CMakeFiles/app.dir/mnt/host/source/src/platform/ec/zephyr/subsys/ap_pwrseq/ap_reset_log.c.obj
[npcx9:ro] [22/321] Building C object zephyr/CMakeFiles/zephyr.dir/lib/utils/hex.c.obj
[pujjolo:ro] [327/411] Building C object modules/ec/zephyr/CMakeFiles/ec_shim.dir/drivers/keyboard_factory_test/keyboard_factory_test.c.obj
[pujjolo:rw] [128/411] Building C object CMakeFiles/app.dir/mnt/host/source/src/platform/ec/build/zephyr/pujjolo/modules/ec/common/temp_sensor.c.obj
[ptlgcs:rw] [325/375] Building C object CMakeFiles/app.dir/mnt/host/source/src/platform/ec/build/zephyr/ptlgcs/modules/ec/driver/temp_sensor/thermistor.c.obj
[pujjolo:ro] [328/411] Building C object modules/ec/zephyr/CMakeFiles/ec_shim.dir/drivers/runtime_keys/runtime_keys.c.obj
[pujjolo:ro] [329/411] Building C object modules/ec/zephyr/CMakeFiles/ec_shim.dir/drivers/boot_keys/boot_keys.c.obj
[pujjolo:rw] [129/411] Building C object CMakeFiles/app.dir/mnt/host/source/src/platform/ec/build/zephyr/pujjolo/modules/ec/driver/temp_sensor/thermistor.c.obj
[ptlgcs:rw] [326/375] Building C object CMakeFiles/app.dir/mnt/host/source/src/platform/ec/build/zephyr/ptlgcs/modules/ec/common/timer.c.obj
[ptlgcs:rw] [327/375] Building C object CMakeFiles/app.dir/mnt/host/source/src/platform/ec/build/zephyr/ptlgcs/modules/ec/common/usbc_utils.c.obj
[npcx9:ro] [23/321] Building C object zephyr/CMakeFiles/zephyr.dir/lib/utils/rb.c.obj
[ptlgcs:ro] [253/375] Building C object CMakeFiles/app.dir/mnt/host/source/src/platform/ec/zephyr/subsys/pd_controller/pdc_pmc_debug.c.obj
[ptlgcs:rw] [328/375] Building C object CMakeFiles/app.dir/mnt/host/source/src/platform/ec/build/zephyr/ptlgcs/modules/ec/common/usb_common.c.obj
[pujjolo:ro] [330/411] Building C object modules/ec/zephyr/CMakeFiles/ec_shim.dir/drivers/vivaldi_kbd/vivaldi_kbd.c.obj
[pujjolo:ro] [331/411] Building C object modules/ec/zephyr/CMakeFiles/ec_shim.dir/drivers/usbc/pdc_rts54xx.c.obj
[ptlgcs:ro] [254/375] Building C object CMakeFiles/app.dir/mnt/host/source/src/platform/ec/zephyr/subsys/pd_controller/retimer_fw_update.c.obj
[pujjolo:ro] [332/411] Building C object modules/ec/zephyr/CMakeFiles/ec_shim.dir/shim/chip/npcx/clock.c.obj
[npcx9:ro] [24/321] Building C object zephyr/CMakeFiles/zephyr.dir/lib/utils/timeutil.c.obj
[ptlgcs:rw] [329/375] Building C object CMakeFiles/app.dir/mnt/host/source/src/platform/ec/build/zephyr/ptlgcs/modules/ec/common/chargen.c.obj
[/mnt/host/source/src/platform/ec/build/zephyr/tarkin-lcov]   /mnt/host/source/src/platform/ec/build/zephyr/tarkin/build-rw/zephyr/drivers/syscon/CMakeFiles/drivers__syscon.dir/mnt/host/source/src/third_party/zephyr/main/misc/empty_file.c.gcno:no functions found
[/mnt/host/source/src/platform/ec/build/zephyr/tarkin-lcov] Filter suppressions 'region':
[pujjolo:rw] [130/411] Building C object CMakeFiles/app.dir/mnt/host/source/src/platform/ec/build/zephyr/pujjolo/modules/ec/common/throttle_ap.c.obj
[/mnt/host/source/src/platform/ec/build/zephyr/tarkin-lcov]     38 instances
[/mnt/host/source/src/platform/ec/build/zephyr/tarkin-lcov]     26 coverpoints
[/mnt/host/source/src/platform/ec/build/zephyr/tarkin-lcov] Message summary:
[/mnt/host/source/src/platform/ec/build/zephyr/tarkin-lcov]   29 ignore messages:
[/mnt/host/source/src/platform/ec/build/zephyr/tarkin-lcov]     gcov: 29
[ptlgcs:rw] [330/375] Building C object CMakeFiles/app.dir/mnt/host/source/src/platform/ec/build/zephyr/ptlgcs/modules/ec/common/vboot_hash.c.obj
[pujjolo:ro] [333/411] Building C object modules/ec/zephyr/CMakeFiles/ec_shim.dir/shim/chip/npcx/rom_chip.c.obj
[ptlgcs:rw] [331/375] Building C object CMakeFiles/app.dir/mnt/host/source/src/platform/ec/build/zephyr/ptlgcs/modules/ec/common/usb_pd_host_cmd_common.c.obj
[pujjolo:rw] [131/411] Building C object CMakeFiles/app.dir/mnt/host/source/src/platform/ec/build/zephyr/pujjolo/modules/ec/common/timer.c.obj
[ptlgcs:rw] [332/375] Building C object CMakeFiles/app.dir/mnt/host/source/src/platform/ec/build/zephyr/ptlgcs/modules/ec/common/vboot/efs2.c.obj
[pujjolo:ro] [334/411] Building C object modules/ec/zephyr/CMakeFiles/ec_shim.dir/shim/chip/npcx/gpio.c.obj
[npcx9:ro] [25/321] Building C object zephyr/CMakeFiles/zephyr.dir/lib/utils/bitarray.c.obj
[pujjolo:ro] [335/411] Building C object modules/ec/zephyr/CMakeFiles/ec_shim.dir/shim/chip/npcx/system.c.obj
[pujjolo:ro] [336/411] Building C object modules/ec/zephyr/CMakeFiles/ec_shim.dir/shim/chip/npcx/system_external_storage.c.obj
[ptlgcs:ro] [255/375] Building C object CMakeFiles/app.dir/mnt/host/source/src/platform/ec/zephyr/subsys/pd_controller/pdc_console.c.obj
[ptlgcs:rw] [333/375] Building C object CMakeFiles/app.dir/mnt/host/source/src/platform/ec/build/zephyr/ptlgcs/modules/ec/common/math_util.c.obj
[ptlgcs:rw] [334/375] Building C object CMakeFiles/app.dir/mnt/host/source/src/platform/ec/build/zephyr/ptlgcs/modules/ec/common/vstore.c.obj
[npcx9:ro] [26/321] Building C object zephyr/CMakeFiles/zephyr.dir/lib/utils/bitmask.c.obj
[pujjolo:ro] [337/411] Building C object modules/ec/zephyr/CMakeFiles/ec_shim.dir/shim/chip/npcx/power_policy.c.obj
[/mnt/host/source/src/platform/ec/build/zephyr/rull-lcov]   /mnt/host/source/src/platform/ec/build/zephyr/rull/build-ro/CMakeFiles/app.dir/mnt/host/source/src/platform/ec/build/zephyr/rull/modules/ec/common/chargen.c.gcno:no functions found
[/mnt/host/source/src/platform/ec/build/zephyr/rull-lcov] stderr:
[pujjolo:ro] [338/411] Building C object modules/ec/zephyr/CMakeFiles/ec_shim.dir/shim/src/crc.c.obj
[pujjolo:rw] [132/411] Building C object CMakeFiles/app.dir/mnt/host/source/src/platform/ec/build/zephyr/pujjolo/modules/ec/common/usb_port_power_dumb.c.obj
[ptlgcs:rw] [335/375] Building C object CMakeFiles/app.dir/mnt/host/source/src/platform/ec/build/zephyr/ptlgcs/modules/ec/driver/led/max695x.c.obj
[ptlgcs:rw] [336/375] Building C object CMakeFiles/app.dir/src/intelrvp.c.obj
[pujjolo:ro] [339/411] Building C object modules/ec/zephyr/CMakeFiles/ec_shim.dir/shim/core/cortex-m/mpu.c.obj
[ptlgcs:rw] [337/375] Building C object CMakeFiles/app.dir/src/intel_rvp_board_id.c.obj
[ptlgcs:ro] [256/375] Building C object CMakeFiles/app.dir/mnt/host/source/src/platform/ec/zephyr/subsys/pd_controller/pdc_power_mgmt.c.obj
[pujjolo:rw] [133/411] Building C object CMakeFiles/app.dir/mnt/host/source/src/platform/ec/build/zephyr/pujjolo/modules/ec/common/usbc_utils.c.obj
[ptlgcs:rw] [338/375] Linking C static library modules/ec/zephyr/libec_shim.a
[pujjolo:ro] [340/411] Building C object modules/ec/zephyr/CMakeFiles/ec_shim.dir/shim/core/cortex-m/panic.c.obj
[npcx9:ro] [27/321] Building C object zephyr/CMakeFiles/zephyr.dir/lib/utils/getopt/getopt.c.obj
[pujjolo:ro] [341/411] Building C object modules/ec/zephyr/CMakeFiles/ec_shim.dir/shim/src/console.c.obj
[ptlgcs:rw] [339/375] Building C object CMakeFiles/app.dir/ptlrvp/src/board_id.c.obj
[ptlgcs:rw] [340/375] Building C object CMakeFiles/app.dir/ptlrvp/src/board_power.c.obj
[ptlgcs:ro] [257/375] Building C object CMakeFiles/app.dir/mnt/host/source/src/platform/ec/zephyr/subsys/pd_controller/pdc_host_cmd.c.obj
[pujjolo:ro] [342/411] Building C object modules/ec/zephyr/CMakeFiles/ec_shim.dir/shim/src/gpio_int.c.obj
[ptlgcs:rw] [341/375] Building C object CMakeFiles/app.dir/src/kbd_gcs.c.obj
[ptlgcs:rw] [342/375] Building C object zephyr/kernel/CMakeFiles/kernel.dir/banner.c.obj
[pujjolo:ro] [343/411] Building C object modules/ec/zephyr/CMakeFiles/ec_shim.dir/shim/src/panic_utils.c.obj
[ptlgcs:rw] [343/375] Building C object CMakeFiles/app.dir/src/dc_jack.c.obj
[ptlgcs:ro] [258/375] Building C object CMakeFiles/app.dir/mnt/host/source/src/platform/ec/zephyr/subsys/pd_controller/pdc_stub.c.obj
[npcx9:ro] [28/321] Building C object zephyr/CMakeFiles/zephyr.dir/lib/utils/getopt/getopt_common.c.obj
[ptlgcs:rw] [344/375] Linking C static library app/libapp.a
[pujjolo:ro] [344/411] Building C object modules/ec/zephyr/CMakeFiles/ec_shim.dir/shim/src/gpio.c.obj
[pujjolo:rw] [134/411] Building C object CMakeFiles/app.dir/mnt/host/source/src/platform/ec/build/zephyr/pujjolo/modules/ec/common/chargen.c.obj
[ptlgcs:rw] [345/375] Building C object zephyr/kernel/CMakeFiles/kernel.dir/device.c.obj
[pujjolo:rw] [135/411] Building C object CMakeFiles/app.dir/mnt/host/source/src/platform/ec/build/zephyr/pujjolo/modules/ec/common/usb_common.c.obj
[ptlgcs:rw] [346/375] Building C object zephyr/kernel/CMakeFiles/kernel.dir/busy_wait.c.obj
[ptlgcs:rw] [347/375] Building C object zephyr/kernel/CMakeFiles/kernel.dir/errno.c.obj
[pujjolo:ro] [345/411] Building C object modules/ec/zephyr/CMakeFiles/ec_shim.dir/shim/src/pm_state.c.obj
[npcx9:ro] [29/321] Building C object zephyr/CMakeFiles/zephyr.dir/lib/utils/ring_buffer.c.obj
[npcx9:ro] [30/321] Building C object zephyr/CMakeFiles/zephyr.dir/lib/utils/last_section_id.c.obj
[ptlgcs:rw] [348/375] Building C object zephyr/kernel/CMakeFiles/kernel.dir/fatal.c.obj
[pujjolo:ro] [346/411] Building C object modules/ec/zephyr/CMakeFiles/ec_shim.dir/shim/src/cbi/cros_cbi.c.obj
[ptlgcs:ro] [259/375] Building C object CMakeFiles/app.dir/mnt/host/source/src/platform/ec/zephyr/subsys/pd_controller/pdc_dpm.c.obj
[npcx9:ro] [31/321] Building C object zephyr/CMakeFiles/zephyr.dir/misc/generated/configs.c.obj
[ptlgcs:rw] [349/375] Building C object zephyr/kernel/CMakeFiles/kernel.dir/version.c.obj
[ptlgcs:rw] [350/375] Building C object zephyr/kernel/CMakeFiles/kernel.dir/init.c.obj
[ptlgcs:rw] [351/375] Building C object zephyr/kernel/CMakeFiles/kernel.dir/kheap.c.obj
[pujjolo:ro] [347/411] Building C object modules/ec/zephyr/CMakeFiles/ec_shim.dir/shim/src/cbi/cros_cbi_fw_config.c.obj
[ptlgcs:ro] [260/375] Building C object CMakeFiles/app.dir/mnt/host/source/src/platform/ec/zephyr/subsys/ucsi/ppm_common.c.obj
[ptlgcs:rw] [352/375] Building C object zephyr/kernel/CMakeFiles/kernel.dir/mem_slab.c.obj
[pujjolo:ro] [348/411] Building C object modules/ec/zephyr/CMakeFiles/ec_shim.dir/shim/src/cbi/cros_cbi_ssfc.c.obj
[ptlgcs:rw] [353/375] Building C object zephyr/kernel/CMakeFiles/kernel.dir/float.c.obj
[pujjolo:ro] [349/411] Building C object modules/ec/zephyr/CMakeFiles/ec_shim.dir/shim/src/cbi/cbi_flash.c.obj
[npcx9:ro] [32/321] Building C object zephyr/CMakeFiles/zephyr.dir/soc/nuvoton/npcx/common/power.c.obj
[ptlgcs:rw] [354/375] Building C object zephyr/kernel/CMakeFiles/kernel.dir/idle.c.obj
[ptlgcs:rw] [355/375] Building C object zephyr/kernel/CMakeFiles/kernel.dir/mailbox.c.obj
[pujjolo:ro] [350/411] Building C object modules/ec/zephyr/CMakeFiles/ec_shim.dir/shim/src/led_driver/led.c.obj
[pujjolo:rw] [136/411] Building C object CMakeFiles/app.dir/mnt/host/source/src/platform/ec/build/zephyr/pujjolo/modules/ec/common/usb_pd_host_cmd_common.c.obj
[pujjolo:rw] [137/411] Building C object CMakeFiles/app.dir/mnt/host/source/src/platform/ec/build/zephyr/pujjolo/modules/ec/common/vboot_hash.c.obj
[ptlgcs:rw] [356/375] Building C object zephyr/kernel/CMakeFiles/kernel.dir/msg_q.c.obj
[ptlgcs:ro] [261/375] Building C object CMakeFiles/app.dir/mnt/host/source/src/platform/ec/zephyr/subsys/ucsi/ppm_console.c.obj
[ptlgcs:rw] [357/375] Building C object zephyr/kernel/CMakeFiles/kernel.dir/mutex.c.obj
[pujjolo:ro] [351/411] Building C object modules/ec/zephyr/CMakeFiles/ec_shim.dir/shim/src/led_driver/led_pwm.c.obj
[ptlgcs:rw] [358/375] Building C object zephyr/kernel/CMakeFiles/kernel.dir/queue.c.obj
[ptlgcs:ro] [262/375] Building C object CMakeFiles/app.dir/mnt/host/source/src/platform/ec/zephyr/subsys/ucsi/ppm_driver.c.obj
[npcx9:ro] [33/321] Building C object zephyr/CMakeFiles/zephyr.dir/soc/nuvoton/npcx/common/scfg.c.obj
[ptlgcs:rw] [359/375] Building C object zephyr/kernel/CMakeFiles/kernel.dir/sem.c.obj
[ptlgcs:rw] [360/375] Building C object zephyr/kernel/CMakeFiles/kernel.dir/system_work_q.c.obj
[ptlgcs:rw] [361/375] Building C object zephyr/kernel/CMakeFiles/kernel.dir/stack.c.obj
[pujjolo:ro] [352/411] Building C object modules/ec/zephyr/CMakeFiles/ec_shim.dir/shim/src/pdc_shim.c.obj
[pujjolo:ro] [353/411] Building C object modules/ec/zephyr/CMakeFiles/ec_shim.dir/shim/src/system.c.obj
[pujjolo:ro] [354/411] Building C object modules/ec/zephyr/CMakeFiles/ec_shim.dir/shim/src/adc.c.obj
[pujjolo:ro] [355/411] Building C object modules/ec/zephyr/CMakeFiles/ec_shim.dir/shim/src/battery.c.obj
[ptlgcs:rw] [362/375] Building C object zephyr/kernel/CMakeFiles/kernel.dir/work.c.obj
[ptlgcs:rw] [363/375] Building C object zephyr/kernel/CMakeFiles/kernel.dir/condvar.c.obj
[ptlgcs:ro] [263/375] Building C object CMakeFiles/app.dir/mnt/host/source/src/platform/ec/zephyr/subsys/ucsi/ucsi_host_cmd.c.obj
[pujjolo:rw] [138/411] Building C object CMakeFiles/app.dir/mnt/host/source/src/platform/ec/build/zephyr/pujjolo/modules/ec/common/vstore.c.obj
[npcx9:ro] [34/321] Building C object zephyr/CMakeFiles/zephyr.dir/soc/nuvoton/npcx/common/npcxn/registers.c.obj
[pujjolo:ro] [356/411] Building C object modules/ec/zephyr/CMakeFiles/ec_shim.dir/shim/src/charger.c.obj
[ptlgcs:ro] [264/375] Building C object CMakeFiles/app.dir/mnt/host/source/src/platform/ec/build/zephyr/ptlgcs/modules/ec/builtin/stdlib.c.obj
[ptlgcs:rw] [364/375] Building C object zephyr/kernel/CMakeFiles/kernel.dir/thread.c.obj
[pujjolo:rw] [139/411] Building C object CMakeFiles/app.dir/mnt/host/source/src/platform/ec/build/zephyr/pujjolo/modules/ec/common/vboot/efs2.c.obj
[ptlgcs:rw] [365/375] Building C object zephyr/kernel/CMakeFiles/kernel.dir/sched.c.obj
[ptlgcs:rw] [366/375] Building C object zephyr/kernel/CMakeFiles/kernel.dir/pipe.c.obj
[ptlgcs:rw] [367/375] Building C object zephyr/kernel/CMakeFiles/kernel.dir/spinlock_validate.c.obj
[pujjolo:ro] [357/411] Building C object modules/ec/zephyr/CMakeFiles/ec_shim.dir/shim/src/chipset_api.c.obj
[ptlgcs:ro] [265/375] Building C object CMakeFiles/app.dir/mnt/host/source/src/platform/ec/build/zephyr/ptlgcs/modules/ec/common/base32.c.obj
[ptlgcs:rw] [368/375] Building C object zephyr/kernel/CMakeFiles/kernel.dir/thread_monitor.c.obj
[npcx9:ro] [35/321] Building C object zephyr/CMakeFiles/zephyr.dir/soc/nuvoton/npcx/npcx9/soc.c.obj
[/mnt/host/source/src/platform/ec/build/zephyr/rull-lcov]   /mnt/host/source/src/platform/ec/build/zephyr/rull/build-ro/CMakeFiles/app.dir/mnt/host/source/src/platform/ec/build/zephyr/rull/modules/ec/common/cbi_config.c.gcno:no functions found
[/mnt/host/source/src/platform/ec/build/zephyr/rull-lcov] stderr:
[pujjolo:ro] [358/411] Building C object modules/ec/zephyr/CMakeFiles/ec_shim.dir/shim/src/flash.c.obj
[ptlgcs:rw] [369/375] Building C object zephyr/kernel/CMakeFiles/kernel.dir/timeout.c.obj
[ptlgcs:ro] [266/375] Building C object CMakeFiles/app.dir/mnt/host/source/src/platform/ec/build/zephyr/ptlgcs/modules/ec/common/console_output.c.obj
[pujjolo:rw] [140/411] Building C object CMakeFiles/app.dir/mnt/host/source/src/platform/ec/build/zephyr/pujjolo/modules/ec/common/math_util.c.obj
[ptlgcs:rw] [370/375] Building C object zephyr/kernel/CMakeFiles/kernel.dir/timer.c.obj
[pujjolo:ro] [359/411] Building C object modules/ec/zephyr/CMakeFiles/ec_shim.dir/shim/src/hooks.c.obj
[ptlgcs:rw] [371/375] Building C object zephyr/kernel/CMakeFiles/kernel.dir/poll.c.obj
[pujjolo:ro] [360/411] Building C object modules/ec/zephyr/CMakeFiles/ec_shim.dir/shim/src/fan.c.obj
[ptlgcs:rw] [372/375] Building C object zephyr/kernel/CMakeFiles/kernel.dir/events.c.obj
[pujjolo:ro] [361/411] Building C object modules/ec/zephyr/CMakeFiles/ec_shim.dir/shim/src/espi.c.obj
[pujjolo:rw] [141/411] Building C object CMakeFiles/app.dir/src/board_power.c.obj
[ptlgcs:rw] [373/375] Building C object zephyr/kernel/CMakeFiles/kernel.dir/mempool.c.obj
[npcx9:ro] [36/321] Building C object zephyr/CMakeFiles/zephyr.dir/subsys/logging/log_minimal.c.obj
[pujjolo:ro] [362/411] Building C object modules/ec/zephyr/CMakeFiles/ec_shim.dir/shim/src/host_command.c.obj
[ptlgcs:ro] [267/375] Building C object CMakeFiles/app.dir/mnt/host/source/src/platform/ec/build/zephyr/ptlgcs/modules/ec/common/ec_features.c.obj
[ptlgcs:rw] [374/375] Building C object zephyr/kernel/CMakeFiles/kernel.dir/dynamic_disabled.c.obj
[/mnt/host/source/src/platform/ec/build/zephyr/rull-lcov]   /mnt/host/source/src/platform/ec/build/zephyr/rull/build-ro/zephyr/arch/arch/riscv/core/CMakeFiles/arch__riscv__core.dir/cpu_idle.c.gcno:no functions found
[/mnt/host/source/src/platform/ec/build/zephyr/rull-lcov] stderr:
[ptlgcs:rw] [375/375] Linking C static library zephyr/kernel/libkernel.a
[npcx9:ro] [37/321] Building C object zephyr/CMakeFiles/zephyr.dir/subsys/mem_mgmt/mem_attr.c.obj
[ptlgcs:ro] [268/375] Building C object CMakeFiles/app.dir/mnt/host/source/src/platform/ec/build/zephyr/ptlgcs/modules/ec/common/gpio_commands.c.obj
[npcx9:ro] [38/321] Building C object zephyr/CMakeFiles/zephyr.dir/subsys/pm/pm.c.obj
[pujjolo:ro] [363/411] Building C object modules/ec/zephyr/CMakeFiles/ec_shim.dir/shim/src/console_buffer.c.obj
[npcx9:ro] [39/321] Building C object zephyr/CMakeFiles/zephyr.dir/subsys/pm/state.c.obj
[pujjolo:ro] [364/411] Building C object modules/ec/zephyr/CMakeFiles/ec_shim.dir/shim/src/mkbp_event.c.obj
[pujjolo:rw] [142/411] Building C object CMakeFiles/app.dir/pujjolo/src/board.c.obj
[pujjolo:ro] [365/411] Building C object modules/ec/zephyr/CMakeFiles/ec_shim.dir/shim/src/panic.c.obj
[pujjolo:ro] [366/411] Building C object modules/ec/zephyr/CMakeFiles/ec_shim.dir/shim/src/temp_sensors.c.obj
[pujjolo:ro] [367/411] Building C object modules/ec/zephyr/CMakeFiles/ec_shim.dir/shim/src/hwtimer.c.obj
[pujjolo:rw] [143/411] Building C object CMakeFiles/app.dir/pujjolo/src/touch_panel.c.obj
[npcx9:ro] [40/321] Building C object zephyr/CMakeFiles/zephyr.dir/subsys/pm/policy/policy_latency.c.obj
[npcx9:ro] [41/321] Building C object zephyr/CMakeFiles/zephyr.dir/subsys/pm/policy/policy_state_lock.c.obj
[npcx9:ro] [42/321] Building C object zephyr/CMakeFiles/zephyr.dir/subsys/pm/policy/policy_events.c.obj
[pujjolo:ro] [368/411] Building C object modules/ec/zephyr/CMakeFiles/ec_shim.dir/shim/src/thermal.c.obj
[ptlgcs:ro] [269/375] Building C object CMakeFiles/app.dir/mnt/host/source/src/platform/ec/build/zephyr/ptlgcs/modules/ec/common/peripheral.c.obj
[pujjolo:rw] [144/411] Building C object zephyr/CMakeFiles/zephyr.dir/lib/cpp/abi/cpp_dtors.c.obj
[ptlgcs:ro] [270/375] Building C object CMakeFiles/app.dir/mnt/host/source/src/platform/ec/build/zephyr/ptlgcs/modules/ec/common/printf.c.obj
[npcx9:ro] [43/321] Building C object zephyr/CMakeFiles/zephyr.dir/subsys/pm/device.c.obj
[pujjolo:rw] [145/411] Building C object CMakeFiles/app.dir/pujjolo/src/keyboard_customization.c.obj
[/mnt/host/source/src/platform/ec/build/zephyr/rull-lcov]   /mnt/host/source/src/platform/ec/build/zephyr/rull/build-ro/zephyr/arch/common/CMakeFiles/isr_tables.dir/isr_tables.c.gcno:no functions found
[/mnt/host/source/src/platform/ec/build/zephyr/rull-lcov] stderr:
[pujjolo:rw] [146/411] Building C object zephyr/CMakeFiles/zephyr.dir/lib/libc/validate_libc.c.obj
[pujjolo:rw] [147/411] Linking CXX static library app/libapp.a
[npcx9:ro] [44/321] Building C object zephyr/CMakeFiles/zephyr.dir/subsys/pm/device_system_managed.c.obj
[pujjolo:ro] [369/411] Building C object modules/ec/zephyr/CMakeFiles/ec_shim.dir/shim/src/i2c.c.obj
[npcx9:ro] [45/321] Building C object zephyr/CMakeFiles/zephyr.dir/subsys/testsuite/coverage/coverage.c.obj
[npcx9:ro] [46/321] Building C object zephyr/CMakeFiles/zephyr.dir/subsys/tracing/tracing_none.c.obj
[pujjolo:ro] [370/411] Building C object modules/ec/zephyr/CMakeFiles/ec_shim.dir/shim/src/tasks.c.obj
[ptlgcs:ro] [271/375] Building C object CMakeFiles/app.dir/mnt/host/source/src/platform/ec/build/zephyr/ptlgcs/modules/ec/common/queue.c.obj
[pujjolo:ro] [371/411] Building C object modules/ec/zephyr/CMakeFiles/ec_shim.dir/shim/src/usba.c.obj
[npcx9:ro] [47/321] Building C object zephyr/CMakeFiles/zephyr.dir/subsys/tracing/user/tracing_user.c.obj
[pujjolo:ro] [372/411] Building C object modules/ec/zephyr/CMakeFiles/ec_shim.dir/shim/src/power_host_sleep_api.c.obj
[pujjolo:rw] [148/411] Building C object zephyr/CMakeFiles/zephyr.dir/lib/heap/heap.c.obj
[pujjolo:ro] [373/411] Building C object modules/ec/zephyr/CMakeFiles/ec_shim.dir/shim/src/watchdog.c.obj
[pujjolo:ro] [374/411] Building C object modules/ec/zephyr/CMakeFiles/ec_shim.dir/shim/src/sha256_hw.c.obj
[pujjolo:ro] [375/411] Linking CXX static library modules/ec/zephyr/libec_shim.a
[npcx9:ro] [48/321] Building C object zephyr/CMakeFiles/zephyr.dir/subsys/shell/modules/kernel_service/kernel_shell.c.obj
[ptlgcs:ro] [272/375] Building C object CMakeFiles/app.dir/mnt/host/source/src/platform/ec/build/zephyr/ptlgcs/modules/ec/common/system.c.obj
[npcx9:ro] [49/321] Building C object zephyr/CMakeFiles/zephyr.dir/subsys/shell/modules/kernel_service/cycles.c.obj
[npcx9:ro] [50/321] Building C object zephyr/CMakeFiles/zephyr.dir/subsys/shell/modules/kernel_service/sleep.c.obj
[pujjolo:rw] [149/411] Building C object zephyr/CMakeFiles/zephyr.dir/lib/os/cbprintf_packaged.c.obj
[pujjolo:rw] [150/411] Building C object zephyr/CMakeFiles/zephyr.dir/lib/os/clock.c.obj
[npcx9:ro] [51/321] Building C object zephyr/CMakeFiles/zephyr.dir/subsys/shell/modules/kernel_service/uptime.c.obj
[ptlgcs:ro] [273/375] Building C object CMakeFiles/app.dir/mnt/host/source/src/platform/ec/build/zephyr/ptlgcs/modules/ec/common/system_boot_time.c.obj
[pujjolo:ro] [376/411] Building C object zephyr/kernel/CMakeFiles/kernel.dir/main_weak.c.obj
[pujjolo:ro] [377/411] Building C object zephyr/kernel/CMakeFiles/kernel.dir/banner.c.obj
[npcx9:ro] [52/321] Building C object zephyr/CMakeFiles/zephyr.dir/subsys/shell/modules/kernel_service/version.c.obj
[pujjolo:rw] [151/411] Building C object zephyr/CMakeFiles/zephyr.dir/lib/os/printk.c.obj
[npcx9:ro] [53/321] Building C object zephyr/CMakeFiles/zephyr.dir/subsys/shell/modules/kernel_service/thread/thread.c.obj
[pujjolo:ro] [378/411] Building C object zephyr/kernel/CMakeFiles/kernel.dir/busy_wait.c.obj
[npcx9:ro] [54/321] Building C object zephyr/CMakeFiles/zephyr.dir/subsys/shell/modules/kernel_service/thread/list.c.obj
[ptlgcs:ro] [274/375] Building C object CMakeFiles/app.dir/mnt/host/source/src/platform/ec/build/zephyr/ptlgcs/modules/ec/common/uart_printf.c.obj
[pujjolo:rw] [152/411] Building C object zephyr/CMakeFiles/zephyr.dir/lib/os/sem.c.obj
[pujjolo:rw] [153/411] Building C object zephyr/CMakeFiles/zephyr.dir/lib/os/thread_entry.c.obj
[npcx9:ro] [55/321] Building C object zephyr/CMakeFiles/zephyr.dir/subsys/shell/modules/kernel_service/thread/stacks.c.obj
[pujjolo:rw] [154/411] Building C object zephyr/CMakeFiles/zephyr.dir/lib/utils/dec.c.obj
[ptlgcs:ro] [275/375] Building C object CMakeFiles/app.dir/mnt/host/source/src/platform/ec/build/zephyr/ptlgcs/modules/ec/common/util.c.obj
[pujjolo:ro] [379/411] Building C object zephyr/kernel/CMakeFiles/kernel.dir/device.c.obj
[npcx9:ro] [56/321] Building C object zephyr/CMakeFiles/zephyr.dir/subsys/shell/modules/kernel_service/thread/suspend.c.obj
[pujjolo:ro] [380/411] Building C object zephyr/kernel/CMakeFiles/kernel.dir/errno.c.obj
[npcx9:ro] [57/321] Building C object zephyr/CMakeFiles/zephyr.dir/subsys/shell/modules/kernel_service/thread/resume.c.obj
[pujjolo:rw] [155/411] Building C object zephyr/CMakeFiles/zephyr.dir/lib/os/cbprintf_nano.c.obj
[npcx9:ro] [58/321] Building C object zephyr/CMakeFiles/zephyr.dir/subsys/shell/modules/kernel_service/thread/kill.c.obj
[pujjolo:ro] [381/411] Building C object zephyr/kernel/CMakeFiles/kernel.dir/fatal.c.obj
[pujjolo:rw] [156/411] Building C object zephyr/CMakeFiles/zephyr.dir/lib/utils/hex.c.obj
[ptlgcs:ro] [276/375] Building C object CMakeFiles/app.dir/mnt/host/source/src/platform/ec/build/zephyr/ptlgcs/modules/ec/common/version.c.obj
[pujjolo:rw] [157/411] Building C object zephyr/CMakeFiles/zephyr.dir/lib/os/assert.c.obj
[npcx9:ro] [59/321] Building C object zephyr/CMakeFiles/zephyr.dir/subsys/shell/modules/device_service.c.obj
[pujjolo:rw] [158/411] Building C object zephyr/CMakeFiles/zephyr.dir/lib/utils/timeutil.c.obj
[npcx9:ro] [60/321] Building C object zephyr/CMakeFiles/zephyr.dir/subsys/shell/modules/devmem_service.c.obj
[npcx9:ro] [61/321] Building C object zephyr/CMakeFiles/zephyr.dir/subsys/shell/modules/date_service.c.obj
[ptlgcs:ro] [277/375] Building C object CMakeFiles/app.dir/mnt/host/source/src/platform/ec/build/zephyr/ptlgcs/modules/ec/common/power_button_x86.c.obj
[pujjolo:ro] [382/411] Building C object zephyr/kernel/CMakeFiles/kernel.dir/kheap.c.obj
[pujjolo:ro] [383/411] Building C object zephyr/kernel/CMakeFiles/kernel.dir/init.c.obj
[pujjolo:rw] [159/411] Building C object zephyr/CMakeFiles/zephyr.dir/lib/utils/rb.c.obj
[npcx9:ro] [62/321] Building C object zephyr/CMakeFiles/zephyr.dir/subsys/shell/backends/shell_uart.c.obj
[pujjolo:ro] [384/411] Building C object zephyr/kernel/CMakeFiles/kernel.dir/mem_slab.c.obj
[pujjolo:rw] [160/411] Building C object zephyr/CMakeFiles/zephyr.dir/lib/utils/bitmask.c.obj
[pujjolo:ro] [385/411] Building C object zephyr/kernel/CMakeFiles/kernel.dir/version.c.obj
[pujjolo:rw] [161/411] Building C object zephyr/CMakeFiles/zephyr.dir/lib/utils/bitarray.c.obj
[ptlgcs:ro] [278/375] Building C object CMakeFiles/app.dir/mnt/host/source/src/platform/ec/build/zephyr/ptlgcs/modules/ec/common/adc.c.obj
[npcx9:ro] [63/321] Building C object zephyr/CMakeFiles/zephyr.dir/subsys/shell/shell.c.obj
[npcx9:ro] [64/321] Building C object zephyr/CMakeFiles/zephyr.dir/subsys/shell/shell_fprintf.c.obj
[pujjolo:rw] [162/411] Building C object zephyr/CMakeFiles/zephyr.dir/lib/utils/ring_buffer.c.obj
[npcx9:ro] [65/321] Building C object zephyr/CMakeFiles/zephyr.dir/subsys/shell/shell_utils.c.obj
[pujjolo:ro] [386/411] Building CXX object modules/ec/zephyr/drivers/dsp_comms/service/CMakeFiles/dsp.service.dir/i2c_target_pio_funcs.cc.obj
[pujjolo:ro] [387/411] Building CXX object modules/ec/zephyr/drivers/dsp_comms/service/CMakeFiles/dsp.service.dir/i2c_target_buffer_funcs.cc.obj
[pujjolo:ro] [388/411] Building C object zephyr/kernel/CMakeFiles/kernel.dir/float.c.obj
[pujjolo:rw] [163/411] Building C object zephyr/CMakeFiles/zephyr.dir/lib/utils/last_section_id.c.obj
[ptlgcs:ro] [279/375] Building C object CMakeFiles/app.dir/mnt/host/source/src/platform/ec/build/zephyr/ptlgcs/modules/ec/common/acpi.c.obj
[npcx9:ro] [66/321] Building C object zephyr/CMakeFiles/zephyr.dir/subsys/shell/shell_ops.c.obj
[pujjolo:rw] [164/411] Building C object zephyr/CMakeFiles/zephyr.dir/lib/utils/getopt/getopt.c.obj
[pujjolo:ro] [389/411] Building CXX object modules/ec/zephyr/drivers/dsp_comms/service/CMakeFiles/dsp.service.dir/dsp_service.cc.obj
[pujjolo:ro] [390/411] Building C object zephyr/kernel/CMakeFiles/kernel.dir/mailbox.c.obj
[pujjolo:rw] [165/411] Building C object zephyr/CMakeFiles/zephyr.dir/misc/generated/configs.c.obj
[pujjolo:rw] [166/411] Building C object zephyr/CMakeFiles/zephyr.dir/lib/utils/getopt/getopt_common.c.obj
[pujjolo:ro] [391/411] Linking CXX static library modules/ec/zephyr/drivers/dsp_comms/service/libdsp.service.a
[npcx9:ro] [67/321] Building C object zephyr/CMakeFiles/zephyr.dir/subsys/shell/shell_cmds.c.obj
[npcx9:ro] [68/321] Building C object zephyr/CMakeFiles/zephyr.dir/subsys/shell/shell_help.c.obj
[pujjolo:ro] [392/411] Building C object zephyr/kernel/CMakeFiles/kernel.dir/idle.c.obj
[npcx9:ro] [69/321] Building C object zephyr/CMakeFiles/zephyr.dir/subsys/shell/shell_history.c.obj
[ptlgcs:ro] [280/375] Building C object CMakeFiles/app.dir/mnt/host/source/src/platform/ec/build/zephyr/ptlgcs/modules/ec/common/battery.c.obj
[/mnt/host/source/src/platform/ec/build/zephyr/rull-lcov]   /mnt/host/source/src/platform/ec/build/zephyr/rull/build-ro/zephyr/CMakeFiles/zephyr.dir/subsys/shell/modules/kernel_service/kernel_shell.c.gcno:no functions found
[/mnt/host/source/src/platform/ec/build/zephyr/rull-lcov] stderr:
[npcx9:ro] [70/321] Building C object zephyr/CMakeFiles/zephyr.dir/subsys/shell/shell_wildcard.c.obj
[pujjolo:ro] [393/411] Building C object zephyr/kernel/CMakeFiles/kernel.dir/msg_q.c.obj
[/mnt/host/source/src/platform/ec/build/zephyr/rull-lcov]   /mnt/host/source/src/platform/ec/build/zephyr/rull/build-ro/zephyr/CMakeFiles/zephyr.dir/lib/libc/validate_libc.c.gcno:no functions found
[/mnt/host/source/src/platform/ec/build/zephyr/rull-lcov] stderr:
[pujjolo:ro] [394/411] Building C object zephyr/kernel/CMakeFiles/kernel.dir/queue.c.obj
[npcx9:ro] [71/321] Building C object zephyr/arch/common/CMakeFiles/arch__common.dir/init.c.obj
[ptlgcs:ro] [281/375] Building C object CMakeFiles/app.dir/mnt/host/source/src/platform/ec/build/zephyr/ptlgcs/modules/ec/common/battery_info.c.obj
[pujjolo:ro] [395/411] Building C object zephyr/kernel/CMakeFiles/kernel.dir/mutex.c.obj
[pujjolo:rw] [167/411] Building C object zephyr/CMakeFiles/zephyr.dir/soc/nuvoton/npcx/common/power.c.obj
[pujjolo:rw] [168/411] Building C object zephyr/CMakeFiles/zephyr.dir/soc/nuvoton/npcx/common/npcxn/registers.c.obj
[pujjolo:ro] [396/411] Building C object zephyr/kernel/CMakeFiles/kernel.dir/sem.c.obj
[npcx9:ro] [72/321] Building C object zephyr/arch/common/CMakeFiles/arch__common.dir/sw_isr_common.c.obj
[pujjolo:ro] [397/411] Building C object zephyr/kernel/CMakeFiles/kernel.dir/stack.c.obj
[npcx9:ro] [73/321] Building C object zephyr/CMakeFiles/zephyr.dir/drivers/flash/flash_util.c.obj
[pujjolo:rw] [169/411] Building C object zephyr/CMakeFiles/zephyr.dir/soc/nuvoton/npcx/common/scfg.c.obj
[pujjolo:ro] [398/411] Building C object zephyr/kernel/CMakeFiles/kernel.dir/system_work_q.c.obj
[npcx9:ro] [74/321] Linking C static library zephyr/libzephyr.a
[npcx9:ro] [75/321] Building C object zephyr/arch/common/CMakeFiles/arch__common.dir/xip.c.obj
[ptlgcs:ro] [282/375] Building C object CMakeFiles/app.dir/mnt/host/source/src/platform/ec/build/zephyr/ptlgcs/modules/ec/common/battery_fuel_gauge.c.obj
[npcx9:ro] [76/321] Building C object zephyr/arch/common/CMakeFiles/isr_tables.dir/isr_tables.c.obj
[npcx9:ro] [77/321] Building ASM object zephyr/arch/arch/arm/core/CMakeFiles/arch__arm__core.dir/nmi_on_reset.S.obj
[npcx9:ro] [78/321] Building C object zephyr/arch/arch/arm/core/CMakeFiles/arch__arm__core.dir/fatal.c.obj
[npcx9:ro] [79/321] Linking C static library zephyr/arch/common/libisr_tables.a
[pujjolo:ro] [399/411] Building C object zephyr/kernel/CMakeFiles/kernel.dir/work.c.obj
[npcx9:ro] [80/321] Linking C static library zephyr/arch/common/libarch__common.a
[pujjolo:ro] [400/411] Building C object zephyr/kernel/CMakeFiles/kernel.dir/condvar.c.obj
[ptlgcs:ro] [283/375] Building C object CMakeFiles/app.dir/mnt/host/source/src/platform/ec/build/zephyr/ptlgcs/modules/ec/driver/battery/smart.c.obj
[pujjolo:ro] [401/411] Building C object zephyr/kernel/CMakeFiles/kernel.dir/thread.c.obj
[pujjolo:rw] [170/411] Building C object zephyr/CMakeFiles/zephyr.dir/soc/nuvoton/npcx/npcx9/soc.c.obj
[npcx9:ro] [81/321] Building ASM object zephyr/arch/arch/arm/core/cortex_m/CMakeFiles/arch__arm__core__cortex_m.dir/fault_s.S.obj
[pujjolo:ro] [402/411] Building C object zephyr/kernel/CMakeFiles/kernel.dir/pipe.c.obj
[pujjolo:rw] [171/411] Building C object zephyr/CMakeFiles/zephyr.dir/subsys/logging/log_minimal.c.obj
[pujjolo:ro] [403/411] Building C object zephyr/kernel/CMakeFiles/kernel.dir/thread_monitor.c.obj
[/mnt/host/source/src/platform/ec/build/zephyr/rull-lcov]   /mnt/host/source/src/platform/ec/build/zephyr/rull/build-ro/zephyr/CMakeFiles/zephyr.dir/lib/utils/last_section_id.c.gcno:no functions found
[/mnt/host/source/src/platform/ec/build/zephyr/rull-lcov] stderr:
[pujjolo:ro] [404/411] Building C object zephyr/kernel/CMakeFiles/kernel.dir/sched.c.obj
[npcx9:ro] [82/321] Building C object zephyr/arch/arch/arm/core/CMakeFiles/arch__arm__core.dir/nmi.c.obj
[pujjolo:rw] [172/411] Building C object zephyr/CMakeFiles/zephyr.dir/subsys/mem_mgmt/mem_attr.c.obj
[npcx9:ro] [83/321] Linking C static library zephyr/arch/arch/arm/core/libarch__arm__core.a
[npcx9:ro] [84/321] Building C object zephyr/arch/arch/arm/core/cortex_m/CMakeFiles/arch__arm__core__cortex_m.dir/exc_exit.c.obj
[ptlgcs:ro] [284/375] Building C object CMakeFiles/app.dir/mnt/host/source/src/platform/ec/build/zephyr/ptlgcs/modules/ec/driver/charger/isl9241.c.obj
[npcx9:ro] [85/321] Building C object zephyr/arch/arch/arm/core/cortex_m/CMakeFiles/arch__arm__core__cortex_m.dir/fault.c.obj
[npcx9:ro] [86/321] Building C object zephyr/arch/arch/arm/core/cortex_m/CMakeFiles/arch__arm__core__cortex_m.dir/fpu.c.obj
[pujjolo:ro] [405/411] Building C object zephyr/kernel/CMakeFiles/kernel.dir/timeout.c.obj
[pujjolo:rw] [173/411] Building C object zephyr/CMakeFiles/zephyr.dir/subsys/pm/state.c.obj
[pujjolo:ro] [406/411] Building C object zephyr/kernel/CMakeFiles/kernel.dir/events.c.obj
[npcx-aic:ro] Building: /usr/bin/ninja -C /mnt/host/source/src/platform/ec/build/zephyr/npcx-aic/build-ro all.libraries
Running `env -i SHELL=/bin/bash COLORTERM=truecolor DEPOT_TOOLS_UPDATE=0 LESS='-R -M --shift 5' SUDO_GID=0 JDK_HOME=/etc/java-config-2/current-system-vm CONFIG_PROTECT_MASK='/etc/gentoo-release /etc/sandbox.d /etc/fonts/fonts.conf /etc/terminfo /etc/ca-certificates.conf /etc/revdep-rebuild' CHROMEOS_CACHEDIR=/var/cache/chromeos-cache JAVA_HOME=/etc/java-config-2/current-system-vm SSH_AUTH_SOCK=/tmp/ssh-auth-sock SUDO_COMMAND=/bin/bash SUDO_USER=root SUDO_TTY=/dev/pts/2 EDITOR=/usr/bin/vi PWD=/mnt/host/source/src/platform/ec CONFIG_PROTECT=/usr/share/gnupg/qualified.txt LOGNAME=jpmurphy MANPATH=/etc/java-config-2/current-system-vm/man:/usr/local/share/man:/usr/share/man:/usr/share/gcc-data/x86_64-pc-linux-gnu/10.2.0/man:/usr/share/binutils-data/x86_64-pc-linux-gnu/2.45/man:/etc/java-config-2/current-system-vm/man/ SUDO_HOME=/root XAUTHORITY=/run/user/944457/gdm/Xauthority HOME=/home/jpmurphy LANG=C.UTF-8 LS_COLORS='rs=0:di=01;34:ln=01;36:mh=00:pi=40;33:so=01;35:do=01;35:bd=40;33;01:cd=40;33;01:or=01;05;37;41:mi=01;05;37;41:su=37;41:sg=30;43:ca=30;41:tw=30;42:ow=34;42:st=37;44:ex=01;32:*.tar=01;31:*.tgz=01;31:*.arc=01;31:*.arj=01;31:*.taz=01;31:*.lha=01;31:*.lz4=01;31:*.lzh=01;31:*.lzma=01;31:*.tlz=01;31:*.txz=01;31:*.tzo=01;31:*.t7z=01;31:*.zip=01;31:*.z=01;31:*.dz=01;31:*.gz=01;31:*.lrz=01;31:*.lz=01;31:*.lzo=01;31:*.xz=01;31:*.zst=01;31:*.tzst=01;31:*.bz2=01;31:*.bz=01;31:*.tbz=01;31:*.tbz2=01;31:*.tz=01;31:*.deb=01;31:*.rpm=01;31:*.jar=01;31:*.war=01;31:*.ear=01;31:*.sar=01;31:*.rar=01;31:*.alz=01;31:*.ace=01;31:*.zoo=01;31:*.cpio=01;31:*.7z=01;31:*.rz=01;31:*.cab=01;31:*.wim=01;31:*.swm=01;31:*.dwm=01;31:*.esd=01;31:*.jpg=01;35:*.jpeg=01;35:*.mjpg=01;35:*.mjpeg=01;35:*.gif=01;35:*.bmp=01;35:*.pbm=01;35:*.pgm=01;35:*.ppm=01;35:*.tga=01;35:*.xbm=01;35:*.xpm=01;35:*.tif=01;35:*.tiff=01;35:*.png=01;35:*.svg=01;35:*.svgz=01;35:*.mng=01;35:*.pcx=01;35:*.mov=01;35:*.mpg=01;35:*.mpeg=01;35:*.m2v=01;35:*.mkv=01;35:*.webm=01;35:*.webp=01;35:*.ogm=01;35:*.mp4=01;35:*.m4v=01;35:*.mp4v=01;35:*.vob=01;35:*.qt=01;35:*.nuv=01;35:*.wmv=01;35:*.asf=01;35:*.rm=01;35:*.rmvb=01;35:*.flc=01;35:*.avi=01;35:*.fli=01;35:*.flv=01;35:*.gl=01;35:*.dl=01;35:*.xcf=01;35:*.xwd=01;35:*.yuv=01;35:*.cgm=01;35:*.emf=01;35:*.ogv=01;35:*.ogx=01;35:*.cfg=00;32:*.conf=00;32:*.diff=00;32:*.doc=00;32:*.ini=00;32:*.log=00;32:*.patch=00;32:*.pdf=00;32:*.ps=00;32:*.tex=00;32:*.txt=00;32:*.aac=00;36:*.au=00;36:*.flac=00;36:*.m4a=00;36:*.mid=00;36:*.midi=00;36:*.mka=00;36:*.mp3=00;36:*.mpc=00;36:*.ogg=00;36:*.ra=00;36:*.wav=00;36:*.oga=00;36:*.opus=00;36:*.spx=00;36:*.xspf=00;36:' XDG_CURRENT_DESKTOP=GNOME INFOPATH=/usr/share/info:/usr/share/gcc-data/x86_64-pc-linux-gnu/10.2.0/info:/usr/share/binutils-data/x86_64-pc-linux-gnu/2.45/info:/usr/share/automake-1.16.5/info JAVAC=/etc/java-config-2/current-system-vm/bin/javac TERM=xterm-256color LESSOPEN='|lesspipe %s' USER=jpmurphy CROS_WORKON_SRCROOT=/mnt/host/source MANPAGER=manpager DISPLAY=:1 SHLVL=1 LC_MESSAGES=C EXTERNAL_TRUNK_PATH=/mnt/8f9d649a-3721-44cc-93c0-e6bd21a9689f/chromiumos GCC_SPECS='' PATH=/mnt/host/source/chromite/bin:/usr/local/bin:/usr/bin:/bin:/opt/bin:/mnt/host/source/chromite/sdk/bin:/mnt/host/source/chromite/bin PORTAGE_USERNAME=jpmurphy SUDO_UID=0 GCC_VER=10.2.0 MAIL=/var/mail/jpmurphy OLDPWD=/mnt/host/source/src/scripts traceparent=00-e87aca51550a78635907baa6a2476181-6d684811675d2973-01 _=./zephyr/firmware_builder.py COREBOOT_SDK_ROOT_x86=/home/jpmurphy/.cache/coreboot-sdk/i386-elf/dfbb0486385d938cfa9d73080b9d18d598ed4f49 COREBOOT_SDK_ROOT_picolibc_x86=/home/jpmurphy/.cache/coreboot-sdk/picolibc-i386-elf/eb8e8e687b95461de8cbf278f1c2076952d0ad17 COREBOOT_SDK_ROOT_riscv64=/home/jpmurphy/.cache/coreboot-sdk/riscv64-elf/96b949749225b6aaa92ed810ab769e8dfb12f000 COREBOOT_SDK_ROOT_picolibc_arm=/home/jpmurphy/.cache/coreboot-sdk/picolibc-arm-eabi/422a2aa3e1ef891b5bece9a3deb696ff83840d2e COREBOOT_SDK_ROOT_nds32=/home/jpmurphy/.cache/coreboot-sdk/nds32le-elf/d1a518c4a097666d86058e1444f85ca015d15511 COREBOOT_SDK_ROOT_picolibc_riscv64=/home/jpmurphy/.cache/coreboot-sdk/picolibc-riscv64-elf/f571e990ef0278564b31124f8bb109d9a697eb69 COREBOOT_SDK_ROOT_arm=/home/jpmurphy/.cache/coreboot-sdk/arm-eabi/ea40ddd1d190c3b48435c474c0b545719371813a COREBOOT_SDK_ROOT_libstdcxx_riscv64=/home/jpmurphy/.cache/coreboot-sdk/libstdcxx-riscv64-elf/17abf22a3a252e2d5d2062ced5324f7a623689e0 COREBOOT_SDK_ROOT_libstdcxx_arm=/home/jpmurphy/.cache/coreboot-sdk/libstdcxx-arm-eabi/5d7d82e150e44aa1968f1d366e267e6687b328ac COREBOOT_SDK_ROOT_riscv=/home/jpmurphy/.cache/coreboot-sdk/riscv-elf/9a27b9e82341c6e9126624f516ab3f261abb3e73 COREBOOT_SDK_ROOT_libstdcxx_x86=/home/jpmurphy/.cache/coreboot-sdk/libstdcxx-i386-elf/42ef9d2e87a76a37963175d7d428734e65648b87 PYTHONPATH=/mnt/host/source/src/platform/ec/zephyr/zmake PW_PIGWEED_CIPD_INSTALL_DIR=/usr CROSTC_USER_ACKNOWLEDGES_THAT_RISCV_IS_EXPERIMENTAL=1 MAKEFLAGS=' -j16 --jobserver-auth=5,6' /usr/bin/ninja -C /mnt/host/source/src/platform/ec/build/zephyr/npcx-aic/build-ro all.libraries`
[pujjolo:ro] [407/411] Building C object zephyr/kernel/CMakeFiles/kernel.dir/timer.c.obj
[npcx-aic:ro] ninja: Entering directory `/mnt/host/source/src/platform/ec/build/zephyr/npcx-aic/build-ro'
[pujjolo:rw] [174/411] Building C object zephyr/CMakeFiles/zephyr.dir/subsys/pm/pm.c.obj
Toolchain <zmake.toolchains.CorebootSdkToolchain object at 0x7f4120535790> selected by probe function.
[tanjiro] Building in /mnt/host/source/src/platform/ec/build/zephyr/tanjiro.
[pujjolo:ro] [408/411] Building C object zephyr/kernel/CMakeFiles/kernel.dir/poll.c.obj
[ptlgcs:ro] [285/375] Building C object CMakeFiles/app.dir/mnt/host/source/src/platform/ec/build/zephyr/ptlgcs/modules/ec/common/charger.c.obj
[npcx9:ro] [87/321] Building ASM object zephyr/arch/arch/arm/core/cortex_m/CMakeFiles/arch__arm__core__cortex_m.dir/vector_table.S.obj
[pujjolo:ro] [409/411] Building C object zephyr/kernel/CMakeFiles/kernel.dir/mempool.c.obj
[npcx-aic:ro] [1/279] Preparing syscall dependency handling
[npcx9:ro] [88/321] Building ASM object zephyr/arch/arch/arm/core/cortex_m/CMakeFiles/arch__arm__core__cortex_m.dir/reset.S.obj
[npcx9:ro] [89/321] Building C object zephyr/arch/arch/arm/core/cortex_m/CMakeFiles/arch__arm__core__cortex_m.dir/scb.c.obj
[pujjolo:ro] [410/411] Building C object zephyr/kernel/CMakeFiles/kernel.dir/dynamic_disabled.c.obj
[npcx9:ro] [90/321] Building C object zephyr/arch/arch/arm/core/cortex_m/CMakeFiles/arch__arm__core__cortex_m.dir/thread_abort.c.obj
[npcx-aic:ro] [2/279] Generating misc/generated/syscalls_subdirs.trigger
[pujjolo:rw] [175/411] Building C object zephyr/CMakeFiles/zephyr.dir/subsys/pm/policy/policy_events.c.obj
[pujjolo:ro] [411/411] Linking CXX static library zephyr/kernel/libkernel.a
[npcx-aic:ro] [3/279] Generating include/generated/zephyr/version.h
[npcx-aic:ro] -- git describe warned: warning: tag 'upstream/v2.7.99' is externally known as 'v2.7.99'
[ptlgcs:ro] [286/375] Building C object CMakeFiles/app.dir/mnt/host/source/src/platform/ec/build/zephyr/ptlgcs/modules/ec/common/charge_state.c.obj
[npcx-aic:ro] -- Zephyr version: 4.3.99 (/mnt/host/source/src/third_party/zephyr/main)
[npcx-aic:ro] [4/279] cd /mnt/host/source/src/platform/ec/build/zephyr/npcx-aic/build-ro/modules/ec/zephyr && PYTHONPATH=/mnt/host/source/src/platform/ec/build/zephyr/npcx-aic/modules/ec/zephyr/zmake/ /usr/bin/python3.11 /mnt/host/source/src/platform/ec/build/zephyr/npcx-aic/modules/ec/zephyr/zmake/zephyr_build_tools/generate_ec_version.py /mnt/host/source/src/platform/ec/build/zephyr/npcx-aic/build-ro/modules/ec/zephyr/include/ec_version.h --name Zephyr-Kernel --version 16543.0.0 --static
[npcx-aic:ro] INFO:root:Using a static version string
[pujjolo:rw] [176/411] Building C object zephyr/CMakeFiles/zephyr.dir/subsys/pm/policy/policy_state_lock.c.obj
[pujjolo:rw] [177/411] Building C object zephyr/CMakeFiles/zephyr.dir/subsys/pm/policy/policy_latency.c.obj
[npcx9:ro] [91/321] Building C object zephyr/arch/arch/arm/core/cortex_m/CMakeFiles/arch__arm__core__cortex_m.dir/irq_manage.c.obj
[npcx9:ro] [92/321] Building ASM object zephyr/arch/arch/arm/core/cortex_m/CMakeFiles/arch__arm__core__cortex_m.dir/swap_helper.S.obj
[npcx9:ro] [93/321] Building C object zephyr/arch/arch/arm/core/cortex_m/CMakeFiles/arch__arm__core__cortex_m.dir/prep_c.c.obj
[npcx9:ro] [94/321] Building C object zephyr/arch/arch/arm/core/cortex_m/CMakeFiles/arch__arm__core__cortex_m.dir/cpu_idle.c.obj
[pujjolo:rw] [178/411] Building C object zephyr/CMakeFiles/zephyr.dir/subsys/pm/device.c.obj
[npcx9:ro] [95/321] Building C object zephyr/arch/arch/arm/core/cortex_m/CMakeFiles/arch__arm__core__cortex_m.dir/thread.c.obj
[npcx-aic:ro] INFO:root:Version string: Zephyr-Kernel-16543.0.0
[npcx-aic:ro] INFO:root:Writing header to /mnt/host/source/src/platform/ec/build/zephyr/npcx-aic/build-ro/modules/ec/zephyr/include/ec_version.h
[npcx-aic:ro] [5/279] Generating misc/generated/syscalls.json, misc/generated/struct_tags.json
[pujjolo:rw] [179/411] Building C object zephyr/CMakeFiles/zephyr.dir/subsys/pm/device_runtime.c.obj
[pujjolo:rw] [180/411] Building C object zephyr/CMakeFiles/zephyr.dir/subsys/pm/device_system_managed.c.obj
[ptlgcs:ro] [287/375] Building C object CMakeFiles/app.dir/mnt/host/source/src/platform/ec/build/zephyr/ptlgcs/modules/ec/common/charge_manager.c.obj
[npcx-aic:ro] [6/279] Generating include/generated/zephyr/syscall_dispatch.c, include/generated/zephyr/syscall_exports_llext.c, syscall_weakdefs_llext.c, include/generated/zephyr/syscall_list.h
[pujjolo:rw] [181/411] Building C object zephyr/CMakeFiles/zephyr.dir/subsys/testsuite/coverage/coverage.c.obj
[npcx9:ro] [96/321] Building C object zephyr/arch/arch/arm/core/cortex_m/CMakeFiles/arch__arm__core__cortex_m.dir/isr_wrapper.c.obj
[npcx9:ro] [97/321] Building C object zephyr/arch/arch/arm/core/mpu/CMakeFiles/arch__arm__core__mpu.dir/arm_core_mpu.c.obj
[ptlgcs:ro] [288/375] Building C object CMakeFiles/app.dir/mnt/host/source/src/platform/ec/build/zephyr/ptlgcs/modules/ec/common/cbi_common.c.obj
[npcx9:ro] [98/321] Generating ../../../include/generated/libc/minimal/strerror_table.h
[npcx9:ro] [99/321] Building C object zephyr/arch/arch/arm/core/cortex_m/CMakeFiles/arch__arm__core__cortex_m.dir/irq_init.c.obj
[npcx-aic:ro] [7/279] Generating include/generated/zephyr/driver-validation.h
[pujjolo:rw] [182/411] Building C object zephyr/CMakeFiles/zephyr.dir/subsys/tracing/tracing_none.c.obj
[npcx9:ro] [100/321] Building C object zephyr/arch/arch/arm/core/mpu/CMakeFiles/arch__arm__core__mpu.dir/arm_mpu_regions.c.obj
[npcx9:ro] [101/321] Linking C static library zephyr/arch/arch/arm/core/cortex_m/libarch__arm__core__cortex_m.a
[npcx-aic:ro] [8/279] Generating include/generated/zephyr/kobj-types-enum.h, include/generated/zephyr/otype-to-str.h, include/generated/zephyr/otype-to-size.h
[pujjolo:rw] [183/411] Building C object zephyr/CMakeFiles/zephyr.dir/subsys/shell/modules/kernel_service/kernel_shell.c.obj
[npcx9:ro] [102/321] Building C object zephyr/arch/arch/arm/core/mpu/CMakeFiles/arch__arm__core__mpu.dir/arm_mpu.c.obj
[npcx9:ro] [103/321] Building C object zephyr/lib/libc/minimal/CMakeFiles/lib__libc__minimal.dir/source/stdlib/atoi.c.obj
[npcx9:ro] [104/321] Building C object zephyr/lib/libc/minimal/CMakeFiles/lib__libc__minimal.dir/source/stdlib/strtol.c.obj
[npcx-aic:ro] [9/279] Generating include/generated/device-api-sections.ld, include/generated/device-api-sections.cmake
[npcx9:ro] [105/321] Building C object zephyr/lib/libc/minimal/CMakeFiles/lib__libc__minimal.dir/source/stdlib/strtoul.c.obj
[npcx9:ro] [106/321] Linking C static library zephyr/arch/arch/arm/core/mpu/libarch__arm__core__mpu.a
[pujjolo:rw] [184/411] Building C object zephyr/CMakeFiles/zephyr.dir/subsys/shell/modules/kernel_service/cycles.c.obj
[npcx9:ro] [107/321] Building C object zephyr/lib/libc/minimal/CMakeFiles/lib__libc__minimal.dir/source/stdlib/strtoull.c.obj
[npcx9:ro] [108/321] Building C object zephyr/lib/libc/minimal/CMakeFiles/lib__libc__minimal.dir/source/stdlib/bsearch.c.obj
[npcx9:ro] [109/321] Building C object zephyr/lib/libc/minimal/CMakeFiles/lib__libc__minimal.dir/source/stdlib/strtoll.c.obj
[pujjolo:rw] [185/411] Building C object zephyr/CMakeFiles/zephyr.dir/subsys/shell/modules/kernel_service/uptime.c.obj
[pujjolo:rw] [186/411] Building C object zephyr/CMakeFiles/zephyr.dir/subsys/shell/modules/kernel_service/sleep.c.obj
[npcx9:ro] [110/321] Building C object zephyr/lib/libc/common/CMakeFiles/lib__libc__common.dir/source/stdlib/abort.c.obj
[npcx9:ro] [111/321] Building C object zephyr/lib/libc/minimal/CMakeFiles/lib__libc__minimal.dir/source/string/strncasecmp.c.obj
[pujjolo:rw] [187/411] Building C object zephyr/CMakeFiles/zephyr.dir/subsys/shell/modules/kernel_service/version.c.obj
[npcx9:ro] [112/321] Building C object zephyr/lib/libc/minimal/CMakeFiles/lib__libc__minimal.dir/source/stdlib/qsort.c.obj
[npcx9:ro] [113/321] Building C object zephyr/lib/libc/minimal/CMakeFiles/lib__libc__minimal.dir/source/string/strstr.c.obj
[npcx9:ro] [114/321] Building C object zephyr/lib/libc/minimal/CMakeFiles/lib__libc__minimal.dir/source/string/strerror.c.obj
[npcx9:ro] [115/321] Building C object zephyr/lib/libc/minimal/CMakeFiles/lib__libc__minimal.dir/source/string/strspn.c.obj
[pujjolo:rw] [188/411] Building C object zephyr/CMakeFiles/zephyr.dir/subsys/shell/modules/kernel_service/thread/thread.c.obj
[ptlgcs:ro] [289/375] Building C object CMakeFiles/app.dir/mnt/host/source/src/platform/ec/build/zephyr/ptlgcs/modules/ec/common/cbi.c.obj
[npcx9:ro] [116/321] Building C object zephyr/lib/libc/minimal/CMakeFiles/lib__libc__minimal.dir/source/string/string.c.obj
[ptlgcs:ro] [290/375] Building C object CMakeFiles/app.dir/mnt/host/source/src/platform/ec/build/zephyr/ptlgcs/modules/ec/common/cbi_config.c.obj
[pujjolo:rw] [189/411] Building C object zephyr/CMakeFiles/zephyr.dir/subsys/shell/modules/kernel_service/thread/list.c.obj
[npcx-aic:ro] [10/279] Building C object zephyr/CMakeFiles/offsets.dir/arch/arm/core/offsets/offsets.c.obj
[npcx9:ro] [117/321] Building C object zephyr/lib/libc/minimal/CMakeFiles/lib__libc__minimal.dir/source/stdlib/exit.c.obj
[npcx9:ro] [118/321] Building C object zephyr/lib/libc/minimal/CMakeFiles/lib__libc__minimal.dir/source/math/sqrtf.c.obj
[pujjolo:rw] [190/411] Building C object zephyr/CMakeFiles/zephyr.dir/subsys/shell/modules/kernel_service/thread/stacks.c.obj
[npcx-aic:ro] [11/279] Generating include/generated/zephyr/offsets.h
[pujjolo:rw] [191/411] Building C object zephyr/CMakeFiles/zephyr.dir/subsys/shell/modules/kernel_service/thread/suspend.c.obj
[npcx9:ro] [119/321] Building C object zephyr/lib/libc/minimal/CMakeFiles/lib__libc__minimal.dir/source/math/sqrt.c.obj
[npcx9:ro] [120/321] Building C object zephyr/lib/libc/minimal/CMakeFiles/lib__libc__minimal.dir/source/stdout/fprintf.c.obj
[npcx9:ro] [121/321] Building C object zephyr/lib/libc/minimal/CMakeFiles/lib__libc__minimal.dir/source/stdout/sprintf.c.obj
[npcx9:ro] [122/321] Building C object zephyr/lib/libc/minimal/CMakeFiles/lib__libc__minimal.dir/source/stdout/stdout_console.c.obj
[npcx9:ro] [123/321] Building C object zephyr/lib/libc/common/CMakeFiles/lib__libc__common.dir/source/time/gmtime_r.c.obj
[pujjolo:rw] [192/411] Building C object zephyr/CMakeFiles/zephyr.dir/subsys/shell/modules/kernel_service/thread/resume.c.obj
[pujjolo:rw] [193/411] Building C object zephyr/CMakeFiles/zephyr.dir/subsys/shell/modules/kernel_service/thread/kill.c.obj
[npcx9:ro] [124/321] Building C object zephyr/lib/libc/common/CMakeFiles/lib__libc__common.dir/source/time/asctime.c.obj
[npcx9:ro] [125/321] Building C object zephyr/lib/libc/common/CMakeFiles/lib__libc__common.dir/source/time/localtime_r_utc.c.obj
[npcx9:ro] [126/321] Building C object zephyr/lib/libc/common/CMakeFiles/lib__libc__common.dir/source/time/ctime.c.obj
[ptlgcs:ro] [291/375] Building C object CMakeFiles/app.dir/mnt/host/source/src/platform/ec/build/zephyr/ptlgcs/modules/ec/common/memory_commands.c.obj
[npcx9:ro] [127/321] Building C object zephyr/lib/libc/common/CMakeFiles/lib__libc__common.dir/source/time/time.c.obj
[npcx9:ro] [128/321] Building C object zephyr/lib/libc/common/CMakeFiles/lib__libc__common.dir/source/string/strnlen.c.obj
[npcx-aic:ro] [12/279] Building C object CMakeFiles/app.dir/mnt/host/source/src/platform/ec/zephyr/subsys/ap_pwrseq/ap_events.c.obj
[npcx9:ro] [129/321] Building C object zephyr/lib/libc/minimal/CMakeFiles/lib__libc__minimal.dir/source/time/gmtime.c.obj
[pujjolo:rw] [194/411] Building C object zephyr/CMakeFiles/zephyr.dir/subsys/shell/backends/shell_uart.c.obj
[ptlgcs:ro] [292/375] Building C object CMakeFiles/app.dir/mnt/host/source/src/platform/ec/build/zephyr/ptlgcs/modules/ec/common/dptf.c.obj
[npcx9:ro] [130/321] Building C object zephyr/lib/posix/c_lib_ext/CMakeFiles/lib__posix__c_lib_ext.dir/fnmatch.c.obj
[npcx9:ro] [131/321] Linking C static library zephyr/lib/libc/minimal/liblib__libc__minimal.a
[pujjolo:rw] [195/411] Building C object zephyr/CMakeFiles/zephyr.dir/subsys/shell/shell_fprintf.c.obj
[pujjolo:rw] [196/411] Building C object zephyr/CMakeFiles/zephyr.dir/subsys/shell/shell.c.obj
[npcx9:ro] [132/321] Building C object zephyr/subsys/crc/CMakeFiles/subsys__crc.dir/crc8_sw.c.obj
[npcx9:ro] [133/321] Building C object zephyr/subsys/crc/CMakeFiles/subsys__crc.dir/crc4_sw.c.obj
[pujjolo:rw] [197/411] Building C object zephyr/CMakeFiles/zephyr.dir/subsys/shell/shell_utils.c.obj
[npcx9:ro] [134/321] Building C object zephyr/subsys/crc/CMakeFiles/subsys__crc.dir/crc16_sw.c.obj
[pujjolo:rw] [198/411] Building C object zephyr/CMakeFiles/zephyr.dir/subsys/shell/shell_ops.c.obj
[npcx9:ro] [135/321] Building C object zephyr/subsys/crc/CMakeFiles/subsys__crc.dir/crc7_sw.c.obj
[npcx9:ro] [136/321] Building C object zephyr/lib/libc/common/CMakeFiles/lib__libc__common.dir/source/stdlib/malloc.c.obj
[npcx9:ro] [137/321] Building C object zephyr/subsys/crc/CMakeFiles/subsys__crc.dir/crc24_sw.c.obj
[npcx9:ro] [138/321] Building C object zephyr/subsys/crc/CMakeFiles/subsys__crc.dir/crc32c_sw.c.obj
[pujjolo:rw] [199/411] Building C object zephyr/CMakeFiles/zephyr.dir/subsys/shell/shell_history.c.obj
[npcx9:ro] [139/321] Linking C static library zephyr/lib/libc/common/liblib__libc__common.a
[npcx-aic:ro] [13/279] Building C object CMakeFiles/app.dir/mnt/host/source/src/platform/ec/build/zephyr/npcx-aic/modules/ec/builtin/stdlib.c.obj
[npcx9:ro] [140/321] Building C object zephyr/lib/posix/c_lib_ext/CMakeFiles/lib__posix__c_lib_ext.dir/getentropy.c.obj
[npcx9:ro] [141/321] Building C object zephyr/subsys/crc/CMakeFiles/subsys__crc.dir/crc32_sw.c.obj
[npcx9:ro] [142/321] Building C object zephyr/subsys/crc/CMakeFiles/subsys__crc.dir/crc32k_4_2_sw.c.obj
[npcx9:ro] [143/321] Building C object zephyr/lib/posix/c_lib_ext/CMakeFiles/lib__posix__c_lib_ext.dir/getopt_shim.c.obj
[pujjolo:rw] [200/411] Building C object zephyr/CMakeFiles/zephyr.dir/subsys/shell/shell_help.c.obj
[pujjolo:rw] [201/411] Building C object zephyr/arch/common/CMakeFiles/arch__common.dir/init.c.obj
[npcx9:ro] [144/321] Linking C static library zephyr/subsys/crc/libsubsys__crc.a
[npcx9:ro] [145/321] Linking C static library zephyr/lib/posix/c_lib_ext/liblib__posix__c_lib_ext.a
[ptlgcs:ro] [293/375] Building C object CMakeFiles/app.dir/mnt/host/source/src/platform/ec/build/zephyr/ptlgcs/modules/ec/common/ap_reset_log.c.obj
[ptlgcs:ro] [294/375] Building C object CMakeFiles/app.dir/mnt/host/source/src/platform/ec/build/zephyr/ptlgcs/modules/ec/common/espi.c.obj
[pujjolo:rw] [202/411] Building ASM object zephyr/arch/arch/arm/core/CMakeFiles/arch__arm__core.dir/nmi_on_reset.S.obj
[pujjolo:rw] [203/411] Building C object zephyr/arch/common/CMakeFiles/arch__common.dir/sw_isr_common.c.obj
[pujjolo:rw] [204/411] Building C object zephyr/arch/common/CMakeFiles/arch__common.dir/xip.c.obj
[pujjolo:rw] [205/411] Building C object zephyr/arch/common/CMakeFiles/isr_tables.dir/isr_tables.c.obj
[pujjolo:rw] [206/411] Building C object zephyr/arch/arch/arm/core/CMakeFiles/arch__arm__core.dir/__aeabi_atexit.c.obj
[pujjolo:rw] [207/411] Linking CXX static library zephyr/arch/common/libisr_tables.a
[pujjolo:rw] [208/411] Building C object zephyr/CMakeFiles/zephyr.dir/drivers/flash/flash_util.c.obj
[npcx-aic:ro] [14/279] Building C object CMakeFiles/app.dir/mnt/host/source/src/platform/ec/build/zephyr/npcx-aic/modules/ec/common/base32.c.obj
[pujjolo:rw] [209/411] Linking CXX static library zephyr/arch/common/libarch__common.a
[npcx9:ro] [146/321] Building C object zephyr/drivers/bbram/CMakeFiles/drivers__bbram.dir/bbram_npcx.c.obj
[pujjolo:rw] [210/411] Linking CXX static library zephyr/libzephyr.a
[npcx9:ro] [147/321] Building C object zephyr/drivers/adc/CMakeFiles/drivers__adc.dir/adc_common.c.obj
[npcx9:ro] [148/321] Building C object zephyr/drivers/clock_control/CMakeFiles/drivers__clock_control.dir/clock_control_npcx.c.obj
[npcx9:ro] [149/321] Building C object zephyr/drivers/interrupt_controller/CMakeFiles/drivers__interrupt_controller.dir/intc_miwu.c.obj
[npcx9:ro] [150/321] Linking C static library zephyr/drivers/bbram/libdrivers__bbram.a
[pujjolo:rw] [211/411] Building ASM object zephyr/arch/arch/arm/core/cortex_m/CMakeFiles/arch__arm__core__cortex_m.dir/fault_s.S.obj
[pujjolo:rw] [212/411] Building C object zephyr/arch/arch/arm/core/CMakeFiles/arch__arm__core.dir/nmi.c.obj
[npcx9:ro] [151/321] Linking C static library zephyr/drivers/clock_control/libdrivers__clock_control.a
[npcx9:ro] [152/321] Linking C static library zephyr/drivers/interrupt_controller/libdrivers__interrupt_controller.a
[npcx9:ro] [153/321] Building C object zephyr/drivers/adc/CMakeFiles/drivers__adc.dir/adc_npcx.c.obj
[npcx9:ro] [154/321] Linking C static library zephyr/drivers/adc/libdrivers__adc.a
[ptlgcs:ro] [295/375] Building C object CMakeFiles/app.dir/mnt/host/source/src/platform/ec/build/zephyr/ptlgcs/modules/ec/common/extpower_common.c.obj
[ptlgcs:ro] [296/375] Building C object CMakeFiles/app.dir/mnt/host/source/src/platform/ec/build/zephyr/ptlgcs/modules/ec/common/extpower_gpio.c.obj
[pujjolo:rw] [213/411] Building C object zephyr/arch/arch/arm/core/CMakeFiles/arch__arm__core.dir/fatal.c.obj
[pujjolo:rw] [214/411] Building C object zephyr/arch/arch/arm/core/cortex_m/CMakeFiles/arch__arm__core__cortex_m.dir/exc_exit.c.obj
[pujjolo:rw] [215/411] Building C object zephyr/arch/arch/arm/core/CMakeFiles/arch__arm__core.dir/tls.c.obj
[pujjolo:rw] [216/411] Linking CXX static library zephyr/arch/arch/arm/core/libarch__arm__core.a
[npcx-aic:ro] [15/279] Building C object CMakeFiles/app.dir/mnt/host/source/src/platform/ec/build/zephyr/npcx-aic/modules/ec/common/console_output.c.obj
[npcx9:ro] [155/321] Building C object zephyr/drivers/console/CMakeFiles/drivers__console.dir/uart_console.c.obj
[npcx9:ro] [156/321] Building C object zephyr/drivers/flash/CMakeFiles/drivers__flash.dir/jesd216.c.obj
[pujjolo:rw] [217/411] Building ASM object zephyr/arch/arch/arm/core/cortex_m/CMakeFiles/arch__arm__core__cortex_m.dir/vector_table.S.obj
[npcx9:ro] [157/321] Linking C static library zephyr/drivers/console/libdrivers__console.a
[npcx9:ro] [158/321] Building C object zephyr/drivers/espi/CMakeFiles/drivers__espi.dir/espi_npcx.c.obj
[npcx9:ro] [159/321] Building C object zephyr/drivers/espi/CMakeFiles/drivers__espi.dir/host_subs_npcx.c.obj
[pujjolo:rw] [218/411] Building ASM object zephyr/arch/arch/arm/core/cortex_m/CMakeFiles/arch__arm__core__cortex_m.dir/reset.S.obj
[pujjolo:rw] [219/411] Building C object zephyr/arch/arch/arm/core/cortex_m/CMakeFiles/arch__arm__core__cortex_m.dir/scb.c.obj
[pujjolo:rw] [220/411] Building C object zephyr/arch/arch/arm/core/cortex_m/CMakeFiles/arch__arm__core__cortex_m.dir/fpu.c.obj
[npcx9:ro] [160/321] Building C object zephyr/drivers/flash/CMakeFiles/drivers__flash.dir/flash_npcx_fiu_nor.c.obj
[npcx9:ro] [161/321] Linking C static library zephyr/drivers/espi/libdrivers__espi.a
[pujjolo:rw] [221/411] Building C object zephyr/arch/arch/arm/core/cortex_m/CMakeFiles/arch__arm__core__cortex_m.dir/fault.c.obj
[pujjolo:rw] [222/411] Building C object zephyr/arch/arch/arm/core/cortex_m/CMakeFiles/arch__arm__core__cortex_m.dir/thread_abort.c.obj
[ptlgcs:ro] [297/375] Building C object CMakeFiles/app.dir/mnt/host/source/src/platform/ec/build/zephyr/ptlgcs/modules/ec/common/fan.c.obj
[pujjolo:rw] [223/411] Building ASM object zephyr/arch/arch/arm/core/cortex_m/CMakeFiles/arch__arm__core__cortex_m.dir/swap_helper.S.obj
[ptlgcs:ro] [298/375] Building C object CMakeFiles/app.dir/mnt/host/source/src/platform/ec/build/zephyr/ptlgcs/modules/ec/common/flash.c.obj
[npcx9:ro] [162/321] Building C object zephyr/drivers/flash/CMakeFiles/drivers__flash.dir/flash_npcx_fiu_qspi.c.obj
[npcx-aic:ro] [16/279] Building C object CMakeFiles/app.dir/mnt/host/source/src/platform/ec/build/zephyr/npcx-aic/modules/ec/common/ec_features.c.obj
[pujjolo:rw] [224/411] Building ASM object zephyr/arch/arch/arm/core/cortex_m/CMakeFiles/arch__arm__core__cortex_m.dir/__aeabi_read_tp.S.obj
[npcx9:ro] [163/321] Linking C static library zephyr/drivers/flash/libdrivers__flash.a
[pujjolo:rw] [225/411] Building C object zephyr/arch/arch/arm/core/cortex_m/CMakeFiles/arch__arm__core__cortex_m.dir/irq_manage.c.obj
[pujjolo:rw] [226/411] Building C object zephyr/arch/arch/arm/core/cortex_m/CMakeFiles/arch__arm__core__cortex_m.dir/prep_c.c.obj
[npcx9:ro] [164/321] Building C object zephyr/drivers/i2c/CMakeFiles/drivers__i2c.dir/i2c_common.c.obj
[pujjolo:rw] [227/411] Building C object zephyr/arch/arch/arm/core/cortex_m/CMakeFiles/arch__arm__core__cortex_m.dir/thread.c.obj
[npcx9:ro] [165/321] Building C object zephyr/drivers/gpio/CMakeFiles/drivers__gpio.dir/gpio_npcx.c.obj
[npcx9:ro] [166/321] Building C object zephyr/drivers/i2c/CMakeFiles/drivers__i2c.dir/i2c_shell.c.obj
[pujjolo:rw] [228/411] Building C object zephyr/arch/arch/arm/core/cortex_m/CMakeFiles/arch__arm__core__cortex_m.dir/cpu_idle.c.obj
[npcx9:ro] [167/321] Building C object zephyr/drivers/i2c/CMakeFiles/drivers__i2c.dir/i2c_npcx_controller.c.obj
[npcx9:ro] [168/321] Linking C static library zephyr/drivers/gpio/libdrivers__gpio.a
[pujjolo:rw] [229/411] Building C object zephyr/arch/arch/arm/core/cortex_m/CMakeFiles/arch__arm__core__cortex_m.dir/irq_init.c.obj
[pujjolo:rw] [230/411] Building C object zephyr/arch/arch/arm/core/cortex_m/CMakeFiles/arch__arm__core__cortex_m.dir/isr_wrapper.c.obj
[ptlgcs:ro] [299/375] Building C object CMakeFiles/app.dir/mnt/host/source/src/platform/ec/build/zephyr/ptlgcs/modules/ec/common/host_command.c.obj
[pujjolo:rw] [231/411] Linking CXX static library zephyr/arch/arch/arm/core/cortex_m/libarch__arm__core__cortex_m.a
[npcx-aic:ro] [17/279] Building C object CMakeFiles/app.dir/mnt/host/source/src/platform/ec/build/zephyr/npcx-aic/modules/ec/common/gpio_commands.c.obj
[npcx9:ro] [169/321] Building C object zephyr/drivers/i2c/CMakeFiles/drivers__i2c.dir/i2c_npcx_controller_fifo.c.obj
[npcx9:ro] [170/321] Building C object zephyr/drivers/pinctrl/CMakeFiles/drivers__pinctrl.dir/common.c.obj
[pujjolo:rw] [232/411] Building C object zephyr/arch/arch/arm/core/mpu/CMakeFiles/arch__arm__core__mpu.dir/arm_mpu_regions.c.obj
[pujjolo:rw] [233/411] Building C object zephyr/arch/arch/arm/core/mpu/CMakeFiles/arch__arm__core__mpu.dir/arm_core_mpu.c.obj
[ptlgcs:ro] [300/375] Building C object CMakeFiles/app.dir/mnt/host/source/src/platform/ec/build/zephyr/ptlgcs/modules/ec/common/host_command_task.c.obj
[npcx9:ro] [171/321] Building C object zephyr/drivers/i2c/CMakeFiles/drivers__i2c.dir/i2c_npcx_port.c.obj
[npcx9:ro] [172/321] Building C object zephyr/drivers/pinctrl/CMakeFiles/drivers__pinctrl.dir/pinctrl_npcx.c.obj
[npcx9:ro] [173/321] Building C object zephyr/drivers/sensor/CMakeFiles/drivers__sensor.dir/mnt/host/source/src/third_party/zephyr/main/misc/empty_file.c.obj
[npcx9:ro] [174/321] Linking C static library zephyr/drivers/pinctrl/libdrivers__pinctrl.a
[npcx9:ro] [175/321] Building C object zephyr/drivers/pwm/CMakeFiles/drivers__pwm.dir/pwm_shell.c.obj
[npcx9:ro] [176/321] Linking C static library zephyr/drivers/i2c/libdrivers__i2c.a
[npcx9:ro] [177/321] Linking C static library zephyr/drivers/sensor/libdrivers__sensor.a
[pujjolo:rw] [234/411] Building C object zephyr/arch/arch/arm/core/mpu/CMakeFiles/arch__arm__core__mpu.dir/arm_mpu.c.obj
[pujjolo:rw] [235/411] Building C object zephyr/lib/libc/picolibc/CMakeFiles/lib__libc__picolibc.dir/cbprintf.c.obj
[pujjolo:rw] [236/411] Linking CXX static library zephyr/arch/arch/arm/core/mpu/libarch__arm__core__mpu.a
[pujjolo:rw] [237/411] Building C object zephyr/lib/libc/picolibc/CMakeFiles/lib__libc__picolibc.dir/assert.c.obj
[pujjolo:rw] [238/411] Building C object zephyr/lib/libc/picolibc/CMakeFiles/lib__libc__picolibc.dir/chk_fail.c.obj
[pujjolo:rw] [239/411] Building C object zephyr/lib/libc/common/CMakeFiles/lib__libc__common.dir/source/time/time.c.obj
[npcx9:ro] [178/321] Building C object zephyr/drivers/pwm/CMakeFiles/drivers__pwm.dir/pwm_npcx.c.obj
[npcx-aic:ro] [18/279] Building C object CMakeFiles/app.dir/mnt/host/source/src/platform/ec/build/zephyr/npcx-aic/modules/ec/common/peripheral.c.obj
[pujjolo:rw] [240/411] Building C object zephyr/lib/libc/picolibc/CMakeFiles/lib__libc__picolibc.dir/errno_wrap.c.obj
[npcx9:ro] [179/321] Linking C static library zephyr/drivers/pwm/libdrivers__pwm.a
[npcx9:ro] [180/321] Building C object zephyr/drivers/syscon/CMakeFiles/drivers__syscon.dir/syscon.c.obj
[pujjolo:rw] [241/411] Building C object zephyr/lib/posix/c_lib_ext/CMakeFiles/lib__posix__c_lib_ext.dir/fnmatch.c.obj
[ptlgcs:ro] [301/375] Building C object CMakeFiles/app.dir/mnt/host/source/src/platform/ec/build/zephyr/ptlgcs/modules/ec/common/uart_hostcmd.c.obj
[npcx9:ro] [181/321] Building C object zephyr/drivers/timer/CMakeFiles/drivers__timer.dir/sys_clock_init.c.obj
[npcx9:ro] [182/321] Linking C static library zephyr/drivers/syscon/libdrivers__syscon.a
[pujjolo:rw] [242/411] Building C object zephyr/lib/libc/picolibc/CMakeFiles/lib__libc__picolibc.dir/exit.c.obj
[ptlgcs:ro] [302/375] Building C object CMakeFiles/app.dir/mnt/host/source/src/platform/ec/build/zephyr/ptlgcs/modules/ec/common/host_event_commands.c.obj
[pujjolo:rw] [243/411] Building C object zephyr/lib/libc/picolibc/CMakeFiles/lib__libc__picolibc.dir/locks.c.obj
[npcx9:ro] [183/321] Building C object zephyr/drivers/sensor/nuvoton/nuvoton_tach_npcx/CMakeFiles/drivers__sensor__nuvoton__nuvoton_tach_npcx.dir/tach_nuvoton_npcx.c.obj
[npcx9:ro] [184/321] Building C object zephyr/drivers/serial/CMakeFiles/drivers__serial.dir/uart_npcx.c.obj
[pujjolo:rw] [244/411] Building C object zephyr/subsys/crc/CMakeFiles/subsys__crc.dir/crc4_sw.c.obj
[npcx9:ro] [185/321] Linking C static library zephyr/drivers/sensor/nuvoton/nuvoton_tach_npcx/libdrivers__sensor__nuvoton__nuvoton_tach_npcx.a
[npcx9:ro] [186/321] Linking C static library zephyr/drivers/serial/libdrivers__serial.a
[pujjolo:rw] [245/411] Building C object zephyr/lib/libc/common/CMakeFiles/lib__libc__common.dir/source/stdlib/abort.c.obj
[pujjolo:rw] [246/411] Building C object zephyr/subsys/crc/CMakeFiles/subsys__crc.dir/crc8_sw.c.obj
[pujjolo:rw] [247/411] Building C object zephyr/subsys/crc/CMakeFiles/subsys__crc.dir/crc16_sw.c.obj
[pujjolo:rw] [248/411] Building C object zephyr/lib/libc/picolibc/CMakeFiles/lib__libc__picolibc.dir/stdio.c.obj
[pujjolo:rw] [249/411] Linking CXX static library zephyr/lib/libc/common/liblib__libc__common.a
[npcx-aic:ro] [19/279] Building C object CMakeFiles/app.dir/mnt/host/source/src/platform/ec/build/zephyr/npcx-aic/modules/ec/common/printf.c.obj
[pujjolo:rw] [250/411] Linking CXX static library zephyr/lib/libc/picolibc/liblib__libc__picolibc.a
[/mnt/host/source/src/platform/ec/build/zephyr/rull-lcov]   /mnt/host/source/src/platform/ec/build/zephyr/rull/build-ro/zephyr/CMakeFiles/zephyr.dir/soc/ite/ec/it8xxx2/check_regs.c.gcno:no functions found
[/mnt/host/source/src/platform/ec/build/zephyr/rull-lcov] stderr:
[pujjolo:rw] [251/411] Building C object zephyr/subsys/crc/CMakeFiles/subsys__crc.dir/crc24_sw.c.obj
[pujjolo:rw] [252/411] Building C object zephyr/subsys/crc/CMakeFiles/subsys__crc.dir/crc7_sw.c.obj
[npcx9:ro] [187/321] Building C object zephyr/drivers/timer/CMakeFiles/drivers__timer.dir/npcx_itim_timer.c.obj
[pujjolo:rw] [253/411] Building C object zephyr/subsys/crc/CMakeFiles/subsys__crc.dir/crc32c_sw.c.obj
[pujjolo:rw] [254/411] Building C object zephyr/subsys/crc/CMakeFiles/subsys__crc.dir/crc32_sw.c.obj
[pujjolo:rw] [255/411] Building C object zephyr/lib/posix/c_lib_ext/CMakeFiles/lib__posix__c_lib_ext.dir/getentropy.c.obj
[npcx9:ro] [188/321] Building C object zephyr/drivers/watchdog/CMakeFiles/drivers__watchdog.dir/wdt_shell.c.obj
[npcx9:ro] [189/321] Linking C static library zephyr/drivers/timer/libdrivers__timer.a
[pujjolo:rw] [256/411] Building C object zephyr/subsys/crc/CMakeFiles/subsys__crc.dir/crc32k_4_2_sw.c.obj
[npcx9:ro] [190/321] Building C object zephyr/drivers/watchdog/CMakeFiles/drivers__watchdog.dir/wdt_npcx.c.obj
[pujjolo:rw] [257/411] Building C object zephyr/lib/smf/CMakeFiles/lib__smf.dir/smf.c.obj
[pujjolo:rw] [258/411] Linking CXX static library zephyr/subsys/crc/libsubsys__crc.a
[npcx9:ro] [191/321] Linking C static library zephyr/drivers/watchdog/libdrivers__watchdog.a
[pujjolo:rw] [259/411] Building C object zephyr/subsys/input/CMakeFiles/subsys__input.dir/input_hid.c.obj
[pujjolo:rw] [260/411] Building C object zephyr/lib/posix/c_lib_ext/CMakeFiles/lib__posix__c_lib_ext.dir/getopt_shim.c.obj
[pujjolo:rw] [261/411] Linking CXX static library zephyr/lib/smf/liblib__smf.a
[pujjolo:rw] [262/411] Linking CXX static library zephyr/lib/posix/c_lib_ext/liblib__posix__c_lib_ext.a
[ptlgcs:ro] [303/375] Building C object CMakeFiles/app.dir/mnt/host/source/src/platform/ec/build/zephyr/ptlgcs/modules/ec/common/uptime.c.obj
[npcx9:ro] [192/321] Building C object modules/ec/zephyr/CMakeFiles/ec_shim.dir/app/ec/ec_app_main.c.obj
[ptlgcs:ro] [304/375] Building C object CMakeFiles/app.dir/mnt/host/source/src/platform/ec/build/zephyr/ptlgcs/modules/ec/common/i2c_controller.c.obj
[npcx9:ro] [193/321] Building C object modules/ec/zephyr/CMakeFiles/ec_shim.dir/app/ec/main_shim.c.obj
[npcx-aic:ro] [20/279] Building C object CMakeFiles/app.dir/mnt/host/source/src/platform/ec/build/zephyr/npcx-aic/modules/ec/common/queue.c.obj
[pujjolo:rw] [263/411] Building C object zephyr/subsys/input/CMakeFiles/subsys__input.dir/input.c.obj
[npcx9:ro] [194/321] Building C object modules/ec/zephyr/CMakeFiles/ec_shim.dir/drivers/cros_kb_raw/cros_kb_raw_npcx.c.obj
[npcx9:ro] [195/321] Building C object modules/ec/zephyr/CMakeFiles/ec_shim.dir/drivers/cros_flash/cros_flash_npcx.c.obj
[npcx9:ro] [196/321] Building C object modules/ec/zephyr/CMakeFiles/ec_shim.dir/drivers/cros_kblight/pwm_kblight.c.obj
[pujjolo:rw] [264/411] Building C object zephyr/drivers/interrupt_controller/CMakeFiles/drivers__interrupt_controller.dir/intc_miwu.c.obj
[pujjolo:rw] [265/411] Building C object zephyr/drivers/bbram/CMakeFiles/drivers__bbram.dir/bbram_npcx.c.obj
[pujjolo:rw] [266/411] Linking CXX static library zephyr/drivers/interrupt_controller/libdrivers__interrupt_controller.a
[pujjolo:rw] [267/411] Building C object zephyr/drivers/clock_control/CMakeFiles/drivers__clock_control.dir/clock_control_npcx.c.obj
[npcx9:ro] [197/321] Building C object modules/ec/zephyr/CMakeFiles/ec_shim.dir/drivers/cros_rtc/cros_rtc_npcx.c.obj
[pujjolo:rw] [268/411] Linking CXX static library zephyr/drivers/bbram/libdrivers__bbram.a
[pujjolo:rw] [269/411] Linking CXX static library zephyr/drivers/clock_control/libdrivers__clock_control.a
[pujjolo:rw] [270/411] Building C object zephyr/drivers/adc/CMakeFiles/drivers__adc.dir/adc_common.c.obj
[pujjolo:rw] [271/411] Building C object zephyr/subsys/input/CMakeFiles/subsys__input.dir/input_utils.c.obj
[ptlgcs:ro] [305/375] Building C object CMakeFiles/app.dir/mnt/host/source/src/platform/ec/build/zephyr/ptlgcs/modules/ec/common/i2c_passthru.c.obj
[pujjolo:rw] [272/411] Linking CXX static library zephyr/subsys/input/libsubsys__input.a
[npcx9:ro] [198/321] Building C object modules/ec/zephyr/CMakeFiles/ec_shim.dir/drivers/cros_system/cros_system_npcx.c.obj
[pujjolo:rw] [273/411] Building C object zephyr/drivers/console/CMakeFiles/drivers__console.dir/uart_console.c.obj
[ptlgcs:ro] [306/375] Building C object CMakeFiles/app.dir/mnt/host/source/src/platform/ec/build/zephyr/ptlgcs/modules/ec/common/keyboard_8042.c.obj
[npcx-aic:ro] [21/279] Building C object CMakeFiles/app.dir/mnt/host/source/src/platform/ec/build/zephyr/npcx-aic/modules/ec/common/system.c.obj
[npcx9:ro] [199/321] Building C object modules/ec/zephyr/CMakeFiles/ec_shim.dir/shim/chip/npcx/clock.c.obj
[npcx9:ro] [200/321] Building C object modules/ec/zephyr/CMakeFiles/ec_shim.dir/drivers/vivaldi_kbd/vivaldi_kbd.c.obj
[pujjolo:rw] [274/411] Linking CXX static library zephyr/drivers/console/libdrivers__console.a
[npcx9:ro] [201/321] Building C object modules/ec/zephyr/CMakeFiles/ec_shim.dir/shim/chip/npcx/gpio.c.obj
[pujjolo:rw] [275/411] Building C object zephyr/drivers/adc/CMakeFiles/drivers__adc.dir/adc_npcx.c.obj
[pujjolo:rw] [276/411] Linking CXX static library zephyr/drivers/adc/libdrivers__adc.a
[npcx9:ro] [202/321] Building C object modules/ec/zephyr/CMakeFiles/ec_shim.dir/shim/chip/npcx/rom_chip.c.obj
[pujjolo:rw] [277/411] Building C object zephyr/drivers/flash/CMakeFiles/drivers__flash.dir/jesd216.c.obj
[npcx9:ro] [203/321] Building C object modules/ec/zephyr/CMakeFiles/ec_shim.dir/shim/chip/npcx/keyboard_raw.c.obj
[pujjolo:rw] [278/411] Building C object zephyr/drivers/crypto/CMakeFiles/drivers__crypto.dir/crypto_npcx_sha.c.obj
[pujjolo:rw] [279/411] Linking CXX static library zephyr/drivers/crypto/libdrivers__crypto.a
[npcx9:ro] [204/321] Building C object modules/ec/zephyr/CMakeFiles/ec_shim.dir/shim/chip/npcx/system_download_from_flash.c.obj
[ptlgcs:ro] [307/375] Building C object CMakeFiles/app.dir/mnt/host/source/src/platform/ec/build/zephyr/ptlgcs/modules/ec/common/keyboard_8042_sharedlib.c.obj
[npcx9:ro] [205/321] Building C object modules/ec/zephyr/CMakeFiles/ec_shim.dir/shim/chip/npcx/system.c.obj
[npcx-aic:ro] [22/279] Building C object CMakeFiles/app.dir/mnt/host/source/src/platform/ec/build/zephyr/npcx-aic/modules/ec/common/system_boot_time.c.obj
[npcx9:ro] [206/321] Building C object modules/ec/zephyr/CMakeFiles/ec_shim.dir/shim/chip/npcx/system_external_storage.c.obj
[ptlgcs:ro] [308/375] Building C object CMakeFiles/app.dir/mnt/host/source/src/platform/ec/build/zephyr/ptlgcs/modules/ec/common/mkbp_fifo.c.obj
[pujjolo:rw] [280/411] Building C object zephyr/drivers/espi/CMakeFiles/drivers__espi.dir/host_subs_npcx.c.obj
[pujjolo:rw] [281/411] Building C object zephyr/drivers/flash/CMakeFiles/drivers__flash.dir/flash_npcx_fiu_nor.c.obj
[pujjolo:rw] [282/411] Building C object zephyr/drivers/flash/CMakeFiles/drivers__flash.dir/flash_npcx_fiu_qspi.c.obj
[npcx9:ro] [207/321] Building C object modules/ec/zephyr/CMakeFiles/ec_shim.dir/shim/chip/npcx/power_policy.c.obj
[pujjolo:rw] [283/411] Building C object zephyr/drivers/espi/CMakeFiles/drivers__espi.dir/espi_npcx.c.obj
[pujjolo:rw] [284/411] Linking CXX static library zephyr/drivers/flash/libdrivers__flash.a
[pujjolo:rw] [285/411] Linking CXX static library zephyr/drivers/espi/libdrivers__espi.a
[npcx9:ro] [208/321] Building C object modules/ec/zephyr/CMakeFiles/ec_shim.dir/shim/src/crc.c.obj
[pujjolo:rw] [286/411] Building C object zephyr/drivers/gpio/CMakeFiles/drivers__gpio.dir/gpio_npcx.c.obj
[npcx9:ro] [209/321] Building C object modules/ec/zephyr/CMakeFiles/ec_shim.dir/shim/core/cortex-m/irq_command.c.obj
[pujjolo:rw] [287/411] Building C object zephyr/drivers/i2c/CMakeFiles/drivers__i2c.dir/i2c_common.c.obj
[npcx9:ro] [210/321] Building C object modules/ec/zephyr/CMakeFiles/ec_shim.dir/shim/core/cortex-m/mpu.c.obj
[pujjolo:rw] [288/411] Linking CXX static library zephyr/drivers/gpio/libdrivers__gpio.a
[npcx-aic:ro] [23/279] Building C object CMakeFiles/app.dir/mnt/host/source/src/platform/ec/build/zephyr/npcx-aic/modules/ec/common/uart_printf.c.obj
[npcx9:ro] [211/321] Building C object modules/ec/zephyr/CMakeFiles/ec_shim.dir/shim/core/cortex-m/panic.c.obj
[ptlgcs:ro] [309/375] Building C object CMakeFiles/app.dir/mnt/host/source/src/platform/ec/build/zephyr/ptlgcs/modules/ec/common/mkbp_info.c.obj
[ptlgcs:ro] [310/375] Building C object CMakeFiles/app.dir/mnt/host/source/src/platform/ec/build/zephyr/ptlgcs/modules/ec/common/mkbp_input_devices.c.obj
[npcx9:ro] [212/321] Building C object modules/ec/zephyr/CMakeFiles/ec_shim.dir/shim/src/console.c.obj
[pujjolo:rw] [289/411] Building C object zephyr/drivers/i2c/CMakeFiles/drivers__i2c.dir/i2c_npcx_controller_fifo.c.obj
[pujjolo:rw] [290/411] Building C object zephyr/drivers/i2c/CMakeFiles/drivers__i2c.dir/i2c_shell.c.obj
[pujjolo:rw] [291/411] Building C object zephyr/drivers/pinctrl/CMakeFiles/drivers__pinctrl.dir/common.c.obj
[npcx9:ro] [213/321] Building C object modules/ec/zephyr/CMakeFiles/ec_shim.dir/shim/src/gpio.c.obj
[npcx9:ro] [214/321] Building C object modules/ec/zephyr/CMakeFiles/ec_shim.dir/shim/src/panic_utils.c.obj
[pujjolo:rw] [292/411] Building C object zephyr/drivers/input/CMakeFiles/drivers__input.dir/input_kbd_matrix.c.obj
[npcx9:ro] [215/321] Building C object modules/ec/zephyr/CMakeFiles/ec_shim.dir/shim/src/gpio_int.c.obj
[npcx9:ro] [216/321] Building C object modules/ec/zephyr/CMakeFiles/ec_shim.dir/shim/src/pm_state.c.obj
[npcx-aic:ro] [24/279] Building C object CMakeFiles/app.dir/mnt/host/source/src/platform/ec/build/zephyr/npcx-aic/modules/ec/common/util.c.obj
[pujjolo:rw] [293/411] Building C object zephyr/drivers/i2c/CMakeFiles/drivers__i2c.dir/i2c_npcx_port.c.obj
[pujjolo:rw] [294/411] Linking CXX static library zephyr/drivers/sensor/libdrivers__sensor.a
[npcx9:ro] [217/321] Building ASM object modules/ec/zephyr/CMakeFiles/ec_shim.dir/shim/src/libgcc_arm.S.obj
[pujjolo:rw] [295/411] Building C object zephyr/drivers/i2c/CMakeFiles/drivers__i2c.dir/i2c_npcx_controller.c.obj
[pujjolo:rw] [296/411] Building C object zephyr/drivers/input/CMakeFiles/drivers__input.dir/input_npcx_kbd.c.obj
[npcx9:ro] [218/321] Building C object modules/ec/zephyr/CMakeFiles/ec_shim.dir/shim/src/cbi/cros_cbi.c.obj
[pujjolo:rw] [297/411] Linking CXX static library zephyr/drivers/i2c/libdrivers__i2c.a
[pujjolo:rw] [298/411] Linking CXX static library zephyr/drivers/input/libdrivers__input.a
[ptlgcs:ro] [311/375] Building C object CMakeFiles/app.dir/mnt/host/source/src/platform/ec/build/zephyr/ptlgcs/modules/ec/common/led_common.c.obj
[pujjolo:rw] [299/411] Building C object zephyr/drivers/pinctrl/CMakeFiles/drivers__pinctrl.dir/pinctrl_npcx.c.obj
[pujjolo:rw] [300/411] Linking CXX static library zephyr/drivers/pinctrl/libdrivers__pinctrl.a
[ptlgcs:ro] [312/375] Building C object CMakeFiles/app.dir/mnt/host/source/src/platform/ec/build/zephyr/ptlgcs/modules/ec/common/lid_switch.c.obj
[npcx-aic:ro] [25/279] Building C object CMakeFiles/app.dir/mnt/host/source/src/platform/ec/build/zephyr/npcx-aic/modules/ec/common/version.c.obj
[pujjolo:rw] [301/411] Building C object zephyr/drivers/pwm/CMakeFiles/drivers__pwm.dir/pwm_shell.c.obj
[npcx9:ro] [219/321] Building C object modules/ec/zephyr/CMakeFiles/ec_shim.dir/shim/src/system.c.obj
[npcx9:ro] [220/321] Building C object modules/ec/zephyr/CMakeFiles/ec_shim.dir/shim/src/adc.c.obj
[pujjolo:rw] [302/411] Building C object zephyr/drivers/pwm/CMakeFiles/drivers__pwm.dir/pwm_npcx.c.obj
[pujjolo:rw] [303/411] Linking CXX static library zephyr/drivers/pwm/libdrivers__pwm.a
[npcx9:ro] [221/321] Building C object modules/ec/zephyr/CMakeFiles/ec_shim.dir/shim/src/espi.c.obj
[pujjolo:rw] [304/411] Building C object zephyr/drivers/syscon/CMakeFiles/drivers__syscon.dir/syscon.c.obj
[npcx9:ro] [222/321] Building C object modules/ec/zephyr/CMakeFiles/ec_shim.dir/shim/src/fan.c.obj
[npcx9:ro] [223/321] Building C object modules/ec/zephyr/CMakeFiles/ec_shim.dir/shim/src/flash.c.obj
[pujjolo:rw] [305/411] Linking CXX static library zephyr/drivers/syscon/libdrivers__syscon.a
[pujjolo:rw] [306/411] Building C object zephyr/drivers/sensor/nuvoton/nuvoton_adc_cmp_npcx/CMakeFiles/drivers__sensor__nuvoton__nuvoton_adc_cmp_npcx.dir/adc_cmp_npcx.c.obj
[pujjolo:rw] [307/411] Building C object zephyr/drivers/sensor/nuvoton/nuvoton_tach_npcx/CMakeFiles/drivers__sensor__nuvoton__nuvoton_tach_npcx.dir/tach_nuvoton_npcx.c.obj
[ptlgcs:ro] [313/375] Building C object CMakeFiles/app.dir/mnt/host/source/src/platform/ec/build/zephyr/ptlgcs/modules/ec/common/mkbp_event.c.obj
[pujjolo:rw] [308/411] Linking CXX static library zephyr/drivers/sensor/nuvoton/nuvoton_adc_cmp_npcx/libdrivers__sensor__nuvoton__nuvoton_adc_cmp_npcx.a
[pujjolo:rw] [309/411] Linking CXX static library zephyr/drivers/sensor/nuvoton/nuvoton_tach_npcx/libdrivers__sensor__nuvoton__nuvoton_tach_npcx.a
[pujjolo:rw] [310/411] Building C object zephyr/drivers/timer/CMakeFiles/drivers__timer.dir/sys_clock_init.c.obj
[/mnt/host/source/src/platform/ec/build/zephyr/rull-lcov]   /mnt/host/source/src/platform/ec/build/zephyr/rull/build-ro/zephyr/drivers/sensor/CMakeFiles/drivers__sensor.dir/mnt/host/source/src/third_party/zephyr/main/misc/empty_file.c.gcno:no functions found
[/mnt/host/source/src/platform/ec/build/zephyr/rull-lcov] stderr:
[ptlgcs:ro] [314/375] Building C object CMakeFiles/app.dir/mnt/host/source/src/platform/ec/build/zephyr/ptlgcs/modules/ec/common/port80.c.obj
[pujjolo:rw] [311/411] Building C object zephyr/drivers/serial/CMakeFiles/drivers__serial.dir/uart_npcx.c.obj
[pujjolo:rw] [312/411] Linking CXX static library zephyr/drivers/serial/libdrivers__serial.a
[npcx9:ro] [224/321] Building C object modules/ec/zephyr/CMakeFiles/ec_shim.dir/shim/src/host_command.c.obj
[npcx9:ro] [225/321] Building C object modules/ec/zephyr/CMakeFiles/ec_shim.dir/shim/src/hooks.c.obj
[pujjolo:rw] [313/411] Building C object zephyr/drivers/timer/CMakeFiles/drivers__timer.dir/npcx_itim_timer.c.obj
[/mnt/host/source/src/platform/ec/build/zephyr/rull-lcov]   /mnt/host/source/src/platform/ec/build/zephyr/rull/build-rw/modules/ec/zephyr/CMakeFiles/ec_shim.dir/shim/src/thermal.c.gcno:no functions found
[/mnt/host/source/src/platform/ec/build/zephyr/rull-lcov] stderr:
[npcx-aic:ro] [26/279] Building C object CMakeFiles/app.dir/mnt/host/source/src/platform/ec/build/zephyr/npcx-aic/modules/ec/common/adc.c.obj
[pujjolo:rw] [314/411] Linking CXX static library zephyr/drivers/timer/libdrivers__timer.a
[npcx9:ro] [226/321] Building C object modules/ec/zephyr/CMakeFiles/ec_shim.dir/shim/src/console_buffer.c.obj
[npcx9:ro] [227/321] Building C object modules/ec/zephyr/CMakeFiles/ec_shim.dir/shim/src/keyboard_raw.c.obj
[npcx9:ro] [228/321] Building C object modules/ec/zephyr/CMakeFiles/ec_shim.dir/shim/src/keyscan.c.obj
[pujjolo:rw] [315/411] Building C object zephyr/drivers/watchdog/CMakeFiles/drivers__watchdog.dir/wdt_npcx.c.obj
[/mnt/host/source/src/platform/ec/build/zephyr/rull-lcov]   /mnt/host/source/src/platform/ec/build/zephyr/rull/build-rw/modules/ec/zephyr/CMakeFiles/ec_shim.dir/shim/src/battery.c.gcno:no functions found
[/mnt/host/source/src/platform/ec/build/zephyr/rull-lcov] stderr:
[/mnt/host/source/src/platform/ec/build/zephyr/rull-lcov]   /mnt/host/source/src/platform/ec/build/zephyr/rull/build-rw/modules/ec/zephyr/CMakeFiles/ec_shim.dir/shim/src/charger.c.gcno:no functions found
[/mnt/host/source/src/platform/ec/build/zephyr/rull-lcov] stderr:
[ptlgcs:ro] [315/375] Building C object CMakeFiles/app.dir/mnt/host/source/src/platform/ec/build/zephyr/ptlgcs/modules/ec/common/power_button.c.obj
[pujjolo:rw] [316/411] Building C object modules/ec/zephyr/CMakeFiles/ec_shim.dir/app/ec/main_shim.c.obj
[pujjolo:rw] [317/411] Building C object zephyr/drivers/watchdog/CMakeFiles/drivers__watchdog.dir/wdt_shell.c.obj
[ptlgcs:ro] [316/375] Building C object CMakeFiles/app.dir/mnt/host/source/src/platform/ec/build/zephyr/ptlgcs/modules/ec/power/hibernate.c.obj
[pujjolo:rw] [318/411] Building C object modules/ec/zephyr/CMakeFiles/ec_shim.dir/drivers/keyboard_input/keyboard_customization_check.c.obj
[pujjolo:rw] [319/411] Linking CXX static library zephyr/drivers/watchdog/libdrivers__watchdog.a
[npcx9:ro] [229/321] Building C object modules/ec/zephyr/CMakeFiles/ec_shim.dir/shim/src/panic.c.obj
[npcx-aic:ro] [27/279] Building C object CMakeFiles/app.dir/mnt/host/source/src/platform/ec/build/zephyr/npcx-aic/modules/ec/common/cbi_common.c.obj
[pujjolo:rw] [320/411] Building C object modules/ec/zephyr/CMakeFiles/ec_shim.dir/app/ec/ec_app_main.c.obj
[npcx9:ro] [230/321] Building C object modules/ec/zephyr/CMakeFiles/ec_shim.dir/shim/src/pwm_hc.c.obj
[npcx9:ro] [231/321] Building C object modules/ec/zephyr/CMakeFiles/ec_shim.dir/shim/src/hwtimer.c.obj
[pujjolo:rw] [321/411] Building C object modules/ec/zephyr/CMakeFiles/ec_shim.dir/drivers/cros_flash/cros_flash_npcx.c.obj
[npcx9:ro] [232/321] Building C object modules/ec/zephyr/CMakeFiles/ec_shim.dir/shim/src/rtc.c.obj
[pujjolo:rw] [322/411] Building C object modules/ec/zephyr/CMakeFiles/ec_shim.dir/mnt/host/source/src/platform/ec/build/zephyr/pujjolo/modules/ec/common/lid_angle_keyboard_policy.c.obj
[pujjolo:rw] [323/411] Building C object modules/ec/zephyr/CMakeFiles/ec_shim.dir/drivers/cros_system/cros_system_npcx.c.obj
[npcx9:ro] [233/321] Building C object modules/ec/zephyr/CMakeFiles/ec_shim.dir/shim/src/i2c.c.obj
[npcx9:ro] [234/321] cd /mnt/host/source/src/platform/ec/build/zephyr/npcx9/build-ro/modules/ec/zephyr && PYTHONPATH=/mnt/host/source/src/platform/ec/build/zephyr/npcx9/modules/ec/zephyr/zmake/ /usr/bin/python3.11 /mnt/host/source/src/platform/ec/build/zephyr/npcx9/modules/ec/zephyr/zmake/zephyr_build_tools/generate_ec_version.py /mnt/host/source/src/platform/ec/build/zephyr/npcx9/build-ro/modules/ec/zephyr/include/ec_version.h --name Zephyr-Kernel --version 16543.0.0 --static
[/mnt/host/source/src/platform/ec/build/zephyr/rull-lcov]   /mnt/host/source/src/platform/ec/build/zephyr/rull/build-rw/modules/ec/zephyr/CMakeFiles/ec_shim.dir/shim/src/usb_muxes.c.gcno:no functions found
[/mnt/host/source/src/platform/ec/build/zephyr/rull-lcov] stderr:
[ptlgcs:ro] [317/375] Building C object CMakeFiles/app.dir/mnt/host/source/src/platform/ec/build/zephyr/ptlgcs/modules/ec/common/sha256.c.obj
[ptlgcs:ro] [318/375] Building C object CMakeFiles/app.dir/mnt/host/source/src/platform/ec/build/zephyr/ptlgcs/modules/ec/common/panic_output.c.obj
[pujjolo:rw] [324/411] Building C object modules/ec/zephyr/CMakeFiles/ec_shim.dir/drivers/keyboard_input/keyboard_input.c.obj
[pujjolo:rw] [325/411] Building C object modules/ec/zephyr/CMakeFiles/ec_shim.dir/drivers/usbc/ucsi_v3.c.obj
[npcx9:ro] INFO:root:Using a static version string
[npcx9:ro] INFO:root:Version string: Zephyr-Kernel-16543.0.0
[npcx9:ro] INFO:root:Writing header to /mnt/host/source/src/platform/ec/build/zephyr/npcx9/build-ro/modules/ec/zephyr/include/ec_version.h
[npcx9:ro] [235/321] Building C object modules/ec/zephyr/CMakeFiles/ec_shim.dir/shim/src/tasks.c.obj
[npcx9:ro] [236/321] Building C object modules/ec/zephyr/CMakeFiles/ec_shim.dir/shim/src/usbc_stub.c.obj
[npcx-aic:ro] [28/279] Building C object CMakeFiles/app.dir/mnt/host/source/src/platform/ec/build/zephyr/npcx-aic/modules/ec/common/cbi.c.obj
[npcx9:ro] [237/321] Building C object modules/ec/zephyr/CMakeFiles/ec_shim.dir/shim/src/watchdog.c.obj
[npcx9:ro] [238/321] Building C object zephyr/kernel/CMakeFiles/kernel.dir/main_weak.c.obj
[pujjolo:rw] [326/411] Building C object modules/ec/zephyr/CMakeFiles/ec_shim.dir/drivers/keyboard_input/col_gpio_drive.c.obj
[npcx9:ro] [239/321] Building C object CMakeFiles/app.dir/mnt/host/source/src/platform/ec/zephyr/subsys/ap_pwrseq/ap_events.c.obj
[pujjolo:rw] [327/411] Building C object modules/ec/zephyr/CMakeFiles/ec_shim.dir/drivers/keyboard_factory_test/keyboard_factory_test.c.obj
[pujjolo:rw] [328/411] Building C object modules/ec/zephyr/CMakeFiles/ec_shim.dir/drivers/runtime_keys/runtime_keys.c.obj
[ptlgcs:ro] [319/375] Building C object CMakeFiles/app.dir/mnt/host/source/src/platform/ec/build/zephyr/ptlgcs/modules/ec/common/shared_mem.c.obj
[npcx9:ro] [240/321] Building C object CMakeFiles/app.dir/mnt/host/source/src/platform/ec/build/zephyr/npcx9/modules/ec/builtin/stdlib.c.obj
[pujjolo:rw] [329/411] Building C object modules/ec/zephyr/CMakeFiles/ec_shim.dir/drivers/boot_keys/boot_keys.c.obj
[ptlgcs:ro] [320/375] Building C object CMakeFiles/app.dir/mnt/host/source/src/platform/ec/build/zephyr/ptlgcs/modules/ec/common/switch.c.obj
[npcx-aic:ro] [29/279] Building C object CMakeFiles/app.dir/mnt/host/source/src/platform/ec/build/zephyr/npcx-aic/modules/ec/common/cbi_config.c.obj
[npcx9:ro] [241/321] Building C object CMakeFiles/app.dir/mnt/host/source/src/platform/ec/build/zephyr/npcx9/modules/ec/common/console_output.c.obj
[npcx9:ro] [242/321] Building C object CMakeFiles/app.dir/mnt/host/source/src/platform/ec/build/zephyr/npcx9/modules/ec/common/base32.c.obj
[npcx9:ro] [243/321] Building C object CMakeFiles/app.dir/mnt/host/source/src/platform/ec/build/zephyr/npcx9/modules/ec/common/ec_features.c.obj
[pujjolo:rw] [330/411] Building C object modules/ec/zephyr/CMakeFiles/ec_shim.dir/drivers/vivaldi_kbd/vivaldi_kbd.c.obj
[pujjolo:rw] [331/411] Building C object modules/ec/zephyr/CMakeFiles/ec_shim.dir/shim/chip/npcx/clock.c.obj
[npcx9:ro] [244/321] Building C object CMakeFiles/app.dir/mnt/host/source/src/platform/ec/build/zephyr/npcx9/modules/ec/common/gpio_commands.c.obj
[pujjolo:rw] [332/411] Building C object modules/ec/zephyr/CMakeFiles/ec_shim.dir/drivers/usbc/pdc_rts54xx.c.obj
[pujjolo:rw] [333/411] Building C object modules/ec/zephyr/CMakeFiles/ec_shim.dir/shim/chip/npcx/rom_chip.c.obj
[ptlgcs:ro] [321/375] Building C object CMakeFiles/app.dir/mnt/host/source/src/platform/ec/build/zephyr/ptlgcs/modules/ec/common/spi_flash_reg.c.obj
[npcx9:ro] [245/321] Building C object CMakeFiles/app.dir/mnt/host/source/src/platform/ec/build/zephyr/npcx9/modules/ec/common/peripheral.c.obj
[npcx-aic:ro] [30/279] Building C object CMakeFiles/app.dir/mnt/host/source/src/platform/ec/build/zephyr/npcx-aic/modules/ec/common/memory_commands.c.obj
[ptlgcs:ro] [322/375] Building C object CMakeFiles/app.dir/mnt/host/source/src/platform/ec/build/zephyr/ptlgcs/modules/ec/common/thermal.c.obj
[npcx9:ro] [246/321] Building C object CMakeFiles/app.dir/mnt/host/source/src/platform/ec/build/zephyr/npcx9/modules/ec/common/printf.c.obj
[pujjolo:rw] [334/411] Building C object modules/ec/zephyr/CMakeFiles/ec_shim.dir/shim/chip/npcx/system.c.obj
[pujjolo:rw] [335/411] Building C object modules/ec/zephyr/CMakeFiles/ec_shim.dir/shim/chip/npcx/gpio.c.obj
[npcx9:ro] [247/321] Building C object CMakeFiles/app.dir/mnt/host/source/src/platform/ec/build/zephyr/npcx9/modules/ec/common/queue.c.obj
[/mnt/host/source/src/platform/ec/build/zephyr/rull-lcov]   /mnt/host/source/src/platform/ec/build/zephyr/rull/build-rw/modules/ec/zephyr/CMakeFiles/ec_shim.dir/shim/src/usba.c.gcno:no functions found
[/mnt/host/source/src/platform/ec/build/zephyr/rull-lcov] stderr:
[npcx9:ro] [248/321] Building C object CMakeFiles/app.dir/mnt/host/source/src/platform/ec/build/zephyr/npcx9/modules/ec/common/system.c.obj
[pujjolo:rw] [336/411] Building C object modules/ec/zephyr/CMakeFiles/ec_shim.dir/shim/src/crc.c.obj
[pujjolo:rw] [337/411] Building C object modules/ec/zephyr/CMakeFiles/ec_shim.dir/shim/chip/npcx/system_external_storage.c.obj
[pujjolo:rw] [338/411] Building C object modules/ec/zephyr/CMakeFiles/ec_shim.dir/shim/chip/npcx/power_policy.c.obj
[npcx9:ro] [249/321] Building C object CMakeFiles/app.dir/mnt/host/source/src/platform/ec/build/zephyr/npcx9/modules/ec/common/system_boot_time.c.obj
[pujjolo:rw] [339/411] Building C object modules/ec/zephyr/CMakeFiles/ec_shim.dir/shim/core/cortex-m/panic.c.obj
[pujjolo:rw] [340/411] Building C object modules/ec/zephyr/CMakeFiles/ec_shim.dir/shim/core/cortex-m/mpu.c.obj
[npcx9:ro] [250/321] Building C object CMakeFiles/app.dir/mnt/host/source/src/platform/ec/build/zephyr/npcx9/modules/ec/common/uart_printf.c.obj
[npcx-aic:ro] [31/279] Building C object CMakeFiles/app.dir/mnt/host/source/src/platform/ec/build/zephyr/npcx-aic/modules/ec/common/ap_reset_log.c.obj
[npcx9:ro] [251/321] Building C object CMakeFiles/app.dir/mnt/host/source/src/platform/ec/build/zephyr/npcx9/modules/ec/common/util.c.obj
[ptlgcs:ro] [323/375] Building C object CMakeFiles/app.dir/mnt/host/source/src/platform/ec/build/zephyr/ptlgcs/modules/ec/common/temp_sensor.c.obj
[npcx9:ro] [252/321] Building C object CMakeFiles/app.dir/mnt/host/source/src/platform/ec/build/zephyr/npcx9/modules/ec/common/version.c.obj
[pujjolo:rw] [341/411] Building C object modules/ec/zephyr/CMakeFiles/ec_shim.dir/shim/src/console.c.obj
[npcx9:ro] [253/321] Building C object CMakeFiles/app.dir/mnt/host/source/src/platform/ec/build/zephyr/npcx9/modules/ec/common/adc.c.obj
[ptlgcs:ro] [324/375] Building C object CMakeFiles/app.dir/mnt/host/source/src/platform/ec/build/zephyr/ptlgcs/modules/ec/driver/temp_sensor/thermistor.c.obj
[pujjolo:rw] [342/411] Building C object modules/ec/zephyr/CMakeFiles/ec_shim.dir/shim/src/panic_utils.c.obj
[npcx9:ro] [254/321] Building C object CMakeFiles/app.dir/mnt/host/source/src/platform/ec/build/zephyr/npcx9/modules/ec/common/acpi.c.obj
[pujjolo:rw] [343/411] Building C object modules/ec/zephyr/CMakeFiles/ec_shim.dir/shim/src/gpio_int.c.obj
[pujjolo:rw] [344/411] Building C object modules/ec/zephyr/CMakeFiles/ec_shim.dir/shim/src/gpio.c.obj
[npcx9:ro] [255/321] Building C object CMakeFiles/app.dir/mnt/host/source/src/platform/ec/build/zephyr/npcx9/modules/ec/common/cbi_common.c.obj
[pujjolo:rw] [345/411] Building C object modules/ec/zephyr/CMakeFiles/ec_shim.dir/shim/src/pm_state.c.obj
[npcx-aic:ro] [32/279] Building C object CMakeFiles/app.dir/mnt/host/source/src/platform/ec/build/zephyr/npcx-aic/modules/ec/common/flash.c.obj
[pujjolo:rw] [346/411] Building C object modules/ec/zephyr/CMakeFiles/ec_shim.dir/shim/src/cbi/cros_cbi.c.obj
[npcx9:ro] [256/321] Building C object CMakeFiles/app.dir/mnt/host/source/src/platform/ec/build/zephyr/npcx9/modules/ec/common/cbi.c.obj
[npcx9:ro] [257/321] Building C object CMakeFiles/app.dir/mnt/host/source/src/platform/ec/build/zephyr/npcx9/modules/ec/common/cbi_config.c.obj
[ptlgcs:ro] [325/375] Building C object CMakeFiles/app.dir/mnt/host/source/src/platform/ec/build/zephyr/ptlgcs/modules/ec/common/timer.c.obj
[pujjolo:rw] [347/411] Building C object modules/ec/zephyr/CMakeFiles/ec_shim.dir/shim/src/cbi/cros_cbi_fw_config.c.obj
[npcx9:ro] [258/321] Building C object CMakeFiles/app.dir/mnt/host/source/src/platform/ec/build/zephyr/npcx9/modules/ec/common/cbi_gpio.c.obj
[ptlgcs:ro] [326/375] Building C object CMakeFiles/app.dir/mnt/host/source/src/platform/ec/build/zephyr/ptlgcs/modules/ec/common/usbc_utils.c.obj
[pujjolo:rw] [348/411] Building C object modules/ec/zephyr/CMakeFiles/ec_shim.dir/shim/src/cbi/cros_cbi_ssfc.c.obj
[npcx9:ro] [259/321] Building C object CMakeFiles/app.dir/mnt/host/source/src/platform/ec/build/zephyr/npcx9/modules/ec/common/memory_commands.c.obj
[npcx9:ro] [260/321] Building C object CMakeFiles/app.dir/mnt/host/source/src/platform/ec/build/zephyr/npcx9/modules/ec/common/ap_reset_log.c.obj
[pujjolo:rw] [349/411] Building C object modules/ec/zephyr/CMakeFiles/ec_shim.dir/shim/src/cbi/cbi_flash.c.obj
[npcx-aic:ro] [33/279] Building C object CMakeFiles/app.dir/mnt/host/source/src/platform/ec/build/zephyr/npcx-aic/modules/ec/common/host_command.c.obj
[pujjolo:rw] [350/411] Building C object modules/ec/zephyr/CMakeFiles/ec_shim.dir/shim/src/led_driver/led.c.obj
[pujjolo:rw] [351/411] Building C object modules/ec/zephyr/CMakeFiles/ec_shim.dir/shim/src/led_driver/led_pwm.c.obj
[npcx9:ro] [261/321] Building C object CMakeFiles/app.dir/mnt/host/source/src/platform/ec/build/zephyr/npcx9/modules/ec/common/espi.c.obj
[npcx9:ro] [262/321] Building C object CMakeFiles/app.dir/mnt/host/source/src/platform/ec/build/zephyr/npcx9/modules/ec/common/extpower_common.c.obj
[npcx9:ro] [263/321] Building C object CMakeFiles/app.dir/mnt/host/source/src/platform/ec/build/zephyr/npcx9/modules/ec/common/extpower_gpio.c.obj
[ptlgcs:ro] [327/375] Building C object CMakeFiles/app.dir/mnt/host/source/src/platform/ec/build/zephyr/ptlgcs/modules/ec/common/usb_common.c.obj
[pujjolo:rw] [352/411] Building C object modules/ec/zephyr/CMakeFiles/ec_shim.dir/shim/src/pdc_shim.c.obj
[pujjolo:rw] [353/411] Building C object modules/ec/zephyr/CMakeFiles/ec_shim.dir/shim/src/adc.c.obj
[npcx9:ro] [264/321] Building C object CMakeFiles/app.dir/mnt/host/source/src/platform/ec/build/zephyr/npcx9/modules/ec/common/fan.c.obj
[/mnt/host/source/src/platform/ec/build/zephyr/rull-lcov]   /mnt/host/source/src/platform/ec/build/zephyr/rull/build-rw/modules/ec/zephyr/CMakeFiles/ec_shim.dir/drivers/keyboard_input/keyboard_customization_check.c.gcno:no functions found
[/mnt/host/source/src/platform/ec/build/zephyr/rull-lcov] stderr:
[pujjolo:rw] [354/411] Building C object modules/ec/zephyr/CMakeFiles/ec_shim.dir/shim/src/system.c.obj
[ptlgcs:ro] [328/375] Building C object CMakeFiles/app.dir/mnt/host/source/src/platform/ec/build/zephyr/ptlgcs/modules/ec/common/chargen.c.obj
[pujjolo:rw] [355/411] Building C object modules/ec/zephyr/CMakeFiles/ec_shim.dir/shim/src/battery.c.obj
[npcx9:ro] [265/321] Building C object CMakeFiles/app.dir/mnt/host/source/src/platform/ec/build/zephyr/npcx9/modules/ec/common/flash.c.obj
[npcx-aic:ro] [34/279] Building C object CMakeFiles/app.dir/mnt/host/source/src/platform/ec/build/zephyr/npcx-aic/modules/ec/common/host_command_task.c.obj
[pujjolo:rw] [356/411] Building C object modules/ec/zephyr/CMakeFiles/ec_shim.dir/shim/src/charger.c.obj
[npcx9:ro] [266/321] Building C object CMakeFiles/app.dir/mnt/host/source/src/platform/ec/build/zephyr/npcx9/modules/ec/common/host_command_task.c.obj
[npcx9:ro] [267/321] Building C object CMakeFiles/app.dir/mnt/host/source/src/platform/ec/build/zephyr/npcx9/modules/ec/common/host_command.c.obj
[pujjolo:rw] [357/411] Building C object modules/ec/zephyr/CMakeFiles/ec_shim.dir/shim/src/chipset_api.c.obj
[ptlgcs:ro] [329/375] Building C object CMakeFiles/app.dir/mnt/host/source/src/platform/ec/build/zephyr/ptlgcs/modules/ec/common/usb_pd_host_cmd_common.c.obj
[npcx9:ro] [268/321] Building C object CMakeFiles/app.dir/mnt/host/source/src/platform/ec/build/zephyr/npcx9/modules/ec/common/host_event_commands.c.obj
[npcx9:ro] [269/321] Building C object CMakeFiles/app.dir/mnt/host/source/src/platform/ec/build/zephyr/npcx9/modules/ec/common/uart_hostcmd.c.obj
[ptlgcs:ro] [330/375] Building C object CMakeFiles/app.dir/mnt/host/source/src/platform/ec/build/zephyr/ptlgcs/modules/ec/common/vboot_hash.c.obj
[npcx9:ro] [270/321] Building C object CMakeFiles/app.dir/mnt/host/source/src/platform/ec/build/zephyr/npcx9/modules/ec/common/uptime.c.obj
[npcx-aic:ro] [35/279] Building C object CMakeFiles/app.dir/mnt/host/source/src/platform/ec/build/zephyr/npcx-aic/modules/ec/common/host_event_commands.c.obj
[pujjolo:rw] [358/411] Building C object modules/ec/zephyr/CMakeFiles/ec_shim.dir/shim/src/hooks.c.obj
[pujjolo:rw] [359/411] Building C object modules/ec/zephyr/CMakeFiles/ec_shim.dir/shim/src/flash.c.obj
[pujjolo:rw] [360/411] Building C object modules/ec/zephyr/CMakeFiles/ec_shim.dir/shim/src/espi.c.obj
[pujjolo:rw] [361/411] Building C object modules/ec/zephyr/CMakeFiles/ec_shim.dir/shim/src/host_command.c.obj
[pujjolo:rw] [362/411] Building C object modules/ec/zephyr/CMakeFiles/ec_shim.dir/shim/src/console_buffer.c.obj
[pujjolo:rw] [363/411] Building C object modules/ec/zephyr/CMakeFiles/ec_shim.dir/shim/src/fan.c.obj
[npcx9:ro] [271/321] Building C object CMakeFiles/app.dir/mnt/host/source/src/platform/ec/build/zephyr/npcx9/modules/ec/common/i2c_passthru.c.obj
[npcx9:ro] [272/321] Building C object CMakeFiles/app.dir/mnt/host/source/src/platform/ec/build/zephyr/npcx9/modules/ec/common/i2c_controller.c.obj
[pujjolo:rw] [364/411] Building C object modules/ec/zephyr/CMakeFiles/ec_shim.dir/shim/src/mkbp_event.c.obj
[ptlgcs:ro] [331/375] Building C object CMakeFiles/app.dir/mnt/host/source/src/platform/ec/build/zephyr/ptlgcs/modules/ec/common/vboot/efs2.c.obj
[npcx9:ro] [273/321] Building C object CMakeFiles/app.dir/mnt/host/source/src/platform/ec/build/zephyr/npcx9/modules/ec/common/keyboard_8042.c.obj
[npcx9:ro] [274/321] Building C object CMakeFiles/app.dir/mnt/host/source/src/platform/ec/build/zephyr/npcx9/modules/ec/common/keyboard_scan.c.obj
[ptlgcs:ro] [332/375] Building C object CMakeFiles/app.dir/mnt/host/source/src/platform/ec/build/zephyr/ptlgcs/modules/ec/common/vstore.c.obj
[npcx-aic:ro] [36/279] Building C object CMakeFiles/app.dir/mnt/host/source/src/platform/ec/build/zephyr/npcx-aic/modules/ec/common/uart_hostcmd.c.obj
[npcx9:ro] [275/321] Building C object CMakeFiles/app.dir/mnt/host/source/src/platform/ec/build/zephyr/npcx9/modules/ec/common/keyboard_8042_sharedlib.c.obj
[pujjolo:rw] [365/411] Building C object modules/ec/zephyr/CMakeFiles/ec_shim.dir/shim/src/hwtimer.c.obj
[pujjolo:rw] [366/411] Building C object modules/ec/zephyr/CMakeFiles/ec_shim.dir/shim/src/panic.c.obj
[pujjolo:rw] [367/411] Building C object modules/ec/zephyr/CMakeFiles/ec_shim.dir/shim/src/thermal.c.obj
[pujjolo:rw] [368/411] Building C object modules/ec/zephyr/CMakeFiles/ec_shim.dir/shim/src/temp_sensors.c.obj
[npcx9:ro] [276/321] Building C object CMakeFiles/app.dir/mnt/host/source/src/platform/ec/build/zephyr/npcx9/modules/ec/common/keyboard_backlight.c.obj
[npcx9:ro] [277/321] Building C object CMakeFiles/app.dir/mnt/host/source/src/platform/ec/build/zephyr/npcx9/modules/ec/common/lid_switch.c.obj
[pujjolo:rw] [369/411] Building C object modules/ec/zephyr/CMakeFiles/ec_shim.dir/shim/src/i2c.c.obj
[ptlgcs:ro] [333/375] Building C object CMakeFiles/app.dir/mnt/host/source/src/platform/ec/build/zephyr/ptlgcs/modules/ec/common/math_util.c.obj
[pujjolo:rw] [370/411] Building C object modules/ec/zephyr/CMakeFiles/ec_shim.dir/shim/src/tasks.c.obj
[npcx-aic:ro] [37/279] Building C object CMakeFiles/app.dir/mnt/host/source/src/platform/ec/build/zephyr/npcx-aic/modules/ec/common/uptime.c.obj
[npcx9:ro] [278/321] Building C object CMakeFiles/app.dir/mnt/host/source/src/platform/ec/build/zephyr/npcx9/modules/ec/common/power_button.c.obj
[npcx9:ro] [279/321] Building C object CMakeFiles/app.dir/mnt/host/source/src/platform/ec/build/zephyr/npcx9/modules/ec/common/sha256.c.obj
[npcx9:ro] [280/321] Building C object CMakeFiles/app.dir/mnt/host/source/src/platform/ec/build/zephyr/npcx9/modules/ec/common/panic_output.c.obj
[ptlgcs:ro] [334/375] Building C object CMakeFiles/app.dir/mnt/host/source/src/platform/ec/build/zephyr/ptlgcs/modules/ec/driver/led/max695x.c.obj
[pujjolo:rw] [371/411] Building C object modules/ec/zephyr/CMakeFiles/ec_shim.dir/shim/src/watchdog.c.obj
[pujjolo:rw] [372/411] Building C object modules/ec/zephyr/CMakeFiles/ec_shim.dir/shim/src/usba.c.obj
[pujjolo:rw] [373/411] Building C object modules/ec/zephyr/CMakeFiles/ec_shim.dir/shim/src/power_host_sleep_api.c.obj
[npcx9:ro] [281/321] Building C object CMakeFiles/app.dir/mnt/host/source/src/platform/ec/build/zephyr/npcx9/modules/ec/common/spi_flash_reg.c.obj
[npcx9:ro] [282/321] Building C object CMakeFiles/app.dir/mnt/host/source/src/platform/ec/build/zephyr/npcx9/modules/ec/common/shared_mem.c.obj
[npcx-aic:ro] [38/279] Building C object CMakeFiles/app.dir/mnt/host/source/src/platform/ec/build/zephyr/npcx-aic/modules/ec/common/panic_output.c.obj
[ptlgcs:ro] [335/375] Building C object CMakeFiles/app.dir/src/intelrvp.c.obj
[pujjolo:rw] [374/411] Building C object modules/ec/zephyr/CMakeFiles/ec_shim.dir/shim/src/sha256_hw.c.obj
[ptlgcs:ro] [336/375] Building C object CMakeFiles/app.dir/src/intel_rvp_board_id.c.obj
[npcx9:ro] [283/321] Building C object CMakeFiles/app.dir/mnt/host/source/src/platform/ec/build/zephyr/npcx9/modules/ec/common/chargen.c.obj
[pujjolo:rw] [375/411] Linking CXX static library modules/ec/zephyr/libec_shim.a
[npcx9:ro] [284/321] Building C object CMakeFiles/app.dir/mnt/host/source/src/platform/ec/build/zephyr/npcx9/modules/ec/common/vboot_hash.c.obj
[pujjolo:rw] [376/411] Building C object zephyr/kernel/CMakeFiles/kernel.dir/main_weak.c.obj
[npcx9:ro] [285/321] Building C object CMakeFiles/app.dir/mnt/host/source/src/platform/ec/build/zephyr/npcx9/modules/ec/common/timer.c.obj
[npcx9:ro] [286/321] Linking C static library modules/ec/zephyr/libec_shim.a
[pujjolo:rw] [377/411] Building C object zephyr/kernel/CMakeFiles/kernel.dir/banner.c.obj
[npcx9:ro] [287/321] Building C object CMakeFiles/app.dir/mnt/host/source/src/platform/ec/build/zephyr/npcx9/modules/ec/common/rtc.c.obj
[pujjolo:rw] [378/411] Building C object zephyr/kernel/CMakeFiles/kernel.dir/busy_wait.c.obj
[npcx9:ro] [288/321] Building C object CMakeFiles/app.dir/mnt/host/source/src/platform/ec/build/zephyr/npcx9/modules/ec/common/math_util.c.obj
[npcx-aic:ro] [39/279] Building C object CMakeFiles/app.dir/mnt/host/source/src/platform/ec/build/zephyr/npcx-aic/modules/ec/common/sha256.c.obj
[npcx9:ro] [289/321] Linking C static library app/libapp.a
[npcx9:ro] [290/321] Building C object zephyr/kernel/CMakeFiles/kernel.dir/busy_wait.c.obj
[npcx9:ro] [291/321] Building C object zephyr/kernel/CMakeFiles/kernel.dir/banner.c.obj
[ptlgcs:ro] [337/375] Building C object CMakeFiles/app.dir/ptlrvp/src/board_id.c.obj
[npcx9:ro] [292/321] Building C object zephyr/kernel/CMakeFiles/kernel.dir/device.c.obj
[pujjolo:rw] [379/411] Building C object zephyr/kernel/CMakeFiles/kernel.dir/device.c.obj
[ptlgcs:ro] [338/375] Building C object CMakeFiles/app.dir/ptlrvp/src/board_power.c.obj
[npcx9:ro] [293/321] Building C object zephyr/kernel/CMakeFiles/kernel.dir/errno.c.obj
[pujjolo:rw] [380/411] Building C object zephyr/kernel/CMakeFiles/kernel.dir/errno.c.obj
[pujjolo:rw] [381/411] Building C object zephyr/kernel/CMakeFiles/kernel.dir/fatal.c.obj
[npcx9:ro] [294/321] Building C object zephyr/kernel/CMakeFiles/kernel.dir/fatal.c.obj
[npcx9:ro] [295/321] Building C object zephyr/kernel/CMakeFiles/kernel.dir/init.c.obj
[npcx-aic:ro] [40/279] Building C object CMakeFiles/app.dir/mnt/host/source/src/platform/ec/build/zephyr/npcx-aic/modules/ec/common/shared_mem.c.obj
[pujjolo:rw] [382/411] Building C object zephyr/kernel/CMakeFiles/kernel.dir/init.c.obj
[npcx9:ro] [296/321] Building C object zephyr/kernel/CMakeFiles/kernel.dir/version.c.obj
[npcx9:ro] [297/321] Building C object zephyr/kernel/CMakeFiles/kernel.dir/kheap.c.obj
[npcx9:ro] [298/321] Building C object zephyr/kernel/CMakeFiles/kernel.dir/mem_slab.c.obj
[pujjolo:rw] [383/411] Building C object zephyr/kernel/CMakeFiles/kernel.dir/version.c.obj
[npcx9:ro] [299/321] Building C object zephyr/kernel/CMakeFiles/kernel.dir/float.c.obj
[pujjolo:rw] [384/411] Building C object zephyr/kernel/CMakeFiles/kernel.dir/kheap.c.obj
[ptlgcs:ro] [339/375] Building C object CMakeFiles/app.dir/src/dc_jack.c.obj
[ptlgcs:ro] [340/375] Building C object CMakeFiles/app.dir/src/kbd_gcs.c.obj
[ptlgcs:ro] [341/375] Linking C static library modules/ec/zephyr/libec_shim.a
[pujjolo:rw] [385/411] Building C object zephyr/kernel/CMakeFiles/kernel.dir/mem_slab.c.obj
[npcx-aic:ro] [41/279] Building C object CMakeFiles/app.dir/mnt/host/source/src/platform/ec/build/zephyr/npcx-aic/modules/ec/common/spi_flash_reg.c.obj
[ptlgcs:ro] [342/375] Linking C static library app/libapp.a
[pujjolo:rw] [386/411] Building C object zephyr/kernel/CMakeFiles/kernel.dir/float.c.obj
[npcx9:ro] [300/321] Building C object zephyr/kernel/CMakeFiles/kernel.dir/idle.c.obj
[npcx9:ro] [301/321] Building C object zephyr/kernel/CMakeFiles/kernel.dir/msg_q.c.obj
[npcx9:ro] [302/321] Building C object zephyr/kernel/CMakeFiles/kernel.dir/mutex.c.obj
[pujjolo:rw] [387/411] Building CXX object modules/ec/zephyr/drivers/dsp_comms/service/CMakeFiles/dsp.service.dir/i2c_target_pio_funcs.cc.obj
[pujjolo:rw] [388/411] Building CXX object modules/ec/zephyr/drivers/dsp_comms/service/CMakeFiles/dsp.service.dir/i2c_target_buffer_funcs.cc.obj
[npcx9:ro] [303/321] Building C object zephyr/kernel/CMakeFiles/kernel.dir/mailbox.c.obj
[npcx9:ro] [304/321] Building C object zephyr/kernel/CMakeFiles/kernel.dir/queue.c.obj
[pujjolo:rw] [389/411] Building C object zephyr/kernel/CMakeFiles/kernel.dir/idle.c.obj
[pujjolo:rw] [390/411] Building CXX object modules/ec/zephyr/drivers/dsp_comms/service/CMakeFiles/dsp.service.dir/dsp_service.cc.obj
[pujjolo:rw] [391/411] Linking CXX static library modules/ec/zephyr/drivers/dsp_comms/service/libdsp.service.a
[pujjolo:rw] [392/411] Building C object zephyr/kernel/CMakeFiles/kernel.dir/mailbox.c.obj
[ptlgcs:ro] [343/375] Building C object zephyr/kernel/CMakeFiles/kernel.dir/main_weak.c.obj
[ptlgcs:ro] [344/375] Building C object zephyr/kernel/CMakeFiles/kernel.dir/banner.c.obj
[pujjolo:rw] [393/411] Building C object zephyr/kernel/CMakeFiles/kernel.dir/msg_q.c.obj
[npcx9:ro] [305/321] Building C object zephyr/kernel/CMakeFiles/kernel.dir/sem.c.obj
[npcx9:ro] [306/321] Building C object zephyr/kernel/CMakeFiles/kernel.dir/stack.c.obj
[npcx-aic:ro] [42/279] Building C object CMakeFiles/app.dir/mnt/host/source/src/platform/ec/build/zephyr/npcx-aic/modules/ec/common/timer.c.obj
[npcx9:ro] [307/321] Building C object zephyr/kernel/CMakeFiles/kernel.dir/system_work_q.c.obj
[npcx9:ro] [308/321] Building C object zephyr/kernel/CMakeFiles/kernel.dir/condvar.c.obj
[npcx9:ro] [309/321] Building C object zephyr/kernel/CMakeFiles/kernel.dir/work.c.obj
[pujjolo:rw] [394/411] Building C object zephyr/kernel/CMakeFiles/kernel.dir/mutex.c.obj
[pujjolo:rw] [395/411] Building C object zephyr/kernel/CMakeFiles/kernel.dir/sem.c.obj
[pujjolo:rw] [396/411] Building C object zephyr/kernel/CMakeFiles/kernel.dir/queue.c.obj
[pujjolo:rw] [397/411] Building C object zephyr/kernel/CMakeFiles/kernel.dir/system_work_q.c.obj
[ptlgcs:ro] [345/375] Building C object zephyr/kernel/CMakeFiles/kernel.dir/busy_wait.c.obj
[pujjolo:rw] [398/411] Building C object zephyr/kernel/CMakeFiles/kernel.dir/stack.c.obj
[ptlgcs:ro] [346/375] Building C object zephyr/kernel/CMakeFiles/kernel.dir/device.c.obj
[npcx9:ro] [310/321] Building C object zephyr/kernel/CMakeFiles/kernel.dir/thread.c.obj
[pujjolo:rw] [399/411] Building C object zephyr/kernel/CMakeFiles/kernel.dir/condvar.c.obj
[npcx9:ro] [311/321] Building C object zephyr/kernel/CMakeFiles/kernel.dir/spinlock_validate.c.obj
[npcx-aic:ro] [43/279] Building C object CMakeFiles/app.dir/mnt/host/source/src/platform/ec/build/zephyr/npcx-aic/modules/ec/common/chargen.c.obj
[pujjolo:rw] [400/411] Building C object zephyr/kernel/CMakeFiles/kernel.dir/work.c.obj
[npcx9:ro] [312/321] Building C object zephyr/kernel/CMakeFiles/kernel.dir/pipe.c.obj
[npcx9:ro] [313/321] Building C object zephyr/kernel/CMakeFiles/kernel.dir/sched.c.obj
[pujjolo:rw] [401/411] Building C object zephyr/kernel/CMakeFiles/kernel.dir/thread.c.obj
[ptlgcs:ro] [347/375] Building C object zephyr/kernel/CMakeFiles/kernel.dir/errno.c.obj
[pujjolo:rw] [402/411] Building C object zephyr/kernel/CMakeFiles/kernel.dir/pipe.c.obj
[ptlgcs:ro] [348/375] Building C object zephyr/kernel/CMakeFiles/kernel.dir/fatal.c.obj
[pujjolo:rw] [403/411] Building C object zephyr/kernel/CMakeFiles/kernel.dir/thread_monitor.c.obj
[npcx9:ro] [314/321] Building C object zephyr/kernel/CMakeFiles/kernel.dir/thread_monitor.c.obj
[npcx9:ro] [315/321] Building C object zephyr/kernel/CMakeFiles/kernel.dir/timeout.c.obj
[pujjolo:rw] [404/411] Building C object zephyr/kernel/CMakeFiles/kernel.dir/sched.c.obj
[npcx9:ro] [316/321] Building C object zephyr/kernel/CMakeFiles/kernel.dir/timer.c.obj
[pujjolo:rw] [405/411] Building C object zephyr/kernel/CMakeFiles/kernel.dir/timeout.c.obj
[npcx-aic:ro] [44/279] Building C object CMakeFiles/app.dir/mnt/host/source/src/platform/ec/build/zephyr/npcx-aic/modules/ec/common/vboot_hash.c.obj
[tanjiro:ro] Configuring.
Running `env -i PYTHONPATH=/usr/lib64/python-exec/python3.11:/mnt/host/source/src/platform/ec/zephyr/zmake:/usr/lib/python311.zip:/usr/lib/python3.11:/usr/lib/python3.11/lib-dynload:/usr/lib/python3.11/site-packages PW_PIGWEED_CIPD_INSTALL_DIR=/usr CROSTC_USER_ACKNOWLEDGES_THAT_RISCV_IS_EXPERIMENTAL=1 PATH=/mnt/host/source/chromite/bin:/usr/local/bin:/usr/bin:/bin:/opt/bin:/mnt/host/source/chromite/sdk/bin:/mnt/host/source/chromite/bin HOME=/home/jpmurphy JAVA_HOME=/etc/java-config-2/current-system-vm JDK_HOME=/etc/java-config-2/current-system-vm JAVAC=/etc/java-config-2/current-system-vm/bin/javac MAKEFLAGS=' -j16 --jobserver-auth=5,6' /usr/bin/cmake -S /mnt/host/source/src/platform/ec/zephyr/program/tanjiro -B /mnt/host/source/src/platform/ec/build/zephyr/tanjiro/build-ro -GNinja -DCMAKE_EXPORT_COMPILE_COMMANDS=ON -DZEPHYR_BASE=/mnt/host/source/src/third_party/zephyr/main -DZMAKE_INCLUDE_DIR=/mnt/host/source/src/platform/ec/build/zephyr/tanjiro/include -DPython3_EXECUTABLE=/usr/bin/python3.11 -DDTS_ROOT=/mnt/host/source/src/platform/ec/zephyr -DSYSCALL_INCLUDE_DIRS=/mnt/host/source/src/platform/ec/zephyr/include/drivers -DUSER_CACHE_DIR=/mnt/host/source/src/platform/ec/build/zephyr/user-cache '-DEXTRA_EC_VERSION_FLAGS=--version 16543.0.0 --static' -DTOOLCHAIN_ROOT=/mnt/host/source/src/platform/ec/zephyr -DCOREBOOT_SDK_ROOT_x86=/home/jpmurphy/.cache/coreboot-sdk/i386-elf/dfbb0486385d938cfa9d73080b9d18d598ed4f49 -DCOREBOOT_SDK_ROOT_picolibc_x86=/home/jpmurphy/.cache/coreboot-sdk/picolibc-i386-elf/eb8e8e687b95461de8cbf278f1c2076952d0ad17 -DCOREBOOT_SDK_ROOT_riscv64=/home/jpmurphy/.cache/coreboot-sdk/riscv64-elf/96b949749225b6aaa92ed810ab769e8dfb12f000 -DCOREBOOT_SDK_ROOT_picolibc_arm=/home/jpmurphy/.cache/coreboot-sdk/picolibc-arm-eabi/422a2aa3e1ef891b5bece9a3deb696ff83840d2e -DCOREBOOT_SDK_ROOT_nds32=/home/jpmurphy/.cache/coreboot-sdk/nds32le-elf/d1a518c4a097666d86058e1444f85ca015d15511 -DCOREBOOT_SDK_ROOT_picolibc_riscv64=/home/jpmurphy/.cache/coreboot-sdk/picolibc-riscv64-elf/f571e990ef0278564b31124f8bb109d9a697eb69 -DCOREBOOT_SDK_ROOT_arm=/home/jpmurphy/.cache/coreboot-sdk/arm-eabi/ea40ddd1d190c3b48435c474c0b545719371813a -DCOREBOOT_SDK_ROOT_libstdcxx_riscv64=/home/jpmurphy/.cache/coreboot-sdk/libstdcxx-riscv64-elf/17abf22a3a252e2d5d2062ced5324f7a623689e0 -DCOREBOOT_SDK_ROOT_libstdcxx_arm=/home/jpmurphy/.cache/coreboot-sdk/libstdcxx-arm-eabi/5d7d82e150e44aa1968f1d366e267e6687b328ac -DCOREBOOT_SDK_ROOT_riscv=/home/jpmurphy/.cache/coreboot-sdk/riscv-elf/9a27b9e82341c6e9126624f516ab3f261abb3e73 -DCOREBOOT_SDK_ROOT_libstdcxx_x86=/home/jpmurphy/.cache/coreboot-sdk/libstdcxx-i386-elf/42ef9d2e87a76a37963175d7d428734e65648b87 -DZEPHYR_TOOLCHAIN_VARIANT=coreboot-sdk '-DZEPHYR_MODULES=/mnt/host/source/src/platform/ec/build/zephyr/tanjiro/modules/cmsis;/mnt/host/source/src/platform/ec/build/zephyr/tanjiro/modules/cmsis_6;/mnt/host/source/src/platform/ec/build/zephyr/tanjiro/modules/ec' -DDTC_OVERLAY_FILE=/mnt/host/source/src/platform/ec/zephyr/program/tanjiro/tanjiro/project.overlay -DBOARD=it8xxx2/it82202bw -DCMAKE_C_FLAGS=-DSECTION_IS_RO '-DCONF_FILE=/mnt/host/source/src/platform/ec/zephyr/program/tanjiro/program.conf;/mnt/host/source/src/platform/ec/zephyr/program/tanjiro/tanjiro/project.conf;/mnt/host/source/src/platform/ec/build/zephyr/tanjiro/kconfig-ro.conf'`
[npcx9:ro] [317/321] Building C object zephyr/kernel/CMakeFiles/kernel.dir/poll.c.obj
[tanjiro:rw] Configuring.
[npcx9:ro] [318/321] Building C object zephyr/kernel/CMakeFiles/kernel.dir/events.c.obj
Running `env -i PYTHONPATH=/usr/lib64/python-exec/python3.11:/mnt/host/source/src/platform/ec/zephyr/zmake:/usr/lib/python311.zip:/usr/lib/python3.11:/usr/lib/python3.11/lib-dynload:/usr/lib/python3.11/site-packages PW_PIGWEED_CIPD_INSTALL_DIR=/usr CROSTC_USER_ACKNOWLEDGES_THAT_RISCV_IS_EXPERIMENTAL=1 PATH=/mnt/host/source/chromite/bin:/usr/local/bin:/usr/bin:/bin:/opt/bin:/mnt/host/source/chromite/sdk/bin:/mnt/host/source/chromite/bin HOME=/home/jpmurphy JAVA_HOME=/etc/java-config-2/current-system-vm JDK_HOME=/etc/java-config-2/current-system-vm JAVAC=/etc/java-config-2/current-system-vm/bin/javac MAKEFLAGS=' -j16 --jobserver-auth=5,6' /usr/bin/cmake -S /mnt/host/source/src/platform/ec/zephyr/program/tanjiro -B /mnt/host/source/src/platform/ec/build/zephyr/tanjiro/build-rw -GNinja -DCMAKE_EXPORT_COMPILE_COMMANDS=ON -DZEPHYR_BASE=/mnt/host/source/src/third_party/zephyr/main -DZMAKE_INCLUDE_DIR=/mnt/host/source/src/platform/ec/build/zephyr/tanjiro/include -DPython3_EXECUTABLE=/usr/bin/python3.11 -DDTS_ROOT=/mnt/host/source/src/platform/ec/zephyr -DSYSCALL_INCLUDE_DIRS=/mnt/host/source/src/platform/ec/zephyr/include/drivers -DUSER_CACHE_DIR=/mnt/host/source/src/platform/ec/build/zephyr/user-cache '-DEXTRA_EC_VERSION_FLAGS=--version 16543.0.0 --static' -DTOOLCHAIN_ROOT=/mnt/host/source/src/platform/ec/zephyr -DCOREBOOT_SDK_ROOT_x86=/home/jpmurphy/.cache/coreboot-sdk/i386-elf/dfbb0486385d938cfa9d73080b9d18d598ed4f49 -DCOREBOOT_SDK_ROOT_picolibc_x86=/home/jpmurphy/.cache/coreboot-sdk/picolibc-i386-elf/eb8e8e687b95461de8cbf278f1c2076952d0ad17 -DCOREBOOT_SDK_ROOT_riscv64=/home/jpmurphy/.cache/coreboot-sdk/riscv64-elf/96b949749225b6aaa92ed810ab769e8dfb12f000 -DCOREBOOT_SDK_ROOT_picolibc_arm=/home/jpmurphy/.cache/coreboot-sdk/picolibc-arm-eabi/422a2aa3e1ef891b5bece9a3deb696ff83840d2e -DCOREBOOT_SDK_ROOT_nds32=/home/jpmurphy/.cache/coreboot-sdk/nds32le-elf/d1a518c4a097666d86058e1444f85ca015d15511 -DCOREBOOT_SDK_ROOT_picolibc_riscv64=/home/jpmurphy/.cache/coreboot-sdk/picolibc-riscv64-elf/f571e990ef0278564b31124f8bb109d9a697eb69 -DCOREBOOT_SDK_ROOT_arm=/home/jpmurphy/.cache/coreboot-sdk/arm-eabi/ea40ddd1d190c3b48435c474c0b545719371813a -DCOREBOOT_SDK_ROOT_libstdcxx_riscv64=/home/jpmurphy/.cache/coreboot-sdk/libstdcxx-riscv64-elf/17abf22a3a252e2d5d2062ced5324f7a623689e0 -DCOREBOOT_SDK_ROOT_libstdcxx_arm=/home/jpmurphy/.cache/coreboot-sdk/libstdcxx-arm-eabi/5d7d82e150e44aa1968f1d366e267e6687b328ac -DCOREBOOT_SDK_ROOT_riscv=/home/jpmurphy/.cache/coreboot-sdk/riscv-elf/9a27b9e82341c6e9126624f516ab3f261abb3e73 -DCOREBOOT_SDK_ROOT_libstdcxx_x86=/home/jpmurphy/.cache/coreboot-sdk/libstdcxx-i386-elf/42ef9d2e87a76a37963175d7d428734e65648b87 -DZEPHYR_TOOLCHAIN_VARIANT=coreboot-sdk '-DZEPHYR_MODULES=/mnt/host/source/src/platform/ec/build/zephyr/tanjiro/modules/cmsis;/mnt/host/source/src/platform/ec/build/zephyr/tanjiro/modules/cmsis_6;/mnt/host/source/src/platform/ec/build/zephyr/tanjiro/modules/ec' -DDTC_OVERLAY_FILE=/mnt/host/source/src/platform/ec/zephyr/program/tanjiro/tanjiro/project.overlay -DBOARD=it8xxx2/it82202bw -DCMAKE_C_FLAGS=-DSECTION_IS_RW '-DCONF_FILE=/mnt/host/source/src/platform/ec/zephyr/program/tanjiro/program.conf;/mnt/host/source/src/platform/ec/zephyr/program/tanjiro/tanjiro/project.conf;/mnt/host/source/src/platform/ec/build/zephyr/tanjiro/kconfig-rw.conf'`
[tanjiro:ro] Loading Zephyr default modules (Zephyr base (cached)).
[tanjiro:ro] -- Application: /mnt/host/source/src/platform/ec/zephyr/program/tanjiro
[pujjolo:rw] [406/411] Building C object zephyr/kernel/CMakeFiles/kernel.dir/timer.c.obj
[tanjiro:rw] Loading Zephyr default modules (Zephyr base (cached)).
[tanjiro:rw] -- Application: /mnt/host/source/src/platform/ec/zephyr/program/tanjiro
Toolchain <zmake.toolchains.CorebootSdkToolchain object at 0x7f4143039550> selected by probe function.
[squirtle] Building in /mnt/host/source/src/platform/ec/build/zephyr/squirtle.
[npcx9:ro] [319/321] Building C object zephyr/kernel/CMakeFiles/kernel.dir/mempool.c.obj
[pujjolo:rw] [407/411] Building C object zephyr/kernel/CMakeFiles/kernel.dir/poll.c.obj
[tanjiro:ro] -- CMake version: 3.31.7
[tanjiro:ro] -- Found Python3: /usr/bin/python3.11 (found suitable version "3.11.11", minimum required is "3.10") found components: Interpreter
[tanjiro:ro] -- Cache files will be written to: /mnt/host/source/src/platform/ec/build/zephyr/user-cache
[tanjiro:ro] -- Zephyr version: 4.3.99 (/mnt/host/source/src/third_party/zephyr/main)
[tanjiro:rw] -- CMake version: 3.31.7
[tanjiro:rw] -- Found Python3: /usr/bin/python3.11 (found suitable version "3.11.11", minimum required is "3.10") found components: Interpreter
[tanjiro:rw] -- Cache files will be written to: /mnt/host/source/src/platform/ec/build/zephyr/user-cache
[ptlgcs:ro] [349/375] Building C object zephyr/kernel/CMakeFiles/kernel.dir/init.c.obj
[tanjiro:rw] -- Zephyr version: 4.3.99 (/mnt/host/source/src/third_party/zephyr/main)
[pujjolo:rw] [408/411] Building C object zephyr/kernel/CMakeFiles/kernel.dir/events.c.obj
[npcx9:ro] [320/321] Building C object zephyr/kernel/CMakeFiles/kernel.dir/dynamic_disabled.c.obj
[squirtle:ro] Configuring.
Running `env -i PYTHONPATH=/usr/lib64/python-exec/python3.11:/mnt/host/source/src/platform/ec/zephyr/zmake:/usr/lib/python311.zip:/usr/lib/python3.11:/usr/lib/python3.11/lib-dynload:/usr/lib/python3.11/site-packages PW_PIGWEED_CIPD_INSTALL_DIR=/usr CROSTC_USER_ACKNOWLEDGES_THAT_RISCV_IS_EXPERIMENTAL=1 PATH=/mnt/host/source/chromite/bin:/usr/local/bin:/usr/bin:/bin:/opt/bin:/mnt/host/source/chromite/sdk/bin:/mnt/host/source/chromite/bin HOME=/home/jpmurphy JAVA_HOME=/etc/java-config-2/current-system-vm JDK_HOME=/etc/java-config-2/current-system-vm JAVAC=/etc/java-config-2/current-system-vm/bin/javac MAKEFLAGS=' -j16 --jobserver-auth=5,6' /usr/bin/cmake -S /mnt/host/source/src/platform/ec/zephyr/program/corsola -B /mnt/host/source/src/platform/ec/build/zephyr/squirtle/build-ro -GNinja -DCMAKE_EXPORT_COMPILE_COMMANDS=ON -DZEPHYR_BASE=/mnt/host/source/src/third_party/zephyr/main -DZMAKE_INCLUDE_DIR=/mnt/host/source/src/platform/ec/build/zephyr/squirtle/include -DPython3_EXECUTABLE=/usr/bin/python3.11 -DDTS_ROOT=/mnt/host/source/src/platform/ec/zephyr -DSYSCALL_INCLUDE_DIRS=/mnt/host/source/src/platform/ec/zephyr/include/drivers -DUSER_CACHE_DIR=/mnt/host/source/src/platform/ec/build/zephyr/user-cache '-DEXTRA_EC_VERSION_FLAGS=--version 16543.0.0 --static' -DTOOLCHAIN_ROOT=/mnt/host/source/src/platform/ec/zephyr -DCOREBOOT_SDK_ROOT_x86=/home/jpmurphy/.cache/coreboot-sdk/i386-elf/dfbb0486385d938cfa9d73080b9d18d598ed4f49 -DCOREBOOT_SDK_ROOT_picolibc_x86=/home/jpmurphy/.cache/coreboot-sdk/picolibc-i386-elf/eb8e8e687b95461de8cbf278f1c2076952d0ad17 -DCOREBOOT_SDK_ROOT_riscv64=/home/jpmurphy/.cache/coreboot-sdk/riscv64-elf/96b949749225b6aaa92ed810ab769e8dfb12f000 -DCOREBOOT_SDK_ROOT_picolibc_arm=/home/jpmurphy/.cache/coreboot-sdk/picolibc-arm-eabi/422a2aa3e1ef891b5bece9a3deb696ff83840d2e -DCOREBOOT_SDK_ROOT_nds32=/home/jpmurphy/.cache/coreboot-sdk/nds32le-elf/d1a518c4a097666d86058e1444f85ca015d15511 -DCOREBOOT_SDK_ROOT_picolibc_riscv64=/home/jpmurphy/.cache/coreboot-sdk/picolibc-riscv64-elf/f571e990ef0278564b31124f8bb109d9a697eb69 -DCOREBOOT_SDK_ROOT_arm=/home/jpmurphy/.cache/coreboot-sdk/arm-eabi/ea40ddd1d190c3b48435c474c0b545719371813a -DCOREBOOT_SDK_ROOT_libstdcxx_riscv64=/home/jpmurphy/.cache/coreboot-sdk/libstdcxx-riscv64-elf/17abf22a3a252e2d5d2062ced5324f7a623689e0 -DCOREBOOT_SDK_ROOT_libstdcxx_arm=/home/jpmurphy/.cache/coreboot-sdk/libstdcxx-arm-eabi/5d7d82e150e44aa1968f1d366e267e6687b328ac -DCOREBOOT_SDK_ROOT_riscv=/home/jpmurphy/.cache/coreboot-sdk/riscv-elf/9a27b9e82341c6e9126624f516ab3f261abb3e73 -DCOREBOOT_SDK_ROOT_libstdcxx_x86=/home/jpmurphy/.cache/coreboot-sdk/libstdcxx-i386-elf/42ef9d2e87a76a37963175d7d428734e65648b87 -DZEPHYR_TOOLCHAIN_VARIANT=coreboot-sdk '-DZEPHYR_MODULES=/mnt/host/source/src/platform/ec/build/zephyr/squirtle/modules/cmsis;/mnt/host/source/src/platform/ec/build/zephyr/squirtle/modules/cmsis_6;/mnt/host/source/src/platform/ec/build/zephyr/squirtle/modules/ec' -DDTC_OVERLAY_FILE=/mnt/host/source/src/platform/ec/zephyr/program/corsola/squirtle/project.overlay -DBOARD=npcx9/npcx9m3f -DCMAKE_C_FLAGS=-DSECTION_IS_RO '-DCONF_FILE=/mnt/host/source/src/platform/ec/zephyr/program/corsola/program.conf;/mnt/host/source/src/platform/ec/zephyr/program/corsola/npcx_program.conf;/mnt/host/source/src/platform/ec/zephyr/program/corsola/squirtle/project.conf;/mnt/host/source/src/platform/ec/build/zephyr/squirtle/kconfig-ro.conf'`
[squirtle:ro] Loading Zephyr default modules (Zephyr base (cached)).
[squirtle:ro] -- Application: /mnt/host/source/src/platform/ec/zephyr/program/corsola
[ptlgcs:ro] [350/375] Building C object zephyr/kernel/CMakeFiles/kernel.dir/kheap.c.obj
[pujjolo:rw] [409/411] Building C object zephyr/kernel/CMakeFiles/kernel.dir/mempool.c.obj
[ptlgcs:ro] [351/375] Building C object zephyr/kernel/CMakeFiles/kernel.dir/version.c.obj
[npcx9:ro] [321/321] Linking C static library zephyr/kernel/libkernel.a
[npcx-aic:ro] [45/279] Building C object CMakeFiles/app.dir/mnt/host/source/src/platform/ec/build/zephyr/npcx-aic/modules/ec/common/math_util.c.obj
[squirtle:rw] Configuring.
Running `env -i PYTHONPATH=/usr/lib64/python-exec/python3.11:/mnt/host/source/src/platform/ec/zephyr/zmake:/usr/lib/python311.zip:/usr/lib/python3.11:/usr/lib/python3.11/lib-dynload:/usr/lib/python3.11/site-packages PW_PIGWEED_CIPD_INSTALL_DIR=/usr CROSTC_USER_ACKNOWLEDGES_THAT_RISCV_IS_EXPERIMENTAL=1 PATH=/mnt/host/source/chromite/bin:/usr/local/bin:/usr/bin:/bin:/opt/bin:/mnt/host/source/chromite/sdk/bin:/mnt/host/source/chromite/bin HOME=/home/jpmurphy JAVA_HOME=/etc/java-config-2/current-system-vm JDK_HOME=/etc/java-config-2/current-system-vm JAVAC=/etc/java-config-2/current-system-vm/bin/javac MAKEFLAGS=' -j16 --jobserver-auth=5,6' /usr/bin/cmake -S /mnt/host/source/src/platform/ec/zephyr/program/corsola -B /mnt/host/source/src/platform/ec/build/zephyr/squirtle/build-rw -GNinja -DCMAKE_EXPORT_COMPILE_COMMANDS=ON -DZEPHYR_BASE=/mnt/host/source/src/third_party/zephyr/main -DZMAKE_INCLUDE_DIR=/mnt/host/source/src/platform/ec/build/zephyr/squirtle/include -DPython3_EXECUTABLE=/usr/bin/python3.11 -DDTS_ROOT=/mnt/host/source/src/platform/ec/zephyr -DSYSCALL_INCLUDE_DIRS=/mnt/host/source/src/platform/ec/zephyr/include/drivers -DUSER_CACHE_DIR=/mnt/host/source/src/platform/ec/build/zephyr/user-cache '-DEXTRA_EC_VERSION_FLAGS=--version 16543.0.0 --static' -DTOOLCHAIN_ROOT=/mnt/host/source/src/platform/ec/zephyr -DCOREBOOT_SDK_ROOT_x86=/home/jpmurphy/.cache/coreboot-sdk/i386-elf/dfbb0486385d938cfa9d73080b9d18d598ed4f49 -DCOREBOOT_SDK_ROOT_picolibc_x86=/home/jpmurphy/.cache/coreboot-sdk/picolibc-i386-elf/eb8e8e687b95461de8cbf278f1c2076952d0ad17 -DCOREBOOT_SDK_ROOT_riscv64=/home/jpmurphy/.cache/coreboot-sdk/riscv64-elf/96b949749225b6aaa92ed810ab769e8dfb12f000 -DCOREBOOT_SDK_ROOT_picolibc_arm=/home/jpmurphy/.cache/coreboot-sdk/picolibc-arm-eabi/422a2aa3e1ef891b5bece9a3deb696ff83840d2e -DCOREBOOT_SDK_ROOT_nds32=/home/jpmurphy/.cache/coreboot-sdk/nds32le-elf/d1a518c4a097666d86058e1444f85ca015d15511 -DCOREBOOT_SDK_ROOT_picolibc_riscv64=/home/jpmurphy/.cache/coreboot-sdk/picolibc-riscv64-elf/f571e990ef0278564b31124f8bb109d9a697eb69 -DCOREBOOT_SDK_ROOT_arm=/home/jpmurphy/.cache/coreboot-sdk/arm-eabi/ea40ddd1d190c3b48435c474c0b545719371813a -DCOREBOOT_SDK_ROOT_libstdcxx_riscv64=/home/jpmurphy/.cache/coreboot-sdk/libstdcxx-riscv64-elf/17abf22a3a252e2d5d2062ced5324f7a623689e0 -DCOREBOOT_SDK_ROOT_libstdcxx_arm=/home/jpmurphy/.cache/coreboot-sdk/libstdcxx-arm-eabi/5d7d82e150e44aa1968f1d366e267e6687b328ac -DCOREBOOT_SDK_ROOT_riscv=/home/jpmurphy/.cache/coreboot-sdk/riscv-elf/9a27b9e82341c6e9126624f516ab3f261abb3e73 -DCOREBOOT_SDK_ROOT_libstdcxx_x86=/home/jpmurphy/.cache/coreboot-sdk/libstdcxx-i386-elf/42ef9d2e87a76a37963175d7d428734e65648b87 -DZEPHYR_TOOLCHAIN_VARIANT=coreboot-sdk '-DZEPHYR_MODULES=/mnt/host/source/src/platform/ec/build/zephyr/squirtle/modules/cmsis;/mnt/host/source/src/platform/ec/build/zephyr/squirtle/modules/cmsis_6;/mnt/host/source/src/platform/ec/build/zephyr/squirtle/modules/ec' -DDTC_OVERLAY_FILE=/mnt/host/source/src/platform/ec/zephyr/program/corsola/squirtle/project.overlay -DBOARD=npcx9/npcx9m3f -DCMAKE_C_FLAGS=-DSECTION_IS_RW '-DCONF_FILE=/mnt/host/source/src/platform/ec/zephyr/program/corsola/program.conf;/mnt/host/source/src/platform/ec/zephyr/program/corsola/npcx_program.conf;/mnt/host/source/src/platform/ec/zephyr/program/corsola/squirtle/project.conf;/mnt/host/source/src/platform/ec/build/zephyr/squirtle/kconfig-rw.conf'`
Running (initial) lcov on /mnt/host/source/src/platform/ec/build/zephyr/npcx9.
[squirtle:rw] Loading Zephyr default modules (Zephyr base (cached)).
[npcx-aic:ro] [46/279] Building C object CMakeFiles/app.dir/mnt/host/source/src/platform/ec/build/zephyr/npcx-aic/modules/ec/common/vstore.c.obj
[squirtle:rw] -- Application: /mnt/host/source/src/platform/ec/zephyr/program/corsola
[pujjolo:rw] [410/411] Building C object zephyr/kernel/CMakeFiles/kernel.dir/dynamic_disabled.c.obj
[npcx-aic:ro] [47/279] Building C object zephyr/CMakeFiles/zephyr.dir/lib/libc/validate_libc.c.obj
[ptlgcs:ro] [352/375] Building C object zephyr/kernel/CMakeFiles/kernel.dir/mem_slab.c.obj
[npcx-aic:ro] [48/279] Linking C static library app/libapp.a
[ptlgcs:ro] [353/375] Building C object zephyr/kernel/CMakeFiles/kernel.dir/float.c.obj
[pujjolo:rw] [411/411] Linking CXX static library zephyr/kernel/libkernel.a
Running `env -i PYTHONPATH=/usr/lib64/python-exec/python3.11:/mnt/host/source/src/platform/ec/zephyr/zmake:/usr/lib/python311.zip:/usr/lib/python3.11:/usr/lib/python3.11/lib-dynload:/usr/lib/python3.11/site-packages PW_PIGWEED_CIPD_INSTALL_DIR=/usr CROSTC_USER_ACKNOWLEDGES_THAT_RISCV_IS_EXPERIMENTAL=1 PATH=/mnt/host/source/chromite/bin:/usr/local/bin:/usr/bin:/bin:/opt/bin:/mnt/host/source/chromite/sdk/bin:/mnt/host/source/chromite/bin HOME=/home/jpmurphy JAVA_HOME=/etc/java-config-2/current-system-vm JDK_HOME=/etc/java-config-2/current-system-vm JAVAC=/etc/java-config-2/current-system-vm/bin/javac MAKEFLAGS=' -j16 --jobserver-auth=5,6' /usr/bin/lcov --gcov-tool /mnt/host/source/src/platform/ec/build/zephyr/npcx9/build-rw/gcov.sh -q -o - -c -d /mnt/host/source/src/platform/ec/build/zephyr/npcx9 -t npcx9 --rc branch_coverage=1 --filter range --ignore-errors inconsistent,source --ignore-errors gcov,gcov -i`
[squirtle:ro] -- CMake version: 3.31.7
[squirtle:ro] -- Found Python3: /usr/bin/python3.11 (found suitable version "3.11.11", minimum required is "3.10") found components: Interpreter
[squirtle:ro] -- Cache files will be written to: /mnt/host/source/src/platform/ec/build/zephyr/user-cache
[squirtle:ro] -- Zephyr version: 4.3.99 (/mnt/host/source/src/third_party/zephyr/main)
[squirtle:rw] -- CMake version: 3.31.7
[squirtle:rw] -- Found Python3: /usr/bin/python3.11 (found suitable version "3.11.11", minimum required is "3.10") found components: Interpreter
[squirtle:rw] -- Cache files will be written to: /mnt/host/source/src/platform/ec/build/zephyr/user-cache
[squirtle:rw] -- Zephyr version: 4.3.99 (/mnt/host/source/src/third_party/zephyr/main)
[ptlgcs:ro] [354/375] Building C object zephyr/kernel/CMakeFiles/kernel.dir/msg_q.c.obj
[npcx-aic:ro] [49/279] Building C object zephyr/CMakeFiles/zephyr.dir/lib/os/clock.c.obj
[ptlgcs:ro] [355/375] Building C object zephyr/kernel/CMakeFiles/kernel.dir/mailbox.c.obj
[npcx-aic:ro] [50/279] Building C object zephyr/CMakeFiles/zephyr.dir/lib/os/cbprintf_packaged.c.obj
[npcx-aic:ro] [51/279] Building C object zephyr/CMakeFiles/zephyr.dir/lib/heap/heap.c.obj
[npcx-aic:ro] [52/279] Building C object zephyr/CMakeFiles/zephyr.dir/lib/os/printk.c.obj
[npcx-aic:ro] [53/279] Building C object zephyr/CMakeFiles/zephyr.dir/lib/os/sem.c.obj
[ptlgcs:ro] [356/375] Building C object zephyr/kernel/CMakeFiles/kernel.dir/idle.c.obj
[ptlgcs:ro] [357/375] Building C object zephyr/kernel/CMakeFiles/kernel.dir/mutex.c.obj
[ptlgcs:ro] [358/375] Building C object zephyr/kernel/CMakeFiles/kernel.dir/queue.c.obj
[npcx-aic:ro] [54/279] Building C object zephyr/CMakeFiles/zephyr.dir/lib/utils/dec.c.obj
[tanjiro:ro] -- Board: it8xxx2, qualifiers: it82202bw
[ptlgcs:ro] [359/375] Building C object zephyr/kernel/CMakeFiles/kernel.dir/sem.c.obj
[npcx-aic:ro] [55/279] Building C object zephyr/CMakeFiles/zephyr.dir/lib/os/cbprintf.c.obj
[npcx-aic:ro] [56/279] Building C object zephyr/CMakeFiles/zephyr.dir/lib/os/thread_entry.c.obj
[/mnt/host/source/src/platform/ec/build/zephyr/npcx9-lcov] geninfo: WARNING: using JSON module "JSON::PP" - which is much slower than some alternatives.  Consider installing one of JSON::XS or Cpanel::JSON::XS
[npcx-aic:ro] [57/279] Building C object zephyr/CMakeFiles/zephyr.dir/lib/os/cbprintf_nano.c.obj
[npcx-aic:ro] [58/279] Building C object zephyr/CMakeFiles/zephyr.dir/lib/os/assert.c.obj
[tanjiro:rw] -- Board: it8xxx2, qualifiers: it82202bw
[npcx-aic:ro] [59/279] Building C object zephyr/CMakeFiles/zephyr.dir/lib/utils/hex.c.obj
[ptlgcs:ro] [360/375] Building C object zephyr/kernel/CMakeFiles/kernel.dir/stack.c.obj
[ptlgcs:ro] [361/375] Building C object zephyr/kernel/CMakeFiles/kernel.dir/system_work_q.c.obj
[npcx-aic:ro] [60/279] Building C object zephyr/CMakeFiles/zephyr.dir/lib/utils/bitmask.c.obj
[npcx-aic:ro] [61/279] Building C object zephyr/CMakeFiles/zephyr.dir/lib/utils/timeutil.c.obj
[ptlgcs:ro] [362/375] Building C object zephyr/kernel/CMakeFiles/kernel.dir/condvar.c.obj
[ptlgcs:ro] [363/375] Building C object zephyr/kernel/CMakeFiles/kernel.dir/work.c.obj
[squirtle:ro] -- Board: npcx9, qualifiers: npcx9m3f
[squirtle:rw] -- Board: npcx9, qualifiers: npcx9m3f
[npcx-aic:ro] [62/279] Building C object zephyr/CMakeFiles/zephyr.dir/lib/utils/ring_buffer.c.obj
[npcx-aic:ro] [63/279] Building C object zephyr/CMakeFiles/zephyr.dir/lib/utils/getopt/getopt.c.obj
[npcx-aic:ro] [64/279] Building C object zephyr/CMakeFiles/zephyr.dir/lib/utils/rb.c.obj
[npcx-aic:ro] [65/279] Building C object zephyr/CMakeFiles/zephyr.dir/lib/utils/bitarray.c.obj
[ptlgcs:ro] [364/375] Building C object zephyr/kernel/CMakeFiles/kernel.dir/thread.c.obj
[npcx-aic:ro] [66/279] Building C object zephyr/CMakeFiles/zephyr.dir/lib/utils/last_section_id.c.obj
[npcx-aic:ro] [67/279] Building C object zephyr/CMakeFiles/zephyr.dir/misc/generated/configs.c.obj
[npcx-aic:ro] [68/279] Building C object zephyr/CMakeFiles/zephyr.dir/lib/utils/getopt/getopt_common.c.obj
[ptlgcs:ro] [365/375] Building C object zephyr/kernel/CMakeFiles/kernel.dir/sched.c.obj
[ptlgcs:ro] [366/375] Building C object zephyr/kernel/CMakeFiles/kernel.dir/pipe.c.obj
[ptlgcs:ro] [367/375] Building C object zephyr/kernel/CMakeFiles/kernel.dir/spinlock_validate.c.obj
[ptlgcs:ro] [368/375] Building C object zephyr/kernel/CMakeFiles/kernel.dir/thread_monitor.c.obj
[npcx-aic:ro] [69/279] Building C object zephyr/CMakeFiles/zephyr.dir/soc/nuvoton/npcx/common/npcxn/registers.c.obj
[npcx-aic:ro] [70/279] Building C object zephyr/CMakeFiles/zephyr.dir/soc/nuvoton/npcx/common/power.c.obj
[npcx-aic:ro] [71/279] Building C object zephyr/CMakeFiles/zephyr.dir/soc/nuvoton/npcx/common/scfg.c.obj
[npcx-aic:ro] [72/279] Building C object zephyr/CMakeFiles/zephyr.dir/soc/nuvoton/npcx/npcx9/soc.c.obj
[npcx-aic:ro] [73/279] Building C object zephyr/CMakeFiles/zephyr.dir/subsys/logging/log_minimal.c.obj
[ptlgcs:ro] [369/375] Building C object zephyr/kernel/CMakeFiles/kernel.dir/timeout.c.obj
[ptlgcs:ro] [370/375] Building C object zephyr/kernel/CMakeFiles/kernel.dir/timer.c.obj
Running (initial) lcov on /mnt/host/source/src/platform/ec/build/zephyr/pujjolo.
[ptlgcs:ro] [371/375] Building C object zephyr/kernel/CMakeFiles/kernel.dir/events.c.obj
[tanjiro:ro] -- Found Dtc: /usr/bin/dtc (found suitable version "1.6.0", minimum required is "1.4.6")
[tanjiro:ro] -- Found BOARD.dts: /mnt/host/source/src/platform/ec/zephyr/boards/google/it8xxx2/it8xxx2_it82202bw.dts
[tanjiro:ro] -- Found devicetree overlay: /mnt/host/source/src/platform/ec/zephyr/program/tanjiro/tanjiro/project.overlay
[ptlgcs:ro] [372/375] Building C object zephyr/kernel/CMakeFiles/kernel.dir/mempool.c.obj
[ptlgcs:ro] [373/375] Building C object zephyr/kernel/CMakeFiles/kernel.dir/poll.c.obj
[npcx-aic:ro] [74/279] Building C object zephyr/CMakeFiles/zephyr.dir/subsys/pm/state.c.obj
[tanjiro:rw] -- Found Dtc: /usr/bin/dtc (found suitable version "1.6.0", minimum required is "1.4.6")
[tanjiro:rw] -- Found BOARD.dts: /mnt/host/source/src/platform/ec/zephyr/boards/google/it8xxx2/it8xxx2_it82202bw.dts
[tanjiro:rw] -- Found devicetree overlay: /mnt/host/source/src/platform/ec/zephyr/program/tanjiro/tanjiro/project.overlay
[npcx-aic:ro] [75/279] Building C object zephyr/CMakeFiles/zephyr.dir/subsys/mem_mgmt/mem_attr.c.obj
Running `env -i PYTHONPATH=/usr/lib64/python-exec/python3.11:/mnt/host/source/src/platform/ec/zephyr/zmake:/usr/lib/python311.zip:/usr/lib/python3.11:/usr/lib/python3.11/lib-dynload:/usr/lib/python3.11/site-packages PW_PIGWEED_CIPD_INSTALL_DIR=/usr CROSTC_USER_ACKNOWLEDGES_THAT_RISCV_IS_EXPERIMENTAL=1 PATH=/mnt/host/source/chromite/bin:/usr/local/bin:/usr/bin:/bin:/opt/bin:/mnt/host/source/chromite/sdk/bin:/mnt/host/source/chromite/bin HOME=/home/jpmurphy JAVA_HOME=/etc/java-config-2/current-system-vm JDK_HOME=/etc/java-config-2/current-system-vm JAVAC=/etc/java-config-2/current-system-vm/bin/javac MAKEFLAGS=' -j16 --jobserver-auth=5,6' /usr/bin/lcov --gcov-tool /mnt/host/source/src/platform/ec/build/zephyr/pujjolo/build-rw/gcov.sh -q -o - -c -d /mnt/host/source/src/platform/ec/build/zephyr/pujjolo -t pujjolo --rc branch_coverage=1 --filter range --ignore-errors inconsistent,source --ignore-errors gcov,gcov -i`
[npcx-aic:ro] [76/279] Building C object zephyr/CMakeFiles/zephyr.dir/subsys/pm/pm.c.obj
[npcx-aic:ro] [77/279] Building C object zephyr/CMakeFiles/zephyr.dir/subsys/pm/policy/policy_events.c.obj
[npcx-aic:ro] [78/279] Building C object zephyr/CMakeFiles/zephyr.dir/subsys/pm/policy/policy_latency.c.obj
Toolchain <zmake.toolchains.CorebootSdkToolchain object at 0x7f4143040a90> selected by probe function.
[pirrha] Building in /mnt/host/source/src/platform/ec/build/zephyr/pirrha.
[ptlgcs:ro] [374/375] Building C object zephyr/kernel/CMakeFiles/kernel.dir/dynamic_disabled.c.obj
[npcx-aic:ro] [79/279] Building C object zephyr/CMakeFiles/zephyr.dir/subsys/pm/policy/policy_state_lock.c.obj
[ptlgcs:ro] [375/375] Linking C static library zephyr/kernel/libkernel.a
[npcx-aic:ro] [80/279] Building C object zephyr/CMakeFiles/zephyr.dir/subsys/pm/device.c.obj
[npcx-aic:ro] [81/279] Building C object zephyr/CMakeFiles/zephyr.dir/subsys/pm/device_system_managed.c.obj
[npcx-aic:ro] [82/279] Building C object zephyr/CMakeFiles/zephyr.dir/subsys/testsuite/coverage/coverage.c.obj
[squirtle:ro] -- Found Dtc: /usr/bin/dtc (found suitable version "1.6.0", minimum required is "1.4.6")
[squirtle:ro] -- Found BOARD.dts: /mnt/host/source/src/platform/ec/zephyr/boards/google/npcx9/npcx9_npcx9m3f.dts
[squirtle:ro] -- Found devicetree overlay: /mnt/host/source/src/platform/ec/zephyr/program/corsola/squirtle/project.overlay
[squirtle:rw] -- Found Dtc: /usr/bin/dtc (found suitable version "1.6.0", minimum required is "1.4.6")
[squirtle:rw] -- Found BOARD.dts: /mnt/host/source/src/platform/ec/zephyr/boards/google/npcx9/npcx9_npcx9m3f.dts
[squirtle:rw] -- Found devicetree overlay: /mnt/host/source/src/platform/ec/zephyr/program/corsola/squirtle/project.overlay
[npcx-aic:ro] [83/279] Building C object zephyr/CMakeFiles/zephyr.dir/subsys/shell/modules/kernel_service/kernel_shell.c.obj
[npcx-aic:ro] [84/279] Building C object zephyr/CMakeFiles/zephyr.dir/subsys/tracing/tracing_none.c.obj
[npcx-aic:ro] [85/279] Building C object zephyr/CMakeFiles/zephyr.dir/subsys/shell/modules/kernel_service/cycles.c.obj
[/mnt/host/source/src/platform/ec/build/zephyr/rull-lcov]   /mnt/host/source/src/platform/ec/build/zephyr/rull/build-rw/CMakeFiles/app.dir/mnt/host/source/src/platform/ec/build/zephyr/rull/modules/ec/common/usb_pd_pdo.c.gcno:no functions found
[/mnt/host/source/src/platform/ec/build/zephyr/rull-lcov] stderr:
[/mnt/host/source/src/platform/ec/build/zephyr/npcx9-lcov] stderr:
[npcx-aic:ro] [86/279] Building C object zephyr/CMakeFiles/zephyr.dir/subsys/shell/modules/kernel_service/uptime.c.obj
[npcx-aic:ro] [87/279] Building C object zephyr/CMakeFiles/zephyr.dir/subsys/shell/modules/kernel_service/thread/list.c.obj
[npcx-aic:ro] [88/279] Building C object zephyr/CMakeFiles/zephyr.dir/subsys/shell/modules/kernel_service/version.c.obj
[npcx-aic:ro] [89/279] Building C object zephyr/CMakeFiles/zephyr.dir/subsys/shell/modules/kernel_service/sleep.c.obj
[npcx-aic:ro] [90/279] Building C object zephyr/CMakeFiles/zephyr.dir/subsys/shell/modules/kernel_service/thread/thread.c.obj
[npcx-aic:ro] [91/279] Building C object zephyr/CMakeFiles/zephyr.dir/subsys/shell/modules/kernel_service/thread/stacks.c.obj
[npcx-aic:ro] [92/279] Building C object zephyr/CMakeFiles/zephyr.dir/subsys/shell/modules/kernel_service/thread/suspend.c.obj
[tanjiro:ro] -- Generated zephyr.dts: /mnt/host/source/src/platform/ec/build/zephyr/tanjiro/build-ro/zephyr/zephyr.dts
[tanjiro:ro] -- Generated pickled edt: /mnt/host/source/src/platform/ec/build/zephyr/tanjiro/build-ro/zephyr/edt.pickle
[npcx-aic:ro] [93/279] Building C object zephyr/CMakeFiles/zephyr.dir/subsys/shell/modules/kernel_service/thread/resume.c.obj
[npcx-aic:ro] [94/279] Building C object zephyr/CMakeFiles/zephyr.dir/subsys/shell/modules/kernel_service/thread/kill.c.obj
[tanjiro:rw] -- Generated zephyr.dts: /mnt/host/source/src/platform/ec/build/zephyr/tanjiro/build-rw/zephyr/zephyr.dts
[tanjiro:rw] -- Generated pickled edt: /mnt/host/source/src/platform/ec/build/zephyr/tanjiro/build-rw/zephyr/edt.pickle
[/mnt/host/source/src/platform/ec/build/zephyr/pujjolo-lcov] geninfo: WARNING: using JSON module "JSON::PP" - which is much slower than some alternatives.  Consider installing one of JSON::XS or Cpanel::JSON::XS
[npcx-aic:ro] [95/279] Building C object zephyr/CMakeFiles/zephyr.dir/subsys/shell/shell_fprintf.c.obj
[npcx-aic:ro] [96/279] Building C object zephyr/CMakeFiles/zephyr.dir/subsys/shell/backends/shell_uart.c.obj
[npcx-aic:ro] [97/279] Building C object zephyr/CMakeFiles/zephyr.dir/subsys/shell/shell_utils.c.obj
[npcx-aic:ro] [98/279] Building C object zephyr/CMakeFiles/zephyr.dir/subsys/shell/shell_ops.c.obj
[npcx-aic:ro] [99/279] Building C object zephyr/CMakeFiles/zephyr.dir/subsys/shell/shell_help.c.obj
[npcx-aic:ro] [100/279] Building C object zephyr/CMakeFiles/zephyr.dir/subsys/shell/shell.c.obj
[tanjiro:ro] -- Generated devicetree_generated.h: /mnt/host/source/src/platform/ec/build/zephyr/tanjiro/build-ro/zephyr/include/generated/zephyr/devicetree_generated.h
[tanjiro:rw] -- Generated devicetree_generated.h: /mnt/host/source/src/platform/ec/build/zephyr/tanjiro/build-rw/zephyr/include/generated/zephyr/devicetree_generated.h
[npcx-aic:ro] [101/279] Building C object zephyr/CMakeFiles/zephyr.dir/subsys/shell/shell_history.c.obj
[npcx-aic:ro] [102/279] Building C object zephyr/arch/common/CMakeFiles/arch__common.dir/init.c.obj
[npcx-aic:ro] [103/279] Building C object zephyr/arch/common/CMakeFiles/arch__common.dir/sw_isr_common.c.obj
[npcx-aic:ro] [104/279] Building ASM object zephyr/arch/arch/arm/core/CMakeFiles/arch__arm__core.dir/nmi_on_reset.S.obj
[npcx-aic:ro] [105/279] Building C object zephyr/CMakeFiles/zephyr.dir/drivers/flash/flash_util.c.obj
[npcx-aic:ro] [106/279] Linking C static library zephyr/libzephyr.a
[npcx-aic:ro] [107/279] Building ASM object zephyr/arch/arch/arm/core/cortex_m/CMakeFiles/arch__arm__core__cortex_m.dir/fault_s.S.obj
[npcx-aic:ro] [108/279] Building C object zephyr/arch/common/CMakeFiles/isr_tables.dir/isr_tables.c.obj
[npcx-aic:ro] [109/279] Linking C static library zephyr/arch/common/libisr_tables.a
[npcx-aic:ro] [110/279] Building C object zephyr/arch/common/CMakeFiles/arch__common.dir/xip.c.obj
[npcx-aic:ro] [111/279] Building C object zephyr/arch/arch/arm/core/CMakeFiles/arch__arm__core.dir/fatal.c.obj
[npcx-aic:ro] [112/279] Building C object zephyr/arch/arch/arm/core/CMakeFiles/arch__arm__core.dir/nmi.c.obj
[npcx-aic:ro] [113/279] Linking C static library zephyr/arch/arch/arm/core/libarch__arm__core.a
[npcx-aic:ro] [114/279] Building C object zephyr/arch/arch/arm/core/cortex_m/CMakeFiles/arch__arm__core__cortex_m.dir/exc_exit.c.obj
[npcx-aic:ro] [115/279] Linking C static library zephyr/arch/common/libarch__common.a
[squirtle:ro] -- Generated zephyr.dts: /mnt/host/source/src/platform/ec/build/zephyr/squirtle/build-ro/zephyr/zephyr.dts
[squirtle:ro] -- Generated pickled edt: /mnt/host/source/src/platform/ec/build/zephyr/squirtle/build-ro/zephyr/edt.pickle
[npcx-aic:ro] [116/279] Building C object zephyr/arch/arch/arm/core/cortex_m/CMakeFiles/arch__arm__core__cortex_m.dir/fpu.c.obj
[npcx-aic:ro] [117/279] Building ASM object zephyr/arch/arch/arm/core/cortex_m/CMakeFiles/arch__arm__core__cortex_m.dir/reset.S.obj
[npcx-aic:ro] [118/279] Building C object zephyr/arch/arch/arm/core/cortex_m/CMakeFiles/arch__arm__core__cortex_m.dir/fault.c.obj
[npcx-aic:ro] [119/279] Building ASM object zephyr/arch/arch/arm/core/cortex_m/CMakeFiles/arch__arm__core__cortex_m.dir/vector_table.S.obj
[squirtle:rw] -- Generated zephyr.dts: /mnt/host/source/src/platform/ec/build/zephyr/squirtle/build-rw/zephyr/zephyr.dts
[squirtle:rw] -- Generated pickled edt: /mnt/host/source/src/platform/ec/build/zephyr/squirtle/build-rw/zephyr/edt.pickle
[npcx-aic:ro] [120/279] Building C object zephyr/arch/arch/arm/core/cortex_m/CMakeFiles/arch__arm__core__cortex_m.dir/scb.c.obj
[npcx-aic:ro] [121/279] Building C object zephyr/arch/arch/arm/core/cortex_m/CMakeFiles/arch__arm__core__cortex_m.dir/thread_abort.c.obj
[npcx-aic:ro] [122/279] Building ASM object zephyr/arch/arch/arm/core/cortex_m/CMakeFiles/arch__arm__core__cortex_m.dir/swap_helper.S.obj
[npcx-aic:ro] [123/279] Building C object zephyr/arch/arch/arm/core/cortex_m/CMakeFiles/arch__arm__core__cortex_m.dir/prep_c.c.obj
[tanjiro:ro] /mnt/host/source/src/platform/ec/build/zephyr/tanjiro/build-ro/zephyr/zephyr.dts:1249.27-1960.5: Warning (avoid_unnecessary_addr_size): /soc/pin-controller: unnecessary #address-cells/#size-cells without "ranges" or child "reg" property
[npcx-aic:ro] [124/279] Building C object zephyr/arch/arch/arm/core/cortex_m/CMakeFiles/arch__arm__core__cortex_m.dir/irq_init.c.obj
[squirtle:ro] -- Generated devicetree_generated.h: /mnt/host/source/src/platform/ec/build/zephyr/squirtle/build-ro/zephyr/include/generated/zephyr/devicetree_generated.h
[npcx-aic:ro] [125/279] Generating ../../../include/generated/libc/minimal/strerror_table.h
[npcx-aic:ro] [126/279] Building C object zephyr/arch/arch/arm/core/cortex_m/CMakeFiles/arch__arm__core__cortex_m.dir/irq_manage.c.obj
[npcx-aic:ro] [127/279] Building C object zephyr/arch/arch/arm/core/cortex_m/CMakeFiles/arch__arm__core__cortex_m.dir/thread.c.obj
[npcx-aic:ro] [128/279] Building C object zephyr/arch/arch/arm/core/cortex_m/CMakeFiles/arch__arm__core__cortex_m.dir/isr_wrapper.c.obj
[tanjiro:rw] /mnt/host/source/src/platform/ec/build/zephyr/tanjiro/build-rw/zephyr/zephyr.dts:1249.27-1960.5: Warning (avoid_unnecessary_addr_size): /soc/pin-controller: unnecessary #address-cells/#size-cells without "ranges" or child "reg" property
[squirtle:rw] -- Generated devicetree_generated.h: /mnt/host/source/src/platform/ec/build/zephyr/squirtle/build-rw/zephyr/include/generated/zephyr/devicetree_generated.h
[npcx-aic:ro] [129/279] Building C object zephyr/arch/arch/arm/core/cortex_m/CMakeFiles/arch__arm__core__cortex_m.dir/cpu_idle.c.obj
[npcx-aic:ro] [130/279] Building C object zephyr/lib/libc/minimal/CMakeFiles/lib__libc__minimal.dir/source/stdlib/strtol.c.obj
[npcx-aic:ro] [131/279] Building C object zephyr/lib/libc/minimal/CMakeFiles/lib__libc__minimal.dir/source/stdlib/atoi.c.obj
[npcx-aic:ro] [132/279] Linking C static library zephyr/arch/arch/arm/core/cortex_m/libarch__arm__core__cortex_m.a
[npcx-aic:ro] [133/279] Building C object zephyr/lib/libc/minimal/CMakeFiles/lib__libc__minimal.dir/source/stdlib/strtoul.c.obj
[npcx-aic:ro] [134/279] Building C object zephyr/arch/arch/arm/core/mpu/CMakeFiles/arch__arm__core__mpu.dir/arm_core_mpu.c.obj
[npcx-aic:ro] [135/279] Building C object zephyr/lib/libc/minimal/CMakeFiles/lib__libc__minimal.dir/source/stdlib/strtoll.c.obj
[npcx-aic:ro] [136/279] Building C object zephyr/lib/libc/minimal/CMakeFiles/lib__libc__minimal.dir/source/stdlib/strtoull.c.obj
[npcx-aic:ro] [137/279] Building C object zephyr/lib/libc/minimal/CMakeFiles/lib__libc__minimal.dir/source/stdlib/bsearch.c.obj
[npcx-aic:ro] [138/279] Building C object zephyr/lib/libc/minimal/CMakeFiles/lib__libc__minimal.dir/source/string/strncasecmp.c.obj
[npcx-aic:ro] [139/279] Building C object zephyr/lib/libc/minimal/CMakeFiles/lib__libc__minimal.dir/source/string/strstr.c.obj
[npcx-aic:ro] [140/279] Building C object zephyr/arch/arch/arm/core/mpu/CMakeFiles/arch__arm__core__mpu.dir/arm_mpu_regions.c.obj
[npcx-aic:ro] [141/279] Building C object zephyr/lib/libc/minimal/CMakeFiles/lib__libc__minimal.dir/source/string/strerror.c.obj
[npcx-aic:ro] [142/279] Building C object zephyr/lib/libc/minimal/CMakeFiles/lib__libc__minimal.dir/source/string/string.c.obj
[npcx-aic:ro] [143/279] Building C object zephyr/lib/libc/minimal/CMakeFiles/lib__libc__minimal.dir/source/stdlib/qsort.c.obj
[npcx-aic:ro] [144/279] Building C object zephyr/lib/libc/minimal/CMakeFiles/lib__libc__minimal.dir/source/string/strspn.c.obj
[npcx-aic:ro] [145/279] Building C object zephyr/arch/arch/arm/core/mpu/CMakeFiles/arch__arm__core__mpu.dir/arm_mpu.c.obj
[npcx-aic:ro] [146/279] Building C object zephyr/lib/libc/common/CMakeFiles/lib__libc__common.dir/source/stdlib/abort.c.obj
[npcx-aic:ro] [147/279] Linking C static library zephyr/arch/arch/arm/core/mpu/libarch__arm__core__mpu.a
[npcx-aic:ro] [148/279] Building C object zephyr/lib/libc/common/CMakeFiles/lib__libc__common.dir/source/time/gmtime_r.c.obj
[npcx-aic:ro] [149/279] Building C object zephyr/lib/libc/minimal/CMakeFiles/lib__libc__minimal.dir/source/math/sqrt.c.obj
[npcx-aic:ro] [150/279] Building C object zephyr/lib/libc/minimal/CMakeFiles/lib__libc__minimal.dir/source/math/sqrtf.c.obj
[npcx-aic:ro] [151/279] Building C object zephyr/lib/libc/minimal/CMakeFiles/lib__libc__minimal.dir/source/stdlib/exit.c.obj
[npcx-aic:ro] [152/279] Building C object zephyr/lib/libc/common/CMakeFiles/lib__libc__common.dir/source/time/asctime.c.obj
[/mnt/host/source/src/platform/ec/build/zephyr/pujjolo-lcov] stderr:
[npcx-aic:ro] [153/279] Building C object zephyr/lib/libc/common/CMakeFiles/lib__libc__common.dir/source/time/localtime_r_utc.c.obj
[npcx-aic:ro] [154/279] Building C object zephyr/lib/libc/minimal/CMakeFiles/lib__libc__minimal.dir/source/stdout/stdout_console.c.obj
[npcx-aic:ro] [155/279] Building C object zephyr/lib/libc/common/CMakeFiles/lib__libc__common.dir/source/time/ctime.c.obj
[npcx-aic:ro] [156/279] Building C object zephyr/lib/libc/common/CMakeFiles/lib__libc__common.dir/source/string/strnlen.c.obj
[npcx-aic:ro] [157/279] Building C object zephyr/lib/libc/minimal/CMakeFiles/lib__libc__minimal.dir/source/stdout/fprintf.c.obj
[npcx-aic:ro] [158/279] Building C object zephyr/lib/libc/common/CMakeFiles/lib__libc__common.dir/source/time/time.c.obj
[npcx-aic:ro] [159/279] Building C object zephyr/lib/libc/minimal/CMakeFiles/lib__libc__minimal.dir/source/time/gmtime.c.obj
[npcx-aic:ro] [160/279] Building C object zephyr/lib/posix/c_lib_ext/CMakeFiles/lib__posix__c_lib_ext.dir/fnmatch.c.obj
[npcx-aic:ro] [161/279] Building C object zephyr/lib/libc/minimal/CMakeFiles/lib__libc__minimal.dir/source/stdout/sprintf.c.obj
[npcx-aic:ro] [162/279] Building C object zephyr/subsys/crc/CMakeFiles/subsys__crc.dir/crc4_sw.c.obj
[npcx-aic:ro] [163/279] Building C object zephyr/subsys/crc/CMakeFiles/subsys__crc.dir/crc8_sw.c.obj
[npcx-aic:ro] [164/279] Building C object zephyr/subsys/crc/CMakeFiles/subsys__crc.dir/crc7_sw.c.obj
[npcx-aic:ro] [165/279] Building C object zephyr/subsys/crc/CMakeFiles/subsys__crc.dir/crc24_sw.c.obj
[npcx-aic:ro] [166/279] Building C object zephyr/subsys/crc/CMakeFiles/subsys__crc.dir/crc16_sw.c.obj
[npcx-aic:ro] [167/279] Linking C static library zephyr/lib/libc/minimal/liblib__libc__minimal.a
[/mnt/host/source/src/platform/ec/build/zephyr/pujjolo-lcov]   /mnt/host/source/src/platform/ec/build/zephyr/pujjolo/build-ro/modules/ec/zephyr/CMakeFiles/ec_shim.dir/shim/src/thermal.c.gcno:no functions found
[/mnt/host/source/src/platform/ec/build/zephyr/pujjolo-lcov] stderr:
[npcx-aic:ro] [168/279] Building C object zephyr/subsys/crc/CMakeFiles/subsys__crc.dir/crc32c_sw.c.obj
[npcx-aic:ro] [169/279] Building C object zephyr/subsys/crc/CMakeFiles/subsys__crc.dir/crc32_sw.c.obj
[npcx-aic:ro] [170/279] Building C object zephyr/lib/libc/common/CMakeFiles/lib__libc__common.dir/source/stdlib/malloc.c.obj
[npcx-aic:ro] [171/279] Building C object zephyr/subsys/crc/CMakeFiles/subsys__crc.dir/crc32k_4_2_sw.c.obj
[npcx-aic:ro] [172/279] Linking C static library zephyr/lib/libc/common/liblib__libc__common.a
[npcx-aic:ro] [173/279] Linking C static library zephyr/subsys/crc/libsubsys__crc.a
[npcx-aic:ro] [174/279] Building C object zephyr/lib/posix/c_lib_ext/CMakeFiles/lib__posix__c_lib_ext.dir/getopt_shim.c.obj
[npcx-aic:ro] [175/279] Building C object zephyr/lib/posix/c_lib_ext/CMakeFiles/lib__posix__c_lib_ext.dir/getentropy.c.obj
[/mnt/host/source/src/platform/ec/build/zephyr/pujjolo-lcov]   /mnt/host/source/src/platform/ec/build/zephyr/pujjolo/build-ro/modules/ec/zephyr/CMakeFiles/ec_shim.dir/shim/src/battery.c.gcno:no functions found
[/mnt/host/source/src/platform/ec/build/zephyr/pujjolo-lcov] stderr:
[npcx-aic:ro] [176/279] Linking C static library zephyr/lib/posix/c_lib_ext/liblib__posix__c_lib_ext.a
[npcx-aic:ro] [177/279] Building C object zephyr/drivers/adc/CMakeFiles/drivers__adc.dir/adc_common.c.obj
[npcx-aic:ro] [178/279] Building C object zephyr/drivers/interrupt_controller/CMakeFiles/drivers__interrupt_controller.dir/intc_miwu.c.obj
[npcx-aic:ro] [179/279] Building C object zephyr/drivers/clock_control/CMakeFiles/drivers__clock_control.dir/clock_control_npcx.c.obj
[npcx-aic:ro] [180/279] Linking C static library zephyr/drivers/interrupt_controller/libdrivers__interrupt_controller.a
[npcx-aic:ro] [181/279] Building C object zephyr/drivers/bbram/CMakeFiles/drivers__bbram.dir/bbram_npcx.c.obj
[npcx-aic:ro] [182/279] Linking C static library zephyr/drivers/clock_control/libdrivers__clock_control.a
[npcx-aic:ro] [183/279] Building C object zephyr/drivers/adc/CMakeFiles/drivers__adc.dir/adc_npcx.c.obj
[npcx-aic:ro] [184/279] Building C object zephyr/drivers/flash/CMakeFiles/drivers__flash.dir/jesd216.c.obj
[npcx-aic:ro] [185/279] Linking C static library zephyr/drivers/adc/libdrivers__adc.a
[npcx-aic:ro] [186/279] Linking C static library zephyr/drivers/bbram/libdrivers__bbram.a
[npcx-aic:ro] [187/279] Building C object zephyr/drivers/console/CMakeFiles/drivers__console.dir/uart_console.c.obj
[npcx-aic:ro] [188/279] Building C object zephyr/drivers/flash/CMakeFiles/drivers__flash.dir/flash_npcx_fiu_nor.c.obj
[/mnt/host/source/src/platform/ec/build/zephyr/npcx9-lcov]   /mnt/host/source/src/platform/ec/build/zephyr/npcx9/build-ro/modules/ec/zephyr/CMakeFiles/ec_shim.dir/shim/src/keyscan.c.gcno:no functions found
[/mnt/host/source/src/platform/ec/build/zephyr/npcx9-lcov] stderr:
[/mnt/host/source/src/platform/ec/build/zephyr/pujjolo-lcov]   /mnt/host/source/src/platform/ec/build/zephyr/pujjolo/build-ro/modules/ec/zephyr/CMakeFiles/ec_shim.dir/shim/src/charger.c.gcno:no functions found
[/mnt/host/source/src/platform/ec/build/zephyr/pujjolo-lcov] stderr:
[npcx-aic:ro] [189/279] Linking C static library zephyr/drivers/console/libdrivers__console.a
[npcx-aic:ro] [190/279] Building C object zephyr/drivers/flash/CMakeFiles/drivers__flash.dir/flash_npcx_fiu_qspi.c.obj
[npcx-aic:ro] [191/279] Linking C static library zephyr/drivers/flash/libdrivers__flash.a
[npcx-aic:ro] [192/279] Building C object zephyr/drivers/i2c/CMakeFiles/drivers__i2c.dir/i2c_common.c.obj
[npcx-aic:ro] [193/279] Building C object zephyr/drivers/gpio/CMakeFiles/drivers__gpio.dir/gpio_npcx.c.obj
[npcx-aic:ro] [194/279] Building C object zephyr/drivers/pinctrl/CMakeFiles/drivers__pinctrl.dir/common.c.obj
[npcx-aic:ro] [195/279] Building C object zephyr/drivers/i2c/CMakeFiles/drivers__i2c.dir/i2c_shell.c.obj
[npcx-aic:ro] [196/279] Linking C static library zephyr/drivers/gpio/libdrivers__gpio.a
[npcx-aic:ro] [197/279] Building C object zephyr/drivers/pinctrl/CMakeFiles/drivers__pinctrl.dir/pinctrl_npcx.c.obj
[npcx-aic:ro] [198/279] Building C object zephyr/drivers/i2c/CMakeFiles/drivers__i2c.dir/i2c_npcx_controller.c.obj
[npcx-aic:ro] [199/279] Building C object zephyr/drivers/i2c/CMakeFiles/drivers__i2c.dir/i2c_npcx_controller_fifo.c.obj
[tanjiro:rw] warning: Deprecated symbol I2C_ALLOW_NO_STOP_TRANSACTIONS is enabled.
[npcx-aic:ro] [200/279] Building C object zephyr/drivers/i2c/CMakeFiles/drivers__i2c.dir/i2c_npcx_port.c.obj
[npcx-aic:ro] [201/279] Linking C static library zephyr/drivers/pinctrl/libdrivers__pinctrl.a
[npcx-aic:ro] [202/279] Linking C static library zephyr/drivers/i2c/libdrivers__i2c.a
[/mnt/host/source/src/platform/ec/build/zephyr/rull-lcov]   /mnt/host/source/src/platform/ec/build/zephyr/rull/build-rw/CMakeFiles/app.dir/mnt/host/source/src/platform/ec/build/zephyr/rull/modules/ec/common/cbi_config.c.gcno:no functions found
[/mnt/host/source/src/platform/ec/build/zephyr/rull-lcov] stderr:
[npcx-aic:ro] [203/279] Building C object zephyr/drivers/timer/CMakeFiles/drivers__timer.dir/sys_clock_init.c.obj
[npcx-aic:ro] [204/279] Building C object zephyr/drivers/syscon/CMakeFiles/drivers__syscon.dir/syscon.c.obj
[tanjiro:ro] Parsing /mnt/host/source/src/platform/ec/zephyr/program/tanjiro/Kconfig
[npcx-aic:ro] [205/279] Building C object zephyr/drivers/serial/CMakeFiles/drivers__serial.dir/uart_npcx.c.obj
[npcx-aic:ro] [206/279] Linking C static library zephyr/drivers/syscon/libdrivers__syscon.a
[npcx-aic:ro] [207/279] Building C object zephyr/drivers/watchdog/CMakeFiles/drivers__watchdog.dir/wdt_shell.c.obj
[tanjiro:rw] Parsing /mnt/host/source/src/platform/ec/zephyr/program/tanjiro/Kconfig
[npcx-aic:ro] [208/279] Linking C static library zephyr/drivers/serial/libdrivers__serial.a
[npcx-aic:ro] [209/279] Building C object zephyr/drivers/watchdog/CMakeFiles/drivers__watchdog.dir/wdt_npcx.c.obj
[npcx-aic:ro] [210/279] Building C object zephyr/drivers/timer/CMakeFiles/drivers__timer.dir/npcx_itim_timer.c.obj
[npcx-aic:ro] [211/279] Linking C static library zephyr/drivers/timer/libdrivers__timer.a
[npcx-aic:ro] [212/279] Linking C static library zephyr/drivers/watchdog/libdrivers__watchdog.a
[npcx-aic:ro] [213/279] Building C object modules/ec/zephyr/CMakeFiles/ec_shim.dir/app/ec/main_shim.c.obj
[npcx-aic:ro] [214/279] Building C object modules/ec/zephyr/CMakeFiles/ec_shim.dir/app/ec/ec_app_main.c.obj
[npcx-aic:ro] [215/279] Building C object modules/ec/zephyr/CMakeFiles/ec_shim.dir/drivers/cros_flash/cros_flash_npcx.c.obj
[/mnt/host/source/src/platform/ec/build/zephyr/rull-lcov]   /mnt/host/source/src/platform/ec/build/zephyr/rull/build-rw/zephyr/arch/arch/riscv/core/CMakeFiles/arch__riscv__core.dir/cpu_idle.c.gcno:no functions found
[/mnt/host/source/src/platform/ec/build/zephyr/rull-lcov] stderr:
[/mnt/host/source/src/platform/ec/build/zephyr/pujjolo-lcov]   /mnt/host/source/src/platform/ec/build/zephyr/pujjolo/build-ro/modules/ec/zephyr/CMakeFiles/ec_shim.dir/shim/src/usba.c.gcno:no functions found
[/mnt/host/source/src/platform/ec/build/zephyr/pujjolo-lcov] stderr:
[npcx-aic:ro] [216/279] Building C object modules/ec/zephyr/CMakeFiles/ec_shim.dir/drivers/cros_system/cros_system_npcx.c.obj
[npcx-aic:ro] [217/279] Building C object modules/ec/zephyr/CMakeFiles/ec_shim.dir/shim/chip/npcx/clock.c.obj
[npcx-aic:ro] [218/279] Building C object modules/ec/zephyr/CMakeFiles/ec_shim.dir/drivers/aic/io_sweep.c.obj
[npcx-aic:ro] [219/279] Building C object modules/ec/zephyr/CMakeFiles/ec_shim.dir/shim/chip/npcx/gpio.c.obj
[npcx-aic:ro] [220/279] Building C object modules/ec/zephyr/CMakeFiles/ec_shim.dir/shim/src/crc.c.obj
[squirtle:rw] warning: PLATFORM_EC_USB_PD_DEBUG_LEVEL (defined at
[squirtle:rw] /mnt/host/source/src/platform/ec/zephyr/Kconfig.pd:61) was assigned the value '2' but got the value
[squirtle:rw] ''. Check these unsatisfied dependencies: PLATFORM_EC_USB_PD_DEBUG_FIXED_LEVEL (=n). See
[squirtle:rw] http://docs.zephyrproject.org/latest/kconfig.html#CONFIG_PLATFORM_EC_USB_PD_DEBUG_LEVEL and/or look
[squirtle:rw] up PLATFORM_EC_USB_PD_DEBUG_LEVEL in the menuconfig/guiconfig interface. The Application Development
[squirtle:rw] Primer, Setting Configuration Values, and Kconfig - Tips and Best Practices sections of the manual
[squirtle:rw] might be helpful too.
[squirtle:rw] warning: The choice symbol PLATFORM_EC_ACCELGYRO_BMI_COMM_I2C (defined at
[squirtle:rw] /mnt/host/source/src/platform/ec/zephyr/Kconfig.accelgyro_bmi:23) was selected (set =y), but no
[squirtle:rw] symbol ended up as the choice selection. See
[squirtle:rw] http://docs.zephyrproject.org/latest/kconfig.html#CONFIG_PLATFORM_EC_ACCELGYRO_BMI_COMM_I2C and/or
[squirtle:rw] look up PLATFORM_EC_ACCELGYRO_BMI_COMM_I2C in the menuconfig/guiconfig interface. The Application
[squirtle:rw] Development Primer, Setting Configuration Values, and Kconfig - Tips and Best Practices sections of
[squirtle:rw] the manual might be helpful too.
[squirtle:rw] warning: Deprecated symbol I2C_ALLOW_NO_STOP_TRANSACTIONS is enabled.
[npcx-aic:ro] [221/279] Building C object modules/ec/zephyr/CMakeFiles/ec_shim.dir/shim/chip/npcx/rom_chip.c.obj
[tanjiro:ro] Loaded configuration '/mnt/host/source/src/platform/ec/zephyr/boards/google/it8xxx2/it8xxx2_it82202bw_defconfig'
[tanjiro:ro] Merged configuration '/mnt/host/source/src/platform/ec/zephyr/program/tanjiro/program.conf'
[tanjiro:ro] Merged configuration '/mnt/host/source/src/platform/ec/zephyr/program/tanjiro/tanjiro/project.conf'
[tanjiro:ro] Merged configuration '/mnt/host/source/src/platform/ec/build/zephyr/tanjiro/kconfig-ro.conf'
[tanjiro:ro] Configuration saved to '/mnt/host/source/src/platform/ec/build/zephyr/tanjiro/build-ro/zephyr/.config'
[tanjiro:ro] Kconfig header saved to '/mnt/host/source/src/platform/ec/build/zephyr/tanjiro/build-ro/zephyr/include/generated/zephyr/autoconf.h'
[tanjiro:ro] -- Found GnuLd: /home/jpmurphy/.cache/coreboot-sdk/riscv64-elf/96b949749225b6aaa92ed810ab769e8dfb12f000/riscv64-elf/bin/ld.bfd (found version "2.43.1")
[squirtle:ro] warning: PLATFORM_EC_USB_PD_DEBUG_LEVEL (defined at
[squirtle:ro] /mnt/host/source/src/platform/ec/zephyr/Kconfig.pd:61) was assigned the value '2' but got the value
[squirtle:ro] ''. Check these unsatisfied dependencies: PLATFORM_EC_USB_PD_DEBUG_FIXED_LEVEL (=n). See
[squirtle:ro] http://docs.zephyrproject.org/latest/kconfig.html#CONFIG_PLATFORM_EC_USB_PD_DEBUG_LEVEL and/or look
[squirtle:ro] up PLATFORM_EC_USB_PD_DEBUG_LEVEL in the menuconfig/guiconfig interface. The Application Development
[squirtle:ro] Primer, Setting Configuration Values, and Kconfig - Tips and Best Practices sections of the manual
[squirtle:ro] might be helpful too.
[squirtle:ro] warning: The choice symbol PLATFORM_EC_ACCELGYRO_BMI_COMM_I2C (defined at
[squirtle:ro] /mnt/host/source/src/platform/ec/zephyr/Kconfig.accelgyro_bmi:23) was selected (set =y), but no
[squirtle:ro] symbol ended up as the choice selection. See
[squirtle:ro] http://docs.zephyrproject.org/latest/kconfig.html#CONFIG_PLATFORM_EC_ACCELGYRO_BMI_COMM_I2C and/or
[squirtle:ro] look up PLATFORM_EC_ACCELGYRO_BMI_COMM_I2C in the menuconfig/guiconfig interface. The Application
[squirtle:ro] Development Primer, Setting Configuration Values, and Kconfig - Tips and Best Practices sections of
[squirtle:ro] the manual might be helpful too.
[npcx-aic:ro] [222/279] Building C object modules/ec/zephyr/CMakeFiles/ec_shim.dir/shim/chip/npcx/system.c.obj
[tanjiro:rw] Loaded configuration '/mnt/host/source/src/platform/ec/zephyr/boards/google/it8xxx2/it8xxx2_it82202bw_defconfig'
[npcx-aic:ro] [223/279] Building C object modules/ec/zephyr/CMakeFiles/ec_shim.dir/shim/chip/npcx/power_policy.c.obj
[tanjiro:rw] Merged configuration '/mnt/host/source/src/platform/ec/zephyr/program/tanjiro/program.conf'
[tanjiro:rw] Merged configuration '/mnt/host/source/src/platform/ec/zephyr/program/tanjiro/tanjiro/project.conf'
[tanjiro:rw] Merged configuration '/mnt/host/source/src/platform/ec/build/zephyr/tanjiro/kconfig-rw.conf'
[tanjiro:rw] Configuration saved to '/mnt/host/source/src/platform/ec/build/zephyr/tanjiro/build-rw/zephyr/.config'
[tanjiro:rw] Kconfig header saved to '/mnt/host/source/src/platform/ec/build/zephyr/tanjiro/build-rw/zephyr/include/generated/zephyr/autoconf.h'
[tanjiro:rw] -- Found GnuLd: /home/jpmurphy/.cache/coreboot-sdk/riscv64-elf/96b949749225b6aaa92ed810ab769e8dfb12f000/riscv64-elf/bin/ld.bfd (found version "2.43.1")
[npcx-aic:ro] [224/279] Building C object modules/ec/zephyr/CMakeFiles/ec_shim.dir/shim/chip/npcx/system_external_storage.c.obj
[/mnt/host/source/src/platform/ec/build/zephyr/npcx9-lcov]   /mnt/host/source/src/platform/ec/build/zephyr/npcx9/build-ro/CMakeFiles/app.dir/mnt/host/source/src/platform/ec/build/zephyr/npcx9/modules/ec/common/chargen.c.gcno:no functions found
[/mnt/host/source/src/platform/ec/build/zephyr/npcx9-lcov] stderr:
[npcx-aic:ro] [225/279] Building C object modules/ec/zephyr/CMakeFiles/ec_shim.dir/shim/core/cortex-m/mpu.c.obj
[tanjiro:ro] -- The C compiler identification is GNU 14.2.0
[tanjiro:rw] -- The C compiler identification is GNU 14.2.0
[npcx-aic:ro] [226/279] Building C object modules/ec/zephyr/CMakeFiles/ec_shim.dir/shim/core/cortex-m/panic.c.obj
[tanjiro:ro] -- The CXX compiler identification is GNU 14.2.0
[squirtle:rw] Parsing /mnt/host/source/src/platform/ec/zephyr/program/corsola/Kconfig
[/mnt/host/source/src/platform/ec/build/zephyr/npcx9-lcov]   /mnt/host/source/src/platform/ec/build/zephyr/npcx9/build-ro/CMakeFiles/app.dir/mnt/host/source/src/platform/ec/build/zephyr/npcx9/modules/ec/common/cbi_config.c.gcno:no functions found
[/mnt/host/source/src/platform/ec/build/zephyr/npcx9-lcov] stderr:
[/mnt/host/source/src/platform/ec/build/zephyr/pujjolo-lcov]   /mnt/host/source/src/platform/ec/build/zephyr/pujjolo/build-ro/modules/ec/zephyr/CMakeFiles/ec_shim.dir/drivers/keyboard_input/keyboard_customization_check.c.gcno:no functions found
[/mnt/host/source/src/platform/ec/build/zephyr/pujjolo-lcov] stderr:
[tanjiro:ro] -- The ASM compiler identification is GNU
[npcx-aic:ro] [227/279] Building ASM object modules/ec/zephyr/CMakeFiles/ec_shim.dir/shim/src/libgcc_arm.S.obj
[tanjiro:ro] -- Found assembler: /home/jpmurphy/.cache/coreboot-sdk/riscv64-elf/96b949749225b6aaa92ed810ab769e8dfb12f000/bin/riscv64-elf-gcc
[npcx-aic:ro] [228/279] Building C object modules/ec/zephyr/CMakeFiles/ec_shim.dir/shim/src/gpio_int.c.obj
[tanjiro:ro] warning: Deprecated symbol I2C_ALLOW_NO_STOP_TRANSACTIONS is enabled.
[tanjiro:ro] CMake Warning at /mnt/host/source/src/platform/ec/zephyr/cmake/linker/ld/linker_libraries.cmake:11 (message):
[tanjiro:ro]   Disabling c_library
[squirtle:ro] Parsing /mnt/host/source/src/platform/ec/zephyr/program/corsola/Kconfig
[npcx-aic:ro] [229/279] Building C object modules/ec/zephyr/CMakeFiles/ec_shim.dir/shim/src/gpio.c.obj
[npcx-aic:ro] [230/279] Building C object modules/ec/zephyr/CMakeFiles/ec_shim.dir/shim/src/console.c.obj
[tanjiro:rw] -- The CXX compiler identification is GNU 14.2.0
[npcx-aic:ro] [231/279] Building C object modules/ec/zephyr/CMakeFiles/ec_shim.dir/shim/src/panic_utils.c.obj
[npcx-aic:ro] [232/279] Building C object modules/ec/zephyr/CMakeFiles/ec_shim.dir/shim/src/cbi/cros_cbi.c.obj
[tanjiro:rw] -- The ASM compiler identification is GNU
[tanjiro:rw] -- Found assembler: /home/jpmurphy/.cache/coreboot-sdk/riscv64-elf/96b949749225b6aaa92ed810ab769e8dfb12f000/bin/riscv64-elf-gcc
[npcx-aic:ro] [233/279] Building C object modules/ec/zephyr/CMakeFiles/ec_shim.dir/shim/src/pm_state.c.obj
[tanjiro:rw] CMake Warning at /mnt/host/source/src/platform/ec/zephyr/cmake/linker/ld/linker_libraries.cmake:11 (message):
[tanjiro:rw]   Disabling c_library
[tanjiro:rw] Call Stack (most recent call first):
[tanjiro:rw]   /mnt/host/source/src/third_party/zephyr/main/cmake/target_toolchain_flags.cmake:48 (include)
[tanjiro:rw]   /mnt/host/source/src/third_party/zephyr/main/cmake/modules/kernel.cmake:153 (include)
[tanjiro:rw]   /mnt/host/source/src/third_party/zephyr/main/cmake/modules/zephyr_default.cmake:138 (include)
[tanjiro:rw]   /mnt/host/source/src/third_party/zephyr/main/share/zephyr-package/cmake/ZephyrConfig.cmake:66 (include)
[tanjiro:rw]   /mnt/host/source/src/third_party/zephyr/main/share/zephyr-package/cmake/ZephyrConfig.cmake:97 (include_boilerplate)
[tanjiro:rw]   CMakeLists.txt:6 (find_package)
[npcx-aic:ro] [234/279] Building C object modules/ec/zephyr/CMakeFiles/ec_shim.dir/shim/src/cbi/cbi_flash.c.obj
[/mnt/host/source/src/platform/ec/build/zephyr/rull-lcov]   /mnt/host/source/src/platform/ec/build/zephyr/rull/build-rw/zephyr/arch/common/CMakeFiles/isr_tables.dir/isr_tables.c.gcno:no functions found
[/mnt/host/source/src/platform/ec/build/zephyr/rull-lcov] stderr:
[npcx-aic:ro] [235/279] Building C object modules/ec/zephyr/CMakeFiles/ec_shim.dir/shim/src/system.c.obj
[tanjiro:ro] -- Performing EC specific devicetree checks
[tanjiro:ro] Call Stack (most recent call first):
[tanjiro:ro]   /mnt/host/source/src/third_party/zephyr/main/cmake/target_toolchain_flags.cmake:48 (include)
[tanjiro:ro]   /mnt/host/source/src/third_party/zephyr/main/cmake/modules/kernel.cmake:153 (include)
[tanjiro:ro]   /mnt/host/source/src/third_party/zephyr/main/cmake/modules/zephyr_default.cmake:138 (include)
[tanjiro:ro]   /mnt/host/source/src/third_party/zephyr/main/share/zephyr-package/cmake/ZephyrConfig.cmake:66 (include)
[tanjiro:ro]   /mnt/host/source/src/third_party/zephyr/main/share/zephyr-package/cmake/ZephyrConfig.cmake:97 (include_boilerplate)
[tanjiro:ro]   CMakeLists.txt:6 (find_package)
[tanjiro:ro] INFO: Verified 49 GPIOs, no duplicates found
[tanjiro:ro] INFO: Verified 15 '*-gpios' properties, all flags match.
[tanjiro:ro] INFO: Skipped 1 named-gpios children.
[tanjiro:rw] -- Performing EC specific devicetree checks
[npcx-aic:ro] [236/279] Building C object modules/ec/zephyr/CMakeFiles/ec_shim.dir/shim/src/console_buffer.c.obj
[npcx-aic:ro] [237/279] Building C object modules/ec/zephyr/CMakeFiles/ec_shim.dir/shim/src/adc.c.obj
[npcx-aic:ro] [238/279] Building C object modules/ec/zephyr/CMakeFiles/ec_shim.dir/shim/src/panic.c.obj
[npcx-aic:ro] [239/279] Building C object modules/ec/zephyr/CMakeFiles/ec_shim.dir/shim/src/hwtimer.c.obj
[npcx-aic:ro] [240/279] Building C object modules/ec/zephyr/CMakeFiles/ec_shim.dir/shim/src/host_command.c.obj
[npcx-aic:ro] [241/279] Building C object modules/ec/zephyr/CMakeFiles/ec_shim.dir/shim/src/flash.c.obj
[squirtle:rw] Loaded configuration '/mnt/host/source/src/platform/ec/zephyr/boards/google/npcx9/npcx9_npcx9m3f_defconfig'
[squirtle:rw] Merged configuration '/mnt/host/source/src/platform/ec/zephyr/program/corsola/program.conf'
[squirtle:rw] Merged configuration '/mnt/host/source/src/platform/ec/zephyr/program/corsola/npcx_program.conf'
[squirtle:rw] Merged configuration '/mnt/host/source/src/platform/ec/zephyr/program/corsola/squirtle/project.conf'
[squirtle:rw] Merged configuration '/mnt/host/source/src/platform/ec/build/zephyr/squirtle/kconfig-rw.conf'
[squirtle:rw] Configuration saved to '/mnt/host/source/src/platform/ec/build/zephyr/squirtle/build-rw/zephyr/.config'
[squirtle:rw] Kconfig header saved to '/mnt/host/source/src/platform/ec/build/zephyr/squirtle/build-rw/zephyr/include/generated/zephyr/autoconf.h'
[squirtle:rw] -- Found GnuLd: /home/jpmurphy/.cache/coreboot-sdk/arm-eabi/ea40ddd1d190c3b48435c474c0b545719371813a/arm-eabi/bin/ld.bfd (found version "2.43.1")
[npcx-aic:ro] [242/279] Building C object modules/ec/zephyr/CMakeFiles/ec_shim.dir/shim/src/hooks.c.obj
[squirtle:ro] Loaded configuration '/mnt/host/source/src/platform/ec/zephyr/boards/google/npcx9/npcx9_npcx9m3f_defconfig'
[squirtle:ro] Merged configuration '/mnt/host/source/src/platform/ec/zephyr/program/corsola/program.conf'
[squirtle:ro] Merged configuration '/mnt/host/source/src/platform/ec/zephyr/program/corsola/npcx_program.conf'
[squirtle:ro] Merged configuration '/mnt/host/source/src/platform/ec/zephyr/program/corsola/squirtle/project.conf'
[squirtle:ro] Merged configuration '/mnt/host/source/src/platform/ec/build/zephyr/squirtle/kconfig-ro.conf'
[squirtle:ro] Configuration saved to '/mnt/host/source/src/platform/ec/build/zephyr/squirtle/build-ro/zephyr/.config'
[squirtle:ro] Kconfig header saved to '/mnt/host/source/src/platform/ec/build/zephyr/squirtle/build-ro/zephyr/include/generated/zephyr/autoconf.h'
[squirtle:ro] -- Found GnuLd: /home/jpmurphy/.cache/coreboot-sdk/arm-eabi/ea40ddd1d190c3b48435c474c0b545719371813a/arm-eabi/bin/ld.bfd (found version "2.43.1")
[tanjiro:rw] INFO: Verified 49 GPIOs, no duplicates found
[tanjiro:rw] INFO: Verified 15 '*-gpios' properties, all flags match.
[tanjiro:ro] -- Generating component manifest file
[npcx-aic:ro] [243/279] Building C object modules/ec/zephyr/CMakeFiles/ec_shim.dir/shim/src/tasks.c.obj
[squirtle:rw] -- The C compiler identification is GNU 14.2.0
[npcx-aic:ro] [244/279] Building C object modules/ec/zephyr/CMakeFiles/ec_shim.dir/shim/src/watchdog.c.obj
[squirtle:ro] -- The C compiler identification is GNU 14.2.0
[tanjiro:rw] -- Generating component manifest file
[/mnt/host/source/src/platform/ec/build/zephyr/npcx9-lcov]   /mnt/host/source/src/platform/ec/build/zephyr/npcx9/build-ro/zephyr/arch/arch/arm/core/mpu/CMakeFiles/arch__arm__core__mpu.dir/arm_mpu_regions.c.gcno:no functions found
[/mnt/host/source/src/platform/ec/build/zephyr/npcx9-lcov] stderr:
[tanjiro:ro] INFO: Running CME, outputting to /mnt/host/source/src/platform/ec/build/zephyr/tanjiro/build-ro/zephyr/component_manifest.json
[tanjiro:ro] INFO: Project tanjiro does not support SSFC
[tanjiro:ro] INFO: No motionsense-sensor-alt node found
[npcx-aic:ro] [245/279] Building C object zephyr/kernel/CMakeFiles/kernel.dir/main_weak.c.obj
[npcx-aic:ro] [246/279] Building C object zephyr/kernel/CMakeFiles/kernel.dir/device.c.obj
[squirtle:rw] -- The CXX compiler identification is GNU 14.2.0
[squirtle:ro] -- The CXX compiler identification is GNU 14.2.0
[tanjiro:rw] INFO: Skipped 1 named-gpios children.
[tanjiro:rw] INFO: Running CME, outputting to /mnt/host/source/src/platform/ec/build/zephyr/tanjiro/build-rw/zephyr/component_manifest.json
[tanjiro:rw] INFO: Project tanjiro does not support SSFC
[tanjiro:rw] INFO: No motionsense-sensor-alt node found
[npcx-aic:ro] [247/279] Building C object modules/ec/zephyr/CMakeFiles/ec_shim.dir/shim/src/usbc_stub.c.obj
[npcx-aic:ro] [248/279] Building C object zephyr/kernel/CMakeFiles/kernel.dir/busy_wait.c.obj
[npcx-aic:ro] [249/279] Building C object zephyr/kernel/CMakeFiles/kernel.dir/banner.c.obj
[squirtle:rw] -- The ASM compiler identification is GNU
[squirtle:rw] -- Found assembler: /home/jpmurphy/.cache/coreboot-sdk/arm-eabi/ea40ddd1d190c3b48435c474c0b545719371813a/bin/arm-eabi-gcc
[squirtle:ro] -- The ASM compiler identification is GNU
[npcx-aic:ro] [250/279] Building C object zephyr/kernel/CMakeFiles/kernel.dir/errno.c.obj
[squirtle:rw] CMake Warning at /mnt/host/source/src/platform/ec/zephyr/cmake/linker/ld/linker_libraries.cmake:11 (message):
[squirtle:rw]   Disabling c_library
[squirtle:rw] Call Stack (most recent call first):
[squirtle:rw]   /mnt/host/source/src/third_party/zephyr/main/cmake/target_toolchain_flags.cmake:48 (include)
[squirtle:rw]   /mnt/host/source/src/third_party/zephyr/main/cmake/modules/kernel.cmake:153 (include)
[squirtle:rw]   /mnt/host/source/src/third_party/zephyr/main/cmake/modules/zephyr_default.cmake:138 (include)
[squirtle:rw]   /mnt/host/source/src/third_party/zephyr/main/share/zephyr-package/cmake/ZephyrConfig.cmake:66 (include)
[squirtle:rw]   /mnt/host/source/src/third_party/zephyr/main/share/zephyr-package/cmake/ZephyrConfig.cmake:97 (include_boilerplate)
[squirtle:rw]   CMakeLists.txt:7 (find_package)
[squirtle:ro] warning: Deprecated symbol I2C_ALLOW_NO_STOP_TRANSACTIONS is enabled.
[squirtle:ro] CMake Warning at /mnt/host/source/src/platform/ec/zephyr/cmake/linker/ld/linker_libraries.cmake:11 (message):
[squirtle:ro]   Disabling c_library
[squirtle:ro] Call Stack (most recent call first):
[squirtle:ro]   /mnt/host/source/src/third_party/zephyr/main/cmake/target_toolchain_flags.cmake:48 (include)
[squirtle:ro]   /mnt/host/source/src/third_party/zephyr/main/cmake/modules/kernel.cmake:153 (include)
[squirtle:ro]   /mnt/host/source/src/third_party/zephyr/main/cmake/modules/zephyr_default.cmake:138 (include)
[squirtle:ro]   /mnt/host/source/src/third_party/zephyr/main/share/zephyr-package/cmake/ZephyrConfig.cmake:66 (include)
[squirtle:ro]   /mnt/host/source/src/third_party/zephyr/main/share/zephyr-package/cmake/ZephyrConfig.cmake:97 (include_boilerplate)
[squirtle:ro]   CMakeLists.txt:7 (find_package)
[npcx-aic:ro] [251/279] Building C object zephyr/kernel/CMakeFiles/kernel.dir/fatal.c.obj
[npcx-aic:ro] [252/279] Linking C static library modules/ec/zephyr/libec_shim.a
[tanjiro:ro] -- warning_base_override: -Wall;-Wformat;-Wformat-security;-Wformat;-Wno-format-zero-length;-Wno-pointer-sign;-Wpointer-arith;-Wexpansion-to-defined
[npcx-aic:ro] [253/279] Building C object zephyr/kernel/CMakeFiles/kernel.dir/version.c.obj
[/mnt/host/source/src/platform/ec/build/zephyr/pujjolo-lcov]   /mnt/host/source/src/platform/ec/build/zephyr/pujjolo/build-ro/modules/ec/zephyr/drivers/pw_transport/CMakeFiles/pw_transport.proto.nanopb.dir/pw_transport.proto/nanopb/pw_transport/proto/transport.pb.c.gcno:no functions found
[/mnt/host/source/src/platform/ec/build/zephyr/pujjolo-lcov] stderr:
[npcx-aic:ro] [254/279] Building C object zephyr/kernel/CMakeFiles/kernel.dir/init.c.obj
[tanjiro:rw] -- warning_base_override: -Wall;-Wformat;-Wformat-security;-Wformat;-Wno-format-zero-length;-Wno-pointer-sign;-Wpointer-arith;-Wexpansion-to-defined
[npcx-aic:ro] [255/279] Building C object zephyr/kernel/CMakeFiles/kernel.dir/kheap.c.obj
[tanjiro:ro] -- Found gen_kobject_list: /mnt/host/source/src/third_party/zephyr/main/scripts/build/gen_kobject_list.py
[npcx-aic:ro] [256/279] Building C object zephyr/kernel/CMakeFiles/kernel.dir/float.c.obj
[tanjiro:ro] CMake Warning at /mnt/host/source/src/third_party/zephyr/main/CMakeLists.txt:1134 (message):
[tanjiro:ro]   No SOURCES given to Zephyr library: drivers__syscon
[tanjiro:ro]   Excluding target from build.
[tanjiro:ro] CMake Warning at /mnt/host/source/src/third_party/zephyr/main/CMakeLists.txt:2359 (message):
[tanjiro:ro]   __ASSERT() statements are globally ENABLED
[npcx-aic:ro] [257/279] Building C object zephyr/kernel/CMakeFiles/kernel.dir/mem_slab.c.obj
[tanjiro:rw] -- Found gen_kobject_list: /mnt/host/source/src/third_party/zephyr/main/scripts/build/gen_kobject_list.py
[squirtle:rw] -- Performing EC specific devicetree checks
[npcx-aic:ro] [258/279] Building C object zephyr/kernel/CMakeFiles/kernel.dir/mailbox.c.obj
[tanjiro:rw] CMake Warning at /mnt/host/source/src/third_party/zephyr/main/CMakeLists.txt:1134 (message):
[tanjiro:rw]   No SOURCES given to Zephyr library: drivers__syscon
[tanjiro:rw]   Excluding target from build.
[npcx-aic:ro] [259/279] Building C object zephyr/kernel/CMakeFiles/kernel.dir/idle.c.obj
[squirtle:ro] -- Found assembler: /home/jpmurphy/.cache/coreboot-sdk/arm-eabi/ea40ddd1d190c3b48435c474c0b545719371813a/bin/arm-eabi-gcc
[squirtle:ro] -- Performing EC specific devicetree checks
[npcx-aic:ro] [260/279] Building C object zephyr/kernel/CMakeFiles/kernel.dir/msg_q.c.obj
[tanjiro:rw] CMake Warning at /mnt/host/source/src/third_party/zephyr/main/CMakeLists.txt:2359 (message):
[tanjiro:rw]   __ASSERT() statements are globally ENABLED
[tanjiro:ro] -- Configuring done (15.4s)
[npcx-aic:ro] [261/279] Building C object zephyr/kernel/CMakeFiles/kernel.dir/queue.c.obj
[npcx-aic:ro] [262/279] Building C object zephyr/kernel/CMakeFiles/kernel.dir/sem.c.obj
[squirtle:rw] INFO: Verified 60 GPIOs, no duplicates found
[npcx-aic:ro] [263/279] Building C object zephyr/kernel/CMakeFiles/kernel.dir/mutex.c.obj
[squirtle:rw] INFO: Verified 16 '*-gpios' properties, all flags match.
[squirtle:rw] INFO: Skipped 1 named-gpios children.
[tanjiro:rw] -- Configuring done (15.5s)
[/mnt/host/source/src/platform/ec/build/zephyr/npcx9-lcov]   /mnt/host/source/src/platform/ec/build/zephyr/npcx9/build-ro/zephyr/arch/common/CMakeFiles/isr_tables.dir/isr_tables.c.gcno:no functions found
[/mnt/host/source/src/platform/ec/build/zephyr/npcx9-lcov] stderr:
[squirtle:ro] INFO: Verified 60 GPIOs, no duplicates found
[squirtle:ro] INFO: Verified 16 '*-gpios' properties, all flags match.
[npcx-aic:ro] [264/279] Building C object zephyr/kernel/CMakeFiles/kernel.dir/stack.c.obj
[npcx-aic:ro] [265/279] Building C object zephyr/kernel/CMakeFiles/kernel.dir/system_work_q.c.obj
[tanjiro:ro] -- Generating done (0.4s)
[tanjiro:ro] CMake Warning:
[tanjiro:ro] -- Build files have been written to: /mnt/host/source/src/platform/ec/build/zephyr/tanjiro/build-ro
[squirtle:rw] -- Generating component manifest file
[squirtle:ro] -- Generating component manifest file
[tanjiro:rw] -- Generating done (0.4s)
[tanjiro:rw] CMake Warning:
[tanjiro:rw] -- Build files have been written to: /mnt/host/source/src/platform/ec/build/zephyr/tanjiro/build-rw
[npcx-aic:ro] [266/279] Building C object zephyr/kernel/CMakeFiles/kernel.dir/condvar.c.obj
[tanjiro:ro]   Manually-specified variables were not used by the project:
[tanjiro:ro]     COREBOOT_SDK_ROOT_arm
[tanjiro:ro]     COREBOOT_SDK_ROOT_libstdcxx_arm
[tanjiro:ro]     COREBOOT_SDK_ROOT_libstdcxx_x86
[tanjiro:ro]     COREBOOT_SDK_ROOT_nds32
[tanjiro:ro]     COREBOOT_SDK_ROOT_picolibc_arm
[tanjiro:ro]     COREBOOT_SDK_ROOT_picolibc_x86
[tanjiro:ro]     COREBOOT_SDK_ROOT_riscv
[tanjiro:ro]     COREBOOT_SDK_ROOT_x86
[squirtle:rw] INFO: Running CME, outputting to /mnt/host/source/src/platform/ec/build/zephyr/squirtle/build-rw/zephyr/component_manifest.json
[squirtle:rw] INFO: Project squirtle does not support SSFC
[squirtle:rw] INFO: Component anx7447-mux-0(analogix,usbc-mux-anx7447) not on I2C bus, skip it
[squirtle:rw] INFO: Component virtual-mux-0(cros-ec,usbc-mux-virtual) not on I2C bus, skip it
[squirtle:rw] INFO: Component virtual-mux-1(cros-ec,usbc-mux-virtual) not on I2C bus, skip it
[squirtle:rw] INFO: Component virtual-mux-1(cros-ec,usbc-mux-virtual) not on I2C bus, skip it
[squirtle:rw] INFO: No motionsense-sensor-alt node found
[npcx-aic:ro] [267/279] Building C object zephyr/kernel/CMakeFiles/kernel.dir/thread.c.obj
[npcx-aic:ro] [268/279] Building C object zephyr/kernel/CMakeFiles/kernel.dir/thread_monitor.c.obj
[tanjiro:rw]   Manually-specified variables were not used by the project:
[tanjiro:rw]     COREBOOT_SDK_ROOT_arm
[tanjiro:rw]     COREBOOT_SDK_ROOT_libstdcxx_arm
[tanjiro:rw]     COREBOOT_SDK_ROOT_libstdcxx_x86
[tanjiro:rw]     COREBOOT_SDK_ROOT_nds32
[tanjiro:rw]     COREBOOT_SDK_ROOT_picolibc_arm
[tanjiro:rw]     COREBOOT_SDK_ROOT_picolibc_x86
[tanjiro:rw]     COREBOOT_SDK_ROOT_riscv
[tanjiro:rw]     COREBOOT_SDK_ROOT_x86
Toolchain <zmake.toolchains.CorebootSdkToolchain object at 0x7f41204a7610> selected by probe function.
[fatcatrvp-ite] Building in /mnt/host/source/src/platform/ec/build/zephyr/fatcatrvp-ite.
[pirrha:ro] Configuring.
Running `env -i PYTHONPATH=/usr/lib64/python-exec/python3.11:/mnt/host/source/src/platform/ec/zephyr/zmake:/usr/lib/python311.zip:/usr/lib/python3.11:/usr/lib/python3.11/lib-dynload:/usr/lib/python3.11/site-packages PW_PIGWEED_CIPD_INSTALL_DIR=/usr CROSTC_USER_ACKNOWLEDGES_THAT_RISCV_IS_EXPERIMENTAL=1 PATH=/mnt/host/source/chromite/bin:/usr/local/bin:/usr/bin:/bin:/opt/bin:/mnt/host/source/chromite/sdk/bin:/mnt/host/source/chromite/bin HOME=/home/jpmurphy JAVA_HOME=/etc/java-config-2/current-system-vm JDK_HOME=/etc/java-config-2/current-system-vm JAVAC=/etc/java-config-2/current-system-vm/bin/javac MAKEFLAGS=' -j16 --jobserver-auth=5,6' /usr/bin/cmake -S /mnt/host/source/src/platform/ec/zephyr/program/nissa -B /mnt/host/source/src/platform/ec/build/zephyr/pirrha/build-ro -GNinja -DCMAKE_EXPORT_COMPILE_COMMANDS=ON -DZEPHYR_BASE=/mnt/host/source/src/third_party/zephyr/main -DZMAKE_INCLUDE_DIR=/mnt/host/source/src/platform/ec/build/zephyr/pirrha/include -DPython3_EXECUTABLE=/usr/bin/python3.11 -DDTS_ROOT=/mnt/host/source/src/platform/ec/zephyr -DSYSCALL_INCLUDE_DIRS=/mnt/host/source/src/platform/ec/zephyr/include/drivers -DUSER_CACHE_DIR=/mnt/host/source/src/platform/ec/build/zephyr/user-cache '-DEXTRA_EC_VERSION_FLAGS=--version 16543.0.0 --static' -DTOOLCHAIN_ROOT=/mnt/host/source/src/platform/ec/zephyr -DCOREBOOT_SDK_ROOT_x86=/home/jpmurphy/.cache/coreboot-sdk/i386-elf/dfbb0486385d938cfa9d73080b9d18d598ed4f49 -DCOREBOOT_SDK_ROOT_picolibc_x86=/home/jpmurphy/.cache/coreboot-sdk/picolibc-i386-elf/eb8e8e687b95461de8cbf278f1c2076952d0ad17 -DCOREBOOT_SDK_ROOT_riscv64=/home/jpmurphy/.cache/coreboot-sdk/riscv64-elf/96b949749225b6aaa92ed810ab769e8dfb12f000 -DCOREBOOT_SDK_ROOT_picolibc_arm=/home/jpmurphy/.cache/coreboot-sdk/picolibc-arm-eabi/422a2aa3e1ef891b5bece9a3deb696ff83840d2e -DCOREBOOT_SDK_ROOT_nds32=/home/jpmurphy/.cache/coreboot-sdk/nds32le-elf/d1a518c4a097666d86058e1444f85ca015d15511 -DCOREBOOT_SDK_ROOT_picolibc_riscv64=/home/jpmurphy/.cache/coreboot-sdk/picolibc-riscv64-elf/f571e990ef0278564b31124f8bb109d9a697eb69 -DCOREBOOT_SDK_ROOT_arm=/home/jpmurphy/.cache/coreboot-sdk/arm-eabi/ea40ddd1d190c3b48435c474c0b545719371813a -DCOREBOOT_SDK_ROOT_libstdcxx_riscv64=/home/jpmurphy/.cache/coreboot-sdk/libstdcxx-riscv64-elf/17abf22a3a252e2d5d2062ced5324f7a623689e0 -DCOREBOOT_SDK_ROOT_libstdcxx_arm=/home/jpmurphy/.cache/coreboot-sdk/libstdcxx-arm-eabi/5d7d82e150e44aa1968f1d366e267e6687b328ac -DCOREBOOT_SDK_ROOT_riscv=/home/jpmurphy/.cache/coreboot-sdk/riscv-elf/9a27b9e82341c6e9126624f516ab3f261abb3e73 -DCOREBOOT_SDK_ROOT_libstdcxx_x86=/home/jpmurphy/.cache/coreboot-sdk/libstdcxx-i386-elf/42ef9d2e87a76a37963175d7d428734e65648b87 -DZEPHYR_TOOLCHAIN_VARIANT=coreboot-sdk -DZEPHYR_MODULES=/mnt/host/source/src/platform/ec/build/zephyr/pirrha/modules/ec -DDTC_OVERLAY_FILE=/mnt/host/source/src/platform/ec/zephyr/program/nissa/pirrha/project.overlay -DBOARD=it8xxx2/it81302bx -DCMAKE_C_FLAGS=-DSECTION_IS_RO '-DCONF_FILE=/mnt/host/source/src/platform/ec/zephyr/program/nissa/program.conf;/mnt/host/source/src/platform/ec/zephyr/program/nissa/it8xxx2_program.conf;/mnt/host/source/src/platform/ec/zephyr/program/nissa/pirrha/project.conf;/mnt/host/source/src/platform/ec/build/zephyr/pirrha/kconfig-ro.conf'`
[pirrha:ro] Loading Zephyr default modules (Zephyr base (cached)).
[pirrha:ro] -- Application: /mnt/host/source/src/platform/ec/zephyr/program/nissa
[pirrha:ro] -- CMake version: 3.31.7
[npcx-aic:ro] [269/279] Building C object zephyr/kernel/CMakeFiles/kernel.dir/work.c.obj
[squirtle:ro] INFO: Skipped 1 named-gpios children.
[squirtle:ro] INFO: Running CME, outputting to /mnt/host/source/src/platform/ec/build/zephyr/squirtle/build-ro/zephyr/component_manifest.json
Running (initial) lcov on /mnt/host/source/src/platform/ec/build/zephyr/ptlgcs.
[npcx-aic:ro] [270/279] Building C object zephyr/kernel/CMakeFiles/kernel.dir/spinlock_validate.c.obj
[npcx-aic:ro] [271/279] Building C object zephyr/kernel/CMakeFiles/kernel.dir/pipe.c.obj
Toolchain <zmake.toolchains.CorebootSdkToolchain object at 0x7f4143057c10> selected by probe function.
[lapis] Building in /mnt/host/source/src/platform/ec/build/zephyr/lapis.
[lapis:rw] Configuring.
Running `env -i PYTHONPATH=/usr/lib64/python-exec/python3.11:/mnt/host/source/src/platform/ec/zephyr/zmake:/usr/lib/python311.zip:/usr/lib/python3.11:/usr/lib/python3.11/lib-dynload:/usr/lib/python3.11/site-packages PW_PIGWEED_CIPD_INSTALL_DIR=/usr CROSTC_USER_ACKNOWLEDGES_THAT_RISCV_IS_EXPERIMENTAL=1 PATH=/mnt/host/source/chromite/bin:/usr/local/bin:/usr/bin:/bin:/opt/bin:/mnt/host/source/chromite/sdk/bin:/mnt/host/source/chromite/bin HOME=/home/jpmurphy JAVA_HOME=/etc/java-config-2/current-system-vm JDK_HOME=/etc/java-config-2/current-system-vm JAVAC=/etc/java-config-2/current-system-vm/bin/javac MAKEFLAGS=' -j16 --jobserver-auth=5,6' /usr/bin/cmake -S /mnt/host/source/src/platform/ec/zephyr/program/fatcat -B /mnt/host/source/src/platform/ec/build/zephyr/lapis/build-rw -GNinja -DCMAKE_EXPORT_COMPILE_COMMANDS=ON -DZEPHYR_BASE=/mnt/host/source/src/third_party/zephyr/main -DZMAKE_INCLUDE_DIR=/mnt/host/source/src/platform/ec/build/zephyr/lapis/include -DPython3_EXECUTABLE=/usr/bin/python3.11 -DDTS_ROOT=/mnt/host/source/src/platform/ec/zephyr -DSYSCALL_INCLUDE_DIRS=/mnt/host/source/src/platform/ec/zephyr/include/drivers -DUSER_CACHE_DIR=/mnt/host/source/src/platform/ec/build/zephyr/user-cache '-DEXTRA_EC_VERSION_FLAGS=--version 16543.0.0 --static' -DTOOLCHAIN_ROOT=/mnt/host/source/src/platform/ec/zephyr -DCOREBOOT_SDK_ROOT_x86=/home/jpmurphy/.cache/coreboot-sdk/i386-elf/dfbb0486385d938cfa9d73080b9d18d598ed4f49 -DCOREBOOT_SDK_ROOT_picolibc_x86=/home/jpmurphy/.cache/coreboot-sdk/picolibc-i386-elf/eb8e8e687b95461de8cbf278f1c2076952d0ad17 -DCOREBOOT_SDK_ROOT_riscv64=/home/jpmurphy/.cache/coreboot-sdk/riscv64-elf/96b949749225b6aaa92ed810ab769e8dfb12f000 -DCOREBOOT_SDK_ROOT_picolibc_arm=/home/jpmurphy/.cache/coreboot-sdk/picolibc-arm-eabi/422a2aa3e1ef891b5bece9a3deb696ff83840d2e -DCOREBOOT_SDK_ROOT_nds32=/home/jpmurphy/.cache/coreboot-sdk/nds32le-elf/d1a518c4a097666d86058e1444f85ca015d15511 -DCOREBOOT_SDK_ROOT_picolibc_riscv64=/home/jpmurphy/.cache/coreboot-sdk/picolibc-riscv64-elf/f571e990ef0278564b31124f8bb109d9a697eb69 -DCOREBOOT_SDK_ROOT_arm=/home/jpmurphy/.cache/coreboot-sdk/arm-eabi/ea40ddd1d190c3b48435c474c0b545719371813a -DCOREBOOT_SDK_ROOT_libstdcxx_riscv64=/home/jpmurphy/.cache/coreboot-sdk/libstdcxx-riscv64-elf/17abf22a3a252e2d5d2062ced5324f7a623689e0 -DCOREBOOT_SDK_ROOT_libstdcxx_arm=/home/jpmurphy/.cache/coreboot-sdk/libstdcxx-arm-eabi/5d7d82e150e44aa1968f1d366e267e6687b328ac -DCOREBOOT_SDK_ROOT_riscv=/home/jpmurphy/.cache/coreboot-sdk/riscv-elf/9a27b9e82341c6e9126624f516ab3f261abb3e73 -DCOREBOOT_SDK_ROOT_libstdcxx_x86=/home/jpmurphy/.cache/coreboot-sdk/libstdcxx-i386-elf/42ef9d2e87a76a37963175d7d428734e65648b87 -DZEPHYR_TOOLCHAIN_VARIANT=coreboot-sdk '-DZEPHYR_MODULES=/mnt/host/source/src/platform/ec/build/zephyr/lapis/modules/cmsis;/mnt/host/source/src/platform/ec/build/zephyr/lapis/modules/cmsis_6;/mnt/host/source/src/platform/ec/build/zephyr/lapis/modules/ec;/mnt/host/source/src/platform/ec/build/zephyr/lapis/modules/google-private' -DDTC_OVERLAY_FILE=/mnt/host/source/src/platform/ec/zephyr/program/fatcat/lapis/project.overlay -DBOARD=realtek/rts5912 -DCMAKE_C_FLAGS=-DSECTION_IS_RW '-DCONF_FILE=/mnt/host/source/src/platform/ec/zephyr/program/fatcat/program.conf;/mnt/host/source/src/platform/ec/zephyr/program/fatcat/lapis/project.conf;/mnt/host/source/src/platform/ec/build/zephyr/lapis/kconfig-rw.conf'`
[lapis:rw] Loading Zephyr default modules (Zephyr base (cached)).
[lapis:rw] -- Application: /mnt/host/source/src/platform/ec/zephyr/program/fatcat
[lapis:rw] -- CMake version: 3.31.7
[npcx-aic:ro] [272/279] Building C object zephyr/kernel/CMakeFiles/kernel.dir/sched.c.obj
[squirtle:rw] -- warning_base_override: -Wall;-Wformat;-Wformat-security;-Wformat;-Wno-format-zero-length;-Wno-pointer-sign;-Wpointer-arith;-Wexpansion-to-defined
[tanjiro:rw] Building: /usr/bin/ninja -C /mnt/host/source/src/platform/ec/build/zephyr/tanjiro/build-rw all.libraries
Running `env -i SHELL=/bin/bash COLORTERM=truecolor DEPOT_TOOLS_UPDATE=0 LESS='-R -M --shift 5' SUDO_GID=0 JDK_HOME=/etc/java-config-2/current-system-vm CONFIG_PROTECT_MASK='/etc/gentoo-release /etc/sandbox.d /etc/fonts/fonts.conf /etc/terminfo /etc/ca-certificates.conf /etc/revdep-rebuild' CHROMEOS_CACHEDIR=/var/cache/chromeos-cache JAVA_HOME=/etc/java-config-2/current-system-vm SSH_AUTH_SOCK=/tmp/ssh-auth-sock SUDO_COMMAND=/bin/bash SUDO_USER=root SUDO_TTY=/dev/pts/2 EDITOR=/usr/bin/vi PWD=/mnt/host/source/src/platform/ec CONFIG_PROTECT=/usr/share/gnupg/qualified.txt LOGNAME=jpmurphy MANPATH=/etc/java-config-2/current-system-vm/man:/usr/local/share/man:/usr/share/man:/usr/share/gcc-data/x86_64-pc-linux-gnu/10.2.0/man:/usr/share/binutils-data/x86_64-pc-linux-gnu/2.45/man:/etc/java-config-2/current-system-vm/man/ SUDO_HOME=/root XAUTHORITY=/run/user/944457/gdm/Xauthority HOME=/home/jpmurphy LANG=C.UTF-8 LS_COLORS='rs=0:di=01;34:ln=01;36:mh=00:pi=40;33:so=01;35:do=01;35:bd=40;33;01:cd=40;33;01:or=01;05;37;41:mi=01;05;37;41:su=37;41:sg=30;43:ca=30;41:tw=30;42:ow=34;42:st=37;44:ex=01;32:*.tar=01;31:*.tgz=01;31:*.arc=01;31:*.arj=01;31:*.taz=01;31:*.lha=01;31:*.lz4=01;31:*.lzh=01;31:*.lzma=01;31:*.tlz=01;31:*.txz=01;31:*.tzo=01;31:*.t7z=01;31:*.zip=01;31:*.z=01;31:*.dz=01;31:*.gz=01;31:*.lrz=01;31:*.lz=01;31:*.lzo=01;31:*.xz=01;31:*.zst=01;31:*.tzst=01;31:*.bz2=01;31:*.bz=01;31:*.tbz=01;31:*.tbz2=01;31:*.tz=01;31:*.deb=01;31:*.rpm=01;31:*.jar=01;31:*.war=01;31:*.ear=01;31:*.sar=01;31:*.rar=01;31:*.alz=01;31:*.ace=01;31:*.zoo=01;31:*.cpio=01;31:*.7z=01;31:*.rz=01;31:*.cab=01;31:*.wim=01;31:*.swm=01;31:*.dwm=01;31:*.esd=01;31:*.jpg=01;35:*.jpeg=01;35:*.mjpg=01;35:*.mjpeg=01;35:*.gif=01;35:*.bmp=01;35:*.pbm=01;35:*.pgm=01;35:*.ppm=01;35:*.tga=01;35:*.xbm=01;35:*.xpm=01;35:*.tif=01;35:*.tiff=01;35:*.png=01;35:*.svg=01;35:*.svgz=01;35:*.mng=01;35:*.pcx=01;35:*.mov=01;35:*.mpg=01;35:*.mpeg=01;35:*.m2v=01;35:*.mkv=01;35:*.webm=01;35:*.webp=01;35:*.ogm=01;35:*.mp4=01;35:*.m4v=01;35:*.mp4v=01;35:*.vob=01;35:*.qt=01;35:*.nuv=01;35:*.wmv=01;35:*.asf=01;35:*.rm=01;35:*.rmvb=01;35:*.flc=01;35:*.avi=01;35:*.fli=01;35:*.flv=01;35:*.gl=01;35:*.dl=01;35:*.xcf=01;35:*.xwd=01;35:*.yuv=01;35:*.cgm=01;35:*.emf=01;35:*.ogv=01;35:*.ogx=01;35:*.cfg=00;32:*.conf=00;32:*.diff=00;32:*.doc=00;32:*.ini=00;32:*.log=00;32:*.patch=00;32:*.pdf=00;32:*.ps=00;32:*.tex=00;32:*.txt=00;32:*.aac=00;36:*.au=00;36:*.flac=00;36:*.m4a=00;36:*.mid=00;36:*.midi=00;36:*.mka=00;36:*.mp3=00;36:*.mpc=00;36:*.ogg=00;36:*.ra=00;36:*.wav=00;36:*.oga=00;36:*.opus=00;36:*.spx=00;36:*.xspf=00;36:' XDG_CURRENT_DESKTOP=GNOME INFOPATH=/usr/share/info:/usr/share/gcc-data/x86_64-pc-linux-gnu/10.2.0/info:/usr/share/binutils-data/x86_64-pc-linux-gnu/2.45/info:/usr/share/automake-1.16.5/info JAVAC=/etc/java-config-2/current-system-vm/bin/javac TERM=xterm-256color LESSOPEN='|lesspipe %s' USER=jpmurphy CROS_WORKON_SRCROOT=/mnt/host/source MANPAGER=manpager DISPLAY=:1 SHLVL=1 LC_MESSAGES=C EXTERNAL_TRUNK_PATH=/mnt/8f9d649a-3721-44cc-93c0-e6bd21a9689f/chromiumos GCC_SPECS='' PATH=/mnt/host/source/chromite/bin:/usr/local/bin:/usr/bin:/bin:/opt/bin:/mnt/host/source/chromite/sdk/bin:/mnt/host/source/chromite/bin PORTAGE_USERNAME=jpmurphy SUDO_UID=0 GCC_VER=10.2.0 MAIL=/var/mail/jpmurphy OLDPWD=/mnt/host/source/src/scripts traceparent=00-e87aca51550a78635907baa6a2476181-6d684811675d2973-01 _=./zephyr/firmware_builder.py COREBOOT_SDK_ROOT_x86=/home/jpmurphy/.cache/coreboot-sdk/i386-elf/dfbb0486385d938cfa9d73080b9d18d598ed4f49 COREBOOT_SDK_ROOT_picolibc_x86=/home/jpmurphy/.cache/coreboot-sdk/picolibc-i386-elf/eb8e8e687b95461de8cbf278f1c2076952d0ad17 COREBOOT_SDK_ROOT_riscv64=/home/jpmurphy/.cache/coreboot-sdk/riscv64-elf/96b949749225b6aaa92ed810ab769e8dfb12f000 COREBOOT_SDK_ROOT_picolibc_arm=/home/jpmurphy/.cache/coreboot-sdk/picolibc-arm-eabi/422a2aa3e1ef891b5bece9a3deb696ff83840d2e COREBOOT_SDK_ROOT_nds32=/home/jpmurphy/.cache/coreboot-sdk/nds32le-elf/d1a518c4a097666d86058e1444f85ca015d15511 COREBOOT_SDK_ROOT_picolibc_riscv64=/home/jpmurphy/.cache/coreboot-sdk/picolibc-riscv64-elf/f571e990ef0278564b31124f8bb109d9a697eb69 COREBOOT_SDK_ROOT_arm=/home/jpmurphy/.cache/coreboot-sdk/arm-eabi/ea40ddd1d190c3b48435c474c0b545719371813a COREBOOT_SDK_ROOT_libstdcxx_riscv64=/home/jpmurphy/.cache/coreboot-sdk/libstdcxx-riscv64-elf/17abf22a3a252e2d5d2062ced5324f7a623689e0 COREBOOT_SDK_ROOT_libstdcxx_arm=/home/jpmurphy/.cache/coreboot-sdk/libstdcxx-arm-eabi/5d7d82e150e44aa1968f1d366e267e6687b328ac COREBOOT_SDK_ROOT_riscv=/home/jpmurphy/.cache/coreboot-sdk/riscv-elf/9a27b9e82341c6e9126624f516ab3f261abb3e73 COREBOOT_SDK_ROOT_libstdcxx_x86=/home/jpmurphy/.cache/coreboot-sdk/libstdcxx-i386-elf/42ef9d2e87a76a37963175d7d428734e65648b87 PYTHONPATH=/mnt/host/source/src/platform/ec/zephyr/zmake PW_PIGWEED_CIPD_INSTALL_DIR=/usr CROSTC_USER_ACKNOWLEDGES_THAT_RISCV_IS_EXPERIMENTAL=1 MAKEFLAGS=' -j16 --jobserver-auth=5,6' /usr/bin/ninja -C /mnt/host/source/src/platform/ec/build/zephyr/tanjiro/build-rw all.libraries`
[tanjiro:rw] ninja: Entering directory `/mnt/host/source/src/platform/ec/build/zephyr/tanjiro/build-rw'
[npcx-aic:ro] [273/279] Building C object zephyr/kernel/CMakeFiles/kernel.dir/timeout.c.obj
[lapis:ro] Configuring.
Running `env -i PYTHONPATH=/usr/lib64/python-exec/python3.11:/mnt/host/source/src/platform/ec/zephyr/zmake:/usr/lib/python311.zip:/usr/lib/python3.11:/usr/lib/python3.11/lib-dynload:/usr/lib/python3.11/site-packages PW_PIGWEED_CIPD_INSTALL_DIR=/usr CROSTC_USER_ACKNOWLEDGES_THAT_RISCV_IS_EXPERIMENTAL=1 PATH=/mnt/host/source/chromite/bin:/usr/local/bin:/usr/bin:/bin:/opt/bin:/mnt/host/source/chromite/sdk/bin:/mnt/host/source/chromite/bin HOME=/home/jpmurphy JAVA_HOME=/etc/java-config-2/current-system-vm JDK_HOME=/etc/java-config-2/current-system-vm JAVAC=/etc/java-config-2/current-system-vm/bin/javac MAKEFLAGS=' -j16 --jobserver-auth=5,6' /usr/bin/cmake -S /mnt/host/source/src/platform/ec/zephyr/program/fatcat -B /mnt/host/source/src/platform/ec/build/zephyr/lapis/build-ro -GNinja -DCMAKE_EXPORT_COMPILE_COMMANDS=ON -DZEPHYR_BASE=/mnt/host/source/src/third_party/zephyr/main -DZMAKE_INCLUDE_DIR=/mnt/host/source/src/platform/ec/build/zephyr/lapis/include -DPython3_EXECUTABLE=/usr/bin/python3.11 -DDTS_ROOT=/mnt/host/source/src/platform/ec/zephyr -DSYSCALL_INCLUDE_DIRS=/mnt/host/source/src/platform/ec/zephyr/include/drivers -DUSER_CACHE_DIR=/mnt/host/source/src/platform/ec/build/zephyr/user-cache '-DEXTRA_EC_VERSION_FLAGS=--version 16543.0.0 --static' -DTOOLCHAIN_ROOT=/mnt/host/source/src/platform/ec/zephyr -DCOREBOOT_SDK_ROOT_x86=/home/jpmurphy/.cache/coreboot-sdk/i386-elf/dfbb0486385d938cfa9d73080b9d18d598ed4f49 -DCOREBOOT_SDK_ROOT_picolibc_x86=/home/jpmurphy/.cache/coreboot-sdk/picolibc-i386-elf/eb8e8e687b95461de8cbf278f1c2076952d0ad17 -DCOREBOOT_SDK_ROOT_riscv64=/home/jpmurphy/.cache/coreboot-sdk/riscv64-elf/96b949749225b6aaa92ed810ab769e8dfb12f000 -DCOREBOOT_SDK_ROOT_picolibc_arm=/home/jpmurphy/.cache/coreboot-sdk/picolibc-arm-eabi/422a2aa3e1ef891b5bece9a3deb696ff83840d2e -DCOREBOOT_SDK_ROOT_nds32=/home/jpmurphy/.cache/coreboot-sdk/nds32le-elf/d1a518c4a097666d86058e1444f85ca015d15511 -DCOREBOOT_SDK_ROOT_picolibc_riscv64=/home/jpmurphy/.cache/coreboot-sdk/picolibc-riscv64-elf/f571e990ef0278564b31124f8bb109d9a697eb69 -DCOREBOOT_SDK_ROOT_arm=/home/jpmurphy/.cache/coreboot-sdk/arm-eabi/ea40ddd1d190c3b48435c474c0b545719371813a -DCOREBOOT_SDK_ROOT_libstdcxx_riscv64=/home/jpmurphy/.cache/coreboot-sdk/libstdcxx-riscv64-elf/17abf22a3a252e2d5d2062ced5324f7a623689e0 -DCOREBOOT_SDK_ROOT_libstdcxx_arm=/home/jpmurphy/.cache/coreboot-sdk/libstdcxx-arm-eabi/5d7d82e150e44aa1968f1d366e267e6687b328ac -DCOREBOOT_SDK_ROOT_riscv=/home/jpmurphy/.cache/coreboot-sdk/riscv-elf/9a27b9e82341c6e9126624f516ab3f261abb3e73 -DCOREBOOT_SDK_ROOT_libstdcxx_x86=/home/jpmurphy/.cache/coreboot-sdk/libstdcxx-i386-elf/42ef9d2e87a76a37963175d7d428734e65648b87 -DZEPHYR_TOOLCHAIN_VARIANT=coreboot-sdk '-DZEPHYR_MODULES=/mnt/host/source/src/platform/ec/build/zephyr/lapis/modules/cmsis;/mnt/host/source/src/platform/ec/build/zephyr/lapis/modules/cmsis_6;/mnt/host/source/src/platform/ec/build/zephyr/lapis/modules/ec;/mnt/host/source/src/platform/ec/build/zephyr/lapis/modules/google-private' -DDTC_OVERLAY_FILE=/mnt/host/source/src/platform/ec/zephyr/program/fatcat/lapis/project.overlay -DBOARD=realtek/rts5912 -DCMAKE_C_FLAGS=-DSECTION_IS_RO '-DCONF_FILE=/mnt/host/source/src/platform/ec/zephyr/program/fatcat/program.conf;/mnt/host/source/src/platform/ec/zephyr/program/fatcat/lapis/project.conf;/mnt/host/source/src/platform/ec/build/zephyr/lapis/kconfig-ro.conf'`
[lapis:ro] Loading Zephyr default modules (Zephyr base (cached)).
[lapis:ro] -- Application: /mnt/host/source/src/platform/ec/zephyr/program/fatcat
[lapis:ro] -- CMake version: 3.31.7
[squirtle:ro] -- warning_base_override: -Wall;-Wformat;-Wformat-security;-Wformat;-Wno-format-zero-length;-Wno-pointer-sign;-Wpointer-arith;-Wexpansion-to-defined
[pirrha:ro] -- Found Python3: /usr/bin/python3.11 (found suitable version "3.11.11", minimum required is "3.10") found components: Interpreter
[pirrha:ro] -- Cache files will be written to: /mnt/host/source/src/platform/ec/build/zephyr/user-cache
[tanjiro:ro] Building: /usr/bin/ninja -C /mnt/host/source/src/platform/ec/build/zephyr/tanjiro/build-ro all.libraries
Running `env -i SHELL=/bin/bash COLORTERM=truecolor DEPOT_TOOLS_UPDATE=0 LESS='-R -M --shift 5' SUDO_GID=0 JDK_HOME=/etc/java-config-2/current-system-vm CONFIG_PROTECT_MASK='/etc/gentoo-release /etc/sandbox.d /etc/fonts/fonts.conf /etc/terminfo /etc/ca-certificates.conf /etc/revdep-rebuild' CHROMEOS_CACHEDIR=/var/cache/chromeos-cache JAVA_HOME=/etc/java-config-2/current-system-vm SSH_AUTH_SOCK=/tmp/ssh-auth-sock SUDO_COMMAND=/bin/bash SUDO_USER=root SUDO_TTY=/dev/pts/2 EDITOR=/usr/bin/vi PWD=/mnt/host/source/src/platform/ec CONFIG_PROTECT=/usr/share/gnupg/qualified.txt LOGNAME=jpmurphy MANPATH=/etc/java-config-2/current-system-vm/man:/usr/local/share/man:/usr/share/man:/usr/share/gcc-data/x86_64-pc-linux-gnu/10.2.0/man:/usr/share/binutils-data/x86_64-pc-linux-gnu/2.45/man:/etc/java-config-2/current-system-vm/man/ SUDO_HOME=/root XAUTHORITY=/run/user/944457/gdm/Xauthority HOME=/home/jpmurphy LANG=C.UTF-8 LS_COLORS='rs=0:di=01;34:ln=01;36:mh=00:pi=40;33:so=01;35:do=01;35:bd=40;33;01:cd=40;33;01:or=01;05;37;41:mi=01;05;37;41:su=37;41:sg=30;43:ca=30;41:tw=30;42:ow=34;42:st=37;44:ex=01;32:*.tar=01;31:*.tgz=01;31:*.arc=01;31:*.arj=01;31:*.taz=01;31:*.lha=01;31:*.lz4=01;31:*.lzh=01;31:*.lzma=01;31:*.tlz=01;31:*.txz=01;31:*.tzo=01;31:*.t7z=01;31:*.zip=01;31:*.z=01;31:*.dz=01;31:*.gz=01;31:*.lrz=01;31:*.lz=01;31:*.lzo=01;31:*.xz=01;31:*.zst=01;31:*.tzst=01;31:*.bz2=01;31:*.bz=01;31:*.tbz=01;31:*.tbz2=01;31:*.tz=01;31:*.deb=01;31:*.rpm=01;31:*.jar=01;31:*.war=01;31:*.ear=01;31:*.sar=01;31:*.rar=01;31:*.alz=01;31:*.ace=01;31:*.zoo=01;31:*.cpio=01;31:*.7z=01;31:*.rz=01;31:*.cab=01;31:*.wim=01;31:*.swm=01;31:*.dwm=01;31:*.esd=01;31:*.jpg=01;35:*.jpeg=01;35:*.mjpg=01;35:*.mjpeg=01;35:*.gif=01;35:*.bmp=01;35:*.pbm=01;35:*.pgm=01;35:*.ppm=01;35:*.tga=01;35:*.xbm=01;35:*.xpm=01;35:*.tif=01;35:*.tiff=01;35:*.png=01;35:*.svg=01;35:*.svgz=01;35:*.mng=01;35:*.pcx=01;35:*.mov=01;35:*.mpg=01;35:*.mpeg=01;35:*.m2v=01;35:*.mkv=01;35:*.webm=01;35:*.webp=01;35:*.ogm=01;35:*.mp4=01;35:*.m4v=01;35:*.mp4v=01;35:*.vob=01;35:*.qt=01;35:*.nuv=01;35:*.wmv=01;35:*.asf=01;35:*.rm=01;35:*.rmvb=01;35:*.flc=01;35:*.avi=01;35:*.fli=01;35:*.flv=01;35:*.gl=01;35:*.dl=01;35:*.xcf=01;35:*.xwd=01;35:*.yuv=01;35:*.cgm=01;35:*.emf=01;35:*.ogv=01;35:*.ogx=01;35:*.cfg=00;32:*.conf=00;32:*.diff=00;32:*.doc=00;32:*.ini=00;32:*.log=00;32:*.patch=00;32:*.pdf=00;32:*.ps=00;32:*.tex=00;32:*.txt=00;32:*.aac=00;36:*.au=00;36:*.flac=00;36:*.m4a=00;36:*.mid=00;36:*.midi=00;36:*.mka=00;36:*.mp3=00;36:*.mpc=00;36:*.ogg=00;36:*.ra=00;36:*.wav=00;36:*.oga=00;36:*.opus=00;36:*.spx=00;36:*.xspf=00;36:' XDG_CURRENT_DESKTOP=GNOME INFOPATH=/usr/share/info:/usr/share/gcc-data/x86_64-pc-linux-gnu/10.2.0/info:/usr/share/binutils-data/x86_64-pc-linux-gnu/2.45/info:/usr/share/automake-1.16.5/info JAVAC=/etc/java-config-2/current-system-vm/bin/javac TERM=xterm-256color LESSOPEN='|lesspipe %s' USER=jpmurphy CROS_WORKON_SRCROOT=/mnt/host/source MANPAGER=manpager DISPLAY=:1 SHLVL=1 LC_MESSAGES=C EXTERNAL_TRUNK_PATH=/mnt/8f9d649a-3721-44cc-93c0-e6bd21a9689f/chromiumos GCC_SPECS='' PATH=/mnt/host/source/chromite/bin:/usr/local/bin:/usr/bin:/bin:/opt/bin:/mnt/host/source/chromite/sdk/bin:/mnt/host/source/chromite/bin PORTAGE_USERNAME=jpmurphy SUDO_UID=0 GCC_VER=10.2.0 MAIL=/var/mail/jpmurphy OLDPWD=/mnt/host/source/src/scripts traceparent=00-e87aca51550a78635907baa6a2476181-6d684811675d2973-01 _=./zephyr/firmware_builder.py COREBOOT_SDK_ROOT_x86=/home/jpmurphy/.cache/coreboot-sdk/i386-elf/dfbb0486385d938cfa9d73080b9d18d598ed4f49 COREBOOT_SDK_ROOT_picolibc_x86=/home/jpmurphy/.cache/coreboot-sdk/picolibc-i386-elf/eb8e8e687b95461de8cbf278f1c2076952d0ad17 COREBOOT_SDK_ROOT_riscv64=/home/jpmurphy/.cache/coreboot-sdk/riscv64-elf/96b949749225b6aaa92ed810ab769e8dfb12f000 COREBOOT_SDK_ROOT_picolibc_arm=/home/jpmurphy/.cache/coreboot-sdk/picolibc-arm-eabi/422a2aa3e1ef891b5bece9a3deb696ff83840d2e COREBOOT_SDK_ROOT_nds32=/home/jpmurphy/.cache/coreboot-sdk/nds32le-elf/d1a518c4a097666d86058e1444f85ca015d15511 COREBOOT_SDK_ROOT_picolibc_riscv64=/home/jpmurphy/.cache/coreboot-sdk/picolibc-riscv64-elf/f571e990ef0278564b31124f8bb109d9a697eb69 COREBOOT_SDK_ROOT_arm=/home/jpmurphy/.cache/coreboot-sdk/arm-eabi/ea40ddd1d190c3b48435c474c0b545719371813a COREBOOT_SDK_ROOT_libstdcxx_riscv64=/home/jpmurphy/.cache/coreboot-sdk/libstdcxx-riscv64-elf/17abf22a3a252e2d5d2062ced5324f7a623689e0 COREBOOT_SDK_ROOT_libstdcxx_arm=/home/jpmurphy/.cache/coreboot-sdk/libstdcxx-arm-eabi/5d7d82e150e44aa1968f1d366e267e6687b328ac COREBOOT_SDK_ROOT_riscv=/home/jpmurphy/.cache/coreboot-sdk/riscv-elf/9a27b9e82341c6e9126624f516ab3f261abb3e73 COREBOOT_SDK_ROOT_libstdcxx_x86=/home/jpmurphy/.cache/coreboot-sdk/libstdcxx-i386-elf/42ef9d2e87a76a37963175d7d428734e65648b87 PYTHONPATH=/mnt/host/source/src/platform/ec/zephyr/zmake PW_PIGWEED_CIPD_INSTALL_DIR=/usr CROSTC_USER_ACKNOWLEDGES_THAT_RISCV_IS_EXPERIMENTAL=1 MAKEFLAGS=' -j16 --jobserver-auth=5,6' /usr/bin/ninja -C /mnt/host/source/src/platform/ec/build/zephyr/tanjiro/build-ro all.libraries`
[npcx-aic:ro] [274/279] Building C object zephyr/kernel/CMakeFiles/kernel.dir/timer.c.obj
[pirrha:ro] -- Zephyr version: 4.3.99 (/mnt/host/source/src/third_party/zephyr/main)
[tanjiro:ro] ninja: Entering directory `/mnt/host/source/src/platform/ec/build/zephyr/tanjiro/build-ro'
Running `env -i PYTHONPATH=/usr/lib64/python-exec/python3.11:/mnt/host/source/src/platform/ec/zephyr/zmake:/usr/lib/python311.zip:/usr/lib/python3.11:/usr/lib/python3.11/lib-dynload:/usr/lib/python3.11/site-packages PW_PIGWEED_CIPD_INSTALL_DIR=/usr CROSTC_USER_ACKNOWLEDGES_THAT_RISCV_IS_EXPERIMENTAL=1 PATH=/mnt/host/source/chromite/bin:/usr/local/bin:/usr/bin:/bin:/opt/bin:/mnt/host/source/chromite/sdk/bin:/mnt/host/source/chromite/bin HOME=/home/jpmurphy JAVA_HOME=/etc/java-config-2/current-system-vm JDK_HOME=/etc/java-config-2/current-system-vm JAVAC=/etc/java-config-2/current-system-vm/bin/javac MAKEFLAGS=' -j16 --jobserver-auth=5,6' /usr/bin/lcov --gcov-tool /mnt/host/source/src/platform/ec/build/zephyr/ptlgcs/build-rw/gcov.sh -q -o - -c -d /mnt/host/source/src/platform/ec/build/zephyr/ptlgcs -t ptlgcs --rc branch_coverage=1 --filter range --ignore-errors inconsistent,source --ignore-errors gcov,gcov -i`
[npcx-aic:ro] [275/279] Building C object zephyr/kernel/CMakeFiles/kernel.dir/events.c.obj
[lapis:rw] -- Found Python3: /usr/bin/python3.11 (found suitable version "3.11.11", minimum required is "3.10") found components: Interpreter
[lapis:rw] -- Cache files will be written to: /mnt/host/source/src/platform/ec/build/zephyr/user-cache
[tanjiro:rw] [1/333] Preparing syscall dependency handling
[lapis:rw] -- Zephyr version: 4.3.99 (/mnt/host/source/src/third_party/zephyr/main)
[npcx-aic:ro] [276/279] Building C object zephyr/kernel/CMakeFiles/kernel.dir/poll.c.obj
[squirtle:rw] -- Found gen_kobject_list: /mnt/host/source/src/third_party/zephyr/main/scripts/build/gen_kobject_list.py
[pirrha:rw] Configuring.
Running `env -i PYTHONPATH=/usr/lib64/python-exec/python3.11:/mnt/host/source/src/platform/ec/zephyr/zmake:/usr/lib/python311.zip:/usr/lib/python3.11:/usr/lib/python3.11/lib-dynload:/usr/lib/python3.11/site-packages PW_PIGWEED_CIPD_INSTALL_DIR=/usr CROSTC_USER_ACKNOWLEDGES_THAT_RISCV_IS_EXPERIMENTAL=1 PATH=/mnt/host/source/chromite/bin:/usr/local/bin:/usr/bin:/bin:/opt/bin:/mnt/host/source/chromite/sdk/bin:/mnt/host/source/chromite/bin HOME=/home/jpmurphy JAVA_HOME=/etc/java-config-2/current-system-vm JDK_HOME=/etc/java-config-2/current-system-vm JAVAC=/etc/java-config-2/current-system-vm/bin/javac MAKEFLAGS=' -j16 --jobserver-auth=5,6' /usr/bin/cmake -S /mnt/host/source/src/platform/ec/zephyr/program/nissa -B /mnt/host/source/src/platform/ec/build/zephyr/pirrha/build-rw -GNinja -DCMAKE_EXPORT_COMPILE_COMMANDS=ON -DZEPHYR_BASE=/mnt/host/source/src/third_party/zephyr/main -DZMAKE_INCLUDE_DIR=/mnt/host/source/src/platform/ec/build/zephyr/pirrha/include -DPython3_EXECUTABLE=/usr/bin/python3.11 -DDTS_ROOT=/mnt/host/source/src/platform/ec/zephyr -DSYSCALL_INCLUDE_DIRS=/mnt/host/source/src/platform/ec/zephyr/include/drivers -DUSER_CACHE_DIR=/mnt/host/source/src/platform/ec/build/zephyr/user-cache '-DEXTRA_EC_VERSION_FLAGS=--version 16543.0.0 --static' -DTOOLCHAIN_ROOT=/mnt/host/source/src/platform/ec/zephyr -DCOREBOOT_SDK_ROOT_x86=/home/jpmurphy/.cache/coreboot-sdk/i386-elf/dfbb0486385d938cfa9d73080b9d18d598ed4f49 -DCOREBOOT_SDK_ROOT_picolibc_x86=/home/jpmurphy/.cache/coreboot-sdk/picolibc-i386-elf/eb8e8e687b95461de8cbf278f1c2076952d0ad17 -DCOREBOOT_SDK_ROOT_riscv64=/home/jpmurphy/.cache/coreboot-sdk/riscv64-elf/96b949749225b6aaa92ed810ab769e8dfb12f000 -DCOREBOOT_SDK_ROOT_picolibc_arm=/home/jpmurphy/.cache/coreboot-sdk/picolibc-arm-eabi/422a2aa3e1ef891b5bece9a3deb696ff83840d2e -DCOREBOOT_SDK_ROOT_nds32=/home/jpmurphy/.cache/coreboot-sdk/nds32le-elf/d1a518c4a097666d86058e1444f85ca015d15511 -DCOREBOOT_SDK_ROOT_picolibc_riscv64=/home/jpmurphy/.cache/coreboot-sdk/picolibc-riscv64-elf/f571e990ef0278564b31124f8bb109d9a697eb69 -DCOREBOOT_SDK_ROOT_arm=/home/jpmurphy/.cache/coreboot-sdk/arm-eabi/ea40ddd1d190c3b48435c474c0b545719371813a -DCOREBOOT_SDK_ROOT_libstdcxx_riscv64=/home/jpmurphy/.cache/coreboot-sdk/libstdcxx-riscv64-elf/17abf22a3a252e2d5d2062ced5324f7a623689e0 -DCOREBOOT_SDK_ROOT_libstdcxx_arm=/home/jpmurphy/.cache/coreboot-sdk/libstdcxx-arm-eabi/5d7d82e150e44aa1968f1d366e267e6687b328ac -DCOREBOOT_SDK_ROOT_riscv=/home/jpmurphy/.cache/coreboot-sdk/riscv-elf/9a27b9e82341c6e9126624f516ab3f261abb3e73 -DCOREBOOT_SDK_ROOT_libstdcxx_x86=/home/jpmurphy/.cache/coreboot-sdk/libstdcxx-i386-elf/42ef9d2e87a76a37963175d7d428734e65648b87 -DZEPHYR_TOOLCHAIN_VARIANT=coreboot-sdk -DZEPHYR_MODULES=/mnt/host/source/src/platform/ec/build/zephyr/pirrha/modules/ec -DDTC_OVERLAY_FILE=/mnt/host/source/src/platform/ec/zephyr/program/nissa/pirrha/project.overlay -DBOARD=it8xxx2/it81302bx -DCMAKE_C_FLAGS=-DSECTION_IS_RW '-DCONF_FILE=/mnt/host/source/src/platform/ec/zephyr/program/nissa/program.conf;/mnt/host/source/src/platform/ec/zephyr/program/nissa/it8xxx2_program.conf;/mnt/host/source/src/platform/ec/zephyr/program/nissa/pirrha/project.conf;/mnt/host/source/src/platform/ec/build/zephyr/pirrha/kconfig-rw.conf'`
[npcx-aic:ro] [277/279] Building C object zephyr/kernel/CMakeFiles/kernel.dir/mempool.c.obj
[npcx-aic:ro] [278/279] Building C object zephyr/kernel/CMakeFiles/kernel.dir/dynamic_disabled.c.obj
[tanjiro:ro] [1/333] Preparing syscall dependency handling
[pirrha:rw] Loading Zephyr default modules (Zephyr base (cached)).
[pirrha:rw] -- Application: /mnt/host/source/src/platform/ec/zephyr/program/nissa
[tanjiro:rw] [2/333] Generating misc/generated/syscalls_subdirs.trigger
[lapis:ro] -- Found Python3: /usr/bin/python3.11 (found suitable version "3.11.11", minimum required is "3.10") found components: Interpreter
[lapis:ro] -- Cache files will be written to: /mnt/host/source/src/platform/ec/build/zephyr/user-cache
[lapis:ro] -- Zephyr version: 4.3.99 (/mnt/host/source/src/third_party/zephyr/main)
[squirtle:rw] CMake Warning at /mnt/host/source/src/third_party/zephyr/main/CMakeLists.txt:2359 (message):
[squirtle:rw]   __ASSERT() statements are globally ENABLED
[npcx-aic:ro] [279/279] Linking C static library zephyr/kernel/libkernel.a
[tanjiro:ro] [2/333] Generating misc/generated/syscalls_subdirs.trigger
[tanjiro:ro] [3/333] cd /mnt/host/source/src/platform/ec/build/zephyr/tanjiro/build-ro/modules/ec/zephyr && PYTHONPATH=/mnt/host/source/src/platform/ec/build/zephyr/tanjiro/modules/ec/zephyr/zmake/ /usr/bin/python3.11 /mnt/host/source/src/platform/ec/build/zephyr/tanjiro/modules/ec/zephyr/zmake/zephyr_build_tools/generate_ec_version.py /mnt/host/source/src/platform/ec/build/zephyr/tanjiro/build-ro/modules/ec/zephyr/include/ec_version.h --name Zephyr-Kernel --version 16543.0.0 --static
[tanjiro:ro] INFO:root:Using a static version string
[squirtle:ro] -- Found gen_kobject_list: /mnt/host/source/src/third_party/zephyr/main/scripts/build/gen_kobject_list.py
[squirtle:ro] INFO: Project squirtle does not support SSFC
[squirtle:ro] INFO: Component anx7447-mux-0(analogix,usbc-mux-anx7447) not on I2C bus, skip it
[squirtle:ro] INFO: Component virtual-mux-0(cros-ec,usbc-mux-virtual) not on I2C bus, skip it
[squirtle:ro] INFO: Component virtual-mux-1(cros-ec,usbc-mux-virtual) not on I2C bus, skip it
[squirtle:ro] INFO: Component virtual-mux-1(cros-ec,usbc-mux-virtual) not on I2C bus, skip it
[squirtle:ro] INFO: No motionsense-sensor-alt node found
[squirtle:ro] CMake Warning at /mnt/host/source/src/third_party/zephyr/main/CMakeLists.txt:2359 (message):
[squirtle:rw] -- Configuring done (16.3s)
[tanjiro:rw] [3/333] cd /mnt/host/source/src/platform/ec/build/zephyr/tanjiro/build-rw/modules/ec/zephyr && PYTHONPATH=/mnt/host/source/src/platform/ec/build/zephyr/tanjiro/modules/ec/zephyr/zmake/ /usr/bin/python3.11 /mnt/host/source/src/platform/ec/build/zephyr/tanjiro/modules/ec/zephyr/zmake/zephyr_build_tools/generate_ec_version.py /mnt/host/source/src/platform/ec/build/zephyr/tanjiro/build-rw/modules/ec/zephyr/include/ec_version.h --name Zephyr-Kernel --version 16543.0.0 --static
[tanjiro:rw] INFO:root:Using a static version string
[tanjiro:rw] INFO:root:Version string: Zephyr-Kernel-16543.0.0
[tanjiro:rw] INFO:root:Writing header to /mnt/host/source/src/platform/ec/build/zephyr/tanjiro/build-rw/modules/ec/zephyr/include/ec_version.h
[tanjiro:rw] [4/333] Generating include/generated/zephyr/version.h
[tanjiro:rw] -- git describe warned: warning: tag 'upstream/v2.7.99' is externally known as 'v2.7.99'
[fatcatrvp-ite:ro] Configuring.
Running `env -i PYTHONPATH=/usr/lib64/python-exec/python3.11:/mnt/host/source/src/platform/ec/zephyr/zmake:/usr/lib/python311.zip:/usr/lib/python3.11:/usr/lib/python3.11/lib-dynload:/usr/lib/python3.11/site-packages PW_PIGWEED_CIPD_INSTALL_DIR=/usr CROSTC_USER_ACKNOWLEDGES_THAT_RISCV_IS_EXPERIMENTAL=1 PATH=/mnt/host/source/chromite/bin:/usr/local/bin:/usr/bin:/bin:/opt/bin:/mnt/host/source/chromite/sdk/bin:/mnt/host/source/chromite/bin HOME=/home/jpmurphy JAVA_HOME=/etc/java-config-2/current-system-vm JDK_HOME=/etc/java-config-2/current-system-vm JAVAC=/etc/java-config-2/current-system-vm/bin/javac MAKEFLAGS=' -j16 --jobserver-auth=5,6' /usr/bin/cmake -S /mnt/host/source/src/platform/ec/zephyr/program/fatcat -B /mnt/host/source/src/platform/ec/build/zephyr/fatcatrvp-ite/build-ro -GNinja -DCMAKE_EXPORT_COMPILE_COMMANDS=ON -DZEPHYR_BASE=/mnt/host/source/src/third_party/zephyr/main -DZMAKE_INCLUDE_DIR=/mnt/host/source/src/platform/ec/build/zephyr/fatcatrvp-ite/include -DPython3_EXECUTABLE=/usr/bin/python3.11 -DDTS_ROOT=/mnt/host/source/src/platform/ec/zephyr -DSYSCALL_INCLUDE_DIRS=/mnt/host/source/src/platform/ec/zephyr/include/drivers -DUSER_CACHE_DIR=/mnt/host/source/src/platform/ec/build/zephyr/user-cache '-DEXTRA_EC_VERSION_FLAGS=--version 16543.0.0 --static' -DTOOLCHAIN_ROOT=/mnt/host/source/src/platform/ec/zephyr -DCOREBOOT_SDK_ROOT_x86=/home/jpmurphy/.cache/coreboot-sdk/i386-elf/dfbb0486385d938cfa9d73080b9d18d598ed4f49 -DCOREBOOT_SDK_ROOT_picolibc_x86=/home/jpmurphy/.cache/coreboot-sdk/picolibc-i386-elf/eb8e8e687b95461de8cbf278f1c2076952d0ad17 -DCOREBOOT_SDK_ROOT_riscv64=/home/jpmurphy/.cache/coreboot-sdk/riscv64-elf/96b949749225b6aaa92ed810ab769e8dfb12f000 -DCOREBOOT_SDK_ROOT_picolibc_arm=/home/jpmurphy/.cache/coreboot-sdk/picolibc-arm-eabi/422a2aa3e1ef891b5bece9a3deb696ff83840d2e -DCOREBOOT_SDK_ROOT_nds32=/home/jpmurphy/.cache/coreboot-sdk/nds32le-elf/d1a518c4a097666d86058e1444f85ca015d15511 -DCOREBOOT_SDK_ROOT_picolibc_riscv64=/home/jpmurphy/.cache/coreboot-sdk/picolibc-riscv64-elf/f571e990ef0278564b31124f8bb109d9a697eb69 -DCOREBOOT_SDK_ROOT_arm=/home/jpmurphy/.cache/coreboot-sdk/arm-eabi/ea40ddd1d190c3b48435c474c0b545719371813a -DCOREBOOT_SDK_ROOT_libstdcxx_riscv64=/home/jpmurphy/.cache/coreboot-sdk/libstdcxx-riscv64-elf/17abf22a3a252e2d5d2062ced5324f7a623689e0 -DCOREBOOT_SDK_ROOT_libstdcxx_arm=/home/jpmurphy/.cache/coreboot-sdk/libstdcxx-arm-eabi/5d7d82e150e44aa1968f1d366e267e6687b328ac -DCOREBOOT_SDK_ROOT_riscv=/home/jpmurphy/.cache/coreboot-sdk/riscv-elf/9a27b9e82341c6e9126624f516ab3f261abb3e73 -DCOREBOOT_SDK_ROOT_libstdcxx_x86=/home/jpmurphy/.cache/coreboot-sdk/libstdcxx-i386-elf/42ef9d2e87a76a37963175d7d428734e65648b87 -DZEPHYR_TOOLCHAIN_VARIANT=coreboot-sdk -DZEPHYR_MODULES=/mnt/host/source/src/platform/ec/build/zephyr/fatcatrvp-ite/modules/ec -DDTC_OVERLAY_FILE=/mnt/host/source/src/platform/ec/zephyr/program/fatcat/fatcatrvp-ite/project.overlay -DBOARD=it8xxx2/it82002aw -DCMAKE_C_FLAGS=-DSECTION_IS_RO '-DCONF_FILE=/mnt/host/source/src/platform/ec/zephyr/program/fatcat/program.conf;/mnt/host/source/src/platform/ec/zephyr/program/fatcat/fatcatrvp-ite/project.conf;/mnt/host/source/src/platform/ec/zephyr/program/intelrvp/zephyr_ap_pwrseq.conf;/mnt/host/source/src/platform/ec/zephyr/program/intelrvp/ptlrvp/pd.conf;/mnt/host/source/src/platform/ec/zephyr/program/fatcat/rvp_program.conf;/mnt/host/source/src/platform/ec/build/zephyr/fatcatrvp-ite/kconfig-ro.conf'`
[fatcatrvp-ite:ro] Loading Zephyr default modules (Zephyr base (cached)).
[fatcatrvp-ite:ro] -- Application: /mnt/host/source/src/platform/ec/zephyr/program/fatcat
[fatcatrvp-ite:ro] -- CMake version: 3.31.7
[squirtle:ro] -- Configuring done (16.5s)
[pirrha:rw] -- CMake version: 3.31.7
[pirrha:rw] -- Found Python3: /usr/bin/python3.11 (found suitable version "3.11.11", minimum required is "3.10") found components: Interpreter
[pirrha:rw] -- Cache files will be written to: /mnt/host/source/src/platform/ec/build/zephyr/user-cache
[pirrha:rw] -- Zephyr version: 4.3.99 (/mnt/host/source/src/third_party/zephyr/main)
[tanjiro:ro] INFO:root:Version string: Zephyr-Kernel-16543.0.0
[tanjiro:ro] INFO:root:Writing header to /mnt/host/source/src/platform/ec/build/zephyr/tanjiro/build-ro/modules/ec/zephyr/include/ec_version.h
[tanjiro:ro] [4/333] Generating include/generated/zephyr/version.h
[tanjiro:ro] -- git describe warned: warning: tag 'upstream/v2.7.99' is externally known as 'v2.7.99'
[fatcatrvp-ite:rw] Configuring.
Running `env -i PYTHONPATH=/usr/lib64/python-exec/python3.11:/mnt/host/source/src/platform/ec/zephyr/zmake:/usr/lib/python311.zip:/usr/lib/python3.11:/usr/lib/python3.11/lib-dynload:/usr/lib/python3.11/site-packages PW_PIGWEED_CIPD_INSTALL_DIR=/usr CROSTC_USER_ACKNOWLEDGES_THAT_RISCV_IS_EXPERIMENTAL=1 PATH=/mnt/host/source/chromite/bin:/usr/local/bin:/usr/bin:/bin:/opt/bin:/mnt/host/source/chromite/sdk/bin:/mnt/host/source/chromite/bin HOME=/home/jpmurphy JAVA_HOME=/etc/java-config-2/current-system-vm JDK_HOME=/etc/java-config-2/current-system-vm JAVAC=/etc/java-config-2/current-system-vm/bin/javac MAKEFLAGS=' -j16 --jobserver-auth=5,6' /usr/bin/cmake -S /mnt/host/source/src/platform/ec/zephyr/program/fatcat -B /mnt/host/source/src/platform/ec/build/zephyr/fatcatrvp-ite/build-rw -GNinja -DCMAKE_EXPORT_COMPILE_COMMANDS=ON -DZEPHYR_BASE=/mnt/host/source/src/third_party/zephyr/main -DZMAKE_INCLUDE_DIR=/mnt/host/source/src/platform/ec/build/zephyr/fatcatrvp-ite/include -DPython3_EXECUTABLE=/usr/bin/python3.11 -DDTS_ROOT=/mnt/host/source/src/platform/ec/zephyr -DSYSCALL_INCLUDE_DIRS=/mnt/host/source/src/platform/ec/zephyr/include/drivers -DUSER_CACHE_DIR=/mnt/host/source/src/platform/ec/build/zephyr/user-cache '-DEXTRA_EC_VERSION_FLAGS=--version 16543.0.0 --static' -DTOOLCHAIN_ROOT=/mnt/host/source/src/platform/ec/zephyr -DCOREBOOT_SDK_ROOT_x86=/home/jpmurphy/.cache/coreboot-sdk/i386-elf/dfbb0486385d938cfa9d73080b9d18d598ed4f49 -DCOREBOOT_SDK_ROOT_picolibc_x86=/home/jpmurphy/.cache/coreboot-sdk/picolibc-i386-elf/eb8e8e687b95461de8cbf278f1c2076952d0ad17 -DCOREBOOT_SDK_ROOT_riscv64=/home/jpmurphy/.cache/coreboot-sdk/riscv64-elf/96b949749225b6aaa92ed810ab769e8dfb12f000 -DCOREBOOT_SDK_ROOT_picolibc_arm=/home/jpmurphy/.cache/coreboot-sdk/picolibc-arm-eabi/422a2aa3e1ef891b5bece9a3deb696ff83840d2e -DCOREBOOT_SDK_ROOT_nds32=/home/jpmurphy/.cache/coreboot-sdk/nds32le-elf/d1a518c4a097666d86058e1444f85ca015d15511 -DCOREBOOT_SDK_ROOT_picolibc_riscv64=/home/jpmurphy/.cache/coreboot-sdk/picolibc-riscv64-elf/f571e990ef0278564b31124f8bb109d9a697eb69 -DCOREBOOT_SDK_ROOT_arm=/home/jpmurphy/.cache/coreboot-sdk/arm-eabi/ea40ddd1d190c3b48435c474c0b545719371813a -DCOREBOOT_SDK_ROOT_libstdcxx_riscv64=/home/jpmurphy/.cache/coreboot-sdk/libstdcxx-riscv64-elf/17abf22a3a252e2d5d2062ced5324f7a623689e0 -DCOREBOOT_SDK_ROOT_libstdcxx_arm=/home/jpmurphy/.cache/coreboot-sdk/libstdcxx-arm-eabi/5d7d82e150e44aa1968f1d366e267e6687b328ac -DCOREBOOT_SDK_ROOT_riscv=/home/jpmurphy/.cache/coreboot-sdk/riscv-elf/9a27b9e82341c6e9126624f516ab3f261abb3e73 -DCOREBOOT_SDK_ROOT_libstdcxx_x86=/home/jpmurphy/.cache/coreboot-sdk/libstdcxx-i386-elf/42ef9d2e87a76a37963175d7d428734e65648b87 -DZEPHYR_TOOLCHAIN_VARIANT=coreboot-sdk -DZEPHYR_MODULES=/mnt/host/source/src/platform/ec/build/zephyr/fatcatrvp-ite/modules/ec -DDTC_OVERLAY_FILE=/mnt/host/source/src/platform/ec/zephyr/program/fatcat/fatcatrvp-ite/project.overlay -DBOARD=it8xxx2/it82002aw -DCMAKE_C_FLAGS=-DSECTION_IS_RW '-DCONF_FILE=/mnt/host/source/src/platform/ec/zephyr/program/fatcat/program.conf;/mnt/host/source/src/platform/ec/zephyr/program/fatcat/fatcatrvp-ite/project.conf;/mnt/host/source/src/platform/ec/zephyr/program/intelrvp/zephyr_ap_pwrseq.conf;/mnt/host/source/src/platform/ec/zephyr/program/intelrvp/ptlrvp/pd.conf;/mnt/host/source/src/platform/ec/zephyr/program/fatcat/rvp_program.conf;/mnt/host/source/src/platform/ec/build/zephyr/fatcatrvp-ite/kconfig-rw.conf'`
[fatcatrvp-ite:rw] -- Application: /mnt/host/source/src/platform/ec/zephyr/program/fatcat
[fatcatrvp-ite:rw] Loading Zephyr default modules (Zephyr base (cached)).
[fatcatrvp-ite:ro] -- Found Python3: /usr/bin/python3.11 (found suitable version "3.11.11", minimum required is "3.10") found components: Interpreter
[fatcatrvp-ite:ro] -- Cache files will be written to: /mnt/host/source/src/platform/ec/build/zephyr/user-cache
[fatcatrvp-ite:ro] -- Zephyr version: 4.3.99 (/mnt/host/source/src/third_party/zephyr/main)
[squirtle:rw] -- Generating done (0.4s)
[squirtle:rw] CMake Warning:
[squirtle:rw] -- Build files have been written to: /mnt/host/source/src/platform/ec/build/zephyr/squirtle/build-rw
[squirtle:ro] -- Generating done (0.4s)
[squirtle:ro]   __ASSERT() statements are globally ENABLED
[squirtle:ro] CMake Warning:
[fatcatrvp-ite:rw] -- CMake version: 3.31.7
[fatcatrvp-ite:rw] -- Found Python3: /usr/bin/python3.11 (found suitable version "3.11.11", minimum required is "3.10") found components: Interpreter
[fatcatrvp-ite:rw] -- Cache files will be written to: /mnt/host/source/src/platform/ec/build/zephyr/user-cache
[/mnt/host/source/src/platform/ec/build/zephyr/ptlgcs-lcov] geninfo: WARNING: using JSON module "JSON::PP" - which is much slower than some alternatives.  Consider installing one of JSON::XS or Cpanel::JSON::XS
[fatcatrvp-ite:rw] -- Zephyr version: 4.3.99 (/mnt/host/source/src/third_party/zephyr/main)
[squirtle:rw]   Manually-specified variables were not used by the project:
[squirtle:rw]     COREBOOT_SDK_ROOT_libstdcxx_riscv64
[squirtle:rw]     COREBOOT_SDK_ROOT_libstdcxx_x86
[squirtle:rw]     COREBOOT_SDK_ROOT_nds32
[squirtle:rw]     COREBOOT_SDK_ROOT_picolibc_riscv64
[squirtle:rw]     COREBOOT_SDK_ROOT_picolibc_x86
[squirtle:rw]     COREBOOT_SDK_ROOT_riscv
[squirtle:rw]     COREBOOT_SDK_ROOT_riscv64
[squirtle:rw]     COREBOOT_SDK_ROOT_x86
Toolchain <zmake.toolchains.CorebootSdkToolchain object at 0x7f4143055c90> selected by probe function.
[adlrvp_npcx] Building in /mnt/host/source/src/platform/ec/build/zephyr/adlrvp_npcx.
[adlrvp_npcx:ro] Configuring.
Running `env -i PYTHONPATH=/usr/lib64/python-exec/python3.11:/mnt/host/source/src/platform/ec/zephyr/zmake:/usr/lib/python311.zip:/usr/lib/python3.11:/usr/lib/python3.11/lib-dynload:/usr/lib/python3.11/site-packages PW_PIGWEED_CIPD_INSTALL_DIR=/usr CROSTC_USER_ACKNOWLEDGES_THAT_RISCV_IS_EXPERIMENTAL=1 PATH=/mnt/host/source/chromite/bin:/usr/local/bin:/usr/bin:/bin:/opt/bin:/mnt/host/source/chromite/sdk/bin:/mnt/host/source/chromite/bin HOME=/home/jpmurphy JAVA_HOME=/etc/java-config-2/current-system-vm JDK_HOME=/etc/java-config-2/current-system-vm JAVAC=/etc/java-config-2/current-system-vm/bin/javac MAKEFLAGS=' -j16 --jobserver-auth=5,6' /usr/bin/cmake -S /mnt/host/source/src/platform/ec/zephyr/program/intelrvp -B /mnt/host/source/src/platform/ec/build/zephyr/adlrvp_npcx/build-ro -GNinja -DCMAKE_EXPORT_COMPILE_COMMANDS=ON -DZEPHYR_BASE=/mnt/host/source/src/third_party/zephyr/main -DZMAKE_INCLUDE_DIR=/mnt/host/source/src/platform/ec/build/zephyr/adlrvp_npcx/include -DPython3_EXECUTABLE=/usr/bin/python3.11 -DDTS_ROOT=/mnt/host/source/src/platform/ec/zephyr -DSYSCALL_INCLUDE_DIRS=/mnt/host/source/src/platform/ec/zephyr/include/drivers -DUSER_CACHE_DIR=/mnt/host/source/src/platform/ec/build/zephyr/user-cache '-DEXTRA_EC_VERSION_FLAGS=--version 16543.0.0 --static' -DTOOLCHAIN_ROOT=/mnt/host/source/src/platform/ec/zephyr -DCOREBOOT_SDK_ROOT_x86=/home/jpmurphy/.cache/coreboot-sdk/i386-elf/dfbb0486385d938cfa9d73080b9d18d598ed4f49 -DCOREBOOT_SDK_ROOT_picolibc_x86=/home/jpmurphy/.cache/coreboot-sdk/picolibc-i386-elf/eb8e8e687b95461de8cbf278f1c2076952d0ad17 -DCOREBOOT_SDK_ROOT_riscv64=/home/jpmurphy/.cache/coreboot-sdk/riscv64-elf/96b949749225b6aaa92ed810ab769e8dfb12f000 -DCOREBOOT_SDK_ROOT_picolibc_arm=/home/jpmurphy/.cache/coreboot-sdk/picolibc-arm-eabi/422a2aa3e1ef891b5bece9a3deb696ff83840d2e -DCOREBOOT_SDK_ROOT_nds32=/home/jpmurphy/.cache/coreboot-sdk/nds32le-elf/d1a518c4a097666d86058e1444f85ca015d15511 -DCOREBOOT_SDK_ROOT_picolibc_riscv64=/home/jpmurphy/.cache/coreboot-sdk/picolibc-riscv64-elf/f571e990ef0278564b31124f8bb109d9a697eb69 -DCOREBOOT_SDK_ROOT_arm=/home/jpmurphy/.cache/coreboot-sdk/arm-eabi/ea40ddd1d190c3b48435c474c0b545719371813a -DCOREBOOT_SDK_ROOT_libstdcxx_riscv64=/home/jpmurphy/.cache/coreboot-sdk/libstdcxx-riscv64-elf/17abf22a3a252e2d5d2062ced5324f7a623689e0 -DCOREBOOT_SDK_ROOT_libstdcxx_arm=/home/jpmurphy/.cache/coreboot-sdk/libstdcxx-arm-eabi/5d7d82e150e44aa1968f1d366e267e6687b328ac -DCOREBOOT_SDK_ROOT_riscv=/home/jpmurphy/.cache/coreboot-sdk/riscv-elf/9a27b9e82341c6e9126624f516ab3f261abb3e73 -DCOREBOOT_SDK_ROOT_libstdcxx_x86=/home/jpmurphy/.cache/coreboot-sdk/libstdcxx-i386-elf/42ef9d2e87a76a37963175d7d428734e65648b87 -DZEPHYR_TOOLCHAIN_VARIANT=coreboot-sdk '-DZEPHYR_MODULES=/mnt/host/source/src/platform/ec/build/zephyr/adlrvp_npcx/modules/cmsis;/mnt/host/source/src/platform/ec/build/zephyr/adlrvp_npcx/modules/cmsis_6;/mnt/host/source/src/platform/ec/build/zephyr/adlrvp_npcx/modules/ec' '-DDTC_OVERLAY_FILE=/mnt/host/source/src/platform/ec/zephyr/program/intelrvp/adlrvp/battery.dts;/mnt/host/source/src/platform/ec/zephyr/program/intelrvp/adlrvp/ioex.dts;/mnt/host/source/src/platform/ec/zephyr/program/intelrvp/adlrvp/adlrvp_npcx/adlrvp_npcx.dts;/mnt/host/source/src/platform/ec/zephyr/program/intelrvp/adlrvp/adlrvp_npcx/fan.dts;/mnt/host/source/src/platform/ec/zephyr/program/intelrvp/adlrvp/adlrvp_npcx/gpio.dts;/mnt/host/source/src/platform/ec/zephyr/program/intelrvp/adlrvp/adlrvp_npcx/interrupts.dts;/mnt/host/source/src/platform/ec/zephyr/program/intelrvp/adlrvp/adlrvp_npcx/keyboard.dts;/mnt/host/source/src/platform/ec/zephyr/program/intelrvp/adlrvp/adlrvp_npcx/temp_sensor.dts;/mnt/host/source/src/platform/ec/zephyr/program/intelrvp/adlrvp/adlrvp_npcx/usbc.dts;/mnt/host/source/src/platform/ec/zephyr/program/intelrvp/adlrvp/adlrvp_npcx/pwm_leds.dts' -DBOARD=npcx9/npcx9m7f -DCMAKE_C_FLAGS=-DSECTION_IS_RO '-DCONF_FILE=/mnt/host/source/src/platform/ec/zephyr/program/intelrvp/program.conf;/mnt/host/source/src/platform/ec/zephyr/program/intelrvp/adlrvp/prj.conf;/mnt/host/source/src/platform/ec/zephyr/program/intelrvp/legacy_ec_pwrseq.conf;/mnt/host/source/src/platform/ec/zephyr/program/intelrvp/adlrvp/adlrvp_npcx/prj.conf;/mnt/host/source/src/platform/ec/build/zephyr/adlrvp_npcx/kconfig-ro.conf'`
[adlrvp_npcx:ro] -- Application: /mnt/host/source/src/platform/ec/zephyr/program/intelrvp
[adlrvp_npcx:ro] Loading Zephyr default modules (Zephyr base (cached)).
[squirtle:ro] -- Build files have been written to: /mnt/host/source/src/platform/ec/build/zephyr/squirtle/build-ro
[squirtle:ro]   Manually-specified variables were not used by the project:
[squirtle:ro]     COREBOOT_SDK_ROOT_libstdcxx_riscv64
[squirtle:ro]     COREBOOT_SDK_ROOT_libstdcxx_x86
Toolchain <zmake.toolchains.CorebootSdkToolchain object at 0x7f4120486d10> selected by probe function.
[fatcatrvp-npcx] Building in /mnt/host/source/src/platform/ec/build/zephyr/fatcatrvp-npcx.
[squirtle:ro]     COREBOOT_SDK_ROOT_nds32
[squirtle:ro]     COREBOOT_SDK_ROOT_picolibc_riscv64
[squirtle:ro]     COREBOOT_SDK_ROOT_picolibc_x86
[squirtle:ro]     COREBOOT_SDK_ROOT_riscv
[squirtle:ro]     COREBOOT_SDK_ROOT_riscv64
[squirtle:ro]     COREBOOT_SDK_ROOT_x86
[adlrvp_npcx:rw] Configuring.
Running `env -i PYTHONPATH=/usr/lib64/python-exec/python3.11:/mnt/host/source/src/platform/ec/zephyr/zmake:/usr/lib/python311.zip:/usr/lib/python3.11:/usr/lib/python3.11/lib-dynload:/usr/lib/python3.11/site-packages PW_PIGWEED_CIPD_INSTALL_DIR=/usr CROSTC_USER_ACKNOWLEDGES_THAT_RISCV_IS_EXPERIMENTAL=1 PATH=/mnt/host/source/chromite/bin:/usr/local/bin:/usr/bin:/bin:/opt/bin:/mnt/host/source/chromite/sdk/bin:/mnt/host/source/chromite/bin HOME=/home/jpmurphy JAVA_HOME=/etc/java-config-2/current-system-vm JDK_HOME=/etc/java-config-2/current-system-vm JAVAC=/etc/java-config-2/current-system-vm/bin/javac MAKEFLAGS=' -j16 --jobserver-auth=5,6' /usr/bin/cmake -S /mnt/host/source/src/platform/ec/zephyr/program/intelrvp -B /mnt/host/source/src/platform/ec/build/zephyr/adlrvp_npcx/build-rw -GNinja -DCMAKE_EXPORT_COMPILE_COMMANDS=ON -DZEPHYR_BASE=/mnt/host/source/src/third_party/zephyr/main -DZMAKE_INCLUDE_DIR=/mnt/host/source/src/platform/ec/build/zephyr/adlrvp_npcx/include -DPython3_EXECUTABLE=/usr/bin/python3.11 -DDTS_ROOT=/mnt/host/source/src/platform/ec/zephyr -DSYSCALL_INCLUDE_DIRS=/mnt/host/source/src/platform/ec/zephyr/include/drivers -DUSER_CACHE_DIR=/mnt/host/source/src/platform/ec/build/zephyr/user-cache '-DEXTRA_EC_VERSION_FLAGS=--version 16543.0.0 --static' -DTOOLCHAIN_ROOT=/mnt/host/source/src/platform/ec/zephyr -DCOREBOOT_SDK_ROOT_x86=/home/jpmurphy/.cache/coreboot-sdk/i386-elf/dfbb0486385d938cfa9d73080b9d18d598ed4f49 -DCOREBOOT_SDK_ROOT_picolibc_x86=/home/jpmurphy/.cache/coreboot-sdk/picolibc-i386-elf/eb8e8e687b95461de8cbf278f1c2076952d0ad17 -DCOREBOOT_SDK_ROOT_riscv64=/home/jpmurphy/.cache/coreboot-sdk/riscv64-elf/96b949749225b6aaa92ed810ab769e8dfb12f000 -DCOREBOOT_SDK_ROOT_picolibc_arm=/home/jpmurphy/.cache/coreboot-sdk/picolibc-arm-eabi/422a2aa3e1ef891b5bece9a3deb696ff83840d2e -DCOREBOOT_SDK_ROOT_nds32=/home/jpmurphy/.cache/coreboot-sdk/nds32le-elf/d1a518c4a097666d86058e1444f85ca015d15511 -DCOREBOOT_SDK_ROOT_picolibc_riscv64=/home/jpmurphy/.cache/coreboot-sdk/picolibc-riscv64-elf/f571e990ef0278564b31124f8bb109d9a697eb69 -DCOREBOOT_SDK_ROOT_arm=/home/jpmurphy/.cache/coreboot-sdk/arm-eabi/ea40ddd1d190c3b48435c474c0b545719371813a -DCOREBOOT_SDK_ROOT_libstdcxx_riscv64=/home/jpmurphy/.cache/coreboot-sdk/libstdcxx-riscv64-elf/17abf22a3a252e2d5d2062ced5324f7a623689e0 -DCOREBOOT_SDK_ROOT_libstdcxx_arm=/home/jpmurphy/.cache/coreboot-sdk/libstdcxx-arm-eabi/5d7d82e150e44aa1968f1d366e267e6687b328ac -DCOREBOOT_SDK_ROOT_riscv=/home/jpmurphy/.cache/coreboot-sdk/riscv-elf/9a27b9e82341c6e9126624f516ab3f261abb3e73 -DCOREBOOT_SDK_ROOT_libstdcxx_x86=/home/jpmurphy/.cache/coreboot-sdk/libstdcxx-i386-elf/42ef9d2e87a76a37963175d7d428734e65648b87 -DZEPHYR_TOOLCHAIN_VARIANT=coreboot-sdk '-DZEPHYR_MODULES=/mnt/host/source/src/platform/ec/build/zephyr/adlrvp_npcx/modules/cmsis;/mnt/host/source/src/platform/ec/build/zephyr/adlrvp_npcx/modules/cmsis_6;/mnt/host/source/src/platform/ec/build/zephyr/adlrvp_npcx/modules/ec' '-DDTC_OVERLAY_FILE=/mnt/host/source/src/platform/ec/zephyr/program/intelrvp/adlrvp/battery.dts;/mnt/host/source/src/platform/ec/zephyr/program/intelrvp/adlrvp/ioex.dts;/mnt/host/source/src/platform/ec/zephyr/program/intelrvp/adlrvp/adlrvp_npcx/adlrvp_npcx.dts;/mnt/host/source/src/platform/ec/zephyr/program/intelrvp/adlrvp/adlrvp_npcx/fan.dts;/mnt/host/source/src/platform/ec/zephyr/program/intelrvp/adlrvp/adlrvp_npcx/gpio.dts;/mnt/host/source/src/platform/ec/zephyr/program/intelrvp/adlrvp/adlrvp_npcx/interrupts.dts;/mnt/host/source/src/platform/ec/zephyr/program/intelrvp/adlrvp/adlrvp_npcx/keyboard.dts;/mnt/host/source/src/platform/ec/zephyr/program/intelrvp/adlrvp/adlrvp_npcx/temp_sensor.dts;/mnt/host/source/src/platform/ec/zephyr/program/intelrvp/adlrvp/adlrvp_npcx/usbc.dts;/mnt/host/source/src/platform/ec/zephyr/program/intelrvp/adlrvp/adlrvp_npcx/pwm_leds.dts' -DBOARD=npcx9/npcx9m7f -DCMAKE_C_FLAGS=-DSECTION_IS_RW '-DCONF_FILE=/mnt/host/source/src/platform/ec/zephyr/program/intelrvp/program.conf;/mnt/host/source/src/platform/ec/zephyr/program/intelrvp/adlrvp/prj.conf;/mnt/host/source/src/platform/ec/zephyr/program/intelrvp/legacy_ec_pwrseq.conf;/mnt/host/source/src/platform/ec/zephyr/program/intelrvp/adlrvp/adlrvp_npcx/prj.conf;/mnt/host/source/src/platform/ec/build/zephyr/adlrvp_npcx/kconfig-rw.conf'`
[adlrvp_npcx:rw] Loading Zephyr default modules (Zephyr base (cached)).
[adlrvp_npcx:rw] -- Application: /mnt/host/source/src/platform/ec/zephyr/program/intelrvp
Toolchain <zmake.toolchains.CorebootSdkToolchain object at 0x7f4143078d90> selected by probe function.
[it8xxx2_evb] Building in /mnt/host/source/src/platform/ec/build/zephyr/it8xxx2_evb.
[tanjiro:rw] -- Zephyr version: 4.3.99 (/mnt/host/source/src/third_party/zephyr/main)
[tanjiro:rw] [5/333] Generating misc/generated/syscalls.json, misc/generated/struct_tags.json
[tanjiro:ro] -- Zephyr version: 4.3.99 (/mnt/host/source/src/third_party/zephyr/main)
[tanjiro:ro] [5/333] Generating misc/generated/syscalls.json, misc/generated/struct_tags.json
[it8xxx2_evb:singleimage] Configuring.
Running `env -i PYTHONPATH=/usr/lib64/python-exec/python3.11:/mnt/host/source/src/platform/ec/zephyr/zmake:/usr/lib/python311.zip:/usr/lib/python3.11:/usr/lib/python3.11/lib-dynload:/usr/lib/python3.11/site-packages PW_PIGWEED_CIPD_INSTALL_DIR=/usr CROSTC_USER_ACKNOWLEDGES_THAT_RISCV_IS_EXPERIMENTAL=1 PATH=/mnt/host/source/chromite/bin:/usr/local/bin:/usr/bin:/bin:/opt/bin:/mnt/host/source/chromite/sdk/bin:/mnt/host/source/chromite/bin HOME=/home/jpmurphy JAVA_HOME=/etc/java-config-2/current-system-vm JDK_HOME=/etc/java-config-2/current-system-vm JAVAC=/etc/java-config-2/current-system-vm/bin/javac MAKEFLAGS=' -j16 --jobserver-auth=5,6' /usr/bin/cmake -S /mnt/host/source/src/platform/ec/zephyr/program/it8xxx2_evb -B /mnt/host/source/src/platform/ec/build/zephyr/it8xxx2_evb/build-singleimage -GNinja -DCMAKE_EXPORT_COMPILE_COMMANDS=ON -DZEPHYR_BASE=/mnt/host/source/src/third_party/zephyr/main -DZMAKE_INCLUDE_DIR=/mnt/host/source/src/platform/ec/build/zephyr/it8xxx2_evb/include -DPython3_EXECUTABLE=/usr/bin/python3.11 -DDTS_ROOT=/mnt/host/source/src/platform/ec/zephyr -DSYSCALL_INCLUDE_DIRS=/mnt/host/source/src/platform/ec/zephyr/include/drivers -DUSER_CACHE_DIR=/mnt/host/source/src/platform/ec/build/zephyr/user-cache '-DEXTRA_EC_VERSION_FLAGS=--version 16543.0.0 --static' -DTOOLCHAIN_ROOT=/mnt/host/source/src/platform/ec/zephyr -DCOREBOOT_SDK_ROOT_x86=/home/jpmurphy/.cache/coreboot-sdk/i386-elf/dfbb0486385d938cfa9d73080b9d18d598ed4f49 -DCOREBOOT_SDK_ROOT_picolibc_x86=/home/jpmurphy/.cache/coreboot-sdk/picolibc-i386-elf/eb8e8e687b95461de8cbf278f1c2076952d0ad17 -DCOREBOOT_SDK_ROOT_riscv64=/home/jpmurphy/.cache/coreboot-sdk/riscv64-elf/96b949749225b6aaa92ed810ab769e8dfb12f000 -DCOREBOOT_SDK_ROOT_picolibc_arm=/home/jpmurphy/.cache/coreboot-sdk/picolibc-arm-eabi/422a2aa3e1ef891b5bece9a3deb696ff83840d2e -DCOREBOOT_SDK_ROOT_nds32=/home/jpmurphy/.cache/coreboot-sdk/nds32le-elf/d1a518c4a097666d86058e1444f85ca015d15511 -DCOREBOOT_SDK_ROOT_picolibc_riscv64=/home/jpmurphy/.cache/coreboot-sdk/picolibc-riscv64-elf/f571e990ef0278564b31124f8bb109d9a697eb69 -DCOREBOOT_SDK_ROOT_arm=/home/jpmurphy/.cache/coreboot-sdk/arm-eabi/ea40ddd1d190c3b48435c474c0b545719371813a -DCOREBOOT_SDK_ROOT_libstdcxx_riscv64=/home/jpmurphy/.cache/coreboot-sdk/libstdcxx-riscv64-elf/17abf22a3a252e2d5d2062ced5324f7a623689e0 -DCOREBOOT_SDK_ROOT_libstdcxx_arm=/home/jpmurphy/.cache/coreboot-sdk/libstdcxx-arm-eabi/5d7d82e150e44aa1968f1d366e267e6687b328ac -DCOREBOOT_SDK_ROOT_riscv=/home/jpmurphy/.cache/coreboot-sdk/riscv-elf/9a27b9e82341c6e9126624f516ab3f261abb3e73 -DCOREBOOT_SDK_ROOT_libstdcxx_x86=/home/jpmurphy/.cache/coreboot-sdk/libstdcxx-i386-elf/42ef9d2e87a76a37963175d7d428734e65648b87 -DZEPHYR_TOOLCHAIN_VARIANT=coreboot-sdk -DZEPHYR_MODULES=/mnt/host/source/src/platform/ec/build/zephyr/it8xxx2_evb/modules/ec -DDTC_OVERLAY_FILE=/mnt/host/source/src/platform/ec/zephyr/program/it8xxx2_evb/it8xxx2_evb/project.overlay -DBOARD=it8xxx2/it81302bx '-DCONF_FILE=/mnt/host/source/src/platform/ec/zephyr/program/it8xxx2_evb/it8xxx2_evb/project.conf;/mnt/host/source/src/platform/ec/build/zephyr/it8xxx2_evb/kconfig-singleimage.conf'`
[it8xxx2_evb:singleimage] Loading Zephyr default modules (Zephyr base (cached)).
[it8xxx2_evb:singleimage] -- Application: /mnt/host/source/src/platform/ec/zephyr/program/it8xxx2_evb
[it8xxx2_evb:singleimage] -- CMake version: 3.31.7
[tanjiro:rw] [6/333] Generating include/generated/zephyr/driver-validation.h
[tanjiro:rw] [7/333] Generating include/generated/zephyr/syscall_dispatch.c, include/generated/zephyr/syscall_exports_llext.c, syscall_weakdefs_llext.c, include/generated/zephyr/syscall_list.h
[tanjiro:ro] [6/333] Generating include/generated/zephyr/syscall_dispatch.c, include/generated/zephyr/syscall_exports_llext.c, syscall_weakdefs_llext.c, include/generated/zephyr/syscall_list.h
[pirrha:ro] -- Board: it8xxx2, qualifiers: it81302bx
[tanjiro:rw] [8/333] Generating include/generated/device-api-sections.ld, include/generated/device-api-sections.cmake
[lapis:rw] -- Board: realtek, qualifiers: rts5912
[adlrvp_npcx:ro] -- CMake version: 3.31.7
[adlrvp_npcx:ro] -- Found Python3: /usr/bin/python3.11 (found suitable version "3.11.11", minimum required is "3.10") found components: Interpreter
[adlrvp_npcx:ro] -- Cache files will be written to: /mnt/host/source/src/platform/ec/build/zephyr/user-cache
[adlrvp_npcx:ro] -- Zephyr version: 4.3.99 (/mnt/host/source/src/third_party/zephyr/main)
[adlrvp_npcx:rw] -- CMake version: 3.31.7
[adlrvp_npcx:rw] -- Found Python3: /usr/bin/python3.11 (found suitable version "3.11.11", minimum required is "3.10") found components: Interpreter
[adlrvp_npcx:rw] -- Cache files will be written to: /mnt/host/source/src/platform/ec/build/zephyr/user-cache
[lapis:ro] -- Board: realtek, qualifiers: rts5912
[adlrvp_npcx:rw] -- Zephyr version: 4.3.99 (/mnt/host/source/src/third_party/zephyr/main)
Toolchain <zmake.toolchains.CorebootSdkToolchain object at 0x7f4143079bd0> selected by probe function.
[telith] Building in /mnt/host/source/src/platform/ec/build/zephyr/telith.
[tanjiro:rw] [9/333] Generating include/generated/zephyr/kobj-types-enum.h, include/generated/zephyr/otype-to-str.h, include/generated/zephyr/otype-to-size.h
[tanjiro:ro] [7/333] Generating include/generated/zephyr/driver-validation.h
[it8xxx2_evb:singleimage] -- Found Python3: /usr/bin/python3.11 (found suitable version "3.11.11", minimum required is "3.10") found components: Interpreter
[it8xxx2_evb:singleimage] -- Cache files will be written to: /mnt/host/source/src/platform/ec/build/zephyr/user-cache
[telith:ro] Configuring.
Running `env -i PYTHONPATH=/usr/lib64/python-exec/python3.11:/mnt/host/source/src/platform/ec/zephyr/zmake:/usr/lib/python311.zip:/usr/lib/python3.11:/usr/lib/python3.11/lib-dynload:/usr/lib/python3.11/site-packages PW_PIGWEED_CIPD_INSTALL_DIR=/usr CROSTC_USER_ACKNOWLEDGES_THAT_RISCV_IS_EXPERIMENTAL=1 PATH=/mnt/host/source/chromite/bin:/usr/local/bin:/usr/bin:/bin:/opt/bin:/mnt/host/source/chromite/sdk/bin:/mnt/host/source/chromite/bin HOME=/home/jpmurphy JAVA_HOME=/etc/java-config-2/current-system-vm JDK_HOME=/etc/java-config-2/current-system-vm JAVAC=/etc/java-config-2/current-system-vm/bin/javac MAKEFLAGS=' -j16 --jobserver-auth=5,6' /usr/bin/cmake -S /mnt/host/source/src/platform/ec/zephyr/program/nissa -B /mnt/host/source/src/platform/ec/build/zephyr/telith/build-ro -GNinja -DCMAKE_EXPORT_COMPILE_COMMANDS=ON -DZEPHYR_BASE=/mnt/host/source/src/third_party/zephyr/main -DZMAKE_INCLUDE_DIR=/mnt/host/source/src/platform/ec/build/zephyr/telith/include -DPython3_EXECUTABLE=/usr/bin/python3.11 -DDTS_ROOT=/mnt/host/source/src/platform/ec/zephyr -DSYSCALL_INCLUDE_DIRS=/mnt/host/source/src/platform/ec/zephyr/include/drivers -DUSER_CACHE_DIR=/mnt/host/source/src/platform/ec/build/zephyr/user-cache '-DEXTRA_EC_VERSION_FLAGS=--version 16543.0.0 --static' -DTOOLCHAIN_ROOT=/mnt/host/source/src/platform/ec/zephyr -DCOREBOOT_SDK_ROOT_x86=/home/jpmurphy/.cache/coreboot-sdk/i386-elf/dfbb0486385d938cfa9d73080b9d18d598ed4f49 -DCOREBOOT_SDK_ROOT_picolibc_x86=/home/jpmurphy/.cache/coreboot-sdk/picolibc-i386-elf/eb8e8e687b95461de8cbf278f1c2076952d0ad17 -DCOREBOOT_SDK_ROOT_riscv64=/home/jpmurphy/.cache/coreboot-sdk/riscv64-elf/96b949749225b6aaa92ed810ab769e8dfb12f000 -DCOREBOOT_SDK_ROOT_picolibc_arm=/home/jpmurphy/.cache/coreboot-sdk/picolibc-arm-eabi/422a2aa3e1ef891b5bece9a3deb696ff83840d2e -DCOREBOOT_SDK_ROOT_nds32=/home/jpmurphy/.cache/coreboot-sdk/nds32le-elf/d1a518c4a097666d86058e1444f85ca015d15511 -DCOREBOOT_SDK_ROOT_picolibc_riscv64=/home/jpmurphy/.cache/coreboot-sdk/picolibc-riscv64-elf/f571e990ef0278564b31124f8bb109d9a697eb69 -DCOREBOOT_SDK_ROOT_arm=/home/jpmurphy/.cache/coreboot-sdk/arm-eabi/ea40ddd1d190c3b48435c474c0b545719371813a -DCOREBOOT_SDK_ROOT_libstdcxx_riscv64=/home/jpmurphy/.cache/coreboot-sdk/libstdcxx-riscv64-elf/17abf22a3a252e2d5d2062ced5324f7a623689e0 -DCOREBOOT_SDK_ROOT_libstdcxx_arm=/home/jpmurphy/.cache/coreboot-sdk/libstdcxx-arm-eabi/5d7d82e150e44aa1968f1d366e267e6687b328ac -DCOREBOOT_SDK_ROOT_riscv=/home/jpmurphy/.cache/coreboot-sdk/riscv-elf/9a27b9e82341c6e9126624f516ab3f261abb3e73 -DCOREBOOT_SDK_ROOT_libstdcxx_x86=/home/jpmurphy/.cache/coreboot-sdk/libstdcxx-i386-elf/42ef9d2e87a76a37963175d7d428734e65648b87 -DZEPHYR_TOOLCHAIN_VARIANT=coreboot-sdk -DZEPHYR_MODULES=/mnt/host/source/src/platform/ec/build/zephyr/telith/modules/ec -DDTC_OVERLAY_FILE=/mnt/host/source/src/platform/ec/zephyr/program/nissa/telith/project.overlay -DBOARD=it8xxx2/it81302bx -DCMAKE_C_FLAGS=-DSECTION_IS_RO '-DCONF_FILE=/mnt/host/source/src/platform/ec/zephyr/program/nissa/program.conf;/mnt/host/source/src/platform/ec/zephyr/program/nissa/it8xxx2_program.conf;/mnt/host/source/src/platform/ec/zephyr/program/nissa/telith/project.conf;/mnt/host/source/src/platform/ec/build/zephyr/telith/kconfig-ro.conf'`
[it8xxx2_evb:singleimage] -- Zephyr version: 4.3.99 (/mnt/host/source/src/third_party/zephyr/main)
[telith:ro] Loading Zephyr default modules (Zephyr base (cached)).
[telith:ro] -- Application: /mnt/host/source/src/platform/ec/zephyr/program/nissa
[tanjiro:rw] [10/333] Building C object zephyr/CMakeFiles/offsets.dir/arch/riscv/core/offsets/offsets.c.obj
[tanjiro:ro] [8/333] Generating include/generated/zephyr/kobj-types-enum.h, include/generated/zephyr/otype-to-str.h, include/generated/zephyr/otype-to-size.h
[/mnt/host/source/src/platform/ec/build/zephyr/rull-lcov]   /mnt/host/source/src/platform/ec/build/zephyr/rull/build-rw/zephyr/CMakeFiles/zephyr.dir/subsys/shell/modules/kernel_service/kernel_shell.c.gcno:no functions found
[/mnt/host/source/src/platform/ec/build/zephyr/rull-lcov] stderr:
[tanjiro:rw] [11/333] Generating include/generated/zephyr/offsets.h
[tanjiro:ro] [9/333] Generating include/generated/device-api-sections.ld, include/generated/device-api-sections.cmake
[tanjiro:rw] [12/333] Building C object CMakeFiles/app.dir/mnt/host/source/src/platform/ec/zephyr/subsys/ap_pwrseq/ap_events.c.obj
[tanjiro:ro] [10/333] Building C object zephyr/CMakeFiles/offsets.dir/arch/riscv/core/offsets/offsets.c.obj
[tanjiro:rw] [13/333] Building C object CMakeFiles/app.dir/mnt/host/source/src/platform/ec/zephyr/subsys/pd_controller/pdc_pmc_debug.c.obj
[tanjiro:rw] [14/333] Building C object CMakeFiles/app.dir/mnt/host/source/src/platform/ec/zephyr/subsys/pd_controller/pdc_power_mgmt.c.obj
[tanjiro:rw] [15/333] Building C object CMakeFiles/app.dir/mnt/host/source/src/platform/ec/zephyr/subsys/pd_controller/pdc_console.c.obj
[tanjiro:rw] [16/333] Building C object CMakeFiles/app.dir/mnt/host/source/src/platform/ec/zephyr/subsys/pd_controller/pdc_host_cmd.c.obj
[pirrha:rw] -- Board: it8xxx2, qualifiers: it81302bx
[telith:ro] -- CMake version: 3.31.7
[telith:ro] -- Found Python3: /usr/bin/python3.11 (found suitable version "3.11.11", minimum required is "3.10") found components: Interpreter
[telith:ro] -- Cache files will be written to: /mnt/host/source/src/platform/ec/build/zephyr/user-cache
[tanjiro:rw] [17/333] Building C object CMakeFiles/app.dir/mnt/host/source/src/platform/ec/zephyr/subsys/pd_controller/pdc_stub.c.obj
[telith:ro] -- Zephyr version: 4.3.99 (/mnt/host/source/src/third_party/zephyr/main)
[tanjiro:rw] [18/333] Building C object CMakeFiles/app.dir/mnt/host/source/src/platform/ec/zephyr/subsys/pd_controller/pdc_dpm.c.obj
[tanjiro:rw] [19/333] Building C object CMakeFiles/app.dir/mnt/host/source/src/platform/ec/zephyr/subsys/ucsi/ppm_common.c.obj
[tanjiro:rw] [20/333] Building C object CMakeFiles/app.dir/mnt/host/source/src/platform/ec/zephyr/subsys/ucsi/ppm_console.c.obj
[tanjiro:rw] [21/333] Building C object CMakeFiles/app.dir/mnt/host/source/src/platform/ec/zephyr/subsys/ucsi/ppm_driver.c.obj
[/mnt/host/source/src/platform/ec/build/zephyr/rull-lcov]   /mnt/host/source/src/platform/ec/build/zephyr/rull/build-rw/zephyr/CMakeFiles/zephyr.dir/lib/libc/validate_libc.c.gcno:no functions found
[/mnt/host/source/src/platform/ec/build/zephyr/rull-lcov] stderr:
[tanjiro:rw] [22/333] Building C object CMakeFiles/app.dir/mnt/host/source/src/platform/ec/zephyr/subsys/ucsi/ucsi_host_cmd.c.obj
[tanjiro:rw] [23/333] Building C object CMakeFiles/app.dir/mnt/host/source/src/platform/ec/build/zephyr/tanjiro/modules/ec/builtin/stdlib.c.obj
[tanjiro:ro] [11/333] Generating include/generated/zephyr/offsets.h
[tanjiro:rw] [24/333] Building C object CMakeFiles/app.dir/mnt/host/source/src/platform/ec/build/zephyr/tanjiro/modules/ec/common/base32.c.obj
[/mnt/host/source/src/platform/ec/build/zephyr/ptlgcs-lcov] stderr:
[tanjiro:ro] [12/333] Building C object CMakeFiles/app.dir/mnt/host/source/src/platform/ec/zephyr/subsys/ap_pwrseq/ap_events.c.obj
[tanjiro:rw] [25/333] Building C object CMakeFiles/app.dir/mnt/host/source/src/platform/ec/build/zephyr/tanjiro/modules/ec/common/console_output.c.obj
[tanjiro:ro] [13/333] Building C object CMakeFiles/app.dir/mnt/host/source/src/platform/ec/zephyr/subsys/pd_controller/pdc_pmc_debug.c.obj
[tanjiro:rw] [26/333] Building C object CMakeFiles/app.dir/mnt/host/source/src/platform/ec/build/zephyr/tanjiro/modules/ec/common/ec_features.c.obj
[tanjiro:ro] [14/333] Building C object CMakeFiles/app.dir/mnt/host/source/src/platform/ec/zephyr/subsys/pd_controller/pdc_power_mgmt.c.obj
[tanjiro:rw] [27/333] Building C object CMakeFiles/app.dir/mnt/host/source/src/platform/ec/build/zephyr/tanjiro/modules/ec/common/gpio_commands.c.obj
[tanjiro:ro] [15/333] Building C object CMakeFiles/app.dir/mnt/host/source/src/platform/ec/zephyr/subsys/pd_controller/pdc_console.c.obj
[tanjiro:ro] [16/333] Building C object CMakeFiles/app.dir/mnt/host/source/src/platform/ec/zephyr/subsys/pd_controller/pdc_host_cmd.c.obj
[tanjiro:rw] [28/333] Building C object CMakeFiles/app.dir/mnt/host/source/src/platform/ec/build/zephyr/tanjiro/modules/ec/common/peripheral.c.obj
[tanjiro:ro] [17/333] Building C object CMakeFiles/app.dir/mnt/host/source/src/platform/ec/zephyr/subsys/pd_controller/pdc_stub.c.obj
[tanjiro:rw] [29/333] Building C object CMakeFiles/app.dir/mnt/host/source/src/platform/ec/build/zephyr/tanjiro/modules/ec/common/printf.c.obj
[tanjiro:ro] [18/333] Building C object CMakeFiles/app.dir/mnt/host/source/src/platform/ec/zephyr/subsys/pd_controller/pdc_dpm.c.obj
[tanjiro:ro] [19/333] Building C object CMakeFiles/app.dir/mnt/host/source/src/platform/ec/zephyr/subsys/ucsi/ppm_common.c.obj
[tanjiro:rw] [30/333] Building C object CMakeFiles/app.dir/mnt/host/source/src/platform/ec/build/zephyr/tanjiro/modules/ec/common/queue.c.obj
[tanjiro:ro] [20/333] Building C object CMakeFiles/app.dir/mnt/host/source/src/platform/ec/zephyr/subsys/ucsi/ppm_console.c.obj
[tanjiro:rw] [31/333] Building C object CMakeFiles/app.dir/mnt/host/source/src/platform/ec/build/zephyr/tanjiro/modules/ec/common/system.c.obj
[tanjiro:ro] [21/333] Building C object CMakeFiles/app.dir/mnt/host/source/src/platform/ec/zephyr/subsys/ucsi/ppm_driver.c.obj
[tanjiro:rw] [32/333] Building C object CMakeFiles/app.dir/mnt/host/source/src/platform/ec/build/zephyr/tanjiro/modules/ec/common/system_boot_time.c.obj
[fatcatrvp-ite:ro] -- Board: it8xxx2, qualifiers: it82002aw
[tanjiro:ro] [22/333] Building C object CMakeFiles/app.dir/mnt/host/source/src/platform/ec/zephyr/subsys/ucsi/ucsi_host_cmd.c.obj
[tanjiro:rw] [33/333] Building C object CMakeFiles/app.dir/mnt/host/source/src/platform/ec/build/zephyr/tanjiro/modules/ec/common/uart_printf.c.obj
[tanjiro:ro] [23/333] Building C object CMakeFiles/app.dir/mnt/host/source/src/platform/ec/build/zephyr/tanjiro/modules/ec/builtin/stdlib.c.obj
[tanjiro:rw] [34/333] Building C object CMakeFiles/app.dir/mnt/host/source/src/platform/ec/build/zephyr/tanjiro/modules/ec/common/util.c.obj
[tanjiro:ro] [24/333] Building C object CMakeFiles/app.dir/mnt/host/source/src/platform/ec/build/zephyr/tanjiro/modules/ec/common/base32.c.obj
[fatcatrvp-ite:rw] -- Board: it8xxx2, qualifiers: it82002aw
[tanjiro:rw] [35/333] Building C object CMakeFiles/app.dir/mnt/host/source/src/platform/ec/build/zephyr/tanjiro/modules/ec/common/version.c.obj
[tanjiro:ro] [25/333] Building C object CMakeFiles/app.dir/mnt/host/source/src/platform/ec/build/zephyr/tanjiro/modules/ec/common/console_output.c.obj
[tanjiro:ro] [26/333] Building C object CMakeFiles/app.dir/mnt/host/source/src/platform/ec/build/zephyr/tanjiro/modules/ec/common/ec_features.c.obj
[tanjiro:rw] [36/333] Building C object CMakeFiles/app.dir/mnt/host/source/src/platform/ec/build/zephyr/tanjiro/modules/ec/driver/accelgyro_bmi_common.c.obj
[tanjiro:ro] [27/333] Building C object CMakeFiles/app.dir/mnt/host/source/src/platform/ec/build/zephyr/tanjiro/modules/ec/common/gpio_commands.c.obj
[tanjiro:rw] [37/333] Building C object CMakeFiles/app.dir/mnt/host/source/src/platform/ec/build/zephyr/tanjiro/modules/ec/driver/accelgyro_bmi3xx.c.obj
[tanjiro:rw] [38/333] Building C object CMakeFiles/app.dir/mnt/host/source/src/platform/ec/build/zephyr/tanjiro/modules/ec/common/motion_sense_fifo.c.obj
[tanjiro:ro] [28/333] Building C object CMakeFiles/app.dir/mnt/host/source/src/platform/ec/build/zephyr/tanjiro/modules/ec/common/peripheral.c.obj
[tanjiro:rw] [39/333] Building C object CMakeFiles/app.dir/mnt/host/source/src/platform/ec/build/zephyr/tanjiro/modules/ec/common/adc.c.obj
[tanjiro:rw] [40/333] Building C object CMakeFiles/app.dir/mnt/host/source/src/platform/ec/build/zephyr/tanjiro/modules/ec/driver/als_tcs3400.c.obj
[tanjiro:ro] [29/333] Building C object CMakeFiles/app.dir/mnt/host/source/src/platform/ec/build/zephyr/tanjiro/modules/ec/common/printf.c.obj
[/mnt/host/source/src/platform/ec/build/zephyr/ptlgcs-lcov]   /mnt/host/source/src/platform/ec/build/zephyr/ptlgcs/build-ro/modules/ec/zephyr/CMakeFiles/ec_shim.dir/shim/src/thermal.c.gcno:no functions found
[/mnt/host/source/src/platform/ec/build/zephyr/ptlgcs-lcov] stderr:
[tanjiro:rw] [41/333] Building C object CMakeFiles/app.dir/mnt/host/source/src/platform/ec/build/zephyr/tanjiro/modules/ec/common/battery.c.obj
[tanjiro:rw] [42/333] Building C object CMakeFiles/app.dir/mnt/host/source/src/platform/ec/build/zephyr/tanjiro/modules/ec/common/battery_info.c.obj
[tanjiro:rw] [43/333] Building C object CMakeFiles/app.dir/mnt/host/source/src/platform/ec/build/zephyr/tanjiro/modules/ec/common/battery_fuel_gauge.c.obj
[tanjiro:ro] [30/333] Building C object CMakeFiles/app.dir/mnt/host/source/src/platform/ec/build/zephyr/tanjiro/modules/ec/common/queue.c.obj
[tanjiro:rw] [44/333] Building C object CMakeFiles/app.dir/mnt/host/source/src/platform/ec/build/zephyr/tanjiro/modules/ec/driver/battery/smart.c.obj
[tanjiro:ro] [31/333] Building C object CMakeFiles/app.dir/mnt/host/source/src/platform/ec/build/zephyr/tanjiro/modules/ec/common/system.c.obj
[tanjiro:rw] [45/333] Building C object CMakeFiles/app.dir/mnt/host/source/src/platform/ec/build/zephyr/tanjiro/modules/ec/driver/charger/bq25710.c.obj
[tanjiro:ro] [32/333] Building C object CMakeFiles/app.dir/mnt/host/source/src/platform/ec/build/zephyr/tanjiro/modules/ec/common/system_boot_time.c.obj
[tanjiro:ro] [33/333] Building C object CMakeFiles/app.dir/mnt/host/source/src/platform/ec/build/zephyr/tanjiro/modules/ec/common/uart_printf.c.obj
[tanjiro:ro] [34/333] Building C object CMakeFiles/app.dir/mnt/host/source/src/platform/ec/build/zephyr/tanjiro/modules/ec/common/util.c.obj
[tanjiro:rw] [46/333] Building C object CMakeFiles/app.dir/mnt/host/source/src/platform/ec/build/zephyr/tanjiro/modules/ec/common/charger.c.obj
[tanjiro:ro] [35/333] Building C object CMakeFiles/app.dir/mnt/host/source/src/platform/ec/build/zephyr/tanjiro/modules/ec/common/version.c.obj
[tanjiro:rw] [47/333] Building C object CMakeFiles/app.dir/mnt/host/source/src/platform/ec/build/zephyr/tanjiro/modules/ec/common/charge_state.c.obj
[tanjiro:rw] [48/333] Building C object CMakeFiles/app.dir/mnt/host/source/src/platform/ec/build/zephyr/tanjiro/modules/ec/common/charge_manager.c.obj
[tanjiro:ro] [36/333] Building C object CMakeFiles/app.dir/mnt/host/source/src/platform/ec/build/zephyr/tanjiro/modules/ec/driver/accelgyro_bmi_common.c.obj
[tanjiro:ro] [37/333] Building C object CMakeFiles/app.dir/mnt/host/source/src/platform/ec/build/zephyr/tanjiro/modules/ec/driver/accelgyro_bmi3xx.c.obj
[tanjiro:ro] [38/333] Building C object CMakeFiles/app.dir/mnt/host/source/src/platform/ec/build/zephyr/tanjiro/modules/ec/common/motion_sense_fifo.c.obj
[tanjiro:rw] [49/333] Building C object CMakeFiles/app.dir/mnt/host/source/src/platform/ec/build/zephyr/tanjiro/modules/ec/common/cbi_common.c.obj
[tanjiro:ro] [39/333] Building C object CMakeFiles/app.dir/mnt/host/source/src/platform/ec/build/zephyr/tanjiro/modules/ec/common/adc.c.obj
[tanjiro:rw] [50/333] Building C object CMakeFiles/app.dir/mnt/host/source/src/platform/ec/build/zephyr/tanjiro/modules/ec/common/cbi.c.obj
[tanjiro:ro] [40/333] Building C object CMakeFiles/app.dir/mnt/host/source/src/platform/ec/build/zephyr/tanjiro/modules/ec/driver/als_tcs3400.c.obj
[tanjiro:ro] [41/333] Building C object CMakeFiles/app.dir/mnt/host/source/src/platform/ec/build/zephyr/tanjiro/modules/ec/common/battery.c.obj
[tanjiro:rw] [51/333] Building C object CMakeFiles/app.dir/mnt/host/source/src/platform/ec/build/zephyr/tanjiro/modules/ec/common/cbi_config.c.obj
[tanjiro:rw] [52/333] Building C object CMakeFiles/app.dir/mnt/host/source/src/platform/ec/build/zephyr/tanjiro/modules/ec/common/memory_commands.c.obj
[tanjiro:rw] [53/333] Building C object CMakeFiles/app.dir/mnt/host/source/src/platform/ec/build/zephyr/tanjiro/modules/ec/common/chipset.c.obj
[tanjiro:ro] [42/333] Building C object CMakeFiles/app.dir/mnt/host/source/src/platform/ec/build/zephyr/tanjiro/modules/ec/common/battery_info.c.obj
[tanjiro:rw] [54/333] Building C object CMakeFiles/app.dir/mnt/host/source/src/platform/ec/build/zephyr/tanjiro/modules/ec/common/ap_reset_log.c.obj
[tanjiro:rw] [55/333] Building C object CMakeFiles/app.dir/mnt/host/source/src/platform/ec/build/zephyr/tanjiro/modules/ec/common/extpower_common.c.obj
[tanjiro:ro] [43/333] Building C object CMakeFiles/app.dir/mnt/host/source/src/platform/ec/build/zephyr/tanjiro/modules/ec/common/battery_fuel_gauge.c.obj
[tanjiro:rw] [56/333] Building C object CMakeFiles/app.dir/mnt/host/source/src/platform/ec/build/zephyr/tanjiro/modules/ec/common/extpower_gpio.c.obj
[tanjiro:ro] [44/333] Building C object CMakeFiles/app.dir/mnt/host/source/src/platform/ec/build/zephyr/tanjiro/modules/ec/driver/battery/smart.c.obj
[tanjiro:ro] [45/333] Building C object CMakeFiles/app.dir/mnt/host/source/src/platform/ec/build/zephyr/tanjiro/modules/ec/driver/charger/bq25710.c.obj
[tanjiro:rw] [57/333] Building C object CMakeFiles/app.dir/mnt/host/source/src/platform/ec/build/zephyr/tanjiro/modules/ec/common/flash.c.obj
[/mnt/host/source/src/platform/ec/build/zephyr/ptlgcs-lcov]   /mnt/host/source/src/platform/ec/build/zephyr/ptlgcs/build-ro/modules/ec/zephyr/CMakeFiles/ec_shim.dir/shim/src/battery.c.gcno:no functions found
[/mnt/host/source/src/platform/ec/build/zephyr/ptlgcs-lcov] stderr:
[tanjiro:ro] [46/333] Building C object CMakeFiles/app.dir/mnt/host/source/src/platform/ec/build/zephyr/tanjiro/modules/ec/common/charger.c.obj
[tanjiro:rw] [58/333] Building C object CMakeFiles/app.dir/mnt/host/source/src/platform/ec/build/zephyr/tanjiro/modules/ec/common/host_command.c.obj
[tanjiro:ro] [47/333] Building C object CMakeFiles/app.dir/mnt/host/source/src/platform/ec/build/zephyr/tanjiro/modules/ec/common/charge_state.c.obj
[tanjiro:ro] [48/333] Building C object CMakeFiles/app.dir/mnt/host/source/src/platform/ec/build/zephyr/tanjiro/modules/ec/common/charge_manager.c.obj
[tanjiro:rw] [59/333] Building C object CMakeFiles/app.dir/mnt/host/source/src/platform/ec/build/zephyr/tanjiro/modules/ec/common/host_event_commands.c.obj
[tanjiro:rw] [60/333] Building C object CMakeFiles/app.dir/mnt/host/source/src/platform/ec/build/zephyr/tanjiro/modules/ec/common/uart_hostcmd.c.obj
[tanjiro:ro] [49/333] Building C object CMakeFiles/app.dir/mnt/host/source/src/platform/ec/build/zephyr/tanjiro/modules/ec/common/cbi_common.c.obj
[tanjiro:rw] [61/333] Building C object CMakeFiles/app.dir/mnt/host/source/src/platform/ec/build/zephyr/tanjiro/modules/ec/common/uptime.c.obj
[tanjiro:ro] [50/333] Building C object CMakeFiles/app.dir/mnt/host/source/src/platform/ec/build/zephyr/tanjiro/modules/ec/common/cbi.c.obj
[tanjiro:rw] [62/333] Building C object CMakeFiles/app.dir/mnt/host/source/src/platform/ec/build/zephyr/tanjiro/modules/ec/common/i2c_controller.c.obj
[tanjiro:ro] [51/333] Building C object CMakeFiles/app.dir/mnt/host/source/src/platform/ec/build/zephyr/tanjiro/modules/ec/common/cbi_config.c.obj
[it8xxx2_evb:singleimage] -- Board: it8xxx2, qualifiers: it81302bx
[tanjiro:ro] [52/333] Building C object CMakeFiles/app.dir/mnt/host/source/src/platform/ec/build/zephyr/tanjiro/modules/ec/common/memory_commands.c.obj
[tanjiro:rw] [63/333] Building C object CMakeFiles/app.dir/mnt/host/source/src/platform/ec/build/zephyr/tanjiro/modules/ec/common/i2c_passthru.c.obj
[tanjiro:rw] [64/333] Building C object CMakeFiles/app.dir/mnt/host/source/src/platform/ec/build/zephyr/tanjiro/modules/ec/common/virtual_battery.c.obj
[tanjiro:ro] [53/333] Building C object CMakeFiles/app.dir/mnt/host/source/src/platform/ec/build/zephyr/tanjiro/modules/ec/common/chipset.c.obj
[tanjiro:rw] [65/333] Building C object CMakeFiles/app.dir/mnt/host/source/src/platform/ec/build/zephyr/tanjiro/modules/ec/common/keyboard_scan.c.obj
[adlrvp_npcx:ro] -- Board: npcx9, qualifiers: npcx9m7f
[tanjiro:rw] [66/333] Building C object CMakeFiles/app.dir/mnt/host/source/src/platform/ec/build/zephyr/tanjiro/modules/ec/common/mkbp_fifo.c.obj
[tanjiro:ro] [54/333] Building C object CMakeFiles/app.dir/mnt/host/source/src/platform/ec/build/zephyr/tanjiro/modules/ec/common/ap_reset_log.c.obj
[tanjiro:ro] [55/333] Building C object CMakeFiles/app.dir/mnt/host/source/src/platform/ec/build/zephyr/tanjiro/modules/ec/common/extpower_common.c.obj
[tanjiro:rw] [67/333] Building C object CMakeFiles/app.dir/mnt/host/source/src/platform/ec/build/zephyr/tanjiro/modules/ec/common/mkbp_info.c.obj
[tanjiro:ro] [56/333] Building C object CMakeFiles/app.dir/mnt/host/source/src/platform/ec/build/zephyr/tanjiro/modules/ec/common/extpower_gpio.c.obj
[tanjiro:ro] [57/333] Building C object CMakeFiles/app.dir/mnt/host/source/src/platform/ec/build/zephyr/tanjiro/modules/ec/common/flash.c.obj
[tanjiro:ro] [58/333] Building C object CMakeFiles/app.dir/mnt/host/source/src/platform/ec/build/zephyr/tanjiro/modules/ec/common/host_command.c.obj
[tanjiro:rw] [68/333] Building C object CMakeFiles/app.dir/mnt/host/source/src/platform/ec/build/zephyr/tanjiro/modules/ec/common/keyboard_mkbp.c.obj
[tanjiro:ro] [59/333] Building C object CMakeFiles/app.dir/mnt/host/source/src/platform/ec/build/zephyr/tanjiro/modules/ec/common/host_event_commands.c.obj
[tanjiro:rw] [69/333] Building C object CMakeFiles/app.dir/mnt/host/source/src/platform/ec/build/zephyr/tanjiro/modules/ec/common/mkbp_input_devices.c.obj
[tanjiro:ro] [60/333] Building C object CMakeFiles/app.dir/mnt/host/source/src/platform/ec/build/zephyr/tanjiro/modules/ec/common/uart_hostcmd.c.obj
[tanjiro:ro] [61/333] Building C object CMakeFiles/app.dir/mnt/host/source/src/platform/ec/build/zephyr/tanjiro/modules/ec/common/uptime.c.obj
[adlrvp_npcx:rw] -- Board: npcx9, qualifiers: npcx9m7f
[tanjiro:rw] [70/333] Building C object CMakeFiles/app.dir/mnt/host/source/src/platform/ec/build/zephyr/tanjiro/modules/ec/common/lid_switch.c.obj
[tanjiro:ro] [62/333] Building C object CMakeFiles/app.dir/mnt/host/source/src/platform/ec/build/zephyr/tanjiro/modules/ec/common/i2c_controller.c.obj
[tanjiro:rw] [71/333] Building C object CMakeFiles/app.dir/mnt/host/source/src/platform/ec/build/zephyr/tanjiro/modules/ec/common/mkbp_event.c.obj
[tanjiro:ro] [63/333] Building C object CMakeFiles/app.dir/mnt/host/source/src/platform/ec/build/zephyr/tanjiro/modules/ec/common/i2c_passthru.c.obj
[tanjiro:rw] [72/333] Building C object CMakeFiles/app.dir/mnt/host/source/src/platform/ec/build/zephyr/tanjiro/modules/ec/common/motion_sense.c.obj
[tanjiro:ro] [64/333] Building C object CMakeFiles/app.dir/mnt/host/source/src/platform/ec/build/zephyr/tanjiro/modules/ec/common/virtual_battery.c.obj
[tanjiro:rw] [73/333] Building C object CMakeFiles/app.dir/mnt/host/source/src/platform/ec/build/zephyr/tanjiro/modules/ec/common/power_button.c.obj
[tanjiro:ro] [65/333] Building C object CMakeFiles/app.dir/mnt/host/source/src/platform/ec/build/zephyr/tanjiro/modules/ec/common/keyboard_scan.c.obj
[telith:ro] -- Board: it8xxx2, qualifiers: it81302bx
[tanjiro:rw] [74/333] Building C object CMakeFiles/app.dir/mnt/host/source/src/platform/ec/build/zephyr/tanjiro/modules/ec/power/common.c.obj
[tanjiro:ro] [66/333] Building C object CMakeFiles/app.dir/mnt/host/source/src/platform/ec/build/zephyr/tanjiro/modules/ec/common/mkbp_fifo.c.obj
[tanjiro:rw] [75/333] Building C object CMakeFiles/app.dir/mnt/host/source/src/platform/ec/build/zephyr/tanjiro/modules/ec/power/host_sleep.c.obj
[lapis:rw] -- Found Dtc: /usr/bin/dtc (found suitable version "1.6.0", minimum required is "1.4.6")
[lapis:rw] -- Found BOARD.dts: /mnt/host/source/src/platform/ec/zephyr/boards/google/realtek/realtek_rts5912.dts
[lapis:ro] -- Found Dtc: /usr/bin/dtc (found suitable version "1.6.0", minimum required is "1.4.6")
[tanjiro:ro] [67/333] Building C object CMakeFiles/app.dir/mnt/host/source/src/platform/ec/build/zephyr/tanjiro/modules/ec/common/mkbp_info.c.obj
[lapis:ro] -- Found BOARD.dts: /mnt/host/source/src/platform/ec/zephyr/boards/google/realtek/realtek_rts5912.dts
[tanjiro:rw] [76/333] Building C object CMakeFiles/app.dir/mnt/host/source/src/platform/ec/build/zephyr/tanjiro/modules/ec/power/mt8186.c.obj
[tanjiro:ro] [68/333] Building C object CMakeFiles/app.dir/mnt/host/source/src/platform/ec/build/zephyr/tanjiro/modules/ec/common/keyboard_mkbp.c.obj
[tanjiro:rw] [77/333] Building C object CMakeFiles/app.dir/mnt/host/source/src/platform/ec/build/zephyr/tanjiro/modules/ec/common/panic_output.c.obj
[tanjiro:ro] [69/333] Building C object CMakeFiles/app.dir/mnt/host/source/src/platform/ec/build/zephyr/tanjiro/modules/ec/common/mkbp_input_devices.c.obj
[tanjiro:rw] [78/333] Building C object CMakeFiles/app.dir/mnt/host/source/src/platform/ec/build/zephyr/tanjiro/modules/ec/common/shared_mem.c.obj
[pirrha:ro] -- Found Dtc: /usr/bin/dtc (found suitable version "1.6.0", minimum required is "1.4.6")
[pirrha:ro] -- Found BOARD.dts: /mnt/host/source/src/platform/ec/zephyr/boards/google/it8xxx2/it8xxx2_it81302bx.dts
[pirrha:ro] -- Found devicetree overlay: /mnt/host/source/src/platform/ec/zephyr/program/nissa/pirrha/project.overlay
[tanjiro:ro] [70/333] Building C object CMakeFiles/app.dir/mnt/host/source/src/platform/ec/build/zephyr/tanjiro/modules/ec/common/lid_switch.c.obj
[tanjiro:rw] [79/333] Building C object CMakeFiles/app.dir/mnt/host/source/src/platform/ec/build/zephyr/tanjiro/modules/ec/common/switch.c.obj
[/mnt/host/source/src/platform/ec/build/zephyr/rull-lcov]   /mnt/host/source/src/platform/ec/build/zephyr/rull/build-rw/zephyr/CMakeFiles/zephyr.dir/lib/utils/last_section_id.c.gcno:no functions found
[/mnt/host/source/src/platform/ec/build/zephyr/rull-lcov] stderr:
[tanjiro:rw] [80/333] Building C object CMakeFiles/app.dir/mnt/host/source/src/platform/ec/build/zephyr/tanjiro/modules/ec/common/timer.c.obj
[tanjiro:ro] [71/333] Building C object CMakeFiles/app.dir/mnt/host/source/src/platform/ec/build/zephyr/tanjiro/modules/ec/common/mkbp_event.c.obj
[tanjiro:rw] [81/333] Building C object CMakeFiles/app.dir/mnt/host/source/src/platform/ec/build/zephyr/tanjiro/modules/ec/common/usbc_utils.c.obj
[tanjiro:ro] [72/333] Building C object CMakeFiles/app.dir/mnt/host/source/src/platform/ec/build/zephyr/tanjiro/modules/ec/common/motion_sense.c.obj
[tanjiro:rw] [82/333] Building C object CMakeFiles/app.dir/mnt/host/source/src/platform/ec/build/zephyr/tanjiro/modules/ec/common/usb_common.c.obj
[/mnt/host/source/src/platform/ec/build/zephyr/npcx9-lcov]   /mnt/host/source/src/platform/ec/build/zephyr/npcx9/build-ro/zephyr/CMakeFiles/zephyr.dir/subsys/shell/modules/kernel_service/kernel_shell.c.gcno:no functions found
[/mnt/host/source/src/platform/ec/build/zephyr/npcx9-lcov] stderr:
[tanjiro:ro] [73/333] Building C object CMakeFiles/app.dir/mnt/host/source/src/platform/ec/build/zephyr/tanjiro/modules/ec/common/power_button.c.obj
[tanjiro:rw] [83/333] Building C object CMakeFiles/app.dir/mnt/host/source/src/platform/ec/build/zephyr/tanjiro/modules/ec/common/chargen.c.obj
[tanjiro:ro] [74/333] Building C object CMakeFiles/app.dir/mnt/host/source/src/platform/ec/build/zephyr/tanjiro/modules/ec/power/common.c.obj
[tanjiro:rw] [84/333] Building C object CMakeFiles/app.dir/mnt/host/source/src/platform/ec/build/zephyr/tanjiro/modules/ec/common/usb_pd_host_cmd_common.c.obj
[tanjiro:ro] [75/333] Building C object CMakeFiles/app.dir/mnt/host/source/src/platform/ec/build/zephyr/tanjiro/modules/ec/power/host_sleep.c.obj
[tanjiro:rw] [85/333] Building C object CMakeFiles/app.dir/mnt/host/source/src/platform/ec/build/zephyr/tanjiro/modules/ec/common/vboot_hash.c.obj
[tanjiro:ro] [76/333] Building C object CMakeFiles/app.dir/mnt/host/source/src/platform/ec/build/zephyr/tanjiro/modules/ec/power/mt8186.c.obj
[tanjiro:rw] [86/333] Building C object CMakeFiles/app.dir/mnt/host/source/src/platform/ec/build/zephyr/tanjiro/modules/ec/common/button.c.obj
[tanjiro:ro] [77/333] Building C object CMakeFiles/app.dir/mnt/host/source/src/platform/ec/build/zephyr/tanjiro/modules/ec/common/panic_output.c.obj
[tanjiro:rw] [87/333] Building C object CMakeFiles/app.dir/mnt/host/source/src/platform/ec/build/zephyr/tanjiro/modules/ec/common/vboot/efs2.c.obj
[tanjiro:ro] [78/333] Building C object CMakeFiles/app.dir/mnt/host/source/src/platform/ec/build/zephyr/tanjiro/modules/ec/common/shared_mem.c.obj
[tanjiro:rw] [88/333] Building C object CMakeFiles/app.dir/mnt/host/source/src/platform/ec/build/zephyr/tanjiro/modules/ec/common/vstore.c.obj
[tanjiro:ro] [79/333] Building C object CMakeFiles/app.dir/mnt/host/source/src/platform/ec/build/zephyr/tanjiro/modules/ec/common/switch.c.obj
[tanjiro:rw] [89/333] Building C object CMakeFiles/app.dir/mnt/host/source/src/platform/ec/build/zephyr/tanjiro/modules/ec/common/math_util.c.obj
[tanjiro:ro] [80/333] Building C object CMakeFiles/app.dir/mnt/host/source/src/platform/ec/build/zephyr/tanjiro/modules/ec/common/timer.c.obj
[tanjiro:rw] [90/333] Building C object CMakeFiles/app.dir/mnt/host/source/src/platform/ec/build/zephyr/tanjiro/modules/ec/zephyr/program/tanjiro/src/dp_alt_mode.c.obj
[tanjiro:ro] [81/333] Building C object CMakeFiles/app.dir/mnt/host/source/src/platform/ec/build/zephyr/tanjiro/modules/ec/common/usbc_utils.c.obj
[tanjiro:rw] [91/333] Building C object CMakeFiles/app.dir/mnt/host/source/src/platform/ec/build/zephyr/tanjiro/modules/ec/zephyr/program/tanjiro/src/hibernate.c.obj
[tanjiro:ro] [82/333] Building C object CMakeFiles/app.dir/mnt/host/source/src/platform/ec/build/zephyr/tanjiro/modules/ec/common/usb_common.c.obj
[tanjiro:rw] [92/333] Building C object CMakeFiles/app.dir/mnt/host/source/src/platform/ec/build/zephyr/tanjiro/modules/ec/zephyr/program/tanjiro/src/hooks.c.obj
[tanjiro:ro] [83/333] Building C object CMakeFiles/app.dir/mnt/host/source/src/platform/ec/build/zephyr/tanjiro/modules/ec/common/chargen.c.obj
[tanjiro:rw] [93/333] Building C object CMakeFiles/app.dir/mnt/host/source/src/platform/ec/build/zephyr/tanjiro/modules/ec/zephyr/program/tanjiro/src/i2c.c.obj
[tanjiro:ro] [84/333] Building C object CMakeFiles/app.dir/mnt/host/source/src/platform/ec/build/zephyr/tanjiro/modules/ec/common/usb_pd_host_cmd_common.c.obj
[/mnt/host/source/src/platform/ec/build/zephyr/npcx9-lcov]   /mnt/host/source/src/platform/ec/build/zephyr/npcx9/build-ro/zephyr/CMakeFiles/zephyr.dir/lib/libc/validate_libc.c.gcno:no functions found
[/mnt/host/source/src/platform/ec/build/zephyr/npcx9-lcov] stderr:
[/mnt/host/source/src/platform/ec/build/zephyr/pujjolo-lcov]   /mnt/host/source/src/platform/ec/build/zephyr/pujjolo/build-ro/modules/ec/zephyr/drivers/dsp_comms/CMakeFiles/dsp_comms.proto.nanopb.dir/dsp_comms.proto/nanopb/proto/ec_dsp.pb.c.gcno:no functions found
[/mnt/host/source/src/platform/ec/build/zephyr/pujjolo-lcov] stderr:
[tanjiro:ro] [85/333] Building C object CMakeFiles/app.dir/mnt/host/source/src/platform/ec/build/zephyr/tanjiro/modules/ec/common/vboot_hash.c.obj
[tanjiro:ro] [86/333] Building C object CMakeFiles/app.dir/mnt/host/source/src/platform/ec/build/zephyr/tanjiro/modules/ec/common/button.c.obj
[tanjiro:ro] [87/333] Building C object CMakeFiles/app.dir/mnt/host/source/src/platform/ec/build/zephyr/tanjiro/modules/ec/common/vboot/efs2.c.obj
[tanjiro:ro] [88/333] Building C object CMakeFiles/app.dir/mnt/host/source/src/platform/ec/build/zephyr/tanjiro/modules/ec/common/vstore.c.obj
[tanjiro:ro] [89/333] Building C object CMakeFiles/app.dir/mnt/host/source/src/platform/ec/build/zephyr/tanjiro/modules/ec/common/math_util.c.obj
[tanjiro:ro] [90/333] Building C object CMakeFiles/app.dir/mnt/host/source/src/platform/ec/build/zephyr/tanjiro/modules/ec/zephyr/program/tanjiro/src/dp_alt_mode.c.obj
[tanjiro:ro] [91/333] Building C object CMakeFiles/app.dir/mnt/host/source/src/platform/ec/build/zephyr/tanjiro/modules/ec/zephyr/program/tanjiro/src/hibernate.c.obj
[pirrha:rw] -- Found Dtc: /usr/bin/dtc (found suitable version "1.6.0", minimum required is "1.4.6")
[pirrha:rw] -- Found BOARD.dts: /mnt/host/source/src/platform/ec/zephyr/boards/google/it8xxx2/it8xxx2_it81302bx.dts
[pirrha:rw] -- Found devicetree overlay: /mnt/host/source/src/platform/ec/zephyr/program/nissa/pirrha/project.overlay
[tanjiro:ro] [92/333] Building C object CMakeFiles/app.dir/mnt/host/source/src/platform/ec/build/zephyr/tanjiro/modules/ec/zephyr/program/tanjiro/src/hooks.c.obj
[tanjiro:rw] [94/333] Linking C static library app/libapp.a
[tanjiro:rw] [95/333] Building C object zephyr/CMakeFiles/zephyr.dir/lib/libc/validate_libc.c.obj
[tanjiro:ro] [93/333] Building C object CMakeFiles/app.dir/mnt/host/source/src/platform/ec/build/zephyr/tanjiro/modules/ec/zephyr/program/tanjiro/src/i2c.c.obj
[tanjiro:rw] [96/333] Building C object zephyr/CMakeFiles/zephyr.dir/lib/heap/heap.c.obj
[tanjiro:rw] [97/333] Building C object zephyr/CMakeFiles/zephyr.dir/lib/os/cbprintf_packaged.c.obj
[tanjiro:rw] [98/333] Building C object zephyr/CMakeFiles/zephyr.dir/lib/os/clock.c.obj
[tanjiro:rw] [99/333] Building C object zephyr/CMakeFiles/zephyr.dir/lib/os/printk.c.obj
[tanjiro:rw] [100/333] Building C object zephyr/CMakeFiles/zephyr.dir/lib/os/sem.c.obj
[tanjiro:rw] [101/333] Building C object zephyr/CMakeFiles/zephyr.dir/lib/os/thread_entry.c.obj
[tanjiro:rw] [102/333] Building C object zephyr/CMakeFiles/zephyr.dir/lib/os/cbprintf_nano.c.obj
[tanjiro:rw] [103/333] Building C object zephyr/CMakeFiles/zephyr.dir/lib/os/cbprintf.c.obj
[tanjiro:rw] [104/333] Building C object zephyr/CMakeFiles/zephyr.dir/lib/os/assert.c.obj
[tanjiro:rw] [105/333] Building C object zephyr/CMakeFiles/zephyr.dir/lib/utils/dec.c.obj
[tanjiro:rw] [106/333] Building C object zephyr/CMakeFiles/zephyr.dir/lib/utils/hex.c.obj
[tanjiro:rw] [107/333] Building C object zephyr/CMakeFiles/zephyr.dir/lib/utils/rb.c.obj
[tanjiro:rw] [108/333] Building C object zephyr/CMakeFiles/zephyr.dir/lib/utils/timeutil.c.obj
[fatcatrvp-ite:ro] -- Found Dtc: /usr/bin/dtc (found suitable version "1.6.0", minimum required is "1.4.6")
[tanjiro:rw] [109/333] Building C object zephyr/CMakeFiles/zephyr.dir/lib/utils/bitarray.c.obj
[fatcatrvp-ite:ro] -- Found BOARD.dts: /mnt/host/source/src/platform/ec/zephyr/boards/google/it8xxx2/it8xxx2_it82002aw.dts
[fatcatrvp-ite:ro] -- Found devicetree overlay: /mnt/host/source/src/platform/ec/zephyr/program/fatcat/fatcatrvp-ite/project.overlay
[tanjiro:rw] [110/333] Building C object zephyr/CMakeFiles/zephyr.dir/lib/utils/bitmask.c.obj
[tanjiro:rw] [111/333] Building C object zephyr/CMakeFiles/zephyr.dir/lib/utils/getopt/getopt.c.obj
[tanjiro:ro] [94/333] Linking C static library app/libapp.a
[tanjiro:rw] [112/333] Building C object zephyr/CMakeFiles/zephyr.dir/lib/utils/getopt/getopt_common.c.obj
[tanjiro:ro] [95/333] Building C object zephyr/CMakeFiles/zephyr.dir/lib/libc/validate_libc.c.obj
[tanjiro:rw] [113/333] Building C object zephyr/CMakeFiles/zephyr.dir/lib/utils/ring_buffer.c.obj
[tanjiro:ro] [96/333] Building C object zephyr/CMakeFiles/zephyr.dir/lib/heap/heap.c.obj
[tanjiro:rw] [114/333] Building C object zephyr/CMakeFiles/zephyr.dir/lib/utils/last_section_id.c.obj
[tanjiro:ro] [97/333] Building C object zephyr/CMakeFiles/zephyr.dir/lib/os/cbprintf_packaged.c.obj
[tanjiro:rw] [115/333] Building C object zephyr/CMakeFiles/zephyr.dir/misc/generated/configs.c.obj
[tanjiro:ro] [98/333] Building C object zephyr/CMakeFiles/zephyr.dir/lib/os/clock.c.obj
[tanjiro:ro] [99/333] Building C object zephyr/CMakeFiles/zephyr.dir/lib/os/printk.c.obj
[tanjiro:ro] [100/333] Building C object zephyr/CMakeFiles/zephyr.dir/lib/os/sem.c.obj
[fatcatrvp-ite:rw] -- Found Dtc: /usr/bin/dtc (found suitable version "1.6.0", minimum required is "1.4.6")
[tanjiro:ro] [101/333] Building C object zephyr/CMakeFiles/zephyr.dir/lib/os/thread_entry.c.obj
[fatcatrvp-ite:rw] -- Found BOARD.dts: /mnt/host/source/src/platform/ec/zephyr/boards/google/it8xxx2/it8xxx2_it82002aw.dts
[fatcatrvp-ite:rw] -- Found devicetree overlay: /mnt/host/source/src/platform/ec/zephyr/program/fatcat/fatcatrvp-ite/project.overlay
[tanjiro:ro] [102/333] Building C object zephyr/CMakeFiles/zephyr.dir/lib/os/cbprintf_nano.c.obj
[tanjiro:ro] [103/333] Building C object zephyr/CMakeFiles/zephyr.dir/lib/os/cbprintf.c.obj
[tanjiro:ro] [104/333] Building C object zephyr/CMakeFiles/zephyr.dir/lib/os/assert.c.obj
[tanjiro:ro] [105/333] Building C object zephyr/CMakeFiles/zephyr.dir/lib/utils/dec.c.obj
[tanjiro:ro] [106/333] Building C object zephyr/CMakeFiles/zephyr.dir/lib/utils/hex.c.obj
[tanjiro:ro] [107/333] Building C object zephyr/CMakeFiles/zephyr.dir/lib/utils/rb.c.obj
[tanjiro:ro] [108/333] Building C object zephyr/CMakeFiles/zephyr.dir/lib/utils/timeutil.c.obj
[tanjiro:ro] [109/333] Building C object zephyr/CMakeFiles/zephyr.dir/lib/utils/bitarray.c.obj
[tanjiro:ro] [110/333] Building C object zephyr/CMakeFiles/zephyr.dir/lib/utils/bitmask.c.obj
[tanjiro:ro] [111/333] Building C object zephyr/CMakeFiles/zephyr.dir/lib/utils/getopt/getopt.c.obj
[tanjiro:ro] [112/333] Building C object zephyr/CMakeFiles/zephyr.dir/lib/utils/getopt/getopt_common.c.obj
[tanjiro:ro] [113/333] Building C object zephyr/CMakeFiles/zephyr.dir/lib/utils/ring_buffer.c.obj
[tanjiro:ro] [114/333] Building C object zephyr/CMakeFiles/zephyr.dir/lib/utils/last_section_id.c.obj
[tanjiro:ro] [115/333] Building C object zephyr/CMakeFiles/zephyr.dir/misc/generated/configs.c.obj
[tanjiro:rw] [116/333] Building ASM object zephyr/CMakeFiles/zephyr.dir/soc/ite/ec/common/soc_irq.S.obj
[tanjiro:rw] [117/333] Building C object zephyr/CMakeFiles/zephyr.dir/soc/ite/ec/common/soc_common_irq.c.obj
[tanjiro:rw] [118/333] Building C object zephyr/CMakeFiles/zephyr.dir/soc/ite/ec/common/power.c.obj
[tanjiro:rw] [119/333] Building C object zephyr/CMakeFiles/zephyr.dir/soc/ite/ec/common/policy.c.obj
[tanjiro:rw] [120/333] Building C object zephyr/CMakeFiles/zephyr.dir/soc/ite/ec/it8xxx2/soc.c.obj
[tanjiro:rw] [121/333] Building C object zephyr/CMakeFiles/zephyr.dir/soc/ite/ec/it8xxx2/check_regs.c.obj
[it8xxx2_evb:singleimage] -- Found Dtc: /usr/bin/dtc (found suitable version "1.6.0", minimum required is "1.4.6")
[it8xxx2_evb:singleimage] -- Found BOARD.dts: /mnt/host/source/src/platform/ec/zephyr/boards/google/it8xxx2/it8xxx2_it81302bx.dts
[it8xxx2_evb:singleimage] -- Found devicetree overlay: /mnt/host/source/src/platform/ec/zephyr/program/it8xxx2_evb/it8xxx2_evb/project.overlay
[tanjiro:ro] [116/333] Building ASM object zephyr/CMakeFiles/zephyr.dir/soc/ite/ec/common/soc_irq.S.obj
[lapis:rw] -- Found devicetree overlay: /mnt/host/source/src/platform/ec/zephyr/program/fatcat/lapis/project.overlay
[lapis:rw] -- Generated zephyr.dts: /mnt/host/source/src/platform/ec/build/zephyr/lapis/build-rw/zephyr/zephyr.dts
[tanjiro:ro] [117/333] Building C object zephyr/CMakeFiles/zephyr.dir/soc/ite/ec/common/soc_common_irq.c.obj
[tanjiro:ro] [118/333] Building C object zephyr/CMakeFiles/zephyr.dir/soc/ite/ec/common/power.c.obj
[lapis:ro] -- Found devicetree overlay: /mnt/host/source/src/platform/ec/zephyr/program/fatcat/lapis/project.overlay
[lapis:ro] -- Generated zephyr.dts: /mnt/host/source/src/platform/ec/build/zephyr/lapis/build-ro/zephyr/zephyr.dts
[tanjiro:rw] [122/333] Building ASM object zephyr/CMakeFiles/zephyr.dir/soc/ite/ec/it8xxx2/vector.S.obj
[tanjiro:ro] [119/333] Building C object zephyr/CMakeFiles/zephyr.dir/soc/ite/ec/common/policy.c.obj
[adlrvp_npcx:rw] -- Found Dtc: /usr/bin/dtc (found suitable version "1.6.0", minimum required is "1.4.6")
[tanjiro:rw] [123/333] Building C object zephyr/CMakeFiles/zephyr.dir/soc/ite/ec/it8xxx2/ilm.c.obj
[tanjiro:ro] [120/333] Building C object zephyr/CMakeFiles/zephyr.dir/soc/ite/ec/it8xxx2/soc.c.obj
[adlrvp_npcx:rw] -- Found BOARD.dts: /mnt/host/source/src/platform/ec/zephyr/boards/google/npcx9/npcx9_npcx9m7f.dts
[adlrvp_npcx:rw] -- Found devicetree overlay: /mnt/host/source/src/platform/ec/zephyr/program/intelrvp/adlrvp/battery.dts
[adlrvp_npcx:rw] -- Found devicetree overlay: /mnt/host/source/src/platform/ec/zephyr/program/intelrvp/adlrvp/ioex.dts
[adlrvp_npcx:rw] -- Found devicetree overlay: /mnt/host/source/src/platform/ec/zephyr/program/intelrvp/adlrvp/adlrvp_npcx/adlrvp_npcx.dts
[adlrvp_npcx:rw] -- Found devicetree overlay: /mnt/host/source/src/platform/ec/zephyr/program/intelrvp/adlrvp/adlrvp_npcx/fan.dts
[adlrvp_npcx:rw] -- Found devicetree overlay: /mnt/host/source/src/platform/ec/zephyr/program/intelrvp/adlrvp/adlrvp_npcx/gpio.dts
[adlrvp_npcx:rw] -- Found devicetree overlay: /mnt/host/source/src/platform/ec/zephyr/program/intelrvp/adlrvp/adlrvp_npcx/interrupts.dts
[adlrvp_npcx:rw] -- Found devicetree overlay: /mnt/host/source/src/platform/ec/zephyr/program/intelrvp/adlrvp/adlrvp_npcx/keyboard.dts
[adlrvp_npcx:rw] -- Found devicetree overlay: /mnt/host/source/src/platform/ec/zephyr/program/intelrvp/adlrvp/adlrvp_npcx/temp_sensor.dts
[adlrvp_npcx:rw] -- Found devicetree overlay: /mnt/host/source/src/platform/ec/zephyr/program/intelrvp/adlrvp/adlrvp_npcx/usbc.dts
[adlrvp_npcx:rw] -- Found devicetree overlay: /mnt/host/source/src/platform/ec/zephyr/program/intelrvp/adlrvp/adlrvp_npcx/pwm_leds.dts
[tanjiro:rw] [124/333] Building C object zephyr/CMakeFiles/zephyr.dir/subsys/logging/log_minimal.c.obj
[telith:ro] -- Found Dtc: /usr/bin/dtc (found suitable version "1.6.0", minimum required is "1.4.6")
[tanjiro:ro] [121/333] Building C object zephyr/CMakeFiles/zephyr.dir/soc/ite/ec/it8xxx2/check_regs.c.obj
[adlrvp_npcx:ro] -- Found Dtc: /usr/bin/dtc (found suitable version "1.6.0", minimum required is "1.4.6")
[adlrvp_npcx:ro] -- Found BOARD.dts: /mnt/host/source/src/platform/ec/zephyr/boards/google/npcx9/npcx9_npcx9m7f.dts
[tanjiro:rw] [125/333] Building C object zephyr/CMakeFiles/zephyr.dir/subsys/pm/pm.c.obj
[adlrvp_npcx:ro] -- Found devicetree overlay: /mnt/host/source/src/platform/ec/zephyr/program/intelrvp/adlrvp/battery.dts
[adlrvp_npcx:ro] -- Found devicetree overlay: /mnt/host/source/src/platform/ec/zephyr/program/intelrvp/adlrvp/ioex.dts
[adlrvp_npcx:ro] -- Found devicetree overlay: /mnt/host/source/src/platform/ec/zephyr/program/intelrvp/adlrvp/adlrvp_npcx/adlrvp_npcx.dts
[adlrvp_npcx:ro] -- Found devicetree overlay: /mnt/host/source/src/platform/ec/zephyr/program/intelrvp/adlrvp/adlrvp_npcx/fan.dts
[adlrvp_npcx:ro] -- Found devicetree overlay: /mnt/host/source/src/platform/ec/zephyr/program/intelrvp/adlrvp/adlrvp_npcx/gpio.dts
[adlrvp_npcx:ro] -- Found devicetree overlay: /mnt/host/source/src/platform/ec/zephyr/program/intelrvp/adlrvp/adlrvp_npcx/interrupts.dts
[adlrvp_npcx:ro] -- Found devicetree overlay: /mnt/host/source/src/platform/ec/zephyr/program/intelrvp/adlrvp/adlrvp_npcx/keyboard.dts
[adlrvp_npcx:ro] -- Found devicetree overlay: /mnt/host/source/src/platform/ec/zephyr/program/intelrvp/adlrvp/adlrvp_npcx/temp_sensor.dts
[adlrvp_npcx:ro] -- Found devicetree overlay: /mnt/host/source/src/platform/ec/zephyr/program/intelrvp/adlrvp/adlrvp_npcx/usbc.dts
[adlrvp_npcx:ro] -- Found devicetree overlay: /mnt/host/source/src/platform/ec/zephyr/program/intelrvp/adlrvp/adlrvp_npcx/pwm_leds.dts
[telith:ro] -- Found BOARD.dts: /mnt/host/source/src/platform/ec/zephyr/boards/google/it8xxx2/it8xxx2_it81302bx.dts
[tanjiro:rw] [126/333] Building C object zephyr/CMakeFiles/zephyr.dir/subsys/pm/state.c.obj
[/mnt/host/source/src/platform/ec/build/zephyr/npcx9-lcov]   /mnt/host/source/src/platform/ec/build/zephyr/npcx9/build-ro/zephyr/CMakeFiles/zephyr.dir/lib/utils/last_section_id.c.gcno:no functions found
[/mnt/host/source/src/platform/ec/build/zephyr/npcx9-lcov] stderr:
[tanjiro:rw] [127/333] Building C object zephyr/CMakeFiles/zephyr.dir/subsys/pm/policy/policy_events.c.obj
[tanjiro:rw] [128/333] Building C object zephyr/CMakeFiles/zephyr.dir/subsys/pm/policy/policy_latency.c.obj
[tanjiro:rw] [129/333] Building C object zephyr/CMakeFiles/zephyr.dir/subsys/pm/policy/policy_state_lock.c.obj
[tanjiro:rw] [130/333] Building C object zephyr/CMakeFiles/zephyr.dir/subsys/pm/device.c.obj
[tanjiro:rw] [131/333] Building C object zephyr/CMakeFiles/zephyr.dir/subsys/pm/device_system_managed.c.obj
[tanjiro:rw] [132/333] Building C object zephyr/CMakeFiles/zephyr.dir/subsys/testsuite/coverage/coverage.c.obj
[/mnt/host/source/src/platform/ec/build/zephyr/ptlgcs-lcov]   /mnt/host/source/src/platform/ec/build/zephyr/ptlgcs/build-ro/modules/ec/zephyr/CMakeFiles/ec_shim.dir/shim/src/charger.c.gcno:no functions found
[/mnt/host/source/src/platform/ec/build/zephyr/ptlgcs-lcov] stderr:
[tanjiro:rw] [133/333] Building C object zephyr/CMakeFiles/zephyr.dir/subsys/tracing/tracing_none.c.obj
[tanjiro:rw] [134/333] Building C object zephyr/CMakeFiles/zephyr.dir/subsys/shell/modules/kernel_service/kernel_shell.c.obj
[tanjiro:rw] [135/333] Building C object zephyr/CMakeFiles/zephyr.dir/subsys/shell/modules/kernel_service/cycles.c.obj
[tanjiro:rw] [136/333] Building C object zephyr/CMakeFiles/zephyr.dir/subsys/shell/modules/kernel_service/sleep.c.obj
[pirrha:ro] -- Generated zephyr.dts: /mnt/host/source/src/platform/ec/build/zephyr/pirrha/build-ro/zephyr/zephyr.dts
[tanjiro:rw] [137/333] Building C object zephyr/CMakeFiles/zephyr.dir/subsys/shell/modules/kernel_service/uptime.c.obj
[tanjiro:rw] [138/333] Building C object zephyr/CMakeFiles/zephyr.dir/subsys/shell/modules/kernel_service/version.c.obj
[tanjiro:rw] [139/333] Building C object zephyr/CMakeFiles/zephyr.dir/subsys/shell/modules/kernel_service/thread/thread.c.obj
[tanjiro:rw] [140/333] Building C object zephyr/CMakeFiles/zephyr.dir/subsys/shell/modules/kernel_service/thread/list.c.obj
[tanjiro:rw] [141/333] Building C object zephyr/CMakeFiles/zephyr.dir/subsys/shell/modules/kernel_service/thread/stacks.c.obj
[tanjiro:rw] [142/333] Building C object zephyr/CMakeFiles/zephyr.dir/subsys/shell/modules/kernel_service/thread/unwind.c.obj
[tanjiro:rw] [143/333] Building C object zephyr/CMakeFiles/zephyr.dir/subsys/shell/modules/kernel_service/thread/suspend.c.obj
[tanjiro:rw] [144/333] Building C object zephyr/CMakeFiles/zephyr.dir/subsys/shell/modules/kernel_service/thread/resume.c.obj
[tanjiro:ro] [122/333] Building ASM object zephyr/CMakeFiles/zephyr.dir/soc/ite/ec/it8xxx2/vector.S.obj
[tanjiro:ro] [123/333] Building C object zephyr/CMakeFiles/zephyr.dir/soc/ite/ec/it8xxx2/ilm.c.obj
[tanjiro:rw] [145/333] Building C object zephyr/CMakeFiles/zephyr.dir/subsys/shell/modules/kernel_service/thread/kill.c.obj
[tanjiro:ro] [124/333] Building C object zephyr/CMakeFiles/zephyr.dir/subsys/logging/log_minimal.c.obj
[tanjiro:rw] [146/333] Building C object zephyr/CMakeFiles/zephyr.dir/subsys/shell/backends/shell_uart.c.obj
[lapis:ro] -- Generated pickled edt: /mnt/host/source/src/platform/ec/build/zephyr/lapis/build-ro/zephyr/edt.pickle
[lapis:ro] -- Generated devicetree_generated.h: /mnt/host/source/src/platform/ec/build/zephyr/lapis/build-ro/zephyr/include/generated/zephyr/devicetree_generated.h
[tanjiro:ro] [125/333] Building C object zephyr/CMakeFiles/zephyr.dir/subsys/pm/pm.c.obj
[tanjiro:ro] [126/333] Building C object zephyr/CMakeFiles/zephyr.dir/subsys/pm/state.c.obj
[tanjiro:rw] [147/333] Building C object zephyr/CMakeFiles/zephyr.dir/subsys/shell/shell.c.obj
[tanjiro:ro] [127/333] Building C object zephyr/CMakeFiles/zephyr.dir/subsys/pm/policy/policy_events.c.obj
[tanjiro:rw] [148/333] Building C object zephyr/CMakeFiles/zephyr.dir/subsys/shell/shell_fprintf.c.obj
[tanjiro:ro] [128/333] Building C object zephyr/CMakeFiles/zephyr.dir/subsys/pm/policy/policy_latency.c.obj
[lapis:rw] -- Generated pickled edt: /mnt/host/source/src/platform/ec/build/zephyr/lapis/build-rw/zephyr/edt.pickle
[lapis:rw] -- Generated devicetree_generated.h: /mnt/host/source/src/platform/ec/build/zephyr/lapis/build-rw/zephyr/include/generated/zephyr/devicetree_generated.h
[tanjiro:rw] [149/333] Building C object zephyr/CMakeFiles/zephyr.dir/subsys/shell/shell_utils.c.obj
[tanjiro:ro] [129/333] Building C object zephyr/CMakeFiles/zephyr.dir/subsys/pm/policy/policy_state_lock.c.obj
[tanjiro:rw] [150/333] Building C object zephyr/CMakeFiles/zephyr.dir/subsys/shell/shell_ops.c.obj
[tanjiro:ro] [130/333] Building C object zephyr/CMakeFiles/zephyr.dir/subsys/pm/device.c.obj
[tanjiro:ro] [131/333] Building C object zephyr/CMakeFiles/zephyr.dir/subsys/pm/device_system_managed.c.obj
[tanjiro:ro] [132/333] Building C object zephyr/CMakeFiles/zephyr.dir/subsys/testsuite/coverage/coverage.c.obj
[tanjiro:rw] [151/333] Building C object zephyr/CMakeFiles/zephyr.dir/subsys/shell/shell_help.c.obj
[tanjiro:ro] [133/333] Building C object zephyr/CMakeFiles/zephyr.dir/subsys/tracing/tracing_none.c.obj
[tanjiro:rw] [152/333] Building C object zephyr/CMakeFiles/zephyr.dir/subsys/shell/shell_history.c.obj
[tanjiro:ro] [134/333] Building C object zephyr/CMakeFiles/zephyr.dir/subsys/shell/modules/kernel_service/kernel_shell.c.obj
[tanjiro:rw] [153/333] Building C object zephyr/CMakeFiles/zephyr.dir/drivers/flash/flash_util.c.obj
[tanjiro:ro] [135/333] Building C object zephyr/CMakeFiles/zephyr.dir/subsys/shell/modules/kernel_service/cycles.c.obj
[tanjiro:ro] [136/333] Building C object zephyr/CMakeFiles/zephyr.dir/subsys/shell/modules/kernel_service/sleep.c.obj
[tanjiro:ro] [137/333] Building C object zephyr/CMakeFiles/zephyr.dir/subsys/shell/modules/kernel_service/uptime.c.obj
[tanjiro:ro] [138/333] Building C object zephyr/CMakeFiles/zephyr.dir/subsys/shell/modules/kernel_service/version.c.obj
[tanjiro:ro] [139/333] Building C object zephyr/CMakeFiles/zephyr.dir/subsys/shell/modules/kernel_service/thread/thread.c.obj
[tanjiro:ro] [140/333] Building C object zephyr/CMakeFiles/zephyr.dir/subsys/shell/modules/kernel_service/thread/list.c.obj
[tanjiro:rw] [154/333] Linking C static library zephyr/libzephyr.a
[tanjiro:ro] [141/333] Building C object zephyr/CMakeFiles/zephyr.dir/subsys/shell/modules/kernel_service/thread/stacks.c.obj
[pirrha:ro] -- Generated pickled edt: /mnt/host/source/src/platform/ec/build/zephyr/pirrha/build-ro/zephyr/edt.pickle
[pirrha:ro] -- Generated devicetree_generated.h: /mnt/host/source/src/platform/ec/build/zephyr/pirrha/build-ro/zephyr/include/generated/zephyr/devicetree_generated.h
[tanjiro:rw] [155/333] Building C object zephyr/arch/common/CMakeFiles/arch__common.dir/sw_isr_common.c.obj
[tanjiro:ro] [142/333] Building C object zephyr/CMakeFiles/zephyr.dir/subsys/shell/modules/kernel_service/thread/unwind.c.obj
[tanjiro:rw] [156/333] Building C object zephyr/arch/common/CMakeFiles/arch__common.dir/dynamic_isr.c.obj
[tanjiro:ro] [143/333] Building C object zephyr/CMakeFiles/zephyr.dir/subsys/shell/modules/kernel_service/thread/suspend.c.obj
[tanjiro:rw] [157/333] Building C object zephyr/arch/common/CMakeFiles/arch__common.dir/init.c.obj
[tanjiro:rw] [158/333] Building C object zephyr/arch/common/CMakeFiles/arch__common.dir/xip.c.obj
[tanjiro:ro] [144/333] Building C object zephyr/CMakeFiles/zephyr.dir/subsys/shell/modules/kernel_service/thread/resume.c.obj
[tanjiro:rw] [159/333] Building C object zephyr/arch/common/CMakeFiles/isr_tables.dir/isr_tables.c.obj
[tanjiro:ro] [145/333] Building C object zephyr/CMakeFiles/zephyr.dir/subsys/shell/modules/kernel_service/thread/kill.c.obj
[tanjiro:ro] [146/333] Building C object zephyr/CMakeFiles/zephyr.dir/subsys/shell/backends/shell_uart.c.obj
[tanjiro:rw] [160/333] Linking C static library zephyr/arch/common/libisr_tables.a
[tanjiro:ro] [147/333] Building C object zephyr/CMakeFiles/zephyr.dir/subsys/shell/shell.c.obj
[pirrha:rw] -- Generated zephyr.dts: /mnt/host/source/src/platform/ec/build/zephyr/pirrha/build-rw/zephyr/zephyr.dts
[pirrha:rw] -- Generated pickled edt: /mnt/host/source/src/platform/ec/build/zephyr/pirrha/build-rw/zephyr/edt.pickle
[tanjiro:ro] [148/333] Building C object zephyr/CMakeFiles/zephyr.dir/subsys/shell/shell_fprintf.c.obj
[tanjiro:rw] [161/333] Linking C static library zephyr/arch/common/libarch__common.a
[tanjiro:ro] [149/333] Building C object zephyr/CMakeFiles/zephyr.dir/subsys/shell/shell_utils.c.obj
[tanjiro:rw] [162/333] Building C object zephyr/arch/arch/riscv/core/CMakeFiles/arch__riscv__core.dir/cpu_idle.c.obj
[tanjiro:rw] [163/333] Building C object zephyr/arch/arch/riscv/core/CMakeFiles/arch__riscv__core.dir/fatal.c.obj
[tanjiro:rw] [164/333] Building C object zephyr/arch/arch/riscv/core/CMakeFiles/arch__riscv__core.dir/irq_manage.c.obj
[tanjiro:ro] [150/333] Building C object zephyr/CMakeFiles/zephyr.dir/subsys/shell/shell_ops.c.obj
[tanjiro:ro] [151/333] Building C object zephyr/CMakeFiles/zephyr.dir/subsys/shell/shell_help.c.obj
[tanjiro:rw] [165/333] Building C object zephyr/arch/arch/riscv/core/CMakeFiles/arch__riscv__core.dir/prep_c.c.obj
[tanjiro:ro] [152/333] Building C object zephyr/CMakeFiles/zephyr.dir/subsys/shell/shell_history.c.obj
[tanjiro:rw] [166/333] Building C object zephyr/arch/arch/riscv/core/CMakeFiles/arch__riscv__core.dir/reboot.c.obj
[tanjiro:ro] [153/333] Building C object zephyr/CMakeFiles/zephyr.dir/drivers/flash/flash_util.c.obj
[fatcatrvp-ite:ro] -- Generated zephyr.dts: /mnt/host/source/src/platform/ec/build/zephyr/fatcatrvp-ite/build-ro/zephyr/zephyr.dts
[tanjiro:ro] [154/333] Linking C static library zephyr/libzephyr.a
[tanjiro:ro] [155/333] Building C object zephyr/arch/common/CMakeFiles/arch__common.dir/sw_isr_common.c.obj
[tanjiro:ro] [156/333] Building C object zephyr/arch/common/CMakeFiles/arch__common.dir/dynamic_isr.c.obj
[fatcatrvp-ite:rw] -- Generated zephyr.dts: /mnt/host/source/src/platform/ec/build/zephyr/fatcatrvp-ite/build-rw/zephyr/zephyr.dts
[fatcatrvp-ite:rw] -- Generated pickled edt: /mnt/host/source/src/platform/ec/build/zephyr/fatcatrvp-ite/build-rw/zephyr/edt.pickle
[tanjiro:ro] [157/333] Building C object zephyr/arch/common/CMakeFiles/arch__common.dir/init.c.obj
[tanjiro:ro] [158/333] Building C object zephyr/arch/common/CMakeFiles/arch__common.dir/xip.c.obj
[tanjiro:ro] [159/333] Building C object zephyr/arch/common/CMakeFiles/isr_tables.dir/isr_tables.c.obj
[tanjiro:ro] [160/333] Linking C static library zephyr/arch/common/libisr_tables.a
[it8xxx2_evb:singleimage] -- Generated zephyr.dts: /mnt/host/source/src/platform/ec/build/zephyr/it8xxx2_evb/build-singleimage/zephyr/zephyr.dts
[it8xxx2_evb:singleimage] -- Generated pickled edt: /mnt/host/source/src/platform/ec/build/zephyr/it8xxx2_evb/build-singleimage/zephyr/edt.pickle
[tanjiro:ro] [161/333] Linking C static library zephyr/arch/common/libarch__common.a
[tanjiro:ro] [162/333] Building C object zephyr/arch/arch/riscv/core/CMakeFiles/arch__riscv__core.dir/cpu_idle.c.obj
[tanjiro:ro] [163/333] Building C object zephyr/arch/arch/riscv/core/CMakeFiles/arch__riscv__core.dir/fatal.c.obj
[tanjiro:ro] [164/333] Building C object zephyr/arch/arch/riscv/core/CMakeFiles/arch__riscv__core.dir/irq_manage.c.obj
[tanjiro:ro] [165/333] Building C object zephyr/arch/arch/riscv/core/CMakeFiles/arch__riscv__core.dir/prep_c.c.obj
[tanjiro:ro] [166/333] Building C object zephyr/arch/arch/riscv/core/CMakeFiles/arch__riscv__core.dir/reboot.c.obj
[pirrha:rw] -- Generated devicetree_generated.h: /mnt/host/source/src/platform/ec/build/zephyr/pirrha/build-rw/zephyr/include/generated/zephyr/devicetree_generated.h
[tanjiro:rw] [167/333] Building ASM object zephyr/arch/arch/riscv/core/CMakeFiles/arch__riscv__core.dir/reset.S.obj
[fatcatrvp-ite:ro] -- Generated pickled edt: /mnt/host/source/src/platform/ec/build/zephyr/fatcatrvp-ite/build-ro/zephyr/edt.pickle
[fatcatrvp-ite:ro] -- Generated devicetree_generated.h: /mnt/host/source/src/platform/ec/build/zephyr/fatcatrvp-ite/build-ro/zephyr/include/generated/zephyr/devicetree_generated.h
[fatcatrvp-ite:rw] -- Generated devicetree_generated.h: /mnt/host/source/src/platform/ec/build/zephyr/fatcatrvp-ite/build-rw/zephyr/include/generated/zephyr/devicetree_generated.h
[lapis:rw] /mnt/host/source/src/platform/ec/build/zephyr/lapis/build-rw/zephyr/zephyr.dts:1441.20-1443.5: Warning (simple_bus_reg): /soc/cros-flash: missing or empty reg/ranges property
[lapis:rw] /mnt/host/source/src/platform/ec/build/zephyr/lapis/build-rw/zephyr/zephyr.dts:385.40-396.5: Warning (unique_unit_address_if_enabled): /soc/uart_wrapper@40010200: duplicate unit-address (also used in node /soc/flash-controller@40010200)
[lapis:rw] /mnt/host/source/src/platform/ec/build/zephyr/lapis/build-rw/zephyr/zephyr.dts:1990.9-1998.5: Warning (gpios_property): /fans/fan_0: Missing property '#gpio-cells' in node /named-gpios/all_sys_pwrgd or bad phandle (referred from pgood-gpio[0])
[it8xxx2_evb:singleimage] -- Generated devicetree_generated.h: /mnt/host/source/src/platform/ec/build/zephyr/it8xxx2_evb/build-singleimage/zephyr/include/generated/zephyr/devicetree_generated.h
[lapis:ro] /mnt/host/source/src/platform/ec/build/zephyr/lapis/build-ro/zephyr/zephyr.dts:1441.20-1443.5: Warning (simple_bus_reg): /soc/cros-flash: missing or empty reg/ranges property
[lapis:ro] /mnt/host/source/src/platform/ec/build/zephyr/lapis/build-ro/zephyr/zephyr.dts:385.40-396.5: Warning (unique_unit_address_if_enabled): /soc/uart_wrapper@40010200: duplicate unit-address (also used in node /soc/flash-controller@40010200)
[adlrvp_npcx:rw] 'int-pin' is marked as deprecated in 'properties:' in /mnt/host/source/src/platform/ec/zephyr/dts/bindings/usbc/tcpc/fairchild,fusb302.yaml for node /soc-if/io_i2c_ctrl0_port0/fusb302@22.
[adlrvp_npcx:rw] 'int-pin' is marked as deprecated in 'properties:' in /mnt/host/source/src/platform/ec/zephyr/dts/bindings/usbc/tcpc/fairchild,fusb302.yaml for node /soc-if/io_i2c_ctrl1_port0/fusb302@22.
[adlrvp_npcx:rw] 'int-pin' is marked as deprecated in 'properties:' in /mnt/host/source/src/platform/ec/zephyr/dts/bindings/usbc/tcpc/fairchild,fusb302.yaml for node /soc-if/io_i2c_ctrl2_port0/fusb302@22.
[adlrvp_npcx:rw] 'int-pin' is marked as deprecated in 'properties:' in /mnt/host/source/src/platform/ec/zephyr/dts/bindings/usbc/tcpc/fairchild,fusb302.yaml for node /soc-if/io_i2c_ctrl3_port0/fusb302@22.
[pirrha:ro] /mnt/host/source/src/platform/ec/build/zephyr/pirrha/build-ro/zephyr/zephyr.dts:1210.27-1913.5: Warning (avoid_unnecessary_addr_size): /soc/pin-controller: unnecessary #address-cells/#size-cells without "ranges" or child "reg" property
[telith:ro] -- Found devicetree overlay: /mnt/host/source/src/platform/ec/zephyr/program/nissa/telith/project.overlay
[telith:ro] -- Generated zephyr.dts: /mnt/host/source/src/platform/ec/build/zephyr/telith/build-ro/zephyr/zephyr.dts
[telith:ro] -- Generated pickled edt: /mnt/host/source/src/platform/ec/build/zephyr/telith/build-ro/zephyr/edt.pickle
[adlrvp_npcx:ro] 'int-pin' is marked as deprecated in 'properties:' in /mnt/host/source/src/platform/ec/zephyr/dts/bindings/usbc/tcpc/fairchild,fusb302.yaml for node /soc-if/io_i2c_ctrl0_port0/fusb302@22.
[adlrvp_npcx:ro] 'int-pin' is marked as deprecated in 'properties:' in /mnt/host/source/src/platform/ec/zephyr/dts/bindings/usbc/tcpc/fairchild,fusb302.yaml for node /soc-if/io_i2c_ctrl1_port0/fusb302@22.
[adlrvp_npcx:ro] 'int-pin' is marked as deprecated in 'properties:' in /mnt/host/source/src/platform/ec/zephyr/dts/bindings/usbc/tcpc/fairchild,fusb302.yaml for node /soc-if/io_i2c_ctrl2_port0/fusb302@22.
[adlrvp_npcx:ro] 'int-pin' is marked as deprecated in 'properties:' in /mnt/host/source/src/platform/ec/zephyr/dts/bindings/usbc/tcpc/fairchild,fusb302.yaml for node /soc-if/io_i2c_ctrl3_port0/fusb302@22.
[tanjiro:ro] [167/333] Building ASM object zephyr/arch/arch/riscv/core/CMakeFiles/arch__riscv__core.dir/reset.S.obj
[adlrvp_npcx:rw] -- Generated zephyr.dts: /mnt/host/source/src/platform/ec/build/zephyr/adlrvp_npcx/build-rw/zephyr/zephyr.dts
[adlrvp_npcx:rw] -- Generated pickled edt: /mnt/host/source/src/platform/ec/build/zephyr/adlrvp_npcx/build-rw/zephyr/edt.pickle
[/mnt/host/source/src/platform/ec/build/zephyr/pujjolo-lcov]   /mnt/host/source/src/platform/ec/build/zephyr/pujjolo/build-ro/CMakeFiles/app.dir/mnt/host/source/src/platform/ec/build/zephyr/pujjolo/modules/ec/common/chargen.c.gcno:no functions found
[/mnt/host/source/src/platform/ec/build/zephyr/pujjolo-lcov] stderr:
[adlrvp_npcx:ro] -- Generated zephyr.dts: /mnt/host/source/src/platform/ec/build/zephyr/adlrvp_npcx/build-ro/zephyr/zephyr.dts
[adlrvp_npcx:ro] -- Generated pickled edt: /mnt/host/source/src/platform/ec/build/zephyr/adlrvp_npcx/build-ro/zephyr/edt.pickle
[tanjiro:rw] [168/333] Building ASM object zephyr/arch/arch/riscv/core/CMakeFiles/arch__riscv__core.dir/switch.S.obj
[tanjiro:rw] [169/333] Building C object zephyr/arch/arch/riscv/core/CMakeFiles/arch__riscv__core.dir/thread.c.obj
[telith:ro] -- Generated devicetree_generated.h: /mnt/host/source/src/platform/ec/build/zephyr/telith/build-ro/zephyr/include/generated/zephyr/devicetree_generated.h
[tanjiro:ro] [168/333] Building ASM object zephyr/arch/arch/riscv/core/CMakeFiles/arch__riscv__core.dir/switch.S.obj
[tanjiro:ro] [169/333] Building C object zephyr/arch/arch/riscv/core/CMakeFiles/arch__riscv__core.dir/thread.c.obj
[pirrha:rw] /mnt/host/source/src/platform/ec/build/zephyr/pirrha/build-rw/zephyr/zephyr.dts:1210.27-1913.5: Warning (avoid_unnecessary_addr_size): /soc/pin-controller: unnecessary #address-cells/#size-cells without "ranges" or child "reg" property
[adlrvp_npcx:ro] -- Generated devicetree_generated.h: /mnt/host/source/src/platform/ec/build/zephyr/adlrvp_npcx/build-ro/zephyr/include/generated/zephyr/devicetree_generated.h
[adlrvp_npcx:rw] -- Generated devicetree_generated.h: /mnt/host/source/src/platform/ec/build/zephyr/adlrvp_npcx/build-rw/zephyr/include/generated/zephyr/devicetree_generated.h
[tanjiro:rw] [170/333] Building ASM object zephyr/arch/arch/riscv/core/CMakeFiles/arch__riscv__core.dir/isr.S.obj
[tanjiro:rw] [171/333] Building C object zephyr/arch/arch/riscv/core/CMakeFiles/arch__riscv__core.dir/stacktrace.c.obj
[fatcatrvp-ite:ro] /mnt/host/source/src/platform/ec/build/zephyr/fatcatrvp-ite/build-ro/zephyr/zephyr.dts:3736.27-3741.5: Warning (unit_address_format): /it8801-mfd/gpiocr@0a: unit name should not have leading 0s
[fatcatrvp-ite:ro] /mnt/host/source/src/platform/ec/build/zephyr/fatcatrvp-ite/build-ro/zephyr/zephyr.dts:2546.31-2560.6: Warning (i2c_bus_reg): /soc/i2c@f04500/rvp-board-id: missing or empty reg property
[fatcatrvp-ite:ro] /mnt/host/source/src/platform/ec/build/zephyr/fatcatrvp-ite/build-ro/zephyr/zephyr.dts:1293.27-2016.5: Warning (avoid_unnecessary_addr_size): /soc/pin-controller: unnecessary #address-cells/#size-cells without "ranges" or child "reg" property
[fatcatrvp-ite:ro] /mnt/host/source/src/platform/ec/build/zephyr/fatcatrvp-ite/build-ro/zephyr/zephyr.dts:3494.9-3502.5: Warning (gpios_property): /fans/fan_0: Missing property '#gpio-cells' in node /named-gpios/all_sys_pwrgd_r or bad phandle (referred from pgood-gpio[0])
[fatcatrvp-ite:ro] /mnt/host/source/src/platform/ec/build/zephyr/fatcatrvp-ite/build-ro/zephyr/zephyr.dts:3494.9-3502.5: Warning (gpios_property): /fans/fan_0: Missing property '#gpio-cells' in node /named-gpios/ec_fan_pwr_disable_n_r or bad phandle (referred from enable-gpio[0])
[it8xxx2_evb:singleimage] /mnt/host/source/src/platform/ec/build/zephyr/it8xxx2_evb/build-singleimage/zephyr/zephyr.dts:1205.27-1872.5: Warning (avoid_unnecessary_addr_size): /soc/pin-controller: unnecessary #address-cells/#size-cells without "ranges" or child "reg" property
[tanjiro:rw] [172/333] Linking C static library zephyr/arch/arch/riscv/core/libarch__riscv__core.a
[tanjiro:rw] [173/333] Generating ../../../include/generated/libc/minimal/strerror_table.h
[tanjiro:rw] [174/333] Building C object zephyr/lib/libc/minimal/CMakeFiles/lib__libc__minimal.dir/source/stdlib/atoi.c.obj
[tanjiro:rw] [175/333] Building C object zephyr/lib/libc/minimal/CMakeFiles/lib__libc__minimal.dir/source/stdlib/strtol.c.obj
[tanjiro:rw] [176/333] Building C object zephyr/lib/libc/minimal/CMakeFiles/lib__libc__minimal.dir/source/stdlib/strtoul.c.obj
[fatcatrvp-ite:rw] /mnt/host/source/src/platform/ec/build/zephyr/fatcatrvp-ite/build-rw/zephyr/zephyr.dts:3736.27-3741.5: Warning (unit_address_format): /it8801-mfd/gpiocr@0a: unit name should not have leading 0s
[fatcatrvp-ite:rw] /mnt/host/source/src/platform/ec/build/zephyr/fatcatrvp-ite/build-rw/zephyr/zephyr.dts:2546.31-2560.6: Warning (i2c_bus_reg): /soc/i2c@f04500/rvp-board-id: missing or empty reg property
[fatcatrvp-ite:rw] /mnt/host/source/src/platform/ec/build/zephyr/fatcatrvp-ite/build-rw/zephyr/zephyr.dts:1293.27-2016.5: Warning (avoid_unnecessary_addr_size): /soc/pin-controller: unnecessary #address-cells/#size-cells without "ranges" or child "reg" property
[fatcatrvp-ite:rw] /mnt/host/source/src/platform/ec/build/zephyr/fatcatrvp-ite/build-rw/zephyr/zephyr.dts:3494.9-3502.5: Warning (gpios_property): /fans/fan_0: Missing property '#gpio-cells' in node /named-gpios/all_sys_pwrgd_r or bad phandle (referred from pgood-gpio[0])
[fatcatrvp-ite:rw] /mnt/host/source/src/platform/ec/build/zephyr/fatcatrvp-ite/build-rw/zephyr/zephyr.dts:3494.9-3502.5: Warning (gpios_property): /fans/fan_0: Missing property '#gpio-cells' in node /named-gpios/ec_fan_pwr_disable_n_r or bad phandle (referred from enable-gpio[0])
[tanjiro:rw] [177/333] Building C object zephyr/lib/libc/minimal/CMakeFiles/lib__libc__minimal.dir/source/stdlib/strtoll.c.obj
[tanjiro:rw] [178/333] Building C object zephyr/lib/libc/minimal/CMakeFiles/lib__libc__minimal.dir/source/stdlib/strtoull.c.obj
[tanjiro:rw] [179/333] Building C object zephyr/lib/libc/minimal/CMakeFiles/lib__libc__minimal.dir/source/stdlib/bsearch.c.obj
[tanjiro:rw] [180/333] Building C object zephyr/lib/libc/minimal/CMakeFiles/lib__libc__minimal.dir/source/stdlib/exit.c.obj
[tanjiro:rw] [181/333] Building C object zephyr/lib/libc/minimal/CMakeFiles/lib__libc__minimal.dir/source/stdlib/qsort.c.obj
[tanjiro:rw] [182/333] Building C object zephyr/lib/libc/minimal/CMakeFiles/lib__libc__minimal.dir/source/string/strerror.c.obj
[tanjiro:rw] [183/333] Building C object zephyr/lib/libc/minimal/CMakeFiles/lib__libc__minimal.dir/source/string/strncasecmp.c.obj
[tanjiro:rw] [184/333] Building C object zephyr/lib/libc/minimal/CMakeFiles/lib__libc__minimal.dir/source/string/strstr.c.obj
[tanjiro:rw] [185/333] Building C object zephyr/lib/libc/minimal/CMakeFiles/lib__libc__minimal.dir/source/string/string.c.obj
[tanjiro:rw] [186/333] Building C object zephyr/lib/libc/minimal/CMakeFiles/lib__libc__minimal.dir/source/string/strspn.c.obj
[tanjiro:rw] [187/333] Building C object zephyr/lib/libc/minimal/CMakeFiles/lib__libc__minimal.dir/source/stdout/stdout_console.c.obj
[tanjiro:rw] [188/333] Building C object zephyr/lib/libc/minimal/CMakeFiles/lib__libc__minimal.dir/source/stdout/sprintf.c.obj
[tanjiro:rw] [189/333] Building C object zephyr/lib/libc/minimal/CMakeFiles/lib__libc__minimal.dir/source/stdout/fprintf.c.obj
[tanjiro:rw] [190/333] Building C object zephyr/lib/libc/minimal/CMakeFiles/lib__libc__minimal.dir/source/math/sqrtf.c.obj
[tanjiro:rw] [191/333] Building C object zephyr/lib/libc/minimal/CMakeFiles/lib__libc__minimal.dir/source/math/sqrt.c.obj
[tanjiro:rw] [192/333] Building C object zephyr/lib/libc/minimal/CMakeFiles/lib__libc__minimal.dir/source/time/gmtime.c.obj
[tanjiro:ro] [170/333] Building ASM object zephyr/arch/arch/riscv/core/CMakeFiles/arch__riscv__core.dir/isr.S.obj
[tanjiro:ro] [171/333] Building C object zephyr/arch/arch/riscv/core/CMakeFiles/arch__riscv__core.dir/stacktrace.c.obj
[tanjiro:rw] [193/333] Linking C static library zephyr/lib/libc/minimal/liblib__libc__minimal.a
[tanjiro:ro] [172/333] Linking C static library zephyr/arch/arch/riscv/core/libarch__riscv__core.a
[tanjiro:rw] [194/333] Building C object zephyr/lib/libc/common/CMakeFiles/lib__libc__common.dir/source/stdlib/abort.c.obj
[tanjiro:rw] [195/333] Building C object zephyr/lib/libc/common/CMakeFiles/lib__libc__common.dir/source/time/asctime.c.obj
[tanjiro:rw] [196/333] Building C object zephyr/lib/libc/common/CMakeFiles/lib__libc__common.dir/source/time/gmtime_r.c.obj
[tanjiro:rw] [197/333] Building C object zephyr/lib/libc/common/CMakeFiles/lib__libc__common.dir/source/time/localtime_r_utc.c.obj
[tanjiro:ro] [173/333] Generating ../../../include/generated/libc/minimal/strerror_table.h
[tanjiro:rw] [198/333] Building C object zephyr/lib/libc/common/CMakeFiles/lib__libc__common.dir/source/time/ctime.c.obj
[tanjiro:ro] [174/333] Building C object zephyr/lib/libc/minimal/CMakeFiles/lib__libc__minimal.dir/source/stdlib/atoi.c.obj
[tanjiro:rw] [199/333] Building C object zephyr/lib/libc/common/CMakeFiles/lib__libc__common.dir/source/time/time.c.obj
[tanjiro:ro] [175/333] Building C object zephyr/lib/libc/minimal/CMakeFiles/lib__libc__minimal.dir/source/stdlib/strtol.c.obj
[tanjiro:rw] [200/333] Building C object zephyr/lib/libc/common/CMakeFiles/lib__libc__common.dir/source/stdlib/malloc.c.obj
[tanjiro:ro] [176/333] Building C object zephyr/lib/libc/minimal/CMakeFiles/lib__libc__minimal.dir/source/stdlib/strtoul.c.obj
[tanjiro:rw] [201/333] Building C object zephyr/lib/libc/common/CMakeFiles/lib__libc__common.dir/source/string/strnlen.c.obj
[tanjiro:ro] [177/333] Building C object zephyr/lib/libc/minimal/CMakeFiles/lib__libc__minimal.dir/source/stdlib/strtoll.c.obj
[tanjiro:ro] [178/333] Building C object zephyr/lib/libc/minimal/CMakeFiles/lib__libc__minimal.dir/source/stdlib/strtoull.c.obj
[tanjiro:ro] [179/333] Building C object zephyr/lib/libc/minimal/CMakeFiles/lib__libc__minimal.dir/source/stdlib/bsearch.c.obj
[tanjiro:ro] [180/333] Building C object zephyr/lib/libc/minimal/CMakeFiles/lib__libc__minimal.dir/source/stdlib/exit.c.obj
[tanjiro:ro] [181/333] Building C object zephyr/lib/libc/minimal/CMakeFiles/lib__libc__minimal.dir/source/stdlib/qsort.c.obj
[tanjiro:ro] [182/333] Building C object zephyr/lib/libc/minimal/CMakeFiles/lib__libc__minimal.dir/source/string/strerror.c.obj
[tanjiro:rw] [202/333] Linking C static library zephyr/lib/libc/common/liblib__libc__common.a
[tanjiro:ro] [183/333] Building C object zephyr/lib/libc/minimal/CMakeFiles/lib__libc__minimal.dir/source/string/strncasecmp.c.obj
[tanjiro:rw] [203/333] Building C object zephyr/lib/posix/c_lib_ext/CMakeFiles/lib__posix__c_lib_ext.dir/fnmatch.c.obj
[tanjiro:ro] [184/333] Building C object zephyr/lib/libc/minimal/CMakeFiles/lib__libc__minimal.dir/source/string/strstr.c.obj
[tanjiro:rw] [204/333] Building C object zephyr/lib/posix/c_lib_ext/CMakeFiles/lib__posix__c_lib_ext.dir/getentropy.c.obj
[tanjiro:rw] [205/333] Building C object zephyr/lib/posix/c_lib_ext/CMakeFiles/lib__posix__c_lib_ext.dir/getopt_shim.c.obj
[tanjiro:ro] [185/333] Building C object zephyr/lib/libc/minimal/CMakeFiles/lib__libc__minimal.dir/source/string/string.c.obj
[tanjiro:ro] [186/333] Building C object zephyr/lib/libc/minimal/CMakeFiles/lib__libc__minimal.dir/source/string/strspn.c.obj
[tanjiro:ro] [187/333] Building C object zephyr/lib/libc/minimal/CMakeFiles/lib__libc__minimal.dir/source/stdout/stdout_console.c.obj
[tanjiro:rw] [206/333] Linking C static library zephyr/lib/posix/c_lib_ext/liblib__posix__c_lib_ext.a
[tanjiro:ro] [188/333] Building C object zephyr/lib/libc/minimal/CMakeFiles/lib__libc__minimal.dir/source/stdout/sprintf.c.obj
[tanjiro:rw] [207/333] Building C object zephyr/lib/smf/CMakeFiles/lib__smf.dir/smf.c.obj
[tanjiro:ro] [189/333] Building C object zephyr/lib/libc/minimal/CMakeFiles/lib__libc__minimal.dir/source/stdout/fprintf.c.obj
[tanjiro:ro] [190/333] Building C object zephyr/lib/libc/minimal/CMakeFiles/lib__libc__minimal.dir/source/math/sqrtf.c.obj
[tanjiro:ro] [191/333] Building C object zephyr/lib/libc/minimal/CMakeFiles/lib__libc__minimal.dir/source/math/sqrt.c.obj
[tanjiro:rw] [208/333] Linking C static library zephyr/lib/smf/liblib__smf.a
[tanjiro:rw] [209/333] Building C object zephyr/subsys/mgmt/ec_host_cmd/CMakeFiles/subsys__mgmt__ec_host_cmd.dir/ec_host_cmd_handler.c.obj
[tanjiro:ro] [192/333] Building C object zephyr/lib/libc/minimal/CMakeFiles/lib__libc__minimal.dir/source/time/gmtime.c.obj
[tanjiro:rw] [210/333] Linking C static library zephyr/subsys/mgmt/ec_host_cmd/libsubsys__mgmt__ec_host_cmd.a
[tanjiro:rw] [211/333] Building C object zephyr/subsys/mgmt/ec_host_cmd/backends/CMakeFiles/subsys__mgmt__ec_host_cmd__backends.dir/ec_host_cmd_backend_shi_ite.c.obj
[tanjiro:ro] [193/333] Linking C static library zephyr/lib/libc/minimal/liblib__libc__minimal.a
[tanjiro:ro] [194/333] Building C object zephyr/lib/libc/common/CMakeFiles/lib__libc__common.dir/source/stdlib/abort.c.obj
[tanjiro:ro] [195/333] Building C object zephyr/lib/libc/common/CMakeFiles/lib__libc__common.dir/source/time/asctime.c.obj
[tanjiro:ro] [196/333] Building C object zephyr/lib/libc/common/CMakeFiles/lib__libc__common.dir/source/time/gmtime_r.c.obj
[tanjiro:rw] [212/333] Linking C static library zephyr/subsys/mgmt/ec_host_cmd/backends/libsubsys__mgmt__ec_host_cmd__backends.a
[tanjiro:ro] [197/333] Building C object zephyr/lib/libc/common/CMakeFiles/lib__libc__common.dir/source/time/localtime_r_utc.c.obj
[tanjiro:ro] [198/333] Building C object zephyr/lib/libc/common/CMakeFiles/lib__libc__common.dir/source/time/ctime.c.obj
[tanjiro:rw] [213/333] Building C object zephyr/subsys/crc/CMakeFiles/subsys__crc.dir/crc4_sw.c.obj
[tanjiro:rw] [214/333] Building C object zephyr/subsys/crc/CMakeFiles/subsys__crc.dir/crc8_sw.c.obj
[tanjiro:ro] [199/333] Building C object zephyr/lib/libc/common/CMakeFiles/lib__libc__common.dir/source/time/time.c.obj
[telith:ro] /mnt/host/source/src/platform/ec/build/zephyr/telith/build-ro/zephyr/zephyr.dts:1266.27-1965.5: Warning (avoid_unnecessary_addr_size): /soc/pin-controller: unnecessary #address-cells/#size-cells without "ranges" or child "reg" property
[tanjiro:rw] [215/333] Building C object zephyr/subsys/crc/CMakeFiles/subsys__crc.dir/crc16_sw.c.obj
[tanjiro:ro] [200/333] Building C object zephyr/lib/libc/common/CMakeFiles/lib__libc__common.dir/source/stdlib/malloc.c.obj
[tanjiro:ro] [201/333] Building C object zephyr/lib/libc/common/CMakeFiles/lib__libc__common.dir/source/string/strnlen.c.obj
[tanjiro:rw] [216/333] Building C object zephyr/subsys/crc/CMakeFiles/subsys__crc.dir/crc7_sw.c.obj
[tanjiro:rw] [217/333] Building C object zephyr/subsys/crc/CMakeFiles/subsys__crc.dir/crc24_sw.c.obj
[tanjiro:rw] [218/333] Building C object zephyr/subsys/crc/CMakeFiles/subsys__crc.dir/crc32c_sw.c.obj
[tanjiro:ro] [202/333] Linking C static library zephyr/lib/libc/common/liblib__libc__common.a
[tanjiro:ro] [203/333] Building C object zephyr/lib/posix/c_lib_ext/CMakeFiles/lib__posix__c_lib_ext.dir/fnmatch.c.obj
[tanjiro:rw] [219/333] Building C object zephyr/subsys/crc/CMakeFiles/subsys__crc.dir/crc32_sw.c.obj
[tanjiro:rw] [220/333] Building C object zephyr/subsys/crc/CMakeFiles/subsys__crc.dir/crc32k_4_2_sw.c.obj
[tanjiro:ro] [204/333] Building C object zephyr/lib/posix/c_lib_ext/CMakeFiles/lib__posix__c_lib_ext.dir/getentropy.c.obj
[tanjiro:ro] [205/333] Building C object zephyr/lib/posix/c_lib_ext/CMakeFiles/lib__posix__c_lib_ext.dir/getopt_shim.c.obj
[adlrvp_npcx:rw] /mnt/host/source/src/platform/ec/build/zephyr/adlrvp_npcx/build-rw/zephyr/zephyr.dts:3381.44-3385.6: Warning (unit_address_format): /soc-if/io_i2c_ctrl0_port0/tusb1044_mux_c0@0e: unit name should not have leading 0s
[adlrvp_npcx:rw] /mnt/host/source/src/platform/ec/build/zephyr/adlrvp_npcx/build-rw/zephyr/zephyr.dts:4028.9-4036.5: Warning (gpios_property): /fans/fan_0: Missing property '#gpio-cells' in node /named-gpios/all-sys-pwrgd or bad phandle (referred from pgood-gpio[0])
[adlrvp_npcx:rw] /mnt/host/source/src/platform/ec/build/zephyr/adlrvp_npcx/build-rw/zephyr/zephyr.dts:4028.9-4036.5: Warning (gpios_property): /fans/fan_0: Missing property '#gpio-cells' in node /named-gpios/therm-sen-mecc or bad phandle (referred from enable-gpio[0])
[tanjiro:rw] [221/333] Linking C static library zephyr/subsys/crc/libsubsys__crc.a
[tanjiro:rw] [222/333] Building C object zephyr/drivers/interrupt_controller/CMakeFiles/drivers__interrupt_controller.dir/intc_ite_it8xxx2_v2.c.obj
[tanjiro:ro] [206/333] Linking C static library zephyr/lib/posix/c_lib_ext/liblib__posix__c_lib_ext.a
[tanjiro:rw] [223/333] Building C object zephyr/drivers/interrupt_controller/CMakeFiles/drivers__interrupt_controller.dir/wuc_ite_it8xxx2.c.obj
[tanjiro:ro] [207/333] Building C object zephyr/lib/smf/CMakeFiles/lib__smf.dir/smf.c.obj
[adlrvp_npcx:ro] /mnt/host/source/src/platform/ec/build/zephyr/adlrvp_npcx/build-ro/zephyr/zephyr.dts:3381.44-3385.6: Warning (unit_address_format): /soc-if/io_i2c_ctrl0_port0/tusb1044_mux_c0@0e: unit name should not have leading 0s
[adlrvp_npcx:ro] /mnt/host/source/src/platform/ec/build/zephyr/adlrvp_npcx/build-ro/zephyr/zephyr.dts:4028.9-4036.5: Warning (gpios_property): /fans/fan_0: Missing property '#gpio-cells' in node /named-gpios/all-sys-pwrgd or bad phandle (referred from pgood-gpio[0])
[adlrvp_npcx:ro] /mnt/host/source/src/platform/ec/build/zephyr/adlrvp_npcx/build-ro/zephyr/zephyr.dts:4028.9-4036.5: Warning (gpios_property): /fans/fan_0: Missing property '#gpio-cells' in node /named-gpios/therm-sen-mecc or bad phandle (referred from enable-gpio[0])
[tanjiro:rw] [224/333] Linking C static library zephyr/drivers/interrupt_controller/libdrivers__interrupt_controller.a
[tanjiro:rw] [225/333] Building C object zephyr/drivers/adc/CMakeFiles/drivers__adc.dir/adc_common.c.obj
[tanjiro:ro] [208/333] Linking C static library zephyr/lib/smf/liblib__smf.a
[tanjiro:ro] [209/333] Building C object zephyr/subsys/mgmt/ec_host_cmd/CMakeFiles/subsys__mgmt__ec_host_cmd.dir/ec_host_cmd_handler.c.obj
[tanjiro:rw] [226/333] Building C object zephyr/drivers/adc/CMakeFiles/drivers__adc.dir/adc_ite_it8xxx2.c.obj
[tanjiro:ro] [210/333] Linking C static library zephyr/subsys/mgmt/ec_host_cmd/libsubsys__mgmt__ec_host_cmd.a
[tanjiro:ro] [211/333] Building C object zephyr/subsys/mgmt/ec_host_cmd/backends/CMakeFiles/subsys__mgmt__ec_host_cmd__backends.dir/ec_host_cmd_backend_shi_ite.c.obj
[tanjiro:rw] [227/333] Linking C static library zephyr/drivers/adc/libdrivers__adc.a
[tanjiro:rw] [228/333] Building C object zephyr/drivers/bbram/CMakeFiles/drivers__bbram.dir/bbram_it8xxx2.c.obj
[tanjiro:ro] [212/333] Linking C static library zephyr/subsys/mgmt/ec_host_cmd/backends/libsubsys__mgmt__ec_host_cmd__backends.a
[tanjiro:rw] [229/333] Linking C static library zephyr/drivers/bbram/libdrivers__bbram.a
[tanjiro:rw] [230/333] Building C object zephyr/drivers/console/CMakeFiles/drivers__console.dir/uart_console.c.obj
[tanjiro:ro] [213/333] Building C object zephyr/subsys/crc/CMakeFiles/subsys__crc.dir/crc4_sw.c.obj
[tanjiro:ro] [214/333] Building C object zephyr/subsys/crc/CMakeFiles/subsys__crc.dir/crc8_sw.c.obj
[tanjiro:ro] [215/333] Building C object zephyr/subsys/crc/CMakeFiles/subsys__crc.dir/crc16_sw.c.obj
[tanjiro:ro] [216/333] Building C object zephyr/subsys/crc/CMakeFiles/subsys__crc.dir/crc7_sw.c.obj
[tanjiro:rw] [231/333] Linking C static library zephyr/drivers/console/libdrivers__console.a
[tanjiro:ro] [217/333] Building C object zephyr/subsys/crc/CMakeFiles/subsys__crc.dir/crc24_sw.c.obj
[tanjiro:ro] [218/333] Building C object zephyr/subsys/crc/CMakeFiles/subsys__crc.dir/crc32c_sw.c.obj
[tanjiro:ro] [219/333] Building C object zephyr/subsys/crc/CMakeFiles/subsys__crc.dir/crc32_sw.c.obj
[tanjiro:rw] [232/333] Building C object zephyr/drivers/crypto/CMakeFiles/drivers__crypto.dir/crypto_it8xxx2_sha_v2.c.obj
[tanjiro:ro] [220/333] Building C object zephyr/subsys/crc/CMakeFiles/subsys__crc.dir/crc32k_4_2_sw.c.obj
[tanjiro:rw] [233/333] Linking C static library zephyr/drivers/crypto/libdrivers__crypto.a
[tanjiro:ro] [221/333] Linking C static library zephyr/subsys/crc/libsubsys__crc.a
[tanjiro:rw] [234/333] Building C object zephyr/drivers/flash/CMakeFiles/drivers__flash.dir/flash_ite_it8xxx2.c.obj
[tanjiro:ro] [222/333] Building C object zephyr/drivers/interrupt_controller/CMakeFiles/drivers__interrupt_controller.dir/intc_ite_it8xxx2_v2.c.obj
[tanjiro:ro] [223/333] Building C object zephyr/drivers/interrupt_controller/CMakeFiles/drivers__interrupt_controller.dir/wuc_ite_it8xxx2.c.obj
[tanjiro:rw] [235/333] Linking C static library zephyr/drivers/flash/libdrivers__flash.a
[tanjiro:rw] [236/333] Building C object zephyr/drivers/gpio/CMakeFiles/drivers__gpio.dir/gpio_ite_it8xxx2_v2.c.obj
[lapis:ro] /mnt/host/source/src/platform/ec/build/zephyr/lapis/build-ro/zephyr/zephyr.dts:1990.9-1998.5: Warning (gpios_property): /fans/fan_0: Missing property '#gpio-cells' in node /named-gpios/all_sys_pwrgd or bad phandle (referred from pgood-gpio[0])
[lapis:ro] warning: Deprecated symbol I2C_ALLOW_NO_STOP_TRANSACTIONS is enabled.
[pirrha:ro] warning: PWM_SHELL (defined at /mnt/host/source/src/platform/ec/zephyr/app/ec/Kconfig:200,
[pirrha:ro] drivers/pwm/Kconfig:23) was assigned the value 'y' but got the value 'n'. See
[pirrha:ro] http://docs.zephyrproject.org/latest/kconfig.html#CONFIG_PWM_SHELL and/or look up PWM_SHELL in the
[pirrha:ro] menuconfig/guiconfig interface. The Application Development Primer, Setting Configuration Values,
[pirrha:ro] and Kconfig - Tips and Best Practices sections of the manual might be helpful too.
[pirrha:ro] warning: TASK_HOSTCMD_STACK_SIZE (defined at
[pirrha:ro] /mnt/host/source/src/platform/ec/zephyr/Kconfig.stacks:52,
[pirrha:ro] /mnt/host/source/src/platform/ec/zephyr/Kconfig.tasks:123) was assigned the value '1280' but got the
[pirrha:ro] value '1152'. See http://docs.zephyrproject.org/latest/kconfig.html#CONFIG_TASK_HOSTCMD_STACK_SIZE
[pirrha:ro] and/or look up TASK_HOSTCMD_STACK_SIZE in the menuconfig/guiconfig interface. The Application
[pirrha:ro] Development Primer, Setting Configuration Values, and Kconfig - Tips and Best Practices sections of
[pirrha:ro] the manual might be helpful too.
[pirrha:ro] warning: The choice symbol PLATFORM_EC_USB_PD_DISCHARGE_TCPC (defined at
[pirrha:ro] /mnt/host/source/src/platform/ec/zephyr/Kconfig.pd_discharge:26) was selected (set =y), but no
[pirrha:ro] symbol ended up as the choice selection. See
[pirrha:ro] http://docs.zephyrproject.org/latest/kconfig.html#CONFIG_PLATFORM_EC_USB_PD_DISCHARGE_TCPC and/or
[pirrha:ro] look up PLATFORM_EC_USB_PD_DISCHARGE_TCPC in the menuconfig/guiconfig interface. The Application
[pirrha:ro] Development Primer, Setting Configuration Values, and Kconfig - Tips and Best Practices sections of
[pirrha:ro] the manual might be helpful too.
[pirrha:ro] warning: Deprecated symbol I2C_ALLOW_NO_STOP_TRANSACTIONS is enabled.
[tanjiro:ro] [224/333] Linking C static library zephyr/drivers/interrupt_controller/libdrivers__interrupt_controller.a
[tanjiro:ro] [225/333] Building C object zephyr/drivers/adc/CMakeFiles/drivers__adc.dir/adc_common.c.obj
[tanjiro:rw] [237/333] Linking C static library zephyr/drivers/gpio/libdrivers__gpio.a
[tanjiro:ro] [226/333] Building C object zephyr/drivers/adc/CMakeFiles/drivers__adc.dir/adc_ite_it8xxx2.c.obj
[tanjiro:rw] [238/333] Building C object zephyr/drivers/i2c/CMakeFiles/drivers__i2c.dir/i2c_common.c.obj
[tanjiro:rw] [239/333] Building C object zephyr/drivers/i2c/CMakeFiles/drivers__i2c.dir/i2c_bitbang.c.obj
[tanjiro:ro] [227/333] Linking C static library zephyr/drivers/adc/libdrivers__adc.a
[tanjiro:rw] [240/333] Building C object zephyr/drivers/i2c/CMakeFiles/drivers__i2c.dir/i2c_shell.c.obj
[tanjiro:rw] [241/333] Building C object zephyr/drivers/i2c/CMakeFiles/drivers__i2c.dir/i2c_ite_enhance.c.obj
[tanjiro:ro] [228/333] Building C object zephyr/drivers/bbram/CMakeFiles/drivers__bbram.dir/bbram_it8xxx2.c.obj
[tanjiro:rw] [242/333] Linking C static library zephyr/drivers/i2c/libdrivers__i2c.a
[tanjiro:rw] [243/333] Building C object zephyr/drivers/pinctrl/CMakeFiles/drivers__pinctrl.dir/common.c.obj
[tanjiro:ro] [229/333] Linking C static library zephyr/drivers/bbram/libdrivers__bbram.a
[tanjiro:rw] [244/333] Building C object zephyr/drivers/pinctrl/CMakeFiles/drivers__pinctrl.dir/pinctrl_ite_it8xxx2.c.obj
[tanjiro:ro] [230/333] Building C object zephyr/drivers/console/CMakeFiles/drivers__console.dir/uart_console.c.obj
[tanjiro:rw] [245/333] Linking C static library zephyr/drivers/pinctrl/libdrivers__pinctrl.a
[tanjiro:ro] [231/333] Linking C static library zephyr/drivers/console/libdrivers__console.a
[tanjiro:rw] [246/333] Building C object zephyr/drivers/pwm/CMakeFiles/drivers__pwm.dir/pwm_shell.c.obj
[tanjiro:ro] [232/333] Building C object zephyr/drivers/crypto/CMakeFiles/drivers__crypto.dir/crypto_it8xxx2_sha_v2.c.obj
[lapis:rw] Parsing /mnt/host/source/src/platform/ec/zephyr/program/fatcat/Kconfig
[tanjiro:rw] [247/333] Building C object zephyr/drivers/pwm/CMakeFiles/drivers__pwm.dir/pwm_ite_it8xxx2.c.obj
[tanjiro:rw] [248/333] Linking C static library zephyr/drivers/pwm/libdrivers__pwm.a
[tanjiro:ro] [233/333] Linking C static library zephyr/drivers/crypto/libdrivers__crypto.a
[tanjiro:rw] [249/333] Building C object zephyr/drivers/serial/CMakeFiles/drivers__serial.dir/uart_ite_it8xxx2.c.obj
[tanjiro:ro] [234/333] Building C object zephyr/drivers/flash/CMakeFiles/drivers__flash.dir/flash_ite_it8xxx2.c.obj
[tanjiro:rw] [250/333] Building C object zephyr/drivers/serial/CMakeFiles/drivers__serial.dir/uart_ns16550.c.obj
[tanjiro:rw] [251/333] Linking C static library zephyr/drivers/serial/libdrivers__serial.a
[tanjiro:ro] [235/333] Linking C static library zephyr/drivers/flash/libdrivers__flash.a
[tanjiro:rw] [252/333] Building C object zephyr/drivers/syscon/CMakeFiles/drivers__syscon.dir/mnt/host/source/src/third_party/zephyr/main/misc/empty_file.c.obj
[tanjiro:ro] [236/333] Building C object zephyr/drivers/gpio/CMakeFiles/drivers__gpio.dir/gpio_ite_it8xxx2_v2.c.obj
[tanjiro:rw] [253/333] Linking C static library zephyr/drivers/syscon/libdrivers__syscon.a
[tanjiro:ro] [237/333] Linking C static library zephyr/drivers/gpio/libdrivers__gpio.a
[tanjiro:rw] [254/333] Building C object zephyr/drivers/timer/CMakeFiles/drivers__timer.dir/sys_clock_init.c.obj
[tanjiro:ro] [238/333] Building C object zephyr/drivers/i2c/CMakeFiles/drivers__i2c.dir/i2c_common.c.obj
[tanjiro:rw] [255/333] Building C object zephyr/drivers/timer/CMakeFiles/drivers__timer.dir/ite_it8xxx2_timer.c.obj
[tanjiro:ro] [239/333] Building C object zephyr/drivers/i2c/CMakeFiles/drivers__i2c.dir/i2c_bitbang.c.obj
[pirrha:ro] Parsing /mnt/host/source/src/platform/ec/zephyr/program/nissa/Kconfig
[tanjiro:ro] [240/333] Building C object zephyr/drivers/i2c/CMakeFiles/drivers__i2c.dir/i2c_shell.c.obj
[tanjiro:rw] [256/333] Linking C static library zephyr/drivers/timer/libdrivers__timer.a
[tanjiro:ro] [241/333] Building C object zephyr/drivers/i2c/CMakeFiles/drivers__i2c.dir/i2c_ite_enhance.c.obj
[tanjiro:rw] [257/333] Building C object zephyr/drivers/watchdog/CMakeFiles/drivers__watchdog.dir/wdt_ite_it8xxx2.c.obj
[lapis:ro] Parsing /mnt/host/source/src/platform/ec/zephyr/program/fatcat/Kconfig
[tanjiro:ro] [242/333] Linking C static library zephyr/drivers/i2c/libdrivers__i2c.a
[tanjiro:rw] [258/333] Building C object zephyr/drivers/watchdog/CMakeFiles/drivers__watchdog.dir/wdt_shell.c.obj
[tanjiro:ro] [243/333] Building C object zephyr/drivers/pinctrl/CMakeFiles/drivers__pinctrl.dir/common.c.obj
[tanjiro:ro] [244/333] Building C object zephyr/drivers/pinctrl/CMakeFiles/drivers__pinctrl.dir/pinctrl_ite_it8xxx2.c.obj
[tanjiro:ro] [245/333] Linking C static library zephyr/drivers/pinctrl/libdrivers__pinctrl.a
[tanjiro:rw] [259/333] Linking C static library zephyr/drivers/watchdog/libdrivers__watchdog.a
[tanjiro:rw] [260/333] Building C object modules/ec/zephyr/CMakeFiles/ec_shim.dir/app/ec/ec_app_main.c.obj
[tanjiro:rw] [261/333] Building C object modules/ec/zephyr/CMakeFiles/ec_shim.dir/app/ec/main_shim.c.obj
[tanjiro:ro] [246/333] Building C object zephyr/drivers/pwm/CMakeFiles/drivers__pwm.dir/pwm_shell.c.obj
[tanjiro:rw] [262/333] Building C object modules/ec/zephyr/CMakeFiles/ec_shim.dir/drivers/cros_flash/cros_flash_it8xxx2.c.obj
[pirrha:rw] warning: PWM_SHELL (defined at /mnt/host/source/src/platform/ec/zephyr/app/ec/Kconfig:200,
[pirrha:rw] drivers/pwm/Kconfig:23) was assigned the value 'y' but got the value 'n'. See
[pirrha:rw] http://docs.zephyrproject.org/latest/kconfig.html#CONFIG_PWM_SHELL and/or look up PWM_SHELL in the
[pirrha:rw] menuconfig/guiconfig interface. The Application Development Primer, Setting Configuration Values,
[pirrha:rw] and Kconfig - Tips and Best Practices sections of the manual might be helpful too.
[tanjiro:rw] [263/333] Building C object modules/ec/zephyr/CMakeFiles/ec_shim.dir/drivers/cros_kb_raw/cros_kb_raw_ite.c.obj
[tanjiro:ro] [247/333] Building C object zephyr/drivers/pwm/CMakeFiles/drivers__pwm.dir/pwm_ite_it8xxx2.c.obj
[pirrha:rw] warning: TASK_HOSTCMD_STACK_SIZE (defined at
[pirrha:rw] /mnt/host/source/src/platform/ec/zephyr/Kconfig.stacks:52,
[pirrha:rw] /mnt/host/source/src/platform/ec/zephyr/Kconfig.tasks:123) was assigned the value '1280' but got the
[pirrha:rw] value '1152'. See http://docs.zephyrproject.org/latest/kconfig.html#CONFIG_TASK_HOSTCMD_STACK_SIZE
[pirrha:rw] and/or look up TASK_HOSTCMD_STACK_SIZE in the menuconfig/guiconfig interface. The Application
[pirrha:rw] Development Primer, Setting Configuration Values, and Kconfig - Tips and Best Practices sections of
[pirrha:rw] the manual might be helpful too.
[pirrha:rw] warning: The choice symbol PLATFORM_EC_USB_PD_DISCHARGE_TCPC (defined at
[pirrha:rw] /mnt/host/source/src/platform/ec/zephyr/Kconfig.pd_discharge:26) was selected (set =y), but no
[pirrha:rw] symbol ended up as the choice selection. See
[pirrha:rw] http://docs.zephyrproject.org/latest/kconfig.html#CONFIG_PLATFORM_EC_USB_PD_DISCHARGE_TCPC and/or
[pirrha:rw] look up PLATFORM_EC_USB_PD_DISCHARGE_TCPC in the menuconfig/guiconfig interface. The Application
[pirrha:rw] Development Primer, Setting Configuration Values, and Kconfig - Tips and Best Practices sections of
[pirrha:rw] the manual might be helpful too.
[tanjiro:rw] [264/333] Building C object modules/ec/zephyr/CMakeFiles/ec_shim.dir/drivers/cros_system/cros_system_it8xxx2.c.obj
[tanjiro:rw] [265/333] Building C object modules/ec/zephyr/CMakeFiles/ec_shim.dir/drivers/usbc/pdc_rts54xx.c.obj
[tanjiro:rw] [266/333] Building C object modules/ec/zephyr/CMakeFiles/ec_shim.dir/drivers/usbc/ucsi_v3.c.obj
[tanjiro:rw] [267/333] Building C object modules/ec/zephyr/CMakeFiles/ec_shim.dir/shim/chip/it8xxx2/clock.c.obj
[tanjiro:rw] [268/333] Building C object modules/ec/zephyr/CMakeFiles/ec_shim.dir/shim/chip/it8xxx2/gpio.c.obj
[tanjiro:rw] [269/333] Building C object modules/ec/zephyr/CMakeFiles/ec_shim.dir/shim/chip/it8xxx2/system.c.obj
[tanjiro:ro] [248/333] Linking C static library zephyr/drivers/pwm/libdrivers__pwm.a
[tanjiro:rw] [270/333] Building C object modules/ec/zephyr/CMakeFiles/ec_shim.dir/shim/chip/it8xxx2/keyboard_raw.c.obj
[tanjiro:rw] [271/333] Building C object modules/ec/zephyr/CMakeFiles/ec_shim.dir/shim/chip/it8xxx2/power_policy.c.obj
[tanjiro:rw] [272/333] Building C object modules/ec/zephyr/CMakeFiles/ec_shim.dir/shim/chip/it8xxx2/shi.c.obj
[tanjiro:ro] [249/333] Building C object zephyr/drivers/serial/CMakeFiles/drivers__serial.dir/uart_ite_it8xxx2.c.obj
[tanjiro:rw] [273/333] Building C object modules/ec/zephyr/CMakeFiles/ec_shim.dir/shim/src/console.c.obj
[tanjiro:ro] [250/333] Building C object zephyr/drivers/serial/CMakeFiles/drivers__serial.dir/uart_ns16550.c.obj
[tanjiro:rw] [274/333] Building C object modules/ec/zephyr/CMakeFiles/ec_shim.dir/shim/src/crc.c.obj
[tanjiro:rw] [275/333] Building C object modules/ec/zephyr/CMakeFiles/ec_shim.dir/shim/src/gpio.c.obj
[tanjiro:ro] [251/333] Linking C static library zephyr/drivers/serial/libdrivers__serial.a
[tanjiro:ro] [252/333] Building C object zephyr/drivers/syscon/CMakeFiles/drivers__syscon.dir/mnt/host/source/src/third_party/zephyr/main/misc/empty_file.c.obj
[tanjiro:rw] [276/333] Building C object modules/ec/zephyr/CMakeFiles/ec_shim.dir/shim/src/gpio_int.c.obj
[tanjiro:rw] [277/333] Building C object modules/ec/zephyr/CMakeFiles/ec_shim.dir/shim/src/panic_utils.c.obj
[tanjiro:rw] [278/333] Building C object modules/ec/zephyr/CMakeFiles/ec_shim.dir/shim/src/pm_state.c.obj
[tanjiro:rw] [279/333] Building C object modules/ec/zephyr/CMakeFiles/ec_shim.dir/shim/src/cbi/cros_cbi.c.obj
[tanjiro:ro] [253/333] Linking C static library zephyr/drivers/syscon/libdrivers__syscon.a
[tanjiro:rw] [280/333] Building C object modules/ec/zephyr/CMakeFiles/ec_shim.dir/shim/src/cbi/cbi_flash.c.obj
[it8xxx2_evb:singleimage] warning: Deprecated symbol I2C_ALLOW_NO_STOP_TRANSACTIONS is enabled.
[tanjiro:rw] [281/333] Building C object modules/ec/zephyr/CMakeFiles/ec_shim.dir/shim/src/system.c.obj
[tanjiro:ro] [254/333] Building C object zephyr/drivers/timer/CMakeFiles/drivers__timer.dir/sys_clock_init.c.obj
[tanjiro:rw] [282/333] Building C object modules/ec/zephyr/CMakeFiles/ec_shim.dir/shim/src/pdc_shim.c.obj
[tanjiro:ro] [255/333] Building C object zephyr/drivers/timer/CMakeFiles/drivers__timer.dir/ite_it8xxx2_timer.c.obj
[tanjiro:rw] [283/333] Building C object modules/ec/zephyr/CMakeFiles/ec_shim.dir/shim/src/adc.c.obj
[tanjiro:rw] [284/333] Building C object modules/ec/zephyr/CMakeFiles/ec_shim.dir/shim/src/battery.c.obj
[tanjiro:rw] [285/333] Building C object modules/ec/zephyr/CMakeFiles/ec_shim.dir/shim/src/charger.c.obj
[tanjiro:ro] [256/333] Linking C static library zephyr/drivers/timer/libdrivers__timer.a
[tanjiro:rw] [286/333] Building C object modules/ec/zephyr/CMakeFiles/ec_shim.dir/shim/src/flash.c.obj
[tanjiro:rw] [287/333] Building C object modules/ec/zephyr/CMakeFiles/ec_shim.dir/shim/src/hooks.c.obj
[tanjiro:ro] [257/333] Building C object zephyr/drivers/watchdog/CMakeFiles/drivers__watchdog.dir/wdt_ite_it8xxx2.c.obj
[lapis:rw] Loaded configuration '/mnt/host/source/src/platform/ec/zephyr/boards/google/realtek/realtek_rts5912_defconfig'
[lapis:rw] Merged configuration '/mnt/host/source/src/platform/ec/zephyr/program/fatcat/program.conf'
[lapis:rw] Merged configuration '/mnt/host/source/src/platform/ec/zephyr/program/fatcat/lapis/project.conf'
[lapis:rw] Merged configuration '/mnt/host/source/src/platform/ec/build/zephyr/lapis/kconfig-rw.conf'
[lapis:rw] Configuration saved to '/mnt/host/source/src/platform/ec/build/zephyr/lapis/build-rw/zephyr/.config'
[lapis:rw] Kconfig header saved to '/mnt/host/source/src/platform/ec/build/zephyr/lapis/build-rw/zephyr/include/generated/zephyr/autoconf.h'
[lapis:rw] -- Found GnuLd: /home/jpmurphy/.cache/coreboot-sdk/arm-eabi/ea40ddd1d190c3b48435c474c0b545719371813a/arm-eabi/bin/ld.bfd (found version "2.43.1")
[fatcatrvp-ite:rw] warning: Deprecated symbol I2C_ALLOW_NO_STOP_TRANSACTIONS is enabled.
[tanjiro:rw] [288/333] Building C object modules/ec/zephyr/CMakeFiles/ec_shim.dir/shim/src/host_command.c.obj
[tanjiro:ro] [258/333] Building C object zephyr/drivers/watchdog/CMakeFiles/drivers__watchdog.dir/wdt_shell.c.obj
[tanjiro:rw] [289/333] Building C object modules/ec/zephyr/CMakeFiles/ec_shim.dir/shim/src/console_buffer.c.obj
[tanjiro:rw] [290/333] Building C object modules/ec/zephyr/CMakeFiles/ec_shim.dir/shim/src/keyboard_raw.c.obj
[tanjiro:rw] [291/333] Building C object modules/ec/zephyr/CMakeFiles/ec_shim.dir/shim/src/mkbp_event.c.obj
[tanjiro:rw] [292/333] Building C object modules/ec/zephyr/CMakeFiles/ec_shim.dir/shim/src/motionsense_sensors.c.obj
[tanjiro:ro] [259/333] Linking C static library zephyr/drivers/watchdog/libdrivers__watchdog.a
[tanjiro:rw] [293/333] Building C object modules/ec/zephyr/CMakeFiles/ec_shim.dir/shim/src/panic.c.obj
[tanjiro:ro] [260/333] Building C object modules/ec/zephyr/CMakeFiles/ec_shim.dir/app/ec/ec_app_main.c.obj
[tanjiro:rw] [294/333] Building C object modules/ec/zephyr/CMakeFiles/ec_shim.dir/shim/src/power.c.obj
[tanjiro:rw] [295/333] Building C object modules/ec/zephyr/CMakeFiles/ec_shim.dir/shim/src/hwtimer.c.obj
[tanjiro:ro] [261/333] Building C object modules/ec/zephyr/CMakeFiles/ec_shim.dir/app/ec/main_shim.c.obj
[pirrha:rw] Parsing /mnt/host/source/src/platform/ec/zephyr/program/nissa/Kconfig
[tanjiro:rw] [296/333] Building C object modules/ec/zephyr/CMakeFiles/ec_shim.dir/shim/src/i2c.c.obj
[tanjiro:ro] [262/333] Building C object modules/ec/zephyr/CMakeFiles/ec_shim.dir/drivers/cros_flash/cros_flash_it8xxx2.c.obj
[tanjiro:rw] [297/333] Building C object modules/ec/zephyr/CMakeFiles/ec_shim.dir/shim/src/tasks.c.obj
[tanjiro:ro] [263/333] Building C object modules/ec/zephyr/CMakeFiles/ec_shim.dir/drivers/cros_kb_raw/cros_kb_raw_ite.c.obj
[tanjiro:rw] [298/333] Building C object modules/ec/zephyr/CMakeFiles/ec_shim.dir/shim/src/watchdog.c.obj
[tanjiro:ro] [264/333] Building C object modules/ec/zephyr/CMakeFiles/ec_shim.dir/drivers/cros_system/cros_system_it8xxx2.c.obj
[tanjiro:rw] [299/333] Building C object modules/ec/zephyr/CMakeFiles/ec_shim.dir/shim/src/sha256_hw.c.obj
[tanjiro:ro] [265/333] Building C object modules/ec/zephyr/CMakeFiles/ec_shim.dir/drivers/usbc/pdc_rts54xx.c.obj
[pirrha:ro] Loaded configuration '/mnt/host/source/src/platform/ec/zephyr/boards/google/it8xxx2/it8xxx2_it81302bx_defconfig'
[pirrha:ro] Merged configuration '/mnt/host/source/src/platform/ec/zephyr/program/nissa/program.conf'
[pirrha:ro] Merged configuration '/mnt/host/source/src/platform/ec/zephyr/program/nissa/it8xxx2_program.conf'
[pirrha:ro] Merged configuration '/mnt/host/source/src/platform/ec/zephyr/program/nissa/pirrha/project.conf'
[pirrha:ro] Merged configuration '/mnt/host/source/src/platform/ec/build/zephyr/pirrha/kconfig-ro.conf'
[pirrha:ro] Configuration saved to '/mnt/host/source/src/platform/ec/build/zephyr/pirrha/build-ro/zephyr/.config'
[pirrha:ro] Kconfig header saved to '/mnt/host/source/src/platform/ec/build/zephyr/pirrha/build-ro/zephyr/include/generated/zephyr/autoconf.h'
[pirrha:ro] -- Found GnuLd: /home/jpmurphy/.cache/coreboot-sdk/riscv64-elf/96b949749225b6aaa92ed810ab769e8dfb12f000/riscv64-elf/bin/ld.bfd (found version "2.43.1")
[tanjiro:ro] [266/333] Building C object modules/ec/zephyr/CMakeFiles/ec_shim.dir/drivers/usbc/ucsi_v3.c.obj
[lapis:rw] -- The C compiler identification is GNU 14.2.0
[tanjiro:ro] [267/333] Building C object modules/ec/zephyr/CMakeFiles/ec_shim.dir/shim/chip/it8xxx2/clock.c.obj
[/mnt/host/source/src/platform/ec/build/zephyr/ptlgcs-lcov]   /mnt/host/source/src/platform/ec/build/zephyr/ptlgcs/build-ro/modules/ec/zephyr/CMakeFiles/ec_shim.dir/drivers/keyboard_input/keyboard_customization_check.c.gcno:no functions found
[/mnt/host/source/src/platform/ec/build/zephyr/ptlgcs-lcov] stderr:
[tanjiro:ro] [268/333] Building C object modules/ec/zephyr/CMakeFiles/ec_shim.dir/shim/chip/it8xxx2/gpio.c.obj
[tanjiro:ro] [269/333] Building C object modules/ec/zephyr/CMakeFiles/ec_shim.dir/shim/chip/it8xxx2/system.c.obj
[tanjiro:ro] [270/333] Building C object modules/ec/zephyr/CMakeFiles/ec_shim.dir/shim/chip/it8xxx2/keyboard_raw.c.obj
[tanjiro:ro] [271/333] Building C object modules/ec/zephyr/CMakeFiles/ec_shim.dir/shim/chip/it8xxx2/power_policy.c.obj
[tanjiro:rw] [300/333] Linking C static library modules/ec/zephyr/libec_shim.a
[tanjiro:ro] [272/333] Building C object modules/ec/zephyr/CMakeFiles/ec_shim.dir/shim/chip/it8xxx2/shi.c.obj
[lapis:ro] Loaded configuration '/mnt/host/source/src/platform/ec/zephyr/boards/google/realtek/realtek_rts5912_defconfig'
[lapis:ro] Merged configuration '/mnt/host/source/src/platform/ec/zephyr/program/fatcat/program.conf'
[lapis:ro] Merged configuration '/mnt/host/source/src/platform/ec/zephyr/program/fatcat/lapis/project.conf'
[lapis:ro] Merged configuration '/mnt/host/source/src/platform/ec/build/zephyr/lapis/kconfig-ro.conf'
[lapis:ro] Configuration saved to '/mnt/host/source/src/platform/ec/build/zephyr/lapis/build-ro/zephyr/.config'
[lapis:ro] Kconfig header saved to '/mnt/host/source/src/platform/ec/build/zephyr/lapis/build-ro/zephyr/include/generated/zephyr/autoconf.h'
[lapis:ro] -- Found GnuLd: /home/jpmurphy/.cache/coreboot-sdk/arm-eabi/ea40ddd1d190c3b48435c474c0b545719371813a/arm-eabi/bin/ld.bfd (found version "2.43.1")
[tanjiro:ro] [273/333] Building C object modules/ec/zephyr/CMakeFiles/ec_shim.dir/shim/src/console.c.obj
[tanjiro:rw] [301/333] Building C object zephyr/kernel/CMakeFiles/kernel.dir/main_weak.c.obj
[tanjiro:rw] [302/333] Building C object zephyr/kernel/CMakeFiles/kernel.dir/banner.c.obj
[tanjiro:ro] [274/333] Building C object modules/ec/zephyr/CMakeFiles/ec_shim.dir/shim/src/crc.c.obj
[tanjiro:ro] [275/333] Building C object modules/ec/zephyr/CMakeFiles/ec_shim.dir/shim/src/gpio.c.obj
[tanjiro:rw] [303/333] Building C object zephyr/kernel/CMakeFiles/kernel.dir/busy_wait.c.obj
[tanjiro:ro] [276/333] Building C object modules/ec/zephyr/CMakeFiles/ec_shim.dir/shim/src/gpio_int.c.obj
[tanjiro:rw] [304/333] Building C object zephyr/kernel/CMakeFiles/kernel.dir/device.c.obj
[tanjiro:ro] [277/333] Building C object modules/ec/zephyr/CMakeFiles/ec_shim.dir/shim/src/panic_utils.c.obj
[tanjiro:ro] [278/333] Building C object modules/ec/zephyr/CMakeFiles/ec_shim.dir/shim/src/pm_state.c.obj
[tanjiro:rw] [305/333] Building C object zephyr/kernel/CMakeFiles/kernel.dir/errno.c.obj
[tanjiro:ro] [279/333] Building C object modules/ec/zephyr/CMakeFiles/ec_shim.dir/shim/src/cbi/cros_cbi.c.obj
[tanjiro:rw] [306/333] Building C object zephyr/kernel/CMakeFiles/kernel.dir/fatal.c.obj
[lapis:rw] -- The CXX compiler identification is GNU 14.2.0
[fatcatrvp-ite:ro] Parsing /mnt/host/source/src/platform/ec/zephyr/program/fatcat/Kconfig
[tanjiro:rw] [307/333] Building C object zephyr/kernel/CMakeFiles/kernel.dir/init.c.obj
[tanjiro:ro] [280/333] Building C object modules/ec/zephyr/CMakeFiles/ec_shim.dir/shim/src/cbi/cbi_flash.c.obj
[tanjiro:rw] [308/333] Building C object zephyr/kernel/CMakeFiles/kernel.dir/kheap.c.obj
[tanjiro:ro] [281/333] Building C object modules/ec/zephyr/CMakeFiles/ec_shim.dir/shim/src/system.c.obj
[tanjiro:rw] [309/333] Building C object zephyr/kernel/CMakeFiles/kernel.dir/mem_slab.c.obj
[it8xxx2_evb:singleimage] Parsing /mnt/host/source/src/third_party/zephyr/main/Kconfig
[tanjiro:ro] [282/333] Building C object modules/ec/zephyr/CMakeFiles/ec_shim.dir/shim/src/pdc_shim.c.obj
[tanjiro:rw] [310/333] Building C object zephyr/kernel/CMakeFiles/kernel.dir/float.c.obj
[tanjiro:ro] [283/333] Building C object modules/ec/zephyr/CMakeFiles/ec_shim.dir/shim/src/adc.c.obj
[pirrha:ro] -- The C compiler identification is GNU 14.2.0
[tanjiro:rw] [311/333] Building C object zephyr/kernel/CMakeFiles/kernel.dir/version.c.obj
[tanjiro:ro] [284/333] Building C object modules/ec/zephyr/CMakeFiles/ec_shim.dir/shim/src/battery.c.obj
[lapis:rw] -- The ASM compiler identification is GNU
[lapis:rw] -- Found assembler: /home/jpmurphy/.cache/coreboot-sdk/arm-eabi/ea40ddd1d190c3b48435c474c0b545719371813a/bin/arm-eabi-gcc
[tanjiro:rw] [312/333] Building C object zephyr/kernel/CMakeFiles/kernel.dir/idle.c.obj
[tanjiro:ro] [285/333] Building C object modules/ec/zephyr/CMakeFiles/ec_shim.dir/shim/src/charger.c.obj
[lapis:rw] warning: Deprecated symbol I2C_ALLOW_NO_STOP_TRANSACTIONS is enabled.
[lapis:rw] CMake Warning at /mnt/host/source/src/platform/ec/zephyr/cmake/linker/ld/linker_libraries.cmake:11 (message):
[lapis:rw]   Disabling c_library
[tanjiro:ro] [286/333] Building C object modules/ec/zephyr/CMakeFiles/ec_shim.dir/shim/src/flash.c.obj
[fatcatrvp-ite:rw] Parsing /mnt/host/source/src/platform/ec/zephyr/program/fatcat/Kconfig
[tanjiro:rw] [313/333] Building C object zephyr/kernel/CMakeFiles/kernel.dir/mailbox.c.obj
[lapis:ro] -- The C compiler identification is GNU 14.2.0
[tanjiro:ro] [287/333] Building C object modules/ec/zephyr/CMakeFiles/ec_shim.dir/shim/src/hooks.c.obj
[tanjiro:rw] [314/333] Building C object zephyr/kernel/CMakeFiles/kernel.dir/msg_q.c.obj
[tanjiro:ro] [288/333] Building C object modules/ec/zephyr/CMakeFiles/ec_shim.dir/shim/src/host_command.c.obj
[tanjiro:rw] [315/333] Building C object zephyr/kernel/CMakeFiles/kernel.dir/mutex.c.obj
[tanjiro:ro] [289/333] Building C object modules/ec/zephyr/CMakeFiles/ec_shim.dir/shim/src/console_buffer.c.obj
[tanjiro:rw] [316/333] Building C object zephyr/kernel/CMakeFiles/kernel.dir/queue.c.obj
[tanjiro:rw] [317/333] Building C object zephyr/kernel/CMakeFiles/kernel.dir/sem.c.obj
[tanjiro:ro] [290/333] Building C object modules/ec/zephyr/CMakeFiles/ec_shim.dir/shim/src/keyboard_raw.c.obj
[tanjiro:rw] [318/333] Building C object zephyr/kernel/CMakeFiles/kernel.dir/stack.c.obj
[tanjiro:ro] [291/333] Building C object modules/ec/zephyr/CMakeFiles/ec_shim.dir/shim/src/mkbp_event.c.obj
[tanjiro:rw] [319/333] Building C object zephyr/kernel/CMakeFiles/kernel.dir/system_work_q.c.obj
[tanjiro:ro] [292/333] Building C object modules/ec/zephyr/CMakeFiles/ec_shim.dir/shim/src/motionsense_sensors.c.obj
[tanjiro:ro] [293/333] Building C object modules/ec/zephyr/CMakeFiles/ec_shim.dir/shim/src/panic.c.obj
[tanjiro:ro] [294/333] Building C object modules/ec/zephyr/CMakeFiles/ec_shim.dir/shim/src/power.c.obj
[tanjiro:rw] [320/333] Building C object zephyr/kernel/CMakeFiles/kernel.dir/work.c.obj
[tanjiro:ro] [295/333] Building C object modules/ec/zephyr/CMakeFiles/ec_shim.dir/shim/src/hwtimer.c.obj
[tanjiro:rw] [321/333] Building C object zephyr/kernel/CMakeFiles/kernel.dir/condvar.c.obj
[tanjiro:ro] [296/333] Building C object modules/ec/zephyr/CMakeFiles/ec_shim.dir/shim/src/i2c.c.obj
[tanjiro:rw] [322/333] Building C object zephyr/kernel/CMakeFiles/kernel.dir/thread.c.obj
[tanjiro:ro] [297/333] Building C object modules/ec/zephyr/CMakeFiles/ec_shim.dir/shim/src/tasks.c.obj
[tanjiro:rw] [323/333] Building C object zephyr/kernel/CMakeFiles/kernel.dir/sched.c.obj
[tanjiro:ro] [298/333] Building C object modules/ec/zephyr/CMakeFiles/ec_shim.dir/shim/src/watchdog.c.obj
[tanjiro:rw] [324/333] Building C object zephyr/kernel/CMakeFiles/kernel.dir/pipe.c.obj
[tanjiro:rw] [325/333] Building C object zephyr/kernel/CMakeFiles/kernel.dir/spinlock_validate.c.obj
[tanjiro:ro] [299/333] Building C object modules/ec/zephyr/CMakeFiles/ec_shim.dir/shim/src/sha256_hw.c.obj
[lapis:ro] -- The CXX compiler identification is GNU 14.2.0
[tanjiro:rw] [326/333] Building C object zephyr/kernel/CMakeFiles/kernel.dir/thread_monitor.c.obj
[pirrha:ro] -- The CXX compiler identification is GNU 14.2.0
[tanjiro:rw] [327/333] Building C object zephyr/kernel/CMakeFiles/kernel.dir/timeout.c.obj
[tanjiro:rw] [328/333] Building C object zephyr/kernel/CMakeFiles/kernel.dir/timer.c.obj
[adlrvp_npcx:rw] warning: PLATFORM_EC_POWERSEQ_S4 (defined at
[adlrvp_npcx:rw] /mnt/host/source/src/platform/ec/zephyr/Kconfig.powerseq:151) was assigned the value 'y' but got the
[adlrvp_npcx:rw] value 'n'. Check these unsatisfied dependencies:
[adlrvp_npcx:rw] PLATFORM_HOST_INTERFACE_EC_HOST_INTERFACE_ESPI_VW_SLP_S5 (=n). See
[adlrvp_npcx:rw] http://docs.zephyrproject.org/latest/kconfig.html#CONFIG_PLATFORM_EC_POWERSEQ_S4 and/or look up
[adlrvp_npcx:rw] PLATFORM_EC_POWERSEQ_S4 in the menuconfig/guiconfig interface. The Application Development Primer,
[adlrvp_npcx:rw] Setting Configuration Values, and Kconfig - Tips and Best Practices sections of the manual might be
[adlrvp_npcx:rw] helpful too.
[tanjiro:rw] [329/333] Building C object zephyr/kernel/CMakeFiles/kernel.dir/poll.c.obj
[tanjiro:rw] [330/333] Building C object zephyr/kernel/CMakeFiles/kernel.dir/events.c.obj
[tanjiro:ro] [300/333] Linking C static library modules/ec/zephyr/libec_shim.a
[pirrha:ro] -- The ASM compiler identification is GNU
[pirrha:ro] -- Found assembler: /home/jpmurphy/.cache/coreboot-sdk/riscv64-elf/96b949749225b6aaa92ed810ab769e8dfb12f000/bin/riscv64-elf-gcc
[lapis:ro] -- The ASM compiler identification is GNU
[tanjiro:rw] [331/333] Building C object zephyr/kernel/CMakeFiles/kernel.dir/mempool.c.obj
[lapis:ro] -- Found assembler: /home/jpmurphy/.cache/coreboot-sdk/arm-eabi/ea40ddd1d190c3b48435c474c0b545719371813a/bin/arm-eabi-gcc
[tanjiro:rw] [332/333] Building C object zephyr/kernel/CMakeFiles/kernel.dir/dynamic_disabled.c.obj
[tanjiro:ro] [301/333] Building C object zephyr/kernel/CMakeFiles/kernel.dir/main_weak.c.obj
[telith:ro] /mnt/host/source/src/platform/ec/build/zephyr/telith/build-ro/zephyr/zephyr.dts:2969.9-2977.5: Warning (gpios_property): /fans/fan_0: Missing property '#gpio-cells' in node /named-gpios/en_pp5000_fan or bad phandle (referred from enable-gpio[0])
[telith:ro] warning: PLATFORM_EC_I2C_VIRTUAL_BATTERY_ADDR (defined at
[telith:ro] /mnt/host/source/src/platform/ec/zephyr/Kconfig.battery:130) was assigned the value '0x0f' but got
[telith:ro] the value ''. Check these unsatisfied dependencies: PLATFORM_EC_I2C_VIRTUAL_BATTERY (=n). See
[telith:ro] http://docs.zephyrproject.org/latest/kconfig.html#CONFIG_PLATFORM_EC_I2C_VIRTUAL_BATTERY_ADDR and/or
[telith:ro] look up PLATFORM_EC_I2C_VIRTUAL_BATTERY_ADDR in the menuconfig/guiconfig interface. The Application
[telith:ro] Development Primer, Setting Configuration Values, and Kconfig - Tips and Best Practices sections of
[telith:ro] the manual might be helpful too.
[telith:ro] warning: PLATFORM_EC_SMART_BATTERY_OPTIONAL_MFG_FUNC (defined at
[telith:ro] /mnt/host/source/src/platform/ec/zephyr/Kconfig.battery:341) was assigned the value 'y' but got the
[telith:ro] value 'n'. Check these unsatisfied dependencies: PLATFORM_EC_I2C_VIRTUAL_BATTERY (=n). See
[telith:ro] http://docs.zephyrproject.org/latest/kconfig.html#CONFIG_PLATFORM_EC_SMART_BATTERY_OPTIONAL_MFG_FUNC
[telith:ro] and/or look up PLATFORM_EC_SMART_BATTERY_OPTIONAL_MFG_FUNC in the menuconfig/guiconfig interface.
[telith:ro] The Application Development Primer, Setting Configuration Values, and Kconfig - Tips and Best
[telith:ro] Practices sections of the manual might be helpful too.
[telith:ro] warning: PLATFORM_EC_OCPC_DEF_RBATT_MOHMS (defined at
[telith:ro] /mnt/host/source/src/platform/ec/zephyr/Kconfig.charger:279) was assigned the value '21' but got the
[telith:ro] value ''. Check these unsatisfied dependencies: PLATFORM_EC_OCPC (=n). See
[telith:ro] http://docs.zephyrproject.org/latest/kconfig.html#CONFIG_PLATFORM_EC_OCPC_DEF_RBATT_MOHMS and/or
[telith:ro] look up PLATFORM_EC_OCPC_DEF_RBATT_MOHMS in the menuconfig/guiconfig interface. The Application
[telith:ro] Development Primer, Setting Configuration Values, and Kconfig - Tips and Best Practices sections of
[telith:ro] the manual might be helpful too.
[telith:ro] warning: PLATFORM_EC_OCPC_DEF_DRIVELIMIT_MILLIVOLTS (defined at
[telith:ro] /mnt/host/source/src/platform/ec/zephyr/Kconfig.charger:288) was assigned the value '200' but got
[telith:ro] the value ''. Check these unsatisfied dependencies: PLATFORM_EC_OCPC (=n). See
[telith:ro] http://docs.zephyrproject.org/latest/kconfig.html#CONFIG_PLATFORM_EC_OCPC_DEF_DRIVELIMIT_MILLIVOLTS
[telith:ro] and/or look up PLATFORM_EC_OCPC_DEF_DRIVELIMIT_MILLIVOLTS in the menuconfig/guiconfig interface. The
[telith:ro] Application Development Primer, Setting Configuration Values, and Kconfig - Tips and Best Practices
[telith:ro] sections of the manual might be helpful too.
[tanjiro:ro] [302/333] Building C object zephyr/kernel/CMakeFiles/kernel.dir/banner.c.obj
[lapis:ro] CMake Warning at /mnt/host/source/src/platform/ec/zephyr/cmake/linker/ld/linker_libraries.cmake:11 (message):
[telith:ro] warning: PLATFORM_EC_SENSOR_TIGHT_TIMESTAMPS (defined at
[telith:ro] /mnt/host/source/src/platform/ec/zephyr/Kconfig.motionsense:69) was assigned the value 'y' but got
[telith:ro] the value 'n'. Check these unsatisfied dependencies: PLATFORM_EC_MOTIONSENSE (=n). See
[telith:ro] http://docs.zephyrproject.org/latest/kconfig.html#CONFIG_PLATFORM_EC_SENSOR_TIGHT_TIMESTAMPS and/or
[telith:ro] look up PLATFORM_EC_SENSOR_TIGHT_TIMESTAMPS in the menuconfig/guiconfig interface. The Application
[telith:ro] Development Primer, Setting Configuration Values, and Kconfig - Tips and Best Practices sections of
[telith:ro] the manual might be helpful too.
[telith:ro] warning: PLATFORM_EC_MAX_SENSOR_FREQ_MILLIHZ (defined at
[telith:ro] /mnt/host/source/src/platform/ec/zephyr/Kconfig.motionsense:96) was assigned the value '100000' but
[telith:ro] got the value ''. Check these unsatisfied dependencies: PLATFORM_EC_MOTIONSENSE (=n). See
[telith:ro] http://docs.zephyrproject.org/latest/kconfig.html#CONFIG_PLATFORM_EC_MAX_SENSOR_FREQ_MILLIHZ and/or
[telith:ro] look up PLATFORM_EC_MAX_SENSOR_FREQ_MILLIHZ in the menuconfig/guiconfig interface. The Application
[telith:ro] Development Primer, Setting Configuration Values, and Kconfig - Tips and Best Practices sections of
[telith:ro] the manual might be helpful too.
[telith:ro] warning: PLATFORM_EC_LID_ANGLE (defined at
[telith:ro] /mnt/host/source/src/platform/ec/zephyr/Kconfig.motionsense:116) was assigned the value 'y' but got
[telith:ro] the value 'n'. Check these unsatisfied dependencies: PLATFORM_EC_MOTIONSENSE (=n). See
[telith:ro] http://docs.zephyrproject.org/latest/kconfig.html#CONFIG_PLATFORM_EC_LID_ANGLE and/or look up
[telith:ro] PLATFORM_EC_LID_ANGLE in the menuconfig/guiconfig interface. The Application Development Primer,
[telith:ro] Setting Configuration Values, and Kconfig - Tips and Best Practices sections of the manual might be
[telith:ro] helpful too.
[telith:ro] warning: PLATFORM_EC_LID_ANGLE_UPDATE (defined at
[telith:ro] /mnt/host/source/src/platform/ec/zephyr/Kconfig.motionsense:127) was assigned the value 'y' but got
[telith:ro] the value 'n'. Check these unsatisfied dependencies: PLATFORM_EC_LID_ANGLE (=n),
[telith:ro] PLATFORM_EC_MOTIONSENSE (=n). See
[telith:ro] http://docs.zephyrproject.org/latest/kconfig.html#CONFIG_PLATFORM_EC_LID_ANGLE_UPDATE and/or look up
[telith:ro] PLATFORM_EC_LID_ANGLE_UPDATE in the menuconfig/guiconfig interface. The Application Development
[telith:ro] Primer, Setting Configuration Values, and Kconfig - Tips and Best Practices sections of the manual
[telith:ro] might be helpful too.
[telith:ro] warning: PLATFORM_EC_CONSOLE_CMD_ACCELS (defined at
[telith:ro] /mnt/host/source/src/platform/ec/zephyr/Kconfig.motionsense:143) was assigned the value 'y' but got
[telith:ro] the value 'n'. Check these unsatisfied dependencies: PLATFORM_EC_MOTIONSENSE (=n). See
[telith:ro] http://docs.zephyrproject.org/latest/kconfig.html#CONFIG_PLATFORM_EC_CONSOLE_CMD_ACCELS and/or look
[telith:ro] up PLATFORM_EC_CONSOLE_CMD_ACCELS in the menuconfig/guiconfig interface. The Application Development
[telith:ro] Primer, Setting Configuration Values, and Kconfig - Tips and Best Practices sections of the manual
[telith:ro] might be helpful too.
[telith:ro] warning: PLATFORM_EC_CONSOLE_CMD_ACCEL_INFO (defined at
[telith:ro] /mnt/host/source/src/platform/ec/zephyr/Kconfig.motionsense:159) was assigned the value 'y' but got
[telith:ro] the value 'n'. Check these unsatisfied dependencies: PLATFORM_EC_CONSOLE_CMD_ACCELS (=n),
[tanjiro:ro] [303/333] Building C object zephyr/kernel/CMakeFiles/kernel.dir/busy_wait.c.obj
[telith:ro] PLATFORM_EC_MOTIONSENSE (=n). See
[telith:ro] http://docs.zephyrproject.org/latest/kconfig.html#CONFIG_PLATFORM_EC_CONSOLE_CMD_ACCEL_INFO and/or
[telith:ro] look up PLATFORM_EC_CONSOLE_CMD_ACCEL_INFO in the menuconfig/guiconfig interface. The Application
[telith:ro] Development Primer, Setting Configuration Values, and Kconfig - Tips and Best Practices sections of
[telith:ro] the manual might be helpful too.
[telith:ro] warning: TASK_HOSTCMD_STACK_SIZE (defined at
[telith:ro] /mnt/host/source/src/platform/ec/zephyr/Kconfig.stacks:52,
[telith:ro] /mnt/host/source/src/platform/ec/zephyr/Kconfig.tasks:123) was assigned the value '1280' but got the
[telith:ro] value '1152'. See http://docs.zephyrproject.org/latest/kconfig.html#CONFIG_TASK_HOSTCMD_STACK_SIZE
[telith:ro] and/or look up TASK_HOSTCMD_STACK_SIZE in the menuconfig/guiconfig interface. The Application
[telith:ro] Development Primer, Setting Configuration Values, and Kconfig - Tips and Best Practices sections of
[telith:ro] the manual might be helpful too.
[pirrha:ro] CMake Warning at /mnt/host/source/src/platform/ec/zephyr/cmake/linker/ld/linker_libraries.cmake:11 (message):
[pirrha:ro]   Disabling c_library
[pirrha:ro] Call Stack (most recent call first):
[pirrha:ro]   /mnt/host/source/src/third_party/zephyr/main/cmake/target_toolchain_flags.cmake:48 (include)
[pirrha:ro]   /mnt/host/source/src/third_party/zephyr/main/cmake/modules/kernel.cmake:153 (include)
[pirrha:ro]   /mnt/host/source/src/third_party/zephyr/main/cmake/modules/zephyr_default.cmake:138 (include)
[pirrha:ro]   /mnt/host/source/src/third_party/zephyr/main/share/zephyr-package/cmake/ZephyrConfig.cmake:66 (include)
[pirrha:ro]   /mnt/host/source/src/third_party/zephyr/main/share/zephyr-package/cmake/ZephyrConfig.cmake:97 (include_boilerplate)
[pirrha:ro]   CMakeLists.txt:7 (find_package)
[tanjiro:ro] [304/333] Building C object zephyr/kernel/CMakeFiles/kernel.dir/device.c.obj
[tanjiro:ro] [305/333] Building C object zephyr/kernel/CMakeFiles/kernel.dir/errno.c.obj
[pirrha:rw] Loaded configuration '/mnt/host/source/src/platform/ec/zephyr/boards/google/it8xxx2/it8xxx2_it81302bx_defconfig'
[pirrha:rw] Merged configuration '/mnt/host/source/src/platform/ec/zephyr/program/nissa/program.conf'
[pirrha:rw] Merged configuration '/mnt/host/source/src/platform/ec/zephyr/program/nissa/it8xxx2_program.conf'
[pirrha:rw] Merged configuration '/mnt/host/source/src/platform/ec/zephyr/program/nissa/pirrha/project.conf'
[pirrha:rw] Merged configuration '/mnt/host/source/src/platform/ec/build/zephyr/pirrha/kconfig-rw.conf'
[pirrha:rw] Configuration saved to '/mnt/host/source/src/platform/ec/build/zephyr/pirrha/build-rw/zephyr/.config'
[pirrha:rw] Kconfig header saved to '/mnt/host/source/src/platform/ec/build/zephyr/pirrha/build-rw/zephyr/include/generated/zephyr/autoconf.h'
[pirrha:rw] -- Found GnuLd: /home/jpmurphy/.cache/coreboot-sdk/riscv64-elf/96b949749225b6aaa92ed810ab769e8dfb12f000/riscv64-elf/bin/ld.bfd (found version "2.43.1")
[adlrvp_npcx:ro] warning: PLATFORM_EC_POWERSEQ_S4 (defined at
[adlrvp_npcx:ro] /mnt/host/source/src/platform/ec/zephyr/Kconfig.powerseq:151) was assigned the value 'y' but got the
[adlrvp_npcx:ro] value 'n'. Check these unsatisfied dependencies:
[adlrvp_npcx:ro] PLATFORM_HOST_INTERFACE_EC_HOST_INTERFACE_ESPI_VW_SLP_S5 (=n). See
[adlrvp_npcx:ro] http://docs.zephyrproject.org/latest/kconfig.html#CONFIG_PLATFORM_EC_POWERSEQ_S4 and/or look up
[adlrvp_npcx:ro] PLATFORM_EC_POWERSEQ_S4 in the menuconfig/guiconfig interface. The Application Development Primer,
[adlrvp_npcx:ro] Setting Configuration Values, and Kconfig - Tips and Best Practices sections of the manual might be
[adlrvp_npcx:ro] helpful too.
[adlrvp_npcx:ro] warning: Deprecated symbol I2C_ALLOW_NO_STOP_TRANSACTIONS is enabled.
[tanjiro:ro] [306/333] Building C object zephyr/kernel/CMakeFiles/kernel.dir/fatal.c.obj
[tanjiro:rw] [333/333] Linking C static library zephyr/kernel/libkernel.a
Running (initial) lcov on /mnt/host/source/src/platform/ec/build/zephyr/npcx-aic.
[tanjiro:ro] [307/333] Building C object zephyr/kernel/CMakeFiles/kernel.dir/init.c.obj
[tanjiro:ro] [308/333] Building C object zephyr/kernel/CMakeFiles/kernel.dir/kheap.c.obj
[tanjiro:ro] [309/333] Building C object zephyr/kernel/CMakeFiles/kernel.dir/mem_slab.c.obj
[tanjiro:ro] [310/333] Building C object zephyr/kernel/CMakeFiles/kernel.dir/float.c.obj
[tanjiro:ro] [311/333] Building C object zephyr/kernel/CMakeFiles/kernel.dir/version.c.obj
[tanjiro:ro] [312/333] Building C object zephyr/kernel/CMakeFiles/kernel.dir/idle.c.obj
[tanjiro:ro] [313/333] Building C object zephyr/kernel/CMakeFiles/kernel.dir/mailbox.c.obj
[tanjiro:ro] [314/333] Building C object zephyr/kernel/CMakeFiles/kernel.dir/msg_q.c.obj
[tanjiro:ro] [315/333] Building C object zephyr/kernel/CMakeFiles/kernel.dir/mutex.c.obj
[tanjiro:ro] [316/333] Building C object zephyr/kernel/CMakeFiles/kernel.dir/queue.c.obj
[pirrha:rw] -- The C compiler identification is GNU 14.2.0
[tanjiro:ro] [317/333] Building C object zephyr/kernel/CMakeFiles/kernel.dir/sem.c.obj
[tanjiro:ro] [318/333] Building C object zephyr/kernel/CMakeFiles/kernel.dir/stack.c.obj
[tanjiro:ro] [319/333] Building C object zephyr/kernel/CMakeFiles/kernel.dir/system_work_q.c.obj
[tanjiro:ro] [320/333] Building C object zephyr/kernel/CMakeFiles/kernel.dir/work.c.obj
[lapis:rw] -- Performing EC specific devicetree checks
[tanjiro:ro] [321/333] Building C object zephyr/kernel/CMakeFiles/kernel.dir/condvar.c.obj
[tanjiro:ro] [322/333] Building C object zephyr/kernel/CMakeFiles/kernel.dir/thread.c.obj
[it8xxx2_evb:singleimage] Loaded configuration '/mnt/host/source/src/platform/ec/zephyr/boards/google/it8xxx2/it8xxx2_it81302bx_defconfig'
[it8xxx2_evb:singleimage] Merged configuration '/mnt/host/source/src/platform/ec/zephyr/program/it8xxx2_evb/it8xxx2_evb/project.conf'
[it8xxx2_evb:singleimage] Merged configuration '/mnt/host/source/src/platform/ec/build/zephyr/it8xxx2_evb/kconfig-singleimage.conf'
[it8xxx2_evb:singleimage] Configuration saved to '/mnt/host/source/src/platform/ec/build/zephyr/it8xxx2_evb/build-singleimage/zephyr/.config'
[it8xxx2_evb:singleimage] Kconfig header saved to '/mnt/host/source/src/platform/ec/build/zephyr/it8xxx2_evb/build-singleimage/zephyr/include/generated/zephyr/autoconf.h'
[it8xxx2_evb:singleimage] -- Found GnuLd: /home/jpmurphy/.cache/coreboot-sdk/riscv64-elf/96b949749225b6aaa92ed810ab769e8dfb12f000/riscv64-elf/bin/ld.bfd (found version "2.43.1")
[tanjiro:ro] [323/333] Building C object zephyr/kernel/CMakeFiles/kernel.dir/sched.c.obj
[tanjiro:ro] [324/333] Building C object zephyr/kernel/CMakeFiles/kernel.dir/pipe.c.obj
[tanjiro:ro] [325/333] Building C object zephyr/kernel/CMakeFiles/kernel.dir/spinlock_validate.c.obj
Running `env -i PYTHONPATH=/usr/lib64/python-exec/python3.11:/mnt/host/source/src/platform/ec/zephyr/zmake:/usr/lib/python311.zip:/usr/lib/python3.11:/usr/lib/python3.11/lib-dynload:/usr/lib/python3.11/site-packages PW_PIGWEED_CIPD_INSTALL_DIR=/usr CROSTC_USER_ACKNOWLEDGES_THAT_RISCV_IS_EXPERIMENTAL=1 PATH=/mnt/host/source/chromite/bin:/usr/local/bin:/usr/bin:/bin:/opt/bin:/mnt/host/source/chromite/sdk/bin:/mnt/host/source/chromite/bin HOME=/home/jpmurphy JAVA_HOME=/etc/java-config-2/current-system-vm JDK_HOME=/etc/java-config-2/current-system-vm JAVAC=/etc/java-config-2/current-system-vm/bin/javac MAKEFLAGS=' -j16 --jobserver-auth=5,6' /usr/bin/lcov --gcov-tool /mnt/host/source/src/platform/ec/build/zephyr/npcx-aic/build-rw/gcov.sh -q -o - -c -d /mnt/host/source/src/platform/ec/build/zephyr/npcx-aic -t npcx-aic --rc branch_coverage=1 --filter range --ignore-errors inconsistent,source --ignore-errors gcov,gcov -i`
[tanjiro:ro] [326/333] Building C object zephyr/kernel/CMakeFiles/kernel.dir/thread_monitor.c.obj
[tanjiro:ro] [327/333] Building C object zephyr/kernel/CMakeFiles/kernel.dir/timeout.c.obj
[tanjiro:ro] [328/333] Building C object zephyr/kernel/CMakeFiles/kernel.dir/timer.c.obj
[fatcatrvp-ite:ro] Loaded configuration '/mnt/host/source/src/platform/ec/zephyr/boards/google/it8xxx2/it8xxx2_it82002aw_defconfig'
[fatcatrvp-ite:ro] Merged configuration '/mnt/host/source/src/platform/ec/zephyr/program/fatcat/program.conf'
[fatcatrvp-ite:ro] Merged configuration '/mnt/host/source/src/platform/ec/zephyr/program/fatcat/fatcatrvp-ite/project.conf'
[fatcatrvp-ite:ro] Merged configuration '/mnt/host/source/src/platform/ec/zephyr/program/intelrvp/zephyr_ap_pwrseq.conf'
[fatcatrvp-ite:ro] Merged configuration '/mnt/host/source/src/platform/ec/zephyr/program/intelrvp/ptlrvp/pd.conf'
[fatcatrvp-ite:ro] Merged configuration '/mnt/host/source/src/platform/ec/zephyr/program/fatcat/rvp_program.conf'
[fatcatrvp-ite:ro] Merged configuration '/mnt/host/source/src/platform/ec/build/zephyr/fatcatrvp-ite/kconfig-ro.conf'
[fatcatrvp-ite:ro] Configuration saved to '/mnt/host/source/src/platform/ec/build/zephyr/fatcatrvp-ite/build-ro/zephyr/.config'
[fatcatrvp-ite:ro] Kconfig header saved to '/mnt/host/source/src/platform/ec/build/zephyr/fatcatrvp-ite/build-ro/zephyr/include/generated/zephyr/autoconf.h'
[fatcatrvp-ite:ro] -- Found GnuLd: /home/jpmurphy/.cache/coreboot-sdk/riscv64-elf/96b949749225b6aaa92ed810ab769e8dfb12f000/riscv64-elf/bin/ld.bfd (found version "2.43.1")
[tanjiro:ro] [329/333] Building C object zephyr/kernel/CMakeFiles/kernel.dir/poll.c.obj
[tanjiro:ro] [330/333] Building C object zephyr/kernel/CMakeFiles/kernel.dir/events.c.obj
[/mnt/host/source/src/platform/ec/build/zephyr/pujjolo-lcov]   /mnt/host/source/src/platform/ec/build/zephyr/pujjolo/build-ro/CMakeFiles/app.dir/mnt/host/source/src/platform/ec/build/zephyr/pujjolo/modules/ec/common/cbi_config.c.gcno:no functions found
[/mnt/host/source/src/platform/ec/build/zephyr/pujjolo-lcov] stderr:
[tanjiro:ro] [331/333] Building C object zephyr/kernel/CMakeFiles/kernel.dir/mempool.c.obj
[telith:ro] Parsing /mnt/host/source/src/platform/ec/zephyr/program/nissa/Kconfig
[adlrvp_npcx:rw] Parsing /mnt/host/source/src/platform/ec/zephyr/program/intelrvp/Kconfig
[tanjiro:ro] [332/333] Building C object zephyr/kernel/CMakeFiles/kernel.dir/dynamic_disabled.c.obj
[lapis:rw] Call Stack (most recent call first):
[lapis:rw]   /mnt/host/source/src/third_party/zephyr/main/cmake/target_toolchain_flags.cmake:48 (include)
[lapis:rw]   /mnt/host/source/src/third_party/zephyr/main/cmake/modules/kernel.cmake:153 (include)
[lapis:rw]   /mnt/host/source/src/third_party/zephyr/main/cmake/modules/zephyr_default.cmake:138 (include)
[lapis:rw]   /mnt/host/source/src/third_party/zephyr/main/share/zephyr-package/cmake/ZephyrConfig.cmake:66 (include)
[lapis:rw]   /mnt/host/source/src/third_party/zephyr/main/share/zephyr-package/cmake/ZephyrConfig.cmake:97 (include_boilerplate)
[lapis:rw]   CMakeLists.txt:7 (find_package)
[lapis:rw] INFO: Verified 47 GPIOs, no duplicates found
[lapis:rw] INFO: Verified 9 '*-gpios' properties, all flags match.
[pirrha:rw] -- The CXX compiler identification is GNU 14.2.0
[/mnt/host/source/src/platform/ec/build/zephyr/npcx9-lcov]   /mnt/host/source/src/platform/ec/build/zephyr/npcx9/build-ro/zephyr/CMakeFiles/zephyr.dir/soc/nuvoton/npcx/common/npcxn/registers.c.gcno:no functions found
[/mnt/host/source/src/platform/ec/build/zephyr/npcx9-lcov] stderr:
[fatcatrvp-ite:rw] Loaded configuration '/mnt/host/source/src/platform/ec/zephyr/boards/google/it8xxx2/it8xxx2_it82002aw_defconfig'
[fatcatrvp-ite:rw] Merged configuration '/mnt/host/source/src/platform/ec/zephyr/program/fatcat/program.conf'
[fatcatrvp-ite:rw] Merged configuration '/mnt/host/source/src/platform/ec/zephyr/program/fatcat/fatcatrvp-ite/project.conf'
[fatcatrvp-ite:rw] Merged configuration '/mnt/host/source/src/platform/ec/zephyr/program/intelrvp/zephyr_ap_pwrseq.conf'
[fatcatrvp-ite:rw] Merged configuration '/mnt/host/source/src/platform/ec/zephyr/program/intelrvp/ptlrvp/pd.conf'
[fatcatrvp-ite:rw] Merged configuration '/mnt/host/source/src/platform/ec/zephyr/program/fatcat/rvp_program.conf'
[fatcatrvp-ite:rw] Merged configuration '/mnt/host/source/src/platform/ec/build/zephyr/fatcatrvp-ite/kconfig-rw.conf'
[fatcatrvp-ite:rw] Configuration saved to '/mnt/host/source/src/platform/ec/build/zephyr/fatcatrvp-ite/build-rw/zephyr/.config'
[fatcatrvp-ite:rw] Kconfig header saved to '/mnt/host/source/src/platform/ec/build/zephyr/fatcatrvp-ite/build-rw/zephyr/include/generated/zephyr/autoconf.h'
[fatcatrvp-ite:rw] -- Found GnuLd: /home/jpmurphy/.cache/coreboot-sdk/riscv64-elf/96b949749225b6aaa92ed810ab769e8dfb12f000/riscv64-elf/bin/ld.bfd (found version "2.43.1")
[pirrha:ro] -- Performing EC specific devicetree checks
[it8xxx2_evb:singleimage] -- The C compiler identification is GNU 14.2.0
[pirrha:rw] -- The ASM compiler identification is GNU
[tanjiro:ro] [333/333] Linking C static library zephyr/kernel/libkernel.a
Running (initial) lcov on /mnt/host/source/src/platform/ec/build/zephyr/tanjiro.
[pirrha:rw] -- Found assembler: /home/jpmurphy/.cache/coreboot-sdk/riscv64-elf/96b949749225b6aaa92ed810ab769e8dfb12f000/bin/riscv64-elf-gcc
[adlrvp_npcx:ro] Parsing /mnt/host/source/src/platform/ec/zephyr/program/intelrvp/Kconfig
[pirrha:rw] warning: Deprecated symbol I2C_ALLOW_NO_STOP_TRANSACTIONS is enabled.
[pirrha:rw] CMake Warning at /mnt/host/source/src/platform/ec/zephyr/cmake/linker/ld/linker_libraries.cmake:11 (message):
[pirrha:rw]   Disabling c_library
[pirrha:rw] Call Stack (most recent call first):
[pirrha:rw]   /mnt/host/source/src/third_party/zephyr/main/cmake/target_toolchain_flags.cmake:48 (include)
[pirrha:rw]   /mnt/host/source/src/third_party/zephyr/main/cmake/modules/kernel.cmake:153 (include)
[pirrha:rw]   /mnt/host/source/src/third_party/zephyr/main/cmake/modules/zephyr_default.cmake:138 (include)
[pirrha:rw]   /mnt/host/source/src/third_party/zephyr/main/share/zephyr-package/cmake/ZephyrConfig.cmake:66 (include)
[pirrha:rw]   /mnt/host/source/src/third_party/zephyr/main/share/zephyr-package/cmake/ZephyrConfig.cmake:97 (include_boilerplate)
[pirrha:rw]   CMakeLists.txt:7 (find_package)
[lapis:rw] -- Generating component manifest file
[lapis:ro] -- Performing EC specific devicetree checks
[pirrha:ro] INFO: Verified 58 GPIOs, no duplicates found
[fatcatrvp-ite:ro] -- The C compiler identification is GNU 14.2.0
[fatcatrvp-ite:rw] -- The C compiler identification is GNU 14.2.0
Running `env -i PYTHONPATH=/usr/lib64/python-exec/python3.11:/mnt/host/source/src/platform/ec/zephyr/zmake:/usr/lib/python311.zip:/usr/lib/python3.11:/usr/lib/python3.11/lib-dynload:/usr/lib/python3.11/site-packages PW_PIGWEED_CIPD_INSTALL_DIR=/usr CROSTC_USER_ACKNOWLEDGES_THAT_RISCV_IS_EXPERIMENTAL=1 PATH=/mnt/host/source/chromite/bin:/usr/local/bin:/usr/bin:/bin:/opt/bin:/mnt/host/source/chromite/sdk/bin:/mnt/host/source/chromite/bin HOME=/home/jpmurphy JAVA_HOME=/etc/java-config-2/current-system-vm JDK_HOME=/etc/java-config-2/current-system-vm JAVAC=/etc/java-config-2/current-system-vm/bin/javac MAKEFLAGS=' -j16 --jobserver-auth=5,6' /usr/bin/lcov --gcov-tool /mnt/host/source/src/platform/ec/build/zephyr/tanjiro/build-rw/gcov.sh -q -o - -c -d /mnt/host/source/src/platform/ec/build/zephyr/tanjiro -t tanjiro --rc branch_coverage=1 --filter range --ignore-errors inconsistent,source --ignore-errors gcov,gcov -i`
[lapis:rw] INFO: Skipped 10 named-gpios children.
[lapis:rw] INFO: Running CME, outputting to /mnt/host/source/src/platform/ec/build/zephyr/lapis/build-rw/zephyr/component_manifest.json
[it8xxx2_evb:singleimage] -- The CXX compiler identification is GNU 14.2.0
[lapis:ro]   Disabling c_library
[lapis:ro] Call Stack (most recent call first):
[lapis:ro]   /mnt/host/source/src/third_party/zephyr/main/cmake/target_toolchain_flags.cmake:48 (include)
[lapis:ro]   /mnt/host/source/src/third_party/zephyr/main/cmake/modules/kernel.cmake:153 (include)
[lapis:ro]   /mnt/host/source/src/third_party/zephyr/main/cmake/modules/zephyr_default.cmake:138 (include)
[lapis:ro]   /mnt/host/source/src/third_party/zephyr/main/share/zephyr-package/cmake/ZephyrConfig.cmake:66 (include)
[lapis:ro]   /mnt/host/source/src/third_party/zephyr/main/share/zephyr-package/cmake/ZephyrConfig.cmake:97 (include_boilerplate)
[lapis:ro]   CMakeLists.txt:7 (find_package)
[lapis:ro] INFO: Verified 47 GPIOs, no duplicates found
[it8xxx2_evb:singleimage] -- The ASM compiler identification is GNU
[it8xxx2_evb:singleimage] -- Found assembler: /home/jpmurphy/.cache/coreboot-sdk/riscv64-elf/96b949749225b6aaa92ed810ab769e8dfb12f000/bin/riscv64-elf-gcc
[/mnt/host/source/src/platform/ec/build/zephyr/rull-lcov]   /mnt/host/source/src/platform/ec/build/zephyr/rull/build-rw/zephyr/CMakeFiles/zephyr.dir/soc/ite/ec/it8xxx2/check_regs.c.gcno:no functions found
[/mnt/host/source/src/platform/ec/build/zephyr/rull-lcov] stderr:
[fatcatrvp-ite:ro] -- The CXX compiler identification is GNU 14.2.0
[it8xxx2_evb:singleimage] CMake Warning at /mnt/host/source/src/platform/ec/zephyr/cmake/linker/ld/linker_libraries.cmake:11 (message):
[it8xxx2_evb:singleimage]   Disabling c_library
[it8xxx2_evb:singleimage] Call Stack (most recent call first):
[it8xxx2_evb:singleimage]   /mnt/host/source/src/third_party/zephyr/main/cmake/target_toolchain_flags.cmake:48 (include)
[it8xxx2_evb:singleimage]   /mnt/host/source/src/third_party/zephyr/main/cmake/modules/kernel.cmake:153 (include)
[it8xxx2_evb:singleimage]   /mnt/host/source/src/third_party/zephyr/main/cmake/modules/zephyr_default.cmake:138 (include)
[it8xxx2_evb:singleimage]   /mnt/host/source/src/third_party/zephyr/main/share/zephyr-package/cmake/ZephyrConfig.cmake:66 (include)
[it8xxx2_evb:singleimage]   /mnt/host/source/src/third_party/zephyr/main/share/zephyr-package/cmake/ZephyrConfig.cmake:97 (include_boilerplate)
[pirrha:ro] -- Generating component manifest file
[/mnt/host/source/src/platform/ec/build/zephyr/npcx-aic-lcov] geninfo: WARNING: (format) invalid characters removed from testname
[lapis:rw] -- warning_base_override: -Wall;-Wformat;-Wformat-security;-Wformat;-Wno-format-zero-length;-Wno-pointer-sign;-Wpointer-arith;-Wexpansion-to-defined
[fatcatrvp-ite:ro] -- The ASM compiler identification is GNU
[fatcatrvp-ite:ro] -- Found assembler: /home/jpmurphy/.cache/coreboot-sdk/riscv64-elf/96b949749225b6aaa92ed810ab769e8dfb12f000/bin/riscv64-elf-gcc
[fatcatrvp-ite:ro] warning: Deprecated symbol I2C_ALLOW_NO_STOP_TRANSACTIONS is enabled.
[fatcatrvp-ite:ro] CMake Warning at /mnt/host/source/src/platform/ec/zephyr/cmake/linker/ld/linker_libraries.cmake:11 (message):
[fatcatrvp-ite:ro]   Disabling c_library
[fatcatrvp-ite:ro] Call Stack (most recent call first):
[fatcatrvp-ite:ro]   /mnt/host/source/src/third_party/zephyr/main/cmake/target_toolchain_flags.cmake:48 (include)
[fatcatrvp-ite:ro]   /mnt/host/source/src/third_party/zephyr/main/cmake/modules/kernel.cmake:153 (include)
[fatcatrvp-ite:ro]   /mnt/host/source/src/third_party/zephyr/main/cmake/modules/zephyr_default.cmake:138 (include)
[fatcatrvp-ite:ro]   /mnt/host/source/src/third_party/zephyr/main/share/zephyr-package/cmake/ZephyrConfig.cmake:66 (include)
[fatcatrvp-ite:ro]   /mnt/host/source/src/third_party/zephyr/main/share/zephyr-package/cmake/ZephyrConfig.cmake:97 (include_boilerplate)
[fatcatrvp-ite:ro]   CMakeLists.txt:7 (find_package)
[fatcatrvp-ite:rw] -- The CXX compiler identification is GNU 14.2.0
[lapis:ro] -- Generating component manifest file
[fatcatrvp-ite:rw] -- The ASM compiler identification is GNU
[fatcatrvp-ite:rw] -- Found assembler: /home/jpmurphy/.cache/coreboot-sdk/riscv64-elf/96b949749225b6aaa92ed810ab769e8dfb12f000/bin/riscv64-elf-gcc
[fatcatrvp-ite:rw] CMake Warning at /mnt/host/source/src/platform/ec/zephyr/cmake/linker/ld/linker_libraries.cmake:11 (message):
[fatcatrvp-ite:rw]   Disabling c_library
[fatcatrvp-ite:rw] Call Stack (most recent call first):
[fatcatrvp-ite:rw]   /mnt/host/source/src/third_party/zephyr/main/cmake/target_toolchain_flags.cmake:48 (include)
[fatcatrvp-ite:rw]   /mnt/host/source/src/third_party/zephyr/main/cmake/modules/kernel.cmake:153 (include)
[fatcatrvp-ite:rw]   /mnt/host/source/src/third_party/zephyr/main/cmake/modules/zephyr_default.cmake:138 (include)
[fatcatrvp-ite:rw]   /mnt/host/source/src/third_party/zephyr/main/share/zephyr-package/cmake/ZephyrConfig.cmake:66 (include)
[fatcatrvp-ite:rw]   /mnt/host/source/src/third_party/zephyr/main/share/zephyr-package/cmake/ZephyrConfig.cmake:97 (include_boilerplate)
[fatcatrvp-ite:rw]   CMakeLists.txt:7 (find_package)
[pirrha:rw] -- Performing EC specific devicetree checks
[pirrha:ro] INFO: Verified 33 '*-gpios' properties, all flags match.
[pirrha:ro] INFO: Skipped 17 named-gpios children.
[pirrha:ro] INFO: Running CME, outputting to /mnt/host/source/src/platform/ec/build/zephyr/pirrha/build-ro/zephyr/component_manifest.json
[pirrha:ro] INFO: Project pirrha does not support SSFC
[pirrha:ro] INFO: Component virtual-mux-0(cros-ec,usbc-mux-virtual) not on I2C bus, skip it
[pirrha:ro] INFO: Component virtual-mux-1(cros-ec,usbc-mux-virtual) not on I2C bus, skip it
[pirrha:ro] INFO: Component virtual-mux-1(cros-ec,usbc-mux-virtual) not on I2C bus, skip it
[pirrha:ro] INFO: Component virtual-mux-1(cros-ec,usbc-mux-virtual) not on I2C bus, skip it
[pirrha:ro] INFO: No motionsense-sensor-alt node found
[/mnt/host/source/src/platform/ec/build/zephyr/npcx-aic-lcov] 	(use "geninfo --ignore-errors format,format ..." to suppress this warning)
[/mnt/host/source/src/platform/ec/build/zephyr/npcx-aic-lcov] geninfo: WARNING: using JSON module "JSON::PP" - which is much slower than some alternatives.  Consider installing one of JSON::XS or Cpanel::JSON::XS
[lapis:ro] INFO: Verified 9 '*-gpios' properties, all flags match.
[lapis:ro] INFO: Skipped 10 named-gpios children.
[lapis:ro] INFO: Running CME, outputting to /mnt/host/source/src/platform/ec/build/zephyr/lapis/build-ro/zephyr/component_manifest.json
[lapis:ro] INFO: Project lapis does not support SSFC
[adlrvp_npcx:rw] Loaded configuration '/mnt/host/source/src/platform/ec/zephyr/boards/google/npcx9/npcx9_npcx9m7f_defconfig'
[adlrvp_npcx:rw] Merged configuration '/mnt/host/source/src/platform/ec/zephyr/program/intelrvp/program.conf'
[adlrvp_npcx:rw] Merged configuration '/mnt/host/source/src/platform/ec/zephyr/program/intelrvp/adlrvp/prj.conf'
[adlrvp_npcx:rw] Merged configuration '/mnt/host/source/src/platform/ec/zephyr/program/intelrvp/legacy_ec_pwrseq.conf'
[adlrvp_npcx:rw] Merged configuration '/mnt/host/source/src/platform/ec/zephyr/program/intelrvp/adlrvp/adlrvp_npcx/prj.conf'
[adlrvp_npcx:rw] Merged configuration '/mnt/host/source/src/platform/ec/build/zephyr/adlrvp_npcx/kconfig-rw.conf'
[adlrvp_npcx:rw] Configuration saved to '/mnt/host/source/src/platform/ec/build/zephyr/adlrvp_npcx/build-rw/zephyr/.config'
[adlrvp_npcx:rw] Kconfig header saved to '/mnt/host/source/src/platform/ec/build/zephyr/adlrvp_npcx/build-rw/zephyr/include/generated/zephyr/autoconf.h'
[adlrvp_npcx:rw] -- Found GnuLd: /home/jpmurphy/.cache/coreboot-sdk/arm-eabi/ea40ddd1d190c3b48435c474c0b545719371813a/arm-eabi/bin/ld.bfd (found version "2.43.1")
[lapis:ro] INFO: No motionsense-sensor node found
[lapis:rw] -- Found gen_kobject_list: /mnt/host/source/src/third_party/zephyr/main/scripts/build/gen_kobject_list.py
[lapis:ro] -- warning_base_override: -Wall;-Wformat;-Wformat-security;-Wformat;-Wno-format-zero-length;-Wno-pointer-sign;-Wpointer-arith;-Wexpansion-to-defined
[telith:ro] Loaded configuration '/mnt/host/source/src/platform/ec/zephyr/boards/google/it8xxx2/it8xxx2_it81302bx_defconfig'
[telith:ro] Merged configuration '/mnt/host/source/src/platform/ec/zephyr/program/nissa/program.conf'
[telith:ro] Merged configuration '/mnt/host/source/src/platform/ec/zephyr/program/nissa/it8xxx2_program.conf'
[telith:ro] Merged configuration '/mnt/host/source/src/platform/ec/zephyr/program/nissa/telith/project.conf'
[telith:ro] Merged configuration '/mnt/host/source/src/platform/ec/build/zephyr/telith/kconfig-ro.conf'
[telith:ro] Configuration saved to '/mnt/host/source/src/platform/ec/build/zephyr/telith/build-ro/zephyr/.config'
[telith:ro] Kconfig header saved to '/mnt/host/source/src/platform/ec/build/zephyr/telith/build-ro/zephyr/include/generated/zephyr/autoconf.h'
[telith:ro] -- Found GnuLd: /home/jpmurphy/.cache/coreboot-sdk/riscv64-elf/96b949749225b6aaa92ed810ab769e8dfb12f000/riscv64-elf/bin/ld.bfd (found version "2.43.1")
[pirrha:rw] INFO: Verified 58 GPIOs, no duplicates found
[adlrvp_npcx:ro] Loaded configuration '/mnt/host/source/src/platform/ec/zephyr/boards/google/npcx9/npcx9_npcx9m7f_defconfig'
[adlrvp_npcx:ro] Merged configuration '/mnt/host/source/src/platform/ec/zephyr/program/intelrvp/program.conf'
[adlrvp_npcx:ro] Merged configuration '/mnt/host/source/src/platform/ec/zephyr/program/intelrvp/adlrvp/prj.conf'
[adlrvp_npcx:ro] Merged configuration '/mnt/host/source/src/platform/ec/zephyr/program/intelrvp/legacy_ec_pwrseq.conf'
[adlrvp_npcx:ro] Merged configuration '/mnt/host/source/src/platform/ec/zephyr/program/intelrvp/adlrvp/adlrvp_npcx/prj.conf'
[adlrvp_npcx:ro] Merged configuration '/mnt/host/source/src/platform/ec/build/zephyr/adlrvp_npcx/kconfig-ro.conf'
[adlrvp_npcx:ro] Configuration saved to '/mnt/host/source/src/platform/ec/build/zephyr/adlrvp_npcx/build-ro/zephyr/.config'
[adlrvp_npcx:ro] Kconfig header saved to '/mnt/host/source/src/platform/ec/build/zephyr/adlrvp_npcx/build-ro/zephyr/include/generated/zephyr/autoconf.h'
[adlrvp_npcx:ro] -- Found GnuLd: /home/jpmurphy/.cache/coreboot-sdk/arm-eabi/ea40ddd1d190c3b48435c474c0b545719371813a/arm-eabi/bin/ld.bfd (found version "2.43.1")
[lapis:rw] INFO: Project lapis does not support SSFC
[lapis:rw] INFO: No motionsense-sensor node found
[lapis:rw] CMake Warning at /mnt/host/source/src/third_party/zephyr/main/CMakeLists.txt:2359 (message):
[lapis:rw]   __ASSERT() statements are globally ENABLED
[pirrha:ro] -- warning_base_override: -Wall;-Wformat;-Wformat-security;-Wformat;-Wno-format-zero-length;-Wno-pointer-sign;-Wpointer-arith;-Wexpansion-to-defined
[adlrvp_npcx:rw] -- The C compiler identification is GNU 14.2.0
[lapis:rw] -- Configuring done (15.1s)
[pirrha:rw] -- Generating component manifest file
[telith:ro] -- The C compiler identification is GNU 14.2.0
[lapis:ro] -- Found gen_kobject_list: /mnt/host/source/src/third_party/zephyr/main/scripts/build/gen_kobject_list.py
[adlrvp_npcx:ro] -- The C compiler identification is GNU 14.2.0
[fatcatrvp-ite:ro] -- Performing EC specific devicetree checks
[/mnt/host/source/src/platform/ec/build/zephyr/tanjiro-lcov] geninfo: WARNING: using JSON module "JSON::PP" - which is much slower than some alternatives.  Consider installing one of JSON::XS or Cpanel::JSON::XS
[it8xxx2_evb:singleimage] -- Performing EC specific devicetree checks
[/mnt/host/source/src/platform/ec/build/zephyr/pujjolo-lcov]   /mnt/host/source/src/platform/ec/build/zephyr/pujjolo/build-ro/zephyr/arch/arch/arm/core/mpu/CMakeFiles/arch__arm__core__mpu.dir/arm_mpu_regions.c.gcno:no functions found
[/mnt/host/source/src/platform/ec/build/zephyr/pujjolo-lcov] stderr:
[pirrha:ro] -- Found gen_kobject_list: /mnt/host/source/src/third_party/zephyr/main/scripts/build/gen_kobject_list.py
[lapis:ro] CMake Warning at /mnt/host/source/src/third_party/zephyr/main/CMakeLists.txt:2359 (message):
[lapis:ro]   __ASSERT() statements are globally ENABLED
[adlrvp_npcx:rw] -- The CXX compiler identification is GNU 14.2.0
[fatcatrvp-ite:rw] -- Performing EC specific devicetree checks
[pirrha:rw] INFO: Verified 33 '*-gpios' properties, all flags match.
[pirrha:rw] INFO: Skipped 17 named-gpios children.
[pirrha:rw] INFO: Running CME, outputting to /mnt/host/source/src/platform/ec/build/zephyr/pirrha/build-rw/zephyr/component_manifest.json
[fatcatrvp-ite:ro] INFO: Verified 82 GPIOs, no duplicates found
[pirrha:rw] INFO: Project pirrha does not support SSFC
[pirrha:rw] INFO: Component virtual-mux-0(cros-ec,usbc-mux-virtual) not on I2C bus, skip it
[pirrha:rw] INFO: Component virtual-mux-1(cros-ec,usbc-mux-virtual) not on I2C bus, skip it
[pirrha:rw] INFO: Component virtual-mux-1(cros-ec,usbc-mux-virtual) not on I2C bus, skip it
[fatcatrvp-ite:ro] INFO: Verified 28 '*-gpios' properties, all flags match.
[fatcatrvp-ite:ro] INFO: Skipped 9 named-gpios children.
[pirrha:rw] INFO: Component virtual-mux-1(cros-ec,usbc-mux-virtual) not on I2C bus, skip it
[pirrha:rw] INFO: No motionsense-sensor-alt node found
[adlrvp_npcx:rw] -- The ASM compiler identification is GNU
[adlrvp_npcx:rw] -- Found assembler: /home/jpmurphy/.cache/coreboot-sdk/arm-eabi/ea40ddd1d190c3b48435c474c0b545719371813a/bin/arm-eabi-gcc
[lapis:ro] -- Configuring done (15.3s)
[adlrvp_npcx:ro] -- The CXX compiler identification is GNU 14.2.0
[pirrha:rw] -- warning_base_override: -Wall;-Wformat;-Wformat-security;-Wformat;-Wno-format-zero-length;-Wno-pointer-sign;-Wpointer-arith;-Wexpansion-to-defined
[adlrvp_npcx:rw] warning: Deprecated symbol I2C_ALLOW_NO_STOP_TRANSACTIONS is enabled.
[adlrvp_npcx:rw] CMake Warning at /mnt/host/source/src/platform/ec/zephyr/cmake/linker/ld/linker_libraries.cmake:11 (message):
[adlrvp_npcx:rw]   Disabling c_library
[adlrvp_npcx:rw] Call Stack (most recent call first):
[adlrvp_npcx:rw]   /mnt/host/source/src/third_party/zephyr/main/cmake/target_toolchain_flags.cmake:48 (include)
[adlrvp_npcx:rw]   /mnt/host/source/src/third_party/zephyr/main/cmake/modules/kernel.cmake:153 (include)
[adlrvp_npcx:rw]   /mnt/host/source/src/third_party/zephyr/main/cmake/modules/zephyr_default.cmake:138 (include)
[adlrvp_npcx:rw]   /mnt/host/source/src/third_party/zephyr/main/share/zephyr-package/cmake/ZephyrConfig.cmake:66 (include)
[adlrvp_npcx:rw]   /mnt/host/source/src/third_party/zephyr/main/share/zephyr-package/cmake/ZephyrConfig.cmake:97 (include_boilerplate)
[adlrvp_npcx:rw]   CMakeLists.txt:7 (find_package)
[it8xxx2_evb:singleimage]   CMakeLists.txt:7 (find_package)
[it8xxx2_evb:singleimage] INFO: Verified 7 GPIOs, no duplicates found
[it8xxx2_evb:singleimage] INFO: Verified 59 '*-gpios' properties, all flags match.
[it8xxx2_evb:singleimage] INFO: Skipped 1 named-gpios children.
[telith:ro] -- The CXX compiler identification is GNU 14.2.0
[pirrha:ro] -- Configuring done (15.6s)
[adlrvp_npcx:ro] -- The ASM compiler identification is GNU
[fatcatrvp-ite:rw] INFO: Verified 82 GPIOs, no duplicates found
[adlrvp_npcx:ro] CMake Warning at /mnt/host/source/src/platform/ec/zephyr/cmake/linker/ld/linker_libraries.cmake:11 (message):
[adlrvp_npcx:ro]   Disabling c_library
[adlrvp_npcx:ro] Call Stack (most recent call first):
[adlrvp_npcx:ro]   /mnt/host/source/src/third_party/zephyr/main/cmake/target_toolchain_flags.cmake:48 (include)
[adlrvp_npcx:ro]   /mnt/host/source/src/third_party/zephyr/main/cmake/modules/kernel.cmake:153 (include)
[adlrvp_npcx:ro]   /mnt/host/source/src/third_party/zephyr/main/cmake/modules/zephyr_default.cmake:138 (include)
[adlrvp_npcx:ro]   /mnt/host/source/src/third_party/zephyr/main/share/zephyr-package/cmake/ZephyrConfig.cmake:66 (include)
[adlrvp_npcx:ro]   /mnt/host/source/src/third_party/zephyr/main/share/zephyr-package/cmake/ZephyrConfig.cmake:97 (include_boilerplate)
[adlrvp_npcx:ro]   CMakeLists.txt:7 (find_package)
[lapis:rw] -- Generating done (0.5s)
[lapis:rw] CMake Warning:
[lapis:rw] -- Build files have been written to: /mnt/host/source/src/platform/ec/build/zephyr/lapis/build-rw
[telith:ro] -- The ASM compiler identification is GNU
[telith:ro] -- Found assembler: /home/jpmurphy/.cache/coreboot-sdk/riscv64-elf/96b949749225b6aaa92ed810ab769e8dfb12f000/bin/riscv64-elf-gcc
[telith:ro] warning: Deprecated symbol I2C_ALLOW_NO_STOP_TRANSACTIONS is enabled.
[telith:ro] CMake Warning at /mnt/host/source/src/platform/ec/zephyr/cmake/linker/ld/linker_libraries.cmake:11 (message):
[/mnt/host/source/src/platform/ec/build/zephyr/ptlgcs-lcov]   /mnt/host/source/src/platform/ec/build/zephyr/ptlgcs/build-ro/CMakeFiles/app.dir/mnt/host/source/src/platform/ec/build/zephyr/ptlgcs/modules/ec/common/chargen.c.gcno:no functions found
[/mnt/host/source/src/platform/ec/build/zephyr/ptlgcs-lcov] stderr:
[it8xxx2_evb:singleimage] -- Generating component manifest file
[fatcatrvp-ite:ro] -- Generating component manifest file
[fatcatrvp-ite:rw] -- Generating component manifest file
[lapis:rw]   Manually-specified variables were not used by the project:
[lapis:rw]     COREBOOT_SDK_ROOT_libstdcxx_riscv64
[lapis:rw]     COREBOOT_SDK_ROOT_libstdcxx_x86
[lapis:rw]     COREBOOT_SDK_ROOT_nds32
[lapis:rw]     COREBOOT_SDK_ROOT_picolibc_riscv64
[lapis:rw]     COREBOOT_SDK_ROOT_picolibc_x86
[lapis:rw]     COREBOOT_SDK_ROOT_riscv
[lapis:rw]     COREBOOT_SDK_ROOT_riscv64
[lapis:rw]     COREBOOT_SDK_ROOT_x86
[telith:rw] Configuring.
Running `env -i PYTHONPATH=/usr/lib64/python-exec/python3.11:/mnt/host/source/src/platform/ec/zephyr/zmake:/usr/lib/python311.zip:/usr/lib/python3.11:/usr/lib/python3.11/lib-dynload:/usr/lib/python3.11/site-packages PW_PIGWEED_CIPD_INSTALL_DIR=/usr CROSTC_USER_ACKNOWLEDGES_THAT_RISCV_IS_EXPERIMENTAL=1 PATH=/mnt/host/source/chromite/bin:/usr/local/bin:/usr/bin:/bin:/opt/bin:/mnt/host/source/chromite/sdk/bin:/mnt/host/source/chromite/bin HOME=/home/jpmurphy JAVA_HOME=/etc/java-config-2/current-system-vm JDK_HOME=/etc/java-config-2/current-system-vm JAVAC=/etc/java-config-2/current-system-vm/bin/javac MAKEFLAGS=' -j16 --jobserver-auth=5,6' /usr/bin/cmake -S /mnt/host/source/src/platform/ec/zephyr/program/nissa -B /mnt/host/source/src/platform/ec/build/zephyr/telith/build-rw -GNinja -DCMAKE_EXPORT_COMPILE_COMMANDS=ON -DZEPHYR_BASE=/mnt/host/source/src/third_party/zephyr/main -DZMAKE_INCLUDE_DIR=/mnt/host/source/src/platform/ec/build/zephyr/telith/include -DPython3_EXECUTABLE=/usr/bin/python3.11 -DDTS_ROOT=/mnt/host/source/src/platform/ec/zephyr -DSYSCALL_INCLUDE_DIRS=/mnt/host/source/src/platform/ec/zephyr/include/drivers -DUSER_CACHE_DIR=/mnt/host/source/src/platform/ec/build/zephyr/user-cache '-DEXTRA_EC_VERSION_FLAGS=--version 16543.0.0 --static' -DTOOLCHAIN_ROOT=/mnt/host/source/src/platform/ec/zephyr -DCOREBOOT_SDK_ROOT_x86=/home/jpmurphy/.cache/coreboot-sdk/i386-elf/dfbb0486385d938cfa9d73080b9d18d598ed4f49 -DCOREBOOT_SDK_ROOT_picolibc_x86=/home/jpmurphy/.cache/coreboot-sdk/picolibc-i386-elf/eb8e8e687b95461de8cbf278f1c2076952d0ad17 -DCOREBOOT_SDK_ROOT_riscv64=/home/jpmurphy/.cache/coreboot-sdk/riscv64-elf/96b949749225b6aaa92ed810ab769e8dfb12f000 -DCOREBOOT_SDK_ROOT_picolibc_arm=/home/jpmurphy/.cache/coreboot-sdk/picolibc-arm-eabi/422a2aa3e1ef891b5bece9a3deb696ff83840d2e -DCOREBOOT_SDK_ROOT_nds32=/home/jpmurphy/.cache/coreboot-sdk/nds32le-elf/d1a518c4a097666d86058e1444f85ca015d15511 -DCOREBOOT_SDK_ROOT_picolibc_riscv64=/home/jpmurphy/.cache/coreboot-sdk/picolibc-riscv64-elf/f571e990ef0278564b31124f8bb109d9a697eb69 -DCOREBOOT_SDK_ROOT_arm=/home/jpmurphy/.cache/coreboot-sdk/arm-eabi/ea40ddd1d190c3b48435c474c0b545719371813a -DCOREBOOT_SDK_ROOT_libstdcxx_riscv64=/home/jpmurphy/.cache/coreboot-sdk/libstdcxx-riscv64-elf/17abf22a3a252e2d5d2062ced5324f7a623689e0 -DCOREBOOT_SDK_ROOT_libstdcxx_arm=/home/jpmurphy/.cache/coreboot-sdk/libstdcxx-arm-eabi/5d7d82e150e44aa1968f1d366e267e6687b328ac -DCOREBOOT_SDK_ROOT_riscv=/home/jpmurphy/.cache/coreboot-sdk/riscv-elf/9a27b9e82341c6e9126624f516ab3f261abb3e73 -DCOREBOOT_SDK_ROOT_libstdcxx_x86=/home/jpmurphy/.cache/coreboot-sdk/libstdcxx-i386-elf/42ef9d2e87a76a37963175d7d428734e65648b87 -DZEPHYR_TOOLCHAIN_VARIANT=coreboot-sdk -DZEPHYR_MODULES=/mnt/host/source/src/platform/ec/build/zephyr/telith/modules/ec -DDTC_OVERLAY_FILE=/mnt/host/source/src/platform/ec/zephyr/program/nissa/telith/project.overlay -DBOARD=it8xxx2/it81302bx -DCMAKE_C_FLAGS=-DSECTION_IS_RW '-DCONF_FILE=/mnt/host/source/src/platform/ec/zephyr/program/nissa/program.conf;/mnt/host/source/src/platform/ec/zephyr/program/nissa/it8xxx2_program.conf;/mnt/host/source/src/platform/ec/zephyr/program/nissa/telith/project.conf;/mnt/host/source/src/platform/ec/build/zephyr/telith/kconfig-rw.conf'`
[lapis:ro] -- Generating done (0.4s)
[lapis:ro] CMake Warning:
[lapis:ro] -- Build files have been written to: /mnt/host/source/src/platform/ec/build/zephyr/lapis/build-ro
[telith:rw] Loading Zephyr default modules (Zephyr base (cached)).
[telith:rw] -- Application: /mnt/host/source/src/platform/ec/zephyr/program/nissa
[telith:rw] -- CMake version: 3.31.7
[pirrha:ro] -- Generating done (0.4s)
[pirrha:ro] CMake Warning:
[pirrha:ro]   Manually-specified variables were not used by the project:
[pirrha:ro]     COREBOOT_SDK_ROOT_arm
[pirrha:ro]     COREBOOT_SDK_ROOT_libstdcxx_arm
[pirrha:ro] -- Build files have been written to: /mnt/host/source/src/platform/ec/build/zephyr/pirrha/build-ro
[pirrha:ro]     COREBOOT_SDK_ROOT_libstdcxx_x86
[pirrha:rw] -- Found gen_kobject_list: /mnt/host/source/src/third_party/zephyr/main/scripts/build/gen_kobject_list.py
[pirrha:ro]     COREBOOT_SDK_ROOT_nds32
[pirrha:ro]     COREBOOT_SDK_ROOT_picolibc_arm
[pirrha:ro]     COREBOOT_SDK_ROOT_picolibc_x86
[/mnt/host/source/src/platform/ec/build/zephyr/tanjiro-lcov] stderr:
[it8xxx2_evb:singleimage] INFO: Running CME, outputting to /mnt/host/source/src/platform/ec/build/zephyr/it8xxx2_evb/build-singleimage/zephyr/component_manifest.json
[it8xxx2_evb:singleimage] INFO: Project it8xxx2_evb does not support SSFC
[it8xxx2_evb:singleimage] INFO: No usbc node found
[fatcatrvp-ite:rw] INFO: Verified 28 '*-gpios' properties, all flags match.
[fatcatrvp-ite:rw] INFO: Skipped 9 named-gpios children.
[fatcatrvp-ite:rw] INFO: Running CME, outputting to /mnt/host/source/src/platform/ec/build/zephyr/fatcatrvp-ite/build-rw/zephyr/component_manifest.json
[fatcatrvp-ite:rw] INFO: Project fatcatrvp-ite does not support SSFC
[fatcatrvp-ite:rw] INFO: No motionsense-sensor node found
[lapis:ro]   Manually-specified variables were not used by the project:
[lapis:ro]     COREBOOT_SDK_ROOT_libstdcxx_riscv64
[lapis:ro]     COREBOOT_SDK_ROOT_libstdcxx_x86
[lapis:ro]     COREBOOT_SDK_ROOT_nds32
[lapis:ro]     COREBOOT_SDK_ROOT_picolibc_riscv64
[lapis:ro]     COREBOOT_SDK_ROOT_picolibc_x86
[lapis:ro]     COREBOOT_SDK_ROOT_riscv
[lapis:ro]     COREBOOT_SDK_ROOT_riscv64
[lapis:ro]     COREBOOT_SDK_ROOT_x86
Toolchain <zmake.toolchains.CorebootSdkToolchain object at 0x7f4142ffc450> selected by probe function.
[nereid] Building in /mnt/host/source/src/platform/ec/build/zephyr/nereid.
[pirrha:ro]     COREBOOT_SDK_ROOT_riscv
[pirrha:ro]     COREBOOT_SDK_ROOT_x86
[nereid:rw] Configuring.
Running `env -i PYTHONPATH=/usr/lib64/python-exec/python3.11:/mnt/host/source/src/platform/ec/zephyr/zmake:/usr/lib/python311.zip:/usr/lib/python3.11:/usr/lib/python3.11/lib-dynload:/usr/lib/python3.11/site-packages PW_PIGWEED_CIPD_INSTALL_DIR=/usr CROSTC_USER_ACKNOWLEDGES_THAT_RISCV_IS_EXPERIMENTAL=1 PATH=/mnt/host/source/chromite/bin:/usr/local/bin:/usr/bin:/bin:/opt/bin:/mnt/host/source/chromite/sdk/bin:/mnt/host/source/chromite/bin HOME=/home/jpmurphy JAVA_HOME=/etc/java-config-2/current-system-vm JDK_HOME=/etc/java-config-2/current-system-vm JAVAC=/etc/java-config-2/current-system-vm/bin/javac MAKEFLAGS=' -j16 --jobserver-auth=5,6' /usr/bin/cmake -S /mnt/host/source/src/platform/ec/zephyr/program/nissa -B /mnt/host/source/src/platform/ec/build/zephyr/nereid/build-rw -GNinja -DCMAKE_EXPORT_COMPILE_COMMANDS=ON -DZEPHYR_BASE=/mnt/host/source/src/third_party/zephyr/main -DZMAKE_INCLUDE_DIR=/mnt/host/source/src/platform/ec/build/zephyr/nereid/include -DPython3_EXECUTABLE=/usr/bin/python3.11 -DDTS_ROOT=/mnt/host/source/src/platform/ec/zephyr -DSYSCALL_INCLUDE_DIRS=/mnt/host/source/src/platform/ec/zephyr/include/drivers -DUSER_CACHE_DIR=/mnt/host/source/src/platform/ec/build/zephyr/user-cache '-DEXTRA_EC_VERSION_FLAGS=--version 16543.0.0 --static' -DTOOLCHAIN_ROOT=/mnt/host/source/src/platform/ec/zephyr -DCOREBOOT_SDK_ROOT_x86=/home/jpmurphy/.cache/coreboot-sdk/i386-elf/dfbb0486385d938cfa9d73080b9d18d598ed4f49 -DCOREBOOT_SDK_ROOT_picolibc_x86=/home/jpmurphy/.cache/coreboot-sdk/picolibc-i386-elf/eb8e8e687b95461de8cbf278f1c2076952d0ad17 -DCOREBOOT_SDK_ROOT_riscv64=/home/jpmurphy/.cache/coreboot-sdk/riscv64-elf/96b949749225b6aaa92ed810ab769e8dfb12f000 -DCOREBOOT_SDK_ROOT_picolibc_arm=/home/jpmurphy/.cache/coreboot-sdk/picolibc-arm-eabi/422a2aa3e1ef891b5bece9a3deb696ff83840d2e -DCOREBOOT_SDK_ROOT_nds32=/home/jpmurphy/.cache/coreboot-sdk/nds32le-elf/d1a518c4a097666d86058e1444f85ca015d15511 -DCOREBOOT_SDK_ROOT_picolibc_riscv64=/home/jpmurphy/.cache/coreboot-sdk/picolibc-riscv64-elf/f571e990ef0278564b31124f8bb109d9a697eb69 -DCOREBOOT_SDK_ROOT_arm=/home/jpmurphy/.cache/coreboot-sdk/arm-eabi/ea40ddd1d190c3b48435c474c0b545719371813a -DCOREBOOT_SDK_ROOT_libstdcxx_riscv64=/home/jpmurphy/.cache/coreboot-sdk/libstdcxx-riscv64-elf/17abf22a3a252e2d5d2062ced5324f7a623689e0 -DCOREBOOT_SDK_ROOT_libstdcxx_arm=/home/jpmurphy/.cache/coreboot-sdk/libstdcxx-arm-eabi/5d7d82e150e44aa1968f1d366e267e6687b328ac -DCOREBOOT_SDK_ROOT_riscv=/home/jpmurphy/.cache/coreboot-sdk/riscv-elf/9a27b9e82341c6e9126624f516ab3f261abb3e73 -DCOREBOOT_SDK_ROOT_libstdcxx_x86=/home/jpmurphy/.cache/coreboot-sdk/libstdcxx-i386-elf/42ef9d2e87a76a37963175d7d428734e65648b87 -DZEPHYR_TOOLCHAIN_VARIANT=coreboot-sdk -DZEPHYR_MODULES=/mnt/host/source/src/platform/ec/build/zephyr/nereid/modules/ec -DDTC_OVERLAY_FILE=/mnt/host/source/src/platform/ec/zephyr/program/nissa/nereid/project.overlay -DBOARD=it8xxx2/it81302bx -DCMAKE_C_FLAGS=-DSECTION_IS_RW '-DCONF_FILE=/mnt/host/source/src/platform/ec/zephyr/program/nissa/program.conf;/mnt/host/source/src/platform/ec/zephyr/program/nissa/it8xxx2_program.conf;/mnt/host/source/src/platform/ec/zephyr/program/nissa/nereid/project.conf;/mnt/host/source/src/platform/ec/build/zephyr/nereid/kconfig-rw.conf'`
[fatcatrvp-ite:ro] INFO: Running CME, outputting to /mnt/host/source/src/platform/ec/build/zephyr/fatcatrvp-ite/build-ro/zephyr/component_manifest.json
[fatcatrvp-ite:ro] INFO: Project fatcatrvp-ite does not support SSFC
[lapis:rw] Building: /usr/bin/ninja -C /mnt/host/source/src/platform/ec/build/zephyr/lapis/build-rw all.libraries
Running `env -i SHELL=/bin/bash COLORTERM=truecolor DEPOT_TOOLS_UPDATE=0 LESS='-R -M --shift 5' SUDO_GID=0 JDK_HOME=/etc/java-config-2/current-system-vm CONFIG_PROTECT_MASK='/etc/gentoo-release /etc/sandbox.d /etc/fonts/fonts.conf /etc/terminfo /etc/ca-certificates.conf /etc/revdep-rebuild' CHROMEOS_CACHEDIR=/var/cache/chromeos-cache JAVA_HOME=/etc/java-config-2/current-system-vm SSH_AUTH_SOCK=/tmp/ssh-auth-sock SUDO_COMMAND=/bin/bash SUDO_USER=root SUDO_TTY=/dev/pts/2 EDITOR=/usr/bin/vi PWD=/mnt/host/source/src/platform/ec CONFIG_PROTECT=/usr/share/gnupg/qualified.txt LOGNAME=jpmurphy MANPATH=/etc/java-config-2/current-system-vm/man:/usr/local/share/man:/usr/share/man:/usr/share/gcc-data/x86_64-pc-linux-gnu/10.2.0/man:/usr/share/binutils-data/x86_64-pc-linux-gnu/2.45/man:/etc/java-config-2/current-system-vm/man/ SUDO_HOME=/root XAUTHORITY=/run/user/944457/gdm/Xauthority HOME=/home/jpmurphy LANG=C.UTF-8 LS_COLORS='rs=0:di=01;34:ln=01;36:mh=00:pi=40;33:so=01;35:do=01;35:bd=40;33;01:cd=40;33;01:or=01;05;37;41:mi=01;05;37;41:su=37;41:sg=30;43:ca=30;41:tw=30;42:ow=34;42:st=37;44:ex=01;32:*.tar=01;31:*.tgz=01;31:*.arc=01;31:*.arj=01;31:*.taz=01;31:*.lha=01;31:*.lz4=01;31:*.lzh=01;31:*.lzma=01;31:*.tlz=01;31:*.txz=01;31:*.tzo=01;31:*.t7z=01;31:*.zip=01;31:*.z=01;31:*.dz=01;31:*.gz=01;31:*.lrz=01;31:*.lz=01;31:*.lzo=01;31:*.xz=01;31:*.zst=01;31:*.tzst=01;31:*.bz2=01;31:*.bz=01;31:*.tbz=01;31:*.tbz2=01;31:*.tz=01;31:*.deb=01;31:*.rpm=01;31:*.jar=01;31:*.war=01;31:*.ear=01;31:*.sar=01;31:*.rar=01;31:*.alz=01;31:*.ace=01;31:*.zoo=01;31:*.cpio=01;31:*.7z=01;31:*.rz=01;31:*.cab=01;31:*.wim=01;31:*.swm=01;31:*.dwm=01;31:*.esd=01;31:*.jpg=01;35:*.jpeg=01;35:*.mjpg=01;35:*.mjpeg=01;35:*.gif=01;35:*.bmp=01;35:*.pbm=01;35:*.pgm=01;35:*.ppm=01;35:*.tga=01;35:*.xbm=01;35:*.xpm=01;35:*.tif=01;35:*.tiff=01;35:*.png=01;35:*.svg=01;35:*.svgz=01;35:*.mng=01;35:*.pcx=01;35:*.mov=01;35:*.mpg=01;35:*.mpeg=01;35:*.m2v=01;35:*.mkv=01;35:*.webm=01;35:*.webp=01;35:*.ogm=01;35:*.mp4=01;35:*.m4v=01;35:*.mp4v=01;35:*.vob=01;35:*.qt=01;35:*.nuv=01;35:*.wmv=01;35:*.asf=01;35:*.rm=01;35:*.rmvb=01;35:*.flc=01;35:*.avi=01;35:*.fli=01;35:*.flv=01;35:*.gl=01;35:*.dl=01;35:*.xcf=01;35:*.xwd=01;35:*.yuv=01;35:*.cgm=01;35:*.emf=01;35:*.ogv=01;35:*.ogx=01;35:*.cfg=00;32:*.conf=00;32:*.diff=00;32:*.doc=00;32:*.ini=00;32:*.log=00;32:*.patch=00;32:*.pdf=00;32:*.ps=00;32:*.tex=00;32:*.txt=00;32:*.aac=00;36:*.au=00;36:*.flac=00;36:*.m4a=00;36:*.mid=00;36:*.midi=00;36:*.mka=00;36:*.mp3=00;36:*.mpc=00;36:*.ogg=00;36:*.ra=00;36:*.wav=00;36:*.oga=00;36:*.opus=00;36:*.spx=00;36:*.xspf=00;36:' XDG_CURRENT_DESKTOP=GNOME INFOPATH=/usr/share/info:/usr/share/gcc-data/x86_64-pc-linux-gnu/10.2.0/info:/usr/share/binutils-data/x86_64-pc-linux-gnu/2.45/info:/usr/share/automake-1.16.5/info JAVAC=/etc/java-config-2/current-system-vm/bin/javac TERM=xterm-256color LESSOPEN='|lesspipe %s' USER=jpmurphy CROS_WORKON_SRCROOT=/mnt/host/source MANPAGER=manpager DISPLAY=:1 SHLVL=1 LC_MESSAGES=C EXTERNAL_TRUNK_PATH=/mnt/8f9d649a-3721-44cc-93c0-e6bd21a9689f/chromiumos GCC_SPECS='' PATH=/mnt/host/source/chromite/bin:/usr/local/bin:/usr/bin:/bin:/opt/bin:/mnt/host/source/chromite/sdk/bin:/mnt/host/source/chromite/bin PORTAGE_USERNAME=jpmurphy SUDO_UID=0 GCC_VER=10.2.0 MAIL=/var/mail/jpmurphy OLDPWD=/mnt/host/source/src/scripts traceparent=00-e87aca51550a78635907baa6a2476181-6d684811675d2973-01 _=./zephyr/firmware_builder.py COREBOOT_SDK_ROOT_x86=/home/jpmurphy/.cache/coreboot-sdk/i386-elf/dfbb0486385d938cfa9d73080b9d18d598ed4f49 COREBOOT_SDK_ROOT_picolibc_x86=/home/jpmurphy/.cache/coreboot-sdk/picolibc-i386-elf/eb8e8e687b95461de8cbf278f1c2076952d0ad17 COREBOOT_SDK_ROOT_riscv64=/home/jpmurphy/.cache/coreboot-sdk/riscv64-elf/96b949749225b6aaa92ed810ab769e8dfb12f000 COREBOOT_SDK_ROOT_picolibc_arm=/home/jpmurphy/.cache/coreboot-sdk/picolibc-arm-eabi/422a2aa3e1ef891b5bece9a3deb696ff83840d2e COREBOOT_SDK_ROOT_nds32=/home/jpmurphy/.cache/coreboot-sdk/nds32le-elf/d1a518c4a097666d86058e1444f85ca015d15511 COREBOOT_SDK_ROOT_picolibc_riscv64=/home/jpmurphy/.cache/coreboot-sdk/picolibc-riscv64-elf/f571e990ef0278564b31124f8bb109d9a697eb69 COREBOOT_SDK_ROOT_arm=/home/jpmurphy/.cache/coreboot-sdk/arm-eabi/ea40ddd1d190c3b48435c474c0b545719371813a COREBOOT_SDK_ROOT_libstdcxx_riscv64=/home/jpmurphy/.cache/coreboot-sdk/libstdcxx-riscv64-elf/17abf22a3a252e2d5d2062ced5324f7a623689e0 COREBOOT_SDK_ROOT_libstdcxx_arm=/home/jpmurphy/.cache/coreboot-sdk/libstdcxx-arm-eabi/5d7d82e150e44aa1968f1d366e267e6687b328ac COREBOOT_SDK_ROOT_riscv=/home/jpmurphy/.cache/coreboot-sdk/riscv-elf/9a27b9e82341c6e9126624f516ab3f261abb3e73 COREBOOT_SDK_ROOT_libstdcxx_x86=/home/jpmurphy/.cache/coreboot-sdk/libstdcxx-i386-elf/42ef9d2e87a76a37963175d7d428734e65648b87 PYTHONPATH=/mnt/host/source/src/platform/ec/zephyr/zmake PW_PIGWEED_CIPD_INSTALL_DIR=/usr CROSTC_USER_ACKNOWLEDGES_THAT_RISCV_IS_EXPERIMENTAL=1 MAKEFLAGS=' -j16 --jobserver-auth=5,6' /usr/bin/ninja -C /mnt/host/source/src/platform/ec/build/zephyr/lapis/build-rw all.libraries`
[fatcatrvp-ite:ro] INFO: No motionsense-sensor node found
[lapis:rw] ninja: Entering directory `/mnt/host/source/src/platform/ec/build/zephyr/lapis/build-rw'
[nereid:rw] -- Application: /mnt/host/source/src/platform/ec/zephyr/program/nissa
[nereid:rw] Loading Zephyr default modules (Zephyr base (cached)).
[/mnt/host/source/src/platform/ec/build/zephyr/pujjolo-lcov]   /mnt/host/source/src/platform/ec/build/zephyr/pujjolo/build-ro/zephyr/arch/common/CMakeFiles/isr_tables.dir/isr_tables.c.gcno:no functions found
[/mnt/host/source/src/platform/ec/build/zephyr/pujjolo-lcov] stderr:
[pirrha:rw] -- Configuring done (15.7s)
[telith:rw] -- Found Python3: /usr/bin/python3.11 (found suitable version "3.11.11", minimum required is "3.10") found components: Interpreter
[telith:rw] -- Cache files will be written to: /mnt/host/source/src/platform/ec/build/zephyr/user-cache
[telith:rw] -- Zephyr version: 4.3.99 (/mnt/host/source/src/third_party/zephyr/main)
[adlrvp_npcx:rw] -- Performing EC specific devicetree checks
[adlrvp_npcx:ro] -- Found assembler: /home/jpmurphy/.cache/coreboot-sdk/arm-eabi/ea40ddd1d190c3b48435c474c0b545719371813a/bin/arm-eabi-gcc
[adlrvp_npcx:ro] -- Performing EC specific devicetree checks
[it8xxx2_evb:singleimage] -- warning_base_override: -Wall;-Wformat;-Wformat-security;-Wformat;-Wno-format-zero-length;-Wno-pointer-sign;-Wpointer-arith;-Wexpansion-to-defined
[telith:ro] -- Performing EC specific devicetree checks
[fatcatrvp-ite:rw] -- warning_base_override: -Wall;-Wformat;-Wformat-security;-Wformat;-Wno-format-zero-length;-Wno-pointer-sign;-Wpointer-arith;-Wexpansion-to-defined
[fatcatrvp-ite:ro] -- warning_base_override: -Wall;-Wformat;-Wformat-security;-Wformat;-Wno-format-zero-length;-Wno-pointer-sign;-Wpointer-arith;-Wexpansion-to-defined
[adlrvp_npcx:rw] INFO: Verified 95 GPIOs, no duplicates found
[telith:ro]   Disabling c_library
[nereid:rw] -- CMake version: 3.31.7
[telith:ro] Call Stack (most recent call first):
[nereid:rw] -- Found Python3: /usr/bin/python3.11 (found suitable version "3.11.11", minimum required is "3.10") found components: Interpreter
[telith:ro]   /mnt/host/source/src/third_party/zephyr/main/cmake/target_toolchain_flags.cmake:48 (include)
[telith:ro]   /mnt/host/source/src/third_party/zephyr/main/cmake/modules/kernel.cmake:153 (include)
[telith:ro]   /mnt/host/source/src/third_party/zephyr/main/cmake/modules/zephyr_default.cmake:138 (include)
[telith:ro]   /mnt/host/source/src/third_party/zephyr/main/share/zephyr-package/cmake/ZephyrConfig.cmake:66 (include)
[telith:ro]   /mnt/host/source/src/third_party/zephyr/main/share/zephyr-package/cmake/ZephyrConfig.cmake:97 (include_boilerplate)
[telith:ro]   CMakeLists.txt:7 (find_package)
[telith:ro] INFO: Verified 52 GPIOs, no duplicates found
[nereid:rw] -- Cache files will be written to: /mnt/host/source/src/platform/ec/build/zephyr/user-cache
[nereid:rw] -- Zephyr version: 4.3.99 (/mnt/host/source/src/third_party/zephyr/main)
[/mnt/host/source/src/platform/ec/build/zephyr/tanjiro-lcov]   /mnt/host/source/src/platform/ec/build/zephyr/tanjiro/build-ro/modules/ec/zephyr/CMakeFiles/ec_shim.dir/shim/src/power.c.gcno:no functions found
[/mnt/host/source/src/platform/ec/build/zephyr/tanjiro-lcov] stderr:
[adlrvp_npcx:ro] INFO: Verified 95 GPIOs, no duplicates found
[adlrvp_npcx:ro] INFO: Verified 11 '*-gpios' properties, all flags match.
[adlrvp_npcx:ro] INFO: Skipped 1 named-gpios children.
[pirrha:rw] -- Generating done (0.5s)
[pirrha:rw] CMake Warning:
[pirrha:rw] -- Build files have been written to: /mnt/host/source/src/platform/ec/build/zephyr/pirrha/build-rw
[it8xxx2_evb:singleimage] -- Found gen_kobject_list: /mnt/host/source/src/third_party/zephyr/main/scripts/build/gen_kobject_list.py
[adlrvp_npcx:rw] -- Generating component manifest file
[lapis:rw] [1/392] Generating include/generated/zephyr/version.h
[lapis:rw] -- git describe warned: warning: tag 'upstream/v2.7.99' is externally known as 'v2.7.99'
[lapis:rw] -- Zephyr version: 4.3.99 (/mnt/host/source/src/third_party/zephyr/main)
[lapis:rw] [2/392] Preparing syscall dependency handling
[it8xxx2_evb:singleimage] INFO: No motionsense-sensor node found
[it8xxx2_evb:singleimage] CMake Warning at /mnt/host/source/src/third_party/zephyr/main/CMakeLists.txt:2359 (message):
[it8xxx2_evb:singleimage]   __ASSERT() statements are globally ENABLED
[fatcatrvp-ite:ro] -- Found gen_kobject_list: /mnt/host/source/src/third_party/zephyr/main/scripts/build/gen_kobject_list.py
[telith:ro] -- Generating component manifest file
[/mnt/host/source/src/platform/ec/build/zephyr/tanjiro-lcov]   /mnt/host/source/src/platform/ec/build/zephyr/tanjiro/build-ro/modules/ec/zephyr/CMakeFiles/ec_shim.dir/shim/src/battery.c.gcno:no functions found
[/mnt/host/source/src/platform/ec/build/zephyr/tanjiro-lcov] stderr:
[fatcatrvp-ite:rw] -- Found gen_kobject_list: /mnt/host/source/src/third_party/zephyr/main/scripts/build/gen_kobject_list.py
[fatcatrvp-ite:ro] CMake Warning at /mnt/host/source/src/third_party/zephyr/main/CMakeLists.txt:1134 (message):
[adlrvp_npcx:ro] -- Generating component manifest file
[pirrha:rw]   Manually-specified variables were not used by the project:
[pirrha:rw]     COREBOOT_SDK_ROOT_arm
[pirrha:rw]     COREBOOT_SDK_ROOT_libstdcxx_arm
[pirrha:rw]     COREBOOT_SDK_ROOT_libstdcxx_x86
[pirrha:rw]     COREBOOT_SDK_ROOT_nds32
[pirrha:rw]     COREBOOT_SDK_ROOT_picolibc_arm
[pirrha:rw]     COREBOOT_SDK_ROOT_picolibc_x86
[pirrha:rw]     COREBOOT_SDK_ROOT_riscv
[pirrha:rw]     COREBOOT_SDK_ROOT_x86
[lapis:rw] [3/392] Generating misc/generated/syscalls_subdirs.trigger
[pirrha:rw] Building: /usr/bin/ninja -C /mnt/host/source/src/platform/ec/build/zephyr/pirrha/build-rw all.libraries
Running `env -i SHELL=/bin/bash COLORTERM=truecolor DEPOT_TOOLS_UPDATE=0 LESS='-R -M --shift 5' SUDO_GID=0 JDK_HOME=/etc/java-config-2/current-system-vm CONFIG_PROTECT_MASK='/etc/gentoo-release /etc/sandbox.d /etc/fonts/fonts.conf /etc/terminfo /etc/ca-certificates.conf /etc/revdep-rebuild' CHROMEOS_CACHEDIR=/var/cache/chromeos-cache JAVA_HOME=/etc/java-config-2/current-system-vm SSH_AUTH_SOCK=/tmp/ssh-auth-sock SUDO_COMMAND=/bin/bash SUDO_USER=root SUDO_TTY=/dev/pts/2 EDITOR=/usr/bin/vi PWD=/mnt/host/source/src/platform/ec CONFIG_PROTECT=/usr/share/gnupg/qualified.txt LOGNAME=jpmurphy MANPATH=/etc/java-config-2/current-system-vm/man:/usr/local/share/man:/usr/share/man:/usr/share/gcc-data/x86_64-pc-linux-gnu/10.2.0/man:/usr/share/binutils-data/x86_64-pc-linux-gnu/2.45/man:/etc/java-config-2/current-system-vm/man/ SUDO_HOME=/root XAUTHORITY=/run/user/944457/gdm/Xauthority HOME=/home/jpmurphy LANG=C.UTF-8 LS_COLORS='rs=0:di=01;34:ln=01;36:mh=00:pi=40;33:so=01;35:do=01;35:bd=40;33;01:cd=40;33;01:or=01;05;37;41:mi=01;05;37;41:su=37;41:sg=30;43:ca=30;41:tw=30;42:ow=34;42:st=37;44:ex=01;32:*.tar=01;31:*.tgz=01;31:*.arc=01;31:*.arj=01;31:*.taz=01;31:*.lha=01;31:*.lz4=01;31:*.lzh=01;31:*.lzma=01;31:*.tlz=01;31:*.txz=01;31:*.tzo=01;31:*.t7z=01;31:*.zip=01;31:*.z=01;31:*.dz=01;31:*.gz=01;31:*.lrz=01;31:*.lz=01;31:*.lzo=01;31:*.xz=01;31:*.zst=01;31:*.tzst=01;31:*.bz2=01;31:*.bz=01;31:*.tbz=01;31:*.tbz2=01;31:*.tz=01;31:*.deb=01;31:*.rpm=01;31:*.jar=01;31:*.war=01;31:*.ear=01;31:*.sar=01;31:*.rar=01;31:*.alz=01;31:*.ace=01;31:*.zoo=01;31:*.cpio=01;31:*.7z=01;31:*.rz=01;31:*.cab=01;31:*.wim=01;31:*.swm=01;31:*.dwm=01;31:*.esd=01;31:*.jpg=01;35:*.jpeg=01;35:*.mjpg=01;35:*.mjpeg=01;35:*.gif=01;35:*.bmp=01;35:*.pbm=01;35:*.pgm=01;35:*.ppm=01;35:*.tga=01;35:*.xbm=01;35:*.xpm=01;35:*.tif=01;35:*.tiff=01;35:*.png=01;35:*.svg=01;35:*.svgz=01;35:*.mng=01;35:*.pcx=01;35:*.mov=01;35:*.mpg=01;35:*.mpeg=01;35:*.m2v=01;35:*.mkv=01;35:*.webm=01;35:*.webp=01;35:*.ogm=01;35:*.mp4=01;35:*.m4v=01;35:*.mp4v=01;35:*.vob=01;35:*.qt=01;35:*.nuv=01;35:*.wmv=01;35:*.asf=01;35:*.rm=01;35:*.rmvb=01;35:*.flc=01;35:*.avi=01;35:*.fli=01;35:*.flv=01;35:*.gl=01;35:*.dl=01;35:*.xcf=01;35:*.xwd=01;35:*.yuv=01;35:*.cgm=01;35:*.emf=01;35:*.ogv=01;35:*.ogx=01;35:*.cfg=00;32:*.conf=00;32:*.diff=00;32:*.doc=00;32:*.ini=00;32:*.log=00;32:*.patch=00;32:*.pdf=00;32:*.ps=00;32:*.tex=00;32:*.txt=00;32:*.aac=00;36:*.au=00;36:*.flac=00;36:*.m4a=00;36:*.mid=00;36:*.midi=00;36:*.mka=00;36:*.mp3=00;36:*.mpc=00;36:*.ogg=00;36:*.ra=00;36:*.wav=00;36:*.oga=00;36:*.opus=00;36:*.spx=00;36:*.xspf=00;36:' XDG_CURRENT_DESKTOP=GNOME INFOPATH=/usr/share/info:/usr/share/gcc-data/x86_64-pc-linux-gnu/10.2.0/info:/usr/share/binutils-data/x86_64-pc-linux-gnu/2.45/info:/usr/share/automake-1.16.5/info JAVAC=/etc/java-config-2/current-system-vm/bin/javac TERM=xterm-256color LESSOPEN='|lesspipe %s' USER=jpmurphy CROS_WORKON_SRCROOT=/mnt/host/source MANPAGER=manpager DISPLAY=:1 SHLVL=1 LC_MESSAGES=C EXTERNAL_TRUNK_PATH=/mnt/8f9d649a-3721-44cc-93c0-e6bd21a9689f/chromiumos GCC_SPECS='' PATH=/mnt/host/source/chromite/bin:/usr/local/bin:/usr/bin:/bin:/opt/bin:/mnt/host/source/chromite/sdk/bin:/mnt/host/source/chromite/bin PORTAGE_USERNAME=jpmurphy SUDO_UID=0 GCC_VER=10.2.0 MAIL=/var/mail/jpmurphy OLDPWD=/mnt/host/source/src/scripts traceparent=00-e87aca51550a78635907baa6a2476181-6d684811675d2973-01 _=./zephyr/firmware_builder.py COREBOOT_SDK_ROOT_x86=/home/jpmurphy/.cache/coreboot-sdk/i386-elf/dfbb0486385d938cfa9d73080b9d18d598ed4f49 COREBOOT_SDK_ROOT_picolibc_x86=/home/jpmurphy/.cache/coreboot-sdk/picolibc-i386-elf/eb8e8e687b95461de8cbf278f1c2076952d0ad17 COREBOOT_SDK_ROOT_riscv64=/home/jpmurphy/.cache/coreboot-sdk/riscv64-elf/96b949749225b6aaa92ed810ab769e8dfb12f000 COREBOOT_SDK_ROOT_picolibc_arm=/home/jpmurphy/.cache/coreboot-sdk/picolibc-arm-eabi/422a2aa3e1ef891b5bece9a3deb696ff83840d2e COREBOOT_SDK_ROOT_nds32=/home/jpmurphy/.cache/coreboot-sdk/nds32le-elf/d1a518c4a097666d86058e1444f85ca015d15511 COREBOOT_SDK_ROOT_picolibc_riscv64=/home/jpmurphy/.cache/coreboot-sdk/picolibc-riscv64-elf/f571e990ef0278564b31124f8bb109d9a697eb69 COREBOOT_SDK_ROOT_arm=/home/jpmurphy/.cache/coreboot-sdk/arm-eabi/ea40ddd1d190c3b48435c474c0b545719371813a COREBOOT_SDK_ROOT_libstdcxx_riscv64=/home/jpmurphy/.cache/coreboot-sdk/libstdcxx-riscv64-elf/17abf22a3a252e2d5d2062ced5324f7a623689e0 COREBOOT_SDK_ROOT_libstdcxx_arm=/home/jpmurphy/.cache/coreboot-sdk/libstdcxx-arm-eabi/5d7d82e150e44aa1968f1d366e267e6687b328ac COREBOOT_SDK_ROOT_riscv=/home/jpmurphy/.cache/coreboot-sdk/riscv-elf/9a27b9e82341c6e9126624f516ab3f261abb3e73 COREBOOT_SDK_ROOT_libstdcxx_x86=/home/jpmurphy/.cache/coreboot-sdk/libstdcxx-i386-elf/42ef9d2e87a76a37963175d7d428734e65648b87 PYTHONPATH=/mnt/host/source/src/platform/ec/zephyr/zmake PW_PIGWEED_CIPD_INSTALL_DIR=/usr CROSTC_USER_ACKNOWLEDGES_THAT_RISCV_IS_EXPERIMENTAL=1 MAKEFLAGS=' -j16 --jobserver-auth=5,6' /usr/bin/ninja -C /mnt/host/source/src/platform/ec/build/zephyr/pirrha/build-rw all.libraries`
[pirrha:rw] ninja: Entering directory `/mnt/host/source/src/platform/ec/build/zephyr/pirrha/build-rw'
[fatcatrvp-ite:ro]   No SOURCES given to Zephyr library: drivers__syscon
[fatcatrvp-ite:ro]   Excluding target from build.
[fatcatrvp-ite:ro] CMake Warning at /mnt/host/source/src/third_party/zephyr/main/CMakeLists.txt:2359 (message):
[fatcatrvp-ite:ro]   __ASSERT() statements are globally ENABLED
[fatcatrvp-ite:rw] CMake Warning at /mnt/host/source/src/third_party/zephyr/main/CMakeLists.txt:1134 (message):
[fatcatrvp-ite:rw]   No SOURCES given to Zephyr library: drivers__syscon
[fatcatrvp-ite:rw]   Excluding target from build.
[fatcatrvp-ite:rw] CMake Warning at /mnt/host/source/src/third_party/zephyr/main/CMakeLists.txt:2359 (message):
[fatcatrvp-ite:rw]   __ASSERT() statements are globally ENABLED
[it8xxx2_evb:singleimage] -- Configuring done (15.5s)
[adlrvp_npcx:rw] INFO: Verified 11 '*-gpios' properties, all flags match.
[adlrvp_npcx:rw] INFO: Skipped 1 named-gpios children.
[adlrvp_npcx:rw] INFO: Running CME, outputting to /mnt/host/source/src/platform/ec/build/zephyr/adlrvp_npcx/build-rw/zephyr/component_manifest.json
[adlrvp_npcx:rw] INFO: Project adlrvp_npcx does not support SSFC
[adlrvp_npcx:rw] INFO: Component virtual-mux-c0(cros-ec,usbc-mux-virtual) not on I2C bus, skip it
[adlrvp_npcx:rw] INFO: Component virtual-mux-c0(cros-ec,usbc-mux-virtual) not on I2C bus, skip it
[adlrvp_npcx:rw] INFO: Component virtual-mux-c1(cros-ec,usbc-mux-virtual) not on I2C bus, skip it
[adlrvp_npcx:rw] INFO: Component virtual-mux-c1(cros-ec,usbc-mux-virtual) not on I2C bus, skip it
[adlrvp_npcx:rw] INFO: Component virtual-mux-c2(cros-ec,usbc-mux-virtual) not on I2C bus, skip it
[adlrvp_npcx:rw] INFO: Component virtual-mux-c3(cros-ec,usbc-mux-virtual) not on I2C bus, skip it
[adlrvp_npcx:rw] INFO: No motionsense-sensor node found
[telith:ro] INFO: Verified 21 '*-gpios' properties, all flags match.
[telith:ro] INFO: Skipped 14 named-gpios children.
[telith:ro] INFO: Running CME, outputting to /mnt/host/source/src/platform/ec/build/zephyr/telith/build-ro/zephyr/component_manifest.json
[telith:ro] INFO: Component usbpd@f03700(ite,it8xxx2-usbpd) not on I2C bus, skip it
[telith:ro] INFO: Component virtual-mux-0(cros-ec,usbc-mux-virtual) not on I2C bus, skip it
[telith:ro] INFO: Component usbpd@f03800(ite,it8xxx2-usbpd) not on I2C bus, skip it
[telith:ro] INFO: Component virtual-mux-1(cros-ec,usbc-mux-virtual) not on I2C bus, skip it
[telith:ro] INFO: Component virtual-mux-1(cros-ec,usbc-mux-virtual) not on I2C bus, skip it
[telith:ro] INFO: No motionsense-sensor node found
[fatcatrvp-ite:ro] -- Configuring done (16.3s)
[fatcatrvp-ite:rw] -- Configuring done (16.2s)
[adlrvp_npcx:ro] INFO: Running CME, outputting to /mnt/host/source/src/platform/ec/build/zephyr/adlrvp_npcx/build-ro/zephyr/component_manifest.json
[adlrvp_npcx:ro] INFO: Project adlrvp_npcx does not support SSFC
[adlrvp_npcx:ro] INFO: Component virtual-mux-c0(cros-ec,usbc-mux-virtual) not on I2C bus, skip it
[adlrvp_npcx:ro] INFO: Component virtual-mux-c0(cros-ec,usbc-mux-virtual) not on I2C bus, skip it
[adlrvp_npcx:ro] INFO: Component virtual-mux-c1(cros-ec,usbc-mux-virtual) not on I2C bus, skip it
[adlrvp_npcx:ro] INFO: Component virtual-mux-c1(cros-ec,usbc-mux-virtual) not on I2C bus, skip it
[adlrvp_npcx:ro] INFO: Component virtual-mux-c2(cros-ec,usbc-mux-virtual) not on I2C bus, skip it
[adlrvp_npcx:ro] INFO: Component virtual-mux-c3(cros-ec,usbc-mux-virtual) not on I2C bus, skip it
[adlrvp_npcx:ro] -- warning_base_override: -Wall;-Wformat;-Wformat-security;-Wformat;-Wno-format-zero-length;-Wno-pointer-sign;-Wpointer-arith;-Wexpansion-to-defined
[adlrvp_npcx:rw] -- warning_base_override: -Wall;-Wformat;-Wformat-security;-Wformat;-Wno-format-zero-length;-Wno-pointer-sign;-Wpointer-arith;-Wexpansion-to-defined
[telith:ro] -- warning_base_override: -Wall;-Wformat;-Wformat-security;-Wformat;-Wno-format-zero-length;-Wno-pointer-sign;-Wpointer-arith;-Wexpansion-to-defined
[it8xxx2_evb:singleimage] -- Generating done (0.5s)
[it8xxx2_evb:singleimage] CMake Warning:
[it8xxx2_evb:singleimage] -- Build files have been written to: /mnt/host/source/src/platform/ec/build/zephyr/it8xxx2_evb/build-singleimage
[pirrha:rw] [1/393] Generating include/generated/zephyr/version.h
[pirrha:rw] -- git describe warned: warning: tag 'upstream/v2.7.99' is externally known as 'v2.7.99'
[pirrha:rw] -- Zephyr version: 4.3.99 (/mnt/host/source/src/third_party/zephyr/main)
[pirrha:rw] [2/393] Preparing syscall dependency handling
[fatcatrvp-ite:ro] -- Generating done (0.5s)
[fatcatrvp-ite:ro] CMake Warning:
[fatcatrvp-ite:ro] -- Build files have been written to: /mnt/host/source/src/platform/ec/build/zephyr/fatcatrvp-ite/build-ro
[pirrha:rw] [3/393] Generating misc/generated/syscalls_subdirs.trigger
[fatcatrvp-ite:rw] -- Generating done (0.5s)
[fatcatrvp-ite:rw] CMake Warning:
[fatcatrvp-ite:rw]   Manually-specified variables were not used by the project:
[fatcatrvp-ite:rw]     COREBOOT_SDK_ROOT_arm
[fatcatrvp-ite:rw]     COREBOOT_SDK_ROOT_libstdcxx_arm
[fatcatrvp-ite:rw]     COREBOOT_SDK_ROOT_libstdcxx_x86
[fatcatrvp-ite:rw]     COREBOOT_SDK_ROOT_nds32
[fatcatrvp-ite:rw]     COREBOOT_SDK_ROOT_picolibc_arm
[fatcatrvp-ite:rw]     COREBOOT_SDK_ROOT_picolibc_x86
[fatcatrvp-ite:rw]     COREBOOT_SDK_ROOT_riscv
[fatcatrvp-ite:rw]     COREBOOT_SDK_ROOT_x86
[fatcatrvp-ite:rw] -- Build files have been written to: /mnt/host/source/src/platform/ec/build/zephyr/fatcatrvp-ite/build-rw
[telith:rw] -- Board: it8xxx2, qualifiers: it81302bx
[it8xxx2_evb:singleimage]   Manually-specified variables were not used by the project:
[it8xxx2_evb:singleimage]     COREBOOT_SDK_ROOT_arm
[it8xxx2_evb:singleimage]     COREBOOT_SDK_ROOT_libstdcxx_arm
[it8xxx2_evb:singleimage]     COREBOOT_SDK_ROOT_libstdcxx_x86
[it8xxx2_evb:singleimage]     COREBOOT_SDK_ROOT_nds32
[it8xxx2_evb:singleimage]     COREBOOT_SDK_ROOT_picolibc_arm
[it8xxx2_evb:singleimage]     COREBOOT_SDK_ROOT_picolibc_x86
[it8xxx2_evb:singleimage]     COREBOOT_SDK_ROOT_riscv
[it8xxx2_evb:singleimage]     COREBOOT_SDK_ROOT_x86
[adlrvp_npcx:ro] -- Found gen_kobject_list: /mnt/host/source/src/third_party/zephyr/main/scripts/build/gen_kobject_list.py
[adlrvp_npcx:rw] -- Found gen_kobject_list: /mnt/host/source/src/third_party/zephyr/main/scripts/build/gen_kobject_list.py
[fatcatrvp-ite:ro]   Manually-specified variables were not used by the project:
[fatcatrvp-ite:ro]     COREBOOT_SDK_ROOT_arm
[fatcatrvp-ite:ro]     COREBOOT_SDK_ROOT_libstdcxx_arm
[fatcatrvp-ite:ro]     COREBOOT_SDK_ROOT_libstdcxx_x86
[fatcatrvp-ite:ro]     COREBOOT_SDK_ROOT_nds32
[fatcatrvp-ite:ro]     COREBOOT_SDK_ROOT_picolibc_arm
[fatcatrvp-ite:ro]     COREBOOT_SDK_ROOT_picolibc_x86
[fatcatrvp-ite:ro]     COREBOOT_SDK_ROOT_riscv
[fatcatrvp-ite:ro]     COREBOOT_SDK_ROOT_x86
[telith:ro] -- Found gen_kobject_list: /mnt/host/source/src/third_party/zephyr/main/scripts/build/gen_kobject_list.py
[lapis:rw] [4/392] Generating misc/generated/syscalls.json, misc/generated/struct_tags.json
[adlrvp_npcx:ro] INFO: No motionsense-sensor node found
[adlrvp_npcx:ro] CMake Warning at /mnt/host/source/src/third_party/zephyr/main/CMakeLists.txt:2359 (message):
[adlrvp_npcx:rw] CMake Warning at /mnt/host/source/src/third_party/zephyr/main/CMakeLists.txt:2359 (message):
[pirrha:rw] [4/393] cd /mnt/host/source/src/platform/ec/build/zephyr/pirrha/build-rw/modules/ec/zephyr && PYTHONPATH=/mnt/host/source/src/platform/ec/build/zephyr/pirrha/modules/ec/zephyr/zmake/ /usr/bin/python3.11 /mnt/host/source/src/platform/ec/build/zephyr/pirrha/modules/ec/zephyr/zmake/zephyr_build_tools/generate_ec_version.py /mnt/host/source/src/platform/ec/build/zephyr/pirrha/build-rw/modules/ec/zephyr/include/ec_version.h --name Zephyr-Kernel --version 16543.0.0 --static
[lapis:rw] [5/392] cd /mnt/host/source/src/platform/ec/build/zephyr/lapis/build-rw/modules/ec/zephyr && PYTHONPATH=/mnt/host/source/src/platform/ec/build/zephyr/lapis/modules/ec/zephyr/zmake/ /usr/bin/python3.11 /mnt/host/source/src/platform/ec/build/zephyr/lapis/modules/ec/zephyr/zmake/zephyr_build_tools/generate_ec_version.py /mnt/host/source/src/platform/ec/build/zephyr/lapis/build-rw/modules/ec/zephyr/include/ec_version.h --name Zephyr-Kernel --version 16543.0.0 --static
[lapis:rw] INFO:root:Using a static version string
[lapis:rw] INFO:root:Version string: Zephyr-Kernel-16543.0.0
[lapis:rw] INFO:root:Writing header to /mnt/host/source/src/platform/ec/build/zephyr/lapis/build-rw/modules/ec/zephyr/include/ec_version.h
[lapis:rw] [6/392] Generating include/generated/zephyr/syscall_dispatch.c, include/generated/zephyr/syscall_exports_llext.c, syscall_weakdefs_llext.c, include/generated/zephyr/syscall_list.h
[lapis:rw] [7/392] Generating include/generated/device-api-sections.ld, include/generated/device-api-sections.cmake
[adlrvp_npcx:rw] -- Configuring done (16.6s)
[adlrvp_npcx:ro] -- Configuring done (16.7s)
[telith:ro] -- Configuring done (16.2s)
[lapis:rw] [8/392] Generating include/generated/zephyr/driver-validation.h
[fatcatrvp-ite:rw] Building: /usr/bin/ninja -C /mnt/host/source/src/platform/ec/build/zephyr/fatcatrvp-ite/build-rw all.libraries
Running `env -i SHELL=/bin/bash COLORTERM=truecolor DEPOT_TOOLS_UPDATE=0 LESS='-R -M --shift 5' SUDO_GID=0 JDK_HOME=/etc/java-config-2/current-system-vm CONFIG_PROTECT_MASK='/etc/gentoo-release /etc/sandbox.d /etc/fonts/fonts.conf /etc/terminfo /etc/ca-certificates.conf /etc/revdep-rebuild' CHROMEOS_CACHEDIR=/var/cache/chromeos-cache JAVA_HOME=/etc/java-config-2/current-system-vm SSH_AUTH_SOCK=/tmp/ssh-auth-sock SUDO_COMMAND=/bin/bash SUDO_USER=root SUDO_TTY=/dev/pts/2 EDITOR=/usr/bin/vi PWD=/mnt/host/source/src/platform/ec CONFIG_PROTECT=/usr/share/gnupg/qualified.txt LOGNAME=jpmurphy MANPATH=/etc/java-config-2/current-system-vm/man:/usr/local/share/man:/usr/share/man:/usr/share/gcc-data/x86_64-pc-linux-gnu/10.2.0/man:/usr/share/binutils-data/x86_64-pc-linux-gnu/2.45/man:/etc/java-config-2/current-system-vm/man/ SUDO_HOME=/root XAUTHORITY=/run/user/944457/gdm/Xauthority HOME=/home/jpmurphy LANG=C.UTF-8 LS_COLORS='rs=0:di=01;34:ln=01;36:mh=00:pi=40;33:so=01;35:do=01;35:bd=40;33;01:cd=40;33;01:or=01;05;37;41:mi=01;05;37;41:su=37;41:sg=30;43:ca=30;41:tw=30;42:ow=34;42:st=37;44:ex=01;32:*.tar=01;31:*.tgz=01;31:*.arc=01;31:*.arj=01;31:*.taz=01;31:*.lha=01;31:*.lz4=01;31:*.lzh=01;31:*.lzma=01;31:*.tlz=01;31:*.txz=01;31:*.tzo=01;31:*.t7z=01;31:*.zip=01;31:*.z=01;31:*.dz=01;31:*.gz=01;31:*.lrz=01;31:*.lz=01;31:*.lzo=01;31:*.xz=01;31:*.zst=01;31:*.tzst=01;31:*.bz2=01;31:*.bz=01;31:*.tbz=01;31:*.tbz2=01;31:*.tz=01;31:*.deb=01;31:*.rpm=01;31:*.jar=01;31:*.war=01;31:*.ear=01;31:*.sar=01;31:*.rar=01;31:*.alz=01;31:*.ace=01;31:*.zoo=01;31:*.cpio=01;31:*.7z=01;31:*.rz=01;31:*.cab=01;31:*.wim=01;31:*.swm=01;31:*.dwm=01;31:*.esd=01;31:*.jpg=01;35:*.jpeg=01;35:*.mjpg=01;35:*.mjpeg=01;35:*.gif=01;35:*.bmp=01;35:*.pbm=01;35:*.pgm=01;35:*.ppm=01;35:*.tga=01;35:*.xbm=01;35:*.xpm=01;35:*.tif=01;35:*.tiff=01;35:*.png=01;35:*.svg=01;35:*.svgz=01;35:*.mng=01;35:*.pcx=01;35:*.mov=01;35:*.mpg=01;35:*.mpeg=01;35:*.m2v=01;35:*.mkv=01;35:*.webm=01;35:*.webp=01;35:*.ogm=01;35:*.mp4=01;35:*.m4v=01;35:*.mp4v=01;35:*.vob=01;35:*.qt=01;35:*.nuv=01;35:*.wmv=01;35:*.asf=01;35:*.rm=01;35:*.rmvb=01;35:*.flc=01;35:*.avi=01;35:*.fli=01;35:*.flv=01;35:*.gl=01;35:*.dl=01;35:*.xcf=01;35:*.xwd=01;35:*.yuv=01;35:*.cgm=01;35:*.emf=01;35:*.ogv=01;35:*.ogx=01;35:*.cfg=00;32:*.conf=00;32:*.diff=00;32:*.doc=00;32:*.ini=00;32:*.log=00;32:*.patch=00;32:*.pdf=00;32:*.ps=00;32:*.tex=00;32:*.txt=00;32:*.aac=00;36:*.au=00;36:*.flac=00;36:*.m4a=00;36:*.mid=00;36:*.midi=00;36:*.mka=00;36:*.mp3=00;36:*.mpc=00;36:*.ogg=00;36:*.ra=00;36:*.wav=00;36:*.oga=00;36:*.opus=00;36:*.spx=00;36:*.xspf=00;36:' XDG_CURRENT_DESKTOP=GNOME INFOPATH=/usr/share/info:/usr/share/gcc-data/x86_64-pc-linux-gnu/10.2.0/info:/usr/share/binutils-data/x86_64-pc-linux-gnu/2.45/info:/usr/share/automake-1.16.5/info JAVAC=/etc/java-config-2/current-system-vm/bin/javac TERM=xterm-256color LESSOPEN='|lesspipe %s' USER=jpmurphy CROS_WORKON_SRCROOT=/mnt/host/source MANPAGER=manpager DISPLAY=:1 SHLVL=1 LC_MESSAGES=C EXTERNAL_TRUNK_PATH=/mnt/8f9d649a-3721-44cc-93c0-e6bd21a9689f/chromiumos GCC_SPECS='' PATH=/mnt/host/source/chromite/bin:/usr/local/bin:/usr/bin:/bin:/opt/bin:/mnt/host/source/chromite/sdk/bin:/mnt/host/source/chromite/bin PORTAGE_USERNAME=jpmurphy SUDO_UID=0 GCC_VER=10.2.0 MAIL=/var/mail/jpmurphy OLDPWD=/mnt/host/source/src/scripts traceparent=00-e87aca51550a78635907baa6a2476181-6d684811675d2973-01 _=./zephyr/firmware_builder.py COREBOOT_SDK_ROOT_x86=/home/jpmurphy/.cache/coreboot-sdk/i386-elf/dfbb0486385d938cfa9d73080b9d18d598ed4f49 COREBOOT_SDK_ROOT_picolibc_x86=/home/jpmurphy/.cache/coreboot-sdk/picolibc-i386-elf/eb8e8e687b95461de8cbf278f1c2076952d0ad17 COREBOOT_SDK_ROOT_riscv64=/home/jpmurphy/.cache/coreboot-sdk/riscv64-elf/96b949749225b6aaa92ed810ab769e8dfb12f000 COREBOOT_SDK_ROOT_picolibc_arm=/home/jpmurphy/.cache/coreboot-sdk/picolibc-arm-eabi/422a2aa3e1ef891b5bece9a3deb696ff83840d2e COREBOOT_SDK_ROOT_nds32=/home/jpmurphy/.cache/coreboot-sdk/nds32le-elf/d1a518c4a097666d86058e1444f85ca015d15511 COREBOOT_SDK_ROOT_picolibc_riscv64=/home/jpmurphy/.cache/coreboot-sdk/picolibc-riscv64-elf/f571e990ef0278564b31124f8bb109d9a697eb69 COREBOOT_SDK_ROOT_arm=/home/jpmurphy/.cache/coreboot-sdk/arm-eabi/ea40ddd1d190c3b48435c474c0b545719371813a COREBOOT_SDK_ROOT_libstdcxx_riscv64=/home/jpmurphy/.cache/coreboot-sdk/libstdcxx-riscv64-elf/17abf22a3a252e2d5d2062ced5324f7a623689e0 COREBOOT_SDK_ROOT_libstdcxx_arm=/home/jpmurphy/.cache/coreboot-sdk/libstdcxx-arm-eabi/5d7d82e150e44aa1968f1d366e267e6687b328ac COREBOOT_SDK_ROOT_riscv=/home/jpmurphy/.cache/coreboot-sdk/riscv-elf/9a27b9e82341c6e9126624f516ab3f261abb3e73 COREBOOT_SDK_ROOT_libstdcxx_x86=/home/jpmurphy/.cache/coreboot-sdk/libstdcxx-i386-elf/42ef9d2e87a76a37963175d7d428734e65648b87 PYTHONPATH=/mnt/host/source/src/platform/ec/zephyr/zmake PW_PIGWEED_CIPD_INSTALL_DIR=/usr CROSTC_USER_ACKNOWLEDGES_THAT_RISCV_IS_EXPERIMENTAL=1 MAKEFLAGS=' -j16 --jobserver-auth=5,6' /usr/bin/ninja -C /mnt/host/source/src/platform/ec/build/zephyr/fatcatrvp-ite/build-rw all.libraries`
[fatcatrvp-ite:rw] ninja: Entering directory `/mnt/host/source/src/platform/ec/build/zephyr/fatcatrvp-ite/build-rw'
[lapis:rw] [9/392] Generating include/generated/zephyr/kobj-types-enum.h, include/generated/zephyr/otype-to-str.h, include/generated/zephyr/otype-to-size.h
[it8xxx2_evb:singleimage] Building: /usr/bin/ninja -C /mnt/host/source/src/platform/ec/build/zephyr/it8xxx2_evb/build-singleimage all.libraries
Running `env -i SHELL=/bin/bash COLORTERM=truecolor DEPOT_TOOLS_UPDATE=0 LESS='-R -M --shift 5' SUDO_GID=0 JDK_HOME=/etc/java-config-2/current-system-vm CONFIG_PROTECT_MASK='/etc/gentoo-release /etc/sandbox.d /etc/fonts/fonts.conf /etc/terminfo /etc/ca-certificates.conf /etc/revdep-rebuild' CHROMEOS_CACHEDIR=/var/cache/chromeos-cache JAVA_HOME=/etc/java-config-2/current-system-vm SSH_AUTH_SOCK=/tmp/ssh-auth-sock SUDO_COMMAND=/bin/bash SUDO_USER=root SUDO_TTY=/dev/pts/2 EDITOR=/usr/bin/vi PWD=/mnt/host/source/src/platform/ec CONFIG_PROTECT=/usr/share/gnupg/qualified.txt LOGNAME=jpmurphy MANPATH=/etc/java-config-2/current-system-vm/man:/usr/local/share/man:/usr/share/man:/usr/share/gcc-data/x86_64-pc-linux-gnu/10.2.0/man:/usr/share/binutils-data/x86_64-pc-linux-gnu/2.45/man:/etc/java-config-2/current-system-vm/man/ SUDO_HOME=/root XAUTHORITY=/run/user/944457/gdm/Xauthority HOME=/home/jpmurphy LANG=C.UTF-8 LS_COLORS='rs=0:di=01;34:ln=01;36:mh=00:pi=40;33:so=01;35:do=01;35:bd=40;33;01:cd=40;33;01:or=01;05;37;41:mi=01;05;37;41:su=37;41:sg=30;43:ca=30;41:tw=30;42:ow=34;42:st=37;44:ex=01;32:*.tar=01;31:*.tgz=01;31:*.arc=01;31:*.arj=01;31:*.taz=01;31:*.lha=01;31:*.lz4=01;31:*.lzh=01;31:*.lzma=01;31:*.tlz=01;31:*.txz=01;31:*.tzo=01;31:*.t7z=01;31:*.zip=01;31:*.z=01;31:*.dz=01;31:*.gz=01;31:*.lrz=01;31:*.lz=01;31:*.lzo=01;31:*.xz=01;31:*.zst=01;31:*.tzst=01;31:*.bz2=01;31:*.bz=01;31:*.tbz=01;31:*.tbz2=01;31:*.tz=01;31:*.deb=01;31:*.rpm=01;31:*.jar=01;31:*.war=01;31:*.ear=01;31:*.sar=01;31:*.rar=01;31:*.alz=01;31:*.ace=01;31:*.zoo=01;31:*.cpio=01;31:*.7z=01;31:*.rz=01;31:*.cab=01;31:*.wim=01;31:*.swm=01;31:*.dwm=01;31:*.esd=01;31:*.jpg=01;35:*.jpeg=01;35:*.mjpg=01;35:*.mjpeg=01;35:*.gif=01;35:*.bmp=01;35:*.pbm=01;35:*.pgm=01;35:*.ppm=01;35:*.tga=01;35:*.xbm=01;35:*.xpm=01;35:*.tif=01;35:*.tiff=01;35:*.png=01;35:*.svg=01;35:*.svgz=01;35:*.mng=01;35:*.pcx=01;35:*.mov=01;35:*.mpg=01;35:*.mpeg=01;35:*.m2v=01;35:*.mkv=01;35:*.webm=01;35:*.webp=01;35:*.ogm=01;35:*.mp4=01;35:*.m4v=01;35:*.mp4v=01;35:*.vob=01;35:*.qt=01;35:*.nuv=01;35:*.wmv=01;35:*.asf=01;35:*.rm=01;35:*.rmvb=01;35:*.flc=01;35:*.avi=01;35:*.fli=01;35:*.flv=01;35:*.gl=01;35:*.dl=01;35:*.xcf=01;35:*.xwd=01;35:*.yuv=01;35:*.cgm=01;35:*.emf=01;35:*.ogv=01;35:*.ogx=01;35:*.cfg=00;32:*.conf=00;32:*.diff=00;32:*.doc=00;32:*.ini=00;32:*.log=00;32:*.patch=00;32:*.pdf=00;32:*.ps=00;32:*.tex=00;32:*.txt=00;32:*.aac=00;36:*.au=00;36:*.flac=00;36:*.m4a=00;36:*.mid=00;36:*.midi=00;36:*.mka=00;36:*.mp3=00;36:*.mpc=00;36:*.ogg=00;36:*.ra=00;36:*.wav=00;36:*.oga=00;36:*.opus=00;36:*.spx=00;36:*.xspf=00;36:' XDG_CURRENT_DESKTOP=GNOME INFOPATH=/usr/share/info:/usr/share/gcc-data/x86_64-pc-linux-gnu/10.2.0/info:/usr/share/binutils-data/x86_64-pc-linux-gnu/2.45/info:/usr/share/automake-1.16.5/info JAVAC=/etc/java-config-2/current-system-vm/bin/javac TERM=xterm-256color LESSOPEN='|lesspipe %s' USER=jpmurphy CROS_WORKON_SRCROOT=/mnt/host/source MANPAGER=manpager DISPLAY=:1 SHLVL=1 LC_MESSAGES=C EXTERNAL_TRUNK_PATH=/mnt/8f9d649a-3721-44cc-93c0-e6bd21a9689f/chromiumos GCC_SPECS='' PATH=/mnt/host/source/chromite/bin:/usr/local/bin:/usr/bin:/bin:/opt/bin:/mnt/host/source/chromite/sdk/bin:/mnt/host/source/chromite/bin PORTAGE_USERNAME=jpmurphy SUDO_UID=0 GCC_VER=10.2.0 MAIL=/var/mail/jpmurphy OLDPWD=/mnt/host/source/src/scripts traceparent=00-e87aca51550a78635907baa6a2476181-6d684811675d2973-01 _=./zephyr/firmware_builder.py COREBOOT_SDK_ROOT_x86=/home/jpmurphy/.cache/coreboot-sdk/i386-elf/dfbb0486385d938cfa9d73080b9d18d598ed4f49 COREBOOT_SDK_ROOT_picolibc_x86=/home/jpmurphy/.cache/coreboot-sdk/picolibc-i386-elf/eb8e8e687b95461de8cbf278f1c2076952d0ad17 COREBOOT_SDK_ROOT_riscv64=/home/jpmurphy/.cache/coreboot-sdk/riscv64-elf/96b949749225b6aaa92ed810ab769e8dfb12f000 COREBOOT_SDK_ROOT_picolibc_arm=/home/jpmurphy/.cache/coreboot-sdk/picolibc-arm-eabi/422a2aa3e1ef891b5bece9a3deb696ff83840d2e COREBOOT_SDK_ROOT_nds32=/home/jpmurphy/.cache/coreboot-sdk/nds32le-elf/d1a518c4a097666d86058e1444f85ca015d15511 COREBOOT_SDK_ROOT_picolibc_riscv64=/home/jpmurphy/.cache/coreboot-sdk/picolibc-riscv64-elf/f571e990ef0278564b31124f8bb109d9a697eb69 COREBOOT_SDK_ROOT_arm=/home/jpmurphy/.cache/coreboot-sdk/arm-eabi/ea40ddd1d190c3b48435c474c0b545719371813a COREBOOT_SDK_ROOT_libstdcxx_riscv64=/home/jpmurphy/.cache/coreboot-sdk/libstdcxx-riscv64-elf/17abf22a3a252e2d5d2062ced5324f7a623689e0 COREBOOT_SDK_ROOT_libstdcxx_arm=/home/jpmurphy/.cache/coreboot-sdk/libstdcxx-arm-eabi/5d7d82e150e44aa1968f1d366e267e6687b328ac COREBOOT_SDK_ROOT_riscv=/home/jpmurphy/.cache/coreboot-sdk/riscv-elf/9a27b9e82341c6e9126624f516ab3f261abb3e73 COREBOOT_SDK_ROOT_libstdcxx_x86=/home/jpmurphy/.cache/coreboot-sdk/libstdcxx-i386-elf/42ef9d2e87a76a37963175d7d428734e65648b87 PYTHONPATH=/mnt/host/source/src/platform/ec/zephyr/zmake PW_PIGWEED_CIPD_INSTALL_DIR=/usr CROSTC_USER_ACKNOWLEDGES_THAT_RISCV_IS_EXPERIMENTAL=1 MAKEFLAGS=' -j16 --jobserver-auth=5,6' /usr/bin/ninja -C /mnt/host/source/src/platform/ec/build/zephyr/it8xxx2_evb/build-singleimage all.libraries`
[it8xxx2_evb:singleimage] ninja: Entering directory `/mnt/host/source/src/platform/ec/build/zephyr/it8xxx2_evb/build-singleimage'
[nereid:rw] -- Board: it8xxx2, qualifiers: it81302bx
[adlrvp_npcx:rw] -- Generating done (0.4s)
[adlrvp_npcx:rw]   __ASSERT() statements are globally ENABLED
[adlrvp_npcx:rw] CMake Warning:
[adlrvp_npcx:ro] -- Generating done (0.4s)
[adlrvp_npcx:ro]   __ASSERT() statements are globally ENABLED
[adlrvp_npcx:ro] CMake Warning:
[adlrvp_npcx:ro] -- Build files have been written to: /mnt/host/source/src/platform/ec/build/zephyr/adlrvp_npcx/build-ro
[pirrha:rw] INFO:root:Using a static version string
[pirrha:rw] INFO:root:Version string: Zephyr-Kernel-16543.0.0
[pirrha:rw] INFO:root:Writing header to /mnt/host/source/src/platform/ec/build/zephyr/pirrha/build-rw/modules/ec/zephyr/include/ec_version.h
[pirrha:rw] [5/393] Generating misc/generated/syscalls.json, misc/generated/struct_tags.json
[telith:ro] -- Generating done (0.5s)
[telith:ro] CMake Warning:
[telith:ro] -- Build files have been written to: /mnt/host/source/src/platform/ec/build/zephyr/telith/build-ro
[it8xxx2_evb:singleimage] [1/277] Preparing syscall dependency handling
[it8xxx2_evb:singleimage] [2/277] Generating misc/generated/syscalls_subdirs.trigger
[lapis:rw] [10/392] Building C object zephyr/CMakeFiles/offsets.dir/arch/arm/core/offsets/offsets.c.obj
[adlrvp_npcx:rw] -- Build files have been written to: /mnt/host/source/src/platform/ec/build/zephyr/adlrvp_npcx/build-rw
[adlrvp_npcx:rw]   Manually-specified variables were not used by the project:
[adlrvp_npcx:rw]     COREBOOT_SDK_ROOT_libstdcxx_riscv64
[adlrvp_npcx:rw]     COREBOOT_SDK_ROOT_libstdcxx_x86
[adlrvp_npcx:rw]     COREBOOT_SDK_ROOT_nds32
[adlrvp_npcx:rw]     COREBOOT_SDK_ROOT_picolibc_riscv64
[adlrvp_npcx:rw]     COREBOOT_SDK_ROOT_picolibc_x86
[adlrvp_npcx:rw]     COREBOOT_SDK_ROOT_riscv
[adlrvp_npcx:rw]     COREBOOT_SDK_ROOT_riscv64
[adlrvp_npcx:rw]     COREBOOT_SDK_ROOT_x86
[fatcatrvp-ite:ro] Building: /usr/bin/ninja -C /mnt/host/source/src/platform/ec/build/zephyr/fatcatrvp-ite/build-ro all.libraries
Running `env -i SHELL=/bin/bash COLORTERM=truecolor DEPOT_TOOLS_UPDATE=0 LESS='-R -M --shift 5' SUDO_GID=0 JDK_HOME=/etc/java-config-2/current-system-vm CONFIG_PROTECT_MASK='/etc/gentoo-release /etc/sandbox.d /etc/fonts/fonts.conf /etc/terminfo /etc/ca-certificates.conf /etc/revdep-rebuild' CHROMEOS_CACHEDIR=/var/cache/chromeos-cache JAVA_HOME=/etc/java-config-2/current-system-vm SSH_AUTH_SOCK=/tmp/ssh-auth-sock SUDO_COMMAND=/bin/bash SUDO_USER=root SUDO_TTY=/dev/pts/2 EDITOR=/usr/bin/vi PWD=/mnt/host/source/src/platform/ec CONFIG_PROTECT=/usr/share/gnupg/qualified.txt LOGNAME=jpmurphy MANPATH=/etc/java-config-2/current-system-vm/man:/usr/local/share/man:/usr/share/man:/usr/share/gcc-data/x86_64-pc-linux-gnu/10.2.0/man:/usr/share/binutils-data/x86_64-pc-linux-gnu/2.45/man:/etc/java-config-2/current-system-vm/man/ SUDO_HOME=/root XAUTHORITY=/run/user/944457/gdm/Xauthority HOME=/home/jpmurphy LANG=C.UTF-8 LS_COLORS='rs=0:di=01;34:ln=01;36:mh=00:pi=40;33:so=01;35:do=01;35:bd=40;33;01:cd=40;33;01:or=01;05;37;41:mi=01;05;37;41:su=37;41:sg=30;43:ca=30;41:tw=30;42:ow=34;42:st=37;44:ex=01;32:*.tar=01;31:*.tgz=01;31:*.arc=01;31:*.arj=01;31:*.taz=01;31:*.lha=01;31:*.lz4=01;31:*.lzh=01;31:*.lzma=01;31:*.tlz=01;31:*.txz=01;31:*.tzo=01;31:*.t7z=01;31:*.zip=01;31:*.z=01;31:*.dz=01;31:*.gz=01;31:*.lrz=01;31:*.lz=01;31:*.lzo=01;31:*.xz=01;31:*.zst=01;31:*.tzst=01;31:*.bz2=01;31:*.bz=01;31:*.tbz=01;31:*.tbz2=01;31:*.tz=01;31:*.deb=01;31:*.rpm=01;31:*.jar=01;31:*.war=01;31:*.ear=01;31:*.sar=01;31:*.rar=01;31:*.alz=01;31:*.ace=01;31:*.zoo=01;31:*.cpio=01;31:*.7z=01;31:*.rz=01;31:*.cab=01;31:*.wim=01;31:*.swm=01;31:*.dwm=01;31:*.esd=01;31:*.jpg=01;35:*.jpeg=01;35:*.mjpg=01;35:*.mjpeg=01;35:*.gif=01;35:*.bmp=01;35:*.pbm=01;35:*.pgm=01;35:*.ppm=01;35:*.tga=01;35:*.xbm=01;35:*.xpm=01;35:*.tif=01;35:*.tiff=01;35:*.png=01;35:*.svg=01;35:*.svgz=01;35:*.mng=01;35:*.pcx=01;35:*.mov=01;35:*.mpg=01;35:*.mpeg=01;35:*.m2v=01;35:*.mkv=01;35:*.webm=01;35:*.webp=01;35:*.ogm=01;35:*.mp4=01;35:*.m4v=01;35:*.mp4v=01;35:*.vob=01;35:*.qt=01;35:*.nuv=01;35:*.wmv=01;35:*.asf=01;35:*.rm=01;35:*.rmvb=01;35:*.flc=01;35:*.avi=01;35:*.fli=01;35:*.flv=01;35:*.gl=01;35:*.dl=01;35:*.xcf=01;35:*.xwd=01;35:*.yuv=01;35:*.cgm=01;35:*.emf=01;35:*.ogv=01;35:*.ogx=01;35:*.cfg=00;32:*.conf=00;32:*.diff=00;32:*.doc=00;32:*.ini=00;32:*.log=00;32:*.patch=00;32:*.pdf=00;32:*.ps=00;32:*.tex=00;32:*.txt=00;32:*.aac=00;36:*.au=00;36:*.flac=00;36:*.m4a=00;36:*.mid=00;36:*.midi=00;36:*.mka=00;36:*.mp3=00;36:*.mpc=00;36:*.ogg=00;36:*.ra=00;36:*.wav=00;36:*.oga=00;36:*.opus=00;36:*.spx=00;36:*.xspf=00;36:' XDG_CURRENT_DESKTOP=GNOME INFOPATH=/usr/share/info:/usr/share/gcc-data/x86_64-pc-linux-gnu/10.2.0/info:/usr/share/binutils-data/x86_64-pc-linux-gnu/2.45/info:/usr/share/automake-1.16.5/info JAVAC=/etc/java-config-2/current-system-vm/bin/javac TERM=xterm-256color LESSOPEN='|lesspipe %s' USER=jpmurphy CROS_WORKON_SRCROOT=/mnt/host/source MANPAGER=manpager DISPLAY=:1 SHLVL=1 LC_MESSAGES=C EXTERNAL_TRUNK_PATH=/mnt/8f9d649a-3721-44cc-93c0-e6bd21a9689f/chromiumos GCC_SPECS='' PATH=/mnt/host/source/chromite/bin:/usr/local/bin:/usr/bin:/bin:/opt/bin:/mnt/host/source/chromite/sdk/bin:/mnt/host/source/chromite/bin PORTAGE_USERNAME=jpmurphy SUDO_UID=0 GCC_VER=10.2.0 MAIL=/var/mail/jpmurphy OLDPWD=/mnt/host/source/src/scripts traceparent=00-e87aca51550a78635907baa6a2476181-6d684811675d2973-01 _=./zephyr/firmware_builder.py COREBOOT_SDK_ROOT_x86=/home/jpmurphy/.cache/coreboot-sdk/i386-elf/dfbb0486385d938cfa9d73080b9d18d598ed4f49 COREBOOT_SDK_ROOT_picolibc_x86=/home/jpmurphy/.cache/coreboot-sdk/picolibc-i386-elf/eb8e8e687b95461de8cbf278f1c2076952d0ad17 COREBOOT_SDK_ROOT_riscv64=/home/jpmurphy/.cache/coreboot-sdk/riscv64-elf/96b949749225b6aaa92ed810ab769e8dfb12f000 COREBOOT_SDK_ROOT_picolibc_arm=/home/jpmurphy/.cache/coreboot-sdk/picolibc-arm-eabi/422a2aa3e1ef891b5bece9a3deb696ff83840d2e COREBOOT_SDK_ROOT_nds32=/home/jpmurphy/.cache/coreboot-sdk/nds32le-elf/d1a518c4a097666d86058e1444f85ca015d15511 COREBOOT_SDK_ROOT_picolibc_riscv64=/home/jpmurphy/.cache/coreboot-sdk/picolibc-riscv64-elf/f571e990ef0278564b31124f8bb109d9a697eb69 COREBOOT_SDK_ROOT_arm=/home/jpmurphy/.cache/coreboot-sdk/arm-eabi/ea40ddd1d190c3b48435c474c0b545719371813a COREBOOT_SDK_ROOT_libstdcxx_riscv64=/home/jpmurphy/.cache/coreboot-sdk/libstdcxx-riscv64-elf/17abf22a3a252e2d5d2062ced5324f7a623689e0 COREBOOT_SDK_ROOT_libstdcxx_arm=/home/jpmurphy/.cache/coreboot-sdk/libstdcxx-arm-eabi/5d7d82e150e44aa1968f1d366e267e6687b328ac COREBOOT_SDK_ROOT_riscv=/home/jpmurphy/.cache/coreboot-sdk/riscv-elf/9a27b9e82341c6e9126624f516ab3f261abb3e73 COREBOOT_SDK_ROOT_libstdcxx_x86=/home/jpmurphy/.cache/coreboot-sdk/libstdcxx-i386-elf/42ef9d2e87a76a37963175d7d428734e65648b87 PYTHONPATH=/mnt/host/source/src/platform/ec/zephyr/zmake PW_PIGWEED_CIPD_INSTALL_DIR=/usr CROSTC_USER_ACKNOWLEDGES_THAT_RISCV_IS_EXPERIMENTAL=1 MAKEFLAGS=' -j16 --jobserver-auth=5,6' /usr/bin/ninja -C /mnt/host/source/src/platform/ec/build/zephyr/fatcatrvp-ite/build-ro all.libraries`
[fatcatrvp-ite:ro] ninja: Entering directory `/mnt/host/source/src/platform/ec/build/zephyr/fatcatrvp-ite/build-ro'
[pirrha:rw] [6/393] Generating include/generated/zephyr/syscall_dispatch.c, include/generated/zephyr/syscall_exports_llext.c, syscall_weakdefs_llext.c, include/generated/zephyr/syscall_list.h
[fatcatrvp-ite:rw] [1/370] Generating include/generated/zephyr/version.h
[fatcatrvp-ite:rw] -- git describe warned: warning: tag 'upstream/v2.7.99' is externally known as 'v2.7.99'
[fatcatrvp-ite:rw] -- Zephyr version: 4.3.99 (/mnt/host/source/src/third_party/zephyr/main)
[fatcatrvp-ite:rw] [2/370] Preparing syscall dependency handling
[adlrvp_npcx:ro]   Manually-specified variables were not used by the project:
[adlrvp_npcx:ro]     COREBOOT_SDK_ROOT_libstdcxx_riscv64
[adlrvp_npcx:ro]     COREBOOT_SDK_ROOT_libstdcxx_x86
[adlrvp_npcx:ro]     COREBOOT_SDK_ROOT_nds32
[adlrvp_npcx:ro]     COREBOOT_SDK_ROOT_picolibc_riscv64
[adlrvp_npcx:ro]     COREBOOT_SDK_ROOT_picolibc_x86
[adlrvp_npcx:ro]     COREBOOT_SDK_ROOT_riscv
[adlrvp_npcx:ro]     COREBOOT_SDK_ROOT_riscv64
[adlrvp_npcx:ro]     COREBOOT_SDK_ROOT_x86
[telith:ro]   Manually-specified variables were not used by the project:
[telith:ro]     COREBOOT_SDK_ROOT_arm
[telith:ro]     COREBOOT_SDK_ROOT_libstdcxx_arm
[telith:ro]     COREBOOT_SDK_ROOT_libstdcxx_x86
[telith:ro]     COREBOOT_SDK_ROOT_nds32
[telith:ro]     COREBOOT_SDK_ROOT_picolibc_arm
[telith:ro]     COREBOOT_SDK_ROOT_picolibc_x86
[telith:ro]     COREBOOT_SDK_ROOT_riscv
[telith:ro]     COREBOOT_SDK_ROOT_x86
[lapis:rw] [11/392] Generating include/generated/zephyr/offsets.h
[it8xxx2_evb:singleimage] [3/277] Generating include/generated/zephyr/version.h
[it8xxx2_evb:singleimage] -- git describe warned: warning: tag 'upstream/v2.7.99' is externally known as 'v2.7.99'
[pirrha:rw] [7/393] Generating include/generated/zephyr/driver-validation.h
[fatcatrvp-ite:rw] [3/370] Generating misc/generated/syscalls_subdirs.trigger
[pirrha:rw] [8/393] Generating include/generated/device-api-sections.ld, include/generated/device-api-sections.cmake
[it8xxx2_evb:singleimage] -- Zephyr version: 4.3.99 (/mnt/host/source/src/third_party/zephyr/main)
[it8xxx2_evb:singleimage] [4/277] cd /mnt/host/source/src/platform/ec/build/zephyr/it8xxx2_evb/build-singleimage/modules/ec/zephyr && PYTHONPATH=/mnt/host/source/src/platform/ec/build/zephyr/it8xxx2_evb/modules/ec/zephyr/zmake/ /usr/bin/python3.11 /mnt/host/source/src/platform/ec/build/zephyr/it8xxx2_evb/modules/ec/zephyr/zmake/zephyr_build_tools/generate_ec_version.py /mnt/host/source/src/platform/ec/build/zephyr/it8xxx2_evb/build-singleimage/modules/ec/zephyr/include/ec_version.h --name Zephyr-Kernel --version 16543.0.0 --static
[it8xxx2_evb:singleimage] INFO:root:Using a static version string
[fatcatrvp-ite:ro] [1/370] Preparing syscall dependency handling
[pirrha:rw] [9/393] Generating include/generated/zephyr/kobj-types-enum.h, include/generated/zephyr/otype-to-str.h, include/generated/zephyr/otype-to-size.h
[fatcatrvp-ite:ro] [2/370] Generating misc/generated/syscalls_subdirs.trigger
[pirrha:rw] [10/393] Building C object zephyr/drivers/sensor/CMakeFiles/drivers__sensor.dir/mnt/host/source/src/third_party/zephyr/main/misc/empty_file.c.obj
[pirrha:rw] [11/393] Linking C static library zephyr/drivers/sensor/libdrivers__sensor.a
[fatcatrvp-ite:ro] [3/370] Generating include/generated/zephyr/version.h
[fatcatrvp-ite:ro] -- git describe warned: warning: tag 'upstream/v2.7.99' is externally known as 'v2.7.99'
[fatcatrvp-ite:ro] -- Zephyr version: 4.3.99 (/mnt/host/source/src/third_party/zephyr/main)
[fatcatrvp-ite:ro] [4/370] cd /mnt/host/source/src/platform/ec/build/zephyr/fatcatrvp-ite/build-ro/modules/ec/zephyr && PYTHONPATH=/mnt/host/source/src/platform/ec/build/zephyr/fatcatrvp-ite/modules/ec/zephyr/zmake/ /usr/bin/python3.11 /mnt/host/source/src/platform/ec/build/zephyr/fatcatrvp-ite/modules/ec/zephyr/zmake/zephyr_build_tools/generate_ec_version.py /mnt/host/source/src/platform/ec/build/zephyr/fatcatrvp-ite/build-ro/modules/ec/zephyr/include/ec_version.h --name Zephyr-Kernel --version 16543.0.0 --static
[fatcatrvp-ite:ro] INFO:root:Using a static version string
[lapis:rw] [12/392] Building C object CMakeFiles/app.dir/mnt/host/source/src/platform/ec/zephyr/subsys/ap_pwrseq/ap_events.c.obj
[telith:rw] -- Found Dtc: /usr/bin/dtc (found suitable version "1.6.0", minimum required is "1.4.6")
[telith:rw] -- Found BOARD.dts: /mnt/host/source/src/platform/ec/zephyr/boards/google/it8xxx2/it8xxx2_it81302bx.dts
[it8xxx2_evb:singleimage] INFO:root:Version string: Zephyr-Kernel-16543.0.0
[it8xxx2_evb:singleimage] INFO:root:Writing header to /mnt/host/source/src/platform/ec/build/zephyr/it8xxx2_evb/build-singleimage/modules/ec/zephyr/include/ec_version.h
[it8xxx2_evb:singleimage] [5/277] Generating misc/generated/syscalls.json, misc/generated/struct_tags.json
[fatcatrvp-ite:rw] [4/370] cd /mnt/host/source/src/platform/ec/build/zephyr/fatcatrvp-ite/build-rw/modules/ec/zephyr && PYTHONPATH=/mnt/host/source/src/platform/ec/build/zephyr/fatcatrvp-ite/modules/ec/zephyr/zmake/ /usr/bin/python3.11 /mnt/host/source/src/platform/ec/build/zephyr/fatcatrvp-ite/modules/ec/zephyr/zmake/zephyr_build_tools/generate_ec_version.py /mnt/host/source/src/platform/ec/build/zephyr/fatcatrvp-ite/build-rw/modules/ec/zephyr/include/ec_version.h --name Zephyr-Kernel --version 16543.0.0 --static
[fatcatrvp-ite:rw] INFO:root:Using a static version string
[adlrvp_npcx:rw] Building: /usr/bin/ninja -C /mnt/host/source/src/platform/ec/build/zephyr/adlrvp_npcx/build-rw all.libraries
Running `env -i SHELL=/bin/bash COLORTERM=truecolor DEPOT_TOOLS_UPDATE=0 LESS='-R -M --shift 5' SUDO_GID=0 JDK_HOME=/etc/java-config-2/current-system-vm CONFIG_PROTECT_MASK='/etc/gentoo-release /etc/sandbox.d /etc/fonts/fonts.conf /etc/terminfo /etc/ca-certificates.conf /etc/revdep-rebuild' CHROMEOS_CACHEDIR=/var/cache/chromeos-cache JAVA_HOME=/etc/java-config-2/current-system-vm SSH_AUTH_SOCK=/tmp/ssh-auth-sock SUDO_COMMAND=/bin/bash SUDO_USER=root SUDO_TTY=/dev/pts/2 EDITOR=/usr/bin/vi PWD=/mnt/host/source/src/platform/ec CONFIG_PROTECT=/usr/share/gnupg/qualified.txt LOGNAME=jpmurphy MANPATH=/etc/java-config-2/current-system-vm/man:/usr/local/share/man:/usr/share/man:/usr/share/gcc-data/x86_64-pc-linux-gnu/10.2.0/man:/usr/share/binutils-data/x86_64-pc-linux-gnu/2.45/man:/etc/java-config-2/current-system-vm/man/ SUDO_HOME=/root XAUTHORITY=/run/user/944457/gdm/Xauthority HOME=/home/jpmurphy LANG=C.UTF-8 LS_COLORS='rs=0:di=01;34:ln=01;36:mh=00:pi=40;33:so=01;35:do=01;35:bd=40;33;01:cd=40;33;01:or=01;05;37;41:mi=01;05;37;41:su=37;41:sg=30;43:ca=30;41:tw=30;42:ow=34;42:st=37;44:ex=01;32:*.tar=01;31:*.tgz=01;31:*.arc=01;31:*.arj=01;31:*.taz=01;31:*.lha=01;31:*.lz4=01;31:*.lzh=01;31:*.lzma=01;31:*.tlz=01;31:*.txz=01;31:*.tzo=01;31:*.t7z=01;31:*.zip=01;31:*.z=01;31:*.dz=01;31:*.gz=01;31:*.lrz=01;31:*.lz=01;31:*.lzo=01;31:*.xz=01;31:*.zst=01;31:*.tzst=01;31:*.bz2=01;31:*.bz=01;31:*.tbz=01;31:*.tbz2=01;31:*.tz=01;31:*.deb=01;31:*.rpm=01;31:*.jar=01;31:*.war=01;31:*.ear=01;31:*.sar=01;31:*.rar=01;31:*.alz=01;31:*.ace=01;31:*.zoo=01;31:*.cpio=01;31:*.7z=01;31:*.rz=01;31:*.cab=01;31:*.wim=01;31:*.swm=01;31:*.dwm=01;31:*.esd=01;31:*.jpg=01;35:*.jpeg=01;35:*.mjpg=01;35:*.mjpeg=01;35:*.gif=01;35:*.bmp=01;35:*.pbm=01;35:*.pgm=01;35:*.ppm=01;35:*.tga=01;35:*.xbm=01;35:*.xpm=01;35:*.tif=01;35:*.tiff=01;35:*.png=01;35:*.svg=01;35:*.svgz=01;35:*.mng=01;35:*.pcx=01;35:*.mov=01;35:*.mpg=01;35:*.mpeg=01;35:*.m2v=01;35:*.mkv=01;35:*.webm=01;35:*.webp=01;35:*.ogm=01;35:*.mp4=01;35:*.m4v=01;35:*.mp4v=01;35:*.vob=01;35:*.qt=01;35:*.nuv=01;35:*.wmv=01;35:*.asf=01;35:*.rm=01;35:*.rmvb=01;35:*.flc=01;35:*.avi=01;35:*.fli=01;35:*.flv=01;35:*.gl=01;35:*.dl=01;35:*.xcf=01;35:*.xwd=01;35:*.yuv=01;35:*.cgm=01;35:*.emf=01;35:*.ogv=01;35:*.ogx=01;35:*.cfg=00;32:*.conf=00;32:*.diff=00;32:*.doc=00;32:*.ini=00;32:*.log=00;32:*.patch=00;32:*.pdf=00;32:*.ps=00;32:*.tex=00;32:*.txt=00;32:*.aac=00;36:*.au=00;36:*.flac=00;36:*.m4a=00;36:*.mid=00;36:*.midi=00;36:*.mka=00;36:*.mp3=00;36:*.mpc=00;36:*.ogg=00;36:*.ra=00;36:*.wav=00;36:*.oga=00;36:*.opus=00;36:*.spx=00;36:*.xspf=00;36:' XDG_CURRENT_DESKTOP=GNOME INFOPATH=/usr/share/info:/usr/share/gcc-data/x86_64-pc-linux-gnu/10.2.0/info:/usr/share/binutils-data/x86_64-pc-linux-gnu/2.45/info:/usr/share/automake-1.16.5/info JAVAC=/etc/java-config-2/current-system-vm/bin/javac TERM=xterm-256color LESSOPEN='|lesspipe %s' USER=jpmurphy CROS_WORKON_SRCROOT=/mnt/host/source MANPAGER=manpager DISPLAY=:1 SHLVL=1 LC_MESSAGES=C EXTERNAL_TRUNK_PATH=/mnt/8f9d649a-3721-44cc-93c0-e6bd21a9689f/chromiumos GCC_SPECS='' PATH=/mnt/host/source/chromite/bin:/usr/local/bin:/usr/bin:/bin:/opt/bin:/mnt/host/source/chromite/sdk/bin:/mnt/host/source/chromite/bin PORTAGE_USERNAME=jpmurphy SUDO_UID=0 GCC_VER=10.2.0 MAIL=/var/mail/jpmurphy OLDPWD=/mnt/host/source/src/scripts traceparent=00-e87aca51550a78635907baa6a2476181-6d684811675d2973-01 _=./zephyr/firmware_builder.py COREBOOT_SDK_ROOT_x86=/home/jpmurphy/.cache/coreboot-sdk/i386-elf/dfbb0486385d938cfa9d73080b9d18d598ed4f49 COREBOOT_SDK_ROOT_picolibc_x86=/home/jpmurphy/.cache/coreboot-sdk/picolibc-i386-elf/eb8e8e687b95461de8cbf278f1c2076952d0ad17 COREBOOT_SDK_ROOT_riscv64=/home/jpmurphy/.cache/coreboot-sdk/riscv64-elf/96b949749225b6aaa92ed810ab769e8dfb12f000 COREBOOT_SDK_ROOT_picolibc_arm=/home/jpmurphy/.cache/coreboot-sdk/picolibc-arm-eabi/422a2aa3e1ef891b5bece9a3deb696ff83840d2e COREBOOT_SDK_ROOT_nds32=/home/jpmurphy/.cache/coreboot-sdk/nds32le-elf/d1a518c4a097666d86058e1444f85ca015d15511 COREBOOT_SDK_ROOT_picolibc_riscv64=/home/jpmurphy/.cache/coreboot-sdk/picolibc-riscv64-elf/f571e990ef0278564b31124f8bb109d9a697eb69 COREBOOT_SDK_ROOT_arm=/home/jpmurphy/.cache/coreboot-sdk/arm-eabi/ea40ddd1d190c3b48435c474c0b545719371813a COREBOOT_SDK_ROOT_libstdcxx_riscv64=/home/jpmurphy/.cache/coreboot-sdk/libstdcxx-riscv64-elf/17abf22a3a252e2d5d2062ced5324f7a623689e0 COREBOOT_SDK_ROOT_libstdcxx_arm=/home/jpmurphy/.cache/coreboot-sdk/libstdcxx-arm-eabi/5d7d82e150e44aa1968f1d366e267e6687b328ac COREBOOT_SDK_ROOT_riscv=/home/jpmurphy/.cache/coreboot-sdk/riscv-elf/9a27b9e82341c6e9126624f516ab3f261abb3e73 COREBOOT_SDK_ROOT_libstdcxx_x86=/home/jpmurphy/.cache/coreboot-sdk/libstdcxx-i386-elf/42ef9d2e87a76a37963175d7d428734e65648b87 PYTHONPATH=/mnt/host/source/src/platform/ec/zephyr/zmake PW_PIGWEED_CIPD_INSTALL_DIR=/usr CROSTC_USER_ACKNOWLEDGES_THAT_RISCV_IS_EXPERIMENTAL=1 MAKEFLAGS=' -j16 --jobserver-auth=5,6' /usr/bin/ninja -C /mnt/host/source/src/platform/ec/build/zephyr/adlrvp_npcx/build-rw all.libraries`
[adlrvp_npcx:rw] ninja: Entering directory `/mnt/host/source/src/platform/ec/build/zephyr/adlrvp_npcx/build-rw'
[it8xxx2_evb:singleimage] [6/277] Generating include/generated/zephyr/syscall_dispatch.c, include/generated/zephyr/syscall_exports_llext.c, syscall_weakdefs_llext.c, include/generated/zephyr/syscall_list.h
[pirrha:rw] [12/393] Building C object zephyr/CMakeFiles/offsets.dir/arch/riscv/core/offsets/offsets.c.obj
[fatcatrvp-ite:rw] INFO:root:Version string: Zephyr-Kernel-16543.0.0
[fatcatrvp-ite:rw] INFO:root:Writing header to /mnt/host/source/src/platform/ec/build/zephyr/fatcatrvp-ite/build-rw/modules/ec/zephyr/include/ec_version.h
[fatcatrvp-ite:rw] [5/370] Generating misc/generated/syscalls.json, misc/generated/struct_tags.json
[pirrha:rw] [13/393] Generating include/generated/zephyr/offsets.h
[fatcatrvp-ite:rw] [6/370] Generating include/generated/zephyr/syscall_dispatch.c, include/generated/zephyr/syscall_exports_llext.c, syscall_weakdefs_llext.c, include/generated/zephyr/syscall_list.h
[it8xxx2_evb:singleimage] [7/277] Generating include/generated/zephyr/driver-validation.h
[/mnt/host/source/src/platform/ec/build/zephyr/npcx-aic-lcov] stderr:
[fatcatrvp-ite:ro] INFO:root:Version string: Zephyr-Kernel-16543.0.0
[fatcatrvp-ite:ro] INFO:root:Writing header to /mnt/host/source/src/platform/ec/build/zephyr/fatcatrvp-ite/build-ro/modules/ec/zephyr/include/ec_version.h
[fatcatrvp-ite:ro] [5/370] Generating misc/generated/syscalls.json, misc/generated/struct_tags.json
[nereid:rw] -- Found Dtc: /usr/bin/dtc (found suitable version "1.6.0", minimum required is "1.4.6")
[nereid:rw] -- Found BOARD.dts: /mnt/host/source/src/platform/ec/zephyr/boards/google/it8xxx2/it8xxx2_it81302bx.dts
[/mnt/host/source/src/platform/ec/build/zephyr/pujjolo-lcov]   /mnt/host/source/src/platform/ec/build/zephyr/pujjolo/build-ro/zephyr/CMakeFiles/zephyr.dir/subsys/shell/modules/kernel_service/kernel_shell.c.gcno:no functions found
[/mnt/host/source/src/platform/ec/build/zephyr/pujjolo-lcov] stderr:
[it8xxx2_evb:singleimage] [8/277] Generating include/generated/device-api-sections.ld, include/generated/device-api-sections.cmake
[fatcatrvp-ite:rw] [7/370] Generating include/generated/zephyr/driver-validation.h
[it8xxx2_evb:singleimage] [9/277] Generating include/generated/zephyr/kobj-types-enum.h, include/generated/zephyr/otype-to-str.h, include/generated/zephyr/otype-to-size.h
[fatcatrvp-ite:ro] [6/370] Generating include/generated/zephyr/syscall_dispatch.c, include/generated/zephyr/syscall_exports_llext.c, syscall_weakdefs_llext.c, include/generated/zephyr/syscall_list.h
[fatcatrvp-ite:rw] [8/370] Generating include/generated/zephyr/kobj-types-enum.h, include/generated/zephyr/otype-to-str.h, include/generated/zephyr/otype-to-size.h
[lapis:rw] [13/392] Building C object CMakeFiles/app.dir/mnt/host/source/src/platform/ec/zephyr/subsys/ap_pwrseq/ap_power_interface.c.obj
[/mnt/host/source/src/platform/ec/build/zephyr/pujjolo-lcov]   /mnt/host/source/src/platform/ec/build/zephyr/pujjolo/build-ro/zephyr/CMakeFiles/zephyr.dir/lib/libc/validate_libc.c.gcno:no functions found
[/mnt/host/source/src/platform/ec/build/zephyr/pujjolo-lcov] stderr:
[fatcatrvp-ite:ro] [7/370] Generating include/generated/zephyr/driver-validation.h
[fatcatrvp-ite:rw] [9/370] Generating include/generated/device-api-sections.ld, include/generated/device-api-sections.cmake
[adlrvp_npcx:rw] [1/394] Generating include/generated/zephyr/version.h
[lapis:rw] [14/392] Building C object CMakeFiles/app.dir/mnt/host/source/src/platform/ec/zephyr/subsys/ap_pwrseq/power_signals.c.obj
[adlrvp_npcx:rw] -- git describe warned: warning: tag 'upstream/v2.7.99' is externally known as 'v2.7.99'
[adlrvp_npcx:rw] -- Zephyr version: 4.3.99 (/mnt/host/source/src/third_party/zephyr/main)
[adlrvp_npcx:rw] [2/394] Preparing syscall dependency handling
[adlrvp_npcx:rw] [3/394] Generating misc/generated/syscalls_subdirs.trigger
[/mnt/host/source/src/platform/ec/build/zephyr/npcx9-lcov]   /mnt/host/source/src/platform/ec/build/zephyr/npcx9/build-ro/zephyr/drivers/sensor/CMakeFiles/drivers__sensor.dir/mnt/host/source/src/third_party/zephyr/main/misc/empty_file.c.gcno:no functions found
[/mnt/host/source/src/platform/ec/build/zephyr/npcx9-lcov] stderr:
[pirrha:rw] [14/393] Building C object CMakeFiles/app.dir/mnt/host/source/src/platform/ec/zephyr/subsys/ap_pwrseq/ap_events.c.obj
[fatcatrvp-ite:ro] [8/370] Generating include/generated/zephyr/kobj-types-enum.h, include/generated/zephyr/otype-to-str.h, include/generated/zephyr/otype-to-size.h
[/mnt/host/source/src/platform/ec/build/zephyr/rull-lcov]   /mnt/host/source/src/platform/ec/build/zephyr/rull/build-rw/zephyr/drivers/sensor/CMakeFiles/drivers__sensor.dir/mnt/host/source/src/third_party/zephyr/main/misc/empty_file.c.gcno:no functions found
[/mnt/host/source/src/platform/ec/build/zephyr/rull-lcov] Filter suppressions 'region':
[/mnt/host/source/src/platform/ec/build/zephyr/ptlgcs-lcov]   /mnt/host/source/src/platform/ec/build/zephyr/ptlgcs/build-ro/CMakeFiles/app.dir/mnt/host/source/src/platform/ec/build/zephyr/ptlgcs/modules/ec/common/cbi_config.c.gcno:no functions found
[/mnt/host/source/src/platform/ec/build/zephyr/ptlgcs-lcov] stderr:
[fatcatrvp-ite:ro] [9/370] Generating include/generated/device-api-sections.ld, include/generated/device-api-sections.cmake
[/mnt/host/source/src/platform/ec/build/zephyr/rull-lcov]     41 instances
[/mnt/host/source/src/platform/ec/build/zephyr/rull-lcov]     36 coverpoints
[/mnt/host/source/src/platform/ec/build/zephyr/rull-lcov] Message summary:
[/mnt/host/source/src/platform/ec/build/zephyr/rull-lcov]   31 ignore messages:
[/mnt/host/source/src/platform/ec/build/zephyr/rull-lcov]     gcov: 31
[it8xxx2_evb:singleimage] [10/277] Building C object zephyr/CMakeFiles/offsets.dir/arch/riscv/core/offsets/offsets.c.obj
[fatcatrvp-ite:rw] [10/370] Building C object zephyr/drivers/sensor/CMakeFiles/drivers__sensor.dir/mnt/host/source/src/third_party/zephyr/main/misc/empty_file.c.obj
[fatcatrvp-ite:rw] [11/370] Linking C static library zephyr/drivers/sensor/libdrivers__sensor.a
[it8xxx2_evb:singleimage] [11/277] Generating include/generated/zephyr/offsets.h
[lapis:rw] [15/392] Building C object CMakeFiles/app.dir/mnt/host/source/src/platform/ec/zephyr/subsys/ap_pwrseq/signal_gpio.c.obj
[pirrha:rw] [15/393] Building C object CMakeFiles/app.dir/mnt/host/source/src/platform/ec/zephyr/subsys/ap_pwrseq/ap_power_interface.c.obj
[fatcatrvp-ite:rw] [12/370] Building C object zephyr/drivers/syscon/CMakeFiles/drivers__syscon.dir/mnt/host/source/src/third_party/zephyr/main/misc/empty_file.c.obj
[fatcatrvp-ite:rw] [13/370] Linking C static library zephyr/drivers/syscon/libdrivers__syscon.a
[fatcatrvp-ite:rw] [14/370] Building C object zephyr/CMakeFiles/offsets.dir/arch/riscv/core/offsets/offsets.c.obj
[lapis:rw] [16/392] Building C object CMakeFiles/app.dir/mnt/host/source/src/platform/ec/zephyr/subsys/ap_pwrseq/signal_vw.c.obj
[/mnt/host/source/src/platform/ec/build/zephyr/ptlgcs-lcov]   /mnt/host/source/src/platform/ec/build/zephyr/ptlgcs/build-ro/CMakeFiles/app.dir/src/intel_rvp_board_id.c.gcno:no functions found
[/mnt/host/source/src/platform/ec/build/zephyr/ptlgcs-lcov] stderr:
[fatcatrvp-ite:rw] [15/370] Generating include/generated/zephyr/offsets.h
[pirrha:rw] [16/393] Building C object CMakeFiles/app.dir/mnt/host/source/src/platform/ec/zephyr/subsys/ap_pwrseq/power_signals.c.obj
[adlrvp_npcx:rw] [4/394] Generating misc/generated/syscalls.json, misc/generated/struct_tags.json
[fatcatrvp-ite:ro] [10/370] Building C object zephyr/CMakeFiles/offsets.dir/arch/riscv/core/offsets/offsets.c.obj
[telith:rw] -- Found devicetree overlay: /mnt/host/source/src/platform/ec/zephyr/program/nissa/telith/project.overlay
[telith:rw] -- Generated zephyr.dts: /mnt/host/source/src/platform/ec/build/zephyr/telith/build-rw/zephyr/zephyr.dts
[adlrvp_npcx:rw] [5/394] Generating include/generated/zephyr/syscall_dispatch.c, include/generated/zephyr/syscall_exports_llext.c, syscall_weakdefs_llext.c, include/generated/zephyr/syscall_list.h
[/mnt/host/source/src/platform/ec/build/zephyr/pujjolo-lcov]   /mnt/host/source/src/platform/ec/build/zephyr/pujjolo/build-ro/zephyr/CMakeFiles/zephyr.dir/lib/utils/last_section_id.c.gcno:no functions found
[/mnt/host/source/src/platform/ec/build/zephyr/pujjolo-lcov] stderr:
[/mnt/host/source/src/platform/ec/build/zephyr/npcx-aic-lcov]   /mnt/host/source/src/platform/ec/build/zephyr/npcx-aic/build-ro/CMakeFiles/app.dir/mnt/host/source/src/platform/ec/build/zephyr/npcx-aic/modules/ec/common/chargen.c.gcno:no functions found
[/mnt/host/source/src/platform/ec/build/zephyr/npcx-aic-lcov] stderr:
[it8xxx2_evb:singleimage] [12/277] Building C object CMakeFiles/app.dir/mnt/host/source/src/platform/ec/zephyr/subsys/ap_pwrseq/ap_events.c.obj
[fatcatrvp-ite:ro] [11/370] Generating include/generated/zephyr/offsets.h
[lapis:rw] [17/392] Building C object CMakeFiles/app.dir/mnt/host/source/src/platform/ec/zephyr/subsys/ap_pwrseq/ap_pwrseq.c.obj
[adlrvp_npcx:rw] [6/394] Generating include/generated/zephyr/driver-validation.h
[it8xxx2_evb:singleimage] [13/277] Building C object CMakeFiles/app.dir/mnt/host/source/src/platform/ec/build/zephyr/it8xxx2_evb/modules/ec/builtin/stdlib.c.obj
[/mnt/host/source/src/platform/ec/build/zephyr/npcx-aic-lcov]   /mnt/host/source/src/platform/ec/build/zephyr/npcx-aic/build-ro/CMakeFiles/app.dir/mnt/host/source/src/platform/ec/build/zephyr/npcx-aic/modules/ec/common/cbi_config.c.gcno:no functions found
[/mnt/host/source/src/platform/ec/build/zephyr/npcx-aic-lcov] stderr:
[lapis:rw] [18/392] Building C object CMakeFiles/app.dir/mnt/host/source/src/platform/ec/zephyr/subsys/ap_pwrseq/ap_pwrseq_sm.c.obj
[pirrha:rw] [17/393] Building C object CMakeFiles/app.dir/mnt/host/source/src/platform/ec/zephyr/subsys/ap_pwrseq/signal_gpio.c.obj
[fatcatrvp-ite:rw] [16/370] Building C object CMakeFiles/app.dir/mnt/host/source/src/platform/ec/zephyr/subsys/ap_pwrseq/ap_events.c.obj
[adlrvp_npcx:rw] [7/394] Generating include/generated/zephyr/kobj-types-enum.h, include/generated/zephyr/otype-to-str.h, include/generated/zephyr/otype-to-size.h
[telith:rw] -- Generated pickled edt: /mnt/host/source/src/platform/ec/build/zephyr/telith/build-rw/zephyr/edt.pickle
[telith:rw] -- Generated devicetree_generated.h: /mnt/host/source/src/platform/ec/build/zephyr/telith/build-rw/zephyr/include/generated/zephyr/devicetree_generated.h
[adlrvp_npcx:rw] [8/394] Generating include/generated/device-api-sections.ld, include/generated/device-api-sections.cmake
[nereid:rw] -- Found devicetree overlay: /mnt/host/source/src/platform/ec/zephyr/program/nissa/nereid/project.overlay
[nereid:rw] -- Generated zephyr.dts: /mnt/host/source/src/platform/ec/build/zephyr/nereid/build-rw/zephyr/zephyr.dts
[it8xxx2_evb:singleimage] [14/277] Building C object CMakeFiles/app.dir/mnt/host/source/src/platform/ec/build/zephyr/it8xxx2_evb/modules/ec/common/base32.c.obj
[pirrha:rw] [18/393] Building C object CMakeFiles/app.dir/mnt/host/source/src/platform/ec/zephyr/subsys/ap_pwrseq/signal_vw.c.obj
[fatcatrvp-ite:ro] [12/370] Building C object CMakeFiles/app.dir/mnt/host/source/src/platform/ec/zephyr/subsys/ap_pwrseq/ap_events.c.obj
[it8xxx2_evb:singleimage] [15/277] Building C object CMakeFiles/app.dir/mnt/host/source/src/platform/ec/build/zephyr/it8xxx2_evb/modules/ec/common/console_output.c.obj
[lapis:rw] [19/392] Building C object CMakeFiles/app.dir/mnt/host/source/src/platform/ec/zephyr/subsys/ap_pwrseq/power_host_sleep.c.obj
[nereid:rw] -- Generated pickled edt: /mnt/host/source/src/platform/ec/build/zephyr/nereid/build-rw/zephyr/edt.pickle
[nereid:rw] -- Generated devicetree_generated.h: /mnt/host/source/src/platform/ec/build/zephyr/nereid/build-rw/zephyr/include/generated/zephyr/devicetree_generated.h
[lapis:rw] [20/392] Building C object CMakeFiles/app.dir/mnt/host/source/src/platform/ec/zephyr/subsys/ap_pwrseq/x86_non_dsx_common_pwrseq_sm_handler.c.obj
[pirrha:rw] [19/393] Building C object CMakeFiles/app.dir/mnt/host/source/src/platform/ec/zephyr/subsys/ap_pwrseq/signal_adc.c.obj
[/mnt/host/source/src/platform/ec/build/zephyr/ptlgcs-lcov]   /mnt/host/source/src/platform/ec/build/zephyr/ptlgcs/build-ro/zephyr/arch/arch/arm/core/mpu/CMakeFiles/arch__arm__core__mpu.dir/arm_mpu_regions.c.gcno:no functions found
[/mnt/host/source/src/platform/ec/build/zephyr/ptlgcs-lcov] stderr:
[adlrvp_npcx:rw] [9/394] Building C object zephyr/CMakeFiles/offsets.dir/arch/arm/core/offsets/offsets.c.obj
[it8xxx2_evb:singleimage] [16/277] Building C object CMakeFiles/app.dir/mnt/host/source/src/platform/ec/build/zephyr/it8xxx2_evb/modules/ec/common/ec_features.c.obj
[fatcatrvp-ite:rw] [17/370] Building C object CMakeFiles/app.dir/mnt/host/source/src/platform/ec/zephyr/subsys/ap_pwrseq/ap_power_interface.c.obj
[adlrvp_npcx:rw] [10/394] Generating include/generated/zephyr/offsets.h
[/mnt/host/source/src/platform/ec/build/zephyr/npcx-aic-lcov]   /mnt/host/source/src/platform/ec/build/zephyr/npcx-aic/build-ro/zephyr/arch/arch/arm/core/mpu/CMakeFiles/arch__arm__core__mpu.dir/arm_mpu_regions.c.gcno:no functions found
[/mnt/host/source/src/platform/ec/build/zephyr/npcx-aic-lcov] stderr:
[pirrha:rw] [20/393] Building C object CMakeFiles/app.dir/mnt/host/source/src/platform/ec/zephyr/subsys/ap_pwrseq/power_host_sleep.c.obj
[/mnt/host/source/src/platform/ec/build/zephyr/tanjiro-lcov]   /mnt/host/source/src/platform/ec/build/zephyr/tanjiro/build-ro/modules/ec/zephyr/CMakeFiles/ec_shim.dir/shim/src/charger.c.gcno:no functions found
[/mnt/host/source/src/platform/ec/build/zephyr/tanjiro-lcov] stderr:
[it8xxx2_evb:singleimage] [17/277] Building C object CMakeFiles/app.dir/mnt/host/source/src/platform/ec/build/zephyr/it8xxx2_evb/modules/ec/common/gpio_commands.c.obj
[fatcatrvp-ite:ro] [13/370] Building C object CMakeFiles/app.dir/mnt/host/source/src/platform/ec/zephyr/subsys/ap_pwrseq/ap_power_interface.c.obj
[lapis:rw] [21/392] Building C object CMakeFiles/app.dir/mnt/host/source/src/platform/ec/zephyr/subsys/ap_pwrseq/x86_non_dsx_chipset_power_state.c.obj
[telith:rw] /mnt/host/source/src/platform/ec/build/zephyr/telith/build-rw/zephyr/zephyr.dts:1266.27-1965.5: Warning (avoid_unnecessary_addr_size): /soc/pin-controller: unnecessary #address-cells/#size-cells without "ranges" or child "reg" property
[lapis:rw] [22/392] Building C object CMakeFiles/app.dir/mnt/host/source/src/platform/ec/zephyr/subsys/ap_pwrseq/x86_non_dsx_common_pwrseq_host_sleep.c.obj
[telith:rw] /mnt/host/source/src/platform/ec/build/zephyr/telith/build-rw/zephyr/zephyr.dts:2969.9-2977.5: Warning (gpios_property): /fans/fan_0: Missing property '#gpio-cells' in node /named-gpios/en_pp5000_fan or bad phandle (referred from enable-gpio[0])
[pirrha:rw] [21/393] Building C object CMakeFiles/app.dir/mnt/host/source/src/platform/ec/zephyr/subsys/ap_pwrseq/x86_non_dsx_common_pwrseq_sm_handler.c.obj
[/mnt/host/source/src/platform/ec/build/zephyr/ptlgcs-lcov]   /mnt/host/source/src/platform/ec/build/zephyr/ptlgcs/build-ro/zephyr/arch/common/CMakeFiles/isr_tables.dir/isr_tables.c.gcno:no functions found
[/mnt/host/source/src/platform/ec/build/zephyr/ptlgcs-lcov] stderr:
[it8xxx2_evb:singleimage] [18/277] Building C object CMakeFiles/app.dir/mnt/host/source/src/platform/ec/build/zephyr/it8xxx2_evb/modules/ec/common/peripheral.c.obj
[adlrvp_npcx:rw] [11/394] Building C object zephyr/CMakeFiles/zephyr.dir/lib/libc/validate_libc.c.obj
[fatcatrvp-ite:rw] [18/370] Building C object CMakeFiles/app.dir/mnt/host/source/src/platform/ec/zephyr/subsys/ap_pwrseq/power_signals.c.obj
[/mnt/host/source/src/platform/ec/build/zephyr/npcx-aic-lcov]   /mnt/host/source/src/platform/ec/build/zephyr/npcx-aic/build-ro/zephyr/arch/common/CMakeFiles/isr_tables.dir/isr_tables.c.gcno:no functions found
[/mnt/host/source/src/platform/ec/build/zephyr/npcx-aic-lcov] stderr:
[it8xxx2_evb:singleimage] [19/277] Building C object CMakeFiles/app.dir/mnt/host/source/src/platform/ec/build/zephyr/it8xxx2_evb/modules/ec/common/printf.c.obj
[pirrha:rw] [22/393] Building C object CMakeFiles/app.dir/mnt/host/source/src/platform/ec/zephyr/subsys/ap_pwrseq/x86_non_dsx_chipset_power_state.c.obj
[fatcatrvp-ite:ro] [14/370] Building C object CMakeFiles/app.dir/mnt/host/source/src/platform/ec/zephyr/subsys/ap_pwrseq/power_signals.c.obj
[/mnt/host/source/src/platform/ec/build/zephyr/pujjolo-lcov]   /mnt/host/source/src/platform/ec/build/zephyr/pujjolo/build-ro/zephyr/CMakeFiles/zephyr.dir/soc/nuvoton/npcx/common/npcxn/registers.c.gcno:no functions found
[/mnt/host/source/src/platform/ec/build/zephyr/pujjolo-lcov] stderr:
[lapis:rw] [23/392] Building C object CMakeFiles/app.dir/mnt/host/source/src/platform/ec/zephyr/subsys/ap_pwrseq/x86_non_dsx_common_pwrseq_console.c.obj
[nereid:rw] /mnt/host/source/src/platform/ec/build/zephyr/nereid/build-rw/zephyr/zephyr.dts:1228.27-1933.5: Warning (avoid_unnecessary_addr_size): /soc/pin-controller: unnecessary #address-cells/#size-cells without "ranges" or child "reg" property
[lapis:rw] [24/392] Building C object CMakeFiles/app.dir/mnt/host/source/src/platform/ec/zephyr/subsys/ap_pwrseq/x86_non_dsx_common_pwrseq_host_command.c.obj
[it8xxx2_evb:singleimage] [20/277] Building C object CMakeFiles/app.dir/mnt/host/source/src/platform/ec/build/zephyr/it8xxx2_evb/modules/ec/common/queue.c.obj
[pirrha:rw] [23/393] Building C object CMakeFiles/app.dir/mnt/host/source/src/platform/ec/zephyr/subsys/ap_pwrseq/x86_non_dsx_common_pwrseq_host_sleep.c.obj
[adlrvp_npcx:rw] [12/394] Building C object zephyr/CMakeFiles/zephyr.dir/lib/heap/heap.c.obj
[fatcatrvp-ite:rw] [19/370] Building C object CMakeFiles/app.dir/mnt/host/source/src/platform/ec/zephyr/subsys/ap_pwrseq/signal_gpio.c.obj
[pirrha:rw] [24/393] Building C object CMakeFiles/app.dir/mnt/host/source/src/platform/ec/zephyr/subsys/ap_pwrseq/x86_non_dsx_common_pwrseq_console.c.obj
[it8xxx2_evb:singleimage] [21/277] Building C object CMakeFiles/app.dir/mnt/host/source/src/platform/ec/build/zephyr/it8xxx2_evb/modules/ec/common/system.c.obj
[lapis:rw] [25/392] Building C object CMakeFiles/app.dir/mnt/host/source/src/platform/ec/zephyr/subsys/ap_pwrseq/x86_non_dsx_mtl_pwrseq_sm.c.obj
[fatcatrvp-ite:ro] [15/370] Building C object CMakeFiles/app.dir/mnt/host/source/src/platform/ec/zephyr/subsys/ap_pwrseq/signal_gpio.c.obj
[lapis:rw] [26/392] Building C object CMakeFiles/app.dir/mnt/host/source/src/platform/ec/zephyr/subsys/ap_pwrseq/ap_reset_log.c.obj
[it8xxx2_evb:singleimage] [22/277] Building C object CMakeFiles/app.dir/mnt/host/source/src/platform/ec/build/zephyr/it8xxx2_evb/modules/ec/common/system_boot_time.c.obj
[pirrha:rw] [25/393] Building C object CMakeFiles/app.dir/mnt/host/source/src/platform/ec/zephyr/subsys/ap_pwrseq/x86_non_dsx_common_pwrseq_host_command.c.obj
[adlrvp_npcx:rw] [13/394] Building C object zephyr/CMakeFiles/zephyr.dir/lib/os/cbprintf_packaged.c.obj
[it8xxx2_evb:singleimage] [23/277] Building C object CMakeFiles/app.dir/mnt/host/source/src/platform/ec/build/zephyr/it8xxx2_evb/modules/ec/common/uart_printf.c.obj
[it8xxx2_evb:singleimage] [24/277] Building C object CMakeFiles/app.dir/mnt/host/source/src/platform/ec/build/zephyr/it8xxx2_evb/modules/ec/common/util.c.obj
[lapis:rw] [27/392] Building C object CMakeFiles/app.dir/mnt/host/source/src/platform/ec/zephyr/subsys/pd_controller/pdc_pmc_debug.c.obj
[pirrha:rw] [26/393] Building C object CMakeFiles/app.dir/mnt/host/source/src/platform/ec/zephyr/subsys/ap_pwrseq/x86_non_dsx_adlp_pwrseq_sm.c.obj
[fatcatrvp-ite:rw] [20/370] Building C object CMakeFiles/app.dir/mnt/host/source/src/platform/ec/zephyr/subsys/ap_pwrseq/signal_vw.c.obj
[lapis:rw] [28/392] Building C object CMakeFiles/app.dir/mnt/host/source/src/platform/ec/zephyr/subsys/pd_controller/retimer_fw_update.c.obj
[fatcatrvp-ite:ro] [16/370] Building C object CMakeFiles/app.dir/mnt/host/source/src/platform/ec/zephyr/subsys/ap_pwrseq/signal_vw.c.obj
[pirrha:rw] [27/393] Building C object CMakeFiles/app.dir/mnt/host/source/src/platform/ec/zephyr/subsys/ap_pwrseq/ap_reset_log.c.obj
[it8xxx2_evb:singleimage] [25/277] Building C object CMakeFiles/app.dir/mnt/host/source/src/platform/ec/build/zephyr/it8xxx2_evb/modules/ec/common/version.c.obj
[adlrvp_npcx:rw] [14/394] Building C object zephyr/CMakeFiles/zephyr.dir/lib/os/clock.c.obj
[telith:rw] warning: PLATFORM_EC_I2C_VIRTUAL_BATTERY_ADDR (defined at
[telith:rw] /mnt/host/source/src/platform/ec/zephyr/Kconfig.battery:130) was assigned the value '0x0f' but got
[telith:rw] the value ''. Check these unsatisfied dependencies: PLATFORM_EC_I2C_VIRTUAL_BATTERY (=n). See
[telith:rw] http://docs.zephyrproject.org/latest/kconfig.html#CONFIG_PLATFORM_EC_I2C_VIRTUAL_BATTERY_ADDR and/or
[telith:rw] look up PLATFORM_EC_I2C_VIRTUAL_BATTERY_ADDR in the menuconfig/guiconfig interface. The Application
[telith:rw] Development Primer, Setting Configuration Values, and Kconfig - Tips and Best Practices sections of
[telith:rw] the manual might be helpful too.
[telith:rw] warning: PLATFORM_EC_SMART_BATTERY_OPTIONAL_MFG_FUNC (defined at
[telith:rw] /mnt/host/source/src/platform/ec/zephyr/Kconfig.battery:341) was assigned the value 'y' but got the
[telith:rw] value 'n'. Check these unsatisfied dependencies: PLATFORM_EC_I2C_VIRTUAL_BATTERY (=n). See
[telith:rw] http://docs.zephyrproject.org/latest/kconfig.html#CONFIG_PLATFORM_EC_SMART_BATTERY_OPTIONAL_MFG_FUNC
[telith:rw] and/or look up PLATFORM_EC_SMART_BATTERY_OPTIONAL_MFG_FUNC in the menuconfig/guiconfig interface.
[telith:rw] The Application Development Primer, Setting Configuration Values, and Kconfig - Tips and Best
[telith:rw] Practices sections of the manual might be helpful too.
[telith:rw] warning: PLATFORM_EC_OCPC_DEF_RBATT_MOHMS (defined at
[telith:rw] /mnt/host/source/src/platform/ec/zephyr/Kconfig.charger:279) was assigned the value '21' but got the
[telith:rw] value ''. Check these unsatisfied dependencies: PLATFORM_EC_OCPC (=n). See
[telith:rw] http://docs.zephyrproject.org/latest/kconfig.html#CONFIG_PLATFORM_EC_OCPC_DEF_RBATT_MOHMS and/or
[telith:rw] look up PLATFORM_EC_OCPC_DEF_RBATT_MOHMS in the menuconfig/guiconfig interface. The Application
[telith:rw] Development Primer, Setting Configuration Values, and Kconfig - Tips and Best Practices sections of
[telith:rw] the manual might be helpful too.
[telith:rw] warning: PLATFORM_EC_OCPC_DEF_DRIVELIMIT_MILLIVOLTS (defined at
[telith:rw] /mnt/host/source/src/platform/ec/zephyr/Kconfig.charger:288) was assigned the value '200' but got
[telith:rw] the value ''. Check these unsatisfied dependencies: PLATFORM_EC_OCPC (=n). See
[telith:rw] http://docs.zephyrproject.org/latest/kconfig.html#CONFIG_PLATFORM_EC_OCPC_DEF_DRIVELIMIT_MILLIVOLTS
[telith:rw] and/or look up PLATFORM_EC_OCPC_DEF_DRIVELIMIT_MILLIVOLTS in the menuconfig/guiconfig interface. The
[telith:rw] Application Development Primer, Setting Configuration Values, and Kconfig - Tips and Best Practices
[telith:rw] sections of the manual might be helpful too.
[telith:rw] warning: PLATFORM_EC_SENSOR_TIGHT_TIMESTAMPS (defined at
[telith:rw] /mnt/host/source/src/platform/ec/zephyr/Kconfig.motionsense:69) was assigned the value 'y' but got
[telith:rw] the value 'n'. Check these unsatisfied dependencies: PLATFORM_EC_MOTIONSENSE (=n). See
[telith:rw] http://docs.zephyrproject.org/latest/kconfig.html#CONFIG_PLATFORM_EC_SENSOR_TIGHT_TIMESTAMPS and/or
[telith:rw] look up PLATFORM_EC_SENSOR_TIGHT_TIMESTAMPS in the menuconfig/guiconfig interface. The Application
[telith:rw] Development Primer, Setting Configuration Values, and Kconfig - Tips and Best Practices sections of
[telith:rw] the manual might be helpful too.
[telith:rw] warning: PLATFORM_EC_MAX_SENSOR_FREQ_MILLIHZ (defined at
[telith:rw] /mnt/host/source/src/platform/ec/zephyr/Kconfig.motionsense:96) was assigned the value '100000' but
[telith:rw] got the value ''. Check these unsatisfied dependencies: PLATFORM_EC_MOTIONSENSE (=n). See
[telith:rw] http://docs.zephyrproject.org/latest/kconfig.html#CONFIG_PLATFORM_EC_MAX_SENSOR_FREQ_MILLIHZ and/or
[telith:rw] look up PLATFORM_EC_MAX_SENSOR_FREQ_MILLIHZ in the menuconfig/guiconfig interface. The Application
[telith:rw] Development Primer, Setting Configuration Values, and Kconfig - Tips and Best Practices sections of
[telith:rw] the manual might be helpful too.
[telith:rw] warning: PLATFORM_EC_LID_ANGLE (defined at
[telith:rw] /mnt/host/source/src/platform/ec/zephyr/Kconfig.motionsense:116) was assigned the value 'y' but got
[telith:rw] the value 'n'. Check these unsatisfied dependencies: PLATFORM_EC_MOTIONSENSE (=n). See
[telith:rw] http://docs.zephyrproject.org/latest/kconfig.html#CONFIG_PLATFORM_EC_LID_ANGLE and/or look up
[telith:rw] PLATFORM_EC_LID_ANGLE in the menuconfig/guiconfig interface. The Application Development Primer,
[telith:rw] Setting Configuration Values, and Kconfig - Tips and Best Practices sections of the manual might be
[telith:rw] helpful too.
[telith:rw] warning: PLATFORM_EC_LID_ANGLE_UPDATE (defined at
[telith:rw] /mnt/host/source/src/platform/ec/zephyr/Kconfig.motionsense:127) was assigned the value 'y' but got
[telith:rw] the value 'n'. Check these unsatisfied dependencies: PLATFORM_EC_LID_ANGLE (=n),
[telith:rw] PLATFORM_EC_MOTIONSENSE (=n). See
[telith:rw] http://docs.zephyrproject.org/latest/kconfig.html#CONFIG_PLATFORM_EC_LID_ANGLE_UPDATE and/or look up
[telith:rw] PLATFORM_EC_LID_ANGLE_UPDATE in the menuconfig/guiconfig interface. The Application Development
[telith:rw] Primer, Setting Configuration Values, and Kconfig - Tips and Best Practices sections of the manual
[telith:rw] might be helpful too.
[telith:rw] warning: PLATFORM_EC_CONSOLE_CMD_ACCELS (defined at
[telith:rw] /mnt/host/source/src/platform/ec/zephyr/Kconfig.motionsense:143) was assigned the value 'y' but got
[telith:rw] the value 'n'. Check these unsatisfied dependencies: PLATFORM_EC_MOTIONSENSE (=n). See
[telith:rw] http://docs.zephyrproject.org/latest/kconfig.html#CONFIG_PLATFORM_EC_CONSOLE_CMD_ACCELS and/or look
[telith:rw] up PLATFORM_EC_CONSOLE_CMD_ACCELS in the menuconfig/guiconfig interface. The Application Development
[telith:rw] Primer, Setting Configuration Values, and Kconfig - Tips and Best Practices sections of the manual
[telith:rw] might be helpful too.
[telith:rw] warning: PLATFORM_EC_CONSOLE_CMD_ACCEL_INFO (defined at
[telith:rw] /mnt/host/source/src/platform/ec/zephyr/Kconfig.motionsense:159) was assigned the value 'y' but got
[telith:rw] the value 'n'. Check these unsatisfied dependencies: PLATFORM_EC_CONSOLE_CMD_ACCELS (=n),
[telith:rw] PLATFORM_EC_MOTIONSENSE (=n). See
[telith:rw] http://docs.zephyrproject.org/latest/kconfig.html#CONFIG_PLATFORM_EC_CONSOLE_CMD_ACCEL_INFO and/or
[telith:rw] look up PLATFORM_EC_CONSOLE_CMD_ACCEL_INFO in the menuconfig/guiconfig interface. The Application
[telith:rw] Development Primer, Setting Configuration Values, and Kconfig - Tips and Best Practices sections of
[telith:rw] the manual might be helpful too.
[telith:rw] warning: TASK_HOSTCMD_STACK_SIZE (defined at
[telith:rw] /mnt/host/source/src/platform/ec/zephyr/Kconfig.stacks:52,
[telith:rw] /mnt/host/source/src/platform/ec/zephyr/Kconfig.tasks:123) was assigned the value '1280' but got the
[telith:rw] value '1152'. See http://docs.zephyrproject.org/latest/kconfig.html#CONFIG_TASK_HOSTCMD_STACK_SIZE
[telith:rw] and/or look up TASK_HOSTCMD_STACK_SIZE in the menuconfig/guiconfig interface. The Application
[telith:rw] Development Primer, Setting Configuration Values, and Kconfig - Tips and Best Practices sections of
[telith:rw] the manual might be helpful too.
[telith:rw] warning: Deprecated symbol I2C_ALLOW_NO_STOP_TRANSACTIONS is enabled.
[/mnt/host/source/src/platform/ec/build/zephyr/tanjiro-lcov]   /mnt/host/source/src/platform/ec/build/zephyr/tanjiro/build-ro/CMakeFiles/app.dir/mnt/host/source/src/platform/ec/build/zephyr/tanjiro/modules/ec/common/chargen.c.gcno:no functions found
[/mnt/host/source/src/platform/ec/build/zephyr/tanjiro-lcov] stderr:
[it8xxx2_evb:singleimage] [26/277] Building C object CMakeFiles/app.dir/mnt/host/source/src/platform/ec/build/zephyr/it8xxx2_evb/modules/ec/common/adc.c.obj
[pirrha:rw] [28/393] Building C object CMakeFiles/app.dir/mnt/host/source/src/platform/ec/build/zephyr/pirrha/modules/ec/builtin/stdlib.c.obj
[fatcatrvp-ite:rw] [21/370] Building C object CMakeFiles/app.dir/mnt/host/source/src/platform/ec/zephyr/subsys/ap_pwrseq/ap_pwrseq.c.obj
[lapis:rw] [29/392] Building C object CMakeFiles/app.dir/mnt/host/source/src/platform/ec/zephyr/subsys/pd_controller/pdc_console.c.obj
[pirrha:rw] [29/393] Building C object CMakeFiles/app.dir/mnt/host/source/src/platform/ec/build/zephyr/pirrha/modules/ec/common/base32.c.obj
[fatcatrvp-ite:ro] [17/370] Building C object CMakeFiles/app.dir/mnt/host/source/src/platform/ec/zephyr/subsys/ap_pwrseq/ap_pwrseq.c.obj
[it8xxx2_evb:singleimage] [27/277] Building C object CMakeFiles/app.dir/mnt/host/source/src/platform/ec/build/zephyr/it8xxx2_evb/modules/ec/common/cbi_common.c.obj
[telith:rw] Parsing /mnt/host/source/src/platform/ec/zephyr/program/nissa/Kconfig
[nereid:rw] warning: TASK_HOSTCMD_STACK_SIZE (defined at
[nereid:rw] /mnt/host/source/src/platform/ec/zephyr/Kconfig.stacks:52,
[nereid:rw] /mnt/host/source/src/platform/ec/zephyr/Kconfig.tasks:123) was assigned the value '1280' but got the
[nereid:rw] value '1152'. See http://docs.zephyrproject.org/latest/kconfig.html#CONFIG_TASK_HOSTCMD_STACK_SIZE
[nereid:rw] and/or look up TASK_HOSTCMD_STACK_SIZE in the menuconfig/guiconfig interface. The Application
[nereid:rw] Development Primer, Setting Configuration Values, and Kconfig - Tips and Best Practices sections of
[nereid:rw] the manual might be helpful too.
[/mnt/host/source/src/platform/ec/build/zephyr/ptlgcs-lcov]   /mnt/host/source/src/platform/ec/build/zephyr/ptlgcs/build-ro/zephyr/CMakeFiles/zephyr.dir/subsys/shell/modules/kernel_service/kernel_shell.c.gcno:no functions found
[/mnt/host/source/src/platform/ec/build/zephyr/ptlgcs-lcov] stderr:
[adlrvp_npcx:rw] [15/394] Building C object zephyr/CMakeFiles/zephyr.dir/lib/os/printk.c.obj
[/mnt/host/source/src/platform/ec/build/zephyr/pujjolo-lcov]   /mnt/host/source/src/platform/ec/build/zephyr/pujjolo/build-ro/zephyr/kernel/CMakeFiles/kernel.dir/errno.c.gcno:no functions found
[/mnt/host/source/src/platform/ec/build/zephyr/pujjolo-lcov] stderr:
[/mnt/host/source/src/platform/ec/build/zephyr/ptlgcs-lcov]   /mnt/host/source/src/platform/ec/build/zephyr/ptlgcs/build-ro/zephyr/CMakeFiles/zephyr.dir/lib/libc/validate_libc.c.gcno:no functions found
[/mnt/host/source/src/platform/ec/build/zephyr/ptlgcs-lcov] stderr:
[lapis:rw] [30/392] Building C object CMakeFiles/app.dir/mnt/host/source/src/platform/ec/zephyr/subsys/pd_controller/pdc_power_mgmt.c.obj
[it8xxx2_evb:singleimage] [28/277] Building C object CMakeFiles/app.dir/mnt/host/source/src/platform/ec/build/zephyr/it8xxx2_evb/modules/ec/common/cbi.c.obj
[pirrha:rw] [30/393] Building C object CMakeFiles/app.dir/mnt/host/source/src/platform/ec/build/zephyr/pirrha/modules/ec/common/console_output.c.obj
[/mnt/host/source/src/platform/ec/build/zephyr/npcx-aic-lcov]   /mnt/host/source/src/platform/ec/build/zephyr/npcx-aic/build-ro/zephyr/CMakeFiles/zephyr.dir/subsys/shell/modules/kernel_service/kernel_shell.c.gcno:no functions found
[/mnt/host/source/src/platform/ec/build/zephyr/npcx-aic-lcov] stderr:
[lapis:rw] [31/392] Building C object CMakeFiles/app.dir/mnt/host/source/src/platform/ec/zephyr/subsys/pd_controller/pdc_host_cmd.c.obj
[it8xxx2_evb:singleimage] [29/277] Building C object CMakeFiles/app.dir/mnt/host/source/src/platform/ec/build/zephyr/it8xxx2_evb/modules/ec/common/cbi_config.c.obj
[fatcatrvp-ite:rw] [22/370] Building C object CMakeFiles/app.dir/mnt/host/source/src/platform/ec/zephyr/subsys/ap_pwrseq/ap_pwrseq_sm.c.obj
[nereid:rw] Parsing /mnt/host/source/src/platform/ec/zephyr/program/nissa/Kconfig
[fatcatrvp-ite:ro] [18/370] Building C object CMakeFiles/app.dir/mnt/host/source/src/platform/ec/zephyr/subsys/ap_pwrseq/ap_pwrseq_sm.c.obj
[pirrha:rw] [31/393] Building C object CMakeFiles/app.dir/mnt/host/source/src/platform/ec/build/zephyr/pirrha/modules/ec/common/ec_features.c.obj
[adlrvp_npcx:rw] [16/394] Building C object zephyr/CMakeFiles/zephyr.dir/lib/os/sem.c.obj
[/mnt/host/source/src/platform/ec/build/zephyr/npcx-aic-lcov]   /mnt/host/source/src/platform/ec/build/zephyr/npcx-aic/build-ro/zephyr/CMakeFiles/zephyr.dir/lib/libc/validate_libc.c.gcno:no functions found
[/mnt/host/source/src/platform/ec/build/zephyr/npcx-aic-lcov] stderr:
[telith:rw] Loaded configuration '/mnt/host/source/src/platform/ec/zephyr/boards/google/it8xxx2/it8xxx2_it81302bx_defconfig'
[telith:rw] Merged configuration '/mnt/host/source/src/platform/ec/zephyr/program/nissa/program.conf'
[telith:rw] Merged configuration '/mnt/host/source/src/platform/ec/zephyr/program/nissa/it8xxx2_program.conf'
[telith:rw] Merged configuration '/mnt/host/source/src/platform/ec/zephyr/program/nissa/telith/project.conf'
[telith:rw] Merged configuration '/mnt/host/source/src/platform/ec/build/zephyr/telith/kconfig-rw.conf'
[telith:rw] Configuration saved to '/mnt/host/source/src/platform/ec/build/zephyr/telith/build-rw/zephyr/.config'
[telith:rw] Kconfig header saved to '/mnt/host/source/src/platform/ec/build/zephyr/telith/build-rw/zephyr/include/generated/zephyr/autoconf.h'
[telith:rw] -- Found GnuLd: /home/jpmurphy/.cache/coreboot-sdk/riscv64-elf/96b949749225b6aaa92ed810ab769e8dfb12f000/riscv64-elf/bin/ld.bfd (found version "2.43.1")
[it8xxx2_evb:singleimage] [30/277] Building C object CMakeFiles/app.dir/mnt/host/source/src/platform/ec/build/zephyr/it8xxx2_evb/modules/ec/common/cbi_gpio.c.obj
[lapis:rw] [32/392] Building C object CMakeFiles/app.dir/mnt/host/source/src/platform/ec/zephyr/subsys/pd_controller/pdc_stub.c.obj
[telith:rw] -- The C compiler identification is GNU 14.2.0
[/mnt/host/source/src/platform/ec/build/zephyr/pujjolo-lcov]   /mnt/host/source/src/platform/ec/build/zephyr/pujjolo/build-ro/zephyr/lib/libc/picolibc/CMakeFiles/lib__libc__picolibc.dir/errno_wrap.c.gcno:no functions found
[it8xxx2_evb:singleimage] [31/277] Building C object CMakeFiles/app.dir/mnt/host/source/src/platform/ec/build/zephyr/it8xxx2_evb/modules/ec/common/memory_commands.c.obj
[/mnt/host/source/src/platform/ec/build/zephyr/pujjolo-lcov] stderr:
[lapis:rw] [33/392] Building C object CMakeFiles/app.dir/mnt/host/source/src/platform/ec/zephyr/subsys/pd_controller/pdc_dpm.c.obj
[pirrha:rw] [32/393] Building C object CMakeFiles/app.dir/mnt/host/source/src/platform/ec/build/zephyr/pirrha/modules/ec/common/gpio_commands.c.obj
[/mnt/host/source/src/platform/ec/build/zephyr/npcx9-lcov]   /mnt/host/source/src/platform/ec/build/zephyr/npcx9/build-rw/modules/ec/zephyr/CMakeFiles/ec_shim.dir/shim/src/keyscan.c.gcno:no functions found
[/mnt/host/source/src/platform/ec/build/zephyr/npcx9-lcov] stderr:
[fatcatrvp-ite:ro] [19/370] Building C object CMakeFiles/app.dir/mnt/host/source/src/platform/ec/zephyr/subsys/ap_pwrseq/power_host_sleep.c.obj
[fatcatrvp-ite:rw] [23/370] Building C object CMakeFiles/app.dir/mnt/host/source/src/platform/ec/zephyr/subsys/ap_pwrseq/power_host_sleep.c.obj
[adlrvp_npcx:rw] [17/394] Building C object zephyr/CMakeFiles/zephyr.dir/lib/os/thread_entry.c.obj
[nereid:rw] Loaded configuration '/mnt/host/source/src/platform/ec/zephyr/boards/google/it8xxx2/it8xxx2_it81302bx_defconfig'
[nereid:rw] Merged configuration '/mnt/host/source/src/platform/ec/zephyr/program/nissa/program.conf'
[nereid:rw] Merged configuration '/mnt/host/source/src/platform/ec/zephyr/program/nissa/it8xxx2_program.conf'
[nereid:rw] Merged configuration '/mnt/host/source/src/platform/ec/zephyr/program/nissa/nereid/project.conf'
[nereid:rw] Merged configuration '/mnt/host/source/src/platform/ec/build/zephyr/nereid/kconfig-rw.conf'
[nereid:rw] Configuration saved to '/mnt/host/source/src/platform/ec/build/zephyr/nereid/build-rw/zephyr/.config'
[nereid:rw] Kconfig header saved to '/mnt/host/source/src/platform/ec/build/zephyr/nereid/build-rw/zephyr/include/generated/zephyr/autoconf.h'
[nereid:rw] -- Found GnuLd: /home/jpmurphy/.cache/coreboot-sdk/riscv64-elf/96b949749225b6aaa92ed810ab769e8dfb12f000/riscv64-elf/bin/ld.bfd (found version "2.43.1")
[pirrha:rw] [33/393] Building C object CMakeFiles/app.dir/mnt/host/source/src/platform/ec/build/zephyr/pirrha/modules/ec/common/peripheral.c.obj
[telith:rw] -- The CXX compiler identification is GNU 14.2.0
[telith:rw] -- The ASM compiler identification is GNU
[telith:rw] -- Found assembler: /home/jpmurphy/.cache/coreboot-sdk/riscv64-elf/96b949749225b6aaa92ed810ab769e8dfb12f000/bin/riscv64-elf-gcc
[telith:rw] CMake Warning at /mnt/host/source/src/platform/ec/zephyr/cmake/linker/ld/linker_libraries.cmake:11 (message):
[telith:rw]   Disabling c_library
[telith:rw] Call Stack (most recent call first):
[telith:rw]   /mnt/host/source/src/third_party/zephyr/main/cmake/target_toolchain_flags.cmake:48 (include)
[telith:rw]   /mnt/host/source/src/third_party/zephyr/main/cmake/modules/kernel.cmake:153 (include)
[telith:rw]   /mnt/host/source/src/third_party/zephyr/main/cmake/modules/zephyr_default.cmake:138 (include)
[telith:rw]   /mnt/host/source/src/third_party/zephyr/main/share/zephyr-package/cmake/ZephyrConfig.cmake:66 (include)
[telith:rw]   /mnt/host/source/src/third_party/zephyr/main/share/zephyr-package/cmake/ZephyrConfig.cmake:97 (include_boilerplate)
[telith:rw]   CMakeLists.txt:7 (find_package)
[it8xxx2_evb:singleimage] [32/277] Building C object CMakeFiles/app.dir/mnt/host/source/src/platform/ec/build/zephyr/it8xxx2_evb/modules/ec/common/ap_reset_log.c.obj
[/mnt/host/source/src/platform/ec/build/zephyr/npcx9-lcov]   /mnt/host/source/src/platform/ec/build/zephyr/npcx9/build-rw/CMakeFiles/app.dir/mnt/host/source/src/platform/ec/build/zephyr/npcx9/modules/ec/common/cbi_config.c.gcno:no functions found
[/mnt/host/source/src/platform/ec/build/zephyr/npcx9-lcov] stderr:
[nereid:rw] -- The C compiler identification is GNU 14.2.0
[/mnt/host/source/src/platform/ec/build/zephyr/npcx-aic-lcov]   /mnt/host/source/src/platform/ec/build/zephyr/npcx-aic/build-ro/zephyr/CMakeFiles/zephyr.dir/lib/utils/last_section_id.c.gcno:no functions found
[/mnt/host/source/src/platform/ec/build/zephyr/npcx-aic-lcov] stderr:
[it8xxx2_evb:singleimage] [33/277] Building C object CMakeFiles/app.dir/mnt/host/source/src/platform/ec/build/zephyr/it8xxx2_evb/modules/ec/common/fan.c.obj
[lapis:rw] [34/392] Building C object CMakeFiles/app.dir/mnt/host/source/src/platform/ec/zephyr/subsys/ucsi/ppm_common.c.obj
[pirrha:rw] [34/393] Building C object CMakeFiles/app.dir/mnt/host/source/src/platform/ec/build/zephyr/pirrha/modules/ec/common/printf.c.obj
[adlrvp_npcx:rw] [18/394] Building C object zephyr/CMakeFiles/zephyr.dir/lib/os/cbprintf_nano.c.obj
[lapis:rw] [35/392] Building C object CMakeFiles/app.dir/mnt/host/source/src/platform/ec/zephyr/subsys/ucsi/ppm_console.c.obj
[nereid:rw] -- The CXX compiler identification is GNU 14.2.0
[nereid:rw] -- The ASM compiler identification is GNU
[nereid:rw] -- Found assembler: /home/jpmurphy/.cache/coreboot-sdk/riscv64-elf/96b949749225b6aaa92ed810ab769e8dfb12f000/bin/riscv64-elf-gcc
[pirrha:rw] [35/393] Building C object CMakeFiles/app.dir/mnt/host/source/src/platform/ec/build/zephyr/pirrha/modules/ec/common/queue.c.obj
[nereid:rw] warning: Deprecated symbol I2C_ALLOW_NO_STOP_TRANSACTIONS is enabled.
[nereid:rw] CMake Warning at /mnt/host/source/src/platform/ec/zephyr/cmake/linker/ld/linker_libraries.cmake:11 (message):
[nereid:rw]   Disabling c_library
[nereid:rw] Call Stack (most recent call first):
[nereid:rw]   /mnt/host/source/src/third_party/zephyr/main/cmake/target_toolchain_flags.cmake:48 (include)
[nereid:rw]   /mnt/host/source/src/third_party/zephyr/main/cmake/modules/kernel.cmake:153 (include)
[nereid:rw]   /mnt/host/source/src/third_party/zephyr/main/cmake/modules/zephyr_default.cmake:138 (include)
[nereid:rw]   /mnt/host/source/src/third_party/zephyr/main/share/zephyr-package/cmake/ZephyrConfig.cmake:66 (include)
[telith:rw] -- Performing EC specific devicetree checks
[fatcatrvp-ite:rw] [24/370] Building C object CMakeFiles/app.dir/mnt/host/source/src/platform/ec/zephyr/subsys/ap_pwrseq/x86_non_dsx_common_pwrseq_sm_handler.c.obj
[it8xxx2_evb:singleimage] [34/277] Building C object CMakeFiles/app.dir/mnt/host/source/src/platform/ec/build/zephyr/it8xxx2_evb/modules/ec/common/flash.c.obj
[fatcatrvp-ite:ro] [20/370] Building C object CMakeFiles/app.dir/mnt/host/source/src/platform/ec/zephyr/subsys/ap_pwrseq/x86_non_dsx_common_pwrseq_sm_handler.c.obj
[telith:rw] INFO: Verified 52 GPIOs, no duplicates found
[telith:rw] INFO: Verified 21 '*-gpios' properties, all flags match.
[it8xxx2_evb:singleimage] [35/277] Building C object CMakeFiles/app.dir/mnt/host/source/src/platform/ec/build/zephyr/it8xxx2_evb/modules/ec/common/host_command.c.obj
[telith:rw] -- Generating component manifest file
[adlrvp_npcx:rw] [19/394] Building C object zephyr/CMakeFiles/zephyr.dir/lib/os/cbprintf.c.obj
[lapis:rw] [36/392] Building C object CMakeFiles/app.dir/mnt/host/source/src/platform/ec/zephyr/subsys/ucsi/ucsi_host_cmd.c.obj
[nereid:rw] -- Performing EC specific devicetree checks
[pirrha:rw] [36/393] Building C object CMakeFiles/app.dir/mnt/host/source/src/platform/ec/build/zephyr/pirrha/modules/ec/common/system_boot_time.c.obj
[pirrha:rw] [37/393] Building C object CMakeFiles/app.dir/mnt/host/source/src/platform/ec/build/zephyr/pirrha/modules/ec/common/system.c.obj
[lapis:rw] [37/392] Building C object CMakeFiles/app.dir/mnt/host/source/src/platform/ec/zephyr/subsys/ucsi/ppm_driver.c.obj
[telith:rw] INFO: Skipped 14 named-gpios children.
[telith:rw] INFO: Running CME, outputting to /mnt/host/source/src/platform/ec/build/zephyr/telith/build-rw/zephyr/component_manifest.json
[telith:rw] INFO: Component usbpd@f03700(ite,it8xxx2-usbpd) not on I2C bus, skip it
[telith:rw] INFO: Component virtual-mux-0(cros-ec,usbc-mux-virtual) not on I2C bus, skip it
[telith:rw] INFO: Component usbpd@f03800(ite,it8xxx2-usbpd) not on I2C bus, skip it
[telith:rw] INFO: Component virtual-mux-1(cros-ec,usbc-mux-virtual) not on I2C bus, skip it
[telith:rw] INFO: Component virtual-mux-1(cros-ec,usbc-mux-virtual) not on I2C bus, skip it
[telith:rw] INFO: No motionsense-sensor node found
[telith:rw] -- warning_base_override: -Wall;-Wformat;-Wformat-security;-Wformat;-Wno-format-zero-length;-Wno-pointer-sign;-Wpointer-arith;-Wexpansion-to-defined
[/mnt/host/source/src/platform/ec/build/zephyr/npcx9-lcov]   /mnt/host/source/src/platform/ec/build/zephyr/npcx9/build-rw/zephyr/arch/arch/arm/core/mpu/CMakeFiles/arch__arm__core__mpu.dir/arm_mpu_regions.c.gcno:no functions found
[/mnt/host/source/src/platform/ec/build/zephyr/npcx9-lcov] stderr:
[nereid:rw]   /mnt/host/source/src/third_party/zephyr/main/share/zephyr-package/cmake/ZephyrConfig.cmake:97 (include_boilerplate)
[nereid:rw]   CMakeLists.txt:7 (find_package)
[nereid:rw] INFO: Verified 57 GPIOs, no duplicates found
[nereid:rw] INFO: Verified 16 '*-gpios' properties, all flags match.
[nereid:rw] INFO: Skipped 17 named-gpios children.
[it8xxx2_evb:singleimage] [36/277] Building C object CMakeFiles/app.dir/mnt/host/source/src/platform/ec/build/zephyr/it8xxx2_evb/modules/ec/common/host_command_task.c.obj
[fatcatrvp-ite:rw] [25/370] Building C object CMakeFiles/app.dir/mnt/host/source/src/platform/ec/zephyr/subsys/ap_pwrseq/x86_non_dsx_chipset_power_state.c.obj
[it8xxx2_evb:singleimage] [37/277] Building C object CMakeFiles/app.dir/mnt/host/source/src/platform/ec/build/zephyr/it8xxx2_evb/modules/ec/common/host_event_commands.c.obj
[telith:rw] -- Found gen_kobject_list: /mnt/host/source/src/third_party/zephyr/main/scripts/build/gen_kobject_list.py
[nereid:rw] -- Generating component manifest file
[fatcatrvp-ite:ro] [21/370] Building C object CMakeFiles/app.dir/mnt/host/source/src/platform/ec/zephyr/subsys/ap_pwrseq/x86_non_dsx_chipset_power_state.c.obj
[adlrvp_npcx:rw] [20/394] Building C object zephyr/CMakeFiles/zephyr.dir/lib/os/assert.c.obj
[lapis:rw] [38/392] Building C object CMakeFiles/app.dir/mnt/host/source/src/platform/ec/build/zephyr/lapis/modules/ec/builtin/stdlib.c.obj
[telith:rw] -- Configuring done (15.2s)
[lapis:rw] [39/392] Building C object CMakeFiles/app.dir/mnt/host/source/src/platform/ec/build/zephyr/lapis/modules/ec/common/base32.c.obj
[nereid:rw] INFO: Running CME, outputting to /mnt/host/source/src/platform/ec/build/zephyr/nereid/build-rw/zephyr/component_manifest.json
[nereid:rw] INFO: Project nereid does not support SSFC
[nereid:rw] INFO: Component usbpd@f03700(ite,it8xxx2-usbpd) not on I2C bus, skip it
[nereid:rw] INFO: Component virtual-mux-0(cros-ec,usbc-mux-virtual) not on I2C bus, skip it
[nereid:rw] INFO: Component virtual-mux-1(cros-ec,usbc-mux-virtual) not on I2C bus, skip it
[nereid:rw] INFO: Component tcpci-mux-1(parade,usbc-mux-ps8xxx) not on I2C bus, skip it
[nereid:rw] INFO: Component virtual-mux-1(cros-ec,usbc-mux-virtual) not on I2C bus, skip it
[nereid:rw] INFO: No motionsense-sensor-alt node found
[pirrha:rw] [38/393] Building C object CMakeFiles/app.dir/mnt/host/source/src/platform/ec/build/zephyr/pirrha/modules/ec/common/uart_printf.c.obj
[/mnt/host/source/src/platform/ec/build/zephyr/tanjiro-lcov]   /mnt/host/source/src/platform/ec/build/zephyr/tanjiro/build-ro/CMakeFiles/app.dir/mnt/host/source/src/platform/ec/build/zephyr/tanjiro/modules/ec/common/cbi_config.c.gcno:no functions found
[/mnt/host/source/src/platform/ec/build/zephyr/tanjiro-lcov] stderr:
[adlrvp_npcx:rw] [21/394] Building C object zephyr/CMakeFiles/zephyr.dir/lib/utils/dec.c.obj
[pirrha:rw] [39/393] Building C object CMakeFiles/app.dir/mnt/host/source/src/platform/ec/build/zephyr/pirrha/modules/ec/common/util.c.obj
[it8xxx2_evb:singleimage] [38/277] Building C object CMakeFiles/app.dir/mnt/host/source/src/platform/ec/build/zephyr/it8xxx2_evb/modules/ec/common/uart_hostcmd.c.obj
[nereid:rw] -- warning_base_override: -Wall;-Wformat;-Wformat-security;-Wformat;-Wno-format-zero-length;-Wno-pointer-sign;-Wpointer-arith;-Wexpansion-to-defined
[telith:rw] -- Generating done (0.4s)
[telith:rw] CMake Warning:
[telith:rw] -- Build files have been written to: /mnt/host/source/src/platform/ec/build/zephyr/telith/build-rw
[it8xxx2_evb:singleimage] [39/277] Building C object CMakeFiles/app.dir/mnt/host/source/src/platform/ec/build/zephyr/it8xxx2_evb/modules/ec/common/uptime.c.obj
[adlrvp_npcx:rw] [22/394] Building C object zephyr/CMakeFiles/zephyr.dir/lib/utils/hex.c.obj
[/mnt/host/source/src/platform/ec/build/zephyr/npcx9-lcov]   /mnt/host/source/src/platform/ec/build/zephyr/npcx9/build-rw/zephyr/arch/common/CMakeFiles/isr_tables.dir/isr_tables.c.gcno:no functions found
[/mnt/host/source/src/platform/ec/build/zephyr/npcx9-lcov] stderr:
[fatcatrvp-ite:rw] [26/370] Building C object CMakeFiles/app.dir/mnt/host/source/src/platform/ec/zephyr/subsys/ap_pwrseq/x86_non_dsx_common_pwrseq_host_sleep.c.obj
[nereid:rw] -- Found gen_kobject_list: /mnt/host/source/src/third_party/zephyr/main/scripts/build/gen_kobject_list.py
[/mnt/host/source/src/platform/ec/build/zephyr/tanjiro-lcov]   /mnt/host/source/src/platform/ec/build/zephyr/tanjiro/build-ro/zephyr/arch/arch/riscv/core/CMakeFiles/arch__riscv__core.dir/cpu_idle.c.gcno:no functions found
[/mnt/host/source/src/platform/ec/build/zephyr/tanjiro-lcov] stderr:
[lapis:rw] [40/392] Building C object CMakeFiles/app.dir/mnt/host/source/src/platform/ec/build/zephyr/lapis/modules/ec/common/console_output.c.obj
[telith:rw]   Manually-specified variables were not used by the project:
[telith:rw]     COREBOOT_SDK_ROOT_arm
[telith:rw]     COREBOOT_SDK_ROOT_libstdcxx_arm
[telith:rw]     COREBOOT_SDK_ROOT_libstdcxx_x86
[telith:rw]     COREBOOT_SDK_ROOT_nds32
[telith:rw]     COREBOOT_SDK_ROOT_picolibc_arm
[telith:rw]     COREBOOT_SDK_ROOT_picolibc_x86
[telith:rw]     COREBOOT_SDK_ROOT_riscv
[telith:rw]     COREBOOT_SDK_ROOT_x86
[fatcatrvp-ite:ro] [22/370] Building C object CMakeFiles/app.dir/mnt/host/source/src/platform/ec/zephyr/subsys/ap_pwrseq/x86_non_dsx_common_pwrseq_host_sleep.c.obj
[lapis:rw] [41/392] Building C object CMakeFiles/app.dir/mnt/host/source/src/platform/ec/build/zephyr/lapis/modules/ec/common/ec_features.c.obj
[nereid:rw] -- Configuring done (15.9s)
[pirrha:rw] [40/393] Building C object CMakeFiles/app.dir/mnt/host/source/src/platform/ec/build/zephyr/pirrha/modules/ec/common/version.c.obj
[pirrha:rw] [41/393] Building C object CMakeFiles/app.dir/mnt/host/source/src/platform/ec/build/zephyr/pirrha/modules/ec/common/power_button_x86.c.obj
[it8xxx2_evb:singleimage] [40/277] Building C object CMakeFiles/app.dir/mnt/host/source/src/platform/ec/build/zephyr/it8xxx2_evb/modules/ec/common/i2c_controller.c.obj
[it8xxx2_evb:singleimage] [41/277] Building C object CMakeFiles/app.dir/mnt/host/source/src/platform/ec/build/zephyr/it8xxx2_evb/modules/ec/common/i2c_passthru.c.obj
[adlrvp_npcx:rw] [23/394] Building C object zephyr/CMakeFiles/zephyr.dir/lib/utils/rb.c.obj
[nereid:rw] -- Generating done (0.4s)
[nereid:rw] CMake Warning:
[nereid:rw]   Manually-specified variables were not used by the project:
[nereid:rw]     COREBOOT_SDK_ROOT_arm
[nereid:rw]     COREBOOT_SDK_ROOT_libstdcxx_arm
[nereid:rw]     COREBOOT_SDK_ROOT_libstdcxx_x86
[nereid:rw]     COREBOOT_SDK_ROOT_nds32
[nereid:rw]     COREBOOT_SDK_ROOT_picolibc_arm
[nereid:rw]     COREBOOT_SDK_ROOT_picolibc_x86
[nereid:rw]     COREBOOT_SDK_ROOT_riscv
[nereid:rw]     COREBOOT_SDK_ROOT_x86
[nereid:rw] -- Build files have been written to: /mnt/host/source/src/platform/ec/build/zephyr/nereid/build-rw
[it8xxx2_evb:singleimage] [42/277] Building C object CMakeFiles/app.dir/mnt/host/source/src/platform/ec/build/zephyr/it8xxx2_evb/modules/ec/common/lid_switch.c.obj
[lapis:rw] [42/392] Building C object CMakeFiles/app.dir/mnt/host/source/src/platform/ec/build/zephyr/lapis/modules/ec/common/gpio_commands.c.obj
[lapis:rw] [43/392] Building C object CMakeFiles/app.dir/mnt/host/source/src/platform/ec/build/zephyr/lapis/modules/ec/common/peripheral.c.obj
[adlrvp_npcx:rw] [24/394] Building C object zephyr/CMakeFiles/zephyr.dir/lib/utils/timeutil.c.obj
[fatcatrvp-ite:rw] [27/370] Building C object CMakeFiles/app.dir/mnt/host/source/src/platform/ec/zephyr/subsys/ap_pwrseq/x86_non_dsx_common_pwrseq_console.c.obj
[fatcatrvp-ite:ro] [23/370] Building C object CMakeFiles/app.dir/mnt/host/source/src/platform/ec/zephyr/subsys/ap_pwrseq/x86_non_dsx_common_pwrseq_console.c.obj
[/mnt/host/source/src/platform/ec/build/zephyr/tanjiro-lcov]   /mnt/host/source/src/platform/ec/build/zephyr/tanjiro/build-ro/zephyr/arch/common/CMakeFiles/isr_tables.dir/isr_tables.c.gcno:no functions found
[/mnt/host/source/src/platform/ec/build/zephyr/tanjiro-lcov] stderr:
[pirrha:rw] [42/393] Building C object CMakeFiles/app.dir/mnt/host/source/src/platform/ec/build/zephyr/pirrha/modules/ec/driver/accel_lis2ds.c.obj
[it8xxx2_evb:singleimage] [43/277] Building C object CMakeFiles/app.dir/mnt/host/source/src/platform/ec/build/zephyr/it8xxx2_evb/modules/ec/common/panic_output.c.obj
[it8xxx2_evb:singleimage] [44/277] Building C object CMakeFiles/app.dir/mnt/host/source/src/platform/ec/build/zephyr/it8xxx2_evb/modules/ec/common/power_button.c.obj
[pirrha:rw] [43/393] Building C object CMakeFiles/app.dir/mnt/host/source/src/platform/ec/build/zephyr/pirrha/modules/ec/driver/accelgyro_lsm6dsm.c.obj
[it8xxx2_evb:singleimage] [45/277] Building C object CMakeFiles/app.dir/mnt/host/source/src/platform/ec/build/zephyr/it8xxx2_evb/modules/ec/common/sha256.c.obj
[lapis:rw] [44/392] Building C object CMakeFiles/app.dir/mnt/host/source/src/platform/ec/build/zephyr/lapis/modules/ec/common/printf.c.obj
[lapis:rw] [45/392] Building C object CMakeFiles/app.dir/mnt/host/source/src/platform/ec/build/zephyr/lapis/modules/ec/common/queue.c.obj
[adlrvp_npcx:rw] [25/394] Building C object zephyr/CMakeFiles/zephyr.dir/lib/utils/bitarray.c.obj
[fatcatrvp-ite:ro] [24/370] Building C object CMakeFiles/app.dir/mnt/host/source/src/platform/ec/zephyr/subsys/ap_pwrseq/x86_non_dsx_common_pwrseq_host_command.c.obj
[fatcatrvp-ite:rw] [28/370] Building C object CMakeFiles/app.dir/mnt/host/source/src/platform/ec/zephyr/subsys/ap_pwrseq/x86_non_dsx_common_pwrseq_host_command.c.obj
[fatcatrvp-ite:ro] [25/370] Building C object CMakeFiles/app.dir/mnt/host/source/src/platform/ec/zephyr/subsys/ap_pwrseq/x86_non_dsx_mtl_pwrseq_sm.c.obj
[it8xxx2_evb:singleimage] [46/277] Building C object CMakeFiles/app.dir/mnt/host/source/src/platform/ec/build/zephyr/it8xxx2_evb/modules/ec/common/timer.c.obj
[it8xxx2_evb:singleimage] [47/277] Building C object CMakeFiles/app.dir/mnt/host/source/src/platform/ec/build/zephyr/it8xxx2_evb/modules/ec/common/shared_mem.c.obj
[adlrvp_npcx:rw] [26/394] Building C object zephyr/CMakeFiles/zephyr.dir/lib/utils/bitmask.c.obj
[pirrha:rw] [44/393] Building C object CMakeFiles/app.dir/mnt/host/source/src/platform/ec/build/zephyr/pirrha/modules/ec/common/motion_sense_fifo.c.obj
[it8xxx2_evb:singleimage] [48/277] Building C object CMakeFiles/app.dir/mnt/host/source/src/platform/ec/build/zephyr/it8xxx2_evb/modules/ec/common/chargen.c.obj
[pirrha:rw] [45/393] Building C object CMakeFiles/app.dir/mnt/host/source/src/platform/ec/build/zephyr/pirrha/modules/ec/common/adc.c.obj
[lapis:rw] [46/392] Building C object CMakeFiles/app.dir/mnt/host/source/src/platform/ec/build/zephyr/lapis/modules/ec/common/system_boot_time.c.obj
[lapis:rw] [47/392] Building C object CMakeFiles/app.dir/mnt/host/source/src/platform/ec/build/zephyr/lapis/modules/ec/common/system.c.obj
[it8xxx2_evb:singleimage] [49/277] Building C object CMakeFiles/app.dir/mnt/host/source/src/platform/ec/build/zephyr/it8xxx2_evb/modules/ec/common/vstore.c.obj
[it8xxx2_evb:singleimage] [50/277] Building C object CMakeFiles/app.dir/mnt/host/source/src/platform/ec/build/zephyr/it8xxx2_evb/modules/ec/common/math_util.c.obj
[fatcatrvp-ite:ro] [26/370] Building C object CMakeFiles/app.dir/mnt/host/source/src/platform/ec/zephyr/subsys/ap_pwrseq/ap_reset_log.c.obj
[it8xxx2_evb:singleimage] [51/277] Building C object zephyr/CMakeFiles/zephyr.dir/lib/libc/validate_libc.c.obj
[adlrvp_npcx:rw] [27/394] Building C object zephyr/CMakeFiles/zephyr.dir/lib/utils/getopt/getopt.c.obj
[fatcatrvp-ite:rw] [29/370] Building C object CMakeFiles/app.dir/mnt/host/source/src/platform/ec/zephyr/subsys/ap_pwrseq/x86_non_dsx_mtl_pwrseq_sm.c.obj
[it8xxx2_evb:singleimage] [52/277] Linking C static library app/libapp.a
[fatcatrvp-ite:ro] [27/370] Building C object CMakeFiles/app.dir/mnt/host/source/src/platform/ec/zephyr/subsys/pd_controller/pdc_pmc_debug.c.obj
[pirrha:rw] [46/393] Building C object CMakeFiles/app.dir/mnt/host/source/src/platform/ec/build/zephyr/pirrha/modules/ec/common/backlight_lid.c.obj
[pirrha:rw] [47/393] Building C object CMakeFiles/app.dir/mnt/host/source/src/platform/ec/build/zephyr/pirrha/modules/ec/common/acpi.c.obj
[lapis:rw] [48/392] Building C object CMakeFiles/app.dir/mnt/host/source/src/platform/ec/build/zephyr/lapis/modules/ec/common/uart_printf.c.obj
[lapis:rw] [49/392] Building C object CMakeFiles/app.dir/mnt/host/source/src/platform/ec/build/zephyr/lapis/modules/ec/common/util.c.obj
[it8xxx2_evb:singleimage] [53/277] Building C object zephyr/CMakeFiles/zephyr.dir/lib/os/cbprintf_packaged.c.obj
[it8xxx2_evb:singleimage] [54/277] Building C object zephyr/CMakeFiles/zephyr.dir/lib/heap/heap.c.obj
[it8xxx2_evb:singleimage] [55/277] Building C object zephyr/CMakeFiles/zephyr.dir/lib/os/clock.c.obj
[adlrvp_npcx:rw] [28/394] Building C object zephyr/CMakeFiles/zephyr.dir/lib/utils/getopt/getopt_common.c.obj
[fatcatrvp-ite:rw] [30/370] Building C object CMakeFiles/app.dir/mnt/host/source/src/platform/ec/zephyr/subsys/ap_pwrseq/ap_reset_log.c.obj
[adlrvp_npcx:rw] [29/394] Building C object zephyr/CMakeFiles/zephyr.dir/lib/utils/ring_buffer.c.obj
[fatcatrvp-ite:ro] [28/370] Building C object CMakeFiles/app.dir/mnt/host/source/src/platform/ec/zephyr/subsys/pd_controller/retimer_fw_update.c.obj
[adlrvp_npcx:rw] [30/394] Building C object zephyr/CMakeFiles/zephyr.dir/lib/utils/last_section_id.c.obj
[pirrha:rw] [48/393] Building C object CMakeFiles/app.dir/mnt/host/source/src/platform/ec/build/zephyr/pirrha/modules/ec/common/battery.c.obj
[pirrha:rw] [49/393] Building C object CMakeFiles/app.dir/mnt/host/source/src/platform/ec/build/zephyr/pirrha/modules/ec/common/battery_info.c.obj
[lapis:rw] [50/392] Building C object CMakeFiles/app.dir/mnt/host/source/src/platform/ec/build/zephyr/lapis/modules/ec/common/version.c.obj
[it8xxx2_evb:singleimage] [56/277] Building C object zephyr/CMakeFiles/zephyr.dir/lib/os/printk.c.obj
[lapis:rw] [51/392] Building C object CMakeFiles/app.dir/mnt/host/source/src/platform/ec/build/zephyr/lapis/modules/ec/common/power_button_x86.c.obj
[it8xxx2_evb:singleimage] [57/277] Building C object zephyr/CMakeFiles/zephyr.dir/lib/os/sem.c.obj
[it8xxx2_evb:singleimage] [58/277] Building C object zephyr/CMakeFiles/zephyr.dir/lib/os/thread_entry.c.obj
[adlrvp_npcx:rw] [31/394] Building C object zephyr/CMakeFiles/zephyr.dir/misc/generated/configs.c.obj
[/mnt/host/source/src/platform/ec/build/zephyr/pujjolo-lcov]   /mnt/host/source/src/platform/ec/build/zephyr/pujjolo/build-ro/zephyr/drivers/sensor/CMakeFiles/drivers__sensor.dir/mnt/host/source/src/third_party/zephyr/main/misc/empty_file.c.gcno:no functions found
[/mnt/host/source/src/platform/ec/build/zephyr/pujjolo-lcov] stderr:
[/mnt/host/source/src/platform/ec/build/zephyr/npcx9-lcov]   /mnt/host/source/src/platform/ec/build/zephyr/npcx9/build-rw/zephyr/CMakeFiles/zephyr.dir/subsys/shell/modules/kernel_service/kernel_shell.c.gcno:no functions found
[/mnt/host/source/src/platform/ec/build/zephyr/npcx9-lcov] stderr:
[it8xxx2_evb:singleimage] [59/277] Building C object zephyr/CMakeFiles/zephyr.dir/lib/os/cbprintf.c.obj
[fatcatrvp-ite:rw] [31/370] Building C object CMakeFiles/app.dir/mnt/host/source/src/platform/ec/zephyr/subsys/pd_controller/pdc_pmc_debug.c.obj
[it8xxx2_evb:singleimage] [60/277] Building C object zephyr/CMakeFiles/zephyr.dir/lib/os/cbprintf_nano.c.obj
[it8xxx2_evb:singleimage] [61/277] Building C object zephyr/CMakeFiles/zephyr.dir/lib/os/assert.c.obj
[/mnt/host/source/src/platform/ec/build/zephyr/pujjolo-lcov]   /mnt/host/source/src/platform/ec/build/zephyr/pujjolo/build-rw/modules/ec/zephyr/CMakeFiles/ec_shim.dir/shim/src/thermal.c.gcno:no functions found
[/mnt/host/source/src/platform/ec/build/zephyr/pujjolo-lcov] stderr:
[/mnt/host/source/src/platform/ec/build/zephyr/npcx9-lcov]   /mnt/host/source/src/platform/ec/build/zephyr/npcx9/build-rw/zephyr/CMakeFiles/zephyr.dir/lib/libc/validate_libc.c.gcno:no functions found
[/mnt/host/source/src/platform/ec/build/zephyr/npcx9-lcov] stderr:
[lapis:rw] [52/392] Building C object CMakeFiles/app.dir/mnt/host/source/src/platform/ec/build/zephyr/lapis/modules/ec/common/battery.c.obj
[it8xxx2_evb:singleimage] [62/277] Building C object zephyr/CMakeFiles/zephyr.dir/lib/utils/dec.c.obj
[lapis:rw] [53/392] Building C object CMakeFiles/app.dir/mnt/host/source/src/platform/ec/build/zephyr/lapis/modules/ec/common/acpi.c.obj
[pirrha:rw] [50/393] Building C object CMakeFiles/app.dir/mnt/host/source/src/platform/ec/build/zephyr/pirrha/modules/ec/common/battery_fuel_gauge.c.obj
[adlrvp_npcx:rw] [32/394] Building C object zephyr/CMakeFiles/zephyr.dir/soc/nuvoton/npcx/common/power.c.obj
[pirrha:rw] [51/393] Building C object CMakeFiles/app.dir/mnt/host/source/src/platform/ec/build/zephyr/pirrha/modules/ec/driver/battery/smart.c.obj
[it8xxx2_evb:singleimage] [63/277] Building C object zephyr/CMakeFiles/zephyr.dir/lib/utils/hex.c.obj
[fatcatrvp-ite:ro] [29/370] Building C object CMakeFiles/app.dir/mnt/host/source/src/platform/ec/zephyr/subsys/pd_controller/pdc_console.c.obj
[/mnt/host/source/src/platform/ec/build/zephyr/tanjiro-lcov]   /mnt/host/source/src/platform/ec/build/zephyr/tanjiro/build-ro/zephyr/CMakeFiles/zephyr.dir/subsys/shell/modules/kernel_service/kernel_shell.c.gcno:no functions found
[/mnt/host/source/src/platform/ec/build/zephyr/tanjiro-lcov] stderr:
[/mnt/host/source/src/platform/ec/build/zephyr/pujjolo-lcov]   /mnt/host/source/src/platform/ec/build/zephyr/pujjolo/build-rw/modules/ec/zephyr/CMakeFiles/ec_shim.dir/shim/src/battery.c.gcno:no functions found
[/mnt/host/source/src/platform/ec/build/zephyr/pujjolo-lcov] stderr:
[it8xxx2_evb:singleimage] [64/277] Building C object zephyr/CMakeFiles/zephyr.dir/lib/utils/timeutil.c.obj
[it8xxx2_evb:singleimage] [65/277] Building C object zephyr/CMakeFiles/zephyr.dir/lib/utils/rb.c.obj
[/mnt/host/source/src/platform/ec/build/zephyr/tanjiro-lcov]   /mnt/host/source/src/platform/ec/build/zephyr/tanjiro/build-ro/zephyr/CMakeFiles/zephyr.dir/lib/libc/validate_libc.c.gcno:no functions found
[/mnt/host/source/src/platform/ec/build/zephyr/tanjiro-lcov] stderr:
[fatcatrvp-ite:ro] [30/370] Building C object CMakeFiles/app.dir/mnt/host/source/src/platform/ec/zephyr/subsys/pd_controller/pdc_power_mgmt.c.obj
[it8xxx2_evb:singleimage] [66/277] Building C object zephyr/CMakeFiles/zephyr.dir/lib/utils/bitmask.c.obj
[it8xxx2_evb:singleimage] [67/277] Building C object zephyr/CMakeFiles/zephyr.dir/lib/utils/bitarray.c.obj
[lapis:rw] [54/392] Building C object CMakeFiles/app.dir/mnt/host/source/src/platform/ec/build/zephyr/lapis/modules/ec/common/battery_info.c.obj
[lapis:rw] [55/392] Building C object CMakeFiles/app.dir/mnt/host/source/src/platform/ec/build/zephyr/lapis/modules/ec/common/battery_fuel_gauge.c.obj
[adlrvp_npcx:rw] [33/394] Building C object zephyr/CMakeFiles/zephyr.dir/soc/nuvoton/npcx/common/scfg.c.obj
[pirrha:rw] [52/393] Building C object CMakeFiles/app.dir/mnt/host/source/src/platform/ec/build/zephyr/pirrha/modules/ec/driver/bc12/pi3usb9201.c.obj
[fatcatrvp-ite:rw] [32/370] Building C object CMakeFiles/app.dir/mnt/host/source/src/platform/ec/zephyr/subsys/pd_controller/retimer_fw_update.c.obj
[it8xxx2_evb:singleimage] [68/277] Building C object zephyr/CMakeFiles/zephyr.dir/lib/utils/getopt/getopt.c.obj
[pirrha:rw] [53/393] Building C object CMakeFiles/app.dir/mnt/host/source/src/platform/ec/build/zephyr/pirrha/modules/ec/driver/charger/isl923x.c.obj
[it8xxx2_evb:singleimage] [69/277] Building C object zephyr/CMakeFiles/zephyr.dir/lib/utils/ring_buffer.c.obj
[it8xxx2_evb:singleimage] [70/277] Building C object zephyr/CMakeFiles/zephyr.dir/lib/utils/last_section_id.c.obj
[fatcatrvp-ite:ro] [31/370] Building C object CMakeFiles/app.dir/mnt/host/source/src/platform/ec/zephyr/subsys/pd_controller/pdc_host_cmd.c.obj
[/mnt/host/source/src/platform/ec/build/zephyr/pujjolo-lcov]   /mnt/host/source/src/platform/ec/build/zephyr/pujjolo/build-rw/modules/ec/zephyr/CMakeFiles/ec_shim.dir/shim/src/charger.c.gcno:no functions found
[/mnt/host/source/src/platform/ec/build/zephyr/pujjolo-lcov] stderr:
[it8xxx2_evb:singleimage] [71/277] Building C object zephyr/CMakeFiles/zephyr.dir/lib/utils/getopt/getopt_common.c.obj
[it8xxx2_evb:singleimage] [72/277] Building C object zephyr/CMakeFiles/zephyr.dir/misc/generated/configs.c.obj
[/mnt/host/source/src/platform/ec/build/zephyr/ptlgcs-lcov]   /mnt/host/source/src/platform/ec/build/zephyr/ptlgcs/build-ro/zephyr/CMakeFiles/zephyr.dir/lib/utils/last_section_id.c.gcno:no functions found
[/mnt/host/source/src/platform/ec/build/zephyr/ptlgcs-lcov] stderr:
[fatcatrvp-ite:ro] [32/370] Building C object CMakeFiles/app.dir/mnt/host/source/src/platform/ec/zephyr/subsys/pd_controller/pdc_stub.c.obj
[/mnt/host/source/src/platform/ec/build/zephyr/npcx9-lcov]   /mnt/host/source/src/platform/ec/build/zephyr/npcx9/build-rw/zephyr/CMakeFiles/zephyr.dir/lib/utils/last_section_id.c.gcno:no functions found
[/mnt/host/source/src/platform/ec/build/zephyr/npcx9-lcov] stderr:
[it8xxx2_evb:singleimage] [73/277] Building ASM object zephyr/CMakeFiles/zephyr.dir/soc/ite/ec/common/soc_irq.S.obj
[adlrvp_npcx:rw] [34/394] Building C object zephyr/CMakeFiles/zephyr.dir/soc/nuvoton/npcx/common/npcxn/registers.c.obj
[lapis:rw] [56/392] Building C object CMakeFiles/app.dir/mnt/host/source/src/platform/ec/build/zephyr/lapis/modules/ec/driver/battery/smart.c.obj
[/mnt/host/source/src/platform/ec/build/zephyr/tanjiro-lcov]   /mnt/host/source/src/platform/ec/build/zephyr/tanjiro/build-ro/zephyr/CMakeFiles/zephyr.dir/lib/utils/last_section_id.c.gcno:no functions found
[/mnt/host/source/src/platform/ec/build/zephyr/tanjiro-lcov] stderr:
[lapis:rw] [57/392] Building C object CMakeFiles/app.dir/mnt/host/source/src/platform/ec/build/zephyr/lapis/modules/ec/driver/charger/isl9241.c.obj
[it8xxx2_evb:singleimage] [74/277] Building C object zephyr/CMakeFiles/zephyr.dir/soc/ite/ec/common/soc_common_irq.c.obj
[pirrha:rw] [54/393] Building C object CMakeFiles/app.dir/mnt/host/source/src/platform/ec/build/zephyr/pirrha/modules/ec/common/charger.c.obj
[it8xxx2_evb:singleimage] [75/277] Building C object zephyr/CMakeFiles/zephyr.dir/soc/ite/ec/common/power.c.obj
[it8xxx2_evb:singleimage] [76/277] Building C object zephyr/CMakeFiles/zephyr.dir/soc/ite/ec/common/policy.c.obj
[pirrha:rw] [55/393] Building C object CMakeFiles/app.dir/mnt/host/source/src/platform/ec/build/zephyr/pirrha/modules/ec/common/charge_state.c.obj
[fatcatrvp-ite:ro] [33/370] Building C object CMakeFiles/app.dir/mnt/host/source/src/platform/ec/zephyr/subsys/pd_controller/pdc_dpm.c.obj
[adlrvp_npcx:rw] [35/394] Building C object zephyr/CMakeFiles/zephyr.dir/soc/nuvoton/npcx/npcx9/soc.c.obj
[it8xxx2_evb:singleimage] [77/277] Building C object zephyr/CMakeFiles/zephyr.dir/soc/ite/ec/it8xxx2/soc.c.obj
[it8xxx2_evb:singleimage] [78/277] Building ASM object zephyr/CMakeFiles/zephyr.dir/soc/ite/ec/it8xxx2/vector.S.obj
[it8xxx2_evb:singleimage] [79/277] Building ASM object zephyr/CMakeFiles/zephyr.dir/soc/ite/ec/it8xxx2/__arithmetic.S.obj
[it8xxx2_evb:singleimage] [80/277] Building C object zephyr/CMakeFiles/zephyr.dir/soc/ite/ec/it8xxx2/check_regs.c.obj
[lapis:rw] [58/392] Building C object CMakeFiles/app.dir/mnt/host/source/src/platform/ec/build/zephyr/lapis/modules/ec/common/charger.c.obj
[fatcatrvp-ite:ro] [34/370] Building C object CMakeFiles/app.dir/mnt/host/source/src/platform/ec/zephyr/subsys/ucsi/ppm_common.c.obj
[lapis:rw] [59/392] Building C object CMakeFiles/app.dir/mnt/host/source/src/platform/ec/build/zephyr/lapis/modules/ec/common/charge_state.c.obj
[it8xxx2_evb:singleimage] [81/277] Building C object zephyr/CMakeFiles/zephyr.dir/soc/ite/ec/it8xxx2/ilm.c.obj
[pirrha:rw] [56/393] Building C object CMakeFiles/app.dir/mnt/host/source/src/platform/ec/build/zephyr/pirrha/modules/ec/common/charge_manager.c.obj
[it8xxx2_evb:singleimage] [82/277] Building C object zephyr/CMakeFiles/zephyr.dir/subsys/logging/log_minimal.c.obj
[adlrvp_npcx:rw] [36/394] Building C object zephyr/CMakeFiles/zephyr.dir/subsys/logging/log_minimal.c.obj
[/mnt/host/source/src/platform/ec/build/zephyr/pujjolo-lcov]   /mnt/host/source/src/platform/ec/build/zephyr/pujjolo/build-rw/modules/ec/zephyr/CMakeFiles/ec_shim.dir/shim/src/usba.c.gcno:no functions found
[/mnt/host/source/src/platform/ec/build/zephyr/pujjolo-lcov] stderr:
[pirrha:rw] [57/393] Building C object CMakeFiles/app.dir/mnt/host/source/src/platform/ec/build/zephyr/pirrha/modules/ec/common/ocpc.c.obj
[it8xxx2_evb:singleimage] [83/277] Building C object zephyr/CMakeFiles/zephyr.dir/subsys/pm/pm.c.obj
[fatcatrvp-ite:ro] [35/370] Building C object CMakeFiles/app.dir/mnt/host/source/src/platform/ec/zephyr/subsys/ucsi/ppm_console.c.obj
[fatcatrvp-ite:rw] [33/370] Building C object CMakeFiles/app.dir/mnt/host/source/src/platform/ec/zephyr/subsys/pd_controller/pdc_power_mgmt.c.obj
[it8xxx2_evb:singleimage] [84/277] Building C object zephyr/CMakeFiles/zephyr.dir/subsys/pm/state.c.obj
[lapis:rw] [60/392] Building C object CMakeFiles/app.dir/mnt/host/source/src/platform/ec/build/zephyr/lapis/modules/ec/common/cbi_common.c.obj
[lapis:rw] [61/392] Building C object CMakeFiles/app.dir/mnt/host/source/src/platform/ec/build/zephyr/lapis/modules/ec/common/charge_manager.c.obj
[fatcatrvp-ite:ro] [36/370] Building C object CMakeFiles/app.dir/mnt/host/source/src/platform/ec/zephyr/subsys/ucsi/ppm_driver.c.obj
[it8xxx2_evb:singleimage] [85/277] Building C object zephyr/CMakeFiles/zephyr.dir/subsys/pm/policy/policy_events.c.obj
[it8xxx2_evb:singleimage] [86/277] Building C object zephyr/CMakeFiles/zephyr.dir/subsys/pm/policy/policy_latency.c.obj
[pirrha:rw] [58/393] Building C object CMakeFiles/app.dir/mnt/host/source/src/platform/ec/build/zephyr/pirrha/modules/ec/common/cbi_common.c.obj
[adlrvp_npcx:rw] [37/394] Building C object zephyr/CMakeFiles/zephyr.dir/subsys/mem_mgmt/mem_attr.c.obj
[pirrha:rw] [59/393] Building C object CMakeFiles/app.dir/mnt/host/source/src/platform/ec/build/zephyr/pirrha/modules/ec/common/cbi.c.obj
[it8xxx2_evb:singleimage] [87/277] Building C object zephyr/CMakeFiles/zephyr.dir/subsys/pm/policy/policy_state_lock.c.obj
[lapis:rw] [62/392] Building C object CMakeFiles/app.dir/mnt/host/source/src/platform/ec/build/zephyr/lapis/modules/ec/common/cbi_config.c.obj
[fatcatrvp-ite:ro] [37/370] Building C object CMakeFiles/app.dir/mnt/host/source/src/platform/ec/zephyr/subsys/ucsi/ucsi_host_cmd.c.obj
[it8xxx2_evb:singleimage] [88/277] Building C object zephyr/CMakeFiles/zephyr.dir/subsys/pm/device.c.obj
[lapis:rw] [63/392] Building C object CMakeFiles/app.dir/mnt/host/source/src/platform/ec/build/zephyr/lapis/modules/ec/common/cbi.c.obj
[it8xxx2_evb:singleimage] [89/277] Building C object zephyr/CMakeFiles/zephyr.dir/subsys/pm/device_system_managed.c.obj
[/mnt/host/source/src/platform/ec/build/zephyr/pujjolo-lcov]   /mnt/host/source/src/platform/ec/build/zephyr/pujjolo/build-rw/modules/ec/zephyr/CMakeFiles/ec_shim.dir/drivers/keyboard_input/keyboard_customization_check.c.gcno:no functions found
[/mnt/host/source/src/platform/ec/build/zephyr/pujjolo-lcov] stderr:
[fatcatrvp-ite:ro] [38/370] Building C object CMakeFiles/app.dir/mnt/host/source/src/platform/ec/build/zephyr/fatcatrvp-ite/modules/ec/builtin/stdlib.c.obj
[pirrha:rw] [60/393] Building C object CMakeFiles/app.dir/mnt/host/source/src/platform/ec/build/zephyr/pirrha/modules/ec/common/cbi_config.c.obj
[fatcatrvp-ite:rw] [34/370] Building C object CMakeFiles/app.dir/mnt/host/source/src/platform/ec/zephyr/subsys/pd_controller/pdc_console.c.obj
[it8xxx2_evb:singleimage] [90/277] Building C object zephyr/CMakeFiles/zephyr.dir/subsys/testsuite/coverage/coverage.c.obj
[adlrvp_npcx:rw] [38/394] Building C object zephyr/CMakeFiles/zephyr.dir/subsys/pm/pm.c.obj
[it8xxx2_evb:singleimage] [91/277] Building C object zephyr/CMakeFiles/zephyr.dir/subsys/tracing/tracing_none.c.obj
[pirrha:rw] [61/393] Building C object CMakeFiles/app.dir/mnt/host/source/src/platform/ec/build/zephyr/pirrha/modules/ec/common/memory_commands.c.obj
[lapis:rw] [64/392] Building C object CMakeFiles/app.dir/mnt/host/source/src/platform/ec/build/zephyr/lapis/modules/ec/common/memory_commands.c.obj
[fatcatrvp-ite:ro] [39/370] Building C object CMakeFiles/app.dir/mnt/host/source/src/platform/ec/build/zephyr/fatcatrvp-ite/modules/ec/common/base32.c.obj
[it8xxx2_evb:singleimage] [92/277] Building C object zephyr/CMakeFiles/zephyr.dir/subsys/shell/modules/kernel_service/kernel_shell.c.obj
[lapis:rw] [65/392] Building C object CMakeFiles/app.dir/mnt/host/source/src/platform/ec/build/zephyr/lapis/modules/ec/common/dptf.c.obj
[it8xxx2_evb:singleimage] [93/277] Building C object zephyr/CMakeFiles/zephyr.dir/subsys/shell/modules/kernel_service/cycles.c.obj
[adlrvp_npcx:rw] [39/394] Building C object zephyr/CMakeFiles/zephyr.dir/subsys/pm/state.c.obj
[fatcatrvp-ite:ro] [40/370] Building C object CMakeFiles/app.dir/mnt/host/source/src/platform/ec/build/zephyr/fatcatrvp-ite/modules/ec/common/console_output.c.obj
[it8xxx2_evb:singleimage] [94/277] Building C object zephyr/CMakeFiles/zephyr.dir/subsys/shell/modules/kernel_service/sleep.c.obj
[fatcatrvp-ite:rw] [35/370] Building C object CMakeFiles/app.dir/mnt/host/source/src/platform/ec/zephyr/subsys/pd_controller/pdc_host_cmd.c.obj
[pirrha:rw] [62/393] Building C object CMakeFiles/app.dir/mnt/host/source/src/platform/ec/build/zephyr/pirrha/modules/ec/common/dptf.c.obj
[it8xxx2_evb:singleimage] [95/277] Building C object zephyr/CMakeFiles/zephyr.dir/subsys/shell/modules/kernel_service/uptime.c.obj
[pirrha:rw] [63/393] Building C object CMakeFiles/app.dir/mnt/host/source/src/platform/ec/build/zephyr/pirrha/modules/ec/common/ap_reset_log.c.obj
[lapis:rw] [66/392] Building C object CMakeFiles/app.dir/mnt/host/source/src/platform/ec/build/zephyr/lapis/modules/ec/common/ap_reset_log.c.obj
[lapis:rw] [67/392] Building C object CMakeFiles/app.dir/mnt/host/source/src/platform/ec/build/zephyr/lapis/modules/ec/common/espi.c.obj
[it8xxx2_evb:singleimage] [96/277] Building C object zephyr/CMakeFiles/zephyr.dir/subsys/shell/modules/kernel_service/version.c.obj
[fatcatrvp-ite:ro] [41/370] Building C object CMakeFiles/app.dir/mnt/host/source/src/platform/ec/build/zephyr/fatcatrvp-ite/modules/ec/common/ec_features.c.obj
[/mnt/host/source/src/platform/ec/build/zephyr/pujjolo-lcov]   /mnt/host/source/src/platform/ec/build/zephyr/pujjolo/build-rw/modules/ec/zephyr/drivers/pw_transport/CMakeFiles/pw_transport.proto.nanopb.dir/pw_transport.proto/nanopb/pw_transport/proto/transport.pb.c.gcno:no functions found
[/mnt/host/source/src/platform/ec/build/zephyr/pujjolo-lcov] stderr:
[adlrvp_npcx:rw] [40/394] Building C object zephyr/CMakeFiles/zephyr.dir/subsys/pm/policy/policy_events.c.obj
[it8xxx2_evb:singleimage] [97/277] Building C object zephyr/CMakeFiles/zephyr.dir/subsys/shell/modules/kernel_service/thread/thread.c.obj
[fatcatrvp-ite:ro] [42/370] Building C object CMakeFiles/app.dir/mnt/host/source/src/platform/ec/build/zephyr/fatcatrvp-ite/modules/ec/common/gpio_commands.c.obj
[/mnt/host/source/src/platform/ec/build/zephyr/ptlgcs-lcov]   /mnt/host/source/src/platform/ec/build/zephyr/ptlgcs/build-ro/zephyr/drivers/sensor/CMakeFiles/drivers__sensor.dir/mnt/host/source/src/third_party/zephyr/main/misc/empty_file.c.gcno:no functions found
[/mnt/host/source/src/platform/ec/build/zephyr/ptlgcs-lcov] stderr:
[it8xxx2_evb:singleimage] [98/277] Building C object zephyr/CMakeFiles/zephyr.dir/subsys/shell/modules/kernel_service/thread/list.c.obj
[pirrha:rw] [64/393] Building C object CMakeFiles/app.dir/mnt/host/source/src/platform/ec/build/zephyr/pirrha/modules/ec/common/extpower_common.c.obj
[fatcatrvp-ite:rw] [36/370] Building C object CMakeFiles/app.dir/mnt/host/source/src/platform/ec/zephyr/subsys/pd_controller/pdc_stub.c.obj
[pirrha:rw] [65/393] Building C object CMakeFiles/app.dir/mnt/host/source/src/platform/ec/build/zephyr/pirrha/modules/ec/common/espi.c.obj
[lapis:rw] [68/392] Building C object CMakeFiles/app.dir/mnt/host/source/src/platform/ec/build/zephyr/lapis/modules/ec/common/extpower_gpio.c.obj
[it8xxx2_evb:singleimage] [99/277] Building C object zephyr/CMakeFiles/zephyr.dir/subsys/shell/modules/kernel_service/thread/stacks.c.obj
[lapis:rw] [69/392] Building C object CMakeFiles/app.dir/mnt/host/source/src/platform/ec/build/zephyr/lapis/modules/ec/common/extpower_common.c.obj
[it8xxx2_evb:singleimage] [100/277] Building C object zephyr/CMakeFiles/zephyr.dir/subsys/shell/modules/kernel_service/thread/unwind.c.obj
[/mnt/host/source/src/platform/ec/build/zephyr/ptlgcs-lcov]   /mnt/host/source/src/platform/ec/build/zephyr/ptlgcs/build-rw/modules/ec/zephyr/CMakeFiles/ec_shim.dir/shim/src/thermal.c.gcno:no functions found
[/mnt/host/source/src/platform/ec/build/zephyr/ptlgcs-lcov] stderr:
[adlrvp_npcx:rw] [41/394] Building C object zephyr/CMakeFiles/zephyr.dir/subsys/pm/policy/policy_latency.c.obj
[fatcatrvp-ite:ro] [43/370] Building C object CMakeFiles/app.dir/mnt/host/source/src/platform/ec/build/zephyr/fatcatrvp-ite/modules/ec/common/peripheral.c.obj
[it8xxx2_evb:singleimage] [101/277] Building C object zephyr/CMakeFiles/zephyr.dir/subsys/shell/modules/kernel_service/thread/resume.c.obj
[it8xxx2_evb:singleimage] [102/277] Building C object zephyr/CMakeFiles/zephyr.dir/subsys/shell/modules/kernel_service/thread/suspend.c.obj
[/mnt/host/source/src/platform/ec/build/zephyr/ptlgcs-lcov]   /mnt/host/source/src/platform/ec/build/zephyr/ptlgcs/build-rw/modules/ec/zephyr/CMakeFiles/ec_shim.dir/shim/src/battery.c.gcno:no functions found
[/mnt/host/source/src/platform/ec/build/zephyr/ptlgcs-lcov] stderr:
[fatcatrvp-ite:ro] [44/370] Building C object CMakeFiles/app.dir/mnt/host/source/src/platform/ec/build/zephyr/fatcatrvp-ite/modules/ec/common/printf.c.obj
[lapis:rw] [70/392] Building C object CMakeFiles/app.dir/mnt/host/source/src/platform/ec/build/zephyr/lapis/modules/ec/common/fan.c.obj
[it8xxx2_evb:singleimage] [103/277] Building C object zephyr/CMakeFiles/zephyr.dir/subsys/shell/modules/kernel_service/thread/kill.c.obj
[lapis:rw] [71/392] Building C object CMakeFiles/app.dir/mnt/host/source/src/platform/ec/build/zephyr/lapis/modules/ec/common/flash.c.obj
[pirrha:rw] [66/393] Building C object CMakeFiles/app.dir/mnt/host/source/src/platform/ec/build/zephyr/pirrha/modules/ec/common/flash.c.obj
[pirrha:rw] [67/393] Building C object CMakeFiles/app.dir/mnt/host/source/src/platform/ec/build/zephyr/pirrha/modules/ec/common/host_command.c.obj
[adlrvp_npcx:rw] [42/394] Building C object zephyr/CMakeFiles/zephyr.dir/subsys/pm/policy/policy_state_lock.c.obj
[fatcatrvp-ite:rw] [37/370] Building C object CMakeFiles/app.dir/mnt/host/source/src/platform/ec/zephyr/subsys/pd_controller/pdc_dpm.c.obj
[fatcatrvp-ite:ro] [45/370] Building C object CMakeFiles/app.dir/mnt/host/source/src/platform/ec/build/zephyr/fatcatrvp-ite/modules/ec/common/queue.c.obj
[it8xxx2_evb:singleimage] [104/277] Building C object zephyr/CMakeFiles/zephyr.dir/subsys/shell/shell.c.obj
[it8xxx2_evb:singleimage] [105/277] Building C object zephyr/CMakeFiles/zephyr.dir/subsys/shell/backends/shell_uart.c.obj
[it8xxx2_evb:singleimage] [106/277] Building C object zephyr/CMakeFiles/zephyr.dir/subsys/shell/shell_fprintf.c.obj
[lapis:rw] [72/392] Building C object CMakeFiles/app.dir/mnt/host/source/src/platform/ec/build/zephyr/lapis/modules/ec/common/host_command.c.obj
[lapis:rw] [73/392] Building C object CMakeFiles/app.dir/mnt/host/source/src/platform/ec/build/zephyr/lapis/modules/ec/common/host_command_task.c.obj
[adlrvp_npcx:rw] [43/394] Building C object zephyr/CMakeFiles/zephyr.dir/subsys/pm/device.c.obj
[pirrha:rw] [68/393] Building C object CMakeFiles/app.dir/mnt/host/source/src/platform/ec/build/zephyr/pirrha/modules/ec/common/host_command_task.c.obj
[pirrha:rw] [69/393] Building C object CMakeFiles/app.dir/mnt/host/source/src/platform/ec/build/zephyr/pirrha/modules/ec/common/host_event_commands.c.obj
[it8xxx2_evb:singleimage] [107/277] Building C object zephyr/CMakeFiles/zephyr.dir/subsys/shell/shell_ops.c.obj
[it8xxx2_evb:singleimage] [108/277] Building C object zephyr/CMakeFiles/zephyr.dir/subsys/shell/shell_utils.c.obj
[fatcatrvp-ite:rw] [38/370] Building C object CMakeFiles/app.dir/mnt/host/source/src/platform/ec/zephyr/subsys/ucsi/ppm_common.c.obj
[it8xxx2_evb:singleimage] [109/277] Building C object zephyr/CMakeFiles/zephyr.dir/subsys/shell/shell_help.c.obj
[fatcatrvp-ite:ro] [46/370] Building C object CMakeFiles/app.dir/mnt/host/source/src/platform/ec/build/zephyr/fatcatrvp-ite/modules/ec/common/system.c.obj
[fatcatrvp-ite:ro] [47/370] Building C object CMakeFiles/app.dir/mnt/host/source/src/platform/ec/build/zephyr/fatcatrvp-ite/modules/ec/common/system_boot_time.c.obj
[lapis:rw] [74/392] Building C object CMakeFiles/app.dir/mnt/host/source/src/platform/ec/build/zephyr/lapis/modules/ec/common/host_event_commands.c.obj
[adlrvp_npcx:rw] [44/394] Building C object zephyr/CMakeFiles/zephyr.dir/subsys/pm/device_system_managed.c.obj
[lapis:rw] [75/392] Building C object CMakeFiles/app.dir/mnt/host/source/src/platform/ec/build/zephyr/lapis/modules/ec/common/uart_hostcmd.c.obj
[it8xxx2_evb:singleimage] [110/277] Building C object zephyr/CMakeFiles/zephyr.dir/subsys/shell/shell_history.c.obj
[it8xxx2_evb:singleimage] [111/277] Building C object zephyr/arch/common/CMakeFiles/arch__common.dir/sw_isr_common.c.obj
[pirrha:rw] [70/393] Building C object CMakeFiles/app.dir/mnt/host/source/src/platform/ec/build/zephyr/pirrha/modules/ec/common/uart_hostcmd.c.obj
[it8xxx2_evb:singleimage] [112/277] Building C object zephyr/CMakeFiles/zephyr.dir/drivers/flash/flash_util.c.obj
[pirrha:rw] [71/393] Building C object CMakeFiles/app.dir/mnt/host/source/src/platform/ec/build/zephyr/pirrha/modules/ec/common/uptime.c.obj
[it8xxx2_evb:singleimage] [113/277] Linking C static library zephyr/libzephyr.a
[fatcatrvp-ite:ro] [48/370] Building C object CMakeFiles/app.dir/mnt/host/source/src/platform/ec/build/zephyr/fatcatrvp-ite/modules/ec/common/uart_printf.c.obj
[it8xxx2_evb:singleimage] [114/277] Building C object zephyr/arch/common/CMakeFiles/arch__common.dir/dynamic_isr.c.obj
[it8xxx2_evb:singleimage] [115/277] Building C object zephyr/arch/common/CMakeFiles/arch__common.dir/init.c.obj
[fatcatrvp-ite:rw] [39/370] Building C object CMakeFiles/app.dir/mnt/host/source/src/platform/ec/zephyr/subsys/ucsi/ppm_console.c.obj
[fatcatrvp-ite:ro] [49/370] Building C object CMakeFiles/app.dir/mnt/host/source/src/platform/ec/build/zephyr/fatcatrvp-ite/modules/ec/common/util.c.obj
[lapis:rw] [76/392] Building C object CMakeFiles/app.dir/mnt/host/source/src/platform/ec/build/zephyr/lapis/modules/ec/common/uptime.c.obj
[adlrvp_npcx:rw] [45/394] Building C object zephyr/CMakeFiles/zephyr.dir/subsys/testsuite/coverage/coverage.c.obj
[/mnt/host/source/src/platform/ec/build/zephyr/ptlgcs-lcov]   /mnt/host/source/src/platform/ec/build/zephyr/ptlgcs/build-rw/modules/ec/zephyr/CMakeFiles/ec_shim.dir/shim/src/charger.c.gcno:no functions found
[/mnt/host/source/src/platform/ec/build/zephyr/ptlgcs-lcov] stderr:
[lapis:rw] [77/392] Building C object CMakeFiles/app.dir/mnt/host/source/src/platform/ec/build/zephyr/lapis/modules/ec/common/i2c_controller.c.obj
[it8xxx2_evb:singleimage] [116/277] Building C object zephyr/arch/common/CMakeFiles/arch__common.dir/xip.c.obj
[it8xxx2_evb:singleimage] [117/277] Building C object zephyr/arch/arch/riscv/core/CMakeFiles/arch__riscv__core.dir/cpu_idle.c.obj
[/mnt/host/source/src/platform/ec/build/zephyr/npcx9-lcov]   /mnt/host/source/src/platform/ec/build/zephyr/npcx9/build-rw/zephyr/CMakeFiles/zephyr.dir/soc/nuvoton/npcx/common/npcxn/registers.c.gcno:no functions found
[pirrha:rw] [72/393] Building C object CMakeFiles/app.dir/mnt/host/source/src/platform/ec/build/zephyr/pirrha/modules/ec/common/i2c_controller.c.obj
[/mnt/host/source/src/platform/ec/build/zephyr/npcx9-lcov] stderr:
[it8xxx2_evb:singleimage] [118/277] Building C object zephyr/arch/common/CMakeFiles/isr_tables.dir/isr_tables.c.obj
[it8xxx2_evb:singleimage] [119/277] Linking C static library zephyr/arch/common/libisr_tables.a
[pirrha:rw] [73/393] Building C object CMakeFiles/app.dir/mnt/host/source/src/platform/ec/build/zephyr/pirrha/modules/ec/common/i2c_passthru.c.obj
[fatcatrvp-ite:ro] [50/370] Building C object CMakeFiles/app.dir/mnt/host/source/src/platform/ec/build/zephyr/fatcatrvp-ite/modules/ec/common/version.c.obj
[it8xxx2_evb:singleimage] [120/277] Linking C static library zephyr/arch/common/libarch__common.a
[adlrvp_npcx:rw] [46/394] Building C object zephyr/CMakeFiles/zephyr.dir/subsys/tracing/tracing_none.c.obj
[lapis:rw] [78/392] Building C object CMakeFiles/app.dir/mnt/host/source/src/platform/ec/build/zephyr/lapis/modules/ec/common/i2c_passthru.c.obj
[/mnt/host/source/src/platform/ec/build/zephyr/npcx-aic-lcov]   /mnt/host/source/src/platform/ec/build/zephyr/npcx-aic/build-ro/zephyr/CMakeFiles/zephyr.dir/soc/nuvoton/npcx/common/npcxn/registers.c.gcno:no functions found
[/mnt/host/source/src/platform/ec/build/zephyr/npcx-aic-lcov] stderr:
[it8xxx2_evb:singleimage] [121/277] Building C object zephyr/arch/arch/riscv/core/CMakeFiles/arch__riscv__core.dir/fatal.c.obj
[it8xxx2_evb:singleimage] [122/277] Building C object zephyr/arch/arch/riscv/core/CMakeFiles/arch__riscv__core.dir/prep_c.c.obj
[it8xxx2_evb:singleimage] [123/277] Building C object zephyr/arch/arch/riscv/core/CMakeFiles/arch__riscv__core.dir/irq_manage.c.obj
[lapis:rw] [79/392] Building C object CMakeFiles/app.dir/mnt/host/source/src/platform/ec/build/zephyr/lapis/modules/ec/common/keyboard_8042.c.obj
[fatcatrvp-ite:rw] [40/370] Building C object CMakeFiles/app.dir/mnt/host/source/src/platform/ec/zephyr/subsys/ucsi/ppm_driver.c.obj
[/mnt/host/source/src/platform/ec/build/zephyr/npcx-aic-lcov]   /mnt/host/source/src/platform/ec/build/zephyr/npcx-aic/build-rw/CMakeFiles/app.dir/mnt/host/source/src/platform/ec/build/zephyr/npcx-aic/modules/ec/common/cbi_config.c.gcno:no functions found
[/mnt/host/source/src/platform/ec/build/zephyr/npcx-aic-lcov] stderr:
[fatcatrvp-ite:ro] [51/370] Building C object CMakeFiles/app.dir/mnt/host/source/src/platform/ec/build/zephyr/fatcatrvp-ite/modules/ec/common/power_button_x86.c.obj
[it8xxx2_evb:singleimage] [124/277] Building C object zephyr/arch/arch/riscv/core/CMakeFiles/arch__riscv__core.dir/reboot.c.obj
[pirrha:rw] [74/393] Building C object CMakeFiles/app.dir/mnt/host/source/src/platform/ec/build/zephyr/pirrha/modules/ec/common/keyboard_scan.c.obj
[adlrvp_npcx:rw] [47/394] Building C object zephyr/CMakeFiles/zephyr.dir/subsys/shell/modules/kernel_service/kernel_shell.c.obj
[it8xxx2_evb:singleimage] [125/277] Building ASM object zephyr/arch/arch/riscv/core/CMakeFiles/arch__riscv__core.dir/reset.S.obj
[lapis:rw] [80/392] Building C object CMakeFiles/app.dir/mnt/host/source/src/platform/ec/build/zephyr/lapis/modules/ec/common/keyboard_8042_sharedlib.c.obj
[/mnt/host/source/src/platform/ec/build/zephyr/tanjiro-lcov]   /mnt/host/source/src/platform/ec/build/zephyr/tanjiro/build-ro/zephyr/CMakeFiles/zephyr.dir/soc/ite/ec/it8xxx2/check_regs.c.gcno:no functions found
[/mnt/host/source/src/platform/ec/build/zephyr/tanjiro-lcov] stderr:
[pirrha:rw] [75/393] Building C object CMakeFiles/app.dir/mnt/host/source/src/platform/ec/build/zephyr/pirrha/modules/ec/common/keyboard_8042.c.obj
[fatcatrvp-ite:ro] [52/370] Building C object CMakeFiles/app.dir/mnt/host/source/src/platform/ec/build/zephyr/fatcatrvp-ite/modules/ec/common/adc.c.obj
[it8xxx2_evb:singleimage] [126/277] Building ASM object zephyr/arch/arch/riscv/core/CMakeFiles/arch__riscv__core.dir/switch.S.obj
[lapis:rw] [81/392] Building C object CMakeFiles/app.dir/mnt/host/source/src/platform/ec/build/zephyr/lapis/modules/ec/common/keyboard_8042_fn.c.obj
[it8xxx2_evb:singleimage] [127/277] Building C object zephyr/arch/arch/riscv/core/CMakeFiles/arch__riscv__core.dir/thread.c.obj
[it8xxx2_evb:singleimage] [128/277] Generating ../../../include/generated/libc/minimal/strerror_table.h
[fatcatrvp-ite:rw] [41/370] Building C object CMakeFiles/app.dir/mnt/host/source/src/platform/ec/zephyr/subsys/ucsi/ucsi_host_cmd.c.obj
[fatcatrvp-ite:ro] [53/370] Building C object CMakeFiles/app.dir/mnt/host/source/src/platform/ec/build/zephyr/fatcatrvp-ite/modules/ec/common/acpi.c.obj
[it8xxx2_evb:singleimage] [129/277] Building ASM object zephyr/arch/arch/riscv/core/CMakeFiles/arch__riscv__core.dir/isr.S.obj
[it8xxx2_evb:singleimage] [130/277] Building C object zephyr/lib/libc/minimal/CMakeFiles/lib__libc__minimal.dir/source/stdlib/atoi.c.obj
[lapis:rw] [82/392] Building C object CMakeFiles/app.dir/mnt/host/source/src/platform/ec/build/zephyr/lapis/modules/ec/common/mkbp_fifo.c.obj
[pirrha:rw] [76/393] Building C object CMakeFiles/app.dir/mnt/host/source/src/platform/ec/build/zephyr/pirrha/modules/ec/common/keyboard_8042_sharedlib.c.obj
[it8xxx2_evb:singleimage] [131/277] Building C object zephyr/arch/arch/riscv/core/CMakeFiles/arch__riscv__core.dir/stacktrace.c.obj
[adlrvp_npcx:rw] [48/394] Building C object zephyr/CMakeFiles/zephyr.dir/subsys/shell/modules/kernel_service/cycles.c.obj
[it8xxx2_evb:singleimage] [132/277] Building C object zephyr/lib/libc/minimal/CMakeFiles/lib__libc__minimal.dir/source/stdlib/strtol.c.obj
[it8xxx2_evb:singleimage] [133/277] Linking C static library zephyr/arch/arch/riscv/core/libarch__riscv__core.a
[it8xxx2_evb:singleimage] [134/277] Building C object zephyr/lib/libc/minimal/CMakeFiles/lib__libc__minimal.dir/source/stdlib/strtoul.c.obj
[lapis:rw] [83/392] Building C object CMakeFiles/app.dir/mnt/host/source/src/platform/ec/build/zephyr/lapis/modules/ec/common/mkbp_info.c.obj
[pirrha:rw] [77/393] Building C object CMakeFiles/app.dir/mnt/host/source/src/platform/ec/build/zephyr/pirrha/modules/ec/common/mkbp_fifo.c.obj
[/mnt/host/source/src/platform/ec/build/zephyr/npcx-aic-lcov]   /mnt/host/source/src/platform/ec/build/zephyr/npcx-aic/build-rw/zephyr/arch/arch/arm/core/mpu/CMakeFiles/arch__arm__core__mpu.dir/arm_mpu_regions.c.gcno:no functions found
[/mnt/host/source/src/platform/ec/build/zephyr/npcx-aic-lcov] stderr:
[it8xxx2_evb:singleimage] [135/277] Building C object zephyr/lib/libc/minimal/CMakeFiles/lib__libc__minimal.dir/source/stdlib/strtoll.c.obj
[it8xxx2_evb:singleimage] [136/277] Building C object zephyr/lib/libc/minimal/CMakeFiles/lib__libc__minimal.dir/source/stdlib/strtoull.c.obj
[it8xxx2_evb:singleimage] [137/277] Building C object zephyr/lib/libc/minimal/CMakeFiles/lib__libc__minimal.dir/source/stdlib/bsearch.c.obj
[fatcatrvp-ite:ro] [54/370] Building C object CMakeFiles/app.dir/mnt/host/source/src/platform/ec/build/zephyr/fatcatrvp-ite/modules/ec/common/battery.c.obj
[it8xxx2_evb:singleimage] [138/277] Building C object zephyr/lib/libc/minimal/CMakeFiles/lib__libc__minimal.dir/source/stdlib/qsort.c.obj
[it8xxx2_evb:singleimage] [139/277] Building C object zephyr/lib/libc/minimal/CMakeFiles/lib__libc__minimal.dir/source/string/strerror.c.obj
[it8xxx2_evb:singleimage] [140/277] Building C object zephyr/lib/libc/minimal/CMakeFiles/lib__libc__minimal.dir/source/string/strncasecmp.c.obj
[fatcatrvp-ite:rw] [42/370] Building C object CMakeFiles/app.dir/mnt/host/source/src/platform/ec/build/zephyr/fatcatrvp-ite/modules/ec/builtin/stdlib.c.obj
[fatcatrvp-ite:ro] [55/370] Building C object CMakeFiles/app.dir/mnt/host/source/src/platform/ec/build/zephyr/fatcatrvp-ite/modules/ec/common/battery_info.c.obj
[adlrvp_npcx:rw] [49/394] Building C object zephyr/CMakeFiles/zephyr.dir/subsys/shell/modules/kernel_service/sleep.c.obj
[it8xxx2_evb:singleimage] [141/277] Building C object zephyr/lib/libc/minimal/CMakeFiles/lib__libc__minimal.dir/source/string/strstr.c.obj
[it8xxx2_evb:singleimage] [142/277] Building C object zephyr/lib/libc/minimal/CMakeFiles/lib__libc__minimal.dir/source/stdlib/exit.c.obj
[lapis:rw] [84/392] Building C object CMakeFiles/app.dir/mnt/host/source/src/platform/ec/build/zephyr/lapis/modules/ec/common/mkbp_input_devices.c.obj
[it8xxx2_evb:singleimage] [143/277] Building C object zephyr/lib/libc/minimal/CMakeFiles/lib__libc__minimal.dir/source/string/string.c.obj
[pirrha:rw] [78/393] Building C object CMakeFiles/app.dir/mnt/host/source/src/platform/ec/build/zephyr/pirrha/modules/ec/common/mkbp_info.c.obj
[it8xxx2_evb:singleimage] [144/277] Building C object zephyr/lib/libc/minimal/CMakeFiles/lib__libc__minimal.dir/source/string/strspn.c.obj
[lapis:rw] [85/392] Building C object CMakeFiles/app.dir/mnt/host/source/src/platform/ec/build/zephyr/lapis/modules/ec/common/keyboard_backlight.c.obj
[pirrha:rw] [79/393] Building C object CMakeFiles/app.dir/mnt/host/source/src/platform/ec/build/zephyr/pirrha/modules/ec/common/mkbp_input_devices.c.obj
[/mnt/host/source/src/platform/ec/build/zephyr/npcx-aic-lcov]   /mnt/host/source/src/platform/ec/build/zephyr/npcx-aic/build-rw/zephyr/arch/common/CMakeFiles/isr_tables.dir/isr_tables.c.gcno:no functions found
[/mnt/host/source/src/platform/ec/build/zephyr/npcx-aic-lcov] stderr:
[fatcatrvp-ite:ro] [56/370] Building C object CMakeFiles/app.dir/mnt/host/source/src/platform/ec/build/zephyr/fatcatrvp-ite/modules/ec/common/battery_fuel_gauge.c.obj
[it8xxx2_evb:singleimage] [145/277] Building C object zephyr/lib/libc/minimal/CMakeFiles/lib__libc__minimal.dir/source/stdout/sprintf.c.obj
[fatcatrvp-ite:rw] [43/370] Building C object CMakeFiles/app.dir/mnt/host/source/src/platform/ec/build/zephyr/fatcatrvp-ite/modules/ec/common/base32.c.obj
[it8xxx2_evb:singleimage] [146/277] Building C object zephyr/lib/libc/minimal/CMakeFiles/lib__libc__minimal.dir/source/stdout/stdout_console.c.obj
[adlrvp_npcx:rw] [50/394] Building C object zephyr/CMakeFiles/zephyr.dir/subsys/shell/modules/kernel_service/uptime.c.obj
[lapis:rw] [86/392] Building C object CMakeFiles/app.dir/mnt/host/source/src/platform/ec/build/zephyr/lapis/modules/ec/common/led_common.c.obj
[it8xxx2_evb:singleimage] [147/277] Building C object zephyr/lib/libc/minimal/CMakeFiles/lib__libc__minimal.dir/source/stdout/fprintf.c.obj
[it8xxx2_evb:singleimage] [148/277] Building C object zephyr/lib/libc/minimal/CMakeFiles/lib__libc__minimal.dir/source/math/sqrtf.c.obj
[fatcatrvp-ite:ro] [57/370] Building C object CMakeFiles/app.dir/mnt/host/source/src/platform/ec/build/zephyr/fatcatrvp-ite/modules/ec/driver/battery/smart.c.obj
[lapis:rw] [87/392] Building C object CMakeFiles/app.dir/mnt/host/source/src/platform/ec/build/zephyr/lapis/modules/ec/common/lid_switch.c.obj
[pirrha:rw] [80/393] Building C object CMakeFiles/app.dir/mnt/host/source/src/platform/ec/build/zephyr/pirrha/modules/ec/common/led_common.c.obj
[it8xxx2_evb:singleimage] [149/277] Building C object zephyr/lib/libc/minimal/CMakeFiles/lib__libc__minimal.dir/source/math/sqrt.c.obj
[/mnt/host/source/src/platform/ec/build/zephyr/tanjiro-lcov]   /mnt/host/source/src/platform/ec/build/zephyr/tanjiro/build-ro/zephyr/drivers/syscon/CMakeFiles/drivers__syscon.dir/mnt/host/source/src/third_party/zephyr/main/misc/empty_file.c.gcno:no functions found
[/mnt/host/source/src/platform/ec/build/zephyr/tanjiro-lcov] stderr:
[pirrha:rw] [81/393] Building C object CMakeFiles/app.dir/mnt/host/source/src/platform/ec/build/zephyr/pirrha/modules/ec/common/led_onoff_states.c.obj
[it8xxx2_evb:singleimage] [150/277] Building C object zephyr/lib/libc/common/CMakeFiles/lib__libc__common.dir/source/time/asctime.c.obj
[it8xxx2_evb:singleimage] [151/277] Building C object zephyr/lib/libc/minimal/CMakeFiles/lib__libc__minimal.dir/source/time/gmtime.c.obj
[it8xxx2_evb:singleimage] [152/277] Linking C static library zephyr/lib/libc/minimal/liblib__libc__minimal.a
[it8xxx2_evb:singleimage] [153/277] Building C object zephyr/lib/libc/common/CMakeFiles/lib__libc__common.dir/source/time/gmtime_r.c.obj
[adlrvp_npcx:rw] [51/394] Building C object zephyr/CMakeFiles/zephyr.dir/subsys/shell/modules/kernel_service/version.c.obj
[it8xxx2_evb:singleimage] [154/277] Building C object zephyr/lib/libc/common/CMakeFiles/lib__libc__common.dir/source/stdlib/abort.c.obj
[fatcatrvp-ite:ro] [58/370] Building C object CMakeFiles/app.dir/mnt/host/source/src/platform/ec/build/zephyr/fatcatrvp-ite/modules/ec/driver/charger/isl9241.c.obj
[lapis:rw] [88/392] Building C object CMakeFiles/app.dir/mnt/host/source/src/platform/ec/build/zephyr/lapis/modules/ec/common/mkbp_event.c.obj
[it8xxx2_evb:singleimage] [155/277] Building C object zephyr/lib/libc/common/CMakeFiles/lib__libc__common.dir/source/time/localtime_r_utc.c.obj
[fatcatrvp-ite:rw] [44/370] Building C object CMakeFiles/app.dir/mnt/host/source/src/platform/ec/build/zephyr/fatcatrvp-ite/modules/ec/common/console_output.c.obj
[lapis:rw] [89/392] Building C object CMakeFiles/app.dir/mnt/host/source/src/platform/ec/build/zephyr/lapis/modules/ec/common/port80.c.obj
[/mnt/host/source/src/platform/ec/build/zephyr/tanjiro-lcov]   /mnt/host/source/src/platform/ec/build/zephyr/tanjiro/build-rw/modules/ec/zephyr/CMakeFiles/ec_shim.dir/shim/src/power.c.gcno:no functions found
[/mnt/host/source/src/platform/ec/build/zephyr/tanjiro-lcov] stderr:
[it8xxx2_evb:singleimage] [156/277] Building C object zephyr/lib/libc/common/CMakeFiles/lib__libc__common.dir/source/time/ctime.c.obj
[it8xxx2_evb:singleimage] [157/277] Building C object zephyr/lib/libc/common/CMakeFiles/lib__libc__common.dir/source/time/time.c.obj
[pirrha:rw] [82/393] Building C object CMakeFiles/app.dir/mnt/host/source/src/platform/ec/build/zephyr/pirrha/modules/ec/common/motion_lid.c.obj
[fatcatrvp-ite:ro] [59/370] Building C object CMakeFiles/app.dir/mnt/host/source/src/platform/ec/build/zephyr/fatcatrvp-ite/modules/ec/common/charger.c.obj
[pirrha:rw] [83/393] Building C object CMakeFiles/app.dir/mnt/host/source/src/platform/ec/build/zephyr/pirrha/modules/ec/common/lid_angle.c.obj
[it8xxx2_evb:singleimage] [158/277] Building C object zephyr/lib/posix/c_lib_ext/CMakeFiles/lib__posix__c_lib_ext.dir/fnmatch.c.obj
[it8xxx2_evb:singleimage] [159/277] Building C object zephyr/lib/libc/common/CMakeFiles/lib__libc__common.dir/source/string/strnlen.c.obj
[/mnt/host/source/src/platform/ec/build/zephyr/tanjiro-lcov]   /mnt/host/source/src/platform/ec/build/zephyr/tanjiro/build-rw/modules/ec/zephyr/CMakeFiles/ec_shim.dir/shim/src/battery.c.gcno:no functions found
[/mnt/host/source/src/platform/ec/build/zephyr/tanjiro-lcov] stderr:
[adlrvp_npcx:rw] [52/394] Building C object zephyr/CMakeFiles/zephyr.dir/subsys/shell/modules/kernel_service/thread/thread.c.obj
[it8xxx2_evb:singleimage] [160/277] Building C object zephyr/lib/libc/common/CMakeFiles/lib__libc__common.dir/source/stdlib/malloc.c.obj
[lapis:rw] [90/392] Building C object CMakeFiles/app.dir/mnt/host/source/src/platform/ec/build/zephyr/lapis/modules/ec/common/power_button.c.obj
[it8xxx2_evb:singleimage] [161/277] Linking C static library zephyr/lib/libc/common/liblib__libc__common.a
[lapis:rw] [91/392] Building C object CMakeFiles/app.dir/mnt/host/source/src/platform/ec/build/zephyr/lapis/modules/ec/power/hibernate.c.obj
[it8xxx2_evb:singleimage] [162/277] Building C object zephyr/lib/posix/c_lib_ext/CMakeFiles/lib__posix__c_lib_ext.dir/getentropy.c.obj
[/mnt/host/source/src/platform/ec/build/zephyr/npcx9-lcov]   /mnt/host/source/src/platform/ec/build/zephyr/npcx9/build-rw/zephyr/drivers/sensor/CMakeFiles/drivers__sensor.dir/mnt/host/source/src/third_party/zephyr/main/misc/empty_file.c.gcno:no functions found
[/mnt/host/source/src/platform/ec/build/zephyr/npcx9-lcov] Filter suppressions 'region':
[it8xxx2_evb:singleimage] [163/277] Building C object zephyr/subsys/crc/CMakeFiles/subsys__crc.dir/crc4_sw.c.obj
[/mnt/host/source/src/platform/ec/build/zephyr/npcx9-lcov]     21 instances
[/mnt/host/source/src/platform/ec/build/zephyr/npcx9-lcov]     12 coverpoints
[/mnt/host/source/src/platform/ec/build/zephyr/npcx9-lcov] Message summary:
[/mnt/host/source/src/platform/ec/build/zephyr/npcx9-lcov]   19 ignore messages:
[/mnt/host/source/src/platform/ec/build/zephyr/npcx9-lcov]     gcov: 19
[fatcatrvp-ite:rw] [45/370] Building C object CMakeFiles/app.dir/mnt/host/source/src/platform/ec/build/zephyr/fatcatrvp-ite/modules/ec/common/ec_features.c.obj
[it8xxx2_evb:singleimage] [164/277] Building C object zephyr/lib/posix/c_lib_ext/CMakeFiles/lib__posix__c_lib_ext.dir/getopt_shim.c.obj
[it8xxx2_evb:singleimage] [165/277] Building C object zephyr/subsys/crc/CMakeFiles/subsys__crc.dir/crc8_sw.c.obj
[it8xxx2_evb:singleimage] [166/277] Building C object zephyr/subsys/crc/CMakeFiles/subsys__crc.dir/crc16_sw.c.obj
[it8xxx2_evb:singleimage] [167/277] Linking C static library zephyr/lib/posix/c_lib_ext/liblib__posix__c_lib_ext.a
[it8xxx2_evb:singleimage] [168/277] Building C object zephyr/subsys/crc/CMakeFiles/subsys__crc.dir/crc24_sw.c.obj
[it8xxx2_evb:singleimage] [169/277] Building C object zephyr/subsys/crc/CMakeFiles/subsys__crc.dir/crc7_sw.c.obj
[pirrha:rw] [84/393] Building C object CMakeFiles/app.dir/mnt/host/source/src/platform/ec/build/zephyr/pirrha/modules/ec/common/lid_angle_keyboard_policy.c.obj
[it8xxx2_evb:singleimage] [170/277] Building C object zephyr/subsys/crc/CMakeFiles/subsys__crc.dir/crc32c_sw.c.obj
[fatcatrvp-ite:ro] [60/370] Building C object CMakeFiles/app.dir/mnt/host/source/src/platform/ec/build/zephyr/fatcatrvp-ite/modules/ec/common/charge_state.c.obj
[pirrha:rw] [85/393] Building C object CMakeFiles/app.dir/mnt/host/source/src/platform/ec/build/zephyr/pirrha/modules/ec/common/lid_switch.c.obj
[it8xxx2_evb:singleimage] [171/277] Building C object zephyr/subsys/crc/CMakeFiles/subsys__crc.dir/crc32k_4_2_sw.c.obj
[it8xxx2_evb:singleimage] [172/277] Building C object zephyr/subsys/crc/CMakeFiles/subsys__crc.dir/crc32_sw.c.obj
[/mnt/host/source/src/platform/ec/build/zephyr/pujjolo-lcov]   /mnt/host/source/src/platform/ec/build/zephyr/pujjolo/build-rw/modules/ec/zephyr/drivers/dsp_comms/CMakeFiles/dsp_comms.proto.nanopb.dir/dsp_comms.proto/nanopb/proto/ec_dsp.pb.c.gcno:no functions found
[/mnt/host/source/src/platform/ec/build/zephyr/pujjolo-lcov] stderr:
[adlrvp_npcx:rw] [53/394] Building C object zephyr/CMakeFiles/zephyr.dir/subsys/shell/modules/kernel_service/thread/list.c.obj
[it8xxx2_evb:singleimage] [173/277] Linking C static library zephyr/subsys/crc/libsubsys__crc.a
[lapis:rw] [92/392] Building C object CMakeFiles/app.dir/mnt/host/source/src/platform/ec/build/zephyr/lapis/modules/ec/common/shared_mem.c.obj
[lapis:rw] [93/392] Building C object CMakeFiles/app.dir/mnt/host/source/src/platform/ec/build/zephyr/lapis/modules/ec/common/panic_output.c.obj
[fatcatrvp-ite:ro] [61/370] Building C object CMakeFiles/app.dir/mnt/host/source/src/platform/ec/build/zephyr/fatcatrvp-ite/modules/ec/common/charge_manager.c.obj
[adlrvp_npcx:rw] [54/394] Building C object zephyr/CMakeFiles/zephyr.dir/subsys/shell/modules/kernel_service/thread/stacks.c.obj
[it8xxx2_evb:singleimage] [174/277] Building C object zephyr/drivers/interrupt_controller/CMakeFiles/drivers__interrupt_controller.dir/intc_ite_it8xxx2.c.obj
[it8xxx2_evb:singleimage] [175/277] Building C object zephyr/drivers/interrupt_controller/CMakeFiles/drivers__interrupt_controller.dir/wuc_ite_it8xxx2.c.obj
[fatcatrvp-ite:rw] [46/370] Building C object CMakeFiles/app.dir/mnt/host/source/src/platform/ec/build/zephyr/fatcatrvp-ite/modules/ec/common/gpio_commands.c.obj
[pirrha:rw] [86/393] Building C object CMakeFiles/app.dir/mnt/host/source/src/platform/ec/build/zephyr/pirrha/modules/ec/common/mkbp_event.c.obj
[it8xxx2_evb:singleimage] [176/277] Linking C static library zephyr/drivers/interrupt_controller/libdrivers__interrupt_controller.a
[it8xxx2_evb:singleimage] [177/277] Building C object zephyr/drivers/adc/CMakeFiles/drivers__adc.dir/adc_common.c.obj
[adlrvp_npcx:rw] [55/394] Building C object zephyr/CMakeFiles/zephyr.dir/subsys/shell/modules/kernel_service/thread/suspend.c.obj
[fatcatrvp-ite:ro] [62/370] Building C object CMakeFiles/app.dir/mnt/host/source/src/platform/ec/build/zephyr/fatcatrvp-ite/modules/ec/common/cbi_common.c.obj
[lapis:rw] [94/392] Building C object CMakeFiles/app.dir/mnt/host/source/src/platform/ec/build/zephyr/lapis/modules/ec/common/switch.c.obj
[pirrha:rw] [87/393] Building C object CMakeFiles/app.dir/mnt/host/source/src/platform/ec/build/zephyr/pirrha/modules/ec/common/motion_sense.c.obj
[lapis:rw] [95/392] Building C object CMakeFiles/app.dir/mnt/host/source/src/platform/ec/build/zephyr/lapis/modules/ec/common/spi_flash_reg.c.obj
[/mnt/host/source/src/platform/ec/build/zephyr/npcx-aic-lcov]   /mnt/host/source/src/platform/ec/build/zephyr/npcx-aic/build-rw/zephyr/CMakeFiles/zephyr.dir/subsys/shell/modules/kernel_service/kernel_shell.c.gcno:no functions found
[/mnt/host/source/src/platform/ec/build/zephyr/npcx-aic-lcov] stderr:
[it8xxx2_evb:singleimage] [178/277] Building C object zephyr/drivers/console/CMakeFiles/drivers__console.dir/uart_console.c.obj
[/mnt/host/source/src/platform/ec/build/zephyr/npcx-aic-lcov]   /mnt/host/source/src/platform/ec/build/zephyr/npcx-aic/build-rw/zephyr/CMakeFiles/zephyr.dir/lib/libc/validate_libc.c.gcno:no functions found
[/mnt/host/source/src/platform/ec/build/zephyr/npcx-aic-lcov] stderr:
[it8xxx2_evb:singleimage] [179/277] Building C object zephyr/drivers/bbram/CMakeFiles/drivers__bbram.dir/bbram_it8xxx2.c.obj
[it8xxx2_evb:singleimage] [180/277] Building C object zephyr/drivers/adc/CMakeFiles/drivers__adc.dir/adc_ite_it8xxx2.c.obj
[adlrvp_npcx:rw] [56/394] Building C object zephyr/CMakeFiles/zephyr.dir/subsys/shell/modules/kernel_service/thread/resume.c.obj
[it8xxx2_evb:singleimage] [181/277] Linking C static library zephyr/drivers/console/libdrivers__console.a
[fatcatrvp-ite:ro] [63/370] Building C object CMakeFiles/app.dir/mnt/host/source/src/platform/ec/build/zephyr/fatcatrvp-ite/modules/ec/common/cbi.c.obj
[it8xxx2_evb:singleimage] [182/277] Linking C static library zephyr/drivers/bbram/libdrivers__bbram.a
[it8xxx2_evb:singleimage] [183/277] Linking C static library zephyr/drivers/adc/libdrivers__adc.a
[pirrha:rw] [88/393] Building C object CMakeFiles/app.dir/mnt/host/source/src/platform/ec/build/zephyr/pirrha/modules/ec/common/port80.c.obj
[fatcatrvp-ite:rw] [47/370] Building C object CMakeFiles/app.dir/mnt/host/source/src/platform/ec/build/zephyr/fatcatrvp-ite/modules/ec/common/peripheral.c.obj
[fatcatrvp-ite:ro] [64/370] Building C object CMakeFiles/app.dir/mnt/host/source/src/platform/ec/build/zephyr/fatcatrvp-ite/modules/ec/common/cbi_config.c.obj
[adlrvp_npcx:rw] [57/394] Building C object zephyr/CMakeFiles/zephyr.dir/subsys/shell/modules/kernel_service/thread/kill.c.obj
[lapis:rw] [96/392] Building C object CMakeFiles/app.dir/mnt/host/source/src/platform/ec/build/zephyr/lapis/modules/ec/common/thermal.c.obj
[pirrha:rw] [89/393] Building C object CMakeFiles/app.dir/mnt/host/source/src/platform/ec/build/zephyr/pirrha/modules/ec/common/power_button.c.obj
[lapis:rw] [97/392] Building C object CMakeFiles/app.dir/mnt/host/source/src/platform/ec/build/zephyr/lapis/modules/ec/common/temp_sensor.c.obj
[it8xxx2_evb:singleimage] [184/277] Building C object zephyr/drivers/flash/CMakeFiles/drivers__flash.dir/flash_ite_it8xxx2.c.obj
[it8xxx2_evb:singleimage] [185/277] Building C object zephyr/drivers/gpio/CMakeFiles/drivers__gpio.dir/gpio_kscan_ite_it8xxx2.c.obj
[it8xxx2_evb:singleimage] [186/277] Building C object zephyr/drivers/gpio/CMakeFiles/drivers__gpio.dir/gpio_ite_it8xxx2.c.obj
[it8xxx2_evb:singleimage] [187/277] Linking C static library zephyr/drivers/flash/libdrivers__flash.a
[adlrvp_npcx:rw] [58/394] Building C object zephyr/CMakeFiles/zephyr.dir/subsys/shell/backends/shell_uart.c.obj
[pirrha:rw] [90/393] Building C object CMakeFiles/app.dir/mnt/host/source/src/platform/ec/build/zephyr/pirrha/modules/ec/power/hibernate.c.obj
[it8xxx2_evb:singleimage] [188/277] Linking C static library zephyr/drivers/gpio/libdrivers__gpio.a
[fatcatrvp-ite:ro] [65/370] Building C object CMakeFiles/app.dir/mnt/host/source/src/platform/ec/build/zephyr/fatcatrvp-ite/modules/ec/common/memory_commands.c.obj
[fatcatrvp-ite:ro] [66/370] Building C object CMakeFiles/app.dir/mnt/host/source/src/platform/ec/build/zephyr/fatcatrvp-ite/modules/ec/common/dptf.c.obj
[fatcatrvp-ite:rw] [48/370] Building C object CMakeFiles/app.dir/mnt/host/source/src/platform/ec/build/zephyr/fatcatrvp-ite/modules/ec/common/printf.c.obj
[adlrvp_npcx:rw] [59/394] Building C object zephyr/CMakeFiles/zephyr.dir/subsys/shell/shell.c.obj
[lapis:rw] [98/392] Building C object CMakeFiles/app.dir/mnt/host/source/src/platform/ec/build/zephyr/lapis/modules/ec/driver/temp_sensor/thermistor.c.obj
[pirrha:rw] [91/393] Building C object CMakeFiles/app.dir/mnt/host/source/src/platform/ec/build/zephyr/pirrha/modules/ec/common/panic_output.c.obj
[lapis:rw] [99/392] Building C object CMakeFiles/app.dir/mnt/host/source/src/platform/ec/build/zephyr/lapis/modules/ec/driver/temp_sensor/apl6012.c.obj
[it8xxx2_evb:singleimage] [189/277] Building C object zephyr/drivers/i2c/CMakeFiles/drivers__i2c.dir/i2c_common.c.obj
[/mnt/host/source/src/platform/ec/build/zephyr/npcx-aic-lcov]   /mnt/host/source/src/platform/ec/build/zephyr/npcx-aic/build-rw/zephyr/CMakeFiles/zephyr.dir/lib/utils/last_section_id.c.gcno:no functions found
[/mnt/host/source/src/platform/ec/build/zephyr/npcx-aic-lcov] stderr:
[it8xxx2_evb:singleimage] [190/277] Building C object zephyr/drivers/i2c/CMakeFiles/drivers__i2c.dir/i2c_bitbang.c.obj
[it8xxx2_evb:singleimage] [191/277] Building C object zephyr/drivers/i2c/CMakeFiles/drivers__i2c.dir/i2c_shell.c.obj
[adlrvp_npcx:rw] [60/394] Building C object zephyr/CMakeFiles/zephyr.dir/subsys/shell/shell_fprintf.c.obj
[pirrha:rw] [92/393] Building C object CMakeFiles/app.dir/mnt/host/source/src/platform/ec/build/zephyr/pirrha/modules/ec/driver/sha256/sha256_it8xxx2.c.obj
[fatcatrvp-ite:ro] [67/370] Building C object CMakeFiles/app.dir/mnt/host/source/src/platform/ec/build/zephyr/fatcatrvp-ite/modules/ec/common/ap_reset_log.c.obj
[fatcatrvp-ite:ro] [68/370] Building C object CMakeFiles/app.dir/mnt/host/source/src/platform/ec/build/zephyr/fatcatrvp-ite/modules/ec/common/espi.c.obj
[fatcatrvp-ite:rw] [49/370] Building C object CMakeFiles/app.dir/mnt/host/source/src/platform/ec/build/zephyr/fatcatrvp-ite/modules/ec/common/queue.c.obj
[lapis:rw] [100/392] Building C object CMakeFiles/app.dir/mnt/host/source/src/platform/ec/build/zephyr/lapis/modules/ec/common/usb_port_power_dumb.c.obj
[adlrvp_npcx:rw] [61/394] Building C object zephyr/CMakeFiles/zephyr.dir/subsys/shell/shell_utils.c.obj
[it8xxx2_evb:singleimage] [192/277] Building C object zephyr/drivers/i2c/CMakeFiles/drivers__i2c.dir/i2c_ite_enhance.c.obj
[it8xxx2_evb:singleimage] [193/277] Building C object zephyr/drivers/pinctrl/CMakeFiles/drivers__pinctrl.dir/common.c.obj
[lapis:rw] [101/392] Building C object CMakeFiles/app.dir/mnt/host/source/src/platform/ec/build/zephyr/lapis/modules/ec/common/timer.c.obj
[it8xxx2_evb:singleimage] [194/277] Building C object zephyr/drivers/i2c/CMakeFiles/drivers__i2c.dir/i2c_ite_it8xxx2.c.obj
[pirrha:rw] [93/393] Building C object CMakeFiles/app.dir/mnt/host/source/src/platform/ec/build/zephyr/pirrha/modules/ec/common/shared_mem.c.obj
[it8xxx2_evb:singleimage] [195/277] Linking C static library zephyr/drivers/i2c/libdrivers__i2c.a
[adlrvp_npcx:rw] [62/394] Building C object zephyr/CMakeFiles/zephyr.dir/subsys/shell/shell_ops.c.obj
[pirrha:rw] [94/393] Building C object CMakeFiles/app.dir/mnt/host/source/src/platform/ec/build/zephyr/pirrha/modules/ec/common/switch.c.obj
[it8xxx2_evb:singleimage] [196/277] Building C object zephyr/drivers/pwm/CMakeFiles/drivers__pwm.dir/pwm_shell.c.obj
[fatcatrvp-ite:ro] [69/370] Building C object CMakeFiles/app.dir/mnt/host/source/src/platform/ec/build/zephyr/fatcatrvp-ite/modules/ec/common/extpower_common.c.obj
[lapis:rw] [102/392] Building C object CMakeFiles/app.dir/mnt/host/source/src/platform/ec/build/zephyr/lapis/modules/ec/common/usbc_utils.c.obj
[it8xxx2_evb:singleimage] [197/277] Building C object zephyr/drivers/sensor/CMakeFiles/drivers__sensor.dir/mnt/host/source/src/third_party/zephyr/main/misc/empty_file.c.obj
[it8xxx2_evb:singleimage] [198/277] Building C object zephyr/drivers/pinctrl/CMakeFiles/drivers__pinctrl.dir/pinctrl_ite_it8xxx2.c.obj
[it8xxx2_evb:singleimage] [199/277] Building C object zephyr/drivers/pwm/CMakeFiles/drivers__pwm.dir/pwm_ite_it8xxx2.c.obj
[adlrvp_npcx:rw] [63/394] Building C object zephyr/CMakeFiles/zephyr.dir/subsys/shell/shell_help.c.obj
[lapis:rw] [103/392] Building C object CMakeFiles/app.dir/mnt/host/source/src/platform/ec/build/zephyr/lapis/modules/ec/common/usb_common.c.obj
[it8xxx2_evb:singleimage] [200/277] Linking C static library zephyr/drivers/pinctrl/libdrivers__pinctrl.a
[it8xxx2_evb:singleimage] [201/277] Linking C static library zephyr/drivers/pwm/libdrivers__pwm.a
[fatcatrvp-ite:ro] [70/370] Building C object CMakeFiles/app.dir/mnt/host/source/src/platform/ec/build/zephyr/fatcatrvp-ite/modules/ec/common/extpower_gpio.c.obj
[it8xxx2_evb:singleimage] [202/277] Linking C static library zephyr/drivers/sensor/libdrivers__sensor.a
[/mnt/host/source/src/platform/ec/build/zephyr/ptlgcs-lcov]   /mnt/host/source/src/platform/ec/build/zephyr/ptlgcs/build-rw/modules/ec/zephyr/CMakeFiles/ec_shim.dir/drivers/keyboard_input/keyboard_customization_check.c.gcno:no functions found
[/mnt/host/source/src/platform/ec/build/zephyr/ptlgcs-lcov] stderr:
[pirrha:rw] [95/393] Building C object CMakeFiles/app.dir/mnt/host/source/src/platform/ec/build/zephyr/pirrha/modules/ec/driver/stm_mems_common.c.obj
[adlrvp_npcx:rw] [64/394] Building C object zephyr/CMakeFiles/zephyr.dir/subsys/shell/shell_history.c.obj
[fatcatrvp-ite:rw] [50/370] Building C object CMakeFiles/app.dir/mnt/host/source/src/platform/ec/build/zephyr/fatcatrvp-ite/modules/ec/common/system.c.obj
[pirrha:rw] [96/393] Building C object CMakeFiles/app.dir/mnt/host/source/src/platform/ec/build/zephyr/pirrha/modules/ec/common/tablet_mode.c.obj
[it8xxx2_evb:singleimage] [203/277] Building C object zephyr/drivers/serial/CMakeFiles/drivers__serial.dir/uart_ite_it8xxx2.c.obj
[it8xxx2_evb:singleimage] [204/277] Building C object zephyr/drivers/sensor/ite/ite_tach_it8xxx2/CMakeFiles/drivers__sensor__ite__ite_tach_it8xxx2.dir/tach_ite_it8xxx2.c.obj
[it8xxx2_evb:singleimage] [205/277] Building C object zephyr/drivers/serial/CMakeFiles/drivers__serial.dir/uart_ns16550.c.obj
[lapis:rw] [104/392] Building C object CMakeFiles/app.dir/mnt/host/source/src/platform/ec/build/zephyr/lapis/modules/ec/common/usb_pd_host_cmd_common.c.obj
[it8xxx2_evb:singleimage] [206/277] Linking C static library zephyr/drivers/sensor/ite/ite_tach_it8xxx2/libdrivers__sensor__ite__ite_tach_it8xxx2.a
[it8xxx2_evb:singleimage] [207/277] Linking C static library zephyr/drivers/serial/libdrivers__serial.a
[fatcatrvp-ite:ro] [71/370] Building C object CMakeFiles/app.dir/mnt/host/source/src/platform/ec/build/zephyr/fatcatrvp-ite/modules/ec/common/fan.c.obj
[adlrvp_npcx:rw] [65/394] Building C object zephyr/arch/common/CMakeFiles/arch__common.dir/sw_isr_common.c.obj
[lapis:rw] [105/392] Building C object CMakeFiles/app.dir/mnt/host/source/src/platform/ec/build/zephyr/lapis/modules/ec/common/vboot_hash.c.obj
[adlrvp_npcx:rw] [66/394] Building C object zephyr/CMakeFiles/zephyr.dir/drivers/flash/flash_util.c.obj
[pirrha:rw] [97/393] Building C object CMakeFiles/app.dir/mnt/host/source/src/platform/ec/build/zephyr/pirrha/modules/ec/common/thermal.c.obj
[adlrvp_npcx:rw] [67/394] Linking C static library zephyr/libzephyr.a
[fatcatrvp-ite:ro] [72/370] Building C object CMakeFiles/app.dir/mnt/host/source/src/platform/ec/build/zephyr/fatcatrvp-ite/modules/ec/common/flash.c.obj
[it8xxx2_evb:singleimage] [208/277] Building C object zephyr/drivers/timer/CMakeFiles/drivers__timer.dir/sys_clock_init.c.obj
[fatcatrvp-ite:rw] [51/370] Building C object CMakeFiles/app.dir/mnt/host/source/src/platform/ec/build/zephyr/fatcatrvp-ite/modules/ec/common/system_boot_time.c.obj
[pirrha:rw] [98/393] Building C object CMakeFiles/app.dir/mnt/host/source/src/platform/ec/build/zephyr/pirrha/modules/ec/common/temp_sensor.c.obj
[adlrvp_npcx:rw] [68/394] Building C object zephyr/arch/common/CMakeFiles/arch__common.dir/init.c.obj
[it8xxx2_evb:singleimage] [209/277] Building C object zephyr/drivers/timer/CMakeFiles/drivers__timer.dir/ite_it8xxx2_timer.c.obj
[it8xxx2_evb:singleimage] [210/277] Linking C static library zephyr/drivers/timer/libdrivers__timer.a
[it8xxx2_evb:singleimage] [211/277] Building C object zephyr/drivers/watchdog/CMakeFiles/drivers__watchdog.dir/wdt_ite_it8xxx2.c.obj
[/mnt/host/source/src/platform/ec/build/zephyr/pujjolo-lcov]   /mnt/host/source/src/platform/ec/build/zephyr/pujjolo/build-rw/CMakeFiles/app.dir/mnt/host/source/src/platform/ec/build/zephyr/pujjolo/modules/ec/common/cbi_config.c.gcno:no functions found
[/mnt/host/source/src/platform/ec/build/zephyr/pujjolo-lcov] stderr:
[lapis:rw] [106/392] Building C object CMakeFiles/app.dir/mnt/host/source/src/platform/ec/build/zephyr/lapis/modules/ec/common/button.c.obj
[fatcatrvp-ite:ro] [73/370] Building C object CMakeFiles/app.dir/mnt/host/source/src/platform/ec/build/zephyr/fatcatrvp-ite/modules/ec/common/host_command.c.obj
[adlrvp_npcx:rw] [69/394] Building C object zephyr/arch/common/CMakeFiles/arch__common.dir/xip.c.obj
[it8xxx2_evb:singleimage] [212/277] Building C object zephyr/drivers/watchdog/CMakeFiles/drivers__watchdog.dir/wdt_shell.c.obj
[lapis:rw] [107/392] Building C object CMakeFiles/app.dir/mnt/host/source/src/platform/ec/build/zephyr/lapis/modules/ec/common/vboot/efs2.c.obj
[pirrha:rw] [99/393] Building C object CMakeFiles/app.dir/mnt/host/source/src/platform/ec/build/zephyr/pirrha/modules/ec/driver/temp_sensor/thermistor.c.obj
[it8xxx2_evb:singleimage] [213/277] Linking C static library zephyr/drivers/watchdog/libdrivers__watchdog.a
[adlrvp_npcx:rw] [70/394] Building C object zephyr/arch/common/CMakeFiles/isr_tables.dir/isr_tables.c.obj
[it8xxx2_evb:singleimage] [214/277] Building C object modules/ec/zephyr/CMakeFiles/ec_shim.dir/app/ec/main_shim.c.obj
[adlrvp_npcx:rw] [71/394] Linking C static library zephyr/arch/common/libisr_tables.a
[fatcatrvp-ite:ro] [74/370] Building C object CMakeFiles/app.dir/mnt/host/source/src/platform/ec/build/zephyr/fatcatrvp-ite/modules/ec/common/host_command_task.c.obj
[fatcatrvp-ite:rw] [52/370] Building C object CMakeFiles/app.dir/mnt/host/source/src/platform/ec/build/zephyr/fatcatrvp-ite/modules/ec/common/uart_printf.c.obj
[adlrvp_npcx:rw] [72/394] Linking C static library zephyr/arch/common/libarch__common.a
[pirrha:rw] [100/393] Building C object CMakeFiles/app.dir/mnt/host/source/src/platform/ec/build/zephyr/pirrha/modules/ec/common/throttle_ap.c.obj
[it8xxx2_evb:singleimage] [215/277] Building C object modules/ec/zephyr/CMakeFiles/ec_shim.dir/app/ec/ec_app_main.c.obj
[lapis:rw] [108/392] Building C object CMakeFiles/app.dir/mnt/host/source/src/platform/ec/build/zephyr/lapis/modules/ec/common/vstore.c.obj
[it8xxx2_evb:singleimage] [216/277] Building C object modules/ec/zephyr/CMakeFiles/ec_shim.dir/drivers/cros_flash/cros_flash_it8xxx2.c.obj
[lapis:rw] [109/392] Building C object CMakeFiles/app.dir/mnt/host/source/src/platform/ec/build/zephyr/lapis/modules/ec/common/math_util.c.obj
[pirrha:rw] [101/393] Building C object CMakeFiles/app.dir/mnt/host/source/src/platform/ec/build/zephyr/pirrha/modules/ec/common/timer.c.obj
[adlrvp_npcx:rw] [73/394] Building C object zephyr/arch/arch/arm/core/CMakeFiles/arch__arm__core.dir/fatal.c.obj
[it8xxx2_evb:singleimage] [217/277] Building C object modules/ec/zephyr/CMakeFiles/ec_shim.dir/drivers/cros_shi/cros_shi_it8xxx2.c.obj
[fatcatrvp-ite:ro] [75/370] Building C object CMakeFiles/app.dir/mnt/host/source/src/platform/ec/build/zephyr/fatcatrvp-ite/modules/ec/common/host_event_commands.c.obj
[adlrvp_npcx:rw] [74/394] Building ASM object zephyr/arch/arch/arm/core/CMakeFiles/arch__arm__core.dir/nmi_on_reset.S.obj
[adlrvp_npcx:rw] [75/394] Building C object zephyr/arch/arch/arm/core/CMakeFiles/arch__arm__core.dir/nmi.c.obj
[fatcatrvp-ite:rw] [53/370] Building C object CMakeFiles/app.dir/mnt/host/source/src/platform/ec/build/zephyr/fatcatrvp-ite/modules/ec/common/util.c.obj
[/mnt/host/source/src/platform/ec/build/zephyr/pujjolo-lcov]   /mnt/host/source/src/platform/ec/build/zephyr/pujjolo/build-rw/zephyr/arch/arch/arm/core/mpu/CMakeFiles/arch__arm__core__mpu.dir/arm_mpu_regions.c.gcno:no functions found
[/mnt/host/source/src/platform/ec/build/zephyr/pujjolo-lcov] stderr:
[adlrvp_npcx:rw] [76/394] Linking C static library zephyr/arch/arch/arm/core/libarch__arm__core.a
[fatcatrvp-ite:ro] [76/370] Building C object CMakeFiles/app.dir/mnt/host/source/src/platform/ec/build/zephyr/fatcatrvp-ite/modules/ec/common/uart_hostcmd.c.obj
[pirrha:rw] [102/393] Building C object CMakeFiles/app.dir/mnt/host/source/src/platform/ec/build/zephyr/pirrha/modules/ec/common/usb_charger.c.obj
[it8xxx2_evb:singleimage] [218/277] Building C object modules/ec/zephyr/CMakeFiles/ec_shim.dir/drivers/cros_system/cros_system_it8xxx2.c.obj
[it8xxx2_evb:singleimage] [219/277] Building C object modules/ec/zephyr/CMakeFiles/ec_shim.dir/shim/chip/it8xxx2/clock.c.obj
[lapis:rw] [110/392] Building C object CMakeFiles/app.dir/lapis/src/battery.c.obj
[lapis:rw] [111/392] Building C object CMakeFiles/app.dir/lapis/src/board_power.c.obj
[pirrha:rw] [103/393] Building C object CMakeFiles/app.dir/mnt/host/source/src/platform/ec/build/zephyr/pirrha/modules/ec/common/usb_port_power_smart.c.obj
[adlrvp_npcx:rw] [77/394] Building C object zephyr/arch/arch/arm/core/cortex_m/CMakeFiles/arch__arm__core__cortex_m.dir/exc_exit.c.obj
[fatcatrvp-ite:ro] [77/370] Building C object CMakeFiles/app.dir/mnt/host/source/src/platform/ec/build/zephyr/fatcatrvp-ite/modules/ec/common/uptime.c.obj
[it8xxx2_evb:singleimage] [220/277] Building C object modules/ec/zephyr/CMakeFiles/ec_shim.dir/shim/chip/it8xxx2/system.c.obj
[adlrvp_npcx:rw] [78/394] Building ASM object zephyr/arch/arch/arm/core/cortex_m/CMakeFiles/arch__arm__core__cortex_m.dir/fault_s.S.obj
[fatcatrvp-ite:rw] [54/370] Building C object CMakeFiles/app.dir/mnt/host/source/src/platform/ec/build/zephyr/fatcatrvp-ite/modules/ec/common/version.c.obj
[it8xxx2_evb:singleimage] [221/277] Building C object modules/ec/zephyr/CMakeFiles/ec_shim.dir/shim/chip/it8xxx2/power_policy.c.obj
[adlrvp_npcx:rw] [79/394] Building C object zephyr/arch/arch/arm/core/cortex_m/CMakeFiles/arch__arm__core__cortex_m.dir/fault.c.obj
[lapis:rw] [112/392] Building C object CMakeFiles/app.dir/lapis/src/charger.c.obj
[pirrha:rw] [104/393] Building C object CMakeFiles/app.dir/mnt/host/source/src/platform/ec/build/zephyr/pirrha/modules/ec/common/typec_control.c.obj
[/mnt/host/source/src/platform/ec/build/zephyr/pujjolo-lcov]   /mnt/host/source/src/platform/ec/build/zephyr/pujjolo/build-rw/zephyr/arch/common/CMakeFiles/isr_tables.dir/isr_tables.c.gcno:no functions found
[/mnt/host/source/src/platform/ec/build/zephyr/pujjolo-lcov] stderr:
[fatcatrvp-ite:ro] [78/370] Building C object CMakeFiles/app.dir/mnt/host/source/src/platform/ec/build/zephyr/fatcatrvp-ite/modules/ec/common/i2c_controller.c.obj
[lapis:rw] [113/392] Building C object CMakeFiles/app.dir/lapis/src/fan.c.obj
[it8xxx2_evb:singleimage] [222/277] Building C object modules/ec/zephyr/CMakeFiles/ec_shim.dir/shim/chip/it8xxx2/shi.c.obj
[pirrha:rw] [105/393] Building C object CMakeFiles/app.dir/mnt/host/source/src/platform/ec/build/zephyr/pirrha/modules/ec/common/usb_common.c.obj
[adlrvp_npcx:rw] [80/394] Building C object zephyr/arch/arch/arm/core/cortex_m/CMakeFiles/arch__arm__core__cortex_m.dir/fpu.c.obj
[it8xxx2_evb:singleimage] [223/277] Building C object modules/ec/zephyr/CMakeFiles/ec_shim.dir/shim/src/crc.c.obj
[lapis:rw] [114/392] Building C object CMakeFiles/app.dir/lapis/src/keyboard_customization.c.obj
[adlrvp_npcx:rw] [81/394] Building ASM object zephyr/arch/arch/arm/core/cortex_m/CMakeFiles/arch__arm__core__cortex_m.dir/reset.S.obj
[it8xxx2_evb:singleimage] [224/277] Building C object modules/ec/zephyr/CMakeFiles/ec_shim.dir/shim/src/console.c.obj
[fatcatrvp-ite:ro] [79/370] Building C object CMakeFiles/app.dir/mnt/host/source/src/platform/ec/build/zephyr/fatcatrvp-ite/modules/ec/common/i2c_passthru.c.obj
[lapis:rw] [115/392] Building C object zephyr/CMakeFiles/zephyr.dir/lib/libc/validate_libc.c.obj
[lapis:rw] [116/392] Linking C static library app/libapp.a
[fatcatrvp-ite:rw] [55/370] Building C object CMakeFiles/app.dir/mnt/host/source/src/platform/ec/build/zephyr/fatcatrvp-ite/modules/ec/common/power_button_x86.c.obj
[pirrha:rw] [106/393] Building C object CMakeFiles/app.dir/mnt/host/source/src/platform/ec/build/zephyr/pirrha/modules/ec/common/usb_pd_pdo.c.obj
[it8xxx2_evb:singleimage] [225/277] Building C object modules/ec/zephyr/CMakeFiles/ec_shim.dir/shim/chip/it8xxx2/gpio.c.obj
[adlrvp_npcx:rw] [82/394] Building C object zephyr/arch/arch/arm/core/cortex_m/CMakeFiles/arch__arm__core__cortex_m.dir/scb.c.obj
[fatcatrvp-ite:ro] [80/370] Building C object CMakeFiles/app.dir/mnt/host/source/src/platform/ec/build/zephyr/fatcatrvp-ite/modules/ec/common/keyboard_8042.c.obj
[it8xxx2_evb:singleimage] [226/277] Building C object modules/ec/zephyr/CMakeFiles/ec_shim.dir/shim/src/gpio.c.obj
[lapis:rw] [117/392] Building C object zephyr/CMakeFiles/zephyr.dir/lib/heap/heap.c.obj
[it8xxx2_evb:singleimage] [227/277] Building C object modules/ec/zephyr/CMakeFiles/ec_shim.dir/shim/src/gpio_int.c.obj
[lapis:rw] [118/392] Building C object zephyr/CMakeFiles/zephyr.dir/lib/os/cbprintf_packaged.c.obj
[adlrvp_npcx:rw] [83/394] Building C object zephyr/arch/arch/arm/core/cortex_m/CMakeFiles/arch__arm__core__cortex_m.dir/thread_abort.c.obj
[pirrha:rw] [107/393] Building C object CMakeFiles/app.dir/mnt/host/source/src/platform/ec/build/zephyr/pirrha/modules/ec/common/usbc/usbc_task.c.obj
[adlrvp_npcx:rw] [84/394] Building ASM object zephyr/arch/arch/arm/core/cortex_m/CMakeFiles/arch__arm__core__cortex_m.dir/vector_table.S.obj
[fatcatrvp-ite:ro] [81/370] Building C object CMakeFiles/app.dir/mnt/host/source/src/platform/ec/build/zephyr/fatcatrvp-ite/modules/ec/common/keyboard_8042_sharedlib.c.obj
[pirrha:rw] [108/393] Building C object CMakeFiles/app.dir/mnt/host/source/src/platform/ec/build/zephyr/pirrha/modules/ec/common/usbc/usb_pd_timer.c.obj
[fatcatrvp-ite:rw] [56/370] Building C object CMakeFiles/app.dir/mnt/host/source/src/platform/ec/build/zephyr/fatcatrvp-ite/modules/ec/common/adc.c.obj
[/mnt/host/source/src/platform/ec/build/zephyr/ptlgcs-lcov]   /mnt/host/source/src/platform/ec/build/zephyr/ptlgcs/build-rw/CMakeFiles/app.dir/mnt/host/source/src/platform/ec/build/zephyr/ptlgcs/modules/ec/common/cbi_config.c.gcno:no functions found
[/mnt/host/source/src/platform/ec/build/zephyr/ptlgcs-lcov] stderr:
[it8xxx2_evb:singleimage] [228/277] Building C object modules/ec/zephyr/CMakeFiles/ec_shim.dir/shim/src/panic_utils.c.obj
[it8xxx2_evb:singleimage] [229/277] Building C object modules/ec/zephyr/CMakeFiles/ec_shim.dir/shim/src/cbi/cros_cbi.c.obj
[lapis:rw] [119/392] Building C object zephyr/CMakeFiles/zephyr.dir/lib/os/clock.c.obj
[adlrvp_npcx:rw] [85/394] Building ASM object zephyr/arch/arch/arm/core/cortex_m/CMakeFiles/arch__arm__core__cortex_m.dir/swap_helper.S.obj
[lapis:rw] [120/392] Building C object zephyr/CMakeFiles/zephyr.dir/lib/os/printk.c.obj
[it8xxx2_evb:singleimage] [230/277] Building C object modules/ec/zephyr/CMakeFiles/ec_shim.dir/shim/src/pm_state.c.obj
[/mnt/host/source/src/platform/ec/build/zephyr/tanjiro-lcov]   /mnt/host/source/src/platform/ec/build/zephyr/tanjiro/build-rw/modules/ec/zephyr/CMakeFiles/ec_shim.dir/shim/src/charger.c.gcno:no functions found
[/mnt/host/source/src/platform/ec/build/zephyr/tanjiro-lcov] stderr:
[fatcatrvp-ite:ro] [82/370] Building C object CMakeFiles/app.dir/mnt/host/source/src/platform/ec/build/zephyr/fatcatrvp-ite/modules/ec/common/mkbp_fifo.c.obj
[pirrha:rw] [109/393] Building C object CMakeFiles/app.dir/mnt/host/source/src/platform/ec/build/zephyr/pirrha/modules/ec/common/usbc/usb_sm.c.obj
[adlrvp_npcx:rw] [86/394] Building C object zephyr/arch/arch/arm/core/cortex_m/CMakeFiles/arch__arm__core__cortex_m.dir/irq_manage.c.obj
[/mnt/host/source/src/platform/ec/build/zephyr/ptlgcs-lcov]   /mnt/host/source/src/platform/ec/build/zephyr/ptlgcs/build-rw/CMakeFiles/app.dir/src/intel_rvp_board_id.c.gcno:no functions found
[/mnt/host/source/src/platform/ec/build/zephyr/ptlgcs-lcov] stderr:
[lapis:rw] [121/392] Building C object zephyr/CMakeFiles/zephyr.dir/lib/os/sem.c.obj
[fatcatrvp-ite:ro] [83/370] Building C object CMakeFiles/app.dir/mnt/host/source/src/platform/ec/build/zephyr/fatcatrvp-ite/modules/ec/common/mkbp_info.c.obj
[lapis:rw] [122/392] Building C object zephyr/CMakeFiles/zephyr.dir/lib/os/thread_entry.c.obj
[it8xxx2_evb:singleimage] [231/277] Building C object modules/ec/zephyr/CMakeFiles/ec_shim.dir/shim/src/system.c.obj
[it8xxx2_evb:singleimage] [232/277] Building C object modules/ec/zephyr/CMakeFiles/ec_shim.dir/shim/src/adc.c.obj
[pirrha:rw] [110/393] Building C object CMakeFiles/app.dir/mnt/host/source/src/platform/ec/build/zephyr/pirrha/modules/ec/common/usbc_intr_task.c.obj
[adlrvp_npcx:rw] [87/394] Building C object zephyr/arch/arch/arm/core/cortex_m/CMakeFiles/arch__arm__core__cortex_m.dir/prep_c.c.obj
[fatcatrvp-ite:rw] [57/370] Building C object CMakeFiles/app.dir/mnt/host/source/src/platform/ec/build/zephyr/fatcatrvp-ite/modules/ec/common/acpi.c.obj
[it8xxx2_evb:singleimage] [233/277] Building C object modules/ec/zephyr/CMakeFiles/ec_shim.dir/shim/src/fan.c.obj
[pirrha:rw] [111/393] Building C object CMakeFiles/app.dir/mnt/host/source/src/platform/ec/build/zephyr/pirrha/modules/ec/common/usbc_utils.c.obj
[lapis:rw] [123/392] Building C object zephyr/CMakeFiles/zephyr.dir/lib/os/cbprintf.c.obj
[lapis:rw] [124/392] Building C object zephyr/CMakeFiles/zephyr.dir/lib/os/cbprintf_nano.c.obj
[fatcatrvp-ite:ro] [84/370] Building C object CMakeFiles/app.dir/mnt/host/source/src/platform/ec/build/zephyr/fatcatrvp-ite/modules/ec/common/mkbp_input_devices.c.obj
[adlrvp_npcx:rw] [88/394] Building C object zephyr/arch/arch/arm/core/cortex_m/CMakeFiles/arch__arm__core__cortex_m.dir/thread.c.obj
[pirrha:rw] [112/393] Building C object CMakeFiles/app.dir/mnt/host/source/src/platform/ec/build/zephyr/pirrha/modules/ec/common/usb_pd_flags.c.obj
[it8xxx2_evb:singleimage] [234/277] Building C object modules/ec/zephyr/CMakeFiles/ec_shim.dir/shim/src/flash.c.obj
[it8xxx2_evb:singleimage] [235/277] Building C object modules/ec/zephyr/CMakeFiles/ec_shim.dir/shim/src/hooks.c.obj
[fatcatrvp-ite:ro] [85/370] Building C object CMakeFiles/app.dir/mnt/host/source/src/platform/ec/build/zephyr/fatcatrvp-ite/modules/ec/common/lid_switch.c.obj
[adlrvp_npcx:rw] [89/394] Building C object zephyr/arch/arch/arm/core/cortex_m/CMakeFiles/arch__arm__core__cortex_m.dir/cpu_idle.c.obj
[lapis:rw] [125/392] Building C object zephyr/CMakeFiles/zephyr.dir/lib/os/reboot.c.obj
[it8xxx2_evb:singleimage] [236/277] Building C object modules/ec/zephyr/CMakeFiles/ec_shim.dir/shim/src/host_command.c.obj
[lapis:rw] [126/392] Building C object zephyr/CMakeFiles/zephyr.dir/lib/os/assert.c.obj
[adlrvp_npcx:rw] [90/394] Building C object zephyr/arch/arch/arm/core/cortex_m/CMakeFiles/arch__arm__core__cortex_m.dir/irq_init.c.obj
[lapis:rw] [127/392] Building C object zephyr/CMakeFiles/zephyr.dir/lib/utils/dec.c.obj
[fatcatrvp-ite:rw] [58/370] Building C object CMakeFiles/app.dir/mnt/host/source/src/platform/ec/build/zephyr/fatcatrvp-ite/modules/ec/common/battery.c.obj
[pirrha:rw] [113/393] Building C object CMakeFiles/app.dir/mnt/host/source/src/platform/ec/build/zephyr/pirrha/modules/ec/common/chargen.c.obj
[it8xxx2_evb:singleimage] [237/277] Building C object modules/ec/zephyr/CMakeFiles/ec_shim.dir/shim/src/panic.c.obj
[/mnt/host/source/src/platform/ec/build/zephyr/ptlgcs-lcov]   /mnt/host/source/src/platform/ec/build/zephyr/ptlgcs/build-rw/zephyr/arch/arch/arm/core/mpu/CMakeFiles/arch__arm__core__mpu.dir/arm_mpu_regions.c.gcno:no functions found
[/mnt/host/source/src/platform/ec/build/zephyr/ptlgcs-lcov] stderr:
[fatcatrvp-ite:ro] [86/370] Building C object CMakeFiles/app.dir/mnt/host/source/src/platform/ec/build/zephyr/fatcatrvp-ite/modules/ec/common/mkbp_event.c.obj
[it8xxx2_evb:singleimage] [238/277] Building C object modules/ec/zephyr/CMakeFiles/ec_shim.dir/shim/src/hwtimer.c.obj
[lapis:rw] [128/392] Building C object zephyr/CMakeFiles/zephyr.dir/lib/os/poweroff.c.obj
[lapis:rw] [129/392] Building C object zephyr/CMakeFiles/zephyr.dir/lib/utils/hex.c.obj
[pirrha:rw] [114/393] Building C object CMakeFiles/app.dir/mnt/host/source/src/platform/ec/build/zephyr/pirrha/modules/ec/common/usbc/usb_pd_console.c.obj
[it8xxx2_evb:singleimage] [239/277] Building C object modules/ec/zephyr/CMakeFiles/ec_shim.dir/shim/src/console_buffer.c.obj
[/mnt/host/source/src/platform/ec/build/zephyr/pujjolo-lcov]   /mnt/host/source/src/platform/ec/build/zephyr/pujjolo/build-rw/zephyr/CMakeFiles/zephyr.dir/subsys/shell/modules/kernel_service/kernel_shell.c.gcno:no functions found
[/mnt/host/source/src/platform/ec/build/zephyr/pujjolo-lcov] stderr:
[adlrvp_npcx:rw] [91/394] Building C object zephyr/arch/arch/arm/core/cortex_m/CMakeFiles/arch__arm__core__cortex_m.dir/isr_wrapper.c.obj
[fatcatrvp-ite:ro] [87/370] Building C object CMakeFiles/app.dir/mnt/host/source/src/platform/ec/build/zephyr/fatcatrvp-ite/modules/ec/common/port80.c.obj
[adlrvp_npcx:rw] [92/394] Linking C static library zephyr/arch/arch/arm/core/cortex_m/libarch__arm__core__cortex_m.a
[lapis:rw] [130/392] Building C object zephyr/CMakeFiles/zephyr.dir/lib/utils/timeutil.c.obj
[/mnt/host/source/src/platform/ec/build/zephyr/pujjolo-lcov]   /mnt/host/source/src/platform/ec/build/zephyr/pujjolo/build-rw/zephyr/CMakeFiles/zephyr.dir/lib/libc/validate_libc.c.gcno:no functions found
[/mnt/host/source/src/platform/ec/build/zephyr/pujjolo-lcov] stderr:
[it8xxx2_evb:singleimage] [240/277] Building C object modules/ec/zephyr/CMakeFiles/ec_shim.dir/shim/src/i2c.c.obj
[lapis:rw] [131/392] Building C object zephyr/CMakeFiles/zephyr.dir/lib/utils/rb.c.obj
[adlrvp_npcx:rw] [93/394] Building C object zephyr/arch/arch/arm/core/mpu/CMakeFiles/arch__arm__core__mpu.dir/arm_core_mpu.c.obj
[fatcatrvp-ite:rw] [59/370] Building C object CMakeFiles/app.dir/mnt/host/source/src/platform/ec/build/zephyr/fatcatrvp-ite/modules/ec/common/battery_info.c.obj
[pirrha:rw] [115/393] Building C object CMakeFiles/app.dir/mnt/host/source/src/platform/ec/build/zephyr/pirrha/modules/ec/driver/usb_mux/usb_mux.c.obj
[it8xxx2_evb:singleimage] [241/277] Building C object modules/ec/zephyr/CMakeFiles/ec_shim.dir/shim/src/tasks.c.obj
[it8xxx2_evb:singleimage] [242/277] Building C object modules/ec/zephyr/CMakeFiles/ec_shim.dir/shim/src/watchdog.c.obj
[pirrha:rw] [116/393] Building C object CMakeFiles/app.dir/mnt/host/source/src/platform/ec/build/zephyr/pirrha/modules/ec/driver/usb_mux/virtual.c.obj
[lapis:rw] [132/392] Building C object zephyr/CMakeFiles/zephyr.dir/lib/utils/bitmask.c.obj
[/mnt/host/source/src/platform/ec/build/zephyr/ptlgcs-lcov]   /mnt/host/source/src/platform/ec/build/zephyr/ptlgcs/build-rw/zephyr/arch/common/CMakeFiles/isr_tables.dir/isr_tables.c.gcno:no functions found
[/mnt/host/source/src/platform/ec/build/zephyr/ptlgcs-lcov] stderr:
[fatcatrvp-ite:ro] [88/370] Building C object CMakeFiles/app.dir/mnt/host/source/src/platform/ec/build/zephyr/fatcatrvp-ite/modules/ec/common/power_button.c.obj
[lapis:rw] [133/392] Building C object zephyr/CMakeFiles/zephyr.dir/lib/utils/bitarray.c.obj
[fatcatrvp-ite:ro] [89/370] Building C object CMakeFiles/app.dir/mnt/host/source/src/platform/ec/build/zephyr/fatcatrvp-ite/modules/ec/power/hibernate.c.obj
[adlrvp_npcx:rw] [94/394] Building C object zephyr/arch/arch/arm/core/mpu/CMakeFiles/arch__arm__core__mpu.dir/arm_mpu.c.obj
[it8xxx2_evb:singleimage] [243/277] Building C object modules/ec/zephyr/CMakeFiles/ec_shim.dir/shim/src/usbc_stub.c.obj
[adlrvp_npcx:rw] [95/394] Generating ../../../include/generated/libc/minimal/strerror_table.h
[it8xxx2_evb:singleimage] [244/277] Linking C static library modules/ec/zephyr/libec_shim.a
[adlrvp_npcx:rw] [96/394] Building C object zephyr/arch/arch/arm/core/mpu/CMakeFiles/arch__arm__core__mpu.dir/arm_mpu_regions.c.obj
[it8xxx2_evb:singleimage] [245/277] Building C object zephyr/kernel/CMakeFiles/kernel.dir/main_weak.c.obj
[adlrvp_npcx:rw] [97/394] Building C object zephyr/lib/libc/minimal/CMakeFiles/lib__libc__minimal.dir/source/stdlib/atoi.c.obj
[it8xxx2_evb:singleimage] [246/277] Building C object zephyr/kernel/CMakeFiles/kernel.dir/banner.c.obj
[adlrvp_npcx:rw] [98/394] Linking C static library zephyr/arch/arch/arm/core/mpu/libarch__arm__core__mpu.a
[lapis:rw] [134/392] Building C object zephyr/CMakeFiles/zephyr.dir/lib/utils/getopt/getopt.c.obj
[lapis:rw] [135/392] Building C object zephyr/CMakeFiles/zephyr.dir/lib/utils/getopt/getopt_common.c.obj
[adlrvp_npcx:rw] [99/394] Building C object zephyr/lib/libc/minimal/CMakeFiles/lib__libc__minimal.dir/source/stdlib/strtol.c.obj
[adlrvp_npcx:rw] [100/394] Building C object zephyr/lib/libc/minimal/CMakeFiles/lib__libc__minimal.dir/source/stdlib/strtoul.c.obj
[lapis:rw] [136/392] Building C object zephyr/CMakeFiles/zephyr.dir/lib/utils/last_section_id.c.obj
[fatcatrvp-ite:rw] [60/370] Building C object CMakeFiles/app.dir/mnt/host/source/src/platform/ec/build/zephyr/fatcatrvp-ite/modules/ec/common/battery_fuel_gauge.c.obj
[adlrvp_npcx:rw] [101/394] Building C object zephyr/lib/libc/minimal/CMakeFiles/lib__libc__minimal.dir/source/stdlib/strtoll.c.obj
[/mnt/host/source/src/platform/ec/build/zephyr/pujjolo-lcov]   /mnt/host/source/src/platform/ec/build/zephyr/pujjolo/build-rw/zephyr/CMakeFiles/zephyr.dir/lib/utils/last_section_id.c.gcno:no functions found
[/mnt/host/source/src/platform/ec/build/zephyr/pujjolo-lcov] stderr:
[adlrvp_npcx:rw] [102/394] Building C object zephyr/lib/libc/minimal/CMakeFiles/lib__libc__minimal.dir/source/stdlib/strtoull.c.obj
[lapis:rw] [137/392] Building C object zephyr/CMakeFiles/zephyr.dir/misc/generated/configs.c.obj
[lapis:rw] [138/392] Building C object zephyr/CMakeFiles/zephyr.dir/lib/utils/ring_buffer.c.obj
[it8xxx2_evb:singleimage] [247/277] Building C object zephyr/kernel/CMakeFiles/kernel.dir/busy_wait.c.obj
[adlrvp_npcx:rw] [103/394] Building C object zephyr/lib/libc/minimal/CMakeFiles/lib__libc__minimal.dir/source/stdlib/bsearch.c.obj
[fatcatrvp-ite:ro] [90/370] Building C object CMakeFiles/app.dir/mnt/host/source/src/platform/ec/build/zephyr/fatcatrvp-ite/modules/ec/common/shared_mem.c.obj
[pirrha:rw] [117/393] Building C object CMakeFiles/app.dir/mnt/host/source/src/platform/ec/build/zephyr/pirrha/modules/ec/common/usbc/usb_tc_drp_acc_trysrc_sm.c.obj
[it8xxx2_evb:singleimage] [248/277] Building C object zephyr/kernel/CMakeFiles/kernel.dir/device.c.obj
[fatcatrvp-ite:ro] [91/370] Building C object CMakeFiles/app.dir/mnt/host/source/src/platform/ec/build/zephyr/fatcatrvp-ite/modules/ec/common/panic_output.c.obj
[it8xxx2_evb:singleimage] [249/277] Building C object zephyr/kernel/CMakeFiles/kernel.dir/errno.c.obj
[pirrha:rw] [118/393] Building C object CMakeFiles/app.dir/mnt/host/source/src/platform/ec/build/zephyr/pirrha/modules/ec/common/usbc/usb_prl_sm.c.obj
[adlrvp_npcx:rw] [104/394] Building C object zephyr/lib/libc/minimal/CMakeFiles/lib__libc__minimal.dir/source/stdlib/qsort.c.obj
[lapis:rw] [139/392] Building C object zephyr/CMakeFiles/zephyr.dir/soc/realtek/ec/rts5912/device_power.c.obj
[it8xxx2_evb:singleimage] [250/277] Building C object zephyr/kernel/CMakeFiles/kernel.dir/fatal.c.obj
[lapis:rw] [140/392] Building C object zephyr/CMakeFiles/zephyr.dir/soc/realtek/ec/rts5912/soc.c.obj
[adlrvp_npcx:rw] [105/394] Building C object zephyr/lib/libc/minimal/CMakeFiles/lib__libc__minimal.dir/source/string/strerror.c.obj
[/mnt/host/source/src/platform/ec/build/zephyr/npcx-aic-lcov]   /mnt/host/source/src/platform/ec/build/zephyr/npcx-aic/build-rw/zephyr/CMakeFiles/zephyr.dir/soc/nuvoton/npcx/common/npcxn/registers.c.gcno:no functions found
[/mnt/host/source/src/platform/ec/build/zephyr/npcx-aic-lcov] Filter suppressions 'region':
[/mnt/host/source/src/platform/ec/build/zephyr/npcx-aic-lcov]     21 instances
[/mnt/host/source/src/platform/ec/build/zephyr/npcx-aic-lcov]     12 coverpoints
[/mnt/host/source/src/platform/ec/build/zephyr/npcx-aic-lcov] Message summary:
[/mnt/host/source/src/platform/ec/build/zephyr/npcx-aic-lcov]   1 warning message:
[/mnt/host/source/src/platform/ec/build/zephyr/npcx-aic-lcov]     format: 1
[/mnt/host/source/src/platform/ec/build/zephyr/npcx-aic-lcov]   15 ignore messages:
[/mnt/host/source/src/platform/ec/build/zephyr/npcx-aic-lcov]     gcov: 15
[it8xxx2_evb:singleimage] [251/277] Building C object zephyr/kernel/CMakeFiles/kernel.dir/init.c.obj
[/mnt/host/source/src/platform/ec/build/zephyr/tanjiro-lcov]   /mnt/host/source/src/platform/ec/build/zephyr/tanjiro/build-rw/CMakeFiles/app.dir/mnt/host/source/src/platform/ec/build/zephyr/tanjiro/modules/ec/common/cbi_config.c.gcno:no functions found
[/mnt/host/source/src/platform/ec/build/zephyr/tanjiro-lcov] stderr:
[adlrvp_npcx:rw] [106/394] Building C object zephyr/lib/libc/minimal/CMakeFiles/lib__libc__minimal.dir/source/stdlib/exit.c.obj
[it8xxx2_evb:singleimage] [252/277] Building C object zephyr/kernel/CMakeFiles/kernel.dir/kheap.c.obj
[adlrvp_npcx:rw] [107/394] Building C object zephyr/lib/libc/minimal/CMakeFiles/lib__libc__minimal.dir/source/string/strncasecmp.c.obj
[fatcatrvp-ite:rw] [61/370] Building C object CMakeFiles/app.dir/mnt/host/source/src/platform/ec/build/zephyr/fatcatrvp-ite/modules/ec/driver/battery/smart.c.obj
[adlrvp_npcx:rw] [108/394] Building C object zephyr/lib/libc/minimal/CMakeFiles/lib__libc__minimal.dir/source/string/strstr.c.obj
[it8xxx2_evb:singleimage] [253/277] Building C object zephyr/kernel/CMakeFiles/kernel.dir/version.c.obj
[fatcatrvp-ite:ro] [92/370] Building C object CMakeFiles/app.dir/mnt/host/source/src/platform/ec/build/zephyr/fatcatrvp-ite/modules/ec/common/switch.c.obj
[adlrvp_npcx:rw] [109/394] Building C object zephyr/lib/libc/minimal/CMakeFiles/lib__libc__minimal.dir/source/string/string.c.obj
[lapis:rw] [141/392] Building C object zephyr/CMakeFiles/zephyr.dir/soc/realtek/ec/rts5912/power.c.obj
[adlrvp_npcx:rw] [110/394] Building C object zephyr/lib/libc/minimal/CMakeFiles/lib__libc__minimal.dir/source/string/strspn.c.obj
[lapis:rw] [142/392] Building C object zephyr/CMakeFiles/zephyr.dir/soc/realtek/ec/rts5912/debug_swj.c.obj
[fatcatrvp-ite:ro] [93/370] Building C object CMakeFiles/app.dir/mnt/host/source/src/platform/ec/build/zephyr/fatcatrvp-ite/modules/ec/common/thermal.c.obj
[pirrha:rw] [119/393] Building C object CMakeFiles/app.dir/mnt/host/source/src/platform/ec/build/zephyr/pirrha/modules/ec/common/usbc/usb_pd_dpm.c.obj
[it8xxx2_evb:singleimage] [254/277] Building C object zephyr/kernel/CMakeFiles/kernel.dir/float.c.obj
[it8xxx2_evb:singleimage] [255/277] Building C object zephyr/kernel/CMakeFiles/kernel.dir/mem_slab.c.obj
[pirrha:rw] [120/393] Building C object CMakeFiles/app.dir/mnt/host/source/src/platform/ec/build/zephyr/pirrha/modules/ec/common/usbc/usb_pe_drp_sm.c.obj
[/mnt/host/source/src/platform/ec/build/zephyr/tanjiro-lcov]   /mnt/host/source/src/platform/ec/build/zephyr/tanjiro/build-rw/zephyr/arch/arch/riscv/core/CMakeFiles/arch__riscv__core.dir/cpu_idle.c.gcno:no functions found
[/mnt/host/source/src/platform/ec/build/zephyr/tanjiro-lcov] stderr:
[it8xxx2_evb:singleimage] [256/277] Building C object zephyr/kernel/CMakeFiles/kernel.dir/idle.c.obj
[lapis:rw] [143/392] Building C object zephyr/CMakeFiles/zephyr.dir/soc/realtek/ec/rts5912/poweroff.c.obj
[adlrvp_npcx:rw] [111/394] Building C object zephyr/lib/libc/minimal/CMakeFiles/lib__libc__minimal.dir/source/stdout/sprintf.c.obj
[fatcatrvp-ite:ro] [94/370] Building C object CMakeFiles/app.dir/mnt/host/source/src/platform/ec/build/zephyr/fatcatrvp-ite/modules/ec/common/temp_sensor.c.obj
[lapis:rw] [144/392] Building C object zephyr/CMakeFiles/zephyr.dir/soc/realtek/ec/rts5912/rts5912_ulpm.c.obj
[adlrvp_npcx:rw] [112/394] Building C object zephyr/lib/libc/minimal/CMakeFiles/lib__libc__minimal.dir/source/stdout/stdout_console.c.obj
[fatcatrvp-ite:rw] [62/370] Building C object CMakeFiles/app.dir/mnt/host/source/src/platform/ec/build/zephyr/fatcatrvp-ite/modules/ec/driver/charger/isl9241.c.obj
[it8xxx2_evb:singleimage] [257/277] Building C object zephyr/kernel/CMakeFiles/kernel.dir/msg_q.c.obj
[it8xxx2_evb:singleimage] [258/277] Building C object zephyr/kernel/CMakeFiles/kernel.dir/mailbox.c.obj
[fatcatrvp-ite:rw] [63/370] Building C object CMakeFiles/app.dir/mnt/host/source/src/platform/ec/build/zephyr/fatcatrvp-ite/modules/ec/common/charger.c.obj
[pirrha:rw] [121/393] Building C object CMakeFiles/app.dir/mnt/host/source/src/platform/ec/build/zephyr/pirrha/modules/ec/common/usbc/usbc_pd_policy.c.obj
[it8xxx2_evb:singleimage] [259/277] Building C object zephyr/kernel/CMakeFiles/kernel.dir/mutex.c.obj
[adlrvp_npcx:rw] [113/394] Building C object zephyr/lib/libc/minimal/CMakeFiles/lib__libc__minimal.dir/source/math/sqrtf.c.obj
[fatcatrvp-ite:ro] [95/370] Building C object CMakeFiles/app.dir/mnt/host/source/src/platform/ec/build/zephyr/fatcatrvp-ite/modules/ec/driver/temp_sensor/thermistor.c.obj
[lapis:rw] [145/392] Building C object zephyr/CMakeFiles/zephyr.dir/subsys/pm/pm.c.obj
[pirrha:rw] [122/393] Building C object CMakeFiles/app.dir/mnt/host/source/src/platform/ec/build/zephyr/pirrha/modules/ec/common/usbc/dp_alt_mode.c.obj
[adlrvp_npcx:rw] [114/394] Building C object zephyr/lib/libc/minimal/CMakeFiles/lib__libc__minimal.dir/source/math/sqrt.c.obj
[lapis:rw] [146/392] Building C object zephyr/CMakeFiles/zephyr.dir/subsys/logging/log_minimal.c.obj
[it8xxx2_evb:singleimage] [260/277] Building C object zephyr/kernel/CMakeFiles/kernel.dir/sem.c.obj
[it8xxx2_evb:singleimage] [261/277] Building C object zephyr/kernel/CMakeFiles/kernel.dir/queue.c.obj
[/mnt/host/source/src/platform/ec/build/zephyr/tanjiro-lcov]   /mnt/host/source/src/platform/ec/build/zephyr/tanjiro/build-rw/zephyr/arch/common/CMakeFiles/isr_tables.dir/isr_tables.c.gcno:no functions found
[/mnt/host/source/src/platform/ec/build/zephyr/tanjiro-lcov] stderr:
[adlrvp_npcx:rw] [115/394] Building C object zephyr/lib/libc/minimal/CMakeFiles/lib__libc__minimal.dir/source/stdout/fprintf.c.obj
[it8xxx2_evb:singleimage] [262/277] Building C object zephyr/kernel/CMakeFiles/kernel.dir/stack.c.obj
[fatcatrvp-ite:ro] [96/370] Building C object CMakeFiles/app.dir/mnt/host/source/src/platform/ec/build/zephyr/fatcatrvp-ite/modules/ec/common/timer.c.obj
[/mnt/host/source/src/platform/ec/build/zephyr/pujjolo-lcov]   /mnt/host/source/src/platform/ec/build/zephyr/pujjolo/build-rw/zephyr/CMakeFiles/zephyr.dir/soc/nuvoton/npcx/common/npcxn/registers.c.gcno:no functions found
[/mnt/host/source/src/platform/ec/build/zephyr/pujjolo-lcov] stderr:
[lapis:rw] [147/392] Building C object zephyr/CMakeFiles/zephyr.dir/subsys/pm/state.c.obj
[/mnt/host/source/src/platform/ec/build/zephyr/ptlgcs-lcov]   /mnt/host/source/src/platform/ec/build/zephyr/ptlgcs/build-rw/zephyr/CMakeFiles/zephyr.dir/subsys/shell/modules/kernel_service/kernel_shell.c.gcno:no functions found
[/mnt/host/source/src/platform/ec/build/zephyr/ptlgcs-lcov] stderr:
[pirrha:rw] [123/393] Building C object CMakeFiles/app.dir/mnt/host/source/src/platform/ec/build/zephyr/pirrha/modules/ec/common/usb_pd_console_cmd.c.obj
[lapis:rw] [148/392] Building C object zephyr/CMakeFiles/zephyr.dir/subsys/pm/policy/policy_events.c.obj
[it8xxx2_evb:singleimage] [263/277] Building C object zephyr/kernel/CMakeFiles/kernel.dir/system_work_q.c.obj
[adlrvp_npcx:rw] [116/394] Building C object zephyr/lib/libc/minimal/CMakeFiles/lib__libc__minimal.dir/source/time/gmtime.c.obj
[fatcatrvp-ite:ro] [97/370] Building C object CMakeFiles/app.dir/mnt/host/source/src/platform/ec/build/zephyr/fatcatrvp-ite/modules/ec/common/usbc_utils.c.obj
[it8xxx2_evb:singleimage] [264/277] Building C object zephyr/kernel/CMakeFiles/kernel.dir/work.c.obj
[/mnt/host/source/src/platform/ec/build/zephyr/ptlgcs-lcov]   /mnt/host/source/src/platform/ec/build/zephyr/ptlgcs/build-rw/zephyr/CMakeFiles/zephyr.dir/lib/libc/validate_libc.c.gcno:no functions found
[/mnt/host/source/src/platform/ec/build/zephyr/ptlgcs-lcov] stderr:
[pirrha:rw] [124/393] Building C object CMakeFiles/app.dir/mnt/host/source/src/platform/ec/build/zephyr/pirrha/modules/ec/common/usb_pd_host_cmd.c.obj
[adlrvp_npcx:rw] [117/394] Linking C static library zephyr/lib/libc/minimal/liblib__libc__minimal.a
[adlrvp_npcx:rw] [118/394] Building C object zephyr/lib/libc/common/CMakeFiles/lib__libc__common.dir/source/stdlib/abort.c.obj
[fatcatrvp-ite:rw] [64/370] Building C object CMakeFiles/app.dir/mnt/host/source/src/platform/ec/build/zephyr/fatcatrvp-ite/modules/ec/common/charge_state.c.obj
[it8xxx2_evb:singleimage] [265/277] Building C object zephyr/kernel/CMakeFiles/kernel.dir/condvar.c.obj
[fatcatrvp-ite:rw] [65/370] Building C object CMakeFiles/app.dir/mnt/host/source/src/platform/ec/build/zephyr/fatcatrvp-ite/modules/ec/common/charge_manager.c.obj
[lapis:rw] [149/392] Building C object zephyr/CMakeFiles/zephyr.dir/subsys/pm/policy/policy_latency.c.obj
[adlrvp_npcx:rw] [119/394] Building C object zephyr/lib/libc/common/CMakeFiles/lib__libc__common.dir/source/time/gmtime_r.c.obj
[lapis:rw] [150/392] Building C object zephyr/CMakeFiles/zephyr.dir/subsys/pm/policy/policy_state_lock.c.obj
[adlrvp_npcx:rw] [120/394] Building C object zephyr/lib/libc/common/CMakeFiles/lib__libc__common.dir/source/time/asctime.c.obj
[it8xxx2_evb:singleimage] [266/277] Building C object zephyr/kernel/CMakeFiles/kernel.dir/thread.c.obj
[adlrvp_npcx:rw] [121/394] Building C object zephyr/lib/libc/common/CMakeFiles/lib__libc__common.dir/source/time/localtime_r_utc.c.obj
[fatcatrvp-ite:ro] [98/370] Building C object CMakeFiles/app.dir/mnt/host/source/src/platform/ec/build/zephyr/fatcatrvp-ite/modules/ec/common/usb_common.c.obj
[pirrha:rw] [125/393] Building C object CMakeFiles/app.dir/mnt/host/source/src/platform/ec/build/zephyr/pirrha/modules/ec/common/usbc/usb_pd_host.c.obj
[adlrvp_npcx:rw] [122/394] Building C object zephyr/lib/libc/common/CMakeFiles/lib__libc__common.dir/source/time/ctime.c.obj
[it8xxx2_evb:singleimage] [267/277] Building C object zephyr/kernel/CMakeFiles/kernel.dir/sched.c.obj
[it8xxx2_evb:singleimage] [268/277] Building C object zephyr/kernel/CMakeFiles/kernel.dir/pipe.c.obj
[adlrvp_npcx:rw] [123/394] Building C object zephyr/lib/libc/common/CMakeFiles/lib__libc__common.dir/source/time/time.c.obj
[lapis:rw] [151/392] Building C object zephyr/CMakeFiles/zephyr.dir/subsys/pm/device.c.obj
[fatcatrvp-ite:rw] [66/370] Building C object CMakeFiles/app.dir/mnt/host/source/src/platform/ec/build/zephyr/fatcatrvp-ite/modules/ec/common/cbi_common.c.obj
[pirrha:rw] [126/393] Building C object CMakeFiles/app.dir/mnt/host/source/src/platform/ec/build/zephyr/pirrha/modules/ec/zephyr/shim/src/tcpc.c.obj
[adlrvp_npcx:rw] [124/394] Building C object zephyr/lib/libc/common/CMakeFiles/lib__libc__common.dir/source/string/strnlen.c.obj
[fatcatrvp-ite:ro] [99/370] Building C object CMakeFiles/app.dir/mnt/host/source/src/platform/ec/build/zephyr/fatcatrvp-ite/modules/ec/common/usb_pd_host_cmd_common.c.obj
[it8xxx2_evb:singleimage] [269/277] Building C object zephyr/kernel/CMakeFiles/kernel.dir/spinlock_validate.c.obj
[lapis:rw] [152/392] Building C object zephyr/CMakeFiles/zephyr.dir/subsys/pm/device_runtime.c.obj
[adlrvp_npcx:rw] [125/394] Building C object zephyr/lib/posix/c_lib_ext/CMakeFiles/lib__posix__c_lib_ext.dir/fnmatch.c.obj
[fatcatrvp-ite:rw] [67/370] Building C object CMakeFiles/app.dir/mnt/host/source/src/platform/ec/build/zephyr/fatcatrvp-ite/modules/ec/common/cbi.c.obj
[it8xxx2_evb:singleimage] [270/277] Building C object zephyr/kernel/CMakeFiles/kernel.dir/thread_monitor.c.obj
[it8xxx2_evb:singleimage] [271/277] Building C object zephyr/kernel/CMakeFiles/kernel.dir/timeout.c.obj
[lapis:rw] [153/392] Building C object zephyr/CMakeFiles/zephyr.dir/subsys/pm/device_system_managed.c.obj
[adlrvp_npcx:rw] [126/394] Building C object zephyr/lib/libc/common/CMakeFiles/lib__libc__common.dir/source/stdlib/malloc.c.obj
[fatcatrvp-ite:ro] [100/370] Building C object CMakeFiles/app.dir/mnt/host/source/src/platform/ec/build/zephyr/fatcatrvp-ite/modules/ec/common/vboot_hash.c.obj
[adlrvp_npcx:rw] [127/394] Linking C static library zephyr/lib/libc/common/liblib__libc__common.a
[pirrha:rw] [127/393] Building C object CMakeFiles/app.dir/mnt/host/source/src/platform/ec/build/zephyr/pirrha/modules/ec/common/usb_pd_host_cmd_common.c.obj
[fatcatrvp-ite:rw] [68/370] Building C object CMakeFiles/app.dir/mnt/host/source/src/platform/ec/build/zephyr/fatcatrvp-ite/modules/ec/common/cbi_config.c.obj
[lapis:rw] [154/392] Building C object zephyr/CMakeFiles/zephyr.dir/subsys/testsuite/coverage/coverage.c.obj
[it8xxx2_evb:singleimage] [272/277] Building C object zephyr/kernel/CMakeFiles/kernel.dir/timer.c.obj
[fatcatrvp-ite:ro] [101/370] Building C object CMakeFiles/app.dir/mnt/host/source/src/platform/ec/build/zephyr/fatcatrvp-ite/modules/ec/common/button.c.obj
[pirrha:rw] [128/393] Building C object CMakeFiles/app.dir/mnt/host/source/src/platform/ec/build/zephyr/pirrha/modules/ec/common/usbc/svdm_rsp_dfp_only.c.obj
[it8xxx2_evb:singleimage] [273/277] Building C object zephyr/kernel/CMakeFiles/kernel.dir/poll.c.obj
[adlrvp_npcx:rw] [128/394] Building C object zephyr/lib/posix/c_lib_ext/CMakeFiles/lib__posix__c_lib_ext.dir/getentropy.c.obj
[it8xxx2_evb:singleimage] [274/277] Building C object zephyr/kernel/CMakeFiles/kernel.dir/events.c.obj
[lapis:rw] [155/392] Building C object zephyr/CMakeFiles/zephyr.dir/subsys/tracing/tracing_none.c.obj
[adlrvp_npcx:rw] [129/394] Building C object zephyr/subsys/crc/CMakeFiles/subsys__crc.dir/crc4_sw.c.obj
[adlrvp_npcx:rw] [130/394] Building C object zephyr/lib/posix/c_lib_ext/CMakeFiles/lib__posix__c_lib_ext.dir/getopt_shim.c.obj
[fatcatrvp-ite:rw] [69/370] Building C object CMakeFiles/app.dir/mnt/host/source/src/platform/ec/build/zephyr/fatcatrvp-ite/modules/ec/common/memory_commands.c.obj
[lapis:rw] [156/392] Building C object zephyr/CMakeFiles/zephyr.dir/subsys/shell/modules/kernel_service/kernel_shell.c.obj
[adlrvp_npcx:rw] [131/394] Linking C static library zephyr/lib/posix/c_lib_ext/liblib__posix__c_lib_ext.a
[it8xxx2_evb:singleimage] [275/277] Building C object zephyr/kernel/CMakeFiles/kernel.dir/mempool.c.obj
[adlrvp_npcx:rw] [132/394] Building C object zephyr/subsys/crc/CMakeFiles/subsys__crc.dir/crc8_sw.c.obj
[pirrha:rw] [129/393] Building C object CMakeFiles/app.dir/mnt/host/source/src/platform/ec/build/zephyr/pirrha/modules/ec/common/usbc_ocp.c.obj
[it8xxx2_evb:singleimage] [276/277] Building C object zephyr/kernel/CMakeFiles/kernel.dir/dynamic_disabled.c.obj
[fatcatrvp-ite:ro] [102/370] Building C object CMakeFiles/app.dir/mnt/host/source/src/platform/ec/build/zephyr/fatcatrvp-ite/modules/ec/common/vboot/efs2.c.obj
[adlrvp_npcx:rw] [133/394] Building C object zephyr/subsys/crc/CMakeFiles/subsys__crc.dir/crc16_sw.c.obj
[adlrvp_npcx:rw] [134/394] Building C object zephyr/subsys/crc/CMakeFiles/subsys__crc.dir/crc7_sw.c.obj
[it8xxx2_evb:singleimage] [277/277] Linking C static library zephyr/kernel/libkernel.a
[fatcatrvp-ite:ro] [103/370] Building C object CMakeFiles/app.dir/mnt/host/source/src/platform/ec/build/zephyr/fatcatrvp-ite/modules/ec/common/vstore.c.obj
[fatcatrvp-ite:rw] [70/370] Building C object CMakeFiles/app.dir/mnt/host/source/src/platform/ec/build/zephyr/fatcatrvp-ite/modules/ec/common/dptf.c.obj
[lapis:rw] [157/392] Building C object zephyr/CMakeFiles/zephyr.dir/subsys/shell/modules/kernel_service/cycles.c.obj
[adlrvp_npcx:rw] [135/394] Building C object zephyr/subsys/crc/CMakeFiles/subsys__crc.dir/crc32c_sw.c.obj
[adlrvp_npcx:rw] [136/394] Building C object zephyr/subsys/crc/CMakeFiles/subsys__crc.dir/crc24_sw.c.obj
[pirrha:rw] [130/393] Building C object CMakeFiles/app.dir/mnt/host/source/src/platform/ec/build/zephyr/pirrha/modules/ec/common/usb_pd_discovery.c.obj
[adlrvp_npcx:rw] [137/394] Building C object zephyr/subsys/crc/CMakeFiles/subsys__crc.dir/crc32k_4_2_sw.c.obj
[adlrvp_npcx:rw] [138/394] Building C object zephyr/subsys/crc/CMakeFiles/subsys__crc.dir/crc32_sw.c.obj
[lapis:rw] [158/392] Building C object zephyr/CMakeFiles/zephyr.dir/subsys/shell/modules/kernel_service/uptime.c.obj
[adlrvp_npcx:rw] [139/394] Linking C static library zephyr/subsys/crc/libsubsys__crc.a
[/mnt/host/source/src/platform/ec/build/zephyr/pujjolo-lcov]   /mnt/host/source/src/platform/ec/build/zephyr/pujjolo/build-rw/zephyr/kernel/CMakeFiles/kernel.dir/errno.c.gcno:no functions found
[/mnt/host/source/src/platform/ec/build/zephyr/pujjolo-lcov] stderr:
[lapis:rw] [159/392] Building C object zephyr/CMakeFiles/zephyr.dir/subsys/shell/modules/kernel_service/sleep.c.obj
[fatcatrvp-ite:rw] [71/370] Building C object CMakeFiles/app.dir/mnt/host/source/src/platform/ec/build/zephyr/fatcatrvp-ite/modules/ec/common/ap_reset_log.c.obj
[pirrha:rw] [131/393] Building C object CMakeFiles/app.dir/mnt/host/source/src/platform/ec/build/zephyr/pirrha/modules/ec/common/usb_pd_dual_role.c.obj
[fatcatrvp-ite:ro] [104/370] Building C object CMakeFiles/app.dir/mnt/host/source/src/platform/ec/build/zephyr/fatcatrvp-ite/modules/ec/common/math_util.c.obj
[fatcatrvp-ite:rw] [72/370] Building C object CMakeFiles/app.dir/mnt/host/source/src/platform/ec/build/zephyr/fatcatrvp-ite/modules/ec/common/espi.c.obj
[lapis:rw] [160/392] Building C object zephyr/CMakeFiles/zephyr.dir/subsys/shell/modules/kernel_service/version.c.obj
[/mnt/host/source/src/platform/ec/build/zephyr/tanjiro-lcov]   /mnt/host/source/src/platform/ec/build/zephyr/tanjiro/build-rw/zephyr/CMakeFiles/zephyr.dir/subsys/shell/modules/kernel_service/kernel_shell.c.gcno:no functions found
[/mnt/host/source/src/platform/ec/build/zephyr/tanjiro-lcov] stderr:
[pirrha:rw] [132/393] Building C object CMakeFiles/app.dir/mnt/host/source/src/platform/ec/build/zephyr/pirrha/modules/ec/driver/tcpm/raa489000.c.obj
[lapis:rw] [161/392] Building C object zephyr/CMakeFiles/zephyr.dir/subsys/shell/modules/kernel_service/reboot.c.obj
[fatcatrvp-ite:rw] [73/370] Building C object CMakeFiles/app.dir/mnt/host/source/src/platform/ec/build/zephyr/fatcatrvp-ite/modules/ec/common/extpower_common.c.obj
[fatcatrvp-ite:ro] [105/370] Building C object CMakeFiles/app.dir/mnt/host/source/src/platform/ec/build/zephyr/fatcatrvp-ite/modules/ec/driver/led/max695x.c.obj
[/mnt/host/source/src/platform/ec/build/zephyr/tanjiro-lcov]   /mnt/host/source/src/platform/ec/build/zephyr/tanjiro/build-rw/zephyr/CMakeFiles/zephyr.dir/lib/libc/validate_libc.c.gcno:no functions found
[/mnt/host/source/src/platform/ec/build/zephyr/tanjiro-lcov] stderr:
[adlrvp_npcx:rw] [140/394] Building C object zephyr/drivers/interrupt_controller/CMakeFiles/drivers__interrupt_controller.dir/intc_miwu.c.obj
[pirrha:rw] [133/393] Building C object CMakeFiles/app.dir/mnt/host/source/src/platform/ec/build/zephyr/pirrha/modules/ec/driver/tcpm/tcpci.c.obj
[adlrvp_npcx:rw] [141/394] Building C object zephyr/drivers/adc/CMakeFiles/drivers__adc.dir/adc_common.c.obj
[lapis:rw] [162/392] Building C object zephyr/CMakeFiles/zephyr.dir/subsys/shell/modules/kernel_service/thread/thread.c.obj
[adlrvp_npcx:rw] [142/394] Linking C static library zephyr/drivers/interrupt_controller/libdrivers__interrupt_controller.a
[lapis:rw] [163/392] Building C object zephyr/CMakeFiles/zephyr.dir/subsys/shell/modules/kernel_service/thread/list.c.obj
[pirrha:rw] [134/393] Building C object CMakeFiles/app.dir/mnt/host/source/src/platform/ec/build/zephyr/pirrha/modules/ec/common/vboot_hash.c.obj
[fatcatrvp-ite:rw] [74/370] Building C object CMakeFiles/app.dir/mnt/host/source/src/platform/ec/build/zephyr/fatcatrvp-ite/modules/ec/common/extpower_gpio.c.obj
[fatcatrvp-ite:ro] [106/370] Building C object CMakeFiles/app.dir/mnt/host/source/src/platform/ec/zephyr/program/intelrvp/ptlrvp/src/board_power.c.obj
[lapis:rw] [164/392] Building C object zephyr/CMakeFiles/zephyr.dir/subsys/shell/modules/kernel_service/thread/stacks.c.obj
[/mnt/host/source/src/platform/ec/build/zephyr/pujjolo-lcov]   /mnt/host/source/src/platform/ec/build/zephyr/pujjolo/build-rw/zephyr/lib/libc/picolibc/CMakeFiles/lib__libc__picolibc.dir/errno_wrap.c.gcno:no functions found
[/mnt/host/source/src/platform/ec/build/zephyr/pujjolo-lcov] stderr:
[pirrha:rw] [135/393] Building C object CMakeFiles/app.dir/mnt/host/source/src/platform/ec/build/zephyr/pirrha/modules/ec/common/button.c.obj
[fatcatrvp-ite:rw] [75/370] Building C object CMakeFiles/app.dir/mnt/host/source/src/platform/ec/build/zephyr/fatcatrvp-ite/modules/ec/common/fan.c.obj
[lapis:rw] [165/392] Building C object zephyr/CMakeFiles/zephyr.dir/subsys/shell/modules/kernel_service/thread/suspend.c.obj
[fatcatrvp-ite:ro] [107/370] Building C object CMakeFiles/app.dir/mnt/host/source/src/platform/ec/zephyr/program/intelrvp/src/dc_jack.c.obj
[pirrha:rw] [136/393] Building C object CMakeFiles/app.dir/mnt/host/source/src/platform/ec/build/zephyr/pirrha/modules/ec/common/vboot/efs2.c.obj
[fatcatrvp-ite:rw] [76/370] Building C object CMakeFiles/app.dir/mnt/host/source/src/platform/ec/build/zephyr/fatcatrvp-ite/modules/ec/common/flash.c.obj
[adlrvp_npcx:rw] [143/394] Building C object zephyr/drivers/bbram/CMakeFiles/drivers__bbram.dir/bbram_npcx.c.obj
[lapis:rw] [166/392] Building C object zephyr/CMakeFiles/zephyr.dir/subsys/shell/modules/kernel_service/thread/resume.c.obj
[adlrvp_npcx:rw] [144/394] Building C object zephyr/drivers/adc/CMakeFiles/drivers__adc.dir/adc_npcx.c.obj
[adlrvp_npcx:rw] [145/394] Linking C static library zephyr/drivers/bbram/libdrivers__bbram.a
[lapis:rw] [167/392] Building C object zephyr/CMakeFiles/zephyr.dir/subsys/shell/modules/kernel_service/thread/kill.c.obj
[adlrvp_npcx:rw] [146/394] Linking C static library zephyr/drivers/adc/libdrivers__adc.a
[/mnt/host/source/src/platform/ec/build/zephyr/tanjiro-lcov]   /mnt/host/source/src/platform/ec/build/zephyr/tanjiro/build-rw/zephyr/CMakeFiles/zephyr.dir/lib/utils/last_section_id.c.gcno:no functions found
[/mnt/host/source/src/platform/ec/build/zephyr/tanjiro-lcov] stderr:
[pirrha:rw] [137/393] Building C object CMakeFiles/app.dir/mnt/host/source/src/platform/ec/build/zephyr/pirrha/modules/ec/common/vstore.c.obj
[fatcatrvp-ite:ro] [108/370] Building C object CMakeFiles/app.dir/mnt/host/source/src/platform/ec/zephyr/program/intelrvp/src/kbd_strauss.c.obj
[fatcatrvp-ite:rw] [77/370] Building C object CMakeFiles/app.dir/mnt/host/source/src/platform/ec/build/zephyr/fatcatrvp-ite/modules/ec/common/host_command.c.obj
[pirrha:rw] [138/393] Building C object CMakeFiles/app.dir/mnt/host/source/src/platform/ec/build/zephyr/pirrha/modules/ec/common/math_util.c.obj
[lapis:rw] [168/392] Building C object zephyr/CMakeFiles/zephyr.dir/subsys/shell/backends/shell_uart.c.obj
[fatcatrvp-ite:ro] [109/370] Linking C static library app/libapp.a
[fatcatrvp-ite:ro] [110/370] Building C object zephyr/CMakeFiles/zephyr.dir/lib/libc/validate_libc.c.obj
[lapis:rw] [169/392] Building C object zephyr/CMakeFiles/zephyr.dir/subsys/shell/shell_fprintf.c.obj
[fatcatrvp-ite:rw] [78/370] Building C object CMakeFiles/app.dir/mnt/host/source/src/platform/ec/build/zephyr/fatcatrvp-ite/modules/ec/common/host_command_task.c.obj
[pirrha:rw] [139/393] Building C object CMakeFiles/app.dir/src/common.c.obj
[lapis:rw] [170/392] Building C object zephyr/CMakeFiles/zephyr.dir/subsys/shell/shell.c.obj
[adlrvp_npcx:rw] [147/394] Building C object zephyr/drivers/clock_control/CMakeFiles/drivers__clock_control.dir/clock_control_npcx.c.obj
[adlrvp_npcx:rw] [148/394] Building C object zephyr/drivers/console/CMakeFiles/drivers__console.dir/uart_console.c.obj
[adlrvp_npcx:rw] [149/394] Linking C static library zephyr/drivers/clock_control/libdrivers__clock_control.a
[fatcatrvp-ite:rw] [79/370] Building C object CMakeFiles/app.dir/mnt/host/source/src/platform/ec/build/zephyr/fatcatrvp-ite/modules/ec/common/host_event_commands.c.obj
[adlrvp_npcx:rw] [150/394] Linking C static library zephyr/drivers/console/libdrivers__console.a
[fatcatrvp-ite:rw] [80/370] Building C object CMakeFiles/app.dir/mnt/host/source/src/platform/ec/build/zephyr/fatcatrvp-ite/modules/ec/common/uart_hostcmd.c.obj
[pirrha:rw] [140/393] Building C object CMakeFiles/app.dir/src/sub_board.c.obj
[lapis:rw] [171/392] Building C object zephyr/CMakeFiles/zephyr.dir/subsys/shell/shell_utils.c.obj
[pirrha:rw] [141/393] Building C object CMakeFiles/app.dir/src/board_power.c.obj
[fatcatrvp-ite:ro] [111/370] Building C object zephyr/CMakeFiles/zephyr.dir/lib/os/cbprintf_packaged.c.obj
[fatcatrvp-ite:ro] [112/370] Building C object zephyr/CMakeFiles/zephyr.dir/lib/heap/heap.c.obj
[lapis:rw] [172/392] Building C object zephyr/CMakeFiles/zephyr.dir/subsys/shell/shell_ops.c.obj
[lapis:rw] [173/392] Building C object zephyr/CMakeFiles/zephyr.dir/subsys/shell/shell_help.c.obj
[pirrha:rw] [142/393] Building C object CMakeFiles/app.dir/pirrha/src/led.c.obj
[fatcatrvp-ite:rw] [81/370] Building C object CMakeFiles/app.dir/mnt/host/source/src/platform/ec/build/zephyr/fatcatrvp-ite/modules/ec/common/uptime.c.obj
[lapis:rw] [174/392] Building C object zephyr/CMakeFiles/zephyr.dir/subsys/shell/shell_history.c.obj
[adlrvp_npcx:rw] [151/394] Building C object zephyr/drivers/eeprom/CMakeFiles/drivers__eeprom.dir/eeprom_shell.c.obj
[adlrvp_npcx:rw] [152/394] Building C object zephyr/drivers/eeprom/CMakeFiles/drivers__eeprom.dir/eeprom_at2x.c.obj
[lapis:rw] [175/392] Building C object zephyr/arch/common/CMakeFiles/arch__common.dir/sw_isr_common.c.obj
[fatcatrvp-ite:rw] [82/370] Building C object CMakeFiles/app.dir/mnt/host/source/src/platform/ec/build/zephyr/fatcatrvp-ite/modules/ec/common/i2c_controller.c.obj
[adlrvp_npcx:rw] [153/394] Linking C static library zephyr/drivers/eeprom/libdrivers__eeprom.a
[fatcatrvp-ite:rw] [83/370] Building C object CMakeFiles/app.dir/mnt/host/source/src/platform/ec/build/zephyr/fatcatrvp-ite/modules/ec/common/i2c_passthru.c.obj
[lapis:rw] [176/392] Building C object zephyr/CMakeFiles/zephyr.dir/drivers/flash/flash_util.c.obj
[pirrha:rw] [143/393] Building C object CMakeFiles/app.dir/pirrha/src/board.c.obj
[fatcatrvp-ite:ro] [113/370] Building C object zephyr/CMakeFiles/zephyr.dir/lib/os/printk.c.obj
[fatcatrvp-ite:ro] [114/370] Building C object zephyr/CMakeFiles/zephyr.dir/lib/os/clock.c.obj
[pirrha:rw] [144/393] Building C object CMakeFiles/app.dir/pirrha/src/battery.c.obj
[lapis:rw] [177/392] Linking C static library zephyr/libzephyr.a
[lapis:rw] [178/392] Building C object zephyr/arch/common/CMakeFiles/arch__common.dir/dynamic_isr.c.obj
[lapis:rw] [179/392] Building C object zephyr/arch/common/CMakeFiles/arch__common.dir/init.c.obj
[pirrha:rw] [145/393] Building C object CMakeFiles/app.dir/pirrha/src/usbc.c.obj
[fatcatrvp-ite:rw] [84/370] Building C object CMakeFiles/app.dir/mnt/host/source/src/platform/ec/build/zephyr/fatcatrvp-ite/modules/ec/common/keyboard_8042.c.obj
[fatcatrvp-ite:ro] [115/370] Building C object zephyr/CMakeFiles/zephyr.dir/lib/os/sem.c.obj
[fatcatrvp-ite:ro] [116/370] Building C object zephyr/CMakeFiles/zephyr.dir/lib/os/thread_entry.c.obj
[pirrha:rw] [146/393] Building C object zephyr/CMakeFiles/zephyr.dir/lib/libc/validate_libc.c.obj
[lapis:rw] [180/392] Building C object zephyr/arch/common/CMakeFiles/isr_tables.dir/isr_tables.c.obj
[fatcatrvp-ite:rw] [85/370] Building C object CMakeFiles/app.dir/mnt/host/source/src/platform/ec/build/zephyr/fatcatrvp-ite/modules/ec/common/keyboard_8042_sharedlib.c.obj
[adlrvp_npcx:rw] [154/394] Building C object zephyr/drivers/espi/CMakeFiles/drivers__espi.dir/espi_npcx.c.obj
[lapis:rw] [181/392] Building C object zephyr/arch/common/CMakeFiles/arch__common.dir/xip.c.obj
[adlrvp_npcx:rw] [155/394] Building C object zephyr/drivers/espi/CMakeFiles/drivers__espi.dir/host_subs_npcx.c.obj
[lapis:rw] [182/392] Building C object zephyr/arch/arch/arm/core/CMakeFiles/arch__arm__core.dir/fatal.c.obj
[lapis:rw] [183/392] Linking C static library zephyr/arch/common/libisr_tables.a
[fatcatrvp-ite:rw] [86/370] Building C object CMakeFiles/app.dir/mnt/host/source/src/platform/ec/build/zephyr/fatcatrvp-ite/modules/ec/common/mkbp_fifo.c.obj
[adlrvp_npcx:rw] [156/394] Linking C static library zephyr/drivers/espi/libdrivers__espi.a
[pirrha:rw] [147/393] Building C object CMakeFiles/app.dir/pirrha/src/charger.c.obj
[lapis:rw] [184/392] Linking C static library zephyr/arch/common/libarch__common.a
[lapis:rw] [185/392] Building ASM object zephyr/arch/arch/arm/core/CMakeFiles/arch__arm__core.dir/nmi_on_reset.S.obj
[pirrha:rw] [148/393] Linking C static library app/libapp.a
[fatcatrvp-ite:ro] [117/370] Building C object zephyr/CMakeFiles/zephyr.dir/lib/os/cbprintf_nano.c.obj
[pirrha:rw] [149/393] Building C object zephyr/CMakeFiles/zephyr.dir/lib/heap/heap.c.obj
[fatcatrvp-ite:ro] [118/370] Building C object zephyr/CMakeFiles/zephyr.dir/lib/os/cbprintf.c.obj
[pirrha:rw] [150/393] Building C object zephyr/CMakeFiles/zephyr.dir/lib/os/cbprintf_packaged.c.obj
[lapis:rw] [186/392] Building C object zephyr/arch/arch/arm/core/CMakeFiles/arch__arm__core.dir/nmi.c.obj
[lapis:rw] [187/392] Building C object zephyr/arch/arch/arm/core/cortex_m/CMakeFiles/arch__arm__core__cortex_m.dir/exc_exit.c.obj
[fatcatrvp-ite:rw] [87/370] Building C object CMakeFiles/app.dir/mnt/host/source/src/platform/ec/build/zephyr/fatcatrvp-ite/modules/ec/common/mkbp_info.c.obj
[adlrvp_npcx:rw] [157/394] Building C object zephyr/drivers/flash/CMakeFiles/drivers__flash.dir/jesd216.c.obj
[lapis:rw] [188/392] Linking C static library zephyr/arch/arch/arm/core/libarch__arm__core.a
[fatcatrvp-ite:rw] [88/370] Building C object CMakeFiles/app.dir/mnt/host/source/src/platform/ec/build/zephyr/fatcatrvp-ite/modules/ec/common/mkbp_input_devices.c.obj
[lapis:rw] [189/392] Building ASM object zephyr/arch/arch/arm/core/cortex_m/CMakeFiles/arch__arm__core__cortex_m.dir/fault_s.S.obj
[fatcatrvp-ite:ro] [119/370] Building C object zephyr/CMakeFiles/zephyr.dir/lib/utils/dec.c.obj
[adlrvp_npcx:rw] [158/394] Building C object zephyr/drivers/flash/CMakeFiles/drivers__flash.dir/flash_npcx_fiu_nor.c.obj
[lapis:rw] [190/392] Building C object zephyr/arch/arch/arm/core/cortex_m/CMakeFiles/arch__arm__core__cortex_m.dir/fault.c.obj
[pirrha:rw] [151/393] Building C object zephyr/CMakeFiles/zephyr.dir/lib/os/clock.c.obj
[pirrha:rw] [152/393] Building C object zephyr/CMakeFiles/zephyr.dir/lib/os/printk.c.obj
[fatcatrvp-ite:rw] [89/370] Building C object CMakeFiles/app.dir/mnt/host/source/src/platform/ec/build/zephyr/fatcatrvp-ite/modules/ec/common/lid_switch.c.obj
[fatcatrvp-ite:ro] [120/370] Building C object zephyr/CMakeFiles/zephyr.dir/lib/os/assert.c.obj
[fatcatrvp-ite:ro] [121/370] Building C object zephyr/CMakeFiles/zephyr.dir/lib/utils/hex.c.obj
[lapis:rw] [191/392] Building C object zephyr/arch/arch/arm/core/cortex_m/CMakeFiles/arch__arm__core__cortex_m.dir/fpu.c.obj
[lapis:rw] [192/392] Building ASM object zephyr/arch/arch/arm/core/cortex_m/CMakeFiles/arch__arm__core__cortex_m.dir/reset.S.obj
[pirrha:rw] [153/393] Building C object zephyr/CMakeFiles/zephyr.dir/lib/os/sem.c.obj
[fatcatrvp-ite:ro] [122/370] Building C object zephyr/CMakeFiles/zephyr.dir/lib/utils/timeutil.c.obj
[adlrvp_npcx:rw] [159/394] Building C object zephyr/drivers/flash/CMakeFiles/drivers__flash.dir/flash_npcx_fiu_qspi.c.obj
[lapis:rw] [193/392] Building C object zephyr/arch/arch/arm/core/cortex_m/CMakeFiles/arch__arm__core__cortex_m.dir/scb.c.obj
[lapis:rw] [194/392] Building ASM object zephyr/arch/arch/arm/core/cortex_m/CMakeFiles/arch__arm__core__cortex_m.dir/vector_table.S.obj
[adlrvp_npcx:rw] [160/394] Linking C static library zephyr/drivers/flash/libdrivers__flash.a
[pirrha:rw] [154/393] Building C object zephyr/CMakeFiles/zephyr.dir/lib/os/cbprintf_nano.c.obj
[fatcatrvp-ite:rw] [90/370] Building C object CMakeFiles/app.dir/mnt/host/source/src/platform/ec/build/zephyr/fatcatrvp-ite/modules/ec/common/port80.c.obj
[fatcatrvp-ite:rw] [91/370] Building C object CMakeFiles/app.dir/mnt/host/source/src/platform/ec/build/zephyr/fatcatrvp-ite/modules/ec/common/mkbp_event.c.obj
[pirrha:rw] [155/393] Building C object zephyr/CMakeFiles/zephyr.dir/lib/os/thread_entry.c.obj
[lapis:rw] [195/392] Building C object zephyr/arch/arch/arm/core/cortex_m/CMakeFiles/arch__arm__core__cortex_m.dir/thread_abort.c.obj
[pirrha:rw] [156/393] Building C object zephyr/CMakeFiles/zephyr.dir/lib/utils/dec.c.obj
[adlrvp_npcx:rw] [161/394] Building C object zephyr/drivers/gpio/CMakeFiles/drivers__gpio.dir/gpio_npcx.c.obj
[pirrha:rw] [157/393] Building C object zephyr/CMakeFiles/zephyr.dir/lib/os/cbprintf.c.obj
[fatcatrvp-ite:ro] [123/370] Building C object zephyr/CMakeFiles/zephyr.dir/lib/utils/rb.c.obj
[lapis:rw] [196/392] Building ASM object zephyr/arch/arch/arm/core/cortex_m/CMakeFiles/arch__arm__core__cortex_m.dir/swap_helper.S.obj
[pirrha:rw] [158/393] Building C object zephyr/CMakeFiles/zephyr.dir/lib/os/assert.c.obj
[fatcatrvp-ite:rw] [92/370] Building C object CMakeFiles/app.dir/mnt/host/source/src/platform/ec/build/zephyr/fatcatrvp-ite/modules/ec/common/power_button.c.obj
[pirrha:rw] [159/393] Building C object zephyr/CMakeFiles/zephyr.dir/lib/utils/hex.c.obj
[fatcatrvp-ite:ro] [124/370] Building C object zephyr/CMakeFiles/zephyr.dir/lib/utils/bitmask.c.obj
[lapis:rw] [197/392] Building C object zephyr/arch/arch/arm/core/cortex_m/CMakeFiles/arch__arm__core__cortex_m.dir/irq_manage.c.obj
[fatcatrvp-ite:ro] [125/370] Building C object zephyr/CMakeFiles/zephyr.dir/lib/utils/bitarray.c.obj
[pirrha:rw] [160/393] Building C object zephyr/CMakeFiles/zephyr.dir/lib/utils/rb.c.obj
[fatcatrvp-ite:rw] [93/370] Building C object CMakeFiles/app.dir/mnt/host/source/src/platform/ec/build/zephyr/fatcatrvp-ite/modules/ec/power/hibernate.c.obj
[pirrha:rw] [161/393] Building C object zephyr/CMakeFiles/zephyr.dir/lib/utils/timeutil.c.obj
[lapis:rw] [198/392] Building C object zephyr/arch/arch/arm/core/cortex_m/CMakeFiles/arch__arm__core__cortex_m.dir/prep_c.c.obj
[adlrvp_npcx:rw] [162/394] Building C object zephyr/drivers/gpio/CMakeFiles/drivers__gpio.dir/gpio_pca95xx.c.obj
[fatcatrvp-ite:rw] [94/370] Building C object CMakeFiles/app.dir/mnt/host/source/src/platform/ec/build/zephyr/fatcatrvp-ite/modules/ec/common/panic_output.c.obj
[adlrvp_npcx:rw] [163/394] Linking C static library zephyr/drivers/gpio/libdrivers__gpio.a
[adlrvp_npcx:rw] [164/394] Building C object zephyr/drivers/i2c/CMakeFiles/drivers__i2c.dir/i2c_common.c.obj
[lapis:rw] [199/392] Building C object zephyr/arch/arch/arm/core/cortex_m/CMakeFiles/arch__arm__core__cortex_m.dir/thread.c.obj
[pirrha:rw] [162/393] Building C object zephyr/CMakeFiles/zephyr.dir/lib/utils/bitmask.c.obj
[lapis:rw] [200/392] Building C object zephyr/arch/arch/arm/core/cortex_m/CMakeFiles/arch__arm__core__cortex_m.dir/cpu_idle.c.obj
[pirrha:rw] [163/393] Building C object zephyr/CMakeFiles/zephyr.dir/lib/utils/bitarray.c.obj
[fatcatrvp-ite:ro] [126/370] Building C object zephyr/CMakeFiles/zephyr.dir/lib/utils/getopt/getopt_common.c.obj
[fatcatrvp-ite:rw] [95/370] Building C object CMakeFiles/app.dir/mnt/host/source/src/platform/ec/build/zephyr/fatcatrvp-ite/modules/ec/common/shared_mem.c.obj
[/mnt/host/source/src/platform/ec/build/zephyr/pujjolo-lcov]   /mnt/host/source/src/platform/ec/build/zephyr/pujjolo/build-rw/zephyr/drivers/sensor/CMakeFiles/drivers__sensor.dir/mnt/host/source/src/third_party/zephyr/main/misc/empty_file.c.gcno:no functions found
[fatcatrvp-ite:ro] [127/370] Building C object zephyr/CMakeFiles/zephyr.dir/lib/utils/getopt/getopt.c.obj
[/mnt/host/source/src/platform/ec/build/zephyr/pujjolo-lcov] Filter suppressions 'region':
[fatcatrvp-ite:ro] [128/370] Building C object zephyr/CMakeFiles/zephyr.dir/lib/utils/last_section_id.c.obj
[/mnt/host/source/src/platform/ec/build/zephyr/pujjolo-lcov]     41 instances
[/mnt/host/source/src/platform/ec/build/zephyr/pujjolo-lcov]     38 coverpoints
[/mnt/host/source/src/platform/ec/build/zephyr/pujjolo-lcov] Message summary:
[/mnt/host/source/src/platform/ec/build/zephyr/pujjolo-lcov]   35 ignore messages:
[/mnt/host/source/src/platform/ec/build/zephyr/pujjolo-lcov]     gcov: 35
[pirrha:rw] [164/393] Building C object zephyr/CMakeFiles/zephyr.dir/lib/utils/getopt/getopt.c.obj
[lapis:rw] [201/392] Building C object zephyr/arch/arch/arm/core/cortex_m/CMakeFiles/arch__arm__core__cortex_m.dir/irq_init.c.obj
[fatcatrvp-ite:ro] [129/370] Building C object zephyr/CMakeFiles/zephyr.dir/lib/utils/ring_buffer.c.obj
[pirrha:rw] [165/393] Building C object zephyr/CMakeFiles/zephyr.dir/lib/utils/ring_buffer.c.obj
[lapis:rw] [202/392] Generating ../../../include/generated/libc/minimal/strerror_table.h
[pirrha:rw] [166/393] Building C object zephyr/CMakeFiles/zephyr.dir/lib/utils/last_section_id.c.obj
[pirrha:rw] [167/393] Building C object zephyr/CMakeFiles/zephyr.dir/misc/generated/configs.c.obj
[lapis:rw] [203/392] Building C object zephyr/arch/arch/arm/core/cortex_m/CMakeFiles/arch__arm__core__cortex_m.dir/isr_wrapper.c.obj
[lapis:rw] [204/392] Building C object zephyr/lib/libc/minimal/CMakeFiles/lib__libc__minimal.dir/source/stdlib/atoi.c.obj
[fatcatrvp-ite:rw] [96/370] Building C object CMakeFiles/app.dir/mnt/host/source/src/platform/ec/build/zephyr/fatcatrvp-ite/modules/ec/common/switch.c.obj
[/mnt/host/source/src/platform/ec/build/zephyr/ptlgcs-lcov]   /mnt/host/source/src/platform/ec/build/zephyr/ptlgcs/build-rw/zephyr/CMakeFiles/zephyr.dir/lib/utils/last_section_id.c.gcno:no functions found
[/mnt/host/source/src/platform/ec/build/zephyr/ptlgcs-lcov] stderr:
[lapis:rw] [205/392] Building C object zephyr/arch/arch/arm/core/cortex_m/cmse/CMakeFiles/arch__arm__core__cortex_m__cmse.dir/arm_core_cmse.c.obj
[pirrha:rw] [168/393] Building C object zephyr/CMakeFiles/zephyr.dir/lib/utils/getopt/getopt_common.c.obj
[fatcatrvp-ite:rw] [97/370] Building C object CMakeFiles/app.dir/mnt/host/source/src/platform/ec/build/zephyr/fatcatrvp-ite/modules/ec/common/thermal.c.obj
[fatcatrvp-ite:ro] [130/370] Building ASM object zephyr/CMakeFiles/zephyr.dir/soc/ite/ec/common/soc_irq.S.obj
[lapis:rw] [206/392] Linking C static library zephyr/arch/arch/arm/core/cortex_m/libarch__arm__core__cortex_m.a
[adlrvp_npcx:rw] [165/394] Building C object zephyr/drivers/i2c/CMakeFiles/drivers__i2c.dir/i2c_npcx_controller.c.obj
[lapis:rw] [207/392] Linking C static library zephyr/arch/arch/arm/core/cortex_m/cmse/libarch__arm__core__cortex_m__cmse.a
[adlrvp_npcx:rw] [166/394] Building C object zephyr/drivers/i2c/CMakeFiles/drivers__i2c.dir/i2c_shell.c.obj
[lapis:rw] [208/392] Building C object zephyr/lib/libc/minimal/CMakeFiles/lib__libc__minimal.dir/source/stdlib/strtol.c.obj
[fatcatrvp-ite:ro] [131/370] Building C object zephyr/CMakeFiles/zephyr.dir/misc/generated/configs.c.obj
[pirrha:rw] [169/393] Building ASM object zephyr/CMakeFiles/zephyr.dir/soc/ite/ec/common/soc_irq.S.obj
[lapis:rw] [209/392] Building C object zephyr/lib/libc/minimal/CMakeFiles/lib__libc__minimal.dir/source/stdlib/strtoll.c.obj
[lapis:rw] [210/392] Building C object zephyr/lib/libc/minimal/CMakeFiles/lib__libc__minimal.dir/source/stdlib/strtoull.c.obj
[lapis:rw] [211/392] Building C object zephyr/lib/libc/minimal/CMakeFiles/lib__libc__minimal.dir/source/stdlib/strtoul.c.obj
[fatcatrvp-ite:ro] [132/370] Building C object zephyr/CMakeFiles/zephyr.dir/soc/ite/ec/common/soc_common_irq.c.obj
[fatcatrvp-ite:rw] [98/370] Building C object CMakeFiles/app.dir/mnt/host/source/src/platform/ec/build/zephyr/fatcatrvp-ite/modules/ec/common/temp_sensor.c.obj
[lapis:rw] [212/392] Building C object zephyr/lib/libc/minimal/CMakeFiles/lib__libc__minimal.dir/source/stdlib/bsearch.c.obj
[pirrha:rw] [170/393] Building C object zephyr/CMakeFiles/zephyr.dir/soc/ite/ec/common/soc_common_irq.c.obj
[lapis:rw] [213/392] Building C object zephyr/lib/libc/minimal/CMakeFiles/lib__libc__minimal.dir/source/stdlib/qsort.c.obj
[lapis:rw] [214/392] Building C object zephyr/lib/libc/minimal/CMakeFiles/lib__libc__minimal.dir/source/string/strerror.c.obj
[lapis:rw] [215/392] Building C object zephyr/lib/libc/minimal/CMakeFiles/lib__libc__minimal.dir/source/string/strncasecmp.c.obj
[pirrha:rw] [171/393] Building C object zephyr/CMakeFiles/zephyr.dir/soc/ite/ec/common/power.c.obj
[lapis:rw] [216/392] Building C object zephyr/lib/libc/minimal/CMakeFiles/lib__libc__minimal.dir/source/string/strstr.c.obj
[fatcatrvp-ite:ro] [133/370] Building C object zephyr/CMakeFiles/zephyr.dir/soc/ite/ec/common/power.c.obj
[fatcatrvp-ite:ro] [134/370] Building C object zephyr/CMakeFiles/zephyr.dir/soc/ite/ec/common/policy.c.obj
[lapis:rw] [217/392] Building C object zephyr/lib/libc/minimal/CMakeFiles/lib__libc__minimal.dir/source/stdlib/exit.c.obj
[pirrha:rw] [172/393] Building C object zephyr/CMakeFiles/zephyr.dir/soc/ite/ec/common/policy.c.obj
[adlrvp_npcx:rw] [167/394] Building C object zephyr/drivers/i2c/CMakeFiles/drivers__i2c.dir/i2c_npcx_controller_fifo.c.obj
[adlrvp_npcx:rw] [168/394] Building C object zephyr/drivers/i2c/CMakeFiles/drivers__i2c.dir/i2c_npcx_port.c.obj
[fatcatrvp-ite:rw] [99/370] Building C object CMakeFiles/app.dir/mnt/host/source/src/platform/ec/build/zephyr/fatcatrvp-ite/modules/ec/driver/temp_sensor/thermistor.c.obj
[lapis:rw] [218/392] Building C object zephyr/lib/libc/minimal/CMakeFiles/lib__libc__minimal.dir/source/string/strspn.c.obj
[lapis:rw] [219/392] Building C object zephyr/lib/libc/minimal/CMakeFiles/lib__libc__minimal.dir/source/string/string.c.obj
[adlrvp_npcx:rw] [169/394] Linking C static library zephyr/drivers/i2c/libdrivers__i2c.a
[fatcatrvp-ite:ro] [135/370] Building C object zephyr/CMakeFiles/zephyr.dir/soc/ite/ec/it8xxx2/soc.c.obj
[fatcatrvp-ite:rw] [100/370] Building C object CMakeFiles/app.dir/mnt/host/source/src/platform/ec/build/zephyr/fatcatrvp-ite/modules/ec/common/timer.c.obj
[pirrha:rw] [173/393] Building C object zephyr/CMakeFiles/zephyr.dir/soc/ite/ec/it8xxx2/soc.c.obj
[fatcatrvp-ite:ro] [136/370] Building ASM object zephyr/CMakeFiles/zephyr.dir/soc/ite/ec/it8xxx2/vector.S.obj
[pirrha:rw] [174/393] Building ASM object zephyr/CMakeFiles/zephyr.dir/soc/ite/ec/it8xxx2/vector.S.obj
[fatcatrvp-ite:rw] [101/370] Building C object CMakeFiles/app.dir/mnt/host/source/src/platform/ec/build/zephyr/fatcatrvp-ite/modules/ec/common/usbc_utils.c.obj
[fatcatrvp-ite:ro] [137/370] Building C object zephyr/CMakeFiles/zephyr.dir/soc/ite/ec/it8xxx2/check_regs.c.obj
[pirrha:rw] [175/393] Building ASM object zephyr/CMakeFiles/zephyr.dir/soc/ite/ec/it8xxx2/__arithmetic.S.obj
[pirrha:rw] [176/393] Building C object zephyr/CMakeFiles/zephyr.dir/soc/ite/ec/it8xxx2/check_regs.c.obj
[lapis:rw] [220/392] Building C object zephyr/lib/libc/minimal/CMakeFiles/lib__libc__minimal.dir/source/stdout/stdout_console.c.obj
[lapis:rw] [221/392] Building C object zephyr/lib/libc/minimal/CMakeFiles/lib__libc__minimal.dir/source/stdout/sprintf.c.obj
[lapis:rw] [222/392] Building C object zephyr/lib/libc/minimal/CMakeFiles/lib__libc__minimal.dir/source/stdout/fprintf.c.obj
[adlrvp_npcx:rw] [170/394] Building C object zephyr/drivers/pinctrl/CMakeFiles/drivers__pinctrl.dir/common.c.obj
[lapis:rw] [223/392] Building C object zephyr/lib/libc/minimal/CMakeFiles/lib__libc__minimal.dir/source/math/sqrtf.c.obj
[adlrvp_npcx:rw] [171/394] Building C object zephyr/drivers/pinctrl/CMakeFiles/drivers__pinctrl.dir/pinctrl_npcx.c.obj
[lapis:rw] [224/392] Building C object zephyr/lib/libc/minimal/CMakeFiles/lib__libc__minimal.dir/source/math/sqrt.c.obj
[adlrvp_npcx:rw] [172/394] Linking C static library zephyr/drivers/pinctrl/libdrivers__pinctrl.a
[fatcatrvp-ite:ro] [138/370] Building C object zephyr/CMakeFiles/zephyr.dir/soc/ite/ec/it8xxx2/ilm.c.obj
[fatcatrvp-ite:rw] [102/370] Building C object CMakeFiles/app.dir/mnt/host/source/src/platform/ec/build/zephyr/fatcatrvp-ite/modules/ec/common/usb_common.c.obj
[pirrha:rw] [177/393] Building C object zephyr/CMakeFiles/zephyr.dir/subsys/logging/log_minimal.c.obj
[fatcatrvp-ite:ro] [139/370] Building C object zephyr/CMakeFiles/zephyr.dir/subsys/logging/log_minimal.c.obj
[pirrha:rw] [178/393] Building C object zephyr/CMakeFiles/zephyr.dir/subsys/pm/pm.c.obj
[fatcatrvp-ite:rw] [103/370] Building C object CMakeFiles/app.dir/mnt/host/source/src/platform/ec/build/zephyr/fatcatrvp-ite/modules/ec/common/usb_pd_host_cmd_common.c.obj
[pirrha:rw] [179/393] Building C object zephyr/CMakeFiles/zephyr.dir/soc/ite/ec/it8xxx2/ilm.c.obj
[lapis:rw] [225/392] Building C object zephyr/lib/libc/common/CMakeFiles/lib__libc__common.dir/source/time/asctime.c.obj
[fatcatrvp-ite:rw] [104/370] Building C object CMakeFiles/app.dir/mnt/host/source/src/platform/ec/build/zephyr/fatcatrvp-ite/modules/ec/common/vboot_hash.c.obj
[fatcatrvp-ite:ro] [140/370] Building C object zephyr/CMakeFiles/zephyr.dir/subsys/pm/pm.c.obj
[lapis:rw] [226/392] Building C object zephyr/lib/libc/common/CMakeFiles/lib__libc__common.dir/source/time/gmtime_r.c.obj
[lapis:rw] [227/392] Building C object zephyr/lib/libc/minimal/CMakeFiles/lib__libc__minimal.dir/source/time/gmtime.c.obj
[lapis:rw] [228/392] Building C object zephyr/lib/libc/common/CMakeFiles/lib__libc__common.dir/source/stdlib/abort.c.obj
[fatcatrvp-ite:ro] [141/370] Building C object zephyr/CMakeFiles/zephyr.dir/subsys/pm/state.c.obj
[adlrvp_npcx:rw] [173/394] Building C object zephyr/drivers/pwm/CMakeFiles/drivers__pwm.dir/pwm_shell.c.obj
[pirrha:rw] [180/393] Building C object zephyr/CMakeFiles/zephyr.dir/subsys/pm/state.c.obj
[lapis:rw] [229/392] Linking C static library zephyr/lib/libc/minimal/liblib__libc__minimal.a
[lapis:rw] [230/392] Building C object zephyr/lib/libc/common/CMakeFiles/lib__libc__common.dir/source/time/localtime_r_utc.c.obj
[adlrvp_npcx:rw] [174/394] Building C object zephyr/drivers/sensor/CMakeFiles/drivers__sensor.dir/mnt/host/source/src/third_party/zephyr/main/misc/empty_file.c.obj
[adlrvp_npcx:rw] [175/394] Building C object zephyr/drivers/pwm/CMakeFiles/drivers__pwm.dir/pwm_npcx.c.obj
[adlrvp_npcx:rw] [176/394] Linking C static library zephyr/drivers/pwm/libdrivers__pwm.a
[adlrvp_npcx:rw] [177/394] Linking C static library zephyr/drivers/sensor/libdrivers__sensor.a
[pirrha:rw] [181/393] Building C object zephyr/CMakeFiles/zephyr.dir/subsys/pm/policy/policy_latency.c.obj
[pirrha:rw] [182/393] Building C object zephyr/CMakeFiles/zephyr.dir/subsys/pm/policy/policy_events.c.obj
[lapis:rw] [231/392] Building C object zephyr/lib/libc/common/CMakeFiles/lib__libc__common.dir/source/time/ctime.c.obj
[lapis:rw] [232/392] Building C object zephyr/lib/libc/common/CMakeFiles/lib__libc__common.dir/source/time/time.c.obj
[fatcatrvp-ite:ro] [142/370] Building C object zephyr/CMakeFiles/zephyr.dir/subsys/pm/policy/policy_events.c.obj
[lapis:rw] [233/392] Building C object zephyr/lib/posix/c_lib_ext/CMakeFiles/lib__posix__c_lib_ext.dir/fnmatch.c.obj
[lapis:rw] [234/392] Building C object zephyr/lib/libc/common/CMakeFiles/lib__libc__common.dir/source/string/strnlen.c.obj
[fatcatrvp-ite:ro] [143/370] Building C object zephyr/CMakeFiles/zephyr.dir/subsys/pm/policy/policy_latency.c.obj
[fatcatrvp-ite:rw] [105/370] Building C object CMakeFiles/app.dir/mnt/host/source/src/platform/ec/build/zephyr/fatcatrvp-ite/modules/ec/common/button.c.obj
[fatcatrvp-ite:ro] [144/370] Building C object zephyr/CMakeFiles/zephyr.dir/subsys/pm/policy/policy_state_lock.c.obj
[fatcatrvp-ite:rw] [106/370] Building C object CMakeFiles/app.dir/mnt/host/source/src/platform/ec/build/zephyr/fatcatrvp-ite/modules/ec/common/vstore.c.obj
[lapis:rw] [235/392] Building C object zephyr/lib/libc/common/CMakeFiles/lib__libc__common.dir/source/stdlib/malloc.c.obj
[fatcatrvp-ite:rw] [107/370] Building C object CMakeFiles/app.dir/mnt/host/source/src/platform/ec/build/zephyr/fatcatrvp-ite/modules/ec/common/vboot/efs2.c.obj
[pirrha:rw] [183/393] Building C object zephyr/CMakeFiles/zephyr.dir/subsys/pm/policy/policy_state_lock.c.obj
[lapis:rw] [236/392] Linking C static library zephyr/lib/libc/common/liblib__libc__common.a
[pirrha:rw] [184/393] Building C object zephyr/CMakeFiles/zephyr.dir/subsys/pm/device.c.obj
[pirrha:rw] [185/393] Building C object zephyr/CMakeFiles/zephyr.dir/subsys/pm/device_system_managed.c.obj
[lapis:rw] [237/392] Building C object zephyr/lib/posix/c_lib_ext/CMakeFiles/lib__posix__c_lib_ext.dir/getopt_shim.c.obj
[fatcatrvp-ite:ro] [145/370] Building C object zephyr/CMakeFiles/zephyr.dir/subsys/pm/device.c.obj
[adlrvp_npcx:rw] [178/394] Building C object zephyr/drivers/sensor/nuvoton/nuvoton_tach_npcx/CMakeFiles/drivers__sensor__nuvoton__nuvoton_tach_npcx.dir/tach_nuvoton_npcx.c.obj
[lapis:rw] [238/392] Building C object zephyr/lib/posix/c_lib_ext/CMakeFiles/lib__posix__c_lib_ext.dir/getentropy.c.obj
[adlrvp_npcx:rw] [179/394] Building C object zephyr/drivers/serial/CMakeFiles/drivers__serial.dir/uart_npcx.c.obj
[lapis:rw] [239/392] Building C object zephyr/subsys/crc/CMakeFiles/subsys__crc.dir/crc4_sw.c.obj
[adlrvp_npcx:rw] [180/394] Linking C static library zephyr/drivers/sensor/nuvoton/nuvoton_tach_npcx/libdrivers__sensor__nuvoton__nuvoton_tach_npcx.a
[lapis:rw] [240/392] Linking C static library zephyr/lib/posix/c_lib_ext/liblib__posix__c_lib_ext.a
[lapis:rw] [241/392] Building C object zephyr/lib/smf/CMakeFiles/lib__smf.dir/smf.c.obj
[adlrvp_npcx:rw] [181/394] Linking C static library zephyr/drivers/serial/libdrivers__serial.a
[fatcatrvp-ite:ro] [146/370] Building C object zephyr/CMakeFiles/zephyr.dir/subsys/pm/device_runtime.c.obj
[lapis:rw] [242/392] Building C object zephyr/subsys/crc/CMakeFiles/subsys__crc.dir/crc8_sw.c.obj
[pirrha:rw] [186/393] Building C object zephyr/CMakeFiles/zephyr.dir/subsys/testsuite/coverage/coverage.c.obj
[lapis:rw] [243/392] Linking C static library zephyr/lib/smf/liblib__smf.a
[fatcatrvp-ite:rw] [108/370] Building C object CMakeFiles/app.dir/mnt/host/source/src/platform/ec/build/zephyr/fatcatrvp-ite/modules/ec/common/math_util.c.obj
[fatcatrvp-ite:ro] [147/370] Building C object zephyr/CMakeFiles/zephyr.dir/subsys/pm/device_system_managed.c.obj
[lapis:rw] [244/392] Building C object zephyr/subsys/crc/CMakeFiles/subsys__crc.dir/crc16_sw.c.obj
[lapis:rw] [245/392] Building C object zephyr/subsys/crc/CMakeFiles/subsys__crc.dir/crc7_sw.c.obj
[lapis:rw] [246/392] Building C object zephyr/subsys/crc/CMakeFiles/subsys__crc.dir/crc24_sw.c.obj
[pirrha:rw] [187/393] Building C object zephyr/CMakeFiles/zephyr.dir/subsys/tracing/tracing_none.c.obj
[fatcatrvp-ite:rw] [109/370] Building C object CMakeFiles/app.dir/mnt/host/source/src/platform/ec/build/zephyr/fatcatrvp-ite/modules/ec/driver/led/max695x.c.obj
[lapis:rw] [247/392] Building C object zephyr/subsys/crc/CMakeFiles/subsys__crc.dir/crc32c_sw.c.obj
[lapis:rw] [248/392] Building C object zephyr/subsys/crc/CMakeFiles/subsys__crc.dir/crc32_sw.c.obj
[pirrha:rw] [188/393] Building C object zephyr/CMakeFiles/zephyr.dir/subsys/shell/modules/kernel_service/kernel_shell.c.obj
[lapis:rw] [249/392] Building C object zephyr/subsys/crc/CMakeFiles/subsys__crc.dir/crc32k_4_2_sw.c.obj
[fatcatrvp-ite:rw] [110/370] Building C object CMakeFiles/app.dir/mnt/host/source/src/platform/ec/zephyr/program/intelrvp/ptlrvp/src/board_power.c.obj
[fatcatrvp-ite:ro] [148/370] Building C object zephyr/CMakeFiles/zephyr.dir/subsys/testsuite/coverage/coverage.c.obj
[lapis:rw] [250/392] Linking C static library zephyr/subsys/crc/libsubsys__crc.a
[/mnt/host/source/src/platform/ec/build/zephyr/tanjiro-lcov]   /mnt/host/source/src/platform/ec/build/zephyr/tanjiro/build-rw/zephyr/CMakeFiles/zephyr.dir/soc/ite/ec/it8xxx2/check_regs.c.gcno:no functions found
[/mnt/host/source/src/platform/ec/build/zephyr/tanjiro-lcov] stderr:
[adlrvp_npcx:rw] [182/394] Building C object zephyr/drivers/syscon/CMakeFiles/drivers__syscon.dir/syscon.c.obj
[fatcatrvp-ite:ro] [149/370] Building C object zephyr/CMakeFiles/zephyr.dir/subsys/tracing/tracing_none.c.obj
[lapis:rw] [251/392] Building C object zephyr/subsys/input/CMakeFiles/subsys__input.dir/input_hid.c.obj
[adlrvp_npcx:rw] [183/394] Linking C static library zephyr/drivers/syscon/libdrivers__syscon.a
[adlrvp_npcx:rw] [184/394] Building C object zephyr/drivers/timer/CMakeFiles/drivers__timer.dir/sys_clock_init.c.obj
[lapis:rw] [252/392] Building C object zephyr/drivers/interrupt_controller/CMakeFiles/drivers__interrupt_controller.dir/mnt/host/source/src/third_party/zephyr/main/misc/empty_file.c.obj
[fatcatrvp-ite:ro] [150/370] Building C object zephyr/CMakeFiles/zephyr.dir/subsys/shell/modules/kernel_service/kernel_shell.c.obj
[lapis:rw] [253/392] Linking C static library zephyr/drivers/interrupt_controller/libdrivers__interrupt_controller.a
[pirrha:rw] [189/393] Building C object zephyr/CMakeFiles/zephyr.dir/subsys/shell/modules/kernel_service/sleep.c.obj
[lapis:rw] [254/392] Building C object zephyr/subsys/input/CMakeFiles/subsys__input.dir/input.c.obj
[pirrha:rw] [190/393] Building C object zephyr/CMakeFiles/zephyr.dir/subsys/shell/modules/kernel_service/cycles.c.obj
[fatcatrvp-ite:rw] [111/370] Building C object zephyr/CMakeFiles/zephyr.dir/lib/libc/validate_libc.c.obj
[fatcatrvp-ite:rw] [112/370] Building C object CMakeFiles/app.dir/mnt/host/source/src/platform/ec/zephyr/program/intelrvp/src/dc_jack.c.obj
[pirrha:rw] [191/393] Building C object zephyr/CMakeFiles/zephyr.dir/subsys/shell/modules/kernel_service/uptime.c.obj
[fatcatrvp-ite:rw] [113/370] Building C object CMakeFiles/app.dir/mnt/host/source/src/platform/ec/zephyr/program/intelrvp/src/kbd_strauss.c.obj
[lapis:rw] [255/392] Building C object zephyr/subsys/input/CMakeFiles/subsys__input.dir/input_utils.c.obj
[fatcatrvp-ite:ro] [151/370] Building C object zephyr/CMakeFiles/zephyr.dir/subsys/shell/modules/kernel_service/cycles.c.obj
[lapis:rw] [256/392] Linking C static library zephyr/subsys/input/libsubsys__input.a
[fatcatrvp-ite:rw] [114/370] Linking C static library app/libapp.a
[fatcatrvp-ite:ro] [152/370] Building C object zephyr/CMakeFiles/zephyr.dir/subsys/shell/modules/kernel_service/sleep.c.obj
[adlrvp_npcx:rw] [185/394] Building C object zephyr/drivers/timer/CMakeFiles/drivers__timer.dir/npcx_itim_timer.c.obj
[fatcatrvp-ite:ro] [153/370] Building C object zephyr/CMakeFiles/zephyr.dir/subsys/shell/modules/kernel_service/uptime.c.obj
[lapis:rw] [257/392] Building C object zephyr/drivers/bbram/CMakeFiles/drivers__bbram.dir/bbram_rts5912.c.obj
[adlrvp_npcx:rw] [186/394] Building C object zephyr/drivers/watchdog/CMakeFiles/drivers__watchdog.dir/wdt_npcx.c.obj
[pirrha:rw] [192/393] Building C object zephyr/CMakeFiles/zephyr.dir/subsys/shell/modules/kernel_service/version.c.obj
[adlrvp_npcx:rw] [187/394] Linking C static library zephyr/drivers/timer/libdrivers__timer.a
[pirrha:rw] [193/393] Building C object zephyr/CMakeFiles/zephyr.dir/subsys/shell/modules/kernel_service/thread/thread.c.obj
[lapis:rw] [258/392] Linking C static library zephyr/drivers/bbram/libdrivers__bbram.a
[lapis:rw] [259/392] Building C object zephyr/drivers/clock_control/CMakeFiles/drivers__clock_control.dir/clock_control_rts5912_sccon.c.obj
[lapis:rw] [260/392] Linking C static library zephyr/drivers/clock_control/libdrivers__clock_control.a
[lapis:rw] [261/392] Building C object zephyr/drivers/console/CMakeFiles/drivers__console.dir/uart_console.c.obj
[fatcatrvp-ite:rw] [115/370] Building C object zephyr/CMakeFiles/zephyr.dir/lib/heap/heap.c.obj
[fatcatrvp-ite:rw] [116/370] Building C object zephyr/CMakeFiles/zephyr.dir/lib/os/cbprintf_packaged.c.obj
[lapis:rw] [262/392] Linking C static library zephyr/drivers/console/libdrivers__console.a
[pirrha:rw] [194/393] Building C object zephyr/CMakeFiles/zephyr.dir/subsys/shell/modules/kernel_service/thread/list.c.obj
[fatcatrvp-ite:ro] [154/370] Building C object zephyr/CMakeFiles/zephyr.dir/subsys/shell/modules/kernel_service/version.c.obj
[fatcatrvp-ite:ro] [155/370] Building C object zephyr/CMakeFiles/zephyr.dir/subsys/shell/modules/kernel_service/thread/thread.c.obj
[fatcatrvp-ite:ro] [156/370] Building C object zephyr/CMakeFiles/zephyr.dir/subsys/shell/modules/kernel_service/thread/list.c.obj
[/mnt/host/source/src/platform/ec/build/zephyr/ptlgcs-lcov]   /mnt/host/source/src/platform/ec/build/zephyr/ptlgcs/build-rw/zephyr/drivers/sensor/CMakeFiles/drivers__sensor.dir/mnt/host/source/src/third_party/zephyr/main/misc/empty_file.c.gcno:no functions found
[/mnt/host/source/src/platform/ec/build/zephyr/ptlgcs-lcov] Filter suppressions 'region':
[fatcatrvp-ite:rw] [117/370] Building C object zephyr/CMakeFiles/zephyr.dir/lib/os/clock.c.obj
[/mnt/host/source/src/platform/ec/build/zephyr/ptlgcs-lcov]     36 instances
[/mnt/host/source/src/platform/ec/build/zephyr/ptlgcs-lcov]     26 coverpoints
[/mnt/host/source/src/platform/ec/build/zephyr/ptlgcs-lcov] Message summary:
[/mnt/host/source/src/platform/ec/build/zephyr/ptlgcs-lcov]   25 ignore messages:
[/mnt/host/source/src/platform/ec/build/zephyr/ptlgcs-lcov]     gcov: 25
[pirrha:rw] [195/393] Building C object zephyr/CMakeFiles/zephyr.dir/subsys/shell/modules/kernel_service/thread/unwind.c.obj
[pirrha:rw] [196/393] Building C object zephyr/CMakeFiles/zephyr.dir/subsys/shell/modules/kernel_service/thread/stacks.c.obj
[lapis:rw] [263/392] Building C object zephyr/drivers/crypto/CMakeFiles/drivers__crypto.dir/crypto_rts5912_sha.c.obj
[lapis:rw] [264/392] Building C object zephyr/drivers/counter/CMakeFiles/drivers__counter.dir/counter_realtek_rts5912.c.obj
[adlrvp_npcx:rw] [188/394] Building C object zephyr/drivers/watchdog/CMakeFiles/drivers__watchdog.dir/wdt_shell.c.obj
[adlrvp_npcx:rw] [189/394] Linking C static library zephyr/drivers/watchdog/libdrivers__watchdog.a
[lapis:rw] [265/392] Linking C static library zephyr/drivers/crypto/libdrivers__crypto.a
[lapis:rw] [266/392] Linking C static library zephyr/drivers/counter/libdrivers__counter.a
[fatcatrvp-ite:rw] [118/370] Building C object zephyr/CMakeFiles/zephyr.dir/lib/os/printk.c.obj
[fatcatrvp-ite:rw] [119/370] Building C object zephyr/CMakeFiles/zephyr.dir/lib/os/sem.c.obj
[pirrha:rw] [197/393] Building C object zephyr/CMakeFiles/zephyr.dir/subsys/shell/modules/kernel_service/thread/suspend.c.obj
[fatcatrvp-ite:ro] [157/370] Building C object zephyr/CMakeFiles/zephyr.dir/subsys/shell/modules/kernel_service/thread/stacks.c.obj
[adlrvp_npcx:rw] [190/394] Building C object modules/ec/zephyr/CMakeFiles/ec_shim.dir/app/ec/ec_app_main.c.obj
[lapis:rw] [267/392] Building C object zephyr/drivers/espi/CMakeFiles/drivers__espi.dir/espi_realtek_rts5912.c.obj
[fatcatrvp-ite:ro] [158/370] Building C object zephyr/CMakeFiles/zephyr.dir/subsys/shell/modules/kernel_service/thread/unwind.c.obj
[fatcatrvp-ite:rw] [120/370] Building C object zephyr/CMakeFiles/zephyr.dir/lib/os/thread_entry.c.obj
[pirrha:rw] [198/393] Building C object zephyr/CMakeFiles/zephyr.dir/subsys/shell/modules/kernel_service/thread/resume.c.obj
[fatcatrvp-ite:ro] [159/370] Building C object zephyr/CMakeFiles/zephyr.dir/subsys/shell/modules/kernel_service/thread/suspend.c.obj
[lapis:rw] [268/392] Linking C static library zephyr/drivers/espi/libdrivers__espi.a
[fatcatrvp-ite:rw] [121/370] Building C object zephyr/CMakeFiles/zephyr.dir/lib/os/cbprintf_nano.c.obj
[pirrha:rw] [199/393] Building C object zephyr/CMakeFiles/zephyr.dir/subsys/shell/modules/kernel_service/thread/kill.c.obj
[lapis:rw] [269/392] Building C object zephyr/drivers/flash/CMakeFiles/drivers__flash.dir/flash_realtek_rts5912.c.obj
[lapis:rw] [270/392] Linking C static library zephyr/drivers/flash/libdrivers__flash.a
[fatcatrvp-ite:rw] [122/370] Building C object zephyr/CMakeFiles/zephyr.dir/lib/utils/dec.c.obj
[pirrha:rw] [200/393] Building C object zephyr/CMakeFiles/zephyr.dir/subsys/shell/modules/device_service.c.obj
[fatcatrvp-ite:rw] [123/370] Building C object zephyr/CMakeFiles/zephyr.dir/lib/os/assert.c.obj
[fatcatrvp-ite:rw] [124/370] Building C object zephyr/CMakeFiles/zephyr.dir/lib/os/cbprintf.c.obj
[adlrvp_npcx:rw] [191/394] Building C object modules/ec/zephyr/CMakeFiles/ec_shim.dir/app/ec/main_shim.c.obj
[fatcatrvp-ite:rw] [125/370] Building C object zephyr/CMakeFiles/zephyr.dir/lib/utils/hex.c.obj
[fatcatrvp-ite:ro] [160/370] Building C object zephyr/CMakeFiles/zephyr.dir/subsys/shell/modules/kernel_service/thread/resume.c.obj
[lapis:rw] [271/392] Building C object zephyr/drivers/i2c/CMakeFiles/drivers__i2c.dir/i2c_common.c.obj
[lapis:rw] [272/392] Building C object zephyr/drivers/gpio/CMakeFiles/drivers__gpio.dir/gpio_rts5912.c.obj
[fatcatrvp-ite:rw] [126/370] Building C object zephyr/CMakeFiles/zephyr.dir/lib/utils/timeutil.c.obj
[fatcatrvp-ite:rw] [127/370] Building C object zephyr/CMakeFiles/zephyr.dir/lib/utils/bitmask.c.obj
[fatcatrvp-ite:ro] [161/370] Building C object zephyr/CMakeFiles/zephyr.dir/subsys/shell/modules/kernel_service/thread/kill.c.obj
[pirrha:rw] [201/393] Building C object zephyr/CMakeFiles/zephyr.dir/subsys/shell/modules/date_service.c.obj
[pirrha:rw] [202/393] Building C object zephyr/CMakeFiles/zephyr.dir/subsys/shell/modules/devmem_service.c.obj
[adlrvp_npcx:rw] [192/394] Building C object modules/ec/zephyr/CMakeFiles/ec_shim.dir/drivers/cros_flash/cros_flash_npcx.c.obj
[lapis:rw] [273/392] Linking C static library zephyr/drivers/gpio/libdrivers__gpio.a
[lapis:rw] [274/392] Building C object zephyr/drivers/i2c/CMakeFiles/drivers__i2c.dir/i2c_shell.c.obj
[fatcatrvp-ite:ro] [162/370] Building C object zephyr/CMakeFiles/zephyr.dir/subsys/shell/backends/shell_uart.c.obj
[fatcatrvp-ite:rw] [128/370] Building C object zephyr/CMakeFiles/zephyr.dir/lib/utils/rb.c.obj
[pirrha:rw] [203/393] Building C object zephyr/CMakeFiles/zephyr.dir/subsys/shell/backends/shell_uart.c.obj
[fatcatrvp-ite:rw] [129/370] Building C object zephyr/CMakeFiles/zephyr.dir/lib/utils/bitarray.c.obj
[/mnt/host/source/src/platform/ec/build/zephyr/tanjiro-lcov]   /mnt/host/source/src/platform/ec/build/zephyr/tanjiro/build-rw/zephyr/drivers/syscon/CMakeFiles/drivers__syscon.dir/mnt/host/source/src/third_party/zephyr/main/misc/empty_file.c.gcno:no functions found
[/mnt/host/source/src/platform/ec/build/zephyr/tanjiro-lcov] Filter suppressions 'region':
[/mnt/host/source/src/platform/ec/build/zephyr/tanjiro-lcov]     37 instances
[/mnt/host/source/src/platform/ec/build/zephyr/tanjiro-lcov]     26 coverpoints
[/mnt/host/source/src/platform/ec/build/zephyr/tanjiro-lcov] Message summary:
[/mnt/host/source/src/platform/ec/build/zephyr/tanjiro-lcov]   23 ignore messages:
[/mnt/host/source/src/platform/ec/build/zephyr/tanjiro-lcov]     gcov: 23
[fatcatrvp-ite:rw] [130/370] Building C object zephyr/CMakeFiles/zephyr.dir/lib/utils/last_section_id.c.obj
[fatcatrvp-ite:rw] [131/370] Building C object zephyr/CMakeFiles/zephyr.dir/lib/utils/ring_buffer.c.obj
[fatcatrvp-ite:rw] [132/370] Building C object zephyr/CMakeFiles/zephyr.dir/lib/utils/getopt/getopt_common.c.obj
[fatcatrvp-ite:rw] [133/370] Building C object zephyr/CMakeFiles/zephyr.dir/lib/utils/getopt/getopt.c.obj
[adlrvp_npcx:rw] [193/394] Building C object modules/ec/zephyr/CMakeFiles/ec_shim.dir/drivers/cros_kb_raw/cros_kb_raw_npcx.c.obj
[fatcatrvp-ite:ro] [163/370] Building C object zephyr/CMakeFiles/zephyr.dir/subsys/shell/shell_fprintf.c.obj
[lapis:rw] [275/392] Building C object zephyr/drivers/input/CMakeFiles/drivers__input.dir/input_kbd_matrix.c.obj
[pirrha:rw] [204/393] Building C object zephyr/CMakeFiles/zephyr.dir/subsys/shell/shell_fprintf.c.obj
[pirrha:rw] [205/393] Building C object zephyr/CMakeFiles/zephyr.dir/subsys/shell/shell.c.obj
[lapis:rw] [276/392] Building C object zephyr/drivers/i2c/CMakeFiles/drivers__i2c.dir/i2c_dw.c.obj
[lapis:rw] [277/392] Building C object zephyr/drivers/i2c/CMakeFiles/drivers__i2c.dir/i2c_realtek_rts5912.c.obj
[fatcatrvp-ite:ro] [164/370] Building C object zephyr/CMakeFiles/zephyr.dir/subsys/shell/shell.c.obj
[fatcatrvp-ite:rw] [134/370] Building ASM object zephyr/CMakeFiles/zephyr.dir/soc/ite/ec/common/soc_irq.S.obj
[lapis:rw] [278/392] Linking C static library zephyr/drivers/i2c/libdrivers__i2c.a
[pirrha:rw] [206/393] Building C object zephyr/CMakeFiles/zephyr.dir/subsys/shell/shell_utils.c.obj
[adlrvp_npcx:rw] [194/394] Building C object modules/ec/zephyr/CMakeFiles/ec_shim.dir/drivers/cros_rtc/cros_rtc_npcx.c.obj
[fatcatrvp-ite:rw] [135/370] Building C object zephyr/CMakeFiles/zephyr.dir/misc/generated/configs.c.obj
[fatcatrvp-ite:ro] [165/370] Building C object zephyr/CMakeFiles/zephyr.dir/subsys/shell/shell_utils.c.obj
[fatcatrvp-ite:rw] [136/370] Building C object zephyr/CMakeFiles/zephyr.dir/soc/ite/ec/common/soc_common_irq.c.obj
[fatcatrvp-ite:rw] [137/370] Building C object zephyr/CMakeFiles/zephyr.dir/soc/ite/ec/common/policy.c.obj
[fatcatrvp-ite:rw] [138/370] Building C object zephyr/CMakeFiles/zephyr.dir/soc/ite/ec/common/power.c.obj
[lapis:rw] [279/392] Building C object zephyr/drivers/input/CMakeFiles/drivers__input.dir/input_realtek_rts5912_kbd.c.obj
[lapis:rw] [280/392] Building C object zephyr/drivers/pinctrl/CMakeFiles/drivers__pinctrl.dir/common.c.obj
[pirrha:rw] [207/393] Building C object zephyr/CMakeFiles/zephyr.dir/subsys/shell/shell_help.c.obj
[lapis:rw] [281/392] Linking C static library zephyr/drivers/input/libdrivers__input.a
[pirrha:rw] [208/393] Building C object zephyr/CMakeFiles/zephyr.dir/subsys/shell/shell_ops.c.obj
[lapis:rw] [282/392] Building C object zephyr/drivers/led_strip/CMakeFiles/drivers__led_strip.dir/ws2812_spi.c.obj
[fatcatrvp-ite:ro] [166/370] Building C object zephyr/CMakeFiles/zephyr.dir/subsys/shell/shell_help.c.obj
[fatcatrvp-ite:ro] [167/370] Building C object zephyr/CMakeFiles/zephyr.dir/subsys/shell/shell_ops.c.obj
[fatcatrvp-ite:rw] [139/370] Building ASM object zephyr/CMakeFiles/zephyr.dir/soc/ite/ec/it8xxx2/vector.S.obj
[lapis:rw] [283/392] Linking C static library zephyr/drivers/led_strip/libdrivers__led_strip.a
[fatcatrvp-ite:rw] [140/370] Building C object zephyr/CMakeFiles/zephyr.dir/soc/ite/ec/it8xxx2/soc.c.obj
[pirrha:rw] [209/393] Building C object zephyr/CMakeFiles/zephyr.dir/subsys/shell/shell_cmds.c.obj
[adlrvp_npcx:rw] [195/394] Building C object modules/ec/zephyr/CMakeFiles/ec_shim.dir/drivers/cros_system/cros_system_npcx.c.obj
[fatcatrvp-ite:rw] [141/370] Building C object zephyr/CMakeFiles/zephyr.dir/soc/ite/ec/it8xxx2/check_regs.c.obj
[fatcatrvp-ite:ro] [168/370] Building C object zephyr/CMakeFiles/zephyr.dir/subsys/shell/shell_history.c.obj
[lapis:rw] [284/392] Building C object zephyr/drivers/pinctrl/CMakeFiles/drivers__pinctrl.dir/pinctrl_realtek_rts5912.c.obj
[fatcatrvp-ite:rw] [142/370] Building C object zephyr/CMakeFiles/zephyr.dir/soc/ite/ec/it8xxx2/ilm.c.obj
[lapis:rw] [285/392] Linking C static library zephyr/drivers/pinctrl/libdrivers__pinctrl.a
[adlrvp_npcx:rw] [196/394] Building C object modules/ec/zephyr/CMakeFiles/ec_shim.dir/drivers/vivaldi_kbd/vivaldi_kbd.c.obj
[pirrha:rw] [210/393] Building C object zephyr/CMakeFiles/zephyr.dir/subsys/shell/shell_history.c.obj
[fatcatrvp-ite:rw] [143/370] Building C object zephyr/CMakeFiles/zephyr.dir/subsys/pm/state.c.obj
[lapis:rw] [286/392] Building C object zephyr/drivers/pwm/CMakeFiles/drivers__pwm.dir/pwm_shell.c.obj
[fatcatrvp-ite:ro] [169/370] Building C object zephyr/arch/common/CMakeFiles/arch__common.dir/sw_isr_common.c.obj
[lapis:rw] [287/392] Building C object zephyr/drivers/sensor/CMakeFiles/drivers__sensor.dir/mnt/host/source/src/third_party/zephyr/main/misc/empty_file.c.obj
[fatcatrvp-ite:rw] [144/370] Building C object zephyr/CMakeFiles/zephyr.dir/subsys/logging/log_minimal.c.obj
[fatcatrvp-ite:ro] [170/370] Building C object zephyr/CMakeFiles/zephyr.dir/drivers/flash/flash_util.c.obj
[pirrha:rw] [211/393] Building C object zephyr/CMakeFiles/zephyr.dir/subsys/shell/shell_wildcard.c.obj
[lapis:rw] [288/392] Linking C static library zephyr/drivers/sensor/libdrivers__sensor.a
[lapis:rw] [289/392] Building C object zephyr/drivers/pwm/CMakeFiles/drivers__pwm.dir/pwm_realtek_rts5912.c.obj
[fatcatrvp-ite:ro] [171/370] Building C object zephyr/arch/common/CMakeFiles/arch__common.dir/dynamic_isr.c.obj
[lapis:rw] [290/392] Linking C static library zephyr/drivers/pwm/libdrivers__pwm.a
[fatcatrvp-ite:rw] [145/370] Building C object zephyr/CMakeFiles/zephyr.dir/subsys/pm/pm.c.obj
[fatcatrvp-ite:rw] [146/370] Building C object zephyr/CMakeFiles/zephyr.dir/subsys/pm/policy/policy_events.c.obj
[fatcatrvp-ite:ro] [172/370] Linking C static library zephyr/libzephyr.a
[pirrha:rw] [212/393] Building C object zephyr/CMakeFiles/zephyr.dir/drivers/flash/flash_util.c.obj
[pirrha:rw] [213/393] Building C object zephyr/arch/common/CMakeFiles/arch__common.dir/sw_isr_common.c.obj
[fatcatrvp-ite:ro] [173/370] Building C object zephyr/arch/common/CMakeFiles/arch__common.dir/init.c.obj
[adlrvp_npcx:rw] [197/394] Building C object modules/ec/zephyr/CMakeFiles/ec_shim.dir/shim/chip/npcx/clock.c.obj
[pirrha:rw] [214/393] Linking C static library zephyr/libzephyr.a
[fatcatrvp-ite:rw] [147/370] Building C object zephyr/CMakeFiles/zephyr.dir/subsys/pm/policy/policy_latency.c.obj
[fatcatrvp-ite:rw] [148/370] Building C object zephyr/CMakeFiles/zephyr.dir/subsys/pm/policy/policy_state_lock.c.obj
[pirrha:rw] [215/393] Building C object zephyr/arch/common/CMakeFiles/arch__common.dir/dynamic_isr.c.obj
[lapis:rw] [291/392] Building C object zephyr/drivers/sensor/realtek/rts5912/CMakeFiles/drivers__sensor__realtek__rts5912.dir/rts5912.c.obj
[lapis:rw] [292/392] Building C object zephyr/drivers/serial/CMakeFiles/drivers__serial.dir/uart_ns16550.c.obj
[lapis:rw] [293/392] Linking C static library zephyr/drivers/sensor/realtek/rts5912/libdrivers__sensor__realtek__rts5912.a
[adlrvp_npcx:rw] [198/394] Building C object modules/ec/zephyr/CMakeFiles/ec_shim.dir/shim/chip/npcx/gpio.c.obj
[fatcatrvp-ite:ro] [174/370] Building C object zephyr/arch/common/CMakeFiles/arch__common.dir/xip.c.obj
[fatcatrvp-ite:ro] [175/370] Building C object zephyr/arch/common/CMakeFiles/isr_tables.dir/isr_tables.c.obj
[pirrha:rw] [216/393] Building C object zephyr/arch/common/CMakeFiles/arch__common.dir/init.c.obj
[fatcatrvp-ite:rw] [149/370] Building C object zephyr/CMakeFiles/zephyr.dir/subsys/pm/device_system_managed.c.obj
[fatcatrvp-ite:ro] [176/370] Linking C static library zephyr/arch/common/libisr_tables.a
[fatcatrvp-ite:rw] [150/370] Building C object zephyr/CMakeFiles/zephyr.dir/subsys/pm/device.c.obj
[lapis:rw] [294/392] Building C object zephyr/drivers/serial/CMakeFiles/drivers__serial.dir/uart_realtek_rts5912.c.obj
[fatcatrvp-ite:ro] [177/370] Linking C static library zephyr/arch/common/libarch__common.a
[fatcatrvp-ite:ro] [178/370] Building C object zephyr/arch/arch/riscv/core/CMakeFiles/arch__riscv__core.dir/cpu_idle.c.obj
[pirrha:rw] [217/393] Building C object zephyr/arch/common/CMakeFiles/arch__common.dir/xip.c.obj
[lapis:rw] [295/392] Linking C static library zephyr/drivers/serial/libdrivers__serial.a
[fatcatrvp-ite:rw] [151/370] Building C object zephyr/CMakeFiles/zephyr.dir/subsys/pm/device_runtime.c.obj
[fatcatrvp-ite:rw] [152/370] Building C object zephyr/CMakeFiles/zephyr.dir/subsys/testsuite/coverage/coverage.c.obj
[fatcatrvp-ite:rw] [153/370] Building C object zephyr/CMakeFiles/zephyr.dir/subsys/tracing/tracing_none.c.obj
[fatcatrvp-ite:ro] [179/370] Building C object zephyr/arch/arch/riscv/core/CMakeFiles/arch__riscv__core.dir/prep_c.c.obj
[lapis:rw] [296/392] Building C object zephyr/drivers/timer/CMakeFiles/drivers__timer.dir/sys_clock_init.c.obj
[pirrha:rw] [218/393] Building C object zephyr/arch/common/CMakeFiles/isr_tables.dir/isr_tables.c.obj
[adlrvp_npcx:rw] [199/394] Building C object modules/ec/zephyr/CMakeFiles/ec_shim.dir/shim/chip/npcx/rom_chip.c.obj
[pirrha:rw] [219/393] Building C object zephyr/arch/arch/riscv/core/CMakeFiles/arch__riscv__core.dir/cpu_idle.c.obj
[pirrha:rw] [220/393] Linking C static library zephyr/arch/common/libisr_tables.a
[lapis:rw] [297/392] Building C object zephyr/drivers/spi/CMakeFiles/drivers__spi.dir/spi_rts5912_spi.c.obj
[pirrha:rw] [221/393] Linking C static library zephyr/arch/common/libarch__common.a
[adlrvp_npcx:rw] [200/394] Building C object modules/ec/zephyr/CMakeFiles/ec_shim.dir/shim/chip/npcx/keyboard_raw.c.obj
[lapis:rw] [298/392] Linking C static library zephyr/drivers/spi/libdrivers__spi.a
[fatcatrvp-ite:rw] [154/370] Building C object zephyr/CMakeFiles/zephyr.dir/subsys/shell/modules/kernel_service/kernel_shell.c.obj
[lapis:rw] [299/392] Building C object zephyr/drivers/timer/CMakeFiles/drivers__timer.dir/realtek_rts5912_rtmr.c.obj
[fatcatrvp-ite:ro] [180/370] Building C object zephyr/arch/arch/riscv/core/CMakeFiles/arch__riscv__core.dir/fatal.c.obj
[fatcatrvp-ite:rw] [155/370] Building C object zephyr/CMakeFiles/zephyr.dir/subsys/shell/modules/kernel_service/cycles.c.obj
[lapis:rw] [300/392] Linking C static library zephyr/drivers/timer/libdrivers__timer.a
[pirrha:rw] [222/393] Building C object zephyr/arch/arch/riscv/core/CMakeFiles/arch__riscv__core.dir/fatal.c.obj
[fatcatrvp-ite:rw] [156/370] Building C object zephyr/CMakeFiles/zephyr.dir/subsys/shell/modules/kernel_service/sleep.c.obj
[fatcatrvp-ite:ro] [181/370] Building C object zephyr/arch/arch/riscv/core/CMakeFiles/arch__riscv__core.dir/irq_manage.c.obj
[pirrha:rw] [223/393] Building C object zephyr/arch/arch/riscv/core/CMakeFiles/arch__riscv__core.dir/prep_c.c.obj
[fatcatrvp-ite:ro] [182/370] Building C object zephyr/arch/arch/riscv/core/CMakeFiles/arch__riscv__core.dir/reboot.c.obj
[fatcatrvp-ite:rw] [157/370] Building C object zephyr/CMakeFiles/zephyr.dir/subsys/shell/modules/kernel_service/version.c.obj
[fatcatrvp-ite:rw] [158/370] Building C object zephyr/CMakeFiles/zephyr.dir/subsys/shell/modules/kernel_service/uptime.c.obj
[lapis:rw] [301/392] Building C object zephyr/drivers/watchdog/CMakeFiles/drivers__watchdog.dir/wdt_counter.c.obj
[pirrha:rw] [224/393] Building C object zephyr/arch/arch/riscv/core/CMakeFiles/arch__riscv__core.dir/irq_manage.c.obj
[lapis:rw] [302/392] Building C object zephyr/drivers/watchdog/CMakeFiles/drivers__watchdog.dir/wdt_rts5912.c.obj
[fatcatrvp-ite:rw] [159/370] Building C object zephyr/CMakeFiles/zephyr.dir/subsys/shell/modules/kernel_service/thread/list.c.obj
[fatcatrvp-ite:rw] [160/370] Building C object zephyr/CMakeFiles/zephyr.dir/subsys/shell/modules/kernel_service/thread/thread.c.obj
[adlrvp_npcx:rw] [201/394] Building C object modules/ec/zephyr/CMakeFiles/ec_shim.dir/shim/chip/npcx/system.c.obj
[fatcatrvp-ite:ro] [183/370] Building ASM object zephyr/arch/arch/riscv/core/CMakeFiles/arch__riscv__core.dir/reset.S.obj
[lapis:rw] [303/392] Building C object zephyr/drivers/watchdog/CMakeFiles/drivers__watchdog.dir/wdt_shell.c.obj
[pirrha:rw] [225/393] Building C object zephyr/arch/arch/riscv/core/CMakeFiles/arch__riscv__core.dir/reboot.c.obj
[lapis:rw] [304/392] Linking C static library zephyr/drivers/watchdog/libdrivers__watchdog.a
[fatcatrvp-ite:rw] [161/370] Building C object zephyr/CMakeFiles/zephyr.dir/subsys/shell/modules/kernel_service/thread/stacks.c.obj
[fatcatrvp-ite:ro] [184/370] Building ASM object zephyr/arch/arch/riscv/core/CMakeFiles/arch__riscv__core.dir/switch.S.obj
[fatcatrvp-ite:ro] [185/370] Building C object zephyr/arch/arch/riscv/core/CMakeFiles/arch__riscv__core.dir/thread.c.obj
[adlrvp_npcx:rw] [202/394] Building C object modules/ec/zephyr/CMakeFiles/ec_shim.dir/shim/chip/npcx/system_external_storage.c.obj
[fatcatrvp-ite:ro] [186/370] Generating ../../../include/generated/libc/minimal/strerror_table.h
[pirrha:rw] [226/393] Building ASM object zephyr/arch/arch/riscv/core/CMakeFiles/arch__riscv__core.dir/reset.S.obj
[fatcatrvp-ite:rw] [162/370] Building C object zephyr/CMakeFiles/zephyr.dir/subsys/shell/modules/kernel_service/thread/suspend.c.obj
[fatcatrvp-ite:rw] [163/370] Building C object zephyr/CMakeFiles/zephyr.dir/subsys/shell/modules/kernel_service/thread/unwind.c.obj
[pirrha:rw] [227/393] Building ASM object zephyr/arch/arch/riscv/core/CMakeFiles/arch__riscv__core.dir/switch.S.obj
[fatcatrvp-ite:ro] [187/370] Building C object zephyr/lib/libc/minimal/CMakeFiles/lib__libc__minimal.dir/source/stdlib/atoi.c.obj
[fatcatrvp-ite:rw] [164/370] Building C object zephyr/CMakeFiles/zephyr.dir/subsys/shell/modules/kernel_service/thread/resume.c.obj
[fatcatrvp-ite:ro] [188/370] Building C object zephyr/lib/libc/minimal/CMakeFiles/lib__libc__minimal.dir/source/stdlib/strtol.c.obj
[lapis:rw] [305/392] Building C object modules/ec/zephyr/CMakeFiles/ec_shim.dir/app/ec/main_shim.c.obj
[lapis:rw] [306/392] Building C object modules/ec/zephyr/CMakeFiles/ec_shim.dir/app/ec/ec_app_main.c.obj
[pirrha:rw] [228/393] Building C object zephyr/arch/arch/riscv/core/CMakeFiles/arch__riscv__core.dir/thread.c.obj
[pirrha:rw] [229/393] Generating ../../../include/generated/libc/minimal/strerror_table.h
[fatcatrvp-ite:ro] [189/370] Building ASM object zephyr/arch/arch/riscv/core/CMakeFiles/arch__riscv__core.dir/isr.S.obj
[fatcatrvp-ite:rw] [165/370] Building C object zephyr/CMakeFiles/zephyr.dir/subsys/shell/modules/kernel_service/thread/kill.c.obj
[fatcatrvp-ite:ro] [190/370] Building C object zephyr/lib/libc/minimal/CMakeFiles/lib__libc__minimal.dir/source/stdlib/strtoul.c.obj
[pirrha:rw] [230/393] Building C object zephyr/lib/libc/minimal/CMakeFiles/lib__libc__minimal.dir/source/stdlib/atoi.c.obj
[adlrvp_npcx:rw] [203/394] Building C object modules/ec/zephyr/CMakeFiles/ec_shim.dir/shim/chip/npcx/power_policy.c.obj
[fatcatrvp-ite:ro] [191/370] Building C object zephyr/lib/libc/minimal/CMakeFiles/lib__libc__minimal.dir/source/stdlib/strtoll.c.obj
[lapis:rw] [307/392] Building C object modules/ec/zephyr/CMakeFiles/ec_shim.dir/drivers/cros_flash/cros_flash_rtk.c.obj
[pirrha:rw] [231/393] Building ASM object zephyr/arch/arch/riscv/core/CMakeFiles/arch__riscv__core.dir/isr.S.obj
[fatcatrvp-ite:ro] [192/370] Building C object zephyr/arch/arch/riscv/core/CMakeFiles/arch__riscv__core.dir/stacktrace.c.obj
[fatcatrvp-ite:rw] [166/370] Building C object zephyr/CMakeFiles/zephyr.dir/subsys/shell/backends/shell_uart.c.obj
[fatcatrvp-ite:ro] [193/370] Linking C static library zephyr/arch/arch/riscv/core/libarch__riscv__core.a
[fatcatrvp-ite:ro] [194/370] Building C object zephyr/lib/libc/minimal/CMakeFiles/lib__libc__minimal.dir/source/stdlib/strtoull.c.obj
[pirrha:rw] [232/393] Building C object zephyr/lib/libc/minimal/CMakeFiles/lib__libc__minimal.dir/source/stdlib/strtol.c.obj
[pirrha:rw] [233/393] Building C object zephyr/arch/arch/riscv/core/CMakeFiles/arch__riscv__core.dir/stacktrace.c.obj
[fatcatrvp-ite:ro] [195/370] Building C object zephyr/lib/libc/minimal/CMakeFiles/lib__libc__minimal.dir/source/stdlib/bsearch.c.obj
[pirrha:rw] [234/393] Building C object zephyr/lib/libc/minimal/CMakeFiles/lib__libc__minimal.dir/source/stdlib/strtoul.c.obj
[adlrvp_npcx:rw] [204/394] Building C object modules/ec/zephyr/CMakeFiles/ec_shim.dir/shim/core/cortex-m/mpu.c.obj
[fatcatrvp-ite:rw] [167/370] Building C object zephyr/CMakeFiles/zephyr.dir/subsys/shell/shell_fprintf.c.obj
[pirrha:rw] [235/393] Linking C static library zephyr/arch/arch/riscv/core/libarch__riscv__core.a
[pirrha:rw] [236/393] Building C object zephyr/lib/libc/minimal/CMakeFiles/lib__libc__minimal.dir/source/stdlib/strtoull.c.obj
[pirrha:rw] [237/393] Building C object zephyr/lib/libc/minimal/CMakeFiles/lib__libc__minimal.dir/source/stdlib/strtoll.c.obj
[fatcatrvp-ite:ro] [196/370] Building C object zephyr/lib/libc/minimal/CMakeFiles/lib__libc__minimal.dir/source/string/strerror.c.obj
[lapis:rw] [308/392] Building C object modules/ec/zephyr/CMakeFiles/ec_shim.dir/drivers/cros_kblight/pwm_kblight.c.obj
[pirrha:rw] [238/393] Building C object zephyr/lib/libc/minimal/CMakeFiles/lib__libc__minimal.dir/source/stdlib/bsearch.c.obj
[lapis:rw] [309/392] Building C object modules/ec/zephyr/CMakeFiles/ec_shim.dir/drivers/cros_system/cros_system_rtk.c.obj
[fatcatrvp-ite:rw] [168/370] Building C object zephyr/CMakeFiles/zephyr.dir/subsys/shell/shell_utils.c.obj
[fatcatrvp-ite:rw] [169/370] Building C object zephyr/CMakeFiles/zephyr.dir/subsys/shell/shell.c.obj
[fatcatrvp-ite:ro] [197/370] Building C object zephyr/lib/libc/minimal/CMakeFiles/lib__libc__minimal.dir/source/stdlib/qsort.c.obj
[lapis:rw] [310/392] Building C object modules/ec/zephyr/CMakeFiles/ec_shim.dir/drivers/keyboard_input/keyboard_customization_check.c.obj
[fatcatrvp-ite:ro] [198/370] Building C object zephyr/lib/libc/minimal/CMakeFiles/lib__libc__minimal.dir/source/string/strstr.c.obj
[fatcatrvp-ite:ro] [199/370] Building C object zephyr/lib/libc/minimal/CMakeFiles/lib__libc__minimal.dir/source/string/strncasecmp.c.obj
[fatcatrvp-ite:rw] [170/370] Building C object zephyr/CMakeFiles/zephyr.dir/subsys/shell/shell_ops.c.obj
[pirrha:rw] [239/393] Building C object zephyr/lib/libc/minimal/CMakeFiles/lib__libc__minimal.dir/source/stdlib/qsort.c.obj
[pirrha:rw] [240/393] Building C object zephyr/lib/libc/minimal/CMakeFiles/lib__libc__minimal.dir/source/string/strerror.c.obj
[lapis:rw] [311/392] Building C object modules/ec/zephyr/CMakeFiles/ec_shim.dir/drivers/keyboard_input/keyboard_input.c.obj
[adlrvp_npcx:rw] [205/394] Building C object modules/ec/zephyr/CMakeFiles/ec_shim.dir/shim/core/cortex-m/panic.c.obj
[fatcatrvp-ite:ro] [200/370] Building C object zephyr/lib/libc/minimal/CMakeFiles/lib__libc__minimal.dir/source/stdlib/exit.c.obj
[fatcatrvp-ite:rw] [171/370] Building C object zephyr/CMakeFiles/zephyr.dir/subsys/shell/shell_help.c.obj
[fatcatrvp-ite:ro] [201/370] Building C object zephyr/lib/libc/minimal/CMakeFiles/lib__libc__minimal.dir/source/string/strspn.c.obj
[fatcatrvp-ite:ro] [202/370] Building C object zephyr/lib/libc/minimal/CMakeFiles/lib__libc__minimal.dir/source/string/string.c.obj
[pirrha:rw] [241/393] Building C object zephyr/lib/libc/minimal/CMakeFiles/lib__libc__minimal.dir/source/string/strstr.c.obj
[pirrha:rw] [242/393] Building C object zephyr/lib/libc/minimal/CMakeFiles/lib__libc__minimal.dir/source/string/strncasecmp.c.obj
[fatcatrvp-ite:rw] [172/370] Building C object zephyr/CMakeFiles/zephyr.dir/subsys/shell/shell_history.c.obj
[adlrvp_npcx:rw] [206/394] Building C object modules/ec/zephyr/CMakeFiles/ec_shim.dir/shim/src/crc.c.obj
[pirrha:rw] [243/393] Building C object zephyr/lib/libc/minimal/CMakeFiles/lib__libc__minimal.dir/source/stdlib/exit.c.obj
[pirrha:rw] [244/393] Building C object zephyr/lib/libc/minimal/CMakeFiles/lib__libc__minimal.dir/source/string/strspn.c.obj
[fatcatrvp-ite:rw] [173/370] Building C object zephyr/arch/common/CMakeFiles/arch__common.dir/sw_isr_common.c.obj
[lapis:rw] [312/392] Building C object modules/ec/zephyr/CMakeFiles/ec_shim.dir/drivers/keyboard_input/col_gpio_drive.c.obj
[pirrha:rw] [245/393] Building C object zephyr/lib/libc/minimal/CMakeFiles/lib__libc__minimal.dir/source/string/string.c.obj
[adlrvp_npcx:rw] [207/394] Building C object modules/ec/zephyr/CMakeFiles/ec_shim.dir/shim/src/console.c.obj
[lapis:rw] [313/392] Building C object modules/ec/zephyr/CMakeFiles/ec_shim.dir/drivers/usbc/ucsi_v3.c.obj
[fatcatrvp-ite:rw] [174/370] Building C object zephyr/arch/common/CMakeFiles/arch__common.dir/init.c.obj
[fatcatrvp-ite:rw] [175/370] Building C object zephyr/CMakeFiles/zephyr.dir/drivers/flash/flash_util.c.obj
[fatcatrvp-ite:rw] [176/370] Building C object zephyr/arch/common/CMakeFiles/arch__common.dir/dynamic_isr.c.obj
[fatcatrvp-ite:rw] [177/370] Linking C static library zephyr/libzephyr.a
[fatcatrvp-ite:ro] [203/370] Building C object zephyr/lib/libc/minimal/CMakeFiles/lib__libc__minimal.dir/source/stdout/sprintf.c.obj
[fatcatrvp-ite:ro] [204/370] Building C object zephyr/lib/libc/minimal/CMakeFiles/lib__libc__minimal.dir/source/stdout/stdout_console.c.obj
[fatcatrvp-ite:rw] [178/370] Building C object zephyr/arch/common/CMakeFiles/isr_tables.dir/isr_tables.c.obj
[fatcatrvp-ite:rw] [179/370] Building C object zephyr/arch/common/CMakeFiles/arch__common.dir/xip.c.obj
[pirrha:rw] [246/393] Building C object zephyr/lib/libc/minimal/CMakeFiles/lib__libc__minimal.dir/source/stdout/stdout_console.c.obj
[fatcatrvp-ite:ro] [205/370] Building C object zephyr/lib/libc/minimal/CMakeFiles/lib__libc__minimal.dir/source/stdout/fprintf.c.obj
[fatcatrvp-ite:rw] [180/370] Linking C static library zephyr/arch/common/libisr_tables.a
[fatcatrvp-ite:rw] [181/370] Linking C static library zephyr/arch/common/libarch__common.a
[pirrha:rw] [247/393] Building C object zephyr/lib/libc/minimal/CMakeFiles/lib__libc__minimal.dir/source/stdout/sprintf.c.obj
[pirrha:rw] [248/393] Building C object zephyr/lib/libc/minimal/CMakeFiles/lib__libc__minimal.dir/source/stdout/fprintf.c.obj
[lapis:rw] [314/392] Building C object modules/ec/zephyr/CMakeFiles/ec_shim.dir/drivers/usbc/pdc_rts54xx.c.obj
[fatcatrvp-ite:ro] [206/370] Building C object zephyr/lib/libc/minimal/CMakeFiles/lib__libc__minimal.dir/source/math/sqrtf.c.obj
[pirrha:rw] [249/393] Building C object zephyr/lib/libc/minimal/CMakeFiles/lib__libc__minimal.dir/source/math/sqrtf.c.obj
[fatcatrvp-ite:rw] [182/370] Building C object zephyr/arch/arch/riscv/core/CMakeFiles/arch__riscv__core.dir/cpu_idle.c.obj
[fatcatrvp-ite:ro] [207/370] Building C object zephyr/lib/libc/minimal/CMakeFiles/lib__libc__minimal.dir/source/math/sqrt.c.obj
[fatcatrvp-ite:rw] [183/370] Building C object zephyr/arch/arch/riscv/core/CMakeFiles/arch__riscv__core.dir/prep_c.c.obj
[lapis:rw] [315/392] Building C object modules/ec/zephyr/CMakeFiles/ec_shim.dir/drivers/runtime_keys/runtime_keys.c.obj
[pirrha:rw] [250/393] Building C object zephyr/lib/libc/minimal/CMakeFiles/lib__libc__minimal.dir/source/math/sqrt.c.obj
[lapis:rw] [316/392] Building C object modules/ec/zephyr/CMakeFiles/ec_shim.dir/drivers/boot_keys/boot_keys.c.obj
[fatcatrvp-ite:ro] [208/370] Building C object zephyr/lib/libc/common/CMakeFiles/lib__libc__common.dir/source/time/asctime.c.obj
[adlrvp_npcx:rw] [208/394] Building C object modules/ec/zephyr/CMakeFiles/ec_shim.dir/shim/src/gpio.c.obj
[adlrvp_npcx:rw] [209/394] Building C object modules/ec/zephyr/CMakeFiles/ec_shim.dir/shim/src/gpio_int.c.obj
[fatcatrvp-ite:rw] [184/370] Building C object zephyr/arch/arch/riscv/core/CMakeFiles/arch__riscv__core.dir/irq_manage.c.obj
[fatcatrvp-ite:rw] [185/370] Building C object zephyr/arch/arch/riscv/core/CMakeFiles/arch__riscv__core.dir/fatal.c.obj
[fatcatrvp-ite:ro] [209/370] Building C object zephyr/lib/libc/minimal/CMakeFiles/lib__libc__minimal.dir/source/time/gmtime.c.obj
[pirrha:rw] [251/393] Building C object zephyr/lib/libc/common/CMakeFiles/lib__libc__common.dir/source/time/asctime.c.obj
[fatcatrvp-ite:ro] [210/370] Building C object zephyr/lib/libc/common/CMakeFiles/lib__libc__common.dir/source/time/gmtime_r.c.obj
[fatcatrvp-ite:ro] [211/370] Linking C static library zephyr/lib/libc/minimal/liblib__libc__minimal.a
[fatcatrvp-ite:rw] [186/370] Building C object zephyr/arch/arch/riscv/core/CMakeFiles/arch__riscv__core.dir/reboot.c.obj
[pirrha:rw] [252/393] Building C object zephyr/lib/libc/minimal/CMakeFiles/lib__libc__minimal.dir/source/time/gmtime.c.obj
[pirrha:rw] [253/393] Building C object zephyr/lib/libc/common/CMakeFiles/lib__libc__common.dir/source/time/gmtime_r.c.obj
[fatcatrvp-ite:ro] [212/370] Building C object zephyr/lib/libc/common/CMakeFiles/lib__libc__common.dir/source/stdlib/abort.c.obj
[pirrha:rw] [254/393] Building C object zephyr/lib/libc/common/CMakeFiles/lib__libc__common.dir/source/stdlib/abort.c.obj
[fatcatrvp-ite:rw] [187/370] Building ASM object zephyr/arch/arch/riscv/core/CMakeFiles/arch__riscv__core.dir/switch.S.obj
[lapis:rw] [317/392] Building C object modules/ec/zephyr/CMakeFiles/ec_shim.dir/drivers/vivaldi_kbd/vivaldi_kbd.c.obj
[pirrha:rw] [255/393] Linking C static library zephyr/lib/libc/minimal/liblib__libc__minimal.a
[fatcatrvp-ite:rw] [188/370] Generating ../../../include/generated/libc/minimal/strerror_table.h
[fatcatrvp-ite:rw] [189/370] Building ASM object zephyr/arch/arch/riscv/core/CMakeFiles/arch__riscv__core.dir/reset.S.obj
[fatcatrvp-ite:ro] [213/370] Building C object zephyr/lib/libc/common/CMakeFiles/lib__libc__common.dir/source/time/localtime_r_utc.c.obj
[fatcatrvp-ite:ro] [214/370] Building C object zephyr/lib/libc/common/CMakeFiles/lib__libc__common.dir/source/time/ctime.c.obj
[pirrha:rw] [256/393] Building C object zephyr/lib/libc/common/CMakeFiles/lib__libc__common.dir/source/time/localtime_r_utc.c.obj
[lapis:rw] [318/392] Building C object modules/ec/zephyr/CMakeFiles/ec_shim.dir/shim/chip/rtk/clock.c.obj
[fatcatrvp-ite:ro] [215/370] Building C object zephyr/lib/libc/common/CMakeFiles/lib__libc__common.dir/source/time/time.c.obj
[pirrha:rw] [257/393] Building C object zephyr/lib/libc/common/CMakeFiles/lib__libc__common.dir/source/time/ctime.c.obj
[pirrha:rw] [258/393] Building C object zephyr/lib/libc/common/CMakeFiles/lib__libc__common.dir/source/time/time.c.obj
[fatcatrvp-ite:rw] [190/370] Building C object zephyr/lib/libc/minimal/CMakeFiles/lib__libc__minimal.dir/source/stdlib/atoi.c.obj
[fatcatrvp-ite:ro] [216/370] Building C object zephyr/lib/libc/common/CMakeFiles/lib__libc__common.dir/source/string/strnlen.c.obj
[lapis:rw] [319/392] Building C object modules/ec/zephyr/CMakeFiles/ec_shim.dir/shim/chip/rtk/system_external_storage.c.obj
[fatcatrvp-ite:rw] [191/370] Building C object zephyr/lib/libc/minimal/CMakeFiles/lib__libc__minimal.dir/source/stdlib/strtol.c.obj
[fatcatrvp-ite:rw] [192/370] Building C object zephyr/arch/arch/riscv/core/CMakeFiles/arch__riscv__core.dir/thread.c.obj
[pirrha:rw] [259/393] Building C object zephyr/lib/posix/c_lib_ext/CMakeFiles/lib__posix__c_lib_ext.dir/fnmatch.c.obj
[fatcatrvp-ite:rw] [193/370] Building C object zephyr/lib/libc/minimal/CMakeFiles/lib__libc__minimal.dir/source/stdlib/strtoul.c.obj
[pirrha:rw] [260/393] Building C object zephyr/lib/libc/common/CMakeFiles/lib__libc__common.dir/source/string/strnlen.c.obj
[fatcatrvp-ite:ro] [217/370] Building C object zephyr/lib/posix/c_lib_ext/CMakeFiles/lib__posix__c_lib_ext.dir/fnmatch.c.obj
[fatcatrvp-ite:rw] [194/370] Building C object zephyr/lib/libc/minimal/CMakeFiles/lib__libc__minimal.dir/source/stdlib/strtoll.c.obj
[fatcatrvp-ite:rw] [195/370] Building ASM object zephyr/arch/arch/riscv/core/CMakeFiles/arch__riscv__core.dir/isr.S.obj
[adlrvp_npcx:rw] [210/394] Building C object modules/ec/zephyr/CMakeFiles/ec_shim.dir/shim/src/pm_state.c.obj
[adlrvp_npcx:rw] [211/394] Building C object modules/ec/zephyr/CMakeFiles/ec_shim.dir/shim/src/panic_utils.c.obj
[fatcatrvp-ite:rw] [196/370] Building C object zephyr/lib/libc/minimal/CMakeFiles/lib__libc__minimal.dir/source/stdlib/strtoull.c.obj
[fatcatrvp-ite:rw] [197/370] Building C object zephyr/arch/arch/riscv/core/CMakeFiles/arch__riscv__core.dir/stacktrace.c.obj
[fatcatrvp-ite:rw] [198/370] Building C object zephyr/lib/libc/minimal/CMakeFiles/lib__libc__minimal.dir/source/stdlib/bsearch.c.obj
[fatcatrvp-ite:rw] [199/370] Linking C static library zephyr/arch/arch/riscv/core/libarch__riscv__core.a
[lapis:rw] [320/392] Building C object modules/ec/zephyr/CMakeFiles/ec_shim.dir/shim/chip/rtk/system_download_from_flash.c.obj
[fatcatrvp-ite:rw] [200/370] Building C object zephyr/lib/libc/minimal/CMakeFiles/lib__libc__minimal.dir/source/string/strncasecmp.c.obj
[fatcatrvp-ite:ro] [218/370] Building C object zephyr/lib/libc/common/CMakeFiles/lib__libc__common.dir/source/stdlib/malloc.c.obj
[pirrha:rw] [261/393] Building C object zephyr/lib/libc/common/CMakeFiles/lib__libc__common.dir/source/stdlib/malloc.c.obj
[fatcatrvp-ite:rw] [201/370] Building C object zephyr/lib/libc/minimal/CMakeFiles/lib__libc__minimal.dir/source/stdlib/qsort.c.obj
[fatcatrvp-ite:rw] [202/370] Building C object zephyr/lib/libc/minimal/CMakeFiles/lib__libc__minimal.dir/source/string/strerror.c.obj
[fatcatrvp-ite:ro] [219/370] Linking C static library zephyr/lib/libc/common/liblib__libc__common.a
[fatcatrvp-ite:rw] [203/370] Building C object zephyr/lib/libc/minimal/CMakeFiles/lib__libc__minimal.dir/source/string/strstr.c.obj
[pirrha:rw] [262/393] Linking C static library zephyr/lib/libc/common/liblib__libc__common.a
[lapis:rw] [321/392] Building C object modules/ec/zephyr/CMakeFiles/ec_shim.dir/shim/chip/rtk/power_policy.c.obj
[fatcatrvp-ite:rw] [204/370] Building C object zephyr/lib/libc/minimal/CMakeFiles/lib__libc__minimal.dir/source/string/string.c.obj
[fatcatrvp-ite:rw] [205/370] Building C object zephyr/lib/libc/minimal/CMakeFiles/lib__libc__minimal.dir/source/string/strspn.c.obj
[fatcatrvp-ite:ro] [220/370] Building C object zephyr/lib/posix/c_lib_ext/CMakeFiles/lib__posix__c_lib_ext.dir/getentropy.c.obj
[pirrha:rw] [263/393] Building C object zephyr/lib/posix/c_lib_ext/CMakeFiles/lib__posix__c_lib_ext.dir/getopt_shim.c.obj
[pirrha:rw] [264/393] Building C object zephyr/lib/posix/c_lib_ext/CMakeFiles/lib__posix__c_lib_ext.dir/getentropy.c.obj
[lapis:rw] [322/392] Building C object modules/ec/zephyr/CMakeFiles/ec_shim.dir/shim/src/crc.c.obj
[pirrha:rw] [265/393] Building C object zephyr/subsys/crc/CMakeFiles/subsys__crc.dir/crc4_sw.c.obj
[lapis:rw] [323/392] Building C object modules/ec/zephyr/CMakeFiles/ec_shim.dir/shim/core/cortex-m/panic.c.obj
[pirrha:rw] [266/393] Linking C static library zephyr/lib/posix/c_lib_ext/liblib__posix__c_lib_ext.a
[fatcatrvp-ite:ro] [221/370] Building C object zephyr/lib/posix/c_lib_ext/CMakeFiles/lib__posix__c_lib_ext.dir/getopt_shim.c.obj
[fatcatrvp-ite:ro] [222/370] Building C object zephyr/subsys/crc/CMakeFiles/subsys__crc.dir/crc4_sw.c.obj
[pirrha:rw] [267/393] Building C object zephyr/subsys/crc/CMakeFiles/subsys__crc.dir/crc8_sw.c.obj
[fatcatrvp-ite:rw] [206/370] Building C object zephyr/lib/libc/minimal/CMakeFiles/lib__libc__minimal.dir/source/stdlib/exit.c.obj
[fatcatrvp-ite:ro] [223/370] Linking C static library zephyr/lib/posix/c_lib_ext/liblib__posix__c_lib_ext.a
[pirrha:rw] [268/393] Building C object zephyr/subsys/crc/CMakeFiles/subsys__crc.dir/crc16_sw.c.obj
[fatcatrvp-ite:rw] [207/370] Building C object zephyr/lib/libc/minimal/CMakeFiles/lib__libc__minimal.dir/source/math/sqrtf.c.obj
[pirrha:rw] [269/393] Building C object zephyr/subsys/crc/CMakeFiles/subsys__crc.dir/crc7_sw.c.obj
[pirrha:rw] [270/393] Building C object zephyr/subsys/crc/CMakeFiles/subsys__crc.dir/crc24_sw.c.obj
[fatcatrvp-ite:ro] [224/370] Building C object zephyr/subsys/crc/CMakeFiles/subsys__crc.dir/crc8_sw.c.obj
[pirrha:rw] [271/393] Building C object zephyr/subsys/crc/CMakeFiles/subsys__crc.dir/crc32c_sw.c.obj
[fatcatrvp-ite:ro] [225/370] Building C object zephyr/subsys/crc/CMakeFiles/subsys__crc.dir/crc16_sw.c.obj
[lapis:rw] [324/392] Building C object modules/ec/zephyr/CMakeFiles/ec_shim.dir/shim/src/console.c.obj
[adlrvp_npcx:rw] [212/394] Building C object modules/ec/zephyr/CMakeFiles/ec_shim.dir/shim/src/cbi/cros_cbi.c.obj
[fatcatrvp-ite:ro] [226/370] Building C object zephyr/lib/smf/CMakeFiles/lib__smf.dir/smf.c.obj
[pirrha:rw] [272/393] Building C object zephyr/subsys/crc/CMakeFiles/subsys__crc.dir/crc32_sw.c.obj
[fatcatrvp-ite:rw] [208/370] Building C object zephyr/lib/libc/minimal/CMakeFiles/lib__libc__minimal.dir/source/math/sqrt.c.obj
[adlrvp_npcx:rw] [213/394] Building C object modules/ec/zephyr/CMakeFiles/ec_shim.dir/shim/src/cbi/cbi_eeprom.c.obj
[fatcatrvp-ite:rw] [209/370] Building C object zephyr/lib/libc/minimal/CMakeFiles/lib__libc__minimal.dir/source/stdout/stdout_console.c.obj
[fatcatrvp-ite:ro] [227/370] Linking C static library zephyr/lib/smf/liblib__smf.a
[fatcatrvp-ite:ro] [228/370] Building C object zephyr/subsys/crc/CMakeFiles/subsys__crc.dir/crc7_sw.c.obj
[fatcatrvp-ite:rw] [210/370] Building C object zephyr/lib/libc/minimal/CMakeFiles/lib__libc__minimal.dir/source/stdout/fprintf.c.obj
[pirrha:rw] [273/393] Building C object zephyr/subsys/crc/CMakeFiles/subsys__crc.dir/crc32k_4_2_sw.c.obj
[fatcatrvp-ite:ro] [229/370] Building C object zephyr/subsys/crc/CMakeFiles/subsys__crc.dir/crc24_sw.c.obj
[pirrha:rw] [274/393] Linking C static library zephyr/subsys/crc/libsubsys__crc.a
[adlrvp_npcx:rw] [214/394] Building ASM object modules/ec/zephyr/CMakeFiles/ec_shim.dir/shim/src/libgcc_arm.S.obj
[fatcatrvp-ite:ro] [230/370] Building C object zephyr/subsys/crc/CMakeFiles/subsys__crc.dir/crc32c_sw.c.obj
[fatcatrvp-ite:rw] [211/370] Building C object zephyr/lib/libc/minimal/CMakeFiles/lib__libc__minimal.dir/source/stdout/sprintf.c.obj
[fatcatrvp-ite:ro] [231/370] Building C object zephyr/subsys/crc/CMakeFiles/subsys__crc.dir/crc32_sw.c.obj
[fatcatrvp-ite:rw] [212/370] Building C object zephyr/lib/libc/common/CMakeFiles/lib__libc__common.dir/source/time/gmtime_r.c.obj
[fatcatrvp-ite:ro] [232/370] Building C object zephyr/subsys/crc/CMakeFiles/subsys__crc.dir/crc32k_4_2_sw.c.obj
[fatcatrvp-ite:ro] [233/370] Linking C static library zephyr/subsys/crc/libsubsys__crc.a
[fatcatrvp-ite:rw] [213/370] Building C object zephyr/lib/libc/common/CMakeFiles/lib__libc__common.dir/source/time/asctime.c.obj
[lapis:rw] [325/392] Building C object modules/ec/zephyr/CMakeFiles/ec_shim.dir/shim/src/gpio_int.c.obj
[fatcatrvp-ite:rw] [214/370] Building C object zephyr/lib/libc/minimal/CMakeFiles/lib__libc__minimal.dir/source/time/gmtime.c.obj
[fatcatrvp-ite:rw] [215/370] Building C object zephyr/lib/libc/common/CMakeFiles/lib__libc__common.dir/source/time/localtime_r_utc.c.obj
[fatcatrvp-ite:ro] [234/370] Building C object zephyr/subsys/input/CMakeFiles/subsys__input.dir/input_hid.c.obj
[fatcatrvp-ite:rw] [216/370] Linking C static library zephyr/lib/libc/minimal/liblib__libc__minimal.a
[lapis:rw] [326/392] Building C object modules/ec/zephyr/CMakeFiles/ec_shim.dir/shim/src/gpio.c.obj
[fatcatrvp-ite:rw] [217/370] Building C object zephyr/lib/libc/common/CMakeFiles/lib__libc__common.dir/source/time/ctime.c.obj
[pirrha:rw] [275/393] Building C object zephyr/drivers/interrupt_controller/CMakeFiles/drivers__interrupt_controller.dir/intc_ite_it8xxx2.c.obj
[lapis:rw] [327/392] Building C object modules/ec/zephyr/CMakeFiles/ec_shim.dir/shim/src/panic_utils.c.obj
[fatcatrvp-ite:rw] [218/370] Building C object zephyr/lib/libc/common/CMakeFiles/lib__libc__common.dir/source/string/strnlen.c.obj
[fatcatrvp-ite:rw] [219/370] Building C object zephyr/lib/libc/common/CMakeFiles/lib__libc__common.dir/source/time/time.c.obj
[pirrha:rw] [276/393] Building C object zephyr/drivers/interrupt_controller/CMakeFiles/drivers__interrupt_controller.dir/wuc_ite_it8xxx2.c.obj
[pirrha:rw] [277/393] Linking C static library zephyr/drivers/interrupt_controller/libdrivers__interrupt_controller.a
[fatcatrvp-ite:rw] [220/370] Building C object zephyr/lib/posix/c_lib_ext/CMakeFiles/lib__posix__c_lib_ext.dir/fnmatch.c.obj
[fatcatrvp-ite:rw] [221/370] Building C object zephyr/lib/libc/common/CMakeFiles/lib__libc__common.dir/source/stdlib/abort.c.obj
[pirrha:rw] [278/393] Building C object zephyr/drivers/adc/CMakeFiles/drivers__adc.dir/adc_common.c.obj
[fatcatrvp-ite:rw] [222/370] Building C object zephyr/subsys/crc/CMakeFiles/subsys__crc.dir/crc4_sw.c.obj
[adlrvp_npcx:rw] [215/394] Building C object modules/ec/zephyr/CMakeFiles/ec_shim.dir/shim/src/system.c.obj
[fatcatrvp-ite:ro] [235/370] Building C object zephyr/subsys/input/CMakeFiles/subsys__input.dir/input.c.obj
[fatcatrvp-ite:ro] [236/370] Building C object zephyr/subsys/input/CMakeFiles/subsys__input.dir/input_utils.c.obj
[fatcatrvp-ite:ro] [237/370] Linking C static library zephyr/subsys/input/libsubsys__input.a
[lapis:rw] [328/392] Building C object modules/ec/zephyr/CMakeFiles/ec_shim.dir/shim/src/pm_state.c.obj
[fatcatrvp-ite:rw] [223/370] Building C object zephyr/subsys/crc/CMakeFiles/subsys__crc.dir/crc8_sw.c.obj
[lapis:rw] [329/392] Building C object modules/ec/zephyr/CMakeFiles/ec_shim.dir/shim/src/cbi/cros_cbi.c.obj
[adlrvp_npcx:rw] [216/394] Building C object modules/ec/zephyr/CMakeFiles/ec_shim.dir/shim/src/adc.c.obj
[fatcatrvp-ite:rw] [224/370] Building C object zephyr/lib/posix/c_lib_ext/CMakeFiles/lib__posix__c_lib_ext.dir/getopt_shim.c.obj
[fatcatrvp-ite:rw] [225/370] Building C object zephyr/lib/libc/common/CMakeFiles/lib__libc__common.dir/source/stdlib/malloc.c.obj
[fatcatrvp-ite:ro] [238/370] Building C object zephyr/drivers/interrupt_controller/CMakeFiles/drivers__interrupt_controller.dir/intc_ite_it8xxx2_v2.c.obj
[fatcatrvp-ite:rw] [226/370] Building C object zephyr/subsys/crc/CMakeFiles/subsys__crc.dir/crc16_sw.c.obj
[fatcatrvp-ite:rw] [227/370] Linking C static library zephyr/lib/libc/common/liblib__libc__common.a
[pirrha:rw] [279/393] Building C object zephyr/drivers/adc/CMakeFiles/drivers__adc.dir/adc_ite_it8xxx2.c.obj
[lapis:rw] [330/392] Building C object modules/ec/zephyr/CMakeFiles/ec_shim.dir/shim/src/cbi/cros_cbi_ufsc.c.obj
[fatcatrvp-ite:rw] [228/370] Building C object zephyr/lib/posix/c_lib_ext/CMakeFiles/lib__posix__c_lib_ext.dir/getentropy.c.obj
[pirrha:rw] [280/393] Linking C static library zephyr/drivers/adc/libdrivers__adc.a
[fatcatrvp-ite:rw] [229/370] Linking C static library zephyr/lib/posix/c_lib_ext/liblib__posix__c_lib_ext.a
[fatcatrvp-ite:rw] [230/370] Building C object zephyr/subsys/crc/CMakeFiles/subsys__crc.dir/crc24_sw.c.obj
[fatcatrvp-ite:rw] [231/370] Building C object zephyr/subsys/crc/CMakeFiles/subsys__crc.dir/crc7_sw.c.obj
[fatcatrvp-ite:rw] [232/370] Building C object zephyr/lib/smf/CMakeFiles/lib__smf.dir/smf.c.obj
[fatcatrvp-ite:rw] [233/370] Building C object zephyr/subsys/crc/CMakeFiles/subsys__crc.dir/crc32c_sw.c.obj
[pirrha:rw] [281/393] Building C object zephyr/drivers/console/CMakeFiles/drivers__console.dir/uart_console.c.obj
[fatcatrvp-ite:rw] [234/370] Linking C static library zephyr/lib/smf/liblib__smf.a
[fatcatrvp-ite:rw] [235/370] Building C object zephyr/subsys/crc/CMakeFiles/subsys__crc.dir/crc32_sw.c.obj
[fatcatrvp-ite:rw] [236/370] Building C object zephyr/subsys/crc/CMakeFiles/subsys__crc.dir/crc32k_4_2_sw.c.obj
[pirrha:rw] [282/393] Building C object zephyr/drivers/bbram/CMakeFiles/drivers__bbram.dir/bbram_it8xxx2.c.obj
[fatcatrvp-ite:ro] [239/370] Building C object zephyr/drivers/interrupt_controller/CMakeFiles/drivers__interrupt_controller.dir/wuc_ite_it8xxx2.c.obj
[pirrha:rw] [283/393] Linking C static library zephyr/drivers/console/libdrivers__console.a
[fatcatrvp-ite:rw] [237/370] Linking C static library zephyr/subsys/crc/libsubsys__crc.a
[fatcatrvp-ite:ro] [240/370] Linking C static library zephyr/drivers/interrupt_controller/libdrivers__interrupt_controller.a
[adlrvp_npcx:rw] [217/394] Building C object modules/ec/zephyr/CMakeFiles/ec_shim.dir/shim/src/battery.c.obj
[fatcatrvp-ite:ro] [241/370] Building C object zephyr/drivers/adc/CMakeFiles/drivers__adc.dir/adc_common.c.obj
[pirrha:rw] [284/393] Linking C static library zephyr/drivers/bbram/libdrivers__bbram.a
[lapis:rw] [331/392] Building C object modules/ec/zephyr/CMakeFiles/ec_shim.dir/shim/src/cbi/cbi_flash.c.obj
[fatcatrvp-ite:rw] [238/370] Building C object zephyr/subsys/input/CMakeFiles/subsys__input.dir/input_hid.c.obj
[pirrha:rw] [285/393] Building C object zephyr/drivers/eeprom/CMakeFiles/drivers__eeprom.dir/eeprom_shell.c.obj
[fatcatrvp-ite:rw] [239/370] Building C object zephyr/subsys/input/CMakeFiles/subsys__input.dir/input.c.obj
[lapis:rw] [332/392] Building C object modules/ec/zephyr/CMakeFiles/ec_shim.dir/shim/src/led_driver/led.c.obj
[adlrvp_npcx:rw] [218/394] Building C object modules/ec/zephyr/CMakeFiles/ec_shim.dir/shim/src/charger.c.obj
[fatcatrvp-ite:ro] [242/370] Building C object zephyr/drivers/adc/CMakeFiles/drivers__adc.dir/adc_ite_it8xxx2.c.obj
[lapis:rw] [333/392] Building C object modules/ec/zephyr/CMakeFiles/ec_shim.dir/shim/src/led_driver/led_gpio.c.obj
[lapis:rw] [334/392] Building ASM object modules/ec/zephyr/CMakeFiles/ec_shim.dir/shim/src/libgcc_arm.S.obj
[fatcatrvp-ite:ro] [243/370] Linking C static library zephyr/drivers/adc/libdrivers__adc.a
[fatcatrvp-ite:rw] [240/370] Building C object zephyr/subsys/input/CMakeFiles/subsys__input.dir/input_utils.c.obj
[fatcatrvp-ite:rw] [241/370] Building C object zephyr/drivers/interrupt_controller/CMakeFiles/drivers__interrupt_controller.dir/intc_ite_it8xxx2_v2.c.obj
[pirrha:rw] [286/393] Building C object zephyr/drivers/eeprom/CMakeFiles/drivers__eeprom.dir/eeprom_at2x.c.obj
[fatcatrvp-ite:rw] [242/370] Linking C static library zephyr/subsys/input/libsubsys__input.a
[lapis:rw] [335/392] Building C object modules/ec/zephyr/CMakeFiles/ec_shim.dir/shim/src/popcountsi2.c.obj
[pirrha:rw] [287/393] Linking C static library zephyr/drivers/eeprom/libdrivers__eeprom.a
[fatcatrvp-ite:rw] [243/370] Building C object zephyr/drivers/interrupt_controller/CMakeFiles/drivers__interrupt_controller.dir/wuc_ite_it8xxx2.c.obj
[fatcatrvp-ite:rw] [244/370] Building C object zephyr/drivers/adc/CMakeFiles/drivers__adc.dir/adc_common.c.obj
[fatcatrvp-ite:ro] [244/370] Building C object zephyr/drivers/bbram/CMakeFiles/drivers__bbram.dir/bbram_it8xxx2.c.obj
[fatcatrvp-ite:ro] [245/370] Building C object zephyr/drivers/console/CMakeFiles/drivers__console.dir/uart_console.c.obj
[fatcatrvp-ite:rw] [245/370] Linking C static library zephyr/drivers/interrupt_controller/libdrivers__interrupt_controller.a
[fatcatrvp-ite:ro] [246/370] Linking C static library zephyr/drivers/console/libdrivers__console.a
[fatcatrvp-ite:ro] [247/370] Linking C static library zephyr/drivers/bbram/libdrivers__bbram.a
[lapis:rw] [336/392] Building C object modules/ec/zephyr/CMakeFiles/ec_shim.dir/shim/src/system.c.obj
[pirrha:rw] [288/393] Building C object zephyr/drivers/flash/CMakeFiles/drivers__flash.dir/flash_ite_it8xxx2.c.obj
[pirrha:rw] [289/393] Building C object zephyr/drivers/espi/CMakeFiles/drivers__espi.dir/espi_it8xxx2.c.obj
[pirrha:rw] [290/393] Linking C static library zephyr/drivers/flash/libdrivers__flash.a
[fatcatrvp-ite:rw] [246/370] Building C object zephyr/drivers/adc/CMakeFiles/drivers__adc.dir/adc_ite_it8xxx2.c.obj
[pirrha:rw] [291/393] Linking C static library zephyr/drivers/espi/libdrivers__espi.a
[fatcatrvp-ite:rw] [247/370] Linking C static library zephyr/drivers/adc/libdrivers__adc.a
[adlrvp_npcx:rw] [219/394] Building C object modules/ec/zephyr/CMakeFiles/ec_shim.dir/shim/src/espi.c.obj
[fatcatrvp-ite:rw] [248/370] Building C object zephyr/drivers/bbram/CMakeFiles/drivers__bbram.dir/bbram_it8xxx2.c.obj
[fatcatrvp-ite:ro] [248/370] Building C object zephyr/drivers/crypto/CMakeFiles/drivers__crypto.dir/crypto_it8xxx2_sha_v2.c.obj
[fatcatrvp-ite:rw] [249/370] Linking C static library zephyr/drivers/bbram/libdrivers__bbram.a
[lapis:rw] [337/392] Building C object modules/ec/zephyr/CMakeFiles/ec_shim.dir/shim/src/battery.c.obj
[fatcatrvp-ite:rw] [250/370] Building C object zephyr/drivers/console/CMakeFiles/drivers__console.dir/uart_console.c.obj
[fatcatrvp-ite:ro] [249/370] Linking C static library zephyr/drivers/crypto/libdrivers__crypto.a
[fatcatrvp-ite:rw] [251/370] Linking C static library zephyr/drivers/console/libdrivers__console.a
[lapis:rw] [338/392] Building C object modules/ec/zephyr/CMakeFiles/ec_shim.dir/shim/src/pdc_shim.c.obj
[pirrha:rw] [292/393] Building C object zephyr/drivers/gpio/CMakeFiles/drivers__gpio.dir/gpio_ite_it8xxx2.c.obj
[fatcatrvp-ite:rw] [252/370] Building C object zephyr/drivers/crypto/CMakeFiles/drivers__crypto.dir/crypto_it8xxx2_sha_v2.c.obj
[lapis:rw] [339/392] Building C object modules/ec/zephyr/CMakeFiles/ec_shim.dir/shim/src/charger.c.obj
[fatcatrvp-ite:rw] [253/370] Linking C static library zephyr/drivers/crypto/libdrivers__crypto.a
[adlrvp_npcx:rw] [220/394] Building C object modules/ec/zephyr/CMakeFiles/ec_shim.dir/shim/src/fan.c.obj
[fatcatrvp-ite:ro] [250/370] Building C object zephyr/drivers/flash/CMakeFiles/drivers__flash.dir/flash_ite_it8xxx2.c.obj
[fatcatrvp-ite:ro] [251/370] Linking C static library zephyr/drivers/flash/libdrivers__flash.a
[pirrha:rw] [293/393] Building C object zephyr/drivers/gpio/CMakeFiles/drivers__gpio.dir/gpio_kscan_ite_it8xxx2.c.obj
[fatcatrvp-ite:rw] [254/370] Building C object zephyr/drivers/espi/CMakeFiles/drivers__espi.dir/espi_it8xxx2.c.obj
[fatcatrvp-ite:rw] [255/370] Building C object zephyr/drivers/flash/CMakeFiles/drivers__flash.dir/flash_ite_it8xxx2.c.obj
[fatcatrvp-ite:ro] [252/370] Building C object zephyr/drivers/espi/CMakeFiles/drivers__espi.dir/espi_it8xxx2.c.obj
[pirrha:rw] [294/393] Building C object zephyr/drivers/i2c/CMakeFiles/drivers__i2c.dir/i2c_common.c.obj
[fatcatrvp-ite:rw] [256/370] Linking C static library zephyr/drivers/flash/libdrivers__flash.a
[fatcatrvp-ite:rw] [257/370] Linking C static library zephyr/drivers/espi/libdrivers__espi.a
[fatcatrvp-ite:ro] [253/370] Linking C static library zephyr/drivers/espi/libdrivers__espi.a
[lapis:rw] [340/392] Building C object modules/ec/zephyr/CMakeFiles/ec_shim.dir/shim/src/chipset_api.c.obj
[pirrha:rw] [295/393] Linking C static library zephyr/drivers/gpio/libdrivers__gpio.a
[pirrha:rw] [296/393] Building C object zephyr/drivers/i2c/CMakeFiles/drivers__i2c.dir/i2c_bitbang.c.obj
[adlrvp_npcx:rw] [221/394] Building C object modules/ec/zephyr/CMakeFiles/ec_shim.dir/shim/src/flash.c.obj
[lapis:rw] [341/392] Building C object modules/ec/zephyr/CMakeFiles/ec_shim.dir/shim/src/espi.c.obj
[fatcatrvp-ite:rw] [258/370] Building C object zephyr/drivers/gpio/CMakeFiles/drivers__gpio.dir/gpio_ite_it8801.c.obj
[fatcatrvp-ite:rw] [259/370] Building C object zephyr/drivers/gpio/CMakeFiles/drivers__gpio.dir/gpio_pca95xx.c.obj
[fatcatrvp-ite:ro] [254/370] Building C object zephyr/drivers/gpio/CMakeFiles/drivers__gpio.dir/gpio_ite_it8801.c.obj
[lapis:rw] [342/392] Building C object modules/ec/zephyr/CMakeFiles/ec_shim.dir/shim/src/fan.c.obj
[adlrvp_npcx:rw] [222/394] Building C object modules/ec/zephyr/CMakeFiles/ec_shim.dir/shim/src/hooks.c.obj
[fatcatrvp-ite:rw] [260/370] Building C object zephyr/drivers/i2c/CMakeFiles/drivers__i2c.dir/i2c_common.c.obj
[pirrha:rw] [297/393] Building C object zephyr/drivers/i2c/CMakeFiles/drivers__i2c.dir/i2c_shell.c.obj
[fatcatrvp-ite:rw] [261/370] Building C object zephyr/drivers/i2c/CMakeFiles/drivers__i2c.dir/i2c_bitbang.c.obj
[pirrha:rw] [298/393] Building C object zephyr/drivers/i2c/CMakeFiles/drivers__i2c.dir/i2c_ite_enhance.c.obj
[lapis:rw] [343/392] Building C object modules/ec/zephyr/CMakeFiles/ec_shim.dir/shim/src/flash.c.obj
[fatcatrvp-ite:rw] [262/370] Building C object zephyr/drivers/gpio/CMakeFiles/drivers__gpio.dir/gpio_ite_it8xxx2_v2.c.obj
[fatcatrvp-ite:ro] [255/370] Building C object zephyr/drivers/gpio/CMakeFiles/drivers__gpio.dir/gpio_pca95xx.c.obj
[fatcatrvp-ite:rw] [263/370] Linking C static library zephyr/drivers/gpio/libdrivers__gpio.a
[pirrha:rw] [299/393] Building C object zephyr/drivers/i2c/CMakeFiles/drivers__i2c.dir/i2c_ite_it8xxx2.c.obj
[pirrha:rw] [300/393] Linking C static library zephyr/drivers/i2c/libdrivers__i2c.a
[fatcatrvp-ite:ro] [256/370] Building C object zephyr/drivers/i2c/CMakeFiles/drivers__i2c.dir/i2c_common.c.obj
[lapis:rw] [344/392] Building C object modules/ec/zephyr/CMakeFiles/ec_shim.dir/shim/src/hooks.c.obj
[adlrvp_npcx:rw] [223/394] Building C object modules/ec/zephyr/CMakeFiles/ec_shim.dir/shim/src/host_command.c.obj
[fatcatrvp-ite:rw] [264/370] Building C object zephyr/drivers/i2c/CMakeFiles/drivers__i2c.dir/i2c_shell.c.obj
[pirrha:rw] [301/393] Building C object zephyr/drivers/pinctrl/CMakeFiles/drivers__pinctrl.dir/common.c.obj
[lapis:rw] [345/392] Building C object modules/ec/zephyr/CMakeFiles/ec_shim.dir/shim/src/host_command.c.obj
[fatcatrvp-ite:ro] [257/370] Building C object zephyr/drivers/gpio/CMakeFiles/drivers__gpio.dir/gpio_ite_it8xxx2_v2.c.obj
[fatcatrvp-ite:ro] [258/370] Linking C static library zephyr/drivers/gpio/libdrivers__gpio.a
[fatcatrvp-ite:rw] [265/370] Building C object zephyr/drivers/i2c/CMakeFiles/drivers__i2c.dir/i2c_ite_enhance.c.obj
[fatcatrvp-ite:rw] [266/370] Building C object zephyr/drivers/input/CMakeFiles/drivers__input.dir/input_ite_it8xxx2_kbd.c.obj
[fatcatrvp-ite:rw] [267/370] Linking C static library zephyr/drivers/i2c/libdrivers__i2c.a
[adlrvp_npcx:rw] [224/394] Building C object modules/ec/zephyr/CMakeFiles/ec_shim.dir/shim/src/console_buffer.c.obj
[fatcatrvp-ite:rw] [268/370] Building C object zephyr/drivers/input/CMakeFiles/drivers__input.dir/input_kbd_matrix.c.obj
[fatcatrvp-ite:rw] [269/370] Linking C static library zephyr/drivers/input/libdrivers__input.a
[pirrha:rw] [302/393] Building C object zephyr/drivers/pinctrl/CMakeFiles/drivers__pinctrl.dir/pinctrl_ite_it8xxx2.c.obj
[lapis:rw] [346/392] Building C object modules/ec/zephyr/CMakeFiles/ec_shim.dir/shim/src/console_buffer.c.obj
[fatcatrvp-ite:ro] [259/370] Building C object zephyr/drivers/i2c/CMakeFiles/drivers__i2c.dir/i2c_bitbang.c.obj
[pirrha:rw] [303/393] Linking C static library zephyr/drivers/pinctrl/libdrivers__pinctrl.a
[fatcatrvp-ite:rw] [270/370] Building C object zephyr/drivers/mfd/CMakeFiles/drivers__mfd.dir/mfd_ite_it8801.c.obj
[lapis:rw] [347/392] Building C object modules/ec/zephyr/CMakeFiles/ec_shim.dir/shim/src/mkbp_event.c.obj
[pirrha:rw] [304/393] Building C object zephyr/drivers/sensor/ite/ite_vcmp_it8xxx2/CMakeFiles/drivers__sensor__ite__ite_vcmp_it8xxx2.dir/vcmp_ite_it8xxx2.c.obj
[pirrha:rw] [305/393] Building C object zephyr/drivers/serial/CMakeFiles/drivers__serial.dir/uart_ite_it8xxx2.c.obj
[fatcatrvp-ite:ro] [260/370] Building C object zephyr/drivers/i2c/CMakeFiles/drivers__i2c.dir/i2c_shell.c.obj
[lapis:rw] [348/392] Building C object modules/ec/zephyr/CMakeFiles/ec_shim.dir/shim/src/panic.c.obj
[fatcatrvp-ite:rw] [271/370] Building C object zephyr/drivers/pinctrl/CMakeFiles/drivers__pinctrl.dir/common.c.obj
[fatcatrvp-ite:rw] [272/370] Building C object zephyr/drivers/mfd/CMakeFiles/drivers__mfd.dir/mfd_it8801_altctrl.c.obj
[pirrha:rw] [306/393] Linking C static library zephyr/drivers/sensor/ite/ite_vcmp_it8xxx2/libdrivers__sensor__ite__ite_vcmp_it8xxx2.a
[fatcatrvp-ite:rw] [273/370] Linking C static library zephyr/drivers/mfd/libdrivers__mfd.a
[adlrvp_npcx:rw] [225/394] Building C object modules/ec/zephyr/CMakeFiles/ec_shim.dir/shim/src/ioex.c.obj
[lapis:rw] [349/392] Building C object modules/ec/zephyr/CMakeFiles/ec_shim.dir/shim/src/pwm_hc.c.obj
[fatcatrvp-ite:rw] [274/370] Building C object zephyr/drivers/pinctrl/CMakeFiles/drivers__pinctrl.dir/pinctrl_ite_it8xxx2.c.obj
[fatcatrvp-ite:ro] [261/370] Building C object zephyr/drivers/i2c/CMakeFiles/drivers__i2c.dir/i2c_ite_enhance.c.obj
[fatcatrvp-ite:ro] [262/370] Building C object zephyr/drivers/input/CMakeFiles/drivers__input.dir/input_ite_it8xxx2_kbd.c.obj
[fatcatrvp-ite:rw] [275/370] Building C object zephyr/drivers/pwm/CMakeFiles/drivers__pwm.dir/pwm_shell.c.obj
[fatcatrvp-ite:rw] [276/370] Linking C static library zephyr/drivers/pinctrl/libdrivers__pinctrl.a
[fatcatrvp-ite:ro] [263/370] Linking C static library zephyr/drivers/i2c/libdrivers__i2c.a
[pirrha:rw] [307/393] Building C object zephyr/drivers/serial/CMakeFiles/drivers__serial.dir/uart_ns16550.c.obj
[pirrha:rw] [308/393] Building C object zephyr/drivers/timer/CMakeFiles/drivers__timer.dir/sys_clock_init.c.obj
[pirrha:rw] [309/393] Linking C static library zephyr/drivers/serial/libdrivers__serial.a
[adlrvp_npcx:rw] [226/394] Building C object modules/ec/zephyr/CMakeFiles/ec_shim.dir/shim/src/ioex_drv.c.obj
[lapis:rw] [350/392] Building C object modules/ec/zephyr/CMakeFiles/ec_shim.dir/shim/src/temp_sensors.c.obj
[fatcatrvp-ite:rw] [277/370] Building C object zephyr/drivers/pwm/CMakeFiles/drivers__pwm.dir/pwm_ite_it8xxx2.c.obj
[fatcatrvp-ite:rw] [278/370] Linking C static library zephyr/drivers/pwm/libdrivers__pwm.a
[lapis:rw] [351/392] Building C object modules/ec/zephyr/CMakeFiles/ec_shim.dir/shim/src/thermal.c.obj
[fatcatrvp-ite:ro] [264/370] Building C object zephyr/drivers/input/CMakeFiles/drivers__input.dir/input_kbd_matrix.c.obj
[fatcatrvp-ite:rw] [279/370] Building C object zephyr/drivers/sensor/ite/ite_tach_it8xxx2/CMakeFiles/drivers__sensor__ite__ite_tach_it8xxx2.dir/tach_ite_it8xxx2.c.obj
[pirrha:rw] [310/393] Building C object zephyr/drivers/timer/CMakeFiles/drivers__timer.dir/ite_it8xxx2_timer.c.obj
[fatcatrvp-ite:ro] [265/370] Linking C static library zephyr/drivers/input/libdrivers__input.a
[fatcatrvp-ite:rw] [280/370] Linking C static library zephyr/drivers/sensor/ite/ite_tach_it8xxx2/libdrivers__sensor__ite__ite_tach_it8xxx2.a
[fatcatrvp-ite:rw] [281/370] Building C object zephyr/drivers/serial/CMakeFiles/drivers__serial.dir/uart_ite_it8xxx2.c.obj
[lapis:rw] [352/392] Building C object modules/ec/zephyr/CMakeFiles/ec_shim.dir/shim/src/hwtimer.c.obj
[pirrha:rw] [311/393] Linking C static library zephyr/drivers/timer/libdrivers__timer.a
[fatcatrvp-ite:rw] [282/370] Building C object zephyr/drivers/timer/CMakeFiles/drivers__timer.dir/sys_clock_init.c.obj
[fatcatrvp-ite:ro] [266/370] Building C object zephyr/drivers/mfd/CMakeFiles/drivers__mfd.dir/mfd_it8801_altctrl.c.obj
[adlrvp_npcx:rw] [227/394] Building C object modules/ec/zephyr/CMakeFiles/ec_shim.dir/shim/src/keyboard_raw.c.obj
[pirrha:rw] [312/393] Building C object zephyr/drivers/watchdog/CMakeFiles/drivers__watchdog.dir/wdt_shell.c.obj
[pirrha:rw] [313/393] Building C object zephyr/drivers/watchdog/CMakeFiles/drivers__watchdog.dir/wdt_ite_it8xxx2.c.obj
[fatcatrvp-ite:ro] [267/370] Building C object zephyr/drivers/mfd/CMakeFiles/drivers__mfd.dir/mfd_ite_it8801.c.obj
[pirrha:rw] [314/393] Linking C static library zephyr/drivers/watchdog/libdrivers__watchdog.a
[fatcatrvp-ite:rw] [283/370] Building C object zephyr/drivers/serial/CMakeFiles/drivers__serial.dir/uart_ns16550.c.obj
[adlrvp_npcx:rw] [228/394] Building C object modules/ec/zephyr/CMakeFiles/ec_shim.dir/shim/src/keyscan.c.obj
[fatcatrvp-ite:ro] [268/370] Linking C static library zephyr/drivers/mfd/libdrivers__mfd.a
[fatcatrvp-ite:rw] [284/370] Linking C static library zephyr/drivers/serial/libdrivers__serial.a
[fatcatrvp-ite:ro] [269/370] Building C object zephyr/drivers/pinctrl/CMakeFiles/drivers__pinctrl.dir/common.c.obj
[lapis:rw] [353/392] Building C object modules/ec/zephyr/CMakeFiles/ec_shim.dir/shim/src/i2c.c.obj
[lapis:rw] [354/392] Building C object modules/ec/zephyr/CMakeFiles/ec_shim.dir/shim/src/tasks.c.obj
[fatcatrvp-ite:rw] [285/370] Building C object zephyr/drivers/timer/CMakeFiles/drivers__timer.dir/ite_it8xxx2_timer.c.obj
[fatcatrvp-ite:rw] [286/370] Linking C static library zephyr/drivers/timer/libdrivers__timer.a
[fatcatrvp-ite:rw] [287/370] Building C object zephyr/drivers/watchdog/CMakeFiles/drivers__watchdog.dir/wdt_ite_it8xxx2.c.obj
[fatcatrvp-ite:rw] [288/370] Building C object zephyr/drivers/watchdog/CMakeFiles/drivers__watchdog.dir/wdt_shell.c.obj
[lapis:rw] [355/392] Building C object modules/ec/zephyr/CMakeFiles/ec_shim.dir/shim/src/watchdog.c.obj
[fatcatrvp-ite:rw] [289/370] Linking C static library zephyr/drivers/watchdog/libdrivers__watchdog.a
[pirrha:rw] [315/393] Building C object modules/ec/zephyr/CMakeFiles/ec_shim.dir/app/ec/ec_app_main.c.obj
[fatcatrvp-ite:rw] [290/370] Building C object modules/ec/zephyr/CMakeFiles/ec_shim.dir/app/ec/ec_app_main.c.obj
[fatcatrvp-ite:ro] [270/370] Building C object zephyr/drivers/pwm/CMakeFiles/drivers__pwm.dir/pwm_shell.c.obj
[pirrha:rw] [316/393] Building C object modules/ec/zephyr/CMakeFiles/ec_shim.dir/app/ec/main_shim.c.obj
[fatcatrvp-ite:ro] [271/370] Building C object zephyr/drivers/pinctrl/CMakeFiles/drivers__pinctrl.dir/pinctrl_ite_it8xxx2.c.obj
[pirrha:rw] [317/393] Building C object modules/ec/zephyr/CMakeFiles/ec_shim.dir/app/ec/chip/riscv/riscv-ite/it8xxx2-espi.c.obj
[fatcatrvp-ite:ro] [272/370] Building C object zephyr/drivers/pwm/CMakeFiles/drivers__pwm.dir/pwm_ite_it8xxx2.c.obj
[fatcatrvp-ite:ro] [273/370] Building C object zephyr/drivers/sensor/CMakeFiles/drivers__sensor.dir/mnt/host/source/src/third_party/zephyr/main/misc/empty_file.c.obj
[adlrvp_npcx:rw] [229/394] Building C object modules/ec/zephyr/CMakeFiles/ec_shim.dir/shim/src/panic.c.obj
[fatcatrvp-ite:ro] [274/370] Linking C static library zephyr/drivers/pinctrl/libdrivers__pinctrl.a
[lapis:rw] [356/392] Building C object modules/ec/zephyr/CMakeFiles/ec_shim.dir/shim/src/usba.c.obj
[lapis:rw] [357/392] Building C object modules/ec/zephyr/CMakeFiles/ec_shim.dir/shim/src/power_host_sleep_api.c.obj
[fatcatrvp-ite:ro] [275/370] Linking C static library zephyr/drivers/pwm/libdrivers__pwm.a
[fatcatrvp-ite:ro] [276/370] Linking C static library zephyr/drivers/sensor/libdrivers__sensor.a
[fatcatrvp-ite:rw] [291/370] Building C object modules/ec/zephyr/CMakeFiles/ec_shim.dir/app/ec/main_shim.c.obj
[fatcatrvp-ite:rw] [292/370] Building C object modules/ec/zephyr/CMakeFiles/ec_shim.dir/app/ec/chip/riscv/riscv-ite/it8xxx2-espi.c.obj
[adlrvp_npcx:rw] [230/394] Building C object modules/ec/zephyr/CMakeFiles/ec_shim.dir/shim/src/pwm_led.c.obj
[fatcatrvp-ite:rw] [293/370] Building C object modules/ec/zephyr/CMakeFiles/ec_shim.dir/drivers/keyboard_input/keyboard_customization_check.c.obj
[fatcatrvp-ite:rw] [294/370] Building C object modules/ec/zephyr/CMakeFiles/ec_shim.dir/drivers/cros_system/cros_system_it8xxx2.c.obj
[fatcatrvp-ite:rw] [295/370] Building C object modules/ec/zephyr/CMakeFiles/ec_shim.dir/drivers/cros_flash/cros_flash_it8xxx2.c.obj
[lapis:rw] [358/392] Building C object modules/ec/zephyr/CMakeFiles/ec_shim.dir/shim/src/sha256_hw.c.obj
[lapis:rw] [359/392] Linking C static library modules/ec/zephyr/libec_shim.a
[pirrha:rw] [318/393] Building C object modules/ec/zephyr/CMakeFiles/ec_shim.dir/drivers/cros_flash/cros_flash_it8xxx2.c.obj
[lapis:rw] [360/392] Building C object zephyr/kernel/CMakeFiles/kernel.dir/banner.c.obj
[lapis:rw] [361/392] Building C object zephyr/kernel/CMakeFiles/kernel.dir/main_weak.c.obj
[pirrha:rw] [319/393] Building C object modules/ec/zephyr/CMakeFiles/ec_shim.dir/drivers/cros_kb_raw/cros_kb_raw_ite.c.obj
[pirrha:rw] [320/393] Building C object modules/ec/zephyr/CMakeFiles/ec_shim.dir/drivers/cros_system/cros_system_it8xxx2.c.obj
[fatcatrvp-ite:rw] [296/370] Building C object modules/ec/zephyr/CMakeFiles/ec_shim.dir/drivers/hibernate/hibernate_z5.c.obj
[fatcatrvp-ite:ro] [277/370] Building C object zephyr/drivers/sensor/ite/ite_tach_it8xxx2/CMakeFiles/drivers__sensor__ite__ite_tach_it8xxx2.dir/tach_ite_it8xxx2.c.obj
[fatcatrvp-ite:rw] [297/370] Building C object modules/ec/zephyr/CMakeFiles/ec_shim.dir/drivers/usbc/ucsi_v3.c.obj
[fatcatrvp-ite:ro] [278/370] Building C object zephyr/drivers/serial/CMakeFiles/drivers__serial.dir/uart_ite_it8xxx2.c.obj
[adlrvp_npcx:rw] [231/394] Building C object modules/ec/zephyr/CMakeFiles/ec_shim.dir/shim/src/rtc.c.obj
[fatcatrvp-ite:ro] [279/370] Linking C static library zephyr/drivers/sensor/ite/ite_tach_it8xxx2/libdrivers__sensor__ite__ite_tach_it8xxx2.a
[fatcatrvp-ite:ro] [280/370] Building C object zephyr/drivers/serial/CMakeFiles/drivers__serial.dir/uart_ns16550.c.obj
[fatcatrvp-ite:rw] [298/370] Building C object modules/ec/zephyr/CMakeFiles/ec_shim.dir/drivers/keyboard_input/keyboard_input.c.obj
[lapis:rw] [362/392] Building C object zephyr/kernel/CMakeFiles/kernel.dir/busy_wait.c.obj
[fatcatrvp-ite:ro] [281/370] Linking C static library zephyr/drivers/serial/libdrivers__serial.a
[lapis:rw] [363/392] Building C object zephyr/kernel/CMakeFiles/kernel.dir/errno.c.obj
[fatcatrvp-ite:ro] [282/370] Building C object zephyr/drivers/syscon/CMakeFiles/drivers__syscon.dir/mnt/host/source/src/third_party/zephyr/main/misc/empty_file.c.obj
[fatcatrvp-ite:ro] [283/370] Linking C static library zephyr/drivers/syscon/libdrivers__syscon.a
[lapis:rw] [364/392] Building C object zephyr/kernel/CMakeFiles/kernel.dir/device.c.obj
[fatcatrvp-ite:rw] [299/370] Building C object modules/ec/zephyr/CMakeFiles/ec_shim.dir/drivers/boot_keys/boot_keys.c.obj
[adlrvp_npcx:rw] [232/394] Building C object modules/ec/zephyr/CMakeFiles/ec_shim.dir/shim/src/temp_sensors.c.obj
[pirrha:rw] [321/393] Building C object modules/ec/zephyr/CMakeFiles/ec_shim.dir/shim/chip/it8xxx2/clock.c.obj
[pirrha:rw] [322/393] Building C object modules/ec/zephyr/CMakeFiles/ec_shim.dir/drivers/vivaldi_kbd/vivaldi_kbd.c.obj
[fatcatrvp-ite:ro] [284/370] Building C object zephyr/drivers/timer/CMakeFiles/drivers__timer.dir/sys_clock_init.c.obj
[lapis:rw] [365/392] Building C object zephyr/kernel/CMakeFiles/kernel.dir/fatal.c.obj
[lapis:rw] [366/392] Building C object zephyr/kernel/CMakeFiles/kernel.dir/init.c.obj
[fatcatrvp-ite:rw] [300/370] Building C object modules/ec/zephyr/CMakeFiles/ec_shim.dir/drivers/runtime_keys/runtime_keys.c.obj
[adlrvp_npcx:rw] [233/394] Building C object modules/ec/zephyr/CMakeFiles/ec_shim.dir/shim/src/thermal.c.obj
[fatcatrvp-ite:ro] [285/370] Building C object zephyr/drivers/watchdog/CMakeFiles/drivers__watchdog.dir/wdt_ite_it8xxx2.c.obj
[lapis:rw] [367/392] Building C object zephyr/kernel/CMakeFiles/kernel.dir/kheap.c.obj
[fatcatrvp-ite:rw] [301/370] Building C object modules/ec/zephyr/CMakeFiles/ec_shim.dir/shim/chip/it8xxx2/clock.c.obj
[fatcatrvp-ite:ro] [286/370] Building C object zephyr/drivers/timer/CMakeFiles/drivers__timer.dir/ite_it8xxx2_timer.c.obj
[lapis:rw] [368/392] Building C object zephyr/kernel/CMakeFiles/kernel.dir/version.c.obj
[fatcatrvp-ite:rw] [302/370] Building C object modules/ec/zephyr/CMakeFiles/ec_shim.dir/drivers/usbc/pdc_rts54xx.c.obj
[fatcatrvp-ite:rw] [303/370] Building C object modules/ec/zephyr/CMakeFiles/ec_shim.dir/drivers/vivaldi_kbd/vivaldi_kbd.c.obj
[fatcatrvp-ite:rw] [304/370] Building C object modules/ec/zephyr/CMakeFiles/ec_shim.dir/shim/chip/it8xxx2/gpio.c.obj
[fatcatrvp-ite:ro] [287/370] Linking C static library zephyr/drivers/timer/libdrivers__timer.a
[pirrha:rw] [323/393] Building C object modules/ec/zephyr/CMakeFiles/ec_shim.dir/shim/chip/it8xxx2/system.c.obj
[adlrvp_npcx:rw] [234/394] Building C object modules/ec/zephyr/CMakeFiles/ec_shim.dir/shim/src/hwtimer.c.obj
[pirrha:rw] [324/393] Building C object modules/ec/zephyr/CMakeFiles/ec_shim.dir/shim/chip/it8xxx2/keyboard_raw.c.obj
[fatcatrvp-ite:rw] [305/370] Building C object modules/ec/zephyr/CMakeFiles/ec_shim.dir/shim/src/crc.c.obj
[lapis:rw] [369/392] Building C object zephyr/kernel/CMakeFiles/kernel.dir/mem_slab.c.obj
[lapis:rw] [370/392] Building C object zephyr/kernel/CMakeFiles/kernel.dir/float.c.obj
[pirrha:rw] [325/393] Building C object modules/ec/zephyr/CMakeFiles/ec_shim.dir/shim/chip/it8xxx2/gpio.c.obj
[fatcatrvp-ite:ro] [288/370] Building C object zephyr/drivers/watchdog/CMakeFiles/drivers__watchdog.dir/wdt_shell.c.obj
[fatcatrvp-ite:ro] [289/370] Linking C static library zephyr/drivers/watchdog/libdrivers__watchdog.a
[pirrha:rw] [326/393] Building C object modules/ec/zephyr/CMakeFiles/ec_shim.dir/shim/src/crc.c.obj
[lapis:rw] [371/392] Building C object zephyr/kernel/CMakeFiles/kernel.dir/idle.c.obj
[fatcatrvp-ite:rw] [306/370] Building C object modules/ec/zephyr/CMakeFiles/ec_shim.dir/shim/chip/it8xxx2/system.c.obj
[fatcatrvp-ite:rw] [307/370] Building C object modules/ec/zephyr/CMakeFiles/ec_shim.dir/shim/chip/it8xxx2/power_policy.c.obj
[adlrvp_npcx:rw] [235/394] Building C object modules/ec/zephyr/CMakeFiles/ec_shim.dir/shim/src/i2c.c.obj
[fatcatrvp-ite:ro] [290/370] Building C object modules/ec/zephyr/CMakeFiles/ec_shim.dir/app/ec/main_shim.c.obj
[fatcatrvp-ite:ro] [291/370] Building C object modules/ec/zephyr/CMakeFiles/ec_shim.dir/app/ec/ec_app_main.c.obj
[lapis:rw] [372/392] Building C object zephyr/kernel/CMakeFiles/kernel.dir/mailbox.c.obj
[lapis:rw] [373/392] Building C object zephyr/kernel/CMakeFiles/kernel.dir/msg_q.c.obj
[fatcatrvp-ite:rw] [308/370] Building C object modules/ec/zephyr/CMakeFiles/ec_shim.dir/shim/src/console.c.obj
[pirrha:rw] [327/393] Building C object modules/ec/zephyr/CMakeFiles/ec_shim.dir/shim/chip/it8xxx2/power_policy.c.obj
[fatcatrvp-ite:rw] [309/370] Building C object modules/ec/zephyr/CMakeFiles/ec_shim.dir/shim/src/gpio.c.obj
[adlrvp_npcx:rw] [236/394] Building C object modules/ec/zephyr/CMakeFiles/ec_shim.dir/shim/src/tasks.c.obj
[fatcatrvp-ite:rw] [310/370] Building C object modules/ec/zephyr/CMakeFiles/ec_shim.dir/shim/src/gpio_int.c.obj
[lapis:rw] [374/392] Building C object zephyr/kernel/CMakeFiles/kernel.dir/mutex.c.obj
[fatcatrvp-ite:ro] [292/370] Building C object modules/ec/zephyr/CMakeFiles/ec_shim.dir/app/ec/chip/riscv/riscv-ite/it8xxx2-espi.c.obj
[fatcatrvp-ite:rw] [311/370] Building C object modules/ec/zephyr/CMakeFiles/ec_shim.dir/shim/src/panic_utils.c.obj
[pirrha:rw] [328/393] Building C object modules/ec/zephyr/CMakeFiles/ec_shim.dir/shim/src/console.c.obj
[pirrha:rw] [329/393] Building C object modules/ec/zephyr/CMakeFiles/ec_shim.dir/shim/src/gpio.c.obj
[lapis:rw] [375/392] Building C object zephyr/kernel/CMakeFiles/kernel.dir/queue.c.obj
[lapis:rw] [376/392] Building C object zephyr/kernel/CMakeFiles/kernel.dir/sem.c.obj
[fatcatrvp-ite:ro] [293/370] Building C object modules/ec/zephyr/CMakeFiles/ec_shim.dir/drivers/cros_flash/cros_flash_it8xxx2.c.obj
[fatcatrvp-ite:rw] [312/370] Building C object modules/ec/zephyr/CMakeFiles/ec_shim.dir/shim/src/pm_state.c.obj
[fatcatrvp-ite:rw] [313/370] Building C object modules/ec/zephyr/CMakeFiles/ec_shim.dir/shim/src/cbi/cros_cbi.c.obj
[pirrha:rw] [330/393] Building C object modules/ec/zephyr/CMakeFiles/ec_shim.dir/shim/src/panic_utils.c.obj
[lapis:rw] [377/392] Building C object zephyr/kernel/CMakeFiles/kernel.dir/stack.c.obj
[fatcatrvp-ite:ro] [294/370] Building C object modules/ec/zephyr/CMakeFiles/ec_shim.dir/drivers/cros_system/cros_system_it8xxx2.c.obj
[pirrha:rw] [331/393] Building C object modules/ec/zephyr/CMakeFiles/ec_shim.dir/shim/src/gpio_int.c.obj
[adlrvp_npcx:rw] [237/394] Building C object modules/ec/zephyr/CMakeFiles/ec_shim.dir/shim/src/watchdog.c.obj
[fatcatrvp-ite:rw] [314/370] Building C object modules/ec/zephyr/CMakeFiles/ec_shim.dir/shim/src/cbi/cbi_flash.c.obj
[fatcatrvp-ite:ro] [295/370] Building C object modules/ec/zephyr/CMakeFiles/ec_shim.dir/drivers/keyboard_input/keyboard_customization_check.c.obj
[lapis:rw] [378/392] Building C object zephyr/kernel/CMakeFiles/kernel.dir/system_work_q.c.obj
[fatcatrvp-ite:rw] [315/370] Building C object modules/ec/zephyr/CMakeFiles/ec_shim.dir/shim/src/system.c.obj
[fatcatrvp-ite:rw] [316/370] Building C object modules/ec/zephyr/CMakeFiles/ec_shim.dir/shim/src/pdc_shim.c.obj
[adlrvp_npcx:rw] [238/394] Building C object modules/ec/zephyr/CMakeFiles/ec_shim.dir/shim/src/ppc.c.obj
[lapis:rw] [379/392] Building C object zephyr/kernel/CMakeFiles/kernel.dir/condvar.c.obj
[fatcatrvp-ite:ro] [296/370] Building C object modules/ec/zephyr/CMakeFiles/ec_shim.dir/drivers/hibernate/hibernate_z5.c.obj
[lapis:rw] [380/392] Building C object zephyr/kernel/CMakeFiles/kernel.dir/work.c.obj
[pirrha:rw] [332/393] Building C object modules/ec/zephyr/CMakeFiles/ec_shim.dir/shim/src/pm_state.c.obj
[fatcatrvp-ite:rw] [317/370] Building C object modules/ec/zephyr/CMakeFiles/ec_shim.dir/shim/src/battery.c.obj
[fatcatrvp-ite:rw] [318/370] Building C object modules/ec/zephyr/CMakeFiles/ec_shim.dir/shim/src/adc.c.obj
[pirrha:rw] [333/393] Building C object modules/ec/zephyr/CMakeFiles/ec_shim.dir/shim/src/cbi/cros_cbi.c.obj
[fatcatrvp-ite:ro] [297/370] Building C object modules/ec/zephyr/CMakeFiles/ec_shim.dir/drivers/keyboard_input/keyboard_input.c.obj
[lapis:rw] [381/392] Building C object zephyr/kernel/CMakeFiles/kernel.dir/thread.c.obj
[pirrha:rw] [334/393] Building C object modules/ec/zephyr/CMakeFiles/ec_shim.dir/shim/src/cbi/cros_cbi_fw_config.c.obj
[fatcatrvp-ite:rw] [319/370] Building C object modules/ec/zephyr/CMakeFiles/ec_shim.dir/shim/src/charger.c.obj
[fatcatrvp-ite:ro] [298/370] Building C object modules/ec/zephyr/CMakeFiles/ec_shim.dir/drivers/usbc/ucsi_v3.c.obj
[fatcatrvp-ite:rw] [320/370] Building C object modules/ec/zephyr/CMakeFiles/ec_shim.dir/shim/src/chipset_api.c.obj
[lapis:rw] [382/392] Building C object zephyr/kernel/CMakeFiles/kernel.dir/pipe.c.obj
[lapis:rw] [383/392] Building C object zephyr/kernel/CMakeFiles/kernel.dir/sched.c.obj
[pirrha:rw] [335/393] Building C object modules/ec/zephyr/CMakeFiles/ec_shim.dir/shim/src/cbi/cbi_eeprom.c.obj
[fatcatrvp-ite:rw] [321/370] Building C object modules/ec/zephyr/CMakeFiles/ec_shim.dir/shim/src/espi.c.obj
[adlrvp_npcx:rw] [239/394] Building C object modules/ec/zephyr/CMakeFiles/ec_shim.dir/shim/src/usb_muxes.c.obj
[lapis:rw] [384/392] Building C object zephyr/kernel/CMakeFiles/kernel.dir/spinlock_validate.c.obj
[pirrha:rw] [336/393] Building C object modules/ec/zephyr/CMakeFiles/ec_shim.dir/shim/src/system.c.obj
[fatcatrvp-ite:rw] [322/370] Building C object modules/ec/zephyr/CMakeFiles/ec_shim.dir/shim/src/flash.c.obj
[adlrvp_npcx:rw] [240/394] cd /mnt/host/source/src/platform/ec/build/zephyr/adlrvp_npcx/build-rw/modules/ec/zephyr && PYTHONPATH=/mnt/host/source/src/platform/ec/build/zephyr/adlrvp_npcx/modules/ec/zephyr/zmake/ /usr/bin/python3.11 /mnt/host/source/src/platform/ec/build/zephyr/adlrvp_npcx/modules/ec/zephyr/zmake/zephyr_build_tools/generate_ec_version.py /mnt/host/source/src/platform/ec/build/zephyr/adlrvp_npcx/build-rw/modules/ec/zephyr/include/ec_version.h --name Zephyr-Kernel --version 16543.0.0 --static
[adlrvp_npcx:rw] INFO:root:Using a static version string
[adlrvp_npcx:rw] INFO:root:Version string: Zephyr-Kernel-16543.0.0
[adlrvp_npcx:rw] INFO:root:Writing header to /mnt/host/source/src/platform/ec/build/zephyr/adlrvp_npcx/build-rw/modules/ec/zephyr/include/ec_version.h
[adlrvp_npcx:rw] [241/394] Building C object modules/ec/zephyr/CMakeFiles/ec_shim.dir/shim/src/bb_retimer_usb_mux.c.obj
[fatcatrvp-ite:ro] [299/370] Building C object modules/ec/zephyr/CMakeFiles/ec_shim.dir/drivers/boot_keys/boot_keys.c.obj
[pirrha:rw] [337/393] Building C object modules/ec/zephyr/CMakeFiles/ec_shim.dir/shim/src/adc.c.obj
[fatcatrvp-ite:rw] [323/370] Building C object modules/ec/zephyr/CMakeFiles/ec_shim.dir/shim/src/fan.c.obj
[fatcatrvp-ite:ro] [300/370] Building C object modules/ec/zephyr/CMakeFiles/ec_shim.dir/drivers/usbc/pdc_rts54xx.c.obj
[lapis:rw] [385/392] Building C object zephyr/kernel/CMakeFiles/kernel.dir/timeout.c.obj
[fatcatrvp-ite:rw] [324/370] Building C object modules/ec/zephyr/CMakeFiles/ec_shim.dir/shim/src/hooks.c.obj
[lapis:rw] [386/392] Building C object zephyr/kernel/CMakeFiles/kernel.dir/thread_monitor.c.obj
[fatcatrvp-ite:ro] [301/370] Building C object modules/ec/zephyr/CMakeFiles/ec_shim.dir/drivers/runtime_keys/runtime_keys.c.obj
[fatcatrvp-ite:rw] [325/370] Building C object modules/ec/zephyr/CMakeFiles/ec_shim.dir/shim/src/host_command.c.obj
[lapis:rw] [387/392] Building C object zephyr/kernel/CMakeFiles/kernel.dir/timer.c.obj
[pirrha:rw] [338/393] Building C object modules/ec/zephyr/CMakeFiles/ec_shim.dir/shim/src/battery.c.obj
[fatcatrvp-ite:rw] [326/370] Building C object modules/ec/zephyr/CMakeFiles/ec_shim.dir/shim/src/mkbp_event.c.obj
[fatcatrvp-ite:rw] [327/370] Building C object modules/ec/zephyr/CMakeFiles/ec_shim.dir/shim/src/console_buffer.c.obj
[pirrha:rw] [339/393] Building C object modules/ec/zephyr/CMakeFiles/ec_shim.dir/shim/src/charger.c.obj
[adlrvp_npcx:rw] [242/394] Building C object CMakeFiles/app.dir/mnt/host/source/src/platform/ec/zephyr/subsys/ap_pwrseq/ap_events.c.obj
[fatcatrvp-ite:ro] [302/370] Building C object modules/ec/zephyr/CMakeFiles/ec_shim.dir/drivers/vivaldi_kbd/vivaldi_kbd.c.obj
[lapis:rw] [388/392] Building C object zephyr/kernel/CMakeFiles/kernel.dir/poll.c.obj
[lapis:rw] [389/392] Building C object zephyr/kernel/CMakeFiles/kernel.dir/events.c.obj
[pirrha:rw] [340/393] Building C object modules/ec/zephyr/CMakeFiles/ec_shim.dir/shim/src/chipset_api.c.obj
[adlrvp_npcx:rw] [243/394] Building C object CMakeFiles/app.dir/mnt/host/source/src/platform/ec/build/zephyr/adlrvp_npcx/modules/ec/builtin/stdlib.c.obj
[fatcatrvp-ite:ro] [303/370] Building C object modules/ec/zephyr/CMakeFiles/ec_shim.dir/shim/chip/it8xxx2/gpio.c.obj
[lapis:rw] [390/392] Building C object zephyr/kernel/CMakeFiles/kernel.dir/mempool.c.obj
[fatcatrvp-ite:ro] [304/370] Building C object modules/ec/zephyr/CMakeFiles/ec_shim.dir/shim/chip/it8xxx2/clock.c.obj
[fatcatrvp-ite:rw] [328/370] Building C object modules/ec/zephyr/CMakeFiles/ec_shim.dir/shim/src/panic.c.obj
[fatcatrvp-ite:rw] [329/370] Building C object modules/ec/zephyr/CMakeFiles/ec_shim.dir/shim/src/temp_sensors.c.obj
[fatcatrvp-ite:rw] [330/370] Building C object modules/ec/zephyr/CMakeFiles/ec_shim.dir/shim/src/thermal.c.obj
[fatcatrvp-ite:rw] [331/370] Building C object modules/ec/zephyr/CMakeFiles/ec_shim.dir/shim/src/hwtimer.c.obj
Running (initial) lcov on /mnt/host/source/src/platform/ec/build/zephyr/it8xxx2_evb.
[lapis:rw] [391/392] Building C object zephyr/kernel/CMakeFiles/kernel.dir/dynamic_disabled.c.obj
[pirrha:rw] [341/393] Building C object modules/ec/zephyr/CMakeFiles/ec_shim.dir/shim/src/espi.c.obj
[lapis:rw] [392/392] Linking C static library zephyr/kernel/libkernel.a
[pirrha:rw] [342/393] Building C object modules/ec/zephyr/CMakeFiles/ec_shim.dir/shim/src/flash.c.obj
[adlrvp_npcx:rw] [244/394] Building C object CMakeFiles/app.dir/mnt/host/source/src/platform/ec/build/zephyr/adlrvp_npcx/modules/ec/common/base32.c.obj
[squirtle:rw] Building: /usr/bin/ninja -C /mnt/host/source/src/platform/ec/build/zephyr/squirtle/build-rw all.libraries
Running `env -i SHELL=/bin/bash COLORTERM=truecolor DEPOT_TOOLS_UPDATE=0 LESS='-R -M --shift 5' SUDO_GID=0 JDK_HOME=/etc/java-config-2/current-system-vm CONFIG_PROTECT_MASK='/etc/gentoo-release /etc/sandbox.d /etc/fonts/fonts.conf /etc/terminfo /etc/ca-certificates.conf /etc/revdep-rebuild' CHROMEOS_CACHEDIR=/var/cache/chromeos-cache JAVA_HOME=/etc/java-config-2/current-system-vm SSH_AUTH_SOCK=/tmp/ssh-auth-sock SUDO_COMMAND=/bin/bash SUDO_USER=root SUDO_TTY=/dev/pts/2 EDITOR=/usr/bin/vi PWD=/mnt/host/source/src/platform/ec CONFIG_PROTECT=/usr/share/gnupg/qualified.txt LOGNAME=jpmurphy MANPATH=/etc/java-config-2/current-system-vm/man:/usr/local/share/man:/usr/share/man:/usr/share/gcc-data/x86_64-pc-linux-gnu/10.2.0/man:/usr/share/binutils-data/x86_64-pc-linux-gnu/2.45/man:/etc/java-config-2/current-system-vm/man/ SUDO_HOME=/root XAUTHORITY=/run/user/944457/gdm/Xauthority HOME=/home/jpmurphy LANG=C.UTF-8 LS_COLORS='rs=0:di=01;34:ln=01;36:mh=00:pi=40;33:so=01;35:do=01;35:bd=40;33;01:cd=40;33;01:or=01;05;37;41:mi=01;05;37;41:su=37;41:sg=30;43:ca=30;41:tw=30;42:ow=34;42:st=37;44:ex=01;32:*.tar=01;31:*.tgz=01;31:*.arc=01;31:*.arj=01;31:*.taz=01;31:*.lha=01;31:*.lz4=01;31:*.lzh=01;31:*.lzma=01;31:*.tlz=01;31:*.txz=01;31:*.tzo=01;31:*.t7z=01;31:*.zip=01;31:*.z=01;31:*.dz=01;31:*.gz=01;31:*.lrz=01;31:*.lz=01;31:*.lzo=01;31:*.xz=01;31:*.zst=01;31:*.tzst=01;31:*.bz2=01;31:*.bz=01;31:*.tbz=01;31:*.tbz2=01;31:*.tz=01;31:*.deb=01;31:*.rpm=01;31:*.jar=01;31:*.war=01;31:*.ear=01;31:*.sar=01;31:*.rar=01;31:*.alz=01;31:*.ace=01;31:*.zoo=01;31:*.cpio=01;31:*.7z=01;31:*.rz=01;31:*.cab=01;31:*.wim=01;31:*.swm=01;31:*.dwm=01;31:*.esd=01;31:*.jpg=01;35:*.jpeg=01;35:*.mjpg=01;35:*.mjpeg=01;35:*.gif=01;35:*.bmp=01;35:*.pbm=01;35:*.pgm=01;35:*.ppm=01;35:*.tga=01;35:*.xbm=01;35:*.xpm=01;35:*.tif=01;35:*.tiff=01;35:*.png=01;35:*.svg=01;35:*.svgz=01;35:*.mng=01;35:*.pcx=01;35:*.mov=01;35:*.mpg=01;35:*.mpeg=01;35:*.m2v=01;35:*.mkv=01;35:*.webm=01;35:*.webp=01;35:*.ogm=01;35:*.mp4=01;35:*.m4v=01;35:*.mp4v=01;35:*.vob=01;35:*.qt=01;35:*.nuv=01;35:*.wmv=01;35:*.asf=01;35:*.rm=01;35:*.rmvb=01;35:*.flc=01;35:*.avi=01;35:*.fli=01;35:*.flv=01;35:*.gl=01;35:*.dl=01;35:*.xcf=01;35:*.xwd=01;35:*.yuv=01;35:*.cgm=01;35:*.emf=01;35:*.ogv=01;35:*.ogx=01;35:*.cfg=00;32:*.conf=00;32:*.diff=00;32:*.doc=00;32:*.ini=00;32:*.log=00;32:*.patch=00;32:*.pdf=00;32:*.ps=00;32:*.tex=00;32:*.txt=00;32:*.aac=00;36:*.au=00;36:*.flac=00;36:*.m4a=00;36:*.mid=00;36:*.midi=00;36:*.mka=00;36:*.mp3=00;36:*.mpc=00;36:*.ogg=00;36:*.ra=00;36:*.wav=00;36:*.oga=00;36:*.opus=00;36:*.spx=00;36:*.xspf=00;36:' XDG_CURRENT_DESKTOP=GNOME INFOPATH=/usr/share/info:/usr/share/gcc-data/x86_64-pc-linux-gnu/10.2.0/info:/usr/share/binutils-data/x86_64-pc-linux-gnu/2.45/info:/usr/share/automake-1.16.5/info JAVAC=/etc/java-config-2/current-system-vm/bin/javac TERM=xterm-256color LESSOPEN='|lesspipe %s' USER=jpmurphy CROS_WORKON_SRCROOT=/mnt/host/source MANPAGER=manpager DISPLAY=:1 SHLVL=1 LC_MESSAGES=C EXTERNAL_TRUNK_PATH=/mnt/8f9d649a-3721-44cc-93c0-e6bd21a9689f/chromiumos GCC_SPECS='' PATH=/mnt/host/source/chromite/bin:/usr/local/bin:/usr/bin:/bin:/opt/bin:/mnt/host/source/chromite/sdk/bin:/mnt/host/source/chromite/bin PORTAGE_USERNAME=jpmurphy SUDO_UID=0 GCC_VER=10.2.0 MAIL=/var/mail/jpmurphy OLDPWD=/mnt/host/source/src/scripts traceparent=00-e87aca51550a78635907baa6a2476181-6d684811675d2973-01 _=./zephyr/firmware_builder.py COREBOOT_SDK_ROOT_x86=/home/jpmurphy/.cache/coreboot-sdk/i386-elf/dfbb0486385d938cfa9d73080b9d18d598ed4f49 COREBOOT_SDK_ROOT_picolibc_x86=/home/jpmurphy/.cache/coreboot-sdk/picolibc-i386-elf/eb8e8e687b95461de8cbf278f1c2076952d0ad17 COREBOOT_SDK_ROOT_riscv64=/home/jpmurphy/.cache/coreboot-sdk/riscv64-elf/96b949749225b6aaa92ed810ab769e8dfb12f000 COREBOOT_SDK_ROOT_picolibc_arm=/home/jpmurphy/.cache/coreboot-sdk/picolibc-arm-eabi/422a2aa3e1ef891b5bece9a3deb696ff83840d2e COREBOOT_SDK_ROOT_nds32=/home/jpmurphy/.cache/coreboot-sdk/nds32le-elf/d1a518c4a097666d86058e1444f85ca015d15511 COREBOOT_SDK_ROOT_picolibc_riscv64=/home/jpmurphy/.cache/coreboot-sdk/picolibc-riscv64-elf/f571e990ef0278564b31124f8bb109d9a697eb69 COREBOOT_SDK_ROOT_arm=/home/jpmurphy/.cache/coreboot-sdk/arm-eabi/ea40ddd1d190c3b48435c474c0b545719371813a COREBOOT_SDK_ROOT_libstdcxx_riscv64=/home/jpmurphy/.cache/coreboot-sdk/libstdcxx-riscv64-elf/17abf22a3a252e2d5d2062ced5324f7a623689e0 COREBOOT_SDK_ROOT_libstdcxx_arm=/home/jpmurphy/.cache/coreboot-sdk/libstdcxx-arm-eabi/5d7d82e150e44aa1968f1d366e267e6687b328ac COREBOOT_SDK_ROOT_riscv=/home/jpmurphy/.cache/coreboot-sdk/riscv-elf/9a27b9e82341c6e9126624f516ab3f261abb3e73 COREBOOT_SDK_ROOT_libstdcxx_x86=/home/jpmurphy/.cache/coreboot-sdk/libstdcxx-i386-elf/42ef9d2e87a76a37963175d7d428734e65648b87 PYTHONPATH=/mnt/host/source/src/platform/ec/zephyr/zmake PW_PIGWEED_CIPD_INSTALL_DIR=/usr CROSTC_USER_ACKNOWLEDGES_THAT_RISCV_IS_EXPERIMENTAL=1 MAKEFLAGS=' -j16 --jobserver-auth=5,6' /usr/bin/ninja -C /mnt/host/source/src/platform/ec/build/zephyr/squirtle/build-rw all.libraries`
[fatcatrvp-ite:rw] [332/370] Building C object modules/ec/zephyr/CMakeFiles/ec_shim.dir/shim/src/i2c.c.obj
[squirtle:rw] ninja: Entering directory `/mnt/host/source/src/platform/ec/build/zephyr/squirtle/build-rw'
[fatcatrvp-ite:ro] [305/370] Building C object modules/ec/zephyr/CMakeFiles/ec_shim.dir/shim/chip/it8xxx2/system.c.obj
Running `env -i PYTHONPATH=/usr/lib64/python-exec/python3.11:/mnt/host/source/src/platform/ec/zephyr/zmake:/usr/lib/python311.zip:/usr/lib/python3.11:/usr/lib/python3.11/lib-dynload:/usr/lib/python3.11/site-packages PW_PIGWEED_CIPD_INSTALL_DIR=/usr CROSTC_USER_ACKNOWLEDGES_THAT_RISCV_IS_EXPERIMENTAL=1 PATH=/mnt/host/source/chromite/bin:/usr/local/bin:/usr/bin:/bin:/opt/bin:/mnt/host/source/chromite/sdk/bin:/mnt/host/source/chromite/bin HOME=/home/jpmurphy JAVA_HOME=/etc/java-config-2/current-system-vm JDK_HOME=/etc/java-config-2/current-system-vm JAVAC=/etc/java-config-2/current-system-vm/bin/javac MAKEFLAGS=' -j16 --jobserver-auth=5,6' /usr/bin/lcov --gcov-tool /mnt/host/source/src/platform/ec/build/zephyr/it8xxx2_evb/build-singleimage/gcov.sh -q -o - -c -d /mnt/host/source/src/platform/ec/build/zephyr/it8xxx2_evb -t it8xxx2_evb --rc branch_coverage=1 --filter range --ignore-errors inconsistent,source --ignore-errors gcov,gcov -i`
[pirrha:rw] [343/393] Building C object modules/ec/zephyr/CMakeFiles/ec_shim.dir/shim/src/hooks.c.obj
[adlrvp_npcx:rw] [245/394] Building C object CMakeFiles/app.dir/mnt/host/source/src/platform/ec/build/zephyr/adlrvp_npcx/modules/ec/common/console_output.c.obj
[fatcatrvp-ite:ro] [306/370] Building C object modules/ec/zephyr/CMakeFiles/ec_shim.dir/shim/src/crc.c.obj
[fatcatrvp-ite:rw] [333/370] Building C object modules/ec/zephyr/CMakeFiles/ec_shim.dir/shim/src/power_host_sleep_api.c.obj
[fatcatrvp-ite:ro] [307/370] Building C object modules/ec/zephyr/CMakeFiles/ec_shim.dir/shim/chip/it8xxx2/power_policy.c.obj
[fatcatrvp-ite:rw] [334/370] Building C object zephyr/kernel/CMakeFiles/kernel.dir/main_weak.c.obj
[fatcatrvp-ite:ro] [308/370] Building C object modules/ec/zephyr/CMakeFiles/ec_shim.dir/shim/src/console.c.obj
[fatcatrvp-ite:rw] [335/370] Building C object modules/ec/zephyr/CMakeFiles/ec_shim.dir/shim/src/tasks.c.obj
[fatcatrvp-ite:rw] [336/370] Building C object modules/ec/zephyr/CMakeFiles/ec_shim.dir/shim/src/sha256_hw.c.obj
[fatcatrvp-ite:rw] [337/370] Building C object zephyr/kernel/CMakeFiles/kernel.dir/banner.c.obj
[squirtle:rw] [1/385] Generating include/generated/zephyr/version.h
[squirtle:rw] -- git describe warned: warning: tag 'upstream/v2.7.99' is externally known as 'v2.7.99'
[fatcatrvp-ite:rw] [338/370] Building C object modules/ec/zephyr/CMakeFiles/ec_shim.dir/shim/src/watchdog.c.obj
[squirtle:rw] -- Zephyr version: 4.3.99 (/mnt/host/source/src/third_party/zephyr/main)
[squirtle:rw] [2/385] Preparing syscall dependency handling
[squirtle:rw] [3/385] Generating misc/generated/syscalls_subdirs.trigger
[fatcatrvp-ite:rw] [339/370] Linking C static library modules/ec/zephyr/libec_shim.a
[pirrha:rw] [344/393] Building C object modules/ec/zephyr/CMakeFiles/ec_shim.dir/shim/src/host_command.c.obj
[pirrha:rw] [345/393] Building C object modules/ec/zephyr/CMakeFiles/ec_shim.dir/shim/src/console_buffer.c.obj
[pirrha:rw] [346/393] Building C object modules/ec/zephyr/CMakeFiles/ec_shim.dir/shim/src/keyboard_raw.c.obj
[fatcatrvp-ite:rw] [340/370] Building C object zephyr/kernel/CMakeFiles/kernel.dir/busy_wait.c.obj
[adlrvp_npcx:rw] [246/394] Building C object CMakeFiles/app.dir/mnt/host/source/src/platform/ec/build/zephyr/adlrvp_npcx/modules/ec/common/ec_features.c.obj
[/mnt/host/source/src/platform/ec/build/zephyr/it8xxx2_evb-lcov] geninfo: WARNING: using JSON module "JSON::PP" - which is much slower than some alternatives.  Consider installing one of JSON::XS or Cpanel::JSON::XS
[fatcatrvp-ite:rw] [341/370] Building C object zephyr/kernel/CMakeFiles/kernel.dir/device.c.obj
[fatcatrvp-ite:rw] [342/370] Building C object zephyr/kernel/CMakeFiles/kernel.dir/errno.c.obj
[fatcatrvp-ite:rw] [343/370] Building C object zephyr/kernel/CMakeFiles/kernel.dir/fatal.c.obj
[adlrvp_npcx:rw] [247/394] Building C object CMakeFiles/app.dir/mnt/host/source/src/platform/ec/build/zephyr/adlrvp_npcx/modules/ec/common/gpio_commands.c.obj
[fatcatrvp-ite:rw] [344/370] Building C object zephyr/kernel/CMakeFiles/kernel.dir/version.c.obj
[fatcatrvp-ite:ro] [309/370] Building C object modules/ec/zephyr/CMakeFiles/ec_shim.dir/shim/src/gpio_int.c.obj
[fatcatrvp-ite:ro] [310/370] Building C object modules/ec/zephyr/CMakeFiles/ec_shim.dir/shim/src/panic_utils.c.obj
[fatcatrvp-ite:ro] [311/370] Building C object modules/ec/zephyr/CMakeFiles/ec_shim.dir/shim/src/gpio.c.obj
[fatcatrvp-ite:rw] [345/370] Building C object zephyr/kernel/CMakeFiles/kernel.dir/init.c.obj
[pirrha:rw] [347/393] Building C object modules/ec/zephyr/CMakeFiles/ec_shim.dir/shim/src/mkbp_event.c.obj
[fatcatrvp-ite:rw] [346/370] Building C object zephyr/kernel/CMakeFiles/kernel.dir/kheap.c.obj
[pirrha:rw] [348/393] Building C object modules/ec/zephyr/CMakeFiles/ec_shim.dir/shim/src/panic.c.obj
[squirtle:rw] [4/385] Generating misc/generated/syscalls.json, misc/generated/struct_tags.json
[fatcatrvp-ite:rw] [347/370] Building C object zephyr/kernel/CMakeFiles/kernel.dir/mem_slab.c.obj
[fatcatrvp-ite:rw] [348/370] Building C object zephyr/kernel/CMakeFiles/kernel.dir/float.c.obj
[squirtle:rw] [5/385] Generating include/generated/zephyr/syscall_dispatch.c, include/generated/zephyr/syscall_exports_llext.c, syscall_weakdefs_llext.c, include/generated/zephyr/syscall_list.h
[pirrha:rw] [349/393] Building C object modules/ec/zephyr/CMakeFiles/ec_shim.dir/shim/src/motionsense_sensors.c.obj
[fatcatrvp-ite:rw] [349/370] Building C object zephyr/kernel/CMakeFiles/kernel.dir/idle.c.obj
[adlrvp_npcx:rw] [248/394] Building C object CMakeFiles/app.dir/mnt/host/source/src/platform/ec/build/zephyr/adlrvp_npcx/modules/ec/common/peripheral.c.obj
[squirtle:rw] [6/385] Generating include/generated/zephyr/driver-validation.h
[fatcatrvp-ite:ro] [312/370] Building C object modules/ec/zephyr/CMakeFiles/ec_shim.dir/shim/src/cbi/cros_cbi.c.obj
[fatcatrvp-ite:rw] [350/370] Building C object zephyr/kernel/CMakeFiles/kernel.dir/mailbox.c.obj
[fatcatrvp-ite:rw] [351/370] Building C object zephyr/kernel/CMakeFiles/kernel.dir/msg_q.c.obj
[adlrvp_npcx:rw] [249/394] Building C object CMakeFiles/app.dir/mnt/host/source/src/platform/ec/build/zephyr/adlrvp_npcx/modules/ec/common/printf.c.obj
[squirtle:rw] [7/385] Generating include/generated/zephyr/kobj-types-enum.h, include/generated/zephyr/otype-to-str.h, include/generated/zephyr/otype-to-size.h
[squirtle:rw] [8/385] Generating include/generated/device-api-sections.ld, include/generated/device-api-sections.cmake
[fatcatrvp-ite:ro] [313/370] Building C object modules/ec/zephyr/CMakeFiles/ec_shim.dir/shim/src/pm_state.c.obj
[fatcatrvp-ite:ro] [314/370] Building C object modules/ec/zephyr/CMakeFiles/ec_shim.dir/shim/src/cbi/cbi_flash.c.obj
[pirrha:rw] [350/393] Building C object modules/ec/zephyr/CMakeFiles/ec_shim.dir/shim/src/thermal.c.obj
[fatcatrvp-ite:rw] [352/370] Building C object zephyr/kernel/CMakeFiles/kernel.dir/queue.c.obj
[pirrha:rw] [351/393] Building C object modules/ec/zephyr/CMakeFiles/ec_shim.dir/shim/src/hwtimer.c.obj
[pirrha:rw] [352/393] Building C object modules/ec/zephyr/CMakeFiles/ec_shim.dir/shim/src/temp_sensors.c.obj
[fatcatrvp-ite:rw] [353/370] Building C object zephyr/kernel/CMakeFiles/kernel.dir/sem.c.obj
[fatcatrvp-ite:rw] [354/370] Building C object zephyr/kernel/CMakeFiles/kernel.dir/stack.c.obj
[fatcatrvp-ite:rw] [355/370] Building C object zephyr/kernel/CMakeFiles/kernel.dir/mutex.c.obj
[fatcatrvp-ite:rw] [356/370] Building C object zephyr/kernel/CMakeFiles/kernel.dir/system_work_q.c.obj
[squirtle:rw] [9/385] Building C object zephyr/CMakeFiles/offsets.dir/arch/arm/core/offsets/offsets.c.obj
[adlrvp_npcx:rw] [250/394] Building C object CMakeFiles/app.dir/mnt/host/source/src/platform/ec/build/zephyr/adlrvp_npcx/modules/ec/common/queue.c.obj
[fatcatrvp-ite:rw] [357/370] Building C object zephyr/kernel/CMakeFiles/kernel.dir/work.c.obj
[fatcatrvp-ite:rw] [358/370] Building C object zephyr/kernel/CMakeFiles/kernel.dir/condvar.c.obj
[fatcatrvp-ite:ro] [315/370] Building C object modules/ec/zephyr/CMakeFiles/ec_shim.dir/shim/src/system.c.obj
[squirtle:rw] [10/385] Generating include/generated/zephyr/offsets.h
[fatcatrvp-ite:ro] [316/370] Building C object modules/ec/zephyr/CMakeFiles/ec_shim.dir/shim/src/adc.c.obj
[fatcatrvp-ite:ro] [317/370] Building C object modules/ec/zephyr/CMakeFiles/ec_shim.dir/shim/src/pdc_shim.c.obj
[pirrha:rw] [353/393] Building C object modules/ec/zephyr/CMakeFiles/ec_shim.dir/shim/src/tasks.c.obj
[fatcatrvp-ite:rw] [359/370] Building C object zephyr/kernel/CMakeFiles/kernel.dir/thread.c.obj
[pirrha:rw] [354/393] Building C object modules/ec/zephyr/CMakeFiles/ec_shim.dir/shim/src/i2c.c.obj
[pirrha:rw] [355/393] Building C object modules/ec/zephyr/CMakeFiles/ec_shim.dir/shim/src/watchdog.c.obj
[fatcatrvp-ite:rw] [360/370] Building C object zephyr/kernel/CMakeFiles/kernel.dir/pipe.c.obj
[adlrvp_npcx:rw] [251/394] Building C object CMakeFiles/app.dir/mnt/host/source/src/platform/ec/build/zephyr/adlrvp_npcx/modules/ec/common/system.c.obj
[fatcatrvp-ite:rw] [361/370] Building C object zephyr/kernel/CMakeFiles/kernel.dir/spinlock_validate.c.obj
[fatcatrvp-ite:rw] [362/370] Building C object zephyr/kernel/CMakeFiles/kernel.dir/sched.c.obj
[adlrvp_npcx:rw] [252/394] Building C object CMakeFiles/app.dir/mnt/host/source/src/platform/ec/build/zephyr/adlrvp_npcx/modules/ec/common/system_boot_time.c.obj
[fatcatrvp-ite:rw] [363/370] Building C object zephyr/kernel/CMakeFiles/kernel.dir/thread_monitor.c.obj
[squirtle:rw] [11/385] Building C object zephyr/CMakeFiles/zephyr.dir/lib/libc/validate_libc.c.obj
[fatcatrvp-ite:rw] [364/370] Building C object zephyr/kernel/CMakeFiles/kernel.dir/timeout.c.obj
[fatcatrvp-ite:ro] [318/370] Building C object modules/ec/zephyr/CMakeFiles/ec_shim.dir/shim/src/battery.c.obj
[pirrha:rw] [356/393] Building C object modules/ec/zephyr/CMakeFiles/ec_shim.dir/shim/src/bc12.c.obj
[fatcatrvp-ite:ro] [319/370] Building C object modules/ec/zephyr/CMakeFiles/ec_shim.dir/shim/src/charger.c.obj
[fatcatrvp-ite:rw] [365/370] Building C object zephyr/kernel/CMakeFiles/kernel.dir/timer.c.obj
[pirrha:rw] [357/393] Building C object modules/ec/zephyr/CMakeFiles/ec_shim.dir/shim/src/bc12_pi3usb9201.c.obj
[pirrha:rw] [358/393] Building C object modules/ec/zephyr/CMakeFiles/ec_shim.dir/shim/src/usba.c.obj
[fatcatrvp-ite:ro] [320/370] Building C object modules/ec/zephyr/CMakeFiles/ec_shim.dir/shim/src/chipset_api.c.obj
[fatcatrvp-ite:rw] [366/370] Building C object zephyr/kernel/CMakeFiles/kernel.dir/events.c.obj
[fatcatrvp-ite:rw] [367/370] Building C object zephyr/kernel/CMakeFiles/kernel.dir/poll.c.obj
[adlrvp_npcx:rw] [253/394] Building C object CMakeFiles/app.dir/mnt/host/source/src/platform/ec/build/zephyr/adlrvp_npcx/modules/ec/common/uart_printf.c.obj
[telith:rw] Building: /usr/bin/ninja -C /mnt/host/source/src/platform/ec/build/zephyr/telith/build-rw all.libraries
Running `env -i SHELL=/bin/bash COLORTERM=truecolor DEPOT_TOOLS_UPDATE=0 LESS='-R -M --shift 5' SUDO_GID=0 JDK_HOME=/etc/java-config-2/current-system-vm CONFIG_PROTECT_MASK='/etc/gentoo-release /etc/sandbox.d /etc/fonts/fonts.conf /etc/terminfo /etc/ca-certificates.conf /etc/revdep-rebuild' CHROMEOS_CACHEDIR=/var/cache/chromeos-cache JAVA_HOME=/etc/java-config-2/current-system-vm SSH_AUTH_SOCK=/tmp/ssh-auth-sock SUDO_COMMAND=/bin/bash SUDO_USER=root SUDO_TTY=/dev/pts/2 EDITOR=/usr/bin/vi PWD=/mnt/host/source/src/platform/ec CONFIG_PROTECT=/usr/share/gnupg/qualified.txt LOGNAME=jpmurphy MANPATH=/etc/java-config-2/current-system-vm/man:/usr/local/share/man:/usr/share/man:/usr/share/gcc-data/x86_64-pc-linux-gnu/10.2.0/man:/usr/share/binutils-data/x86_64-pc-linux-gnu/2.45/man:/etc/java-config-2/current-system-vm/man/ SUDO_HOME=/root XAUTHORITY=/run/user/944457/gdm/Xauthority HOME=/home/jpmurphy LANG=C.UTF-8 LS_COLORS='rs=0:di=01;34:ln=01;36:mh=00:pi=40;33:so=01;35:do=01;35:bd=40;33;01:cd=40;33;01:or=01;05;37;41:mi=01;05;37;41:su=37;41:sg=30;43:ca=30;41:tw=30;42:ow=34;42:st=37;44:ex=01;32:*.tar=01;31:*.tgz=01;31:*.arc=01;31:*.arj=01;31:*.taz=01;31:*.lha=01;31:*.lz4=01;31:*.lzh=01;31:*.lzma=01;31:*.tlz=01;31:*.txz=01;31:*.tzo=01;31:*.t7z=01;31:*.zip=01;31:*.z=01;31:*.dz=01;31:*.gz=01;31:*.lrz=01;31:*.lz=01;31:*.lzo=01;31:*.xz=01;31:*.zst=01;31:*.tzst=01;31:*.bz2=01;31:*.bz=01;31:*.tbz=01;31:*.tbz2=01;31:*.tz=01;31:*.deb=01;31:*.rpm=01;31:*.jar=01;31:*.war=01;31:*.ear=01;31:*.sar=01;31:*.rar=01;31:*.alz=01;31:*.ace=01;31:*.zoo=01;31:*.cpio=01;31:*.7z=01;31:*.rz=01;31:*.cab=01;31:*.wim=01;31:*.swm=01;31:*.dwm=01;31:*.esd=01;31:*.jpg=01;35:*.jpeg=01;35:*.mjpg=01;35:*.mjpeg=01;35:*.gif=01;35:*.bmp=01;35:*.pbm=01;35:*.pgm=01;35:*.ppm=01;35:*.tga=01;35:*.xbm=01;35:*.xpm=01;35:*.tif=01;35:*.tiff=01;35:*.png=01;35:*.svg=01;35:*.svgz=01;35:*.mng=01;35:*.pcx=01;35:*.mov=01;35:*.mpg=01;35:*.mpeg=01;35:*.m2v=01;35:*.mkv=01;35:*.webm=01;35:*.webp=01;35:*.ogm=01;35:*.mp4=01;35:*.m4v=01;35:*.mp4v=01;35:*.vob=01;35:*.qt=01;35:*.nuv=01;35:*.wmv=01;35:*.asf=01;35:*.rm=01;35:*.rmvb=01;35:*.flc=01;35:*.avi=01;35:*.fli=01;35:*.flv=01;35:*.gl=01;35:*.dl=01;35:*.xcf=01;35:*.xwd=01;35:*.yuv=01;35:*.cgm=01;35:*.emf=01;35:*.ogv=01;35:*.ogx=01;35:*.cfg=00;32:*.conf=00;32:*.diff=00;32:*.doc=00;32:*.ini=00;32:*.log=00;32:*.patch=00;32:*.pdf=00;32:*.ps=00;32:*.tex=00;32:*.txt=00;32:*.aac=00;36:*.au=00;36:*.flac=00;36:*.m4a=00;36:*.mid=00;36:*.midi=00;36:*.mka=00;36:*.mp3=00;36:*.mpc=00;36:*.ogg=00;36:*.ra=00;36:*.wav=00;36:*.oga=00;36:*.opus=00;36:*.spx=00;36:*.xspf=00;36:' XDG_CURRENT_DESKTOP=GNOME INFOPATH=/usr/share/info:/usr/share/gcc-data/x86_64-pc-linux-gnu/10.2.0/info:/usr/share/binutils-data/x86_64-pc-linux-gnu/2.45/info:/usr/share/automake-1.16.5/info JAVAC=/etc/java-config-2/current-system-vm/bin/javac TERM=xterm-256color LESSOPEN='|lesspipe %s' USER=jpmurphy CROS_WORKON_SRCROOT=/mnt/host/source MANPAGER=manpager DISPLAY=:1 SHLVL=1 LC_MESSAGES=C EXTERNAL_TRUNK_PATH=/mnt/8f9d649a-3721-44cc-93c0-e6bd21a9689f/chromiumos GCC_SPECS='' PATH=/mnt/host/source/chromite/bin:/usr/local/bin:/usr/bin:/bin:/opt/bin:/mnt/host/source/chromite/sdk/bin:/mnt/host/source/chromite/bin PORTAGE_USERNAME=jpmurphy SUDO_UID=0 GCC_VER=10.2.0 MAIL=/var/mail/jpmurphy OLDPWD=/mnt/host/source/src/scripts traceparent=00-e87aca51550a78635907baa6a2476181-6d684811675d2973-01 _=./zephyr/firmware_builder.py COREBOOT_SDK_ROOT_x86=/home/jpmurphy/.cache/coreboot-sdk/i386-elf/dfbb0486385d938cfa9d73080b9d18d598ed4f49 COREBOOT_SDK_ROOT_picolibc_x86=/home/jpmurphy/.cache/coreboot-sdk/picolibc-i386-elf/eb8e8e687b95461de8cbf278f1c2076952d0ad17 COREBOOT_SDK_ROOT_riscv64=/home/jpmurphy/.cache/coreboot-sdk/riscv64-elf/96b949749225b6aaa92ed810ab769e8dfb12f000 COREBOOT_SDK_ROOT_picolibc_arm=/home/jpmurphy/.cache/coreboot-sdk/picolibc-arm-eabi/422a2aa3e1ef891b5bece9a3deb696ff83840d2e COREBOOT_SDK_ROOT_nds32=/home/jpmurphy/.cache/coreboot-sdk/nds32le-elf/d1a518c4a097666d86058e1444f85ca015d15511 COREBOOT_SDK_ROOT_picolibc_riscv64=/home/jpmurphy/.cache/coreboot-sdk/picolibc-riscv64-elf/f571e990ef0278564b31124f8bb109d9a697eb69 COREBOOT_SDK_ROOT_arm=/home/jpmurphy/.cache/coreboot-sdk/arm-eabi/ea40ddd1d190c3b48435c474c0b545719371813a COREBOOT_SDK_ROOT_libstdcxx_riscv64=/home/jpmurphy/.cache/coreboot-sdk/libstdcxx-riscv64-elf/17abf22a3a252e2d5d2062ced5324f7a623689e0 COREBOOT_SDK_ROOT_libstdcxx_arm=/home/jpmurphy/.cache/coreboot-sdk/libstdcxx-arm-eabi/5d7d82e150e44aa1968f1d366e267e6687b328ac COREBOOT_SDK_ROOT_riscv=/home/jpmurphy/.cache/coreboot-sdk/riscv-elf/9a27b9e82341c6e9126624f516ab3f261abb3e73 COREBOOT_SDK_ROOT_libstdcxx_x86=/home/jpmurphy/.cache/coreboot-sdk/libstdcxx-i386-elf/42ef9d2e87a76a37963175d7d428734e65648b87 PYTHONPATH=/mnt/host/source/src/platform/ec/zephyr/zmake PW_PIGWEED_CIPD_INSTALL_DIR=/usr CROSTC_USER_ACKNOWLEDGES_THAT_RISCV_IS_EXPERIMENTAL=1 MAKEFLAGS=' -j16 --jobserver-auth=5,6' /usr/bin/ninja -C /mnt/host/source/src/platform/ec/build/zephyr/telith/build-rw all.libraries`
[fatcatrvp-ite:rw] [368/370] Building C object zephyr/kernel/CMakeFiles/kernel.dir/dynamic_disabled.c.obj
[telith:rw] ninja: Entering directory `/mnt/host/source/src/platform/ec/build/zephyr/telith/build-rw'
[fatcatrvp-ite:rw] [369/370] Building C object zephyr/kernel/CMakeFiles/kernel.dir/mempool.c.obj
[fatcatrvp-ite:rw] [370/370] Linking C static library zephyr/kernel/libkernel.a
[telith:ro] Building: /usr/bin/ninja -C /mnt/host/source/src/platform/ec/build/zephyr/telith/build-ro all.libraries
Running `env -i SHELL=/bin/bash COLORTERM=truecolor DEPOT_TOOLS_UPDATE=0 LESS='-R -M --shift 5' SUDO_GID=0 JDK_HOME=/etc/java-config-2/current-system-vm CONFIG_PROTECT_MASK='/etc/gentoo-release /etc/sandbox.d /etc/fonts/fonts.conf /etc/terminfo /etc/ca-certificates.conf /etc/revdep-rebuild' CHROMEOS_CACHEDIR=/var/cache/chromeos-cache JAVA_HOME=/etc/java-config-2/current-system-vm SSH_AUTH_SOCK=/tmp/ssh-auth-sock SUDO_COMMAND=/bin/bash SUDO_USER=root SUDO_TTY=/dev/pts/2 EDITOR=/usr/bin/vi PWD=/mnt/host/source/src/platform/ec CONFIG_PROTECT=/usr/share/gnupg/qualified.txt LOGNAME=jpmurphy MANPATH=/etc/java-config-2/current-system-vm/man:/usr/local/share/man:/usr/share/man:/usr/share/gcc-data/x86_64-pc-linux-gnu/10.2.0/man:/usr/share/binutils-data/x86_64-pc-linux-gnu/2.45/man:/etc/java-config-2/current-system-vm/man/ SUDO_HOME=/root XAUTHORITY=/run/user/944457/gdm/Xauthority HOME=/home/jpmurphy LANG=C.UTF-8 LS_COLORS='rs=0:di=01;34:ln=01;36:mh=00:pi=40;33:so=01;35:do=01;35:bd=40;33;01:cd=40;33;01:or=01;05;37;41:mi=01;05;37;41:su=37;41:sg=30;43:ca=30;41:tw=30;42:ow=34;42:st=37;44:ex=01;32:*.tar=01;31:*.tgz=01;31:*.arc=01;31:*.arj=01;31:*.taz=01;31:*.lha=01;31:*.lz4=01;31:*.lzh=01;31:*.lzma=01;31:*.tlz=01;31:*.txz=01;31:*.tzo=01;31:*.t7z=01;31:*.zip=01;31:*.z=01;31:*.dz=01;31:*.gz=01;31:*.lrz=01;31:*.lz=01;31:*.lzo=01;31:*.xz=01;31:*.zst=01;31:*.tzst=01;31:*.bz2=01;31:*.bz=01;31:*.tbz=01;31:*.tbz2=01;31:*.tz=01;31:*.deb=01;31:*.rpm=01;31:*.jar=01;31:*.war=01;31:*.ear=01;31:*.sar=01;31:*.rar=01;31:*.alz=01;31:*.ace=01;31:*.zoo=01;31:*.cpio=01;31:*.7z=01;31:*.rz=01;31:*.cab=01;31:*.wim=01;31:*.swm=01;31:*.dwm=01;31:*.esd=01;31:*.jpg=01;35:*.jpeg=01;35:*.mjpg=01;35:*.mjpeg=01;35:*.gif=01;35:*.bmp=01;35:*.pbm=01;35:*.pgm=01;35:*.ppm=01;35:*.tga=01;35:*.xbm=01;35:*.xpm=01;35:*.tif=01;35:*.tiff=01;35:*.png=01;35:*.svg=01;35:*.svgz=01;35:*.mng=01;35:*.pcx=01;35:*.mov=01;35:*.mpg=01;35:*.mpeg=01;35:*.m2v=01;35:*.mkv=01;35:*.webm=01;35:*.webp=01;35:*.ogm=01;35:*.mp4=01;35:*.m4v=01;35:*.mp4v=01;35:*.vob=01;35:*.qt=01;35:*.nuv=01;35:*.wmv=01;35:*.asf=01;35:*.rm=01;35:*.rmvb=01;35:*.flc=01;35:*.avi=01;35:*.fli=01;35:*.flv=01;35:*.gl=01;35:*.dl=01;35:*.xcf=01;35:*.xwd=01;35:*.yuv=01;35:*.cgm=01;35:*.emf=01;35:*.ogv=01;35:*.ogx=01;35:*.cfg=00;32:*.conf=00;32:*.diff=00;32:*.doc=00;32:*.ini=00;32:*.log=00;32:*.patch=00;32:*.pdf=00;32:*.ps=00;32:*.tex=00;32:*.txt=00;32:*.aac=00;36:*.au=00;36:*.flac=00;36:*.m4a=00;36:*.mid=00;36:*.midi=00;36:*.mka=00;36:*.mp3=00;36:*.mpc=00;36:*.ogg=00;36:*.ra=00;36:*.wav=00;36:*.oga=00;36:*.opus=00;36:*.spx=00;36:*.xspf=00;36:' XDG_CURRENT_DESKTOP=GNOME INFOPATH=/usr/share/info:/usr/share/gcc-data/x86_64-pc-linux-gnu/10.2.0/info:/usr/share/binutils-data/x86_64-pc-linux-gnu/2.45/info:/usr/share/automake-1.16.5/info JAVAC=/etc/java-config-2/current-system-vm/bin/javac TERM=xterm-256color LESSOPEN='|lesspipe %s' USER=jpmurphy CROS_WORKON_SRCROOT=/mnt/host/source MANPAGER=manpager DISPLAY=:1 SHLVL=1 LC_MESSAGES=C EXTERNAL_TRUNK_PATH=/mnt/8f9d649a-3721-44cc-93c0-e6bd21a9689f/chromiumos GCC_SPECS='' PATH=/mnt/host/source/chromite/bin:/usr/local/bin:/usr/bin:/bin:/opt/bin:/mnt/host/source/chromite/sdk/bin:/mnt/host/source/chromite/bin PORTAGE_USERNAME=jpmurphy SUDO_UID=0 GCC_VER=10.2.0 MAIL=/var/mail/jpmurphy OLDPWD=/mnt/host/source/src/scripts traceparent=00-e87aca51550a78635907baa6a2476181-6d684811675d2973-01 _=./zephyr/firmware_builder.py COREBOOT_SDK_ROOT_x86=/home/jpmurphy/.cache/coreboot-sdk/i386-elf/dfbb0486385d938cfa9d73080b9d18d598ed4f49 COREBOOT_SDK_ROOT_picolibc_x86=/home/jpmurphy/.cache/coreboot-sdk/picolibc-i386-elf/eb8e8e687b95461de8cbf278f1c2076952d0ad17 COREBOOT_SDK_ROOT_riscv64=/home/jpmurphy/.cache/coreboot-sdk/riscv64-elf/96b949749225b6aaa92ed810ab769e8dfb12f000 COREBOOT_SDK_ROOT_picolibc_arm=/home/jpmurphy/.cache/coreboot-sdk/picolibc-arm-eabi/422a2aa3e1ef891b5bece9a3deb696ff83840d2e COREBOOT_SDK_ROOT_nds32=/home/jpmurphy/.cache/coreboot-sdk/nds32le-elf/d1a518c4a097666d86058e1444f85ca015d15511 COREBOOT_SDK_ROOT_picolibc_riscv64=/home/jpmurphy/.cache/coreboot-sdk/picolibc-riscv64-elf/f571e990ef0278564b31124f8bb109d9a697eb69 COREBOOT_SDK_ROOT_arm=/home/jpmurphy/.cache/coreboot-sdk/arm-eabi/ea40ddd1d190c3b48435c474c0b545719371813a COREBOOT_SDK_ROOT_libstdcxx_riscv64=/home/jpmurphy/.cache/coreboot-sdk/libstdcxx-riscv64-elf/17abf22a3a252e2d5d2062ced5324f7a623689e0 COREBOOT_SDK_ROOT_libstdcxx_arm=/home/jpmurphy/.cache/coreboot-sdk/libstdcxx-arm-eabi/5d7d82e150e44aa1968f1d366e267e6687b328ac COREBOOT_SDK_ROOT_riscv=/home/jpmurphy/.cache/coreboot-sdk/riscv-elf/9a27b9e82341c6e9126624f516ab3f261abb3e73 COREBOOT_SDK_ROOT_libstdcxx_x86=/home/jpmurphy/.cache/coreboot-sdk/libstdcxx-i386-elf/42ef9d2e87a76a37963175d7d428734e65648b87 PYTHONPATH=/mnt/host/source/src/platform/ec/zephyr/zmake PW_PIGWEED_CIPD_INSTALL_DIR=/usr CROSTC_USER_ACKNOWLEDGES_THAT_RISCV_IS_EXPERIMENTAL=1 MAKEFLAGS=' -j16 --jobserver-auth=5,6' /usr/bin/ninja -C /mnt/host/source/src/platform/ec/build/zephyr/telith/build-ro all.libraries`
[telith:ro] ninja: Entering directory `/mnt/host/source/src/platform/ec/build/zephyr/telith/build-ro'
[squirtle:rw] [12/385] Building C object zephyr/CMakeFiles/zephyr.dir/lib/heap/heap.c.obj
[adlrvp_npcx:rw] [254/394] Building C object CMakeFiles/app.dir/mnt/host/source/src/platform/ec/build/zephyr/adlrvp_npcx/modules/ec/common/util.c.obj
[pirrha:rw] [359/393] Building C object zephyr/kernel/CMakeFiles/kernel.dir/main_weak.c.obj
[pirrha:rw] [360/393] Building C object modules/ec/zephyr/CMakeFiles/ec_shim.dir/shim/src/power_host_sleep_api.c.obj
[squirtle:rw] [13/385] Building C object zephyr/CMakeFiles/zephyr.dir/lib/os/cbprintf_packaged.c.obj
[adlrvp_npcx:rw] [255/394] Building C object CMakeFiles/app.dir/mnt/host/source/src/platform/ec/build/zephyr/adlrvp_npcx/modules/ec/common/version.c.obj
[squirtle:rw] [14/385] Building C object zephyr/CMakeFiles/zephyr.dir/lib/os/clock.c.obj
[telith:rw] [1/403] Generating include/generated/zephyr/version.h
[telith:rw] -- git describe warned: warning: tag 'upstream/v2.7.99' is externally known as 'v2.7.99'
[telith:rw] -- Zephyr version: 4.3.99 (/mnt/host/source/src/third_party/zephyr/main)
[telith:rw] [2/403] Preparing syscall dependency handling
[fatcatrvp-ite:ro] [321/370] Building C object modules/ec/zephyr/CMakeFiles/ec_shim.dir/shim/src/espi.c.obj
[pirrha:rw] [361/393] Building C object modules/ec/zephyr/CMakeFiles/ec_shim.dir/shim/src/usb_muxes.c.obj
[fatcatrvp-ite:ro] [322/370] Building C object modules/ec/zephyr/CMakeFiles/ec_shim.dir/shim/src/fan.c.obj
[telith:ro] [1/403] Generating include/generated/zephyr/version.h
[telith:ro] -- git describe warned: warning: tag 'upstream/v2.7.99' is externally known as 'v2.7.99'
[telith:ro] -- Zephyr version: 4.3.99 (/mnt/host/source/src/third_party/zephyr/main)
[telith:ro] [2/403] Preparing syscall dependency handling
[telith:rw] [3/403] Generating misc/generated/syscalls_subdirs.trigger
[pirrha:rw] [362/393] Linking C static library modules/ec/zephyr/libec_shim.a
[telith:ro] [3/403] Generating misc/generated/syscalls_subdirs.trigger
[adlrvp_npcx:rw] [256/394] Building C object CMakeFiles/app.dir/mnt/host/source/src/platform/ec/build/zephyr/adlrvp_npcx/modules/ec/common/power_button_x86.c.obj
[fatcatrvp-ite:ro] [323/370] Building C object modules/ec/zephyr/CMakeFiles/ec_shim.dir/shim/src/flash.c.obj
[squirtle:rw] [15/385] Building C object zephyr/CMakeFiles/zephyr.dir/lib/os/printk.c.obj
[pirrha:rw] [363/393] Building C object zephyr/kernel/CMakeFiles/kernel.dir/banner.c.obj
[pirrha:rw] [364/393] Building C object zephyr/kernel/CMakeFiles/kernel.dir/busy_wait.c.obj
[squirtle:rw] [16/385] Building C object zephyr/CMakeFiles/zephyr.dir/lib/os/sem.c.obj
[adlrvp_npcx:rw] [257/394] Building C object CMakeFiles/app.dir/mnt/host/source/src/platform/ec/build/zephyr/adlrvp_npcx/modules/ec/common/adc.c.obj
[squirtle:rw] [17/385] Building C object zephyr/CMakeFiles/zephyr.dir/lib/os/thread_entry.c.obj
[adlrvp_npcx:rw] [258/394] Building C object CMakeFiles/app.dir/mnt/host/source/src/platform/ec/build/zephyr/adlrvp_npcx/modules/ec/common/acpi.c.obj
[pirrha:rw] [365/393] Building C object zephyr/kernel/CMakeFiles/kernel.dir/device.c.obj
[fatcatrvp-ite:ro] [324/370] Building C object modules/ec/zephyr/CMakeFiles/ec_shim.dir/shim/src/hooks.c.obj
[telith:rw] [4/403] Generating misc/generated/syscalls.json, misc/generated/struct_tags.json
[fatcatrvp-ite:ro] [325/370] Building C object modules/ec/zephyr/CMakeFiles/ec_shim.dir/shim/src/host_command.c.obj
[squirtle:rw] [18/385] Building C object zephyr/CMakeFiles/zephyr.dir/lib/os/cbprintf_nano.c.obj
[pirrha:rw] [366/393] Building C object zephyr/kernel/CMakeFiles/kernel.dir/fatal.c.obj
[adlrvp_npcx:rw] [259/394] Building C object CMakeFiles/app.dir/mnt/host/source/src/platform/ec/build/zephyr/adlrvp_npcx/modules/ec/common/battery.c.obj
[pirrha:rw] [367/393] Building C object zephyr/kernel/CMakeFiles/kernel.dir/errno.c.obj
[telith:rw] [5/403] Generating include/generated/zephyr/syscall_dispatch.c, include/generated/zephyr/syscall_exports_llext.c, syscall_weakdefs_llext.c, include/generated/zephyr/syscall_list.h
[squirtle:rw] [19/385] Building C object zephyr/CMakeFiles/zephyr.dir/lib/os/cbprintf.c.obj
[telith:ro] [4/403] Generating misc/generated/syscalls.json, misc/generated/struct_tags.json
[fatcatrvp-ite:ro] [326/370] Building C object modules/ec/zephyr/CMakeFiles/ec_shim.dir/shim/src/console_buffer.c.obj
[adlrvp_npcx:rw] [260/394] Building C object CMakeFiles/app.dir/mnt/host/source/src/platform/ec/build/zephyr/adlrvp_npcx/modules/ec/common/battery_info.c.obj
[telith:rw] [6/403] Generating include/generated/zephyr/driver-validation.h
[telith:ro] [5/403] Generating include/generated/zephyr/syscall_dispatch.c, include/generated/zephyr/syscall_exports_llext.c, syscall_weakdefs_llext.c, include/generated/zephyr/syscall_list.h
[squirtle:rw] [20/385] Building C object zephyr/CMakeFiles/zephyr.dir/lib/utils/dec.c.obj
[squirtle:rw] [21/385] Building C object zephyr/CMakeFiles/zephyr.dir/lib/utils/hex.c.obj
[telith:ro] [6/403] Generating include/generated/zephyr/driver-validation.h
[squirtle:rw] [22/385] Building C object zephyr/CMakeFiles/zephyr.dir/lib/os/assert.c.obj
[adlrvp_npcx:rw] [261/394] Building C object CMakeFiles/app.dir/mnt/host/source/src/platform/ec/build/zephyr/adlrvp_npcx/modules/ec/common/battery_fuel_gauge.c.obj
[telith:rw] [7/403] Generating include/generated/zephyr/kobj-types-enum.h, include/generated/zephyr/otype-to-str.h, include/generated/zephyr/otype-to-size.h
[telith:rw] [8/403] Generating include/generated/device-api-sections.ld, include/generated/device-api-sections.cmake
[pirrha:rw] [368/393] Building C object zephyr/kernel/CMakeFiles/kernel.dir/init.c.obj
[telith:ro] [7/403] Generating include/generated/zephyr/kobj-types-enum.h, include/generated/zephyr/otype-to-str.h, include/generated/zephyr/otype-to-size.h
[pirrha:rw] [369/393] Building C object zephyr/kernel/CMakeFiles/kernel.dir/kheap.c.obj
[fatcatrvp-ite:ro] [327/370] Building C object modules/ec/zephyr/CMakeFiles/ec_shim.dir/shim/src/mkbp_event.c.obj
[squirtle:rw] [23/385] Building C object zephyr/CMakeFiles/zephyr.dir/lib/utils/timeutil.c.obj
[pirrha:rw] [370/393] Building C object zephyr/kernel/CMakeFiles/kernel.dir/mem_slab.c.obj
[telith:ro] [8/403] Generating include/generated/device-api-sections.ld, include/generated/device-api-sections.cmake
[adlrvp_npcx:rw] [262/394] Building C object CMakeFiles/app.dir/mnt/host/source/src/platform/ec/build/zephyr/adlrvp_npcx/modules/ec/driver/battery/smart.c.obj
[pirrha:rw] [371/393] Building C object zephyr/kernel/CMakeFiles/kernel.dir/version.c.obj
[fatcatrvp-ite:ro] [328/370] Building C object modules/ec/zephyr/CMakeFiles/ec_shim.dir/shim/src/panic.c.obj
[squirtle:rw] [24/385] Building C object zephyr/CMakeFiles/zephyr.dir/lib/utils/bitmask.c.obj
[adlrvp_npcx:rw] [263/394] Building C object CMakeFiles/app.dir/mnt/host/source/src/platform/ec/build/zephyr/adlrvp_npcx/modules/ec/driver/charger/isl9241.c.obj
[squirtle:rw] [25/385] Building C object zephyr/CMakeFiles/zephyr.dir/lib/utils/rb.c.obj
[pirrha:rw] [372/393] Building C object zephyr/kernel/CMakeFiles/kernel.dir/float.c.obj
[fatcatrvp-ite:ro] [329/370] Building C object modules/ec/zephyr/CMakeFiles/ec_shim.dir/shim/src/temp_sensors.c.obj
[adlrvp_npcx:rw] [264/394] Building C object CMakeFiles/app.dir/mnt/host/source/src/platform/ec/build/zephyr/adlrvp_npcx/modules/ec/driver/charger/bq25710.c.obj
[telith:rw] [9/403] Building C object zephyr/CMakeFiles/offsets.dir/arch/riscv/core/offsets/offsets.c.obj
[squirtle:rw] [26/385] Building C object zephyr/CMakeFiles/zephyr.dir/lib/utils/bitarray.c.obj
[pirrha:rw] [373/393] Building C object zephyr/kernel/CMakeFiles/kernel.dir/idle.c.obj
[telith:rw] [10/403] Generating include/generated/zephyr/offsets.h
[pirrha:rw] [374/393] Building C object zephyr/kernel/CMakeFiles/kernel.dir/mailbox.c.obj
[squirtle:rw] [27/385] Building C object zephyr/CMakeFiles/zephyr.dir/lib/utils/ring_buffer.c.obj
[fatcatrvp-ite:ro] [330/370] Building C object modules/ec/zephyr/CMakeFiles/ec_shim.dir/shim/src/thermal.c.obj
[telith:ro] [9/403] Building C object zephyr/CMakeFiles/offsets.dir/arch/riscv/core/offsets/offsets.c.obj
[adlrvp_npcx:rw] [265/394] Building C object CMakeFiles/app.dir/mnt/host/source/src/platform/ec/build/zephyr/adlrvp_npcx/modules/ec/common/charger.c.obj
[fatcatrvp-ite:ro] [331/370] Building C object modules/ec/zephyr/CMakeFiles/ec_shim.dir/shim/src/hwtimer.c.obj
[squirtle:rw] [28/385] Building C object zephyr/CMakeFiles/zephyr.dir/lib/utils/last_section_id.c.obj
[telith:ro] [10/403] Generating include/generated/zephyr/offsets.h
[squirtle:rw] [29/385] Building C object zephyr/CMakeFiles/zephyr.dir/lib/utils/getopt/getopt_common.c.obj
[squirtle:rw] [30/385] Building C object zephyr/CMakeFiles/zephyr.dir/lib/utils/getopt/getopt.c.obj
[pirrha:rw] [375/393] Building C object zephyr/kernel/CMakeFiles/kernel.dir/msg_q.c.obj
[squirtle:rw] [31/385] Building C object zephyr/CMakeFiles/zephyr.dir/misc/generated/configs.c.obj
[adlrvp_npcx:rw] [266/394] Building C object CMakeFiles/app.dir/mnt/host/source/src/platform/ec/build/zephyr/adlrvp_npcx/modules/ec/common/charge_state.c.obj
[telith:rw] [11/403] Building C object zephyr/CMakeFiles/zephyr.dir/lib/libc/validate_libc.c.obj
[fatcatrvp-ite:ro] [332/370] Building C object modules/ec/zephyr/CMakeFiles/ec_shim.dir/shim/src/i2c.c.obj
[pirrha:rw] [376/393] Building C object zephyr/kernel/CMakeFiles/kernel.dir/queue.c.obj
[pirrha:rw] [377/393] Building C object zephyr/kernel/CMakeFiles/kernel.dir/mutex.c.obj
[adlrvp_npcx:rw] [267/394] Building C object CMakeFiles/app.dir/mnt/host/source/src/platform/ec/build/zephyr/adlrvp_npcx/modules/ec/common/cbi_common.c.obj
[adlrvp_npcx:rw] [268/394] Building C object CMakeFiles/app.dir/mnt/host/source/src/platform/ec/build/zephyr/adlrvp_npcx/modules/ec/common/charge_manager.c.obj
[telith:ro] [11/403] Building C object zephyr/CMakeFiles/zephyr.dir/lib/libc/validate_libc.c.obj
[/mnt/host/source/src/platform/ec/build/zephyr/it8xxx2_evb-lcov] stderr:
[pirrha:rw] [378/393] Building C object zephyr/kernel/CMakeFiles/kernel.dir/sem.c.obj
[squirtle:rw] [32/385] Building C object zephyr/CMakeFiles/zephyr.dir/soc/nuvoton/npcx/common/power.c.obj
[squirtle:rw] [33/385] Building C object zephyr/CMakeFiles/zephyr.dir/soc/nuvoton/npcx/common/scfg.c.obj
[fatcatrvp-ite:ro] [333/370] Building C object modules/ec/zephyr/CMakeFiles/ec_shim.dir/shim/src/tasks.c.obj
[squirtle:rw] [34/385] Building C object zephyr/CMakeFiles/zephyr.dir/soc/nuvoton/npcx/common/npcxn/registers.c.obj
[fatcatrvp-ite:ro] [334/370] Building C object modules/ec/zephyr/CMakeFiles/ec_shim.dir/shim/src/watchdog.c.obj
[adlrvp_npcx:rw] [269/394] Building C object CMakeFiles/app.dir/mnt/host/source/src/platform/ec/build/zephyr/adlrvp_npcx/modules/ec/common/cbi.c.obj
[/mnt/host/source/src/platform/ec/build/zephyr/it8xxx2_evb-lcov]   /mnt/host/source/src/platform/ec/build/zephyr/it8xxx2_evb/build-singleimage/CMakeFiles/app.dir/mnt/host/source/src/platform/ec/build/zephyr/it8xxx2_evb/modules/ec/common/cbi_config.c.gcno:no functions found
[/mnt/host/source/src/platform/ec/build/zephyr/it8xxx2_evb-lcov] stderr:
[telith:rw] [12/403] Building C object zephyr/CMakeFiles/zephyr.dir/lib/heap/heap.c.obj
[pirrha:rw] [379/393] Building C object zephyr/kernel/CMakeFiles/kernel.dir/system_work_q.c.obj
[adlrvp_npcx:rw] [270/394] Building C object CMakeFiles/app.dir/mnt/host/source/src/platform/ec/build/zephyr/adlrvp_npcx/modules/ec/common/cbi_config.c.obj
[pirrha:rw] [380/393] Building C object zephyr/kernel/CMakeFiles/kernel.dir/stack.c.obj
[fatcatrvp-ite:ro] [335/370] Building C object modules/ec/zephyr/CMakeFiles/ec_shim.dir/shim/src/power_host_sleep_api.c.obj
[telith:ro] [12/403] Building C object zephyr/CMakeFiles/zephyr.dir/lib/heap/heap.c.obj
[adlrvp_npcx:rw] [271/394] Building C object CMakeFiles/app.dir/mnt/host/source/src/platform/ec/build/zephyr/adlrvp_npcx/modules/ec/common/memory_commands.c.obj
[pirrha:rw] [381/393] Building C object zephyr/kernel/CMakeFiles/kernel.dir/work.c.obj
[fatcatrvp-ite:ro] [336/370] Building C object zephyr/kernel/CMakeFiles/kernel.dir/main_weak.c.obj
[fatcatrvp-ite:ro] [337/370] Building C object modules/ec/zephyr/CMakeFiles/ec_shim.dir/shim/src/sha256_hw.c.obj
[squirtle:rw] [35/385] Building C object zephyr/CMakeFiles/zephyr.dir/soc/nuvoton/npcx/npcx9/soc.c.obj
[squirtle:rw] [36/385] Building C object zephyr/CMakeFiles/zephyr.dir/subsys/pm/pm.c.obj
[/mnt/host/source/src/platform/ec/build/zephyr/it8xxx2_evb-lcov]   /mnt/host/source/src/platform/ec/build/zephyr/it8xxx2_evb/build-singleimage/zephyr/arch/arch/riscv/core/CMakeFiles/arch__riscv__core.dir/cpu_idle.c.gcno:no functions found
[/mnt/host/source/src/platform/ec/build/zephyr/it8xxx2_evb-lcov] stderr:
[squirtle:rw] [37/385] Building C object zephyr/CMakeFiles/zephyr.dir/subsys/mem_mgmt/mem_attr.c.obj
[adlrvp_npcx:rw] [272/394] Building C object CMakeFiles/app.dir/mnt/host/source/src/platform/ec/build/zephyr/adlrvp_npcx/modules/ec/common/dptf.c.obj
[fatcatrvp-ite:ro] [338/370] Linking C static library modules/ec/zephyr/libec_shim.a
[pirrha:rw] [382/393] Building C object zephyr/kernel/CMakeFiles/kernel.dir/condvar.c.obj
[telith:rw] [13/403] Building C object zephyr/CMakeFiles/zephyr.dir/lib/os/cbprintf_packaged.c.obj
[pirrha:rw] [383/393] Building C object zephyr/kernel/CMakeFiles/kernel.dir/thread.c.obj
[adlrvp_npcx:rw] [273/394] Building C object CMakeFiles/app.dir/mnt/host/source/src/platform/ec/build/zephyr/adlrvp_npcx/modules/ec/common/chipset.c.obj
[fatcatrvp-ite:ro] [339/370] Building C object zephyr/kernel/CMakeFiles/kernel.dir/banner.c.obj
[telith:ro] [13/403] Building C object zephyr/CMakeFiles/zephyr.dir/lib/os/cbprintf_packaged.c.obj
[squirtle:rw] [38/385] Building C object zephyr/CMakeFiles/zephyr.dir/subsys/pm/state.c.obj
[adlrvp_npcx:rw] [274/394] Building C object CMakeFiles/app.dir/mnt/host/source/src/platform/ec/build/zephyr/adlrvp_npcx/modules/ec/common/ap_reset_log.c.obj
[fatcatrvp-ite:ro] [340/370] Building C object zephyr/kernel/CMakeFiles/kernel.dir/busy_wait.c.obj
[pirrha:rw] [384/393] Building C object zephyr/kernel/CMakeFiles/kernel.dir/sched.c.obj
[adlrvp_npcx:rw] [275/394] Building C object CMakeFiles/app.dir/mnt/host/source/src/platform/ec/build/zephyr/adlrvp_npcx/modules/ec/common/espi.c.obj
[fatcatrvp-ite:ro] [341/370] Building C object zephyr/kernel/CMakeFiles/kernel.dir/device.c.obj
[squirtle:rw] [39/385] Building C object zephyr/CMakeFiles/zephyr.dir/subsys/pm/policy/policy_latency.c.obj
[squirtle:rw] [40/385] Building C object zephyr/CMakeFiles/zephyr.dir/subsys/pm/policy/policy_events.c.obj
[telith:rw] [14/403] Building C object zephyr/CMakeFiles/zephyr.dir/lib/os/clock.c.obj
[pirrha:rw] [385/393] Building C object zephyr/kernel/CMakeFiles/kernel.dir/pipe.c.obj
[pirrha:rw] [386/393] Building C object zephyr/kernel/CMakeFiles/kernel.dir/thread_monitor.c.obj
[adlrvp_npcx:rw] [276/394] Building C object CMakeFiles/app.dir/mnt/host/source/src/platform/ec/build/zephyr/adlrvp_npcx/modules/ec/common/extpower_common.c.obj
[telith:ro] [14/403] Building C object zephyr/CMakeFiles/zephyr.dir/lib/os/clock.c.obj
[fatcatrvp-ite:ro] [342/370] Building C object zephyr/kernel/CMakeFiles/kernel.dir/errno.c.obj
[/mnt/host/source/src/platform/ec/build/zephyr/it8xxx2_evb-lcov]   /mnt/host/source/src/platform/ec/build/zephyr/it8xxx2_evb/build-singleimage/zephyr/arch/common/CMakeFiles/isr_tables.dir/isr_tables.c.gcno:no functions found
[/mnt/host/source/src/platform/ec/build/zephyr/it8xxx2_evb-lcov] stderr:
[squirtle:rw] [41/385] Building C object zephyr/CMakeFiles/zephyr.dir/subsys/pm/policy/policy_state_lock.c.obj
[pirrha:rw] [387/393] Building C object zephyr/kernel/CMakeFiles/kernel.dir/timeout.c.obj
[fatcatrvp-ite:ro] [343/370] Building C object zephyr/kernel/CMakeFiles/kernel.dir/fatal.c.obj
[adlrvp_npcx:rw] [277/394] Building C object CMakeFiles/app.dir/mnt/host/source/src/platform/ec/build/zephyr/adlrvp_npcx/modules/ec/common/extpower_gpio.c.obj
[squirtle:rw] [42/385] Building C object zephyr/CMakeFiles/zephyr.dir/subsys/pm/device.c.obj
[squirtle:rw] [43/385] Building C object zephyr/CMakeFiles/zephyr.dir/subsys/pm/device_system_managed.c.obj
[fatcatrvp-ite:ro] [344/370] Building C object zephyr/kernel/CMakeFiles/kernel.dir/init.c.obj
[pirrha:rw] [388/393] Building C object zephyr/kernel/CMakeFiles/kernel.dir/poll.c.obj
[pirrha:rw] [389/393] Building C object zephyr/kernel/CMakeFiles/kernel.dir/timer.c.obj
[telith:rw] [15/403] Building C object zephyr/CMakeFiles/zephyr.dir/lib/os/printk.c.obj
[adlrvp_npcx:rw] [278/394] Building C object CMakeFiles/app.dir/mnt/host/source/src/platform/ec/build/zephyr/adlrvp_npcx/modules/ec/common/fan.c.obj
[fatcatrvp-ite:ro] [345/370] Building C object zephyr/kernel/CMakeFiles/kernel.dir/kheap.c.obj
[adlrvp_npcx:rw] [279/394] Building C object CMakeFiles/app.dir/mnt/host/source/src/platform/ec/build/zephyr/adlrvp_npcx/modules/ec/common/flash.c.obj
[telith:ro] [15/403] Building C object zephyr/CMakeFiles/zephyr.dir/lib/os/printk.c.obj
[fatcatrvp-ite:ro] [346/370] Building C object zephyr/kernel/CMakeFiles/kernel.dir/version.c.obj
[adlrvp_npcx:rw] [280/394] Building C object CMakeFiles/app.dir/mnt/host/source/src/platform/ec/build/zephyr/adlrvp_npcx/modules/ec/common/host_command.c.obj
[pirrha:rw] [390/393] Building C object zephyr/kernel/CMakeFiles/kernel.dir/events.c.obj
[squirtle:rw] [44/385] Building C object zephyr/CMakeFiles/zephyr.dir/subsys/testsuite/coverage/coverage.c.obj
[fatcatrvp-ite:ro] [347/370] Building C object zephyr/kernel/CMakeFiles/kernel.dir/mem_slab.c.obj
[squirtle:ro] Building: /usr/bin/ninja -C /mnt/host/source/src/platform/ec/build/zephyr/squirtle/build-ro all.libraries
Running `env -i SHELL=/bin/bash COLORTERM=truecolor DEPOT_TOOLS_UPDATE=0 LESS='-R -M --shift 5' SUDO_GID=0 JDK_HOME=/etc/java-config-2/current-system-vm CONFIG_PROTECT_MASK='/etc/gentoo-release /etc/sandbox.d /etc/fonts/fonts.conf /etc/terminfo /etc/ca-certificates.conf /etc/revdep-rebuild' CHROMEOS_CACHEDIR=/var/cache/chromeos-cache JAVA_HOME=/etc/java-config-2/current-system-vm SSH_AUTH_SOCK=/tmp/ssh-auth-sock SUDO_COMMAND=/bin/bash SUDO_USER=root SUDO_TTY=/dev/pts/2 EDITOR=/usr/bin/vi PWD=/mnt/host/source/src/platform/ec CONFIG_PROTECT=/usr/share/gnupg/qualified.txt LOGNAME=jpmurphy MANPATH=/etc/java-config-2/current-system-vm/man:/usr/local/share/man:/usr/share/man:/usr/share/gcc-data/x86_64-pc-linux-gnu/10.2.0/man:/usr/share/binutils-data/x86_64-pc-linux-gnu/2.45/man:/etc/java-config-2/current-system-vm/man/ SUDO_HOME=/root XAUTHORITY=/run/user/944457/gdm/Xauthority HOME=/home/jpmurphy LANG=C.UTF-8 LS_COLORS='rs=0:di=01;34:ln=01;36:mh=00:pi=40;33:so=01;35:do=01;35:bd=40;33;01:cd=40;33;01:or=01;05;37;41:mi=01;05;37;41:su=37;41:sg=30;43:ca=30;41:tw=30;42:ow=34;42:st=37;44:ex=01;32:*.tar=01;31:*.tgz=01;31:*.arc=01;31:*.arj=01;31:*.taz=01;31:*.lha=01;31:*.lz4=01;31:*.lzh=01;31:*.lzma=01;31:*.tlz=01;31:*.txz=01;31:*.tzo=01;31:*.t7z=01;31:*.zip=01;31:*.z=01;31:*.dz=01;31:*.gz=01;31:*.lrz=01;31:*.lz=01;31:*.lzo=01;31:*.xz=01;31:*.zst=01;31:*.tzst=01;31:*.bz2=01;31:*.bz=01;31:*.tbz=01;31:*.tbz2=01;31:*.tz=01;31:*.deb=01;31:*.rpm=01;31:*.jar=01;31:*.war=01;31:*.ear=01;31:*.sar=01;31:*.rar=01;31:*.alz=01;31:*.ace=01;31:*.zoo=01;31:*.cpio=01;31:*.7z=01;31:*.rz=01;31:*.cab=01;31:*.wim=01;31:*.swm=01;31:*.dwm=01;31:*.esd=01;31:*.jpg=01;35:*.jpeg=01;35:*.mjpg=01;35:*.mjpeg=01;35:*.gif=01;35:*.bmp=01;35:*.pbm=01;35:*.pgm=01;35:*.ppm=01;35:*.tga=01;35:*.xbm=01;35:*.xpm=01;35:*.tif=01;35:*.tiff=01;35:*.png=01;35:*.svg=01;35:*.svgz=01;35:*.mng=01;35:*.pcx=01;35:*.mov=01;35:*.mpg=01;35:*.mpeg=01;35:*.m2v=01;35:*.mkv=01;35:*.webm=01;35:*.webp=01;35:*.ogm=01;35:*.mp4=01;35:*.m4v=01;35:*.mp4v=01;35:*.vob=01;35:*.qt=01;35:*.nuv=01;35:*.wmv=01;35:*.asf=01;35:*.rm=01;35:*.rmvb=01;35:*.flc=01;35:*.avi=01;35:*.fli=01;35:*.flv=01;35:*.gl=01;35:*.dl=01;35:*.xcf=01;35:*.xwd=01;35:*.yuv=01;35:*.cgm=01;35:*.emf=01;35:*.ogv=01;35:*.ogx=01;35:*.cfg=00;32:*.conf=00;32:*.diff=00;32:*.doc=00;32:*.ini=00;32:*.log=00;32:*.patch=00;32:*.pdf=00;32:*.ps=00;32:*.tex=00;32:*.txt=00;32:*.aac=00;36:*.au=00;36:*.flac=00;36:*.m4a=00;36:*.mid=00;36:*.midi=00;36:*.mka=00;36:*.mp3=00;36:*.mpc=00;36:*.ogg=00;36:*.ra=00;36:*.wav=00;36:*.oga=00;36:*.opus=00;36:*.spx=00;36:*.xspf=00;36:' XDG_CURRENT_DESKTOP=GNOME INFOPATH=/usr/share/info:/usr/share/gcc-data/x86_64-pc-linux-gnu/10.2.0/info:/usr/share/binutils-data/x86_64-pc-linux-gnu/2.45/info:/usr/share/automake-1.16.5/info JAVAC=/etc/java-config-2/current-system-vm/bin/javac TERM=xterm-256color LESSOPEN='|lesspipe %s' USER=jpmurphy CROS_WORKON_SRCROOT=/mnt/host/source MANPAGER=manpager DISPLAY=:1 SHLVL=1 LC_MESSAGES=C EXTERNAL_TRUNK_PATH=/mnt/8f9d649a-3721-44cc-93c0-e6bd21a9689f/chromiumos GCC_SPECS='' PATH=/mnt/host/source/chromite/bin:/usr/local/bin:/usr/bin:/bin:/opt/bin:/mnt/host/source/chromite/sdk/bin:/mnt/host/source/chromite/bin PORTAGE_USERNAME=jpmurphy SUDO_UID=0 GCC_VER=10.2.0 MAIL=/var/mail/jpmurphy OLDPWD=/mnt/host/source/src/scripts traceparent=00-e87aca51550a78635907baa6a2476181-6d684811675d2973-01 _=./zephyr/firmware_builder.py COREBOOT_SDK_ROOT_x86=/home/jpmurphy/.cache/coreboot-sdk/i386-elf/dfbb0486385d938cfa9d73080b9d18d598ed4f49 COREBOOT_SDK_ROOT_picolibc_x86=/home/jpmurphy/.cache/coreboot-sdk/picolibc-i386-elf/eb8e8e687b95461de8cbf278f1c2076952d0ad17 COREBOOT_SDK_ROOT_riscv64=/home/jpmurphy/.cache/coreboot-sdk/riscv64-elf/96b949749225b6aaa92ed810ab769e8dfb12f000 COREBOOT_SDK_ROOT_picolibc_arm=/home/jpmurphy/.cache/coreboot-sdk/picolibc-arm-eabi/422a2aa3e1ef891b5bece9a3deb696ff83840d2e COREBOOT_SDK_ROOT_nds32=/home/jpmurphy/.cache/coreboot-sdk/nds32le-elf/d1a518c4a097666d86058e1444f85ca015d15511 COREBOOT_SDK_ROOT_picolibc_riscv64=/home/jpmurphy/.cache/coreboot-sdk/picolibc-riscv64-elf/f571e990ef0278564b31124f8bb109d9a697eb69 COREBOOT_SDK_ROOT_arm=/home/jpmurphy/.cache/coreboot-sdk/arm-eabi/ea40ddd1d190c3b48435c474c0b545719371813a COREBOOT_SDK_ROOT_libstdcxx_riscv64=/home/jpmurphy/.cache/coreboot-sdk/libstdcxx-riscv64-elf/17abf22a3a252e2d5d2062ced5324f7a623689e0 COREBOOT_SDK_ROOT_libstdcxx_arm=/home/jpmurphy/.cache/coreboot-sdk/libstdcxx-arm-eabi/5d7d82e150e44aa1968f1d366e267e6687b328ac COREBOOT_SDK_ROOT_riscv=/home/jpmurphy/.cache/coreboot-sdk/riscv-elf/9a27b9e82341c6e9126624f516ab3f261abb3e73 COREBOOT_SDK_ROOT_libstdcxx_x86=/home/jpmurphy/.cache/coreboot-sdk/libstdcxx-i386-elf/42ef9d2e87a76a37963175d7d428734e65648b87 PYTHONPATH=/mnt/host/source/src/platform/ec/zephyr/zmake PW_PIGWEED_CIPD_INSTALL_DIR=/usr CROSTC_USER_ACKNOWLEDGES_THAT_RISCV_IS_EXPERIMENTAL=1 MAKEFLAGS=' -j16 --jobserver-auth=5,6' /usr/bin/ninja -C /mnt/host/source/src/platform/ec/build/zephyr/squirtle/build-ro all.libraries`
[pirrha:rw] [391/393] Building C object zephyr/kernel/CMakeFiles/kernel.dir/dynamic_disabled.c.obj
[squirtle:ro] ninja: Entering directory `/mnt/host/source/src/platform/ec/build/zephyr/squirtle/build-ro'
[fatcatrvp-ite:ro] [348/370] Building C object zephyr/kernel/CMakeFiles/kernel.dir/float.c.obj
[squirtle:rw] [45/385] Building C object zephyr/CMakeFiles/zephyr.dir/subsys/tracing/tracing_none.c.obj
[telith:rw] [16/403] Building C object zephyr/CMakeFiles/zephyr.dir/lib/os/sem.c.obj
[pirrha:ro] Building: /usr/bin/ninja -C /mnt/host/source/src/platform/ec/build/zephyr/pirrha/build-ro all.libraries
Running `env -i SHELL=/bin/bash COLORTERM=truecolor DEPOT_TOOLS_UPDATE=0 LESS='-R -M --shift 5' SUDO_GID=0 JDK_HOME=/etc/java-config-2/current-system-vm CONFIG_PROTECT_MASK='/etc/gentoo-release /etc/sandbox.d /etc/fonts/fonts.conf /etc/terminfo /etc/ca-certificates.conf /etc/revdep-rebuild' CHROMEOS_CACHEDIR=/var/cache/chromeos-cache JAVA_HOME=/etc/java-config-2/current-system-vm SSH_AUTH_SOCK=/tmp/ssh-auth-sock SUDO_COMMAND=/bin/bash SUDO_USER=root SUDO_TTY=/dev/pts/2 EDITOR=/usr/bin/vi PWD=/mnt/host/source/src/platform/ec CONFIG_PROTECT=/usr/share/gnupg/qualified.txt LOGNAME=jpmurphy MANPATH=/etc/java-config-2/current-system-vm/man:/usr/local/share/man:/usr/share/man:/usr/share/gcc-data/x86_64-pc-linux-gnu/10.2.0/man:/usr/share/binutils-data/x86_64-pc-linux-gnu/2.45/man:/etc/java-config-2/current-system-vm/man/ SUDO_HOME=/root XAUTHORITY=/run/user/944457/gdm/Xauthority HOME=/home/jpmurphy LANG=C.UTF-8 LS_COLORS='rs=0:di=01;34:ln=01;36:mh=00:pi=40;33:so=01;35:do=01;35:bd=40;33;01:cd=40;33;01:or=01;05;37;41:mi=01;05;37;41:su=37;41:sg=30;43:ca=30;41:tw=30;42:ow=34;42:st=37;44:ex=01;32:*.tar=01;31:*.tgz=01;31:*.arc=01;31:*.arj=01;31:*.taz=01;31:*.lha=01;31:*.lz4=01;31:*.lzh=01;31:*.lzma=01;31:*.tlz=01;31:*.txz=01;31:*.tzo=01;31:*.t7z=01;31:*.zip=01;31:*.z=01;31:*.dz=01;31:*.gz=01;31:*.lrz=01;31:*.lz=01;31:*.lzo=01;31:*.xz=01;31:*.zst=01;31:*.tzst=01;31:*.bz2=01;31:*.bz=01;31:*.tbz=01;31:*.tbz2=01;31:*.tz=01;31:*.deb=01;31:*.rpm=01;31:*.jar=01;31:*.war=01;31:*.ear=01;31:*.sar=01;31:*.rar=01;31:*.alz=01;31:*.ace=01;31:*.zoo=01;31:*.cpio=01;31:*.7z=01;31:*.rz=01;31:*.cab=01;31:*.wim=01;31:*.swm=01;31:*.dwm=01;31:*.esd=01;31:*.jpg=01;35:*.jpeg=01;35:*.mjpg=01;35:*.mjpeg=01;35:*.gif=01;35:*.bmp=01;35:*.pbm=01;35:*.pgm=01;35:*.ppm=01;35:*.tga=01;35:*.xbm=01;35:*.xpm=01;35:*.tif=01;35:*.tiff=01;35:*.png=01;35:*.svg=01;35:*.svgz=01;35:*.mng=01;35:*.pcx=01;35:*.mov=01;35:*.mpg=01;35:*.mpeg=01;35:*.m2v=01;35:*.mkv=01;35:*.webm=01;35:*.webp=01;35:*.ogm=01;35:*.mp4=01;35:*.m4v=01;35:*.mp4v=01;35:*.vob=01;35:*.qt=01;35:*.nuv=01;35:*.wmv=01;35:*.asf=01;35:*.rm=01;35:*.rmvb=01;35:*.flc=01;35:*.avi=01;35:*.fli=01;35:*.flv=01;35:*.gl=01;35:*.dl=01;35:*.xcf=01;35:*.xwd=01;35:*.yuv=01;35:*.cgm=01;35:*.emf=01;35:*.ogv=01;35:*.ogx=01;35:*.cfg=00;32:*.conf=00;32:*.diff=00;32:*.doc=00;32:*.ini=00;32:*.log=00;32:*.patch=00;32:*.pdf=00;32:*.ps=00;32:*.tex=00;32:*.txt=00;32:*.aac=00;36:*.au=00;36:*.flac=00;36:*.m4a=00;36:*.mid=00;36:*.midi=00;36:*.mka=00;36:*.mp3=00;36:*.mpc=00;36:*.ogg=00;36:*.ra=00;36:*.wav=00;36:*.oga=00;36:*.opus=00;36:*.spx=00;36:*.xspf=00;36:' XDG_CURRENT_DESKTOP=GNOME INFOPATH=/usr/share/info:/usr/share/gcc-data/x86_64-pc-linux-gnu/10.2.0/info:/usr/share/binutils-data/x86_64-pc-linux-gnu/2.45/info:/usr/share/automake-1.16.5/info JAVAC=/etc/java-config-2/current-system-vm/bin/javac TERM=xterm-256color LESSOPEN='|lesspipe %s' USER=jpmurphy CROS_WORKON_SRCROOT=/mnt/host/source MANPAGER=manpager DISPLAY=:1 SHLVL=1 LC_MESSAGES=C EXTERNAL_TRUNK_PATH=/mnt/8f9d649a-3721-44cc-93c0-e6bd21a9689f/chromiumos GCC_SPECS='' PATH=/mnt/host/source/chromite/bin:/usr/local/bin:/usr/bin:/bin:/opt/bin:/mnt/host/source/chromite/sdk/bin:/mnt/host/source/chromite/bin PORTAGE_USERNAME=jpmurphy SUDO_UID=0 GCC_VER=10.2.0 MAIL=/var/mail/jpmurphy OLDPWD=/mnt/host/source/src/scripts traceparent=00-e87aca51550a78635907baa6a2476181-6d684811675d2973-01 _=./zephyr/firmware_builder.py COREBOOT_SDK_ROOT_x86=/home/jpmurphy/.cache/coreboot-sdk/i386-elf/dfbb0486385d938cfa9d73080b9d18d598ed4f49 COREBOOT_SDK_ROOT_picolibc_x86=/home/jpmurphy/.cache/coreboot-sdk/picolibc-i386-elf/eb8e8e687b95461de8cbf278f1c2076952d0ad17 COREBOOT_SDK_ROOT_riscv64=/home/jpmurphy/.cache/coreboot-sdk/riscv64-elf/96b949749225b6aaa92ed810ab769e8dfb12f000 COREBOOT_SDK_ROOT_picolibc_arm=/home/jpmurphy/.cache/coreboot-sdk/picolibc-arm-eabi/422a2aa3e1ef891b5bece9a3deb696ff83840d2e COREBOOT_SDK_ROOT_nds32=/home/jpmurphy/.cache/coreboot-sdk/nds32le-elf/d1a518c4a097666d86058e1444f85ca015d15511 COREBOOT_SDK_ROOT_picolibc_riscv64=/home/jpmurphy/.cache/coreboot-sdk/picolibc-riscv64-elf/f571e990ef0278564b31124f8bb109d9a697eb69 COREBOOT_SDK_ROOT_arm=/home/jpmurphy/.cache/coreboot-sdk/arm-eabi/ea40ddd1d190c3b48435c474c0b545719371813a COREBOOT_SDK_ROOT_libstdcxx_riscv64=/home/jpmurphy/.cache/coreboot-sdk/libstdcxx-riscv64-elf/17abf22a3a252e2d5d2062ced5324f7a623689e0 COREBOOT_SDK_ROOT_libstdcxx_arm=/home/jpmurphy/.cache/coreboot-sdk/libstdcxx-arm-eabi/5d7d82e150e44aa1968f1d366e267e6687b328ac COREBOOT_SDK_ROOT_riscv=/home/jpmurphy/.cache/coreboot-sdk/riscv-elf/9a27b9e82341c6e9126624f516ab3f261abb3e73 COREBOOT_SDK_ROOT_libstdcxx_x86=/home/jpmurphy/.cache/coreboot-sdk/libstdcxx-i386-elf/42ef9d2e87a76a37963175d7d428734e65648b87 PYTHONPATH=/mnt/host/source/src/platform/ec/zephyr/zmake PW_PIGWEED_CIPD_INSTALL_DIR=/usr CROSTC_USER_ACKNOWLEDGES_THAT_RISCV_IS_EXPERIMENTAL=1 MAKEFLAGS=' -j16 --jobserver-auth=5,6' /usr/bin/ninja -C /mnt/host/source/src/platform/ec/build/zephyr/pirrha/build-ro all.libraries`
[pirrha:rw] [392/393] Building C object zephyr/kernel/CMakeFiles/kernel.dir/mempool.c.obj
[pirrha:ro] ninja: Entering directory `/mnt/host/source/src/platform/ec/build/zephyr/pirrha/build-ro'
[squirtle:rw] [46/385] Building C object zephyr/CMakeFiles/zephyr.dir/subsys/shell/modules/kernel_service/kernel_shell.c.obj
[adlrvp_npcx:rw] [281/394] Building C object CMakeFiles/app.dir/mnt/host/source/src/platform/ec/build/zephyr/adlrvp_npcx/modules/ec/common/host_command_task.c.obj
[pirrha:rw] [393/393] Linking C static library zephyr/kernel/libkernel.a
[fatcatrvp-ite:ro] [349/370] Building C object zephyr/kernel/CMakeFiles/kernel.dir/idle.c.obj
[telith:ro] [16/403] Building C object zephyr/CMakeFiles/zephyr.dir/lib/os/sem.c.obj
[adlrvp_npcx:rw] [282/394] Building C object CMakeFiles/app.dir/mnt/host/source/src/platform/ec/build/zephyr/adlrvp_npcx/modules/ec/common/host_event_commands.c.obj
[adlrvp_npcx:rw] [283/394] Building C object CMakeFiles/app.dir/mnt/host/source/src/platform/ec/build/zephyr/adlrvp_npcx/modules/ec/common/uart_hostcmd.c.obj
[telith:rw] [17/403] Building C object zephyr/CMakeFiles/zephyr.dir/lib/os/thread_entry.c.obj
[pirrha:ro] [1/393] Generating include/generated/zephyr/version.h
[pirrha:ro] -- git describe warned: warning: tag 'upstream/v2.7.99' is externally known as 'v2.7.99'
[adlrvp_npcx:rw] [284/394] Building C object CMakeFiles/app.dir/mnt/host/source/src/platform/ec/build/zephyr/adlrvp_npcx/modules/ec/common/uptime.c.obj
[pirrha:ro] -- Zephyr version: 4.3.99 (/mnt/host/source/src/third_party/zephyr/main)
[pirrha:ro] [2/393] Preparing syscall dependency handling
[squirtle:rw] [47/385] Building C object zephyr/CMakeFiles/zephyr.dir/subsys/shell/modules/kernel_service/cycles.c.obj
[fatcatrvp-ite:ro] [350/370] Building C object zephyr/kernel/CMakeFiles/kernel.dir/mailbox.c.obj
[fatcatrvp-ite:ro] [351/370] Building C object zephyr/kernel/CMakeFiles/kernel.dir/msg_q.c.obj
[squirtle:ro] [1/385] Generating include/generated/zephyr/version.h
[squirtle:ro] -- git describe warned: warning: tag 'upstream/v2.7.99' is externally known as 'v2.7.99'
[pirrha:ro] [3/393] Generating misc/generated/syscalls_subdirs.trigger
[squirtle:ro] -- Zephyr version: 4.3.99 (/mnt/host/source/src/third_party/zephyr/main)
[squirtle:ro] [2/385] Preparing syscall dependency handling
[squirtle:rw] [48/385] Building C object zephyr/CMakeFiles/zephyr.dir/subsys/shell/modules/kernel_service/sleep.c.obj
[telith:ro] [17/403] Building C object zephyr/CMakeFiles/zephyr.dir/lib/os/thread_entry.c.obj
[squirtle:rw] [49/385] Building C object zephyr/CMakeFiles/zephyr.dir/subsys/shell/modules/kernel_service/uptime.c.obj
[squirtle:ro] [3/385] Generating misc/generated/syscalls_subdirs.trigger
[telith:ro] [18/403] Building C object zephyr/CMakeFiles/zephyr.dir/lib/os/cbprintf_nano.c.obj
[fatcatrvp-ite:ro] [352/370] Building C object zephyr/kernel/CMakeFiles/kernel.dir/mutex.c.obj
[telith:rw] [18/403] Building C object zephyr/CMakeFiles/zephyr.dir/lib/os/cbprintf_nano.c.obj
[adlrvp_npcx:rw] [285/394] Building C object CMakeFiles/app.dir/mnt/host/source/src/platform/ec/build/zephyr/adlrvp_npcx/modules/ec/common/i2c_controller.c.obj
[adlrvp_npcx:rw] [286/394] Building C object CMakeFiles/app.dir/mnt/host/source/src/platform/ec/build/zephyr/adlrvp_npcx/modules/ec/common/i2c_passthru.c.obj
[telith:ro] [19/403] Building C object zephyr/CMakeFiles/zephyr.dir/lib/os/cbprintf.c.obj
[squirtle:rw] [50/385] Building C object zephyr/CMakeFiles/zephyr.dir/subsys/shell/modules/kernel_service/version.c.obj
[adlrvp_npcx:rw] [287/394] Building C object CMakeFiles/app.dir/mnt/host/source/src/platform/ec/build/zephyr/adlrvp_npcx/modules/ec/driver/ioexpander/pca9675.c.obj
[fatcatrvp-ite:ro] [353/370] Building C object zephyr/kernel/CMakeFiles/kernel.dir/queue.c.obj
[fatcatrvp-ite:ro] [354/370] Building C object zephyr/kernel/CMakeFiles/kernel.dir/sem.c.obj
[telith:ro] [20/403] Building C object zephyr/CMakeFiles/zephyr.dir/lib/os/assert.c.obj
[squirtle:rw] [51/385] Building C object zephyr/CMakeFiles/zephyr.dir/subsys/shell/modules/kernel_service/thread/list.c.obj
[pirrha:ro] [4/393] Generating misc/generated/syscalls.json, misc/generated/struct_tags.json
[squirtle:rw] [52/385] Building C object zephyr/CMakeFiles/zephyr.dir/subsys/shell/modules/kernel_service/thread/thread.c.obj
[telith:ro] [21/403] Building C object zephyr/CMakeFiles/zephyr.dir/lib/utils/dec.c.obj
[fatcatrvp-ite:ro] [355/370] Building C object zephyr/kernel/CMakeFiles/kernel.dir/stack.c.obj
[pirrha:ro] [5/393] Generating include/generated/zephyr/syscall_dispatch.c, include/generated/zephyr/syscall_exports_llext.c, syscall_weakdefs_llext.c, include/generated/zephyr/syscall_list.h
[squirtle:ro] [4/385] Generating misc/generated/syscalls.json, misc/generated/struct_tags.json
[adlrvp_npcx:rw] [288/394] Building C object CMakeFiles/app.dir/mnt/host/source/src/platform/ec/build/zephyr/adlrvp_npcx/modules/ec/common/keyboard_scan.c.obj
[telith:ro] [22/403] Building C object zephyr/CMakeFiles/zephyr.dir/lib/utils/hex.c.obj
[telith:rw] [19/403] Building C object zephyr/CMakeFiles/zephyr.dir/lib/os/cbprintf.c.obj
[pirrha:ro] [6/393] Generating include/generated/zephyr/driver-validation.h
[squirtle:ro] [5/385] Generating include/generated/zephyr/syscall_dispatch.c, include/generated/zephyr/syscall_exports_llext.c, syscall_weakdefs_llext.c, include/generated/zephyr/syscall_list.h
[pirrha:ro] [7/393] Generating include/generated/zephyr/kobj-types-enum.h, include/generated/zephyr/otype-to-str.h, include/generated/zephyr/otype-to-size.h
[telith:ro] [23/403] Building C object zephyr/CMakeFiles/zephyr.dir/lib/utils/timeutil.c.obj
[squirtle:ro] [6/385] Generating include/generated/zephyr/driver-validation.h
[fatcatrvp-ite:ro] [356/370] Building C object zephyr/kernel/CMakeFiles/kernel.dir/system_work_q.c.obj
[pirrha:ro] [8/393] Generating include/generated/device-api-sections.ld, include/generated/device-api-sections.cmake
[adlrvp_npcx:rw] [289/394] Building C object CMakeFiles/app.dir/mnt/host/source/src/platform/ec/build/zephyr/adlrvp_npcx/modules/ec/common/keyboard_8042.c.obj
[adlrvp_npcx:rw] [290/394] Building C object CMakeFiles/app.dir/mnt/host/source/src/platform/ec/build/zephyr/adlrvp_npcx/modules/ec/common/keyboard_8042_sharedlib.c.obj
[telith:ro] [24/403] Building C object zephyr/CMakeFiles/zephyr.dir/lib/utils/rb.c.obj
[squirtle:rw] [53/385] Building C object zephyr/CMakeFiles/zephyr.dir/subsys/shell/modules/kernel_service/thread/stacks.c.obj
[squirtle:rw] [54/385] Building C object zephyr/CMakeFiles/zephyr.dir/subsys/shell/modules/kernel_service/thread/suspend.c.obj
[squirtle:rw] [55/385] Building C object zephyr/CMakeFiles/zephyr.dir/subsys/shell/modules/kernel_service/thread/resume.c.obj
[adlrvp_npcx:rw] [291/394] Building C object CMakeFiles/app.dir/mnt/host/source/src/platform/ec/build/zephyr/adlrvp_npcx/modules/ec/common/led_common.c.obj
[/mnt/host/source/src/platform/ec/build/zephyr/it8xxx2_evb-lcov]   /mnt/host/source/src/platform/ec/build/zephyr/it8xxx2_evb/build-singleimage/zephyr/CMakeFiles/zephyr.dir/subsys/shell/modules/kernel_service/kernel_shell.c.gcno:no functions found
[/mnt/host/source/src/platform/ec/build/zephyr/it8xxx2_evb-lcov] stderr:
[squirtle:ro] [7/385] Generating include/generated/zephyr/kobj-types-enum.h, include/generated/zephyr/otype-to-str.h, include/generated/zephyr/otype-to-size.h
[squirtle:ro] [8/385] Generating include/generated/device-api-sections.ld, include/generated/device-api-sections.cmake
[fatcatrvp-ite:ro] [357/370] Building C object zephyr/kernel/CMakeFiles/kernel.dir/condvar.c.obj
[telith:ro] [25/403] Building C object zephyr/CMakeFiles/zephyr.dir/lib/utils/bitmask.c.obj
[telith:rw] [20/403] Building C object zephyr/CMakeFiles/zephyr.dir/lib/os/assert.c.obj
[fatcatrvp-ite:ro] [358/370] Building C object zephyr/kernel/CMakeFiles/kernel.dir/work.c.obj
[/mnt/host/source/src/platform/ec/build/zephyr/it8xxx2_evb-lcov]   /mnt/host/source/src/platform/ec/build/zephyr/it8xxx2_evb/build-singleimage/zephyr/CMakeFiles/zephyr.dir/lib/libc/validate_libc.c.gcno:no functions found
[/mnt/host/source/src/platform/ec/build/zephyr/it8xxx2_evb-lcov] stderr:
[telith:rw] [21/403] Building C object zephyr/CMakeFiles/zephyr.dir/lib/utils/dec.c.obj
[pirrha:ro] [9/393] Building C object zephyr/CMakeFiles/offsets.dir/arch/riscv/core/offsets/offsets.c.obj
[adlrvp_npcx:rw] [292/394] Building C object CMakeFiles/app.dir/mnt/host/source/src/platform/ec/build/zephyr/adlrvp_npcx/modules/ec/common/led_pwm.c.obj
[telith:ro] [26/403] Building C object zephyr/CMakeFiles/zephyr.dir/lib/utils/bitarray.c.obj
[fatcatrvp-ite:ro] [359/370] Building C object zephyr/kernel/CMakeFiles/kernel.dir/thread.c.obj
[squirtle:rw] [56/385] Building C object zephyr/CMakeFiles/zephyr.dir/subsys/shell/modules/kernel_service/thread/kill.c.obj
[pirrha:ro] [10/393] Generating include/generated/zephyr/offsets.h
[telith:rw] [22/403] Building C object zephyr/CMakeFiles/zephyr.dir/lib/utils/hex.c.obj
[telith:ro] [27/403] Building C object zephyr/CMakeFiles/zephyr.dir/lib/utils/getopt/getopt.c.obj
[squirtle:ro] [9/385] Building C object zephyr/CMakeFiles/offsets.dir/arch/arm/core/offsets/offsets.c.obj
[adlrvp_npcx:rw] [293/394] Building C object CMakeFiles/app.dir/mnt/host/source/src/platform/ec/build/zephyr/adlrvp_npcx/modules/ec/common/lid_switch.c.obj
[squirtle:rw] [57/385] Building C object zephyr/CMakeFiles/zephyr.dir/subsys/shell/backends/shell_uart.c.obj
[squirtle:rw] [58/385] Building C object zephyr/CMakeFiles/zephyr.dir/subsys/shell/shell.c.obj
[fatcatrvp-ite:ro] [360/370] Building C object zephyr/kernel/CMakeFiles/kernel.dir/pipe.c.obj
[adlrvp_npcx:rw] [294/394] Building C object CMakeFiles/app.dir/mnt/host/source/src/platform/ec/build/zephyr/adlrvp_npcx/modules/ec/common/port80.c.obj
[squirtle:ro] [10/385] Generating include/generated/zephyr/offsets.h
[adlrvp_npcx:rw] [295/394] Building C object CMakeFiles/app.dir/mnt/host/source/src/platform/ec/build/zephyr/adlrvp_npcx/modules/ec/common/power_button.c.obj
[telith:ro] [28/403] Building C object zephyr/CMakeFiles/zephyr.dir/lib/utils/ring_buffer.c.obj
[telith:ro] [29/403] Building C object zephyr/CMakeFiles/zephyr.dir/lib/utils/getopt/getopt_common.c.obj
[/mnt/host/source/src/platform/ec/build/zephyr/it8xxx2_evb-lcov]   /mnt/host/source/src/platform/ec/build/zephyr/it8xxx2_evb/build-singleimage/zephyr/CMakeFiles/zephyr.dir/lib/utils/last_section_id.c.gcno:no functions found
[/mnt/host/source/src/platform/ec/build/zephyr/it8xxx2_evb-lcov] stderr:
[telith:ro] [30/403] Building C object zephyr/CMakeFiles/zephyr.dir/lib/utils/last_section_id.c.obj
[pirrha:ro] [11/393] Building C object zephyr/CMakeFiles/zephyr.dir/lib/libc/validate_libc.c.obj
[fatcatrvp-ite:ro] [361/370] Building C object zephyr/kernel/CMakeFiles/kernel.dir/sched.c.obj
[fatcatrvp-ite:ro] [362/370] Building C object zephyr/kernel/CMakeFiles/kernel.dir/spinlock_validate.c.obj
[telith:ro] [31/403] Building C object zephyr/CMakeFiles/zephyr.dir/misc/generated/configs.c.obj
[telith:rw] [23/403] Building C object zephyr/CMakeFiles/zephyr.dir/lib/utils/rb.c.obj
[squirtle:rw] [59/385] Building C object zephyr/CMakeFiles/zephyr.dir/subsys/shell/shell_fprintf.c.obj
[adlrvp_npcx:rw] [296/394] Building C object CMakeFiles/app.dir/mnt/host/source/src/platform/ec/build/zephyr/adlrvp_npcx/modules/ec/power/common.c.obj
[telith:ro] [32/403] Building ASM object zephyr/CMakeFiles/zephyr.dir/soc/ite/ec/common/soc_irq.S.obj
[squirtle:rw] [60/385] Building C object zephyr/CMakeFiles/zephyr.dir/subsys/shell/shell_ops.c.obj
[fatcatrvp-ite:ro] [363/370] Building C object zephyr/kernel/CMakeFiles/kernel.dir/thread_monitor.c.obj
[adlrvp_npcx:rw] [297/394] Building C object CMakeFiles/app.dir/mnt/host/source/src/platform/ec/build/zephyr/adlrvp_npcx/modules/ec/power/icelake.c.obj
[squirtle:ro] [11/385] Building C object zephyr/CMakeFiles/zephyr.dir/lib/libc/validate_libc.c.obj
[telith:rw] [24/403] Building C object zephyr/CMakeFiles/zephyr.dir/lib/utils/timeutil.c.obj
[squirtle:rw] [61/385] Building C object zephyr/CMakeFiles/zephyr.dir/subsys/shell/shell_utils.c.obj
[adlrvp_npcx:rw] [298/394] Building C object CMakeFiles/app.dir/mnt/host/source/src/platform/ec/build/zephyr/adlrvp_npcx/modules/ec/power/intel_x86.c.obj
[telith:ro] [33/403] Building C object zephyr/CMakeFiles/zephyr.dir/soc/ite/ec/common/soc_common_irq.c.obj
[pirrha:ro] [12/393] Building C object zephyr/CMakeFiles/zephyr.dir/lib/heap/heap.c.obj
[adlrvp_npcx:rw] [299/394] Building C object CMakeFiles/app.dir/mnt/host/source/src/platform/ec/build/zephyr/adlrvp_npcx/modules/ec/power/host_sleep.c.obj
[fatcatrvp-ite:ro] [364/370] Building C object zephyr/kernel/CMakeFiles/kernel.dir/timeout.c.obj
[fatcatrvp-ite:ro] [365/370] Building C object zephyr/kernel/CMakeFiles/kernel.dir/timer.c.obj
[squirtle:rw] [62/385] Building C object zephyr/CMakeFiles/zephyr.dir/subsys/shell/shell_help.c.obj
[telith:ro] [34/403] Building C object zephyr/CMakeFiles/zephyr.dir/soc/ite/ec/common/power.c.obj
[squirtle:ro] [12/385] Building C object zephyr/CMakeFiles/zephyr.dir/lib/heap/heap.c.obj
[squirtle:rw] [63/385] Building C object zephyr/CMakeFiles/zephyr.dir/subsys/shell/shell_history.c.obj
[fatcatrvp-ite:ro] [366/370] Building C object zephyr/kernel/CMakeFiles/kernel.dir/poll.c.obj
[telith:rw] [25/403] Building C object zephyr/CMakeFiles/zephyr.dir/lib/utils/bitarray.c.obj
[squirtle:rw] [64/385] Building C object zephyr/CMakeFiles/zephyr.dir/drivers/flash/flash_util.c.obj
[adlrvp_npcx:rw] [300/394] Building C object CMakeFiles/app.dir/mnt/host/source/src/platform/ec/build/zephyr/adlrvp_npcx/modules/ec/common/sha256.c.obj
[telith:ro] [35/403] Building C object zephyr/CMakeFiles/zephyr.dir/soc/ite/ec/common/policy.c.obj
[adlrvp_npcx:rw] [301/394] Building C object CMakeFiles/app.dir/mnt/host/source/src/platform/ec/build/zephyr/adlrvp_npcx/modules/ec/common/panic_output.c.obj
[squirtle:rw] [65/385] Linking C static library zephyr/libzephyr.a
[telith:rw] [26/403] Building C object zephyr/CMakeFiles/zephyr.dir/lib/utils/bitmask.c.obj
[pirrha:ro] [13/393] Building C object zephyr/CMakeFiles/zephyr.dir/lib/os/cbprintf_packaged.c.obj
[fatcatrvp-ite:ro] [367/370] Building C object zephyr/kernel/CMakeFiles/kernel.dir/mempool.c.obj
[squirtle:rw] [66/385] Building C object zephyr/arch/common/CMakeFiles/arch__common.dir/sw_isr_common.c.obj
[squirtle:rw] [67/385] Building C object zephyr/arch/common/CMakeFiles/arch__common.dir/init.c.obj
[fatcatrvp-ite:ro] [368/370] Building C object zephyr/kernel/CMakeFiles/kernel.dir/events.c.obj
[adlrvp_npcx:rw] [302/394] Building C object CMakeFiles/app.dir/mnt/host/source/src/platform/ec/build/zephyr/adlrvp_npcx/modules/ec/common/switch.c.obj
[adlrvp_npcx:rw] [303/394] Building C object CMakeFiles/app.dir/mnt/host/source/src/platform/ec/build/zephyr/adlrvp_npcx/modules/ec/common/shared_mem.c.obj
[telith:ro] [36/403] Building C object zephyr/CMakeFiles/zephyr.dir/soc/ite/ec/it8xxx2/soc.c.obj
[fatcatrvp-ite:ro] [369/370] Building C object zephyr/kernel/CMakeFiles/kernel.dir/dynamic_disabled.c.obj
[squirtle:ro] [13/385] Building C object zephyr/CMakeFiles/zephyr.dir/lib/os/cbprintf_packaged.c.obj
[telith:ro] [37/403] Building C object zephyr/CMakeFiles/zephyr.dir/soc/ite/ec/it8xxx2/check_regs.c.obj
[telith:ro] [38/403] Building ASM object zephyr/CMakeFiles/zephyr.dir/soc/ite/ec/it8xxx2/vector.S.obj
[fatcatrvp-ite:ro] [370/370] Linking C static library zephyr/kernel/libkernel.a
[adlrvp_npcx:rw] [304/394] Building C object CMakeFiles/app.dir/mnt/host/source/src/platform/ec/build/zephyr/adlrvp_npcx/modules/ec/common/spi_flash_reg.c.obj
[telith:rw] [27/403] Building C object zephyr/CMakeFiles/zephyr.dir/lib/utils/getopt/getopt.c.obj
[squirtle:rw] [68/385] Building C object zephyr/arch/common/CMakeFiles/arch__common.dir/xip.c.obj
[squirtle:rw] [69/385] Building C object zephyr/arch/common/CMakeFiles/isr_tables.dir/isr_tables.c.obj
[telith:ro] [39/403] Building ASM object zephyr/CMakeFiles/zephyr.dir/soc/ite/ec/it8xxx2/__arithmetic.S.obj
[pirrha:ro] [14/393] Building C object zephyr/CMakeFiles/zephyr.dir/lib/os/clock.c.obj
[squirtle:rw] [70/385] Linking C static library zephyr/arch/common/libisr_tables.a
[squirtle:rw] [71/385] Linking C static library zephyr/arch/common/libarch__common.a
[adlrvp_npcx:rw] [305/394] Building C object CMakeFiles/app.dir/mnt/host/source/src/platform/ec/build/zephyr/adlrvp_npcx/modules/ec/common/thermal.c.obj
[telith:rw] [28/403] Building C object zephyr/CMakeFiles/zephyr.dir/lib/utils/ring_buffer.c.obj
[squirtle:rw] [72/385] Building C object zephyr/arch/arch/arm/core/CMakeFiles/arch__arm__core.dir/fatal.c.obj
[squirtle:rw] [73/385] Building ASM object zephyr/arch/arch/arm/core/CMakeFiles/arch__arm__core.dir/nmi_on_reset.S.obj
[adlrvp_npcx:rw] [306/394] Building C object CMakeFiles/app.dir/mnt/host/source/src/platform/ec/build/zephyr/adlrvp_npcx/modules/ec/common/temp_sensor.c.obj
[squirtle:ro] [14/385] Building C object zephyr/CMakeFiles/zephyr.dir/lib/os/printk.c.obj
[adlrvp_npcx:rw] [307/394] Building C object CMakeFiles/app.dir/mnt/host/source/src/platform/ec/build/zephyr/adlrvp_npcx/modules/ec/common/throttle_ap.c.obj
[telith:rw] [29/403] Building C object zephyr/CMakeFiles/zephyr.dir/lib/utils/last_section_id.c.obj
[squirtle:ro] [15/385] Building C object zephyr/CMakeFiles/zephyr.dir/lib/os/clock.c.obj
[adlrvp_npcx:rw] [308/394] Building C object CMakeFiles/app.dir/mnt/host/source/src/platform/ec/build/zephyr/adlrvp_npcx/modules/ec/driver/temp_sensor/thermistor.c.obj
[telith:ro] [40/403] Building C object zephyr/CMakeFiles/zephyr.dir/subsys/logging/log_minimal.c.obj
[squirtle:rw] [74/385] Building C object zephyr/arch/arch/arm/core/CMakeFiles/arch__arm__core.dir/nmi.c.obj
[telith:ro] [41/403] Building C object zephyr/CMakeFiles/zephyr.dir/soc/ite/ec/it8xxx2/ilm.c.obj
[telith:rw] [30/403] Building C object zephyr/CMakeFiles/zephyr.dir/misc/generated/configs.c.obj
[telith:rw] [31/403] Building C object zephyr/CMakeFiles/zephyr.dir/lib/utils/getopt/getopt_common.c.obj
[pirrha:ro] [15/393] Building C object zephyr/CMakeFiles/zephyr.dir/lib/os/printk.c.obj
[squirtle:rw] [75/385] Linking C static library zephyr/arch/arch/arm/core/libarch__arm__core.a
[adlrvp_npcx:rw] [309/394] Building C object CMakeFiles/app.dir/mnt/host/source/src/platform/ec/build/zephyr/adlrvp_npcx/modules/ec/common/timer.c.obj
[squirtle:rw] [76/385] Building ASM object zephyr/arch/arch/arm/core/cortex_m/CMakeFiles/arch__arm__core__cortex_m.dir/fault_s.S.obj
[telith:rw] [32/403] Building ASM object zephyr/CMakeFiles/zephyr.dir/soc/ite/ec/common/soc_irq.S.obj
[adlrvp_npcx:rw] [310/394] Building C object CMakeFiles/app.dir/mnt/host/source/src/platform/ec/build/zephyr/adlrvp_npcx/modules/ec/common/typec_control.c.obj
[telith:ro] [42/403] Building C object zephyr/CMakeFiles/zephyr.dir/subsys/pm/state.c.obj
[squirtle:rw] [77/385] Building C object zephyr/arch/arch/arm/core/cortex_m/CMakeFiles/arch__arm__core__cortex_m.dir/fault.c.obj
[squirtle:ro] [16/385] Building C object zephyr/CMakeFiles/zephyr.dir/lib/os/sem.c.obj
[squirtle:rw] [78/385] Building C object zephyr/arch/arch/arm/core/cortex_m/CMakeFiles/arch__arm__core__cortex_m.dir/exc_exit.c.obj
[adlrvp_npcx:rw] [311/394] Building C object CMakeFiles/app.dir/mnt/host/source/src/platform/ec/build/zephyr/adlrvp_npcx/modules/ec/common/usb_pd_pdo.c.obj
[telith:ro] [43/403] Building C object zephyr/CMakeFiles/zephyr.dir/subsys/pm/pm.c.obj
[telith:rw] [33/403] Building C object zephyr/CMakeFiles/zephyr.dir/soc/ite/ec/common/soc_common_irq.c.obj
[squirtle:ro] [17/385] Building C object zephyr/CMakeFiles/zephyr.dir/lib/os/thread_entry.c.obj
[pirrha:ro] [16/393] Building C object zephyr/CMakeFiles/zephyr.dir/lib/os/sem.c.obj
[adlrvp_npcx:rw] [312/394] Building C object CMakeFiles/app.dir/mnt/host/source/src/platform/ec/build/zephyr/adlrvp_npcx/modules/ec/common/usb_common.c.obj
[squirtle:rw] [79/385] Building C object zephyr/arch/arch/arm/core/cortex_m/CMakeFiles/arch__arm__core__cortex_m.dir/fpu.c.obj
[telith:rw] [34/403] Building C object zephyr/CMakeFiles/zephyr.dir/soc/ite/ec/common/power.c.obj
[adlrvp_npcx:rw] [313/394] Building C object CMakeFiles/app.dir/mnt/host/source/src/platform/ec/build/zephyr/adlrvp_npcx/modules/ec/common/usbc/usbc_task.c.obj
[adlrvp_npcx:rw] [314/394] Building C object CMakeFiles/app.dir/mnt/host/source/src/platform/ec/build/zephyr/adlrvp_npcx/modules/ec/common/usbc/usb_pd_timer.c.obj
[telith:ro] [44/403] Building C object zephyr/CMakeFiles/zephyr.dir/subsys/pm/policy/policy_events.c.obj
[squirtle:ro] [18/385] Building C object zephyr/CMakeFiles/zephyr.dir/lib/os/cbprintf_nano.c.obj
[squirtle:ro] [19/385] Building C object zephyr/CMakeFiles/zephyr.dir/lib/os/cbprintf.c.obj
[squirtle:rw] [80/385] Building C object zephyr/arch/arch/arm/core/cortex_m/CMakeFiles/arch__arm__core__cortex_m.dir/scb.c.obj
[squirtle:rw] [81/385] Building ASM object zephyr/arch/arch/arm/core/cortex_m/CMakeFiles/arch__arm__core__cortex_m.dir/reset.S.obj
[telith:rw] [35/403] Building C object zephyr/CMakeFiles/zephyr.dir/soc/ite/ec/common/policy.c.obj
[pirrha:ro] [17/393] Building C object zephyr/CMakeFiles/zephyr.dir/lib/os/thread_entry.c.obj
[adlrvp_npcx:rw] [315/394] Building C object CMakeFiles/app.dir/mnt/host/source/src/platform/ec/build/zephyr/adlrvp_npcx/modules/ec/common/usbc/usb_sm.c.obj
[telith:ro] [45/403] Building C object zephyr/CMakeFiles/zephyr.dir/subsys/pm/policy/policy_latency.c.obj
[squirtle:ro] [20/385] Building C object zephyr/CMakeFiles/zephyr.dir/lib/utils/dec.c.obj
[adlrvp_npcx:rw] [316/394] Building C object CMakeFiles/app.dir/mnt/host/source/src/platform/ec/build/zephyr/adlrvp_npcx/modules/ec/common/usbc_intr_task.c.obj
[squirtle:rw] [82/385] Building ASM object zephyr/arch/arch/arm/core/cortex_m/CMakeFiles/arch__arm__core__cortex_m.dir/vector_table.S.obj
[adlrvp_npcx:rw] [317/394] Building C object CMakeFiles/app.dir/mnt/host/source/src/platform/ec/build/zephyr/adlrvp_npcx/modules/ec/common/usbc_utils.c.obj
[squirtle:rw] [83/385] Building C object zephyr/arch/arch/arm/core/cortex_m/CMakeFiles/arch__arm__core__cortex_m.dir/thread_abort.c.obj
[telith:rw] [36/403] Building C object zephyr/CMakeFiles/zephyr.dir/soc/ite/ec/it8xxx2/soc.c.obj
[telith:ro] [46/403] Building C object zephyr/CMakeFiles/zephyr.dir/subsys/pm/policy/policy_state_lock.c.obj
[telith:rw] [37/403] Building C object zephyr/CMakeFiles/zephyr.dir/soc/ite/ec/it8xxx2/check_regs.c.obj
[squirtle:ro] [21/385] Building C object zephyr/CMakeFiles/zephyr.dir/lib/utils/hex.c.obj
[squirtle:ro] [22/385] Building C object zephyr/CMakeFiles/zephyr.dir/lib/os/assert.c.obj
[squirtle:rw] [84/385] Building ASM object zephyr/arch/arch/arm/core/cortex_m/CMakeFiles/arch__arm__core__cortex_m.dir/swap_helper.S.obj
[adlrvp_npcx:rw] [318/394] Building C object CMakeFiles/app.dir/mnt/host/source/src/platform/ec/build/zephyr/adlrvp_npcx/modules/ec/common/usb_pd_flags.c.obj
[telith:rw] [38/403] Building ASM object zephyr/CMakeFiles/zephyr.dir/soc/ite/ec/it8xxx2/__arithmetic.S.obj
[adlrvp_npcx:rw] [319/394] Building C object CMakeFiles/app.dir/mnt/host/source/src/platform/ec/build/zephyr/adlrvp_npcx/modules/ec/common/chargen.c.obj
[pirrha:ro] [18/393] Building C object zephyr/CMakeFiles/zephyr.dir/lib/os/cbprintf_nano.c.obj
[telith:ro] [47/403] Building C object zephyr/CMakeFiles/zephyr.dir/subsys/pm/device.c.obj
[telith:rw] [39/403] Building ASM object zephyr/CMakeFiles/zephyr.dir/soc/ite/ec/it8xxx2/vector.S.obj
[squirtle:ro] [23/385] Building C object zephyr/CMakeFiles/zephyr.dir/lib/utils/timeutil.c.obj
[squirtle:rw] [85/385] Building C object zephyr/arch/arch/arm/core/cortex_m/CMakeFiles/arch__arm__core__cortex_m.dir/irq_manage.c.obj
[telith:ro] [48/403] Building C object zephyr/CMakeFiles/zephyr.dir/subsys/pm/device_runtime.c.obj
[squirtle:rw] [86/385] Building C object zephyr/arch/arch/arm/core/cortex_m/CMakeFiles/arch__arm__core__cortex_m.dir/prep_c.c.obj
[adlrvp_npcx:rw] [320/394] Building C object CMakeFiles/app.dir/mnt/host/source/src/platform/ec/build/zephyr/adlrvp_npcx/modules/ec/common/usbc/usb_pd_console.c.obj
[squirtle:ro] [24/385] Building C object zephyr/CMakeFiles/zephyr.dir/lib/utils/rb.c.obj
[squirtle:rw] [87/385] Building C object zephyr/arch/arch/arm/core/cortex_m/CMakeFiles/arch__arm__core__cortex_m.dir/thread.c.obj
[telith:rw] [40/403] Building C object zephyr/CMakeFiles/zephyr.dir/soc/ite/ec/it8xxx2/ilm.c.obj
[telith:ro] [49/403] Building C object zephyr/CMakeFiles/zephyr.dir/subsys/pm/device_system_managed.c.obj
[adlrvp_npcx:rw] [321/394] Building C object CMakeFiles/app.dir/mnt/host/source/src/platform/ec/build/zephyr/adlrvp_npcx/modules/ec/driver/retimer/bb_retimer.c.obj
[pirrha:ro] [19/393] Building C object zephyr/CMakeFiles/zephyr.dir/lib/os/cbprintf.c.obj
[adlrvp_npcx:rw] [322/394] Building C object CMakeFiles/app.dir/mnt/host/source/src/platform/ec/build/zephyr/adlrvp_npcx/modules/ec/driver/usb_mux/usb_mux.c.obj
[squirtle:ro] [25/385] Building C object zephyr/CMakeFiles/zephyr.dir/lib/utils/bitmask.c.obj
[telith:rw] [41/403] Building C object zephyr/CMakeFiles/zephyr.dir/subsys/logging/log_minimal.c.obj
[adlrvp_npcx:rw] [323/394] Building C object CMakeFiles/app.dir/mnt/host/source/src/platform/ec/build/zephyr/adlrvp_npcx/modules/ec/driver/usb_mux/tusb1064.c.obj
[adlrvp_npcx:rw] [324/394] Building C object CMakeFiles/app.dir/mnt/host/source/src/platform/ec/build/zephyr/adlrvp_npcx/modules/ec/driver/usb_mux/virtual.c.obj
[squirtle:ro] [26/385] Building C object zephyr/CMakeFiles/zephyr.dir/lib/utils/bitarray.c.obj
[squirtle:rw] [88/385] Building C object zephyr/arch/arch/arm/core/cortex_m/CMakeFiles/arch__arm__core__cortex_m.dir/irq_init.c.obj
[squirtle:rw] [89/385] Building C object zephyr/arch/arch/arm/core/cortex_m/CMakeFiles/arch__arm__core__cortex_m.dir/cpu_idle.c.obj
[telith:ro] [50/403] Building C object zephyr/CMakeFiles/zephyr.dir/subsys/testsuite/coverage/coverage.c.obj
[squirtle:rw] [90/385] Building C object zephyr/arch/arch/arm/core/cortex_m/CMakeFiles/arch__arm__core__cortex_m.dir/isr_wrapper.c.obj
[telith:rw] [42/403] Building C object zephyr/CMakeFiles/zephyr.dir/subsys/pm/state.c.obj
[telith:ro] [51/403] Building C object zephyr/CMakeFiles/zephyr.dir/subsys/tracing/tracing_none.c.obj
[squirtle:rw] [91/385] Linking C static library zephyr/arch/arch/arm/core/cortex_m/libarch__arm__core__cortex_m.a
[pirrha:ro] [20/393] Building C object zephyr/CMakeFiles/zephyr.dir/lib/os/assert.c.obj
[telith:rw] [43/403] Building C object zephyr/CMakeFiles/zephyr.dir/subsys/pm/pm.c.obj
[squirtle:ro] [27/385] Building C object zephyr/CMakeFiles/zephyr.dir/lib/utils/getopt/getopt.c.obj
[pirrha:ro] [21/393] Building C object zephyr/CMakeFiles/zephyr.dir/lib/utils/dec.c.obj
[squirtle:ro] [28/385] Building C object zephyr/CMakeFiles/zephyr.dir/lib/utils/getopt/getopt_common.c.obj
[adlrvp_npcx:rw] [325/394] Building C object CMakeFiles/app.dir/mnt/host/source/src/platform/ec/build/zephyr/adlrvp_npcx/modules/ec/common/usbc/usb_tc_drp_acc_trysrc_sm.c.obj
[adlrvp_npcx:rw] [326/394] Building C object CMakeFiles/app.dir/mnt/host/source/src/platform/ec/build/zephyr/adlrvp_npcx/modules/ec/common/usbc/usb_prl_sm.c.obj
[squirtle:rw] [92/385] Building C object zephyr/arch/arch/arm/core/mpu/CMakeFiles/arch__arm__core__mpu.dir/arm_core_mpu.c.obj
[telith:ro] [52/403] Building C object zephyr/CMakeFiles/zephyr.dir/subsys/shell/modules/kernel_service/kernel_shell.c.obj
[squirtle:ro] [29/385] Building C object zephyr/CMakeFiles/zephyr.dir/lib/utils/ring_buffer.c.obj
[pirrha:ro] [22/393] Building C object zephyr/CMakeFiles/zephyr.dir/lib/utils/hex.c.obj
[squirtle:ro] [30/385] Building C object zephyr/CMakeFiles/zephyr.dir/lib/utils/last_section_id.c.obj
[adlrvp_npcx:rw] [327/394] Building C object CMakeFiles/app.dir/mnt/host/source/src/platform/ec/build/zephyr/adlrvp_npcx/modules/ec/common/usbc/usbc_pd_policy.c.obj
[squirtle:rw] [93/385] Generating ../../../include/generated/libc/minimal/strerror_table.h
[squirtle:rw] [94/385] Building C object zephyr/arch/arch/arm/core/mpu/CMakeFiles/arch__arm__core__mpu.dir/arm_mpu_regions.c.obj
[telith:rw] [44/403] Building C object zephyr/CMakeFiles/zephyr.dir/subsys/pm/policy/policy_events.c.obj
[squirtle:ro] [31/385] Building C object zephyr/CMakeFiles/zephyr.dir/misc/generated/configs.c.obj
[squirtle:rw] [95/385] Building C object zephyr/lib/libc/minimal/CMakeFiles/lib__libc__minimal.dir/source/stdlib/atoi.c.obj
[telith:ro] [53/403] Building C object zephyr/CMakeFiles/zephyr.dir/subsys/shell/modules/kernel_service/cycles.c.obj
[adlrvp_npcx:rw] [328/394] Building C object CMakeFiles/app.dir/mnt/host/source/src/platform/ec/build/zephyr/adlrvp_npcx/modules/ec/common/usbc/usb_pd_dpm.c.obj
[telith:rw] [45/403] Building C object zephyr/CMakeFiles/zephyr.dir/subsys/pm/policy/policy_latency.c.obj
[squirtle:rw] [96/385] Building C object zephyr/arch/arch/arm/core/mpu/CMakeFiles/arch__arm__core__mpu.dir/arm_mpu.c.obj
[squirtle:rw] [97/385] Building C object zephyr/lib/libc/minimal/CMakeFiles/lib__libc__minimal.dir/source/stdlib/strtol.c.obj
[squirtle:rw] [98/385] Building C object zephyr/lib/libc/minimal/CMakeFiles/lib__libc__minimal.dir/source/stdlib/strtoul.c.obj
[squirtle:rw] [99/385] Linking C static library zephyr/arch/arch/arm/core/mpu/libarch__arm__core__mpu.a
[squirtle:rw] [100/385] Building C object zephyr/lib/libc/minimal/CMakeFiles/lib__libc__minimal.dir/source/stdlib/strtoull.c.obj
[squirtle:rw] [101/385] Building C object zephyr/lib/libc/minimal/CMakeFiles/lib__libc__minimal.dir/source/stdlib/strtoll.c.obj
[squirtle:rw] [102/385] Building C object zephyr/lib/libc/minimal/CMakeFiles/lib__libc__minimal.dir/source/stdlib/bsearch.c.obj
[adlrvp_npcx:rw] [329/394] Building C object CMakeFiles/app.dir/mnt/host/source/src/platform/ec/build/zephyr/adlrvp_npcx/modules/ec/common/usbc/usb_pe_drp_sm.c.obj
[telith:ro] [54/403] Building C object zephyr/CMakeFiles/zephyr.dir/subsys/shell/modules/kernel_service/sleep.c.obj
[pirrha:ro] [23/393] Building C object zephyr/CMakeFiles/zephyr.dir/lib/utils/rb.c.obj
[telith:ro] [55/403] Building C object zephyr/CMakeFiles/zephyr.dir/subsys/shell/modules/kernel_service/uptime.c.obj
[squirtle:rw] [103/385] Building C object zephyr/lib/libc/minimal/CMakeFiles/lib__libc__minimal.dir/source/string/strerror.c.obj
[squirtle:rw] [104/385] Building C object zephyr/lib/libc/minimal/CMakeFiles/lib__libc__minimal.dir/source/stdlib/qsort.c.obj
[telith:rw] [46/403] Building C object zephyr/CMakeFiles/zephyr.dir/subsys/pm/policy/policy_state_lock.c.obj
[squirtle:ro] [32/385] Building C object zephyr/CMakeFiles/zephyr.dir/soc/nuvoton/npcx/common/power.c.obj
[telith:rw] [47/403] Building C object zephyr/CMakeFiles/zephyr.dir/subsys/pm/device.c.obj
[squirtle:rw] [105/385] Building C object zephyr/lib/libc/minimal/CMakeFiles/lib__libc__minimal.dir/source/string/strstr.c.obj
[squirtle:rw] [106/385] Building C object zephyr/lib/libc/minimal/CMakeFiles/lib__libc__minimal.dir/source/string/strncasecmp.c.obj
[adlrvp_npcx:rw] [330/394] Building C object CMakeFiles/app.dir/mnt/host/source/src/platform/ec/build/zephyr/adlrvp_npcx/modules/ec/common/usbc/dp_alt_mode.c.obj
[squirtle:ro] [33/385] Building C object zephyr/CMakeFiles/zephyr.dir/soc/nuvoton/npcx/common/scfg.c.obj
[pirrha:ro] [24/393] Building C object zephyr/CMakeFiles/zephyr.dir/lib/utils/timeutil.c.obj
[adlrvp_npcx:rw] [331/394] Building C object CMakeFiles/app.dir/mnt/host/source/src/platform/ec/build/zephyr/adlrvp_npcx/modules/ec/common/usbc/tbt_alt_mode.c.obj
[squirtle:rw] [107/385] Building C object zephyr/lib/libc/minimal/CMakeFiles/lib__libc__minimal.dir/source/string/strspn.c.obj
[adlrvp_npcx:rw] [332/394] Building C object CMakeFiles/app.dir/mnt/host/source/src/platform/ec/build/zephyr/adlrvp_npcx/modules/ec/common/usbc/usb_mode.c.obj
[squirtle:rw] [108/385] Building C object zephyr/lib/libc/minimal/CMakeFiles/lib__libc__minimal.dir/source/string/string.c.obj
[squirtle:rw] [109/385] Building C object zephyr/lib/libc/minimal/CMakeFiles/lib__libc__minimal.dir/source/stdlib/exit.c.obj
[adlrvp_npcx:rw] [333/394] Building C object CMakeFiles/app.dir/mnt/host/source/src/platform/ec/build/zephyr/adlrvp_npcx/modules/ec/common/usbc/usb_retimer_fw_update.c.obj
[telith:ro] [56/403] Building C object zephyr/CMakeFiles/zephyr.dir/subsys/shell/modules/kernel_service/version.c.obj
[/mnt/host/source/src/platform/ec/build/zephyr/it8xxx2_evb-lcov]   /mnt/host/source/src/platform/ec/build/zephyr/it8xxx2_evb/build-singleimage/zephyr/CMakeFiles/zephyr.dir/soc/ite/ec/it8xxx2/check_regs.c.gcno:no functions found
[/mnt/host/source/src/platform/ec/build/zephyr/it8xxx2_evb-lcov] stderr:
[telith:rw] [48/403] Building C object zephyr/CMakeFiles/zephyr.dir/subsys/pm/device_system_managed.c.obj
[telith:ro] [57/403] Building C object zephyr/CMakeFiles/zephyr.dir/subsys/shell/modules/kernel_service/thread/thread.c.obj
[telith:rw] [49/403] Building C object zephyr/CMakeFiles/zephyr.dir/subsys/pm/device_runtime.c.obj
[adlrvp_npcx:rw] [334/394] Building C object CMakeFiles/app.dir/mnt/host/source/src/platform/ec/build/zephyr/adlrvp_npcx/modules/ec/common/usb_pd_console_cmd.c.obj
[squirtle:ro] [34/385] Building C object zephyr/CMakeFiles/zephyr.dir/soc/nuvoton/npcx/common/npcxn/registers.c.obj
[squirtle:ro] [35/385] Building C object zephyr/CMakeFiles/zephyr.dir/soc/nuvoton/npcx/npcx9/soc.c.obj
[pirrha:ro] [25/393] Building C object zephyr/CMakeFiles/zephyr.dir/lib/utils/bitarray.c.obj
[squirtle:rw] [110/385] Building C object zephyr/lib/libc/minimal/CMakeFiles/lib__libc__minimal.dir/source/stdout/fprintf.c.obj
[squirtle:rw] [111/385] Building C object zephyr/lib/libc/minimal/CMakeFiles/lib__libc__minimal.dir/source/stdout/sprintf.c.obj
[squirtle:rw] [112/385] Building C object zephyr/lib/libc/minimal/CMakeFiles/lib__libc__minimal.dir/source/stdout/stdout_console.c.obj
[pirrha:ro] [26/393] Building C object zephyr/CMakeFiles/zephyr.dir/lib/utils/bitmask.c.obj
[adlrvp_npcx:rw] [335/394] Building C object CMakeFiles/app.dir/mnt/host/source/src/platform/ec/build/zephyr/adlrvp_npcx/modules/ec/common/usb_pd_host_cmd.c.obj
[telith:ro] [58/403] Building C object zephyr/CMakeFiles/zephyr.dir/subsys/shell/modules/kernel_service/thread/list.c.obj
[adlrvp_npcx:rw] [336/394] Building C object CMakeFiles/app.dir/mnt/host/source/src/platform/ec/build/zephyr/adlrvp_npcx/modules/ec/common/usbc/usb_pd_host.c.obj
[squirtle:rw] [113/385] Building C object zephyr/lib/libc/minimal/CMakeFiles/lib__libc__minimal.dir/source/math/sqrtf.c.obj
[squirtle:rw] [114/385] Building C object zephyr/lib/libc/minimal/CMakeFiles/lib__libc__minimal.dir/source/math/sqrt.c.obj
[telith:rw] [50/403] Building C object zephyr/CMakeFiles/zephyr.dir/subsys/tracing/tracing_none.c.obj
[telith:ro] [59/403] Building C object zephyr/CMakeFiles/zephyr.dir/subsys/shell/modules/kernel_service/thread/stacks.c.obj
[telith:rw] [51/403] Building C object zephyr/CMakeFiles/zephyr.dir/subsys/testsuite/coverage/coverage.c.obj
[adlrvp_npcx:rw] [337/394] Building C object CMakeFiles/app.dir/mnt/host/source/src/platform/ec/build/zephyr/adlrvp_npcx/modules/ec/common/usb_pd_host_cmd_common.c.obj
[adlrvp_npcx:rw] [338/394] Building C object CMakeFiles/app.dir/mnt/host/source/src/platform/ec/build/zephyr/adlrvp_npcx/modules/ec/zephyr/shim/src/tcpc.c.obj
[squirtle:rw] [115/385] Building C object zephyr/lib/libc/common/CMakeFiles/lib__libc__common.dir/source/time/asctime.c.obj
[squirtle:ro] [36/385] Building C object zephyr/CMakeFiles/zephyr.dir/subsys/pm/pm.c.obj
[squirtle:ro] [37/385] Building C object zephyr/CMakeFiles/zephyr.dir/subsys/mem_mgmt/mem_attr.c.obj
[squirtle:rw] [116/385] Building C object zephyr/lib/libc/common/CMakeFiles/lib__libc__common.dir/source/time/gmtime_r.c.obj
[squirtle:rw] [117/385] Building C object zephyr/lib/libc/minimal/CMakeFiles/lib__libc__minimal.dir/source/time/gmtime.c.obj
[adlrvp_npcx:rw] [339/394] Building C object CMakeFiles/app.dir/mnt/host/source/src/platform/ec/build/zephyr/adlrvp_npcx/modules/ec/common/usbc_ocp.c.obj
[squirtle:rw] [118/385] Linking C static library zephyr/lib/libc/minimal/liblib__libc__minimal.a
[pirrha:ro] [27/393] Building C object zephyr/CMakeFiles/zephyr.dir/lib/utils/getopt/getopt.c.obj
[squirtle:rw] [119/385] Building C object zephyr/lib/libc/common/CMakeFiles/lib__libc__common.dir/source/stdlib/abort.c.obj
[squirtle:rw] [120/385] Building C object zephyr/lib/libc/common/CMakeFiles/lib__libc__common.dir/source/time/localtime_r_utc.c.obj
[telith:ro] [60/403] Building C object zephyr/CMakeFiles/zephyr.dir/subsys/shell/modules/kernel_service/thread/unwind.c.obj
[telith:ro] [61/403] Building C object zephyr/CMakeFiles/zephyr.dir/subsys/shell/modules/kernel_service/thread/suspend.c.obj
[telith:rw] [52/403] Building C object zephyr/CMakeFiles/zephyr.dir/subsys/shell/modules/kernel_service/kernel_shell.c.obj
[squirtle:rw] [121/385] Building C object zephyr/lib/libc/common/CMakeFiles/lib__libc__common.dir/source/time/ctime.c.obj
[telith:rw] [53/403] Building C object zephyr/CMakeFiles/zephyr.dir/subsys/shell/modules/kernel_service/cycles.c.obj
[squirtle:rw] [122/385] Building C object zephyr/lib/libc/common/CMakeFiles/lib__libc__common.dir/source/time/time.c.obj
[adlrvp_npcx:rw] [340/394] Building C object CMakeFiles/app.dir/mnt/host/source/src/platform/ec/build/zephyr/adlrvp_npcx/modules/ec/common/usb_pd_dual_role.c.obj
[squirtle:ro] [38/385] Building C object zephyr/CMakeFiles/zephyr.dir/subsys/pm/state.c.obj
[squirtle:rw] [123/385] Building C object zephyr/lib/libc/common/CMakeFiles/lib__libc__common.dir/source/string/strnlen.c.obj
[adlrvp_npcx:rw] [341/394] Building C object CMakeFiles/app.dir/mnt/host/source/src/platform/ec/build/zephyr/adlrvp_npcx/modules/ec/common/usb_pd_discovery.c.obj
[squirtle:rw] [124/385] Building C object zephyr/lib/posix/c_lib_ext/CMakeFiles/lib__posix__c_lib_ext.dir/fnmatch.c.obj
[squirtle:ro] [39/385] Building C object zephyr/CMakeFiles/zephyr.dir/subsys/pm/policy/policy_events.c.obj
[adlrvp_npcx:rw] [342/394] Building C object CMakeFiles/app.dir/mnt/host/source/src/platform/ec/build/zephyr/adlrvp_npcx/modules/ec/driver/tcpm/fusb302.c.obj
[pirrha:ro] [28/393] Building C object zephyr/CMakeFiles/zephyr.dir/lib/utils/getopt/getopt_common.c.obj
[adlrvp_npcx:rw] [343/394] Building C object CMakeFiles/app.dir/mnt/host/source/src/platform/ec/build/zephyr/adlrvp_npcx/modules/ec/driver/tcpm/tcpci.c.obj
[telith:ro] [62/403] Building C object zephyr/CMakeFiles/zephyr.dir/subsys/shell/modules/kernel_service/thread/kill.c.obj
[telith:ro] [63/403] Building C object zephyr/CMakeFiles/zephyr.dir/subsys/shell/modules/kernel_service/thread/resume.c.obj
[adlrvp_npcx:rw] [344/394] Building C object CMakeFiles/app.dir/mnt/host/source/src/platform/ec/build/zephyr/adlrvp_npcx/modules/ec/common/usbc_ppc.c.obj
[telith:rw] [54/403] Building C object zephyr/CMakeFiles/zephyr.dir/subsys/shell/modules/kernel_service/sleep.c.obj
[squirtle:rw] [125/385] Building C object zephyr/lib/libc/common/CMakeFiles/lib__libc__common.dir/source/stdlib/malloc.c.obj
[telith:rw] [55/403] Building C object zephyr/CMakeFiles/zephyr.dir/subsys/shell/modules/kernel_service/uptime.c.obj
[squirtle:ro] [40/385] Building C object zephyr/CMakeFiles/zephyr.dir/subsys/pm/policy/policy_latency.c.obj
[squirtle:rw] [126/385] Linking C static library zephyr/lib/libc/common/liblib__libc__common.a
[squirtle:rw] [127/385] Building C object zephyr/lib/posix/c_lib_ext/CMakeFiles/lib__posix__c_lib_ext.dir/getentropy.c.obj
[pirrha:ro] [29/393] Building C object zephyr/CMakeFiles/zephyr.dir/lib/utils/ring_buffer.c.obj
[squirtle:ro] [41/385] Building C object zephyr/CMakeFiles/zephyr.dir/subsys/pm/policy/policy_state_lock.c.obj
[squirtle:rw] [128/385] Building C object zephyr/lib/posix/c_lib_ext/CMakeFiles/lib__posix__c_lib_ext.dir/getopt_shim.c.obj
[squirtle:rw] [129/385] Building C object zephyr/subsys/crc/CMakeFiles/subsys__crc.dir/crc8_sw.c.obj
[squirtle:rw] [130/385] Building C object zephyr/subsys/crc/CMakeFiles/subsys__crc.dir/crc4_sw.c.obj
[pirrha:ro] [30/393] Building C object zephyr/CMakeFiles/zephyr.dir/lib/utils/last_section_id.c.obj
[squirtle:rw] [131/385] Linking C static library zephyr/lib/posix/c_lib_ext/liblib__posix__c_lib_ext.a
[squirtle:rw] [132/385] Building C object zephyr/subsys/crc/CMakeFiles/subsys__crc.dir/crc7_sw.c.obj
[squirtle:rw] [133/385] Building C object zephyr/subsys/crc/CMakeFiles/subsys__crc.dir/crc16_sw.c.obj
[squirtle:rw] [134/385] Building C object zephyr/subsys/crc/CMakeFiles/subsys__crc.dir/crc24_sw.c.obj
[adlrvp_npcx:rw] [345/394] Building C object CMakeFiles/app.dir/mnt/host/source/src/platform/ec/build/zephyr/adlrvp_npcx/modules/ec/common/vboot_hash.c.obj
[squirtle:rw] [135/385] Building C object zephyr/subsys/crc/CMakeFiles/subsys__crc.dir/crc32_sw.c.obj
[pirrha:ro] [31/393] Building C object zephyr/CMakeFiles/zephyr.dir/misc/generated/configs.c.obj
[squirtle:rw] [136/385] Building C object zephyr/subsys/crc/CMakeFiles/subsys__crc.dir/crc32c_sw.c.obj
[squirtle:rw] [137/385] Building C object zephyr/subsys/crc/CMakeFiles/subsys__crc.dir/crc32k_4_2_sw.c.obj
[telith:rw] [56/403] Building C object zephyr/CMakeFiles/zephyr.dir/subsys/shell/modules/kernel_service/version.c.obj
[telith:ro] [64/403] Building C object zephyr/CMakeFiles/zephyr.dir/subsys/shell/modules/device_service.c.obj
[telith:ro] [65/403] Building C object zephyr/CMakeFiles/zephyr.dir/subsys/shell/modules/date_service.c.obj
[squirtle:rw] [138/385] Linking C static library zephyr/subsys/crc/libsubsys__crc.a
[squirtle:ro] [42/385] Building C object zephyr/CMakeFiles/zephyr.dir/subsys/pm/device.c.obj
[adlrvp_npcx:rw] [346/394] Building C object CMakeFiles/app.dir/mnt/host/source/src/platform/ec/build/zephyr/adlrvp_npcx/modules/ec/driver/ppc/sn5s330.c.obj
[adlrvp_npcx:rw] [347/394] Building C object CMakeFiles/app.dir/mnt/host/source/src/platform/ec/build/zephyr/adlrvp_npcx/modules/ec/common/vboot/efs2.c.obj
[adlrvp_npcx:rw] [348/394] Building C object CMakeFiles/app.dir/mnt/host/source/src/platform/ec/build/zephyr/adlrvp_npcx/modules/ec/common/button.c.obj
[telith:rw] [57/403] Building C object zephyr/CMakeFiles/zephyr.dir/subsys/shell/modules/kernel_service/thread/thread.c.obj
[squirtle:ro] [43/385] Building C object zephyr/CMakeFiles/zephyr.dir/subsys/pm/device_system_managed.c.obj
[adlrvp_npcx:rw] [349/394] Building C object CMakeFiles/app.dir/mnt/host/source/src/platform/ec/build/zephyr/adlrvp_npcx/modules/ec/common/vstore.c.obj
[pirrha:ro] [32/393] Building ASM object zephyr/CMakeFiles/zephyr.dir/soc/ite/ec/common/soc_irq.S.obj
[telith:rw] [58/403] Building C object zephyr/CMakeFiles/zephyr.dir/subsys/shell/modules/kernel_service/thread/list.c.obj
[squirtle:rw] [139/385] Building C object zephyr/drivers/interrupt_controller/CMakeFiles/drivers__interrupt_controller.dir/intc_miwu.c.obj
[telith:ro] [66/403] Building C object zephyr/CMakeFiles/zephyr.dir/subsys/shell/modules/devmem_service.c.obj
[squirtle:rw] [140/385] Linking C static library zephyr/drivers/interrupt_controller/libdrivers__interrupt_controller.a
[adlrvp_npcx:rw] [350/394] Building C object CMakeFiles/app.dir/mnt/host/source/src/platform/ec/build/zephyr/adlrvp_npcx/modules/ec/common/math_util.c.obj
[squirtle:rw] [141/385] Building C object zephyr/drivers/adc/CMakeFiles/drivers__adc.dir/adc_common.c.obj
[squirtle:ro] [44/385] Building C object zephyr/CMakeFiles/zephyr.dir/subsys/testsuite/coverage/coverage.c.obj
[adlrvp_npcx:rw] [351/394] Building C object CMakeFiles/app.dir/mnt/host/source/src/platform/ec/build/zephyr/adlrvp_npcx/modules/ec/common/rtc.c.obj
[pirrha:ro] [33/393] Building C object zephyr/CMakeFiles/zephyr.dir/soc/ite/ec/common/soc_common_irq.c.obj
[telith:ro] [67/403] Building C object zephyr/CMakeFiles/zephyr.dir/subsys/shell/backends/shell_uart.c.obj
[squirtle:ro] [45/385] Building C object zephyr/CMakeFiles/zephyr.dir/subsys/tracing/tracing_none.c.obj
[telith:rw] [59/403] Building C object zephyr/CMakeFiles/zephyr.dir/subsys/shell/modules/kernel_service/thread/stacks.c.obj
[adlrvp_npcx:rw] [352/394] Building C object CMakeFiles/app.dir/src/intel_rvp_board_id.c.obj
[squirtle:rw] [142/385] Building C object zephyr/drivers/adc/CMakeFiles/drivers__adc.dir/adc_npcx.c.obj
[adlrvp_npcx:rw] [353/394] Building C object CMakeFiles/app.dir/src/intelrvp.c.obj
[squirtle:rw] [143/385] Linking C static library zephyr/drivers/adc/libdrivers__adc.a
[adlrvp_npcx:rw] [354/394] Building C object CMakeFiles/app.dir/mnt/host/source/src/platform/ec/build/zephyr/adlrvp_npcx/modules/ec/driver/led/max695x.c.obj
[telith:rw] [60/403] Building C object zephyr/CMakeFiles/zephyr.dir/subsys/shell/modules/kernel_service/thread/unwind.c.obj
[squirtle:rw] [144/385] Building C object zephyr/drivers/bbram/CMakeFiles/drivers__bbram.dir/bbram_npcx.c.obj
[telith:ro] [68/403] Building C object zephyr/CMakeFiles/zephyr.dir/subsys/shell/shell.c.obj
[squirtle:rw] [145/385] Building C object zephyr/drivers/clock_control/CMakeFiles/drivers__clock_control.dir/clock_control_npcx.c.obj
[/mnt/host/source/src/platform/ec/build/zephyr/it8xxx2_evb-lcov]   /mnt/host/source/src/platform/ec/build/zephyr/it8xxx2_evb/build-singleimage/zephyr/drivers/sensor/CMakeFiles/drivers__sensor.dir/mnt/host/source/src/third_party/zephyr/main/misc/empty_file.c.gcno:no functions found
[/mnt/host/source/src/platform/ec/build/zephyr/it8xxx2_evb-lcov] Filter suppressions 'region':
[/mnt/host/source/src/platform/ec/build/zephyr/it8xxx2_evb-lcov]     21 instances
[/mnt/host/source/src/platform/ec/build/zephyr/it8xxx2_evb-lcov]     12 coverpoints
[/mnt/host/source/src/platform/ec/build/zephyr/it8xxx2_evb-lcov] Message summary:
[/mnt/host/source/src/platform/ec/build/zephyr/it8xxx2_evb-lcov]   8 ignore messages:
[/mnt/host/source/src/platform/ec/build/zephyr/it8xxx2_evb-lcov]     gcov: 8
[squirtle:rw] [146/385] Linking C static library zephyr/drivers/bbram/libdrivers__bbram.a
[pirrha:ro] [34/393] Building C object zephyr/CMakeFiles/zephyr.dir/soc/ite/ec/common/power.c.obj
[squirtle:ro] [46/385] Building C object zephyr/CMakeFiles/zephyr.dir/subsys/shell/modules/kernel_service/kernel_shell.c.obj
[squirtle:rw] [147/385] Linking C static library zephyr/drivers/clock_control/libdrivers__clock_control.a
[telith:rw] [61/403] Building C object zephyr/CMakeFiles/zephyr.dir/subsys/shell/modules/kernel_service/thread/suspend.c.obj
[telith:ro] [69/403] Building C object zephyr/CMakeFiles/zephyr.dir/subsys/shell/shell_fprintf.c.obj
[adlrvp_npcx:rw] [355/394] Building C object CMakeFiles/app.dir/src/usb_pd_policy_mecc_1_0.c.obj
[squirtle:ro] [47/385] Building C object zephyr/CMakeFiles/zephyr.dir/subsys/shell/modules/kernel_service/cycles.c.obj
[adlrvp_npcx:rw] [356/394] Building C object CMakeFiles/app.dir/adlrvp/src/adlrvp.c.obj
[squirtle:rw] [148/385] Building C object zephyr/drivers/console/CMakeFiles/drivers__console.dir/uart_console.c.obj
[adlrvp_npcx:rw] [357/394] Linking C static library modules/ec/zephyr/libec_shim.a
[squirtle:rw] [149/385] Linking C static library zephyr/drivers/console/libdrivers__console.a
[telith:rw] [62/403] Building C object zephyr/CMakeFiles/zephyr.dir/subsys/shell/modules/kernel_service/thread/resume.c.obj
[pirrha:ro] [35/393] Building C object zephyr/CMakeFiles/zephyr.dir/soc/ite/ec/it8xxx2/soc.c.obj
[adlrvp_npcx:rw] [358/394] Building C object CMakeFiles/app.dir/src/chg_usb_pd.c.obj
[adlrvp_npcx:rw] [359/394] Building C object CMakeFiles/app.dir/src/chg_usb_pd_mecc_1_0.c.obj
[pirrha:ro] [36/393] Building C object zephyr/CMakeFiles/zephyr.dir/soc/ite/ec/common/policy.c.obj
[telith:ro] [70/403] Building C object zephyr/CMakeFiles/zephyr.dir/subsys/shell/shell_utils.c.obj
[squirtle:ro] [48/385] Building C object zephyr/CMakeFiles/zephyr.dir/subsys/shell/modules/kernel_service/sleep.c.obj
[adlrvp_npcx:rw] [360/394] Building C object CMakeFiles/app.dir/src/intel_rvp_led.c.obj
[squirtle:rw] [150/385] Building C object zephyr/drivers/eeprom/CMakeFiles/drivers__eeprom.dir/eeprom_shell.c.obj
[squirtle:rw] [151/385] Building C object zephyr/drivers/eeprom/CMakeFiles/drivers__eeprom.dir/eeprom_at2x.c.obj
[telith:rw] [63/403] Building C object zephyr/CMakeFiles/zephyr.dir/subsys/shell/modules/kernel_service/thread/kill.c.obj
[squirtle:rw] [152/385] Linking C static library zephyr/drivers/eeprom/libdrivers__eeprom.a
[adlrvp_npcx:rw] [361/394] Linking C static library app/libapp.a
[telith:ro] [71/403] Building C object zephyr/CMakeFiles/zephyr.dir/subsys/shell/shell_ops.c.obj
[adlrvp_npcx:rw] [362/394] Building C object zephyr/kernel/CMakeFiles/kernel.dir/main_weak.c.obj
[pirrha:ro] [37/393] Building ASM object zephyr/CMakeFiles/zephyr.dir/soc/ite/ec/it8xxx2/vector.S.obj
[pirrha:ro] [38/393] Building C object zephyr/CMakeFiles/zephyr.dir/soc/ite/ec/it8xxx2/check_regs.c.obj
[squirtle:ro] [49/385] Building C object zephyr/CMakeFiles/zephyr.dir/subsys/shell/modules/kernel_service/uptime.c.obj
[adlrvp_npcx:rw] [363/394] Building C object zephyr/kernel/CMakeFiles/kernel.dir/banner.c.obj
[squirtle:rw] [153/385] Building C object zephyr/drivers/flash/CMakeFiles/drivers__flash.dir/jesd216.c.obj
[telith:rw] [64/403] Building C object zephyr/CMakeFiles/zephyr.dir/subsys/shell/modules/device_service.c.obj
[pirrha:ro] [39/393] Building ASM object zephyr/CMakeFiles/zephyr.dir/soc/ite/ec/it8xxx2/__arithmetic.S.obj
[telith:ro] [72/403] Building C object zephyr/CMakeFiles/zephyr.dir/subsys/shell/shell_help.c.obj
[adlrvp_npcx:rw] [364/394] Building C object zephyr/kernel/CMakeFiles/kernel.dir/device.c.obj
[adlrvp_npcx:rw] [365/394] Building C object zephyr/kernel/CMakeFiles/kernel.dir/busy_wait.c.obj
[squirtle:ro] [50/385] Building C object zephyr/CMakeFiles/zephyr.dir/subsys/shell/modules/kernel_service/version.c.obj
[squirtle:rw] [154/385] Building C object zephyr/drivers/flash/CMakeFiles/drivers__flash.dir/flash_npcx_fiu_nor.c.obj
[telith:ro] [73/403] Building C object zephyr/CMakeFiles/zephyr.dir/subsys/shell/shell_cmds.c.obj
[telith:rw] [65/403] Building C object zephyr/CMakeFiles/zephyr.dir/subsys/shell/modules/date_service.c.obj
[squirtle:rw] [155/385] Building C object zephyr/drivers/flash/CMakeFiles/drivers__flash.dir/flash_npcx_fiu_qspi.c.obj
[pirrha:ro] [40/393] Building C object zephyr/CMakeFiles/zephyr.dir/soc/ite/ec/it8xxx2/ilm.c.obj
[squirtle:rw] [156/385] Linking C static library zephyr/drivers/flash/libdrivers__flash.a
[adlrvp_npcx:rw] [366/394] Building C object zephyr/kernel/CMakeFiles/kernel.dir/errno.c.obj
[squirtle:ro] [51/385] Building C object zephyr/CMakeFiles/zephyr.dir/subsys/shell/modules/kernel_service/thread/thread.c.obj
[adlrvp_npcx:rw] [367/394] Building C object zephyr/kernel/CMakeFiles/kernel.dir/fatal.c.obj
[pirrha:ro] [41/393] Building C object zephyr/CMakeFiles/zephyr.dir/subsys/logging/log_minimal.c.obj
[adlrvp_npcx:rw] [368/394] Building C object zephyr/kernel/CMakeFiles/kernel.dir/init.c.obj
[telith:rw] [66/403] Building C object zephyr/CMakeFiles/zephyr.dir/subsys/shell/modules/devmem_service.c.obj
[adlrvp_npcx:rw] [369/394] Building C object zephyr/kernel/CMakeFiles/kernel.dir/version.c.obj
[adlrvp_npcx:rw] [370/394] Building C object zephyr/kernel/CMakeFiles/kernel.dir/kheap.c.obj
[squirtle:rw] [157/385] Building C object zephyr/drivers/gpio/CMakeFiles/drivers__gpio.dir/gpio_npcx.c.obj
[telith:ro] [74/403] Building C object zephyr/CMakeFiles/zephyr.dir/subsys/shell/shell_history.c.obj
[squirtle:ro] [52/385] Building C object zephyr/CMakeFiles/zephyr.dir/subsys/shell/modules/kernel_service/thread/list.c.obj
[squirtle:rw] [158/385] Linking C static library zephyr/drivers/gpio/libdrivers__gpio.a
[squirtle:rw] [159/385] Building C object zephyr/drivers/i2c/CMakeFiles/drivers__i2c.dir/i2c_common.c.obj
[pirrha:ro] [42/393] Building C object zephyr/CMakeFiles/zephyr.dir/subsys/pm/state.c.obj
[telith:ro] [75/403] Building C object zephyr/CMakeFiles/zephyr.dir/subsys/shell/shell_wildcard.c.obj
[adlrvp_npcx:rw] [371/394] Building C object zephyr/kernel/CMakeFiles/kernel.dir/mem_slab.c.obj
[pirrha:ro] [43/393] Building C object zephyr/CMakeFiles/zephyr.dir/subsys/pm/pm.c.obj
[telith:rw] [67/403] Building C object zephyr/CMakeFiles/zephyr.dir/subsys/shell/backends/shell_uart.c.obj
[squirtle:rw] [160/385] Building C object zephyr/drivers/i2c/CMakeFiles/drivers__i2c.dir/i2c_shell.c.obj
[adlrvp_npcx:rw] [372/394] Building C object zephyr/kernel/CMakeFiles/kernel.dir/float.c.obj
[squirtle:ro] [53/385] Building C object zephyr/CMakeFiles/zephyr.dir/subsys/shell/modules/kernel_service/thread/stacks.c.obj
[adlrvp_npcx:rw] [373/394] Building C object zephyr/kernel/CMakeFiles/kernel.dir/idle.c.obj
[adlrvp_npcx:rw] [374/394] Building C object zephyr/kernel/CMakeFiles/kernel.dir/mailbox.c.obj
[telith:rw] [68/403] Building C object zephyr/CMakeFiles/zephyr.dir/subsys/shell/shell.c.obj
[squirtle:ro] [54/385] Building C object zephyr/CMakeFiles/zephyr.dir/subsys/shell/modules/kernel_service/thread/suspend.c.obj
[pirrha:ro] [44/393] Building C object zephyr/CMakeFiles/zephyr.dir/subsys/pm/policy/policy_events.c.obj
[adlrvp_npcx:rw] [375/394] Building C object zephyr/kernel/CMakeFiles/kernel.dir/msg_q.c.obj
[telith:ro] [76/403] Building C object zephyr/CMakeFiles/zephyr.dir/drivers/flash/flash_util.c.obj
[pirrha:ro] [45/393] Building C object zephyr/CMakeFiles/zephyr.dir/subsys/pm/policy/policy_latency.c.obj
[telith:ro] [77/403] Building C object zephyr/arch/common/CMakeFiles/arch__common.dir/sw_isr_common.c.obj
[squirtle:rw] [161/385] Building C object zephyr/drivers/i2c/CMakeFiles/drivers__i2c.dir/i2c_npcx_controller_fifo.c.obj
[telith:ro] [78/403] Linking C static library zephyr/libzephyr.a
[squirtle:rw] [162/385] Building C object zephyr/drivers/i2c/CMakeFiles/drivers__i2c.dir/i2c_npcx_controller.c.obj
[adlrvp_npcx:rw] [376/394] Building C object zephyr/kernel/CMakeFiles/kernel.dir/mutex.c.obj
[telith:rw] [69/403] Building C object zephyr/CMakeFiles/zephyr.dir/subsys/shell/shell_fprintf.c.obj
[squirtle:rw] [163/385] Building C object zephyr/drivers/i2c/CMakeFiles/drivers__i2c.dir/i2c_npcx_port.c.obj
[pirrha:ro] [46/393] Building C object zephyr/CMakeFiles/zephyr.dir/subsys/pm/policy/policy_state_lock.c.obj
[squirtle:ro] [55/385] Building C object zephyr/CMakeFiles/zephyr.dir/subsys/shell/modules/kernel_service/thread/resume.c.obj
[adlrvp_npcx:rw] [377/394] Building C object zephyr/kernel/CMakeFiles/kernel.dir/queue.c.obj
[adlrvp_npcx:rw] [378/394] Building C object zephyr/kernel/CMakeFiles/kernel.dir/sem.c.obj
[squirtle:rw] [164/385] Linking C static library zephyr/drivers/i2c/libdrivers__i2c.a
[adlrvp_npcx:rw] [379/394] Building C object zephyr/kernel/CMakeFiles/kernel.dir/stack.c.obj
[telith:ro] [79/403] Building C object zephyr/arch/common/CMakeFiles/arch__common.dir/init.c.obj
[adlrvp_npcx:rw] [380/394] Building C object zephyr/kernel/CMakeFiles/kernel.dir/system_work_q.c.obj
[telith:ro] [80/403] Building C object zephyr/arch/common/CMakeFiles/arch__common.dir/dynamic_isr.c.obj
[telith:rw] [70/403] Building C object zephyr/CMakeFiles/zephyr.dir/subsys/shell/shell_utils.c.obj
[squirtle:ro] [56/385] Building C object zephyr/CMakeFiles/zephyr.dir/subsys/shell/modules/kernel_service/thread/kill.c.obj
[squirtle:rw] [165/385] Building C object zephyr/drivers/pinctrl/CMakeFiles/drivers__pinctrl.dir/common.c.obj
[pirrha:ro] [47/393] Building C object zephyr/CMakeFiles/zephyr.dir/subsys/pm/device.c.obj
[squirtle:rw] [166/385] Building C object zephyr/drivers/pinctrl/CMakeFiles/drivers__pinctrl.dir/pinctrl_npcx.c.obj
[squirtle:rw] [167/385] Linking C static library zephyr/drivers/pinctrl/libdrivers__pinctrl.a
[telith:rw] [71/403] Building C object zephyr/CMakeFiles/zephyr.dir/subsys/shell/shell_ops.c.obj
[adlrvp_npcx:rw] [381/394] Building C object zephyr/kernel/CMakeFiles/kernel.dir/work.c.obj
[pirrha:ro] [48/393] Building C object zephyr/CMakeFiles/zephyr.dir/subsys/pm/device_system_managed.c.obj
[telith:ro] [81/403] Building C object zephyr/arch/common/CMakeFiles/isr_tables.dir/isr_tables.c.obj
[squirtle:rw] [168/385] Building C object zephyr/drivers/pwm/CMakeFiles/drivers__pwm.dir/pwm_shell.c.obj
[telith:ro] [82/403] Building C object zephyr/arch/common/CMakeFiles/arch__common.dir/xip.c.obj
[adlrvp_npcx:rw] [382/394] Building C object zephyr/kernel/CMakeFiles/kernel.dir/condvar.c.obj
[telith:ro] [83/403] Linking C static library zephyr/arch/common/libisr_tables.a
[pirrha:ro] [49/393] Building C object zephyr/CMakeFiles/zephyr.dir/subsys/testsuite/coverage/coverage.c.obj
[telith:rw] [72/403] Building C object zephyr/CMakeFiles/zephyr.dir/subsys/shell/shell_help.c.obj
[telith:ro] [84/403] Linking C static library zephyr/arch/common/libarch__common.a
[adlrvp_npcx:rw] [383/394] Building C object zephyr/kernel/CMakeFiles/kernel.dir/thread.c.obj
[adlrvp_npcx:rw] [384/394] Building C object zephyr/kernel/CMakeFiles/kernel.dir/sched.c.obj
[adlrvp_npcx:rw] [385/394] Building C object zephyr/kernel/CMakeFiles/kernel.dir/pipe.c.obj
[squirtle:rw] [169/385] Building C object zephyr/drivers/pwm/CMakeFiles/drivers__pwm.dir/pwm_npcx.c.obj
[squirtle:rw] [170/385] Linking C static library zephyr/drivers/pwm/libdrivers__pwm.a
[squirtle:ro] [57/385] Building C object zephyr/CMakeFiles/zephyr.dir/subsys/shell/backends/shell_uart.c.obj
[squirtle:ro] [58/385] Building C object zephyr/CMakeFiles/zephyr.dir/subsys/shell/shell.c.obj
[squirtle:rw] [171/385] Building C object zephyr/drivers/serial/CMakeFiles/drivers__serial.dir/uart_npcx.c.obj
[squirtle:rw] [172/385] Linking C static library zephyr/drivers/serial/libdrivers__serial.a
[telith:rw] [73/403] Building C object zephyr/CMakeFiles/zephyr.dir/subsys/shell/shell_cmds.c.obj
[adlrvp_npcx:rw] [386/394] Building C object zephyr/kernel/CMakeFiles/kernel.dir/spinlock_validate.c.obj
[pirrha:ro] [50/393] Building C object zephyr/CMakeFiles/zephyr.dir/subsys/tracing/tracing_none.c.obj
[squirtle:rw] [173/385] Building C object zephyr/drivers/syscon/CMakeFiles/drivers__syscon.dir/syscon.c.obj
[telith:ro] [85/403] Building C object zephyr/arch/arch/riscv/core/CMakeFiles/arch__riscv__core.dir/cpu_idle.c.obj
[pirrha:ro] [51/393] Building C object zephyr/CMakeFiles/zephyr.dir/subsys/shell/modules/kernel_service/kernel_shell.c.obj
[telith:rw] [74/403] Building C object zephyr/CMakeFiles/zephyr.dir/subsys/shell/shell_history.c.obj
[squirtle:rw] [174/385] Linking C static library zephyr/drivers/syscon/libdrivers__syscon.a
[adlrvp_npcx:rw] [387/394] Building C object zephyr/kernel/CMakeFiles/kernel.dir/thread_monitor.c.obj
[telith:ro] [86/403] Building C object zephyr/arch/arch/riscv/core/CMakeFiles/arch__riscv__core.dir/fatal.c.obj
[squirtle:rw] [175/385] Building C object zephyr/drivers/timer/CMakeFiles/drivers__timer.dir/sys_clock_init.c.obj
[adlrvp_npcx:rw] [388/394] Building C object zephyr/kernel/CMakeFiles/kernel.dir/timer.c.obj
[adlrvp_npcx:rw] [389/394] Building C object zephyr/kernel/CMakeFiles/kernel.dir/timeout.c.obj
Running (initial) lcov on /mnt/host/source/src/platform/ec/build/zephyr/fatcatrvp-ite.
[adlrvp_npcx:rw] [390/394] Building C object zephyr/kernel/CMakeFiles/kernel.dir/poll.c.obj
[squirtle:ro] [59/385] Building C object zephyr/CMakeFiles/zephyr.dir/subsys/shell/shell_fprintf.c.obj
[telith:ro] [87/403] Building C object zephyr/arch/arch/riscv/core/CMakeFiles/arch__riscv__core.dir/prep_c.c.obj
[squirtle:ro] [60/385] Building C object zephyr/CMakeFiles/zephyr.dir/subsys/shell/shell_utils.c.obj
[squirtle:rw] [176/385] Building C object zephyr/drivers/timer/CMakeFiles/drivers__timer.dir/npcx_itim_timer.c.obj
[telith:rw] [75/403] Building C object zephyr/CMakeFiles/zephyr.dir/subsys/shell/shell_wildcard.c.obj
[pirrha:ro] [52/393] Building C object zephyr/CMakeFiles/zephyr.dir/subsys/shell/modules/kernel_service/cycles.c.obj
[squirtle:rw] [177/385] Linking C static library zephyr/drivers/timer/libdrivers__timer.a
[lapis:ro] Building: /usr/bin/ninja -C /mnt/host/source/src/platform/ec/build/zephyr/lapis/build-ro all.libraries
Running `env -i SHELL=/bin/bash COLORTERM=truecolor DEPOT_TOOLS_UPDATE=0 LESS='-R -M --shift 5' SUDO_GID=0 JDK_HOME=/etc/java-config-2/current-system-vm CONFIG_PROTECT_MASK='/etc/gentoo-release /etc/sandbox.d /etc/fonts/fonts.conf /etc/terminfo /etc/ca-certificates.conf /etc/revdep-rebuild' CHROMEOS_CACHEDIR=/var/cache/chromeos-cache JAVA_HOME=/etc/java-config-2/current-system-vm SSH_AUTH_SOCK=/tmp/ssh-auth-sock SUDO_COMMAND=/bin/bash SUDO_USER=root SUDO_TTY=/dev/pts/2 EDITOR=/usr/bin/vi PWD=/mnt/host/source/src/platform/ec CONFIG_PROTECT=/usr/share/gnupg/qualified.txt LOGNAME=jpmurphy MANPATH=/etc/java-config-2/current-system-vm/man:/usr/local/share/man:/usr/share/man:/usr/share/gcc-data/x86_64-pc-linux-gnu/10.2.0/man:/usr/share/binutils-data/x86_64-pc-linux-gnu/2.45/man:/etc/java-config-2/current-system-vm/man/ SUDO_HOME=/root XAUTHORITY=/run/user/944457/gdm/Xauthority HOME=/home/jpmurphy LANG=C.UTF-8 LS_COLORS='rs=0:di=01;34:ln=01;36:mh=00:pi=40;33:so=01;35:do=01;35:bd=40;33;01:cd=40;33;01:or=01;05;37;41:mi=01;05;37;41:su=37;41:sg=30;43:ca=30;41:tw=30;42:ow=34;42:st=37;44:ex=01;32:*.tar=01;31:*.tgz=01;31:*.arc=01;31:*.arj=01;31:*.taz=01;31:*.lha=01;31:*.lz4=01;31:*.lzh=01;31:*.lzma=01;31:*.tlz=01;31:*.txz=01;31:*.tzo=01;31:*.t7z=01;31:*.zip=01;31:*.z=01;31:*.dz=01;31:*.gz=01;31:*.lrz=01;31:*.lz=01;31:*.lzo=01;31:*.xz=01;31:*.zst=01;31:*.tzst=01;31:*.bz2=01;31:*.bz=01;31:*.tbz=01;31:*.tbz2=01;31:*.tz=01;31:*.deb=01;31:*.rpm=01;31:*.jar=01;31:*.war=01;31:*.ear=01;31:*.sar=01;31:*.rar=01;31:*.alz=01;31:*.ace=01;31:*.zoo=01;31:*.cpio=01;31:*.7z=01;31:*.rz=01;31:*.cab=01;31:*.wim=01;31:*.swm=01;31:*.dwm=01;31:*.esd=01;31:*.jpg=01;35:*.jpeg=01;35:*.mjpg=01;35:*.mjpeg=01;35:*.gif=01;35:*.bmp=01;35:*.pbm=01;35:*.pgm=01;35:*.ppm=01;35:*.tga=01;35:*.xbm=01;35:*.xpm=01;35:*.tif=01;35:*.tiff=01;35:*.png=01;35:*.svg=01;35:*.svgz=01;35:*.mng=01;35:*.pcx=01;35:*.mov=01;35:*.mpg=01;35:*.mpeg=01;35:*.m2v=01;35:*.mkv=01;35:*.webm=01;35:*.webp=01;35:*.ogm=01;35:*.mp4=01;35:*.m4v=01;35:*.mp4v=01;35:*.vob=01;35:*.qt=01;35:*.nuv=01;35:*.wmv=01;35:*.asf=01;35:*.rm=01;35:*.rmvb=01;35:*.flc=01;35:*.avi=01;35:*.fli=01;35:*.flv=01;35:*.gl=01;35:*.dl=01;35:*.xcf=01;35:*.xwd=01;35:*.yuv=01;35:*.cgm=01;35:*.emf=01;35:*.ogv=01;35:*.ogx=01;35:*.cfg=00;32:*.conf=00;32:*.diff=00;32:*.doc=00;32:*.ini=00;32:*.log=00;32:*.patch=00;32:*.pdf=00;32:*.ps=00;32:*.tex=00;32:*.txt=00;32:*.aac=00;36:*.au=00;36:*.flac=00;36:*.m4a=00;36:*.mid=00;36:*.midi=00;36:*.mka=00;36:*.mp3=00;36:*.mpc=00;36:*.ogg=00;36:*.ra=00;36:*.wav=00;36:*.oga=00;36:*.opus=00;36:*.spx=00;36:*.xspf=00;36:' XDG_CURRENT_DESKTOP=GNOME INFOPATH=/usr/share/info:/usr/share/gcc-data/x86_64-pc-linux-gnu/10.2.0/info:/usr/share/binutils-data/x86_64-pc-linux-gnu/2.45/info:/usr/share/automake-1.16.5/info JAVAC=/etc/java-config-2/current-system-vm/bin/javac TERM=xterm-256color LESSOPEN='|lesspipe %s' USER=jpmurphy CROS_WORKON_SRCROOT=/mnt/host/source MANPAGER=manpager DISPLAY=:1 SHLVL=1 LC_MESSAGES=C EXTERNAL_TRUNK_PATH=/mnt/8f9d649a-3721-44cc-93c0-e6bd21a9689f/chromiumos GCC_SPECS='' PATH=/mnt/host/source/chromite/bin:/usr/local/bin:/usr/bin:/bin:/opt/bin:/mnt/host/source/chromite/sdk/bin:/mnt/host/source/chromite/bin PORTAGE_USERNAME=jpmurphy SUDO_UID=0 GCC_VER=10.2.0 MAIL=/var/mail/jpmurphy OLDPWD=/mnt/host/source/src/scripts traceparent=00-e87aca51550a78635907baa6a2476181-6d684811675d2973-01 _=./zephyr/firmware_builder.py COREBOOT_SDK_ROOT_x86=/home/jpmurphy/.cache/coreboot-sdk/i386-elf/dfbb0486385d938cfa9d73080b9d18d598ed4f49 COREBOOT_SDK_ROOT_picolibc_x86=/home/jpmurphy/.cache/coreboot-sdk/picolibc-i386-elf/eb8e8e687b95461de8cbf278f1c2076952d0ad17 COREBOOT_SDK_ROOT_riscv64=/home/jpmurphy/.cache/coreboot-sdk/riscv64-elf/96b949749225b6aaa92ed810ab769e8dfb12f000 COREBOOT_SDK_ROOT_picolibc_arm=/home/jpmurphy/.cache/coreboot-sdk/picolibc-arm-eabi/422a2aa3e1ef891b5bece9a3deb696ff83840d2e COREBOOT_SDK_ROOT_nds32=/home/jpmurphy/.cache/coreboot-sdk/nds32le-elf/d1a518c4a097666d86058e1444f85ca015d15511 COREBOOT_SDK_ROOT_picolibc_riscv64=/home/jpmurphy/.cache/coreboot-sdk/picolibc-riscv64-elf/f571e990ef0278564b31124f8bb109d9a697eb69 COREBOOT_SDK_ROOT_arm=/home/jpmurphy/.cache/coreboot-sdk/arm-eabi/ea40ddd1d190c3b48435c474c0b545719371813a COREBOOT_SDK_ROOT_libstdcxx_riscv64=/home/jpmurphy/.cache/coreboot-sdk/libstdcxx-riscv64-elf/17abf22a3a252e2d5d2062ced5324f7a623689e0 COREBOOT_SDK_ROOT_libstdcxx_arm=/home/jpmurphy/.cache/coreboot-sdk/libstdcxx-arm-eabi/5d7d82e150e44aa1968f1d366e267e6687b328ac COREBOOT_SDK_ROOT_riscv=/home/jpmurphy/.cache/coreboot-sdk/riscv-elf/9a27b9e82341c6e9126624f516ab3f261abb3e73 COREBOOT_SDK_ROOT_libstdcxx_x86=/home/jpmurphy/.cache/coreboot-sdk/libstdcxx-i386-elf/42ef9d2e87a76a37963175d7d428734e65648b87 PYTHONPATH=/mnt/host/source/src/platform/ec/zephyr/zmake PW_PIGWEED_CIPD_INSTALL_DIR=/usr CROSTC_USER_ACKNOWLEDGES_THAT_RISCV_IS_EXPERIMENTAL=1 MAKEFLAGS=' -j16 --jobserver-auth=5,6' /usr/bin/ninja -C /mnt/host/source/src/platform/ec/build/zephyr/lapis/build-ro all.libraries`
[adlrvp_npcx:rw] [391/394] Building C object zephyr/kernel/CMakeFiles/kernel.dir/events.c.obj
[lapis:ro] ninja: Entering directory `/mnt/host/source/src/platform/ec/build/zephyr/lapis/build-ro'
[pirrha:ro] [53/393] Building C object zephyr/CMakeFiles/zephyr.dir/subsys/shell/modules/kernel_service/sleep.c.obj
Running `env -i PYTHONPATH=/usr/lib64/python-exec/python3.11:/mnt/host/source/src/platform/ec/zephyr/zmake:/usr/lib/python311.zip:/usr/lib/python3.11:/usr/lib/python3.11/lib-dynload:/usr/lib/python3.11/site-packages PW_PIGWEED_CIPD_INSTALL_DIR=/usr CROSTC_USER_ACKNOWLEDGES_THAT_RISCV_IS_EXPERIMENTAL=1 PATH=/mnt/host/source/chromite/bin:/usr/local/bin:/usr/bin:/bin:/opt/bin:/mnt/host/source/chromite/sdk/bin:/mnt/host/source/chromite/bin HOME=/home/jpmurphy JAVA_HOME=/etc/java-config-2/current-system-vm JDK_HOME=/etc/java-config-2/current-system-vm JAVAC=/etc/java-config-2/current-system-vm/bin/javac MAKEFLAGS=' -j16 --jobserver-auth=5,6' /usr/bin/lcov --gcov-tool /mnt/host/source/src/platform/ec/build/zephyr/fatcatrvp-ite/build-rw/gcov.sh -q -o - -c -d /mnt/host/source/src/platform/ec/build/zephyr/fatcatrvp-ite -t fatcatrvp-ite --rc branch_coverage=1 --filter range --ignore-errors inconsistent,source --ignore-errors gcov,gcov -i`
[telith:ro] [88/403] Building C object zephyr/arch/arch/riscv/core/CMakeFiles/arch__riscv__core.dir/irq_manage.c.obj
[telith:rw] [76/403] Building C object zephyr/CMakeFiles/zephyr.dir/drivers/flash/flash_util.c.obj
[adlrvp_npcx:rw] [392/394] Building C object zephyr/kernel/CMakeFiles/kernel.dir/mempool.c.obj
[squirtle:rw] [178/385] Building C object zephyr/drivers/watchdog/CMakeFiles/drivers__watchdog.dir/wdt_shell.c.obj
[telith:rw] [77/403] Linking C static library zephyr/libzephyr.a
[squirtle:rw] [179/385] Building C object zephyr/drivers/watchdog/CMakeFiles/drivers__watchdog.dir/wdt_npcx.c.obj
[adlrvp_npcx:rw] [393/394] Building C object zephyr/kernel/CMakeFiles/kernel.dir/dynamic_disabled.c.obj
[squirtle:rw] [180/385] Linking C static library zephyr/drivers/watchdog/libdrivers__watchdog.a
[telith:ro] [89/403] Building C object zephyr/arch/arch/riscv/core/CMakeFiles/arch__riscv__core.dir/reboot.c.obj
[telith:rw] [78/403] Building C object zephyr/arch/common/CMakeFiles/arch__common.dir/sw_isr_common.c.obj
[adlrvp_npcx:rw] [394/394] Linking C static library zephyr/kernel/libkernel.a
[squirtle:ro] [61/385] Building C object zephyr/CMakeFiles/zephyr.dir/subsys/shell/shell_ops.c.obj
[pirrha:ro] [54/393] Building C object zephyr/CMakeFiles/zephyr.dir/subsys/shell/modules/kernel_service/uptime.c.obj
[squirtle:ro] [62/385] Building C object zephyr/CMakeFiles/zephyr.dir/subsys/shell/shell_help.c.obj
[pirrha:ro] [55/393] Building C object zephyr/CMakeFiles/zephyr.dir/subsys/shell/modules/kernel_service/version.c.obj
[lapis:ro] [1/392] Generating include/generated/zephyr/version.h
[lapis:ro] -- git describe warned: warning: tag 'upstream/v2.7.99' is externally known as 'v2.7.99'
[lapis:ro] -- Zephyr version: 4.3.99 (/mnt/host/source/src/third_party/zephyr/main)
[lapis:ro] [2/392] Preparing syscall dependency handling
[lapis:ro] [3/392] Generating misc/generated/syscalls_subdirs.trigger
[telith:ro] [90/403] Building ASM object zephyr/arch/arch/riscv/core/CMakeFiles/arch__riscv__core.dir/reset.S.obj
[/mnt/host/source/src/platform/ec/build/zephyr/fatcatrvp-ite-lcov] geninfo: WARNING: (format) invalid characters removed from testname
[telith:rw] [79/403] Building C object zephyr/arch/common/CMakeFiles/arch__common.dir/dynamic_isr.c.obj
[squirtle:rw] [181/385] Building C object modules/ec/zephyr/CMakeFiles/ec_shim.dir/app/ec/ec_app_main.c.obj
[telith:ro] [91/403] Building ASM object zephyr/arch/arch/riscv/core/CMakeFiles/arch__riscv__core.dir/switch.S.obj
[telith:ro] [92/403] Building C object zephyr/arch/arch/riscv/core/CMakeFiles/arch__riscv__core.dir/thread.c.obj
[telith:rw] [80/403] Building C object zephyr/arch/common/CMakeFiles/arch__common.dir/init.c.obj
[squirtle:ro] [63/385] Building C object zephyr/CMakeFiles/zephyr.dir/subsys/shell/shell_history.c.obj
[telith:ro] [93/403] Generating ../../../include/generated/libc/minimal/strerror_table.h
[/mnt/host/source/src/platform/ec/build/zephyr/fatcatrvp-ite-lcov] 	(use "geninfo --ignore-errors format,format ..." to suppress this warning)
[/mnt/host/source/src/platform/ec/build/zephyr/fatcatrvp-ite-lcov] geninfo: WARNING: using JSON module "JSON::PP" - which is much slower than some alternatives.  Consider installing one of JSON::XS or Cpanel::JSON::XS
[telith:ro] [94/403] Building ASM object zephyr/arch/arch/riscv/core/CMakeFiles/arch__riscv__core.dir/isr.S.obj
[pirrha:ro] [56/393] Building C object zephyr/CMakeFiles/zephyr.dir/subsys/shell/modules/kernel_service/thread/thread.c.obj
[squirtle:rw] [182/385] Building C object modules/ec/zephyr/CMakeFiles/ec_shim.dir/app/ec/main_shim.c.obj
[telith:ro] [95/403] Building C object zephyr/lib/libc/minimal/CMakeFiles/lib__libc__minimal.dir/source/stdlib/atoi.c.obj
[squirtle:ro] [64/385] Building C object zephyr/CMakeFiles/zephyr.dir/drivers/flash/flash_util.c.obj
[telith:ro] [96/403] Building C object zephyr/lib/libc/minimal/CMakeFiles/lib__libc__minimal.dir/source/stdlib/strtol.c.obj
[squirtle:ro] [65/385] Building C object zephyr/arch/common/CMakeFiles/arch__common.dir/sw_isr_common.c.obj
[pirrha:ro] [57/393] Building C object zephyr/CMakeFiles/zephyr.dir/subsys/shell/modules/kernel_service/thread/list.c.obj
[squirtle:ro] [66/385] Linking C static library zephyr/libzephyr.a
[squirtle:rw] [183/385] Building C object modules/ec/zephyr/CMakeFiles/ec_shim.dir/drivers/cros_flash/cros_flash_npcx.c.obj
[telith:ro] [97/403] Building C object zephyr/lib/libc/minimal/CMakeFiles/lib__libc__minimal.dir/source/stdlib/strtoul.c.obj
[squirtle:ro] [67/385] Building C object zephyr/arch/common/CMakeFiles/arch__common.dir/init.c.obj
[telith:rw] [81/403] Building C object zephyr/arch/common/CMakeFiles/arch__common.dir/xip.c.obj
[telith:ro] [98/403] Building C object zephyr/lib/libc/minimal/CMakeFiles/lib__libc__minimal.dir/source/stdlib/strtoll.c.obj
[telith:ro] [99/403] Building C object zephyr/arch/arch/riscv/core/CMakeFiles/arch__riscv__core.dir/stacktrace.c.obj
[telith:rw] [82/403] Building C object zephyr/arch/common/CMakeFiles/isr_tables.dir/isr_tables.c.obj
[lapis:ro] [4/392] Generating misc/generated/syscalls.json, misc/generated/struct_tags.json
[telith:ro] [100/403] Linking C static library zephyr/arch/arch/riscv/core/libarch__riscv__core.a
[telith:ro] [101/403] Building C object zephyr/lib/libc/minimal/CMakeFiles/lib__libc__minimal.dir/source/stdlib/strtoull.c.obj
[telith:ro] [102/403] Building C object zephyr/lib/libc/common/CMakeFiles/lib__libc__common.dir/source/stdlib/abort.c.obj
[telith:rw] [83/403] Linking C static library zephyr/arch/common/libisr_tables.a
[telith:ro] [103/403] Building C object zephyr/lib/libc/minimal/CMakeFiles/lib__libc__minimal.dir/source/stdlib/bsearch.c.obj
[telith:rw] [84/403] Linking C static library zephyr/arch/common/libarch__common.a
[lapis:ro] [5/392] Generating include/generated/zephyr/syscall_dispatch.c, include/generated/zephyr/syscall_exports_llext.c, syscall_weakdefs_llext.c, include/generated/zephyr/syscall_list.h
[pirrha:ro] [58/393] Building C object zephyr/CMakeFiles/zephyr.dir/subsys/shell/modules/kernel_service/thread/stacks.c.obj
[telith:ro] [104/403] Building C object zephyr/lib/libc/minimal/CMakeFiles/lib__libc__minimal.dir/source/string/strncasecmp.c.obj
[squirtle:rw] [184/385] Building C object modules/ec/zephyr/CMakeFiles/ec_shim.dir/drivers/cros_kb_raw/cros_kb_raw_npcx.c.obj
[telith:ro] [105/403] Building C object zephyr/lib/libc/minimal/CMakeFiles/lib__libc__minimal.dir/source/stdlib/qsort.c.obj
[lapis:ro] [6/392] Generating include/generated/zephyr/driver-validation.h
[telith:ro] [106/403] Building C object zephyr/lib/libc/minimal/CMakeFiles/lib__libc__minimal.dir/source/string/strstr.c.obj
[squirtle:ro] [68/385] Building C object zephyr/arch/common/CMakeFiles/isr_tables.dir/isr_tables.c.obj
[telith:ro] [107/403] Building C object zephyr/lib/libc/minimal/CMakeFiles/lib__libc__minimal.dir/source/string/strerror.c.obj
[pirrha:ro] [59/393] Building C object zephyr/CMakeFiles/zephyr.dir/subsys/shell/modules/kernel_service/thread/unwind.c.obj
[lapis:ro] [7/392] Generating include/generated/zephyr/kobj-types-enum.h, include/generated/zephyr/otype-to-str.h, include/generated/zephyr/otype-to-size.h
[squirtle:rw] [185/385] Building C object modules/ec/zephyr/CMakeFiles/ec_shim.dir/drivers/cros_shi/cros_shi_npcx.c.obj
[telith:ro] [108/403] Building C object zephyr/lib/libc/minimal/CMakeFiles/lib__libc__minimal.dir/source/string/strspn.c.obj
[squirtle:ro] [69/385] Linking C static library zephyr/arch/common/libisr_tables.a
[squirtle:ro] [70/385] Building C object zephyr/arch/common/CMakeFiles/arch__common.dir/xip.c.obj
[telith:ro] [109/403] Building C object zephyr/lib/libc/minimal/CMakeFiles/lib__libc__minimal.dir/source/string/string.c.obj
[/mnt/host/source/src/platform/ec/build/zephyr/fatcatrvp-ite-lcov] stderr:
[lapis:ro] [8/392] Generating include/generated/device-api-sections.ld, include/generated/device-api-sections.cmake
[telith:rw] [85/403] Building C object zephyr/arch/arch/riscv/core/CMakeFiles/arch__riscv__core.dir/cpu_idle.c.obj
[squirtle:ro] [71/385] Building C object zephyr/arch/arch/arm/core/CMakeFiles/arch__arm__core.dir/fatal.c.obj
[telith:ro] [110/403] Building C object zephyr/lib/libc/minimal/CMakeFiles/lib__libc__minimal.dir/source/stdlib/exit.c.obj
[squirtle:ro] [72/385] Linking C static library zephyr/arch/common/libarch__common.a
[squirtle:ro] [73/385] Building ASM object zephyr/arch/arch/arm/core/CMakeFiles/arch__arm__core.dir/nmi_on_reset.S.obj
[squirtle:rw] [186/385] Building C object modules/ec/zephyr/CMakeFiles/ec_shim.dir/drivers/cros_system/cros_system_npcx.c.obj
[/mnt/host/source/src/platform/ec/build/zephyr/fatcatrvp-ite-lcov]   /mnt/host/source/src/platform/ec/build/zephyr/fatcatrvp-ite/build-ro/modules/ec/zephyr/CMakeFiles/ec_shim.dir/shim/src/thermal.c.gcno:no functions found
[/mnt/host/source/src/platform/ec/build/zephyr/fatcatrvp-ite-lcov] stderr:
[pirrha:ro] [60/393] Building C object zephyr/CMakeFiles/zephyr.dir/subsys/shell/modules/kernel_service/thread/suspend.c.obj
[telith:rw] [86/403] Building C object zephyr/arch/arch/riscv/core/CMakeFiles/arch__riscv__core.dir/fatal.c.obj
[telith:ro] [111/403] Building C object zephyr/lib/libc/minimal/CMakeFiles/lib__libc__minimal.dir/source/math/sqrtf.c.obj
[squirtle:rw] [187/385] Building C object modules/ec/zephyr/CMakeFiles/ec_shim.dir/shim/chip/npcx/clock.c.obj
[telith:ro] [112/403] Building C object zephyr/lib/libc/minimal/CMakeFiles/lib__libc__minimal.dir/source/stdout/stdout_console.c.obj
[telith:ro] [113/403] Building C object zephyr/lib/libc/minimal/CMakeFiles/lib__libc__minimal.dir/source/stdout/fprintf.c.obj
[/mnt/host/source/src/platform/ec/build/zephyr/fatcatrvp-ite-lcov]   /mnt/host/source/src/platform/ec/build/zephyr/fatcatrvp-ite/build-ro/modules/ec/zephyr/CMakeFiles/ec_shim.dir/shim/src/battery.c.gcno:no functions found
[/mnt/host/source/src/platform/ec/build/zephyr/fatcatrvp-ite-lcov] stderr:
[pirrha:ro] [61/393] Building C object zephyr/CMakeFiles/zephyr.dir/subsys/shell/modules/kernel_service/thread/resume.c.obj
[telith:rw] [87/403] Building C object zephyr/arch/arch/riscv/core/CMakeFiles/arch__riscv__core.dir/prep_c.c.obj
[lapis:ro] [9/392] Building C object zephyr/CMakeFiles/offsets.dir/arch/arm/core/offsets/offsets.c.obj
[squirtle:ro] [74/385] Building C object zephyr/arch/arch/arm/core/CMakeFiles/arch__arm__core.dir/nmi.c.obj
[telith:ro] [114/403] Building C object zephyr/lib/libc/minimal/CMakeFiles/lib__libc__minimal.dir/source/math/sqrt.c.obj
[telith:ro] [115/403] Building C object zephyr/lib/libc/minimal/CMakeFiles/lib__libc__minimal.dir/source/stdout/sprintf.c.obj
[squirtle:ro] [75/385] Linking C static library zephyr/arch/arch/arm/core/libarch__arm__core.a
[telith:ro] [116/403] Building C object zephyr/lib/libc/common/CMakeFiles/lib__libc__common.dir/source/time/asctime.c.obj
[telith:rw] [88/403] Building C object zephyr/arch/arch/riscv/core/CMakeFiles/arch__riscv__core.dir/irq_manage.c.obj
[telith:ro] [117/403] Building C object zephyr/lib/libc/common/CMakeFiles/lib__libc__common.dir/source/time/gmtime_r.c.obj
[lapis:ro] [10/392] Generating include/generated/zephyr/offsets.h
[pirrha:ro] [62/393] Building C object zephyr/CMakeFiles/zephyr.dir/subsys/shell/modules/kernel_service/thread/kill.c.obj
[squirtle:ro] [76/385] Building C object zephyr/arch/arch/arm/core/cortex_m/CMakeFiles/arch__arm__core__cortex_m.dir/exc_exit.c.obj
[squirtle:rw] [188/385] Building C object modules/ec/zephyr/CMakeFiles/ec_shim.dir/shim/chip/npcx/rom_chip.c.obj
[squirtle:ro] [77/385] Building ASM object zephyr/arch/arch/arm/core/cortex_m/CMakeFiles/arch__arm__core__cortex_m.dir/fault_s.S.obj
[squirtle:ro] [78/385] Building C object zephyr/arch/arch/arm/core/cortex_m/CMakeFiles/arch__arm__core__cortex_m.dir/fault.c.obj
[telith:ro] [118/403] Building C object zephyr/lib/libc/common/CMakeFiles/lib__libc__common.dir/source/time/localtime_r_utc.c.obj
[telith:ro] [119/403] Building C object zephyr/lib/libc/common/CMakeFiles/lib__libc__common.dir/source/time/ctime.c.obj
[telith:ro] [120/403] Building C object zephyr/lib/libc/common/CMakeFiles/lib__libc__common.dir/source/time/time.c.obj
[telith:ro] [121/403] Building C object zephyr/lib/libc/minimal/CMakeFiles/lib__libc__minimal.dir/source/time/gmtime.c.obj
[telith:ro] [122/403] Building C object zephyr/lib/libc/common/CMakeFiles/lib__libc__common.dir/source/string/strnlen.c.obj
[squirtle:rw] [189/385] Building C object modules/ec/zephyr/CMakeFiles/ec_shim.dir/shim/chip/npcx/gpio.c.obj
[telith:ro] [123/403] Linking C static library zephyr/lib/libc/minimal/liblib__libc__minimal.a
[telith:rw] [89/403] Building C object zephyr/arch/arch/riscv/core/CMakeFiles/arch__riscv__core.dir/reboot.c.obj
[pirrha:ro] [63/393] Building C object zephyr/CMakeFiles/zephyr.dir/subsys/shell/modules/device_service.c.obj
[telith:ro] [124/403] Building C object zephyr/lib/posix/c_lib_ext/CMakeFiles/lib__posix__c_lib_ext.dir/fnmatch.c.obj
[squirtle:rw] [190/385] Building C object modules/ec/zephyr/CMakeFiles/ec_shim.dir/shim/chip/npcx/keyboard_raw.c.obj
[lapis:ro] [11/392] Building C object zephyr/CMakeFiles/zephyr.dir/lib/libc/validate_libc.c.obj
[telith:ro] [125/403] Building C object zephyr/subsys/crc/CMakeFiles/subsys__crc.dir/crc4_sw.c.obj
[telith:rw] [90/403] Building ASM object zephyr/arch/arch/riscv/core/CMakeFiles/arch__riscv__core.dir/reset.S.obj
[telith:ro] [126/403] Building C object zephyr/subsys/crc/CMakeFiles/subsys__crc.dir/crc8_sw.c.obj
[squirtle:ro] [79/385] Building ASM object zephyr/arch/arch/arm/core/cortex_m/CMakeFiles/arch__arm__core__cortex_m.dir/reset.S.obj
[telith:ro] [127/403] Building C object zephyr/lib/libc/common/CMakeFiles/lib__libc__common.dir/source/stdlib/malloc.c.obj
[squirtle:ro] [80/385] Building C object zephyr/arch/arch/arm/core/cortex_m/CMakeFiles/arch__arm__core__cortex_m.dir/fpu.c.obj
[pirrha:ro] [64/393] Building C object zephyr/CMakeFiles/zephyr.dir/subsys/shell/modules/date_service.c.obj
[telith:ro] [128/403] Linking C static library zephyr/lib/libc/common/liblib__libc__common.a
[telith:ro] [129/403] Building C object zephyr/subsys/crc/CMakeFiles/subsys__crc.dir/crc16_sw.c.obj
[telith:ro] [130/403] Building C object zephyr/lib/posix/c_lib_ext/CMakeFiles/lib__posix__c_lib_ext.dir/getentropy.c.obj
[squirtle:ro] [81/385] Building C object zephyr/arch/arch/arm/core/cortex_m/CMakeFiles/arch__arm__core__cortex_m.dir/scb.c.obj
[telith:ro] [131/403] Building C object zephyr/lib/posix/c_lib_ext/CMakeFiles/lib__posix__c_lib_ext.dir/getopt_shim.c.obj
[telith:ro] [132/403] Building C object zephyr/subsys/crc/CMakeFiles/subsys__crc.dir/crc7_sw.c.obj
[telith:ro] [133/403] Building C object zephyr/subsys/crc/CMakeFiles/subsys__crc.dir/crc24_sw.c.obj
[telith:ro] [134/403] Building C object zephyr/subsys/crc/CMakeFiles/subsys__crc.dir/crc32c_sw.c.obj
[squirtle:rw] [191/385] Building C object modules/ec/zephyr/CMakeFiles/ec_shim.dir/shim/chip/npcx/shi.c.obj
[pirrha:ro] [65/393] Building C object zephyr/CMakeFiles/zephyr.dir/subsys/shell/modules/devmem_service.c.obj
[squirtle:ro] [82/385] Building ASM object zephyr/arch/arch/arm/core/cortex_m/CMakeFiles/arch__arm__core__cortex_m.dir/vector_table.S.obj
[telith:ro] [135/403] Linking C static library zephyr/lib/posix/c_lib_ext/liblib__posix__c_lib_ext.a
[telith:ro] [136/403] Building C object zephyr/subsys/crc/CMakeFiles/subsys__crc.dir/crc32k_4_2_sw.c.obj
[lapis:ro] [12/392] Building C object zephyr/CMakeFiles/zephyr.dir/lib/heap/heap.c.obj
[squirtle:rw] [192/385] Building C object modules/ec/zephyr/CMakeFiles/ec_shim.dir/shim/chip/npcx/system.c.obj
[telith:ro] [137/403] Building C object zephyr/subsys/crc/CMakeFiles/subsys__crc.dir/crc32_sw.c.obj
[telith:rw] [91/403] Building ASM object zephyr/arch/arch/riscv/core/CMakeFiles/arch__riscv__core.dir/switch.S.obj
[telith:rw] [92/403] Building C object zephyr/arch/arch/riscv/core/CMakeFiles/arch__riscv__core.dir/thread.c.obj
[telith:ro] [138/403] Linking C static library zephyr/subsys/crc/libsubsys__crc.a
[squirtle:rw] [193/385] Building C object modules/ec/zephyr/CMakeFiles/ec_shim.dir/shim/chip/npcx/system_external_storage.c.obj
[telith:ro] [139/403] Building C object zephyr/subsys/input/CMakeFiles/subsys__input.dir/input_hid.c.obj
[pirrha:ro] [66/393] Building C object zephyr/CMakeFiles/zephyr.dir/subsys/shell/backends/shell_uart.c.obj
[squirtle:ro] [83/385] Building C object zephyr/arch/arch/arm/core/cortex_m/CMakeFiles/arch__arm__core__cortex_m.dir/thread_abort.c.obj
[/mnt/host/source/src/platform/ec/build/zephyr/fatcatrvp-ite-lcov]   /mnt/host/source/src/platform/ec/build/zephyr/fatcatrvp-ite/build-ro/modules/ec/zephyr/CMakeFiles/ec_shim.dir/shim/src/charger.c.gcno:no functions found
[/mnt/host/source/src/platform/ec/build/zephyr/fatcatrvp-ite-lcov] stderr:
[squirtle:ro] [84/385] Building ASM object zephyr/arch/arch/arm/core/cortex_m/CMakeFiles/arch__arm__core__cortex_m.dir/swap_helper.S.obj
[lapis:ro] [13/392] Building C object zephyr/CMakeFiles/zephyr.dir/lib/os/cbprintf_packaged.c.obj
[telith:ro] [140/403] Building C object zephyr/subsys/input/CMakeFiles/subsys__input.dir/input.c.obj
[telith:ro] [141/403] Building C object zephyr/subsys/input/CMakeFiles/subsys__input.dir/input_utils.c.obj
[squirtle:ro] [85/385] Building C object zephyr/arch/arch/arm/core/cortex_m/CMakeFiles/arch__arm__core__cortex_m.dir/irq_manage.c.obj
[telith:rw] [93/403] Building C object zephyr/arch/arch/riscv/core/CMakeFiles/arch__riscv__core.dir/stacktrace.c.obj
[telith:ro] [142/403] Building C object zephyr/drivers/interrupt_controller/CMakeFiles/drivers__interrupt_controller.dir/intc_ite_it8xxx2.c.obj
[telith:rw] [94/403] Generating ../../../include/generated/libc/minimal/strerror_table.h
[telith:ro] [143/403] Linking C static library zephyr/subsys/input/libsubsys__input.a
[pirrha:ro] [67/393] Building C object zephyr/CMakeFiles/zephyr.dir/subsys/shell/shell.c.obj
[squirtle:rw] [194/385] Building C object modules/ec/zephyr/CMakeFiles/ec_shim.dir/shim/chip/npcx/power_policy.c.obj
[squirtle:rw] [195/385] Building C object modules/ec/zephyr/CMakeFiles/ec_shim.dir/shim/core/cortex-m/mpu.c.obj
[telith:rw] [95/403] Building ASM object zephyr/arch/arch/riscv/core/CMakeFiles/arch__riscv__core.dir/isr.S.obj
[telith:rw] [96/403] Linking C static library zephyr/arch/arch/riscv/core/libarch__riscv__core.a
[squirtle:rw] [196/385] Building C object modules/ec/zephyr/CMakeFiles/ec_shim.dir/shim/core/cortex-m/panic.c.obj
[telith:rw] [97/403] Building C object zephyr/lib/libc/minimal/CMakeFiles/lib__libc__minimal.dir/source/stdlib/atoi.c.obj
[squirtle:ro] [86/385] Building C object zephyr/arch/arch/arm/core/cortex_m/CMakeFiles/arch__arm__core__cortex_m.dir/prep_c.c.obj
[squirtle:rw] [197/385] Building C object modules/ec/zephyr/CMakeFiles/ec_shim.dir/shim/src/crc.c.obj
[telith:ro] [144/403] Building C object zephyr/drivers/interrupt_controller/CMakeFiles/drivers__interrupt_controller.dir/wuc_ite_it8xxx2.c.obj
[pirrha:ro] [68/393] Building C object zephyr/CMakeFiles/zephyr.dir/subsys/shell/shell_fprintf.c.obj
[telith:rw] [98/403] Building C object zephyr/lib/libc/minimal/CMakeFiles/lib__libc__minimal.dir/source/stdlib/strtol.c.obj
[telith:ro] [145/403] Linking C static library zephyr/drivers/interrupt_controller/libdrivers__interrupt_controller.a
[telith:rw] [99/403] Building C object zephyr/lib/libc/minimal/CMakeFiles/lib__libc__minimal.dir/source/stdlib/strtoul.c.obj
[telith:rw] [100/403] Building C object zephyr/lib/libc/minimal/CMakeFiles/lib__libc__minimal.dir/source/stdlib/strtoll.c.obj
[squirtle:ro] [87/385] Building C object zephyr/arch/arch/arm/core/cortex_m/CMakeFiles/arch__arm__core__cortex_m.dir/thread.c.obj
[telith:ro] [146/403] Building C object zephyr/drivers/adc/CMakeFiles/drivers__adc.dir/adc_common.c.obj
[telith:rw] [101/403] Building C object zephyr/lib/libc/minimal/CMakeFiles/lib__libc__minimal.dir/source/stdlib/strtoull.c.obj
[lapis:ro] [14/392] Building C object zephyr/CMakeFiles/zephyr.dir/lib/os/clock.c.obj
[telith:rw] [102/403] Building C object zephyr/lib/libc/minimal/CMakeFiles/lib__libc__minimal.dir/source/stdlib/bsearch.c.obj
[telith:ro] [147/403] Building C object zephyr/drivers/bbram/CMakeFiles/drivers__bbram.dir/bbram_it8xxx2.c.obj
[squirtle:ro] [88/385] Building C object zephyr/arch/arch/arm/core/cortex_m/CMakeFiles/arch__arm__core__cortex_m.dir/cpu_idle.c.obj
[telith:ro] [148/403] Linking C static library zephyr/drivers/bbram/libdrivers__bbram.a
[pirrha:ro] [69/393] Building C object zephyr/CMakeFiles/zephyr.dir/subsys/shell/shell_utils.c.obj
[telith:ro] [149/403] Building C object zephyr/drivers/adc/CMakeFiles/drivers__adc.dir/adc_ite_it8xxx2.c.obj
[telith:rw] [103/403] Building C object zephyr/lib/libc/minimal/CMakeFiles/lib__libc__minimal.dir/source/stdlib/qsort.c.obj
[squirtle:ro] [89/385] Building C object zephyr/arch/arch/arm/core/cortex_m/CMakeFiles/arch__arm__core__cortex_m.dir/irq_init.c.obj
[pirrha:ro] [70/393] Building C object zephyr/CMakeFiles/zephyr.dir/subsys/shell/shell_ops.c.obj
[telith:ro] [150/403] Linking C static library zephyr/drivers/adc/libdrivers__adc.a
[telith:ro] [151/403] Building C object zephyr/drivers/console/CMakeFiles/drivers__console.dir/uart_console.c.obj
[squirtle:rw] [198/385] Building C object modules/ec/zephyr/CMakeFiles/ec_shim.dir/shim/src/console.c.obj
[telith:ro] [152/403] Linking C static library zephyr/drivers/console/libdrivers__console.a
[squirtle:rw] [199/385] Building C object modules/ec/zephyr/CMakeFiles/ec_shim.dir/shim/src/gpio_int.c.obj
[squirtle:ro] [90/385] Building C object zephyr/arch/arch/arm/core/cortex_m/CMakeFiles/arch__arm__core__cortex_m.dir/isr_wrapper.c.obj
[squirtle:rw] [200/385] Building C object modules/ec/zephyr/CMakeFiles/ec_shim.dir/shim/src/gpio.c.obj
[telith:rw] [104/403] Building C object zephyr/lib/libc/minimal/CMakeFiles/lib__libc__minimal.dir/source/stdlib/exit.c.obj
[telith:rw] [105/403] Building C object zephyr/lib/libc/minimal/CMakeFiles/lib__libc__minimal.dir/source/string/strerror.c.obj
[lapis:ro] [15/392] Building C object zephyr/CMakeFiles/zephyr.dir/lib/os/printk.c.obj
[squirtle:ro] [91/385] Linking C static library zephyr/arch/arch/arm/core/cortex_m/libarch__arm__core__cortex_m.a
[telith:ro] [153/403] Building C object zephyr/drivers/eeprom/CMakeFiles/drivers__eeprom.dir/eeprom_shell.c.obj
[telith:rw] [106/403] Building C object zephyr/lib/libc/minimal/CMakeFiles/lib__libc__minimal.dir/source/string/strncasecmp.c.obj
[squirtle:ro] [92/385] Building C object zephyr/arch/arch/arm/core/mpu/CMakeFiles/arch__arm__core__mpu.dir/arm_core_mpu.c.obj
[telith:rw] [107/403] Building C object zephyr/lib/libc/minimal/CMakeFiles/lib__libc__minimal.dir/source/string/strstr.c.obj
[pirrha:ro] [71/393] Building C object zephyr/CMakeFiles/zephyr.dir/subsys/shell/shell_help.c.obj
[telith:ro] [154/403] Building C object zephyr/drivers/eeprom/CMakeFiles/drivers__eeprom.dir/eeprom_at2x.c.obj
[squirtle:ro] [93/385] Generating ../../../include/generated/libc/minimal/strerror_table.h
[telith:rw] [108/403] Building C object zephyr/lib/libc/minimal/CMakeFiles/lib__libc__minimal.dir/source/string/string.c.obj
[telith:rw] [109/403] Building C object zephyr/lib/libc/minimal/CMakeFiles/lib__libc__minimal.dir/source/string/strspn.c.obj
[telith:ro] [155/403] Linking C static library zephyr/drivers/eeprom/libdrivers__eeprom.a
[pirrha:ro] [72/393] Building C object zephyr/CMakeFiles/zephyr.dir/subsys/shell/shell_cmds.c.obj
[squirtle:ro] [94/385] Building C object zephyr/lib/libc/minimal/CMakeFiles/lib__libc__minimal.dir/source/stdlib/atoi.c.obj
[squirtle:ro] [95/385] Building C object zephyr/arch/arch/arm/core/mpu/CMakeFiles/arch__arm__core__mpu.dir/arm_mpu.c.obj
[lapis:ro] [16/392] Building C object zephyr/CMakeFiles/zephyr.dir/lib/os/sem.c.obj
[telith:ro] [156/403] Building C object zephyr/drivers/flash/CMakeFiles/drivers__flash.dir/flash_ite_it8xxx2.c.obj
[squirtle:ro] [96/385] Building C object zephyr/lib/libc/minimal/CMakeFiles/lib__libc__minimal.dir/source/stdlib/strtol.c.obj
[squirtle:rw] [201/385] Building C object modules/ec/zephyr/CMakeFiles/ec_shim.dir/shim/src/panic_utils.c.obj
[telith:ro] [157/403] Building C object zephyr/drivers/espi/CMakeFiles/drivers__espi.dir/espi_it8xxx2.c.obj
[telith:ro] [158/403] Linking C static library zephyr/drivers/flash/libdrivers__flash.a
[squirtle:ro] [97/385] Building C object zephyr/lib/libc/minimal/CMakeFiles/lib__libc__minimal.dir/source/stdlib/strtoul.c.obj
[squirtle:ro] [98/385] Building C object zephyr/arch/arch/arm/core/mpu/CMakeFiles/arch__arm__core__mpu.dir/arm_mpu_regions.c.obj
[telith:ro] [159/403] Linking C static library zephyr/drivers/espi/libdrivers__espi.a
[squirtle:rw] [202/385] Building C object modules/ec/zephyr/CMakeFiles/ec_shim.dir/shim/src/cbi/cros_cbi.c.obj
[squirtle:ro] [99/385] Building C object zephyr/lib/libc/minimal/CMakeFiles/lib__libc__minimal.dir/source/stdlib/strtoll.c.obj
[squirtle:ro] [100/385] Linking C static library zephyr/arch/arch/arm/core/mpu/libarch__arm__core__mpu.a
[squirtle:ro] [101/385] Building C object zephyr/lib/libc/minimal/CMakeFiles/lib__libc__minimal.dir/source/stdlib/strtoull.c.obj
[telith:ro] [160/403] Building C object zephyr/drivers/gpio/CMakeFiles/drivers__gpio.dir/gpio_ite_it8xxx2.c.obj
[squirtle:rw] [203/385] Building C object modules/ec/zephyr/CMakeFiles/ec_shim.dir/shim/src/pm_state.c.obj
[telith:rw] [110/403] Building C object zephyr/lib/libc/minimal/CMakeFiles/lib__libc__minimal.dir/source/stdout/sprintf.c.obj
[squirtle:ro] [102/385] Building C object zephyr/lib/libc/minimal/CMakeFiles/lib__libc__minimal.dir/source/stdlib/bsearch.c.obj
[telith:rw] [111/403] Building C object zephyr/lib/libc/minimal/CMakeFiles/lib__libc__minimal.dir/source/stdout/stdout_console.c.obj
[telith:ro] [161/403] Building C object zephyr/drivers/gpio/CMakeFiles/drivers__gpio.dir/gpio_kscan_ite_it8xxx2.c.obj
[pirrha:ro] [73/393] Building C object zephyr/CMakeFiles/zephyr.dir/subsys/shell/shell_history.c.obj
[lapis:ro] [17/392] Building C object zephyr/CMakeFiles/zephyr.dir/lib/os/thread_entry.c.obj
[pirrha:ro] [74/393] Building C object zephyr/CMakeFiles/zephyr.dir/subsys/shell/shell_wildcard.c.obj
[telith:ro] [162/403] Linking C static library zephyr/drivers/gpio/libdrivers__gpio.a
[squirtle:ro] [103/385] Building C object zephyr/lib/libc/minimal/CMakeFiles/lib__libc__minimal.dir/source/stdlib/qsort.c.obj
[squirtle:ro] [104/385] Building C object zephyr/lib/libc/minimal/CMakeFiles/lib__libc__minimal.dir/source/string/strerror.c.obj
[squirtle:ro] [105/385] Building C object zephyr/lib/libc/minimal/CMakeFiles/lib__libc__minimal.dir/source/string/strncasecmp.c.obj
[squirtle:ro] [106/385] Building C object zephyr/lib/libc/minimal/CMakeFiles/lib__libc__minimal.dir/source/string/strstr.c.obj
[telith:rw] [112/403] Building C object zephyr/lib/libc/minimal/CMakeFiles/lib__libc__minimal.dir/source/math/sqrtf.c.obj
[telith:ro] [163/403] Building C object zephyr/drivers/i2c/CMakeFiles/drivers__i2c.dir/i2c_bitbang.c.obj
[telith:ro] [164/403] Building C object zephyr/drivers/i2c/CMakeFiles/drivers__i2c.dir/i2c_common.c.obj
[squirtle:ro] [107/385] Building C object zephyr/lib/libc/minimal/CMakeFiles/lib__libc__minimal.dir/source/string/strspn.c.obj
[telith:rw] [113/403] Building C object zephyr/lib/libc/minimal/CMakeFiles/lib__libc__minimal.dir/source/stdout/fprintf.c.obj
[squirtle:ro] [108/385] Building C object zephyr/lib/libc/minimal/CMakeFiles/lib__libc__minimal.dir/source/string/string.c.obj
[squirtle:ro] [109/385] Building C object zephyr/lib/libc/minimal/CMakeFiles/lib__libc__minimal.dir/source/stdlib/exit.c.obj
[pirrha:ro] [75/393] Building C object zephyr/arch/common/CMakeFiles/arch__common.dir/sw_isr_common.c.obj
[squirtle:rw] [204/385] Building C object modules/ec/zephyr/CMakeFiles/ec_shim.dir/shim/src/cbi/cbi_eeprom.c.obj
[telith:ro] [165/403] Building C object zephyr/drivers/i2c/CMakeFiles/drivers__i2c.dir/i2c_shell.c.obj
[pirrha:ro] [76/393] Building C object zephyr/CMakeFiles/zephyr.dir/drivers/flash/flash_util.c.obj
[telith:rw] [114/403] Building C object zephyr/lib/libc/minimal/CMakeFiles/lib__libc__minimal.dir/source/math/sqrt.c.obj
[lapis:ro] [18/392] Building C object zephyr/CMakeFiles/zephyr.dir/lib/os/cbprintf_nano.c.obj
[squirtle:rw] [205/385] Building C object modules/ec/zephyr/CMakeFiles/ec_shim.dir/shim/src/led_driver/led.c.obj
[pirrha:ro] [77/393] Linking C static library zephyr/libzephyr.a
[squirtle:rw] [206/385] Building ASM object modules/ec/zephyr/CMakeFiles/ec_shim.dir/shim/src/libgcc_arm.S.obj
[squirtle:rw] [207/385] Building C object modules/ec/zephyr/CMakeFiles/ec_shim.dir/shim/src/led_driver/led_pwm.c.obj
[telith:ro] [166/403] Building C object zephyr/drivers/i2c/CMakeFiles/drivers__i2c.dir/i2c_ite_enhance.c.obj
[pirrha:ro] [78/393] Building C object zephyr/arch/common/CMakeFiles/arch__common.dir/dynamic_isr.c.obj
[squirtle:ro] [110/385] Building C object zephyr/lib/libc/minimal/CMakeFiles/lib__libc__minimal.dir/source/stdout/sprintf.c.obj
[telith:rw] [115/403] Building C object zephyr/lib/libc/minimal/CMakeFiles/lib__libc__minimal.dir/source/time/gmtime.c.obj
[pirrha:ro] [79/393] Building C object zephyr/arch/common/CMakeFiles/arch__common.dir/init.c.obj
[squirtle:ro] [111/385] Building C object zephyr/lib/libc/minimal/CMakeFiles/lib__libc__minimal.dir/source/stdout/stdout_console.c.obj
[telith:ro] [167/403] Building C object zephyr/drivers/input/CMakeFiles/drivers__input.dir/input_ite_it8xxx2_kbd.c.obj
[telith:rw] [116/403] Linking C static library zephyr/lib/libc/minimal/liblib__libc__minimal.a
[squirtle:ro] [112/385] Building C object zephyr/lib/libc/minimal/CMakeFiles/lib__libc__minimal.dir/source/stdout/fprintf.c.obj
[lapis:ro] [19/392] Building C object zephyr/CMakeFiles/zephyr.dir/lib/os/cbprintf.c.obj
[telith:ro] [168/403] Building C object zephyr/drivers/i2c/CMakeFiles/drivers__i2c.dir/i2c_ite_it8xxx2.c.obj
[squirtle:ro] [113/385] Building C object zephyr/lib/libc/minimal/CMakeFiles/lib__libc__minimal.dir/source/math/sqrtf.c.obj
[telith:rw] [117/403] Building C object zephyr/lib/libc/common/CMakeFiles/lib__libc__common.dir/source/stdlib/abort.c.obj
[telith:ro] [169/403] Building C object zephyr/drivers/input/CMakeFiles/drivers__input.dir/input_kbd_matrix.c.obj
[telith:ro] [170/403] Building C object zephyr/drivers/pinctrl/CMakeFiles/drivers__pinctrl.dir/common.c.obj
[telith:ro] [171/403] Linking C static library zephyr/drivers/i2c/libdrivers__i2c.a
[telith:ro] [172/403] Linking C static library zephyr/drivers/input/libdrivers__input.a
[telith:rw] [118/403] Building C object zephyr/lib/libc/common/CMakeFiles/lib__libc__common.dir/source/time/asctime.c.obj
[telith:ro] [173/403] Building C object zephyr/drivers/sensor/CMakeFiles/drivers__sensor.dir/mnt/host/source/src/third_party/zephyr/main/misc/empty_file.c.obj
[squirtle:ro] [114/385] Building C object zephyr/lib/libc/minimal/CMakeFiles/lib__libc__minimal.dir/source/math/sqrt.c.obj
[telith:rw] [119/403] Building C object zephyr/lib/libc/common/CMakeFiles/lib__libc__common.dir/source/time/gmtime_r.c.obj
[telith:ro] [174/403] Linking C static library zephyr/drivers/sensor/libdrivers__sensor.a
[squirtle:rw] [208/385] Building C object modules/ec/zephyr/CMakeFiles/ec_shim.dir/shim/src/system.c.obj
[pirrha:ro] [80/393] Building C object zephyr/arch/common/CMakeFiles/arch__common.dir/xip.c.obj
[squirtle:rw] [209/385] Building C object modules/ec/zephyr/CMakeFiles/ec_shim.dir/shim/src/battery.c.obj
[squirtle:rw] [210/385] Building C object modules/ec/zephyr/CMakeFiles/ec_shim.dir/shim/src/adc.c.obj
[pirrha:ro] [81/393] Building C object zephyr/arch/common/CMakeFiles/isr_tables.dir/isr_tables.c.obj
[squirtle:ro] [115/385] Building C object zephyr/lib/libc/common/CMakeFiles/lib__libc__common.dir/source/time/asctime.c.obj
[telith:rw] [120/403] Building C object zephyr/lib/libc/common/CMakeFiles/lib__libc__common.dir/source/time/localtime_r_utc.c.obj
[telith:rw] [121/403] Building C object zephyr/lib/libc/common/CMakeFiles/lib__libc__common.dir/source/time/ctime.c.obj
[pirrha:ro] [82/393] Linking C static library zephyr/arch/common/libisr_tables.a
[squirtle:ro] [116/385] Building C object zephyr/lib/libc/minimal/CMakeFiles/lib__libc__minimal.dir/source/time/gmtime.c.obj
[lapis:ro] [20/392] Building C object zephyr/CMakeFiles/zephyr.dir/lib/os/assert.c.obj
[pirrha:ro] [83/393] Linking C static library zephyr/arch/common/libarch__common.a
[squirtle:ro] [117/385] Linking C static library zephyr/lib/libc/minimal/liblib__libc__minimal.a
[squirtle:ro] [118/385] Building C object zephyr/lib/libc/common/CMakeFiles/lib__libc__common.dir/source/time/gmtime_r.c.obj
[squirtle:ro] [119/385] Building C object zephyr/lib/libc/common/CMakeFiles/lib__libc__common.dir/source/stdlib/abort.c.obj
[telith:ro] [175/403] Building C object zephyr/drivers/pinctrl/CMakeFiles/drivers__pinctrl.dir/pinctrl_ite_it8xxx2.c.obj
[pirrha:ro] [84/393] Building C object zephyr/arch/arch/riscv/core/CMakeFiles/arch__riscv__core.dir/cpu_idle.c.obj
[telith:ro] [176/403] Building C object zephyr/drivers/pwm/CMakeFiles/drivers__pwm.dir/pwm_ite_it8xxx2.c.obj
[telith:rw] [122/403] Building C object zephyr/lib/libc/common/CMakeFiles/lib__libc__common.dir/source/time/time.c.obj
[telith:ro] [177/403] Linking C static library zephyr/drivers/pinctrl/libdrivers__pinctrl.a
[telith:ro] [178/403] Building C object zephyr/drivers/sensor/ite/ite_tach_it8xxx2/CMakeFiles/drivers__sensor__ite__ite_tach_it8xxx2.dir/tach_ite_it8xxx2.c.obj
[squirtle:ro] [120/385] Building C object zephyr/lib/libc/common/CMakeFiles/lib__libc__common.dir/source/time/ctime.c.obj
[squirtle:ro] [121/385] Building C object zephyr/lib/libc/common/CMakeFiles/lib__libc__common.dir/source/time/localtime_r_utc.c.obj
[telith:ro] [179/403] Linking C static library zephyr/drivers/pwm/libdrivers__pwm.a
[telith:rw] [123/403] Building C object zephyr/lib/libc/common/CMakeFiles/lib__libc__common.dir/source/string/strnlen.c.obj
[squirtle:ro] [122/385] Building C object zephyr/lib/libc/common/CMakeFiles/lib__libc__common.dir/source/time/time.c.obj
[telith:ro] [180/403] Linking C static library zephyr/drivers/sensor/ite/ite_tach_it8xxx2/libdrivers__sensor__ite__ite_tach_it8xxx2.a
[squirtle:rw] [211/385] Building C object modules/ec/zephyr/CMakeFiles/ec_shim.dir/shim/src/charger.c.obj
[squirtle:ro] [123/385] Building C object zephyr/lib/libc/common/CMakeFiles/lib__libc__common.dir/source/string/strnlen.c.obj
[telith:ro] [181/403] Building C object zephyr/drivers/sensor/ite/ite_vcmp_it8xxx2/CMakeFiles/drivers__sensor__ite__ite_vcmp_it8xxx2.dir/vcmp_ite_it8xxx2.c.obj
[squirtle:ro] [124/385] Building C object zephyr/lib/posix/c_lib_ext/CMakeFiles/lib__posix__c_lib_ext.dir/fnmatch.c.obj
[telith:rw] [124/403] Building C object zephyr/lib/posix/c_lib_ext/CMakeFiles/lib__posix__c_lib_ext.dir/fnmatch.c.obj
[telith:ro] [182/403] Linking C static library zephyr/drivers/sensor/ite/ite_vcmp_it8xxx2/libdrivers__sensor__ite__ite_vcmp_it8xxx2.a
[lapis:ro] [21/392] Building C object zephyr/CMakeFiles/zephyr.dir/lib/os/reboot.c.obj
[telith:rw] [125/403] Building C object zephyr/lib/libc/common/CMakeFiles/lib__libc__common.dir/source/stdlib/malloc.c.obj
[pirrha:ro] [85/393] Building C object zephyr/arch/arch/riscv/core/CMakeFiles/arch__riscv__core.dir/fatal.c.obj
[squirtle:rw] [212/385] Building C object modules/ec/zephyr/CMakeFiles/ec_shim.dir/shim/src/flash.c.obj
[telith:rw] [126/403] Linking C static library zephyr/lib/libc/common/liblib__libc__common.a
[pirrha:ro] [86/393] Building C object zephyr/arch/arch/riscv/core/CMakeFiles/arch__riscv__core.dir/irq_manage.c.obj
[squirtle:rw] [213/385] Building C object modules/ec/zephyr/CMakeFiles/ec_shim.dir/shim/src/hooks.c.obj
[pirrha:ro] [87/393] Building C object zephyr/arch/arch/riscv/core/CMakeFiles/arch__riscv__core.dir/prep_c.c.obj
[telith:ro] [183/403] Building C object zephyr/drivers/serial/CMakeFiles/drivers__serial.dir/uart_ite_it8xxx2.c.obj
[squirtle:ro] [125/385] Building C object zephyr/lib/libc/common/CMakeFiles/lib__libc__common.dir/source/stdlib/malloc.c.obj
[telith:ro] [184/403] Building C object zephyr/drivers/timer/CMakeFiles/drivers__timer.dir/sys_clock_init.c.obj
[lapis:ro] [22/392] Building C object zephyr/CMakeFiles/zephyr.dir/lib/os/poweroff.c.obj
[squirtle:ro] [126/385] Building C object zephyr/lib/posix/c_lib_ext/CMakeFiles/lib__posix__c_lib_ext.dir/getentropy.c.obj
[squirtle:ro] [127/385] Linking C static library zephyr/lib/libc/common/liblib__libc__common.a
[telith:ro] [185/403] Building C object zephyr/drivers/serial/CMakeFiles/drivers__serial.dir/uart_ns16550.c.obj
[squirtle:ro] [128/385] Building C object zephyr/lib/posix/c_lib_ext/CMakeFiles/lib__posix__c_lib_ext.dir/getopt_shim.c.obj
[telith:rw] [127/403] Building C object zephyr/lib/posix/c_lib_ext/CMakeFiles/lib__posix__c_lib_ext.dir/getentropy.c.obj
[squirtle:ro] [129/385] Building C object zephyr/subsys/crc/CMakeFiles/subsys__crc.dir/crc4_sw.c.obj
[squirtle:ro] [130/385] Building C object zephyr/subsys/crc/CMakeFiles/subsys__crc.dir/crc8_sw.c.obj
[telith:ro] [186/403] Linking C static library zephyr/drivers/serial/libdrivers__serial.a
[lapis:ro] [23/392] Building C object zephyr/CMakeFiles/zephyr.dir/lib/utils/dec.c.obj
[squirtle:ro] [131/385] Linking C static library zephyr/lib/posix/c_lib_ext/liblib__posix__c_lib_ext.a
[telith:rw] [128/403] Building C object zephyr/lib/posix/c_lib_ext/CMakeFiles/lib__posix__c_lib_ext.dir/getopt_shim.c.obj
[telith:rw] [129/403] Building C object zephyr/subsys/crc/CMakeFiles/subsys__crc.dir/crc4_sw.c.obj
[telith:ro] [187/403] Building C object zephyr/drivers/timer/CMakeFiles/drivers__timer.dir/ite_it8xxx2_timer.c.obj
[squirtle:ro] [132/385] Building C object zephyr/subsys/crc/CMakeFiles/subsys__crc.dir/crc16_sw.c.obj
[squirtle:rw] [214/385] Building C object modules/ec/zephyr/CMakeFiles/ec_shim.dir/shim/src/host_command.c.obj
[telith:rw] [130/403] Linking C static library zephyr/lib/posix/c_lib_ext/liblib__posix__c_lib_ext.a
[squirtle:ro] [133/385] Building C object zephyr/subsys/crc/CMakeFiles/subsys__crc.dir/crc7_sw.c.obj
[telith:ro] [188/403] Linking C static library zephyr/drivers/timer/libdrivers__timer.a
[squirtle:ro] [134/385] Building C object zephyr/subsys/crc/CMakeFiles/subsys__crc.dir/crc24_sw.c.obj
[pirrha:ro] [88/393] Building C object zephyr/arch/arch/riscv/core/CMakeFiles/arch__riscv__core.dir/reboot.c.obj
[telith:rw] [131/403] Building C object zephyr/subsys/crc/CMakeFiles/subsys__crc.dir/crc16_sw.c.obj
[squirtle:ro] [135/385] Building C object zephyr/subsys/crc/CMakeFiles/subsys__crc.dir/crc32c_sw.c.obj
[squirtle:ro] [136/385] Building C object zephyr/subsys/crc/CMakeFiles/subsys__crc.dir/crc32_sw.c.obj
[telith:rw] [132/403] Building C object zephyr/subsys/crc/CMakeFiles/subsys__crc.dir/crc8_sw.c.obj
[lapis:ro] [24/392] Building C object zephyr/CMakeFiles/zephyr.dir/lib/utils/hex.c.obj
[pirrha:ro] [89/393] Building ASM object zephyr/arch/arch/riscv/core/CMakeFiles/arch__riscv__core.dir/reset.S.obj
[telith:rw] [133/403] Building C object zephyr/subsys/crc/CMakeFiles/subsys__crc.dir/crc7_sw.c.obj
[squirtle:rw] [215/385] Building C object modules/ec/zephyr/CMakeFiles/ec_shim.dir/shim/src/keyboard_raw.c.obj
[telith:rw] [134/403] Building C object zephyr/subsys/crc/CMakeFiles/subsys__crc.dir/crc24_sw.c.obj
[squirtle:ro] [137/385] Building C object zephyr/subsys/crc/CMakeFiles/subsys__crc.dir/crc32k_4_2_sw.c.obj
[squirtle:rw] [216/385] Building C object modules/ec/zephyr/CMakeFiles/ec_shim.dir/shim/src/console_buffer.c.obj
[telith:rw] [135/403] Building C object zephyr/subsys/crc/CMakeFiles/subsys__crc.dir/crc32c_sw.c.obj
[telith:ro] [189/403] Building C object zephyr/drivers/watchdog/CMakeFiles/drivers__watchdog.dir/wdt_ite_it8xxx2.c.obj
[telith:rw] [136/403] Building C object zephyr/subsys/crc/CMakeFiles/subsys__crc.dir/crc32_sw.c.obj
[squirtle:ro] [138/385] Linking C static library zephyr/subsys/crc/libsubsys__crc.a
[telith:rw] [137/403] Building C object zephyr/subsys/crc/CMakeFiles/subsys__crc.dir/crc32k_4_2_sw.c.obj
[telith:ro] [190/403] Building C object zephyr/drivers/watchdog/CMakeFiles/drivers__watchdog.dir/wdt_shell.c.obj
[telith:ro] [191/403] Linking C static library zephyr/drivers/watchdog/libdrivers__watchdog.a
[pirrha:ro] [90/393] Building ASM object zephyr/arch/arch/riscv/core/CMakeFiles/arch__riscv__core.dir/switch.S.obj
[telith:rw] [138/403] Linking C static library zephyr/subsys/crc/libsubsys__crc.a
[lapis:ro] [25/392] Building C object zephyr/CMakeFiles/zephyr.dir/lib/utils/rb.c.obj
[telith:ro] [192/403] Building C object modules/ec/zephyr/CMakeFiles/ec_shim.dir/app/ec/main_shim.c.obj
[pirrha:ro] [91/393] Building C object zephyr/arch/arch/riscv/core/CMakeFiles/arch__riscv__core.dir/thread.c.obj
[telith:rw] [139/403] Building C object zephyr/subsys/input/CMakeFiles/subsys__input.dir/input_hid.c.obj
[squirtle:ro] [139/385] Building C object zephyr/drivers/adc/CMakeFiles/drivers__adc.dir/adc_common.c.obj
[telith:ro] [193/403] Building C object modules/ec/zephyr/CMakeFiles/ec_shim.dir/app/ec/ec_app_main.c.obj
[squirtle:rw] [217/385] Building C object modules/ec/zephyr/CMakeFiles/ec_shim.dir/shim/src/keyscan.c.obj
[telith:rw] [140/403] Building C object zephyr/subsys/input/CMakeFiles/subsys__input.dir/input.c.obj
[lapis:ro] [26/392] Building C object zephyr/CMakeFiles/zephyr.dir/lib/utils/timeutil.c.obj
[squirtle:rw] [218/385] Building C object modules/ec/zephyr/CMakeFiles/ec_shim.dir/shim/src/mkbp_event.c.obj
[squirtle:ro] [140/385] Building C object zephyr/drivers/interrupt_controller/CMakeFiles/drivers__interrupt_controller.dir/intc_miwu.c.obj
[squirtle:ro] [141/385] Linking C static library zephyr/drivers/interrupt_controller/libdrivers__interrupt_controller.a
[telith:ro] [194/403] Building C object modules/ec/zephyr/CMakeFiles/ec_shim.dir/app/ec/chip/riscv/riscv-ite/it8xxx2-espi.c.obj
[squirtle:rw] [219/385] Building C object modules/ec/zephyr/CMakeFiles/ec_shim.dir/shim/src/motionsense_sensors.c.obj
[pirrha:ro] [92/393] Building ASM object zephyr/arch/arch/riscv/core/CMakeFiles/arch__riscv__core.dir/isr.S.obj
[pirrha:ro] [93/393] Generating ../../../include/generated/libc/minimal/strerror_table.h
[pirrha:ro] [94/393] Building C object zephyr/arch/arch/riscv/core/CMakeFiles/arch__riscv__core.dir/stacktrace.c.obj
[squirtle:ro] [142/385] Building C object zephyr/drivers/adc/CMakeFiles/drivers__adc.dir/adc_npcx.c.obj
[telith:ro] [195/403] Building C object modules/ec/zephyr/CMakeFiles/ec_shim.dir/drivers/cros_flash/cros_flash_it8xxx2.c.obj
[pirrha:ro] [95/393] Building C object zephyr/lib/libc/minimal/CMakeFiles/lib__libc__minimal.dir/source/stdlib/atoi.c.obj
[squirtle:ro] [143/385] Linking C static library zephyr/drivers/adc/libdrivers__adc.a
[squirtle:ro] [144/385] Building C object zephyr/drivers/bbram/CMakeFiles/drivers__bbram.dir/bbram_npcx.c.obj
[pirrha:ro] [96/393] Linking C static library zephyr/arch/arch/riscv/core/libarch__riscv__core.a
[telith:ro] [196/403] Building C object modules/ec/zephyr/CMakeFiles/ec_shim.dir/drivers/keyboard_input/keyboard_customization_check.c.obj
[telith:rw] [141/403] Building C object zephyr/subsys/input/CMakeFiles/subsys__input.dir/input_utils.c.obj
[squirtle:ro] [145/385] Linking C static library zephyr/drivers/bbram/libdrivers__bbram.a
[telith:ro] [197/403] Building C object modules/ec/zephyr/CMakeFiles/ec_shim.dir/drivers/cros_kblight/pwm_kblight.c.obj
[lapis:ro] [27/392] Building C object zephyr/CMakeFiles/zephyr.dir/lib/utils/bitarray.c.obj
[telith:rw] [142/403] Building C object zephyr/drivers/interrupt_controller/CMakeFiles/drivers__interrupt_controller.dir/intc_ite_it8xxx2.c.obj
[pirrha:ro] [97/393] Building C object zephyr/lib/libc/minimal/CMakeFiles/lib__libc__minimal.dir/source/stdlib/strtol.c.obj
[telith:rw] [143/403] Linking C static library zephyr/subsys/input/libsubsys__input.a
[telith:ro] [198/403] Building C object modules/ec/zephyr/CMakeFiles/ec_shim.dir/drivers/cros_system/cros_system_it8xxx2.c.obj
[pirrha:ro] [98/393] Building C object zephyr/lib/libc/minimal/CMakeFiles/lib__libc__minimal.dir/source/stdlib/strtoul.c.obj
[squirtle:rw] [220/385] Building C object modules/ec/zephyr/CMakeFiles/ec_shim.dir/shim/src/panic.c.obj
[squirtle:ro] [146/385] Building C object zephyr/drivers/clock_control/CMakeFiles/drivers__clock_control.dir/clock_control_npcx.c.obj
[pirrha:ro] [99/393] Building C object zephyr/lib/libc/minimal/CMakeFiles/lib__libc__minimal.dir/source/stdlib/strtoll.c.obj
[squirtle:rw] [221/385] Building C object modules/ec/zephyr/CMakeFiles/ec_shim.dir/shim/src/power.c.obj
[squirtle:rw] [222/385] Building C object modules/ec/zephyr/CMakeFiles/ec_shim.dir/shim/src/hwtimer.c.obj
[pirrha:ro] [100/393] Building C object zephyr/lib/libc/minimal/CMakeFiles/lib__libc__minimal.dir/source/stdlib/strtoull.c.obj
[squirtle:ro] [147/385] Linking C static library zephyr/drivers/clock_control/libdrivers__clock_control.a
[lapis:ro] [28/392] Building C object zephyr/CMakeFiles/zephyr.dir/lib/utils/bitmask.c.obj
[telith:ro] [199/403] Building C object modules/ec/zephyr/CMakeFiles/ec_shim.dir/drivers/keyboard_input/keyboard_input.c.obj
[pirrha:ro] [101/393] Building C object zephyr/lib/libc/minimal/CMakeFiles/lib__libc__minimal.dir/source/stdlib/bsearch.c.obj
[squirtle:ro] [148/385] Building C object zephyr/drivers/console/CMakeFiles/drivers__console.dir/uart_console.c.obj
[pirrha:ro] [102/393] Building C object zephyr/lib/libc/minimal/CMakeFiles/lib__libc__minimal.dir/source/stdlib/qsort.c.obj
[telith:rw] [144/403] Building C object zephyr/drivers/adc/CMakeFiles/drivers__adc.dir/adc_common.c.obj
[telith:ro] [200/403] Building C object modules/ec/zephyr/CMakeFiles/ec_shim.dir/drivers/keyboard_input/col_gpio_drive.c.obj
[squirtle:ro] [149/385] Building C object zephyr/drivers/eeprom/CMakeFiles/drivers__eeprom.dir/eeprom_shell.c.obj
[squirtle:ro] [150/385] Linking C static library zephyr/drivers/console/libdrivers__console.a
[pirrha:ro] [103/393] Building C object zephyr/lib/libc/minimal/CMakeFiles/lib__libc__minimal.dir/source/stdlib/exit.c.obj
[telith:rw] [145/403] Building C object zephyr/drivers/interrupt_controller/CMakeFiles/drivers__interrupt_controller.dir/wuc_ite_it8xxx2.c.obj
[telith:ro] [201/403] Building C object modules/ec/zephyr/CMakeFiles/ec_shim.dir/drivers/boot_keys/boot_keys.c.obj
[lapis:ro] [29/392] Building C object zephyr/CMakeFiles/zephyr.dir/lib/utils/getopt/getopt.c.obj
[telith:rw] [146/403] Linking C static library zephyr/drivers/interrupt_controller/libdrivers__interrupt_controller.a
[pirrha:ro] [104/393] Building C object zephyr/lib/libc/minimal/CMakeFiles/lib__libc__minimal.dir/source/string/strerror.c.obj
[pirrha:ro] [105/393] Building C object zephyr/lib/libc/minimal/CMakeFiles/lib__libc__minimal.dir/source/string/strncasecmp.c.obj
[telith:ro] [202/403] Building C object modules/ec/zephyr/CMakeFiles/ec_shim.dir/drivers/runtime_keys/runtime_keys.c.obj
[squirtle:ro] [151/385] Building C object zephyr/drivers/eeprom/CMakeFiles/drivers__eeprom.dir/eeprom_at2x.c.obj
[squirtle:rw] [223/385] Building C object modules/ec/zephyr/CMakeFiles/ec_shim.dir/shim/src/i2c.c.obj
[telith:ro] [203/403] Building C object modules/ec/zephyr/CMakeFiles/ec_shim.dir/drivers/vivaldi_kbd/vivaldi_kbd.c.obj
[pirrha:ro] [106/393] Building C object zephyr/lib/libc/minimal/CMakeFiles/lib__libc__minimal.dir/source/string/strstr.c.obj
[squirtle:rw] [224/385] Building C object modules/ec/zephyr/CMakeFiles/ec_shim.dir/shim/src/tasks.c.obj
[squirtle:ro] [152/385] Linking C static library zephyr/drivers/eeprom/libdrivers__eeprom.a
[squirtle:rw] [225/385] Building C object modules/ec/zephyr/CMakeFiles/ec_shim.dir/shim/src/watchdog.c.obj
[pirrha:ro] [107/393] Building C object zephyr/lib/libc/minimal/CMakeFiles/lib__libc__minimal.dir/source/string/string.c.obj
[pirrha:ro] [108/393] Building C object zephyr/lib/libc/minimal/CMakeFiles/lib__libc__minimal.dir/source/string/strspn.c.obj
[squirtle:ro] [153/385] Building C object zephyr/drivers/flash/CMakeFiles/drivers__flash.dir/jesd216.c.obj
[telith:ro] [204/403] Building C object modules/ec/zephyr/CMakeFiles/ec_shim.dir/shim/chip/it8xxx2/clock.c.obj
[lapis:ro] [30/392] Building C object zephyr/CMakeFiles/zephyr.dir/lib/utils/getopt/getopt_common.c.obj
[squirtle:ro] [154/385] Building C object zephyr/drivers/flash/CMakeFiles/drivers__flash.dir/flash_npcx_fiu_nor.c.obj
[telith:rw] [147/403] Building C object zephyr/drivers/bbram/CMakeFiles/drivers__bbram.dir/bbram_it8xxx2.c.obj
[telith:rw] [148/403] Building C object zephyr/drivers/adc/CMakeFiles/drivers__adc.dir/adc_ite_it8xxx2.c.obj
[telith:rw] [149/403] Linking C static library zephyr/drivers/bbram/libdrivers__bbram.a
[/mnt/host/source/src/platform/ec/build/zephyr/fatcatrvp-ite-lcov]   /mnt/host/source/src/platform/ec/build/zephyr/fatcatrvp-ite/build-ro/modules/ec/zephyr/CMakeFiles/ec_shim.dir/drivers/keyboard_input/keyboard_customization_check.c.gcno:no functions found
[/mnt/host/source/src/platform/ec/build/zephyr/fatcatrvp-ite-lcov] stderr:
[telith:rw] [150/403] Linking C static library zephyr/drivers/adc/libdrivers__adc.a
[telith:ro] [205/403] Building C object modules/ec/zephyr/CMakeFiles/ec_shim.dir/shim/chip/it8xxx2/gpio.c.obj
[pirrha:ro] [109/393] Building C object zephyr/lib/libc/minimal/CMakeFiles/lib__libc__minimal.dir/source/stdout/sprintf.c.obj
[telith:ro] [206/403] Building C object modules/ec/zephyr/CMakeFiles/ec_shim.dir/shim/chip/it8xxx2/system.c.obj
[lapis:ro] [31/392] Building C object zephyr/CMakeFiles/zephyr.dir/lib/utils/ring_buffer.c.obj
[pirrha:ro] [110/393] Building C object zephyr/lib/libc/minimal/CMakeFiles/lib__libc__minimal.dir/source/stdout/stdout_console.c.obj
[telith:ro] [207/403] Building C object modules/ec/zephyr/CMakeFiles/ec_shim.dir/shim/chip/it8xxx2/power_policy.c.obj
[telith:ro] [208/403] Building C object modules/ec/zephyr/CMakeFiles/ec_shim.dir/shim/src/crc.c.obj
[squirtle:rw] [226/385] Building C object modules/ec/zephyr/CMakeFiles/ec_shim.dir/shim/src/usba.c.obj
[lapis:ro] [32/392] Building C object zephyr/CMakeFiles/zephyr.dir/lib/utils/last_section_id.c.obj
[squirtle:ro] [155/385] Building C object zephyr/drivers/flash/CMakeFiles/drivers__flash.dir/flash_npcx_fiu_qspi.c.obj
[squirtle:rw] [227/385] Building C object modules/ec/zephyr/CMakeFiles/ec_shim.dir/shim/src/ppc.c.obj
[squirtle:rw] [228/385] cd /mnt/host/source/src/platform/ec/build/zephyr/squirtle/build-rw/modules/ec/zephyr && PYTHONPATH=/mnt/host/source/src/platform/ec/build/zephyr/squirtle/modules/ec/zephyr/zmake/ /usr/bin/python3.11 /mnt/host/source/src/platform/ec/build/zephyr/squirtle/modules/ec/zephyr/zmake/zephyr_build_tools/generate_ec_version.py /mnt/host/source/src/platform/ec/build/zephyr/squirtle/build-rw/modules/ec/zephyr/include/ec_version.h --name Zephyr-Kernel --version 16543.0.0 --static
[squirtle:rw] INFO:root:Using a static version string
[squirtle:ro] [156/385] Linking C static library zephyr/drivers/flash/libdrivers__flash.a
[pirrha:ro] [111/393] Building C object zephyr/lib/libc/minimal/CMakeFiles/lib__libc__minimal.dir/source/math/sqrtf.c.obj
[lapis:ro] [33/392] Building C object zephyr/CMakeFiles/zephyr.dir/misc/generated/configs.c.obj
[squirtle:ro] [157/385] Building C object zephyr/drivers/i2c/CMakeFiles/drivers__i2c.dir/i2c_common.c.obj
[telith:ro] [209/403] Building C object modules/ec/zephyr/CMakeFiles/ec_shim.dir/shim/src/console.c.obj
[squirtle:rw] INFO:root:Version string: Zephyr-Kernel-16543.0.0
[squirtle:rw] INFO:root:Writing header to /mnt/host/source/src/platform/ec/build/zephyr/squirtle/build-rw/modules/ec/zephyr/include/ec_version.h
[squirtle:rw] [229/385] Building C object modules/ec/zephyr/CMakeFiles/ec_shim.dir/shim/src/usb_muxes.c.obj
[telith:rw] [151/403] Building C object zephyr/drivers/console/CMakeFiles/drivers__console.dir/uart_console.c.obj
[squirtle:ro] [158/385] Building C object zephyr/drivers/gpio/CMakeFiles/drivers__gpio.dir/gpio_npcx.c.obj
[pirrha:ro] [112/393] Building C object zephyr/lib/libc/minimal/CMakeFiles/lib__libc__minimal.dir/source/stdout/fprintf.c.obj
[squirtle:ro] [159/385] Linking C static library zephyr/drivers/gpio/libdrivers__gpio.a
[telith:rw] [152/403] Linking C static library zephyr/drivers/console/libdrivers__console.a
[telith:rw] [153/403] Building C object zephyr/drivers/eeprom/CMakeFiles/drivers__eeprom.dir/eeprom_shell.c.obj
[pirrha:ro] [113/393] Building C object zephyr/lib/libc/minimal/CMakeFiles/lib__libc__minimal.dir/source/math/sqrt.c.obj
[telith:ro] [210/403] Building C object modules/ec/zephyr/CMakeFiles/ec_shim.dir/shim/src/panic_utils.c.obj
[squirtle:rw] [230/385] Building C object zephyr/kernel/CMakeFiles/kernel.dir/main_weak.c.obj
[telith:ro] [211/403] Building C object modules/ec/zephyr/CMakeFiles/ec_shim.dir/shim/src/gpio.c.obj
[squirtle:rw] [231/385] Building C object CMakeFiles/app.dir/mnt/host/source/src/platform/ec/zephyr/subsys/ap_pwrseq/ap_events.c.obj
[telith:ro] [212/403] Building C object modules/ec/zephyr/CMakeFiles/ec_shim.dir/shim/src/gpio_int.c.obj
[lapis:ro] [34/392] Building C object zephyr/CMakeFiles/zephyr.dir/soc/realtek/ec/rts5912/soc.c.obj
[squirtle:ro] [160/385] Building C object zephyr/drivers/i2c/CMakeFiles/drivers__i2c.dir/i2c_shell.c.obj
[pirrha:ro] [114/393] Building C object zephyr/lib/libc/minimal/CMakeFiles/lib__libc__minimal.dir/source/time/gmtime.c.obj
[telith:ro] [213/403] Building C object modules/ec/zephyr/CMakeFiles/ec_shim.dir/shim/src/pm_state.c.obj
[squirtle:ro] [161/385] Building C object zephyr/drivers/i2c/CMakeFiles/drivers__i2c.dir/i2c_npcx_controller.c.obj
[pirrha:ro] [115/393] Linking C static library zephyr/lib/libc/minimal/liblib__libc__minimal.a
[pirrha:ro] [116/393] Building C object zephyr/lib/libc/common/CMakeFiles/lib__libc__common.dir/source/stdlib/abort.c.obj
[telith:rw] [154/403] Building C object zephyr/drivers/eeprom/CMakeFiles/drivers__eeprom.dir/eeprom_at2x.c.obj
[squirtle:ro] [162/385] Building C object zephyr/drivers/i2c/CMakeFiles/drivers__i2c.dir/i2c_npcx_controller_fifo.c.obj
[squirtle:rw] [232/385] Building C object CMakeFiles/app.dir/mnt/host/source/src/platform/ec/build/zephyr/squirtle/modules/ec/builtin/stdlib.c.obj
[telith:rw] [155/403] Building C object zephyr/drivers/espi/CMakeFiles/drivers__espi.dir/espi_it8xxx2.c.obj
[telith:ro] [214/403] Building C object modules/ec/zephyr/CMakeFiles/ec_shim.dir/shim/src/cbi/cros_cbi.c.obj
[pirrha:ro] [117/393] Building C object zephyr/lib/libc/common/CMakeFiles/lib__libc__common.dir/source/time/gmtime_r.c.obj
[telith:rw] [156/403] Linking C static library zephyr/drivers/eeprom/libdrivers__eeprom.a
[telith:rw] [157/403] Linking C static library zephyr/drivers/espi/libdrivers__espi.a
[pirrha:ro] [118/393] Building C object zephyr/lib/libc/common/CMakeFiles/lib__libc__common.dir/source/time/asctime.c.obj
[lapis:ro] [35/392] Building C object zephyr/CMakeFiles/zephyr.dir/soc/realtek/ec/rts5912/device_power.c.obj
[squirtle:rw] [233/385] Building C object CMakeFiles/app.dir/mnt/host/source/src/platform/ec/build/zephyr/squirtle/modules/ec/common/base32.c.obj
[telith:ro] [215/403] Building C object modules/ec/zephyr/CMakeFiles/ec_shim.dir/shim/src/cbi/cros_cbi_fw_config.c.obj
[pirrha:ro] [119/393] Building C object zephyr/lib/libc/common/CMakeFiles/lib__libc__common.dir/source/time/localtime_r_utc.c.obj
[squirtle:rw] [234/385] Building C object CMakeFiles/app.dir/mnt/host/source/src/platform/ec/build/zephyr/squirtle/modules/ec/common/console_output.c.obj
[pirrha:ro] [120/393] Building C object zephyr/lib/libc/common/CMakeFiles/lib__libc__common.dir/source/time/ctime.c.obj
[telith:ro] [216/403] Building C object modules/ec/zephyr/CMakeFiles/ec_shim.dir/shim/src/cbi/cros_cbi_ssfc.c.obj
[squirtle:ro] [163/385] Building C object zephyr/drivers/i2c/CMakeFiles/drivers__i2c.dir/i2c_npcx_port.c.obj
[squirtle:ro] [164/385] Building C object zephyr/drivers/pinctrl/CMakeFiles/drivers__pinctrl.dir/common.c.obj
[squirtle:ro] [165/385] Linking C static library zephyr/drivers/i2c/libdrivers__i2c.a
[squirtle:ro] [166/385] Building C object zephyr/drivers/pinctrl/CMakeFiles/drivers__pinctrl.dir/pinctrl_npcx.c.obj
[pirrha:ro] [121/393] Building C object zephyr/lib/libc/common/CMakeFiles/lib__libc__common.dir/source/time/time.c.obj
[squirtle:ro] [167/385] Linking C static library zephyr/drivers/pinctrl/libdrivers__pinctrl.a
[lapis:ro] [36/392] Building C object zephyr/CMakeFiles/zephyr.dir/soc/realtek/ec/rts5912/power.c.obj
[telith:ro] [217/403] Building C object modules/ec/zephyr/CMakeFiles/ec_shim.dir/shim/src/cbi/cbi_eeprom.c.obj
[telith:rw] [158/403] Building C object zephyr/drivers/flash/CMakeFiles/drivers__flash.dir/flash_ite_it8xxx2.c.obj
[telith:rw] [159/403] Linking C static library zephyr/drivers/flash/libdrivers__flash.a
[pirrha:ro] [122/393] Building C object zephyr/lib/libc/common/CMakeFiles/lib__libc__common.dir/source/string/strnlen.c.obj
[telith:ro] [218/403] Building C object modules/ec/zephyr/CMakeFiles/ec_shim.dir/shim/src/led_driver/led.c.obj
[telith:rw] [160/403] Building C object zephyr/drivers/gpio/CMakeFiles/drivers__gpio.dir/gpio_ite_it8xxx2.c.obj
[squirtle:rw] [235/385] Building C object CMakeFiles/app.dir/mnt/host/source/src/platform/ec/build/zephyr/squirtle/modules/ec/common/ec_features.c.obj
[pirrha:ro] [123/393] Building C object zephyr/lib/posix/c_lib_ext/CMakeFiles/lib__posix__c_lib_ext.dir/fnmatch.c.obj
[telith:ro] [219/403] Building C object modules/ec/zephyr/CMakeFiles/ec_shim.dir/shim/src/led_driver/led_gpio.c.obj
[pirrha:ro] [124/393] Building C object zephyr/lib/libc/common/CMakeFiles/lib__libc__common.dir/source/stdlib/malloc.c.obj
[squirtle:ro] [168/385] Building C object zephyr/drivers/pwm/CMakeFiles/drivers__pwm.dir/pwm_shell.c.obj
[squirtle:rw] [236/385] Building C object CMakeFiles/app.dir/mnt/host/source/src/platform/ec/build/zephyr/squirtle/modules/ec/common/gpio_commands.c.obj
[pirrha:ro] [125/393] Linking C static library zephyr/lib/libc/common/liblib__libc__common.a
[lapis:ro] [37/392] Building C object zephyr/CMakeFiles/zephyr.dir/soc/realtek/ec/rts5912/debug_swj.c.obj
[squirtle:rw] [237/385] Building C object CMakeFiles/app.dir/mnt/host/source/src/platform/ec/build/zephyr/squirtle/modules/ec/common/peripheral.c.obj
[squirtle:ro] [169/385] Building C object zephyr/drivers/pwm/CMakeFiles/drivers__pwm.dir/pwm_npcx.c.obj
[telith:ro] [220/403] Building C object modules/ec/zephyr/CMakeFiles/ec_shim.dir/shim/src/system.c.obj
[squirtle:ro] [170/385] Linking C static library zephyr/drivers/pwm/libdrivers__pwm.a
[squirtle:ro] [171/385] Building C object zephyr/drivers/serial/CMakeFiles/drivers__serial.dir/uart_npcx.c.obj
[telith:rw] [161/403] Building C object zephyr/drivers/gpio/CMakeFiles/drivers__gpio.dir/gpio_kscan_ite_it8xxx2.c.obj
[squirtle:ro] [172/385] Linking C static library zephyr/drivers/serial/libdrivers__serial.a
[telith:ro] [221/403] Building C object modules/ec/zephyr/CMakeFiles/ec_shim.dir/shim/src/adc.c.obj
[pirrha:ro] [126/393] Building C object zephyr/lib/posix/c_lib_ext/CMakeFiles/lib__posix__c_lib_ext.dir/getentropy.c.obj
[telith:rw] [162/403] Building C object zephyr/drivers/i2c/CMakeFiles/drivers__i2c.dir/i2c_common.c.obj
[telith:rw] [163/403] Linking C static library zephyr/drivers/gpio/libdrivers__gpio.a
[telith:ro] [222/403] Building C object modules/ec/zephyr/CMakeFiles/ec_shim.dir/shim/src/battery.c.obj
[lapis:ro] [38/392] Building C object zephyr/CMakeFiles/zephyr.dir/soc/realtek/ec/rts5912/poweroff.c.obj
[pirrha:ro] [127/393] Building C object zephyr/subsys/crc/CMakeFiles/subsys__crc.dir/crc4_sw.c.obj
[squirtle:ro] [173/385] Building C object zephyr/drivers/syscon/CMakeFiles/drivers__syscon.dir/syscon.c.obj
[pirrha:ro] [128/393] Building C object zephyr/lib/posix/c_lib_ext/CMakeFiles/lib__posix__c_lib_ext.dir/getopt_shim.c.obj
[telith:ro] [223/403] Building C object modules/ec/zephyr/CMakeFiles/ec_shim.dir/shim/src/charger.c.obj
[squirtle:rw] [238/385] Building C object CMakeFiles/app.dir/mnt/host/source/src/platform/ec/build/zephyr/squirtle/modules/ec/common/printf.c.obj
[pirrha:ro] [129/393] Building C object zephyr/subsys/crc/CMakeFiles/subsys__crc.dir/crc8_sw.c.obj
[squirtle:ro] [174/385] Linking C static library zephyr/drivers/syscon/libdrivers__syscon.a
[pirrha:ro] [130/393] Linking C static library zephyr/lib/posix/c_lib_ext/liblib__posix__c_lib_ext.a
[squirtle:rw] [239/385] Building C object CMakeFiles/app.dir/mnt/host/source/src/platform/ec/build/zephyr/squirtle/modules/ec/common/queue.c.obj
[pirrha:ro] [131/393] Building C object zephyr/subsys/crc/CMakeFiles/subsys__crc.dir/crc7_sw.c.obj
[pirrha:ro] [132/393] Building C object zephyr/subsys/crc/CMakeFiles/subsys__crc.dir/crc16_sw.c.obj
[squirtle:ro] [175/385] Building C object zephyr/drivers/timer/CMakeFiles/drivers__timer.dir/sys_clock_init.c.obj
[telith:ro] [224/403] Building C object modules/ec/zephyr/CMakeFiles/ec_shim.dir/shim/src/chipset_api.c.obj
[squirtle:ro] [176/385] Building C object zephyr/drivers/timer/CMakeFiles/drivers__timer.dir/npcx_itim_timer.c.obj
[pirrha:ro] [133/393] Building C object zephyr/subsys/crc/CMakeFiles/subsys__crc.dir/crc24_sw.c.obj
[telith:rw] [164/403] Building C object zephyr/drivers/i2c/CMakeFiles/drivers__i2c.dir/i2c_bitbang.c.obj
[squirtle:ro] [177/385] Linking C static library zephyr/drivers/timer/libdrivers__timer.a
[telith:rw] [165/403] Building C object zephyr/drivers/i2c/CMakeFiles/drivers__i2c.dir/i2c_shell.c.obj
[squirtle:rw] [240/385] Building C object CMakeFiles/app.dir/mnt/host/source/src/platform/ec/build/zephyr/squirtle/modules/ec/common/system.c.obj
[pirrha:ro] [134/393] Building C object zephyr/subsys/crc/CMakeFiles/subsys__crc.dir/crc32c_sw.c.obj
[lapis:ro] [39/392] Building C object zephyr/CMakeFiles/zephyr.dir/soc/realtek/ec/rts5912/rts5912_ulpm.c.obj
[pirrha:ro] [135/393] Building C object zephyr/subsys/crc/CMakeFiles/subsys__crc.dir/crc32_sw.c.obj
[pirrha:ro] [136/393] Building C object zephyr/subsys/crc/CMakeFiles/subsys__crc.dir/crc32k_4_2_sw.c.obj
[pirrha:ro] [137/393] Linking C static library zephyr/subsys/crc/libsubsys__crc.a
[telith:ro] [225/403] Building C object modules/ec/zephyr/CMakeFiles/ec_shim.dir/shim/src/espi.c.obj
[squirtle:ro] [178/385] Building C object zephyr/drivers/watchdog/CMakeFiles/drivers__watchdog.dir/wdt_npcx.c.obj
[squirtle:rw] [241/385] Building C object CMakeFiles/app.dir/mnt/host/source/src/platform/ec/build/zephyr/squirtle/modules/ec/common/system_boot_time.c.obj
[telith:ro] [226/403] Building C object modules/ec/zephyr/CMakeFiles/ec_shim.dir/shim/src/fan.c.obj
[squirtle:rw] [242/385] Building C object CMakeFiles/app.dir/mnt/host/source/src/platform/ec/build/zephyr/squirtle/modules/ec/common/uart_printf.c.obj
[telith:ro] [227/403] Building C object modules/ec/zephyr/CMakeFiles/ec_shim.dir/shim/src/flash.c.obj
[lapis:ro] [40/392] Building C object zephyr/CMakeFiles/zephyr.dir/subsys/logging/log_minimal.c.obj
[squirtle:ro] [179/385] Building C object zephyr/drivers/watchdog/CMakeFiles/drivers__watchdog.dir/wdt_shell.c.obj
[telith:ro] [228/403] Building C object modules/ec/zephyr/CMakeFiles/ec_shim.dir/shim/src/hooks.c.obj
[squirtle:ro] [180/385] Linking C static library zephyr/drivers/watchdog/libdrivers__watchdog.a
[pirrha:ro] [138/393] Building C object zephyr/drivers/interrupt_controller/CMakeFiles/drivers__interrupt_controller.dir/intc_ite_it8xxx2.c.obj
[telith:rw] [166/403] Building C object zephyr/drivers/i2c/CMakeFiles/drivers__i2c.dir/i2c_ite_enhance.c.obj
[squirtle:rw] [243/385] Building C object CMakeFiles/app.dir/mnt/host/source/src/platform/ec/build/zephyr/squirtle/modules/ec/common/util.c.obj
[telith:rw] [167/403] Building C object zephyr/drivers/i2c/CMakeFiles/drivers__i2c.dir/i2c_ite_it8xxx2.c.obj
[pirrha:ro] [139/393] Building C object zephyr/drivers/interrupt_controller/CMakeFiles/drivers__interrupt_controller.dir/wuc_ite_it8xxx2.c.obj
[telith:rw] [168/403] Linking C static library zephyr/drivers/i2c/libdrivers__i2c.a
[squirtle:ro] [181/385] Building C object modules/ec/zephyr/CMakeFiles/ec_shim.dir/app/ec/ec_app_main.c.obj
[squirtle:ro] [182/385] Building C object modules/ec/zephyr/CMakeFiles/ec_shim.dir/app/ec/main_shim.c.obj
[pirrha:ro] [140/393] Linking C static library zephyr/drivers/interrupt_controller/libdrivers__interrupt_controller.a
[telith:ro] [229/403] Building C object modules/ec/zephyr/CMakeFiles/ec_shim.dir/shim/src/host_command.c.obj
[telith:ro] [230/403] Building C object modules/ec/zephyr/CMakeFiles/ec_shim.dir/shim/src/console_buffer.c.obj
[telith:ro] [231/403] Building C object modules/ec/zephyr/CMakeFiles/ec_shim.dir/shim/src/mkbp_event.c.obj
[lapis:ro] [41/392] Building C object zephyr/CMakeFiles/zephyr.dir/subsys/pm/pm.c.obj
[squirtle:rw] [244/385] Building C object CMakeFiles/app.dir/mnt/host/source/src/platform/ec/build/zephyr/squirtle/modules/ec/common/version.c.obj
[pirrha:ro] [141/393] Building C object zephyr/drivers/adc/CMakeFiles/drivers__adc.dir/adc_common.c.obj
[squirtle:rw] [245/385] Building C object CMakeFiles/app.dir/mnt/host/source/src/platform/ec/build/zephyr/squirtle/modules/ec/driver/accel_lis2dh.c.obj
[telith:ro] [232/403] Building C object modules/ec/zephyr/CMakeFiles/ec_shim.dir/shim/src/panic.c.obj
[telith:rw] [169/403] Building C object zephyr/drivers/input/CMakeFiles/drivers__input.dir/input_ite_it8xxx2_kbd.c.obj
[lapis:ro] [42/392] Building C object zephyr/CMakeFiles/zephyr.dir/subsys/pm/state.c.obj
[telith:rw] [170/403] Building C object zephyr/drivers/input/CMakeFiles/drivers__input.dir/input_kbd_matrix.c.obj
[squirtle:rw] [246/385] Building C object CMakeFiles/app.dir/mnt/host/source/src/platform/ec/build/zephyr/squirtle/modules/ec/common/motion_sense_fifo.c.obj
[telith:rw] [171/403] Linking C static library zephyr/drivers/input/libdrivers__input.a
[telith:ro] [233/403] Building C object modules/ec/zephyr/CMakeFiles/ec_shim.dir/shim/src/pwm_hc.c.obj
[squirtle:ro] [183/385] Building C object modules/ec/zephyr/CMakeFiles/ec_shim.dir/drivers/cros_flash/cros_flash_npcx.c.obj
[pirrha:ro] [142/393] Building C object zephyr/drivers/adc/CMakeFiles/drivers__adc.dir/adc_ite_it8xxx2.c.obj
[/mnt/host/source/src/platform/ec/build/zephyr/fatcatrvp-ite-lcov]   /mnt/host/source/src/platform/ec/build/zephyr/fatcatrvp-ite/build-ro/CMakeFiles/app.dir/mnt/host/source/src/platform/ec/build/zephyr/fatcatrvp-ite/modules/ec/common/cbi_config.c.gcno:no functions found
[/mnt/host/source/src/platform/ec/build/zephyr/fatcatrvp-ite-lcov] stderr:
[telith:ro] [234/403] Building C object modules/ec/zephyr/CMakeFiles/ec_shim.dir/shim/src/thermal.c.obj
[pirrha:ro] [143/393] Building C object zephyr/drivers/bbram/CMakeFiles/drivers__bbram.dir/bbram_it8xxx2.c.obj
[squirtle:ro] [184/385] Building C object modules/ec/zephyr/CMakeFiles/ec_shim.dir/drivers/cros_kb_raw/cros_kb_raw_npcx.c.obj
[squirtle:ro] [185/385] Building C object modules/ec/zephyr/CMakeFiles/ec_shim.dir/drivers/cros_shi/cros_shi_npcx.c.obj
[pirrha:ro] [144/393] Linking C static library zephyr/drivers/adc/libdrivers__adc.a
[telith:rw] [172/403] Building C object zephyr/drivers/pinctrl/CMakeFiles/drivers__pinctrl.dir/common.c.obj
[telith:ro] [235/403] Building C object modules/ec/zephyr/CMakeFiles/ec_shim.dir/shim/src/temp_sensors.c.obj
[pirrha:ro] [145/393] Linking C static library zephyr/drivers/bbram/libdrivers__bbram.a
[telith:ro] [236/403] Building C object modules/ec/zephyr/CMakeFiles/ec_shim.dir/shim/src/hwtimer.c.obj
[squirtle:rw] [247/385] Building C object CMakeFiles/app.dir/mnt/host/source/src/platform/ec/build/zephyr/squirtle/modules/ec/common/adc.c.obj
[lapis:ro] [43/392] Building C object zephyr/CMakeFiles/zephyr.dir/subsys/pm/policy/policy_events.c.obj
[squirtle:rw] [248/385] Building C object CMakeFiles/app.dir/mnt/host/source/src/platform/ec/build/zephyr/squirtle/modules/ec/common/battery.c.obj
[telith:rw] [173/403] Building C object zephyr/drivers/pinctrl/CMakeFiles/drivers__pinctrl.dir/pinctrl_ite_it8xxx2.c.obj
[/mnt/host/source/src/platform/ec/build/zephyr/fatcatrvp-ite-lcov]   /mnt/host/source/src/platform/ec/build/zephyr/fatcatrvp-ite/build-ro/zephyr/arch/arch/riscv/core/CMakeFiles/arch__riscv__core.dir/cpu_idle.c.gcno:no functions found
[/mnt/host/source/src/platform/ec/build/zephyr/fatcatrvp-ite-lcov] stderr:
[telith:rw] [174/403] Linking C static library zephyr/drivers/pinctrl/libdrivers__pinctrl.a
[pirrha:ro] [146/393] Building C object zephyr/drivers/console/CMakeFiles/drivers__console.dir/uart_console.c.obj
[telith:rw] [175/403] Building C object zephyr/drivers/pwm/CMakeFiles/drivers__pwm.dir/pwm_ite_it8xxx2.c.obj
[telith:ro] [237/403] Building C object modules/ec/zephyr/CMakeFiles/ec_shim.dir/shim/src/i2c.c.obj
[telith:rw] [176/403] Building C object zephyr/drivers/sensor/CMakeFiles/drivers__sensor.dir/mnt/host/source/src/third_party/zephyr/main/misc/empty_file.c.obj
[squirtle:rw] [249/385] Building C object CMakeFiles/app.dir/mnt/host/source/src/platform/ec/build/zephyr/squirtle/modules/ec/common/battery_info.c.obj
[pirrha:ro] [147/393] Linking C static library zephyr/drivers/console/libdrivers__console.a
[telith:ro] [238/403] Building C object modules/ec/zephyr/CMakeFiles/ec_shim.dir/shim/src/tasks.c.obj
[telith:rw] [177/403] Linking C static library zephyr/drivers/pwm/libdrivers__pwm.a
[lapis:ro] [44/392] Building C object zephyr/CMakeFiles/zephyr.dir/subsys/pm/policy/policy_latency.c.obj
[pirrha:ro] [148/393] Building C object zephyr/drivers/eeprom/CMakeFiles/drivers__eeprom.dir/eeprom_shell.c.obj
[squirtle:ro] [186/385] Building C object modules/ec/zephyr/CMakeFiles/ec_shim.dir/drivers/cros_system/cros_system_npcx.c.obj
[telith:rw] [178/403] Linking C static library zephyr/drivers/sensor/libdrivers__sensor.a
[telith:ro] [239/403] Building C object modules/ec/zephyr/CMakeFiles/ec_shim.dir/shim/src/watchdog.c.obj
[squirtle:ro] [187/385] Building C object modules/ec/zephyr/CMakeFiles/ec_shim.dir/shim/chip/npcx/clock.c.obj
[telith:ro] [240/403] Building C object modules/ec/zephyr/CMakeFiles/ec_shim.dir/shim/src/ppc.c.obj
[telith:ro] [241/403] cd /mnt/host/source/src/platform/ec/build/zephyr/telith/build-ro/modules/ec/zephyr && PYTHONPATH=/mnt/host/source/src/platform/ec/build/zephyr/telith/modules/ec/zephyr/zmake/ /usr/bin/python3.11 /mnt/host/source/src/platform/ec/build/zephyr/telith/modules/ec/zephyr/zmake/zephyr_build_tools/generate_ec_version.py /mnt/host/source/src/platform/ec/build/zephyr/telith/build-ro/modules/ec/zephyr/include/ec_version.h --name Zephyr-Kernel --version 16543.0.0 --static
[telith:ro] INFO:root:Using a static version string
[squirtle:rw] [250/385] Building C object CMakeFiles/app.dir/mnt/host/source/src/platform/ec/build/zephyr/squirtle/modules/ec/common/battery_fuel_gauge.c.obj
[squirtle:rw] [251/385] Building C object CMakeFiles/app.dir/mnt/host/source/src/platform/ec/build/zephyr/squirtle/modules/ec/driver/battery/smart.c.obj
[squirtle:ro] [188/385] Building C object modules/ec/zephyr/CMakeFiles/ec_shim.dir/shim/chip/npcx/gpio.c.obj
[lapis:ro] [45/392] Building C object zephyr/CMakeFiles/zephyr.dir/subsys/pm/policy/policy_state_lock.c.obj
[pirrha:ro] [149/393] Building C object zephyr/drivers/eeprom/CMakeFiles/drivers__eeprom.dir/eeprom_at2x.c.obj
[telith:ro] INFO:root:Version string: Zephyr-Kernel-16543.0.0
[telith:ro] INFO:root:Writing header to /mnt/host/source/src/platform/ec/build/zephyr/telith/build-ro/modules/ec/zephyr/include/ec_version.h
[telith:ro] [242/403] Building C object modules/ec/zephyr/CMakeFiles/ec_shim.dir/shim/src/usba.c.obj
[telith:rw] [179/403] Building C object zephyr/drivers/sensor/ite/ite_tach_it8xxx2/CMakeFiles/drivers__sensor__ite__ite_tach_it8xxx2.dir/tach_ite_it8xxx2.c.obj
[pirrha:ro] [150/393] Linking C static library zephyr/drivers/eeprom/libdrivers__eeprom.a
[telith:ro] [243/403] Building C object modules/ec/zephyr/CMakeFiles/ec_shim.dir/shim/src/power_host_sleep_api.c.obj
[telith:rw] [180/403] Linking C static library zephyr/drivers/sensor/ite/ite_tach_it8xxx2/libdrivers__sensor__ite__ite_tach_it8xxx2.a
[/mnt/host/source/src/platform/ec/build/zephyr/fatcatrvp-ite-lcov]   /mnt/host/source/src/platform/ec/build/zephyr/fatcatrvp-ite/build-ro/zephyr/arch/common/CMakeFiles/isr_tables.dir/isr_tables.c.gcno:no functions found
[/mnt/host/source/src/platform/ec/build/zephyr/fatcatrvp-ite-lcov] stderr:
[telith:ro] [244/403] Building C object CMakeFiles/app.dir/mnt/host/source/src/platform/ec/zephyr/subsys/ap_pwrseq/ap_events.c.obj
[squirtle:ro] [189/385] Building C object modules/ec/zephyr/CMakeFiles/ec_shim.dir/shim/chip/npcx/rom_chip.c.obj
[pirrha:ro] [151/393] Building C object zephyr/drivers/espi/CMakeFiles/drivers__espi.dir/espi_it8xxx2.c.obj
[telith:rw] [181/403] Building C object zephyr/drivers/sensor/ite/ite_vcmp_it8xxx2/CMakeFiles/drivers__sensor__ite__ite_vcmp_it8xxx2.dir/vcmp_ite_it8xxx2.c.obj
[squirtle:ro] [190/385] Building C object modules/ec/zephyr/CMakeFiles/ec_shim.dir/shim/chip/npcx/keyboard_raw.c.obj
[telith:ro] [245/403] Building C object modules/ec/zephyr/CMakeFiles/ec_shim.dir/shim/src/usb_muxes.c.obj
[pirrha:ro] [152/393] Linking C static library zephyr/drivers/espi/libdrivers__espi.a
[telith:rw] [182/403] Linking C static library zephyr/drivers/sensor/ite/ite_vcmp_it8xxx2/libdrivers__sensor__ite__ite_vcmp_it8xxx2.a
[squirtle:rw] [252/385] Building C object CMakeFiles/app.dir/mnt/host/source/src/platform/ec/build/zephyr/squirtle/modules/ec/driver/charger/isl923x.c.obj
[squirtle:rw] [253/385] Building C object CMakeFiles/app.dir/mnt/host/source/src/platform/ec/build/zephyr/squirtle/modules/ec/common/charger.c.obj
[lapis:ro] [46/392] Building C object zephyr/CMakeFiles/zephyr.dir/subsys/pm/device.c.obj
[squirtle:ro] [191/385] Building C object modules/ec/zephyr/CMakeFiles/ec_shim.dir/shim/chip/npcx/shi.c.obj
[pirrha:ro] [153/393] Building C object zephyr/drivers/flash/CMakeFiles/drivers__flash.dir/flash_ite_it8xxx2.c.obj
[telith:ro] [246/403] Building C object CMakeFiles/app.dir/mnt/host/source/src/platform/ec/zephyr/subsys/ap_pwrseq/ap_power_interface.c.obj
[squirtle:rw] [254/385] Building C object CMakeFiles/app.dir/mnt/host/source/src/platform/ec/build/zephyr/squirtle/modules/ec/common/charge_state.c.obj
[pirrha:ro] [154/393] Linking C static library zephyr/drivers/flash/libdrivers__flash.a
[telith:rw] [183/403] Building C object zephyr/drivers/serial/CMakeFiles/drivers__serial.dir/uart_ite_it8xxx2.c.obj
[telith:ro] [247/403] Building C object CMakeFiles/app.dir/mnt/host/source/src/platform/ec/zephyr/subsys/ap_pwrseq/power_signals.c.obj
[pirrha:ro] [155/393] Building C object zephyr/drivers/gpio/CMakeFiles/drivers__gpio.dir/gpio_ite_it8xxx2.c.obj
[telith:ro] [248/403] Building C object CMakeFiles/app.dir/mnt/host/source/src/platform/ec/zephyr/subsys/ap_pwrseq/signal_gpio.c.obj
[squirtle:ro] [192/385] Building C object modules/ec/zephyr/CMakeFiles/ec_shim.dir/shim/chip/npcx/system_external_storage.c.obj
[telith:ro] [249/403] Building C object CMakeFiles/app.dir/mnt/host/source/src/platform/ec/zephyr/subsys/ap_pwrseq/signal_vw.c.obj
[lapis:ro] [47/392] Building C object zephyr/CMakeFiles/zephyr.dir/subsys/pm/device_runtime.c.obj
[telith:rw] [184/403] Building C object zephyr/drivers/serial/CMakeFiles/drivers__serial.dir/uart_ns16550.c.obj
[squirtle:ro] [193/385] Building C object modules/ec/zephyr/CMakeFiles/ec_shim.dir/shim/chip/npcx/system.c.obj
[telith:rw] [185/403] Linking C static library zephyr/drivers/serial/libdrivers__serial.a
[pirrha:ro] [156/393] Building C object zephyr/drivers/gpio/CMakeFiles/drivers__gpio.dir/gpio_kscan_ite_it8xxx2.c.obj
[telith:rw] [186/403] Building C object zephyr/drivers/timer/CMakeFiles/drivers__timer.dir/sys_clock_init.c.obj
[pirrha:ro] [157/393] Linking C static library zephyr/drivers/gpio/libdrivers__gpio.a
[squirtle:rw] [255/385] Building C object CMakeFiles/app.dir/mnt/host/source/src/platform/ec/build/zephyr/squirtle/modules/ec/common/cbi_common.c.obj
[squirtle:ro] [194/385] Building C object modules/ec/zephyr/CMakeFiles/ec_shim.dir/shim/chip/npcx/power_policy.c.obj
[squirtle:rw] [256/385] Building C object CMakeFiles/app.dir/mnt/host/source/src/platform/ec/build/zephyr/squirtle/modules/ec/common/charge_manager.c.obj
[telith:ro] [250/403] Building C object CMakeFiles/app.dir/mnt/host/source/src/platform/ec/zephyr/subsys/ap_pwrseq/signal_adc.c.obj
[squirtle:rw] [257/385] Building C object CMakeFiles/app.dir/mnt/host/source/src/platform/ec/build/zephyr/squirtle/modules/ec/common/cbi.c.obj
[lapis:ro] [48/392] Building C object zephyr/CMakeFiles/zephyr.dir/subsys/pm/device_system_managed.c.obj
[telith:ro] [251/403] Building C object CMakeFiles/app.dir/mnt/host/source/src/platform/ec/zephyr/subsys/ap_pwrseq/power_host_sleep.c.obj
[pirrha:ro] [158/393] Building C object zephyr/drivers/i2c/CMakeFiles/drivers__i2c.dir/i2c_common.c.obj
[telith:ro] [252/403] Building C object CMakeFiles/app.dir/mnt/host/source/src/platform/ec/zephyr/subsys/ap_pwrseq/x86_non_dsx_common_pwrseq_sm_handler.c.obj
[squirtle:ro] [195/385] Building C object modules/ec/zephyr/CMakeFiles/ec_shim.dir/shim/core/cortex-m/panic.c.obj
[squirtle:ro] [196/385] Building C object modules/ec/zephyr/CMakeFiles/ec_shim.dir/shim/core/cortex-m/mpu.c.obj
[telith:rw] [187/403] Building C object zephyr/drivers/timer/CMakeFiles/drivers__timer.dir/ite_it8xxx2_timer.c.obj
[telith:rw] [188/403] Building C object zephyr/drivers/watchdog/CMakeFiles/drivers__watchdog.dir/wdt_ite_it8xxx2.c.obj
[telith:ro] [253/403] Building C object CMakeFiles/app.dir/mnt/host/source/src/platform/ec/zephyr/subsys/ap_pwrseq/x86_non_dsx_chipset_power_state.c.obj
[pirrha:ro] [159/393] Building C object zephyr/drivers/i2c/CMakeFiles/drivers__i2c.dir/i2c_bitbang.c.obj
[squirtle:ro] [197/385] Building C object modules/ec/zephyr/CMakeFiles/ec_shim.dir/shim/src/crc.c.obj
[telith:rw] [189/403] Linking C static library zephyr/drivers/timer/libdrivers__timer.a
[squirtle:rw] [258/385] Building C object CMakeFiles/app.dir/mnt/host/source/src/platform/ec/build/zephyr/squirtle/modules/ec/common/cbi_config.c.obj
[squirtle:ro] [198/385] Building C object modules/ec/zephyr/CMakeFiles/ec_shim.dir/shim/src/console.c.obj
[telith:ro] [254/403] Building C object CMakeFiles/app.dir/mnt/host/source/src/platform/ec/zephyr/subsys/ap_pwrseq/x86_non_dsx_common_pwrseq_host_sleep.c.obj
[lapis:ro] [49/392] Building C object zephyr/CMakeFiles/zephyr.dir/subsys/testsuite/coverage/coverage.c.obj
[squirtle:rw] [259/385] Building C object CMakeFiles/app.dir/mnt/host/source/src/platform/ec/build/zephyr/squirtle/modules/ec/common/memory_commands.c.obj
[pirrha:ro] [160/393] Building C object zephyr/drivers/i2c/CMakeFiles/drivers__i2c.dir/i2c_shell.c.obj
[squirtle:rw] [260/385] Building C object CMakeFiles/app.dir/mnt/host/source/src/platform/ec/build/zephyr/squirtle/modules/ec/common/chipset.c.obj
[telith:rw] [190/403] Building C object zephyr/drivers/watchdog/CMakeFiles/drivers__watchdog.dir/wdt_shell.c.obj
[telith:ro] [255/403] Building C object CMakeFiles/app.dir/mnt/host/source/src/platform/ec/zephyr/subsys/ap_pwrseq/x86_non_dsx_common_pwrseq_host_command.c.obj
[telith:rw] [191/403] Linking C static library zephyr/drivers/watchdog/libdrivers__watchdog.a
[telith:ro] [256/403] Building C object CMakeFiles/app.dir/mnt/host/source/src/platform/ec/zephyr/subsys/ap_pwrseq/x86_non_dsx_common_pwrseq_console.c.obj
[pirrha:ro] [161/393] Building C object zephyr/drivers/i2c/CMakeFiles/drivers__i2c.dir/i2c_ite_enhance.c.obj
[squirtle:ro] [199/385] Building C object modules/ec/zephyr/CMakeFiles/ec_shim.dir/shim/src/gpio.c.obj
[lapis:ro] [50/392] Building C object zephyr/CMakeFiles/zephyr.dir/subsys/tracing/tracing_none.c.obj
[telith:ro] [257/403] Building C object CMakeFiles/app.dir/mnt/host/source/src/platform/ec/zephyr/subsys/ap_pwrseq/x86_non_dsx_adlp_pwrseq_sm.c.obj
[telith:rw] [192/403] Building C object modules/ec/zephyr/CMakeFiles/ec_shim.dir/app/ec/ec_app_main.c.obj
[squirtle:ro] [200/385] Building C object modules/ec/zephyr/CMakeFiles/ec_shim.dir/shim/src/gpio_int.c.obj
[squirtle:rw] [261/385] Building C object CMakeFiles/app.dir/mnt/host/source/src/platform/ec/build/zephyr/squirtle/modules/ec/common/ap_reset_log.c.obj
[telith:ro] [258/403] Building C object CMakeFiles/app.dir/mnt/host/source/src/platform/ec/zephyr/subsys/ap_pwrseq/ap_reset_log.c.obj
[squirtle:ro] [201/385] Building C object modules/ec/zephyr/CMakeFiles/ec_shim.dir/shim/src/panic_utils.c.obj
[pirrha:ro] [162/393] Building C object zephyr/drivers/i2c/CMakeFiles/drivers__i2c.dir/i2c_ite_it8xxx2.c.obj
[squirtle:rw] [262/385] Building C object CMakeFiles/app.dir/mnt/host/source/src/platform/ec/build/zephyr/squirtle/modules/ec/common/extpower_gpio.c.obj
[pirrha:ro] [163/393] Building C object zephyr/drivers/pinctrl/CMakeFiles/drivers__pinctrl.dir/common.c.obj
[squirtle:rw] [263/385] Building C object CMakeFiles/app.dir/mnt/host/source/src/platform/ec/build/zephyr/squirtle/modules/ec/common/extpower_common.c.obj
[telith:rw] [193/403] Building C object modules/ec/zephyr/CMakeFiles/ec_shim.dir/app/ec/main_shim.c.obj
[pirrha:ro] [164/393] Linking C static library zephyr/drivers/i2c/libdrivers__i2c.a
[telith:ro] [259/403] Building C object CMakeFiles/app.dir/mnt/host/source/src/platform/ec/build/zephyr/telith/modules/ec/builtin/stdlib.c.obj
[telith:ro] [260/403] Building C object CMakeFiles/app.dir/mnt/host/source/src/platform/ec/build/zephyr/telith/modules/ec/common/base32.c.obj
[lapis:ro] [51/392] Building C object zephyr/CMakeFiles/zephyr.dir/subsys/shell/modules/kernel_service/kernel_shell.c.obj
[pirrha:ro] [165/393] Building C object zephyr/drivers/sensor/CMakeFiles/drivers__sensor.dir/mnt/host/source/src/third_party/zephyr/main/misc/empty_file.c.obj
[pirrha:ro] [166/393] Linking C static library zephyr/drivers/sensor/libdrivers__sensor.a
[telith:rw] [194/403] Building C object modules/ec/zephyr/CMakeFiles/ec_shim.dir/app/ec/chip/riscv/riscv-ite/it8xxx2-espi.c.obj
[squirtle:ro] [202/385] Building C object modules/ec/zephyr/CMakeFiles/ec_shim.dir/shim/src/pm_state.c.obj
[squirtle:ro] [203/385] Building C object modules/ec/zephyr/CMakeFiles/ec_shim.dir/shim/src/cbi/cros_cbi.c.obj
[telith:ro] [261/403] Building C object CMakeFiles/app.dir/mnt/host/source/src/platform/ec/build/zephyr/telith/modules/ec/common/console_output.c.obj
[/mnt/host/source/src/platform/ec/build/zephyr/fatcatrvp-ite-lcov]   /mnt/host/source/src/platform/ec/build/zephyr/fatcatrvp-ite/build-ro/zephyr/CMakeFiles/zephyr.dir/subsys/shell/modules/kernel_service/kernel_shell.c.gcno:no functions found
[/mnt/host/source/src/platform/ec/build/zephyr/fatcatrvp-ite-lcov] stderr:
[telith:ro] [262/403] Building C object CMakeFiles/app.dir/mnt/host/source/src/platform/ec/build/zephyr/telith/modules/ec/common/ec_features.c.obj
[squirtle:rw] [264/385] Building C object CMakeFiles/app.dir/mnt/host/source/src/platform/ec/build/zephyr/squirtle/modules/ec/common/flash.c.obj
[squirtle:ro] [204/385] Building C object modules/ec/zephyr/CMakeFiles/ec_shim.dir/shim/src/cbi/cbi_eeprom.c.obj
[lapis:ro] [52/392] Building C object zephyr/CMakeFiles/zephyr.dir/subsys/shell/modules/kernel_service/cycles.c.obj
[pirrha:ro] [167/393] Building C object zephyr/drivers/pinctrl/CMakeFiles/drivers__pinctrl.dir/pinctrl_ite_it8xxx2.c.obj
[/mnt/host/source/src/platform/ec/build/zephyr/fatcatrvp-ite-lcov]   /mnt/host/source/src/platform/ec/build/zephyr/fatcatrvp-ite/build-ro/zephyr/CMakeFiles/zephyr.dir/lib/libc/validate_libc.c.gcno:no functions found
[/mnt/host/source/src/platform/ec/build/zephyr/fatcatrvp-ite-lcov] stderr:
[pirrha:ro] [168/393] Linking C static library zephyr/drivers/pinctrl/libdrivers__pinctrl.a
[telith:ro] [263/403] Building C object CMakeFiles/app.dir/mnt/host/source/src/platform/ec/build/zephyr/telith/modules/ec/common/gpio_commands.c.obj
[telith:rw] [195/403] Building C object modules/ec/zephyr/CMakeFiles/ec_shim.dir/drivers/cros_flash/cros_flash_it8xxx2.c.obj
[squirtle:rw] [265/385] Building C object CMakeFiles/app.dir/mnt/host/source/src/platform/ec/build/zephyr/squirtle/modules/ec/common/host_command.c.obj
[squirtle:rw] [266/385] Building C object CMakeFiles/app.dir/mnt/host/source/src/platform/ec/build/zephyr/squirtle/modules/ec/common/host_command_task.c.obj
[telith:ro] [264/403] Building C object CMakeFiles/app.dir/mnt/host/source/src/platform/ec/build/zephyr/telith/modules/ec/common/peripheral.c.obj
[telith:rw] [196/403] Building C object modules/ec/zephyr/CMakeFiles/ec_shim.dir/drivers/cros_kblight/pwm_kblight.c.obj
[pirrha:ro] [169/393] Building C object zephyr/drivers/sensor/ite/ite_vcmp_it8xxx2/CMakeFiles/drivers__sensor__ite__ite_vcmp_it8xxx2.dir/vcmp_ite_it8xxx2.c.obj
[pirrha:ro] [170/393] Linking C static library zephyr/drivers/sensor/ite/ite_vcmp_it8xxx2/libdrivers__sensor__ite__ite_vcmp_it8xxx2.a
[squirtle:ro] [205/385] Building C object modules/ec/zephyr/CMakeFiles/ec_shim.dir/shim/src/led_driver/led.c.obj
[squirtle:ro] [206/385] Building C object modules/ec/zephyr/CMakeFiles/ec_shim.dir/shim/src/led_driver/led_pwm.c.obj
[telith:ro] [265/403] Building C object CMakeFiles/app.dir/mnt/host/source/src/platform/ec/build/zephyr/telith/modules/ec/common/queue.c.obj
[lapis:ro] [53/392] Building C object zephyr/CMakeFiles/zephyr.dir/subsys/shell/modules/kernel_service/sleep.c.obj
[telith:ro] [266/403] Building C object CMakeFiles/app.dir/mnt/host/source/src/platform/ec/build/zephyr/telith/modules/ec/common/printf.c.obj
[squirtle:ro] [207/385] Building ASM object modules/ec/zephyr/CMakeFiles/ec_shim.dir/shim/src/libgcc_arm.S.obj
[pirrha:ro] [171/393] Building C object zephyr/drivers/serial/CMakeFiles/drivers__serial.dir/uart_ite_it8xxx2.c.obj
[squirtle:ro] [208/385] Building C object modules/ec/zephyr/CMakeFiles/ec_shim.dir/shim/src/system.c.obj
[squirtle:rw] [267/385] Building C object CMakeFiles/app.dir/mnt/host/source/src/platform/ec/build/zephyr/squirtle/modules/ec/common/host_event_commands.c.obj
[telith:ro] [267/403] Building C object CMakeFiles/app.dir/mnt/host/source/src/platform/ec/build/zephyr/telith/modules/ec/common/system_boot_time.c.obj
[telith:rw] [197/403] Building C object modules/ec/zephyr/CMakeFiles/ec_shim.dir/drivers/cros_system/cros_system_it8xxx2.c.obj
[squirtle:rw] [268/385] Building C object CMakeFiles/app.dir/mnt/host/source/src/platform/ec/build/zephyr/squirtle/modules/ec/common/uptime.c.obj
[telith:ro] [268/403] Building C object CMakeFiles/app.dir/mnt/host/source/src/platform/ec/build/zephyr/telith/modules/ec/common/system.c.obj
[telith:rw] [198/403] Building C object modules/ec/zephyr/CMakeFiles/ec_shim.dir/drivers/keyboard_input/keyboard_customization_check.c.obj
[squirtle:rw] [269/385] Building C object CMakeFiles/app.dir/mnt/host/source/src/platform/ec/build/zephyr/squirtle/modules/ec/common/uart_hostcmd.c.obj
[telith:rw] [199/403] Building C object modules/ec/zephyr/CMakeFiles/ec_shim.dir/drivers/keyboard_input/keyboard_input.c.obj
[/mnt/host/source/src/platform/ec/build/zephyr/fatcatrvp-ite-lcov]   /mnt/host/source/src/platform/ec/build/zephyr/fatcatrvp-ite/build-ro/zephyr/CMakeFiles/zephyr.dir/lib/utils/last_section_id.c.gcno:no functions found
[/mnt/host/source/src/platform/ec/build/zephyr/fatcatrvp-ite-lcov] stderr:
[lapis:ro] [54/392] Building C object zephyr/CMakeFiles/zephyr.dir/subsys/shell/modules/kernel_service/uptime.c.obj
[pirrha:ro] [172/393] Building C object zephyr/drivers/serial/CMakeFiles/drivers__serial.dir/uart_ns16550.c.obj
[telith:ro] [269/403] Building C object CMakeFiles/app.dir/mnt/host/source/src/platform/ec/build/zephyr/telith/modules/ec/common/uart_printf.c.obj
[pirrha:ro] [173/393] Linking C static library zephyr/drivers/serial/libdrivers__serial.a
[pirrha:ro] [174/393] Building C object zephyr/drivers/timer/CMakeFiles/drivers__timer.dir/sys_clock_init.c.obj
[telith:ro] [270/403] Building C object CMakeFiles/app.dir/mnt/host/source/src/platform/ec/build/zephyr/telith/modules/ec/common/util.c.obj
[squirtle:ro] [209/385] Building C object modules/ec/zephyr/CMakeFiles/ec_shim.dir/shim/src/adc.c.obj
[squirtle:ro] [210/385] Building C object modules/ec/zephyr/CMakeFiles/ec_shim.dir/shim/src/battery.c.obj
[squirtle:ro] [211/385] Building C object modules/ec/zephyr/CMakeFiles/ec_shim.dir/shim/src/charger.c.obj
[telith:rw] [200/403] Building C object modules/ec/zephyr/CMakeFiles/ec_shim.dir/drivers/keyboard_input/col_gpio_drive.c.obj
[telith:ro] [271/403] Building C object CMakeFiles/app.dir/mnt/host/source/src/platform/ec/build/zephyr/telith/modules/ec/common/version.c.obj
[squirtle:rw] [270/385] Building C object CMakeFiles/app.dir/mnt/host/source/src/platform/ec/build/zephyr/squirtle/modules/ec/common/i2c_controller.c.obj
[lapis:ro] [55/392] Building C object zephyr/CMakeFiles/zephyr.dir/subsys/shell/modules/kernel_service/version.c.obj
[telith:ro] [272/403] Building C object CMakeFiles/app.dir/mnt/host/source/src/platform/ec/build/zephyr/telith/modules/ec/common/power_button_x86.c.obj
[squirtle:rw] [271/385] Building C object CMakeFiles/app.dir/mnt/host/source/src/platform/ec/build/zephyr/squirtle/modules/ec/common/i2c_passthru.c.obj
[pirrha:ro] [175/393] Building C object zephyr/drivers/timer/CMakeFiles/drivers__timer.dir/ite_it8xxx2_timer.c.obj
[telith:rw] [201/403] Building C object modules/ec/zephyr/CMakeFiles/ec_shim.dir/drivers/boot_keys/boot_keys.c.obj
[pirrha:ro] [176/393] Linking C static library zephyr/drivers/timer/libdrivers__timer.a
[pirrha:ro] [177/393] Building C object zephyr/drivers/watchdog/CMakeFiles/drivers__watchdog.dir/wdt_ite_it8xxx2.c.obj
[squirtle:rw] [272/385] Building C object CMakeFiles/app.dir/mnt/host/source/src/platform/ec/build/zephyr/squirtle/modules/ec/common/virtual_battery.c.obj
[telith:ro] [273/403] Building C object CMakeFiles/app.dir/mnt/host/source/src/platform/ec/build/zephyr/telith/modules/ec/common/adc.c.obj
[squirtle:ro] [212/385] Building C object modules/ec/zephyr/CMakeFiles/ec_shim.dir/shim/src/flash.c.obj
[telith:ro] [274/403] Building C object CMakeFiles/app.dir/mnt/host/source/src/platform/ec/build/zephyr/telith/modules/ec/common/acpi.c.obj
[lapis:ro] [56/392] Building C object zephyr/CMakeFiles/zephyr.dir/subsys/shell/modules/kernel_service/reboot.c.obj
[telith:rw] [202/403] Building C object modules/ec/zephyr/CMakeFiles/ec_shim.dir/drivers/runtime_keys/runtime_keys.c.obj
[telith:ro] [275/403] Building C object CMakeFiles/app.dir/mnt/host/source/src/platform/ec/build/zephyr/telith/modules/ec/common/backlight_lid.c.obj
[squirtle:ro] [213/385] Building C object modules/ec/zephyr/CMakeFiles/ec_shim.dir/shim/src/hooks.c.obj
[squirtle:ro] [214/385] Building C object modules/ec/zephyr/CMakeFiles/ec_shim.dir/shim/src/host_command.c.obj
[pirrha:ro] [178/393] Building C object zephyr/drivers/watchdog/CMakeFiles/drivers__watchdog.dir/wdt_shell.c.obj
[telith:ro] [276/403] Building C object CMakeFiles/app.dir/mnt/host/source/src/platform/ec/build/zephyr/telith/modules/ec/common/battery.c.obj
[pirrha:ro] [179/393] Linking C static library zephyr/drivers/watchdog/libdrivers__watchdog.a
[squirtle:rw] [273/385] Building C object CMakeFiles/app.dir/mnt/host/source/src/platform/ec/build/zephyr/squirtle/modules/ec/common/mkbp_fifo.c.obj
[squirtle:rw] [274/385] Building C object CMakeFiles/app.dir/mnt/host/source/src/platform/ec/build/zephyr/squirtle/modules/ec/common/keyboard_scan.c.obj
[telith:rw] [203/403] Building C object modules/ec/zephyr/CMakeFiles/ec_shim.dir/drivers/vivaldi_kbd/vivaldi_kbd.c.obj
[pirrha:ro] [180/393] Building C object modules/ec/zephyr/CMakeFiles/ec_shim.dir/app/ec/ec_app_main.c.obj
[lapis:ro] [57/392] Building C object zephyr/CMakeFiles/zephyr.dir/subsys/shell/modules/kernel_service/thread/thread.c.obj
[squirtle:rw] [275/385] Building C object CMakeFiles/app.dir/mnt/host/source/src/platform/ec/build/zephyr/squirtle/modules/ec/common/mkbp_info.c.obj
[telith:ro] [277/403] Building C object CMakeFiles/app.dir/mnt/host/source/src/platform/ec/build/zephyr/telith/modules/ec/common/battery_info.c.obj
[telith:ro] [278/403] Building C object CMakeFiles/app.dir/mnt/host/source/src/platform/ec/build/zephyr/telith/modules/ec/common/battery_fuel_gauge.c.obj
[telith:rw] [204/403] Building C object modules/ec/zephyr/CMakeFiles/ec_shim.dir/shim/chip/it8xxx2/clock.c.obj
[squirtle:ro] [215/385] Building C object modules/ec/zephyr/CMakeFiles/ec_shim.dir/shim/src/console_buffer.c.obj
[squirtle:ro] [216/385] Building C object modules/ec/zephyr/CMakeFiles/ec_shim.dir/shim/src/keyboard_raw.c.obj
[squirtle:ro] [217/385] Building C object modules/ec/zephyr/CMakeFiles/ec_shim.dir/shim/src/keyscan.c.obj
[telith:ro] [279/403] Building C object CMakeFiles/app.dir/mnt/host/source/src/platform/ec/build/zephyr/telith/modules/ec/driver/battery/smart.c.obj
[pirrha:ro] [181/393] Building C object modules/ec/zephyr/CMakeFiles/ec_shim.dir/app/ec/main_shim.c.obj
[lapis:ro] [58/392] Building C object zephyr/CMakeFiles/zephyr.dir/subsys/shell/modules/kernel_service/thread/list.c.obj
[telith:ro] [280/403] Building C object CMakeFiles/app.dir/mnt/host/source/src/platform/ec/build/zephyr/telith/modules/ec/driver/charger/bq25710.c.obj
[telith:rw] [205/403] Building C object modules/ec/zephyr/CMakeFiles/ec_shim.dir/shim/chip/it8xxx2/gpio.c.obj
[squirtle:rw] [276/385] Building C object CMakeFiles/app.dir/mnt/host/source/src/platform/ec/build/zephyr/squirtle/modules/ec/common/mkbp_input_devices.c.obj
[squirtle:rw] [277/385] Building C object CMakeFiles/app.dir/mnt/host/source/src/platform/ec/build/zephyr/squirtle/modules/ec/common/keyboard_mkbp.c.obj
[telith:ro] [281/403] Building C object CMakeFiles/app.dir/mnt/host/source/src/platform/ec/build/zephyr/telith/modules/ec/common/charger.c.obj
[squirtle:rw] [278/385] Building C object CMakeFiles/app.dir/mnt/host/source/src/platform/ec/build/zephyr/squirtle/modules/ec/common/led_common.c.obj
[pirrha:ro] [182/393] Building C object modules/ec/zephyr/CMakeFiles/ec_shim.dir/app/ec/chip/riscv/riscv-ite/it8xxx2-espi.c.obj
[squirtle:ro] [218/385] Building C object modules/ec/zephyr/CMakeFiles/ec_shim.dir/shim/src/mkbp_event.c.obj
[lapis:ro] [59/392] Building C object zephyr/CMakeFiles/zephyr.dir/subsys/shell/modules/kernel_service/thread/stacks.c.obj
[telith:rw] [206/403] Building C object modules/ec/zephyr/CMakeFiles/ec_shim.dir/shim/chip/it8xxx2/system.c.obj
[squirtle:ro] [219/385] Building C object modules/ec/zephyr/CMakeFiles/ec_shim.dir/shim/src/panic.c.obj
[telith:ro] [282/403] Building C object CMakeFiles/app.dir/mnt/host/source/src/platform/ec/build/zephyr/telith/modules/ec/common/charge_state.c.obj
[squirtle:ro] [220/385] Building C object modules/ec/zephyr/CMakeFiles/ec_shim.dir/shim/src/motionsense_sensors.c.obj
[pirrha:ro] [183/393] Building C object modules/ec/zephyr/CMakeFiles/ec_shim.dir/drivers/cros_flash/cros_flash_it8xxx2.c.obj
[telith:ro] [283/403] Building C object CMakeFiles/app.dir/mnt/host/source/src/platform/ec/build/zephyr/telith/modules/ec/common/cbi_common.c.obj
[telith:ro] [284/403] Building C object CMakeFiles/app.dir/mnt/host/source/src/platform/ec/build/zephyr/telith/modules/ec/common/charge_manager.c.obj
[telith:rw] [207/403] Building C object modules/ec/zephyr/CMakeFiles/ec_shim.dir/shim/chip/it8xxx2/power_policy.c.obj
[pirrha:ro] [184/393] Building C object modules/ec/zephyr/CMakeFiles/ec_shim.dir/drivers/cros_kb_raw/cros_kb_raw_ite.c.obj
[squirtle:rw] [279/385] Building C object CMakeFiles/app.dir/mnt/host/source/src/platform/ec/build/zephyr/squirtle/modules/ec/common/motion_lid.c.obj
[squirtle:rw] [280/385] Building C object CMakeFiles/app.dir/mnt/host/source/src/platform/ec/build/zephyr/squirtle/modules/ec/common/lid_angle.c.obj
[squirtle:rw] [281/385] Building C object CMakeFiles/app.dir/mnt/host/source/src/platform/ec/build/zephyr/squirtle/modules/ec/common/lid_angle_keyboard_policy.c.obj
[telith:rw] [208/403] Building C object modules/ec/zephyr/CMakeFiles/ec_shim.dir/shim/src/crc.c.obj
[lapis:ro] [60/392] Building C object zephyr/CMakeFiles/zephyr.dir/subsys/shell/modules/kernel_service/thread/suspend.c.obj
[telith:ro] [285/403] Building C object CMakeFiles/app.dir/mnt/host/source/src/platform/ec/build/zephyr/telith/modules/ec/common/cbi.c.obj
[squirtle:ro] [221/385] Building C object modules/ec/zephyr/CMakeFiles/ec_shim.dir/shim/src/power.c.obj
[telith:ro] [286/403] Building C object CMakeFiles/app.dir/mnt/host/source/src/platform/ec/build/zephyr/telith/modules/ec/common/cbi_config.c.obj
[squirtle:ro] [222/385] Building C object modules/ec/zephyr/CMakeFiles/ec_shim.dir/shim/src/hwtimer.c.obj
[telith:rw] [209/403] Building C object modules/ec/zephyr/CMakeFiles/ec_shim.dir/shim/src/console.c.obj
[squirtle:ro] [223/385] Building C object modules/ec/zephyr/CMakeFiles/ec_shim.dir/shim/src/i2c.c.obj
[pirrha:ro] [185/393] Building C object modules/ec/zephyr/CMakeFiles/ec_shim.dir/drivers/cros_system/cros_system_it8xxx2.c.obj
[telith:ro] [287/403] Building C object CMakeFiles/app.dir/mnt/host/source/src/platform/ec/build/zephyr/telith/modules/ec/common/memory_commands.c.obj
[lapis:ro] [61/392] Building C object zephyr/CMakeFiles/zephyr.dir/subsys/shell/modules/kernel_service/thread/resume.c.obj
[telith:ro] [288/403] Building C object CMakeFiles/app.dir/mnt/host/source/src/platform/ec/build/zephyr/telith/modules/ec/common/dptf.c.obj
[pirrha:ro] [186/393] Building C object modules/ec/zephyr/CMakeFiles/ec_shim.dir/drivers/vivaldi_kbd/vivaldi_kbd.c.obj
[telith:ro] [289/403] Building C object CMakeFiles/app.dir/mnt/host/source/src/platform/ec/build/zephyr/telith/modules/ec/common/ap_reset_log.c.obj
[squirtle:rw] [282/385] Building C object CMakeFiles/app.dir/mnt/host/source/src/platform/ec/build/zephyr/squirtle/modules/ec/common/lid_switch.c.obj
[telith:rw] [210/403] Building C object modules/ec/zephyr/CMakeFiles/ec_shim.dir/shim/src/gpio.c.obj
[squirtle:rw] [283/385] Building C object CMakeFiles/app.dir/mnt/host/source/src/platform/ec/build/zephyr/squirtle/modules/ec/common/mkbp_event.c.obj
[telith:ro] [290/403] Building C object CMakeFiles/app.dir/mnt/host/source/src/platform/ec/build/zephyr/telith/modules/ec/common/espi.c.obj
[squirtle:rw] [284/385] Building C object CMakeFiles/app.dir/mnt/host/source/src/platform/ec/build/zephyr/squirtle/modules/ec/common/motion_sense.c.obj
[squirtle:ro] [224/385] Building C object modules/ec/zephyr/CMakeFiles/ec_shim.dir/shim/src/tasks.c.obj
[lapis:ro] [62/392] Building C object zephyr/CMakeFiles/zephyr.dir/subsys/shell/modules/kernel_service/thread/kill.c.obj
[telith:rw] [211/403] Building C object modules/ec/zephyr/CMakeFiles/ec_shim.dir/shim/src/gpio_int.c.obj
[squirtle:ro] [225/385] Building C object modules/ec/zephyr/CMakeFiles/ec_shim.dir/shim/src/watchdog.c.obj
[pirrha:ro] [187/393] Building C object modules/ec/zephyr/CMakeFiles/ec_shim.dir/shim/chip/it8xxx2/clock.c.obj
[squirtle:ro] [226/385] Building C object modules/ec/zephyr/CMakeFiles/ec_shim.dir/shim/src/ppc.c.obj
[telith:ro] [291/403] Building C object CMakeFiles/app.dir/mnt/host/source/src/platform/ec/build/zephyr/telith/modules/ec/common/extpower_common.c.obj
[squirtle:ro] [227/385] cd /mnt/host/source/src/platform/ec/build/zephyr/squirtle/build-ro/modules/ec/zephyr && PYTHONPATH=/mnt/host/source/src/platform/ec/build/zephyr/squirtle/modules/ec/zephyr/zmake/ /usr/bin/python3.11 /mnt/host/source/src/platform/ec/build/zephyr/squirtle/modules/ec/zephyr/zmake/zephyr_build_tools/generate_ec_version.py /mnt/host/source/src/platform/ec/build/zephyr/squirtle/build-ro/modules/ec/zephyr/include/ec_version.h --name Zephyr-Kernel --version 16543.0.0 --static
[telith:ro] [292/403] Building C object CMakeFiles/app.dir/mnt/host/source/src/platform/ec/build/zephyr/telith/modules/ec/common/extpower_gpio.c.obj
[telith:rw] [212/403] Building C object modules/ec/zephyr/CMakeFiles/ec_shim.dir/shim/src/panic_utils.c.obj
[squirtle:rw] [285/385] Building C object CMakeFiles/app.dir/mnt/host/source/src/platform/ec/build/zephyr/squirtle/modules/ec/common/power_button.c.obj
[telith:ro] [293/403] Building C object CMakeFiles/app.dir/mnt/host/source/src/platform/ec/build/zephyr/telith/modules/ec/common/fan.c.obj
[squirtle:rw] [286/385] Building C object CMakeFiles/app.dir/mnt/host/source/src/platform/ec/build/zephyr/squirtle/modules/ec/power/common.c.obj
[pirrha:ro] [188/393] Building C object modules/ec/zephyr/CMakeFiles/ec_shim.dir/shim/chip/it8xxx2/system.c.obj
[squirtle:ro] INFO:root:Using a static version string
[squirtle:ro] INFO:root:Version string: Zephyr-Kernel-16543.0.0
[squirtle:ro] INFO:root:Writing header to /mnt/host/source/src/platform/ec/build/zephyr/squirtle/build-ro/modules/ec/zephyr/include/ec_version.h
[squirtle:ro] [228/385] Building C object modules/ec/zephyr/CMakeFiles/ec_shim.dir/shim/src/usba.c.obj
[telith:ro] [294/403] Building C object CMakeFiles/app.dir/mnt/host/source/src/platform/ec/build/zephyr/telith/modules/ec/common/flash.c.obj
[lapis:ro] [63/392] Building C object zephyr/CMakeFiles/zephyr.dir/subsys/shell/backends/shell_uart.c.obj
[squirtle:rw] [287/385] Building C object CMakeFiles/app.dir/mnt/host/source/src/platform/ec/build/zephyr/squirtle/modules/ec/power/host_sleep.c.obj
[pirrha:ro] [189/393] Building C object modules/ec/zephyr/CMakeFiles/ec_shim.dir/shim/chip/it8xxx2/gpio.c.obj
[telith:rw] [213/403] Building C object modules/ec/zephyr/CMakeFiles/ec_shim.dir/shim/src/pm_state.c.obj
[squirtle:ro] [229/385] Building C object CMakeFiles/app.dir/mnt/host/source/src/platform/ec/zephyr/subsys/ap_pwrseq/ap_events.c.obj
[squirtle:ro] [230/385] Building C object modules/ec/zephyr/CMakeFiles/ec_shim.dir/shim/src/usb_muxes.c.obj
[telith:ro] [295/403] Building C object CMakeFiles/app.dir/mnt/host/source/src/platform/ec/build/zephyr/telith/modules/ec/common/host_command.c.obj
[telith:rw] [214/403] Building C object modules/ec/zephyr/CMakeFiles/ec_shim.dir/shim/src/cbi/cros_cbi.c.obj
[telith:ro] [296/403] Building C object CMakeFiles/app.dir/mnt/host/source/src/platform/ec/build/zephyr/telith/modules/ec/common/host_command_task.c.obj
[telith:ro] [297/403] Building C object CMakeFiles/app.dir/mnt/host/source/src/platform/ec/build/zephyr/telith/modules/ec/common/host_event_commands.c.obj
[squirtle:rw] [288/385] Building C object CMakeFiles/app.dir/mnt/host/source/src/platform/ec/build/zephyr/squirtle/modules/ec/power/mt8186.c.obj
[pirrha:ro] [190/393] Building C object modules/ec/zephyr/CMakeFiles/ec_shim.dir/shim/chip/it8xxx2/keyboard_raw.c.obj
[pirrha:ro] [191/393] Building C object modules/ec/zephyr/CMakeFiles/ec_shim.dir/shim/chip/it8xxx2/power_policy.c.obj
[squirtle:ro] [231/385] Building C object CMakeFiles/app.dir/mnt/host/source/src/platform/ec/build/zephyr/squirtle/modules/ec/builtin/stdlib.c.obj
[squirtle:rw] [289/385] Building C object CMakeFiles/app.dir/mnt/host/source/src/platform/ec/build/zephyr/squirtle/modules/ec/common/panic_output.c.obj
[lapis:ro] [64/392] Building C object zephyr/CMakeFiles/zephyr.dir/subsys/shell/shell.c.obj
[squirtle:rw] [290/385] Building C object CMakeFiles/app.dir/mnt/host/source/src/platform/ec/build/zephyr/squirtle/modules/ec/common/sha256.c.obj
[squirtle:ro] [232/385] Building C object CMakeFiles/app.dir/mnt/host/source/src/platform/ec/build/zephyr/squirtle/modules/ec/common/base32.c.obj
[telith:ro] [298/403] Building C object CMakeFiles/app.dir/mnt/host/source/src/platform/ec/build/zephyr/telith/modules/ec/common/uart_hostcmd.c.obj
[telith:rw] [215/403] Building C object modules/ec/zephyr/CMakeFiles/ec_shim.dir/shim/src/cbi/cros_cbi_fw_config.c.obj
[pirrha:ro] [192/393] Building C object modules/ec/zephyr/CMakeFiles/ec_shim.dir/shim/src/crc.c.obj
[telith:ro] [299/403] Building C object CMakeFiles/app.dir/mnt/host/source/src/platform/ec/build/zephyr/telith/modules/ec/common/uptime.c.obj
[telith:rw] [216/403] Building C object modules/ec/zephyr/CMakeFiles/ec_shim.dir/shim/src/cbi/cros_cbi_ssfc.c.obj
[squirtle:ro] [233/385] Building C object CMakeFiles/app.dir/mnt/host/source/src/platform/ec/build/zephyr/squirtle/modules/ec/common/console_output.c.obj
[telith:ro] [300/403] Building C object CMakeFiles/app.dir/mnt/host/source/src/platform/ec/build/zephyr/telith/modules/ec/common/i2c_controller.c.obj
[lapis:ro] [65/392] Building C object zephyr/CMakeFiles/zephyr.dir/subsys/shell/shell_fprintf.c.obj
[telith:ro] [301/403] Building C object CMakeFiles/app.dir/mnt/host/source/src/platform/ec/build/zephyr/telith/modules/ec/common/i2c_passthru.c.obj
[squirtle:rw] [291/385] Building C object CMakeFiles/app.dir/mnt/host/source/src/platform/ec/build/zephyr/squirtle/modules/ec/common/shared_mem.c.obj
[squirtle:rw] [292/385] Building C object CMakeFiles/app.dir/mnt/host/source/src/platform/ec/build/zephyr/squirtle/modules/ec/common/spi_flash_reg.c.obj
[squirtle:ro] [234/385] Building C object CMakeFiles/app.dir/mnt/host/source/src/platform/ec/build/zephyr/squirtle/modules/ec/common/ec_features.c.obj
[pirrha:ro] [193/393] Building C object modules/ec/zephyr/CMakeFiles/ec_shim.dir/shim/src/console.c.obj
[telith:rw] [217/403] Building C object modules/ec/zephyr/CMakeFiles/ec_shim.dir/shim/src/cbi/cbi_eeprom.c.obj
[squirtle:rw] [293/385] Building C object CMakeFiles/app.dir/mnt/host/source/src/platform/ec/build/zephyr/squirtle/modules/ec/common/switch.c.obj
[telith:ro] [302/403] Building C object CMakeFiles/app.dir/mnt/host/source/src/platform/ec/build/zephyr/telith/modules/ec/common/keyboard_8042_sharedlib.c.obj
[squirtle:ro] [235/385] Building C object CMakeFiles/app.dir/mnt/host/source/src/platform/ec/build/zephyr/squirtle/modules/ec/common/gpio_commands.c.obj
[pirrha:ro] [194/393] Building C object modules/ec/zephyr/CMakeFiles/ec_shim.dir/shim/src/gpio.c.obj
[telith:ro] [303/403] Building C object CMakeFiles/app.dir/mnt/host/source/src/platform/ec/build/zephyr/telith/modules/ec/common/keyboard_8042.c.obj
[squirtle:ro] [236/385] Building C object CMakeFiles/app.dir/mnt/host/source/src/platform/ec/build/zephyr/squirtle/modules/ec/common/peripheral.c.obj
[telith:rw] [218/403] Building C object modules/ec/zephyr/CMakeFiles/ec_shim.dir/shim/src/led_driver/led.c.obj
[lapis:ro] [66/392] Building C object zephyr/CMakeFiles/zephyr.dir/subsys/shell/shell_utils.c.obj
[telith:ro] [304/403] Building C object CMakeFiles/app.dir/mnt/host/source/src/platform/ec/build/zephyr/telith/modules/ec/common/mkbp_fifo.c.obj
[telith:ro] [305/403] Building C object CMakeFiles/app.dir/mnt/host/source/src/platform/ec/build/zephyr/telith/modules/ec/common/mkbp_info.c.obj
[pirrha:ro] [195/393] Building C object modules/ec/zephyr/CMakeFiles/ec_shim.dir/shim/src/gpio_int.c.obj
[telith:rw] [219/403] Building C object modules/ec/zephyr/CMakeFiles/ec_shim.dir/shim/src/led_driver/led_gpio.c.obj
[pirrha:ro] [196/393] Building C object modules/ec/zephyr/CMakeFiles/ec_shim.dir/shim/src/panic_utils.c.obj
[squirtle:ro] [237/385] Building C object CMakeFiles/app.dir/mnt/host/source/src/platform/ec/build/zephyr/squirtle/modules/ec/common/printf.c.obj
[squirtle:rw] [294/385] Building C object CMakeFiles/app.dir/mnt/host/source/src/platform/ec/build/zephyr/squirtle/modules/ec/driver/stm_mems_common.c.obj
[squirtle:rw] [295/385] Building C object CMakeFiles/app.dir/mnt/host/source/src/platform/ec/build/zephyr/squirtle/modules/ec/common/timer.c.obj
[squirtle:rw] [296/385] Building C object CMakeFiles/app.dir/mnt/host/source/src/platform/ec/build/zephyr/squirtle/modules/ec/common/tablet_mode.c.obj
[telith:ro] [306/403] Building C object CMakeFiles/app.dir/mnt/host/source/src/platform/ec/build/zephyr/telith/modules/ec/common/mkbp_input_devices.c.obj
[squirtle:ro] [238/385] Building C object CMakeFiles/app.dir/mnt/host/source/src/platform/ec/build/zephyr/squirtle/modules/ec/common/queue.c.obj
[telith:ro] [307/403] Building C object CMakeFiles/app.dir/mnt/host/source/src/platform/ec/build/zephyr/telith/modules/ec/common/keyboard_backlight.c.obj
[lapis:ro] [67/392] Building C object zephyr/CMakeFiles/zephyr.dir/subsys/shell/shell_ops.c.obj
[telith:ro] [308/403] Building C object CMakeFiles/app.dir/mnt/host/source/src/platform/ec/build/zephyr/telith/modules/ec/common/led_common.c.obj
[telith:rw] [220/403] Building C object modules/ec/zephyr/CMakeFiles/ec_shim.dir/shim/src/system.c.obj
[telith:ro] [309/403] Building C object CMakeFiles/app.dir/mnt/host/source/src/platform/ec/build/zephyr/telith/modules/ec/common/lid_switch.c.obj
[squirtle:ro] [239/385] Building C object CMakeFiles/app.dir/mnt/host/source/src/platform/ec/build/zephyr/squirtle/modules/ec/common/system.c.obj
[pirrha:ro] [197/393] Building C object modules/ec/zephyr/CMakeFiles/ec_shim.dir/shim/src/cbi/cros_cbi.c.obj
[telith:rw] [221/403] Building C object modules/ec/zephyr/CMakeFiles/ec_shim.dir/shim/src/adc.c.obj
[squirtle:ro] [240/385] Building C object CMakeFiles/app.dir/mnt/host/source/src/platform/ec/build/zephyr/squirtle/modules/ec/common/system_boot_time.c.obj
[pirrha:ro] [198/393] Building C object modules/ec/zephyr/CMakeFiles/ec_shim.dir/shim/src/pm_state.c.obj
[lapis:ro] [68/392] Building C object zephyr/CMakeFiles/zephyr.dir/subsys/shell/shell_help.c.obj
[telith:ro] [310/403] Building C object CMakeFiles/app.dir/mnt/host/source/src/platform/ec/build/zephyr/telith/modules/ec/common/mkbp_event.c.obj
[/mnt/host/source/src/platform/ec/build/zephyr/fatcatrvp-ite-lcov]   /mnt/host/source/src/platform/ec/build/zephyr/fatcatrvp-ite/build-ro/zephyr/CMakeFiles/zephyr.dir/soc/ite/ec/it8xxx2/check_regs.c.gcno:no functions found
[/mnt/host/source/src/platform/ec/build/zephyr/fatcatrvp-ite-lcov] stderr:
[squirtle:rw] [297/385] Building C object CMakeFiles/app.dir/mnt/host/source/src/platform/ec/build/zephyr/squirtle/modules/ec/common/typec_control.c.obj
[squirtle:rw] [298/385] Building C object CMakeFiles/app.dir/mnt/host/source/src/platform/ec/build/zephyr/squirtle/modules/ec/common/usb_port_power_dumb.c.obj
[squirtle:ro] [241/385] Building C object CMakeFiles/app.dir/mnt/host/source/src/platform/ec/build/zephyr/squirtle/modules/ec/common/uart_printf.c.obj
[telith:ro] [311/403] Building C object CMakeFiles/app.dir/mnt/host/source/src/platform/ec/build/zephyr/telith/modules/ec/common/port80.c.obj
[squirtle:rw] [299/385] Building C object CMakeFiles/app.dir/mnt/host/source/src/platform/ec/build/zephyr/squirtle/modules/ec/common/usb_common.c.obj
[telith:rw] [222/403] Building C object modules/ec/zephyr/CMakeFiles/ec_shim.dir/shim/src/battery.c.obj
[telith:ro] [312/403] Building C object CMakeFiles/app.dir/mnt/host/source/src/platform/ec/build/zephyr/telith/modules/ec/common/power_button.c.obj
[pirrha:ro] [199/393] Building C object modules/ec/zephyr/CMakeFiles/ec_shim.dir/shim/src/cbi/cros_cbi_fw_config.c.obj
[telith:ro] [313/403] Building C object CMakeFiles/app.dir/mnt/host/source/src/platform/ec/build/zephyr/telith/modules/ec/power/hibernate.c.obj
[squirtle:ro] [242/385] Building C object CMakeFiles/app.dir/mnt/host/source/src/platform/ec/build/zephyr/squirtle/modules/ec/common/util.c.obj
[telith:rw] [223/403] Building C object modules/ec/zephyr/CMakeFiles/ec_shim.dir/shim/src/charger.c.obj
[lapis:ro] [69/392] Building C object zephyr/CMakeFiles/zephyr.dir/subsys/shell/shell_history.c.obj
[telith:ro] [314/403] Building C object CMakeFiles/app.dir/mnt/host/source/src/platform/ec/build/zephyr/telith/modules/ec/driver/sha256/sha256_it8xxx2.c.obj
[pirrha:ro] [200/393] Building C object modules/ec/zephyr/CMakeFiles/ec_shim.dir/shim/src/cbi/cbi_eeprom.c.obj
[telith:ro] [315/403] Building C object CMakeFiles/app.dir/mnt/host/source/src/platform/ec/build/zephyr/telith/modules/ec/common/panic_output.c.obj
[squirtle:ro] [243/385] Building C object CMakeFiles/app.dir/mnt/host/source/src/platform/ec/build/zephyr/squirtle/modules/ec/common/version.c.obj
[squirtle:rw] [300/385] Building C object CMakeFiles/app.dir/mnt/host/source/src/platform/ec/build/zephyr/squirtle/modules/ec/common/usb_pd_pdo.c.obj
[squirtle:rw] [301/385] Building C object CMakeFiles/app.dir/mnt/host/source/src/platform/ec/build/zephyr/squirtle/modules/ec/common/usbc/usbc_task.c.obj
[squirtle:ro] [244/385] Building C object CMakeFiles/app.dir/mnt/host/source/src/platform/ec/build/zephyr/squirtle/modules/ec/driver/accel_lis2dh.c.obj
[telith:rw] [224/403] Building C object modules/ec/zephyr/CMakeFiles/ec_shim.dir/shim/src/chipset_api.c.obj
[squirtle:rw] [302/385] Building C object CMakeFiles/app.dir/mnt/host/source/src/platform/ec/build/zephyr/squirtle/modules/ec/common/usbc/usb_pd_timer.c.obj
[telith:ro] [316/403] Building C object CMakeFiles/app.dir/mnt/host/source/src/platform/ec/build/zephyr/telith/modules/ec/common/shared_mem.c.obj
[lapis:ro] [70/392] Building C object zephyr/CMakeFiles/zephyr.dir/drivers/flash/flash_util.c.obj
[lapis:ro] [71/392] Linking C static library zephyr/libzephyr.a
[pirrha:ro] [201/393] Building C object modules/ec/zephyr/CMakeFiles/ec_shim.dir/shim/src/adc.c.obj
[pirrha:ro] [202/393] Building C object modules/ec/zephyr/CMakeFiles/ec_shim.dir/shim/src/system.c.obj
[telith:ro] [317/403] Building C object CMakeFiles/app.dir/mnt/host/source/src/platform/ec/build/zephyr/telith/modules/ec/common/switch.c.obj
[telith:rw] [225/403] Building C object modules/ec/zephyr/CMakeFiles/ec_shim.dir/shim/src/espi.c.obj
[squirtle:ro] [245/385] Building C object CMakeFiles/app.dir/mnt/host/source/src/platform/ec/build/zephyr/squirtle/modules/ec/common/motion_sense_fifo.c.obj
[telith:ro] [318/403] Building C object CMakeFiles/app.dir/mnt/host/source/src/platform/ec/build/zephyr/telith/modules/ec/common/thermal.c.obj
[telith:ro] [319/403] Building C object CMakeFiles/app.dir/mnt/host/source/src/platform/ec/build/zephyr/telith/modules/ec/common/temp_sensor.c.obj
[squirtle:rw] [303/385] Building C object CMakeFiles/app.dir/mnt/host/source/src/platform/ec/build/zephyr/squirtle/modules/ec/common/usbc/usb_sm.c.obj
[squirtle:rw] [304/385] Building C object CMakeFiles/app.dir/mnt/host/source/src/platform/ec/build/zephyr/squirtle/modules/ec/common/usbc_intr_task.c.obj
[squirtle:ro] [246/385] Building C object CMakeFiles/app.dir/mnt/host/source/src/platform/ec/build/zephyr/squirtle/modules/ec/common/adc.c.obj
[lapis:ro] [72/392] Building C object zephyr/arch/common/CMakeFiles/arch__common.dir/sw_isr_common.c.obj
[squirtle:ro] [247/385] Building C object CMakeFiles/app.dir/mnt/host/source/src/platform/ec/build/zephyr/squirtle/modules/ec/common/battery.c.obj
[telith:ro] [320/403] Building C object CMakeFiles/app.dir/mnt/host/source/src/platform/ec/build/zephyr/telith/modules/ec/driver/temp_sensor/thermistor.c.obj
[telith:rw] [226/403] Building C object modules/ec/zephyr/CMakeFiles/ec_shim.dir/shim/src/fan.c.obj
[squirtle:rw] [305/385] Building C object CMakeFiles/app.dir/mnt/host/source/src/platform/ec/build/zephyr/squirtle/modules/ec/common/usbc_utils.c.obj
[pirrha:ro] [203/393] Building C object modules/ec/zephyr/CMakeFiles/ec_shim.dir/shim/src/battery.c.obj
[pirrha:ro] [204/393] Building C object modules/ec/zephyr/CMakeFiles/ec_shim.dir/shim/src/charger.c.obj
[/mnt/host/source/src/platform/ec/build/zephyr/fatcatrvp-ite-lcov]   /mnt/host/source/src/platform/ec/build/zephyr/fatcatrvp-ite/build-ro/zephyr/drivers/sensor/CMakeFiles/drivers__sensor.dir/mnt/host/source/src/third_party/zephyr/main/misc/empty_file.c.gcno:no functions found
[/mnt/host/source/src/platform/ec/build/zephyr/fatcatrvp-ite-lcov] stderr:
[telith:ro] [321/403] Building C object CMakeFiles/app.dir/mnt/host/source/src/platform/ec/build/zephyr/telith/modules/ec/common/throttle_ap.c.obj
[telith:ro] [322/403] Building C object CMakeFiles/app.dir/mnt/host/source/src/platform/ec/build/zephyr/telith/modules/ec/common/timer.c.obj
[telith:rw] [227/403] Building C object modules/ec/zephyr/CMakeFiles/ec_shim.dir/shim/src/flash.c.obj
[lapis:ro] [73/392] Building C object zephyr/arch/common/CMakeFiles/arch__common.dir/dynamic_isr.c.obj
[squirtle:ro] [248/385] Building C object CMakeFiles/app.dir/mnt/host/source/src/platform/ec/build/zephyr/squirtle/modules/ec/common/battery_info.c.obj
[telith:ro] [323/403] Building C object CMakeFiles/app.dir/mnt/host/source/src/platform/ec/build/zephyr/telith/modules/ec/common/usb_port_power_dumb.c.obj
[squirtle:rw] [306/385] Building C object CMakeFiles/app.dir/mnt/host/source/src/platform/ec/build/zephyr/squirtle/modules/ec/common/usb_pd_flags.c.obj
[squirtle:rw] [307/385] Building C object CMakeFiles/app.dir/mnt/host/source/src/platform/ec/build/zephyr/squirtle/modules/ec/common/chargen.c.obj
[lapis:ro] [74/392] Building C object zephyr/arch/common/CMakeFiles/arch__common.dir/init.c.obj
[squirtle:ro] [249/385] Building C object CMakeFiles/app.dir/mnt/host/source/src/platform/ec/build/zephyr/squirtle/modules/ec/common/battery_fuel_gauge.c.obj
[telith:rw] [228/403] Building C object modules/ec/zephyr/CMakeFiles/ec_shim.dir/shim/src/hooks.c.obj
[telith:ro] [324/403] Building C object CMakeFiles/app.dir/mnt/host/source/src/platform/ec/build/zephyr/telith/modules/ec/common/typec_control.c.obj
[squirtle:ro] [250/385] Building C object CMakeFiles/app.dir/mnt/host/source/src/platform/ec/build/zephyr/squirtle/modules/ec/driver/battery/smart.c.obj
[squirtle:rw] [308/385] Building C object CMakeFiles/app.dir/mnt/host/source/src/platform/ec/build/zephyr/squirtle/modules/ec/common/usbc/usb_pd_console.c.obj
[pirrha:ro] [205/393] Building C object modules/ec/zephyr/CMakeFiles/ec_shim.dir/shim/src/chipset_api.c.obj
[telith:ro] [325/403] Building C object CMakeFiles/app.dir/mnt/host/source/src/platform/ec/build/zephyr/telith/modules/ec/common/usb_pd_pdo.c.obj
[pirrha:ro] [206/393] Building C object modules/ec/zephyr/CMakeFiles/ec_shim.dir/shim/src/espi.c.obj
[telith:rw] [229/403] Building C object modules/ec/zephyr/CMakeFiles/ec_shim.dir/shim/src/host_command.c.obj
[lapis:ro] [75/392] Building C object zephyr/arch/common/CMakeFiles/arch__common.dir/xip.c.obj
[telith:ro] [326/403] Building C object CMakeFiles/app.dir/mnt/host/source/src/platform/ec/build/zephyr/telith/modules/ec/common/usb_common.c.obj
[telith:ro] [327/403] Building C object CMakeFiles/app.dir/mnt/host/source/src/platform/ec/build/zephyr/telith/modules/ec/common/usbc/usbc_task.c.obj
[squirtle:ro] [251/385] Building C object CMakeFiles/app.dir/mnt/host/source/src/platform/ec/build/zephyr/squirtle/modules/ec/driver/charger/isl923x.c.obj
[telith:rw] [230/403] Building C object modules/ec/zephyr/CMakeFiles/ec_shim.dir/shim/src/console_buffer.c.obj
[squirtle:rw] [309/385] Building C object CMakeFiles/app.dir/mnt/host/source/src/platform/ec/build/zephyr/squirtle/modules/ec/driver/usb_mux/ps8743.c.obj
[squirtle:rw] [310/385] Building C object CMakeFiles/app.dir/mnt/host/source/src/platform/ec/build/zephyr/squirtle/modules/ec/driver/usb_mux/usb_mux.c.obj
[telith:ro] [328/403] Building C object CMakeFiles/app.dir/mnt/host/source/src/platform/ec/build/zephyr/telith/modules/ec/common/usbc/usb_pd_timer.c.obj
[lapis:ro] [76/392] Building C object zephyr/arch/common/CMakeFiles/isr_tables.dir/isr_tables.c.obj
[pirrha:ro] [207/393] Building C object modules/ec/zephyr/CMakeFiles/ec_shim.dir/shim/src/flash.c.obj
[telith:ro] [329/403] Building C object CMakeFiles/app.dir/mnt/host/source/src/platform/ec/build/zephyr/telith/modules/ec/common/usbc/usb_sm.c.obj
[telith:rw] [231/403] Building C object modules/ec/zephyr/CMakeFiles/ec_shim.dir/shim/src/mkbp_event.c.obj
[squirtle:rw] [311/385] Building C object CMakeFiles/app.dir/mnt/host/source/src/platform/ec/build/zephyr/squirtle/modules/ec/driver/usb_mux/virtual.c.obj
[lapis:ro] [77/392] Linking C static library zephyr/arch/common/libisr_tables.a
[pirrha:ro] [208/393] Building C object modules/ec/zephyr/CMakeFiles/ec_shim.dir/shim/src/hooks.c.obj
[squirtle:ro] [252/385] Building C object CMakeFiles/app.dir/mnt/host/source/src/platform/ec/build/zephyr/squirtle/modules/ec/common/charger.c.obj
[lapis:ro] [78/392] Linking C static library zephyr/arch/common/libarch__common.a
[squirtle:ro] [253/385] Building C object CMakeFiles/app.dir/mnt/host/source/src/platform/ec/build/zephyr/squirtle/modules/ec/common/charge_state.c.obj
[telith:ro] [330/403] Building C object CMakeFiles/app.dir/mnt/host/source/src/platform/ec/build/zephyr/telith/modules/ec/common/usbc_intr_task.c.obj
[telith:rw] [232/403] Building C object modules/ec/zephyr/CMakeFiles/ec_shim.dir/shim/src/panic.c.obj
[telith:ro] [331/403] Building C object CMakeFiles/app.dir/mnt/host/source/src/platform/ec/build/zephyr/telith/modules/ec/common/usb_pd_flags.c.obj
[telith:ro] [332/403] Building C object CMakeFiles/app.dir/mnt/host/source/src/platform/ec/build/zephyr/telith/modules/ec/common/usbc_utils.c.obj
[pirrha:ro] [209/393] Building C object modules/ec/zephyr/CMakeFiles/ec_shim.dir/shim/src/host_command.c.obj
[squirtle:rw] [312/385] Building C object CMakeFiles/app.dir/mnt/host/source/src/platform/ec/build/zephyr/squirtle/modules/ec/common/event_log.c.obj
[lapis:ro] [79/392] Building C object zephyr/arch/arch/arm/core/CMakeFiles/arch__arm__core.dir/fatal.c.obj
[telith:rw] [233/403] Building C object modules/ec/zephyr/CMakeFiles/ec_shim.dir/shim/src/pwm_hc.c.obj
[telith:ro] [333/403] Building C object CMakeFiles/app.dir/mnt/host/source/src/platform/ec/build/zephyr/telith/modules/ec/common/chargen.c.obj
[squirtle:rw] [313/385] Building C object CMakeFiles/app.dir/mnt/host/source/src/platform/ec/build/zephyr/squirtle/modules/ec/common/dps.c.obj
[pirrha:ro] [210/393] Building C object modules/ec/zephyr/CMakeFiles/ec_shim.dir/shim/src/console_buffer.c.obj
[squirtle:ro] [254/385] Building C object CMakeFiles/app.dir/mnt/host/source/src/platform/ec/build/zephyr/squirtle/modules/ec/common/cbi_common.c.obj
[squirtle:ro] [255/385] Building C object CMakeFiles/app.dir/mnt/host/source/src/platform/ec/build/zephyr/squirtle/modules/ec/common/charge_manager.c.obj
[squirtle:rw] [314/385] Building C object CMakeFiles/app.dir/mnt/host/source/src/platform/ec/build/zephyr/squirtle/modules/ec/common/pd_log.c.obj
[squirtle:ro] [256/385] Building C object CMakeFiles/app.dir/mnt/host/source/src/platform/ec/build/zephyr/squirtle/modules/ec/common/cbi.c.obj
[telith:ro] [334/403] Building C object CMakeFiles/app.dir/mnt/host/source/src/platform/ec/build/zephyr/telith/modules/ec/common/usbc/usb_pd_console.c.obj
[lapis:ro] [80/392] Building C object zephyr/arch/arch/arm/core/CMakeFiles/arch__arm__core.dir/nmi.c.obj
[pirrha:ro] [211/393] Building C object modules/ec/zephyr/CMakeFiles/ec_shim.dir/shim/src/keyboard_raw.c.obj
[telith:ro] [335/403] Building C object CMakeFiles/app.dir/mnt/host/source/src/platform/ec/build/zephyr/telith/modules/ec/driver/usb_mux/virtual.c.obj
[telith:rw] [234/403] Building C object modules/ec/zephyr/CMakeFiles/ec_shim.dir/shim/src/temp_sensors.c.obj
[lapis:ro] [81/392] Building ASM object zephyr/arch/arch/arm/core/CMakeFiles/arch__arm__core.dir/nmi_on_reset.S.obj
[telith:ro] [336/403] Building C object CMakeFiles/app.dir/mnt/host/source/src/platform/ec/build/zephyr/telith/modules/ec/driver/usb_mux/usb_mux.c.obj
[telith:rw] [235/403] Building C object modules/ec/zephyr/CMakeFiles/ec_shim.dir/shim/src/thermal.c.obj
[lapis:ro] [82/392] Linking C static library zephyr/arch/arch/arm/core/libarch__arm__core.a
[pirrha:ro] [212/393] Building C object modules/ec/zephyr/CMakeFiles/ec_shim.dir/shim/src/mkbp_event.c.obj
[squirtle:ro] [257/385] Building C object CMakeFiles/app.dir/mnt/host/source/src/platform/ec/build/zephyr/squirtle/modules/ec/common/cbi_config.c.obj
[/mnt/host/source/src/platform/ec/build/zephyr/fatcatrvp-ite-lcov]   /mnt/host/source/src/platform/ec/build/zephyr/fatcatrvp-ite/build-ro/zephyr/drivers/syscon/CMakeFiles/drivers__syscon.dir/mnt/host/source/src/third_party/zephyr/main/misc/empty_file.c.gcno:no functions found
[/mnt/host/source/src/platform/ec/build/zephyr/fatcatrvp-ite-lcov] stderr:
[squirtle:rw] [315/385] Building C object CMakeFiles/app.dir/mnt/host/source/src/platform/ec/build/zephyr/squirtle/modules/ec/common/usbc/usb_prl_sm.c.obj
[squirtle:ro] [258/385] Building C object CMakeFiles/app.dir/mnt/host/source/src/platform/ec/build/zephyr/squirtle/modules/ec/common/memory_commands.c.obj
[telith:ro] [337/403] Building C object CMakeFiles/app.dir/mnt/host/source/src/platform/ec/build/zephyr/telith/modules/ec/common/usbc/usb_tc_drp_acc_trysrc_sm.c.obj
[squirtle:rw] [316/385] Building C object CMakeFiles/app.dir/mnt/host/source/src/platform/ec/build/zephyr/squirtle/modules/ec/common/usbc/usb_tc_drp_acc_trysrc_sm.c.obj
[telith:rw] [236/403] Building C object modules/ec/zephyr/CMakeFiles/ec_shim.dir/shim/src/hwtimer.c.obj
[/mnt/host/source/src/platform/ec/build/zephyr/fatcatrvp-ite-lcov]   /mnt/host/source/src/platform/ec/build/zephyr/fatcatrvp-ite/build-rw/modules/ec/zephyr/CMakeFiles/ec_shim.dir/shim/src/thermal.c.gcno:no functions found
[/mnt/host/source/src/platform/ec/build/zephyr/fatcatrvp-ite-lcov] stderr:
[squirtle:ro] [259/385] Building C object CMakeFiles/app.dir/mnt/host/source/src/platform/ec/build/zephyr/squirtle/modules/ec/common/chipset.c.obj
[lapis:ro] [83/392] Building C object zephyr/arch/arch/arm/core/cortex_m/CMakeFiles/arch__arm__core__cortex_m.dir/exc_exit.c.obj
[pirrha:ro] [213/393] Building C object modules/ec/zephyr/CMakeFiles/ec_shim.dir/shim/src/motionsense_sensors.c.obj
[telith:ro] [338/403] Building C object CMakeFiles/app.dir/mnt/host/source/src/platform/ec/build/zephyr/telith/modules/ec/common/usbc/usb_prl_sm.c.obj
[pirrha:ro] [214/393] Building C object modules/ec/zephyr/CMakeFiles/ec_shim.dir/shim/src/panic.c.obj
[telith:rw] [237/403] Building C object modules/ec/zephyr/CMakeFiles/ec_shim.dir/shim/src/i2c.c.obj
[/mnt/host/source/src/platform/ec/build/zephyr/fatcatrvp-ite-lcov]   /mnt/host/source/src/platform/ec/build/zephyr/fatcatrvp-ite/build-rw/modules/ec/zephyr/CMakeFiles/ec_shim.dir/shim/src/battery.c.gcno:no functions found
[/mnt/host/source/src/platform/ec/build/zephyr/fatcatrvp-ite-lcov] stderr:
[telith:ro] [339/403] Building C object CMakeFiles/app.dir/mnt/host/source/src/platform/ec/build/zephyr/telith/modules/ec/common/usbc/usb_pd_dpm.c.obj
[squirtle:ro] [260/385] Building C object CMakeFiles/app.dir/mnt/host/source/src/platform/ec/build/zephyr/squirtle/modules/ec/common/ap_reset_log.c.obj
[telith:ro] [340/403] Building C object CMakeFiles/app.dir/mnt/host/source/src/platform/ec/build/zephyr/telith/modules/ec/common/usbc/usb_pe_drp_sm.c.obj
[squirtle:rw] [317/385] Building C object CMakeFiles/app.dir/mnt/host/source/src/platform/ec/build/zephyr/squirtle/modules/ec/common/usbc/usb_pe_drp_sm.c.obj
[telith:ro] [341/403] Building C object CMakeFiles/app.dir/mnt/host/source/src/platform/ec/build/zephyr/telith/modules/ec/common/usbc/usbc_pd_policy.c.obj
[squirtle:ro] [261/385] Building C object CMakeFiles/app.dir/mnt/host/source/src/platform/ec/build/zephyr/squirtle/modules/ec/common/extpower_common.c.obj
[lapis:ro] [84/392] Building C object zephyr/arch/arch/arm/core/cortex_m/CMakeFiles/arch__arm__core__cortex_m.dir/fault.c.obj
[squirtle:rw] [318/385] Building C object CMakeFiles/app.dir/mnt/host/source/src/platform/ec/build/zephyr/squirtle/modules/ec/common/usbc/usbc_pd_policy.c.obj
[squirtle:rw] [319/385] Building C object CMakeFiles/app.dir/mnt/host/source/src/platform/ec/build/zephyr/squirtle/modules/ec/common/usbc/usb_pd_dpm.c.obj
[telith:rw] [238/403] Building C object modules/ec/zephyr/CMakeFiles/ec_shim.dir/shim/src/tasks.c.obj
[squirtle:ro] [262/385] Building C object CMakeFiles/app.dir/mnt/host/source/src/platform/ec/build/zephyr/squirtle/modules/ec/common/extpower_gpio.c.obj
[pirrha:ro] [215/393] Building C object modules/ec/zephyr/CMakeFiles/ec_shim.dir/shim/src/thermal.c.obj
[pirrha:ro] [216/393] Building C object modules/ec/zephyr/CMakeFiles/ec_shim.dir/shim/src/temp_sensors.c.obj
[lapis:ro] [85/392] Building ASM object zephyr/arch/arch/arm/core/cortex_m/CMakeFiles/arch__arm__core__cortex_m.dir/fault_s.S.obj
[telith:ro] [342/403] Building C object CMakeFiles/app.dir/mnt/host/source/src/platform/ec/build/zephyr/telith/modules/ec/common/usbc/dp_alt_mode.c.obj
[telith:rw] [239/403] Building C object modules/ec/zephyr/CMakeFiles/ec_shim.dir/shim/src/watchdog.c.obj
[telith:ro] [343/403] Building C object CMakeFiles/app.dir/mnt/host/source/src/platform/ec/build/zephyr/telith/modules/ec/common/usb_pd_console_cmd.c.obj
[telith:ro] [344/403] Building C object CMakeFiles/app.dir/mnt/host/source/src/platform/ec/build/zephyr/telith/modules/ec/common/usb_pd_host_cmd.c.obj
[squirtle:ro] [263/385] Building C object CMakeFiles/app.dir/mnt/host/source/src/platform/ec/build/zephyr/squirtle/modules/ec/common/flash.c.obj
[lapis:ro] [86/392] Building C object zephyr/arch/arch/arm/core/cortex_m/CMakeFiles/arch__arm__core__cortex_m.dir/fpu.c.obj
[telith:ro] [345/403] Building C object CMakeFiles/app.dir/mnt/host/source/src/platform/ec/build/zephyr/telith/modules/ec/common/usbc/usb_pd_host.c.obj
[pirrha:ro] [217/393] Building C object modules/ec/zephyr/CMakeFiles/ec_shim.dir/shim/src/hwtimer.c.obj
[squirtle:ro] [264/385] Building C object CMakeFiles/app.dir/mnt/host/source/src/platform/ec/build/zephyr/squirtle/modules/ec/common/host_command.c.obj
[squirtle:rw] [320/385] Building C object CMakeFiles/app.dir/mnt/host/source/src/platform/ec/build/zephyr/squirtle/modules/ec/common/usbc/dp_alt_mode.c.obj
[pirrha:ro] [218/393] Building C object modules/ec/zephyr/CMakeFiles/ec_shim.dir/shim/src/i2c.c.obj
[squirtle:rw] [321/385] Building C object CMakeFiles/app.dir/mnt/host/source/src/platform/ec/build/zephyr/squirtle/modules/ec/common/usb_pd_console_cmd.c.obj
[squirtle:rw] [322/385] Building C object CMakeFiles/app.dir/mnt/host/source/src/platform/ec/build/zephyr/squirtle/modules/ec/common/usb_pd_host_cmd.c.obj
[squirtle:ro] [265/385] Building C object CMakeFiles/app.dir/mnt/host/source/src/platform/ec/build/zephyr/squirtle/modules/ec/common/host_command_task.c.obj
[telith:rw] [240/403] Building C object modules/ec/zephyr/CMakeFiles/ec_shim.dir/shim/src/ppc.c.obj
[telith:rw] [241/403] Building C object modules/ec/zephyr/CMakeFiles/ec_shim.dir/shim/src/usba.c.obj
[telith:ro] [346/403] Building C object CMakeFiles/app.dir/mnt/host/source/src/platform/ec/build/zephyr/telith/modules/ec/zephyr/shim/src/tcpc.c.obj
[lapis:ro] [87/392] Building ASM object zephyr/arch/arch/arm/core/cortex_m/CMakeFiles/arch__arm__core__cortex_m.dir/reset.S.obj
[telith:ro] [347/403] Building C object CMakeFiles/app.dir/mnt/host/source/src/platform/ec/build/zephyr/telith/modules/ec/common/usb_pd_host_cmd_common.c.obj
[telith:ro] [348/403] Building C object CMakeFiles/app.dir/mnt/host/source/src/platform/ec/build/zephyr/telith/modules/ec/common/usbc/svdm_rsp_dfp_only.c.obj
[squirtle:ro] [266/385] Building C object CMakeFiles/app.dir/mnt/host/source/src/platform/ec/build/zephyr/squirtle/modules/ec/common/host_event_commands.c.obj
[telith:ro] [349/403] Building C object CMakeFiles/app.dir/mnt/host/source/src/platform/ec/build/zephyr/telith/modules/ec/common/usbc_ocp.c.obj
[squirtle:ro] [267/385] Building C object CMakeFiles/app.dir/mnt/host/source/src/platform/ec/build/zephyr/squirtle/modules/ec/common/uart_hostcmd.c.obj
[/mnt/host/source/src/platform/ec/build/zephyr/fatcatrvp-ite-lcov]   /mnt/host/source/src/platform/ec/build/zephyr/fatcatrvp-ite/build-rw/modules/ec/zephyr/CMakeFiles/ec_shim.dir/shim/src/charger.c.gcno:no functions found
[/mnt/host/source/src/platform/ec/build/zephyr/fatcatrvp-ite-lcov] stderr:
[pirrha:ro] [219/393] Building C object modules/ec/zephyr/CMakeFiles/ec_shim.dir/shim/src/tasks.c.obj
[squirtle:rw] [323/385] Building C object CMakeFiles/app.dir/mnt/host/source/src/platform/ec/build/zephyr/squirtle/modules/ec/zephyr/shim/src/tcpc.c.obj
[pirrha:ro] [220/393] Building C object modules/ec/zephyr/CMakeFiles/ec_shim.dir/shim/src/watchdog.c.obj
[telith:rw] [242/403] Building C object modules/ec/zephyr/CMakeFiles/ec_shim.dir/shim/src/power_host_sleep_api.c.obj
[squirtle:rw] [324/385] Building C object CMakeFiles/app.dir/mnt/host/source/src/platform/ec/build/zephyr/squirtle/modules/ec/common/usbc/usb_pd_host.c.obj
[lapis:ro] [88/392] Building C object zephyr/arch/arch/arm/core/cortex_m/CMakeFiles/arch__arm__core__cortex_m.dir/scb.c.obj
[squirtle:rw] [325/385] Building C object CMakeFiles/app.dir/mnt/host/source/src/platform/ec/build/zephyr/squirtle/modules/ec/common/usb_pd_host_cmd_common.c.obj
[telith:rw] [243/403] Building C object modules/ec/zephyr/CMakeFiles/ec_shim.dir/shim/src/usb_muxes.c.obj
[telith:rw] [244/403] cd /mnt/host/source/src/platform/ec/build/zephyr/telith/build-rw/modules/ec/zephyr && PYTHONPATH=/mnt/host/source/src/platform/ec/build/zephyr/telith/modules/ec/zephyr/zmake/ /usr/bin/python3.11 /mnt/host/source/src/platform/ec/build/zephyr/telith/modules/ec/zephyr/zmake/zephyr_build_tools/generate_ec_version.py /mnt/host/source/src/platform/ec/build/zephyr/telith/build-rw/modules/ec/zephyr/include/ec_version.h --name Zephyr-Kernel --version 16543.0.0 --static
[telith:rw] INFO:root:Using a static version string
[squirtle:ro] [268/385] Building C object CMakeFiles/app.dir/mnt/host/source/src/platform/ec/build/zephyr/squirtle/modules/ec/common/uptime.c.obj
[telith:ro] [350/403] Building C object CMakeFiles/app.dir/mnt/host/source/src/platform/ec/build/zephyr/telith/modules/ec/common/usb_pd_discovery.c.obj
[telith:rw] INFO:root:Version string: Zephyr-Kernel-16543.0.0
[telith:rw] INFO:root:Writing header to /mnt/host/source/src/platform/ec/build/zephyr/telith/build-rw/modules/ec/zephyr/include/ec_version.h
[telith:rw] [245/403] Linking C static library modules/ec/zephyr/libec_shim.a
[telith:ro] [351/403] Building C object CMakeFiles/app.dir/mnt/host/source/src/platform/ec/build/zephyr/telith/modules/ec/common/usb_pd_dual_role.c.obj
[telith:ro] [352/403] Building C object CMakeFiles/app.dir/mnt/host/source/src/platform/ec/build/zephyr/telith/modules/ec/driver/tcpm/tcpci.c.obj
[telith:ro] [353/403] Building C object CMakeFiles/app.dir/mnt/host/source/src/platform/ec/build/zephyr/telith/modules/ec/driver/tcpm/ite_pd_intc.c.obj
[lapis:ro] [89/392] Building C object zephyr/arch/arch/arm/core/cortex_m/CMakeFiles/arch__arm__core__cortex_m.dir/thread_abort.c.obj
[squirtle:ro] [269/385] Building C object CMakeFiles/app.dir/mnt/host/source/src/platform/ec/build/zephyr/squirtle/modules/ec/common/i2c_passthru.c.obj
[squirtle:ro] [270/385] Building C object CMakeFiles/app.dir/mnt/host/source/src/platform/ec/build/zephyr/squirtle/modules/ec/common/i2c_controller.c.obj
[telith:rw] [246/403] Building C object CMakeFiles/app.dir/mnt/host/source/src/platform/ec/zephyr/subsys/ap_pwrseq/ap_events.c.obj
[pirrha:ro] [221/393] Building C object modules/ec/zephyr/CMakeFiles/ec_shim.dir/shim/src/bc12_pi3usb9201.c.obj
[squirtle:rw] [326/385] Building C object CMakeFiles/app.dir/mnt/host/source/src/platform/ec/build/zephyr/squirtle/modules/ec/common/usbc_ocp.c.obj
[squirtle:rw] [327/385] Building C object CMakeFiles/app.dir/mnt/host/source/src/platform/ec/build/zephyr/squirtle/modules/ec/common/usbc/svdm_rsp_dfp_only.c.obj
[lapis:ro] [90/392] Building ASM object zephyr/arch/arch/arm/core/cortex_m/CMakeFiles/arch__arm__core__cortex_m.dir/vector_table.S.obj
[squirtle:ro] [271/385] Building C object CMakeFiles/app.dir/mnt/host/source/src/platform/ec/build/zephyr/squirtle/modules/ec/common/virtual_battery.c.obj
[squirtle:rw] [328/385] Building C object CMakeFiles/app.dir/mnt/host/source/src/platform/ec/build/zephyr/squirtle/modules/ec/common/usb_pd_discovery.c.obj
[telith:rw] [247/403] Building C object CMakeFiles/app.dir/mnt/host/source/src/platform/ec/zephyr/subsys/ap_pwrseq/ap_power_interface.c.obj
[telith:ro] [354/403] Building C object CMakeFiles/app.dir/mnt/host/source/src/platform/ec/build/zephyr/telith/modules/ec/driver/tcpm/it8xxx2.c.obj
[telith:ro] [355/403] Building C object CMakeFiles/app.dir/mnt/host/source/src/platform/ec/build/zephyr/telith/modules/ec/common/usbc_ppc.c.obj
[pirrha:ro] [222/393] Building C object modules/ec/zephyr/CMakeFiles/ec_shim.dir/shim/src/bc12.c.obj
[pirrha:ro] [223/393] Building C object modules/ec/zephyr/CMakeFiles/ec_shim.dir/shim/src/usba.c.obj
[telith:ro] [356/403] Building C object CMakeFiles/app.dir/mnt/host/source/src/platform/ec/build/zephyr/telith/modules/ec/driver/ppc/syv682x.c.obj
[squirtle:ro] [272/385] Building C object CMakeFiles/app.dir/mnt/host/source/src/platform/ec/build/zephyr/squirtle/modules/ec/common/mkbp_fifo.c.obj
[telith:rw] [248/403] Building C object CMakeFiles/app.dir/mnt/host/source/src/platform/ec/zephyr/subsys/ap_pwrseq/power_signals.c.obj
[pirrha:ro] [224/393] Building C object modules/ec/zephyr/CMakeFiles/ec_shim.dir/shim/src/power_host_sleep_api.c.obj
[lapis:ro] [91/392] Building ASM object zephyr/arch/arch/arm/core/cortex_m/CMakeFiles/arch__arm__core__cortex_m.dir/swap_helper.S.obj
[telith:ro] [357/403] Building C object CMakeFiles/app.dir/mnt/host/source/src/platform/ec/build/zephyr/telith/modules/ec/common/vboot_hash.c.obj
[pirrha:ro] [225/393] cd /mnt/host/source/src/platform/ec/build/zephyr/pirrha/build-ro/modules/ec/zephyr && PYTHONPATH=/mnt/host/source/src/platform/ec/build/zephyr/pirrha/modules/ec/zephyr/zmake/ /usr/bin/python3.11 /mnt/host/source/src/platform/ec/build/zephyr/pirrha/modules/ec/zephyr/zmake/zephyr_build_tools/generate_ec_version.py /mnt/host/source/src/platform/ec/build/zephyr/pirrha/build-ro/modules/ec/zephyr/include/ec_version.h --name Zephyr-Kernel --version 16543.0.0 --static
[pirrha:ro] INFO:root:Using a static version string
[squirtle:rw] [329/385] Building C object CMakeFiles/app.dir/mnt/host/source/src/platform/ec/build/zephyr/squirtle/modules/ec/common/usb_pd_dual_role.c.obj
[squirtle:rw] [330/385] Building C object CMakeFiles/app.dir/mnt/host/source/src/platform/ec/build/zephyr/squirtle/modules/ec/common/usbc/dp_hpd_gpio.c.obj
[squirtle:ro] [273/385] Building C object CMakeFiles/app.dir/mnt/host/source/src/platform/ec/build/zephyr/squirtle/modules/ec/common/mkbp_info.c.obj
[telith:rw] [249/403] Building C object CMakeFiles/app.dir/mnt/host/source/src/platform/ec/zephyr/subsys/ap_pwrseq/signal_gpio.c.obj
[squirtle:ro] [274/385] Building C object CMakeFiles/app.dir/mnt/host/source/src/platform/ec/build/zephyr/squirtle/modules/ec/common/keyboard_scan.c.obj
[telith:ro] [358/403] Building C object CMakeFiles/app.dir/mnt/host/source/src/platform/ec/build/zephyr/telith/modules/ec/common/button.c.obj
[squirtle:rw] [331/385] Building C object CMakeFiles/app.dir/mnt/host/source/src/platform/ec/build/zephyr/squirtle/modules/ec/driver/tcpm/anx7447.c.obj
[telith:ro] [359/403] Building C object CMakeFiles/app.dir/mnt/host/source/src/platform/ec/build/zephyr/telith/modules/ec/common/vboot/efs2.c.obj
[lapis:ro] [92/392] Building C object zephyr/arch/arch/arm/core/cortex_m/CMakeFiles/arch__arm__core__cortex_m.dir/irq_manage.c.obj
[pirrha:ro] INFO:root:Version string: Zephyr-Kernel-16543.0.0
[pirrha:ro] INFO:root:Writing header to /mnt/host/source/src/platform/ec/build/zephyr/pirrha/build-ro/modules/ec/zephyr/include/ec_version.h
[pirrha:ro] [226/393] Building C object modules/ec/zephyr/CMakeFiles/ec_shim.dir/shim/src/usb_muxes.c.obj
[squirtle:ro] [275/385] Building C object CMakeFiles/app.dir/mnt/host/source/src/platform/ec/build/zephyr/squirtle/modules/ec/common/keyboard_mkbp.c.obj
[pirrha:ro] [227/393] Building C object CMakeFiles/app.dir/mnt/host/source/src/platform/ec/zephyr/subsys/ap_pwrseq/ap_events.c.obj
[telith:ro] [360/403] Building C object CMakeFiles/app.dir/mnt/host/source/src/platform/ec/build/zephyr/telith/modules/ec/common/math_util.c.obj
[telith:rw] [250/403] Building C object CMakeFiles/app.dir/mnt/host/source/src/platform/ec/zephyr/subsys/ap_pwrseq/signal_vw.c.obj
[telith:ro] [361/403] Building C object CMakeFiles/app.dir/mnt/host/source/src/platform/ec/build/zephyr/telith/modules/ec/common/vstore.c.obj
[telith:rw] [251/403] Building C object CMakeFiles/app.dir/mnt/host/source/src/platform/ec/zephyr/subsys/ap_pwrseq/signal_adc.c.obj
[squirtle:rw] [332/385] Building C object CMakeFiles/app.dir/mnt/host/source/src/platform/ec/build/zephyr/squirtle/modules/ec/driver/tcpm/rt1718s.c.obj
[squirtle:rw] [333/385] Building C object CMakeFiles/app.dir/mnt/host/source/src/platform/ec/build/zephyr/squirtle/modules/ec/driver/tcpm/tcpci.c.obj
[squirtle:ro] [276/385] Building C object CMakeFiles/app.dir/mnt/host/source/src/platform/ec/build/zephyr/squirtle/modules/ec/common/mkbp_input_devices.c.obj
[squirtle:ro] [277/385] Building C object CMakeFiles/app.dir/mnt/host/source/src/platform/ec/build/zephyr/squirtle/modules/ec/common/led_common.c.obj
[lapis:ro] [93/392] Building C object zephyr/arch/arch/arm/core/cortex_m/CMakeFiles/arch__arm__core__cortex_m.dir/prep_c.c.obj
[telith:ro] [362/403] Building C object CMakeFiles/app.dir/src/common.c.obj
[squirtle:rw] [334/385] Building C object CMakeFiles/app.dir/mnt/host/source/src/platform/ec/build/zephyr/squirtle/modules/ec/common/usbc_ppc.c.obj
[telith:ro] [363/403] Building C object CMakeFiles/app.dir/src/board_power.c.obj
[pirrha:ro] [228/393] Building C object CMakeFiles/app.dir/mnt/host/source/src/platform/ec/zephyr/subsys/ap_pwrseq/power_signals.c.obj
[pirrha:ro] [229/393] Building C object CMakeFiles/app.dir/mnt/host/source/src/platform/ec/zephyr/subsys/ap_pwrseq/ap_power_interface.c.obj
[squirtle:ro] [278/385] Building C object CMakeFiles/app.dir/mnt/host/source/src/platform/ec/build/zephyr/squirtle/modules/ec/common/motion_lid.c.obj
[telith:rw] [252/403] Building C object CMakeFiles/app.dir/mnt/host/source/src/platform/ec/zephyr/subsys/ap_pwrseq/power_host_sleep.c.obj
[telith:ro] [364/403] Building C object CMakeFiles/app.dir/telith/src/board_als.c.obj
[telith:ro] [365/403] Building C object CMakeFiles/app.dir/telith/src/board.c.obj
[lapis:ro] [94/392] Building C object zephyr/arch/arch/arm/core/cortex_m/CMakeFiles/arch__arm__core__cortex_m.dir/thread.c.obj
[telith:rw] [253/403] Building C object CMakeFiles/app.dir/mnt/host/source/src/platform/ec/zephyr/subsys/ap_pwrseq/x86_non_dsx_common_pwrseq_sm_handler.c.obj
[squirtle:rw] [335/385] Building C object CMakeFiles/app.dir/mnt/host/source/src/platform/ec/build/zephyr/squirtle/modules/ec/common/vboot_hash.c.obj
[squirtle:rw] [336/385] Building C object CMakeFiles/app.dir/mnt/host/source/src/platform/ec/build/zephyr/squirtle/modules/ec/driver/ppc/nx20p348x.c.obj
[squirtle:ro] [279/385] Building C object CMakeFiles/app.dir/mnt/host/source/src/platform/ec/build/zephyr/squirtle/modules/ec/common/lid_angle_keyboard_policy.c.obj
[squirtle:ro] [280/385] Building C object CMakeFiles/app.dir/mnt/host/source/src/platform/ec/build/zephyr/squirtle/modules/ec/common/lid_angle.c.obj
[telith:ro] [366/403] Building C object CMakeFiles/app.dir/telith/src/prochot.c.obj
[lapis:ro] [95/392] Building C object zephyr/arch/arch/arm/core/cortex_m/CMakeFiles/arch__arm__core__cortex_m.dir/cpu_idle.c.obj
[telith:ro] [367/403] Linking C static library modules/ec/zephyr/libec_shim.a
[telith:ro] [368/403] Building C object CMakeFiles/app.dir/telith/src/usbc.c.obj
[pirrha:ro] [230/393] Building C object CMakeFiles/app.dir/mnt/host/source/src/platform/ec/zephyr/subsys/ap_pwrseq/signal_vw.c.obj
[squirtle:rw] [337/385] Building C object CMakeFiles/app.dir/mnt/host/source/src/platform/ec/build/zephyr/squirtle/modules/ec/common/button.c.obj
[pirrha:ro] [231/393] Building C object CMakeFiles/app.dir/mnt/host/source/src/platform/ec/zephyr/subsys/ap_pwrseq/signal_gpio.c.obj
[telith:ro] [369/403] Building C object CMakeFiles/app.dir/telith/src/keyboard_customization.c.obj
[telith:ro] [370/403] Building C object CMakeFiles/app.dir/telith/src/charger.c.obj
[telith:rw] [254/403] Building C object CMakeFiles/app.dir/mnt/host/source/src/platform/ec/zephyr/subsys/ap_pwrseq/x86_non_dsx_chipset_power_state.c.obj
[squirtle:ro] [281/385] Building C object CMakeFiles/app.dir/mnt/host/source/src/platform/ec/build/zephyr/squirtle/modules/ec/common/lid_switch.c.obj
[lapis:ro] [96/392] Building C object zephyr/arch/arch/arm/core/cortex_m/CMakeFiles/arch__arm__core__cortex_m.dir/irq_init.c.obj
[telith:ro] [371/403] Linking C static library app/libapp.a
[telith:rw] [255/403] Building C object CMakeFiles/app.dir/mnt/host/source/src/platform/ec/zephyr/subsys/ap_pwrseq/x86_non_dsx_common_pwrseq_host_sleep.c.obj
[telith:ro] [372/403] Building C object zephyr/kernel/CMakeFiles/kernel.dir/banner.c.obj
[telith:ro] [373/403] Building C object zephyr/kernel/CMakeFiles/kernel.dir/main_weak.c.obj
[squirtle:rw] [338/385] Building C object CMakeFiles/app.dir/mnt/host/source/src/platform/ec/build/zephyr/squirtle/modules/ec/common/vboot/efs2.c.obj
[squirtle:ro] [282/385] Building C object CMakeFiles/app.dir/mnt/host/source/src/platform/ec/build/zephyr/squirtle/modules/ec/common/mkbp_event.c.obj
[squirtle:rw] [339/385] Building C object CMakeFiles/app.dir/mnt/host/source/src/platform/ec/build/zephyr/squirtle/modules/ec/common/vstore.c.obj
[squirtle:ro] [283/385] Building C object CMakeFiles/app.dir/mnt/host/source/src/platform/ec/build/zephyr/squirtle/modules/ec/common/motion_sense.c.obj
[telith:ro] [374/403] Building C object zephyr/kernel/CMakeFiles/kernel.dir/busy_wait.c.obj
[pirrha:ro] [232/393] Building C object CMakeFiles/app.dir/mnt/host/source/src/platform/ec/zephyr/subsys/ap_pwrseq/signal_adc.c.obj
[squirtle:rw] [340/385] Building C object CMakeFiles/app.dir/mnt/host/source/src/platform/ec/build/zephyr/squirtle/modules/ec/common/math_util.c.obj
[telith:ro] [375/403] Building C object zephyr/kernel/CMakeFiles/kernel.dir/device.c.obj
[lapis:ro] [97/392] Building C object zephyr/arch/arch/arm/core/cortex_m/CMakeFiles/arch__arm__core__cortex_m.dir/isr_wrapper.c.obj
[pirrha:ro] [233/393] Building C object CMakeFiles/app.dir/mnt/host/source/src/platform/ec/zephyr/subsys/ap_pwrseq/power_host_sleep.c.obj
[telith:rw] [256/403] Building C object CMakeFiles/app.dir/mnt/host/source/src/platform/ec/zephyr/subsys/ap_pwrseq/x86_non_dsx_common_pwrseq_console.c.obj
[lapis:ro] [98/392] Linking C static library zephyr/arch/arch/arm/core/cortex_m/libarch__arm__core__cortex_m.a
[telith:ro] [376/403] Building C object zephyr/kernel/CMakeFiles/kernel.dir/errno.c.obj
[squirtle:ro] [284/385] Building C object CMakeFiles/app.dir/mnt/host/source/src/platform/ec/build/zephyr/squirtle/modules/ec/common/power_button.c.obj
[telith:rw] [257/403] Building C object CMakeFiles/app.dir/mnt/host/source/src/platform/ec/zephyr/subsys/ap_pwrseq/x86_non_dsx_common_pwrseq_host_command.c.obj
[telith:ro] [377/403] Building C object zephyr/kernel/CMakeFiles/kernel.dir/fatal.c.obj
[telith:ro] [378/403] Building C object zephyr/kernel/CMakeFiles/kernel.dir/init.c.obj
[squirtle:rw] [341/385] Building C object CMakeFiles/app.dir/src/board.c.obj
[telith:ro] [379/403] Building C object zephyr/kernel/CMakeFiles/kernel.dir/kheap.c.obj
[squirtle:rw] [342/385] Building C object CMakeFiles/app.dir/src/hibernate.c.obj
[telith:ro] [380/403] Building C object zephyr/kernel/CMakeFiles/kernel.dir/version.c.obj
[squirtle:ro] [285/385] Building C object CMakeFiles/app.dir/mnt/host/source/src/platform/ec/build/zephyr/squirtle/modules/ec/power/common.c.obj
[telith:ro] [381/403] Building C object zephyr/kernel/CMakeFiles/kernel.dir/mem_slab.c.obj
[lapis:ro] [99/392] Building C object zephyr/arch/arch/arm/core/cortex_m/cmse/CMakeFiles/arch__arm__core__cortex_m__cmse.dir/arm_core_cmse.c.obj
[squirtle:ro] [286/385] Building C object CMakeFiles/app.dir/mnt/host/source/src/platform/ec/build/zephyr/squirtle/modules/ec/power/host_sleep.c.obj
[pirrha:ro] [234/393] Building C object CMakeFiles/app.dir/mnt/host/source/src/platform/ec/zephyr/subsys/ap_pwrseq/x86_non_dsx_chipset_power_state.c.obj
[lapis:ro] [100/392] Linking C static library zephyr/arch/arch/arm/core/cortex_m/cmse/libarch__arm__core__cortex_m__cmse.a
[telith:rw] [258/403] Building C object CMakeFiles/app.dir/mnt/host/source/src/platform/ec/zephyr/subsys/ap_pwrseq/x86_non_dsx_adlp_pwrseq_sm.c.obj
[pirrha:ro] [235/393] Building C object CMakeFiles/app.dir/mnt/host/source/src/platform/ec/zephyr/subsys/ap_pwrseq/x86_non_dsx_common_pwrseq_sm_handler.c.obj
[lapis:ro] [101/392] Generating ../../../include/generated/libc/minimal/strerror_table.h
[squirtle:rw] [343/385] Building C object CMakeFiles/app.dir/src/usbc.c.obj
[telith:ro] [382/403] Building C object zephyr/kernel/CMakeFiles/kernel.dir/float.c.obj
[lapis:ro] [102/392] Building C object zephyr/lib/libc/minimal/CMakeFiles/lib__libc__minimal.dir/source/stdlib/atoi.c.obj
[telith:rw] [259/403] Building C object CMakeFiles/app.dir/mnt/host/source/src/platform/ec/zephyr/subsys/ap_pwrseq/ap_reset_log.c.obj
[squirtle:ro] [287/385] Building C object CMakeFiles/app.dir/mnt/host/source/src/platform/ec/build/zephyr/squirtle/modules/ec/power/mt8186.c.obj
[lapis:ro] [103/392] Building C object zephyr/lib/libc/minimal/CMakeFiles/lib__libc__minimal.dir/source/stdlib/strtol.c.obj
[telith:ro] [383/403] Building C object zephyr/kernel/CMakeFiles/kernel.dir/mailbox.c.obj
[telith:ro] [384/403] Building C object zephyr/kernel/CMakeFiles/kernel.dir/idle.c.obj
[telith:ro] [385/403] Building C object zephyr/kernel/CMakeFiles/kernel.dir/msg_q.c.obj
[squirtle:rw] [344/385] Building C object CMakeFiles/app.dir/src/usb_pd_policy.c.obj
[lapis:ro] [104/392] Building C object zephyr/lib/libc/minimal/CMakeFiles/lib__libc__minimal.dir/source/stdlib/strtoul.c.obj
[squirtle:ro] [288/385] Building C object CMakeFiles/app.dir/mnt/host/source/src/platform/ec/build/zephyr/squirtle/modules/ec/common/panic_output.c.obj
[lapis:ro] [105/392] Building C object zephyr/lib/libc/minimal/CMakeFiles/lib__libc__minimal.dir/source/stdlib/strtoll.c.obj
[telith:rw] [260/403] Building C object CMakeFiles/app.dir/mnt/host/source/src/platform/ec/build/zephyr/telith/modules/ec/builtin/stdlib.c.obj
[squirtle:ro] [289/385] Building C object CMakeFiles/app.dir/mnt/host/source/src/platform/ec/build/zephyr/squirtle/modules/ec/common/sha256.c.obj
[pirrha:ro] [236/393] Building C object CMakeFiles/app.dir/mnt/host/source/src/platform/ec/zephyr/subsys/ap_pwrseq/x86_non_dsx_common_pwrseq_console.c.obj
[squirtle:rw] [345/385] Building C object CMakeFiles/app.dir/src/variant_db_detection.c.obj
[telith:ro] [386/403] Building C object zephyr/kernel/CMakeFiles/kernel.dir/mutex.c.obj
[lapis:ro] [106/392] Building C object zephyr/lib/libc/minimal/CMakeFiles/lib__libc__minimal.dir/source/stdlib/strtoull.c.obj
[pirrha:ro] [237/393] Building C object CMakeFiles/app.dir/mnt/host/source/src/platform/ec/zephyr/subsys/ap_pwrseq/x86_non_dsx_common_pwrseq_host_sleep.c.obj
[squirtle:rw] [346/385] Building C object CMakeFiles/app.dir/src/npcx_i2c.c.obj
[telith:rw] [261/403] Building C object CMakeFiles/app.dir/mnt/host/source/src/platform/ec/build/zephyr/telith/modules/ec/common/base32.c.obj
[lapis:ro] [107/392] Building C object zephyr/lib/libc/minimal/CMakeFiles/lib__libc__minimal.dir/source/stdlib/bsearch.c.obj
[telith:ro] [387/403] Building C object zephyr/kernel/CMakeFiles/kernel.dir/sem.c.obj
[telith:ro] [388/403] Building C object zephyr/kernel/CMakeFiles/kernel.dir/queue.c.obj
[telith:ro] [389/403] Building C object zephyr/kernel/CMakeFiles/kernel.dir/stack.c.obj
[squirtle:ro] [290/385] Building C object CMakeFiles/app.dir/mnt/host/source/src/platform/ec/build/zephyr/squirtle/modules/ec/common/shared_mem.c.obj
[squirtle:rw] [347/385] Building C object CMakeFiles/app.dir/src/npcx_usb_pd_policy.c.obj
[telith:ro] [390/403] Building C object zephyr/kernel/CMakeFiles/kernel.dir/system_work_q.c.obj
[squirtle:ro] [291/385] Building C object CMakeFiles/app.dir/mnt/host/source/src/platform/ec/build/zephyr/squirtle/modules/ec/common/switch.c.obj
[squirtle:ro] [292/385] Building C object CMakeFiles/app.dir/mnt/host/source/src/platform/ec/build/zephyr/squirtle/modules/ec/common/spi_flash_reg.c.obj
[lapis:ro] [108/392] Building C object zephyr/lib/libc/minimal/CMakeFiles/lib__libc__minimal.dir/source/stdlib/exit.c.obj
[pirrha:ro] [238/393] Building C object CMakeFiles/app.dir/mnt/host/source/src/platform/ec/zephyr/subsys/ap_pwrseq/x86_non_dsx_common_pwrseq_host_command.c.obj
[telith:rw] [262/403] Building C object CMakeFiles/app.dir/mnt/host/source/src/platform/ec/build/zephyr/telith/modules/ec/common/console_output.c.obj
[telith:ro] [391/403] Building C object zephyr/kernel/CMakeFiles/kernel.dir/condvar.c.obj
[squirtle:rw] [348/385] Building C object CMakeFiles/app.dir/src/npcx_usbc.c.obj
[pirrha:ro] [239/393] Building C object CMakeFiles/app.dir/mnt/host/source/src/platform/ec/zephyr/subsys/ap_pwrseq/x86_non_dsx_adlp_pwrseq_sm.c.obj
[telith:ro] [392/403] Building C object zephyr/kernel/CMakeFiles/kernel.dir/thread.c.obj
[squirtle:rw] [349/385] Building C object CMakeFiles/app.dir/squirtle/src/usbc.c.obj
[telith:rw] [263/403] Building C object CMakeFiles/app.dir/mnt/host/source/src/platform/ec/build/zephyr/telith/modules/ec/common/ec_features.c.obj
[telith:ro] [393/403] Building C object zephyr/kernel/CMakeFiles/kernel.dir/work.c.obj
[lapis:ro] [109/392] Building C object zephyr/lib/libc/minimal/CMakeFiles/lib__libc__minimal.dir/source/stdlib/qsort.c.obj
[squirtle:rw] [350/385] Linking C static library modules/ec/zephyr/libec_shim.a
[squirtle:ro] [293/385] Building C object CMakeFiles/app.dir/mnt/host/source/src/platform/ec/build/zephyr/squirtle/modules/ec/driver/stm_mems_common.c.obj
[lapis:ro] [110/392] Building C object zephyr/lib/libc/minimal/CMakeFiles/lib__libc__minimal.dir/source/string/strerror.c.obj
[lapis:ro] [111/392] Building C object zephyr/lib/libc/minimal/CMakeFiles/lib__libc__minimal.dir/source/string/strncasecmp.c.obj
[telith:ro] [394/403] Building C object zephyr/kernel/CMakeFiles/kernel.dir/sched.c.obj
[pirrha:ro] [240/393] Building C object CMakeFiles/app.dir/mnt/host/source/src/platform/ec/zephyr/subsys/ap_pwrseq/ap_reset_log.c.obj
[squirtle:rw] [351/385] Building C object CMakeFiles/app.dir/squirtle/src/board_chipset.c.obj
[lapis:ro] [112/392] Building C object zephyr/lib/libc/minimal/CMakeFiles/lib__libc__minimal.dir/source/string/strstr.c.obj
[squirtle:ro] [294/385] Building C object CMakeFiles/app.dir/mnt/host/source/src/platform/ec/build/zephyr/squirtle/modules/ec/common/tablet_mode.c.obj
[telith:rw] [264/403] Building C object CMakeFiles/app.dir/mnt/host/source/src/platform/ec/build/zephyr/telith/modules/ec/common/gpio_commands.c.obj
[telith:ro] [395/403] Building C object zephyr/kernel/CMakeFiles/kernel.dir/thread_monitor.c.obj
[pirrha:ro] [241/393] Building C object CMakeFiles/app.dir/mnt/host/source/src/platform/ec/build/zephyr/pirrha/modules/ec/builtin/stdlib.c.obj
[squirtle:ro] [295/385] Building C object CMakeFiles/app.dir/mnt/host/source/src/platform/ec/build/zephyr/squirtle/modules/ec/common/timer.c.obj
[telith:ro] [396/403] Building C object zephyr/kernel/CMakeFiles/kernel.dir/pipe.c.obj
[telith:ro] [397/403] Building C object zephyr/kernel/CMakeFiles/kernel.dir/timeout.c.obj
[squirtle:rw] [352/385] Building C object zephyr/kernel/CMakeFiles/kernel.dir/banner.c.obj
[lapis:ro] [113/392] Building C object zephyr/lib/libc/minimal/CMakeFiles/lib__libc__minimal.dir/source/string/string.c.obj
[telith:rw] [265/403] Building C object CMakeFiles/app.dir/mnt/host/source/src/platform/ec/build/zephyr/telith/modules/ec/common/peripheral.c.obj
[squirtle:rw] [353/385] Building C object CMakeFiles/app.dir/squirtle/src/board.c.obj
[lapis:ro] [114/392] Building C object zephyr/lib/libc/minimal/CMakeFiles/lib__libc__minimal.dir/source/string/strspn.c.obj
[squirtle:rw] [354/385] Linking C static library app/libapp.a
[telith:ro] [398/403] Building C object zephyr/kernel/CMakeFiles/kernel.dir/timer.c.obj
[squirtle:ro] [296/385] Building C object CMakeFiles/app.dir/mnt/host/source/src/platform/ec/build/zephyr/squirtle/modules/ec/common/usb_port_power_dumb.c.obj
[squirtle:rw] [355/385] Building C object zephyr/kernel/CMakeFiles/kernel.dir/busy_wait.c.obj
[pirrha:ro] [242/393] Building C object CMakeFiles/app.dir/mnt/host/source/src/platform/ec/build/zephyr/pirrha/modules/ec/common/base32.c.obj
[telith:ro] [399/403] Building C object zephyr/kernel/CMakeFiles/kernel.dir/poll.c.obj
[telith:ro] [400/403] Building C object zephyr/kernel/CMakeFiles/kernel.dir/mempool.c.obj
[telith:rw] [266/403] Building C object CMakeFiles/app.dir/mnt/host/source/src/platform/ec/build/zephyr/telith/modules/ec/common/printf.c.obj
[pirrha:ro] [243/393] Building C object CMakeFiles/app.dir/mnt/host/source/src/platform/ec/build/zephyr/pirrha/modules/ec/common/console_output.c.obj
[telith:ro] [401/403] Building C object zephyr/kernel/CMakeFiles/kernel.dir/events.c.obj
[squirtle:rw] [356/385] Building C object zephyr/kernel/CMakeFiles/kernel.dir/device.c.obj
[squirtle:ro] [297/385] Building C object CMakeFiles/app.dir/mnt/host/source/src/platform/ec/build/zephyr/squirtle/modules/ec/common/typec_control.c.obj
[lapis:ro] [115/392] Building C object zephyr/lib/libc/minimal/CMakeFiles/lib__libc__minimal.dir/source/stdout/stdout_console.c.obj
[telith:rw] [267/403] Building C object CMakeFiles/app.dir/mnt/host/source/src/platform/ec/build/zephyr/telith/modules/ec/common/queue.c.obj
[telith:ro] [402/403] Building C object zephyr/kernel/CMakeFiles/kernel.dir/dynamic_disabled.c.obj
[fatcatrvp-npcx:ro] Configuring.
Running `env -i PYTHONPATH=/usr/lib64/python-exec/python3.11:/mnt/host/source/src/platform/ec/zephyr/zmake:/usr/lib/python311.zip:/usr/lib/python3.11:/usr/lib/python3.11/lib-dynload:/usr/lib/python3.11/site-packages PW_PIGWEED_CIPD_INSTALL_DIR=/usr CROSTC_USER_ACKNOWLEDGES_THAT_RISCV_IS_EXPERIMENTAL=1 PATH=/mnt/host/source/chromite/bin:/usr/local/bin:/usr/bin:/bin:/opt/bin:/mnt/host/source/chromite/sdk/bin:/mnt/host/source/chromite/bin HOME=/home/jpmurphy JAVA_HOME=/etc/java-config-2/current-system-vm JDK_HOME=/etc/java-config-2/current-system-vm JAVAC=/etc/java-config-2/current-system-vm/bin/javac MAKEFLAGS=' -j16 --jobserver-auth=5,6' /usr/bin/cmake -S /mnt/host/source/src/platform/ec/zephyr/program/fatcat -B /mnt/host/source/src/platform/ec/build/zephyr/fatcatrvp-npcx/build-ro -GNinja -DCMAKE_EXPORT_COMPILE_COMMANDS=ON -DZEPHYR_BASE=/mnt/host/source/src/third_party/zephyr/main -DZMAKE_INCLUDE_DIR=/mnt/host/source/src/platform/ec/build/zephyr/fatcatrvp-npcx/include -DPython3_EXECUTABLE=/usr/bin/python3.11 -DDTS_ROOT=/mnt/host/source/src/platform/ec/zephyr -DSYSCALL_INCLUDE_DIRS=/mnt/host/source/src/platform/ec/zephyr/include/drivers -DUSER_CACHE_DIR=/mnt/host/source/src/platform/ec/build/zephyr/user-cache '-DEXTRA_EC_VERSION_FLAGS=--version 16543.0.0 --static' -DTOOLCHAIN_ROOT=/mnt/host/source/src/platform/ec/zephyr -DCOREBOOT_SDK_ROOT_x86=/home/jpmurphy/.cache/coreboot-sdk/i386-elf/dfbb0486385d938cfa9d73080b9d18d598ed4f49 -DCOREBOOT_SDK_ROOT_picolibc_x86=/home/jpmurphy/.cache/coreboot-sdk/picolibc-i386-elf/eb8e8e687b95461de8cbf278f1c2076952d0ad17 -DCOREBOOT_SDK_ROOT_riscv64=/home/jpmurphy/.cache/coreboot-sdk/riscv64-elf/96b949749225b6aaa92ed810ab769e8dfb12f000 -DCOREBOOT_SDK_ROOT_picolibc_arm=/home/jpmurphy/.cache/coreboot-sdk/picolibc-arm-eabi/422a2aa3e1ef891b5bece9a3deb696ff83840d2e -DCOREBOOT_SDK_ROOT_nds32=/home/jpmurphy/.cache/coreboot-sdk/nds32le-elf/d1a518c4a097666d86058e1444f85ca015d15511 -DCOREBOOT_SDK_ROOT_picolibc_riscv64=/home/jpmurphy/.cache/coreboot-sdk/picolibc-riscv64-elf/f571e990ef0278564b31124f8bb109d9a697eb69 -DCOREBOOT_SDK_ROOT_arm=/home/jpmurphy/.cache/coreboot-sdk/arm-eabi/ea40ddd1d190c3b48435c474c0b545719371813a -DCOREBOOT_SDK_ROOT_libstdcxx_riscv64=/home/jpmurphy/.cache/coreboot-sdk/libstdcxx-riscv64-elf/17abf22a3a252e2d5d2062ced5324f7a623689e0 -DCOREBOOT_SDK_ROOT_libstdcxx_arm=/home/jpmurphy/.cache/coreboot-sdk/libstdcxx-arm-eabi/5d7d82e150e44aa1968f1d366e267e6687b328ac -DCOREBOOT_SDK_ROOT_riscv=/home/jpmurphy/.cache/coreboot-sdk/riscv-elf/9a27b9e82341c6e9126624f516ab3f261abb3e73 -DCOREBOOT_SDK_ROOT_libstdcxx_x86=/home/jpmurphy/.cache/coreboot-sdk/libstdcxx-i386-elf/42ef9d2e87a76a37963175d7d428734e65648b87 -DZEPHYR_TOOLCHAIN_VARIANT=coreboot-sdk '-DZEPHYR_MODULES=/mnt/host/source/src/platform/ec/build/zephyr/fatcatrvp-npcx/modules/cmsis;/mnt/host/source/src/platform/ec/build/zephyr/fatcatrvp-npcx/modules/cmsis_6;/mnt/host/source/src/platform/ec/build/zephyr/fatcatrvp-npcx/modules/ec' -DDTC_OVERLAY_FILE=/mnt/host/source/src/platform/ec/zephyr/program/fatcat/fatcatrvp-npcx/project.overlay -DBOARD=npcx9/npcx9m7f -DCMAKE_C_FLAGS=-DSECTION_IS_RO '-DCONF_FILE=/mnt/host/source/src/platform/ec/zephyr/program/fatcat/program.conf;/mnt/host/source/src/platform/ec/zephyr/program/fatcat/fatcatrvp-npcx/project.conf;/mnt/host/source/src/platform/ec/zephyr/program/intelrvp/zephyr_ap_pwrseq.conf;/mnt/host/source/src/platform/ec/zephyr/program/intelrvp/ptlrvp/pd.conf;/mnt/host/source/src/platform/ec/zephyr/program/fatcat/rvp_program.conf;/mnt/host/source/src/platform/ec/build/zephyr/fatcatrvp-npcx/kconfig-ro.conf'`
[fatcatrvp-npcx:ro] Loading Zephyr default modules (Zephyr base (cached)).
[fatcatrvp-npcx:ro] -- Application: /mnt/host/source/src/platform/ec/zephyr/program/fatcat
[fatcatrvp-npcx:ro] -- CMake version: 3.31.7
[squirtle:ro] [298/385] Building C object CMakeFiles/app.dir/mnt/host/source/src/platform/ec/build/zephyr/squirtle/modules/ec/common/usb_common.c.obj
[squirtle:rw] [357/385] Building C object zephyr/kernel/CMakeFiles/kernel.dir/errno.c.obj
[telith:ro] [403/403] Linking C static library zephyr/kernel/libkernel.a
[squirtle:rw] [358/385] Building C object zephyr/kernel/CMakeFiles/kernel.dir/fatal.c.obj
[lapis:ro] [116/392] Building C object zephyr/lib/libc/minimal/CMakeFiles/lib__libc__minimal.dir/source/stdout/sprintf.c.obj
[lapis:ro] [117/392] Building C object zephyr/lib/libc/minimal/CMakeFiles/lib__libc__minimal.dir/source/stdout/fprintf.c.obj
[pirrha:ro] [244/393] Building C object CMakeFiles/app.dir/mnt/host/source/src/platform/ec/build/zephyr/pirrha/modules/ec/common/ec_features.c.obj
[squirtle:ro] [299/385] Building C object CMakeFiles/app.dir/mnt/host/source/src/platform/ec/build/zephyr/squirtle/modules/ec/common/usb_pd_pdo.c.obj
[fatcatrvp-npcx:ro] -- Found Python3: /usr/bin/python3.11 (found suitable version "3.11.11", minimum required is "3.10") found components: Interpreter
[fatcatrvp-npcx:ro] -- Cache files will be written to: /mnt/host/source/src/platform/ec/build/zephyr/user-cache
[fatcatrvp-npcx:ro] -- Zephyr version: 4.3.99 (/mnt/host/source/src/third_party/zephyr/main)
[pirrha:ro] [245/393] Building C object CMakeFiles/app.dir/mnt/host/source/src/platform/ec/build/zephyr/pirrha/modules/ec/common/gpio_commands.c.obj
[pirrha:ro] [246/393] Building C object CMakeFiles/app.dir/mnt/host/source/src/platform/ec/build/zephyr/pirrha/modules/ec/common/peripheral.c.obj
[lapis:ro] [118/392] Building C object zephyr/lib/libc/minimal/CMakeFiles/lib__libc__minimal.dir/source/math/sqrtf.c.obj
[telith:rw] [268/403] Building C object CMakeFiles/app.dir/mnt/host/source/src/platform/ec/build/zephyr/telith/modules/ec/common/system_boot_time.c.obj
[squirtle:rw] [359/385] Building C object zephyr/kernel/CMakeFiles/kernel.dir/init.c.obj
[lapis:ro] [119/392] Building C object zephyr/lib/libc/minimal/CMakeFiles/lib__libc__minimal.dir/source/math/sqrt.c.obj
[squirtle:ro] [300/385] Building C object CMakeFiles/app.dir/mnt/host/source/src/platform/ec/build/zephyr/squirtle/modules/ec/common/usbc/usbc_task.c.obj
[/mnt/host/source/src/platform/ec/build/zephyr/fatcatrvp-ite-lcov]   /mnt/host/source/src/platform/ec/build/zephyr/fatcatrvp-ite/build-rw/modules/ec/zephyr/CMakeFiles/ec_shim.dir/drivers/keyboard_input/keyboard_customization_check.c.gcno:no functions found
[/mnt/host/source/src/platform/ec/build/zephyr/fatcatrvp-ite-lcov] stderr:
[squirtle:rw] [360/385] Building C object zephyr/kernel/CMakeFiles/kernel.dir/kheap.c.obj
[telith:rw] [269/403] Building C object CMakeFiles/app.dir/mnt/host/source/src/platform/ec/build/zephyr/telith/modules/ec/common/uart_printf.c.obj
[telith:rw] [270/403] Building C object CMakeFiles/app.dir/mnt/host/source/src/platform/ec/build/zephyr/telith/modules/ec/common/system.c.obj
[squirtle:rw] [361/385] Building C object zephyr/kernel/CMakeFiles/kernel.dir/mem_slab.c.obj
[squirtle:rw] [362/385] Building C object zephyr/kernel/CMakeFiles/kernel.dir/version.c.obj
[squirtle:ro] [301/385] Building C object CMakeFiles/app.dir/mnt/host/source/src/platform/ec/build/zephyr/squirtle/modules/ec/common/usbc/usb_pd_timer.c.obj
[lapis:ro] [120/392] Building C object zephyr/lib/libc/minimal/CMakeFiles/lib__libc__minimal.dir/source/time/gmtime.c.obj
[lapis:ro] [121/392] Linking C static library zephyr/lib/libc/minimal/liblib__libc__minimal.a
[pirrha:ro] [247/393] Building C object CMakeFiles/app.dir/mnt/host/source/src/platform/ec/build/zephyr/pirrha/modules/ec/common/queue.c.obj
[squirtle:ro] [302/385] Building C object CMakeFiles/app.dir/mnt/host/source/src/platform/ec/build/zephyr/squirtle/modules/ec/common/usbc/usb_sm.c.obj
[lapis:ro] [122/392] Building C object zephyr/lib/libc/common/CMakeFiles/lib__libc__common.dir/source/stdlib/abort.c.obj
[pirrha:ro] [248/393] Building C object CMakeFiles/app.dir/mnt/host/source/src/platform/ec/build/zephyr/pirrha/modules/ec/common/printf.c.obj
[squirtle:rw] [363/385] Building C object zephyr/kernel/CMakeFiles/kernel.dir/float.c.obj
[lapis:ro] [123/392] Building C object zephyr/lib/libc/common/CMakeFiles/lib__libc__common.dir/source/time/gmtime_r.c.obj
[telith:rw] [271/403] Building C object CMakeFiles/app.dir/mnt/host/source/src/platform/ec/build/zephyr/telith/modules/ec/common/util.c.obj
[lapis:ro] [124/392] Building C object zephyr/lib/libc/common/CMakeFiles/lib__libc__common.dir/source/time/asctime.c.obj
[pirrha:ro] [249/393] Building C object CMakeFiles/app.dir/mnt/host/source/src/platform/ec/build/zephyr/pirrha/modules/ec/common/system.c.obj
[telith:rw] [272/403] Building C object CMakeFiles/app.dir/mnt/host/source/src/platform/ec/build/zephyr/telith/modules/ec/common/version.c.obj
[lapis:ro] [125/392] Building C object zephyr/lib/libc/common/CMakeFiles/lib__libc__common.dir/source/time/localtime_r_utc.c.obj
[squirtle:ro] [303/385] Building C object CMakeFiles/app.dir/mnt/host/source/src/platform/ec/build/zephyr/squirtle/modules/ec/common/usbc_intr_task.c.obj
[squirtle:rw] [364/385] Building C object zephyr/kernel/CMakeFiles/kernel.dir/mailbox.c.obj
[fatcatrvp-npcx:ro] -- Board: npcx9, qualifiers: npcx9m7f
[telith:rw] [273/403] Building C object CMakeFiles/app.dir/mnt/host/source/src/platform/ec/build/zephyr/telith/modules/ec/common/power_button_x86.c.obj
[squirtle:rw] [365/385] Building C object zephyr/kernel/CMakeFiles/kernel.dir/idle.c.obj
[lapis:ro] [126/392] Building C object zephyr/lib/libc/common/CMakeFiles/lib__libc__common.dir/source/time/ctime.c.obj
[squirtle:ro] [304/385] Building C object CMakeFiles/app.dir/mnt/host/source/src/platform/ec/build/zephyr/squirtle/modules/ec/common/usbc_utils.c.obj
[pirrha:ro] [250/393] Building C object CMakeFiles/app.dir/mnt/host/source/src/platform/ec/build/zephyr/pirrha/modules/ec/common/system_boot_time.c.obj
[lapis:ro] [127/392] Building C object zephyr/lib/libc/common/CMakeFiles/lib__libc__common.dir/source/time/time.c.obj
[squirtle:rw] [366/385] Building C object zephyr/kernel/CMakeFiles/kernel.dir/msg_q.c.obj
[squirtle:ro] [305/385] Building C object CMakeFiles/app.dir/mnt/host/source/src/platform/ec/build/zephyr/squirtle/modules/ec/common/usb_pd_flags.c.obj
[pirrha:ro] [251/393] Building C object CMakeFiles/app.dir/mnt/host/source/src/platform/ec/build/zephyr/pirrha/modules/ec/common/uart_printf.c.obj
[lapis:ro] [128/392] Building C object zephyr/lib/libc/common/CMakeFiles/lib__libc__common.dir/source/string/strnlen.c.obj
[pirrha:ro] [252/393] Building C object CMakeFiles/app.dir/mnt/host/source/src/platform/ec/build/zephyr/pirrha/modules/ec/common/util.c.obj
[telith:rw] [274/403] Building C object CMakeFiles/app.dir/mnt/host/source/src/platform/ec/build/zephyr/telith/modules/ec/common/adc.c.obj
[lapis:ro] [129/392] Building C object zephyr/lib/libc/common/CMakeFiles/lib__libc__common.dir/source/stdlib/malloc.c.obj
[lapis:ro] [130/392] Building C object zephyr/lib/posix/c_lib_ext/CMakeFiles/lib__posix__c_lib_ext.dir/fnmatch.c.obj
[lapis:ro] [131/392] Linking C static library zephyr/lib/libc/common/liblib__libc__common.a
[telith:rw] [275/403] Building C object CMakeFiles/app.dir/mnt/host/source/src/platform/ec/build/zephyr/telith/modules/ec/common/acpi.c.obj
[squirtle:rw] [367/385] Building C object zephyr/kernel/CMakeFiles/kernel.dir/mutex.c.obj
[squirtle:ro] [306/385] Building C object CMakeFiles/app.dir/mnt/host/source/src/platform/ec/build/zephyr/squirtle/modules/ec/common/chargen.c.obj
[squirtle:rw] [368/385] Building C object zephyr/kernel/CMakeFiles/kernel.dir/queue.c.obj
[telith:rw] [276/403] Building C object CMakeFiles/app.dir/mnt/host/source/src/platform/ec/build/zephyr/telith/modules/ec/common/backlight_lid.c.obj
[pirrha:ro] [253/393] Building C object CMakeFiles/app.dir/mnt/host/source/src/platform/ec/build/zephyr/pirrha/modules/ec/common/version.c.obj
[squirtle:ro] [307/385] Building C object CMakeFiles/app.dir/mnt/host/source/src/platform/ec/build/zephyr/squirtle/modules/ec/common/usbc/usb_pd_console.c.obj
[squirtle:rw] [369/385] Building C object zephyr/kernel/CMakeFiles/kernel.dir/sem.c.obj
[pirrha:ro] [254/393] Building C object CMakeFiles/app.dir/mnt/host/source/src/platform/ec/build/zephyr/pirrha/modules/ec/common/power_button_x86.c.obj
[lapis:ro] [132/392] Building C object zephyr/lib/posix/c_lib_ext/CMakeFiles/lib__posix__c_lib_ext.dir/getentropy.c.obj
[squirtle:ro] [308/385] Building C object CMakeFiles/app.dir/mnt/host/source/src/platform/ec/build/zephyr/squirtle/modules/ec/driver/usb_mux/usb_mux.c.obj
[lapis:ro] [133/392] Building C object zephyr/lib/posix/c_lib_ext/CMakeFiles/lib__posix__c_lib_ext.dir/getopt_shim.c.obj
[pirrha:ro] [255/393] Building C object CMakeFiles/app.dir/mnt/host/source/src/platform/ec/build/zephyr/pirrha/modules/ec/driver/accel_lis2ds.c.obj
[lapis:ro] [134/392] Linking C static library zephyr/lib/posix/c_lib_ext/liblib__posix__c_lib_ext.a
[squirtle:rw] [370/385] Building C object zephyr/kernel/CMakeFiles/kernel.dir/system_work_q.c.obj
[telith:rw] [277/403] Building C object CMakeFiles/app.dir/mnt/host/source/src/platform/ec/build/zephyr/telith/modules/ec/common/battery.c.obj
[squirtle:rw] [371/385] Building C object zephyr/kernel/CMakeFiles/kernel.dir/stack.c.obj
[lapis:ro] [135/392] Building C object zephyr/subsys/crc/CMakeFiles/subsys__crc.dir/crc4_sw.c.obj
[telith:rw] [278/403] Building C object CMakeFiles/app.dir/mnt/host/source/src/platform/ec/build/zephyr/telith/modules/ec/common/battery_info.c.obj
[lapis:ro] [136/392] Building C object zephyr/subsys/crc/CMakeFiles/subsys__crc.dir/crc8_sw.c.obj
[squirtle:ro] [309/385] Building C object CMakeFiles/app.dir/mnt/host/source/src/platform/ec/build/zephyr/squirtle/modules/ec/driver/usb_mux/ps8743.c.obj
[lapis:ro] [137/392] Building C object zephyr/lib/smf/CMakeFiles/lib__smf.dir/smf.c.obj
[lapis:ro] [138/392] Building C object zephyr/subsys/crc/CMakeFiles/subsys__crc.dir/crc16_sw.c.obj
[fatcatrvp-npcx:ro] -- Found Dtc: /usr/bin/dtc (found suitable version "1.6.0", minimum required is "1.4.6")
[fatcatrvp-npcx:ro] -- Found BOARD.dts: /mnt/host/source/src/platform/ec/zephyr/boards/google/npcx9/npcx9_npcx9m7f.dts
[fatcatrvp-npcx:ro] -- Found devicetree overlay: /mnt/host/source/src/platform/ec/zephyr/program/fatcat/fatcatrvp-npcx/project.overlay
[telith:rw] [279/403] Building C object CMakeFiles/app.dir/mnt/host/source/src/platform/ec/build/zephyr/telith/modules/ec/common/battery_fuel_gauge.c.obj
[lapis:ro] [139/392] Linking C static library zephyr/lib/smf/liblib__smf.a
[lapis:ro] [140/392] Building C object zephyr/subsys/crc/CMakeFiles/subsys__crc.dir/crc7_sw.c.obj
[pirrha:ro] [256/393] Building C object CMakeFiles/app.dir/mnt/host/source/src/platform/ec/build/zephyr/pirrha/modules/ec/driver/accelgyro_lsm6dsm.c.obj
[squirtle:rw] [372/385] Building C object zephyr/kernel/CMakeFiles/kernel.dir/work.c.obj
[pirrha:ro] [257/393] Building C object CMakeFiles/app.dir/mnt/host/source/src/platform/ec/build/zephyr/pirrha/modules/ec/common/motion_sense_fifo.c.obj
[lapis:ro] [141/392] Building C object zephyr/subsys/crc/CMakeFiles/subsys__crc.dir/crc24_sw.c.obj
[squirtle:ro] [310/385] Building C object CMakeFiles/app.dir/mnt/host/source/src/platform/ec/build/zephyr/squirtle/modules/ec/driver/usb_mux/virtual.c.obj
[lapis:ro] [142/392] Building C object zephyr/subsys/crc/CMakeFiles/subsys__crc.dir/crc32c_sw.c.obj
[squirtle:rw] [373/385] Building C object zephyr/kernel/CMakeFiles/kernel.dir/condvar.c.obj
[lapis:ro] [143/392] Building C object zephyr/subsys/crc/CMakeFiles/subsys__crc.dir/crc32_sw.c.obj
[squirtle:ro] [311/385] Building C object CMakeFiles/app.dir/mnt/host/source/src/platform/ec/build/zephyr/squirtle/modules/ec/common/dps.c.obj
[squirtle:rw] [374/385] Building C object zephyr/kernel/CMakeFiles/kernel.dir/thread.c.obj
[lapis:ro] [144/392] Building C object zephyr/subsys/crc/CMakeFiles/subsys__crc.dir/crc32k_4_2_sw.c.obj
[pirrha:ro] [258/393] Building C object CMakeFiles/app.dir/mnt/host/source/src/platform/ec/build/zephyr/pirrha/modules/ec/common/adc.c.obj
[lapis:ro] [145/392] Linking C static library zephyr/subsys/crc/libsubsys__crc.a
[telith:rw] [280/403] Building C object CMakeFiles/app.dir/mnt/host/source/src/platform/ec/build/zephyr/telith/modules/ec/driver/battery/smart.c.obj
[telith:rw] [281/403] Building C object CMakeFiles/app.dir/mnt/host/source/src/platform/ec/build/zephyr/telith/modules/ec/driver/charger/bq25710.c.obj
[lapis:ro] [146/392] Building C object zephyr/subsys/input/CMakeFiles/subsys__input.dir/input_hid.c.obj
[squirtle:ro] [312/385] Building C object CMakeFiles/app.dir/mnt/host/source/src/platform/ec/build/zephyr/squirtle/modules/ec/common/event_log.c.obj
[telith:rw] [282/403] Building C object CMakeFiles/app.dir/mnt/host/source/src/platform/ec/build/zephyr/telith/modules/ec/common/charger.c.obj
[pirrha:ro] [259/393] Building C object CMakeFiles/app.dir/mnt/host/source/src/platform/ec/build/zephyr/pirrha/modules/ec/common/acpi.c.obj
[squirtle:rw] [375/385] Building C object zephyr/kernel/CMakeFiles/kernel.dir/sched.c.obj
[pirrha:ro] [260/393] Building C object CMakeFiles/app.dir/mnt/host/source/src/platform/ec/build/zephyr/pirrha/modules/ec/common/backlight_lid.c.obj
[squirtle:rw] [376/385] Building C object zephyr/kernel/CMakeFiles/kernel.dir/pipe.c.obj
[lapis:ro] [147/392] Building C object zephyr/subsys/input/CMakeFiles/subsys__input.dir/input.c.obj
[squirtle:ro] [313/385] Building C object CMakeFiles/app.dir/mnt/host/source/src/platform/ec/build/zephyr/squirtle/modules/ec/common/pd_log.c.obj
[squirtle:rw] [377/385] Building C object zephyr/kernel/CMakeFiles/kernel.dir/spinlock_validate.c.obj
[lapis:ro] [148/392] Building C object zephyr/drivers/interrupt_controller/CMakeFiles/drivers__interrupt_controller.dir/mnt/host/source/src/third_party/zephyr/main/misc/empty_file.c.obj
[lapis:ro] [149/392] Linking C static library zephyr/drivers/interrupt_controller/libdrivers__interrupt_controller.a
[pirrha:ro] [261/393] Building C object CMakeFiles/app.dir/mnt/host/source/src/platform/ec/build/zephyr/pirrha/modules/ec/common/battery.c.obj
[lapis:ro] [150/392] Building C object zephyr/subsys/input/CMakeFiles/subsys__input.dir/input_utils.c.obj
[lapis:ro] [151/392] Linking C static library zephyr/subsys/input/libsubsys__input.a
[telith:rw] [283/403] Building C object CMakeFiles/app.dir/mnt/host/source/src/platform/ec/build/zephyr/telith/modules/ec/common/cbi_common.c.obj
[telith:rw] [284/403] Building C object CMakeFiles/app.dir/mnt/host/source/src/platform/ec/build/zephyr/telith/modules/ec/common/charge_state.c.obj
[squirtle:ro] [314/385] Building C object CMakeFiles/app.dir/mnt/host/source/src/platform/ec/build/zephyr/squirtle/modules/ec/common/usbc/usb_tc_drp_acc_trysrc_sm.c.obj
[squirtle:rw] [378/385] Building C object zephyr/kernel/CMakeFiles/kernel.dir/thread_monitor.c.obj
[telith:rw] [285/403] Building C object CMakeFiles/app.dir/mnt/host/source/src/platform/ec/build/zephyr/telith/modules/ec/common/charge_manager.c.obj
[pirrha:ro] [262/393] Building C object CMakeFiles/app.dir/mnt/host/source/src/platform/ec/build/zephyr/pirrha/modules/ec/common/battery_info.c.obj
[squirtle:rw] [379/385] Building C object zephyr/kernel/CMakeFiles/kernel.dir/timeout.c.obj
[pirrha:ro] [263/393] Building C object CMakeFiles/app.dir/mnt/host/source/src/platform/ec/build/zephyr/pirrha/modules/ec/common/battery_fuel_gauge.c.obj
[lapis:ro] [152/392] Building C object zephyr/drivers/bbram/CMakeFiles/drivers__bbram.dir/bbram_rts5912.c.obj
[squirtle:ro] [315/385] Building C object CMakeFiles/app.dir/mnt/host/source/src/platform/ec/build/zephyr/squirtle/modules/ec/common/usbc/usb_prl_sm.c.obj
[lapis:ro] [153/392] Linking C static library zephyr/drivers/bbram/libdrivers__bbram.a
[squirtle:rw] [380/385] Building C object zephyr/kernel/CMakeFiles/kernel.dir/timer.c.obj
[fatcatrvp-npcx:ro] -- Generated zephyr.dts: /mnt/host/source/src/platform/ec/build/zephyr/fatcatrvp-npcx/build-ro/zephyr/zephyr.dts
[lapis:ro] [154/392] Building C object zephyr/drivers/clock_control/CMakeFiles/drivers__clock_control.dir/clock_control_rts5912_sccon.c.obj
[lapis:ro] [155/392] Linking C static library zephyr/drivers/clock_control/libdrivers__clock_control.a
[pirrha:ro] [264/393] Building C object CMakeFiles/app.dir/mnt/host/source/src/platform/ec/build/zephyr/pirrha/modules/ec/driver/battery/smart.c.obj
[telith:rw] [286/403] Building C object CMakeFiles/app.dir/mnt/host/source/src/platform/ec/build/zephyr/telith/modules/ec/common/cbi_config.c.obj
[lapis:ro] [156/392] Building C object zephyr/drivers/console/CMakeFiles/drivers__console.dir/uart_console.c.obj
[squirtle:rw] [381/385] Building C object zephyr/kernel/CMakeFiles/kernel.dir/poll.c.obj
[lapis:ro] [157/392] Linking C static library zephyr/drivers/console/libdrivers__console.a
[squirtle:rw] [382/385] Building C object zephyr/kernel/CMakeFiles/kernel.dir/events.c.obj
[telith:rw] [287/403] Building C object CMakeFiles/app.dir/mnt/host/source/src/platform/ec/build/zephyr/telith/modules/ec/common/cbi.c.obj
[pirrha:ro] [265/393] Building C object CMakeFiles/app.dir/mnt/host/source/src/platform/ec/build/zephyr/pirrha/modules/ec/driver/bc12/pi3usb9201.c.obj
[telith:rw] [288/403] Building C object CMakeFiles/app.dir/mnt/host/source/src/platform/ec/build/zephyr/telith/modules/ec/common/memory_commands.c.obj
[squirtle:rw] [383/385] Building C object zephyr/kernel/CMakeFiles/kernel.dir/mempool.c.obj
[squirtle:ro] [316/385] Building C object CMakeFiles/app.dir/mnt/host/source/src/platform/ec/build/zephyr/squirtle/modules/ec/common/usbc/usb_pd_dpm.c.obj
[squirtle:ro] [317/385] Building C object CMakeFiles/app.dir/mnt/host/source/src/platform/ec/build/zephyr/squirtle/modules/ec/common/usbc/usb_pe_drp_sm.c.obj
[fatcatrvp-npcx:ro] -- Generated pickled edt: /mnt/host/source/src/platform/ec/build/zephyr/fatcatrvp-npcx/build-ro/zephyr/edt.pickle
[fatcatrvp-npcx:ro] -- Generated devicetree_generated.h: /mnt/host/source/src/platform/ec/build/zephyr/fatcatrvp-npcx/build-ro/zephyr/include/generated/zephyr/devicetree_generated.h
[lapis:ro] [158/392] Building C object zephyr/drivers/counter/CMakeFiles/drivers__counter.dir/counter_realtek_rts5912.c.obj
[lapis:ro] [159/392] Linking C static library zephyr/drivers/counter/libdrivers__counter.a
[pirrha:ro] [266/393] Building C object CMakeFiles/app.dir/mnt/host/source/src/platform/ec/build/zephyr/pirrha/modules/ec/driver/charger/isl923x.c.obj
[squirtle:ro] [318/385] Building C object CMakeFiles/app.dir/mnt/host/source/src/platform/ec/build/zephyr/squirtle/modules/ec/common/usbc/usbc_pd_policy.c.obj
[pirrha:ro] [267/393] Building C object CMakeFiles/app.dir/mnt/host/source/src/platform/ec/build/zephyr/pirrha/modules/ec/common/charger.c.obj
[fatcatrvp-npcx:rw] Configuring.
Running `env -i PYTHONPATH=/usr/lib64/python-exec/python3.11:/mnt/host/source/src/platform/ec/zephyr/zmake:/usr/lib/python311.zip:/usr/lib/python3.11:/usr/lib/python3.11/lib-dynload:/usr/lib/python3.11/site-packages PW_PIGWEED_CIPD_INSTALL_DIR=/usr CROSTC_USER_ACKNOWLEDGES_THAT_RISCV_IS_EXPERIMENTAL=1 PATH=/mnt/host/source/chromite/bin:/usr/local/bin:/usr/bin:/bin:/opt/bin:/mnt/host/source/chromite/sdk/bin:/mnt/host/source/chromite/bin HOME=/home/jpmurphy JAVA_HOME=/etc/java-config-2/current-system-vm JDK_HOME=/etc/java-config-2/current-system-vm JAVAC=/etc/java-config-2/current-system-vm/bin/javac MAKEFLAGS=' -j16 --jobserver-auth=5,6' /usr/bin/cmake -S /mnt/host/source/src/platform/ec/zephyr/program/fatcat -B /mnt/host/source/src/platform/ec/build/zephyr/fatcatrvp-npcx/build-rw -GNinja -DCMAKE_EXPORT_COMPILE_COMMANDS=ON -DZEPHYR_BASE=/mnt/host/source/src/third_party/zephyr/main -DZMAKE_INCLUDE_DIR=/mnt/host/source/src/platform/ec/build/zephyr/fatcatrvp-npcx/include -DPython3_EXECUTABLE=/usr/bin/python3.11 -DDTS_ROOT=/mnt/host/source/src/platform/ec/zephyr -DSYSCALL_INCLUDE_DIRS=/mnt/host/source/src/platform/ec/zephyr/include/drivers -DUSER_CACHE_DIR=/mnt/host/source/src/platform/ec/build/zephyr/user-cache '-DEXTRA_EC_VERSION_FLAGS=--version 16543.0.0 --static' -DTOOLCHAIN_ROOT=/mnt/host/source/src/platform/ec/zephyr -DCOREBOOT_SDK_ROOT_x86=/home/jpmurphy/.cache/coreboot-sdk/i386-elf/dfbb0486385d938cfa9d73080b9d18d598ed4f49 -DCOREBOOT_SDK_ROOT_picolibc_x86=/home/jpmurphy/.cache/coreboot-sdk/picolibc-i386-elf/eb8e8e687b95461de8cbf278f1c2076952d0ad17 -DCOREBOOT_SDK_ROOT_riscv64=/home/jpmurphy/.cache/coreboot-sdk/riscv64-elf/96b949749225b6aaa92ed810ab769e8dfb12f000 -DCOREBOOT_SDK_ROOT_picolibc_arm=/home/jpmurphy/.cache/coreboot-sdk/picolibc-arm-eabi/422a2aa3e1ef891b5bece9a3deb696ff83840d2e -DCOREBOOT_SDK_ROOT_nds32=/home/jpmurphy/.cache/coreboot-sdk/nds32le-elf/d1a518c4a097666d86058e1444f85ca015d15511 -DCOREBOOT_SDK_ROOT_picolibc_riscv64=/home/jpmurphy/.cache/coreboot-sdk/picolibc-riscv64-elf/f571e990ef0278564b31124f8bb109d9a697eb69 -DCOREBOOT_SDK_ROOT_arm=/home/jpmurphy/.cache/coreboot-sdk/arm-eabi/ea40ddd1d190c3b48435c474c0b545719371813a -DCOREBOOT_SDK_ROOT_libstdcxx_riscv64=/home/jpmurphy/.cache/coreboot-sdk/libstdcxx-riscv64-elf/17abf22a3a252e2d5d2062ced5324f7a623689e0 -DCOREBOOT_SDK_ROOT_libstdcxx_arm=/home/jpmurphy/.cache/coreboot-sdk/libstdcxx-arm-eabi/5d7d82e150e44aa1968f1d366e267e6687b328ac -DCOREBOOT_SDK_ROOT_riscv=/home/jpmurphy/.cache/coreboot-sdk/riscv-elf/9a27b9e82341c6e9126624f516ab3f261abb3e73 -DCOREBOOT_SDK_ROOT_libstdcxx_x86=/home/jpmurphy/.cache/coreboot-sdk/libstdcxx-i386-elf/42ef9d2e87a76a37963175d7d428734e65648b87 -DZEPHYR_TOOLCHAIN_VARIANT=coreboot-sdk '-DZEPHYR_MODULES=/mnt/host/source/src/platform/ec/build/zephyr/fatcatrvp-npcx/modules/cmsis;/mnt/host/source/src/platform/ec/build/zephyr/fatcatrvp-npcx/modules/cmsis_6;/mnt/host/source/src/platform/ec/build/zephyr/fatcatrvp-npcx/modules/ec' -DDTC_OVERLAY_FILE=/mnt/host/source/src/platform/ec/zephyr/program/fatcat/fatcatrvp-npcx/project.overlay -DBOARD=npcx9/npcx9m7f -DCMAKE_C_FLAGS=-DSECTION_IS_RW '-DCONF_FILE=/mnt/host/source/src/platform/ec/zephyr/program/fatcat/program.conf;/mnt/host/source/src/platform/ec/zephyr/program/fatcat/fatcatrvp-npcx/project.conf;/mnt/host/source/src/platform/ec/zephyr/program/intelrvp/zephyr_ap_pwrseq.conf;/mnt/host/source/src/platform/ec/zephyr/program/intelrvp/ptlrvp/pd.conf;/mnt/host/source/src/platform/ec/zephyr/program/fatcat/rvp_program.conf;/mnt/host/source/src/platform/ec/build/zephyr/fatcatrvp-npcx/kconfig-rw.conf'`
[squirtle:rw] [384/385] Building C object zephyr/kernel/CMakeFiles/kernel.dir/dynamic_disabled.c.obj
[lapis:ro] [160/392] Building C object zephyr/drivers/crypto/CMakeFiles/drivers__crypto.dir/crypto_rts5912_sha.c.obj
[fatcatrvp-npcx:rw] Loading Zephyr default modules (Zephyr base (cached)).
[fatcatrvp-npcx:rw] -- Application: /mnt/host/source/src/platform/ec/zephyr/program/fatcat
[telith:rw] [289/403] Building C object CMakeFiles/app.dir/mnt/host/source/src/platform/ec/build/zephyr/telith/modules/ec/common/dptf.c.obj
[lapis:ro] [161/392] Linking C static library zephyr/drivers/crypto/libdrivers__crypto.a
[squirtle:rw] [385/385] Linking C static library zephyr/kernel/libkernel.a
[/mnt/host/source/src/platform/ec/build/zephyr/fatcatrvp-ite-lcov]   /mnt/host/source/src/platform/ec/build/zephyr/fatcatrvp-ite/build-rw/CMakeFiles/app.dir/mnt/host/source/src/platform/ec/build/zephyr/fatcatrvp-ite/modules/ec/common/cbi_config.c.gcno:no functions found
[/mnt/host/source/src/platform/ec/build/zephyr/fatcatrvp-ite-lcov] stderr:
[adlrvp_npcx:ro] Building: /usr/bin/ninja -C /mnt/host/source/src/platform/ec/build/zephyr/adlrvp_npcx/build-ro all.libraries
Running `env -i SHELL=/bin/bash COLORTERM=truecolor DEPOT_TOOLS_UPDATE=0 LESS='-R -M --shift 5' SUDO_GID=0 JDK_HOME=/etc/java-config-2/current-system-vm CONFIG_PROTECT_MASK='/etc/gentoo-release /etc/sandbox.d /etc/fonts/fonts.conf /etc/terminfo /etc/ca-certificates.conf /etc/revdep-rebuild' CHROMEOS_CACHEDIR=/var/cache/chromeos-cache JAVA_HOME=/etc/java-config-2/current-system-vm SSH_AUTH_SOCK=/tmp/ssh-auth-sock SUDO_COMMAND=/bin/bash SUDO_USER=root SUDO_TTY=/dev/pts/2 EDITOR=/usr/bin/vi PWD=/mnt/host/source/src/platform/ec CONFIG_PROTECT=/usr/share/gnupg/qualified.txt LOGNAME=jpmurphy MANPATH=/etc/java-config-2/current-system-vm/man:/usr/local/share/man:/usr/share/man:/usr/share/gcc-data/x86_64-pc-linux-gnu/10.2.0/man:/usr/share/binutils-data/x86_64-pc-linux-gnu/2.45/man:/etc/java-config-2/current-system-vm/man/ SUDO_HOME=/root XAUTHORITY=/run/user/944457/gdm/Xauthority HOME=/home/jpmurphy LANG=C.UTF-8 LS_COLORS='rs=0:di=01;34:ln=01;36:mh=00:pi=40;33:so=01;35:do=01;35:bd=40;33;01:cd=40;33;01:or=01;05;37;41:mi=01;05;37;41:su=37;41:sg=30;43:ca=30;41:tw=30;42:ow=34;42:st=37;44:ex=01;32:*.tar=01;31:*.tgz=01;31:*.arc=01;31:*.arj=01;31:*.taz=01;31:*.lha=01;31:*.lz4=01;31:*.lzh=01;31:*.lzma=01;31:*.tlz=01;31:*.txz=01;31:*.tzo=01;31:*.t7z=01;31:*.zip=01;31:*.z=01;31:*.dz=01;31:*.gz=01;31:*.lrz=01;31:*.lz=01;31:*.lzo=01;31:*.xz=01;31:*.zst=01;31:*.tzst=01;31:*.bz2=01;31:*.bz=01;31:*.tbz=01;31:*.tbz2=01;31:*.tz=01;31:*.deb=01;31:*.rpm=01;31:*.jar=01;31:*.war=01;31:*.ear=01;31:*.sar=01;31:*.rar=01;31:*.alz=01;31:*.ace=01;31:*.zoo=01;31:*.cpio=01;31:*.7z=01;31:*.rz=01;31:*.cab=01;31:*.wim=01;31:*.swm=01;31:*.dwm=01;31:*.esd=01;31:*.jpg=01;35:*.jpeg=01;35:*.mjpg=01;35:*.mjpeg=01;35:*.gif=01;35:*.bmp=01;35:*.pbm=01;35:*.pgm=01;35:*.ppm=01;35:*.tga=01;35:*.xbm=01;35:*.xpm=01;35:*.tif=01;35:*.tiff=01;35:*.png=01;35:*.svg=01;35:*.svgz=01;35:*.mng=01;35:*.pcx=01;35:*.mov=01;35:*.mpg=01;35:*.mpeg=01;35:*.m2v=01;35:*.mkv=01;35:*.webm=01;35:*.webp=01;35:*.ogm=01;35:*.mp4=01;35:*.m4v=01;35:*.mp4v=01;35:*.vob=01;35:*.qt=01;35:*.nuv=01;35:*.wmv=01;35:*.asf=01;35:*.rm=01;35:*.rmvb=01;35:*.flc=01;35:*.avi=01;35:*.fli=01;35:*.flv=01;35:*.gl=01;35:*.dl=01;35:*.xcf=01;35:*.xwd=01;35:*.yuv=01;35:*.cgm=01;35:*.emf=01;35:*.ogv=01;35:*.ogx=01;35:*.cfg=00;32:*.conf=00;32:*.diff=00;32:*.doc=00;32:*.ini=00;32:*.log=00;32:*.patch=00;32:*.pdf=00;32:*.ps=00;32:*.tex=00;32:*.txt=00;32:*.aac=00;36:*.au=00;36:*.flac=00;36:*.m4a=00;36:*.mid=00;36:*.midi=00;36:*.mka=00;36:*.mp3=00;36:*.mpc=00;36:*.ogg=00;36:*.ra=00;36:*.wav=00;36:*.oga=00;36:*.opus=00;36:*.spx=00;36:*.xspf=00;36:' XDG_CURRENT_DESKTOP=GNOME INFOPATH=/usr/share/info:/usr/share/gcc-data/x86_64-pc-linux-gnu/10.2.0/info:/usr/share/binutils-data/x86_64-pc-linux-gnu/2.45/info:/usr/share/automake-1.16.5/info JAVAC=/etc/java-config-2/current-system-vm/bin/javac TERM=xterm-256color LESSOPEN='|lesspipe %s' USER=jpmurphy CROS_WORKON_SRCROOT=/mnt/host/source MANPAGER=manpager DISPLAY=:1 SHLVL=1 LC_MESSAGES=C EXTERNAL_TRUNK_PATH=/mnt/8f9d649a-3721-44cc-93c0-e6bd21a9689f/chromiumos GCC_SPECS='' PATH=/mnt/host/source/chromite/bin:/usr/local/bin:/usr/bin:/bin:/opt/bin:/mnt/host/source/chromite/sdk/bin:/mnt/host/source/chromite/bin PORTAGE_USERNAME=jpmurphy SUDO_UID=0 GCC_VER=10.2.0 MAIL=/var/mail/jpmurphy OLDPWD=/mnt/host/source/src/scripts traceparent=00-e87aca51550a78635907baa6a2476181-6d684811675d2973-01 _=./zephyr/firmware_builder.py COREBOOT_SDK_ROOT_x86=/home/jpmurphy/.cache/coreboot-sdk/i386-elf/dfbb0486385d938cfa9d73080b9d18d598ed4f49 COREBOOT_SDK_ROOT_picolibc_x86=/home/jpmurphy/.cache/coreboot-sdk/picolibc-i386-elf/eb8e8e687b95461de8cbf278f1c2076952d0ad17 COREBOOT_SDK_ROOT_riscv64=/home/jpmurphy/.cache/coreboot-sdk/riscv64-elf/96b949749225b6aaa92ed810ab769e8dfb12f000 COREBOOT_SDK_ROOT_picolibc_arm=/home/jpmurphy/.cache/coreboot-sdk/picolibc-arm-eabi/422a2aa3e1ef891b5bece9a3deb696ff83840d2e COREBOOT_SDK_ROOT_nds32=/home/jpmurphy/.cache/coreboot-sdk/nds32le-elf/d1a518c4a097666d86058e1444f85ca015d15511 COREBOOT_SDK_ROOT_picolibc_riscv64=/home/jpmurphy/.cache/coreboot-sdk/picolibc-riscv64-elf/f571e990ef0278564b31124f8bb109d9a697eb69 COREBOOT_SDK_ROOT_arm=/home/jpmurphy/.cache/coreboot-sdk/arm-eabi/ea40ddd1d190c3b48435c474c0b545719371813a COREBOOT_SDK_ROOT_libstdcxx_riscv64=/home/jpmurphy/.cache/coreboot-sdk/libstdcxx-riscv64-elf/17abf22a3a252e2d5d2062ced5324f7a623689e0 COREBOOT_SDK_ROOT_libstdcxx_arm=/home/jpmurphy/.cache/coreboot-sdk/libstdcxx-arm-eabi/5d7d82e150e44aa1968f1d366e267e6687b328ac COREBOOT_SDK_ROOT_riscv=/home/jpmurphy/.cache/coreboot-sdk/riscv-elf/9a27b9e82341c6e9126624f516ab3f261abb3e73 COREBOOT_SDK_ROOT_libstdcxx_x86=/home/jpmurphy/.cache/coreboot-sdk/libstdcxx-i386-elf/42ef9d2e87a76a37963175d7d428734e65648b87 PYTHONPATH=/mnt/host/source/src/platform/ec/zephyr/zmake PW_PIGWEED_CIPD_INSTALL_DIR=/usr CROSTC_USER_ACKNOWLEDGES_THAT_RISCV_IS_EXPERIMENTAL=1 MAKEFLAGS=' -j16 --jobserver-auth=5,6' /usr/bin/ninja -C /mnt/host/source/src/platform/ec/build/zephyr/adlrvp_npcx/build-ro all.libraries`
[adlrvp_npcx:ro] ninja: Entering directory `/mnt/host/source/src/platform/ec/build/zephyr/adlrvp_npcx/build-ro'
[telith:rw] [290/403] Building C object CMakeFiles/app.dir/mnt/host/source/src/platform/ec/build/zephyr/telith/modules/ec/common/ap_reset_log.c.obj
[telith:rw] [291/403] Building C object CMakeFiles/app.dir/mnt/host/source/src/platform/ec/build/zephyr/telith/modules/ec/common/espi.c.obj
[pirrha:ro] [268/393] Building C object CMakeFiles/app.dir/mnt/host/source/src/platform/ec/build/zephyr/pirrha/modules/ec/common/charge_state.c.obj
[fatcatrvp-npcx:rw] -- CMake version: 3.31.7
[fatcatrvp-npcx:rw] -- Found Python3: /usr/bin/python3.11 (found suitable version "3.11.11", minimum required is "3.10") found components: Interpreter
[fatcatrvp-npcx:rw] -- Cache files will be written to: /mnt/host/source/src/platform/ec/build/zephyr/user-cache
[fatcatrvp-npcx:rw] -- Zephyr version: 4.3.99 (/mnt/host/source/src/third_party/zephyr/main)
[squirtle:ro] [319/385] Building C object CMakeFiles/app.dir/mnt/host/source/src/platform/ec/build/zephyr/squirtle/modules/ec/common/usbc/dp_alt_mode.c.obj
[squirtle:ro] [320/385] Building C object CMakeFiles/app.dir/mnt/host/source/src/platform/ec/build/zephyr/squirtle/modules/ec/common/usb_pd_console_cmd.c.obj
[pirrha:ro] [269/393] Building C object CMakeFiles/app.dir/mnt/host/source/src/platform/ec/build/zephyr/pirrha/modules/ec/common/charge_manager.c.obj
[pirrha:ro] [270/393] Building C object CMakeFiles/app.dir/mnt/host/source/src/platform/ec/build/zephyr/pirrha/modules/ec/common/ocpc.c.obj
[lapis:ro] [162/392] Building C object zephyr/drivers/espi/CMakeFiles/drivers__espi.dir/espi_realtek_rts5912.c.obj
[pirrha:ro] [271/393] Building C object CMakeFiles/app.dir/mnt/host/source/src/platform/ec/build/zephyr/pirrha/modules/ec/common/cbi_common.c.obj
[squirtle:ro] [321/385] Building C object CMakeFiles/app.dir/mnt/host/source/src/platform/ec/build/zephyr/squirtle/modules/ec/common/usb_pd_host_cmd.c.obj
[lapis:ro] [163/392] Linking C static library zephyr/drivers/espi/libdrivers__espi.a
[lapis:ro] [164/392] Building C object zephyr/drivers/flash/CMakeFiles/drivers__flash.dir/flash_realtek_rts5912.c.obj
[adlrvp_npcx:ro] [1/394] Generating include/generated/zephyr/version.h
[lapis:ro] [165/392] Linking C static library zephyr/drivers/flash/libdrivers__flash.a
[/mnt/host/source/src/platform/ec/build/zephyr/fatcatrvp-ite-lcov]   /mnt/host/source/src/platform/ec/build/zephyr/fatcatrvp-ite/build-rw/zephyr/arch/arch/riscv/core/CMakeFiles/arch__riscv__core.dir/cpu_idle.c.gcno:no functions found
[adlrvp_npcx:ro] -- git describe warned: warning: tag 'upstream/v2.7.99' is externally known as 'v2.7.99'
[/mnt/host/source/src/platform/ec/build/zephyr/fatcatrvp-ite-lcov] stderr:
[adlrvp_npcx:ro] -- Zephyr version: 4.3.99 (/mnt/host/source/src/third_party/zephyr/main)
[adlrvp_npcx:ro] [2/394] Preparing syscall dependency handling
[telith:rw] [292/403] Building C object CMakeFiles/app.dir/mnt/host/source/src/platform/ec/build/zephyr/telith/modules/ec/common/extpower_common.c.obj
[adlrvp_npcx:ro] [3/394] Generating misc/generated/syscalls_subdirs.trigger
[telith:rw] [293/403] Building C object CMakeFiles/app.dir/mnt/host/source/src/platform/ec/build/zephyr/telith/modules/ec/common/extpower_gpio.c.obj
[fatcatrvp-npcx:ro] /mnt/host/source/src/platform/ec/build/zephyr/fatcatrvp-npcx/build-ro/zephyr/zephyr.dts:4940.27-4945.5: Warning (unit_address_format): /it8801-mfd/gpiocr@0a: unit name should not have leading 0s
[fatcatrvp-npcx:ro] /mnt/host/source/src/platform/ec/build/zephyr/fatcatrvp-npcx/build-ro/zephyr/zephyr.dts:4581.9-4589.5: Warning (gpios_property): /fans/fan_0: Missing property '#gpio-cells' in node /named-gpios/all_sys_pwrgd or bad phandle (referred from pgood-gpio[0])
[fatcatrvp-npcx:ro] /mnt/host/source/src/platform/ec/build/zephyr/fatcatrvp-npcx/build-ro/zephyr/zephyr.dts:4581.9-4589.5: Warning (gpios_property): /fans/fan_0: Missing property '#gpio-cells' in node /named-gpios/en_pp5000_fan or bad phandle (referred from enable-gpio[0])
[telith:rw] [294/403] Building C object CMakeFiles/app.dir/mnt/host/source/src/platform/ec/build/zephyr/telith/modules/ec/common/fan.c.obj
[pirrha:ro] [272/393] Building C object CMakeFiles/app.dir/mnt/host/source/src/platform/ec/build/zephyr/pirrha/modules/ec/common/cbi.c.obj
[pirrha:ro] [273/393] Building C object CMakeFiles/app.dir/mnt/host/source/src/platform/ec/build/zephyr/pirrha/modules/ec/common/cbi_config.c.obj
[pirrha:ro] [274/393] Building C object CMakeFiles/app.dir/mnt/host/source/src/platform/ec/build/zephyr/pirrha/modules/ec/common/memory_commands.c.obj
[lapis:ro] [166/392] Building C object zephyr/drivers/i2c/CMakeFiles/drivers__i2c.dir/i2c_common.c.obj
[squirtle:ro] [322/385] Building C object CMakeFiles/app.dir/mnt/host/source/src/platform/ec/build/zephyr/squirtle/modules/ec/common/usbc/usb_pd_host.c.obj
[pirrha:ro] [275/393] Building C object CMakeFiles/app.dir/mnt/host/source/src/platform/ec/build/zephyr/pirrha/modules/ec/common/dptf.c.obj
[squirtle:ro] [323/385] Building C object CMakeFiles/app.dir/mnt/host/source/src/platform/ec/build/zephyr/squirtle/modules/ec/zephyr/shim/src/tcpc.c.obj
[squirtle:ro] [324/385] Building C object CMakeFiles/app.dir/mnt/host/source/src/platform/ec/build/zephyr/squirtle/modules/ec/common/usb_pd_host_cmd_common.c.obj
[lapis:ro] [167/392] Building C object zephyr/drivers/gpio/CMakeFiles/drivers__gpio.dir/gpio_rts5912.c.obj
[lapis:ro] [168/392] Linking C static library zephyr/drivers/gpio/libdrivers__gpio.a
[fatcatrvp-npcx:rw] -- Board: npcx9, qualifiers: npcx9m7f
[adlrvp_npcx:ro] [4/394] Generating misc/generated/syscalls.json, misc/generated/struct_tags.json
[telith:rw] [295/403] Building C object CMakeFiles/app.dir/mnt/host/source/src/platform/ec/build/zephyr/telith/modules/ec/common/host_command.c.obj
[telith:rw] [296/403] Building C object CMakeFiles/app.dir/mnt/host/source/src/platform/ec/build/zephyr/telith/modules/ec/common/flash.c.obj
[/mnt/host/source/src/platform/ec/build/zephyr/fatcatrvp-ite-lcov]   /mnt/host/source/src/platform/ec/build/zephyr/fatcatrvp-ite/build-rw/zephyr/arch/common/CMakeFiles/isr_tables.dir/isr_tables.c.gcno:no functions found
[/mnt/host/source/src/platform/ec/build/zephyr/fatcatrvp-ite-lcov] stderr:
[adlrvp_npcx:ro] [5/394] Generating include/generated/zephyr/syscall_dispatch.c, include/generated/zephyr/syscall_exports_llext.c, syscall_weakdefs_llext.c, include/generated/zephyr/syscall_list.h
[pirrha:ro] [276/393] Building C object CMakeFiles/app.dir/mnt/host/source/src/platform/ec/build/zephyr/pirrha/modules/ec/common/espi.c.obj
[pirrha:ro] [277/393] Building C object CMakeFiles/app.dir/mnt/host/source/src/platform/ec/build/zephyr/pirrha/modules/ec/common/extpower_common.c.obj
[pirrha:ro] [278/393] Building C object CMakeFiles/app.dir/mnt/host/source/src/platform/ec/build/zephyr/pirrha/modules/ec/common/ap_reset_log.c.obj
[telith:rw] [297/403] Building C object CMakeFiles/app.dir/mnt/host/source/src/platform/ec/build/zephyr/telith/modules/ec/common/host_command_task.c.obj
[lapis:ro] [169/392] Building C object zephyr/drivers/i2c/CMakeFiles/drivers__i2c.dir/i2c_shell.c.obj
[adlrvp_npcx:ro] [6/394] Generating include/generated/zephyr/driver-validation.h
[adlrvp_npcx:ro] [7/394] Generating include/generated/zephyr/kobj-types-enum.h, include/generated/zephyr/otype-to-str.h, include/generated/zephyr/otype-to-size.h
[squirtle:ro] [325/385] Building C object CMakeFiles/app.dir/mnt/host/source/src/platform/ec/build/zephyr/squirtle/modules/ec/common/usbc/svdm_rsp_dfp_only.c.obj
[pirrha:ro] [279/393] Building C object CMakeFiles/app.dir/mnt/host/source/src/platform/ec/build/zephyr/pirrha/modules/ec/common/flash.c.obj
[adlrvp_npcx:ro] [8/394] Generating include/generated/device-api-sections.ld, include/generated/device-api-sections.cmake
[squirtle:ro] [326/385] Building C object CMakeFiles/app.dir/mnt/host/source/src/platform/ec/build/zephyr/squirtle/modules/ec/common/usbc_ocp.c.obj
[lapis:ro] [170/392] Building C object zephyr/drivers/i2c/CMakeFiles/drivers__i2c.dir/i2c_dw.c.obj
[telith:rw] [298/403] Building C object CMakeFiles/app.dir/mnt/host/source/src/platform/ec/build/zephyr/telith/modules/ec/common/uart_hostcmd.c.obj
[squirtle:ro] [327/385] Building C object CMakeFiles/app.dir/mnt/host/source/src/platform/ec/build/zephyr/squirtle/modules/ec/common/usb_pd_discovery.c.obj
[telith:rw] [299/403] Building C object CMakeFiles/app.dir/mnt/host/source/src/platform/ec/build/zephyr/telith/modules/ec/common/host_event_commands.c.obj
[telith:rw] [300/403] Building C object CMakeFiles/app.dir/mnt/host/source/src/platform/ec/build/zephyr/telith/modules/ec/common/uptime.c.obj
[lapis:ro] [171/392] Building C object zephyr/drivers/i2c/CMakeFiles/drivers__i2c.dir/i2c_realtek_rts5912.c.obj
[pirrha:ro] [280/393] Building C object CMakeFiles/app.dir/mnt/host/source/src/platform/ec/build/zephyr/pirrha/modules/ec/common/host_command_task.c.obj
[lapis:ro] [172/392] Linking C static library zephyr/drivers/i2c/libdrivers__i2c.a
[pirrha:ro] [281/393] Building C object CMakeFiles/app.dir/mnt/host/source/src/platform/ec/build/zephyr/pirrha/modules/ec/common/host_event_commands.c.obj
[pirrha:ro] [282/393] Building C object CMakeFiles/app.dir/mnt/host/source/src/platform/ec/build/zephyr/pirrha/modules/ec/common/host_command.c.obj
[adlrvp_npcx:ro] [9/394] Building C object zephyr/CMakeFiles/offsets.dir/arch/arm/core/offsets/offsets.c.obj
[pirrha:ro] [283/393] Building C object CMakeFiles/app.dir/mnt/host/source/src/platform/ec/build/zephyr/pirrha/modules/ec/common/uart_hostcmd.c.obj
[lapis:ro] [173/392] Building C object zephyr/drivers/input/CMakeFiles/drivers__input.dir/input_kbd_matrix.c.obj
[squirtle:ro] [328/385] Building C object CMakeFiles/app.dir/mnt/host/source/src/platform/ec/build/zephyr/squirtle/modules/ec/common/usb_pd_dual_role.c.obj
[squirtle:ro] [329/385] Building C object CMakeFiles/app.dir/mnt/host/source/src/platform/ec/build/zephyr/squirtle/modules/ec/common/usbc/dp_hpd_gpio.c.obj
[adlrvp_npcx:ro] [10/394] Generating include/generated/zephyr/offsets.h
[telith:rw] [301/403] Building C object CMakeFiles/app.dir/mnt/host/source/src/platform/ec/build/zephyr/telith/modules/ec/common/i2c_controller.c.obj
[fatcatrvp-npcx:rw] -- Found Dtc: /usr/bin/dtc (found suitable version "1.6.0", minimum required is "1.4.6")
[fatcatrvp-npcx:rw] -- Found BOARD.dts: /mnt/host/source/src/platform/ec/zephyr/boards/google/npcx9/npcx9_npcx9m7f.dts
[fatcatrvp-npcx:rw] -- Found devicetree overlay: /mnt/host/source/src/platform/ec/zephyr/program/fatcat/fatcatrvp-npcx/project.overlay
[lapis:ro] [174/392] Building C object zephyr/drivers/input/CMakeFiles/drivers__input.dir/input_realtek_rts5912_kbd.c.obj
[telith:rw] [302/403] Building C object CMakeFiles/app.dir/mnt/host/source/src/platform/ec/build/zephyr/telith/modules/ec/common/i2c_passthru.c.obj
[squirtle:ro] [330/385] Building C object CMakeFiles/app.dir/mnt/host/source/src/platform/ec/build/zephyr/squirtle/modules/ec/driver/tcpm/anx7447.c.obj
[telith:rw] [303/403] Building C object CMakeFiles/app.dir/mnt/host/source/src/platform/ec/build/zephyr/telith/modules/ec/common/keyboard_8042.c.obj
[lapis:ro] [175/392] Linking C static library zephyr/drivers/input/libdrivers__input.a
[pirrha:ro] [284/393] Building C object CMakeFiles/app.dir/mnt/host/source/src/platform/ec/build/zephyr/pirrha/modules/ec/common/uptime.c.obj
[lapis:ro] [176/392] Building C object zephyr/drivers/led_strip/CMakeFiles/drivers__led_strip.dir/ws2812_spi.c.obj
[pirrha:ro] [285/393] Building C object CMakeFiles/app.dir/mnt/host/source/src/platform/ec/build/zephyr/pirrha/modules/ec/common/i2c_passthru.c.obj
[lapis:ro] [177/392] Linking C static library zephyr/drivers/led_strip/libdrivers__led_strip.a
[pirrha:ro] [286/393] Building C object CMakeFiles/app.dir/mnt/host/source/src/platform/ec/build/zephyr/pirrha/modules/ec/common/i2c_controller.c.obj
[adlrvp_npcx:ro] [11/394] Building C object zephyr/CMakeFiles/zephyr.dir/lib/libc/validate_libc.c.obj
[pirrha:ro] [287/393] Building C object CMakeFiles/app.dir/mnt/host/source/src/platform/ec/build/zephyr/pirrha/modules/ec/common/keyboard_scan.c.obj
[squirtle:ro] [331/385] Building C object CMakeFiles/app.dir/mnt/host/source/src/platform/ec/build/zephyr/squirtle/modules/ec/driver/tcpm/rt1718s.c.obj
[telith:rw] [304/403] Building C object CMakeFiles/app.dir/mnt/host/source/src/platform/ec/build/zephyr/telith/modules/ec/common/keyboard_8042_sharedlib.c.obj
[lapis:ro] [178/392] Building C object zephyr/drivers/pinctrl/CMakeFiles/drivers__pinctrl.dir/common.c.obj
[lapis:ro] [179/392] Building C object zephyr/drivers/pinctrl/CMakeFiles/drivers__pinctrl.dir/pinctrl_realtek_rts5912.c.obj
[squirtle:ro] [332/385] Building C object CMakeFiles/app.dir/mnt/host/source/src/platform/ec/build/zephyr/squirtle/modules/ec/driver/tcpm/tcpci.c.obj
[lapis:ro] [180/392] Linking C static library zephyr/drivers/pinctrl/libdrivers__pinctrl.a
[fatcatrvp-npcx:ro] Parsing /mnt/host/source/src/platform/ec/zephyr/program/fatcat/Kconfig
[telith:rw] [305/403] Building C object CMakeFiles/app.dir/mnt/host/source/src/platform/ec/build/zephyr/telith/modules/ec/common/mkbp_fifo.c.obj
[pirrha:ro] [288/393] Building C object CMakeFiles/app.dir/mnt/host/source/src/platform/ec/build/zephyr/pirrha/modules/ec/common/keyboard_8042_sharedlib.c.obj
[telith:rw] [306/403] Building C object CMakeFiles/app.dir/mnt/host/source/src/platform/ec/build/zephyr/telith/modules/ec/common/mkbp_info.c.obj
[squirtle:ro] [333/385] Building C object CMakeFiles/app.dir/mnt/host/source/src/platform/ec/build/zephyr/squirtle/modules/ec/common/usbc_ppc.c.obj
[adlrvp_npcx:ro] [12/394] Building C object zephyr/CMakeFiles/zephyr.dir/lib/heap/heap.c.obj
[pirrha:ro] [289/393] Building C object CMakeFiles/app.dir/mnt/host/source/src/platform/ec/build/zephyr/pirrha/modules/ec/common/keyboard_8042.c.obj
[pirrha:ro] [290/393] Building C object CMakeFiles/app.dir/mnt/host/source/src/platform/ec/build/zephyr/pirrha/modules/ec/common/mkbp_fifo.c.obj
[lapis:ro] [181/392] Building C object zephyr/drivers/pwm/CMakeFiles/drivers__pwm.dir/pwm_realtek_rts5912.c.obj
[pirrha:ro] [291/393] Building C object CMakeFiles/app.dir/mnt/host/source/src/platform/ec/build/zephyr/pirrha/modules/ec/common/mkbp_info.c.obj
[lapis:ro] [182/392] Building C object zephyr/drivers/pwm/CMakeFiles/drivers__pwm.dir/pwm_shell.c.obj
[lapis:ro] [183/392] Building C object zephyr/drivers/sensor/CMakeFiles/drivers__sensor.dir/mnt/host/source/src/third_party/zephyr/main/misc/empty_file.c.obj
[lapis:ro] [184/392] Linking C static library zephyr/drivers/pwm/libdrivers__pwm.a
[lapis:ro] [185/392] Linking C static library zephyr/drivers/sensor/libdrivers__sensor.a
[telith:rw] [307/403] Building C object CMakeFiles/app.dir/mnt/host/source/src/platform/ec/build/zephyr/telith/modules/ec/common/mkbp_input_devices.c.obj
[squirtle:ro] [334/385] Building C object CMakeFiles/app.dir/mnt/host/source/src/platform/ec/build/zephyr/squirtle/modules/ec/driver/ppc/nx20p348x.c.obj
[squirtle:ro] [335/385] Building C object CMakeFiles/app.dir/mnt/host/source/src/platform/ec/build/zephyr/squirtle/modules/ec/common/vboot_hash.c.obj
[pirrha:ro] [292/393] Building C object CMakeFiles/app.dir/mnt/host/source/src/platform/ec/build/zephyr/pirrha/modules/ec/common/mkbp_input_devices.c.obj
[telith:rw] [308/403] Building C object CMakeFiles/app.dir/mnt/host/source/src/platform/ec/build/zephyr/telith/modules/ec/common/led_common.c.obj
[telith:rw] [309/403] Building C object CMakeFiles/app.dir/mnt/host/source/src/platform/ec/build/zephyr/telith/modules/ec/common/keyboard_backlight.c.obj
[fatcatrvp-npcx:ro] Loaded configuration '/mnt/host/source/src/platform/ec/zephyr/boards/google/npcx9/npcx9_npcx9m7f_defconfig'
[fatcatrvp-npcx:ro] Merged configuration '/mnt/host/source/src/platform/ec/zephyr/program/fatcat/program.conf'
[fatcatrvp-npcx:ro] Merged configuration '/mnt/host/source/src/platform/ec/zephyr/program/fatcat/fatcatrvp-npcx/project.conf'
[fatcatrvp-npcx:ro] Merged configuration '/mnt/host/source/src/platform/ec/zephyr/program/intelrvp/zephyr_ap_pwrseq.conf'
[fatcatrvp-npcx:ro] Merged configuration '/mnt/host/source/src/platform/ec/zephyr/program/intelrvp/ptlrvp/pd.conf'
[fatcatrvp-npcx:ro] Merged configuration '/mnt/host/source/src/platform/ec/zephyr/program/fatcat/rvp_program.conf'
[fatcatrvp-npcx:ro] Merged configuration '/mnt/host/source/src/platform/ec/build/zephyr/fatcatrvp-npcx/kconfig-ro.conf'
[fatcatrvp-npcx:ro] Configuration saved to '/mnt/host/source/src/platform/ec/build/zephyr/fatcatrvp-npcx/build-ro/zephyr/.config'
[fatcatrvp-npcx:ro] Kconfig header saved to '/mnt/host/source/src/platform/ec/build/zephyr/fatcatrvp-npcx/build-ro/zephyr/include/generated/zephyr/autoconf.h'
[fatcatrvp-npcx:ro] -- Found GnuLd: /home/jpmurphy/.cache/coreboot-sdk/arm-eabi/ea40ddd1d190c3b48435c474c0b545719371813a/arm-eabi/bin/ld.bfd (found version "2.43.1")
[fatcatrvp-npcx:rw] -- Generated zephyr.dts: /mnt/host/source/src/platform/ec/build/zephyr/fatcatrvp-npcx/build-rw/zephyr/zephyr.dts
[fatcatrvp-npcx:rw] -- Generated pickled edt: /mnt/host/source/src/platform/ec/build/zephyr/fatcatrvp-npcx/build-rw/zephyr/edt.pickle
[pirrha:ro] [293/393] Building C object CMakeFiles/app.dir/mnt/host/source/src/platform/ec/build/zephyr/pirrha/modules/ec/common/led_onoff_states.c.obj
[pirrha:ro] [294/393] Building C object CMakeFiles/app.dir/mnt/host/source/src/platform/ec/build/zephyr/pirrha/modules/ec/common/led_common.c.obj
[adlrvp_npcx:ro] [13/394] Building C object zephyr/CMakeFiles/zephyr.dir/lib/os/cbprintf_packaged.c.obj
[squirtle:ro] [336/385] Building C object CMakeFiles/app.dir/mnt/host/source/src/platform/ec/build/zephyr/squirtle/modules/ec/common/button.c.obj
[lapis:ro] [186/392] Building C object zephyr/drivers/sensor/realtek/rts5912/CMakeFiles/drivers__sensor__realtek__rts5912.dir/rts5912.c.obj
[lapis:ro] [187/392] Linking C static library zephyr/drivers/sensor/realtek/rts5912/libdrivers__sensor__realtek__rts5912.a
[pirrha:ro] [295/393] Building C object CMakeFiles/app.dir/mnt/host/source/src/platform/ec/build/zephyr/pirrha/modules/ec/common/motion_lid.c.obj
[fatcatrvp-npcx:ro] -- The C compiler identification is GNU 14.2.0
[lapis:ro] [188/392] Building C object zephyr/drivers/serial/CMakeFiles/drivers__serial.dir/uart_ns16550.c.obj
[telith:rw] [310/403] Building C object CMakeFiles/app.dir/mnt/host/source/src/platform/ec/build/zephyr/telith/modules/ec/common/lid_switch.c.obj
[fatcatrvp-npcx:ro] -- The CXX compiler identification is GNU 14.2.0
[squirtle:ro] [337/385] Building C object CMakeFiles/app.dir/mnt/host/source/src/platform/ec/build/zephyr/squirtle/modules/ec/common/vstore.c.obj
[fatcatrvp-npcx:rw] -- Generated devicetree_generated.h: /mnt/host/source/src/platform/ec/build/zephyr/fatcatrvp-npcx/build-rw/zephyr/include/generated/zephyr/devicetree_generated.h
[squirtle:ro] [338/385] Building C object CMakeFiles/app.dir/mnt/host/source/src/platform/ec/build/zephyr/squirtle/modules/ec/common/vboot/efs2.c.obj
[fatcatrvp-npcx:ro] -- The ASM compiler identification is GNU
[pirrha:ro] [296/393] Building C object CMakeFiles/app.dir/mnt/host/source/src/platform/ec/build/zephyr/pirrha/modules/ec/common/lid_angle.c.obj
[/mnt/host/source/src/platform/ec/build/zephyr/fatcatrvp-ite-lcov]   /mnt/host/source/src/platform/ec/build/zephyr/fatcatrvp-ite/build-rw/zephyr/CMakeFiles/zephyr.dir/subsys/shell/modules/kernel_service/kernel_shell.c.gcno:no functions found
[/mnt/host/source/src/platform/ec/build/zephyr/fatcatrvp-ite-lcov] stderr:
[fatcatrvp-npcx:ro] warning: Deprecated symbol I2C_ALLOW_NO_STOP_TRANSACTIONS is enabled.
[fatcatrvp-npcx:ro] CMake Warning at /mnt/host/source/src/platform/ec/zephyr/cmake/linker/ld/linker_libraries.cmake:11 (message):
[adlrvp_npcx:ro] [14/394] Building C object zephyr/CMakeFiles/zephyr.dir/lib/os/clock.c.obj
[telith:rw] [311/403] Building C object CMakeFiles/app.dir/mnt/host/source/src/platform/ec/build/zephyr/telith/modules/ec/common/mkbp_event.c.obj
[telith:rw] [312/403] Building C object CMakeFiles/app.dir/mnt/host/source/src/platform/ec/build/zephyr/telith/modules/ec/common/port80.c.obj
[squirtle:ro] [339/385] Building C object CMakeFiles/app.dir/mnt/host/source/src/platform/ec/build/zephyr/squirtle/modules/ec/common/math_util.c.obj
[/mnt/host/source/src/platform/ec/build/zephyr/fatcatrvp-ite-lcov]   /mnt/host/source/src/platform/ec/build/zephyr/fatcatrvp-ite/build-rw/zephyr/CMakeFiles/zephyr.dir/lib/libc/validate_libc.c.gcno:no functions found
[/mnt/host/source/src/platform/ec/build/zephyr/fatcatrvp-ite-lcov] stderr:
[lapis:ro] [189/392] Building C object zephyr/drivers/spi/CMakeFiles/drivers__spi.dir/spi_rts5912_spi.c.obj
[pirrha:ro] [297/393] Building C object CMakeFiles/app.dir/mnt/host/source/src/platform/ec/build/zephyr/pirrha/modules/ec/common/lid_angle_keyboard_policy.c.obj
[pirrha:ro] [298/393] Building C object CMakeFiles/app.dir/mnt/host/source/src/platform/ec/build/zephyr/pirrha/modules/ec/common/lid_switch.c.obj
[lapis:ro] [190/392] Building C object zephyr/drivers/serial/CMakeFiles/drivers__serial.dir/uart_realtek_rts5912.c.obj
[lapis:ro] [191/392] Linking C static library zephyr/drivers/spi/libdrivers__spi.a
[pirrha:ro] [299/393] Building C object CMakeFiles/app.dir/mnt/host/source/src/platform/ec/build/zephyr/pirrha/modules/ec/common/mkbp_event.c.obj
[lapis:ro] [192/392] Linking C static library zephyr/drivers/serial/libdrivers__serial.a
[telith:rw] [313/403] Building C object CMakeFiles/app.dir/mnt/host/source/src/platform/ec/build/zephyr/telith/modules/ec/common/power_button.c.obj
[fatcatrvp-npcx:ro] -- Found assembler: /home/jpmurphy/.cache/coreboot-sdk/arm-eabi/ea40ddd1d190c3b48435c474c0b545719371813a/bin/arm-eabi-gcc
[fatcatrvp-npcx:ro] -- Performing EC specific devicetree checks
[adlrvp_npcx:ro] [15/394] Building C object zephyr/CMakeFiles/zephyr.dir/lib/os/printk.c.obj
[squirtle:ro] [340/385] Building C object CMakeFiles/app.dir/src/board.c.obj
[squirtle:ro] [341/385] Building C object CMakeFiles/app.dir/src/hibernate.c.obj
[lapis:ro] [193/392] Building C object zephyr/drivers/timer/CMakeFiles/drivers__timer.dir/sys_clock_init.c.obj
[lapis:ro] [194/392] Building C object zephyr/drivers/timer/CMakeFiles/drivers__timer.dir/realtek_rts5912_rtmr.c.obj
[telith:rw] [314/403] Building C object CMakeFiles/app.dir/mnt/host/source/src/platform/ec/build/zephyr/telith/modules/ec/common/panic_output.c.obj
[fatcatrvp-npcx:ro]   Disabling c_library
[fatcatrvp-npcx:ro] Call Stack (most recent call first):
[fatcatrvp-npcx:ro]   /mnt/host/source/src/third_party/zephyr/main/cmake/target_toolchain_flags.cmake:48 (include)
[fatcatrvp-npcx:ro]   /mnt/host/source/src/third_party/zephyr/main/cmake/modules/kernel.cmake:153 (include)
[fatcatrvp-npcx:ro]   /mnt/host/source/src/third_party/zephyr/main/cmake/modules/zephyr_default.cmake:138 (include)
[fatcatrvp-npcx:ro]   /mnt/host/source/src/third_party/zephyr/main/share/zephyr-package/cmake/ZephyrConfig.cmake:66 (include)
[fatcatrvp-npcx:ro]   /mnt/host/source/src/third_party/zephyr/main/share/zephyr-package/cmake/ZephyrConfig.cmake:97 (include_boilerplate)
[fatcatrvp-npcx:ro]   CMakeLists.txt:7 (find_package)
[fatcatrvp-npcx:ro] INFO: Verified 73 GPIOs, no duplicates found
[fatcatrvp-npcx:ro] INFO: Verified 16 '*-gpios' properties, all flags match.
[fatcatrvp-npcx:ro] INFO: Skipped 8 named-gpios children.
[telith:rw] [315/403] Building C object CMakeFiles/app.dir/mnt/host/source/src/platform/ec/build/zephyr/telith/modules/ec/power/hibernate.c.obj
[pirrha:ro] [300/393] Building C object CMakeFiles/app.dir/mnt/host/source/src/platform/ec/build/zephyr/pirrha/modules/ec/common/motion_sense.c.obj
[lapis:ro] [195/392] Linking C static library zephyr/drivers/timer/libdrivers__timer.a
[pirrha:ro] [301/393] Building C object CMakeFiles/app.dir/mnt/host/source/src/platform/ec/build/zephyr/pirrha/modules/ec/common/port80.c.obj
[pirrha:ro] [302/393] Building C object CMakeFiles/app.dir/mnt/host/source/src/platform/ec/build/zephyr/pirrha/modules/ec/power/hibernate.c.obj
[pirrha:ro] [303/393] Building C object CMakeFiles/app.dir/mnt/host/source/src/platform/ec/build/zephyr/pirrha/modules/ec/common/power_button.c.obj
[fatcatrvp-npcx:ro] -- Generating component manifest file
[squirtle:ro] [342/385] Building C object CMakeFiles/app.dir/src/usbc.c.obj
[fatcatrvp-npcx:rw] /mnt/host/source/src/platform/ec/build/zephyr/fatcatrvp-npcx/build-rw/zephyr/zephyr.dts:4940.27-4945.5: Warning (unit_address_format): /it8801-mfd/gpiocr@0a: unit name should not have leading 0s
[fatcatrvp-npcx:rw] /mnt/host/source/src/platform/ec/build/zephyr/fatcatrvp-npcx/build-rw/zephyr/zephyr.dts:4581.9-4589.5: Warning (gpios_property): /fans/fan_0: Missing property '#gpio-cells' in node /named-gpios/all_sys_pwrgd or bad phandle (referred from pgood-gpio[0])
[fatcatrvp-npcx:rw] /mnt/host/source/src/platform/ec/build/zephyr/fatcatrvp-npcx/build-rw/zephyr/zephyr.dts:4581.9-4589.5: Warning (gpios_property): /fans/fan_0: Missing property '#gpio-cells' in node /named-gpios/en_pp5000_fan or bad phandle (referred from enable-gpio[0])
[/mnt/host/source/src/platform/ec/build/zephyr/fatcatrvp-ite-lcov]   /mnt/host/source/src/platform/ec/build/zephyr/fatcatrvp-ite/build-rw/zephyr/CMakeFiles/zephyr.dir/lib/utils/last_section_id.c.gcno:no functions found
[/mnt/host/source/src/platform/ec/build/zephyr/fatcatrvp-ite-lcov] stderr:
[telith:rw] [316/403] Building C object CMakeFiles/app.dir/mnt/host/source/src/platform/ec/build/zephyr/telith/modules/ec/driver/sha256/sha256_it8xxx2.c.obj
[fatcatrvp-npcx:ro] INFO: Running CME, outputting to /mnt/host/source/src/platform/ec/build/zephyr/fatcatrvp-npcx/build-ro/zephyr/component_manifest.json
[fatcatrvp-npcx:ro] INFO: Project fatcatrvp-npcx does not support SSFC
[fatcatrvp-npcx:ro] INFO: No motionsense-sensor node found
[adlrvp_npcx:ro] [16/394] Building C object zephyr/CMakeFiles/zephyr.dir/lib/os/sem.c.obj
[lapis:ro] [196/392] Building C object zephyr/drivers/watchdog/CMakeFiles/drivers__watchdog.dir/wdt_counter.c.obj
[lapis:ro] [197/392] Building C object zephyr/drivers/watchdog/CMakeFiles/drivers__watchdog.dir/wdt_rts5912.c.obj
[fatcatrvp-npcx:ro] -- warning_base_override: -Wall;-Wformat;-Wformat-security;-Wformat;-Wno-format-zero-length;-Wno-pointer-sign;-Wpointer-arith;-Wexpansion-to-defined
[squirtle:ro] [343/385] Building C object CMakeFiles/app.dir/src/usb_pd_policy.c.obj
[squirtle:ro] [344/385] Building C object CMakeFiles/app.dir/src/variant_db_detection.c.obj
[telith:rw] [317/403] Building C object CMakeFiles/app.dir/mnt/host/source/src/platform/ec/build/zephyr/telith/modules/ec/common/shared_mem.c.obj
[pirrha:ro] [304/393] Building C object CMakeFiles/app.dir/mnt/host/source/src/platform/ec/build/zephyr/pirrha/modules/ec/common/panic_output.c.obj
[telith:rw] [318/403] Building C object CMakeFiles/app.dir/mnt/host/source/src/platform/ec/build/zephyr/telith/modules/ec/common/switch.c.obj
[pirrha:ro] [305/393] Building C object CMakeFiles/app.dir/mnt/host/source/src/platform/ec/build/zephyr/pirrha/modules/ec/driver/sha256/sha256_it8xxx2.c.obj
[pirrha:ro] [306/393] Building C object CMakeFiles/app.dir/mnt/host/source/src/platform/ec/build/zephyr/pirrha/modules/ec/common/shared_mem.c.obj
[squirtle:ro] [345/385] Building C object CMakeFiles/app.dir/src/npcx_i2c.c.obj
[pirrha:ro] [307/393] Building C object CMakeFiles/app.dir/mnt/host/source/src/platform/ec/build/zephyr/pirrha/modules/ec/common/switch.c.obj
[fatcatrvp-npcx:ro] -- Found gen_kobject_list: /mnt/host/source/src/third_party/zephyr/main/scripts/build/gen_kobject_list.py
[fatcatrvp-npcx:ro] CMake Warning at /mnt/host/source/src/third_party/zephyr/main/CMakeLists.txt:2359 (message):
[fatcatrvp-npcx:ro]   __ASSERT() statements are globally ENABLED
[adlrvp_npcx:ro] [17/394] Building C object zephyr/CMakeFiles/zephyr.dir/lib/os/thread_entry.c.obj
[telith:rw] [319/403] Building C object CMakeFiles/app.dir/mnt/host/source/src/platform/ec/build/zephyr/telith/modules/ec/common/thermal.c.obj
[lapis:ro] [198/392] Building C object zephyr/drivers/watchdog/CMakeFiles/drivers__watchdog.dir/wdt_shell.c.obj
[fatcatrvp-npcx:ro] -- Configuring done (16.9s)
[lapis:ro] [199/392] Linking C static library zephyr/drivers/watchdog/libdrivers__watchdog.a
[pirrha:ro] [308/393] Building C object CMakeFiles/app.dir/mnt/host/source/src/platform/ec/build/zephyr/pirrha/modules/ec/driver/stm_mems_common.c.obj
[lapis:ro] [200/392] Building C object modules/ec/zephyr/CMakeFiles/ec_shim.dir/app/ec/ec_app_main.c.obj
[telith:rw] [320/403] Building C object CMakeFiles/app.dir/mnt/host/source/src/platform/ec/build/zephyr/telith/modules/ec/common/temp_sensor.c.obj
[telith:rw] [321/403] Building C object CMakeFiles/app.dir/mnt/host/source/src/platform/ec/build/zephyr/telith/modules/ec/driver/temp_sensor/thermistor.c.obj
[pirrha:ro] [309/393] Building C object CMakeFiles/app.dir/mnt/host/source/src/platform/ec/build/zephyr/pirrha/modules/ec/common/tablet_mode.c.obj
[squirtle:ro] [346/385] Building C object CMakeFiles/app.dir/src/npcx_usbc.c.obj
[pirrha:ro] [310/393] Building C object CMakeFiles/app.dir/mnt/host/source/src/platform/ec/build/zephyr/pirrha/modules/ec/common/thermal.c.obj
[squirtle:ro] [347/385] Building C object CMakeFiles/app.dir/src/npcx_usb_pd_policy.c.obj
[fatcatrvp-npcx:ro] -- Generating done (0.5s)
[fatcatrvp-npcx:ro] CMake Warning:
[squirtle:ro] [348/385] Building C object CMakeFiles/app.dir/squirtle/src/usbc.c.obj
[adlrvp_npcx:ro] [18/394] Building C object zephyr/CMakeFiles/zephyr.dir/lib/os/cbprintf_nano.c.obj
[pirrha:ro] [311/393] Building C object CMakeFiles/app.dir/mnt/host/source/src/platform/ec/build/zephyr/pirrha/modules/ec/common/temp_sensor.c.obj
[lapis:ro] [201/392] Building C object modules/ec/zephyr/CMakeFiles/ec_shim.dir/app/ec/main_shim.c.obj
[squirtle:ro] [349/385] Linking C static library modules/ec/zephyr/libec_shim.a
[fatcatrvp-npcx:ro] -- Build files have been written to: /mnt/host/source/src/platform/ec/build/zephyr/fatcatrvp-npcx/build-ro
[fatcatrvp-npcx:ro]   Manually-specified variables were not used by the project:
[fatcatrvp-npcx:ro]     COREBOOT_SDK_ROOT_libstdcxx_riscv64
[fatcatrvp-npcx:ro]     COREBOOT_SDK_ROOT_libstdcxx_x86
[fatcatrvp-npcx:ro]     COREBOOT_SDK_ROOT_nds32
[fatcatrvp-npcx:ro]     COREBOOT_SDK_ROOT_picolibc_riscv64
[fatcatrvp-npcx:ro]     COREBOOT_SDK_ROOT_picolibc_x86
[fatcatrvp-npcx:ro]     COREBOOT_SDK_ROOT_riscv
[fatcatrvp-npcx:ro]     COREBOOT_SDK_ROOT_riscv64
[fatcatrvp-npcx:ro]     COREBOOT_SDK_ROOT_x86
[telith:rw] [322/403] Building C object CMakeFiles/app.dir/mnt/host/source/src/platform/ec/build/zephyr/telith/modules/ec/common/throttle_ap.c.obj
[lapis:ro] [202/392] Building C object modules/ec/zephyr/CMakeFiles/ec_shim.dir/drivers/cros_flash/cros_flash_rtk.c.obj
[pirrha:ro] [312/393] Building C object CMakeFiles/app.dir/mnt/host/source/src/platform/ec/build/zephyr/pirrha/modules/ec/driver/temp_sensor/thermistor.c.obj
[adlrvp_npcx:ro] [19/394] Building C object zephyr/CMakeFiles/zephyr.dir/lib/os/cbprintf.c.obj
[pirrha:ro] [313/393] Building C object CMakeFiles/app.dir/mnt/host/source/src/platform/ec/build/zephyr/pirrha/modules/ec/common/timer.c.obj
[squirtle:ro] [350/385] Building C object CMakeFiles/app.dir/squirtle/src/board_chipset.c.obj
[pirrha:ro] [314/393] Building C object CMakeFiles/app.dir/mnt/host/source/src/platform/ec/build/zephyr/pirrha/modules/ec/common/throttle_ap.c.obj
[telith:rw] [323/403] Building C object CMakeFiles/app.dir/mnt/host/source/src/platform/ec/build/zephyr/telith/modules/ec/common/timer.c.obj
[lapis:ro] [203/392] Building C object modules/ec/zephyr/CMakeFiles/ec_shim.dir/drivers/cros_kblight/pwm_kblight.c.obj
[telith:rw] [324/403] Building C object CMakeFiles/app.dir/mnt/host/source/src/platform/ec/build/zephyr/telith/modules/ec/common/usb_port_power_dumb.c.obj
[squirtle:ro] [351/385] Building C object CMakeFiles/app.dir/squirtle/src/board.c.obj
[squirtle:ro] [352/385] Building C object zephyr/kernel/CMakeFiles/kernel.dir/main_weak.c.obj
[squirtle:ro] [353/385] Linking C static library app/libapp.a
[pirrha:ro] [315/393] Building C object CMakeFiles/app.dir/mnt/host/source/src/platform/ec/build/zephyr/pirrha/modules/ec/common/usb_charger.c.obj
[squirtle:ro] [354/385] Building C object zephyr/kernel/CMakeFiles/kernel.dir/banner.c.obj
[telith:rw] [325/403] Building C object CMakeFiles/app.dir/mnt/host/source/src/platform/ec/build/zephyr/telith/modules/ec/common/typec_control.c.obj
[lapis:ro] [204/392] Building C object modules/ec/zephyr/CMakeFiles/ec_shim.dir/drivers/cros_system/cros_system_rtk.c.obj
[fatcatrvp-npcx:rw] warning: Deprecated symbol I2C_ALLOW_NO_STOP_TRANSACTIONS is enabled.
[lapis:ro] [205/392] Building C object modules/ec/zephyr/CMakeFiles/ec_shim.dir/drivers/keyboard_input/keyboard_customization_check.c.obj
[adlrvp_npcx:ro] [20/394] Building C object zephyr/CMakeFiles/zephyr.dir/lib/os/assert.c.obj
[pirrha:ro] [316/393] Building C object CMakeFiles/app.dir/mnt/host/source/src/platform/ec/build/zephyr/pirrha/modules/ec/common/usb_port_power_smart.c.obj
[pirrha:ro] [317/393] Building C object CMakeFiles/app.dir/mnt/host/source/src/platform/ec/build/zephyr/pirrha/modules/ec/common/typec_control.c.obj
[squirtle:ro] [355/385] Building C object zephyr/kernel/CMakeFiles/kernel.dir/busy_wait.c.obj
[squirtle:ro] [356/385] Building C object zephyr/kernel/CMakeFiles/kernel.dir/device.c.obj
[lapis:ro] [206/392] Building C object modules/ec/zephyr/CMakeFiles/ec_shim.dir/drivers/keyboard_input/keyboard_input.c.obj
[squirtle:ro] [357/385] Building C object zephyr/kernel/CMakeFiles/kernel.dir/errno.c.obj
[pirrha:ro] [318/393] Building C object CMakeFiles/app.dir/mnt/host/source/src/platform/ec/build/zephyr/pirrha/modules/ec/common/usb_pd_pdo.c.obj
[adlrvp_npcx:ro] [21/394] Building C object zephyr/CMakeFiles/zephyr.dir/lib/utils/dec.c.obj
[telith:rw] [326/403] Building C object CMakeFiles/app.dir/mnt/host/source/src/platform/ec/build/zephyr/telith/modules/ec/common/usb_pd_pdo.c.obj
[pirrha:ro] [319/393] Building C object CMakeFiles/app.dir/mnt/host/source/src/platform/ec/build/zephyr/pirrha/modules/ec/common/usb_common.c.obj
[squirtle:ro] [358/385] Building C object zephyr/kernel/CMakeFiles/kernel.dir/fatal.c.obj
[telith:rw] [327/403] Building C object CMakeFiles/app.dir/mnt/host/source/src/platform/ec/build/zephyr/telith/modules/ec/common/usb_common.c.obj
[fatcatrvp-npcx:rw] Parsing /mnt/host/source/src/platform/ec/zephyr/program/fatcat/Kconfig
[lapis:ro] [207/392] Building C object modules/ec/zephyr/CMakeFiles/ec_shim.dir/drivers/keyboard_input/col_gpio_drive.c.obj
[adlrvp_npcx:ro] [22/394] Building C object zephyr/CMakeFiles/zephyr.dir/lib/utils/hex.c.obj
[telith:rw] [328/403] Building C object CMakeFiles/app.dir/mnt/host/source/src/platform/ec/build/zephyr/telith/modules/ec/common/usbc/usbc_task.c.obj
[squirtle:ro] [359/385] Building C object zephyr/kernel/CMakeFiles/kernel.dir/init.c.obj
[squirtle:ro] [360/385] Building C object zephyr/kernel/CMakeFiles/kernel.dir/mem_slab.c.obj
[pirrha:ro] [320/393] Building C object CMakeFiles/app.dir/mnt/host/source/src/platform/ec/build/zephyr/pirrha/modules/ec/common/usbc/usb_pd_timer.c.obj
[squirtle:ro] [361/385] Building C object zephyr/kernel/CMakeFiles/kernel.dir/kheap.c.obj
[squirtle:ro] [362/385] Building C object zephyr/kernel/CMakeFiles/kernel.dir/version.c.obj
[lapis:ro] [208/392] Building C object modules/ec/zephyr/CMakeFiles/ec_shim.dir/drivers/usbc/ucsi_v3.c.obj
[squirtle:ro] [363/385] Building C object zephyr/kernel/CMakeFiles/kernel.dir/float.c.obj
[pirrha:ro] [321/393] Building C object CMakeFiles/app.dir/mnt/host/source/src/platform/ec/build/zephyr/pirrha/modules/ec/common/usbc/usbc_task.c.obj
[pirrha:ro] [322/393] Building C object CMakeFiles/app.dir/mnt/host/source/src/platform/ec/build/zephyr/pirrha/modules/ec/common/usbc/usb_sm.c.obj
[telith:rw] [329/403] Building C object CMakeFiles/app.dir/mnt/host/source/src/platform/ec/build/zephyr/telith/modules/ec/common/usbc/usb_pd_timer.c.obj
[telith:rw] [330/403] Building C object CMakeFiles/app.dir/mnt/host/source/src/platform/ec/build/zephyr/telith/modules/ec/common/usbc/usb_sm.c.obj
[pirrha:ro] [323/393] Building C object CMakeFiles/app.dir/mnt/host/source/src/platform/ec/build/zephyr/pirrha/modules/ec/common/usbc_intr_task.c.obj
[lapis:ro] [209/392] Building C object modules/ec/zephyr/CMakeFiles/ec_shim.dir/drivers/usbc/pdc_rts54xx.c.obj
[adlrvp_npcx:ro] [23/394] Building C object zephyr/CMakeFiles/zephyr.dir/lib/utils/rb.c.obj
[telith:rw] [331/403] Building C object CMakeFiles/app.dir/mnt/host/source/src/platform/ec/build/zephyr/telith/modules/ec/common/usbc_intr_task.c.obj
[fatcatrvp-npcx:rw] Loaded configuration '/mnt/host/source/src/platform/ec/zephyr/boards/google/npcx9/npcx9_npcx9m7f_defconfig'
[fatcatrvp-npcx:rw] Merged configuration '/mnt/host/source/src/platform/ec/zephyr/program/fatcat/program.conf'
[fatcatrvp-npcx:rw] Merged configuration '/mnt/host/source/src/platform/ec/zephyr/program/fatcat/fatcatrvp-npcx/project.conf'
[fatcatrvp-npcx:rw] Merged configuration '/mnt/host/source/src/platform/ec/zephyr/program/intelrvp/zephyr_ap_pwrseq.conf'
[fatcatrvp-npcx:rw] Merged configuration '/mnt/host/source/src/platform/ec/zephyr/program/intelrvp/ptlrvp/pd.conf'
[fatcatrvp-npcx:rw] Merged configuration '/mnt/host/source/src/platform/ec/zephyr/program/fatcat/rvp_program.conf'
[fatcatrvp-npcx:rw] Merged configuration '/mnt/host/source/src/platform/ec/build/zephyr/fatcatrvp-npcx/kconfig-rw.conf'
[fatcatrvp-npcx:rw] Configuration saved to '/mnt/host/source/src/platform/ec/build/zephyr/fatcatrvp-npcx/build-rw/zephyr/.config'
[fatcatrvp-npcx:rw] Kconfig header saved to '/mnt/host/source/src/platform/ec/build/zephyr/fatcatrvp-npcx/build-rw/zephyr/include/generated/zephyr/autoconf.h'
[fatcatrvp-npcx:rw] -- Found GnuLd: /home/jpmurphy/.cache/coreboot-sdk/arm-eabi/ea40ddd1d190c3b48435c474c0b545719371813a/arm-eabi/bin/ld.bfd (found version "2.43.1")
[squirtle:ro] [364/385] Building C object zephyr/kernel/CMakeFiles/kernel.dir/idle.c.obj
[pirrha:ro] [324/393] Building C object CMakeFiles/app.dir/mnt/host/source/src/platform/ec/build/zephyr/pirrha/modules/ec/common/usbc_utils.c.obj
[adlrvp_npcx:ro] [24/394] Building C object zephyr/CMakeFiles/zephyr.dir/lib/utils/timeutil.c.obj
[lapis:ro] [210/392] Building C object modules/ec/zephyr/CMakeFiles/ec_shim.dir/drivers/boot_keys/boot_keys.c.obj
[squirtle:ro] [365/385] Building C object zephyr/kernel/CMakeFiles/kernel.dir/mailbox.c.obj
[squirtle:ro] [366/385] Building C object zephyr/kernel/CMakeFiles/kernel.dir/msg_q.c.obj
[pirrha:ro] [325/393] Building C object CMakeFiles/app.dir/mnt/host/source/src/platform/ec/build/zephyr/pirrha/modules/ec/common/usb_pd_flags.c.obj
[fatcatrvp-npcx:rw] -- The C compiler identification is GNU 14.2.0
[squirtle:ro] [367/385] Building C object zephyr/kernel/CMakeFiles/kernel.dir/mutex.c.obj
[telith:rw] [332/403] Building C object CMakeFiles/app.dir/mnt/host/source/src/platform/ec/build/zephyr/telith/modules/ec/common/usb_pd_flags.c.obj
[pirrha:ro] [326/393] Building C object CMakeFiles/app.dir/mnt/host/source/src/platform/ec/build/zephyr/pirrha/modules/ec/common/chargen.c.obj
[lapis:ro] [211/392] Building C object modules/ec/zephyr/CMakeFiles/ec_shim.dir/drivers/runtime_keys/runtime_keys.c.obj
[fatcatrvp-npcx:rw] -- The CXX compiler identification is GNU 14.2.0
[telith:rw] [333/403] Building C object CMakeFiles/app.dir/mnt/host/source/src/platform/ec/build/zephyr/telith/modules/ec/common/usbc_utils.c.obj
[fatcatrvp-npcx:rw] -- The ASM compiler identification is GNU
[fatcatrvp-npcx:rw] -- Found assembler: /home/jpmurphy/.cache/coreboot-sdk/arm-eabi/ea40ddd1d190c3b48435c474c0b545719371813a/bin/arm-eabi-gcc
[fatcatrvp-npcx:rw] CMake Warning at /mnt/host/source/src/platform/ec/zephyr/cmake/linker/ld/linker_libraries.cmake:11 (message):
[pirrha:ro] [327/393] Building C object CMakeFiles/app.dir/mnt/host/source/src/platform/ec/build/zephyr/pirrha/modules/ec/common/usbc/usb_pd_console.c.obj
[squirtle:ro] [368/385] Building C object zephyr/kernel/CMakeFiles/kernel.dir/queue.c.obj
[telith:rw] [334/403] Building C object CMakeFiles/app.dir/mnt/host/source/src/platform/ec/build/zephyr/telith/modules/ec/common/chargen.c.obj
[adlrvp_npcx:ro] [25/394] Building C object zephyr/CMakeFiles/zephyr.dir/lib/utils/bitarray.c.obj
[squirtle:ro] [369/385] Building C object zephyr/kernel/CMakeFiles/kernel.dir/stack.c.obj
[squirtle:ro] [370/385] Building C object zephyr/kernel/CMakeFiles/kernel.dir/sem.c.obj
[squirtle:ro] [371/385] Building C object zephyr/kernel/CMakeFiles/kernel.dir/system_work_q.c.obj
[pirrha:ro] [328/393] Building C object CMakeFiles/app.dir/mnt/host/source/src/platform/ec/build/zephyr/pirrha/modules/ec/driver/usb_mux/usb_mux.c.obj
[lapis:ro] [212/392] Building C object modules/ec/zephyr/CMakeFiles/ec_shim.dir/drivers/vivaldi_kbd/vivaldi_kbd.c.obj
[adlrvp_npcx:ro] [26/394] Building C object zephyr/CMakeFiles/zephyr.dir/lib/utils/bitmask.c.obj
[pirrha:ro] [329/393] Building C object CMakeFiles/app.dir/mnt/host/source/src/platform/ec/build/zephyr/pirrha/modules/ec/driver/usb_mux/virtual.c.obj
[lapis:ro] [213/392] Building C object modules/ec/zephyr/CMakeFiles/ec_shim.dir/shim/chip/rtk/clock.c.obj
[telith:rw] [335/403] Building C object CMakeFiles/app.dir/mnt/host/source/src/platform/ec/build/zephyr/telith/modules/ec/common/usbc/usb_pd_console.c.obj
[telith:rw] [336/403] Building C object CMakeFiles/app.dir/mnt/host/source/src/platform/ec/build/zephyr/telith/modules/ec/driver/usb_mux/usb_mux.c.obj
[pirrha:ro] [330/393] Building C object CMakeFiles/app.dir/mnt/host/source/src/platform/ec/build/zephyr/pirrha/modules/ec/common/usbc/usb_tc_drp_acc_trysrc_sm.c.obj
[fatcatrvp-npcx:rw] -- Performing EC specific devicetree checks
[squirtle:ro] [372/385] Building C object zephyr/kernel/CMakeFiles/kernel.dir/condvar.c.obj
[telith:rw] [337/403] Building C object CMakeFiles/app.dir/mnt/host/source/src/platform/ec/build/zephyr/telith/modules/ec/driver/usb_mux/virtual.c.obj
[fatcatrvp-npcx:rw]   Disabling c_library
[fatcatrvp-npcx:rw] Call Stack (most recent call first):
[fatcatrvp-npcx:rw]   /mnt/host/source/src/third_party/zephyr/main/cmake/target_toolchain_flags.cmake:48 (include)
[fatcatrvp-npcx:rw]   /mnt/host/source/src/third_party/zephyr/main/cmake/modules/kernel.cmake:153 (include)
[fatcatrvp-npcx:rw]   /mnt/host/source/src/third_party/zephyr/main/cmake/modules/zephyr_default.cmake:138 (include)
[fatcatrvp-npcx:rw]   /mnt/host/source/src/third_party/zephyr/main/share/zephyr-package/cmake/ZephyrConfig.cmake:66 (include)
[fatcatrvp-npcx:rw]   /mnt/host/source/src/third_party/zephyr/main/share/zephyr-package/cmake/ZephyrConfig.cmake:97 (include_boilerplate)
[fatcatrvp-npcx:rw]   CMakeLists.txt:7 (find_package)
[fatcatrvp-npcx:rw] INFO: Verified 73 GPIOs, no duplicates found
[fatcatrvp-npcx:rw] INFO: Verified 16 '*-gpios' properties, all flags match.
[lapis:ro] [214/392] Building C object modules/ec/zephyr/CMakeFiles/ec_shim.dir/shim/chip/rtk/system_download_from_flash.c.obj
[pirrha:ro] [331/393] Building C object CMakeFiles/app.dir/mnt/host/source/src/platform/ec/build/zephyr/pirrha/modules/ec/common/usbc/usb_prl_sm.c.obj
[squirtle:ro] [373/385] Building C object zephyr/kernel/CMakeFiles/kernel.dir/work.c.obj
[squirtle:ro] [374/385] Building C object zephyr/kernel/CMakeFiles/kernel.dir/sched.c.obj
[lapis:ro] [215/392] Building C object modules/ec/zephyr/CMakeFiles/ec_shim.dir/shim/chip/rtk/system_external_storage.c.obj
[adlrvp_npcx:ro] [27/394] Building C object zephyr/CMakeFiles/zephyr.dir/lib/utils/getopt/getopt.c.obj
[fatcatrvp-npcx:rw] -- Generating component manifest file
[pirrha:ro] [332/393] Building C object CMakeFiles/app.dir/mnt/host/source/src/platform/ec/build/zephyr/pirrha/modules/ec/common/usbc/usb_pd_dpm.c.obj
[fatcatrvp-npcx:rw] INFO: Skipped 8 named-gpios children.
[fatcatrvp-npcx:rw] INFO: Running CME, outputting to /mnt/host/source/src/platform/ec/build/zephyr/fatcatrvp-npcx/build-rw/zephyr/component_manifest.json
[fatcatrvp-npcx:rw] INFO: Project fatcatrvp-npcx does not support SSFC
[fatcatrvp-npcx:rw] INFO: No motionsense-sensor node found
[pirrha:ro] [333/393] Building C object CMakeFiles/app.dir/mnt/host/source/src/platform/ec/build/zephyr/pirrha/modules/ec/common/usbc/usb_pe_drp_sm.c.obj
[pirrha:ro] [334/393] Building C object CMakeFiles/app.dir/mnt/host/source/src/platform/ec/build/zephyr/pirrha/modules/ec/common/usbc/usbc_pd_policy.c.obj
[squirtle:ro] [375/385] Building C object zephyr/kernel/CMakeFiles/kernel.dir/thread.c.obj
[squirtle:ro] [376/385] Building C object zephyr/kernel/CMakeFiles/kernel.dir/pipe.c.obj
[fatcatrvp-npcx:rw] -- warning_base_override: -Wall;-Wformat;-Wformat-security;-Wformat;-Wno-format-zero-length;-Wno-pointer-sign;-Wpointer-arith;-Wexpansion-to-defined
[telith:rw] [338/403] Building C object CMakeFiles/app.dir/mnt/host/source/src/platform/ec/build/zephyr/telith/modules/ec/common/usbc/usb_tc_drp_acc_trysrc_sm.c.obj
[lapis:ro] [216/392] Building C object modules/ec/zephyr/CMakeFiles/ec_shim.dir/shim/chip/rtk/power_policy.c.obj
[telith:rw] [339/403] Building C object CMakeFiles/app.dir/mnt/host/source/src/platform/ec/build/zephyr/telith/modules/ec/common/usbc/usb_prl_sm.c.obj
[lapis:ro] [217/392] Building C object modules/ec/zephyr/CMakeFiles/ec_shim.dir/shim/core/cortex-m/panic.c.obj
[squirtle:ro] [377/385] Building C object zephyr/kernel/CMakeFiles/kernel.dir/spinlock_validate.c.obj
[squirtle:ro] [378/385] Building C object zephyr/kernel/CMakeFiles/kernel.dir/timeout.c.obj
[squirtle:ro] [379/385] Building C object zephyr/kernel/CMakeFiles/kernel.dir/thread_monitor.c.obj
[pirrha:ro] [335/393] Building C object CMakeFiles/app.dir/mnt/host/source/src/platform/ec/build/zephyr/pirrha/modules/ec/common/usbc/dp_alt_mode.c.obj
[adlrvp_npcx:ro] [28/394] Building C object zephyr/CMakeFiles/zephyr.dir/lib/utils/getopt/getopt_common.c.obj
[lapis:ro] [218/392] Building C object modules/ec/zephyr/CMakeFiles/ec_shim.dir/shim/src/crc.c.obj
[fatcatrvp-npcx:rw] -- Found gen_kobject_list: /mnt/host/source/src/third_party/zephyr/main/scripts/build/gen_kobject_list.py
[fatcatrvp-npcx:rw] CMake Warning at /mnt/host/source/src/third_party/zephyr/main/CMakeLists.txt:2359 (message):
[fatcatrvp-npcx:rw]   __ASSERT() statements are globally ENABLED
[pirrha:ro] [336/393] Building C object CMakeFiles/app.dir/mnt/host/source/src/platform/ec/build/zephyr/pirrha/modules/ec/common/usb_pd_console_cmd.c.obj
[fatcatrvp-npcx:rw] -- Configuring done (16.4s)
[telith:rw] [340/403] Building C object CMakeFiles/app.dir/mnt/host/source/src/platform/ec/build/zephyr/telith/modules/ec/common/usbc/usb_pe_drp_sm.c.obj
[adlrvp_npcx:ro] [29/394] Building C object zephyr/CMakeFiles/zephyr.dir/lib/utils/ring_buffer.c.obj
[squirtle:ro] [380/385] Building C object zephyr/kernel/CMakeFiles/kernel.dir/timer.c.obj
[pirrha:ro] [337/393] Building C object CMakeFiles/app.dir/mnt/host/source/src/platform/ec/build/zephyr/pirrha/modules/ec/common/usbc/usb_pd_host.c.obj
[pirrha:ro] [338/393] Building C object CMakeFiles/app.dir/mnt/host/source/src/platform/ec/build/zephyr/pirrha/modules/ec/common/usb_pd_host_cmd.c.obj
[adlrvp_npcx:ro] [30/394] Building C object zephyr/CMakeFiles/zephyr.dir/lib/utils/last_section_id.c.obj
[lapis:ro] [219/392] Building C object modules/ec/zephyr/CMakeFiles/ec_shim.dir/shim/src/console.c.obj
[squirtle:ro] [381/385] Building C object zephyr/kernel/CMakeFiles/kernel.dir/mempool.c.obj
[telith:rw] [341/403] Building C object CMakeFiles/app.dir/mnt/host/source/src/platform/ec/build/zephyr/telith/modules/ec/common/usbc/usbc_pd_policy.c.obj
[telith:rw] [342/403] Building C object CMakeFiles/app.dir/mnt/host/source/src/platform/ec/build/zephyr/telith/modules/ec/common/usbc/usb_pd_dpm.c.obj
[squirtle:ro] [382/385] Building C object zephyr/kernel/CMakeFiles/kernel.dir/events.c.obj
[squirtle:ro] [383/385] Building C object zephyr/kernel/CMakeFiles/kernel.dir/poll.c.obj
[fatcatrvp-npcx:rw] -- Generating done (0.5s)
[fatcatrvp-npcx:rw] CMake Warning:
[fatcatrvp-npcx:rw] -- Build files have been written to: /mnt/host/source/src/platform/ec/build/zephyr/fatcatrvp-npcx/build-rw
[adlrvp_npcx:ro] [31/394] Building C object zephyr/CMakeFiles/zephyr.dir/misc/generated/configs.c.obj
[pirrha:ro] [339/393] Building C object CMakeFiles/app.dir/mnt/host/source/src/platform/ec/build/zephyr/pirrha/modules/ec/zephyr/shim/src/tcpc.c.obj
[lapis:ro] [220/392] Building C object modules/ec/zephyr/CMakeFiles/ec_shim.dir/shim/src/gpio.c.obj
[fatcatrvp-npcx:rw]   Manually-specified variables were not used by the project:
[fatcatrvp-npcx:rw]     COREBOOT_SDK_ROOT_libstdcxx_riscv64
[fatcatrvp-npcx:rw]     COREBOOT_SDK_ROOT_libstdcxx_x86
[fatcatrvp-npcx:rw]     COREBOOT_SDK_ROOT_nds32
[fatcatrvp-npcx:rw]     COREBOOT_SDK_ROOT_picolibc_riscv64
[fatcatrvp-npcx:rw]     COREBOOT_SDK_ROOT_picolibc_x86
[fatcatrvp-npcx:rw]     COREBOOT_SDK_ROOT_riscv
[fatcatrvp-npcx:rw]     COREBOOT_SDK_ROOT_riscv64
[fatcatrvp-npcx:rw]     COREBOOT_SDK_ROOT_x86
[nereid:ro] Configuring.
Running `env -i PYTHONPATH=/usr/lib64/python-exec/python3.11:/mnt/host/source/src/platform/ec/zephyr/zmake:/usr/lib/python311.zip:/usr/lib/python3.11:/usr/lib/python3.11/lib-dynload:/usr/lib/python3.11/site-packages PW_PIGWEED_CIPD_INSTALL_DIR=/usr CROSTC_USER_ACKNOWLEDGES_THAT_RISCV_IS_EXPERIMENTAL=1 PATH=/mnt/host/source/chromite/bin:/usr/local/bin:/usr/bin:/bin:/opt/bin:/mnt/host/source/chromite/sdk/bin:/mnt/host/source/chromite/bin HOME=/home/jpmurphy JAVA_HOME=/etc/java-config-2/current-system-vm JDK_HOME=/etc/java-config-2/current-system-vm JAVAC=/etc/java-config-2/current-system-vm/bin/javac MAKEFLAGS=' -j16 --jobserver-auth=5,6' /usr/bin/cmake -S /mnt/host/source/src/platform/ec/zephyr/program/nissa -B /mnt/host/source/src/platform/ec/build/zephyr/nereid/build-ro -GNinja -DCMAKE_EXPORT_COMPILE_COMMANDS=ON -DZEPHYR_BASE=/mnt/host/source/src/third_party/zephyr/main -DZMAKE_INCLUDE_DIR=/mnt/host/source/src/platform/ec/build/zephyr/nereid/include -DPython3_EXECUTABLE=/usr/bin/python3.11 -DDTS_ROOT=/mnt/host/source/src/platform/ec/zephyr -DSYSCALL_INCLUDE_DIRS=/mnt/host/source/src/platform/ec/zephyr/include/drivers -DUSER_CACHE_DIR=/mnt/host/source/src/platform/ec/build/zephyr/user-cache '-DEXTRA_EC_VERSION_FLAGS=--version 16543.0.0 --static' -DTOOLCHAIN_ROOT=/mnt/host/source/src/platform/ec/zephyr -DCOREBOOT_SDK_ROOT_x86=/home/jpmurphy/.cache/coreboot-sdk/i386-elf/dfbb0486385d938cfa9d73080b9d18d598ed4f49 -DCOREBOOT_SDK_ROOT_picolibc_x86=/home/jpmurphy/.cache/coreboot-sdk/picolibc-i386-elf/eb8e8e687b95461de8cbf278f1c2076952d0ad17 -DCOREBOOT_SDK_ROOT_riscv64=/home/jpmurphy/.cache/coreboot-sdk/riscv64-elf/96b949749225b6aaa92ed810ab769e8dfb12f000 -DCOREBOOT_SDK_ROOT_picolibc_arm=/home/jpmurphy/.cache/coreboot-sdk/picolibc-arm-eabi/422a2aa3e1ef891b5bece9a3deb696ff83840d2e -DCOREBOOT_SDK_ROOT_nds32=/home/jpmurphy/.cache/coreboot-sdk/nds32le-elf/d1a518c4a097666d86058e1444f85ca015d15511 -DCOREBOOT_SDK_ROOT_picolibc_riscv64=/home/jpmurphy/.cache/coreboot-sdk/picolibc-riscv64-elf/f571e990ef0278564b31124f8bb109d9a697eb69 -DCOREBOOT_SDK_ROOT_arm=/home/jpmurphy/.cache/coreboot-sdk/arm-eabi/ea40ddd1d190c3b48435c474c0b545719371813a -DCOREBOOT_SDK_ROOT_libstdcxx_riscv64=/home/jpmurphy/.cache/coreboot-sdk/libstdcxx-riscv64-elf/17abf22a3a252e2d5d2062ced5324f7a623689e0 -DCOREBOOT_SDK_ROOT_libstdcxx_arm=/home/jpmurphy/.cache/coreboot-sdk/libstdcxx-arm-eabi/5d7d82e150e44aa1968f1d366e267e6687b328ac -DCOREBOOT_SDK_ROOT_riscv=/home/jpmurphy/.cache/coreboot-sdk/riscv-elf/9a27b9e82341c6e9126624f516ab3f261abb3e73 -DCOREBOOT_SDK_ROOT_libstdcxx_x86=/home/jpmurphy/.cache/coreboot-sdk/libstdcxx-i386-elf/42ef9d2e87a76a37963175d7d428734e65648b87 -DZEPHYR_TOOLCHAIN_VARIANT=coreboot-sdk -DZEPHYR_MODULES=/mnt/host/source/src/platform/ec/build/zephyr/nereid/modules/ec -DDTC_OVERLAY_FILE=/mnt/host/source/src/platform/ec/zephyr/program/nissa/nereid/project.overlay -DBOARD=it8xxx2/it81302bx -DCMAKE_C_FLAGS=-DSECTION_IS_RO '-DCONF_FILE=/mnt/host/source/src/platform/ec/zephyr/program/nissa/program.conf;/mnt/host/source/src/platform/ec/zephyr/program/nissa/it8xxx2_program.conf;/mnt/host/source/src/platform/ec/zephyr/program/nissa/nereid/project.conf;/mnt/host/source/src/platform/ec/build/zephyr/nereid/kconfig-ro.conf'`
[squirtle:ro] [384/385] Building C object zephyr/kernel/CMakeFiles/kernel.dir/dynamic_disabled.c.obj
[nereid:ro] -- Application: /mnt/host/source/src/platform/ec/zephyr/program/nissa
[nereid:ro] Loading Zephyr default modules (Zephyr base (cached)).
[squirtle:ro] [385/385] Linking C static library zephyr/kernel/libkernel.a
[pirrha:ro] [340/393] Building C object CMakeFiles/app.dir/mnt/host/source/src/platform/ec/build/zephyr/pirrha/modules/ec/common/usbc/svdm_rsp_dfp_only.c.obj
[pirrha:ro] [341/393] Building C object CMakeFiles/app.dir/mnt/host/source/src/platform/ec/build/zephyr/pirrha/modules/ec/common/usb_pd_host_cmd_common.c.obj
[telith:rw] [343/403] Building C object CMakeFiles/app.dir/mnt/host/source/src/platform/ec/build/zephyr/telith/modules/ec/common/usbc/dp_alt_mode.c.obj
[pirrha:ro] [342/393] Building C object CMakeFiles/app.dir/mnt/host/source/src/platform/ec/build/zephyr/pirrha/modules/ec/common/usbc_ocp.c.obj
[lapis:ro] [221/392] Building C object modules/ec/zephyr/CMakeFiles/ec_shim.dir/shim/src/gpio_int.c.obj
[lapis:ro] [222/392] Building C object modules/ec/zephyr/CMakeFiles/ec_shim.dir/shim/src/panic_utils.c.obj
[nereid:ro] -- CMake version: 3.31.7
[nereid:ro] -- Found Python3: /usr/bin/python3.11 (found suitable version "3.11.11", minimum required is "3.10") found components: Interpreter
[nereid:ro] -- Cache files will be written to: /mnt/host/source/src/platform/ec/build/zephyr/user-cache
[nereid:ro] -- Zephyr version: 4.3.99 (/mnt/host/source/src/third_party/zephyr/main)
[telith:rw] [344/403] Building C object CMakeFiles/app.dir/mnt/host/source/src/platform/ec/build/zephyr/telith/modules/ec/common/usb_pd_console_cmd.c.obj
[lapis:ro] [223/392] Building C object modules/ec/zephyr/CMakeFiles/ec_shim.dir/shim/src/pm_state.c.obj
[adlrvp_npcx:ro] [32/394] Building C object zephyr/CMakeFiles/zephyr.dir/soc/nuvoton/npcx/common/power.c.obj
[telith:rw] [345/403] Building C object CMakeFiles/app.dir/mnt/host/source/src/platform/ec/build/zephyr/telith/modules/ec/common/usb_pd_host_cmd.c.obj
[pirrha:ro] [343/393] Building C object CMakeFiles/app.dir/mnt/host/source/src/platform/ec/build/zephyr/pirrha/modules/ec/common/usb_pd_discovery.c.obj
[lapis:ro] [224/392] Building C object modules/ec/zephyr/CMakeFiles/ec_shim.dir/shim/src/cbi/cros_cbi.c.obj
[adlrvp_npcx:ro] [33/394] Building C object zephyr/CMakeFiles/zephyr.dir/soc/nuvoton/npcx/common/scfg.c.obj
[lapis:ro] [225/392] Building C object modules/ec/zephyr/CMakeFiles/ec_shim.dir/shim/src/cbi/cbi_flash.c.obj
[pirrha:ro] [344/393] Building C object CMakeFiles/app.dir/mnt/host/source/src/platform/ec/build/zephyr/pirrha/modules/ec/common/usb_pd_dual_role.c.obj
[lapis:ro] [226/392] Building C object modules/ec/zephyr/CMakeFiles/ec_shim.dir/shim/src/cbi/cros_cbi_ufsc.c.obj
[pirrha:ro] [345/393] Building C object CMakeFiles/app.dir/mnt/host/source/src/platform/ec/build/zephyr/pirrha/modules/ec/common/vboot_hash.c.obj
[pirrha:ro] [346/393] Building C object CMakeFiles/app.dir/mnt/host/source/src/platform/ec/build/zephyr/pirrha/modules/ec/driver/tcpm/raa489000.c.obj
[adlrvp_npcx:ro] [34/394] Building C object zephyr/CMakeFiles/zephyr.dir/soc/nuvoton/npcx/common/npcxn/registers.c.obj
[telith:rw] [346/403] Building C object CMakeFiles/app.dir/mnt/host/source/src/platform/ec/build/zephyr/telith/modules/ec/common/usbc/usb_pd_host.c.obj
[pirrha:ro] [347/393] Building C object CMakeFiles/app.dir/mnt/host/source/src/platform/ec/build/zephyr/pirrha/modules/ec/driver/tcpm/tcpci.c.obj
[lapis:ro] [227/392] Building C object modules/ec/zephyr/CMakeFiles/ec_shim.dir/shim/src/led_driver/led.c.obj
[lapis:ro] [228/392] Building ASM object modules/ec/zephyr/CMakeFiles/ec_shim.dir/shim/src/libgcc_arm.S.obj
[lapis:ro] [229/392] Building C object modules/ec/zephyr/CMakeFiles/ec_shim.dir/shim/src/popcountsi2.c.obj
[telith:rw] [347/403] Building C object CMakeFiles/app.dir/mnt/host/source/src/platform/ec/build/zephyr/telith/modules/ec/zephyr/shim/src/tcpc.c.obj
[lapis:ro] [230/392] Building C object modules/ec/zephyr/CMakeFiles/ec_shim.dir/shim/src/led_driver/led_gpio.c.obj
[pirrha:ro] [348/393] Building C object CMakeFiles/app.dir/mnt/host/source/src/platform/ec/build/zephyr/pirrha/modules/ec/common/button.c.obj
[adlrvp_npcx:ro] [35/394] Building C object zephyr/CMakeFiles/zephyr.dir/soc/nuvoton/npcx/npcx9/soc.c.obj
[telith:rw] [348/403] Building C object CMakeFiles/app.dir/mnt/host/source/src/platform/ec/build/zephyr/telith/modules/ec/common/usb_pd_host_cmd_common.c.obj
[nereid:ro] -- Board: it8xxx2, qualifiers: it81302bx
[/mnt/host/source/src/platform/ec/build/zephyr/fatcatrvp-ite-lcov]   /mnt/host/source/src/platform/ec/build/zephyr/fatcatrvp-ite/build-rw/zephyr/CMakeFiles/zephyr.dir/soc/ite/ec/it8xxx2/check_regs.c.gcno:no functions found
[/mnt/host/source/src/platform/ec/build/zephyr/fatcatrvp-ite-lcov] stderr:
[lapis:ro] [231/392] Building C object modules/ec/zephyr/CMakeFiles/ec_shim.dir/shim/src/system.c.obj
[pirrha:ro] [349/393] Building C object CMakeFiles/app.dir/mnt/host/source/src/platform/ec/build/zephyr/pirrha/modules/ec/common/math_util.c.obj
[pirrha:ro] [350/393] Building C object CMakeFiles/app.dir/mnt/host/source/src/platform/ec/build/zephyr/pirrha/modules/ec/common/vboot/efs2.c.obj
[pirrha:ro] [351/393] Building C object CMakeFiles/app.dir/mnt/host/source/src/platform/ec/build/zephyr/pirrha/modules/ec/common/vstore.c.obj
[adlrvp_npcx:ro] [36/394] Building C object zephyr/CMakeFiles/zephyr.dir/subsys/logging/log_minimal.c.obj
[telith:rw] [349/403] Building C object CMakeFiles/app.dir/mnt/host/source/src/platform/ec/build/zephyr/telith/modules/ec/common/usbc/svdm_rsp_dfp_only.c.obj
[lapis:ro] [232/392] Building C object modules/ec/zephyr/CMakeFiles/ec_shim.dir/shim/src/pdc_shim.c.obj
[lapis:ro] [233/392] Building C object modules/ec/zephyr/CMakeFiles/ec_shim.dir/shim/src/battery.c.obj
[pirrha:ro] [352/393] Building C object CMakeFiles/app.dir/src/common.c.obj
[lapis:ro] [234/392] Building C object modules/ec/zephyr/CMakeFiles/ec_shim.dir/shim/src/charger.c.obj
[telith:rw] [350/403] Building C object CMakeFiles/app.dir/mnt/host/source/src/platform/ec/build/zephyr/telith/modules/ec/common/usbc_ocp.c.obj
[telith:rw] [351/403] Building C object CMakeFiles/app.dir/mnt/host/source/src/platform/ec/build/zephyr/telith/modules/ec/common/usb_pd_discovery.c.obj
[pirrha:ro] [353/393] Building C object CMakeFiles/app.dir/src/sub_board.c.obj
[adlrvp_npcx:ro] [37/394] Building C object zephyr/CMakeFiles/zephyr.dir/subsys/mem_mgmt/mem_attr.c.obj
[lapis:ro] [235/392] Building C object modules/ec/zephyr/CMakeFiles/ec_shim.dir/shim/src/chipset_api.c.obj
[pirrha:ro] [354/393] Building C object CMakeFiles/app.dir/src/board_power.c.obj
[pirrha:ro] [355/393] Building C object CMakeFiles/app.dir/pirrha/src/led.c.obj
[adlrvp_npcx:ro] [38/394] Building C object zephyr/CMakeFiles/zephyr.dir/subsys/pm/pm.c.obj
[pirrha:ro] [356/393] Linking C static library modules/ec/zephyr/libec_shim.a
[pirrha:ro] [357/393] Building C object CMakeFiles/app.dir/pirrha/src/board.c.obj
[lapis:ro] [236/392] Building C object modules/ec/zephyr/CMakeFiles/ec_shim.dir/shim/src/flash.c.obj
[telith:rw] [352/403] Building C object CMakeFiles/app.dir/mnt/host/source/src/platform/ec/build/zephyr/telith/modules/ec/common/usb_pd_dual_role.c.obj
[pirrha:ro] [358/393] Building C object CMakeFiles/app.dir/pirrha/src/battery.c.obj
[lapis:ro] [237/392] Building C object modules/ec/zephyr/CMakeFiles/ec_shim.dir/shim/src/espi.c.obj
[adlrvp_npcx:ro] [39/394] Building C object zephyr/CMakeFiles/zephyr.dir/subsys/pm/state.c.obj
[lapis:ro] [238/392] Building C object modules/ec/zephyr/CMakeFiles/ec_shim.dir/shim/src/fan.c.obj
[telith:rw] [353/403] Building C object CMakeFiles/app.dir/mnt/host/source/src/platform/ec/build/zephyr/telith/modules/ec/driver/tcpm/ite_pd_intc.c.obj
[pirrha:ro] [359/393] Building C object CMakeFiles/app.dir/pirrha/src/usbc.c.obj
[telith:rw] [354/403] Building C object CMakeFiles/app.dir/mnt/host/source/src/platform/ec/build/zephyr/telith/modules/ec/driver/tcpm/tcpci.c.obj
[lapis:ro] [239/392] Building C object modules/ec/zephyr/CMakeFiles/ec_shim.dir/shim/src/hooks.c.obj
[nereid:ro] -- Found Dtc: /usr/bin/dtc (found suitable version "1.6.0", minimum required is "1.4.6")
[nereid:ro] -- Found BOARD.dts: /mnt/host/source/src/platform/ec/zephyr/boards/google/it8xxx2/it8xxx2_it81302bx.dts
[nereid:ro] -- Found devicetree overlay: /mnt/host/source/src/platform/ec/zephyr/program/nissa/nereid/project.overlay
[pirrha:ro] [360/393] Building C object zephyr/kernel/CMakeFiles/kernel.dir/main_weak.c.obj
[pirrha:ro] [361/393] Building C object zephyr/kernel/CMakeFiles/kernel.dir/banner.c.obj
[adlrvp_npcx:ro] [40/394] Building C object zephyr/CMakeFiles/zephyr.dir/subsys/pm/policy/policy_events.c.obj
[pirrha:ro] [362/393] Building C object CMakeFiles/app.dir/pirrha/src/charger.c.obj
[lapis:ro] [240/392] Building C object modules/ec/zephyr/CMakeFiles/ec_shim.dir/shim/src/host_command.c.obj
[pirrha:ro] [363/393] Building C object zephyr/kernel/CMakeFiles/kernel.dir/busy_wait.c.obj
[lapis:ro] [241/392] Building C object modules/ec/zephyr/CMakeFiles/ec_shim.dir/shim/src/console_buffer.c.obj
[adlrvp_npcx:ro] [41/394] Building C object zephyr/CMakeFiles/zephyr.dir/subsys/pm/policy/policy_latency.c.obj
[pirrha:ro] [364/393] Linking C static library app/libapp.a
[lapis:ro] [242/392] Building C object modules/ec/zephyr/CMakeFiles/ec_shim.dir/shim/src/mkbp_event.c.obj
[pirrha:ro] [365/393] Building C object zephyr/kernel/CMakeFiles/kernel.dir/device.c.obj
[telith:rw] [355/403] Building C object CMakeFiles/app.dir/mnt/host/source/src/platform/ec/build/zephyr/telith/modules/ec/driver/tcpm/it8xxx2.c.obj
[lapis:ro] [243/392] Building C object modules/ec/zephyr/CMakeFiles/ec_shim.dir/shim/src/panic.c.obj
[/mnt/host/source/src/platform/ec/build/zephyr/fatcatrvp-ite-lcov]   /mnt/host/source/src/platform/ec/build/zephyr/fatcatrvp-ite/build-rw/zephyr/drivers/sensor/CMakeFiles/drivers__sensor.dir/mnt/host/source/src/third_party/zephyr/main/misc/empty_file.c.gcno:no functions found
[/mnt/host/source/src/platform/ec/build/zephyr/fatcatrvp-ite-lcov] stderr:
[pirrha:ro] [366/393] Building C object zephyr/kernel/CMakeFiles/kernel.dir/errno.c.obj
[telith:rw] [356/403] Building C object CMakeFiles/app.dir/mnt/host/source/src/platform/ec/build/zephyr/telith/modules/ec/common/usbc_ppc.c.obj
[adlrvp_npcx:ro] [42/394] Building C object zephyr/CMakeFiles/zephyr.dir/subsys/pm/policy/policy_state_lock.c.obj
[telith:rw] [357/403] Building C object CMakeFiles/app.dir/mnt/host/source/src/platform/ec/build/zephyr/telith/modules/ec/driver/ppc/syv682x.c.obj
[pirrha:ro] [367/393] Building C object zephyr/kernel/CMakeFiles/kernel.dir/fatal.c.obj
[pirrha:ro] [368/393] Building C object zephyr/kernel/CMakeFiles/kernel.dir/version.c.obj
[lapis:ro] [244/392] Building C object modules/ec/zephyr/CMakeFiles/ec_shim.dir/shim/src/pwm_hc.c.obj
[lapis:ro] [245/392] Building C object modules/ec/zephyr/CMakeFiles/ec_shim.dir/shim/src/thermal.c.obj
[pirrha:ro] [369/393] Building C object zephyr/kernel/CMakeFiles/kernel.dir/init.c.obj
[pirrha:ro] [370/393] Building C object zephyr/kernel/CMakeFiles/kernel.dir/kheap.c.obj
[lapis:ro] [246/392] Building C object modules/ec/zephyr/CMakeFiles/ec_shim.dir/shim/src/temp_sensors.c.obj
[pirrha:ro] [371/393] Building C object zephyr/kernel/CMakeFiles/kernel.dir/float.c.obj
[lapis:ro] [247/392] Building C object modules/ec/zephyr/CMakeFiles/ec_shim.dir/shim/src/hwtimer.c.obj
[pirrha:ro] [372/393] Building C object zephyr/kernel/CMakeFiles/kernel.dir/mem_slab.c.obj
[adlrvp_npcx:ro] [43/394] Building C object zephyr/CMakeFiles/zephyr.dir/subsys/pm/device.c.obj
[telith:rw] [358/403] Building C object CMakeFiles/app.dir/mnt/host/source/src/platform/ec/build/zephyr/telith/modules/ec/common/vboot_hash.c.obj
[adlrvp_npcx:ro] [44/394] Building C object zephyr/CMakeFiles/zephyr.dir/subsys/pm/device_system_managed.c.obj
[pirrha:ro] [373/393] Building C object zephyr/kernel/CMakeFiles/kernel.dir/idle.c.obj
[telith:rw] [359/403] Building C object CMakeFiles/app.dir/mnt/host/source/src/platform/ec/build/zephyr/telith/modules/ec/common/button.c.obj
[telith:rw] [360/403] Building C object CMakeFiles/app.dir/mnt/host/source/src/platform/ec/build/zephyr/telith/modules/ec/common/vboot/efs2.c.obj
[pirrha:ro] [374/393] Building C object zephyr/kernel/CMakeFiles/kernel.dir/mailbox.c.obj
[pirrha:ro] [375/393] Building C object zephyr/kernel/CMakeFiles/kernel.dir/msg_q.c.obj
[nereid:ro] -- Generated zephyr.dts: /mnt/host/source/src/platform/ec/build/zephyr/nereid/build-ro/zephyr/zephyr.dts
[lapis:ro] [248/392] Building C object modules/ec/zephyr/CMakeFiles/ec_shim.dir/shim/src/i2c.c.obj
[nereid:ro] -- Generated pickled edt: /mnt/host/source/src/platform/ec/build/zephyr/nereid/build-ro/zephyr/edt.pickle
[lapis:ro] [249/392] Building C object modules/ec/zephyr/CMakeFiles/ec_shim.dir/shim/src/tasks.c.obj
[pirrha:ro] [376/393] Building C object zephyr/kernel/CMakeFiles/kernel.dir/queue.c.obj
[pirrha:ro] [377/393] Building C object zephyr/kernel/CMakeFiles/kernel.dir/mutex.c.obj
[lapis:ro] [250/392] Building C object modules/ec/zephyr/CMakeFiles/ec_shim.dir/shim/src/usba.c.obj
[adlrvp_npcx:ro] [45/394] Building C object zephyr/CMakeFiles/zephyr.dir/subsys/testsuite/coverage/coverage.c.obj
[lapis:ro] [251/392] Building C object modules/ec/zephyr/CMakeFiles/ec_shim.dir/shim/src/watchdog.c.obj
[lapis:ro] [252/392] cd /mnt/host/source/src/platform/ec/build/zephyr/lapis/build-ro/modules/ec/zephyr && PYTHONPATH=/mnt/host/source/src/platform/ec/build/zephyr/lapis/modules/ec/zephyr/zmake/ /usr/bin/python3.11 /mnt/host/source/src/platform/ec/build/zephyr/lapis/modules/ec/zephyr/zmake/zephyr_build_tools/generate_ec_version.py /mnt/host/source/src/platform/ec/build/zephyr/lapis/build-ro/modules/ec/zephyr/include/ec_version.h --name Zephyr-Kernel --version 16543.0.0 --static
[lapis:ro] INFO:root:Using a static version string
[adlrvp_npcx:ro] [46/394] Building C object zephyr/CMakeFiles/zephyr.dir/subsys/tracing/tracing_none.c.obj
[telith:rw] [361/403] Building C object CMakeFiles/app.dir/mnt/host/source/src/platform/ec/build/zephyr/telith/modules/ec/common/vstore.c.obj
[pirrha:ro] [378/393] Building C object zephyr/kernel/CMakeFiles/kernel.dir/sem.c.obj
[nereid:ro] -- Generated devicetree_generated.h: /mnt/host/source/src/platform/ec/build/zephyr/nereid/build-ro/zephyr/include/generated/zephyr/devicetree_generated.h
[telith:rw] [362/403] Building C object CMakeFiles/app.dir/mnt/host/source/src/platform/ec/build/zephyr/telith/modules/ec/common/math_util.c.obj
[pirrha:ro] [379/393] Building C object zephyr/kernel/CMakeFiles/kernel.dir/stack.c.obj
[pirrha:ro] [380/393] Building C object zephyr/kernel/CMakeFiles/kernel.dir/system_work_q.c.obj
[lapis:ro] INFO:root:Version string: Zephyr-Kernel-16543.0.0
[lapis:ro] INFO:root:Writing header to /mnt/host/source/src/platform/ec/build/zephyr/lapis/build-ro/modules/ec/zephyr/include/ec_version.h
[lapis:ro] [253/392] Building C object modules/ec/zephyr/CMakeFiles/ec_shim.dir/shim/src/sha256_hw.c.obj
[lapis:ro] [254/392] Building C object zephyr/kernel/CMakeFiles/kernel.dir/main_weak.c.obj
[lapis:ro] [255/392] Building C object modules/ec/zephyr/CMakeFiles/ec_shim.dir/shim/src/power_host_sleep_api.c.obj
[pirrha:ro] [381/393] Building C object zephyr/kernel/CMakeFiles/kernel.dir/condvar.c.obj
[telith:rw] [363/403] Building C object CMakeFiles/app.dir/src/common.c.obj
[pirrha:ro] [382/393] Building C object zephyr/kernel/CMakeFiles/kernel.dir/work.c.obj
[adlrvp_npcx:ro] [47/394] Building C object zephyr/CMakeFiles/zephyr.dir/subsys/shell/modules/kernel_service/kernel_shell.c.obj
[lapis:ro] [256/392] Building C object CMakeFiles/app.dir/mnt/host/source/src/platform/ec/zephyr/subsys/ap_pwrseq/ap_events.c.obj
[adlrvp_npcx:ro] [48/394] Building C object zephyr/CMakeFiles/zephyr.dir/subsys/shell/modules/kernel_service/cycles.c.obj
[pirrha:ro] [383/393] Building C object zephyr/kernel/CMakeFiles/kernel.dir/thread.c.obj
[telith:rw] [364/403] Building C object CMakeFiles/app.dir/src/board_power.c.obj
[pirrha:ro] [384/393] Building C object zephyr/kernel/CMakeFiles/kernel.dir/sched.c.obj
[pirrha:ro] [385/393] Building C object zephyr/kernel/CMakeFiles/kernel.dir/pipe.c.obj
[lapis:ro] [257/392] Building C object CMakeFiles/app.dir/mnt/host/source/src/platform/ec/zephyr/subsys/ap_pwrseq/ap_power_interface.c.obj
[lapis:ro] [258/392] Building C object CMakeFiles/app.dir/mnt/host/source/src/platform/ec/zephyr/subsys/ap_pwrseq/power_signals.c.obj
[pirrha:ro] [386/393] Building C object zephyr/kernel/CMakeFiles/kernel.dir/thread_monitor.c.obj
[lapis:ro] [259/392] Building C object CMakeFiles/app.dir/mnt/host/source/src/platform/ec/zephyr/subsys/ap_pwrseq/signal_gpio.c.obj
[pirrha:ro] [387/393] Building C object zephyr/kernel/CMakeFiles/kernel.dir/timeout.c.obj
[telith:rw] [365/403] Building C object CMakeFiles/app.dir/telith/src/board_als.c.obj
[telith:rw] [366/403] Building C object CMakeFiles/app.dir/telith/src/board.c.obj
[pirrha:ro] [388/393] Building C object zephyr/kernel/CMakeFiles/kernel.dir/timer.c.obj
[nereid:ro] /mnt/host/source/src/platform/ec/build/zephyr/nereid/build-ro/zephyr/zephyr.dts:1228.27-1933.5: Warning (avoid_unnecessary_addr_size): /soc/pin-controller: unnecessary #address-cells/#size-cells without "ranges" or child "reg" property
[adlrvp_npcx:ro] [49/394] Building C object zephyr/CMakeFiles/zephyr.dir/subsys/shell/modules/kernel_service/sleep.c.obj
[lapis:ro] [260/392] Building C object CMakeFiles/app.dir/mnt/host/source/src/platform/ec/zephyr/subsys/ap_pwrseq/signal_vw.c.obj
[pirrha:ro] [389/393] Building C object zephyr/kernel/CMakeFiles/kernel.dir/events.c.obj
[adlrvp_npcx:ro] [50/394] Building C object zephyr/CMakeFiles/zephyr.dir/subsys/shell/modules/kernel_service/uptime.c.obj
[pirrha:ro] [390/393] Building C object zephyr/kernel/CMakeFiles/kernel.dir/poll.c.obj
[lapis:ro] [261/392] Building C object CMakeFiles/app.dir/mnt/host/source/src/platform/ec/zephyr/subsys/ap_pwrseq/ap_pwrseq_sm.c.obj
[pirrha:ro] [391/393] Building C object zephyr/kernel/CMakeFiles/kernel.dir/mempool.c.obj
[telith:rw] [367/403] Building C object CMakeFiles/app.dir/telith/src/prochot.c.obj
[lapis:ro] [262/392] Building C object CMakeFiles/app.dir/mnt/host/source/src/platform/ec/zephyr/subsys/ap_pwrseq/ap_pwrseq.c.obj
Running (initial) lcov on /mnt/host/source/src/platform/ec/build/zephyr/squirtle.
[pirrha:ro] [392/393] Building C object zephyr/kernel/CMakeFiles/kernel.dir/dynamic_disabled.c.obj
[lapis:ro] [263/392] Building C object CMakeFiles/app.dir/mnt/host/source/src/platform/ec/zephyr/subsys/ap_pwrseq/power_host_sleep.c.obj
[pirrha:ro] [393/393] Linking C static library zephyr/kernel/libkernel.a
[telith:rw] [368/403] Building C object CMakeFiles/app.dir/telith/src/usbc.c.obj
[telith:rw] [369/403] Building C object CMakeFiles/app.dir/telith/src/charger.c.obj
[adlrvp_npcx:ro] [51/394] Building C object zephyr/CMakeFiles/zephyr.dir/subsys/shell/modules/kernel_service/version.c.obj
[lapis:ro] [264/392] Building C object CMakeFiles/app.dir/mnt/host/source/src/platform/ec/zephyr/subsys/ap_pwrseq/x86_non_dsx_common_pwrseq_sm_handler.c.obj
Running `env -i PYTHONPATH=/usr/lib64/python-exec/python3.11:/mnt/host/source/src/platform/ec/zephyr/zmake:/usr/lib/python311.zip:/usr/lib/python3.11:/usr/lib/python3.11/lib-dynload:/usr/lib/python3.11/site-packages PW_PIGWEED_CIPD_INSTALL_DIR=/usr CROSTC_USER_ACKNOWLEDGES_THAT_RISCV_IS_EXPERIMENTAL=1 PATH=/mnt/host/source/chromite/bin:/usr/local/bin:/usr/bin:/bin:/opt/bin:/mnt/host/source/chromite/sdk/bin:/mnt/host/source/chromite/bin HOME=/home/jpmurphy JAVA_HOME=/etc/java-config-2/current-system-vm JDK_HOME=/etc/java-config-2/current-system-vm JAVAC=/etc/java-config-2/current-system-vm/bin/javac MAKEFLAGS=' -j16 --jobserver-auth=5,6' /usr/bin/lcov --gcov-tool /mnt/host/source/src/platform/ec/build/zephyr/squirtle/build-rw/gcov.sh -q -o - -c -d /mnt/host/source/src/platform/ec/build/zephyr/squirtle -t squirtle --rc branch_coverage=1 --filter range --ignore-errors inconsistent,source --ignore-errors gcov,gcov -i`
[adlrvp_npcx:ro] [52/394] Building C object zephyr/CMakeFiles/zephyr.dir/subsys/shell/modules/kernel_service/thread/thread.c.obj
[adlrvp_npcx:ro] [53/394] Building C object zephyr/CMakeFiles/zephyr.dir/subsys/shell/modules/kernel_service/thread/list.c.obj
[telith:rw] [370/403] Building C object zephyr/kernel/CMakeFiles/kernel.dir/main_weak.c.obj
[lapis:ro] [265/392] Building C object CMakeFiles/app.dir/mnt/host/source/src/platform/ec/zephyr/subsys/ap_pwrseq/x86_non_dsx_chipset_power_state.c.obj
[/mnt/host/source/src/platform/ec/build/zephyr/fatcatrvp-ite-lcov]   /mnt/host/source/src/platform/ec/build/zephyr/fatcatrvp-ite/build-rw/zephyr/drivers/syscon/CMakeFiles/drivers__syscon.dir/mnt/host/source/src/third_party/zephyr/main/misc/empty_file.c.gcno:no functions found
[/mnt/host/source/src/platform/ec/build/zephyr/fatcatrvp-ite-lcov] Filter suppressions 'region':
[lapis:ro] [266/392] Building C object CMakeFiles/app.dir/mnt/host/source/src/platform/ec/zephyr/subsys/ap_pwrseq/x86_non_dsx_common_pwrseq_host_sleep.c.obj
[lapis:ro] [267/392] Building C object CMakeFiles/app.dir/mnt/host/source/src/platform/ec/zephyr/subsys/ap_pwrseq/x86_non_dsx_common_pwrseq_console.c.obj
[telith:rw] [371/403] Building C object CMakeFiles/app.dir/telith/src/keyboard_customization.c.obj
[/mnt/host/source/src/platform/ec/build/zephyr/fatcatrvp-ite-lcov]     33 instances
[/mnt/host/source/src/platform/ec/build/zephyr/fatcatrvp-ite-lcov]     26 coverpoints
[/mnt/host/source/src/platform/ec/build/zephyr/fatcatrvp-ite-lcov] Message summary:
[/mnt/host/source/src/platform/ec/build/zephyr/fatcatrvp-ite-lcov]   1 warning message:
[/mnt/host/source/src/platform/ec/build/zephyr/fatcatrvp-ite-lcov]     format: 1
[/mnt/host/source/src/platform/ec/build/zephyr/fatcatrvp-ite-lcov]   26 ignore messages:
[/mnt/host/source/src/platform/ec/build/zephyr/fatcatrvp-ite-lcov]     gcov: 26
[lapis:ro] [268/392] Building C object CMakeFiles/app.dir/mnt/host/source/src/platform/ec/zephyr/subsys/ap_pwrseq/x86_non_dsx_common_pwrseq_host_command.c.obj
[telith:rw] [372/403] Building C object zephyr/kernel/CMakeFiles/kernel.dir/banner.c.obj
[telith:rw] [373/403] Linking C static library app/libapp.a
[telith:rw] [374/403] Building C object zephyr/kernel/CMakeFiles/kernel.dir/device.c.obj
[telith:rw] [375/403] Building C object zephyr/kernel/CMakeFiles/kernel.dir/busy_wait.c.obj
[adlrvp_npcx:ro] [54/394] Building C object zephyr/CMakeFiles/zephyr.dir/subsys/shell/modules/kernel_service/thread/stacks.c.obj
[lapis:ro] [269/392] Building C object CMakeFiles/app.dir/mnt/host/source/src/platform/ec/zephyr/subsys/ap_pwrseq/x86_non_dsx_mtl_pwrseq_sm.c.obj
[telith:rw] [376/403] Building C object zephyr/kernel/CMakeFiles/kernel.dir/errno.c.obj
[adlrvp_npcx:ro] [55/394] Building C object zephyr/CMakeFiles/zephyr.dir/subsys/shell/modules/kernel_service/thread/resume.c.obj
[adlrvp_npcx:ro] [56/394] Building C object zephyr/CMakeFiles/zephyr.dir/subsys/shell/modules/kernel_service/thread/suspend.c.obj
[lapis:ro] [270/392] Building C object CMakeFiles/app.dir/mnt/host/source/src/platform/ec/zephyr/subsys/ap_pwrseq/ap_reset_log.c.obj
[/mnt/host/source/src/platform/ec/build/zephyr/squirtle-lcov] geninfo: WARNING: using JSON module "JSON::PP" - which is much slower than some alternatives.  Consider installing one of JSON::XS or Cpanel::JSON::XS
[lapis:ro] [271/392] Building C object CMakeFiles/app.dir/mnt/host/source/src/platform/ec/zephyr/subsys/pd_controller/pdc_pmc_debug.c.obj
[lapis:ro] [272/392] Building C object CMakeFiles/app.dir/mnt/host/source/src/platform/ec/zephyr/subsys/pd_controller/retimer_fw_update.c.obj
[telith:rw] [377/403] Building C object zephyr/kernel/CMakeFiles/kernel.dir/fatal.c.obj
[telith:rw] [378/403] Building C object zephyr/kernel/CMakeFiles/kernel.dir/kheap.c.obj
[telith:rw] [379/403] Building C object zephyr/kernel/CMakeFiles/kernel.dir/version.c.obj
[telith:rw] [380/403] Building C object zephyr/kernel/CMakeFiles/kernel.dir/mem_slab.c.obj
[telith:rw] [381/403] Building C object zephyr/kernel/CMakeFiles/kernel.dir/init.c.obj
[lapis:ro] [273/392] Building C object CMakeFiles/app.dir/mnt/host/source/src/platform/ec/zephyr/subsys/pd_controller/pdc_console.c.obj
[telith:rw] [382/403] Building C object zephyr/kernel/CMakeFiles/kernel.dir/float.c.obj
[lapis:ro] [274/392] Building C object CMakeFiles/app.dir/mnt/host/source/src/platform/ec/zephyr/subsys/pd_controller/pdc_host_cmd.c.obj
[adlrvp_npcx:ro] [57/394] Building C object zephyr/CMakeFiles/zephyr.dir/subsys/shell/modules/kernel_service/thread/kill.c.obj
[lapis:ro] [275/392] Building C object CMakeFiles/app.dir/mnt/host/source/src/platform/ec/zephyr/subsys/pd_controller/pdc_stub.c.obj
[adlrvp_npcx:ro] [58/394] Building C object zephyr/CMakeFiles/zephyr.dir/subsys/shell/backends/shell_uart.c.obj
[adlrvp_npcx:ro] [59/394] Building C object zephyr/CMakeFiles/zephyr.dir/subsys/shell/shell.c.obj
[lapis:ro] [276/392] Building C object CMakeFiles/app.dir/mnt/host/source/src/platform/ec/zephyr/subsys/pd_controller/pdc_power_mgmt.c.obj
[telith:rw] [383/403] Building C object zephyr/kernel/CMakeFiles/kernel.dir/idle.c.obj
[lapis:ro] [277/392] Building C object CMakeFiles/app.dir/mnt/host/source/src/platform/ec/zephyr/subsys/pd_controller/pdc_dpm.c.obj
[lapis:ro] [278/392] Building C object CMakeFiles/app.dir/mnt/host/source/src/platform/ec/zephyr/subsys/ucsi/ppm_common.c.obj
[telith:rw] [384/403] Building C object zephyr/kernel/CMakeFiles/kernel.dir/mailbox.c.obj
[nereid:ro] warning: TASK_HOSTCMD_STACK_SIZE (defined at
[nereid:ro] /mnt/host/source/src/platform/ec/zephyr/Kconfig.stacks:52,
[nereid:ro] /mnt/host/source/src/platform/ec/zephyr/Kconfig.tasks:123) was assigned the value '1280' but got the
[nereid:ro] value '1152'. See http://docs.zephyrproject.org/latest/kconfig.html#CONFIG_TASK_HOSTCMD_STACK_SIZE
[nereid:ro] and/or look up TASK_HOSTCMD_STACK_SIZE in the menuconfig/guiconfig interface. The Application
[nereid:ro] Development Primer, Setting Configuration Values, and Kconfig - Tips and Best Practices sections of
[nereid:ro] the manual might be helpful too.
[telith:rw] [385/403] Building C object zephyr/kernel/CMakeFiles/kernel.dir/msg_q.c.obj
[telith:rw] [386/403] Building C object zephyr/kernel/CMakeFiles/kernel.dir/mutex.c.obj
[telith:rw] [387/403] Building C object zephyr/kernel/CMakeFiles/kernel.dir/queue.c.obj
[/mnt/host/source/src/platform/ec/build/zephyr/squirtle-lcov] stderr:
[adlrvp_npcx:ro] [60/394] Building C object zephyr/CMakeFiles/zephyr.dir/subsys/shell/shell_fprintf.c.obj
[lapis:ro] [279/392] Building C object CMakeFiles/app.dir/mnt/host/source/src/platform/ec/zephyr/subsys/ucsi/ppm_console.c.obj
[lapis:ro] [280/392] Building C object CMakeFiles/app.dir/mnt/host/source/src/platform/ec/zephyr/subsys/ucsi/ppm_driver.c.obj
[lapis:ro] [281/392] Building C object CMakeFiles/app.dir/mnt/host/source/src/platform/ec/build/zephyr/lapis/modules/ec/builtin/stdlib.c.obj
[lapis:ro] [282/392] Building C object CMakeFiles/app.dir/mnt/host/source/src/platform/ec/zephyr/subsys/ucsi/ucsi_host_cmd.c.obj
[adlrvp_npcx:ro] [61/394] Building C object zephyr/CMakeFiles/zephyr.dir/subsys/shell/shell_ops.c.obj
[telith:rw] [388/403] Building C object zephyr/kernel/CMakeFiles/kernel.dir/sem.c.obj
[nereid:ro] Parsing /mnt/host/source/src/platform/ec/zephyr/program/nissa/Kconfig
[adlrvp_npcx:ro] [62/394] Building C object zephyr/CMakeFiles/zephyr.dir/subsys/shell/shell_utils.c.obj
[lapis:ro] [283/392] Building C object CMakeFiles/app.dir/mnt/host/source/src/platform/ec/build/zephyr/lapis/modules/ec/common/base32.c.obj
[/mnt/host/source/src/platform/ec/build/zephyr/squirtle-lcov]   /mnt/host/source/src/platform/ec/build/zephyr/squirtle/build-ro/modules/ec/zephyr/CMakeFiles/ec_shim.dir/shim/src/power.c.gcno:no functions found
[/mnt/host/source/src/platform/ec/build/zephyr/squirtle-lcov] stderr:
[telith:rw] [389/403] Building C object zephyr/kernel/CMakeFiles/kernel.dir/stack.c.obj
[telith:rw] [390/403] Building C object zephyr/kernel/CMakeFiles/kernel.dir/system_work_q.c.obj
[lapis:ro] [284/392] Building C object CMakeFiles/app.dir/mnt/host/source/src/platform/ec/build/zephyr/lapis/modules/ec/common/console_output.c.obj
[telith:rw] [391/403] Building C object zephyr/kernel/CMakeFiles/kernel.dir/work.c.obj
[telith:rw] [392/403] Building C object zephyr/kernel/CMakeFiles/kernel.dir/condvar.c.obj
[/mnt/host/source/src/platform/ec/build/zephyr/squirtle-lcov]   /mnt/host/source/src/platform/ec/build/zephyr/squirtle/build-ro/modules/ec/zephyr/CMakeFiles/ec_shim.dir/shim/src/battery.c.gcno:no functions found
[/mnt/host/source/src/platform/ec/build/zephyr/squirtle-lcov] stderr:
[/mnt/host/source/src/platform/ec/build/zephyr/squirtle-lcov]   /mnt/host/source/src/platform/ec/build/zephyr/squirtle/build-ro/modules/ec/zephyr/CMakeFiles/ec_shim.dir/shim/src/charger.c.gcno:no functions found
[/mnt/host/source/src/platform/ec/build/zephyr/squirtle-lcov] stderr:
[adlrvp_npcx:ro] [63/394] Building C object zephyr/CMakeFiles/zephyr.dir/subsys/shell/shell_help.c.obj
[lapis:ro] [285/392] Building C object CMakeFiles/app.dir/mnt/host/source/src/platform/ec/build/zephyr/lapis/modules/ec/common/ec_features.c.obj
[lapis:ro] [286/392] Building C object CMakeFiles/app.dir/mnt/host/source/src/platform/ec/build/zephyr/lapis/modules/ec/common/gpio_commands.c.obj
[lapis:ro] [287/392] Building C object CMakeFiles/app.dir/mnt/host/source/src/platform/ec/build/zephyr/lapis/modules/ec/common/printf.c.obj
[telith:rw] [393/403] Building C object zephyr/kernel/CMakeFiles/kernel.dir/thread.c.obj
[lapis:ro] [288/392] Building C object CMakeFiles/app.dir/mnt/host/source/src/platform/ec/build/zephyr/lapis/modules/ec/common/peripheral.c.obj
[lapis:ro] [289/392] Building C object CMakeFiles/app.dir/mnt/host/source/src/platform/ec/build/zephyr/lapis/modules/ec/common/queue.c.obj
[adlrvp_npcx:ro] [64/394] Building C object zephyr/CMakeFiles/zephyr.dir/subsys/shell/shell_history.c.obj
[adlrvp_npcx:ro] [65/394] Building C object zephyr/CMakeFiles/zephyr.dir/drivers/flash/flash_util.c.obj
[telith:rw] [394/403] Building C object zephyr/kernel/CMakeFiles/kernel.dir/sched.c.obj
[telith:rw] [395/403] Building C object zephyr/kernel/CMakeFiles/kernel.dir/thread_monitor.c.obj
[telith:rw] [396/403] Building C object zephyr/kernel/CMakeFiles/kernel.dir/pipe.c.obj
[adlrvp_npcx:ro] [66/394] Linking C static library zephyr/libzephyr.a
[nereid:ro] Loaded configuration '/mnt/host/source/src/platform/ec/zephyr/boards/google/it8xxx2/it8xxx2_it81302bx_defconfig'
[nereid:ro] Merged configuration '/mnt/host/source/src/platform/ec/zephyr/program/nissa/program.conf'
[nereid:ro] Merged configuration '/mnt/host/source/src/platform/ec/zephyr/program/nissa/it8xxx2_program.conf'
[nereid:ro] Merged configuration '/mnt/host/source/src/platform/ec/zephyr/program/nissa/nereid/project.conf'
[nereid:ro] Merged configuration '/mnt/host/source/src/platform/ec/build/zephyr/nereid/kconfig-ro.conf'
[nereid:ro] Configuration saved to '/mnt/host/source/src/platform/ec/build/zephyr/nereid/build-ro/zephyr/.config'
[nereid:ro] Kconfig header saved to '/mnt/host/source/src/platform/ec/build/zephyr/nereid/build-ro/zephyr/include/generated/zephyr/autoconf.h'
[nereid:ro] -- Found GnuLd: /home/jpmurphy/.cache/coreboot-sdk/riscv64-elf/96b949749225b6aaa92ed810ab769e8dfb12f000/riscv64-elf/bin/ld.bfd (found version "2.43.1")
[telith:rw] [397/403] Building C object zephyr/kernel/CMakeFiles/kernel.dir/timeout.c.obj
[lapis:ro] [290/392] Building C object CMakeFiles/app.dir/mnt/host/source/src/platform/ec/build/zephyr/lapis/modules/ec/common/system.c.obj
[adlrvp_npcx:ro] [67/394] Building C object zephyr/arch/common/CMakeFiles/arch__common.dir/sw_isr_common.c.obj
[lapis:ro] [291/392] Building C object CMakeFiles/app.dir/mnt/host/source/src/platform/ec/build/zephyr/lapis/modules/ec/common/uart_printf.c.obj
[lapis:ro] [292/392] Building C object CMakeFiles/app.dir/mnt/host/source/src/platform/ec/build/zephyr/lapis/modules/ec/common/system_boot_time.c.obj
[/mnt/host/source/src/platform/ec/build/zephyr/squirtle-lcov]   /mnt/host/source/src/platform/ec/build/zephyr/squirtle/build-ro/modules/ec/zephyr/CMakeFiles/ec_shim.dir/shim/src/usb_muxes.c.gcno:no functions found
[/mnt/host/source/src/platform/ec/build/zephyr/squirtle-lcov] stderr:
[nereid:ro] -- The C compiler identification is GNU 14.2.0
[adlrvp_npcx:ro] [68/394] Building C object zephyr/arch/common/CMakeFiles/arch__common.dir/init.c.obj
[telith:rw] [398/403] Building C object zephyr/kernel/CMakeFiles/kernel.dir/timer.c.obj
[lapis:ro] [293/392] Building C object CMakeFiles/app.dir/mnt/host/source/src/platform/ec/build/zephyr/lapis/modules/ec/common/util.c.obj
[lapis:ro] [294/392] Building C object CMakeFiles/app.dir/mnt/host/source/src/platform/ec/build/zephyr/lapis/modules/ec/common/version.c.obj
[telith:rw] [399/403] Building C object zephyr/kernel/CMakeFiles/kernel.dir/poll.c.obj
[lapis:ro] [295/392] Building C object CMakeFiles/app.dir/mnt/host/source/src/platform/ec/build/zephyr/lapis/modules/ec/common/power_button_x86.c.obj
[telith:rw] [400/403] Building C object zephyr/kernel/CMakeFiles/kernel.dir/mempool.c.obj
Running (initial) lcov on /mnt/host/source/src/platform/ec/build/zephyr/pirrha.
[nereid:ro] -- The CXX compiler identification is GNU 14.2.0
[telith:rw] [401/403] Building C object zephyr/kernel/CMakeFiles/kernel.dir/events.c.obj
[nereid:ro] -- The ASM compiler identification is GNU
[/mnt/host/source/src/platform/ec/build/zephyr/squirtle-lcov]   /mnt/host/source/src/platform/ec/build/zephyr/squirtle/build-ro/modules/ec/zephyr/CMakeFiles/ec_shim.dir/shim/src/usba.c.gcno:no functions found
[/mnt/host/source/src/platform/ec/build/zephyr/squirtle-lcov] stderr:
[adlrvp_npcx:ro] [69/394] Building C object zephyr/arch/common/CMakeFiles/arch__common.dir/xip.c.obj
[nereid:ro] warning: Deprecated symbol I2C_ALLOW_NO_STOP_TRANSACTIONS is enabled.
[nereid:ro] CMake Warning at /mnt/host/source/src/platform/ec/zephyr/cmake/linker/ld/linker_libraries.cmake:11 (message):
[nereid:ro]   Disabling c_library
[nereid:ro] Call Stack (most recent call first):
[nereid:ro]   /mnt/host/source/src/third_party/zephyr/main/cmake/target_toolchain_flags.cmake:48 (include)
[nereid:ro]   /mnt/host/source/src/third_party/zephyr/main/cmake/modules/kernel.cmake:153 (include)
[nereid:ro]   /mnt/host/source/src/third_party/zephyr/main/cmake/modules/zephyr_default.cmake:138 (include)
[nereid:ro]   /mnt/host/source/src/third_party/zephyr/main/share/zephyr-package/cmake/ZephyrConfig.cmake:66 (include)
[telith:rw] [402/403] Building C object zephyr/kernel/CMakeFiles/kernel.dir/dynamic_disabled.c.obj
[nereid:ro]   /mnt/host/source/src/third_party/zephyr/main/share/zephyr-package/cmake/ZephyrConfig.cmake:97 (include_boilerplate)
[/mnt/host/source/src/platform/ec/build/zephyr/squirtle-lcov]   /mnt/host/source/src/platform/ec/build/zephyr/squirtle/build-ro/modules/ec/zephyr/CMakeFiles/ec_shim.dir/shim/src/keyscan.c.gcno:no functions found
[/mnt/host/source/src/platform/ec/build/zephyr/squirtle-lcov] stderr:
[telith:rw] [403/403] Linking C static library zephyr/kernel/libkernel.a
[adlrvp_npcx:ro] [70/394] Building C object zephyr/arch/common/CMakeFiles/isr_tables.dir/isr_tables.c.obj
[adlrvp_npcx:ro] [71/394] Linking C static library zephyr/arch/common/libisr_tables.a
[adlrvp_npcx:ro] [72/394] Building ASM object zephyr/arch/arch/arm/core/CMakeFiles/arch__arm__core.dir/nmi_on_reset.S.obj
Running `env -i PYTHONPATH=/usr/lib64/python-exec/python3.11:/mnt/host/source/src/platform/ec/zephyr/zmake:/usr/lib/python311.zip:/usr/lib/python3.11:/usr/lib/python3.11/lib-dynload:/usr/lib/python3.11/site-packages PW_PIGWEED_CIPD_INSTALL_DIR=/usr CROSTC_USER_ACKNOWLEDGES_THAT_RISCV_IS_EXPERIMENTAL=1 PATH=/mnt/host/source/chromite/bin:/usr/local/bin:/usr/bin:/bin:/opt/bin:/mnt/host/source/chromite/sdk/bin:/mnt/host/source/chromite/bin HOME=/home/jpmurphy JAVA_HOME=/etc/java-config-2/current-system-vm JDK_HOME=/etc/java-config-2/current-system-vm JAVAC=/etc/java-config-2/current-system-vm/bin/javac MAKEFLAGS=' -j16 --jobserver-auth=5,6' /usr/bin/lcov --gcov-tool /mnt/host/source/src/platform/ec/build/zephyr/pirrha/build-rw/gcov.sh -q -o - -c -d /mnt/host/source/src/platform/ec/build/zephyr/pirrha -t pirrha --rc branch_coverage=1 --filter range --ignore-errors inconsistent,source --ignore-errors gcov,gcov -i`
[adlrvp_npcx:ro] [73/394] Linking C static library zephyr/arch/common/libarch__common.a
[lapis:ro] [296/392] Building C object CMakeFiles/app.dir/mnt/host/source/src/platform/ec/build/zephyr/lapis/modules/ec/common/battery_info.c.obj
[lapis:ro] [297/392] Building C object CMakeFiles/app.dir/mnt/host/source/src/platform/ec/build/zephyr/lapis/modules/ec/common/acpi.c.obj
[adlrvp_npcx:ro] [74/394] Building C object zephyr/arch/arch/arm/core/CMakeFiles/arch__arm__core.dir/fatal.c.obj
[lapis:ro] [298/392] Building C object CMakeFiles/app.dir/mnt/host/source/src/platform/ec/build/zephyr/lapis/modules/ec/common/battery_fuel_gauge.c.obj
[lapis:ro] [299/392] Building C object CMakeFiles/app.dir/mnt/host/source/src/platform/ec/build/zephyr/lapis/modules/ec/driver/battery/smart.c.obj
[lapis:ro] [300/392] Building C object CMakeFiles/app.dir/mnt/host/source/src/platform/ec/build/zephyr/lapis/modules/ec/common/battery.c.obj
[adlrvp_npcx:ro] [75/394] Building ASM object zephyr/arch/arch/arm/core/cortex_m/CMakeFiles/arch__arm__core__cortex_m.dir/fault_s.S.obj
[lapis:ro] [301/392] Building C object CMakeFiles/app.dir/mnt/host/source/src/platform/ec/build/zephyr/lapis/modules/ec/driver/charger/isl9241.c.obj
[nereid:ro] -- Found assembler: /home/jpmurphy/.cache/coreboot-sdk/riscv64-elf/96b949749225b6aaa92ed810ab769e8dfb12f000/bin/riscv64-elf-gcc
[nereid:ro] -- Performing EC specific devicetree checks
[adlrvp_npcx:ro] [76/394] Building C object zephyr/arch/arch/arm/core/CMakeFiles/arch__arm__core.dir/nmi.c.obj
[lapis:ro] [302/392] Building C object CMakeFiles/app.dir/mnt/host/source/src/platform/ec/build/zephyr/lapis/modules/ec/common/charger.c.obj
[adlrvp_npcx:ro] [77/394] Linking C static library zephyr/arch/arch/arm/core/libarch__arm__core.a
[lapis:ro] [303/392] Building C object CMakeFiles/app.dir/mnt/host/source/src/platform/ec/build/zephyr/lapis/modules/ec/common/charge_state.c.obj
[nereid:ro]   CMakeLists.txt:7 (find_package)
[nereid:ro] INFO: Verified 57 GPIOs, no duplicates found
[nereid:ro] INFO: Verified 16 '*-gpios' properties, all flags match.
[nereid:ro] INFO: Skipped 17 named-gpios children.
[adlrvp_npcx:ro] [78/394] Building C object zephyr/arch/arch/arm/core/cortex_m/CMakeFiles/arch__arm__core__cortex_m.dir/exc_exit.c.obj
[lapis:ro] [304/392] Building C object CMakeFiles/app.dir/mnt/host/source/src/platform/ec/build/zephyr/lapis/modules/ec/common/cbi_common.c.obj
[adlrvp_npcx:ro] [79/394] Building C object zephyr/arch/arch/arm/core/cortex_m/CMakeFiles/arch__arm__core__cortex_m.dir/fault.c.obj
[lapis:ro] [305/392] Building C object CMakeFiles/app.dir/mnt/host/source/src/platform/ec/build/zephyr/lapis/modules/ec/common/charge_manager.c.obj
[lapis:ro] [306/392] Building C object CMakeFiles/app.dir/mnt/host/source/src/platform/ec/build/zephyr/lapis/modules/ec/common/cbi_config.c.obj
[nereid:ro] -- Generating component manifest file
[lapis:ro] [307/392] Building C object CMakeFiles/app.dir/mnt/host/source/src/platform/ec/build/zephyr/lapis/modules/ec/common/cbi.c.obj
[lapis:ro] [308/392] Building C object CMakeFiles/app.dir/mnt/host/source/src/platform/ec/build/zephyr/lapis/modules/ec/common/memory_commands.c.obj
[/mnt/host/source/src/platform/ec/build/zephyr/pirrha-lcov] geninfo: WARNING: using JSON module "JSON::PP" - which is much slower than some alternatives.  Consider installing one of JSON::XS or Cpanel::JSON::XS
[lapis:ro] [309/392] Building C object CMakeFiles/app.dir/mnt/host/source/src/platform/ec/build/zephyr/lapis/modules/ec/common/dptf.c.obj
[adlrvp_npcx:ro] [80/394] Building C object zephyr/arch/arch/arm/core/cortex_m/CMakeFiles/arch__arm__core__cortex_m.dir/fpu.c.obj
[lapis:ro] [310/392] Building C object CMakeFiles/app.dir/mnt/host/source/src/platform/ec/build/zephyr/lapis/modules/ec/common/espi.c.obj
[nereid:ro] INFO: Running CME, outputting to /mnt/host/source/src/platform/ec/build/zephyr/nereid/build-ro/zephyr/component_manifest.json
[lapis:ro] [311/392] Building C object CMakeFiles/app.dir/mnt/host/source/src/platform/ec/build/zephyr/lapis/modules/ec/common/ap_reset_log.c.obj
[nereid:ro] -- warning_base_override: -Wall;-Wformat;-Wformat-security;-Wformat;-Wno-format-zero-length;-Wno-pointer-sign;-Wpointer-arith;-Wexpansion-to-defined
[adlrvp_npcx:ro] [81/394] Building ASM object zephyr/arch/arch/arm/core/cortex_m/CMakeFiles/arch__arm__core__cortex_m.dir/reset.S.obj
[lapis:ro] [312/392] Building C object CMakeFiles/app.dir/mnt/host/source/src/platform/ec/build/zephyr/lapis/modules/ec/common/extpower_common.c.obj
[adlrvp_npcx:ro] [82/394] Building ASM object zephyr/arch/arch/arm/core/cortex_m/CMakeFiles/arch__arm__core__cortex_m.dir/vector_table.S.obj
[nereid:ro] -- Found gen_kobject_list: /mnt/host/source/src/third_party/zephyr/main/scripts/build/gen_kobject_list.py
[adlrvp_npcx:ro] [83/394] Building C object zephyr/arch/arch/arm/core/cortex_m/CMakeFiles/arch__arm__core__cortex_m.dir/scb.c.obj
[lapis:ro] [313/392] Building C object CMakeFiles/app.dir/mnt/host/source/src/platform/ec/build/zephyr/lapis/modules/ec/common/extpower_gpio.c.obj
[adlrvp_npcx:ro] [84/394] Building C object zephyr/arch/arch/arm/core/cortex_m/CMakeFiles/arch__arm__core__cortex_m.dir/thread_abort.c.obj
[lapis:ro] [314/392] Building C object CMakeFiles/app.dir/mnt/host/source/src/platform/ec/build/zephyr/lapis/modules/ec/common/host_command.c.obj
[nereid:ro] -- Configuring done (15.3s)
[lapis:ro] [315/392] Building C object CMakeFiles/app.dir/mnt/host/source/src/platform/ec/build/zephyr/lapis/modules/ec/common/flash.c.obj
[lapis:ro] [316/392] Building C object CMakeFiles/app.dir/mnt/host/source/src/platform/ec/build/zephyr/lapis/modules/ec/common/fan.c.obj
[lapis:ro] [317/392] Building C object CMakeFiles/app.dir/mnt/host/source/src/platform/ec/build/zephyr/lapis/modules/ec/common/host_event_commands.c.obj
[lapis:ro] [318/392] Building C object CMakeFiles/app.dir/mnt/host/source/src/platform/ec/build/zephyr/lapis/modules/ec/common/uart_hostcmd.c.obj
[lapis:ro] [319/392] Building C object CMakeFiles/app.dir/mnt/host/source/src/platform/ec/build/zephyr/lapis/modules/ec/common/host_command_task.c.obj
[lapis:ro] [320/392] Building C object CMakeFiles/app.dir/mnt/host/source/src/platform/ec/build/zephyr/lapis/modules/ec/common/uptime.c.obj
[adlrvp_npcx:ro] [85/394] Building ASM object zephyr/arch/arch/arm/core/cortex_m/CMakeFiles/arch__arm__core__cortex_m.dir/swap_helper.S.obj
[adlrvp_npcx:ro] [86/394] Building C object zephyr/arch/arch/arm/core/cortex_m/CMakeFiles/arch__arm__core__cortex_m.dir/irq_manage.c.obj
[/mnt/host/source/src/platform/ec/build/zephyr/pirrha-lcov] stderr:
[adlrvp_npcx:ro] [87/394] Building C object zephyr/arch/arch/arm/core/cortex_m/CMakeFiles/arch__arm__core__cortex_m.dir/thread.c.obj
[lapis:ro] [321/392] Building C object CMakeFiles/app.dir/mnt/host/source/src/platform/ec/build/zephyr/lapis/modules/ec/common/i2c_controller.c.obj
[nereid:ro] -- Generating done (0.6s)
[nereid:ro] INFO: Project nereid does not support SSFC
[nereid:ro] INFO: Component usbpd@f03700(ite,it8xxx2-usbpd) not on I2C bus, skip it
[nereid:ro] INFO: Component virtual-mux-0(cros-ec,usbc-mux-virtual) not on I2C bus, skip it
[nereid:ro] INFO: Component virtual-mux-1(cros-ec,usbc-mux-virtual) not on I2C bus, skip it
[nereid:ro] INFO: Component tcpci-mux-1(parade,usbc-mux-ps8xxx) not on I2C bus, skip it
[nereid:ro] INFO: Component virtual-mux-1(cros-ec,usbc-mux-virtual) not on I2C bus, skip it
[nereid:ro] INFO: No motionsense-sensor-alt node found
[nereid:ro] CMake Warning:
[nereid:ro]   Manually-specified variables were not used by the project:
[nereid:ro]     COREBOOT_SDK_ROOT_arm
[nereid:ro]     COREBOOT_SDK_ROOT_libstdcxx_arm
[nereid:ro]     COREBOOT_SDK_ROOT_libstdcxx_x86
[nereid:ro]     COREBOOT_SDK_ROOT_nds32
[nereid:ro]     COREBOOT_SDK_ROOT_picolibc_arm
[nereid:ro]     COREBOOT_SDK_ROOT_picolibc_x86
[nereid:ro]     COREBOOT_SDK_ROOT_riscv
[nereid:ro]     COREBOOT_SDK_ROOT_x86
[nereid:ro] -- Build files have been written to: /mnt/host/source/src/platform/ec/build/zephyr/nereid/build-ro
[adlrvp_npcx:ro] [88/394] Building C object zephyr/arch/arch/arm/core/cortex_m/CMakeFiles/arch__arm__core__cortex_m.dir/prep_c.c.obj
[/mnt/host/source/src/platform/ec/build/zephyr/pirrha-lcov]   /mnt/host/source/src/platform/ec/build/zephyr/pirrha/build-ro/modules/ec/zephyr/CMakeFiles/ec_shim.dir/shim/src/thermal.c.gcno:no functions found
[/mnt/host/source/src/platform/ec/build/zephyr/pirrha-lcov] stderr:
[lapis:ro] [322/392] Building C object CMakeFiles/app.dir/mnt/host/source/src/platform/ec/build/zephyr/lapis/modules/ec/common/keyboard_8042_sharedlib.c.obj
[lapis:ro] [323/392] Building C object CMakeFiles/app.dir/mnt/host/source/src/platform/ec/build/zephyr/lapis/modules/ec/common/i2c_passthru.c.obj
[lapis:ro] [324/392] Building C object CMakeFiles/app.dir/mnt/host/source/src/platform/ec/build/zephyr/lapis/modules/ec/common/mkbp_fifo.c.obj
[lapis:ro] [325/392] Building C object CMakeFiles/app.dir/mnt/host/source/src/platform/ec/build/zephyr/lapis/modules/ec/common/keyboard_8042_fn.c.obj
[fatcatrvp-npcx:ro] Building: /usr/bin/ninja -C /mnt/host/source/src/platform/ec/build/zephyr/fatcatrvp-npcx/build-ro all.libraries
Running `env -i SHELL=/bin/bash COLORTERM=truecolor DEPOT_TOOLS_UPDATE=0 LESS='-R -M --shift 5' SUDO_GID=0 JDK_HOME=/etc/java-config-2/current-system-vm CONFIG_PROTECT_MASK='/etc/gentoo-release /etc/sandbox.d /etc/fonts/fonts.conf /etc/terminfo /etc/ca-certificates.conf /etc/revdep-rebuild' CHROMEOS_CACHEDIR=/var/cache/chromeos-cache JAVA_HOME=/etc/java-config-2/current-system-vm SSH_AUTH_SOCK=/tmp/ssh-auth-sock SUDO_COMMAND=/bin/bash SUDO_USER=root SUDO_TTY=/dev/pts/2 EDITOR=/usr/bin/vi PWD=/mnt/host/source/src/platform/ec CONFIG_PROTECT=/usr/share/gnupg/qualified.txt LOGNAME=jpmurphy MANPATH=/etc/java-config-2/current-system-vm/man:/usr/local/share/man:/usr/share/man:/usr/share/gcc-data/x86_64-pc-linux-gnu/10.2.0/man:/usr/share/binutils-data/x86_64-pc-linux-gnu/2.45/man:/etc/java-config-2/current-system-vm/man/ SUDO_HOME=/root XAUTHORITY=/run/user/944457/gdm/Xauthority HOME=/home/jpmurphy LANG=C.UTF-8 LS_COLORS='rs=0:di=01;34:ln=01;36:mh=00:pi=40;33:so=01;35:do=01;35:bd=40;33;01:cd=40;33;01:or=01;05;37;41:mi=01;05;37;41:su=37;41:sg=30;43:ca=30;41:tw=30;42:ow=34;42:st=37;44:ex=01;32:*.tar=01;31:*.tgz=01;31:*.arc=01;31:*.arj=01;31:*.taz=01;31:*.lha=01;31:*.lz4=01;31:*.lzh=01;31:*.lzma=01;31:*.tlz=01;31:*.txz=01;31:*.tzo=01;31:*.t7z=01;31:*.zip=01;31:*.z=01;31:*.dz=01;31:*.gz=01;31:*.lrz=01;31:*.lz=01;31:*.lzo=01;31:*.xz=01;31:*.zst=01;31:*.tzst=01;31:*.bz2=01;31:*.bz=01;31:*.tbz=01;31:*.tbz2=01;31:*.tz=01;31:*.deb=01;31:*.rpm=01;31:*.jar=01;31:*.war=01;31:*.ear=01;31:*.sar=01;31:*.rar=01;31:*.alz=01;31:*.ace=01;31:*.zoo=01;31:*.cpio=01;31:*.7z=01;31:*.rz=01;31:*.cab=01;31:*.wim=01;31:*.swm=01;31:*.dwm=01;31:*.esd=01;31:*.jpg=01;35:*.jpeg=01;35:*.mjpg=01;35:*.mjpeg=01;35:*.gif=01;35:*.bmp=01;35:*.pbm=01;35:*.pgm=01;35:*.ppm=01;35:*.tga=01;35:*.xbm=01;35:*.xpm=01;35:*.tif=01;35:*.tiff=01;35:*.png=01;35:*.svg=01;35:*.svgz=01;35:*.mng=01;35:*.pcx=01;35:*.mov=01;35:*.mpg=01;35:*.mpeg=01;35:*.m2v=01;35:*.mkv=01;35:*.webm=01;35:*.webp=01;35:*.ogm=01;35:*.mp4=01;35:*.m4v=01;35:*.mp4v=01;35:*.vob=01;35:*.qt=01;35:*.nuv=01;35:*.wmv=01;35:*.asf=01;35:*.rm=01;35:*.rmvb=01;35:*.flc=01;35:*.avi=01;35:*.fli=01;35:*.flv=01;35:*.gl=01;35:*.dl=01;35:*.xcf=01;35:*.xwd=01;35:*.yuv=01;35:*.cgm=01;35:*.emf=01;35:*.ogv=01;35:*.ogx=01;35:*.cfg=00;32:*.conf=00;32:*.diff=00;32:*.doc=00;32:*.ini=00;32:*.log=00;32:*.patch=00;32:*.pdf=00;32:*.ps=00;32:*.tex=00;32:*.txt=00;32:*.aac=00;36:*.au=00;36:*.flac=00;36:*.m4a=00;36:*.mid=00;36:*.midi=00;36:*.mka=00;36:*.mp3=00;36:*.mpc=00;36:*.ogg=00;36:*.ra=00;36:*.wav=00;36:*.oga=00;36:*.opus=00;36:*.spx=00;36:*.xspf=00;36:' XDG_CURRENT_DESKTOP=GNOME INFOPATH=/usr/share/info:/usr/share/gcc-data/x86_64-pc-linux-gnu/10.2.0/info:/usr/share/binutils-data/x86_64-pc-linux-gnu/2.45/info:/usr/share/automake-1.16.5/info JAVAC=/etc/java-config-2/current-system-vm/bin/javac TERM=xterm-256color LESSOPEN='|lesspipe %s' USER=jpmurphy CROS_WORKON_SRCROOT=/mnt/host/source MANPAGER=manpager DISPLAY=:1 SHLVL=1 LC_MESSAGES=C EXTERNAL_TRUNK_PATH=/mnt/8f9d649a-3721-44cc-93c0-e6bd21a9689f/chromiumos GCC_SPECS='' PATH=/mnt/host/source/chromite/bin:/usr/local/bin:/usr/bin:/bin:/opt/bin:/mnt/host/source/chromite/sdk/bin:/mnt/host/source/chromite/bin PORTAGE_USERNAME=jpmurphy SUDO_UID=0 GCC_VER=10.2.0 MAIL=/var/mail/jpmurphy OLDPWD=/mnt/host/source/src/scripts traceparent=00-e87aca51550a78635907baa6a2476181-6d684811675d2973-01 _=./zephyr/firmware_builder.py COREBOOT_SDK_ROOT_x86=/home/jpmurphy/.cache/coreboot-sdk/i386-elf/dfbb0486385d938cfa9d73080b9d18d598ed4f49 COREBOOT_SDK_ROOT_picolibc_x86=/home/jpmurphy/.cache/coreboot-sdk/picolibc-i386-elf/eb8e8e687b95461de8cbf278f1c2076952d0ad17 COREBOOT_SDK_ROOT_riscv64=/home/jpmurphy/.cache/coreboot-sdk/riscv64-elf/96b949749225b6aaa92ed810ab769e8dfb12f000 COREBOOT_SDK_ROOT_picolibc_arm=/home/jpmurphy/.cache/coreboot-sdk/picolibc-arm-eabi/422a2aa3e1ef891b5bece9a3deb696ff83840d2e COREBOOT_SDK_ROOT_nds32=/home/jpmurphy/.cache/coreboot-sdk/nds32le-elf/d1a518c4a097666d86058e1444f85ca015d15511 COREBOOT_SDK_ROOT_picolibc_riscv64=/home/jpmurphy/.cache/coreboot-sdk/picolibc-riscv64-elf/f571e990ef0278564b31124f8bb109d9a697eb69 COREBOOT_SDK_ROOT_arm=/home/jpmurphy/.cache/coreboot-sdk/arm-eabi/ea40ddd1d190c3b48435c474c0b545719371813a COREBOOT_SDK_ROOT_libstdcxx_riscv64=/home/jpmurphy/.cache/coreboot-sdk/libstdcxx-riscv64-elf/17abf22a3a252e2d5d2062ced5324f7a623689e0 COREBOOT_SDK_ROOT_libstdcxx_arm=/home/jpmurphy/.cache/coreboot-sdk/libstdcxx-arm-eabi/5d7d82e150e44aa1968f1d366e267e6687b328ac COREBOOT_SDK_ROOT_riscv=/home/jpmurphy/.cache/coreboot-sdk/riscv-elf/9a27b9e82341c6e9126624f516ab3f261abb3e73 COREBOOT_SDK_ROOT_libstdcxx_x86=/home/jpmurphy/.cache/coreboot-sdk/libstdcxx-i386-elf/42ef9d2e87a76a37963175d7d428734e65648b87 PYTHONPATH=/mnt/host/source/src/platform/ec/zephyr/zmake PW_PIGWEED_CIPD_INSTALL_DIR=/usr CROSTC_USER_ACKNOWLEDGES_THAT_RISCV_IS_EXPERIMENTAL=1 MAKEFLAGS=' -j16 --jobserver-auth=5,6' /usr/bin/ninja -C /mnt/host/source/src/platform/ec/build/zephyr/fatcatrvp-npcx/build-ro all.libraries`
[lapis:ro] [326/392] Building C object CMakeFiles/app.dir/mnt/host/source/src/platform/ec/build/zephyr/lapis/modules/ec/common/mkbp_info.c.obj
[fatcatrvp-npcx:ro] ninja: Entering directory `/mnt/host/source/src/platform/ec/build/zephyr/fatcatrvp-npcx/build-ro'
[lapis:ro] [327/392] Building C object CMakeFiles/app.dir/mnt/host/source/src/platform/ec/build/zephyr/lapis/modules/ec/common/keyboard_8042.c.obj
[lapis:ro] [328/392] Building C object CMakeFiles/app.dir/mnt/host/source/src/platform/ec/build/zephyr/lapis/modules/ec/common/mkbp_input_devices.c.obj
[/mnt/host/source/src/platform/ec/build/zephyr/pirrha-lcov]   /mnt/host/source/src/platform/ec/build/zephyr/pirrha/build-ro/modules/ec/zephyr/CMakeFiles/ec_shim.dir/shim/src/battery.c.gcno:no functions found
[/mnt/host/source/src/platform/ec/build/zephyr/pirrha-lcov] stderr:
[lapis:ro] [329/392] Building C object CMakeFiles/app.dir/mnt/host/source/src/platform/ec/build/zephyr/lapis/modules/ec/common/keyboard_backlight.c.obj
[adlrvp_npcx:ro] [89/394] Building C object zephyr/arch/arch/arm/core/cortex_m/CMakeFiles/arch__arm__core__cortex_m.dir/cpu_idle.c.obj
[/mnt/host/source/src/platform/ec/build/zephyr/pirrha-lcov]   /mnt/host/source/src/platform/ec/build/zephyr/pirrha/build-ro/modules/ec/zephyr/CMakeFiles/ec_shim.dir/shim/src/charger.c.gcno:no functions found
[/mnt/host/source/src/platform/ec/build/zephyr/pirrha-lcov] stderr:
[adlrvp_npcx:ro] [90/394] Building C object zephyr/arch/arch/arm/core/cortex_m/CMakeFiles/arch__arm__core__cortex_m.dir/irq_init.c.obj
[adlrvp_npcx:ro] [91/394] Building C object zephyr/arch/arch/arm/core/cortex_m/CMakeFiles/arch__arm__core__cortex_m.dir/isr_wrapper.c.obj
[lapis:ro] [330/392] Building C object CMakeFiles/app.dir/mnt/host/source/src/platform/ec/build/zephyr/lapis/modules/ec/common/led_common.c.obj
[adlrvp_npcx:ro] [92/394] Building C object zephyr/arch/arch/arm/core/mpu/CMakeFiles/arch__arm__core__mpu.dir/arm_core_mpu.c.obj
[/mnt/host/source/src/platform/ec/build/zephyr/squirtle-lcov]   /mnt/host/source/src/platform/ec/build/zephyr/squirtle/build-ro/modules/ec/zephyr/CMakeFiles/ec_shim.dir/shim/src/motionsense_sensors.c.gcno:no functions found
[/mnt/host/source/src/platform/ec/build/zephyr/squirtle-lcov] stderr:
[adlrvp_npcx:ro] [93/394] Linking C static library zephyr/arch/arch/arm/core/cortex_m/libarch__arm__core__cortex_m.a
[adlrvp_npcx:ro] [94/394] Generating ../../../include/generated/libc/minimal/strerror_table.h
[lapis:ro] [331/392] Building C object CMakeFiles/app.dir/mnt/host/source/src/platform/ec/build/zephyr/lapis/modules/ec/common/lid_switch.c.obj
[fatcatrvp-npcx:ro] [1/386] Generating include/generated/zephyr/version.h
[fatcatrvp-npcx:ro] -- git describe warned: warning: tag 'upstream/v2.7.99' is externally known as 'v2.7.99'
[lapis:ro] [332/392] Building C object CMakeFiles/app.dir/mnt/host/source/src/platform/ec/build/zephyr/lapis/modules/ec/common/power_button.c.obj
[lapis:ro] [333/392] Building C object CMakeFiles/app.dir/mnt/host/source/src/platform/ec/build/zephyr/lapis/modules/ec/common/port80.c.obj
[fatcatrvp-npcx:ro] -- Zephyr version: 4.3.99 (/mnt/host/source/src/third_party/zephyr/main)
[fatcatrvp-npcx:ro] [2/386] Preparing syscall dependency handling
[adlrvp_npcx:ro] [95/394] Building C object zephyr/lib/libc/minimal/CMakeFiles/lib__libc__minimal.dir/source/stdlib/atoi.c.obj
[lapis:ro] [334/392] Building C object CMakeFiles/app.dir/mnt/host/source/src/platform/ec/build/zephyr/lapis/modules/ec/common/panic_output.c.obj
[lapis:ro] [335/392] Building C object CMakeFiles/app.dir/mnt/host/source/src/platform/ec/build/zephyr/lapis/modules/ec/common/mkbp_event.c.obj
[fatcatrvp-npcx:ro] [3/386] Generating misc/generated/syscalls_subdirs.trigger
[lapis:ro] [336/392] Building C object CMakeFiles/app.dir/mnt/host/source/src/platform/ec/build/zephyr/lapis/modules/ec/power/hibernate.c.obj
[adlrvp_npcx:ro] [96/394] Building C object zephyr/lib/libc/minimal/CMakeFiles/lib__libc__minimal.dir/source/stdlib/strtol.c.obj
[lapis:ro] [337/392] Building C object CMakeFiles/app.dir/mnt/host/source/src/platform/ec/build/zephyr/lapis/modules/ec/common/shared_mem.c.obj
[lapis:ro] [338/392] Building C object CMakeFiles/app.dir/mnt/host/source/src/platform/ec/build/zephyr/lapis/modules/ec/common/switch.c.obj
[adlrvp_npcx:ro] [97/394] Building C object zephyr/arch/arch/arm/core/mpu/CMakeFiles/arch__arm__core__mpu.dir/arm_mpu_regions.c.obj
[adlrvp_npcx:ro] [98/394] Building C object zephyr/arch/arch/arm/core/mpu/CMakeFiles/arch__arm__core__mpu.dir/arm_mpu.c.obj
[adlrvp_npcx:ro] [99/394] Building C object zephyr/lib/libc/minimal/CMakeFiles/lib__libc__minimal.dir/source/stdlib/strtoul.c.obj
[/mnt/host/source/src/platform/ec/build/zephyr/pirrha-lcov]   /mnt/host/source/src/platform/ec/build/zephyr/pirrha/build-ro/modules/ec/zephyr/CMakeFiles/ec_shim.dir/shim/src/usb_muxes.c.gcno:no functions found
[/mnt/host/source/src/platform/ec/build/zephyr/pirrha-lcov] stderr:
[adlrvp_npcx:ro] [100/394] Linking C static library zephyr/arch/arch/arm/core/mpu/libarch__arm__core__mpu.a
[lapis:ro] [339/392] Building C object CMakeFiles/app.dir/mnt/host/source/src/platform/ec/build/zephyr/lapis/modules/ec/common/spi_flash_reg.c.obj
[adlrvp_npcx:ro] [101/394] Building C object zephyr/lib/libc/minimal/CMakeFiles/lib__libc__minimal.dir/source/stdlib/strtoll.c.obj
[adlrvp_npcx:ro] [102/394] Building C object zephyr/lib/libc/common/CMakeFiles/lib__libc__common.dir/source/stdlib/abort.c.obj
[adlrvp_npcx:ro] [103/394] Building C object zephyr/lib/libc/minimal/CMakeFiles/lib__libc__minimal.dir/source/stdlib/strtoull.c.obj
[adlrvp_npcx:ro] [104/394] Building C object zephyr/lib/libc/minimal/CMakeFiles/lib__libc__minimal.dir/source/stdlib/bsearch.c.obj
[lapis:ro] [340/392] Building C object CMakeFiles/app.dir/mnt/host/source/src/platform/ec/build/zephyr/lapis/modules/ec/common/temp_sensor.c.obj
[lapis:ro] [341/392] Building C object CMakeFiles/app.dir/mnt/host/source/src/platform/ec/build/zephyr/lapis/modules/ec/common/thermal.c.obj
[lapis:ro] [342/392] Building C object CMakeFiles/app.dir/mnt/host/source/src/platform/ec/build/zephyr/lapis/modules/ec/driver/temp_sensor/thermistor.c.obj
[adlrvp_npcx:ro] [105/394] Building C object zephyr/lib/libc/minimal/CMakeFiles/lib__libc__minimal.dir/source/string/strncasecmp.c.obj
[adlrvp_npcx:ro] [106/394] Building C object zephyr/lib/libc/minimal/CMakeFiles/lib__libc__minimal.dir/source/string/strerror.c.obj
[adlrvp_npcx:ro] [107/394] Building C object zephyr/lib/libc/minimal/CMakeFiles/lib__libc__minimal.dir/source/stdlib/qsort.c.obj
[lapis:ro] [343/392] Building C object CMakeFiles/app.dir/mnt/host/source/src/platform/ec/build/zephyr/lapis/modules/ec/common/timer.c.obj
[lapis:ro] [344/392] Building C object CMakeFiles/app.dir/mnt/host/source/src/platform/ec/build/zephyr/lapis/modules/ec/driver/temp_sensor/apl6012.c.obj
[lapis:ro] [345/392] Building C object CMakeFiles/app.dir/mnt/host/source/src/platform/ec/build/zephyr/lapis/modules/ec/common/usb_port_power_dumb.c.obj
[fatcatrvp-npcx:ro] [4/386] Generating misc/generated/syscalls.json, misc/generated/struct_tags.json
[adlrvp_npcx:ro] [108/394] Building C object zephyr/lib/libc/minimal/CMakeFiles/lib__libc__minimal.dir/source/string/strstr.c.obj
[adlrvp_npcx:ro] [109/394] Building C object zephyr/lib/libc/minimal/CMakeFiles/lib__libc__minimal.dir/source/string/strspn.c.obj
[adlrvp_npcx:ro] [110/394] Building C object zephyr/lib/libc/minimal/CMakeFiles/lib__libc__minimal.dir/source/string/string.c.obj
[lapis:ro] [346/392] Building C object CMakeFiles/app.dir/mnt/host/source/src/platform/ec/build/zephyr/lapis/modules/ec/common/usbc_utils.c.obj
[fatcatrvp-npcx:ro] [5/386] Generating include/generated/zephyr/syscall_dispatch.c, include/generated/zephyr/syscall_exports_llext.c, syscall_weakdefs_llext.c, include/generated/zephyr/syscall_list.h
[lapis:ro] [347/392] Building C object CMakeFiles/app.dir/mnt/host/source/src/platform/ec/build/zephyr/lapis/modules/ec/common/usb_common.c.obj
[adlrvp_npcx:ro] [111/394] Building C object zephyr/lib/libc/minimal/CMakeFiles/lib__libc__minimal.dir/source/stdlib/exit.c.obj
[fatcatrvp-npcx:ro] [6/386] Generating include/generated/zephyr/driver-validation.h
[lapis:ro] [348/392] Building C object CMakeFiles/app.dir/mnt/host/source/src/platform/ec/build/zephyr/lapis/modules/ec/common/usb_pd_host_cmd_common.c.obj
[/mnt/host/source/src/platform/ec/build/zephyr/pirrha-lcov]   /mnt/host/source/src/platform/ec/build/zephyr/pirrha/build-ro/modules/ec/zephyr/CMakeFiles/ec_shim.dir/shim/src/usba.c.gcno:no functions found
[/mnt/host/source/src/platform/ec/build/zephyr/pirrha-lcov] stderr:
[lapis:ro] [349/392] Building C object CMakeFiles/app.dir/mnt/host/source/src/platform/ec/build/zephyr/lapis/modules/ec/common/button.c.obj
[lapis:ro] [350/392] Building C object CMakeFiles/app.dir/mnt/host/source/src/platform/ec/build/zephyr/lapis/modules/ec/common/vboot_hash.c.obj
[fatcatrvp-npcx:ro] [7/386] Generating include/generated/zephyr/kobj-types-enum.h, include/generated/zephyr/otype-to-str.h, include/generated/zephyr/otype-to-size.h
[lapis:ro] [351/392] Building C object CMakeFiles/app.dir/lapis/src/battery.c.obj
[lapis:ro] [352/392] Building C object CMakeFiles/app.dir/mnt/host/source/src/platform/ec/build/zephyr/lapis/modules/ec/common/math_util.c.obj
[lapis:ro] [353/392] Building C object CMakeFiles/app.dir/mnt/host/source/src/platform/ec/build/zephyr/lapis/modules/ec/common/vboot/efs2.c.obj
[adlrvp_npcx:ro] [112/394] Building C object zephyr/lib/libc/minimal/CMakeFiles/lib__libc__minimal.dir/source/math/sqrtf.c.obj
[fatcatrvp-npcx:ro] [8/386] Generating include/generated/device-api-sections.ld, include/generated/device-api-sections.cmake
[lapis:ro] [354/392] Building C object CMakeFiles/app.dir/mnt/host/source/src/platform/ec/build/zephyr/lapis/modules/ec/common/vstore.c.obj
[lapis:ro] [355/392] Linking C static library modules/ec/zephyr/libec_shim.a
[adlrvp_npcx:ro] [113/394] Building C object zephyr/lib/libc/minimal/CMakeFiles/lib__libc__minimal.dir/source/stdout/stdout_console.c.obj
[adlrvp_npcx:ro] [114/394] Building C object zephyr/lib/libc/minimal/CMakeFiles/lib__libc__minimal.dir/source/stdout/fprintf.c.obj
[adlrvp_npcx:ro] [115/394] Building C object zephyr/lib/libc/minimal/CMakeFiles/lib__libc__minimal.dir/source/stdout/sprintf.c.obj
[lapis:ro] [356/392] Building C object CMakeFiles/app.dir/lapis/src/charger.c.obj
[adlrvp_npcx:ro] [116/394] Building C object zephyr/lib/libc/minimal/CMakeFiles/lib__libc__minimal.dir/source/math/sqrt.c.obj
[adlrvp_npcx:ro] [117/394] Building C object zephyr/lib/libc/common/CMakeFiles/lib__libc__common.dir/source/time/asctime.c.obj
[adlrvp_npcx:ro] [118/394] Building C object zephyr/lib/libc/common/CMakeFiles/lib__libc__common.dir/source/time/gmtime_r.c.obj
[lapis:ro] [357/392] Building C object CMakeFiles/app.dir/lapis/src/fan.c.obj
[lapis:ro] [358/392] Building C object CMakeFiles/app.dir/lapis/src/board_power.c.obj
[lapis:ro] [359/392] Building C object CMakeFiles/app.dir/lapis/src/keyboard_customization.c.obj
[lapis:ro] [360/392] Building C object zephyr/kernel/CMakeFiles/kernel.dir/device.c.obj
[adlrvp_npcx:ro] [119/394] Building C object zephyr/lib/libc/common/CMakeFiles/lib__libc__common.dir/source/time/localtime_r_utc.c.obj
[lapis:ro] [361/392] Building C object zephyr/kernel/CMakeFiles/kernel.dir/banner.c.obj
[lapis:ro] [362/392] Building C object zephyr/kernel/CMakeFiles/kernel.dir/errno.c.obj
[lapis:ro] [363/392] Building C object zephyr/kernel/CMakeFiles/kernel.dir/busy_wait.c.obj
[adlrvp_npcx:ro] [120/394] Building C object zephyr/lib/libc/common/CMakeFiles/lib__libc__common.dir/source/time/time.c.obj
[lapis:ro] [364/392] Linking C static library app/libapp.a
[adlrvp_npcx:ro] [121/394] Building C object zephyr/lib/libc/common/CMakeFiles/lib__libc__common.dir/source/time/ctime.c.obj
[lapis:ro] [365/392] Building C object zephyr/kernel/CMakeFiles/kernel.dir/version.c.obj
[lapis:ro] [366/392] Building C object zephyr/kernel/CMakeFiles/kernel.dir/fatal.c.obj
[adlrvp_npcx:ro] [122/394] Building C object zephyr/lib/libc/common/CMakeFiles/lib__libc__common.dir/source/string/strnlen.c.obj
[adlrvp_npcx:ro] [123/394] Building C object zephyr/lib/posix/c_lib_ext/CMakeFiles/lib__posix__c_lib_ext.dir/fnmatch.c.obj
[adlrvp_npcx:ro] [124/394] Building C object zephyr/lib/libc/minimal/CMakeFiles/lib__libc__minimal.dir/source/time/gmtime.c.obj
[lapis:ro] [367/392] Building C object zephyr/kernel/CMakeFiles/kernel.dir/kheap.c.obj
[fatcatrvp-npcx:ro] [9/386] Building C object zephyr/CMakeFiles/offsets.dir/arch/arm/core/offsets/offsets.c.obj
[adlrvp_npcx:ro] [125/394] Linking C static library zephyr/lib/libc/minimal/liblib__libc__minimal.a
[fatcatrvp-npcx:ro] [10/386] Generating include/generated/zephyr/offsets.h
[lapis:ro] [368/392] Building C object zephyr/kernel/CMakeFiles/kernel.dir/mem_slab.c.obj
[lapis:ro] [369/392] Building C object zephyr/kernel/CMakeFiles/kernel.dir/init.c.obj
[adlrvp_npcx:ro] [126/394] Building C object zephyr/subsys/crc/CMakeFiles/subsys__crc.dir/crc4_sw.c.obj
[lapis:ro] [370/392] Building C object zephyr/kernel/CMakeFiles/kernel.dir/float.c.obj
[lapis:ro] [371/392] Building C object zephyr/kernel/CMakeFiles/kernel.dir/idle.c.obj
[adlrvp_npcx:ro] [127/394] Building C object zephyr/lib/libc/common/CMakeFiles/lib__libc__common.dir/source/stdlib/malloc.c.obj
[lapis:ro] [372/392] Building C object zephyr/kernel/CMakeFiles/kernel.dir/mailbox.c.obj
[adlrvp_npcx:ro] [128/394] Building C object zephyr/subsys/crc/CMakeFiles/subsys__crc.dir/crc8_sw.c.obj
[adlrvp_npcx:ro] [129/394] Linking C static library zephyr/lib/libc/common/liblib__libc__common.a
[adlrvp_npcx:ro] [130/394] Building C object zephyr/subsys/crc/CMakeFiles/subsys__crc.dir/crc16_sw.c.obj
[lapis:ro] [373/392] Building C object zephyr/kernel/CMakeFiles/kernel.dir/msg_q.c.obj
[adlrvp_npcx:ro] [131/394] Building C object zephyr/subsys/crc/CMakeFiles/subsys__crc.dir/crc7_sw.c.obj
[lapis:ro] [374/392] Building C object zephyr/kernel/CMakeFiles/kernel.dir/queue.c.obj
[adlrvp_npcx:ro] [132/394] Building C object zephyr/subsys/crc/CMakeFiles/subsys__crc.dir/crc24_sw.c.obj
[lapis:ro] [375/392] Building C object zephyr/kernel/CMakeFiles/kernel.dir/mutex.c.obj
[adlrvp_npcx:ro] [133/394] Building C object zephyr/subsys/crc/CMakeFiles/subsys__crc.dir/crc32c_sw.c.obj
[adlrvp_npcx:ro] [134/394] Building C object zephyr/lib/posix/c_lib_ext/CMakeFiles/lib__posix__c_lib_ext.dir/getentropy.c.obj
[adlrvp_npcx:ro] [135/394] Building C object zephyr/lib/posix/c_lib_ext/CMakeFiles/lib__posix__c_lib_ext.dir/getopt_shim.c.obj
[adlrvp_npcx:ro] [136/394] Building C object zephyr/subsys/crc/CMakeFiles/subsys__crc.dir/crc32_sw.c.obj
[lapis:ro] [376/392] Building C object zephyr/kernel/CMakeFiles/kernel.dir/sem.c.obj
[lapis:ro] [377/392] Building C object zephyr/kernel/CMakeFiles/kernel.dir/stack.c.obj
[adlrvp_npcx:ro] [137/394] Building C object zephyr/subsys/crc/CMakeFiles/subsys__crc.dir/crc32k_4_2_sw.c.obj
[lapis:ro] [378/392] Building C object zephyr/kernel/CMakeFiles/kernel.dir/system_work_q.c.obj
[adlrvp_npcx:ro] [138/394] Linking C static library zephyr/lib/posix/c_lib_ext/liblib__posix__c_lib_ext.a
[lapis:ro] [379/392] Building C object zephyr/kernel/CMakeFiles/kernel.dir/condvar.c.obj
[adlrvp_npcx:ro] [139/394] Linking C static library zephyr/subsys/crc/libsubsys__crc.a
[fatcatrvp-npcx:ro] [11/386] Building C object zephyr/CMakeFiles/zephyr.dir/lib/libc/validate_libc.c.obj
[lapis:ro] [380/392] Building C object zephyr/kernel/CMakeFiles/kernel.dir/work.c.obj
[lapis:ro] [381/392] Building C object zephyr/kernel/CMakeFiles/kernel.dir/thread.c.obj
[lapis:ro] [382/392] Building C object zephyr/kernel/CMakeFiles/kernel.dir/sched.c.obj
[lapis:ro] [383/392] Building C object zephyr/kernel/CMakeFiles/kernel.dir/spinlock_validate.c.obj
[lapis:ro] [384/392] Building C object zephyr/kernel/CMakeFiles/kernel.dir/pipe.c.obj
[lapis:ro] [385/392] Building C object zephyr/kernel/CMakeFiles/kernel.dir/thread_monitor.c.obj
[/mnt/host/source/src/platform/ec/build/zephyr/pirrha-lcov]   /mnt/host/source/src/platform/ec/build/zephyr/pirrha/build-ro/modules/ec/zephyr/CMakeFiles/ec_shim.dir/shim/src/bc12.c.gcno:no functions found
[/mnt/host/source/src/platform/ec/build/zephyr/pirrha-lcov] stderr:
[adlrvp_npcx:ro] [140/394] Building C object zephyr/drivers/adc/CMakeFiles/drivers__adc.dir/adc_common.c.obj
[lapis:ro] [386/392] Building C object zephyr/kernel/CMakeFiles/kernel.dir/poll.c.obj
[lapis:ro] [387/392] Building C object zephyr/kernel/CMakeFiles/kernel.dir/timer.c.obj
[lapis:ro] [388/392] Building C object zephyr/kernel/CMakeFiles/kernel.dir/timeout.c.obj
[adlrvp_npcx:ro] [141/394] Building C object zephyr/drivers/interrupt_controller/CMakeFiles/drivers__interrupt_controller.dir/intc_miwu.c.obj
[/mnt/host/source/src/platform/ec/build/zephyr/squirtle-lcov]   /mnt/host/source/src/platform/ec/build/zephyr/squirtle/build-ro/CMakeFiles/app.dir/mnt/host/source/src/platform/ec/build/zephyr/squirtle/modules/ec/common/usb_pd_pdo.c.gcno:no functions found
[/mnt/host/source/src/platform/ec/build/zephyr/squirtle-lcov] stderr:
[lapis:ro] [389/392] Building C object zephyr/kernel/CMakeFiles/kernel.dir/events.c.obj
[adlrvp_npcx:ro] [142/394] Linking C static library zephyr/drivers/interrupt_controller/libdrivers__interrupt_controller.a
[lapis:ro] [390/392] Building C object zephyr/kernel/CMakeFiles/kernel.dir/mempool.c.obj
[adlrvp_npcx:ro] [143/394] Building C object zephyr/drivers/bbram/CMakeFiles/drivers__bbram.dir/bbram_npcx.c.obj
[fatcatrvp-npcx:ro] [12/386] Building C object zephyr/CMakeFiles/zephyr.dir/lib/heap/heap.c.obj
[adlrvp_npcx:ro] [144/394] Linking C static library zephyr/drivers/bbram/libdrivers__bbram.a
[adlrvp_npcx:ro] [145/394] Building C object zephyr/drivers/adc/CMakeFiles/drivers__adc.dir/adc_npcx.c.obj
[nereid:rw] Building: /usr/bin/ninja -C /mnt/host/source/src/platform/ec/build/zephyr/nereid/build-rw all.libraries
Running `env -i SHELL=/bin/bash COLORTERM=truecolor DEPOT_TOOLS_UPDATE=0 LESS='-R -M --shift 5' SUDO_GID=0 JDK_HOME=/etc/java-config-2/current-system-vm CONFIG_PROTECT_MASK='/etc/gentoo-release /etc/sandbox.d /etc/fonts/fonts.conf /etc/terminfo /etc/ca-certificates.conf /etc/revdep-rebuild' CHROMEOS_CACHEDIR=/var/cache/chromeos-cache JAVA_HOME=/etc/java-config-2/current-system-vm SSH_AUTH_SOCK=/tmp/ssh-auth-sock SUDO_COMMAND=/bin/bash SUDO_USER=root SUDO_TTY=/dev/pts/2 EDITOR=/usr/bin/vi PWD=/mnt/host/source/src/platform/ec CONFIG_PROTECT=/usr/share/gnupg/qualified.txt LOGNAME=jpmurphy MANPATH=/etc/java-config-2/current-system-vm/man:/usr/local/share/man:/usr/share/man:/usr/share/gcc-data/x86_64-pc-linux-gnu/10.2.0/man:/usr/share/binutils-data/x86_64-pc-linux-gnu/2.45/man:/etc/java-config-2/current-system-vm/man/ SUDO_HOME=/root XAUTHORITY=/run/user/944457/gdm/Xauthority HOME=/home/jpmurphy LANG=C.UTF-8 LS_COLORS='rs=0:di=01;34:ln=01;36:mh=00:pi=40;33:so=01;35:do=01;35:bd=40;33;01:cd=40;33;01:or=01;05;37;41:mi=01;05;37;41:su=37;41:sg=30;43:ca=30;41:tw=30;42:ow=34;42:st=37;44:ex=01;32:*.tar=01;31:*.tgz=01;31:*.arc=01;31:*.arj=01;31:*.taz=01;31:*.lha=01;31:*.lz4=01;31:*.lzh=01;31:*.lzma=01;31:*.tlz=01;31:*.txz=01;31:*.tzo=01;31:*.t7z=01;31:*.zip=01;31:*.z=01;31:*.dz=01;31:*.gz=01;31:*.lrz=01;31:*.lz=01;31:*.lzo=01;31:*.xz=01;31:*.zst=01;31:*.tzst=01;31:*.bz2=01;31:*.bz=01;31:*.tbz=01;31:*.tbz2=01;31:*.tz=01;31:*.deb=01;31:*.rpm=01;31:*.jar=01;31:*.war=01;31:*.ear=01;31:*.sar=01;31:*.rar=01;31:*.alz=01;31:*.ace=01;31:*.zoo=01;31:*.cpio=01;31:*.7z=01;31:*.rz=01;31:*.cab=01;31:*.wim=01;31:*.swm=01;31:*.dwm=01;31:*.esd=01;31:*.jpg=01;35:*.jpeg=01;35:*.mjpg=01;35:*.mjpeg=01;35:*.gif=01;35:*.bmp=01;35:*.pbm=01;35:*.pgm=01;35:*.ppm=01;35:*.tga=01;35:*.xbm=01;35:*.xpm=01;35:*.tif=01;35:*.tiff=01;35:*.png=01;35:*.svg=01;35:*.svgz=01;35:*.mng=01;35:*.pcx=01;35:*.mov=01;35:*.mpg=01;35:*.mpeg=01;35:*.m2v=01;35:*.mkv=01;35:*.webm=01;35:*.webp=01;35:*.ogm=01;35:*.mp4=01;35:*.m4v=01;35:*.mp4v=01;35:*.vob=01;35:*.qt=01;35:*.nuv=01;35:*.wmv=01;35:*.asf=01;35:*.rm=01;35:*.rmvb=01;35:*.flc=01;35:*.avi=01;35:*.fli=01;35:*.flv=01;35:*.gl=01;35:*.dl=01;35:*.xcf=01;35:*.xwd=01;35:*.yuv=01;35:*.cgm=01;35:*.emf=01;35:*.ogv=01;35:*.ogx=01;35:*.cfg=00;32:*.conf=00;32:*.diff=00;32:*.doc=00;32:*.ini=00;32:*.log=00;32:*.patch=00;32:*.pdf=00;32:*.ps=00;32:*.tex=00;32:*.txt=00;32:*.aac=00;36:*.au=00;36:*.flac=00;36:*.m4a=00;36:*.mid=00;36:*.midi=00;36:*.mka=00;36:*.mp3=00;36:*.mpc=00;36:*.ogg=00;36:*.ra=00;36:*.wav=00;36:*.oga=00;36:*.opus=00;36:*.spx=00;36:*.xspf=00;36:' XDG_CURRENT_DESKTOP=GNOME INFOPATH=/usr/share/info:/usr/share/gcc-data/x86_64-pc-linux-gnu/10.2.0/info:/usr/share/binutils-data/x86_64-pc-linux-gnu/2.45/info:/usr/share/automake-1.16.5/info JAVAC=/etc/java-config-2/current-system-vm/bin/javac TERM=xterm-256color LESSOPEN='|lesspipe %s' USER=jpmurphy CROS_WORKON_SRCROOT=/mnt/host/source MANPAGER=manpager DISPLAY=:1 SHLVL=1 LC_MESSAGES=C EXTERNAL_TRUNK_PATH=/mnt/8f9d649a-3721-44cc-93c0-e6bd21a9689f/chromiumos GCC_SPECS='' PATH=/mnt/host/source/chromite/bin:/usr/local/bin:/usr/bin:/bin:/opt/bin:/mnt/host/source/chromite/sdk/bin:/mnt/host/source/chromite/bin PORTAGE_USERNAME=jpmurphy SUDO_UID=0 GCC_VER=10.2.0 MAIL=/var/mail/jpmurphy OLDPWD=/mnt/host/source/src/scripts traceparent=00-e87aca51550a78635907baa6a2476181-6d684811675d2973-01 _=./zephyr/firmware_builder.py COREBOOT_SDK_ROOT_x86=/home/jpmurphy/.cache/coreboot-sdk/i386-elf/dfbb0486385d938cfa9d73080b9d18d598ed4f49 COREBOOT_SDK_ROOT_picolibc_x86=/home/jpmurphy/.cache/coreboot-sdk/picolibc-i386-elf/eb8e8e687b95461de8cbf278f1c2076952d0ad17 COREBOOT_SDK_ROOT_riscv64=/home/jpmurphy/.cache/coreboot-sdk/riscv64-elf/96b949749225b6aaa92ed810ab769e8dfb12f000 COREBOOT_SDK_ROOT_picolibc_arm=/home/jpmurphy/.cache/coreboot-sdk/picolibc-arm-eabi/422a2aa3e1ef891b5bece9a3deb696ff83840d2e COREBOOT_SDK_ROOT_nds32=/home/jpmurphy/.cache/coreboot-sdk/nds32le-elf/d1a518c4a097666d86058e1444f85ca015d15511 COREBOOT_SDK_ROOT_picolibc_riscv64=/home/jpmurphy/.cache/coreboot-sdk/picolibc-riscv64-elf/f571e990ef0278564b31124f8bb109d9a697eb69 COREBOOT_SDK_ROOT_arm=/home/jpmurphy/.cache/coreboot-sdk/arm-eabi/ea40ddd1d190c3b48435c474c0b545719371813a COREBOOT_SDK_ROOT_libstdcxx_riscv64=/home/jpmurphy/.cache/coreboot-sdk/libstdcxx-riscv64-elf/17abf22a3a252e2d5d2062ced5324f7a623689e0 COREBOOT_SDK_ROOT_libstdcxx_arm=/home/jpmurphy/.cache/coreboot-sdk/libstdcxx-arm-eabi/5d7d82e150e44aa1968f1d366e267e6687b328ac COREBOOT_SDK_ROOT_riscv=/home/jpmurphy/.cache/coreboot-sdk/riscv-elf/9a27b9e82341c6e9126624f516ab3f261abb3e73 COREBOOT_SDK_ROOT_libstdcxx_x86=/home/jpmurphy/.cache/coreboot-sdk/libstdcxx-i386-elf/42ef9d2e87a76a37963175d7d428734e65648b87 PYTHONPATH=/mnt/host/source/src/platform/ec/zephyr/zmake PW_PIGWEED_CIPD_INSTALL_DIR=/usr CROSTC_USER_ACKNOWLEDGES_THAT_RISCV_IS_EXPERIMENTAL=1 MAKEFLAGS=' -j16 --jobserver-auth=5,6' /usr/bin/ninja -C /mnt/host/source/src/platform/ec/build/zephyr/nereid/build-rw all.libraries`
[lapis:ro] [391/392] Building C object zephyr/kernel/CMakeFiles/kernel.dir/dynamic_disabled.c.obj
[nereid:rw] ninja: Entering directory `/mnt/host/source/src/platform/ec/build/zephyr/nereid/build-rw'
[adlrvp_npcx:ro] [146/394] Linking C static library zephyr/drivers/adc/libdrivers__adc.a
[lapis:ro] [392/392] Linking C static library zephyr/kernel/libkernel.a
[fatcatrvp-npcx:ro] [13/386] Building C object zephyr/CMakeFiles/zephyr.dir/lib/os/cbprintf_packaged.c.obj
[adlrvp_npcx:ro] [147/394] Building C object zephyr/drivers/clock_control/CMakeFiles/drivers__clock_control.dir/clock_control_npcx.c.obj
[adlrvp_npcx:ro] [148/394] Building C object zephyr/drivers/console/CMakeFiles/drivers__console.dir/uart_console.c.obj
[adlrvp_npcx:ro] [149/394] Linking C static library zephyr/drivers/clock_control/libdrivers__clock_control.a
[fatcatrvp-npcx:ro] [14/386] Building C object zephyr/CMakeFiles/zephyr.dir/lib/os/printk.c.obj
[adlrvp_npcx:ro] [150/394] Linking C static library zephyr/drivers/console/libdrivers__console.a
[fatcatrvp-npcx:ro] [15/386] Building C object zephyr/CMakeFiles/zephyr.dir/lib/os/sem.c.obj
[fatcatrvp-npcx:ro] [16/386] Building C object zephyr/CMakeFiles/zephyr.dir/lib/os/clock.c.obj
[adlrvp_npcx:ro] [151/394] Building C object zephyr/drivers/eeprom/CMakeFiles/drivers__eeprom.dir/eeprom_shell.c.obj
[adlrvp_npcx:ro] [152/394] Building C object zephyr/drivers/eeprom/CMakeFiles/drivers__eeprom.dir/eeprom_at2x.c.obj
[nereid:rw] [1/402] Generating include/generated/zephyr/version.h
[nereid:rw] -- git describe warned: warning: tag 'upstream/v2.7.99' is externally known as 'v2.7.99'
[nereid:rw] -- Zephyr version: 4.3.99 (/mnt/host/source/src/third_party/zephyr/main)
[nereid:rw] [2/402] Preparing syscall dependency handling
[nereid:rw] [3/402] Generating misc/generated/syscalls_subdirs.trigger
[adlrvp_npcx:ro] [153/394] Linking C static library zephyr/drivers/eeprom/libdrivers__eeprom.a
[adlrvp_npcx:ro] [154/394] Building C object zephyr/drivers/espi/CMakeFiles/drivers__espi.dir/host_subs_npcx.c.obj
[fatcatrvp-npcx:ro] [17/386] Building C object zephyr/CMakeFiles/zephyr.dir/lib/utils/dec.c.obj
[adlrvp_npcx:ro] [155/394] Building C object zephyr/drivers/flash/CMakeFiles/drivers__flash.dir/jesd216.c.obj
[fatcatrvp-npcx:ro] [18/386] Building C object zephyr/CMakeFiles/zephyr.dir/lib/os/thread_entry.c.obj
[fatcatrvp-npcx:ro] [19/386] Building C object zephyr/CMakeFiles/zephyr.dir/lib/os/cbprintf_nano.c.obj
[fatcatrvp-npcx:ro] [20/386] Building C object zephyr/CMakeFiles/zephyr.dir/lib/utils/hex.c.obj
[adlrvp_npcx:ro] [156/394] Building C object zephyr/drivers/espi/CMakeFiles/drivers__espi.dir/espi_npcx.c.obj
[adlrvp_npcx:ro] [157/394] Linking C static library zephyr/drivers/espi/libdrivers__espi.a
[fatcatrvp-npcx:ro] [21/386] Building C object zephyr/CMakeFiles/zephyr.dir/lib/os/cbprintf.c.obj
[fatcatrvp-npcx:ro] [22/386] Building C object zephyr/CMakeFiles/zephyr.dir/lib/os/assert.c.obj
[fatcatrvp-npcx:ro] [23/386] Building C object zephyr/CMakeFiles/zephyr.dir/lib/utils/timeutil.c.obj
[fatcatrvp-npcx:ro] [24/386] Building C object zephyr/CMakeFiles/zephyr.dir/lib/utils/bitmask.c.obj
[adlrvp_npcx:ro] [158/394] Building C object zephyr/drivers/flash/CMakeFiles/drivers__flash.dir/flash_npcx_fiu_qspi.c.obj
[adlrvp_npcx:ro] [159/394] Building C object zephyr/drivers/flash/CMakeFiles/drivers__flash.dir/flash_npcx_fiu_nor.c.obj
[fatcatrvp-npcx:ro] [25/386] Building C object zephyr/CMakeFiles/zephyr.dir/lib/utils/last_section_id.c.obj
[adlrvp_npcx:ro] [160/394] Linking C static library zephyr/drivers/flash/libdrivers__flash.a
[fatcatrvp-npcx:ro] [26/386] Building C object zephyr/CMakeFiles/zephyr.dir/lib/utils/ring_buffer.c.obj
[adlrvp_npcx:ro] [161/394] Building C object zephyr/drivers/i2c/CMakeFiles/drivers__i2c.dir/i2c_common.c.obj
[fatcatrvp-npcx:ro] [27/386] Building C object zephyr/CMakeFiles/zephyr.dir/misc/generated/configs.c.obj
[fatcatrvp-npcx:ro] [28/386] Building C object zephyr/CMakeFiles/zephyr.dir/lib/utils/rb.c.obj
[adlrvp_npcx:ro] [162/394] Building C object zephyr/drivers/gpio/CMakeFiles/drivers__gpio.dir/gpio_npcx.c.obj
[nereid:rw] [4/402] Generating misc/generated/syscalls.json, misc/generated/struct_tags.json
[fatcatrvp-npcx:ro] [29/386] Building C object zephyr/CMakeFiles/zephyr.dir/lib/utils/bitarray.c.obj
[adlrvp_npcx:ro] [163/394] Building C object zephyr/drivers/gpio/CMakeFiles/drivers__gpio.dir/gpio_pca95xx.c.obj
[fatcatrvp-npcx:ro] [30/386] Building C object zephyr/CMakeFiles/zephyr.dir/lib/utils/getopt/getopt.c.obj
[nereid:rw] [5/402] Generating include/generated/zephyr/syscall_dispatch.c, include/generated/zephyr/syscall_exports_llext.c, syscall_weakdefs_llext.c, include/generated/zephyr/syscall_list.h
[adlrvp_npcx:ro] [164/394] Building C object zephyr/drivers/i2c/CMakeFiles/drivers__i2c.dir/i2c_shell.c.obj
[adlrvp_npcx:ro] [165/394] Linking C static library zephyr/drivers/gpio/libdrivers__gpio.a
[fatcatrvp-npcx:ro] [31/386] Building C object zephyr/CMakeFiles/zephyr.dir/lib/utils/getopt/getopt_common.c.obj
[adlrvp_npcx:ro] [166/394] Building C object zephyr/drivers/i2c/CMakeFiles/drivers__i2c.dir/i2c_npcx_controller.c.obj
[nereid:rw] [6/402] Generating include/generated/zephyr/driver-validation.h
[adlrvp_npcx:ro] [167/394] Building C object zephyr/drivers/i2c/CMakeFiles/drivers__i2c.dir/i2c_npcx_controller_fifo.c.obj
[adlrvp_npcx:ro] [168/394] Building C object zephyr/drivers/sensor/CMakeFiles/drivers__sensor.dir/mnt/host/source/src/third_party/zephyr/main/misc/empty_file.c.obj
[adlrvp_npcx:ro] [169/394] Linking C static library zephyr/drivers/sensor/libdrivers__sensor.a
[adlrvp_npcx:ro] [170/394] Building C object zephyr/drivers/pinctrl/CMakeFiles/drivers__pinctrl.dir/common.c.obj
[fatcatrvp-npcx:ro] [32/386] Building C object zephyr/CMakeFiles/zephyr.dir/soc/nuvoton/npcx/common/npcxn/registers.c.obj
[nereid:rw] [7/402] Generating include/generated/zephyr/kobj-types-enum.h, include/generated/zephyr/otype-to-str.h, include/generated/zephyr/otype-to-size.h
[fatcatrvp-npcx:ro] [33/386] Building C object zephyr/CMakeFiles/zephyr.dir/soc/nuvoton/npcx/common/power.c.obj
[adlrvp_npcx:ro] [171/394] Building C object zephyr/drivers/i2c/CMakeFiles/drivers__i2c.dir/i2c_npcx_port.c.obj
[nereid:rw] [8/402] Generating include/generated/device-api-sections.ld, include/generated/device-api-sections.cmake
[fatcatrvp-npcx:ro] [34/386] Building C object zephyr/CMakeFiles/zephyr.dir/soc/nuvoton/npcx/common/scfg.c.obj
[adlrvp_npcx:ro] [172/394] Linking C static library zephyr/drivers/i2c/libdrivers__i2c.a
[adlrvp_npcx:ro] [173/394] Building C object zephyr/drivers/pinctrl/CMakeFiles/drivers__pinctrl.dir/pinctrl_npcx.c.obj
[adlrvp_npcx:ro] [174/394] Linking C static library zephyr/drivers/pinctrl/libdrivers__pinctrl.a
[fatcatrvp-npcx:ro] [35/386] Building C object zephyr/CMakeFiles/zephyr.dir/subsys/logging/log_minimal.c.obj
[adlrvp_npcx:ro] [175/394] Building C object zephyr/drivers/pwm/CMakeFiles/drivers__pwm.dir/pwm_shell.c.obj
[fatcatrvp-npcx:ro] [36/386] Building C object zephyr/CMakeFiles/zephyr.dir/soc/nuvoton/npcx/npcx9/soc.c.obj
[fatcatrvp-npcx:ro] [37/386] Building C object zephyr/CMakeFiles/zephyr.dir/subsys/mem_mgmt/mem_attr.c.obj
[adlrvp_npcx:ro] [176/394] Building C object zephyr/drivers/pwm/CMakeFiles/drivers__pwm.dir/pwm_npcx.c.obj
[fatcatrvp-npcx:ro] [38/386] Building C object zephyr/CMakeFiles/zephyr.dir/subsys/pm/state.c.obj
[adlrvp_npcx:ro] [177/394] Building C object zephyr/drivers/syscon/CMakeFiles/drivers__syscon.dir/syscon.c.obj
[adlrvp_npcx:ro] [178/394] Linking C static library zephyr/drivers/pwm/libdrivers__pwm.a
[adlrvp_npcx:ro] [179/394] Building C object zephyr/drivers/sensor/nuvoton/nuvoton_tach_npcx/CMakeFiles/drivers__sensor__nuvoton__nuvoton_tach_npcx.dir/tach_nuvoton_npcx.c.obj
[adlrvp_npcx:ro] [180/394] Linking C static library zephyr/drivers/syscon/libdrivers__syscon.a
[adlrvp_npcx:ro] [181/394] Building C object zephyr/drivers/serial/CMakeFiles/drivers__serial.dir/uart_npcx.c.obj
[adlrvp_npcx:ro] [182/394] Building C object zephyr/drivers/timer/CMakeFiles/drivers__timer.dir/sys_clock_init.c.obj
[adlrvp_npcx:ro] [183/394] Linking C static library zephyr/drivers/sensor/nuvoton/nuvoton_tach_npcx/libdrivers__sensor__nuvoton__nuvoton_tach_npcx.a
[nereid:rw] [9/402] Building C object zephyr/CMakeFiles/offsets.dir/arch/riscv/core/offsets/offsets.c.obj
[adlrvp_npcx:ro] [184/394] Linking C static library zephyr/drivers/serial/libdrivers__serial.a
[fatcatrvp-npcx:ro] [39/386] Building C object zephyr/CMakeFiles/zephyr.dir/subsys/pm/pm.c.obj
[fatcatrvp-npcx:ro] [40/386] Building C object zephyr/CMakeFiles/zephyr.dir/subsys/pm/policy/policy_events.c.obj
[nereid:rw] [10/402] Generating include/generated/zephyr/offsets.h
[fatcatrvp-npcx:ro] [41/386] Building C object zephyr/CMakeFiles/zephyr.dir/subsys/pm/policy/policy_latency.c.obj
[adlrvp_npcx:ro] [185/394] Building C object zephyr/drivers/timer/CMakeFiles/drivers__timer.dir/npcx_itim_timer.c.obj
[adlrvp_npcx:ro] [186/394] Building C object zephyr/drivers/watchdog/CMakeFiles/drivers__watchdog.dir/wdt_npcx.c.obj
[fatcatrvp-npcx:ro] [42/386] Building C object zephyr/CMakeFiles/zephyr.dir/subsys/pm/policy/policy_state_lock.c.obj
[adlrvp_npcx:ro] [187/394] Linking C static library zephyr/drivers/timer/libdrivers__timer.a
[fatcatrvp-npcx:ro] [43/386] Building C object zephyr/CMakeFiles/zephyr.dir/subsys/pm/device.c.obj
[fatcatrvp-npcx:ro] [44/386] Building C object zephyr/CMakeFiles/zephyr.dir/subsys/pm/device_runtime.c.obj
[adlrvp_npcx:ro] [188/394] Building C object zephyr/drivers/watchdog/CMakeFiles/drivers__watchdog.dir/wdt_shell.c.obj
[adlrvp_npcx:ro] [189/394] Linking C static library zephyr/drivers/watchdog/libdrivers__watchdog.a
[adlrvp_npcx:ro] [190/394] Building C object modules/ec/zephyr/CMakeFiles/ec_shim.dir/app/ec/main_shim.c.obj
[fatcatrvp-npcx:ro] [45/386] Building C object zephyr/CMakeFiles/zephyr.dir/subsys/tracing/tracing_none.c.obj
[/mnt/host/source/src/platform/ec/build/zephyr/pirrha-lcov]   /mnt/host/source/src/platform/ec/build/zephyr/pirrha/build-ro/CMakeFiles/app.dir/mnt/host/source/src/platform/ec/build/zephyr/pirrha/modules/ec/common/usb_pd_pdo.c.gcno:no functions found
[/mnt/host/source/src/platform/ec/build/zephyr/pirrha-lcov] stderr:
[fatcatrvp-npcx:ro] [46/386] Building C object zephyr/CMakeFiles/zephyr.dir/subsys/testsuite/coverage/coverage.c.obj
[nereid:rw] [11/402] Building C object zephyr/CMakeFiles/zephyr.dir/lib/libc/validate_libc.c.obj
[adlrvp_npcx:ro] [191/394] Building C object modules/ec/zephyr/CMakeFiles/ec_shim.dir/app/ec/ec_app_main.c.obj
[adlrvp_npcx:ro] [192/394] Building C object modules/ec/zephyr/CMakeFiles/ec_shim.dir/drivers/cros_kb_raw/cros_kb_raw_npcx.c.obj
[adlrvp_npcx:ro] [193/394] Building C object modules/ec/zephyr/CMakeFiles/ec_shim.dir/drivers/cros_flash/cros_flash_npcx.c.obj
[fatcatrvp-npcx:ro] [47/386] Building C object zephyr/CMakeFiles/zephyr.dir/subsys/shell/modules/kernel_service/sleep.c.obj
[fatcatrvp-npcx:ro] [48/386] Building C object zephyr/CMakeFiles/zephyr.dir/subsys/shell/modules/kernel_service/cycles.c.obj
[fatcatrvp-npcx:ro] [49/386] Building C object zephyr/CMakeFiles/zephyr.dir/subsys/shell/modules/kernel_service/kernel_shell.c.obj
[adlrvp_npcx:ro] [194/394] Building C object modules/ec/zephyr/CMakeFiles/ec_shim.dir/drivers/cros_rtc/cros_rtc_npcx.c.obj
[fatcatrvp-npcx:ro] [50/386] Building C object zephyr/CMakeFiles/zephyr.dir/subsys/shell/modules/kernel_service/uptime.c.obj
[adlrvp_npcx:ro] [195/394] Building C object modules/ec/zephyr/CMakeFiles/ec_shim.dir/drivers/cros_system/cros_system_npcx.c.obj
[nereid:rw] [12/402] Building C object zephyr/CMakeFiles/zephyr.dir/lib/heap/heap.c.obj
[fatcatrvp-npcx:ro] [51/386] Building C object zephyr/CMakeFiles/zephyr.dir/subsys/shell/modules/kernel_service/version.c.obj
[fatcatrvp-npcx:ro] [52/386] Building C object zephyr/CMakeFiles/zephyr.dir/subsys/shell/modules/kernel_service/thread/thread.c.obj
[adlrvp_npcx:ro] [196/394] Building C object modules/ec/zephyr/CMakeFiles/ec_shim.dir/drivers/vivaldi_kbd/vivaldi_kbd.c.obj
[adlrvp_npcx:ro] [197/394] Building C object modules/ec/zephyr/CMakeFiles/ec_shim.dir/shim/chip/npcx/clock.c.obj
[adlrvp_npcx:ro] [198/394] Building C object modules/ec/zephyr/CMakeFiles/ec_shim.dir/shim/chip/npcx/rom_chip.c.obj
[adlrvp_npcx:ro] [199/394] Building C object modules/ec/zephyr/CMakeFiles/ec_shim.dir/shim/chip/npcx/keyboard_raw.c.obj
[fatcatrvp-npcx:ro] [53/386] Building C object zephyr/CMakeFiles/zephyr.dir/subsys/shell/modules/kernel_service/thread/list.c.obj
[fatcatrvp-npcx:ro] [54/386] Building C object zephyr/CMakeFiles/zephyr.dir/subsys/shell/modules/kernel_service/thread/stacks.c.obj
[adlrvp_npcx:ro] [200/394] Building C object modules/ec/zephyr/CMakeFiles/ec_shim.dir/shim/chip/npcx/gpio.c.obj
[fatcatrvp-npcx:ro] [55/386] Building C object zephyr/CMakeFiles/zephyr.dir/subsys/shell/modules/kernel_service/thread/suspend.c.obj
[adlrvp_npcx:ro] [201/394] Building C object modules/ec/zephyr/CMakeFiles/ec_shim.dir/shim/src/crc.c.obj
[adlrvp_npcx:ro] [202/394] Building C object modules/ec/zephyr/CMakeFiles/ec_shim.dir/shim/chip/npcx/system.c.obj
[fatcatrvp-npcx:ro] [56/386] Building C object zephyr/CMakeFiles/zephyr.dir/subsys/shell/modules/kernel_service/thread/resume.c.obj
[nereid:rw] [13/402] Building C object zephyr/CMakeFiles/zephyr.dir/lib/os/cbprintf_packaged.c.obj
[fatcatrvp-npcx:ro] [57/386] Building C object zephyr/CMakeFiles/zephyr.dir/subsys/shell/modules/kernel_service/thread/kill.c.obj
[adlrvp_npcx:ro] [203/394] Building C object modules/ec/zephyr/CMakeFiles/ec_shim.dir/shim/chip/npcx/system_external_storage.c.obj
[adlrvp_npcx:ro] [204/394] Building C object modules/ec/zephyr/CMakeFiles/ec_shim.dir/shim/chip/npcx/power_policy.c.obj
[fatcatrvp-npcx:ro] [58/386] Building C object zephyr/CMakeFiles/zephyr.dir/subsys/shell/backends/shell_uart.c.obj
[adlrvp_npcx:ro] [205/394] Building C object modules/ec/zephyr/CMakeFiles/ec_shim.dir/shim/core/cortex-m/mpu.c.obj
[fatcatrvp-npcx:ro] [59/386] Building C object zephyr/CMakeFiles/zephyr.dir/subsys/shell/shell_fprintf.c.obj
[adlrvp_npcx:ro] [206/394] Building C object modules/ec/zephyr/CMakeFiles/ec_shim.dir/shim/core/cortex-m/panic.c.obj
[adlrvp_npcx:ro] [207/394] Building C object modules/ec/zephyr/CMakeFiles/ec_shim.dir/shim/src/console.c.obj
[fatcatrvp-npcx:ro] [60/386] Building C object zephyr/CMakeFiles/zephyr.dir/subsys/shell/shell_utils.c.obj
[fatcatrvp-npcx:ro] [61/386] Building C object zephyr/CMakeFiles/zephyr.dir/subsys/shell/shell.c.obj
[nereid:rw] [14/402] Building C object zephyr/CMakeFiles/zephyr.dir/lib/os/clock.c.obj
[fatcatrvp-npcx:ro] [62/386] Building C object zephyr/CMakeFiles/zephyr.dir/subsys/shell/shell_ops.c.obj
[fatcatrvp-npcx:ro] [63/386] Building C object zephyr/CMakeFiles/zephyr.dir/subsys/shell/shell_help.c.obj
[adlrvp_npcx:ro] [208/394] Building C object modules/ec/zephyr/CMakeFiles/ec_shim.dir/shim/src/gpio_int.c.obj
[adlrvp_npcx:ro] [209/394] Building C object modules/ec/zephyr/CMakeFiles/ec_shim.dir/shim/src/gpio.c.obj
[fatcatrvp-npcx:ro] [64/386] Building C object zephyr/arch/common/CMakeFiles/arch__common.dir/init.c.obj
[fatcatrvp-npcx:ro] [65/386] Building C object zephyr/CMakeFiles/zephyr.dir/subsys/shell/shell_history.c.obj
[adlrvp_npcx:ro] [210/394] Building ASM object modules/ec/zephyr/CMakeFiles/ec_shim.dir/shim/src/libgcc_arm.S.obj
[adlrvp_npcx:ro] [211/394] Building C object modules/ec/zephyr/CMakeFiles/ec_shim.dir/shim/src/panic_utils.c.obj
[fatcatrvp-npcx:ro] [66/386] Building C object zephyr/arch/common/CMakeFiles/arch__common.dir/sw_isr_common.c.obj
[adlrvp_npcx:ro] [212/394] Building C object modules/ec/zephyr/CMakeFiles/ec_shim.dir/shim/src/pm_state.c.obj
[adlrvp_npcx:ro] [213/394] Building C object modules/ec/zephyr/CMakeFiles/ec_shim.dir/shim/src/cbi/cros_cbi.c.obj
[fatcatrvp-npcx:ro] [67/386] Building C object zephyr/CMakeFiles/zephyr.dir/drivers/flash/flash_util.c.obj
[fatcatrvp-npcx:ro] [68/386] Building ASM object zephyr/arch/arch/arm/core/CMakeFiles/arch__arm__core.dir/nmi_on_reset.S.obj
[adlrvp_npcx:ro] [214/394] Building C object modules/ec/zephyr/CMakeFiles/ec_shim.dir/shim/src/cbi/cbi_eeprom.c.obj
[fatcatrvp-npcx:ro] [69/386] Linking C static library zephyr/libzephyr.a
[adlrvp_npcx:ro] [215/394] Building C object modules/ec/zephyr/CMakeFiles/ec_shim.dir/shim/src/system.c.obj
[nereid:rw] [15/402] Building C object zephyr/CMakeFiles/zephyr.dir/lib/os/printk.c.obj
[fatcatrvp-npcx:ro] [70/386] Building C object zephyr/arch/common/CMakeFiles/isr_tables.dir/isr_tables.c.obj
[fatcatrvp-npcx:ro] [71/386] Linking C static library zephyr/arch/common/libisr_tables.a
[fatcatrvp-npcx:ro] [72/386] Building C object zephyr/arch/common/CMakeFiles/arch__common.dir/xip.c.obj
[fatcatrvp-npcx:ro] [73/386] Linking C static library zephyr/arch/common/libarch__common.a
[fatcatrvp-npcx:ro] [74/386] Building C object zephyr/arch/arch/arm/core/CMakeFiles/arch__arm__core.dir/fatal.c.obj
[adlrvp_npcx:ro] [216/394] Building C object modules/ec/zephyr/CMakeFiles/ec_shim.dir/shim/src/battery.c.obj
[fatcatrvp-npcx:ro] [75/386] Building C object zephyr/arch/arch/arm/core/CMakeFiles/arch__arm__core.dir/nmi.c.obj
[fatcatrvp-npcx:ro] [76/386] Building ASM object zephyr/arch/arch/arm/core/cortex_m/CMakeFiles/arch__arm__core__cortex_m.dir/fault_s.S.obj
[adlrvp_npcx:ro] [217/394] Building C object modules/ec/zephyr/CMakeFiles/ec_shim.dir/shim/src/adc.c.obj
[/mnt/host/source/src/platform/ec/build/zephyr/squirtle-lcov]   /mnt/host/source/src/platform/ec/build/zephyr/squirtle/build-ro/CMakeFiles/app.dir/mnt/host/source/src/platform/ec/build/zephyr/squirtle/modules/ec/common/chargen.c.gcno:no functions found
[/mnt/host/source/src/platform/ec/build/zephyr/squirtle-lcov] stderr:
[fatcatrvp-npcx:ro] [77/386] Linking C static library zephyr/arch/arch/arm/core/libarch__arm__core.a
[fatcatrvp-npcx:ro] [78/386] Building C object zephyr/arch/arch/arm/core/cortex_m/CMakeFiles/arch__arm__core__cortex_m.dir/exc_exit.c.obj
[adlrvp_npcx:ro] [218/394] Building C object modules/ec/zephyr/CMakeFiles/ec_shim.dir/shim/src/charger.c.obj
[nereid:rw] [16/402] Building C object zephyr/CMakeFiles/zephyr.dir/lib/os/sem.c.obj
[fatcatrvp-npcx:ro] [79/386] Building C object zephyr/arch/arch/arm/core/cortex_m/CMakeFiles/arch__arm__core__cortex_m.dir/fault.c.obj
[fatcatrvp-npcx:ro] [80/386] Building ASM object zephyr/arch/arch/arm/core/cortex_m/CMakeFiles/arch__arm__core__cortex_m.dir/vector_table.S.obj
[adlrvp_npcx:ro] [219/394] Building C object modules/ec/zephyr/CMakeFiles/ec_shim.dir/shim/src/espi.c.obj
[fatcatrvp-npcx:ro] [81/386] Building ASM object zephyr/arch/arch/arm/core/cortex_m/CMakeFiles/arch__arm__core__cortex_m.dir/reset.S.obj
[adlrvp_npcx:ro] [220/394] Building C object modules/ec/zephyr/CMakeFiles/ec_shim.dir/shim/src/flash.c.obj
[adlrvp_npcx:ro] [221/394] Building C object modules/ec/zephyr/CMakeFiles/ec_shim.dir/shim/src/fan.c.obj
[adlrvp_npcx:ro] [222/394] Building C object modules/ec/zephyr/CMakeFiles/ec_shim.dir/shim/src/hooks.c.obj
[fatcatrvp-npcx:ro] [82/386] Building C object zephyr/arch/arch/arm/core/cortex_m/CMakeFiles/arch__arm__core__cortex_m.dir/fpu.c.obj
[fatcatrvp-npcx:ro] [83/386] Building C object zephyr/arch/arch/arm/core/cortex_m/CMakeFiles/arch__arm__core__cortex_m.dir/scb.c.obj
[fatcatrvp-npcx:ro] [84/386] Building C object zephyr/arch/arch/arm/core/cortex_m/CMakeFiles/arch__arm__core__cortex_m.dir/thread_abort.c.obj
[adlrvp_npcx:ro] [223/394] Building C object modules/ec/zephyr/CMakeFiles/ec_shim.dir/shim/src/host_command.c.obj
[adlrvp_npcx:ro] [224/394] Building C object modules/ec/zephyr/CMakeFiles/ec_shim.dir/shim/src/console_buffer.c.obj
[nereid:rw] [17/402] Building C object zephyr/CMakeFiles/zephyr.dir/lib/os/thread_entry.c.obj
[fatcatrvp-npcx:ro] [85/386] Building ASM object zephyr/arch/arch/arm/core/cortex_m/CMakeFiles/arch__arm__core__cortex_m.dir/swap_helper.S.obj
[adlrvp_npcx:ro] [225/394] Building C object modules/ec/zephyr/CMakeFiles/ec_shim.dir/shim/src/ioex.c.obj
[fatcatrvp-npcx:ro] [86/386] Building C object zephyr/arch/arch/arm/core/cortex_m/CMakeFiles/arch__arm__core__cortex_m.dir/prep_c.c.obj
[fatcatrvp-npcx:ro] [87/386] Building C object zephyr/arch/arch/arm/core/cortex_m/CMakeFiles/arch__arm__core__cortex_m.dir/irq_manage.c.obj
[fatcatrvp-npcx:ro] [88/386] Building C object zephyr/arch/arch/arm/core/cortex_m/CMakeFiles/arch__arm__core__cortex_m.dir/thread.c.obj
[fatcatrvp-npcx:ro] [89/386] Building C object zephyr/arch/arch/arm/core/cortex_m/CMakeFiles/arch__arm__core__cortex_m.dir/cpu_idle.c.obj
[adlrvp_npcx:ro] [226/394] Building C object modules/ec/zephyr/CMakeFiles/ec_shim.dir/shim/src/keyboard_raw.c.obj
[fatcatrvp-npcx:ro] [90/386] Generating ../../../include/generated/libc/minimal/strerror_table.h
[adlrvp_npcx:ro] [227/394] Building C object modules/ec/zephyr/CMakeFiles/ec_shim.dir/shim/src/keyscan.c.obj
[fatcatrvp-npcx:ro] [91/386] Building C object zephyr/arch/arch/arm/core/cortex_m/CMakeFiles/arch__arm__core__cortex_m.dir/irq_init.c.obj
[adlrvp_npcx:ro] [228/394] Building C object modules/ec/zephyr/CMakeFiles/ec_shim.dir/shim/src/ioex_drv.c.obj
[nereid:rw] [18/402] Building C object zephyr/CMakeFiles/zephyr.dir/lib/os/cbprintf_nano.c.obj
[fatcatrvp-npcx:ro] [92/386] Building C object zephyr/lib/libc/minimal/CMakeFiles/lib__libc__minimal.dir/source/stdlib/atoi.c.obj
[adlrvp_npcx:ro] [229/394] Building C object modules/ec/zephyr/CMakeFiles/ec_shim.dir/shim/src/panic.c.obj
[fatcatrvp-npcx:ro] [93/386] Building C object zephyr/lib/libc/minimal/CMakeFiles/lib__libc__minimal.dir/source/stdlib/strtol.c.obj
[fatcatrvp-npcx:ro] [94/386] Building C object zephyr/lib/libc/minimal/CMakeFiles/lib__libc__minimal.dir/source/stdlib/strtoul.c.obj
[fatcatrvp-npcx:ro] [95/386] Building C object zephyr/arch/arch/arm/core/cortex_m/CMakeFiles/arch__arm__core__cortex_m.dir/isr_wrapper.c.obj
[adlrvp_npcx:ro] [230/394] Building C object modules/ec/zephyr/CMakeFiles/ec_shim.dir/shim/src/pwm_led.c.obj
[adlrvp_npcx:ro] [231/394] Building C object modules/ec/zephyr/CMakeFiles/ec_shim.dir/shim/src/rtc.c.obj
[fatcatrvp-npcx:ro] [96/386] Linking C static library zephyr/arch/arch/arm/core/cortex_m/libarch__arm__core__cortex_m.a
[fatcatrvp-npcx:ro] [97/386] Building C object zephyr/lib/libc/minimal/CMakeFiles/lib__libc__minimal.dir/source/stdlib/strtoll.c.obj
[fatcatrvp-npcx:ro] [98/386] Building C object zephyr/lib/libc/minimal/CMakeFiles/lib__libc__minimal.dir/source/stdlib/strtoull.c.obj
[fatcatrvp-npcx:ro] [99/386] Building C object zephyr/arch/arch/arm/core/mpu/CMakeFiles/arch__arm__core__mpu.dir/arm_core_mpu.c.obj
[fatcatrvp-npcx:ro] [100/386] Building C object zephyr/arch/arch/arm/core/mpu/CMakeFiles/arch__arm__core__mpu.dir/arm_mpu_regions.c.obj
[fatcatrvp-npcx:ro] [101/386] Building C object zephyr/lib/libc/minimal/CMakeFiles/lib__libc__minimal.dir/source/stdlib/bsearch.c.obj
[adlrvp_npcx:ro] [232/394] Building C object modules/ec/zephyr/CMakeFiles/ec_shim.dir/shim/src/temp_sensors.c.obj
[fatcatrvp-npcx:ro] [102/386] Building C object zephyr/arch/arch/arm/core/mpu/CMakeFiles/arch__arm__core__mpu.dir/arm_mpu.c.obj
[nereid:rw] [19/402] Building C object zephyr/CMakeFiles/zephyr.dir/lib/os/cbprintf.c.obj
[adlrvp_npcx:ro] [233/394] Building C object modules/ec/zephyr/CMakeFiles/ec_shim.dir/shim/src/hwtimer.c.obj
[fatcatrvp-npcx:ro] [103/386] Building C object zephyr/lib/libc/minimal/CMakeFiles/lib__libc__minimal.dir/source/string/strncasecmp.c.obj
[fatcatrvp-npcx:ro] [104/386] Building C object zephyr/lib/libc/minimal/CMakeFiles/lib__libc__minimal.dir/source/string/strstr.c.obj
[fatcatrvp-npcx:ro] [105/386] Linking C static library zephyr/arch/arch/arm/core/mpu/libarch__arm__core__mpu.a
[adlrvp_npcx:ro] [234/394] Building C object modules/ec/zephyr/CMakeFiles/ec_shim.dir/shim/src/thermal.c.obj
[fatcatrvp-npcx:ro] [106/386] Building C object zephyr/lib/libc/minimal/CMakeFiles/lib__libc__minimal.dir/source/string/strspn.c.obj
[fatcatrvp-npcx:ro] [107/386] Building C object zephyr/lib/libc/minimal/CMakeFiles/lib__libc__minimal.dir/source/stdlib/qsort.c.obj
[adlrvp_npcx:ro] [235/394] cd /mnt/host/source/src/platform/ec/build/zephyr/adlrvp_npcx/build-ro/modules/ec/zephyr && PYTHONPATH=/mnt/host/source/src/platform/ec/build/zephyr/adlrvp_npcx/modules/ec/zephyr/zmake/ /usr/bin/python3.11 /mnt/host/source/src/platform/ec/build/zephyr/adlrvp_npcx/modules/ec/zephyr/zmake/zephyr_build_tools/generate_ec_version.py /mnt/host/source/src/platform/ec/build/zephyr/adlrvp_npcx/build-ro/modules/ec/zephyr/include/ec_version.h --name Zephyr-Kernel --version 16543.0.0 --static
[adlrvp_npcx:ro] INFO:root:Using a static version string
[fatcatrvp-npcx:ro] [108/386] Building C object zephyr/lib/libc/minimal/CMakeFiles/lib__libc__minimal.dir/source/string/strerror.c.obj
[adlrvp_npcx:ro] INFO:root:Version string: Zephyr-Kernel-16543.0.0
[adlrvp_npcx:ro] INFO:root:Writing header to /mnt/host/source/src/platform/ec/build/zephyr/adlrvp_npcx/build-ro/modules/ec/zephyr/include/ec_version.h
[adlrvp_npcx:ro] [236/394] Building C object modules/ec/zephyr/CMakeFiles/ec_shim.dir/shim/src/i2c.c.obj
[fatcatrvp-npcx:ro] [109/386] Building C object zephyr/lib/libc/minimal/CMakeFiles/lib__libc__minimal.dir/source/string/string.c.obj
[fatcatrvp-npcx:ro] [110/386] Building C object zephyr/lib/libc/minimal/CMakeFiles/lib__libc__minimal.dir/source/stdlib/exit.c.obj
[adlrvp_npcx:ro] [237/394] Building C object modules/ec/zephyr/CMakeFiles/ec_shim.dir/shim/src/tasks.c.obj
[fatcatrvp-npcx:ro] [111/386] Building C object zephyr/lib/libc/minimal/CMakeFiles/lib__libc__minimal.dir/source/math/sqrtf.c.obj
[fatcatrvp-npcx:ro] [112/386] Building C object zephyr/lib/libc/minimal/CMakeFiles/lib__libc__minimal.dir/source/math/sqrt.c.obj
[nereid:rw] [20/402] Building C object zephyr/CMakeFiles/zephyr.dir/lib/os/assert.c.obj
[adlrvp_npcx:ro] [238/394] Building C object modules/ec/zephyr/CMakeFiles/ec_shim.dir/shim/src/watchdog.c.obj
[adlrvp_npcx:ro] [239/394] Building C object modules/ec/zephyr/CMakeFiles/ec_shim.dir/shim/src/ppc.c.obj
[fatcatrvp-npcx:ro] [113/386] Building C object zephyr/lib/libc/minimal/CMakeFiles/lib__libc__minimal.dir/source/stdout/stdout_console.c.obj
[fatcatrvp-npcx:ro] [114/386] Building C object zephyr/lib/libc/minimal/CMakeFiles/lib__libc__minimal.dir/source/stdout/sprintf.c.obj
[nereid:rw] [21/402] Building C object zephyr/CMakeFiles/zephyr.dir/lib/utils/dec.c.obj
[fatcatrvp-npcx:ro] [115/386] Building C object zephyr/lib/libc/minimal/CMakeFiles/lib__libc__minimal.dir/source/stdout/fprintf.c.obj
[fatcatrvp-npcx:ro] [116/386] Building C object zephyr/lib/libc/common/CMakeFiles/lib__libc__common.dir/source/time/asctime.c.obj
[adlrvp_npcx:ro] [240/394] Building C object CMakeFiles/app.dir/mnt/host/source/src/platform/ec/zephyr/subsys/ap_pwrseq/ap_events.c.obj
[fatcatrvp-npcx:ro] [117/386] Building C object zephyr/lib/libc/common/CMakeFiles/lib__libc__common.dir/source/time/gmtime_r.c.obj
[adlrvp_npcx:ro] [241/394] Building C object modules/ec/zephyr/CMakeFiles/ec_shim.dir/shim/src/bb_retimer_usb_mux.c.obj
[fatcatrvp-npcx:ro] [118/386] Building C object zephyr/lib/libc/common/CMakeFiles/lib__libc__common.dir/source/time/localtime_r_utc.c.obj
[fatcatrvp-npcx:ro] [119/386] Building C object zephyr/lib/libc/common/CMakeFiles/lib__libc__common.dir/source/time/time.c.obj
[nereid:rw] [22/402] Building C object zephyr/CMakeFiles/zephyr.dir/lib/utils/hex.c.obj
[fatcatrvp-npcx:ro] [120/386] Building C object zephyr/lib/libc/common/CMakeFiles/lib__libc__common.dir/source/time/ctime.c.obj
[fatcatrvp-npcx:ro] [121/386] Building C object zephyr/lib/libc/minimal/CMakeFiles/lib__libc__minimal.dir/source/time/gmtime.c.obj
[adlrvp_npcx:ro] [242/394] Building C object modules/ec/zephyr/CMakeFiles/ec_shim.dir/shim/src/usb_muxes.c.obj
[fatcatrvp-npcx:ro] [122/386] Building C object zephyr/lib/libc/common/CMakeFiles/lib__libc__common.dir/source/stdlib/abort.c.obj
[adlrvp_npcx:ro] [243/394] Building C object CMakeFiles/app.dir/mnt/host/source/src/platform/ec/build/zephyr/adlrvp_npcx/modules/ec/builtin/stdlib.c.obj
[adlrvp_npcx:ro] [244/394] Building C object CMakeFiles/app.dir/mnt/host/source/src/platform/ec/build/zephyr/adlrvp_npcx/modules/ec/common/base32.c.obj
[fatcatrvp-npcx:ro] [123/386] Linking C static library zephyr/lib/libc/minimal/liblib__libc__minimal.a
[fatcatrvp-npcx:ro] [124/386] Building C object zephyr/lib/libc/common/CMakeFiles/lib__libc__common.dir/source/string/strnlen.c.obj
[fatcatrvp-npcx:ro] [125/386] Building C object zephyr/lib/posix/c_lib_ext/CMakeFiles/lib__posix__c_lib_ext.dir/fnmatch.c.obj
[fatcatrvp-npcx:ro] [126/386] Building C object zephyr/subsys/crc/CMakeFiles/subsys__crc.dir/crc4_sw.c.obj
[fatcatrvp-npcx:ro] [127/386] Building C object zephyr/subsys/crc/CMakeFiles/subsys__crc.dir/crc8_sw.c.obj
[/mnt/host/source/src/platform/ec/build/zephyr/squirtle-lcov]   /mnt/host/source/src/platform/ec/build/zephyr/squirtle/build-ro/CMakeFiles/app.dir/mnt/host/source/src/platform/ec/build/zephyr/squirtle/modules/ec/common/cbi_config.c.gcno:no functions found
[/mnt/host/source/src/platform/ec/build/zephyr/squirtle-lcov] stderr:
[fatcatrvp-npcx:ro] [128/386] Building C object zephyr/subsys/crc/CMakeFiles/subsys__crc.dir/crc16_sw.c.obj
[fatcatrvp-npcx:ro] [129/386] Building C object zephyr/subsys/crc/CMakeFiles/subsys__crc.dir/crc7_sw.c.obj
[adlrvp_npcx:ro] [245/394] Building C object CMakeFiles/app.dir/mnt/host/source/src/platform/ec/build/zephyr/adlrvp_npcx/modules/ec/common/console_output.c.obj
[fatcatrvp-npcx:ro] [130/386] Building C object zephyr/subsys/crc/CMakeFiles/subsys__crc.dir/crc24_sw.c.obj
[fatcatrvp-npcx:ro] [131/386] Building C object zephyr/subsys/crc/CMakeFiles/subsys__crc.dir/crc32c_sw.c.obj
[fatcatrvp-npcx:ro] [132/386] Building C object zephyr/lib/libc/common/CMakeFiles/lib__libc__common.dir/source/stdlib/malloc.c.obj
[adlrvp_npcx:ro] [246/394] Building C object CMakeFiles/app.dir/mnt/host/source/src/platform/ec/build/zephyr/adlrvp_npcx/modules/ec/common/ec_features.c.obj
[nereid:rw] [23/402] Building C object zephyr/CMakeFiles/zephyr.dir/lib/utils/rb.c.obj
[fatcatrvp-npcx:ro] [133/386] Linking C static library zephyr/lib/libc/common/liblib__libc__common.a
[fatcatrvp-npcx:ro] [134/386] Building C object zephyr/subsys/crc/CMakeFiles/subsys__crc.dir/crc32_sw.c.obj
[fatcatrvp-npcx:ro] [135/386] Building C object zephyr/subsys/crc/CMakeFiles/subsys__crc.dir/crc32k_4_2_sw.c.obj
[/mnt/host/source/src/platform/ec/build/zephyr/pirrha-lcov]   /mnt/host/source/src/platform/ec/build/zephyr/pirrha/build-ro/CMakeFiles/app.dir/mnt/host/source/src/platform/ec/build/zephyr/pirrha/modules/ec/common/chargen.c.gcno:no functions found
[/mnt/host/source/src/platform/ec/build/zephyr/pirrha-lcov] stderr:
[fatcatrvp-npcx:ro] [136/386] Building C object zephyr/lib/posix/c_lib_ext/CMakeFiles/lib__posix__c_lib_ext.dir/getentropy.c.obj
[fatcatrvp-npcx:ro] [137/386] Building C object zephyr/lib/posix/c_lib_ext/CMakeFiles/lib__posix__c_lib_ext.dir/getopt_shim.c.obj
[fatcatrvp-npcx:ro] [138/386] Linking C static library zephyr/subsys/crc/libsubsys__crc.a
[adlrvp_npcx:ro] [247/394] Building C object CMakeFiles/app.dir/mnt/host/source/src/platform/ec/build/zephyr/adlrvp_npcx/modules/ec/common/gpio_commands.c.obj
[fatcatrvp-npcx:ro] [139/386] Linking C static library zephyr/lib/posix/c_lib_ext/liblib__posix__c_lib_ext.a
[adlrvp_npcx:ro] [248/394] Building C object CMakeFiles/app.dir/mnt/host/source/src/platform/ec/build/zephyr/adlrvp_npcx/modules/ec/common/peripheral.c.obj
[adlrvp_npcx:ro] [249/394] Building C object CMakeFiles/app.dir/mnt/host/source/src/platform/ec/build/zephyr/adlrvp_npcx/modules/ec/common/printf.c.obj
[fatcatrvp-npcx:ro] [140/386] Building C object zephyr/lib/smf/CMakeFiles/lib__smf.dir/smf.c.obj
[fatcatrvp-npcx:ro] [141/386] Building C object zephyr/subsys/input/CMakeFiles/subsys__input.dir/input_hid.c.obj
[nereid:rw] [24/402] Building C object zephyr/CMakeFiles/zephyr.dir/lib/utils/timeutil.c.obj
[adlrvp_npcx:ro] [250/394] Building C object CMakeFiles/app.dir/mnt/host/source/src/platform/ec/build/zephyr/adlrvp_npcx/modules/ec/common/queue.c.obj
[fatcatrvp-npcx:ro] [142/386] Linking C static library zephyr/lib/smf/liblib__smf.a
[adlrvp_npcx:ro] [251/394] Building C object CMakeFiles/app.dir/mnt/host/source/src/platform/ec/build/zephyr/adlrvp_npcx/modules/ec/common/system.c.obj
[adlrvp_npcx:ro] [252/394] Building C object CMakeFiles/app.dir/mnt/host/source/src/platform/ec/build/zephyr/adlrvp_npcx/modules/ec/common/system_boot_time.c.obj
[fatcatrvp-npcx:ro] [143/386] Building C object zephyr/subsys/input/CMakeFiles/subsys__input.dir/input.c.obj
[fatcatrvp-npcx:ro] [144/386] Building C object zephyr/subsys/input/CMakeFiles/subsys__input.dir/input_utils.c.obj
[adlrvp_npcx:ro] [253/394] Building C object CMakeFiles/app.dir/mnt/host/source/src/platform/ec/build/zephyr/adlrvp_npcx/modules/ec/common/uart_printf.c.obj
[fatcatrvp-npcx:ro] [145/386] Linking C static library zephyr/subsys/input/libsubsys__input.a
[fatcatrvp-npcx:ro] [146/386] Building C object zephyr/drivers/adc/CMakeFiles/drivers__adc.dir/adc_common.c.obj
[fatcatrvp-npcx:ro] [147/386] Building C object zephyr/drivers/interrupt_controller/CMakeFiles/drivers__interrupt_controller.dir/intc_miwu.c.obj
[nereid:rw] [25/402] Building C object zephyr/CMakeFiles/zephyr.dir/lib/utils/bitarray.c.obj
[/mnt/host/source/src/platform/ec/build/zephyr/squirtle-lcov]   /mnt/host/source/src/platform/ec/build/zephyr/squirtle/build-ro/zephyr/arch/arch/arm/core/mpu/CMakeFiles/arch__arm__core__mpu.dir/arm_mpu_regions.c.gcno:no functions found
[/mnt/host/source/src/platform/ec/build/zephyr/squirtle-lcov] stderr:
[adlrvp_npcx:ro] [254/394] Building C object CMakeFiles/app.dir/mnt/host/source/src/platform/ec/build/zephyr/adlrvp_npcx/modules/ec/common/util.c.obj
[fatcatrvp-npcx:ro] [148/386] Linking C static library zephyr/drivers/interrupt_controller/libdrivers__interrupt_controller.a
[adlrvp_npcx:ro] [255/394] Building C object CMakeFiles/app.dir/mnt/host/source/src/platform/ec/build/zephyr/adlrvp_npcx/modules/ec/common/version.c.obj
[fatcatrvp-npcx:ro] [149/386] Building C object zephyr/drivers/bbram/CMakeFiles/drivers__bbram.dir/bbram_npcx.c.obj
[fatcatrvp-npcx:ro] [150/386] Building C object zephyr/drivers/adc/CMakeFiles/drivers__adc.dir/adc_npcx.c.obj
[nereid:rw] [26/402] Building C object zephyr/CMakeFiles/zephyr.dir/lib/utils/bitmask.c.obj
[adlrvp_npcx:ro] [256/394] Building C object CMakeFiles/app.dir/mnt/host/source/src/platform/ec/build/zephyr/adlrvp_npcx/modules/ec/common/adc.c.obj
[fatcatrvp-npcx:ro] [151/386] Linking C static library zephyr/drivers/bbram/libdrivers__bbram.a
[fatcatrvp-npcx:ro] [152/386] Linking C static library zephyr/drivers/adc/libdrivers__adc.a
[adlrvp_npcx:ro] [257/394] Building C object CMakeFiles/app.dir/mnt/host/source/src/platform/ec/build/zephyr/adlrvp_npcx/modules/ec/common/power_button_x86.c.obj
[adlrvp_npcx:ro] [258/394] Building C object CMakeFiles/app.dir/mnt/host/source/src/platform/ec/build/zephyr/adlrvp_npcx/modules/ec/common/acpi.c.obj
[fatcatrvp-npcx:ro] [153/386] Building C object zephyr/drivers/clock_control/CMakeFiles/drivers__clock_control.dir/clock_control_npcx.c.obj
[fatcatrvp-npcx:ro] [154/386] Linking C static library zephyr/drivers/clock_control/libdrivers__clock_control.a
[fatcatrvp-npcx:ro] [155/386] Building C object zephyr/drivers/console/CMakeFiles/drivers__console.dir/uart_console.c.obj
[adlrvp_npcx:ro] [259/394] Building C object CMakeFiles/app.dir/mnt/host/source/src/platform/ec/build/zephyr/adlrvp_npcx/modules/ec/common/battery.c.obj
[fatcatrvp-npcx:ro] [156/386] Building C object zephyr/drivers/crypto/CMakeFiles/drivers__crypto.dir/crypto_npcx_sha.c.obj
[adlrvp_npcx:ro] [260/394] Building C object CMakeFiles/app.dir/mnt/host/source/src/platform/ec/build/zephyr/adlrvp_npcx/modules/ec/common/battery_info.c.obj
[fatcatrvp-npcx:ro] [157/386] Linking C static library zephyr/drivers/console/libdrivers__console.a
[fatcatrvp-npcx:ro] [158/386] Linking C static library zephyr/drivers/crypto/libdrivers__crypto.a
[nereid:rw] [27/402] Building C object zephyr/CMakeFiles/zephyr.dir/lib/utils/getopt/getopt.c.obj
[/mnt/host/source/src/platform/ec/build/zephyr/squirtle-lcov]   /mnt/host/source/src/platform/ec/build/zephyr/squirtle/build-ro/zephyr/arch/common/CMakeFiles/isr_tables.dir/isr_tables.c.gcno:no functions found
[/mnt/host/source/src/platform/ec/build/zephyr/squirtle-lcov] stderr:
[adlrvp_npcx:ro] [261/394] Building C object CMakeFiles/app.dir/mnt/host/source/src/platform/ec/build/zephyr/adlrvp_npcx/modules/ec/common/battery_fuel_gauge.c.obj
[adlrvp_npcx:ro] [262/394] Building C object CMakeFiles/app.dir/mnt/host/source/src/platform/ec/build/zephyr/adlrvp_npcx/modules/ec/driver/battery/smart.c.obj
[fatcatrvp-npcx:ro] [159/386] Building C object zephyr/drivers/espi/CMakeFiles/drivers__espi.dir/espi_npcx.c.obj
[fatcatrvp-npcx:ro] [160/386] Building C object zephyr/drivers/flash/CMakeFiles/drivers__flash.dir/jesd216.c.obj
[fatcatrvp-npcx:ro] [161/386] Building C object zephyr/drivers/espi/CMakeFiles/drivers__espi.dir/host_subs_npcx.c.obj
[adlrvp_npcx:ro] [263/394] Building C object CMakeFiles/app.dir/mnt/host/source/src/platform/ec/build/zephyr/adlrvp_npcx/modules/ec/driver/charger/isl9241.c.obj
[fatcatrvp-npcx:ro] [162/386] Linking C static library zephyr/drivers/espi/libdrivers__espi.a
[adlrvp_npcx:ro] [264/394] Building C object CMakeFiles/app.dir/mnt/host/source/src/platform/ec/build/zephyr/adlrvp_npcx/modules/ec/driver/charger/bq25710.c.obj
[fatcatrvp-npcx:ro] [163/386] Building C object zephyr/drivers/flash/CMakeFiles/drivers__flash.dir/flash_npcx_fiu_nor.c.obj
[nereid:rw] [28/402] Building C object zephyr/CMakeFiles/zephyr.dir/lib/utils/getopt/getopt_common.c.obj
[adlrvp_npcx:ro] [265/394] Building C object CMakeFiles/app.dir/mnt/host/source/src/platform/ec/build/zephyr/adlrvp_npcx/modules/ec/common/charger.c.obj
[fatcatrvp-npcx:ro] [164/386] Building C object zephyr/drivers/flash/CMakeFiles/drivers__flash.dir/flash_npcx_fiu_qspi.c.obj
[adlrvp_npcx:ro] [266/394] Building C object CMakeFiles/app.dir/mnt/host/source/src/platform/ec/build/zephyr/adlrvp_npcx/modules/ec/common/charge_state.c.obj
[fatcatrvp-npcx:ro] [165/386] Linking C static library zephyr/drivers/flash/libdrivers__flash.a
[nereid:rw] [29/402] Building C object zephyr/CMakeFiles/zephyr.dir/lib/utils/ring_buffer.c.obj
[adlrvp_npcx:ro] [267/394] Building C object CMakeFiles/app.dir/mnt/host/source/src/platform/ec/build/zephyr/adlrvp_npcx/modules/ec/common/cbi_common.c.obj
[adlrvp_npcx:ro] [268/394] Building C object CMakeFiles/app.dir/mnt/host/source/src/platform/ec/build/zephyr/adlrvp_npcx/modules/ec/common/cbi_config.c.obj
[fatcatrvp-npcx:ro] [166/386] Building C object zephyr/drivers/gpio/CMakeFiles/drivers__gpio.dir/gpio_ite_it8801.c.obj
[fatcatrvp-npcx:ro] [167/386] Building C object zephyr/drivers/gpio/CMakeFiles/drivers__gpio.dir/gpio_npcx.c.obj
[adlrvp_npcx:ro] [269/394] Building C object CMakeFiles/app.dir/mnt/host/source/src/platform/ec/build/zephyr/adlrvp_npcx/modules/ec/common/charge_manager.c.obj
[adlrvp_npcx:ro] [270/394] Building C object CMakeFiles/app.dir/mnt/host/source/src/platform/ec/build/zephyr/adlrvp_npcx/modules/ec/common/cbi.c.obj
[fatcatrvp-npcx:ro] [168/386] Building C object zephyr/drivers/gpio/CMakeFiles/drivers__gpio.dir/gpio_pca95xx.c.obj
[nereid:rw] [30/402] Building C object zephyr/CMakeFiles/zephyr.dir/lib/utils/last_section_id.c.obj
[fatcatrvp-npcx:ro] [169/386] Building C object zephyr/drivers/i2c/CMakeFiles/drivers__i2c.dir/i2c_common.c.obj
[fatcatrvp-npcx:ro] [170/386] Linking C static library zephyr/drivers/gpio/libdrivers__gpio.a
[nereid:rw] [31/402] Building C object zephyr/CMakeFiles/zephyr.dir/misc/generated/configs.c.obj
[adlrvp_npcx:ro] [271/394] Building C object CMakeFiles/app.dir/mnt/host/source/src/platform/ec/build/zephyr/adlrvp_npcx/modules/ec/common/memory_commands.c.obj
[fatcatrvp-npcx:ro] [171/386] Building C object zephyr/drivers/i2c/CMakeFiles/drivers__i2c.dir/i2c_shell.c.obj
[adlrvp_npcx:ro] [272/394] Building C object CMakeFiles/app.dir/mnt/host/source/src/platform/ec/build/zephyr/adlrvp_npcx/modules/ec/common/dptf.c.obj
[nereid:rw] [32/402] Building ASM object zephyr/CMakeFiles/zephyr.dir/soc/ite/ec/common/soc_irq.S.obj
[fatcatrvp-npcx:ro] [172/386] Building C object zephyr/drivers/i2c/CMakeFiles/drivers__i2c.dir/i2c_npcx_controller_fifo.c.obj
[adlrvp_npcx:ro] [273/394] Building C object CMakeFiles/app.dir/mnt/host/source/src/platform/ec/build/zephyr/adlrvp_npcx/modules/ec/common/ap_reset_log.c.obj
[adlrvp_npcx:ro] [274/394] Building C object CMakeFiles/app.dir/mnt/host/source/src/platform/ec/build/zephyr/adlrvp_npcx/modules/ec/common/chipset.c.obj
[fatcatrvp-npcx:ro] [173/386] Building C object zephyr/drivers/i2c/CMakeFiles/drivers__i2c.dir/i2c_npcx_controller.c.obj
[adlrvp_npcx:ro] [275/394] Building C object CMakeFiles/app.dir/mnt/host/source/src/platform/ec/build/zephyr/adlrvp_npcx/modules/ec/common/extpower_gpio.c.obj
[fatcatrvp-npcx:ro] [174/386] Building C object zephyr/drivers/input/CMakeFiles/drivers__input.dir/input_kbd_matrix.c.obj
[adlrvp_npcx:ro] [276/394] Building C object CMakeFiles/app.dir/mnt/host/source/src/platform/ec/build/zephyr/adlrvp_npcx/modules/ec/common/espi.c.obj
[fatcatrvp-npcx:ro] [175/386] Building C object zephyr/drivers/i2c/CMakeFiles/drivers__i2c.dir/i2c_npcx_port.c.obj
[adlrvp_npcx:ro] [277/394] Building C object CMakeFiles/app.dir/mnt/host/source/src/platform/ec/build/zephyr/adlrvp_npcx/modules/ec/common/extpower_common.c.obj
[fatcatrvp-npcx:ro] [176/386] Building C object zephyr/drivers/input/CMakeFiles/drivers__input.dir/input_npcx_kbd.c.obj
[fatcatrvp-npcx:ro] [177/386] Linking C static library zephyr/drivers/i2c/libdrivers__i2c.a
[fatcatrvp-npcx:ro] [178/386] Linking C static library zephyr/drivers/input/libdrivers__input.a
[nereid:rw] [33/402] Building C object zephyr/CMakeFiles/zephyr.dir/soc/ite/ec/common/soc_common_irq.c.obj
[fatcatrvp-npcx:ro] [179/386] Building C object zephyr/drivers/mfd/CMakeFiles/drivers__mfd.dir/mfd_ite_it8801.c.obj
[fatcatrvp-npcx:ro] [180/386] Building C object zephyr/drivers/sensor/CMakeFiles/drivers__sensor.dir/mnt/host/source/src/third_party/zephyr/main/misc/empty_file.c.obj
[fatcatrvp-npcx:ro] [181/386] Linking C static library zephyr/drivers/sensor/libdrivers__sensor.a
[fatcatrvp-npcx:ro] [182/386] Building C object zephyr/drivers/pinctrl/CMakeFiles/drivers__pinctrl.dir/common.c.obj
[adlrvp_npcx:ro] [278/394] Building C object CMakeFiles/app.dir/mnt/host/source/src/platform/ec/build/zephyr/adlrvp_npcx/modules/ec/common/fan.c.obj
[adlrvp_npcx:ro] [279/394] Building C object CMakeFiles/app.dir/mnt/host/source/src/platform/ec/build/zephyr/adlrvp_npcx/modules/ec/common/flash.c.obj
[fatcatrvp-npcx:ro] [183/386] Building C object zephyr/drivers/mfd/CMakeFiles/drivers__mfd.dir/mfd_it8801_altctrl.c.obj
[fatcatrvp-npcx:ro] [184/386] Building C object zephyr/drivers/pinctrl/CMakeFiles/drivers__pinctrl.dir/pinctrl_npcx.c.obj
[fatcatrvp-npcx:ro] [185/386] Linking C static library zephyr/drivers/mfd/libdrivers__mfd.a
[fatcatrvp-npcx:ro] [186/386] Linking C static library zephyr/drivers/pinctrl/libdrivers__pinctrl.a
[adlrvp_npcx:ro] [280/394] Building C object CMakeFiles/app.dir/mnt/host/source/src/platform/ec/build/zephyr/adlrvp_npcx/modules/ec/common/host_command_task.c.obj
[adlrvp_npcx:ro] [281/394] Building C object CMakeFiles/app.dir/mnt/host/source/src/platform/ec/build/zephyr/adlrvp_npcx/modules/ec/common/host_command.c.obj
[adlrvp_npcx:ro] [282/394] Building C object CMakeFiles/app.dir/mnt/host/source/src/platform/ec/build/zephyr/adlrvp_npcx/modules/ec/common/uptime.c.obj
[nereid:rw] [34/402] Building C object zephyr/CMakeFiles/zephyr.dir/soc/ite/ec/common/power.c.obj
[adlrvp_npcx:ro] [283/394] Building C object CMakeFiles/app.dir/mnt/host/source/src/platform/ec/build/zephyr/adlrvp_npcx/modules/ec/common/host_event_commands.c.obj
[adlrvp_npcx:ro] [284/394] Building C object CMakeFiles/app.dir/mnt/host/source/src/platform/ec/build/zephyr/adlrvp_npcx/modules/ec/common/uart_hostcmd.c.obj
[fatcatrvp-npcx:ro] [187/386] Building C object zephyr/drivers/pwm/CMakeFiles/drivers__pwm.dir/pwm_shell.c.obj
[fatcatrvp-npcx:ro] [188/386] Building C object zephyr/drivers/pwm/CMakeFiles/drivers__pwm.dir/pwm_npcx.c.obj
[/mnt/host/source/src/platform/ec/build/zephyr/pirrha-lcov]   /mnt/host/source/src/platform/ec/build/zephyr/pirrha/build-ro/CMakeFiles/app.dir/mnt/host/source/src/platform/ec/build/zephyr/pirrha/modules/ec/common/cbi_config.c.gcno:no functions found
[fatcatrvp-npcx:ro] [189/386] Linking C static library zephyr/drivers/pwm/libdrivers__pwm.a
[/mnt/host/source/src/platform/ec/build/zephyr/pirrha-lcov] stderr:
[fatcatrvp-npcx:ro] [190/386] Building C object zephyr/drivers/sensor/nuvoton/nuvoton_tach_npcx/CMakeFiles/drivers__sensor__nuvoton__nuvoton_tach_npcx.dir/tach_nuvoton_npcx.c.obj
[fatcatrvp-npcx:ro] [191/386] Building C object zephyr/drivers/serial/CMakeFiles/drivers__serial.dir/uart_npcx.c.obj
[fatcatrvp-npcx:ro] [192/386] Building C object zephyr/drivers/syscon/CMakeFiles/drivers__syscon.dir/syscon.c.obj
[fatcatrvp-npcx:ro] [193/386] Linking C static library zephyr/drivers/sensor/nuvoton/nuvoton_tach_npcx/libdrivers__sensor__nuvoton__nuvoton_tach_npcx.a
[fatcatrvp-npcx:ro] [194/386] Linking C static library zephyr/drivers/serial/libdrivers__serial.a
[fatcatrvp-npcx:ro] [195/386] Linking C static library zephyr/drivers/syscon/libdrivers__syscon.a
[fatcatrvp-npcx:ro] [196/386] Building C object zephyr/drivers/timer/CMakeFiles/drivers__timer.dir/sys_clock_init.c.obj
[nereid:rw] [35/402] Building C object zephyr/CMakeFiles/zephyr.dir/soc/ite/ec/common/policy.c.obj
[/mnt/host/source/src/platform/ec/build/zephyr/pirrha-lcov]   /mnt/host/source/src/platform/ec/build/zephyr/pirrha/build-ro/zephyr/arch/arch/riscv/core/CMakeFiles/arch__riscv__core.dir/cpu_idle.c.gcno:no functions found
[/mnt/host/source/src/platform/ec/build/zephyr/pirrha-lcov] stderr:
[adlrvp_npcx:ro] [285/394] Building C object CMakeFiles/app.dir/mnt/host/source/src/platform/ec/build/zephyr/adlrvp_npcx/modules/ec/common/i2c_passthru.c.obj
[/mnt/host/source/src/platform/ec/build/zephyr/squirtle-lcov]   /mnt/host/source/src/platform/ec/build/zephyr/squirtle/build-ro/zephyr/CMakeFiles/zephyr.dir/subsys/shell/modules/kernel_service/kernel_shell.c.gcno:no functions found
[/mnt/host/source/src/platform/ec/build/zephyr/squirtle-lcov] stderr:
[adlrvp_npcx:ro] [286/394] Building C object CMakeFiles/app.dir/mnt/host/source/src/platform/ec/build/zephyr/adlrvp_npcx/modules/ec/common/i2c_controller.c.obj
[fatcatrvp-npcx:ro] [197/386] Building C object zephyr/drivers/timer/CMakeFiles/drivers__timer.dir/npcx_itim_timer.c.obj
[adlrvp_npcx:ro] [287/394] Building C object CMakeFiles/app.dir/mnt/host/source/src/platform/ec/build/zephyr/adlrvp_npcx/modules/ec/driver/ioexpander/pca9675.c.obj
[fatcatrvp-npcx:ro] [198/386] Linking C static library zephyr/drivers/timer/libdrivers__timer.a
[/mnt/host/source/src/platform/ec/build/zephyr/squirtle-lcov]   /mnt/host/source/src/platform/ec/build/zephyr/squirtle/build-ro/zephyr/CMakeFiles/zephyr.dir/lib/libc/validate_libc.c.gcno:no functions found
[/mnt/host/source/src/platform/ec/build/zephyr/squirtle-lcov] stderr:
[fatcatrvp-npcx:ro] [199/386] Building C object zephyr/drivers/watchdog/CMakeFiles/drivers__watchdog.dir/wdt_npcx.c.obj
[adlrvp_npcx:ro] [288/394] Building C object CMakeFiles/app.dir/mnt/host/source/src/platform/ec/build/zephyr/adlrvp_npcx/modules/ec/common/keyboard_8042.c.obj
[adlrvp_npcx:ro] [289/394] Building C object CMakeFiles/app.dir/mnt/host/source/src/platform/ec/build/zephyr/adlrvp_npcx/modules/ec/common/led_common.c.obj
[adlrvp_npcx:ro] [290/394] Building C object CMakeFiles/app.dir/mnt/host/source/src/platform/ec/build/zephyr/adlrvp_npcx/modules/ec/common/keyboard_8042_sharedlib.c.obj
[adlrvp_npcx:ro] [291/394] Building C object CMakeFiles/app.dir/mnt/host/source/src/platform/ec/build/zephyr/adlrvp_npcx/modules/ec/common/keyboard_scan.c.obj
[nereid:rw] [36/402] Building C object zephyr/CMakeFiles/zephyr.dir/soc/ite/ec/it8xxx2/soc.c.obj
[fatcatrvp-npcx:ro] [200/386] Building C object zephyr/drivers/watchdog/CMakeFiles/drivers__watchdog.dir/wdt_shell.c.obj
[fatcatrvp-npcx:ro] [201/386] Building C object modules/ec/zephyr/CMakeFiles/ec_shim.dir/app/ec/main_shim.c.obj
[fatcatrvp-npcx:ro] [202/386] Linking C static library zephyr/drivers/watchdog/libdrivers__watchdog.a
[fatcatrvp-npcx:ro] [203/386] Building C object modules/ec/zephyr/CMakeFiles/ec_shim.dir/drivers/keyboard_input/keyboard_customization_check.c.obj
[fatcatrvp-npcx:ro] [204/386] Building C object modules/ec/zephyr/CMakeFiles/ec_shim.dir/app/ec/ec_app_main.c.obj
[fatcatrvp-npcx:ro] [205/386] Building C object modules/ec/zephyr/CMakeFiles/ec_shim.dir/drivers/cros_flash/cros_flash_npcx.c.obj
[adlrvp_npcx:ro] [292/394] Building C object CMakeFiles/app.dir/mnt/host/source/src/platform/ec/build/zephyr/adlrvp_npcx/modules/ec/common/led_pwm.c.obj
[adlrvp_npcx:ro] [293/394] Building C object CMakeFiles/app.dir/mnt/host/source/src/platform/ec/build/zephyr/adlrvp_npcx/modules/ec/common/lid_switch.c.obj
[adlrvp_npcx:ro] [294/394] Building C object CMakeFiles/app.dir/mnt/host/source/src/platform/ec/build/zephyr/adlrvp_npcx/modules/ec/common/port80.c.obj
[nereid:rw] [37/402] Building C object zephyr/CMakeFiles/zephyr.dir/soc/ite/ec/it8xxx2/check_regs.c.obj
[fatcatrvp-npcx:ro] [206/386] Building C object modules/ec/zephyr/CMakeFiles/ec_shim.dir/drivers/cros_system/cros_system_npcx.c.obj
[fatcatrvp-npcx:ro] [207/386] Building C object modules/ec/zephyr/CMakeFiles/ec_shim.dir/drivers/keyboard_input/keyboard_input.c.obj
[/mnt/host/source/src/platform/ec/build/zephyr/pirrha-lcov]   /mnt/host/source/src/platform/ec/build/zephyr/pirrha/build-ro/zephyr/arch/common/CMakeFiles/isr_tables.dir/isr_tables.c.gcno:no functions found
[/mnt/host/source/src/platform/ec/build/zephyr/pirrha-lcov] stderr:
[adlrvp_npcx:ro] [295/394] Building C object CMakeFiles/app.dir/mnt/host/source/src/platform/ec/build/zephyr/adlrvp_npcx/modules/ec/power/icelake.c.obj
[adlrvp_npcx:ro] [296/394] Building C object CMakeFiles/app.dir/mnt/host/source/src/platform/ec/build/zephyr/adlrvp_npcx/modules/ec/common/power_button.c.obj
[adlrvp_npcx:ro] [297/394] Building C object CMakeFiles/app.dir/mnt/host/source/src/platform/ec/build/zephyr/adlrvp_npcx/modules/ec/power/intel_x86.c.obj
[fatcatrvp-npcx:ro] [208/386] Building C object modules/ec/zephyr/CMakeFiles/ec_shim.dir/drivers/usbc/ucsi_v3.c.obj
[nereid:rw] [38/402] Building ASM object zephyr/CMakeFiles/zephyr.dir/soc/ite/ec/it8xxx2/vector.S.obj
[adlrvp_npcx:ro] [298/394] Building C object CMakeFiles/app.dir/mnt/host/source/src/platform/ec/build/zephyr/adlrvp_npcx/modules/ec/power/common.c.obj
[/mnt/host/source/src/platform/ec/build/zephyr/squirtle-lcov]   /mnt/host/source/src/platform/ec/build/zephyr/squirtle/build-ro/zephyr/CMakeFiles/zephyr.dir/lib/utils/last_section_id.c.gcno:no functions found
[/mnt/host/source/src/platform/ec/build/zephyr/squirtle-lcov] stderr:
[nereid:rw] [39/402] Building ASM object zephyr/CMakeFiles/zephyr.dir/soc/ite/ec/it8xxx2/__arithmetic.S.obj
[fatcatrvp-npcx:ro] [209/386] Building C object modules/ec/zephyr/CMakeFiles/ec_shim.dir/drivers/boot_keys/boot_keys.c.obj
[fatcatrvp-npcx:ro] [210/386] Building C object modules/ec/zephyr/CMakeFiles/ec_shim.dir/drivers/runtime_keys/runtime_keys.c.obj
[fatcatrvp-npcx:ro] [211/386] Building C object modules/ec/zephyr/CMakeFiles/ec_shim.dir/drivers/usbc/pdc_rts54xx.c.obj
[adlrvp_npcx:ro] [299/394] Building C object CMakeFiles/app.dir/mnt/host/source/src/platform/ec/build/zephyr/adlrvp_npcx/modules/ec/common/sha256.c.obj
[adlrvp_npcx:ro] [300/394] Building C object CMakeFiles/app.dir/mnt/host/source/src/platform/ec/build/zephyr/adlrvp_npcx/modules/ec/power/host_sleep.c.obj
[fatcatrvp-npcx:ro] [212/386] Building C object modules/ec/zephyr/CMakeFiles/ec_shim.dir/shim/chip/npcx/clock.c.obj
[adlrvp_npcx:ro] [301/394] Building C object CMakeFiles/app.dir/mnt/host/source/src/platform/ec/build/zephyr/adlrvp_npcx/modules/ec/common/panic_output.c.obj
[fatcatrvp-npcx:ro] [213/386] Building C object modules/ec/zephyr/CMakeFiles/ec_shim.dir/drivers/vivaldi_kbd/vivaldi_kbd.c.obj
[adlrvp_npcx:ro] [302/394] Building C object CMakeFiles/app.dir/mnt/host/source/src/platform/ec/build/zephyr/adlrvp_npcx/modules/ec/common/switch.c.obj
[adlrvp_npcx:ro] [303/394] Building C object CMakeFiles/app.dir/mnt/host/source/src/platform/ec/build/zephyr/adlrvp_npcx/modules/ec/common/spi_flash_reg.c.obj
[adlrvp_npcx:ro] [304/394] Building C object CMakeFiles/app.dir/mnt/host/source/src/platform/ec/build/zephyr/adlrvp_npcx/modules/ec/common/shared_mem.c.obj
[fatcatrvp-npcx:ro] [214/386] Building C object modules/ec/zephyr/CMakeFiles/ec_shim.dir/shim/chip/npcx/gpio.c.obj
[nereid:rw] [40/402] Building C object zephyr/CMakeFiles/zephyr.dir/soc/ite/ec/it8xxx2/ilm.c.obj
[fatcatrvp-npcx:ro] [215/386] Building C object modules/ec/zephyr/CMakeFiles/ec_shim.dir/shim/chip/npcx/rom_chip.c.obj
[adlrvp_npcx:ro] [305/394] Building C object CMakeFiles/app.dir/mnt/host/source/src/platform/ec/build/zephyr/adlrvp_npcx/modules/ec/common/thermal.c.obj
[fatcatrvp-npcx:ro] [216/386] Building C object modules/ec/zephyr/CMakeFiles/ec_shim.dir/shim/chip/npcx/system.c.obj
[fatcatrvp-npcx:ro] [217/386] Building C object modules/ec/zephyr/CMakeFiles/ec_shim.dir/shim/src/crc.c.obj
[nereid:rw] [41/402] Building C object zephyr/CMakeFiles/zephyr.dir/subsys/logging/log_minimal.c.obj
[fatcatrvp-npcx:ro] [218/386] Building C object modules/ec/zephyr/CMakeFiles/ec_shim.dir/shim/chip/npcx/power_policy.c.obj
[adlrvp_npcx:ro] [306/394] Building C object CMakeFiles/app.dir/mnt/host/source/src/platform/ec/build/zephyr/adlrvp_npcx/modules/ec/common/temp_sensor.c.obj
[fatcatrvp-npcx:ro] [219/386] Building C object modules/ec/zephyr/CMakeFiles/ec_shim.dir/shim/chip/npcx/system_external_storage.c.obj
[adlrvp_npcx:ro] [307/394] Building C object CMakeFiles/app.dir/mnt/host/source/src/platform/ec/build/zephyr/adlrvp_npcx/modules/ec/driver/temp_sensor/thermistor.c.obj
[fatcatrvp-npcx:ro] [220/386] Building C object modules/ec/zephyr/CMakeFiles/ec_shim.dir/shim/core/cortex-m/mpu.c.obj
[fatcatrvp-npcx:ro] [221/386] Building C object modules/ec/zephyr/CMakeFiles/ec_shim.dir/shim/core/cortex-m/panic.c.obj
[adlrvp_npcx:ro] [308/394] Building C object CMakeFiles/app.dir/mnt/host/source/src/platform/ec/build/zephyr/adlrvp_npcx/modules/ec/common/throttle_ap.c.obj
[adlrvp_npcx:ro] [309/394] Building C object CMakeFiles/app.dir/mnt/host/source/src/platform/ec/build/zephyr/adlrvp_npcx/modules/ec/common/timer.c.obj
[adlrvp_npcx:ro] [310/394] Building C object CMakeFiles/app.dir/mnt/host/source/src/platform/ec/build/zephyr/adlrvp_npcx/modules/ec/common/typec_control.c.obj
[adlrvp_npcx:ro] [311/394] Building C object CMakeFiles/app.dir/mnt/host/source/src/platform/ec/build/zephyr/adlrvp_npcx/modules/ec/common/usb_common.c.obj
[adlrvp_npcx:ro] [312/394] Building C object CMakeFiles/app.dir/mnt/host/source/src/platform/ec/build/zephyr/adlrvp_npcx/modules/ec/common/usb_pd_pdo.c.obj
[fatcatrvp-npcx:ro] [222/386] Building C object modules/ec/zephyr/CMakeFiles/ec_shim.dir/shim/src/console.c.obj
[nereid:rw] [42/402] Building C object zephyr/CMakeFiles/zephyr.dir/subsys/pm/pm.c.obj
[fatcatrvp-npcx:ro] [223/386] Building C object modules/ec/zephyr/CMakeFiles/ec_shim.dir/shim/src/panic_utils.c.obj
[fatcatrvp-npcx:ro] [224/386] Building C object modules/ec/zephyr/CMakeFiles/ec_shim.dir/shim/src/gpio.c.obj
[adlrvp_npcx:ro] [313/394] Building C object CMakeFiles/app.dir/mnt/host/source/src/platform/ec/build/zephyr/adlrvp_npcx/modules/ec/common/usbc/usb_pd_timer.c.obj
[adlrvp_npcx:ro] [314/394] Building C object CMakeFiles/app.dir/mnt/host/source/src/platform/ec/build/zephyr/adlrvp_npcx/modules/ec/common/usbc/usbc_task.c.obj
[fatcatrvp-npcx:ro] [225/386] Building C object modules/ec/zephyr/CMakeFiles/ec_shim.dir/shim/src/pm_state.c.obj
[adlrvp_npcx:ro] [315/394] Building C object CMakeFiles/app.dir/mnt/host/source/src/platform/ec/build/zephyr/adlrvp_npcx/modules/ec/common/usbc/usb_sm.c.obj
[fatcatrvp-npcx:ro] [226/386] Building C object modules/ec/zephyr/CMakeFiles/ec_shim.dir/shim/src/gpio_int.c.obj
[fatcatrvp-npcx:ro] [227/386] Building C object modules/ec/zephyr/CMakeFiles/ec_shim.dir/shim/src/cbi/cros_cbi.c.obj
[fatcatrvp-npcx:ro] [228/386] Building C object modules/ec/zephyr/CMakeFiles/ec_shim.dir/shim/src/popcountsi2.c.obj
[fatcatrvp-npcx:ro] [229/386] Building ASM object modules/ec/zephyr/CMakeFiles/ec_shim.dir/shim/src/libgcc_arm.S.obj
[adlrvp_npcx:ro] [316/394] Building C object CMakeFiles/app.dir/mnt/host/source/src/platform/ec/build/zephyr/adlrvp_npcx/modules/ec/common/usbc_utils.c.obj
[nereid:rw] [43/402] Building C object zephyr/CMakeFiles/zephyr.dir/subsys/pm/state.c.obj
[adlrvp_npcx:ro] [317/394] Building C object CMakeFiles/app.dir/mnt/host/source/src/platform/ec/build/zephyr/adlrvp_npcx/modules/ec/common/usbc_intr_task.c.obj
[adlrvp_npcx:ro] [318/394] Building C object CMakeFiles/app.dir/mnt/host/source/src/platform/ec/build/zephyr/adlrvp_npcx/modules/ec/common/usb_pd_flags.c.obj
[adlrvp_npcx:ro] [319/394] Building C object CMakeFiles/app.dir/mnt/host/source/src/platform/ec/build/zephyr/adlrvp_npcx/modules/ec/common/chargen.c.obj
[fatcatrvp-npcx:ro] [230/386] Building C object modules/ec/zephyr/CMakeFiles/ec_shim.dir/shim/src/cbi/cbi_flash.c.obj
[fatcatrvp-npcx:ro] [231/386] Building C object modules/ec/zephyr/CMakeFiles/ec_shim.dir/shim/src/system.c.obj
[nereid:rw] [44/402] Building C object zephyr/CMakeFiles/zephyr.dir/subsys/pm/policy/policy_events.c.obj
[fatcatrvp-npcx:ro] [232/386] Building C object modules/ec/zephyr/CMakeFiles/ec_shim.dir/shim/src/battery.c.obj
[adlrvp_npcx:ro] [320/394] Building C object CMakeFiles/app.dir/mnt/host/source/src/platform/ec/build/zephyr/adlrvp_npcx/modules/ec/common/usbc/usb_pd_console.c.obj
[fatcatrvp-npcx:ro] [233/386] Building C object modules/ec/zephyr/CMakeFiles/ec_shim.dir/shim/src/pdc_shim.c.obj
[fatcatrvp-npcx:ro] [234/386] Building C object modules/ec/zephyr/CMakeFiles/ec_shim.dir/shim/src/charger.c.obj
[adlrvp_npcx:ro] [321/394] Building C object CMakeFiles/app.dir/mnt/host/source/src/platform/ec/build/zephyr/adlrvp_npcx/modules/ec/driver/retimer/bb_retimer.c.obj
[fatcatrvp-npcx:ro] [235/386] Building C object modules/ec/zephyr/CMakeFiles/ec_shim.dir/shim/src/adc.c.obj
[adlrvp_npcx:ro] [322/394] Building C object CMakeFiles/app.dir/mnt/host/source/src/platform/ec/build/zephyr/adlrvp_npcx/modules/ec/driver/usb_mux/usb_mux.c.obj
[adlrvp_npcx:ro] [323/394] Building C object CMakeFiles/app.dir/mnt/host/source/src/platform/ec/build/zephyr/adlrvp_npcx/modules/ec/driver/usb_mux/tusb1064.c.obj
[adlrvp_npcx:ro] [324/394] Building C object CMakeFiles/app.dir/mnt/host/source/src/platform/ec/build/zephyr/adlrvp_npcx/modules/ec/driver/usb_mux/virtual.c.obj
[/mnt/host/source/src/platform/ec/build/zephyr/pirrha-lcov]   /mnt/host/source/src/platform/ec/build/zephyr/pirrha/build-ro/zephyr/CMakeFiles/zephyr.dir/subsys/shell/modules/kernel_service/kernel_shell.c.gcno:no functions found
[/mnt/host/source/src/platform/ec/build/zephyr/pirrha-lcov] stderr:
[fatcatrvp-npcx:ro] [236/386] Building C object modules/ec/zephyr/CMakeFiles/ec_shim.dir/shim/src/chipset_api.c.obj
[nereid:rw] [45/402] Building C object zephyr/CMakeFiles/zephyr.dir/subsys/pm/policy/policy_latency.c.obj
[/mnt/host/source/src/platform/ec/build/zephyr/pirrha-lcov]   /mnt/host/source/src/platform/ec/build/zephyr/pirrha/build-ro/zephyr/CMakeFiles/zephyr.dir/lib/libc/validate_libc.c.gcno:no functions found
[/mnt/host/source/src/platform/ec/build/zephyr/pirrha-lcov] stderr:
[adlrvp_npcx:ro] [325/394] Building C object CMakeFiles/app.dir/mnt/host/source/src/platform/ec/build/zephyr/adlrvp_npcx/modules/ec/common/usbc/usb_prl_sm.c.obj
[adlrvp_npcx:ro] [326/394] Building C object CMakeFiles/app.dir/mnt/host/source/src/platform/ec/build/zephyr/adlrvp_npcx/modules/ec/common/usbc/usb_tc_drp_acc_trysrc_sm.c.obj
[fatcatrvp-npcx:ro] [237/386] Building C object modules/ec/zephyr/CMakeFiles/ec_shim.dir/shim/src/espi.c.obj
[fatcatrvp-npcx:ro] [238/386] Building C object modules/ec/zephyr/CMakeFiles/ec_shim.dir/shim/src/hooks.c.obj
[fatcatrvp-npcx:ro] [239/386] Building C object modules/ec/zephyr/CMakeFiles/ec_shim.dir/shim/src/flash.c.obj
[fatcatrvp-npcx:ro] [240/386] Building C object modules/ec/zephyr/CMakeFiles/ec_shim.dir/shim/src/fan.c.obj
[fatcatrvp-npcx:ro] [241/386] Building C object modules/ec/zephyr/CMakeFiles/ec_shim.dir/shim/src/host_command.c.obj
[adlrvp_npcx:ro] [327/394] Building C object CMakeFiles/app.dir/mnt/host/source/src/platform/ec/build/zephyr/adlrvp_npcx/modules/ec/common/usbc/usbc_pd_policy.c.obj
[nereid:rw] [46/402] Building C object zephyr/CMakeFiles/zephyr.dir/subsys/pm/policy/policy_state_lock.c.obj
[adlrvp_npcx:ro] [328/394] Building C object CMakeFiles/app.dir/mnt/host/source/src/platform/ec/build/zephyr/adlrvp_npcx/modules/ec/common/usbc/usb_pd_dpm.c.obj
[adlrvp_npcx:ro] [329/394] Building C object CMakeFiles/app.dir/mnt/host/source/src/platform/ec/build/zephyr/adlrvp_npcx/modules/ec/common/usbc/dp_alt_mode.c.obj
[fatcatrvp-npcx:ro] [242/386] Building C object modules/ec/zephyr/CMakeFiles/ec_shim.dir/shim/src/console_buffer.c.obj
[adlrvp_npcx:ro] [330/394] Building C object CMakeFiles/app.dir/mnt/host/source/src/platform/ec/build/zephyr/adlrvp_npcx/modules/ec/common/usbc/usb_mode.c.obj
[adlrvp_npcx:ro] [331/394] Building C object CMakeFiles/app.dir/mnt/host/source/src/platform/ec/build/zephyr/adlrvp_npcx/modules/ec/common/usbc/usb_pe_drp_sm.c.obj
[fatcatrvp-npcx:ro] [243/386] Building C object modules/ec/zephyr/CMakeFiles/ec_shim.dir/shim/src/mkbp_event.c.obj
[/mnt/host/source/src/platform/ec/build/zephyr/pirrha-lcov]   /mnt/host/source/src/platform/ec/build/zephyr/pirrha/build-ro/zephyr/CMakeFiles/zephyr.dir/lib/utils/last_section_id.c.gcno:no functions found
[/mnt/host/source/src/platform/ec/build/zephyr/pirrha-lcov] stderr:
[adlrvp_npcx:ro] [332/394] Building C object CMakeFiles/app.dir/mnt/host/source/src/platform/ec/build/zephyr/adlrvp_npcx/modules/ec/common/usbc/tbt_alt_mode.c.obj
[adlrvp_npcx:ro] [333/394] Building C object CMakeFiles/app.dir/mnt/host/source/src/platform/ec/build/zephyr/adlrvp_npcx/modules/ec/common/usbc/usb_retimer_fw_update.c.obj
[fatcatrvp-npcx:ro] [244/386] Building C object modules/ec/zephyr/CMakeFiles/ec_shim.dir/shim/src/panic.c.obj
[fatcatrvp-npcx:ro] [245/386] Building C object modules/ec/zephyr/CMakeFiles/ec_shim.dir/shim/src/hwtimer.c.obj
[nereid:rw] [47/402] Building C object zephyr/CMakeFiles/zephyr.dir/subsys/pm/device.c.obj
[fatcatrvp-npcx:ro] [246/386] Building C object modules/ec/zephyr/CMakeFiles/ec_shim.dir/shim/src/temp_sensors.c.obj
[fatcatrvp-npcx:ro] [247/386] Building C object modules/ec/zephyr/CMakeFiles/ec_shim.dir/shim/src/thermal.c.obj
[fatcatrvp-npcx:ro] [248/386] cd /mnt/host/source/src/platform/ec/build/zephyr/fatcatrvp-npcx/build-ro/modules/ec/zephyr && PYTHONPATH=/mnt/host/source/src/platform/ec/build/zephyr/fatcatrvp-npcx/modules/ec/zephyr/zmake/ /usr/bin/python3.11 /mnt/host/source/src/platform/ec/build/zephyr/fatcatrvp-npcx/modules/ec/zephyr/zmake/zephyr_build_tools/generate_ec_version.py /mnt/host/source/src/platform/ec/build/zephyr/fatcatrvp-npcx/build-ro/modules/ec/zephyr/include/ec_version.h --name Zephyr-Kernel --version 16543.0.0 --static
[adlrvp_npcx:ro] [334/394] Building C object CMakeFiles/app.dir/mnt/host/source/src/platform/ec/build/zephyr/adlrvp_npcx/modules/ec/common/usb_pd_console_cmd.c.obj
[fatcatrvp-npcx:ro] INFO:root:Using a static version string
[fatcatrvp-npcx:ro] INFO:root:Version string: Zephyr-Kernel-16543.0.0
[fatcatrvp-npcx:ro] INFO:root:Writing header to /mnt/host/source/src/platform/ec/build/zephyr/fatcatrvp-npcx/build-ro/modules/ec/zephyr/include/ec_version.h
[fatcatrvp-npcx:ro] [249/386] Building C object modules/ec/zephyr/CMakeFiles/ec_shim.dir/shim/src/i2c.c.obj
[adlrvp_npcx:ro] [335/394] Building C object CMakeFiles/app.dir/mnt/host/source/src/platform/ec/build/zephyr/adlrvp_npcx/modules/ec/common/usbc/usb_pd_host.c.obj
[adlrvp_npcx:ro] [336/394] Building C object CMakeFiles/app.dir/mnt/host/source/src/platform/ec/build/zephyr/adlrvp_npcx/modules/ec/common/usb_pd_host_cmd.c.obj
[adlrvp_npcx:ro] [337/394] Building C object CMakeFiles/app.dir/mnt/host/source/src/platform/ec/build/zephyr/adlrvp_npcx/modules/ec/common/usb_pd_host_cmd_common.c.obj
[adlrvp_npcx:ro] [338/394] Building C object CMakeFiles/app.dir/mnt/host/source/src/platform/ec/build/zephyr/adlrvp_npcx/modules/ec/zephyr/shim/src/tcpc.c.obj
[adlrvp_npcx:ro] [339/394] Building C object CMakeFiles/app.dir/mnt/host/source/src/platform/ec/build/zephyr/adlrvp_npcx/modules/ec/common/usbc_ocp.c.obj
[fatcatrvp-npcx:ro] [250/386] Building C object modules/ec/zephyr/CMakeFiles/ec_shim.dir/shim/src/tasks.c.obj
[nereid:rw] [48/402] Building C object zephyr/CMakeFiles/zephyr.dir/subsys/pm/device_system_managed.c.obj
[adlrvp_npcx:ro] [340/394] Building C object CMakeFiles/app.dir/mnt/host/source/src/platform/ec/build/zephyr/adlrvp_npcx/modules/ec/common/usb_pd_discovery.c.obj
[fatcatrvp-npcx:ro] [251/386] Building C object modules/ec/zephyr/CMakeFiles/ec_shim.dir/shim/src/watchdog.c.obj
[fatcatrvp-npcx:ro] [252/386] Building C object modules/ec/zephyr/CMakeFiles/ec_shim.dir/shim/src/power_host_sleep_api.c.obj
[fatcatrvp-npcx:ro] [253/386] Building C object modules/ec/zephyr/CMakeFiles/ec_shim.dir/shim/src/sha256_hw.c.obj
[fatcatrvp-npcx:ro] [254/386] Building C object CMakeFiles/app.dir/mnt/host/source/src/platform/ec/zephyr/subsys/ap_pwrseq/ap_events.c.obj
[fatcatrvp-npcx:ro] [255/386] Building C object CMakeFiles/app.dir/mnt/host/source/src/platform/ec/zephyr/subsys/ap_pwrseq/ap_power_interface.c.obj
[adlrvp_npcx:ro] [341/394] Building C object CMakeFiles/app.dir/mnt/host/source/src/platform/ec/build/zephyr/adlrvp_npcx/modules/ec/common/usb_pd_dual_role.c.obj
[adlrvp_npcx:ro] [342/394] Building C object CMakeFiles/app.dir/mnt/host/source/src/platform/ec/build/zephyr/adlrvp_npcx/modules/ec/common/usbc_ppc.c.obj
[nereid:rw] [49/402] Building C object zephyr/CMakeFiles/zephyr.dir/subsys/testsuite/coverage/coverage.c.obj
[adlrvp_npcx:ro] [343/394] Building C object CMakeFiles/app.dir/mnt/host/source/src/platform/ec/build/zephyr/adlrvp_npcx/modules/ec/driver/tcpm/fusb302.c.obj
[adlrvp_npcx:ro] [344/394] Building C object CMakeFiles/app.dir/mnt/host/source/src/platform/ec/build/zephyr/adlrvp_npcx/modules/ec/driver/tcpm/tcpci.c.obj
[adlrvp_npcx:ro] [345/394] Building C object CMakeFiles/app.dir/mnt/host/source/src/platform/ec/build/zephyr/adlrvp_npcx/modules/ec/driver/ppc/sn5s330.c.obj
[fatcatrvp-npcx:ro] [256/386] Building C object CMakeFiles/app.dir/mnt/host/source/src/platform/ec/zephyr/subsys/ap_pwrseq/power_signals.c.obj
[adlrvp_npcx:ro] [346/394] Building C object CMakeFiles/app.dir/mnt/host/source/src/platform/ec/build/zephyr/adlrvp_npcx/modules/ec/common/button.c.obj
[adlrvp_npcx:ro] [347/394] Building C object CMakeFiles/app.dir/mnt/host/source/src/platform/ec/build/zephyr/adlrvp_npcx/modules/ec/common/vboot_hash.c.obj
[fatcatrvp-npcx:ro] [257/386] Building C object CMakeFiles/app.dir/mnt/host/source/src/platform/ec/zephyr/subsys/ap_pwrseq/signal_vw.c.obj
[fatcatrvp-npcx:ro] [258/386] Building C object CMakeFiles/app.dir/mnt/host/source/src/platform/ec/zephyr/subsys/ap_pwrseq/ap_pwrseq.c.obj
[fatcatrvp-npcx:ro] [259/386] Building C object CMakeFiles/app.dir/mnt/host/source/src/platform/ec/zephyr/subsys/ap_pwrseq/signal_gpio.c.obj
[nereid:rw] [50/402] Building C object zephyr/CMakeFiles/zephyr.dir/subsys/tracing/tracing_none.c.obj
[fatcatrvp-npcx:ro] [260/386] Building C object CMakeFiles/app.dir/mnt/host/source/src/platform/ec/zephyr/subsys/ap_pwrseq/power_host_sleep.c.obj
[fatcatrvp-npcx:ro] [261/386] Building C object CMakeFiles/app.dir/mnt/host/source/src/platform/ec/zephyr/subsys/ap_pwrseq/ap_pwrseq_sm.c.obj
[adlrvp_npcx:ro] [348/394] Building C object CMakeFiles/app.dir/mnt/host/source/src/platform/ec/build/zephyr/adlrvp_npcx/modules/ec/common/vboot/efs2.c.obj
[adlrvp_npcx:ro] [349/394] Building C object CMakeFiles/app.dir/mnt/host/source/src/platform/ec/build/zephyr/adlrvp_npcx/modules/ec/common/rtc.c.obj
[adlrvp_npcx:ro] [350/394] Building C object CMakeFiles/app.dir/mnt/host/source/src/platform/ec/build/zephyr/adlrvp_npcx/modules/ec/common/vstore.c.obj
[adlrvp_npcx:ro] [351/394] Building C object CMakeFiles/app.dir/mnt/host/source/src/platform/ec/build/zephyr/adlrvp_npcx/modules/ec/common/math_util.c.obj
[adlrvp_npcx:ro] [352/394] Building C object CMakeFiles/app.dir/mnt/host/source/src/platform/ec/build/zephyr/adlrvp_npcx/modules/ec/driver/led/max695x.c.obj
[adlrvp_npcx:ro] [353/394] Building C object CMakeFiles/app.dir/src/intel_rvp_board_id.c.obj
[nereid:rw] [51/402] Building C object zephyr/CMakeFiles/zephyr.dir/subsys/shell/modules/kernel_service/kernel_shell.c.obj
[fatcatrvp-npcx:ro] [262/386] Building C object CMakeFiles/app.dir/mnt/host/source/src/platform/ec/zephyr/subsys/ap_pwrseq/x86_non_dsx_common_pwrseq_sm_handler.c.obj
[adlrvp_npcx:ro] [354/394] Linking C static library modules/ec/zephyr/libec_shim.a
[adlrvp_npcx:ro] [355/394] Building C object CMakeFiles/app.dir/src/intelrvp.c.obj
[fatcatrvp-npcx:ro] [263/386] Building C object CMakeFiles/app.dir/mnt/host/source/src/platform/ec/zephyr/subsys/ap_pwrseq/x86_non_dsx_common_pwrseq_host_sleep.c.obj
[fatcatrvp-npcx:ro] [264/386] Building C object CMakeFiles/app.dir/mnt/host/source/src/platform/ec/zephyr/subsys/ap_pwrseq/x86_non_dsx_chipset_power_state.c.obj
[fatcatrvp-npcx:ro] [265/386] Building C object CMakeFiles/app.dir/mnt/host/source/src/platform/ec/zephyr/subsys/ap_pwrseq/x86_non_dsx_common_pwrseq_host_command.c.obj
[fatcatrvp-npcx:ro] [266/386] Building C object CMakeFiles/app.dir/mnt/host/source/src/platform/ec/zephyr/subsys/ap_pwrseq/x86_non_dsx_common_pwrseq_console.c.obj
[nereid:rw] [52/402] Building C object zephyr/CMakeFiles/zephyr.dir/subsys/shell/modules/kernel_service/cycles.c.obj
[fatcatrvp-npcx:ro] [267/386] Building C object CMakeFiles/app.dir/mnt/host/source/src/platform/ec/zephyr/subsys/ap_pwrseq/x86_non_dsx_mtl_pwrseq_sm.c.obj
[adlrvp_npcx:ro] [356/394] Building C object CMakeFiles/app.dir/src/usb_pd_policy_mecc_1_0.c.obj
[adlrvp_npcx:ro] [357/394] Building C object CMakeFiles/app.dir/src/chg_usb_pd.c.obj
[adlrvp_npcx:ro] [358/394] Building C object zephyr/kernel/CMakeFiles/kernel.dir/main_weak.c.obj
[adlrvp_npcx:ro] [359/394] Building C object CMakeFiles/app.dir/adlrvp/src/adlrvp.c.obj
[adlrvp_npcx:ro] [360/394] Building C object zephyr/kernel/CMakeFiles/kernel.dir/banner.c.obj
[adlrvp_npcx:ro] [361/394] Building C object CMakeFiles/app.dir/src/intel_rvp_led.c.obj
[adlrvp_npcx:ro] [362/394] Building C object CMakeFiles/app.dir/src/chg_usb_pd_mecc_1_0.c.obj
[fatcatrvp-npcx:ro] [268/386] Building C object CMakeFiles/app.dir/mnt/host/source/src/platform/ec/zephyr/subsys/ap_pwrseq/ap_reset_log.c.obj
[adlrvp_npcx:ro] [363/394] Linking C static library app/libapp.a
[fatcatrvp-npcx:ro] [269/386] Building C object CMakeFiles/app.dir/mnt/host/source/src/platform/ec/zephyr/subsys/pd_controller/pdc_pmc_debug.c.obj
[nereid:rw] [53/402] Building C object zephyr/CMakeFiles/zephyr.dir/subsys/shell/modules/kernel_service/sleep.c.obj
[adlrvp_npcx:ro] [364/394] Building C object zephyr/kernel/CMakeFiles/kernel.dir/busy_wait.c.obj
[fatcatrvp-npcx:ro] [270/386] Building C object CMakeFiles/app.dir/mnt/host/source/src/platform/ec/zephyr/subsys/pd_controller/retimer_fw_update.c.obj
[adlrvp_npcx:ro] [365/394] Building C object zephyr/kernel/CMakeFiles/kernel.dir/errno.c.obj
[adlrvp_npcx:ro] [366/394] Building C object zephyr/kernel/CMakeFiles/kernel.dir/device.c.obj
[adlrvp_npcx:ro] [367/394] Building C object zephyr/kernel/CMakeFiles/kernel.dir/version.c.obj
[adlrvp_npcx:ro] [368/394] Building C object zephyr/kernel/CMakeFiles/kernel.dir/fatal.c.obj
[fatcatrvp-npcx:ro] [271/386] Building C object CMakeFiles/app.dir/mnt/host/source/src/platform/ec/zephyr/subsys/pd_controller/pdc_console.c.obj
[fatcatrvp-npcx:ro] [272/386] Building C object CMakeFiles/app.dir/mnt/host/source/src/platform/ec/zephyr/subsys/pd_controller/pdc_host_cmd.c.obj
[adlrvp_npcx:ro] [369/394] Building C object zephyr/kernel/CMakeFiles/kernel.dir/init.c.obj
[adlrvp_npcx:ro] [370/394] Building C object zephyr/kernel/CMakeFiles/kernel.dir/kheap.c.obj
[adlrvp_npcx:ro] [371/394] Building C object zephyr/kernel/CMakeFiles/kernel.dir/mem_slab.c.obj
[fatcatrvp-npcx:ro] [273/386] Building C object CMakeFiles/app.dir/mnt/host/source/src/platform/ec/zephyr/subsys/pd_controller/pdc_stub.c.obj
[fatcatrvp-npcx:ro] [274/386] Building C object CMakeFiles/app.dir/mnt/host/source/src/platform/ec/zephyr/subsys/pd_controller/pdc_power_mgmt.c.obj
[nereid:rw] [54/402] Building C object zephyr/CMakeFiles/zephyr.dir/subsys/shell/modules/kernel_service/uptime.c.obj
[adlrvp_npcx:ro] [372/394] Building C object zephyr/kernel/CMakeFiles/kernel.dir/float.c.obj
[adlrvp_npcx:ro] [373/394] Building C object zephyr/kernel/CMakeFiles/kernel.dir/idle.c.obj
[adlrvp_npcx:ro] [374/394] Building C object zephyr/kernel/CMakeFiles/kernel.dir/mailbox.c.obj
[adlrvp_npcx:ro] [375/394] Building C object zephyr/kernel/CMakeFiles/kernel.dir/msg_q.c.obj
[fatcatrvp-npcx:ro] [275/386] Building C object CMakeFiles/app.dir/mnt/host/source/src/platform/ec/zephyr/subsys/ucsi/ppm_common.c.obj
[fatcatrvp-npcx:ro] [276/386] Building C object CMakeFiles/app.dir/mnt/host/source/src/platform/ec/zephyr/subsys/pd_controller/pdc_dpm.c.obj
[adlrvp_npcx:ro] [376/394] Building C object zephyr/kernel/CMakeFiles/kernel.dir/queue.c.obj
[adlrvp_npcx:ro] [377/394] Building C object zephyr/kernel/CMakeFiles/kernel.dir/mutex.c.obj
[nereid:rw] [55/402] Building C object zephyr/CMakeFiles/zephyr.dir/subsys/shell/modules/kernel_service/version.c.obj
[adlrvp_npcx:ro] [378/394] Building C object zephyr/kernel/CMakeFiles/kernel.dir/sem.c.obj
[fatcatrvp-npcx:ro] [277/386] Building C object CMakeFiles/app.dir/mnt/host/source/src/platform/ec/zephyr/subsys/ucsi/ppm_console.c.obj
[fatcatrvp-npcx:ro] [278/386] Building C object CMakeFiles/app.dir/mnt/host/source/src/platform/ec/zephyr/subsys/ucsi/ppm_driver.c.obj
[adlrvp_npcx:ro] [379/394] Building C object zephyr/kernel/CMakeFiles/kernel.dir/stack.c.obj
[fatcatrvp-npcx:ro] [279/386] Building C object CMakeFiles/app.dir/mnt/host/source/src/platform/ec/build/zephyr/fatcatrvp-npcx/modules/ec/builtin/stdlib.c.obj
[fatcatrvp-npcx:ro] [280/386] Building C object CMakeFiles/app.dir/mnt/host/source/src/platform/ec/zephyr/subsys/ucsi/ucsi_host_cmd.c.obj
[adlrvp_npcx:ro] [380/394] Building C object zephyr/kernel/CMakeFiles/kernel.dir/system_work_q.c.obj
[adlrvp_npcx:ro] [381/394] Building C object zephyr/kernel/CMakeFiles/kernel.dir/condvar.c.obj
[fatcatrvp-npcx:ro] [281/386] Building C object CMakeFiles/app.dir/mnt/host/source/src/platform/ec/build/zephyr/fatcatrvp-npcx/modules/ec/common/base32.c.obj
[adlrvp_npcx:ro] [382/394] Building C object zephyr/kernel/CMakeFiles/kernel.dir/work.c.obj
[adlrvp_npcx:ro] [383/394] Building C object zephyr/kernel/CMakeFiles/kernel.dir/thread.c.obj
[nereid:rw] [56/402] Building C object zephyr/CMakeFiles/zephyr.dir/subsys/shell/modules/kernel_service/thread/thread.c.obj
[fatcatrvp-npcx:ro] [282/386] Building C object CMakeFiles/app.dir/mnt/host/source/src/platform/ec/build/zephyr/fatcatrvp-npcx/modules/ec/common/console_output.c.obj
[adlrvp_npcx:ro] [384/394] Building C object zephyr/kernel/CMakeFiles/kernel.dir/pipe.c.obj
[adlrvp_npcx:ro] [385/394] Building C object zephyr/kernel/CMakeFiles/kernel.dir/sched.c.obj
[adlrvp_npcx:ro] [386/394] Building C object zephyr/kernel/CMakeFiles/kernel.dir/spinlock_validate.c.obj
[adlrvp_npcx:ro] [387/394] Building C object zephyr/kernel/CMakeFiles/kernel.dir/thread_monitor.c.obj
[fatcatrvp-npcx:ro] [283/386] Building C object CMakeFiles/app.dir/mnt/host/source/src/platform/ec/build/zephyr/fatcatrvp-npcx/modules/ec/common/ec_features.c.obj
[fatcatrvp-npcx:ro] [284/386] Building C object CMakeFiles/app.dir/mnt/host/source/src/platform/ec/build/zephyr/fatcatrvp-npcx/modules/ec/common/gpio_commands.c.obj
[fatcatrvp-npcx:ro] [285/386] Building C object CMakeFiles/app.dir/mnt/host/source/src/platform/ec/build/zephyr/fatcatrvp-npcx/modules/ec/common/peripheral.c.obj
[fatcatrvp-npcx:ro] [286/386] Building C object CMakeFiles/app.dir/mnt/host/source/src/platform/ec/build/zephyr/fatcatrvp-npcx/modules/ec/common/printf.c.obj
[adlrvp_npcx:ro] [388/394] Building C object zephyr/kernel/CMakeFiles/kernel.dir/timer.c.obj
[adlrvp_npcx:ro] [389/394] Building C object zephyr/kernel/CMakeFiles/kernel.dir/timeout.c.obj
[nereid:rw] [57/402] Building C object zephyr/CMakeFiles/zephyr.dir/subsys/shell/modules/kernel_service/thread/list.c.obj
Running (initial) lcov on /mnt/host/source/src/platform/ec/build/zephyr/lapis.
[adlrvp_npcx:ro] [390/394] Building C object zephyr/kernel/CMakeFiles/kernel.dir/poll.c.obj
[adlrvp_npcx:ro] [391/394] Building C object zephyr/kernel/CMakeFiles/kernel.dir/events.c.obj
[fatcatrvp-npcx:ro] [287/386] Building C object CMakeFiles/app.dir/mnt/host/source/src/platform/ec/build/zephyr/fatcatrvp-npcx/modules/ec/common/queue.c.obj
[adlrvp_npcx:ro] [392/394] Building C object zephyr/kernel/CMakeFiles/kernel.dir/mempool.c.obj
[nereid:ro] Building: /usr/bin/ninja -C /mnt/host/source/src/platform/ec/build/zephyr/nereid/build-ro all.libraries
Running `env -i SHELL=/bin/bash COLORTERM=truecolor DEPOT_TOOLS_UPDATE=0 LESS='-R -M --shift 5' SUDO_GID=0 JDK_HOME=/etc/java-config-2/current-system-vm CONFIG_PROTECT_MASK='/etc/gentoo-release /etc/sandbox.d /etc/fonts/fonts.conf /etc/terminfo /etc/ca-certificates.conf /etc/revdep-rebuild' CHROMEOS_CACHEDIR=/var/cache/chromeos-cache JAVA_HOME=/etc/java-config-2/current-system-vm SSH_AUTH_SOCK=/tmp/ssh-auth-sock SUDO_COMMAND=/bin/bash SUDO_USER=root SUDO_TTY=/dev/pts/2 EDITOR=/usr/bin/vi PWD=/mnt/host/source/src/platform/ec CONFIG_PROTECT=/usr/share/gnupg/qualified.txt LOGNAME=jpmurphy MANPATH=/etc/java-config-2/current-system-vm/man:/usr/local/share/man:/usr/share/man:/usr/share/gcc-data/x86_64-pc-linux-gnu/10.2.0/man:/usr/share/binutils-data/x86_64-pc-linux-gnu/2.45/man:/etc/java-config-2/current-system-vm/man/ SUDO_HOME=/root XAUTHORITY=/run/user/944457/gdm/Xauthority HOME=/home/jpmurphy LANG=C.UTF-8 LS_COLORS='rs=0:di=01;34:ln=01;36:mh=00:pi=40;33:so=01;35:do=01;35:bd=40;33;01:cd=40;33;01:or=01;05;37;41:mi=01;05;37;41:su=37;41:sg=30;43:ca=30;41:tw=30;42:ow=34;42:st=37;44:ex=01;32:*.tar=01;31:*.tgz=01;31:*.arc=01;31:*.arj=01;31:*.taz=01;31:*.lha=01;31:*.lz4=01;31:*.lzh=01;31:*.lzma=01;31:*.tlz=01;31:*.txz=01;31:*.tzo=01;31:*.t7z=01;31:*.zip=01;31:*.z=01;31:*.dz=01;31:*.gz=01;31:*.lrz=01;31:*.lz=01;31:*.lzo=01;31:*.xz=01;31:*.zst=01;31:*.tzst=01;31:*.bz2=01;31:*.bz=01;31:*.tbz=01;31:*.tbz2=01;31:*.tz=01;31:*.deb=01;31:*.rpm=01;31:*.jar=01;31:*.war=01;31:*.ear=01;31:*.sar=01;31:*.rar=01;31:*.alz=01;31:*.ace=01;31:*.zoo=01;31:*.cpio=01;31:*.7z=01;31:*.rz=01;31:*.cab=01;31:*.wim=01;31:*.swm=01;31:*.dwm=01;31:*.esd=01;31:*.jpg=01;35:*.jpeg=01;35:*.mjpg=01;35:*.mjpeg=01;35:*.gif=01;35:*.bmp=01;35:*.pbm=01;35:*.pgm=01;35:*.ppm=01;35:*.tga=01;35:*.xbm=01;35:*.xpm=01;35:*.tif=01;35:*.tiff=01;35:*.png=01;35:*.svg=01;35:*.svgz=01;35:*.mng=01;35:*.pcx=01;35:*.mov=01;35:*.mpg=01;35:*.mpeg=01;35:*.m2v=01;35:*.mkv=01;35:*.webm=01;35:*.webp=01;35:*.ogm=01;35:*.mp4=01;35:*.m4v=01;35:*.mp4v=01;35:*.vob=01;35:*.qt=01;35:*.nuv=01;35:*.wmv=01;35:*.asf=01;35:*.rm=01;35:*.rmvb=01;35:*.flc=01;35:*.avi=01;35:*.fli=01;35:*.flv=01;35:*.gl=01;35:*.dl=01;35:*.xcf=01;35:*.xwd=01;35:*.yuv=01;35:*.cgm=01;35:*.emf=01;35:*.ogv=01;35:*.ogx=01;35:*.cfg=00;32:*.conf=00;32:*.diff=00;32:*.doc=00;32:*.ini=00;32:*.log=00;32:*.patch=00;32:*.pdf=00;32:*.ps=00;32:*.tex=00;32:*.txt=00;32:*.aac=00;36:*.au=00;36:*.flac=00;36:*.m4a=00;36:*.mid=00;36:*.midi=00;36:*.mka=00;36:*.mp3=00;36:*.mpc=00;36:*.ogg=00;36:*.ra=00;36:*.wav=00;36:*.oga=00;36:*.opus=00;36:*.spx=00;36:*.xspf=00;36:' XDG_CURRENT_DESKTOP=GNOME INFOPATH=/usr/share/info:/usr/share/gcc-data/x86_64-pc-linux-gnu/10.2.0/info:/usr/share/binutils-data/x86_64-pc-linux-gnu/2.45/info:/usr/share/automake-1.16.5/info JAVAC=/etc/java-config-2/current-system-vm/bin/javac TERM=xterm-256color LESSOPEN='|lesspipe %s' USER=jpmurphy CROS_WORKON_SRCROOT=/mnt/host/source MANPAGER=manpager DISPLAY=:1 SHLVL=1 LC_MESSAGES=C EXTERNAL_TRUNK_PATH=/mnt/8f9d649a-3721-44cc-93c0-e6bd21a9689f/chromiumos GCC_SPECS='' PATH=/mnt/host/source/chromite/bin:/usr/local/bin:/usr/bin:/bin:/opt/bin:/mnt/host/source/chromite/sdk/bin:/mnt/host/source/chromite/bin PORTAGE_USERNAME=jpmurphy SUDO_UID=0 GCC_VER=10.2.0 MAIL=/var/mail/jpmurphy OLDPWD=/mnt/host/source/src/scripts traceparent=00-e87aca51550a78635907baa6a2476181-6d684811675d2973-01 _=./zephyr/firmware_builder.py COREBOOT_SDK_ROOT_x86=/home/jpmurphy/.cache/coreboot-sdk/i386-elf/dfbb0486385d938cfa9d73080b9d18d598ed4f49 COREBOOT_SDK_ROOT_picolibc_x86=/home/jpmurphy/.cache/coreboot-sdk/picolibc-i386-elf/eb8e8e687b95461de8cbf278f1c2076952d0ad17 COREBOOT_SDK_ROOT_riscv64=/home/jpmurphy/.cache/coreboot-sdk/riscv64-elf/96b949749225b6aaa92ed810ab769e8dfb12f000 COREBOOT_SDK_ROOT_picolibc_arm=/home/jpmurphy/.cache/coreboot-sdk/picolibc-arm-eabi/422a2aa3e1ef891b5bece9a3deb696ff83840d2e COREBOOT_SDK_ROOT_nds32=/home/jpmurphy/.cache/coreboot-sdk/nds32le-elf/d1a518c4a097666d86058e1444f85ca015d15511 COREBOOT_SDK_ROOT_picolibc_riscv64=/home/jpmurphy/.cache/coreboot-sdk/picolibc-riscv64-elf/f571e990ef0278564b31124f8bb109d9a697eb69 COREBOOT_SDK_ROOT_arm=/home/jpmurphy/.cache/coreboot-sdk/arm-eabi/ea40ddd1d190c3b48435c474c0b545719371813a COREBOOT_SDK_ROOT_libstdcxx_riscv64=/home/jpmurphy/.cache/coreboot-sdk/libstdcxx-riscv64-elf/17abf22a3a252e2d5d2062ced5324f7a623689e0 COREBOOT_SDK_ROOT_libstdcxx_arm=/home/jpmurphy/.cache/coreboot-sdk/libstdcxx-arm-eabi/5d7d82e150e44aa1968f1d366e267e6687b328ac COREBOOT_SDK_ROOT_riscv=/home/jpmurphy/.cache/coreboot-sdk/riscv-elf/9a27b9e82341c6e9126624f516ab3f261abb3e73 COREBOOT_SDK_ROOT_libstdcxx_x86=/home/jpmurphy/.cache/coreboot-sdk/libstdcxx-i386-elf/42ef9d2e87a76a37963175d7d428734e65648b87 PYTHONPATH=/mnt/host/source/src/platform/ec/zephyr/zmake PW_PIGWEED_CIPD_INSTALL_DIR=/usr CROSTC_USER_ACKNOWLEDGES_THAT_RISCV_IS_EXPERIMENTAL=1 MAKEFLAGS=' -j16 --jobserver-auth=5,6' /usr/bin/ninja -C /mnt/host/source/src/platform/ec/build/zephyr/nereid/build-ro all.libraries`
[adlrvp_npcx:ro] [393/394] Building C object zephyr/kernel/CMakeFiles/kernel.dir/dynamic_disabled.c.obj
[nereid:ro] ninja: Entering directory `/mnt/host/source/src/platform/ec/build/zephyr/nereid/build-ro'
Running `env -i PYTHONPATH=/usr/lib64/python-exec/python3.11:/mnt/host/source/src/platform/ec/zephyr/zmake:/usr/lib/python311.zip:/usr/lib/python3.11:/usr/lib/python3.11/lib-dynload:/usr/lib/python3.11/site-packages PW_PIGWEED_CIPD_INSTALL_DIR=/usr CROSTC_USER_ACKNOWLEDGES_THAT_RISCV_IS_EXPERIMENTAL=1 PATH=/mnt/host/source/chromite/bin:/usr/local/bin:/usr/bin:/bin:/opt/bin:/mnt/host/source/chromite/sdk/bin:/mnt/host/source/chromite/bin HOME=/home/jpmurphy JAVA_HOME=/etc/java-config-2/current-system-vm JDK_HOME=/etc/java-config-2/current-system-vm JAVAC=/etc/java-config-2/current-system-vm/bin/javac MAKEFLAGS=' -j16 --jobserver-auth=5,6' /usr/bin/lcov --gcov-tool /mnt/host/source/src/platform/ec/build/zephyr/lapis/build-rw/gcov.sh -q -o - -c -d /mnt/host/source/src/platform/ec/build/zephyr/lapis -t lapis --rc branch_coverage=1 --filter range --ignore-errors inconsistent,source --ignore-errors gcov,gcov -i`
[fatcatrvp-npcx:ro] [288/386] Building C object CMakeFiles/app.dir/mnt/host/source/src/platform/ec/build/zephyr/fatcatrvp-npcx/modules/ec/common/system.c.obj
[adlrvp_npcx:ro] [394/394] Linking C static library zephyr/kernel/libkernel.a
Toolchain <zmake.toolchains.CorebootSdkToolchain object at 0x7f41430038d0> selected by probe function.
[baze] Building in /mnt/host/source/src/platform/ec/build/zephyr/baze.
[nereid:rw] [58/402] Building C object zephyr/CMakeFiles/zephyr.dir/subsys/shell/modules/kernel_service/thread/unwind.c.obj
[fatcatrvp-npcx:ro] [289/386] Building C object CMakeFiles/app.dir/mnt/host/source/src/platform/ec/build/zephyr/fatcatrvp-npcx/modules/ec/common/uart_printf.c.obj
[nereid:rw] [59/402] Building C object zephyr/CMakeFiles/zephyr.dir/subsys/shell/modules/kernel_service/thread/suspend.c.obj
[nereid:rw] [60/402] Building C object zephyr/CMakeFiles/zephyr.dir/subsys/shell/modules/kernel_service/thread/stacks.c.obj
[nereid:rw] [61/402] Building C object zephyr/CMakeFiles/zephyr.dir/subsys/shell/modules/kernel_service/thread/resume.c.obj
[fatcatrvp-npcx:ro] [290/386] Building C object CMakeFiles/app.dir/mnt/host/source/src/platform/ec/build/zephyr/fatcatrvp-npcx/modules/ec/common/util.c.obj
[fatcatrvp-npcx:ro] [291/386] Building C object CMakeFiles/app.dir/mnt/host/source/src/platform/ec/build/zephyr/fatcatrvp-npcx/modules/ec/common/system_boot_time.c.obj
[fatcatrvp-npcx:ro] [292/386] Building C object CMakeFiles/app.dir/mnt/host/source/src/platform/ec/build/zephyr/fatcatrvp-npcx/modules/ec/common/version.c.obj
[nereid:ro] [1/402] Generating include/generated/zephyr/version.h
[nereid:ro] -- git describe warned: warning: tag 'upstream/v2.7.99' is externally known as 'v2.7.99'
[nereid:ro] -- Zephyr version: 4.3.99 (/mnt/host/source/src/third_party/zephyr/main)
[nereid:ro] [2/402] Preparing syscall dependency handling
[nereid:ro] [3/402] Generating misc/generated/syscalls_subdirs.trigger
[nereid:rw] [62/402] Building C object zephyr/CMakeFiles/zephyr.dir/subsys/shell/modules/kernel_service/thread/kill.c.obj
[fatcatrvp-npcx:ro] [293/386] Building C object CMakeFiles/app.dir/mnt/host/source/src/platform/ec/build/zephyr/fatcatrvp-npcx/modules/ec/common/power_button_x86.c.obj
[fatcatrvp-npcx:ro] [294/386] Building C object CMakeFiles/app.dir/mnt/host/source/src/platform/ec/build/zephyr/fatcatrvp-npcx/modules/ec/common/adc.c.obj
[/mnt/host/source/src/platform/ec/build/zephyr/pirrha-lcov]   /mnt/host/source/src/platform/ec/build/zephyr/pirrha/build-ro/zephyr/CMakeFiles/zephyr.dir/soc/ite/ec/it8xxx2/check_regs.c.gcno:no functions found
[nereid:rw] [63/402] Building C object zephyr/CMakeFiles/zephyr.dir/subsys/shell/modules/devmem_service.c.obj
[/mnt/host/source/src/platform/ec/build/zephyr/pirrha-lcov] stderr:
[/mnt/host/source/src/platform/ec/build/zephyr/lapis-lcov] geninfo: WARNING: using JSON module "JSON::PP" - which is much slower than some alternatives.  Consider installing one of JSON::XS or Cpanel::JSON::XS
[nereid:rw] [64/402] Building C object zephyr/CMakeFiles/zephyr.dir/subsys/shell/modules/date_service.c.obj
[nereid:rw] [65/402] Building C object zephyr/CMakeFiles/zephyr.dir/subsys/shell/modules/device_service.c.obj
[nereid:rw] [66/402] Building C object zephyr/CMakeFiles/zephyr.dir/subsys/shell/backends/shell_uart.c.obj
[/mnt/host/source/src/platform/ec/build/zephyr/squirtle-lcov]   /mnt/host/source/src/platform/ec/build/zephyr/squirtle/build-ro/zephyr/CMakeFiles/zephyr.dir/soc/nuvoton/npcx/common/npcxn/registers.c.gcno:no functions found
[/mnt/host/source/src/platform/ec/build/zephyr/squirtle-lcov] stderr:
[fatcatrvp-npcx:ro] [295/386] Building C object CMakeFiles/app.dir/mnt/host/source/src/platform/ec/build/zephyr/fatcatrvp-npcx/modules/ec/common/acpi.c.obj
[fatcatrvp-npcx:ro] [296/386] Building C object CMakeFiles/app.dir/mnt/host/source/src/platform/ec/build/zephyr/fatcatrvp-npcx/modules/ec/common/battery_fuel_gauge.c.obj
[fatcatrvp-npcx:ro] [297/386] Building C object CMakeFiles/app.dir/mnt/host/source/src/platform/ec/build/zephyr/fatcatrvp-npcx/modules/ec/common/battery_info.c.obj
[fatcatrvp-npcx:ro] [298/386] Building C object CMakeFiles/app.dir/mnt/host/source/src/platform/ec/build/zephyr/fatcatrvp-npcx/modules/ec/common/battery.c.obj
[nereid:ro] [4/402] Generating misc/generated/syscalls.json, misc/generated/struct_tags.json
[fatcatrvp-npcx:ro] [299/386] Building C object CMakeFiles/app.dir/mnt/host/source/src/platform/ec/build/zephyr/fatcatrvp-npcx/modules/ec/driver/battery/smart.c.obj
[nereid:rw] [67/402] Building C object zephyr/CMakeFiles/zephyr.dir/subsys/shell/shell_fprintf.c.obj
[nereid:rw] [68/402] Building C object zephyr/CMakeFiles/zephyr.dir/subsys/shell/shell.c.obj
[nereid:ro] [5/402] Generating include/generated/zephyr/syscall_dispatch.c, include/generated/zephyr/syscall_exports_llext.c, syscall_weakdefs_llext.c, include/generated/zephyr/syscall_list.h
[/mnt/host/source/src/platform/ec/build/zephyr/squirtle-lcov]   /mnt/host/source/src/platform/ec/build/zephyr/squirtle/build-rw/modules/ec/zephyr/CMakeFiles/ec_shim.dir/shim/src/power.c.gcno:no functions found
[/mnt/host/source/src/platform/ec/build/zephyr/squirtle-lcov] stderr:
[nereid:rw] [69/402] Building C object zephyr/CMakeFiles/zephyr.dir/subsys/shell/shell_utils.c.obj
[fatcatrvp-npcx:ro] [300/386] Building C object CMakeFiles/app.dir/mnt/host/source/src/platform/ec/build/zephyr/fatcatrvp-npcx/modules/ec/driver/charger/isl9241.c.obj
[nereid:rw] [70/402] Building C object zephyr/CMakeFiles/zephyr.dir/subsys/shell/shell_help.c.obj
[nereid:rw] [71/402] Building C object zephyr/CMakeFiles/zephyr.dir/subsys/shell/shell_ops.c.obj
[nereid:ro] [6/402] Generating include/generated/zephyr/driver-validation.h
[fatcatrvp-npcx:ro] [301/386] Building C object CMakeFiles/app.dir/mnt/host/source/src/platform/ec/build/zephyr/fatcatrvp-npcx/modules/ec/common/charger.c.obj
[/mnt/host/source/src/platform/ec/build/zephyr/squirtle-lcov]   /mnt/host/source/src/platform/ec/build/zephyr/squirtle/build-rw/modules/ec/zephyr/CMakeFiles/ec_shim.dir/shim/src/battery.c.gcno:no functions found
[/mnt/host/source/src/platform/ec/build/zephyr/squirtle-lcov] stderr:
[nereid:ro] [7/402] Generating include/generated/zephyr/kobj-types-enum.h, include/generated/zephyr/otype-to-str.h, include/generated/zephyr/otype-to-size.h
[/mnt/host/source/src/platform/ec/build/zephyr/squirtle-lcov]   /mnt/host/source/src/platform/ec/build/zephyr/squirtle/build-rw/modules/ec/zephyr/CMakeFiles/ec_shim.dir/shim/src/charger.c.gcno:no functions found
[/mnt/host/source/src/platform/ec/build/zephyr/squirtle-lcov] stderr:
[nereid:rw] [72/402] Building C object zephyr/CMakeFiles/zephyr.dir/subsys/shell/shell_history.c.obj
[fatcatrvp-npcx:ro] [302/386] Building C object CMakeFiles/app.dir/mnt/host/source/src/platform/ec/build/zephyr/fatcatrvp-npcx/modules/ec/common/cbi_common.c.obj
[nereid:ro] [8/402] Generating include/generated/device-api-sections.ld, include/generated/device-api-sections.cmake
[fatcatrvp-npcx:ro] [303/386] Building C object CMakeFiles/app.dir/mnt/host/source/src/platform/ec/build/zephyr/fatcatrvp-npcx/modules/ec/common/charge_state.c.obj
[nereid:rw] [73/402] Building C object zephyr/CMakeFiles/zephyr.dir/subsys/shell/shell_cmds.c.obj
[nereid:rw] [74/402] Building C object zephyr/arch/common/CMakeFiles/arch__common.dir/sw_isr_common.c.obj
[nereid:rw] [75/402] Building C object zephyr/CMakeFiles/zephyr.dir/subsys/shell/shell_wildcard.c.obj
[/mnt/host/source/src/platform/ec/build/zephyr/lapis-lcov] stderr:
[nereid:rw] [76/402] Building C object zephyr/CMakeFiles/zephyr.dir/drivers/flash/flash_util.c.obj
[fatcatrvp-npcx:ro] [304/386] Building C object CMakeFiles/app.dir/mnt/host/source/src/platform/ec/build/zephyr/fatcatrvp-npcx/modules/ec/common/cbi.c.obj
[fatcatrvp-npcx:ro] [305/386] Building C object CMakeFiles/app.dir/mnt/host/source/src/platform/ec/build/zephyr/fatcatrvp-npcx/modules/ec/common/cbi_config.c.obj
[nereid:rw] [77/402] Linking C static library zephyr/libzephyr.a
[fatcatrvp-npcx:ro] [306/386] Building C object CMakeFiles/app.dir/mnt/host/source/src/platform/ec/build/zephyr/fatcatrvp-npcx/modules/ec/common/charge_manager.c.obj
[nereid:rw] [78/402] Building C object zephyr/arch/common/CMakeFiles/arch__common.dir/dynamic_isr.c.obj
[fatcatrvp-npcx:ro] [307/386] Building C object CMakeFiles/app.dir/mnt/host/source/src/platform/ec/build/zephyr/fatcatrvp-npcx/modules/ec/common/memory_commands.c.obj
[nereid:rw] [79/402] Building C object zephyr/arch/common/CMakeFiles/arch__common.dir/init.c.obj
[/mnt/host/source/src/platform/ec/build/zephyr/lapis-lcov]   /mnt/host/source/src/platform/ec/build/zephyr/lapis/build-ro/modules/ec/zephyr/CMakeFiles/ec_shim.dir/shim/src/thermal.c.gcno:no functions found
[/mnt/host/source/src/platform/ec/build/zephyr/lapis-lcov] stderr:
[nereid:rw] [80/402] Building C object zephyr/arch/common/CMakeFiles/isr_tables.dir/isr_tables.c.obj
[fatcatrvp-npcx:ro] [308/386] Building C object CMakeFiles/app.dir/mnt/host/source/src/platform/ec/build/zephyr/fatcatrvp-npcx/modules/ec/common/dptf.c.obj
[nereid:ro] [9/402] Building C object zephyr/CMakeFiles/offsets.dir/arch/riscv/core/offsets/offsets.c.obj
[nereid:rw] [81/402] Building C object zephyr/arch/common/CMakeFiles/arch__common.dir/xip.c.obj
[nereid:rw] [82/402] Linking C static library zephyr/arch/common/libisr_tables.a
[/mnt/host/source/src/platform/ec/build/zephyr/squirtle-lcov]   /mnt/host/source/src/platform/ec/build/zephyr/squirtle/build-rw/modules/ec/zephyr/CMakeFiles/ec_shim.dir/shim/src/usb_muxes.c.gcno:no functions found
[/mnt/host/source/src/platform/ec/build/zephyr/squirtle-lcov] stderr:
[fatcatrvp-npcx:ro] [309/386] Building C object CMakeFiles/app.dir/mnt/host/source/src/platform/ec/build/zephyr/fatcatrvp-npcx/modules/ec/common/ap_reset_log.c.obj
[nereid:rw] [83/402] Building C object zephyr/arch/arch/riscv/core/CMakeFiles/arch__riscv__core.dir/cpu_idle.c.obj
[nereid:rw] [84/402] Linking C static library zephyr/arch/common/libarch__common.a
[/mnt/host/source/src/platform/ec/build/zephyr/lapis-lcov]   /mnt/host/source/src/platform/ec/build/zephyr/lapis/build-ro/modules/ec/zephyr/CMakeFiles/ec_shim.dir/shim/src/battery.c.gcno:no functions found
[/mnt/host/source/src/platform/ec/build/zephyr/lapis-lcov] stderr:
[fatcatrvp-npcx:ro] [310/386] Building C object CMakeFiles/app.dir/mnt/host/source/src/platform/ec/build/zephyr/fatcatrvp-npcx/modules/ec/common/espi.c.obj
[nereid:ro] [10/402] Generating include/generated/zephyr/offsets.h
[nereid:rw] [85/402] Building C object zephyr/arch/arch/riscv/core/CMakeFiles/arch__riscv__core.dir/prep_c.c.obj
[fatcatrvp-npcx:ro] [311/386] Building C object CMakeFiles/app.dir/mnt/host/source/src/platform/ec/build/zephyr/fatcatrvp-npcx/modules/ec/common/extpower_gpio.c.obj
[/mnt/host/source/src/platform/ec/build/zephyr/squirtle-lcov]   /mnt/host/source/src/platform/ec/build/zephyr/squirtle/build-rw/modules/ec/zephyr/CMakeFiles/ec_shim.dir/shim/src/usba.c.gcno:no functions found
[/mnt/host/source/src/platform/ec/build/zephyr/squirtle-lcov] stderr:
[fatcatrvp-npcx:ro] [312/386] Building C object CMakeFiles/app.dir/mnt/host/source/src/platform/ec/build/zephyr/fatcatrvp-npcx/modules/ec/common/extpower_common.c.obj
[nereid:rw] [86/402] Building C object zephyr/arch/arch/riscv/core/CMakeFiles/arch__riscv__core.dir/irq_manage.c.obj
[nereid:rw] [87/402] Building C object zephyr/arch/arch/riscv/core/CMakeFiles/arch__riscv__core.dir/fatal.c.obj
[/mnt/host/source/src/platform/ec/build/zephyr/squirtle-lcov]   /mnt/host/source/src/platform/ec/build/zephyr/squirtle/build-rw/modules/ec/zephyr/CMakeFiles/ec_shim.dir/shim/src/keyscan.c.gcno:no functions found
[/mnt/host/source/src/platform/ec/build/zephyr/squirtle-lcov] stderr:
[fatcatrvp-npcx:ro] [313/386] Building C object CMakeFiles/app.dir/mnt/host/source/src/platform/ec/build/zephyr/fatcatrvp-npcx/modules/ec/common/fan.c.obj
[nereid:rw] [88/402] Building C object zephyr/arch/arch/riscv/core/CMakeFiles/arch__riscv__core.dir/reboot.c.obj
[nereid:rw] [89/402] Building ASM object zephyr/arch/arch/riscv/core/CMakeFiles/arch__riscv__core.dir/reset.S.obj
[fatcatrvp-npcx:ro] [314/386] Building C object CMakeFiles/app.dir/mnt/host/source/src/platform/ec/build/zephyr/fatcatrvp-npcx/modules/ec/common/flash.c.obj
[nereid:ro] [11/402] Building C object zephyr/CMakeFiles/zephyr.dir/lib/libc/validate_libc.c.obj
[nereid:rw] [90/402] Generating ../../../include/generated/libc/minimal/strerror_table.h
[/mnt/host/source/src/platform/ec/build/zephyr/lapis-lcov]   /mnt/host/source/src/platform/ec/build/zephyr/lapis/build-ro/modules/ec/zephyr/CMakeFiles/ec_shim.dir/shim/src/charger.c.gcno:no functions found
[/mnt/host/source/src/platform/ec/build/zephyr/lapis-lcov] stderr:
[fatcatrvp-npcx:ro] [315/386] Building C object CMakeFiles/app.dir/mnt/host/source/src/platform/ec/build/zephyr/fatcatrvp-npcx/modules/ec/common/host_command_task.c.obj
[nereid:rw] [91/402] Building ASM object zephyr/arch/arch/riscv/core/CMakeFiles/arch__riscv__core.dir/switch.S.obj
[nereid:rw] [92/402] Building C object zephyr/arch/arch/riscv/core/CMakeFiles/arch__riscv__core.dir/thread.c.obj
[nereid:rw] [93/402] Building C object zephyr/lib/libc/minimal/CMakeFiles/lib__libc__minimal.dir/source/stdlib/atoi.c.obj
[fatcatrvp-npcx:ro] [316/386] Building C object CMakeFiles/app.dir/mnt/host/source/src/platform/ec/build/zephyr/fatcatrvp-npcx/modules/ec/common/host_command.c.obj
[nereid:rw] [94/402] Building C object zephyr/lib/libc/minimal/CMakeFiles/lib__libc__minimal.dir/source/stdlib/strtoul.c.obj
[nereid:rw] [95/402] Building C object zephyr/lib/libc/minimal/CMakeFiles/lib__libc__minimal.dir/source/stdlib/strtol.c.obj
[nereid:rw] [96/402] Building C object zephyr/lib/libc/minimal/CMakeFiles/lib__libc__minimal.dir/source/stdlib/strtoll.c.obj
[fatcatrvp-npcx:ro] [317/386] Building C object CMakeFiles/app.dir/mnt/host/source/src/platform/ec/build/zephyr/fatcatrvp-npcx/modules/ec/common/uart_hostcmd.c.obj
[nereid:rw] [97/402] Building ASM object zephyr/arch/arch/riscv/core/CMakeFiles/arch__riscv__core.dir/isr.S.obj
[fatcatrvp-npcx:ro] [318/386] Building C object CMakeFiles/app.dir/mnt/host/source/src/platform/ec/build/zephyr/fatcatrvp-npcx/modules/ec/common/host_event_commands.c.obj
[fatcatrvp-npcx:ro] [319/386] Building C object CMakeFiles/app.dir/mnt/host/source/src/platform/ec/build/zephyr/fatcatrvp-npcx/modules/ec/common/uptime.c.obj
[nereid:rw] [98/402] Building C object zephyr/lib/libc/minimal/CMakeFiles/lib__libc__minimal.dir/source/stdlib/bsearch.c.obj
[nereid:rw] [99/402] Building C object zephyr/arch/arch/riscv/core/CMakeFiles/arch__riscv__core.dir/stacktrace.c.obj
[nereid:rw] [100/402] Building C object zephyr/lib/libc/minimal/CMakeFiles/lib__libc__minimal.dir/source/stdlib/strtoull.c.obj
[nereid:rw] [101/402] Linking C static library zephyr/arch/arch/riscv/core/libarch__riscv__core.a
[nereid:ro] [12/402] Building C object zephyr/CMakeFiles/zephyr.dir/lib/heap/heap.c.obj
[fatcatrvp-npcx:ro] [320/386] Building C object CMakeFiles/app.dir/mnt/host/source/src/platform/ec/build/zephyr/fatcatrvp-npcx/modules/ec/common/i2c_controller.c.obj
[nereid:rw] [102/402] Building C object zephyr/lib/libc/minimal/CMakeFiles/lib__libc__minimal.dir/source/stdlib/qsort.c.obj
[nereid:rw] [103/402] Building C object zephyr/lib/libc/minimal/CMakeFiles/lib__libc__minimal.dir/source/string/strncasecmp.c.obj
[nereid:rw] [104/402] Building C object zephyr/lib/libc/minimal/CMakeFiles/lib__libc__minimal.dir/source/string/strerror.c.obj
[nereid:rw] [105/402] Building C object zephyr/lib/libc/minimal/CMakeFiles/lib__libc__minimal.dir/source/string/strstr.c.obj
[nereid:rw] [106/402] Building C object zephyr/lib/libc/minimal/CMakeFiles/lib__libc__minimal.dir/source/string/string.c.obj
[nereid:rw] [107/402] Building C object zephyr/lib/libc/minimal/CMakeFiles/lib__libc__minimal.dir/source/stdlib/exit.c.obj
[nereid:rw] [108/402] Building C object zephyr/lib/libc/minimal/CMakeFiles/lib__libc__minimal.dir/source/string/strspn.c.obj
[fatcatrvp-npcx:ro] [321/386] Building C object CMakeFiles/app.dir/mnt/host/source/src/platform/ec/build/zephyr/fatcatrvp-npcx/modules/ec/common/i2c_passthru.c.obj
[fatcatrvp-npcx:ro] [322/386] Building C object CMakeFiles/app.dir/mnt/host/source/src/platform/ec/build/zephyr/fatcatrvp-npcx/modules/ec/common/keyboard_8042_sharedlib.c.obj
[fatcatrvp-npcx:ro] [323/386] Building C object CMakeFiles/app.dir/mnt/host/source/src/platform/ec/build/zephyr/fatcatrvp-npcx/modules/ec/common/keyboard_8042.c.obj
[nereid:rw] [109/402] Building C object zephyr/lib/libc/minimal/CMakeFiles/lib__libc__minimal.dir/source/math/sqrtf.c.obj
[nereid:rw] [110/402] Building C object zephyr/lib/libc/minimal/CMakeFiles/lib__libc__minimal.dir/source/math/sqrt.c.obj
[nereid:ro] [13/402] Building C object zephyr/CMakeFiles/zephyr.dir/lib/os/cbprintf_packaged.c.obj
[fatcatrvp-npcx:ro] [324/386] Building C object CMakeFiles/app.dir/mnt/host/source/src/platform/ec/build/zephyr/fatcatrvp-npcx/modules/ec/common/mkbp_fifo.c.obj
[nereid:rw] [111/402] Building C object zephyr/lib/libc/minimal/CMakeFiles/lib__libc__minimal.dir/source/stdout/sprintf.c.obj
[fatcatrvp-npcx:ro] [325/386] Building C object CMakeFiles/app.dir/mnt/host/source/src/platform/ec/build/zephyr/fatcatrvp-npcx/modules/ec/common/mkbp_input_devices.c.obj
[fatcatrvp-npcx:ro] [326/386] Building C object CMakeFiles/app.dir/mnt/host/source/src/platform/ec/build/zephyr/fatcatrvp-npcx/modules/ec/common/mkbp_info.c.obj
[nereid:rw] [112/402] Building C object zephyr/lib/libc/minimal/CMakeFiles/lib__libc__minimal.dir/source/stdout/stdout_console.c.obj
[nereid:rw] [113/402] Building C object zephyr/lib/libc/minimal/CMakeFiles/lib__libc__minimal.dir/source/stdout/fprintf.c.obj
[nereid:rw] [114/402] Building C object zephyr/lib/libc/common/CMakeFiles/lib__libc__common.dir/source/time/gmtime_r.c.obj
[fatcatrvp-npcx:ro] [327/386] Building C object CMakeFiles/app.dir/mnt/host/source/src/platform/ec/build/zephyr/fatcatrvp-npcx/modules/ec/common/lid_switch.c.obj
[nereid:rw] [115/402] Building C object zephyr/lib/libc/common/CMakeFiles/lib__libc__common.dir/source/time/asctime.c.obj
[nereid:rw] [116/402] Building C object zephyr/lib/libc/common/CMakeFiles/lib__libc__common.dir/source/time/localtime_r_utc.c.obj
[/mnt/host/source/src/platform/ec/build/zephyr/lapis-lcov]   /mnt/host/source/src/platform/ec/build/zephyr/lapis/build-ro/modules/ec/zephyr/CMakeFiles/ec_shim.dir/shim/src/usba.c.gcno:no functions found
[/mnt/host/source/src/platform/ec/build/zephyr/lapis-lcov] stderr:
[nereid:rw] [117/402] Building C object zephyr/lib/libc/common/CMakeFiles/lib__libc__common.dir/source/stdlib/abort.c.obj
[/mnt/host/source/src/platform/ec/build/zephyr/pirrha-lcov]   /mnt/host/source/src/platform/ec/build/zephyr/pirrha/build-ro/zephyr/drivers/sensor/CMakeFiles/drivers__sensor.dir/mnt/host/source/src/third_party/zephyr/main/misc/empty_file.c.gcno:no functions found
[/mnt/host/source/src/platform/ec/build/zephyr/pirrha-lcov] stderr:
[nereid:rw] [118/402] Building C object zephyr/lib/libc/common/CMakeFiles/lib__libc__common.dir/source/time/ctime.c.obj
[nereid:rw] [119/402] Building C object zephyr/lib/libc/minimal/CMakeFiles/lib__libc__minimal.dir/source/time/gmtime.c.obj
[fatcatrvp-npcx:ro] [328/386] Building C object CMakeFiles/app.dir/mnt/host/source/src/platform/ec/build/zephyr/fatcatrvp-npcx/modules/ec/common/mkbp_event.c.obj
[nereid:ro] [14/402] Building C object zephyr/CMakeFiles/zephyr.dir/lib/os/clock.c.obj
[nereid:rw] [120/402] Building C object zephyr/lib/libc/common/CMakeFiles/lib__libc__common.dir/source/string/strnlen.c.obj
[nereid:rw] [121/402] Linking C static library zephyr/lib/libc/minimal/liblib__libc__minimal.a
[nereid:rw] [122/402] Building C object zephyr/lib/libc/common/CMakeFiles/lib__libc__common.dir/source/time/time.c.obj
[nereid:rw] [123/402] Building C object zephyr/lib/posix/c_lib_ext/CMakeFiles/lib__posix__c_lib_ext.dir/fnmatch.c.obj
[/mnt/host/source/src/platform/ec/build/zephyr/pirrha-lcov]   /mnt/host/source/src/platform/ec/build/zephyr/pirrha/build-rw/modules/ec/zephyr/CMakeFiles/ec_shim.dir/shim/src/thermal.c.gcno:no functions found
[/mnt/host/source/src/platform/ec/build/zephyr/pirrha-lcov] stderr:
[nereid:rw] [124/402] Building C object zephyr/subsys/crc/CMakeFiles/subsys__crc.dir/crc8_sw.c.obj
[fatcatrvp-npcx:ro] [329/386] Building C object CMakeFiles/app.dir/mnt/host/source/src/platform/ec/build/zephyr/fatcatrvp-npcx/modules/ec/common/port80.c.obj
[fatcatrvp-npcx:ro] [330/386] Building C object CMakeFiles/app.dir/mnt/host/source/src/platform/ec/build/zephyr/fatcatrvp-npcx/modules/ec/common/power_button.c.obj
[nereid:rw] [125/402] Building C object zephyr/subsys/crc/CMakeFiles/subsys__crc.dir/crc4_sw.c.obj
[nereid:rw] [126/402] Building C object zephyr/subsys/crc/CMakeFiles/subsys__crc.dir/crc16_sw.c.obj
[fatcatrvp-npcx:ro] [331/386] Building C object CMakeFiles/app.dir/mnt/host/source/src/platform/ec/build/zephyr/fatcatrvp-npcx/modules/ec/power/hibernate.c.obj
[/mnt/host/source/src/platform/ec/build/zephyr/pirrha-lcov]   /mnt/host/source/src/platform/ec/build/zephyr/pirrha/build-rw/modules/ec/zephyr/CMakeFiles/ec_shim.dir/shim/src/battery.c.gcno:no functions found
[/mnt/host/source/src/platform/ec/build/zephyr/pirrha-lcov] stderr:
[nereid:rw] [127/402] Building C object zephyr/subsys/crc/CMakeFiles/subsys__crc.dir/crc7_sw.c.obj
[nereid:rw] [128/402] Building C object zephyr/lib/libc/common/CMakeFiles/lib__libc__common.dir/source/stdlib/malloc.c.obj
[nereid:rw] [129/402] Building C object zephyr/subsys/crc/CMakeFiles/subsys__crc.dir/crc24_sw.c.obj
[/mnt/host/source/src/platform/ec/build/zephyr/pirrha-lcov]   /mnt/host/source/src/platform/ec/build/zephyr/pirrha/build-rw/modules/ec/zephyr/CMakeFiles/ec_shim.dir/shim/src/charger.c.gcno:no functions found
[/mnt/host/source/src/platform/ec/build/zephyr/pirrha-lcov] stderr:
[fatcatrvp-npcx:ro] [332/386] Building C object CMakeFiles/app.dir/mnt/host/source/src/platform/ec/build/zephyr/fatcatrvp-npcx/modules/ec/common/shared_mem.c.obj
[nereid:rw] [130/402] Linking C static library zephyr/lib/libc/common/liblib__libc__common.a
[nereid:rw] [131/402] Building C object zephyr/subsys/crc/CMakeFiles/subsys__crc.dir/crc32c_sw.c.obj
[nereid:rw] [132/402] Building C object zephyr/subsys/crc/CMakeFiles/subsys__crc.dir/crc32_sw.c.obj
[nereid:rw] [133/402] Building C object zephyr/lib/posix/c_lib_ext/CMakeFiles/lib__posix__c_lib_ext.dir/getopt_shim.c.obj
[fatcatrvp-npcx:ro] [333/386] Building C object CMakeFiles/app.dir/mnt/host/source/src/platform/ec/build/zephyr/fatcatrvp-npcx/modules/ec/common/panic_output.c.obj
[nereid:rw] [134/402] Building C object zephyr/lib/posix/c_lib_ext/CMakeFiles/lib__posix__c_lib_ext.dir/getentropy.c.obj
[nereid:ro] [15/402] Building C object zephyr/CMakeFiles/zephyr.dir/lib/os/printk.c.obj
[nereid:rw] [135/402] Building C object zephyr/subsys/crc/CMakeFiles/subsys__crc.dir/crc32k_4_2_sw.c.obj
[fatcatrvp-npcx:ro] [334/386] Building C object CMakeFiles/app.dir/mnt/host/source/src/platform/ec/build/zephyr/fatcatrvp-npcx/modules/ec/common/switch.c.obj
[nereid:rw] [136/402] Linking C static library zephyr/lib/posix/c_lib_ext/liblib__posix__c_lib_ext.a
[fatcatrvp-npcx:ro] [335/386] Building C object CMakeFiles/app.dir/mnt/host/source/src/platform/ec/build/zephyr/fatcatrvp-npcx/modules/ec/common/spi_flash_reg.c.obj
[nereid:rw] [137/402] Linking C static library zephyr/subsys/crc/libsubsys__crc.a
[fatcatrvp-npcx:ro] [336/386] Building C object CMakeFiles/app.dir/mnt/host/source/src/platform/ec/build/zephyr/fatcatrvp-npcx/modules/ec/common/temp_sensor.c.obj
[nereid:rw] [138/402] Building C object zephyr/drivers/interrupt_controller/CMakeFiles/drivers__interrupt_controller.dir/intc_ite_it8xxx2.c.obj
[fatcatrvp-npcx:ro] [337/386] Building C object CMakeFiles/app.dir/mnt/host/source/src/platform/ec/build/zephyr/fatcatrvp-npcx/modules/ec/common/thermal.c.obj
[nereid:rw] [139/402] Building C object zephyr/drivers/adc/CMakeFiles/drivers__adc.dir/adc_common.c.obj
[nereid:ro] [16/402] Building C object zephyr/CMakeFiles/zephyr.dir/lib/os/sem.c.obj
[fatcatrvp-npcx:ro] [338/386] Building C object CMakeFiles/app.dir/mnt/host/source/src/platform/ec/build/zephyr/fatcatrvp-npcx/modules/ec/driver/temp_sensor/thermistor.c.obj
[/mnt/host/source/src/platform/ec/build/zephyr/pirrha-lcov]   /mnt/host/source/src/platform/ec/build/zephyr/pirrha/build-rw/modules/ec/zephyr/CMakeFiles/ec_shim.dir/shim/src/usb_muxes.c.gcno:no functions found
[/mnt/host/source/src/platform/ec/build/zephyr/pirrha-lcov] stderr:
[nereid:rw] [140/402] Building C object zephyr/drivers/interrupt_controller/CMakeFiles/drivers__interrupt_controller.dir/wuc_ite_it8xxx2.c.obj
[fatcatrvp-npcx:ro] [339/386] Building C object CMakeFiles/app.dir/mnt/host/source/src/platform/ec/build/zephyr/fatcatrvp-npcx/modules/ec/common/timer.c.obj
[nereid:rw] [141/402] Building C object zephyr/drivers/bbram/CMakeFiles/drivers__bbram.dir/bbram_it8xxx2.c.obj
[fatcatrvp-npcx:ro] [340/386] Building C object CMakeFiles/app.dir/mnt/host/source/src/platform/ec/build/zephyr/fatcatrvp-npcx/modules/ec/common/usbc_utils.c.obj
[nereid:rw] [142/402] Linking C static library zephyr/drivers/interrupt_controller/libdrivers__interrupt_controller.a
[nereid:rw] [143/402] Linking C static library zephyr/drivers/bbram/libdrivers__bbram.a
[nereid:rw] [144/402] Building C object zephyr/drivers/adc/CMakeFiles/drivers__adc.dir/adc_ite_it8xxx2.c.obj
[/mnt/host/source/src/platform/ec/build/zephyr/squirtle-lcov]   /mnt/host/source/src/platform/ec/build/zephyr/squirtle/build-rw/modules/ec/zephyr/CMakeFiles/ec_shim.dir/shim/src/motionsense_sensors.c.gcno:no functions found
[/mnt/host/source/src/platform/ec/build/zephyr/squirtle-lcov] stderr:
[nereid:rw] [145/402] Linking C static library zephyr/drivers/adc/libdrivers__adc.a
[fatcatrvp-npcx:ro] [341/386] Building C object CMakeFiles/app.dir/mnt/host/source/src/platform/ec/build/zephyr/fatcatrvp-npcx/modules/ec/common/usb_pd_host_cmd_common.c.obj
[nereid:rw] [146/402] Building C object zephyr/drivers/console/CMakeFiles/drivers__console.dir/uart_console.c.obj
[fatcatrvp-npcx:ro] [342/386] Building C object CMakeFiles/app.dir/mnt/host/source/src/platform/ec/build/zephyr/fatcatrvp-npcx/modules/ec/common/usb_common.c.obj
[nereid:rw] [147/402] Building C object zephyr/drivers/eeprom/CMakeFiles/drivers__eeprom.dir/eeprom_shell.c.obj
[nereid:rw] [148/402] Linking C static library zephyr/drivers/console/libdrivers__console.a
[nereid:ro] [17/402] Building C object zephyr/CMakeFiles/zephyr.dir/lib/os/thread_entry.c.obj
[fatcatrvp-npcx:ro] [343/386] Building C object CMakeFiles/app.dir/mnt/host/source/src/platform/ec/build/zephyr/fatcatrvp-npcx/modules/ec/common/button.c.obj
[nereid:rw] [149/402] Building C object zephyr/drivers/eeprom/CMakeFiles/drivers__eeprom.dir/eeprom_at2x.c.obj
[fatcatrvp-npcx:ro] [344/386] Building C object CMakeFiles/app.dir/mnt/host/source/src/platform/ec/build/zephyr/fatcatrvp-npcx/modules/ec/common/vboot_hash.c.obj
[/mnt/host/source/src/platform/ec/build/zephyr/pirrha-lcov]   /mnt/host/source/src/platform/ec/build/zephyr/pirrha/build-rw/modules/ec/zephyr/CMakeFiles/ec_shim.dir/shim/src/usba.c.gcno:no functions found
[fatcatrvp-npcx:ro] [345/386] Building C object CMakeFiles/app.dir/mnt/host/source/src/platform/ec/build/zephyr/fatcatrvp-npcx/modules/ec/common/vboot/efs2.c.obj
[/mnt/host/source/src/platform/ec/build/zephyr/pirrha-lcov] stderr:
[nereid:rw] [150/402] Linking C static library zephyr/drivers/eeprom/libdrivers__eeprom.a
[fatcatrvp-npcx:ro] [346/386] Building C object CMakeFiles/app.dir/mnt/host/source/src/platform/ec/build/zephyr/fatcatrvp-npcx/modules/ec/common/vstore.c.obj
[nereid:rw] [151/402] Building C object zephyr/drivers/flash/CMakeFiles/drivers__flash.dir/flash_ite_it8xxx2.c.obj
[fatcatrvp-npcx:ro] [347/386] Building C object CMakeFiles/app.dir/mnt/host/source/src/platform/ec/build/zephyr/fatcatrvp-npcx/modules/ec/common/math_util.c.obj
[nereid:rw] [152/402] Linking C static library zephyr/drivers/flash/libdrivers__flash.a
[fatcatrvp-npcx:ro] [348/386] Linking C static library modules/ec/zephyr/libec_shim.a
[nereid:rw] [153/402] Building C object zephyr/drivers/espi/CMakeFiles/drivers__espi.dir/espi_it8xxx2.c.obj
[nereid:ro] [18/402] Building C object zephyr/CMakeFiles/zephyr.dir/lib/os/cbprintf_nano.c.obj
[nereid:rw] [154/402] Building C object zephyr/drivers/gpio/CMakeFiles/drivers__gpio.dir/gpio_kscan_ite_it8xxx2.c.obj
[nereid:rw] [155/402] Linking C static library zephyr/drivers/espi/libdrivers__espi.a
[nereid:rw] [156/402] Building C object zephyr/drivers/gpio/CMakeFiles/drivers__gpio.dir/gpio_ite_it8xxx2.c.obj
[fatcatrvp-npcx:ro] [349/386] Building C object CMakeFiles/app.dir/mnt/host/source/src/platform/ec/build/zephyr/fatcatrvp-npcx/modules/ec/driver/led/max695x.c.obj
[nereid:rw] [157/402] Linking C static library zephyr/drivers/gpio/libdrivers__gpio.a
[fatcatrvp-npcx:ro] [350/386] Building C object CMakeFiles/app.dir/mnt/host/source/src/platform/ec/zephyr/program/intelrvp/ptlrvp/src/board_power.c.obj
[nereid:rw] [158/402] Building C object zephyr/drivers/i2c/CMakeFiles/drivers__i2c.dir/i2c_common.c.obj
[nereid:rw] [159/402] Building C object zephyr/drivers/i2c/CMakeFiles/drivers__i2c.dir/i2c_bitbang.c.obj
[nereid:ro] [19/402] Building C object zephyr/CMakeFiles/zephyr.dir/lib/os/cbprintf.c.obj
[fatcatrvp-npcx:ro] [351/386] Building C object CMakeFiles/app.dir/mnt/host/source/src/platform/ec/zephyr/program/intelrvp/src/dc_jack.c.obj
[fatcatrvp-npcx:ro] [352/386] Building C object zephyr/kernel/CMakeFiles/kernel.dir/main_weak.c.obj
[fatcatrvp-npcx:ro] [353/386] Building C object zephyr/kernel/CMakeFiles/kernel.dir/banner.c.obj
[fatcatrvp-npcx:ro] [354/386] Building C object CMakeFiles/app.dir/mnt/host/source/src/platform/ec/zephyr/program/intelrvp/src/kbd_strauss.c.obj
[fatcatrvp-npcx:ro] [355/386] Building C object zephyr/kernel/CMakeFiles/kernel.dir/busy_wait.c.obj
[nereid:rw] [160/402] Building C object zephyr/drivers/i2c/CMakeFiles/drivers__i2c.dir/i2c_ite_enhance.c.obj
[nereid:rw] [161/402] Building C object zephyr/drivers/i2c/CMakeFiles/drivers__i2c.dir/i2c_shell.c.obj
[fatcatrvp-npcx:ro] [356/386] Linking C static library app/libapp.a
[fatcatrvp-npcx:ro] [357/386] Building C object zephyr/kernel/CMakeFiles/kernel.dir/device.c.obj
[nereid:rw] [162/402] Building C object zephyr/drivers/i2c/CMakeFiles/drivers__i2c.dir/i2c_ite_it8xxx2.c.obj
[nereid:rw] [163/402] Linking C static library zephyr/drivers/i2c/libdrivers__i2c.a
[fatcatrvp-npcx:ro] [358/386] Building C object zephyr/kernel/CMakeFiles/kernel.dir/errno.c.obj
[fatcatrvp-npcx:ro] [359/386] Building C object zephyr/kernel/CMakeFiles/kernel.dir/version.c.obj
[nereid:rw] [164/402] Building C object zephyr/drivers/pinctrl/CMakeFiles/drivers__pinctrl.dir/common.c.obj
[nereid:rw] [165/402] Building C object zephyr/drivers/sensor/CMakeFiles/drivers__sensor.dir/mnt/host/source/src/third_party/zephyr/main/misc/empty_file.c.obj
[nereid:ro] [20/402] Building C object zephyr/CMakeFiles/zephyr.dir/lib/os/assert.c.obj
[nereid:rw] [166/402] Building C object zephyr/drivers/pinctrl/CMakeFiles/drivers__pinctrl.dir/pinctrl_ite_it8xxx2.c.obj
[nereid:rw] [167/402] Linking C static library zephyr/drivers/sensor/libdrivers__sensor.a
[nereid:rw] [168/402] Building C object zephyr/drivers/pwm/CMakeFiles/drivers__pwm.dir/pwm_shell.c.obj
[nereid:rw] [169/402] Linking C static library zephyr/drivers/pinctrl/libdrivers__pinctrl.a
[fatcatrvp-npcx:ro] [360/386] Building C object zephyr/kernel/CMakeFiles/kernel.dir/kheap.c.obj
[nereid:rw] [170/402] Building C object zephyr/drivers/pwm/CMakeFiles/drivers__pwm.dir/pwm_ite_it8xxx2.c.obj
[fatcatrvp-npcx:ro] [361/386] Building C object zephyr/kernel/CMakeFiles/kernel.dir/init.c.obj
[fatcatrvp-npcx:ro] [362/386] Building C object zephyr/kernel/CMakeFiles/kernel.dir/fatal.c.obj
[fatcatrvp-npcx:ro] [363/386] Building C object zephyr/kernel/CMakeFiles/kernel.dir/mem_slab.c.obj
[nereid:rw] [171/402] Linking C static library zephyr/drivers/pwm/libdrivers__pwm.a
[nereid:ro] [21/402] Building C object zephyr/CMakeFiles/zephyr.dir/lib/utils/dec.c.obj
[fatcatrvp-npcx:ro] [364/386] Building C object zephyr/kernel/CMakeFiles/kernel.dir/float.c.obj
[nereid:ro] [22/402] Building C object zephyr/CMakeFiles/zephyr.dir/lib/utils/hex.c.obj
[fatcatrvp-npcx:ro] [365/386] Building C object zephyr/kernel/CMakeFiles/kernel.dir/mailbox.c.obj
[fatcatrvp-npcx:ro] [366/386] Building C object zephyr/kernel/CMakeFiles/kernel.dir/idle.c.obj
[nereid:rw] [172/402] Building C object zephyr/drivers/sensor/ite/ite_vcmp_it8xxx2/CMakeFiles/drivers__sensor__ite__ite_vcmp_it8xxx2.dir/vcmp_ite_it8xxx2.c.obj
[nereid:rw] [173/402] Linking C static library zephyr/drivers/sensor/ite/ite_vcmp_it8xxx2/libdrivers__sensor__ite__ite_vcmp_it8xxx2.a
[nereid:rw] [174/402] Building C object zephyr/drivers/timer/CMakeFiles/drivers__timer.dir/sys_clock_init.c.obj
[nereid:rw] [175/402] Building C object zephyr/drivers/serial/CMakeFiles/drivers__serial.dir/uart_ns16550.c.obj
[nereid:rw] [176/402] Building C object zephyr/drivers/serial/CMakeFiles/drivers__serial.dir/uart_ite_it8xxx2.c.obj
[fatcatrvp-npcx:ro] [367/386] Building C object zephyr/kernel/CMakeFiles/kernel.dir/mutex.c.obj
[nereid:rw] [177/402] Linking C static library zephyr/drivers/serial/libdrivers__serial.a
[nereid:rw] [178/402] Building C object zephyr/drivers/timer/CMakeFiles/drivers__timer.dir/ite_it8xxx2_timer.c.obj
[fatcatrvp-npcx:ro] [368/386] Building C object zephyr/kernel/CMakeFiles/kernel.dir/msg_q.c.obj
[fatcatrvp-npcx:ro] [369/386] Building C object zephyr/kernel/CMakeFiles/kernel.dir/sem.c.obj
[nereid:rw] [179/402] Linking C static library zephyr/drivers/timer/libdrivers__timer.a
[fatcatrvp-npcx:ro] [370/386] Building C object zephyr/kernel/CMakeFiles/kernel.dir/queue.c.obj
[fatcatrvp-npcx:ro] [371/386] Building C object zephyr/kernel/CMakeFiles/kernel.dir/stack.c.obj
[/mnt/host/source/src/platform/ec/build/zephyr/pirrha-lcov]   /mnt/host/source/src/platform/ec/build/zephyr/pirrha/build-rw/modules/ec/zephyr/CMakeFiles/ec_shim.dir/shim/src/bc12.c.gcno:no functions found
[/mnt/host/source/src/platform/ec/build/zephyr/pirrha-lcov] stderr:
[nereid:ro] [23/402] Building C object zephyr/CMakeFiles/zephyr.dir/lib/utils/rb.c.obj
[nereid:rw] [180/402] Building C object zephyr/drivers/watchdog/CMakeFiles/drivers__watchdog.dir/wdt_ite_it8xxx2.c.obj
[fatcatrvp-npcx:ro] [372/386] Building C object zephyr/kernel/CMakeFiles/kernel.dir/system_work_q.c.obj
[fatcatrvp-npcx:ro] [373/386] Building C object zephyr/kernel/CMakeFiles/kernel.dir/work.c.obj
[nereid:rw] [181/402] Building C object zephyr/drivers/watchdog/CMakeFiles/drivers__watchdog.dir/wdt_shell.c.obj
[nereid:rw] [182/402] Linking C static library zephyr/drivers/watchdog/libdrivers__watchdog.a
[nereid:ro] [24/402] Building C object zephyr/CMakeFiles/zephyr.dir/lib/utils/timeutil.c.obj
[nereid:rw] [183/402] Building C object modules/ec/zephyr/CMakeFiles/ec_shim.dir/app/ec/main_shim.c.obj
[fatcatrvp-npcx:ro] [374/386] Building C object zephyr/kernel/CMakeFiles/kernel.dir/condvar.c.obj
[fatcatrvp-npcx:ro] [375/386] Building C object zephyr/kernel/CMakeFiles/kernel.dir/thread.c.obj
[nereid:rw] [184/402] Building C object modules/ec/zephyr/CMakeFiles/ec_shim.dir/app/ec/chip/riscv/riscv-ite/it8xxx2-espi.c.obj
[fatcatrvp-npcx:ro] [376/386] Building C object zephyr/kernel/CMakeFiles/kernel.dir/pipe.c.obj
[nereid:rw] [185/402] Building C object modules/ec/zephyr/CMakeFiles/ec_shim.dir/app/ec/ec_app_main.c.obj
[fatcatrvp-npcx:ro] [377/386] Building C object zephyr/kernel/CMakeFiles/kernel.dir/spinlock_validate.c.obj
[fatcatrvp-npcx:ro] [378/386] Building C object zephyr/kernel/CMakeFiles/kernel.dir/sched.c.obj
[nereid:rw] [186/402] Building C object modules/ec/zephyr/CMakeFiles/ec_shim.dir/drivers/cros_flash/cros_flash_it8xxx2.c.obj
[fatcatrvp-npcx:ro] [379/386] Building C object zephyr/kernel/CMakeFiles/kernel.dir/thread_monitor.c.obj
[fatcatrvp-npcx:ro] [380/386] Building C object zephyr/kernel/CMakeFiles/kernel.dir/timeout.c.obj
[nereid:ro] [25/402] Building C object zephyr/CMakeFiles/zephyr.dir/lib/utils/bitarray.c.obj
[nereid:rw] [187/402] Building C object modules/ec/zephyr/CMakeFiles/ec_shim.dir/drivers/cros_kblight/pwm_kblight.c.obj
[baze:rw] Configuring.
Running `env -i PYTHONPATH=/usr/lib64/python-exec/python3.11:/mnt/host/source/src/platform/ec/zephyr/zmake:/usr/lib/python311.zip:/usr/lib/python3.11:/usr/lib/python3.11/lib-dynload:/usr/lib/python3.11/site-packages PW_PIGWEED_CIPD_INSTALL_DIR=/usr CROSTC_USER_ACKNOWLEDGES_THAT_RISCV_IS_EXPERIMENTAL=1 PATH=/mnt/host/source/chromite/bin:/usr/local/bin:/usr/bin:/bin:/opt/bin:/mnt/host/source/chromite/sdk/bin:/mnt/host/source/chromite/bin HOME=/home/jpmurphy JAVA_HOME=/etc/java-config-2/current-system-vm JDK_HOME=/etc/java-config-2/current-system-vm JAVAC=/etc/java-config-2/current-system-vm/bin/javac MAKEFLAGS=' -j16 --jobserver-auth=5,6' /usr/bin/cmake -S /mnt/host/source/src/platform/ec/zephyr/program/skywalker -B /mnt/host/source/src/platform/ec/build/zephyr/baze/build-rw -GNinja -DCMAKE_EXPORT_COMPILE_COMMANDS=ON -DZEPHYR_BASE=/mnt/host/source/src/third_party/zephyr/main -DZMAKE_INCLUDE_DIR=/mnt/host/source/src/platform/ec/build/zephyr/baze/include -DPython3_EXECUTABLE=/usr/bin/python3.11 -DDTS_ROOT=/mnt/host/source/src/platform/ec/zephyr -DSYSCALL_INCLUDE_DIRS=/mnt/host/source/src/platform/ec/zephyr/include/drivers -DUSER_CACHE_DIR=/mnt/host/source/src/platform/ec/build/zephyr/user-cache '-DEXTRA_EC_VERSION_FLAGS=--version 16543.0.0 --static' -DTOOLCHAIN_ROOT=/mnt/host/source/src/platform/ec/zephyr -DCOREBOOT_SDK_ROOT_x86=/home/jpmurphy/.cache/coreboot-sdk/i386-elf/dfbb0486385d938cfa9d73080b9d18d598ed4f49 -DCOREBOOT_SDK_ROOT_picolibc_x86=/home/jpmurphy/.cache/coreboot-sdk/picolibc-i386-elf/eb8e8e687b95461de8cbf278f1c2076952d0ad17 -DCOREBOOT_SDK_ROOT_riscv64=/home/jpmurphy/.cache/coreboot-sdk/riscv64-elf/96b949749225b6aaa92ed810ab769e8dfb12f000 -DCOREBOOT_SDK_ROOT_picolibc_arm=/home/jpmurphy/.cache/coreboot-sdk/picolibc-arm-eabi/422a2aa3e1ef891b5bece9a3deb696ff83840d2e -DCOREBOOT_SDK_ROOT_nds32=/home/jpmurphy/.cache/coreboot-sdk/nds32le-elf/d1a518c4a097666d86058e1444f85ca015d15511 -DCOREBOOT_SDK_ROOT_picolibc_riscv64=/home/jpmurphy/.cache/coreboot-sdk/picolibc-riscv64-elf/f571e990ef0278564b31124f8bb109d9a697eb69 -DCOREBOOT_SDK_ROOT_arm=/home/jpmurphy/.cache/coreboot-sdk/arm-eabi/ea40ddd1d190c3b48435c474c0b545719371813a -DCOREBOOT_SDK_ROOT_libstdcxx_riscv64=/home/jpmurphy/.cache/coreboot-sdk/libstdcxx-riscv64-elf/17abf22a3a252e2d5d2062ced5324f7a623689e0 -DCOREBOOT_SDK_ROOT_libstdcxx_arm=/home/jpmurphy/.cache/coreboot-sdk/libstdcxx-arm-eabi/5d7d82e150e44aa1968f1d366e267e6687b328ac -DCOREBOOT_SDK_ROOT_riscv=/home/jpmurphy/.cache/coreboot-sdk/riscv-elf/9a27b9e82341c6e9126624f516ab3f261abb3e73 -DCOREBOOT_SDK_ROOT_libstdcxx_x86=/home/jpmurphy/.cache/coreboot-sdk/libstdcxx-i386-elf/42ef9d2e87a76a37963175d7d428734e65648b87 -DZEPHYR_TOOLCHAIN_VARIANT=coreboot-sdk -DZEPHYR_MODULES=/mnt/host/source/src/platform/ec/build/zephyr/baze/modules/ec -DDTC_OVERLAY_FILE=/mnt/host/source/src/platform/ec/zephyr/program/skywalker/baze/project.overlay -DBOARD=it8xxx2/it82002aw -DCMAKE_C_FLAGS=-DSECTION_IS_RW '-DCONF_FILE=/mnt/host/source/src/platform/ec/zephyr/program/skywalker/program.conf;/mnt/host/source/src/platform/ec/zephyr/program/skywalker/ite_program.conf;/mnt/host/source/src/platform/ec/zephyr/program/skywalker/baze/project.conf;/mnt/host/source/src/platform/ec/build/zephyr/baze/kconfig-rw.conf'`
[fatcatrvp-npcx:ro] [381/386] Building C object zephyr/kernel/CMakeFiles/kernel.dir/timer.c.obj
[nereid:rw] [188/402] Building C object modules/ec/zephyr/CMakeFiles/ec_shim.dir/drivers/cros_kb_raw/cros_kb_raw_ite.c.obj
[baze:rw] Loading Zephyr default modules (Zephyr base (cached)).
[baze:rw] -- Application: /mnt/host/source/src/platform/ec/zephyr/program/skywalker
[nereid:ro] [26/402] Building C object zephyr/CMakeFiles/zephyr.dir/lib/utils/bitmask.c.obj
[nereid:rw] [189/402] Building C object modules/ec/zephyr/CMakeFiles/ec_shim.dir/drivers/cros_system/cros_system_it8xxx2.c.obj
[fatcatrvp-npcx:ro] [382/386] Building C object zephyr/kernel/CMakeFiles/kernel.dir/poll.c.obj
[baze:ro] Configuring.
Running `env -i PYTHONPATH=/usr/lib64/python-exec/python3.11:/mnt/host/source/src/platform/ec/zephyr/zmake:/usr/lib/python311.zip:/usr/lib/python3.11:/usr/lib/python3.11/lib-dynload:/usr/lib/python3.11/site-packages PW_PIGWEED_CIPD_INSTALL_DIR=/usr CROSTC_USER_ACKNOWLEDGES_THAT_RISCV_IS_EXPERIMENTAL=1 PATH=/mnt/host/source/chromite/bin:/usr/local/bin:/usr/bin:/bin:/opt/bin:/mnt/host/source/chromite/sdk/bin:/mnt/host/source/chromite/bin HOME=/home/jpmurphy JAVA_HOME=/etc/java-config-2/current-system-vm JDK_HOME=/etc/java-config-2/current-system-vm JAVAC=/etc/java-config-2/current-system-vm/bin/javac MAKEFLAGS=' -j16 --jobserver-auth=5,6' /usr/bin/cmake -S /mnt/host/source/src/platform/ec/zephyr/program/skywalker -B /mnt/host/source/src/platform/ec/build/zephyr/baze/build-ro -GNinja -DCMAKE_EXPORT_COMPILE_COMMANDS=ON -DZEPHYR_BASE=/mnt/host/source/src/third_party/zephyr/main -DZMAKE_INCLUDE_DIR=/mnt/host/source/src/platform/ec/build/zephyr/baze/include -DPython3_EXECUTABLE=/usr/bin/python3.11 -DDTS_ROOT=/mnt/host/source/src/platform/ec/zephyr -DSYSCALL_INCLUDE_DIRS=/mnt/host/source/src/platform/ec/zephyr/include/drivers -DUSER_CACHE_DIR=/mnt/host/source/src/platform/ec/build/zephyr/user-cache '-DEXTRA_EC_VERSION_FLAGS=--version 16543.0.0 --static' -DTOOLCHAIN_ROOT=/mnt/host/source/src/platform/ec/zephyr -DCOREBOOT_SDK_ROOT_x86=/home/jpmurphy/.cache/coreboot-sdk/i386-elf/dfbb0486385d938cfa9d73080b9d18d598ed4f49 -DCOREBOOT_SDK_ROOT_picolibc_x86=/home/jpmurphy/.cache/coreboot-sdk/picolibc-i386-elf/eb8e8e687b95461de8cbf278f1c2076952d0ad17 -DCOREBOOT_SDK_ROOT_riscv64=/home/jpmurphy/.cache/coreboot-sdk/riscv64-elf/96b949749225b6aaa92ed810ab769e8dfb12f000 -DCOREBOOT_SDK_ROOT_picolibc_arm=/home/jpmurphy/.cache/coreboot-sdk/picolibc-arm-eabi/422a2aa3e1ef891b5bece9a3deb696ff83840d2e -DCOREBOOT_SDK_ROOT_nds32=/home/jpmurphy/.cache/coreboot-sdk/nds32le-elf/d1a518c4a097666d86058e1444f85ca015d15511 -DCOREBOOT_SDK_ROOT_picolibc_riscv64=/home/jpmurphy/.cache/coreboot-sdk/picolibc-riscv64-elf/f571e990ef0278564b31124f8bb109d9a697eb69 -DCOREBOOT_SDK_ROOT_arm=/home/jpmurphy/.cache/coreboot-sdk/arm-eabi/ea40ddd1d190c3b48435c474c0b545719371813a -DCOREBOOT_SDK_ROOT_libstdcxx_riscv64=/home/jpmurphy/.cache/coreboot-sdk/libstdcxx-riscv64-elf/17abf22a3a252e2d5d2062ced5324f7a623689e0 -DCOREBOOT_SDK_ROOT_libstdcxx_arm=/home/jpmurphy/.cache/coreboot-sdk/libstdcxx-arm-eabi/5d7d82e150e44aa1968f1d366e267e6687b328ac -DCOREBOOT_SDK_ROOT_riscv=/home/jpmurphy/.cache/coreboot-sdk/riscv-elf/9a27b9e82341c6e9126624f516ab3f261abb3e73 -DCOREBOOT_SDK_ROOT_libstdcxx_x86=/home/jpmurphy/.cache/coreboot-sdk/libstdcxx-i386-elf/42ef9d2e87a76a37963175d7d428734e65648b87 -DZEPHYR_TOOLCHAIN_VARIANT=coreboot-sdk -DZEPHYR_MODULES=/mnt/host/source/src/platform/ec/build/zephyr/baze/modules/ec -DDTC_OVERLAY_FILE=/mnt/host/source/src/platform/ec/zephyr/program/skywalker/baze/project.overlay -DBOARD=it8xxx2/it82002aw -DCMAKE_C_FLAGS=-DSECTION_IS_RO '-DCONF_FILE=/mnt/host/source/src/platform/ec/zephyr/program/skywalker/program.conf;/mnt/host/source/src/platform/ec/zephyr/program/skywalker/ite_program.conf;/mnt/host/source/src/platform/ec/zephyr/program/skywalker/baze/project.conf;/mnt/host/source/src/platform/ec/build/zephyr/baze/kconfig-ro.conf'`
[baze:ro] Loading Zephyr default modules (Zephyr base (cached)).
[baze:ro] -- Application: /mnt/host/source/src/platform/ec/zephyr/program/skywalker
[baze:ro] -- CMake version: 3.31.7
[fatcatrvp-npcx:ro] [383/386] Building C object zephyr/kernel/CMakeFiles/kernel.dir/events.c.obj
Toolchain <zmake.toolchains.CorebootSdkToolchain object at 0x7f4120526dd0> selected by probe function.
[ptlrvp_mchp] Building in /mnt/host/source/src/platform/ec/build/zephyr/ptlrvp_mchp.
[fatcatrvp-npcx:ro] [384/386] Building C object zephyr/kernel/CMakeFiles/kernel.dir/mempool.c.obj
[ptlrvp_mchp:rw] Configuring.
Running `env -i PYTHONPATH=/usr/lib64/python-exec/python3.11:/mnt/host/source/src/platform/ec/zephyr/zmake:/usr/lib/python311.zip:/usr/lib/python3.11:/usr/lib/python3.11/lib-dynload:/usr/lib/python3.11/site-packages PW_PIGWEED_CIPD_INSTALL_DIR=/usr CROSTC_USER_ACKNOWLEDGES_THAT_RISCV_IS_EXPERIMENTAL=1 PATH=/mnt/host/source/chromite/bin:/usr/local/bin:/usr/bin:/bin:/opt/bin:/mnt/host/source/chromite/sdk/bin:/mnt/host/source/chromite/bin HOME=/home/jpmurphy JAVA_HOME=/etc/java-config-2/current-system-vm JDK_HOME=/etc/java-config-2/current-system-vm JAVAC=/etc/java-config-2/current-system-vm/bin/javac MAKEFLAGS=' -j16 --jobserver-auth=5,6' /usr/bin/cmake -S /mnt/host/source/src/platform/ec/zephyr/program/intelrvp -B /mnt/host/source/src/platform/ec/build/zephyr/ptlrvp_mchp/build-rw -GNinja -DCMAKE_EXPORT_COMPILE_COMMANDS=ON -DZEPHYR_BASE=/mnt/host/source/src/third_party/zephyr/main -DZMAKE_INCLUDE_DIR=/mnt/host/source/src/platform/ec/build/zephyr/ptlrvp_mchp/include -DPython3_EXECUTABLE=/usr/bin/python3.11 -DDTS_ROOT=/mnt/host/source/src/platform/ec/zephyr -DSYSCALL_INCLUDE_DIRS=/mnt/host/source/src/platform/ec/zephyr/include/drivers -DUSER_CACHE_DIR=/mnt/host/source/src/platform/ec/build/zephyr/user-cache '-DEXTRA_EC_VERSION_FLAGS=--version 16543.0.0 --static' -DTOOLCHAIN_ROOT=/mnt/host/source/src/platform/ec/zephyr -DCOREBOOT_SDK_ROOT_x86=/home/jpmurphy/.cache/coreboot-sdk/i386-elf/dfbb0486385d938cfa9d73080b9d18d598ed4f49 -DCOREBOOT_SDK_ROOT_picolibc_x86=/home/jpmurphy/.cache/coreboot-sdk/picolibc-i386-elf/eb8e8e687b95461de8cbf278f1c2076952d0ad17 -DCOREBOOT_SDK_ROOT_riscv64=/home/jpmurphy/.cache/coreboot-sdk/riscv64-elf/96b949749225b6aaa92ed810ab769e8dfb12f000 -DCOREBOOT_SDK_ROOT_picolibc_arm=/home/jpmurphy/.cache/coreboot-sdk/picolibc-arm-eabi/422a2aa3e1ef891b5bece9a3deb696ff83840d2e -DCOREBOOT_SDK_ROOT_nds32=/home/jpmurphy/.cache/coreboot-sdk/nds32le-elf/d1a518c4a097666d86058e1444f85ca015d15511 -DCOREBOOT_SDK_ROOT_picolibc_riscv64=/home/jpmurphy/.cache/coreboot-sdk/picolibc-riscv64-elf/f571e990ef0278564b31124f8bb109d9a697eb69 -DCOREBOOT_SDK_ROOT_arm=/home/jpmurphy/.cache/coreboot-sdk/arm-eabi/ea40ddd1d190c3b48435c474c0b545719371813a -DCOREBOOT_SDK_ROOT_libstdcxx_riscv64=/home/jpmurphy/.cache/coreboot-sdk/libstdcxx-riscv64-elf/17abf22a3a252e2d5d2062ced5324f7a623689e0 -DCOREBOOT_SDK_ROOT_libstdcxx_arm=/home/jpmurphy/.cache/coreboot-sdk/libstdcxx-arm-eabi/5d7d82e150e44aa1968f1d366e267e6687b328ac -DCOREBOOT_SDK_ROOT_riscv=/home/jpmurphy/.cache/coreboot-sdk/riscv-elf/9a27b9e82341c6e9126624f516ab3f261abb3e73 -DCOREBOOT_SDK_ROOT_libstdcxx_x86=/home/jpmurphy/.cache/coreboot-sdk/libstdcxx-i386-elf/42ef9d2e87a76a37963175d7d428734e65648b87 -DZEPHYR_TOOLCHAIN_VARIANT=coreboot-sdk '-DZEPHYR_MODULES=/mnt/host/source/src/platform/ec/build/zephyr/ptlrvp_mchp/modules/cmsis;/mnt/host/source/src/platform/ec/build/zephyr/ptlrvp_mchp/modules/cmsis_6;/mnt/host/source/src/platform/ec/build/zephyr/ptlrvp_mchp/modules/ec' -DDTC_OVERLAY_FILE=/mnt/host/source/src/platform/ec/zephyr/program/intelrvp/ptlrvp/ptlrvp_mchp/project.overlay -DBOARD=mec172x/mec172x_nsz/mec1727 -DCMAKE_C_FLAGS=-DSECTION_IS_RW '-DCONF_FILE=/mnt/host/source/src/platform/ec/zephyr/program/intelrvp/program.conf;/mnt/host/source/src/platform/ec/zephyr/program/intelrvp/ptlrvp/program.conf;/mnt/host/source/src/platform/ec/zephyr/program/intelrvp/ptlrvp/ptlrvp_mchp/project.conf;/mnt/host/source/src/platform/ec/zephyr/program/intelrvp/ptlrvp/pd.conf;/mnt/host/source/src/platform/ec/zephyr/program/intelrvp/zephyr_ap_pwrseq.conf;/mnt/host/source/src/platform/ec/build/zephyr/ptlrvp_mchp/kconfig-rw.conf'`
[fatcatrvp-npcx:ro] [385/386] Building C object zephyr/kernel/CMakeFiles/kernel.dir/dynamic_disabled.c.obj
[ptlrvp_mchp:rw] Loading Zephyr default modules (Zephyr base (cached)).
[ptlrvp_mchp:rw] -- Application: /mnt/host/source/src/platform/ec/zephyr/program/intelrvp
[ptlrvp_mchp:rw] -- CMake version: 3.31.7
[nereid:rw] [190/402] Building C object modules/ec/zephyr/CMakeFiles/ec_shim.dir/drivers/vivaldi_kbd/vivaldi_kbd.c.obj
[fatcatrvp-npcx:ro] [386/386] Linking C static library zephyr/kernel/libkernel.a
[nereid:rw] [191/402] Building C object modules/ec/zephyr/CMakeFiles/ec_shim.dir/shim/chip/it8xxx2/clock.c.obj
[nereid:rw] [192/402] Building C object modules/ec/zephyr/CMakeFiles/ec_shim.dir/shim/src/crc.c.obj
[baze:rw] -- CMake version: 3.31.7
[baze:rw] -- Found Python3: /usr/bin/python3.11 (found suitable version "3.11.11", minimum required is "3.10") found components: Interpreter
[baze:rw] -- Cache files will be written to: /mnt/host/source/src/platform/ec/build/zephyr/user-cache
[baze:rw] -- Zephyr version: 4.3.99 (/mnt/host/source/src/third_party/zephyr/main)
[baze:ro] -- Found Python3: /usr/bin/python3.11 (found suitable version "3.11.11", minimum required is "3.10") found components: Interpreter
[baze:ro] -- Cache files will be written to: /mnt/host/source/src/platform/ec/build/zephyr/user-cache
[baze:ro] -- Zephyr version: 4.3.99 (/mnt/host/source/src/third_party/zephyr/main)
[nereid:rw] [193/402] Building C object modules/ec/zephyr/CMakeFiles/ec_shim.dir/shim/chip/it8xxx2/gpio.c.obj
[nereid:ro] [27/402] Building C object zephyr/CMakeFiles/zephyr.dir/lib/utils/ring_buffer.c.obj
[ptlrvp_mchp:rw] -- Found Python3: /usr/bin/python3.11 (found suitable version "3.11.11", minimum required is "3.10") found components: Interpreter
[ptlrvp_mchp:rw] -- Cache files will be written to: /mnt/host/source/src/platform/ec/build/zephyr/user-cache
[ptlrvp_mchp:rw] -- Zephyr version: 4.3.99 (/mnt/host/source/src/third_party/zephyr/main)
[nereid:ro] [28/402] Building C object zephyr/CMakeFiles/zephyr.dir/lib/utils/getopt/getopt.c.obj
[nereid:ro] [29/402] Building C object zephyr/CMakeFiles/zephyr.dir/lib/utils/getopt/getopt_common.c.obj
[nereid:rw] [194/402] Building C object modules/ec/zephyr/CMakeFiles/ec_shim.dir/shim/chip/it8xxx2/keyboard_raw.c.obj
[nereid:ro] [30/402] Building C object zephyr/CMakeFiles/zephyr.dir/lib/utils/last_section_id.c.obj
[nereid:rw] [195/402] Building C object modules/ec/zephyr/CMakeFiles/ec_shim.dir/shim/chip/it8xxx2/system.c.obj
[nereid:rw] [196/402] Building C object modules/ec/zephyr/CMakeFiles/ec_shim.dir/shim/chip/it8xxx2/power_policy.c.obj
[nereid:ro] [31/402] Building C object zephyr/CMakeFiles/zephyr.dir/misc/generated/configs.c.obj
[nereid:ro] [32/402] Building ASM object zephyr/CMakeFiles/zephyr.dir/soc/ite/ec/common/soc_irq.S.obj
[nereid:rw] [197/402] Building C object modules/ec/zephyr/CMakeFiles/ec_shim.dir/shim/src/console.c.obj
[nereid:rw] [198/402] Building C object modules/ec/zephyr/CMakeFiles/ec_shim.dir/shim/src/panic_utils.c.obj
[nereid:rw] [199/402] Building C object modules/ec/zephyr/CMakeFiles/ec_shim.dir/shim/src/gpio_int.c.obj
[nereid:rw] [200/402] Building C object modules/ec/zephyr/CMakeFiles/ec_shim.dir/shim/src/gpio.c.obj
[nereid:ro] [33/402] Building C object zephyr/CMakeFiles/zephyr.dir/soc/ite/ec/common/soc_common_irq.c.obj
[nereid:rw] [201/402] Building C object modules/ec/zephyr/CMakeFiles/ec_shim.dir/shim/src/cbi/cros_cbi.c.obj
[nereid:ro] [34/402] Building C object zephyr/CMakeFiles/zephyr.dir/soc/ite/ec/common/power.c.obj
[nereid:ro] [35/402] Building C object zephyr/CMakeFiles/zephyr.dir/soc/ite/ec/common/policy.c.obj
[nereid:rw] [202/402] Building C object modules/ec/zephyr/CMakeFiles/ec_shim.dir/shim/src/pm_state.c.obj
[baze:rw] -- Board: it8xxx2, qualifiers: it82002aw
[nereid:rw] [203/402] Building C object modules/ec/zephyr/CMakeFiles/ec_shim.dir/shim/src/cbi/cros_cbi_fw_config.c.obj
[nereid:rw] [204/402] Building C object modules/ec/zephyr/CMakeFiles/ec_shim.dir/shim/src/cbi/cbi_eeprom.c.obj
[baze:ro] -- Board: it8xxx2, qualifiers: it82002aw
[nereid:ro] [36/402] Building ASM object zephyr/CMakeFiles/zephyr.dir/soc/ite/ec/it8xxx2/vector.S.obj
[nereid:rw] [205/402] Building C object modules/ec/zephyr/CMakeFiles/ec_shim.dir/shim/src/adc.c.obj
[nereid:rw] [206/402] Building C object modules/ec/zephyr/CMakeFiles/ec_shim.dir/shim/src/battery.c.obj
[nereid:ro] [37/402] Building C object zephyr/CMakeFiles/zephyr.dir/soc/ite/ec/it8xxx2/soc.c.obj
[nereid:ro] [38/402] Building ASM object zephyr/CMakeFiles/zephyr.dir/soc/ite/ec/it8xxx2/__arithmetic.S.obj
[nereid:ro] [39/402] Building C object zephyr/CMakeFiles/zephyr.dir/soc/ite/ec/it8xxx2/check_regs.c.obj
[ptlrvp_mchp:rw] -- Board: mec172x, qualifiers: mec172x_nsz/mec1727
[nereid:rw] [207/402] Building C object modules/ec/zephyr/CMakeFiles/ec_shim.dir/shim/src/system.c.obj
[nereid:rw] [208/402] Building C object modules/ec/zephyr/CMakeFiles/ec_shim.dir/shim/src/charger.c.obj
[nereid:rw] [209/402] Building C object modules/ec/zephyr/CMakeFiles/ec_shim.dir/shim/src/chipset_api.c.obj
[nereid:rw] [210/402] Building C object modules/ec/zephyr/CMakeFiles/ec_shim.dir/shim/src/flash.c.obj
[nereid:ro] [40/402] Building C object zephyr/CMakeFiles/zephyr.dir/soc/ite/ec/it8xxx2/ilm.c.obj
[nereid:ro] [41/402] Building C object zephyr/CMakeFiles/zephyr.dir/subsys/logging/log_minimal.c.obj
[nereid:rw] [211/402] Building C object modules/ec/zephyr/CMakeFiles/ec_shim.dir/shim/src/espi.c.obj
[nereid:ro] [42/402] Building C object zephyr/CMakeFiles/zephyr.dir/subsys/pm/pm.c.obj
[/mnt/host/source/src/platform/ec/build/zephyr/lapis-lcov]   /mnt/host/source/src/platform/ec/build/zephyr/lapis/build-ro/modules/ec/zephyr/CMakeFiles/ec_shim.dir/drivers/keyboard_input/keyboard_customization_check.c.gcno:no functions found
[/mnt/host/source/src/platform/ec/build/zephyr/lapis-lcov] stderr:
[nereid:rw] [212/402] Building C object modules/ec/zephyr/CMakeFiles/ec_shim.dir/shim/src/hooks.c.obj
[nereid:rw] [213/402] Building C object modules/ec/zephyr/CMakeFiles/ec_shim.dir/shim/src/host_command.c.obj
[nereid:rw] [214/402] Building C object modules/ec/zephyr/CMakeFiles/ec_shim.dir/shim/src/keyboard_raw.c.obj
[nereid:rw] [215/402] Building C object modules/ec/zephyr/CMakeFiles/ec_shim.dir/shim/src/console_buffer.c.obj
[nereid:rw] [216/402] Building C object modules/ec/zephyr/CMakeFiles/ec_shim.dir/shim/src/mkbp_event.c.obj
[nereid:ro] [43/402] Building C object zephyr/CMakeFiles/zephyr.dir/subsys/pm/state.c.obj
[nereid:ro] [44/402] Building C object zephyr/CMakeFiles/zephyr.dir/subsys/pm/policy/policy_events.c.obj
[nereid:rw] [217/402] Building C object modules/ec/zephyr/CMakeFiles/ec_shim.dir/shim/src/panic.c.obj
[nereid:ro] [45/402] Building C object zephyr/CMakeFiles/zephyr.dir/subsys/pm/policy/policy_latency.c.obj
[nereid:rw] [218/402] Building C object modules/ec/zephyr/CMakeFiles/ec_shim.dir/shim/src/motionsense_sensors.c.obj
[baze:rw] -- Found Dtc: /usr/bin/dtc (found suitable version "1.6.0", minimum required is "1.4.6")
[baze:rw] -- Found BOARD.dts: /mnt/host/source/src/platform/ec/zephyr/boards/google/it8xxx2/it8xxx2_it82002aw.dts
[baze:rw] -- Found devicetree overlay: /mnt/host/source/src/platform/ec/zephyr/program/skywalker/baze/project.overlay
[nereid:rw] [219/402] Building C object modules/ec/zephyr/CMakeFiles/ec_shim.dir/shim/src/hwtimer.c.obj
[nereid:rw] [220/402] Building C object modules/ec/zephyr/CMakeFiles/ec_shim.dir/shim/src/thermal.c.obj
[nereid:rw] [221/402] Building C object modules/ec/zephyr/CMakeFiles/ec_shim.dir/shim/src/pwm_hc.c.obj
[nereid:rw] [222/402] Building C object modules/ec/zephyr/CMakeFiles/ec_shim.dir/shim/src/pwm_led.c.obj
[baze:ro] -- Found Dtc: /usr/bin/dtc (found suitable version "1.6.0", minimum required is "1.4.6")
[baze:ro] -- Found BOARD.dts: /mnt/host/source/src/platform/ec/zephyr/boards/google/it8xxx2/it8xxx2_it82002aw.dts
[baze:ro] -- Found devicetree overlay: /mnt/host/source/src/platform/ec/zephyr/program/skywalker/baze/project.overlay
[nereid:rw] [223/402] Building C object modules/ec/zephyr/CMakeFiles/ec_shim.dir/shim/src/temp_sensors.c.obj
[nereid:ro] [46/402] Building C object zephyr/CMakeFiles/zephyr.dir/subsys/pm/policy/policy_state_lock.c.obj
[nereid:ro] [47/402] Building C object zephyr/CMakeFiles/zephyr.dir/subsys/pm/device.c.obj
[ptlrvp_mchp:rw] -- Found Dtc: /usr/bin/dtc (found suitable version "1.6.0", minimum required is "1.4.6")
[ptlrvp_mchp:rw] -- Found BOARD.dts: /mnt/host/source/src/platform/ec/zephyr/boards/google/mec172x/mec172x_mec172x_nsz_mec1727.dts
[ptlrvp_mchp:rw] -- Found devicetree overlay: /mnt/host/source/src/platform/ec/zephyr/program/intelrvp/ptlrvp/ptlrvp_mchp/project.overlay
[nereid:ro] [48/402] Building C object zephyr/CMakeFiles/zephyr.dir/subsys/pm/device_system_managed.c.obj
[nereid:rw] [224/402] Building C object modules/ec/zephyr/CMakeFiles/ec_shim.dir/shim/src/watchdog.c.obj
[nereid:rw] [225/402] Building C object modules/ec/zephyr/CMakeFiles/ec_shim.dir/shim/src/i2c.c.obj
[nereid:ro] [49/402] Building C object zephyr/CMakeFiles/zephyr.dir/subsys/testsuite/coverage/coverage.c.obj
[nereid:rw] [226/402] Building C object modules/ec/zephyr/CMakeFiles/ec_shim.dir/shim/src/bc12.c.obj
[nereid:rw] [227/402] Building C object modules/ec/zephyr/CMakeFiles/ec_shim.dir/shim/src/tasks.c.obj
[nereid:rw] [228/402] Building C object modules/ec/zephyr/CMakeFiles/ec_shim.dir/shim/src/usba.c.obj
[nereid:ro] [50/402] Building C object zephyr/CMakeFiles/zephyr.dir/subsys/tracing/tracing_none.c.obj
[nereid:rw] [229/402] Building C object modules/ec/zephyr/CMakeFiles/ec_shim.dir/shim/src/bc12_pi3usb9201.c.obj
[nereid:rw] [230/402] cd /mnt/host/source/src/platform/ec/build/zephyr/nereid/build-rw/modules/ec/zephyr && PYTHONPATH=/mnt/host/source/src/platform/ec/build/zephyr/nereid/modules/ec/zephyr/zmake/ /usr/bin/python3.11 /mnt/host/source/src/platform/ec/build/zephyr/nereid/modules/ec/zephyr/zmake/zephyr_build_tools/generate_ec_version.py /mnt/host/source/src/platform/ec/build/zephyr/nereid/build-rw/modules/ec/zephyr/include/ec_version.h --name Zephyr-Kernel --version 16543.0.0 --static
[nereid:rw] INFO:root:Using a static version string
[nereid:rw] INFO:root:Version string: Zephyr-Kernel-16543.0.0
[nereid:rw] INFO:root:Writing header to /mnt/host/source/src/platform/ec/build/zephyr/nereid/build-rw/modules/ec/zephyr/include/ec_version.h
[nereid:rw] [231/402] Building C object modules/ec/zephyr/CMakeFiles/ec_shim.dir/shim/src/power_host_sleep_api.c.obj
[nereid:ro] [51/402] Building C object zephyr/CMakeFiles/zephyr.dir/subsys/shell/modules/kernel_service/kernel_shell.c.obj
[nereid:ro] [52/402] Building C object zephyr/CMakeFiles/zephyr.dir/subsys/shell/modules/kernel_service/cycles.c.obj
[nereid:rw] [232/402] Building C object zephyr/kernel/CMakeFiles/kernel.dir/main_weak.c.obj
[nereid:rw] [233/402] Building C object zephyr/kernel/CMakeFiles/kernel.dir/busy_wait.c.obj
[nereid:rw] [234/402] Building C object zephyr/kernel/CMakeFiles/kernel.dir/banner.c.obj
[nereid:rw] [235/402] Building C object zephyr/kernel/CMakeFiles/kernel.dir/device.c.obj
[nereid:rw] [236/402] Building C object modules/ec/zephyr/CMakeFiles/ec_shim.dir/shim/src/usb_muxes.c.obj
[nereid:ro] [53/402] Building C object zephyr/CMakeFiles/zephyr.dir/subsys/shell/modules/kernel_service/sleep.c.obj
[baze:rw] -- Generated zephyr.dts: /mnt/host/source/src/platform/ec/build/zephyr/baze/build-rw/zephyr/zephyr.dts
[nereid:rw] [237/402] Building C object CMakeFiles/app.dir/mnt/host/source/src/platform/ec/zephyr/subsys/ap_pwrseq/ap_events.c.obj
[nereid:rw] [238/402] Building C object CMakeFiles/app.dir/mnt/host/source/src/platform/ec/zephyr/subsys/ap_pwrseq/ap_power_interface.c.obj
[nereid:ro] [54/402] Building C object zephyr/CMakeFiles/zephyr.dir/subsys/shell/modules/kernel_service/uptime.c.obj
[baze:ro] -- Generated zephyr.dts: /mnt/host/source/src/platform/ec/build/zephyr/baze/build-ro/zephyr/zephyr.dts
[nereid:rw] [239/402] Building C object CMakeFiles/app.dir/mnt/host/source/src/platform/ec/zephyr/subsys/ap_pwrseq/power_signals.c.obj
[nereid:ro] [55/402] Building C object zephyr/CMakeFiles/zephyr.dir/subsys/shell/modules/kernel_service/version.c.obj
[ptlrvp_mchp:rw] -- Generated zephyr.dts: /mnt/host/source/src/platform/ec/build/zephyr/ptlrvp_mchp/build-rw/zephyr/zephyr.dts
[ptlrvp_mchp:rw] -- Generated pickled edt: /mnt/host/source/src/platform/ec/build/zephyr/ptlrvp_mchp/build-rw/zephyr/edt.pickle
[baze:rw] -- Generated pickled edt: /mnt/host/source/src/platform/ec/build/zephyr/baze/build-rw/zephyr/edt.pickle
[baze:rw] -- Generated devicetree_generated.h: /mnt/host/source/src/platform/ec/build/zephyr/baze/build-rw/zephyr/include/generated/zephyr/devicetree_generated.h
[nereid:ro] [56/402] Building C object zephyr/CMakeFiles/zephyr.dir/subsys/shell/modules/kernel_service/thread/thread.c.obj
[nereid:rw] [240/402] Building C object CMakeFiles/app.dir/mnt/host/source/src/platform/ec/zephyr/subsys/ap_pwrseq/signal_gpio.c.obj
[nereid:rw] [241/402] Building C object CMakeFiles/app.dir/mnt/host/source/src/platform/ec/zephyr/subsys/ap_pwrseq/signal_vw.c.obj
[nereid:rw] [242/402] Building C object CMakeFiles/app.dir/mnt/host/source/src/platform/ec/zephyr/subsys/ap_pwrseq/signal_adc.c.obj
[nereid:rw] [243/402] Building C object CMakeFiles/app.dir/mnt/host/source/src/platform/ec/zephyr/subsys/ap_pwrseq/power_host_sleep.c.obj
[baze:ro] -- Generated pickled edt: /mnt/host/source/src/platform/ec/build/zephyr/baze/build-ro/zephyr/edt.pickle
[baze:ro] -- Generated devicetree_generated.h: /mnt/host/source/src/platform/ec/build/zephyr/baze/build-ro/zephyr/include/generated/zephyr/devicetree_generated.h
[nereid:ro] [57/402] Building C object zephyr/CMakeFiles/zephyr.dir/subsys/shell/modules/kernel_service/thread/list.c.obj
[nereid:rw] [244/402] Building C object CMakeFiles/app.dir/mnt/host/source/src/platform/ec/zephyr/subsys/ap_pwrseq/x86_non_dsx_common_pwrseq_sm_handler.c.obj
[nereid:rw] [245/402] Building C object CMakeFiles/app.dir/mnt/host/source/src/platform/ec/zephyr/subsys/ap_pwrseq/x86_non_dsx_chipset_power_state.c.obj
[ptlrvp_mchp:rw] -- Generated devicetree_generated.h: /mnt/host/source/src/platform/ec/build/zephyr/ptlrvp_mchp/build-rw/zephyr/include/generated/zephyr/devicetree_generated.h
[nereid:ro] [58/402] Building C object zephyr/CMakeFiles/zephyr.dir/subsys/shell/modules/kernel_service/thread/stacks.c.obj
[nereid:ro] [59/402] Building C object zephyr/CMakeFiles/zephyr.dir/subsys/shell/modules/kernel_service/thread/unwind.c.obj
[nereid:rw] [246/402] Building C object CMakeFiles/app.dir/mnt/host/source/src/platform/ec/zephyr/subsys/ap_pwrseq/x86_non_dsx_common_pwrseq_host_sleep.c.obj
[nereid:rw] [247/402] Building C object CMakeFiles/app.dir/mnt/host/source/src/platform/ec/zephyr/subsys/ap_pwrseq/x86_non_dsx_common_pwrseq_host_command.c.obj
[nereid:rw] [248/402] Building C object CMakeFiles/app.dir/mnt/host/source/src/platform/ec/zephyr/subsys/ap_pwrseq/x86_non_dsx_common_pwrseq_console.c.obj
[nereid:rw] [249/402] Building C object CMakeFiles/app.dir/mnt/host/source/src/platform/ec/zephyr/subsys/ap_pwrseq/x86_non_dsx_adlp_pwrseq_sm.c.obj
[nereid:rw] [250/402] Building C object CMakeFiles/app.dir/mnt/host/source/src/platform/ec/zephyr/subsys/ap_pwrseq/ap_reset_log.c.obj
[nereid:ro] [60/402] Building C object zephyr/CMakeFiles/zephyr.dir/subsys/shell/modules/kernel_service/thread/suspend.c.obj
[nereid:rw] [251/402] Building C object CMakeFiles/app.dir/mnt/host/source/src/platform/ec/build/zephyr/nereid/modules/ec/builtin/stdlib.c.obj
[nereid:rw] [252/402] Building C object CMakeFiles/app.dir/mnt/host/source/src/platform/ec/build/zephyr/nereid/modules/ec/common/base32.c.obj
[nereid:ro] [61/402] Building C object zephyr/CMakeFiles/zephyr.dir/subsys/shell/modules/kernel_service/thread/resume.c.obj
[baze:rw] /mnt/host/source/src/platform/ec/build/zephyr/baze/build-rw/zephyr/zephyr.dts:1261.27-1997.5: Warning (avoid_unnecessary_addr_size): /soc/pin-controller: unnecessary #address-cells/#size-cells without "ranges" or child "reg" property
[nereid:ro] [62/402] Building C object zephyr/CMakeFiles/zephyr.dir/subsys/shell/modules/kernel_service/thread/kill.c.obj
[nereid:rw] [253/402] Building C object CMakeFiles/app.dir/mnt/host/source/src/platform/ec/build/zephyr/nereid/modules/ec/common/console_output.c.obj
[nereid:rw] [254/402] Building C object CMakeFiles/app.dir/mnt/host/source/src/platform/ec/build/zephyr/nereid/modules/ec/common/gpio_commands.c.obj
[nereid:rw] [255/402] Building C object CMakeFiles/app.dir/mnt/host/source/src/platform/ec/build/zephyr/nereid/modules/ec/common/ec_features.c.obj
[nereid:rw] [256/402] Building C object CMakeFiles/app.dir/mnt/host/source/src/platform/ec/build/zephyr/nereid/modules/ec/common/peripheral.c.obj
[nereid:ro] [63/402] Building C object zephyr/CMakeFiles/zephyr.dir/subsys/shell/modules/device_service.c.obj
[nereid:rw] [257/402] Building C object CMakeFiles/app.dir/mnt/host/source/src/platform/ec/build/zephyr/nereid/modules/ec/common/printf.c.obj
[baze:ro] /mnt/host/source/src/platform/ec/build/zephyr/baze/build-ro/zephyr/zephyr.dts:1261.27-1997.5: Warning (avoid_unnecessary_addr_size): /soc/pin-controller: unnecessary #address-cells/#size-cells without "ranges" or child "reg" property
[nereid:rw] [258/402] Building C object CMakeFiles/app.dir/mnt/host/source/src/platform/ec/build/zephyr/nereid/modules/ec/common/queue.c.obj
[ptlrvp_mchp:rw] /mnt/host/source/src/platform/ec/build/zephyr/ptlrvp_mchp/build-rw/zephyr/zephyr.dts:3514.27-3519.5: Warning (unit_address_format): /it8801-mfd/gpiocr@0a: unit name should not have leading 0s
[nereid:ro] [64/402] Building C object zephyr/CMakeFiles/zephyr.dir/subsys/shell/modules/date_service.c.obj
[nereid:rw] [259/402] Building C object CMakeFiles/app.dir/mnt/host/source/src/platform/ec/build/zephyr/nereid/modules/ec/common/system.c.obj
[nereid:ro] [65/402] Building C object zephyr/CMakeFiles/zephyr.dir/subsys/shell/modules/devmem_service.c.obj
[nereid:rw] [260/402] Building C object CMakeFiles/app.dir/mnt/host/source/src/platform/ec/build/zephyr/nereid/modules/ec/common/uart_printf.c.obj
[nereid:rw] [261/402] Building C object CMakeFiles/app.dir/mnt/host/source/src/platform/ec/build/zephyr/nereid/modules/ec/common/util.c.obj
[nereid:rw] [262/402] Building C object CMakeFiles/app.dir/mnt/host/source/src/platform/ec/build/zephyr/nereid/modules/ec/common/version.c.obj
[nereid:rw] [263/402] Building C object CMakeFiles/app.dir/mnt/host/source/src/platform/ec/build/zephyr/nereid/modules/ec/common/system_boot_time.c.obj
[/mnt/host/source/src/platform/ec/build/zephyr/squirtle-lcov]   /mnt/host/source/src/platform/ec/build/zephyr/squirtle/build-rw/CMakeFiles/app.dir/mnt/host/source/src/platform/ec/build/zephyr/squirtle/modules/ec/common/usb_pd_pdo.c.gcno:no functions found
[/mnt/host/source/src/platform/ec/build/zephyr/squirtle-lcov] stderr:
[nereid:ro] [66/402] Building C object zephyr/CMakeFiles/zephyr.dir/subsys/shell/backends/shell_uart.c.obj
[nereid:ro] [67/402] Building C object zephyr/CMakeFiles/zephyr.dir/subsys/shell/shell.c.obj
[nereid:rw] [264/402] Building C object CMakeFiles/app.dir/mnt/host/source/src/platform/ec/build/zephyr/nereid/modules/ec/common/power_button_x86.c.obj
[nereid:rw] [265/402] Building C object CMakeFiles/app.dir/mnt/host/source/src/platform/ec/build/zephyr/nereid/modules/ec/driver/accel_bma4xx.c.obj
[nereid:ro] [68/402] Building C object zephyr/CMakeFiles/zephyr.dir/subsys/shell/shell_fprintf.c.obj
[nereid:rw] [266/402] Building C object CMakeFiles/app.dir/mnt/host/source/src/platform/ec/build/zephyr/nereid/modules/ec/driver/accelgyro_bmi_common.c.obj
[nereid:rw] [267/402] Building C object CMakeFiles/app.dir/mnt/host/source/src/platform/ec/build/zephyr/nereid/modules/ec/driver/accelgyro_bmi3xx.c.obj
[nereid:rw] [268/402] Building C object CMakeFiles/app.dir/mnt/host/source/src/platform/ec/build/zephyr/nereid/modules/ec/common/motion_sense_fifo.c.obj
[nereid:rw] [269/402] Building C object CMakeFiles/app.dir/mnt/host/source/src/platform/ec/build/zephyr/nereid/modules/ec/common/acpi.c.obj
[nereid:rw] [270/402] Building C object CMakeFiles/app.dir/mnt/host/source/src/platform/ec/build/zephyr/nereid/modules/ec/common/adc.c.obj
[nereid:ro] [69/402] Building C object zephyr/CMakeFiles/zephyr.dir/subsys/shell/shell_utils.c.obj
[nereid:ro] [70/402] Building C object zephyr/CMakeFiles/zephyr.dir/subsys/shell/shell_ops.c.obj
[nereid:ro] [71/402] Building C object zephyr/CMakeFiles/zephyr.dir/subsys/shell/shell_help.c.obj
[nereid:rw] [271/402] Building C object CMakeFiles/app.dir/mnt/host/source/src/platform/ec/build/zephyr/nereid/modules/ec/common/backlight_lid.c.obj
[nereid:rw] [272/402] Building C object CMakeFiles/app.dir/mnt/host/source/src/platform/ec/build/zephyr/nereid/modules/ec/common/battery.c.obj
[/mnt/host/source/src/platform/ec/build/zephyr/lapis-lcov]   /mnt/host/source/src/platform/ec/build/zephyr/lapis/build-ro/CMakeFiles/app.dir/mnt/host/source/src/platform/ec/build/zephyr/lapis/modules/ec/common/cbi_config.c.gcno:no functions found
[/mnt/host/source/src/platform/ec/build/zephyr/lapis-lcov] stderr:
[nereid:rw] [273/402] Building C object CMakeFiles/app.dir/mnt/host/source/src/platform/ec/build/zephyr/nereid/modules/ec/common/battery_info.c.obj
[nereid:rw] [274/402] Building C object CMakeFiles/app.dir/mnt/host/source/src/platform/ec/build/zephyr/nereid/modules/ec/common/battery_fuel_gauge.c.obj
[nereid:ro] [72/402] Building C object zephyr/CMakeFiles/zephyr.dir/subsys/shell/shell_history.c.obj
[nereid:ro] [73/402] Building C object zephyr/CMakeFiles/zephyr.dir/subsys/shell/shell_cmds.c.obj
[nereid:rw] [275/402] Building C object CMakeFiles/app.dir/mnt/host/source/src/platform/ec/build/zephyr/nereid/modules/ec/driver/bc12/pi3usb9201.c.obj
[nereid:rw] [276/402] Building C object CMakeFiles/app.dir/mnt/host/source/src/platform/ec/build/zephyr/nereid/modules/ec/driver/battery/smart.c.obj
[nereid:ro] [74/402] Building C object zephyr/CMakeFiles/zephyr.dir/subsys/shell/shell_wildcard.c.obj
[nereid:rw] [277/402] Building C object CMakeFiles/app.dir/mnt/host/source/src/platform/ec/build/zephyr/nereid/modules/ec/driver/charger/sm5803.c.obj
[nereid:rw] [278/402] Building C object CMakeFiles/app.dir/mnt/host/source/src/platform/ec/build/zephyr/nereid/modules/ec/common/charger.c.obj
[nereid:rw] [279/402] Building C object CMakeFiles/app.dir/mnt/host/source/src/platform/ec/build/zephyr/nereid/modules/ec/common/charge_state.c.obj
[nereid:ro] [75/402] Building C object zephyr/arch/common/CMakeFiles/arch__common.dir/dynamic_isr.c.obj
[nereid:ro] [76/402] Building C object zephyr/arch/common/CMakeFiles/arch__common.dir/sw_isr_common.c.obj
[baze:rw] Parsing /mnt/host/source/src/platform/ec/zephyr/program/skywalker/Kconfig
[/mnt/host/source/src/platform/ec/build/zephyr/lapis-lcov]   /mnt/host/source/src/platform/ec/build/zephyr/lapis/build-ro/zephyr/arch/common/CMakeFiles/isr_tables.dir/isr_tables.c.gcno:no functions found
[/mnt/host/source/src/platform/ec/build/zephyr/lapis-lcov] stderr:
[nereid:rw] [280/402] Building C object CMakeFiles/app.dir/mnt/host/source/src/platform/ec/build/zephyr/nereid/modules/ec/common/cbi_common.c.obj
[ptlrvp_mchp:rw] /mnt/host/source/src/platform/ec/build/zephyr/ptlrvp_mchp/build-rw/zephyr/zephyr.dts:1380.31-1394.6: Warning (i2c_bus_reg): /soc/i2c@40004000/rvp-board-id: missing or empty reg property
[ptlrvp_mchp:rw] /mnt/host/source/src/platform/ec/build/zephyr/ptlrvp_mchp/build-rw/zephyr/zephyr.dts:2784.9-2792.5: Warning (gpios_property): /fans/fan_0: Missing property '#gpio-cells' in node /named-gpios/all-sys-pwrgd or bad phandle (referred from pgood-gpio[0])
[ptlrvp_mchp:rw] /mnt/host/source/src/platform/ec/build/zephyr/ptlrvp_mchp/build-rw/zephyr/zephyr.dts:2784.9-2792.5: Warning (gpios_property): /fans/fan_0: Missing property '#gpio-cells' in node /named-gpios/fan-pwr-disable or bad phandle (referred from enable-gpio[0])
[ptlrvp_mchp:rw] warning: Deprecated symbol I2C_ALLOW_NO_STOP_TRANSACTIONS is enabled.
[nereid:ro] [77/402] Building C object zephyr/CMakeFiles/zephyr.dir/drivers/flash/flash_util.c.obj
[nereid:rw] [281/402] Building C object CMakeFiles/app.dir/mnt/host/source/src/platform/ec/build/zephyr/nereid/modules/ec/common/charge_manager.c.obj
[nereid:rw] [282/402] Building C object CMakeFiles/app.dir/mnt/host/source/src/platform/ec/build/zephyr/nereid/modules/ec/common/cbi.c.obj
[nereid:rw] [283/402] Building C object CMakeFiles/app.dir/mnt/host/source/src/platform/ec/build/zephyr/nereid/modules/ec/common/ocpc.c.obj
[nereid:ro] [78/402] Linking C static library zephyr/libzephyr.a
[nereid:rw] [284/402] Building C object CMakeFiles/app.dir/mnt/host/source/src/platform/ec/build/zephyr/nereid/modules/ec/common/cbi_config.c.obj
[nereid:ro] [79/402] Building C object zephyr/arch/common/CMakeFiles/arch__common.dir/init.c.obj
[baze:ro] Parsing /mnt/host/source/src/platform/ec/zephyr/program/skywalker/Kconfig
[nereid:rw] [285/402] Building C object CMakeFiles/app.dir/mnt/host/source/src/platform/ec/build/zephyr/nereid/modules/ec/common/memory_commands.c.obj
[nereid:ro] [80/402] Building C object zephyr/arch/common/CMakeFiles/arch__common.dir/xip.c.obj
[ptlrvp_mchp:rw] Parsing /mnt/host/source/src/platform/ec/zephyr/program/intelrvp/Kconfig
[nereid:rw] [286/402] Building C object CMakeFiles/app.dir/mnt/host/source/src/platform/ec/build/zephyr/nereid/modules/ec/common/dptf.c.obj
[nereid:ro] [81/402] Building C object zephyr/arch/common/CMakeFiles/isr_tables.dir/isr_tables.c.obj
[nereid:ro] [82/402] Linking C static library zephyr/arch/common/libisr_tables.a
[baze:rw] Loaded configuration '/mnt/host/source/src/platform/ec/zephyr/boards/google/it8xxx2/it8xxx2_it82002aw_defconfig'
[baze:rw] Merged configuration '/mnt/host/source/src/platform/ec/zephyr/program/skywalker/program.conf'
[baze:rw] Merged configuration '/mnt/host/source/src/platform/ec/zephyr/program/skywalker/ite_program.conf'
[baze:rw] Merged configuration '/mnt/host/source/src/platform/ec/zephyr/program/skywalker/baze/project.conf'
[baze:rw] Merged configuration '/mnt/host/source/src/platform/ec/build/zephyr/baze/kconfig-rw.conf'
[baze:rw] Configuration saved to '/mnt/host/source/src/platform/ec/build/zephyr/baze/build-rw/zephyr/.config'
[baze:rw] Kconfig header saved to '/mnt/host/source/src/platform/ec/build/zephyr/baze/build-rw/zephyr/include/generated/zephyr/autoconf.h'
[baze:rw] -- Found GnuLd: /home/jpmurphy/.cache/coreboot-sdk/riscv64-elf/96b949749225b6aaa92ed810ab769e8dfb12f000/riscv64-elf/bin/ld.bfd (found version "2.43.1")
[nereid:rw] [287/402] Building C object CMakeFiles/app.dir/mnt/host/source/src/platform/ec/build/zephyr/nereid/modules/ec/common/espi.c.obj
[nereid:rw] [288/402] Building C object CMakeFiles/app.dir/mnt/host/source/src/platform/ec/build/zephyr/nereid/modules/ec/common/ap_reset_log.c.obj
[nereid:ro] [83/402] Linking C static library zephyr/arch/common/libarch__common.a
[nereid:ro] [84/402] Building C object zephyr/arch/arch/riscv/core/CMakeFiles/arch__riscv__core.dir/cpu_idle.c.obj
[nereid:rw] [289/402] Building C object CMakeFiles/app.dir/mnt/host/source/src/platform/ec/build/zephyr/nereid/modules/ec/common/extpower_common.c.obj
[nereid:rw] [290/402] Building C object CMakeFiles/app.dir/mnt/host/source/src/platform/ec/build/zephyr/nereid/modules/ec/common/flash.c.obj
[nereid:ro] [85/402] Building C object zephyr/arch/arch/riscv/core/CMakeFiles/arch__riscv__core.dir/fatal.c.obj
[nereid:rw] [291/402] Building C object CMakeFiles/app.dir/mnt/host/source/src/platform/ec/build/zephyr/nereid/modules/ec/common/host_command.c.obj
[baze:rw] -- The C compiler identification is GNU 14.2.0
[nereid:ro] [86/402] Building C object zephyr/arch/arch/riscv/core/CMakeFiles/arch__riscv__core.dir/prep_c.c.obj
[/mnt/host/source/src/platform/ec/build/zephyr/pirrha-lcov]   /mnt/host/source/src/platform/ec/build/zephyr/pirrha/build-rw/CMakeFiles/app.dir/mnt/host/source/src/platform/ec/build/zephyr/pirrha/modules/ec/common/usb_pd_pdo.c.gcno:no functions found
[/mnt/host/source/src/platform/ec/build/zephyr/pirrha-lcov] stderr:
[nereid:rw] [292/402] Building C object CMakeFiles/app.dir/mnt/host/source/src/platform/ec/build/zephyr/nereid/modules/ec/common/host_command_task.c.obj
[nereid:rw] [293/402] Building C object CMakeFiles/app.dir/mnt/host/source/src/platform/ec/build/zephyr/nereid/modules/ec/common/host_event_commands.c.obj
[baze:ro] Loaded configuration '/mnt/host/source/src/platform/ec/zephyr/boards/google/it8xxx2/it8xxx2_it82002aw_defconfig'
[baze:ro] Merged configuration '/mnt/host/source/src/platform/ec/zephyr/program/skywalker/program.conf'
[baze:ro] Merged configuration '/mnt/host/source/src/platform/ec/zephyr/program/skywalker/ite_program.conf'
[baze:ro] Merged configuration '/mnt/host/source/src/platform/ec/zephyr/program/skywalker/baze/project.conf'
[baze:ro] Merged configuration '/mnt/host/source/src/platform/ec/build/zephyr/baze/kconfig-ro.conf'
[baze:ro] Configuration saved to '/mnt/host/source/src/platform/ec/build/zephyr/baze/build-ro/zephyr/.config'
[baze:ro] Kconfig header saved to '/mnt/host/source/src/platform/ec/build/zephyr/baze/build-ro/zephyr/include/generated/zephyr/autoconf.h'
[baze:ro] -- Found GnuLd: /home/jpmurphy/.cache/coreboot-sdk/riscv64-elf/96b949749225b6aaa92ed810ab769e8dfb12f000/riscv64-elf/bin/ld.bfd (found version "2.43.1")
[baze:rw] -- The CXX compiler identification is GNU 14.2.0
[ptlrvp_mchp:rw] Loaded configuration '/mnt/host/source/src/platform/ec/zephyr/boards/google/mec172x/mec172x_mec172x_nsz_mec1727_defconfig'
[ptlrvp_mchp:rw] Merged configuration '/mnt/host/source/src/platform/ec/zephyr/program/intelrvp/program.conf'
[ptlrvp_mchp:rw] Merged configuration '/mnt/host/source/src/platform/ec/zephyr/program/intelrvp/ptlrvp/program.conf'
[ptlrvp_mchp:rw] Merged configuration '/mnt/host/source/src/platform/ec/zephyr/program/intelrvp/ptlrvp/ptlrvp_mchp/project.conf'
[ptlrvp_mchp:rw] Merged configuration '/mnt/host/source/src/platform/ec/zephyr/program/intelrvp/ptlrvp/pd.conf'
[ptlrvp_mchp:rw] Merged configuration '/mnt/host/source/src/platform/ec/zephyr/program/intelrvp/zephyr_ap_pwrseq.conf'
[ptlrvp_mchp:rw] Merged configuration '/mnt/host/source/src/platform/ec/build/zephyr/ptlrvp_mchp/kconfig-rw.conf'
[ptlrvp_mchp:rw] Configuration saved to '/mnt/host/source/src/platform/ec/build/zephyr/ptlrvp_mchp/build-rw/zephyr/.config'
[ptlrvp_mchp:rw] Kconfig header saved to '/mnt/host/source/src/platform/ec/build/zephyr/ptlrvp_mchp/build-rw/zephyr/include/generated/zephyr/autoconf.h'
[ptlrvp_mchp:rw] -- Found GnuLd: /home/jpmurphy/.cache/coreboot-sdk/arm-eabi/ea40ddd1d190c3b48435c474c0b545719371813a/arm-eabi/bin/ld.bfd (found version "2.43.1")
[nereid:ro] [87/402] Building C object zephyr/arch/arch/riscv/core/CMakeFiles/arch__riscv__core.dir/irq_manage.c.obj
[baze:rw] -- The ASM compiler identification is GNU
[baze:rw] -- Found assembler: /home/jpmurphy/.cache/coreboot-sdk/riscv64-elf/96b949749225b6aaa92ed810ab769e8dfb12f000/bin/riscv64-elf-gcc
[baze:rw] warning: Deprecated symbol I2C_ALLOW_NO_STOP_TRANSACTIONS is enabled.
[baze:rw] CMake Warning at /mnt/host/source/src/platform/ec/zephyr/cmake/linker/ld/linker_libraries.cmake:11 (message):
[nereid:rw] [294/402] Building C object CMakeFiles/app.dir/mnt/host/source/src/platform/ec/build/zephyr/nereid/modules/ec/common/uptime.c.obj
[nereid:rw] [295/402] Building C object CMakeFiles/app.dir/mnt/host/source/src/platform/ec/build/zephyr/nereid/modules/ec/common/uart_hostcmd.c.obj
[ptlrvp_mchp:rw] -- The C compiler identification is GNU 14.2.0
[nereid:ro] [88/402] Building C object zephyr/arch/arch/riscv/core/CMakeFiles/arch__riscv__core.dir/reboot.c.obj
[baze:ro] -- The C compiler identification is GNU 14.2.0
[nereid:ro] [89/402] Building ASM object zephyr/arch/arch/riscv/core/CMakeFiles/arch__riscv__core.dir/reset.S.obj
[nereid:rw] [296/402] Building C object CMakeFiles/app.dir/mnt/host/source/src/platform/ec/build/zephyr/nereid/modules/ec/common/i2c_controller.c.obj
[/mnt/host/source/src/platform/ec/build/zephyr/squirtle-lcov]   /mnt/host/source/src/platform/ec/build/zephyr/squirtle/build-rw/CMakeFiles/app.dir/mnt/host/source/src/platform/ec/build/zephyr/squirtle/modules/ec/common/cbi_config.c.gcno:no functions found
[/mnt/host/source/src/platform/ec/build/zephyr/squirtle-lcov] stderr:
[nereid:rw] [297/402] Building C object CMakeFiles/app.dir/mnt/host/source/src/platform/ec/build/zephyr/nereid/modules/ec/common/i2c_passthru.c.obj
[baze:rw] -- Performing EC specific devicetree checks
[ptlrvp_mchp:rw] -- The CXX compiler identification is GNU 14.2.0
[baze:ro] -- The CXX compiler identification is GNU 14.2.0
[ptlrvp_mchp:rw] -- The ASM compiler identification is GNU
[ptlrvp_mchp:rw] -- Found assembler: /home/jpmurphy/.cache/coreboot-sdk/arm-eabi/ea40ddd1d190c3b48435c474c0b545719371813a/bin/arm-eabi-gcc
[ptlrvp_mchp:rw] CMake Warning at /mnt/host/source/src/platform/ec/zephyr/cmake/linker/ld/linker_libraries.cmake:11 (message):
[ptlrvp_mchp:rw]   Disabling c_library
[ptlrvp_mchp:rw] Call Stack (most recent call first):
[ptlrvp_mchp:rw]   /mnt/host/source/src/third_party/zephyr/main/cmake/target_toolchain_flags.cmake:48 (include)
[ptlrvp_mchp:rw]   /mnt/host/source/src/third_party/zephyr/main/cmake/modules/kernel.cmake:153 (include)
[ptlrvp_mchp:rw]   /mnt/host/source/src/third_party/zephyr/main/cmake/modules/zephyr_default.cmake:138 (include)
[ptlrvp_mchp:rw]   /mnt/host/source/src/third_party/zephyr/main/share/zephyr-package/cmake/ZephyrConfig.cmake:66 (include)
[ptlrvp_mchp:rw]   /mnt/host/source/src/third_party/zephyr/main/share/zephyr-package/cmake/ZephyrConfig.cmake:97 (include_boilerplate)
[ptlrvp_mchp:rw]   CMakeLists.txt:7 (find_package)
[nereid:rw] [298/402] Building C object CMakeFiles/app.dir/mnt/host/source/src/platform/ec/build/zephyr/nereid/modules/ec/common/keyboard_8042_sharedlib.c.obj
[nereid:ro] [90/402] Building ASM object zephyr/arch/arch/riscv/core/CMakeFiles/arch__riscv__core.dir/switch.S.obj
[baze:ro] -- The ASM compiler identification is GNU
[baze:ro] -- Found assembler: /home/jpmurphy/.cache/coreboot-sdk/riscv64-elf/96b949749225b6aaa92ed810ab769e8dfb12f000/bin/riscv64-elf-gcc
[baze:ro] warning: Deprecated symbol I2C_ALLOW_NO_STOP_TRANSACTIONS is enabled.
[baze:ro] CMake Warning at /mnt/host/source/src/platform/ec/zephyr/cmake/linker/ld/linker_libraries.cmake:11 (message):
[baze:ro]   Disabling c_library
[baze:ro] Call Stack (most recent call first):
[baze:ro]   /mnt/host/source/src/third_party/zephyr/main/cmake/target_toolchain_flags.cmake:48 (include)
[baze:ro]   /mnt/host/source/src/third_party/zephyr/main/cmake/modules/kernel.cmake:153 (include)
[baze:ro]   /mnt/host/source/src/third_party/zephyr/main/cmake/modules/zephyr_default.cmake:138 (include)
[baze:ro]   /mnt/host/source/src/third_party/zephyr/main/share/zephyr-package/cmake/ZephyrConfig.cmake:66 (include)
[baze:ro]   /mnt/host/source/src/third_party/zephyr/main/share/zephyr-package/cmake/ZephyrConfig.cmake:97 (include_boilerplate)
[baze:ro]   CMakeLists.txt:6 (find_package)
[nereid:rw] [299/402] Building C object CMakeFiles/app.dir/mnt/host/source/src/platform/ec/build/zephyr/nereid/modules/ec/common/keyboard_scan.c.obj
[baze:rw]   Disabling c_library
[baze:rw] Call Stack (most recent call first):
[baze:rw]   /mnt/host/source/src/third_party/zephyr/main/cmake/target_toolchain_flags.cmake:48 (include)
[baze:rw]   /mnt/host/source/src/third_party/zephyr/main/cmake/modules/kernel.cmake:153 (include)
[baze:rw]   /mnt/host/source/src/third_party/zephyr/main/cmake/modules/zephyr_default.cmake:138 (include)
[baze:rw]   /mnt/host/source/src/third_party/zephyr/main/share/zephyr-package/cmake/ZephyrConfig.cmake:66 (include)
[baze:rw]   /mnt/host/source/src/third_party/zephyr/main/share/zephyr-package/cmake/ZephyrConfig.cmake:97 (include_boilerplate)
[baze:rw]   CMakeLists.txt:6 (find_package)
[baze:rw] INFO: Verified 41 GPIOs, no duplicates found
[baze:rw] INFO: Verified 27 '*-gpios' properties, all flags match.
[nereid:rw] [300/402] Building C object CMakeFiles/app.dir/mnt/host/source/src/platform/ec/build/zephyr/nereid/modules/ec/common/keyboard_8042.c.obj
[nereid:ro] [91/402] Building C object zephyr/arch/arch/riscv/core/CMakeFiles/arch__riscv__core.dir/thread.c.obj
[nereid:rw] [301/402] Building C object CMakeFiles/app.dir/mnt/host/source/src/platform/ec/build/zephyr/nereid/modules/ec/common/mkbp_info.c.obj
[nereid:ro] [92/402] Building ASM object zephyr/arch/arch/riscv/core/CMakeFiles/arch__riscv__core.dir/isr.S.obj
[nereid:rw] [302/402] Building C object CMakeFiles/app.dir/mnt/host/source/src/platform/ec/build/zephyr/nereid/modules/ec/common/mkbp_fifo.c.obj
[nereid:ro] [93/402] Generating ../../../include/generated/libc/minimal/strerror_table.h
[baze:rw] -- Generating component manifest file
[nereid:ro] [94/402] Building C object zephyr/lib/libc/minimal/CMakeFiles/lib__libc__minimal.dir/source/stdlib/atoi.c.obj
[baze:rw] INFO: Skipped 1 named-gpios children.
[baze:rw] INFO: Running CME, outputting to /mnt/host/source/src/platform/ec/build/zephyr/baze/build-rw/zephyr/component_manifest.json
[baze:rw] INFO: Project baze does not support SSFC
[baze:rw] INFO: No motionsense-sensor-alt node found
[baze:ro] -- Performing EC specific devicetree checks
[nereid:rw] [303/402] Building C object CMakeFiles/app.dir/mnt/host/source/src/platform/ec/build/zephyr/nereid/modules/ec/common/mkbp_input_devices.c.obj
[nereid:ro] [95/402] Building C object zephyr/arch/arch/riscv/core/CMakeFiles/arch__riscv__core.dir/stacktrace.c.obj
[nereid:rw] [304/402] Building C object CMakeFiles/app.dir/mnt/host/source/src/platform/ec/build/zephyr/nereid/modules/ec/common/keyboard_backlight.c.obj
[ptlrvp_mchp:rw] -- Performing EC specific devicetree checks
[nereid:ro] [96/402] Building C object zephyr/lib/libc/minimal/CMakeFiles/lib__libc__minimal.dir/source/stdlib/strtol.c.obj
[nereid:rw] [305/402] Building C object CMakeFiles/app.dir/mnt/host/source/src/platform/ec/build/zephyr/nereid/modules/ec/common/led_common.c.obj
[baze:ro] INFO: Verified 41 GPIOs, no duplicates found
[nereid:ro] [97/402] Linking C static library zephyr/arch/arch/riscv/core/libarch__riscv__core.a
[baze:rw] -- warning_base_override: -Wall;-Wformat;-Wformat-security;-Wformat;-Wno-format-zero-length;-Wno-pointer-sign;-Wpointer-arith;-Wexpansion-to-defined
[nereid:rw] [306/402] Building C object CMakeFiles/app.dir/mnt/host/source/src/platform/ec/build/zephyr/nereid/modules/ec/common/led_pwm.c.obj
[nereid:ro] [98/402] Building C object zephyr/lib/libc/common/CMakeFiles/lib__libc__common.dir/source/stdlib/abort.c.obj
[ptlrvp_mchp:rw] INFO: Verified 125 GPIOs, no duplicates found
[nereid:ro] [99/402] Building C object zephyr/lib/libc/minimal/CMakeFiles/lib__libc__minimal.dir/source/stdlib/strtoul.c.obj
[nereid:rw] [307/402] Building C object CMakeFiles/app.dir/mnt/host/source/src/platform/ec/build/zephyr/nereid/modules/ec/common/lid_angle.c.obj
[baze:ro] -- Generating component manifest file
[nereid:ro] [100/402] Building C object zephyr/lib/libc/minimal/CMakeFiles/lib__libc__minimal.dir/source/stdlib/strtoll.c.obj
[nereid:ro] [101/402] Building C object zephyr/lib/libc/minimal/CMakeFiles/lib__libc__minimal.dir/source/stdlib/strtoull.c.obj
[nereid:rw] [308/402] Building C object CMakeFiles/app.dir/mnt/host/source/src/platform/ec/build/zephyr/nereid/modules/ec/common/motion_lid.c.obj
[nereid:ro] [102/402] Building C object zephyr/lib/libc/minimal/CMakeFiles/lib__libc__minimal.dir/source/stdlib/bsearch.c.obj
[nereid:rw] [309/402] Building C object CMakeFiles/app.dir/mnt/host/source/src/platform/ec/build/zephyr/nereid/modules/ec/common/led_onoff_states.c.obj
[ptlrvp_mchp:rw] -- Generating component manifest file
[baze:ro] INFO: Verified 27 '*-gpios' properties, all flags match.
[baze:ro] INFO: Skipped 1 named-gpios children.
[baze:ro] INFO: Running CME, outputting to /mnt/host/source/src/platform/ec/build/zephyr/baze/build-ro/zephyr/component_manifest.json
[baze:ro] INFO: Project baze does not support SSFC
[baze:ro] INFO: No motionsense-sensor-alt node found
[baze:ro] -- warning_base_override: -Wall;-Wformat;-Wformat-security;-Wformat;-Wno-format-zero-length;-Wno-pointer-sign;-Wpointer-arith;-Wexpansion-to-defined
[/mnt/host/source/src/platform/ec/build/zephyr/squirtle-lcov]   /mnt/host/source/src/platform/ec/build/zephyr/squirtle/build-rw/zephyr/arch/arch/arm/core/mpu/CMakeFiles/arch__arm__core__mpu.dir/arm_mpu_regions.c.gcno:no functions found
[/mnt/host/source/src/platform/ec/build/zephyr/squirtle-lcov] stderr:
[ptlrvp_mchp:rw] INFO: Verified 18 '*-gpios' properties, all flags match.
[ptlrvp_mchp:rw] INFO: Skipped 9 named-gpios children.
[ptlrvp_mchp:rw] INFO: Running CME, outputting to /mnt/host/source/src/platform/ec/build/zephyr/ptlrvp_mchp/build-rw/zephyr/component_manifest.json
[ptlrvp_mchp:rw] INFO: Project ptlrvp_mchp does not support SSFC
[ptlrvp_mchp:rw] INFO: No motionsense-sensor node found
[baze:rw] -- Found gen_kobject_list: /mnt/host/source/src/third_party/zephyr/main/scripts/build/gen_kobject_list.py
[nereid:ro] [103/402] Building C object zephyr/lib/libc/minimal/CMakeFiles/lib__libc__minimal.dir/source/stdlib/qsort.c.obj
[baze:rw] CMake Warning at /mnt/host/source/src/third_party/zephyr/main/CMakeLists.txt:1134 (message):
[nereid:ro] [104/402] Building C object zephyr/lib/libc/minimal/CMakeFiles/lib__libc__minimal.dir/source/string/strerror.c.obj
[baze:rw]   No SOURCES given to Zephyr library: drivers__syscon
[baze:rw]   Excluding target from build.
[baze:rw] CMake Warning at /mnt/host/source/src/third_party/zephyr/main/CMakeLists.txt:2359 (message):
[nereid:rw] [310/402] Building C object CMakeFiles/app.dir/mnt/host/source/src/platform/ec/build/zephyr/nereid/modules/ec/common/lid_angle_keyboard_policy.c.obj
[nereid:ro] [105/402] Building C object zephyr/lib/libc/minimal/CMakeFiles/lib__libc__minimal.dir/source/string/strncasecmp.c.obj
[nereid:ro] [106/402] Building C object zephyr/lib/libc/minimal/CMakeFiles/lib__libc__minimal.dir/source/string/strstr.c.obj
[nereid:ro] [107/402] Building C object zephyr/lib/libc/minimal/CMakeFiles/lib__libc__minimal.dir/source/stdlib/exit.c.obj
[/mnt/host/source/src/platform/ec/build/zephyr/lapis-lcov]   /mnt/host/source/src/platform/ec/build/zephyr/lapis/build-ro/zephyr/CMakeFiles/zephyr.dir/subsys/shell/modules/kernel_service/kernel_shell.c.gcno:no functions found
[/mnt/host/source/src/platform/ec/build/zephyr/lapis-lcov] stderr:
[baze:rw] -- Configuring done (15.8s)
[ptlrvp_mchp:rw] -- warning_base_override: -Wall;-Wformat;-Wformat-security;-Wformat;-Wno-format-zero-length;-Wno-pointer-sign;-Wpointer-arith;-Wexpansion-to-defined
[baze:ro] -- Found gen_kobject_list: /mnt/host/source/src/third_party/zephyr/main/scripts/build/gen_kobject_list.py
[nereid:rw] [311/402] Building C object CMakeFiles/app.dir/mnt/host/source/src/platform/ec/build/zephyr/nereid/modules/ec/common/lid_switch.c.obj
[baze:ro] CMake Warning at /mnt/host/source/src/third_party/zephyr/main/CMakeLists.txt:1134 (message):
[baze:ro]   No SOURCES given to Zephyr library: drivers__syscon
[baze:ro]   Excluding target from build.
[nereid:ro] [108/402] Building C object zephyr/lib/libc/minimal/CMakeFiles/lib__libc__minimal.dir/source/string/string.c.obj
[nereid:rw] [312/402] Building C object CMakeFiles/app.dir/mnt/host/source/src/platform/ec/build/zephyr/nereid/modules/ec/common/mkbp_event.c.obj
[nereid:rw] [313/402] Building C object CMakeFiles/app.dir/mnt/host/source/src/platform/ec/build/zephyr/nereid/modules/ec/common/motion_sense.c.obj
[baze:ro] CMake Warning at /mnt/host/source/src/third_party/zephyr/main/CMakeLists.txt:2359 (message):
[baze:ro]   __ASSERT() statements are globally ENABLED
[nereid:ro] [109/402] Building C object zephyr/lib/libc/minimal/CMakeFiles/lib__libc__minimal.dir/source/string/strspn.c.obj
[nereid:rw] [314/402] Building C object CMakeFiles/app.dir/mnt/host/source/src/platform/ec/build/zephyr/nereid/modules/ec/common/port80.c.obj
[nereid:rw] [315/402] Building C object CMakeFiles/app.dir/mnt/host/source/src/platform/ec/build/zephyr/nereid/modules/ec/common/power_button.c.obj
[/mnt/host/source/src/platform/ec/build/zephyr/lapis-lcov]   /mnt/host/source/src/platform/ec/build/zephyr/lapis/build-ro/zephyr/CMakeFiles/zephyr.dir/lib/libc/validate_libc.c.gcno:no functions found
[/mnt/host/source/src/platform/ec/build/zephyr/lapis-lcov] stderr:
[baze:ro] -- Configuring done (16.0s)
[baze:rw] -- Generating done (0.4s)
[baze:rw]   __ASSERT() statements are globally ENABLED
[baze:rw] CMake Warning:
[nereid:rw] [316/402] Building C object CMakeFiles/app.dir/mnt/host/source/src/platform/ec/build/zephyr/nereid/modules/ec/power/hibernate.c.obj
[ptlrvp_mchp:rw] -- Found gen_kobject_list: /mnt/host/source/src/third_party/zephyr/main/scripts/build/gen_kobject_list.py
[baze:rw] -- Build files have been written to: /mnt/host/source/src/platform/ec/build/zephyr/baze/build-rw
[baze:rw]   Manually-specified variables were not used by the project:
[baze:rw]     COREBOOT_SDK_ROOT_arm
[baze:rw]     COREBOOT_SDK_ROOT_libstdcxx_arm
[baze:rw]     COREBOOT_SDK_ROOT_libstdcxx_x86
[baze:rw]     COREBOOT_SDK_ROOT_nds32
[baze:rw]     COREBOOT_SDK_ROOT_picolibc_arm
[baze:rw]     COREBOOT_SDK_ROOT_picolibc_x86
[baze:rw]     COREBOOT_SDK_ROOT_riscv
[baze:rw]     COREBOOT_SDK_ROOT_x86
[ptlrvp_mchp:rw] CMake Warning at /mnt/host/source/src/third_party/zephyr/main/CMakeLists.txt:2359 (message):
[ptlrvp_mchp:rw]   __ASSERT() statements are globally ENABLED
[nereid:ro] [110/402] Building C object zephyr/lib/libc/minimal/CMakeFiles/lib__libc__minimal.dir/source/stdout/sprintf.c.obj
[nereid:ro] [111/402] Building C object zephyr/lib/libc/minimal/CMakeFiles/lib__libc__minimal.dir/source/stdout/stdout_console.c.obj
[ptlrvp_mchp:rw] Loading Zephyr default modules (Zephyr base (cached)).
[ptlrvp_mchp:rw] -- Configuring done (16.3s)
[nereid:ro] [112/402] Building C object zephyr/lib/libc/minimal/CMakeFiles/lib__libc__minimal.dir/source/stdout/fprintf.c.obj
[/mnt/host/source/src/platform/ec/build/zephyr/squirtle-lcov]   /mnt/host/source/src/platform/ec/build/zephyr/squirtle/build-rw/zephyr/arch/common/CMakeFiles/isr_tables.dir/isr_tables.c.gcno:no functions found
[nereid:rw] [317/402] Building C object CMakeFiles/app.dir/mnt/host/source/src/platform/ec/build/zephyr/nereid/modules/ec/common/panic_output.c.obj
[/mnt/host/source/src/platform/ec/build/zephyr/squirtle-lcov] stderr:
[baze:ro] -- Generating done (0.6s)
[baze:ro] CMake Warning:
[baze:ro] -- Build files have been written to: /mnt/host/source/src/platform/ec/build/zephyr/baze/build-ro
[nereid:rw] [318/402] Building C object CMakeFiles/app.dir/mnt/host/source/src/platform/ec/build/zephyr/nereid/modules/ec/driver/sha256/sha256_it8xxx2.c.obj
[nereid:ro] [113/402] Building C object zephyr/lib/libc/minimal/CMakeFiles/lib__libc__minimal.dir/source/math/sqrtf.c.obj
[nereid:rw] [319/402] Building C object CMakeFiles/app.dir/mnt/host/source/src/platform/ec/build/zephyr/nereid/modules/ec/common/shared_mem.c.obj
[nereid:ro] [114/402] Building C object zephyr/lib/libc/minimal/CMakeFiles/lib__libc__minimal.dir/source/math/sqrt.c.obj
[nereid:rw] [320/402] Building C object CMakeFiles/app.dir/mnt/host/source/src/platform/ec/build/zephyr/nereid/modules/ec/common/switch.c.obj
[baze:ro]   Manually-specified variables were not used by the project:
[baze:ro]     COREBOOT_SDK_ROOT_arm
[baze:ro]     COREBOOT_SDK_ROOT_libstdcxx_arm
[baze:ro]     COREBOOT_SDK_ROOT_libstdcxx_x86
[baze:ro]     COREBOOT_SDK_ROOT_nds32
[baze:ro]     COREBOOT_SDK_ROOT_picolibc_arm
[baze:ro]     COREBOOT_SDK_ROOT_picolibc_x86
[baze:ro]     COREBOOT_SDK_ROOT_riscv
[baze:ro]     COREBOOT_SDK_ROOT_x86
[ptlrvp_mchp:rw] -- Generating done (0.4s)
[ptlrvp_mchp:rw] CMake Warning:
[ptlrvp_mchp:rw]   Manually-specified variables were not used by the project:
[ptlrvp_mchp:rw]     COREBOOT_SDK_ROOT_libstdcxx_riscv64
[ptlrvp_mchp:rw]     COREBOOT_SDK_ROOT_libstdcxx_x86
[ptlrvp_mchp:rw]     COREBOOT_SDK_ROOT_nds32
[ptlrvp_mchp:rw]     COREBOOT_SDK_ROOT_picolibc_riscv64
[ptlrvp_mchp:rw]     COREBOOT_SDK_ROOT_picolibc_x86
[ptlrvp_mchp:rw]     COREBOOT_SDK_ROOT_riscv
[ptlrvp_mchp:rw]     COREBOOT_SDK_ROOT_riscv64
[ptlrvp_mchp:rw]     COREBOOT_SDK_ROOT_x86
[ptlrvp_mchp:rw] -- Build files have been written to: /mnt/host/source/src/platform/ec/build/zephyr/ptlrvp_mchp/build-rw
[nereid:ro] [115/402] Building C object zephyr/lib/libc/common/CMakeFiles/lib__libc__common.dir/source/time/gmtime_r.c.obj
[nereid:rw] [321/402] Building C object CMakeFiles/app.dir/mnt/host/source/src/platform/ec/build/zephyr/nereid/modules/ec/common/tablet_mode.c.obj
[nereid:rw] [322/402] Building C object CMakeFiles/app.dir/mnt/host/source/src/platform/ec/build/zephyr/nereid/modules/ec/common/thermal.c.obj
[nereid:ro] [116/402] Building C object zephyr/lib/libc/common/CMakeFiles/lib__libc__common.dir/source/time/asctime.c.obj
[nereid:rw] [323/402] Building C object CMakeFiles/app.dir/mnt/host/source/src/platform/ec/build/zephyr/nereid/modules/ec/common/temp_sensor.c.obj
[nereid:ro] [117/402] Building C object zephyr/lib/libc/common/CMakeFiles/lib__libc__common.dir/source/time/localtime_r_utc.c.obj
[nereid:rw] [324/402] Building C object CMakeFiles/app.dir/mnt/host/source/src/platform/ec/build/zephyr/nereid/modules/ec/driver/temp_sensor/thermistor.c.obj
[nereid:ro] [118/402] Building C object zephyr/lib/libc/minimal/CMakeFiles/lib__libc__minimal.dir/source/time/gmtime.c.obj
[nereid:ro] [119/402] Building C object zephyr/lib/libc/common/CMakeFiles/lib__libc__common.dir/source/time/ctime.c.obj
[nereid:ro] [120/402] Building C object zephyr/lib/libc/common/CMakeFiles/lib__libc__common.dir/source/time/time.c.obj
[nereid:ro] [121/402] Building C object zephyr/lib/libc/common/CMakeFiles/lib__libc__common.dir/source/string/strnlen.c.obj
[nereid:ro] [122/402] Linking C static library zephyr/lib/libc/minimal/liblib__libc__minimal.a
[nereid:ro] [123/402] Building C object zephyr/lib/posix/c_lib_ext/CMakeFiles/lib__posix__c_lib_ext.dir/fnmatch.c.obj
[nereid:rw] [325/402] Building C object CMakeFiles/app.dir/mnt/host/source/src/platform/ec/build/zephyr/nereid/modules/ec/common/throttle_ap.c.obj
[nereid:ro] [124/402] Building C object zephyr/subsys/crc/CMakeFiles/subsys__crc.dir/crc4_sw.c.obj
[nereid:rw] [326/402] Building C object CMakeFiles/app.dir/mnt/host/source/src/platform/ec/build/zephyr/nereid/modules/ec/common/timer.c.obj
[nereid:ro] [125/402] Building C object zephyr/subsys/crc/CMakeFiles/subsys__crc.dir/crc8_sw.c.obj
[nereid:rw] [327/402] Building C object CMakeFiles/app.dir/mnt/host/source/src/platform/ec/build/zephyr/nereid/modules/ec/common/usb_charger.c.obj
[nereid:ro] [126/402] Building C object zephyr/subsys/crc/CMakeFiles/subsys__crc.dir/crc16_sw.c.obj
[nereid:rw] [328/402] Building C object CMakeFiles/app.dir/mnt/host/source/src/platform/ec/build/zephyr/nereid/modules/ec/common/usb_port_power_smart.c.obj
[nereid:ro] [127/402] Building C object zephyr/subsys/crc/CMakeFiles/subsys__crc.dir/crc7_sw.c.obj
[nereid:rw] [329/402] Building C object CMakeFiles/app.dir/mnt/host/source/src/platform/ec/build/zephyr/nereid/modules/ec/common/typec_control.c.obj
[nereid:ro] [128/402] Building C object zephyr/lib/libc/common/CMakeFiles/lib__libc__common.dir/source/stdlib/malloc.c.obj
[nereid:ro] [129/402] Building C object zephyr/subsys/crc/CMakeFiles/subsys__crc.dir/crc24_sw.c.obj
[nereid:rw] [330/402] Building C object CMakeFiles/app.dir/mnt/host/source/src/platform/ec/build/zephyr/nereid/modules/ec/common/usb_common.c.obj
[nereid:ro] [130/402] Linking C static library zephyr/lib/libc/common/liblib__libc__common.a
[nereid:ro] [131/402] Building C object zephyr/subsys/crc/CMakeFiles/subsys__crc.dir/crc32c_sw.c.obj
[nereid:ro] [132/402] Building C object zephyr/lib/posix/c_lib_ext/CMakeFiles/lib__posix__c_lib_ext.dir/getopt_shim.c.obj
[nereid:ro] [133/402] Building C object zephyr/lib/posix/c_lib_ext/CMakeFiles/lib__posix__c_lib_ext.dir/getentropy.c.obj
[nereid:rw] [331/402] Building C object CMakeFiles/app.dir/mnt/host/source/src/platform/ec/build/zephyr/nereid/modules/ec/common/usb_pd_pdo.c.obj
[nereid:ro] [134/402] Building C object zephyr/subsys/crc/CMakeFiles/subsys__crc.dir/crc32_sw.c.obj
[nereid:ro] [135/402] Linking C static library zephyr/lib/posix/c_lib_ext/liblib__posix__c_lib_ext.a
[nereid:ro] [136/402] Building C object zephyr/subsys/crc/CMakeFiles/subsys__crc.dir/crc32k_4_2_sw.c.obj
[nereid:ro] [137/402] Linking C static library zephyr/subsys/crc/libsubsys__crc.a
[nereid:rw] [332/402] Building C object CMakeFiles/app.dir/mnt/host/source/src/platform/ec/build/zephyr/nereid/modules/ec/common/usbc/usbc_task.c.obj
[nereid:rw] [333/402] Building C object CMakeFiles/app.dir/mnt/host/source/src/platform/ec/build/zephyr/nereid/modules/ec/common/usbc/usb_pd_timer.c.obj
[nereid:rw] [334/402] Building C object CMakeFiles/app.dir/mnt/host/source/src/platform/ec/build/zephyr/nereid/modules/ec/common/usbc/usb_sm.c.obj
[nereid:rw] [335/402] Building C object CMakeFiles/app.dir/mnt/host/source/src/platform/ec/build/zephyr/nereid/modules/ec/common/usb_pd_flags.c.obj
[nereid:rw] [336/402] Building C object CMakeFiles/app.dir/mnt/host/source/src/platform/ec/build/zephyr/nereid/modules/ec/common/usbc_intr_task.c.obj
[nereid:ro] [138/402] Building C object zephyr/drivers/interrupt_controller/CMakeFiles/drivers__interrupt_controller.dir/intc_ite_it8xxx2.c.obj
[nereid:rw] [337/402] Building C object CMakeFiles/app.dir/mnt/host/source/src/platform/ec/build/zephyr/nereid/modules/ec/common/usbc_utils.c.obj
[nereid:ro] [139/402] Building C object zephyr/drivers/interrupt_controller/CMakeFiles/drivers__interrupt_controller.dir/wuc_ite_it8xxx2.c.obj
[/mnt/host/source/src/platform/ec/build/zephyr/pirrha-lcov]   /mnt/host/source/src/platform/ec/build/zephyr/pirrha/build-rw/CMakeFiles/app.dir/mnt/host/source/src/platform/ec/build/zephyr/pirrha/modules/ec/common/cbi_config.c.gcno:no functions found
[/mnt/host/source/src/platform/ec/build/zephyr/pirrha-lcov] stderr:
[nereid:ro] [140/402] Building C object zephyr/drivers/adc/CMakeFiles/drivers__adc.dir/adc_common.c.obj
[nereid:ro] [141/402] Linking C static library zephyr/drivers/interrupt_controller/libdrivers__interrupt_controller.a
[nereid:rw] [338/402] Building C object CMakeFiles/app.dir/mnt/host/source/src/platform/ec/build/zephyr/nereid/modules/ec/common/chargen.c.obj
[nereid:rw] [339/402] Building C object CMakeFiles/app.dir/mnt/host/source/src/platform/ec/build/zephyr/nereid/modules/ec/common/usbc/usb_pd_console.c.obj
[nereid:ro] [142/402] Building C object zephyr/drivers/adc/CMakeFiles/drivers__adc.dir/adc_ite_it8xxx2.c.obj
[nereid:ro] [143/402] Building C object zephyr/drivers/bbram/CMakeFiles/drivers__bbram.dir/bbram_it8xxx2.c.obj
[nereid:ro] [144/402] Linking C static library zephyr/drivers/bbram/libdrivers__bbram.a
[nereid:ro] [145/402] Linking C static library zephyr/drivers/adc/libdrivers__adc.a
[nereid:ro] [146/402] Building C object zephyr/drivers/console/CMakeFiles/drivers__console.dir/uart_console.c.obj
[nereid:rw] [340/402] Building C object CMakeFiles/app.dir/mnt/host/source/src/platform/ec/build/zephyr/nereid/modules/ec/driver/usb_mux/usb_mux.c.obj
[nereid:rw] [341/402] Building C object CMakeFiles/app.dir/mnt/host/source/src/platform/ec/build/zephyr/nereid/modules/ec/driver/usb_mux/virtual.c.obj
[nereid:ro] [147/402] Linking C static library zephyr/drivers/console/libdrivers__console.a
[nereid:ro] [148/402] Building C object zephyr/drivers/eeprom/CMakeFiles/drivers__eeprom.dir/eeprom_shell.c.obj
[nereid:rw] [342/402] Building C object CMakeFiles/app.dir/mnt/host/source/src/platform/ec/build/zephyr/nereid/modules/ec/common/usbc/usb_prl_sm.c.obj
[nereid:ro] [149/402] Building C object zephyr/drivers/eeprom/CMakeFiles/drivers__eeprom.dir/eeprom_at2x.c.obj
[/mnt/host/source/src/platform/ec/build/zephyr/pirrha-lcov]   /mnt/host/source/src/platform/ec/build/zephyr/pirrha/build-rw/zephyr/arch/arch/riscv/core/CMakeFiles/arch__riscv__core.dir/cpu_idle.c.gcno:no functions found
[/mnt/host/source/src/platform/ec/build/zephyr/pirrha-lcov] stderr:
[nereid:ro] [150/402] Linking C static library zephyr/drivers/eeprom/libdrivers__eeprom.a
[nereid:rw] [343/402] Building C object CMakeFiles/app.dir/mnt/host/source/src/platform/ec/build/zephyr/nereid/modules/ec/common/usbc/usb_tc_drp_acc_trysrc_sm.c.obj
[nereid:rw] [344/402] Building C object CMakeFiles/app.dir/mnt/host/source/src/platform/ec/build/zephyr/nereid/modules/ec/common/usbc/usb_pd_dpm.c.obj
[nereid:ro] [151/402] Building C object zephyr/drivers/flash/CMakeFiles/drivers__flash.dir/flash_ite_it8xxx2.c.obj
[nereid:rw] [345/402] Building C object CMakeFiles/app.dir/mnt/host/source/src/platform/ec/build/zephyr/nereid/modules/ec/common/usbc/usbc_pd_policy.c.obj
[nereid:ro] [152/402] Linking C static library zephyr/drivers/flash/libdrivers__flash.a
[nereid:rw] [346/402] Building C object CMakeFiles/app.dir/mnt/host/source/src/platform/ec/build/zephyr/nereid/modules/ec/common/usbc/dp_alt_mode.c.obj
[nereid:ro] [153/402] Building C object zephyr/drivers/espi/CMakeFiles/drivers__espi.dir/espi_it8xxx2.c.obj
[nereid:ro] [154/402] Linking C static library zephyr/drivers/espi/libdrivers__espi.a
[nereid:rw] [347/402] Building C object CMakeFiles/app.dir/mnt/host/source/src/platform/ec/build/zephyr/nereid/modules/ec/common/usbc/usb_pe_drp_sm.c.obj
[nereid:ro] [155/402] Building C object zephyr/drivers/gpio/CMakeFiles/drivers__gpio.dir/gpio_kscan_ite_it8xxx2.c.obj
[nereid:rw] [348/402] Building C object CMakeFiles/app.dir/mnt/host/source/src/platform/ec/build/zephyr/nereid/modules/ec/common/usb_pd_host_cmd.c.obj
[nereid:ro] [156/402] Building C object zephyr/drivers/gpio/CMakeFiles/drivers__gpio.dir/gpio_ite_it8xxx2.c.obj
[nereid:rw] [349/402] Building C object CMakeFiles/app.dir/mnt/host/source/src/platform/ec/build/zephyr/nereid/modules/ec/common/usb_pd_console_cmd.c.obj
[nereid:ro] [157/402] Linking C static library zephyr/drivers/gpio/libdrivers__gpio.a
[nereid:rw] [350/402] Building C object CMakeFiles/app.dir/mnt/host/source/src/platform/ec/build/zephyr/nereid/modules/ec/common/usbc/usb_pd_host.c.obj
[nereid:ro] [158/402] Building C object zephyr/drivers/i2c/CMakeFiles/drivers__i2c.dir/i2c_common.c.obj
[nereid:ro] [159/402] Building C object zephyr/drivers/i2c/CMakeFiles/drivers__i2c.dir/i2c_bitbang.c.obj
[nereid:rw] [351/402] Building C object CMakeFiles/app.dir/mnt/host/source/src/platform/ec/build/zephyr/nereid/modules/ec/zephyr/shim/src/tcpc.c.obj
[nereid:rw] [352/402] Building C object CMakeFiles/app.dir/mnt/host/source/src/platform/ec/build/zephyr/nereid/modules/ec/common/usb_pd_host_cmd_common.c.obj
[nereid:ro] [160/402] Building C object zephyr/drivers/i2c/CMakeFiles/drivers__i2c.dir/i2c_shell.c.obj
[nereid:rw] [353/402] Building C object CMakeFiles/app.dir/mnt/host/source/src/platform/ec/build/zephyr/nereid/modules/ec/common/usbc_ocp.c.obj
[nereid:rw] [354/402] Building C object CMakeFiles/app.dir/mnt/host/source/src/platform/ec/build/zephyr/nereid/modules/ec/common/usbc/svdm_rsp_dfp_only.c.obj
[nereid:rw] [355/402] Building C object CMakeFiles/app.dir/mnt/host/source/src/platform/ec/build/zephyr/nereid/modules/ec/common/usb_pd_discovery.c.obj
[/mnt/host/source/src/platform/ec/build/zephyr/squirtle-lcov]   /mnt/host/source/src/platform/ec/build/zephyr/squirtle/build-rw/zephyr/CMakeFiles/zephyr.dir/subsys/shell/modules/kernel_service/kernel_shell.c.gcno:no functions found
[/mnt/host/source/src/platform/ec/build/zephyr/squirtle-lcov] stderr:
[/mnt/host/source/src/platform/ec/build/zephyr/pirrha-lcov]   /mnt/host/source/src/platform/ec/build/zephyr/pirrha/build-rw/zephyr/arch/common/CMakeFiles/isr_tables.dir/isr_tables.c.gcno:no functions found
[/mnt/host/source/src/platform/ec/build/zephyr/pirrha-lcov] stderr:
[nereid:ro] [161/402] Building C object zephyr/drivers/pinctrl/CMakeFiles/drivers__pinctrl.dir/common.c.obj
[nereid:ro] [162/402] Building C object zephyr/drivers/i2c/CMakeFiles/drivers__i2c.dir/i2c_ite_enhance.c.obj
[nereid:ro] [163/402] Building C object zephyr/drivers/sensor/CMakeFiles/drivers__sensor.dir/mnt/host/source/src/third_party/zephyr/main/misc/empty_file.c.obj
[nereid:rw] [356/402] Building C object CMakeFiles/app.dir/mnt/host/source/src/platform/ec/build/zephyr/nereid/modules/ec/common/usb_pd_dual_role.c.obj
[nereid:rw] [357/402] Building C object CMakeFiles/app.dir/mnt/host/source/src/platform/ec/build/zephyr/nereid/modules/ec/driver/tcpm/ps8xxx.c.obj
[/mnt/host/source/src/platform/ec/build/zephyr/squirtle-lcov]   /mnt/host/source/src/platform/ec/build/zephyr/squirtle/build-rw/zephyr/CMakeFiles/zephyr.dir/lib/libc/validate_libc.c.gcno:no functions found
[/mnt/host/source/src/platform/ec/build/zephyr/squirtle-lcov] stderr:
[nereid:ro] [164/402] Linking C static library zephyr/drivers/sensor/libdrivers__sensor.a
[nereid:ro] [165/402] Building C object zephyr/drivers/i2c/CMakeFiles/drivers__i2c.dir/i2c_ite_it8xxx2.c.obj
[nereid:rw] [358/402] Building C object CMakeFiles/app.dir/mnt/host/source/src/platform/ec/build/zephyr/nereid/modules/ec/driver/tcpm/tcpci.c.obj
[nereid:ro] [166/402] Linking C static library zephyr/drivers/i2c/libdrivers__i2c.a
[nereid:ro] [167/402] Building C object zephyr/drivers/pinctrl/CMakeFiles/drivers__pinctrl.dir/pinctrl_ite_it8xxx2.c.obj
[nereid:ro] [168/402] Linking C static library zephyr/drivers/pinctrl/libdrivers__pinctrl.a
[nereid:ro] [169/402] Building C object zephyr/drivers/pwm/CMakeFiles/drivers__pwm.dir/pwm_shell.c.obj
[nereid:rw] [359/402] Building C object CMakeFiles/app.dir/mnt/host/source/src/platform/ec/build/zephyr/nereid/modules/ec/common/button.c.obj
[nereid:rw] [360/402] Building C object CMakeFiles/app.dir/mnt/host/source/src/platform/ec/build/zephyr/nereid/modules/ec/driver/tcpm/ite_pd_intc.c.obj
[nereid:rw] [361/402] Building C object CMakeFiles/app.dir/mnt/host/source/src/platform/ec/build/zephyr/nereid/modules/ec/common/vboot_hash.c.obj
[nereid:rw] [362/402] Building C object CMakeFiles/app.dir/mnt/host/source/src/platform/ec/build/zephyr/nereid/modules/ec/driver/tcpm/it8xxx2.c.obj
[nereid:rw] [363/402] Building C object CMakeFiles/app.dir/mnt/host/source/src/platform/ec/build/zephyr/nereid/modules/ec/common/vboot/efs2.c.obj
[nereid:ro] [170/402] Building C object zephyr/drivers/pwm/CMakeFiles/drivers__pwm.dir/pwm_ite_it8xxx2.c.obj
[nereid:rw] [364/402] Building C object CMakeFiles/app.dir/mnt/host/source/src/platform/ec/build/zephyr/nereid/modules/ec/common/math_util.c.obj
[nereid:ro] [171/402] Linking C static library zephyr/drivers/pwm/libdrivers__pwm.a
[nereid:ro] [172/402] Building C object zephyr/drivers/serial/CMakeFiles/drivers__serial.dir/uart_ite_it8xxx2.c.obj
[nereid:rw] [365/402] Building C object CMakeFiles/app.dir/mnt/host/source/src/platform/ec/build/zephyr/nereid/modules/ec/common/vstore.c.obj
[nereid:ro] [173/402] Building C object zephyr/drivers/sensor/ite/ite_vcmp_it8xxx2/CMakeFiles/drivers__sensor__ite__ite_vcmp_it8xxx2.dir/vcmp_ite_it8xxx2.c.obj
[nereid:ro] [174/402] Building C object zephyr/drivers/serial/CMakeFiles/drivers__serial.dir/uart_ns16550.c.obj
[nereid:ro] [175/402] Building C object zephyr/drivers/timer/CMakeFiles/drivers__timer.dir/sys_clock_init.c.obj
[nereid:rw] [366/402] Linking C static library modules/ec/zephyr/libec_shim.a
[nereid:ro] [176/402] Linking C static library zephyr/drivers/sensor/ite/ite_vcmp_it8xxx2/libdrivers__sensor__ite__ite_vcmp_it8xxx2.a
[nereid:rw] [367/402] Building C object CMakeFiles/app.dir/src/common.c.obj
[nereid:ro] [177/402] Linking C static library zephyr/drivers/serial/libdrivers__serial.a
[nereid:rw] [368/402] Building C object CMakeFiles/app.dir/src/board_power.c.obj
[nereid:rw] [369/402] Building C object CMakeFiles/app.dir/nereid/src/hdmi.c.obj
[nereid:rw] [370/402] Building C object CMakeFiles/app.dir/src/led.c.obj
[nereid:ro] [178/402] Building C object zephyr/drivers/timer/CMakeFiles/drivers__timer.dir/ite_it8xxx2_timer.c.obj
[nereid:rw] [371/402] Building C object CMakeFiles/app.dir/src/sub_board.c.obj
[nereid:ro] [179/402] Linking C static library zephyr/drivers/timer/libdrivers__timer.a
[nereid:ro] [180/402] Building C object zephyr/drivers/watchdog/CMakeFiles/drivers__watchdog.dir/wdt_ite_it8xxx2.c.obj
[/mnt/host/source/src/platform/ec/build/zephyr/squirtle-lcov]   /mnt/host/source/src/platform/ec/build/zephyr/squirtle/build-rw/zephyr/CMakeFiles/zephyr.dir/lib/utils/last_section_id.c.gcno:no functions found
[/mnt/host/source/src/platform/ec/build/zephyr/squirtle-lcov] stderr:
[nereid:rw] [372/402] Building C object CMakeFiles/app.dir/nereid/src/charger.c.obj
[nereid:rw] [373/402] Building C object CMakeFiles/app.dir/nereid/src/usbc.c.obj
[nereid:rw] [374/402] Building C object zephyr/kernel/CMakeFiles/kernel.dir/errno.c.obj
[nereid:rw] [375/402] Building C object zephyr/kernel/CMakeFiles/kernel.dir/version.c.obj
[nereid:ro] [181/402] Building C object zephyr/drivers/watchdog/CMakeFiles/drivers__watchdog.dir/wdt_shell.c.obj
[nereid:rw] [376/402] Building C object zephyr/kernel/CMakeFiles/kernel.dir/fatal.c.obj
[nereid:ro] [182/402] Building C object modules/ec/zephyr/CMakeFiles/ec_shim.dir/app/ec/main_shim.c.obj
[nereid:rw] [377/402] Building C object zephyr/kernel/CMakeFiles/kernel.dir/kheap.c.obj
[nereid:ro] [183/402] Linking C static library zephyr/drivers/watchdog/libdrivers__watchdog.a
[nereid:rw] [378/402] Linking C static library app/libapp.a
[nereid:rw] [379/402] Building C object zephyr/kernel/CMakeFiles/kernel.dir/init.c.obj
[nereid:rw] [380/402] Building C object zephyr/kernel/CMakeFiles/kernel.dir/mem_slab.c.obj
[nereid:ro] [184/402] Building C object modules/ec/zephyr/CMakeFiles/ec_shim.dir/app/ec/ec_app_main.c.obj
[nereid:rw] [381/402] Building C object zephyr/kernel/CMakeFiles/kernel.dir/float.c.obj
[nereid:rw] [382/402] Building C object zephyr/kernel/CMakeFiles/kernel.dir/idle.c.obj
[nereid:ro] [185/402] Building C object modules/ec/zephyr/CMakeFiles/ec_shim.dir/drivers/cros_flash/cros_flash_it8xxx2.c.obj
[nereid:ro] [186/402] Building C object modules/ec/zephyr/CMakeFiles/ec_shim.dir/app/ec/chip/riscv/riscv-ite/it8xxx2-espi.c.obj
[nereid:rw] [383/402] Building C object zephyr/kernel/CMakeFiles/kernel.dir/mailbox.c.obj
[nereid:rw] [384/402] Building C object zephyr/kernel/CMakeFiles/kernel.dir/mutex.c.obj
[nereid:rw] [385/402] Building C object zephyr/kernel/CMakeFiles/kernel.dir/queue.c.obj
[nereid:rw] [386/402] Building C object zephyr/kernel/CMakeFiles/kernel.dir/msg_q.c.obj
[nereid:ro] [187/402] Building C object modules/ec/zephyr/CMakeFiles/ec_shim.dir/drivers/cros_kb_raw/cros_kb_raw_ite.c.obj
[nereid:rw] [387/402] Building C object zephyr/kernel/CMakeFiles/kernel.dir/stack.c.obj
[nereid:rw] [388/402] Building C object zephyr/kernel/CMakeFiles/kernel.dir/sem.c.obj
[nereid:ro] [188/402] Building C object modules/ec/zephyr/CMakeFiles/ec_shim.dir/drivers/cros_kblight/pwm_kblight.c.obj
[nereid:rw] [389/402] Building C object zephyr/kernel/CMakeFiles/kernel.dir/system_work_q.c.obj
[nereid:ro] [189/402] Building C object modules/ec/zephyr/CMakeFiles/ec_shim.dir/drivers/cros_system/cros_system_it8xxx2.c.obj
[nereid:rw] [390/402] Building C object zephyr/kernel/CMakeFiles/kernel.dir/condvar.c.obj
[nereid:rw] [391/402] Building C object zephyr/kernel/CMakeFiles/kernel.dir/thread.c.obj
[nereid:rw] [392/402] Building C object zephyr/kernel/CMakeFiles/kernel.dir/work.c.obj
[nereid:ro] [190/402] Building C object modules/ec/zephyr/CMakeFiles/ec_shim.dir/shim/chip/it8xxx2/clock.c.obj
[nereid:rw] [393/402] Building C object zephyr/kernel/CMakeFiles/kernel.dir/pipe.c.obj
[nereid:rw] [394/402] Building C object zephyr/kernel/CMakeFiles/kernel.dir/thread_monitor.c.obj
[baze:ro] Building: /usr/bin/ninja -C /mnt/host/source/src/platform/ec/build/zephyr/baze/build-ro all.libraries
Running `env -i SHELL=/bin/bash COLORTERM=truecolor DEPOT_TOOLS_UPDATE=0 LESS='-R -M --shift 5' SUDO_GID=0 JDK_HOME=/etc/java-config-2/current-system-vm CONFIG_PROTECT_MASK='/etc/gentoo-release /etc/sandbox.d /etc/fonts/fonts.conf /etc/terminfo /etc/ca-certificates.conf /etc/revdep-rebuild' CHROMEOS_CACHEDIR=/var/cache/chromeos-cache JAVA_HOME=/etc/java-config-2/current-system-vm SSH_AUTH_SOCK=/tmp/ssh-auth-sock SUDO_COMMAND=/bin/bash SUDO_USER=root SUDO_TTY=/dev/pts/2 EDITOR=/usr/bin/vi PWD=/mnt/host/source/src/platform/ec CONFIG_PROTECT=/usr/share/gnupg/qualified.txt LOGNAME=jpmurphy MANPATH=/etc/java-config-2/current-system-vm/man:/usr/local/share/man:/usr/share/man:/usr/share/gcc-data/x86_64-pc-linux-gnu/10.2.0/man:/usr/share/binutils-data/x86_64-pc-linux-gnu/2.45/man:/etc/java-config-2/current-system-vm/man/ SUDO_HOME=/root XAUTHORITY=/run/user/944457/gdm/Xauthority HOME=/home/jpmurphy LANG=C.UTF-8 LS_COLORS='rs=0:di=01;34:ln=01;36:mh=00:pi=40;33:so=01;35:do=01;35:bd=40;33;01:cd=40;33;01:or=01;05;37;41:mi=01;05;37;41:su=37;41:sg=30;43:ca=30;41:tw=30;42:ow=34;42:st=37;44:ex=01;32:*.tar=01;31:*.tgz=01;31:*.arc=01;31:*.arj=01;31:*.taz=01;31:*.lha=01;31:*.lz4=01;31:*.lzh=01;31:*.lzma=01;31:*.tlz=01;31:*.txz=01;31:*.tzo=01;31:*.t7z=01;31:*.zip=01;31:*.z=01;31:*.dz=01;31:*.gz=01;31:*.lrz=01;31:*.lz=01;31:*.lzo=01;31:*.xz=01;31:*.zst=01;31:*.tzst=01;31:*.bz2=01;31:*.bz=01;31:*.tbz=01;31:*.tbz2=01;31:*.tz=01;31:*.deb=01;31:*.rpm=01;31:*.jar=01;31:*.war=01;31:*.ear=01;31:*.sar=01;31:*.rar=01;31:*.alz=01;31:*.ace=01;31:*.zoo=01;31:*.cpio=01;31:*.7z=01;31:*.rz=01;31:*.cab=01;31:*.wim=01;31:*.swm=01;31:*.dwm=01;31:*.esd=01;31:*.jpg=01;35:*.jpeg=01;35:*.mjpg=01;35:*.mjpeg=01;35:*.gif=01;35:*.bmp=01;35:*.pbm=01;35:*.pgm=01;35:*.ppm=01;35:*.tga=01;35:*.xbm=01;35:*.xpm=01;35:*.tif=01;35:*.tiff=01;35:*.png=01;35:*.svg=01;35:*.svgz=01;35:*.mng=01;35:*.pcx=01;35:*.mov=01;35:*.mpg=01;35:*.mpeg=01;35:*.m2v=01;35:*.mkv=01;35:*.webm=01;35:*.webp=01;35:*.ogm=01;35:*.mp4=01;35:*.m4v=01;35:*.mp4v=01;35:*.vob=01;35:*.qt=01;35:*.nuv=01;35:*.wmv=01;35:*.asf=01;35:*.rm=01;35:*.rmvb=01;35:*.flc=01;35:*.avi=01;35:*.fli=01;35:*.flv=01;35:*.gl=01;35:*.dl=01;35:*.xcf=01;35:*.xwd=01;35:*.yuv=01;35:*.cgm=01;35:*.emf=01;35:*.ogv=01;35:*.ogx=01;35:*.cfg=00;32:*.conf=00;32:*.diff=00;32:*.doc=00;32:*.ini=00;32:*.log=00;32:*.patch=00;32:*.pdf=00;32:*.ps=00;32:*.tex=00;32:*.txt=00;32:*.aac=00;36:*.au=00;36:*.flac=00;36:*.m4a=00;36:*.mid=00;36:*.midi=00;36:*.mka=00;36:*.mp3=00;36:*.mpc=00;36:*.ogg=00;36:*.ra=00;36:*.wav=00;36:*.oga=00;36:*.opus=00;36:*.spx=00;36:*.xspf=00;36:' XDG_CURRENT_DESKTOP=GNOME INFOPATH=/usr/share/info:/usr/share/gcc-data/x86_64-pc-linux-gnu/10.2.0/info:/usr/share/binutils-data/x86_64-pc-linux-gnu/2.45/info:/usr/share/automake-1.16.5/info JAVAC=/etc/java-config-2/current-system-vm/bin/javac TERM=xterm-256color LESSOPEN='|lesspipe %s' USER=jpmurphy CROS_WORKON_SRCROOT=/mnt/host/source MANPAGER=manpager DISPLAY=:1 SHLVL=1 LC_MESSAGES=C EXTERNAL_TRUNK_PATH=/mnt/8f9d649a-3721-44cc-93c0-e6bd21a9689f/chromiumos GCC_SPECS='' PATH=/mnt/host/source/chromite/bin:/usr/local/bin:/usr/bin:/bin:/opt/bin:/mnt/host/source/chromite/sdk/bin:/mnt/host/source/chromite/bin PORTAGE_USERNAME=jpmurphy SUDO_UID=0 GCC_VER=10.2.0 MAIL=/var/mail/jpmurphy OLDPWD=/mnt/host/source/src/scripts traceparent=00-e87aca51550a78635907baa6a2476181-6d684811675d2973-01 _=./zephyr/firmware_builder.py COREBOOT_SDK_ROOT_x86=/home/jpmurphy/.cache/coreboot-sdk/i386-elf/dfbb0486385d938cfa9d73080b9d18d598ed4f49 COREBOOT_SDK_ROOT_picolibc_x86=/home/jpmurphy/.cache/coreboot-sdk/picolibc-i386-elf/eb8e8e687b95461de8cbf278f1c2076952d0ad17 COREBOOT_SDK_ROOT_riscv64=/home/jpmurphy/.cache/coreboot-sdk/riscv64-elf/96b949749225b6aaa92ed810ab769e8dfb12f000 COREBOOT_SDK_ROOT_picolibc_arm=/home/jpmurphy/.cache/coreboot-sdk/picolibc-arm-eabi/422a2aa3e1ef891b5bece9a3deb696ff83840d2e COREBOOT_SDK_ROOT_nds32=/home/jpmurphy/.cache/coreboot-sdk/nds32le-elf/d1a518c4a097666d86058e1444f85ca015d15511 COREBOOT_SDK_ROOT_picolibc_riscv64=/home/jpmurphy/.cache/coreboot-sdk/picolibc-riscv64-elf/f571e990ef0278564b31124f8bb109d9a697eb69 COREBOOT_SDK_ROOT_arm=/home/jpmurphy/.cache/coreboot-sdk/arm-eabi/ea40ddd1d190c3b48435c474c0b545719371813a COREBOOT_SDK_ROOT_libstdcxx_riscv64=/home/jpmurphy/.cache/coreboot-sdk/libstdcxx-riscv64-elf/17abf22a3a252e2d5d2062ced5324f7a623689e0 COREBOOT_SDK_ROOT_libstdcxx_arm=/home/jpmurphy/.cache/coreboot-sdk/libstdcxx-arm-eabi/5d7d82e150e44aa1968f1d366e267e6687b328ac COREBOOT_SDK_ROOT_riscv=/home/jpmurphy/.cache/coreboot-sdk/riscv-elf/9a27b9e82341c6e9126624f516ab3f261abb3e73 COREBOOT_SDK_ROOT_libstdcxx_x86=/home/jpmurphy/.cache/coreboot-sdk/libstdcxx-i386-elf/42ef9d2e87a76a37963175d7d428734e65648b87 PYTHONPATH=/mnt/host/source/src/platform/ec/zephyr/zmake PW_PIGWEED_CIPD_INSTALL_DIR=/usr CROSTC_USER_ACKNOWLEDGES_THAT_RISCV_IS_EXPERIMENTAL=1 MAKEFLAGS=' -j16 --jobserver-auth=5,6' /usr/bin/ninja -C /mnt/host/source/src/platform/ec/build/zephyr/baze/build-ro all.libraries`
[nereid:rw] [395/402] Building C object zephyr/kernel/CMakeFiles/kernel.dir/timeout.c.obj
[nereid:ro] [191/402] Building C object modules/ec/zephyr/CMakeFiles/ec_shim.dir/drivers/vivaldi_kbd/vivaldi_kbd.c.obj
[baze:ro] ninja: Entering directory `/mnt/host/source/src/platform/ec/build/zephyr/baze/build-ro'
Running (initial) lcov on /mnt/host/source/src/platform/ec/build/zephyr/adlrvp_npcx.
[nereid:rw] [396/402] Building C object zephyr/kernel/CMakeFiles/kernel.dir/timer.c.obj
[baze:rw] Building: /usr/bin/ninja -C /mnt/host/source/src/platform/ec/build/zephyr/baze/build-rw all.libraries
Running `env -i SHELL=/bin/bash COLORTERM=truecolor DEPOT_TOOLS_UPDATE=0 LESS='-R -M --shift 5' SUDO_GID=0 JDK_HOME=/etc/java-config-2/current-system-vm CONFIG_PROTECT_MASK='/etc/gentoo-release /etc/sandbox.d /etc/fonts/fonts.conf /etc/terminfo /etc/ca-certificates.conf /etc/revdep-rebuild' CHROMEOS_CACHEDIR=/var/cache/chromeos-cache JAVA_HOME=/etc/java-config-2/current-system-vm SSH_AUTH_SOCK=/tmp/ssh-auth-sock SUDO_COMMAND=/bin/bash SUDO_USER=root SUDO_TTY=/dev/pts/2 EDITOR=/usr/bin/vi PWD=/mnt/host/source/src/platform/ec CONFIG_PROTECT=/usr/share/gnupg/qualified.txt LOGNAME=jpmurphy MANPATH=/etc/java-config-2/current-system-vm/man:/usr/local/share/man:/usr/share/man:/usr/share/gcc-data/x86_64-pc-linux-gnu/10.2.0/man:/usr/share/binutils-data/x86_64-pc-linux-gnu/2.45/man:/etc/java-config-2/current-system-vm/man/ SUDO_HOME=/root XAUTHORITY=/run/user/944457/gdm/Xauthority HOME=/home/jpmurphy LANG=C.UTF-8 LS_COLORS='rs=0:di=01;34:ln=01;36:mh=00:pi=40;33:so=01;35:do=01;35:bd=40;33;01:cd=40;33;01:or=01;05;37;41:mi=01;05;37;41:su=37;41:sg=30;43:ca=30;41:tw=30;42:ow=34;42:st=37;44:ex=01;32:*.tar=01;31:*.tgz=01;31:*.arc=01;31:*.arj=01;31:*.taz=01;31:*.lha=01;31:*.lz4=01;31:*.lzh=01;31:*.lzma=01;31:*.tlz=01;31:*.txz=01;31:*.tzo=01;31:*.t7z=01;31:*.zip=01;31:*.z=01;31:*.dz=01;31:*.gz=01;31:*.lrz=01;31:*.lz=01;31:*.lzo=01;31:*.xz=01;31:*.zst=01;31:*.tzst=01;31:*.bz2=01;31:*.bz=01;31:*.tbz=01;31:*.tbz2=01;31:*.tz=01;31:*.deb=01;31:*.rpm=01;31:*.jar=01;31:*.war=01;31:*.ear=01;31:*.sar=01;31:*.rar=01;31:*.alz=01;31:*.ace=01;31:*.zoo=01;31:*.cpio=01;31:*.7z=01;31:*.rz=01;31:*.cab=01;31:*.wim=01;31:*.swm=01;31:*.dwm=01;31:*.esd=01;31:*.jpg=01;35:*.jpeg=01;35:*.mjpg=01;35:*.mjpeg=01;35:*.gif=01;35:*.bmp=01;35:*.pbm=01;35:*.pgm=01;35:*.ppm=01;35:*.tga=01;35:*.xbm=01;35:*.xpm=01;35:*.tif=01;35:*.tiff=01;35:*.png=01;35:*.svg=01;35:*.svgz=01;35:*.mng=01;35:*.pcx=01;35:*.mov=01;35:*.mpg=01;35:*.mpeg=01;35:*.m2v=01;35:*.mkv=01;35:*.webm=01;35:*.webp=01;35:*.ogm=01;35:*.mp4=01;35:*.m4v=01;35:*.mp4v=01;35:*.vob=01;35:*.qt=01;35:*.nuv=01;35:*.wmv=01;35:*.asf=01;35:*.rm=01;35:*.rmvb=01;35:*.flc=01;35:*.avi=01;35:*.fli=01;35:*.flv=01;35:*.gl=01;35:*.dl=01;35:*.xcf=01;35:*.xwd=01;35:*.yuv=01;35:*.cgm=01;35:*.emf=01;35:*.ogv=01;35:*.ogx=01;35:*.cfg=00;32:*.conf=00;32:*.diff=00;32:*.doc=00;32:*.ini=00;32:*.log=00;32:*.patch=00;32:*.pdf=00;32:*.ps=00;32:*.tex=00;32:*.txt=00;32:*.aac=00;36:*.au=00;36:*.flac=00;36:*.m4a=00;36:*.mid=00;36:*.midi=00;36:*.mka=00;36:*.mp3=00;36:*.mpc=00;36:*.ogg=00;36:*.ra=00;36:*.wav=00;36:*.oga=00;36:*.opus=00;36:*.spx=00;36:*.xspf=00;36:' XDG_CURRENT_DESKTOP=GNOME INFOPATH=/usr/share/info:/usr/share/gcc-data/x86_64-pc-linux-gnu/10.2.0/info:/usr/share/binutils-data/x86_64-pc-linux-gnu/2.45/info:/usr/share/automake-1.16.5/info JAVAC=/etc/java-config-2/current-system-vm/bin/javac TERM=xterm-256color LESSOPEN='|lesspipe %s' USER=jpmurphy CROS_WORKON_SRCROOT=/mnt/host/source MANPAGER=manpager DISPLAY=:1 SHLVL=1 LC_MESSAGES=C EXTERNAL_TRUNK_PATH=/mnt/8f9d649a-3721-44cc-93c0-e6bd21a9689f/chromiumos GCC_SPECS='' PATH=/mnt/host/source/chromite/bin:/usr/local/bin:/usr/bin:/bin:/opt/bin:/mnt/host/source/chromite/sdk/bin:/mnt/host/source/chromite/bin PORTAGE_USERNAME=jpmurphy SUDO_UID=0 GCC_VER=10.2.0 MAIL=/var/mail/jpmurphy OLDPWD=/mnt/host/source/src/scripts traceparent=00-e87aca51550a78635907baa6a2476181-6d684811675d2973-01 _=./zephyr/firmware_builder.py COREBOOT_SDK_ROOT_x86=/home/jpmurphy/.cache/coreboot-sdk/i386-elf/dfbb0486385d938cfa9d73080b9d18d598ed4f49 COREBOOT_SDK_ROOT_picolibc_x86=/home/jpmurphy/.cache/coreboot-sdk/picolibc-i386-elf/eb8e8e687b95461de8cbf278f1c2076952d0ad17 COREBOOT_SDK_ROOT_riscv64=/home/jpmurphy/.cache/coreboot-sdk/riscv64-elf/96b949749225b6aaa92ed810ab769e8dfb12f000 COREBOOT_SDK_ROOT_picolibc_arm=/home/jpmurphy/.cache/coreboot-sdk/picolibc-arm-eabi/422a2aa3e1ef891b5bece9a3deb696ff83840d2e COREBOOT_SDK_ROOT_nds32=/home/jpmurphy/.cache/coreboot-sdk/nds32le-elf/d1a518c4a097666d86058e1444f85ca015d15511 COREBOOT_SDK_ROOT_picolibc_riscv64=/home/jpmurphy/.cache/coreboot-sdk/picolibc-riscv64-elf/f571e990ef0278564b31124f8bb109d9a697eb69 COREBOOT_SDK_ROOT_arm=/home/jpmurphy/.cache/coreboot-sdk/arm-eabi/ea40ddd1d190c3b48435c474c0b545719371813a COREBOOT_SDK_ROOT_libstdcxx_riscv64=/home/jpmurphy/.cache/coreboot-sdk/libstdcxx-riscv64-elf/17abf22a3a252e2d5d2062ced5324f7a623689e0 COREBOOT_SDK_ROOT_libstdcxx_arm=/home/jpmurphy/.cache/coreboot-sdk/libstdcxx-arm-eabi/5d7d82e150e44aa1968f1d366e267e6687b328ac COREBOOT_SDK_ROOT_riscv=/home/jpmurphy/.cache/coreboot-sdk/riscv-elf/9a27b9e82341c6e9126624f516ab3f261abb3e73 COREBOOT_SDK_ROOT_libstdcxx_x86=/home/jpmurphy/.cache/coreboot-sdk/libstdcxx-i386-elf/42ef9d2e87a76a37963175d7d428734e65648b87 PYTHONPATH=/mnt/host/source/src/platform/ec/zephyr/zmake PW_PIGWEED_CIPD_INSTALL_DIR=/usr CROSTC_USER_ACKNOWLEDGES_THAT_RISCV_IS_EXPERIMENTAL=1 MAKEFLAGS=' -j16 --jobserver-auth=5,6' /usr/bin/ninja -C /mnt/host/source/src/platform/ec/build/zephyr/baze/build-rw all.libraries`
[nereid:rw] [397/402] Building C object zephyr/kernel/CMakeFiles/kernel.dir/sched.c.obj
[baze:rw] ninja: Entering directory `/mnt/host/source/src/platform/ec/build/zephyr/baze/build-rw'
[nereid:ro] [192/402] Building C object modules/ec/zephyr/CMakeFiles/ec_shim.dir/shim/chip/it8xxx2/system.c.obj
[nereid:ro] [193/402] Building C object modules/ec/zephyr/CMakeFiles/ec_shim.dir/shim/src/crc.c.obj
[nereid:ro] [194/402] Building C object modules/ec/zephyr/CMakeFiles/ec_shim.dir/shim/chip/it8xxx2/keyboard_raw.c.obj
[nereid:ro] [195/402] Building C object modules/ec/zephyr/CMakeFiles/ec_shim.dir/shim/chip/it8xxx2/gpio.c.obj
[nereid:rw] [398/402] Building C object zephyr/kernel/CMakeFiles/kernel.dir/poll.c.obj
[nereid:rw] [399/402] Building C object zephyr/kernel/CMakeFiles/kernel.dir/mempool.c.obj
[baze:rw] [1/353] Preparing syscall dependency handling
Running `env -i PYTHONPATH=/usr/lib64/python-exec/python3.11:/mnt/host/source/src/platform/ec/zephyr/zmake:/usr/lib/python311.zip:/usr/lib/python3.11:/usr/lib/python3.11/lib-dynload:/usr/lib/python3.11/site-packages PW_PIGWEED_CIPD_INSTALL_DIR=/usr CROSTC_USER_ACKNOWLEDGES_THAT_RISCV_IS_EXPERIMENTAL=1 PATH=/mnt/host/source/chromite/bin:/usr/local/bin:/usr/bin:/bin:/opt/bin:/mnt/host/source/chromite/sdk/bin:/mnt/host/source/chromite/bin HOME=/home/jpmurphy JAVA_HOME=/etc/java-config-2/current-system-vm JDK_HOME=/etc/java-config-2/current-system-vm JAVAC=/etc/java-config-2/current-system-vm/bin/javac MAKEFLAGS=' -j16 --jobserver-auth=5,6' /usr/bin/lcov --gcov-tool /mnt/host/source/src/platform/ec/build/zephyr/adlrvp_npcx/build-rw/gcov.sh -q -o - -c -d /mnt/host/source/src/platform/ec/build/zephyr/adlrvp_npcx -t adlrvp_npcx --rc branch_coverage=1 --filter range --ignore-errors inconsistent,source --ignore-errors gcov,gcov -i`
[nereid:rw] [400/402] Building C object zephyr/kernel/CMakeFiles/kernel.dir/events.c.obj
[baze:ro] [1/353] Preparing syscall dependency handling
[nereid:rw] [401/402] Building C object zephyr/kernel/CMakeFiles/kernel.dir/dynamic_disabled.c.obj
[ptlrvp_mchp:ro] Configuring.
[baze:rw] [2/353] Generating misc/generated/syscalls_subdirs.trigger
Running `env -i PYTHONPATH=/usr/lib64/python-exec/python3.11:/mnt/host/source/src/platform/ec/zephyr/zmake:/usr/lib/python311.zip:/usr/lib/python3.11:/usr/lib/python3.11/lib-dynload:/usr/lib/python3.11/site-packages PW_PIGWEED_CIPD_INSTALL_DIR=/usr CROSTC_USER_ACKNOWLEDGES_THAT_RISCV_IS_EXPERIMENTAL=1 PATH=/mnt/host/source/chromite/bin:/usr/local/bin:/usr/bin:/bin:/opt/bin:/mnt/host/source/chromite/sdk/bin:/mnt/host/source/chromite/bin HOME=/home/jpmurphy JAVA_HOME=/etc/java-config-2/current-system-vm JDK_HOME=/etc/java-config-2/current-system-vm JAVAC=/etc/java-config-2/current-system-vm/bin/javac MAKEFLAGS=' -j16 --jobserver-auth=5,6' /usr/bin/cmake -S /mnt/host/source/src/platform/ec/zephyr/program/intelrvp -B /mnt/host/source/src/platform/ec/build/zephyr/ptlrvp_mchp/build-ro -GNinja -DCMAKE_EXPORT_COMPILE_COMMANDS=ON -DZEPHYR_BASE=/mnt/host/source/src/third_party/zephyr/main -DZMAKE_INCLUDE_DIR=/mnt/host/source/src/platform/ec/build/zephyr/ptlrvp_mchp/include -DPython3_EXECUTABLE=/usr/bin/python3.11 -DDTS_ROOT=/mnt/host/source/src/platform/ec/zephyr -DSYSCALL_INCLUDE_DIRS=/mnt/host/source/src/platform/ec/zephyr/include/drivers -DUSER_CACHE_DIR=/mnt/host/source/src/platform/ec/build/zephyr/user-cache '-DEXTRA_EC_VERSION_FLAGS=--version 16543.0.0 --static' -DTOOLCHAIN_ROOT=/mnt/host/source/src/platform/ec/zephyr -DCOREBOOT_SDK_ROOT_x86=/home/jpmurphy/.cache/coreboot-sdk/i386-elf/dfbb0486385d938cfa9d73080b9d18d598ed4f49 -DCOREBOOT_SDK_ROOT_picolibc_x86=/home/jpmurphy/.cache/coreboot-sdk/picolibc-i386-elf/eb8e8e687b95461de8cbf278f1c2076952d0ad17 -DCOREBOOT_SDK_ROOT_riscv64=/home/jpmurphy/.cache/coreboot-sdk/riscv64-elf/96b949749225b6aaa92ed810ab769e8dfb12f000 -DCOREBOOT_SDK_ROOT_picolibc_arm=/home/jpmurphy/.cache/coreboot-sdk/picolibc-arm-eabi/422a2aa3e1ef891b5bece9a3deb696ff83840d2e -DCOREBOOT_SDK_ROOT_nds32=/home/jpmurphy/.cache/coreboot-sdk/nds32le-elf/d1a518c4a097666d86058e1444f85ca015d15511 -DCOREBOOT_SDK_ROOT_picolibc_riscv64=/home/jpmurphy/.cache/coreboot-sdk/picolibc-riscv64-elf/f571e990ef0278564b31124f8bb109d9a697eb69 -DCOREBOOT_SDK_ROOT_arm=/home/jpmurphy/.cache/coreboot-sdk/arm-eabi/ea40ddd1d190c3b48435c474c0b545719371813a -DCOREBOOT_SDK_ROOT_libstdcxx_riscv64=/home/jpmurphy/.cache/coreboot-sdk/libstdcxx-riscv64-elf/17abf22a3a252e2d5d2062ced5324f7a623689e0 -DCOREBOOT_SDK_ROOT_libstdcxx_arm=/home/jpmurphy/.cache/coreboot-sdk/libstdcxx-arm-eabi/5d7d82e150e44aa1968f1d366e267e6687b328ac -DCOREBOOT_SDK_ROOT_riscv=/home/jpmurphy/.cache/coreboot-sdk/riscv-elf/9a27b9e82341c6e9126624f516ab3f261abb3e73 -DCOREBOOT_SDK_ROOT_libstdcxx_x86=/home/jpmurphy/.cache/coreboot-sdk/libstdcxx-i386-elf/42ef9d2e87a76a37963175d7d428734e65648b87 -DZEPHYR_TOOLCHAIN_VARIANT=coreboot-sdk '-DZEPHYR_MODULES=/mnt/host/source/src/platform/ec/build/zephyr/ptlrvp_mchp/modules/cmsis;/mnt/host/source/src/platform/ec/build/zephyr/ptlrvp_mchp/modules/cmsis_6;/mnt/host/source/src/platform/ec/build/zephyr/ptlrvp_mchp/modules/ec' -DDTC_OVERLAY_FILE=/mnt/host/source/src/platform/ec/zephyr/program/intelrvp/ptlrvp/ptlrvp_mchp/project.overlay -DBOARD=mec172x/mec172x_nsz/mec1727 -DCMAKE_C_FLAGS=-DSECTION_IS_RO '-DCONF_FILE=/mnt/host/source/src/platform/ec/zephyr/program/intelrvp/program.conf;/mnt/host/source/src/platform/ec/zephyr/program/intelrvp/ptlrvp/program.conf;/mnt/host/source/src/platform/ec/zephyr/program/intelrvp/ptlrvp/ptlrvp_mchp/project.conf;/mnt/host/source/src/platform/ec/zephyr/program/intelrvp/ptlrvp/pd.conf;/mnt/host/source/src/platform/ec/zephyr/program/intelrvp/zephyr_ap_pwrseq.conf;/mnt/host/source/src/platform/ec/build/zephyr/ptlrvp_mchp/kconfig-ro.conf'`
[ptlrvp_mchp:ro] Loading Zephyr default modules (Zephyr base (cached)).
[ptlrvp_mchp:ro] -- Application: /mnt/host/source/src/platform/ec/zephyr/program/intelrvp
[baze:ro] [2/353] Generating misc/generated/syscalls_subdirs.trigger
[baze:rw] [3/353] cd /mnt/host/source/src/platform/ec/build/zephyr/baze/build-rw/modules/ec/zephyr && PYTHONPATH=/mnt/host/source/src/platform/ec/build/zephyr/baze/modules/ec/zephyr/zmake/ /usr/bin/python3.11 /mnt/host/source/src/platform/ec/build/zephyr/baze/modules/ec/zephyr/zmake/zephyr_build_tools/generate_ec_version.py /mnt/host/source/src/platform/ec/build/zephyr/baze/build-rw/modules/ec/zephyr/include/ec_version.h --name Zephyr-Kernel --version 16543.0.0 --static
[baze:rw] INFO:root:Using a static version string
[baze:ro] [3/353] Generating include/generated/zephyr/version.h
[baze:ro] -- git describe warned: warning: tag 'upstream/v2.7.99' is externally known as 'v2.7.99'
[nereid:rw] [402/402] Linking C static library zephyr/kernel/libkernel.a
[nereid:ro] [196/402] Building C object modules/ec/zephyr/CMakeFiles/ec_shim.dir/shim/chip/it8xxx2/power_policy.c.obj
[baze:ro] -- Zephyr version: 4.3.99 (/mnt/host/source/src/third_party/zephyr/main)
[baze:ro] [4/353] cd /mnt/host/source/src/platform/ec/build/zephyr/baze/build-ro/modules/ec/zephyr && PYTHONPATH=/mnt/host/source/src/platform/ec/build/zephyr/baze/modules/ec/zephyr/zmake/ /usr/bin/python3.11 /mnt/host/source/src/platform/ec/build/zephyr/baze/modules/ec/zephyr/zmake/zephyr_build_tools/generate_ec_version.py /mnt/host/source/src/platform/ec/build/zephyr/baze/build-ro/modules/ec/zephyr/include/ec_version.h --name Zephyr-Kernel --version 16543.0.0 --static
[baze:ro] INFO:root:Using a static version string
Toolchain <zmake.toolchains.CorebootSdkToolchain object at 0x7f412077ed50> selected by probe function.
[baze:rw] INFO:root:Version string: Zephyr-Kernel-16543.0.0
[baze:rw] INFO:root:Writing header to /mnt/host/source/src/platform/ec/build/zephyr/baze/build-rw/modules/ec/zephyr/include/ec_version.h
[baze:rw] [4/353] Generating include/generated/zephyr/version.h
[it82002_evb] Building in /mnt/host/source/src/platform/ec/build/zephyr/it82002_evb.
Toolchain <zmake.toolchains.CorebootSdkToolchain object at 0x7f4143003a10> selected by probe function.
[kaladin] Building in /mnt/host/source/src/platform/ec/build/zephyr/kaladin.
[nereid:ro] [197/402] Building C object modules/ec/zephyr/CMakeFiles/ec_shim.dir/shim/src/console.c.obj
[ptlrvp_mchp:ro] -- CMake version: 3.31.7
[ptlrvp_mchp:ro] -- Found Python3: /usr/bin/python3.11 (found suitable version "3.11.11", minimum required is "3.10") found components: Interpreter
[ptlrvp_mchp:ro] -- Cache files will be written to: /mnt/host/source/src/platform/ec/build/zephyr/user-cache
[ptlrvp_mchp:ro] -- Zephyr version: 4.3.99 (/mnt/host/source/src/third_party/zephyr/main)
[/mnt/host/source/src/platform/ec/build/zephyr/pirrha-lcov]   /mnt/host/source/src/platform/ec/build/zephyr/pirrha/build-rw/zephyr/CMakeFiles/zephyr.dir/subsys/shell/modules/kernel_service/kernel_shell.c.gcno:no functions found
[/mnt/host/source/src/platform/ec/build/zephyr/pirrha-lcov] stderr:
[nereid:ro] [198/402] Building C object modules/ec/zephyr/CMakeFiles/ec_shim.dir/shim/src/panic_utils.c.obj
[nereid:ro] [199/402] Building C object modules/ec/zephyr/CMakeFiles/ec_shim.dir/shim/src/gpio_int.c.obj
[nereid:ro] [200/402] Building C object modules/ec/zephyr/CMakeFiles/ec_shim.dir/shim/src/gpio.c.obj
[/mnt/host/source/src/platform/ec/build/zephyr/pirrha-lcov]   /mnt/host/source/src/platform/ec/build/zephyr/pirrha/build-rw/zephyr/CMakeFiles/zephyr.dir/lib/libc/validate_libc.c.gcno:no functions found
[/mnt/host/source/src/platform/ec/build/zephyr/pirrha-lcov] stderr:
[nereid:ro] [201/402] Building C object modules/ec/zephyr/CMakeFiles/ec_shim.dir/shim/src/pm_state.c.obj
[/mnt/host/source/src/platform/ec/build/zephyr/adlrvp_npcx-lcov] geninfo: WARNING: using JSON module "JSON::PP" - which is much slower than some alternatives.  Consider installing one of JSON::XS or Cpanel::JSON::XS
[baze:rw] -- git describe warned: warning: tag 'upstream/v2.7.99' is externally known as 'v2.7.99'
[baze:rw] -- Zephyr version: 4.3.99 (/mnt/host/source/src/third_party/zephyr/main)
[baze:rw] [5/353] Generating misc/generated/syscalls.json, misc/generated/struct_tags.json
[baze:ro] INFO:root:Version string: Zephyr-Kernel-16543.0.0
[baze:ro] INFO:root:Writing header to /mnt/host/source/src/platform/ec/build/zephyr/baze/build-ro/modules/ec/zephyr/include/ec_version.h
[baze:ro] [5/353] Generating misc/generated/syscalls.json, misc/generated/struct_tags.json
[kaladin:rw] Configuring.
Running `env -i PYTHONPATH=/usr/lib64/python-exec/python3.11:/mnt/host/source/src/platform/ec/zephyr/zmake:/usr/lib/python311.zip:/usr/lib/python3.11:/usr/lib/python3.11/lib-dynload:/usr/lib/python3.11/site-packages PW_PIGWEED_CIPD_INSTALL_DIR=/usr CROSTC_USER_ACKNOWLEDGES_THAT_RISCV_IS_EXPERIMENTAL=1 PATH=/mnt/host/source/chromite/bin:/usr/local/bin:/usr/bin:/bin:/opt/bin:/mnt/host/source/chromite/sdk/bin:/mnt/host/source/chromite/bin HOME=/home/jpmurphy JAVA_HOME=/etc/java-config-2/current-system-vm JDK_HOME=/etc/java-config-2/current-system-vm JAVAC=/etc/java-config-2/current-system-vm/bin/javac MAKEFLAGS=' -j16 --jobserver-auth=5,6' /usr/bin/cmake -S /mnt/host/source/src/platform/ec/zephyr/program/trulo -B /mnt/host/source/src/platform/ec/build/zephyr/kaladin/build-rw -GNinja -DCMAKE_EXPORT_COMPILE_COMMANDS=ON -DZEPHYR_BASE=/mnt/host/source/src/third_party/zephyr/main -DZMAKE_INCLUDE_DIR=/mnt/host/source/src/platform/ec/build/zephyr/kaladin/include -DPython3_EXECUTABLE=/usr/bin/python3.11 -DDTS_ROOT=/mnt/host/source/src/platform/ec/zephyr -DSYSCALL_INCLUDE_DIRS=/mnt/host/source/src/platform/ec/zephyr/include/drivers -DUSER_CACHE_DIR=/mnt/host/source/src/platform/ec/build/zephyr/user-cache -DPW_ROOT=/mnt/host/source/src/third_party/pigweed -DNANOPB_DIR=/mnt/host/source/src/third_party/zephyr/nanopb '-DEXTRA_EC_VERSION_FLAGS=--version 16543.0.0 --static' -DTOOLCHAIN_ROOT=/mnt/host/source/src/platform/ec/zephyr -DCOREBOOT_SDK_ROOT_x86=/home/jpmurphy/.cache/coreboot-sdk/i386-elf/dfbb0486385d938cfa9d73080b9d18d598ed4f49 -DCOREBOOT_SDK_ROOT_picolibc_x86=/home/jpmurphy/.cache/coreboot-sdk/picolibc-i386-elf/eb8e8e687b95461de8cbf278f1c2076952d0ad17 -DCOREBOOT_SDK_ROOT_riscv64=/home/jpmurphy/.cache/coreboot-sdk/riscv64-elf/96b949749225b6aaa92ed810ab769e8dfb12f000 -DCOREBOOT_SDK_ROOT_picolibc_arm=/home/jpmurphy/.cache/coreboot-sdk/picolibc-arm-eabi/422a2aa3e1ef891b5bece9a3deb696ff83840d2e -DCOREBOOT_SDK_ROOT_nds32=/home/jpmurphy/.cache/coreboot-sdk/nds32le-elf/d1a518c4a097666d86058e1444f85ca015d15511 -DCOREBOOT_SDK_ROOT_picolibc_riscv64=/home/jpmurphy/.cache/coreboot-sdk/picolibc-riscv64-elf/f571e990ef0278564b31124f8bb109d9a697eb69 -DCOREBOOT_SDK_ROOT_arm=/home/jpmurphy/.cache/coreboot-sdk/arm-eabi/ea40ddd1d190c3b48435c474c0b545719371813a -DCOREBOOT_SDK_ROOT_libstdcxx_riscv64=/home/jpmurphy/.cache/coreboot-sdk/libstdcxx-riscv64-elf/17abf22a3a252e2d5d2062ced5324f7a623689e0 -DCOREBOOT_SDK_ROOT_libstdcxx_arm=/home/jpmurphy/.cache/coreboot-sdk/libstdcxx-arm-eabi/5d7d82e150e44aa1968f1d366e267e6687b328ac -DCOREBOOT_SDK_ROOT_riscv=/home/jpmurphy/.cache/coreboot-sdk/riscv-elf/9a27b9e82341c6e9126624f516ab3f261abb3e73 -DCOREBOOT_SDK_ROOT_libstdcxx_x86=/home/jpmurphy/.cache/coreboot-sdk/libstdcxx-i386-elf/42ef9d2e87a76a37963175d7d428734e65648b87 -DZEPHYR_TOOLCHAIN_VARIANT=coreboot-sdk '-DZEPHYR_MODULES=/mnt/host/source/src/platform/ec/build/zephyr/kaladin/modules/cmsis;/mnt/host/source/src/platform/ec/build/zephyr/kaladin/modules/cmsis_6;/mnt/host/source/src/platform/ec/build/zephyr/kaladin/modules/picolibc;/mnt/host/source/src/platform/ec/build/zephyr/kaladin/modules/ec;/mnt/host/source/src/platform/ec/build/zephyr/kaladin/modules/pigweed;/mnt/host/source/src/platform/ec/build/zephyr/kaladin/modules/nanopb' -DDTC_OVERLAY_FILE=/mnt/host/source/src/platform/ec/zephyr/program/trulo/kaladin/project.overlay -DBOARD=it8xxx2/it82002bw -DCMAKE_C_FLAGS=-DSECTION_IS_RW '-DCONF_FILE=/mnt/host/source/src/platform/ec/zephyr/program/trulo/ite.conf;/mnt/host/source/src/platform/ec/zephyr/program/trulo/ite_program.conf;/mnt/host/source/src/platform/ec/zephyr/program/trulo/kaladin/project.conf;/mnt/host/source/src/platform/ec/zephyr/program/trulo/dsp_comms.conf;/mnt/host/source/src/platform/ec/build/zephyr/kaladin/kconfig-rw.conf'`
[nereid:ro] [202/402] Building C object modules/ec/zephyr/CMakeFiles/ec_shim.dir/shim/src/cbi/cros_cbi.c.obj
[kaladin:rw] Loading Zephyr default modules (Zephyr base (cached)).
[kaladin:rw] -- Application: /mnt/host/source/src/platform/ec/zephyr/program/trulo
[nereid:ro] [203/402] Building C object modules/ec/zephyr/CMakeFiles/ec_shim.dir/shim/src/cbi/cros_cbi_fw_config.c.obj
[baze:rw] [6/353] Generating include/generated/zephyr/syscall_dispatch.c, include/generated/zephyr/syscall_exports_llext.c, syscall_weakdefs_llext.c, include/generated/zephyr/syscall_list.h
[nereid:ro] [204/402] Building C object modules/ec/zephyr/CMakeFiles/ec_shim.dir/shim/src/cbi/cbi_eeprom.c.obj
[baze:ro] [6/353] Generating include/generated/zephyr/syscall_dispatch.c, include/generated/zephyr/syscall_exports_llext.c, syscall_weakdefs_llext.c, include/generated/zephyr/syscall_list.h
[baze:rw] [7/353] Generating include/generated/zephyr/driver-validation.h
[baze:ro] [7/353] Generating include/generated/zephyr/driver-validation.h
[nereid:ro] [205/402] Building C object modules/ec/zephyr/CMakeFiles/ec_shim.dir/shim/src/adc.c.obj
[nereid:ro] [206/402] Building C object modules/ec/zephyr/CMakeFiles/ec_shim.dir/shim/src/system.c.obj
[kaladin:rw] -- CMake version: 3.31.7
[kaladin:rw] -- Found Python3: /usr/bin/python3.11 (found suitable version "3.11.11", minimum required is "3.10") found components: Interpreter
[nereid:ro] [207/402] Building C object modules/ec/zephyr/CMakeFiles/ec_shim.dir/shim/src/battery.c.obj
[kaladin:rw] -- Cache files will be written to: /mnt/host/source/src/platform/ec/build/zephyr/user-cache
[kaladin:rw] -- Zephyr version: 4.3.99 (/mnt/host/source/src/third_party/zephyr/main)
[baze:rw] [8/353] Generating include/generated/zephyr/kobj-types-enum.h, include/generated/zephyr/otype-to-str.h, include/generated/zephyr/otype-to-size.h
[baze:ro] [8/353] Generating include/generated/zephyr/kobj-types-enum.h, include/generated/zephyr/otype-to-str.h, include/generated/zephyr/otype-to-size.h
[baze:rw] [9/353] Generating include/generated/device-api-sections.ld, include/generated/device-api-sections.cmake
[baze:ro] [9/353] Generating include/generated/device-api-sections.ld, include/generated/device-api-sections.cmake
[/mnt/host/source/src/platform/ec/build/zephyr/lapis-lcov]   /mnt/host/source/src/platform/ec/build/zephyr/lapis/build-ro/zephyr/CMakeFiles/zephyr.dir/lib/utils/last_section_id.c.gcno:no functions found
[/mnt/host/source/src/platform/ec/build/zephyr/lapis-lcov] stderr:
[nereid:ro] [208/402] Building C object modules/ec/zephyr/CMakeFiles/ec_shim.dir/shim/src/charger.c.obj
[nereid:ro] [209/402] Building C object modules/ec/zephyr/CMakeFiles/ec_shim.dir/shim/src/chipset_api.c.obj
[ptlrvp_mchp:ro] -- Board: mec172x, qualifiers: mec172x_nsz/mec1727
[/mnt/host/source/src/platform/ec/build/zephyr/pirrha-lcov]   /mnt/host/source/src/platform/ec/build/zephyr/pirrha/build-rw/zephyr/CMakeFiles/zephyr.dir/lib/utils/last_section_id.c.gcno:no functions found
[/mnt/host/source/src/platform/ec/build/zephyr/pirrha-lcov] stderr:
[nereid:ro] [210/402] Building C object modules/ec/zephyr/CMakeFiles/ec_shim.dir/shim/src/flash.c.obj
[nereid:ro] [211/402] Building C object modules/ec/zephyr/CMakeFiles/ec_shim.dir/shim/src/hooks.c.obj
[nereid:ro] [212/402] Building C object modules/ec/zephyr/CMakeFiles/ec_shim.dir/shim/src/espi.c.obj
[nereid:ro] [213/402] Building C object modules/ec/zephyr/CMakeFiles/ec_shim.dir/shim/src/console_buffer.c.obj
[nereid:ro] [214/402] Building C object modules/ec/zephyr/CMakeFiles/ec_shim.dir/shim/src/host_command.c.obj
[nereid:ro] [215/402] Building C object modules/ec/zephyr/CMakeFiles/ec_shim.dir/shim/src/keyboard_raw.c.obj
[baze:ro] [10/353] Building C object zephyr/CMakeFiles/offsets.dir/arch/riscv/core/offsets/offsets.c.obj
[baze:rw] [10/353] Building C object zephyr/CMakeFiles/offsets.dir/arch/riscv/core/offsets/offsets.c.obj
[/mnt/host/source/src/platform/ec/build/zephyr/adlrvp_npcx-lcov] stderr:
[baze:ro] [11/353] Generating include/generated/zephyr/offsets.h
[nereid:ro] [216/402] Building C object modules/ec/zephyr/CMakeFiles/ec_shim.dir/shim/src/mkbp_event.c.obj
[baze:rw] [11/353] Generating include/generated/zephyr/offsets.h
[nereid:ro] [217/402] Building C object modules/ec/zephyr/CMakeFiles/ec_shim.dir/shim/src/motionsense_sensors.c.obj
[nereid:ro] [218/402] Building C object modules/ec/zephyr/CMakeFiles/ec_shim.dir/shim/src/panic.c.obj
[/mnt/host/source/src/platform/ec/build/zephyr/adlrvp_npcx-lcov]   /mnt/host/source/src/platform/ec/build/zephyr/adlrvp_npcx/build-ro/modules/ec/zephyr/CMakeFiles/ec_shim.dir/shim/src/thermal.c.gcno:no functions found
[/mnt/host/source/src/platform/ec/build/zephyr/adlrvp_npcx-lcov] stderr:
[nereid:ro] [219/402] Building C object modules/ec/zephyr/CMakeFiles/ec_shim.dir/shim/src/pwm_led.c.obj
[nereid:ro] [220/402] Building C object modules/ec/zephyr/CMakeFiles/ec_shim.dir/shim/src/pwm_hc.c.obj
[kaladin:rw] -- Board: it8xxx2, qualifiers: it82002bw
[nereid:ro] [221/402] Building C object modules/ec/zephyr/CMakeFiles/ec_shim.dir/shim/src/hwtimer.c.obj
[nereid:ro] [222/402] Building C object modules/ec/zephyr/CMakeFiles/ec_shim.dir/shim/src/thermal.c.obj
[/mnt/host/source/src/platform/ec/build/zephyr/adlrvp_npcx-lcov]   /mnt/host/source/src/platform/ec/build/zephyr/adlrvp_npcx/build-ro/modules/ec/zephyr/CMakeFiles/ec_shim.dir/shim/src/battery.c.gcno:no functions found
[/mnt/host/source/src/platform/ec/build/zephyr/adlrvp_npcx-lcov] stderr:
[/mnt/host/source/src/platform/ec/build/zephyr/adlrvp_npcx-lcov]   /mnt/host/source/src/platform/ec/build/zephyr/adlrvp_npcx/build-ro/modules/ec/zephyr/CMakeFiles/ec_shim.dir/shim/src/charger.c.gcno:no functions found
[/mnt/host/source/src/platform/ec/build/zephyr/adlrvp_npcx-lcov] stderr:
[baze:ro] [12/353] Building C object CMakeFiles/app.dir/mnt/host/source/src/platform/ec/zephyr/subsys/ap_pwrseq/ap_events.c.obj
[nereid:ro] [223/402] Building C object modules/ec/zephyr/CMakeFiles/ec_shim.dir/shim/src/temp_sensors.c.obj
[baze:rw] [12/353] Building C object CMakeFiles/app.dir/mnt/host/source/src/platform/ec/zephyr/subsys/ap_pwrseq/ap_events.c.obj
[nereid:ro] [224/402] Building C object modules/ec/zephyr/CMakeFiles/ec_shim.dir/shim/src/i2c.c.obj
[nereid:ro] [225/402] cd /mnt/host/source/src/platform/ec/build/zephyr/nereid/build-ro/modules/ec/zephyr && PYTHONPATH=/mnt/host/source/src/platform/ec/build/zephyr/nereid/modules/ec/zephyr/zmake/ /usr/bin/python3.11 /mnt/host/source/src/platform/ec/build/zephyr/nereid/modules/ec/zephyr/zmake/zephyr_build_tools/generate_ec_version.py /mnt/host/source/src/platform/ec/build/zephyr/nereid/build-ro/modules/ec/zephyr/include/ec_version.h --name Zephyr-Kernel --version 16543.0.0 --static
[nereid:ro] INFO:root:Using a static version string
[nereid:ro] INFO:root:Version string: Zephyr-Kernel-16543.0.0
[nereid:ro] INFO:root:Writing header to /mnt/host/source/src/platform/ec/build/zephyr/nereid/build-ro/modules/ec/zephyr/include/ec_version.h
[nereid:ro] [226/402] Building C object modules/ec/zephyr/CMakeFiles/ec_shim.dir/shim/src/tasks.c.obj
[nereid:ro] [227/402] Building C object modules/ec/zephyr/CMakeFiles/ec_shim.dir/shim/src/bc12.c.obj
[nereid:ro] [228/402] Building C object modules/ec/zephyr/CMakeFiles/ec_shim.dir/shim/src/watchdog.c.obj
[nereid:ro] [229/402] Building C object modules/ec/zephyr/CMakeFiles/ec_shim.dir/shim/src/bc12_pi3usb9201.c.obj
[nereid:ro] [230/402] Building C object modules/ec/zephyr/CMakeFiles/ec_shim.dir/shim/src/usba.c.obj
[nereid:ro] [231/402] Building C object modules/ec/zephyr/CMakeFiles/ec_shim.dir/shim/src/power_host_sleep_api.c.obj
[ptlrvp_mchp:ro] -- Found Dtc: /usr/bin/dtc (found suitable version "1.6.0", minimum required is "1.4.6")
[ptlrvp_mchp:ro] -- Found BOARD.dts: /mnt/host/source/src/platform/ec/zephyr/boards/google/mec172x/mec172x_mec172x_nsz_mec1727.dts
[ptlrvp_mchp:ro] -- Found devicetree overlay: /mnt/host/source/src/platform/ec/zephyr/program/intelrvp/ptlrvp/ptlrvp_mchp/project.overlay
[/mnt/host/source/src/platform/ec/build/zephyr/adlrvp_npcx-lcov]   /mnt/host/source/src/platform/ec/build/zephyr/adlrvp_npcx/build-ro/modules/ec/zephyr/CMakeFiles/ec_shim.dir/shim/src/usb_muxes.c.gcno:no functions found
[/mnt/host/source/src/platform/ec/build/zephyr/adlrvp_npcx-lcov] stderr:
[nereid:ro] [232/402] Building C object modules/ec/zephyr/CMakeFiles/ec_shim.dir/shim/src/usb_muxes.c.obj
[baze:ro] [13/353] Building C object CMakeFiles/app.dir/mnt/host/source/src/platform/ec/zephyr/subsys/pd_controller/pdc_pmc_debug.c.obj
[nereid:ro] [233/402] Building C object CMakeFiles/app.dir/mnt/host/source/src/platform/ec/zephyr/subsys/ap_pwrseq/ap_events.c.obj
[baze:rw] [13/353] Building C object CMakeFiles/app.dir/mnt/host/source/src/platform/ec/zephyr/subsys/pd_controller/pdc_pmc_debug.c.obj
[nereid:ro] [234/402] Building C object CMakeFiles/app.dir/mnt/host/source/src/platform/ec/zephyr/subsys/ap_pwrseq/ap_power_interface.c.obj
[nereid:ro] [235/402] Building C object CMakeFiles/app.dir/mnt/host/source/src/platform/ec/zephyr/subsys/ap_pwrseq/power_signals.c.obj
[nereid:ro] [236/402] Building C object CMakeFiles/app.dir/mnt/host/source/src/platform/ec/zephyr/subsys/ap_pwrseq/signal_vw.c.obj
[/mnt/host/source/src/platform/ec/build/zephyr/adlrvp_npcx-lcov]   /mnt/host/source/src/platform/ec/build/zephyr/adlrvp_npcx/build-ro/modules/ec/zephyr/CMakeFiles/ec_shim.dir/shim/src/bb_retimer_usb_mux.c.gcno:no functions found
[/mnt/host/source/src/platform/ec/build/zephyr/adlrvp_npcx-lcov] stderr:
[nereid:ro] [237/402] Building C object CMakeFiles/app.dir/mnt/host/source/src/platform/ec/zephyr/subsys/ap_pwrseq/signal_adc.c.obj
[nereid:ro] [238/402] Building C object CMakeFiles/app.dir/mnt/host/source/src/platform/ec/zephyr/subsys/ap_pwrseq/signal_gpio.c.obj
[kaladin:rw] -- Found Dtc: /usr/bin/dtc (found suitable version "1.6.0", minimum required is "1.4.6")
[kaladin:rw] -- Found BOARD.dts: /mnt/host/source/src/platform/ec/zephyr/boards/google/it8xxx2/it8xxx2_it82002bw.dts
[kaladin:rw] -- Found devicetree overlay: /mnt/host/source/src/platform/ec/zephyr/program/trulo/kaladin/project.overlay
[nereid:ro] [239/402] Building C object CMakeFiles/app.dir/mnt/host/source/src/platform/ec/zephyr/subsys/ap_pwrseq/power_host_sleep.c.obj
[nereid:ro] [240/402] Building C object CMakeFiles/app.dir/mnt/host/source/src/platform/ec/zephyr/subsys/ap_pwrseq/x86_non_dsx_chipset_power_state.c.obj
[nereid:ro] [241/402] Building C object CMakeFiles/app.dir/mnt/host/source/src/platform/ec/zephyr/subsys/ap_pwrseq/x86_non_dsx_common_pwrseq_sm_handler.c.obj
[/mnt/host/source/src/platform/ec/build/zephyr/lapis-lcov]   /mnt/host/source/src/platform/ec/build/zephyr/lapis/build-ro/zephyr/drivers/sensor/CMakeFiles/drivers__sensor.dir/mnt/host/source/src/third_party/zephyr/main/misc/empty_file.c.gcno:no functions found
[/mnt/host/source/src/platform/ec/build/zephyr/lapis-lcov] stderr:
[nereid:ro] [242/402] Building C object CMakeFiles/app.dir/mnt/host/source/src/platform/ec/zephyr/subsys/ap_pwrseq/x86_non_dsx_common_pwrseq_console.c.obj
[nereid:ro] [243/402] Building C object CMakeFiles/app.dir/mnt/host/source/src/platform/ec/zephyr/subsys/ap_pwrseq/x86_non_dsx_common_pwrseq_host_sleep.c.obj
[nereid:ro] [244/402] Building C object CMakeFiles/app.dir/mnt/host/source/src/platform/ec/zephyr/subsys/ap_pwrseq/x86_non_dsx_common_pwrseq_host_command.c.obj
[nereid:ro] [245/402] Building C object CMakeFiles/app.dir/mnt/host/source/src/platform/ec/zephyr/subsys/ap_pwrseq/x86_non_dsx_adlp_pwrseq_sm.c.obj
[nereid:ro] [246/402] Building C object CMakeFiles/app.dir/mnt/host/source/src/platform/ec/zephyr/subsys/ap_pwrseq/ap_reset_log.c.obj
[nereid:ro] [247/402] Building C object CMakeFiles/app.dir/mnt/host/source/src/platform/ec/build/zephyr/nereid/modules/ec/builtin/stdlib.c.obj
[nereid:ro] [248/402] Building C object CMakeFiles/app.dir/mnt/host/source/src/platform/ec/build/zephyr/nereid/modules/ec/common/base32.c.obj
[ptlrvp_mchp:ro] -- Generated zephyr.dts: /mnt/host/source/src/platform/ec/build/zephyr/ptlrvp_mchp/build-ro/zephyr/zephyr.dts
[ptlrvp_mchp:ro] -- Generated pickled edt: /mnt/host/source/src/platform/ec/build/zephyr/ptlrvp_mchp/build-ro/zephyr/edt.pickle
[nereid:ro] [249/402] Building C object CMakeFiles/app.dir/mnt/host/source/src/platform/ec/build/zephyr/nereid/modules/ec/common/console_output.c.obj
[nereid:ro] [250/402] Building C object CMakeFiles/app.dir/mnt/host/source/src/platform/ec/build/zephyr/nereid/modules/ec/common/ec_features.c.obj
[nereid:ro] [251/402] Building C object CMakeFiles/app.dir/mnt/host/source/src/platform/ec/build/zephyr/nereid/modules/ec/common/gpio_commands.c.obj
[nereid:ro] [252/402] Building C object CMakeFiles/app.dir/mnt/host/source/src/platform/ec/build/zephyr/nereid/modules/ec/common/printf.c.obj
[nereid:ro] [253/402] Building C object CMakeFiles/app.dir/mnt/host/source/src/platform/ec/build/zephyr/nereid/modules/ec/common/peripheral.c.obj
[nereid:ro] [254/402] Building C object CMakeFiles/app.dir/mnt/host/source/src/platform/ec/build/zephyr/nereid/modules/ec/common/queue.c.obj
[ptlrvp_mchp:ro] -- Generated devicetree_generated.h: /mnt/host/source/src/platform/ec/build/zephyr/ptlrvp_mchp/build-ro/zephyr/include/generated/zephyr/devicetree_generated.h
[baze:ro] [14/353] Building C object CMakeFiles/app.dir/mnt/host/source/src/platform/ec/zephyr/subsys/pd_controller/pdc_power_mgmt.c.obj
[baze:rw] [14/353] Building C object CMakeFiles/app.dir/mnt/host/source/src/platform/ec/zephyr/subsys/pd_controller/pdc_power_mgmt.c.obj
[nereid:ro] [255/402] Building C object CMakeFiles/app.dir/mnt/host/source/src/platform/ec/build/zephyr/nereid/modules/ec/common/system_boot_time.c.obj
[nereid:ro] [256/402] Building C object CMakeFiles/app.dir/mnt/host/source/src/platform/ec/build/zephyr/nereid/modules/ec/common/uart_printf.c.obj
[nereid:ro] [257/402] Building C object CMakeFiles/app.dir/mnt/host/source/src/platform/ec/build/zephyr/nereid/modules/ec/common/system.c.obj
[kaladin:rw] -- Generated zephyr.dts: /mnt/host/source/src/platform/ec/build/zephyr/kaladin/build-rw/zephyr/zephyr.dts
[kaladin:rw] -- Generated pickled edt: /mnt/host/source/src/platform/ec/build/zephyr/kaladin/build-rw/zephyr/edt.pickle
[nereid:ro] [258/402] Building C object CMakeFiles/app.dir/mnt/host/source/src/platform/ec/build/zephyr/nereid/modules/ec/common/util.c.obj
[nereid:ro] [259/402] Building C object CMakeFiles/app.dir/mnt/host/source/src/platform/ec/build/zephyr/nereid/modules/ec/common/version.c.obj
[nereid:ro] [260/402] Building C object CMakeFiles/app.dir/mnt/host/source/src/platform/ec/build/zephyr/nereid/modules/ec/common/power_button_x86.c.obj
[/mnt/host/source/src/platform/ec/build/zephyr/lapis-lcov]   /mnt/host/source/src/platform/ec/build/zephyr/lapis/build-ro/zephyr/drivers/interrupt_controller/CMakeFiles/drivers__interrupt_controller.dir/mnt/host/source/src/third_party/zephyr/main/misc/empty_file.c.gcno:no functions found
[/mnt/host/source/src/platform/ec/build/zephyr/lapis-lcov] stderr:
[nereid:ro] [261/402] Building C object CMakeFiles/app.dir/mnt/host/source/src/platform/ec/build/zephyr/nereid/modules/ec/driver/accelgyro_bmi_common.c.obj
[nereid:ro] [262/402] Building C object CMakeFiles/app.dir/mnt/host/source/src/platform/ec/build/zephyr/nereid/modules/ec/driver/accel_bma4xx.c.obj
[kaladin:rw] -- Generated devicetree_generated.h: /mnt/host/source/src/platform/ec/build/zephyr/kaladin/build-rw/zephyr/include/generated/zephyr/devicetree_generated.h
[nereid:ro] [263/402] Building C object CMakeFiles/app.dir/mnt/host/source/src/platform/ec/build/zephyr/nereid/modules/ec/common/motion_sense_fifo.c.obj
[baze:ro] [15/353] Building C object CMakeFiles/app.dir/mnt/host/source/src/platform/ec/zephyr/subsys/pd_controller/pdc_console.c.obj
[nereid:ro] [264/402] Building C object CMakeFiles/app.dir/mnt/host/source/src/platform/ec/build/zephyr/nereid/modules/ec/common/adc.c.obj
[nereid:ro] [265/402] Building C object CMakeFiles/app.dir/mnt/host/source/src/platform/ec/build/zephyr/nereid/modules/ec/driver/accelgyro_bmi3xx.c.obj
[/mnt/host/source/src/platform/ec/build/zephyr/lapis-lcov]   /mnt/host/source/src/platform/ec/build/zephyr/lapis/build-rw/modules/ec/zephyr/CMakeFiles/ec_shim.dir/shim/src/thermal.c.gcno:no functions found
[/mnt/host/source/src/platform/ec/build/zephyr/lapis-lcov] stderr:
[baze:rw] [15/353] Building C object CMakeFiles/app.dir/mnt/host/source/src/platform/ec/zephyr/subsys/pd_controller/pdc_console.c.obj
[nereid:ro] [266/402] Building C object CMakeFiles/app.dir/mnt/host/source/src/platform/ec/build/zephyr/nereid/modules/ec/common/backlight_lid.c.obj
[ptlrvp_mchp:ro] /mnt/host/source/src/platform/ec/build/zephyr/ptlrvp_mchp/build-ro/zephyr/zephyr.dts:3514.27-3519.5: Warning (unit_address_format): /it8801-mfd/gpiocr@0a: unit name should not have leading 0s
[ptlrvp_mchp:ro] /mnt/host/source/src/platform/ec/build/zephyr/ptlrvp_mchp/build-ro/zephyr/zephyr.dts:1380.31-1394.6: Warning (i2c_bus_reg): /soc/i2c@40004000/rvp-board-id: missing or empty reg property
[ptlrvp_mchp:ro] /mnt/host/source/src/platform/ec/build/zephyr/ptlrvp_mchp/build-ro/zephyr/zephyr.dts:2784.9-2792.5: Warning (gpios_property): /fans/fan_0: Missing property '#gpio-cells' in node /named-gpios/all-sys-pwrgd or bad phandle (referred from pgood-gpio[0])
[ptlrvp_mchp:ro] /mnt/host/source/src/platform/ec/build/zephyr/ptlrvp_mchp/build-ro/zephyr/zephyr.dts:2784.9-2792.5: Warning (gpios_property): /fans/fan_0: Missing property '#gpio-cells' in node /named-gpios/fan-pwr-disable or bad phandle (referred from enable-gpio[0])
[nereid:ro] [267/402] Building C object CMakeFiles/app.dir/mnt/host/source/src/platform/ec/build/zephyr/nereid/modules/ec/common/acpi.c.obj
[/mnt/host/source/src/platform/ec/build/zephyr/adlrvp_npcx-lcov]   /mnt/host/source/src/platform/ec/build/zephyr/adlrvp_npcx/build-ro/modules/ec/zephyr/CMakeFiles/ec_shim.dir/shim/src/keyscan.c.gcno:no functions found
[/mnt/host/source/src/platform/ec/build/zephyr/adlrvp_npcx-lcov] stderr:
[/mnt/host/source/src/platform/ec/build/zephyr/lapis-lcov]   /mnt/host/source/src/platform/ec/build/zephyr/lapis/build-rw/modules/ec/zephyr/CMakeFiles/ec_shim.dir/shim/src/battery.c.gcno:no functions found
[/mnt/host/source/src/platform/ec/build/zephyr/lapis-lcov] stderr:
[nereid:ro] [268/402] Building C object CMakeFiles/app.dir/mnt/host/source/src/platform/ec/build/zephyr/nereid/modules/ec/common/battery.c.obj
[nereid:ro] [269/402] Building C object CMakeFiles/app.dir/mnt/host/source/src/platform/ec/build/zephyr/nereid/modules/ec/common/battery_info.c.obj
[nereid:ro] [270/402] Building C object CMakeFiles/app.dir/mnt/host/source/src/platform/ec/build/zephyr/nereid/modules/ec/common/battery_fuel_gauge.c.obj
[nereid:ro] [271/402] Building C object CMakeFiles/app.dir/mnt/host/source/src/platform/ec/build/zephyr/nereid/modules/ec/driver/battery/smart.c.obj
[baze:ro] [16/353] Building C object CMakeFiles/app.dir/mnt/host/source/src/platform/ec/zephyr/subsys/pd_controller/pdc_host_cmd.c.obj
[nereid:ro] [272/402] Building C object CMakeFiles/app.dir/mnt/host/source/src/platform/ec/build/zephyr/nereid/modules/ec/driver/bc12/pi3usb9201.c.obj
[nereid:ro] [273/402] Building C object CMakeFiles/app.dir/mnt/host/source/src/platform/ec/build/zephyr/nereid/modules/ec/driver/charger/sm5803.c.obj
[nereid:ro] [274/402] Building C object CMakeFiles/app.dir/mnt/host/source/src/platform/ec/build/zephyr/nereid/modules/ec/common/charger.c.obj
[kaladin:rw] /mnt/host/source/src/platform/ec/build/zephyr/kaladin/build-rw/zephyr/zephyr.dts:1325.27-2022.5: Warning (avoid_unnecessary_addr_size): /soc/pin-controller: unnecessary #address-cells/#size-cells without "ranges" or child "reg" property
[baze:rw] [16/353] Building C object CMakeFiles/app.dir/mnt/host/source/src/platform/ec/zephyr/subsys/pd_controller/pdc_host_cmd.c.obj
[/mnt/host/source/src/platform/ec/build/zephyr/lapis-lcov]   /mnt/host/source/src/platform/ec/build/zephyr/lapis/build-rw/modules/ec/zephyr/CMakeFiles/ec_shim.dir/shim/src/charger.c.gcno:no functions found
[/mnt/host/source/src/platform/ec/build/zephyr/lapis-lcov] stderr:
[nereid:ro] [275/402] Building C object CMakeFiles/app.dir/mnt/host/source/src/platform/ec/build/zephyr/nereid/modules/ec/common/charge_state.c.obj
[nereid:ro] [276/402] Building C object CMakeFiles/app.dir/mnt/host/source/src/platform/ec/build/zephyr/nereid/modules/ec/common/cbi_common.c.obj
[nereid:ro] [277/402] Building C object CMakeFiles/app.dir/mnt/host/source/src/platform/ec/build/zephyr/nereid/modules/ec/common/ocpc.c.obj
[nereid:ro] [278/402] Building C object CMakeFiles/app.dir/mnt/host/source/src/platform/ec/build/zephyr/nereid/modules/ec/common/cbi.c.obj
[nereid:ro] [279/402] Building C object CMakeFiles/app.dir/mnt/host/source/src/platform/ec/build/zephyr/nereid/modules/ec/common/charge_manager.c.obj
[nereid:ro] [280/402] Building C object CMakeFiles/app.dir/mnt/host/source/src/platform/ec/build/zephyr/nereid/modules/ec/common/cbi_config.c.obj
[baze:ro] [17/353] Building C object CMakeFiles/app.dir/mnt/host/source/src/platform/ec/zephyr/subsys/pd_controller/pdc_stub.c.obj
[nereid:ro] [281/402] Building C object CMakeFiles/app.dir/mnt/host/source/src/platform/ec/build/zephyr/nereid/modules/ec/common/memory_commands.c.obj
[baze:rw] [17/353] Building C object CMakeFiles/app.dir/mnt/host/source/src/platform/ec/zephyr/subsys/pd_controller/pdc_stub.c.obj
[nereid:ro] [282/402] Building C object CMakeFiles/app.dir/mnt/host/source/src/platform/ec/build/zephyr/nereid/modules/ec/common/dptf.c.obj
[nereid:ro] [283/402] Building C object CMakeFiles/app.dir/mnt/host/source/src/platform/ec/build/zephyr/nereid/modules/ec/common/ap_reset_log.c.obj
[nereid:ro] [284/402] Building C object CMakeFiles/app.dir/mnt/host/source/src/platform/ec/build/zephyr/nereid/modules/ec/common/espi.c.obj
[nereid:ro] [285/402] Building C object CMakeFiles/app.dir/mnt/host/source/src/platform/ec/build/zephyr/nereid/modules/ec/common/extpower_common.c.obj
[nereid:ro] [286/402] Building C object CMakeFiles/app.dir/mnt/host/source/src/platform/ec/build/zephyr/nereid/modules/ec/common/host_command.c.obj
[nereid:ro] [287/402] Building C object CMakeFiles/app.dir/mnt/host/source/src/platform/ec/build/zephyr/nereid/modules/ec/common/host_command_task.c.obj
[nereid:ro] [288/402] Building C object CMakeFiles/app.dir/mnt/host/source/src/platform/ec/build/zephyr/nereid/modules/ec/common/flash.c.obj
[baze:ro] [18/353] Building C object CMakeFiles/app.dir/mnt/host/source/src/platform/ec/zephyr/subsys/pd_controller/pdc_dpm.c.obj
[nereid:ro] [289/402] Building C object CMakeFiles/app.dir/mnt/host/source/src/platform/ec/build/zephyr/nereid/modules/ec/common/host_event_commands.c.obj
[nereid:ro] [290/402] Building C object CMakeFiles/app.dir/mnt/host/source/src/platform/ec/build/zephyr/nereid/modules/ec/common/uart_hostcmd.c.obj
[nereid:ro] [291/402] Building C object CMakeFiles/app.dir/mnt/host/source/src/platform/ec/build/zephyr/nereid/modules/ec/common/uptime.c.obj
[nereid:ro] [292/402] Building C object CMakeFiles/app.dir/mnt/host/source/src/platform/ec/build/zephyr/nereid/modules/ec/common/i2c_controller.c.obj
[baze:rw] [18/353] Building C object CMakeFiles/app.dir/mnt/host/source/src/platform/ec/zephyr/subsys/pd_controller/pdc_dpm.c.obj
[/mnt/host/source/src/platform/ec/build/zephyr/pirrha-lcov]   /mnt/host/source/src/platform/ec/build/zephyr/pirrha/build-rw/zephyr/CMakeFiles/zephyr.dir/soc/ite/ec/it8xxx2/check_regs.c.gcno:no functions found
[/mnt/host/source/src/platform/ec/build/zephyr/pirrha-lcov] stderr:
[nereid:ro] [293/402] Building C object CMakeFiles/app.dir/mnt/host/source/src/platform/ec/build/zephyr/nereid/modules/ec/common/i2c_passthru.c.obj
[ptlrvp_mchp:ro] warning: Deprecated symbol I2C_ALLOW_NO_STOP_TRANSACTIONS is enabled.
[/mnt/host/source/src/platform/ec/build/zephyr/lapis-lcov]   /mnt/host/source/src/platform/ec/build/zephyr/lapis/build-rw/modules/ec/zephyr/CMakeFiles/ec_shim.dir/shim/src/usba.c.gcno:no functions found
[/mnt/host/source/src/platform/ec/build/zephyr/lapis-lcov] stderr:
[nereid:ro] [294/402] Building C object CMakeFiles/app.dir/mnt/host/source/src/platform/ec/build/zephyr/nereid/modules/ec/common/keyboard_8042_sharedlib.c.obj
[nereid:ro] [295/402] Building C object CMakeFiles/app.dir/mnt/host/source/src/platform/ec/build/zephyr/nereid/modules/ec/common/keyboard_scan.c.obj
[nereid:ro] [296/402] Building C object CMakeFiles/app.dir/mnt/host/source/src/platform/ec/build/zephyr/nereid/modules/ec/common/keyboard_8042.c.obj
[nereid:ro] [297/402] Building C object CMakeFiles/app.dir/mnt/host/source/src/platform/ec/build/zephyr/nereid/modules/ec/common/mkbp_fifo.c.obj
[nereid:ro] [298/402] Building C object CMakeFiles/app.dir/mnt/host/source/src/platform/ec/build/zephyr/nereid/modules/ec/common/mkbp_info.c.obj
[baze:ro] [19/353] Building C object CMakeFiles/app.dir/mnt/host/source/src/platform/ec/zephyr/subsys/ucsi/ppm_common.c.obj
[nereid:ro] [299/402] Building C object CMakeFiles/app.dir/mnt/host/source/src/platform/ec/build/zephyr/nereid/modules/ec/common/mkbp_input_devices.c.obj
[ptlrvp_mchp:ro] Parsing /mnt/host/source/src/platform/ec/zephyr/program/intelrvp/Kconfig
[nereid:ro] [300/402] Building C object CMakeFiles/app.dir/mnt/host/source/src/platform/ec/build/zephyr/nereid/modules/ec/common/keyboard_backlight.c.obj
[kaladin:rw] warning: USBC_PDC_RTS54XX_CONSOLE_FW_UPDATER (defined at
[kaladin:rw] /mnt/host/source/src/platform/ec/zephyr/drivers/usbc/Kconfig:72) was assigned the value 'y' but got
[kaladin:rw] the value 'n'. Check these unsatisfied dependencies: PLATFORM_EC_SYSTEM_UNLOCKED (=n). See
[kaladin:rw] http://docs.zephyrproject.org/latest/kconfig.html#CONFIG_USBC_PDC_RTS54XX_CONSOLE_FW_UPDATER and/or
[kaladin:rw] look up USBC_PDC_RTS54XX_CONSOLE_FW_UPDATER in the menuconfig/guiconfig interface. The Application
[kaladin:rw] Development Primer, Setting Configuration Values, and Kconfig - Tips and Best Practices sections of
[kaladin:rw] the manual might be helpful too.
[kaladin:rw] warning: Deprecated symbol I2C_ALLOW_NO_STOP_TRANSACTIONS is enabled.
[nereid:ro] [301/402] Building C object CMakeFiles/app.dir/mnt/host/source/src/platform/ec/build/zephyr/nereid/modules/ec/common/led_common.c.obj
[/mnt/host/source/src/platform/ec/build/zephyr/squirtle-lcov]   /mnt/host/source/src/platform/ec/build/zephyr/squirtle/build-rw/zephyr/CMakeFiles/zephyr.dir/soc/nuvoton/npcx/common/npcxn/registers.c.gcno:no functions found
[/mnt/host/source/src/platform/ec/build/zephyr/squirtle-lcov] Filter suppressions 'region':
[baze:rw] [19/353] Building C object CMakeFiles/app.dir/mnt/host/source/src/platform/ec/zephyr/subsys/ucsi/ppm_common.c.obj
[nereid:ro] [302/402] Building C object CMakeFiles/app.dir/mnt/host/source/src/platform/ec/build/zephyr/nereid/modules/ec/common/led_pwm.c.obj
[nereid:ro] [303/402] Building C object CMakeFiles/app.dir/mnt/host/source/src/platform/ec/build/zephyr/nereid/modules/ec/common/motion_lid.c.obj
[/mnt/host/source/src/platform/ec/build/zephyr/squirtle-lcov]     35 instances
[/mnt/host/source/src/platform/ec/build/zephyr/squirtle-lcov]     20 coverpoints
[/mnt/host/source/src/platform/ec/build/zephyr/squirtle-lcov] Message summary:
[/mnt/host/source/src/platform/ec/build/zephyr/squirtle-lcov]   31 ignore messages:
[/mnt/host/source/src/platform/ec/build/zephyr/squirtle-lcov]     gcov: 31
[nereid:ro] [304/402] Building C object CMakeFiles/app.dir/mnt/host/source/src/platform/ec/build/zephyr/nereid/modules/ec/common/lid_angle.c.obj
[nereid:ro] [305/402] Building C object CMakeFiles/app.dir/mnt/host/source/src/platform/ec/build/zephyr/nereid/modules/ec/common/led_onoff_states.c.obj
[nereid:ro] [306/402] Building C object CMakeFiles/app.dir/mnt/host/source/src/platform/ec/build/zephyr/nereid/modules/ec/common/lid_angle_keyboard_policy.c.obj
[/mnt/host/source/src/platform/ec/build/zephyr/adlrvp_npcx-lcov]   /mnt/host/source/src/platform/ec/build/zephyr/adlrvp_npcx/build-ro/CMakeFiles/app.dir/mnt/host/source/src/platform/ec/build/zephyr/adlrvp_npcx/modules/ec/common/usb_pd_pdo.c.gcno:no functions found
[/mnt/host/source/src/platform/ec/build/zephyr/adlrvp_npcx-lcov] stderr:
[kaladin:rw] Parsing /mnt/host/source/src/platform/ec/zephyr/program/trulo/Kconfig
[nereid:ro] [307/402] Building C object CMakeFiles/app.dir/mnt/host/source/src/platform/ec/build/zephyr/nereid/modules/ec/common/lid_switch.c.obj
[baze:ro] [20/353] Building C object CMakeFiles/app.dir/mnt/host/source/src/platform/ec/zephyr/subsys/ucsi/ppm_console.c.obj
[nereid:ro] [308/402] Building C object CMakeFiles/app.dir/mnt/host/source/src/platform/ec/build/zephyr/nereid/modules/ec/common/mkbp_event.c.obj
[ptlrvp_mchp:ro] Loaded configuration '/mnt/host/source/src/platform/ec/zephyr/boards/google/mec172x/mec172x_mec172x_nsz_mec1727_defconfig'
[ptlrvp_mchp:ro] Merged configuration '/mnt/host/source/src/platform/ec/zephyr/program/intelrvp/program.conf'
[ptlrvp_mchp:ro] Merged configuration '/mnt/host/source/src/platform/ec/zephyr/program/intelrvp/ptlrvp/program.conf'
[ptlrvp_mchp:ro] Merged configuration '/mnt/host/source/src/platform/ec/zephyr/program/intelrvp/ptlrvp/ptlrvp_mchp/project.conf'
[ptlrvp_mchp:ro] Merged configuration '/mnt/host/source/src/platform/ec/zephyr/program/intelrvp/ptlrvp/pd.conf'
[ptlrvp_mchp:ro] Merged configuration '/mnt/host/source/src/platform/ec/zephyr/program/intelrvp/zephyr_ap_pwrseq.conf'
[ptlrvp_mchp:ro] Merged configuration '/mnt/host/source/src/platform/ec/build/zephyr/ptlrvp_mchp/kconfig-ro.conf'
[ptlrvp_mchp:ro] Configuration saved to '/mnt/host/source/src/platform/ec/build/zephyr/ptlrvp_mchp/build-ro/zephyr/.config'
[ptlrvp_mchp:ro] Kconfig header saved to '/mnt/host/source/src/platform/ec/build/zephyr/ptlrvp_mchp/build-ro/zephyr/include/generated/zephyr/autoconf.h'
[ptlrvp_mchp:ro] -- Found GnuLd: /home/jpmurphy/.cache/coreboot-sdk/arm-eabi/ea40ddd1d190c3b48435c474c0b545719371813a/arm-eabi/bin/ld.bfd (found version "2.43.1")
[nereid:ro] [309/402] Building C object CMakeFiles/app.dir/mnt/host/source/src/platform/ec/build/zephyr/nereid/modules/ec/common/port80.c.obj
[nereid:ro] [310/402] Building C object CMakeFiles/app.dir/mnt/host/source/src/platform/ec/build/zephyr/nereid/modules/ec/common/motion_sense.c.obj
[ptlrvp_mchp:ro] -- The C compiler identification is GNU 14.2.0
[baze:rw] [20/353] Building C object CMakeFiles/app.dir/mnt/host/source/src/platform/ec/zephyr/subsys/ucsi/ppm_console.c.obj
[nereid:ro] [311/402] Building C object CMakeFiles/app.dir/mnt/host/source/src/platform/ec/build/zephyr/nereid/modules/ec/common/power_button.c.obj
[nereid:ro] [312/402] Building C object CMakeFiles/app.dir/mnt/host/source/src/platform/ec/build/zephyr/nereid/modules/ec/power/hibernate.c.obj
[nereid:ro] [313/402] Building C object CMakeFiles/app.dir/mnt/host/source/src/platform/ec/build/zephyr/nereid/modules/ec/driver/sha256/sha256_it8xxx2.c.obj
[nereid:ro] [314/402] Building C object CMakeFiles/app.dir/mnt/host/source/src/platform/ec/build/zephyr/nereid/modules/ec/common/panic_output.c.obj
[ptlrvp_mchp:ro] -- The CXX compiler identification is GNU 14.2.0
[baze:rw] [21/353] Building C object CMakeFiles/app.dir/mnt/host/source/src/platform/ec/zephyr/subsys/ucsi/ppm_driver.c.obj
[ptlrvp_mchp:ro] -- The ASM compiler identification is GNU
[ptlrvp_mchp:ro] -- Found assembler: /home/jpmurphy/.cache/coreboot-sdk/arm-eabi/ea40ddd1d190c3b48435c474c0b545719371813a/bin/arm-eabi-gcc
[nereid:ro] [315/402] Building C object CMakeFiles/app.dir/mnt/host/source/src/platform/ec/build/zephyr/nereid/modules/ec/common/shared_mem.c.obj
[kaladin:rw] INFOSetting TOOLCHAIN_HAS_PICOLIBC to support full build.
[ptlrvp_mchp:ro] CMake Warning at /mnt/host/source/src/platform/ec/zephyr/cmake/linker/ld/linker_libraries.cmake:11 (message):
[ptlrvp_mchp:ro]   Disabling c_library
[kaladin:rw] Loaded configuration '/mnt/host/source/src/platform/ec/zephyr/boards/google/it8xxx2/it8xxx2_it82002bw_defconfig'
[kaladin:rw] Merged configuration '/mnt/host/source/src/platform/ec/zephyr/program/trulo/ite.conf'
[kaladin:rw] Merged configuration '/mnt/host/source/src/platform/ec/zephyr/program/trulo/ite_program.conf'
[kaladin:rw] Merged configuration '/mnt/host/source/src/platform/ec/zephyr/program/trulo/kaladin/project.conf'
[kaladin:rw] Merged configuration '/mnt/host/source/src/platform/ec/zephyr/program/trulo/dsp_comms.conf'
[kaladin:rw] Merged configuration '/mnt/host/source/src/platform/ec/build/zephyr/kaladin/kconfig-rw.conf'
[kaladin:rw] Configuration saved to '/mnt/host/source/src/platform/ec/build/zephyr/kaladin/build-rw/zephyr/.config'
[kaladin:rw] Kconfig header saved to '/mnt/host/source/src/platform/ec/build/zephyr/kaladin/build-rw/zephyr/include/generated/zephyr/autoconf.h'
[kaladin:rw] -- Found GnuLd: /home/jpmurphy/.cache/coreboot-sdk/riscv64-elf/96b949749225b6aaa92ed810ab769e8dfb12f000/riscv64-elf/bin/ld.bfd (found version "2.43.1")
[nereid:ro] [316/402] Building C object CMakeFiles/app.dir/mnt/host/source/src/platform/ec/build/zephyr/nereid/modules/ec/common/switch.c.obj
[baze:ro] [21/353] Building C object CMakeFiles/app.dir/mnt/host/source/src/platform/ec/zephyr/subsys/ucsi/ppm_driver.c.obj
[nereid:ro] [317/402] Building C object CMakeFiles/app.dir/mnt/host/source/src/platform/ec/build/zephyr/nereid/modules/ec/common/tablet_mode.c.obj
[kaladin:rw] -- The C compiler identification is GNU 14.2.0
[nereid:ro] [318/402] Building C object CMakeFiles/app.dir/mnt/host/source/src/platform/ec/build/zephyr/nereid/modules/ec/common/thermal.c.obj
[nereid:ro] [319/402] Building C object CMakeFiles/app.dir/mnt/host/source/src/platform/ec/build/zephyr/nereid/modules/ec/common/temp_sensor.c.obj
[nereid:ro] [320/402] Building C object CMakeFiles/app.dir/mnt/host/source/src/platform/ec/build/zephyr/nereid/modules/ec/common/timer.c.obj
[nereid:ro] [321/402] Building C object CMakeFiles/app.dir/mnt/host/source/src/platform/ec/build/zephyr/nereid/modules/ec/driver/temp_sensor/thermistor.c.obj
[baze:rw] [22/353] Building C object CMakeFiles/app.dir/mnt/host/source/src/platform/ec/zephyr/subsys/ucsi/ucsi_host_cmd.c.obj
[kaladin:rw] -- The CXX compiler identification is GNU 14.2.0
[nereid:ro] [322/402] Building C object CMakeFiles/app.dir/mnt/host/source/src/platform/ec/build/zephyr/nereid/modules/ec/common/throttle_ap.c.obj
[baze:rw] [23/353] Building C object CMakeFiles/app.dir/mnt/host/source/src/platform/ec/build/zephyr/baze/modules/ec/builtin/stdlib.c.obj
[kaladin:rw] -- The ASM compiler identification is GNU
[nereid:ro] [323/402] Building C object CMakeFiles/app.dir/mnt/host/source/src/platform/ec/build/zephyr/nereid/modules/ec/common/usb_charger.c.obj
[kaladin:rw] -- Found assembler: /home/jpmurphy/.cache/coreboot-sdk/riscv64-elf/96b949749225b6aaa92ed810ab769e8dfb12f000/bin/riscv64-elf-gcc
[ptlrvp_mchp:ro] -- Performing EC specific devicetree checks
[kaladin:rw] INFOSetting TOOLCHAIN_HAS_NEWLIB to support full build.
[kaladin:rw] CMake Warning at /mnt/host/source/src/platform/ec/zephyr/cmake/linker/ld/linker_libraries.cmake:11 (message):
[nereid:ro] [324/402] Building C object CMakeFiles/app.dir/mnt/host/source/src/platform/ec/build/zephyr/nereid/modules/ec/common/usb_port_power_smart.c.obj
[ptlrvp_mchp:ro] Call Stack (most recent call first):
[ptlrvp_mchp:ro]   /mnt/host/source/src/third_party/zephyr/main/cmake/target_toolchain_flags.cmake:48 (include)
[ptlrvp_mchp:ro]   /mnt/host/source/src/third_party/zephyr/main/cmake/modules/kernel.cmake:153 (include)
[ptlrvp_mchp:ro]   /mnt/host/source/src/third_party/zephyr/main/cmake/modules/zephyr_default.cmake:138 (include)
[ptlrvp_mchp:ro]   /mnt/host/source/src/third_party/zephyr/main/share/zephyr-package/cmake/ZephyrConfig.cmake:66 (include)
[ptlrvp_mchp:ro]   /mnt/host/source/src/third_party/zephyr/main/share/zephyr-package/cmake/ZephyrConfig.cmake:97 (include_boilerplate)
[ptlrvp_mchp:ro]   CMakeLists.txt:7 (find_package)
[ptlrvp_mchp:ro] INFO: Verified 125 GPIOs, no duplicates found
[ptlrvp_mchp:ro] INFO: Verified 18 '*-gpios' properties, all flags match.
[ptlrvp_mchp:ro] INFO: Skipped 9 named-gpios children.
[nereid:ro] [325/402] Building C object CMakeFiles/app.dir/mnt/host/source/src/platform/ec/build/zephyr/nereid/modules/ec/common/typec_control.c.obj
[baze:ro] [22/353] Building C object CMakeFiles/app.dir/mnt/host/source/src/platform/ec/zephyr/subsys/ucsi/ucsi_host_cmd.c.obj
[ptlrvp_mchp:ro] -- Generating component manifest file
[baze:rw] [24/353] Building C object CMakeFiles/app.dir/mnt/host/source/src/platform/ec/build/zephyr/baze/modules/ec/common/base32.c.obj
[nereid:ro] [326/402] Building C object CMakeFiles/app.dir/mnt/host/source/src/platform/ec/build/zephyr/nereid/modules/ec/common/usb_pd_pdo.c.obj
[nereid:ro] [327/402] Building C object CMakeFiles/app.dir/mnt/host/source/src/platform/ec/build/zephyr/nereid/modules/ec/common/usb_common.c.obj
[nereid:ro] [328/402] Building C object CMakeFiles/app.dir/mnt/host/source/src/platform/ec/build/zephyr/nereid/modules/ec/common/usbc/usbc_task.c.obj
[nereid:ro] [329/402] Building C object CMakeFiles/app.dir/mnt/host/source/src/platform/ec/build/zephyr/nereid/modules/ec/common/usbc/usb_pd_timer.c.obj
[ptlrvp_mchp:ro] INFO: Running CME, outputting to /mnt/host/source/src/platform/ec/build/zephyr/ptlrvp_mchp/build-ro/zephyr/component_manifest.json
[ptlrvp_mchp:ro] INFO: Project ptlrvp_mchp does not support SSFC
[ptlrvp_mchp:ro] INFO: No motionsense-sensor node found
[ptlrvp_mchp:ro] -- warning_base_override: -Wall;-Wformat;-Wformat-security;-Wformat;-Wno-format-zero-length;-Wno-pointer-sign;-Wpointer-arith;-Wexpansion-to-defined
[nereid:ro] [330/402] Building C object CMakeFiles/app.dir/mnt/host/source/src/platform/ec/build/zephyr/nereid/modules/ec/common/usbc/usb_sm.c.obj
[nereid:ro] [331/402] Building C object CMakeFiles/app.dir/mnt/host/source/src/platform/ec/build/zephyr/nereid/modules/ec/common/usbc_intr_task.c.obj
[baze:rw] [25/353] Building C object CMakeFiles/app.dir/mnt/host/source/src/platform/ec/build/zephyr/baze/modules/ec/common/console_output.c.obj
[nereid:ro] [332/402] Building C object CMakeFiles/app.dir/mnt/host/source/src/platform/ec/build/zephyr/nereid/modules/ec/common/usbc_utils.c.obj
[ptlrvp_mchp:ro] -- Found gen_kobject_list: /mnt/host/source/src/third_party/zephyr/main/scripts/build/gen_kobject_list.py
[nereid:ro] [333/402] Building C object CMakeFiles/app.dir/mnt/host/source/src/platform/ec/build/zephyr/nereid/modules/ec/common/usb_pd_flags.c.obj
[baze:ro] [23/353] Building C object CMakeFiles/app.dir/mnt/host/source/src/platform/ec/build/zephyr/baze/modules/ec/builtin/stdlib.c.obj
[ptlrvp_mchp:ro] CMake Warning at /mnt/host/source/src/third_party/zephyr/main/CMakeLists.txt:2359 (message):
[ptlrvp_mchp:ro]   __ASSERT() statements are globally ENABLED
[kaladin:rw] -- Using ccache: /usr/bin/ccache
[kaladin:rw] -- Performing EC specific devicetree checks
[nereid:ro] [334/402] Building C object CMakeFiles/app.dir/mnt/host/source/src/platform/ec/build/zephyr/nereid/modules/ec/common/chargen.c.obj
[ptlrvp_mchp:ro] Loading Zephyr default modules (Zephyr base (cached)).
[ptlrvp_mchp:ro] -- Configuring done (15.6s)
[nereid:ro] [335/402] Building C object CMakeFiles/app.dir/mnt/host/source/src/platform/ec/build/zephyr/nereid/modules/ec/common/usbc/usb_pd_console.c.obj
[kaladin:rw]   Disabling c_library
[kaladin:rw] Call Stack (most recent call first):
[kaladin:rw]   /mnt/host/source/src/third_party/zephyr/main/cmake/target_toolchain_flags.cmake:48 (include)
[kaladin:rw]   /mnt/host/source/src/third_party/zephyr/main/cmake/modules/kernel.cmake:153 (include)
[kaladin:rw]   /mnt/host/source/src/third_party/zephyr/main/cmake/modules/zephyr_default.cmake:138 (include)
[kaladin:rw]   /mnt/host/source/src/third_party/zephyr/main/share/zephyr-package/cmake/ZephyrConfig.cmake:66 (include)
[kaladin:rw]   /mnt/host/source/src/third_party/zephyr/main/share/zephyr-package/cmake/ZephyrConfig.cmake:97 (include_boilerplate)
[kaladin:rw]   CMakeLists.txt:6 (find_package)
[kaladin:rw] INFOSetting c++_library to libstdc++ install path
[kaladin:rw] INFOSetting c_library to picolibc install path
[kaladin:rw] INFO: Verified 48 GPIOs, no duplicates found
[baze:rw] [26/353] Building C object CMakeFiles/app.dir/mnt/host/source/src/platform/ec/build/zephyr/baze/modules/ec/common/ec_features.c.obj
[nereid:ro] [336/402] Building C object CMakeFiles/app.dir/mnt/host/source/src/platform/ec/build/zephyr/nereid/modules/ec/driver/usb_mux/virtual.c.obj
[kaladin:rw] -- Generating component manifest file
[nereid:ro] [337/402] Building C object CMakeFiles/app.dir/mnt/host/source/src/platform/ec/build/zephyr/nereid/modules/ec/driver/usb_mux/usb_mux.c.obj
[baze:rw] [27/353] Building C object CMakeFiles/app.dir/mnt/host/source/src/platform/ec/build/zephyr/baze/modules/ec/common/gpio_commands.c.obj
[nereid:ro] [338/402] Building C object CMakeFiles/app.dir/mnt/host/source/src/platform/ec/build/zephyr/nereid/modules/ec/common/usbc/usb_tc_drp_acc_trysrc_sm.c.obj
[ptlrvp_mchp:ro] -- Generating done (0.6s)
[ptlrvp_mchp:ro] CMake Warning:
[ptlrvp_mchp:ro] -- Build files have been written to: /mnt/host/source/src/platform/ec/build/zephyr/ptlrvp_mchp/build-ro
[nereid:ro] [339/402] Building C object CMakeFiles/app.dir/mnt/host/source/src/platform/ec/build/zephyr/nereid/modules/ec/common/usbc/usb_prl_sm.c.obj
[kaladin:rw] INFO: Verified 16 '*-gpios' properties, all flags match.
[kaladin:rw] INFO: Skipped 18 named-gpios children.
[kaladin:rw] INFO: Running CME, outputting to /mnt/host/source/src/platform/ec/build/zephyr/kaladin/build-rw/zephyr/component_manifest.json
[kaladin:rw] INFO: Project kaladin does not support SSFC
[kaladin:rw] INFO: No motionsense-sensor node found
[baze:ro] [24/353] Building C object CMakeFiles/app.dir/mnt/host/source/src/platform/ec/build/zephyr/baze/modules/ec/common/base32.c.obj
[nereid:ro] [340/402] Building C object CMakeFiles/app.dir/mnt/host/source/src/platform/ec/build/zephyr/nereid/modules/ec/common/usbc/usb_pd_dpm.c.obj
[ptlrvp_mchp:ro]   Manually-specified variables were not used by the project:
[ptlrvp_mchp:ro]     COREBOOT_SDK_ROOT_libstdcxx_riscv64
[ptlrvp_mchp:ro]     COREBOOT_SDK_ROOT_libstdcxx_x86
[ptlrvp_mchp:ro]     COREBOOT_SDK_ROOT_nds32
[ptlrvp_mchp:ro]     COREBOOT_SDK_ROOT_picolibc_riscv64
[ptlrvp_mchp:ro]     COREBOOT_SDK_ROOT_picolibc_x86
[ptlrvp_mchp:ro]     COREBOOT_SDK_ROOT_riscv
[ptlrvp_mchp:ro]     COREBOOT_SDK_ROOT_riscv64
[ptlrvp_mchp:ro]     COREBOOT_SDK_ROOT_x86
[kaladin:ro] Configuring.
Running `env -i PYTHONPATH=/usr/lib64/python-exec/python3.11:/mnt/host/source/src/platform/ec/zephyr/zmake:/usr/lib/python311.zip:/usr/lib/python3.11:/usr/lib/python3.11/lib-dynload:/usr/lib/python3.11/site-packages PW_PIGWEED_CIPD_INSTALL_DIR=/usr CROSTC_USER_ACKNOWLEDGES_THAT_RISCV_IS_EXPERIMENTAL=1 PATH=/mnt/host/source/chromite/bin:/usr/local/bin:/usr/bin:/bin:/opt/bin:/mnt/host/source/chromite/sdk/bin:/mnt/host/source/chromite/bin HOME=/home/jpmurphy JAVA_HOME=/etc/java-config-2/current-system-vm JDK_HOME=/etc/java-config-2/current-system-vm JAVAC=/etc/java-config-2/current-system-vm/bin/javac MAKEFLAGS=' -j16 --jobserver-auth=5,6' /usr/bin/cmake -S /mnt/host/source/src/platform/ec/zephyr/program/trulo -B /mnt/host/source/src/platform/ec/build/zephyr/kaladin/build-ro -GNinja -DCMAKE_EXPORT_COMPILE_COMMANDS=ON -DZEPHYR_BASE=/mnt/host/source/src/third_party/zephyr/main -DZMAKE_INCLUDE_DIR=/mnt/host/source/src/platform/ec/build/zephyr/kaladin/include -DPython3_EXECUTABLE=/usr/bin/python3.11 -DDTS_ROOT=/mnt/host/source/src/platform/ec/zephyr -DSYSCALL_INCLUDE_DIRS=/mnt/host/source/src/platform/ec/zephyr/include/drivers -DUSER_CACHE_DIR=/mnt/host/source/src/platform/ec/build/zephyr/user-cache -DPW_ROOT=/mnt/host/source/src/third_party/pigweed -DNANOPB_DIR=/mnt/host/source/src/third_party/zephyr/nanopb '-DEXTRA_EC_VERSION_FLAGS=--version 16543.0.0 --static' -DTOOLCHAIN_ROOT=/mnt/host/source/src/platform/ec/zephyr -DCOREBOOT_SDK_ROOT_x86=/home/jpmurphy/.cache/coreboot-sdk/i386-elf/dfbb0486385d938cfa9d73080b9d18d598ed4f49 -DCOREBOOT_SDK_ROOT_picolibc_x86=/home/jpmurphy/.cache/coreboot-sdk/picolibc-i386-elf/eb8e8e687b95461de8cbf278f1c2076952d0ad17 -DCOREBOOT_SDK_ROOT_riscv64=/home/jpmurphy/.cache/coreboot-sdk/riscv64-elf/96b949749225b6aaa92ed810ab769e8dfb12f000 -DCOREBOOT_SDK_ROOT_picolibc_arm=/home/jpmurphy/.cache/coreboot-sdk/picolibc-arm-eabi/422a2aa3e1ef891b5bece9a3deb696ff83840d2e -DCOREBOOT_SDK_ROOT_nds32=/home/jpmurphy/.cache/coreboot-sdk/nds32le-elf/d1a518c4a097666d86058e1444f85ca015d15511 -DCOREBOOT_SDK_ROOT_picolibc_riscv64=/home/jpmurphy/.cache/coreboot-sdk/picolibc-riscv64-elf/f571e990ef0278564b31124f8bb109d9a697eb69 -DCOREBOOT_SDK_ROOT_arm=/home/jpmurphy/.cache/coreboot-sdk/arm-eabi/ea40ddd1d190c3b48435c474c0b545719371813a -DCOREBOOT_SDK_ROOT_libstdcxx_riscv64=/home/jpmurphy/.cache/coreboot-sdk/libstdcxx-riscv64-elf/17abf22a3a252e2d5d2062ced5324f7a623689e0 -DCOREBOOT_SDK_ROOT_libstdcxx_arm=/home/jpmurphy/.cache/coreboot-sdk/libstdcxx-arm-eabi/5d7d82e150e44aa1968f1d366e267e6687b328ac -DCOREBOOT_SDK_ROOT_riscv=/home/jpmurphy/.cache/coreboot-sdk/riscv-elf/9a27b9e82341c6e9126624f516ab3f261abb3e73 -DCOREBOOT_SDK_ROOT_libstdcxx_x86=/home/jpmurphy/.cache/coreboot-sdk/libstdcxx-i386-elf/42ef9d2e87a76a37963175d7d428734e65648b87 -DZEPHYR_TOOLCHAIN_VARIANT=coreboot-sdk '-DZEPHYR_MODULES=/mnt/host/source/src/platform/ec/build/zephyr/kaladin/modules/cmsis;/mnt/host/source/src/platform/ec/build/zephyr/kaladin/modules/cmsis_6;/mnt/host/source/src/platform/ec/build/zephyr/kaladin/modules/picolibc;/mnt/host/source/src/platform/ec/build/zephyr/kaladin/modules/ec;/mnt/host/source/src/platform/ec/build/zephyr/kaladin/modules/pigweed;/mnt/host/source/src/platform/ec/build/zephyr/kaladin/modules/nanopb' -DDTC_OVERLAY_FILE=/mnt/host/source/src/platform/ec/zephyr/program/trulo/kaladin/project.overlay -DBOARD=it8xxx2/it82002bw -DCMAKE_C_FLAGS=-DSECTION_IS_RO '-DCONF_FILE=/mnt/host/source/src/platform/ec/zephyr/program/trulo/ite.conf;/mnt/host/source/src/platform/ec/zephyr/program/trulo/ite_program.conf;/mnt/host/source/src/platform/ec/zephyr/program/trulo/kaladin/project.conf;/mnt/host/source/src/platform/ec/zephyr/program/trulo/dsp_comms.conf;/mnt/host/source/src/platform/ec/build/zephyr/kaladin/kconfig-ro.conf'`
[kaladin:ro] Loading Zephyr default modules (Zephyr base (cached)).
[kaladin:ro] -- Application: /mnt/host/source/src/platform/ec/zephyr/program/trulo
[kaladin:ro] -- CMake version: 3.31.7
[nereid:ro] [341/402] Building C object CMakeFiles/app.dir/mnt/host/source/src/platform/ec/build/zephyr/nereid/modules/ec/common/usbc/usbc_pd_policy.c.obj
[nereid:ro] [342/402] Building C object CMakeFiles/app.dir/mnt/host/source/src/platform/ec/build/zephyr/nereid/modules/ec/common/usbc/usb_pe_drp_sm.c.obj
[nereid:ro] [343/402] Building C object CMakeFiles/app.dir/mnt/host/source/src/platform/ec/build/zephyr/nereid/modules/ec/common/usbc/dp_alt_mode.c.obj
[baze:rw] [28/353] Building C object CMakeFiles/app.dir/mnt/host/source/src/platform/ec/build/zephyr/baze/modules/ec/common/peripheral.c.obj
[nereid:ro] [344/402] Building C object CMakeFiles/app.dir/mnt/host/source/src/platform/ec/build/zephyr/nereid/modules/ec/common/usb_pd_console_cmd.c.obj
[kaladin:rw] -- warning_base_override: -Wall;-Wformat;-Wformat-security;-Wformat;-Wno-format-zero-length;-Wno-pointer-sign;-Wpointer-arith;-Wexpansion-to-defined
[kaladin:rw] The PW_ROOT environment variable is not set; using /mnt/host/source/src/platform/ec/build/zephyr/kaladin/modules/pigweed within CMake
[nereid:ro] [345/402] Building C object CMakeFiles/app.dir/mnt/host/source/src/platform/ec/build/zephyr/nereid/modules/ec/common/usb_pd_host_cmd.c.obj
[/mnt/host/source/src/platform/ec/build/zephyr/pirrha-lcov]   /mnt/host/source/src/platform/ec/build/zephyr/pirrha/build-rw/zephyr/drivers/sensor/CMakeFiles/drivers__sensor.dir/mnt/host/source/src/third_party/zephyr/main/misc/empty_file.c.gcno:no functions found
[/mnt/host/source/src/platform/ec/build/zephyr/pirrha-lcov] Filter suppressions 'region':
[baze:rw] [29/353] Building C object CMakeFiles/app.dir/mnt/host/source/src/platform/ec/build/zephyr/baze/modules/ec/common/printf.c.obj
[kaladin:ro] -- Found Python3: /usr/bin/python3.11 (found suitable version "3.11.11", minimum required is "3.10") found components: Interpreter
[kaladin:ro] -- Cache files will be written to: /mnt/host/source/src/platform/ec/build/zephyr/user-cache
[kaladin:ro] -- Zephyr version: 4.3.99 (/mnt/host/source/src/third_party/zephyr/main)
[/mnt/host/source/src/platform/ec/build/zephyr/pirrha-lcov]     40 instances
[/mnt/host/source/src/platform/ec/build/zephyr/pirrha-lcov]     36 coverpoints
[/mnt/host/source/src/platform/ec/build/zephyr/pirrha-lcov] Message summary:
[/mnt/host/source/src/platform/ec/build/zephyr/pirrha-lcov]   31 ignore messages:
[/mnt/host/source/src/platform/ec/build/zephyr/pirrha-lcov]     gcov: 31
[nereid:ro] [346/402] Building C object CMakeFiles/app.dir/mnt/host/source/src/platform/ec/build/zephyr/nereid/modules/ec/common/usbc/usb_pd_host.c.obj
[baze:ro] [25/353] Building C object CMakeFiles/app.dir/mnt/host/source/src/platform/ec/build/zephyr/baze/modules/ec/common/console_output.c.obj
[nereid:ro] [347/402] Building C object CMakeFiles/app.dir/mnt/host/source/src/platform/ec/build/zephyr/nereid/modules/ec/zephyr/shim/src/tcpc.c.obj
[nereid:ro] [348/402] Building C object CMakeFiles/app.dir/mnt/host/source/src/platform/ec/build/zephyr/nereid/modules/ec/common/usb_pd_host_cmd_common.c.obj
[nereid:ro] [349/402] Building C object CMakeFiles/app.dir/mnt/host/source/src/platform/ec/build/zephyr/nereid/modules/ec/common/usbc/svdm_rsp_dfp_only.c.obj
[nereid:ro] [350/402] Building C object CMakeFiles/app.dir/mnt/host/source/src/platform/ec/build/zephyr/nereid/modules/ec/common/usbc_ocp.c.obj
[nereid:ro] [351/402] Building C object CMakeFiles/app.dir/mnt/host/source/src/platform/ec/build/zephyr/nereid/modules/ec/common/usb_pd_discovery.c.obj
[nereid:ro] [352/402] Building C object CMakeFiles/app.dir/mnt/host/source/src/platform/ec/build/zephyr/nereid/modules/ec/common/usb_pd_dual_role.c.obj
[baze:rw] [30/353] Building C object CMakeFiles/app.dir/mnt/host/source/src/platform/ec/build/zephyr/baze/modules/ec/common/queue.c.obj
[nereid:ro] [353/402] Building C object CMakeFiles/app.dir/mnt/host/source/src/platform/ec/build/zephyr/nereid/modules/ec/driver/tcpm/ps8xxx.c.obj
[baze:rw] [31/353] Building C object CMakeFiles/app.dir/mnt/host/source/src/platform/ec/build/zephyr/baze/modules/ec/common/system_boot_time.c.obj
[nereid:ro] [354/402] Building C object CMakeFiles/app.dir/mnt/host/source/src/platform/ec/build/zephyr/nereid/modules/ec/driver/tcpm/ite_pd_intc.c.obj
[baze:ro] [26/353] Building C object CMakeFiles/app.dir/mnt/host/source/src/platform/ec/build/zephyr/baze/modules/ec/common/ec_features.c.obj
[nereid:ro] [355/402] Building C object CMakeFiles/app.dir/mnt/host/source/src/platform/ec/build/zephyr/nereid/modules/ec/driver/tcpm/tcpci.c.obj
[baze:rw] [32/353] Building C object CMakeFiles/app.dir/mnt/host/source/src/platform/ec/build/zephyr/baze/modules/ec/common/system.c.obj
[nereid:ro] [356/402] Building C object CMakeFiles/app.dir/mnt/host/source/src/platform/ec/build/zephyr/nereid/modules/ec/common/button.c.obj
[baze:rw] [33/353] Building C object CMakeFiles/app.dir/mnt/host/source/src/platform/ec/build/zephyr/baze/modules/ec/common/uart_printf.c.obj
[nereid:ro] [357/402] Building C object CMakeFiles/app.dir/mnt/host/source/src/platform/ec/build/zephyr/nereid/modules/ec/common/vboot/efs2.c.obj
[nereid:ro] [358/402] Building C object CMakeFiles/app.dir/mnt/host/source/src/platform/ec/build/zephyr/nereid/modules/ec/common/vboot_hash.c.obj
[nereid:ro] [359/402] Building C object CMakeFiles/app.dir/mnt/host/source/src/platform/ec/build/zephyr/nereid/modules/ec/driver/tcpm/it8xxx2.c.obj
[nereid:ro] [360/402] Building C object CMakeFiles/app.dir/mnt/host/source/src/platform/ec/build/zephyr/nereid/modules/ec/common/math_util.c.obj
[nereid:ro] [361/402] Building C object CMakeFiles/app.dir/mnt/host/source/src/platform/ec/build/zephyr/nereid/modules/ec/common/vstore.c.obj
[kaladin:ro] -- Board: it8xxx2, qualifiers: it82002bw
[nereid:ro] [362/402] Linking C static library modules/ec/zephyr/libec_shim.a
[baze:rw] [34/353] Building C object CMakeFiles/app.dir/mnt/host/source/src/platform/ec/build/zephyr/baze/modules/ec/common/util.c.obj
[baze:ro] [27/353] Building C object CMakeFiles/app.dir/mnt/host/source/src/platform/ec/build/zephyr/baze/modules/ec/common/gpio_commands.c.obj
[nereid:ro] [363/402] Building C object CMakeFiles/app.dir/src/common.c.obj
[nereid:ro] [364/402] Building C object CMakeFiles/app.dir/src/led.c.obj
[nereid:ro] [365/402] Building C object CMakeFiles/app.dir/nereid/src/hdmi.c.obj
[nereid:ro] [366/402] Building C object CMakeFiles/app.dir/src/board_power.c.obj
[nereid:ro] [367/402] Building C object CMakeFiles/app.dir/src/sub_board.c.obj
[nereid:ro] [368/402] Building C object zephyr/kernel/CMakeFiles/kernel.dir/main_weak.c.obj
[baze:rw] [35/353] Building C object CMakeFiles/app.dir/mnt/host/source/src/platform/ec/build/zephyr/baze/modules/ec/common/version.c.obj
[nereid:ro] [369/402] Building C object CMakeFiles/app.dir/nereid/src/charger.c.obj
[baze:rw] [36/353] Building C object CMakeFiles/app.dir/mnt/host/source/src/platform/ec/build/zephyr/baze/modules/ec/driver/accel_bma4xx.c.obj
[nereid:ro] [370/402] Building C object CMakeFiles/app.dir/nereid/src/usbc.c.obj
[nereid:ro] [371/402] Building C object zephyr/kernel/CMakeFiles/kernel.dir/banner.c.obj
[nereid:ro] [372/402] Building C object zephyr/kernel/CMakeFiles/kernel.dir/busy_wait.c.obj
[nereid:ro] [373/402] Linking C static library app/libapp.a
[nereid:ro] [374/402] Building C object zephyr/kernel/CMakeFiles/kernel.dir/device.c.obj
[nereid:ro] [375/402] Building C object zephyr/kernel/CMakeFiles/kernel.dir/version.c.obj
[nereid:ro] [376/402] Building C object zephyr/kernel/CMakeFiles/kernel.dir/errno.c.obj
[baze:rw] [37/353] Building C object CMakeFiles/app.dir/mnt/host/source/src/platform/ec/build/zephyr/baze/modules/ec/common/motion_sense_fifo.c.obj
[nereid:ro] [377/402] Building C object zephyr/kernel/CMakeFiles/kernel.dir/fatal.c.obj
[baze:ro] [28/353] Building C object CMakeFiles/app.dir/mnt/host/source/src/platform/ec/build/zephyr/baze/modules/ec/common/peripheral.c.obj
[nereid:ro] [378/402] Building C object zephyr/kernel/CMakeFiles/kernel.dir/init.c.obj
[nereid:ro] [379/402] Building C object zephyr/kernel/CMakeFiles/kernel.dir/kheap.c.obj
[/mnt/host/source/src/platform/ec/build/zephyr/adlrvp_npcx-lcov]   /mnt/host/source/src/platform/ec/build/zephyr/adlrvp_npcx/build-ro/CMakeFiles/app.dir/mnt/host/source/src/platform/ec/build/zephyr/adlrvp_npcx/modules/ec/common/chargen.c.gcno:no functions found
[/mnt/host/source/src/platform/ec/build/zephyr/adlrvp_npcx-lcov] stderr:
[baze:rw] [38/353] Building C object CMakeFiles/app.dir/mnt/host/source/src/platform/ec/build/zephyr/baze/modules/ec/common/adc.c.obj
[nereid:ro] [380/402] Building C object zephyr/kernel/CMakeFiles/kernel.dir/float.c.obj
[nereid:ro] [381/402] Building C object zephyr/kernel/CMakeFiles/kernel.dir/mem_slab.c.obj
[kaladin:ro] -- Found Dtc: /usr/bin/dtc (found suitable version "1.6.0", minimum required is "1.4.6")
[kaladin:ro] -- Found BOARD.dts: /mnt/host/source/src/platform/ec/zephyr/boards/google/it8xxx2/it8xxx2_it82002bw.dts
[kaladin:ro] -- Found devicetree overlay: /mnt/host/source/src/platform/ec/zephyr/program/trulo/kaladin/project.overlay
[nereid:ro] [382/402] Building C object zephyr/kernel/CMakeFiles/kernel.dir/idle.c.obj
[nereid:ro] [383/402] Building C object zephyr/kernel/CMakeFiles/kernel.dir/mailbox.c.obj
[baze:rw] [39/353] Building C object CMakeFiles/app.dir/mnt/host/source/src/platform/ec/build/zephyr/baze/modules/ec/common/battery.c.obj
[nereid:ro] [384/402] Building C object zephyr/kernel/CMakeFiles/kernel.dir/mutex.c.obj
[nereid:ro] [385/402] Building C object zephyr/kernel/CMakeFiles/kernel.dir/queue.c.obj
[nereid:ro] [386/402] Building C object zephyr/kernel/CMakeFiles/kernel.dir/msg_q.c.obj
[nereid:ro] [387/402] Building C object zephyr/kernel/CMakeFiles/kernel.dir/sem.c.obj
[kaladin:rw] -- Found gen_kobject_list: /mnt/host/source/src/third_party/zephyr/main/scripts/build/gen_kobject_list.py
[baze:ro] [29/353] Building C object CMakeFiles/app.dir/mnt/host/source/src/platform/ec/build/zephyr/baze/modules/ec/common/printf.c.obj
[baze:rw] [40/353] Building C object CMakeFiles/app.dir/mnt/host/source/src/platform/ec/build/zephyr/baze/modules/ec/common/battery_info.c.obj
[kaladin:rw] CMake Warning at /mnt/host/source/src/third_party/zephyr/main/CMakeLists.txt:1134 (message):
[kaladin:rw]   No SOURCES given to Zephyr library: drivers__syscon
[nereid:ro] [388/402] Building C object zephyr/kernel/CMakeFiles/kernel.dir/stack.c.obj
[nereid:ro] [389/402] Building C object zephyr/kernel/CMakeFiles/kernel.dir/system_work_q.c.obj
[kaladin:rw] -- Configuring done (20.4s)
[nereid:ro] [390/402] Building C object zephyr/kernel/CMakeFiles/kernel.dir/condvar.c.obj
[baze:rw] [41/353] Building C object CMakeFiles/app.dir/mnt/host/source/src/platform/ec/build/zephyr/baze/modules/ec/common/battery_fuel_gauge.c.obj
[nereid:ro] [391/402] Building C object zephyr/kernel/CMakeFiles/kernel.dir/work.c.obj
[nereid:ro] [392/402] Building C object zephyr/kernel/CMakeFiles/kernel.dir/thread.c.obj
[nereid:ro] [393/402] Building C object zephyr/kernel/CMakeFiles/kernel.dir/pipe.c.obj
[nereid:ro] [394/402] Building C object zephyr/kernel/CMakeFiles/kernel.dir/thread_monitor.c.obj
[nereid:ro] [395/402] Building C object zephyr/kernel/CMakeFiles/kernel.dir/sched.c.obj
[baze:rw] [42/353] Building C object CMakeFiles/app.dir/mnt/host/source/src/platform/ec/build/zephyr/baze/modules/ec/driver/battery/smart.c.obj
[baze:ro] [30/353] Building C object CMakeFiles/app.dir/mnt/host/source/src/platform/ec/build/zephyr/baze/modules/ec/common/queue.c.obj
[it82002_evb:singleimage] Configuring.
Running `env -i PYTHONPATH=/usr/lib64/python-exec/python3.11:/mnt/host/source/src/platform/ec/zephyr/zmake:/usr/lib/python311.zip:/usr/lib/python3.11:/usr/lib/python3.11/lib-dynload:/usr/lib/python3.11/site-packages PW_PIGWEED_CIPD_INSTALL_DIR=/usr CROSTC_USER_ACKNOWLEDGES_THAT_RISCV_IS_EXPERIMENTAL=1 PATH=/mnt/host/source/chromite/bin:/usr/local/bin:/usr/bin:/bin:/opt/bin:/mnt/host/source/chromite/sdk/bin:/mnt/host/source/chromite/bin HOME=/home/jpmurphy JAVA_HOME=/etc/java-config-2/current-system-vm JDK_HOME=/etc/java-config-2/current-system-vm JAVAC=/etc/java-config-2/current-system-vm/bin/javac MAKEFLAGS=' -j16 --jobserver-auth=5,6' /usr/bin/cmake -S /mnt/host/source/src/platform/ec/zephyr/program/it8xxx2_evb -B /mnt/host/source/src/platform/ec/build/zephyr/it82002_evb/build-singleimage -GNinja -DCMAKE_EXPORT_COMPILE_COMMANDS=ON -DZEPHYR_BASE=/mnt/host/source/src/third_party/zephyr/main -DZMAKE_INCLUDE_DIR=/mnt/host/source/src/platform/ec/build/zephyr/it82002_evb/include -DPython3_EXECUTABLE=/usr/bin/python3.11 -DDTS_ROOT=/mnt/host/source/src/platform/ec/zephyr -DSYSCALL_INCLUDE_DIRS=/mnt/host/source/src/platform/ec/zephyr/include/drivers -DUSER_CACHE_DIR=/mnt/host/source/src/platform/ec/build/zephyr/user-cache '-DEXTRA_EC_VERSION_FLAGS=--version 16543.0.0 --static' -DTOOLCHAIN_ROOT=/mnt/host/source/src/platform/ec/zephyr -DCOREBOOT_SDK_ROOT_x86=/home/jpmurphy/.cache/coreboot-sdk/i386-elf/dfbb0486385d938cfa9d73080b9d18d598ed4f49 -DCOREBOOT_SDK_ROOT_picolibc_x86=/home/jpmurphy/.cache/coreboot-sdk/picolibc-i386-elf/eb8e8e687b95461de8cbf278f1c2076952d0ad17 -DCOREBOOT_SDK_ROOT_riscv64=/home/jpmurphy/.cache/coreboot-sdk/riscv64-elf/96b949749225b6aaa92ed810ab769e8dfb12f000 -DCOREBOOT_SDK_ROOT_picolibc_arm=/home/jpmurphy/.cache/coreboot-sdk/picolibc-arm-eabi/422a2aa3e1ef891b5bece9a3deb696ff83840d2e -DCOREBOOT_SDK_ROOT_nds32=/home/jpmurphy/.cache/coreboot-sdk/nds32le-elf/d1a518c4a097666d86058e1444f85ca015d15511 -DCOREBOOT_SDK_ROOT_picolibc_riscv64=/home/jpmurphy/.cache/coreboot-sdk/picolibc-riscv64-elf/f571e990ef0278564b31124f8bb109d9a697eb69 -DCOREBOOT_SDK_ROOT_arm=/home/jpmurphy/.cache/coreboot-sdk/arm-eabi/ea40ddd1d190c3b48435c474c0b545719371813a -DCOREBOOT_SDK_ROOT_libstdcxx_riscv64=/home/jpmurphy/.cache/coreboot-sdk/libstdcxx-riscv64-elf/17abf22a3a252e2d5d2062ced5324f7a623689e0 -DCOREBOOT_SDK_ROOT_libstdcxx_arm=/home/jpmurphy/.cache/coreboot-sdk/libstdcxx-arm-eabi/5d7d82e150e44aa1968f1d366e267e6687b328ac -DCOREBOOT_SDK_ROOT_riscv=/home/jpmurphy/.cache/coreboot-sdk/riscv-elf/9a27b9e82341c6e9126624f516ab3f261abb3e73 -DCOREBOOT_SDK_ROOT_libstdcxx_x86=/home/jpmurphy/.cache/coreboot-sdk/libstdcxx-i386-elf/42ef9d2e87a76a37963175d7d428734e65648b87 -DZEPHYR_TOOLCHAIN_VARIANT=coreboot-sdk -DZEPHYR_MODULES=/mnt/host/source/src/platform/ec/build/zephyr/it82002_evb/modules/ec -DDTC_OVERLAY_FILE=/mnt/host/source/src/platform/ec/zephyr/program/it8xxx2_evb/it82002_evb/project.overlay -DBOARD=it8xxx2/it82002aw '-DCONF_FILE=/mnt/host/source/src/platform/ec/zephyr/program/it8xxx2_evb/it82002_evb/project.conf;/mnt/host/source/src/platform/ec/build/zephyr/it82002_evb/kconfig-singleimage.conf'`
[nereid:ro] [396/402] Building C object zephyr/kernel/CMakeFiles/kernel.dir/timeout.c.obj
[it82002_evb:singleimage] Loading Zephyr default modules (Zephyr base (cached)).
[it82002_evb:singleimage] -- Application: /mnt/host/source/src/platform/ec/zephyr/program/it8xxx2_evb
[it82002_evb:singleimage] -- CMake version: 3.31.7
[baze:rw] [43/353] Building C object CMakeFiles/app.dir/mnt/host/source/src/platform/ec/build/zephyr/baze/modules/ec/driver/charger/bq25710.c.obj
[nereid:ro] [397/402] Building C object zephyr/kernel/CMakeFiles/kernel.dir/timer.c.obj
[nereid:ro] [398/402] Building C object zephyr/kernel/CMakeFiles/kernel.dir/poll.c.obj
[nereid:ro] [399/402] Building C object zephyr/kernel/CMakeFiles/kernel.dir/dynamic_disabled.c.obj
[nereid:ro] [400/402] Building C object zephyr/kernel/CMakeFiles/kernel.dir/events.c.obj
Toolchain <zmake.toolchains.CorebootSdkToolchain object at 0x7f4120485f10> selected by probe function.
[brtk] Building in /mnt/host/source/src/platform/ec/build/zephyr/brtk.
[nereid:ro] [401/402] Building C object zephyr/kernel/CMakeFiles/kernel.dir/mempool.c.obj
Running (initial) lcov on /mnt/host/source/src/platform/ec/build/zephyr/telith.
[nereid:ro] [402/402] Linking C static library zephyr/kernel/libkernel.a
[it82002_evb:singleimage] -- Found Python3: /usr/bin/python3.11 (found suitable version "3.11.11", minimum required is "3.10") found components: Interpreter
[it82002_evb:singleimage] -- Cache files will be written to: /mnt/host/source/src/platform/ec/build/zephyr/user-cache
[it82002_evb:singleimage] -- Zephyr version: 4.3.99 (/mnt/host/source/src/third_party/zephyr/main)
[baze:rw] [44/353] Building C object CMakeFiles/app.dir/mnt/host/source/src/platform/ec/build/zephyr/baze/modules/ec/common/charger.c.obj
[kaladin:ro] -- Generated zephyr.dts: /mnt/host/source/src/platform/ec/build/zephyr/kaladin/build-ro/zephyr/zephyr.dts
Running `env -i PYTHONPATH=/usr/lib64/python-exec/python3.11:/mnt/host/source/src/platform/ec/zephyr/zmake:/usr/lib/python311.zip:/usr/lib/python3.11:/usr/lib/python3.11/lib-dynload:/usr/lib/python3.11/site-packages PW_PIGWEED_CIPD_INSTALL_DIR=/usr CROSTC_USER_ACKNOWLEDGES_THAT_RISCV_IS_EXPERIMENTAL=1 PATH=/mnt/host/source/chromite/bin:/usr/local/bin:/usr/bin:/bin:/opt/bin:/mnt/host/source/chromite/sdk/bin:/mnt/host/source/chromite/bin HOME=/home/jpmurphy JAVA_HOME=/etc/java-config-2/current-system-vm JDK_HOME=/etc/java-config-2/current-system-vm JAVAC=/etc/java-config-2/current-system-vm/bin/javac MAKEFLAGS=' -j16 --jobserver-auth=5,6' /usr/bin/lcov --gcov-tool /mnt/host/source/src/platform/ec/build/zephyr/telith/build-rw/gcov.sh -q -o - -c -d /mnt/host/source/src/platform/ec/build/zephyr/telith -t telith --rc branch_coverage=1 --filter range --ignore-errors inconsistent,source --ignore-errors gcov,gcov -i`
[baze:ro] [31/353] Building C object CMakeFiles/app.dir/mnt/host/source/src/platform/ec/build/zephyr/baze/modules/ec/common/system_boot_time.c.obj
[/mnt/host/source/src/platform/ec/build/zephyr/lapis-lcov]   /mnt/host/source/src/platform/ec/build/zephyr/lapis/build-rw/modules/ec/zephyr/CMakeFiles/ec_shim.dir/drivers/keyboard_input/keyboard_customization_check.c.gcno:no functions found
[/mnt/host/source/src/platform/ec/build/zephyr/lapis-lcov] stderr:
[baze:ro] [32/353] Building C object CMakeFiles/app.dir/mnt/host/source/src/platform/ec/build/zephyr/baze/modules/ec/common/uart_printf.c.obj
[baze:ro] [33/353] Building C object CMakeFiles/app.dir/mnt/host/source/src/platform/ec/build/zephyr/baze/modules/ec/common/system.c.obj
[baze:rw] [45/353] Building C object CMakeFiles/app.dir/mnt/host/source/src/platform/ec/build/zephyr/baze/modules/ec/common/cbi_common.c.obj
[baze:rw] [46/353] Building C object CMakeFiles/app.dir/mnt/host/source/src/platform/ec/build/zephyr/baze/modules/ec/common/charge_state.c.obj
[baze:ro] [34/353] Building C object CMakeFiles/app.dir/mnt/host/source/src/platform/ec/build/zephyr/baze/modules/ec/common/util.c.obj
[kaladin:ro] -- Generated pickled edt: /mnt/host/source/src/platform/ec/build/zephyr/kaladin/build-ro/zephyr/edt.pickle
[kaladin:ro] -- Generated devicetree_generated.h: /mnt/host/source/src/platform/ec/build/zephyr/kaladin/build-ro/zephyr/include/generated/zephyr/devicetree_generated.h
[baze:rw] [47/353] Building C object CMakeFiles/app.dir/mnt/host/source/src/platform/ec/build/zephyr/baze/modules/ec/common/cbi.c.obj
[baze:rw] [48/353] Building C object CMakeFiles/app.dir/mnt/host/source/src/platform/ec/build/zephyr/baze/modules/ec/common/cbi_config.c.obj
[baze:rw] [49/353] Building C object CMakeFiles/app.dir/mnt/host/source/src/platform/ec/build/zephyr/baze/modules/ec/common/charge_manager.c.obj
[baze:rw] [50/353] Building C object CMakeFiles/app.dir/mnt/host/source/src/platform/ec/build/zephyr/baze/modules/ec/common/memory_commands.c.obj
[/mnt/host/source/src/platform/ec/build/zephyr/adlrvp_npcx-lcov]   /mnt/host/source/src/platform/ec/build/zephyr/adlrvp_npcx/build-ro/CMakeFiles/app.dir/mnt/host/source/src/platform/ec/build/zephyr/adlrvp_npcx/modules/ec/common/cbi_config.c.gcno:no functions found
[/mnt/host/source/src/platform/ec/build/zephyr/adlrvp_npcx-lcov] stderr:
[baze:ro] [35/353] Building C object CMakeFiles/app.dir/mnt/host/source/src/platform/ec/build/zephyr/baze/modules/ec/common/version.c.obj
[/mnt/host/source/src/platform/ec/build/zephyr/telith-lcov] geninfo: WARNING: using JSON module "JSON::PP" - which is much slower than some alternatives.  Consider installing one of JSON::XS or Cpanel::JSON::XS
[baze:ro] [36/353] Building C object CMakeFiles/app.dir/mnt/host/source/src/platform/ec/build/zephyr/baze/modules/ec/common/motion_sense_fifo.c.obj
[baze:rw] [51/353] Building C object CMakeFiles/app.dir/mnt/host/source/src/platform/ec/build/zephyr/baze/modules/ec/common/chipset.c.obj
[baze:rw] [52/353] Building C object CMakeFiles/app.dir/mnt/host/source/src/platform/ec/build/zephyr/baze/modules/ec/common/ap_reset_log.c.obj
[it82002_evb:singleimage] -- Board: it8xxx2, qualifiers: it82002aw
[baze:rw] [53/353] Building C object CMakeFiles/app.dir/mnt/host/source/src/platform/ec/build/zephyr/baze/modules/ec/common/extpower_common.c.obj
[baze:rw] [54/353] Building C object CMakeFiles/app.dir/mnt/host/source/src/platform/ec/build/zephyr/baze/modules/ec/common/extpower_gpio.c.obj
[baze:ro] [37/353] Building C object CMakeFiles/app.dir/mnt/host/source/src/platform/ec/build/zephyr/baze/modules/ec/driver/accel_bma4xx.c.obj
[baze:ro] [38/353] Building C object CMakeFiles/app.dir/mnt/host/source/src/platform/ec/build/zephyr/baze/modules/ec/common/adc.c.obj
[/mnt/host/source/src/platform/ec/build/zephyr/adlrvp_npcx-lcov]   /mnt/host/source/src/platform/ec/build/zephyr/adlrvp_npcx/build-ro/CMakeFiles/app.dir/src/intel_rvp_board_id.c.gcno:no functions found
[/mnt/host/source/src/platform/ec/build/zephyr/adlrvp_npcx-lcov] stderr:
[baze:rw] [55/353] Building C object CMakeFiles/app.dir/mnt/host/source/src/platform/ec/build/zephyr/baze/modules/ec/common/host_command.c.obj
[baze:rw] [56/353] Building C object CMakeFiles/app.dir/mnt/host/source/src/platform/ec/build/zephyr/baze/modules/ec/common/flash.c.obj
[kaladin:ro] /mnt/host/source/src/platform/ec/build/zephyr/kaladin/build-ro/zephyr/zephyr.dts:1325.27-2022.5: Warning (avoid_unnecessary_addr_size): /soc/pin-controller: unnecessary #address-cells/#size-cells without "ranges" or child "reg" property
[baze:ro] [39/353] Building C object CMakeFiles/app.dir/mnt/host/source/src/platform/ec/build/zephyr/baze/modules/ec/common/battery.c.obj
[baze:rw] [57/353] Building C object CMakeFiles/app.dir/mnt/host/source/src/platform/ec/build/zephyr/baze/modules/ec/common/uart_hostcmd.c.obj
[/mnt/host/source/src/platform/ec/build/zephyr/telith-lcov] stderr:
[baze:rw] [58/353] Building C object CMakeFiles/app.dir/mnt/host/source/src/platform/ec/build/zephyr/baze/modules/ec/common/host_event_commands.c.obj
[baze:ro] [40/353] Building C object CMakeFiles/app.dir/mnt/host/source/src/platform/ec/build/zephyr/baze/modules/ec/common/battery_info.c.obj
[baze:rw] [59/353] Building C object CMakeFiles/app.dir/mnt/host/source/src/platform/ec/build/zephyr/baze/modules/ec/common/uptime.c.obj
[/mnt/host/source/src/platform/ec/build/zephyr/telith-lcov]   /mnt/host/source/src/platform/ec/build/zephyr/telith/build-ro/modules/ec/zephyr/CMakeFiles/ec_shim.dir/shim/src/thermal.c.gcno:no functions found
[/mnt/host/source/src/platform/ec/build/zephyr/telith-lcov] stderr:
[baze:ro] [41/353] Building C object CMakeFiles/app.dir/mnt/host/source/src/platform/ec/build/zephyr/baze/modules/ec/driver/battery/smart.c.obj
[baze:ro] [42/353] Building C object CMakeFiles/app.dir/mnt/host/source/src/platform/ec/build/zephyr/baze/modules/ec/common/battery_fuel_gauge.c.obj
[baze:rw] [60/353] Building C object CMakeFiles/app.dir/mnt/host/source/src/platform/ec/build/zephyr/baze/modules/ec/common/i2c_passthru.c.obj
[baze:rw] [61/353] Building C object CMakeFiles/app.dir/mnt/host/source/src/platform/ec/build/zephyr/baze/modules/ec/common/i2c_controller.c.obj
[baze:rw] [62/353] Building C object CMakeFiles/app.dir/mnt/host/source/src/platform/ec/build/zephyr/baze/modules/ec/common/virtual_battery.c.obj
[/mnt/host/source/src/platform/ec/build/zephyr/telith-lcov]   /mnt/host/source/src/platform/ec/build/zephyr/telith/build-ro/modules/ec/zephyr/CMakeFiles/ec_shim.dir/shim/src/battery.c.gcno:no functions found
[/mnt/host/source/src/platform/ec/build/zephyr/telith-lcov] stderr:
[baze:ro] [43/353] Building C object CMakeFiles/app.dir/mnt/host/source/src/platform/ec/build/zephyr/baze/modules/ec/driver/charger/bq25710.c.obj
[/mnt/host/source/src/platform/ec/build/zephyr/telith-lcov]   /mnt/host/source/src/platform/ec/build/zephyr/telith/build-ro/modules/ec/zephyr/CMakeFiles/ec_shim.dir/shim/src/charger.c.gcno:no functions found
[/mnt/host/source/src/platform/ec/build/zephyr/telith-lcov] stderr:
[baze:rw] [63/353] Building C object CMakeFiles/app.dir/mnt/host/source/src/platform/ec/build/zephyr/baze/modules/ec/common/mkbp_fifo.c.obj
[/mnt/host/source/src/platform/ec/build/zephyr/adlrvp_npcx-lcov]   /mnt/host/source/src/platform/ec/build/zephyr/adlrvp_npcx/build-ro/zephyr/arch/arch/arm/core/mpu/CMakeFiles/arch__arm__core__mpu.dir/arm_mpu_regions.c.gcno:no functions found
[/mnt/host/source/src/platform/ec/build/zephyr/adlrvp_npcx-lcov] stderr:
[baze:rw] [64/353] Building C object CMakeFiles/app.dir/mnt/host/source/src/platform/ec/build/zephyr/baze/modules/ec/common/mkbp_info.c.obj
[it82002_evb:singleimage] -- Found Dtc: /usr/bin/dtc (found suitable version "1.6.0", minimum required is "1.4.6")
[it82002_evb:singleimage] -- Found BOARD.dts: /mnt/host/source/src/platform/ec/zephyr/boards/google/it8xxx2/it8xxx2_it82002aw.dts
[it82002_evb:singleimage] -- Found devicetree overlay: /mnt/host/source/src/platform/ec/zephyr/program/it8xxx2_evb/it82002_evb/project.overlay
[baze:rw] [65/353] Building C object CMakeFiles/app.dir/mnt/host/source/src/platform/ec/build/zephyr/baze/modules/ec/common/keyboard_mkbp.c.obj
[baze:rw] [66/353] Building C object CMakeFiles/app.dir/mnt/host/source/src/platform/ec/build/zephyr/baze/modules/ec/common/keyboard_scan.c.obj
[baze:ro] [44/353] Building C object CMakeFiles/app.dir/mnt/host/source/src/platform/ec/build/zephyr/baze/modules/ec/common/charger.c.obj
[baze:rw] [67/353] Building C object CMakeFiles/app.dir/mnt/host/source/src/platform/ec/build/zephyr/baze/modules/ec/common/mkbp_input_devices.c.obj
[baze:rw] [68/353] Building C object CMakeFiles/app.dir/mnt/host/source/src/platform/ec/build/zephyr/baze/modules/ec/common/led_common.c.obj
[baze:ro] [45/353] Building C object CMakeFiles/app.dir/mnt/host/source/src/platform/ec/build/zephyr/baze/modules/ec/common/cbi_common.c.obj
[/mnt/host/source/src/platform/ec/build/zephyr/telith-lcov]   /mnt/host/source/src/platform/ec/build/zephyr/telith/build-ro/modules/ec/zephyr/CMakeFiles/ec_shim.dir/shim/src/usb_muxes.c.gcno:no functions found
[/mnt/host/source/src/platform/ec/build/zephyr/telith-lcov] stderr:
[baze:ro] [46/353] Building C object CMakeFiles/app.dir/mnt/host/source/src/platform/ec/build/zephyr/baze/modules/ec/common/charge_state.c.obj
[baze:ro] [47/353] Building C object CMakeFiles/app.dir/mnt/host/source/src/platform/ec/build/zephyr/baze/modules/ec/common/charge_manager.c.obj
[baze:rw] [69/353] Building C object CMakeFiles/app.dir/mnt/host/source/src/platform/ec/build/zephyr/baze/modules/ec/common/motion_lid.c.obj
[baze:rw] [70/353] Building C object CMakeFiles/app.dir/mnt/host/source/src/platform/ec/build/zephyr/baze/modules/ec/common/lid_angle.c.obj
[baze:rw] [71/353] Building C object CMakeFiles/app.dir/mnt/host/source/src/platform/ec/build/zephyr/baze/modules/ec/common/lid_angle_keyboard_policy.c.obj
[baze:rw] [72/353] Building C object CMakeFiles/app.dir/mnt/host/source/src/platform/ec/build/zephyr/baze/modules/ec/common/lid_switch.c.obj
[/mnt/host/source/src/platform/ec/build/zephyr/adlrvp_npcx-lcov]   /mnt/host/source/src/platform/ec/build/zephyr/adlrvp_npcx/build-ro/zephyr/arch/common/CMakeFiles/isr_tables.dir/isr_tables.c.gcno:no functions found
[/mnt/host/source/src/platform/ec/build/zephyr/adlrvp_npcx-lcov] stderr:
[baze:rw] [73/353] Building C object CMakeFiles/app.dir/mnt/host/source/src/platform/ec/build/zephyr/baze/modules/ec/common/mkbp_event.c.obj
[baze:ro] [48/353] Building C object CMakeFiles/app.dir/mnt/host/source/src/platform/ec/build/zephyr/baze/modules/ec/common/cbi.c.obj
[it82002_evb:singleimage] -- Generated zephyr.dts: /mnt/host/source/src/platform/ec/build/zephyr/it82002_evb/build-singleimage/zephyr/zephyr.dts
[it82002_evb:singleimage] -- Generated pickled edt: /mnt/host/source/src/platform/ec/build/zephyr/it82002_evb/build-singleimage/zephyr/edt.pickle
[baze:ro] [49/353] Building C object CMakeFiles/app.dir/mnt/host/source/src/platform/ec/build/zephyr/baze/modules/ec/common/cbi_config.c.obj
[baze:rw] [74/353] Building C object CMakeFiles/app.dir/mnt/host/source/src/platform/ec/build/zephyr/baze/modules/ec/common/motion_sense.c.obj
[baze:ro] [50/353] Building C object CMakeFiles/app.dir/mnt/host/source/src/platform/ec/build/zephyr/baze/modules/ec/common/memory_commands.c.obj
[kaladin:ro] warning: USBC_PDC_RTS54XX_CONSOLE_FW_UPDATER (defined at
[kaladin:ro] /mnt/host/source/src/platform/ec/zephyr/drivers/usbc/Kconfig:72) was assigned the value 'y' but got
[kaladin:ro] the value 'n'. Check these unsatisfied dependencies: PLATFORM_EC_SYSTEM_UNLOCKED (=n). See
[kaladin:ro] http://docs.zephyrproject.org/latest/kconfig.html#CONFIG_USBC_PDC_RTS54XX_CONSOLE_FW_UPDATER and/or
[kaladin:ro] look up USBC_PDC_RTS54XX_CONSOLE_FW_UPDATER in the menuconfig/guiconfig interface. The Application
[kaladin:ro] Development Primer, Setting Configuration Values, and Kconfig - Tips and Best Practices sections of
[kaladin:ro] the manual might be helpful too.
[kaladin:ro] warning: Deprecated symbol I2C_ALLOW_NO_STOP_TRANSACTIONS is enabled.
[baze:ro] [51/353] Building C object CMakeFiles/app.dir/mnt/host/source/src/platform/ec/build/zephyr/baze/modules/ec/common/chipset.c.obj
[it82002_evb:singleimage] -- Generated devicetree_generated.h: /mnt/host/source/src/platform/ec/build/zephyr/it82002_evb/build-singleimage/zephyr/include/generated/zephyr/devicetree_generated.h
[baze:rw] [75/353] Building C object CMakeFiles/app.dir/mnt/host/source/src/platform/ec/build/zephyr/baze/modules/ec/common/power_button.c.obj
[baze:rw] [76/353] Building C object CMakeFiles/app.dir/mnt/host/source/src/platform/ec/build/zephyr/baze/modules/ec/power/common.c.obj
[baze:rw] [77/353] Building C object CMakeFiles/app.dir/mnt/host/source/src/platform/ec/build/zephyr/baze/modules/ec/power/mt8186.c.obj
[baze:rw] [78/353] Building C object CMakeFiles/app.dir/mnt/host/source/src/platform/ec/build/zephyr/baze/modules/ec/power/host_sleep.c.obj
[baze:ro] [52/353] Building C object CMakeFiles/app.dir/mnt/host/source/src/platform/ec/build/zephyr/baze/modules/ec/common/ap_reset_log.c.obj
[baze:rw] [79/353] Building C object CMakeFiles/app.dir/mnt/host/source/src/platform/ec/build/zephyr/baze/modules/ec/common/panic_output.c.obj
[baze:ro] [53/353] Building C object CMakeFiles/app.dir/mnt/host/source/src/platform/ec/build/zephyr/baze/modules/ec/common/extpower_common.c.obj
[kaladin:ro] Parsing /mnt/host/source/src/platform/ec/zephyr/program/trulo/Kconfig
[/mnt/host/source/src/platform/ec/build/zephyr/telith-lcov]   /mnt/host/source/src/platform/ec/build/zephyr/telith/build-ro/modules/ec/zephyr/CMakeFiles/ec_shim.dir/shim/src/usba.c.gcno:no functions found
[/mnt/host/source/src/platform/ec/build/zephyr/telith-lcov] stderr:
[baze:rw] [80/353] Building C object CMakeFiles/app.dir/mnt/host/source/src/platform/ec/build/zephyr/baze/modules/ec/common/shared_mem.c.obj
[baze:ro] [54/353] Building C object CMakeFiles/app.dir/mnt/host/source/src/platform/ec/build/zephyr/baze/modules/ec/common/extpower_gpio.c.obj
[baze:rw] [81/353] Building C object CMakeFiles/app.dir/mnt/host/source/src/platform/ec/build/zephyr/baze/modules/ec/common/switch.c.obj
[baze:ro] [55/353] Building C object CMakeFiles/app.dir/mnt/host/source/src/platform/ec/build/zephyr/baze/modules/ec/common/flash.c.obj
[baze:rw] [82/353] Building C object CMakeFiles/app.dir/mnt/host/source/src/platform/ec/build/zephyr/baze/modules/ec/common/temp_sensor.c.obj
[baze:rw] [83/353] Building C object CMakeFiles/app.dir/mnt/host/source/src/platform/ec/build/zephyr/baze/modules/ec/common/thermal.c.obj
[baze:rw] [84/353] Building C object CMakeFiles/app.dir/mnt/host/source/src/platform/ec/build/zephyr/baze/modules/ec/driver/temp_sensor/thermistor.c.obj
[baze:rw] [85/353] Building C object CMakeFiles/app.dir/mnt/host/source/src/platform/ec/build/zephyr/baze/modules/ec/common/tablet_mode.c.obj
[baze:ro] [56/353] Building C object CMakeFiles/app.dir/mnt/host/source/src/platform/ec/build/zephyr/baze/modules/ec/common/host_command.c.obj
[baze:ro] [57/353] Building C object CMakeFiles/app.dir/mnt/host/source/src/platform/ec/build/zephyr/baze/modules/ec/common/host_event_commands.c.obj
[kaladin:rw] -- Generating done (7.7s)
[kaladin:rw]   Excluding target from build.
[kaladin:rw] CMake Warning:
[kaladin:rw]   Manually-specified variables were not used by the project:
[kaladin:rw]     COREBOOT_SDK_ROOT_arm
[kaladin:rw]     COREBOOT_SDK_ROOT_libstdcxx_arm
[kaladin:rw]     COREBOOT_SDK_ROOT_libstdcxx_x86
[kaladin:rw]     COREBOOT_SDK_ROOT_nds32
[kaladin:rw]     COREBOOT_SDK_ROOT_picolibc_arm
[kaladin:rw]     COREBOOT_SDK_ROOT_picolibc_x86
[kaladin:rw]     COREBOOT_SDK_ROOT_riscv
[kaladin:rw]     COREBOOT_SDK_ROOT_x86
[kaladin:rw]     PW_ROOT
[kaladin:rw] -- Build files have been written to: /mnt/host/source/src/platform/ec/build/zephyr/kaladin/build-rw
[it82002_evb:singleimage] /mnt/host/source/src/platform/ec/build/zephyr/it82002_evb/build-singleimage/zephyr/zephyr.dts:1233.27-1886.5: Warning (avoid_unnecessary_addr_size): /soc/pin-controller: unnecessary #address-cells/#size-cells without "ranges" or child "reg" property
[kaladin:ro] INFOSetting TOOLCHAIN_HAS_PICOLIBC to support full build.
[kaladin:ro] INFOSetting TOOLCHAIN_HAS_NEWLIB to support full build.
[baze:rw] [86/353] Building C object CMakeFiles/app.dir/mnt/host/source/src/platform/ec/build/zephyr/baze/modules/ec/common/timer.c.obj
[kaladin:ro] Loaded configuration '/mnt/host/source/src/platform/ec/zephyr/boards/google/it8xxx2/it8xxx2_it82002bw_defconfig'
[kaladin:ro] Merged configuration '/mnt/host/source/src/platform/ec/zephyr/program/trulo/ite.conf'
[kaladin:ro] Merged configuration '/mnt/host/source/src/platform/ec/zephyr/program/trulo/ite_program.conf'
[kaladin:ro] Merged configuration '/mnt/host/source/src/platform/ec/zephyr/program/trulo/kaladin/project.conf'
[kaladin:ro] Merged configuration '/mnt/host/source/src/platform/ec/zephyr/program/trulo/dsp_comms.conf'
[kaladin:ro] Merged configuration '/mnt/host/source/src/platform/ec/build/zephyr/kaladin/kconfig-ro.conf'
[kaladin:ro] Configuration saved to '/mnt/host/source/src/platform/ec/build/zephyr/kaladin/build-ro/zephyr/.config'
[kaladin:ro] Kconfig header saved to '/mnt/host/source/src/platform/ec/build/zephyr/kaladin/build-ro/zephyr/include/generated/zephyr/autoconf.h'
[kaladin:ro] -- Found GnuLd: /home/jpmurphy/.cache/coreboot-sdk/riscv64-elf/96b949749225b6aaa92ed810ab769e8dfb12f000/riscv64-elf/bin/ld.bfd (found version "2.43.1")
[baze:ro] [58/353] Building C object CMakeFiles/app.dir/mnt/host/source/src/platform/ec/build/zephyr/baze/modules/ec/common/uart_hostcmd.c.obj
[baze:rw] [87/353] Building C object CMakeFiles/app.dir/mnt/host/source/src/platform/ec/build/zephyr/baze/modules/ec/common/usbc_utils.c.obj
[kaladin:ro] -- The C compiler identification is GNU 14.2.0
[baze:rw] [88/353] Building C object CMakeFiles/app.dir/mnt/host/source/src/platform/ec/build/zephyr/baze/modules/ec/common/usb_port_power_dumb.c.obj
[baze:ro] [59/353] Building C object CMakeFiles/app.dir/mnt/host/source/src/platform/ec/build/zephyr/baze/modules/ec/common/uptime.c.obj
[baze:rw] [89/353] Building C object CMakeFiles/app.dir/mnt/host/source/src/platform/ec/build/zephyr/baze/modules/ec/common/chargen.c.obj
[kaladin:ro] -- The CXX compiler identification is GNU 14.2.0
[baze:rw] [90/353] Building C object CMakeFiles/app.dir/mnt/host/source/src/platform/ec/build/zephyr/baze/modules/ec/common/usb_common.c.obj
[baze:rw] [91/353] Building C object CMakeFiles/app.dir/mnt/host/source/src/platform/ec/build/zephyr/baze/modules/ec/common/usb_pd_host_cmd_common.c.obj
[baze:ro] [60/353] Building C object CMakeFiles/app.dir/mnt/host/source/src/platform/ec/build/zephyr/baze/modules/ec/common/i2c_passthru.c.obj
[baze:ro] [61/353] Building C object CMakeFiles/app.dir/mnt/host/source/src/platform/ec/build/zephyr/baze/modules/ec/common/i2c_controller.c.obj
[kaladin:ro] -- The ASM compiler identification is GNU
[kaladin:ro] -- Found assembler: /home/jpmurphy/.cache/coreboot-sdk/riscv64-elf/96b949749225b6aaa92ed810ab769e8dfb12f000/bin/riscv64-elf-gcc
[kaladin:ro] CMake Warning at /mnt/host/source/src/platform/ec/zephyr/cmake/linker/ld/linker_libraries.cmake:11 (message):
[kaladin:ro]   Disabling c_library
[kaladin:ro] Call Stack (most recent call first):
[kaladin:ro]   /mnt/host/source/src/third_party/zephyr/main/cmake/target_toolchain_flags.cmake:48 (include)
[kaladin:ro]   /mnt/host/source/src/third_party/zephyr/main/cmake/modules/kernel.cmake:153 (include)
[kaladin:ro]   /mnt/host/source/src/third_party/zephyr/main/cmake/modules/zephyr_default.cmake:138 (include)
[kaladin:ro]   /mnt/host/source/src/third_party/zephyr/main/share/zephyr-package/cmake/ZephyrConfig.cmake:66 (include)
[kaladin:ro]   /mnt/host/source/src/third_party/zephyr/main/share/zephyr-package/cmake/ZephyrConfig.cmake:97 (include_boilerplate)
[kaladin:ro]   CMakeLists.txt:6 (find_package)
[kaladin:ro] INFOSetting c++_library to libstdc++ install path
[kaladin:ro] INFOSetting c_library to picolibc install path
[baze:rw] [92/353] Building C object CMakeFiles/app.dir/mnt/host/source/src/platform/ec/build/zephyr/baze/modules/ec/common/vboot_hash.c.obj
[baze:ro] [62/353] Building C object CMakeFiles/app.dir/mnt/host/source/src/platform/ec/build/zephyr/baze/modules/ec/common/virtual_battery.c.obj
[baze:rw] [93/353] Building C object CMakeFiles/app.dir/mnt/host/source/src/platform/ec/build/zephyr/baze/modules/ec/common/vboot/efs2.c.obj
[/mnt/host/source/src/platform/ec/build/zephyr/lapis-lcov]   /mnt/host/source/src/platform/ec/build/zephyr/lapis/build-rw/CMakeFiles/app.dir/mnt/host/source/src/platform/ec/build/zephyr/lapis/modules/ec/common/cbi_config.c.gcno:no functions found
[/mnt/host/source/src/platform/ec/build/zephyr/lapis-lcov] stderr:
[baze:rw] [94/353] Building C object CMakeFiles/app.dir/mnt/host/source/src/platform/ec/build/zephyr/baze/modules/ec/common/vstore.c.obj
[/mnt/host/source/src/platform/ec/build/zephyr/telith-lcov]   /mnt/host/source/src/platform/ec/build/zephyr/telith/build-ro/modules/ec/zephyr/CMakeFiles/ec_shim.dir/drivers/keyboard_input/keyboard_customization_check.c.gcno:no functions found
[/mnt/host/source/src/platform/ec/build/zephyr/telith-lcov] stderr:
[baze:rw] [95/353] Building C object CMakeFiles/app.dir/mnt/host/source/src/platform/ec/build/zephyr/baze/modules/ec/common/button.c.obj
[baze:rw] [96/353] Building C object CMakeFiles/app.dir/mnt/host/source/src/platform/ec/build/zephyr/baze/modules/ec/zephyr/program/skywalker/src/i2c.c.obj
[baze:rw] [97/353] Building C object CMakeFiles/app.dir/mnt/host/source/src/platform/ec/build/zephyr/baze/modules/ec/common/math_util.c.obj
[kaladin:ro] -- Using ccache: /usr/bin/ccache
[kaladin:ro] -- Performing EC specific devicetree checks
[baze:ro] [63/353] Building C object CMakeFiles/app.dir/mnt/host/source/src/platform/ec/build/zephyr/baze/modules/ec/common/keyboard_mkbp.c.obj
[baze:ro] [64/353] Building C object CMakeFiles/app.dir/mnt/host/source/src/platform/ec/build/zephyr/baze/modules/ec/common/keyboard_scan.c.obj
[baze:ro] [65/353] Building C object CMakeFiles/app.dir/mnt/host/source/src/platform/ec/build/zephyr/baze/modules/ec/common/mkbp_fifo.c.obj
[baze:ro] [66/353] Building C object CMakeFiles/app.dir/mnt/host/source/src/platform/ec/build/zephyr/baze/modules/ec/common/mkbp_info.c.obj
[/mnt/host/source/src/platform/ec/build/zephyr/adlrvp_npcx-lcov]   /mnt/host/source/src/platform/ec/build/zephyr/adlrvp_npcx/build-ro/zephyr/CMakeFiles/zephyr.dir/subsys/shell/modules/kernel_service/kernel_shell.c.gcno:no functions found
[/mnt/host/source/src/platform/ec/build/zephyr/adlrvp_npcx-lcov] stderr:
[baze:rw] [98/353] Building C object CMakeFiles/app.dir/mnt/host/source/src/platform/ec/build/zephyr/baze/modules/ec/zephyr/program/skywalker/src/hibernate.c.obj
[kaladin:ro] INFO: Verified 48 GPIOs, no duplicates found
[baze:ro] [67/353] Building C object CMakeFiles/app.dir/mnt/host/source/src/platform/ec/build/zephyr/baze/modules/ec/common/mkbp_input_devices.c.obj
[/mnt/host/source/src/platform/ec/build/zephyr/adlrvp_npcx-lcov]   /mnt/host/source/src/platform/ec/build/zephyr/adlrvp_npcx/build-ro/zephyr/CMakeFiles/zephyr.dir/lib/libc/validate_libc.c.gcno:no functions found
[/mnt/host/source/src/platform/ec/build/zephyr/adlrvp_npcx-lcov] stderr:
[kaladin:ro] -- Generating component manifest file
[baze:rw] [99/353] Building C object CMakeFiles/app.dir/mnt/host/source/src/platform/ec/build/zephyr/baze/modules/ec/zephyr/program/skywalker/src/hooks.c.obj
[kaladin:ro] INFO: Verified 16 '*-gpios' properties, all flags match.
[kaladin:ro] INFO: Skipped 18 named-gpios children.
[kaladin:ro] INFO: Running CME, outputting to /mnt/host/source/src/platform/ec/build/zephyr/kaladin/build-ro/zephyr/component_manifest.json
[kaladin:ro] INFO: Project kaladin does not support SSFC
[kaladin:ro] INFO: No motionsense-sensor node found
[baze:rw] [100/353] Building C object CMakeFiles/app.dir/mnt/host/source/src/platform/ec/build/zephyr/baze/modules/ec/zephyr/program/skywalker/src/backlight.c.obj
[kaladin:ro] -- warning_base_override: -Wall;-Wformat;-Wformat-security;-Wformat;-Wno-format-zero-length;-Wno-pointer-sign;-Wpointer-arith;-Wexpansion-to-defined
[kaladin:ro] The PW_ROOT environment variable is not set; using /mnt/host/source/src/platform/ec/build/zephyr/kaladin/modules/pigweed within CMake
[baze:rw] [101/353] Building C object CMakeFiles/app.dir/baze/src/charger.c.obj
[baze:rw] [102/353] Building C object CMakeFiles/app.dir/baze/src/keyboard.c.obj
[baze:ro] [68/353] Building C object CMakeFiles/app.dir/mnt/host/source/src/platform/ec/build/zephyr/baze/modules/ec/common/motion_lid.c.obj
[baze:rw] [103/353] Building C object CMakeFiles/app.dir/mnt/host/source/src/platform/ec/build/zephyr/baze/modules/ec/zephyr/program/skywalker/src/dp_alt_mode.c.obj
[baze:ro] [69/353] Building C object CMakeFiles/app.dir/mnt/host/source/src/platform/ec/build/zephyr/baze/modules/ec/common/lid_angle_keyboard_policy.c.obj
[/mnt/host/source/src/platform/ec/build/zephyr/lapis-lcov]   /mnt/host/source/src/platform/ec/build/zephyr/lapis/build-rw/zephyr/arch/common/CMakeFiles/isr_tables.dir/isr_tables.c.gcno:no functions found
[/mnt/host/source/src/platform/ec/build/zephyr/lapis-lcov] stderr:
[baze:ro] [70/353] Building C object CMakeFiles/app.dir/mnt/host/source/src/platform/ec/build/zephyr/baze/modules/ec/common/lid_angle.c.obj
[baze:ro] [71/353] Building C object CMakeFiles/app.dir/mnt/host/source/src/platform/ec/build/zephyr/baze/modules/ec/common/led_common.c.obj
[baze:rw] [104/353] Building C object CMakeFiles/app.dir/baze/src/sensor.c.obj
[baze:rw] [105/353] Building C object zephyr/CMakeFiles/zephyr.dir/lib/libc/validate_libc.c.obj
[baze:ro] [72/353] Building C object CMakeFiles/app.dir/mnt/host/source/src/platform/ec/build/zephyr/baze/modules/ec/common/lid_switch.c.obj
[baze:rw] [106/353] Building C object zephyr/CMakeFiles/zephyr.dir/lib/heap/heap.c.obj
[baze:rw] [107/353] Building C object zephyr/CMakeFiles/zephyr.dir/lib/os/cbprintf_packaged.c.obj
[baze:rw] [108/353] Building C object CMakeFiles/app.dir/baze/src/touch_panel.c.obj
[baze:rw] [109/353] Building C object CMakeFiles/app.dir/baze/src/thermal.c.obj
[/mnt/host/source/src/platform/ec/build/zephyr/adlrvp_npcx-lcov]   /mnt/host/source/src/platform/ec/build/zephyr/adlrvp_npcx/build-ro/zephyr/CMakeFiles/zephyr.dir/lib/utils/last_section_id.c.gcno:no functions found
[/mnt/host/source/src/platform/ec/build/zephyr/adlrvp_npcx-lcov] stderr:
[baze:rw] [110/353] Building C object zephyr/CMakeFiles/zephyr.dir/lib/os/clock.c.obj
[it82002_evb:singleimage] Parsing /mnt/host/source/src/third_party/zephyr/main/Kconfig
[baze:ro] [73/353] Building C object CMakeFiles/app.dir/mnt/host/source/src/platform/ec/build/zephyr/baze/modules/ec/common/mkbp_event.c.obj
[baze:rw] [111/353] Linking C static library app/libapp.a
[baze:ro] [74/353] Building C object CMakeFiles/app.dir/mnt/host/source/src/platform/ec/build/zephyr/baze/modules/ec/common/power_button.c.obj
[baze:ro] [75/353] Building C object CMakeFiles/app.dir/mnt/host/source/src/platform/ec/build/zephyr/baze/modules/ec/power/common.c.obj
[baze:ro] [76/353] Building C object CMakeFiles/app.dir/mnt/host/source/src/platform/ec/build/zephyr/baze/modules/ec/common/motion_sense.c.obj
[baze:rw] [112/353] Building C object zephyr/CMakeFiles/zephyr.dir/lib/os/sem.c.obj
[baze:rw] [113/353] Building C object zephyr/CMakeFiles/zephyr.dir/lib/os/printk.c.obj
[baze:rw] [114/353] Building C object zephyr/CMakeFiles/zephyr.dir/lib/os/thread_entry.c.obj
[baze:rw] [115/353] Building C object zephyr/CMakeFiles/zephyr.dir/lib/os/cbprintf_nano.c.obj
[baze:ro] [77/353] Building C object CMakeFiles/app.dir/mnt/host/source/src/platform/ec/build/zephyr/baze/modules/ec/power/host_sleep.c.obj
[baze:rw] [116/353] Building C object zephyr/CMakeFiles/zephyr.dir/lib/utils/dec.c.obj
[baze:rw] [117/353] Building C object zephyr/CMakeFiles/zephyr.dir/lib/os/assert.c.obj
[baze:rw] [118/353] Building C object zephyr/CMakeFiles/zephyr.dir/lib/utils/hex.c.obj
[baze:rw] [119/353] Building C object zephyr/CMakeFiles/zephyr.dir/lib/os/cbprintf.c.obj
[baze:rw] [120/353] Building C object zephyr/CMakeFiles/zephyr.dir/lib/utils/timeutil.c.obj
[baze:rw] [121/353] Building C object zephyr/CMakeFiles/zephyr.dir/lib/utils/bitmask.c.obj
[it82002_evb:singleimage] Loaded configuration '/mnt/host/source/src/platform/ec/zephyr/boards/google/it8xxx2/it8xxx2_it82002aw_defconfig'
[it82002_evb:singleimage] Merged configuration '/mnt/host/source/src/platform/ec/zephyr/program/it8xxx2_evb/it82002_evb/project.conf'
[it82002_evb:singleimage] Merged configuration '/mnt/host/source/src/platform/ec/build/zephyr/it82002_evb/kconfig-singleimage.conf'
[it82002_evb:singleimage] Configuration saved to '/mnt/host/source/src/platform/ec/build/zephyr/it82002_evb/build-singleimage/zephyr/.config'
[it82002_evb:singleimage] Kconfig header saved to '/mnt/host/source/src/platform/ec/build/zephyr/it82002_evb/build-singleimage/zephyr/include/generated/zephyr/autoconf.h'
[it82002_evb:singleimage] -- Found GnuLd: /home/jpmurphy/.cache/coreboot-sdk/riscv64-elf/96b949749225b6aaa92ed810ab769e8dfb12f000/riscv64-elf/bin/ld.bfd (found version "2.43.1")
[baze:rw] [122/353] Building C object zephyr/CMakeFiles/zephyr.dir/lib/utils/last_section_id.c.obj
[baze:ro] [78/353] Building C object CMakeFiles/app.dir/mnt/host/source/src/platform/ec/build/zephyr/baze/modules/ec/common/panic_output.c.obj
[baze:ro] [79/353] Building C object CMakeFiles/app.dir/mnt/host/source/src/platform/ec/build/zephyr/baze/modules/ec/common/shared_mem.c.obj
[baze:ro] [80/353] Building C object CMakeFiles/app.dir/mnt/host/source/src/platform/ec/build/zephyr/baze/modules/ec/power/mt8186.c.obj
[baze:rw] [123/353] Building C object zephyr/CMakeFiles/zephyr.dir/lib/utils/rb.c.obj
[it82002_evb:singleimage] -- The C compiler identification is GNU 14.2.0
[baze:ro] [81/353] Building C object CMakeFiles/app.dir/mnt/host/source/src/platform/ec/build/zephyr/baze/modules/ec/common/switch.c.obj
[baze:rw] [124/353] Building C object zephyr/CMakeFiles/zephyr.dir/lib/utils/ring_buffer.c.obj
[baze:rw] [125/353] Building C object zephyr/CMakeFiles/zephyr.dir/lib/utils/getopt/getopt.c.obj
[baze:rw] [126/353] Building C object zephyr/CMakeFiles/zephyr.dir/misc/generated/configs.c.obj
[baze:rw] [127/353] Building C object zephyr/CMakeFiles/zephyr.dir/lib/utils/bitarray.c.obj
[it82002_evb:singleimage] -- The CXX compiler identification is GNU 14.2.0
[baze:rw] [128/353] Building C object zephyr/CMakeFiles/zephyr.dir/lib/utils/getopt/getopt_common.c.obj
[baze:rw] [129/353] Building ASM object zephyr/CMakeFiles/zephyr.dir/soc/ite/ec/common/soc_irq.S.obj
[baze:ro] [82/353] Building C object CMakeFiles/app.dir/mnt/host/source/src/platform/ec/build/zephyr/baze/modules/ec/common/tablet_mode.c.obj
[it82002_evb:singleimage] -- The ASM compiler identification is GNU
[it82002_evb:singleimage] warning: Deprecated symbol I2C_ALLOW_NO_STOP_TRANSACTIONS is enabled.
[it82002_evb:singleimage] CMake Warning at /mnt/host/source/src/platform/ec/zephyr/cmake/linker/ld/linker_libraries.cmake:11 (message):
[it82002_evb:singleimage]   Disabling c_library
[it82002_evb:singleimage] Call Stack (most recent call first):
[it82002_evb:singleimage]   /mnt/host/source/src/third_party/zephyr/main/cmake/target_toolchain_flags.cmake:48 (include)
[it82002_evb:singleimage]   /mnt/host/source/src/third_party/zephyr/main/cmake/modules/kernel.cmake:153 (include)
[it82002_evb:singleimage]   /mnt/host/source/src/third_party/zephyr/main/cmake/modules/zephyr_default.cmake:138 (include)
[it82002_evb:singleimage]   /mnt/host/source/src/third_party/zephyr/main/share/zephyr-package/cmake/ZephyrConfig.cmake:66 (include)
[it82002_evb:singleimage]   /mnt/host/source/src/third_party/zephyr/main/share/zephyr-package/cmake/ZephyrConfig.cmake:97 (include_boilerplate)
[it82002_evb:singleimage]   CMakeLists.txt:7 (find_package)
[baze:rw] [130/353] Building C object zephyr/CMakeFiles/zephyr.dir/soc/ite/ec/common/soc_common_irq.c.obj
[baze:rw] [131/353] Building ASM object zephyr/CMakeFiles/zephyr.dir/soc/ite/ec/it8xxx2/vector.S.obj
[baze:ro] [83/353] Building C object CMakeFiles/app.dir/mnt/host/source/src/platform/ec/build/zephyr/baze/modules/ec/common/thermal.c.obj
[baze:ro] [84/353] Building C object CMakeFiles/app.dir/mnt/host/source/src/platform/ec/build/zephyr/baze/modules/ec/common/temp_sensor.c.obj
[baze:ro] [85/353] Building C object CMakeFiles/app.dir/mnt/host/source/src/platform/ec/build/zephyr/baze/modules/ec/driver/temp_sensor/thermistor.c.obj
[baze:rw] [132/353] Building C object zephyr/CMakeFiles/zephyr.dir/soc/ite/ec/it8xxx2/soc.c.obj
[it82002_evb:singleimage] -- Found assembler: /home/jpmurphy/.cache/coreboot-sdk/riscv64-elf/96b949749225b6aaa92ed810ab769e8dfb12f000/bin/riscv64-elf-gcc
[it82002_evb:singleimage] -- Performing EC specific devicetree checks
[baze:ro] [86/353] Building C object CMakeFiles/app.dir/mnt/host/source/src/platform/ec/build/zephyr/baze/modules/ec/common/timer.c.obj
[baze:rw] [133/353] Building C object zephyr/CMakeFiles/zephyr.dir/soc/ite/ec/common/power.c.obj
[baze:rw] [134/353] Building C object zephyr/CMakeFiles/zephyr.dir/soc/ite/ec/it8xxx2/check_regs.c.obj
[baze:rw] [135/353] Building C object zephyr/CMakeFiles/zephyr.dir/soc/ite/ec/common/policy.c.obj
[it82002_evb:singleimage] INFO: Verified 1 GPIOs, no duplicates found
[it82002_evb:singleimage] INFO: Verified 2 '*-gpios' properties, all flags match.
[it82002_evb:singleimage] INFO: Skipped 1 named-gpios children.
[baze:ro] [87/353] Building C object CMakeFiles/app.dir/mnt/host/source/src/platform/ec/build/zephyr/baze/modules/ec/common/usb_port_power_dumb.c.obj
[/mnt/host/source/src/platform/ec/build/zephyr/telith-lcov]   /mnt/host/source/src/platform/ec/build/zephyr/telith/build-ro/CMakeFiles/app.dir/mnt/host/source/src/platform/ec/build/zephyr/telith/modules/ec/common/usb_pd_pdo.c.gcno:no functions found
[/mnt/host/source/src/platform/ec/build/zephyr/telith-lcov] stderr:
[baze:rw] [136/353] Building C object zephyr/CMakeFiles/zephyr.dir/soc/ite/ec/it8xxx2/ilm.c.obj
[it82002_evb:singleimage] -- Generating component manifest file
[baze:rw] [137/353] Building C object zephyr/CMakeFiles/zephyr.dir/subsys/logging/log_minimal.c.obj
[kaladin:ro] -- Found gen_kobject_list: /mnt/host/source/src/third_party/zephyr/main/scripts/build/gen_kobject_list.py
[baze:rw] [138/353] Building C object zephyr/CMakeFiles/zephyr.dir/subsys/pm/state.c.obj
[kaladin:ro] CMake Warning at /mnt/host/source/src/third_party/zephyr/main/CMakeLists.txt:1134 (message):
[kaladin:ro]   No SOURCES given to Zephyr library: drivers__syscon
[kaladin:ro]   Excluding target from build.
[it82002_evb:singleimage] INFO: Running CME, outputting to /mnt/host/source/src/platform/ec/build/zephyr/it82002_evb/build-singleimage/zephyr/component_manifest.json
[it82002_evb:singleimage] INFO: Project it82002_evb does not support SSFC
[it82002_evb:singleimage] INFO: No usbc node found
[it82002_evb:singleimage] INFO: No motionsense-sensor node found
[baze:ro] [88/353] Building C object CMakeFiles/app.dir/mnt/host/source/src/platform/ec/build/zephyr/baze/modules/ec/common/usbc_utils.c.obj
[baze:ro] [89/353] Building C object CMakeFiles/app.dir/mnt/host/source/src/platform/ec/build/zephyr/baze/modules/ec/common/chargen.c.obj
[baze:rw] [139/353] Building C object zephyr/CMakeFiles/zephyr.dir/subsys/pm/policy/policy_latency.c.obj
[baze:rw] [140/353] Building C object zephyr/CMakeFiles/zephyr.dir/subsys/pm/policy/policy_events.c.obj
[baze:rw] [141/353] Building C object zephyr/CMakeFiles/zephyr.dir/subsys/pm/pm.c.obj
[it82002_evb:singleimage] -- warning_base_override: -Wall;-Wformat;-Wformat-security;-Wformat;-Wno-format-zero-length;-Wno-pointer-sign;-Wpointer-arith;-Wexpansion-to-defined
[kaladin:ro] -- Configuring done (19.2s)
[baze:ro] [90/353] Building C object CMakeFiles/app.dir/mnt/host/source/src/platform/ec/build/zephyr/baze/modules/ec/common/usb_common.c.obj
[baze:ro] [91/353] Building C object CMakeFiles/app.dir/mnt/host/source/src/platform/ec/build/zephyr/baze/modules/ec/common/usb_pd_host_cmd_common.c.obj
[baze:rw] [142/353] Building C object zephyr/CMakeFiles/zephyr.dir/subsys/pm/policy/policy_state_lock.c.obj
[baze:rw] [143/353] Building C object zephyr/CMakeFiles/zephyr.dir/subsys/pm/device.c.obj
[baze:rw] [144/353] Building C object zephyr/CMakeFiles/zephyr.dir/subsys/pm/device_system_managed.c.obj
[it82002_evb:singleimage] -- Found gen_kobject_list: /mnt/host/source/src/third_party/zephyr/main/scripts/build/gen_kobject_list.py
[baze:ro] [92/353] Building C object CMakeFiles/app.dir/mnt/host/source/src/platform/ec/build/zephyr/baze/modules/ec/common/vboot_hash.c.obj
[it82002_evb:singleimage] CMake Warning at /mnt/host/source/src/third_party/zephyr/main/CMakeLists.txt:2359 (message):
[baze:rw] [145/353] Building C object zephyr/CMakeFiles/zephyr.dir/subsys/testsuite/coverage/coverage.c.obj
[baze:rw] [146/353] Building C object zephyr/CMakeFiles/zephyr.dir/subsys/tracing/tracing_none.c.obj
[it82002_evb:singleimage] -- Configuring done (14.4s)
[baze:ro] [93/353] Building C object CMakeFiles/app.dir/mnt/host/source/src/platform/ec/build/zephyr/baze/modules/ec/common/button.c.obj
[baze:ro] [94/353] Building C object CMakeFiles/app.dir/mnt/host/source/src/platform/ec/build/zephyr/baze/modules/ec/common/vboot/efs2.c.obj
[baze:rw] [147/353] Building C object zephyr/CMakeFiles/zephyr.dir/subsys/shell/modules/kernel_service/kernel_shell.c.obj
[/mnt/host/source/src/platform/ec/build/zephyr/lapis-lcov]   /mnt/host/source/src/platform/ec/build/zephyr/lapis/build-rw/zephyr/CMakeFiles/zephyr.dir/subsys/shell/modules/kernel_service/kernel_shell.c.gcno:no functions found
[/mnt/host/source/src/platform/ec/build/zephyr/lapis-lcov] stderr:
[baze:rw] [148/353] Building C object zephyr/CMakeFiles/zephyr.dir/subsys/shell/modules/kernel_service/cycles.c.obj
[baze:rw] [149/353] Building C object zephyr/CMakeFiles/zephyr.dir/subsys/shell/modules/kernel_service/sleep.c.obj
[it82002_evb:singleimage] -- Generating done (0.4s)
[it82002_evb:singleimage]   __ASSERT() statements are globally ENABLED
[it82002_evb:singleimage] CMake Warning:
[it82002_evb:singleimage]   Manually-specified variables were not used by the project:
[it82002_evb:singleimage]     COREBOOT_SDK_ROOT_arm
[it82002_evb:singleimage]     COREBOOT_SDK_ROOT_libstdcxx_arm
[it82002_evb:singleimage]     COREBOOT_SDK_ROOT_libstdcxx_x86
[it82002_evb:singleimage]     COREBOOT_SDK_ROOT_nds32
[it82002_evb:singleimage]     COREBOOT_SDK_ROOT_picolibc_arm
[it82002_evb:singleimage]     COREBOOT_SDK_ROOT_picolibc_x86
[it82002_evb:singleimage]     COREBOOT_SDK_ROOT_riscv
[it82002_evb:singleimage]     COREBOOT_SDK_ROOT_x86
[it82002_evb:singleimage] -- Build files have been written to: /mnt/host/source/src/platform/ec/build/zephyr/it82002_evb/build-singleimage
[baze:ro] [95/353] Building C object CMakeFiles/app.dir/mnt/host/source/src/platform/ec/build/zephyr/baze/modules/ec/common/vstore.c.obj
[/mnt/host/source/src/platform/ec/build/zephyr/lapis-lcov]   /mnt/host/source/src/platform/ec/build/zephyr/lapis/build-rw/zephyr/CMakeFiles/zephyr.dir/lib/libc/validate_libc.c.gcno:no functions found
[/mnt/host/source/src/platform/ec/build/zephyr/lapis-lcov] stderr:
[baze:ro] [96/353] Building C object CMakeFiles/app.dir/mnt/host/source/src/platform/ec/build/zephyr/baze/modules/ec/common/math_util.c.obj
[baze:rw] [150/353] Building C object zephyr/CMakeFiles/zephyr.dir/subsys/shell/modules/kernel_service/uptime.c.obj
[baze:ro] [97/353] Building C object CMakeFiles/app.dir/mnt/host/source/src/platform/ec/build/zephyr/baze/modules/ec/zephyr/program/skywalker/src/i2c.c.obj
[baze:rw] [151/353] Building C object zephyr/CMakeFiles/zephyr.dir/subsys/shell/modules/kernel_service/version.c.obj
[baze:rw] [152/353] Building C object zephyr/CMakeFiles/zephyr.dir/subsys/shell/modules/kernel_service/thread/thread.c.obj
[baze:rw] [153/353] Building C object zephyr/CMakeFiles/zephyr.dir/subsys/shell/modules/kernel_service/thread/list.c.obj
[baze:rw] [154/353] Building C object zephyr/CMakeFiles/zephyr.dir/subsys/shell/modules/kernel_service/thread/unwind.c.obj
[baze:ro] [98/353] Building C object CMakeFiles/app.dir/mnt/host/source/src/platform/ec/build/zephyr/baze/modules/ec/zephyr/program/skywalker/src/hibernate.c.obj
[baze:ro] [99/353] Building C object CMakeFiles/app.dir/mnt/host/source/src/platform/ec/build/zephyr/baze/modules/ec/zephyr/program/skywalker/src/hooks.c.obj
[baze:rw] [155/353] Building C object zephyr/CMakeFiles/zephyr.dir/subsys/shell/modules/kernel_service/thread/stacks.c.obj
[baze:ro] [100/353] Building C object CMakeFiles/app.dir/mnt/host/source/src/platform/ec/build/zephyr/baze/modules/ec/zephyr/program/skywalker/src/backlight.c.obj
[baze:rw] [156/353] Building C object zephyr/CMakeFiles/zephyr.dir/subsys/shell/modules/kernel_service/thread/resume.c.obj
[baze:rw] [157/353] Building C object zephyr/CMakeFiles/zephyr.dir/subsys/shell/modules/kernel_service/thread/suspend.c.obj
[baze:ro] [101/353] Building C object CMakeFiles/app.dir/baze/src/charger.c.obj
[baze:rw] [158/353] Building C object zephyr/CMakeFiles/zephyr.dir/subsys/shell/modules/kernel_service/thread/kill.c.obj
[baze:ro] [102/353] Building C object CMakeFiles/app.dir/mnt/host/source/src/platform/ec/build/zephyr/baze/modules/ec/zephyr/program/skywalker/src/dp_alt_mode.c.obj
[baze:rw] [159/353] Building C object zephyr/CMakeFiles/zephyr.dir/subsys/shell/shell_fprintf.c.obj
[baze:rw] [160/353] Building C object zephyr/CMakeFiles/zephyr.dir/subsys/shell/backends/shell_uart.c.obj
[baze:ro] [103/353] Building C object CMakeFiles/app.dir/baze/src/keyboard.c.obj
[baze:rw] [161/353] Building C object zephyr/CMakeFiles/zephyr.dir/subsys/shell/shell_utils.c.obj
[baze:rw] [162/353] Building C object zephyr/CMakeFiles/zephyr.dir/subsys/shell/shell.c.obj
[baze:rw] [163/353] Building C object zephyr/CMakeFiles/zephyr.dir/subsys/shell/shell_help.c.obj
[baze:ro] [104/353] Building C object CMakeFiles/app.dir/baze/src/sensor.c.obj
[baze:rw] [164/353] Building C object zephyr/CMakeFiles/zephyr.dir/subsys/shell/shell_ops.c.obj
[baze:rw] [165/353] Building C object zephyr/CMakeFiles/zephyr.dir/subsys/shell/shell_history.c.obj
[baze:ro] [105/353] Building C object CMakeFiles/app.dir/baze/src/thermal.c.obj
[baze:rw] [166/353] Building C object zephyr/arch/common/CMakeFiles/arch__common.dir/sw_isr_common.c.obj
[baze:ro] [106/353] Building C object zephyr/CMakeFiles/zephyr.dir/lib/libc/validate_libc.c.obj
[baze:rw] [167/353] Building C object zephyr/arch/common/CMakeFiles/arch__common.dir/init.c.obj
[baze:rw] [168/353] Building C object zephyr/arch/common/CMakeFiles/arch__common.dir/dynamic_isr.c.obj
[baze:rw] [169/353] Building C object zephyr/CMakeFiles/zephyr.dir/drivers/flash/flash_util.c.obj
[baze:ro] [107/353] Building C object CMakeFiles/app.dir/baze/src/touch_panel.c.obj
[baze:ro] [108/353] Building C object zephyr/CMakeFiles/zephyr.dir/lib/heap/heap.c.obj
[baze:rw] [170/353] Linking C static library zephyr/libzephyr.a
[baze:rw] [171/353] Building C object zephyr/arch/common/CMakeFiles/isr_tables.dir/isr_tables.c.obj
[baze:rw] [172/353] Building C object zephyr/arch/common/CMakeFiles/arch__common.dir/xip.c.obj
[baze:rw] [173/353] Linking C static library zephyr/arch/common/libisr_tables.a
[baze:ro] [109/353] Linking C static library app/libapp.a
[baze:rw] [174/353] Linking C static library zephyr/arch/common/libarch__common.a
[baze:rw] [175/353] Building C object zephyr/arch/arch/riscv/core/CMakeFiles/arch__riscv__core.dir/cpu_idle.c.obj
[baze:rw] [176/353] Building C object zephyr/arch/arch/riscv/core/CMakeFiles/arch__riscv__core.dir/prep_c.c.obj
[baze:ro] [110/353] Building C object zephyr/CMakeFiles/zephyr.dir/lib/os/cbprintf_packaged.c.obj
[baze:rw] [177/353] Building C object zephyr/arch/arch/riscv/core/CMakeFiles/arch__riscv__core.dir/fatal.c.obj
[baze:rw] [178/353] Building C object zephyr/arch/arch/riscv/core/CMakeFiles/arch__riscv__core.dir/irq_manage.c.obj
[baze:ro] [111/353] Building C object zephyr/CMakeFiles/zephyr.dir/lib/os/printk.c.obj
[baze:rw] [179/353] Generating ../../../include/generated/libc/minimal/strerror_table.h
[baze:ro] [112/353] Building C object zephyr/CMakeFiles/zephyr.dir/lib/os/clock.c.obj
[baze:rw] [180/353] Building C object zephyr/arch/arch/riscv/core/CMakeFiles/arch__riscv__core.dir/reboot.c.obj
[baze:ro] [113/353] Building C object zephyr/CMakeFiles/zephyr.dir/lib/os/sem.c.obj
[baze:rw] [181/353] Building C object zephyr/lib/libc/minimal/CMakeFiles/lib__libc__minimal.dir/source/stdlib/atoi.c.obj
[baze:rw] [182/353] Building ASM object zephyr/arch/arch/riscv/core/CMakeFiles/arch__riscv__core.dir/reset.S.obj
[baze:ro] [114/353] Building C object zephyr/CMakeFiles/zephyr.dir/lib/os/thread_entry.c.obj
[baze:rw] [183/353] Building ASM object zephyr/arch/arch/riscv/core/CMakeFiles/arch__riscv__core.dir/isr.S.obj
[baze:rw] [184/353] Building C object zephyr/lib/libc/minimal/CMakeFiles/lib__libc__minimal.dir/source/stdlib/strtoul.c.obj
[baze:rw] [185/353] Building C object zephyr/lib/libc/minimal/CMakeFiles/lib__libc__minimal.dir/source/stdlib/strtol.c.obj
[baze:rw] [186/353] Building ASM object zephyr/arch/arch/riscv/core/CMakeFiles/arch__riscv__core.dir/switch.S.obj
[baze:ro] [115/353] Building C object zephyr/CMakeFiles/zephyr.dir/lib/utils/dec.c.obj
[baze:rw] [187/353] Building C object zephyr/arch/arch/riscv/core/CMakeFiles/arch__riscv__core.dir/thread.c.obj
[baze:rw] [188/353] Building C object zephyr/lib/libc/minimal/CMakeFiles/lib__libc__minimal.dir/source/stdlib/strtoll.c.obj
[baze:rw] [189/353] Building C object zephyr/lib/libc/minimal/CMakeFiles/lib__libc__minimal.dir/source/stdlib/strtoull.c.obj
[baze:rw] [190/353] Building C object zephyr/lib/libc/minimal/CMakeFiles/lib__libc__minimal.dir/source/stdlib/bsearch.c.obj
[baze:ro] [116/353] Building C object zephyr/CMakeFiles/zephyr.dir/lib/os/cbprintf_nano.c.obj
[baze:ro] [117/353] Building C object zephyr/CMakeFiles/zephyr.dir/lib/utils/hex.c.obj
[baze:rw] [191/353] Building C object zephyr/lib/libc/minimal/CMakeFiles/lib__libc__minimal.dir/source/string/strstr.c.obj
[baze:ro] [118/353] Building C object zephyr/CMakeFiles/zephyr.dir/lib/os/assert.c.obj
[baze:rw] [192/353] Building C object zephyr/lib/libc/minimal/CMakeFiles/lib__libc__minimal.dir/source/string/strncasecmp.c.obj
[baze:rw] [193/353] Building C object zephyr/arch/arch/riscv/core/CMakeFiles/arch__riscv__core.dir/stacktrace.c.obj
[baze:rw] [194/353] Building C object zephyr/lib/libc/minimal/CMakeFiles/lib__libc__minimal.dir/source/string/string.c.obj
[baze:ro] [119/353] Building C object zephyr/CMakeFiles/zephyr.dir/lib/os/cbprintf.c.obj
[baze:rw] [195/353] Linking C static library zephyr/arch/arch/riscv/core/libarch__riscv__core.a
[baze:rw] [196/353] Building C object zephyr/lib/libc/minimal/CMakeFiles/lib__libc__minimal.dir/source/stdlib/qsort.c.obj
[baze:rw] [197/353] Building C object zephyr/lib/libc/minimal/CMakeFiles/lib__libc__minimal.dir/source/string/strspn.c.obj
[baze:rw] [198/353] Building C object zephyr/lib/libc/minimal/CMakeFiles/lib__libc__minimal.dir/source/string/strerror.c.obj
[baze:ro] [120/353] Building C object zephyr/CMakeFiles/zephyr.dir/lib/utils/bitmask.c.obj
[baze:ro] [121/353] Building C object zephyr/CMakeFiles/zephyr.dir/lib/utils/timeutil.c.obj
[baze:rw] [199/353] Building C object zephyr/lib/libc/minimal/CMakeFiles/lib__libc__minimal.dir/source/math/sqrtf.c.obj
[baze:rw] [200/353] Building C object zephyr/lib/libc/minimal/CMakeFiles/lib__libc__minimal.dir/source/math/sqrt.c.obj
[baze:rw] [201/353] Building C object zephyr/lib/libc/minimal/CMakeFiles/lib__libc__minimal.dir/source/stdlib/exit.c.obj
[baze:rw] [202/353] Building C object zephyr/lib/libc/common/CMakeFiles/lib__libc__common.dir/source/time/asctime.c.obj
[baze:ro] [122/353] Building C object zephyr/CMakeFiles/zephyr.dir/lib/utils/ring_buffer.c.obj
[baze:rw] [203/353] Building C object zephyr/lib/libc/common/CMakeFiles/lib__libc__common.dir/source/time/gmtime_r.c.obj
[baze:rw] [204/353] Building C object zephyr/lib/libc/minimal/CMakeFiles/lib__libc__minimal.dir/source/stdout/sprintf.c.obj
[baze:ro] [123/353] Building C object zephyr/CMakeFiles/zephyr.dir/lib/utils/rb.c.obj
[baze:ro] [124/353] Building C object zephyr/CMakeFiles/zephyr.dir/lib/utils/getopt/getopt.c.obj
[baze:rw] [205/353] Building C object zephyr/lib/libc/minimal/CMakeFiles/lib__libc__minimal.dir/source/stdout/fprintf.c.obj
[baze:rw] [206/353] Building C object zephyr/lib/libc/minimal/CMakeFiles/lib__libc__minimal.dir/source/stdout/stdout_console.c.obj
[baze:ro] [125/353] Building C object zephyr/CMakeFiles/zephyr.dir/lib/utils/last_section_id.c.obj
[baze:rw] [207/353] Building C object zephyr/lib/libc/minimal/CMakeFiles/lib__libc__minimal.dir/source/time/gmtime.c.obj
[baze:ro] [126/353] Building C object zephyr/CMakeFiles/zephyr.dir/lib/utils/bitarray.c.obj
[baze:ro] [127/353] Building C object zephyr/CMakeFiles/zephyr.dir/lib/utils/getopt/getopt_common.c.obj
[baze:rw] [208/353] Building C object zephyr/lib/libc/common/CMakeFiles/lib__libc__common.dir/source/time/ctime.c.obj
[baze:rw] [209/353] Linking C static library zephyr/lib/libc/minimal/liblib__libc__minimal.a
[baze:rw] [210/353] Building C object zephyr/lib/libc/common/CMakeFiles/lib__libc__common.dir/source/string/strnlen.c.obj
[baze:rw] [211/353] Building C object zephyr/lib/libc/common/CMakeFiles/lib__libc__common.dir/source/time/time.c.obj
[baze:rw] [212/353] Building C object zephyr/lib/libc/common/CMakeFiles/lib__libc__common.dir/source/time/localtime_r_utc.c.obj
[baze:ro] [128/353] Building ASM object zephyr/CMakeFiles/zephyr.dir/soc/ite/ec/common/soc_irq.S.obj
[baze:rw] [213/353] Building C object zephyr/lib/libc/common/CMakeFiles/lib__libc__common.dir/source/stdlib/abort.c.obj
[baze:rw] [214/353] Building C object zephyr/lib/posix/c_lib_ext/CMakeFiles/lib__posix__c_lib_ext.dir/fnmatch.c.obj
[baze:ro] [129/353] Building C object zephyr/CMakeFiles/zephyr.dir/misc/generated/configs.c.obj
[baze:rw] [215/353] Building C object zephyr/subsys/crc/CMakeFiles/subsys__crc.dir/crc4_sw.c.obj
[/mnt/host/source/src/platform/ec/build/zephyr/adlrvp_npcx-lcov]   /mnt/host/source/src/platform/ec/build/zephyr/adlrvp_npcx/build-ro/zephyr/CMakeFiles/zephyr.dir/soc/nuvoton/npcx/common/npcxn/registers.c.gcno:no functions found
[/mnt/host/source/src/platform/ec/build/zephyr/adlrvp_npcx-lcov] stderr:
[baze:rw] [216/353] Building C object zephyr/lib/libc/common/CMakeFiles/lib__libc__common.dir/source/stdlib/malloc.c.obj
[baze:ro] [130/353] Building C object zephyr/CMakeFiles/zephyr.dir/soc/ite/ec/common/soc_common_irq.c.obj
[baze:ro] [131/353] Building C object zephyr/CMakeFiles/zephyr.dir/soc/ite/ec/common/power.c.obj
[baze:rw] [217/353] Linking C static library zephyr/lib/libc/common/liblib__libc__common.a
[baze:rw] [218/353] Building C object zephyr/subsys/crc/CMakeFiles/subsys__crc.dir/crc8_sw.c.obj
[baze:rw] [219/353] Building C object zephyr/lib/smf/CMakeFiles/lib__smf.dir/smf.c.obj
[baze:rw] [220/353] Building C object zephyr/lib/posix/c_lib_ext/CMakeFiles/lib__posix__c_lib_ext.dir/getopt_shim.c.obj
[baze:ro] [132/353] Building C object zephyr/CMakeFiles/zephyr.dir/soc/ite/ec/common/policy.c.obj
[baze:rw] [221/353] Building C object zephyr/subsys/crc/CMakeFiles/subsys__crc.dir/crc16_sw.c.obj
[baze:rw] [222/353] Linking C static library zephyr/lib/smf/liblib__smf.a
[baze:rw] [223/353] Building C object zephyr/lib/posix/c_lib_ext/CMakeFiles/lib__posix__c_lib_ext.dir/getentropy.c.obj
[baze:rw] [224/353] Building C object zephyr/subsys/crc/CMakeFiles/subsys__crc.dir/crc7_sw.c.obj
[baze:ro] [133/353] Building C object zephyr/CMakeFiles/zephyr.dir/soc/ite/ec/it8xxx2/check_regs.c.obj
[baze:rw] [225/353] Linking C static library zephyr/lib/posix/c_lib_ext/liblib__posix__c_lib_ext.a
[baze:rw] [226/353] Building C object zephyr/subsys/crc/CMakeFiles/subsys__crc.dir/crc32c_sw.c.obj
[baze:ro] [134/353] Building ASM object zephyr/CMakeFiles/zephyr.dir/soc/ite/ec/it8xxx2/vector.S.obj
[baze:rw] [227/353] Building C object zephyr/subsys/crc/CMakeFiles/subsys__crc.dir/crc32_sw.c.obj
[baze:rw] [228/353] Building C object zephyr/subsys/crc/CMakeFiles/subsys__crc.dir/crc24_sw.c.obj
[baze:rw] [229/353] Building C object zephyr/subsys/crc/CMakeFiles/subsys__crc.dir/crc32k_4_2_sw.c.obj
[baze:ro] [135/353] Building C object zephyr/CMakeFiles/zephyr.dir/soc/ite/ec/it8xxx2/soc.c.obj
[baze:rw] [230/353] Building C object zephyr/subsys/mgmt/ec_host_cmd/backends/CMakeFiles/subsys__mgmt__ec_host_cmd__backends.dir/ec_host_cmd_backend_shi_ite.c.obj
[baze:rw] [231/353] Building C object zephyr/subsys/mgmt/ec_host_cmd/CMakeFiles/subsys__mgmt__ec_host_cmd.dir/ec_host_cmd_handler.c.obj
[baze:rw] [232/353] Linking C static library zephyr/subsys/crc/libsubsys__crc.a
[/mnt/host/source/src/platform/ec/build/zephyr/telith-lcov]   /mnt/host/source/src/platform/ec/build/zephyr/telith/build-ro/CMakeFiles/app.dir/mnt/host/source/src/platform/ec/build/zephyr/telith/modules/ec/common/chargen.c.gcno:no functions found
[/mnt/host/source/src/platform/ec/build/zephyr/telith-lcov] stderr:
[baze:rw] [233/353] Linking C static library zephyr/subsys/mgmt/ec_host_cmd/backends/libsubsys__mgmt__ec_host_cmd__backends.a
[baze:rw] [234/353] Linking C static library zephyr/subsys/mgmt/ec_host_cmd/libsubsys__mgmt__ec_host_cmd.a
[baze:ro] [136/353] Building C object zephyr/CMakeFiles/zephyr.dir/soc/ite/ec/it8xxx2/ilm.c.obj
[baze:ro] [137/353] Building C object zephyr/CMakeFiles/zephyr.dir/subsys/logging/log_minimal.c.obj
[baze:ro] [138/353] Building C object zephyr/CMakeFiles/zephyr.dir/subsys/pm/state.c.obj
[baze:rw] [235/353] Building C object zephyr/drivers/interrupt_controller/CMakeFiles/drivers__interrupt_controller.dir/intc_ite_it8xxx2_v2.c.obj
[baze:rw] [236/353] Building C object zephyr/drivers/adc/CMakeFiles/drivers__adc.dir/adc_common.c.obj
[baze:ro] [139/353] Building C object zephyr/CMakeFiles/zephyr.dir/subsys/pm/pm.c.obj
[baze:rw] [237/353] Building C object zephyr/drivers/interrupt_controller/CMakeFiles/drivers__interrupt_controller.dir/wuc_ite_it8xxx2.c.obj
[baze:rw] [238/353] Building C object zephyr/drivers/bbram/CMakeFiles/drivers__bbram.dir/bbram_it8xxx2.c.obj
[baze:ro] [140/353] Building C object zephyr/CMakeFiles/zephyr.dir/subsys/pm/policy/policy_events.c.obj
[baze:rw] [239/353] Linking C static library zephyr/drivers/bbram/libdrivers__bbram.a
[baze:rw] [240/353] Linking C static library zephyr/drivers/interrupt_controller/libdrivers__interrupt_controller.a
[baze:rw] [241/353] Building C object zephyr/drivers/crypto/CMakeFiles/drivers__crypto.dir/crypto_it8xxx2_sha_v2.c.obj
[baze:rw] [242/353] Building C object zephyr/drivers/console/CMakeFiles/drivers__console.dir/uart_console.c.obj
[baze:rw] [243/353] Linking C static library zephyr/drivers/crypto/libdrivers__crypto.a
[baze:rw] [244/353] Linking C static library zephyr/drivers/console/libdrivers__console.a
[baze:rw] [245/353] Building C object zephyr/drivers/adc/CMakeFiles/drivers__adc.dir/adc_ite_it8xxx2.c.obj
[baze:rw] [246/353] Linking C static library zephyr/drivers/adc/libdrivers__adc.a
[baze:ro] [141/353] Building C object zephyr/CMakeFiles/zephyr.dir/subsys/pm/policy/policy_latency.c.obj
[baze:ro] [142/353] Building C object zephyr/CMakeFiles/zephyr.dir/subsys/pm/policy/policy_state_lock.c.obj
[kaladin:ro] -- Generating done (7.8s)
[kaladin:ro] CMake Warning:
[kaladin:ro]   Manually-specified variables were not used by the project:
[kaladin:ro]     COREBOOT_SDK_ROOT_arm
[kaladin:ro]     COREBOOT_SDK_ROOT_libstdcxx_arm
[kaladin:ro]     COREBOOT_SDK_ROOT_libstdcxx_x86
[kaladin:ro]     COREBOOT_SDK_ROOT_nds32
[kaladin:ro]     COREBOOT_SDK_ROOT_picolibc_arm
[kaladin:ro]     COREBOOT_SDK_ROOT_picolibc_x86
[kaladin:ro]     COREBOOT_SDK_ROOT_riscv
[kaladin:ro]     COREBOOT_SDK_ROOT_x86
[kaladin:ro]     PW_ROOT
[kaladin:ro] -- Build files have been written to: /mnt/host/source/src/platform/ec/build/zephyr/kaladin/build-ro
[baze:ro] [143/353] Building C object zephyr/CMakeFiles/zephyr.dir/subsys/pm/device.c.obj
[baze:rw] [247/353] Building C object zephyr/drivers/flash/CMakeFiles/drivers__flash.dir/flash_ite_it8xxx2.c.obj
[baze:ro] [144/353] Building C object zephyr/CMakeFiles/zephyr.dir/subsys/pm/device_system_managed.c.obj
[baze:rw] [248/353] Linking C static library zephyr/drivers/flash/libdrivers__flash.a
[baze:rw] [249/353] Building C object zephyr/drivers/i2c/CMakeFiles/drivers__i2c.dir/i2c_common.c.obj
[baze:ro] [145/353] Building C object zephyr/CMakeFiles/zephyr.dir/subsys/testsuite/coverage/coverage.c.obj
[baze:rw] [250/353] Building C object zephyr/drivers/pinctrl/CMakeFiles/drivers__pinctrl.dir/common.c.obj
[baze:rw] [251/353] Building C object zephyr/drivers/i2c/CMakeFiles/drivers__i2c.dir/i2c_bitbang.c.obj
[baze:rw] [252/353] Building C object zephyr/drivers/i2c/CMakeFiles/drivers__i2c.dir/i2c_shell.c.obj
[baze:ro] [146/353] Building C object zephyr/CMakeFiles/zephyr.dir/subsys/tracing/tracing_none.c.obj
[baze:ro] [147/353] Building C object zephyr/CMakeFiles/zephyr.dir/subsys/shell/modules/kernel_service/kernel_shell.c.obj
[baze:rw] [253/353] Building C object zephyr/drivers/i2c/CMakeFiles/drivers__i2c.dir/i2c_ite_enhance.c.obj
[baze:rw] [254/353] Linking C static library zephyr/drivers/i2c/libdrivers__i2c.a
[baze:ro] [148/353] Building C object zephyr/CMakeFiles/zephyr.dir/subsys/shell/modules/kernel_service/cycles.c.obj
[baze:ro] [149/353] Building C object zephyr/CMakeFiles/zephyr.dir/subsys/shell/modules/kernel_service/sleep.c.obj
[baze:rw] [255/353] Building C object zephyr/drivers/syscon/CMakeFiles/drivers__syscon.dir/mnt/host/source/src/third_party/zephyr/main/misc/empty_file.c.obj
[baze:rw] [256/353] Building C object zephyr/drivers/pwm/CMakeFiles/drivers__pwm.dir/pwm_shell.c.obj
[baze:ro] [150/353] Building C object zephyr/CMakeFiles/zephyr.dir/subsys/shell/modules/kernel_service/uptime.c.obj
[baze:rw] [257/353] Linking C static library zephyr/drivers/syscon/libdrivers__syscon.a
[baze:rw] [258/353] Building C object zephyr/drivers/pwm/CMakeFiles/drivers__pwm.dir/pwm_ite_it8xxx2.c.obj
[baze:rw] [259/353] Building C object zephyr/drivers/gpio/CMakeFiles/drivers__gpio.dir/gpio_ite_it8xxx2_v2.c.obj
[baze:rw] [260/353] Building C object zephyr/drivers/pinctrl/CMakeFiles/drivers__pinctrl.dir/pinctrl_ite_it8xxx2.c.obj
[baze:ro] [151/353] Building C object zephyr/CMakeFiles/zephyr.dir/subsys/shell/modules/kernel_service/version.c.obj
[baze:rw] [261/353] Linking C static library zephyr/drivers/pinctrl/libdrivers__pinctrl.a
[baze:rw] [262/353] Linking C static library zephyr/drivers/gpio/libdrivers__gpio.a
[baze:rw] [263/353] Linking C static library zephyr/drivers/pwm/libdrivers__pwm.a
[baze:rw] [264/353] Building C object zephyr/drivers/serial/CMakeFiles/drivers__serial.dir/uart_ite_it8xxx2.c.obj
[baze:rw] [265/353] Building C object zephyr/drivers/serial/CMakeFiles/drivers__serial.dir/uart_ns16550.c.obj
[baze:rw] [266/353] Linking C static library zephyr/drivers/serial/libdrivers__serial.a
[baze:ro] [152/353] Building C object zephyr/CMakeFiles/zephyr.dir/subsys/shell/modules/kernel_service/thread/thread.c.obj
[baze:ro] [153/353] Building C object zephyr/CMakeFiles/zephyr.dir/subsys/shell/modules/kernel_service/thread/stacks.c.obj
[baze:ro] [154/353] Building C object zephyr/CMakeFiles/zephyr.dir/subsys/shell/modules/kernel_service/thread/list.c.obj
[baze:rw] [267/353] Building C object zephyr/drivers/timer/CMakeFiles/drivers__timer.dir/sys_clock_init.c.obj
[baze:ro] [155/353] Building C object zephyr/CMakeFiles/zephyr.dir/subsys/shell/modules/kernel_service/thread/suspend.c.obj
[baze:ro] [156/353] Building C object zephyr/CMakeFiles/zephyr.dir/subsys/shell/modules/kernel_service/thread/unwind.c.obj
[baze:rw] [268/353] Building C object zephyr/drivers/timer/CMakeFiles/drivers__timer.dir/ite_it8xxx2_timer.c.obj
[baze:rw] [269/353] Linking C static library zephyr/drivers/timer/libdrivers__timer.a
[baze:rw] [270/353] Building C object zephyr/drivers/watchdog/CMakeFiles/drivers__watchdog.dir/wdt_ite_it8xxx2.c.obj
[baze:rw] [271/353] Building C object zephyr/drivers/watchdog/CMakeFiles/drivers__watchdog.dir/wdt_shell.c.obj
[baze:rw] [272/353] Building C object modules/ec/zephyr/CMakeFiles/ec_shim.dir/app/ec/main_shim.c.obj
[baze:rw] [273/353] Linking C static library zephyr/drivers/watchdog/libdrivers__watchdog.a
[baze:ro] [157/353] Building C object zephyr/CMakeFiles/zephyr.dir/subsys/shell/modules/kernel_service/thread/kill.c.obj
[baze:ro] [158/353] Building C object zephyr/CMakeFiles/zephyr.dir/subsys/shell/modules/kernel_service/thread/resume.c.obj
[baze:rw] [274/353] Building C object modules/ec/zephyr/CMakeFiles/ec_shim.dir/app/ec/ec_app_main.c.obj
[baze:rw] [275/353] Building C object modules/ec/zephyr/CMakeFiles/ec_shim.dir/drivers/cros_flash/cros_flash_it8xxx2.c.obj
[baze:ro] [159/353] Building C object zephyr/CMakeFiles/zephyr.dir/subsys/shell/shell_fprintf.c.obj
[baze:ro] [160/353] Building C object zephyr/CMakeFiles/zephyr.dir/subsys/shell/backends/shell_uart.c.obj
[baze:rw] [276/353] Building C object modules/ec/zephyr/CMakeFiles/ec_shim.dir/drivers/cros_kb_raw/cros_kb_raw_ite.c.obj
[baze:ro] [161/353] Building C object zephyr/CMakeFiles/zephyr.dir/subsys/shell/shell_utils.c.obj
[baze:rw] [277/353] Building C object modules/ec/zephyr/CMakeFiles/ec_shim.dir/drivers/usbc/ucsi_v3.c.obj
[baze:rw] [278/353] Building C object modules/ec/zephyr/CMakeFiles/ec_shim.dir/drivers/cros_system/cros_system_it8xxx2.c.obj
[baze:rw] [279/353] Building C object modules/ec/zephyr/CMakeFiles/ec_shim.dir/shim/chip/it8xxx2/clock.c.obj
[baze:ro] [162/353] Building C object zephyr/CMakeFiles/zephyr.dir/subsys/shell/shell_help.c.obj
[baze:ro] [163/353] Building C object zephyr/CMakeFiles/zephyr.dir/subsys/shell/shell.c.obj
[baze:ro] [164/353] Building C object zephyr/CMakeFiles/zephyr.dir/subsys/shell/shell_ops.c.obj
[baze:ro] [165/353] Building C object zephyr/CMakeFiles/zephyr.dir/subsys/shell/shell_history.c.obj
[baze:ro] [166/353] Building C object zephyr/arch/common/CMakeFiles/arch__common.dir/sw_isr_common.c.obj
[baze:rw] [280/353] Building C object modules/ec/zephyr/CMakeFiles/ec_shim.dir/shim/chip/it8xxx2/keyboard_raw.c.obj
[baze:rw] [281/353] Building C object modules/ec/zephyr/CMakeFiles/ec_shim.dir/shim/chip/it8xxx2/system.c.obj
[baze:ro] [167/353] Building C object zephyr/CMakeFiles/zephyr.dir/drivers/flash/flash_util.c.obj
[baze:ro] [168/353] Building C object zephyr/arch/common/CMakeFiles/arch__common.dir/init.c.obj
[baze:ro] [169/353] Building C object zephyr/arch/common/CMakeFiles/arch__common.dir/dynamic_isr.c.obj
[baze:rw] [282/353] Building C object modules/ec/zephyr/CMakeFiles/ec_shim.dir/drivers/usbc/pdc_rts54xx.c.obj
[baze:rw] [283/353] Building C object modules/ec/zephyr/CMakeFiles/ec_shim.dir/shim/chip/it8xxx2/power_policy.c.obj
[baze:ro] [170/353] Linking C static library zephyr/libzephyr.a
[baze:rw] [284/353] Building C object modules/ec/zephyr/CMakeFiles/ec_shim.dir/shim/src/crc.c.obj
[baze:rw] [285/353] Building C object modules/ec/zephyr/CMakeFiles/ec_shim.dir/shim/chip/it8xxx2/gpio.c.obj
[baze:rw] [286/353] Building C object modules/ec/zephyr/CMakeFiles/ec_shim.dir/shim/chip/it8xxx2/shi.c.obj
[baze:ro] [171/353] Building C object zephyr/arch/common/CMakeFiles/arch__common.dir/xip.c.obj
[baze:ro] [172/353] Building C object zephyr/arch/common/CMakeFiles/isr_tables.dir/isr_tables.c.obj
[baze:ro] [173/353] Linking C static library zephyr/arch/common/libisr_tables.a
[baze:ro] [174/353] Building C object zephyr/arch/arch/riscv/core/CMakeFiles/arch__riscv__core.dir/cpu_idle.c.obj
[/mnt/host/source/src/platform/ec/build/zephyr/telith-lcov]   /mnt/host/source/src/platform/ec/build/zephyr/telith/build-ro/CMakeFiles/app.dir/mnt/host/source/src/platform/ec/build/zephyr/telith/modules/ec/common/cbi_config.c.gcno:no functions found
[/mnt/host/source/src/platform/ec/build/zephyr/telith-lcov] stderr:
[baze:ro] [175/353] Linking C static library zephyr/arch/common/libarch__common.a
[baze:ro] [176/353] Building C object zephyr/arch/arch/riscv/core/CMakeFiles/arch__riscv__core.dir/prep_c.c.obj
[baze:rw] [287/353] Building C object modules/ec/zephyr/CMakeFiles/ec_shim.dir/shim/src/console.c.obj
[baze:ro] [177/353] Building C object zephyr/arch/arch/riscv/core/CMakeFiles/arch__riscv__core.dir/irq_manage.c.obj
[baze:ro] [178/353] Building C object zephyr/arch/arch/riscv/core/CMakeFiles/arch__riscv__core.dir/fatal.c.obj
[baze:rw] [288/353] Building C object modules/ec/zephyr/CMakeFiles/ec_shim.dir/shim/src/panic_utils.c.obj
[baze:ro] [179/353] Building C object zephyr/arch/arch/riscv/core/CMakeFiles/arch__riscv__core.dir/reboot.c.obj
[baze:rw] [289/353] Building C object modules/ec/zephyr/CMakeFiles/ec_shim.dir/shim/src/pm_state.c.obj
[baze:rw] [290/353] Building C object modules/ec/zephyr/CMakeFiles/ec_shim.dir/shim/src/gpio_int.c.obj
[baze:ro] [180/353] Generating ../../../include/generated/libc/minimal/strerror_table.h
[baze:rw] [291/353] Building C object modules/ec/zephyr/CMakeFiles/ec_shim.dir/shim/src/gpio.c.obj
[/mnt/host/source/src/platform/ec/build/zephyr/telith-lcov]   /mnt/host/source/src/platform/ec/build/zephyr/telith/build-ro/zephyr/arch/arch/riscv/core/CMakeFiles/arch__riscv__core.dir/cpu_idle.c.gcno:no functions found
[/mnt/host/source/src/platform/ec/build/zephyr/telith-lcov] stderr:
[baze:rw] [292/353] Building C object modules/ec/zephyr/CMakeFiles/ec_shim.dir/shim/src/cbi/cros_cbi.c.obj
[baze:ro] [181/353] Building ASM object zephyr/arch/arch/riscv/core/CMakeFiles/arch__riscv__core.dir/reset.S.obj
[baze:ro] [182/353] Building C object zephyr/lib/libc/minimal/CMakeFiles/lib__libc__minimal.dir/source/stdlib/atoi.c.obj
[baze:ro] [183/353] Building ASM object zephyr/arch/arch/riscv/core/CMakeFiles/arch__riscv__core.dir/switch.S.obj
[baze:rw] [293/353] Building C object modules/ec/zephyr/CMakeFiles/ec_shim.dir/shim/src/cbi/cros_cbi_fw_config.c.obj
[baze:ro] [184/353] Building C object zephyr/arch/arch/riscv/core/CMakeFiles/arch__riscv__core.dir/thread.c.obj
[baze:ro] [185/353] Building C object zephyr/lib/libc/minimal/CMakeFiles/lib__libc__minimal.dir/source/stdlib/strtoul.c.obj
[baze:ro] [186/353] Building C object zephyr/lib/libc/minimal/CMakeFiles/lib__libc__minimal.dir/source/stdlib/strtoll.c.obj
[/mnt/host/source/src/platform/ec/build/zephyr/adlrvp_npcx-lcov]   /mnt/host/source/src/platform/ec/build/zephyr/adlrvp_npcx/build-ro/zephyr/drivers/sensor/CMakeFiles/drivers__sensor.dir/mnt/host/source/src/third_party/zephyr/main/misc/empty_file.c.gcno:no functions found
[/mnt/host/source/src/platform/ec/build/zephyr/adlrvp_npcx-lcov] stderr:
[baze:ro] [187/353] Building ASM object zephyr/arch/arch/riscv/core/CMakeFiles/arch__riscv__core.dir/isr.S.obj
[baze:rw] [294/353] Building C object modules/ec/zephyr/CMakeFiles/ec_shim.dir/shim/src/cbi/cbi_flash.c.obj
[baze:ro] [188/353] Building C object zephyr/lib/libc/minimal/CMakeFiles/lib__libc__minimal.dir/source/stdlib/strtol.c.obj
[baze:ro] [189/353] Building C object zephyr/lib/libc/minimal/CMakeFiles/lib__libc__minimal.dir/source/stdlib/bsearch.c.obj
[baze:ro] [190/353] Building C object zephyr/lib/libc/minimal/CMakeFiles/lib__libc__minimal.dir/source/stdlib/strtoull.c.obj
[baze:ro] [191/353] Building C object zephyr/lib/libc/minimal/CMakeFiles/lib__libc__minimal.dir/source/string/strncasecmp.c.obj
[/mnt/host/source/src/platform/ec/build/zephyr/adlrvp_npcx-lcov]   /mnt/host/source/src/platform/ec/build/zephyr/adlrvp_npcx/build-rw/modules/ec/zephyr/CMakeFiles/ec_shim.dir/shim/src/thermal.c.gcno:no functions found
[/mnt/host/source/src/platform/ec/build/zephyr/adlrvp_npcx-lcov] stderr:
[baze:ro] [192/353] Building C object zephyr/arch/arch/riscv/core/CMakeFiles/arch__riscv__core.dir/stacktrace.c.obj
[baze:ro] [193/353] Building C object zephyr/lib/libc/minimal/CMakeFiles/lib__libc__minimal.dir/source/string/strstr.c.obj
[baze:ro] [194/353] Building C object zephyr/lib/libc/minimal/CMakeFiles/lib__libc__minimal.dir/source/stdlib/qsort.c.obj
[baze:ro] [195/353] Linking C static library zephyr/arch/arch/riscv/core/libarch__riscv__core.a
[baze:ro] [196/353] Building C object zephyr/lib/libc/minimal/CMakeFiles/lib__libc__minimal.dir/source/string/strerror.c.obj
[baze:ro] [197/353] Building C object zephyr/lib/libc/minimal/CMakeFiles/lib__libc__minimal.dir/source/string/strspn.c.obj
[baze:rw] [295/353] Building C object modules/ec/zephyr/CMakeFiles/ec_shim.dir/shim/src/led_driver/led.c.obj
[baze:ro] [198/353] Building C object zephyr/lib/libc/minimal/CMakeFiles/lib__libc__minimal.dir/source/string/string.c.obj
[/mnt/host/source/src/platform/ec/build/zephyr/lapis-lcov]   /mnt/host/source/src/platform/ec/build/zephyr/lapis/build-rw/zephyr/CMakeFiles/zephyr.dir/lib/utils/last_section_id.c.gcno:no functions found
[/mnt/host/source/src/platform/ec/build/zephyr/lapis-lcov] stderr:
[baze:rw] [296/353] Building C object modules/ec/zephyr/CMakeFiles/ec_shim.dir/shim/src/led_driver/led_pwm.c.obj
[/mnt/host/source/src/platform/ec/build/zephyr/adlrvp_npcx-lcov]   /mnt/host/source/src/platform/ec/build/zephyr/adlrvp_npcx/build-rw/modules/ec/zephyr/CMakeFiles/ec_shim.dir/shim/src/battery.c.gcno:no functions found
[/mnt/host/source/src/platform/ec/build/zephyr/adlrvp_npcx-lcov] stderr:
[baze:rw] [297/353] Building C object modules/ec/zephyr/CMakeFiles/ec_shim.dir/shim/src/battery.c.obj
[baze:ro] [199/353] Building C object zephyr/lib/libc/minimal/CMakeFiles/lib__libc__minimal.dir/source/stdlib/exit.c.obj
[baze:rw] [298/353] Building C object modules/ec/zephyr/CMakeFiles/ec_shim.dir/shim/src/system.c.obj
[/mnt/host/source/src/platform/ec/build/zephyr/adlrvp_npcx-lcov]   /mnt/host/source/src/platform/ec/build/zephyr/adlrvp_npcx/build-rw/modules/ec/zephyr/CMakeFiles/ec_shim.dir/shim/src/charger.c.gcno:no functions found
[/mnt/host/source/src/platform/ec/build/zephyr/adlrvp_npcx-lcov] stderr:
[baze:ro] [200/353] Building C object zephyr/lib/libc/minimal/CMakeFiles/lib__libc__minimal.dir/source/math/sqrtf.c.obj
[baze:rw] [299/353] Building C object modules/ec/zephyr/CMakeFiles/ec_shim.dir/shim/src/adc.c.obj
[baze:rw] [300/353] Building C object modules/ec/zephyr/CMakeFiles/ec_shim.dir/shim/src/pdc_shim.c.obj
[baze:ro] [201/353] Building C object zephyr/lib/libc/minimal/CMakeFiles/lib__libc__minimal.dir/source/math/sqrt.c.obj
[baze:rw] [301/353] Building C object modules/ec/zephyr/CMakeFiles/ec_shim.dir/shim/src/charger.c.obj
[/mnt/host/source/src/platform/ec/build/zephyr/telith-lcov]   /mnt/host/source/src/platform/ec/build/zephyr/telith/build-ro/zephyr/arch/common/CMakeFiles/isr_tables.dir/isr_tables.c.gcno:no functions found
[/mnt/host/source/src/platform/ec/build/zephyr/telith-lcov] stderr:
[baze:ro] [202/353] Building C object zephyr/lib/libc/minimal/CMakeFiles/lib__libc__minimal.dir/source/stdout/fprintf.c.obj
[baze:ro] [203/353] Building C object zephyr/lib/libc/minimal/CMakeFiles/lib__libc__minimal.dir/source/stdout/sprintf.c.obj
[baze:ro] [204/353] Building C object zephyr/lib/libc/minimal/CMakeFiles/lib__libc__minimal.dir/source/stdout/stdout_console.c.obj
[baze:ro] [205/353] Building C object zephyr/lib/libc/common/CMakeFiles/lib__libc__common.dir/source/time/asctime.c.obj
[baze:ro] [206/353] Building C object zephyr/lib/libc/common/CMakeFiles/lib__libc__common.dir/source/time/gmtime_r.c.obj
[baze:ro] [207/353] Building C object zephyr/lib/libc/common/CMakeFiles/lib__libc__common.dir/source/stdlib/abort.c.obj
[baze:ro] [208/353] Building C object zephyr/lib/libc/common/CMakeFiles/lib__libc__common.dir/source/time/localtime_r_utc.c.obj
[baze:ro] [209/353] Building C object zephyr/lib/libc/common/CMakeFiles/lib__libc__common.dir/source/time/time.c.obj
[baze:ro] [210/353] Building C object zephyr/lib/libc/common/CMakeFiles/lib__libc__common.dir/source/time/ctime.c.obj
[baze:rw] [302/353] Building C object modules/ec/zephyr/CMakeFiles/ec_shim.dir/shim/src/console_buffer.c.obj
[baze:rw] [303/353] Building C object modules/ec/zephyr/CMakeFiles/ec_shim.dir/shim/src/flash.c.obj
[baze:ro] [211/353] Building C object zephyr/lib/libc/minimal/CMakeFiles/lib__libc__minimal.dir/source/time/gmtime.c.obj
[baze:rw] [304/353] Building C object modules/ec/zephyr/CMakeFiles/ec_shim.dir/shim/src/host_command.c.obj
[baze:rw] [305/353] Building C object modules/ec/zephyr/CMakeFiles/ec_shim.dir/shim/src/hooks.c.obj
[baze:rw] [306/353] Building C object modules/ec/zephyr/CMakeFiles/ec_shim.dir/shim/src/keyscan.c.obj
[baze:ro] [212/353] Building C object zephyr/lib/libc/common/CMakeFiles/lib__libc__common.dir/source/string/strnlen.c.obj
[baze:ro] [213/353] Linking C static library zephyr/lib/libc/minimal/liblib__libc__minimal.a
[/mnt/host/source/src/platform/ec/build/zephyr/adlrvp_npcx-lcov]   /mnt/host/source/src/platform/ec/build/zephyr/adlrvp_npcx/build-rw/modules/ec/zephyr/CMakeFiles/ec_shim.dir/shim/src/usb_muxes.c.gcno:no functions found
[/mnt/host/source/src/platform/ec/build/zephyr/adlrvp_npcx-lcov] stderr:
[baze:rw] [307/353] Building C object modules/ec/zephyr/CMakeFiles/ec_shim.dir/shim/src/keyboard_raw.c.obj
[baze:ro] [214/353] Building C object zephyr/lib/posix/c_lib_ext/CMakeFiles/lib__posix__c_lib_ext.dir/fnmatch.c.obj
[baze:rw] [308/353] Building C object modules/ec/zephyr/CMakeFiles/ec_shim.dir/shim/src/mkbp_event.c.obj
[baze:ro] [215/353] Building C object zephyr/lib/libc/common/CMakeFiles/lib__libc__common.dir/source/stdlib/malloc.c.obj
[baze:ro] [216/353] Linking C static library zephyr/lib/libc/common/liblib__libc__common.a
[baze:ro] [217/353] Building C object zephyr/subsys/crc/CMakeFiles/subsys__crc.dir/crc4_sw.c.obj
[baze:ro] [218/353] Building C object zephyr/lib/posix/c_lib_ext/CMakeFiles/lib__posix__c_lib_ext.dir/getentropy.c.obj
[baze:ro] [219/353] Building C object zephyr/lib/posix/c_lib_ext/CMakeFiles/lib__posix__c_lib_ext.dir/getopt_shim.c.obj
[baze:ro] [220/353] Building C object zephyr/lib/smf/CMakeFiles/lib__smf.dir/smf.c.obj
[baze:rw] [309/353] Building C object modules/ec/zephyr/CMakeFiles/ec_shim.dir/shim/src/power.c.obj
[baze:ro] [221/353] Linking C static library zephyr/lib/posix/c_lib_ext/liblib__posix__c_lib_ext.a
[/mnt/host/source/src/platform/ec/build/zephyr/adlrvp_npcx-lcov]   /mnt/host/source/src/platform/ec/build/zephyr/adlrvp_npcx/build-rw/modules/ec/zephyr/CMakeFiles/ec_shim.dir/shim/src/bb_retimer_usb_mux.c.gcno:no functions found
[/mnt/host/source/src/platform/ec/build/zephyr/adlrvp_npcx-lcov] stderr:
[baze:ro] [222/353] Linking C static library zephyr/lib/smf/liblib__smf.a
[baze:ro] [223/353] Building C object zephyr/subsys/crc/CMakeFiles/subsys__crc.dir/crc8_sw.c.obj
[baze:rw] [310/353] Building C object modules/ec/zephyr/CMakeFiles/ec_shim.dir/shim/src/thermal.c.obj
[baze:ro] [224/353] Building C object zephyr/subsys/mgmt/ec_host_cmd/CMakeFiles/subsys__mgmt__ec_host_cmd.dir/ec_host_cmd_handler.c.obj
[baze:rw] [311/353] Building C object modules/ec/zephyr/CMakeFiles/ec_shim.dir/shim/src/panic.c.obj
[baze:rw] [312/353] Building C object modules/ec/zephyr/CMakeFiles/ec_shim.dir/shim/src/hwtimer.c.obj
[baze:ro] [225/353] Building C object zephyr/subsys/crc/CMakeFiles/subsys__crc.dir/crc7_sw.c.obj
[baze:ro] [226/353] Building C object zephyr/subsys/crc/CMakeFiles/subsys__crc.dir/crc16_sw.c.obj
[baze:rw] [313/353] Building C object modules/ec/zephyr/CMakeFiles/ec_shim.dir/shim/src/motionsense_sensors.c.obj
[baze:ro] [227/353] Linking C static library zephyr/subsys/mgmt/ec_host_cmd/libsubsys__mgmt__ec_host_cmd.a
[baze:ro] [228/353] Building C object zephyr/subsys/crc/CMakeFiles/subsys__crc.dir/crc32c_sw.c.obj
[baze:ro] [229/353] Building C object zephyr/subsys/crc/CMakeFiles/subsys__crc.dir/crc24_sw.c.obj
[baze:rw] [314/353] Building C object modules/ec/zephyr/CMakeFiles/ec_shim.dir/shim/src/temp_sensors.c.obj
[baze:ro] [230/353] Building C object zephyr/subsys/mgmt/ec_host_cmd/backends/CMakeFiles/subsys__mgmt__ec_host_cmd__backends.dir/ec_host_cmd_backend_shi_ite.c.obj
[baze:ro] [231/353] Building C object zephyr/subsys/crc/CMakeFiles/subsys__crc.dir/crc32k_4_2_sw.c.obj
[baze:ro] [232/353] Linking C static library zephyr/subsys/mgmt/ec_host_cmd/backends/libsubsys__mgmt__ec_host_cmd__backends.a
[baze:ro] [233/353] Building C object zephyr/subsys/crc/CMakeFiles/subsys__crc.dir/crc32_sw.c.obj
[baze:ro] [234/353] Linking C static library zephyr/subsys/crc/libsubsys__crc.a
[baze:rw] [315/353] Building C object modules/ec/zephyr/CMakeFiles/ec_shim.dir/shim/src/i2c.c.obj
[baze:rw] [316/353] Building C object modules/ec/zephyr/CMakeFiles/ec_shim.dir/shim/src/sha256_hw.c.obj
[baze:rw] [317/353] Building C object zephyr/kernel/CMakeFiles/kernel.dir/main_weak.c.obj
[baze:ro] [235/353] Building C object zephyr/drivers/interrupt_controller/CMakeFiles/drivers__interrupt_controller.dir/wuc_ite_it8xxx2.c.obj
[baze:rw] [318/353] Building C object modules/ec/zephyr/CMakeFiles/ec_shim.dir/shim/src/usba.c.obj
[baze:rw] [319/353] Building C object zephyr/kernel/CMakeFiles/kernel.dir/banner.c.obj
[baze:ro] [236/353] Building C object zephyr/drivers/interrupt_controller/CMakeFiles/drivers__interrupt_controller.dir/intc_ite_it8xxx2_v2.c.obj
[baze:rw] [320/353] Building C object modules/ec/zephyr/CMakeFiles/ec_shim.dir/shim/src/watchdog.c.obj
[baze:ro] [237/353] Building C object zephyr/drivers/adc/CMakeFiles/drivers__adc.dir/adc_common.c.obj
[baze:ro] [238/353] Linking C static library zephyr/drivers/interrupt_controller/libdrivers__interrupt_controller.a
[baze:ro] [239/353] Building C object zephyr/drivers/bbram/CMakeFiles/drivers__bbram.dir/bbram_it8xxx2.c.obj
[baze:rw] [321/353] Building C object modules/ec/zephyr/CMakeFiles/ec_shim.dir/shim/src/tasks.c.obj
[baze:ro] [240/353] Linking C static library zephyr/drivers/bbram/libdrivers__bbram.a
[baze:ro] [241/353] Building C object zephyr/drivers/console/CMakeFiles/drivers__console.dir/uart_console.c.obj
[baze:rw] [322/353] Linking C static library modules/ec/zephyr/libec_shim.a
[baze:ro] [242/353] Building C object zephyr/drivers/adc/CMakeFiles/drivers__adc.dir/adc_ite_it8xxx2.c.obj
[baze:rw] [323/353] Building C object zephyr/kernel/CMakeFiles/kernel.dir/busy_wait.c.obj
[baze:ro] [243/353] Linking C static library zephyr/drivers/adc/libdrivers__adc.a
[baze:ro] [244/353] Linking C static library zephyr/drivers/console/libdrivers__console.a
[baze:rw] [324/353] Building C object zephyr/kernel/CMakeFiles/kernel.dir/errno.c.obj
[baze:ro] [245/353] Building C object zephyr/drivers/crypto/CMakeFiles/drivers__crypto.dir/crypto_it8xxx2_sha_v2.c.obj
[baze:ro] [246/353] Linking C static library zephyr/drivers/crypto/libdrivers__crypto.a
[baze:rw] [325/353] Building C object zephyr/kernel/CMakeFiles/kernel.dir/device.c.obj
[baze:rw] [326/353] Building C object zephyr/kernel/CMakeFiles/kernel.dir/fatal.c.obj
[baze:rw] [327/353] Building C object zephyr/kernel/CMakeFiles/kernel.dir/version.c.obj
[baze:rw] [328/353] Building C object zephyr/kernel/CMakeFiles/kernel.dir/init.c.obj
[baze:rw] [329/353] Building C object zephyr/kernel/CMakeFiles/kernel.dir/kheap.c.obj
[baze:rw] [330/353] Building C object zephyr/kernel/CMakeFiles/kernel.dir/mem_slab.c.obj
[baze:ro] [247/353] Building C object zephyr/drivers/flash/CMakeFiles/drivers__flash.dir/flash_ite_it8xxx2.c.obj
[baze:ro] [248/353] Building C object zephyr/drivers/i2c/CMakeFiles/drivers__i2c.dir/i2c_common.c.obj
[baze:ro] [249/353] Linking C static library zephyr/drivers/flash/libdrivers__flash.a
[baze:rw] [331/353] Building C object zephyr/kernel/CMakeFiles/kernel.dir/float.c.obj
[baze:ro] [250/353] Building C object zephyr/drivers/i2c/CMakeFiles/drivers__i2c.dir/i2c_bitbang.c.obj
[/mnt/host/source/src/platform/ec/build/zephyr/lapis-lcov]   /mnt/host/source/src/platform/ec/build/zephyr/lapis/build-rw/zephyr/drivers/sensor/CMakeFiles/drivers__sensor.dir/mnt/host/source/src/third_party/zephyr/main/misc/empty_file.c.gcno:no functions found
[/mnt/host/source/src/platform/ec/build/zephyr/lapis-lcov] stderr:
[baze:ro] [251/353] Building C object zephyr/drivers/i2c/CMakeFiles/drivers__i2c.dir/i2c_shell.c.obj
[baze:ro] [252/353] Building C object zephyr/drivers/gpio/CMakeFiles/drivers__gpio.dir/gpio_ite_it8xxx2_v2.c.obj
[baze:ro] [253/353] Building C object zephyr/drivers/pinctrl/CMakeFiles/drivers__pinctrl.dir/common.c.obj
[baze:rw] [332/353] Building C object zephyr/kernel/CMakeFiles/kernel.dir/idle.c.obj
[baze:rw] [333/353] Building C object zephyr/kernel/CMakeFiles/kernel.dir/msg_q.c.obj
[baze:rw] [334/353] Building C object zephyr/kernel/CMakeFiles/kernel.dir/mailbox.c.obj
[baze:ro] [254/353] Linking C static library zephyr/drivers/gpio/libdrivers__gpio.a
[baze:rw] [335/353] Building C object zephyr/kernel/CMakeFiles/kernel.dir/queue.c.obj
[baze:rw] [336/353] Building C object zephyr/kernel/CMakeFiles/kernel.dir/mutex.c.obj
[baze:rw] [337/353] Building C object zephyr/kernel/CMakeFiles/kernel.dir/stack.c.obj
[baze:rw] [338/353] Building C object zephyr/kernel/CMakeFiles/kernel.dir/sem.c.obj
[baze:ro] [255/353] Building C object zephyr/drivers/pinctrl/CMakeFiles/drivers__pinctrl.dir/pinctrl_ite_it8xxx2.c.obj
[baze:ro] [256/353] Building C object zephyr/drivers/i2c/CMakeFiles/drivers__i2c.dir/i2c_ite_enhance.c.obj
[baze:ro] [257/353] Linking C static library zephyr/drivers/pinctrl/libdrivers__pinctrl.a
[baze:ro] [258/353] Building C object zephyr/drivers/pwm/CMakeFiles/drivers__pwm.dir/pwm_shell.c.obj
[baze:ro] [259/353] Linking C static library zephyr/drivers/i2c/libdrivers__i2c.a
[baze:ro] [260/353] Building C object zephyr/drivers/syscon/CMakeFiles/drivers__syscon.dir/mnt/host/source/src/third_party/zephyr/main/misc/empty_file.c.obj
[/mnt/host/source/src/platform/ec/build/zephyr/telith-lcov]   /mnt/host/source/src/platform/ec/build/zephyr/telith/build-ro/zephyr/CMakeFiles/zephyr.dir/subsys/shell/modules/kernel_service/kernel_shell.c.gcno:no functions found
[/mnt/host/source/src/platform/ec/build/zephyr/telith-lcov] stderr:
[baze:ro] [261/353] Linking C static library zephyr/drivers/syscon/libdrivers__syscon.a
[baze:ro] [262/353] Building C object zephyr/drivers/pwm/CMakeFiles/drivers__pwm.dir/pwm_ite_it8xxx2.c.obj
[baze:ro] [263/353] Linking C static library zephyr/drivers/pwm/libdrivers__pwm.a
[baze:ro] [264/353] Building C object zephyr/drivers/serial/CMakeFiles/drivers__serial.dir/uart_ite_it8xxx2.c.obj
[/mnt/host/source/src/platform/ec/build/zephyr/telith-lcov]   /mnt/host/source/src/platform/ec/build/zephyr/telith/build-ro/zephyr/CMakeFiles/zephyr.dir/lib/libc/validate_libc.c.gcno:no functions found
[/mnt/host/source/src/platform/ec/build/zephyr/telith-lcov] stderr:
[baze:rw] [339/353] Building C object zephyr/kernel/CMakeFiles/kernel.dir/system_work_q.c.obj
[baze:rw] [340/353] Building C object zephyr/kernel/CMakeFiles/kernel.dir/thread.c.obj
[baze:rw] [341/353] Building C object zephyr/kernel/CMakeFiles/kernel.dir/condvar.c.obj
[baze:ro] [265/353] Building C object zephyr/drivers/serial/CMakeFiles/drivers__serial.dir/uart_ns16550.c.obj
[baze:ro] [266/353] Building C object zephyr/drivers/timer/CMakeFiles/drivers__timer.dir/sys_clock_init.c.obj
[baze:ro] [267/353] Linking C static library zephyr/drivers/serial/libdrivers__serial.a
[baze:rw] [342/353] Building C object zephyr/kernel/CMakeFiles/kernel.dir/spinlock_validate.c.obj
[baze:rw] [343/353] Building C object zephyr/kernel/CMakeFiles/kernel.dir/pipe.c.obj
[baze:rw] [344/353] Building C object zephyr/kernel/CMakeFiles/kernel.dir/work.c.obj
[baze:ro] [268/353] Building C object zephyr/drivers/timer/CMakeFiles/drivers__timer.dir/ite_it8xxx2_timer.c.obj
[baze:ro] [269/353] Linking C static library zephyr/drivers/timer/libdrivers__timer.a
[baze:rw] [345/353] Building C object zephyr/kernel/CMakeFiles/kernel.dir/sched.c.obj
[baze:ro] [270/353] Building C object zephyr/drivers/watchdog/CMakeFiles/drivers__watchdog.dir/wdt_ite_it8xxx2.c.obj
[baze:rw] [346/353] Building C object zephyr/kernel/CMakeFiles/kernel.dir/thread_monitor.c.obj
[/mnt/host/source/src/platform/ec/build/zephyr/adlrvp_npcx-lcov]   /mnt/host/source/src/platform/ec/build/zephyr/adlrvp_npcx/build-rw/modules/ec/zephyr/CMakeFiles/ec_shim.dir/shim/src/keyscan.c.gcno:no functions found
[/mnt/host/source/src/platform/ec/build/zephyr/adlrvp_npcx-lcov] stderr:
[baze:ro] [271/353] Building C object zephyr/drivers/watchdog/CMakeFiles/drivers__watchdog.dir/wdt_shell.c.obj
[baze:ro] [272/353] Linking C static library zephyr/drivers/watchdog/libdrivers__watchdog.a
[baze:rw] [347/353] Building C object zephyr/kernel/CMakeFiles/kernel.dir/timeout.c.obj
[baze:rw] [348/353] Building C object zephyr/kernel/CMakeFiles/kernel.dir/timer.c.obj
[baze:rw] [349/353] Building C object zephyr/kernel/CMakeFiles/kernel.dir/mempool.c.obj
[baze:ro] [273/353] Building C object modules/ec/zephyr/CMakeFiles/ec_shim.dir/app/ec/ec_app_main.c.obj
[kaladin:rw] Building: /usr/bin/ninja -C /mnt/host/source/src/platform/ec/build/zephyr/kaladin/build-rw all.libraries
Running `env -i SHELL=/bin/bash COLORTERM=truecolor DEPOT_TOOLS_UPDATE=0 LESS='-R -M --shift 5' SUDO_GID=0 JDK_HOME=/etc/java-config-2/current-system-vm CONFIG_PROTECT_MASK='/etc/gentoo-release /etc/sandbox.d /etc/fonts/fonts.conf /etc/terminfo /etc/ca-certificates.conf /etc/revdep-rebuild' CHROMEOS_CACHEDIR=/var/cache/chromeos-cache JAVA_HOME=/etc/java-config-2/current-system-vm SSH_AUTH_SOCK=/tmp/ssh-auth-sock SUDO_COMMAND=/bin/bash SUDO_USER=root SUDO_TTY=/dev/pts/2 EDITOR=/usr/bin/vi PWD=/mnt/host/source/src/platform/ec CONFIG_PROTECT=/usr/share/gnupg/qualified.txt LOGNAME=jpmurphy MANPATH=/etc/java-config-2/current-system-vm/man:/usr/local/share/man:/usr/share/man:/usr/share/gcc-data/x86_64-pc-linux-gnu/10.2.0/man:/usr/share/binutils-data/x86_64-pc-linux-gnu/2.45/man:/etc/java-config-2/current-system-vm/man/ SUDO_HOME=/root XAUTHORITY=/run/user/944457/gdm/Xauthority HOME=/home/jpmurphy LANG=C.UTF-8 LS_COLORS='rs=0:di=01;34:ln=01;36:mh=00:pi=40;33:so=01;35:do=01;35:bd=40;33;01:cd=40;33;01:or=01;05;37;41:mi=01;05;37;41:su=37;41:sg=30;43:ca=30;41:tw=30;42:ow=34;42:st=37;44:ex=01;32:*.tar=01;31:*.tgz=01;31:*.arc=01;31:*.arj=01;31:*.taz=01;31:*.lha=01;31:*.lz4=01;31:*.lzh=01;31:*.lzma=01;31:*.tlz=01;31:*.txz=01;31:*.tzo=01;31:*.t7z=01;31:*.zip=01;31:*.z=01;31:*.dz=01;31:*.gz=01;31:*.lrz=01;31:*.lz=01;31:*.lzo=01;31:*.xz=01;31:*.zst=01;31:*.tzst=01;31:*.bz2=01;31:*.bz=01;31:*.tbz=01;31:*.tbz2=01;31:*.tz=01;31:*.deb=01;31:*.rpm=01;31:*.jar=01;31:*.war=01;31:*.ear=01;31:*.sar=01;31:*.rar=01;31:*.alz=01;31:*.ace=01;31:*.zoo=01;31:*.cpio=01;31:*.7z=01;31:*.rz=01;31:*.cab=01;31:*.wim=01;31:*.swm=01;31:*.dwm=01;31:*.esd=01;31:*.jpg=01;35:*.jpeg=01;35:*.mjpg=01;35:*.mjpeg=01;35:*.gif=01;35:*.bmp=01;35:*.pbm=01;35:*.pgm=01;35:*.ppm=01;35:*.tga=01;35:*.xbm=01;35:*.xpm=01;35:*.tif=01;35:*.tiff=01;35:*.png=01;35:*.svg=01;35:*.svgz=01;35:*.mng=01;35:*.pcx=01;35:*.mov=01;35:*.mpg=01;35:*.mpeg=01;35:*.m2v=01;35:*.mkv=01;35:*.webm=01;35:*.webp=01;35:*.ogm=01;35:*.mp4=01;35:*.m4v=01;35:*.mp4v=01;35:*.vob=01;35:*.qt=01;35:*.nuv=01;35:*.wmv=01;35:*.asf=01;35:*.rm=01;35:*.rmvb=01;35:*.flc=01;35:*.avi=01;35:*.fli=01;35:*.flv=01;35:*.gl=01;35:*.dl=01;35:*.xcf=01;35:*.xwd=01;35:*.yuv=01;35:*.cgm=01;35:*.emf=01;35:*.ogv=01;35:*.ogx=01;35:*.cfg=00;32:*.conf=00;32:*.diff=00;32:*.doc=00;32:*.ini=00;32:*.log=00;32:*.patch=00;32:*.pdf=00;32:*.ps=00;32:*.tex=00;32:*.txt=00;32:*.aac=00;36:*.au=00;36:*.flac=00;36:*.m4a=00;36:*.mid=00;36:*.midi=00;36:*.mka=00;36:*.mp3=00;36:*.mpc=00;36:*.ogg=00;36:*.ra=00;36:*.wav=00;36:*.oga=00;36:*.opus=00;36:*.spx=00;36:*.xspf=00;36:' XDG_CURRENT_DESKTOP=GNOME INFOPATH=/usr/share/info:/usr/share/gcc-data/x86_64-pc-linux-gnu/10.2.0/info:/usr/share/binutils-data/x86_64-pc-linux-gnu/2.45/info:/usr/share/automake-1.16.5/info JAVAC=/etc/java-config-2/current-system-vm/bin/javac TERM=xterm-256color LESSOPEN='|lesspipe %s' USER=jpmurphy CROS_WORKON_SRCROOT=/mnt/host/source MANPAGER=manpager DISPLAY=:1 SHLVL=1 LC_MESSAGES=C EXTERNAL_TRUNK_PATH=/mnt/8f9d649a-3721-44cc-93c0-e6bd21a9689f/chromiumos GCC_SPECS='' PATH=/mnt/host/source/chromite/bin:/usr/local/bin:/usr/bin:/bin:/opt/bin:/mnt/host/source/chromite/sdk/bin:/mnt/host/source/chromite/bin PORTAGE_USERNAME=jpmurphy SUDO_UID=0 GCC_VER=10.2.0 MAIL=/var/mail/jpmurphy OLDPWD=/mnt/host/source/src/scripts traceparent=00-e87aca51550a78635907baa6a2476181-6d684811675d2973-01 _=./zephyr/firmware_builder.py COREBOOT_SDK_ROOT_x86=/home/jpmurphy/.cache/coreboot-sdk/i386-elf/dfbb0486385d938cfa9d73080b9d18d598ed4f49 COREBOOT_SDK_ROOT_picolibc_x86=/home/jpmurphy/.cache/coreboot-sdk/picolibc-i386-elf/eb8e8e687b95461de8cbf278f1c2076952d0ad17 COREBOOT_SDK_ROOT_riscv64=/home/jpmurphy/.cache/coreboot-sdk/riscv64-elf/96b949749225b6aaa92ed810ab769e8dfb12f000 COREBOOT_SDK_ROOT_picolibc_arm=/home/jpmurphy/.cache/coreboot-sdk/picolibc-arm-eabi/422a2aa3e1ef891b5bece9a3deb696ff83840d2e COREBOOT_SDK_ROOT_nds32=/home/jpmurphy/.cache/coreboot-sdk/nds32le-elf/d1a518c4a097666d86058e1444f85ca015d15511 COREBOOT_SDK_ROOT_picolibc_riscv64=/home/jpmurphy/.cache/coreboot-sdk/picolibc-riscv64-elf/f571e990ef0278564b31124f8bb109d9a697eb69 COREBOOT_SDK_ROOT_arm=/home/jpmurphy/.cache/coreboot-sdk/arm-eabi/ea40ddd1d190c3b48435c474c0b545719371813a COREBOOT_SDK_ROOT_libstdcxx_riscv64=/home/jpmurphy/.cache/coreboot-sdk/libstdcxx-riscv64-elf/17abf22a3a252e2d5d2062ced5324f7a623689e0 COREBOOT_SDK_ROOT_libstdcxx_arm=/home/jpmurphy/.cache/coreboot-sdk/libstdcxx-arm-eabi/5d7d82e150e44aa1968f1d366e267e6687b328ac COREBOOT_SDK_ROOT_riscv=/home/jpmurphy/.cache/coreboot-sdk/riscv-elf/9a27b9e82341c6e9126624f516ab3f261abb3e73 COREBOOT_SDK_ROOT_libstdcxx_x86=/home/jpmurphy/.cache/coreboot-sdk/libstdcxx-i386-elf/42ef9d2e87a76a37963175d7d428734e65648b87 PYTHONPATH=/mnt/host/source/src/platform/ec/zephyr/zmake PW_PIGWEED_CIPD_INSTALL_DIR=/usr CROSTC_USER_ACKNOWLEDGES_THAT_RISCV_IS_EXPERIMENTAL=1 MAKEFLAGS=' -j16 --jobserver-auth=5,6' /usr/bin/ninja -C /mnt/host/source/src/platform/ec/build/zephyr/kaladin/build-rw all.libraries`
[baze:rw] [350/353] Building C object zephyr/kernel/CMakeFiles/kernel.dir/dynamic_disabled.c.obj
[kaladin:rw] ninja: Entering directory `/mnt/host/source/src/platform/ec/build/zephyr/kaladin/build-rw'
[baze:ro] [274/353] Building C object modules/ec/zephyr/CMakeFiles/ec_shim.dir/app/ec/main_shim.c.obj
[baze:rw] [351/353] Building C object zephyr/kernel/CMakeFiles/kernel.dir/events.c.obj
[baze:ro] [275/353] Building C object modules/ec/zephyr/CMakeFiles/ec_shim.dir/drivers/cros_flash/cros_flash_it8xxx2.c.obj
[/mnt/host/source/src/platform/ec/build/zephyr/telith-lcov]   /mnt/host/source/src/platform/ec/build/zephyr/telith/build-ro/zephyr/CMakeFiles/zephyr.dir/lib/utils/last_section_id.c.gcno:no functions found
[/mnt/host/source/src/platform/ec/build/zephyr/telith-lcov] stderr:
[baze:rw] [352/353] Building C object zephyr/kernel/CMakeFiles/kernel.dir/poll.c.obj
[baze:ro] [276/353] Building C object modules/ec/zephyr/CMakeFiles/ec_shim.dir/drivers/cros_kb_raw/cros_kb_raw_ite.c.obj
[baze:rw] [353/353] Linking C static library zephyr/kernel/libkernel.a
[/mnt/host/source/src/platform/ec/build/zephyr/lapis-lcov]   /mnt/host/source/src/platform/ec/build/zephyr/lapis/build-rw/zephyr/drivers/interrupt_controller/CMakeFiles/drivers__interrupt_controller.dir/mnt/host/source/src/third_party/zephyr/main/misc/empty_file.c.gcno:no functions found
[/mnt/host/source/src/platform/ec/build/zephyr/lapis-lcov] Filter suppressions 'region':
[baze:ro] [277/353] Building C object modules/ec/zephyr/CMakeFiles/ec_shim.dir/drivers/cros_system/cros_system_it8xxx2.c.obj
[/mnt/host/source/src/platform/ec/build/zephyr/lapis-lcov]     36 instances
[/mnt/host/source/src/platform/ec/build/zephyr/lapis-lcov]     26 coverpoints
[/mnt/host/source/src/platform/ec/build/zephyr/lapis-lcov] Message summary:
[/mnt/host/source/src/platform/ec/build/zephyr/lapis-lcov]   24 ignore messages:
[/mnt/host/source/src/platform/ec/build/zephyr/lapis-lcov]     gcov: 24
[baze:ro] [278/353] Building C object modules/ec/zephyr/CMakeFiles/ec_shim.dir/drivers/usbc/ucsi_v3.c.obj
[baze:ro] [279/353] Building C object modules/ec/zephyr/CMakeFiles/ec_shim.dir/shim/src/crc.c.obj
[baze:ro] [280/353] Building C object modules/ec/zephyr/CMakeFiles/ec_shim.dir/shim/chip/it8xxx2/keyboard_raw.c.obj
[baze:ro] [281/353] Building C object modules/ec/zephyr/CMakeFiles/ec_shim.dir/shim/chip/it8xxx2/clock.c.obj
[baze:ro] [282/353] Building C object modules/ec/zephyr/CMakeFiles/ec_shim.dir/shim/chip/it8xxx2/system.c.obj
[baze:ro] [283/353] Building C object modules/ec/zephyr/CMakeFiles/ec_shim.dir/shim/chip/it8xxx2/power_policy.c.obj
[baze:ro] [284/353] Building C object modules/ec/zephyr/CMakeFiles/ec_shim.dir/shim/chip/it8xxx2/shi.c.obj
[kaladin:rw] [1/398] Generating include/generated/zephyr/version.h
[kaladin:rw] -- git describe warned: warning: tag 'upstream/v2.7.99' is externally known as 'v2.7.99'
[kaladin:rw] -- Zephyr version: 4.3.99 (/mnt/host/source/src/third_party/zephyr/main)
[kaladin:rw] [2/398] Preparing syscall dependency handling
[baze:ro] [285/353] Building C object modules/ec/zephyr/CMakeFiles/ec_shim.dir/shim/src/panic_utils.c.obj
[baze:ro] [286/353] Building C object modules/ec/zephyr/CMakeFiles/ec_shim.dir/shim/src/console.c.obj
[baze:ro] [287/353] Building C object modules/ec/zephyr/CMakeFiles/ec_shim.dir/shim/chip/it8xxx2/gpio.c.obj
[kaladin:rw] [3/398] Generating misc/generated/syscalls_subdirs.trigger
[baze:ro] [288/353] Building C object modules/ec/zephyr/CMakeFiles/ec_shim.dir/shim/src/pm_state.c.obj
[baze:ro] [289/353] Building C object modules/ec/zephyr/CMakeFiles/ec_shim.dir/shim/src/cbi/cros_cbi.c.obj
[baze:ro] [290/353] Building C object modules/ec/zephyr/CMakeFiles/ec_shim.dir/shim/src/gpio_int.c.obj
[baze:ro] [291/353] Building C object modules/ec/zephyr/CMakeFiles/ec_shim.dir/drivers/usbc/pdc_rts54xx.c.obj
[baze:ro] [292/353] Building C object modules/ec/zephyr/CMakeFiles/ec_shim.dir/shim/src/gpio.c.obj
[baze:ro] [293/353] Building C object modules/ec/zephyr/CMakeFiles/ec_shim.dir/shim/src/cbi/cbi_flash.c.obj
[baze:ro] [294/353] Building C object modules/ec/zephyr/CMakeFiles/ec_shim.dir/shim/src/cbi/cros_cbi_fw_config.c.obj
[baze:ro] [295/353] Building C object modules/ec/zephyr/CMakeFiles/ec_shim.dir/shim/src/led_driver/led_pwm.c.obj
[baze:ro] [296/353] Building C object modules/ec/zephyr/CMakeFiles/ec_shim.dir/shim/src/led_driver/led.c.obj
[baze:ro] [297/353] Building C object modules/ec/zephyr/CMakeFiles/ec_shim.dir/shim/src/charger.c.obj
[baze:ro] [298/353] Building C object modules/ec/zephyr/CMakeFiles/ec_shim.dir/shim/src/battery.c.obj
[baze:ro] [299/353] Building C object modules/ec/zephyr/CMakeFiles/ec_shim.dir/shim/src/adc.c.obj
[baze:ro] [300/353] Building C object modules/ec/zephyr/CMakeFiles/ec_shim.dir/shim/src/pdc_shim.c.obj
[kaladin:rw] [4/398] Generating misc/generated/syscalls.json, misc/generated/struct_tags.json
[baze:ro] [301/353] Building C object modules/ec/zephyr/CMakeFiles/ec_shim.dir/shim/src/system.c.obj
[kaladin:rw] [5/398] Generating include/generated/zephyr/syscall_dispatch.c, include/generated/zephyr/syscall_exports_llext.c, syscall_weakdefs_llext.c, include/generated/zephyr/syscall_list.h
[baze:ro] [302/353] Building C object modules/ec/zephyr/CMakeFiles/ec_shim.dir/shim/src/flash.c.obj
[baze:ro] [303/353] Building C object modules/ec/zephyr/CMakeFiles/ec_shim.dir/shim/src/hooks.c.obj
[baze:ro] [304/353] Building C object modules/ec/zephyr/CMakeFiles/ec_shim.dir/shim/src/console_buffer.c.obj
[baze:ro] [305/353] Building C object modules/ec/zephyr/CMakeFiles/ec_shim.dir/shim/src/host_command.c.obj
[kaladin:rw] [6/398] Generating include/generated/zephyr/driver-validation.h
[baze:ro] [306/353] Building C object modules/ec/zephyr/CMakeFiles/ec_shim.dir/shim/src/keyscan.c.obj
[baze:ro] [307/353] Building C object modules/ec/zephyr/CMakeFiles/ec_shim.dir/shim/src/mkbp_event.c.obj
[kaladin:rw] [7/398] Generating include/generated/zephyr/kobj-types-enum.h, include/generated/zephyr/otype-to-str.h, include/generated/zephyr/otype-to-size.h
[baze:ro] [308/353] Building C object modules/ec/zephyr/CMakeFiles/ec_shim.dir/shim/src/keyboard_raw.c.obj
[kaladin:rw] [8/398] Generating include/generated/device-api-sections.ld, include/generated/device-api-sections.cmake
[baze:ro] [309/353] Building C object modules/ec/zephyr/CMakeFiles/ec_shim.dir/shim/src/power.c.obj
[baze:ro] [310/353] Building C object modules/ec/zephyr/CMakeFiles/ec_shim.dir/shim/src/thermal.c.obj
[baze:ro] [311/353] Building C object modules/ec/zephyr/CMakeFiles/ec_shim.dir/shim/src/hwtimer.c.obj
[kaladin:rw] [9/398] cd /mnt/host/source/src/platform/ec/build/zephyr/kaladin/build-rw/modules/ec/zephyr && PYTHONPATH=/mnt/host/source/src/platform/ec/build/zephyr/kaladin/modules/ec/zephyr/zmake/ /usr/bin/python3.11 /mnt/host/source/src/platform/ec/build/zephyr/kaladin/modules/ec/zephyr/zmake/zephyr_build_tools/generate_ec_version.py /mnt/host/source/src/platform/ec/build/zephyr/kaladin/build-rw/modules/ec/zephyr/include/ec_version.h --name Zephyr-Kernel --version 16543.0.0 --static
[kaladin:rw] INFO:root:Using a static version string
[baze:ro] [312/353] Building C object modules/ec/zephyr/CMakeFiles/ec_shim.dir/shim/src/panic.c.obj
[kaladin:rw] INFO:root:Version string: Zephyr-Kernel-16543.0.0
[kaladin:rw] INFO:root:Writing header to /mnt/host/source/src/platform/ec/build/zephyr/kaladin/build-rw/modules/ec/zephyr/include/ec_version.h
[kaladin:rw] [10/398] Building CXX object modules/pigweed/pw_build/CMakeFiles/pw_build.empty.dir/empty_file.cc.obj
[baze:ro] [313/353] Building C object modules/ec/zephyr/CMakeFiles/ec_shim.dir/shim/src/motionsense_sensors.c.obj
[kaladin:rw] [11/398] Generating pw_third_party.nanopb.proto/sources/nanopb.proto
[baze:ro] [314/353] Building C object modules/ec/zephyr/CMakeFiles/ec_shim.dir/shim/src/temp_sensors.c.obj
[kaladin:rw] [12/398] Generating dsp_comms.proto/sources/proto/ec_dsp.proto, dsp_comms.proto/sources/proto/ec_dsp.options
[baze:ro] [315/353] Building C object zephyr/kernel/CMakeFiles/kernel.dir/main_weak.c.obj
[kaladin:rw] [13/398] Generating pw_transport.proto/sources/pw_transport/proto/transport.proto, pw_transport.proto/sources/pw_transport/proto/transport.options
[baze:ro] [316/353] Building C object modules/ec/zephyr/CMakeFiles/ec_shim.dir/shim/src/usba.c.obj
[baze:ro] [317/353] Building C object modules/ec/zephyr/CMakeFiles/ec_shim.dir/shim/src/sha256_hw.c.obj
[baze:ro] [318/353] Building C object zephyr/kernel/CMakeFiles/kernel.dir/banner.c.obj
[baze:ro] [319/353] Building C object modules/ec/zephyr/CMakeFiles/ec_shim.dir/shim/src/i2c.c.obj
[baze:ro] [320/353] Building C object modules/ec/zephyr/CMakeFiles/ec_shim.dir/shim/src/tasks.c.obj
[baze:ro] [321/353] Building C object zephyr/kernel/CMakeFiles/kernel.dir/busy_wait.c.obj
[baze:ro] [322/353] Building C object modules/ec/zephyr/CMakeFiles/ec_shim.dir/shim/src/watchdog.c.obj
[baze:ro] [323/353] Building C object zephyr/kernel/CMakeFiles/kernel.dir/version.c.obj
[baze:ro] [324/353] Building C object zephyr/kernel/CMakeFiles/kernel.dir/device.c.obj
[baze:ro] [325/353] Linking C static library modules/ec/zephyr/libec_shim.a
[baze:ro] [326/353] Building C object zephyr/kernel/CMakeFiles/kernel.dir/errno.c.obj
[baze:ro] [327/353] Building C object zephyr/kernel/CMakeFiles/kernel.dir/fatal.c.obj
[kaladin:rw] [14/398] Generating /mnt/host/source/src/platform/ec/build/zephyr/kaladin/modules/nanopb/generator/proto/nanopb_pb2.py
[baze:ro] [328/353] Building C object zephyr/kernel/CMakeFiles/kernel.dir/init.c.obj
[baze:ro] [329/353] Building C object zephyr/kernel/CMakeFiles/kernel.dir/kheap.c.obj
[baze:ro] [330/353] Building C object zephyr/kernel/CMakeFiles/kernel.dir/mem_slab.c.obj
[baze:ro] [331/353] Building C object zephyr/kernel/CMakeFiles/kernel.dir/float.c.obj
[baze:ro] [332/353] Building C object zephyr/kernel/CMakeFiles/kernel.dir/idle.c.obj
[baze:ro] [333/353] Building C object zephyr/kernel/CMakeFiles/kernel.dir/mailbox.c.obj
[baze:ro] [334/353] Building C object zephyr/kernel/CMakeFiles/kernel.dir/msg_q.c.obj
[baze:ro] [335/353] Building C object zephyr/kernel/CMakeFiles/kernel.dir/mutex.c.obj
[baze:ro] [336/353] Building C object zephyr/kernel/CMakeFiles/kernel.dir/system_work_q.c.obj
[baze:ro] [337/353] Building C object zephyr/kernel/CMakeFiles/kernel.dir/sem.c.obj
[baze:ro] [338/353] Building C object zephyr/kernel/CMakeFiles/kernel.dir/stack.c.obj
[baze:ro] [339/353] Building C object zephyr/kernel/CMakeFiles/kernel.dir/queue.c.obj
[baze:ro] [340/353] Building C object zephyr/kernel/CMakeFiles/kernel.dir/condvar.c.obj
[kaladin:rw] [15/398] Generating dsp_comms.proto/nanopb/proto/ec_dsp.pb.h, dsp_comms.proto/nanopb/proto/ec_dsp.pb.c
[it82002_evb:singleimage] Building: /usr/bin/ninja -C /mnt/host/source/src/platform/ec/build/zephyr/it82002_evb/build-singleimage all.libraries
Running `env -i SHELL=/bin/bash COLORTERM=truecolor DEPOT_TOOLS_UPDATE=0 LESS='-R -M --shift 5' SUDO_GID=0 JDK_HOME=/etc/java-config-2/current-system-vm CONFIG_PROTECT_MASK='/etc/gentoo-release /etc/sandbox.d /etc/fonts/fonts.conf /etc/terminfo /etc/ca-certificates.conf /etc/revdep-rebuild' CHROMEOS_CACHEDIR=/var/cache/chromeos-cache JAVA_HOME=/etc/java-config-2/current-system-vm SSH_AUTH_SOCK=/tmp/ssh-auth-sock SUDO_COMMAND=/bin/bash SUDO_USER=root SUDO_TTY=/dev/pts/2 EDITOR=/usr/bin/vi PWD=/mnt/host/source/src/platform/ec CONFIG_PROTECT=/usr/share/gnupg/qualified.txt LOGNAME=jpmurphy MANPATH=/etc/java-config-2/current-system-vm/man:/usr/local/share/man:/usr/share/man:/usr/share/gcc-data/x86_64-pc-linux-gnu/10.2.0/man:/usr/share/binutils-data/x86_64-pc-linux-gnu/2.45/man:/etc/java-config-2/current-system-vm/man/ SUDO_HOME=/root XAUTHORITY=/run/user/944457/gdm/Xauthority HOME=/home/jpmurphy LANG=C.UTF-8 LS_COLORS='rs=0:di=01;34:ln=01;36:mh=00:pi=40;33:so=01;35:do=01;35:bd=40;33;01:cd=40;33;01:or=01;05;37;41:mi=01;05;37;41:su=37;41:sg=30;43:ca=30;41:tw=30;42:ow=34;42:st=37;44:ex=01;32:*.tar=01;31:*.tgz=01;31:*.arc=01;31:*.arj=01;31:*.taz=01;31:*.lha=01;31:*.lz4=01;31:*.lzh=01;31:*.lzma=01;31:*.tlz=01;31:*.txz=01;31:*.tzo=01;31:*.t7z=01;31:*.zip=01;31:*.z=01;31:*.dz=01;31:*.gz=01;31:*.lrz=01;31:*.lz=01;31:*.lzo=01;31:*.xz=01;31:*.zst=01;31:*.tzst=01;31:*.bz2=01;31:*.bz=01;31:*.tbz=01;31:*.tbz2=01;31:*.tz=01;31:*.deb=01;31:*.rpm=01;31:*.jar=01;31:*.war=01;31:*.ear=01;31:*.sar=01;31:*.rar=01;31:*.alz=01;31:*.ace=01;31:*.zoo=01;31:*.cpio=01;31:*.7z=01;31:*.rz=01;31:*.cab=01;31:*.wim=01;31:*.swm=01;31:*.dwm=01;31:*.esd=01;31:*.jpg=01;35:*.jpeg=01;35:*.mjpg=01;35:*.mjpeg=01;35:*.gif=01;35:*.bmp=01;35:*.pbm=01;35:*.pgm=01;35:*.ppm=01;35:*.tga=01;35:*.xbm=01;35:*.xpm=01;35:*.tif=01;35:*.tiff=01;35:*.png=01;35:*.svg=01;35:*.svgz=01;35:*.mng=01;35:*.pcx=01;35:*.mov=01;35:*.mpg=01;35:*.mpeg=01;35:*.m2v=01;35:*.mkv=01;35:*.webm=01;35:*.webp=01;35:*.ogm=01;35:*.mp4=01;35:*.m4v=01;35:*.mp4v=01;35:*.vob=01;35:*.qt=01;35:*.nuv=01;35:*.wmv=01;35:*.asf=01;35:*.rm=01;35:*.rmvb=01;35:*.flc=01;35:*.avi=01;35:*.fli=01;35:*.flv=01;35:*.gl=01;35:*.dl=01;35:*.xcf=01;35:*.xwd=01;35:*.yuv=01;35:*.cgm=01;35:*.emf=01;35:*.ogv=01;35:*.ogx=01;35:*.cfg=00;32:*.conf=00;32:*.diff=00;32:*.doc=00;32:*.ini=00;32:*.log=00;32:*.patch=00;32:*.pdf=00;32:*.ps=00;32:*.tex=00;32:*.txt=00;32:*.aac=00;36:*.au=00;36:*.flac=00;36:*.m4a=00;36:*.mid=00;36:*.midi=00;36:*.mka=00;36:*.mp3=00;36:*.mpc=00;36:*.ogg=00;36:*.ra=00;36:*.wav=00;36:*.oga=00;36:*.opus=00;36:*.spx=00;36:*.xspf=00;36:' XDG_CURRENT_DESKTOP=GNOME INFOPATH=/usr/share/info:/usr/share/gcc-data/x86_64-pc-linux-gnu/10.2.0/info:/usr/share/binutils-data/x86_64-pc-linux-gnu/2.45/info:/usr/share/automake-1.16.5/info JAVAC=/etc/java-config-2/current-system-vm/bin/javac TERM=xterm-256color LESSOPEN='|lesspipe %s' USER=jpmurphy CROS_WORKON_SRCROOT=/mnt/host/source MANPAGER=manpager DISPLAY=:1 SHLVL=1 LC_MESSAGES=C EXTERNAL_TRUNK_PATH=/mnt/8f9d649a-3721-44cc-93c0-e6bd21a9689f/chromiumos GCC_SPECS='' PATH=/mnt/host/source/chromite/bin:/usr/local/bin:/usr/bin:/bin:/opt/bin:/mnt/host/source/chromite/sdk/bin:/mnt/host/source/chromite/bin PORTAGE_USERNAME=jpmurphy SUDO_UID=0 GCC_VER=10.2.0 MAIL=/var/mail/jpmurphy OLDPWD=/mnt/host/source/src/scripts traceparent=00-e87aca51550a78635907baa6a2476181-6d684811675d2973-01 _=./zephyr/firmware_builder.py COREBOOT_SDK_ROOT_x86=/home/jpmurphy/.cache/coreboot-sdk/i386-elf/dfbb0486385d938cfa9d73080b9d18d598ed4f49 COREBOOT_SDK_ROOT_picolibc_x86=/home/jpmurphy/.cache/coreboot-sdk/picolibc-i386-elf/eb8e8e687b95461de8cbf278f1c2076952d0ad17 COREBOOT_SDK_ROOT_riscv64=/home/jpmurphy/.cache/coreboot-sdk/riscv64-elf/96b949749225b6aaa92ed810ab769e8dfb12f000 COREBOOT_SDK_ROOT_picolibc_arm=/home/jpmurphy/.cache/coreboot-sdk/picolibc-arm-eabi/422a2aa3e1ef891b5bece9a3deb696ff83840d2e COREBOOT_SDK_ROOT_nds32=/home/jpmurphy/.cache/coreboot-sdk/nds32le-elf/d1a518c4a097666d86058e1444f85ca015d15511 COREBOOT_SDK_ROOT_picolibc_riscv64=/home/jpmurphy/.cache/coreboot-sdk/picolibc-riscv64-elf/f571e990ef0278564b31124f8bb109d9a697eb69 COREBOOT_SDK_ROOT_arm=/home/jpmurphy/.cache/coreboot-sdk/arm-eabi/ea40ddd1d190c3b48435c474c0b545719371813a COREBOOT_SDK_ROOT_libstdcxx_riscv64=/home/jpmurphy/.cache/coreboot-sdk/libstdcxx-riscv64-elf/17abf22a3a252e2d5d2062ced5324f7a623689e0 COREBOOT_SDK_ROOT_libstdcxx_arm=/home/jpmurphy/.cache/coreboot-sdk/libstdcxx-arm-eabi/5d7d82e150e44aa1968f1d366e267e6687b328ac COREBOOT_SDK_ROOT_riscv=/home/jpmurphy/.cache/coreboot-sdk/riscv-elf/9a27b9e82341c6e9126624f516ab3f261abb3e73 COREBOOT_SDK_ROOT_libstdcxx_x86=/home/jpmurphy/.cache/coreboot-sdk/libstdcxx-i386-elf/42ef9d2e87a76a37963175d7d428734e65648b87 PYTHONPATH=/mnt/host/source/src/platform/ec/zephyr/zmake PW_PIGWEED_CIPD_INSTALL_DIR=/usr CROSTC_USER_ACKNOWLEDGES_THAT_RISCV_IS_EXPERIMENTAL=1 MAKEFLAGS=' -j16 --jobserver-auth=5,6' /usr/bin/ninja -C /mnt/host/source/src/platform/ec/build/zephyr/it82002_evb/build-singleimage all.libraries`
[baze:ro] [341/353] Building C object zephyr/kernel/CMakeFiles/kernel.dir/thread.c.obj
[it82002_evb:singleimage] ninja: Entering directory `/mnt/host/source/src/platform/ec/build/zephyr/it82002_evb/build-singleimage'
[ptlrvp_mchp:ro] Building: /usr/bin/ninja -C /mnt/host/source/src/platform/ec/build/zephyr/ptlrvp_mchp/build-ro all.libraries
Running `env -i SHELL=/bin/bash COLORTERM=truecolor DEPOT_TOOLS_UPDATE=0 LESS='-R -M --shift 5' SUDO_GID=0 JDK_HOME=/etc/java-config-2/current-system-vm CONFIG_PROTECT_MASK='/etc/gentoo-release /etc/sandbox.d /etc/fonts/fonts.conf /etc/terminfo /etc/ca-certificates.conf /etc/revdep-rebuild' CHROMEOS_CACHEDIR=/var/cache/chromeos-cache JAVA_HOME=/etc/java-config-2/current-system-vm SSH_AUTH_SOCK=/tmp/ssh-auth-sock SUDO_COMMAND=/bin/bash SUDO_USER=root SUDO_TTY=/dev/pts/2 EDITOR=/usr/bin/vi PWD=/mnt/host/source/src/platform/ec CONFIG_PROTECT=/usr/share/gnupg/qualified.txt LOGNAME=jpmurphy MANPATH=/etc/java-config-2/current-system-vm/man:/usr/local/share/man:/usr/share/man:/usr/share/gcc-data/x86_64-pc-linux-gnu/10.2.0/man:/usr/share/binutils-data/x86_64-pc-linux-gnu/2.45/man:/etc/java-config-2/current-system-vm/man/ SUDO_HOME=/root XAUTHORITY=/run/user/944457/gdm/Xauthority HOME=/home/jpmurphy LANG=C.UTF-8 LS_COLORS='rs=0:di=01;34:ln=01;36:mh=00:pi=40;33:so=01;35:do=01;35:bd=40;33;01:cd=40;33;01:or=01;05;37;41:mi=01;05;37;41:su=37;41:sg=30;43:ca=30;41:tw=30;42:ow=34;42:st=37;44:ex=01;32:*.tar=01;31:*.tgz=01;31:*.arc=01;31:*.arj=01;31:*.taz=01;31:*.lha=01;31:*.lz4=01;31:*.lzh=01;31:*.lzma=01;31:*.tlz=01;31:*.txz=01;31:*.tzo=01;31:*.t7z=01;31:*.zip=01;31:*.z=01;31:*.dz=01;31:*.gz=01;31:*.lrz=01;31:*.lz=01;31:*.lzo=01;31:*.xz=01;31:*.zst=01;31:*.tzst=01;31:*.bz2=01;31:*.bz=01;31:*.tbz=01;31:*.tbz2=01;31:*.tz=01;31:*.deb=01;31:*.rpm=01;31:*.jar=01;31:*.war=01;31:*.ear=01;31:*.sar=01;31:*.rar=01;31:*.alz=01;31:*.ace=01;31:*.zoo=01;31:*.cpio=01;31:*.7z=01;31:*.rz=01;31:*.cab=01;31:*.wim=01;31:*.swm=01;31:*.dwm=01;31:*.esd=01;31:*.jpg=01;35:*.jpeg=01;35:*.mjpg=01;35:*.mjpeg=01;35:*.gif=01;35:*.bmp=01;35:*.pbm=01;35:*.pgm=01;35:*.ppm=01;35:*.tga=01;35:*.xbm=01;35:*.xpm=01;35:*.tif=01;35:*.tiff=01;35:*.png=01;35:*.svg=01;35:*.svgz=01;35:*.mng=01;35:*.pcx=01;35:*.mov=01;35:*.mpg=01;35:*.mpeg=01;35:*.m2v=01;35:*.mkv=01;35:*.webm=01;35:*.webp=01;35:*.ogm=01;35:*.mp4=01;35:*.m4v=01;35:*.mp4v=01;35:*.vob=01;35:*.qt=01;35:*.nuv=01;35:*.wmv=01;35:*.asf=01;35:*.rm=01;35:*.rmvb=01;35:*.flc=01;35:*.avi=01;35:*.fli=01;35:*.flv=01;35:*.gl=01;35:*.dl=01;35:*.xcf=01;35:*.xwd=01;35:*.yuv=01;35:*.cgm=01;35:*.emf=01;35:*.ogv=01;35:*.ogx=01;35:*.cfg=00;32:*.conf=00;32:*.diff=00;32:*.doc=00;32:*.ini=00;32:*.log=00;32:*.patch=00;32:*.pdf=00;32:*.ps=00;32:*.tex=00;32:*.txt=00;32:*.aac=00;36:*.au=00;36:*.flac=00;36:*.m4a=00;36:*.mid=00;36:*.midi=00;36:*.mka=00;36:*.mp3=00;36:*.mpc=00;36:*.ogg=00;36:*.ra=00;36:*.wav=00;36:*.oga=00;36:*.opus=00;36:*.spx=00;36:*.xspf=00;36:' XDG_CURRENT_DESKTOP=GNOME INFOPATH=/usr/share/info:/usr/share/gcc-data/x86_64-pc-linux-gnu/10.2.0/info:/usr/share/binutils-data/x86_64-pc-linux-gnu/2.45/info:/usr/share/automake-1.16.5/info JAVAC=/etc/java-config-2/current-system-vm/bin/javac TERM=xterm-256color LESSOPEN='|lesspipe %s' USER=jpmurphy CROS_WORKON_SRCROOT=/mnt/host/source MANPAGER=manpager DISPLAY=:1 SHLVL=1 LC_MESSAGES=C EXTERNAL_TRUNK_PATH=/mnt/8f9d649a-3721-44cc-93c0-e6bd21a9689f/chromiumos GCC_SPECS='' PATH=/mnt/host/source/chromite/bin:/usr/local/bin:/usr/bin:/bin:/opt/bin:/mnt/host/source/chromite/sdk/bin:/mnt/host/source/chromite/bin PORTAGE_USERNAME=jpmurphy SUDO_UID=0 GCC_VER=10.2.0 MAIL=/var/mail/jpmurphy OLDPWD=/mnt/host/source/src/scripts traceparent=00-e87aca51550a78635907baa6a2476181-6d684811675d2973-01 _=./zephyr/firmware_builder.py COREBOOT_SDK_ROOT_x86=/home/jpmurphy/.cache/coreboot-sdk/i386-elf/dfbb0486385d938cfa9d73080b9d18d598ed4f49 COREBOOT_SDK_ROOT_picolibc_x86=/home/jpmurphy/.cache/coreboot-sdk/picolibc-i386-elf/eb8e8e687b95461de8cbf278f1c2076952d0ad17 COREBOOT_SDK_ROOT_riscv64=/home/jpmurphy/.cache/coreboot-sdk/riscv64-elf/96b949749225b6aaa92ed810ab769e8dfb12f000 COREBOOT_SDK_ROOT_picolibc_arm=/home/jpmurphy/.cache/coreboot-sdk/picolibc-arm-eabi/422a2aa3e1ef891b5bece9a3deb696ff83840d2e COREBOOT_SDK_ROOT_nds32=/home/jpmurphy/.cache/coreboot-sdk/nds32le-elf/d1a518c4a097666d86058e1444f85ca015d15511 COREBOOT_SDK_ROOT_picolibc_riscv64=/home/jpmurphy/.cache/coreboot-sdk/picolibc-riscv64-elf/f571e990ef0278564b31124f8bb109d9a697eb69 COREBOOT_SDK_ROOT_arm=/home/jpmurphy/.cache/coreboot-sdk/arm-eabi/ea40ddd1d190c3b48435c474c0b545719371813a COREBOOT_SDK_ROOT_libstdcxx_riscv64=/home/jpmurphy/.cache/coreboot-sdk/libstdcxx-riscv64-elf/17abf22a3a252e2d5d2062ced5324f7a623689e0 COREBOOT_SDK_ROOT_libstdcxx_arm=/home/jpmurphy/.cache/coreboot-sdk/libstdcxx-arm-eabi/5d7d82e150e44aa1968f1d366e267e6687b328ac COREBOOT_SDK_ROOT_riscv=/home/jpmurphy/.cache/coreboot-sdk/riscv-elf/9a27b9e82341c6e9126624f516ab3f261abb3e73 COREBOOT_SDK_ROOT_libstdcxx_x86=/home/jpmurphy/.cache/coreboot-sdk/libstdcxx-i386-elf/42ef9d2e87a76a37963175d7d428734e65648b87 PYTHONPATH=/mnt/host/source/src/platform/ec/zephyr/zmake PW_PIGWEED_CIPD_INSTALL_DIR=/usr CROSTC_USER_ACKNOWLEDGES_THAT_RISCV_IS_EXPERIMENTAL=1 MAKEFLAGS=' -j16 --jobserver-auth=5,6' /usr/bin/ninja -C /mnt/host/source/src/platform/ec/build/zephyr/ptlrvp_mchp/build-ro all.libraries`
[baze:ro] [342/353] Building C object zephyr/kernel/CMakeFiles/kernel.dir/work.c.obj
[ptlrvp_mchp:ro] ninja: Entering directory `/mnt/host/source/src/platform/ec/build/zephyr/ptlrvp_mchp/build-ro'
[baze:ro] [343/353] Building C object zephyr/kernel/CMakeFiles/kernel.dir/spinlock_validate.c.obj
[it82002_evb:singleimage] [1/242] Preparing syscall dependency handling
[kaladin:ro] Building: /usr/bin/ninja -C /mnt/host/source/src/platform/ec/build/zephyr/kaladin/build-ro all.libraries
Running `env -i SHELL=/bin/bash COLORTERM=truecolor DEPOT_TOOLS_UPDATE=0 LESS='-R -M --shift 5' SUDO_GID=0 JDK_HOME=/etc/java-config-2/current-system-vm CONFIG_PROTECT_MASK='/etc/gentoo-release /etc/sandbox.d /etc/fonts/fonts.conf /etc/terminfo /etc/ca-certificates.conf /etc/revdep-rebuild' CHROMEOS_CACHEDIR=/var/cache/chromeos-cache JAVA_HOME=/etc/java-config-2/current-system-vm SSH_AUTH_SOCK=/tmp/ssh-auth-sock SUDO_COMMAND=/bin/bash SUDO_USER=root SUDO_TTY=/dev/pts/2 EDITOR=/usr/bin/vi PWD=/mnt/host/source/src/platform/ec CONFIG_PROTECT=/usr/share/gnupg/qualified.txt LOGNAME=jpmurphy MANPATH=/etc/java-config-2/current-system-vm/man:/usr/local/share/man:/usr/share/man:/usr/share/gcc-data/x86_64-pc-linux-gnu/10.2.0/man:/usr/share/binutils-data/x86_64-pc-linux-gnu/2.45/man:/etc/java-config-2/current-system-vm/man/ SUDO_HOME=/root XAUTHORITY=/run/user/944457/gdm/Xauthority HOME=/home/jpmurphy LANG=C.UTF-8 LS_COLORS='rs=0:di=01;34:ln=01;36:mh=00:pi=40;33:so=01;35:do=01;35:bd=40;33;01:cd=40;33;01:or=01;05;37;41:mi=01;05;37;41:su=37;41:sg=30;43:ca=30;41:tw=30;42:ow=34;42:st=37;44:ex=01;32:*.tar=01;31:*.tgz=01;31:*.arc=01;31:*.arj=01;31:*.taz=01;31:*.lha=01;31:*.lz4=01;31:*.lzh=01;31:*.lzma=01;31:*.tlz=01;31:*.txz=01;31:*.tzo=01;31:*.t7z=01;31:*.zip=01;31:*.z=01;31:*.dz=01;31:*.gz=01;31:*.lrz=01;31:*.lz=01;31:*.lzo=01;31:*.xz=01;31:*.zst=01;31:*.tzst=01;31:*.bz2=01;31:*.bz=01;31:*.tbz=01;31:*.tbz2=01;31:*.tz=01;31:*.deb=01;31:*.rpm=01;31:*.jar=01;31:*.war=01;31:*.ear=01;31:*.sar=01;31:*.rar=01;31:*.alz=01;31:*.ace=01;31:*.zoo=01;31:*.cpio=01;31:*.7z=01;31:*.rz=01;31:*.cab=01;31:*.wim=01;31:*.swm=01;31:*.dwm=01;31:*.esd=01;31:*.jpg=01;35:*.jpeg=01;35:*.mjpg=01;35:*.mjpeg=01;35:*.gif=01;35:*.bmp=01;35:*.pbm=01;35:*.pgm=01;35:*.ppm=01;35:*.tga=01;35:*.xbm=01;35:*.xpm=01;35:*.tif=01;35:*.tiff=01;35:*.png=01;35:*.svg=01;35:*.svgz=01;35:*.mng=01;35:*.pcx=01;35:*.mov=01;35:*.mpg=01;35:*.mpeg=01;35:*.m2v=01;35:*.mkv=01;35:*.webm=01;35:*.webp=01;35:*.ogm=01;35:*.mp4=01;35:*.m4v=01;35:*.mp4v=01;35:*.vob=01;35:*.qt=01;35:*.nuv=01;35:*.wmv=01;35:*.asf=01;35:*.rm=01;35:*.rmvb=01;35:*.flc=01;35:*.avi=01;35:*.fli=01;35:*.flv=01;35:*.gl=01;35:*.dl=01;35:*.xcf=01;35:*.xwd=01;35:*.yuv=01;35:*.cgm=01;35:*.emf=01;35:*.ogv=01;35:*.ogx=01;35:*.cfg=00;32:*.conf=00;32:*.diff=00;32:*.doc=00;32:*.ini=00;32:*.log=00;32:*.patch=00;32:*.pdf=00;32:*.ps=00;32:*.tex=00;32:*.txt=00;32:*.aac=00;36:*.au=00;36:*.flac=00;36:*.m4a=00;36:*.mid=00;36:*.midi=00;36:*.mka=00;36:*.mp3=00;36:*.mpc=00;36:*.ogg=00;36:*.ra=00;36:*.wav=00;36:*.oga=00;36:*.opus=00;36:*.spx=00;36:*.xspf=00;36:' XDG_CURRENT_DESKTOP=GNOME INFOPATH=/usr/share/info:/usr/share/gcc-data/x86_64-pc-linux-gnu/10.2.0/info:/usr/share/binutils-data/x86_64-pc-linux-gnu/2.45/info:/usr/share/automake-1.16.5/info JAVAC=/etc/java-config-2/current-system-vm/bin/javac TERM=xterm-256color LESSOPEN='|lesspipe %s' USER=jpmurphy CROS_WORKON_SRCROOT=/mnt/host/source MANPAGER=manpager DISPLAY=:1 SHLVL=1 LC_MESSAGES=C EXTERNAL_TRUNK_PATH=/mnt/8f9d649a-3721-44cc-93c0-e6bd21a9689f/chromiumos GCC_SPECS='' PATH=/mnt/host/source/chromite/bin:/usr/local/bin:/usr/bin:/bin:/opt/bin:/mnt/host/source/chromite/sdk/bin:/mnt/host/source/chromite/bin PORTAGE_USERNAME=jpmurphy SUDO_UID=0 GCC_VER=10.2.0 MAIL=/var/mail/jpmurphy OLDPWD=/mnt/host/source/src/scripts traceparent=00-e87aca51550a78635907baa6a2476181-6d684811675d2973-01 _=./zephyr/firmware_builder.py COREBOOT_SDK_ROOT_x86=/home/jpmurphy/.cache/coreboot-sdk/i386-elf/dfbb0486385d938cfa9d73080b9d18d598ed4f49 COREBOOT_SDK_ROOT_picolibc_x86=/home/jpmurphy/.cache/coreboot-sdk/picolibc-i386-elf/eb8e8e687b95461de8cbf278f1c2076952d0ad17 COREBOOT_SDK_ROOT_riscv64=/home/jpmurphy/.cache/coreboot-sdk/riscv64-elf/96b949749225b6aaa92ed810ab769e8dfb12f000 COREBOOT_SDK_ROOT_picolibc_arm=/home/jpmurphy/.cache/coreboot-sdk/picolibc-arm-eabi/422a2aa3e1ef891b5bece9a3deb696ff83840d2e COREBOOT_SDK_ROOT_nds32=/home/jpmurphy/.cache/coreboot-sdk/nds32le-elf/d1a518c4a097666d86058e1444f85ca015d15511 COREBOOT_SDK_ROOT_picolibc_riscv64=/home/jpmurphy/.cache/coreboot-sdk/picolibc-riscv64-elf/f571e990ef0278564b31124f8bb109d9a697eb69 COREBOOT_SDK_ROOT_arm=/home/jpmurphy/.cache/coreboot-sdk/arm-eabi/ea40ddd1d190c3b48435c474c0b545719371813a COREBOOT_SDK_ROOT_libstdcxx_riscv64=/home/jpmurphy/.cache/coreboot-sdk/libstdcxx-riscv64-elf/17abf22a3a252e2d5d2062ced5324f7a623689e0 COREBOOT_SDK_ROOT_libstdcxx_arm=/home/jpmurphy/.cache/coreboot-sdk/libstdcxx-arm-eabi/5d7d82e150e44aa1968f1d366e267e6687b328ac COREBOOT_SDK_ROOT_riscv=/home/jpmurphy/.cache/coreboot-sdk/riscv-elf/9a27b9e82341c6e9126624f516ab3f261abb3e73 COREBOOT_SDK_ROOT_libstdcxx_x86=/home/jpmurphy/.cache/coreboot-sdk/libstdcxx-i386-elf/42ef9d2e87a76a37963175d7d428734e65648b87 PYTHONPATH=/mnt/host/source/src/platform/ec/zephyr/zmake PW_PIGWEED_CIPD_INSTALL_DIR=/usr CROSTC_USER_ACKNOWLEDGES_THAT_RISCV_IS_EXPERIMENTAL=1 MAKEFLAGS=' -j16 --jobserver-auth=5,6' /usr/bin/ninja -C /mnt/host/source/src/platform/ec/build/zephyr/kaladin/build-ro all.libraries`
[baze:ro] [344/353] Building C object zephyr/kernel/CMakeFiles/kernel.dir/pipe.c.obj
[kaladin:ro] ninja: Entering directory `/mnt/host/source/src/platform/ec/build/zephyr/kaladin/build-ro'
[baze:ro] [345/353] Building C object zephyr/kernel/CMakeFiles/kernel.dir/thread_monitor.c.obj
[ptlrvp_mchp:ro] [1/382] Preparing syscall dependency handling
[it82002_evb:singleimage] [2/242] Generating misc/generated/syscalls_subdirs.trigger
[ptlrvp_mchp:ro] [2/382] Generating misc/generated/syscalls_subdirs.trigger
[baze:ro] [346/353] Building C object zephyr/kernel/CMakeFiles/kernel.dir/events.c.obj
[brtk:rw] Configuring.
[baze:ro] [347/353] Building C object zephyr/kernel/CMakeFiles/kernel.dir/mempool.c.obj
Running `env -i PYTHONPATH=/usr/lib64/python-exec/python3.11:/mnt/host/source/src/platform/ec/zephyr/zmake:/usr/lib/python311.zip:/usr/lib/python3.11:/usr/lib/python3.11/lib-dynload:/usr/lib/python3.11/site-packages PW_PIGWEED_CIPD_INSTALL_DIR=/usr CROSTC_USER_ACKNOWLEDGES_THAT_RISCV_IS_EXPERIMENTAL=1 PATH=/mnt/host/source/chromite/bin:/usr/local/bin:/usr/bin:/bin:/opt/bin:/mnt/host/source/chromite/sdk/bin:/mnt/host/source/chromite/bin HOME=/home/jpmurphy JAVA_HOME=/etc/java-config-2/current-system-vm JDK_HOME=/etc/java-config-2/current-system-vm JAVAC=/etc/java-config-2/current-system-vm/bin/javac MAKEFLAGS=' -j16 --jobserver-auth=5,6' /usr/bin/cmake -S /mnt/host/source/src/platform/ec/zephyr/program/brox -B /mnt/host/source/src/platform/ec/build/zephyr/brtk/build-rw -GNinja -DCMAKE_EXPORT_COMPILE_COMMANDS=ON -DZEPHYR_BASE=/mnt/host/source/src/third_party/zephyr/main -DZMAKE_INCLUDE_DIR=/mnt/host/source/src/platform/ec/build/zephyr/brtk/include -DPython3_EXECUTABLE=/usr/bin/python3.11 -DDTS_ROOT=/mnt/host/source/src/platform/ec/zephyr -DSYSCALL_INCLUDE_DIRS=/mnt/host/source/src/platform/ec/zephyr/include/drivers -DUSER_CACHE_DIR=/mnt/host/source/src/platform/ec/build/zephyr/user-cache '-DEXTRA_EC_VERSION_FLAGS=--version 16543.0.0 --static' -DTOOLCHAIN_ROOT=/mnt/host/source/src/platform/ec/zephyr -DCOREBOOT_SDK_ROOT_x86=/home/jpmurphy/.cache/coreboot-sdk/i386-elf/dfbb0486385d938cfa9d73080b9d18d598ed4f49 -DCOREBOOT_SDK_ROOT_picolibc_x86=/home/jpmurphy/.cache/coreboot-sdk/picolibc-i386-elf/eb8e8e687b95461de8cbf278f1c2076952d0ad17 -DCOREBOOT_SDK_ROOT_riscv64=/home/jpmurphy/.cache/coreboot-sdk/riscv64-elf/96b949749225b6aaa92ed810ab769e8dfb12f000 -DCOREBOOT_SDK_ROOT_picolibc_arm=/home/jpmurphy/.cache/coreboot-sdk/picolibc-arm-eabi/422a2aa3e1ef891b5bece9a3deb696ff83840d2e -DCOREBOOT_SDK_ROOT_nds32=/home/jpmurphy/.cache/coreboot-sdk/nds32le-elf/d1a518c4a097666d86058e1444f85ca015d15511 -DCOREBOOT_SDK_ROOT_picolibc_riscv64=/home/jpmurphy/.cache/coreboot-sdk/picolibc-riscv64-elf/f571e990ef0278564b31124f8bb109d9a697eb69 -DCOREBOOT_SDK_ROOT_arm=/home/jpmurphy/.cache/coreboot-sdk/arm-eabi/ea40ddd1d190c3b48435c474c0b545719371813a -DCOREBOOT_SDK_ROOT_libstdcxx_riscv64=/home/jpmurphy/.cache/coreboot-sdk/libstdcxx-riscv64-elf/17abf22a3a252e2d5d2062ced5324f7a623689e0 -DCOREBOOT_SDK_ROOT_libstdcxx_arm=/home/jpmurphy/.cache/coreboot-sdk/libstdcxx-arm-eabi/5d7d82e150e44aa1968f1d366e267e6687b328ac -DCOREBOOT_SDK_ROOT_riscv=/home/jpmurphy/.cache/coreboot-sdk/riscv-elf/9a27b9e82341c6e9126624f516ab3f261abb3e73 -DCOREBOOT_SDK_ROOT_libstdcxx_x86=/home/jpmurphy/.cache/coreboot-sdk/libstdcxx-i386-elf/42ef9d2e87a76a37963175d7d428734e65648b87 -DZEPHYR_TOOLCHAIN_VARIANT=coreboot-sdk '-DZEPHYR_MODULES=/mnt/host/source/src/platform/ec/build/zephyr/brtk/modules/cmsis;/mnt/host/source/src/platform/ec/build/zephyr/brtk/modules/cmsis_6;/mnt/host/source/src/platform/ec/build/zephyr/brtk/modules/ec' -DDTC_OVERLAY_FILE=/mnt/host/source/src/platform/ec/zephyr/program/brox/brtk/project.overlay -DBOARD=realtek/rts5912 -DCMAKE_C_FLAGS=-DSECTION_IS_RW '-DCONF_FILE=/mnt/host/source/src/platform/ec/zephyr/program/brox/program.conf;/mnt/host/source/src/platform/ec/zephyr/program/brox/brtk/project.conf;/mnt/host/source/src/platform/ec/zephyr/program/brox/motionsense.conf;/mnt/host/source/src/platform/ec/build/zephyr/brtk/kconfig-rw.conf'`
[brtk:rw] Loading Zephyr default modules (Zephyr base (cached)).
[brtk:rw] -- Application: /mnt/host/source/src/platform/ec/zephyr/program/brox
[brtk:rw] -- CMake version: 3.31.7
Running (initial) lcov on /mnt/host/source/src/platform/ec/build/zephyr/nereid.
[baze:ro] [348/353] Building C object zephyr/kernel/CMakeFiles/kernel.dir/timeout.c.obj
[baze:ro] [349/353] Building C object zephyr/kernel/CMakeFiles/kernel.dir/timer.c.obj
[brtk:ro] Configuring.
Running `env -i PYTHONPATH=/usr/lib64/python-exec/python3.11:/mnt/host/source/src/platform/ec/zephyr/zmake:/usr/lib/python311.zip:/usr/lib/python3.11:/usr/lib/python3.11/lib-dynload:/usr/lib/python3.11/site-packages PW_PIGWEED_CIPD_INSTALL_DIR=/usr CROSTC_USER_ACKNOWLEDGES_THAT_RISCV_IS_EXPERIMENTAL=1 PATH=/mnt/host/source/chromite/bin:/usr/local/bin:/usr/bin:/bin:/opt/bin:/mnt/host/source/chromite/sdk/bin:/mnt/host/source/chromite/bin HOME=/home/jpmurphy JAVA_HOME=/etc/java-config-2/current-system-vm JDK_HOME=/etc/java-config-2/current-system-vm JAVAC=/etc/java-config-2/current-system-vm/bin/javac MAKEFLAGS=' -j16 --jobserver-auth=5,6' /usr/bin/cmake -S /mnt/host/source/src/platform/ec/zephyr/program/brox -B /mnt/host/source/src/platform/ec/build/zephyr/brtk/build-ro -GNinja -DCMAKE_EXPORT_COMPILE_COMMANDS=ON -DZEPHYR_BASE=/mnt/host/source/src/third_party/zephyr/main -DZMAKE_INCLUDE_DIR=/mnt/host/source/src/platform/ec/build/zephyr/brtk/include -DPython3_EXECUTABLE=/usr/bin/python3.11 -DDTS_ROOT=/mnt/host/source/src/platform/ec/zephyr -DSYSCALL_INCLUDE_DIRS=/mnt/host/source/src/platform/ec/zephyr/include/drivers -DUSER_CACHE_DIR=/mnt/host/source/src/platform/ec/build/zephyr/user-cache '-DEXTRA_EC_VERSION_FLAGS=--version 16543.0.0 --static' -DTOOLCHAIN_ROOT=/mnt/host/source/src/platform/ec/zephyr -DCOREBOOT_SDK_ROOT_x86=/home/jpmurphy/.cache/coreboot-sdk/i386-elf/dfbb0486385d938cfa9d73080b9d18d598ed4f49 -DCOREBOOT_SDK_ROOT_picolibc_x86=/home/jpmurphy/.cache/coreboot-sdk/picolibc-i386-elf/eb8e8e687b95461de8cbf278f1c2076952d0ad17 -DCOREBOOT_SDK_ROOT_riscv64=/home/jpmurphy/.cache/coreboot-sdk/riscv64-elf/96b949749225b6aaa92ed810ab769e8dfb12f000 -DCOREBOOT_SDK_ROOT_picolibc_arm=/home/jpmurphy/.cache/coreboot-sdk/picolibc-arm-eabi/422a2aa3e1ef891b5bece9a3deb696ff83840d2e -DCOREBOOT_SDK_ROOT_nds32=/home/jpmurphy/.cache/coreboot-sdk/nds32le-elf/d1a518c4a097666d86058e1444f85ca015d15511 -DCOREBOOT_SDK_ROOT_picolibc_riscv64=/home/jpmurphy/.cache/coreboot-sdk/picolibc-riscv64-elf/f571e990ef0278564b31124f8bb109d9a697eb69 -DCOREBOOT_SDK_ROOT_arm=/home/jpmurphy/.cache/coreboot-sdk/arm-eabi/ea40ddd1d190c3b48435c474c0b545719371813a -DCOREBOOT_SDK_ROOT_libstdcxx_riscv64=/home/jpmurphy/.cache/coreboot-sdk/libstdcxx-riscv64-elf/17abf22a3a252e2d5d2062ced5324f7a623689e0 -DCOREBOOT_SDK_ROOT_libstdcxx_arm=/home/jpmurphy/.cache/coreboot-sdk/libstdcxx-arm-eabi/5d7d82e150e44aa1968f1d366e267e6687b328ac -DCOREBOOT_SDK_ROOT_riscv=/home/jpmurphy/.cache/coreboot-sdk/riscv-elf/9a27b9e82341c6e9126624f516ab3f261abb3e73 -DCOREBOOT_SDK_ROOT_libstdcxx_x86=/home/jpmurphy/.cache/coreboot-sdk/libstdcxx-i386-elf/42ef9d2e87a76a37963175d7d428734e65648b87 -DZEPHYR_TOOLCHAIN_VARIANT=coreboot-sdk '-DZEPHYR_MODULES=/mnt/host/source/src/platform/ec/build/zephyr/brtk/modules/cmsis;/mnt/host/source/src/platform/ec/build/zephyr/brtk/modules/cmsis_6;/mnt/host/source/src/platform/ec/build/zephyr/brtk/modules/ec' -DDTC_OVERLAY_FILE=/mnt/host/source/src/platform/ec/zephyr/program/brox/brtk/project.overlay -DBOARD=realtek/rts5912 -DCMAKE_C_FLAGS=-DSECTION_IS_RO '-DCONF_FILE=/mnt/host/source/src/platform/ec/zephyr/program/brox/program.conf;/mnt/host/source/src/platform/ec/zephyr/program/brox/brtk/project.conf;/mnt/host/source/src/platform/ec/zephyr/program/brox/motionsense.conf;/mnt/host/source/src/platform/ec/build/zephyr/brtk/kconfig-ro.conf'`
[baze:ro] [350/353] Building C object zephyr/kernel/CMakeFiles/kernel.dir/dynamic_disabled.c.obj
[brtk:ro] Loading Zephyr default modules (Zephyr base (cached)).
[brtk:ro] -- Application: /mnt/host/source/src/platform/ec/zephyr/program/brox
[brtk:ro] -- CMake version: 3.31.7
[ptlrvp_mchp:rw] Building: /usr/bin/ninja -C /mnt/host/source/src/platform/ec/build/zephyr/ptlrvp_mchp/build-rw all.libraries
Running `env -i SHELL=/bin/bash COLORTERM=truecolor DEPOT_TOOLS_UPDATE=0 LESS='-R -M --shift 5' SUDO_GID=0 JDK_HOME=/etc/java-config-2/current-system-vm CONFIG_PROTECT_MASK='/etc/gentoo-release /etc/sandbox.d /etc/fonts/fonts.conf /etc/terminfo /etc/ca-certificates.conf /etc/revdep-rebuild' CHROMEOS_CACHEDIR=/var/cache/chromeos-cache JAVA_HOME=/etc/java-config-2/current-system-vm SSH_AUTH_SOCK=/tmp/ssh-auth-sock SUDO_COMMAND=/bin/bash SUDO_USER=root SUDO_TTY=/dev/pts/2 EDITOR=/usr/bin/vi PWD=/mnt/host/source/src/platform/ec CONFIG_PROTECT=/usr/share/gnupg/qualified.txt LOGNAME=jpmurphy MANPATH=/etc/java-config-2/current-system-vm/man:/usr/local/share/man:/usr/share/man:/usr/share/gcc-data/x86_64-pc-linux-gnu/10.2.0/man:/usr/share/binutils-data/x86_64-pc-linux-gnu/2.45/man:/etc/java-config-2/current-system-vm/man/ SUDO_HOME=/root XAUTHORITY=/run/user/944457/gdm/Xauthority HOME=/home/jpmurphy LANG=C.UTF-8 LS_COLORS='rs=0:di=01;34:ln=01;36:mh=00:pi=40;33:so=01;35:do=01;35:bd=40;33;01:cd=40;33;01:or=01;05;37;41:mi=01;05;37;41:su=37;41:sg=30;43:ca=30;41:tw=30;42:ow=34;42:st=37;44:ex=01;32:*.tar=01;31:*.tgz=01;31:*.arc=01;31:*.arj=01;31:*.taz=01;31:*.lha=01;31:*.lz4=01;31:*.lzh=01;31:*.lzma=01;31:*.tlz=01;31:*.txz=01;31:*.tzo=01;31:*.t7z=01;31:*.zip=01;31:*.z=01;31:*.dz=01;31:*.gz=01;31:*.lrz=01;31:*.lz=01;31:*.lzo=01;31:*.xz=01;31:*.zst=01;31:*.tzst=01;31:*.bz2=01;31:*.bz=01;31:*.tbz=01;31:*.tbz2=01;31:*.tz=01;31:*.deb=01;31:*.rpm=01;31:*.jar=01;31:*.war=01;31:*.ear=01;31:*.sar=01;31:*.rar=01;31:*.alz=01;31:*.ace=01;31:*.zoo=01;31:*.cpio=01;31:*.7z=01;31:*.rz=01;31:*.cab=01;31:*.wim=01;31:*.swm=01;31:*.dwm=01;31:*.esd=01;31:*.jpg=01;35:*.jpeg=01;35:*.mjpg=01;35:*.mjpeg=01;35:*.gif=01;35:*.bmp=01;35:*.pbm=01;35:*.pgm=01;35:*.ppm=01;35:*.tga=01;35:*.xbm=01;35:*.xpm=01;35:*.tif=01;35:*.tiff=01;35:*.png=01;35:*.svg=01;35:*.svgz=01;35:*.mng=01;35:*.pcx=01;35:*.mov=01;35:*.mpg=01;35:*.mpeg=01;35:*.m2v=01;35:*.mkv=01;35:*.webm=01;35:*.webp=01;35:*.ogm=01;35:*.mp4=01;35:*.m4v=01;35:*.mp4v=01;35:*.vob=01;35:*.qt=01;35:*.nuv=01;35:*.wmv=01;35:*.asf=01;35:*.rm=01;35:*.rmvb=01;35:*.flc=01;35:*.avi=01;35:*.fli=01;35:*.flv=01;35:*.gl=01;35:*.dl=01;35:*.xcf=01;35:*.xwd=01;35:*.yuv=01;35:*.cgm=01;35:*.emf=01;35:*.ogv=01;35:*.ogx=01;35:*.cfg=00;32:*.conf=00;32:*.diff=00;32:*.doc=00;32:*.ini=00;32:*.log=00;32:*.patch=00;32:*.pdf=00;32:*.ps=00;32:*.tex=00;32:*.txt=00;32:*.aac=00;36:*.au=00;36:*.flac=00;36:*.m4a=00;36:*.mid=00;36:*.midi=00;36:*.mka=00;36:*.mp3=00;36:*.mpc=00;36:*.ogg=00;36:*.ra=00;36:*.wav=00;36:*.oga=00;36:*.opus=00;36:*.spx=00;36:*.xspf=00;36:' XDG_CURRENT_DESKTOP=GNOME INFOPATH=/usr/share/info:/usr/share/gcc-data/x86_64-pc-linux-gnu/10.2.0/info:/usr/share/binutils-data/x86_64-pc-linux-gnu/2.45/info:/usr/share/automake-1.16.5/info JAVAC=/etc/java-config-2/current-system-vm/bin/javac TERM=xterm-256color LESSOPEN='|lesspipe %s' USER=jpmurphy CROS_WORKON_SRCROOT=/mnt/host/source MANPAGER=manpager DISPLAY=:1 SHLVL=1 LC_MESSAGES=C EXTERNAL_TRUNK_PATH=/mnt/8f9d649a-3721-44cc-93c0-e6bd21a9689f/chromiumos GCC_SPECS='' PATH=/mnt/host/source/chromite/bin:/usr/local/bin:/usr/bin:/bin:/opt/bin:/mnt/host/source/chromite/sdk/bin:/mnt/host/source/chromite/bin PORTAGE_USERNAME=jpmurphy SUDO_UID=0 GCC_VER=10.2.0 MAIL=/var/mail/jpmurphy OLDPWD=/mnt/host/source/src/scripts traceparent=00-e87aca51550a78635907baa6a2476181-6d684811675d2973-01 _=./zephyr/firmware_builder.py COREBOOT_SDK_ROOT_x86=/home/jpmurphy/.cache/coreboot-sdk/i386-elf/dfbb0486385d938cfa9d73080b9d18d598ed4f49 COREBOOT_SDK_ROOT_picolibc_x86=/home/jpmurphy/.cache/coreboot-sdk/picolibc-i386-elf/eb8e8e687b95461de8cbf278f1c2076952d0ad17 COREBOOT_SDK_ROOT_riscv64=/home/jpmurphy/.cache/coreboot-sdk/riscv64-elf/96b949749225b6aaa92ed810ab769e8dfb12f000 COREBOOT_SDK_ROOT_picolibc_arm=/home/jpmurphy/.cache/coreboot-sdk/picolibc-arm-eabi/422a2aa3e1ef891b5bece9a3deb696ff83840d2e COREBOOT_SDK_ROOT_nds32=/home/jpmurphy/.cache/coreboot-sdk/nds32le-elf/d1a518c4a097666d86058e1444f85ca015d15511 COREBOOT_SDK_ROOT_picolibc_riscv64=/home/jpmurphy/.cache/coreboot-sdk/picolibc-riscv64-elf/f571e990ef0278564b31124f8bb109d9a697eb69 COREBOOT_SDK_ROOT_arm=/home/jpmurphy/.cache/coreboot-sdk/arm-eabi/ea40ddd1d190c3b48435c474c0b545719371813a COREBOOT_SDK_ROOT_libstdcxx_riscv64=/home/jpmurphy/.cache/coreboot-sdk/libstdcxx-riscv64-elf/17abf22a3a252e2d5d2062ced5324f7a623689e0 COREBOOT_SDK_ROOT_libstdcxx_arm=/home/jpmurphy/.cache/coreboot-sdk/libstdcxx-arm-eabi/5d7d82e150e44aa1968f1d366e267e6687b328ac COREBOOT_SDK_ROOT_riscv=/home/jpmurphy/.cache/coreboot-sdk/riscv-elf/9a27b9e82341c6e9126624f516ab3f261abb3e73 COREBOOT_SDK_ROOT_libstdcxx_x86=/home/jpmurphy/.cache/coreboot-sdk/libstdcxx-i386-elf/42ef9d2e87a76a37963175d7d428734e65648b87 PYTHONPATH=/mnt/host/source/src/platform/ec/zephyr/zmake PW_PIGWEED_CIPD_INSTALL_DIR=/usr CROSTC_USER_ACKNOWLEDGES_THAT_RISCV_IS_EXPERIMENTAL=1 MAKEFLAGS=' -j16 --jobserver-auth=5,6' /usr/bin/ninja -C /mnt/host/source/src/platform/ec/build/zephyr/ptlrvp_mchp/build-rw all.libraries`
[baze:ro] [351/353] Building C object zephyr/kernel/CMakeFiles/kernel.dir/sched.c.obj
[ptlrvp_mchp:rw] ninja: Entering directory `/mnt/host/source/src/platform/ec/build/zephyr/ptlrvp_mchp/build-rw'
[fatcatrvp-npcx:rw] Building: /usr/bin/ninja -C /mnt/host/source/src/platform/ec/build/zephyr/fatcatrvp-npcx/build-rw all.libraries
Running `env -i SHELL=/bin/bash COLORTERM=truecolor DEPOT_TOOLS_UPDATE=0 LESS='-R -M --shift 5' SUDO_GID=0 JDK_HOME=/etc/java-config-2/current-system-vm CONFIG_PROTECT_MASK='/etc/gentoo-release /etc/sandbox.d /etc/fonts/fonts.conf /etc/terminfo /etc/ca-certificates.conf /etc/revdep-rebuild' CHROMEOS_CACHEDIR=/var/cache/chromeos-cache JAVA_HOME=/etc/java-config-2/current-system-vm SSH_AUTH_SOCK=/tmp/ssh-auth-sock SUDO_COMMAND=/bin/bash SUDO_USER=root SUDO_TTY=/dev/pts/2 EDITOR=/usr/bin/vi PWD=/mnt/host/source/src/platform/ec CONFIG_PROTECT=/usr/share/gnupg/qualified.txt LOGNAME=jpmurphy MANPATH=/etc/java-config-2/current-system-vm/man:/usr/local/share/man:/usr/share/man:/usr/share/gcc-data/x86_64-pc-linux-gnu/10.2.0/man:/usr/share/binutils-data/x86_64-pc-linux-gnu/2.45/man:/etc/java-config-2/current-system-vm/man/ SUDO_HOME=/root XAUTHORITY=/run/user/944457/gdm/Xauthority HOME=/home/jpmurphy LANG=C.UTF-8 LS_COLORS='rs=0:di=01;34:ln=01;36:mh=00:pi=40;33:so=01;35:do=01;35:bd=40;33;01:cd=40;33;01:or=01;05;37;41:mi=01;05;37;41:su=37;41:sg=30;43:ca=30;41:tw=30;42:ow=34;42:st=37;44:ex=01;32:*.tar=01;31:*.tgz=01;31:*.arc=01;31:*.arj=01;31:*.taz=01;31:*.lha=01;31:*.lz4=01;31:*.lzh=01;31:*.lzma=01;31:*.tlz=01;31:*.txz=01;31:*.tzo=01;31:*.t7z=01;31:*.zip=01;31:*.z=01;31:*.dz=01;31:*.gz=01;31:*.lrz=01;31:*.lz=01;31:*.lzo=01;31:*.xz=01;31:*.zst=01;31:*.tzst=01;31:*.bz2=01;31:*.bz=01;31:*.tbz=01;31:*.tbz2=01;31:*.tz=01;31:*.deb=01;31:*.rpm=01;31:*.jar=01;31:*.war=01;31:*.ear=01;31:*.sar=01;31:*.rar=01;31:*.alz=01;31:*.ace=01;31:*.zoo=01;31:*.cpio=01;31:*.7z=01;31:*.rz=01;31:*.cab=01;31:*.wim=01;31:*.swm=01;31:*.dwm=01;31:*.esd=01;31:*.jpg=01;35:*.jpeg=01;35:*.mjpg=01;35:*.mjpeg=01;35:*.gif=01;35:*.bmp=01;35:*.pbm=01;35:*.pgm=01;35:*.ppm=01;35:*.tga=01;35:*.xbm=01;35:*.xpm=01;35:*.tif=01;35:*.tiff=01;35:*.png=01;35:*.svg=01;35:*.svgz=01;35:*.mng=01;35:*.pcx=01;35:*.mov=01;35:*.mpg=01;35:*.mpeg=01;35:*.m2v=01;35:*.mkv=01;35:*.webm=01;35:*.webp=01;35:*.ogm=01;35:*.mp4=01;35:*.m4v=01;35:*.mp4v=01;35:*.vob=01;35:*.qt=01;35:*.nuv=01;35:*.wmv=01;35:*.asf=01;35:*.rm=01;35:*.rmvb=01;35:*.flc=01;35:*.avi=01;35:*.fli=01;35:*.flv=01;35:*.gl=01;35:*.dl=01;35:*.xcf=01;35:*.xwd=01;35:*.yuv=01;35:*.cgm=01;35:*.emf=01;35:*.ogv=01;35:*.ogx=01;35:*.cfg=00;32:*.conf=00;32:*.diff=00;32:*.doc=00;32:*.ini=00;32:*.log=00;32:*.patch=00;32:*.pdf=00;32:*.ps=00;32:*.tex=00;32:*.txt=00;32:*.aac=00;36:*.au=00;36:*.flac=00;36:*.m4a=00;36:*.mid=00;36:*.midi=00;36:*.mka=00;36:*.mp3=00;36:*.mpc=00;36:*.ogg=00;36:*.ra=00;36:*.wav=00;36:*.oga=00;36:*.opus=00;36:*.spx=00;36:*.xspf=00;36:' XDG_CURRENT_DESKTOP=GNOME INFOPATH=/usr/share/info:/usr/share/gcc-data/x86_64-pc-linux-gnu/10.2.0/info:/usr/share/binutils-data/x86_64-pc-linux-gnu/2.45/info:/usr/share/automake-1.16.5/info JAVAC=/etc/java-config-2/current-system-vm/bin/javac TERM=xterm-256color LESSOPEN='|lesspipe %s' USER=jpmurphy CROS_WORKON_SRCROOT=/mnt/host/source MANPAGER=manpager DISPLAY=:1 SHLVL=1 LC_MESSAGES=C EXTERNAL_TRUNK_PATH=/mnt/8f9d649a-3721-44cc-93c0-e6bd21a9689f/chromiumos GCC_SPECS='' PATH=/mnt/host/source/chromite/bin:/usr/local/bin:/usr/bin:/bin:/opt/bin:/mnt/host/source/chromite/sdk/bin:/mnt/host/source/chromite/bin PORTAGE_USERNAME=jpmurphy SUDO_UID=0 GCC_VER=10.2.0 MAIL=/var/mail/jpmurphy OLDPWD=/mnt/host/source/src/scripts traceparent=00-e87aca51550a78635907baa6a2476181-6d684811675d2973-01 _=./zephyr/firmware_builder.py COREBOOT_SDK_ROOT_x86=/home/jpmurphy/.cache/coreboot-sdk/i386-elf/dfbb0486385d938cfa9d73080b9d18d598ed4f49 COREBOOT_SDK_ROOT_picolibc_x86=/home/jpmurphy/.cache/coreboot-sdk/picolibc-i386-elf/eb8e8e687b95461de8cbf278f1c2076952d0ad17 COREBOOT_SDK_ROOT_riscv64=/home/jpmurphy/.cache/coreboot-sdk/riscv64-elf/96b949749225b6aaa92ed810ab769e8dfb12f000 COREBOOT_SDK_ROOT_picolibc_arm=/home/jpmurphy/.cache/coreboot-sdk/picolibc-arm-eabi/422a2aa3e1ef891b5bece9a3deb696ff83840d2e COREBOOT_SDK_ROOT_nds32=/home/jpmurphy/.cache/coreboot-sdk/nds32le-elf/d1a518c4a097666d86058e1444f85ca015d15511 COREBOOT_SDK_ROOT_picolibc_riscv64=/home/jpmurphy/.cache/coreboot-sdk/picolibc-riscv64-elf/f571e990ef0278564b31124f8bb109d9a697eb69 COREBOOT_SDK_ROOT_arm=/home/jpmurphy/.cache/coreboot-sdk/arm-eabi/ea40ddd1d190c3b48435c474c0b545719371813a COREBOOT_SDK_ROOT_libstdcxx_riscv64=/home/jpmurphy/.cache/coreboot-sdk/libstdcxx-riscv64-elf/17abf22a3a252e2d5d2062ced5324f7a623689e0 COREBOOT_SDK_ROOT_libstdcxx_arm=/home/jpmurphy/.cache/coreboot-sdk/libstdcxx-arm-eabi/5d7d82e150e44aa1968f1d366e267e6687b328ac COREBOOT_SDK_ROOT_riscv=/home/jpmurphy/.cache/coreboot-sdk/riscv-elf/9a27b9e82341c6e9126624f516ab3f261abb3e73 COREBOOT_SDK_ROOT_libstdcxx_x86=/home/jpmurphy/.cache/coreboot-sdk/libstdcxx-i386-elf/42ef9d2e87a76a37963175d7d428734e65648b87 PYTHONPATH=/mnt/host/source/src/platform/ec/zephyr/zmake PW_PIGWEED_CIPD_INSTALL_DIR=/usr CROSTC_USER_ACKNOWLEDGES_THAT_RISCV_IS_EXPERIMENTAL=1 MAKEFLAGS=' -j16 --jobserver-auth=5,6' /usr/bin/ninja -C /mnt/host/source/src/platform/ec/build/zephyr/fatcatrvp-npcx/build-rw all.libraries`
[baze:ro] [352/353] Building C object zephyr/kernel/CMakeFiles/kernel.dir/poll.c.obj
[fatcatrvp-npcx:rw] ninja: Entering directory `/mnt/host/source/src/platform/ec/build/zephyr/fatcatrvp-npcx/build-rw'
[it82002_evb:singleimage] [3/242] cd /mnt/host/source/src/platform/ec/build/zephyr/it82002_evb/build-singleimage/modules/ec/zephyr && PYTHONPATH=/mnt/host/source/src/platform/ec/build/zephyr/it82002_evb/modules/ec/zephyr/zmake/ /usr/bin/python3.11 /mnt/host/source/src/platform/ec/build/zephyr/it82002_evb/modules/ec/zephyr/zmake/zephyr_build_tools/generate_ec_version.py /mnt/host/source/src/platform/ec/build/zephyr/it82002_evb/build-singleimage/modules/ec/zephyr/include/ec_version.h --name Zephyr-Kernel --version 16543.0.0 --static
[it82002_evb:singleimage] INFO:root:Using a static version string
[baze:ro] [353/353] Linking C static library zephyr/kernel/libkernel.a
[fatcatrvp-npcx:rw] [1/386] Preparing syscall dependency handling
[ptlrvp_mchp:ro] [3/382] cd /mnt/host/source/src/platform/ec/build/zephyr/ptlrvp_mchp/build-ro/modules/ec/zephyr && PYTHONPATH=/mnt/host/source/src/platform/ec/build/zephyr/ptlrvp_mchp/modules/ec/zephyr/zmake/ /usr/bin/python3.11 /mnt/host/source/src/platform/ec/build/zephyr/ptlrvp_mchp/modules/ec/zephyr/zmake/zephyr_build_tools/generate_ec_version.py /mnt/host/source/src/platform/ec/build/zephyr/ptlrvp_mchp/build-ro/modules/ec/zephyr/include/ec_version.h --name Zephyr-Kernel --version 16543.0.0 --static
[ptlrvp_mchp:ro] INFO:root:Using a static version string
[kaladin:rw] [16/398] Generating pw_transport.proto/nanopb/pw_transport/proto/transport.pb.h, pw_transport.proto/nanopb/pw_transport/proto/transport.pb.c
[it82002_evb:singleimage] INFO:root:Version string: Zephyr-Kernel-16543.0.0
[it82002_evb:singleimage] INFO:root:Writing header to /mnt/host/source/src/platform/ec/build/zephyr/it82002_evb/build-singleimage/modules/ec/zephyr/include/ec_version.h
[it82002_evb:singleimage] [4/242] Generating include/generated/zephyr/version.h
[it82002_evb:singleimage] -- git describe warned: warning: tag 'upstream/v2.7.99' is externally known as 'v2.7.99'
[fatcatrvp-npcx:rw] [2/386] Generating misc/generated/syscalls_subdirs.trigger
[ptlrvp_mchp:ro] INFO:root:Version string: Zephyr-Kernel-16543.0.0
[ptlrvp_mchp:ro] INFO:root:Writing header to /mnt/host/source/src/platform/ec/build/zephyr/ptlrvp_mchp/build-ro/modules/ec/zephyr/include/ec_version.h
[ptlrvp_mchp:ro] [4/382] Generating include/generated/zephyr/version.h
[kaladin:rw] [17/398] Building C object zephyr/drivers/sensor/CMakeFiles/drivers__sensor.dir/mnt/host/source/src/third_party/zephyr/main/misc/empty_file.c.obj
[kaladin:ro] [1/398] Preparing syscall dependency handling
[brtk:rw] -- Found Python3: /usr/bin/python3.11 (found suitable version "3.11.11", minimum required is "3.10") found components: Interpreter
[brtk:rw] -- Cache files will be written to: /mnt/host/source/src/platform/ec/build/zephyr/user-cache
[brtk:rw] -- Zephyr version: 4.3.99 (/mnt/host/source/src/third_party/zephyr/main)
Running `env -i PYTHONPATH=/usr/lib64/python-exec/python3.11:/mnt/host/source/src/platform/ec/zephyr/zmake:/usr/lib/python311.zip:/usr/lib/python3.11:/usr/lib/python3.11/lib-dynload:/usr/lib/python3.11/site-packages PW_PIGWEED_CIPD_INSTALL_DIR=/usr CROSTC_USER_ACKNOWLEDGES_THAT_RISCV_IS_EXPERIMENTAL=1 PATH=/mnt/host/source/chromite/bin:/usr/local/bin:/usr/bin:/bin:/opt/bin:/mnt/host/source/chromite/sdk/bin:/mnt/host/source/chromite/bin HOME=/home/jpmurphy JAVA_HOME=/etc/java-config-2/current-system-vm JDK_HOME=/etc/java-config-2/current-system-vm JAVAC=/etc/java-config-2/current-system-vm/bin/javac MAKEFLAGS=' -j16 --jobserver-auth=5,6' /usr/bin/lcov --gcov-tool /mnt/host/source/src/platform/ec/build/zephyr/nereid/build-rw/gcov.sh -q -o - -c -d /mnt/host/source/src/platform/ec/build/zephyr/nereid -t nereid --rc branch_coverage=1 --filter range --ignore-errors inconsistent,source --ignore-errors gcov,gcov -i`
[brtk:ro] -- Found Python3: /usr/bin/python3.11 (found suitable version "3.11.11", minimum required is "3.10") found components: Interpreter
[brtk:ro] -- Cache files will be written to: /mnt/host/source/src/platform/ec/build/zephyr/user-cache
[brtk:ro] -- Zephyr version: 4.3.99 (/mnt/host/source/src/third_party/zephyr/main)
[kaladin:ro] [2/398] Generating misc/generated/syscalls_subdirs.trigger
[kaladin:rw] [18/398] Building C object zephyr/drivers/syscon/CMakeFiles/drivers__syscon.dir/mnt/host/source/src/third_party/zephyr/main/misc/empty_file.c.obj
[ptlrvp_mchp:rw] [1/382] Generating include/generated/zephyr/version.h
[kaladin:ro] [3/398] Generating include/generated/zephyr/version.h
[kaladin:ro] -- git describe warned: warning: tag 'upstream/v2.7.99' is externally known as 'v2.7.99'
[ptlrvp_mchp:rw] -- git describe warned: warning: tag 'upstream/v2.7.99' is externally known as 'v2.7.99'
[ptlrvp_mchp:rw] -- Zephyr version: 4.3.99 (/mnt/host/source/src/third_party/zephyr/main)
[ptlrvp_mchp:rw] [2/382] Preparing syscall dependency handling
[kaladin:rw] [19/398] Building C object modules/ec/zephyr/drivers/dsp_comms/CMakeFiles/dsp_comms.proto.nanopb.dir/dsp_comms.proto/nanopb/proto/ec_dsp.pb.c.obj
[roach:ro] Configuring.
Running `env -i PYTHONPATH=/usr/lib64/python-exec/python3.11:/mnt/host/source/src/platform/ec/zephyr/zmake:/usr/lib/python311.zip:/usr/lib/python3.11:/usr/lib/python3.11/lib-dynload:/usr/lib/python3.11/site-packages PW_PIGWEED_CIPD_INSTALL_DIR=/usr CROSTC_USER_ACKNOWLEDGES_THAT_RISCV_IS_EXPERIMENTAL=1 PATH=/mnt/host/source/chromite/bin:/usr/local/bin:/usr/bin:/bin:/opt/bin:/mnt/host/source/chromite/sdk/bin:/mnt/host/source/chromite/bin HOME=/home/jpmurphy JAVA_HOME=/etc/java-config-2/current-system-vm JDK_HOME=/etc/java-config-2/current-system-vm JAVAC=/etc/java-config-2/current-system-vm/bin/javac MAKEFLAGS=' -j16 --jobserver-auth=5,6' /usr/bin/cmake -S /mnt/host/source/src/platform/ec/zephyr/program/roach -B /mnt/host/source/src/platform/ec/build/zephyr/roach/build-ro -GNinja -DCMAKE_EXPORT_COMPILE_COMMANDS=ON -DZEPHYR_BASE=/mnt/host/source/src/third_party/zephyr/main -DZMAKE_INCLUDE_DIR=/mnt/host/source/src/platform/ec/build/zephyr/roach/include -DPython3_EXECUTABLE=/usr/bin/python3.11 -DDTS_ROOT=/mnt/host/source/src/platform/ec/zephyr -DSYSCALL_INCLUDE_DIRS=/mnt/host/source/src/platform/ec/zephyr/include/drivers -DUSER_CACHE_DIR=/mnt/host/source/src/platform/ec/build/zephyr/user-cache '-DEXTRA_EC_VERSION_FLAGS=--version 16543.0.0 --static' -DTOOLCHAIN_ROOT=/mnt/host/source/src/platform/ec/zephyr -DCOREBOOT_SDK_ROOT_x86=/home/jpmurphy/.cache/coreboot-sdk/i386-elf/dfbb0486385d938cfa9d73080b9d18d598ed4f49 -DCOREBOOT_SDK_ROOT_picolibc_x86=/home/jpmurphy/.cache/coreboot-sdk/picolibc-i386-elf/eb8e8e687b95461de8cbf278f1c2076952d0ad17 -DCOREBOOT_SDK_ROOT_riscv64=/home/jpmurphy/.cache/coreboot-sdk/riscv64-elf/96b949749225b6aaa92ed810ab769e8dfb12f000 -DCOREBOOT_SDK_ROOT_picolibc_arm=/home/jpmurphy/.cache/coreboot-sdk/picolibc-arm-eabi/422a2aa3e1ef891b5bece9a3deb696ff83840d2e -DCOREBOOT_SDK_ROOT_nds32=/home/jpmurphy/.cache/coreboot-sdk/nds32le-elf/d1a518c4a097666d86058e1444f85ca015d15511 -DCOREBOOT_SDK_ROOT_picolibc_riscv64=/home/jpmurphy/.cache/coreboot-sdk/picolibc-riscv64-elf/f571e990ef0278564b31124f8bb109d9a697eb69 -DCOREBOOT_SDK_ROOT_arm=/home/jpmurphy/.cache/coreboot-sdk/arm-eabi/ea40ddd1d190c3b48435c474c0b545719371813a -DCOREBOOT_SDK_ROOT_libstdcxx_riscv64=/home/jpmurphy/.cache/coreboot-sdk/libstdcxx-riscv64-elf/17abf22a3a252e2d5d2062ced5324f7a623689e0 -DCOREBOOT_SDK_ROOT_libstdcxx_arm=/home/jpmurphy/.cache/coreboot-sdk/libstdcxx-arm-eabi/5d7d82e150e44aa1968f1d366e267e6687b328ac -DCOREBOOT_SDK_ROOT_riscv=/home/jpmurphy/.cache/coreboot-sdk/riscv-elf/9a27b9e82341c6e9126624f516ab3f261abb3e73 -DCOREBOOT_SDK_ROOT_libstdcxx_x86=/home/jpmurphy/.cache/coreboot-sdk/libstdcxx-i386-elf/42ef9d2e87a76a37963175d7d428734e65648b87 -DZEPHYR_TOOLCHAIN_VARIANT=coreboot-sdk -DZEPHYR_MODULES=/mnt/host/source/src/platform/ec/build/zephyr/roach/modules/ec -DDTC_OVERLAY_FILE=/mnt/host/source/src/platform/ec/zephyr/program/roach/roach/project.overlay -DBOARD=it8xxx2/it82202ax/512 -DCMAKE_C_FLAGS=-DSECTION_IS_RO '-DCONF_FILE=/mnt/host/source/src/platform/ec/zephyr/program/roach/program.conf;/mnt/host/source/src/platform/ec/zephyr/program/roach/roach/project.conf;/mnt/host/source/src/platform/ec/build/zephyr/roach/kconfig-ro.conf'`
[it82002_evb:singleimage] -- Zephyr version: 4.3.99 (/mnt/host/source/src/third_party/zephyr/main)
[it82002_evb:singleimage] [5/242] Generating misc/generated/syscalls.json, misc/generated/struct_tags.json
[ptlrvp_mchp:rw] [3/382] Generating misc/generated/syscalls_subdirs.trigger
[roach:ro] Loading Zephyr default modules (Zephyr base (cached)).
[roach:ro] -- Application: /mnt/host/source/src/platform/ec/zephyr/program/roach
[roach:ro] -- CMake version: 3.31.7
[fatcatrvp-npcx:rw] [3/386] Generating include/generated/zephyr/version.h
[ptlrvp_mchp:ro] -- git describe warned: warning: tag 'upstream/v2.7.99' is externally known as 'v2.7.99'
[ptlrvp_mchp:ro] -- Zephyr version: 4.3.99 (/mnt/host/source/src/third_party/zephyr/main)
[ptlrvp_mchp:ro] [5/382] Generating misc/generated/syscalls.json, misc/generated/struct_tags.json
[kaladin:rw] [20/398] Building C object zephyr/CMakeFiles/offsets.dir/arch/riscv/core/offsets/offsets.c.obj
[kaladin:rw] [21/398] Building C object modules/ec/zephyr/drivers/pw_transport/CMakeFiles/pw_transport.proto.nanopb.dir/pw_transport.proto/nanopb/pw_transport/proto/transport.pb.c.obj
[kaladin:ro] -- Zephyr version: 4.3.99 (/mnt/host/source/src/third_party/zephyr/main)
[kaladin:ro] [4/398] cd /mnt/host/source/src/platform/ec/build/zephyr/kaladin/build-ro/modules/ec/zephyr && PYTHONPATH=/mnt/host/source/src/platform/ec/build/zephyr/kaladin/modules/ec/zephyr/zmake/ /usr/bin/python3.11 /mnt/host/source/src/platform/ec/build/zephyr/kaladin/modules/ec/zephyr/zmake/zephyr_build_tools/generate_ec_version.py /mnt/host/source/src/platform/ec/build/zephyr/kaladin/build-ro/modules/ec/zephyr/include/ec_version.h --name Zephyr-Kernel --version 16543.0.0 --static
[kaladin:ro] INFO:root:Using a static version string
[kaladin:ro] INFO:root:Version string: Zephyr-Kernel-16543.0.0
[kaladin:ro] INFO:root:Writing header to /mnt/host/source/src/platform/ec/build/zephyr/kaladin/build-ro/modules/ec/zephyr/include/ec_version.h
[kaladin:ro] [5/398] Building CXX object modules/pigweed/pw_build/CMakeFiles/pw_build.empty.dir/empty_file.cc.obj
[it82002_evb:singleimage] [6/242] Generating include/generated/zephyr/syscall_dispatch.c, include/generated/zephyr/syscall_exports_llext.c, syscall_weakdefs_llext.c, include/generated/zephyr/syscall_list.h
[ptlrvp_mchp:ro] [6/382] Generating include/generated/zephyr/syscall_dispatch.c, include/generated/zephyr/syscall_exports_llext.c, syscall_weakdefs_llext.c, include/generated/zephyr/syscall_list.h
[fatcatrvp-npcx:rw] -- git describe warned: warning: tag 'upstream/v2.7.99' is externally known as 'v2.7.99'
[fatcatrvp-npcx:rw] -- Zephyr version: 4.3.99 (/mnt/host/source/src/third_party/zephyr/main)
[fatcatrvp-npcx:rw] [4/386] cd /mnt/host/source/src/platform/ec/build/zephyr/fatcatrvp-npcx/build-rw/modules/ec/zephyr && PYTHONPATH=/mnt/host/source/src/platform/ec/build/zephyr/fatcatrvp-npcx/modules/ec/zephyr/zmake/ /usr/bin/python3.11 /mnt/host/source/src/platform/ec/build/zephyr/fatcatrvp-npcx/modules/ec/zephyr/zmake/zephyr_build_tools/generate_ec_version.py /mnt/host/source/src/platform/ec/build/zephyr/fatcatrvp-npcx/build-rw/modules/ec/zephyr/include/ec_version.h --name Zephyr-Kernel --version 16543.0.0 --static
[fatcatrvp-npcx:rw] INFO:root:Using a static version string
[kaladin:ro] [6/398] Generating pw_third_party.nanopb.proto/sources/nanopb.proto
[roach:ro] -- Found Python3: /usr/bin/python3.11 (found suitable version "3.11.11", minimum required is "3.10") found components: Interpreter
[roach:ro] -- Cache files will be written to: /mnt/host/source/src/platform/ec/build/zephyr/user-cache
[roach:ro] -- Zephyr version: 4.3.99 (/mnt/host/source/src/third_party/zephyr/main)
[kaladin:ro] [7/398] Generating dsp_comms.proto/sources/proto/ec_dsp.proto, dsp_comms.proto/sources/proto/ec_dsp.options
[ptlrvp_mchp:ro] [7/382] Generating include/generated/zephyr/driver-validation.h
[it82002_evb:singleimage] [7/242] Generating include/generated/zephyr/driver-validation.h
[fatcatrvp-npcx:rw] INFO:root:Version string: Zephyr-Kernel-16543.0.0
[fatcatrvp-npcx:rw] INFO:root:Writing header to /mnt/host/source/src/platform/ec/build/zephyr/fatcatrvp-npcx/build-rw/modules/ec/zephyr/include/ec_version.h
[fatcatrvp-npcx:rw] [5/386] Generating misc/generated/syscalls.json, misc/generated/struct_tags.json
[kaladin:ro] [8/398] Generating pw_transport.proto/sources/pw_transport/proto/transport.proto, pw_transport.proto/sources/pw_transport/proto/transport.options
[ptlrvp_mchp:ro] [8/382] Generating include/generated/device-api-sections.ld, include/generated/device-api-sections.cmake
[kaladin:ro] [9/398] Generating misc/generated/syscalls.json, misc/generated/struct_tags.json
[/mnt/host/source/src/platform/ec/build/zephyr/nereid-lcov] geninfo: WARNING: using JSON module "JSON::PP" - which is much slower than some alternatives.  Consider installing one of JSON::XS or Cpanel::JSON::XS
[fatcatrvp-npcx:rw] [6/386] Generating include/generated/zephyr/syscall_dispatch.c, include/generated/zephyr/syscall_exports_llext.c, syscall_weakdefs_llext.c, include/generated/zephyr/syscall_list.h
[it82002_evb:singleimage] [8/242] Generating include/generated/zephyr/kobj-types-enum.h, include/generated/zephyr/otype-to-str.h, include/generated/zephyr/otype-to-size.h
[ptlrvp_mchp:ro] [9/382] Generating include/generated/zephyr/kobj-types-enum.h, include/generated/zephyr/otype-to-str.h, include/generated/zephyr/otype-to-size.h
[it82002_evb:singleimage] [9/242] Generating include/generated/device-api-sections.ld, include/generated/device-api-sections.cmake
[kaladin:ro] [10/398] Generating include/generated/zephyr/syscall_dispatch.c, include/generated/zephyr/syscall_exports_llext.c, syscall_weakdefs_llext.c, include/generated/zephyr/syscall_list.h
[ptlrvp_mchp:rw] [4/382] cd /mnt/host/source/src/platform/ec/build/zephyr/ptlrvp_mchp/build-rw/modules/ec/zephyr && PYTHONPATH=/mnt/host/source/src/platform/ec/build/zephyr/ptlrvp_mchp/modules/ec/zephyr/zmake/ /usr/bin/python3.11 /mnt/host/source/src/platform/ec/build/zephyr/ptlrvp_mchp/modules/ec/zephyr/zmake/zephyr_build_tools/generate_ec_version.py /mnt/host/source/src/platform/ec/build/zephyr/ptlrvp_mchp/build-rw/modules/ec/zephyr/include/ec_version.h --name Zephyr-Kernel --version 16543.0.0 --static
[fatcatrvp-npcx:rw] [7/386] Generating include/generated/zephyr/driver-validation.h
[ptlrvp_mchp:rw] INFO:root:Using a static version string
[ptlrvp_mchp:rw] INFO:root:Version string: Zephyr-Kernel-16543.0.0
[ptlrvp_mchp:rw] INFO:root:Writing header to /mnt/host/source/src/platform/ec/build/zephyr/ptlrvp_mchp/build-rw/modules/ec/zephyr/include/ec_version.h
[ptlrvp_mchp:rw] [5/382] Generating misc/generated/syscalls.json, misc/generated/struct_tags.json
[kaladin:ro] [11/398] Generating /mnt/host/source/src/platform/ec/build/zephyr/kaladin/modules/nanopb/generator/proto/nanopb_pb2.py
[kaladin:ro] [12/398] Generating include/generated/zephyr/driver-validation.h
[fatcatrvp-npcx:rw] [8/386] Generating include/generated/zephyr/kobj-types-enum.h, include/generated/zephyr/otype-to-str.h, include/generated/zephyr/otype-to-size.h
[kaladin:ro] [13/398] Generating include/generated/device-api-sections.ld, include/generated/device-api-sections.cmake
[ptlrvp_mchp:rw] [6/382] Generating include/generated/zephyr/syscall_dispatch.c, include/generated/zephyr/syscall_exports_llext.c, syscall_weakdefs_llext.c, include/generated/zephyr/syscall_list.h
[kaladin:ro] [14/398] Generating include/generated/zephyr/kobj-types-enum.h, include/generated/zephyr/otype-to-str.h, include/generated/zephyr/otype-to-size.h
[fatcatrvp-npcx:rw] [9/386] Generating include/generated/device-api-sections.ld, include/generated/device-api-sections.cmake
[brtk:rw] -- Board: realtek, qualifiers: rts5912
[brtk:ro] -- Board: realtek, qualifiers: rts5912
[ptlrvp_mchp:rw] [7/382] Generating include/generated/zephyr/driver-validation.h
[kaladin:rw] [22/398] Building CXX object modules/pigweed/pw_base64/CMakeFiles/pw_base64.dir/base64.cc.obj
[it82002_evb:singleimage] [10/242] Building C object zephyr/CMakeFiles/offsets.dir/arch/riscv/core/offsets/offsets.c.obj
[ptlrvp_mchp:ro] [10/382] Building C object zephyr/CMakeFiles/offsets.dir/arch/arm/core/offsets/offsets.c.obj
[ptlrvp_mchp:rw] [8/382] Generating include/generated/zephyr/kobj-types-enum.h, include/generated/zephyr/otype-to-str.h, include/generated/zephyr/otype-to-size.h
[ptlrvp_mchp:rw] [9/382] Generating include/generated/device-api-sections.ld, include/generated/device-api-sections.cmake
[ptlrvp_mchp:ro] [11/382] Generating include/generated/zephyr/offsets.h
[kaladin:rw] [23/398] Building CXX object modules/pigweed/pw_containers/CMakeFiles/pw_containers.intrusive_item.dir/intrusive_item.cc.obj
[it82002_evb:singleimage] [11/242] Generating include/generated/zephyr/offsets.h
[kaladin:ro] [15/398] Generating pw_transport.proto/nanopb/pw_transport/proto/transport.pb.h, pw_transport.proto/nanopb/pw_transport/proto/transport.pb.c
[roach:ro] -- Board: it8xxx2, qualifiers: it82202ax/512
[kaladin:ro] [16/398] Generating dsp_comms.proto/nanopb/proto/ec_dsp.pb.h, dsp_comms.proto/nanopb/proto/ec_dsp.pb.c
[kaladin:rw] [24/398] Building CXX object modules/pigweed/pw_status/CMakeFiles/pw_status.dir/status.cc.obj
[/mnt/host/source/src/platform/ec/build/zephyr/nereid-lcov] stderr:
[fatcatrvp-npcx:rw] [10/386] Building C object zephyr/CMakeFiles/offsets.dir/arch/arm/core/offsets/offsets.c.obj
[/mnt/host/source/src/platform/ec/build/zephyr/nereid-lcov]   /mnt/host/source/src/platform/ec/build/zephyr/nereid/build-ro/modules/ec/zephyr/CMakeFiles/ec_shim.dir/shim/src/thermal.c.gcno:no functions found
[/mnt/host/source/src/platform/ec/build/zephyr/nereid-lcov] stderr:
[kaladin:rw] [25/398] Building CXX object modules/pigweed/pw_bytes/CMakeFiles/pw_bytes.dir/byte_builder.cc.obj
[fatcatrvp-npcx:rw] [11/386] Generating include/generated/zephyr/offsets.h
[ptlrvp_mchp:rw] [10/382] Building C object zephyr/CMakeFiles/offsets.dir/arch/arm/core/offsets/offsets.c.obj
[kaladin:rw] [26/398] Building CXX object modules/ec/zephyr/shim/src/CMakeFiles/platform_ec_log.tokenized_handler.dir/pw_log_zephyr_tokenized.cc.obj
[/mnt/host/source/src/platform/ec/build/zephyr/nereid-lcov]   /mnt/host/source/src/platform/ec/build/zephyr/nereid/build-ro/modules/ec/zephyr/CMakeFiles/ec_shim.dir/shim/src/battery.c.gcno:no functions found
[/mnt/host/source/src/platform/ec/build/zephyr/nereid-lcov] stderr:
[ptlrvp_mchp:ro] [12/382] Building C object CMakeFiles/app.dir/mnt/host/source/src/platform/ec/zephyr/subsys/ap_pwrseq/ap_events.c.obj
[it82002_evb:singleimage] [12/242] Building C object CMakeFiles/app.dir/mnt/host/source/src/platform/ec/zephyr/subsys/ap_pwrseq/ap_events.c.obj
[kaladin:rw] [27/398] Building CXX object modules/pigweed/pw_tokenizer/CMakeFiles/pw_tokenizer.dir/hash.cc.obj
[/mnt/host/source/src/platform/ec/build/zephyr/nereid-lcov]   /mnt/host/source/src/platform/ec/build/zephyr/nereid/build-ro/modules/ec/zephyr/CMakeFiles/ec_shim.dir/shim/src/charger.c.gcno:no functions found
[/mnt/host/source/src/platform/ec/build/zephyr/nereid-lcov] stderr:
[ptlrvp_mchp:rw] [11/382] Generating include/generated/zephyr/offsets.h
[kaladin:ro] [17/398] Building C object zephyr/CMakeFiles/offsets.dir/arch/riscv/core/offsets/offsets.c.obj
[kaladin:ro] [18/398] Building C object zephyr/drivers/sensor/CMakeFiles/drivers__sensor.dir/mnt/host/source/src/third_party/zephyr/main/misc/empty_file.c.obj
[kaladin:ro] [19/398] Building C object zephyr/drivers/syscon/CMakeFiles/drivers__syscon.dir/mnt/host/source/src/third_party/zephyr/main/misc/empty_file.c.obj
[fatcatrvp-npcx:rw] [12/386] Building C object CMakeFiles/app.dir/mnt/host/source/src/platform/ec/zephyr/subsys/ap_pwrseq/ap_events.c.obj
[kaladin:ro] [20/398] Building C object modules/ec/zephyr/drivers/dsp_comms/CMakeFiles/dsp_comms.proto.nanopb.dir/dsp_comms.proto/nanopb/proto/ec_dsp.pb.c.obj
[brtk:rw] -- Found Dtc: /usr/bin/dtc (found suitable version "1.6.0", minimum required is "1.4.6")
[brtk:rw] -- Found BOARD.dts: /mnt/host/source/src/platform/ec/zephyr/boards/google/realtek/realtek_rts5912.dts
[brtk:rw] -- Found devicetree overlay: /mnt/host/source/src/platform/ec/zephyr/program/brox/brtk/project.overlay
[kaladin:ro] [21/398] Building C object modules/ec/zephyr/drivers/pw_transport/CMakeFiles/pw_transport.proto.nanopb.dir/pw_transport.proto/nanopb/pw_transport/proto/transport.pb.c.obj
[/mnt/host/source/src/platform/ec/build/zephyr/nereid-lcov]   /mnt/host/source/src/platform/ec/build/zephyr/nereid/build-ro/modules/ec/zephyr/CMakeFiles/ec_shim.dir/shim/src/usb_muxes.c.gcno:no functions found
[/mnt/host/source/src/platform/ec/build/zephyr/nereid-lcov] stderr:
[it82002_evb:singleimage] [13/242] Building C object CMakeFiles/app.dir/mnt/host/source/src/platform/ec/build/zephyr/it82002_evb/modules/ec/builtin/stdlib.c.obj
[/mnt/host/source/src/platform/ec/build/zephyr/telith-lcov]   /mnt/host/source/src/platform/ec/build/zephyr/telith/build-ro/zephyr/CMakeFiles/zephyr.dir/soc/ite/ec/it8xxx2/check_regs.c.gcno:no functions found
[/mnt/host/source/src/platform/ec/build/zephyr/telith-lcov] stderr:
[kaladin:rw] [28/398] Building CXX object modules/pigweed/pw_log_tokenized/CMakeFiles/pw_log_tokenized.dir/log_tokenized.cc.obj
[ptlrvp_mchp:rw] [12/382] Building C object CMakeFiles/app.dir/mnt/host/source/src/platform/ec/zephyr/subsys/ap_pwrseq/ap_events.c.obj
[brtk:ro] -- Found Dtc: /usr/bin/dtc (found suitable version "1.6.0", minimum required is "1.4.6")
[brtk:ro] -- Found BOARD.dts: /mnt/host/source/src/platform/ec/zephyr/boards/google/realtek/realtek_rts5912.dts
[brtk:ro] -- Found devicetree overlay: /mnt/host/source/src/platform/ec/zephyr/program/brox/brtk/project.overlay
[ptlrvp_mchp:ro] [13/382] Building C object CMakeFiles/app.dir/mnt/host/source/src/platform/ec/zephyr/subsys/ap_pwrseq/ap_power_interface.c.obj
[kaladin:rw] [29/398] Building CXX object modules/pigweed/pw_tokenizer/CMakeFiles/pw_tokenizer.dir/encode_args.cc.obj
[kaladin:rw] [30/398] Building CXX object modules/pigweed/pw_tokenizer/CMakeFiles/pw_tokenizer.base64.dir/base64.cc.obj
Toolchain <zmake.toolchains.CorebootSdkToolchain object at 0x7f4120535710> selected by probe function.
[pujjogatwin] Building in /mnt/host/source/src/platform/ec/build/zephyr/pujjogatwin.
[kaladin:rw] [31/398] Building CXX object modules/pigweed/pw_tokenizer/CMakeFiles/pw_tokenizer.dir/tokenize.cc.obj
[roach:ro] -- Found Dtc: /usr/bin/dtc (found suitable version "1.6.0", minimum required is "1.4.6")
[roach:ro] -- Found BOARD.dts: /mnt/host/source/src/platform/ec/zephyr/boards/google/it8xxx2/it8xxx2_it82202ax_512.dts
[roach:ro] -- Found devicetree overlay: /mnt/host/source/src/platform/ec/zephyr/program/roach/roach/project.overlay
[it82002_evb:singleimage] [14/242] Building C object CMakeFiles/app.dir/mnt/host/source/src/platform/ec/build/zephyr/it82002_evb/modules/ec/common/base32.c.obj
[fatcatrvp-npcx:rw] [13/386] Building C object CMakeFiles/app.dir/mnt/host/source/src/platform/ec/zephyr/subsys/ap_pwrseq/ap_power_interface.c.obj
[/mnt/host/source/src/platform/ec/build/zephyr/nereid-lcov]   /mnt/host/source/src/platform/ec/build/zephyr/nereid/build-ro/modules/ec/zephyr/CMakeFiles/ec_shim.dir/shim/src/usba.c.gcno:no functions found
[/mnt/host/source/src/platform/ec/build/zephyr/nereid-lcov] stderr:
[ptlrvp_mchp:ro] [14/382] Building C object CMakeFiles/app.dir/mnt/host/source/src/platform/ec/zephyr/subsys/ap_pwrseq/power_signals.c.obj
[ptlrvp_mchp:rw] [13/382] Building C object CMakeFiles/app.dir/mnt/host/source/src/platform/ec/zephyr/subsys/ap_pwrseq/ap_power_interface.c.obj
[kaladin:rw] [32/398] Building CXX object modules/pigweed/pw_varint/CMakeFiles/pw_varint.dir/varint.cc.obj
[it82002_evb:singleimage] [15/242] Building C object CMakeFiles/app.dir/mnt/host/source/src/platform/ec/build/zephyr/it82002_evb/modules/ec/common/console_output.c.obj
[ptlrvp_mchp:ro] [15/382] Building C object CMakeFiles/app.dir/mnt/host/source/src/platform/ec/zephyr/subsys/ap_pwrseq/signal_gpio.c.obj
[kaladin:rw] [33/398] Linking CXX static library modules/pigweed/pw_varint/libpw_varint.a
[kaladin:rw] [34/398] Linking CXX static library modules/pigweed/pw_tokenizer/libpw_tokenizer.base64.a
[kaladin:rw] [35/398] Linking CXX static library modules/pigweed/pw_tokenizer/libpw_tokenizer.a
[it82002_evb:singleimage] [16/242] Building C object CMakeFiles/app.dir/mnt/host/source/src/platform/ec/build/zephyr/it82002_evb/modules/ec/common/ec_features.c.obj
[kaladin:rw] [36/398] Linking CXX static library modules/pigweed/pw_status/libpw_status.a
[kaladin:rw] [37/398] Linking CXX static library modules/pigweed/pw_log_tokenized/libpw_log_tokenized.a
[brtk:rw] -- Generated zephyr.dts: /mnt/host/source/src/platform/ec/build/zephyr/brtk/build-rw/zephyr/zephyr.dts
[brtk:rw] -- Generated pickled edt: /mnt/host/source/src/platform/ec/build/zephyr/brtk/build-rw/zephyr/edt.pickle
[kaladin:rw] [38/398] Linking CXX static library modules/pigweed/pw_containers/libpw_containers.intrusive_item.a
[kaladin:ro] [22/398] Building CXX object modules/pigweed/pw_base64/CMakeFiles/pw_base64.dir/base64.cc.obj
[kaladin:rw] [39/398] Linking CXX static library modules/pigweed/pw_bytes/libpw_bytes.a
[kaladin:rw] [40/398] Linking CXX static library modules/pigweed/pw_base64/libpw_base64.a
[kaladin:rw] [41/398] Linking CXX static library modules/ec/zephyr/shim/src/libplatform_ec_log.tokenized_handler.a
[fatcatrvp-npcx:rw] [14/386] Building C object CMakeFiles/app.dir/mnt/host/source/src/platform/ec/zephyr/subsys/ap_pwrseq/power_signals.c.obj
[brtk:ro] -- Generated zephyr.dts: /mnt/host/source/src/platform/ec/build/zephyr/brtk/build-ro/zephyr/zephyr.dts
[brtk:ro] -- Generated pickled edt: /mnt/host/source/src/platform/ec/build/zephyr/brtk/build-ro/zephyr/edt.pickle
[kaladin:rw] [42/398] Linking CXX static library modules/ec/zephyr/drivers/pw_transport/libpw_transport.proto.nanopb.a
[kaladin:rw] [43/398] Linking CXX static library modules/ec/zephyr/drivers/dsp_comms/libdsp_comms.proto.nanopb.a
[roach:ro] -- Generated zephyr.dts: /mnt/host/source/src/platform/ec/build/zephyr/roach/build-ro/zephyr/zephyr.dts
[roach:ro] -- Generated pickled edt: /mnt/host/source/src/platform/ec/build/zephyr/roach/build-ro/zephyr/edt.pickle
[it82002_evb:singleimage] [17/242] Building C object CMakeFiles/app.dir/mnt/host/source/src/platform/ec/build/zephyr/it82002_evb/modules/ec/common/gpio_commands.c.obj
[brtk:rw] -- Generated devicetree_generated.h: /mnt/host/source/src/platform/ec/build/zephyr/brtk/build-rw/zephyr/include/generated/zephyr/devicetree_generated.h
[ptlrvp_mchp:rw] [14/382] Building C object CMakeFiles/app.dir/mnt/host/source/src/platform/ec/zephyr/subsys/ap_pwrseq/power_signals.c.obj
[ptlrvp_mchp:ro] [16/382] Building C object CMakeFiles/app.dir/mnt/host/source/src/platform/ec/zephyr/subsys/ap_pwrseq/signal_vw.c.obj
[kaladin:ro] [23/398] Building CXX object modules/ec/zephyr/shim/src/CMakeFiles/platform_ec_log.tokenized_handler.dir/pw_log_zephyr_tokenized.cc.obj
[kaladin:rw] [44/398] Generating include/generated/zephyr/offsets.h
[it82002_evb:singleimage] [18/242] Building C object CMakeFiles/app.dir/mnt/host/source/src/platform/ec/build/zephyr/it82002_evb/modules/ec/common/peripheral.c.obj
[fatcatrvp-npcx:rw] [15/386] Building C object CMakeFiles/app.dir/mnt/host/source/src/platform/ec/zephyr/subsys/ap_pwrseq/signal_gpio.c.obj
[ptlrvp_mchp:ro] [17/382] Building C object CMakeFiles/app.dir/mnt/host/source/src/platform/ec/zephyr/subsys/ap_pwrseq/ap_pwrseq.c.obj
[brtk:ro] -- Generated devicetree_generated.h: /mnt/host/source/src/platform/ec/build/zephyr/brtk/build-ro/zephyr/include/generated/zephyr/devicetree_generated.h
[roach:ro] -- Generated devicetree_generated.h: /mnt/host/source/src/platform/ec/build/zephyr/roach/build-ro/zephyr/include/generated/zephyr/devicetree_generated.h
[kaladin:ro] [24/398] Building CXX object modules/pigweed/pw_containers/CMakeFiles/pw_containers.intrusive_item.dir/intrusive_item.cc.obj
[it82002_evb:singleimage] [19/242] Building C object CMakeFiles/app.dir/mnt/host/source/src/platform/ec/build/zephyr/it82002_evb/modules/ec/common/printf.c.obj
[fatcatrvp-npcx:rw] [16/386] Building C object CMakeFiles/app.dir/mnt/host/source/src/platform/ec/zephyr/subsys/ap_pwrseq/signal_vw.c.obj
[it82002_evb:singleimage] [20/242] Building C object CMakeFiles/app.dir/mnt/host/source/src/platform/ec/build/zephyr/it82002_evb/modules/ec/common/queue.c.obj
[kaladin:rw] [45/398] Building C object CMakeFiles/app.dir/mnt/host/source/src/platform/ec/zephyr/subsys/ap_pwrseq/ap_events.c.obj
[ptlrvp_mchp:ro] [18/382] Building C object CMakeFiles/app.dir/mnt/host/source/src/platform/ec/zephyr/subsys/ap_pwrseq/ap_pwrseq_sm.c.obj
[ptlrvp_mchp:rw] [15/382] Building C object CMakeFiles/app.dir/mnt/host/source/src/platform/ec/zephyr/subsys/ap_pwrseq/signal_gpio.c.obj
[fatcatrvp-npcx:rw] [17/386] Building C object CMakeFiles/app.dir/mnt/host/source/src/platform/ec/zephyr/subsys/ap_pwrseq/ap_pwrseq.c.obj
[ptlrvp_mchp:ro] [19/382] Building C object CMakeFiles/app.dir/mnt/host/source/src/platform/ec/zephyr/subsys/ap_pwrseq/power_host_sleep.c.obj
[brtk:rw] /mnt/host/source/src/platform/ec/build/zephyr/brtk/build-rw/zephyr/zephyr.dts:1433.20-1435.5: Warning (simple_bus_reg): /soc/cros-flash: missing or empty reg/ranges property
[/mnt/host/source/src/platform/ec/build/zephyr/adlrvp_npcx-lcov]   /mnt/host/source/src/platform/ec/build/zephyr/adlrvp_npcx/build-rw/CMakeFiles/app.dir/mnt/host/source/src/platform/ec/build/zephyr/adlrvp_npcx/modules/ec/common/usb_pd_pdo.c.gcno:no functions found
[/mnt/host/source/src/platform/ec/build/zephyr/adlrvp_npcx-lcov] stderr:
[it82002_evb:singleimage] [21/242] Building C object CMakeFiles/app.dir/mnt/host/source/src/platform/ec/build/zephyr/it82002_evb/modules/ec/common/system_boot_time.c.obj
[kaladin:ro] [25/398] Building CXX object modules/pigweed/pw_bytes/CMakeFiles/pw_bytes.dir/byte_builder.cc.obj
[fatcatrvp-npcx:rw] [18/386] Building C object CMakeFiles/app.dir/mnt/host/source/src/platform/ec/zephyr/subsys/ap_pwrseq/ap_pwrseq_sm.c.obj
[brtk:ro] /mnt/host/source/src/platform/ec/build/zephyr/brtk/build-ro/zephyr/zephyr.dts:1433.20-1435.5: Warning (simple_bus_reg): /soc/cros-flash: missing or empty reg/ranges property
[brtk:ro] /mnt/host/source/src/platform/ec/build/zephyr/brtk/build-ro/zephyr/zephyr.dts:373.40-384.5: Warning (unique_unit_address_if_enabled): /soc/uart_wrapper@40010200: duplicate unit-address (also used in node /soc/flash-controller@40010200)
[kaladin:ro] [26/398] Building CXX object modules/pigweed/pw_status/CMakeFiles/pw_status.dir/status.cc.obj
[roach:ro] /mnt/host/source/src/platform/ec/build/zephyr/roach/build-ro/zephyr/zephyr.dts:1268.27-1928.5: Warning (avoid_unnecessary_addr_size): /soc/pin-controller: unnecessary #address-cells/#size-cells without "ranges" or child "reg" property
[/mnt/host/source/src/platform/ec/build/zephyr/nereid-lcov]   /mnt/host/source/src/platform/ec/build/zephyr/nereid/build-ro/modules/ec/zephyr/CMakeFiles/ec_shim.dir/shim/src/bc12.c.gcno:no functions found
[/mnt/host/source/src/platform/ec/build/zephyr/nereid-lcov] stderr:
[it82002_evb:singleimage] [22/242] Building C object CMakeFiles/app.dir/mnt/host/source/src/platform/ec/build/zephyr/it82002_evb/modules/ec/common/system.c.obj
[kaladin:rw] [46/398] Building C object CMakeFiles/app.dir/mnt/host/source/src/platform/ec/zephyr/subsys/ap_pwrseq/ap_power_interface.c.obj
[ptlrvp_mchp:rw] [16/382] Building C object CMakeFiles/app.dir/mnt/host/source/src/platform/ec/zephyr/subsys/ap_pwrseq/signal_vw.c.obj
[kaladin:ro] [27/398] Building CXX object modules/pigweed/pw_log_tokenized/CMakeFiles/pw_log_tokenized.dir/log_tokenized.cc.obj
[ptlrvp_mchp:ro] [20/382] Building C object CMakeFiles/app.dir/mnt/host/source/src/platform/ec/zephyr/subsys/ap_pwrseq/x86_non_dsx_common_pwrseq_sm_handler.c.obj
[fatcatrvp-npcx:rw] [19/386] Building C object CMakeFiles/app.dir/mnt/host/source/src/platform/ec/zephyr/subsys/ap_pwrseq/power_host_sleep.c.obj
[ptlrvp_mchp:ro] [21/382] Building C object CMakeFiles/app.dir/mnt/host/source/src/platform/ec/zephyr/subsys/ap_pwrseq/x86_non_dsx_chipset_power_state.c.obj
[it82002_evb:singleimage] [23/242] Building C object CMakeFiles/app.dir/mnt/host/source/src/platform/ec/build/zephyr/it82002_evb/modules/ec/common/uart_printf.c.obj
[kaladin:ro] [28/398] Building CXX object modules/pigweed/pw_tokenizer/CMakeFiles/pw_tokenizer.dir/hash.cc.obj
[it82002_evb:singleimage] [24/242] Building C object CMakeFiles/app.dir/mnt/host/source/src/platform/ec/build/zephyr/it82002_evb/modules/ec/common/util.c.obj
[fatcatrvp-npcx:rw] [20/386] Building C object CMakeFiles/app.dir/mnt/host/source/src/platform/ec/zephyr/subsys/ap_pwrseq/x86_non_dsx_common_pwrseq_sm_handler.c.obj
[ptlrvp_mchp:rw] [17/382] Building C object CMakeFiles/app.dir/mnt/host/source/src/platform/ec/zephyr/subsys/ap_pwrseq/ap_pwrseq.c.obj
[kaladin:rw] [47/398] Building C object CMakeFiles/app.dir/mnt/host/source/src/platform/ec/zephyr/subsys/ap_pwrseq/power_signals.c.obj
[it82002_evb:singleimage] [25/242] Building C object CMakeFiles/app.dir/mnt/host/source/src/platform/ec/build/zephyr/it82002_evb/modules/ec/common/version.c.obj
[ptlrvp_mchp:ro] [22/382] Building C object CMakeFiles/app.dir/mnt/host/source/src/platform/ec/zephyr/subsys/ap_pwrseq/x86_non_dsx_common_pwrseq_host_sleep.c.obj
[fatcatrvp-npcx:rw] [21/386] Building C object CMakeFiles/app.dir/mnt/host/source/src/platform/ec/zephyr/subsys/ap_pwrseq/x86_non_dsx_chipset_power_state.c.obj
[/mnt/host/source/src/platform/ec/build/zephyr/telith-lcov]   /mnt/host/source/src/platform/ec/build/zephyr/telith/build-ro/zephyr/drivers/sensor/CMakeFiles/drivers__sensor.dir/mnt/host/source/src/third_party/zephyr/main/misc/empty_file.c.gcno:no functions found
[/mnt/host/source/src/platform/ec/build/zephyr/telith-lcov] stderr:
[ptlrvp_mchp:ro] [23/382] Building C object CMakeFiles/app.dir/mnt/host/source/src/platform/ec/zephyr/subsys/ap_pwrseq/x86_non_dsx_common_pwrseq_console.c.obj
[/mnt/host/source/src/platform/ec/build/zephyr/telith-lcov]   /mnt/host/source/src/platform/ec/build/zephyr/telith/build-rw/modules/ec/zephyr/CMakeFiles/ec_shim.dir/shim/src/thermal.c.gcno:no functions found
[/mnt/host/source/src/platform/ec/build/zephyr/telith-lcov] stderr:
[kaladin:ro] [29/398] Building CXX object modules/pigweed/pw_tokenizer/CMakeFiles/pw_tokenizer.dir/encode_args.cc.obj
[it82002_evb:singleimage] [26/242] Building C object CMakeFiles/app.dir/mnt/host/source/src/platform/ec/build/zephyr/it82002_evb/modules/ec/common/memory_commands.c.obj
[ptlrvp_mchp:rw] [18/382] Building C object CMakeFiles/app.dir/mnt/host/source/src/platform/ec/zephyr/subsys/ap_pwrseq/ap_pwrseq_sm.c.obj
[/mnt/host/source/src/platform/ec/build/zephyr/telith-lcov]   /mnt/host/source/src/platform/ec/build/zephyr/telith/build-rw/modules/ec/zephyr/CMakeFiles/ec_shim.dir/shim/src/battery.c.gcno:no functions found
[/mnt/host/source/src/platform/ec/build/zephyr/telith-lcov] stderr:
[fatcatrvp-npcx:rw] [22/386] Building C object CMakeFiles/app.dir/mnt/host/source/src/platform/ec/zephyr/subsys/ap_pwrseq/x86_non_dsx_common_pwrseq_host_sleep.c.obj
[it82002_evb:singleimage] [27/242] Building C object CMakeFiles/app.dir/mnt/host/source/src/platform/ec/build/zephyr/it82002_evb/modules/ec/common/flash.c.obj
[/mnt/host/source/src/platform/ec/build/zephyr/telith-lcov]   /mnt/host/source/src/platform/ec/build/zephyr/telith/build-rw/modules/ec/zephyr/CMakeFiles/ec_shim.dir/shim/src/charger.c.gcno:no functions found
[/mnt/host/source/src/platform/ec/build/zephyr/telith-lcov] stderr:
[ptlrvp_mchp:ro] [24/382] Building C object CMakeFiles/app.dir/mnt/host/source/src/platform/ec/zephyr/subsys/ap_pwrseq/x86_non_dsx_common_pwrseq_host_command.c.obj
[kaladin:rw] [48/398] Building C object CMakeFiles/app.dir/mnt/host/source/src/platform/ec/zephyr/subsys/ap_pwrseq/signal_gpio.c.obj
[fatcatrvp-npcx:rw] [23/386] Building C object CMakeFiles/app.dir/mnt/host/source/src/platform/ec/zephyr/subsys/ap_pwrseq/x86_non_dsx_common_pwrseq_console.c.obj
[ptlrvp_mchp:ro] [25/382] Building C object CMakeFiles/app.dir/mnt/host/source/src/platform/ec/zephyr/subsys/ap_pwrseq/x86_non_dsx_mtl_pwrseq_sm.c.obj
[brtk:rw] /mnt/host/source/src/platform/ec/build/zephyr/brtk/build-rw/zephyr/zephyr.dts:373.40-384.5: Warning (unique_unit_address_if_enabled): /soc/uart_wrapper@40010200: duplicate unit-address (also used in node /soc/flash-controller@40010200)
[it82002_evb:singleimage] [28/242] Building C object CMakeFiles/app.dir/mnt/host/source/src/platform/ec/build/zephyr/it82002_evb/modules/ec/common/i2c_controller.c.obj
[kaladin:ro] [30/398] Building CXX object modules/pigweed/pw_tokenizer/CMakeFiles/pw_tokenizer.dir/tokenize.cc.obj
[roach:ro] warning: USB_DEVICE_VID (defined at
[roach:ro] /mnt/host/source/src/platform/ec/zephyr/subsys/usbd_service/Kconfig:107,
[roach:ro] subsys/usb/device/Kconfig:20) was assigned the value '0x18D1' but got the value ''. Check these
[roach:ro] unsatisfied dependencies: (USB_DEVICE_STACK_NEXT || USB_DEVICE_STACK) (=n). See
[roach:ro] http://docs.zephyrproject.org/latest/kconfig.html#CONFIG_USB_DEVICE_VID and/or look up
[roach:ro] USB_DEVICE_VID in the menuconfig/guiconfig interface. The Application Development Primer, Setting
[roach:ro] Configuration Values, and Kconfig - Tips and Best Practices sections of the manual might be helpful
[roach:ro] too.
[roach:ro] warning: USB_DEVICE_PID (defined at
[roach:ro] /mnt/host/source/src/platform/ec/zephyr/subsys/usbd_service/Kconfig:113,
[roach:ro] subsys/usb/device/Kconfig:26) was assigned the value '0x5068' but got the value ''. Check these
[roach:ro] unsatisfied dependencies: (USB_DEVICE_STACK_NEXT || USB_DEVICE_STACK) (=n). See
[roach:ro] http://docs.zephyrproject.org/latest/kconfig.html#CONFIG_USB_DEVICE_PID and/or look up
[roach:ro] USB_DEVICE_PID in the menuconfig/guiconfig interface. The Application Development Primer, Setting
[roach:ro] Configuration Values, and Kconfig - Tips and Best Practices sections of the manual might be helpful
[roach:ro] too.
[roach:ro] warning: Deprecated symbol I2C_ALLOW_NO_STOP_TRANSACTIONS is enabled.
[it82002_evb:singleimage] [29/242] Building C object CMakeFiles/app.dir/mnt/host/source/src/platform/ec/build/zephyr/it82002_evb/modules/ec/common/i2c_passthru.c.obj
[kaladin:ro] [31/398] Building CXX object modules/pigweed/pw_tokenizer/CMakeFiles/pw_tokenizer.base64.dir/base64.cc.obj
[ptlrvp_mchp:rw] [19/382] Building C object CMakeFiles/app.dir/mnt/host/source/src/platform/ec/zephyr/subsys/ap_pwrseq/power_host_sleep.c.obj
[fatcatrvp-npcx:rw] [24/386] Building C object CMakeFiles/app.dir/mnt/host/source/src/platform/ec/zephyr/subsys/ap_pwrseq/x86_non_dsx_common_pwrseq_host_command.c.obj
[brtk:rw] Parsing /mnt/host/source/src/platform/ec/zephyr/program/brox/Kconfig
[/mnt/host/source/src/platform/ec/build/zephyr/telith-lcov]   /mnt/host/source/src/platform/ec/build/zephyr/telith/build-rw/modules/ec/zephyr/CMakeFiles/ec_shim.dir/shim/src/usb_muxes.c.gcno:no functions found
[/mnt/host/source/src/platform/ec/build/zephyr/telith-lcov] stderr:
[ptlrvp_mchp:ro] [26/382] Building C object CMakeFiles/app.dir/mnt/host/source/src/platform/ec/zephyr/subsys/ap_pwrseq/ap_reset_log.c.obj
[fatcatrvp-npcx:rw] [25/386] Building C object CMakeFiles/app.dir/mnt/host/source/src/platform/ec/zephyr/subsys/ap_pwrseq/x86_non_dsx_mtl_pwrseq_sm.c.obj
[kaladin:rw] [49/398] Building C object CMakeFiles/app.dir/mnt/host/source/src/platform/ec/zephyr/subsys/ap_pwrseq/signal_vw.c.obj
[it82002_evb:singleimage] [30/242] Building C object CMakeFiles/app.dir/mnt/host/source/src/platform/ec/build/zephyr/it82002_evb/modules/ec/common/panic_output.c.obj
[brtk:ro] Parsing /mnt/host/source/src/platform/ec/zephyr/program/brox/Kconfig
[/mnt/host/source/src/platform/ec/build/zephyr/adlrvp_npcx-lcov]   /mnt/host/source/src/platform/ec/build/zephyr/adlrvp_npcx/build-rw/CMakeFiles/app.dir/mnt/host/source/src/platform/ec/build/zephyr/adlrvp_npcx/modules/ec/common/cbi_config.c.gcno:no functions found
[/mnt/host/source/src/platform/ec/build/zephyr/adlrvp_npcx-lcov] stderr:
[roach:ro] Parsing /mnt/host/source/src/platform/ec/zephyr/program/roach/Kconfig
[ptlrvp_mchp:ro] [27/382] Building C object CMakeFiles/app.dir/mnt/host/source/src/platform/ec/zephyr/subsys/pd_controller/pdc_pmc_debug.c.obj
[it82002_evb:singleimage] [31/242] Building C object CMakeFiles/app.dir/mnt/host/source/src/platform/ec/build/zephyr/it82002_evb/modules/ec/common/sha256.c.obj
[fatcatrvp-npcx:rw] [26/386] Building C object CMakeFiles/app.dir/mnt/host/source/src/platform/ec/zephyr/subsys/ap_pwrseq/ap_reset_log.c.obj
[brtk:rw] Loaded configuration '/mnt/host/source/src/platform/ec/zephyr/boards/google/realtek/realtek_rts5912_defconfig'
[brtk:rw] Merged configuration '/mnt/host/source/src/platform/ec/zephyr/program/brox/program.conf'
[brtk:rw] Merged configuration '/mnt/host/source/src/platform/ec/zephyr/program/brox/brtk/project.conf'
[brtk:rw] Merged configuration '/mnt/host/source/src/platform/ec/zephyr/program/brox/motionsense.conf'
[brtk:rw] Merged configuration '/mnt/host/source/src/platform/ec/build/zephyr/brtk/kconfig-rw.conf'
[brtk:rw] Configuration saved to '/mnt/host/source/src/platform/ec/build/zephyr/brtk/build-rw/zephyr/.config'
[brtk:rw] Kconfig header saved to '/mnt/host/source/src/platform/ec/build/zephyr/brtk/build-rw/zephyr/include/generated/zephyr/autoconf.h'
[brtk:rw] -- Found GnuLd: /home/jpmurphy/.cache/coreboot-sdk/arm-eabi/ea40ddd1d190c3b48435c474c0b545719371813a/arm-eabi/bin/ld.bfd (found version "2.43.1")
[/mnt/host/source/src/platform/ec/build/zephyr/adlrvp_npcx-lcov]   /mnt/host/source/src/platform/ec/build/zephyr/adlrvp_npcx/build-rw/CMakeFiles/app.dir/src/intel_rvp_board_id.c.gcno:no functions found
[/mnt/host/source/src/platform/ec/build/zephyr/adlrvp_npcx-lcov] stderr:
[ptlrvp_mchp:rw] [20/382] Building C object CMakeFiles/app.dir/mnt/host/source/src/platform/ec/zephyr/subsys/ap_pwrseq/x86_non_dsx_common_pwrseq_sm_handler.c.obj
[it82002_evb:singleimage] [32/242] Building C object CMakeFiles/app.dir/mnt/host/source/src/platform/ec/build/zephyr/it82002_evb/modules/ec/common/shared_mem.c.obj
[it82002_evb:singleimage] [33/242] Building C object CMakeFiles/app.dir/mnt/host/source/src/platform/ec/build/zephyr/it82002_evb/modules/ec/common/timer.c.obj
[kaladin:rw] [50/398] Building C object CMakeFiles/app.dir/mnt/host/source/src/platform/ec/zephyr/subsys/ap_pwrseq/signal_adc.c.obj
[brtk:rw] -- The C compiler identification is GNU 14.2.0
[ptlrvp_mchp:ro] [28/382] Building C object CMakeFiles/app.dir/mnt/host/source/src/platform/ec/zephyr/subsys/pd_controller/retimer_fw_update.c.obj
[fatcatrvp-npcx:rw] [27/386] Building C object CMakeFiles/app.dir/mnt/host/source/src/platform/ec/zephyr/subsys/pd_controller/pdc_pmc_debug.c.obj
[roach:ro] Loaded configuration '/mnt/host/source/src/platform/ec/zephyr/boards/google/it8xxx2/it8xxx2_it82202ax_512_defconfig'
[roach:ro] Merged configuration '/mnt/host/source/src/platform/ec/zephyr/program/roach/program.conf'
[roach:ro] Merged configuration '/mnt/host/source/src/platform/ec/zephyr/program/roach/roach/project.conf'
[roach:ro] Merged configuration '/mnt/host/source/src/platform/ec/build/zephyr/roach/kconfig-ro.conf'
[roach:ro] Configuration saved to '/mnt/host/source/src/platform/ec/build/zephyr/roach/build-ro/zephyr/.config'
[roach:ro] Kconfig header saved to '/mnt/host/source/src/platform/ec/build/zephyr/roach/build-ro/zephyr/include/generated/zephyr/autoconf.h'
[roach:ro] -- Found GnuLd: /home/jpmurphy/.cache/coreboot-sdk/riscv64-elf/96b949749225b6aaa92ed810ab769e8dfb12f000/riscv64-elf/bin/ld.bfd (found version "2.43.1")
[brtk:ro] Loaded configuration '/mnt/host/source/src/platform/ec/zephyr/boards/google/realtek/realtek_rts5912_defconfig'
[brtk:ro] Merged configuration '/mnt/host/source/src/platform/ec/zephyr/program/brox/program.conf'
[brtk:ro] Merged configuration '/mnt/host/source/src/platform/ec/zephyr/program/brox/brtk/project.conf'
[brtk:ro] Merged configuration '/mnt/host/source/src/platform/ec/zephyr/program/brox/motionsense.conf'
[brtk:ro] Merged configuration '/mnt/host/source/src/platform/ec/build/zephyr/brtk/kconfig-ro.conf'
[brtk:ro] Configuration saved to '/mnt/host/source/src/platform/ec/build/zephyr/brtk/build-ro/zephyr/.config'
[brtk:ro] Kconfig header saved to '/mnt/host/source/src/platform/ec/build/zephyr/brtk/build-ro/zephyr/include/generated/zephyr/autoconf.h'
[brtk:ro] -- Found GnuLd: /home/jpmurphy/.cache/coreboot-sdk/arm-eabi/ea40ddd1d190c3b48435c474c0b545719371813a/arm-eabi/bin/ld.bfd (found version "2.43.1")
[brtk:rw] -- The CXX compiler identification is GNU 14.2.0
[kaladin:ro] [32/398] Building CXX object modules/pigweed/pw_varint/CMakeFiles/pw_varint.dir/varint.cc.obj
[kaladin:ro] [33/398] Linking CXX static library modules/pigweed/pw_varint/libpw_varint.a
[brtk:rw] -- The ASM compiler identification is GNU
[brtk:rw] -- Found assembler: /home/jpmurphy/.cache/coreboot-sdk/arm-eabi/ea40ddd1d190c3b48435c474c0b545719371813a/bin/arm-eabi-gcc
[brtk:rw] warning: Deprecated symbol I2C_ALLOW_NO_STOP_TRANSACTIONS is enabled.
[brtk:rw] CMake Warning at /mnt/host/source/src/platform/ec/zephyr/cmake/linker/ld/linker_libraries.cmake:11 (message):
[brtk:rw]   Disabling c_library
[kaladin:ro] [34/398] Linking CXX static library modules/pigweed/pw_tokenizer/libpw_tokenizer.base64.a
[/mnt/host/source/src/platform/ec/build/zephyr/nereid-lcov]   /mnt/host/source/src/platform/ec/build/zephyr/nereid/build-ro/CMakeFiles/app.dir/mnt/host/source/src/platform/ec/build/zephyr/nereid/modules/ec/common/usb_pd_pdo.c.gcno:no functions found
[/mnt/host/source/src/platform/ec/build/zephyr/nereid-lcov] stderr:
[roach:ro] -- The C compiler identification is GNU 14.2.0
[brtk:ro] -- The C compiler identification is GNU 14.2.0
[kaladin:ro] [35/398] Linking CXX static library modules/pigweed/pw_tokenizer/libpw_tokenizer.a
[kaladin:ro] [36/398] Linking CXX static library modules/pigweed/pw_status/libpw_status.a
[it82002_evb:singleimage] [34/242] Building C object CMakeFiles/app.dir/mnt/host/source/src/platform/ec/build/zephyr/it82002_evb/modules/ec/common/vstore.c.obj
[kaladin:ro] [37/398] Linking CXX static library modules/pigweed/pw_log_tokenized/libpw_log_tokenized.a
[kaladin:ro] [38/398] Linking CXX static library modules/pigweed/pw_containers/libpw_containers.intrusive_item.a
[roach:ro] -- The CXX compiler identification is GNU 14.2.0
[/mnt/host/source/src/platform/ec/build/zephyr/telith-lcov]   /mnt/host/source/src/platform/ec/build/zephyr/telith/build-rw/modules/ec/zephyr/CMakeFiles/ec_shim.dir/shim/src/usba.c.gcno:no functions found
[/mnt/host/source/src/platform/ec/build/zephyr/telith-lcov] stderr:
[kaladin:ro] [39/398] Linking CXX static library modules/pigweed/pw_bytes/libpw_bytes.a
[ptlrvp_mchp:rw] [21/382] Building C object CMakeFiles/app.dir/mnt/host/source/src/platform/ec/zephyr/subsys/ap_pwrseq/x86_non_dsx_chipset_power_state.c.obj
[brtk:ro] -- The CXX compiler identification is GNU 14.2.0
[roach:ro] -- The ASM compiler identification is GNU
[it82002_evb:singleimage] [35/242] Building C object CMakeFiles/app.dir/mnt/host/source/src/platform/ec/build/zephyr/it82002_evb/modules/ec/common/math_util.c.obj
[fatcatrvp-npcx:rw] [28/386] Building C object CMakeFiles/app.dir/mnt/host/source/src/platform/ec/zephyr/subsys/pd_controller/retimer_fw_update.c.obj
[roach:ro] CMake Warning at /mnt/host/source/src/platform/ec/zephyr/cmake/linker/ld/linker_libraries.cmake:11 (message):
[roach:ro]   Disabling c_library
[roach:ro] Call Stack (most recent call first):
[roach:ro]   /mnt/host/source/src/third_party/zephyr/main/cmake/target_toolchain_flags.cmake:48 (include)
[kaladin:ro] [40/398] Linking CXX static library modules/pigweed/pw_base64/libpw_base64.a
[brtk:ro] -- The ASM compiler identification is GNU
[brtk:ro] -- Found assembler: /home/jpmurphy/.cache/coreboot-sdk/arm-eabi/ea40ddd1d190c3b48435c474c0b545719371813a/bin/arm-eabi-gcc
[brtk:ro] warning: Deprecated symbol I2C_ALLOW_NO_STOP_TRANSACTIONS is enabled.
[brtk:ro] CMake Warning at /mnt/host/source/src/platform/ec/zephyr/cmake/linker/ld/linker_libraries.cmake:11 (message):
[brtk:ro]   Disabling c_library
[brtk:ro] Call Stack (most recent call first):
[brtk:ro]   /mnt/host/source/src/third_party/zephyr/main/cmake/target_toolchain_flags.cmake:48 (include)
[brtk:ro]   /mnt/host/source/src/third_party/zephyr/main/cmake/modules/kernel.cmake:153 (include)
[brtk:ro]   /mnt/host/source/src/third_party/zephyr/main/cmake/modules/zephyr_default.cmake:138 (include)
[brtk:ro]   /mnt/host/source/src/third_party/zephyr/main/share/zephyr-package/cmake/ZephyrConfig.cmake:66 (include)
[brtk:ro]   /mnt/host/source/src/third_party/zephyr/main/share/zephyr-package/cmake/ZephyrConfig.cmake:97 (include_boilerplate)
[brtk:ro]   CMakeLists.txt:6 (find_package)
[kaladin:ro] [41/398] Linking CXX static library modules/ec/zephyr/shim/src/libplatform_ec_log.tokenized_handler.a
[it82002_evb:singleimage] [36/242] Linking C static library app/libapp.a
[kaladin:ro] [42/398] Linking CXX static library modules/ec/zephyr/drivers/pw_transport/libpw_transport.proto.nanopb.a
[kaladin:ro] [43/398] Linking CXX static library modules/ec/zephyr/drivers/dsp_comms/libdsp_comms.proto.nanopb.a
[kaladin:rw] [51/398] Building C object CMakeFiles/app.dir/mnt/host/source/src/platform/ec/zephyr/subsys/ap_pwrseq/power_host_sleep.c.obj
[it82002_evb:singleimage] [37/242] Building C object zephyr/CMakeFiles/zephyr.dir/lib/libc/validate_libc.c.obj
[kaladin:ro] [44/398] Generating include/generated/zephyr/offsets.h
[ptlrvp_mchp:ro] [29/382] Building C object CMakeFiles/app.dir/mnt/host/source/src/platform/ec/zephyr/subsys/pd_controller/pdc_console.c.obj
[ptlrvp_mchp:ro] [30/382] Building C object CMakeFiles/app.dir/mnt/host/source/src/platform/ec/zephyr/subsys/pd_controller/pdc_power_mgmt.c.obj
[roach:ro] -- Found assembler: /home/jpmurphy/.cache/coreboot-sdk/riscv64-elf/96b949749225b6aaa92ed810ab769e8dfb12f000/bin/riscv64-elf-gcc
[roach:ro] -- Performing EC specific devicetree checks
[brtk:rw] -- Performing EC specific devicetree checks
[/mnt/host/source/src/platform/ec/build/zephyr/adlrvp_npcx-lcov]   /mnt/host/source/src/platform/ec/build/zephyr/adlrvp_npcx/build-rw/zephyr/arch/arch/arm/core/mpu/CMakeFiles/arch__arm__core__mpu.dir/arm_mpu_regions.c.gcno:no functions found
[/mnt/host/source/src/platform/ec/build/zephyr/adlrvp_npcx-lcov] stderr:
[roach:ro]   /mnt/host/source/src/third_party/zephyr/main/cmake/modules/kernel.cmake:153 (include)
[roach:ro]   /mnt/host/source/src/third_party/zephyr/main/cmake/modules/zephyr_default.cmake:138 (include)
[roach:ro]   /mnt/host/source/src/third_party/zephyr/main/share/zephyr-package/cmake/ZephyrConfig.cmake:66 (include)
[roach:ro]   /mnt/host/source/src/third_party/zephyr/main/share/zephyr-package/cmake/ZephyrConfig.cmake:97 (include_boilerplate)
[roach:ro]   CMakeLists.txt:7 (find_package)
[roach:ro] INFO: Verified 4 GPIOs, no duplicates found
[brtk:rw] Call Stack (most recent call first):
[brtk:rw]   /mnt/host/source/src/third_party/zephyr/main/cmake/target_toolchain_flags.cmake:48 (include)
[brtk:rw]   /mnt/host/source/src/third_party/zephyr/main/cmake/modules/kernel.cmake:153 (include)
[brtk:rw]   /mnt/host/source/src/third_party/zephyr/main/cmake/modules/zephyr_default.cmake:138 (include)
[brtk:rw]   /mnt/host/source/src/third_party/zephyr/main/share/zephyr-package/cmake/ZephyrConfig.cmake:66 (include)
[brtk:rw]   /mnt/host/source/src/third_party/zephyr/main/share/zephyr-package/cmake/ZephyrConfig.cmake:97 (include_boilerplate)
[brtk:rw]   CMakeLists.txt:6 (find_package)
[brtk:rw] INFO: Verified 32 GPIOs, no duplicates found
[brtk:ro] -- Performing EC specific devicetree checks
[it82002_evb:singleimage] [38/242] Building C object zephyr/CMakeFiles/zephyr.dir/lib/heap/heap.c.obj
[kaladin:rw] [52/398] Building C object CMakeFiles/app.dir/mnt/host/source/src/platform/ec/zephyr/subsys/ap_pwrseq/x86_non_dsx_common_pwrseq_sm_handler.c.obj
[ptlrvp_mchp:rw] [22/382] Building C object CMakeFiles/app.dir/mnt/host/source/src/platform/ec/zephyr/subsys/ap_pwrseq/x86_non_dsx_common_pwrseq_host_sleep.c.obj
[it82002_evb:singleimage] [39/242] Building C object zephyr/CMakeFiles/zephyr.dir/lib/os/cbprintf_packaged.c.obj
[roach:ro] -- Generating component manifest file
[brtk:rw] -- Generating component manifest file
[brtk:ro] INFO: Verified 32 GPIOs, no duplicates found
[fatcatrvp-npcx:rw] [29/386] Building C object CMakeFiles/app.dir/mnt/host/source/src/platform/ec/zephyr/subsys/pd_controller/pdc_power_mgmt.c.obj
[brtk:ro] INFO: Verified 12 '*-gpios' properties, all flags match.
[kaladin:ro] [45/398] Building C object CMakeFiles/app.dir/mnt/host/source/src/platform/ec/zephyr/subsys/ap_pwrseq/ap_events.c.obj
[fatcatrvp-npcx:rw] [30/386] Building C object CMakeFiles/app.dir/mnt/host/source/src/platform/ec/zephyr/subsys/pd_controller/pdc_console.c.obj
[roach:ro] INFO: Verified 64 '*-gpios' properties, all flags match.
[roach:ro] INFO: Skipped 1 named-gpios children.
[roach:ro] INFO: Running CME, outputting to /mnt/host/source/src/platform/ec/build/zephyr/roach/build-ro/zephyr/component_manifest.json
[roach:ro] INFO: Project roach does not support SSFC
[roach:ro] INFO: No usbc node found
[brtk:rw] INFO: Verified 12 '*-gpios' properties, all flags match.
[brtk:rw] INFO: Skipped 5 named-gpios children.
[brtk:rw] INFO: Running CME, outputting to /mnt/host/source/src/platform/ec/build/zephyr/brtk/build-rw/zephyr/component_manifest.json
[brtk:rw] INFO: Project brtk does not support SSFC
[brtk:rw] INFO: No motionsense-sensor-alt node found
[brtk:ro] -- Generating component manifest file
[roach:ro] -- warning_base_override: -Wall;-Wformat;-Wformat-security;-Wformat;-Wno-format-zero-length;-Wno-pointer-sign;-Wpointer-arith;-Wexpansion-to-defined
[kaladin:rw] [53/398] Building C object CMakeFiles/app.dir/mnt/host/source/src/platform/ec/zephyr/subsys/ap_pwrseq/x86_non_dsx_chipset_power_state.c.obj
[ptlrvp_mchp:ro] [31/382] Building C object CMakeFiles/app.dir/mnt/host/source/src/platform/ec/zephyr/subsys/pd_controller/pdc_host_cmd.c.obj
[brtk:ro] INFO: Skipped 5 named-gpios children.
[brtk:ro] INFO: Running CME, outputting to /mnt/host/source/src/platform/ec/build/zephyr/brtk/build-ro/zephyr/component_manifest.json
[it82002_evb:singleimage] [40/242] Building C object zephyr/CMakeFiles/zephyr.dir/lib/os/clock.c.obj
[ptlrvp_mchp:ro] [32/382] Building C object CMakeFiles/app.dir/mnt/host/source/src/platform/ec/zephyr/subsys/pd_controller/pdc_stub.c.obj
[brtk:rw] -- warning_base_override: -Wall;-Wformat;-Wformat-security;-Wformat;-Wno-format-zero-length;-Wno-pointer-sign;-Wpointer-arith;-Wexpansion-to-defined
[it82002_evb:singleimage] [41/242] Building C object zephyr/CMakeFiles/zephyr.dir/lib/os/printk.c.obj
[/mnt/host/source/src/platform/ec/build/zephyr/adlrvp_npcx-lcov]   /mnt/host/source/src/platform/ec/build/zephyr/adlrvp_npcx/build-rw/zephyr/arch/common/CMakeFiles/isr_tables.dir/isr_tables.c.gcno:no functions found
[/mnt/host/source/src/platform/ec/build/zephyr/adlrvp_npcx-lcov] stderr:
[roach:ro] -- Found gen_kobject_list: /mnt/host/source/src/third_party/zephyr/main/scripts/build/gen_kobject_list.py
[brtk:ro] -- warning_base_override: -Wall;-Wformat;-Wformat-security;-Wformat;-Wno-format-zero-length;-Wno-pointer-sign;-Wpointer-arith;-Wexpansion-to-defined
[roach:ro] INFO: No motionsense-sensor node found
[roach:ro] CMake Warning at /mnt/host/source/src/third_party/zephyr/main/CMakeLists.txt:2359 (message):
[kaladin:rw] [54/398] Building C object CMakeFiles/app.dir/mnt/host/source/src/platform/ec/zephyr/subsys/ap_pwrseq/x86_non_dsx_common_pwrseq_host_sleep.c.obj
[brtk:rw] -- Found gen_kobject_list: /mnt/host/source/src/third_party/zephyr/main/scripts/build/gen_kobject_list.py
[ptlrvp_mchp:rw] [23/382] Building C object CMakeFiles/app.dir/mnt/host/source/src/platform/ec/zephyr/subsys/ap_pwrseq/x86_non_dsx_common_pwrseq_console.c.obj
[roach:ro] -- Configuring done (14.2s)
[brtk:rw] CMake Warning at /mnt/host/source/src/third_party/zephyr/main/CMakeLists.txt:2359 (message):
[brtk:rw]   __ASSERT() statements are globally ENABLED
[fatcatrvp-npcx:rw] [31/386] Building C object CMakeFiles/app.dir/mnt/host/source/src/platform/ec/zephyr/subsys/pd_controller/pdc_host_cmd.c.obj
[it82002_evb:singleimage] [42/242] Building C object zephyr/CMakeFiles/zephyr.dir/lib/os/sem.c.obj
[fatcatrvp-npcx:rw] [32/386] Building C object CMakeFiles/app.dir/mnt/host/source/src/platform/ec/zephyr/subsys/pd_controller/pdc_stub.c.obj
[it82002_evb:singleimage] [43/242] Building C object zephyr/CMakeFiles/zephyr.dir/lib/os/thread_entry.c.obj
[brtk:rw] -- Configuring done (15.2s)
[brtk:ro] -- Found gen_kobject_list: /mnt/host/source/src/third_party/zephyr/main/scripts/build/gen_kobject_list.py
[kaladin:ro] [46/398] Building C object CMakeFiles/app.dir/mnt/host/source/src/platform/ec/zephyr/subsys/ap_pwrseq/ap_power_interface.c.obj
[kaladin:rw] [55/398] Building C object CMakeFiles/app.dir/mnt/host/source/src/platform/ec/zephyr/subsys/ap_pwrseq/x86_non_dsx_common_pwrseq_console.c.obj
[brtk:ro] INFO: Project brtk does not support SSFC
[brtk:ro] INFO: No motionsense-sensor-alt node found
[brtk:ro] CMake Warning at /mnt/host/source/src/third_party/zephyr/main/CMakeLists.txt:2359 (message):
[brtk:ro]   __ASSERT() statements are globally ENABLED
[roach:ro] -- Generating done (0.4s)
[roach:ro]   __ASSERT() statements are globally ENABLED
[roach:ro] CMake Warning:
[roach:ro]   Manually-specified variables were not used by the project:
[roach:ro]     COREBOOT_SDK_ROOT_arm
[roach:ro]     COREBOOT_SDK_ROOT_libstdcxx_arm
[roach:ro]     COREBOOT_SDK_ROOT_libstdcxx_x86
[roach:ro]     COREBOOT_SDK_ROOT_nds32
[roach:ro]     COREBOOT_SDK_ROOT_picolibc_arm
[roach:ro]     COREBOOT_SDK_ROOT_picolibc_x86
[roach:ro]     COREBOOT_SDK_ROOT_riscv
[roach:ro]     COREBOOT_SDK_ROOT_x86
[roach:ro] -- Build files have been written to: /mnt/host/source/src/platform/ec/build/zephyr/roach/build-ro
[brtk:ro] -- Configuring done (15.4s)
[ptlrvp_mchp:ro] [33/382] Building C object CMakeFiles/app.dir/mnt/host/source/src/platform/ec/zephyr/subsys/ucsi/ppm_common.c.obj
[ptlrvp_mchp:ro] [34/382] Building C object CMakeFiles/app.dir/mnt/host/source/src/platform/ec/zephyr/subsys/pd_controller/pdc_dpm.c.obj
[/mnt/host/source/src/platform/ec/build/zephyr/telith-lcov]   /mnt/host/source/src/platform/ec/build/zephyr/telith/build-rw/modules/ec/zephyr/CMakeFiles/ec_shim.dir/drivers/keyboard_input/keyboard_customization_check.c.gcno:no functions found
[/mnt/host/source/src/platform/ec/build/zephyr/telith-lcov] stderr:
[it82002_evb:singleimage] [44/242] Building C object zephyr/CMakeFiles/zephyr.dir/lib/os/cbprintf_nano.c.obj
[it82002_evb:singleimage] [45/242] Building C object zephyr/CMakeFiles/zephyr.dir/lib/os/cbprintf.c.obj
[brtk:rw] -- Generating done (0.6s)
[brtk:rw] CMake Warning:
[brtk:rw] -- Build files have been written to: /mnt/host/source/src/platform/ec/build/zephyr/brtk/build-rw
[kaladin:rw] [56/398] Building C object CMakeFiles/app.dir/mnt/host/source/src/platform/ec/zephyr/subsys/ap_pwrseq/x86_non_dsx_common_pwrseq_host_command.c.obj
[ptlrvp_mchp:rw] [24/382] Building C object CMakeFiles/app.dir/mnt/host/source/src/platform/ec/zephyr/subsys/ap_pwrseq/x86_non_dsx_common_pwrseq_host_command.c.obj
[it82002_evb:singleimage] [46/242] Building C object zephyr/CMakeFiles/zephyr.dir/lib/utils/dec.c.obj
[brtk:ro] -- Generating done (0.5s)
[brtk:ro] CMake Warning:
[brtk:ro] -- Build files have been written to: /mnt/host/source/src/platform/ec/build/zephyr/brtk/build-ro
[brtk:rw]   Manually-specified variables were not used by the project:
[brtk:rw]     COREBOOT_SDK_ROOT_libstdcxx_riscv64
[brtk:rw]     COREBOOT_SDK_ROOT_libstdcxx_x86
[brtk:rw]     COREBOOT_SDK_ROOT_nds32
[brtk:rw]     COREBOOT_SDK_ROOT_picolibc_riscv64
[brtk:rw]     COREBOOT_SDK_ROOT_picolibc_x86
[brtk:rw]     COREBOOT_SDK_ROOT_riscv
[brtk:rw]     COREBOOT_SDK_ROOT_riscv64
[brtk:rw]     COREBOOT_SDK_ROOT_x86
[it82002_evb:singleimage] [47/242] Building C object zephyr/CMakeFiles/zephyr.dir/lib/utils/hex.c.obj
[brtk:ro]   Manually-specified variables were not used by the project:
[brtk:ro]     COREBOOT_SDK_ROOT_libstdcxx_riscv64
[brtk:ro]     COREBOOT_SDK_ROOT_libstdcxx_x86
[brtk:ro]     COREBOOT_SDK_ROOT_nds32
[brtk:ro]     COREBOOT_SDK_ROOT_picolibc_riscv64
[brtk:ro]     COREBOOT_SDK_ROOT_picolibc_x86
[brtk:ro]     COREBOOT_SDK_ROOT_riscv
[brtk:ro]     COREBOOT_SDK_ROOT_riscv64
[brtk:ro]     COREBOOT_SDK_ROOT_x86
[fatcatrvp-npcx:rw] [33/386] Building C object CMakeFiles/app.dir/mnt/host/source/src/platform/ec/zephyr/subsys/ucsi/ppm_common.c.obj
[fatcatrvp-npcx:rw] [34/386] Building C object CMakeFiles/app.dir/mnt/host/source/src/platform/ec/zephyr/subsys/pd_controller/pdc_dpm.c.obj
[kaladin:ro] [47/398] Building C object CMakeFiles/app.dir/mnt/host/source/src/platform/ec/zephyr/subsys/ap_pwrseq/power_signals.c.obj
[it82002_evb:singleimage] [48/242] Building C object zephyr/CMakeFiles/zephyr.dir/lib/os/assert.c.obj
[kaladin:rw] [57/398] Building C object CMakeFiles/app.dir/mnt/host/source/src/platform/ec/zephyr/subsys/ap_pwrseq/x86_non_dsx_adlp_pwrseq_sm.c.obj
[ptlrvp_mchp:rw] [25/382] Building C object CMakeFiles/app.dir/mnt/host/source/src/platform/ec/zephyr/subsys/ap_pwrseq/x86_non_dsx_mtl_pwrseq_sm.c.obj
[ptlrvp_mchp:ro] [35/382] Building C object CMakeFiles/app.dir/mnt/host/source/src/platform/ec/zephyr/subsys/ucsi/ppm_driver.c.obj
[ptlrvp_mchp:ro] [36/382] Building C object CMakeFiles/app.dir/mnt/host/source/src/platform/ec/zephyr/subsys/ucsi/ppm_console.c.obj
[it82002_evb:singleimage] [49/242] Building C object zephyr/CMakeFiles/zephyr.dir/lib/utils/timeutil.c.obj
[kaladin:rw] [58/398] Building C object CMakeFiles/app.dir/mnt/host/source/src/platform/ec/zephyr/subsys/ap_pwrseq/ap_reset_log.c.obj
[ptlrvp_mchp:rw] [26/382] Building C object CMakeFiles/app.dir/mnt/host/source/src/platform/ec/zephyr/subsys/ap_pwrseq/ap_reset_log.c.obj
[it82002_evb:singleimage] [50/242] Building C object zephyr/CMakeFiles/zephyr.dir/lib/utils/rb.c.obj
[kaladin:ro] [48/398] Building C object CMakeFiles/app.dir/mnt/host/source/src/platform/ec/zephyr/subsys/ap_pwrseq/signal_gpio.c.obj
[it82002_evb:singleimage] [51/242] Building C object zephyr/CMakeFiles/zephyr.dir/lib/utils/bitmask.c.obj
[fatcatrvp-npcx:rw] [35/386] Building C object CMakeFiles/app.dir/mnt/host/source/src/platform/ec/zephyr/subsys/ucsi/ppm_console.c.obj
[fatcatrvp-npcx:rw] [36/386] Building C object CMakeFiles/app.dir/mnt/host/source/src/platform/ec/zephyr/subsys/ucsi/ucsi_host_cmd.c.obj
[kaladin:ro] [49/398] Building C object CMakeFiles/app.dir/mnt/host/source/src/platform/ec/zephyr/subsys/ap_pwrseq/signal_vw.c.obj
[fatcatrvp-npcx:rw] [37/386] Building C object CMakeFiles/app.dir/mnt/host/source/src/platform/ec/zephyr/subsys/ucsi/ppm_driver.c.obj
[it82002_evb:singleimage] [52/242] Building C object zephyr/CMakeFiles/zephyr.dir/lib/utils/bitarray.c.obj
[ptlrvp_mchp:rw] [27/382] Building C object CMakeFiles/app.dir/mnt/host/source/src/platform/ec/zephyr/subsys/pd_controller/pdc_pmc_debug.c.obj
[ptlrvp_mchp:ro] [37/382] Building C object CMakeFiles/app.dir/mnt/host/source/src/platform/ec/build/zephyr/ptlrvp_mchp/modules/ec/builtin/stdlib.c.obj
[ptlrvp_mchp:ro] [38/382] Building C object CMakeFiles/app.dir/mnt/host/source/src/platform/ec/zephyr/subsys/ucsi/ucsi_host_cmd.c.obj
[kaladin:rw] [59/398] Building C object CMakeFiles/app.dir/mnt/host/source/src/platform/ec/zephyr/subsys/pd_controller/pdc_pmc_debug.c.obj
[it82002_evb:singleimage] [53/242] Building C object zephyr/CMakeFiles/zephyr.dir/lib/utils/getopt/getopt.c.obj
[ptlrvp_mchp:rw] [28/382] Building C object CMakeFiles/app.dir/mnt/host/source/src/platform/ec/zephyr/subsys/pd_controller/retimer_fw_update.c.obj
[it82002_evb:singleimage] [54/242] Building C object zephyr/CMakeFiles/zephyr.dir/lib/utils/getopt/getopt_common.c.obj
[kaladin:ro] [50/398] Building C object CMakeFiles/app.dir/mnt/host/source/src/platform/ec/zephyr/subsys/ap_pwrseq/signal_adc.c.obj
[it82002_evb:singleimage] [55/242] Building C object zephyr/CMakeFiles/zephyr.dir/lib/utils/ring_buffer.c.obj
[fatcatrvp-npcx:rw] [38/386] Building C object CMakeFiles/app.dir/mnt/host/source/src/platform/ec/build/zephyr/fatcatrvp-npcx/modules/ec/common/base32.c.obj
[fatcatrvp-npcx:rw] [39/386] Building C object CMakeFiles/app.dir/mnt/host/source/src/platform/ec/build/zephyr/fatcatrvp-npcx/modules/ec/builtin/stdlib.c.obj
[it82002_evb:singleimage] [56/242] Building C object zephyr/CMakeFiles/zephyr.dir/lib/utils/last_section_id.c.obj
[fatcatrvp-npcx:rw] [40/386] Building C object CMakeFiles/app.dir/mnt/host/source/src/platform/ec/build/zephyr/fatcatrvp-npcx/modules/ec/common/console_output.c.obj
[kaladin:ro] [51/398] Building C object CMakeFiles/app.dir/mnt/host/source/src/platform/ec/zephyr/subsys/ap_pwrseq/power_host_sleep.c.obj
[ptlrvp_mchp:ro] [39/382] Building C object CMakeFiles/app.dir/mnt/host/source/src/platform/ec/build/zephyr/ptlrvp_mchp/modules/ec/common/base32.c.obj
[it82002_evb:singleimage] [57/242] Building C object zephyr/CMakeFiles/zephyr.dir/misc/generated/configs.c.obj
[ptlrvp_mchp:ro] [40/382] Building C object CMakeFiles/app.dir/mnt/host/source/src/platform/ec/build/zephyr/ptlrvp_mchp/modules/ec/common/console_output.c.obj
[it82002_evb:singleimage] [58/242] Building ASM object zephyr/CMakeFiles/zephyr.dir/soc/ite/ec/common/soc_irq.S.obj
[/mnt/host/source/src/platform/ec/build/zephyr/adlrvp_npcx-lcov]   /mnt/host/source/src/platform/ec/build/zephyr/adlrvp_npcx/build-rw/zephyr/CMakeFiles/zephyr.dir/subsys/shell/modules/kernel_service/kernel_shell.c.gcno:no functions found
[/mnt/host/source/src/platform/ec/build/zephyr/adlrvp_npcx-lcov] stderr:
[it82002_evb:singleimage] [59/242] Building C object zephyr/CMakeFiles/zephyr.dir/soc/ite/ec/common/soc_common_irq.c.obj
[ptlrvp_mchp:rw] [29/382] Building C object CMakeFiles/app.dir/mnt/host/source/src/platform/ec/zephyr/subsys/pd_controller/pdc_console.c.obj
[fatcatrvp-npcx:rw] [41/386] Building C object CMakeFiles/app.dir/mnt/host/source/src/platform/ec/build/zephyr/fatcatrvp-npcx/modules/ec/common/ec_features.c.obj
[fatcatrvp-npcx:rw] [42/386] Building C object CMakeFiles/app.dir/mnt/host/source/src/platform/ec/build/zephyr/fatcatrvp-npcx/modules/ec/common/gpio_commands.c.obj
[it82002_evb:singleimage] [60/242] Building C object zephyr/CMakeFiles/zephyr.dir/soc/ite/ec/common/power.c.obj
[/mnt/host/source/src/platform/ec/build/zephyr/adlrvp_npcx-lcov]   /mnt/host/source/src/platform/ec/build/zephyr/adlrvp_npcx/build-rw/zephyr/CMakeFiles/zephyr.dir/lib/libc/validate_libc.c.gcno:no functions found
[/mnt/host/source/src/platform/ec/build/zephyr/adlrvp_npcx-lcov] stderr:
[kaladin:ro] [52/398] Building C object CMakeFiles/app.dir/mnt/host/source/src/platform/ec/zephyr/subsys/ap_pwrseq/x86_non_dsx_chipset_power_state.c.obj
[ptlrvp_mchp:rw] [30/382] Building C object CMakeFiles/app.dir/mnt/host/source/src/platform/ec/zephyr/subsys/pd_controller/pdc_power_mgmt.c.obj
[fatcatrvp-npcx:rw] [43/386] Building C object CMakeFiles/app.dir/mnt/host/source/src/platform/ec/build/zephyr/fatcatrvp-npcx/modules/ec/common/peripheral.c.obj
[ptlrvp_mchp:ro] [41/382] Building C object CMakeFiles/app.dir/mnt/host/source/src/platform/ec/build/zephyr/ptlrvp_mchp/modules/ec/common/ec_features.c.obj
[kaladin:ro] [53/398] Building C object CMakeFiles/app.dir/mnt/host/source/src/platform/ec/zephyr/subsys/ap_pwrseq/x86_non_dsx_common_pwrseq_sm_handler.c.obj
[it82002_evb:singleimage] [61/242] Building C object zephyr/CMakeFiles/zephyr.dir/soc/ite/ec/common/policy.c.obj
[ptlrvp_mchp:ro] [42/382] Building C object CMakeFiles/app.dir/mnt/host/source/src/platform/ec/build/zephyr/ptlrvp_mchp/modules/ec/common/gpio_commands.c.obj
[it82002_evb:singleimage] [62/242] Building C object zephyr/CMakeFiles/zephyr.dir/soc/ite/ec/it8xxx2/soc.c.obj
[it82002_evb:singleimage] [63/242] Building C object zephyr/CMakeFiles/zephyr.dir/soc/ite/ec/it8xxx2/check_regs.c.obj
[fatcatrvp-npcx:rw] [44/386] Building C object CMakeFiles/app.dir/mnt/host/source/src/platform/ec/build/zephyr/fatcatrvp-npcx/modules/ec/common/queue.c.obj
[ptlrvp_mchp:rw] [31/382] Building C object CMakeFiles/app.dir/mnt/host/source/src/platform/ec/zephyr/subsys/pd_controller/pdc_host_cmd.c.obj
[fatcatrvp-npcx:rw] [45/386] Building C object CMakeFiles/app.dir/mnt/host/source/src/platform/ec/build/zephyr/fatcatrvp-npcx/modules/ec/common/printf.c.obj
[kaladin:rw] [60/398] Building C object CMakeFiles/app.dir/mnt/host/source/src/platform/ec/zephyr/subsys/pd_controller/pdc_console.c.obj
[kaladin:ro] [54/398] Building C object CMakeFiles/app.dir/mnt/host/source/src/platform/ec/zephyr/subsys/ap_pwrseq/x86_non_dsx_common_pwrseq_host_sleep.c.obj
[it82002_evb:singleimage] [64/242] Building ASM object zephyr/CMakeFiles/zephyr.dir/soc/ite/ec/it8xxx2/vector.S.obj
[ptlrvp_mchp:rw] [32/382] Building C object CMakeFiles/app.dir/mnt/host/source/src/platform/ec/zephyr/subsys/pd_controller/pdc_stub.c.obj
[ptlrvp_mchp:ro] [43/382] Building C object CMakeFiles/app.dir/mnt/host/source/src/platform/ec/build/zephyr/ptlrvp_mchp/modules/ec/common/peripheral.c.obj
[/mnt/host/source/src/platform/ec/build/zephyr/nereid-lcov]   /mnt/host/source/src/platform/ec/build/zephyr/nereid/build-ro/CMakeFiles/app.dir/mnt/host/source/src/platform/ec/build/zephyr/nereid/modules/ec/common/chargen.c.gcno:no functions found
[/mnt/host/source/src/platform/ec/build/zephyr/nereid-lcov] stderr:
[ptlrvp_mchp:ro] [44/382] Building C object CMakeFiles/app.dir/mnt/host/source/src/platform/ec/build/zephyr/ptlrvp_mchp/modules/ec/common/printf.c.obj
[kaladin:rw] [61/398] Building C object CMakeFiles/app.dir/mnt/host/source/src/platform/ec/zephyr/subsys/pd_controller/pdc_power_mgmt.c.obj
[fatcatrvp-npcx:rw] [46/386] Building C object CMakeFiles/app.dir/mnt/host/source/src/platform/ec/build/zephyr/fatcatrvp-npcx/modules/ec/common/system.c.obj
[kaladin:ro] [55/398] Building C object CMakeFiles/app.dir/mnt/host/source/src/platform/ec/zephyr/subsys/ap_pwrseq/x86_non_dsx_common_pwrseq_console.c.obj
[it82002_evb:singleimage] [65/242] Building C object zephyr/CMakeFiles/zephyr.dir/soc/ite/ec/it8xxx2/ilm.c.obj
[/mnt/host/source/src/platform/ec/build/zephyr/adlrvp_npcx-lcov]   /mnt/host/source/src/platform/ec/build/zephyr/adlrvp_npcx/build-rw/zephyr/CMakeFiles/zephyr.dir/lib/utils/last_section_id.c.gcno:no functions found
[/mnt/host/source/src/platform/ec/build/zephyr/adlrvp_npcx-lcov] stderr:
[it82002_evb:singleimage] [66/242] Building C object zephyr/CMakeFiles/zephyr.dir/subsys/logging/log_minimal.c.obj
[fatcatrvp-npcx:rw] [47/386] Building C object CMakeFiles/app.dir/mnt/host/source/src/platform/ec/build/zephyr/fatcatrvp-npcx/modules/ec/common/uart_printf.c.obj
[fatcatrvp-npcx:rw] [48/386] Building C object CMakeFiles/app.dir/mnt/host/source/src/platform/ec/build/zephyr/fatcatrvp-npcx/modules/ec/common/system_boot_time.c.obj
[kaladin:rw] [62/398] Building C object CMakeFiles/app.dir/mnt/host/source/src/platform/ec/zephyr/subsys/pd_controller/pdc_host_cmd.c.obj
[kaladin:ro] [56/398] Building C object CMakeFiles/app.dir/mnt/host/source/src/platform/ec/zephyr/subsys/ap_pwrseq/x86_non_dsx_common_pwrseq_host_command.c.obj
[ptlrvp_mchp:rw] [33/382] Building C object CMakeFiles/app.dir/mnt/host/source/src/platform/ec/zephyr/subsys/pd_controller/pdc_dpm.c.obj
[it82002_evb:singleimage] [67/242] Building C object zephyr/CMakeFiles/zephyr.dir/subsys/pm/pm.c.obj
[ptlrvp_mchp:ro] [45/382] Building C object CMakeFiles/app.dir/mnt/host/source/src/platform/ec/build/zephyr/ptlrvp_mchp/modules/ec/common/queue.c.obj
[ptlrvp_mchp:rw] [34/382] Building C object CMakeFiles/app.dir/mnt/host/source/src/platform/ec/zephyr/subsys/ucsi/ppm_common.c.obj
[it82002_evb:singleimage] [68/242] Building C object zephyr/CMakeFiles/zephyr.dir/subsys/pm/state.c.obj
[kaladin:rw] [63/398] Building C object CMakeFiles/app.dir/mnt/host/source/src/platform/ec/zephyr/subsys/pd_controller/pdc_stub.c.obj
[fatcatrvp-npcx:rw] [49/386] Building C object CMakeFiles/app.dir/mnt/host/source/src/platform/ec/build/zephyr/fatcatrvp-npcx/modules/ec/common/util.c.obj
[ptlrvp_mchp:ro] [46/382] Building C object CMakeFiles/app.dir/mnt/host/source/src/platform/ec/build/zephyr/ptlrvp_mchp/modules/ec/common/system.c.obj
[kaladin:ro] [57/398] Building C object CMakeFiles/app.dir/mnt/host/source/src/platform/ec/zephyr/subsys/ap_pwrseq/x86_non_dsx_adlp_pwrseq_sm.c.obj
[it82002_evb:singleimage] [69/242] Building C object zephyr/CMakeFiles/zephyr.dir/subsys/pm/policy/policy_events.c.obj
[fatcatrvp-npcx:rw] [50/386] Building C object CMakeFiles/app.dir/mnt/host/source/src/platform/ec/build/zephyr/fatcatrvp-npcx/modules/ec/common/version.c.obj
[it82002_evb:singleimage] [70/242] Building C object zephyr/CMakeFiles/zephyr.dir/subsys/pm/policy/policy_latency.c.obj
[fatcatrvp-npcx:rw] [51/386] Building C object CMakeFiles/app.dir/mnt/host/source/src/platform/ec/build/zephyr/fatcatrvp-npcx/modules/ec/common/power_button_x86.c.obj
[kaladin:ro] [58/398] Building C object CMakeFiles/app.dir/mnt/host/source/src/platform/ec/zephyr/subsys/ap_pwrseq/ap_reset_log.c.obj
[kaladin:rw] [64/398] Building C object CMakeFiles/app.dir/mnt/host/source/src/platform/ec/zephyr/subsys/pd_controller/pdc_dpm.c.obj
[ptlrvp_mchp:ro] [47/382] Building C object CMakeFiles/app.dir/mnt/host/source/src/platform/ec/build/zephyr/ptlrvp_mchp/modules/ec/common/system_boot_time.c.obj
[ptlrvp_mchp:rw] [35/382] Building C object CMakeFiles/app.dir/mnt/host/source/src/platform/ec/zephyr/subsys/ucsi/ppm_console.c.obj
[ptlrvp_mchp:rw] [36/382] Building C object CMakeFiles/app.dir/mnt/host/source/src/platform/ec/zephyr/subsys/ucsi/ppm_driver.c.obj
[ptlrvp_mchp:ro] [48/382] Building C object CMakeFiles/app.dir/mnt/host/source/src/platform/ec/build/zephyr/ptlrvp_mchp/modules/ec/common/uart_printf.c.obj
[it82002_evb:singleimage] [71/242] Building C object zephyr/CMakeFiles/zephyr.dir/subsys/pm/policy/policy_state_lock.c.obj
[it82002_evb:singleimage] [72/242] Building C object zephyr/CMakeFiles/zephyr.dir/subsys/pm/device.c.obj
[fatcatrvp-npcx:rw] [52/386] Building C object CMakeFiles/app.dir/mnt/host/source/src/platform/ec/build/zephyr/fatcatrvp-npcx/modules/ec/common/adc.c.obj
[kaladin:rw] [65/398] Building C object CMakeFiles/app.dir/mnt/host/source/src/platform/ec/zephyr/subsys/pd_controller/pdc_runtime_port_config.c.obj
[fatcatrvp-npcx:rw] [53/386] Building C object CMakeFiles/app.dir/mnt/host/source/src/platform/ec/build/zephyr/fatcatrvp-npcx/modules/ec/common/battery.c.obj
[fatcatrvp-npcx:rw] [54/386] Building C object CMakeFiles/app.dir/mnt/host/source/src/platform/ec/build/zephyr/fatcatrvp-npcx/modules/ec/common/acpi.c.obj
[kaladin:ro] [59/398] Building C object CMakeFiles/app.dir/mnt/host/source/src/platform/ec/zephyr/subsys/pd_controller/pdc_pmc_debug.c.obj
[it82002_evb:singleimage] [73/242] Building C object zephyr/CMakeFiles/zephyr.dir/subsys/testsuite/coverage/coverage.c.obj
[it82002_evb:singleimage] [74/242] Building C object zephyr/CMakeFiles/zephyr.dir/subsys/pm/device_system_managed.c.obj
[ptlrvp_mchp:ro] [49/382] Building C object CMakeFiles/app.dir/mnt/host/source/src/platform/ec/build/zephyr/ptlrvp_mchp/modules/ec/common/util.c.obj
[ptlrvp_mchp:rw] [37/382] Building C object CMakeFiles/app.dir/mnt/host/source/src/platform/ec/zephyr/subsys/ucsi/ucsi_host_cmd.c.obj
[ptlrvp_mchp:rw] [38/382] Building C object CMakeFiles/app.dir/mnt/host/source/src/platform/ec/build/zephyr/ptlrvp_mchp/modules/ec/builtin/stdlib.c.obj
[ptlrvp_mchp:ro] [50/382] Building C object CMakeFiles/app.dir/mnt/host/source/src/platform/ec/build/zephyr/ptlrvp_mchp/modules/ec/common/version.c.obj
[it82002_evb:singleimage] [75/242] Building C object zephyr/CMakeFiles/zephyr.dir/subsys/tracing/tracing_none.c.obj
[fatcatrvp-npcx:rw] [55/386] Building C object CMakeFiles/app.dir/mnt/host/source/src/platform/ec/build/zephyr/fatcatrvp-npcx/modules/ec/common/battery_info.c.obj
[it82002_evb:singleimage] [76/242] Building C object zephyr/CMakeFiles/zephyr.dir/subsys/shell/modules/kernel_service/kernel_shell.c.obj
[fatcatrvp-npcx:rw] [56/386] Building C object CMakeFiles/app.dir/mnt/host/source/src/platform/ec/build/zephyr/fatcatrvp-npcx/modules/ec/driver/battery/smart.c.obj
[fatcatrvp-npcx:rw] [57/386] Building C object CMakeFiles/app.dir/mnt/host/source/src/platform/ec/build/zephyr/fatcatrvp-npcx/modules/ec/common/battery_fuel_gauge.c.obj
[kaladin:rw] [66/398] Building C object CMakeFiles/app.dir/mnt/host/source/src/platform/ec/zephyr/subsys/ucsi/ppm_common.c.obj
[ptlrvp_mchp:ro] [51/382] Building C object CMakeFiles/app.dir/mnt/host/source/src/platform/ec/build/zephyr/ptlrvp_mchp/modules/ec/common/power_button_x86.c.obj
[it82002_evb:singleimage] [77/242] Building C object zephyr/CMakeFiles/zephyr.dir/subsys/shell/modules/kernel_service/cycles.c.obj
[ptlrvp_mchp:rw] [39/382] Building C object CMakeFiles/app.dir/mnt/host/source/src/platform/ec/build/zephyr/ptlrvp_mchp/modules/ec/common/base32.c.obj
[kaladin:rw] [67/398] Building C object CMakeFiles/app.dir/mnt/host/source/src/platform/ec/zephyr/subsys/ucsi/ppm_console.c.obj
[ptlrvp_mchp:rw] [40/382] Building C object CMakeFiles/app.dir/mnt/host/source/src/platform/ec/build/zephyr/ptlrvp_mchp/modules/ec/common/console_output.c.obj
[it82002_evb:singleimage] [78/242] Building C object zephyr/CMakeFiles/zephyr.dir/subsys/shell/modules/kernel_service/sleep.c.obj
[ptlrvp_mchp:ro] [52/382] Building C object CMakeFiles/app.dir/mnt/host/source/src/platform/ec/build/zephyr/ptlrvp_mchp/modules/ec/common/adc.c.obj
[it82002_evb:singleimage] [79/242] Building C object zephyr/CMakeFiles/zephyr.dir/subsys/shell/modules/kernel_service/uptime.c.obj
[fatcatrvp-npcx:rw] [58/386] Building C object CMakeFiles/app.dir/mnt/host/source/src/platform/ec/build/zephyr/fatcatrvp-npcx/modules/ec/driver/charger/isl9241.c.obj
[fatcatrvp-npcx:rw] [59/386] Building C object CMakeFiles/app.dir/mnt/host/source/src/platform/ec/build/zephyr/fatcatrvp-npcx/modules/ec/common/charger.c.obj
[it82002_evb:singleimage] [80/242] Building C object zephyr/CMakeFiles/zephyr.dir/subsys/shell/modules/kernel_service/version.c.obj
[ptlrvp_mchp:ro] [53/382] Building C object CMakeFiles/app.dir/mnt/host/source/src/platform/ec/build/zephyr/ptlrvp_mchp/modules/ec/common/acpi.c.obj
[fatcatrvp-npcx:rw] [60/386] Building C object CMakeFiles/app.dir/mnt/host/source/src/platform/ec/build/zephyr/fatcatrvp-npcx/modules/ec/common/charge_state.c.obj
[ptlrvp_mchp:rw] [41/382] Building C object CMakeFiles/app.dir/mnt/host/source/src/platform/ec/build/zephyr/ptlrvp_mchp/modules/ec/common/ec_features.c.obj
[it82002_evb:singleimage] [81/242] Building C object zephyr/CMakeFiles/zephyr.dir/subsys/shell/modules/kernel_service/thread/thread.c.obj
[ptlrvp_mchp:rw] [42/382] Building C object CMakeFiles/app.dir/mnt/host/source/src/platform/ec/build/zephyr/ptlrvp_mchp/modules/ec/common/gpio_commands.c.obj
[kaladin:rw] [68/398] Building C object CMakeFiles/app.dir/mnt/host/source/src/platform/ec/zephyr/subsys/ucsi/ucsi_host_cmd.c.obj
[kaladin:ro] [60/398] Building C object CMakeFiles/app.dir/mnt/host/source/src/platform/ec/zephyr/subsys/pd_controller/pdc_console.c.obj
[kaladin:rw] [69/398] Building C object CMakeFiles/app.dir/mnt/host/source/src/platform/ec/zephyr/subsys/ucsi/ppm_driver.c.obj
[ptlrvp_mchp:ro] [54/382] Building C object CMakeFiles/app.dir/mnt/host/source/src/platform/ec/build/zephyr/ptlrvp_mchp/modules/ec/common/battery.c.obj
[/mnt/host/source/src/platform/ec/build/zephyr/nereid-lcov]   /mnt/host/source/src/platform/ec/build/zephyr/nereid/build-ro/CMakeFiles/app.dir/mnt/host/source/src/platform/ec/build/zephyr/nereid/modules/ec/common/cbi_config.c.gcno:no functions found
[/mnt/host/source/src/platform/ec/build/zephyr/nereid-lcov] stderr:
[kaladin:ro] [61/398] Building C object CMakeFiles/app.dir/mnt/host/source/src/platform/ec/zephyr/subsys/pd_controller/pdc_power_mgmt.c.obj
[fatcatrvp-npcx:rw] [61/386] Building C object CMakeFiles/app.dir/mnt/host/source/src/platform/ec/build/zephyr/fatcatrvp-npcx/modules/ec/common/cbi_common.c.obj
[it82002_evb:singleimage] [82/242] Building C object zephyr/CMakeFiles/zephyr.dir/subsys/shell/modules/kernel_service/thread/list.c.obj
[it82002_evb:singleimage] [83/242] Building C object zephyr/CMakeFiles/zephyr.dir/subsys/shell/modules/kernel_service/thread/stacks.c.obj
[fatcatrvp-npcx:rw] [62/386] Building C object CMakeFiles/app.dir/mnt/host/source/src/platform/ec/build/zephyr/fatcatrvp-npcx/modules/ec/common/charge_manager.c.obj
[/mnt/host/source/src/platform/ec/build/zephyr/nereid-lcov]   /mnt/host/source/src/platform/ec/build/zephyr/nereid/build-ro/zephyr/arch/arch/riscv/core/CMakeFiles/arch__riscv__core.dir/cpu_idle.c.gcno:no functions found
[/mnt/host/source/src/platform/ec/build/zephyr/nereid-lcov] stderr:
[fatcatrvp-npcx:rw] [63/386] Building C object CMakeFiles/app.dir/mnt/host/source/src/platform/ec/build/zephyr/fatcatrvp-npcx/modules/ec/common/cbi.c.obj
[kaladin:rw] [70/398] Building C object CMakeFiles/app.dir/mnt/host/source/src/platform/ec/build/zephyr/kaladin/modules/ec/builtin/stdlib.c.obj
[ptlrvp_mchp:ro] [55/382] Building C object CMakeFiles/app.dir/mnt/host/source/src/platform/ec/build/zephyr/ptlrvp_mchp/modules/ec/common/battery_info.c.obj
[ptlrvp_mchp:rw] [43/382] Building C object CMakeFiles/app.dir/mnt/host/source/src/platform/ec/build/zephyr/ptlrvp_mchp/modules/ec/common/printf.c.obj
[kaladin:rw] [71/398] Building C object CMakeFiles/app.dir/mnt/host/source/src/platform/ec/build/zephyr/kaladin/modules/ec/common/base32.c.obj
[kaladin:ro] [62/398] Building C object CMakeFiles/app.dir/mnt/host/source/src/platform/ec/zephyr/subsys/pd_controller/pdc_host_cmd.c.obj
[ptlrvp_mchp:rw] [44/382] Building C object CMakeFiles/app.dir/mnt/host/source/src/platform/ec/build/zephyr/ptlrvp_mchp/modules/ec/common/peripheral.c.obj
[it82002_evb:singleimage] [84/242] Building C object zephyr/CMakeFiles/zephyr.dir/subsys/shell/modules/kernel_service/thread/suspend.c.obj
[ptlrvp_mchp:ro] [56/382] Building C object CMakeFiles/app.dir/mnt/host/source/src/platform/ec/build/zephyr/ptlrvp_mchp/modules/ec/common/battery_fuel_gauge.c.obj
[kaladin:ro] [63/398] Building C object CMakeFiles/app.dir/mnt/host/source/src/platform/ec/zephyr/subsys/pd_controller/pdc_stub.c.obj
[it82002_evb:singleimage] [85/242] Building C object zephyr/CMakeFiles/zephyr.dir/subsys/shell/modules/kernel_service/thread/unwind.c.obj
[fatcatrvp-npcx:rw] [64/386] Building C object CMakeFiles/app.dir/mnt/host/source/src/platform/ec/build/zephyr/fatcatrvp-npcx/modules/ec/common/cbi_config.c.obj
[fatcatrvp-npcx:rw] [65/386] Building C object CMakeFiles/app.dir/mnt/host/source/src/platform/ec/build/zephyr/fatcatrvp-npcx/modules/ec/common/memory_commands.c.obj
[ptlrvp_mchp:rw] [45/382] Building C object CMakeFiles/app.dir/mnt/host/source/src/platform/ec/build/zephyr/ptlrvp_mchp/modules/ec/common/queue.c.obj
[kaladin:rw] [72/398] Building C object CMakeFiles/app.dir/mnt/host/source/src/platform/ec/build/zephyr/kaladin/modules/ec/common/console_output.c.obj
[it82002_evb:singleimage] [86/242] Building C object zephyr/CMakeFiles/zephyr.dir/subsys/shell/modules/kernel_service/thread/resume.c.obj
[fatcatrvp-npcx:rw] [66/386] Building C object CMakeFiles/app.dir/mnt/host/source/src/platform/ec/build/zephyr/fatcatrvp-npcx/modules/ec/common/dptf.c.obj
[ptlrvp_mchp:ro] [57/382] Building C object CMakeFiles/app.dir/mnt/host/source/src/platform/ec/build/zephyr/ptlrvp_mchp/modules/ec/driver/battery/smart.c.obj
[it82002_evb:singleimage] [87/242] Building C object zephyr/CMakeFiles/zephyr.dir/subsys/shell/modules/kernel_service/thread/kill.c.obj
[kaladin:rw] [73/398] Building C object CMakeFiles/app.dir/mnt/host/source/src/platform/ec/build/zephyr/kaladin/modules/ec/common/ec_features.c.obj
[/mnt/host/source/src/platform/ec/build/zephyr/nereid-lcov]   /mnt/host/source/src/platform/ec/build/zephyr/nereid/build-ro/zephyr/arch/common/CMakeFiles/isr_tables.dir/isr_tables.c.gcno:no functions found
[/mnt/host/source/src/platform/ec/build/zephyr/nereid-lcov] stderr:
[ptlrvp_mchp:rw] [46/382] Building C object CMakeFiles/app.dir/mnt/host/source/src/platform/ec/build/zephyr/ptlrvp_mchp/modules/ec/common/system.c.obj
[kaladin:ro] [64/398] Building C object CMakeFiles/app.dir/mnt/host/source/src/platform/ec/zephyr/subsys/pd_controller/pdc_dpm.c.obj
[ptlrvp_mchp:ro] [58/382] Building C object CMakeFiles/app.dir/mnt/host/source/src/platform/ec/build/zephyr/ptlrvp_mchp/modules/ec/driver/charger/isl9241.c.obj
[/mnt/host/source/src/platform/ec/build/zephyr/telith-lcov]   /mnt/host/source/src/platform/ec/build/zephyr/telith/build-rw/CMakeFiles/app.dir/mnt/host/source/src/platform/ec/build/zephyr/telith/modules/ec/common/usb_pd_pdo.c.gcno:no functions found
[/mnt/host/source/src/platform/ec/build/zephyr/telith-lcov] stderr:
[fatcatrvp-npcx:rw] [67/386] Building C object CMakeFiles/app.dir/mnt/host/source/src/platform/ec/build/zephyr/fatcatrvp-npcx/modules/ec/common/ap_reset_log.c.obj
[kaladin:ro] [65/398] Building C object CMakeFiles/app.dir/mnt/host/source/src/platform/ec/zephyr/subsys/pd_controller/pdc_runtime_port_config.c.obj
[fatcatrvp-npcx:rw] [68/386] Building C object CMakeFiles/app.dir/mnt/host/source/src/platform/ec/build/zephyr/fatcatrvp-npcx/modules/ec/common/espi.c.obj
[ptlrvp_mchp:rw] [47/382] Building C object CMakeFiles/app.dir/mnt/host/source/src/platform/ec/build/zephyr/ptlrvp_mchp/modules/ec/common/system_boot_time.c.obj
[kaladin:rw] [74/398] Building C object CMakeFiles/app.dir/mnt/host/source/src/platform/ec/build/zephyr/kaladin/modules/ec/common/gpio_commands.c.obj
[it82002_evb:singleimage] [88/242] Building C object zephyr/CMakeFiles/zephyr.dir/subsys/shell/backends/shell_uart.c.obj
[fatcatrvp-npcx:rw] [69/386] Building C object CMakeFiles/app.dir/mnt/host/source/src/platform/ec/build/zephyr/fatcatrvp-npcx/modules/ec/common/extpower_common.c.obj
[kaladin:rw] [75/398] Building C object CMakeFiles/app.dir/mnt/host/source/src/platform/ec/build/zephyr/kaladin/modules/ec/common/peripheral.c.obj
[ptlrvp_mchp:ro] [59/382] Building C object CMakeFiles/app.dir/mnt/host/source/src/platform/ec/build/zephyr/ptlrvp_mchp/modules/ec/common/charger.c.obj
[it82002_evb:singleimage] [89/242] Building C object zephyr/CMakeFiles/zephyr.dir/subsys/shell/shell.c.obj
[ptlrvp_mchp:rw] [48/382] Building C object CMakeFiles/app.dir/mnt/host/source/src/platform/ec/build/zephyr/ptlrvp_mchp/modules/ec/common/uart_printf.c.obj
[fatcatrvp-npcx:rw] [70/386] Building C object CMakeFiles/app.dir/mnt/host/source/src/platform/ec/build/zephyr/fatcatrvp-npcx/modules/ec/common/extpower_gpio.c.obj
[ptlrvp_mchp:ro] [60/382] Building C object CMakeFiles/app.dir/mnt/host/source/src/platform/ec/build/zephyr/ptlrvp_mchp/modules/ec/common/charge_state.c.obj
[it82002_evb:singleimage] [90/242] Building C object zephyr/CMakeFiles/zephyr.dir/subsys/shell/shell_fprintf.c.obj
[fatcatrvp-npcx:rw] [71/386] Building C object CMakeFiles/app.dir/mnt/host/source/src/platform/ec/build/zephyr/fatcatrvp-npcx/modules/ec/common/fan.c.obj
[kaladin:rw] [76/398] Building C object CMakeFiles/app.dir/mnt/host/source/src/platform/ec/build/zephyr/kaladin/modules/ec/common/printf.c.obj
[ptlrvp_mchp:rw] [49/382] Building C object CMakeFiles/app.dir/mnt/host/source/src/platform/ec/build/zephyr/ptlrvp_mchp/modules/ec/common/util.c.obj
[it82002_evb:singleimage] [91/242] Building C object zephyr/CMakeFiles/zephyr.dir/subsys/shell/shell_utils.c.obj
[fatcatrvp-npcx:rw] [72/386] Building C object CMakeFiles/app.dir/mnt/host/source/src/platform/ec/build/zephyr/fatcatrvp-npcx/modules/ec/common/flash.c.obj
[kaladin:rw] [77/398] Building C object CMakeFiles/app.dir/mnt/host/source/src/platform/ec/build/zephyr/kaladin/modules/ec/common/queue.c.obj
[kaladin:ro] [66/398] Building C object CMakeFiles/app.dir/mnt/host/source/src/platform/ec/zephyr/subsys/ucsi/ppm_common.c.obj
[ptlrvp_mchp:rw] [50/382] Building C object CMakeFiles/app.dir/mnt/host/source/src/platform/ec/build/zephyr/ptlrvp_mchp/modules/ec/common/version.c.obj
[kaladin:ro] [67/398] Building C object CMakeFiles/app.dir/mnt/host/source/src/platform/ec/zephyr/subsys/ucsi/ppm_console.c.obj
[ptlrvp_mchp:ro] [61/382] Building C object CMakeFiles/app.dir/mnt/host/source/src/platform/ec/build/zephyr/ptlrvp_mchp/modules/ec/common/charge_manager.c.obj
[it82002_evb:singleimage] [92/242] Building C object zephyr/CMakeFiles/zephyr.dir/subsys/shell/shell_ops.c.obj
[/mnt/host/source/src/platform/ec/build/zephyr/adlrvp_npcx-lcov]   /mnt/host/source/src/platform/ec/build/zephyr/adlrvp_npcx/build-rw/zephyr/CMakeFiles/zephyr.dir/soc/nuvoton/npcx/common/npcxn/registers.c.gcno:no functions found
[/mnt/host/source/src/platform/ec/build/zephyr/adlrvp_npcx-lcov] stderr:
[ptlrvp_mchp:ro] [62/382] Building C object CMakeFiles/app.dir/mnt/host/source/src/platform/ec/build/zephyr/ptlrvp_mchp/modules/ec/common/cbi_common.c.obj
[fatcatrvp-npcx:rw] [73/386] Building C object CMakeFiles/app.dir/mnt/host/source/src/platform/ec/build/zephyr/fatcatrvp-npcx/modules/ec/common/host_command.c.obj
[it82002_evb:singleimage] [93/242] Building C object zephyr/CMakeFiles/zephyr.dir/subsys/shell/shell_help.c.obj
[fatcatrvp-npcx:rw] [74/386] Building C object CMakeFiles/app.dir/mnt/host/source/src/platform/ec/build/zephyr/fatcatrvp-npcx/modules/ec/common/host_command_task.c.obj
[kaladin:rw] [78/398] Building C object CMakeFiles/app.dir/mnt/host/source/src/platform/ec/build/zephyr/kaladin/modules/ec/common/system_boot_time.c.obj
[fatcatrvp-npcx:rw] [75/386] Building C object CMakeFiles/app.dir/mnt/host/source/src/platform/ec/build/zephyr/fatcatrvp-npcx/modules/ec/common/host_event_commands.c.obj
[ptlrvp_mchp:rw] [51/382] Building C object CMakeFiles/app.dir/mnt/host/source/src/platform/ec/build/zephyr/ptlrvp_mchp/modules/ec/common/power_button_x86.c.obj
[it82002_evb:singleimage] [94/242] Building C object zephyr/CMakeFiles/zephyr.dir/subsys/shell/shell_history.c.obj
[it82002_evb:singleimage] [95/242] Building C object zephyr/CMakeFiles/zephyr.dir/drivers/flash/flash_util.c.obj
[kaladin:ro] [68/398] Building C object CMakeFiles/app.dir/mnt/host/source/src/platform/ec/zephyr/subsys/ucsi/ucsi_host_cmd.c.obj
[ptlrvp_mchp:rw] [52/382] Building C object CMakeFiles/app.dir/mnt/host/source/src/platform/ec/build/zephyr/ptlrvp_mchp/modules/ec/common/adc.c.obj
[ptlrvp_mchp:ro] [63/382] Building C object CMakeFiles/app.dir/mnt/host/source/src/platform/ec/build/zephyr/ptlrvp_mchp/modules/ec/common/cbi_config.c.obj
[it82002_evb:singleimage] [96/242] Linking C static library zephyr/libzephyr.a
[ptlrvp_mchp:ro] [64/382] Building C object CMakeFiles/app.dir/mnt/host/source/src/platform/ec/build/zephyr/ptlrvp_mchp/modules/ec/common/cbi.c.obj
[it82002_evb:singleimage] [97/242] Building C object zephyr/arch/common/CMakeFiles/arch__common.dir/sw_isr_common.c.obj
[fatcatrvp-npcx:rw] [76/386] Building C object CMakeFiles/app.dir/mnt/host/source/src/platform/ec/build/zephyr/fatcatrvp-npcx/modules/ec/common/uart_hostcmd.c.obj
[kaladin:ro] [69/398] Building C object CMakeFiles/app.dir/mnt/host/source/src/platform/ec/zephyr/subsys/ucsi/ppm_driver.c.obj
[fatcatrvp-npcx:rw] [77/386] Building C object CMakeFiles/app.dir/mnt/host/source/src/platform/ec/build/zephyr/fatcatrvp-npcx/modules/ec/common/uptime.c.obj
[kaladin:rw] [79/398] Building C object CMakeFiles/app.dir/mnt/host/source/src/platform/ec/build/zephyr/kaladin/modules/ec/common/uart_printf.c.obj
[it82002_evb:singleimage] [98/242] Building C object zephyr/arch/common/CMakeFiles/arch__common.dir/dynamic_isr.c.obj
[it82002_evb:singleimage] [99/242] Building C object zephyr/arch/common/CMakeFiles/arch__common.dir/init.c.obj
[ptlrvp_mchp:rw] [53/382] Building C object CMakeFiles/app.dir/mnt/host/source/src/platform/ec/build/zephyr/ptlrvp_mchp/modules/ec/common/acpi.c.obj
[kaladin:ro] [70/398] Building C object CMakeFiles/app.dir/mnt/host/source/src/platform/ec/build/zephyr/kaladin/modules/ec/builtin/stdlib.c.obj
[fatcatrvp-npcx:rw] [78/386] Building C object CMakeFiles/app.dir/mnt/host/source/src/platform/ec/build/zephyr/fatcatrvp-npcx/modules/ec/common/i2c_controller.c.obj
[ptlrvp_mchp:ro] [65/382] Building C object CMakeFiles/app.dir/mnt/host/source/src/platform/ec/build/zephyr/ptlrvp_mchp/modules/ec/common/memory_commands.c.obj
[ptlrvp_mchp:rw] [54/382] Building C object CMakeFiles/app.dir/mnt/host/source/src/platform/ec/build/zephyr/ptlrvp_mchp/modules/ec/common/battery.c.obj
[kaladin:ro] [71/398] Building C object CMakeFiles/app.dir/mnt/host/source/src/platform/ec/build/zephyr/kaladin/modules/ec/common/base32.c.obj
[ptlrvp_mchp:ro] [66/382] Building C object CMakeFiles/app.dir/mnt/host/source/src/platform/ec/build/zephyr/ptlrvp_mchp/modules/ec/common/dptf.c.obj
[kaladin:rw] [80/398] Building C object CMakeFiles/app.dir/mnt/host/source/src/platform/ec/build/zephyr/kaladin/modules/ec/common/system.c.obj
[it82002_evb:singleimage] [100/242] Building C object zephyr/arch/common/CMakeFiles/isr_tables.dir/isr_tables.c.obj
[it82002_evb:singleimage] [101/242] Building C object zephyr/arch/common/CMakeFiles/arch__common.dir/xip.c.obj
[fatcatrvp-npcx:rw] [79/386] Building C object CMakeFiles/app.dir/mnt/host/source/src/platform/ec/build/zephyr/fatcatrvp-npcx/modules/ec/common/i2c_passthru.c.obj
[/mnt/host/source/src/platform/ec/build/zephyr/nereid-lcov]   /mnt/host/source/src/platform/ec/build/zephyr/nereid/build-ro/zephyr/CMakeFiles/zephyr.dir/subsys/shell/modules/kernel_service/kernel_shell.c.gcno:no functions found
[/mnt/host/source/src/platform/ec/build/zephyr/nereid-lcov] stderr:
[it82002_evb:singleimage] [102/242] Linking C static library zephyr/arch/common/libisr_tables.a
[it82002_evb:singleimage] [103/242] Linking C static library zephyr/arch/common/libarch__common.a
[kaladin:rw] [81/398] Building C object CMakeFiles/app.dir/mnt/host/source/src/platform/ec/build/zephyr/kaladin/modules/ec/common/util.c.obj
[fatcatrvp-npcx:rw] [80/386] Building C object CMakeFiles/app.dir/mnt/host/source/src/platform/ec/build/zephyr/fatcatrvp-npcx/modules/ec/common/keyboard_8042.c.obj
[/mnt/host/source/src/platform/ec/build/zephyr/nereid-lcov]   /mnt/host/source/src/platform/ec/build/zephyr/nereid/build-ro/zephyr/CMakeFiles/zephyr.dir/lib/libc/validate_libc.c.gcno:no functions found
[/mnt/host/source/src/platform/ec/build/zephyr/nereid-lcov] stderr:
[it82002_evb:singleimage] [104/242] Building C object zephyr/arch/arch/riscv/core/CMakeFiles/arch__riscv__core.dir/cpu_idle.c.obj
[fatcatrvp-npcx:rw] [81/386] Building C object CMakeFiles/app.dir/mnt/host/source/src/platform/ec/build/zephyr/fatcatrvp-npcx/modules/ec/common/keyboard_8042_sharedlib.c.obj
[ptlrvp_mchp:ro] [67/382] Building C object CMakeFiles/app.dir/mnt/host/source/src/platform/ec/build/zephyr/ptlrvp_mchp/modules/ec/common/ap_reset_log.c.obj
[ptlrvp_mchp:rw] [55/382] Building C object CMakeFiles/app.dir/mnt/host/source/src/platform/ec/build/zephyr/ptlrvp_mchp/modules/ec/common/battery_info.c.obj
[it82002_evb:singleimage] [105/242] Building C object zephyr/arch/arch/riscv/core/CMakeFiles/arch__riscv__core.dir/fatal.c.obj
[kaladin:ro] [72/398] Building C object CMakeFiles/app.dir/mnt/host/source/src/platform/ec/build/zephyr/kaladin/modules/ec/common/ec_features.c.obj
[kaladin:ro] [73/398] Building C object CMakeFiles/app.dir/mnt/host/source/src/platform/ec/build/zephyr/kaladin/modules/ec/common/console_output.c.obj
[ptlrvp_mchp:rw] [56/382] Building C object CMakeFiles/app.dir/mnt/host/source/src/platform/ec/build/zephyr/ptlrvp_mchp/modules/ec/common/battery_fuel_gauge.c.obj
[kaladin:rw] [82/398] Building C object CMakeFiles/app.dir/mnt/host/source/src/platform/ec/build/zephyr/kaladin/modules/ec/common/version.c.obj
[ptlrvp_mchp:ro] [68/382] Building C object CMakeFiles/app.dir/mnt/host/source/src/platform/ec/build/zephyr/ptlrvp_mchp/modules/ec/common/espi.c.obj
[it82002_evb:singleimage] [106/242] Building C object zephyr/arch/arch/riscv/core/CMakeFiles/arch__riscv__core.dir/prep_c.c.obj
[/mnt/host/source/src/platform/ec/build/zephyr/telith-lcov]   /mnt/host/source/src/platform/ec/build/zephyr/telith/build-rw/CMakeFiles/app.dir/mnt/host/source/src/platform/ec/build/zephyr/telith/modules/ec/common/cbi_config.c.gcno:no functions found
[/mnt/host/source/src/platform/ec/build/zephyr/telith-lcov] stderr:
[fatcatrvp-npcx:rw] [82/386] Building C object CMakeFiles/app.dir/mnt/host/source/src/platform/ec/build/zephyr/fatcatrvp-npcx/modules/ec/common/mkbp_fifo.c.obj
[it82002_evb:singleimage] [107/242] Building C object zephyr/arch/arch/riscv/core/CMakeFiles/arch__riscv__core.dir/irq_manage.c.obj
[fatcatrvp-npcx:rw] [83/386] Building C object CMakeFiles/app.dir/mnt/host/source/src/platform/ec/build/zephyr/fatcatrvp-npcx/modules/ec/common/mkbp_info.c.obj
[/mnt/host/source/src/platform/ec/build/zephyr/nereid-lcov]   /mnt/host/source/src/platform/ec/build/zephyr/nereid/build-ro/zephyr/CMakeFiles/zephyr.dir/lib/utils/last_section_id.c.gcno:no functions found
[/mnt/host/source/src/platform/ec/build/zephyr/nereid-lcov] stderr:
[it82002_evb:singleimage] [108/242] Building C object zephyr/arch/arch/riscv/core/CMakeFiles/arch__riscv__core.dir/reboot.c.obj
[fatcatrvp-npcx:rw] [84/386] Building C object CMakeFiles/app.dir/mnt/host/source/src/platform/ec/build/zephyr/fatcatrvp-npcx/modules/ec/common/mkbp_input_devices.c.obj
[kaladin:rw] [83/398] Building C object CMakeFiles/app.dir/mnt/host/source/src/platform/ec/build/zephyr/kaladin/modules/ec/common/power_button_x86.c.obj
[ptlrvp_mchp:ro] [69/382] Building C object CMakeFiles/app.dir/mnt/host/source/src/platform/ec/build/zephyr/ptlrvp_mchp/modules/ec/common/extpower_common.c.obj
[/mnt/host/source/src/platform/ec/build/zephyr/telith-lcov]   /mnt/host/source/src/platform/ec/build/zephyr/telith/build-rw/zephyr/arch/arch/riscv/core/CMakeFiles/arch__riscv__core.dir/cpu_idle.c.gcno:no functions found
[/mnt/host/source/src/platform/ec/build/zephyr/telith-lcov] stderr:
[it82002_evb:singleimage] [109/242] Building ASM object zephyr/arch/arch/riscv/core/CMakeFiles/arch__riscv__core.dir/reset.S.obj
[ptlrvp_mchp:rw] [57/382] Building C object CMakeFiles/app.dir/mnt/host/source/src/platform/ec/build/zephyr/ptlrvp_mchp/modules/ec/driver/battery/smart.c.obj
[kaladin:ro] [74/398] Building C object CMakeFiles/app.dir/mnt/host/source/src/platform/ec/build/zephyr/kaladin/modules/ec/common/peripheral.c.obj
[kaladin:ro] [75/398] Building C object CMakeFiles/app.dir/mnt/host/source/src/platform/ec/build/zephyr/kaladin/modules/ec/common/gpio_commands.c.obj
[ptlrvp_mchp:rw] [58/382] Building C object CMakeFiles/app.dir/mnt/host/source/src/platform/ec/build/zephyr/ptlrvp_mchp/modules/ec/driver/charger/isl9241.c.obj
[ptlrvp_mchp:ro] [70/382] Building C object CMakeFiles/app.dir/mnt/host/source/src/platform/ec/build/zephyr/ptlrvp_mchp/modules/ec/common/extpower_gpio.c.obj
[kaladin:rw] [84/398] Building C object CMakeFiles/app.dir/mnt/host/source/src/platform/ec/build/zephyr/kaladin/modules/ec/common/adc.c.obj
[fatcatrvp-npcx:rw] [85/386] Building C object CMakeFiles/app.dir/mnt/host/source/src/platform/ec/build/zephyr/fatcatrvp-npcx/modules/ec/common/lid_switch.c.obj
[it82002_evb:singleimage] [110/242] Building ASM object zephyr/arch/arch/riscv/core/CMakeFiles/arch__riscv__core.dir/switch.S.obj
[fatcatrvp-npcx:rw] [86/386] Building C object CMakeFiles/app.dir/mnt/host/source/src/platform/ec/build/zephyr/fatcatrvp-npcx/modules/ec/common/mkbp_event.c.obj
[it82002_evb:singleimage] [111/242] Building C object zephyr/arch/arch/riscv/core/CMakeFiles/arch__riscv__core.dir/thread.c.obj
[fatcatrvp-npcx:rw] [87/386] Building C object CMakeFiles/app.dir/mnt/host/source/src/platform/ec/build/zephyr/fatcatrvp-npcx/modules/ec/common/port80.c.obj
[ptlrvp_mchp:ro] [71/382] Building C object CMakeFiles/app.dir/mnt/host/source/src/platform/ec/build/zephyr/ptlrvp_mchp/modules/ec/common/fan.c.obj
[kaladin:ro] [76/398] Building C object CMakeFiles/app.dir/mnt/host/source/src/platform/ec/build/zephyr/kaladin/modules/ec/common/printf.c.obj
[it82002_evb:singleimage] [112/242] Building ASM object zephyr/arch/arch/riscv/core/CMakeFiles/arch__riscv__core.dir/isr.S.obj
[ptlrvp_mchp:rw] [59/382] Building C object CMakeFiles/app.dir/mnt/host/source/src/platform/ec/build/zephyr/ptlrvp_mchp/modules/ec/common/charger.c.obj
[kaladin:rw] [85/398] Building C object CMakeFiles/app.dir/mnt/host/source/src/platform/ec/build/zephyr/kaladin/modules/ec/common/acpi.c.obj
[kaladin:rw] [86/398] Building C object CMakeFiles/app.dir/mnt/host/source/src/platform/ec/build/zephyr/kaladin/modules/ec/common/backlight_lid.c.obj
[it82002_evb:singleimage] [113/242] Generating ../../../include/generated/libc/minimal/strerror_table.h
[kaladin:ro] [77/398] Building C object CMakeFiles/app.dir/mnt/host/source/src/platform/ec/build/zephyr/kaladin/modules/ec/common/queue.c.obj
[ptlrvp_mchp:ro] [72/382] Building C object CMakeFiles/app.dir/mnt/host/source/src/platform/ec/build/zephyr/ptlrvp_mchp/modules/ec/common/flash.c.obj
[/mnt/host/source/src/platform/ec/build/zephyr/telith-lcov]   /mnt/host/source/src/platform/ec/build/zephyr/telith/build-rw/zephyr/arch/common/CMakeFiles/isr_tables.dir/isr_tables.c.gcno:no functions found
[/mnt/host/source/src/platform/ec/build/zephyr/telith-lcov] stderr:
[it82002_evb:singleimage] [114/242] Building C object zephyr/arch/arch/riscv/core/CMakeFiles/arch__riscv__core.dir/stacktrace.c.obj
[ptlrvp_mchp:rw] [60/382] Building C object CMakeFiles/app.dir/mnt/host/source/src/platform/ec/build/zephyr/ptlrvp_mchp/modules/ec/common/charge_state.c.obj
[it82002_evb:singleimage] [115/242] Linking C static library zephyr/arch/arch/riscv/core/libarch__riscv__core.a
[it82002_evb:singleimage] [116/242] Building C object zephyr/lib/libc/minimal/CMakeFiles/lib__libc__minimal.dir/source/stdlib/atoi.c.obj
[fatcatrvp-npcx:rw] [88/386] Building C object CMakeFiles/app.dir/mnt/host/source/src/platform/ec/build/zephyr/fatcatrvp-npcx/modules/ec/power/hibernate.c.obj
[it82002_evb:singleimage] [117/242] Building C object zephyr/lib/libc/minimal/CMakeFiles/lib__libc__minimal.dir/source/stdlib/strtoul.c.obj
[fatcatrvp-npcx:rw] [89/386] Building C object CMakeFiles/app.dir/mnt/host/source/src/platform/ec/build/zephyr/fatcatrvp-npcx/modules/ec/common/power_button.c.obj
[it82002_evb:singleimage] [118/242] Building C object zephyr/lib/libc/minimal/CMakeFiles/lib__libc__minimal.dir/source/stdlib/strtol.c.obj
[it82002_evb:singleimage] [119/242] Building C object zephyr/lib/libc/minimal/CMakeFiles/lib__libc__minimal.dir/source/stdlib/strtoll.c.obj
[it82002_evb:singleimage] [120/242] Building C object zephyr/lib/libc/minimal/CMakeFiles/lib__libc__minimal.dir/source/stdlib/strtoull.c.obj
[fatcatrvp-npcx:rw] [90/386] Building C object CMakeFiles/app.dir/mnt/host/source/src/platform/ec/build/zephyr/fatcatrvp-npcx/modules/ec/common/panic_output.c.obj
[ptlrvp_mchp:ro] [73/382] Building C object CMakeFiles/app.dir/mnt/host/source/src/platform/ec/build/zephyr/ptlrvp_mchp/modules/ec/common/host_command.c.obj
[it82002_evb:singleimage] [121/242] Building C object zephyr/lib/libc/minimal/CMakeFiles/lib__libc__minimal.dir/source/stdlib/bsearch.c.obj
[ptlrvp_mchp:ro] [74/382] Building C object CMakeFiles/app.dir/mnt/host/source/src/platform/ec/build/zephyr/ptlrvp_mchp/modules/ec/common/host_command_task.c.obj
[kaladin:ro] [78/398] Building C object CMakeFiles/app.dir/mnt/host/source/src/platform/ec/build/zephyr/kaladin/modules/ec/common/system_boot_time.c.obj
[kaladin:rw] [87/398] Building C object CMakeFiles/app.dir/mnt/host/source/src/platform/ec/build/zephyr/kaladin/modules/ec/common/battery_info.c.obj
[ptlrvp_mchp:rw] [61/382] Building C object CMakeFiles/app.dir/mnt/host/source/src/platform/ec/build/zephyr/ptlrvp_mchp/modules/ec/common/cbi_common.c.obj
[ptlrvp_mchp:rw] [62/382] Building C object CMakeFiles/app.dir/mnt/host/source/src/platform/ec/build/zephyr/ptlrvp_mchp/modules/ec/common/charge_manager.c.obj
[it82002_evb:singleimage] [122/242] Building C object zephyr/lib/libc/minimal/CMakeFiles/lib__libc__minimal.dir/source/stdlib/qsort.c.obj
[it82002_evb:singleimage] [123/242] Building C object zephyr/lib/libc/minimal/CMakeFiles/lib__libc__minimal.dir/source/stdlib/exit.c.obj
[fatcatrvp-npcx:rw] [91/386] Building C object CMakeFiles/app.dir/mnt/host/source/src/platform/ec/build/zephyr/fatcatrvp-npcx/modules/ec/common/shared_mem.c.obj
[fatcatrvp-npcx:rw] [92/386] Building C object CMakeFiles/app.dir/mnt/host/source/src/platform/ec/build/zephyr/fatcatrvp-npcx/modules/ec/common/switch.c.obj
[it82002_evb:singleimage] [124/242] Building C object zephyr/lib/libc/minimal/CMakeFiles/lib__libc__minimal.dir/source/string/strncasecmp.c.obj
[fatcatrvp-npcx:rw] [93/386] Building C object CMakeFiles/app.dir/mnt/host/source/src/platform/ec/build/zephyr/fatcatrvp-npcx/modules/ec/common/spi_flash_reg.c.obj
[it82002_evb:singleimage] [125/242] Building C object zephyr/lib/libc/minimal/CMakeFiles/lib__libc__minimal.dir/source/string/strerror.c.obj
[it82002_evb:singleimage] [126/242] Building C object zephyr/lib/libc/minimal/CMakeFiles/lib__libc__minimal.dir/source/string/strstr.c.obj
[it82002_evb:singleimage] [127/242] Building C object zephyr/lib/libc/minimal/CMakeFiles/lib__libc__minimal.dir/source/string/strspn.c.obj
[/mnt/host/source/src/platform/ec/build/zephyr/adlrvp_npcx-lcov]   /mnt/host/source/src/platform/ec/build/zephyr/adlrvp_npcx/build-rw/zephyr/drivers/sensor/CMakeFiles/drivers__sensor.dir/mnt/host/source/src/third_party/zephyr/main/misc/empty_file.c.gcno:no functions found
[/mnt/host/source/src/platform/ec/build/zephyr/adlrvp_npcx-lcov] Filter suppressions 'region':
[ptlrvp_mchp:ro] [75/382] Building C object CMakeFiles/app.dir/mnt/host/source/src/platform/ec/build/zephyr/ptlrvp_mchp/modules/ec/common/host_event_commands.c.obj
[it82002_evb:singleimage] [128/242] Building C object zephyr/lib/libc/minimal/CMakeFiles/lib__libc__minimal.dir/source/string/string.c.obj
[kaladin:ro] [79/398] Building C object CMakeFiles/app.dir/mnt/host/source/src/platform/ec/build/zephyr/kaladin/modules/ec/common/uart_printf.c.obj
[ptlrvp_mchp:ro] [76/382] Building C object CMakeFiles/app.dir/mnt/host/source/src/platform/ec/build/zephyr/ptlrvp_mchp/modules/ec/common/uart_hostcmd.c.obj
[/mnt/host/source/src/platform/ec/build/zephyr/adlrvp_npcx-lcov]     128 instances
[/mnt/host/source/src/platform/ec/build/zephyr/adlrvp_npcx-lcov]     177 coverpoints
[/mnt/host/source/src/platform/ec/build/zephyr/adlrvp_npcx-lcov] Message summary:
[/mnt/host/source/src/platform/ec/build/zephyr/adlrvp_npcx-lcov]   33 ignore messages:
[/mnt/host/source/src/platform/ec/build/zephyr/adlrvp_npcx-lcov]     gcov: 33
[kaladin:rw] [88/398] Building C object CMakeFiles/app.dir/mnt/host/source/src/platform/ec/build/zephyr/kaladin/modules/ec/common/battery.c.obj
[ptlrvp_mchp:rw] [63/382] Building C object CMakeFiles/app.dir/mnt/host/source/src/platform/ec/build/zephyr/ptlrvp_mchp/modules/ec/common/cbi_config.c.obj
[kaladin:ro] [80/398] Building C object CMakeFiles/app.dir/mnt/host/source/src/platform/ec/build/zephyr/kaladin/modules/ec/common/system.c.obj
[ptlrvp_mchp:rw] [64/382] Building C object CMakeFiles/app.dir/mnt/host/source/src/platform/ec/build/zephyr/ptlrvp_mchp/modules/ec/common/cbi.c.obj
[fatcatrvp-npcx:rw] [94/386] Building C object CMakeFiles/app.dir/mnt/host/source/src/platform/ec/build/zephyr/fatcatrvp-npcx/modules/ec/common/temp_sensor.c.obj
[kaladin:rw] [89/398] Building C object CMakeFiles/app.dir/mnt/host/source/src/platform/ec/build/zephyr/kaladin/modules/ec/common/battery_fuel_gauge.c.obj
[fatcatrvp-npcx:rw] [95/386] Building C object CMakeFiles/app.dir/mnt/host/source/src/platform/ec/build/zephyr/fatcatrvp-npcx/modules/ec/common/thermal.c.obj
[it82002_evb:singleimage] [129/242] Building C object zephyr/lib/libc/minimal/CMakeFiles/lib__libc__minimal.dir/source/stdout/stdout_console.c.obj
[it82002_evb:singleimage] [130/242] Building C object zephyr/lib/libc/minimal/CMakeFiles/lib__libc__minimal.dir/source/stdout/sprintf.c.obj
[fatcatrvp-npcx:rw] [96/386] Building C object CMakeFiles/app.dir/mnt/host/source/src/platform/ec/build/zephyr/fatcatrvp-npcx/modules/ec/driver/temp_sensor/thermistor.c.obj
[ptlrvp_mchp:ro] [77/382] Building C object CMakeFiles/app.dir/mnt/host/source/src/platform/ec/build/zephyr/ptlrvp_mchp/modules/ec/common/uptime.c.obj
[it82002_evb:singleimage] [131/242] Building C object zephyr/lib/libc/minimal/CMakeFiles/lib__libc__minimal.dir/source/math/sqrtf.c.obj
[kaladin:ro] [81/398] Building C object CMakeFiles/app.dir/mnt/host/source/src/platform/ec/build/zephyr/kaladin/modules/ec/common/version.c.obj
[kaladin:ro] [82/398] Building C object CMakeFiles/app.dir/mnt/host/source/src/platform/ec/build/zephyr/kaladin/modules/ec/common/util.c.obj
[ptlrvp_mchp:ro] [78/382] Building C object CMakeFiles/app.dir/mnt/host/source/src/platform/ec/build/zephyr/ptlrvp_mchp/modules/ec/common/i2c_controller.c.obj
[it82002_evb:singleimage] [132/242] Building C object zephyr/lib/libc/minimal/CMakeFiles/lib__libc__minimal.dir/source/stdout/fprintf.c.obj
[ptlrvp_mchp:rw] [65/382] Building C object CMakeFiles/app.dir/mnt/host/source/src/platform/ec/build/zephyr/ptlrvp_mchp/modules/ec/common/memory_commands.c.obj
[it82002_evb:singleimage] [133/242] Building C object zephyr/lib/libc/minimal/CMakeFiles/lib__libc__minimal.dir/source/math/sqrt.c.obj
[ptlrvp_mchp:rw] [66/382] Building C object CMakeFiles/app.dir/mnt/host/source/src/platform/ec/build/zephyr/ptlrvp_mchp/modules/ec/common/dptf.c.obj
[fatcatrvp-npcx:rw] [97/386] Building C object CMakeFiles/app.dir/mnt/host/source/src/platform/ec/build/zephyr/fatcatrvp-npcx/modules/ec/common/timer.c.obj
[kaladin:rw] [90/398] Building C object CMakeFiles/app.dir/mnt/host/source/src/platform/ec/build/zephyr/kaladin/modules/ec/driver/battery/smart.c.obj
[fatcatrvp-npcx:rw] [98/386] Building C object CMakeFiles/app.dir/mnt/host/source/src/platform/ec/build/zephyr/fatcatrvp-npcx/modules/ec/common/usbc_utils.c.obj
[kaladin:ro] [83/398] Building C object CMakeFiles/app.dir/mnt/host/source/src/platform/ec/build/zephyr/kaladin/modules/ec/common/power_button_x86.c.obj
[it82002_evb:singleimage] [134/242] Building C object zephyr/lib/libc/minimal/CMakeFiles/lib__libc__minimal.dir/source/time/gmtime.c.obj
[fatcatrvp-npcx:rw] [99/386] Building C object CMakeFiles/app.dir/mnt/host/source/src/platform/ec/build/zephyr/fatcatrvp-npcx/modules/ec/common/usb_common.c.obj
[it82002_evb:singleimage] [135/242] Linking C static library zephyr/lib/libc/minimal/liblib__libc__minimal.a
[kaladin:rw] [91/398] Building C object CMakeFiles/app.dir/mnt/host/source/src/platform/ec/build/zephyr/kaladin/modules/ec/driver/charger/isl95522.c.obj
[it82002_evb:singleimage] [136/242] Building C object zephyr/lib/libc/common/CMakeFiles/lib__libc__common.dir/source/stdlib/abort.c.obj
[ptlrvp_mchp:ro] [79/382] Building C object CMakeFiles/app.dir/mnt/host/source/src/platform/ec/build/zephyr/ptlrvp_mchp/modules/ec/common/i2c_passthru.c.obj
[kaladin:ro] [84/398] Building C object CMakeFiles/app.dir/mnt/host/source/src/platform/ec/build/zephyr/kaladin/modules/ec/common/adc.c.obj
[it82002_evb:singleimage] [137/242] Building C object zephyr/lib/libc/common/CMakeFiles/lib__libc__common.dir/source/time/gmtime_r.c.obj
[ptlrvp_mchp:ro] [80/382] Building C object CMakeFiles/app.dir/mnt/host/source/src/platform/ec/build/zephyr/ptlrvp_mchp/modules/ec/common/keyboard_8042.c.obj
[it82002_evb:singleimage] [138/242] Building C object zephyr/lib/libc/common/CMakeFiles/lib__libc__common.dir/source/time/asctime.c.obj
[ptlrvp_mchp:rw] [67/382] Building C object CMakeFiles/app.dir/mnt/host/source/src/platform/ec/build/zephyr/ptlrvp_mchp/modules/ec/common/ap_reset_log.c.obj
[kaladin:ro] [85/398] Building C object CMakeFiles/app.dir/mnt/host/source/src/platform/ec/build/zephyr/kaladin/modules/ec/common/acpi.c.obj
[ptlrvp_mchp:rw] [68/382] Building C object CMakeFiles/app.dir/mnt/host/source/src/platform/ec/build/zephyr/ptlrvp_mchp/modules/ec/common/espi.c.obj
[it82002_evb:singleimage] [139/242] Building C object zephyr/lib/libc/common/CMakeFiles/lib__libc__common.dir/source/time/localtime_r_utc.c.obj
[it82002_evb:singleimage] [140/242] Building C object zephyr/lib/libc/common/CMakeFiles/lib__libc__common.dir/source/time/ctime.c.obj
[fatcatrvp-npcx:rw] [100/386] Building C object CMakeFiles/app.dir/mnt/host/source/src/platform/ec/build/zephyr/fatcatrvp-npcx/modules/ec/common/vboot_hash.c.obj
[fatcatrvp-npcx:rw] [101/386] Building C object CMakeFiles/app.dir/mnt/host/source/src/platform/ec/build/zephyr/fatcatrvp-npcx/modules/ec/common/usb_pd_host_cmd_common.c.obj
[kaladin:ro] [86/398] Building C object CMakeFiles/app.dir/mnt/host/source/src/platform/ec/build/zephyr/kaladin/modules/ec/common/backlight_lid.c.obj
[it82002_evb:singleimage] [141/242] Building C object zephyr/lib/libc/common/CMakeFiles/lib__libc__common.dir/source/time/time.c.obj
[ptlrvp_mchp:ro] [81/382] Building C object CMakeFiles/app.dir/mnt/host/source/src/platform/ec/build/zephyr/ptlrvp_mchp/modules/ec/common/keyboard_8042_sharedlib.c.obj
[it82002_evb:singleimage] [142/242] Building C object zephyr/lib/libc/common/CMakeFiles/lib__libc__common.dir/source/string/strnlen.c.obj
[fatcatrvp-npcx:rw] [102/386] Building C object CMakeFiles/app.dir/mnt/host/source/src/platform/ec/build/zephyr/fatcatrvp-npcx/modules/ec/common/button.c.obj
[ptlrvp_mchp:rw] [69/382] Building C object CMakeFiles/app.dir/mnt/host/source/src/platform/ec/build/zephyr/ptlrvp_mchp/modules/ec/common/extpower_common.c.obj
[it82002_evb:singleimage] [143/242] Building C object zephyr/lib/libc/common/CMakeFiles/lib__libc__common.dir/source/stdlib/malloc.c.obj
[it82002_evb:singleimage] [144/242] Linking C static library zephyr/lib/libc/common/liblib__libc__common.a
[/mnt/host/source/src/platform/ec/build/zephyr/telith-lcov]   /mnt/host/source/src/platform/ec/build/zephyr/telith/build-rw/zephyr/CMakeFiles/zephyr.dir/subsys/shell/modules/kernel_service/kernel_shell.c.gcno:no functions found
[/mnt/host/source/src/platform/ec/build/zephyr/telith-lcov] stderr:
[kaladin:rw] [92/398] Building C object CMakeFiles/app.dir/mnt/host/source/src/platform/ec/build/zephyr/kaladin/modules/ec/common/charger.c.obj
[kaladin:ro] [87/398] Building C object CMakeFiles/app.dir/mnt/host/source/src/platform/ec/build/zephyr/kaladin/modules/ec/common/battery_info.c.obj
[it82002_evb:singleimage] [145/242] Building C object zephyr/lib/posix/c_lib_ext/CMakeFiles/lib__posix__c_lib_ext.dir/fnmatch.c.obj
[ptlrvp_mchp:ro] [82/382] Building C object CMakeFiles/app.dir/mnt/host/source/src/platform/ec/build/zephyr/ptlrvp_mchp/modules/ec/common/mkbp_fifo.c.obj
[ptlrvp_mchp:rw] [70/382] Building C object CMakeFiles/app.dir/mnt/host/source/src/platform/ec/build/zephyr/ptlrvp_mchp/modules/ec/common/extpower_gpio.c.obj
[/mnt/host/source/src/platform/ec/build/zephyr/telith-lcov]   /mnt/host/source/src/platform/ec/build/zephyr/telith/build-rw/zephyr/CMakeFiles/zephyr.dir/lib/libc/validate_libc.c.gcno:no functions found
[/mnt/host/source/src/platform/ec/build/zephyr/telith-lcov] stderr:
[fatcatrvp-npcx:rw] [103/386] Building C object CMakeFiles/app.dir/mnt/host/source/src/platform/ec/build/zephyr/fatcatrvp-npcx/modules/ec/common/vboot/efs2.c.obj
[fatcatrvp-npcx:rw] [104/386] Building C object CMakeFiles/app.dir/mnt/host/source/src/platform/ec/build/zephyr/fatcatrvp-npcx/modules/ec/common/vstore.c.obj
[it82002_evb:singleimage] [146/242] Building C object zephyr/lib/posix/c_lib_ext/CMakeFiles/lib__posix__c_lib_ext.dir/getentropy.c.obj
[fatcatrvp-npcx:rw] [105/386] Building C object CMakeFiles/app.dir/mnt/host/source/src/platform/ec/build/zephyr/fatcatrvp-npcx/modules/ec/common/math_util.c.obj
[ptlrvp_mchp:ro] [83/382] Building C object CMakeFiles/app.dir/mnt/host/source/src/platform/ec/build/zephyr/ptlrvp_mchp/modules/ec/common/mkbp_info.c.obj
[it82002_evb:singleimage] [147/242] Building C object zephyr/lib/posix/c_lib_ext/CMakeFiles/lib__posix__c_lib_ext.dir/getopt_shim.c.obj
[it82002_evb:singleimage] [148/242] Building C object zephyr/subsys/crc/CMakeFiles/subsys__crc.dir/crc4_sw.c.obj
[it82002_evb:singleimage] [149/242] Linking C static library zephyr/lib/posix/c_lib_ext/liblib__posix__c_lib_ext.a
[kaladin:ro] [88/398] Building C object CMakeFiles/app.dir/mnt/host/source/src/platform/ec/build/zephyr/kaladin/modules/ec/common/battery_fuel_gauge.c.obj
[it82002_evb:singleimage] [150/242] Building C object zephyr/subsys/crc/CMakeFiles/subsys__crc.dir/crc8_sw.c.obj
[kaladin:ro] [89/398] Building C object CMakeFiles/app.dir/mnt/host/source/src/platform/ec/build/zephyr/kaladin/modules/ec/common/battery.c.obj
[ptlrvp_mchp:rw] [71/382] Building C object CMakeFiles/app.dir/mnt/host/source/src/platform/ec/build/zephyr/ptlrvp_mchp/modules/ec/common/fan.c.obj
[it82002_evb:singleimage] [151/242] Building C object zephyr/subsys/crc/CMakeFiles/subsys__crc.dir/crc16_sw.c.obj
[it82002_evb:singleimage] [152/242] Building C object zephyr/subsys/crc/CMakeFiles/subsys__crc.dir/crc7_sw.c.obj
[it82002_evb:singleimage] [153/242] Building C object zephyr/subsys/crc/CMakeFiles/subsys__crc.dir/crc24_sw.c.obj
[it82002_evb:singleimage] [154/242] Building C object zephyr/subsys/crc/CMakeFiles/subsys__crc.dir/crc32c_sw.c.obj
[ptlrvp_mchp:ro] [84/382] Building C object CMakeFiles/app.dir/mnt/host/source/src/platform/ec/build/zephyr/ptlrvp_mchp/modules/ec/common/mkbp_input_devices.c.obj
[it82002_evb:singleimage] [155/242] Building C object zephyr/subsys/crc/CMakeFiles/subsys__crc.dir/crc32_sw.c.obj
[kaladin:rw] [93/398] Building C object CMakeFiles/app.dir/mnt/host/source/src/platform/ec/build/zephyr/kaladin/modules/ec/common/charge_state.c.obj
[kaladin:ro] [90/398] Building C object CMakeFiles/app.dir/mnt/host/source/src/platform/ec/build/zephyr/kaladin/modules/ec/driver/battery/smart.c.obj
[ptlrvp_mchp:rw] [72/382] Building C object CMakeFiles/app.dir/mnt/host/source/src/platform/ec/build/zephyr/ptlrvp_mchp/modules/ec/common/flash.c.obj
[fatcatrvp-npcx:rw] [106/386] Building C object CMakeFiles/app.dir/mnt/host/source/src/platform/ec/zephyr/program/intelrvp/ptlrvp/src/board_power.c.obj
[fatcatrvp-npcx:rw] [107/386] Building C object CMakeFiles/app.dir/mnt/host/source/src/platform/ec/build/zephyr/fatcatrvp-npcx/modules/ec/driver/led/max695x.c.obj
[it82002_evb:singleimage] [156/242] Building C object zephyr/subsys/crc/CMakeFiles/subsys__crc.dir/crc32k_4_2_sw.c.obj
[/mnt/host/source/src/platform/ec/build/zephyr/telith-lcov]   /mnt/host/source/src/platform/ec/build/zephyr/telith/build-rw/zephyr/CMakeFiles/zephyr.dir/lib/utils/last_section_id.c.gcno:no functions found
[/mnt/host/source/src/platform/ec/build/zephyr/telith-lcov] stderr:
[it82002_evb:singleimage] [157/242] Linking C static library zephyr/subsys/crc/libsubsys__crc.a
[ptlrvp_mchp:ro] [85/382] Building C object CMakeFiles/app.dir/mnt/host/source/src/platform/ec/build/zephyr/ptlrvp_mchp/modules/ec/common/led_common.c.obj
[fatcatrvp-npcx:rw] [108/386] Building C object CMakeFiles/app.dir/mnt/host/source/src/platform/ec/zephyr/program/intelrvp/src/dc_jack.c.obj
[kaladin:rw] [94/398] Building C object CMakeFiles/app.dir/mnt/host/source/src/platform/ec/build/zephyr/kaladin/modules/ec/common/charge_manager.c.obj
[ptlrvp_mchp:rw] [73/382] Building C object CMakeFiles/app.dir/mnt/host/source/src/platform/ec/build/zephyr/ptlrvp_mchp/modules/ec/common/host_command.c.obj
[it82002_evb:singleimage] [158/242] Building C object zephyr/drivers/interrupt_controller/CMakeFiles/drivers__interrupt_controller.dir/intc_ite_it8xxx2_v2.c.obj
[kaladin:ro] [91/398] Building C object CMakeFiles/app.dir/mnt/host/source/src/platform/ec/build/zephyr/kaladin/modules/ec/driver/charger/isl95522.c.obj
[fatcatrvp-npcx:rw] [109/386] Building C object zephyr/CMakeFiles/zephyr.dir/lib/libc/validate_libc.c.obj
[it82002_evb:singleimage] [159/242] Building C object zephyr/drivers/interrupt_controller/CMakeFiles/drivers__interrupt_controller.dir/wuc_ite_it8xxx2.c.obj
[ptlrvp_mchp:ro] [86/382] Building C object CMakeFiles/app.dir/mnt/host/source/src/platform/ec/build/zephyr/ptlrvp_mchp/modules/ec/common/lid_switch.c.obj
[it82002_evb:singleimage] [160/242] Linking C static library zephyr/drivers/interrupt_controller/libdrivers__interrupt_controller.a
[/mnt/host/source/src/platform/ec/build/zephyr/nereid-lcov]   /mnt/host/source/src/platform/ec/build/zephyr/nereid/build-ro/zephyr/CMakeFiles/zephyr.dir/soc/ite/ec/it8xxx2/check_regs.c.gcno:no functions found
[/mnt/host/source/src/platform/ec/build/zephyr/nereid-lcov] stderr:
[kaladin:rw] [95/398] Building C object CMakeFiles/app.dir/mnt/host/source/src/platform/ec/build/zephyr/kaladin/modules/ec/common/cbi_common.c.obj
[fatcatrvp-npcx:rw] [110/386] Building C object CMakeFiles/app.dir/mnt/host/source/src/platform/ec/zephyr/program/intelrvp/src/kbd_strauss.c.obj
[fatcatrvp-npcx:rw] [111/386] Building C object zephyr/CMakeFiles/zephyr.dir/lib/heap/heap.c.obj
[ptlrvp_mchp:rw] [74/382] Building C object CMakeFiles/app.dir/mnt/host/source/src/platform/ec/build/zephyr/ptlrvp_mchp/modules/ec/common/host_command_task.c.obj
[ptlrvp_mchp:ro] [87/382] Building C object CMakeFiles/app.dir/mnt/host/source/src/platform/ec/build/zephyr/ptlrvp_mchp/modules/ec/common/mkbp_event.c.obj
[fatcatrvp-npcx:rw] [112/386] Linking C static library app/libapp.a
[it82002_evb:singleimage] [161/242] Building C object zephyr/drivers/bbram/CMakeFiles/drivers__bbram.dir/bbram_it8xxx2.c.obj
[it82002_evb:singleimage] [162/242] Linking C static library zephyr/drivers/bbram/libdrivers__bbram.a
[kaladin:ro] [92/398] Building C object CMakeFiles/app.dir/mnt/host/source/src/platform/ec/build/zephyr/kaladin/modules/ec/common/charger.c.obj
[it82002_evb:singleimage] [163/242] Building C object zephyr/drivers/console/CMakeFiles/drivers__console.dir/uart_console.c.obj
[it82002_evb:singleimage] [164/242] Linking C static library zephyr/drivers/console/libdrivers__console.a
[ptlrvp_mchp:rw] [75/382] Building C object CMakeFiles/app.dir/mnt/host/source/src/platform/ec/build/zephyr/ptlrvp_mchp/modules/ec/common/host_event_commands.c.obj
[kaladin:rw] [96/398] Building C object CMakeFiles/app.dir/mnt/host/source/src/platform/ec/build/zephyr/kaladin/modules/ec/common/cbi_config.c.obj
[fatcatrvp-npcx:rw] [113/386] Building C object zephyr/CMakeFiles/zephyr.dir/lib/os/cbprintf_packaged.c.obj
[fatcatrvp-npcx:rw] [114/386] Building C object zephyr/CMakeFiles/zephyr.dir/lib/os/clock.c.obj
[ptlrvp_mchp:ro] [88/382] Building C object CMakeFiles/app.dir/mnt/host/source/src/platform/ec/build/zephyr/ptlrvp_mchp/modules/ec/common/port80.c.obj
[it82002_evb:singleimage] [165/242] Building C object zephyr/drivers/flash/CMakeFiles/drivers__flash.dir/flash_ite_it8xxx2.c.obj
[fatcatrvp-npcx:rw] [115/386] Building C object zephyr/CMakeFiles/zephyr.dir/lib/os/printk.c.obj
[it82002_evb:singleimage] [166/242] Linking C static library zephyr/drivers/flash/libdrivers__flash.a
[ptlrvp_mchp:rw] [76/382] Building C object CMakeFiles/app.dir/mnt/host/source/src/platform/ec/build/zephyr/ptlrvp_mchp/modules/ec/common/uart_hostcmd.c.obj
[ptlrvp_mchp:ro] [89/382] Building C object CMakeFiles/app.dir/mnt/host/source/src/platform/ec/build/zephyr/ptlrvp_mchp/modules/ec/common/power_button.c.obj
[kaladin:rw] [97/398] Building C object CMakeFiles/app.dir/mnt/host/source/src/platform/ec/build/zephyr/kaladin/modules/ec/common/cbi.c.obj
[kaladin:ro] [93/398] Building C object CMakeFiles/app.dir/mnt/host/source/src/platform/ec/build/zephyr/kaladin/modules/ec/common/cbi_common.c.obj
[kaladin:ro] [94/398] Building C object CMakeFiles/app.dir/mnt/host/source/src/platform/ec/build/zephyr/kaladin/modules/ec/common/charge_manager.c.obj
[fatcatrvp-npcx:rw] [116/386] Building C object zephyr/CMakeFiles/zephyr.dir/lib/os/sem.c.obj
[fatcatrvp-npcx:rw] [117/386] Building C object zephyr/CMakeFiles/zephyr.dir/lib/os/thread_entry.c.obj
[kaladin:ro] [95/398] Building C object CMakeFiles/app.dir/mnt/host/source/src/platform/ec/build/zephyr/kaladin/modules/ec/common/charge_state.c.obj
[fatcatrvp-npcx:rw] [118/386] Building C object zephyr/CMakeFiles/zephyr.dir/lib/os/cbprintf_nano.c.obj
[it82002_evb:singleimage] [167/242] Building C object zephyr/drivers/i2c/CMakeFiles/drivers__i2c.dir/i2c_common.c.obj
[ptlrvp_mchp:rw] [77/382] Building C object CMakeFiles/app.dir/mnt/host/source/src/platform/ec/build/zephyr/ptlrvp_mchp/modules/ec/common/uptime.c.obj
[fatcatrvp-npcx:rw] [119/386] Building C object zephyr/CMakeFiles/zephyr.dir/lib/utils/dec.c.obj
[ptlrvp_mchp:ro] [90/382] Building C object CMakeFiles/app.dir/mnt/host/source/src/platform/ec/build/zephyr/ptlrvp_mchp/modules/ec/power/hibernate.c.obj
[kaladin:rw] [98/398] Building C object CMakeFiles/app.dir/mnt/host/source/src/platform/ec/build/zephyr/kaladin/modules/ec/common/memory_commands.c.obj
[it82002_evb:singleimage] [168/242] Building C object zephyr/drivers/gpio/CMakeFiles/drivers__gpio.dir/gpio_ite_it8xxx2_v2.c.obj
[it82002_evb:singleimage] [169/242] Linking C static library zephyr/drivers/gpio/libdrivers__gpio.a
[fatcatrvp-npcx:rw] [120/386] Building C object zephyr/CMakeFiles/zephyr.dir/lib/utils/hex.c.obj
[ptlrvp_mchp:rw] [78/382] Building C object CMakeFiles/app.dir/mnt/host/source/src/platform/ec/build/zephyr/ptlrvp_mchp/modules/ec/common/i2c_controller.c.obj
[fatcatrvp-npcx:rw] [121/386] Building C object zephyr/CMakeFiles/zephyr.dir/lib/os/cbprintf.c.obj
[ptlrvp_mchp:ro] [91/382] Building C object CMakeFiles/app.dir/mnt/host/source/src/platform/ec/build/zephyr/ptlrvp_mchp/modules/ec/common/panic_output.c.obj
[fatcatrvp-npcx:rw] [122/386] Building C object zephyr/CMakeFiles/zephyr.dir/lib/os/assert.c.obj
[kaladin:ro] [96/398] Building C object CMakeFiles/app.dir/mnt/host/source/src/platform/ec/build/zephyr/kaladin/modules/ec/common/cbi_config.c.obj
[kaladin:rw] [99/398] Building C object CMakeFiles/app.dir/mnt/host/source/src/platform/ec/build/zephyr/kaladin/modules/ec/common/dptf.c.obj
[it82002_evb:singleimage] [170/242] Building C object zephyr/drivers/i2c/CMakeFiles/drivers__i2c.dir/i2c_bitbang.c.obj
[fatcatrvp-npcx:rw] [123/386] Building C object zephyr/CMakeFiles/zephyr.dir/lib/utils/timeutil.c.obj
[ptlrvp_mchp:rw] [79/382] Building C object CMakeFiles/app.dir/mnt/host/source/src/platform/ec/build/zephyr/ptlrvp_mchp/modules/ec/common/i2c_passthru.c.obj
[it82002_evb:singleimage] [171/242] Building C object zephyr/drivers/i2c/CMakeFiles/drivers__i2c.dir/i2c_shell.c.obj
[kaladin:rw] [100/398] Building C object CMakeFiles/app.dir/mnt/host/source/src/platform/ec/build/zephyr/kaladin/modules/ec/common/ap_reset_log.c.obj
[fatcatrvp-npcx:rw] [124/386] Building C object zephyr/CMakeFiles/zephyr.dir/lib/utils/rb.c.obj
[fatcatrvp-npcx:rw] [125/386] Building C object zephyr/CMakeFiles/zephyr.dir/lib/utils/bitmask.c.obj
[kaladin:ro] [97/398] Building C object CMakeFiles/app.dir/mnt/host/source/src/platform/ec/build/zephyr/kaladin/modules/ec/common/memory_commands.c.obj
[ptlrvp_mchp:ro] [92/382] Building C object CMakeFiles/app.dir/mnt/host/source/src/platform/ec/build/zephyr/ptlrvp_mchp/modules/ec/common/shared_mem.c.obj
[kaladin:ro] [98/398] Building C object CMakeFiles/app.dir/mnt/host/source/src/platform/ec/build/zephyr/kaladin/modules/ec/common/cbi.c.obj
[fatcatrvp-npcx:rw] [126/386] Building C object zephyr/CMakeFiles/zephyr.dir/lib/utils/bitarray.c.obj
[ptlrvp_mchp:rw] [80/382] Building C object CMakeFiles/app.dir/mnt/host/source/src/platform/ec/build/zephyr/ptlrvp_mchp/modules/ec/common/keyboard_8042.c.obj
[it82002_evb:singleimage] [172/242] Building C object zephyr/drivers/pinctrl/CMakeFiles/drivers__pinctrl.dir/common.c.obj
[ptlrvp_mchp:ro] [93/382] Building C object CMakeFiles/app.dir/mnt/host/source/src/platform/ec/build/zephyr/ptlrvp_mchp/modules/ec/common/switch.c.obj
[kaladin:rw] [101/398] Building C object CMakeFiles/app.dir/mnt/host/source/src/platform/ec/build/zephyr/kaladin/modules/ec/common/espi.c.obj
[it82002_evb:singleimage] [173/242] Building C object zephyr/drivers/i2c/CMakeFiles/drivers__i2c.dir/i2c_ite_enhance.c.obj
[it82002_evb:singleimage] [174/242] Linking C static library zephyr/drivers/i2c/libdrivers__i2c.a
[fatcatrvp-npcx:rw] [127/386] Building C object zephyr/CMakeFiles/zephyr.dir/lib/utils/ring_buffer.c.obj
[fatcatrvp-npcx:rw] [128/386] Building C object zephyr/CMakeFiles/zephyr.dir/lib/utils/last_section_id.c.obj
[kaladin:ro] [99/398] Building C object CMakeFiles/app.dir/mnt/host/source/src/platform/ec/build/zephyr/kaladin/modules/ec/common/dptf.c.obj
[fatcatrvp-npcx:rw] [129/386] Building C object zephyr/CMakeFiles/zephyr.dir/lib/utils/getopt/getopt_common.c.obj
[ptlrvp_mchp:rw] [81/382] Building C object CMakeFiles/app.dir/mnt/host/source/src/platform/ec/build/zephyr/ptlrvp_mchp/modules/ec/common/keyboard_8042_sharedlib.c.obj
[fatcatrvp-npcx:rw] [130/386] Building C object zephyr/CMakeFiles/zephyr.dir/lib/utils/getopt/getopt.c.obj
[kaladin:rw] [102/398] Building C object CMakeFiles/app.dir/mnt/host/source/src/platform/ec/build/zephyr/kaladin/modules/ec/common/extpower_common.c.obj
[kaladin:ro] [100/398] Building C object CMakeFiles/app.dir/mnt/host/source/src/platform/ec/build/zephyr/kaladin/modules/ec/common/ap_reset_log.c.obj
[fatcatrvp-npcx:rw] [131/386] Building C object zephyr/CMakeFiles/zephyr.dir/misc/generated/configs.c.obj
[kaladin:ro] [101/398] Building C object CMakeFiles/app.dir/mnt/host/source/src/platform/ec/build/zephyr/kaladin/modules/ec/common/espi.c.obj
[ptlrvp_mchp:ro] [94/382] Building C object CMakeFiles/app.dir/mnt/host/source/src/platform/ec/build/zephyr/ptlrvp_mchp/modules/ec/common/spi_flash_reg.c.obj
[it82002_evb:singleimage] [175/242] Building C object zephyr/drivers/serial/CMakeFiles/drivers__serial.dir/uart_ite_it8xxx2.c.obj
[it82002_evb:singleimage] [176/242] Building C object zephyr/drivers/pinctrl/CMakeFiles/drivers__pinctrl.dir/pinctrl_ite_it8xxx2.c.obj
[ptlrvp_mchp:ro] [95/382] Building C object CMakeFiles/app.dir/mnt/host/source/src/platform/ec/build/zephyr/ptlrvp_mchp/modules/ec/common/tablet_mode.c.obj
[it82002_evb:singleimage] [177/242] Linking C static library zephyr/drivers/pinctrl/libdrivers__pinctrl.a
[ptlrvp_mchp:rw] [82/382] Building C object CMakeFiles/app.dir/mnt/host/source/src/platform/ec/build/zephyr/ptlrvp_mchp/modules/ec/common/mkbp_fifo.c.obj
[kaladin:rw] [103/398] Building C object CMakeFiles/app.dir/mnt/host/source/src/platform/ec/build/zephyr/kaladin/modules/ec/common/extpower_gpio.c.obj
[fatcatrvp-npcx:rw] [132/386] Building C object zephyr/CMakeFiles/zephyr.dir/soc/nuvoton/npcx/common/scfg.c.obj
[fatcatrvp-npcx:rw] [133/386] Building C object zephyr/CMakeFiles/zephyr.dir/soc/nuvoton/npcx/common/power.c.obj
[fatcatrvp-npcx:rw] [134/386] Building C object zephyr/CMakeFiles/zephyr.dir/soc/nuvoton/npcx/common/npcxn/registers.c.obj
[kaladin:ro] [102/398] Building C object CMakeFiles/app.dir/mnt/host/source/src/platform/ec/build/zephyr/kaladin/modules/ec/common/extpower_common.c.obj
[ptlrvp_mchp:rw] [83/382] Building C object CMakeFiles/app.dir/mnt/host/source/src/platform/ec/build/zephyr/ptlrvp_mchp/modules/ec/common/mkbp_info.c.obj
[it82002_evb:singleimage] [178/242] Building C object zephyr/drivers/timer/CMakeFiles/drivers__timer.dir/sys_clock_init.c.obj
[kaladin:ro] [103/398] Building C object CMakeFiles/app.dir/mnt/host/source/src/platform/ec/build/zephyr/kaladin/modules/ec/common/extpower_gpio.c.obj
[it82002_evb:singleimage] [179/242] Building C object zephyr/drivers/serial/CMakeFiles/drivers__serial.dir/uart_ns16550.c.obj
[it82002_evb:singleimage] [180/242] Linking C static library zephyr/drivers/serial/libdrivers__serial.a
[ptlrvp_mchp:ro] [96/382] Building C object CMakeFiles/app.dir/mnt/host/source/src/platform/ec/build/zephyr/ptlrvp_mchp/modules/ec/common/thermal.c.obj
[ptlrvp_mchp:ro] [97/382] Building C object CMakeFiles/app.dir/mnt/host/source/src/platform/ec/build/zephyr/ptlrvp_mchp/modules/ec/common/temp_sensor.c.obj
[fatcatrvp-npcx:rw] [135/386] Building C object zephyr/CMakeFiles/zephyr.dir/subsys/logging/log_minimal.c.obj
[ptlrvp_mchp:rw] [84/382] Building C object CMakeFiles/app.dir/mnt/host/source/src/platform/ec/build/zephyr/ptlrvp_mchp/modules/ec/common/mkbp_input_devices.c.obj
[it82002_evb:singleimage] [181/242] Building C object zephyr/drivers/timer/CMakeFiles/drivers__timer.dir/ite_it8xxx2_timer.c.obj
[kaladin:rw] [104/398] Building C object CMakeFiles/app.dir/mnt/host/source/src/platform/ec/build/zephyr/kaladin/modules/ec/common/fan.c.obj
[fatcatrvp-npcx:rw] [136/386] Building C object zephyr/CMakeFiles/zephyr.dir/subsys/mem_mgmt/mem_attr.c.obj
[it82002_evb:singleimage] [182/242] Linking C static library zephyr/drivers/timer/libdrivers__timer.a
[/mnt/host/source/src/platform/ec/build/zephyr/nereid-lcov]   /mnt/host/source/src/platform/ec/build/zephyr/nereid/build-ro/zephyr/drivers/sensor/CMakeFiles/drivers__sensor.dir/mnt/host/source/src/third_party/zephyr/main/misc/empty_file.c.gcno:no functions found
[/mnt/host/source/src/platform/ec/build/zephyr/nereid-lcov] stderr:
[fatcatrvp-npcx:rw] [137/386] Building C object zephyr/CMakeFiles/zephyr.dir/soc/nuvoton/npcx/npcx9/soc.c.obj
[kaladin:ro] [104/398] Building C object CMakeFiles/app.dir/mnt/host/source/src/platform/ec/build/zephyr/kaladin/modules/ec/common/fan.c.obj
[/mnt/host/source/src/platform/ec/build/zephyr/nereid-lcov]   /mnt/host/source/src/platform/ec/build/zephyr/nereid/build-rw/modules/ec/zephyr/CMakeFiles/ec_shim.dir/shim/src/thermal.c.gcno:no functions found
[/mnt/host/source/src/platform/ec/build/zephyr/nereid-lcov] stderr:
[ptlrvp_mchp:rw] [85/382] Building C object CMakeFiles/app.dir/mnt/host/source/src/platform/ec/build/zephyr/ptlrvp_mchp/modules/ec/common/led_common.c.obj
[it82002_evb:singleimage] [183/242] Building C object zephyr/drivers/watchdog/CMakeFiles/drivers__watchdog.dir/wdt_ite_it8xxx2.c.obj
[kaladin:ro] [105/398] Building C object CMakeFiles/app.dir/mnt/host/source/src/platform/ec/build/zephyr/kaladin/modules/ec/common/host_command.c.obj
[fatcatrvp-npcx:rw] [138/386] Building C object zephyr/CMakeFiles/zephyr.dir/subsys/pm/state.c.obj
[kaladin:rw] [105/398] Building C object CMakeFiles/app.dir/mnt/host/source/src/platform/ec/build/zephyr/kaladin/modules/ec/common/flash.c.obj
[/mnt/host/source/src/platform/ec/build/zephyr/nereid-lcov]   /mnt/host/source/src/platform/ec/build/zephyr/nereid/build-rw/modules/ec/zephyr/CMakeFiles/ec_shim.dir/shim/src/battery.c.gcno:no functions found
[/mnt/host/source/src/platform/ec/build/zephyr/nereid-lcov] stderr:
[ptlrvp_mchp:ro] [98/382] Building C object CMakeFiles/app.dir/mnt/host/source/src/platform/ec/build/zephyr/ptlrvp_mchp/modules/ec/driver/temp_sensor/thermistor.c.obj
[it82002_evb:singleimage] [184/242] Building C object zephyr/drivers/watchdog/CMakeFiles/drivers__watchdog.dir/wdt_shell.c.obj
[ptlrvp_mchp:ro] [99/382] Building C object CMakeFiles/app.dir/mnt/host/source/src/platform/ec/build/zephyr/ptlrvp_mchp/modules/ec/common/timer.c.obj
[it82002_evb:singleimage] [185/242] Linking C static library zephyr/drivers/watchdog/libdrivers__watchdog.a
[fatcatrvp-npcx:rw] [139/386] Building C object zephyr/CMakeFiles/zephyr.dir/subsys/pm/pm.c.obj
[/mnt/host/source/src/platform/ec/build/zephyr/nereid-lcov]   /mnt/host/source/src/platform/ec/build/zephyr/nereid/build-rw/modules/ec/zephyr/CMakeFiles/ec_shim.dir/shim/src/charger.c.gcno:no functions found
[/mnt/host/source/src/platform/ec/build/zephyr/nereid-lcov] stderr:
[fatcatrvp-npcx:rw] [140/386] Building C object zephyr/CMakeFiles/zephyr.dir/subsys/pm/policy/policy_events.c.obj
[ptlrvp_mchp:rw] [86/382] Building C object CMakeFiles/app.dir/mnt/host/source/src/platform/ec/build/zephyr/ptlrvp_mchp/modules/ec/common/lid_switch.c.obj
[kaladin:ro] [106/398] Building C object CMakeFiles/app.dir/mnt/host/source/src/platform/ec/build/zephyr/kaladin/modules/ec/common/flash.c.obj
[ptlrvp_mchp:rw] [87/382] Building C object CMakeFiles/app.dir/mnt/host/source/src/platform/ec/build/zephyr/ptlrvp_mchp/modules/ec/common/mkbp_event.c.obj
[kaladin:rw] [106/398] Building C object CMakeFiles/app.dir/mnt/host/source/src/platform/ec/build/zephyr/kaladin/modules/ec/common/host_command.c.obj
[it82002_evb:singleimage] [186/242] Building C object modules/ec/zephyr/CMakeFiles/ec_shim.dir/app/ec/ec_app_main.c.obj
[fatcatrvp-npcx:rw] [141/386] Building C object zephyr/CMakeFiles/zephyr.dir/subsys/pm/policy/policy_latency.c.obj
[kaladin:ro] [107/398] Building C object CMakeFiles/app.dir/mnt/host/source/src/platform/ec/build/zephyr/kaladin/modules/ec/common/host_command_task.c.obj
[it82002_evb:singleimage] [187/242] Building C object modules/ec/zephyr/CMakeFiles/ec_shim.dir/app/ec/main_shim.c.obj
[fatcatrvp-npcx:rw] [142/386] Building C object zephyr/CMakeFiles/zephyr.dir/subsys/pm/policy/policy_state_lock.c.obj
[/mnt/host/source/src/platform/ec/build/zephyr/nereid-lcov]   /mnt/host/source/src/platform/ec/build/zephyr/nereid/build-rw/modules/ec/zephyr/CMakeFiles/ec_shim.dir/shim/src/usb_muxes.c.gcno:no functions found
[/mnt/host/source/src/platform/ec/build/zephyr/nereid-lcov] stderr:
[kaladin:ro] [108/398] Building C object CMakeFiles/app.dir/mnt/host/source/src/platform/ec/build/zephyr/kaladin/modules/ec/common/uart_hostcmd.c.obj
[ptlrvp_mchp:ro] [100/382] Building C object CMakeFiles/app.dir/mnt/host/source/src/platform/ec/build/zephyr/ptlrvp_mchp/modules/ec/common/usbc_utils.c.obj
[fatcatrvp-npcx:rw] [143/386] Building C object zephyr/CMakeFiles/zephyr.dir/subsys/pm/device.c.obj
[ptlrvp_mchp:ro] [101/382] Building C object CMakeFiles/app.dir/mnt/host/source/src/platform/ec/build/zephyr/ptlrvp_mchp/modules/ec/common/usb_common.c.obj
[kaladin:rw] [107/398] Building C object CMakeFiles/app.dir/mnt/host/source/src/platform/ec/build/zephyr/kaladin/modules/ec/common/host_command_task.c.obj
[kaladin:ro] [109/398] Building C object CMakeFiles/app.dir/mnt/host/source/src/platform/ec/build/zephyr/kaladin/modules/ec/common/host_event_commands.c.obj
[ptlrvp_mchp:rw] [88/382] Building C object CMakeFiles/app.dir/mnt/host/source/src/platform/ec/build/zephyr/ptlrvp_mchp/modules/ec/common/port80.c.obj
[it82002_evb:singleimage] [188/242] Building C object modules/ec/zephyr/CMakeFiles/ec_shim.dir/drivers/cros_flash/cros_flash_it8xxx2.c.obj
[it82002_evb:singleimage] [189/242] Building C object modules/ec/zephyr/CMakeFiles/ec_shim.dir/drivers/cros_system/cros_system_it8xxx2.c.obj
[fatcatrvp-npcx:rw] [144/386] Building C object zephyr/CMakeFiles/zephyr.dir/subsys/pm/device_runtime.c.obj
[ptlrvp_mchp:rw] [89/382] Building C object CMakeFiles/app.dir/mnt/host/source/src/platform/ec/build/zephyr/ptlrvp_mchp/modules/ec/common/power_button.c.obj
[kaladin:ro] [110/398] Building C object CMakeFiles/app.dir/mnt/host/source/src/platform/ec/build/zephyr/kaladin/modules/ec/common/uptime.c.obj
[fatcatrvp-npcx:rw] [145/386] Building C object zephyr/CMakeFiles/zephyr.dir/subsys/testsuite/coverage/coverage.c.obj
[fatcatrvp-npcx:rw] [146/386] Building C object zephyr/CMakeFiles/zephyr.dir/subsys/tracing/tracing_none.c.obj
[kaladin:rw] [108/398] Building C object CMakeFiles/app.dir/mnt/host/source/src/platform/ec/build/zephyr/kaladin/modules/ec/common/host_event_commands.c.obj
[kaladin:rw] [109/398] Building C object CMakeFiles/app.dir/mnt/host/source/src/platform/ec/build/zephyr/kaladin/modules/ec/common/uart_hostcmd.c.obj
[ptlrvp_mchp:ro] [102/382] Building C object CMakeFiles/app.dir/mnt/host/source/src/platform/ec/build/zephyr/ptlrvp_mchp/modules/ec/common/chargen.c.obj
[it82002_evb:singleimage] [190/242] Building C object modules/ec/zephyr/CMakeFiles/ec_shim.dir/shim/chip/it8xxx2/clock.c.obj
[it82002_evb:singleimage] [191/242] Building C object modules/ec/zephyr/CMakeFiles/ec_shim.dir/shim/chip/it8xxx2/gpio.c.obj
[kaladin:ro] [111/398] Building C object CMakeFiles/app.dir/mnt/host/source/src/platform/ec/build/zephyr/kaladin/modules/ec/common/i2c_passthru.c.obj
[kaladin:ro] [112/398] Building C object CMakeFiles/app.dir/mnt/host/source/src/platform/ec/build/zephyr/kaladin/modules/ec/common/i2c_controller.c.obj
[ptlrvp_mchp:ro] [103/382] Building C object CMakeFiles/app.dir/mnt/host/source/src/platform/ec/build/zephyr/ptlrvp_mchp/modules/ec/common/usb_pd_host_cmd_common.c.obj
[/mnt/host/source/src/platform/ec/build/zephyr/nereid-lcov]   /mnt/host/source/src/platform/ec/build/zephyr/nereid/build-rw/modules/ec/zephyr/CMakeFiles/ec_shim.dir/shim/src/usba.c.gcno:no functions found
[/mnt/host/source/src/platform/ec/build/zephyr/nereid-lcov] stderr:
[ptlrvp_mchp:rw] [90/382] Building C object CMakeFiles/app.dir/mnt/host/source/src/platform/ec/build/zephyr/ptlrvp_mchp/modules/ec/power/hibernate.c.obj
[fatcatrvp-npcx:rw] [147/386] Building C object zephyr/CMakeFiles/zephyr.dir/subsys/shell/modules/kernel_service/kernel_shell.c.obj
[fatcatrvp-npcx:rw] [148/386] Building C object zephyr/CMakeFiles/zephyr.dir/subsys/shell/modules/kernel_service/cycles.c.obj
[fatcatrvp-npcx:rw] [149/386] Building C object zephyr/CMakeFiles/zephyr.dir/subsys/shell/modules/kernel_service/sleep.c.obj
[ptlrvp_mchp:rw] [91/382] Building C object CMakeFiles/app.dir/mnt/host/source/src/platform/ec/build/zephyr/ptlrvp_mchp/modules/ec/common/panic_output.c.obj
[/mnt/host/source/src/platform/ec/build/zephyr/telith-lcov]   /mnt/host/source/src/platform/ec/build/zephyr/telith/build-rw/zephyr/CMakeFiles/zephyr.dir/soc/ite/ec/it8xxx2/check_regs.c.gcno:no functions found
[/mnt/host/source/src/platform/ec/build/zephyr/telith-lcov] stderr:
[kaladin:rw] [110/398] Building C object CMakeFiles/app.dir/mnt/host/source/src/platform/ec/build/zephyr/kaladin/modules/ec/common/uptime.c.obj
[it82002_evb:singleimage] [192/242] Building C object modules/ec/zephyr/CMakeFiles/ec_shim.dir/shim/chip/it8xxx2/system.c.obj
[it82002_evb:singleimage] [193/242] Building C object modules/ec/zephyr/CMakeFiles/ec_shim.dir/shim/chip/it8xxx2/power_policy.c.obj
[fatcatrvp-npcx:rw] [150/386] Building C object zephyr/CMakeFiles/zephyr.dir/subsys/shell/modules/kernel_service/uptime.c.obj
[ptlrvp_mchp:ro] [104/382] Building C object CMakeFiles/app.dir/mnt/host/source/src/platform/ec/build/zephyr/ptlrvp_mchp/modules/ec/common/vboot_hash.c.obj
[kaladin:ro] [113/398] Building C object CMakeFiles/app.dir/mnt/host/source/src/platform/ec/build/zephyr/kaladin/modules/ec/common/keyboard_8042_sharedlib.c.obj
[kaladin:rw] [111/398] Building C object CMakeFiles/app.dir/mnt/host/source/src/platform/ec/build/zephyr/kaladin/modules/ec/common/i2c_controller.c.obj
[it82002_evb:singleimage] [194/242] Building C object modules/ec/zephyr/CMakeFiles/ec_shim.dir/shim/src/crc.c.obj
[ptlrvp_mchp:ro] [105/382] Building C object CMakeFiles/app.dir/mnt/host/source/src/platform/ec/build/zephyr/ptlrvp_mchp/modules/ec/common/button.c.obj
[kaladin:ro] [114/398] Building C object CMakeFiles/app.dir/mnt/host/source/src/platform/ec/build/zephyr/kaladin/modules/ec/common/mkbp_fifo.c.obj
[ptlrvp_mchp:rw] [92/382] Building C object CMakeFiles/app.dir/mnt/host/source/src/platform/ec/build/zephyr/ptlrvp_mchp/modules/ec/common/shared_mem.c.obj
[fatcatrvp-npcx:rw] [151/386] Building C object zephyr/CMakeFiles/zephyr.dir/subsys/shell/modules/kernel_service/version.c.obj
[fatcatrvp-npcx:rw] [152/386] Building C object zephyr/CMakeFiles/zephyr.dir/subsys/shell/modules/kernel_service/thread/thread.c.obj
[ptlrvp_mchp:rw] [93/382] Building C object CMakeFiles/app.dir/mnt/host/source/src/platform/ec/build/zephyr/ptlrvp_mchp/modules/ec/common/switch.c.obj
[it82002_evb:singleimage] [195/242] Building C object modules/ec/zephyr/CMakeFiles/ec_shim.dir/shim/src/console.c.obj
[kaladin:ro] [115/398] Building C object CMakeFiles/app.dir/mnt/host/source/src/platform/ec/build/zephyr/kaladin/modules/ec/common/keyboard_8042.c.obj
[fatcatrvp-npcx:rw] [153/386] Building C object zephyr/CMakeFiles/zephyr.dir/subsys/shell/modules/kernel_service/thread/list.c.obj
[kaladin:rw] [112/398] Building C object CMakeFiles/app.dir/mnt/host/source/src/platform/ec/build/zephyr/kaladin/modules/ec/common/i2c_passthru.c.obj
[it82002_evb:singleimage] [196/242] Building C object modules/ec/zephyr/CMakeFiles/ec_shim.dir/shim/src/gpio.c.obj
[kaladin:ro] [116/398] Building C object CMakeFiles/app.dir/mnt/host/source/src/platform/ec/build/zephyr/kaladin/modules/ec/common/mkbp_info.c.obj
[ptlrvp_mchp:ro] [106/382] Building C object CMakeFiles/app.dir/mnt/host/source/src/platform/ec/build/zephyr/ptlrvp_mchp/modules/ec/common/vboot/efs2.c.obj
[kaladin:ro] [117/398] Building C object CMakeFiles/app.dir/mnt/host/source/src/platform/ec/build/zephyr/kaladin/modules/ec/common/mkbp_input_devices.c.obj
[ptlrvp_mchp:ro] [107/382] Building C object CMakeFiles/app.dir/mnt/host/source/src/platform/ec/build/zephyr/ptlrvp_mchp/modules/ec/common/vstore.c.obj
[ptlrvp_mchp:rw] [94/382] Building C object CMakeFiles/app.dir/mnt/host/source/src/platform/ec/build/zephyr/ptlrvp_mchp/modules/ec/common/spi_flash_reg.c.obj
[fatcatrvp-npcx:rw] [154/386] Building C object zephyr/CMakeFiles/zephyr.dir/subsys/shell/modules/kernel_service/thread/stacks.c.obj
[fatcatrvp-npcx:rw] [155/386] Building C object zephyr/CMakeFiles/zephyr.dir/subsys/shell/modules/kernel_service/thread/suspend.c.obj
[it82002_evb:singleimage] [197/242] Building C object modules/ec/zephyr/CMakeFiles/ec_shim.dir/shim/src/gpio_int.c.obj
[fatcatrvp-npcx:rw] [156/386] Building C object zephyr/CMakeFiles/zephyr.dir/subsys/shell/modules/kernel_service/thread/resume.c.obj
[ptlrvp_mchp:rw] [95/382] Building C object CMakeFiles/app.dir/mnt/host/source/src/platform/ec/build/zephyr/ptlrvp_mchp/modules/ec/common/tablet_mode.c.obj
[it82002_evb:singleimage] [198/242] Building C object modules/ec/zephyr/CMakeFiles/ec_shim.dir/shim/src/panic_utils.c.obj
[kaladin:rw] [113/398] Building C object CMakeFiles/app.dir/mnt/host/source/src/platform/ec/build/zephyr/kaladin/modules/ec/common/keyboard_8042_sharedlib.c.obj
[kaladin:ro] [118/398] Building C object CMakeFiles/app.dir/mnt/host/source/src/platform/ec/build/zephyr/kaladin/modules/ec/common/keyboard_backlight.c.obj
[kaladin:ro] [119/398] Building C object CMakeFiles/app.dir/mnt/host/source/src/platform/ec/build/zephyr/kaladin/modules/ec/common/led_common.c.obj
[ptlrvp_mchp:ro] [108/382] Building C object CMakeFiles/app.dir/mnt/host/source/src/platform/ec/build/zephyr/ptlrvp_mchp/modules/ec/driver/led/max695x.c.obj
[fatcatrvp-npcx:rw] [157/386] Building C object zephyr/CMakeFiles/zephyr.dir/subsys/shell/modules/kernel_service/thread/kill.c.obj
[ptlrvp_mchp:ro] [109/382] Building C object CMakeFiles/app.dir/mnt/host/source/src/platform/ec/build/zephyr/ptlrvp_mchp/modules/ec/common/math_util.c.obj
[it82002_evb:singleimage] [199/242] Building C object modules/ec/zephyr/CMakeFiles/ec_shim.dir/shim/src/pm_state.c.obj
[ptlrvp_mchp:rw] [96/382] Building C object CMakeFiles/app.dir/mnt/host/source/src/platform/ec/build/zephyr/ptlrvp_mchp/modules/ec/common/thermal.c.obj
[kaladin:ro] [120/398] Building C object CMakeFiles/app.dir/mnt/host/source/src/platform/ec/build/zephyr/kaladin/modules/ec/common/lid_switch.c.obj
[kaladin:rw] [114/398] Building C object CMakeFiles/app.dir/mnt/host/source/src/platform/ec/build/zephyr/kaladin/modules/ec/common/keyboard_8042.c.obj
[fatcatrvp-npcx:rw] [158/386] Building C object zephyr/CMakeFiles/zephyr.dir/subsys/shell/backends/shell_uart.c.obj
[fatcatrvp-npcx:rw] [159/386] Building C object zephyr/CMakeFiles/zephyr.dir/subsys/shell/shell.c.obj
[it82002_evb:singleimage] [200/242] Building C object modules/ec/zephyr/CMakeFiles/ec_shim.dir/shim/src/system.c.obj
[ptlrvp_mchp:rw] [97/382] Building C object CMakeFiles/app.dir/mnt/host/source/src/platform/ec/build/zephyr/ptlrvp_mchp/modules/ec/common/temp_sensor.c.obj
[/mnt/host/source/src/platform/ec/build/zephyr/nereid-lcov]   /mnt/host/source/src/platform/ec/build/zephyr/nereid/build-rw/modules/ec/zephyr/CMakeFiles/ec_shim.dir/shim/src/bc12.c.gcno:no functions found
[/mnt/host/source/src/platform/ec/build/zephyr/nereid-lcov] stderr:
[fatcatrvp-npcx:rw] [160/386] Building C object zephyr/CMakeFiles/zephyr.dir/subsys/shell/shell_fprintf.c.obj
[kaladin:rw] [115/398] Building C object CMakeFiles/app.dir/mnt/host/source/src/platform/ec/build/zephyr/kaladin/modules/ec/common/mkbp_fifo.c.obj
[kaladin:ro] [121/398] Building C object CMakeFiles/app.dir/mnt/host/source/src/platform/ec/build/zephyr/kaladin/modules/ec/common/mkbp_event.c.obj
[it82002_evb:singleimage] [201/242] Building C object modules/ec/zephyr/CMakeFiles/ec_shim.dir/shim/src/flash.c.obj
[ptlrvp_mchp:ro] [110/382] Building C object CMakeFiles/app.dir/src/intel_rvp_board_id.c.obj
[ptlrvp_mchp:ro] [111/382] Building C object CMakeFiles/app.dir/src/intelrvp.c.obj
[kaladin:ro] [122/398] Building C object CMakeFiles/app.dir/mnt/host/source/src/platform/ec/build/zephyr/kaladin/modules/ec/common/port80.c.obj
[ptlrvp_mchp:rw] [98/382] Building C object CMakeFiles/app.dir/mnt/host/source/src/platform/ec/build/zephyr/ptlrvp_mchp/modules/ec/driver/temp_sensor/thermistor.c.obj
[fatcatrvp-npcx:rw] [161/386] Building C object zephyr/CMakeFiles/zephyr.dir/subsys/shell/shell_utils.c.obj
[kaladin:rw] [116/398] Building C object CMakeFiles/app.dir/mnt/host/source/src/platform/ec/build/zephyr/kaladin/modules/ec/common/mkbp_info.c.obj
[kaladin:ro] [123/398] Building C object CMakeFiles/app.dir/mnt/host/source/src/platform/ec/build/zephyr/kaladin/modules/ec/common/power_button.c.obj
[fatcatrvp-npcx:rw] [162/386] Building C object zephyr/CMakeFiles/zephyr.dir/subsys/shell/shell_ops.c.obj
[it82002_evb:singleimage] [202/242] Building C object modules/ec/zephyr/CMakeFiles/ec_shim.dir/shim/src/hooks.c.obj
[it82002_evb:singleimage] [203/242] Building C object modules/ec/zephyr/CMakeFiles/ec_shim.dir/shim/src/panic.c.obj
[ptlrvp_mchp:rw] [99/382] Building C object CMakeFiles/app.dir/mnt/host/source/src/platform/ec/build/zephyr/ptlrvp_mchp/modules/ec/common/timer.c.obj
[fatcatrvp-npcx:rw] [163/386] Building C object zephyr/CMakeFiles/zephyr.dir/subsys/shell/shell_help.c.obj
[kaladin:rw] [117/398] Building C object CMakeFiles/app.dir/mnt/host/source/src/platform/ec/build/zephyr/kaladin/modules/ec/common/mkbp_input_devices.c.obj
[kaladin:ro] [124/398] Building C object CMakeFiles/app.dir/mnt/host/source/src/platform/ec/build/zephyr/kaladin/modules/ec/power/hibernate.c.obj
[ptlrvp_mchp:ro] [112/382] Building C object CMakeFiles/app.dir/ptlrvp/src/board_id.c.obj
[ptlrvp_mchp:ro] [113/382] Building C object CMakeFiles/app.dir/ptlrvp/src/board_power.c.obj
[it82002_evb:singleimage] [204/242] Building C object modules/ec/zephyr/CMakeFiles/ec_shim.dir/shim/src/hwtimer.c.obj
[fatcatrvp-npcx:rw] [164/386] Building C object zephyr/CMakeFiles/zephyr.dir/subsys/shell/shell_history.c.obj
[ptlrvp_mchp:rw] [100/382] Building C object CMakeFiles/app.dir/mnt/host/source/src/platform/ec/build/zephyr/ptlrvp_mchp/modules/ec/common/usbc_utils.c.obj
[fatcatrvp-npcx:rw] [165/386] Building C object zephyr/CMakeFiles/zephyr.dir/drivers/flash/flash_util.c.obj
[it82002_evb:singleimage] [205/242] Building C object modules/ec/zephyr/CMakeFiles/ec_shim.dir/shim/src/i2c.c.obj
[kaladin:ro] [125/398] Building C object CMakeFiles/app.dir/mnt/host/source/src/platform/ec/build/zephyr/kaladin/modules/ec/common/panic_output.c.obj
[kaladin:ro] [126/398] Building C object CMakeFiles/app.dir/mnt/host/source/src/platform/ec/build/zephyr/kaladin/modules/ec/common/shared_mem.c.obj
[fatcatrvp-npcx:rw] [166/386] Building C object zephyr/arch/common/CMakeFiles/arch__common.dir/sw_isr_common.c.obj
[fatcatrvp-npcx:rw] [167/386] Linking C static library zephyr/libzephyr.a
[kaladin:rw] [118/398] Building C object CMakeFiles/app.dir/mnt/host/source/src/platform/ec/build/zephyr/kaladin/modules/ec/common/keyboard_backlight.c.obj
[fatcatrvp-npcx:rw] [168/386] Building C object zephyr/arch/common/CMakeFiles/arch__common.dir/init.c.obj
[kaladin:rw] [119/398] Building C object CMakeFiles/app.dir/mnt/host/source/src/platform/ec/build/zephyr/kaladin/modules/ec/common/led_common.c.obj
[it82002_evb:singleimage] [206/242] Building C object modules/ec/zephyr/CMakeFiles/ec_shim.dir/shim/src/tasks.c.obj
[ptlrvp_mchp:rw] [101/382] Building C object CMakeFiles/app.dir/mnt/host/source/src/platform/ec/build/zephyr/ptlrvp_mchp/modules/ec/common/usb_common.c.obj
[ptlrvp_mchp:ro] [114/382] Building C object zephyr/CMakeFiles/zephyr.dir/lib/libc/validate_libc.c.obj
[fatcatrvp-npcx:rw] [169/386] Building C object zephyr/arch/common/CMakeFiles/isr_tables.dir/isr_tables.c.obj
[kaladin:ro] [127/398] Building C object CMakeFiles/app.dir/mnt/host/source/src/platform/ec/build/zephyr/kaladin/modules/ec/common/switch.c.obj
[fatcatrvp-npcx:rw] [170/386] Linking C static library zephyr/arch/common/libisr_tables.a
[ptlrvp_mchp:ro] [115/382] Building C object CMakeFiles/app.dir/src/dc_jack.c.obj
[ptlrvp_mchp:rw] [102/382] Building C object CMakeFiles/app.dir/mnt/host/source/src/platform/ec/build/zephyr/ptlrvp_mchp/modules/ec/common/chargen.c.obj
[it82002_evb:singleimage] [207/242] Building C object modules/ec/zephyr/CMakeFiles/ec_shim.dir/shim/src/watchdog.c.obj
[ptlrvp_mchp:ro] [116/382] Linking C static library app/libapp.a
[fatcatrvp-npcx:rw] [171/386] Building C object zephyr/arch/common/CMakeFiles/arch__common.dir/xip.c.obj
[fatcatrvp-npcx:rw] [172/386] Linking C static library zephyr/arch/common/libarch__common.a
[it82002_evb:singleimage] [208/242] Building C object modules/ec/zephyr/CMakeFiles/ec_shim.dir/shim/src/usbc_stub.c.obj
[kaladin:ro] [128/398] Building C object CMakeFiles/app.dir/mnt/host/source/src/platform/ec/build/zephyr/kaladin/modules/ec/common/tablet_mode.c.obj
[fatcatrvp-npcx:rw] [173/386] Building C object zephyr/arch/arch/arm/core/CMakeFiles/arch__arm__core.dir/fatal.c.obj
[kaladin:rw] [120/398] Building C object CMakeFiles/app.dir/mnt/host/source/src/platform/ec/build/zephyr/kaladin/modules/ec/common/lid_switch.c.obj
[it82002_evb:singleimage] [209/242] Linking C static library modules/ec/zephyr/libec_shim.a
[kaladin:ro] [129/398] Building C object CMakeFiles/app.dir/mnt/host/source/src/platform/ec/build/zephyr/kaladin/modules/ec/common/thermal.c.obj
[fatcatrvp-npcx:rw] [174/386] Building ASM object zephyr/arch/arch/arm/core/CMakeFiles/arch__arm__core.dir/nmi_on_reset.S.obj
[it82002_evb:singleimage] [210/242] Building C object zephyr/kernel/CMakeFiles/kernel.dir/main_weak.c.obj
[ptlrvp_mchp:ro] [117/382] Building C object zephyr/CMakeFiles/zephyr.dir/lib/heap/heap.c.obj
[kaladin:rw] [121/398] Building C object CMakeFiles/app.dir/mnt/host/source/src/platform/ec/build/zephyr/kaladin/modules/ec/common/mkbp_event.c.obj
[fatcatrvp-npcx:rw] [175/386] Building C object zephyr/arch/arch/arm/core/CMakeFiles/arch__arm__core.dir/nmi.c.obj
[ptlrvp_mchp:rw] [103/382] Building C object CMakeFiles/app.dir/mnt/host/source/src/platform/ec/build/zephyr/ptlrvp_mchp/modules/ec/common/usb_pd_host_cmd_common.c.obj
[fatcatrvp-npcx:rw] [176/386] Linking C static library zephyr/arch/arch/arm/core/libarch__arm__core.a
[ptlrvp_mchp:ro] [118/382] Building C object zephyr/CMakeFiles/zephyr.dir/lib/os/cbprintf_packaged.c.obj
[kaladin:ro] [130/398] Building C object CMakeFiles/app.dir/mnt/host/source/src/platform/ec/build/zephyr/kaladin/modules/ec/common/temp_sensor.c.obj
[/mnt/host/source/src/platform/ec/build/zephyr/telith-lcov]   /mnt/host/source/src/platform/ec/build/zephyr/telith/build-rw/zephyr/drivers/sensor/CMakeFiles/drivers__sensor.dir/mnt/host/source/src/third_party/zephyr/main/misc/empty_file.c.gcno:no functions found
[/mnt/host/source/src/platform/ec/build/zephyr/telith-lcov] Filter suppressions 'region':
[ptlrvp_mchp:rw] [104/382] Building C object CMakeFiles/app.dir/mnt/host/source/src/platform/ec/build/zephyr/ptlrvp_mchp/modules/ec/common/vboot_hash.c.obj
[fatcatrvp-npcx:rw] [177/386] Building ASM object zephyr/arch/arch/arm/core/cortex_m/CMakeFiles/arch__arm__core__cortex_m.dir/fault_s.S.obj
[it82002_evb:singleimage] [211/242] Building C object zephyr/kernel/CMakeFiles/kernel.dir/banner.c.obj
[/mnt/host/source/src/platform/ec/build/zephyr/telith-lcov]     39 instances
[/mnt/host/source/src/platform/ec/build/zephyr/telith-lcov]     32 coverpoints
[/mnt/host/source/src/platform/ec/build/zephyr/telith-lcov] Message summary:
[/mnt/host/source/src/platform/ec/build/zephyr/telith-lcov]   31 ignore messages:
[/mnt/host/source/src/platform/ec/build/zephyr/telith-lcov]     gcov: 31
[it82002_evb:singleimage] [212/242] Building C object zephyr/kernel/CMakeFiles/kernel.dir/busy_wait.c.obj
[fatcatrvp-npcx:rw] [178/386] Building C object zephyr/arch/arch/arm/core/cortex_m/CMakeFiles/arch__arm__core__cortex_m.dir/exc_exit.c.obj
[kaladin:ro] [131/398] Building C object CMakeFiles/app.dir/mnt/host/source/src/platform/ec/build/zephyr/kaladin/modules/ec/driver/temp_sensor/thermistor.c.obj
[ptlrvp_mchp:ro] [119/382] Building C object zephyr/CMakeFiles/zephyr.dir/lib/os/clock.c.obj
[fatcatrvp-npcx:rw] [179/386] Building C object zephyr/arch/arch/arm/core/cortex_m/CMakeFiles/arch__arm__core__cortex_m.dir/fault.c.obj
[kaladin:ro] [132/398] Building C object CMakeFiles/app.dir/mnt/host/source/src/platform/ec/build/zephyr/kaladin/modules/ec/common/throttle_ap.c.obj
[kaladin:rw] [122/398] Building C object CMakeFiles/app.dir/mnt/host/source/src/platform/ec/build/zephyr/kaladin/modules/ec/common/port80.c.obj
[it82002_evb:singleimage] [213/242] Building C object zephyr/kernel/CMakeFiles/kernel.dir/device.c.obj
[it82002_evb:singleimage] [214/242] Building C object zephyr/kernel/CMakeFiles/kernel.dir/errno.c.obj
[fatcatrvp-npcx:rw] [180/386] Building C object zephyr/arch/arch/arm/core/cortex_m/CMakeFiles/arch__arm__core__cortex_m.dir/fpu.c.obj
[it82002_evb:singleimage] [215/242] Building C object zephyr/kernel/CMakeFiles/kernel.dir/fatal.c.obj
[ptlrvp_mchp:ro] [120/382] Building C object zephyr/CMakeFiles/zephyr.dir/lib/os/printk.c.obj
[ptlrvp_mchp:rw] [105/382] Building C object CMakeFiles/app.dir/mnt/host/source/src/platform/ec/build/zephyr/ptlrvp_mchp/modules/ec/common/button.c.obj
[kaladin:rw] [123/398] Building C object CMakeFiles/app.dir/mnt/host/source/src/platform/ec/build/zephyr/kaladin/modules/ec/common/power_button.c.obj
[fatcatrvp-npcx:rw] [181/386] Building ASM object zephyr/arch/arch/arm/core/cortex_m/CMakeFiles/arch__arm__core__cortex_m.dir/reset.S.obj
[kaladin:ro] [133/398] Building C object CMakeFiles/app.dir/mnt/host/source/src/platform/ec/build/zephyr/kaladin/modules/ec/common/timer.c.obj
[ptlrvp_mchp:ro] [121/382] Building C object zephyr/CMakeFiles/zephyr.dir/lib/os/sem.c.obj
[ptlrvp_mchp:rw] [106/382] Building C object CMakeFiles/app.dir/mnt/host/source/src/platform/ec/build/zephyr/ptlrvp_mchp/modules/ec/common/vboot/efs2.c.obj
[fatcatrvp-npcx:rw] [182/386] Building C object zephyr/arch/arch/arm/core/cortex_m/CMakeFiles/arch__arm__core__cortex_m.dir/scb.c.obj
[fatcatrvp-npcx:rw] [183/386] Building ASM object zephyr/arch/arch/arm/core/cortex_m/CMakeFiles/arch__arm__core__cortex_m.dir/vector_table.S.obj
[kaladin:ro] [134/398] Building C object CMakeFiles/app.dir/mnt/host/source/src/platform/ec/build/zephyr/kaladin/modules/ec/common/usb_port_power_dumb.c.obj
[it82002_evb:singleimage] [216/242] Building C object zephyr/kernel/CMakeFiles/kernel.dir/kheap.c.obj
[it82002_evb:singleimage] [217/242] Building C object zephyr/kernel/CMakeFiles/kernel.dir/init.c.obj
[kaladin:ro] [135/398] Building C object CMakeFiles/app.dir/mnt/host/source/src/platform/ec/build/zephyr/kaladin/modules/ec/common/usbc_utils.c.obj
[it82002_evb:singleimage] [218/242] Building C object zephyr/kernel/CMakeFiles/kernel.dir/mem_slab.c.obj
[ptlrvp_mchp:ro] [122/382] Building C object zephyr/CMakeFiles/zephyr.dir/lib/os/thread_entry.c.obj
[it82002_evb:singleimage] [219/242] Building C object zephyr/kernel/CMakeFiles/kernel.dir/version.c.obj
[fatcatrvp-npcx:rw] [184/386] Building C object zephyr/arch/arch/arm/core/cortex_m/CMakeFiles/arch__arm__core__cortex_m.dir/thread_abort.c.obj
[kaladin:rw] [124/398] Building C object CMakeFiles/app.dir/mnt/host/source/src/platform/ec/build/zephyr/kaladin/modules/ec/power/hibernate.c.obj
[ptlrvp_mchp:ro] [123/382] Building C object zephyr/CMakeFiles/zephyr.dir/lib/os/cbprintf_nano.c.obj
[ptlrvp_mchp:rw] [107/382] Building C object CMakeFiles/app.dir/mnt/host/source/src/platform/ec/build/zephyr/ptlrvp_mchp/modules/ec/common/vstore.c.obj
[fatcatrvp-npcx:rw] [185/386] Building ASM object zephyr/arch/arch/arm/core/cortex_m/CMakeFiles/arch__arm__core__cortex_m.dir/swap_helper.S.obj
[it82002_evb:singleimage] [220/242] Building C object zephyr/kernel/CMakeFiles/kernel.dir/float.c.obj
[ptlrvp_mchp:rw] [108/382] Building C object CMakeFiles/app.dir/mnt/host/source/src/platform/ec/build/zephyr/ptlrvp_mchp/modules/ec/common/math_util.c.obj
[it82002_evb:singleimage] [221/242] Building C object zephyr/kernel/CMakeFiles/kernel.dir/idle.c.obj
[ptlrvp_mchp:ro] [124/382] Building C object zephyr/CMakeFiles/zephyr.dir/lib/os/cbprintf.c.obj
[fatcatrvp-npcx:rw] [186/386] Building C object zephyr/arch/arch/arm/core/cortex_m/CMakeFiles/arch__arm__core__cortex_m.dir/irq_manage.c.obj
[kaladin:rw] [125/398] Building C object CMakeFiles/app.dir/mnt/host/source/src/platform/ec/build/zephyr/kaladin/modules/ec/common/panic_output.c.obj
[kaladin:ro] [136/398] Building C object CMakeFiles/app.dir/mnt/host/source/src/platform/ec/build/zephyr/kaladin/modules/ec/common/chargen.c.obj
[ptlrvp_mchp:ro] [125/382] Building C object zephyr/CMakeFiles/zephyr.dir/lib/os/assert.c.obj
[kaladin:ro] [137/398] Building C object CMakeFiles/app.dir/mnt/host/source/src/platform/ec/build/zephyr/kaladin/modules/ec/common/usb_common.c.obj
[it82002_evb:singleimage] [222/242] Building C object zephyr/kernel/CMakeFiles/kernel.dir/mailbox.c.obj
[fatcatrvp-npcx:rw] [187/386] Building C object zephyr/arch/arch/arm/core/cortex_m/CMakeFiles/arch__arm__core__cortex_m.dir/prep_c.c.obj
[ptlrvp_mchp:ro] [126/382] Building C object zephyr/CMakeFiles/zephyr.dir/lib/utils/dec.c.obj
[kaladin:ro] [138/398] Building C object CMakeFiles/app.dir/mnt/host/source/src/platform/ec/build/zephyr/kaladin/modules/ec/common/usb_pd_host_cmd_common.c.obj
[it82002_evb:singleimage] [223/242] Building C object zephyr/kernel/CMakeFiles/kernel.dir/msg_q.c.obj
[ptlrvp_mchp:ro] [127/382] Building C object zephyr/CMakeFiles/zephyr.dir/lib/utils/hex.c.obj
[fatcatrvp-npcx:rw] [188/386] Building C object zephyr/arch/arch/arm/core/cortex_m/CMakeFiles/arch__arm__core__cortex_m.dir/thread.c.obj
[kaladin:rw] [126/398] Building C object CMakeFiles/app.dir/mnt/host/source/src/platform/ec/build/zephyr/kaladin/modules/ec/common/shared_mem.c.obj
[ptlrvp_mchp:rw] [109/382] Building C object CMakeFiles/app.dir/mnt/host/source/src/platform/ec/build/zephyr/ptlrvp_mchp/modules/ec/driver/led/max695x.c.obj
[it82002_evb:singleimage] [224/242] Building C object zephyr/kernel/CMakeFiles/kernel.dir/mutex.c.obj
[ptlrvp_mchp:ro] [128/382] Building C object zephyr/CMakeFiles/zephyr.dir/lib/utils/timeutil.c.obj
[fatcatrvp-npcx:rw] [189/386] Building C object zephyr/arch/arch/arm/core/cortex_m/CMakeFiles/arch__arm__core__cortex_m.dir/cpu_idle.c.obj
[it82002_evb:singleimage] [225/242] Building C object zephyr/kernel/CMakeFiles/kernel.dir/queue.c.obj
[fatcatrvp-npcx:rw] [190/386] Building C object zephyr/arch/arch/arm/core/cortex_m/CMakeFiles/arch__arm__core__cortex_m.dir/irq_init.c.obj
[ptlrvp_mchp:rw] [110/382] Building C object CMakeFiles/app.dir/src/intelrvp.c.obj
[kaladin:rw] [127/398] Building C object CMakeFiles/app.dir/mnt/host/source/src/platform/ec/build/zephyr/kaladin/modules/ec/common/switch.c.obj
[it82002_evb:singleimage] [226/242] Building C object zephyr/kernel/CMakeFiles/kernel.dir/sem.c.obj
[ptlrvp_mchp:ro] [129/382] Building C object zephyr/CMakeFiles/zephyr.dir/lib/utils/rb.c.obj
[kaladin:ro] [139/398] Building C object CMakeFiles/app.dir/mnt/host/source/src/platform/ec/build/zephyr/kaladin/modules/ec/common/vstore.c.obj
[ptlrvp_mchp:ro] [130/382] Building C object zephyr/CMakeFiles/zephyr.dir/lib/utils/bitmask.c.obj
[kaladin:ro] [140/398] Building C object CMakeFiles/app.dir/mnt/host/source/src/platform/ec/build/zephyr/kaladin/modules/ec/common/vboot_hash.c.obj
[fatcatrvp-npcx:rw] [191/386] Building C object zephyr/arch/arch/arm/core/cortex_m/CMakeFiles/arch__arm__core__cortex_m.dir/isr_wrapper.c.obj
[it82002_evb:singleimage] [227/242] Building C object zephyr/kernel/CMakeFiles/kernel.dir/stack.c.obj
[ptlrvp_mchp:rw] [111/382] Building C object CMakeFiles/app.dir/src/intel_rvp_board_id.c.obj
[fatcatrvp-npcx:rw] [192/386] Linking C static library zephyr/arch/arch/arm/core/cortex_m/libarch__arm__core__cortex_m.a
[it82002_evb:singleimage] [228/242] Building C object zephyr/kernel/CMakeFiles/kernel.dir/system_work_q.c.obj
[kaladin:ro] [141/398] Building C object CMakeFiles/app.dir/mnt/host/source/src/platform/ec/build/zephyr/kaladin/modules/ec/common/vboot/efs2.c.obj
[kaladin:rw] [128/398] Building C object CMakeFiles/app.dir/mnt/host/source/src/platform/ec/build/zephyr/kaladin/modules/ec/common/tablet_mode.c.obj
[ptlrvp_mchp:ro] [131/382] Building C object zephyr/CMakeFiles/zephyr.dir/lib/utils/bitarray.c.obj
[fatcatrvp-npcx:rw] [193/386] Building C object zephyr/arch/arch/arm/core/mpu/CMakeFiles/arch__arm__core__mpu.dir/arm_core_mpu.c.obj
[fatcatrvp-npcx:rw] [194/386] Generating ../../../include/generated/libc/minimal/strerror_table.h
[fatcatrvp-npcx:rw] [195/386] Building C object zephyr/lib/libc/minimal/CMakeFiles/lib__libc__minimal.dir/source/stdlib/atoi.c.obj
[fatcatrvp-npcx:rw] [196/386] Building C object zephyr/arch/arch/arm/core/mpu/CMakeFiles/arch__arm__core__mpu.dir/arm_mpu.c.obj
[it82002_evb:singleimage] [229/242] Building C object zephyr/kernel/CMakeFiles/kernel.dir/work.c.obj
[fatcatrvp-npcx:rw] [197/386] Building C object zephyr/lib/libc/minimal/CMakeFiles/lib__libc__minimal.dir/source/stdlib/strtol.c.obj
[ptlrvp_mchp:ro] [132/382] Building C object zephyr/CMakeFiles/zephyr.dir/lib/utils/getopt/getopt.c.obj
[ptlrvp_mchp:rw] [112/382] Building C object CMakeFiles/app.dir/ptlrvp/src/board_id.c.obj
[it82002_evb:singleimage] [230/242] Building C object zephyr/kernel/CMakeFiles/kernel.dir/condvar.c.obj
[kaladin:ro] [142/398] Building C object CMakeFiles/app.dir/mnt/host/source/src/platform/ec/build/zephyr/kaladin/modules/ec/common/math_util.c.obj
[fatcatrvp-npcx:rw] [198/386] Building C object zephyr/lib/libc/minimal/CMakeFiles/lib__libc__minimal.dir/source/stdlib/strtoul.c.obj
[fatcatrvp-npcx:rw] [199/386] Building C object zephyr/arch/arch/arm/core/mpu/CMakeFiles/arch__arm__core__mpu.dir/arm_mpu_regions.c.obj
[kaladin:rw] [129/398] Building C object CMakeFiles/app.dir/mnt/host/source/src/platform/ec/build/zephyr/kaladin/modules/ec/common/thermal.c.obj
[fatcatrvp-npcx:rw] [200/386] Building C object zephyr/lib/libc/minimal/CMakeFiles/lib__libc__minimal.dir/source/stdlib/strtoll.c.obj
[fatcatrvp-npcx:rw] [201/386] Linking C static library zephyr/arch/arch/arm/core/mpu/libarch__arm__core__mpu.a
[fatcatrvp-npcx:rw] [202/386] Building C object zephyr/lib/libc/minimal/CMakeFiles/lib__libc__minimal.dir/source/stdlib/strtoull.c.obj
[ptlrvp_mchp:ro] [133/382] Building C object zephyr/CMakeFiles/zephyr.dir/lib/utils/getopt/getopt_common.c.obj
[fatcatrvp-npcx:rw] [203/386] Building C object zephyr/lib/libc/minimal/CMakeFiles/lib__libc__minimal.dir/source/stdlib/bsearch.c.obj
[ptlrvp_mchp:ro] [134/382] Building C object zephyr/CMakeFiles/zephyr.dir/lib/utils/ring_buffer.c.obj
[it82002_evb:singleimage] [231/242] Building C object zephyr/kernel/CMakeFiles/kernel.dir/thread.c.obj
[kaladin:ro] [143/398] Building C object CMakeFiles/app.dir/src/board_power.c.obj
[ptlrvp_mchp:ro] [135/382] Building C object zephyr/CMakeFiles/zephyr.dir/lib/utils/last_section_id.c.obj
[ptlrvp_mchp:ro] [136/382] Building C object zephyr/CMakeFiles/zephyr.dir/misc/generated/configs.c.obj
[ptlrvp_mchp:rw] [113/382] Building C object CMakeFiles/app.dir/ptlrvp/src/board_power.c.obj
[fatcatrvp-npcx:rw] [204/386] Building C object zephyr/lib/libc/minimal/CMakeFiles/lib__libc__minimal.dir/source/stdlib/qsort.c.obj
[kaladin:rw] [130/398] Building C object CMakeFiles/app.dir/mnt/host/source/src/platform/ec/build/zephyr/kaladin/modules/ec/common/temp_sensor.c.obj
[fatcatrvp-npcx:rw] [205/386] Building C object zephyr/lib/libc/minimal/CMakeFiles/lib__libc__minimal.dir/source/string/strerror.c.obj
[kaladin:ro] [144/398] Building C object CMakeFiles/app.dir/kaladin/src/led.c.obj
[it82002_evb:singleimage] [232/242] Building C object zephyr/kernel/CMakeFiles/kernel.dir/pipe.c.obj
[fatcatrvp-npcx:rw] [206/386] Building C object zephyr/lib/libc/minimal/CMakeFiles/lib__libc__minimal.dir/source/string/strncasecmp.c.obj
[fatcatrvp-npcx:rw] [207/386] Building C object zephyr/lib/libc/minimal/CMakeFiles/lib__libc__minimal.dir/source/string/strstr.c.obj
[fatcatrvp-npcx:rw] [208/386] Building C object zephyr/lib/libc/minimal/CMakeFiles/lib__libc__minimal.dir/source/string/string.c.obj
[it82002_evb:singleimage] [233/242] Building C object zephyr/kernel/CMakeFiles/kernel.dir/spinlock_validate.c.obj
[fatcatrvp-npcx:rw] [209/386] Building C object zephyr/lib/libc/minimal/CMakeFiles/lib__libc__minimal.dir/source/string/strspn.c.obj
[fatcatrvp-npcx:rw] [210/386] Building C object zephyr/lib/libc/minimal/CMakeFiles/lib__libc__minimal.dir/source/stdlib/exit.c.obj
[ptlrvp_mchp:rw] [114/382] Building C object CMakeFiles/app.dir/src/dc_jack.c.obj
[kaladin:ro] [145/398] Building C object CMakeFiles/app.dir/kaladin/src/usbc_runtime.c.obj
[kaladin:rw] [131/398] Building C object CMakeFiles/app.dir/mnt/host/source/src/platform/ec/build/zephyr/kaladin/modules/ec/driver/temp_sensor/thermistor.c.obj
[ptlrvp_mchp:rw] [115/382] Building C object zephyr/CMakeFiles/zephyr.dir/lib/libc/validate_libc.c.obj
[ptlrvp_mchp:ro] [137/382] Building C object zephyr/CMakeFiles/zephyr.dir/soc/microchip/mec/common/soc_ecia.c.obj
[ptlrvp_mchp:ro] [138/382] Building C object zephyr/CMakeFiles/zephyr.dir/soc/microchip/mec/mec172x/soc.c.obj
[kaladin:ro] [146/398] Building C object CMakeFiles/app.dir/kaladin/src/fan.c.obj
[it82002_evb:singleimage] [234/242] Building C object zephyr/kernel/CMakeFiles/kernel.dir/thread_monitor.c.obj
[ptlrvp_mchp:rw] [116/382] Linking C static library app/libapp.a
[it82002_evb:singleimage] [235/242] Building C object zephyr/kernel/CMakeFiles/kernel.dir/sched.c.obj
[it82002_evb:singleimage] [236/242] Building C object zephyr/kernel/CMakeFiles/kernel.dir/timeout.c.obj
[kaladin:ro] [147/398] Building C object CMakeFiles/app.dir/kaladin/src/thermal.c.obj
[fatcatrvp-npcx:rw] [211/386] Building C object zephyr/lib/libc/minimal/CMakeFiles/lib__libc__minimal.dir/source/stdout/stdout_console.c.obj
[fatcatrvp-npcx:rw] [212/386] Building C object zephyr/lib/libc/minimal/CMakeFiles/lib__libc__minimal.dir/source/stdout/sprintf.c.obj
[kaladin:rw] [132/398] Building C object CMakeFiles/app.dir/mnt/host/source/src/platform/ec/build/zephyr/kaladin/modules/ec/common/throttle_ap.c.obj
[it82002_evb:singleimage] [237/242] Building C object zephyr/kernel/CMakeFiles/kernel.dir/timer.c.obj
[ptlrvp_mchp:ro] [139/382] Building C object zephyr/CMakeFiles/zephyr.dir/soc/microchip/mec/common/soc_i2c.c.obj
[fatcatrvp-npcx:rw] [213/386] Building C object zephyr/lib/libc/minimal/CMakeFiles/lib__libc__minimal.dir/source/math/sqrtf.c.obj
[fatcatrvp-npcx:rw] [214/386] Building C object zephyr/lib/libc/minimal/CMakeFiles/lib__libc__minimal.dir/source/stdout/fprintf.c.obj
[ptlrvp_mchp:rw] [117/382] Building C object zephyr/CMakeFiles/zephyr.dir/lib/heap/heap.c.obj
[ptlrvp_mchp:ro] [140/382] Building C object zephyr/CMakeFiles/zephyr.dir/subsys/logging/log_minimal.c.obj
[fatcatrvp-npcx:rw] [215/386] Building C object zephyr/lib/libc/minimal/CMakeFiles/lib__libc__minimal.dir/source/math/sqrt.c.obj
[kaladin:rw] [133/398] Building C object CMakeFiles/app.dir/mnt/host/source/src/platform/ec/build/zephyr/kaladin/modules/ec/common/timer.c.obj
[kaladin:ro] [148/398] Building C object CMakeFiles/app.dir/kaladin/src/keyboard_customization.c.obj
[it82002_evb:singleimage] [238/242] Building C object zephyr/kernel/CMakeFiles/kernel.dir/poll.c.obj
[ptlrvp_mchp:rw] [118/382] Building C object zephyr/CMakeFiles/zephyr.dir/lib/os/cbprintf_packaged.c.obj
[it82002_evb:singleimage] [239/242] Building C object zephyr/kernel/CMakeFiles/kernel.dir/events.c.obj
[fatcatrvp-npcx:rw] [216/386] Building C object zephyr/lib/libc/common/CMakeFiles/lib__libc__common.dir/source/time/asctime.c.obj
[fatcatrvp-npcx:rw] [217/386] Building C object zephyr/lib/libc/common/CMakeFiles/lib__libc__common.dir/source/time/gmtime_r.c.obj
[it82002_evb:singleimage] [240/242] Building C object zephyr/kernel/CMakeFiles/kernel.dir/mempool.c.obj
[kaladin:ro] [149/398] Building C object CMakeFiles/app.dir/kaladin/src/board.c.obj
[kaladin:ro] [150/398] Building C object CMakeFiles/app.dir/kaladin/src/charger.c.obj
[it82002_evb:singleimage] [241/242] Building C object zephyr/kernel/CMakeFiles/kernel.dir/dynamic_disabled.c.obj
[fatcatrvp-npcx:rw] [218/386] Building C object zephyr/lib/libc/common/CMakeFiles/lib__libc__common.dir/source/stdlib/abort.c.obj
[ptlrvp_mchp:ro] [141/382] Building C object zephyr/CMakeFiles/zephyr.dir/subsys/mem_mgmt/mem_attr.c.obj
[kaladin:ro] [151/398] Building C object zephyr/CMakeFiles/zephyr.dir/lib/cpp/abi/cpp_dtors.c.obj
[fatcatrvp-npcx:rw] [219/386] Building C object zephyr/lib/libc/minimal/CMakeFiles/lib__libc__minimal.dir/source/time/gmtime.c.obj
[kaladin:ro] [152/398] Building C object zephyr/CMakeFiles/zephyr.dir/lib/libc/validate_libc.c.obj
[fatcatrvp-npcx:rw] [220/386] Building C object zephyr/lib/libc/common/CMakeFiles/lib__libc__common.dir/source/time/localtime_r_utc.c.obj
[ptlrvp_mchp:rw] [119/382] Building C object zephyr/CMakeFiles/zephyr.dir/lib/os/clock.c.obj
[ptlrvp_mchp:ro] [142/382] Building C object zephyr/CMakeFiles/zephyr.dir/subsys/pm/device.c.obj
[kaladin:ro] [153/398] Linking CXX static library app/libapp.a
[it82002_evb:singleimage] [242/242] Linking C static library zephyr/kernel/libkernel.a
[fatcatrvp-npcx:rw] [221/386] Linking C static library zephyr/lib/libc/minimal/liblib__libc__minimal.a
[kaladin:rw] [134/398] Building C object CMakeFiles/app.dir/mnt/host/source/src/platform/ec/build/zephyr/kaladin/modules/ec/common/usb_port_power_dumb.c.obj
[ptlrvp_mchp:rw] [120/382] Building C object zephyr/CMakeFiles/zephyr.dir/lib/os/printk.c.obj
[kaladin:rw] [135/398] Building C object CMakeFiles/app.dir/mnt/host/source/src/platform/ec/build/zephyr/kaladin/modules/ec/common/usbc_utils.c.obj
[fatcatrvp-npcx:rw] [222/386] Building C object zephyr/lib/libc/common/CMakeFiles/lib__libc__common.dir/source/time/ctime.c.obj
[fatcatrvp-npcx:rw] [223/386] Building C object zephyr/lib/libc/common/CMakeFiles/lib__libc__common.dir/source/time/time.c.obj
[fatcatrvp-npcx:rw] [224/386] Building C object zephyr/lib/libc/common/CMakeFiles/lib__libc__common.dir/source/string/strnlen.c.obj
[fatcatrvp-npcx:rw] [225/386] Building C object zephyr/lib/posix/c_lib_ext/CMakeFiles/lib__posix__c_lib_ext.dir/fnmatch.c.obj
[ptlrvp_mchp:rw] [121/382] Building C object zephyr/CMakeFiles/zephyr.dir/lib/os/sem.c.obj
[ptlrvp_mchp:ro] [143/382] Building C object zephyr/CMakeFiles/zephyr.dir/subsys/pm/device_runtime.c.obj
[ptlrvp_mchp:ro] [144/382] Building C object zephyr/CMakeFiles/zephyr.dir/subsys/pm/device_system_managed.c.obj
[ptlrvp_mchp:rw] [122/382] Building C object zephyr/CMakeFiles/zephyr.dir/lib/os/cbprintf.c.obj
[ptlrvp_mchp:ro] [145/382] Building C object zephyr/CMakeFiles/zephyr.dir/subsys/testsuite/coverage/coverage.c.obj
[kaladin:ro] [154/398] Building C object zephyr/CMakeFiles/zephyr.dir/lib/heap/heap.c.obj
[ptlrvp_mchp:rw] [123/382] Building C object zephyr/CMakeFiles/zephyr.dir/lib/os/cbprintf_nano.c.obj
[ptlrvp_mchp:rw] [124/382] Building C object zephyr/CMakeFiles/zephyr.dir/lib/os/thread_entry.c.obj
[kaladin:ro] [155/398] Building C object zephyr/CMakeFiles/zephyr.dir/lib/os/cbprintf_packaged.c.obj
[kaladin:ro] [156/398] Building C object zephyr/CMakeFiles/zephyr.dir/lib/os/clock.c.obj
[ptlrvp_mchp:rw] [125/382] Building C object zephyr/CMakeFiles/zephyr.dir/lib/utils/dec.c.obj
[fatcatrvp-npcx:rw] [226/386] Building C object zephyr/lib/libc/common/CMakeFiles/lib__libc__common.dir/source/stdlib/malloc.c.obj
[ptlrvp_mchp:rw] [126/382] Building C object zephyr/CMakeFiles/zephyr.dir/lib/utils/hex.c.obj
[kaladin:rw] [136/398] Building C object CMakeFiles/app.dir/mnt/host/source/src/platform/ec/build/zephyr/kaladin/modules/ec/common/chargen.c.obj
[fatcatrvp-npcx:rw] [227/386] Linking C static library zephyr/lib/libc/common/liblib__libc__common.a
[fatcatrvp-npcx:rw] [228/386] Building C object zephyr/lib/posix/c_lib_ext/CMakeFiles/lib__posix__c_lib_ext.dir/getopt_shim.c.obj
[fatcatrvp-npcx:rw] [229/386] Building C object zephyr/lib/posix/c_lib_ext/CMakeFiles/lib__posix__c_lib_ext.dir/getentropy.c.obj
[ptlrvp_mchp:rw] [127/382] Building C object zephyr/CMakeFiles/zephyr.dir/lib/os/assert.c.obj
[ptlrvp_mchp:rw] [128/382] Building C object zephyr/CMakeFiles/zephyr.dir/lib/utils/timeutil.c.obj
[fatcatrvp-npcx:rw] [230/386] Linking C static library zephyr/lib/posix/c_lib_ext/liblib__posix__c_lib_ext.a
[fatcatrvp-npcx:rw] [231/386] Building C object zephyr/subsys/crc/CMakeFiles/subsys__crc.dir/crc4_sw.c.obj
[fatcatrvp-npcx:rw] [232/386] Building C object zephyr/subsys/crc/CMakeFiles/subsys__crc.dir/crc8_sw.c.obj
[ptlrvp_mchp:rw] [129/382] Building C object zephyr/CMakeFiles/zephyr.dir/lib/utils/bitmask.c.obj
[ptlrvp_mchp:ro] [146/382] Building C object zephyr/CMakeFiles/zephyr.dir/subsys/shell/modules/kernel_service/kernel_shell.c.obj
[kaladin:ro] [157/398] Building C object zephyr/CMakeFiles/zephyr.dir/lib/os/printk.c.obj
[ptlrvp_mchp:ro] [147/382] Building C object zephyr/CMakeFiles/zephyr.dir/subsys/tracing/tracing_none.c.obj
[fatcatrvp-npcx:rw] [233/386] Building C object zephyr/subsys/crc/CMakeFiles/subsys__crc.dir/crc16_sw.c.obj
[kaladin:rw] [137/398] Building C object CMakeFiles/app.dir/mnt/host/source/src/platform/ec/build/zephyr/kaladin/modules/ec/common/usb_common.c.obj
[fatcatrvp-npcx:rw] [234/386] Building C object zephyr/subsys/crc/CMakeFiles/subsys__crc.dir/crc7_sw.c.obj
[kaladin:ro] [158/398] Building C object zephyr/CMakeFiles/zephyr.dir/lib/os/thread_entry.c.obj
[ptlrvp_mchp:ro] [148/382] Building C object zephyr/CMakeFiles/zephyr.dir/subsys/shell/modules/kernel_service/cycles.c.obj
[kaladin:ro] [159/398] Building C object zephyr/CMakeFiles/zephyr.dir/lib/os/sem.c.obj
[fatcatrvp-npcx:rw] [235/386] Building C object zephyr/subsys/crc/CMakeFiles/subsys__crc.dir/crc24_sw.c.obj
[ptlrvp_mchp:rw] [130/382] Building C object zephyr/CMakeFiles/zephyr.dir/lib/utils/rb.c.obj
[fatcatrvp-npcx:rw] [236/386] Building C object zephyr/subsys/crc/CMakeFiles/subsys__crc.dir/crc32c_sw.c.obj
[fatcatrvp-npcx:rw] [237/386] Building C object zephyr/subsys/crc/CMakeFiles/subsys__crc.dir/crc32_sw.c.obj
[fatcatrvp-npcx:rw] [238/386] Building C object zephyr/subsys/crc/CMakeFiles/subsys__crc.dir/crc32k_4_2_sw.c.obj
[ptlrvp_mchp:rw] [131/382] Building C object zephyr/CMakeFiles/zephyr.dir/lib/utils/bitarray.c.obj
[fatcatrvp-npcx:rw] [239/386] Linking C static library zephyr/subsys/crc/libsubsys__crc.a
[kaladin:ro] [160/398] Building C object zephyr/CMakeFiles/zephyr.dir/lib/utils/dec.c.obj
[ptlrvp_mchp:rw] [132/382] Building C object zephyr/CMakeFiles/zephyr.dir/lib/utils/ring_buffer.c.obj
[fatcatrvp-npcx:rw] [240/386] Building C object zephyr/lib/smf/CMakeFiles/lib__smf.dir/smf.c.obj
[ptlrvp_mchp:rw] [133/382] Building C object zephyr/CMakeFiles/zephyr.dir/lib/utils/last_section_id.c.obj
[ptlrvp_mchp:rw] [134/382] Building C object zephyr/CMakeFiles/zephyr.dir/lib/utils/getopt/getopt.c.obj
[fatcatrvp-npcx:rw] [241/386] Linking C static library zephyr/lib/smf/liblib__smf.a
[fatcatrvp-npcx:rw] [242/386] Building C object zephyr/subsys/input/CMakeFiles/subsys__input.dir/input_hid.c.obj
[ptlrvp_mchp:rw] [135/382] Building C object zephyr/CMakeFiles/zephyr.dir/lib/utils/getopt/getopt_common.c.obj
[ptlrvp_mchp:rw] [136/382] Building C object zephyr/CMakeFiles/zephyr.dir/misc/generated/configs.c.obj
[kaladin:ro] [161/398] Building C object zephyr/CMakeFiles/zephyr.dir/lib/utils/hex.c.obj
[ptlrvp_mchp:ro] [149/382] Building C object zephyr/CMakeFiles/zephyr.dir/subsys/shell/modules/kernel_service/uptime.c.obj
[kaladin:ro] [162/398] Building C object zephyr/CMakeFiles/zephyr.dir/lib/os/assert.c.obj
[kaladin:rw] [138/398] Building C object CMakeFiles/app.dir/mnt/host/source/src/platform/ec/build/zephyr/kaladin/modules/ec/common/usb_pd_host_cmd_common.c.obj
[ptlrvp_mchp:ro] [150/382] Building C object zephyr/CMakeFiles/zephyr.dir/subsys/shell/modules/kernel_service/sleep.c.obj
[ptlrvp_mchp:ro] [151/382] Building C object zephyr/CMakeFiles/zephyr.dir/subsys/shell/modules/kernel_service/version.c.obj
[kaladin:ro] [163/398] Building C object zephyr/CMakeFiles/zephyr.dir/lib/os/cbprintf_nano.c.obj
[kaladin:ro] [164/398] Building C object zephyr/CMakeFiles/zephyr.dir/lib/utils/timeutil.c.obj
[ptlrvp_mchp:rw] [137/382] Building C object zephyr/CMakeFiles/zephyr.dir/soc/microchip/mec/mec172x/soc.c.obj
[fatcatrvp-npcx:rw] [243/386] Building C object zephyr/subsys/input/CMakeFiles/subsys__input.dir/input.c.obj
[ptlrvp_mchp:rw] [138/382] Building C object zephyr/CMakeFiles/zephyr.dir/soc/microchip/mec/common/soc_ecia.c.obj
[kaladin:rw] [139/398] Building C object CMakeFiles/app.dir/mnt/host/source/src/platform/ec/build/zephyr/kaladin/modules/ec/common/vboot_hash.c.obj
[fatcatrvp-npcx:rw] [244/386] Building C object zephyr/subsys/input/CMakeFiles/subsys__input.dir/input_utils.c.obj
[ptlrvp_mchp:rw] [139/382] Building C object zephyr/CMakeFiles/zephyr.dir/soc/microchip/mec/common/soc_i2c.c.obj
[kaladin:ro] [165/398] Building C object zephyr/CMakeFiles/zephyr.dir/lib/utils/bitmask.c.obj
[ptlrvp_mchp:rw] [140/382] Building C object zephyr/CMakeFiles/zephyr.dir/subsys/logging/log_minimal.c.obj
[fatcatrvp-npcx:rw] [245/386] Linking C static library zephyr/subsys/input/libsubsys__input.a
[fatcatrvp-npcx:rw] [246/386] Building C object zephyr/drivers/interrupt_controller/CMakeFiles/drivers__interrupt_controller.dir/intc_miwu.c.obj
[ptlrvp_mchp:ro] [152/382] Building C object zephyr/CMakeFiles/zephyr.dir/subsys/shell/modules/kernel_service/thread/thread.c.obj
[kaladin:ro] [166/398] Building C object zephyr/CMakeFiles/zephyr.dir/lib/utils/rb.c.obj
[ptlrvp_mchp:ro] [153/382] Building C object zephyr/CMakeFiles/zephyr.dir/subsys/shell/modules/kernel_service/thread/stacks.c.obj
[ptlrvp_mchp:ro] [154/382] Building C object zephyr/CMakeFiles/zephyr.dir/subsys/shell/modules/kernel_service/thread/list.c.obj
[fatcatrvp-npcx:rw] [247/386] Linking C static library zephyr/drivers/interrupt_controller/libdrivers__interrupt_controller.a
[kaladin:ro] [167/398] Building C object zephyr/CMakeFiles/zephyr.dir/lib/utils/bitarray.c.obj
[ptlrvp_mchp:rw] [141/382] Building C object zephyr/CMakeFiles/zephyr.dir/subsys/mem_mgmt/mem_attr.c.obj
[fatcatrvp-npcx:rw] [248/386] Building C object zephyr/drivers/adc/CMakeFiles/drivers__adc.dir/adc_common.c.obj
[ptlrvp_mchp:rw] [142/382] Building C object zephyr/CMakeFiles/zephyr.dir/subsys/pm/device.c.obj
[kaladin:rw] [140/398] Building C object CMakeFiles/app.dir/mnt/host/source/src/platform/ec/build/zephyr/kaladin/modules/ec/common/vboot/efs2.c.obj
[kaladin:ro] [168/398] Building C object zephyr/CMakeFiles/zephyr.dir/lib/utils/ring_buffer.c.obj
[ptlrvp_mchp:rw] [143/382] Building C object zephyr/CMakeFiles/zephyr.dir/subsys/pm/device_system_managed.c.obj
[ptlrvp_mchp:rw] [144/382] Building C object zephyr/CMakeFiles/zephyr.dir/subsys/pm/device_runtime.c.obj
[kaladin:rw] [141/398] Building C object CMakeFiles/app.dir/mnt/host/source/src/platform/ec/build/zephyr/kaladin/modules/ec/common/vstore.c.obj
[kaladin:ro] [169/398] Building C object zephyr/CMakeFiles/zephyr.dir/lib/utils/getopt/getopt.c.obj
[ptlrvp_mchp:ro] [155/382] Building C object zephyr/CMakeFiles/zephyr.dir/subsys/shell/modules/kernel_service/thread/suspend.c.obj
[kaladin:ro] [170/398] Building C object zephyr/CMakeFiles/zephyr.dir/lib/utils/last_section_id.c.obj
[kaladin:ro] [171/398] Building C object zephyr/CMakeFiles/zephyr.dir/lib/utils/getopt/getopt_common.c.obj
[ptlrvp_mchp:ro] [156/382] Building C object zephyr/CMakeFiles/zephyr.dir/subsys/shell/modules/kernel_service/thread/kill.c.obj
[fatcatrvp-npcx:rw] [249/386] Building C object zephyr/drivers/bbram/CMakeFiles/drivers__bbram.dir/bbram_npcx.c.obj
[ptlrvp_mchp:ro] [157/382] Building C object zephyr/CMakeFiles/zephyr.dir/subsys/shell/modules/kernel_service/thread/resume.c.obj
[fatcatrvp-npcx:rw] [250/386] Building C object zephyr/drivers/adc/CMakeFiles/drivers__adc.dir/adc_npcx.c.obj
[fatcatrvp-npcx:rw] [251/386] Linking C static library zephyr/drivers/bbram/libdrivers__bbram.a
[fatcatrvp-npcx:rw] [252/386] Linking C static library zephyr/drivers/adc/libdrivers__adc.a
[ptlrvp_mchp:rw] [145/382] Building C object zephyr/CMakeFiles/zephyr.dir/subsys/testsuite/coverage/coverage.c.obj
[ptlrvp_mchp:rw] [146/382] Building C object zephyr/CMakeFiles/zephyr.dir/subsys/tracing/tracing_none.c.obj
[kaladin:ro] [172/398] Building ASM object zephyr/CMakeFiles/zephyr.dir/soc/ite/ec/common/soc_irq.S.obj
[fatcatrvp-npcx:rw] [253/386] Building C object zephyr/drivers/clock_control/CMakeFiles/drivers__clock_control.dir/clock_control_npcx.c.obj
[kaladin:ro] [173/398] Building C object zephyr/CMakeFiles/zephyr.dir/misc/generated/configs.c.obj
[kaladin:rw] [142/398] Building C object CMakeFiles/app.dir/mnt/host/source/src/platform/ec/build/zephyr/kaladin/modules/ec/common/math_util.c.obj
[fatcatrvp-npcx:rw] [254/386] Linking C static library zephyr/drivers/clock_control/libdrivers__clock_control.a
[ptlrvp_mchp:rw] [147/382] Building C object zephyr/CMakeFiles/zephyr.dir/subsys/shell/modules/kernel_service/kernel_shell.c.obj
[ptlrvp_mchp:rw] [148/382] Building C object zephyr/CMakeFiles/zephyr.dir/subsys/shell/modules/kernel_service/cycles.c.obj
[/mnt/host/source/src/platform/ec/build/zephyr/nereid-lcov]   /mnt/host/source/src/platform/ec/build/zephyr/nereid/build-rw/CMakeFiles/app.dir/mnt/host/source/src/platform/ec/build/zephyr/nereid/modules/ec/common/usb_pd_pdo.c.gcno:no functions found
[/mnt/host/source/src/platform/ec/build/zephyr/nereid-lcov] stderr:
[ptlrvp_mchp:ro] [158/382] Building C object zephyr/CMakeFiles/zephyr.dir/subsys/shell/backends/shell_uart.c.obj
[kaladin:ro] [174/398] Building C object zephyr/CMakeFiles/zephyr.dir/soc/ite/ec/common/soc_common_irq.c.obj
[ptlrvp_mchp:ro] [159/382] Building C object zephyr/CMakeFiles/zephyr.dir/subsys/shell/shell_fprintf.c.obj
[kaladin:rw] [143/398] Building C object CMakeFiles/app.dir/src/board_power.c.obj
[fatcatrvp-npcx:rw] [255/386] Building C object zephyr/drivers/crypto/CMakeFiles/drivers__crypto.dir/crypto_npcx_sha.c.obj
[fatcatrvp-npcx:rw] [256/386] Building C object zephyr/drivers/console/CMakeFiles/drivers__console.dir/uart_console.c.obj
[kaladin:ro] [175/398] Building C object zephyr/CMakeFiles/zephyr.dir/soc/ite/ec/common/power.c.obj
[ptlrvp_mchp:ro] [160/382] Building C object zephyr/CMakeFiles/zephyr.dir/subsys/shell/shell.c.obj
[ptlrvp_mchp:rw] [149/382] Building C object zephyr/CMakeFiles/zephyr.dir/subsys/shell/modules/kernel_service/sleep.c.obj
[kaladin:ro] [176/398] Building C object zephyr/CMakeFiles/zephyr.dir/soc/ite/ec/common/policy.c.obj
[fatcatrvp-npcx:rw] [257/386] Linking C static library zephyr/drivers/crypto/libdrivers__crypto.a
[fatcatrvp-npcx:rw] [258/386] Linking C static library zephyr/drivers/console/libdrivers__console.a
[ptlrvp_mchp:rw] [150/382] Building C object zephyr/CMakeFiles/zephyr.dir/subsys/shell/modules/kernel_service/uptime.c.obj
[ptlrvp_mchp:rw] [151/382] Building C object zephyr/CMakeFiles/zephyr.dir/subsys/shell/modules/kernel_service/thread/thread.c.obj
[ptlrvp_mchp:rw] [152/382] Building C object zephyr/CMakeFiles/zephyr.dir/subsys/shell/modules/kernel_service/version.c.obj
[kaladin:ro] [177/398] Building ASM object zephyr/CMakeFiles/zephyr.dir/soc/ite/ec/it8xxx2/vector.S.obj
[ptlrvp_mchp:ro] [161/382] Building C object zephyr/CMakeFiles/zephyr.dir/subsys/shell/shell_utils.c.obj
[kaladin:ro] [178/398] Building C object zephyr/CMakeFiles/zephyr.dir/soc/ite/ec/it8xxx2/soc.c.obj
[kaladin:rw] [144/398] Building C object CMakeFiles/app.dir/kaladin/src/led.c.obj
[fatcatrvp-npcx:rw] [259/386] Building C object zephyr/drivers/espi/CMakeFiles/drivers__espi.dir/espi_npcx.c.obj
[ptlrvp_mchp:ro] [162/382] Building C object zephyr/CMakeFiles/zephyr.dir/subsys/shell/shell_ops.c.obj
[kaladin:ro] [179/398] Building C object zephyr/CMakeFiles/zephyr.dir/soc/ite/ec/it8xxx2/check_regs.c.obj
[ptlrvp_mchp:ro] [163/382] Building C object zephyr/CMakeFiles/zephyr.dir/subsys/shell/shell_help.c.obj
[kaladin:rw] [145/398] Building C object CMakeFiles/app.dir/kaladin/src/usbc_runtime.c.obj
[ptlrvp_mchp:rw] [153/382] Building C object zephyr/CMakeFiles/zephyr.dir/subsys/shell/modules/kernel_service/thread/list.c.obj
[ptlrvp_mchp:rw] [154/382] Building C object zephyr/CMakeFiles/zephyr.dir/subsys/shell/modules/kernel_service/thread/stacks.c.obj
[fatcatrvp-npcx:rw] [260/386] Building C object zephyr/drivers/espi/CMakeFiles/drivers__espi.dir/host_subs_npcx.c.obj
[fatcatrvp-npcx:rw] [261/386] Building C object zephyr/drivers/flash/CMakeFiles/drivers__flash.dir/jesd216.c.obj
[ptlrvp_mchp:rw] [155/382] Building C object zephyr/CMakeFiles/zephyr.dir/subsys/shell/modules/kernel_service/thread/suspend.c.obj
[fatcatrvp-npcx:rw] [262/386] Linking C static library zephyr/drivers/espi/libdrivers__espi.a
[ptlrvp_mchp:rw] [156/382] Building C object zephyr/CMakeFiles/zephyr.dir/subsys/shell/modules/kernel_service/thread/resume.c.obj
[ptlrvp_mchp:ro] [164/382] Building C object zephyr/CMakeFiles/zephyr.dir/subsys/shell/shell_history.c.obj
[kaladin:ro] [180/398] Building C object zephyr/CMakeFiles/zephyr.dir/subsys/logging/log_minimal.c.obj
[kaladin:ro] [181/398] Building C object zephyr/CMakeFiles/zephyr.dir/soc/ite/ec/it8xxx2/ilm.c.obj
[ptlrvp_mchp:ro] [165/382] Building C object zephyr/CMakeFiles/zephyr.dir/drivers/flash/flash_util.c.obj
[fatcatrvp-npcx:rw] [263/386] Building C object zephyr/drivers/flash/CMakeFiles/drivers__flash.dir/flash_npcx_fiu_nor.c.obj
[kaladin:ro] [182/398] Building C object zephyr/CMakeFiles/zephyr.dir/subsys/pm/pm.c.obj
[kaladin:rw] [146/398] Building C object CMakeFiles/app.dir/kaladin/src/fan.c.obj
[ptlrvp_mchp:ro] [166/382] Building C object zephyr/arch/common/CMakeFiles/arch__common.dir/sw_isr_common.c.obj
[ptlrvp_mchp:ro] [167/382] Linking C static library zephyr/libzephyr.a
[ptlrvp_mchp:ro] [168/382] Building C object zephyr/arch/common/CMakeFiles/arch__common.dir/init.c.obj
[ptlrvp_mchp:rw] [157/382] Building C object zephyr/CMakeFiles/zephyr.dir/subsys/shell/modules/kernel_service/thread/kill.c.obj
[kaladin:rw] [147/398] Building C object CMakeFiles/app.dir/kaladin/src/thermal.c.obj
[fatcatrvp-npcx:rw] [264/386] Building C object zephyr/drivers/flash/CMakeFiles/drivers__flash.dir/flash_npcx_fiu_qspi.c.obj
[ptlrvp_mchp:rw] [158/382] Building C object zephyr/CMakeFiles/zephyr.dir/subsys/shell/backends/shell_uart.c.obj
[kaladin:ro] [183/398] Building C object zephyr/CMakeFiles/zephyr.dir/subsys/pm/state.c.obj
[fatcatrvp-npcx:rw] [265/386] Linking C static library zephyr/drivers/flash/libdrivers__flash.a
[ptlrvp_mchp:rw] [159/382] Building C object zephyr/CMakeFiles/zephyr.dir/subsys/shell/shell.c.obj
[ptlrvp_mchp:rw] [160/382] Building C object zephyr/CMakeFiles/zephyr.dir/subsys/shell/shell_fprintf.c.obj
[kaladin:ro] [184/398] Building C object zephyr/CMakeFiles/zephyr.dir/subsys/pm/policy/policy_events.c.obj
[fatcatrvp-npcx:rw] [266/386] Building C object zephyr/drivers/gpio/CMakeFiles/drivers__gpio.dir/gpio_ite_it8801.c.obj
[kaladin:ro] [185/398] Building C object zephyr/CMakeFiles/zephyr.dir/subsys/pm/policy/policy_latency.c.obj
[ptlrvp_mchp:ro] [169/382] Building C object zephyr/arch/common/CMakeFiles/arch__common.dir/xip.c.obj
[ptlrvp_mchp:ro] [170/382] Building C object zephyr/arch/common/CMakeFiles/isr_tables.dir/isr_tables.c.obj
[fatcatrvp-npcx:rw] [267/386] Building C object zephyr/drivers/gpio/CMakeFiles/drivers__gpio.dir/gpio_npcx.c.obj
[ptlrvp_mchp:ro] [171/382] Linking C static library zephyr/arch/common/libisr_tables.a
[ptlrvp_mchp:ro] [172/382] Building C object zephyr/arch/arch/arm/core/CMakeFiles/arch__arm__core.dir/fatal.c.obj
[ptlrvp_mchp:ro] [173/382] Linking C static library zephyr/arch/common/libarch__common.a
[kaladin:ro] [186/398] Building C object zephyr/CMakeFiles/zephyr.dir/subsys/pm/policy/policy_state_lock.c.obj
[ptlrvp_mchp:rw] [161/382] Building C object zephyr/CMakeFiles/zephyr.dir/subsys/shell/shell_utils.c.obj
[kaladin:rw] [148/398] Building C object CMakeFiles/app.dir/kaladin/src/keyboard_customization.c.obj
[ptlrvp_mchp:rw] [162/382] Building C object zephyr/CMakeFiles/zephyr.dir/subsys/shell/shell_ops.c.obj
[ptlrvp_mchp:rw] [163/382] Building C object zephyr/CMakeFiles/zephyr.dir/subsys/shell/shell_history.c.obj
[kaladin:rw] [149/398] Building C object CMakeFiles/app.dir/kaladin/src/board.c.obj
[ptlrvp_mchp:ro] [174/382] Building ASM object zephyr/arch/arch/arm/core/CMakeFiles/arch__arm__core.dir/nmi_on_reset.S.obj
[fatcatrvp-npcx:rw] [268/386] Building C object zephyr/drivers/gpio/CMakeFiles/drivers__gpio.dir/gpio_pca95xx.c.obj
[ptlrvp_mchp:rw] [164/382] Building C object zephyr/CMakeFiles/zephyr.dir/subsys/shell/shell_help.c.obj
[fatcatrvp-npcx:rw] [269/386] Linking C static library zephyr/drivers/gpio/libdrivers__gpio.a
[kaladin:ro] [187/398] Building C object zephyr/CMakeFiles/zephyr.dir/subsys/pm/device.c.obj
[ptlrvp_mchp:ro] [175/382] Building C object zephyr/arch/arch/arm/core/CMakeFiles/arch__arm__core.dir/nmi.c.obj
[kaladin:ro] [188/398] Building C object zephyr/CMakeFiles/zephyr.dir/subsys/pm/device_runtime.c.obj
[ptlrvp_mchp:ro] [176/382] Linking C static library zephyr/arch/arch/arm/core/libarch__arm__core.a
[fatcatrvp-npcx:rw] [270/386] Building C object zephyr/drivers/i2c/CMakeFiles/drivers__i2c.dir/i2c_common.c.obj
[ptlrvp_mchp:rw] [165/382] Building C object zephyr/arch/common/CMakeFiles/arch__common.dir/init.c.obj
[ptlrvp_mchp:ro] [177/382] Building C object zephyr/arch/arch/arm/core/cortex_m/CMakeFiles/arch__arm__core__cortex_m.dir/exc_exit.c.obj
[ptlrvp_mchp:ro] [178/382] Building ASM object zephyr/arch/arch/arm/core/cortex_m/CMakeFiles/arch__arm__core__cortex_m.dir/fault_s.S.obj
[ptlrvp_mchp:rw] [166/382] Building C object zephyr/arch/common/CMakeFiles/arch__common.dir/sw_isr_common.c.obj
[fatcatrvp-npcx:rw] [271/386] Building C object zephyr/drivers/i2c/CMakeFiles/drivers__i2c.dir/i2c_shell.c.obj
[kaladin:rw] [150/398] Building C object zephyr/CMakeFiles/zephyr.dir/lib/libc/validate_libc.c.obj
[ptlrvp_mchp:rw] [167/382] Building C object zephyr/arch/common/CMakeFiles/arch__common.dir/xip.c.obj
[ptlrvp_mchp:rw] [168/382] Building C object zephyr/CMakeFiles/zephyr.dir/drivers/flash/flash_util.c.obj
[kaladin:ro] [189/398] Building C object zephyr/CMakeFiles/zephyr.dir/subsys/pm/device_system_managed.c.obj
[ptlrvp_mchp:ro] [179/382] Building C object zephyr/arch/arch/arm/core/cortex_m/CMakeFiles/arch__arm__core__cortex_m.dir/fault.c.obj
[kaladin:rw] [151/398] Building C object zephyr/CMakeFiles/zephyr.dir/lib/cpp/abi/cpp_dtors.c.obj
[kaladin:ro] [190/398] Building C object zephyr/CMakeFiles/zephyr.dir/subsys/testsuite/coverage/coverage.c.obj
[ptlrvp_mchp:rw] [169/382] Linking C static library zephyr/libzephyr.a
[kaladin:ro] [191/398] Building C object zephyr/CMakeFiles/zephyr.dir/subsys/tracing/tracing_none.c.obj
[kaladin:rw] [152/398] Building C object CMakeFiles/app.dir/kaladin/src/charger.c.obj
[fatcatrvp-npcx:rw] [272/386] Building C object zephyr/drivers/i2c/CMakeFiles/drivers__i2c.dir/i2c_npcx_controller.c.obj
[ptlrvp_mchp:rw] [170/382] Building C object zephyr/arch/common/CMakeFiles/isr_tables.dir/isr_tables.c.obj
[ptlrvp_mchp:ro] [180/382] Building C object zephyr/arch/arch/arm/core/cortex_m/CMakeFiles/arch__arm__core__cortex_m.dir/fpu.c.obj
[ptlrvp_mchp:ro] [181/382] Building ASM object zephyr/arch/arch/arm/core/cortex_m/CMakeFiles/arch__arm__core__cortex_m.dir/reset.S.obj
[ptlrvp_mchp:rw] [171/382] Building ASM object zephyr/arch/arch/arm/core/CMakeFiles/arch__arm__core.dir/nmi_on_reset.S.obj
[fatcatrvp-npcx:rw] [273/386] Building C object zephyr/drivers/i2c/CMakeFiles/drivers__i2c.dir/i2c_npcx_controller_fifo.c.obj
[ptlrvp_mchp:rw] [172/382] Linking C static library zephyr/arch/common/libisr_tables.a
[ptlrvp_mchp:rw] [173/382] Linking C static library zephyr/arch/common/libarch__common.a
[kaladin:rw] [153/398] Linking CXX static library app/libapp.a
[fatcatrvp-npcx:rw] [274/386] Building C object zephyr/drivers/i2c/CMakeFiles/drivers__i2c.dir/i2c_npcx_port.c.obj
[ptlrvp_mchp:rw] [174/382] Building C object zephyr/arch/arch/arm/core/CMakeFiles/arch__arm__core.dir/nmi.c.obj
[ptlrvp_mchp:rw] [175/382] Building C object zephyr/arch/arch/arm/core/CMakeFiles/arch__arm__core.dir/fatal.c.obj
[fatcatrvp-npcx:rw] [275/386] Linking C static library zephyr/drivers/i2c/libdrivers__i2c.a
[ptlrvp_mchp:rw] [176/382] Linking C static library zephyr/arch/arch/arm/core/libarch__arm__core.a
[ptlrvp_mchp:ro] [182/382] Building ASM object zephyr/arch/arch/arm/core/cortex_m/CMakeFiles/arch__arm__core__cortex_m.dir/vector_table.S.obj
[kaladin:ro] [192/398] Building C object zephyr/CMakeFiles/zephyr.dir/subsys/shell/modules/kernel_service/kernel_shell.c.obj
[ptlrvp_mchp:ro] [183/382] Building C object zephyr/arch/arch/arm/core/cortex_m/CMakeFiles/arch__arm__core__cortex_m.dir/scb.c.obj
[kaladin:ro] [193/398] Building C object zephyr/CMakeFiles/zephyr.dir/subsys/shell/modules/kernel_service/cycles.c.obj
[ptlrvp_mchp:rw] [177/382] Building ASM object zephyr/arch/arch/arm/core/cortex_m/CMakeFiles/arch__arm__core__cortex_m.dir/fault_s.S.obj
[kaladin:rw] [154/398] Building C object zephyr/CMakeFiles/zephyr.dir/lib/heap/heap.c.obj
[kaladin:ro] [194/398] Building C object zephyr/CMakeFiles/zephyr.dir/subsys/shell/modules/kernel_service/sleep.c.obj
[ptlrvp_mchp:rw] [178/382] Building C object zephyr/arch/arch/arm/core/cortex_m/CMakeFiles/arch__arm__core__cortex_m.dir/exc_exit.c.obj
[fatcatrvp-npcx:rw] [276/386] Building C object zephyr/drivers/input/CMakeFiles/drivers__input.dir/input_kbd_matrix.c.obj
[ptlrvp_mchp:ro] [184/382] Building C object zephyr/arch/arch/arm/core/cortex_m/CMakeFiles/arch__arm__core__cortex_m.dir/thread_abort.c.obj
[ptlrvp_mchp:rw] [179/382] Building C object zephyr/arch/arch/arm/core/cortex_m/CMakeFiles/arch__arm__core__cortex_m.dir/fault.c.obj
[fatcatrvp-npcx:rw] [277/386] Building C object zephyr/drivers/input/CMakeFiles/drivers__input.dir/input_npcx_kbd.c.obj
[kaladin:rw] [155/398] Building C object zephyr/CMakeFiles/zephyr.dir/lib/os/cbprintf_packaged.c.obj
[fatcatrvp-npcx:rw] [278/386] Linking C static library zephyr/drivers/input/libdrivers__input.a
[ptlrvp_mchp:ro] [185/382] Building ASM object zephyr/arch/arch/arm/core/cortex_m/CMakeFiles/arch__arm__core__cortex_m.dir/swap_helper.S.obj
[ptlrvp_mchp:rw] [180/382] Building C object zephyr/arch/arch/arm/core/cortex_m/CMakeFiles/arch__arm__core__cortex_m.dir/fpu.c.obj
[kaladin:ro] [195/398] Building C object zephyr/CMakeFiles/zephyr.dir/subsys/shell/modules/kernel_service/uptime.c.obj
[ptlrvp_mchp:rw] [181/382] Building ASM object zephyr/arch/arch/arm/core/cortex_m/CMakeFiles/arch__arm__core__cortex_m.dir/reset.S.obj
[ptlrvp_mchp:ro] [186/382] Building C object zephyr/arch/arch/arm/core/cortex_m/CMakeFiles/arch__arm__core__cortex_m.dir/irq_manage.c.obj
[kaladin:ro] [196/398] Building C object zephyr/CMakeFiles/zephyr.dir/subsys/shell/modules/kernel_service/version.c.obj
[kaladin:ro] [197/398] Building C object zephyr/CMakeFiles/zephyr.dir/subsys/shell/modules/kernel_service/thread/thread.c.obj
[kaladin:rw] [156/398] Building C object zephyr/CMakeFiles/zephyr.dir/lib/os/clock.c.obj
[fatcatrvp-npcx:rw] [279/386] Building C object zephyr/drivers/mfd/CMakeFiles/drivers__mfd.dir/mfd_ite_it8801.c.obj
[ptlrvp_mchp:rw] [182/382] Building C object zephyr/arch/arch/arm/core/cortex_m/CMakeFiles/arch__arm__core__cortex_m.dir/scb.c.obj
[ptlrvp_mchp:rw] [183/382] Building ASM object zephyr/arch/arch/arm/core/cortex_m/CMakeFiles/arch__arm__core__cortex_m.dir/vector_table.S.obj
[fatcatrvp-npcx:rw] [280/386] Building C object zephyr/drivers/mfd/CMakeFiles/drivers__mfd.dir/mfd_it8801_altctrl.c.obj
[ptlrvp_mchp:ro] [187/382] Building C object zephyr/arch/arch/arm/core/cortex_m/CMakeFiles/arch__arm__core__cortex_m.dir/prep_c.c.obj
[ptlrvp_mchp:rw] [184/382] Building C object zephyr/arch/arch/arm/core/cortex_m/CMakeFiles/arch__arm__core__cortex_m.dir/thread_abort.c.obj
[fatcatrvp-npcx:rw] [281/386] Linking C static library zephyr/drivers/mfd/libdrivers__mfd.a
[fatcatrvp-npcx:rw] [282/386] Building C object zephyr/drivers/pinctrl/CMakeFiles/drivers__pinctrl.dir/common.c.obj
[/mnt/host/source/src/platform/ec/build/zephyr/nereid-lcov]   /mnt/host/source/src/platform/ec/build/zephyr/nereid/build-rw/CMakeFiles/app.dir/mnt/host/source/src/platform/ec/build/zephyr/nereid/modules/ec/common/cbi_config.c.gcno:no functions found
[/mnt/host/source/src/platform/ec/build/zephyr/nereid-lcov] stderr:
[kaladin:rw] [157/398] Building C object zephyr/CMakeFiles/zephyr.dir/lib/os/printk.c.obj
[ptlrvp_mchp:rw] [185/382] Building ASM object zephyr/arch/arch/arm/core/cortex_m/CMakeFiles/arch__arm__core__cortex_m.dir/swap_helper.S.obj
[ptlrvp_mchp:ro] [188/382] Building C object zephyr/arch/arch/arm/core/cortex_m/CMakeFiles/arch__arm__core__cortex_m.dir/cpu_idle.c.obj
[kaladin:ro] [198/398] Building C object zephyr/CMakeFiles/zephyr.dir/subsys/shell/modules/kernel_service/thread/list.c.obj
[fatcatrvp-npcx:rw] [283/386] Building C object zephyr/drivers/pinctrl/CMakeFiles/drivers__pinctrl.dir/pinctrl_npcx.c.obj
[ptlrvp_mchp:rw] [186/382] Building C object zephyr/arch/arch/arm/core/cortex_m/CMakeFiles/arch__arm__core__cortex_m.dir/irq_manage.c.obj
[kaladin:ro] [199/398] Building C object zephyr/CMakeFiles/zephyr.dir/subsys/shell/modules/kernel_service/thread/stacks.c.obj
[kaladin:rw] [158/398] Building C object zephyr/CMakeFiles/zephyr.dir/lib/os/sem.c.obj
[fatcatrvp-npcx:rw] [284/386] Linking C static library zephyr/drivers/pinctrl/libdrivers__pinctrl.a
[ptlrvp_mchp:ro] [189/382] Building C object zephyr/arch/arch/arm/core/cortex_m/CMakeFiles/arch__arm__core__cortex_m.dir/thread.c.obj
[ptlrvp_mchp:ro] [190/382] Building C object zephyr/arch/arch/arm/core/cortex_m/CMakeFiles/arch__arm__core__cortex_m.dir/irq_init.c.obj
[kaladin:ro] [200/398] Building C object zephyr/CMakeFiles/zephyr.dir/subsys/shell/modules/kernel_service/thread/unwind.c.obj
[ptlrvp_mchp:rw] [187/382] Building C object zephyr/arch/arch/arm/core/cortex_m/CMakeFiles/arch__arm__core__cortex_m.dir/prep_c.c.obj
[fatcatrvp-npcx:rw] [285/386] Building C object zephyr/drivers/sensor/CMakeFiles/drivers__sensor.dir/mnt/host/source/src/third_party/zephyr/main/misc/empty_file.c.obj
[fatcatrvp-npcx:rw] [286/386] Building C object zephyr/drivers/pwm/CMakeFiles/drivers__pwm.dir/pwm_shell.c.obj
[ptlrvp_mchp:rw] [188/382] Building C object zephyr/arch/arch/arm/core/cortex_m/CMakeFiles/arch__arm__core__cortex_m.dir/thread.c.obj
[fatcatrvp-npcx:rw] [287/386] Linking C static library zephyr/drivers/sensor/libdrivers__sensor.a
[kaladin:rw] [159/398] Building C object zephyr/CMakeFiles/zephyr.dir/lib/os/thread_entry.c.obj
[fatcatrvp-npcx:rw] [288/386] Building C object zephyr/drivers/pwm/CMakeFiles/drivers__pwm.dir/pwm_npcx.c.obj
[ptlrvp_mchp:ro] [191/382] Building C object zephyr/arch/arch/arm/core/mpu/CMakeFiles/arch__arm__core__mpu.dir/arm_core_mpu.c.obj
[ptlrvp_mchp:rw] [189/382] Building C object zephyr/arch/arch/arm/core/cortex_m/CMakeFiles/arch__arm__core__cortex_m.dir/irq_init.c.obj
[ptlrvp_mchp:rw] [190/382] Building C object zephyr/arch/arch/arm/core/cortex_m/CMakeFiles/arch__arm__core__cortex_m.dir/cpu_idle.c.obj
[fatcatrvp-npcx:rw] [289/386] Linking C static library zephyr/drivers/pwm/libdrivers__pwm.a
[ptlrvp_mchp:ro] [192/382] Building C object zephyr/arch/arch/arm/core/cortex_m/CMakeFiles/arch__arm__core__cortex_m.dir/isr_wrapper.c.obj
[ptlrvp_mchp:ro] [193/382] Linking C static library zephyr/arch/arch/arm/core/cortex_m/libarch__arm__core__cortex_m.a
[/mnt/host/source/src/platform/ec/build/zephyr/nereid-lcov]   /mnt/host/source/src/platform/ec/build/zephyr/nereid/build-rw/zephyr/arch/arch/riscv/core/CMakeFiles/arch__riscv__core.dir/cpu_idle.c.gcno:no functions found
[/mnt/host/source/src/platform/ec/build/zephyr/nereid-lcov] stderr:
[ptlrvp_mchp:ro] [194/382] Generating ../../../include/generated/libc/minimal/strerror_table.h
[kaladin:rw] [160/398] Building C object zephyr/CMakeFiles/zephyr.dir/lib/os/cbprintf_nano.c.obj
[ptlrvp_mchp:ro] [195/382] Building C object zephyr/arch/arch/arm/core/mpu/CMakeFiles/arch__arm__core__mpu.dir/arm_mpu.c.obj
[kaladin:ro] [201/398] Building C object zephyr/CMakeFiles/zephyr.dir/subsys/shell/modules/kernel_service/thread/kill.c.obj
[kaladin:ro] [202/398] Building C object zephyr/CMakeFiles/zephyr.dir/subsys/shell/modules/kernel_service/thread/resume.c.obj
[ptlrvp_mchp:rw] [191/382] Building C object zephyr/arch/arch/arm/core/cortex_m/CMakeFiles/arch__arm__core__cortex_m.dir/isr_wrapper.c.obj
[ptlrvp_mchp:ro] [196/382] Building C object zephyr/lib/libc/minimal/CMakeFiles/lib__libc__minimal.dir/source/stdlib/atoi.c.obj
[kaladin:ro] [203/398] Building C object zephyr/CMakeFiles/zephyr.dir/subsys/shell/modules/kernel_service/thread/suspend.c.obj
[ptlrvp_mchp:ro] [197/382] Building C object zephyr/lib/libc/minimal/CMakeFiles/lib__libc__minimal.dir/source/stdlib/strtol.c.obj
[ptlrvp_mchp:rw] [192/382] Linking C static library zephyr/arch/arch/arm/core/cortex_m/libarch__arm__core__cortex_m.a
[ptlrvp_mchp:rw] [193/382] Building C object zephyr/arch/arch/arm/core/mpu/CMakeFiles/arch__arm__core__mpu.dir/arm_mpu_regions.c.obj
[kaladin:rw] [161/398] Building C object zephyr/CMakeFiles/zephyr.dir/lib/os/assert.c.obj
[ptlrvp_mchp:rw] [194/382] Generating ../../../include/generated/libc/minimal/strerror_table.h
[ptlrvp_mchp:rw] [195/382] Building C object zephyr/arch/arch/arm/core/mpu/CMakeFiles/arch__arm__core__mpu.dir/arm_core_mpu.c.obj
[kaladin:rw] [162/398] Building C object zephyr/CMakeFiles/zephyr.dir/lib/utils/dec.c.obj
[ptlrvp_mchp:ro] [198/382] Building C object zephyr/lib/libc/minimal/CMakeFiles/lib__libc__minimal.dir/source/stdlib/strtoul.c.obj
[fatcatrvp-npcx:rw] [290/386] Building C object zephyr/drivers/sensor/nuvoton/nuvoton_tach_npcx/CMakeFiles/drivers__sensor__nuvoton__nuvoton_tach_npcx.dir/tach_nuvoton_npcx.c.obj
[ptlrvp_mchp:ro] [199/382] Building C object zephyr/arch/arch/arm/core/mpu/CMakeFiles/arch__arm__core__mpu.dir/arm_mpu_regions.c.obj
[fatcatrvp-npcx:rw] [291/386] Building C object zephyr/drivers/serial/CMakeFiles/drivers__serial.dir/uart_npcx.c.obj
[ptlrvp_mchp:ro] [200/382] Building C object zephyr/lib/libc/minimal/CMakeFiles/lib__libc__minimal.dir/source/stdlib/strtoll.c.obj
[fatcatrvp-npcx:rw] [292/386] Linking C static library zephyr/drivers/sensor/nuvoton/nuvoton_tach_npcx/libdrivers__sensor__nuvoton__nuvoton_tach_npcx.a
[ptlrvp_mchp:rw] [196/382] Building C object zephyr/lib/libc/minimal/CMakeFiles/lib__libc__minimal.dir/source/stdlib/atoi.c.obj
[ptlrvp_mchp:rw] [197/382] Building C object zephyr/lib/libc/minimal/CMakeFiles/lib__libc__minimal.dir/source/stdlib/strtol.c.obj
[ptlrvp_mchp:ro] [201/382] Building C object zephyr/lib/libc/minimal/CMakeFiles/lib__libc__minimal.dir/source/stdlib/strtoull.c.obj
[ptlrvp_mchp:ro] [202/382] Linking C static library zephyr/arch/arch/arm/core/mpu/libarch__arm__core__mpu.a
[fatcatrvp-npcx:rw] [293/386] Linking C static library zephyr/drivers/serial/libdrivers__serial.a
[fatcatrvp-npcx:rw] [294/386] Building C object zephyr/drivers/syscon/CMakeFiles/drivers__syscon.dir/syscon.c.obj
[ptlrvp_mchp:ro] [203/382] Building C object zephyr/lib/libc/minimal/CMakeFiles/lib__libc__minimal.dir/source/stdlib/bsearch.c.obj
[ptlrvp_mchp:rw] [198/382] Building C object zephyr/lib/libc/minimal/CMakeFiles/lib__libc__minimal.dir/source/stdlib/strtoul.c.obj
[ptlrvp_mchp:rw] [199/382] Building C object zephyr/lib/libc/minimal/CMakeFiles/lib__libc__minimal.dir/source/stdlib/strtoll.c.obj
[ptlrvp_mchp:rw] [200/382] Building C object zephyr/arch/arch/arm/core/mpu/CMakeFiles/arch__arm__core__mpu.dir/arm_mpu.c.obj
[fatcatrvp-npcx:rw] [295/386] Linking C static library zephyr/drivers/syscon/libdrivers__syscon.a
[kaladin:rw] [163/398] Building C object zephyr/CMakeFiles/zephyr.dir/lib/utils/hex.c.obj
[ptlrvp_mchp:rw] [201/382] Building C object zephyr/lib/libc/minimal/CMakeFiles/lib__libc__minimal.dir/source/stdlib/bsearch.c.obj
[ptlrvp_mchp:ro] [204/382] Building C object zephyr/lib/libc/minimal/CMakeFiles/lib__libc__minimal.dir/source/stdlib/qsort.c.obj
[ptlrvp_mchp:rw] [202/382] Linking C static library zephyr/arch/arch/arm/core/mpu/libarch__arm__core__mpu.a
[ptlrvp_mchp:rw] [203/382] Building C object zephyr/lib/libc/minimal/CMakeFiles/lib__libc__minimal.dir/source/stdlib/strtoull.c.obj
[ptlrvp_mchp:ro] [205/382] Building C object zephyr/lib/libc/minimal/CMakeFiles/lib__libc__minimal.dir/source/string/strerror.c.obj
[ptlrvp_mchp:ro] [206/382] Building C object zephyr/lib/libc/minimal/CMakeFiles/lib__libc__minimal.dir/source/string/strncasecmp.c.obj
[kaladin:ro] [204/398] Building C object zephyr/CMakeFiles/zephyr.dir/subsys/shell/shell_fprintf.c.obj
[ptlrvp_mchp:rw] [204/382] Building C object zephyr/lib/libc/common/CMakeFiles/lib__libc__common.dir/source/stdlib/abort.c.obj
[ptlrvp_mchp:rw] [205/382] Building C object zephyr/lib/libc/minimal/CMakeFiles/lib__libc__minimal.dir/source/string/strerror.c.obj
[ptlrvp_mchp:ro] [207/382] Building C object zephyr/lib/libc/minimal/CMakeFiles/lib__libc__minimal.dir/source/string/strstr.c.obj
[kaladin:rw] [164/398] Building C object zephyr/CMakeFiles/zephyr.dir/lib/utils/rb.c.obj
[ptlrvp_mchp:rw] [206/382] Building C object zephyr/lib/libc/minimal/CMakeFiles/lib__libc__minimal.dir/source/stdlib/qsort.c.obj
[ptlrvp_mchp:ro] [208/382] Building C object zephyr/lib/libc/minimal/CMakeFiles/lib__libc__minimal.dir/source/stdlib/exit.c.obj
[kaladin:ro] [205/398] Building C object zephyr/CMakeFiles/zephyr.dir/subsys/shell/backends/shell_uart.c.obj
[fatcatrvp-npcx:rw] [296/386] Building C object zephyr/drivers/timer/CMakeFiles/drivers__timer.dir/sys_clock_init.c.obj
[ptlrvp_mchp:rw] [207/382] Building C object zephyr/lib/libc/minimal/CMakeFiles/lib__libc__minimal.dir/source/string/strncasecmp.c.obj
[ptlrvp_mchp:rw] [208/382] Building C object zephyr/lib/libc/minimal/CMakeFiles/lib__libc__minimal.dir/source/string/strstr.c.obj
[ptlrvp_mchp:ro] [209/382] Building C object zephyr/lib/libc/minimal/CMakeFiles/lib__libc__minimal.dir/source/string/string.c.obj
[kaladin:rw] [165/398] Building C object zephyr/CMakeFiles/zephyr.dir/lib/utils/timeutil.c.obj
[ptlrvp_mchp:ro] [210/382] Building C object zephyr/lib/libc/minimal/CMakeFiles/lib__libc__minimal.dir/source/string/strspn.c.obj
[ptlrvp_mchp:rw] [209/382] Building C object zephyr/lib/libc/minimal/CMakeFiles/lib__libc__minimal.dir/source/string/strspn.c.obj
[ptlrvp_mchp:rw] [210/382] Building C object zephyr/lib/libc/minimal/CMakeFiles/lib__libc__minimal.dir/source/string/string.c.obj
[fatcatrvp-npcx:rw] [297/386] Building C object zephyr/drivers/timer/CMakeFiles/drivers__timer.dir/npcx_itim_timer.c.obj
[kaladin:ro] [206/398] Building C object zephyr/CMakeFiles/zephyr.dir/subsys/shell/shell.c.obj
[ptlrvp_mchp:rw] [211/382] Building C object zephyr/lib/libc/minimal/CMakeFiles/lib__libc__minimal.dir/source/stdlib/exit.c.obj
[fatcatrvp-npcx:rw] [298/386] Building C object zephyr/drivers/watchdog/CMakeFiles/drivers__watchdog.dir/wdt_npcx.c.obj
[/mnt/host/source/src/platform/ec/build/zephyr/nereid-lcov]   /mnt/host/source/src/platform/ec/build/zephyr/nereid/build-rw/zephyr/arch/common/CMakeFiles/isr_tables.dir/isr_tables.c.gcno:no functions found
[/mnt/host/source/src/platform/ec/build/zephyr/nereid-lcov] stderr:
[fatcatrvp-npcx:rw] [299/386] Linking C static library zephyr/drivers/timer/libdrivers__timer.a
[kaladin:rw] [166/398] Building C object zephyr/CMakeFiles/zephyr.dir/lib/utils/bitmask.c.obj
[ptlrvp_mchp:ro] [211/382] Building C object zephyr/lib/libc/minimal/CMakeFiles/lib__libc__minimal.dir/source/stdout/sprintf.c.obj
[ptlrvp_mchp:rw] [212/382] Building C object zephyr/lib/libc/minimal/CMakeFiles/lib__libc__minimal.dir/source/math/sqrtf.c.obj
[kaladin:ro] [207/398] Building C object zephyr/CMakeFiles/zephyr.dir/subsys/shell/shell_utils.c.obj
[ptlrvp_mchp:ro] [212/382] Building C object zephyr/lib/libc/minimal/CMakeFiles/lib__libc__minimal.dir/source/stdout/stdout_console.c.obj
[kaladin:rw] [167/398] Building C object zephyr/CMakeFiles/zephyr.dir/lib/utils/bitarray.c.obj
[kaladin:ro] [208/398] Building C object zephyr/CMakeFiles/zephyr.dir/subsys/shell/shell_ops.c.obj
[fatcatrvp-npcx:rw] [300/386] Building C object zephyr/drivers/watchdog/CMakeFiles/drivers__watchdog.dir/wdt_shell.c.obj
[ptlrvp_mchp:ro] [213/382] Building C object zephyr/lib/libc/minimal/CMakeFiles/lib__libc__minimal.dir/source/stdout/fprintf.c.obj
[ptlrvp_mchp:rw] [213/382] Building C object zephyr/lib/libc/minimal/CMakeFiles/lib__libc__minimal.dir/source/stdout/stdout_console.c.obj
[ptlrvp_mchp:ro] [214/382] Building C object zephyr/lib/libc/minimal/CMakeFiles/lib__libc__minimal.dir/source/math/sqrtf.c.obj
[ptlrvp_mchp:rw] [214/382] Building C object zephyr/lib/libc/minimal/CMakeFiles/lib__libc__minimal.dir/source/stdout/sprintf.c.obj
[fatcatrvp-npcx:rw] [301/386] Linking C static library zephyr/drivers/watchdog/libdrivers__watchdog.a
[ptlrvp_mchp:rw] [215/382] Building C object zephyr/lib/libc/minimal/CMakeFiles/lib__libc__minimal.dir/source/stdout/fprintf.c.obj
[ptlrvp_mchp:rw] [216/382] Building C object zephyr/lib/libc/minimal/CMakeFiles/lib__libc__minimal.dir/source/math/sqrt.c.obj
[ptlrvp_mchp:ro] [215/382] Building C object zephyr/lib/libc/minimal/CMakeFiles/lib__libc__minimal.dir/source/math/sqrt.c.obj
[ptlrvp_mchp:rw] [217/382] Building C object zephyr/lib/libc/common/CMakeFiles/lib__libc__common.dir/source/time/gmtime_r.c.obj
[kaladin:ro] [209/398] Building C object zephyr/CMakeFiles/zephyr.dir/subsys/shell/shell_help.c.obj
[kaladin:rw] [168/398] Building C object zephyr/CMakeFiles/zephyr.dir/lib/utils/getopt/getopt.c.obj
[ptlrvp_mchp:rw] [218/382] Building C object zephyr/lib/libc/common/CMakeFiles/lib__libc__common.dir/source/time/localtime_r_utc.c.obj
[fatcatrvp-npcx:rw] [302/386] Building C object modules/ec/zephyr/CMakeFiles/ec_shim.dir/app/ec/main_shim.c.obj
[ptlrvp_mchp:rw] [219/382] Building C object zephyr/lib/libc/common/CMakeFiles/lib__libc__common.dir/source/time/asctime.c.obj
[ptlrvp_mchp:rw] [220/382] Building C object zephyr/lib/libc/common/CMakeFiles/lib__libc__common.dir/source/time/ctime.c.obj
[ptlrvp_mchp:ro] [216/382] Building C object zephyr/lib/libc/common/CMakeFiles/lib__libc__common.dir/source/time/asctime.c.obj
[fatcatrvp-npcx:rw] [303/386] Building C object modules/ec/zephyr/CMakeFiles/ec_shim.dir/app/ec/ec_app_main.c.obj
[ptlrvp_mchp:rw] [221/382] Building C object zephyr/lib/libc/common/CMakeFiles/lib__libc__common.dir/source/string/strnlen.c.obj
[ptlrvp_mchp:ro] [217/382] Building C object zephyr/lib/libc/common/CMakeFiles/lib__libc__common.dir/source/time/gmtime_r.c.obj
[ptlrvp_mchp:rw] [222/382] Building C object zephyr/lib/libc/common/CMakeFiles/lib__libc__common.dir/source/time/time.c.obj
[kaladin:rw] [169/398] Building C object zephyr/CMakeFiles/zephyr.dir/lib/utils/ring_buffer.c.obj
[ptlrvp_mchp:ro] [218/382] Building C object zephyr/lib/libc/common/CMakeFiles/lib__libc__common.dir/source/stdlib/abort.c.obj
[ptlrvp_mchp:ro] [219/382] Building C object zephyr/lib/libc/minimal/CMakeFiles/lib__libc__minimal.dir/source/time/gmtime.c.obj
[kaladin:rw] [170/398] Building C object zephyr/CMakeFiles/zephyr.dir/lib/utils/getopt/getopt_common.c.obj
[kaladin:ro] [210/398] Building C object zephyr/CMakeFiles/zephyr.dir/drivers/flash/flash_util.c.obj
[ptlrvp_mchp:rw] [223/382] Building C object zephyr/lib/posix/c_lib_ext/CMakeFiles/lib__posix__c_lib_ext.dir/fnmatch.c.obj
[ptlrvp_mchp:rw] [224/382] Building C object zephyr/lib/libc/minimal/CMakeFiles/lib__libc__minimal.dir/source/time/gmtime.c.obj
[kaladin:rw] [171/398] Building C object zephyr/CMakeFiles/zephyr.dir/lib/utils/last_section_id.c.obj
[ptlrvp_mchp:ro] [220/382] Linking C static library zephyr/lib/libc/minimal/liblib__libc__minimal.a
[ptlrvp_mchp:ro] [221/382] Building C object zephyr/lib/libc/common/CMakeFiles/lib__libc__common.dir/source/time/localtime_r_utc.c.obj
[kaladin:ro] [211/398] Building C object zephyr/CMakeFiles/zephyr.dir/subsys/shell/shell_history.c.obj
[ptlrvp_mchp:rw] [225/382] Linking C static library zephyr/lib/libc/minimal/liblib__libc__minimal.a
[kaladin:ro] [212/398] Building C object zephyr/arch/common/CMakeFiles/arch__common.dir/sw_isr_common.c.obj
[ptlrvp_mchp:ro] [222/382] Building C object zephyr/lib/libc/common/CMakeFiles/lib__libc__common.dir/source/time/ctime.c.obj
[kaladin:ro] [213/398] Linking CXX static library zephyr/libzephyr.a
[fatcatrvp-npcx:rw] [304/386] Building C object modules/ec/zephyr/CMakeFiles/ec_shim.dir/drivers/cros_flash/cros_flash_npcx.c.obj
[ptlrvp_mchp:ro] [223/382] Building C object zephyr/lib/libc/common/CMakeFiles/lib__libc__common.dir/source/time/time.c.obj
[ptlrvp_mchp:ro] [224/382] Building C object zephyr/lib/libc/common/CMakeFiles/lib__libc__common.dir/source/string/strnlen.c.obj
[fatcatrvp-npcx:rw] [305/386] Building C object modules/ec/zephyr/CMakeFiles/ec_shim.dir/drivers/keyboard_input/keyboard_customization_check.c.obj
[ptlrvp_mchp:rw] [226/382] Building C object zephyr/lib/libc/common/CMakeFiles/lib__libc__common.dir/source/stdlib/malloc.c.obj
[kaladin:rw] [172/398] Building C object zephyr/CMakeFiles/zephyr.dir/misc/generated/configs.c.obj
[ptlrvp_mchp:ro] [225/382] Building C object zephyr/lib/posix/c_lib_ext/CMakeFiles/lib__posix__c_lib_ext.dir/fnmatch.c.obj
[kaladin:rw] [173/398] Building ASM object zephyr/CMakeFiles/zephyr.dir/soc/ite/ec/common/soc_irq.S.obj
[ptlrvp_mchp:rw] [227/382] Linking C static library zephyr/lib/libc/common/liblib__libc__common.a
[kaladin:ro] [214/398] Building C object zephyr/arch/common/CMakeFiles/arch__common.dir/dynamic_isr.c.obj
[ptlrvp_mchp:rw] [228/382] Building C object zephyr/subsys/crc/CMakeFiles/subsys__crc.dir/crc4_sw.c.obj
[ptlrvp_mchp:rw] [229/382] Building C object zephyr/lib/posix/c_lib_ext/CMakeFiles/lib__posix__c_lib_ext.dir/getentropy.c.obj
[fatcatrvp-npcx:rw] [306/386] Building C object modules/ec/zephyr/CMakeFiles/ec_shim.dir/drivers/cros_system/cros_system_npcx.c.obj
[fatcatrvp-npcx:rw] [307/386] Building C object modules/ec/zephyr/CMakeFiles/ec_shim.dir/drivers/keyboard_input/keyboard_input.c.obj
[ptlrvp_mchp:rw] [230/382] Building C object zephyr/lib/posix/c_lib_ext/CMakeFiles/lib__posix__c_lib_ext.dir/getopt_shim.c.obj
[ptlrvp_mchp:ro] [226/382] Building C object zephyr/lib/libc/common/CMakeFiles/lib__libc__common.dir/source/stdlib/malloc.c.obj
[kaladin:ro] [215/398] Building C object zephyr/arch/common/CMakeFiles/arch__common.dir/init.c.obj
[ptlrvp_mchp:rw] [231/382] Building C object zephyr/subsys/crc/CMakeFiles/subsys__crc.dir/crc16_sw.c.obj
[ptlrvp_mchp:rw] [232/382] Building C object zephyr/subsys/crc/CMakeFiles/subsys__crc.dir/crc8_sw.c.obj
[ptlrvp_mchp:rw] [233/382] Linking C static library zephyr/lib/posix/c_lib_ext/liblib__posix__c_lib_ext.a
[ptlrvp_mchp:ro] [227/382] Linking C static library zephyr/lib/libc/common/liblib__libc__common.a
[ptlrvp_mchp:rw] [234/382] Building C object zephyr/subsys/crc/CMakeFiles/subsys__crc.dir/crc7_sw.c.obj
[ptlrvp_mchp:rw] [235/382] Building C object zephyr/lib/smf/CMakeFiles/lib__smf.dir/smf.c.obj
[kaladin:ro] [216/398] Building C object zephyr/arch/common/CMakeFiles/arch__common.dir/xip.c.obj
[kaladin:rw] [174/398] Building C object zephyr/CMakeFiles/zephyr.dir/soc/ite/ec/common/soc_common_irq.c.obj
[ptlrvp_mchp:rw] [236/382] Building C object zephyr/subsys/crc/CMakeFiles/subsys__crc.dir/crc24_sw.c.obj
[ptlrvp_mchp:rw] [237/382] Building C object zephyr/subsys/crc/CMakeFiles/subsys__crc.dir/crc32c_sw.c.obj
[ptlrvp_mchp:rw] [238/382] Linking C static library zephyr/lib/smf/liblib__smf.a
[ptlrvp_mchp:rw] [239/382] Building C object zephyr/subsys/crc/CMakeFiles/subsys__crc.dir/crc32_sw.c.obj
[ptlrvp_mchp:ro] [228/382] Building C object zephyr/lib/posix/c_lib_ext/CMakeFiles/lib__posix__c_lib_ext.dir/getentropy.c.obj
[kaladin:ro] [217/398] Building C object zephyr/arch/common/CMakeFiles/isr_tables.dir/isr_tables.c.obj
[ptlrvp_mchp:rw] [240/382] Building C object zephyr/subsys/crc/CMakeFiles/subsys__crc.dir/crc32k_4_2_sw.c.obj
[ptlrvp_mchp:ro] [229/382] Building C object zephyr/lib/posix/c_lib_ext/CMakeFiles/lib__posix__c_lib_ext.dir/getopt_shim.c.obj
[kaladin:ro] [218/398] Linking CXX static library zephyr/arch/common/libisr_tables.a
[kaladin:rw] [175/398] Building C object zephyr/CMakeFiles/zephyr.dir/soc/ite/ec/common/power.c.obj
[ptlrvp_mchp:ro] [230/382] Linking C static library zephyr/lib/posix/c_lib_ext/liblib__posix__c_lib_ext.a
[ptlrvp_mchp:rw] [241/382] Linking C static library zephyr/subsys/crc/libsubsys__crc.a
[kaladin:ro] [219/398] Linking CXX static library zephyr/arch/common/libarch__common.a
[fatcatrvp-npcx:rw] [308/386] Building C object modules/ec/zephyr/CMakeFiles/ec_shim.dir/drivers/usbc/ucsi_v3.c.obj
[ptlrvp_mchp:rw] [242/382] Building C object zephyr/subsys/input/CMakeFiles/subsys__input.dir/input_hid.c.obj
[ptlrvp_mchp:ro] [231/382] Building C object zephyr/subsys/crc/CMakeFiles/subsys__crc.dir/crc4_sw.c.obj
[ptlrvp_mchp:ro] [232/382] Building C object zephyr/subsys/crc/CMakeFiles/subsys__crc.dir/crc8_sw.c.obj
[ptlrvp_mchp:ro] [233/382] Building C object zephyr/subsys/crc/CMakeFiles/subsys__crc.dir/crc16_sw.c.obj
[ptlrvp_mchp:ro] [234/382] Building C object zephyr/subsys/crc/CMakeFiles/subsys__crc.dir/crc7_sw.c.obj
[kaladin:ro] [220/398] Building C object zephyr/arch/arch/riscv/core/CMakeFiles/arch__riscv__core.dir/cpu_idle.c.obj
[ptlrvp_mchp:ro] [235/382] Building C object zephyr/subsys/crc/CMakeFiles/subsys__crc.dir/crc24_sw.c.obj
[ptlrvp_mchp:ro] [236/382] Building C object zephyr/lib/smf/CMakeFiles/lib__smf.dir/smf.c.obj
[ptlrvp_mchp:ro] [237/382] Building C object zephyr/subsys/crc/CMakeFiles/subsys__crc.dir/crc32c_sw.c.obj
[ptlrvp_mchp:ro] [238/382] Building C object zephyr/subsys/crc/CMakeFiles/subsys__crc.dir/crc32_sw.c.obj
[ptlrvp_mchp:ro] [239/382] Linking C static library zephyr/lib/smf/liblib__smf.a
[kaladin:rw] [176/398] Building C object zephyr/CMakeFiles/zephyr.dir/soc/ite/ec/common/policy.c.obj
[ptlrvp_mchp:ro] [240/382] Building C object zephyr/subsys/crc/CMakeFiles/subsys__crc.dir/crc32k_4_2_sw.c.obj
[ptlrvp_mchp:rw] [243/382] Building C object zephyr/subsys/input/CMakeFiles/subsys__input.dir/input.c.obj
[fatcatrvp-npcx:rw] [309/386] Building C object modules/ec/zephyr/CMakeFiles/ec_shim.dir/drivers/boot_keys/boot_keys.c.obj
[ptlrvp_mchp:ro] [241/382] Linking C static library zephyr/subsys/crc/libsubsys__crc.a
[fatcatrvp-npcx:rw] [310/386] Building C object modules/ec/zephyr/CMakeFiles/ec_shim.dir/drivers/usbc/pdc_rts54xx.c.obj
[kaladin:ro] [221/398] Building C object zephyr/arch/arch/riscv/core/CMakeFiles/arch__riscv__core.dir/prep_c.c.obj
[ptlrvp_mchp:rw] [244/382] Building C object zephyr/subsys/input/CMakeFiles/subsys__input.dir/input_utils.c.obj
[kaladin:rw] [177/398] Building C object zephyr/CMakeFiles/zephyr.dir/soc/ite/ec/it8xxx2/soc.c.obj
[ptlrvp_mchp:ro] [242/382] Building C object zephyr/subsys/input/CMakeFiles/subsys__input.dir/input_hid.c.obj
[ptlrvp_mchp:rw] [245/382] Building C object zephyr/drivers/interrupt_controller/CMakeFiles/drivers__interrupt_controller.dir/intc_mchp_ecia_xec.c.obj
[ptlrvp_mchp:rw] [246/382] Linking C static library zephyr/subsys/input/libsubsys__input.a
[kaladin:ro] [222/398] Building C object zephyr/arch/arch/riscv/core/CMakeFiles/arch__riscv__core.dir/irq_manage.c.obj
[ptlrvp_mchp:rw] [247/382] Building C object zephyr/drivers/adc/CMakeFiles/drivers__adc.dir/adc_common.c.obj
[ptlrvp_mchp:rw] [248/382] Linking C static library zephyr/drivers/interrupt_controller/libdrivers__interrupt_controller.a
[kaladin:ro] [223/398] Building C object zephyr/arch/arch/riscv/core/CMakeFiles/arch__riscv__core.dir/fatal.c.obj
[kaladin:rw] [178/398] Building C object zephyr/CMakeFiles/zephyr.dir/soc/ite/ec/it8xxx2/check_regs.c.obj
[fatcatrvp-npcx:rw] [311/386] Building C object modules/ec/zephyr/CMakeFiles/ec_shim.dir/drivers/runtime_keys/runtime_keys.c.obj
[kaladin:rw] [179/398] Building ASM object zephyr/CMakeFiles/zephyr.dir/soc/ite/ec/it8xxx2/vector.S.obj
[ptlrvp_mchp:ro] [243/382] Building C object zephyr/subsys/input/CMakeFiles/subsys__input.dir/input.c.obj
[ptlrvp_mchp:ro] [244/382] Building C object zephyr/subsys/input/CMakeFiles/subsys__input.dir/input_utils.c.obj
[kaladin:ro] [224/398] Building C object zephyr/arch/arch/riscv/core/CMakeFiles/arch__riscv__core.dir/reboot.c.obj
[ptlrvp_mchp:ro] [245/382] Linking C static library zephyr/subsys/input/libsubsys__input.a
[ptlrvp_mchp:rw] [249/382] Building C object zephyr/drivers/adc/CMakeFiles/drivers__adc.dir/adc_mchp_xec.c.obj
[ptlrvp_mchp:ro] [246/382] Building C object zephyr/drivers/interrupt_controller/CMakeFiles/drivers__interrupt_controller.dir/intc_mchp_ecia_xec.c.obj
[ptlrvp_mchp:rw] [250/382] Linking C static library zephyr/drivers/adc/libdrivers__adc.a
[ptlrvp_mchp:rw] [251/382] Building C object zephyr/drivers/bbram/CMakeFiles/drivers__bbram.dir/bbram_xec.c.obj
[fatcatrvp-npcx:rw] [312/386] Building C object modules/ec/zephyr/CMakeFiles/ec_shim.dir/shim/chip/npcx/clock.c.obj
[ptlrvp_mchp:rw] [252/382] Building C object zephyr/drivers/console/CMakeFiles/drivers__console.dir/uart_console.c.obj
[fatcatrvp-npcx:rw] [313/386] Building C object modules/ec/zephyr/CMakeFiles/ec_shim.dir/drivers/vivaldi_kbd/vivaldi_kbd.c.obj
[ptlrvp_mchp:ro] [247/382] Linking C static library zephyr/drivers/interrupt_controller/libdrivers__interrupt_controller.a
[kaladin:ro] [225/398] Building ASM object zephyr/arch/arch/riscv/core/CMakeFiles/arch__riscv__core.dir/reset.S.obj
[ptlrvp_mchp:rw] [253/382] Linking C static library zephyr/drivers/console/libdrivers__console.a
[ptlrvp_mchp:rw] [254/382] Linking C static library zephyr/drivers/bbram/libdrivers__bbram.a
[ptlrvp_mchp:rw] [255/382] Building C object zephyr/drivers/clock_control/CMakeFiles/drivers__clock_control.dir/clock_control_mchp_xec.c.obj
[kaladin:rw] [180/398] Building C object zephyr/CMakeFiles/zephyr.dir/soc/ite/ec/it8xxx2/ilm.c.obj
[kaladin:rw] [181/398] Building C object zephyr/CMakeFiles/zephyr.dir/subsys/logging/log_minimal.c.obj
[ptlrvp_mchp:rw] [256/382] Linking C static library zephyr/drivers/clock_control/libdrivers__clock_control.a
[/mnt/host/source/src/platform/ec/build/zephyr/nereid-lcov]   /mnt/host/source/src/platform/ec/build/zephyr/nereid/build-rw/zephyr/CMakeFiles/zephyr.dir/subsys/shell/modules/kernel_service/kernel_shell.c.gcno:no functions found
[/mnt/host/source/src/platform/ec/build/zephyr/nereid-lcov] stderr:
[ptlrvp_mchp:ro] [248/382] Building C object zephyr/drivers/adc/CMakeFiles/drivers__adc.dir/adc_common.c.obj
[kaladin:ro] [226/398] Building ASM object zephyr/arch/arch/riscv/core/CMakeFiles/arch__riscv__core.dir/switch.S.obj
[kaladin:ro] [227/398] Building C object zephyr/arch/arch/riscv/core/CMakeFiles/arch__riscv__core.dir/thread.c.obj
[fatcatrvp-npcx:rw] [314/386] Building C object modules/ec/zephyr/CMakeFiles/ec_shim.dir/shim/chip/npcx/gpio.c.obj
[/mnt/host/source/src/platform/ec/build/zephyr/nereid-lcov]   /mnt/host/source/src/platform/ec/build/zephyr/nereid/build-rw/zephyr/CMakeFiles/zephyr.dir/lib/libc/validate_libc.c.gcno:no functions found
[/mnt/host/source/src/platform/ec/build/zephyr/nereid-lcov] stderr:
[ptlrvp_mchp:ro] [249/382] Building C object zephyr/drivers/adc/CMakeFiles/drivers__adc.dir/adc_mchp_xec.c.obj
[kaladin:ro] [228/398] Building ASM object zephyr/arch/arch/riscv/core/CMakeFiles/arch__riscv__core.dir/isr.S.obj
[kaladin:rw] [182/398] Building C object zephyr/CMakeFiles/zephyr.dir/subsys/pm/state.c.obj
[ptlrvp_mchp:ro] [250/382] Building C object zephyr/drivers/bbram/CMakeFiles/drivers__bbram.dir/bbram_xec.c.obj
[ptlrvp_mchp:ro] [251/382] Linking C static library zephyr/drivers/adc/libdrivers__adc.a
[kaladin:ro] [229/398] Building C object zephyr/arch/arch/riscv/core/CMakeFiles/arch__riscv__core.dir/tls.c.obj
[ptlrvp_mchp:rw] [257/382] Building C object zephyr/drivers/crypto/CMakeFiles/drivers__crypto.dir/crypto_mchp_xec_symcr.c.obj
[ptlrvp_mchp:ro] [252/382] Linking C static library zephyr/drivers/bbram/libdrivers__bbram.a
[fatcatrvp-npcx:rw] [315/386] Building C object modules/ec/zephyr/CMakeFiles/ec_shim.dir/shim/chip/npcx/rom_chip.c.obj
[ptlrvp_mchp:rw] [258/382] Building C object zephyr/drivers/espi/CMakeFiles/drivers__espi.dir/espi_mchp_xec_host_v2.c.obj
[ptlrvp_mchp:rw] [259/382] Linking C static library zephyr/drivers/crypto/libdrivers__crypto.a
[fatcatrvp-npcx:rw] [316/386] Building C object modules/ec/zephyr/CMakeFiles/ec_shim.dir/shim/chip/npcx/system.c.obj
[ptlrvp_mchp:rw] [260/382] Building C object zephyr/drivers/flash/CMakeFiles/drivers__flash.dir/jesd216.c.obj
[kaladin:rw] [183/398] Building C object zephyr/CMakeFiles/zephyr.dir/subsys/pm/pm.c.obj
[ptlrvp_mchp:ro] [253/382] Building C object zephyr/drivers/clock_control/CMakeFiles/drivers__clock_control.dir/clock_control_mchp_xec.c.obj
[ptlrvp_mchp:rw] [261/382] Building C object zephyr/drivers/espi/CMakeFiles/drivers__espi.dir/espi_mchp_xec_v2.c.obj
[ptlrvp_mchp:ro] [254/382] Linking C static library zephyr/drivers/clock_control/libdrivers__clock_control.a
[kaladin:ro] [230/398] Building C object zephyr/arch/arch/riscv/core/CMakeFiles/arch__riscv__core.dir/stacktrace.c.obj
[ptlrvp_mchp:rw] [262/382] Linking C static library zephyr/drivers/espi/libdrivers__espi.a
[fatcatrvp-npcx:rw] [317/386] Building C object modules/ec/zephyr/CMakeFiles/ec_shim.dir/shim/chip/npcx/system_external_storage.c.obj
[kaladin:ro] [231/398] Building C object zephyr/lib/libc/picolibc/CMakeFiles/lib__libc__picolibc.dir/assert.c.obj
[kaladin:ro] [232/398] Linking CXX static library zephyr/arch/arch/riscv/core/libarch__riscv__core.a
[kaladin:rw] [184/398] Building C object zephyr/CMakeFiles/zephyr.dir/subsys/pm/policy/policy_events.c.obj
[ptlrvp_mchp:ro] [255/382] Building C object zephyr/drivers/console/CMakeFiles/drivers__console.dir/uart_console.c.obj
[kaladin:ro] [233/398] Building C object zephyr/lib/libc/picolibc/CMakeFiles/lib__libc__picolibc.dir/cbprintf.c.obj
[ptlrvp_mchp:ro] [256/382] Building C object zephyr/drivers/crypto/CMakeFiles/drivers__crypto.dir/crypto_mchp_xec_symcr.c.obj
[ptlrvp_mchp:ro] [257/382] Linking C static library zephyr/drivers/console/libdrivers__console.a
[ptlrvp_mchp:ro] [258/382] Linking C static library zephyr/drivers/crypto/libdrivers__crypto.a
[kaladin:rw] [185/398] Building C object zephyr/CMakeFiles/zephyr.dir/subsys/pm/policy/policy_latency.c.obj
[ptlrvp_mchp:rw] [263/382] Building C object zephyr/drivers/flash/CMakeFiles/drivers__flash.dir/spi_nor.c.obj
[fatcatrvp-npcx:rw] [318/386] Building C object modules/ec/zephyr/CMakeFiles/ec_shim.dir/shim/chip/npcx/power_policy.c.obj
[/mnt/host/source/src/platform/ec/build/zephyr/nereid-lcov]   /mnt/host/source/src/platform/ec/build/zephyr/nereid/build-rw/zephyr/CMakeFiles/zephyr.dir/lib/utils/last_section_id.c.gcno:no functions found
[/mnt/host/source/src/platform/ec/build/zephyr/nereid-lcov] stderr:
[ptlrvp_mchp:rw] [264/382] Linking C static library zephyr/drivers/flash/libdrivers__flash.a
[ptlrvp_mchp:rw] [265/382] Building C object zephyr/drivers/gpio/CMakeFiles/drivers__gpio.dir/gpio_pca95xx.c.obj
[fatcatrvp-npcx:rw] [319/386] Building C object modules/ec/zephyr/CMakeFiles/ec_shim.dir/shim/core/cortex-m/mpu.c.obj
[ptlrvp_mchp:rw] [266/382] Building C object zephyr/drivers/gpio/CMakeFiles/drivers__gpio.dir/gpio_ite_it8801.c.obj
[ptlrvp_mchp:ro] [259/382] Building C object zephyr/drivers/espi/CMakeFiles/drivers__espi.dir/espi_mchp_xec_host_v2.c.obj
[fatcatrvp-npcx:rw] [320/386] Building C object modules/ec/zephyr/CMakeFiles/ec_shim.dir/shim/src/crc.c.obj
[kaladin:ro] [234/398] Building C object zephyr/lib/libc/picolibc/CMakeFiles/lib__libc__picolibc.dir/chk_fail.c.obj
[kaladin:ro] [235/398] Building C object zephyr/lib/libc/picolibc/CMakeFiles/lib__libc__picolibc.dir/errno_wrap.c.obj
[fatcatrvp-npcx:rw] [321/386] Building C object modules/ec/zephyr/CMakeFiles/ec_shim.dir/shim/core/cortex-m/panic.c.obj
[kaladin:rw] [186/398] Building C object zephyr/CMakeFiles/zephyr.dir/subsys/pm/policy/policy_state_lock.c.obj
[ptlrvp_mchp:rw] [267/382] Building C object zephyr/drivers/gpio/CMakeFiles/drivers__gpio.dir/gpio_mchp_xec.c.obj
[kaladin:ro] [236/398] Building C object zephyr/lib/libc/picolibc/CMakeFiles/lib__libc__picolibc.dir/exit.c.obj
[ptlrvp_mchp:ro] [260/382] Building C object zephyr/drivers/flash/CMakeFiles/drivers__flash.dir/jesd216.c.obj
[ptlrvp_mchp:rw] [268/382] Linking C static library zephyr/drivers/gpio/libdrivers__gpio.a
[kaladin:rw] [187/398] Building C object zephyr/CMakeFiles/zephyr.dir/subsys/pm/device.c.obj
[ptlrvp_mchp:rw] [269/382] Building C object zephyr/drivers/i2c/CMakeFiles/drivers__i2c.dir/i2c_common.c.obj
[ptlrvp_mchp:ro] [261/382] Building C object zephyr/drivers/espi/CMakeFiles/drivers__espi.dir/espi_mchp_xec_v2.c.obj
[ptlrvp_mchp:rw] [270/382] Building C object zephyr/drivers/i2c/CMakeFiles/drivers__i2c.dir/i2c_shell.c.obj
[ptlrvp_mchp:ro] [262/382] Linking C static library zephyr/drivers/espi/libdrivers__espi.a
[fatcatrvp-npcx:rw] [322/386] Building C object modules/ec/zephyr/CMakeFiles/ec_shim.dir/shim/src/console.c.obj
[ptlrvp_mchp:rw] [271/382] Building C object zephyr/drivers/i2c/CMakeFiles/drivers__i2c.dir/i2c_mchp_xec_v2.c.obj
[ptlrvp_mchp:ro] [263/382] Building C object zephyr/drivers/flash/CMakeFiles/drivers__flash.dir/spi_nor.c.obj
[kaladin:ro] [237/398] Building C object zephyr/lib/libc/picolibc/CMakeFiles/lib__libc__picolibc.dir/locks.c.obj
[kaladin:ro] [238/398] Building C object zephyr/lib/libc/picolibc/CMakeFiles/lib__libc__picolibc.dir/stdio.c.obj
[ptlrvp_mchp:ro] [264/382] Linking C static library zephyr/drivers/flash/libdrivers__flash.a
[ptlrvp_mchp:rw] [272/382] Linking C static library zephyr/drivers/i2c/libdrivers__i2c.a
[kaladin:ro] [239/398] Linking CXX static library zephyr/lib/libc/picolibc/liblib__libc__picolibc.a
[fatcatrvp-npcx:rw] [323/386] Building C object modules/ec/zephyr/CMakeFiles/ec_shim.dir/shim/src/gpio_int.c.obj
[kaladin:ro] [240/398] Building C object zephyr/lib/libc/common/CMakeFiles/lib__libc__common.dir/source/stdlib/abort.c.obj
[fatcatrvp-npcx:rw] [324/386] Building C object modules/ec/zephyr/CMakeFiles/ec_shim.dir/shim/src/gpio.c.obj
[kaladin:rw] [188/398] Building C object zephyr/CMakeFiles/zephyr.dir/subsys/pm/device_runtime.c.obj
[kaladin:ro] [241/398] Building C object zephyr/lib/libc/common/CMakeFiles/lib__libc__common.dir/source/time/time.c.obj
[kaladin:ro] [242/398] Building C object zephyr/lib/posix/c_lib_ext/CMakeFiles/lib__posix__c_lib_ext.dir/fnmatch.c.obj
[kaladin:ro] [243/398] Linking CXX static library zephyr/lib/libc/common/liblib__libc__common.a
[kaladin:rw] [189/398] Building C object zephyr/CMakeFiles/zephyr.dir/subsys/pm/device_system_managed.c.obj
[ptlrvp_mchp:rw] [273/382] Building C object zephyr/drivers/input/CMakeFiles/drivers__input.dir/input_ite_it8801_kbd.c.obj
[ptlrvp_mchp:ro] [265/382] Building C object zephyr/drivers/gpio/CMakeFiles/drivers__gpio.dir/gpio_ite_it8801.c.obj
[ptlrvp_mchp:rw] [274/382] Building C object zephyr/drivers/input/CMakeFiles/drivers__input.dir/input_kbd_matrix.c.obj
[ptlrvp_mchp:rw] [275/382] Building C object zephyr/drivers/mfd/CMakeFiles/drivers__mfd.dir/mfd_ite_it8801.c.obj
[ptlrvp_mchp:rw] [276/382] Linking C static library zephyr/drivers/input/libdrivers__input.a
[ptlrvp_mchp:ro] [266/382] Building C object zephyr/drivers/gpio/CMakeFiles/drivers__gpio.dir/gpio_pca95xx.c.obj
[kaladin:ro] [244/398] Building C object zephyr/lib/posix/c_lib_ext/CMakeFiles/lib__posix__c_lib_ext.dir/getentropy.c.obj
[fatcatrvp-npcx:rw] [325/386] Building C object modules/ec/zephyr/CMakeFiles/ec_shim.dir/shim/src/panic_utils.c.obj
[ptlrvp_mchp:rw] [277/382] Building C object zephyr/drivers/mfd/CMakeFiles/drivers__mfd.dir/mfd_it8801_altctrl.c.obj
[kaladin:rw] [190/398] Building C object zephyr/CMakeFiles/zephyr.dir/subsys/testsuite/coverage/coverage.c.obj
[ptlrvp_mchp:rw] [278/382] Building C object zephyr/drivers/pinctrl/CMakeFiles/drivers__pinctrl.dir/common.c.obj
[kaladin:ro] [245/398] Building C object zephyr/subsys/crc/CMakeFiles/subsys__crc.dir/crc4_sw.c.obj
[ptlrvp_mchp:rw] [279/382] Linking C static library zephyr/drivers/mfd/libdrivers__mfd.a
[kaladin:ro] [246/398] Building C object zephyr/lib/posix/c_lib_ext/CMakeFiles/lib__posix__c_lib_ext.dir/getopt_shim.c.obj
[fatcatrvp-npcx:rw] [326/386] Building C object modules/ec/zephyr/CMakeFiles/ec_shim.dir/shim/src/cbi/cros_cbi.c.obj
[ptlrvp_mchp:rw] [280/382] Building C object zephyr/drivers/sensor/CMakeFiles/drivers__sensor.dir/mnt/host/source/src/third_party/zephyr/main/misc/empty_file.c.obj
[ptlrvp_mchp:ro] [267/382] Building C object zephyr/drivers/gpio/CMakeFiles/drivers__gpio.dir/gpio_mchp_xec.c.obj
[kaladin:ro] [247/398] Linking CXX static library zephyr/lib/posix/c_lib_ext/liblib__posix__c_lib_ext.a
[fatcatrvp-npcx:rw] [327/386] Building C object modules/ec/zephyr/CMakeFiles/ec_shim.dir/shim/src/pm_state.c.obj
[kaladin:rw] [191/398] Building C object zephyr/CMakeFiles/zephyr.dir/subsys/tracing/tracing_none.c.obj
[ptlrvp_mchp:rw] [281/382] Linking C static library zephyr/drivers/sensor/libdrivers__sensor.a
[kaladin:ro] [248/398] Building C object zephyr/subsys/crc/CMakeFiles/subsys__crc.dir/crc8_sw.c.obj
[ptlrvp_mchp:ro] [268/382] Linking C static library zephyr/drivers/gpio/libdrivers__gpio.a
[kaladin:ro] [249/398] Building C object zephyr/lib/smf/CMakeFiles/lib__smf.dir/smf.c.obj
[kaladin:ro] [250/398] Linking CXX static library zephyr/lib/smf/liblib__smf.a
[fatcatrvp-npcx:rw] [328/386] Building ASM object modules/ec/zephyr/CMakeFiles/ec_shim.dir/shim/src/libgcc_arm.S.obj
[kaladin:ro] [251/398] Building C object zephyr/subsys/crc/CMakeFiles/subsys__crc.dir/crc16_sw.c.obj
[ptlrvp_mchp:ro] [269/382] Building C object zephyr/drivers/i2c/CMakeFiles/drivers__i2c.dir/i2c_common.c.obj
[ptlrvp_mchp:rw] [282/382] Building C object zephyr/drivers/pwm/CMakeFiles/drivers__pwm.dir/pwm_mchp_xec.c.obj
[ptlrvp_mchp:rw] [283/382] Building C object zephyr/drivers/pinctrl/CMakeFiles/drivers__pinctrl.dir/pinctrl_mchp_xec.c.obj
[kaladin:ro] [252/398] Building C object zephyr/subsys/crc/CMakeFiles/subsys__crc.dir/crc7_sw.c.obj
[fatcatrvp-npcx:rw] [329/386] Building C object modules/ec/zephyr/CMakeFiles/ec_shim.dir/shim/src/popcountsi2.c.obj
[kaladin:ro] [253/398] Building C object zephyr/subsys/crc/CMakeFiles/subsys__crc.dir/crc24_sw.c.obj
[ptlrvp_mchp:rw] [284/382] Linking C static library zephyr/drivers/pwm/libdrivers__pwm.a
[ptlrvp_mchp:rw] [285/382] Linking C static library zephyr/drivers/pinctrl/libdrivers__pinctrl.a
[kaladin:ro] [254/398] Building C object zephyr/subsys/crc/CMakeFiles/subsys__crc.dir/crc32c_sw.c.obj
[kaladin:ro] [255/398] Building C object zephyr/subsys/crc/CMakeFiles/subsys__crc.dir/crc32k_4_2_sw.c.obj
[ptlrvp_mchp:ro] [270/382] Building C object zephyr/drivers/i2c/CMakeFiles/drivers__i2c.dir/i2c_shell.c.obj
[kaladin:ro] [256/398] Building C object zephyr/subsys/crc/CMakeFiles/subsys__crc.dir/crc32_sw.c.obj
[kaladin:rw] [192/398] Building C object zephyr/CMakeFiles/zephyr.dir/subsys/shell/modules/kernel_service/kernel_shell.c.obj
[kaladin:ro] [257/398] Linking CXX static library zephyr/subsys/crc/libsubsys__crc.a
[kaladin:rw] [193/398] Building C object zephyr/CMakeFiles/zephyr.dir/subsys/shell/modules/kernel_service/cycles.c.obj
[fatcatrvp-npcx:rw] [330/386] Building C object modules/ec/zephyr/CMakeFiles/ec_shim.dir/shim/src/cbi/cbi_flash.c.obj
[ptlrvp_mchp:rw] [286/382] Building C object zephyr/drivers/sensor/microchip/mchp_tach_xec/CMakeFiles/drivers__sensor__microchip__mchp_tach_xec.dir/tach_mchp_xec.c.obj
[kaladin:ro] [258/398] Building C object zephyr/subsys/input/CMakeFiles/subsys__input.dir/input_hid.c.obj
[ptlrvp_mchp:rw] [287/382] Linking C static library zephyr/drivers/sensor/microchip/mchp_tach_xec/libdrivers__sensor__microchip__mchp_tach_xec.a
[ptlrvp_mchp:rw] [288/382] Building C object zephyr/drivers/serial/CMakeFiles/drivers__serial.dir/uart_mchp_xec.c.obj
[ptlrvp_mchp:ro] [271/382] Building C object zephyr/drivers/i2c/CMakeFiles/drivers__i2c.dir/i2c_mchp_xec_v2.c.obj
[ptlrvp_mchp:rw] [289/382] Linking C static library zephyr/drivers/serial/libdrivers__serial.a
[ptlrvp_mchp:ro] [272/382] Building C object zephyr/drivers/input/CMakeFiles/drivers__input.dir/input_ite_it8801_kbd.c.obj
[ptlrvp_mchp:ro] [273/382] Linking C static library zephyr/drivers/i2c/libdrivers__i2c.a
[fatcatrvp-npcx:rw] [331/386] Building C object modules/ec/zephyr/CMakeFiles/ec_shim.dir/shim/src/system.c.obj
[ptlrvp_mchp:rw] [290/382] Building C object zephyr/drivers/timer/CMakeFiles/drivers__timer.dir/sys_clock_init.c.obj
[ptlrvp_mchp:rw] [291/382] Building C object zephyr/drivers/spi/CMakeFiles/drivers__spi.dir/spi_xec_qmspi_ldma.c.obj
[kaladin:ro] [259/398] Building C object zephyr/subsys/input/CMakeFiles/subsys__input.dir/input.c.obj
[ptlrvp_mchp:rw] [292/382] Linking C static library zephyr/drivers/spi/libdrivers__spi.a
[ptlrvp_mchp:ro] [274/382] Building C object zephyr/drivers/input/CMakeFiles/drivers__input.dir/input_kbd_matrix.c.obj
[kaladin:rw] [194/398] Building C object zephyr/CMakeFiles/zephyr.dir/subsys/shell/modules/kernel_service/sleep.c.obj
[ptlrvp_mchp:rw] [293/382] Building C object zephyr/drivers/timer/CMakeFiles/drivers__timer.dir/mchp_xec_rtos_timer.c.obj
[ptlrvp_mchp:ro] [275/382] Linking C static library zephyr/drivers/input/libdrivers__input.a
[kaladin:rw] [195/398] Building C object zephyr/CMakeFiles/zephyr.dir/subsys/shell/modules/kernel_service/uptime.c.obj
[fatcatrvp-npcx:rw] [332/386] Building C object modules/ec/zephyr/CMakeFiles/ec_shim.dir/shim/src/pdc_shim.c.obj
[ptlrvp_mchp:rw] [294/382] Linking C static library zephyr/drivers/timer/libdrivers__timer.a
[kaladin:ro] [260/398] Building C object zephyr/drivers/interrupt_controller/CMakeFiles/drivers__interrupt_controller.dir/intc_ite_it8xxx2_v2.c.obj
[kaladin:ro] [261/398] Building C object zephyr/subsys/input/CMakeFiles/subsys__input.dir/input_utils.c.obj
[fatcatrvp-npcx:rw] [333/386] Building C object modules/ec/zephyr/CMakeFiles/ec_shim.dir/shim/src/adc.c.obj
[kaladin:ro] [262/398] Linking CXX static library zephyr/subsys/input/libsubsys__input.a
[ptlrvp_mchp:rw] [295/382] Building C object zephyr/drivers/watchdog/CMakeFiles/drivers__watchdog.dir/wdt_shell.c.obj
[ptlrvp_mchp:ro] [276/382] Building C object zephyr/drivers/mfd/CMakeFiles/drivers__mfd.dir/mfd_it8801_altctrl.c.obj
[ptlrvp_mchp:ro] [277/382] Building C object zephyr/drivers/mfd/CMakeFiles/drivers__mfd.dir/mfd_ite_it8801.c.obj
[ptlrvp_mchp:ro] [278/382] Linking C static library zephyr/drivers/mfd/libdrivers__mfd.a
[fatcatrvp-npcx:rw] [334/386] Building C object modules/ec/zephyr/CMakeFiles/ec_shim.dir/shim/src/battery.c.obj
[ptlrvp_mchp:rw] [296/382] Building C object zephyr/drivers/watchdog/CMakeFiles/drivers__watchdog.dir/wdt_mchp_xec.c.obj
[ptlrvp_mchp:ro] [279/382] Building C object zephyr/drivers/pinctrl/CMakeFiles/drivers__pinctrl.dir/common.c.obj
[kaladin:ro] [263/398] Building C object zephyr/drivers/interrupt_controller/CMakeFiles/drivers__interrupt_controller.dir/wuc_ite_it8xxx2.c.obj
[kaladin:ro] [264/398] Linking CXX static library zephyr/drivers/interrupt_controller/libdrivers__interrupt_controller.a
[kaladin:rw] [196/398] Building C object zephyr/CMakeFiles/zephyr.dir/subsys/shell/modules/kernel_service/version.c.obj
[ptlrvp_mchp:rw] [297/382] Linking C static library zephyr/drivers/watchdog/libdrivers__watchdog.a
[ptlrvp_mchp:ro] [280/382] Building C object zephyr/drivers/sensor/CMakeFiles/drivers__sensor.dir/mnt/host/source/src/third_party/zephyr/main/misc/empty_file.c.obj
[kaladin:ro] [265/398] Building C object zephyr/drivers/adc/CMakeFiles/drivers__adc.dir/adc_common.c.obj
[kaladin:rw] [197/398] Building C object zephyr/CMakeFiles/zephyr.dir/subsys/shell/modules/kernel_service/thread/thread.c.obj
[ptlrvp_mchp:rw] [298/382] Building C object modules/ec/zephyr/CMakeFiles/ec_shim.dir/app/ec/ec_app_main.c.obj
[ptlrvp_mchp:ro] [281/382] Linking C static library zephyr/drivers/sensor/libdrivers__sensor.a
[fatcatrvp-npcx:rw] [335/386] Building C object modules/ec/zephyr/CMakeFiles/ec_shim.dir/shim/src/charger.c.obj
[ptlrvp_mchp:ro] [282/382] Building C object zephyr/drivers/pinctrl/CMakeFiles/drivers__pinctrl.dir/pinctrl_mchp_xec.c.obj
[ptlrvp_mchp:rw] [299/382] Building C object modules/ec/zephyr/CMakeFiles/ec_shim.dir/app/ec/main_shim.c.obj
[ptlrvp_mchp:ro] [283/382] Linking C static library zephyr/drivers/pinctrl/libdrivers__pinctrl.a
[fatcatrvp-npcx:rw] [336/386] Building C object modules/ec/zephyr/CMakeFiles/ec_shim.dir/shim/src/chipset_api.c.obj
[ptlrvp_mchp:ro] [284/382] Building C object zephyr/drivers/pwm/CMakeFiles/drivers__pwm.dir/pwm_mchp_xec.c.obj
[ptlrvp_mchp:ro] [285/382] Linking C static library zephyr/drivers/pwm/libdrivers__pwm.a
[ptlrvp_mchp:rw] [300/382] Building C object modules/ec/zephyr/CMakeFiles/ec_shim.dir/drivers/cros_flash/cros_flash_xec.c.obj
[kaladin:ro] [266/398] Building C object zephyr/drivers/bbram/CMakeFiles/drivers__bbram.dir/bbram_it8xxx2.c.obj
[kaladin:ro] [267/398] Linking CXX static library zephyr/drivers/bbram/libdrivers__bbram.a
[kaladin:ro] [268/398] Building C object zephyr/drivers/adc/CMakeFiles/drivers__adc.dir/adc_ite_it8xxx2.c.obj
[kaladin:ro] [269/398] Building C object zephyr/drivers/console/CMakeFiles/drivers__console.dir/uart_console.c.obj
[kaladin:ro] [270/398] Linking CXX static library zephyr/drivers/adc/libdrivers__adc.a
[kaladin:rw] [198/398] Building C object zephyr/CMakeFiles/zephyr.dir/subsys/shell/modules/kernel_service/thread/list.c.obj
[ptlrvp_mchp:rw] [301/382] Building C object modules/ec/zephyr/CMakeFiles/ec_shim.dir/drivers/cros_flash/cros_flash_mchp_wp.c.obj
[kaladin:ro] [271/398] Linking CXX static library zephyr/drivers/console/libdrivers__console.a
[kaladin:rw] [199/398] Building C object zephyr/CMakeFiles/zephyr.dir/subsys/shell/modules/kernel_service/thread/stacks.c.obj
[ptlrvp_mchp:rw] [302/382] Building C object modules/ec/zephyr/CMakeFiles/ec_shim.dir/drivers/keyboard_input/keyboard_customization_check.c.obj
[fatcatrvp-npcx:rw] [337/386] Building C object modules/ec/zephyr/CMakeFiles/ec_shim.dir/shim/src/espi.c.obj
[ptlrvp_mchp:ro] [286/382] Building C object zephyr/drivers/sensor/microchip/mchp_tach_xec/CMakeFiles/drivers__sensor__microchip__mchp_tach_xec.dir/tach_mchp_xec.c.obj
[ptlrvp_mchp:rw] [303/382] Building C object modules/ec/zephyr/CMakeFiles/ec_shim.dir/drivers/cros_tabletmode_interrupt/tabletmode_interrupt.c.obj
[ptlrvp_mchp:ro] [287/382] Linking C static library zephyr/drivers/sensor/microchip/mchp_tach_xec/libdrivers__sensor__microchip__mchp_tach_xec.a
[ptlrvp_mchp:rw] [304/382] Building C object modules/ec/zephyr/CMakeFiles/ec_shim.dir/drivers/cros_system/cros_system_xec.c.obj
[ptlrvp_mchp:ro] [288/382] Building C object zephyr/drivers/serial/CMakeFiles/drivers__serial.dir/uart_mchp_xec.c.obj
[fatcatrvp-npcx:rw] [338/386] Building C object modules/ec/zephyr/CMakeFiles/ec_shim.dir/shim/src/fan.c.obj
[ptlrvp_mchp:ro] [289/382] Linking C static library zephyr/drivers/serial/libdrivers__serial.a
[fatcatrvp-npcx:rw] [339/386] Building C object modules/ec/zephyr/CMakeFiles/ec_shim.dir/shim/src/flash.c.obj
[ptlrvp_mchp:ro] [290/382] Building C object zephyr/drivers/spi/CMakeFiles/drivers__spi.dir/spi_xec_qmspi_ldma.c.obj
[ptlrvp_mchp:rw] [305/382] Building C object modules/ec/zephyr/CMakeFiles/ec_shim.dir/drivers/keyboard_input/keyboard_input.c.obj
[ptlrvp_mchp:ro] [291/382] Linking C static library zephyr/drivers/spi/libdrivers__spi.a
[ptlrvp_mchp:rw] [306/382] Building C object modules/ec/zephyr/CMakeFiles/ec_shim.dir/drivers/usbc/ucsi_v3.c.obj
[kaladin:rw] [200/398] Building C object zephyr/CMakeFiles/zephyr.dir/subsys/shell/modules/kernel_service/thread/unwind.c.obj
[kaladin:ro] [272/398] Building C object zephyr/drivers/flash/CMakeFiles/drivers__flash.dir/flash_ite_it8xxx2.c.obj
[kaladin:ro] [273/398] Linking CXX static library zephyr/drivers/flash/libdrivers__flash.a
[kaladin:ro] [274/398] Building C object zephyr/drivers/crypto/CMakeFiles/drivers__crypto.dir/crypto_it8xxx2_sha_v2.c.obj
[kaladin:rw] [201/398] Building C object zephyr/CMakeFiles/zephyr.dir/subsys/shell/modules/kernel_service/thread/suspend.c.obj
[kaladin:ro] [275/398] Linking CXX static library zephyr/drivers/crypto/libdrivers__crypto.a
[ptlrvp_mchp:ro] [292/382] Building C object zephyr/drivers/timer/CMakeFiles/drivers__timer.dir/sys_clock_init.c.obj
[ptlrvp_mchp:ro] [293/382] Building C object zephyr/drivers/timer/CMakeFiles/drivers__timer.dir/mchp_xec_rtos_timer.c.obj
[fatcatrvp-npcx:rw] [340/386] Building C object modules/ec/zephyr/CMakeFiles/ec_shim.dir/shim/src/hooks.c.obj
[ptlrvp_mchp:ro] [294/382] Linking C static library zephyr/drivers/timer/libdrivers__timer.a
[ptlrvp_mchp:rw] [307/382] Building C object modules/ec/zephyr/CMakeFiles/ec_shim.dir/drivers/vivaldi_kbd/vivaldi_kbd.c.obj
[fatcatrvp-npcx:rw] [341/386] Building C object modules/ec/zephyr/CMakeFiles/ec_shim.dir/shim/src/host_command.c.obj
[ptlrvp_mchp:ro] [295/382] Building C object zephyr/drivers/watchdog/CMakeFiles/drivers__watchdog.dir/wdt_shell.c.obj
[fatcatrvp-npcx:rw] [342/386] Building C object modules/ec/zephyr/CMakeFiles/ec_shim.dir/shim/src/console_buffer.c.obj
[ptlrvp_mchp:rw] [308/382] Building C object modules/ec/zephyr/CMakeFiles/ec_shim.dir/shim/chip/mchp/gpio.c.obj
[ptlrvp_mchp:rw] [309/382] Building C object modules/ec/zephyr/CMakeFiles/ec_shim.dir/drivers/usbc/pdc_rts54xx.c.obj
[kaladin:ro] [276/398] Building C object zephyr/drivers/espi/CMakeFiles/drivers__espi.dir/espi_it8xxx2.c.obj
[ptlrvp_mchp:rw] [310/382] Building C object modules/ec/zephyr/CMakeFiles/ec_shim.dir/shim/chip/mchp/clock.c.obj
[kaladin:rw] [202/398] Building C object zephyr/CMakeFiles/zephyr.dir/subsys/shell/modules/kernel_service/thread/resume.c.obj
[kaladin:ro] [277/398] Linking CXX static library zephyr/drivers/espi/libdrivers__espi.a
[ptlrvp_mchp:ro] [296/382] Building C object zephyr/drivers/watchdog/CMakeFiles/drivers__watchdog.dir/wdt_mchp_xec.c.obj
[kaladin:ro] [278/398] Building C object zephyr/drivers/i2c/CMakeFiles/drivers__i2c.dir/i2c_common.c.obj
[ptlrvp_mchp:ro] [297/382] Linking C static library zephyr/drivers/watchdog/libdrivers__watchdog.a
[kaladin:rw] [203/398] Building C object zephyr/CMakeFiles/zephyr.dir/subsys/shell/modules/kernel_service/thread/kill.c.obj
[fatcatrvp-npcx:rw] [343/386] Building C object modules/ec/zephyr/CMakeFiles/ec_shim.dir/shim/src/mkbp_event.c.obj
[ptlrvp_mchp:rw] [311/382] Building C object modules/ec/zephyr/CMakeFiles/ec_shim.dir/shim/chip/mchp/system.c.obj
[ptlrvp_mchp:ro] [298/382] Building C object modules/ec/zephyr/CMakeFiles/ec_shim.dir/app/ec/ec_app_main.c.obj
[fatcatrvp-npcx:rw] [344/386] Building C object modules/ec/zephyr/CMakeFiles/ec_shim.dir/shim/src/panic.c.obj
[ptlrvp_mchp:ro] [299/382] Building C object modules/ec/zephyr/CMakeFiles/ec_shim.dir/app/ec/main_shim.c.obj
[kaladin:ro] [279/398] Building C object zephyr/drivers/gpio/CMakeFiles/drivers__gpio.dir/gpio_ite_it8xxx2_v2.c.obj
[ptlrvp_mchp:rw] [312/382] Building C object modules/ec/zephyr/CMakeFiles/ec_shim.dir/shim/chip/mchp/system_download_from_flash.c.obj
[kaladin:ro] [280/398] Building C object zephyr/drivers/i2c/CMakeFiles/drivers__i2c.dir/i2c_bitbang.c.obj
[kaladin:ro] [281/398] Linking CXX static library zephyr/drivers/gpio/libdrivers__gpio.a
[ptlrvp_mchp:rw] [313/382] Building C object modules/ec/zephyr/CMakeFiles/ec_shim.dir/shim/chip/mchp/system_external_storage.c.obj
[kaladin:rw] [204/398] Building C object zephyr/CMakeFiles/zephyr.dir/subsys/shell/backends/shell_uart.c.obj
[ptlrvp_mchp:rw] [314/382] Building C object modules/ec/zephyr/CMakeFiles/ec_shim.dir/shim/core/cortex-m/mpu.c.obj
[ptlrvp_mchp:rw] [315/382] Building C object modules/ec/zephyr/CMakeFiles/ec_shim.dir/shim/src/crc.c.obj
[fatcatrvp-npcx:rw] [345/386] Building C object modules/ec/zephyr/CMakeFiles/ec_shim.dir/shim/src/temp_sensors.c.obj
[ptlrvp_mchp:ro] [300/382] Building C object modules/ec/zephyr/CMakeFiles/ec_shim.dir/drivers/cros_flash/cros_flash_xec.c.obj
[fatcatrvp-npcx:rw] [346/386] Building C object modules/ec/zephyr/CMakeFiles/ec_shim.dir/shim/src/thermal.c.obj
[ptlrvp_mchp:rw] [316/382] Building C object modules/ec/zephyr/CMakeFiles/ec_shim.dir/shim/core/cortex-m/panic.c.obj
[kaladin:ro] [282/398] Building C object zephyr/drivers/i2c/CMakeFiles/drivers__i2c.dir/i2c_shell.c.obj
[fatcatrvp-npcx:rw] [347/386] Building C object modules/ec/zephyr/CMakeFiles/ec_shim.dir/shim/src/hwtimer.c.obj
[ptlrvp_mchp:ro] [301/382] Building C object modules/ec/zephyr/CMakeFiles/ec_shim.dir/drivers/cros_tabletmode_interrupt/tabletmode_interrupt.c.obj
[ptlrvp_mchp:ro] [302/382] Building C object modules/ec/zephyr/CMakeFiles/ec_shim.dir/drivers/cros_flash/cros_flash_mchp_wp.c.obj
[kaladin:rw] [205/398] Building C object zephyr/CMakeFiles/zephyr.dir/subsys/shell/shell.c.obj
[ptlrvp_mchp:ro] [303/382] Building C object modules/ec/zephyr/CMakeFiles/ec_shim.dir/drivers/keyboard_input/keyboard_customization_check.c.obj
[ptlrvp_mchp:rw] [317/382] Building C object modules/ec/zephyr/CMakeFiles/ec_shim.dir/shim/src/console.c.obj
[kaladin:ro] [283/398] Building C object zephyr/drivers/input/CMakeFiles/drivers__input.dir/input_ite_it8xxx2_kbd.c.obj
[kaladin:rw] [206/398] Building C object zephyr/CMakeFiles/zephyr.dir/subsys/shell/shell_fprintf.c.obj
[ptlrvp_mchp:rw] [318/382] Building C object modules/ec/zephyr/CMakeFiles/ec_shim.dir/shim/src/gpio_int.c.obj
[fatcatrvp-npcx:rw] [348/386] Building C object modules/ec/zephyr/CMakeFiles/ec_shim.dir/shim/src/i2c.c.obj
[ptlrvp_mchp:ro] [304/382] Building C object modules/ec/zephyr/CMakeFiles/ec_shim.dir/drivers/cros_system/cros_system_xec.c.obj
[ptlrvp_mchp:rw] [319/382] Building C object modules/ec/zephyr/CMakeFiles/ec_shim.dir/shim/src/gpio.c.obj
[ptlrvp_mchp:rw] [320/382] Building C object modules/ec/zephyr/CMakeFiles/ec_shim.dir/shim/src/panic_utils.c.obj
[kaladin:ro] [284/398] Building C object zephyr/drivers/pinctrl/CMakeFiles/drivers__pinctrl.dir/common.c.obj
[kaladin:ro] [285/398] Building C object zephyr/drivers/i2c/CMakeFiles/drivers__i2c.dir/i2c_ite_enhance.c.obj
[fatcatrvp-npcx:rw] [349/386] Building C object modules/ec/zephyr/CMakeFiles/ec_shim.dir/shim/src/tasks.c.obj
[kaladin:ro] [286/398] Building C object zephyr/drivers/input/CMakeFiles/drivers__input.dir/input_kbd_matrix.c.obj
[kaladin:ro] [287/398] Linking CXX static library zephyr/drivers/i2c/libdrivers__i2c.a
[kaladin:ro] [288/398] Linking CXX static library zephyr/drivers/input/libdrivers__input.a
[fatcatrvp-npcx:rw] [350/386] Building C object modules/ec/zephyr/CMakeFiles/ec_shim.dir/shim/src/watchdog.c.obj
[kaladin:rw] [207/398] Building C object zephyr/CMakeFiles/zephyr.dir/subsys/shell/shell_utils.c.obj
[/mnt/host/source/src/platform/ec/build/zephyr/nereid-lcov]   /mnt/host/source/src/platform/ec/build/zephyr/nereid/build-rw/zephyr/CMakeFiles/zephyr.dir/soc/ite/ec/it8xxx2/check_regs.c.gcno:no functions found
[/mnt/host/source/src/platform/ec/build/zephyr/nereid-lcov] stderr:
[ptlrvp_mchp:ro] [305/382] Building C object modules/ec/zephyr/CMakeFiles/ec_shim.dir/drivers/keyboard_input/keyboard_input.c.obj
[kaladin:rw] [208/398] Building C object zephyr/CMakeFiles/zephyr.dir/subsys/shell/shell_ops.c.obj
[ptlrvp_mchp:ro] [306/382] Building C object modules/ec/zephyr/CMakeFiles/ec_shim.dir/drivers/usbc/ucsi_v3.c.obj
[ptlrvp_mchp:rw] [321/382] Building C object modules/ec/zephyr/CMakeFiles/ec_shim.dir/shim/src/cbi/cros_cbi.c.obj
[ptlrvp_mchp:rw] [322/382] Building C object modules/ec/zephyr/CMakeFiles/ec_shim.dir/shim/src/cbi/cbi_flash.c.obj
[fatcatrvp-npcx:rw] [351/386] Building C object modules/ec/zephyr/CMakeFiles/ec_shim.dir/shim/src/power_host_sleep_api.c.obj
[fatcatrvp-npcx:rw] [352/386] Building C object modules/ec/zephyr/CMakeFiles/ec_shim.dir/shim/src/sha256_hw.c.obj
[fatcatrvp-npcx:rw] [353/386] Building C object zephyr/kernel/CMakeFiles/kernel.dir/main_weak.c.obj
[ptlrvp_mchp:ro] [307/382] Building C object modules/ec/zephyr/CMakeFiles/ec_shim.dir/drivers/usbc/pdc_rts54xx.c.obj
[ptlrvp_mchp:rw] [323/382] Building ASM object modules/ec/zephyr/CMakeFiles/ec_shim.dir/shim/src/libgcc_arm.S.obj
[ptlrvp_mchp:rw] [324/382] Building C object modules/ec/zephyr/CMakeFiles/ec_shim.dir/shim/src/led_driver/led.c.obj
[ptlrvp_mchp:rw] [325/382] Building C object modules/ec/zephyr/CMakeFiles/ec_shim.dir/shim/src/led_driver/led_gpio.c.obj
[fatcatrvp-npcx:rw] [354/386] Linking C static library modules/ec/zephyr/libec_shim.a
[kaladin:rw] [209/398] Building C object zephyr/CMakeFiles/zephyr.dir/subsys/shell/shell_help.c.obj
[ptlrvp_mchp:rw] [326/382] Building C object modules/ec/zephyr/CMakeFiles/ec_shim.dir/shim/src/popcountsi2.c.obj
[kaladin:ro] [289/398] Building C object zephyr/drivers/pwm/CMakeFiles/drivers__pwm.dir/pwm_shell.c.obj
[kaladin:rw] [210/398] Building C object zephyr/CMakeFiles/zephyr.dir/subsys/shell/shell_history.c.obj
[kaladin:ro] [290/398] Building C object zephyr/drivers/pwm/CMakeFiles/drivers__pwm.dir/pwm_ite_it8xxx2.c.obj
[kaladin:ro] [291/398] Building C object zephyr/drivers/pinctrl/CMakeFiles/drivers__pinctrl.dir/pinctrl_ite_it8xxx2.c.obj
[kaladin:ro] [292/398] Linking CXX static library zephyr/drivers/sensor/libdrivers__sensor.a
[kaladin:ro] [293/398] Linking CXX static library zephyr/drivers/pwm/libdrivers__pwm.a
[kaladin:ro] [294/398] Linking CXX static library zephyr/drivers/pinctrl/libdrivers__pinctrl.a
[ptlrvp_mchp:ro] [308/382] Building C object modules/ec/zephyr/CMakeFiles/ec_shim.dir/shim/chip/mchp/clock.c.obj
[ptlrvp_mchp:ro] [309/382] Building C object modules/ec/zephyr/CMakeFiles/ec_shim.dir/drivers/vivaldi_kbd/vivaldi_kbd.c.obj
[ptlrvp_mchp:rw] [327/382] Building C object modules/ec/zephyr/CMakeFiles/ec_shim.dir/shim/src/system.c.obj
[fatcatrvp-npcx:rw] [355/386] Building C object zephyr/kernel/CMakeFiles/kernel.dir/busy_wait.c.obj
[fatcatrvp-npcx:rw] [356/386] Building C object zephyr/kernel/CMakeFiles/kernel.dir/banner.c.obj
[ptlrvp_mchp:ro] [310/382] Building C object modules/ec/zephyr/CMakeFiles/ec_shim.dir/shim/chip/mchp/gpio.c.obj
[kaladin:rw] [211/398] Building C object zephyr/arch/common/CMakeFiles/arch__common.dir/sw_isr_common.c.obj
[fatcatrvp-npcx:rw] [357/386] Building C object zephyr/kernel/CMakeFiles/kernel.dir/device.c.obj
[ptlrvp_mchp:rw] [328/382] Building C object modules/ec/zephyr/CMakeFiles/ec_shim.dir/shim/src/adc.c.obj
[kaladin:rw] [212/398] Building C object zephyr/CMakeFiles/zephyr.dir/drivers/flash/flash_util.c.obj
[ptlrvp_mchp:rw] [329/382] Building C object modules/ec/zephyr/CMakeFiles/ec_shim.dir/shim/src/battery.c.obj
[kaladin:ro] [295/398] Building C object zephyr/drivers/serial/CMakeFiles/drivers__serial.dir/uart_ite_it8xxx2.c.obj
[kaladin:rw] [213/398] Linking CXX static library zephyr/libzephyr.a
[ptlrvp_mchp:rw] [330/382] Building C object modules/ec/zephyr/CMakeFiles/ec_shim.dir/shim/src/pdc_shim.c.obj
[kaladin:ro] [296/398] Building C object zephyr/drivers/sensor/ite/ite_tach_it8xxx2/CMakeFiles/drivers__sensor__ite__ite_tach_it8xxx2.dir/tach_ite_it8xxx2.c.obj
[ptlrvp_mchp:ro] [311/382] Building C object modules/ec/zephyr/CMakeFiles/ec_shim.dir/shim/chip/mchp/system.c.obj
[kaladin:ro] [297/398] Building C object zephyr/drivers/sensor/ite/ite_vcmp_it8xxx2/CMakeFiles/drivers__sensor__ite__ite_vcmp_it8xxx2.dir/vcmp_ite_it8xxx2.c.obj
[kaladin:ro] [298/398] Linking CXX static library zephyr/drivers/sensor/ite/ite_tach_it8xxx2/libdrivers__sensor__ite__ite_tach_it8xxx2.a
[kaladin:ro] [299/398] Linking CXX static library zephyr/drivers/syscon/libdrivers__syscon.a
[kaladin:ro] [300/398] Linking CXX static library zephyr/drivers/sensor/ite/ite_vcmp_it8xxx2/libdrivers__sensor__ite__ite_vcmp_it8xxx2.a
[fatcatrvp-npcx:rw] [358/386] Building C object zephyr/kernel/CMakeFiles/kernel.dir/errno.c.obj
[ptlrvp_mchp:rw] [331/382] Building C object modules/ec/zephyr/CMakeFiles/ec_shim.dir/shim/src/charger.c.obj
[ptlrvp_mchp:ro] [312/382] Building C object modules/ec/zephyr/CMakeFiles/ec_shim.dir/shim/chip/mchp/system_external_storage.c.obj
[kaladin:rw] [214/398] Building C object zephyr/arch/common/CMakeFiles/arch__common.dir/dynamic_isr.c.obj
[fatcatrvp-npcx:rw] [359/386] Building C object zephyr/kernel/CMakeFiles/kernel.dir/fatal.c.obj
[ptlrvp_mchp:ro] [313/382] Building C object modules/ec/zephyr/CMakeFiles/ec_shim.dir/shim/chip/mchp/system_download_from_flash.c.obj
[kaladin:rw] [215/398] Building C object zephyr/arch/common/CMakeFiles/arch__common.dir/init.c.obj
[fatcatrvp-npcx:rw] [360/386] Building C object zephyr/kernel/CMakeFiles/kernel.dir/init.c.obj
[ptlrvp_mchp:rw] [332/382] Building C object modules/ec/zephyr/CMakeFiles/ec_shim.dir/shim/src/chipset_api.c.obj
[kaladin:ro] [301/398] Building C object zephyr/drivers/timer/CMakeFiles/drivers__timer.dir/sys_clock_init.c.obj
[kaladin:ro] [302/398] Building C object zephyr/drivers/serial/CMakeFiles/drivers__serial.dir/uart_ns16550.c.obj
[kaladin:ro] [303/398] Linking CXX static library zephyr/drivers/serial/libdrivers__serial.a
[kaladin:ro] [304/398] Building C object zephyr/drivers/timer/CMakeFiles/drivers__timer.dir/ite_it8xxx2_timer.c.obj
[ptlrvp_mchp:ro] [314/382] Building C object modules/ec/zephyr/CMakeFiles/ec_shim.dir/shim/core/cortex-m/mpu.c.obj
[ptlrvp_mchp:rw] [333/382] Building C object modules/ec/zephyr/CMakeFiles/ec_shim.dir/shim/src/fan.c.obj
[kaladin:rw] [216/398] Building C object zephyr/arch/common/CMakeFiles/arch__common.dir/xip.c.obj
[ptlrvp_mchp:ro] [315/382] Building C object modules/ec/zephyr/CMakeFiles/ec_shim.dir/shim/core/cortex-m/panic.c.obj
[ptlrvp_mchp:rw] [334/382] Building C object modules/ec/zephyr/CMakeFiles/ec_shim.dir/shim/src/espi.c.obj
[fatcatrvp-npcx:rw] [361/386] Building C object zephyr/kernel/CMakeFiles/kernel.dir/kheap.c.obj
[kaladin:rw] [217/398] Building C object zephyr/arch/common/CMakeFiles/isr_tables.dir/isr_tables.c.obj
[kaladin:ro] [305/398] Linking CXX static library zephyr/drivers/timer/libdrivers__timer.a
[kaladin:rw] [218/398] Linking CXX static library zephyr/arch/common/libisr_tables.a
[ptlrvp_mchp:rw] [335/382] Building C object modules/ec/zephyr/CMakeFiles/ec_shim.dir/shim/src/flash.c.obj
[fatcatrvp-npcx:rw] [362/386] Building C object zephyr/kernel/CMakeFiles/kernel.dir/mem_slab.c.obj
[kaladin:rw] [219/398] Linking CXX static library zephyr/arch/common/libarch__common.a
[ptlrvp_mchp:ro] [316/382] Building C object modules/ec/zephyr/CMakeFiles/ec_shim.dir/shim/src/crc.c.obj
[fatcatrvp-npcx:rw] [363/386] Building C object zephyr/kernel/CMakeFiles/kernel.dir/version.c.obj
[ptlrvp_mchp:ro] [317/382] Building C object modules/ec/zephyr/CMakeFiles/ec_shim.dir/shim/src/console.c.obj
[fatcatrvp-npcx:rw] [364/386] Building C object zephyr/kernel/CMakeFiles/kernel.dir/float.c.obj
[kaladin:rw] [220/398] Building C object zephyr/arch/arch/riscv/core/CMakeFiles/arch__riscv__core.dir/cpu_idle.c.obj
[ptlrvp_mchp:rw] [336/382] Building C object modules/ec/zephyr/CMakeFiles/ec_shim.dir/shim/src/hooks.c.obj
[kaladin:ro] [306/398] Building C object zephyr/drivers/watchdog/CMakeFiles/drivers__watchdog.dir/wdt_ite_it8xxx2.c.obj
[ptlrvp_mchp:rw] [337/382] Building C object modules/ec/zephyr/CMakeFiles/ec_shim.dir/shim/src/host_command.c.obj
[fatcatrvp-npcx:rw] [365/386] Building C object zephyr/kernel/CMakeFiles/kernel.dir/mailbox.c.obj
[kaladin:ro] [307/398] Building C object zephyr/drivers/watchdog/CMakeFiles/drivers__watchdog.dir/wdt_shell.c.obj
[ptlrvp_mchp:rw] [338/382] Building C object modules/ec/zephyr/CMakeFiles/ec_shim.dir/shim/src/console_buffer.c.obj
[fatcatrvp-npcx:rw] [366/386] Building C object zephyr/kernel/CMakeFiles/kernel.dir/idle.c.obj
[ptlrvp_mchp:rw] [339/382] Building C object modules/ec/zephyr/CMakeFiles/ec_shim.dir/shim/src/mkbp_event.c.obj
[ptlrvp_mchp:ro] [318/382] Building C object modules/ec/zephyr/CMakeFiles/ec_shim.dir/shim/src/gpio.c.obj
[kaladin:ro] [308/398] Building C object modules/ec/zephyr/CMakeFiles/ec_shim.dir/app/ec/ec_app_main.c.obj
[ptlrvp_mchp:ro] [319/382] Building C object modules/ec/zephyr/CMakeFiles/ec_shim.dir/shim/src/gpio_int.c.obj
[kaladin:ro] [309/398] Linking CXX static library zephyr/drivers/watchdog/libdrivers__watchdog.a
[ptlrvp_mchp:ro] [320/382] Building C object modules/ec/zephyr/CMakeFiles/ec_shim.dir/shim/src/panic_utils.c.obj
[fatcatrvp-npcx:rw] [367/386] Building C object zephyr/kernel/CMakeFiles/kernel.dir/msg_q.c.obj
[kaladin:rw] [221/398] Building C object zephyr/arch/arch/riscv/core/CMakeFiles/arch__riscv__core.dir/irq_manage.c.obj
[kaladin:rw] [222/398] Building C object zephyr/arch/arch/riscv/core/CMakeFiles/arch__riscv__core.dir/fatal.c.obj
[kaladin:ro] [310/398] Building C object modules/ec/zephyr/CMakeFiles/ec_shim.dir/app/ec/main_shim.c.obj
[kaladin:rw] [223/398] Building C object zephyr/arch/arch/riscv/core/CMakeFiles/arch__riscv__core.dir/prep_c.c.obj
[ptlrvp_mchp:rw] [340/382] Building C object modules/ec/zephyr/CMakeFiles/ec_shim.dir/shim/src/panic.c.obj
[ptlrvp_mchp:rw] [341/382] Building C object modules/ec/zephyr/CMakeFiles/ec_shim.dir/shim/src/hwtimer.c.obj
[fatcatrvp-npcx:rw] [368/386] Building C object zephyr/kernel/CMakeFiles/kernel.dir/queue.c.obj
[fatcatrvp-npcx:rw] [369/386] Building C object zephyr/kernel/CMakeFiles/kernel.dir/mutex.c.obj
[ptlrvp_mchp:rw] [342/382] Building C object modules/ec/zephyr/CMakeFiles/ec_shim.dir/shim/src/thermal.c.obj
[fatcatrvp-npcx:rw] [370/386] Building C object zephyr/kernel/CMakeFiles/kernel.dir/sem.c.obj
[ptlrvp_mchp:ro] [321/382] Building C object modules/ec/zephyr/CMakeFiles/ec_shim.dir/shim/src/cbi/cros_cbi.c.obj
[ptlrvp_mchp:rw] [343/382] Building C object modules/ec/zephyr/CMakeFiles/ec_shim.dir/shim/src/temp_sensors.c.obj
[kaladin:ro] [311/398] Building C object modules/ec/zephyr/CMakeFiles/ec_shim.dir/app/ec/chip/riscv/riscv-ite/it8xxx2-espi.c.obj
[kaladin:ro] [312/398] Building C object modules/ec/zephyr/CMakeFiles/ec_shim.dir/drivers/cros_flash/cros_flash_it8xxx2.c.obj
[kaladin:rw] [224/398] Building C object zephyr/arch/arch/riscv/core/CMakeFiles/arch__riscv__core.dir/reboot.c.obj
[ptlrvp_mchp:ro] [322/382] Building C object modules/ec/zephyr/CMakeFiles/ec_shim.dir/shim/src/cbi/cbi_flash.c.obj
[ptlrvp_mchp:ro] [323/382] Building C object modules/ec/zephyr/CMakeFiles/ec_shim.dir/shim/src/led_driver/led.c.obj
[kaladin:rw] [225/398] Building ASM object zephyr/arch/arch/riscv/core/CMakeFiles/arch__riscv__core.dir/reset.S.obj
[ptlrvp_mchp:ro] [324/382] Building ASM object modules/ec/zephyr/CMakeFiles/ec_shim.dir/shim/src/libgcc_arm.S.obj
[kaladin:ro] [313/398] Building C object modules/ec/zephyr/CMakeFiles/ec_shim.dir/drivers/cros_kblight/pwm_kblight.c.obj
[ptlrvp_mchp:ro] [325/382] Building C object modules/ec/zephyr/CMakeFiles/ec_shim.dir/shim/src/popcountsi2.c.obj
[fatcatrvp-npcx:rw] [371/386] Building C object zephyr/kernel/CMakeFiles/kernel.dir/stack.c.obj
[fatcatrvp-npcx:rw] [372/386] Building C object zephyr/kernel/CMakeFiles/kernel.dir/system_work_q.c.obj
[ptlrvp_mchp:rw] [344/382] Building C object modules/ec/zephyr/CMakeFiles/ec_shim.dir/shim/src/i2c.c.obj
[ptlrvp_mchp:rw] [345/382] Building C object modules/ec/zephyr/CMakeFiles/ec_shim.dir/shim/src/tasks.c.obj
[fatcatrvp-npcx:rw] [373/386] Building C object zephyr/kernel/CMakeFiles/kernel.dir/work.c.obj
[kaladin:rw] [226/398] Building ASM object zephyr/arch/arch/riscv/core/CMakeFiles/arch__riscv__core.dir/switch.S.obj
[ptlrvp_mchp:rw] [346/382] Building C object modules/ec/zephyr/CMakeFiles/ec_shim.dir/shim/src/watchdog.c.obj
[ptlrvp_mchp:ro] [326/382] Building C object modules/ec/zephyr/CMakeFiles/ec_shim.dir/shim/src/led_driver/led_gpio.c.obj
[kaladin:ro] [314/398] Building C object modules/ec/zephyr/CMakeFiles/ec_shim.dir/mnt/host/source/src/platform/ec/build/zephyr/kaladin/modules/ec/common/lid_angle_keyboard_policy.c.obj
[kaladin:ro] [315/398] Building C object modules/ec/zephyr/CMakeFiles/ec_shim.dir/drivers/cros_system/cros_system_it8xxx2.c.obj
[ptlrvp_mchp:rw] [347/382] Building C object modules/ec/zephyr/CMakeFiles/ec_shim.dir/shim/src/power_host_sleep_api.c.obj
[kaladin:rw] [227/398] Building C object zephyr/arch/arch/riscv/core/CMakeFiles/arch__riscv__core.dir/thread.c.obj
[kaladin:ro] [316/398] Building C object modules/ec/zephyr/CMakeFiles/ec_shim.dir/drivers/keyboard_input/keyboard_customization_check.c.obj
[ptlrvp_mchp:ro] [327/382] Building C object modules/ec/zephyr/CMakeFiles/ec_shim.dir/shim/src/system.c.obj
[fatcatrvp-npcx:rw] [374/386] Building C object zephyr/kernel/CMakeFiles/kernel.dir/condvar.c.obj
[ptlrvp_mchp:rw] [348/382] Building C object zephyr/kernel/CMakeFiles/kernel.dir/main_weak.c.obj
[fatcatrvp-npcx:rw] [375/386] Building C object zephyr/kernel/CMakeFiles/kernel.dir/thread.c.obj
[ptlrvp_mchp:rw] [349/382] Building C object zephyr/kernel/CMakeFiles/kernel.dir/banner.c.obj
[kaladin:ro] [317/398] Building C object modules/ec/zephyr/CMakeFiles/ec_shim.dir/drivers/hibernate/hibernate_z5.c.obj
[ptlrvp_mchp:rw] [350/382] Building C object modules/ec/zephyr/CMakeFiles/ec_shim.dir/shim/src/sha256_hw.c.obj
[ptlrvp_mchp:ro] [328/382] Building C object modules/ec/zephyr/CMakeFiles/ec_shim.dir/shim/src/pdc_shim.c.obj
[/mnt/host/source/src/platform/ec/build/zephyr/nereid-lcov]   /mnt/host/source/src/platform/ec/build/zephyr/nereid/build-rw/zephyr/drivers/sensor/CMakeFiles/drivers__sensor.dir/mnt/host/source/src/third_party/zephyr/main/misc/empty_file.c.gcno:no functions found
[/mnt/host/source/src/platform/ec/build/zephyr/nereid-lcov] Filter suppressions 'region':
[kaladin:rw] [228/398] Building ASM object zephyr/arch/arch/riscv/core/CMakeFiles/arch__riscv__core.dir/isr.S.obj
[kaladin:rw] [229/398] Building C object zephyr/arch/arch/riscv/core/CMakeFiles/arch__riscv__core.dir/tls.c.obj
[ptlrvp_mchp:rw] [351/382] Building C object zephyr/kernel/CMakeFiles/kernel.dir/busy_wait.c.obj
[/mnt/host/source/src/platform/ec/build/zephyr/nereid-lcov]     42 instances
[/mnt/host/source/src/platform/ec/build/zephyr/nereid-lcov]     36 coverpoints
[/mnt/host/source/src/platform/ec/build/zephyr/nereid-lcov] Message summary:
[/mnt/host/source/src/platform/ec/build/zephyr/nereid-lcov]   31 ignore messages:
[/mnt/host/source/src/platform/ec/build/zephyr/nereid-lcov]     gcov: 31
[ptlrvp_mchp:rw] [352/382] Linking C static library modules/ec/zephyr/libec_shim.a
[fatcatrvp-npcx:rw] [376/386] Building C object zephyr/kernel/CMakeFiles/kernel.dir/sched.c.obj
[ptlrvp_mchp:ro] [329/382] Building C object modules/ec/zephyr/CMakeFiles/ec_shim.dir/shim/src/adc.c.obj
[kaladin:ro] [318/398] Building C object modules/ec/zephyr/CMakeFiles/ec_shim.dir/drivers/keyboard_input/col_gpio_drive.c.obj
[ptlrvp_mchp:ro] [330/382] Building C object modules/ec/zephyr/CMakeFiles/ec_shim.dir/shim/src/battery.c.obj
[ptlrvp_mchp:rw] [353/382] Building C object zephyr/kernel/CMakeFiles/kernel.dir/device.c.obj
[kaladin:ro] [319/398] Building C object modules/ec/zephyr/CMakeFiles/ec_shim.dir/drivers/keyboard_input/keyboard_input.c.obj
[ptlrvp_mchp:rw] [354/382] Building C object zephyr/kernel/CMakeFiles/kernel.dir/errno.c.obj
[fatcatrvp-npcx:rw] [377/386] Building C object zephyr/kernel/CMakeFiles/kernel.dir/pipe.c.obj
[fatcatrvp-npcx:rw] [378/386] Building C object zephyr/kernel/CMakeFiles/kernel.dir/spinlock_validate.c.obj
[ptlrvp_mchp:ro] [331/382] Building C object modules/ec/zephyr/CMakeFiles/ec_shim.dir/shim/src/charger.c.obj
[ptlrvp_mchp:rw] [355/382] Building C object zephyr/kernel/CMakeFiles/kernel.dir/fatal.c.obj
[kaladin:rw] [230/398] Building C object zephyr/lib/libc/picolibc/CMakeFiles/lib__libc__picolibc.dir/assert.c.obj
[ptlrvp_mchp:rw] [356/382] Building C object zephyr/kernel/CMakeFiles/kernel.dir/init.c.obj
[fatcatrvp-npcx:rw] [379/386] Building C object zephyr/kernel/CMakeFiles/kernel.dir/thread_monitor.c.obj
[kaladin:rw] [231/398] Building C object zephyr/arch/arch/riscv/core/CMakeFiles/arch__riscv__core.dir/stacktrace.c.obj
[kaladin:ro] [320/398] Building C object modules/ec/zephyr/CMakeFiles/ec_shim.dir/drivers/usbc/ucsi_v3.c.obj
[fatcatrvp-npcx:rw] [380/386] Building C object zephyr/kernel/CMakeFiles/kernel.dir/timeout.c.obj
[kaladin:rw] [232/398] Linking CXX static library zephyr/arch/arch/riscv/core/libarch__riscv__core.a
[ptlrvp_mchp:rw] [357/382] Building C object zephyr/kernel/CMakeFiles/kernel.dir/version.c.obj
[ptlrvp_mchp:ro] [332/382] Building C object modules/ec/zephyr/CMakeFiles/ec_shim.dir/shim/src/chipset_api.c.obj
[ptlrvp_mchp:rw] [358/382] Building C object zephyr/kernel/CMakeFiles/kernel.dir/mem_slab.c.obj
[fatcatrvp-npcx:rw] [381/386] Building C object zephyr/kernel/CMakeFiles/kernel.dir/timer.c.obj
[ptlrvp_mchp:ro] [333/382] Building C object modules/ec/zephyr/CMakeFiles/ec_shim.dir/shim/src/espi.c.obj
[ptlrvp_mchp:rw] [359/382] Building C object zephyr/kernel/CMakeFiles/kernel.dir/kheap.c.obj
[ptlrvp_mchp:rw] [360/382] Building C object zephyr/kernel/CMakeFiles/kernel.dir/float.c.obj
[fatcatrvp-npcx:rw] [382/386] Building C object zephyr/kernel/CMakeFiles/kernel.dir/poll.c.obj
[kaladin:rw] [233/398] Building C object zephyr/lib/libc/picolibc/CMakeFiles/lib__libc__picolibc.dir/cbprintf.c.obj
[kaladin:ro] [321/398] Building C object modules/ec/zephyr/CMakeFiles/ec_shim.dir/drivers/boot_keys/boot_keys.c.obj
[fatcatrvp-npcx:rw] [383/386] Building C object zephyr/kernel/CMakeFiles/kernel.dir/events.c.obj
[ptlrvp_mchp:rw] [361/382] Building C object zephyr/kernel/CMakeFiles/kernel.dir/idle.c.obj
[kaladin:rw] [234/398] Building C object zephyr/lib/libc/picolibc/CMakeFiles/lib__libc__picolibc.dir/chk_fail.c.obj
[ptlrvp_mchp:ro] [334/382] Building C object modules/ec/zephyr/CMakeFiles/ec_shim.dir/shim/src/fan.c.obj
Running (initial) lcov on /mnt/host/source/src/platform/ec/build/zephyr/it82002_evb.
[fatcatrvp-npcx:rw] [384/386] Building C object zephyr/kernel/CMakeFiles/kernel.dir/mempool.c.obj
[kaladin:ro] [322/398] Building C object modules/ec/zephyr/CMakeFiles/ec_shim.dir/drivers/runtime_keys/runtime_keys.c.obj
[ptlrvp_mchp:rw] [362/382] Building C object zephyr/kernel/CMakeFiles/kernel.dir/mailbox.c.obj
[fatcatrvp-npcx:rw] [385/386] Building C object zephyr/kernel/CMakeFiles/kernel.dir/dynamic_disabled.c.obj
[fatcatrvp-npcx:rw] [386/386] Linking C static library zephyr/kernel/libkernel.a
[brtk:ro] Building: /usr/bin/ninja -C /mnt/host/source/src/platform/ec/build/zephyr/brtk/build-ro all.libraries
Running `env -i SHELL=/bin/bash COLORTERM=truecolor DEPOT_TOOLS_UPDATE=0 LESS='-R -M --shift 5' SUDO_GID=0 JDK_HOME=/etc/java-config-2/current-system-vm CONFIG_PROTECT_MASK='/etc/gentoo-release /etc/sandbox.d /etc/fonts/fonts.conf /etc/terminfo /etc/ca-certificates.conf /etc/revdep-rebuild' CHROMEOS_CACHEDIR=/var/cache/chromeos-cache JAVA_HOME=/etc/java-config-2/current-system-vm SSH_AUTH_SOCK=/tmp/ssh-auth-sock SUDO_COMMAND=/bin/bash SUDO_USER=root SUDO_TTY=/dev/pts/2 EDITOR=/usr/bin/vi PWD=/mnt/host/source/src/platform/ec CONFIG_PROTECT=/usr/share/gnupg/qualified.txt LOGNAME=jpmurphy MANPATH=/etc/java-config-2/current-system-vm/man:/usr/local/share/man:/usr/share/man:/usr/share/gcc-data/x86_64-pc-linux-gnu/10.2.0/man:/usr/share/binutils-data/x86_64-pc-linux-gnu/2.45/man:/etc/java-config-2/current-system-vm/man/ SUDO_HOME=/root XAUTHORITY=/run/user/944457/gdm/Xauthority HOME=/home/jpmurphy LANG=C.UTF-8 LS_COLORS='rs=0:di=01;34:ln=01;36:mh=00:pi=40;33:so=01;35:do=01;35:bd=40;33;01:cd=40;33;01:or=01;05;37;41:mi=01;05;37;41:su=37;41:sg=30;43:ca=30;41:tw=30;42:ow=34;42:st=37;44:ex=01;32:*.tar=01;31:*.tgz=01;31:*.arc=01;31:*.arj=01;31:*.taz=01;31:*.lha=01;31:*.lz4=01;31:*.lzh=01;31:*.lzma=01;31:*.tlz=01;31:*.txz=01;31:*.tzo=01;31:*.t7z=01;31:*.zip=01;31:*.z=01;31:*.dz=01;31:*.gz=01;31:*.lrz=01;31:*.lz=01;31:*.lzo=01;31:*.xz=01;31:*.zst=01;31:*.tzst=01;31:*.bz2=01;31:*.bz=01;31:*.tbz=01;31:*.tbz2=01;31:*.tz=01;31:*.deb=01;31:*.rpm=01;31:*.jar=01;31:*.war=01;31:*.ear=01;31:*.sar=01;31:*.rar=01;31:*.alz=01;31:*.ace=01;31:*.zoo=01;31:*.cpio=01;31:*.7z=01;31:*.rz=01;31:*.cab=01;31:*.wim=01;31:*.swm=01;31:*.dwm=01;31:*.esd=01;31:*.jpg=01;35:*.jpeg=01;35:*.mjpg=01;35:*.mjpeg=01;35:*.gif=01;35:*.bmp=01;35:*.pbm=01;35:*.pgm=01;35:*.ppm=01;35:*.tga=01;35:*.xbm=01;35:*.xpm=01;35:*.tif=01;35:*.tiff=01;35:*.png=01;35:*.svg=01;35:*.svgz=01;35:*.mng=01;35:*.pcx=01;35:*.mov=01;35:*.mpg=01;35:*.mpeg=01;35:*.m2v=01;35:*.mkv=01;35:*.webm=01;35:*.webp=01;35:*.ogm=01;35:*.mp4=01;35:*.m4v=01;35:*.mp4v=01;35:*.vob=01;35:*.qt=01;35:*.nuv=01;35:*.wmv=01;35:*.asf=01;35:*.rm=01;35:*.rmvb=01;35:*.flc=01;35:*.avi=01;35:*.fli=01;35:*.flv=01;35:*.gl=01;35:*.dl=01;35:*.xcf=01;35:*.xwd=01;35:*.yuv=01;35:*.cgm=01;35:*.emf=01;35:*.ogv=01;35:*.ogx=01;35:*.cfg=00;32:*.conf=00;32:*.diff=00;32:*.doc=00;32:*.ini=00;32:*.log=00;32:*.patch=00;32:*.pdf=00;32:*.ps=00;32:*.tex=00;32:*.txt=00;32:*.aac=00;36:*.au=00;36:*.flac=00;36:*.m4a=00;36:*.mid=00;36:*.midi=00;36:*.mka=00;36:*.mp3=00;36:*.mpc=00;36:*.ogg=00;36:*.ra=00;36:*.wav=00;36:*.oga=00;36:*.opus=00;36:*.spx=00;36:*.xspf=00;36:' XDG_CURRENT_DESKTOP=GNOME INFOPATH=/usr/share/info:/usr/share/gcc-data/x86_64-pc-linux-gnu/10.2.0/info:/usr/share/binutils-data/x86_64-pc-linux-gnu/2.45/info:/usr/share/automake-1.16.5/info JAVAC=/etc/java-config-2/current-system-vm/bin/javac TERM=xterm-256color LESSOPEN='|lesspipe %s' USER=jpmurphy CROS_WORKON_SRCROOT=/mnt/host/source MANPAGER=manpager DISPLAY=:1 SHLVL=1 LC_MESSAGES=C EXTERNAL_TRUNK_PATH=/mnt/8f9d649a-3721-44cc-93c0-e6bd21a9689f/chromiumos GCC_SPECS='' PATH=/mnt/host/source/chromite/bin:/usr/local/bin:/usr/bin:/bin:/opt/bin:/mnt/host/source/chromite/sdk/bin:/mnt/host/source/chromite/bin PORTAGE_USERNAME=jpmurphy SUDO_UID=0 GCC_VER=10.2.0 MAIL=/var/mail/jpmurphy OLDPWD=/mnt/host/source/src/scripts traceparent=00-e87aca51550a78635907baa6a2476181-6d684811675d2973-01 _=./zephyr/firmware_builder.py COREBOOT_SDK_ROOT_x86=/home/jpmurphy/.cache/coreboot-sdk/i386-elf/dfbb0486385d938cfa9d73080b9d18d598ed4f49 COREBOOT_SDK_ROOT_picolibc_x86=/home/jpmurphy/.cache/coreboot-sdk/picolibc-i386-elf/eb8e8e687b95461de8cbf278f1c2076952d0ad17 COREBOOT_SDK_ROOT_riscv64=/home/jpmurphy/.cache/coreboot-sdk/riscv64-elf/96b949749225b6aaa92ed810ab769e8dfb12f000 COREBOOT_SDK_ROOT_picolibc_arm=/home/jpmurphy/.cache/coreboot-sdk/picolibc-arm-eabi/422a2aa3e1ef891b5bece9a3deb696ff83840d2e COREBOOT_SDK_ROOT_nds32=/home/jpmurphy/.cache/coreboot-sdk/nds32le-elf/d1a518c4a097666d86058e1444f85ca015d15511 COREBOOT_SDK_ROOT_picolibc_riscv64=/home/jpmurphy/.cache/coreboot-sdk/picolibc-riscv64-elf/f571e990ef0278564b31124f8bb109d9a697eb69 COREBOOT_SDK_ROOT_arm=/home/jpmurphy/.cache/coreboot-sdk/arm-eabi/ea40ddd1d190c3b48435c474c0b545719371813a COREBOOT_SDK_ROOT_libstdcxx_riscv64=/home/jpmurphy/.cache/coreboot-sdk/libstdcxx-riscv64-elf/17abf22a3a252e2d5d2062ced5324f7a623689e0 COREBOOT_SDK_ROOT_libstdcxx_arm=/home/jpmurphy/.cache/coreboot-sdk/libstdcxx-arm-eabi/5d7d82e150e44aa1968f1d366e267e6687b328ac COREBOOT_SDK_ROOT_riscv=/home/jpmurphy/.cache/coreboot-sdk/riscv-elf/9a27b9e82341c6e9126624f516ab3f261abb3e73 COREBOOT_SDK_ROOT_libstdcxx_x86=/home/jpmurphy/.cache/coreboot-sdk/libstdcxx-i386-elf/42ef9d2e87a76a37963175d7d428734e65648b87 PYTHONPATH=/mnt/host/source/src/platform/ec/zephyr/zmake PW_PIGWEED_CIPD_INSTALL_DIR=/usr CROSTC_USER_ACKNOWLEDGES_THAT_RISCV_IS_EXPERIMENTAL=1 MAKEFLAGS=' -j16 --jobserver-auth=5,6' /usr/bin/ninja -C /mnt/host/source/src/platform/ec/build/zephyr/brtk/build-ro all.libraries`
[brtk:ro] ninja: Entering directory `/mnt/host/source/src/platform/ec/build/zephyr/brtk/build-ro'
[kaladin:ro] [323/398] Building C object modules/ec/zephyr/CMakeFiles/ec_shim.dir/drivers/usbc/pdc_rts54xx.c.obj
[ptlrvp_mchp:rw] [363/382] Building C object zephyr/kernel/CMakeFiles/kernel.dir/msg_q.c.obj
Running `env -i PYTHONPATH=/usr/lib64/python-exec/python3.11:/mnt/host/source/src/platform/ec/zephyr/zmake:/usr/lib/python311.zip:/usr/lib/python3.11:/usr/lib/python3.11/lib-dynload:/usr/lib/python3.11/site-packages PW_PIGWEED_CIPD_INSTALL_DIR=/usr CROSTC_USER_ACKNOWLEDGES_THAT_RISCV_IS_EXPERIMENTAL=1 PATH=/mnt/host/source/chromite/bin:/usr/local/bin:/usr/bin:/bin:/opt/bin:/mnt/host/source/chromite/sdk/bin:/mnt/host/source/chromite/bin HOME=/home/jpmurphy JAVA_HOME=/etc/java-config-2/current-system-vm JDK_HOME=/etc/java-config-2/current-system-vm JAVAC=/etc/java-config-2/current-system-vm/bin/javac MAKEFLAGS=' -j16 --jobserver-auth=5,6' /usr/bin/lcov --gcov-tool /mnt/host/source/src/platform/ec/build/zephyr/it82002_evb/build-singleimage/gcov.sh -q -o - -c -d /mnt/host/source/src/platform/ec/build/zephyr/it82002_evb -t it82002_evb --rc branch_coverage=1 --filter range --ignore-errors inconsistent,source --ignore-errors gcov,gcov -i`
[ptlrvp_mchp:ro] [335/382] Building C object modules/ec/zephyr/CMakeFiles/ec_shim.dir/shim/src/flash.c.obj
[kaladin:rw] [235/398] Building C object zephyr/lib/libc/picolibc/CMakeFiles/lib__libc__picolibc.dir/errno_wrap.c.obj
[ptlrvp_mchp:rw] [364/382] Building C object zephyr/kernel/CMakeFiles/kernel.dir/mutex.c.obj
[ptlrvp_mchp:ro] [336/382] Building C object modules/ec/zephyr/CMakeFiles/ec_shim.dir/shim/src/hooks.c.obj
[ptlrvp_mchp:rw] [365/382] Building C object zephyr/kernel/CMakeFiles/kernel.dir/queue.c.obj
[ptlrvp_mchp:rw] [366/382] Building C object zephyr/kernel/CMakeFiles/kernel.dir/sem.c.obj
[kaladin:rw] [236/398] Building C object zephyr/lib/libc/picolibc/CMakeFiles/lib__libc__picolibc.dir/exit.c.obj
[kaladin:ro] [324/398] Building C object modules/ec/zephyr/CMakeFiles/ec_shim.dir/drivers/vivaldi_kbd/vivaldi_kbd.c.obj
[ptlrvp_mchp:rw] [367/382] Building C object zephyr/kernel/CMakeFiles/kernel.dir/stack.c.obj
[brtk:ro] [1/395] Generating include/generated/zephyr/version.h
[kaladin:rw] [237/398] Building C object zephyr/lib/libc/picolibc/CMakeFiles/lib__libc__picolibc.dir/locks.c.obj
[brtk:ro] -- git describe warned: warning: tag 'upstream/v2.7.99' is externally known as 'v2.7.99'
[brtk:ro] -- Zephyr version: 4.3.99 (/mnt/host/source/src/third_party/zephyr/main)
[brtk:ro] [2/395] Preparing syscall dependency handling
[ptlrvp_mchp:rw] [368/382] Building C object zephyr/kernel/CMakeFiles/kernel.dir/system_work_q.c.obj
[ptlrvp_mchp:ro] [337/382] Building C object modules/ec/zephyr/CMakeFiles/ec_shim.dir/shim/src/host_command.c.obj
[kaladin:ro] [325/398] Building C object modules/ec/zephyr/CMakeFiles/ec_shim.dir/shim/chip/it8xxx2/clock.c.obj
[brtk:ro] [3/395] Generating misc/generated/syscalls_subdirs.trigger
[kaladin:rw] [238/398] Building C object zephyr/lib/libc/picolibc/CMakeFiles/lib__libc__picolibc.dir/stdio.c.obj
[kaladin:ro] [326/398] Building C object modules/ec/zephyr/CMakeFiles/ec_shim.dir/shim/chip/it8xxx2/gpio.c.obj
[kaladin:rw] [239/398] Linking CXX static library zephyr/lib/libc/picolibc/liblib__libc__picolibc.a
[ptlrvp_mchp:rw] [369/382] Building C object zephyr/kernel/CMakeFiles/kernel.dir/condvar.c.obj
[kaladin:rw] [240/398] Building C object zephyr/lib/libc/common/CMakeFiles/lib__libc__common.dir/source/time/time.c.obj
[ptlrvp_mchp:ro] [338/382] Building C object modules/ec/zephyr/CMakeFiles/ec_shim.dir/shim/src/console_buffer.c.obj
[ptlrvp_mchp:rw] [370/382] Building C object zephyr/kernel/CMakeFiles/kernel.dir/work.c.obj
[/mnt/host/source/src/platform/ec/build/zephyr/it82002_evb-lcov] geninfo: WARNING: using JSON module "JSON::PP" - which is much slower than some alternatives.  Consider installing one of JSON::XS or Cpanel::JSON::XS
[ptlrvp_mchp:ro] [339/382] Building C object modules/ec/zephyr/CMakeFiles/ec_shim.dir/shim/src/mkbp_event.c.obj
[kaladin:rw] [241/398] Building C object zephyr/lib/libc/common/CMakeFiles/lib__libc__common.dir/source/stdlib/abort.c.obj
[kaladin:rw] [242/398] Building C object zephyr/lib/posix/c_lib_ext/CMakeFiles/lib__posix__c_lib_ext.dir/fnmatch.c.obj
[kaladin:rw] [243/398] Linking CXX static library zephyr/lib/libc/common/liblib__libc__common.a
[ptlrvp_mchp:rw] [371/382] Building C object zephyr/kernel/CMakeFiles/kernel.dir/thread.c.obj
[kaladin:ro] [327/398] Building C object modules/ec/zephyr/CMakeFiles/ec_shim.dir/shim/chip/it8xxx2/system.c.obj
[ptlrvp_mchp:rw] [372/382] Building C object zephyr/kernel/CMakeFiles/kernel.dir/sched.c.obj
[ptlrvp_mchp:rw] [373/382] Building C object zephyr/kernel/CMakeFiles/kernel.dir/pipe.c.obj
[kaladin:ro] [328/398] Building C object modules/ec/zephyr/CMakeFiles/ec_shim.dir/shim/chip/it8xxx2/power_policy.c.obj
[brtk:ro] [4/395] Generating misc/generated/syscalls.json, misc/generated/struct_tags.json
[kaladin:ro] [329/398] Building C object modules/ec/zephyr/CMakeFiles/ec_shim.dir/shim/src/crc.c.obj
[ptlrvp_mchp:ro] [340/382] Building C object modules/ec/zephyr/CMakeFiles/ec_shim.dir/shim/src/panic.c.obj
[ptlrvp_mchp:rw] [374/382] Building C object zephyr/kernel/CMakeFiles/kernel.dir/spinlock_validate.c.obj
[ptlrvp_mchp:rw] [375/382] Building C object zephyr/kernel/CMakeFiles/kernel.dir/thread_monitor.c.obj
[kaladin:rw] [244/398] Building C object zephyr/lib/posix/c_lib_ext/CMakeFiles/lib__posix__c_lib_ext.dir/getentropy.c.obj
[brtk:ro] [5/395] Generating include/generated/zephyr/syscall_dispatch.c, include/generated/zephyr/syscall_exports_llext.c, syscall_weakdefs_llext.c, include/generated/zephyr/syscall_list.h
[ptlrvp_mchp:ro] [341/382] Building C object modules/ec/zephyr/CMakeFiles/ec_shim.dir/shim/src/thermal.c.obj
[ptlrvp_mchp:rw] [376/382] Building C object zephyr/kernel/CMakeFiles/kernel.dir/timeout.c.obj
[kaladin:rw] [245/398] Building C object zephyr/lib/posix/c_lib_ext/CMakeFiles/lib__posix__c_lib_ext.dir/getopt_shim.c.obj
[kaladin:rw] [246/398] Building C object zephyr/subsys/crc/CMakeFiles/subsys__crc.dir/crc4_sw.c.obj
[brtk:ro] [6/395] Generating include/generated/zephyr/driver-validation.h
[ptlrvp_mchp:ro] [342/382] Building C object modules/ec/zephyr/CMakeFiles/ec_shim.dir/shim/src/temp_sensors.c.obj
[kaladin:rw] [247/398] Building C object zephyr/lib/smf/CMakeFiles/lib__smf.dir/smf.c.obj
[kaladin:ro] [330/398] Building C object modules/ec/zephyr/CMakeFiles/ec_shim.dir/shim/src/console.c.obj
[kaladin:rw] [248/398] Linking CXX static library zephyr/lib/posix/c_lib_ext/liblib__posix__c_lib_ext.a
[kaladin:rw] [249/398] Building C object zephyr/subsys/crc/CMakeFiles/subsys__crc.dir/crc8_sw.c.obj
[ptlrvp_mchp:rw] [377/382] Building C object zephyr/kernel/CMakeFiles/kernel.dir/timer.c.obj
[brtk:ro] [7/395] Generating include/generated/zephyr/kobj-types-enum.h, include/generated/zephyr/otype-to-str.h, include/generated/zephyr/otype-to-size.h
[ptlrvp_mchp:rw] [378/382] Building C object zephyr/kernel/CMakeFiles/kernel.dir/poll.c.obj
[kaladin:rw] [250/398] Linking CXX static library zephyr/lib/smf/liblib__smf.a
[kaladin:rw] [251/398] Building C object zephyr/subsys/crc/CMakeFiles/subsys__crc.dir/crc16_sw.c.obj
[brtk:ro] [8/395] Generating include/generated/device-api-sections.ld, include/generated/device-api-sections.cmake
[ptlrvp_mchp:ro] [343/382] Building C object modules/ec/zephyr/CMakeFiles/ec_shim.dir/shim/src/hwtimer.c.obj
[kaladin:rw] [252/398] Building C object zephyr/subsys/crc/CMakeFiles/subsys__crc.dir/crc24_sw.c.obj
[kaladin:rw] [253/398] Building C object zephyr/subsys/crc/CMakeFiles/subsys__crc.dir/crc7_sw.c.obj
[ptlrvp_mchp:rw] [379/382] Building C object zephyr/kernel/CMakeFiles/kernel.dir/mempool.c.obj
[kaladin:rw] [254/398] Building C object zephyr/subsys/crc/CMakeFiles/subsys__crc.dir/crc32c_sw.c.obj
[ptlrvp_mchp:rw] [380/382] Building C object zephyr/kernel/CMakeFiles/kernel.dir/events.c.obj
[brtk:ro] [9/395] Building C object zephyr/drivers/interrupt_controller/CMakeFiles/drivers__interrupt_controller.dir/mnt/host/source/src/third_party/zephyr/main/misc/empty_file.c.obj
[kaladin:rw] [255/398] Building C object zephyr/subsys/crc/CMakeFiles/subsys__crc.dir/crc32_sw.c.obj
[kaladin:rw] [256/398] Building C object zephyr/subsys/crc/CMakeFiles/subsys__crc.dir/crc32k_4_2_sw.c.obj
[brtk:ro] [10/395] Linking C static library zephyr/drivers/interrupt_controller/libdrivers__interrupt_controller.a
[kaladin:rw] [257/398] Linking CXX static library zephyr/subsys/crc/libsubsys__crc.a
[brtk:ro] [11/395] Building C object zephyr/drivers/sensor/CMakeFiles/drivers__sensor.dir/mnt/host/source/src/third_party/zephyr/main/misc/empty_file.c.obj
[kaladin:ro] [331/398] Building C object modules/ec/zephyr/CMakeFiles/ec_shim.dir/shim/src/gpio_int.c.obj
[ptlrvp_mchp:rw] [381/382] Building C object zephyr/kernel/CMakeFiles/kernel.dir/dynamic_disabled.c.obj
[kaladin:ro] [332/398] Building C object modules/ec/zephyr/CMakeFiles/ec_shim.dir/shim/src/gpio.c.obj
[kaladin:rw] [258/398] Building C object zephyr/subsys/input/CMakeFiles/subsys__input.dir/input_hid.c.obj
[brtk:ro] [12/395] Linking C static library zephyr/drivers/sensor/libdrivers__sensor.a
[ptlrvp_mchp:rw] [382/382] Linking C static library zephyr/kernel/libkernel.a
[brtk:rw] Building: /usr/bin/ninja -C /mnt/host/source/src/platform/ec/build/zephyr/brtk/build-rw all.libraries
Running `env -i SHELL=/bin/bash COLORTERM=truecolor DEPOT_TOOLS_UPDATE=0 LESS='-R -M --shift 5' SUDO_GID=0 JDK_HOME=/etc/java-config-2/current-system-vm CONFIG_PROTECT_MASK='/etc/gentoo-release /etc/sandbox.d /etc/fonts/fonts.conf /etc/terminfo /etc/ca-certificates.conf /etc/revdep-rebuild' CHROMEOS_CACHEDIR=/var/cache/chromeos-cache JAVA_HOME=/etc/java-config-2/current-system-vm SSH_AUTH_SOCK=/tmp/ssh-auth-sock SUDO_COMMAND=/bin/bash SUDO_USER=root SUDO_TTY=/dev/pts/2 EDITOR=/usr/bin/vi PWD=/mnt/host/source/src/platform/ec CONFIG_PROTECT=/usr/share/gnupg/qualified.txt LOGNAME=jpmurphy MANPATH=/etc/java-config-2/current-system-vm/man:/usr/local/share/man:/usr/share/man:/usr/share/gcc-data/x86_64-pc-linux-gnu/10.2.0/man:/usr/share/binutils-data/x86_64-pc-linux-gnu/2.45/man:/etc/java-config-2/current-system-vm/man/ SUDO_HOME=/root XAUTHORITY=/run/user/944457/gdm/Xauthority HOME=/home/jpmurphy LANG=C.UTF-8 LS_COLORS='rs=0:di=01;34:ln=01;36:mh=00:pi=40;33:so=01;35:do=01;35:bd=40;33;01:cd=40;33;01:or=01;05;37;41:mi=01;05;37;41:su=37;41:sg=30;43:ca=30;41:tw=30;42:ow=34;42:st=37;44:ex=01;32:*.tar=01;31:*.tgz=01;31:*.arc=01;31:*.arj=01;31:*.taz=01;31:*.lha=01;31:*.lz4=01;31:*.lzh=01;31:*.lzma=01;31:*.tlz=01;31:*.txz=01;31:*.tzo=01;31:*.t7z=01;31:*.zip=01;31:*.z=01;31:*.dz=01;31:*.gz=01;31:*.lrz=01;31:*.lz=01;31:*.lzo=01;31:*.xz=01;31:*.zst=01;31:*.tzst=01;31:*.bz2=01;31:*.bz=01;31:*.tbz=01;31:*.tbz2=01;31:*.tz=01;31:*.deb=01;31:*.rpm=01;31:*.jar=01;31:*.war=01;31:*.ear=01;31:*.sar=01;31:*.rar=01;31:*.alz=01;31:*.ace=01;31:*.zoo=01;31:*.cpio=01;31:*.7z=01;31:*.rz=01;31:*.cab=01;31:*.wim=01;31:*.swm=01;31:*.dwm=01;31:*.esd=01;31:*.jpg=01;35:*.jpeg=01;35:*.mjpg=01;35:*.mjpeg=01;35:*.gif=01;35:*.bmp=01;35:*.pbm=01;35:*.pgm=01;35:*.ppm=01;35:*.tga=01;35:*.xbm=01;35:*.xpm=01;35:*.tif=01;35:*.tiff=01;35:*.png=01;35:*.svg=01;35:*.svgz=01;35:*.mng=01;35:*.pcx=01;35:*.mov=01;35:*.mpg=01;35:*.mpeg=01;35:*.m2v=01;35:*.mkv=01;35:*.webm=01;35:*.webp=01;35:*.ogm=01;35:*.mp4=01;35:*.m4v=01;35:*.mp4v=01;35:*.vob=01;35:*.qt=01;35:*.nuv=01;35:*.wmv=01;35:*.asf=01;35:*.rm=01;35:*.rmvb=01;35:*.flc=01;35:*.avi=01;35:*.fli=01;35:*.flv=01;35:*.gl=01;35:*.dl=01;35:*.xcf=01;35:*.xwd=01;35:*.yuv=01;35:*.cgm=01;35:*.emf=01;35:*.ogv=01;35:*.ogx=01;35:*.cfg=00;32:*.conf=00;32:*.diff=00;32:*.doc=00;32:*.ini=00;32:*.log=00;32:*.patch=00;32:*.pdf=00;32:*.ps=00;32:*.tex=00;32:*.txt=00;32:*.aac=00;36:*.au=00;36:*.flac=00;36:*.m4a=00;36:*.mid=00;36:*.midi=00;36:*.mka=00;36:*.mp3=00;36:*.mpc=00;36:*.ogg=00;36:*.ra=00;36:*.wav=00;36:*.oga=00;36:*.opus=00;36:*.spx=00;36:*.xspf=00;36:' XDG_CURRENT_DESKTOP=GNOME INFOPATH=/usr/share/info:/usr/share/gcc-data/x86_64-pc-linux-gnu/10.2.0/info:/usr/share/binutils-data/x86_64-pc-linux-gnu/2.45/info:/usr/share/automake-1.16.5/info JAVAC=/etc/java-config-2/current-system-vm/bin/javac TERM=xterm-256color LESSOPEN='|lesspipe %s' USER=jpmurphy CROS_WORKON_SRCROOT=/mnt/host/source MANPAGER=manpager DISPLAY=:1 SHLVL=1 LC_MESSAGES=C EXTERNAL_TRUNK_PATH=/mnt/8f9d649a-3721-44cc-93c0-e6bd21a9689f/chromiumos GCC_SPECS='' PATH=/mnt/host/source/chromite/bin:/usr/local/bin:/usr/bin:/bin:/opt/bin:/mnt/host/source/chromite/sdk/bin:/mnt/host/source/chromite/bin PORTAGE_USERNAME=jpmurphy SUDO_UID=0 GCC_VER=10.2.0 MAIL=/var/mail/jpmurphy OLDPWD=/mnt/host/source/src/scripts traceparent=00-e87aca51550a78635907baa6a2476181-6d684811675d2973-01 _=./zephyr/firmware_builder.py COREBOOT_SDK_ROOT_x86=/home/jpmurphy/.cache/coreboot-sdk/i386-elf/dfbb0486385d938cfa9d73080b9d18d598ed4f49 COREBOOT_SDK_ROOT_picolibc_x86=/home/jpmurphy/.cache/coreboot-sdk/picolibc-i386-elf/eb8e8e687b95461de8cbf278f1c2076952d0ad17 COREBOOT_SDK_ROOT_riscv64=/home/jpmurphy/.cache/coreboot-sdk/riscv64-elf/96b949749225b6aaa92ed810ab769e8dfb12f000 COREBOOT_SDK_ROOT_picolibc_arm=/home/jpmurphy/.cache/coreboot-sdk/picolibc-arm-eabi/422a2aa3e1ef891b5bece9a3deb696ff83840d2e COREBOOT_SDK_ROOT_nds32=/home/jpmurphy/.cache/coreboot-sdk/nds32le-elf/d1a518c4a097666d86058e1444f85ca015d15511 COREBOOT_SDK_ROOT_picolibc_riscv64=/home/jpmurphy/.cache/coreboot-sdk/picolibc-riscv64-elf/f571e990ef0278564b31124f8bb109d9a697eb69 COREBOOT_SDK_ROOT_arm=/home/jpmurphy/.cache/coreboot-sdk/arm-eabi/ea40ddd1d190c3b48435c474c0b545719371813a COREBOOT_SDK_ROOT_libstdcxx_riscv64=/home/jpmurphy/.cache/coreboot-sdk/libstdcxx-riscv64-elf/17abf22a3a252e2d5d2062ced5324f7a623689e0 COREBOOT_SDK_ROOT_libstdcxx_arm=/home/jpmurphy/.cache/coreboot-sdk/libstdcxx-arm-eabi/5d7d82e150e44aa1968f1d366e267e6687b328ac COREBOOT_SDK_ROOT_riscv=/home/jpmurphy/.cache/coreboot-sdk/riscv-elf/9a27b9e82341c6e9126624f516ab3f261abb3e73 COREBOOT_SDK_ROOT_libstdcxx_x86=/home/jpmurphy/.cache/coreboot-sdk/libstdcxx-i386-elf/42ef9d2e87a76a37963175d7d428734e65648b87 PYTHONPATH=/mnt/host/source/src/platform/ec/zephyr/zmake PW_PIGWEED_CIPD_INSTALL_DIR=/usr CROSTC_USER_ACKNOWLEDGES_THAT_RISCV_IS_EXPERIMENTAL=1 MAKEFLAGS=' -j16 --jobserver-auth=5,6' /usr/bin/ninja -C /mnt/host/source/src/platform/ec/build/zephyr/brtk/build-rw all.libraries`
[brtk:rw] ninja: Entering directory `/mnt/host/source/src/platform/ec/build/zephyr/brtk/build-rw'
[ptlrvp_mchp:ro] [344/382] Building C object modules/ec/zephyr/CMakeFiles/ec_shim.dir/shim/src/i2c.c.obj
[brtk:ro] [13/395] Building C object zephyr/CMakeFiles/offsets.dir/arch/arm/core/offsets/offsets.c.obj
[kaladin:ro] [333/398] Building C object modules/ec/zephyr/CMakeFiles/ec_shim.dir/shim/src/panic_utils.c.obj
[brtk:ro] [14/395] cd /mnt/host/source/src/platform/ec/build/zephyr/brtk/build-ro/modules/ec/zephyr && PYTHONPATH=/mnt/host/source/src/platform/ec/build/zephyr/brtk/modules/ec/zephyr/zmake/ /usr/bin/python3.11 /mnt/host/source/src/platform/ec/build/zephyr/brtk/modules/ec/zephyr/zmake/zephyr_build_tools/generate_ec_version.py /mnt/host/source/src/platform/ec/build/zephyr/brtk/build-ro/modules/ec/zephyr/include/ec_version.h --name Zephyr-Kernel --version 16543.0.0 --static
[brtk:ro] INFO:root:Using a static version string
[ptlrvp_mchp:ro] [345/382] Building C object modules/ec/zephyr/CMakeFiles/ec_shim.dir/shim/src/tasks.c.obj
[brtk:ro] INFO:root:Version string: Zephyr-Kernel-16543.0.0
[brtk:ro] INFO:root:Writing header to /mnt/host/source/src/platform/ec/build/zephyr/brtk/build-ro/modules/ec/zephyr/include/ec_version.h
[brtk:ro] [15/395] Generating include/generated/zephyr/offsets.h
[kaladin:rw] [259/398] Building C object zephyr/subsys/input/CMakeFiles/subsys__input.dir/input.c.obj
[kaladin:ro] [334/398] Building C object modules/ec/zephyr/CMakeFiles/ec_shim.dir/shim/src/pm_state.c.obj
[kaladin:ro] [335/398] Building C object modules/ec/zephyr/CMakeFiles/ec_shim.dir/shim/src/cbi/cros_cbi.c.obj
[ptlrvp_mchp:ro] [346/382] Building C object modules/ec/zephyr/CMakeFiles/ec_shim.dir/shim/src/watchdog.c.obj
[brtk:rw] [1/395] Generating include/generated/zephyr/version.h
[brtk:rw] -- git describe warned: warning: tag 'upstream/v2.7.99' is externally known as 'v2.7.99'
[brtk:rw] -- Zephyr version: 4.3.99 (/mnt/host/source/src/third_party/zephyr/main)
[brtk:rw] [2/395] Preparing syscall dependency handling
[brtk:rw] [3/395] Generating misc/generated/syscalls_subdirs.trigger
[kaladin:rw] [260/398] Building C object zephyr/drivers/interrupt_controller/CMakeFiles/drivers__interrupt_controller.dir/intc_ite_it8xxx2_v2.c.obj
[brtk:ro] [16/395] Building C object CMakeFiles/app.dir/mnt/host/source/src/platform/ec/zephyr/subsys/ap_pwrseq/ap_events.c.obj
[kaladin:rw] [261/398] Building C object zephyr/subsys/input/CMakeFiles/subsys__input.dir/input_utils.c.obj
[ptlrvp_mchp:ro] [347/382] Building C object modules/ec/zephyr/CMakeFiles/ec_shim.dir/shim/src/power_host_sleep_api.c.obj
[kaladin:rw] [262/398] Linking CXX static library zephyr/subsys/input/libsubsys__input.a
[kaladin:ro] [336/398] Building C object modules/ec/zephyr/CMakeFiles/ec_shim.dir/shim/src/cbi/cbi_flash.c.obj
[kaladin:ro] [337/398] Building C object modules/ec/zephyr/CMakeFiles/ec_shim.dir/shim/src/cbi/cros_cbi_fw_config.c.obj
[ptlrvp_mchp:ro] [348/382] Building C object modules/ec/zephyr/CMakeFiles/ec_shim.dir/shim/src/sha256_hw.c.obj
[kaladin:ro] [338/398] Building C object modules/ec/zephyr/CMakeFiles/ec_shim.dir/shim/src/battery.c.obj
[kaladin:ro] [339/398] Building C object modules/ec/zephyr/CMakeFiles/ec_shim.dir/shim/src/adc.c.obj
[kaladin:ro] [340/398] Building C object modules/ec/zephyr/CMakeFiles/ec_shim.dir/shim/src/pdc_shim.c.obj
[kaladin:rw] [263/398] Building C object zephyr/drivers/interrupt_controller/CMakeFiles/drivers__interrupt_controller.dir/wuc_ite_it8xxx2.c.obj
[ptlrvp_mchp:ro] [349/382] Linking C static library modules/ec/zephyr/libec_shim.a
[kaladin:rw] [264/398] Linking CXX static library zephyr/drivers/interrupt_controller/libdrivers__interrupt_controller.a
[ptlrvp_mchp:ro] [350/382] Building C object zephyr/kernel/CMakeFiles/kernel.dir/main_weak.c.obj
[kaladin:ro] [341/398] Building C object modules/ec/zephyr/CMakeFiles/ec_shim.dir/shim/src/charger.c.obj
[kaladin:ro] [342/398] Building C object modules/ec/zephyr/CMakeFiles/ec_shim.dir/shim/src/system.c.obj
[kaladin:rw] [265/398] Building C object zephyr/drivers/adc/CMakeFiles/drivers__adc.dir/adc_common.c.obj
[ptlrvp_mchp:ro] [351/382] Building C object zephyr/kernel/CMakeFiles/kernel.dir/banner.c.obj
[brtk:rw] [4/395] Generating misc/generated/syscalls.json, misc/generated/struct_tags.json
[brtk:ro] [17/395] Building C object CMakeFiles/app.dir/mnt/host/source/src/platform/ec/zephyr/subsys/ap_pwrseq/ap_power_interface.c.obj
[brtk:rw] [5/395] Generating include/generated/zephyr/syscall_dispatch.c, include/generated/zephyr/syscall_exports_llext.c, syscall_weakdefs_llext.c, include/generated/zephyr/syscall_list.h
[ptlrvp_mchp:ro] [352/382] Building C object zephyr/kernel/CMakeFiles/kernel.dir/busy_wait.c.obj
[kaladin:rw] [266/398] Building C object zephyr/drivers/bbram/CMakeFiles/drivers__bbram.dir/bbram_it8xxx2.c.obj
[kaladin:rw] [267/398] Linking CXX static library zephyr/drivers/bbram/libdrivers__bbram.a
[brtk:rw] [6/395] Generating include/generated/zephyr/driver-validation.h
[kaladin:ro] [343/398] Building C object modules/ec/zephyr/CMakeFiles/ec_shim.dir/shim/src/chipset_api.c.obj
[ptlrvp_mchp:ro] [353/382] Building C object zephyr/kernel/CMakeFiles/kernel.dir/device.c.obj
[kaladin:rw] [268/398] Building C object zephyr/drivers/adc/CMakeFiles/drivers__adc.dir/adc_ite_it8xxx2.c.obj
[kaladin:ro] [344/398] Building C object modules/ec/zephyr/CMakeFiles/ec_shim.dir/shim/src/flash.c.obj
[kaladin:rw] [269/398] Linking CXX static library zephyr/drivers/adc/libdrivers__adc.a
[kaladin:ro] [345/398] Building C object modules/ec/zephyr/CMakeFiles/ec_shim.dir/shim/src/hooks.c.obj
[brtk:rw] [7/395] Generating include/generated/zephyr/kobj-types-enum.h, include/generated/zephyr/otype-to-str.h, include/generated/zephyr/otype-to-size.h
[ptlrvp_mchp:ro] [354/382] Building C object zephyr/kernel/CMakeFiles/kernel.dir/errno.c.obj
[kaladin:ro] [346/398] Building C object modules/ec/zephyr/CMakeFiles/ec_shim.dir/shim/src/console_buffer.c.obj
[kaladin:rw] [270/398] Building C object zephyr/drivers/console/CMakeFiles/drivers__console.dir/uart_console.c.obj
[kaladin:ro] [347/398] Building C object modules/ec/zephyr/CMakeFiles/ec_shim.dir/shim/src/host_command.c.obj
[brtk:rw] [8/395] Generating include/generated/device-api-sections.ld, include/generated/device-api-sections.cmake
[brtk:ro] [18/395] Building C object CMakeFiles/app.dir/mnt/host/source/src/platform/ec/zephyr/subsys/ap_pwrseq/power_signals.c.obj
[kaladin:rw] [271/398] Linking CXX static library zephyr/drivers/console/libdrivers__console.a
[kaladin:ro] [348/398] Building C object modules/ec/zephyr/CMakeFiles/ec_shim.dir/shim/src/fan.c.obj
[kaladin:ro] [349/398] Building C object modules/ec/zephyr/CMakeFiles/ec_shim.dir/shim/src/espi.c.obj
[ptlrvp_mchp:ro] [355/382] Building C object zephyr/kernel/CMakeFiles/kernel.dir/fatal.c.obj
[kaladin:ro] [350/398] Building C object modules/ec/zephyr/CMakeFiles/ec_shim.dir/shim/src/mkbp_event.c.obj
[ptlrvp_mchp:ro] [356/382] Building C object zephyr/kernel/CMakeFiles/kernel.dir/init.c.obj
[kaladin:rw] [272/398] Building C object zephyr/drivers/crypto/CMakeFiles/drivers__crypto.dir/crypto_it8xxx2_sha_v2.c.obj
[brtk:rw] [9/395] Building C object zephyr/CMakeFiles/offsets.dir/arch/arm/core/offsets/offsets.c.obj
[kaladin:rw] [273/398] Linking CXX static library zephyr/drivers/crypto/libdrivers__crypto.a
[kaladin:ro] [351/398] Building C object modules/ec/zephyr/CMakeFiles/ec_shim.dir/shim/src/panic.c.obj
[ptlrvp_mchp:ro] [357/382] Building C object zephyr/kernel/CMakeFiles/kernel.dir/kheap.c.obj
[kaladin:ro] [352/398] Building C object modules/ec/zephyr/CMakeFiles/ec_shim.dir/shim/src/hwtimer.c.obj
[brtk:rw] [10/395] Generating include/generated/zephyr/offsets.h
[kaladin:ro] [353/398] Building C object modules/ec/zephyr/CMakeFiles/ec_shim.dir/shim/src/pwm_hc.c.obj
[ptlrvp_mchp:ro] [358/382] Building C object zephyr/kernel/CMakeFiles/kernel.dir/version.c.obj
[kaladin:ro] [354/398] Building C object modules/ec/zephyr/CMakeFiles/ec_shim.dir/shim/src/thermal.c.obj
[brtk:ro] [19/395] Building C object CMakeFiles/app.dir/mnt/host/source/src/platform/ec/zephyr/subsys/ap_pwrseq/signal_gpio.c.obj
[/mnt/host/source/src/platform/ec/build/zephyr/it82002_evb-lcov] stderr:
[kaladin:ro] [355/398] Building C object modules/ec/zephyr/CMakeFiles/ec_shim.dir/shim/src/temp_sensors.c.obj
[kaladin:rw] [274/398] Building C object zephyr/drivers/flash/CMakeFiles/drivers__flash.dir/flash_ite_it8xxx2.c.obj
[kaladin:rw] [275/398] Linking CXX static library zephyr/drivers/flash/libdrivers__flash.a
[ptlrvp_mchp:ro] [359/382] Building C object zephyr/kernel/CMakeFiles/kernel.dir/mem_slab.c.obj
[brtk:rw] [11/395] Building C object zephyr/CMakeFiles/zephyr.dir/lib/libc/validate_libc.c.obj
[kaladin:ro] [356/398] Building C object modules/ec/zephyr/CMakeFiles/ec_shim.dir/shim/src/i2c.c.obj
[ptlrvp_mchp:ro] [360/382] Building C object zephyr/kernel/CMakeFiles/kernel.dir/float.c.obj
[ptlrvp_mchp:ro] [361/382] Building C object zephyr/kernel/CMakeFiles/kernel.dir/idle.c.obj
[kaladin:rw] [276/398] Building C object zephyr/drivers/espi/CMakeFiles/drivers__espi.dir/espi_it8xxx2.c.obj
[kaladin:ro] [357/398] Building C object modules/ec/zephyr/CMakeFiles/ec_shim.dir/shim/src/tasks.c.obj
[brtk:ro] [20/395] Building C object CMakeFiles/app.dir/mnt/host/source/src/platform/ec/zephyr/subsys/ap_pwrseq/signal_vw.c.obj
[/mnt/host/source/src/platform/ec/build/zephyr/it82002_evb-lcov]   /mnt/host/source/src/platform/ec/build/zephyr/it82002_evb/build-singleimage/zephyr/arch/arch/riscv/core/CMakeFiles/arch__riscv__core.dir/cpu_idle.c.gcno:no functions found
[/mnt/host/source/src/platform/ec/build/zephyr/it82002_evb-lcov] stderr:
[kaladin:rw] [277/398] Linking CXX static library zephyr/drivers/espi/libdrivers__espi.a
[kaladin:ro] [358/398] Building C object modules/ec/zephyr/CMakeFiles/ec_shim.dir/shim/src/sha256_hw.c.obj
[kaladin:ro] [359/398] Building C object modules/ec/zephyr/CMakeFiles/ec_shim.dir/shim/src/watchdog.c.obj
[kaladin:ro] [360/398] Building C object modules/ec/zephyr/CMakeFiles/ec_shim.dir/shim/src/usba.c.obj
[kaladin:ro] [361/398] Building C object modules/ec/zephyr/CMakeFiles/ec_shim.dir/shim/src/power_host_sleep_api.c.obj
[brtk:rw] [12/395] Building C object zephyr/CMakeFiles/zephyr.dir/lib/heap/heap.c.obj
[kaladin:ro] [362/398] Linking CXX static library modules/ec/zephyr/libec_shim.a
[ptlrvp_mchp:ro] [362/382] Building C object zephyr/kernel/CMakeFiles/kernel.dir/mailbox.c.obj
[kaladin:rw] [278/398] Building C object zephyr/drivers/i2c/CMakeFiles/drivers__i2c.dir/i2c_common.c.obj
[ptlrvp_mchp:ro] [363/382] Building C object zephyr/kernel/CMakeFiles/kernel.dir/msg_q.c.obj
[kaladin:rw] [279/398] Building C object zephyr/drivers/gpio/CMakeFiles/drivers__gpio.dir/gpio_ite_it8xxx2_v2.c.obj
[kaladin:ro] [363/398] Building C object zephyr/kernel/CMakeFiles/kernel.dir/main_weak.c.obj
[kaladin:rw] [280/398] Building C object zephyr/drivers/i2c/CMakeFiles/drivers__i2c.dir/i2c_bitbang.c.obj
[brtk:ro] [21/395] Building C object CMakeFiles/app.dir/mnt/host/source/src/platform/ec/zephyr/subsys/ap_pwrseq/power_host_sleep.c.obj
[kaladin:rw] [281/398] Linking CXX static library zephyr/drivers/gpio/libdrivers__gpio.a
[ptlrvp_mchp:ro] [364/382] Building C object zephyr/kernel/CMakeFiles/kernel.dir/mutex.c.obj
[kaladin:ro] [364/398] Building C object zephyr/kernel/CMakeFiles/kernel.dir/banner.c.obj
[brtk:rw] [13/395] Building C object zephyr/CMakeFiles/zephyr.dir/lib/os/cbprintf_packaged.c.obj
[kaladin:ro] [365/398] Building C object zephyr/kernel/CMakeFiles/kernel.dir/busy_wait.c.obj
[/mnt/host/source/src/platform/ec/build/zephyr/it82002_evb-lcov]   /mnt/host/source/src/platform/ec/build/zephyr/it82002_evb/build-singleimage/zephyr/arch/common/CMakeFiles/isr_tables.dir/isr_tables.c.gcno:no functions found
[/mnt/host/source/src/platform/ec/build/zephyr/it82002_evb-lcov] stderr:
[kaladin:ro] [366/398] Building C object zephyr/kernel/CMakeFiles/kernel.dir/device.c.obj
[ptlrvp_mchp:ro] [365/382] Building C object zephyr/kernel/CMakeFiles/kernel.dir/queue.c.obj
[kaladin:ro] [367/398] Building C object zephyr/kernel/CMakeFiles/kernel.dir/errno.c.obj
[ptlrvp_mchp:ro] [366/382] Building C object zephyr/kernel/CMakeFiles/kernel.dir/sem.c.obj
[brtk:ro] [22/395] Building C object CMakeFiles/app.dir/mnt/host/source/src/platform/ec/zephyr/subsys/ap_pwrseq/x86_non_dsx_common_pwrseq_sm_handler.c.obj
[ptlrvp_mchp:ro] [367/382] Building C object zephyr/kernel/CMakeFiles/kernel.dir/stack.c.obj
[brtk:rw] [14/395] Building C object zephyr/CMakeFiles/zephyr.dir/lib/os/clock.c.obj
[kaladin:ro] [368/398] Building C object zephyr/kernel/CMakeFiles/kernel.dir/fatal.c.obj
[kaladin:rw] [282/398] Building C object zephyr/drivers/input/CMakeFiles/drivers__input.dir/input_ite_it8xxx2_kbd.c.obj
[kaladin:ro] [369/398] Building C object zephyr/kernel/CMakeFiles/kernel.dir/kheap.c.obj
[kaladin:ro] [370/398] Building C object zephyr/kernel/CMakeFiles/kernel.dir/init.c.obj
[kaladin:rw] [283/398] Building C object zephyr/drivers/i2c/CMakeFiles/drivers__i2c.dir/i2c_shell.c.obj
[kaladin:ro] [371/398] Building C object zephyr/kernel/CMakeFiles/kernel.dir/version.c.obj
[ptlrvp_mchp:ro] [368/382] Building C object zephyr/kernel/CMakeFiles/kernel.dir/system_work_q.c.obj
[brtk:rw] [15/395] Building C object zephyr/CMakeFiles/zephyr.dir/lib/os/printk.c.obj
[ptlrvp_mchp:ro] [369/382] Building C object zephyr/kernel/CMakeFiles/kernel.dir/condvar.c.obj
[ptlrvp_mchp:ro] [370/382] Building C object zephyr/kernel/CMakeFiles/kernel.dir/work.c.obj
[brtk:ro] [23/395] Building C object CMakeFiles/app.dir/mnt/host/source/src/platform/ec/zephyr/subsys/ap_pwrseq/x86_non_dsx_chipset_power_state.c.obj
[kaladin:ro] [372/398] Building C object zephyr/kernel/CMakeFiles/kernel.dir/mem_slab.c.obj
[kaladin:rw] [284/398] Building C object zephyr/drivers/i2c/CMakeFiles/drivers__i2c.dir/i2c_ite_enhance.c.obj
[kaladin:rw] [285/398] Linking CXX static library zephyr/drivers/i2c/libdrivers__i2c.a
[kaladin:ro] [373/398] Building C object zephyr/kernel/CMakeFiles/kernel.dir/float.c.obj
[kaladin:ro] [374/398] Building C object zephyr/kernel/CMakeFiles/kernel.dir/idle.c.obj
[kaladin:rw] [286/398] Building C object zephyr/drivers/pinctrl/CMakeFiles/drivers__pinctrl.dir/common.c.obj
[kaladin:rw] [287/398] Building C object zephyr/drivers/input/CMakeFiles/drivers__input.dir/input_kbd_matrix.c.obj
[brtk:rw] [16/395] Building C object zephyr/CMakeFiles/zephyr.dir/lib/os/sem.c.obj
[kaladin:rw] [288/398] Linking CXX static library zephyr/drivers/input/libdrivers__input.a
[ptlrvp_mchp:ro] [371/382] Building C object zephyr/kernel/CMakeFiles/kernel.dir/thread.c.obj
[kaladin:ro] [375/398] Building C object zephyr/kernel/CMakeFiles/kernel.dir/mailbox.c.obj
[brtk:ro] [24/395] Building C object CMakeFiles/app.dir/mnt/host/source/src/platform/ec/zephyr/subsys/ap_pwrseq/x86_non_dsx_common_pwrseq_host_sleep.c.obj
[ptlrvp_mchp:ro] [372/382] Building C object zephyr/kernel/CMakeFiles/kernel.dir/pipe.c.obj
[kaladin:ro] [376/398] Building C object zephyr/kernel/CMakeFiles/kernel.dir/msg_q.c.obj
[ptlrvp_mchp:ro] [373/382] Building C object zephyr/kernel/CMakeFiles/kernel.dir/sched.c.obj
[kaladin:ro] [377/398] Building CXX object modules/ec/zephyr/drivers/dsp_comms/service/CMakeFiles/dsp.service.dir/i2c_target_pio_funcs.cc.obj
[brtk:rw] [17/395] Building C object zephyr/CMakeFiles/zephyr.dir/lib/os/thread_entry.c.obj
[kaladin:ro] [378/398] Building CXX object modules/ec/zephyr/drivers/dsp_comms/service/CMakeFiles/dsp.service.dir/i2c_target_buffer_funcs.cc.obj
[kaladin:ro] [379/398] Building C object zephyr/kernel/CMakeFiles/kernel.dir/mutex.c.obj
[kaladin:ro] [380/398] Building C object zephyr/kernel/CMakeFiles/kernel.dir/queue.c.obj
[kaladin:rw] [289/398] Building C object zephyr/drivers/pinctrl/CMakeFiles/drivers__pinctrl.dir/pinctrl_ite_it8xxx2.c.obj
[kaladin:ro] [381/398] Building C object zephyr/kernel/CMakeFiles/kernel.dir/sem.c.obj
[kaladin:ro] [382/398] Building CXX object modules/ec/zephyr/drivers/dsp_comms/service/CMakeFiles/dsp.service.dir/dsp_service.cc.obj
[ptlrvp_mchp:ro] [374/382] Building C object zephyr/kernel/CMakeFiles/kernel.dir/spinlock_validate.c.obj
[kaladin:rw] [290/398] Building C object zephyr/drivers/pwm/CMakeFiles/drivers__pwm.dir/pwm_shell.c.obj
[kaladin:rw] [291/398] Linking CXX static library zephyr/drivers/pinctrl/libdrivers__pinctrl.a
[kaladin:rw] [292/398] Building C object zephyr/drivers/pwm/CMakeFiles/drivers__pwm.dir/pwm_ite_it8xxx2.c.obj
[kaladin:rw] [293/398] Linking CXX static library zephyr/drivers/sensor/libdrivers__sensor.a
[kaladin:ro] [383/398] Linking CXX static library modules/ec/zephyr/drivers/dsp_comms/service/libdsp.service.a
[kaladin:rw] [294/398] Linking CXX static library zephyr/drivers/pwm/libdrivers__pwm.a
[brtk:ro] [25/395] Building C object CMakeFiles/app.dir/mnt/host/source/src/platform/ec/zephyr/subsys/ap_pwrseq/x86_non_dsx_common_pwrseq_console.c.obj
[brtk:rw] [18/395] Building C object zephyr/CMakeFiles/zephyr.dir/lib/os/cbprintf_nano.c.obj
[kaladin:ro] [384/398] Building C object zephyr/kernel/CMakeFiles/kernel.dir/stack.c.obj
[kaladin:ro] [385/398] Building C object zephyr/kernel/CMakeFiles/kernel.dir/system_work_q.c.obj
[ptlrvp_mchp:ro] [375/382] Building C object zephyr/kernel/CMakeFiles/kernel.dir/thread_monitor.c.obj
[ptlrvp_mchp:ro] [376/382] Building C object zephyr/kernel/CMakeFiles/kernel.dir/timeout.c.obj
[brtk:rw] [19/395] Building C object zephyr/CMakeFiles/zephyr.dir/lib/os/cbprintf.c.obj
[ptlrvp_mchp:ro] [377/382] Building C object zephyr/kernel/CMakeFiles/kernel.dir/timer.c.obj
[kaladin:ro] [386/398] Building C object zephyr/kernel/CMakeFiles/kernel.dir/condvar.c.obj
[kaladin:ro] [387/398] Building C object zephyr/kernel/CMakeFiles/kernel.dir/work.c.obj
[kaladin:ro] [388/398] Building C object zephyr/kernel/CMakeFiles/kernel.dir/thread.c.obj
[kaladin:ro] [389/398] Building C object zephyr/kernel/CMakeFiles/kernel.dir/thread_monitor.c.obj
[kaladin:ro] [390/398] Building C object zephyr/kernel/CMakeFiles/kernel.dir/pipe.c.obj
[brtk:ro] [26/395] Building C object CMakeFiles/app.dir/mnt/host/source/src/platform/ec/zephyr/subsys/ap_pwrseq/x86_non_dsx_common_pwrseq_host_command.c.obj
[kaladin:ro] [391/398] Building C object zephyr/kernel/CMakeFiles/kernel.dir/timeout.c.obj
[kaladin:rw] [295/398] Building C object zephyr/drivers/sensor/ite/ite_tach_it8xxx2/CMakeFiles/drivers__sensor__ite__ite_tach_it8xxx2.dir/tach_ite_it8xxx2.c.obj
[/mnt/host/source/src/platform/ec/build/zephyr/it82002_evb-lcov]   /mnt/host/source/src/platform/ec/build/zephyr/it82002_evb/build-singleimage/zephyr/CMakeFiles/zephyr.dir/subsys/shell/modules/kernel_service/kernel_shell.c.gcno:no functions found
[/mnt/host/source/src/platform/ec/build/zephyr/it82002_evb-lcov] stderr:
[kaladin:rw] [296/398] Building C object zephyr/drivers/serial/CMakeFiles/drivers__serial.dir/uart_ite_it8xxx2.c.obj
[kaladin:rw] [297/398] Linking CXX static library zephyr/drivers/sensor/ite/ite_tach_it8xxx2/libdrivers__sensor__ite__ite_tach_it8xxx2.a
[ptlrvp_mchp:ro] [378/382] Building C object zephyr/kernel/CMakeFiles/kernel.dir/poll.c.obj
[kaladin:rw] [298/398] Linking CXX static library zephyr/drivers/syscon/libdrivers__syscon.a
[pujjogatwin:rw] Configuring.
Running `env -i PYTHONPATH=/usr/lib64/python-exec/python3.11:/mnt/host/source/src/platform/ec/zephyr/zmake:/usr/lib/python311.zip:/usr/lib/python3.11:/usr/lib/python3.11/lib-dynload:/usr/lib/python3.11/site-packages PW_PIGWEED_CIPD_INSTALL_DIR=/usr CROSTC_USER_ACKNOWLEDGES_THAT_RISCV_IS_EXPERIMENTAL=1 PATH=/mnt/host/source/chromite/bin:/usr/local/bin:/usr/bin:/bin:/opt/bin:/mnt/host/source/chromite/sdk/bin:/mnt/host/source/chromite/bin HOME=/home/jpmurphy JAVA_HOME=/etc/java-config-2/current-system-vm JDK_HOME=/etc/java-config-2/current-system-vm JAVAC=/etc/java-config-2/current-system-vm/bin/javac MAKEFLAGS=' -j16 --jobserver-auth=5,6' /usr/bin/cmake -S /mnt/host/source/src/platform/ec/zephyr/program/nissa -B /mnt/host/source/src/platform/ec/build/zephyr/pujjogatwin/build-rw -GNinja -DCMAKE_EXPORT_COMPILE_COMMANDS=ON -DZEPHYR_BASE=/mnt/host/source/src/third_party/zephyr/main -DZMAKE_INCLUDE_DIR=/mnt/host/source/src/platform/ec/build/zephyr/pujjogatwin/include -DPython3_EXECUTABLE=/usr/bin/python3.11 -DDTS_ROOT=/mnt/host/source/src/platform/ec/zephyr -DSYSCALL_INCLUDE_DIRS=/mnt/host/source/src/platform/ec/zephyr/include/drivers -DUSER_CACHE_DIR=/mnt/host/source/src/platform/ec/build/zephyr/user-cache '-DEXTRA_EC_VERSION_FLAGS=--version 16543.0.0 --static' -DTOOLCHAIN_ROOT=/mnt/host/source/src/platform/ec/zephyr -DCOREBOOT_SDK_ROOT_x86=/home/jpmurphy/.cache/coreboot-sdk/i386-elf/dfbb0486385d938cfa9d73080b9d18d598ed4f49 -DCOREBOOT_SDK_ROOT_picolibc_x86=/home/jpmurphy/.cache/coreboot-sdk/picolibc-i386-elf/eb8e8e687b95461de8cbf278f1c2076952d0ad17 -DCOREBOOT_SDK_ROOT_riscv64=/home/jpmurphy/.cache/coreboot-sdk/riscv64-elf/96b949749225b6aaa92ed810ab769e8dfb12f000 -DCOREBOOT_SDK_ROOT_picolibc_arm=/home/jpmurphy/.cache/coreboot-sdk/picolibc-arm-eabi/422a2aa3e1ef891b5bece9a3deb696ff83840d2e -DCOREBOOT_SDK_ROOT_nds32=/home/jpmurphy/.cache/coreboot-sdk/nds32le-elf/d1a518c4a097666d86058e1444f85ca015d15511 -DCOREBOOT_SDK_ROOT_picolibc_riscv64=/home/jpmurphy/.cache/coreboot-sdk/picolibc-riscv64-elf/f571e990ef0278564b31124f8bb109d9a697eb69 -DCOREBOOT_SDK_ROOT_arm=/home/jpmurphy/.cache/coreboot-sdk/arm-eabi/ea40ddd1d190c3b48435c474c0b545719371813a -DCOREBOOT_SDK_ROOT_libstdcxx_riscv64=/home/jpmurphy/.cache/coreboot-sdk/libstdcxx-riscv64-elf/17abf22a3a252e2d5d2062ced5324f7a623689e0 -DCOREBOOT_SDK_ROOT_libstdcxx_arm=/home/jpmurphy/.cache/coreboot-sdk/libstdcxx-arm-eabi/5d7d82e150e44aa1968f1d366e267e6687b328ac -DCOREBOOT_SDK_ROOT_riscv=/home/jpmurphy/.cache/coreboot-sdk/riscv-elf/9a27b9e82341c6e9126624f516ab3f261abb3e73 -DCOREBOOT_SDK_ROOT_libstdcxx_x86=/home/jpmurphy/.cache/coreboot-sdk/libstdcxx-i386-elf/42ef9d2e87a76a37963175d7d428734e65648b87 -DZEPHYR_TOOLCHAIN_VARIANT=coreboot-sdk '-DZEPHYR_MODULES=/mnt/host/source/src/platform/ec/build/zephyr/pujjogatwin/modules/cmsis;/mnt/host/source/src/platform/ec/build/zephyr/pujjogatwin/modules/cmsis_6;/mnt/host/source/src/platform/ec/build/zephyr/pujjogatwin/modules/ec' -DDTC_OVERLAY_FILE=/mnt/host/source/src/platform/ec/zephyr/program/nissa/pujjogatwin/project.overlay -DBOARD=npcx9/npcx9m3f -DCMAKE_C_FLAGS=-DSECTION_IS_RW '-DCONF_FILE=/mnt/host/source/src/platform/ec/zephyr/program/nissa/program.conf;/mnt/host/source/src/platform/ec/zephyr/program/nissa/npcx_program.conf;/mnt/host/source/src/platform/ec/zephyr/program/nissa/pujjogatwin/project.conf;/mnt/host/source/src/platform/ec/build/zephyr/pujjogatwin/kconfig-rw.conf'`
[kaladin:ro] [392/398] Building C object zephyr/kernel/CMakeFiles/kernel.dir/sched.c.obj
[pujjogatwin:rw] Loading Zephyr default modules (Zephyr base (cached)).
[pujjogatwin:rw] -- Application: /mnt/host/source/src/platform/ec/zephyr/program/nissa
[ptlrvp_mchp:ro] [379/382] Building C object zephyr/kernel/CMakeFiles/kernel.dir/events.c.obj
[brtk:rw] [20/395] Building C object zephyr/CMakeFiles/zephyr.dir/lib/os/assert.c.obj
[kaladin:rw] [299/398] Building C object zephyr/drivers/sensor/ite/ite_vcmp_it8xxx2/CMakeFiles/drivers__sensor__ite__ite_vcmp_it8xxx2.dir/vcmp_ite_it8xxx2.c.obj
[kaladin:rw] [300/398] Linking CXX static library zephyr/drivers/sensor/ite/ite_vcmp_it8xxx2/libdrivers__sensor__ite__ite_vcmp_it8xxx2.a
[/mnt/host/source/src/platform/ec/build/zephyr/it82002_evb-lcov]   /mnt/host/source/src/platform/ec/build/zephyr/it82002_evb/build-singleimage/zephyr/CMakeFiles/zephyr.dir/lib/libc/validate_libc.c.gcno:no functions found
[/mnt/host/source/src/platform/ec/build/zephyr/it82002_evb-lcov] stderr:
[ptlrvp_mchp:ro] [380/382] Building C object zephyr/kernel/CMakeFiles/kernel.dir/mempool.c.obj
[kaladin:ro] [393/398] Building C object zephyr/kernel/CMakeFiles/kernel.dir/timer.c.obj
[kaladin:ro] [394/398] Building C object zephyr/kernel/CMakeFiles/kernel.dir/dynamic_disabled.c.obj
[kaladin:ro] [395/398] Building C object zephyr/kernel/CMakeFiles/kernel.dir/events.c.obj
[kaladin:ro] [396/398] Building C object zephyr/kernel/CMakeFiles/kernel.dir/poll.c.obj
[pujjogatwin:rw] -- CMake version: 3.31.7
[pujjogatwin:rw] -- Found Python3: /usr/bin/python3.11 (found suitable version "3.11.11", minimum required is "3.10") found components: Interpreter
[pujjogatwin:rw] -- Cache files will be written to: /mnt/host/source/src/platform/ec/build/zephyr/user-cache
[roach:rw] Building: /usr/bin/ninja -C /mnt/host/source/src/platform/ec/build/zephyr/roach/build-rw all.libraries
Running `env -i SHELL=/bin/bash COLORTERM=truecolor DEPOT_TOOLS_UPDATE=0 LESS='-R -M --shift 5' SUDO_GID=0 JDK_HOME=/etc/java-config-2/current-system-vm CONFIG_PROTECT_MASK='/etc/gentoo-release /etc/sandbox.d /etc/fonts/fonts.conf /etc/terminfo /etc/ca-certificates.conf /etc/revdep-rebuild' CHROMEOS_CACHEDIR=/var/cache/chromeos-cache JAVA_HOME=/etc/java-config-2/current-system-vm SSH_AUTH_SOCK=/tmp/ssh-auth-sock SUDO_COMMAND=/bin/bash SUDO_USER=root SUDO_TTY=/dev/pts/2 EDITOR=/usr/bin/vi PWD=/mnt/host/source/src/platform/ec CONFIG_PROTECT=/usr/share/gnupg/qualified.txt LOGNAME=jpmurphy MANPATH=/etc/java-config-2/current-system-vm/man:/usr/local/share/man:/usr/share/man:/usr/share/gcc-data/x86_64-pc-linux-gnu/10.2.0/man:/usr/share/binutils-data/x86_64-pc-linux-gnu/2.45/man:/etc/java-config-2/current-system-vm/man/ SUDO_HOME=/root XAUTHORITY=/run/user/944457/gdm/Xauthority HOME=/home/jpmurphy LANG=C.UTF-8 LS_COLORS='rs=0:di=01;34:ln=01;36:mh=00:pi=40;33:so=01;35:do=01;35:bd=40;33;01:cd=40;33;01:or=01;05;37;41:mi=01;05;37;41:su=37;41:sg=30;43:ca=30;41:tw=30;42:ow=34;42:st=37;44:ex=01;32:*.tar=01;31:*.tgz=01;31:*.arc=01;31:*.arj=01;31:*.taz=01;31:*.lha=01;31:*.lz4=01;31:*.lzh=01;31:*.lzma=01;31:*.tlz=01;31:*.txz=01;31:*.tzo=01;31:*.t7z=01;31:*.zip=01;31:*.z=01;31:*.dz=01;31:*.gz=01;31:*.lrz=01;31:*.lz=01;31:*.lzo=01;31:*.xz=01;31:*.zst=01;31:*.tzst=01;31:*.bz2=01;31:*.bz=01;31:*.tbz=01;31:*.tbz2=01;31:*.tz=01;31:*.deb=01;31:*.rpm=01;31:*.jar=01;31:*.war=01;31:*.ear=01;31:*.sar=01;31:*.rar=01;31:*.alz=01;31:*.ace=01;31:*.zoo=01;31:*.cpio=01;31:*.7z=01;31:*.rz=01;31:*.cab=01;31:*.wim=01;31:*.swm=01;31:*.dwm=01;31:*.esd=01;31:*.jpg=01;35:*.jpeg=01;35:*.mjpg=01;35:*.mjpeg=01;35:*.gif=01;35:*.bmp=01;35:*.pbm=01;35:*.pgm=01;35:*.ppm=01;35:*.tga=01;35:*.xbm=01;35:*.xpm=01;35:*.tif=01;35:*.tiff=01;35:*.png=01;35:*.svg=01;35:*.svgz=01;35:*.mng=01;35:*.pcx=01;35:*.mov=01;35:*.mpg=01;35:*.mpeg=01;35:*.m2v=01;35:*.mkv=01;35:*.webm=01;35:*.webp=01;35:*.ogm=01;35:*.mp4=01;35:*.m4v=01;35:*.mp4v=01;35:*.vob=01;35:*.qt=01;35:*.nuv=01;35:*.wmv=01;35:*.asf=01;35:*.rm=01;35:*.rmvb=01;35:*.flc=01;35:*.avi=01;35:*.fli=01;35:*.flv=01;35:*.gl=01;35:*.dl=01;35:*.xcf=01;35:*.xwd=01;35:*.yuv=01;35:*.cgm=01;35:*.emf=01;35:*.ogv=01;35:*.ogx=01;35:*.cfg=00;32:*.conf=00;32:*.diff=00;32:*.doc=00;32:*.ini=00;32:*.log=00;32:*.patch=00;32:*.pdf=00;32:*.ps=00;32:*.tex=00;32:*.txt=00;32:*.aac=00;36:*.au=00;36:*.flac=00;36:*.m4a=00;36:*.mid=00;36:*.midi=00;36:*.mka=00;36:*.mp3=00;36:*.mpc=00;36:*.ogg=00;36:*.ra=00;36:*.wav=00;36:*.oga=00;36:*.opus=00;36:*.spx=00;36:*.xspf=00;36:' XDG_CURRENT_DESKTOP=GNOME INFOPATH=/usr/share/info:/usr/share/gcc-data/x86_64-pc-linux-gnu/10.2.0/info:/usr/share/binutils-data/x86_64-pc-linux-gnu/2.45/info:/usr/share/automake-1.16.5/info JAVAC=/etc/java-config-2/current-system-vm/bin/javac TERM=xterm-256color LESSOPEN='|lesspipe %s' USER=jpmurphy CROS_WORKON_SRCROOT=/mnt/host/source MANPAGER=manpager DISPLAY=:1 SHLVL=1 LC_MESSAGES=C EXTERNAL_TRUNK_PATH=/mnt/8f9d649a-3721-44cc-93c0-e6bd21a9689f/chromiumos GCC_SPECS='' PATH=/mnt/host/source/chromite/bin:/usr/local/bin:/usr/bin:/bin:/opt/bin:/mnt/host/source/chromite/sdk/bin:/mnt/host/source/chromite/bin PORTAGE_USERNAME=jpmurphy SUDO_UID=0 GCC_VER=10.2.0 MAIL=/var/mail/jpmurphy OLDPWD=/mnt/host/source/src/scripts traceparent=00-e87aca51550a78635907baa6a2476181-6d684811675d2973-01 _=./zephyr/firmware_builder.py COREBOOT_SDK_ROOT_x86=/home/jpmurphy/.cache/coreboot-sdk/i386-elf/dfbb0486385d938cfa9d73080b9d18d598ed4f49 COREBOOT_SDK_ROOT_picolibc_x86=/home/jpmurphy/.cache/coreboot-sdk/picolibc-i386-elf/eb8e8e687b95461de8cbf278f1c2076952d0ad17 COREBOOT_SDK_ROOT_riscv64=/home/jpmurphy/.cache/coreboot-sdk/riscv64-elf/96b949749225b6aaa92ed810ab769e8dfb12f000 COREBOOT_SDK_ROOT_picolibc_arm=/home/jpmurphy/.cache/coreboot-sdk/picolibc-arm-eabi/422a2aa3e1ef891b5bece9a3deb696ff83840d2e COREBOOT_SDK_ROOT_nds32=/home/jpmurphy/.cache/coreboot-sdk/nds32le-elf/d1a518c4a097666d86058e1444f85ca015d15511 COREBOOT_SDK_ROOT_picolibc_riscv64=/home/jpmurphy/.cache/coreboot-sdk/picolibc-riscv64-elf/f571e990ef0278564b31124f8bb109d9a697eb69 COREBOOT_SDK_ROOT_arm=/home/jpmurphy/.cache/coreboot-sdk/arm-eabi/ea40ddd1d190c3b48435c474c0b545719371813a COREBOOT_SDK_ROOT_libstdcxx_riscv64=/home/jpmurphy/.cache/coreboot-sdk/libstdcxx-riscv64-elf/17abf22a3a252e2d5d2062ced5324f7a623689e0 COREBOOT_SDK_ROOT_libstdcxx_arm=/home/jpmurphy/.cache/coreboot-sdk/libstdcxx-arm-eabi/5d7d82e150e44aa1968f1d366e267e6687b328ac COREBOOT_SDK_ROOT_riscv=/home/jpmurphy/.cache/coreboot-sdk/riscv-elf/9a27b9e82341c6e9126624f516ab3f261abb3e73 COREBOOT_SDK_ROOT_libstdcxx_x86=/home/jpmurphy/.cache/coreboot-sdk/libstdcxx-i386-elf/42ef9d2e87a76a37963175d7d428734e65648b87 PYTHONPATH=/mnt/host/source/src/platform/ec/zephyr/zmake PW_PIGWEED_CIPD_INSTALL_DIR=/usr CROSTC_USER_ACKNOWLEDGES_THAT_RISCV_IS_EXPERIMENTAL=1 MAKEFLAGS=' -j16 --jobserver-auth=5,6' /usr/bin/ninja -C /mnt/host/source/src/platform/ec/build/zephyr/roach/build-rw all.libraries`
[kaladin:ro] [397/398] Building C object zephyr/kernel/CMakeFiles/kernel.dir/mempool.c.obj
[pujjogatwin:rw] -- Zephyr version: 4.3.99 (/mnt/host/source/src/third_party/zephyr/main)
[roach:rw] ninja: Entering directory `/mnt/host/source/src/platform/ec/build/zephyr/roach/build-rw'
[brtk:rw] [21/395] Building C object zephyr/CMakeFiles/zephyr.dir/lib/os/reboot.c.obj
[brtk:ro] [27/395] Building C object CMakeFiles/app.dir/mnt/host/source/src/platform/ec/zephyr/subsys/ap_pwrseq/x86_non_dsx_adlp_pwrseq_sm.c.obj
[ptlrvp_mchp:ro] [381/382] Building C object zephyr/kernel/CMakeFiles/kernel.dir/dynamic_disabled.c.obj
[kaladin:ro] [398/398] Linking CXX static library zephyr/kernel/libkernel.a
[roach:rw] [1/260] Preparing syscall dependency handling
[kaladin:rw] [301/398] Building C object zephyr/drivers/timer/CMakeFiles/drivers__timer.dir/sys_clock_init.c.obj
[brtk:rw] [22/395] Building C object zephyr/CMakeFiles/zephyr.dir/lib/utils/dec.c.obj
[roach:rw] [2/260] Generating misc/generated/syscalls_subdirs.trigger
[ptlrvp_mchp:ro] [382/382] Linking C static library zephyr/kernel/libkernel.a
[brtk:rw] [23/395] Building C object zephyr/CMakeFiles/zephyr.dir/lib/utils/hex.c.obj
[kaladin:rw] [302/398] Building C object zephyr/drivers/serial/CMakeFiles/drivers__serial.dir/uart_ns16550.c.obj
[kaladin:rw] [303/398] Linking CXX static library zephyr/drivers/serial/libdrivers__serial.a
[kaladin:rw] [304/398] Building C object zephyr/drivers/timer/CMakeFiles/drivers__timer.dir/ite_it8xxx2_timer.c.obj
[brtk:ro] [28/395] Building C object CMakeFiles/app.dir/mnt/host/source/src/platform/ec/zephyr/subsys/ap_pwrseq/ap_reset_log.c.obj
[kaladin:rw] [305/398] Linking CXX static library zephyr/drivers/timer/libdrivers__timer.a
[brtk:rw] [24/395] Building C object zephyr/CMakeFiles/zephyr.dir/lib/utils/timeutil.c.obj
[roach:rw] [3/260] Generating include/generated/zephyr/version.h
[roach:rw] -- git describe warned: warning: tag 'upstream/v2.7.99' is externally known as 'v2.7.99'
[brtk:ro] [29/395] Building C object CMakeFiles/app.dir/mnt/host/source/src/platform/ec/zephyr/subsys/pd_controller/pdc_pmc_debug.c.obj
[kaladin:rw] [306/398] Building C object zephyr/drivers/watchdog/CMakeFiles/drivers__watchdog.dir/wdt_ite_it8xxx2.c.obj
[brtk:ro] [30/395] Building C object CMakeFiles/app.dir/mnt/host/source/src/platform/ec/zephyr/subsys/pd_controller/retimer_fw_update.c.obj
[brtk:rw] [25/395] Building C object zephyr/CMakeFiles/zephyr.dir/lib/utils/rb.c.obj
[/mnt/host/source/src/platform/ec/build/zephyr/it82002_evb-lcov]   /mnt/host/source/src/platform/ec/build/zephyr/it82002_evb/build-singleimage/zephyr/CMakeFiles/zephyr.dir/lib/utils/last_section_id.c.gcno:no functions found
[/mnt/host/source/src/platform/ec/build/zephyr/it82002_evb-lcov] stderr:
[roach:rw] -- Zephyr version: 4.3.99 (/mnt/host/source/src/third_party/zephyr/main)
[roach:rw] [4/260] cd /mnt/host/source/src/platform/ec/build/zephyr/roach/build-rw/modules/ec/zephyr && PYTHONPATH=/mnt/host/source/src/platform/ec/build/zephyr/roach/modules/ec/zephyr/zmake/ /usr/bin/python3.11 /mnt/host/source/src/platform/ec/build/zephyr/roach/modules/ec/zephyr/zmake/zephyr_build_tools/generate_ec_version.py /mnt/host/source/src/platform/ec/build/zephyr/roach/build-rw/modules/ec/zephyr/include/ec_version.h --name Zephyr-Kernel --version 16543.0.0 --static
[roach:rw] INFO:root:Using a static version string
[roach:rw] INFO:root:Version string: Zephyr-Kernel-16543.0.0
[roach:rw] INFO:root:Writing header to /mnt/host/source/src/platform/ec/build/zephyr/roach/build-rw/modules/ec/zephyr/include/ec_version.h
[roach:rw] [5/260] Generating misc/generated/syscalls.json, misc/generated/struct_tags.json
[brtk:ro] [31/395] Building C object CMakeFiles/app.dir/mnt/host/source/src/platform/ec/zephyr/subsys/pd_controller/pdc_console.c.obj
[brtk:rw] [26/395] Building C object zephyr/CMakeFiles/zephyr.dir/lib/utils/bitmask.c.obj
[kaladin:rw] [307/398] Building C object zephyr/drivers/watchdog/CMakeFiles/drivers__watchdog.dir/wdt_shell.c.obj
[kaladin:rw] [308/398] Linking CXX static library zephyr/drivers/watchdog/libdrivers__watchdog.a
[roach:rw] [6/260] Generating include/generated/zephyr/syscall_dispatch.c, include/generated/zephyr/syscall_exports_llext.c, syscall_weakdefs_llext.c, include/generated/zephyr/syscall_list.h
[brtk:rw] [27/395] Building C object zephyr/CMakeFiles/zephyr.dir/lib/utils/bitarray.c.obj
[kaladin:rw] [309/398] Building C object modules/ec/zephyr/CMakeFiles/ec_shim.dir/app/ec/main_shim.c.obj
[kaladin:rw] [310/398] Building C object modules/ec/zephyr/CMakeFiles/ec_shim.dir/app/ec/ec_app_main.c.obj
[roach:rw] [7/260] Generating include/generated/zephyr/driver-validation.h
[pujjogatwin:rw] -- Board: npcx9, qualifiers: npcx9m3f
[brtk:ro] [32/395] Building C object CMakeFiles/app.dir/mnt/host/source/src/platform/ec/zephyr/subsys/pd_controller/pdc_host_cmd.c.obj
[brtk:ro] [33/395] Building C object CMakeFiles/app.dir/mnt/host/source/src/platform/ec/zephyr/subsys/pd_controller/pdc_stub.c.obj
[roach:rw] [8/260] Generating include/generated/zephyr/kobj-types-enum.h, include/generated/zephyr/otype-to-str.h, include/generated/zephyr/otype-to-size.h
[brtk:ro] [34/395] Building C object CMakeFiles/app.dir/mnt/host/source/src/platform/ec/zephyr/subsys/pd_controller/pdc_power_mgmt.c.obj
[kaladin:rw] [311/398] Building C object modules/ec/zephyr/CMakeFiles/ec_shim.dir/app/ec/chip/riscv/riscv-ite/it8xxx2-espi.c.obj
[brtk:rw] [28/395] Building C object zephyr/CMakeFiles/zephyr.dir/lib/utils/getopt/getopt.c.obj
[roach:rw] [9/260] Generating include/generated/device-api-sections.ld, include/generated/device-api-sections.cmake
[roach:rw] [10/260] Building C object zephyr/CMakeFiles/offsets.dir/arch/riscv/core/offsets/offsets.c.obj
[kaladin:rw] [312/398] Building C object modules/ec/zephyr/CMakeFiles/ec_shim.dir/drivers/cros_flash/cros_flash_it8xxx2.c.obj
[brtk:ro] [35/395] Building C object CMakeFiles/app.dir/mnt/host/source/src/platform/ec/zephyr/subsys/pd_controller/pdc_dpm.c.obj
[brtk:rw] [29/395] Building C object zephyr/CMakeFiles/zephyr.dir/lib/utils/getopt/getopt_common.c.obj
[kaladin:rw] [313/398] Building C object modules/ec/zephyr/CMakeFiles/ec_shim.dir/drivers/keyboard_input/keyboard_customization_check.c.obj
[brtk:ro] [36/395] Building C object CMakeFiles/app.dir/mnt/host/source/src/platform/ec/zephyr/subsys/pd_controller/pdc_trace_msg.c.obj
[roach:rw] [11/260] Generating include/generated/zephyr/offsets.h
[brtk:rw] [30/395] Building C object zephyr/CMakeFiles/zephyr.dir/lib/utils/last_section_id.c.obj
[roach:rw] [12/260] Building C object CMakeFiles/app.dir/mnt/host/source/src/platform/ec/zephyr/subsys/ap_pwrseq/ap_events.c.obj
[brtk:rw] [31/395] Building C object zephyr/CMakeFiles/zephyr.dir/lib/utils/ring_buffer.c.obj
[kaladin:rw] [314/398] Building C object modules/ec/zephyr/CMakeFiles/ec_shim.dir/drivers/cros_kblight/pwm_kblight.c.obj
[roach:rw] [13/260] Building C object CMakeFiles/app.dir/mnt/host/source/src/platform/ec/build/zephyr/roach/modules/ec/builtin/stdlib.c.obj
[roach:rw] [14/260] Building C object CMakeFiles/app.dir/mnt/host/source/src/platform/ec/build/zephyr/roach/modules/ec/common/base32.c.obj
[roach:rw] [15/260] Building C object CMakeFiles/app.dir/mnt/host/source/src/platform/ec/build/zephyr/roach/modules/ec/common/console_output.c.obj
[roach:rw] [16/260] Building C object CMakeFiles/app.dir/mnt/host/source/src/platform/ec/build/zephyr/roach/modules/ec/common/ec_features.c.obj
[roach:rw] [17/260] Building C object CMakeFiles/app.dir/mnt/host/source/src/platform/ec/build/zephyr/roach/modules/ec/common/gpio_commands.c.obj
[roach:rw] [18/260] Building C object CMakeFiles/app.dir/mnt/host/source/src/platform/ec/build/zephyr/roach/modules/ec/common/peripheral.c.obj
[roach:rw] [19/260] Building C object CMakeFiles/app.dir/mnt/host/source/src/platform/ec/build/zephyr/roach/modules/ec/common/printf.c.obj
[kaladin:rw] [315/398] Building C object modules/ec/zephyr/CMakeFiles/ec_shim.dir/drivers/cros_system/cros_system_it8xxx2.c.obj
[roach:rw] [20/260] Building C object CMakeFiles/app.dir/mnt/host/source/src/platform/ec/build/zephyr/roach/modules/ec/common/queue.c.obj
[roach:rw] [21/260] Building C object CMakeFiles/app.dir/mnt/host/source/src/platform/ec/build/zephyr/roach/modules/ec/common/system.c.obj
[roach:rw] [22/260] Building C object CMakeFiles/app.dir/mnt/host/source/src/platform/ec/build/zephyr/roach/modules/ec/common/system_boot_time.c.obj
[roach:rw] [23/260] Building C object CMakeFiles/app.dir/mnt/host/source/src/platform/ec/build/zephyr/roach/modules/ec/common/uart_printf.c.obj
[brtk:rw] [32/395] Building C object zephyr/CMakeFiles/zephyr.dir/misc/generated/configs.c.obj
[roach:rw] [24/260] Building C object CMakeFiles/app.dir/mnt/host/source/src/platform/ec/build/zephyr/roach/modules/ec/common/util.c.obj
[roach:rw] [25/260] Building C object CMakeFiles/app.dir/mnt/host/source/src/platform/ec/build/zephyr/roach/modules/ec/common/version.c.obj
[roach:rw] [26/260] Building C object CMakeFiles/app.dir/mnt/host/source/src/platform/ec/build/zephyr/roach/modules/ec/third_party/boringssl/common/curve25519.c.obj
[roach:rw] [27/260] Building C object CMakeFiles/app.dir/mnt/host/source/src/platform/ec/build/zephyr/roach/modules/ec/third_party/boringssl/common/curve25519-generic.c.obj
[brtk:ro] [37/395] Building C object CMakeFiles/app.dir/mnt/host/source/src/platform/ec/zephyr/subsys/ucsi/ppm_common.c.obj
[roach:rw] [28/260] Building C object CMakeFiles/app.dir/mnt/host/source/src/platform/ec/build/zephyr/roach/modules/ec/common/memory_commands.c.obj
[roach:rw] [29/260] Building C object CMakeFiles/app.dir/mnt/host/source/src/platform/ec/build/zephyr/roach/modules/ec/common/flash.c.obj
[kaladin:rw] [316/398] Building C object modules/ec/zephyr/CMakeFiles/ec_shim.dir/mnt/host/source/src/platform/ec/build/zephyr/kaladin/modules/ec/common/lid_angle_keyboard_policy.c.obj
[roach:rw] [30/260] Building C object CMakeFiles/app.dir/mnt/host/source/src/platform/ec/build/zephyr/roach/modules/ec/common/i2c_controller.c.obj
[roach:rw] [31/260] Building C object CMakeFiles/app.dir/mnt/host/source/src/platform/ec/build/zephyr/roach/modules/ec/common/i2c_passthru.c.obj
[roach:rw] [32/260] Building C object CMakeFiles/app.dir/mnt/host/source/src/platform/ec/build/zephyr/roach/modules/ec/common/keyboard_scan.c.obj
[roach:rw] [33/260] Building C object CMakeFiles/app.dir/mnt/host/source/src/platform/ec/build/zephyr/roach/modules/ec/common/panic_output.c.obj
[brtk:ro] [38/395] Building C object CMakeFiles/app.dir/mnt/host/source/src/platform/ec/zephyr/subsys/ucsi/ppm_console.c.obj
[roach:rw] [34/260] Building C object CMakeFiles/app.dir/mnt/host/source/src/platform/ec/build/zephyr/roach/modules/ec/common/vboot/vb21_lib.c.obj
[roach:rw] [35/260] Building C object CMakeFiles/app.dir/mnt/host/source/src/platform/ec/build/zephyr/roach/modules/ec/common/rollback.c.obj
[roach:rw] [36/260] Building C object CMakeFiles/app.dir/mnt/host/source/src/platform/ec/build/zephyr/roach/modules/ec/common/shared_mem.c.obj
[brtk:ro] [39/395] Building C object CMakeFiles/app.dir/mnt/host/source/src/platform/ec/zephyr/subsys/ucsi/ucsi_host_cmd.c.obj
[roach:rw] [37/260] Building C object CMakeFiles/app.dir/mnt/host/source/src/platform/ec/build/zephyr/roach/modules/ec/common/timer.c.obj
[roach:rw] [38/260] Building C object CMakeFiles/app.dir/mnt/host/source/src/platform/ec/build/zephyr/roach/modules/ec/common/update_fw.c.obj
[roach:rw] [39/260] Building C object CMakeFiles/app.dir/mnt/host/source/src/platform/ec/build/zephyr/roach/modules/ec/common/usb_update.c.obj
[kaladin:rw] [317/398] Building C object modules/ec/zephyr/CMakeFiles/ec_shim.dir/drivers/hibernate/hibernate_z5.c.obj
[brtk:ro] [40/395] Building C object CMakeFiles/app.dir/mnt/host/source/src/platform/ec/zephyr/subsys/ucsi/ppm_driver.c.obj
[roach:rw] [40/260] Building C object CMakeFiles/app.dir/mnt/host/source/src/platform/ec/build/zephyr/roach/modules/ec/common/queue_policies.c.obj
[roach:rw] [41/260] Building C object CMakeFiles/app.dir/mnt/host/source/src/platform/ec/build/zephyr/roach/modules/ec/driver/touchpad_elan.c.obj
[roach:rw] [42/260] Building C object CMakeFiles/app.dir/mnt/host/source/src/platform/ec/build/zephyr/roach/modules/ec/common/math_util.c.obj
[roach:rw] [43/260] Building C object CMakeFiles/app.dir/src/fakes.c.obj
[roach:rw] [44/260] Building C object CMakeFiles/app.dir/src/one_wire.c.obj
[kaladin:rw] [318/398] Building C object modules/ec/zephyr/CMakeFiles/ec_shim.dir/drivers/usbc/ucsi_v3.c.obj
[roach:rw] [45/260] Linking C static library app/libapp.a
[kaladin:rw] [319/398] Building C object modules/ec/zephyr/CMakeFiles/ec_shim.dir/drivers/keyboard_input/keyboard_input.c.obj
[roach:rw] [46/260] Building C object zephyr/CMakeFiles/zephyr.dir/lib/libc/validate_libc.c.obj
[roach:rw] [47/260] Building C object zephyr/CMakeFiles/zephyr.dir/lib/heap/heap.c.obj
[brtk:rw] [33/395] Building C object zephyr/CMakeFiles/zephyr.dir/soc/realtek/ec/rts5912/soc.c.obj
[roach:rw] [48/260] Building C object zephyr/CMakeFiles/zephyr.dir/lib/os/cbprintf_packaged.c.obj
[kaladin:rw] [320/398] Building C object modules/ec/zephyr/CMakeFiles/ec_shim.dir/drivers/keyboard_input/col_gpio_drive.c.obj
[roach:rw] [49/260] Building C object zephyr/CMakeFiles/zephyr.dir/lib/os/clock.c.obj
[brtk:ro] [41/395] Building C object CMakeFiles/app.dir/mnt/host/source/src/platform/ec/build/zephyr/brtk/modules/ec/builtin/stdlib.c.obj
[roach:rw] [50/260] Building C object zephyr/CMakeFiles/zephyr.dir/lib/os/printk.c.obj
[roach:rw] [51/260] Building C object zephyr/CMakeFiles/zephyr.dir/lib/os/sem.c.obj
[brtk:rw] [34/395] Building C object zephyr/CMakeFiles/zephyr.dir/soc/realtek/ec/rts5912/device_power.c.obj
[roach:rw] [52/260] Building C object zephyr/CMakeFiles/zephyr.dir/lib/os/thread_entry.c.obj
[roach:rw] [53/260] Building C object zephyr/CMakeFiles/zephyr.dir/lib/os/cbprintf_nano.c.obj
[roach:rw] [54/260] Building C object zephyr/CMakeFiles/zephyr.dir/lib/os/cbprintf.c.obj
[roach:rw] [55/260] Building C object zephyr/CMakeFiles/zephyr.dir/lib/os/assert.c.obj
[roach:rw] [56/260] Building C object zephyr/CMakeFiles/zephyr.dir/lib/utils/dec.c.obj
[roach:rw] [57/260] Building C object zephyr/CMakeFiles/zephyr.dir/lib/utils/hex.c.obj
[roach:rw] [58/260] Building C object zephyr/CMakeFiles/zephyr.dir/lib/utils/rb.c.obj
[brtk:ro] [42/395] Building C object CMakeFiles/app.dir/mnt/host/source/src/platform/ec/build/zephyr/brtk/modules/ec/common/base32.c.obj
[roach:rw] [59/260] Building C object zephyr/CMakeFiles/zephyr.dir/lib/utils/timeutil.c.obj
[roach:rw] [60/260] Building C object zephyr/CMakeFiles/zephyr.dir/lib/utils/bitarray.c.obj
[roach:rw] [61/260] Building C object zephyr/CMakeFiles/zephyr.dir/lib/utils/bitmask.c.obj
[roach:rw] [62/260] Building C object zephyr/CMakeFiles/zephyr.dir/lib/utils/getopt/getopt.c.obj
[roach:rw] [63/260] Building C object zephyr/CMakeFiles/zephyr.dir/lib/utils/getopt/getopt_common.c.obj
[roach:rw] [64/260] Building C object zephyr/CMakeFiles/zephyr.dir/lib/utils/ring_buffer.c.obj
[roach:rw] [65/260] Building C object zephyr/CMakeFiles/zephyr.dir/lib/utils/last_section_id.c.obj
[roach:rw] [66/260] Building C object zephyr/CMakeFiles/zephyr.dir/misc/generated/configs.c.obj
[brtk:ro] [43/395] Building C object CMakeFiles/app.dir/mnt/host/source/src/platform/ec/build/zephyr/brtk/modules/ec/common/console_output.c.obj
[pujjogatwin:rw] -- Found Dtc: /usr/bin/dtc (found suitable version "1.6.0", minimum required is "1.4.6")
[pujjogatwin:rw] -- Found BOARD.dts: /mnt/host/source/src/platform/ec/zephyr/boards/google/npcx9/npcx9_npcx9m3f.dts
[pujjogatwin:rw] -- Found devicetree overlay: /mnt/host/source/src/platform/ec/zephyr/program/nissa/pujjogatwin/project.overlay
[brtk:rw] [35/395] Building C object zephyr/CMakeFiles/zephyr.dir/soc/realtek/ec/rts5912/debug_swj.c.obj
[brtk:ro] [44/395] Building C object CMakeFiles/app.dir/mnt/host/source/src/platform/ec/build/zephyr/brtk/modules/ec/common/ec_features.c.obj
[brtk:rw] [36/395] Building C object zephyr/CMakeFiles/zephyr.dir/soc/realtek/ec/rts5912/power.c.obj
[brtk:ro] [45/395] Building C object CMakeFiles/app.dir/mnt/host/source/src/platform/ec/build/zephyr/brtk/modules/ec/common/gpio_commands.c.obj
[kaladin:rw] [321/398] Building C object modules/ec/zephyr/CMakeFiles/ec_shim.dir/drivers/boot_keys/boot_keys.c.obj
[roach:rw] [67/260] Building ASM object zephyr/CMakeFiles/zephyr.dir/soc/ite/ec/common/soc_irq.S.obj
[roach:rw] [68/260] Building C object zephyr/CMakeFiles/zephyr.dir/soc/ite/ec/common/soc_common_irq.c.obj
[roach:rw] [69/260] Building C object zephyr/CMakeFiles/zephyr.dir/soc/ite/ec/common/power.c.obj
[brtk:ro] [46/395] Building C object CMakeFiles/app.dir/mnt/host/source/src/platform/ec/build/zephyr/brtk/modules/ec/common/peripheral.c.obj
[roach:rw] [70/260] Building C object zephyr/CMakeFiles/zephyr.dir/soc/ite/ec/common/policy.c.obj
[roach:rw] [71/260] Building C object zephyr/CMakeFiles/zephyr.dir/soc/ite/ec/it8xxx2/soc.c.obj
[roach:rw] [72/260] Building C object zephyr/CMakeFiles/zephyr.dir/soc/ite/ec/it8xxx2/check_regs.c.obj
[kaladin:rw] [322/398] Building C object modules/ec/zephyr/CMakeFiles/ec_shim.dir/drivers/runtime_keys/runtime_keys.c.obj
[kaladin:rw] [323/398] Building C object modules/ec/zephyr/CMakeFiles/ec_shim.dir/shim/chip/it8xxx2/clock.c.obj
[brtk:ro] [47/395] Building C object CMakeFiles/app.dir/mnt/host/source/src/platform/ec/build/zephyr/brtk/modules/ec/common/printf.c.obj
[kaladin:rw] [324/398] Building C object modules/ec/zephyr/CMakeFiles/ec_shim.dir/drivers/vivaldi_kbd/vivaldi_kbd.c.obj
[kaladin:rw] [325/398] Building C object modules/ec/zephyr/CMakeFiles/ec_shim.dir/shim/chip/it8xxx2/gpio.c.obj
[brtk:rw] [37/395] Building C object zephyr/CMakeFiles/zephyr.dir/subsys/logging/log_minimal.c.obj
[brtk:rw] [38/395] Building C object zephyr/CMakeFiles/zephyr.dir/subsys/pm/pm.c.obj
[roach:rw] [73/260] Building ASM object zephyr/CMakeFiles/zephyr.dir/soc/ite/ec/it8xxx2/vector.S.obj
[roach:rw] [74/260] Building C object zephyr/CMakeFiles/zephyr.dir/soc/ite/ec/it8xxx2/ilm.c.obj
[roach:rw] [75/260] Building C object zephyr/CMakeFiles/zephyr.dir/subsys/logging/log_minimal.c.obj
[kaladin:rw] [326/398] Building C object modules/ec/zephyr/CMakeFiles/ec_shim.dir/shim/src/crc.c.obj
[roach:rw] [76/260] Building C object zephyr/CMakeFiles/zephyr.dir/subsys/pm/pm.c.obj
[roach:rw] [77/260] Building C object zephyr/CMakeFiles/zephyr.dir/subsys/pm/state.c.obj
[roach:rw] [78/260] Building C object zephyr/CMakeFiles/zephyr.dir/subsys/pm/policy/policy_events.c.obj
[roach:rw] [79/260] Building C object zephyr/CMakeFiles/zephyr.dir/subsys/pm/policy/policy_latency.c.obj
[brtk:ro] [48/395] Building C object CMakeFiles/app.dir/mnt/host/source/src/platform/ec/build/zephyr/brtk/modules/ec/common/queue.c.obj
[roach:rw] [80/260] Building C object zephyr/CMakeFiles/zephyr.dir/subsys/pm/policy/policy_state_lock.c.obj
[roach:rw] [81/260] Building C object zephyr/CMakeFiles/zephyr.dir/subsys/pm/device.c.obj
[roach:rw] [82/260] Building C object zephyr/CMakeFiles/zephyr.dir/subsys/pm/device_system_managed.c.obj
[roach:rw] [83/260] Building C object zephyr/CMakeFiles/zephyr.dir/subsys/testsuite/coverage/coverage.c.obj
[roach:rw] [84/260] Building C object zephyr/CMakeFiles/zephyr.dir/subsys/tracing/tracing_none.c.obj
[roach:rw] [85/260] Building C object zephyr/CMakeFiles/zephyr.dir/subsys/shell/modules/kernel_service/kernel_shell.c.obj
[roach:rw] [86/260] Building C object zephyr/CMakeFiles/zephyr.dir/subsys/shell/modules/kernel_service/cycles.c.obj
[roach:rw] [87/260] Building C object zephyr/CMakeFiles/zephyr.dir/subsys/shell/modules/kernel_service/sleep.c.obj
[brtk:ro] [49/395] Building C object CMakeFiles/app.dir/mnt/host/source/src/platform/ec/build/zephyr/brtk/modules/ec/common/system_boot_time.c.obj
[roach:rw] [88/260] Building C object zephyr/CMakeFiles/zephyr.dir/subsys/shell/modules/kernel_service/uptime.c.obj
[brtk:ro] [50/395] Building C object CMakeFiles/app.dir/mnt/host/source/src/platform/ec/build/zephyr/brtk/modules/ec/common/system.c.obj
[roach:rw] [89/260] Building C object zephyr/CMakeFiles/zephyr.dir/subsys/shell/modules/kernel_service/version.c.obj
[roach:rw] [90/260] Building C object zephyr/CMakeFiles/zephyr.dir/subsys/shell/modules/kernel_service/thread/thread.c.obj
[brtk:rw] [39/395] Building C object zephyr/CMakeFiles/zephyr.dir/subsys/pm/state.c.obj
[roach:rw] [91/260] Building C object zephyr/CMakeFiles/zephyr.dir/subsys/shell/modules/kernel_service/thread/list.c.obj
[brtk:ro] [51/395] Building C object CMakeFiles/app.dir/mnt/host/source/src/platform/ec/build/zephyr/brtk/modules/ec/common/uart_printf.c.obj
[roach:rw] [92/260] Building C object zephyr/CMakeFiles/zephyr.dir/subsys/shell/modules/kernel_service/thread/stacks.c.obj
[roach:rw] [93/260] Building C object zephyr/CMakeFiles/zephyr.dir/subsys/shell/modules/kernel_service/thread/unwind.c.obj
[roach:rw] [94/260] Building C object zephyr/CMakeFiles/zephyr.dir/subsys/shell/modules/kernel_service/thread/suspend.c.obj
[roach:rw] [95/260] Building C object zephyr/CMakeFiles/zephyr.dir/subsys/shell/modules/kernel_service/thread/resume.c.obj
[roach:rw] [96/260] Building C object zephyr/CMakeFiles/zephyr.dir/subsys/shell/modules/kernel_service/thread/kill.c.obj
[kaladin:rw] [327/398] Building C object modules/ec/zephyr/CMakeFiles/ec_shim.dir/shim/chip/it8xxx2/system.c.obj
[roach:rw] [97/260] Building C object zephyr/CMakeFiles/zephyr.dir/subsys/shell/backends/shell_uart.c.obj
[brtk:ro] [52/395] Building C object CMakeFiles/app.dir/mnt/host/source/src/platform/ec/build/zephyr/brtk/modules/ec/common/util.c.obj
[kaladin:rw] [328/398] Building C object modules/ec/zephyr/CMakeFiles/ec_shim.dir/shim/chip/it8xxx2/power_policy.c.obj
[roach:rw] [98/260] Building C object zephyr/CMakeFiles/zephyr.dir/subsys/shell/shell.c.obj
[roach:rw] [99/260] Building C object zephyr/CMakeFiles/zephyr.dir/subsys/shell/shell_fprintf.c.obj
[brtk:rw] [40/395] Building C object zephyr/CMakeFiles/zephyr.dir/subsys/pm/policy/policy_events.c.obj
[roach:rw] [100/260] Building C object zephyr/CMakeFiles/zephyr.dir/subsys/shell/shell_utils.c.obj
[roach:rw] [101/260] Building C object zephyr/CMakeFiles/zephyr.dir/subsys/shell/shell_ops.c.obj
[roach:rw] [102/260] Building C object zephyr/CMakeFiles/zephyr.dir/subsys/shell/shell_help.c.obj
[roach:rw] [103/260] Building C object zephyr/CMakeFiles/zephyr.dir/subsys/shell/shell_history.c.obj
[roach:rw] [104/260] Building C object zephyr/CMakeFiles/zephyr.dir/drivers/flash/flash_util.c.obj
[kaladin:rw] [329/398] Building C object modules/ec/zephyr/CMakeFiles/ec_shim.dir/drivers/usbc/pdc_rts54xx.c.obj
[roach:rw] [105/260] Linking C static library zephyr/libzephyr.a
[roach:rw] [106/260] Building C object zephyr/arch/common/CMakeFiles/arch__common.dir/sw_isr_common.c.obj
[roach:rw] [107/260] Building C object zephyr/arch/common/CMakeFiles/arch__common.dir/dynamic_isr.c.obj
[roach:rw] [108/260] Building C object zephyr/arch/common/CMakeFiles/arch__common.dir/init.c.obj
[roach:rw] [109/260] Building C object zephyr/arch/common/CMakeFiles/arch__common.dir/xip.c.obj
[roach:rw] [110/260] Building C object zephyr/arch/common/CMakeFiles/isr_tables.dir/isr_tables.c.obj
[brtk:ro] [53/395] Building C object CMakeFiles/app.dir/mnt/host/source/src/platform/ec/build/zephyr/brtk/modules/ec/common/version.c.obj
[roach:rw] [111/260] Linking C static library zephyr/arch/common/libisr_tables.a
[brtk:rw] [41/395] Building C object zephyr/CMakeFiles/zephyr.dir/subsys/pm/policy/policy_latency.c.obj
[roach:rw] [112/260] Linking C static library zephyr/arch/common/libarch__common.a
[kaladin:rw] [330/398] Building C object modules/ec/zephyr/CMakeFiles/ec_shim.dir/shim/src/console.c.obj
[roach:rw] [113/260] Building C object zephyr/arch/arch/riscv/core/CMakeFiles/arch__riscv__core.dir/cpu_idle.c.obj
[roach:rw] [114/260] Building C object zephyr/arch/arch/riscv/core/CMakeFiles/arch__riscv__core.dir/fatal.c.obj
[roach:rw] [115/260] Building C object zephyr/arch/arch/riscv/core/CMakeFiles/arch__riscv__core.dir/irq_manage.c.obj
[brtk:ro] [54/395] Building C object CMakeFiles/app.dir/mnt/host/source/src/platform/ec/build/zephyr/brtk/modules/ec/common/power_button_x86.c.obj
[roach:rw] [116/260] Building C object zephyr/arch/arch/riscv/core/CMakeFiles/arch__riscv__core.dir/prep_c.c.obj
[roach:rw] [117/260] Building C object zephyr/arch/arch/riscv/core/CMakeFiles/arch__riscv__core.dir/reboot.c.obj
[brtk:rw] [42/395] Building C object zephyr/CMakeFiles/zephyr.dir/subsys/pm/policy/policy_state_lock.c.obj
[kaladin:rw] [331/398] Building C object modules/ec/zephyr/CMakeFiles/ec_shim.dir/shim/src/gpio_int.c.obj
[kaladin:rw] [332/398] Building C object modules/ec/zephyr/CMakeFiles/ec_shim.dir/shim/src/gpio.c.obj
[brtk:ro] [55/395] Building C object CMakeFiles/app.dir/mnt/host/source/src/platform/ec/build/zephyr/brtk/modules/ec/driver/accel_bma4xx.c.obj
[brtk:ro] [56/395] Building C object CMakeFiles/app.dir/mnt/host/source/src/platform/ec/build/zephyr/brtk/modules/ec/common/motion_sense_fifo.c.obj
[brtk:ro] [57/395] Building C object CMakeFiles/app.dir/mnt/host/source/src/platform/ec/build/zephyr/brtk/modules/ec/common/adc.c.obj
[kaladin:rw] [333/398] Building C object modules/ec/zephyr/CMakeFiles/ec_shim.dir/shim/src/pm_state.c.obj
[kaladin:rw] [334/398] Building C object modules/ec/zephyr/CMakeFiles/ec_shim.dir/shim/src/panic_utils.c.obj
[kaladin:rw] [335/398] Building C object modules/ec/zephyr/CMakeFiles/ec_shim.dir/shim/src/cbi/cros_cbi.c.obj
[brtk:rw] [43/395] Building C object zephyr/CMakeFiles/zephyr.dir/subsys/pm/device.c.obj
[brtk:ro] [58/395] Building C object CMakeFiles/app.dir/mnt/host/source/src/platform/ec/build/zephyr/brtk/modules/ec/common/acpi.c.obj
[roach:rw] [118/260] Building ASM object zephyr/arch/arch/riscv/core/CMakeFiles/arch__riscv__core.dir/reset.S.obj
[brtk:rw] [44/395] Building C object zephyr/CMakeFiles/zephyr.dir/subsys/pm/device_runtime.c.obj
[pujjogatwin:rw] -- Generated zephyr.dts: /mnt/host/source/src/platform/ec/build/zephyr/pujjogatwin/build-rw/zephyr/zephyr.dts
[pujjogatwin:rw] -- Generated pickled edt: /mnt/host/source/src/platform/ec/build/zephyr/pujjogatwin/build-rw/zephyr/edt.pickle
[brtk:ro] [59/395] Building C object CMakeFiles/app.dir/mnt/host/source/src/platform/ec/build/zephyr/brtk/modules/ec/common/backlight_lid.c.obj
[kaladin:rw] [336/398] Building C object modules/ec/zephyr/CMakeFiles/ec_shim.dir/shim/src/cbi/cros_cbi_fw_config.c.obj
[brtk:ro] [60/395] Building C object CMakeFiles/app.dir/mnt/host/source/src/platform/ec/build/zephyr/brtk/modules/ec/common/battery_fuel_gauge.c.obj
[brtk:ro] [61/395] Building C object CMakeFiles/app.dir/mnt/host/source/src/platform/ec/build/zephyr/brtk/modules/ec/common/battery.c.obj
[brtk:rw] [45/395] Building C object zephyr/CMakeFiles/zephyr.dir/subsys/pm/device_system_managed.c.obj
[brtk:ro] [62/395] Building C object CMakeFiles/app.dir/mnt/host/source/src/platform/ec/build/zephyr/brtk/modules/ec/common/battery_info.c.obj
[kaladin:rw] [337/398] Building C object modules/ec/zephyr/CMakeFiles/ec_shim.dir/shim/src/cbi/cbi_flash.c.obj
[kaladin:rw] [338/398] Building C object modules/ec/zephyr/CMakeFiles/ec_shim.dir/shim/src/battery.c.obj
[roach:rw] [119/260] Building ASM object zephyr/arch/arch/riscv/core/CMakeFiles/arch__riscv__core.dir/switch.S.obj
[roach:rw] [120/260] Building C object zephyr/arch/arch/riscv/core/CMakeFiles/arch__riscv__core.dir/thread.c.obj
[kaladin:rw] [339/398] Building C object modules/ec/zephyr/CMakeFiles/ec_shim.dir/shim/src/adc.c.obj
[brtk:ro] [63/395] Building C object CMakeFiles/app.dir/mnt/host/source/src/platform/ec/build/zephyr/brtk/modules/ec/driver/battery/smart.c.obj
[brtk:rw] [46/395] Building C object zephyr/CMakeFiles/zephyr.dir/subsys/testsuite/coverage/coverage.c.obj
[kaladin:rw] [340/398] Building C object modules/ec/zephyr/CMakeFiles/ec_shim.dir/shim/src/system.c.obj
[pujjogatwin:rw] -- Generated devicetree_generated.h: /mnt/host/source/src/platform/ec/build/zephyr/pujjogatwin/build-rw/zephyr/include/generated/zephyr/devicetree_generated.h
[kaladin:rw] [341/398] Building C object modules/ec/zephyr/CMakeFiles/ec_shim.dir/shim/src/pdc_shim.c.obj
[brtk:ro] [64/395] Building C object CMakeFiles/app.dir/mnt/host/source/src/platform/ec/build/zephyr/brtk/modules/ec/driver/charger/isl923x.c.obj
[brtk:rw] [47/395] Building C object zephyr/CMakeFiles/zephyr.dir/subsys/tracing/tracing_none.c.obj
[kaladin:rw] [342/398] Building C object modules/ec/zephyr/CMakeFiles/ec_shim.dir/shim/src/charger.c.obj
[brtk:ro] [65/395] Building C object CMakeFiles/app.dir/mnt/host/source/src/platform/ec/build/zephyr/brtk/modules/ec/common/charger.c.obj
[roach:rw] [121/260] Building ASM object zephyr/arch/arch/riscv/core/CMakeFiles/arch__riscv__core.dir/isr.S.obj
[roach:rw] [122/260] Building C object zephyr/arch/arch/riscv/core/CMakeFiles/arch__riscv__core.dir/stacktrace.c.obj
[brtk:rw] [48/395] Building C object zephyr/CMakeFiles/zephyr.dir/subsys/shell/modules/kernel_service/kernel_shell.c.obj
[roach:rw] [123/260] Linking C static library zephyr/arch/arch/riscv/core/libarch__riscv__core.a
[brtk:ro] [66/395] Building C object CMakeFiles/app.dir/mnt/host/source/src/platform/ec/build/zephyr/brtk/modules/ec/common/charge_state.c.obj
[brtk:ro] [67/395] Building C object CMakeFiles/app.dir/mnt/host/source/src/platform/ec/build/zephyr/brtk/modules/ec/common/cbi_common.c.obj
[roach:rw] [124/260] Generating ../../../include/generated/libc/minimal/strerror_table.h
[roach:rw] [125/260] Building C object zephyr/lib/libc/minimal/CMakeFiles/lib__libc__minimal.dir/source/stdlib/atoi.c.obj
[brtk:ro] [68/395] Building C object CMakeFiles/app.dir/mnt/host/source/src/platform/ec/build/zephyr/brtk/modules/ec/common/charge_manager.c.obj
[roach:rw] [126/260] Building C object zephyr/lib/libc/minimal/CMakeFiles/lib__libc__minimal.dir/source/stdlib/strtol.c.obj
[roach:rw] [127/260] Building C object zephyr/lib/libc/minimal/CMakeFiles/lib__libc__minimal.dir/source/stdlib/strtoul.c.obj
[roach:rw] [128/260] Building C object zephyr/lib/libc/minimal/CMakeFiles/lib__libc__minimal.dir/source/stdlib/strtoll.c.obj
[kaladin:rw] [343/398] Building C object modules/ec/zephyr/CMakeFiles/ec_shim.dir/shim/src/chipset_api.c.obj
[roach:rw] [129/260] Building C object zephyr/lib/libc/minimal/CMakeFiles/lib__libc__minimal.dir/source/stdlib/strtoull.c.obj
[roach:rw] [130/260] Building C object zephyr/lib/libc/minimal/CMakeFiles/lib__libc__minimal.dir/source/stdlib/bsearch.c.obj
[roach:rw] [131/260] Building C object zephyr/lib/libc/minimal/CMakeFiles/lib__libc__minimal.dir/source/stdlib/exit.c.obj
[roach:rw] [132/260] Building C object zephyr/lib/libc/minimal/CMakeFiles/lib__libc__minimal.dir/source/stdlib/qsort.c.obj
[brtk:rw] [49/395] Building C object zephyr/CMakeFiles/zephyr.dir/subsys/shell/modules/kernel_service/cycles.c.obj
[roach:rw] [133/260] Building C object zephyr/lib/libc/minimal/CMakeFiles/lib__libc__minimal.dir/source/string/strerror.c.obj
[roach:rw] [134/260] Building C object zephyr/lib/libc/minimal/CMakeFiles/lib__libc__minimal.dir/source/string/strncasecmp.c.obj
[roach:rw] [135/260] Building C object zephyr/lib/libc/minimal/CMakeFiles/lib__libc__minimal.dir/source/string/strstr.c.obj
[roach:rw] [136/260] Building C object zephyr/lib/libc/minimal/CMakeFiles/lib__libc__minimal.dir/source/string/string.c.obj
[roach:rw] [137/260] Building C object zephyr/lib/libc/minimal/CMakeFiles/lib__libc__minimal.dir/source/string/strspn.c.obj
[roach:rw] [138/260] Building C object zephyr/lib/libc/minimal/CMakeFiles/lib__libc__minimal.dir/source/stdout/stdout_console.c.obj
[roach:rw] [139/260] Building C object zephyr/lib/libc/minimal/CMakeFiles/lib__libc__minimal.dir/source/stdout/sprintf.c.obj
[brtk:ro] [69/395] Building C object CMakeFiles/app.dir/mnt/host/source/src/platform/ec/build/zephyr/brtk/modules/ec/common/cbi.c.obj
[roach:rw] [140/260] Building C object zephyr/lib/libc/minimal/CMakeFiles/lib__libc__minimal.dir/source/stdout/fprintf.c.obj
[roach:rw] [141/260] Building C object zephyr/lib/libc/minimal/CMakeFiles/lib__libc__minimal.dir/source/math/sqrtf.c.obj
[roach:rw] [142/260] Building C object zephyr/lib/libc/minimal/CMakeFiles/lib__libc__minimal.dir/source/math/sqrt.c.obj
[roach:rw] [143/260] Building C object zephyr/lib/libc/minimal/CMakeFiles/lib__libc__minimal.dir/source/time/gmtime.c.obj
[kaladin:rw] [344/398] Building C object modules/ec/zephyr/CMakeFiles/ec_shim.dir/shim/src/flash.c.obj
[kaladin:rw] [345/398] Building C object modules/ec/zephyr/CMakeFiles/ec_shim.dir/shim/src/hooks.c.obj
[roach:rw] [144/260] Linking C static library zephyr/lib/libc/minimal/liblib__libc__minimal.a
[roach:rw] [145/260] Building C object zephyr/lib/libc/common/CMakeFiles/lib__libc__common.dir/source/stdlib/abort.c.obj
[brtk:rw] [50/395] Building C object zephyr/CMakeFiles/zephyr.dir/subsys/shell/modules/kernel_service/sleep.c.obj
[roach:rw] [146/260] Building C object zephyr/lib/libc/common/CMakeFiles/lib__libc__common.dir/source/time/asctime.c.obj
[roach:rw] [147/260] Building C object zephyr/lib/libc/common/CMakeFiles/lib__libc__common.dir/source/time/gmtime_r.c.obj
[roach:rw] [148/260] Building C object zephyr/lib/libc/common/CMakeFiles/lib__libc__common.dir/source/time/localtime_r_utc.c.obj
[brtk:ro] [70/395] Building C object CMakeFiles/app.dir/mnt/host/source/src/platform/ec/build/zephyr/brtk/modules/ec/common/cbi_config.c.obj
[roach:rw] [149/260] Building C object zephyr/lib/libc/common/CMakeFiles/lib__libc__common.dir/source/time/ctime.c.obj
[roach:rw] [150/260] Building C object zephyr/lib/libc/common/CMakeFiles/lib__libc__common.dir/source/time/time.c.obj
[roach:rw] [151/260] Building C object zephyr/lib/libc/common/CMakeFiles/lib__libc__common.dir/source/stdlib/malloc.c.obj
[roach:rw] [152/260] Building C object zephyr/lib/libc/common/CMakeFiles/lib__libc__common.dir/source/string/strnlen.c.obj
[kaladin:rw] [346/398] Building C object modules/ec/zephyr/CMakeFiles/ec_shim.dir/shim/src/host_command.c.obj
[brtk:ro] [71/395] Building C object CMakeFiles/app.dir/mnt/host/source/src/platform/ec/build/zephyr/brtk/modules/ec/common/memory_commands.c.obj
[brtk:ro] [72/395] Building C object CMakeFiles/app.dir/mnt/host/source/src/platform/ec/build/zephyr/brtk/modules/ec/common/dptf.c.obj
[roach:rw] [153/260] Linking C static library zephyr/lib/libc/common/liblib__libc__common.a
[roach:rw] [154/260] Building C object zephyr/lib/posix/c_lib_ext/CMakeFiles/lib__posix__c_lib_ext.dir/fnmatch.c.obj
[roach:rw] [155/260] Building C object zephyr/lib/posix/c_lib_ext/CMakeFiles/lib__posix__c_lib_ext.dir/getentropy.c.obj
[roach:rw] [156/260] Building C object zephyr/lib/posix/c_lib_ext/CMakeFiles/lib__posix__c_lib_ext.dir/getopt_shim.c.obj
[brtk:ro] [73/395] Building C object CMakeFiles/app.dir/mnt/host/source/src/platform/ec/build/zephyr/brtk/modules/ec/common/ap_reset_log.c.obj
[roach:rw] [157/260] Linking C static library zephyr/lib/posix/c_lib_ext/liblib__posix__c_lib_ext.a
[kaladin:rw] [347/398] Building C object modules/ec/zephyr/CMakeFiles/ec_shim.dir/shim/src/fan.c.obj
[roach:rw] [158/260] Building C object zephyr/subsys/crc/CMakeFiles/subsys__crc.dir/crc4_sw.c.obj
[brtk:rw] [51/395] Building C object zephyr/CMakeFiles/zephyr.dir/subsys/shell/modules/kernel_service/uptime.c.obj
[roach:rw] [159/260] Building C object zephyr/subsys/crc/CMakeFiles/subsys__crc.dir/crc8_sw.c.obj
[roach:rw] [160/260] Building C object zephyr/subsys/crc/CMakeFiles/subsys__crc.dir/crc16_sw.c.obj
[roach:rw] [161/260] Building C object zephyr/subsys/crc/CMakeFiles/subsys__crc.dir/crc7_sw.c.obj
[roach:rw] [162/260] Building C object zephyr/subsys/crc/CMakeFiles/subsys__crc.dir/crc24_sw.c.obj
[roach:rw] [163/260] Building C object zephyr/subsys/crc/CMakeFiles/subsys__crc.dir/crc32c_sw.c.obj
[roach:rw] [164/260] Building C object zephyr/subsys/crc/CMakeFiles/subsys__crc.dir/crc32_sw.c.obj
[kaladin:rw] [348/398] Building C object modules/ec/zephyr/CMakeFiles/ec_shim.dir/shim/src/espi.c.obj
[roach:rw] [165/260] Building C object zephyr/subsys/crc/CMakeFiles/subsys__crc.dir/crc32k_4_2_sw.c.obj
[roach:rw] [166/260] Linking C static library zephyr/subsys/crc/libsubsys__crc.a
[roach:rw] [167/260] Building C object zephyr/drivers/interrupt_controller/CMakeFiles/drivers__interrupt_controller.dir/intc_ite_it8xxx2_v2.c.obj
[roach:rw] [168/260] Building C object zephyr/drivers/interrupt_controller/CMakeFiles/drivers__interrupt_controller.dir/wuc_ite_it8xxx2.c.obj
[kaladin:rw] [349/398] Building C object modules/ec/zephyr/CMakeFiles/ec_shim.dir/shim/src/console_buffer.c.obj
[brtk:ro] [74/395] Building C object CMakeFiles/app.dir/mnt/host/source/src/platform/ec/build/zephyr/brtk/modules/ec/common/espi.c.obj
[brtk:rw] [52/395] Building C object zephyr/CMakeFiles/zephyr.dir/subsys/shell/modules/kernel_service/version.c.obj
[roach:rw] [169/260] Linking C static library zephyr/drivers/interrupt_controller/libdrivers__interrupt_controller.a
[kaladin:rw] [350/398] Building C object modules/ec/zephyr/CMakeFiles/ec_shim.dir/shim/src/mkbp_event.c.obj
[roach:rw] [170/260] Building C object zephyr/drivers/bbram/CMakeFiles/drivers__bbram.dir/bbram_it8xxx2.c.obj
[roach:rw] [171/260] Linking C static library zephyr/drivers/bbram/libdrivers__bbram.a
[brtk:ro] [75/395] Building C object CMakeFiles/app.dir/mnt/host/source/src/platform/ec/build/zephyr/brtk/modules/ec/common/extpower_common.c.obj
[roach:rw] [172/260] Building C object zephyr/drivers/console/CMakeFiles/drivers__console.dir/uart_console.c.obj
[roach:rw] [173/260] Linking C static library zephyr/drivers/console/libdrivers__console.a
[roach:rw] [174/260] Building C object zephyr/drivers/crypto/CMakeFiles/drivers__crypto.dir/crypto_it8xxx2_sha_v2.c.obj
[brtk:ro] [76/395] Building C object CMakeFiles/app.dir/mnt/host/source/src/platform/ec/build/zephyr/brtk/modules/ec/common/extpower_gpio.c.obj
[kaladin:rw] [351/398] Building C object modules/ec/zephyr/CMakeFiles/ec_shim.dir/shim/src/panic.c.obj
[brtk:rw] [53/395] Building C object zephyr/CMakeFiles/zephyr.dir/subsys/shell/modules/kernel_service/reboot.c.obj
[roach:rw] [175/260] Linking C static library zephyr/drivers/crypto/libdrivers__crypto.a
[roach:rw] [176/260] Building C object zephyr/drivers/flash/CMakeFiles/drivers__flash.dir/flash_ite_it8xxx2.c.obj
[brtk:ro] [77/395] Building C object CMakeFiles/app.dir/mnt/host/source/src/platform/ec/build/zephyr/brtk/modules/ec/common/fan.c.obj
[roach:rw] [177/260] Linking C static library zephyr/drivers/flash/libdrivers__flash.a
[roach:rw] [178/260] Building C object zephyr/drivers/gpio/CMakeFiles/drivers__gpio.dir/gpio_ite_it8xxx2_v2.c.obj
[brtk:ro] [78/395] Building C object CMakeFiles/app.dir/mnt/host/source/src/platform/ec/build/zephyr/brtk/modules/ec/common/flash.c.obj
[kaladin:rw] [352/398] Building C object modules/ec/zephyr/CMakeFiles/ec_shim.dir/shim/src/pwm_hc.c.obj
[brtk:rw] [54/395] Building C object zephyr/CMakeFiles/zephyr.dir/subsys/shell/modules/kernel_service/thread/thread.c.obj
[roach:rw] [179/260] Linking C static library zephyr/drivers/gpio/libdrivers__gpio.a
[roach:rw] [180/260] Building C object zephyr/drivers/i2c/CMakeFiles/drivers__i2c.dir/i2c_common.c.obj
[kaladin:rw] [353/398] Building C object modules/ec/zephyr/CMakeFiles/ec_shim.dir/shim/src/thermal.c.obj
[roach:rw] [181/260] Building C object zephyr/drivers/i2c/CMakeFiles/drivers__i2c.dir/i2c_bitbang.c.obj
[roach:rw] [182/260] Building C object zephyr/drivers/i2c/CMakeFiles/drivers__i2c.dir/i2c_shell.c.obj
[roach:rw] [183/260] Building C object zephyr/drivers/i2c/CMakeFiles/drivers__i2c.dir/i2c_ite_enhance.c.obj
[kaladin:rw] [354/398] Building C object modules/ec/zephyr/CMakeFiles/ec_shim.dir/shim/src/hwtimer.c.obj
[brtk:ro] [79/395] Building C object CMakeFiles/app.dir/mnt/host/source/src/platform/ec/build/zephyr/brtk/modules/ec/common/host_command.c.obj
[kaladin:rw] [355/398] Building C object modules/ec/zephyr/CMakeFiles/ec_shim.dir/shim/src/temp_sensors.c.obj
[roach:rw] [184/260] Linking C static library zephyr/drivers/i2c/libdrivers__i2c.a
[roach:rw] [185/260] Building C object zephyr/drivers/pinctrl/CMakeFiles/drivers__pinctrl.dir/common.c.obj
[roach:rw] [186/260] Building C object zephyr/drivers/pinctrl/CMakeFiles/drivers__pinctrl.dir/pinctrl_ite_it8xxx2.c.obj
[roach:rw] [187/260] Linking C static library zephyr/drivers/pinctrl/libdrivers__pinctrl.a
[roach:rw] [188/260] Building C object zephyr/drivers/serial/CMakeFiles/drivers__serial.dir/uart_ite_it8xxx2.c.obj
[roach:rw] [189/260] Building C object zephyr/drivers/serial/CMakeFiles/drivers__serial.dir/uart_ns16550.c.obj
[brtk:rw] [55/395] Building C object zephyr/CMakeFiles/zephyr.dir/subsys/shell/modules/kernel_service/thread/list.c.obj
[brtk:ro] [80/395] Building C object CMakeFiles/app.dir/mnt/host/source/src/platform/ec/build/zephyr/brtk/modules/ec/common/host_command_task.c.obj
[kaladin:rw] [356/398] Building C object modules/ec/zephyr/CMakeFiles/ec_shim.dir/shim/src/i2c.c.obj
[roach:rw] [190/260] Linking C static library zephyr/drivers/serial/libdrivers__serial.a
[roach:rw] [191/260] Building C object zephyr/drivers/timer/CMakeFiles/drivers__timer.dir/sys_clock_init.c.obj
[roach:rw] [192/260] Building C object zephyr/drivers/timer/CMakeFiles/drivers__timer.dir/ite_it8xxx2_timer.c.obj
[brtk:ro] [81/395] Building C object CMakeFiles/app.dir/mnt/host/source/src/platform/ec/build/zephyr/brtk/modules/ec/common/host_event_commands.c.obj
[brtk:ro] [82/395] Building C object CMakeFiles/app.dir/mnt/host/source/src/platform/ec/build/zephyr/brtk/modules/ec/common/uart_hostcmd.c.obj
[roach:rw] [193/260] Linking C static library zephyr/drivers/timer/libdrivers__timer.a
[roach:rw] [194/260] Building C object zephyr/drivers/watchdog/CMakeFiles/drivers__watchdog.dir/wdt_ite_it8xxx2.c.obj
[roach:rw] [195/260] Building C object zephyr/drivers/watchdog/CMakeFiles/drivers__watchdog.dir/wdt_shell.c.obj
[roach:rw] [196/260] Linking C static library zephyr/drivers/watchdog/libdrivers__watchdog.a
[roach:rw] [197/260] Building C object modules/ec/zephyr/CMakeFiles/ec_shim.dir/app/ec/ec_app_main.c.obj
[brtk:rw] [56/395] Building C object zephyr/CMakeFiles/zephyr.dir/subsys/shell/modules/kernel_service/thread/stacks.c.obj
[roach:rw] [198/260] Building C object modules/ec/zephyr/CMakeFiles/ec_shim.dir/app/ec/main_shim.c.obj
[roach:rw] [199/260] Building C object modules/ec/zephyr/CMakeFiles/ec_shim.dir/drivers/cros_flash/cros_flash_it8xxx2.c.obj
[roach:rw] [200/260] Building C object modules/ec/zephyr/CMakeFiles/ec_shim.dir/drivers/cros_kb_raw/cros_kb_raw_ite.c.obj
[roach:rw] [201/260] Building C object modules/ec/zephyr/CMakeFiles/ec_shim.dir/drivers/cros_system/cros_system_it8xxx2.c.obj
[roach:rw] [202/260] Building C object modules/ec/zephyr/CMakeFiles/ec_shim.dir/drivers/one_wire_uart/one_wire_uart.c.obj
[brtk:ro] [83/395] Building C object CMakeFiles/app.dir/mnt/host/source/src/platform/ec/build/zephyr/brtk/modules/ec/common/uptime.c.obj
[roach:rw] [203/260] Building C object modules/ec/zephyr/CMakeFiles/ec_shim.dir/drivers/one_wire_uart/keyboard.c.obj
[roach:rw] [204/260] Building C object modules/ec/zephyr/CMakeFiles/ec_shim.dir/shim/chip/it8xxx2/clock.c.obj
[roach:rw] [205/260] Building C object modules/ec/zephyr/CMakeFiles/ec_shim.dir/shim/chip/it8xxx2/gpio.c.obj
[roach:rw] [206/260] Building C object modules/ec/zephyr/CMakeFiles/ec_shim.dir/shim/chip/it8xxx2/system.c.obj
[roach:rw] [207/260] Building C object modules/ec/zephyr/CMakeFiles/ec_shim.dir/shim/chip/it8xxx2/keyboard_raw.c.obj
[roach:rw] [208/260] Building C object modules/ec/zephyr/CMakeFiles/ec_shim.dir/shim/chip/it8xxx2/power_policy.c.obj
[roach:rw] [209/260] Building C object modules/ec/zephyr/CMakeFiles/ec_shim.dir/shim/src/console.c.obj
[roach:rw] [210/260] Building C object modules/ec/zephyr/CMakeFiles/ec_shim.dir/shim/src/crc.c.obj
[kaladin:rw] [357/398] Building C object modules/ec/zephyr/CMakeFiles/ec_shim.dir/shim/src/usba.c.obj
[roach:rw] [211/260] Building C object modules/ec/zephyr/CMakeFiles/ec_shim.dir/shim/src/gpio.c.obj
[kaladin:rw] [358/398] Building C object modules/ec/zephyr/CMakeFiles/ec_shim.dir/shim/src/tasks.c.obj
[roach:rw] [212/260] Building C object modules/ec/zephyr/CMakeFiles/ec_shim.dir/shim/src/gpio_int.c.obj
[roach:rw] [213/260] Building C object modules/ec/zephyr/CMakeFiles/ec_shim.dir/shim/src/panic_utils.c.obj
[roach:rw] [214/260] Building C object modules/ec/zephyr/CMakeFiles/ec_shim.dir/shim/src/pm_state.c.obj
[kaladin:rw] [359/398] Building C object modules/ec/zephyr/CMakeFiles/ec_shim.dir/shim/src/watchdog.c.obj
[roach:rw] [215/260] Building C object modules/ec/zephyr/CMakeFiles/ec_shim.dir/shim/src/system.c.obj
[brtk:rw] [57/395] Building C object zephyr/CMakeFiles/zephyr.dir/subsys/shell/modules/kernel_service/thread/suspend.c.obj
[roach:rw] [216/260] Building C object modules/ec/zephyr/CMakeFiles/ec_shim.dir/shim/src/flash.c.obj
[roach:rw] [217/260] Building C object modules/ec/zephyr/CMakeFiles/ec_shim.dir/shim/src/hooks.c.obj
[kaladin:rw] [360/398] Building C object modules/ec/zephyr/CMakeFiles/ec_shim.dir/shim/src/power_host_sleep_api.c.obj
[roach:rw] [218/260] Building C object modules/ec/zephyr/CMakeFiles/ec_shim.dir/shim/src/keyboard_raw.c.obj
[brtk:ro] [84/395] Building C object CMakeFiles/app.dir/mnt/host/source/src/platform/ec/build/zephyr/brtk/modules/ec/common/i2c_controller.c.obj
[roach:rw] [219/260] Building C object modules/ec/zephyr/CMakeFiles/ec_shim.dir/shim/src/keyscan.c.obj
[roach:rw] [220/260] Building C object modules/ec/zephyr/CMakeFiles/ec_shim.dir/shim/src/panic.c.obj
[roach:rw] [221/260] Building C object modules/ec/zephyr/CMakeFiles/ec_shim.dir/shim/src/hwtimer.c.obj
[roach:rw] [222/260] Building C object modules/ec/zephyr/CMakeFiles/ec_shim.dir/shim/src/i2c.c.obj
[brtk:ro] [85/395] Building C object CMakeFiles/app.dir/mnt/host/source/src/platform/ec/build/zephyr/brtk/modules/ec/common/i2c_passthru.c.obj
[roach:rw] [223/260] Building C object modules/ec/zephyr/CMakeFiles/ec_shim.dir/shim/src/tasks.c.obj
[brtk:ro] [86/395] Building C object CMakeFiles/app.dir/mnt/host/source/src/platform/ec/build/zephyr/brtk/modules/ec/common/keyboard_8042_sharedlib.c.obj
[roach:rw] [224/260] Building C object modules/ec/zephyr/CMakeFiles/ec_shim.dir/shim/src/watchdog.c.obj
[roach:rw] [225/260] Building C object modules/ec/zephyr/CMakeFiles/ec_shim.dir/shim/src/sha256_hw.c.obj
[roach:rw] [226/260] Building C object modules/ec/zephyr/CMakeFiles/ec_shim.dir/shim/src/usbc_stub.c.obj
[kaladin:rw] [361/398] Building C object modules/ec/zephyr/CMakeFiles/ec_shim.dir/shim/src/sha256_hw.c.obj
[brtk:ro] [87/395] Building C object CMakeFiles/app.dir/mnt/host/source/src/platform/ec/build/zephyr/brtk/modules/ec/common/keyboard_8042.c.obj
[brtk:rw] [58/395] Building C object zephyr/CMakeFiles/zephyr.dir/subsys/shell/modules/kernel_service/thread/resume.c.obj
[roach:rw] [227/260] Linking C static library modules/ec/zephyr/libec_shim.a
[roach:rw] [228/260] Building C object zephyr/kernel/CMakeFiles/kernel.dir/main_weak.c.obj
[kaladin:rw] [362/398] Linking CXX static library modules/ec/zephyr/libec_shim.a
[roach:rw] [229/260] Building C object zephyr/kernel/CMakeFiles/kernel.dir/banner.c.obj
[roach:rw] [230/260] Building C object zephyr/kernel/CMakeFiles/kernel.dir/busy_wait.c.obj
[roach:rw] [231/260] Building C object zephyr/kernel/CMakeFiles/kernel.dir/device.c.obj
[roach:rw] [232/260] Building C object zephyr/kernel/CMakeFiles/kernel.dir/errno.c.obj
[roach:rw] [233/260] Building C object zephyr/kernel/CMakeFiles/kernel.dir/fatal.c.obj
[roach:rw] [234/260] Building C object zephyr/kernel/CMakeFiles/kernel.dir/init.c.obj
[roach:rw] [235/260] Building C object zephyr/kernel/CMakeFiles/kernel.dir/kheap.c.obj
[roach:rw] [236/260] Building C object zephyr/kernel/CMakeFiles/kernel.dir/mem_slab.c.obj
[brtk:ro] [88/395] Building C object CMakeFiles/app.dir/mnt/host/source/src/platform/ec/build/zephyr/brtk/modules/ec/common/mkbp_fifo.c.obj
[roach:rw] [237/260] Building C object zephyr/kernel/CMakeFiles/kernel.dir/float.c.obj
[roach:rw] [238/260] Building C object zephyr/kernel/CMakeFiles/kernel.dir/version.c.obj
[roach:rw] [239/260] Building C object zephyr/kernel/CMakeFiles/kernel.dir/idle.c.obj
[roach:rw] [240/260] Building C object zephyr/kernel/CMakeFiles/kernel.dir/mailbox.c.obj
[brtk:rw] [59/395] Building C object zephyr/CMakeFiles/zephyr.dir/subsys/shell/modules/kernel_service/thread/kill.c.obj
[roach:rw] [241/260] Building C object zephyr/kernel/CMakeFiles/kernel.dir/msg_q.c.obj
[brtk:ro] [89/395] Building C object CMakeFiles/app.dir/mnt/host/source/src/platform/ec/build/zephyr/brtk/modules/ec/common/mkbp_info.c.obj
[roach:rw] [242/260] Building C object zephyr/kernel/CMakeFiles/kernel.dir/mutex.c.obj
[roach:rw] [243/260] Building C object zephyr/kernel/CMakeFiles/kernel.dir/queue.c.obj
[kaladin:rw] [363/398] Building C object zephyr/kernel/CMakeFiles/kernel.dir/main_weak.c.obj
[roach:rw] [244/260] Building C object zephyr/kernel/CMakeFiles/kernel.dir/sem.c.obj
[roach:rw] [245/260] Building C object zephyr/kernel/CMakeFiles/kernel.dir/stack.c.obj
[roach:rw] [246/260] Building C object zephyr/kernel/CMakeFiles/kernel.dir/system_work_q.c.obj
[roach:rw] [247/260] Building C object zephyr/kernel/CMakeFiles/kernel.dir/work.c.obj
[kaladin:rw] [364/398] Building C object zephyr/kernel/CMakeFiles/kernel.dir/banner.c.obj
[roach:rw] [248/260] Building C object zephyr/kernel/CMakeFiles/kernel.dir/condvar.c.obj
[brtk:ro] [90/395] Building C object CMakeFiles/app.dir/mnt/host/source/src/platform/ec/build/zephyr/brtk/modules/ec/common/keyboard_backlight.c.obj
[roach:rw] [249/260] Building C object zephyr/kernel/CMakeFiles/kernel.dir/thread.c.obj
[brtk:ro] [91/395] Building C object CMakeFiles/app.dir/mnt/host/source/src/platform/ec/build/zephyr/brtk/modules/ec/common/mkbp_input_devices.c.obj
[roach:rw] [250/260] Building C object zephyr/kernel/CMakeFiles/kernel.dir/sched.c.obj
[roach:rw] [251/260] Building C object zephyr/kernel/CMakeFiles/kernel.dir/pipe.c.obj
[roach:rw] [252/260] Building C object zephyr/kernel/CMakeFiles/kernel.dir/spinlock_validate.c.obj
[roach:rw] [253/260] Building C object zephyr/kernel/CMakeFiles/kernel.dir/thread_monitor.c.obj
[roach:rw] [254/260] Building C object zephyr/kernel/CMakeFiles/kernel.dir/timeout.c.obj
[roach:rw] [255/260] Building C object zephyr/kernel/CMakeFiles/kernel.dir/timer.c.obj
[roach:rw] [256/260] Building C object zephyr/kernel/CMakeFiles/kernel.dir/poll.c.obj
[roach:rw] [257/260] Building C object zephyr/kernel/CMakeFiles/kernel.dir/events.c.obj
[brtk:ro] [92/395] Building C object CMakeFiles/app.dir/mnt/host/source/src/platform/ec/build/zephyr/brtk/modules/ec/common/led_common.c.obj
[brtk:rw] [60/395] Building C object zephyr/CMakeFiles/zephyr.dir/subsys/shell/backends/shell_uart.c.obj
[roach:rw] [258/260] Building C object zephyr/kernel/CMakeFiles/kernel.dir/mempool.c.obj
[roach:rw] [259/260] Building C object zephyr/kernel/CMakeFiles/kernel.dir/dynamic_disabled.c.obj
[kaladin:rw] [365/398] Building C object zephyr/kernel/CMakeFiles/kernel.dir/busy_wait.c.obj
[roach:rw] [260/260] Linking C static library zephyr/kernel/libkernel.a
[brtk:ro] [93/395] Building C object CMakeFiles/app.dir/mnt/host/source/src/platform/ec/build/zephyr/brtk/modules/ec/common/motion_lid.c.obj
[brtk:ro] [94/395] Building C object CMakeFiles/app.dir/mnt/host/source/src/platform/ec/build/zephyr/brtk/modules/ec/common/lid_angle.c.obj
[brtk:rw] [61/395] Building C object zephyr/CMakeFiles/zephyr.dir/subsys/shell/shell.c.obj
[pujjogatwin:rw] Parsing /mnt/host/source/src/platform/ec/zephyr/program/nissa/Kconfig
[brtk:ro] [95/395] Building C object CMakeFiles/app.dir/mnt/host/source/src/platform/ec/build/zephyr/brtk/modules/ec/common/lid_angle_keyboard_policy.c.obj
[kaladin:rw] [366/398] Building C object zephyr/kernel/CMakeFiles/kernel.dir/errno.c.obj
[kaladin:rw] [367/398] Building C object zephyr/kernel/CMakeFiles/kernel.dir/device.c.obj
[brtk:ro] [96/395] Building C object CMakeFiles/app.dir/mnt/host/source/src/platform/ec/build/zephyr/brtk/modules/ec/common/lid_switch.c.obj
[brtk:rw] [62/395] Building C object zephyr/CMakeFiles/zephyr.dir/subsys/shell/shell_fprintf.c.obj
[brtk:ro] [97/395] Building C object CMakeFiles/app.dir/mnt/host/source/src/platform/ec/build/zephyr/brtk/modules/ec/common/mkbp_event.c.obj
[kaladin:rw] [368/398] Building C object zephyr/kernel/CMakeFiles/kernel.dir/fatal.c.obj
[brtk:ro] [98/395] Building C object CMakeFiles/app.dir/mnt/host/source/src/platform/ec/build/zephyr/brtk/modules/ec/common/motion_sense.c.obj
[brtk:ro] [99/395] Building C object CMakeFiles/app.dir/mnt/host/source/src/platform/ec/build/zephyr/brtk/modules/ec/common/port80.c.obj
[brtk:ro] [100/395] Building C object CMakeFiles/app.dir/mnt/host/source/src/platform/ec/build/zephyr/brtk/modules/ec/common/power_button.c.obj
[brtk:rw] [63/395] Building C object zephyr/CMakeFiles/zephyr.dir/subsys/shell/shell_utils.c.obj
[kaladin:rw] [369/398] Building C object zephyr/kernel/CMakeFiles/kernel.dir/init.c.obj
[brtk:ro] [101/395] Building C object CMakeFiles/app.dir/mnt/host/source/src/platform/ec/build/zephyr/brtk/modules/ec/power/hibernate.c.obj
[kaladin:rw] [370/398] Building C object zephyr/kernel/CMakeFiles/kernel.dir/kheap.c.obj
[brtk:ro] [102/395] Building C object CMakeFiles/app.dir/mnt/host/source/src/platform/ec/build/zephyr/brtk/modules/ec/common/panic_output.c.obj
[brtk:rw] [64/395] Building C object zephyr/CMakeFiles/zephyr.dir/subsys/shell/shell_ops.c.obj
[brtk:ro] [103/395] Building C object CMakeFiles/app.dir/mnt/host/source/src/platform/ec/build/zephyr/brtk/modules/ec/common/shared_mem.c.obj
[pujjogatwin:rw] Loaded configuration '/mnt/host/source/src/platform/ec/zephyr/boards/google/npcx9/npcx9_npcx9m3f_defconfig'
[pujjogatwin:rw] Merged configuration '/mnt/host/source/src/platform/ec/zephyr/program/nissa/program.conf'
[pujjogatwin:rw] Merged configuration '/mnt/host/source/src/platform/ec/zephyr/program/nissa/npcx_program.conf'
[pujjogatwin:rw] Merged configuration '/mnt/host/source/src/platform/ec/zephyr/program/nissa/pujjogatwin/project.conf'
[pujjogatwin:rw] Merged configuration '/mnt/host/source/src/platform/ec/build/zephyr/pujjogatwin/kconfig-rw.conf'
[pujjogatwin:rw] Configuration saved to '/mnt/host/source/src/platform/ec/build/zephyr/pujjogatwin/build-rw/zephyr/.config'
[pujjogatwin:rw] Kconfig header saved to '/mnt/host/source/src/platform/ec/build/zephyr/pujjogatwin/build-rw/zephyr/include/generated/zephyr/autoconf.h'
[pujjogatwin:rw] -- Found GnuLd: /home/jpmurphy/.cache/coreboot-sdk/arm-eabi/ea40ddd1d190c3b48435c474c0b545719371813a/arm-eabi/bin/ld.bfd (found version "2.43.1")
[kaladin:rw] [371/398] Building C object zephyr/kernel/CMakeFiles/kernel.dir/version.c.obj
[kaladin:rw] [372/398] Building C object zephyr/kernel/CMakeFiles/kernel.dir/mem_slab.c.obj
[brtk:ro] [104/395] Building C object CMakeFiles/app.dir/mnt/host/source/src/platform/ec/build/zephyr/brtk/modules/ec/common/spi_flash_reg.c.obj
[pujjogatwin:rw] -- The C compiler identification is GNU 14.2.0
[brtk:ro] [105/395] Building C object CMakeFiles/app.dir/mnt/host/source/src/platform/ec/build/zephyr/brtk/modules/ec/common/tablet_mode.c.obj
[brtk:rw] [65/395] Building C object zephyr/CMakeFiles/zephyr.dir/subsys/shell/shell_help.c.obj
[brtk:ro] [106/395] Building C object CMakeFiles/app.dir/mnt/host/source/src/platform/ec/build/zephyr/brtk/modules/ec/common/switch.c.obj
[/mnt/host/source/src/platform/ec/build/zephyr/it82002_evb-lcov]   /mnt/host/source/src/platform/ec/build/zephyr/it82002_evb/build-singleimage/zephyr/CMakeFiles/zephyr.dir/soc/ite/ec/it8xxx2/check_regs.c.gcno:no functions found
[/mnt/host/source/src/platform/ec/build/zephyr/it82002_evb-lcov] Filter suppressions 'region':
[/mnt/host/source/src/platform/ec/build/zephyr/it82002_evb-lcov]     21 instances
[/mnt/host/source/src/platform/ec/build/zephyr/it82002_evb-lcov]     12 coverpoints
[/mnt/host/source/src/platform/ec/build/zephyr/it82002_evb-lcov] Message summary:
[/mnt/host/source/src/platform/ec/build/zephyr/it82002_evb-lcov]   6 ignore messages:
[/mnt/host/source/src/platform/ec/build/zephyr/it82002_evb-lcov]     gcov: 6
Running (initial) lcov on /mnt/host/source/src/platform/ec/build/zephyr/ptlrvp_mchp.
[brtk:rw] [66/395] Building C object zephyr/CMakeFiles/zephyr.dir/subsys/shell/shell_history.c.obj
[kaladin:rw] [373/398] Building C object zephyr/kernel/CMakeFiles/kernel.dir/float.c.obj
[brtk:ro] [107/395] Building C object CMakeFiles/app.dir/mnt/host/source/src/platform/ec/build/zephyr/brtk/modules/ec/common/temp_sensor.c.obj
[pujjogatwin:rw] -- The CXX compiler identification is GNU 14.2.0
[brtk:ro] [108/395] Building C object CMakeFiles/app.dir/mnt/host/source/src/platform/ec/build/zephyr/brtk/modules/ec/common/thermal.c.obj
[kaladin:rw] [374/398] Building CXX object modules/ec/zephyr/drivers/dsp_comms/service/CMakeFiles/dsp.service.dir/i2c_target_buffer_funcs.cc.obj
[pujjogatwin:rw] -- The ASM compiler identification is GNU
[pujjogatwin:rw] warning: PLATFORM_EC_OCPC_DEF_RBATT_MOHMS (defined at
[pujjogatwin:rw] /mnt/host/source/src/platform/ec/zephyr/Kconfig.charger:279) was assigned the value '22' but got the
[pujjogatwin:rw] value ''. Check these unsatisfied dependencies: PLATFORM_EC_OCPC (=n). See
[pujjogatwin:rw] http://docs.zephyrproject.org/latest/kconfig.html#CONFIG_PLATFORM_EC_OCPC_DEF_RBATT_MOHMS and/or
[pujjogatwin:rw] look up PLATFORM_EC_OCPC_DEF_RBATT_MOHMS in the menuconfig/guiconfig interface. The Application
[pujjogatwin:rw] Development Primer, Setting Configuration Values, and Kconfig - Tips and Best Practices sections of
[pujjogatwin:rw] the manual might be helpful too.
[pujjogatwin:rw] warning: PLATFORM_EC_OCPC_DEF_DRIVELIMIT_MILLIVOLTS (defined at
[pujjogatwin:rw] /mnt/host/source/src/platform/ec/zephyr/Kconfig.charger:288) was assigned the value '200' but got
[pujjogatwin:rw] the value ''. Check these unsatisfied dependencies: PLATFORM_EC_OCPC (=n). See
[pujjogatwin:rw] http://docs.zephyrproject.org/latest/kconfig.html#CONFIG_PLATFORM_EC_OCPC_DEF_DRIVELIMIT_MILLIVOLTS
[pujjogatwin:rw] and/or look up PLATFORM_EC_OCPC_DEF_DRIVELIMIT_MILLIVOLTS in the menuconfig/guiconfig interface. The
[pujjogatwin:rw] Application Development Primer, Setting Configuration Values, and Kconfig - Tips and Best Practices
[pujjogatwin:rw] sections of the manual might be helpful too.
[pujjogatwin:rw] warning: Deprecated symbol I2C_ALLOW_NO_STOP_TRANSACTIONS is enabled.
[pujjogatwin:rw] CMake Warning at /mnt/host/source/src/platform/ec/zephyr/cmake/linker/ld/linker_libraries.cmake:11 (message):
[pujjogatwin:rw]   Disabling c_library
[pujjogatwin:rw] Call Stack (most recent call first):
[pujjogatwin:rw]   /mnt/host/source/src/third_party/zephyr/main/cmake/target_toolchain_flags.cmake:48 (include)
[pujjogatwin:rw]   /mnt/host/source/src/third_party/zephyr/main/cmake/modules/kernel.cmake:153 (include)
[pujjogatwin:rw]   /mnt/host/source/src/third_party/zephyr/main/cmake/modules/zephyr_default.cmake:138 (include)
[pujjogatwin:rw]   /mnt/host/source/src/third_party/zephyr/main/share/zephyr-package/cmake/ZephyrConfig.cmake:66 (include)
[pujjogatwin:rw]   /mnt/host/source/src/third_party/zephyr/main/share/zephyr-package/cmake/ZephyrConfig.cmake:97 (include_boilerplate)
[pujjogatwin:rw]   CMakeLists.txt:7 (find_package)
[brtk:ro] [109/395] Building C object CMakeFiles/app.dir/mnt/host/source/src/platform/ec/build/zephyr/brtk/modules/ec/driver/temp_sensor/thermistor.c.obj
[kaladin:rw] [375/398] Building CXX object modules/ec/zephyr/drivers/dsp_comms/service/CMakeFiles/dsp.service.dir/i2c_target_pio_funcs.cc.obj
Running `env -i PYTHONPATH=/usr/lib64/python-exec/python3.11:/mnt/host/source/src/platform/ec/zephyr/zmake:/usr/lib/python311.zip:/usr/lib/python3.11:/usr/lib/python3.11/lib-dynload:/usr/lib/python3.11/site-packages PW_PIGWEED_CIPD_INSTALL_DIR=/usr CROSTC_USER_ACKNOWLEDGES_THAT_RISCV_IS_EXPERIMENTAL=1 PATH=/mnt/host/source/chromite/bin:/usr/local/bin:/usr/bin:/bin:/opt/bin:/mnt/host/source/chromite/sdk/bin:/mnt/host/source/chromite/bin HOME=/home/jpmurphy JAVA_HOME=/etc/java-config-2/current-system-vm JDK_HOME=/etc/java-config-2/current-system-vm JAVAC=/etc/java-config-2/current-system-vm/bin/javac MAKEFLAGS=' -j16 --jobserver-auth=5,6' /usr/bin/lcov --gcov-tool /mnt/host/source/src/platform/ec/build/zephyr/ptlrvp_mchp/build-rw/gcov.sh -q -o - -c -d /mnt/host/source/src/platform/ec/build/zephyr/ptlrvp_mchp -t ptlrvp_mchp --rc branch_coverage=1 --filter range --ignore-errors inconsistent,source --ignore-errors gcov,gcov -i`
[brtk:rw] [67/395] Building C object zephyr/CMakeFiles/zephyr.dir/drivers/flash/flash_util.c.obj
[kaladin:rw] [376/398] Building CXX object modules/ec/zephyr/drivers/dsp_comms/service/CMakeFiles/dsp.service.dir/dsp_service.cc.obj
[kaladin:rw] [377/398] Building C object zephyr/kernel/CMakeFiles/kernel.dir/idle.c.obj
[kaladin:rw] [378/398] Linking CXX static library modules/ec/zephyr/drivers/dsp_comms/service/libdsp.service.a
[brtk:rw] [68/395] Linking C static library zephyr/libzephyr.a
[kaladin:rw] [379/398] Building C object zephyr/kernel/CMakeFiles/kernel.dir/mailbox.c.obj
[brtk:ro] [110/395] Building C object CMakeFiles/app.dir/mnt/host/source/src/platform/ec/build/zephyr/brtk/modules/ec/common/timer.c.obj
[brtk:rw] [69/395] Building C object zephyr/arch/common/CMakeFiles/arch__common.dir/sw_isr_common.c.obj
[brtk:ro] [111/395] Building C object CMakeFiles/app.dir/mnt/host/source/src/platform/ec/build/zephyr/brtk/modules/ec/common/usbc_utils.c.obj
[brtk:ro] [112/395] Building C object CMakeFiles/app.dir/mnt/host/source/src/platform/ec/build/zephyr/brtk/modules/ec/common/usb_port_power_dumb.c.obj
[kaladin:rw] [380/398] Building C object zephyr/kernel/CMakeFiles/kernel.dir/msg_q.c.obj
[brtk:rw] [70/395] Building C object zephyr/arch/common/CMakeFiles/arch__common.dir/init.c.obj
[brtk:ro] [113/395] Building C object CMakeFiles/app.dir/mnt/host/source/src/platform/ec/build/zephyr/brtk/modules/ec/common/usb_common.c.obj
[brtk:ro] [114/395] Building C object CMakeFiles/app.dir/mnt/host/source/src/platform/ec/build/zephyr/brtk/modules/ec/common/vboot_hash.c.obj
[brtk:ro] [115/395] Building C object CMakeFiles/app.dir/mnt/host/source/src/platform/ec/build/zephyr/brtk/modules/ec/common/usb_pd_host_cmd_common.c.obj
[brtk:rw] [71/395] Building C object zephyr/arch/common/CMakeFiles/arch__common.dir/dynamic_isr.c.obj
[pujjogatwin:rw] -- Found assembler: /home/jpmurphy/.cache/coreboot-sdk/arm-eabi/ea40ddd1d190c3b48435c474c0b545719371813a/bin/arm-eabi-gcc
[pujjogatwin:rw] -- Performing EC specific devicetree checks
[kaladin:rw] [381/398] Building C object zephyr/kernel/CMakeFiles/kernel.dir/sem.c.obj
[kaladin:rw] [382/398] Building C object zephyr/kernel/CMakeFiles/kernel.dir/queue.c.obj
[kaladin:rw] [383/398] Building C object zephyr/kernel/CMakeFiles/kernel.dir/mutex.c.obj
[pujjogatwin:rw] INFO: Verified 61 GPIOs, no duplicates found
[pujjogatwin:rw] INFO: Verified 25 '*-gpios' properties, all flags match.
[kaladin:rw] [384/398] Building C object zephyr/kernel/CMakeFiles/kernel.dir/system_work_q.c.obj
[brtk:ro] [116/395] Building C object CMakeFiles/app.dir/mnt/host/source/src/platform/ec/build/zephyr/brtk/modules/ec/common/vboot/efs2.c.obj
[brtk:ro] [117/395] Building C object CMakeFiles/app.dir/mnt/host/source/src/platform/ec/build/zephyr/brtk/modules/ec/common/vstore.c.obj
[brtk:ro] [118/395] Building C object CMakeFiles/app.dir/mnt/host/source/src/platform/ec/build/zephyr/brtk/modules/ec/common/button.c.obj
[brtk:rw] [72/395] Building C object zephyr/arch/common/CMakeFiles/arch__common.dir/xip.c.obj
[kaladin:rw] [385/398] Building C object zephyr/kernel/CMakeFiles/kernel.dir/stack.c.obj
[/mnt/host/source/src/platform/ec/build/zephyr/ptlrvp_mchp-lcov] geninfo: WARNING: using JSON module "JSON::PP" - which is much slower than some alternatives.  Consider installing one of JSON::XS or Cpanel::JSON::XS
[brtk:rw] [73/395] Building C object zephyr/arch/common/CMakeFiles/isr_tables.dir/isr_tables.c.obj
[brtk:rw] [74/395] Linking C static library zephyr/arch/common/libisr_tables.a
[brtk:ro] [119/395] Building C object CMakeFiles/app.dir/mnt/host/source/src/platform/ec/build/zephyr/brtk/modules/ec/common/math_util.c.obj
[pujjogatwin:rw] -- Generating component manifest file
[brtk:ro] [120/395] Building C object CMakeFiles/app.dir/src/hibernate.c.obj
[brtk:rw] [75/395] Linking C static library zephyr/arch/common/libarch__common.a
[brtk:ro] [121/395] Building C object CMakeFiles/app.dir/src/board_power.c.obj
[kaladin:rw] [386/398] Building C object zephyr/kernel/CMakeFiles/kernel.dir/work.c.obj
[pujjogatwin:rw] INFO: Skipped 15 named-gpios children.
[pujjogatwin:rw] INFO: Running CME, outputting to /mnt/host/source/src/platform/ec/build/zephyr/pujjogatwin/build-rw/zephyr/component_manifest.json
[pujjogatwin:rw] INFO: Project pujjogatwin does not support SSFC
[pujjogatwin:rw] INFO: Component virtual-mux-0(cros-ec,usbc-mux-virtual) not on I2C bus, skip it
[pujjogatwin:rw] INFO: Component virtual-mux-1(cros-ec,usbc-mux-virtual) not on I2C bus, skip it
[pujjogatwin:rw] INFO: No motionsense-sensor-alt node found
[kaladin:rw] [387/398] Building C object zephyr/kernel/CMakeFiles/kernel.dir/condvar.c.obj
[brtk:ro] [122/395] Building C object zephyr/CMakeFiles/zephyr.dir/lib/libc/validate_libc.c.obj
[brtk:ro] [123/395] Building C object CMakeFiles/app.dir/src/suspend_resume.c.obj
[brtk:rw] [76/395] Building C object zephyr/arch/arch/arm/core/CMakeFiles/arch__arm__core.dir/fatal.c.obj
[kaladin:rw] [388/398] Building C object zephyr/kernel/CMakeFiles/kernel.dir/pipe.c.obj
[kaladin:rw] [389/398] Building C object zephyr/kernel/CMakeFiles/kernel.dir/thread.c.obj
[brtk:ro] [124/395] Building C object CMakeFiles/app.dir/src/usbc.c.obj
[pujjogatwin:rw] -- warning_base_override: -Wall;-Wformat;-Wformat-security;-Wformat;-Wno-format-zero-length;-Wno-pointer-sign;-Wpointer-arith;-Wexpansion-to-defined
[brtk:rw] [77/395] Building ASM object zephyr/arch/arch/arm/core/CMakeFiles/arch__arm__core.dir/nmi_on_reset.S.obj
[kaladin:rw] [390/398] Building C object zephyr/kernel/CMakeFiles/kernel.dir/thread_monitor.c.obj
[brtk:ro] [125/395] Building C object zephyr/CMakeFiles/zephyr.dir/lib/heap/heap.c.obj
[brtk:rw] [78/395] Building C object zephyr/arch/arch/arm/core/CMakeFiles/arch__arm__core.dir/nmi.c.obj
[brtk:ro] [126/395] Building C object zephyr/CMakeFiles/zephyr.dir/lib/os/cbprintf_packaged.c.obj
[brtk:ro] [127/395] Linking C static library app/libapp.a
[brtk:rw] [79/395] Linking C static library zephyr/arch/arch/arm/core/libarch__arm__core.a
[kaladin:rw] [391/398] Building C object zephyr/kernel/CMakeFiles/kernel.dir/sched.c.obj
[brtk:ro] [128/395] Building C object zephyr/CMakeFiles/zephyr.dir/lib/os/printk.c.obj
[brtk:ro] [129/395] Building C object zephyr/CMakeFiles/zephyr.dir/lib/os/clock.c.obj
[pujjogatwin:rw] -- Found gen_kobject_list: /mnt/host/source/src/third_party/zephyr/main/scripts/build/gen_kobject_list.py
[kaladin:rw] [392/398] Building C object zephyr/kernel/CMakeFiles/kernel.dir/timer.c.obj
[kaladin:rw] [393/398] Building C object zephyr/kernel/CMakeFiles/kernel.dir/timeout.c.obj
[brtk:ro] [130/395] Building C object zephyr/CMakeFiles/zephyr.dir/lib/os/sem.c.obj
[brtk:ro] [131/395] Building C object zephyr/CMakeFiles/zephyr.dir/lib/os/thread_entry.c.obj
[brtk:rw] [80/395] Building C object zephyr/arch/arch/arm/core/cortex_m/CMakeFiles/arch__arm__core__cortex_m.dir/exc_exit.c.obj
[brtk:ro] [132/395] Building C object zephyr/CMakeFiles/zephyr.dir/lib/os/cbprintf.c.obj
[/mnt/host/source/src/platform/ec/build/zephyr/ptlrvp_mchp-lcov] stderr:
[brtk:ro] [133/395] Building C object zephyr/CMakeFiles/zephyr.dir/lib/os/cbprintf_nano.c.obj
[pujjogatwin:rw] -- Configuring done (16.8s)
[brtk:ro] [134/395] Building C object zephyr/CMakeFiles/zephyr.dir/lib/utils/dec.c.obj
[kaladin:rw] [394/398] Building C object zephyr/kernel/CMakeFiles/kernel.dir/events.c.obj
[kaladin:rw] [395/398] Building C object zephyr/kernel/CMakeFiles/kernel.dir/mempool.c.obj
[brtk:rw] [81/395] Building ASM object zephyr/arch/arch/arm/core/cortex_m/CMakeFiles/arch__arm__core__cortex_m.dir/fault_s.S.obj
[kaladin:rw] [396/398] Building C object zephyr/kernel/CMakeFiles/kernel.dir/poll.c.obj
[brtk:ro] [135/395] Building C object zephyr/CMakeFiles/zephyr.dir/lib/utils/hex.c.obj
[brtk:rw] [82/395] Building C object zephyr/arch/arch/arm/core/cortex_m/CMakeFiles/arch__arm__core__cortex_m.dir/fault.c.obj
[brtk:ro] [136/395] Building C object zephyr/CMakeFiles/zephyr.dir/lib/os/assert.c.obj
[brtk:ro] [137/395] Building C object zephyr/CMakeFiles/zephyr.dir/lib/utils/bitmask.c.obj
[brtk:ro] [138/395] Building C object zephyr/CMakeFiles/zephyr.dir/lib/os/reboot.c.obj
[/mnt/host/source/src/platform/ec/build/zephyr/ptlrvp_mchp-lcov]   /mnt/host/source/src/platform/ec/build/zephyr/ptlrvp_mchp/build-ro/modules/ec/zephyr/CMakeFiles/ec_shim.dir/shim/src/thermal.c.gcno:no functions found
[/mnt/host/source/src/platform/ec/build/zephyr/ptlrvp_mchp-lcov] stderr:
[brtk:ro] [139/395] Building C object zephyr/CMakeFiles/zephyr.dir/lib/utils/timeutil.c.obj
[brtk:ro] [140/395] Building C object zephyr/CMakeFiles/zephyr.dir/lib/utils/last_section_id.c.obj
[pujjogatwin:rw] -- Generating done (0.4s)
[pujjogatwin:rw] CMake Warning:
[pujjogatwin:rw]   Manually-specified variables were not used by the project:
[pujjogatwin:rw]     COREBOOT_SDK_ROOT_libstdcxx_riscv64
[pujjogatwin:rw]     COREBOOT_SDK_ROOT_libstdcxx_x86
[pujjogatwin:rw]     COREBOOT_SDK_ROOT_nds32
[pujjogatwin:rw]     COREBOOT_SDK_ROOT_picolibc_riscv64
[pujjogatwin:rw]     COREBOOT_SDK_ROOT_picolibc_x86
[pujjogatwin:rw]     COREBOOT_SDK_ROOT_riscv
[pujjogatwin:rw]     COREBOOT_SDK_ROOT_riscv64
[pujjogatwin:rw]     COREBOOT_SDK_ROOT_x86
[pujjogatwin:rw] -- Build files have been written to: /mnt/host/source/src/platform/ec/build/zephyr/pujjogatwin/build-rw
[brtk:rw] [83/395] Building ASM object zephyr/arch/arch/arm/core/cortex_m/CMakeFiles/arch__arm__core__cortex_m.dir/vector_table.S.obj
[brtk:rw] [84/395] Building ASM object zephyr/arch/arch/arm/core/cortex_m/CMakeFiles/arch__arm__core__cortex_m.dir/reset.S.obj
[roach:ro] Building: /usr/bin/ninja -C /mnt/host/source/src/platform/ec/build/zephyr/roach/build-ro all.libraries
Running `env -i SHELL=/bin/bash COLORTERM=truecolor DEPOT_TOOLS_UPDATE=0 LESS='-R -M --shift 5' SUDO_GID=0 JDK_HOME=/etc/java-config-2/current-system-vm CONFIG_PROTECT_MASK='/etc/gentoo-release /etc/sandbox.d /etc/fonts/fonts.conf /etc/terminfo /etc/ca-certificates.conf /etc/revdep-rebuild' CHROMEOS_CACHEDIR=/var/cache/chromeos-cache JAVA_HOME=/etc/java-config-2/current-system-vm SSH_AUTH_SOCK=/tmp/ssh-auth-sock SUDO_COMMAND=/bin/bash SUDO_USER=root SUDO_TTY=/dev/pts/2 EDITOR=/usr/bin/vi PWD=/mnt/host/source/src/platform/ec CONFIG_PROTECT=/usr/share/gnupg/qualified.txt LOGNAME=jpmurphy MANPATH=/etc/java-config-2/current-system-vm/man:/usr/local/share/man:/usr/share/man:/usr/share/gcc-data/x86_64-pc-linux-gnu/10.2.0/man:/usr/share/binutils-data/x86_64-pc-linux-gnu/2.45/man:/etc/java-config-2/current-system-vm/man/ SUDO_HOME=/root XAUTHORITY=/run/user/944457/gdm/Xauthority HOME=/home/jpmurphy LANG=C.UTF-8 LS_COLORS='rs=0:di=01;34:ln=01;36:mh=00:pi=40;33:so=01;35:do=01;35:bd=40;33;01:cd=40;33;01:or=01;05;37;41:mi=01;05;37;41:su=37;41:sg=30;43:ca=30;41:tw=30;42:ow=34;42:st=37;44:ex=01;32:*.tar=01;31:*.tgz=01;31:*.arc=01;31:*.arj=01;31:*.taz=01;31:*.lha=01;31:*.lz4=01;31:*.lzh=01;31:*.lzma=01;31:*.tlz=01;31:*.txz=01;31:*.tzo=01;31:*.t7z=01;31:*.zip=01;31:*.z=01;31:*.dz=01;31:*.gz=01;31:*.lrz=01;31:*.lz=01;31:*.lzo=01;31:*.xz=01;31:*.zst=01;31:*.tzst=01;31:*.bz2=01;31:*.bz=01;31:*.tbz=01;31:*.tbz2=01;31:*.tz=01;31:*.deb=01;31:*.rpm=01;31:*.jar=01;31:*.war=01;31:*.ear=01;31:*.sar=01;31:*.rar=01;31:*.alz=01;31:*.ace=01;31:*.zoo=01;31:*.cpio=01;31:*.7z=01;31:*.rz=01;31:*.cab=01;31:*.wim=01;31:*.swm=01;31:*.dwm=01;31:*.esd=01;31:*.jpg=01;35:*.jpeg=01;35:*.mjpg=01;35:*.mjpeg=01;35:*.gif=01;35:*.bmp=01;35:*.pbm=01;35:*.pgm=01;35:*.ppm=01;35:*.tga=01;35:*.xbm=01;35:*.xpm=01;35:*.tif=01;35:*.tiff=01;35:*.png=01;35:*.svg=01;35:*.svgz=01;35:*.mng=01;35:*.pcx=01;35:*.mov=01;35:*.mpg=01;35:*.mpeg=01;35:*.m2v=01;35:*.mkv=01;35:*.webm=01;35:*.webp=01;35:*.ogm=01;35:*.mp4=01;35:*.m4v=01;35:*.mp4v=01;35:*.vob=01;35:*.qt=01;35:*.nuv=01;35:*.wmv=01;35:*.asf=01;35:*.rm=01;35:*.rmvb=01;35:*.flc=01;35:*.avi=01;35:*.fli=01;35:*.flv=01;35:*.gl=01;35:*.dl=01;35:*.xcf=01;35:*.xwd=01;35:*.yuv=01;35:*.cgm=01;35:*.emf=01;35:*.ogv=01;35:*.ogx=01;35:*.cfg=00;32:*.conf=00;32:*.diff=00;32:*.doc=00;32:*.ini=00;32:*.log=00;32:*.patch=00;32:*.pdf=00;32:*.ps=00;32:*.tex=00;32:*.txt=00;32:*.aac=00;36:*.au=00;36:*.flac=00;36:*.m4a=00;36:*.mid=00;36:*.midi=00;36:*.mka=00;36:*.mp3=00;36:*.mpc=00;36:*.ogg=00;36:*.ra=00;36:*.wav=00;36:*.oga=00;36:*.opus=00;36:*.spx=00;36:*.xspf=00;36:' XDG_CURRENT_DESKTOP=GNOME INFOPATH=/usr/share/info:/usr/share/gcc-data/x86_64-pc-linux-gnu/10.2.0/info:/usr/share/binutils-data/x86_64-pc-linux-gnu/2.45/info:/usr/share/automake-1.16.5/info JAVAC=/etc/java-config-2/current-system-vm/bin/javac TERM=xterm-256color LESSOPEN='|lesspipe %s' USER=jpmurphy CROS_WORKON_SRCROOT=/mnt/host/source MANPAGER=manpager DISPLAY=:1 SHLVL=1 LC_MESSAGES=C EXTERNAL_TRUNK_PATH=/mnt/8f9d649a-3721-44cc-93c0-e6bd21a9689f/chromiumos GCC_SPECS='' PATH=/mnt/host/source/chromite/bin:/usr/local/bin:/usr/bin:/bin:/opt/bin:/mnt/host/source/chromite/sdk/bin:/mnt/host/source/chromite/bin PORTAGE_USERNAME=jpmurphy SUDO_UID=0 GCC_VER=10.2.0 MAIL=/var/mail/jpmurphy OLDPWD=/mnt/host/source/src/scripts traceparent=00-e87aca51550a78635907baa6a2476181-6d684811675d2973-01 _=./zephyr/firmware_builder.py COREBOOT_SDK_ROOT_x86=/home/jpmurphy/.cache/coreboot-sdk/i386-elf/dfbb0486385d938cfa9d73080b9d18d598ed4f49 COREBOOT_SDK_ROOT_picolibc_x86=/home/jpmurphy/.cache/coreboot-sdk/picolibc-i386-elf/eb8e8e687b95461de8cbf278f1c2076952d0ad17 COREBOOT_SDK_ROOT_riscv64=/home/jpmurphy/.cache/coreboot-sdk/riscv64-elf/96b949749225b6aaa92ed810ab769e8dfb12f000 COREBOOT_SDK_ROOT_picolibc_arm=/home/jpmurphy/.cache/coreboot-sdk/picolibc-arm-eabi/422a2aa3e1ef891b5bece9a3deb696ff83840d2e COREBOOT_SDK_ROOT_nds32=/home/jpmurphy/.cache/coreboot-sdk/nds32le-elf/d1a518c4a097666d86058e1444f85ca015d15511 COREBOOT_SDK_ROOT_picolibc_riscv64=/home/jpmurphy/.cache/coreboot-sdk/picolibc-riscv64-elf/f571e990ef0278564b31124f8bb109d9a697eb69 COREBOOT_SDK_ROOT_arm=/home/jpmurphy/.cache/coreboot-sdk/arm-eabi/ea40ddd1d190c3b48435c474c0b545719371813a COREBOOT_SDK_ROOT_libstdcxx_riscv64=/home/jpmurphy/.cache/coreboot-sdk/libstdcxx-riscv64-elf/17abf22a3a252e2d5d2062ced5324f7a623689e0 COREBOOT_SDK_ROOT_libstdcxx_arm=/home/jpmurphy/.cache/coreboot-sdk/libstdcxx-arm-eabi/5d7d82e150e44aa1968f1d366e267e6687b328ac COREBOOT_SDK_ROOT_riscv=/home/jpmurphy/.cache/coreboot-sdk/riscv-elf/9a27b9e82341c6e9126624f516ab3f261abb3e73 COREBOOT_SDK_ROOT_libstdcxx_x86=/home/jpmurphy/.cache/coreboot-sdk/libstdcxx-i386-elf/42ef9d2e87a76a37963175d7d428734e65648b87 PYTHONPATH=/mnt/host/source/src/platform/ec/zephyr/zmake PW_PIGWEED_CIPD_INSTALL_DIR=/usr CROSTC_USER_ACKNOWLEDGES_THAT_RISCV_IS_EXPERIMENTAL=1 MAKEFLAGS=' -j16 --jobserver-auth=5,6' /usr/bin/ninja -C /mnt/host/source/src/platform/ec/build/zephyr/roach/build-ro all.libraries`
[kaladin:rw] [397/398] Building C object zephyr/kernel/CMakeFiles/kernel.dir/dynamic_disabled.c.obj
[brtk:ro] [141/395] Building C object zephyr/CMakeFiles/zephyr.dir/misc/generated/configs.c.obj
[roach:ro] ninja: Entering directory `/mnt/host/source/src/platform/ec/build/zephyr/roach/build-ro'
[brtk:ro] [142/395] Building C object zephyr/CMakeFiles/zephyr.dir/lib/utils/ring_buffer.c.obj
[brtk:rw] [85/395] Building C object zephyr/arch/arch/arm/core/cortex_m/CMakeFiles/arch__arm__core__cortex_m.dir/fpu.c.obj
[brtk:ro] [143/395] Building C object zephyr/CMakeFiles/zephyr.dir/lib/utils/rb.c.obj
[/mnt/host/source/src/platform/ec/build/zephyr/ptlrvp_mchp-lcov]   /mnt/host/source/src/platform/ec/build/zephyr/ptlrvp_mchp/build-ro/modules/ec/zephyr/CMakeFiles/ec_shim.dir/shim/src/battery.c.gcno:no functions found
[/mnt/host/source/src/platform/ec/build/zephyr/ptlrvp_mchp-lcov] stderr:
[brtk:ro] [144/395] Building C object zephyr/CMakeFiles/zephyr.dir/lib/utils/bitarray.c.obj
[kaladin:rw] [398/398] Linking CXX static library zephyr/kernel/libkernel.a
[roach:ro] [1/263] Preparing syscall dependency handling
[brtk:rw] [86/395] Building C object zephyr/arch/arch/arm/core/cortex_m/CMakeFiles/arch__arm__core__cortex_m.dir/thread_abort.c.obj
[brtk:rw] [87/395] Building C object zephyr/arch/arch/arm/core/cortex_m/CMakeFiles/arch__arm__core__cortex_m.dir/scb.c.obj
[brtk:ro] [145/395] Building C object zephyr/CMakeFiles/zephyr.dir/lib/utils/getopt/getopt.c.obj
[roach:ro] [2/263] Generating misc/generated/syscalls_subdirs.trigger
[brtk:ro] [146/395] Building C object zephyr/CMakeFiles/zephyr.dir/lib/utils/getopt/getopt_common.c.obj
[roach:ro] [3/263] cd /mnt/host/source/src/platform/ec/build/zephyr/roach/build-ro/modules/ec/zephyr && PYTHONPATH=/mnt/host/source/src/platform/ec/build/zephyr/roach/modules/ec/zephyr/zmake/ /usr/bin/python3.11 /mnt/host/source/src/platform/ec/build/zephyr/roach/modules/ec/zephyr/zmake/zephyr_build_tools/generate_ec_version.py /mnt/host/source/src/platform/ec/build/zephyr/roach/build-ro/modules/ec/zephyr/include/ec_version.h --name Zephyr-Kernel --version 16543.0.0 --static
[roach:ro] INFO:root:Using a static version string
[brtk:ro] [147/395] Building C object zephyr/CMakeFiles/zephyr.dir/soc/realtek/ec/rts5912/debug_swj.c.obj
[brtk:ro] [148/395] Building C object zephyr/CMakeFiles/zephyr.dir/soc/realtek/ec/rts5912/soc.c.obj
[brtk:rw] [88/395] Building C object zephyr/arch/arch/arm/core/cortex_m/CMakeFiles/arch__arm__core__cortex_m.dir/irq_manage.c.obj
[brtk:rw] [89/395] Building ASM object zephyr/arch/arch/arm/core/cortex_m/CMakeFiles/arch__arm__core__cortex_m.dir/swap_helper.S.obj
[brtk:ro] [149/395] Building C object zephyr/CMakeFiles/zephyr.dir/soc/realtek/ec/rts5912/power.c.obj
[roach:ro] INFO:root:Version string: Zephyr-Kernel-16543.0.0
[roach:ro] INFO:root:Writing header to /mnt/host/source/src/platform/ec/build/zephyr/roach/build-ro/modules/ec/zephyr/include/ec_version.h
[roach:ro] [4/263] Generating include/generated/zephyr/version.h
[brtk:rw] [90/395] Building C object zephyr/arch/arch/arm/core/cortex_m/CMakeFiles/arch__arm__core__cortex_m.dir/prep_c.c.obj
[brtk:ro] [150/395] Building C object zephyr/CMakeFiles/zephyr.dir/subsys/logging/log_minimal.c.obj
[brtk:ro] [151/395] Building C object zephyr/CMakeFiles/zephyr.dir/soc/realtek/ec/rts5912/device_power.c.obj
[brtk:ro] [152/395] Building C object zephyr/CMakeFiles/zephyr.dir/subsys/pm/state.c.obj
[brtk:rw] [91/395] Building C object zephyr/arch/arch/arm/core/cortex_m/CMakeFiles/arch__arm__core__cortex_m.dir/thread.c.obj
[brtk:ro] [153/395] Building C object zephyr/CMakeFiles/zephyr.dir/subsys/pm/pm.c.obj
[brtk:rw] [92/395] Generating ../../../include/generated/libc/minimal/strerror_table.h
[brtk:rw] [93/395] Building C object zephyr/arch/arch/arm/core/cortex_m/CMakeFiles/arch__arm__core__cortex_m.dir/cpu_idle.c.obj
[brtk:rw] [94/395] Building C object zephyr/lib/libc/minimal/CMakeFiles/lib__libc__minimal.dir/source/stdlib/atoi.c.obj
[brtk:ro] [154/395] Building C object zephyr/CMakeFiles/zephyr.dir/subsys/pm/policy/policy_events.c.obj
[brtk:ro] [155/395] Building C object zephyr/CMakeFiles/zephyr.dir/subsys/pm/policy/policy_latency.c.obj
[brtk:rw] [95/395] Building C object zephyr/arch/arch/arm/core/cortex_m/CMakeFiles/arch__arm__core__cortex_m.dir/irq_init.c.obj
[brtk:rw] [96/395] Building C object zephyr/arch/arch/arm/core/cortex_m/CMakeFiles/arch__arm__core__cortex_m.dir/isr_wrapper.c.obj
[brtk:ro] [156/395] Building C object zephyr/CMakeFiles/zephyr.dir/subsys/pm/policy/policy_state_lock.c.obj
[brtk:rw] [97/395] Building C object zephyr/lib/libc/minimal/CMakeFiles/lib__libc__minimal.dir/source/stdlib/strtol.c.obj
[roach:ro] -- git describe warned: warning: tag 'upstream/v2.7.99' is externally known as 'v2.7.99'
[roach:ro] -- Zephyr version: 4.3.99 (/mnt/host/source/src/third_party/zephyr/main)
[roach:ro] [5/263] Generating misc/generated/syscalls.json, misc/generated/struct_tags.json
[brtk:rw] [98/395] Building C object zephyr/arch/arch/arm/core/cortex_m/cmse/CMakeFiles/arch__arm__core__cortex_m__cmse.dir/arm_core_cmse.c.obj
[brtk:rw] [99/395] Building C object zephyr/lib/libc/minimal/CMakeFiles/lib__libc__minimal.dir/source/stdlib/strtoul.c.obj
[brtk:rw] [100/395] Linking C static library zephyr/arch/arch/arm/core/cortex_m/libarch__arm__core__cortex_m.a
[brtk:rw] [101/395] Building C object zephyr/lib/libc/minimal/CMakeFiles/lib__libc__minimal.dir/source/stdlib/strtoll.c.obj
[brtk:rw] [102/395] Building C object zephyr/lib/libc/minimal/CMakeFiles/lib__libc__minimal.dir/source/stdlib/strtoull.c.obj
[brtk:rw] [103/395] Linking C static library zephyr/arch/arch/arm/core/cortex_m/cmse/libarch__arm__core__cortex_m__cmse.a
[roach:ro] [6/263] Generating include/generated/zephyr/syscall_dispatch.c, include/generated/zephyr/syscall_exports_llext.c, syscall_weakdefs_llext.c, include/generated/zephyr/syscall_list.h
[brtk:rw] [104/395] Building C object zephyr/lib/libc/minimal/CMakeFiles/lib__libc__minimal.dir/source/stdlib/bsearch.c.obj
[brtk:ro] [157/395] Building C object zephyr/CMakeFiles/zephyr.dir/subsys/pm/device_system_managed.c.obj
[brtk:ro] [158/395] Building C object zephyr/CMakeFiles/zephyr.dir/subsys/pm/device_runtime.c.obj
[brtk:ro] [159/395] Building C object zephyr/CMakeFiles/zephyr.dir/subsys/testsuite/coverage/coverage.c.obj
[brtk:ro] [160/395] Building C object zephyr/CMakeFiles/zephyr.dir/subsys/pm/device.c.obj
[brtk:rw] [105/395] Building C object zephyr/lib/libc/minimal/CMakeFiles/lib__libc__minimal.dir/source/stdlib/qsort.c.obj
[brtk:ro] [161/395] Building C object zephyr/CMakeFiles/zephyr.dir/subsys/tracing/tracing_none.c.obj
[brtk:rw] [106/395] Building C object zephyr/lib/libc/minimal/CMakeFiles/lib__libc__minimal.dir/source/string/strstr.c.obj
[brtk:rw] [107/395] Building C object zephyr/lib/libc/minimal/CMakeFiles/lib__libc__minimal.dir/source/string/strncasecmp.c.obj
[roach:ro] [7/263] Generating include/generated/zephyr/driver-validation.h
[brtk:rw] [108/395] Building C object zephyr/lib/libc/minimal/CMakeFiles/lib__libc__minimal.dir/source/string/strerror.c.obj
[brtk:rw] [109/395] Building C object zephyr/lib/libc/minimal/CMakeFiles/lib__libc__minimal.dir/source/string/strspn.c.obj
[brtk:rw] [110/395] Building C object zephyr/lib/libc/minimal/CMakeFiles/lib__libc__minimal.dir/source/string/string.c.obj
[brtk:ro] [162/395] Building C object zephyr/CMakeFiles/zephyr.dir/subsys/shell/modules/kernel_service/kernel_shell.c.obj
[brtk:ro] [163/395] Building C object zephyr/CMakeFiles/zephyr.dir/subsys/shell/modules/kernel_service/cycles.c.obj
[brtk:ro] [164/395] Building C object zephyr/CMakeFiles/zephyr.dir/subsys/shell/modules/kernel_service/sleep.c.obj
[brtk:rw] [111/395] Building C object zephyr/lib/libc/minimal/CMakeFiles/lib__libc__minimal.dir/source/stdlib/exit.c.obj
[roach:ro] [8/263] Generating include/generated/zephyr/kobj-types-enum.h, include/generated/zephyr/otype-to-str.h, include/generated/zephyr/otype-to-size.h
[brtk:rw] [112/395] Building C object zephyr/lib/libc/minimal/CMakeFiles/lib__libc__minimal.dir/source/math/sqrtf.c.obj
[brtk:rw] [113/395] Building C object zephyr/lib/libc/minimal/CMakeFiles/lib__libc__minimal.dir/source/math/sqrt.c.obj
[roach:ro] [9/263] Generating include/generated/device-api-sections.ld, include/generated/device-api-sections.cmake
[roach:ro] [10/263] Building C object zephyr/CMakeFiles/offsets.dir/arch/riscv/core/offsets/offsets.c.obj
[brtk:ro] [165/395] Building C object zephyr/CMakeFiles/zephyr.dir/subsys/shell/modules/kernel_service/version.c.obj
[brtk:ro] [166/395] Building C object zephyr/CMakeFiles/zephyr.dir/subsys/shell/modules/kernel_service/uptime.c.obj
[brtk:ro] [167/395] Building C object zephyr/CMakeFiles/zephyr.dir/subsys/shell/modules/kernel_service/thread/thread.c.obj
[brtk:rw] [114/395] Building C object zephyr/lib/libc/minimal/CMakeFiles/lib__libc__minimal.dir/source/stdout/sprintf.c.obj
[roach:ro] [11/263] Generating include/generated/zephyr/offsets.h
[brtk:rw] [115/395] Building C object zephyr/lib/libc/minimal/CMakeFiles/lib__libc__minimal.dir/source/stdout/fprintf.c.obj
[roach:ro] [12/263] Building C object CMakeFiles/app.dir/mnt/host/source/src/platform/ec/zephyr/subsys/ap_pwrseq/ap_events.c.obj
[roach:ro] [13/263] Building C object CMakeFiles/app.dir/mnt/host/source/src/platform/ec/build/zephyr/roach/modules/ec/builtin/stdlib.c.obj
[roach:ro] [14/263] Building C object CMakeFiles/app.dir/mnt/host/source/src/platform/ec/build/zephyr/roach/modules/ec/common/base32.c.obj
[brtk:ro] [168/395] Building C object zephyr/CMakeFiles/zephyr.dir/subsys/shell/modules/kernel_service/reboot.c.obj
[brtk:rw] [116/395] Building C object zephyr/lib/libc/minimal/CMakeFiles/lib__libc__minimal.dir/source/stdout/stdout_console.c.obj
[roach:ro] [15/263] Building C object CMakeFiles/app.dir/mnt/host/source/src/platform/ec/build/zephyr/roach/modules/ec/common/console_output.c.obj
[brtk:rw] [117/395] Building C object zephyr/lib/libc/common/CMakeFiles/lib__libc__common.dir/source/time/asctime.c.obj
[brtk:ro] [169/395] Building C object zephyr/CMakeFiles/zephyr.dir/subsys/shell/modules/kernel_service/thread/list.c.obj
[roach:ro] [16/263] Building C object CMakeFiles/app.dir/mnt/host/source/src/platform/ec/build/zephyr/roach/modules/ec/common/ec_features.c.obj
[roach:ro] [17/263] Building C object CMakeFiles/app.dir/mnt/host/source/src/platform/ec/build/zephyr/roach/modules/ec/common/gpio_commands.c.obj
[roach:ro] [18/263] Building C object CMakeFiles/app.dir/mnt/host/source/src/platform/ec/build/zephyr/roach/modules/ec/common/peripheral.c.obj
[roach:ro] [19/263] Building C object CMakeFiles/app.dir/mnt/host/source/src/platform/ec/build/zephyr/roach/modules/ec/common/printf.c.obj
[brtk:rw] [118/395] Building C object zephyr/lib/libc/common/CMakeFiles/lib__libc__common.dir/source/time/gmtime_r.c.obj
[roach:ro] [20/263] Building C object CMakeFiles/app.dir/mnt/host/source/src/platform/ec/build/zephyr/roach/modules/ec/common/queue.c.obj
[brtk:ro] [170/395] Building C object zephyr/CMakeFiles/zephyr.dir/subsys/shell/modules/kernel_service/thread/stacks.c.obj
[brtk:ro] [171/395] Building C object zephyr/CMakeFiles/zephyr.dir/subsys/shell/modules/kernel_service/thread/suspend.c.obj
[roach:ro] [21/263] Building C object CMakeFiles/app.dir/mnt/host/source/src/platform/ec/build/zephyr/roach/modules/ec/common/system.c.obj
[roach:ro] [22/263] Building C object CMakeFiles/app.dir/mnt/host/source/src/platform/ec/build/zephyr/roach/modules/ec/common/system_boot_time.c.obj
[roach:ro] [23/263] Building C object CMakeFiles/app.dir/mnt/host/source/src/platform/ec/build/zephyr/roach/modules/ec/common/uart_printf.c.obj
[brtk:rw] [119/395] Building C object zephyr/lib/libc/minimal/CMakeFiles/lib__libc__minimal.dir/source/time/gmtime.c.obj
[roach:ro] [24/263] Building C object CMakeFiles/app.dir/mnt/host/source/src/platform/ec/build/zephyr/roach/modules/ec/common/util.c.obj
[roach:ro] [25/263] Building C object CMakeFiles/app.dir/mnt/host/source/src/platform/ec/build/zephyr/roach/modules/ec/common/version.c.obj
[brtk:rw] [120/395] Building C object zephyr/lib/libc/common/CMakeFiles/lib__libc__common.dir/source/stdlib/abort.c.obj
[roach:ro] [26/263] Building C object CMakeFiles/app.dir/mnt/host/source/src/platform/ec/build/zephyr/roach/modules/ec/third_party/boringssl/common/curve25519.c.obj
[roach:ro] [27/263] Building C object CMakeFiles/app.dir/mnt/host/source/src/platform/ec/build/zephyr/roach/modules/ec/third_party/boringssl/common/curve25519-generic.c.obj
[brtk:ro] [172/395] Building C object zephyr/CMakeFiles/zephyr.dir/subsys/shell/modules/kernel_service/thread/resume.c.obj
[roach:ro] [28/263] Building C object CMakeFiles/app.dir/mnt/host/source/src/platform/ec/build/zephyr/roach/modules/ec/common/memory_commands.c.obj
[roach:ro] [29/263] Building C object CMakeFiles/app.dir/mnt/host/source/src/platform/ec/build/zephyr/roach/modules/ec/common/flash.c.obj
[roach:ro] [30/263] Building C object CMakeFiles/app.dir/mnt/host/source/src/platform/ec/build/zephyr/roach/modules/ec/common/i2c_controller.c.obj
[brtk:rw] [121/395] Building C object zephyr/lib/libc/common/CMakeFiles/lib__libc__common.dir/source/time/time.c.obj
[brtk:rw] [122/395] Building C object zephyr/lib/libc/common/CMakeFiles/lib__libc__common.dir/source/time/ctime.c.obj
[brtk:rw] [123/395] Building C object zephyr/lib/libc/common/CMakeFiles/lib__libc__common.dir/source/time/localtime_r_utc.c.obj
[brtk:rw] [124/395] Linking C static library zephyr/lib/libc/minimal/liblib__libc__minimal.a
[roach:ro] [31/263] Building C object CMakeFiles/app.dir/mnt/host/source/src/platform/ec/build/zephyr/roach/modules/ec/common/i2c_passthru.c.obj
[roach:ro] [32/263] Building C object CMakeFiles/app.dir/mnt/host/source/src/platform/ec/build/zephyr/roach/modules/ec/common/keyboard_scan.c.obj
[roach:ro] [33/263] Building C object CMakeFiles/app.dir/mnt/host/source/src/platform/ec/build/zephyr/roach/modules/ec/common/panic_output.c.obj
[roach:ro] [34/263] Building C object CMakeFiles/app.dir/mnt/host/source/src/platform/ec/build/zephyr/roach/modules/ec/common/rsa.c.obj
[roach:ro] [35/263] Building C object CMakeFiles/app.dir/mnt/host/source/src/platform/ec/build/zephyr/roach/modules/ec/common/vboot/vb21_lib.c.obj
[roach:ro] [36/263] Building C object CMakeFiles/app.dir/mnt/host/source/src/platform/ec/build/zephyr/roach/modules/ec/common/rwsig.c.obj
[brtk:rw] [125/395] Building C object zephyr/lib/libc/common/CMakeFiles/lib__libc__common.dir/source/string/strnlen.c.obj
[brtk:rw] [126/395] Building C object zephyr/lib/posix/c_lib_ext/CMakeFiles/lib__posix__c_lib_ext.dir/fnmatch.c.obj
[roach:ro] [37/263] Building C object CMakeFiles/app.dir/mnt/host/source/src/platform/ec/build/zephyr/roach/modules/ec/common/vboot/common.c.obj
[roach:ro] [38/263] Building C object CMakeFiles/app.dir/mnt/host/source/src/platform/ec/build/zephyr/roach/modules/ec/common/rollback.c.obj
[brtk:ro] [173/395] Building C object zephyr/CMakeFiles/zephyr.dir/subsys/shell/modules/kernel_service/thread/kill.c.obj
[roach:ro] [39/263] Building C object CMakeFiles/app.dir/mnt/host/source/src/platform/ec/build/zephyr/roach/modules/ec/common/shared_mem.c.obj
[roach:ro] [40/263] Building C object CMakeFiles/app.dir/mnt/host/source/src/platform/ec/build/zephyr/roach/modules/ec/common/timer.c.obj
[brtk:ro] [174/395] Building C object zephyr/CMakeFiles/zephyr.dir/subsys/shell/backends/shell_uart.c.obj
[roach:ro] [41/263] Building C object CMakeFiles/app.dir/mnt/host/source/src/platform/ec/build/zephyr/roach/modules/ec/common/update_fw.c.obj
[roach:ro] [42/263] Building C object CMakeFiles/app.dir/mnt/host/source/src/platform/ec/build/zephyr/roach/modules/ec/common/usb_update.c.obj
[brtk:rw] [127/395] Building C object zephyr/subsys/crc/CMakeFiles/subsys__crc.dir/crc4_sw.c.obj
[roach:ro] [43/263] Building C object CMakeFiles/app.dir/mnt/host/source/src/platform/ec/build/zephyr/roach/modules/ec/common/queue_policies.c.obj
[brtk:ro] [175/395] Building C object zephyr/CMakeFiles/zephyr.dir/subsys/shell/shell_fprintf.c.obj
[roach:ro] [44/263] Building C object CMakeFiles/app.dir/mnt/host/source/src/platform/ec/build/zephyr/roach/modules/ec/driver/touchpad_elan.c.obj
[roach:ro] [45/263] Building C object CMakeFiles/app.dir/mnt/host/source/src/platform/ec/build/zephyr/roach/modules/ec/common/math_util.c.obj
[brtk:rw] [128/395] Building C object zephyr/subsys/crc/CMakeFiles/subsys__crc.dir/crc8_sw.c.obj
[/mnt/host/source/src/platform/ec/build/zephyr/ptlrvp_mchp-lcov]   /mnt/host/source/src/platform/ec/build/zephyr/ptlrvp_mchp/build-ro/modules/ec/zephyr/CMakeFiles/ec_shim.dir/shim/src/charger.c.gcno:no functions found
[roach:ro] [46/263] Building C object CMakeFiles/app.dir/src/fakes.c.obj
[/mnt/host/source/src/platform/ec/build/zephyr/ptlrvp_mchp-lcov] stderr:
[roach:ro] [47/263] Building C object CMakeFiles/app.dir/src/one_wire.c.obj
[brtk:rw] [129/395] Building C object zephyr/subsys/crc/CMakeFiles/subsys__crc.dir/crc16_sw.c.obj
[brtk:rw] [130/395] Building C object zephyr/lib/libc/common/CMakeFiles/lib__libc__common.dir/source/stdlib/malloc.c.obj
[brtk:rw] [131/395] Building C object zephyr/subsys/crc/CMakeFiles/subsys__crc.dir/crc7_sw.c.obj
[roach:ro] [48/263] Linking C static library app/libapp.a
[roach:ro] [49/263] Building C object zephyr/CMakeFiles/zephyr.dir/lib/libc/validate_libc.c.obj
[roach:ro] [50/263] Building C object zephyr/CMakeFiles/zephyr.dir/lib/heap/heap.c.obj
[roach:ro] [51/263] Building C object zephyr/CMakeFiles/zephyr.dir/lib/os/cbprintf_packaged.c.obj
[roach:ro] [52/263] Building C object zephyr/CMakeFiles/zephyr.dir/lib/os/clock.c.obj
[brtk:rw] [132/395] Linking C static library zephyr/lib/libc/common/liblib__libc__common.a
[roach:ro] [53/263] Building C object zephyr/CMakeFiles/zephyr.dir/lib/os/printk.c.obj
[brtk:ro] [176/395] Building C object zephyr/CMakeFiles/zephyr.dir/subsys/shell/shell_ops.c.obj
[brtk:ro] [177/395] Building C object zephyr/CMakeFiles/zephyr.dir/subsys/shell/shell_help.c.obj
[roach:ro] [54/263] Building C object zephyr/CMakeFiles/zephyr.dir/lib/os/sem.c.obj
[roach:ro] [55/263] Building C object zephyr/CMakeFiles/zephyr.dir/lib/os/thread_entry.c.obj
[brtk:ro] [178/395] Building C object zephyr/CMakeFiles/zephyr.dir/subsys/shell/shell.c.obj
[roach:ro] [56/263] Building C object zephyr/CMakeFiles/zephyr.dir/lib/os/cbprintf_nano.c.obj
[brtk:ro] [179/395] Building C object zephyr/CMakeFiles/zephyr.dir/subsys/shell/shell_history.c.obj
[brtk:rw] [133/395] Building C object zephyr/subsys/crc/CMakeFiles/subsys__crc.dir/crc24_sw.c.obj
[roach:ro] [57/263] Building C object zephyr/CMakeFiles/zephyr.dir/lib/os/cbprintf.c.obj
[roach:ro] [58/263] Building C object zephyr/CMakeFiles/zephyr.dir/lib/os/assert.c.obj
[brtk:rw] [134/395] Building C object zephyr/subsys/crc/CMakeFiles/subsys__crc.dir/crc32c_sw.c.obj
[roach:ro] [59/263] Building C object zephyr/CMakeFiles/zephyr.dir/lib/utils/dec.c.obj
[roach:ro] [60/263] Building C object zephyr/CMakeFiles/zephyr.dir/lib/utils/hex.c.obj
[brtk:ro] [180/395] Building C object zephyr/CMakeFiles/zephyr.dir/subsys/shell/shell_utils.c.obj
[brtk:rw] [135/395] Building C object zephyr/lib/posix/c_lib_ext/CMakeFiles/lib__posix__c_lib_ext.dir/getopt_shim.c.obj
[roach:ro] [61/263] Building C object zephyr/CMakeFiles/zephyr.dir/lib/utils/rb.c.obj
[brtk:rw] [136/395] Building C object zephyr/subsys/crc/CMakeFiles/subsys__crc.dir/crc32_sw.c.obj
[roach:ro] [62/263] Building C object zephyr/CMakeFiles/zephyr.dir/lib/utils/timeutil.c.obj
[brtk:rw] [137/395] Building C object zephyr/lib/smf/CMakeFiles/lib__smf.dir/smf.c.obj
[brtk:rw] [138/395] Building C object zephyr/subsys/crc/CMakeFiles/subsys__crc.dir/crc32k_4_2_sw.c.obj
[roach:ro] [63/263] Building C object zephyr/CMakeFiles/zephyr.dir/lib/utils/bitarray.c.obj
[roach:ro] [64/263] Building C object zephyr/CMakeFiles/zephyr.dir/lib/utils/bitmask.c.obj
[brtk:ro] [181/395] Building C object zephyr/arch/common/CMakeFiles/arch__common.dir/sw_isr_common.c.obj
[brtk:ro] [182/395] Building C object zephyr/CMakeFiles/zephyr.dir/drivers/flash/flash_util.c.obj
[roach:ro] [65/263] Building C object zephyr/CMakeFiles/zephyr.dir/lib/utils/getopt/getopt.c.obj
[roach:ro] [66/263] Building C object zephyr/CMakeFiles/zephyr.dir/lib/utils/getopt/getopt_common.c.obj
[roach:ro] [67/263] Building C object zephyr/CMakeFiles/zephyr.dir/lib/utils/ring_buffer.c.obj
[brtk:rw] [139/395] Linking C static library zephyr/lib/smf/liblib__smf.a
[brtk:rw] [140/395] Building C object zephyr/lib/posix/c_lib_ext/CMakeFiles/lib__posix__c_lib_ext.dir/getentropy.c.obj
[roach:ro] [68/263] Building C object zephyr/CMakeFiles/zephyr.dir/lib/utils/last_section_id.c.obj
[roach:ro] [69/263] Building C object zephyr/CMakeFiles/zephyr.dir/misc/generated/configs.c.obj
[brtk:rw] [141/395] Linking C static library zephyr/subsys/crc/libsubsys__crc.a
[brtk:ro] [183/395] Building C object zephyr/arch/common/CMakeFiles/arch__common.dir/dynamic_isr.c.obj
[brtk:rw] [142/395] Linking C static library zephyr/lib/posix/c_lib_ext/liblib__posix__c_lib_ext.a
[brtk:ro] [184/395] Linking C static library zephyr/libzephyr.a
[brtk:ro] [185/395] Building ASM object zephyr/arch/arch/arm/core/CMakeFiles/arch__arm__core.dir/nmi_on_reset.S.obj
[brtk:rw] [143/395] Building C object zephyr/drivers/interrupt_controller/CMakeFiles/drivers__interrupt_controller.dir/mnt/host/source/src/third_party/zephyr/main/misc/empty_file.c.obj
[brtk:ro] [186/395] Building C object zephyr/arch/common/CMakeFiles/arch__common.dir/init.c.obj
[brtk:rw] [144/395] Building C object zephyr/subsys/input/CMakeFiles/subsys__input.dir/input_hid.c.obj
[brtk:rw] [145/395] Linking C static library zephyr/drivers/interrupt_controller/libdrivers__interrupt_controller.a
[brtk:ro] [187/395] Building C object zephyr/arch/common/CMakeFiles/arch__common.dir/xip.c.obj
[brtk:ro] [188/395] Building ASM object zephyr/arch/arch/arm/core/cortex_m/CMakeFiles/arch__arm__core__cortex_m.dir/fault_s.S.obj
[brtk:ro] [189/395] Building C object zephyr/arch/common/CMakeFiles/isr_tables.dir/isr_tables.c.obj
[brtk:ro] [190/395] Building C object zephyr/arch/arch/arm/core/CMakeFiles/arch__arm__core.dir/nmi.c.obj
[brtk:ro] [191/395] Building C object zephyr/arch/arch/arm/core/CMakeFiles/arch__arm__core.dir/fatal.c.obj
[brtk:rw] [146/395] Building C object zephyr/subsys/input/CMakeFiles/subsys__input.dir/input.c.obj
[brtk:ro] [192/395] Linking C static library zephyr/arch/common/libisr_tables.a
[roach:ro] [70/263] Building ASM object zephyr/CMakeFiles/zephyr.dir/soc/ite/ec/common/soc_irq.S.obj
[roach:ro] [71/263] Building C object zephyr/CMakeFiles/zephyr.dir/soc/ite/ec/common/soc_common_irq.c.obj
[roach:ro] [72/263] Building C object zephyr/CMakeFiles/zephyr.dir/soc/ite/ec/common/power.c.obj
[brtk:rw] [147/395] Building C object zephyr/subsys/input/CMakeFiles/subsys__input.dir/input_utils.c.obj
[roach:ro] [73/263] Building C object zephyr/CMakeFiles/zephyr.dir/soc/ite/ec/common/policy.c.obj
[brtk:ro] [193/395] Linking C static library zephyr/arch/arch/arm/core/libarch__arm__core.a
[brtk:ro] [194/395] Linking C static library zephyr/arch/common/libarch__common.a
[roach:ro] [74/263] Building C object zephyr/CMakeFiles/zephyr.dir/soc/ite/ec/it8xxx2/soc.c.obj
[roach:ro] [75/263] Building C object zephyr/CMakeFiles/zephyr.dir/soc/ite/ec/it8xxx2/check_regs.c.obj
[brtk:rw] [148/395] Building C object zephyr/drivers/adc/CMakeFiles/drivers__adc.dir/adc_common.c.obj
[brtk:rw] [149/395] Linking C static library zephyr/subsys/input/libsubsys__input.a
[brtk:ro] [195/395] Building C object zephyr/arch/arch/arm/core/cortex_m/CMakeFiles/arch__arm__core__cortex_m.dir/fpu.c.obj
[brtk:ro] [196/395] Building ASM object zephyr/arch/arch/arm/core/cortex_m/CMakeFiles/arch__arm__core__cortex_m.dir/reset.S.obj
[brtk:ro] [197/395] Building C object zephyr/arch/arch/arm/core/cortex_m/CMakeFiles/arch__arm__core__cortex_m.dir/exc_exit.c.obj
[brtk:rw] [150/395] Building C object zephyr/drivers/adc/CMakeFiles/drivers__adc.dir/adc_realtek_rts5912.c.obj
[brtk:ro] [198/395] Building ASM object zephyr/arch/arch/arm/core/cortex_m/CMakeFiles/arch__arm__core__cortex_m.dir/vector_table.S.obj
[roach:ro] [76/263] Building ASM object zephyr/CMakeFiles/zephyr.dir/soc/ite/ec/it8xxx2/vector.S.obj
[brtk:rw] [151/395] Building C object zephyr/drivers/clock_control/CMakeFiles/drivers__clock_control.dir/clock_control_rts5912_sccon.c.obj
[brtk:ro] [199/395] Building C object zephyr/arch/arch/arm/core/cortex_m/CMakeFiles/arch__arm__core__cortex_m.dir/fault.c.obj
[roach:ro] [77/263] Building C object zephyr/CMakeFiles/zephyr.dir/soc/ite/ec/it8xxx2/ilm.c.obj
[brtk:ro] [200/395] Building C object zephyr/arch/arch/arm/core/cortex_m/CMakeFiles/arch__arm__core__cortex_m.dir/scb.c.obj
[brtk:rw] [152/395] Linking C static library zephyr/drivers/adc/libdrivers__adc.a
[brtk:ro] [201/395] Building C object zephyr/arch/arch/arm/core/cortex_m/CMakeFiles/arch__arm__core__cortex_m.dir/thread_abort.c.obj
[brtk:rw] [153/395] Building C object zephyr/drivers/bbram/CMakeFiles/drivers__bbram.dir/bbram_rts5912.c.obj
[roach:ro] [78/263] Building C object zephyr/CMakeFiles/zephyr.dir/subsys/logging/log_minimal.c.obj
[roach:ro] [79/263] Building C object zephyr/CMakeFiles/zephyr.dir/subsys/pm/pm.c.obj
[roach:ro] [80/263] Building C object zephyr/CMakeFiles/zephyr.dir/subsys/pm/state.c.obj
[roach:ro] [81/263] Building C object zephyr/CMakeFiles/zephyr.dir/subsys/pm/policy/policy_events.c.obj
[brtk:rw] [154/395] Linking C static library zephyr/drivers/clock_control/libdrivers__clock_control.a
[roach:ro] [82/263] Building C object zephyr/CMakeFiles/zephyr.dir/subsys/pm/policy/policy_latency.c.obj
[roach:ro] [83/263] Building C object zephyr/CMakeFiles/zephyr.dir/subsys/pm/policy/policy_state_lock.c.obj
[roach:ro] [84/263] Building C object zephyr/CMakeFiles/zephyr.dir/subsys/pm/device.c.obj
[roach:ro] [85/263] Building C object zephyr/CMakeFiles/zephyr.dir/subsys/pm/device_system_managed.c.obj
[brtk:rw] [155/395] Linking C static library zephyr/drivers/bbram/libdrivers__bbram.a
[roach:ro] [86/263] Building C object zephyr/CMakeFiles/zephyr.dir/subsys/testsuite/coverage/coverage.c.obj
[roach:ro] [87/263] Building C object zephyr/CMakeFiles/zephyr.dir/subsys/tracing/tracing_none.c.obj
[brtk:rw] [156/395] Building C object zephyr/drivers/console/CMakeFiles/drivers__console.dir/uart_console.c.obj
[roach:ro] [88/263] Building C object zephyr/CMakeFiles/zephyr.dir/subsys/shell/modules/kernel_service/kernel_shell.c.obj
[roach:ro] [89/263] Building C object zephyr/CMakeFiles/zephyr.dir/subsys/shell/modules/kernel_service/cycles.c.obj
[roach:ro] [90/263] Building C object zephyr/CMakeFiles/zephyr.dir/subsys/shell/modules/kernel_service/sleep.c.obj
[brtk:rw] [157/395] Linking C static library zephyr/drivers/console/libdrivers__console.a
[roach:ro] [91/263] Building C object zephyr/CMakeFiles/zephyr.dir/subsys/shell/modules/kernel_service/uptime.c.obj
[roach:ro] [92/263] Building C object zephyr/CMakeFiles/zephyr.dir/subsys/shell/modules/kernel_service/version.c.obj
[roach:ro] [93/263] Building C object zephyr/CMakeFiles/zephyr.dir/subsys/shell/modules/kernel_service/thread/thread.c.obj
[roach:ro] [94/263] Building C object zephyr/CMakeFiles/zephyr.dir/subsys/shell/modules/kernel_service/thread/list.c.obj
[brtk:ro] [202/395] Building ASM object zephyr/arch/arch/arm/core/cortex_m/CMakeFiles/arch__arm__core__cortex_m.dir/swap_helper.S.obj
[brtk:rw] [158/395] Building C object zephyr/drivers/crypto/CMakeFiles/drivers__crypto.dir/crypto_rts5912_sha.c.obj
[roach:ro] [95/263] Building C object zephyr/CMakeFiles/zephyr.dir/subsys/shell/modules/kernel_service/thread/stacks.c.obj
[brtk:rw] [159/395] Building C object zephyr/drivers/counter/CMakeFiles/drivers__counter.dir/counter_realtek_rts5912.c.obj
[roach:ro] [96/263] Building C object zephyr/CMakeFiles/zephyr.dir/subsys/shell/modules/kernel_service/thread/unwind.c.obj
[roach:ro] [97/263] Building C object zephyr/CMakeFiles/zephyr.dir/subsys/shell/modules/kernel_service/thread/suspend.c.obj
[roach:ro] [98/263] Building C object zephyr/CMakeFiles/zephyr.dir/subsys/shell/modules/kernel_service/thread/resume.c.obj
[brtk:ro] [203/395] Generating ../../../include/generated/libc/minimal/strerror_table.h
[roach:ro] [99/263] Building C object zephyr/CMakeFiles/zephyr.dir/subsys/shell/modules/kernel_service/thread/kill.c.obj
[brtk:rw] [160/395] Linking C static library zephyr/drivers/crypto/libdrivers__crypto.a
[brtk:ro] [204/395] Building C object zephyr/arch/arch/arm/core/cortex_m/CMakeFiles/arch__arm__core__cortex_m.dir/irq_manage.c.obj
[brtk:rw] [161/395] Linking C static library zephyr/drivers/counter/libdrivers__counter.a
[roach:ro] [100/263] Building C object zephyr/CMakeFiles/zephyr.dir/subsys/shell/backends/shell_uart.c.obj
[roach:ro] [101/263] Building C object zephyr/CMakeFiles/zephyr.dir/subsys/shell/shell.c.obj
[brtk:ro] [205/395] Building C object zephyr/arch/arch/arm/core/cortex_m/CMakeFiles/arch__arm__core__cortex_m.dir/prep_c.c.obj
[roach:ro] [102/263] Building C object zephyr/CMakeFiles/zephyr.dir/subsys/shell/shell_fprintf.c.obj
[brtk:ro] [206/395] Building C object zephyr/lib/libc/minimal/CMakeFiles/lib__libc__minimal.dir/source/stdlib/atoi.c.obj
[roach:ro] [103/263] Building C object zephyr/CMakeFiles/zephyr.dir/subsys/shell/shell_utils.c.obj
[roach:ro] [104/263] Building C object zephyr/CMakeFiles/zephyr.dir/subsys/shell/shell_ops.c.obj
[roach:ro] [105/263] Building C object zephyr/CMakeFiles/zephyr.dir/subsys/shell/shell_help.c.obj
[brtk:ro] [207/395] Building C object zephyr/lib/libc/minimal/CMakeFiles/lib__libc__minimal.dir/source/stdlib/strtol.c.obj
[roach:ro] [106/263] Building C object zephyr/CMakeFiles/zephyr.dir/subsys/shell/shell_history.c.obj
[roach:ro] [107/263] Building C object zephyr/CMakeFiles/zephyr.dir/drivers/flash/flash_util.c.obj
[brtk:ro] [208/395] Building C object zephyr/arch/arch/arm/core/cortex_m/CMakeFiles/arch__arm__core__cortex_m.dir/thread.c.obj
[brtk:ro] [209/395] Building C object zephyr/arch/arch/arm/core/cortex_m/CMakeFiles/arch__arm__core__cortex_m.dir/cpu_idle.c.obj
[brtk:ro] [210/395] Building C object zephyr/arch/arch/arm/core/cortex_m/cmse/CMakeFiles/arch__arm__core__cortex_m__cmse.dir/arm_core_cmse.c.obj
[brtk:ro] [211/395] Building C object zephyr/lib/libc/minimal/CMakeFiles/lib__libc__minimal.dir/source/stdlib/strtoul.c.obj
[roach:ro] [108/263] Linking C static library zephyr/libzephyr.a
[brtk:ro] [212/395] Building C object zephyr/arch/arch/arm/core/cortex_m/CMakeFiles/arch__arm__core__cortex_m.dir/irq_init.c.obj
[roach:ro] [109/263] Building C object zephyr/arch/common/CMakeFiles/arch__common.dir/sw_isr_common.c.obj
[brtk:ro] [213/395] Building C object zephyr/lib/libc/minimal/CMakeFiles/lib__libc__minimal.dir/source/stdlib/strtoll.c.obj
[brtk:ro] [214/395] Building C object zephyr/arch/arch/arm/core/cortex_m/CMakeFiles/arch__arm__core__cortex_m.dir/isr_wrapper.c.obj
[brtk:ro] [215/395] Building C object zephyr/lib/libc/minimal/CMakeFiles/lib__libc__minimal.dir/source/stdlib/bsearch.c.obj
[roach:ro] [110/263] Building C object zephyr/arch/common/CMakeFiles/arch__common.dir/dynamic_isr.c.obj
[roach:ro] [111/263] Building C object zephyr/arch/common/CMakeFiles/arch__common.dir/init.c.obj
[brtk:ro] [216/395] Linking C static library zephyr/arch/arch/arm/core/cortex_m/cmse/libarch__arm__core__cortex_m__cmse.a
[roach:ro] [112/263] Building C object zephyr/arch/common/CMakeFiles/arch__common.dir/xip.c.obj
[roach:ro] [113/263] Building C object zephyr/arch/common/CMakeFiles/isr_tables.dir/isr_tables.c.obj
[brtk:ro] [217/395] Building C object zephyr/lib/libc/minimal/CMakeFiles/lib__libc__minimal.dir/source/stdlib/strtoull.c.obj
[brtk:rw] [162/395] Building C object zephyr/drivers/flash/CMakeFiles/drivers__flash.dir/flash_realtek_rts5912.c.obj
[roach:ro] [114/263] Linking C static library zephyr/arch/common/libisr_tables.a
[brtk:ro] [218/395] Linking C static library zephyr/arch/arch/arm/core/cortex_m/libarch__arm__core__cortex_m.a
[brtk:ro] [219/395] Building C object zephyr/lib/libc/minimal/CMakeFiles/lib__libc__minimal.dir/source/string/strstr.c.obj
[roach:ro] [115/263] Linking C static library zephyr/arch/common/libarch__common.a
[roach:ro] [116/263] Building C object zephyr/arch/arch/riscv/core/CMakeFiles/arch__riscv__core.dir/cpu_idle.c.obj
[brtk:ro] [220/395] Building C object zephyr/lib/libc/minimal/CMakeFiles/lib__libc__minimal.dir/source/string/strncasecmp.c.obj
[roach:ro] [117/263] Building C object zephyr/arch/arch/riscv/core/CMakeFiles/arch__riscv__core.dir/fatal.c.obj
[brtk:ro] [221/395] Building C object zephyr/lib/libc/minimal/CMakeFiles/lib__libc__minimal.dir/source/string/strspn.c.obj
[roach:ro] [118/263] Building C object zephyr/arch/arch/riscv/core/CMakeFiles/arch__riscv__core.dir/irq_manage.c.obj
[brtk:rw] [163/395] Linking C static library zephyr/drivers/flash/libdrivers__flash.a
[brtk:ro] [222/395] Building C object zephyr/lib/libc/minimal/CMakeFiles/lib__libc__minimal.dir/source/string/string.c.obj
[roach:ro] [119/263] Building C object zephyr/arch/arch/riscv/core/CMakeFiles/arch__riscv__core.dir/prep_c.c.obj
[roach:ro] [120/263] Building C object zephyr/arch/arch/riscv/core/CMakeFiles/arch__riscv__core.dir/reboot.c.obj
[brtk:ro] [223/395] Building C object zephyr/lib/libc/minimal/CMakeFiles/lib__libc__minimal.dir/source/string/strerror.c.obj
[brtk:ro] [224/395] Building C object zephyr/lib/libc/minimal/CMakeFiles/lib__libc__minimal.dir/source/stdlib/qsort.c.obj
[brtk:rw] [164/395] Building C object zephyr/drivers/i2c/CMakeFiles/drivers__i2c.dir/i2c_common.c.obj
[brtk:rw] [165/395] Building C object zephyr/drivers/espi/CMakeFiles/drivers__espi.dir/espi_realtek_rts5912.c.obj
[brtk:rw] [166/395] Building C object zephyr/drivers/i2c/CMakeFiles/drivers__i2c.dir/i2c_shell.c.obj
[brtk:ro] [225/395] Building C object zephyr/lib/libc/minimal/CMakeFiles/lib__libc__minimal.dir/source/math/sqrtf.c.obj
[brtk:rw] [167/395] Linking C static library zephyr/drivers/espi/libdrivers__espi.a
[brtk:ro] [226/395] Building C object zephyr/lib/libc/minimal/CMakeFiles/lib__libc__minimal.dir/source/math/sqrt.c.obj
[brtk:rw] [168/395] Building C object zephyr/drivers/i2c/CMakeFiles/drivers__i2c.dir/i2c_dw.c.obj
[brtk:ro] [227/395] Building C object zephyr/lib/libc/minimal/CMakeFiles/lib__libc__minimal.dir/source/stdlib/exit.c.obj
[brtk:rw] [169/395] Building C object zephyr/drivers/gpio/CMakeFiles/drivers__gpio.dir/gpio_rts5912.c.obj
[brtk:ro] [228/395] Building C object zephyr/lib/libc/common/CMakeFiles/lib__libc__common.dir/source/time/gmtime_r.c.obj
[brtk:ro] [229/395] Building C object zephyr/lib/libc/common/CMakeFiles/lib__libc__common.dir/source/time/asctime.c.obj
[brtk:rw] [170/395] Linking C static library zephyr/drivers/gpio/libdrivers__gpio.a
[brtk:ro] [230/395] Building C object zephyr/lib/libc/minimal/CMakeFiles/lib__libc__minimal.dir/source/stdout/fprintf.c.obj
[brtk:ro] [231/395] Building C object zephyr/lib/libc/common/CMakeFiles/lib__libc__common.dir/source/stdlib/abort.c.obj
[roach:ro] [121/263] Building ASM object zephyr/arch/arch/riscv/core/CMakeFiles/arch__riscv__core.dir/reset.S.obj
[brtk:ro] [232/395] Building C object zephyr/lib/libc/minimal/CMakeFiles/lib__libc__minimal.dir/source/stdout/stdout_console.c.obj
[brtk:ro] [233/395] Building C object zephyr/lib/libc/minimal/CMakeFiles/lib__libc__minimal.dir/source/stdout/sprintf.c.obj
[brtk:ro] [234/395] Building C object zephyr/lib/libc/common/CMakeFiles/lib__libc__common.dir/source/time/localtime_r_utc.c.obj
[brtk:rw] [171/395] Building C object zephyr/drivers/input/CMakeFiles/drivers__input.dir/input_kbd_matrix.c.obj
[brtk:ro] [235/395] Building C object zephyr/lib/libc/common/CMakeFiles/lib__libc__common.dir/source/string/strnlen.c.obj
[brtk:ro] [236/395] Building C object zephyr/lib/libc/common/CMakeFiles/lib__libc__common.dir/source/time/ctime.c.obj
[brtk:ro] [237/395] Building C object zephyr/lib/posix/c_lib_ext/CMakeFiles/lib__posix__c_lib_ext.dir/fnmatch.c.obj
[brtk:rw] [172/395] Building C object zephyr/drivers/i2c/CMakeFiles/drivers__i2c.dir/i2c_realtek_rts5912.c.obj
[brtk:rw] [173/395] Building C object zephyr/drivers/pinctrl/CMakeFiles/drivers__pinctrl.dir/pinctrl_realtek_rts5912.c.obj
[brtk:rw] [174/395] Building C object zephyr/drivers/pinctrl/CMakeFiles/drivers__pinctrl.dir/common.c.obj
[brtk:ro] [238/395] Building C object zephyr/lib/libc/minimal/CMakeFiles/lib__libc__minimal.dir/source/time/gmtime.c.obj
[brtk:ro] [239/395] Building C object zephyr/lib/libc/common/CMakeFiles/lib__libc__common.dir/source/time/time.c.obj
[brtk:ro] [240/395] Building C object zephyr/subsys/crc/CMakeFiles/subsys__crc.dir/crc4_sw.c.obj
[brtk:ro] [241/395] Building C object zephyr/subsys/crc/CMakeFiles/subsys__crc.dir/crc8_sw.c.obj
[brtk:rw] [175/395] Linking C static library zephyr/drivers/i2c/libdrivers__i2c.a
[brtk:rw] [176/395] Building C object zephyr/drivers/sensor/CMakeFiles/drivers__sensor.dir/mnt/host/source/src/third_party/zephyr/main/misc/empty_file.c.obj
[brtk:rw] [177/395] Building C object zephyr/drivers/input/CMakeFiles/drivers__input.dir/input_realtek_rts5912_kbd.c.obj
[brtk:rw] [178/395] Linking C static library zephyr/drivers/pinctrl/libdrivers__pinctrl.a
[brtk:ro] [242/395] Linking C static library zephyr/lib/libc/minimal/liblib__libc__minimal.a
[brtk:rw] [179/395] Linking C static library zephyr/drivers/sensor/libdrivers__sensor.a
[brtk:ro] [243/395] Building C object zephyr/subsys/crc/CMakeFiles/subsys__crc.dir/crc16_sw.c.obj
[brtk:rw] [180/395] Linking C static library zephyr/drivers/input/libdrivers__input.a
[brtk:ro] [244/395] Building C object zephyr/subsys/crc/CMakeFiles/subsys__crc.dir/crc24_sw.c.obj
[brtk:ro] [245/395] Building C object zephyr/subsys/crc/CMakeFiles/subsys__crc.dir/crc7_sw.c.obj
[brtk:ro] [246/395] Building C object zephyr/subsys/crc/CMakeFiles/subsys__crc.dir/crc32c_sw.c.obj
[brtk:ro] [247/395] Building C object zephyr/subsys/crc/CMakeFiles/subsys__crc.dir/crc32k_4_2_sw.c.obj
[brtk:ro] [248/395] Building C object zephyr/lib/libc/common/CMakeFiles/lib__libc__common.dir/source/stdlib/malloc.c.obj
[brtk:ro] [249/395] Building C object zephyr/subsys/crc/CMakeFiles/subsys__crc.dir/crc32_sw.c.obj
[brtk:rw] [181/395] Building C object zephyr/drivers/pwm/CMakeFiles/drivers__pwm.dir/pwm_shell.c.obj
[brtk:ro] [250/395] Linking C static library zephyr/subsys/crc/libsubsys__crc.a
[brtk:ro] [251/395] Linking C static library zephyr/lib/libc/common/liblib__libc__common.a
[brtk:ro] [252/395] Building C object zephyr/lib/posix/c_lib_ext/CMakeFiles/lib__posix__c_lib_ext.dir/getopt_shim.c.obj
[brtk:ro] [253/395] Building C object zephyr/subsys/input/CMakeFiles/subsys__input.dir/input_hid.c.obj
[roach:ro] [122/263] Building ASM object zephyr/arch/arch/riscv/core/CMakeFiles/arch__riscv__core.dir/switch.S.obj
[roach:ro] [123/263] Building C object zephyr/arch/arch/riscv/core/CMakeFiles/arch__riscv__core.dir/thread.c.obj
[brtk:rw] [182/395] Building C object zephyr/drivers/pwm/CMakeFiles/drivers__pwm.dir/pwm_realtek_rts5912.c.obj
[brtk:ro] [254/395] Building C object zephyr/lib/smf/CMakeFiles/lib__smf.dir/smf.c.obj
[brtk:ro] [255/395] Building C object zephyr/lib/posix/c_lib_ext/CMakeFiles/lib__posix__c_lib_ext.dir/getentropy.c.obj
[brtk:rw] [183/395] Linking C static library zephyr/drivers/pwm/libdrivers__pwm.a
[brtk:rw] [184/395] Building C object zephyr/drivers/sensor/realtek/rts5912/CMakeFiles/drivers__sensor__realtek__rts5912.dir/rts5912.c.obj
[brtk:ro] [256/395] Linking C static library zephyr/lib/smf/liblib__smf.a
[brtk:rw] [185/395] Building C object zephyr/drivers/serial/CMakeFiles/drivers__serial.dir/uart_ns16550.c.obj
[brtk:rw] [186/395] Linking C static library zephyr/drivers/sensor/realtek/rts5912/libdrivers__sensor__realtek__rts5912.a
[brtk:ro] [257/395] Linking C static library zephyr/lib/posix/c_lib_ext/liblib__posix__c_lib_ext.a
[brtk:rw] [187/395] Building C object zephyr/drivers/serial/CMakeFiles/drivers__serial.dir/uart_realtek_rts5912.c.obj
[brtk:rw] [188/395] Building C object zephyr/drivers/timer/CMakeFiles/drivers__timer.dir/sys_clock_init.c.obj
[brtk:rw] [189/395] Linking C static library zephyr/drivers/serial/libdrivers__serial.a
[brtk:ro] [258/395] Building C object zephyr/subsys/input/CMakeFiles/subsys__input.dir/input.c.obj
[brtk:ro] [259/395] Building C object zephyr/subsys/input/CMakeFiles/subsys__input.dir/input_utils.c.obj
[brtk:rw] [190/395] Building C object zephyr/drivers/timer/CMakeFiles/drivers__timer.dir/realtek_rts5912_rtmr.c.obj
[brtk:ro] [260/395] Linking C static library zephyr/subsys/input/libsubsys__input.a
[brtk:rw] [191/395] Linking C static library zephyr/drivers/timer/libdrivers__timer.a
[brtk:ro] [261/395] Building C object zephyr/drivers/bbram/CMakeFiles/drivers__bbram.dir/bbram_rts5912.c.obj
[roach:ro] [124/263] Building ASM object zephyr/arch/arch/riscv/core/CMakeFiles/arch__riscv__core.dir/isr.S.obj
[roach:ro] [125/263] Building C object zephyr/arch/arch/riscv/core/CMakeFiles/arch__riscv__core.dir/stacktrace.c.obj
[roach:ro] [126/263] Linking C static library zephyr/arch/arch/riscv/core/libarch__riscv__core.a
[brtk:ro] [262/395] Linking C static library zephyr/drivers/bbram/libdrivers__bbram.a
[brtk:ro] [263/395] Building C object zephyr/drivers/adc/CMakeFiles/drivers__adc.dir/adc_common.c.obj
[brtk:ro] [264/395] Building C object zephyr/drivers/adc/CMakeFiles/drivers__adc.dir/adc_realtek_rts5912.c.obj
[roach:ro] [127/263] Generating ../../../include/generated/libc/minimal/strerror_table.h
[brtk:ro] [265/395] Building C object zephyr/drivers/console/CMakeFiles/drivers__console.dir/uart_console.c.obj
[roach:ro] [128/263] Building C object zephyr/lib/libc/minimal/CMakeFiles/lib__libc__minimal.dir/source/stdlib/atoi.c.obj
[brtk:ro] [266/395] Building C object zephyr/drivers/clock_control/CMakeFiles/drivers__clock_control.dir/clock_control_rts5912_sccon.c.obj
[roach:ro] [129/263] Building C object zephyr/lib/libc/minimal/CMakeFiles/lib__libc__minimal.dir/source/stdlib/strtol.c.obj
[brtk:rw] [192/395] Building C object zephyr/drivers/watchdog/CMakeFiles/drivers__watchdog.dir/wdt_shell.c.obj
[roach:ro] [130/263] Building C object zephyr/lib/libc/minimal/CMakeFiles/lib__libc__minimal.dir/source/stdlib/strtoul.c.obj
[roach:ro] [131/263] Building C object zephyr/lib/libc/minimal/CMakeFiles/lib__libc__minimal.dir/source/stdlib/strtoll.c.obj
[brtk:ro] [267/395] Linking C static library zephyr/drivers/adc/libdrivers__adc.a
[brtk:ro] [268/395] Building C object zephyr/drivers/counter/CMakeFiles/drivers__counter.dir/counter_realtek_rts5912.c.obj
[roach:ro] [132/263] Building C object zephyr/lib/libc/minimal/CMakeFiles/lib__libc__minimal.dir/source/stdlib/strtoull.c.obj
[roach:ro] [133/263] Building C object zephyr/lib/libc/minimal/CMakeFiles/lib__libc__minimal.dir/source/stdlib/bsearch.c.obj
[brtk:ro] [269/395] Linking C static library zephyr/drivers/console/libdrivers__console.a
[brtk:ro] [270/395] Linking C static library zephyr/drivers/clock_control/libdrivers__clock_control.a
[roach:ro] [134/263] Building C object zephyr/lib/libc/minimal/CMakeFiles/lib__libc__minimal.dir/source/stdlib/exit.c.obj
[roach:ro] [135/263] Building C object zephyr/lib/libc/minimal/CMakeFiles/lib__libc__minimal.dir/source/stdlib/qsort.c.obj
[brtk:rw] [193/395] Building C object zephyr/drivers/watchdog/CMakeFiles/drivers__watchdog.dir/wdt_rts5912.c.obj
[roach:ro] [136/263] Building C object zephyr/lib/libc/minimal/CMakeFiles/lib__libc__minimal.dir/source/string/strerror.c.obj
[brtk:ro] [271/395] Linking C static library zephyr/drivers/counter/libdrivers__counter.a
[roach:ro] [137/263] Building C object zephyr/lib/libc/minimal/CMakeFiles/lib__libc__minimal.dir/source/string/strncasecmp.c.obj
[roach:ro] [138/263] Building C object zephyr/lib/libc/minimal/CMakeFiles/lib__libc__minimal.dir/source/string/strstr.c.obj
[brtk:rw] [194/395] Building C object modules/ec/zephyr/CMakeFiles/ec_shim.dir/app/ec/main_shim.c.obj
[roach:ro] [139/263] Building C object zephyr/lib/libc/minimal/CMakeFiles/lib__libc__minimal.dir/source/string/string.c.obj
[roach:ro] [140/263] Building C object zephyr/lib/libc/minimal/CMakeFiles/lib__libc__minimal.dir/source/string/strspn.c.obj
[roach:ro] [141/263] Building C object zephyr/lib/libc/minimal/CMakeFiles/lib__libc__minimal.dir/source/stdout/stdout_console.c.obj
[roach:ro] [142/263] Building C object zephyr/lib/libc/minimal/CMakeFiles/lib__libc__minimal.dir/source/stdout/sprintf.c.obj
[roach:ro] [143/263] Building C object zephyr/lib/libc/minimal/CMakeFiles/lib__libc__minimal.dir/source/stdout/fprintf.c.obj
[brtk:rw] [195/395] Building C object zephyr/drivers/watchdog/CMakeFiles/drivers__watchdog.dir/wdt_counter.c.obj
[roach:ro] [144/263] Building C object zephyr/lib/libc/minimal/CMakeFiles/lib__libc__minimal.dir/source/math/sqrtf.c.obj
[roach:ro] [145/263] Building C object zephyr/lib/libc/minimal/CMakeFiles/lib__libc__minimal.dir/source/math/sqrt.c.obj
[roach:ro] [146/263] Building C object zephyr/lib/libc/minimal/CMakeFiles/lib__libc__minimal.dir/source/time/gmtime.c.obj
[brtk:ro] [272/395] Building C object zephyr/drivers/crypto/CMakeFiles/drivers__crypto.dir/crypto_rts5912_sha.c.obj
[brtk:rw] [196/395] Linking C static library zephyr/drivers/watchdog/libdrivers__watchdog.a
[roach:ro] [147/263] Linking C static library zephyr/lib/libc/minimal/liblib__libc__minimal.a
[brtk:rw] [197/395] Building C object modules/ec/zephyr/CMakeFiles/ec_shim.dir/app/ec/ec_app_main.c.obj
[roach:ro] [148/263] Building C object zephyr/lib/libc/common/CMakeFiles/lib__libc__common.dir/source/stdlib/abort.c.obj
[brtk:ro] [273/395] Linking C static library zephyr/drivers/crypto/libdrivers__crypto.a
[roach:ro] [149/263] Building C object zephyr/lib/libc/common/CMakeFiles/lib__libc__common.dir/source/time/asctime.c.obj
[roach:ro] [150/263] Building C object zephyr/lib/libc/common/CMakeFiles/lib__libc__common.dir/source/time/gmtime_r.c.obj
[roach:ro] [151/263] Building C object zephyr/lib/libc/common/CMakeFiles/lib__libc__common.dir/source/time/localtime_r_utc.c.obj
[roach:ro] [152/263] Building C object zephyr/lib/libc/common/CMakeFiles/lib__libc__common.dir/source/time/ctime.c.obj
[roach:ro] [153/263] Building C object zephyr/lib/libc/common/CMakeFiles/lib__libc__common.dir/source/time/time.c.obj
[roach:ro] [154/263] Building C object zephyr/lib/libc/common/CMakeFiles/lib__libc__common.dir/source/stdlib/malloc.c.obj
[roach:ro] [155/263] Building C object zephyr/lib/libc/common/CMakeFiles/lib__libc__common.dir/source/string/strnlen.c.obj
[brtk:rw] [198/395] Building C object modules/ec/zephyr/CMakeFiles/ec_shim.dir/drivers/keyboard_input/keyboard_customization_check.c.obj
[brtk:ro] [274/395] Building C object zephyr/drivers/flash/CMakeFiles/drivers__flash.dir/flash_realtek_rts5912.c.obj
[roach:ro] [156/263] Linking C static library zephyr/lib/libc/common/liblib__libc__common.a
[roach:ro] [157/263] Building C object zephyr/lib/posix/c_lib_ext/CMakeFiles/lib__posix__c_lib_ext.dir/fnmatch.c.obj
[brtk:rw] [199/395] Building C object modules/ec/zephyr/CMakeFiles/ec_shim.dir/drivers/cros_flash/cros_flash_rtk.c.obj
[roach:ro] [158/263] Building C object zephyr/lib/posix/c_lib_ext/CMakeFiles/lib__posix__c_lib_ext.dir/getentropy.c.obj
[brtk:ro] [275/395] Linking C static library zephyr/drivers/flash/libdrivers__flash.a
[roach:ro] [159/263] Building C object zephyr/lib/posix/c_lib_ext/CMakeFiles/lib__posix__c_lib_ext.dir/getopt_shim.c.obj
[brtk:ro] [276/395] Building C object zephyr/drivers/espi/CMakeFiles/drivers__espi.dir/espi_realtek_rts5912.c.obj
[brtk:ro] [277/395] Building C object zephyr/drivers/i2c/CMakeFiles/drivers__i2c.dir/i2c_common.c.obj
[roach:ro] [160/263] Linking C static library zephyr/lib/posix/c_lib_ext/liblib__posix__c_lib_ext.a
[brtk:rw] [200/395] Building C object modules/ec/zephyr/CMakeFiles/ec_shim.dir/drivers/cros_kblight/pwm_kblight.c.obj
[roach:ro] [161/263] Building C object zephyr/subsys/crc/CMakeFiles/subsys__crc.dir/crc4_sw.c.obj
[roach:ro] [162/263] Building C object zephyr/subsys/crc/CMakeFiles/subsys__crc.dir/crc8_sw.c.obj
[brtk:ro] [278/395] Linking C static library zephyr/drivers/espi/libdrivers__espi.a
[roach:ro] [163/263] Building C object zephyr/subsys/crc/CMakeFiles/subsys__crc.dir/crc16_sw.c.obj
[roach:ro] [164/263] Building C object zephyr/subsys/crc/CMakeFiles/subsys__crc.dir/crc7_sw.c.obj
[roach:ro] [165/263] Building C object zephyr/subsys/crc/CMakeFiles/subsys__crc.dir/crc24_sw.c.obj
[brtk:ro] [279/395] Building C object zephyr/drivers/i2c/CMakeFiles/drivers__i2c.dir/i2c_shell.c.obj
[roach:ro] [166/263] Building C object zephyr/subsys/crc/CMakeFiles/subsys__crc.dir/crc32c_sw.c.obj
[brtk:ro] [280/395] Building C object zephyr/drivers/i2c/CMakeFiles/drivers__i2c.dir/i2c_dw.c.obj
[roach:ro] [167/263] Building C object zephyr/subsys/crc/CMakeFiles/subsys__crc.dir/crc32_sw.c.obj
[roach:ro] [168/263] Building C object zephyr/subsys/crc/CMakeFiles/subsys__crc.dir/crc32k_4_2_sw.c.obj
[brtk:rw] [201/395] Building C object modules/ec/zephyr/CMakeFiles/ec_shim.dir/drivers/hibernate/hibernate_z5.c.obj
[roach:ro] [169/263] Linking C static library zephyr/subsys/crc/libsubsys__crc.a
[brtk:ro] [281/395] Building C object zephyr/drivers/i2c/CMakeFiles/drivers__i2c.dir/i2c_realtek_rts5912.c.obj
[brtk:ro] [282/395] Building C object zephyr/drivers/gpio/CMakeFiles/drivers__gpio.dir/gpio_rts5912.c.obj
[roach:ro] [170/263] Building C object zephyr/drivers/interrupt_controller/CMakeFiles/drivers__interrupt_controller.dir/intc_ite_it8xxx2_v2.c.obj
[roach:ro] [171/263] Building C object zephyr/drivers/interrupt_controller/CMakeFiles/drivers__interrupt_controller.dir/wuc_ite_it8xxx2.c.obj
[brtk:ro] [283/395] Linking C static library zephyr/drivers/gpio/libdrivers__gpio.a
[roach:ro] [172/263] Linking C static library zephyr/drivers/interrupt_controller/libdrivers__interrupt_controller.a
[brtk:ro] [284/395] Linking C static library zephyr/drivers/i2c/libdrivers__i2c.a
[roach:ro] [173/263] Building C object zephyr/drivers/bbram/CMakeFiles/drivers__bbram.dir/bbram_it8xxx2.c.obj
[brtk:rw] [202/395] Building C object modules/ec/zephyr/CMakeFiles/ec_shim.dir/drivers/cros_system/cros_system_rtk.c.obj
[roach:ro] [174/263] Linking C static library zephyr/drivers/bbram/libdrivers__bbram.a
[brtk:rw] [203/395] Building C object modules/ec/zephyr/CMakeFiles/ec_shim.dir/drivers/keyboard_input/col_gpio_drive.c.obj
[roach:ro] [175/263] Building C object zephyr/drivers/console/CMakeFiles/drivers__console.dir/uart_console.c.obj
[brtk:ro] [285/395] Building C object zephyr/drivers/pinctrl/CMakeFiles/drivers__pinctrl.dir/common.c.obj
[roach:ro] [176/263] Linking C static library zephyr/drivers/console/libdrivers__console.a
[roach:ro] [177/263] Building C object zephyr/drivers/crypto/CMakeFiles/drivers__crypto.dir/crypto_it8xxx2_sha_v2.c.obj
[brtk:ro] [286/395] Building C object zephyr/drivers/input/CMakeFiles/drivers__input.dir/input_realtek_rts5912_kbd.c.obj
[roach:ro] [178/263] Linking C static library zephyr/drivers/crypto/libdrivers__crypto.a
[brtk:ro] [287/395] Building C object zephyr/drivers/input/CMakeFiles/drivers__input.dir/input_kbd_matrix.c.obj
[roach:ro] [179/263] Building C object zephyr/drivers/flash/CMakeFiles/drivers__flash.dir/flash_ite_it8xxx2.c.obj
[brtk:ro] [288/395] Building C object zephyr/drivers/pinctrl/CMakeFiles/drivers__pinctrl.dir/pinctrl_realtek_rts5912.c.obj
[roach:ro] [180/263] Linking C static library zephyr/drivers/flash/libdrivers__flash.a
[brtk:ro] [289/395] Linking C static library zephyr/drivers/input/libdrivers__input.a
[brtk:ro] [290/395] Building C object zephyr/drivers/pwm/CMakeFiles/drivers__pwm.dir/pwm_shell.c.obj
[roach:ro] [181/263] Building C object zephyr/drivers/gpio/CMakeFiles/drivers__gpio.dir/gpio_ite_it8xxx2_v2.c.obj
[brtk:ro] [291/395] Linking C static library zephyr/drivers/pinctrl/libdrivers__pinctrl.a
[roach:ro] [182/263] Linking C static library zephyr/drivers/gpio/libdrivers__gpio.a
[roach:ro] [183/263] Building C object zephyr/drivers/i2c/CMakeFiles/drivers__i2c.dir/i2c_common.c.obj
[roach:ro] [184/263] Building C object zephyr/drivers/i2c/CMakeFiles/drivers__i2c.dir/i2c_bitbang.c.obj
[brtk:rw] [204/395] Building C object modules/ec/zephyr/CMakeFiles/ec_shim.dir/drivers/usbc/ucsi_v3.c.obj
[roach:ro] [185/263] Building C object zephyr/drivers/i2c/CMakeFiles/drivers__i2c.dir/i2c_shell.c.obj
[brtk:rw] [205/395] Building C object modules/ec/zephyr/CMakeFiles/ec_shim.dir/drivers/keyboard_input/keyboard_input.c.obj
[roach:ro] [186/263] Building C object zephyr/drivers/i2c/CMakeFiles/drivers__i2c.dir/i2c_ite_enhance.c.obj
[roach:ro] [187/263] Linking C static library zephyr/drivers/i2c/libdrivers__i2c.a
[roach:ro] [188/263] Building C object zephyr/drivers/pinctrl/CMakeFiles/drivers__pinctrl.dir/common.c.obj
[brtk:rw] [206/395] Building C object modules/ec/zephyr/CMakeFiles/ec_shim.dir/drivers/boot_keys/boot_keys.c.obj
[brtk:ro] [292/395] Building C object zephyr/drivers/pwm/CMakeFiles/drivers__pwm.dir/pwm_realtek_rts5912.c.obj
[roach:ro] [189/263] Building C object zephyr/drivers/pinctrl/CMakeFiles/drivers__pinctrl.dir/pinctrl_ite_it8xxx2.c.obj
[roach:ro] [190/263] Linking C static library zephyr/drivers/pinctrl/libdrivers__pinctrl.a
[roach:ro] [191/263] Building C object zephyr/drivers/serial/CMakeFiles/drivers__serial.dir/uart_ite_it8xxx2.c.obj
[brtk:ro] [293/395] Linking C static library zephyr/drivers/pwm/libdrivers__pwm.a
[roach:ro] [192/263] Building C object zephyr/drivers/serial/CMakeFiles/drivers__serial.dir/uart_ns16550.c.obj
[brtk:ro] [294/395] Building C object zephyr/drivers/serial/CMakeFiles/drivers__serial.dir/uart_ns16550.c.obj
[brtk:rw] [207/395] Building C object modules/ec/zephyr/CMakeFiles/ec_shim.dir/drivers/usbc/pdc_rts54xx.c.obj
[roach:ro] [193/263] Linking C static library zephyr/drivers/serial/libdrivers__serial.a
[roach:ro] [194/263] Building C object zephyr/drivers/timer/CMakeFiles/drivers__timer.dir/sys_clock_init.c.obj
[brtk:rw] [208/395] Building C object modules/ec/zephyr/CMakeFiles/ec_shim.dir/drivers/runtime_keys/runtime_keys.c.obj
[roach:ro] [195/263] Building C object zephyr/drivers/timer/CMakeFiles/drivers__timer.dir/ite_it8xxx2_timer.c.obj
[brtk:ro] [295/395] Building C object zephyr/drivers/timer/CMakeFiles/drivers__timer.dir/sys_clock_init.c.obj
[brtk:rw] [209/395] Building C object modules/ec/zephyr/CMakeFiles/ec_shim.dir/drivers/vivaldi_kbd/vivaldi_kbd.c.obj
[roach:ro] [196/263] Linking C static library zephyr/drivers/timer/libdrivers__timer.a
[brtk:ro] [296/395] Building C object zephyr/drivers/sensor/realtek/rts5912/CMakeFiles/drivers__sensor__realtek__rts5912.dir/rts5912.c.obj
[roach:ro] [197/263] Building C object zephyr/drivers/watchdog/CMakeFiles/drivers__watchdog.dir/wdt_ite_it8xxx2.c.obj
[roach:ro] [198/263] Building C object zephyr/drivers/watchdog/CMakeFiles/drivers__watchdog.dir/wdt_shell.c.obj
[brtk:ro] [297/395] Building C object zephyr/drivers/serial/CMakeFiles/drivers__serial.dir/uart_realtek_rts5912.c.obj
[roach:ro] [199/263] Linking C static library zephyr/drivers/watchdog/libdrivers__watchdog.a
[brtk:ro] [298/395] Linking C static library zephyr/drivers/sensor/realtek/rts5912/libdrivers__sensor__realtek__rts5912.a
[roach:ro] [200/263] Building C object modules/ec/zephyr/CMakeFiles/ec_shim.dir/app/ec/ec_app_main.c.obj
[brtk:ro] [299/395] Building C object zephyr/drivers/watchdog/CMakeFiles/drivers__watchdog.dir/wdt_counter.c.obj
[brtk:ro] [300/395] Building C object zephyr/drivers/timer/CMakeFiles/drivers__timer.dir/realtek_rts5912_rtmr.c.obj
[roach:ro] [201/263] Building C object modules/ec/zephyr/CMakeFiles/ec_shim.dir/app/ec/main_shim.c.obj
[roach:ro] [202/263] Building C object modules/ec/zephyr/CMakeFiles/ec_shim.dir/drivers/cros_flash/cros_flash_it8xxx2.c.obj
[roach:ro] [203/263] Building C object modules/ec/zephyr/CMakeFiles/ec_shim.dir/drivers/cros_kb_raw/cros_kb_raw_ite.c.obj
[brtk:ro] [301/395] Linking C static library zephyr/drivers/serial/libdrivers__serial.a
[roach:ro] [204/263] Building C object modules/ec/zephyr/CMakeFiles/ec_shim.dir/drivers/cros_system/cros_system_it8xxx2.c.obj
[roach:ro] [205/263] Building C object modules/ec/zephyr/CMakeFiles/ec_shim.dir/drivers/one_wire_uart/one_wire_uart.c.obj
[brtk:ro] [302/395] Linking C static library zephyr/drivers/timer/libdrivers__timer.a
[brtk:ro] [303/395] Building C object zephyr/drivers/watchdog/CMakeFiles/drivers__watchdog.dir/wdt_rts5912.c.obj
[roach:ro] [206/263] Building C object modules/ec/zephyr/CMakeFiles/ec_shim.dir/drivers/one_wire_uart/keyboard.c.obj
[roach:ro] [207/263] Building C object modules/ec/zephyr/CMakeFiles/ec_shim.dir/shim/chip/it8xxx2/clock.c.obj
[roach:ro] [208/263] Building C object modules/ec/zephyr/CMakeFiles/ec_shim.dir/shim/chip/it8xxx2/gpio.c.obj
[roach:ro] [209/263] Building C object modules/ec/zephyr/CMakeFiles/ec_shim.dir/shim/chip/it8xxx2/system.c.obj
[roach:ro] [210/263] Building C object modules/ec/zephyr/CMakeFiles/ec_shim.dir/shim/chip/it8xxx2/keyboard_raw.c.obj
[brtk:rw] [210/395] Building C object modules/ec/zephyr/CMakeFiles/ec_shim.dir/shim/chip/rtk/system_download_from_flash.c.obj
[roach:ro] [211/263] Building C object modules/ec/zephyr/CMakeFiles/ec_shim.dir/shim/chip/it8xxx2/power_policy.c.obj
[roach:ro] [212/263] Building C object modules/ec/zephyr/CMakeFiles/ec_shim.dir/shim/src/console.c.obj
[roach:ro] [213/263] Building C object modules/ec/zephyr/CMakeFiles/ec_shim.dir/shim/src/crc.c.obj
[brtk:ro] [304/395] Building C object zephyr/drivers/watchdog/CMakeFiles/drivers__watchdog.dir/wdt_shell.c.obj
[brtk:rw] [211/395] Building C object modules/ec/zephyr/CMakeFiles/ec_shim.dir/shim/chip/rtk/clock.c.obj
[/mnt/host/source/src/platform/ec/build/zephyr/ptlrvp_mchp-lcov]   /mnt/host/source/src/platform/ec/build/zephyr/ptlrvp_mchp/build-ro/modules/ec/zephyr/CMakeFiles/ec_shim.dir/drivers/keyboard_input/keyboard_customization_check.c.gcno:no functions found
[roach:ro] [214/263] Building C object modules/ec/zephyr/CMakeFiles/ec_shim.dir/shim/src/gpio.c.obj
[/mnt/host/source/src/platform/ec/build/zephyr/ptlrvp_mchp-lcov] stderr:
[roach:ro] [215/263] Building C object modules/ec/zephyr/CMakeFiles/ec_shim.dir/shim/src/gpio_int.c.obj
[roach:ro] [216/263] Building C object modules/ec/zephyr/CMakeFiles/ec_shim.dir/shim/src/panic_utils.c.obj
[roach:ro] [217/263] Building C object modules/ec/zephyr/CMakeFiles/ec_shim.dir/shim/src/pm_state.c.obj
[roach:ro] [218/263] Building C object modules/ec/zephyr/CMakeFiles/ec_shim.dir/shim/src/system.c.obj
[brtk:rw] [212/395] Building C object modules/ec/zephyr/CMakeFiles/ec_shim.dir/shim/src/crc.c.obj
[roach:ro] [219/263] Building C object modules/ec/zephyr/CMakeFiles/ec_shim.dir/shim/src/flash.c.obj
[brtk:rw] [213/395] Building C object modules/ec/zephyr/CMakeFiles/ec_shim.dir/shim/chip/rtk/system_external_storage.c.obj
[roach:ro] [220/263] Building C object modules/ec/zephyr/CMakeFiles/ec_shim.dir/shim/src/hooks.c.obj
[roach:ro] [221/263] Building C object modules/ec/zephyr/CMakeFiles/ec_shim.dir/shim/src/keyboard_raw.c.obj
[brtk:ro] [305/395] Linking C static library zephyr/drivers/watchdog/libdrivers__watchdog.a
[roach:ro] [222/263] Building C object modules/ec/zephyr/CMakeFiles/ec_shim.dir/shim/src/keyscan.c.obj
[roach:ro] [223/263] Building C object modules/ec/zephyr/CMakeFiles/ec_shim.dir/shim/src/panic.c.obj
[roach:ro] [224/263] Building C object modules/ec/zephyr/CMakeFiles/ec_shim.dir/shim/src/hwtimer.c.obj
[roach:ro] [225/263] Building C object modules/ec/zephyr/CMakeFiles/ec_shim.dir/shim/src/i2c.c.obj
[roach:ro] [226/263] Building C object modules/ec/zephyr/CMakeFiles/ec_shim.dir/shim/src/tasks.c.obj
[roach:ro] [227/263] Building C object modules/ec/zephyr/CMakeFiles/ec_shim.dir/shim/src/watchdog.c.obj
[brtk:ro] [306/395] Building C object modules/ec/zephyr/CMakeFiles/ec_shim.dir/drivers/keyboard_input/keyboard_customization_check.c.obj
[roach:ro] [228/263] Building C object modules/ec/zephyr/CMakeFiles/ec_shim.dir/shim/src/sha256_hw.c.obj
[brtk:rw] [214/395] Building C object modules/ec/zephyr/CMakeFiles/ec_shim.dir/shim/core/cortex-m/panic.c.obj
[roach:ro] [229/263] Building C object modules/ec/zephyr/CMakeFiles/ec_shim.dir/shim/src/usbc_stub.c.obj
[brtk:rw] [215/395] Building C object modules/ec/zephyr/CMakeFiles/ec_shim.dir/shim/src/console.c.obj
[brtk:ro] [307/395] Building C object modules/ec/zephyr/CMakeFiles/ec_shim.dir/app/ec/main_shim.c.obj
[brtk:rw] [216/395] Building C object modules/ec/zephyr/CMakeFiles/ec_shim.dir/shim/chip/rtk/power_policy.c.obj
[brtk:ro] [308/395] Building C object modules/ec/zephyr/CMakeFiles/ec_shim.dir/app/ec/ec_app_main.c.obj
[brtk:ro] [309/395] Building C object modules/ec/zephyr/CMakeFiles/ec_shim.dir/drivers/cros_kblight/pwm_kblight.c.obj
[roach:ro] [230/263] Linking C static library modules/ec/zephyr/libec_shim.a
[roach:ro] [231/263] Building C object zephyr/kernel/CMakeFiles/kernel.dir/main_weak.c.obj
[roach:ro] [232/263] Building C object zephyr/kernel/CMakeFiles/kernel.dir/banner.c.obj
[roach:ro] [233/263] Building C object zephyr/kernel/CMakeFiles/kernel.dir/busy_wait.c.obj
[brtk:ro] [310/395] Building C object modules/ec/zephyr/CMakeFiles/ec_shim.dir/drivers/cros_system/cros_system_rtk.c.obj
[roach:ro] [234/263] Building C object zephyr/kernel/CMakeFiles/kernel.dir/device.c.obj
[roach:ro] [235/263] Building C object zephyr/kernel/CMakeFiles/kernel.dir/errno.c.obj
[roach:ro] [236/263] Building C object zephyr/kernel/CMakeFiles/kernel.dir/fatal.c.obj
[roach:ro] [237/263] Building C object zephyr/kernel/CMakeFiles/kernel.dir/init.c.obj
[roach:ro] [238/263] Building C object zephyr/kernel/CMakeFiles/kernel.dir/kheap.c.obj
[brtk:ro] [311/395] Building C object modules/ec/zephyr/CMakeFiles/ec_shim.dir/drivers/cros_flash/cros_flash_rtk.c.obj
[roach:ro] [239/263] Building C object zephyr/kernel/CMakeFiles/kernel.dir/mem_slab.c.obj
[roach:ro] [240/263] Building C object zephyr/kernel/CMakeFiles/kernel.dir/float.c.obj
[brtk:ro] [312/395] Building C object modules/ec/zephyr/CMakeFiles/ec_shim.dir/drivers/hibernate/hibernate_z5.c.obj
[roach:ro] [241/263] Building C object zephyr/kernel/CMakeFiles/kernel.dir/version.c.obj
[roach:ro] [242/263] Building C object zephyr/kernel/CMakeFiles/kernel.dir/idle.c.obj
[roach:ro] [243/263] Building C object zephyr/kernel/CMakeFiles/kernel.dir/mailbox.c.obj
[brtk:ro] [313/395] Building C object modules/ec/zephyr/CMakeFiles/ec_shim.dir/drivers/keyboard_input/keyboard_input.c.obj
[roach:ro] [244/263] Building C object zephyr/kernel/CMakeFiles/kernel.dir/msg_q.c.obj
[roach:ro] [245/263] Building C object zephyr/kernel/CMakeFiles/kernel.dir/mutex.c.obj
[brtk:rw] [217/395] Building C object modules/ec/zephyr/CMakeFiles/ec_shim.dir/shim/src/panic_utils.c.obj
[roach:ro] [246/263] Building C object zephyr/kernel/CMakeFiles/kernel.dir/queue.c.obj
[roach:ro] [247/263] Building C object zephyr/kernel/CMakeFiles/kernel.dir/sem.c.obj
[roach:ro] [248/263] Building C object zephyr/kernel/CMakeFiles/kernel.dir/stack.c.obj
[roach:ro] [249/263] Building C object zephyr/kernel/CMakeFiles/kernel.dir/system_work_q.c.obj
[roach:ro] [250/263] Building C object zephyr/kernel/CMakeFiles/kernel.dir/work.c.obj
[roach:ro] [251/263] Building C object zephyr/kernel/CMakeFiles/kernel.dir/condvar.c.obj
[roach:ro] [252/263] Building C object zephyr/kernel/CMakeFiles/kernel.dir/thread.c.obj
[roach:ro] [253/263] Building C object zephyr/kernel/CMakeFiles/kernel.dir/sched.c.obj
[brtk:rw] [218/395] Building C object modules/ec/zephyr/CMakeFiles/ec_shim.dir/shim/src/gpio_int.c.obj
[roach:ro] [254/263] Building C object zephyr/kernel/CMakeFiles/kernel.dir/pipe.c.obj
[roach:ro] [255/263] Building C object zephyr/kernel/CMakeFiles/kernel.dir/spinlock_validate.c.obj
[brtk:ro] [314/395] Building C object modules/ec/zephyr/CMakeFiles/ec_shim.dir/drivers/keyboard_input/col_gpio_drive.c.obj
[roach:ro] [256/263] Building C object zephyr/kernel/CMakeFiles/kernel.dir/thread_monitor.c.obj
[roach:ro] [257/263] Building C object zephyr/kernel/CMakeFiles/kernel.dir/timeout.c.obj
[brtk:rw] [219/395] Building C object modules/ec/zephyr/CMakeFiles/ec_shim.dir/shim/src/gpio.c.obj
[roach:ro] [258/263] Building C object zephyr/kernel/CMakeFiles/kernel.dir/timer.c.obj
[brtk:rw] [220/395] Building C object modules/ec/zephyr/CMakeFiles/ec_shim.dir/shim/src/cbi/cros_cbi.c.obj
[roach:ro] [259/263] Building C object zephyr/kernel/CMakeFiles/kernel.dir/poll.c.obj
[brtk:rw] [221/395] Building C object modules/ec/zephyr/CMakeFiles/ec_shim.dir/shim/src/pm_state.c.obj
[roach:ro] [260/263] Building C object zephyr/kernel/CMakeFiles/kernel.dir/events.c.obj
[brtk:ro] [315/395] Building C object modules/ec/zephyr/CMakeFiles/ec_shim.dir/drivers/usbc/ucsi_v3.c.obj
[roach:ro] [261/263] Building C object zephyr/kernel/CMakeFiles/kernel.dir/mempool.c.obj
[roach:ro] [262/263] Building C object zephyr/kernel/CMakeFiles/kernel.dir/dynamic_disabled.c.obj
[brtk:rw] [222/395] Building C object modules/ec/zephyr/CMakeFiles/ec_shim.dir/shim/src/popcountsi2.c.obj
[brtk:rw] [223/395] Building ASM object modules/ec/zephyr/CMakeFiles/ec_shim.dir/shim/src/libgcc_arm.S.obj
[roach:ro] [263/263] Linking C static library zephyr/kernel/libkernel.a
Running (initial) lcov on /mnt/host/source/src/platform/ec/build/zephyr/kaladin.
[brtk:ro] [316/395] Building C object modules/ec/zephyr/CMakeFiles/ec_shim.dir/drivers/boot_keys/boot_keys.c.obj
[brtk:rw] [224/395] Building C object modules/ec/zephyr/CMakeFiles/ec_shim.dir/shim/src/cbi/cbi_flash.c.obj
[brtk:ro] [317/395] Building C object modules/ec/zephyr/CMakeFiles/ec_shim.dir/drivers/runtime_keys/runtime_keys.c.obj
[brtk:ro] [318/395] Building C object modules/ec/zephyr/CMakeFiles/ec_shim.dir/shim/chip/rtk/clock.c.obj
[brtk:rw] [225/395] Building C object modules/ec/zephyr/CMakeFiles/ec_shim.dir/shim/src/led_driver/led.c.obj
[brtk:ro] [319/395] Building C object modules/ec/zephyr/CMakeFiles/ec_shim.dir/shim/chip/rtk/system_external_storage.c.obj
[brtk:ro] [320/395] Building C object modules/ec/zephyr/CMakeFiles/ec_shim.dir/drivers/vivaldi_kbd/vivaldi_kbd.c.obj
[brtk:rw] [226/395] Building C object modules/ec/zephyr/CMakeFiles/ec_shim.dir/shim/src/system.c.obj
[brtk:ro] [321/395] Building C object modules/ec/zephyr/CMakeFiles/ec_shim.dir/shim/src/crc.c.obj
[brtk:ro] [322/395] Building C object modules/ec/zephyr/CMakeFiles/ec_shim.dir/shim/chip/rtk/system_download_from_flash.c.obj
Running `env -i PYTHONPATH=/usr/lib64/python-exec/python3.11:/mnt/host/source/src/platform/ec/zephyr/zmake:/usr/lib/python311.zip:/usr/lib/python3.11:/usr/lib/python3.11/lib-dynload:/usr/lib/python3.11/site-packages PW_PIGWEED_CIPD_INSTALL_DIR=/usr CROSTC_USER_ACKNOWLEDGES_THAT_RISCV_IS_EXPERIMENTAL=1 PATH=/mnt/host/source/chromite/bin:/usr/local/bin:/usr/bin:/bin:/opt/bin:/mnt/host/source/chromite/sdk/bin:/mnt/host/source/chromite/bin HOME=/home/jpmurphy JAVA_HOME=/etc/java-config-2/current-system-vm JDK_HOME=/etc/java-config-2/current-system-vm JAVAC=/etc/java-config-2/current-system-vm/bin/javac MAKEFLAGS=' -j16 --jobserver-auth=5,6' /usr/bin/lcov --gcov-tool /mnt/host/source/src/platform/ec/build/zephyr/kaladin/build-rw/gcov.sh -q -o - -c -d /mnt/host/source/src/platform/ec/build/zephyr/kaladin -t kaladin --rc branch_coverage=1 --filter range --ignore-errors inconsistent,source --ignore-errors gcov,gcov -i`
[brtk:ro] [323/395] Building C object modules/ec/zephyr/CMakeFiles/ec_shim.dir/drivers/usbc/pdc_rts54xx.c.obj
[brtk:ro] [324/395] Building C object modules/ec/zephyr/CMakeFiles/ec_shim.dir/shim/chip/rtk/power_policy.c.obj
[brtk:rw] [227/395] Building C object modules/ec/zephyr/CMakeFiles/ec_shim.dir/shim/src/led_driver/led_pwm.c.obj
[brtk:ro] [325/395] Building C object modules/ec/zephyr/CMakeFiles/ec_shim.dir/shim/core/cortex-m/panic.c.obj
[brtk:rw] [228/395] Building C object modules/ec/zephyr/CMakeFiles/ec_shim.dir/shim/src/battery.c.obj
[brtk:rw] [229/395] Building C object modules/ec/zephyr/CMakeFiles/ec_shim.dir/shim/src/adc.c.obj
[brtk:rw] [230/395] Building C object modules/ec/zephyr/CMakeFiles/ec_shim.dir/shim/src/pdc_shim.c.obj
[brtk:rw] [231/395] Building C object modules/ec/zephyr/CMakeFiles/ec_shim.dir/shim/src/charger.c.obj
[brtk:ro] [326/395] Building C object modules/ec/zephyr/CMakeFiles/ec_shim.dir/shim/src/console.c.obj
[brtk:ro] [327/395] Building C object modules/ec/zephyr/CMakeFiles/ec_shim.dir/shim/src/panic_utils.c.obj
[brtk:ro] [328/395] Building C object modules/ec/zephyr/CMakeFiles/ec_shim.dir/shim/src/gpio_int.c.obj
[brtk:ro] [329/395] Building C object modules/ec/zephyr/CMakeFiles/ec_shim.dir/shim/src/pm_state.c.obj
[brtk:rw] [232/395] Building C object modules/ec/zephyr/CMakeFiles/ec_shim.dir/shim/src/chipset_api.c.obj
[brtk:ro] [330/395] Building C object modules/ec/zephyr/CMakeFiles/ec_shim.dir/shim/src/cbi/cros_cbi.c.obj
[brtk:ro] [331/395] Building C object modules/ec/zephyr/CMakeFiles/ec_shim.dir/shim/src/gpio.c.obj
[brtk:ro] [332/395] Building C object modules/ec/zephyr/CMakeFiles/ec_shim.dir/shim/src/popcountsi2.c.obj
[brtk:ro] [333/395] Building ASM object modules/ec/zephyr/CMakeFiles/ec_shim.dir/shim/src/libgcc_arm.S.obj
[brtk:ro] [334/395] Building C object modules/ec/zephyr/CMakeFiles/ec_shim.dir/shim/src/cbi/cbi_flash.c.obj
[brtk:ro] [335/395] Building C object modules/ec/zephyr/CMakeFiles/ec_shim.dir/shim/src/led_driver/led.c.obj
[brtk:rw] [233/395] Building C object modules/ec/zephyr/CMakeFiles/ec_shim.dir/shim/src/espi.c.obj
[brtk:rw] [234/395] Building C object modules/ec/zephyr/CMakeFiles/ec_shim.dir/shim/src/flash.c.obj
[brtk:rw] [235/395] Building C object modules/ec/zephyr/CMakeFiles/ec_shim.dir/shim/src/fan.c.obj
[brtk:rw] [236/395] Building C object modules/ec/zephyr/CMakeFiles/ec_shim.dir/shim/src/host_command.c.obj
[brtk:rw] [237/395] Building C object modules/ec/zephyr/CMakeFiles/ec_shim.dir/shim/src/hooks.c.obj
[brtk:ro] [336/395] Building C object modules/ec/zephyr/CMakeFiles/ec_shim.dir/shim/src/system.c.obj
[brtk:rw] [238/395] Building C object modules/ec/zephyr/CMakeFiles/ec_shim.dir/shim/src/console_buffer.c.obj
[brtk:ro] [337/395] Building C object modules/ec/zephyr/CMakeFiles/ec_shim.dir/shim/src/adc.c.obj
[brtk:ro] [338/395] Building C object modules/ec/zephyr/CMakeFiles/ec_shim.dir/shim/src/charger.c.obj
[brtk:rw] [239/395] Building C object modules/ec/zephyr/CMakeFiles/ec_shim.dir/shim/src/mkbp_event.c.obj
[brtk:ro] [339/395] Building C object modules/ec/zephyr/CMakeFiles/ec_shim.dir/shim/src/battery.c.obj
[brtk:ro] [340/395] Building C object modules/ec/zephyr/CMakeFiles/ec_shim.dir/shim/src/led_driver/led_pwm.c.obj
[brtk:ro] [341/395] Building C object modules/ec/zephyr/CMakeFiles/ec_shim.dir/shim/src/chipset_api.c.obj
[brtk:ro] [342/395] Building C object modules/ec/zephyr/CMakeFiles/ec_shim.dir/shim/src/pdc_shim.c.obj
[/mnt/host/source/src/platform/ec/build/zephyr/kaladin-lcov] geninfo: WARNING: using JSON module "JSON::PP" - which is much slower than some alternatives.  Consider installing one of JSON::XS or Cpanel::JSON::XS
[brtk:ro] [343/395] Building C object modules/ec/zephyr/CMakeFiles/ec_shim.dir/shim/src/espi.c.obj
[/mnt/host/source/src/platform/ec/build/zephyr/ptlrvp_mchp-lcov]   /mnt/host/source/src/platform/ec/build/zephyr/ptlrvp_mchp/build-ro/CMakeFiles/app.dir/mnt/host/source/src/platform/ec/build/zephyr/ptlrvp_mchp/modules/ec/common/chargen.c.gcno:no functions found
[/mnt/host/source/src/platform/ec/build/zephyr/ptlrvp_mchp-lcov] stderr:
[brtk:rw] [240/395] Building C object modules/ec/zephyr/CMakeFiles/ec_shim.dir/shim/src/panic.c.obj
[brtk:rw] [241/395] Building C object modules/ec/zephyr/CMakeFiles/ec_shim.dir/shim/src/motionsense_sensors.c.obj
[brtk:rw] [242/395] Building C object modules/ec/zephyr/CMakeFiles/ec_shim.dir/shim/src/thermal.c.obj
[brtk:rw] [243/395] Building C object modules/ec/zephyr/CMakeFiles/ec_shim.dir/shim/src/pwm_hc.c.obj
[brtk:rw] [244/395] Building C object modules/ec/zephyr/CMakeFiles/ec_shim.dir/shim/src/temp_sensors.c.obj
[brtk:rw] [245/395] Building C object modules/ec/zephyr/CMakeFiles/ec_shim.dir/shim/src/hwtimer.c.obj
[brtk:ro] [344/395] Building C object modules/ec/zephyr/CMakeFiles/ec_shim.dir/shim/src/flash.c.obj
[brtk:ro] [345/395] Building C object modules/ec/zephyr/CMakeFiles/ec_shim.dir/shim/src/console_buffer.c.obj
[brtk:ro] [346/395] Building C object modules/ec/zephyr/CMakeFiles/ec_shim.dir/shim/src/mkbp_event.c.obj
[brtk:ro] [347/395] Building C object modules/ec/zephyr/CMakeFiles/ec_shim.dir/shim/src/fan.c.obj
[brtk:ro] [348/395] Building C object modules/ec/zephyr/CMakeFiles/ec_shim.dir/shim/src/hooks.c.obj
[brtk:ro] [349/395] Building C object modules/ec/zephyr/CMakeFiles/ec_shim.dir/shim/src/host_command.c.obj
[brtk:ro] [350/395] Building C object modules/ec/zephyr/CMakeFiles/ec_shim.dir/shim/src/motionsense_sensors.c.obj
[brtk:ro] [351/395] Building C object modules/ec/zephyr/CMakeFiles/ec_shim.dir/shim/src/panic.c.obj
[brtk:rw] [246/395] Building C object modules/ec/zephyr/CMakeFiles/ec_shim.dir/shim/src/i2c.c.obj
[brtk:rw] [247/395] Building C object modules/ec/zephyr/CMakeFiles/ec_shim.dir/shim/src/tasks.c.obj
[brtk:rw] [248/395] Building C object modules/ec/zephyr/CMakeFiles/ec_shim.dir/shim/src/watchdog.c.obj
[brtk:rw] [249/395] Building C object modules/ec/zephyr/CMakeFiles/ec_shim.dir/shim/src/usba.c.obj
[brtk:rw] [250/395] cd /mnt/host/source/src/platform/ec/build/zephyr/brtk/build-rw/modules/ec/zephyr && PYTHONPATH=/mnt/host/source/src/platform/ec/build/zephyr/brtk/modules/ec/zephyr/zmake/ /usr/bin/python3.11 /mnt/host/source/src/platform/ec/build/zephyr/brtk/modules/ec/zephyr/zmake/zephyr_build_tools/generate_ec_version.py /mnt/host/source/src/platform/ec/build/zephyr/brtk/build-rw/modules/ec/zephyr/include/ec_version.h --name Zephyr-Kernel --version 16543.0.0 --static
[brtk:rw] INFO:root:Using a static version string
[brtk:ro] [352/395] Building C object modules/ec/zephyr/CMakeFiles/ec_shim.dir/shim/src/thermal.c.obj
[brtk:rw] INFO:root:Version string: Zephyr-Kernel-16543.0.0
[brtk:rw] INFO:root:Writing header to /mnt/host/source/src/platform/ec/build/zephyr/brtk/build-rw/modules/ec/zephyr/include/ec_version.h
[brtk:rw] [251/395] Building C object modules/ec/zephyr/CMakeFiles/ec_shim.dir/shim/src/power_host_sleep_api.c.obj
[brtk:rw] [252/395] Building C object modules/ec/zephyr/CMakeFiles/ec_shim.dir/shim/src/sha256_hw.c.obj
[brtk:ro] [353/395] Building C object modules/ec/zephyr/CMakeFiles/ec_shim.dir/shim/src/hwtimer.c.obj
[brtk:ro] [354/395] Building C object modules/ec/zephyr/CMakeFiles/ec_shim.dir/shim/src/temp_sensors.c.obj
[brtk:ro] [355/395] Building C object modules/ec/zephyr/CMakeFiles/ec_shim.dir/shim/src/pwm_hc.c.obj
[brtk:ro] [356/395] Building C object modules/ec/zephyr/CMakeFiles/ec_shim.dir/shim/src/i2c.c.obj
[brtk:ro] [357/395] Building C object modules/ec/zephyr/CMakeFiles/ec_shim.dir/shim/src/usba.c.obj
[brtk:ro] [358/395] Building C object modules/ec/zephyr/CMakeFiles/ec_shim.dir/shim/src/tasks.c.obj
[brtk:rw] [253/395] Building C object zephyr/kernel/CMakeFiles/kernel.dir/main_weak.c.obj
[brtk:ro] [359/395] Building C object modules/ec/zephyr/CMakeFiles/ec_shim.dir/shim/src/watchdog.c.obj
[brtk:rw] [254/395] Building C object zephyr/kernel/CMakeFiles/kernel.dir/busy_wait.c.obj
[brtk:rw] [255/395] Building C object zephyr/kernel/CMakeFiles/kernel.dir/banner.c.obj
[brtk:rw] [256/395] Building C object CMakeFiles/app.dir/mnt/host/source/src/platform/ec/zephyr/subsys/ap_pwrseq/ap_events.c.obj
[brtk:ro] [360/395] Building C object zephyr/kernel/CMakeFiles/kernel.dir/main_weak.c.obj
[brtk:ro] [361/395] Building C object zephyr/kernel/CMakeFiles/kernel.dir/banner.c.obj
[brtk:rw] [257/395] Building C object CMakeFiles/app.dir/mnt/host/source/src/platform/ec/zephyr/subsys/ap_pwrseq/power_signals.c.obj
[brtk:ro] [362/395] Building C object modules/ec/zephyr/CMakeFiles/ec_shim.dir/shim/src/sha256_hw.c.obj
[brtk:rw] [258/395] Building C object CMakeFiles/app.dir/mnt/host/source/src/platform/ec/zephyr/subsys/ap_pwrseq/ap_power_interface.c.obj
[brtk:ro] [363/395] Building C object modules/ec/zephyr/CMakeFiles/ec_shim.dir/shim/src/power_host_sleep_api.c.obj
[brtk:ro] [364/395] Building C object zephyr/kernel/CMakeFiles/kernel.dir/busy_wait.c.obj
[brtk:ro] [365/395] Linking C static library modules/ec/zephyr/libec_shim.a
[brtk:ro] [366/395] Building C object zephyr/kernel/CMakeFiles/kernel.dir/device.c.obj
[brtk:ro] [367/395] Building C object zephyr/kernel/CMakeFiles/kernel.dir/errno.c.obj
[brtk:ro] [368/395] Building C object zephyr/kernel/CMakeFiles/kernel.dir/version.c.obj
[brtk:ro] [369/395] Building C object zephyr/kernel/CMakeFiles/kernel.dir/fatal.c.obj
[/mnt/host/source/src/platform/ec/build/zephyr/kaladin-lcov] stderr:
[brtk:rw] [259/395] Building C object CMakeFiles/app.dir/mnt/host/source/src/platform/ec/zephyr/subsys/ap_pwrseq/power_host_sleep.c.obj
[brtk:rw] [260/395] Building C object CMakeFiles/app.dir/mnt/host/source/src/platform/ec/zephyr/subsys/ap_pwrseq/signal_vw.c.obj
[brtk:rw] [261/395] Building C object CMakeFiles/app.dir/mnt/host/source/src/platform/ec/zephyr/subsys/ap_pwrseq/signal_gpio.c.obj
[brtk:rw] [262/395] Building C object CMakeFiles/app.dir/mnt/host/source/src/platform/ec/zephyr/subsys/ap_pwrseq/x86_non_dsx_common_pwrseq_sm_handler.c.obj
[brtk:ro] [370/395] Building C object zephyr/kernel/CMakeFiles/kernel.dir/kheap.c.obj
[brtk:ro] [371/395] Building C object zephyr/kernel/CMakeFiles/kernel.dir/init.c.obj
[brtk:ro] [372/395] Building C object zephyr/kernel/CMakeFiles/kernel.dir/float.c.obj
[brtk:ro] [373/395] Building C object zephyr/kernel/CMakeFiles/kernel.dir/idle.c.obj
[brtk:ro] [374/395] Building C object zephyr/kernel/CMakeFiles/kernel.dir/mailbox.c.obj
[brtk:rw] [263/395] Building C object CMakeFiles/app.dir/mnt/host/source/src/platform/ec/zephyr/subsys/ap_pwrseq/x86_non_dsx_chipset_power_state.c.obj
[/mnt/host/source/src/platform/ec/build/zephyr/kaladin-lcov]   /mnt/host/source/src/platform/ec/build/zephyr/kaladin/build-ro/modules/ec/zephyr/CMakeFiles/ec_shim.dir/shim/src/thermal.c.gcno:no functions found
[/mnt/host/source/src/platform/ec/build/zephyr/kaladin-lcov] stderr:
[brtk:ro] [375/395] Building C object zephyr/kernel/CMakeFiles/kernel.dir/mem_slab.c.obj
[brtk:rw] [264/395] Building C object CMakeFiles/app.dir/mnt/host/source/src/platform/ec/zephyr/subsys/ap_pwrseq/x86_non_dsx_common_pwrseq_host_sleep.c.obj
[brtk:ro] [376/395] Building C object zephyr/kernel/CMakeFiles/kernel.dir/msg_q.c.obj
[/mnt/host/source/src/platform/ec/build/zephyr/kaladin-lcov]   /mnt/host/source/src/platform/ec/build/zephyr/kaladin/build-ro/modules/ec/zephyr/CMakeFiles/ec_shim.dir/shim/src/battery.c.gcno:no functions found
[/mnt/host/source/src/platform/ec/build/zephyr/kaladin-lcov] stderr:
[brtk:ro] [377/395] Building C object zephyr/kernel/CMakeFiles/kernel.dir/mutex.c.obj
[brtk:rw] [265/395] Building C object CMakeFiles/app.dir/mnt/host/source/src/platform/ec/zephyr/subsys/ap_pwrseq/x86_non_dsx_common_pwrseq_console.c.obj
[brtk:rw] [266/395] Building C object CMakeFiles/app.dir/mnt/host/source/src/platform/ec/zephyr/subsys/ap_pwrseq/ap_reset_log.c.obj
[brtk:rw] [267/395] Building C object CMakeFiles/app.dir/mnt/host/source/src/platform/ec/zephyr/subsys/ap_pwrseq/x86_non_dsx_common_pwrseq_host_command.c.obj
[brtk:ro] [378/395] Building C object zephyr/kernel/CMakeFiles/kernel.dir/system_work_q.c.obj
[brtk:ro] [379/395] Building C object zephyr/kernel/CMakeFiles/kernel.dir/queue.c.obj
[brtk:ro] [380/395] Building C object zephyr/kernel/CMakeFiles/kernel.dir/sem.c.obj
[brtk:rw] [268/395] Building C object CMakeFiles/app.dir/mnt/host/source/src/platform/ec/zephyr/subsys/ap_pwrseq/x86_non_dsx_adlp_pwrseq_sm.c.obj
[brtk:ro] [381/395] Building C object zephyr/kernel/CMakeFiles/kernel.dir/condvar.c.obj
[brtk:ro] [382/395] Building C object zephyr/kernel/CMakeFiles/kernel.dir/stack.c.obj
[brtk:ro] [383/395] Building C object zephyr/kernel/CMakeFiles/kernel.dir/work.c.obj
[brtk:rw] [269/395] Building C object CMakeFiles/app.dir/mnt/host/source/src/platform/ec/zephyr/subsys/pd_controller/pdc_pmc_debug.c.obj
[brtk:ro] [384/395] Building C object zephyr/kernel/CMakeFiles/kernel.dir/thread.c.obj
[brtk:rw] [270/395] Building C object CMakeFiles/app.dir/mnt/host/source/src/platform/ec/zephyr/subsys/pd_controller/retimer_fw_update.c.obj
[brtk:ro] [385/395] Building C object zephyr/kernel/CMakeFiles/kernel.dir/spinlock_validate.c.obj
[/mnt/host/source/src/platform/ec/build/zephyr/kaladin-lcov]   /mnt/host/source/src/platform/ec/build/zephyr/kaladin/build-ro/modules/ec/zephyr/CMakeFiles/ec_shim.dir/shim/src/charger.c.gcno:no functions found
[/mnt/host/source/src/platform/ec/build/zephyr/kaladin-lcov] stderr:
[brtk:ro] [386/395] Building C object zephyr/kernel/CMakeFiles/kernel.dir/thread_monitor.c.obj
[brtk:ro] [387/395] Building C object zephyr/kernel/CMakeFiles/kernel.dir/sched.c.obj
[brtk:ro] [388/395] Building C object zephyr/kernel/CMakeFiles/kernel.dir/pipe.c.obj
[brtk:rw] [271/395] Building C object CMakeFiles/app.dir/mnt/host/source/src/platform/ec/zephyr/subsys/pd_controller/pdc_console.c.obj
[brtk:ro] [389/395] Building C object zephyr/kernel/CMakeFiles/kernel.dir/timeout.c.obj
[brtk:rw] [272/395] Building C object CMakeFiles/app.dir/mnt/host/source/src/platform/ec/zephyr/subsys/pd_controller/pdc_stub.c.obj
[brtk:rw] [273/395] Building C object CMakeFiles/app.dir/mnt/host/source/src/platform/ec/zephyr/subsys/pd_controller/pdc_host_cmd.c.obj
[brtk:ro] [390/395] Building C object zephyr/kernel/CMakeFiles/kernel.dir/timer.c.obj
[brtk:ro] [391/395] Building C object zephyr/kernel/CMakeFiles/kernel.dir/poll.c.obj
[brtk:ro] [392/395] Building C object zephyr/kernel/CMakeFiles/kernel.dir/events.c.obj
[brtk:rw] [274/395] Building C object CMakeFiles/app.dir/mnt/host/source/src/platform/ec/zephyr/subsys/pd_controller/pdc_dpm.c.obj
[brtk:ro] [393/395] Building C object zephyr/kernel/CMakeFiles/kernel.dir/mempool.c.obj
[brtk:ro] [394/395] Building C object zephyr/kernel/CMakeFiles/kernel.dir/dynamic_disabled.c.obj
[brtk:ro] [395/395] Linking C static library zephyr/kernel/libkernel.a
[brtk:rw] [275/395] Building C object CMakeFiles/app.dir/mnt/host/source/src/platform/ec/zephyr/subsys/pd_controller/pdc_power_mgmt.c.obj
[brtk:rw] [276/395] Building C object CMakeFiles/app.dir/mnt/host/source/src/platform/ec/zephyr/subsys/pd_controller/pdc_trace_msg.c.obj
[brtk:rw] [277/395] Building C object CMakeFiles/app.dir/mnt/host/source/src/platform/ec/zephyr/subsys/ucsi/ppm_common.c.obj
[brtk:rw] [278/395] Building C object CMakeFiles/app.dir/mnt/host/source/src/platform/ec/build/zephyr/brtk/modules/ec/builtin/stdlib.c.obj
[brtk:rw] [279/395] Building C object CMakeFiles/app.dir/mnt/host/source/src/platform/ec/build/zephyr/brtk/modules/ec/common/base32.c.obj
[brtk:rw] [280/395] Building C object CMakeFiles/app.dir/mnt/host/source/src/platform/ec/zephyr/subsys/ucsi/ucsi_host_cmd.c.obj
[brtk:rw] [281/395] Building C object CMakeFiles/app.dir/mnt/host/source/src/platform/ec/build/zephyr/brtk/modules/ec/common/console_output.c.obj
[brtk:rw] [282/395] Building C object CMakeFiles/app.dir/mnt/host/source/src/platform/ec/zephyr/subsys/ucsi/ppm_driver.c.obj
[brtk:rw] [283/395] Building C object CMakeFiles/app.dir/mnt/host/source/src/platform/ec/build/zephyr/brtk/modules/ec/common/ec_features.c.obj
[brtk:rw] [284/395] Building C object CMakeFiles/app.dir/mnt/host/source/src/platform/ec/build/zephyr/brtk/modules/ec/common/gpio_commands.c.obj
[brtk:rw] [285/395] Building C object CMakeFiles/app.dir/mnt/host/source/src/platform/ec/zephyr/subsys/ucsi/ppm_console.c.obj
[brtk:rw] [286/395] Building C object CMakeFiles/app.dir/mnt/host/source/src/platform/ec/build/zephyr/brtk/modules/ec/common/peripheral.c.obj
[brtk:rw] [287/395] Building C object CMakeFiles/app.dir/mnt/host/source/src/platform/ec/build/zephyr/brtk/modules/ec/common/printf.c.obj
[brtk:rw] [288/395] Building C object CMakeFiles/app.dir/mnt/host/source/src/platform/ec/build/zephyr/brtk/modules/ec/common/queue.c.obj
[brtk:rw] [289/395] Building C object CMakeFiles/app.dir/mnt/host/source/src/platform/ec/build/zephyr/brtk/modules/ec/common/system_boot_time.c.obj
[brtk:rw] [290/395] Building C object CMakeFiles/app.dir/mnt/host/source/src/platform/ec/build/zephyr/brtk/modules/ec/common/uart_printf.c.obj
[brtk:rw] [291/395] Building C object CMakeFiles/app.dir/mnt/host/source/src/platform/ec/build/zephyr/brtk/modules/ec/common/util.c.obj
[/mnt/host/source/src/platform/ec/build/zephyr/kaladin-lcov]   /mnt/host/source/src/platform/ec/build/zephyr/kaladin/build-ro/modules/ec/zephyr/CMakeFiles/ec_shim.dir/shim/src/usba.c.gcno:no functions found
[/mnt/host/source/src/platform/ec/build/zephyr/kaladin-lcov] stderr:
[brtk:rw] [292/395] Building C object CMakeFiles/app.dir/mnt/host/source/src/platform/ec/build/zephyr/brtk/modules/ec/common/system.c.obj
[brtk:rw] [293/395] Building C object CMakeFiles/app.dir/mnt/host/source/src/platform/ec/build/zephyr/brtk/modules/ec/common/power_button_x86.c.obj
[/mnt/host/source/src/platform/ec/build/zephyr/ptlrvp_mchp-lcov]   /mnt/host/source/src/platform/ec/build/zephyr/ptlrvp_mchp/build-ro/CMakeFiles/app.dir/mnt/host/source/src/platform/ec/build/zephyr/ptlrvp_mchp/modules/ec/common/cbi_config.c.gcno:no functions found
[/mnt/host/source/src/platform/ec/build/zephyr/ptlrvp_mchp-lcov] stderr:
[brtk:rw] [294/395] Building C object CMakeFiles/app.dir/mnt/host/source/src/platform/ec/build/zephyr/brtk/modules/ec/common/version.c.obj
[brtk:rw] [295/395] Building C object CMakeFiles/app.dir/mnt/host/source/src/platform/ec/build/zephyr/brtk/modules/ec/driver/accel_bma4xx.c.obj
[brtk:rw] [296/395] Building C object CMakeFiles/app.dir/mnt/host/source/src/platform/ec/build/zephyr/brtk/modules/ec/common/backlight_lid.c.obj
[brtk:rw] [297/395] Building C object CMakeFiles/app.dir/mnt/host/source/src/platform/ec/build/zephyr/brtk/modules/ec/common/adc.c.obj
[brtk:rw] [298/395] Building C object CMakeFiles/app.dir/mnt/host/source/src/platform/ec/build/zephyr/brtk/modules/ec/common/motion_sense_fifo.c.obj
[brtk:rw] [299/395] Building C object CMakeFiles/app.dir/mnt/host/source/src/platform/ec/build/zephyr/brtk/modules/ec/common/acpi.c.obj
[brtk:rw] [300/395] Building C object CMakeFiles/app.dir/mnt/host/source/src/platform/ec/build/zephyr/brtk/modules/ec/common/battery_info.c.obj
[brtk:rw] [301/395] Building C object CMakeFiles/app.dir/mnt/host/source/src/platform/ec/build/zephyr/brtk/modules/ec/common/battery_fuel_gauge.c.obj
[brtk:rw] [302/395] Building C object CMakeFiles/app.dir/mnt/host/source/src/platform/ec/build/zephyr/brtk/modules/ec/common/battery.c.obj
[brtk:rw] [303/395] Building C object CMakeFiles/app.dir/mnt/host/source/src/platform/ec/build/zephyr/brtk/modules/ec/driver/battery/smart.c.obj
[brtk:rw] [304/395] Building C object CMakeFiles/app.dir/mnt/host/source/src/platform/ec/build/zephyr/brtk/modules/ec/common/charger.c.obj
[brtk:rw] [305/395] Building C object CMakeFiles/app.dir/mnt/host/source/src/platform/ec/build/zephyr/brtk/modules/ec/driver/charger/isl923x.c.obj
[/mnt/host/source/src/platform/ec/build/zephyr/ptlrvp_mchp-lcov]   /mnt/host/source/src/platform/ec/build/zephyr/ptlrvp_mchp/build-ro/CMakeFiles/app.dir/src/intel_rvp_board_id.c.gcno:no functions found
[/mnt/host/source/src/platform/ec/build/zephyr/ptlrvp_mchp-lcov] stderr:
[brtk:rw] [306/395] Building C object CMakeFiles/app.dir/mnt/host/source/src/platform/ec/build/zephyr/brtk/modules/ec/common/cbi_common.c.obj
[brtk:rw] [307/395] Building C object CMakeFiles/app.dir/mnt/host/source/src/platform/ec/build/zephyr/brtk/modules/ec/common/charge_state.c.obj
[brtk:rw] [308/395] Building C object CMakeFiles/app.dir/mnt/host/source/src/platform/ec/build/zephyr/brtk/modules/ec/common/cbi.c.obj
[brtk:rw] [309/395] Building C object CMakeFiles/app.dir/mnt/host/source/src/platform/ec/build/zephyr/brtk/modules/ec/common/memory_commands.c.obj
[brtk:rw] [310/395] Building C object CMakeFiles/app.dir/mnt/host/source/src/platform/ec/build/zephyr/brtk/modules/ec/common/cbi_config.c.obj
[brtk:rw] [311/395] Building C object CMakeFiles/app.dir/mnt/host/source/src/platform/ec/build/zephyr/brtk/modules/ec/common/ap_reset_log.c.obj
[brtk:rw] [312/395] Building C object CMakeFiles/app.dir/mnt/host/source/src/platform/ec/build/zephyr/brtk/modules/ec/common/espi.c.obj
[/mnt/host/source/src/platform/ec/build/zephyr/kaladin-lcov]   /mnt/host/source/src/platform/ec/build/zephyr/kaladin/build-ro/modules/ec/zephyr/CMakeFiles/ec_shim.dir/drivers/keyboard_input/keyboard_customization_check.c.gcno:no functions found
[/mnt/host/source/src/platform/ec/build/zephyr/kaladin-lcov] stderr:
[brtk:rw] [313/395] Building C object CMakeFiles/app.dir/mnt/host/source/src/platform/ec/build/zephyr/brtk/modules/ec/common/dptf.c.obj
[brtk:rw] [314/395] Building C object CMakeFiles/app.dir/mnt/host/source/src/platform/ec/build/zephyr/brtk/modules/ec/common/charge_manager.c.obj
[brtk:rw] [315/395] Building C object CMakeFiles/app.dir/mnt/host/source/src/platform/ec/build/zephyr/brtk/modules/ec/common/extpower_common.c.obj
[brtk:rw] [316/395] Building C object CMakeFiles/app.dir/mnt/host/source/src/platform/ec/build/zephyr/brtk/modules/ec/common/extpower_gpio.c.obj
[brtk:rw] [317/395] Building C object CMakeFiles/app.dir/mnt/host/source/src/platform/ec/build/zephyr/brtk/modules/ec/common/flash.c.obj
[brtk:rw] [318/395] Building C object CMakeFiles/app.dir/mnt/host/source/src/platform/ec/build/zephyr/brtk/modules/ec/common/host_command.c.obj
[brtk:rw] [319/395] Building C object CMakeFiles/app.dir/mnt/host/source/src/platform/ec/build/zephyr/brtk/modules/ec/common/fan.c.obj
[brtk:rw] [320/395] Building C object CMakeFiles/app.dir/mnt/host/source/src/platform/ec/build/zephyr/brtk/modules/ec/common/host_command_task.c.obj
[brtk:rw] [321/395] Building C object CMakeFiles/app.dir/mnt/host/source/src/platform/ec/build/zephyr/brtk/modules/ec/common/uart_hostcmd.c.obj
[brtk:rw] [322/395] Building C object CMakeFiles/app.dir/mnt/host/source/src/platform/ec/build/zephyr/brtk/modules/ec/common/uptime.c.obj
[brtk:rw] [323/395] Building C object CMakeFiles/app.dir/mnt/host/source/src/platform/ec/build/zephyr/brtk/modules/ec/common/host_event_commands.c.obj
[brtk:rw] [324/395] Building C object CMakeFiles/app.dir/mnt/host/source/src/platform/ec/build/zephyr/brtk/modules/ec/common/keyboard_8042_sharedlib.c.obj
[brtk:rw] [325/395] Building C object CMakeFiles/app.dir/mnt/host/source/src/platform/ec/build/zephyr/brtk/modules/ec/common/i2c_passthru.c.obj
[brtk:rw] [326/395] Building C object CMakeFiles/app.dir/mnt/host/source/src/platform/ec/build/zephyr/brtk/modules/ec/common/i2c_controller.c.obj
[brtk:rw] [327/395] Building C object CMakeFiles/app.dir/mnt/host/source/src/platform/ec/build/zephyr/brtk/modules/ec/common/mkbp_fifo.c.obj
[brtk:rw] [328/395] Building C object CMakeFiles/app.dir/mnt/host/source/src/platform/ec/build/zephyr/brtk/modules/ec/common/keyboard_8042.c.obj
[brtk:rw] [329/395] Building C object CMakeFiles/app.dir/mnt/host/source/src/platform/ec/build/zephyr/brtk/modules/ec/common/mkbp_info.c.obj
[brtk:rw] [330/395] Building C object CMakeFiles/app.dir/mnt/host/source/src/platform/ec/build/zephyr/brtk/modules/ec/common/mkbp_input_devices.c.obj
[brtk:rw] [331/395] Building C object CMakeFiles/app.dir/mnt/host/source/src/platform/ec/build/zephyr/brtk/modules/ec/common/led_common.c.obj
[/mnt/host/source/src/platform/ec/build/zephyr/ptlrvp_mchp-lcov]   /mnt/host/source/src/platform/ec/build/zephyr/ptlrvp_mchp/build-ro/zephyr/arch/arch/arm/core/mpu/CMakeFiles/arch__arm__core__mpu.dir/arm_mpu_regions.c.gcno:no functions found
[/mnt/host/source/src/platform/ec/build/zephyr/ptlrvp_mchp-lcov] stderr:
[brtk:rw] [332/395] Building C object CMakeFiles/app.dir/mnt/host/source/src/platform/ec/build/zephyr/brtk/modules/ec/common/lid_angle.c.obj
[brtk:rw] [333/395] Building C object CMakeFiles/app.dir/mnt/host/source/src/platform/ec/build/zephyr/brtk/modules/ec/common/lid_angle_keyboard_policy.c.obj
[brtk:rw] [334/395] Building C object CMakeFiles/app.dir/mnt/host/source/src/platform/ec/build/zephyr/brtk/modules/ec/common/keyboard_backlight.c.obj
[brtk:rw] [335/395] Building C object CMakeFiles/app.dir/mnt/host/source/src/platform/ec/build/zephyr/brtk/modules/ec/common/lid_switch.c.obj
[brtk:rw] [336/395] Building C object CMakeFiles/app.dir/mnt/host/source/src/platform/ec/build/zephyr/brtk/modules/ec/common/motion_lid.c.obj
[brtk:rw] [337/395] Building C object CMakeFiles/app.dir/mnt/host/source/src/platform/ec/build/zephyr/brtk/modules/ec/common/mkbp_event.c.obj
[brtk:rw] [338/395] Building C object CMakeFiles/app.dir/mnt/host/source/src/platform/ec/build/zephyr/brtk/modules/ec/common/port80.c.obj
[brtk:rw] [339/395] Building C object CMakeFiles/app.dir/mnt/host/source/src/platform/ec/build/zephyr/brtk/modules/ec/power/hibernate.c.obj
[brtk:rw] [340/395] Building C object CMakeFiles/app.dir/mnt/host/source/src/platform/ec/build/zephyr/brtk/modules/ec/common/switch.c.obj
[brtk:rw] [341/395] Building C object CMakeFiles/app.dir/mnt/host/source/src/platform/ec/build/zephyr/brtk/modules/ec/common/power_button.c.obj
[brtk:rw] [342/395] Building C object CMakeFiles/app.dir/mnt/host/source/src/platform/ec/build/zephyr/brtk/modules/ec/common/motion_sense.c.obj
[brtk:rw] [343/395] Building C object CMakeFiles/app.dir/mnt/host/source/src/platform/ec/build/zephyr/brtk/modules/ec/common/panic_output.c.obj
[brtk:rw] [344/395] Building C object CMakeFiles/app.dir/mnt/host/source/src/platform/ec/build/zephyr/brtk/modules/ec/common/shared_mem.c.obj
[/mnt/host/source/src/platform/ec/build/zephyr/kaladin-lcov]   /mnt/host/source/src/platform/ec/build/zephyr/kaladin/build-ro/modules/ec/zephyr/drivers/pw_transport/CMakeFiles/pw_transport.proto.nanopb.dir/pw_transport.proto/nanopb/pw_transport/proto/transport.pb.c.gcno:no functions found
[/mnt/host/source/src/platform/ec/build/zephyr/kaladin-lcov] stderr:
[brtk:rw] [345/395] Building C object CMakeFiles/app.dir/mnt/host/source/src/platform/ec/build/zephyr/brtk/modules/ec/common/spi_flash_reg.c.obj
[brtk:rw] [346/395] Building C object CMakeFiles/app.dir/mnt/host/source/src/platform/ec/build/zephyr/brtk/modules/ec/common/timer.c.obj
[brtk:rw] [347/395] Building C object CMakeFiles/app.dir/mnt/host/source/src/platform/ec/build/zephyr/brtk/modules/ec/common/temp_sensor.c.obj
[brtk:rw] [348/395] Building C object CMakeFiles/app.dir/mnt/host/source/src/platform/ec/build/zephyr/brtk/modules/ec/common/thermal.c.obj
[brtk:rw] [349/395] Building C object CMakeFiles/app.dir/mnt/host/source/src/platform/ec/build/zephyr/brtk/modules/ec/driver/temp_sensor/thermistor.c.obj
[brtk:rw] [350/395] Building C object CMakeFiles/app.dir/mnt/host/source/src/platform/ec/build/zephyr/brtk/modules/ec/common/tablet_mode.c.obj
[brtk:rw] [351/395] Building C object CMakeFiles/app.dir/mnt/host/source/src/platform/ec/build/zephyr/brtk/modules/ec/common/usbc_utils.c.obj
[/mnt/host/source/src/platform/ec/build/zephyr/ptlrvp_mchp-lcov]   /mnt/host/source/src/platform/ec/build/zephyr/ptlrvp_mchp/build-ro/zephyr/arch/common/CMakeFiles/isr_tables.dir/isr_tables.c.gcno:no functions found
[/mnt/host/source/src/platform/ec/build/zephyr/ptlrvp_mchp-lcov] stderr:
[brtk:rw] [352/395] Building C object CMakeFiles/app.dir/mnt/host/source/src/platform/ec/build/zephyr/brtk/modules/ec/common/usb_pd_host_cmd_common.c.obj
[brtk:rw] [353/395] Linking C static library modules/ec/zephyr/libec_shim.a
[brtk:rw] [354/395] Building C object CMakeFiles/app.dir/mnt/host/source/src/platform/ec/build/zephyr/brtk/modules/ec/common/usb_port_power_dumb.c.obj
[brtk:rw] [355/395] Building C object CMakeFiles/app.dir/mnt/host/source/src/platform/ec/build/zephyr/brtk/modules/ec/common/vboot_hash.c.obj
[brtk:rw] [356/395] Building C object CMakeFiles/app.dir/mnt/host/source/src/platform/ec/build/zephyr/brtk/modules/ec/common/button.c.obj
[brtk:rw] [357/395] Building C object CMakeFiles/app.dir/mnt/host/source/src/platform/ec/build/zephyr/brtk/modules/ec/common/vboot/efs2.c.obj
[brtk:rw] [358/395] Building C object CMakeFiles/app.dir/mnt/host/source/src/platform/ec/build/zephyr/brtk/modules/ec/common/vstore.c.obj
[brtk:rw] [359/395] Building C object CMakeFiles/app.dir/mnt/host/source/src/platform/ec/build/zephyr/brtk/modules/ec/common/usb_common.c.obj
[brtk:rw] [360/395] Building C object CMakeFiles/app.dir/mnt/host/source/src/platform/ec/build/zephyr/brtk/modules/ec/common/math_util.c.obj
[brtk:rw] [361/395] Building C object zephyr/kernel/CMakeFiles/kernel.dir/version.c.obj
[brtk:rw] [362/395] Building C object CMakeFiles/app.dir/src/suspend_resume.c.obj
[brtk:rw] [363/395] Building C object CMakeFiles/app.dir/src/usbc.c.obj
[brtk:rw] [364/395] Building C object zephyr/kernel/CMakeFiles/kernel.dir/device.c.obj
[brtk:rw] [365/395] Building C object zephyr/kernel/CMakeFiles/kernel.dir/errno.c.obj
[brtk:rw] [366/395] Building C object CMakeFiles/app.dir/src/hibernate.c.obj
[brtk:rw] [367/395] Building C object CMakeFiles/app.dir/src/board_power.c.obj
[brtk:rw] [368/395] Building C object zephyr/kernel/CMakeFiles/kernel.dir/fatal.c.obj
[brtk:rw] [369/395] Building C object zephyr/kernel/CMakeFiles/kernel.dir/init.c.obj
[brtk:rw] [370/395] Building C object zephyr/kernel/CMakeFiles/kernel.dir/kheap.c.obj
[brtk:rw] [371/395] Linking C static library app/libapp.a
[brtk:rw] [372/395] Building C object zephyr/kernel/CMakeFiles/kernel.dir/float.c.obj
[brtk:rw] [373/395] Building C object zephyr/kernel/CMakeFiles/kernel.dir/mem_slab.c.obj
[brtk:rw] [374/395] Building C object zephyr/kernel/CMakeFiles/kernel.dir/idle.c.obj
[brtk:rw] [375/395] Building C object zephyr/kernel/CMakeFiles/kernel.dir/mailbox.c.obj
[brtk:rw] [376/395] Building C object zephyr/kernel/CMakeFiles/kernel.dir/msg_q.c.obj
[brtk:rw] [377/395] Building C object zephyr/kernel/CMakeFiles/kernel.dir/sem.c.obj
[brtk:rw] [378/395] Building C object zephyr/kernel/CMakeFiles/kernel.dir/system_work_q.c.obj
[brtk:rw] [379/395] Building C object zephyr/kernel/CMakeFiles/kernel.dir/stack.c.obj
[brtk:rw] [380/395] Building C object zephyr/kernel/CMakeFiles/kernel.dir/mutex.c.obj
[brtk:rw] [381/395] Building C object zephyr/kernel/CMakeFiles/kernel.dir/queue.c.obj
Running (initial) lcov on /mnt/host/source/src/platform/ec/build/zephyr/roach.
[brtk:rw] [382/395] Building C object zephyr/kernel/CMakeFiles/kernel.dir/spinlock_validate.c.obj
[brtk:rw] [383/395] Building C object zephyr/kernel/CMakeFiles/kernel.dir/condvar.c.obj
Toolchain <zmake.toolchains.CorebootSdkToolchain object at 0x7f4120440b50> selected by probe function.
[kyogre] Building in /mnt/host/source/src/platform/ec/build/zephyr/kyogre.
[kyogre:rw] Configuring.
Running `env -i PYTHONPATH=/usr/lib64/python-exec/python3.11:/mnt/host/source/src/platform/ec/zephyr/zmake:/usr/lib/python311.zip:/usr/lib/python3.11:/usr/lib/python3.11/lib-dynload:/usr/lib/python3.11/site-packages PW_PIGWEED_CIPD_INSTALL_DIR=/usr CROSTC_USER_ACKNOWLEDGES_THAT_RISCV_IS_EXPERIMENTAL=1 PATH=/mnt/host/source/chromite/bin:/usr/local/bin:/usr/bin:/bin:/opt/bin:/mnt/host/source/chromite/sdk/bin:/mnt/host/source/chromite/bin HOME=/home/jpmurphy JAVA_HOME=/etc/java-config-2/current-system-vm JDK_HOME=/etc/java-config-2/current-system-vm JAVAC=/etc/java-config-2/current-system-vm/bin/javac MAKEFLAGS=' -j16 --jobserver-auth=5,6' /usr/bin/cmake -S /mnt/host/source/src/platform/ec/zephyr/program/corsola -B /mnt/host/source/src/platform/ec/build/zephyr/kyogre/build-rw -GNinja -DCMAKE_EXPORT_COMPILE_COMMANDS=ON -DZEPHYR_BASE=/mnt/host/source/src/third_party/zephyr/main -DZMAKE_INCLUDE_DIR=/mnt/host/source/src/platform/ec/build/zephyr/kyogre/include -DPython3_EXECUTABLE=/usr/bin/python3.11 -DDTS_ROOT=/mnt/host/source/src/platform/ec/zephyr -DSYSCALL_INCLUDE_DIRS=/mnt/host/source/src/platform/ec/zephyr/include/drivers -DUSER_CACHE_DIR=/mnt/host/source/src/platform/ec/build/zephyr/user-cache '-DEXTRA_EC_VERSION_FLAGS=--version 16543.0.0 --static' -DTOOLCHAIN_ROOT=/mnt/host/source/src/platform/ec/zephyr -DCOREBOOT_SDK_ROOT_x86=/home/jpmurphy/.cache/coreboot-sdk/i386-elf/dfbb0486385d938cfa9d73080b9d18d598ed4f49 -DCOREBOOT_SDK_ROOT_picolibc_x86=/home/jpmurphy/.cache/coreboot-sdk/picolibc-i386-elf/eb8e8e687b95461de8cbf278f1c2076952d0ad17 -DCOREBOOT_SDK_ROOT_riscv64=/home/jpmurphy/.cache/coreboot-sdk/riscv64-elf/96b949749225b6aaa92ed810ab769e8dfb12f000 -DCOREBOOT_SDK_ROOT_picolibc_arm=/home/jpmurphy/.cache/coreboot-sdk/picolibc-arm-eabi/422a2aa3e1ef891b5bece9a3deb696ff83840d2e -DCOREBOOT_SDK_ROOT_nds32=/home/jpmurphy/.cache/coreboot-sdk/nds32le-elf/d1a518c4a097666d86058e1444f85ca015d15511 -DCOREBOOT_SDK_ROOT_picolibc_riscv64=/home/jpmurphy/.cache/coreboot-sdk/picolibc-riscv64-elf/f571e990ef0278564b31124f8bb109d9a697eb69 -DCOREBOOT_SDK_ROOT_arm=/home/jpmurphy/.cache/coreboot-sdk/arm-eabi/ea40ddd1d190c3b48435c474c0b545719371813a -DCOREBOOT_SDK_ROOT_libstdcxx_riscv64=/home/jpmurphy/.cache/coreboot-sdk/libstdcxx-riscv64-elf/17abf22a3a252e2d5d2062ced5324f7a623689e0 -DCOREBOOT_SDK_ROOT_libstdcxx_arm=/home/jpmurphy/.cache/coreboot-sdk/libstdcxx-arm-eabi/5d7d82e150e44aa1968f1d366e267e6687b328ac -DCOREBOOT_SDK_ROOT_riscv=/home/jpmurphy/.cache/coreboot-sdk/riscv-elf/9a27b9e82341c6e9126624f516ab3f261abb3e73 -DCOREBOOT_SDK_ROOT_libstdcxx_x86=/home/jpmurphy/.cache/coreboot-sdk/libstdcxx-i386-elf/42ef9d2e87a76a37963175d7d428734e65648b87 -DZEPHYR_TOOLCHAIN_VARIANT=coreboot-sdk '-DZEPHYR_MODULES=/mnt/host/source/src/platform/ec/build/zephyr/kyogre/modules/cmsis;/mnt/host/source/src/platform/ec/build/zephyr/kyogre/modules/cmsis_6;/mnt/host/source/src/platform/ec/build/zephyr/kyogre/modules/ec' -DDTC_OVERLAY_FILE=/mnt/host/source/src/platform/ec/zephyr/program/corsola/kyogre/project.overlay -DBOARD=npcx9/npcx9m3f -DCMAKE_C_FLAGS=-DSECTION_IS_RW '-DCONF_FILE=/mnt/host/source/src/platform/ec/zephyr/program/corsola/program.conf;/mnt/host/source/src/platform/ec/zephyr/program/corsola/npcx_program.conf;/mnt/host/source/src/platform/ec/zephyr/program/corsola/kyogre/project.conf;/mnt/host/source/src/platform/ec/build/zephyr/kyogre/kconfig-rw.conf'`
[kyogre:ro] Configuring.
Running `env -i PYTHONPATH=/usr/lib64/python-exec/python3.11:/mnt/host/source/src/platform/ec/zephyr/zmake:/usr/lib/python311.zip:/usr/lib/python3.11:/usr/lib/python3.11/lib-dynload:/usr/lib/python3.11/site-packages PW_PIGWEED_CIPD_INSTALL_DIR=/usr CROSTC_USER_ACKNOWLEDGES_THAT_RISCV_IS_EXPERIMENTAL=1 PATH=/mnt/host/source/chromite/bin:/usr/local/bin:/usr/bin:/bin:/opt/bin:/mnt/host/source/chromite/sdk/bin:/mnt/host/source/chromite/bin HOME=/home/jpmurphy JAVA_HOME=/etc/java-config-2/current-system-vm JDK_HOME=/etc/java-config-2/current-system-vm JAVAC=/etc/java-config-2/current-system-vm/bin/javac MAKEFLAGS=' -j16 --jobserver-auth=5,6' /usr/bin/cmake -S /mnt/host/source/src/platform/ec/zephyr/program/corsola -B /mnt/host/source/src/platform/ec/build/zephyr/kyogre/build-ro -GNinja -DCMAKE_EXPORT_COMPILE_COMMANDS=ON -DZEPHYR_BASE=/mnt/host/source/src/third_party/zephyr/main -DZMAKE_INCLUDE_DIR=/mnt/host/source/src/platform/ec/build/zephyr/kyogre/include -DPython3_EXECUTABLE=/usr/bin/python3.11 -DDTS_ROOT=/mnt/host/source/src/platform/ec/zephyr -DSYSCALL_INCLUDE_DIRS=/mnt/host/source/src/platform/ec/zephyr/include/drivers -DUSER_CACHE_DIR=/mnt/host/source/src/platform/ec/build/zephyr/user-cache '-DEXTRA_EC_VERSION_FLAGS=--version 16543.0.0 --static' -DTOOLCHAIN_ROOT=/mnt/host/source/src/platform/ec/zephyr -DCOREBOOT_SDK_ROOT_x86=/home/jpmurphy/.cache/coreboot-sdk/i386-elf/dfbb0486385d938cfa9d73080b9d18d598ed4f49 -DCOREBOOT_SDK_ROOT_picolibc_x86=/home/jpmurphy/.cache/coreboot-sdk/picolibc-i386-elf/eb8e8e687b95461de8cbf278f1c2076952d0ad17 -DCOREBOOT_SDK_ROOT_riscv64=/home/jpmurphy/.cache/coreboot-sdk/riscv64-elf/96b949749225b6aaa92ed810ab769e8dfb12f000 -DCOREBOOT_SDK_ROOT_picolibc_arm=/home/jpmurphy/.cache/coreboot-sdk/picolibc-arm-eabi/422a2aa3e1ef891b5bece9a3deb696ff83840d2e -DCOREBOOT_SDK_ROOT_nds32=/home/jpmurphy/.cache/coreboot-sdk/nds32le-elf/d1a518c4a097666d86058e1444f85ca015d15511 -DCOREBOOT_SDK_ROOT_picolibc_riscv64=/home/jpmurphy/.cache/coreboot-sdk/picolibc-riscv64-elf/f571e990ef0278564b31124f8bb109d9a697eb69 -DCOREBOOT_SDK_ROOT_arm=/home/jpmurphy/.cache/coreboot-sdk/arm-eabi/ea40ddd1d190c3b48435c474c0b545719371813a -DCOREBOOT_SDK_ROOT_libstdcxx_riscv64=/home/jpmurphy/.cache/coreboot-sdk/libstdcxx-riscv64-elf/17abf22a3a252e2d5d2062ced5324f7a623689e0 -DCOREBOOT_SDK_ROOT_libstdcxx_arm=/home/jpmurphy/.cache/coreboot-sdk/libstdcxx-arm-eabi/5d7d82e150e44aa1968f1d366e267e6687b328ac -DCOREBOOT_SDK_ROOT_riscv=/home/jpmurphy/.cache/coreboot-sdk/riscv-elf/9a27b9e82341c6e9126624f516ab3f261abb3e73 -DCOREBOOT_SDK_ROOT_libstdcxx_x86=/home/jpmurphy/.cache/coreboot-sdk/libstdcxx-i386-elf/42ef9d2e87a76a37963175d7d428734e65648b87 -DZEPHYR_TOOLCHAIN_VARIANT=coreboot-sdk '-DZEPHYR_MODULES=/mnt/host/source/src/platform/ec/build/zephyr/kyogre/modules/cmsis;/mnt/host/source/src/platform/ec/build/zephyr/kyogre/modules/cmsis_6;/mnt/host/source/src/platform/ec/build/zephyr/kyogre/modules/ec' -DDTC_OVERLAY_FILE=/mnt/host/source/src/platform/ec/zephyr/program/corsola/kyogre/project.overlay -DBOARD=npcx9/npcx9m3f -DCMAKE_C_FLAGS=-DSECTION_IS_RO '-DCONF_FILE=/mnt/host/source/src/platform/ec/zephyr/program/corsola/program.conf;/mnt/host/source/src/platform/ec/zephyr/program/corsola/npcx_program.conf;/mnt/host/source/src/platform/ec/zephyr/program/corsola/kyogre/project.conf;/mnt/host/source/src/platform/ec/build/zephyr/kyogre/kconfig-ro.conf'`
[brtk:rw] [384/395] Building C object zephyr/kernel/CMakeFiles/kernel.dir/thread.c.obj
[kyogre:rw] Loading Zephyr default modules (Zephyr base (cached)).
[kyogre:rw] -- Application: /mnt/host/source/src/platform/ec/zephyr/program/corsola
[kyogre:rw] -- CMake version: 3.31.7
[kyogre:ro] Loading Zephyr default modules (Zephyr base (cached)).
[kyogre:ro] -- Application: /mnt/host/source/src/platform/ec/zephyr/program/corsola
[kyogre:ro] -- CMake version: 3.31.7
Running (initial) lcov on /mnt/host/source/src/platform/ec/build/zephyr/fatcatrvp-npcx.
[brtk:rw] [385/395] Building C object zephyr/kernel/CMakeFiles/kernel.dir/sched.c.obj
[pujjogatwin:ro] Configuring.
Running `env -i PYTHONPATH=/usr/lib64/python-exec/python3.11:/mnt/host/source/src/platform/ec/zephyr/zmake:/usr/lib/python311.zip:/usr/lib/python3.11:/usr/lib/python3.11/lib-dynload:/usr/lib/python3.11/site-packages PW_PIGWEED_CIPD_INSTALL_DIR=/usr CROSTC_USER_ACKNOWLEDGES_THAT_RISCV_IS_EXPERIMENTAL=1 PATH=/mnt/host/source/chromite/bin:/usr/local/bin:/usr/bin:/bin:/opt/bin:/mnt/host/source/chromite/sdk/bin:/mnt/host/source/chromite/bin HOME=/home/jpmurphy JAVA_HOME=/etc/java-config-2/current-system-vm JDK_HOME=/etc/java-config-2/current-system-vm JAVAC=/etc/java-config-2/current-system-vm/bin/javac MAKEFLAGS=' -j16 --jobserver-auth=5,6' /usr/bin/cmake -S /mnt/host/source/src/platform/ec/zephyr/program/nissa -B /mnt/host/source/src/platform/ec/build/zephyr/pujjogatwin/build-ro -GNinja -DCMAKE_EXPORT_COMPILE_COMMANDS=ON -DZEPHYR_BASE=/mnt/host/source/src/third_party/zephyr/main -DZMAKE_INCLUDE_DIR=/mnt/host/source/src/platform/ec/build/zephyr/pujjogatwin/include -DPython3_EXECUTABLE=/usr/bin/python3.11 -DDTS_ROOT=/mnt/host/source/src/platform/ec/zephyr -DSYSCALL_INCLUDE_DIRS=/mnt/host/source/src/platform/ec/zephyr/include/drivers -DUSER_CACHE_DIR=/mnt/host/source/src/platform/ec/build/zephyr/user-cache '-DEXTRA_EC_VERSION_FLAGS=--version 16543.0.0 --static' -DTOOLCHAIN_ROOT=/mnt/host/source/src/platform/ec/zephyr -DCOREBOOT_SDK_ROOT_x86=/home/jpmurphy/.cache/coreboot-sdk/i386-elf/dfbb0486385d938cfa9d73080b9d18d598ed4f49 -DCOREBOOT_SDK_ROOT_picolibc_x86=/home/jpmurphy/.cache/coreboot-sdk/picolibc-i386-elf/eb8e8e687b95461de8cbf278f1c2076952d0ad17 -DCOREBOOT_SDK_ROOT_riscv64=/home/jpmurphy/.cache/coreboot-sdk/riscv64-elf/96b949749225b6aaa92ed810ab769e8dfb12f000 -DCOREBOOT_SDK_ROOT_picolibc_arm=/home/jpmurphy/.cache/coreboot-sdk/picolibc-arm-eabi/422a2aa3e1ef891b5bece9a3deb696ff83840d2e -DCOREBOOT_SDK_ROOT_nds32=/home/jpmurphy/.cache/coreboot-sdk/nds32le-elf/d1a518c4a097666d86058e1444f85ca015d15511 -DCOREBOOT_SDK_ROOT_picolibc_riscv64=/home/jpmurphy/.cache/coreboot-sdk/picolibc-riscv64-elf/f571e990ef0278564b31124f8bb109d9a697eb69 -DCOREBOOT_SDK_ROOT_arm=/home/jpmurphy/.cache/coreboot-sdk/arm-eabi/ea40ddd1d190c3b48435c474c0b545719371813a -DCOREBOOT_SDK_ROOT_libstdcxx_riscv64=/home/jpmurphy/.cache/coreboot-sdk/libstdcxx-riscv64-elf/17abf22a3a252e2d5d2062ced5324f7a623689e0 -DCOREBOOT_SDK_ROOT_libstdcxx_arm=/home/jpmurphy/.cache/coreboot-sdk/libstdcxx-arm-eabi/5d7d82e150e44aa1968f1d366e267e6687b328ac -DCOREBOOT_SDK_ROOT_riscv=/home/jpmurphy/.cache/coreboot-sdk/riscv-elf/9a27b9e82341c6e9126624f516ab3f261abb3e73 -DCOREBOOT_SDK_ROOT_libstdcxx_x86=/home/jpmurphy/.cache/coreboot-sdk/libstdcxx-i386-elf/42ef9d2e87a76a37963175d7d428734e65648b87 -DZEPHYR_TOOLCHAIN_VARIANT=coreboot-sdk '-DZEPHYR_MODULES=/mnt/host/source/src/platform/ec/build/zephyr/pujjogatwin/modules/cmsis;/mnt/host/source/src/platform/ec/build/zephyr/pujjogatwin/modules/cmsis_6;/mnt/host/source/src/platform/ec/build/zephyr/pujjogatwin/modules/ec' -DDTC_OVERLAY_FILE=/mnt/host/source/src/platform/ec/zephyr/program/nissa/pujjogatwin/project.overlay -DBOARD=npcx9/npcx9m3f -DCMAKE_C_FLAGS=-DSECTION_IS_RO '-DCONF_FILE=/mnt/host/source/src/platform/ec/zephyr/program/nissa/program.conf;/mnt/host/source/src/platform/ec/zephyr/program/nissa/npcx_program.conf;/mnt/host/source/src/platform/ec/zephyr/program/nissa/pujjogatwin/project.conf;/mnt/host/source/src/platform/ec/build/zephyr/pujjogatwin/kconfig-ro.conf'`
[pujjogatwin:ro] Loading Zephyr default modules (Zephyr base (cached)).
[pujjogatwin:ro] -- Application: /mnt/host/source/src/platform/ec/zephyr/program/nissa
Running (initial) lcov on /mnt/host/source/src/platform/ec/build/zephyr/baze.
[brtk:rw] [386/395] Building C object zephyr/kernel/CMakeFiles/kernel.dir/work.c.obj
[brtk:rw] [387/395] Building C object zephyr/kernel/CMakeFiles/kernel.dir/pipe.c.obj
[brtk:rw] [388/395] Building C object zephyr/kernel/CMakeFiles/kernel.dir/thread_monitor.c.obj
Toolchain <zmake.toolchains.CorebootSdkToolchain object at 0x7f4143003c50> selected by probe function.
[karis] Building in /mnt/host/source/src/platform/ec/build/zephyr/karis.
[karis:rw] Configuring.
Running `env -i PYTHONPATH=/usr/lib64/python-exec/python3.11:/mnt/host/source/src/platform/ec/zephyr/zmake:/usr/lib/python311.zip:/usr/lib/python3.11:/usr/lib/python3.11/lib-dynload:/usr/lib/python3.11/site-packages PW_PIGWEED_CIPD_INSTALL_DIR=/usr CROSTC_USER_ACKNOWLEDGES_THAT_RISCV_IS_EXPERIMENTAL=1 PATH=/mnt/host/source/chromite/bin:/usr/local/bin:/usr/bin:/bin:/opt/bin:/mnt/host/source/chromite/sdk/bin:/mnt/host/source/chromite/bin HOME=/home/jpmurphy JAVA_HOME=/etc/java-config-2/current-system-vm JDK_HOME=/etc/java-config-2/current-system-vm JAVAC=/etc/java-config-2/current-system-vm/bin/javac MAKEFLAGS=' -j16 --jobserver-auth=5,6' /usr/bin/cmake -S /mnt/host/source/src/platform/ec/zephyr/program/rex -B /mnt/host/source/src/platform/ec/build/zephyr/karis/build-rw -GNinja -DCMAKE_EXPORT_COMPILE_COMMANDS=ON -DZEPHYR_BASE=/mnt/host/source/src/third_party/zephyr/main -DZMAKE_INCLUDE_DIR=/mnt/host/source/src/platform/ec/build/zephyr/karis/include -DPython3_EXECUTABLE=/usr/bin/python3.11 -DDTS_ROOT=/mnt/host/source/src/platform/ec/zephyr -DSYSCALL_INCLUDE_DIRS=/mnt/host/source/src/platform/ec/zephyr/include/drivers -DUSER_CACHE_DIR=/mnt/host/source/src/platform/ec/build/zephyr/user-cache '-DEXTRA_EC_VERSION_FLAGS=--version 16543.0.0 --static' -DTOOLCHAIN_ROOT=/mnt/host/source/src/platform/ec/zephyr -DCOREBOOT_SDK_ROOT_x86=/home/jpmurphy/.cache/coreboot-sdk/i386-elf/dfbb0486385d938cfa9d73080b9d18d598ed4f49 -DCOREBOOT_SDK_ROOT_picolibc_x86=/home/jpmurphy/.cache/coreboot-sdk/picolibc-i386-elf/eb8e8e687b95461de8cbf278f1c2076952d0ad17 -DCOREBOOT_SDK_ROOT_riscv64=/home/jpmurphy/.cache/coreboot-sdk/riscv64-elf/96b949749225b6aaa92ed810ab769e8dfb12f000 -DCOREBOOT_SDK_ROOT_picolibc_arm=/home/jpmurphy/.cache/coreboot-sdk/picolibc-arm-eabi/422a2aa3e1ef891b5bece9a3deb696ff83840d2e -DCOREBOOT_SDK_ROOT_nds32=/home/jpmurphy/.cache/coreboot-sdk/nds32le-elf/d1a518c4a097666d86058e1444f85ca015d15511 -DCOREBOOT_SDK_ROOT_picolibc_riscv64=/home/jpmurphy/.cache/coreboot-sdk/picolibc-riscv64-elf/f571e990ef0278564b31124f8bb109d9a697eb69 -DCOREBOOT_SDK_ROOT_arm=/home/jpmurphy/.cache/coreboot-sdk/arm-eabi/ea40ddd1d190c3b48435c474c0b545719371813a -DCOREBOOT_SDK_ROOT_libstdcxx_riscv64=/home/jpmurphy/.cache/coreboot-sdk/libstdcxx-riscv64-elf/17abf22a3a252e2d5d2062ced5324f7a623689e0 -DCOREBOOT_SDK_ROOT_libstdcxx_arm=/home/jpmurphy/.cache/coreboot-sdk/libstdcxx-arm-eabi/5d7d82e150e44aa1968f1d366e267e6687b328ac -DCOREBOOT_SDK_ROOT_riscv=/home/jpmurphy/.cache/coreboot-sdk/riscv-elf/9a27b9e82341c6e9126624f516ab3f261abb3e73 -DCOREBOOT_SDK_ROOT_libstdcxx_x86=/home/jpmurphy/.cache/coreboot-sdk/libstdcxx-i386-elf/42ef9d2e87a76a37963175d7d428734e65648b87 -DZEPHYR_TOOLCHAIN_VARIANT=coreboot-sdk '-DZEPHYR_MODULES=/mnt/host/source/src/platform/ec/build/zephyr/karis/modules/cmsis;/mnt/host/source/src/platform/ec/build/zephyr/karis/modules/cmsis_6;/mnt/host/source/src/platform/ec/build/zephyr/karis/modules/ec' -DDTC_OVERLAY_FILE=/mnt/host/source/src/platform/ec/zephyr/program/rex/karis/project.overlay -DBOARD=npcx9/npcx9m7f -DCMAKE_C_FLAGS=-DSECTION_IS_RW '-DCONF_FILE=/mnt/host/source/src/platform/ec/zephyr/program/rex/program.conf;/mnt/host/source/src/platform/ec/zephyr/program/rex/karis/project.conf;/mnt/host/source/src/platform/ec/build/zephyr/karis/kconfig-rw.conf'`
[karis:rw] Loading Zephyr default modules (Zephyr base (cached)).
[karis:rw] -- Application: /mnt/host/source/src/platform/ec/zephyr/program/rex
[brtk:rw] [389/395] Building C object zephyr/kernel/CMakeFiles/kernel.dir/timeout.c.obj
Toolchain <zmake.toolchains.CorebootSdkToolchain object at 0x7f4143055550> selected by probe function.
[lite-ish] Building in /mnt/host/source/src/platform/ec/build/zephyr/lite-ish.
[lite-ish:singleimage] Configuring.
Running `env -i PYTHONPATH=/usr/lib64/python-exec/python3.11:/mnt/host/source/src/platform/ec/zephyr/zmake:/usr/lib/python311.zip:/usr/lib/python3.11:/usr/lib/python3.11/lib-dynload:/usr/lib/python3.11/site-packages PW_PIGWEED_CIPD_INSTALL_DIR=/usr CROSTC_USER_ACKNOWLEDGES_THAT_RISCV_IS_EXPERIMENTAL=1 PATH=/mnt/host/source/chromite/bin:/usr/local/bin:/usr/bin:/bin:/opt/bin:/mnt/host/source/chromite/sdk/bin:/mnt/host/source/chromite/bin HOME=/home/jpmurphy JAVA_HOME=/etc/java-config-2/current-system-vm JDK_HOME=/etc/java-config-2/current-system-vm JAVAC=/etc/java-config-2/current-system-vm/bin/javac MAKEFLAGS=' -j16 --jobserver-auth=5,6' /usr/bin/cmake -S /mnt/host/source/src/platform/ec/zephyr/program/trulo -B /mnt/host/source/src/platform/ec/build/zephyr/lite-ish/build-singleimage -GNinja -DCMAKE_EXPORT_COMPILE_COMMANDS=ON -DZEPHYR_BASE=/mnt/host/source/src/third_party/zephyr/main -DZMAKE_INCLUDE_DIR=/mnt/host/source/src/platform/ec/build/zephyr/lite-ish/include -DPython3_EXECUTABLE=/usr/bin/python3.11 -DDTS_ROOT=/mnt/host/source/src/platform/ec/zephyr -DSYSCALL_INCLUDE_DIRS=/mnt/host/source/src/platform/ec/zephyr/include/drivers -DUSER_CACHE_DIR=/mnt/host/source/src/platform/ec/build/zephyr/user-cache '-DEXTRA_EC_VERSION_FLAGS=--version 16543.0.0 --static' -DTOOLCHAIN_ROOT=/mnt/host/source/src/platform/ec/zephyr -DCOREBOOT_SDK_ROOT_x86=/home/jpmurphy/.cache/coreboot-sdk/i386-elf/dfbb0486385d938cfa9d73080b9d18d598ed4f49 -DCOREBOOT_SDK_ROOT_picolibc_x86=/home/jpmurphy/.cache/coreboot-sdk/picolibc-i386-elf/eb8e8e687b95461de8cbf278f1c2076952d0ad17 -DCOREBOOT_SDK_ROOT_riscv64=/home/jpmurphy/.cache/coreboot-sdk/riscv64-elf/96b949749225b6aaa92ed810ab769e8dfb12f000 -DCOREBOOT_SDK_ROOT_picolibc_arm=/home/jpmurphy/.cache/coreboot-sdk/picolibc-arm-eabi/422a2aa3e1ef891b5bece9a3deb696ff83840d2e -DCOREBOOT_SDK_ROOT_nds32=/home/jpmurphy/.cache/coreboot-sdk/nds32le-elf/d1a518c4a097666d86058e1444f85ca015d15511 -DCOREBOOT_SDK_ROOT_picolibc_riscv64=/home/jpmurphy/.cache/coreboot-sdk/picolibc-riscv64-elf/f571e990ef0278564b31124f8bb109d9a697eb69 -DCOREBOOT_SDK_ROOT_arm=/home/jpmurphy/.cache/coreboot-sdk/arm-eabi/ea40ddd1d190c3b48435c474c0b545719371813a -DCOREBOOT_SDK_ROOT_libstdcxx_riscv64=/home/jpmurphy/.cache/coreboot-sdk/libstdcxx-riscv64-elf/17abf22a3a252e2d5d2062ced5324f7a623689e0 -DCOREBOOT_SDK_ROOT_libstdcxx_arm=/home/jpmurphy/.cache/coreboot-sdk/libstdcxx-arm-eabi/5d7d82e150e44aa1968f1d366e267e6687b328ac -DCOREBOOT_SDK_ROOT_riscv=/home/jpmurphy/.cache/coreboot-sdk/riscv-elf/9a27b9e82341c6e9126624f516ab3f261abb3e73 -DCOREBOOT_SDK_ROOT_libstdcxx_x86=/home/jpmurphy/.cache/coreboot-sdk/libstdcxx-i386-elf/42ef9d2e87a76a37963175d7d428734e65648b87 -DZEPHYR_TOOLCHAIN_VARIANT=coreboot-sdk '-DZEPHYR_MODULES=/mnt/host/source/src/platform/ec/build/zephyr/lite-ish/modules/ec;/mnt/host/source/src/platform/ec/build/zephyr/lite-ish/modules/cmsis;/mnt/host/source/src/platform/ec/build/zephyr/lite-ish/modules/hal_intel_public' -DDTC_OVERLAY_FILE=/mnt/host/source/src/platform/ec/zephyr/program/trulo/lite-ish/project.overlay -DBOARD=intel_ish_5_4_1 '-DCONF_FILE=/mnt/host/source/src/platform/ec/zephyr/program/trulo/lite-ish/project.conf;/mnt/host/source/src/platform/ec/build/zephyr/lite-ish/kconfig-singleimage.conf'`
[lite-ish:singleimage] Loading Zephyr default modules (Zephyr base (cached)).
[lite-ish:singleimage] -- Application: /mnt/host/source/src/platform/ec/zephyr/program/trulo
[lite-ish:singleimage] -- CMake version: 3.31.7
[karis:ro] Configuring.
Running `env -i PYTHONPATH=/usr/lib64/python-exec/python3.11:/mnt/host/source/src/platform/ec/zephyr/zmake:/usr/lib/python311.zip:/usr/lib/python3.11:/usr/lib/python3.11/lib-dynload:/usr/lib/python3.11/site-packages PW_PIGWEED_CIPD_INSTALL_DIR=/usr CROSTC_USER_ACKNOWLEDGES_THAT_RISCV_IS_EXPERIMENTAL=1 PATH=/mnt/host/source/chromite/bin:/usr/local/bin:/usr/bin:/bin:/opt/bin:/mnt/host/source/chromite/sdk/bin:/mnt/host/source/chromite/bin HOME=/home/jpmurphy JAVA_HOME=/etc/java-config-2/current-system-vm JDK_HOME=/etc/java-config-2/current-system-vm JAVAC=/etc/java-config-2/current-system-vm/bin/javac MAKEFLAGS=' -j16 --jobserver-auth=5,6' /usr/bin/cmake -S /mnt/host/source/src/platform/ec/zephyr/program/rex -B /mnt/host/source/src/platform/ec/build/zephyr/karis/build-ro -GNinja -DCMAKE_EXPORT_COMPILE_COMMANDS=ON -DZEPHYR_BASE=/mnt/host/source/src/third_party/zephyr/main -DZMAKE_INCLUDE_DIR=/mnt/host/source/src/platform/ec/build/zephyr/karis/include -DPython3_EXECUTABLE=/usr/bin/python3.11 -DDTS_ROOT=/mnt/host/source/src/platform/ec/zephyr -DSYSCALL_INCLUDE_DIRS=/mnt/host/source/src/platform/ec/zephyr/include/drivers -DUSER_CACHE_DIR=/mnt/host/source/src/platform/ec/build/zephyr/user-cache '-DEXTRA_EC_VERSION_FLAGS=--version 16543.0.0 --static' -DTOOLCHAIN_ROOT=/mnt/host/source/src/platform/ec/zephyr -DCOREBOOT_SDK_ROOT_x86=/home/jpmurphy/.cache/coreboot-sdk/i386-elf/dfbb0486385d938cfa9d73080b9d18d598ed4f49 -DCOREBOOT_SDK_ROOT_picolibc_x86=/home/jpmurphy/.cache/coreboot-sdk/picolibc-i386-elf/eb8e8e687b95461de8cbf278f1c2076952d0ad17 -DCOREBOOT_SDK_ROOT_riscv64=/home/jpmurphy/.cache/coreboot-sdk/riscv64-elf/96b949749225b6aaa92ed810ab769e8dfb12f000 -DCOREBOOT_SDK_ROOT_picolibc_arm=/home/jpmurphy/.cache/coreboot-sdk/picolibc-arm-eabi/422a2aa3e1ef891b5bece9a3deb696ff83840d2e -DCOREBOOT_SDK_ROOT_nds32=/home/jpmurphy/.cache/coreboot-sdk/nds32le-elf/d1a518c4a097666d86058e1444f85ca015d15511 -DCOREBOOT_SDK_ROOT_picolibc_riscv64=/home/jpmurphy/.cache/coreboot-sdk/picolibc-riscv64-elf/f571e990ef0278564b31124f8bb109d9a697eb69 -DCOREBOOT_SDK_ROOT_arm=/home/jpmurphy/.cache/coreboot-sdk/arm-eabi/ea40ddd1d190c3b48435c474c0b545719371813a -DCOREBOOT_SDK_ROOT_libstdcxx_riscv64=/home/jpmurphy/.cache/coreboot-sdk/libstdcxx-riscv64-elf/17abf22a3a252e2d5d2062ced5324f7a623689e0 -DCOREBOOT_SDK_ROOT_libstdcxx_arm=/home/jpmurphy/.cache/coreboot-sdk/libstdcxx-arm-eabi/5d7d82e150e44aa1968f1d366e267e6687b328ac -DCOREBOOT_SDK_ROOT_riscv=/home/jpmurphy/.cache/coreboot-sdk/riscv-elf/9a27b9e82341c6e9126624f516ab3f261abb3e73 -DCOREBOOT_SDK_ROOT_libstdcxx_x86=/home/jpmurphy/.cache/coreboot-sdk/libstdcxx-i386-elf/42ef9d2e87a76a37963175d7d428734e65648b87 -DZEPHYR_TOOLCHAIN_VARIANT=coreboot-sdk '-DZEPHYR_MODULES=/mnt/host/source/src/platform/ec/build/zephyr/karis/modules/cmsis;/mnt/host/source/src/platform/ec/build/zephyr/karis/modules/cmsis_6;/mnt/host/source/src/platform/ec/build/zephyr/karis/modules/ec' -DDTC_OVERLAY_FILE=/mnt/host/source/src/platform/ec/zephyr/program/rex/karis/project.overlay -DBOARD=npcx9/npcx9m7f -DCMAKE_C_FLAGS=-DSECTION_IS_RO '-DCONF_FILE=/mnt/host/source/src/platform/ec/zephyr/program/rex/program.conf;/mnt/host/source/src/platform/ec/zephyr/program/rex/karis/project.conf;/mnt/host/source/src/platform/ec/build/zephyr/karis/kconfig-ro.conf'`
[brtk:rw] [390/395] Building C object zephyr/kernel/CMakeFiles/kernel.dir/events.c.obj
Toolchain <zmake.toolchains.CorebootSdkToolchain object at 0x7f4142ffc450> selected by probe function.
[craaskov] Building in /mnt/host/source/src/platform/ec/build/zephyr/craaskov.
[brtk:rw] [391/395] Building C object zephyr/kernel/CMakeFiles/kernel.dir/dynamic_disabled.c.obj
[craaskov:rw] Configuring.
Running `env -i PYTHONPATH=/usr/lib64/python-exec/python3.11:/mnt/host/source/src/platform/ec/zephyr/zmake:/usr/lib/python311.zip:/usr/lib/python3.11:/usr/lib/python3.11/lib-dynload:/usr/lib/python3.11/site-packages PW_PIGWEED_CIPD_INSTALL_DIR=/usr CROSTC_USER_ACKNOWLEDGES_THAT_RISCV_IS_EXPERIMENTAL=1 PATH=/mnt/host/source/chromite/bin:/usr/local/bin:/usr/bin:/bin:/opt/bin:/mnt/host/source/chromite/sdk/bin:/mnt/host/source/chromite/bin HOME=/home/jpmurphy JAVA_HOME=/etc/java-config-2/current-system-vm JDK_HOME=/etc/java-config-2/current-system-vm JAVAC=/etc/java-config-2/current-system-vm/bin/javac MAKEFLAGS=' -j16 --jobserver-auth=5,6' /usr/bin/cmake -S /mnt/host/source/src/platform/ec/zephyr/program/nissa -B /mnt/host/source/src/platform/ec/build/zephyr/craaskov/build-rw -GNinja -DCMAKE_EXPORT_COMPILE_COMMANDS=ON -DZEPHYR_BASE=/mnt/host/source/src/third_party/zephyr/main -DZMAKE_INCLUDE_DIR=/mnt/host/source/src/platform/ec/build/zephyr/craaskov/include -DPython3_EXECUTABLE=/usr/bin/python3.11 -DDTS_ROOT=/mnt/host/source/src/platform/ec/zephyr -DSYSCALL_INCLUDE_DIRS=/mnt/host/source/src/platform/ec/zephyr/include/drivers -DUSER_CACHE_DIR=/mnt/host/source/src/platform/ec/build/zephyr/user-cache '-DEXTRA_EC_VERSION_FLAGS=--version 16543.0.0 --static' -DTOOLCHAIN_ROOT=/mnt/host/source/src/platform/ec/zephyr -DCOREBOOT_SDK_ROOT_x86=/home/jpmurphy/.cache/coreboot-sdk/i386-elf/dfbb0486385d938cfa9d73080b9d18d598ed4f49 -DCOREBOOT_SDK_ROOT_picolibc_x86=/home/jpmurphy/.cache/coreboot-sdk/picolibc-i386-elf/eb8e8e687b95461de8cbf278f1c2076952d0ad17 -DCOREBOOT_SDK_ROOT_riscv64=/home/jpmurphy/.cache/coreboot-sdk/riscv64-elf/96b949749225b6aaa92ed810ab769e8dfb12f000 -DCOREBOOT_SDK_ROOT_picolibc_arm=/home/jpmurphy/.cache/coreboot-sdk/picolibc-arm-eabi/422a2aa3e1ef891b5bece9a3deb696ff83840d2e -DCOREBOOT_SDK_ROOT_nds32=/home/jpmurphy/.cache/coreboot-sdk/nds32le-elf/d1a518c4a097666d86058e1444f85ca015d15511 -DCOREBOOT_SDK_ROOT_picolibc_riscv64=/home/jpmurphy/.cache/coreboot-sdk/picolibc-riscv64-elf/f571e990ef0278564b31124f8bb109d9a697eb69 -DCOREBOOT_SDK_ROOT_arm=/home/jpmurphy/.cache/coreboot-sdk/arm-eabi/ea40ddd1d190c3b48435c474c0b545719371813a -DCOREBOOT_SDK_ROOT_libstdcxx_riscv64=/home/jpmurphy/.cache/coreboot-sdk/libstdcxx-riscv64-elf/17abf22a3a252e2d5d2062ced5324f7a623689e0 -DCOREBOOT_SDK_ROOT_libstdcxx_arm=/home/jpmurphy/.cache/coreboot-sdk/libstdcxx-arm-eabi/5d7d82e150e44aa1968f1d366e267e6687b328ac -DCOREBOOT_SDK_ROOT_riscv=/home/jpmurphy/.cache/coreboot-sdk/riscv-elf/9a27b9e82341c6e9126624f516ab3f261abb3e73 -DCOREBOOT_SDK_ROOT_libstdcxx_x86=/home/jpmurphy/.cache/coreboot-sdk/libstdcxx-i386-elf/42ef9d2e87a76a37963175d7d428734e65648b87 -DZEPHYR_TOOLCHAIN_VARIANT=coreboot-sdk '-DZEPHYR_MODULES=/mnt/host/source/src/platform/ec/build/zephyr/craaskov/modules/cmsis;/mnt/host/source/src/platform/ec/build/zephyr/craaskov/modules/cmsis_6;/mnt/host/source/src/platform/ec/build/zephyr/craaskov/modules/ec' -DDTC_OVERLAY_FILE=/mnt/host/source/src/platform/ec/zephyr/program/nissa/craaskov/project.overlay -DBOARD=npcx9/npcx9m3f -DCMAKE_C_FLAGS=-DSECTION_IS_RW '-DCONF_FILE=/mnt/host/source/src/platform/ec/zephyr/program/nissa/program.conf;/mnt/host/source/src/platform/ec/zephyr/program/nissa/npcx_program.conf;/mnt/host/source/src/platform/ec/zephyr/program/nissa/craaskov/project.conf;/mnt/host/source/src/platform/ec/build/zephyr/craaskov/kconfig-rw.conf'`
[karis:ro] Loading Zephyr default modules (Zephyr base (cached)).
[brtk:rw] [392/395] Building C object zephyr/kernel/CMakeFiles/kernel.dir/timer.c.obj
[karis:ro] -- Application: /mnt/host/source/src/platform/ec/zephyr/program/rex
Toolchain <zmake.toolchains.CorebootSdkToolchain object at 0x7f414307a1d0> selected by probe function.
[kelpie] Building in /mnt/host/source/src/platform/ec/build/zephyr/kelpie.
Running `env -i PYTHONPATH=/usr/lib64/python-exec/python3.11:/mnt/host/source/src/platform/ec/zephyr/zmake:/usr/lib/python311.zip:/usr/lib/python3.11:/usr/lib/python3.11/lib-dynload:/usr/lib/python3.11/site-packages PW_PIGWEED_CIPD_INSTALL_DIR=/usr CROSTC_USER_ACKNOWLEDGES_THAT_RISCV_IS_EXPERIMENTAL=1 PATH=/mnt/host/source/chromite/bin:/usr/local/bin:/usr/bin:/bin:/opt/bin:/mnt/host/source/chromite/sdk/bin:/mnt/host/source/chromite/bin HOME=/home/jpmurphy JAVA_HOME=/etc/java-config-2/current-system-vm JDK_HOME=/etc/java-config-2/current-system-vm JAVAC=/etc/java-config-2/current-system-vm/bin/javac MAKEFLAGS=' -j16 --jobserver-auth=5,6' /usr/bin/lcov --gcov-tool /mnt/host/source/src/platform/ec/build/zephyr/roach/build-rw/gcov.sh -q -o - -c -d /mnt/host/source/src/platform/ec/build/zephyr/roach -t roach --rc branch_coverage=1 --filter range --ignore-errors inconsistent,source --ignore-errors gcov,gcov -i`
[kelpie:ro] Configuring.
Running `env -i PYTHONPATH=/usr/lib64/python-exec/python3.11:/mnt/host/source/src/platform/ec/zephyr/zmake:/usr/lib/python311.zip:/usr/lib/python3.11:/usr/lib/python3.11/lib-dynload:/usr/lib/python3.11/site-packages PW_PIGWEED_CIPD_INSTALL_DIR=/usr CROSTC_USER_ACKNOWLEDGES_THAT_RISCV_IS_EXPERIMENTAL=1 PATH=/mnt/host/source/chromite/bin:/usr/local/bin:/usr/bin:/bin:/opt/bin:/mnt/host/source/chromite/sdk/bin:/mnt/host/source/chromite/bin HOME=/home/jpmurphy JAVA_HOME=/etc/java-config-2/current-system-vm JDK_HOME=/etc/java-config-2/current-system-vm JAVAC=/etc/java-config-2/current-system-vm/bin/javac MAKEFLAGS=' -j16 --jobserver-auth=5,6' /usr/bin/cmake -S /mnt/host/source/src/platform/ec/zephyr/program/roach -B /mnt/host/source/src/platform/ec/build/zephyr/kelpie/build-ro -GNinja -DCMAKE_EXPORT_COMPILE_COMMANDS=ON -DZEPHYR_BASE=/mnt/host/source/src/third_party/zephyr/main -DZMAKE_INCLUDE_DIR=/mnt/host/source/src/platform/ec/build/zephyr/kelpie/include -DPython3_EXECUTABLE=/usr/bin/python3.11 -DDTS_ROOT=/mnt/host/source/src/platform/ec/zephyr -DSYSCALL_INCLUDE_DIRS=/mnt/host/source/src/platform/ec/zephyr/include/drivers -DUSER_CACHE_DIR=/mnt/host/source/src/platform/ec/build/zephyr/user-cache '-DEXTRA_EC_VERSION_FLAGS=--version 16543.0.0 --static' -DTOOLCHAIN_ROOT=/mnt/host/source/src/platform/ec/zephyr -DCOREBOOT_SDK_ROOT_x86=/home/jpmurphy/.cache/coreboot-sdk/i386-elf/dfbb0486385d938cfa9d73080b9d18d598ed4f49 -DCOREBOOT_SDK_ROOT_picolibc_x86=/home/jpmurphy/.cache/coreboot-sdk/picolibc-i386-elf/eb8e8e687b95461de8cbf278f1c2076952d0ad17 -DCOREBOOT_SDK_ROOT_riscv64=/home/jpmurphy/.cache/coreboot-sdk/riscv64-elf/96b949749225b6aaa92ed810ab769e8dfb12f000 -DCOREBOOT_SDK_ROOT_picolibc_arm=/home/jpmurphy/.cache/coreboot-sdk/picolibc-arm-eabi/422a2aa3e1ef891b5bece9a3deb696ff83840d2e -DCOREBOOT_SDK_ROOT_nds32=/home/jpmurphy/.cache/coreboot-sdk/nds32le-elf/d1a518c4a097666d86058e1444f85ca015d15511 -DCOREBOOT_SDK_ROOT_picolibc_riscv64=/home/jpmurphy/.cache/coreboot-sdk/picolibc-riscv64-elf/f571e990ef0278564b31124f8bb109d9a697eb69 -DCOREBOOT_SDK_ROOT_arm=/home/jpmurphy/.cache/coreboot-sdk/arm-eabi/ea40ddd1d190c3b48435c474c0b545719371813a -DCOREBOOT_SDK_ROOT_libstdcxx_riscv64=/home/jpmurphy/.cache/coreboot-sdk/libstdcxx-riscv64-elf/17abf22a3a252e2d5d2062ced5324f7a623689e0 -DCOREBOOT_SDK_ROOT_libstdcxx_arm=/home/jpmurphy/.cache/coreboot-sdk/libstdcxx-arm-eabi/5d7d82e150e44aa1968f1d366e267e6687b328ac -DCOREBOOT_SDK_ROOT_riscv=/home/jpmurphy/.cache/coreboot-sdk/riscv-elf/9a27b9e82341c6e9126624f516ab3f261abb3e73 -DCOREBOOT_SDK_ROOT_libstdcxx_x86=/home/jpmurphy/.cache/coreboot-sdk/libstdcxx-i386-elf/42ef9d2e87a76a37963175d7d428734e65648b87 -DZEPHYR_TOOLCHAIN_VARIANT=coreboot-sdk -DZEPHYR_MODULES=/mnt/host/source/src/platform/ec/build/zephyr/kelpie/modules/ec -DDTC_OVERLAY_FILE=/mnt/host/source/src/platform/ec/zephyr/program/roach/kelpie/project.overlay -DBOARD=it8xxx2/it82202ax/512 -DCMAKE_C_FLAGS=-DSECTION_IS_RO '-DCONF_FILE=/mnt/host/source/src/platform/ec/zephyr/program/roach/program.conf;/mnt/host/source/src/platform/ec/zephyr/program/roach/kelpie/project.conf;/mnt/host/source/src/platform/ec/build/zephyr/kelpie/kconfig-ro.conf'`
[craaskov:ro] Configuring.
Running `env -i PYTHONPATH=/usr/lib64/python-exec/python3.11:/mnt/host/source/src/platform/ec/zephyr/zmake:/usr/lib/python311.zip:/usr/lib/python3.11:/usr/lib/python3.11/lib-dynload:/usr/lib/python3.11/site-packages PW_PIGWEED_CIPD_INSTALL_DIR=/usr CROSTC_USER_ACKNOWLEDGES_THAT_RISCV_IS_EXPERIMENTAL=1 PATH=/mnt/host/source/chromite/bin:/usr/local/bin:/usr/bin:/bin:/opt/bin:/mnt/host/source/chromite/sdk/bin:/mnt/host/source/chromite/bin HOME=/home/jpmurphy JAVA_HOME=/etc/java-config-2/current-system-vm JDK_HOME=/etc/java-config-2/current-system-vm JAVAC=/etc/java-config-2/current-system-vm/bin/javac MAKEFLAGS=' -j16 --jobserver-auth=5,6' /usr/bin/cmake -S /mnt/host/source/src/platform/ec/zephyr/program/nissa -B /mnt/host/source/src/platform/ec/build/zephyr/craaskov/build-ro -GNinja -DCMAKE_EXPORT_COMPILE_COMMANDS=ON -DZEPHYR_BASE=/mnt/host/source/src/third_party/zephyr/main -DZMAKE_INCLUDE_DIR=/mnt/host/source/src/platform/ec/build/zephyr/craaskov/include -DPython3_EXECUTABLE=/usr/bin/python3.11 -DDTS_ROOT=/mnt/host/source/src/platform/ec/zephyr -DSYSCALL_INCLUDE_DIRS=/mnt/host/source/src/platform/ec/zephyr/include/drivers -DUSER_CACHE_DIR=/mnt/host/source/src/platform/ec/build/zephyr/user-cache '-DEXTRA_EC_VERSION_FLAGS=--version 16543.0.0 --static' -DTOOLCHAIN_ROOT=/mnt/host/source/src/platform/ec/zephyr -DCOREBOOT_SDK_ROOT_x86=/home/jpmurphy/.cache/coreboot-sdk/i386-elf/dfbb0486385d938cfa9d73080b9d18d598ed4f49 -DCOREBOOT_SDK_ROOT_picolibc_x86=/home/jpmurphy/.cache/coreboot-sdk/picolibc-i386-elf/eb8e8e687b95461de8cbf278f1c2076952d0ad17 -DCOREBOOT_SDK_ROOT_riscv64=/home/jpmurphy/.cache/coreboot-sdk/riscv64-elf/96b949749225b6aaa92ed810ab769e8dfb12f000 -DCOREBOOT_SDK_ROOT_picolibc_arm=/home/jpmurphy/.cache/coreboot-sdk/picolibc-arm-eabi/422a2aa3e1ef891b5bece9a3deb696ff83840d2e -DCOREBOOT_SDK_ROOT_nds32=/home/jpmurphy/.cache/coreboot-sdk/nds32le-elf/d1a518c4a097666d86058e1444f85ca015d15511 -DCOREBOOT_SDK_ROOT_picolibc_riscv64=/home/jpmurphy/.cache/coreboot-sdk/picolibc-riscv64-elf/f571e990ef0278564b31124f8bb109d9a697eb69 -DCOREBOOT_SDK_ROOT_arm=/home/jpmurphy/.cache/coreboot-sdk/arm-eabi/ea40ddd1d190c3b48435c474c0b545719371813a -DCOREBOOT_SDK_ROOT_libstdcxx_riscv64=/home/jpmurphy/.cache/coreboot-sdk/libstdcxx-riscv64-elf/17abf22a3a252e2d5d2062ced5324f7a623689e0 -DCOREBOOT_SDK_ROOT_libstdcxx_arm=/home/jpmurphy/.cache/coreboot-sdk/libstdcxx-arm-eabi/5d7d82e150e44aa1968f1d366e267e6687b328ac -DCOREBOOT_SDK_ROOT_riscv=/home/jpmurphy/.cache/coreboot-sdk/riscv-elf/9a27b9e82341c6e9126624f516ab3f261abb3e73 -DCOREBOOT_SDK_ROOT_libstdcxx_x86=/home/jpmurphy/.cache/coreboot-sdk/libstdcxx-i386-elf/42ef9d2e87a76a37963175d7d428734e65648b87 -DZEPHYR_TOOLCHAIN_VARIANT=coreboot-sdk '-DZEPHYR_MODULES=/mnt/host/source/src/platform/ec/build/zephyr/craaskov/modules/cmsis;/mnt/host/source/src/platform/ec/build/zephyr/craaskov/modules/cmsis_6;/mnt/host/source/src/platform/ec/build/zephyr/craaskov/modules/ec' -DDTC_OVERLAY_FILE=/mnt/host/source/src/platform/ec/zephyr/program/nissa/craaskov/project.overlay -DBOARD=npcx9/npcx9m3f -DCMAKE_C_FLAGS=-DSECTION_IS_RO '-DCONF_FILE=/mnt/host/source/src/platform/ec/zephyr/program/nissa/program.conf;/mnt/host/source/src/platform/ec/zephyr/program/nissa/npcx_program.conf;/mnt/host/source/src/platform/ec/zephyr/program/nissa/craaskov/project.conf;/mnt/host/source/src/platform/ec/build/zephyr/craaskov/kconfig-ro.conf'`
[brtk:rw] [393/395] Building C object zephyr/kernel/CMakeFiles/kernel.dir/poll.c.obj
[kelpie:ro] Loading Zephyr default modules (Zephyr base (cached)).
[kelpie:ro] -- Application: /mnt/host/source/src/platform/ec/zephyr/program/roach
[kelpie:ro] -- CMake version: 3.31.7
[craaskov:rw] -- Application: /mnt/host/source/src/platform/ec/zephyr/program/nissa
[craaskov:rw] Loading Zephyr default modules (Zephyr base (cached)).
[craaskov:ro] Loading Zephyr default modules (Zephyr base (cached)).
[craaskov:ro] -- Application: /mnt/host/source/src/platform/ec/zephyr/program/nissa
[kelpie:rw] Configuring.
Running `env -i PYTHONPATH=/usr/lib64/python-exec/python3.11:/mnt/host/source/src/platform/ec/zephyr/zmake:/usr/lib/python311.zip:/usr/lib/python3.11:/usr/lib/python3.11/lib-dynload:/usr/lib/python3.11/site-packages PW_PIGWEED_CIPD_INSTALL_DIR=/usr CROSTC_USER_ACKNOWLEDGES_THAT_RISCV_IS_EXPERIMENTAL=1 PATH=/mnt/host/source/chromite/bin:/usr/local/bin:/usr/bin:/bin:/opt/bin:/mnt/host/source/chromite/sdk/bin:/mnt/host/source/chromite/bin HOME=/home/jpmurphy JAVA_HOME=/etc/java-config-2/current-system-vm JDK_HOME=/etc/java-config-2/current-system-vm JAVAC=/etc/java-config-2/current-system-vm/bin/javac MAKEFLAGS=' -j16 --jobserver-auth=5,6' /usr/bin/cmake -S /mnt/host/source/src/platform/ec/zephyr/program/roach -B /mnt/host/source/src/platform/ec/build/zephyr/kelpie/build-rw -GNinja -DCMAKE_EXPORT_COMPILE_COMMANDS=ON -DZEPHYR_BASE=/mnt/host/source/src/third_party/zephyr/main -DZMAKE_INCLUDE_DIR=/mnt/host/source/src/platform/ec/build/zephyr/kelpie/include -DPython3_EXECUTABLE=/usr/bin/python3.11 -DDTS_ROOT=/mnt/host/source/src/platform/ec/zephyr -DSYSCALL_INCLUDE_DIRS=/mnt/host/source/src/platform/ec/zephyr/include/drivers -DUSER_CACHE_DIR=/mnt/host/source/src/platform/ec/build/zephyr/user-cache '-DEXTRA_EC_VERSION_FLAGS=--version 16543.0.0 --static' -DTOOLCHAIN_ROOT=/mnt/host/source/src/platform/ec/zephyr -DCOREBOOT_SDK_ROOT_x86=/home/jpmurphy/.cache/coreboot-sdk/i386-elf/dfbb0486385d938cfa9d73080b9d18d598ed4f49 -DCOREBOOT_SDK_ROOT_picolibc_x86=/home/jpmurphy/.cache/coreboot-sdk/picolibc-i386-elf/eb8e8e687b95461de8cbf278f1c2076952d0ad17 -DCOREBOOT_SDK_ROOT_riscv64=/home/jpmurphy/.cache/coreboot-sdk/riscv64-elf/96b949749225b6aaa92ed810ab769e8dfb12f000 -DCOREBOOT_SDK_ROOT_picolibc_arm=/home/jpmurphy/.cache/coreboot-sdk/picolibc-arm-eabi/422a2aa3e1ef891b5bece9a3deb696ff83840d2e -DCOREBOOT_SDK_ROOT_nds32=/home/jpmurphy/.cache/coreboot-sdk/nds32le-elf/d1a518c4a097666d86058e1444f85ca015d15511 -DCOREBOOT_SDK_ROOT_picolibc_riscv64=/home/jpmurphy/.cache/coreboot-sdk/picolibc-riscv64-elf/f571e990ef0278564b31124f8bb109d9a697eb69 -DCOREBOOT_SDK_ROOT_arm=/home/jpmurphy/.cache/coreboot-sdk/arm-eabi/ea40ddd1d190c3b48435c474c0b545719371813a -DCOREBOOT_SDK_ROOT_libstdcxx_riscv64=/home/jpmurphy/.cache/coreboot-sdk/libstdcxx-riscv64-elf/17abf22a3a252e2d5d2062ced5324f7a623689e0 -DCOREBOOT_SDK_ROOT_libstdcxx_arm=/home/jpmurphy/.cache/coreboot-sdk/libstdcxx-arm-eabi/5d7d82e150e44aa1968f1d366e267e6687b328ac -DCOREBOOT_SDK_ROOT_riscv=/home/jpmurphy/.cache/coreboot-sdk/riscv-elf/9a27b9e82341c6e9126624f516ab3f261abb3e73 -DCOREBOOT_SDK_ROOT_libstdcxx_x86=/home/jpmurphy/.cache/coreboot-sdk/libstdcxx-i386-elf/42ef9d2e87a76a37963175d7d428734e65648b87 -DZEPHYR_TOOLCHAIN_VARIANT=coreboot-sdk -DZEPHYR_MODULES=/mnt/host/source/src/platform/ec/build/zephyr/kelpie/modules/ec -DDTC_OVERLAY_FILE=/mnt/host/source/src/platform/ec/zephyr/program/roach/kelpie/project.overlay -DBOARD=it8xxx2/it82202ax/512 -DCMAKE_C_FLAGS=-DSECTION_IS_RW '-DCONF_FILE=/mnt/host/source/src/platform/ec/zephyr/program/roach/program.conf;/mnt/host/source/src/platform/ec/zephyr/program/roach/kelpie/project.conf;/mnt/host/source/src/platform/ec/build/zephyr/kelpie/kconfig-rw.conf'`
[brtk:rw] [394/395] Building C object zephyr/kernel/CMakeFiles/kernel.dir/mempool.c.obj
[kyogre:rw] -- Found Python3: /usr/bin/python3.11 (found suitable version "3.11.11", minimum required is "3.10") found components: Interpreter
[kyogre:rw] -- Cache files will be written to: /mnt/host/source/src/platform/ec/build/zephyr/user-cache
[kelpie:rw] Loading Zephyr default modules (Zephyr base (cached)).
[kelpie:rw] -- Application: /mnt/host/source/src/platform/ec/zephyr/program/roach
[kelpie:rw] -- CMake version: 3.31.7
[kyogre:rw] -- Zephyr version: 4.3.99 (/mnt/host/source/src/third_party/zephyr/main)
Running `env -i PYTHONPATH=/usr/lib64/python-exec/python3.11:/mnt/host/source/src/platform/ec/zephyr/zmake:/usr/lib/python311.zip:/usr/lib/python3.11:/usr/lib/python3.11/lib-dynload:/usr/lib/python3.11/site-packages PW_PIGWEED_CIPD_INSTALL_DIR=/usr CROSTC_USER_ACKNOWLEDGES_THAT_RISCV_IS_EXPERIMENTAL=1 PATH=/mnt/host/source/chromite/bin:/usr/local/bin:/usr/bin:/bin:/opt/bin:/mnt/host/source/chromite/sdk/bin:/mnt/host/source/chromite/bin HOME=/home/jpmurphy JAVA_HOME=/etc/java-config-2/current-system-vm JDK_HOME=/etc/java-config-2/current-system-vm JAVAC=/etc/java-config-2/current-system-vm/bin/javac MAKEFLAGS=' -j16 --jobserver-auth=5,6' /usr/bin/lcov --gcov-tool /mnt/host/source/src/platform/ec/build/zephyr/fatcatrvp-npcx/build-rw/gcov.sh -q -o - -c -d /mnt/host/source/src/platform/ec/build/zephyr/fatcatrvp-npcx -t fatcatrvp-npcx --rc branch_coverage=1 --filter range --ignore-errors inconsistent,source --ignore-errors gcov,gcov -i`
[kyogre:ro] -- Found Python3: /usr/bin/python3.11 (found suitable version "3.11.11", minimum required is "3.10") found components: Interpreter
[kyogre:ro] -- Cache files will be written to: /mnt/host/source/src/platform/ec/build/zephyr/user-cache
[kyogre:ro] -- Zephyr version: 4.3.99 (/mnt/host/source/src/third_party/zephyr/main)
[pujjogatwin:ro] -- CMake version: 3.31.7
[pujjogatwin:ro] -- Found Python3: /usr/bin/python3.11 (found suitable version "3.11.11", minimum required is "3.10") found components: Interpreter
[pujjogatwin:ro] -- Cache files will be written to: /mnt/host/source/src/platform/ec/build/zephyr/user-cache
Running `env -i PYTHONPATH=/usr/lib64/python-exec/python3.11:/mnt/host/source/src/platform/ec/zephyr/zmake:/usr/lib/python311.zip:/usr/lib/python3.11:/usr/lib/python3.11/lib-dynload:/usr/lib/python3.11/site-packages PW_PIGWEED_CIPD_INSTALL_DIR=/usr CROSTC_USER_ACKNOWLEDGES_THAT_RISCV_IS_EXPERIMENTAL=1 PATH=/mnt/host/source/chromite/bin:/usr/local/bin:/usr/bin:/bin:/opt/bin:/mnt/host/source/chromite/sdk/bin:/mnt/host/source/chromite/bin HOME=/home/jpmurphy JAVA_HOME=/etc/java-config-2/current-system-vm JDK_HOME=/etc/java-config-2/current-system-vm JAVAC=/etc/java-config-2/current-system-vm/bin/javac MAKEFLAGS=' -j16 --jobserver-auth=5,6' /usr/bin/lcov --gcov-tool /mnt/host/source/src/platform/ec/build/zephyr/baze/build-rw/gcov.sh -q -o - -c -d /mnt/host/source/src/platform/ec/build/zephyr/baze -t baze --rc branch_coverage=1 --filter range --ignore-errors inconsistent,source --ignore-errors gcov,gcov -i`
[pujjogatwin:ro] -- Zephyr version: 4.3.99 (/mnt/host/source/src/third_party/zephyr/main)
[brtk:rw] [395/395] Linking C static library zephyr/kernel/libkernel.a
Toolchain <zmake.toolchains.CorebootSdkToolchain object at 0x7f4143004ad0> selected by probe function.
[kinmen] Building in /mnt/host/source/src/platform/ec/build/zephyr/kinmen.
[kinmen:rw] Configuring.
Running `env -i PYTHONPATH=/usr/lib64/python-exec/python3.11:/mnt/host/source/src/platform/ec/zephyr/zmake:/usr/lib/python311.zip:/usr/lib/python3.11:/usr/lib/python3.11/lib-dynload:/usr/lib/python3.11/site-packages PW_PIGWEED_CIPD_INSTALL_DIR=/usr CROSTC_USER_ACKNOWLEDGES_THAT_RISCV_IS_EXPERIMENTAL=1 PATH=/mnt/host/source/chromite/bin:/usr/local/bin:/usr/bin:/bin:/opt/bin:/mnt/host/source/chromite/sdk/bin:/mnt/host/source/chromite/bin HOME=/home/jpmurphy JAVA_HOME=/etc/java-config-2/current-system-vm JDK_HOME=/etc/java-config-2/current-system-vm JAVAC=/etc/java-config-2/current-system-vm/bin/javac MAKEFLAGS=' -j16 --jobserver-auth=5,6' /usr/bin/cmake -S /mnt/host/source/src/platform/ec/zephyr/program/fatcat -B /mnt/host/source/src/platform/ec/build/zephyr/kinmen/build-rw -GNinja -DCMAKE_EXPORT_COMPILE_COMMANDS=ON -DZEPHYR_BASE=/mnt/host/source/src/third_party/zephyr/main -DZMAKE_INCLUDE_DIR=/mnt/host/source/src/platform/ec/build/zephyr/kinmen/include -DPython3_EXECUTABLE=/usr/bin/python3.11 -DDTS_ROOT=/mnt/host/source/src/platform/ec/zephyr -DSYSCALL_INCLUDE_DIRS=/mnt/host/source/src/platform/ec/zephyr/include/drivers -DUSER_CACHE_DIR=/mnt/host/source/src/platform/ec/build/zephyr/user-cache -DPW_ROOT=/mnt/host/source/src/third_party/pigweed -DNANOPB_DIR=/mnt/host/source/src/third_party/zephyr/nanopb '-DEXTRA_EC_VERSION_FLAGS=--version 16543.0.0 --static' -DTOOLCHAIN_ROOT=/mnt/host/source/src/platform/ec/zephyr -DCOREBOOT_SDK_ROOT_x86=/home/jpmurphy/.cache/coreboot-sdk/i386-elf/dfbb0486385d938cfa9d73080b9d18d598ed4f49 -DCOREBOOT_SDK_ROOT_picolibc_x86=/home/jpmurphy/.cache/coreboot-sdk/picolibc-i386-elf/eb8e8e687b95461de8cbf278f1c2076952d0ad17 -DCOREBOOT_SDK_ROOT_riscv64=/home/jpmurphy/.cache/coreboot-sdk/riscv64-elf/96b949749225b6aaa92ed810ab769e8dfb12f000 -DCOREBOOT_SDK_ROOT_picolibc_arm=/home/jpmurphy/.cache/coreboot-sdk/picolibc-arm-eabi/422a2aa3e1ef891b5bece9a3deb696ff83840d2e -DCOREBOOT_SDK_ROOT_nds32=/home/jpmurphy/.cache/coreboot-sdk/nds32le-elf/d1a518c4a097666d86058e1444f85ca015d15511 -DCOREBOOT_SDK_ROOT_picolibc_riscv64=/home/jpmurphy/.cache/coreboot-sdk/picolibc-riscv64-elf/f571e990ef0278564b31124f8bb109d9a697eb69 -DCOREBOOT_SDK_ROOT_arm=/home/jpmurphy/.cache/coreboot-sdk/arm-eabi/ea40ddd1d190c3b48435c474c0b545719371813a -DCOREBOOT_SDK_ROOT_libstdcxx_riscv64=/home/jpmurphy/.cache/coreboot-sdk/libstdcxx-riscv64-elf/17abf22a3a252e2d5d2062ced5324f7a623689e0 -DCOREBOOT_SDK_ROOT_libstdcxx_arm=/home/jpmurphy/.cache/coreboot-sdk/libstdcxx-arm-eabi/5d7d82e150e44aa1968f1d366e267e6687b328ac -DCOREBOOT_SDK_ROOT_riscv=/home/jpmurphy/.cache/coreboot-sdk/riscv-elf/9a27b9e82341c6e9126624f516ab3f261abb3e73 -DCOREBOOT_SDK_ROOT_libstdcxx_x86=/home/jpmurphy/.cache/coreboot-sdk/libstdcxx-i386-elf/42ef9d2e87a76a37963175d7d428734e65648b87 -DZEPHYR_TOOLCHAIN_VARIANT=coreboot-sdk '-DZEPHYR_MODULES=/mnt/host/source/src/platform/ec/build/zephyr/kinmen/modules/ec;/mnt/host/source/src/platform/ec/build/zephyr/kinmen/modules/pigweed;/mnt/host/source/src/platform/ec/build/zephyr/kinmen/modules/nanopb' -DDTC_OVERLAY_FILE=/mnt/host/source/src/platform/ec/zephyr/program/fatcat/kinmen/project.overlay -DBOARD=it8xxx2/it82002aw -DCMAKE_C_FLAGS=-DSECTION_IS_RW '-DCONF_FILE=/mnt/host/source/src/platform/ec/zephyr/program/fatcat/program.conf;/mnt/host/source/src/platform/ec/zephyr/program/fatcat/kinmen/project.conf;/mnt/host/source/src/platform/ec/zephyr/program/fatcat/dsp_comms.conf;/mnt/host/source/src/platform/ec/build/zephyr/kinmen/kconfig-rw.conf'`
[kinmen:rw] Loading Zephyr default modules (Zephyr base (cached)).
[kinmen:rw] -- Application: /mnt/host/source/src/platform/ec/zephyr/program/fatcat
[kinmen:rw] -- CMake version: 3.31.7
[karis:rw] -- CMake version: 3.31.7
[karis:rw] -- Found Python3: /usr/bin/python3.11 (found suitable version "3.11.11", minimum required is "3.10") found components: Interpreter
[karis:rw] -- Cache files will be written to: /mnt/host/source/src/platform/ec/build/zephyr/user-cache
[karis:rw] -- Zephyr version: 4.3.99 (/mnt/host/source/src/third_party/zephyr/main)
[karis:ro] -- CMake version: 3.31.7
[karis:ro] -- Found Python3: /usr/bin/python3.11 (found suitable version "3.11.11", minimum required is "3.10") found components: Interpreter
[karis:ro] -- Cache files will be written to: /mnt/host/source/src/platform/ec/build/zephyr/user-cache
[lite-ish:singleimage] -- Found Python3: /usr/bin/python3.11 (found suitable version "3.11.11", minimum required is "3.10") found components: Interpreter
[lite-ish:singleimage] -- Cache files will be written to: /mnt/host/source/src/platform/ec/build/zephyr/user-cache
[kelpie:ro] -- Found Python3: /usr/bin/python3.11 (found suitable version "3.11.11", minimum required is "3.10") found components: Interpreter
[kelpie:ro] -- Cache files will be written to: /mnt/host/source/src/platform/ec/build/zephyr/user-cache
[karis:ro] -- Zephyr version: 4.3.99 (/mnt/host/source/src/third_party/zephyr/main)
[lite-ish:singleimage] -- Zephyr version: 4.3.99 (/mnt/host/source/src/third_party/zephyr/main)
[kelpie:ro] -- Zephyr version: 4.3.99 (/mnt/host/source/src/third_party/zephyr/main)
[craaskov:rw] -- CMake version: 3.31.7
[craaskov:rw] -- Found Python3: /usr/bin/python3.11 (found suitable version "3.11.11", minimum required is "3.10") found components: Interpreter
[craaskov:rw] -- Cache files will be written to: /mnt/host/source/src/platform/ec/build/zephyr/user-cache
[craaskov:rw] -- Zephyr version: 4.3.99 (/mnt/host/source/src/third_party/zephyr/main)
[craaskov:ro] -- CMake version: 3.31.7
[kelpie:rw] -- Found Python3: /usr/bin/python3.11 (found suitable version "3.11.11", minimum required is "3.10") found components: Interpreter
[craaskov:ro] -- Found Python3: /usr/bin/python3.11 (found suitable version "3.11.11", minimum required is "3.10") found components: Interpreter
[craaskov:ro] -- Cache files will be written to: /mnt/host/source/src/platform/ec/build/zephyr/user-cache
[craaskov:ro] -- Zephyr version: 4.3.99 (/mnt/host/source/src/third_party/zephyr/main)
[kelpie:rw] -- Cache files will be written to: /mnt/host/source/src/platform/ec/build/zephyr/user-cache
[kelpie:rw] -- Zephyr version: 4.3.99 (/mnt/host/source/src/third_party/zephyr/main)
[kinmen:rw] -- Found Python3: /usr/bin/python3.11 (found suitable version "3.11.11", minimum required is "3.10") found components: Interpreter
[kinmen:rw] -- Cache files will be written to: /mnt/host/source/src/platform/ec/build/zephyr/user-cache
[kinmen:rw] -- Zephyr version: 4.3.99 (/mnt/host/source/src/third_party/zephyr/main)
[/mnt/host/source/src/platform/ec/build/zephyr/fatcatrvp-npcx-lcov] geninfo: WARNING: (format) invalid characters removed from testname
[/mnt/host/source/src/platform/ec/build/zephyr/roach-lcov] geninfo: WARNING: using JSON module "JSON::PP" - which is much slower than some alternatives.  Consider installing one of JSON::XS or Cpanel::JSON::XS
[/mnt/host/source/src/platform/ec/build/zephyr/baze-lcov] geninfo: WARNING: using JSON module "JSON::PP" - which is much slower than some alternatives.  Consider installing one of JSON::XS or Cpanel::JSON::XS
[/mnt/host/source/src/platform/ec/build/zephyr/fatcatrvp-npcx-lcov] 	(use "geninfo --ignore-errors format,format ..." to suppress this warning)
[/mnt/host/source/src/platform/ec/build/zephyr/fatcatrvp-npcx-lcov] geninfo: WARNING: using JSON module "JSON::PP" - which is much slower than some alternatives.  Consider installing one of JSON::XS or Cpanel::JSON::XS
[kyogre:ro] -- Board: npcx9, qualifiers: npcx9m3f
[kyogre:rw] -- Board: npcx9, qualifiers: npcx9m3f
[/mnt/host/source/src/platform/ec/build/zephyr/ptlrvp_mchp-lcov]   /mnt/host/source/src/platform/ec/build/zephyr/ptlrvp_mchp/build-ro/zephyr/CMakeFiles/zephyr.dir/subsys/shell/modules/kernel_service/kernel_shell.c.gcno:no functions found
[/mnt/host/source/src/platform/ec/build/zephyr/ptlrvp_mchp-lcov] stderr:
[pujjogatwin:ro] -- Board: npcx9, qualifiers: npcx9m3f
[karis:rw] -- Board: npcx9, qualifiers: npcx9m7f
[kelpie:ro] -- Board: it8xxx2, qualifiers: it82202ax/512
[/mnt/host/source/src/platform/ec/build/zephyr/ptlrvp_mchp-lcov]   /mnt/host/source/src/platform/ec/build/zephyr/ptlrvp_mchp/build-ro/zephyr/CMakeFiles/zephyr.dir/lib/libc/validate_libc.c.gcno:no functions found
[/mnt/host/source/src/platform/ec/build/zephyr/ptlrvp_mchp-lcov] stderr:
[karis:ro] -- Board: npcx9, qualifiers: npcx9m7f
[kelpie:rw] -- Board: it8xxx2, qualifiers: it82202ax/512
[lite-ish:singleimage] -- Board: intel_ish_5_4_1, qualifiers: intel_ish_5_4_1
[craaskov:rw] -- Board: npcx9, qualifiers: npcx9m3f
[craaskov:ro] -- Board: npcx9, qualifiers: npcx9m3f
[kinmen:rw] -- Board: it8xxx2, qualifiers: it82002aw
[/mnt/host/source/src/platform/ec/build/zephyr/baze-lcov] stderr:
[/mnt/host/source/src/platform/ec/build/zephyr/fatcatrvp-npcx-lcov] stderr:
[/mnt/host/source/src/platform/ec/build/zephyr/baze-lcov]   /mnt/host/source/src/platform/ec/build/zephyr/baze/build-ro/modules/ec/zephyr/CMakeFiles/ec_shim.dir/shim/src/power.c.gcno:no functions found
[/mnt/host/source/src/platform/ec/build/zephyr/baze-lcov] stderr:
[/mnt/host/source/src/platform/ec/build/zephyr/fatcatrvp-npcx-lcov]   /mnt/host/source/src/platform/ec/build/zephyr/fatcatrvp-npcx/build-ro/modules/ec/zephyr/CMakeFiles/ec_shim.dir/shim/src/thermal.c.gcno:no functions found
[/mnt/host/source/src/platform/ec/build/zephyr/fatcatrvp-npcx-lcov] stderr:
[/mnt/host/source/src/platform/ec/build/zephyr/baze-lcov]   /mnt/host/source/src/platform/ec/build/zephyr/baze/build-ro/modules/ec/zephyr/CMakeFiles/ec_shim.dir/shim/src/thermal.c.gcno:no functions found
[/mnt/host/source/src/platform/ec/build/zephyr/baze-lcov] stderr:
[/mnt/host/source/src/platform/ec/build/zephyr/roach-lcov] stderr:
[/mnt/host/source/src/platform/ec/build/zephyr/fatcatrvp-npcx-lcov]   /mnt/host/source/src/platform/ec/build/zephyr/fatcatrvp-npcx/build-ro/modules/ec/zephyr/CMakeFiles/ec_shim.dir/shim/src/battery.c.gcno:no functions found
[/mnt/host/source/src/platform/ec/build/zephyr/fatcatrvp-npcx-lcov] stderr:
[/mnt/host/source/src/platform/ec/build/zephyr/baze-lcov]   /mnt/host/source/src/platform/ec/build/zephyr/baze/build-ro/modules/ec/zephyr/CMakeFiles/ec_shim.dir/shim/src/battery.c.gcno:no functions found
[/mnt/host/source/src/platform/ec/build/zephyr/baze-lcov] stderr:
[kyogre:ro] -- Found Dtc: /usr/bin/dtc (found suitable version "1.6.0", minimum required is "1.4.6")
[kyogre:ro] -- Found BOARD.dts: /mnt/host/source/src/platform/ec/zephyr/boards/google/npcx9/npcx9_npcx9m3f.dts
[kyogre:rw] -- Found Dtc: /usr/bin/dtc (found suitable version "1.6.0", minimum required is "1.4.6")
[/mnt/host/source/src/platform/ec/build/zephyr/kaladin-lcov]   /mnt/host/source/src/platform/ec/build/zephyr/kaladin/build-ro/modules/ec/zephyr/drivers/dsp_comms/CMakeFiles/dsp_comms.proto.nanopb.dir/dsp_comms.proto/nanopb/proto/ec_dsp.pb.c.gcno:no functions found
[/mnt/host/source/src/platform/ec/build/zephyr/kaladin-lcov] stderr:
[kyogre:rw] -- Found BOARD.dts: /mnt/host/source/src/platform/ec/zephyr/boards/google/npcx9/npcx9_npcx9m3f.dts
[pujjogatwin:ro] -- Found Dtc: /usr/bin/dtc (found suitable version "1.6.0", minimum required is "1.4.6")
[pujjogatwin:ro] -- Found BOARD.dts: /mnt/host/source/src/platform/ec/zephyr/boards/google/npcx9/npcx9_npcx9m3f.dts
[kelpie:ro] -- Found Dtc: /usr/bin/dtc (found suitable version "1.6.0", minimum required is "1.4.6")
[kelpie:ro] -- Found BOARD.dts: /mnt/host/source/src/platform/ec/zephyr/boards/google/it8xxx2/it8xxx2_it82202ax_512.dts
[kelpie:ro] -- Found devicetree overlay: /mnt/host/source/src/platform/ec/zephyr/program/roach/kelpie/project.overlay
[karis:ro] -- Found Dtc: /usr/bin/dtc (found suitable version "1.6.0", minimum required is "1.4.6")
[karis:ro] -- Found BOARD.dts: /mnt/host/source/src/platform/ec/zephyr/boards/google/npcx9/npcx9_npcx9m7f.dts
[karis:ro] -- Found devicetree overlay: /mnt/host/source/src/platform/ec/zephyr/program/rex/karis/project.overlay
[karis:rw] -- Found Dtc: /usr/bin/dtc (found suitable version "1.6.0", minimum required is "1.4.6")
[karis:rw] -- Found BOARD.dts: /mnt/host/source/src/platform/ec/zephyr/boards/google/npcx9/npcx9_npcx9m7f.dts
[karis:rw] -- Found devicetree overlay: /mnt/host/source/src/platform/ec/zephyr/program/rex/karis/project.overlay
[craaskov:ro] -- Found Dtc: /usr/bin/dtc (found suitable version "1.6.0", minimum required is "1.4.6")
[/mnt/host/source/src/platform/ec/build/zephyr/baze-lcov]   /mnt/host/source/src/platform/ec/build/zephyr/baze/build-ro/modules/ec/zephyr/CMakeFiles/ec_shim.dir/shim/src/charger.c.gcno:no functions found
[/mnt/host/source/src/platform/ec/build/zephyr/baze-lcov] stderr:
[craaskov:ro] -- Found BOARD.dts: /mnt/host/source/src/platform/ec/zephyr/boards/google/npcx9/npcx9_npcx9m3f.dts
[craaskov:ro] -- Found devicetree overlay: /mnt/host/source/src/platform/ec/zephyr/program/nissa/craaskov/project.overlay
[lite-ish:singleimage] -- Found Dtc: /usr/bin/dtc (found suitable version "1.6.0", minimum required is "1.4.6")
[lite-ish:singleimage] -- Found BOARD.dts: /mnt/host/source/src/third_party/zephyr/main/boards/intel/ish/intel_ish_5_4_1.dts
[kelpie:rw] -- Found Dtc: /usr/bin/dtc (found suitable version "1.6.0", minimum required is "1.4.6")
[kelpie:rw] -- Found BOARD.dts: /mnt/host/source/src/platform/ec/zephyr/boards/google/it8xxx2/it8xxx2_it82202ax_512.dts
[craaskov:rw] -- Found Dtc: /usr/bin/dtc (found suitable version "1.6.0", minimum required is "1.4.6")
[craaskov:rw] -- Found BOARD.dts: /mnt/host/source/src/platform/ec/zephyr/boards/google/npcx9/npcx9_npcx9m3f.dts
[craaskov:rw] -- Found devicetree overlay: /mnt/host/source/src/platform/ec/zephyr/program/nissa/craaskov/project.overlay
[kinmen:rw] -- Found Dtc: /usr/bin/dtc (found suitable version "1.6.0", minimum required is "1.4.6")
[kinmen:rw] -- Found BOARD.dts: /mnt/host/source/src/platform/ec/zephyr/boards/google/it8xxx2/it8xxx2_it82002aw.dts
[kinmen:rw] -- Found devicetree overlay: /mnt/host/source/src/platform/ec/zephyr/program/fatcat/kinmen/project.overlay
[/mnt/host/source/src/platform/ec/build/zephyr/baze-lcov]   /mnt/host/source/src/platform/ec/build/zephyr/baze/build-ro/modules/ec/zephyr/CMakeFiles/ec_shim.dir/shim/src/usba.c.gcno:no functions found
[/mnt/host/source/src/platform/ec/build/zephyr/baze-lcov] stderr:
[lite-ish:singleimage] -- Found devicetree overlay: /mnt/host/source/src/platform/ec/zephyr/program/trulo/lite-ish/project.overlay
[lite-ish:singleimage] -- Generated zephyr.dts: /mnt/host/source/src/platform/ec/build/zephyr/lite-ish/build-singleimage/zephyr/zephyr.dts
[lite-ish:singleimage] -- Generated pickled edt: /mnt/host/source/src/platform/ec/build/zephyr/lite-ish/build-singleimage/zephyr/edt.pickle
[lite-ish:singleimage] -- Generated devicetree_generated.h: /mnt/host/source/src/platform/ec/build/zephyr/lite-ish/build-singleimage/zephyr/include/generated/zephyr/devicetree_generated.h
[kelpie:ro] -- Generated zephyr.dts: /mnt/host/source/src/platform/ec/build/zephyr/kelpie/build-ro/zephyr/zephyr.dts
[kelpie:ro] -- Generated pickled edt: /mnt/host/source/src/platform/ec/build/zephyr/kelpie/build-ro/zephyr/edt.pickle
[/mnt/host/source/src/platform/ec/build/zephyr/fatcatrvp-npcx-lcov]   /mnt/host/source/src/platform/ec/build/zephyr/fatcatrvp-npcx/build-ro/modules/ec/zephyr/CMakeFiles/ec_shim.dir/shim/src/charger.c.gcno:no functions found
[/mnt/host/source/src/platform/ec/build/zephyr/fatcatrvp-npcx-lcov] stderr:
[kelpie:rw] -- Found devicetree overlay: /mnt/host/source/src/platform/ec/zephyr/program/roach/kelpie/project.overlay
[kelpie:rw] -- Generated zephyr.dts: /mnt/host/source/src/platform/ec/build/zephyr/kelpie/build-rw/zephyr/zephyr.dts
[kyogre:rw] node '/batteries/SIMPLO_CP856931' compatible 'SIMPLO,CP856931' has unknown vendor prefix 'SIMPLO'
[kyogre:rw] node '/batteries/SIMPLO_CP856932' compatible 'SIMPLO,CP856932' has unknown vendor prefix 'SIMPLO'
[kyogre:ro] node '/batteries/SIMPLO_CP856931' compatible 'SIMPLO,CP856931' has unknown vendor prefix 'SIMPLO'
[kyogre:ro] node '/batteries/SIMPLO_CP856932' compatible 'SIMPLO,CP856932' has unknown vendor prefix 'SIMPLO'
[kelpie:ro] -- Generated devicetree_generated.h: /mnt/host/source/src/platform/ec/build/zephyr/kelpie/build-ro/zephyr/include/generated/zephyr/devicetree_generated.h
[kyogre:ro] -- Found devicetree overlay: /mnt/host/source/src/platform/ec/zephyr/program/corsola/kyogre/project.overlay
[kyogre:ro] -- Generated zephyr.dts: /mnt/host/source/src/platform/ec/build/zephyr/kyogre/build-ro/zephyr/zephyr.dts
[kyogre:ro] -- Generated pickled edt: /mnt/host/source/src/platform/ec/build/zephyr/kyogre/build-ro/zephyr/edt.pickle
[kyogre:rw] -- Found devicetree overlay: /mnt/host/source/src/platform/ec/zephyr/program/corsola/kyogre/project.overlay
[kyogre:rw] -- Generated zephyr.dts: /mnt/host/source/src/platform/ec/build/zephyr/kyogre/build-rw/zephyr/zephyr.dts
[kyogre:rw] -- Generated pickled edt: /mnt/host/source/src/platform/ec/build/zephyr/kyogre/build-rw/zephyr/edt.pickle
[kelpie:rw] -- Generated pickled edt: /mnt/host/source/src/platform/ec/build/zephyr/kelpie/build-rw/zephyr/edt.pickle
[kelpie:rw] -- Generated devicetree_generated.h: /mnt/host/source/src/platform/ec/build/zephyr/kelpie/build-rw/zephyr/include/generated/zephyr/devicetree_generated.h
[pujjogatwin:ro] -- Found devicetree overlay: /mnt/host/source/src/platform/ec/zephyr/program/nissa/pujjogatwin/project.overlay
[pujjogatwin:ro] -- Generated zephyr.dts: /mnt/host/source/src/platform/ec/build/zephyr/pujjogatwin/build-ro/zephyr/zephyr.dts
[pujjogatwin:ro] -- Generated pickled edt: /mnt/host/source/src/platform/ec/build/zephyr/pujjogatwin/build-ro/zephyr/edt.pickle
[kinmen:rw] -- Generated zephyr.dts: /mnt/host/source/src/platform/ec/build/zephyr/kinmen/build-rw/zephyr/zephyr.dts
[kinmen:rw] -- Generated pickled edt: /mnt/host/source/src/platform/ec/build/zephyr/kinmen/build-rw/zephyr/edt.pickle
[karis:ro] -- Generated zephyr.dts: /mnt/host/source/src/platform/ec/build/zephyr/karis/build-ro/zephyr/zephyr.dts
[kyogre:rw] -- Generated devicetree_generated.h: /mnt/host/source/src/platform/ec/build/zephyr/kyogre/build-rw/zephyr/include/generated/zephyr/devicetree_generated.h
[craaskov:ro] -- Generated zephyr.dts: /mnt/host/source/src/platform/ec/build/zephyr/craaskov/build-ro/zephyr/zephyr.dts
[kyogre:ro] -- Generated devicetree_generated.h: /mnt/host/source/src/platform/ec/build/zephyr/kyogre/build-ro/zephyr/include/generated/zephyr/devicetree_generated.h
[karis:rw] -- Generated zephyr.dts: /mnt/host/source/src/platform/ec/build/zephyr/karis/build-rw/zephyr/zephyr.dts
[craaskov:rw] -- Generated zephyr.dts: /mnt/host/source/src/platform/ec/build/zephyr/craaskov/build-rw/zephyr/zephyr.dts
[pujjogatwin:ro] -- Generated devicetree_generated.h: /mnt/host/source/src/platform/ec/build/zephyr/pujjogatwin/build-ro/zephyr/include/generated/zephyr/devicetree_generated.h
[/mnt/host/source/src/platform/ec/build/zephyr/kaladin-lcov]   /mnt/host/source/src/platform/ec/build/zephyr/kaladin/build-ro/CMakeFiles/app.dir/mnt/host/source/src/platform/ec/build/zephyr/kaladin/modules/ec/common/chargen.c.gcno:no functions found
[/mnt/host/source/src/platform/ec/build/zephyr/kaladin-lcov] stderr:
[kinmen:rw] -- Generated devicetree_generated.h: /mnt/host/source/src/platform/ec/build/zephyr/kinmen/build-rw/zephyr/include/generated/zephyr/devicetree_generated.h
[karis:ro] -- Generated pickled edt: /mnt/host/source/src/platform/ec/build/zephyr/karis/build-ro/zephyr/edt.pickle
[karis:ro] -- Generated devicetree_generated.h: /mnt/host/source/src/platform/ec/build/zephyr/karis/build-ro/zephyr/include/generated/zephyr/devicetree_generated.h
[craaskov:ro] -- Generated pickled edt: /mnt/host/source/src/platform/ec/build/zephyr/craaskov/build-ro/zephyr/edt.pickle
[craaskov:ro] -- Generated devicetree_generated.h: /mnt/host/source/src/platform/ec/build/zephyr/craaskov/build-ro/zephyr/include/generated/zephyr/devicetree_generated.h
[karis:rw] -- Generated pickled edt: /mnt/host/source/src/platform/ec/build/zephyr/karis/build-rw/zephyr/edt.pickle
[karis:rw] -- Generated devicetree_generated.h: /mnt/host/source/src/platform/ec/build/zephyr/karis/build-rw/zephyr/include/generated/zephyr/devicetree_generated.h
[kelpie:ro] /mnt/host/source/src/platform/ec/build/zephyr/kelpie/build-ro/zephyr/zephyr.dts:1264.27-1923.5: Warning (avoid_unnecessary_addr_size): /soc/pin-controller: unnecessary #address-cells/#size-cells without "ranges" or child "reg" property
[craaskov:rw] -- Generated pickled edt: /mnt/host/source/src/platform/ec/build/zephyr/craaskov/build-rw/zephyr/edt.pickle
[craaskov:rw] -- Generated devicetree_generated.h: /mnt/host/source/src/platform/ec/build/zephyr/craaskov/build-rw/zephyr/include/generated/zephyr/devicetree_generated.h
[kelpie:rw] /mnt/host/source/src/platform/ec/build/zephyr/kelpie/build-rw/zephyr/zephyr.dts:1264.27-1923.5: Warning (avoid_unnecessary_addr_size): /soc/pin-controller: unnecessary #address-cells/#size-cells without "ranges" or child "reg" property
[kinmen:rw] /mnt/host/source/src/platform/ec/build/zephyr/kinmen/build-rw/zephyr/zephyr.dts:1293.27-1983.5: Warning (avoid_unnecessary_addr_size): /soc/pin-controller: unnecessary #address-cells/#size-cells without "ranges" or child "reg" property
[kinmen:rw] /mnt/host/source/src/platform/ec/build/zephyr/kinmen/build-rw/zephyr/zephyr.dts:2757.15-2766.5: Warning (gpios_property): /fans/fan_0: Missing property '#gpio-cells' in node /named-gpios/all_sys_pg or bad phandle (referred from pgood-gpio[0])
[kinmen:rw] /mnt/host/source/src/platform/ec/build/zephyr/kinmen/build-rw/zephyr/zephyr.dts:2757.15-2766.5: Warning (gpios_property): /fans/fan_0: Missing property '#gpio-cells' in node /named-gpios/en_pp5000_fan or bad phandle (referred from enable-gpio[0])
[/mnt/host/source/src/platform/ec/build/zephyr/roach-lcov]   /mnt/host/source/src/platform/ec/build/zephyr/roach/build-ro/modules/ec/zephyr/CMakeFiles/ec_shim.dir/shim/src/keyscan.c.gcno:no functions found
[/mnt/host/source/src/platform/ec/build/zephyr/roach-lcov] stderr:
[craaskov:ro] /mnt/host/source/src/platform/ec/build/zephyr/craaskov/build-ro/zephyr/zephyr.dts:4682.9-4689.5: Warning (gpios_property): /fans/fan_0: Missing property '#gpio-cells' in node /named-gpios/fan-enable or bad phandle (referred from enable-gpio[0])
[karis:ro] /mnt/host/source/src/platform/ec/build/zephyr/karis/build-ro/zephyr/zephyr.dts:4202.15-4209.5: Warning (gpios_property): /fans/fan_0: Missing property '#gpio-cells' in node /named-gpios/en_pp5000_fan or bad phandle (referred from enable-gpio[0])
[karis:rw] /mnt/host/source/src/platform/ec/build/zephyr/karis/build-rw/zephyr/zephyr.dts:4202.15-4209.5: Warning (gpios_property): /fans/fan_0: Missing property '#gpio-cells' in node /named-gpios/en_pp5000_fan or bad phandle (referred from enable-gpio[0])
[craaskov:rw] /mnt/host/source/src/platform/ec/build/zephyr/craaskov/build-rw/zephyr/zephyr.dts:4682.9-4689.5: Warning (gpios_property): /fans/fan_0: Missing property '#gpio-cells' in node /named-gpios/fan-enable or bad phandle (referred from enable-gpio[0])
[/mnt/host/source/src/platform/ec/build/zephyr/roach-lcov]   /mnt/host/source/src/platform/ec/build/zephyr/roach/build-ro/zephyr/arch/arch/riscv/core/CMakeFiles/arch__riscv__core.dir/cpu_idle.c.gcno:no functions found
[/mnt/host/source/src/platform/ec/build/zephyr/roach-lcov] stderr:
[lite-ish:singleimage] Parsing /mnt/host/source/src/platform/ec/zephyr/program/trulo/Kconfig
[/mnt/host/source/src/platform/ec/build/zephyr/roach-lcov]   /mnt/host/source/src/platform/ec/build/zephyr/roach/build-ro/zephyr/arch/common/CMakeFiles/isr_tables.dir/isr_tables.c.gcno:no functions found
[/mnt/host/source/src/platform/ec/build/zephyr/roach-lcov] stderr:
[kelpie:ro] warning: USB_DEVICE_VID (defined at
[kelpie:ro] /mnt/host/source/src/platform/ec/zephyr/subsys/usbd_service/Kconfig:107,
[kelpie:ro] subsys/usb/device/Kconfig:20) was assigned the value '0x18D1' but got the value ''. Check these
[kelpie:ro] unsatisfied dependencies: (USB_DEVICE_STACK_NEXT || USB_DEVICE_STACK) (=n). See
[kelpie:ro] http://docs.zephyrproject.org/latest/kconfig.html#CONFIG_USB_DEVICE_VID and/or look up
[kelpie:ro] USB_DEVICE_VID in the menuconfig/guiconfig interface. The Application Development Primer, Setting
[kelpie:ro] Configuration Values, and Kconfig - Tips and Best Practices sections of the manual might be helpful
[kelpie:ro] too.
[kelpie:ro] warning: USB_DEVICE_PID (defined at
[kelpie:ro] /mnt/host/source/src/platform/ec/zephyr/subsys/usbd_service/Kconfig:113,
[kelpie:ro] subsys/usb/device/Kconfig:26) was assigned the value '0x5069' but got the value ''. Check these
[kelpie:ro] unsatisfied dependencies: (USB_DEVICE_STACK_NEXT || USB_DEVICE_STACK) (=n). See
[kelpie:ro] http://docs.zephyrproject.org/latest/kconfig.html#CONFIG_USB_DEVICE_PID and/or look up
[kelpie:ro] USB_DEVICE_PID in the menuconfig/guiconfig interface. The Application Development Primer, Setting
[kelpie:ro] Configuration Values, and Kconfig - Tips and Best Practices sections of the manual might be helpful
[kelpie:ro] too.
[kelpie:rw] warning: USB_DEVICE_VID (defined at
[kelpie:rw] /mnt/host/source/src/platform/ec/zephyr/subsys/usbd_service/Kconfig:107,
[kelpie:rw] subsys/usb/device/Kconfig:20) was assigned the value '0x18D1' but got the value ''. Check these
[kelpie:rw] unsatisfied dependencies: (USB_DEVICE_STACK_NEXT || USB_DEVICE_STACK) (=n). See
[kelpie:rw] http://docs.zephyrproject.org/latest/kconfig.html#CONFIG_USB_DEVICE_VID and/or look up
[kelpie:rw] USB_DEVICE_VID in the menuconfig/guiconfig interface. The Application Development Primer, Setting
[kelpie:rw] Configuration Values, and Kconfig - Tips and Best Practices sections of the manual might be helpful
[kelpie:rw] too.
[kelpie:rw] warning: USB_DEVICE_PID (defined at
[kelpie:rw] /mnt/host/source/src/platform/ec/zephyr/subsys/usbd_service/Kconfig:113,
[kelpie:rw] subsys/usb/device/Kconfig:26) was assigned the value '0x5069' but got the value ''. Check these
[kelpie:rw] unsatisfied dependencies: (USB_DEVICE_STACK_NEXT || USB_DEVICE_STACK) (=n). See
[kelpie:rw] http://docs.zephyrproject.org/latest/kconfig.html#CONFIG_USB_DEVICE_PID and/or look up
[kelpie:rw] USB_DEVICE_PID in the menuconfig/guiconfig interface. The Application Development Primer, Setting
[kelpie:rw] Configuration Values, and Kconfig - Tips and Best Practices sections of the manual might be helpful
[kelpie:rw] too.
[kelpie:rw] warning: PLATFORM_EC_RSA_KEY_SIZE (defined at
[kelpie:rw] /mnt/host/source/src/platform/ec/zephyr/Kconfig.rsa:15) was assigned the value '3072' but got the
[kelpie:rw] value ''. Check these unsatisfied dependencies: PLATFORM_EC_RSA (=n). See
[kelpie:rw] http://docs.zephyrproject.org/latest/kconfig.html#CONFIG_PLATFORM_EC_RSA_KEY_SIZE and/or look up
[kelpie:rw] PLATFORM_EC_RSA_KEY_SIZE in the menuconfig/guiconfig interface. The Application Development Primer,
[kelpie:rw] Setting Configuration Values, and Kconfig - Tips and Best Practices sections of the manual might be
[kelpie:rw] helpful too.
[kelpie:rw] warning: PLATFORM_EC_RSA_EXPONENT_3 (defined at
[kelpie:rw] /mnt/host/source/src/platform/ec/zephyr/Kconfig.rsa:21) was assigned the value 'y' but got the value
[kelpie:rw] 'n'. Check these unsatisfied dependencies: PLATFORM_EC_RSA (=n). See
[kelpie:rw] http://docs.zephyrproject.org/latest/kconfig.html#CONFIG_PLATFORM_EC_RSA_EXPONENT_3 and/or look up
[kelpie:rw] PLATFORM_EC_RSA_EXPONENT_3 in the menuconfig/guiconfig interface. The Application Development
[kelpie:rw] Primer, Setting Configuration Values, and Kconfig - Tips and Best Practices sections of the manual
[kelpie:rw] might be helpful too.
[kelpie:rw] warning: Deprecated symbol I2C_ALLOW_NO_STOP_TRANSACTIONS is enabled.
[lite-ish:singleimage] Loaded configuration '/mnt/host/source/src/third_party/zephyr/main/boards/intel/ish/intel_ish_5_4_1_defconfig'
[lite-ish:singleimage] Merged configuration '/mnt/host/source/src/platform/ec/zephyr/program/trulo/lite-ish/project.conf'
[lite-ish:singleimage] Merged configuration '/mnt/host/source/src/platform/ec/build/zephyr/lite-ish/kconfig-singleimage.conf'
[lite-ish:singleimage] Configuration saved to '/mnt/host/source/src/platform/ec/build/zephyr/lite-ish/build-singleimage/zephyr/.config'
[lite-ish:singleimage] Kconfig header saved to '/mnt/host/source/src/platform/ec/build/zephyr/lite-ish/build-singleimage/zephyr/include/generated/zephyr/autoconf.h'
[lite-ish:singleimage] -- Found GnuLd: /home/jpmurphy/.cache/coreboot-sdk/i386-elf/dfbb0486385d938cfa9d73080b9d18d598ed4f49/i386-elf/bin/ld.bfd (found version "2.43.1")
[/mnt/host/source/src/platform/ec/build/zephyr/baze-lcov]   /mnt/host/source/src/platform/ec/build/zephyr/baze/build-ro/modules/ec/zephyr/CMakeFiles/ec_shim.dir/shim/src/keyscan.c.gcno:no functions found
[/mnt/host/source/src/platform/ec/build/zephyr/baze-lcov] stderr:
[kyogre:rw] warning: PLATFORM_EC_LED_COMMON (defined at /mnt/host/source/src/platform/ec/zephyr/Kconfig.led:5)
[kyogre:rw] was assigned the value 'y' but got the value 'n'. Check these unsatisfied dependencies:
[kyogre:rw] (!PLATFORM_EC_LED_DT) (=n). See
[kyogre:rw] http://docs.zephyrproject.org/latest/kconfig.html#CONFIG_PLATFORM_EC_LED_COMMON and/or look up
[kyogre:rw] PLATFORM_EC_LED_COMMON in the menuconfig/guiconfig interface. The Application Development Primer,
[kyogre:rw] Setting Configuration Values, and Kconfig - Tips and Best Practices sections of the manual might be
[kyogre:rw] helpful too.
[kyogre:rw] warning: PLATFORM_EC_LED_ONOFF_STATES (defined at
[kyogre:rw] /mnt/host/source/src/platform/ec/zephyr/Kconfig.led:157) was assigned the value 'y' but got the
[kyogre:rw] value 'n'. Check these unsatisfied dependencies: PLATFORM_EC_LED_COMMON (=n). See
[kyogre:rw] http://docs.zephyrproject.org/latest/kconfig.html#CONFIG_PLATFORM_EC_LED_ONOFF_STATES and/or look up
[kyogre:rw] PLATFORM_EC_LED_ONOFF_STATES in the menuconfig/guiconfig interface. The Application Development
[kyogre:rw] Primer, Setting Configuration Values, and Kconfig - Tips and Best Practices sections of the manual
[kyogre:rw] might be helpful too.
[kyogre:rw] warning: The choice symbol PLATFORM_EC_ACCELGYRO_BMI_COMM_I2C (defined at
[kyogre:rw] /mnt/host/source/src/platform/ec/zephyr/Kconfig.accelgyro_bmi:23) was selected (set =y), but no
[kyogre:rw] symbol ended up as the choice selection. See
[kyogre:rw] http://docs.zephyrproject.org/latest/kconfig.html#CONFIG_PLATFORM_EC_ACCELGYRO_BMI_COMM_I2C and/or
[kyogre:rw] look up PLATFORM_EC_ACCELGYRO_BMI_COMM_I2C in the menuconfig/guiconfig interface. The Application
[kyogre:rw] Development Primer, Setting Configuration Values, and Kconfig - Tips and Best Practices sections of
[kyogre:rw] the manual might be helpful too.
[kyogre:rw] warning: The choice symbol PLATFORM_EC_USB_PD_FRS_TCPC (defined at
[kyogre:rw] /mnt/host/source/src/platform/ec/zephyr/Kconfig.pd_frs:36) was selected (set =y), but no symbol
[kyogre:rw] ended up as the choice selection. See
[kyogre:rw] http://docs.zephyrproject.org/latest/kconfig.html#CONFIG_PLATFORM_EC_USB_PD_FRS_TCPC and/or look up
[kyogre:rw] PLATFORM_EC_USB_PD_FRS_TCPC in the menuconfig/guiconfig interface. The Application Development
[kyogre:rw] Primer, Setting Configuration Values, and Kconfig - Tips and Best Practices sections of the manual
[kyogre:rw] might be helpful too.
[lite-ish:singleimage] -- The C compiler identification is GNU 14.2.0
[kelpie:ro] Parsing /mnt/host/source/src/platform/ec/zephyr/program/roach/Kconfig
[lite-ish:singleimage] -- The CXX compiler identification is GNU 14.2.0
[kelpie:rw] Parsing /mnt/host/source/src/platform/ec/zephyr/program/roach/Kconfig
[lite-ish:singleimage] -- The ASM compiler identification is GNU
[lite-ish:singleimage] -- Found assembler: /home/jpmurphy/.cache/coreboot-sdk/i386-elf/dfbb0486385d938cfa9d73080b9d18d598ed4f49/bin/i386-elf-gcc
[kyogre:ro] warning: PLATFORM_EC_LED_COMMON (defined at /mnt/host/source/src/platform/ec/zephyr/Kconfig.led:5)
[kyogre:ro] was assigned the value 'y' but got the value 'n'. Check these unsatisfied dependencies:
[kyogre:ro] (!PLATFORM_EC_LED_DT) (=n). See
[kyogre:ro] http://docs.zephyrproject.org/latest/kconfig.html#CONFIG_PLATFORM_EC_LED_COMMON and/or look up
[kyogre:ro] PLATFORM_EC_LED_COMMON in the menuconfig/guiconfig interface. The Application Development Primer,
[kyogre:ro] Setting Configuration Values, and Kconfig - Tips and Best Practices sections of the manual might be
[kyogre:ro] helpful too.
[kyogre:ro] warning: PLATFORM_EC_LED_ONOFF_STATES (defined at
[kyogre:ro] /mnt/host/source/src/platform/ec/zephyr/Kconfig.led:157) was assigned the value 'y' but got the
[kyogre:ro] value 'n'. Check these unsatisfied dependencies: PLATFORM_EC_LED_COMMON (=n). See
[kyogre:ro] http://docs.zephyrproject.org/latest/kconfig.html#CONFIG_PLATFORM_EC_LED_ONOFF_STATES and/or look up
[kyogre:ro] PLATFORM_EC_LED_ONOFF_STATES in the menuconfig/guiconfig interface. The Application Development
[kyogre:ro] Primer, Setting Configuration Values, and Kconfig - Tips and Best Practices sections of the manual
[kyogre:ro] might be helpful too.
[kyogre:ro] warning: The choice symbol PLATFORM_EC_ACCELGYRO_BMI_COMM_I2C (defined at
[kyogre:ro] /mnt/host/source/src/platform/ec/zephyr/Kconfig.accelgyro_bmi:23) was selected (set =y), but no
[kyogre:ro] symbol ended up as the choice selection. See
[kyogre:ro] http://docs.zephyrproject.org/latest/kconfig.html#CONFIG_PLATFORM_EC_ACCELGYRO_BMI_COMM_I2C and/or
[kyogre:ro] look up PLATFORM_EC_ACCELGYRO_BMI_COMM_I2C in the menuconfig/guiconfig interface. The Application
[kyogre:ro] Development Primer, Setting Configuration Values, and Kconfig - Tips and Best Practices sections of
[kyogre:ro] the manual might be helpful too.
[kyogre:ro] warning: The choice symbol PLATFORM_EC_USB_PD_FRS_TCPC (defined at
[kyogre:ro] /mnt/host/source/src/platform/ec/zephyr/Kconfig.pd_frs:36) was selected (set =y), but no symbol
[kyogre:ro] ended up as the choice selection. See
[kyogre:ro] http://docs.zephyrproject.org/latest/kconfig.html#CONFIG_PLATFORM_EC_USB_PD_FRS_TCPC and/or look up
[kyogre:ro] PLATFORM_EC_USB_PD_FRS_TCPC in the menuconfig/guiconfig interface. The Application Development
[kyogre:ro] Primer, Setting Configuration Values, and Kconfig - Tips and Best Practices sections of the manual
[kyogre:ro] might be helpful too.
[kyogre:ro] warning: Deprecated symbol I2C_ALLOW_NO_STOP_TRANSACTIONS is enabled.
[pujjogatwin:ro] warning: PLATFORM_EC_OCPC_DEF_RBATT_MOHMS (defined at
[pujjogatwin:ro] /mnt/host/source/src/platform/ec/zephyr/Kconfig.charger:279) was assigned the value '22' but got the
[pujjogatwin:ro] value ''. Check these unsatisfied dependencies: PLATFORM_EC_OCPC (=n). See
[pujjogatwin:ro] http://docs.zephyrproject.org/latest/kconfig.html#CONFIG_PLATFORM_EC_OCPC_DEF_RBATT_MOHMS and/or
[pujjogatwin:ro] look up PLATFORM_EC_OCPC_DEF_RBATT_MOHMS in the menuconfig/guiconfig interface. The Application
[pujjogatwin:ro] Development Primer, Setting Configuration Values, and Kconfig - Tips and Best Practices sections of
[pujjogatwin:ro] the manual might be helpful too.
[pujjogatwin:ro] warning: PLATFORM_EC_OCPC_DEF_DRIVELIMIT_MILLIVOLTS (defined at
[pujjogatwin:ro] /mnt/host/source/src/platform/ec/zephyr/Kconfig.charger:288) was assigned the value '200' but got
[pujjogatwin:ro] the value ''. Check these unsatisfied dependencies: PLATFORM_EC_OCPC (=n). See
[pujjogatwin:ro] http://docs.zephyrproject.org/latest/kconfig.html#CONFIG_PLATFORM_EC_OCPC_DEF_DRIVELIMIT_MILLIVOLTS
[pujjogatwin:ro] and/or look up PLATFORM_EC_OCPC_DEF_DRIVELIMIT_MILLIVOLTS in the menuconfig/guiconfig interface. The
[pujjogatwin:ro] Application Development Primer, Setting Configuration Values, and Kconfig - Tips and Best Practices
[pujjogatwin:ro] sections of the manual might be helpful too.
[pujjogatwin:ro] warning: Deprecated symbol I2C_ALLOW_NO_STOP_TRANSACTIONS is enabled.
[lite-ish:singleimage] warning: Deprecated symbol I2C_ALLOW_NO_STOP_TRANSACTIONS is enabled.
[lite-ish:singleimage] CMake Warning at /mnt/host/source/src/platform/ec/zephyr/cmake/linker/ld/linker_libraries.cmake:11 (message):
[kyogre:rw] Parsing /mnt/host/source/src/platform/ec/zephyr/program/corsola/Kconfig
[kinmen:rw] warning: Deprecated symbol I2C_ALLOW_NO_STOP_TRANSACTIONS is enabled.
[lite-ish:singleimage] -- Performing EC specific devicetree checks
[karis:ro] warning: Deprecated symbol I2C_ALLOW_NO_STOP_TRANSACTIONS is enabled.
[craaskov:ro] warning: PLATFORM_EC_OCPC_DEF_RBATT_MOHMS (defined at
[craaskov:ro] /mnt/host/source/src/platform/ec/zephyr/Kconfig.charger:279) was assigned the value '22' but got the
[craaskov:ro] value ''. Check these unsatisfied dependencies: PLATFORM_EC_OCPC (=n). See
[craaskov:ro] http://docs.zephyrproject.org/latest/kconfig.html#CONFIG_PLATFORM_EC_OCPC_DEF_RBATT_MOHMS and/or
[craaskov:ro] look up PLATFORM_EC_OCPC_DEF_RBATT_MOHMS in the menuconfig/guiconfig interface. The Application
[craaskov:ro] Development Primer, Setting Configuration Values, and Kconfig - Tips and Best Practices sections of
[craaskov:ro] the manual might be helpful too.
[craaskov:ro] warning: PLATFORM_EC_OCPC_DEF_DRIVELIMIT_MILLIVOLTS (defined at
[craaskov:ro] /mnt/host/source/src/platform/ec/zephyr/Kconfig.charger:288) was assigned the value '200' but got
[craaskov:ro] the value ''. Check these unsatisfied dependencies: PLATFORM_EC_OCPC (=n). See
[craaskov:ro] http://docs.zephyrproject.org/latest/kconfig.html#CONFIG_PLATFORM_EC_OCPC_DEF_DRIVELIMIT_MILLIVOLTS
[craaskov:ro] and/or look up PLATFORM_EC_OCPC_DEF_DRIVELIMIT_MILLIVOLTS in the menuconfig/guiconfig interface. The
[craaskov:ro] Application Development Primer, Setting Configuration Values, and Kconfig - Tips and Best Practices
[craaskov:ro] sections of the manual might be helpful too.
[craaskov:ro] warning: PLATFORM_EC_LED_COMMON (defined at /mnt/host/source/src/platform/ec/zephyr/Kconfig.led:5)
[craaskov:ro] was assigned the value 'y' but got the value 'n'. Check these unsatisfied dependencies:
[craaskov:ro] (!PLATFORM_EC_LED_DT) (=n). See
[craaskov:ro] http://docs.zephyrproject.org/latest/kconfig.html#CONFIG_PLATFORM_EC_LED_COMMON and/or look up
[craaskov:ro] PLATFORM_EC_LED_COMMON in the menuconfig/guiconfig interface. The Application Development Primer,
[craaskov:ro] Setting Configuration Values, and Kconfig - Tips and Best Practices sections of the manual might be
[craaskov:ro] helpful too.
[craaskov:ro] warning: PLATFORM_EC_LED_ONOFF_STATES (defined at
[craaskov:ro] /mnt/host/source/src/platform/ec/zephyr/Kconfig.led:157) was assigned the value 'y' but got the
[craaskov:ro] value 'n'. Check these unsatisfied dependencies: PLATFORM_EC_LED_COMMON (=n). See
[craaskov:ro] http://docs.zephyrproject.org/latest/kconfig.html#CONFIG_PLATFORM_EC_LED_ONOFF_STATES and/or look up
[craaskov:ro] PLATFORM_EC_LED_ONOFF_STATES in the menuconfig/guiconfig interface. The Application Development
[craaskov:ro] Primer, Setting Configuration Values, and Kconfig - Tips and Best Practices sections of the manual
[craaskov:ro] might be helpful too.
[craaskov:ro] warning: Deprecated symbol I2C_ALLOW_NO_STOP_TRANSACTIONS is enabled.
[/mnt/host/source/src/platform/ec/build/zephyr/ptlrvp_mchp-lcov]   /mnt/host/source/src/platform/ec/build/zephyr/ptlrvp_mchp/build-ro/zephyr/CMakeFiles/zephyr.dir/lib/utils/last_section_id.c.gcno:no functions found
[/mnt/host/source/src/platform/ec/build/zephyr/ptlrvp_mchp-lcov] stderr:
[pujjogatwin:ro] Parsing /mnt/host/source/src/platform/ec/zephyr/program/nissa/Kconfig
[kyogre:ro] Parsing /mnt/host/source/src/platform/ec/zephyr/program/corsola/Kconfig
[craaskov:rw] warning: PLATFORM_EC_OCPC_DEF_RBATT_MOHMS (defined at
[craaskov:rw] /mnt/host/source/src/platform/ec/zephyr/Kconfig.charger:279) was assigned the value '22' but got the
[craaskov:rw] value ''. Check these unsatisfied dependencies: PLATFORM_EC_OCPC (=n). See
[craaskov:rw] http://docs.zephyrproject.org/latest/kconfig.html#CONFIG_PLATFORM_EC_OCPC_DEF_RBATT_MOHMS and/or
[craaskov:rw] look up PLATFORM_EC_OCPC_DEF_RBATT_MOHMS in the menuconfig/guiconfig interface. The Application
[craaskov:rw] Development Primer, Setting Configuration Values, and Kconfig - Tips and Best Practices sections of
[craaskov:rw] the manual might be helpful too.
[craaskov:rw] warning: PLATFORM_EC_OCPC_DEF_DRIVELIMIT_MILLIVOLTS (defined at
[craaskov:rw] /mnt/host/source/src/platform/ec/zephyr/Kconfig.charger:288) was assigned the value '200' but got
[craaskov:rw] the value ''. Check these unsatisfied dependencies: PLATFORM_EC_OCPC (=n). See
[craaskov:rw] http://docs.zephyrproject.org/latest/kconfig.html#CONFIG_PLATFORM_EC_OCPC_DEF_DRIVELIMIT_MILLIVOLTS
[craaskov:rw] and/or look up PLATFORM_EC_OCPC_DEF_DRIVELIMIT_MILLIVOLTS in the menuconfig/guiconfig interface. The
[craaskov:rw] Application Development Primer, Setting Configuration Values, and Kconfig - Tips and Best Practices
[craaskov:rw] sections of the manual might be helpful too.
[craaskov:rw] warning: PLATFORM_EC_LED_COMMON (defined at /mnt/host/source/src/platform/ec/zephyr/Kconfig.led:5)
[craaskov:rw] was assigned the value 'y' but got the value 'n'. Check these unsatisfied dependencies:
[craaskov:rw] (!PLATFORM_EC_LED_DT) (=n). See
[craaskov:rw] http://docs.zephyrproject.org/latest/kconfig.html#CONFIG_PLATFORM_EC_LED_COMMON and/or look up
[craaskov:rw] PLATFORM_EC_LED_COMMON in the menuconfig/guiconfig interface. The Application Development Primer,
[craaskov:rw] Setting Configuration Values, and Kconfig - Tips and Best Practices sections of the manual might be
[craaskov:rw] helpful too.
[craaskov:rw] warning: PLATFORM_EC_LED_ONOFF_STATES (defined at
[craaskov:rw] /mnt/host/source/src/platform/ec/zephyr/Kconfig.led:157) was assigned the value 'y' but got the
[craaskov:rw] value 'n'. Check these unsatisfied dependencies: PLATFORM_EC_LED_COMMON (=n). See
[craaskov:rw] http://docs.zephyrproject.org/latest/kconfig.html#CONFIG_PLATFORM_EC_LED_ONOFF_STATES and/or look up
[craaskov:rw] PLATFORM_EC_LED_ONOFF_STATES in the menuconfig/guiconfig interface. The Application Development
[craaskov:rw] Primer, Setting Configuration Values, and Kconfig - Tips and Best Practices sections of the manual
[craaskov:rw] might be helpful too.
[lite-ish:singleimage]   Disabling c_library
[lite-ish:singleimage] Call Stack (most recent call first):
[lite-ish:singleimage]   /mnt/host/source/src/third_party/zephyr/main/cmake/target_toolchain_flags.cmake:48 (include)
[lite-ish:singleimage]   /mnt/host/source/src/third_party/zephyr/main/cmake/modules/kernel.cmake:153 (include)
[lite-ish:singleimage]   /mnt/host/source/src/third_party/zephyr/main/cmake/modules/zephyr_default.cmake:138 (include)
[lite-ish:singleimage]   /mnt/host/source/src/third_party/zephyr/main/share/zephyr-package/cmake/ZephyrConfig.cmake:66 (include)
[lite-ish:singleimage]   /mnt/host/source/src/third_party/zephyr/main/share/zephyr-package/cmake/ZephyrConfig.cmake:97 (include_boilerplate)
[lite-ish:singleimage]   CMakeLists.txt:6 (find_package)
[lite-ish:singleimage] INFO: Verified 0 GPIOs, no duplicates found
[kelpie:ro] Loaded configuration '/mnt/host/source/src/platform/ec/zephyr/boards/google/it8xxx2/it8xxx2_it82202ax_512_defconfig'
[kelpie:ro] Merged configuration '/mnt/host/source/src/platform/ec/zephyr/program/roach/program.conf'
[kelpie:ro] Merged configuration '/mnt/host/source/src/platform/ec/zephyr/program/roach/kelpie/project.conf'
[kelpie:ro] Merged configuration '/mnt/host/source/src/platform/ec/build/zephyr/kelpie/kconfig-ro.conf'
[kelpie:ro] Configuration saved to '/mnt/host/source/src/platform/ec/build/zephyr/kelpie/build-ro/zephyr/.config'
[kelpie:ro] Kconfig header saved to '/mnt/host/source/src/platform/ec/build/zephyr/kelpie/build-ro/zephyr/include/generated/zephyr/autoconf.h'
[kelpie:ro] -- Found GnuLd: /home/jpmurphy/.cache/coreboot-sdk/riscv64-elf/96b949749225b6aaa92ed810ab769e8dfb12f000/riscv64-elf/bin/ld.bfd (found version "2.43.1")
[kinmen:rw] Parsing /mnt/host/source/src/platform/ec/zephyr/program/fatcat/Kconfig
[kelpie:rw] Loaded configuration '/mnt/host/source/src/platform/ec/zephyr/boards/google/it8xxx2/it8xxx2_it82202ax_512_defconfig'
[kelpie:rw] Merged configuration '/mnt/host/source/src/platform/ec/zephyr/program/roach/program.conf'
[kelpie:rw] Merged configuration '/mnt/host/source/src/platform/ec/zephyr/program/roach/kelpie/project.conf'
[kelpie:rw] Merged configuration '/mnt/host/source/src/platform/ec/build/zephyr/kelpie/kconfig-rw.conf'
[kelpie:rw] Configuration saved to '/mnt/host/source/src/platform/ec/build/zephyr/kelpie/build-rw/zephyr/.config'
[kelpie:rw] Kconfig header saved to '/mnt/host/source/src/platform/ec/build/zephyr/kelpie/build-rw/zephyr/include/generated/zephyr/autoconf.h'
[kelpie:rw] -- Found GnuLd: /home/jpmurphy/.cache/coreboot-sdk/riscv64-elf/96b949749225b6aaa92ed810ab769e8dfb12f000/riscv64-elf/bin/ld.bfd (found version "2.43.1")
[lite-ish:singleimage] -- Generating component manifest file
[kelpie:ro] -- The C compiler identification is GNU 14.2.0
[/mnt/host/source/src/platform/ec/build/zephyr/kaladin-lcov]   /mnt/host/source/src/platform/ec/build/zephyr/kaladin/build-ro/CMakeFiles/app.dir/mnt/host/source/src/platform/ec/build/zephyr/kaladin/modules/ec/common/cbi_config.c.gcno:no functions found
[/mnt/host/source/src/platform/ec/build/zephyr/kaladin-lcov] stderr:
[lite-ish:singleimage] INFO: Verified 0 '*-gpios' properties, all flags match.
[lite-ish:singleimage] INFO: Skipped 1 named-gpios children.
[lite-ish:singleimage] INFO: Running CME, outputting to /mnt/host/source/src/platform/ec/build/zephyr/lite-ish/build-singleimage/zephyr/component_manifest.json
[lite-ish:singleimage] INFO: Project lite-ish does not support SSFC
[lite-ish:singleimage] INFO: No usbc node found
[lite-ish:singleimage] INFO: No motionsense-sensor node found
[craaskov:ro] Parsing /mnt/host/source/src/platform/ec/zephyr/program/nissa/Kconfig
[karis:ro] Parsing /mnt/host/source/src/platform/ec/zephyr/program/rex/Kconfig
[kelpie:rw] -- The C compiler identification is GNU 14.2.0
[karis:rw] Parsing /mnt/host/source/src/platform/ec/zephyr/program/rex/Kconfig
[kyogre:rw] Loaded configuration '/mnt/host/source/src/platform/ec/zephyr/boards/google/npcx9/npcx9_npcx9m3f_defconfig'
[kyogre:rw] Merged configuration '/mnt/host/source/src/platform/ec/zephyr/program/corsola/program.conf'
[kyogre:rw] Merged configuration '/mnt/host/source/src/platform/ec/zephyr/program/corsola/npcx_program.conf'
[kyogre:rw] Merged configuration '/mnt/host/source/src/platform/ec/zephyr/program/corsola/kyogre/project.conf'
[kyogre:rw] Merged configuration '/mnt/host/source/src/platform/ec/build/zephyr/kyogre/kconfig-rw.conf'
[kyogre:rw] Configuration saved to '/mnt/host/source/src/platform/ec/build/zephyr/kyogre/build-rw/zephyr/.config'
[kyogre:rw] Kconfig header saved to '/mnt/host/source/src/platform/ec/build/zephyr/kyogre/build-rw/zephyr/include/generated/zephyr/autoconf.h'
[kyogre:rw] -- Found GnuLd: /home/jpmurphy/.cache/coreboot-sdk/arm-eabi/ea40ddd1d190c3b48435c474c0b545719371813a/arm-eabi/bin/ld.bfd (found version "2.43.1")
[craaskov:rw] Parsing /mnt/host/source/src/platform/ec/zephyr/program/nissa/Kconfig
[kelpie:ro] -- The CXX compiler identification is GNU 14.2.0
[lite-ish:singleimage] -- warning_base_override: -Wall;-Wformat;-Wformat-security;-Wformat;-Wno-format-zero-length;-Wno-pointer-sign;-Wpointer-arith;-Wexpansion-to-defined
[kelpie:ro] -- The ASM compiler identification is GNU
[kelpie:ro] warning: Deprecated symbol I2C_ALLOW_NO_STOP_TRANSACTIONS is enabled.
[kelpie:ro] CMake Warning at /mnt/host/source/src/platform/ec/zephyr/cmake/linker/ld/linker_libraries.cmake:11 (message):
[kyogre:rw] -- The C compiler identification is GNU 14.2.0
[kelpie:rw] -- The CXX compiler identification is GNU 14.2.0
[kelpie:rw] -- The ASM compiler identification is GNU
[kelpie:rw] -- Found assembler: /home/jpmurphy/.cache/coreboot-sdk/riscv64-elf/96b949749225b6aaa92ed810ab769e8dfb12f000/bin/riscv64-elf-gcc
[kelpie:rw] CMake Warning at /mnt/host/source/src/platform/ec/zephyr/cmake/linker/ld/linker_libraries.cmake:11 (message):
[kelpie:rw]   Disabling c_library
[pujjogatwin:ro] Loaded configuration '/mnt/host/source/src/platform/ec/zephyr/boards/google/npcx9/npcx9_npcx9m3f_defconfig'
[pujjogatwin:ro] Merged configuration '/mnt/host/source/src/platform/ec/zephyr/program/nissa/program.conf'
[pujjogatwin:ro] Merged configuration '/mnt/host/source/src/platform/ec/zephyr/program/nissa/npcx_program.conf'
[pujjogatwin:ro] Merged configuration '/mnt/host/source/src/platform/ec/zephyr/program/nissa/pujjogatwin/project.conf'
[pujjogatwin:ro] Merged configuration '/mnt/host/source/src/platform/ec/build/zephyr/pujjogatwin/kconfig-ro.conf'
[pujjogatwin:ro] Configuration saved to '/mnt/host/source/src/platform/ec/build/zephyr/pujjogatwin/build-ro/zephyr/.config'
[pujjogatwin:ro] Kconfig header saved to '/mnt/host/source/src/platform/ec/build/zephyr/pujjogatwin/build-ro/zephyr/include/generated/zephyr/autoconf.h'
[pujjogatwin:ro] -- Found GnuLd: /home/jpmurphy/.cache/coreboot-sdk/arm-eabi/ea40ddd1d190c3b48435c474c0b545719371813a/arm-eabi/bin/ld.bfd (found version "2.43.1")
[kyogre:ro] Loaded configuration '/mnt/host/source/src/platform/ec/zephyr/boards/google/npcx9/npcx9_npcx9m3f_defconfig'
[kyogre:ro] Merged configuration '/mnt/host/source/src/platform/ec/zephyr/program/corsola/program.conf'
[kyogre:ro] Merged configuration '/mnt/host/source/src/platform/ec/zephyr/program/corsola/npcx_program.conf'
[kyogre:ro] Merged configuration '/mnt/host/source/src/platform/ec/zephyr/program/corsola/kyogre/project.conf'
[kyogre:ro] Merged configuration '/mnt/host/source/src/platform/ec/build/zephyr/kyogre/kconfig-ro.conf'
[kyogre:ro] Configuration saved to '/mnt/host/source/src/platform/ec/build/zephyr/kyogre/build-ro/zephyr/.config'
[kyogre:ro] Kconfig header saved to '/mnt/host/source/src/platform/ec/build/zephyr/kyogre/build-ro/zephyr/include/generated/zephyr/autoconf.h'
[kyogre:ro] -- Found GnuLd: /home/jpmurphy/.cache/coreboot-sdk/arm-eabi/ea40ddd1d190c3b48435c474c0b545719371813a/arm-eabi/bin/ld.bfd (found version "2.43.1")
[lite-ish:singleimage] -- Found gen_kobject_list: /mnt/host/source/src/third_party/zephyr/main/scripts/build/gen_kobject_list.py
[kyogre:rw] -- The CXX compiler identification is GNU 14.2.0
[kinmen:rw] INFOSetting TOOLCHAIN_HAS_PICOLIBC to support full build.
[kinmen:rw] INFOSetting TOOLCHAIN_HAS_NEWLIB to support full build.
[lite-ish:singleimage] CMake Warning at /mnt/host/source/src/third_party/zephyr/main/CMakeLists.txt:1134 (message):
[lite-ish:singleimage]   No SOURCES given to Zephyr library: drivers__syscon
[lite-ish:singleimage]   Excluding target from build.
[/mnt/host/source/src/platform/ec/build/zephyr/kaladin-lcov]   /mnt/host/source/src/platform/ec/build/zephyr/kaladin/build-ro/zephyr/arch/arch/riscv/core/CMakeFiles/arch__riscv__core.dir/cpu_idle.c.gcno:no functions found
[/mnt/host/source/src/platform/ec/build/zephyr/kaladin-lcov] stderr:
[lite-ish:singleimage] CMake Warning at /mnt/host/source/src/third_party/zephyr/main/CMakeLists.txt:2359 (message):
[lite-ish:singleimage]   __ASSERT() statements are globally ENABLED
[kelpie:ro] -- Found assembler: /home/jpmurphy/.cache/coreboot-sdk/riscv64-elf/96b949749225b6aaa92ed810ab769e8dfb12f000/bin/riscv64-elf-gcc
[kelpie:ro] -- Performing EC specific devicetree checks
[kyogre:rw] -- The ASM compiler identification is GNU
[kinmen:rw] Loaded configuration '/mnt/host/source/src/platform/ec/zephyr/boards/google/it8xxx2/it8xxx2_it82002aw_defconfig'
[kinmen:rw] Merged configuration '/mnt/host/source/src/platform/ec/zephyr/program/fatcat/program.conf'
[kinmen:rw] Merged configuration '/mnt/host/source/src/platform/ec/zephyr/program/fatcat/kinmen/project.conf'
[kinmen:rw] Merged configuration '/mnt/host/source/src/platform/ec/zephyr/program/fatcat/dsp_comms.conf'
[kinmen:rw] Merged configuration '/mnt/host/source/src/platform/ec/build/zephyr/kinmen/kconfig-rw.conf'
[kinmen:rw] Configuration saved to '/mnt/host/source/src/platform/ec/build/zephyr/kinmen/build-rw/zephyr/.config'
[kinmen:rw] Kconfig header saved to '/mnt/host/source/src/platform/ec/build/zephyr/kinmen/build-rw/zephyr/include/generated/zephyr/autoconf.h'
[kinmen:rw] -- Found GnuLd: /home/jpmurphy/.cache/coreboot-sdk/riscv64-elf/96b949749225b6aaa92ed810ab769e8dfb12f000/riscv64-elf/bin/ld.bfd (found version "2.43.1")
[pujjogatwin:ro] -- The C compiler identification is GNU 14.2.0
[kyogre:rw] warning: Deprecated symbol I2C_ALLOW_NO_STOP_TRANSACTIONS is enabled.
[kyogre:rw] CMake Warning at /mnt/host/source/src/platform/ec/zephyr/cmake/linker/ld/linker_libraries.cmake:11 (message):
[lite-ish:singleimage] -- Configuring done (13.0s)
[kyogre:ro] -- The C compiler identification is GNU 14.2.0
[kelpie:rw] -- Performing EC specific devicetree checks
[kelpie:ro]   Disabling c_library
[kelpie:ro] Call Stack (most recent call first):
[kelpie:ro]   /mnt/host/source/src/third_party/zephyr/main/cmake/target_toolchain_flags.cmake:48 (include)
[kelpie:ro]   /mnt/host/source/src/third_party/zephyr/main/cmake/modules/kernel.cmake:153 (include)
[kelpie:ro]   /mnt/host/source/src/third_party/zephyr/main/cmake/modules/zephyr_default.cmake:138 (include)
[kelpie:ro]   /mnt/host/source/src/third_party/zephyr/main/share/zephyr-package/cmake/ZephyrConfig.cmake:66 (include)
[kelpie:ro]   /mnt/host/source/src/third_party/zephyr/main/share/zephyr-package/cmake/ZephyrConfig.cmake:97 (include_boilerplate)
[kelpie:ro]   CMakeLists.txt:7 (find_package)
[kelpie:ro] INFO: Verified 3 GPIOs, no duplicates found
[kelpie:ro] INFO: Verified 66 '*-gpios' properties, all flags match.
[kelpie:ro] INFO: Skipped 1 named-gpios children.
[pujjogatwin:ro] -- The CXX compiler identification is GNU 14.2.0
[kinmen:rw] -- The C compiler identification is GNU 14.2.0
[kyogre:ro] -- The CXX compiler identification is GNU 14.2.0
[kelpie:rw] Call Stack (most recent call first):
[kelpie:rw]   /mnt/host/source/src/third_party/zephyr/main/cmake/target_toolchain_flags.cmake:48 (include)
[kelpie:rw]   /mnt/host/source/src/third_party/zephyr/main/cmake/modules/kernel.cmake:153 (include)
[kelpie:rw]   /mnt/host/source/src/third_party/zephyr/main/cmake/modules/zephyr_default.cmake:138 (include)
[kelpie:rw]   /mnt/host/source/src/third_party/zephyr/main/share/zephyr-package/cmake/ZephyrConfig.cmake:66 (include)
[kelpie:rw]   /mnt/host/source/src/third_party/zephyr/main/share/zephyr-package/cmake/ZephyrConfig.cmake:97 (include_boilerplate)
[kelpie:rw]   CMakeLists.txt:7 (find_package)
[kelpie:rw] INFO: Verified 3 GPIOs, no duplicates found
[pujjogatwin:ro] -- The ASM compiler identification is GNU
[pujjogatwin:ro] -- Found assembler: /home/jpmurphy/.cache/coreboot-sdk/arm-eabi/ea40ddd1d190c3b48435c474c0b545719371813a/bin/arm-eabi-gcc
[pujjogatwin:ro] CMake Warning at /mnt/host/source/src/platform/ec/zephyr/cmake/linker/ld/linker_libraries.cmake:11 (message):
[/mnt/host/source/src/platform/ec/build/zephyr/roach-lcov]   /mnt/host/source/src/platform/ec/build/zephyr/roach/build-ro/zephyr/CMakeFiles/zephyr.dir/subsys/shell/modules/kernel_service/kernel_shell.c.gcno:no functions found
[/mnt/host/source/src/platform/ec/build/zephyr/roach-lcov] stderr:
[kelpie:ro] -- Generating component manifest file
[karis:ro] Loaded configuration '/mnt/host/source/src/platform/ec/zephyr/boards/google/npcx9/npcx9_npcx9m7f_defconfig'
[craaskov:ro] Loaded configuration '/mnt/host/source/src/platform/ec/zephyr/boards/google/npcx9/npcx9_npcx9m3f_defconfig'
[karis:ro] Merged configuration '/mnt/host/source/src/platform/ec/zephyr/program/rex/program.conf'
[craaskov:ro] Merged configuration '/mnt/host/source/src/platform/ec/zephyr/program/nissa/program.conf'
[karis:ro] Merged configuration '/mnt/host/source/src/platform/ec/zephyr/program/rex/karis/project.conf'
[craaskov:ro] Merged configuration '/mnt/host/source/src/platform/ec/zephyr/program/nissa/npcx_program.conf'
[karis:ro] Merged configuration '/mnt/host/source/src/platform/ec/build/zephyr/karis/kconfig-ro.conf'
[craaskov:ro] Merged configuration '/mnt/host/source/src/platform/ec/zephyr/program/nissa/craaskov/project.conf'
[karis:ro] Configuration saved to '/mnt/host/source/src/platform/ec/build/zephyr/karis/build-ro/zephyr/.config'
[craaskov:ro] Merged configuration '/mnt/host/source/src/platform/ec/build/zephyr/craaskov/kconfig-ro.conf'
[karis:ro] Kconfig header saved to '/mnt/host/source/src/platform/ec/build/zephyr/karis/build-ro/zephyr/include/generated/zephyr/autoconf.h'
[craaskov:ro] Configuration saved to '/mnt/host/source/src/platform/ec/build/zephyr/craaskov/build-ro/zephyr/.config'
[karis:ro] -- Found GnuLd: /home/jpmurphy/.cache/coreboot-sdk/arm-eabi/ea40ddd1d190c3b48435c474c0b545719371813a/arm-eabi/bin/ld.bfd (found version "2.43.1")
[craaskov:ro] Kconfig header saved to '/mnt/host/source/src/platform/ec/build/zephyr/craaskov/build-ro/zephyr/include/generated/zephyr/autoconf.h'
[craaskov:ro] -- Found GnuLd: /home/jpmurphy/.cache/coreboot-sdk/arm-eabi/ea40ddd1d190c3b48435c474c0b545719371813a/arm-eabi/bin/ld.bfd (found version "2.43.1")
[kyogre:ro] -- The ASM compiler identification is GNU
[lite-ish:singleimage] -- Generating done (0.4s)
[lite-ish:singleimage] CMake Warning:
[karis:rw] Loaded configuration '/mnt/host/source/src/platform/ec/zephyr/boards/google/npcx9/npcx9_npcx9m7f_defconfig'
[karis:rw] Merged configuration '/mnt/host/source/src/platform/ec/zephyr/program/rex/program.conf'
[karis:rw] Merged configuration '/mnt/host/source/src/platform/ec/zephyr/program/rex/karis/project.conf'
[karis:rw] Merged configuration '/mnt/host/source/src/platform/ec/build/zephyr/karis/kconfig-rw.conf'
[karis:rw] Configuration saved to '/mnt/host/source/src/platform/ec/build/zephyr/karis/build-rw/zephyr/.config'
[karis:rw] Kconfig header saved to '/mnt/host/source/src/platform/ec/build/zephyr/karis/build-rw/zephyr/include/generated/zephyr/autoconf.h'
[karis:rw] -- Found GnuLd: /home/jpmurphy/.cache/coreboot-sdk/arm-eabi/ea40ddd1d190c3b48435c474c0b545719371813a/arm-eabi/bin/ld.bfd (found version "2.43.1")
[kyogre:ro] CMake Warning at /mnt/host/source/src/platform/ec/zephyr/cmake/linker/ld/linker_libraries.cmake:11 (message):
[kyogre:ro]   Disabling c_library
[kyogre:ro] Call Stack (most recent call first):
[kyogre:ro]   /mnt/host/source/src/third_party/zephyr/main/cmake/target_toolchain_flags.cmake:48 (include)
[kyogre:ro]   /mnt/host/source/src/third_party/zephyr/main/cmake/modules/kernel.cmake:153 (include)
[kyogre:ro]   /mnt/host/source/src/third_party/zephyr/main/cmake/modules/zephyr_default.cmake:138 (include)
[kyogre:ro]   /mnt/host/source/src/third_party/zephyr/main/share/zephyr-package/cmake/ZephyrConfig.cmake:66 (include)
[kyogre:ro]   /mnt/host/source/src/third_party/zephyr/main/share/zephyr-package/cmake/ZephyrConfig.cmake:97 (include_boilerplate)
[kyogre:ro]   CMakeLists.txt:7 (find_package)
[craaskov:rw] Loaded configuration '/mnt/host/source/src/platform/ec/zephyr/boards/google/npcx9/npcx9_npcx9m3f_defconfig'
[craaskov:rw] Merged configuration '/mnt/host/source/src/platform/ec/zephyr/program/nissa/program.conf'
[craaskov:rw] Merged configuration '/mnt/host/source/src/platform/ec/zephyr/program/nissa/npcx_program.conf'
[craaskov:rw] Merged configuration '/mnt/host/source/src/platform/ec/zephyr/program/nissa/craaskov/project.conf'
[craaskov:rw] Merged configuration '/mnt/host/source/src/platform/ec/build/zephyr/craaskov/kconfig-rw.conf'
[craaskov:rw] Configuration saved to '/mnt/host/source/src/platform/ec/build/zephyr/craaskov/build-rw/zephyr/.config'
[craaskov:rw] Kconfig header saved to '/mnt/host/source/src/platform/ec/build/zephyr/craaskov/build-rw/zephyr/include/generated/zephyr/autoconf.h'
[craaskov:rw] -- Found GnuLd: /home/jpmurphy/.cache/coreboot-sdk/arm-eabi/ea40ddd1d190c3b48435c474c0b545719371813a/arm-eabi/bin/ld.bfd (found version "2.43.1")
[kelpie:rw] -- Generating component manifest file
[kelpie:ro] INFO: Running CME, outputting to /mnt/host/source/src/platform/ec/build/zephyr/kelpie/build-ro/zephyr/component_manifest.json
[kinmen:rw] -- The CXX compiler identification is GNU 14.2.0
[lite-ish:singleimage] -- Build files have been written to: /mnt/host/source/src/platform/ec/build/zephyr/lite-ish/build-singleimage
[lite-ish:singleimage]   Manually-specified variables were not used by the project:
[lite-ish:singleimage]     COREBOOT_SDK_ROOT_arm
[lite-ish:singleimage]     COREBOOT_SDK_ROOT_libstdcxx_arm
[lite-ish:singleimage]     COREBOOT_SDK_ROOT_libstdcxx_riscv64
[lite-ish:singleimage]     COREBOOT_SDK_ROOT_nds32
[lite-ish:singleimage]     COREBOOT_SDK_ROOT_picolibc_arm
[lite-ish:singleimage]     COREBOOT_SDK_ROOT_picolibc_riscv64
[lite-ish:singleimage]     COREBOOT_SDK_ROOT_riscv
[lite-ish:singleimage]     COREBOOT_SDK_ROOT_riscv64
[kinmen:ro] Configuring.
Running `env -i PYTHONPATH=/usr/lib64/python-exec/python3.11:/mnt/host/source/src/platform/ec/zephyr/zmake:/usr/lib/python311.zip:/usr/lib/python3.11:/usr/lib/python3.11/lib-dynload:/usr/lib/python3.11/site-packages PW_PIGWEED_CIPD_INSTALL_DIR=/usr CROSTC_USER_ACKNOWLEDGES_THAT_RISCV_IS_EXPERIMENTAL=1 PATH=/mnt/host/source/chromite/bin:/usr/local/bin:/usr/bin:/bin:/opt/bin:/mnt/host/source/chromite/sdk/bin:/mnt/host/source/chromite/bin HOME=/home/jpmurphy JAVA_HOME=/etc/java-config-2/current-system-vm JDK_HOME=/etc/java-config-2/current-system-vm JAVAC=/etc/java-config-2/current-system-vm/bin/javac MAKEFLAGS=' -j16 --jobserver-auth=5,6' /usr/bin/cmake -S /mnt/host/source/src/platform/ec/zephyr/program/fatcat -B /mnt/host/source/src/platform/ec/build/zephyr/kinmen/build-ro -GNinja -DCMAKE_EXPORT_COMPILE_COMMANDS=ON -DZEPHYR_BASE=/mnt/host/source/src/third_party/zephyr/main -DZMAKE_INCLUDE_DIR=/mnt/host/source/src/platform/ec/build/zephyr/kinmen/include -DPython3_EXECUTABLE=/usr/bin/python3.11 -DDTS_ROOT=/mnt/host/source/src/platform/ec/zephyr -DSYSCALL_INCLUDE_DIRS=/mnt/host/source/src/platform/ec/zephyr/include/drivers -DUSER_CACHE_DIR=/mnt/host/source/src/platform/ec/build/zephyr/user-cache -DPW_ROOT=/mnt/host/source/src/third_party/pigweed -DNANOPB_DIR=/mnt/host/source/src/third_party/zephyr/nanopb '-DEXTRA_EC_VERSION_FLAGS=--version 16543.0.0 --static' -DTOOLCHAIN_ROOT=/mnt/host/source/src/platform/ec/zephyr -DCOREBOOT_SDK_ROOT_x86=/home/jpmurphy/.cache/coreboot-sdk/i386-elf/dfbb0486385d938cfa9d73080b9d18d598ed4f49 -DCOREBOOT_SDK_ROOT_picolibc_x86=/home/jpmurphy/.cache/coreboot-sdk/picolibc-i386-elf/eb8e8e687b95461de8cbf278f1c2076952d0ad17 -DCOREBOOT_SDK_ROOT_riscv64=/home/jpmurphy/.cache/coreboot-sdk/riscv64-elf/96b949749225b6aaa92ed810ab769e8dfb12f000 -DCOREBOOT_SDK_ROOT_picolibc_arm=/home/jpmurphy/.cache/coreboot-sdk/picolibc-arm-eabi/422a2aa3e1ef891b5bece9a3deb696ff83840d2e -DCOREBOOT_SDK_ROOT_nds32=/home/jpmurphy/.cache/coreboot-sdk/nds32le-elf/d1a518c4a097666d86058e1444f85ca015d15511 -DCOREBOOT_SDK_ROOT_picolibc_riscv64=/home/jpmurphy/.cache/coreboot-sdk/picolibc-riscv64-elf/f571e990ef0278564b31124f8bb109d9a697eb69 -DCOREBOOT_SDK_ROOT_arm=/home/jpmurphy/.cache/coreboot-sdk/arm-eabi/ea40ddd1d190c3b48435c474c0b545719371813a -DCOREBOOT_SDK_ROOT_libstdcxx_riscv64=/home/jpmurphy/.cache/coreboot-sdk/libstdcxx-riscv64-elf/17abf22a3a252e2d5d2062ced5324f7a623689e0 -DCOREBOOT_SDK_ROOT_libstdcxx_arm=/home/jpmurphy/.cache/coreboot-sdk/libstdcxx-arm-eabi/5d7d82e150e44aa1968f1d366e267e6687b328ac -DCOREBOOT_SDK_ROOT_riscv=/home/jpmurphy/.cache/coreboot-sdk/riscv-elf/9a27b9e82341c6e9126624f516ab3f261abb3e73 -DCOREBOOT_SDK_ROOT_libstdcxx_x86=/home/jpmurphy/.cache/coreboot-sdk/libstdcxx-i386-elf/42ef9d2e87a76a37963175d7d428734e65648b87 -DZEPHYR_TOOLCHAIN_VARIANT=coreboot-sdk '-DZEPHYR_MODULES=/mnt/host/source/src/platform/ec/build/zephyr/kinmen/modules/ec;/mnt/host/source/src/platform/ec/build/zephyr/kinmen/modules/pigweed;/mnt/host/source/src/platform/ec/build/zephyr/kinmen/modules/nanopb' -DDTC_OVERLAY_FILE=/mnt/host/source/src/platform/ec/zephyr/program/fatcat/kinmen/project.overlay -DBOARD=it8xxx2/it82002aw -DCMAKE_C_FLAGS=-DSECTION_IS_RO '-DCONF_FILE=/mnt/host/source/src/platform/ec/zephyr/program/fatcat/program.conf;/mnt/host/source/src/platform/ec/zephyr/program/fatcat/kinmen/project.conf;/mnt/host/source/src/platform/ec/zephyr/program/fatcat/dsp_comms.conf;/mnt/host/source/src/platform/ec/build/zephyr/kinmen/kconfig-ro.conf'`
[kyogre:rw] -- Found assembler: /home/jpmurphy/.cache/coreboot-sdk/arm-eabi/ea40ddd1d190c3b48435c474c0b545719371813a/bin/arm-eabi-gcc
[karis:ro] -- The C compiler identification is GNU 14.2.0
[kyogre:rw] -- Performing EC specific devicetree checks
[craaskov:ro] -- The C compiler identification is GNU 14.2.0
[/mnt/host/source/src/platform/ec/build/zephyr/roach-lcov]   /mnt/host/source/src/platform/ec/build/zephyr/roach/build-ro/zephyr/CMakeFiles/zephyr.dir/lib/libc/validate_libc.c.gcno:no functions found
[/mnt/host/source/src/platform/ec/build/zephyr/roach-lcov] stderr:
[kinmen:ro] -- Application: /mnt/host/source/src/platform/ec/zephyr/program/fatcat
[kinmen:ro] Loading Zephyr default modules (Zephyr base (cached)).
[kinmen:rw] -- The ASM compiler identification is GNU
[kinmen:rw] -- Found assembler: /home/jpmurphy/.cache/coreboot-sdk/riscv64-elf/96b949749225b6aaa92ed810ab769e8dfb12f000/bin/riscv64-elf-gcc
[karis:rw] -- The C compiler identification is GNU 14.2.0
[kinmen:rw] CMake Warning at /mnt/host/source/src/platform/ec/zephyr/cmake/linker/ld/linker_libraries.cmake:11 (message):
[kinmen:rw]   Disabling c_library
[kinmen:rw] Call Stack (most recent call first):
[kinmen:rw]   /mnt/host/source/src/third_party/zephyr/main/cmake/target_toolchain_flags.cmake:48 (include)
[kinmen:rw]   /mnt/host/source/src/third_party/zephyr/main/cmake/modules/kernel.cmake:153 (include)
[kinmen:rw]   /mnt/host/source/src/third_party/zephyr/main/cmake/modules/zephyr_default.cmake:138 (include)
[kinmen:rw]   /mnt/host/source/src/third_party/zephyr/main/share/zephyr-package/cmake/ZephyrConfig.cmake:66 (include)
[kinmen:rw]   /mnt/host/source/src/third_party/zephyr/main/share/zephyr-package/cmake/ZephyrConfig.cmake:97 (include_boilerplate)
[kinmen:rw]   CMakeLists.txt:7 (find_package)
[kinmen:rw] INFOSetting c++_library to libstdc++ install path
[kinmen:rw] INFOSetting c_library to picolibc install path
[craaskov:rw] -- The C compiler identification is GNU 14.2.0
[kelpie:rw] INFO: Verified 66 '*-gpios' properties, all flags match.
[kelpie:rw] INFO: Skipped 1 named-gpios children.
[kelpie:rw] INFO: Running CME, outputting to /mnt/host/source/src/platform/ec/build/zephyr/kelpie/build-rw/zephyr/component_manifest.json
[kelpie:rw] INFO: Project kelpie does not support SSFC
[kelpie:rw] INFO: No usbc node found
[kyogre:rw]   Disabling c_library
[kyogre:rw] Call Stack (most recent call first):
[kyogre:rw]   /mnt/host/source/src/third_party/zephyr/main/cmake/target_toolchain_flags.cmake:48 (include)
[kyogre:rw]   /mnt/host/source/src/third_party/zephyr/main/cmake/modules/kernel.cmake:153 (include)
[kyogre:rw]   /mnt/host/source/src/third_party/zephyr/main/cmake/modules/zephyr_default.cmake:138 (include)
[kyogre:rw]   /mnt/host/source/src/third_party/zephyr/main/share/zephyr-package/cmake/ZephyrConfig.cmake:66 (include)
[kyogre:rw]   /mnt/host/source/src/third_party/zephyr/main/share/zephyr-package/cmake/ZephyrConfig.cmake:97 (include_boilerplate)
[kyogre:rw]   CMakeLists.txt:7 (find_package)
[kyogre:rw] INFO: Verified 58 GPIOs, no duplicates found
[karis:ro] -- The CXX compiler identification is GNU 14.2.0
[craaskov:ro] -- The CXX compiler identification is GNU 14.2.0
[/mnt/host/source/src/platform/ec/build/zephyr/kaladin-lcov]   /mnt/host/source/src/platform/ec/build/zephyr/kaladin/build-ro/zephyr/arch/common/CMakeFiles/isr_tables.dir/isr_tables.c.gcno:no functions found
[/mnt/host/source/src/platform/ec/build/zephyr/kaladin-lcov] stderr:
[kelpie:ro] -- warning_base_override: -Wall;-Wformat;-Wformat-security;-Wformat;-Wno-format-zero-length;-Wno-pointer-sign;-Wpointer-arith;-Wexpansion-to-defined
[karis:rw] -- The CXX compiler identification is GNU 14.2.0
[craaskov:ro] -- The ASM compiler identification is GNU
[craaskov:ro] -- Found assembler: /home/jpmurphy/.cache/coreboot-sdk/arm-eabi/ea40ddd1d190c3b48435c474c0b545719371813a/bin/arm-eabi-gcc
[karis:ro] -- The ASM compiler identification is GNU
[kelpie:rw] -- warning_base_override: -Wall;-Wformat;-Wformat-security;-Wformat;-Wno-format-zero-length;-Wno-pointer-sign;-Wpointer-arith;-Wexpansion-to-defined
[craaskov:ro] CMake Warning at /mnt/host/source/src/platform/ec/zephyr/cmake/linker/ld/linker_libraries.cmake:11 (message):
[craaskov:ro]   Disabling c_library
[craaskov:ro] Call Stack (most recent call first):
[craaskov:ro]   /mnt/host/source/src/third_party/zephyr/main/cmake/target_toolchain_flags.cmake:48 (include)
[craaskov:ro]   /mnt/host/source/src/third_party/zephyr/main/cmake/modules/kernel.cmake:153 (include)
[craaskov:ro]   /mnt/host/source/src/third_party/zephyr/main/cmake/modules/zephyr_default.cmake:138 (include)
[craaskov:ro]   /mnt/host/source/src/third_party/zephyr/main/share/zephyr-package/cmake/ZephyrConfig.cmake:66 (include)
[craaskov:ro]   /mnt/host/source/src/third_party/zephyr/main/share/zephyr-package/cmake/ZephyrConfig.cmake:97 (include_boilerplate)
[craaskov:ro]   CMakeLists.txt:7 (find_package)
[/mnt/host/source/src/platform/ec/build/zephyr/baze-lcov]   /mnt/host/source/src/platform/ec/build/zephyr/baze/build-ro/CMakeFiles/app.dir/mnt/host/source/src/platform/ec/build/zephyr/baze/modules/ec/common/chargen.c.gcno:no functions found
[/mnt/host/source/src/platform/ec/build/zephyr/baze-lcov] stderr:
[karis:ro] CMake Warning at /mnt/host/source/src/platform/ec/zephyr/cmake/linker/ld/linker_libraries.cmake:11 (message):
[karis:ro]   Disabling c_library
[karis:ro] Call Stack (most recent call first):
[karis:ro]   /mnt/host/source/src/third_party/zephyr/main/cmake/target_toolchain_flags.cmake:48 (include)
[karis:ro]   /mnt/host/source/src/third_party/zephyr/main/cmake/modules/kernel.cmake:153 (include)
[karis:ro]   /mnt/host/source/src/third_party/zephyr/main/cmake/modules/zephyr_default.cmake:138 (include)
[karis:ro]   /mnt/host/source/src/third_party/zephyr/main/share/zephyr-package/cmake/ZephyrConfig.cmake:66 (include)
[craaskov:rw] -- The CXX compiler identification is GNU 14.2.0
[kyogre:ro] -- Found assembler: /home/jpmurphy/.cache/coreboot-sdk/arm-eabi/ea40ddd1d190c3b48435c474c0b545719371813a/bin/arm-eabi-gcc
[kyogre:ro] -- Performing EC specific devicetree checks
[karis:rw] -- The ASM compiler identification is GNU
[karis:rw] -- Found assembler: /home/jpmurphy/.cache/coreboot-sdk/arm-eabi/ea40ddd1d190c3b48435c474c0b545719371813a/bin/arm-eabi-gcc
[karis:rw] warning: Deprecated symbol I2C_ALLOW_NO_STOP_TRANSACTIONS is enabled.
[karis:rw] CMake Warning at /mnt/host/source/src/platform/ec/zephyr/cmake/linker/ld/linker_libraries.cmake:11 (message):
[karis:rw]   Disabling c_library
[karis:rw] Call Stack (most recent call first):
[karis:rw]   /mnt/host/source/src/third_party/zephyr/main/cmake/target_toolchain_flags.cmake:48 (include)
[karis:rw]   /mnt/host/source/src/third_party/zephyr/main/cmake/modules/kernel.cmake:153 (include)
[karis:rw]   /mnt/host/source/src/third_party/zephyr/main/cmake/modules/zephyr_default.cmake:138 (include)
[karis:rw]   /mnt/host/source/src/third_party/zephyr/main/share/zephyr-package/cmake/ZephyrConfig.cmake:66 (include)
[karis:rw]   /mnt/host/source/src/third_party/zephyr/main/share/zephyr-package/cmake/ZephyrConfig.cmake:97 (include_boilerplate)
[karis:rw]   CMakeLists.txt:6 (find_package)
[pujjogatwin:ro] -- Performing EC specific devicetree checks
[kyogre:rw] -- Generating component manifest file
[craaskov:rw] -- The ASM compiler identification is GNU
[craaskov:rw] warning: Deprecated symbol I2C_ALLOW_NO_STOP_TRANSACTIONS is enabled.
[craaskov:rw] CMake Warning at /mnt/host/source/src/platform/ec/zephyr/cmake/linker/ld/linker_libraries.cmake:11 (message):
[craaskov:rw]   Disabling c_library
[craaskov:rw] Call Stack (most recent call first):
[craaskov:rw]   /mnt/host/source/src/third_party/zephyr/main/cmake/target_toolchain_flags.cmake:48 (include)
[craaskov:rw]   /mnt/host/source/src/third_party/zephyr/main/cmake/modules/kernel.cmake:153 (include)
[craaskov:rw]   /mnt/host/source/src/third_party/zephyr/main/cmake/modules/zephyr_default.cmake:138 (include)
[kinmen:ro] -- CMake version: 3.31.7
[kinmen:ro] -- Found Python3: /usr/bin/python3.11 (found suitable version "3.11.11", minimum required is "3.10") found components: Interpreter
[kinmen:ro] -- Cache files will be written to: /mnt/host/source/src/platform/ec/build/zephyr/user-cache
[kinmen:ro] -- Zephyr version: 4.3.99 (/mnt/host/source/src/third_party/zephyr/main)
[kelpie:ro] -- Found gen_kobject_list: /mnt/host/source/src/third_party/zephyr/main/scripts/build/gen_kobject_list.py
[pujjogatwin:ro]   Disabling c_library
[pujjogatwin:ro] Call Stack (most recent call first):
[pujjogatwin:ro]   /mnt/host/source/src/third_party/zephyr/main/cmake/target_toolchain_flags.cmake:48 (include)
[pujjogatwin:ro]   /mnt/host/source/src/third_party/zephyr/main/cmake/modules/kernel.cmake:153 (include)
[pujjogatwin:ro]   /mnt/host/source/src/third_party/zephyr/main/cmake/modules/zephyr_default.cmake:138 (include)
[pujjogatwin:ro]   /mnt/host/source/src/third_party/zephyr/main/share/zephyr-package/cmake/ZephyrConfig.cmake:66 (include)
[pujjogatwin:ro]   /mnt/host/source/src/third_party/zephyr/main/share/zephyr-package/cmake/ZephyrConfig.cmake:97 (include_boilerplate)
[pujjogatwin:ro]   CMakeLists.txt:7 (find_package)
[pujjogatwin:ro] INFO: Verified 61 GPIOs, no duplicates found
[pujjogatwin:ro] INFO: Verified 25 '*-gpios' properties, all flags match.
[kelpie:rw] -- Found gen_kobject_list: /mnt/host/source/src/third_party/zephyr/main/scripts/build/gen_kobject_list.py
[kinmen:rw] -- Performing EC specific devicetree checks
[kyogre:ro] INFO: Verified 58 GPIOs, no duplicates found
[kyogre:ro] INFO: Verified 3 '*-gpios' properties, all flags match.
[kyogre:ro] INFO: Skipped 1 named-gpios children.
[kelpie:ro] INFO: Project kelpie does not support SSFC
[kelpie:ro] INFO: No usbc node found
[kelpie:ro] INFO: No motionsense-sensor node found
[kelpie:ro] CMake Warning at /mnt/host/source/src/third_party/zephyr/main/CMakeLists.txt:2359 (message):
[kelpie:ro]   __ASSERT() statements are globally ENABLED
[kyogre:rw] INFO: Verified 3 '*-gpios' properties, all flags match.
[kyogre:rw] INFO: Skipped 1 named-gpios children.
[kyogre:rw] INFO: Running CME, outputting to /mnt/host/source/src/platform/ec/build/zephyr/kyogre/build-rw/zephyr/component_manifest.json
[kyogre:rw] INFO: Project kyogre does not support SSFC
[kyogre:rw] INFO: Component anx7447-mux-0(analogix,usbc-mux-anx7447) not on I2C bus, skip it
[kyogre:rw] INFO: Component virtual-mux-0(cros-ec,usbc-mux-virtual) not on I2C bus, skip it
[kyogre:rw] INFO: Component virtual-mux-1(cros-ec,usbc-mux-virtual) not on I2C bus, skip it
[/mnt/host/source/src/platform/ec/build/zephyr/fatcatrvp-npcx-lcov]   /mnt/host/source/src/platform/ec/build/zephyr/fatcatrvp-npcx/build-ro/modules/ec/zephyr/CMakeFiles/ec_shim.dir/drivers/keyboard_input/keyboard_customization_check.c.gcno:no functions found
[/mnt/host/source/src/platform/ec/build/zephyr/fatcatrvp-npcx-lcov] stderr:
[kelpie:rw] INFO: No motionsense-sensor node found
[kelpie:rw] CMake Warning at /mnt/host/source/src/third_party/zephyr/main/CMakeLists.txt:2359 (message):
[kelpie:rw]   __ASSERT() statements are globally ENABLED
[kelpie:ro] -- Configuring done (14.5s)
[kelpie:rw] -- Configuring done (14.5s)
[kinmen:rw] INFO: Verified 42 GPIOs, no duplicates found
[kinmen:rw] INFO: Verified 31 '*-gpios' properties, all flags match.
[kinmen:rw] INFO: Skipped 13 named-gpios children.
[pujjogatwin:ro] -- Generating component manifest file
[kyogre:ro] -- Generating component manifest file
[/mnt/host/source/src/platform/ec/build/zephyr/roach-lcov]   /mnt/host/source/src/platform/ec/build/zephyr/roach/build-ro/zephyr/CMakeFiles/zephyr.dir/lib/utils/last_section_id.c.gcno:no functions found
[/mnt/host/source/src/platform/ec/build/zephyr/roach-lcov] stderr:
[kyogre:rw] -- warning_base_override: -Wall;-Wformat;-Wformat-security;-Wformat;-Wno-format-zero-length;-Wno-pointer-sign;-Wpointer-arith;-Wexpansion-to-defined
[karis:ro] -- Found assembler: /home/jpmurphy/.cache/coreboot-sdk/arm-eabi/ea40ddd1d190c3b48435c474c0b545719371813a/bin/arm-eabi-gcc
[karis:ro] -- Performing EC specific devicetree checks
[craaskov:ro] -- Performing EC specific devicetree checks
[kinmen:rw] -- Generating component manifest file
[kyogre:ro] INFO: Running CME, outputting to /mnt/host/source/src/platform/ec/build/zephyr/kyogre/build-ro/zephyr/component_manifest.json
[kyogre:ro] INFO: Project kyogre does not support SSFC
[kyogre:ro] INFO: Component anx7447-mux-0(analogix,usbc-mux-anx7447) not on I2C bus, skip it
[kyogre:ro] INFO: Component virtual-mux-0(cros-ec,usbc-mux-virtual) not on I2C bus, skip it
[kyogre:ro] INFO: Component virtual-mux-1(cros-ec,usbc-mux-virtual) not on I2C bus, skip it
[kyogre:ro] INFO: Component virtual-mux-1(cros-ec,usbc-mux-virtual) not on I2C bus, skip it
[kyogre:ro] INFO: No motionsense-sensor-alt node found
[kyogre:ro] -- warning_base_override: -Wall;-Wformat;-Wformat-security;-Wformat;-Wno-format-zero-length;-Wno-pointer-sign;-Wpointer-arith;-Wexpansion-to-defined
[pujjogatwin:ro] INFO: Skipped 15 named-gpios children.
[pujjogatwin:ro] INFO: Running CME, outputting to /mnt/host/source/src/platform/ec/build/zephyr/pujjogatwin/build-ro/zephyr/component_manifest.json
[pujjogatwin:ro] INFO: Project pujjogatwin does not support SSFC
[pujjogatwin:ro] INFO: Component virtual-mux-0(cros-ec,usbc-mux-virtual) not on I2C bus, skip it
[pujjogatwin:ro] INFO: Component virtual-mux-1(cros-ec,usbc-mux-virtual) not on I2C bus, skip it
[pujjogatwin:ro] INFO: No motionsense-sensor-alt node found
[kelpie:ro] -- Generating done (0.4s)
[kelpie:ro] CMake Warning:
[kelpie:ro] -- Build files have been written to: /mnt/host/source/src/platform/ec/build/zephyr/kelpie/build-ro
[pujjogatwin:ro] -- warning_base_override: -Wall;-Wformat;-Wformat-security;-Wformat;-Wno-format-zero-length;-Wno-pointer-sign;-Wpointer-arith;-Wexpansion-to-defined
[kelpie:rw] -- Generating done (0.4s)
[kelpie:rw] CMake Warning:
[kelpie:rw] -- Build files have been written to: /mnt/host/source/src/platform/ec/build/zephyr/kelpie/build-rw
[karis:rw] -- Performing EC specific devicetree checks
[karis:ro]   /mnt/host/source/src/third_party/zephyr/main/share/zephyr-package/cmake/ZephyrConfig.cmake:97 (include_boilerplate)
[karis:ro]   CMakeLists.txt:6 (find_package)
[karis:ro] INFO: Verified 67 GPIOs, no duplicates found
[karis:ro] INFO: Verified 31 '*-gpios' properties, all flags match.
[craaskov:ro] INFO: Verified 56 GPIOs, no duplicates found
[craaskov:ro] INFO: Verified 18 '*-gpios' properties, all flags match.
[craaskov:ro] INFO: Skipped 18 named-gpios children.
[kinmen:rw] INFO: Running CME, outputting to /mnt/host/source/src/platform/ec/build/zephyr/kinmen/build-rw/zephyr/component_manifest.json
[kinmen:rw] INFO: Project kinmen does not support SSFC
[kinmen:rw] INFO: No motionsense-sensor node found
[kelpie:ro]   Manually-specified variables were not used by the project:
[kelpie:ro]     COREBOOT_SDK_ROOT_arm
[kelpie:ro]     COREBOOT_SDK_ROOT_libstdcxx_arm
[kelpie:ro]     COREBOOT_SDK_ROOT_libstdcxx_x86
[kelpie:ro]     COREBOOT_SDK_ROOT_nds32
[kelpie:ro]     COREBOOT_SDK_ROOT_picolibc_arm
[kelpie:ro]     COREBOOT_SDK_ROOT_picolibc_x86
[kelpie:ro]     COREBOOT_SDK_ROOT_riscv
[kelpie:ro]     COREBOOT_SDK_ROOT_x86
Toolchain <zmake.toolchains.CorebootSdkToolchain object at 0x7f414307bc10> selected by probe function.
[pujjocento] Building in /mnt/host/source/src/platform/ec/build/zephyr/pujjocento.
[pujjocento:rw] Configuring.
Running `env -i PYTHONPATH=/usr/lib64/python-exec/python3.11:/mnt/host/source/src/platform/ec/zephyr/zmake:/usr/lib/python311.zip:/usr/lib/python3.11:/usr/lib/python3.11/lib-dynload:/usr/lib/python3.11/site-packages PW_PIGWEED_CIPD_INSTALL_DIR=/usr CROSTC_USER_ACKNOWLEDGES_THAT_RISCV_IS_EXPERIMENTAL=1 PATH=/mnt/host/source/chromite/bin:/usr/local/bin:/usr/bin:/bin:/opt/bin:/mnt/host/source/chromite/sdk/bin:/mnt/host/source/chromite/bin HOME=/home/jpmurphy JAVA_HOME=/etc/java-config-2/current-system-vm JDK_HOME=/etc/java-config-2/current-system-vm JAVAC=/etc/java-config-2/current-system-vm/bin/javac MAKEFLAGS=' -j16 --jobserver-auth=5,6' /usr/bin/cmake -S /mnt/host/source/src/platform/ec/zephyr/program/trulo -B /mnt/host/source/src/platform/ec/build/zephyr/pujjocento/build-rw -GNinja -DCMAKE_EXPORT_COMPILE_COMMANDS=ON -DZEPHYR_BASE=/mnt/host/source/src/third_party/zephyr/main -DZMAKE_INCLUDE_DIR=/mnt/host/source/src/platform/ec/build/zephyr/pujjocento/include -DPython3_EXECUTABLE=/usr/bin/python3.11 -DDTS_ROOT=/mnt/host/source/src/platform/ec/zephyr -DSYSCALL_INCLUDE_DIRS=/mnt/host/source/src/platform/ec/zephyr/include/drivers -DUSER_CACHE_DIR=/mnt/host/source/src/platform/ec/build/zephyr/user-cache -DPW_ROOT=/mnt/host/source/src/third_party/pigweed -DNANOPB_DIR=/mnt/host/source/src/third_party/zephyr/nanopb '-DEXTRA_EC_VERSION_FLAGS=--version 16543.0.0 --static' -DTOOLCHAIN_ROOT=/mnt/host/source/src/platform/ec/zephyr -DCOREBOOT_SDK_ROOT_x86=/home/jpmurphy/.cache/coreboot-sdk/i386-elf/dfbb0486385d938cfa9d73080b9d18d598ed4f49 -DCOREBOOT_SDK_ROOT_picolibc_x86=/home/jpmurphy/.cache/coreboot-sdk/picolibc-i386-elf/eb8e8e687b95461de8cbf278f1c2076952d0ad17 -DCOREBOOT_SDK_ROOT_riscv64=/home/jpmurphy/.cache/coreboot-sdk/riscv64-elf/96b949749225b6aaa92ed810ab769e8dfb12f000 -DCOREBOOT_SDK_ROOT_picolibc_arm=/home/jpmurphy/.cache/coreboot-sdk/picolibc-arm-eabi/422a2aa3e1ef891b5bece9a3deb696ff83840d2e -DCOREBOOT_SDK_ROOT_nds32=/home/jpmurphy/.cache/coreboot-sdk/nds32le-elf/d1a518c4a097666d86058e1444f85ca015d15511 -DCOREBOOT_SDK_ROOT_picolibc_riscv64=/home/jpmurphy/.cache/coreboot-sdk/picolibc-riscv64-elf/f571e990ef0278564b31124f8bb109d9a697eb69 -DCOREBOOT_SDK_ROOT_arm=/home/jpmurphy/.cache/coreboot-sdk/arm-eabi/ea40ddd1d190c3b48435c474c0b545719371813a -DCOREBOOT_SDK_ROOT_libstdcxx_riscv64=/home/jpmurphy/.cache/coreboot-sdk/libstdcxx-riscv64-elf/17abf22a3a252e2d5d2062ced5324f7a623689e0 -DCOREBOOT_SDK_ROOT_libstdcxx_arm=/home/jpmurphy/.cache/coreboot-sdk/libstdcxx-arm-eabi/5d7d82e150e44aa1968f1d366e267e6687b328ac -DCOREBOOT_SDK_ROOT_riscv=/home/jpmurphy/.cache/coreboot-sdk/riscv-elf/9a27b9e82341c6e9126624f516ab3f261abb3e73 -DCOREBOOT_SDK_ROOT_libstdcxx_x86=/home/jpmurphy/.cache/coreboot-sdk/libstdcxx-i386-elf/42ef9d2e87a76a37963175d7d428734e65648b87 -DZEPHYR_TOOLCHAIN_VARIANT=coreboot-sdk '-DZEPHYR_MODULES=/mnt/host/source/src/platform/ec/build/zephyr/pujjocento/modules/cmsis;/mnt/host/source/src/platform/ec/build/zephyr/pujjocento/modules/cmsis_6;/mnt/host/source/src/platform/ec/build/zephyr/pujjocento/modules/picolibc;/mnt/host/source/src/platform/ec/build/zephyr/pujjocento/modules/ec;/mnt/host/source/src/platform/ec/build/zephyr/pujjocento/modules/pigweed;/mnt/host/source/src/platform/ec/build/zephyr/pujjocento/modules/nanopb' -DDTC_OVERLAY_FILE=/mnt/host/source/src/platform/ec/zephyr/program/trulo/pujjocento/project.overlay -DBOARD=npcx9/npcx9m7fb -DCMAKE_C_FLAGS=-DSECTION_IS_RW '-DCONF_FILE=/mnt/host/source/src/platform/ec/zephyr/program/trulo/program.conf;/mnt/host/source/src/platform/ec/zephyr/program/trulo/pujjocento/project.conf;/mnt/host/source/src/platform/ec/zephyr/program/trulo/dsp_comms.conf;/mnt/host/source/src/platform/ec/build/zephyr/pujjocento/kconfig-rw.conf'`
[craaskov:rw] -- Found assembler: /home/jpmurphy/.cache/coreboot-sdk/arm-eabi/ea40ddd1d190c3b48435c474c0b545719371813a/bin/arm-eabi-gcc
[craaskov:rw] -- Performing EC specific devicetree checks
[pujjocento:rw] Loading Zephyr default modules (Zephyr base (cached)).
[pujjocento:rw] -- Application: /mnt/host/source/src/platform/ec/zephyr/program/trulo
[pujjocento:rw] -- CMake version: 3.31.7
[kyogre:rw] -- Found gen_kobject_list: /mnt/host/source/src/third_party/zephyr/main/scripts/build/gen_kobject_list.py
[kelpie:rw]   Manually-specified variables were not used by the project:
[kelpie:rw]     COREBOOT_SDK_ROOT_arm
[kelpie:rw]     COREBOOT_SDK_ROOT_libstdcxx_arm
[kelpie:rw]     COREBOOT_SDK_ROOT_libstdcxx_x86
[kelpie:rw]     COREBOOT_SDK_ROOT_nds32
[kelpie:rw]     COREBOOT_SDK_ROOT_picolibc_arm
[kelpie:rw]     COREBOOT_SDK_ROOT_picolibc_x86
[kelpie:rw]     COREBOOT_SDK_ROOT_riscv
[kelpie:rw]     COREBOOT_SDK_ROOT_x86
[pujjocento:ro] Configuring.
Running `env -i PYTHONPATH=/usr/lib64/python-exec/python3.11:/mnt/host/source/src/platform/ec/zephyr/zmake:/usr/lib/python311.zip:/usr/lib/python3.11:/usr/lib/python3.11/lib-dynload:/usr/lib/python3.11/site-packages PW_PIGWEED_CIPD_INSTALL_DIR=/usr CROSTC_USER_ACKNOWLEDGES_THAT_RISCV_IS_EXPERIMENTAL=1 PATH=/mnt/host/source/chromite/bin:/usr/local/bin:/usr/bin:/bin:/opt/bin:/mnt/host/source/chromite/sdk/bin:/mnt/host/source/chromite/bin HOME=/home/jpmurphy JAVA_HOME=/etc/java-config-2/current-system-vm JDK_HOME=/etc/java-config-2/current-system-vm JAVAC=/etc/java-config-2/current-system-vm/bin/javac MAKEFLAGS=' -j16 --jobserver-auth=5,6' /usr/bin/cmake -S /mnt/host/source/src/platform/ec/zephyr/program/trulo -B /mnt/host/source/src/platform/ec/build/zephyr/pujjocento/build-ro -GNinja -DCMAKE_EXPORT_COMPILE_COMMANDS=ON -DZEPHYR_BASE=/mnt/host/source/src/third_party/zephyr/main -DZMAKE_INCLUDE_DIR=/mnt/host/source/src/platform/ec/build/zephyr/pujjocento/include -DPython3_EXECUTABLE=/usr/bin/python3.11 -DDTS_ROOT=/mnt/host/source/src/platform/ec/zephyr -DSYSCALL_INCLUDE_DIRS=/mnt/host/source/src/platform/ec/zephyr/include/drivers -DUSER_CACHE_DIR=/mnt/host/source/src/platform/ec/build/zephyr/user-cache -DPW_ROOT=/mnt/host/source/src/third_party/pigweed -DNANOPB_DIR=/mnt/host/source/src/third_party/zephyr/nanopb '-DEXTRA_EC_VERSION_FLAGS=--version 16543.0.0 --static' -DTOOLCHAIN_ROOT=/mnt/host/source/src/platform/ec/zephyr -DCOREBOOT_SDK_ROOT_x86=/home/jpmurphy/.cache/coreboot-sdk/i386-elf/dfbb0486385d938cfa9d73080b9d18d598ed4f49 -DCOREBOOT_SDK_ROOT_picolibc_x86=/home/jpmurphy/.cache/coreboot-sdk/picolibc-i386-elf/eb8e8e687b95461de8cbf278f1c2076952d0ad17 -DCOREBOOT_SDK_ROOT_riscv64=/home/jpmurphy/.cache/coreboot-sdk/riscv64-elf/96b949749225b6aaa92ed810ab769e8dfb12f000 -DCOREBOOT_SDK_ROOT_picolibc_arm=/home/jpmurphy/.cache/coreboot-sdk/picolibc-arm-eabi/422a2aa3e1ef891b5bece9a3deb696ff83840d2e -DCOREBOOT_SDK_ROOT_nds32=/home/jpmurphy/.cache/coreboot-sdk/nds32le-elf/d1a518c4a097666d86058e1444f85ca015d15511 -DCOREBOOT_SDK_ROOT_picolibc_riscv64=/home/jpmurphy/.cache/coreboot-sdk/picolibc-riscv64-elf/f571e990ef0278564b31124f8bb109d9a697eb69 -DCOREBOOT_SDK_ROOT_arm=/home/jpmurphy/.cache/coreboot-sdk/arm-eabi/ea40ddd1d190c3b48435c474c0b545719371813a -DCOREBOOT_SDK_ROOT_libstdcxx_riscv64=/home/jpmurphy/.cache/coreboot-sdk/libstdcxx-riscv64-elf/17abf22a3a252e2d5d2062ced5324f7a623689e0 -DCOREBOOT_SDK_ROOT_libstdcxx_arm=/home/jpmurphy/.cache/coreboot-sdk/libstdcxx-arm-eabi/5d7d82e150e44aa1968f1d366e267e6687b328ac -DCOREBOOT_SDK_ROOT_riscv=/home/jpmurphy/.cache/coreboot-sdk/riscv-elf/9a27b9e82341c6e9126624f516ab3f261abb3e73 -DCOREBOOT_SDK_ROOT_libstdcxx_x86=/home/jpmurphy/.cache/coreboot-sdk/libstdcxx-i386-elf/42ef9d2e87a76a37963175d7d428734e65648b87 -DZEPHYR_TOOLCHAIN_VARIANT=coreboot-sdk '-DZEPHYR_MODULES=/mnt/host/source/src/platform/ec/build/zephyr/pujjocento/modules/cmsis;/mnt/host/source/src/platform/ec/build/zephyr/pujjocento/modules/cmsis_6;/mnt/host/source/src/platform/ec/build/zephyr/pujjocento/modules/picolibc;/mnt/host/source/src/platform/ec/build/zephyr/pujjocento/modules/ec;/mnt/host/source/src/platform/ec/build/zephyr/pujjocento/modules/pigweed;/mnt/host/source/src/platform/ec/build/zephyr/pujjocento/modules/nanopb' -DDTC_OVERLAY_FILE=/mnt/host/source/src/platform/ec/zephyr/program/trulo/pujjocento/project.overlay -DBOARD=npcx9/npcx9m7fb -DCMAKE_C_FLAGS=-DSECTION_IS_RO '-DCONF_FILE=/mnt/host/source/src/platform/ec/zephyr/program/trulo/program.conf;/mnt/host/source/src/platform/ec/zephyr/program/trulo/pujjocento/project.conf;/mnt/host/source/src/platform/ec/zephyr/program/trulo/dsp_comms.conf;/mnt/host/source/src/platform/ec/build/zephyr/pujjocento/kconfig-ro.conf'`
[pujjocento:ro] Loading Zephyr default modules (Zephyr base (cached)).
[pujjocento:ro] -- Application: /mnt/host/source/src/platform/ec/zephyr/program/trulo
[pujjocento:ro] -- CMake version: 3.31.7
[karis:rw] INFO: Verified 67 GPIOs, no duplicates found
[karis:rw] INFO: Verified 31 '*-gpios' properties, all flags match.
[karis:rw] INFO: Skipped 13 named-gpios children.
[kyogre:rw] INFO: Component virtual-mux-1(cros-ec,usbc-mux-virtual) not on I2C bus, skip it
[kyogre:rw] INFO: No motionsense-sensor-alt node found
[kyogre:rw] CMake Warning at /mnt/host/source/src/third_party/zephyr/main/CMakeLists.txt:2359 (message):
[karis:ro] -- Generating component manifest file
[craaskov:rw]   /mnt/host/source/src/third_party/zephyr/main/share/zephyr-package/cmake/ZephyrConfig.cmake:66 (include)
[craaskov:rw]   /mnt/host/source/src/third_party/zephyr/main/share/zephyr-package/cmake/ZephyrConfig.cmake:97 (include_boilerplate)
[craaskov:rw]   CMakeLists.txt:7 (find_package)
[craaskov:rw] INFO: Verified 56 GPIOs, no duplicates found
[craaskov:rw] INFO: Verified 18 '*-gpios' properties, all flags match.
[craaskov:ro] -- Generating component manifest file
[pujjogatwin:ro] -- Found gen_kobject_list: /mnt/host/source/src/third_party/zephyr/main/scripts/build/gen_kobject_list.py
[kyogre:rw] -- Configuring done (15.7s)
[kyogre:ro] -- Found gen_kobject_list: /mnt/host/source/src/third_party/zephyr/main/scripts/build/gen_kobject_list.py
[kyogre:ro] CMake Warning at /mnt/host/source/src/third_party/zephyr/main/CMakeLists.txt:2359 (message):
[kyogre:ro]   __ASSERT() statements are globally ENABLED
[karis:ro] INFO: Skipped 13 named-gpios children.
[karis:ro] INFO: Running CME, outputting to /mnt/host/source/src/platform/ec/build/zephyr/karis/build-ro/zephyr/component_manifest.json
[karis:ro] INFO: Project karis does not support SSFC
[karis:ro] INFO: Component virtual-mux-c0(cros-ec,usbc-mux-virtual) not on I2C bus, skip it
[kinmen:rw] -- warning_base_override: -Wall;-Wformat;-Wformat-security;-Wformat;-Wno-format-zero-length;-Wno-pointer-sign;-Wpointer-arith;-Wexpansion-to-defined
[craaskov:rw] -- Generating component manifest file
[craaskov:ro] INFO: Running CME, outputting to /mnt/host/source/src/platform/ec/build/zephyr/craaskov/build-ro/zephyr/component_manifest.json
[craaskov:ro] INFO: Project craaskov does not support SSFC
[craaskov:ro] INFO: Component virtual-mux-0(cros-ec,usbc-mux-virtual) not on I2C bus, skip it
[craaskov:ro] INFO: No motionsense-sensor-alt node found
[kinmen:rw] The PW_ROOT environment variable is not set; using /mnt/host/source/src/platform/ec/build/zephyr/kinmen/modules/pigweed within CMake
[pujjocento:rw] -- Found Python3: /usr/bin/python3.11 (found suitable version "3.11.11", minimum required is "3.10") found components: Interpreter
[pujjogatwin:ro] -- Configuring done (15.8s)
[karis:rw] -- Generating component manifest file
[pujjocento:rw] -- Cache files will be written to: /mnt/host/source/src/platform/ec/build/zephyr/user-cache
[kinmen:ro] -- Board: it8xxx2, qualifiers: it82002aw
[pujjocento:rw] -- Zephyr version: 4.3.99 (/mnt/host/source/src/third_party/zephyr/main)
[kyogre:ro] -- Configuring done (16.0s)
[pujjocento:ro] -- Found Python3: /usr/bin/python3.11 (found suitable version "3.11.11", minimum required is "3.10") found components: Interpreter
[pujjocento:ro] -- Cache files will be written to: /mnt/host/source/src/platform/ec/build/zephyr/user-cache
[pujjocento:ro] -- Zephyr version: 4.3.99 (/mnt/host/source/src/third_party/zephyr/main)
[karis:ro] -- warning_base_override: -Wall;-Wformat;-Wformat-security;-Wformat;-Wno-format-zero-length;-Wno-pointer-sign;-Wpointer-arith;-Wexpansion-to-defined
[kyogre:rw] -- Generating done (0.4s)
[kyogre:rw]   __ASSERT() statements are globally ENABLED
[kyogre:rw] CMake Warning:
[kyogre:rw]   Manually-specified variables were not used by the project:
[kyogre:rw]     COREBOOT_SDK_ROOT_libstdcxx_riscv64
[kyogre:rw]     COREBOOT_SDK_ROOT_libstdcxx_x86
[kyogre:rw]     COREBOOT_SDK_ROOT_nds32
[kyogre:rw]     COREBOOT_SDK_ROOT_picolibc_riscv64
[kyogre:rw]     COREBOOT_SDK_ROOT_picolibc_x86
[kyogre:rw]     COREBOOT_SDK_ROOT_riscv
[kyogre:rw] -- Build files have been written to: /mnt/host/source/src/platform/ec/build/zephyr/kyogre/build-rw
[craaskov:ro] -- warning_base_override: -Wall;-Wformat;-Wformat-security;-Wformat;-Wno-format-zero-length;-Wno-pointer-sign;-Wpointer-arith;-Wexpansion-to-defined
[karis:rw] INFO: Running CME, outputting to /mnt/host/source/src/platform/ec/build/zephyr/karis/build-rw/zephyr/component_manifest.json
[karis:rw] INFO: Project karis does not support SSFC
[karis:rw] -- warning_base_override: -Wall;-Wformat;-Wformat-security;-Wformat;-Wno-format-zero-length;-Wno-pointer-sign;-Wpointer-arith;-Wexpansion-to-defined
[craaskov:rw] INFO: Skipped 18 named-gpios children.
[craaskov:rw] INFO: Running CME, outputting to /mnt/host/source/src/platform/ec/build/zephyr/craaskov/build-rw/zephyr/component_manifest.json
[craaskov:rw] INFO: Project craaskov does not support SSFC
[craaskov:rw] INFO: Component virtual-mux-0(cros-ec,usbc-mux-virtual) not on I2C bus, skip it
[craaskov:rw] INFO: No motionsense-sensor-alt node found
[craaskov:rw] -- warning_base_override: -Wall;-Wformat;-Wformat-security;-Wformat;-Wno-format-zero-length;-Wno-pointer-sign;-Wpointer-arith;-Wexpansion-to-defined
[pujjogatwin:ro] -- Generating done (0.4s)
[pujjogatwin:ro] CMake Warning:
[pujjogatwin:ro] -- Build files have been written to: /mnt/host/source/src/platform/ec/build/zephyr/pujjogatwin/build-ro
[kyogre:rw]     COREBOOT_SDK_ROOT_riscv64
[kyogre:rw]     COREBOOT_SDK_ROOT_x86
[kelpie:rw] Building: /usr/bin/ninja -C /mnt/host/source/src/platform/ec/build/zephyr/kelpie/build-rw all.libraries
Running `env -i SHELL=/bin/bash COLORTERM=truecolor DEPOT_TOOLS_UPDATE=0 LESS='-R -M --shift 5' SUDO_GID=0 JDK_HOME=/etc/java-config-2/current-system-vm CONFIG_PROTECT_MASK='/etc/gentoo-release /etc/sandbox.d /etc/fonts/fonts.conf /etc/terminfo /etc/ca-certificates.conf /etc/revdep-rebuild' CHROMEOS_CACHEDIR=/var/cache/chromeos-cache JAVA_HOME=/etc/java-config-2/current-system-vm SSH_AUTH_SOCK=/tmp/ssh-auth-sock SUDO_COMMAND=/bin/bash SUDO_USER=root SUDO_TTY=/dev/pts/2 EDITOR=/usr/bin/vi PWD=/mnt/host/source/src/platform/ec CONFIG_PROTECT=/usr/share/gnupg/qualified.txt LOGNAME=jpmurphy MANPATH=/etc/java-config-2/current-system-vm/man:/usr/local/share/man:/usr/share/man:/usr/share/gcc-data/x86_64-pc-linux-gnu/10.2.0/man:/usr/share/binutils-data/x86_64-pc-linux-gnu/2.45/man:/etc/java-config-2/current-system-vm/man/ SUDO_HOME=/root XAUTHORITY=/run/user/944457/gdm/Xauthority HOME=/home/jpmurphy LANG=C.UTF-8 LS_COLORS='rs=0:di=01;34:ln=01;36:mh=00:pi=40;33:so=01;35:do=01;35:bd=40;33;01:cd=40;33;01:or=01;05;37;41:mi=01;05;37;41:su=37;41:sg=30;43:ca=30;41:tw=30;42:ow=34;42:st=37;44:ex=01;32:*.tar=01;31:*.tgz=01;31:*.arc=01;31:*.arj=01;31:*.taz=01;31:*.lha=01;31:*.lz4=01;31:*.lzh=01;31:*.lzma=01;31:*.tlz=01;31:*.txz=01;31:*.tzo=01;31:*.t7z=01;31:*.zip=01;31:*.z=01;31:*.dz=01;31:*.gz=01;31:*.lrz=01;31:*.lz=01;31:*.lzo=01;31:*.xz=01;31:*.zst=01;31:*.tzst=01;31:*.bz2=01;31:*.bz=01;31:*.tbz=01;31:*.tbz2=01;31:*.tz=01;31:*.deb=01;31:*.rpm=01;31:*.jar=01;31:*.war=01;31:*.ear=01;31:*.sar=01;31:*.rar=01;31:*.alz=01;31:*.ace=01;31:*.zoo=01;31:*.cpio=01;31:*.7z=01;31:*.rz=01;31:*.cab=01;31:*.wim=01;31:*.swm=01;31:*.dwm=01;31:*.esd=01;31:*.jpg=01;35:*.jpeg=01;35:*.mjpg=01;35:*.mjpeg=01;35:*.gif=01;35:*.bmp=01;35:*.pbm=01;35:*.pgm=01;35:*.ppm=01;35:*.tga=01;35:*.xbm=01;35:*.xpm=01;35:*.tif=01;35:*.tiff=01;35:*.png=01;35:*.svg=01;35:*.svgz=01;35:*.mng=01;35:*.pcx=01;35:*.mov=01;35:*.mpg=01;35:*.mpeg=01;35:*.m2v=01;35:*.mkv=01;35:*.webm=01;35:*.webp=01;35:*.ogm=01;35:*.mp4=01;35:*.m4v=01;35:*.mp4v=01;35:*.vob=01;35:*.qt=01;35:*.nuv=01;35:*.wmv=01;35:*.asf=01;35:*.rm=01;35:*.rmvb=01;35:*.flc=01;35:*.avi=01;35:*.fli=01;35:*.flv=01;35:*.gl=01;35:*.dl=01;35:*.xcf=01;35:*.xwd=01;35:*.yuv=01;35:*.cgm=01;35:*.emf=01;35:*.ogv=01;35:*.ogx=01;35:*.cfg=00;32:*.conf=00;32:*.diff=00;32:*.doc=00;32:*.ini=00;32:*.log=00;32:*.patch=00;32:*.pdf=00;32:*.ps=00;32:*.tex=00;32:*.txt=00;32:*.aac=00;36:*.au=00;36:*.flac=00;36:*.m4a=00;36:*.mid=00;36:*.midi=00;36:*.mka=00;36:*.mp3=00;36:*.mpc=00;36:*.ogg=00;36:*.ra=00;36:*.wav=00;36:*.oga=00;36:*.opus=00;36:*.spx=00;36:*.xspf=00;36:' XDG_CURRENT_DESKTOP=GNOME INFOPATH=/usr/share/info:/usr/share/gcc-data/x86_64-pc-linux-gnu/10.2.0/info:/usr/share/binutils-data/x86_64-pc-linux-gnu/2.45/info:/usr/share/automake-1.16.5/info JAVAC=/etc/java-config-2/current-system-vm/bin/javac TERM=xterm-256color LESSOPEN='|lesspipe %s' USER=jpmurphy CROS_WORKON_SRCROOT=/mnt/host/source MANPAGER=manpager DISPLAY=:1 SHLVL=1 LC_MESSAGES=C EXTERNAL_TRUNK_PATH=/mnt/8f9d649a-3721-44cc-93c0-e6bd21a9689f/chromiumos GCC_SPECS='' PATH=/mnt/host/source/chromite/bin:/usr/local/bin:/usr/bin:/bin:/opt/bin:/mnt/host/source/chromite/sdk/bin:/mnt/host/source/chromite/bin PORTAGE_USERNAME=jpmurphy SUDO_UID=0 GCC_VER=10.2.0 MAIL=/var/mail/jpmurphy OLDPWD=/mnt/host/source/src/scripts traceparent=00-e87aca51550a78635907baa6a2476181-6d684811675d2973-01 _=./zephyr/firmware_builder.py COREBOOT_SDK_ROOT_x86=/home/jpmurphy/.cache/coreboot-sdk/i386-elf/dfbb0486385d938cfa9d73080b9d18d598ed4f49 COREBOOT_SDK_ROOT_picolibc_x86=/home/jpmurphy/.cache/coreboot-sdk/picolibc-i386-elf/eb8e8e687b95461de8cbf278f1c2076952d0ad17 COREBOOT_SDK_ROOT_riscv64=/home/jpmurphy/.cache/coreboot-sdk/riscv64-elf/96b949749225b6aaa92ed810ab769e8dfb12f000 COREBOOT_SDK_ROOT_picolibc_arm=/home/jpmurphy/.cache/coreboot-sdk/picolibc-arm-eabi/422a2aa3e1ef891b5bece9a3deb696ff83840d2e COREBOOT_SDK_ROOT_nds32=/home/jpmurphy/.cache/coreboot-sdk/nds32le-elf/d1a518c4a097666d86058e1444f85ca015d15511 COREBOOT_SDK_ROOT_picolibc_riscv64=/home/jpmurphy/.cache/coreboot-sdk/picolibc-riscv64-elf/f571e990ef0278564b31124f8bb109d9a697eb69 COREBOOT_SDK_ROOT_arm=/home/jpmurphy/.cache/coreboot-sdk/arm-eabi/ea40ddd1d190c3b48435c474c0b545719371813a COREBOOT_SDK_ROOT_libstdcxx_riscv64=/home/jpmurphy/.cache/coreboot-sdk/libstdcxx-riscv64-elf/17abf22a3a252e2d5d2062ced5324f7a623689e0 COREBOOT_SDK_ROOT_libstdcxx_arm=/home/jpmurphy/.cache/coreboot-sdk/libstdcxx-arm-eabi/5d7d82e150e44aa1968f1d366e267e6687b328ac COREBOOT_SDK_ROOT_riscv=/home/jpmurphy/.cache/coreboot-sdk/riscv-elf/9a27b9e82341c6e9126624f516ab3f261abb3e73 COREBOOT_SDK_ROOT_libstdcxx_x86=/home/jpmurphy/.cache/coreboot-sdk/libstdcxx-i386-elf/42ef9d2e87a76a37963175d7d428734e65648b87 PYTHONPATH=/mnt/host/source/src/platform/ec/zephyr/zmake PW_PIGWEED_CIPD_INSTALL_DIR=/usr CROSTC_USER_ACKNOWLEDGES_THAT_RISCV_IS_EXPERIMENTAL=1 MAKEFLAGS=' -j16 --jobserver-auth=5,6' /usr/bin/ninja -C /mnt/host/source/src/platform/ec/build/zephyr/kelpie/build-rw all.libraries`
[kelpie:rw] ninja: Entering directory `/mnt/host/source/src/platform/ec/build/zephyr/kelpie/build-rw'
[kyogre:ro] -- Generating done (0.4s)
[kyogre:ro] CMake Warning:
[pujjogatwin:ro]   Manually-specified variables were not used by the project:
[pujjogatwin:ro]     COREBOOT_SDK_ROOT_libstdcxx_riscv64
[pujjogatwin:ro]     COREBOOT_SDK_ROOT_libstdcxx_x86
[pujjogatwin:ro]     COREBOOT_SDK_ROOT_nds32
[pujjogatwin:ro]     COREBOOT_SDK_ROOT_picolibc_riscv64
[pujjogatwin:ro]     COREBOOT_SDK_ROOT_picolibc_x86
[pujjogatwin:ro]     COREBOOT_SDK_ROOT_riscv
[pujjogatwin:ro]     COREBOOT_SDK_ROOT_riscv64
[pujjogatwin:ro]     COREBOOT_SDK_ROOT_x86
[kelpie:ro] Building: /usr/bin/ninja -C /mnt/host/source/src/platform/ec/build/zephyr/kelpie/build-ro all.libraries
Running `env -i SHELL=/bin/bash COLORTERM=truecolor DEPOT_TOOLS_UPDATE=0 LESS='-R -M --shift 5' SUDO_GID=0 JDK_HOME=/etc/java-config-2/current-system-vm CONFIG_PROTECT_MASK='/etc/gentoo-release /etc/sandbox.d /etc/fonts/fonts.conf /etc/terminfo /etc/ca-certificates.conf /etc/revdep-rebuild' CHROMEOS_CACHEDIR=/var/cache/chromeos-cache JAVA_HOME=/etc/java-config-2/current-system-vm SSH_AUTH_SOCK=/tmp/ssh-auth-sock SUDO_COMMAND=/bin/bash SUDO_USER=root SUDO_TTY=/dev/pts/2 EDITOR=/usr/bin/vi PWD=/mnt/host/source/src/platform/ec CONFIG_PROTECT=/usr/share/gnupg/qualified.txt LOGNAME=jpmurphy MANPATH=/etc/java-config-2/current-system-vm/man:/usr/local/share/man:/usr/share/man:/usr/share/gcc-data/x86_64-pc-linux-gnu/10.2.0/man:/usr/share/binutils-data/x86_64-pc-linux-gnu/2.45/man:/etc/java-config-2/current-system-vm/man/ SUDO_HOME=/root XAUTHORITY=/run/user/944457/gdm/Xauthority HOME=/home/jpmurphy LANG=C.UTF-8 LS_COLORS='rs=0:di=01;34:ln=01;36:mh=00:pi=40;33:so=01;35:do=01;35:bd=40;33;01:cd=40;33;01:or=01;05;37;41:mi=01;05;37;41:su=37;41:sg=30;43:ca=30;41:tw=30;42:ow=34;42:st=37;44:ex=01;32:*.tar=01;31:*.tgz=01;31:*.arc=01;31:*.arj=01;31:*.taz=01;31:*.lha=01;31:*.lz4=01;31:*.lzh=01;31:*.lzma=01;31:*.tlz=01;31:*.txz=01;31:*.tzo=01;31:*.t7z=01;31:*.zip=01;31:*.z=01;31:*.dz=01;31:*.gz=01;31:*.lrz=01;31:*.lz=01;31:*.lzo=01;31:*.xz=01;31:*.zst=01;31:*.tzst=01;31:*.bz2=01;31:*.bz=01;31:*.tbz=01;31:*.tbz2=01;31:*.tz=01;31:*.deb=01;31:*.rpm=01;31:*.jar=01;31:*.war=01;31:*.ear=01;31:*.sar=01;31:*.rar=01;31:*.alz=01;31:*.ace=01;31:*.zoo=01;31:*.cpio=01;31:*.7z=01;31:*.rz=01;31:*.cab=01;31:*.wim=01;31:*.swm=01;31:*.dwm=01;31:*.esd=01;31:*.jpg=01;35:*.jpeg=01;35:*.mjpg=01;35:*.mjpeg=01;35:*.gif=01;35:*.bmp=01;35:*.pbm=01;35:*.pgm=01;35:*.ppm=01;35:*.tga=01;35:*.xbm=01;35:*.xpm=01;35:*.tif=01;35:*.tiff=01;35:*.png=01;35:*.svg=01;35:*.svgz=01;35:*.mng=01;35:*.pcx=01;35:*.mov=01;35:*.mpg=01;35:*.mpeg=01;35:*.m2v=01;35:*.mkv=01;35:*.webm=01;35:*.webp=01;35:*.ogm=01;35:*.mp4=01;35:*.m4v=01;35:*.mp4v=01;35:*.vob=01;35:*.qt=01;35:*.nuv=01;35:*.wmv=01;35:*.asf=01;35:*.rm=01;35:*.rmvb=01;35:*.flc=01;35:*.avi=01;35:*.fli=01;35:*.flv=01;35:*.gl=01;35:*.dl=01;35:*.xcf=01;35:*.xwd=01;35:*.yuv=01;35:*.cgm=01;35:*.emf=01;35:*.ogv=01;35:*.ogx=01;35:*.cfg=00;32:*.conf=00;32:*.diff=00;32:*.doc=00;32:*.ini=00;32:*.log=00;32:*.patch=00;32:*.pdf=00;32:*.ps=00;32:*.tex=00;32:*.txt=00;32:*.aac=00;36:*.au=00;36:*.flac=00;36:*.m4a=00;36:*.mid=00;36:*.midi=00;36:*.mka=00;36:*.mp3=00;36:*.mpc=00;36:*.ogg=00;36:*.ra=00;36:*.wav=00;36:*.oga=00;36:*.opus=00;36:*.spx=00;36:*.xspf=00;36:' XDG_CURRENT_DESKTOP=GNOME INFOPATH=/usr/share/info:/usr/share/gcc-data/x86_64-pc-linux-gnu/10.2.0/info:/usr/share/binutils-data/x86_64-pc-linux-gnu/2.45/info:/usr/share/automake-1.16.5/info JAVAC=/etc/java-config-2/current-system-vm/bin/javac TERM=xterm-256color LESSOPEN='|lesspipe %s' USER=jpmurphy CROS_WORKON_SRCROOT=/mnt/host/source MANPAGER=manpager DISPLAY=:1 SHLVL=1 LC_MESSAGES=C EXTERNAL_TRUNK_PATH=/mnt/8f9d649a-3721-44cc-93c0-e6bd21a9689f/chromiumos GCC_SPECS='' PATH=/mnt/host/source/chromite/bin:/usr/local/bin:/usr/bin:/bin:/opt/bin:/mnt/host/source/chromite/sdk/bin:/mnt/host/source/chromite/bin PORTAGE_USERNAME=jpmurphy SUDO_UID=0 GCC_VER=10.2.0 MAIL=/var/mail/jpmurphy OLDPWD=/mnt/host/source/src/scripts traceparent=00-e87aca51550a78635907baa6a2476181-6d684811675d2973-01 _=./zephyr/firmware_builder.py COREBOOT_SDK_ROOT_x86=/home/jpmurphy/.cache/coreboot-sdk/i386-elf/dfbb0486385d938cfa9d73080b9d18d598ed4f49 COREBOOT_SDK_ROOT_picolibc_x86=/home/jpmurphy/.cache/coreboot-sdk/picolibc-i386-elf/eb8e8e687b95461de8cbf278f1c2076952d0ad17 COREBOOT_SDK_ROOT_riscv64=/home/jpmurphy/.cache/coreboot-sdk/riscv64-elf/96b949749225b6aaa92ed810ab769e8dfb12f000 COREBOOT_SDK_ROOT_picolibc_arm=/home/jpmurphy/.cache/coreboot-sdk/picolibc-arm-eabi/422a2aa3e1ef891b5bece9a3deb696ff83840d2e COREBOOT_SDK_ROOT_nds32=/home/jpmurphy/.cache/coreboot-sdk/nds32le-elf/d1a518c4a097666d86058e1444f85ca015d15511 COREBOOT_SDK_ROOT_picolibc_riscv64=/home/jpmurphy/.cache/coreboot-sdk/picolibc-riscv64-elf/f571e990ef0278564b31124f8bb109d9a697eb69 COREBOOT_SDK_ROOT_arm=/home/jpmurphy/.cache/coreboot-sdk/arm-eabi/ea40ddd1d190c3b48435c474c0b545719371813a COREBOOT_SDK_ROOT_libstdcxx_riscv64=/home/jpmurphy/.cache/coreboot-sdk/libstdcxx-riscv64-elf/17abf22a3a252e2d5d2062ced5324f7a623689e0 COREBOOT_SDK_ROOT_libstdcxx_arm=/home/jpmurphy/.cache/coreboot-sdk/libstdcxx-arm-eabi/5d7d82e150e44aa1968f1d366e267e6687b328ac COREBOOT_SDK_ROOT_riscv=/home/jpmurphy/.cache/coreboot-sdk/riscv-elf/9a27b9e82341c6e9126624f516ab3f261abb3e73 COREBOOT_SDK_ROOT_libstdcxx_x86=/home/jpmurphy/.cache/coreboot-sdk/libstdcxx-i386-elf/42ef9d2e87a76a37963175d7d428734e65648b87 PYTHONPATH=/mnt/host/source/src/platform/ec/zephyr/zmake PW_PIGWEED_CIPD_INSTALL_DIR=/usr CROSTC_USER_ACKNOWLEDGES_THAT_RISCV_IS_EXPERIMENTAL=1 MAKEFLAGS=' -j16 --jobserver-auth=5,6' /usr/bin/ninja -C /mnt/host/source/src/platform/ec/build/zephyr/kelpie/build-ro all.libraries`
[kelpie:ro] ninja: Entering directory `/mnt/host/source/src/platform/ec/build/zephyr/kelpie/build-ro'
[kyogre:ro] -- Build files have been written to: /mnt/host/source/src/platform/ec/build/zephyr/kyogre/build-ro
[kyogre:ro]   Manually-specified variables were not used by the project:
[kyogre:ro]     COREBOOT_SDK_ROOT_libstdcxx_riscv64
[kyogre:ro]     COREBOOT_SDK_ROOT_libstdcxx_x86
[kyogre:ro]     COREBOOT_SDK_ROOT_nds32
[kyogre:ro]     COREBOOT_SDK_ROOT_picolibc_riscv64
[kyogre:ro]     COREBOOT_SDK_ROOT_picolibc_x86
[kyogre:ro]     COREBOOT_SDK_ROOT_riscv
[kyogre:ro]     COREBOOT_SDK_ROOT_riscv64
[kyogre:ro]     COREBOOT_SDK_ROOT_x86
[pujjogatwin:rw] Building: /usr/bin/ninja -C /mnt/host/source/src/platform/ec/build/zephyr/pujjogatwin/build-rw all.libraries
Running `env -i SHELL=/bin/bash COLORTERM=truecolor DEPOT_TOOLS_UPDATE=0 LESS='-R -M --shift 5' SUDO_GID=0 JDK_HOME=/etc/java-config-2/current-system-vm CONFIG_PROTECT_MASK='/etc/gentoo-release /etc/sandbox.d /etc/fonts/fonts.conf /etc/terminfo /etc/ca-certificates.conf /etc/revdep-rebuild' CHROMEOS_CACHEDIR=/var/cache/chromeos-cache JAVA_HOME=/etc/java-config-2/current-system-vm SSH_AUTH_SOCK=/tmp/ssh-auth-sock SUDO_COMMAND=/bin/bash SUDO_USER=root SUDO_TTY=/dev/pts/2 EDITOR=/usr/bin/vi PWD=/mnt/host/source/src/platform/ec CONFIG_PROTECT=/usr/share/gnupg/qualified.txt LOGNAME=jpmurphy MANPATH=/etc/java-config-2/current-system-vm/man:/usr/local/share/man:/usr/share/man:/usr/share/gcc-data/x86_64-pc-linux-gnu/10.2.0/man:/usr/share/binutils-data/x86_64-pc-linux-gnu/2.45/man:/etc/java-config-2/current-system-vm/man/ SUDO_HOME=/root XAUTHORITY=/run/user/944457/gdm/Xauthority HOME=/home/jpmurphy LANG=C.UTF-8 LS_COLORS='rs=0:di=01;34:ln=01;36:mh=00:pi=40;33:so=01;35:do=01;35:bd=40;33;01:cd=40;33;01:or=01;05;37;41:mi=01;05;37;41:su=37;41:sg=30;43:ca=30;41:tw=30;42:ow=34;42:st=37;44:ex=01;32:*.tar=01;31:*.tgz=01;31:*.arc=01;31:*.arj=01;31:*.taz=01;31:*.lha=01;31:*.lz4=01;31:*.lzh=01;31:*.lzma=01;31:*.tlz=01;31:*.txz=01;31:*.tzo=01;31:*.t7z=01;31:*.zip=01;31:*.z=01;31:*.dz=01;31:*.gz=01;31:*.lrz=01;31:*.lz=01;31:*.lzo=01;31:*.xz=01;31:*.zst=01;31:*.tzst=01;31:*.bz2=01;31:*.bz=01;31:*.tbz=01;31:*.tbz2=01;31:*.tz=01;31:*.deb=01;31:*.rpm=01;31:*.jar=01;31:*.war=01;31:*.ear=01;31:*.sar=01;31:*.rar=01;31:*.alz=01;31:*.ace=01;31:*.zoo=01;31:*.cpio=01;31:*.7z=01;31:*.rz=01;31:*.cab=01;31:*.wim=01;31:*.swm=01;31:*.dwm=01;31:*.esd=01;31:*.jpg=01;35:*.jpeg=01;35:*.mjpg=01;35:*.mjpeg=01;35:*.gif=01;35:*.bmp=01;35:*.pbm=01;35:*.pgm=01;35:*.ppm=01;35:*.tga=01;35:*.xbm=01;35:*.xpm=01;35:*.tif=01;35:*.tiff=01;35:*.png=01;35:*.svg=01;35:*.svgz=01;35:*.mng=01;35:*.pcx=01;35:*.mov=01;35:*.mpg=01;35:*.mpeg=01;35:*.m2v=01;35:*.mkv=01;35:*.webm=01;35:*.webp=01;35:*.ogm=01;35:*.mp4=01;35:*.m4v=01;35:*.mp4v=01;35:*.vob=01;35:*.qt=01;35:*.nuv=01;35:*.wmv=01;35:*.asf=01;35:*.rm=01;35:*.rmvb=01;35:*.flc=01;35:*.avi=01;35:*.fli=01;35:*.flv=01;35:*.gl=01;35:*.dl=01;35:*.xcf=01;35:*.xwd=01;35:*.yuv=01;35:*.cgm=01;35:*.emf=01;35:*.ogv=01;35:*.ogx=01;35:*.cfg=00;32:*.conf=00;32:*.diff=00;32:*.doc=00;32:*.ini=00;32:*.log=00;32:*.patch=00;32:*.pdf=00;32:*.ps=00;32:*.tex=00;32:*.txt=00;32:*.aac=00;36:*.au=00;36:*.flac=00;36:*.m4a=00;36:*.mid=00;36:*.midi=00;36:*.mka=00;36:*.mp3=00;36:*.mpc=00;36:*.ogg=00;36:*.ra=00;36:*.wav=00;36:*.oga=00;36:*.opus=00;36:*.spx=00;36:*.xspf=00;36:' XDG_CURRENT_DESKTOP=GNOME INFOPATH=/usr/share/info:/usr/share/gcc-data/x86_64-pc-linux-gnu/10.2.0/info:/usr/share/binutils-data/x86_64-pc-linux-gnu/2.45/info:/usr/share/automake-1.16.5/info JAVAC=/etc/java-config-2/current-system-vm/bin/javac TERM=xterm-256color LESSOPEN='|lesspipe %s' USER=jpmurphy CROS_WORKON_SRCROOT=/mnt/host/source MANPAGER=manpager DISPLAY=:1 SHLVL=1 LC_MESSAGES=C EXTERNAL_TRUNK_PATH=/mnt/8f9d649a-3721-44cc-93c0-e6bd21a9689f/chromiumos GCC_SPECS='' PATH=/mnt/host/source/chromite/bin:/usr/local/bin:/usr/bin:/bin:/opt/bin:/mnt/host/source/chromite/sdk/bin:/mnt/host/source/chromite/bin PORTAGE_USERNAME=jpmurphy SUDO_UID=0 GCC_VER=10.2.0 MAIL=/var/mail/jpmurphy OLDPWD=/mnt/host/source/src/scripts traceparent=00-e87aca51550a78635907baa6a2476181-6d684811675d2973-01 _=./zephyr/firmware_builder.py COREBOOT_SDK_ROOT_x86=/home/jpmurphy/.cache/coreboot-sdk/i386-elf/dfbb0486385d938cfa9d73080b9d18d598ed4f49 COREBOOT_SDK_ROOT_picolibc_x86=/home/jpmurphy/.cache/coreboot-sdk/picolibc-i386-elf/eb8e8e687b95461de8cbf278f1c2076952d0ad17 COREBOOT_SDK_ROOT_riscv64=/home/jpmurphy/.cache/coreboot-sdk/riscv64-elf/96b949749225b6aaa92ed810ab769e8dfb12f000 COREBOOT_SDK_ROOT_picolibc_arm=/home/jpmurphy/.cache/coreboot-sdk/picolibc-arm-eabi/422a2aa3e1ef891b5bece9a3deb696ff83840d2e COREBOOT_SDK_ROOT_nds32=/home/jpmurphy/.cache/coreboot-sdk/nds32le-elf/d1a518c4a097666d86058e1444f85ca015d15511 COREBOOT_SDK_ROOT_picolibc_riscv64=/home/jpmurphy/.cache/coreboot-sdk/picolibc-riscv64-elf/f571e990ef0278564b31124f8bb109d9a697eb69 COREBOOT_SDK_ROOT_arm=/home/jpmurphy/.cache/coreboot-sdk/arm-eabi/ea40ddd1d190c3b48435c474c0b545719371813a COREBOOT_SDK_ROOT_libstdcxx_riscv64=/home/jpmurphy/.cache/coreboot-sdk/libstdcxx-riscv64-elf/17abf22a3a252e2d5d2062ced5324f7a623689e0 COREBOOT_SDK_ROOT_libstdcxx_arm=/home/jpmurphy/.cache/coreboot-sdk/libstdcxx-arm-eabi/5d7d82e150e44aa1968f1d366e267e6687b328ac COREBOOT_SDK_ROOT_riscv=/home/jpmurphy/.cache/coreboot-sdk/riscv-elf/9a27b9e82341c6e9126624f516ab3f261abb3e73 COREBOOT_SDK_ROOT_libstdcxx_x86=/home/jpmurphy/.cache/coreboot-sdk/libstdcxx-i386-elf/42ef9d2e87a76a37963175d7d428734e65648b87 PYTHONPATH=/mnt/host/source/src/platform/ec/zephyr/zmake PW_PIGWEED_CIPD_INSTALL_DIR=/usr CROSTC_USER_ACKNOWLEDGES_THAT_RISCV_IS_EXPERIMENTAL=1 MAKEFLAGS=' -j16 --jobserver-auth=5,6' /usr/bin/ninja -C /mnt/host/source/src/platform/ec/build/zephyr/pujjogatwin/build-rw all.libraries`
[pujjogatwin:rw] ninja: Entering directory `/mnt/host/source/src/platform/ec/build/zephyr/pujjogatwin/build-rw'
[craaskov:ro] -- Found gen_kobject_list: /mnt/host/source/src/third_party/zephyr/main/scripts/build/gen_kobject_list.py
[karis:rw] -- Found gen_kobject_list: /mnt/host/source/src/third_party/zephyr/main/scripts/build/gen_kobject_list.py
[karis:ro] -- Found gen_kobject_list: /mnt/host/source/src/third_party/zephyr/main/scripts/build/gen_kobject_list.py
[craaskov:rw] -- Found gen_kobject_list: /mnt/host/source/src/third_party/zephyr/main/scripts/build/gen_kobject_list.py
[karis:rw] INFO: Component virtual-mux-c0(cros-ec,usbc-mux-virtual) not on I2C bus, skip it
[karis:rw] INFO: Component virtual-mux-c1(cros-ec,usbc-mux-virtual) not on I2C bus, skip it
[karis:rw] INFO: Component virtual-mux-c1(cros-ec,usbc-mux-virtual) not on I2C bus, skip it
[karis:rw] INFO: Component tcpci-mux-c1(cros-ec,usbc-mux-tcpci) not on I2C bus, skip it
[karis:rw] INFO: Component virtual-mux-c1(cros-ec,usbc-mux-virtual) not on I2C bus, skip it
[karis:rw] INFO: Component virtual-mux-c1(cros-ec,usbc-mux-virtual) not on I2C bus, skip it
[karis:rw] INFO: Component virtual-mux-c1(cros-ec,usbc-mux-virtual) not on I2C bus, skip it
[karis:rw] INFO: No motionsense-sensor-alt node found
[karis:rw] CMake Warning at /mnt/host/source/src/third_party/zephyr/main/CMakeLists.txt:2359 (message):
[karis:rw]   __ASSERT() statements are globally ENABLED
[karis:ro] INFO: Component virtual-mux-c1(cros-ec,usbc-mux-virtual) not on I2C bus, skip it
[karis:ro] INFO: Component virtual-mux-c1(cros-ec,usbc-mux-virtual) not on I2C bus, skip it
[karis:ro] INFO: Component tcpci-mux-c1(cros-ec,usbc-mux-tcpci) not on I2C bus, skip it
[karis:ro] INFO: Component virtual-mux-c1(cros-ec,usbc-mux-virtual) not on I2C bus, skip it
[karis:ro] INFO: Component virtual-mux-c1(cros-ec,usbc-mux-virtual) not on I2C bus, skip it
[karis:ro] INFO: Component virtual-mux-c1(cros-ec,usbc-mux-virtual) not on I2C bus, skip it
[karis:ro] INFO: No motionsense-sensor-alt node found
[karis:ro] CMake Warning at /mnt/host/source/src/third_party/zephyr/main/CMakeLists.txt:2359 (message):
[karis:ro]   __ASSERT() statements are globally ENABLED
[craaskov:rw] -- Configuring done (16.5s)
[craaskov:ro] -- Configuring done (16.5s)
[karis:rw] -- Configuring done (16.7s)
[karis:ro] -- Configuring done (16.6s)
[kelpie:rw] [1/258] Generating include/generated/zephyr/version.h
[kelpie:rw] -- git describe warned: warning: tag 'upstream/v2.7.99' is externally known as 'v2.7.99'
[kelpie:rw] -- Zephyr version: 4.3.99 (/mnt/host/source/src/third_party/zephyr/main)
[kelpie:rw] [2/258] Preparing syscall dependency handling
[kelpie:rw] [3/258] Generating misc/generated/syscalls_subdirs.trigger
[kelpie:ro] [1/261] Generating include/generated/zephyr/version.h
[pujjogatwin:rw] [1/414] Generating include/generated/zephyr/version.h
[kelpie:ro] -- git describe warned: warning: tag 'upstream/v2.7.99' is externally known as 'v2.7.99'
[kelpie:ro] -- Zephyr version: 4.3.99 (/mnt/host/source/src/third_party/zephyr/main)
[kelpie:ro] [2/261] Preparing syscall dependency handling
[pujjogatwin:rw] -- git describe warned: warning: tag 'upstream/v2.7.99' is externally known as 'v2.7.99'
[pujjogatwin:rw] -- Zephyr version: 4.3.99 (/mnt/host/source/src/third_party/zephyr/main)
[pujjogatwin:rw] [2/414] Preparing syscall dependency handling
[kelpie:ro] [3/261] Generating misc/generated/syscalls_subdirs.trigger
[pujjocento:rw] -- Board: npcx9, qualifiers: npcx9m7fb
[karis:rw] -- Generating done (0.5s)
[karis:rw] CMake Warning:
[karis:rw] -- Build files have been written to: /mnt/host/source/src/platform/ec/build/zephyr/karis/build-rw
[pujjogatwin:rw] [3/414] Generating misc/generated/syscalls_subdirs.trigger
[craaskov:rw] -- Generating done (0.5s)
[craaskov:rw] CMake Warning:
[craaskov:rw] -- Build files have been written to: /mnt/host/source/src/platform/ec/build/zephyr/craaskov/build-rw
[craaskov:ro] -- Generating done (0.5s)
[craaskov:ro] CMake Warning:
[karis:ro] -- Generating done (0.5s)
[karis:ro] CMake Warning:
[karis:ro] -- Build files have been written to: /mnt/host/source/src/platform/ec/build/zephyr/karis/build-ro
[pujjocento:ro] -- Board: npcx9, qualifiers: npcx9m7fb
[karis:rw]   Manually-specified variables were not used by the project:
[karis:rw]     COREBOOT_SDK_ROOT_libstdcxx_riscv64
[karis:rw]     COREBOOT_SDK_ROOT_libstdcxx_x86
[karis:rw]     COREBOOT_SDK_ROOT_nds32
[karis:rw]     COREBOOT_SDK_ROOT_picolibc_riscv64
[karis:rw]     COREBOOT_SDK_ROOT_picolibc_x86
[karis:rw]     COREBOOT_SDK_ROOT_riscv
[karis:rw]     COREBOOT_SDK_ROOT_riscv64
[karis:rw]     COREBOOT_SDK_ROOT_x86
Running (initial) lcov on /mnt/host/source/src/platform/ec/build/zephyr/brtk.
[craaskov:ro] -- Build files have been written to: /mnt/host/source/src/platform/ec/build/zephyr/craaskov/build-ro
[craaskov:ro]   Manually-specified variables were not used by the project:
[craaskov:ro]     COREBOOT_SDK_ROOT_libstdcxx_riscv64
[craaskov:ro]     COREBOOT_SDK_ROOT_libstdcxx_x86
[craaskov:ro]     COREBOOT_SDK_ROOT_nds32
[craaskov:ro]     COREBOOT_SDK_ROOT_picolibc_riscv64
[craaskov:ro]     COREBOOT_SDK_ROOT_picolibc_x86
[craaskov:ro]     COREBOOT_SDK_ROOT_riscv
[craaskov:ro]     COREBOOT_SDK_ROOT_riscv64
[craaskov:ro]     COREBOOT_SDK_ROOT_x86
[craaskov:rw]   Manually-specified variables were not used by the project:
[craaskov:rw]     COREBOOT_SDK_ROOT_libstdcxx_riscv64
[craaskov:rw]     COREBOOT_SDK_ROOT_libstdcxx_x86
[craaskov:rw]     COREBOOT_SDK_ROOT_nds32
[craaskov:rw]     COREBOOT_SDK_ROOT_picolibc_riscv64
[craaskov:rw]     COREBOOT_SDK_ROOT_picolibc_x86
[craaskov:rw]     COREBOOT_SDK_ROOT_riscv
[craaskov:rw]     COREBOOT_SDK_ROOT_riscv64
[craaskov:rw]     COREBOOT_SDK_ROOT_x86
[karis:ro]   Manually-specified variables were not used by the project:
[karis:ro]     COREBOOT_SDK_ROOT_libstdcxx_riscv64
[karis:ro]     COREBOOT_SDK_ROOT_libstdcxx_x86
[karis:ro]     COREBOOT_SDK_ROOT_nds32
[karis:ro]     COREBOOT_SDK_ROOT_picolibc_riscv64
[karis:ro]     COREBOOT_SDK_ROOT_picolibc_x86
[karis:ro]     COREBOOT_SDK_ROOT_riscv
[karis:ro]     COREBOOT_SDK_ROOT_riscv64
[karis:ro]     COREBOOT_SDK_ROOT_x86
Toolchain <zmake.toolchains.CorebootSdkToolchain object at 0x7f4120536750> selected by probe function.
[teliks] Building in /mnt/host/source/src/platform/ec/build/zephyr/teliks.
[pujjogatwin:rw] [4/414] cd /mnt/host/source/src/platform/ec/build/zephyr/pujjogatwin/build-rw/modules/ec/zephyr && PYTHONPATH=/mnt/host/source/src/platform/ec/build/zephyr/pujjogatwin/modules/ec/zephyr/zmake/ /usr/bin/python3.11 /mnt/host/source/src/platform/ec/build/zephyr/pujjogatwin/modules/ec/zephyr/zmake/zephyr_build_tools/generate_ec_version.py /mnt/host/source/src/platform/ec/build/zephyr/pujjogatwin/build-rw/modules/ec/zephyr/include/ec_version.h --name Zephyr-Kernel --version 16543.0.0 --static
[kelpie:ro] [4/261] cd /mnt/host/source/src/platform/ec/build/zephyr/kelpie/build-ro/modules/ec/zephyr && PYTHONPATH=/mnt/host/source/src/platform/ec/build/zephyr/kelpie/modules/ec/zephyr/zmake/ /usr/bin/python3.11 /mnt/host/source/src/platform/ec/build/zephyr/kelpie/modules/ec/zephyr/zmake/zephyr_build_tools/generate_ec_version.py /mnt/host/source/src/platform/ec/build/zephyr/kelpie/build-ro/modules/ec/zephyr/include/ec_version.h --name Zephyr-Kernel --version 16543.0.0 --static
[kinmen:ro] -- Found Dtc: /usr/bin/dtc (found suitable version "1.6.0", minimum required is "1.4.6")
[kelpie:rw] [4/258] cd /mnt/host/source/src/platform/ec/build/zephyr/kelpie/build-rw/modules/ec/zephyr && PYTHONPATH=/mnt/host/source/src/platform/ec/build/zephyr/kelpie/modules/ec/zephyr/zmake/ /usr/bin/python3.11 /mnt/host/source/src/platform/ec/build/zephyr/kelpie/modules/ec/zephyr/zmake/zephyr_build_tools/generate_ec_version.py /mnt/host/source/src/platform/ec/build/zephyr/kelpie/build-rw/modules/ec/zephyr/include/ec_version.h --name Zephyr-Kernel --version 16543.0.0 --static
[/mnt/host/source/src/platform/ec/build/zephyr/kaladin-lcov]   /mnt/host/source/src/platform/ec/build/zephyr/kaladin/build-ro/zephyr/CMakeFiles/zephyr.dir/subsys/shell/modules/kernel_service/kernel_shell.c.gcno:no functions found
[/mnt/host/source/src/platform/ec/build/zephyr/kaladin-lcov] stderr:
Running `env -i PYTHONPATH=/usr/lib64/python-exec/python3.11:/mnt/host/source/src/platform/ec/zephyr/zmake:/usr/lib/python311.zip:/usr/lib/python3.11:/usr/lib/python3.11/lib-dynload:/usr/lib/python3.11/site-packages PW_PIGWEED_CIPD_INSTALL_DIR=/usr CROSTC_USER_ACKNOWLEDGES_THAT_RISCV_IS_EXPERIMENTAL=1 PATH=/mnt/host/source/chromite/bin:/usr/local/bin:/usr/bin:/bin:/opt/bin:/mnt/host/source/chromite/sdk/bin:/mnt/host/source/chromite/bin HOME=/home/jpmurphy JAVA_HOME=/etc/java-config-2/current-system-vm JDK_HOME=/etc/java-config-2/current-system-vm JAVAC=/etc/java-config-2/current-system-vm/bin/javac MAKEFLAGS=' -j16 --jobserver-auth=5,6' /usr/bin/lcov --gcov-tool /mnt/host/source/src/platform/ec/build/zephyr/brtk/build-rw/gcov.sh -q -o - -c -d /mnt/host/source/src/platform/ec/build/zephyr/brtk -t brtk --rc branch_coverage=1 --filter range --ignore-errors inconsistent,source --ignore-errors gcov,gcov -i`
[kelpie:rw] INFO:root:Using a static version string
[kelpie:rw] INFO:root:Version string: Zephyr-Kernel-16543.0.0
[kelpie:rw] INFO:root:Writing header to /mnt/host/source/src/platform/ec/build/zephyr/kelpie/build-rw/modules/ec/zephyr/include/ec_version.h
[kelpie:rw] [5/258] Generating misc/generated/syscalls.json, misc/generated/struct_tags.json
[teliks:ro] Configuring.
Running `env -i PYTHONPATH=/usr/lib64/python-exec/python3.11:/mnt/host/source/src/platform/ec/zephyr/zmake:/usr/lib/python311.zip:/usr/lib/python3.11:/usr/lib/python3.11/lib-dynload:/usr/lib/python3.11/site-packages PW_PIGWEED_CIPD_INSTALL_DIR=/usr CROSTC_USER_ACKNOWLEDGES_THAT_RISCV_IS_EXPERIMENTAL=1 PATH=/mnt/host/source/chromite/bin:/usr/local/bin:/usr/bin:/bin:/opt/bin:/mnt/host/source/chromite/sdk/bin:/mnt/host/source/chromite/bin HOME=/home/jpmurphy JAVA_HOME=/etc/java-config-2/current-system-vm JDK_HOME=/etc/java-config-2/current-system-vm JAVAC=/etc/java-config-2/current-system-vm/bin/javac MAKEFLAGS=' -j16 --jobserver-auth=5,6' /usr/bin/cmake -S /mnt/host/source/src/platform/ec/zephyr/program/nissa -B /mnt/host/source/src/platform/ec/build/zephyr/teliks/build-ro -GNinja -DCMAKE_EXPORT_COMPILE_COMMANDS=ON -DZEPHYR_BASE=/mnt/host/source/src/third_party/zephyr/main -DZMAKE_INCLUDE_DIR=/mnt/host/source/src/platform/ec/build/zephyr/teliks/include -DPython3_EXECUTABLE=/usr/bin/python3.11 -DDTS_ROOT=/mnt/host/source/src/platform/ec/zephyr -DSYSCALL_INCLUDE_DIRS=/mnt/host/source/src/platform/ec/zephyr/include/drivers -DUSER_CACHE_DIR=/mnt/host/source/src/platform/ec/build/zephyr/user-cache '-DEXTRA_EC_VERSION_FLAGS=--version 16543.0.0 --static' -DTOOLCHAIN_ROOT=/mnt/host/source/src/platform/ec/zephyr -DCOREBOOT_SDK_ROOT_x86=/home/jpmurphy/.cache/coreboot-sdk/i386-elf/dfbb0486385d938cfa9d73080b9d18d598ed4f49 -DCOREBOOT_SDK_ROOT_picolibc_x86=/home/jpmurphy/.cache/coreboot-sdk/picolibc-i386-elf/eb8e8e687b95461de8cbf278f1c2076952d0ad17 -DCOREBOOT_SDK_ROOT_riscv64=/home/jpmurphy/.cache/coreboot-sdk/riscv64-elf/96b949749225b6aaa92ed810ab769e8dfb12f000 -DCOREBOOT_SDK_ROOT_picolibc_arm=/home/jpmurphy/.cache/coreboot-sdk/picolibc-arm-eabi/422a2aa3e1ef891b5bece9a3deb696ff83840d2e -DCOREBOOT_SDK_ROOT_nds32=/home/jpmurphy/.cache/coreboot-sdk/nds32le-elf/d1a518c4a097666d86058e1444f85ca015d15511 -DCOREBOOT_SDK_ROOT_picolibc_riscv64=/home/jpmurphy/.cache/coreboot-sdk/picolibc-riscv64-elf/f571e990ef0278564b31124f8bb109d9a697eb69 -DCOREBOOT_SDK_ROOT_arm=/home/jpmurphy/.cache/coreboot-sdk/arm-eabi/ea40ddd1d190c3b48435c474c0b545719371813a -DCOREBOOT_SDK_ROOT_libstdcxx_riscv64=/home/jpmurphy/.cache/coreboot-sdk/libstdcxx-riscv64-elf/17abf22a3a252e2d5d2062ced5324f7a623689e0 -DCOREBOOT_SDK_ROOT_libstdcxx_arm=/home/jpmurphy/.cache/coreboot-sdk/libstdcxx-arm-eabi/5d7d82e150e44aa1968f1d366e267e6687b328ac -DCOREBOOT_SDK_ROOT_riscv=/home/jpmurphy/.cache/coreboot-sdk/riscv-elf/9a27b9e82341c6e9126624f516ab3f261abb3e73 -DCOREBOOT_SDK_ROOT_libstdcxx_x86=/home/jpmurphy/.cache/coreboot-sdk/libstdcxx-i386-elf/42ef9d2e87a76a37963175d7d428734e65648b87 -DZEPHYR_TOOLCHAIN_VARIANT=coreboot-sdk -DZEPHYR_MODULES=/mnt/host/source/src/platform/ec/build/zephyr/teliks/modules/ec -DDTC_OVERLAY_FILE=/mnt/host/source/src/platform/ec/zephyr/program/nissa/teliks/project.overlay -DBOARD=it8xxx2/it81302bx -DCMAKE_C_FLAGS=-DSECTION_IS_RO '-DCONF_FILE=/mnt/host/source/src/platform/ec/zephyr/program/nissa/program.conf;/mnt/host/source/src/platform/ec/zephyr/program/nissa/it8xxx2_program.conf;/mnt/host/source/src/platform/ec/zephyr/program/nissa/teliks/project.conf;/mnt/host/source/src/platform/ec/build/zephyr/teliks/kconfig-ro.conf'`
[teliks:ro] Loading Zephyr default modules (Zephyr base (cached)).
[teliks:ro] -- Application: /mnt/host/source/src/platform/ec/zephyr/program/nissa
[teliks:ro] -- CMake version: 3.31.7
[/mnt/host/source/src/platform/ec/build/zephyr/kaladin-lcov]   /mnt/host/source/src/platform/ec/build/zephyr/kaladin/build-ro/zephyr/CMakeFiles/zephyr.dir/lib/libc/validate_libc.c.gcno:no functions found
[/mnt/host/source/src/platform/ec/build/zephyr/kaladin-lcov] stderr:
[kelpie:rw] [6/258] Generating include/generated/zephyr/syscall_dispatch.c, include/generated/zephyr/syscall_exports_llext.c, syscall_weakdefs_llext.c, include/generated/zephyr/syscall_list.h
[kelpie:ro] INFO:root:Using a static version string
[kelpie:ro] INFO:root:Version string: Zephyr-Kernel-16543.0.0
[kelpie:ro] INFO:root:Writing header to /mnt/host/source/src/platform/ec/build/zephyr/kelpie/build-ro/modules/ec/zephyr/include/ec_version.h
[kelpie:ro] [5/261] Generating misc/generated/syscalls.json, misc/generated/struct_tags.json
[/mnt/host/source/src/platform/ec/build/zephyr/ptlrvp_mchp-lcov]   /mnt/host/source/src/platform/ec/build/zephyr/ptlrvp_mchp/build-ro/zephyr/drivers/sensor/CMakeFiles/drivers__sensor.dir/mnt/host/source/src/third_party/zephyr/main/misc/empty_file.c.gcno:no functions found
[/mnt/host/source/src/platform/ec/build/zephyr/ptlrvp_mchp-lcov] stderr:
[pujjogatwin:rw] INFO:root:Using a static version string
[pujjogatwin:rw] INFO:root:Version string: Zephyr-Kernel-16543.0.0
[pujjogatwin:rw] INFO:root:Writing header to /mnt/host/source/src/platform/ec/build/zephyr/pujjogatwin/build-rw/modules/ec/zephyr/include/ec_version.h
[pujjogatwin:rw] [5/414] Generating misc/generated/syscalls.json, misc/generated/struct_tags.json
[kelpie:rw] [7/258] Generating include/generated/device-api-sections.ld, include/generated/device-api-sections.cmake
[kelpie:ro] [6/261] Generating include/generated/zephyr/syscall_dispatch.c, include/generated/zephyr/syscall_exports_llext.c, syscall_weakdefs_llext.c, include/generated/zephyr/syscall_list.h
[kelpie:rw] [8/258] Generating include/generated/zephyr/driver-validation.h
[teliks:rw] Configuring.
Running `env -i PYTHONPATH=/usr/lib64/python-exec/python3.11:/mnt/host/source/src/platform/ec/zephyr/zmake:/usr/lib/python311.zip:/usr/lib/python3.11:/usr/lib/python3.11/lib-dynload:/usr/lib/python3.11/site-packages PW_PIGWEED_CIPD_INSTALL_DIR=/usr CROSTC_USER_ACKNOWLEDGES_THAT_RISCV_IS_EXPERIMENTAL=1 PATH=/mnt/host/source/chromite/bin:/usr/local/bin:/usr/bin:/bin:/opt/bin:/mnt/host/source/chromite/sdk/bin:/mnt/host/source/chromite/bin HOME=/home/jpmurphy JAVA_HOME=/etc/java-config-2/current-system-vm JDK_HOME=/etc/java-config-2/current-system-vm JAVAC=/etc/java-config-2/current-system-vm/bin/javac MAKEFLAGS=' -j16 --jobserver-auth=5,6' /usr/bin/cmake -S /mnt/host/source/src/platform/ec/zephyr/program/nissa -B /mnt/host/source/src/platform/ec/build/zephyr/teliks/build-rw -GNinja -DCMAKE_EXPORT_COMPILE_COMMANDS=ON -DZEPHYR_BASE=/mnt/host/source/src/third_party/zephyr/main -DZMAKE_INCLUDE_DIR=/mnt/host/source/src/platform/ec/build/zephyr/teliks/include -DPython3_EXECUTABLE=/usr/bin/python3.11 -DDTS_ROOT=/mnt/host/source/src/platform/ec/zephyr -DSYSCALL_INCLUDE_DIRS=/mnt/host/source/src/platform/ec/zephyr/include/drivers -DUSER_CACHE_DIR=/mnt/host/source/src/platform/ec/build/zephyr/user-cache '-DEXTRA_EC_VERSION_FLAGS=--version 16543.0.0 --static' -DTOOLCHAIN_ROOT=/mnt/host/source/src/platform/ec/zephyr -DCOREBOOT_SDK_ROOT_x86=/home/jpmurphy/.cache/coreboot-sdk/i386-elf/dfbb0486385d938cfa9d73080b9d18d598ed4f49 -DCOREBOOT_SDK_ROOT_picolibc_x86=/home/jpmurphy/.cache/coreboot-sdk/picolibc-i386-elf/eb8e8e687b95461de8cbf278f1c2076952d0ad17 -DCOREBOOT_SDK_ROOT_riscv64=/home/jpmurphy/.cache/coreboot-sdk/riscv64-elf/96b949749225b6aaa92ed810ab769e8dfb12f000 -DCOREBOOT_SDK_ROOT_picolibc_arm=/home/jpmurphy/.cache/coreboot-sdk/picolibc-arm-eabi/422a2aa3e1ef891b5bece9a3deb696ff83840d2e -DCOREBOOT_SDK_ROOT_nds32=/home/jpmurphy/.cache/coreboot-sdk/nds32le-elf/d1a518c4a097666d86058e1444f85ca015d15511 -DCOREBOOT_SDK_ROOT_picolibc_riscv64=/home/jpmurphy/.cache/coreboot-sdk/picolibc-riscv64-elf/f571e990ef0278564b31124f8bb109d9a697eb69 -DCOREBOOT_SDK_ROOT_arm=/home/jpmurphy/.cache/coreboot-sdk/arm-eabi/ea40ddd1d190c3b48435c474c0b545719371813a -DCOREBOOT_SDK_ROOT_libstdcxx_riscv64=/home/jpmurphy/.cache/coreboot-sdk/libstdcxx-riscv64-elf/17abf22a3a252e2d5d2062ced5324f7a623689e0 -DCOREBOOT_SDK_ROOT_libstdcxx_arm=/home/jpmurphy/.cache/coreboot-sdk/libstdcxx-arm-eabi/5d7d82e150e44aa1968f1d366e267e6687b328ac -DCOREBOOT_SDK_ROOT_riscv=/home/jpmurphy/.cache/coreboot-sdk/riscv-elf/9a27b9e82341c6e9126624f516ab3f261abb3e73 -DCOREBOOT_SDK_ROOT_libstdcxx_x86=/home/jpmurphy/.cache/coreboot-sdk/libstdcxx-i386-elf/42ef9d2e87a76a37963175d7d428734e65648b87 -DZEPHYR_TOOLCHAIN_VARIANT=coreboot-sdk -DZEPHYR_MODULES=/mnt/host/source/src/platform/ec/build/zephyr/teliks/modules/ec -DDTC_OVERLAY_FILE=/mnt/host/source/src/platform/ec/zephyr/program/nissa/teliks/project.overlay -DBOARD=it8xxx2/it81302bx -DCMAKE_C_FLAGS=-DSECTION_IS_RW '-DCONF_FILE=/mnt/host/source/src/platform/ec/zephyr/program/nissa/program.conf;/mnt/host/source/src/platform/ec/zephyr/program/nissa/it8xxx2_program.conf;/mnt/host/source/src/platform/ec/zephyr/program/nissa/teliks/project.conf;/mnt/host/source/src/platform/ec/build/zephyr/teliks/kconfig-rw.conf'`
[kelpie:rw] [9/258] Generating include/generated/zephyr/kobj-types-enum.h, include/generated/zephyr/otype-to-str.h, include/generated/zephyr/otype-to-size.h
[teliks:ro] -- Found Python3: /usr/bin/python3.11 (found suitable version "3.11.11", minimum required is "3.10") found components: Interpreter
[teliks:ro] -- Cache files will be written to: /mnt/host/source/src/platform/ec/build/zephyr/user-cache
[teliks:ro] -- Zephyr version: 4.3.99 (/mnt/host/source/src/third_party/zephyr/main)
[teliks:rw] Loading Zephyr default modules (Zephyr base (cached)).
[teliks:rw] -- Application: /mnt/host/source/src/platform/ec/zephyr/program/nissa
[teliks:rw] -- CMake version: 3.31.7
[kelpie:rw] [10/258] Building C object zephyr/CMakeFiles/offsets.dir/arch/riscv/core/offsets/offsets.c.obj
[pujjogatwin:rw] [6/414] Generating include/generated/zephyr/syscall_dispatch.c, include/generated/zephyr/syscall_exports_llext.c, syscall_weakdefs_llext.c, include/generated/zephyr/syscall_list.h
[kelpie:ro] [7/261] Generating include/generated/zephyr/driver-validation.h
[kelpie:ro] [8/261] Generating include/generated/zephyr/kobj-types-enum.h, include/generated/zephyr/otype-to-str.h, include/generated/zephyr/otype-to-size.h
[kelpie:ro] [9/261] Generating include/generated/device-api-sections.ld, include/generated/device-api-sections.cmake
[kelpie:rw] [11/258] Generating include/generated/zephyr/offsets.h
[kelpie:rw] [12/258] Building C object CMakeFiles/app.dir/mnt/host/source/src/platform/ec/zephyr/subsys/ap_pwrseq/ap_events.c.obj
[kelpie:ro] [10/261] Building C object zephyr/CMakeFiles/offsets.dir/arch/riscv/core/offsets/offsets.c.obj
[kelpie:rw] [13/258] Building C object CMakeFiles/app.dir/mnt/host/source/src/platform/ec/build/zephyr/kelpie/modules/ec/builtin/stdlib.c.obj
[/mnt/host/source/src/platform/ec/build/zephyr/baze-lcov]   /mnt/host/source/src/platform/ec/build/zephyr/baze/build-ro/CMakeFiles/app.dir/mnt/host/source/src/platform/ec/build/zephyr/baze/modules/ec/common/cbi_config.c.gcno:no functions found
[/mnt/host/source/src/platform/ec/build/zephyr/baze-lcov] stderr:
[kelpie:rw] [14/258] Building C object CMakeFiles/app.dir/mnt/host/source/src/platform/ec/build/zephyr/kelpie/modules/ec/common/base32.c.obj
[kelpie:rw] [15/258] Building C object CMakeFiles/app.dir/mnt/host/source/src/platform/ec/build/zephyr/kelpie/modules/ec/common/console_output.c.obj
[kelpie:rw] [16/258] Building C object CMakeFiles/app.dir/mnt/host/source/src/platform/ec/build/zephyr/kelpie/modules/ec/common/ec_features.c.obj
[kelpie:rw] [17/258] Building C object CMakeFiles/app.dir/mnt/host/source/src/platform/ec/build/zephyr/kelpie/modules/ec/common/gpio_commands.c.obj
[/mnt/host/source/src/platform/ec/build/zephyr/ptlrvp_mchp-lcov]   /mnt/host/source/src/platform/ec/build/zephyr/ptlrvp_mchp/build-rw/modules/ec/zephyr/CMakeFiles/ec_shim.dir/shim/src/thermal.c.gcno:no functions found
[/mnt/host/source/src/platform/ec/build/zephyr/ptlrvp_mchp-lcov] stderr:
[kelpie:rw] [18/258] Building C object CMakeFiles/app.dir/mnt/host/source/src/platform/ec/build/zephyr/kelpie/modules/ec/common/peripheral.c.obj
[pujjogatwin:rw] [7/414] Generating include/generated/zephyr/driver-validation.h
[kelpie:rw] [19/258] Building C object CMakeFiles/app.dir/mnt/host/source/src/platform/ec/build/zephyr/kelpie/modules/ec/common/printf.c.obj
[kelpie:rw] [20/258] Building C object CMakeFiles/app.dir/mnt/host/source/src/platform/ec/build/zephyr/kelpie/modules/ec/common/queue.c.obj
[pujjogatwin:rw] [8/414] Generating include/generated/zephyr/kobj-types-enum.h, include/generated/zephyr/otype-to-str.h, include/generated/zephyr/otype-to-size.h
[kelpie:rw] [21/258] Building C object CMakeFiles/app.dir/mnt/host/source/src/platform/ec/build/zephyr/kelpie/modules/ec/common/system.c.obj
[kelpie:ro] [11/261] Generating include/generated/zephyr/offsets.h
[kelpie:ro] [12/261] Building C object CMakeFiles/app.dir/mnt/host/source/src/platform/ec/zephyr/subsys/ap_pwrseq/ap_events.c.obj
[pujjogatwin:rw] [9/414] Generating include/generated/device-api-sections.ld, include/generated/device-api-sections.cmake
[kelpie:rw] [22/258] Building C object CMakeFiles/app.dir/mnt/host/source/src/platform/ec/build/zephyr/kelpie/modules/ec/common/system_boot_time.c.obj
[kelpie:ro] [13/261] Building C object CMakeFiles/app.dir/mnt/host/source/src/platform/ec/build/zephyr/kelpie/modules/ec/common/base32.c.obj
[kelpie:ro] [14/261] Building C object CMakeFiles/app.dir/mnt/host/source/src/platform/ec/build/zephyr/kelpie/modules/ec/builtin/stdlib.c.obj
[teliks:rw] -- Found Python3: /usr/bin/python3.11 (found suitable version "3.11.11", minimum required is "3.10") found components: Interpreter
[teliks:rw] -- Cache files will be written to: /mnt/host/source/src/platform/ec/build/zephyr/user-cache
[kelpie:ro] [15/261] Building C object CMakeFiles/app.dir/mnt/host/source/src/platform/ec/build/zephyr/kelpie/modules/ec/common/ec_features.c.obj
[kelpie:ro] [16/261] Building C object CMakeFiles/app.dir/mnt/host/source/src/platform/ec/build/zephyr/kelpie/modules/ec/common/console_output.c.obj
[teliks:rw] -- Zephyr version: 4.3.99 (/mnt/host/source/src/third_party/zephyr/main)
[/mnt/host/source/src/platform/ec/build/zephyr/baze-lcov]   /mnt/host/source/src/platform/ec/build/zephyr/baze/build-ro/CMakeFiles/app.dir/baze/src/keyboard.c.gcno:no functions found
[/mnt/host/source/src/platform/ec/build/zephyr/baze-lcov] stderr:
[kelpie:rw] [23/258] Building C object CMakeFiles/app.dir/mnt/host/source/src/platform/ec/build/zephyr/kelpie/modules/ec/common/uart_printf.c.obj
[kelpie:ro] [17/261] Building C object CMakeFiles/app.dir/mnt/host/source/src/platform/ec/build/zephyr/kelpie/modules/ec/common/gpio_commands.c.obj
[kelpie:ro] [18/261] Building C object CMakeFiles/app.dir/mnt/host/source/src/platform/ec/build/zephyr/kelpie/modules/ec/common/peripheral.c.obj
[kelpie:rw] [24/258] Building C object CMakeFiles/app.dir/mnt/host/source/src/platform/ec/build/zephyr/kelpie/modules/ec/common/util.c.obj
[kelpie:ro] [19/261] Building C object CMakeFiles/app.dir/mnt/host/source/src/platform/ec/build/zephyr/kelpie/modules/ec/common/queue.c.obj
[kelpie:ro] [20/261] Building C object CMakeFiles/app.dir/mnt/host/source/src/platform/ec/build/zephyr/kelpie/modules/ec/common/printf.c.obj
[kelpie:rw] [25/258] Building C object CMakeFiles/app.dir/mnt/host/source/src/platform/ec/build/zephyr/kelpie/modules/ec/common/version.c.obj
[kelpie:ro] [21/261] Building C object CMakeFiles/app.dir/mnt/host/source/src/platform/ec/build/zephyr/kelpie/modules/ec/common/system.c.obj
[kelpie:ro] [22/261] Building C object CMakeFiles/app.dir/mnt/host/source/src/platform/ec/build/zephyr/kelpie/modules/ec/common/system_boot_time.c.obj
[kelpie:rw] [26/258] Building C object CMakeFiles/app.dir/mnt/host/source/src/platform/ec/build/zephyr/kelpie/modules/ec/third_party/boringssl/common/curve25519.c.obj
[kelpie:ro] [23/261] Building C object CMakeFiles/app.dir/mnt/host/source/src/platform/ec/build/zephyr/kelpie/modules/ec/common/uart_printf.c.obj
[kelpie:ro] [24/261] Building C object CMakeFiles/app.dir/mnt/host/source/src/platform/ec/build/zephyr/kelpie/modules/ec/common/util.c.obj
[kelpie:rw] [27/258] Building C object CMakeFiles/app.dir/mnt/host/source/src/platform/ec/build/zephyr/kelpie/modules/ec/third_party/boringssl/common/curve25519-generic.c.obj
[kelpie:ro] [25/261] Building C object CMakeFiles/app.dir/mnt/host/source/src/platform/ec/build/zephyr/kelpie/modules/ec/common/version.c.obj
[kelpie:ro] [26/261] Building C object CMakeFiles/app.dir/mnt/host/source/src/platform/ec/build/zephyr/kelpie/modules/ec/third_party/boringssl/common/curve25519.c.obj
[kelpie:rw] [28/258] Building C object CMakeFiles/app.dir/mnt/host/source/src/platform/ec/build/zephyr/kelpie/modules/ec/common/memory_commands.c.obj
[kelpie:ro] [27/261] Building C object CMakeFiles/app.dir/mnt/host/source/src/platform/ec/build/zephyr/kelpie/modules/ec/third_party/boringssl/common/curve25519-generic.c.obj
[kelpie:ro] [28/261] Building C object CMakeFiles/app.dir/mnt/host/source/src/platform/ec/build/zephyr/kelpie/modules/ec/common/memory_commands.c.obj
[kelpie:rw] [29/258] Building C object CMakeFiles/app.dir/mnt/host/source/src/platform/ec/build/zephyr/kelpie/modules/ec/common/flash.c.obj
[kelpie:ro] [29/261] Building C object CMakeFiles/app.dir/mnt/host/source/src/platform/ec/build/zephyr/kelpie/modules/ec/common/flash.c.obj
[kelpie:ro] [30/261] Building C object CMakeFiles/app.dir/mnt/host/source/src/platform/ec/build/zephyr/kelpie/modules/ec/common/i2c_controller.c.obj
[kelpie:rw] [30/258] Building C object CMakeFiles/app.dir/mnt/host/source/src/platform/ec/build/zephyr/kelpie/modules/ec/common/i2c_controller.c.obj
[/mnt/host/source/src/platform/ec/build/zephyr/brtk-lcov] geninfo: WARNING: using JSON module "JSON::PP" - which is much slower than some alternatives.  Consider installing one of JSON::XS or Cpanel::JSON::XS
[kelpie:ro] [31/261] Building C object CMakeFiles/app.dir/mnt/host/source/src/platform/ec/build/zephyr/kelpie/modules/ec/common/i2c_passthru.c.obj
[kelpie:ro] [32/261] Building C object CMakeFiles/app.dir/mnt/host/source/src/platform/ec/build/zephyr/kelpie/modules/ec/common/keyboard_scan.c.obj
[kelpie:ro] [33/261] Building C object CMakeFiles/app.dir/mnt/host/source/src/platform/ec/build/zephyr/kelpie/modules/ec/common/panic_output.c.obj
[kelpie:rw] [31/258] Building C object CMakeFiles/app.dir/mnt/host/source/src/platform/ec/build/zephyr/kelpie/modules/ec/common/i2c_passthru.c.obj
[kelpie:ro] [34/261] Building C object CMakeFiles/app.dir/mnt/host/source/src/platform/ec/build/zephyr/kelpie/modules/ec/common/rsa.c.obj
[kelpie:ro] [35/261] Building C object CMakeFiles/app.dir/mnt/host/source/src/platform/ec/build/zephyr/kelpie/modules/ec/common/vboot/vb21_lib.c.obj
[kelpie:rw] [32/258] Building C object CMakeFiles/app.dir/mnt/host/source/src/platform/ec/build/zephyr/kelpie/modules/ec/common/keyboard_scan.c.obj
[kelpie:ro] [36/261] Building C object CMakeFiles/app.dir/mnt/host/source/src/platform/ec/build/zephyr/kelpie/modules/ec/common/rwsig.c.obj
[kelpie:ro] [37/261] Building C object CMakeFiles/app.dir/mnt/host/source/src/platform/ec/build/zephyr/kelpie/modules/ec/common/vboot/common.c.obj
[kelpie:rw] [33/258] Building C object CMakeFiles/app.dir/mnt/host/source/src/platform/ec/build/zephyr/kelpie/modules/ec/common/panic_output.c.obj
[/mnt/host/source/src/platform/ec/build/zephyr/kaladin-lcov]   /mnt/host/source/src/platform/ec/build/zephyr/kaladin/build-ro/zephyr/CMakeFiles/zephyr.dir/lib/utils/last_section_id.c.gcno:no functions found
[/mnt/host/source/src/platform/ec/build/zephyr/kaladin-lcov] stderr:
[kelpie:ro] [38/261] Building C object CMakeFiles/app.dir/mnt/host/source/src/platform/ec/build/zephyr/kelpie/modules/ec/common/rollback.c.obj
[kelpie:ro] [39/261] Building C object CMakeFiles/app.dir/mnt/host/source/src/platform/ec/build/zephyr/kelpie/modules/ec/common/sha256.c.obj
[pujjocento:rw] -- Found Dtc: /usr/bin/dtc (found suitable version "1.6.0", minimum required is "1.4.6")
[kelpie:rw] [34/258] Building C object CMakeFiles/app.dir/mnt/host/source/src/platform/ec/build/zephyr/kelpie/modules/ec/common/vboot/vb21_lib.c.obj
[pujjocento:rw] -- Found BOARD.dts: /mnt/host/source/src/platform/ec/zephyr/boards/google/npcx9/npcx9_npcx9m7fb.dts
[kelpie:ro] [40/261] Building C object CMakeFiles/app.dir/mnt/host/source/src/platform/ec/build/zephyr/kelpie/modules/ec/common/shared_mem.c.obj
[kelpie:rw] [35/258] Building C object CMakeFiles/app.dir/mnt/host/source/src/platform/ec/build/zephyr/kelpie/modules/ec/common/rollback.c.obj
[kelpie:ro] [41/261] Building C object CMakeFiles/app.dir/mnt/host/source/src/platform/ec/build/zephyr/kelpie/modules/ec/common/timer.c.obj
[kelpie:rw] [36/258] Building C object CMakeFiles/app.dir/mnt/host/source/src/platform/ec/build/zephyr/kelpie/modules/ec/common/sha256.c.obj
[kelpie:ro] [42/261] Building C object CMakeFiles/app.dir/mnt/host/source/src/platform/ec/build/zephyr/kelpie/modules/ec/common/update_fw.c.obj
[kelpie:rw] [37/258] Building C object CMakeFiles/app.dir/mnt/host/source/src/platform/ec/build/zephyr/kelpie/modules/ec/common/shared_mem.c.obj
[/mnt/host/source/src/platform/ec/build/zephyr/ptlrvp_mchp-lcov]   /mnt/host/source/src/platform/ec/build/zephyr/ptlrvp_mchp/build-rw/modules/ec/zephyr/CMakeFiles/ec_shim.dir/shim/src/battery.c.gcno:no functions found
[/mnt/host/source/src/platform/ec/build/zephyr/ptlrvp_mchp-lcov] stderr:
[kelpie:ro] [43/261] Building C object CMakeFiles/app.dir/mnt/host/source/src/platform/ec/build/zephyr/kelpie/modules/ec/common/usb_update.c.obj
[kelpie:ro] [44/261] Building C object CMakeFiles/app.dir/mnt/host/source/src/platform/ec/build/zephyr/kelpie/modules/ec/common/queue_policies.c.obj
[kelpie:rw] [38/258] Building C object CMakeFiles/app.dir/mnt/host/source/src/platform/ec/build/zephyr/kelpie/modules/ec/common/timer.c.obj
[kelpie:ro] [45/261] Building C object CMakeFiles/app.dir/mnt/host/source/src/platform/ec/build/zephyr/kelpie/modules/ec/driver/touchpad_elan.c.obj
[kelpie:ro] [46/261] Building C object CMakeFiles/app.dir/src/fakes.c.obj
[kelpie:rw] [39/258] Building C object CMakeFiles/app.dir/mnt/host/source/src/platform/ec/build/zephyr/kelpie/modules/ec/common/update_fw.c.obj
[kelpie:ro] [47/261] Building C object CMakeFiles/app.dir/mnt/host/source/src/platform/ec/build/zephyr/kelpie/modules/ec/common/math_util.c.obj
[kelpie:ro] [48/261] Building C object CMakeFiles/app.dir/src/one_wire.c.obj
[kelpie:rw] [40/258] Building C object CMakeFiles/app.dir/mnt/host/source/src/platform/ec/build/zephyr/kelpie/modules/ec/common/usb_update.c.obj
[kelpie:ro] [49/261] Building C object zephyr/CMakeFiles/zephyr.dir/lib/libc/validate_libc.c.obj
[kelpie:rw] [41/258] Building C object CMakeFiles/app.dir/mnt/host/source/src/platform/ec/build/zephyr/kelpie/modules/ec/common/queue_policies.c.obj
[kelpie:ro] [50/261] Building C object zephyr/CMakeFiles/zephyr.dir/lib/heap/heap.c.obj
[pujjocento:ro] -- Found Dtc: /usr/bin/dtc (found suitable version "1.6.0", minimum required is "1.4.6")
[kelpie:ro] [51/261] Building C object zephyr/CMakeFiles/zephyr.dir/lib/os/cbprintf_packaged.c.obj
[kelpie:rw] [42/258] Building C object CMakeFiles/app.dir/mnt/host/source/src/platform/ec/build/zephyr/kelpie/modules/ec/driver/touchpad_elan.c.obj
[pujjocento:ro] -- Found BOARD.dts: /mnt/host/source/src/platform/ec/zephyr/boards/google/npcx9/npcx9_npcx9m7fb.dts
[kelpie:ro] [52/261] Building C object zephyr/CMakeFiles/zephyr.dir/lib/os/clock.c.obj
[kelpie:rw] [43/258] Building C object CMakeFiles/app.dir/mnt/host/source/src/platform/ec/build/zephyr/kelpie/modules/ec/common/math_util.c.obj
[kelpie:ro] [53/261] Building C object zephyr/CMakeFiles/zephyr.dir/lib/os/printk.c.obj
[kelpie:rw] [44/258] Building C object CMakeFiles/app.dir/src/fakes.c.obj
[kelpie:ro] [54/261] Building C object zephyr/CMakeFiles/zephyr.dir/lib/os/sem.c.obj
[kelpie:rw] [45/258] Building C object CMakeFiles/app.dir/src/one_wire.c.obj
[kelpie:ro] [55/261] Building C object zephyr/CMakeFiles/zephyr.dir/lib/os/thread_entry.c.obj
[kelpie:ro] [56/261] Linking C static library app/libapp.a
[kelpie:ro] [57/261] Building C object zephyr/CMakeFiles/zephyr.dir/lib/os/cbprintf_nano.c.obj
[kelpie:ro] [58/261] Building C object zephyr/CMakeFiles/zephyr.dir/lib/os/cbprintf.c.obj
[kelpie:ro] [59/261] Building C object zephyr/CMakeFiles/zephyr.dir/lib/utils/dec.c.obj
[kelpie:ro] [60/261] Building C object zephyr/CMakeFiles/zephyr.dir/lib/os/assert.c.obj
[/mnt/host/source/src/platform/ec/build/zephyr/baze-lcov]   /mnt/host/source/src/platform/ec/build/zephyr/baze/build-ro/zephyr/arch/arch/riscv/core/CMakeFiles/arch__riscv__core.dir/cpu_idle.c.gcno:no functions found
[/mnt/host/source/src/platform/ec/build/zephyr/baze-lcov] stderr:
[kelpie:ro] [61/261] Building C object zephyr/CMakeFiles/zephyr.dir/lib/utils/hex.c.obj
[kelpie:ro] [62/261] Building C object zephyr/CMakeFiles/zephyr.dir/lib/utils/rb.c.obj
[kelpie:ro] [63/261] Building C object zephyr/CMakeFiles/zephyr.dir/lib/utils/timeutil.c.obj
[kelpie:rw] [46/258] Linking C static library app/libapp.a
[kelpie:ro] [64/261] Building C object zephyr/CMakeFiles/zephyr.dir/lib/utils/bitarray.c.obj
[kelpie:ro] [65/261] Building C object zephyr/CMakeFiles/zephyr.dir/lib/utils/bitmask.c.obj
[kelpie:rw] [47/258] Building C object zephyr/CMakeFiles/zephyr.dir/lib/libc/validate_libc.c.obj
[kelpie:ro] [66/261] Building C object zephyr/CMakeFiles/zephyr.dir/lib/utils/getopt/getopt.c.obj
[kelpie:ro] [67/261] Building C object zephyr/CMakeFiles/zephyr.dir/lib/utils/getopt/getopt_common.c.obj
[kelpie:rw] [48/258] Building C object zephyr/CMakeFiles/zephyr.dir/lib/heap/heap.c.obj
[kelpie:ro] [68/261] Building C object zephyr/CMakeFiles/zephyr.dir/lib/utils/ring_buffer.c.obj
[kelpie:ro] [69/261] Building C object zephyr/CMakeFiles/zephyr.dir/lib/utils/last_section_id.c.obj
[kelpie:ro] [70/261] Building C object zephyr/CMakeFiles/zephyr.dir/misc/generated/configs.c.obj
[kelpie:rw] [49/258] Building C object zephyr/CMakeFiles/zephyr.dir/lib/os/cbprintf_packaged.c.obj
[kelpie:ro] [71/261] Building C object zephyr/CMakeFiles/zephyr.dir/soc/ite/ec/common/soc_common_irq.c.obj
[kelpie:ro] [72/261] Building C object zephyr/CMakeFiles/zephyr.dir/soc/ite/ec/common/power.c.obj
[kelpie:rw] [50/258] Building C object zephyr/CMakeFiles/zephyr.dir/lib/os/clock.c.obj
[kelpie:ro] [73/261] Building C object zephyr/CMakeFiles/zephyr.dir/soc/ite/ec/common/policy.c.obj
[kelpie:ro] [74/261] Building C object zephyr/CMakeFiles/zephyr.dir/soc/ite/ec/it8xxx2/soc.c.obj
[kelpie:rw] [51/258] Building C object zephyr/CMakeFiles/zephyr.dir/lib/os/printk.c.obj
[kelpie:ro] [75/261] Building C object zephyr/CMakeFiles/zephyr.dir/soc/ite/ec/it8xxx2/check_regs.c.obj
[kelpie:rw] [52/258] Building C object zephyr/CMakeFiles/zephyr.dir/lib/os/sem.c.obj
[kelpie:rw] [53/258] Building C object zephyr/CMakeFiles/zephyr.dir/lib/os/thread_entry.c.obj
[kinmen:rw] -- Found gen_kobject_list: /mnt/host/source/src/third_party/zephyr/main/scripts/build/gen_kobject_list.py
[kelpie:rw] [54/258] Building C object zephyr/CMakeFiles/zephyr.dir/lib/os/cbprintf_nano.c.obj
[kelpie:rw] [55/258] Building C object zephyr/CMakeFiles/zephyr.dir/lib/os/cbprintf.c.obj
[kelpie:rw] [56/258] Building C object zephyr/CMakeFiles/zephyr.dir/lib/os/assert.c.obj
[kinmen:rw] CMake Warning at /mnt/host/source/src/third_party/zephyr/main/CMakeLists.txt:1134 (message):
[kinmen:rw]   No SOURCES given to Zephyr library: drivers__syscon
[kinmen:rw]   Excluding target from build.
[kinmen:rw] CMake Warning at /mnt/host/source/src/third_party/zephyr/main/CMakeLists.txt:2359 (message):
[kinmen:rw]   __ASSERT() statements are globally ENABLED
[kelpie:rw] [57/258] Building C object zephyr/CMakeFiles/zephyr.dir/lib/utils/dec.c.obj
[kelpie:rw] [58/258] Building C object zephyr/CMakeFiles/zephyr.dir/lib/utils/hex.c.obj
[kelpie:rw] [59/258] Building C object zephyr/CMakeFiles/zephyr.dir/lib/utils/rb.c.obj
[pujjogatwin:rw] [10/414] Building C object zephyr/CMakeFiles/offsets.dir/arch/arm/core/offsets/offsets.c.obj
[kelpie:rw] [60/258] Building C object zephyr/CMakeFiles/zephyr.dir/lib/utils/timeutil.c.obj
[kelpie:rw] [61/258] Building C object zephyr/CMakeFiles/zephyr.dir/lib/utils/bitarray.c.obj
[kinmen:ro] -- Found BOARD.dts: /mnt/host/source/src/platform/ec/zephyr/boards/google/it8xxx2/it8xxx2_it82002aw.dts
[kinmen:ro] -- Found devicetree overlay: /mnt/host/source/src/platform/ec/zephyr/program/fatcat/kinmen/project.overlay
[kinmen:ro] -- Generated zephyr.dts: /mnt/host/source/src/platform/ec/build/zephyr/kinmen/build-ro/zephyr/zephyr.dts
[kinmen:ro] -- Generated pickled edt: /mnt/host/source/src/platform/ec/build/zephyr/kinmen/build-ro/zephyr/edt.pickle
[kelpie:rw] [62/258] Building C object zephyr/CMakeFiles/zephyr.dir/lib/utils/bitmask.c.obj
[kelpie:rw] [63/258] Building C object zephyr/CMakeFiles/zephyr.dir/lib/utils/getopt/getopt.c.obj
[kelpie:ro] [76/261] Building ASM object zephyr/CMakeFiles/zephyr.dir/soc/ite/ec/common/soc_irq.S.obj
[kelpie:rw] [64/258] Building C object zephyr/CMakeFiles/zephyr.dir/lib/utils/getopt/getopt_common.c.obj
[kelpie:rw] [65/258] Building C object zephyr/CMakeFiles/zephyr.dir/lib/utils/ring_buffer.c.obj
[kelpie:ro] [77/261] Building C object zephyr/CMakeFiles/zephyr.dir/soc/ite/ec/it8xxx2/ilm.c.obj
[kelpie:rw] [66/258] Building C object zephyr/CMakeFiles/zephyr.dir/lib/utils/last_section_id.c.obj
[kelpie:ro] [78/261] Building C object zephyr/CMakeFiles/zephyr.dir/subsys/logging/log_minimal.c.obj
[kelpie:rw] [67/258] Building C object zephyr/CMakeFiles/zephyr.dir/misc/generated/configs.c.obj
[kelpie:ro] [79/261] Building C object zephyr/CMakeFiles/zephyr.dir/subsys/pm/pm.c.obj
[kelpie:ro] [80/261] Building C object zephyr/CMakeFiles/zephyr.dir/subsys/pm/state.c.obj
[pujjogatwin:rw] [11/414] Generating include/generated/zephyr/offsets.h
[kelpie:ro] [81/261] Building C object zephyr/CMakeFiles/zephyr.dir/subsys/pm/policy/policy_events.c.obj
[kinmen:rw] -- Configuring done (19.3s)
[kelpie:ro] [82/261] Building C object zephyr/CMakeFiles/zephyr.dir/subsys/pm/policy/policy_latency.c.obj
[kelpie:ro] [83/261] Building C object zephyr/CMakeFiles/zephyr.dir/subsys/pm/policy/policy_state_lock.c.obj
[kelpie:ro] [84/261] Building ASM object zephyr/CMakeFiles/zephyr.dir/soc/ite/ec/it8xxx2/vector.S.obj
[kelpie:ro] [85/261] Building C object zephyr/CMakeFiles/zephyr.dir/subsys/pm/device.c.obj
[kelpie:ro] [86/261] Building C object zephyr/CMakeFiles/zephyr.dir/subsys/pm/device_system_managed.c.obj
[kelpie:ro] [87/261] Building C object zephyr/CMakeFiles/zephyr.dir/subsys/tracing/tracing_none.c.obj
[kelpie:ro] [88/261] Building C object zephyr/CMakeFiles/zephyr.dir/subsys/testsuite/coverage/coverage.c.obj
[kelpie:ro] [89/261] Building C object zephyr/CMakeFiles/zephyr.dir/subsys/shell/modules/kernel_service/kernel_shell.c.obj
[kelpie:ro] [90/261] Building C object zephyr/CMakeFiles/zephyr.dir/subsys/shell/modules/kernel_service/cycles.c.obj
[teliks:ro] -- Board: it8xxx2, qualifiers: it81302bx
[kelpie:ro] [91/261] Building C object zephyr/CMakeFiles/zephyr.dir/subsys/shell/modules/kernel_service/sleep.c.obj
[kelpie:ro] [92/261] Building C object zephyr/CMakeFiles/zephyr.dir/subsys/shell/modules/kernel_service/uptime.c.obj
[kelpie:ro] [93/261] Building C object zephyr/CMakeFiles/zephyr.dir/subsys/shell/modules/kernel_service/version.c.obj
[kelpie:ro] [94/261] Building C object zephyr/CMakeFiles/zephyr.dir/subsys/shell/modules/kernel_service/thread/thread.c.obj
[kelpie:ro] [95/261] Building C object zephyr/CMakeFiles/zephyr.dir/subsys/shell/modules/kernel_service/thread/list.c.obj
[kelpie:ro] [96/261] Building C object zephyr/CMakeFiles/zephyr.dir/subsys/shell/modules/kernel_service/thread/stacks.c.obj
[kelpie:ro] [97/261] Building C object zephyr/CMakeFiles/zephyr.dir/subsys/shell/modules/kernel_service/thread/unwind.c.obj
[kelpie:ro] [98/261] Building C object zephyr/CMakeFiles/zephyr.dir/subsys/shell/modules/kernel_service/thread/suspend.c.obj
[kelpie:ro] [99/261] Building C object zephyr/CMakeFiles/zephyr.dir/subsys/shell/modules/kernel_service/thread/resume.c.obj
[kelpie:ro] [100/261] Building C object zephyr/CMakeFiles/zephyr.dir/subsys/shell/modules/kernel_service/thread/kill.c.obj
[kelpie:ro] [101/261] Building C object zephyr/CMakeFiles/zephyr.dir/subsys/shell/backends/shell_uart.c.obj
[kelpie:ro] [102/261] Building C object zephyr/CMakeFiles/zephyr.dir/subsys/shell/shell_fprintf.c.obj
[kelpie:ro] [103/261] Building C object zephyr/CMakeFiles/zephyr.dir/subsys/shell/shell.c.obj
[kelpie:ro] [104/261] Building C object zephyr/CMakeFiles/zephyr.dir/subsys/shell/shell_utils.c.obj
[kelpie:ro] [105/261] Building C object zephyr/CMakeFiles/zephyr.dir/subsys/shell/shell_ops.c.obj
[kelpie:ro] [106/261] Building C object zephyr/CMakeFiles/zephyr.dir/subsys/shell/shell_help.c.obj
[kelpie:ro] [107/261] Building C object zephyr/CMakeFiles/zephyr.dir/subsys/shell/shell_history.c.obj
[kelpie:ro] [108/261] Building C object zephyr/arch/common/CMakeFiles/arch__common.dir/sw_isr_common.c.obj
[kelpie:ro] [109/261] Building C object zephyr/CMakeFiles/zephyr.dir/drivers/flash/flash_util.c.obj
[kelpie:rw] [68/258] Building ASM object zephyr/CMakeFiles/zephyr.dir/soc/ite/ec/common/soc_irq.S.obj
[kelpie:rw] [69/258] Building C object zephyr/CMakeFiles/zephyr.dir/soc/ite/ec/common/soc_common_irq.c.obj
[kelpie:ro] [110/261] Building C object zephyr/arch/common/CMakeFiles/arch__common.dir/dynamic_isr.c.obj
[kelpie:ro] [111/261] Building C object zephyr/arch/common/CMakeFiles/arch__common.dir/init.c.obj
[kelpie:rw] [70/258] Building C object zephyr/CMakeFiles/zephyr.dir/soc/ite/ec/common/power.c.obj
[kelpie:ro] [112/261] Building C object zephyr/arch/common/CMakeFiles/arch__common.dir/xip.c.obj
[/mnt/host/source/src/platform/ec/build/zephyr/fatcatrvp-npcx-lcov]   /mnt/host/source/src/platform/ec/build/zephyr/fatcatrvp-npcx/build-ro/CMakeFiles/app.dir/mnt/host/source/src/platform/ec/build/zephyr/fatcatrvp-npcx/modules/ec/common/cbi_config.c.gcno:no functions found
[/mnt/host/source/src/platform/ec/build/zephyr/fatcatrvp-npcx-lcov] stderr:
[kelpie:rw] [71/258] Building C object zephyr/CMakeFiles/zephyr.dir/soc/ite/ec/common/policy.c.obj
[kelpie:ro] [113/261] Building C object zephyr/arch/common/CMakeFiles/isr_tables.dir/isr_tables.c.obj
[kelpie:rw] [72/258] Building C object zephyr/CMakeFiles/zephyr.dir/soc/ite/ec/it8xxx2/soc.c.obj
[kelpie:rw] [73/258] Building C object zephyr/CMakeFiles/zephyr.dir/soc/ite/ec/it8xxx2/check_regs.c.obj
[kinmen:ro] -- Generated devicetree_generated.h: /mnt/host/source/src/platform/ec/build/zephyr/kinmen/build-ro/zephyr/include/generated/zephyr/devicetree_generated.h
[kelpie:ro] [114/261] Linking C static library zephyr/libzephyr.a
[kelpie:ro] [115/261] Building C object zephyr/arch/arch/riscv/core/CMakeFiles/arch__riscv__core.dir/cpu_idle.c.obj
[/mnt/host/source/src/platform/ec/build/zephyr/brtk-lcov] stderr:
[kelpie:ro] [116/261] Linking C static library zephyr/arch/common/libisr_tables.a
[kelpie:ro] [117/261] Building C object zephyr/arch/arch/riscv/core/CMakeFiles/arch__riscv__core.dir/fatal.c.obj
[kelpie:ro] [118/261] Building C object zephyr/arch/arch/riscv/core/CMakeFiles/arch__riscv__core.dir/irq_manage.c.obj
[kelpie:ro] [119/261] Building C object zephyr/arch/arch/riscv/core/CMakeFiles/arch__riscv__core.dir/prep_c.c.obj
[kelpie:ro] [120/261] Building C object zephyr/arch/arch/riscv/core/CMakeFiles/arch__riscv__core.dir/reboot.c.obj
[kelpie:ro] [121/261] Linking C static library zephyr/arch/common/libarch__common.a
[teliks:rw] -- Board: it8xxx2, qualifiers: it81302bx
[/mnt/host/source/src/platform/ec/build/zephyr/baze-lcov]   /mnt/host/source/src/platform/ec/build/zephyr/baze/build-ro/zephyr/arch/common/CMakeFiles/isr_tables.dir/isr_tables.c.gcno:no functions found
[/mnt/host/source/src/platform/ec/build/zephyr/baze-lcov] stderr:
[kelpie:rw] [74/258] Building ASM object zephyr/CMakeFiles/zephyr.dir/soc/ite/ec/it8xxx2/vector.S.obj
[pujjogatwin:rw] [12/414] Building C object CMakeFiles/app.dir/mnt/host/source/src/platform/ec/zephyr/subsys/ap_pwrseq/ap_events.c.obj
[kelpie:rw] [75/258] Building C object zephyr/CMakeFiles/zephyr.dir/soc/ite/ec/it8xxx2/ilm.c.obj
[kelpie:rw] [76/258] Building C object zephyr/CMakeFiles/zephyr.dir/subsys/logging/log_minimal.c.obj
[kelpie:rw] [77/258] Building C object zephyr/CMakeFiles/zephyr.dir/subsys/pm/pm.c.obj
[/mnt/host/source/src/platform/ec/build/zephyr/brtk-lcov]   /mnt/host/source/src/platform/ec/build/zephyr/brtk/build-ro/modules/ec/zephyr/CMakeFiles/ec_shim.dir/shim/src/thermal.c.gcno:no functions found
[/mnt/host/source/src/platform/ec/build/zephyr/brtk-lcov] stderr:
[kelpie:rw] [78/258] Building C object zephyr/CMakeFiles/zephyr.dir/subsys/pm/state.c.obj
[kelpie:rw] [79/258] Building C object zephyr/CMakeFiles/zephyr.dir/subsys/pm/policy/policy_events.c.obj
[kelpie:rw] [80/258] Building C object zephyr/CMakeFiles/zephyr.dir/subsys/pm/policy/policy_latency.c.obj
[kelpie:rw] [81/258] Building C object zephyr/CMakeFiles/zephyr.dir/subsys/pm/policy/policy_state_lock.c.obj
[kelpie:rw] [82/258] Building C object zephyr/CMakeFiles/zephyr.dir/subsys/pm/device.c.obj
[kelpie:rw] [83/258] Building C object zephyr/CMakeFiles/zephyr.dir/subsys/pm/device_system_managed.c.obj
[kelpie:rw] [84/258] Building C object zephyr/CMakeFiles/zephyr.dir/subsys/testsuite/coverage/coverage.c.obj
[kelpie:rw] [85/258] Building C object zephyr/CMakeFiles/zephyr.dir/subsys/tracing/tracing_none.c.obj
[kelpie:rw] [86/258] Building C object zephyr/CMakeFiles/zephyr.dir/subsys/shell/modules/kernel_service/kernel_shell.c.obj
[kelpie:rw] [87/258] Building C object zephyr/CMakeFiles/zephyr.dir/subsys/shell/modules/kernel_service/cycles.c.obj
[kelpie:rw] [88/258] Building C object zephyr/CMakeFiles/zephyr.dir/subsys/shell/modules/kernel_service/sleep.c.obj
[kelpie:rw] [89/258] Building C object zephyr/CMakeFiles/zephyr.dir/subsys/shell/modules/kernel_service/uptime.c.obj
[kelpie:rw] [90/258] Building C object zephyr/CMakeFiles/zephyr.dir/subsys/shell/modules/kernel_service/version.c.obj
[kelpie:rw] [91/258] Building C object zephyr/CMakeFiles/zephyr.dir/subsys/shell/modules/kernel_service/thread/thread.c.obj
[kelpie:rw] [92/258] Building C object zephyr/CMakeFiles/zephyr.dir/subsys/shell/modules/kernel_service/thread/list.c.obj
[kelpie:rw] [93/258] Building C object zephyr/CMakeFiles/zephyr.dir/subsys/shell/modules/kernel_service/thread/stacks.c.obj
[kelpie:rw] [94/258] Building C object zephyr/CMakeFiles/zephyr.dir/subsys/shell/modules/kernel_service/thread/unwind.c.obj
[kelpie:rw] [95/258] Building C object zephyr/CMakeFiles/zephyr.dir/subsys/shell/modules/kernel_service/thread/suspend.c.obj
[kelpie:rw] [96/258] Building C object zephyr/CMakeFiles/zephyr.dir/subsys/shell/modules/kernel_service/thread/resume.c.obj
[/mnt/host/source/src/platform/ec/build/zephyr/brtk-lcov]   /mnt/host/source/src/platform/ec/build/zephyr/brtk/build-ro/modules/ec/zephyr/CMakeFiles/ec_shim.dir/shim/src/battery.c.gcno:no functions found
[/mnt/host/source/src/platform/ec/build/zephyr/brtk-lcov] stderr:
[kelpie:rw] [97/258] Building C object zephyr/CMakeFiles/zephyr.dir/subsys/shell/modules/kernel_service/thread/kill.c.obj
[kelpie:rw] [98/258] Building C object zephyr/CMakeFiles/zephyr.dir/subsys/shell/backends/shell_uart.c.obj
[kelpie:rw] [99/258] Building C object zephyr/CMakeFiles/zephyr.dir/subsys/shell/shell.c.obj
[kelpie:rw] [100/258] Building C object zephyr/CMakeFiles/zephyr.dir/subsys/shell/shell_fprintf.c.obj
[kelpie:rw] [101/258] Building C object zephyr/CMakeFiles/zephyr.dir/subsys/shell/shell_utils.c.obj
[kelpie:ro] [122/261] Building ASM object zephyr/arch/arch/riscv/core/CMakeFiles/arch__riscv__core.dir/switch.S.obj
[kelpie:rw] [102/258] Building C object zephyr/CMakeFiles/zephyr.dir/subsys/shell/shell_ops.c.obj
[kelpie:ro] [123/261] Building C object zephyr/arch/arch/riscv/core/CMakeFiles/arch__riscv__core.dir/thread.c.obj
[kelpie:rw] [103/258] Building C object zephyr/CMakeFiles/zephyr.dir/subsys/shell/shell_help.c.obj
[kelpie:rw] [104/258] Building C object zephyr/CMakeFiles/zephyr.dir/subsys/shell/shell_history.c.obj
[kelpie:rw] [105/258] Building C object zephyr/CMakeFiles/zephyr.dir/drivers/flash/flash_util.c.obj
[kelpie:ro] [124/261] Building ASM object zephyr/arch/arch/riscv/core/CMakeFiles/arch__riscv__core.dir/reset.S.obj
[kelpie:ro] [125/261] Building C object zephyr/arch/arch/riscv/core/CMakeFiles/arch__riscv__core.dir/stacktrace.c.obj
[kelpie:ro] [126/261] Generating ../../../include/generated/libc/minimal/strerror_table.h
[kelpie:ro] [127/261] Building C object zephyr/lib/libc/minimal/CMakeFiles/lib__libc__minimal.dir/source/stdlib/atoi.c.obj
[kelpie:ro] [128/261] Building C object zephyr/lib/libc/minimal/CMakeFiles/lib__libc__minimal.dir/source/stdlib/strtol.c.obj
[kelpie:ro] [129/261] Building C object zephyr/lib/libc/minimal/CMakeFiles/lib__libc__minimal.dir/source/stdlib/strtoul.c.obj
[kelpie:rw] [106/258] Linking C static library zephyr/libzephyr.a
[kelpie:ro] [130/261] Building C object zephyr/lib/libc/minimal/CMakeFiles/lib__libc__minimal.dir/source/stdlib/strtoll.c.obj
[kelpie:rw] [107/258] Building C object zephyr/arch/common/CMakeFiles/arch__common.dir/sw_isr_common.c.obj
[kelpie:ro] [131/261] Building C object zephyr/lib/libc/minimal/CMakeFiles/lib__libc__minimal.dir/source/stdlib/strtoull.c.obj
[kelpie:ro] [132/261] Building C object zephyr/lib/libc/minimal/CMakeFiles/lib__libc__minimal.dir/source/stdlib/bsearch.c.obj
[kelpie:rw] [108/258] Building C object zephyr/arch/common/CMakeFiles/arch__common.dir/dynamic_isr.c.obj
[kelpie:ro] [133/261] Building C object zephyr/lib/libc/minimal/CMakeFiles/lib__libc__minimal.dir/source/stdlib/exit.c.obj
[kelpie:ro] [134/261] Building C object zephyr/lib/libc/minimal/CMakeFiles/lib__libc__minimal.dir/source/stdlib/qsort.c.obj
[kelpie:ro] [135/261] Building C object zephyr/lib/libc/minimal/CMakeFiles/lib__libc__minimal.dir/source/string/strerror.c.obj
[kelpie:rw] [109/258] Building C object zephyr/arch/common/CMakeFiles/arch__common.dir/init.c.obj
[kelpie:ro] [136/261] Building C object zephyr/lib/libc/minimal/CMakeFiles/lib__libc__minimal.dir/source/string/strncasecmp.c.obj
[kelpie:rw] [110/258] Building C object zephyr/arch/common/CMakeFiles/arch__common.dir/xip.c.obj
[kelpie:ro] [137/261] Building C object zephyr/lib/libc/minimal/CMakeFiles/lib__libc__minimal.dir/source/string/strstr.c.obj
[kelpie:ro] [138/261] Building C object zephyr/lib/libc/minimal/CMakeFiles/lib__libc__minimal.dir/source/string/string.c.obj
[kelpie:rw] [111/258] Building C object zephyr/arch/common/CMakeFiles/isr_tables.dir/isr_tables.c.obj
[pujjocento:rw] -- Found devicetree overlay: /mnt/host/source/src/platform/ec/zephyr/program/trulo/pujjocento/project.overlay
[kelpie:ro] [139/261] Building C object zephyr/lib/libc/minimal/CMakeFiles/lib__libc__minimal.dir/source/string/strspn.c.obj
[pujjocento:rw] -- Generated zephyr.dts: /mnt/host/source/src/platform/ec/build/zephyr/pujjocento/build-rw/zephyr/zephyr.dts
[kelpie:ro] [140/261] Building C object zephyr/lib/libc/minimal/CMakeFiles/lib__libc__minimal.dir/source/stdout/stdout_console.c.obj
[kelpie:ro] [141/261] Building C object zephyr/lib/libc/minimal/CMakeFiles/lib__libc__minimal.dir/source/stdout/sprintf.c.obj
[kelpie:ro] [142/261] Building C object zephyr/lib/libc/minimal/CMakeFiles/lib__libc__minimal.dir/source/stdout/fprintf.c.obj
[kelpie:ro] [143/261] Building C object zephyr/lib/libc/minimal/CMakeFiles/lib__libc__minimal.dir/source/math/sqrtf.c.obj
[kelpie:rw] [112/258] Linking C static library zephyr/arch/common/libisr_tables.a
[pujjogatwin:rw] [13/414] Building C object CMakeFiles/app.dir/mnt/host/source/src/platform/ec/zephyr/subsys/ap_pwrseq/ap_power_interface.c.obj
[kelpie:ro] [144/261] Building C object zephyr/lib/libc/minimal/CMakeFiles/lib__libc__minimal.dir/source/math/sqrt.c.obj
[kelpie:ro] [145/261] Building C object zephyr/lib/libc/minimal/CMakeFiles/lib__libc__minimal.dir/source/time/gmtime.c.obj
[kelpie:rw] [113/258] Linking C static library zephyr/arch/common/libarch__common.a
[kelpie:rw] [114/258] Building C object zephyr/arch/arch/riscv/core/CMakeFiles/arch__riscv__core.dir/cpu_idle.c.obj
[/mnt/host/source/src/platform/ec/build/zephyr/fatcatrvp-npcx-lcov]   /mnt/host/source/src/platform/ec/build/zephyr/fatcatrvp-npcx/build-ro/zephyr/arch/arch/arm/core/mpu/CMakeFiles/arch__arm__core__mpu.dir/arm_mpu_regions.c.gcno:no functions found
[/mnt/host/source/src/platform/ec/build/zephyr/fatcatrvp-npcx-lcov] stderr:
[kelpie:rw] [115/258] Building C object zephyr/arch/arch/riscv/core/CMakeFiles/arch__riscv__core.dir/fatal.c.obj
[pujjocento:ro] -- Found devicetree overlay: /mnt/host/source/src/platform/ec/zephyr/program/trulo/pujjocento/project.overlay
[pujjocento:ro] -- Generated zephyr.dts: /mnt/host/source/src/platform/ec/build/zephyr/pujjocento/build-ro/zephyr/zephyr.dts
[kelpie:rw] [116/258] Building C object zephyr/arch/arch/riscv/core/CMakeFiles/arch__riscv__core.dir/irq_manage.c.obj
[/mnt/host/source/src/platform/ec/build/zephyr/ptlrvp_mchp-lcov]   /mnt/host/source/src/platform/ec/build/zephyr/ptlrvp_mchp/build-rw/modules/ec/zephyr/CMakeFiles/ec_shim.dir/shim/src/charger.c.gcno:no functions found
[/mnt/host/source/src/platform/ec/build/zephyr/ptlrvp_mchp-lcov] stderr:
[kelpie:rw] [117/258] Building C object zephyr/arch/arch/riscv/core/CMakeFiles/arch__riscv__core.dir/prep_c.c.obj
[kinmen:ro] /mnt/host/source/src/platform/ec/build/zephyr/kinmen/build-ro/zephyr/zephyr.dts:1293.27-1983.5: Warning (avoid_unnecessary_addr_size): /soc/pin-controller: unnecessary #address-cells/#size-cells without "ranges" or child "reg" property
[kinmen:ro] /mnt/host/source/src/platform/ec/build/zephyr/kinmen/build-ro/zephyr/zephyr.dts:2757.15-2766.5: Warning (gpios_property): /fans/fan_0: Missing property '#gpio-cells' in node /named-gpios/all_sys_pg or bad phandle (referred from pgood-gpio[0])
[kinmen:ro] /mnt/host/source/src/platform/ec/build/zephyr/kinmen/build-ro/zephyr/zephyr.dts:2757.15-2766.5: Warning (gpios_property): /fans/fan_0: Missing property '#gpio-cells' in node /named-gpios/en_pp5000_fan or bad phandle (referred from enable-gpio[0])
[kelpie:ro] [146/261] Linking C static library zephyr/lib/libc/minimal/liblib__libc__minimal.a
[kelpie:ro] [147/261] Building C object zephyr/lib/libc/common/CMakeFiles/lib__libc__common.dir/source/stdlib/abort.c.obj
[kelpie:ro] [148/261] Building C object zephyr/lib/libc/common/CMakeFiles/lib__libc__common.dir/source/time/asctime.c.obj
[/mnt/host/source/src/platform/ec/build/zephyr/kaladin-lcov]   /mnt/host/source/src/platform/ec/build/zephyr/kaladin/build-ro/zephyr/CMakeFiles/zephyr.dir/soc/ite/ec/it8xxx2/check_regs.c.gcno:no functions found
[/mnt/host/source/src/platform/ec/build/zephyr/kaladin-lcov] stderr:
[kelpie:rw] [118/258] Building C object zephyr/arch/arch/riscv/core/CMakeFiles/arch__riscv__core.dir/reboot.c.obj
[kelpie:ro] [149/261] Building C object zephyr/lib/libc/common/CMakeFiles/lib__libc__common.dir/source/time/gmtime_r.c.obj
[kelpie:ro] [150/261] Building C object zephyr/lib/libc/common/CMakeFiles/lib__libc__common.dir/source/time/localtime_r_utc.c.obj
[kelpie:ro] [151/261] Building ASM object zephyr/arch/arch/riscv/core/CMakeFiles/arch__riscv__core.dir/isr.S.obj
[kelpie:ro] [152/261] Building C object zephyr/lib/libc/common/CMakeFiles/lib__libc__common.dir/source/time/ctime.c.obj
[kelpie:ro] [153/261] Building C object zephyr/lib/libc/common/CMakeFiles/lib__libc__common.dir/source/time/time.c.obj
[kelpie:ro] [154/261] Building C object zephyr/lib/libc/common/CMakeFiles/lib__libc__common.dir/source/stdlib/malloc.c.obj
[kelpie:ro] [155/261] Linking C static library zephyr/arch/arch/riscv/core/libarch__riscv__core.a
[kelpie:ro] [156/261] Building C object zephyr/lib/libc/common/CMakeFiles/lib__libc__common.dir/source/string/strnlen.c.obj
[kelpie:ro] [157/261] Building C object zephyr/lib/posix/c_lib_ext/CMakeFiles/lib__posix__c_lib_ext.dir/fnmatch.c.obj
[teliks:ro] -- Found Dtc: /usr/bin/dtc (found suitable version "1.6.0", minimum required is "1.4.6")
[kelpie:ro] [158/261] Building C object zephyr/lib/posix/c_lib_ext/CMakeFiles/lib__posix__c_lib_ext.dir/getentropy.c.obj
[teliks:ro] -- Found BOARD.dts: /mnt/host/source/src/platform/ec/zephyr/boards/google/it8xxx2/it8xxx2_it81302bx.dts
[teliks:ro] -- Found devicetree overlay: /mnt/host/source/src/platform/ec/zephyr/program/nissa/teliks/project.overlay
[kelpie:ro] [159/261] Building C object zephyr/lib/posix/c_lib_ext/CMakeFiles/lib__posix__c_lib_ext.dir/getopt_shim.c.obj
[/mnt/host/source/src/platform/ec/build/zephyr/brtk-lcov]   /mnt/host/source/src/platform/ec/build/zephyr/brtk/build-ro/modules/ec/zephyr/CMakeFiles/ec_shim.dir/shim/src/charger.c.gcno:no functions found
[/mnt/host/source/src/platform/ec/build/zephyr/brtk-lcov] stderr:
[kelpie:ro] [160/261] Linking C static library zephyr/lib/libc/common/liblib__libc__common.a
[kelpie:ro] [161/261] Building C object zephyr/subsys/crc/CMakeFiles/subsys__crc.dir/crc4_sw.c.obj
[kelpie:ro] [162/261] Building C object zephyr/subsys/crc/CMakeFiles/subsys__crc.dir/crc8_sw.c.obj
[kelpie:ro] [163/261] Building C object zephyr/subsys/crc/CMakeFiles/subsys__crc.dir/crc16_sw.c.obj
[kelpie:ro] [164/261] Linking C static library zephyr/lib/posix/c_lib_ext/liblib__posix__c_lib_ext.a
[kelpie:ro] [165/261] Building C object zephyr/subsys/crc/CMakeFiles/subsys__crc.dir/crc7_sw.c.obj
[kelpie:ro] [166/261] Building C object zephyr/subsys/crc/CMakeFiles/subsys__crc.dir/crc24_sw.c.obj
[kelpie:ro] [167/261] Building C object zephyr/subsys/crc/CMakeFiles/subsys__crc.dir/crc32c_sw.c.obj
[kelpie:ro] [168/261] Building C object zephyr/subsys/crc/CMakeFiles/subsys__crc.dir/crc32_sw.c.obj
[kelpie:ro] [169/261] Building C object zephyr/subsys/crc/CMakeFiles/subsys__crc.dir/crc32k_4_2_sw.c.obj
[kelpie:ro] [170/261] Building C object zephyr/drivers/interrupt_controller/CMakeFiles/drivers__interrupt_controller.dir/intc_ite_it8xxx2_v2.c.obj
[kelpie:ro] [171/261] Building C object zephyr/drivers/interrupt_controller/CMakeFiles/drivers__interrupt_controller.dir/wuc_ite_it8xxx2.c.obj
[kelpie:ro] [172/261] Linking C static library zephyr/subsys/crc/libsubsys__crc.a
[kelpie:ro] [173/261] Building C object zephyr/drivers/bbram/CMakeFiles/drivers__bbram.dir/bbram_it8xxx2.c.obj
[kelpie:ro] [174/261] Linking C static library zephyr/drivers/interrupt_controller/libdrivers__interrupt_controller.a
[kelpie:ro] [175/261] Building C object zephyr/drivers/console/CMakeFiles/drivers__console.dir/uart_console.c.obj
[kelpie:ro] [176/261] Linking C static library zephyr/drivers/bbram/libdrivers__bbram.a
[kelpie:ro] [177/261] Building C object zephyr/drivers/flash/CMakeFiles/drivers__flash.dir/flash_ite_it8xxx2.c.obj
[kelpie:ro] [178/261] Linking C static library zephyr/drivers/console/libdrivers__console.a
[kelpie:ro] [179/261] Building C object zephyr/drivers/gpio/CMakeFiles/drivers__gpio.dir/gpio_ite_it8xxx2_v2.c.obj
[kelpie:ro] [180/261] Linking C static library zephyr/drivers/flash/libdrivers__flash.a
[kelpie:ro] [181/261] Linking C static library zephyr/drivers/gpio/libdrivers__gpio.a
[kelpie:ro] [182/261] Building C object zephyr/drivers/i2c/CMakeFiles/drivers__i2c.dir/i2c_common.c.obj
[kelpie:ro] [183/261] Building C object zephyr/drivers/i2c/CMakeFiles/drivers__i2c.dir/i2c_shell.c.obj
[kelpie:ro] [184/261] Building C object zephyr/drivers/i2c/CMakeFiles/drivers__i2c.dir/i2c_bitbang.c.obj
[kelpie:ro] [185/261] Building C object zephyr/drivers/pinctrl/CMakeFiles/drivers__pinctrl.dir/common.c.obj
[kelpie:ro] [186/261] Building C object zephyr/drivers/i2c/CMakeFiles/drivers__i2c.dir/i2c_ite_enhance.c.obj
[kelpie:ro] [187/261] Building C object zephyr/drivers/pinctrl/CMakeFiles/drivers__pinctrl.dir/pinctrl_ite_it8xxx2.c.obj
[kelpie:ro] [188/261] Linking C static library zephyr/drivers/i2c/libdrivers__i2c.a
[kelpie:rw] [119/258] Building ASM object zephyr/arch/arch/riscv/core/CMakeFiles/arch__riscv__core.dir/reset.S.obj
[kelpie:ro] [189/261] Linking C static library zephyr/drivers/pinctrl/libdrivers__pinctrl.a
[pujjocento:rw] -- Generated pickled edt: /mnt/host/source/src/platform/ec/build/zephyr/pujjocento/build-rw/zephyr/edt.pickle
[pujjocento:rw] -- Generated devicetree_generated.h: /mnt/host/source/src/platform/ec/build/zephyr/pujjocento/build-rw/zephyr/include/generated/zephyr/devicetree_generated.h
[kelpie:ro] [190/261] Building C object zephyr/drivers/serial/CMakeFiles/drivers__serial.dir/uart_ite_it8xxx2.c.obj
[kelpie:ro] [191/261] Building C object zephyr/drivers/serial/CMakeFiles/drivers__serial.dir/uart_ns16550.c.obj
[kelpie:ro] [192/261] Building C object zephyr/drivers/timer/CMakeFiles/drivers__timer.dir/sys_clock_init.c.obj
[pujjocento:ro] -- Generated pickled edt: /mnt/host/source/src/platform/ec/build/zephyr/pujjocento/build-ro/zephyr/edt.pickle
[pujjocento:ro] -- Generated devicetree_generated.h: /mnt/host/source/src/platform/ec/build/zephyr/pujjocento/build-ro/zephyr/include/generated/zephyr/devicetree_generated.h
[kelpie:ro] [193/261] Building C object zephyr/drivers/timer/CMakeFiles/drivers__timer.dir/ite_it8xxx2_timer.c.obj
[kelpie:ro] [194/261] Linking C static library zephyr/drivers/serial/libdrivers__serial.a
[kelpie:ro] [195/261] Linking C static library zephyr/drivers/timer/libdrivers__timer.a
[kelpie:ro] [196/261] Building C object zephyr/drivers/watchdog/CMakeFiles/drivers__watchdog.dir/wdt_shell.c.obj
[kelpie:ro] [197/261] Building C object zephyr/drivers/watchdog/CMakeFiles/drivers__watchdog.dir/wdt_ite_it8xxx2.c.obj
[teliks:rw] -- Found Dtc: /usr/bin/dtc (found suitable version "1.6.0", minimum required is "1.4.6")
[teliks:rw] -- Found BOARD.dts: /mnt/host/source/src/platform/ec/zephyr/boards/google/it8xxx2/it8xxx2_it81302bx.dts
[kelpie:ro] [198/261] Building C object modules/ec/zephyr/CMakeFiles/ec_shim.dir/app/ec/ec_app_main.c.obj
[kelpie:ro] [199/261] Building C object modules/ec/zephyr/CMakeFiles/ec_shim.dir/app/ec/main_shim.c.obj
[kelpie:ro] [200/261] Building C object modules/ec/zephyr/CMakeFiles/ec_shim.dir/drivers/cros_flash/cros_flash_it8xxx2.c.obj
[kelpie:ro] [201/261] Building C object modules/ec/zephyr/CMakeFiles/ec_shim.dir/drivers/cros_kb_raw/cros_kb_raw_ite.c.obj
[pujjogatwin:rw] [14/414] Building C object CMakeFiles/app.dir/mnt/host/source/src/platform/ec/zephyr/subsys/ap_pwrseq/power_signals.c.obj
[kelpie:ro] [202/261] Building C object modules/ec/zephyr/CMakeFiles/ec_shim.dir/drivers/cros_system/cros_system_it8xxx2.c.obj
[kelpie:ro] [203/261] Building C object modules/ec/zephyr/CMakeFiles/ec_shim.dir/drivers/one_wire_uart/one_wire_uart.c.obj
[kelpie:ro] [204/261] Linking C static library zephyr/drivers/watchdog/libdrivers__watchdog.a
[kelpie:ro] [205/261] Building C object modules/ec/zephyr/CMakeFiles/ec_shim.dir/shim/chip/it8xxx2/clock.c.obj
[kelpie:ro] [206/261] Building C object modules/ec/zephyr/CMakeFiles/ec_shim.dir/drivers/one_wire_uart/keyboard.c.obj
[kelpie:ro] [207/261] Building C object modules/ec/zephyr/CMakeFiles/ec_shim.dir/shim/chip/it8xxx2/gpio.c.obj
[kelpie:ro] [208/261] Building C object modules/ec/zephyr/CMakeFiles/ec_shim.dir/shim/chip/it8xxx2/system.c.obj
[kelpie:ro] [209/261] Building C object modules/ec/zephyr/CMakeFiles/ec_shim.dir/shim/chip/it8xxx2/keyboard_raw.c.obj
[kelpie:ro] [210/261] Building C object modules/ec/zephyr/CMakeFiles/ec_shim.dir/shim/chip/it8xxx2/power_policy.c.obj
[kelpie:ro] [211/261] Building C object modules/ec/zephyr/CMakeFiles/ec_shim.dir/shim/src/crc.c.obj
[kelpie:ro] [212/261] Building C object modules/ec/zephyr/CMakeFiles/ec_shim.dir/shim/src/console.c.obj
[kelpie:ro] [213/261] Building C object modules/ec/zephyr/CMakeFiles/ec_shim.dir/shim/src/gpio.c.obj
[kelpie:ro] [214/261] Building C object modules/ec/zephyr/CMakeFiles/ec_shim.dir/shim/src/gpio_int.c.obj
[kelpie:ro] [215/261] Building C object modules/ec/zephyr/CMakeFiles/ec_shim.dir/shim/src/pm_state.c.obj
[kelpie:ro] [216/261] Building C object modules/ec/zephyr/CMakeFiles/ec_shim.dir/shim/src/panic_utils.c.obj
[kelpie:ro] [217/261] Building C object modules/ec/zephyr/CMakeFiles/ec_shim.dir/shim/src/system.c.obj
[kelpie:ro] [218/261] Building C object modules/ec/zephyr/CMakeFiles/ec_shim.dir/shim/src/flash.c.obj
[kelpie:ro] [219/261] Building C object modules/ec/zephyr/CMakeFiles/ec_shim.dir/shim/src/hooks.c.obj
[kelpie:ro] [220/261] Building C object modules/ec/zephyr/CMakeFiles/ec_shim.dir/shim/src/keyscan.c.obj
[kelpie:ro] [221/261] Building C object modules/ec/zephyr/CMakeFiles/ec_shim.dir/shim/src/keyboard_raw.c.obj
[/mnt/host/source/src/platform/ec/build/zephyr/fatcatrvp-npcx-lcov]   /mnt/host/source/src/platform/ec/build/zephyr/fatcatrvp-npcx/build-ro/zephyr/arch/common/CMakeFiles/isr_tables.dir/isr_tables.c.gcno:no functions found
[kelpie:ro] [222/261] Building C object modules/ec/zephyr/CMakeFiles/ec_shim.dir/shim/src/panic.c.obj
[/mnt/host/source/src/platform/ec/build/zephyr/fatcatrvp-npcx-lcov] stderr:
[kelpie:ro] [223/261] Building C object modules/ec/zephyr/CMakeFiles/ec_shim.dir/shim/src/hwtimer.c.obj
[kelpie:ro] [224/261] Building C object modules/ec/zephyr/CMakeFiles/ec_shim.dir/shim/src/i2c.c.obj
[kelpie:ro] [225/261] Building C object modules/ec/zephyr/CMakeFiles/ec_shim.dir/shim/src/tasks.c.obj
[kelpie:ro] [226/261] Building C object modules/ec/zephyr/CMakeFiles/ec_shim.dir/shim/src/watchdog.c.obj
[kelpie:ro] [227/261] Building C object zephyr/kernel/CMakeFiles/kernel.dir/main_weak.c.obj
[kelpie:ro] [228/261] Building C object modules/ec/zephyr/CMakeFiles/ec_shim.dir/shim/src/usbc_stub.c.obj
[kelpie:ro] [229/261] Building C object zephyr/kernel/CMakeFiles/kernel.dir/banner.c.obj
[kelpie:ro] [230/261] Building C object zephyr/kernel/CMakeFiles/kernel.dir/busy_wait.c.obj
[kelpie:ro] [231/261] Building C object zephyr/kernel/CMakeFiles/kernel.dir/device.c.obj
[kelpie:ro] [232/261] Building C object zephyr/kernel/CMakeFiles/kernel.dir/errno.c.obj
[kelpie:ro] [233/261] Linking C static library modules/ec/zephyr/libec_shim.a
[kelpie:ro] [234/261] Building C object zephyr/kernel/CMakeFiles/kernel.dir/fatal.c.obj
[kelpie:ro] [235/261] Building C object zephyr/kernel/CMakeFiles/kernel.dir/kheap.c.obj
[kelpie:ro] [236/261] Building C object zephyr/kernel/CMakeFiles/kernel.dir/init.c.obj
[kelpie:ro] [237/261] Building C object zephyr/kernel/CMakeFiles/kernel.dir/mem_slab.c.obj
[kelpie:ro] [238/261] Building C object zephyr/kernel/CMakeFiles/kernel.dir/float.c.obj
[kelpie:ro] [239/261] Building C object zephyr/kernel/CMakeFiles/kernel.dir/version.c.obj
[kelpie:ro] [240/261] Building C object zephyr/kernel/CMakeFiles/kernel.dir/idle.c.obj
[kelpie:ro] [241/261] Building C object zephyr/kernel/CMakeFiles/kernel.dir/mailbox.c.obj
[kelpie:ro] [242/261] Building C object zephyr/kernel/CMakeFiles/kernel.dir/msg_q.c.obj
[kelpie:ro] [243/261] Building C object zephyr/kernel/CMakeFiles/kernel.dir/mutex.c.obj
[kelpie:ro] [244/261] Building C object zephyr/kernel/CMakeFiles/kernel.dir/queue.c.obj
[kelpie:ro] [245/261] Building C object zephyr/kernel/CMakeFiles/kernel.dir/sem.c.obj
[kelpie:rw] [120/258] Building ASM object zephyr/arch/arch/riscv/core/CMakeFiles/arch__riscv__core.dir/switch.S.obj
[kelpie:ro] [246/261] Building C object zephyr/kernel/CMakeFiles/kernel.dir/stack.c.obj
[kelpie:ro] [247/261] Building C object zephyr/kernel/CMakeFiles/kernel.dir/system_work_q.c.obj
[kelpie:rw] [121/258] Building C object zephyr/arch/arch/riscv/core/CMakeFiles/arch__riscv__core.dir/thread.c.obj
[kelpie:ro] [248/261] Building C object zephyr/kernel/CMakeFiles/kernel.dir/work.c.obj
[kelpie:ro] [249/261] Building C object zephyr/kernel/CMakeFiles/kernel.dir/condvar.c.obj
[kelpie:ro] [250/261] Building C object zephyr/kernel/CMakeFiles/kernel.dir/thread.c.obj
[kelpie:ro] [251/261] Building C object zephyr/kernel/CMakeFiles/kernel.dir/sched.c.obj
[kelpie:ro] [252/261] Building C object zephyr/kernel/CMakeFiles/kernel.dir/pipe.c.obj
[kelpie:ro] [253/261] Building C object zephyr/kernel/CMakeFiles/kernel.dir/spinlock_validate.c.obj
[kelpie:ro] [254/261] Building C object zephyr/kernel/CMakeFiles/kernel.dir/thread_monitor.c.obj
[kelpie:ro] [255/261] Building C object zephyr/kernel/CMakeFiles/kernel.dir/timeout.c.obj
[kelpie:ro] [256/261] Building C object zephyr/kernel/CMakeFiles/kernel.dir/timer.c.obj
[kelpie:ro] [257/261] Building C object zephyr/kernel/CMakeFiles/kernel.dir/poll.c.obj
[kelpie:ro] [258/261] Building C object zephyr/kernel/CMakeFiles/kernel.dir/mempool.c.obj
[kelpie:ro] [259/261] Building C object zephyr/kernel/CMakeFiles/kernel.dir/events.c.obj
[kelpie:ro] [260/261] Building C object zephyr/kernel/CMakeFiles/kernel.dir/dynamic_disabled.c.obj
[kelpie:ro] [261/261] Linking C static library zephyr/kernel/libkernel.a
[/mnt/host/source/src/platform/ec/build/zephyr/brtk-lcov]   /mnt/host/source/src/platform/ec/build/zephyr/brtk/build-ro/modules/ec/zephyr/CMakeFiles/ec_shim.dir/shim/src/usba.c.gcno:no functions found
[/mnt/host/source/src/platform/ec/build/zephyr/brtk-lcov] stderr:
[kelpie:rw] [122/258] Building ASM object zephyr/arch/arch/riscv/core/CMakeFiles/arch__riscv__core.dir/isr.S.obj
[kelpie:rw] [123/258] Building C object zephyr/arch/arch/riscv/core/CMakeFiles/arch__riscv__core.dir/stacktrace.c.obj
[kelpie:rw] [124/258] Linking C static library zephyr/arch/arch/riscv/core/libarch__riscv__core.a
[pujjogatwin:rw] [15/414] Building C object CMakeFiles/app.dir/mnt/host/source/src/platform/ec/zephyr/subsys/ap_pwrseq/signal_gpio.c.obj
[kelpie:rw] [125/258] Generating ../../../include/generated/libc/minimal/strerror_table.h
[kelpie:rw] [126/258] Building C object zephyr/lib/libc/minimal/CMakeFiles/lib__libc__minimal.dir/source/stdlib/atoi.c.obj
[kelpie:rw] [127/258] Building C object zephyr/lib/libc/minimal/CMakeFiles/lib__libc__minimal.dir/source/stdlib/strtol.c.obj
[kelpie:rw] [128/258] Building C object zephyr/lib/libc/minimal/CMakeFiles/lib__libc__minimal.dir/source/stdlib/strtoul.c.obj
[kelpie:rw] [129/258] Building C object zephyr/lib/libc/minimal/CMakeFiles/lib__libc__minimal.dir/source/stdlib/strtoll.c.obj
[kelpie:rw] [130/258] Building C object zephyr/lib/libc/minimal/CMakeFiles/lib__libc__minimal.dir/source/stdlib/strtoull.c.obj
[kelpie:rw] [131/258] Building C object zephyr/lib/libc/minimal/CMakeFiles/lib__libc__minimal.dir/source/stdlib/bsearch.c.obj
[kelpie:rw] [132/258] Building C object zephyr/lib/libc/minimal/CMakeFiles/lib__libc__minimal.dir/source/stdlib/exit.c.obj
[kelpie:rw] [133/258] Building C object zephyr/lib/libc/minimal/CMakeFiles/lib__libc__minimal.dir/source/stdlib/qsort.c.obj
[kelpie:rw] [134/258] Building C object zephyr/lib/libc/minimal/CMakeFiles/lib__libc__minimal.dir/source/string/strerror.c.obj
[kelpie:rw] [135/258] Building C object zephyr/lib/libc/minimal/CMakeFiles/lib__libc__minimal.dir/source/string/strncasecmp.c.obj
[kelpie:rw] [136/258] Building C object zephyr/lib/libc/minimal/CMakeFiles/lib__libc__minimal.dir/source/string/strstr.c.obj
[kelpie:rw] [137/258] Building C object zephyr/lib/libc/minimal/CMakeFiles/lib__libc__minimal.dir/source/string/string.c.obj
[teliks:ro] -- Generated zephyr.dts: /mnt/host/source/src/platform/ec/build/zephyr/teliks/build-ro/zephyr/zephyr.dts
[kelpie:rw] [138/258] Building C object zephyr/lib/libc/minimal/CMakeFiles/lib__libc__minimal.dir/source/string/strspn.c.obj
[kelpie:rw] [139/258] Building C object zephyr/lib/libc/minimal/CMakeFiles/lib__libc__minimal.dir/source/stdout/stdout_console.c.obj
[kelpie:rw] [140/258] Building C object zephyr/lib/libc/minimal/CMakeFiles/lib__libc__minimal.dir/source/stdout/sprintf.c.obj
[kelpie:rw] [141/258] Building C object zephyr/lib/libc/minimal/CMakeFiles/lib__libc__minimal.dir/source/stdout/fprintf.c.obj
[kelpie:rw] [142/258] Building C object zephyr/lib/libc/minimal/CMakeFiles/lib__libc__minimal.dir/source/math/sqrtf.c.obj
[kelpie:rw] [143/258] Building C object zephyr/lib/libc/minimal/CMakeFiles/lib__libc__minimal.dir/source/math/sqrt.c.obj
[kelpie:rw] [144/258] Building C object zephyr/lib/libc/minimal/CMakeFiles/lib__libc__minimal.dir/source/time/gmtime.c.obj
[kelpie:rw] [145/258] Linking C static library zephyr/lib/libc/minimal/liblib__libc__minimal.a
[kelpie:rw] [146/258] Building C object zephyr/lib/libc/common/CMakeFiles/lib__libc__common.dir/source/stdlib/abort.c.obj
[kelpie:rw] [147/258] Building C object zephyr/lib/libc/common/CMakeFiles/lib__libc__common.dir/source/time/asctime.c.obj
[pujjogatwin:rw] [16/414] Building C object CMakeFiles/app.dir/mnt/host/source/src/platform/ec/zephyr/subsys/ap_pwrseq/signal_adc.c.obj
[kelpie:rw] [148/258] Building C object zephyr/lib/libc/common/CMakeFiles/lib__libc__common.dir/source/time/gmtime_r.c.obj
[kelpie:rw] [149/258] Building C object zephyr/lib/libc/common/CMakeFiles/lib__libc__common.dir/source/time/localtime_r_utc.c.obj
[kelpie:rw] [150/258] Building C object zephyr/lib/libc/common/CMakeFiles/lib__libc__common.dir/source/time/ctime.c.obj
[kelpie:rw] [151/258] Building C object zephyr/lib/libc/common/CMakeFiles/lib__libc__common.dir/source/time/time.c.obj
[kelpie:rw] [152/258] Building C object zephyr/lib/libc/common/CMakeFiles/lib__libc__common.dir/source/stdlib/malloc.c.obj
[kelpie:rw] [153/258] Building C object zephyr/lib/libc/common/CMakeFiles/lib__libc__common.dir/source/string/strnlen.c.obj
[pujjogatwin:rw] [17/414] Building C object CMakeFiles/app.dir/mnt/host/source/src/platform/ec/zephyr/subsys/ap_pwrseq/signal_vw.c.obj
[kelpie:rw] [154/258] Linking C static library zephyr/lib/libc/common/liblib__libc__common.a
[kelpie:rw] [155/258] Building C object zephyr/lib/posix/c_lib_ext/CMakeFiles/lib__posix__c_lib_ext.dir/fnmatch.c.obj
[kelpie:rw] [156/258] Building C object zephyr/lib/posix/c_lib_ext/CMakeFiles/lib__posix__c_lib_ext.dir/getentropy.c.obj
[kelpie:rw] [157/258] Building C object zephyr/lib/posix/c_lib_ext/CMakeFiles/lib__posix__c_lib_ext.dir/getopt_shim.c.obj
[/mnt/host/source/src/platform/ec/build/zephyr/baze-lcov]   /mnt/host/source/src/platform/ec/build/zephyr/baze/build-ro/zephyr/CMakeFiles/zephyr.dir/subsys/shell/modules/kernel_service/kernel_shell.c.gcno:no functions found
[/mnt/host/source/src/platform/ec/build/zephyr/baze-lcov] stderr:
[kelpie:rw] [158/258] Linking C static library zephyr/lib/posix/c_lib_ext/liblib__posix__c_lib_ext.a
[kelpie:rw] [159/258] Building C object zephyr/subsys/crc/CMakeFiles/subsys__crc.dir/crc4_sw.c.obj
[teliks:ro] -- Generated pickled edt: /mnt/host/source/src/platform/ec/build/zephyr/teliks/build-ro/zephyr/edt.pickle
[teliks:ro] -- Generated devicetree_generated.h: /mnt/host/source/src/platform/ec/build/zephyr/teliks/build-ro/zephyr/include/generated/zephyr/devicetree_generated.h
[kelpie:rw] [160/258] Building C object zephyr/subsys/crc/CMakeFiles/subsys__crc.dir/crc8_sw.c.obj
[kelpie:rw] [161/258] Building C object zephyr/subsys/crc/CMakeFiles/subsys__crc.dir/crc16_sw.c.obj
[teliks:rw] -- Found devicetree overlay: /mnt/host/source/src/platform/ec/zephyr/program/nissa/teliks/project.overlay
[teliks:rw] -- Generated zephyr.dts: /mnt/host/source/src/platform/ec/build/zephyr/teliks/build-rw/zephyr/zephyr.dts
[teliks:rw] -- Generated pickled edt: /mnt/host/source/src/platform/ec/build/zephyr/teliks/build-rw/zephyr/edt.pickle
[kelpie:rw] [162/258] Building C object zephyr/subsys/crc/CMakeFiles/subsys__crc.dir/crc7_sw.c.obj
[kelpie:rw] [163/258] Building C object zephyr/subsys/crc/CMakeFiles/subsys__crc.dir/crc24_sw.c.obj
[kelpie:rw] [164/258] Building C object zephyr/subsys/crc/CMakeFiles/subsys__crc.dir/crc32c_sw.c.obj
[kelpie:rw] [165/258] Building C object zephyr/subsys/crc/CMakeFiles/subsys__crc.dir/crc32_sw.c.obj
[kelpie:rw] [166/258] Building C object zephyr/subsys/crc/CMakeFiles/subsys__crc.dir/crc32k_4_2_sw.c.obj
[/mnt/host/source/src/platform/ec/build/zephyr/baze-lcov]   /mnt/host/source/src/platform/ec/build/zephyr/baze/build-ro/zephyr/CMakeFiles/zephyr.dir/lib/libc/validate_libc.c.gcno:no functions found
[/mnt/host/source/src/platform/ec/build/zephyr/baze-lcov] stderr:
[kelpie:rw] [167/258] Linking C static library zephyr/subsys/crc/libsubsys__crc.a
[pujjogatwin:rw] [18/414] Building C object CMakeFiles/app.dir/mnt/host/source/src/platform/ec/zephyr/subsys/ap_pwrseq/power_host_sleep.c.obj
[kelpie:rw] [168/258] Building C object zephyr/drivers/interrupt_controller/CMakeFiles/drivers__interrupt_controller.dir/intc_ite_it8xxx2_v2.c.obj
[kelpie:rw] [169/258] Building C object zephyr/drivers/interrupt_controller/CMakeFiles/drivers__interrupt_controller.dir/wuc_ite_it8xxx2.c.obj
[kelpie:rw] [170/258] Linking C static library zephyr/drivers/interrupt_controller/libdrivers__interrupt_controller.a
[kelpie:rw] [171/258] Building C object zephyr/drivers/bbram/CMakeFiles/drivers__bbram.dir/bbram_it8xxx2.c.obj
[kelpie:rw] [172/258] Linking C static library zephyr/drivers/bbram/libdrivers__bbram.a
[kelpie:rw] [173/258] Building C object zephyr/drivers/console/CMakeFiles/drivers__console.dir/uart_console.c.obj
[kelpie:rw] [174/258] Linking C static library zephyr/drivers/console/libdrivers__console.a
[kelpie:rw] [175/258] Building C object zephyr/drivers/flash/CMakeFiles/drivers__flash.dir/flash_ite_it8xxx2.c.obj
[/mnt/host/source/src/platform/ec/build/zephyr/kaladin-lcov]   /mnt/host/source/src/platform/ec/build/zephyr/kaladin/build-ro/zephyr/kernel/CMakeFiles/kernel.dir/errno.c.gcno:no functions found
[/mnt/host/source/src/platform/ec/build/zephyr/kaladin-lcov] stderr:
[kelpie:rw] [176/258] Linking C static library zephyr/drivers/flash/libdrivers__flash.a
[kelpie:rw] [177/258] Building C object zephyr/drivers/gpio/CMakeFiles/drivers__gpio.dir/gpio_ite_it8xxx2_v2.c.obj
[kinmen:ro] Parsing /mnt/host/source/src/platform/ec/zephyr/program/fatcat/Kconfig
[teliks:rw] -- Generated devicetree_generated.h: /mnt/host/source/src/platform/ec/build/zephyr/teliks/build-rw/zephyr/include/generated/zephyr/devicetree_generated.h
[kelpie:rw] [178/258] Linking C static library zephyr/drivers/gpio/libdrivers__gpio.a
[kelpie:rw] [179/258] Building C object zephyr/drivers/i2c/CMakeFiles/drivers__i2c.dir/i2c_common.c.obj
[kelpie:rw] [180/258] Building C object zephyr/drivers/i2c/CMakeFiles/drivers__i2c.dir/i2c_bitbang.c.obj
[kelpie:rw] [181/258] Building C object zephyr/drivers/i2c/CMakeFiles/drivers__i2c.dir/i2c_shell.c.obj
[kelpie:rw] [182/258] Building C object zephyr/drivers/i2c/CMakeFiles/drivers__i2c.dir/i2c_ite_enhance.c.obj
[pujjogatwin:rw] [19/414] Building C object CMakeFiles/app.dir/mnt/host/source/src/platform/ec/zephyr/subsys/ap_pwrseq/x86_non_dsx_chipset_power_state.c.obj
[pujjogatwin:rw] [20/414] Building C object CMakeFiles/app.dir/mnt/host/source/src/platform/ec/zephyr/subsys/ap_pwrseq/x86_non_dsx_common_pwrseq_sm_handler.c.obj
[kelpie:rw] [183/258] Linking C static library zephyr/drivers/i2c/libdrivers__i2c.a
[kelpie:rw] [184/258] Building C object zephyr/drivers/pinctrl/CMakeFiles/drivers__pinctrl.dir/common.c.obj
[kelpie:rw] [185/258] Building C object zephyr/drivers/pinctrl/CMakeFiles/drivers__pinctrl.dir/pinctrl_ite_it8xxx2.c.obj
[kelpie:rw] [186/258] Linking C static library zephyr/drivers/pinctrl/libdrivers__pinctrl.a
[kelpie:rw] [187/258] Building C object zephyr/drivers/serial/CMakeFiles/drivers__serial.dir/uart_ite_it8xxx2.c.obj
[kelpie:rw] [188/258] Building C object zephyr/drivers/serial/CMakeFiles/drivers__serial.dir/uart_ns16550.c.obj
[kelpie:rw] [189/258] Linking C static library zephyr/drivers/serial/libdrivers__serial.a
[kelpie:rw] [190/258] Building C object zephyr/drivers/timer/CMakeFiles/drivers__timer.dir/sys_clock_init.c.obj
[kelpie:rw] [191/258] Building C object zephyr/drivers/timer/CMakeFiles/drivers__timer.dir/ite_it8xxx2_timer.c.obj
[kelpie:rw] [192/258] Linking C static library zephyr/drivers/timer/libdrivers__timer.a
[kelpie:rw] [193/258] Building C object zephyr/drivers/watchdog/CMakeFiles/drivers__watchdog.dir/wdt_ite_it8xxx2.c.obj
[kelpie:rw] [194/258] Building C object zephyr/drivers/watchdog/CMakeFiles/drivers__watchdog.dir/wdt_shell.c.obj
[kelpie:rw] [195/258] Linking C static library zephyr/drivers/watchdog/libdrivers__watchdog.a
[kelpie:rw] [196/258] Building C object modules/ec/zephyr/CMakeFiles/ec_shim.dir/app/ec/ec_app_main.c.obj
[pujjogatwin:rw] [21/414] Building C object CMakeFiles/app.dir/mnt/host/source/src/platform/ec/zephyr/subsys/ap_pwrseq/x86_non_dsx_common_pwrseq_host_sleep.c.obj
[kelpie:rw] [197/258] Building C object modules/ec/zephyr/CMakeFiles/ec_shim.dir/app/ec/main_shim.c.obj
[kelpie:rw] [198/258] Building C object modules/ec/zephyr/CMakeFiles/ec_shim.dir/drivers/cros_flash/cros_flash_it8xxx2.c.obj
[kelpie:rw] [199/258] Building C object modules/ec/zephyr/CMakeFiles/ec_shim.dir/drivers/cros_kb_raw/cros_kb_raw_ite.c.obj
[kelpie:rw] [200/258] Building C object modules/ec/zephyr/CMakeFiles/ec_shim.dir/drivers/cros_system/cros_system_it8xxx2.c.obj
[kelpie:rw] [201/258] Building C object modules/ec/zephyr/CMakeFiles/ec_shim.dir/drivers/one_wire_uart/one_wire_uart.c.obj
[kelpie:rw] [202/258] Building C object modules/ec/zephyr/CMakeFiles/ec_shim.dir/drivers/one_wire_uart/keyboard.c.obj
[kelpie:rw] [203/258] Building C object modules/ec/zephyr/CMakeFiles/ec_shim.dir/shim/chip/it8xxx2/clock.c.obj
[/mnt/host/source/src/platform/ec/build/zephyr/baze-lcov]   /mnt/host/source/src/platform/ec/build/zephyr/baze/build-ro/zephyr/CMakeFiles/zephyr.dir/lib/utils/last_section_id.c.gcno:no functions found
[/mnt/host/source/src/platform/ec/build/zephyr/baze-lcov] stderr:
[kelpie:rw] [204/258] Building C object modules/ec/zephyr/CMakeFiles/ec_shim.dir/shim/chip/it8xxx2/gpio.c.obj
[kelpie:rw] [205/258] Building C object modules/ec/zephyr/CMakeFiles/ec_shim.dir/shim/chip/it8xxx2/system.c.obj
[kelpie:rw] [206/258] Building C object modules/ec/zephyr/CMakeFiles/ec_shim.dir/shim/chip/it8xxx2/keyboard_raw.c.obj
[kelpie:rw] [207/258] Building C object modules/ec/zephyr/CMakeFiles/ec_shim.dir/shim/chip/it8xxx2/power_policy.c.obj
[kelpie:rw] [208/258] Building C object modules/ec/zephyr/CMakeFiles/ec_shim.dir/shim/src/console.c.obj
[teliks:ro] /mnt/host/source/src/platform/ec/build/zephyr/teliks/build-ro/zephyr/zephyr.dts:1213.27-1907.5: Warning (avoid_unnecessary_addr_size): /soc/pin-controller: unnecessary #address-cells/#size-cells without "ranges" or child "reg" property
[kelpie:rw] [209/258] Building C object modules/ec/zephyr/CMakeFiles/ec_shim.dir/shim/src/crc.c.obj
[kelpie:rw] [210/258] Building C object modules/ec/zephyr/CMakeFiles/ec_shim.dir/shim/src/gpio.c.obj
[kinmen:ro] warning: Deprecated symbol I2C_ALLOW_NO_STOP_TRANSACTIONS is enabled.
[kinmen:ro] INFOSetting TOOLCHAIN_HAS_PICOLIBC to support full build.
[kinmen:ro] INFOSetting TOOLCHAIN_HAS_NEWLIB to support full build.
[kelpie:rw] [211/258] Building C object modules/ec/zephyr/CMakeFiles/ec_shim.dir/shim/src/gpio_int.c.obj
[kinmen:rw] -- Generating done (6.4s)
[kinmen:rw] CMake Warning:
[kinmen:rw]   Manually-specified variables were not used by the project:
[kinmen:rw]     COREBOOT_SDK_ROOT_arm
[kinmen:rw]     COREBOOT_SDK_ROOT_libstdcxx_arm
[kinmen:rw]     COREBOOT_SDK_ROOT_libstdcxx_x86
[kinmen:rw]     COREBOOT_SDK_ROOT_nds32
[kinmen:rw]     COREBOOT_SDK_ROOT_picolibc_arm
[kinmen:rw]     COREBOOT_SDK_ROOT_picolibc_x86
[kinmen:rw] -- Build files have been written to: /mnt/host/source/src/platform/ec/build/zephyr/kinmen/build-rw
[kinmen:rw]     COREBOOT_SDK_ROOT_riscv
[kelpie:rw] [212/258] Building C object modules/ec/zephyr/CMakeFiles/ec_shim.dir/shim/src/panic_utils.c.obj
[kinmen:rw]     COREBOOT_SDK_ROOT_x86
[kinmen:rw]     PW_ROOT
[kelpie:rw] [213/258] Building C object modules/ec/zephyr/CMakeFiles/ec_shim.dir/shim/src/pm_state.c.obj
[kelpie:rw] [214/258] Building C object modules/ec/zephyr/CMakeFiles/ec_shim.dir/shim/src/system.c.obj
[kelpie:rw] [215/258] Building C object modules/ec/zephyr/CMakeFiles/ec_shim.dir/shim/src/flash.c.obj
[kelpie:rw] [216/258] Building C object modules/ec/zephyr/CMakeFiles/ec_shim.dir/shim/src/hooks.c.obj
[kinmen:ro] Loaded configuration '/mnt/host/source/src/platform/ec/zephyr/boards/google/it8xxx2/it8xxx2_it82002aw_defconfig'
[kinmen:ro] Merged configuration '/mnt/host/source/src/platform/ec/zephyr/program/fatcat/program.conf'
[kinmen:ro] Merged configuration '/mnt/host/source/src/platform/ec/zephyr/program/fatcat/kinmen/project.conf'
[kinmen:ro] Merged configuration '/mnt/host/source/src/platform/ec/zephyr/program/fatcat/dsp_comms.conf'
[kinmen:ro] Merged configuration '/mnt/host/source/src/platform/ec/build/zephyr/kinmen/kconfig-ro.conf'
[kinmen:ro] Configuration saved to '/mnt/host/source/src/platform/ec/build/zephyr/kinmen/build-ro/zephyr/.config'
[kinmen:ro] Kconfig header saved to '/mnt/host/source/src/platform/ec/build/zephyr/kinmen/build-ro/zephyr/include/generated/zephyr/autoconf.h'
[kinmen:ro] -- Found GnuLd: /home/jpmurphy/.cache/coreboot-sdk/riscv64-elf/96b949749225b6aaa92ed810ab769e8dfb12f000/riscv64-elf/bin/ld.bfd (found version "2.43.1")
[kelpie:rw] [217/258] Building C object modules/ec/zephyr/CMakeFiles/ec_shim.dir/shim/src/keyboard_raw.c.obj
[pujjogatwin:rw] [22/414] Building C object CMakeFiles/app.dir/mnt/host/source/src/platform/ec/zephyr/subsys/ap_pwrseq/x86_non_dsx_common_pwrseq_host_command.c.obj
[kelpie:rw] [218/258] Building C object modules/ec/zephyr/CMakeFiles/ec_shim.dir/shim/src/keyscan.c.obj
[kelpie:rw] [219/258] Building C object modules/ec/zephyr/CMakeFiles/ec_shim.dir/shim/src/panic.c.obj
[kelpie:rw] [220/258] Building C object modules/ec/zephyr/CMakeFiles/ec_shim.dir/shim/src/hwtimer.c.obj
[kelpie:rw] [221/258] Building C object modules/ec/zephyr/CMakeFiles/ec_shim.dir/shim/src/i2c.c.obj
[kelpie:rw] [222/258] Building C object modules/ec/zephyr/CMakeFiles/ec_shim.dir/shim/src/tasks.c.obj
[pujjogatwin:rw] [23/414] Building C object CMakeFiles/app.dir/mnt/host/source/src/platform/ec/zephyr/subsys/ap_pwrseq/x86_non_dsx_common_pwrseq_console.c.obj
[kelpie:rw] [223/258] Building C object modules/ec/zephyr/CMakeFiles/ec_shim.dir/shim/src/watchdog.c.obj
[kelpie:rw] [224/258] Building C object modules/ec/zephyr/CMakeFiles/ec_shim.dir/shim/src/usbc_stub.c.obj
[kelpie:rw] [225/258] Linking C static library modules/ec/zephyr/libec_shim.a
[kelpie:rw] [226/258] Building C object zephyr/kernel/CMakeFiles/kernel.dir/main_weak.c.obj
[/mnt/host/source/src/platform/ec/build/zephyr/kaladin-lcov]   /mnt/host/source/src/platform/ec/build/zephyr/kaladin/build-ro/zephyr/lib/libc/picolibc/CMakeFiles/lib__libc__picolibc.dir/errno_wrap.c.gcno:no functions found
[/mnt/host/source/src/platform/ec/build/zephyr/kaladin-lcov] stderr:
[kelpie:rw] [227/258] Building C object zephyr/kernel/CMakeFiles/kernel.dir/banner.c.obj
[kelpie:rw] [228/258] Building C object zephyr/kernel/CMakeFiles/kernel.dir/busy_wait.c.obj
[kelpie:rw] [229/258] Building C object zephyr/kernel/CMakeFiles/kernel.dir/device.c.obj
[kelpie:rw] [230/258] Building C object zephyr/kernel/CMakeFiles/kernel.dir/errno.c.obj
[kelpie:rw] [231/258] Building C object zephyr/kernel/CMakeFiles/kernel.dir/fatal.c.obj
[kinmen:ro] -- The C compiler identification is GNU 14.2.0
[kelpie:rw] [232/258] Building C object zephyr/kernel/CMakeFiles/kernel.dir/init.c.obj
[teliks:rw] /mnt/host/source/src/platform/ec/build/zephyr/teliks/build-rw/zephyr/zephyr.dts:1213.27-1907.5: Warning (avoid_unnecessary_addr_size): /soc/pin-controller: unnecessary #address-cells/#size-cells without "ranges" or child "reg" property
[kelpie:rw] [233/258] Building C object zephyr/kernel/CMakeFiles/kernel.dir/kheap.c.obj
[kelpie:rw] [234/258] Building C object zephyr/kernel/CMakeFiles/kernel.dir/mem_slab.c.obj
[kelpie:rw] [235/258] Building C object zephyr/kernel/CMakeFiles/kernel.dir/float.c.obj
[kelpie:rw] [236/258] Building C object zephyr/kernel/CMakeFiles/kernel.dir/version.c.obj
[kelpie:rw] [237/258] Building C object zephyr/kernel/CMakeFiles/kernel.dir/idle.c.obj
[kelpie:rw] [238/258] Building C object zephyr/kernel/CMakeFiles/kernel.dir/mailbox.c.obj
[kelpie:rw] [239/258] Building C object zephyr/kernel/CMakeFiles/kernel.dir/msg_q.c.obj
[kelpie:rw] [240/258] Building C object zephyr/kernel/CMakeFiles/kernel.dir/mutex.c.obj
[kelpie:rw] [241/258] Building C object zephyr/kernel/CMakeFiles/kernel.dir/sem.c.obj
[kelpie:rw] [242/258] Building C object zephyr/kernel/CMakeFiles/kernel.dir/queue.c.obj
[pujjogatwin:rw] [24/414] Building C object CMakeFiles/app.dir/mnt/host/source/src/platform/ec/zephyr/subsys/ap_pwrseq/x86_non_dsx_adlp_pwrseq_sm.c.obj
[kelpie:rw] [243/258] Building C object zephyr/kernel/CMakeFiles/kernel.dir/system_work_q.c.obj
[kelpie:rw] [244/258] Building C object zephyr/kernel/CMakeFiles/kernel.dir/stack.c.obj
[kelpie:rw] [245/258] Building C object zephyr/kernel/CMakeFiles/kernel.dir/work.c.obj
[/mnt/host/source/src/platform/ec/build/zephyr/fatcatrvp-npcx-lcov]   /mnt/host/source/src/platform/ec/build/zephyr/fatcatrvp-npcx/build-ro/zephyr/CMakeFiles/zephyr.dir/subsys/shell/modules/kernel_service/kernel_shell.c.gcno:no functions found
[/mnt/host/source/src/platform/ec/build/zephyr/fatcatrvp-npcx-lcov] stderr:
[kelpie:rw] [246/258] Building C object zephyr/kernel/CMakeFiles/kernel.dir/condvar.c.obj
[kinmen:ro] -- The CXX compiler identification is GNU 14.2.0
[kelpie:rw] [247/258] Building C object zephyr/kernel/CMakeFiles/kernel.dir/thread.c.obj
[kelpie:rw] [248/258] Building C object zephyr/kernel/CMakeFiles/kernel.dir/sched.c.obj
[kelpie:rw] [249/258] Building C object zephyr/kernel/CMakeFiles/kernel.dir/spinlock_validate.c.obj
[kelpie:rw] [250/258] Building C object zephyr/kernel/CMakeFiles/kernel.dir/pipe.c.obj
[kelpie:rw] [251/258] Building C object zephyr/kernel/CMakeFiles/kernel.dir/thread_monitor.c.obj
[kelpie:rw] [252/258] Building C object zephyr/kernel/CMakeFiles/kernel.dir/timeout.c.obj
[kelpie:rw] [253/258] Building C object zephyr/kernel/CMakeFiles/kernel.dir/timer.c.obj
[kelpie:rw] [254/258] Building C object zephyr/kernel/CMakeFiles/kernel.dir/poll.c.obj
[kinmen:ro] -- The ASM compiler identification is GNU
[kelpie:rw] [255/258] Building C object zephyr/kernel/CMakeFiles/kernel.dir/events.c.obj
[kelpie:rw] [256/258] Building C object zephyr/kernel/CMakeFiles/kernel.dir/mempool.c.obj
[kelpie:rw] [257/258] Building C object zephyr/kernel/CMakeFiles/kernel.dir/dynamic_disabled.c.obj
[kinmen:ro] CMake Warning at /mnt/host/source/src/platform/ec/zephyr/cmake/linker/ld/linker_libraries.cmake:11 (message):
[kinmen:ro]   Disabling c_library
[kinmen:ro] Call Stack (most recent call first):
[kinmen:ro]   /mnt/host/source/src/third_party/zephyr/main/cmake/target_toolchain_flags.cmake:48 (include)
[kinmen:ro]   /mnt/host/source/src/third_party/zephyr/main/cmake/modules/kernel.cmake:153 (include)
[kinmen:ro]   /mnt/host/source/src/third_party/zephyr/main/cmake/modules/zephyr_default.cmake:138 (include)
[kinmen:ro]   /mnt/host/source/src/third_party/zephyr/main/share/zephyr-package/cmake/ZephyrConfig.cmake:66 (include)
[kinmen:ro]   /mnt/host/source/src/third_party/zephyr/main/share/zephyr-package/cmake/ZephyrConfig.cmake:97 (include_boilerplate)
[kinmen:ro]   CMakeLists.txt:7 (find_package)
[kinmen:ro] INFOSetting c++_library to libstdc++ install path
[kinmen:ro] INFOSetting c_library to picolibc install path
[pujjogatwin:rw] [25/414] Building C object CMakeFiles/app.dir/mnt/host/source/src/platform/ec/zephyr/subsys/ap_pwrseq/ap_reset_log.c.obj
[kelpie:rw] [258/258] Linking C static library zephyr/kernel/libkernel.a
[craaskov:rw] Building: /usr/bin/ninja -C /mnt/host/source/src/platform/ec/build/zephyr/craaskov/build-rw all.libraries
Running `env -i SHELL=/bin/bash COLORTERM=truecolor DEPOT_TOOLS_UPDATE=0 LESS='-R -M --shift 5' SUDO_GID=0 JDK_HOME=/etc/java-config-2/current-system-vm CONFIG_PROTECT_MASK='/etc/gentoo-release /etc/sandbox.d /etc/fonts/fonts.conf /etc/terminfo /etc/ca-certificates.conf /etc/revdep-rebuild' CHROMEOS_CACHEDIR=/var/cache/chromeos-cache JAVA_HOME=/etc/java-config-2/current-system-vm SSH_AUTH_SOCK=/tmp/ssh-auth-sock SUDO_COMMAND=/bin/bash SUDO_USER=root SUDO_TTY=/dev/pts/2 EDITOR=/usr/bin/vi PWD=/mnt/host/source/src/platform/ec CONFIG_PROTECT=/usr/share/gnupg/qualified.txt LOGNAME=jpmurphy MANPATH=/etc/java-config-2/current-system-vm/man:/usr/local/share/man:/usr/share/man:/usr/share/gcc-data/x86_64-pc-linux-gnu/10.2.0/man:/usr/share/binutils-data/x86_64-pc-linux-gnu/2.45/man:/etc/java-config-2/current-system-vm/man/ SUDO_HOME=/root XAUTHORITY=/run/user/944457/gdm/Xauthority HOME=/home/jpmurphy LANG=C.UTF-8 LS_COLORS='rs=0:di=01;34:ln=01;36:mh=00:pi=40;33:so=01;35:do=01;35:bd=40;33;01:cd=40;33;01:or=01;05;37;41:mi=01;05;37;41:su=37;41:sg=30;43:ca=30;41:tw=30;42:ow=34;42:st=37;44:ex=01;32:*.tar=01;31:*.tgz=01;31:*.arc=01;31:*.arj=01;31:*.taz=01;31:*.lha=01;31:*.lz4=01;31:*.lzh=01;31:*.lzma=01;31:*.tlz=01;31:*.txz=01;31:*.tzo=01;31:*.t7z=01;31:*.zip=01;31:*.z=01;31:*.dz=01;31:*.gz=01;31:*.lrz=01;31:*.lz=01;31:*.lzo=01;31:*.xz=01;31:*.zst=01;31:*.tzst=01;31:*.bz2=01;31:*.bz=01;31:*.tbz=01;31:*.tbz2=01;31:*.tz=01;31:*.deb=01;31:*.rpm=01;31:*.jar=01;31:*.war=01;31:*.ear=01;31:*.sar=01;31:*.rar=01;31:*.alz=01;31:*.ace=01;31:*.zoo=01;31:*.cpio=01;31:*.7z=01;31:*.rz=01;31:*.cab=01;31:*.wim=01;31:*.swm=01;31:*.dwm=01;31:*.esd=01;31:*.jpg=01;35:*.jpeg=01;35:*.mjpg=01;35:*.mjpeg=01;35:*.gif=01;35:*.bmp=01;35:*.pbm=01;35:*.pgm=01;35:*.ppm=01;35:*.tga=01;35:*.xbm=01;35:*.xpm=01;35:*.tif=01;35:*.tiff=01;35:*.png=01;35:*.svg=01;35:*.svgz=01;35:*.mng=01;35:*.pcx=01;35:*.mov=01;35:*.mpg=01;35:*.mpeg=01;35:*.m2v=01;35:*.mkv=01;35:*.webm=01;35:*.webp=01;35:*.ogm=01;35:*.mp4=01;35:*.m4v=01;35:*.mp4v=01;35:*.vob=01;35:*.qt=01;35:*.nuv=01;35:*.wmv=01;35:*.asf=01;35:*.rm=01;35:*.rmvb=01;35:*.flc=01;35:*.avi=01;35:*.fli=01;35:*.flv=01;35:*.gl=01;35:*.dl=01;35:*.xcf=01;35:*.xwd=01;35:*.yuv=01;35:*.cgm=01;35:*.emf=01;35:*.ogv=01;35:*.ogx=01;35:*.cfg=00;32:*.conf=00;32:*.diff=00;32:*.doc=00;32:*.ini=00;32:*.log=00;32:*.patch=00;32:*.pdf=00;32:*.ps=00;32:*.tex=00;32:*.txt=00;32:*.aac=00;36:*.au=00;36:*.flac=00;36:*.m4a=00;36:*.mid=00;36:*.midi=00;36:*.mka=00;36:*.mp3=00;36:*.mpc=00;36:*.ogg=00;36:*.ra=00;36:*.wav=00;36:*.oga=00;36:*.opus=00;36:*.spx=00;36:*.xspf=00;36:' XDG_CURRENT_DESKTOP=GNOME INFOPATH=/usr/share/info:/usr/share/gcc-data/x86_64-pc-linux-gnu/10.2.0/info:/usr/share/binutils-data/x86_64-pc-linux-gnu/2.45/info:/usr/share/automake-1.16.5/info JAVAC=/etc/java-config-2/current-system-vm/bin/javac TERM=xterm-256color LESSOPEN='|lesspipe %s' USER=jpmurphy CROS_WORKON_SRCROOT=/mnt/host/source MANPAGER=manpager DISPLAY=:1 SHLVL=1 LC_MESSAGES=C EXTERNAL_TRUNK_PATH=/mnt/8f9d649a-3721-44cc-93c0-e6bd21a9689f/chromiumos GCC_SPECS='' PATH=/mnt/host/source/chromite/bin:/usr/local/bin:/usr/bin:/bin:/opt/bin:/mnt/host/source/chromite/sdk/bin:/mnt/host/source/chromite/bin PORTAGE_USERNAME=jpmurphy SUDO_UID=0 GCC_VER=10.2.0 MAIL=/var/mail/jpmurphy OLDPWD=/mnt/host/source/src/scripts traceparent=00-e87aca51550a78635907baa6a2476181-6d684811675d2973-01 _=./zephyr/firmware_builder.py COREBOOT_SDK_ROOT_x86=/home/jpmurphy/.cache/coreboot-sdk/i386-elf/dfbb0486385d938cfa9d73080b9d18d598ed4f49 COREBOOT_SDK_ROOT_picolibc_x86=/home/jpmurphy/.cache/coreboot-sdk/picolibc-i386-elf/eb8e8e687b95461de8cbf278f1c2076952d0ad17 COREBOOT_SDK_ROOT_riscv64=/home/jpmurphy/.cache/coreboot-sdk/riscv64-elf/96b949749225b6aaa92ed810ab769e8dfb12f000 COREBOOT_SDK_ROOT_picolibc_arm=/home/jpmurphy/.cache/coreboot-sdk/picolibc-arm-eabi/422a2aa3e1ef891b5bece9a3deb696ff83840d2e COREBOOT_SDK_ROOT_nds32=/home/jpmurphy/.cache/coreboot-sdk/nds32le-elf/d1a518c4a097666d86058e1444f85ca015d15511 COREBOOT_SDK_ROOT_picolibc_riscv64=/home/jpmurphy/.cache/coreboot-sdk/picolibc-riscv64-elf/f571e990ef0278564b31124f8bb109d9a697eb69 COREBOOT_SDK_ROOT_arm=/home/jpmurphy/.cache/coreboot-sdk/arm-eabi/ea40ddd1d190c3b48435c474c0b545719371813a COREBOOT_SDK_ROOT_libstdcxx_riscv64=/home/jpmurphy/.cache/coreboot-sdk/libstdcxx-riscv64-elf/17abf22a3a252e2d5d2062ced5324f7a623689e0 COREBOOT_SDK_ROOT_libstdcxx_arm=/home/jpmurphy/.cache/coreboot-sdk/libstdcxx-arm-eabi/5d7d82e150e44aa1968f1d366e267e6687b328ac COREBOOT_SDK_ROOT_riscv=/home/jpmurphy/.cache/coreboot-sdk/riscv-elf/9a27b9e82341c6e9126624f516ab3f261abb3e73 COREBOOT_SDK_ROOT_libstdcxx_x86=/home/jpmurphy/.cache/coreboot-sdk/libstdcxx-i386-elf/42ef9d2e87a76a37963175d7d428734e65648b87 PYTHONPATH=/mnt/host/source/src/platform/ec/zephyr/zmake PW_PIGWEED_CIPD_INSTALL_DIR=/usr CROSTC_USER_ACKNOWLEDGES_THAT_RISCV_IS_EXPERIMENTAL=1 MAKEFLAGS=' -j16 --jobserver-auth=5,6' /usr/bin/ninja -C /mnt/host/source/src/platform/ec/build/zephyr/craaskov/build-rw all.libraries`
[craaskov:rw] ninja: Entering directory `/mnt/host/source/src/platform/ec/build/zephyr/craaskov/build-rw'
[/mnt/host/source/src/platform/ec/build/zephyr/fatcatrvp-npcx-lcov]   /mnt/host/source/src/platform/ec/build/zephyr/fatcatrvp-npcx/build-ro/zephyr/CMakeFiles/zephyr.dir/lib/libc/validate_libc.c.gcno:no functions found
[/mnt/host/source/src/platform/ec/build/zephyr/fatcatrvp-npcx-lcov] stderr:
[pujjocento:ro] warning: Deprecated symbol I2C_ALLOW_NO_STOP_TRANSACTIONS is enabled.
[pujjogatwin:rw] [26/414] Building C object CMakeFiles/app.dir/mnt/host/source/src/platform/ec/build/zephyr/pujjogatwin/modules/ec/builtin/stdlib.c.obj
[/mnt/host/source/src/platform/ec/build/zephyr/roach-lcov]   /mnt/host/source/src/platform/ec/build/zephyr/roach/build-ro/zephyr/CMakeFiles/zephyr.dir/soc/ite/ec/it8xxx2/check_regs.c.gcno:no functions found
[/mnt/host/source/src/platform/ec/build/zephyr/roach-lcov] stderr:
[pujjocento:rw] Parsing /mnt/host/source/src/platform/ec/zephyr/program/trulo/Kconfig
[pujjogatwin:rw] [27/414] Building C object CMakeFiles/app.dir/mnt/host/source/src/platform/ec/build/zephyr/pujjogatwin/modules/ec/common/base32.c.obj
[kinmen:ro] -- Found assembler: /home/jpmurphy/.cache/coreboot-sdk/riscv64-elf/96b949749225b6aaa92ed810ab769e8dfb12f000/bin/riscv64-elf-gcc
[kinmen:ro] -- Performing EC specific devicetree checks
[pujjocento:ro] Parsing /mnt/host/source/src/platform/ec/zephyr/program/trulo/Kconfig
[craaskov:rw] [1/409] Generating include/generated/zephyr/version.h
[craaskov:rw] -- git describe warned: warning: tag 'upstream/v2.7.99' is externally known as 'v2.7.99'
[craaskov:rw] -- Zephyr version: 4.3.99 (/mnt/host/source/src/third_party/zephyr/main)
[craaskov:rw] [2/409] Preparing syscall dependency handling
[kinmen:ro] INFO: Verified 42 GPIOs, no duplicates found
[kinmen:ro] INFO: Verified 31 '*-gpios' properties, all flags match.
[kinmen:ro] INFO: Skipped 13 named-gpios children.
[craaskov:rw] [3/409] Generating misc/generated/syscalls_subdirs.trigger
[pujjogatwin:rw] [28/414] Building C object CMakeFiles/app.dir/mnt/host/source/src/platform/ec/build/zephyr/pujjogatwin/modules/ec/common/console_output.c.obj
[pujjogatwin:rw] [29/414] Building C object CMakeFiles/app.dir/mnt/host/source/src/platform/ec/build/zephyr/pujjogatwin/modules/ec/common/ec_features.c.obj
[kinmen:ro] -- Generating component manifest file
[/mnt/host/source/src/platform/ec/build/zephyr/kaladin-lcov]   /mnt/host/source/src/platform/ec/build/zephyr/kaladin/build-ro/zephyr/drivers/sensor/CMakeFiles/drivers__sensor.dir/mnt/host/source/src/third_party/zephyr/main/misc/empty_file.c.gcno:no functions found
[/mnt/host/source/src/platform/ec/build/zephyr/kaladin-lcov] stderr:
[kinmen:ro] INFO: Running CME, outputting to /mnt/host/source/src/platform/ec/build/zephyr/kinmen/build-ro/zephyr/component_manifest.json
[kinmen:ro] INFO: Project kinmen does not support SSFC
[kinmen:ro] INFO: No motionsense-sensor node found
[pujjogatwin:rw] [30/414] Building C object CMakeFiles/app.dir/mnt/host/source/src/platform/ec/build/zephyr/pujjogatwin/modules/ec/common/gpio_commands.c.obj
[kinmen:ro] -- warning_base_override: -Wall;-Wformat;-Wformat-security;-Wformat;-Wno-format-zero-length;-Wno-pointer-sign;-Wpointer-arith;-Wexpansion-to-defined
[/mnt/host/source/src/platform/ec/build/zephyr/fatcatrvp-npcx-lcov]   /mnt/host/source/src/platform/ec/build/zephyr/fatcatrvp-npcx/build-ro/zephyr/CMakeFiles/zephyr.dir/lib/utils/last_section_id.c.gcno:no functions found
[/mnt/host/source/src/platform/ec/build/zephyr/fatcatrvp-npcx-lcov] stderr:
[kinmen:ro] The PW_ROOT environment variable is not set; using /mnt/host/source/src/platform/ec/build/zephyr/kinmen/modules/pigweed within CMake
[pujjocento:rw] warning: Deprecated symbol I2C_ALLOW_NO_STOP_TRANSACTIONS is enabled.
[pujjocento:rw] INFOSetting TOOLCHAIN_HAS_PICOLIBC to support full build.
[pujjocento:rw] INFOSetting TOOLCHAIN_HAS_NEWLIB to support full build.
[pujjocento:rw] Loaded configuration '/mnt/host/source/src/platform/ec/zephyr/boards/google/npcx9/npcx9_npcx9m7fb_defconfig'
[pujjocento:rw] Merged configuration '/mnt/host/source/src/platform/ec/zephyr/program/trulo/program.conf'
[pujjocento:rw] Merged configuration '/mnt/host/source/src/platform/ec/zephyr/program/trulo/pujjocento/project.conf'
[pujjocento:rw] Merged configuration '/mnt/host/source/src/platform/ec/zephyr/program/trulo/dsp_comms.conf'
[pujjocento:rw] Merged configuration '/mnt/host/source/src/platform/ec/build/zephyr/pujjocento/kconfig-rw.conf'
[pujjocento:rw] Configuration saved to '/mnt/host/source/src/platform/ec/build/zephyr/pujjocento/build-rw/zephyr/.config'
[pujjocento:rw] Kconfig header saved to '/mnt/host/source/src/platform/ec/build/zephyr/pujjocento/build-rw/zephyr/include/generated/zephyr/autoconf.h'
[pujjocento:rw] -- Found GnuLd: /home/jpmurphy/.cache/coreboot-sdk/arm-eabi/ea40ddd1d190c3b48435c474c0b545719371813a/arm-eabi/bin/ld.bfd (found version "2.43.1")
[pujjogatwin:rw] [31/414] Building C object CMakeFiles/app.dir/mnt/host/source/src/platform/ec/build/zephyr/pujjogatwin/modules/ec/common/peripheral.c.obj
[pujjocento:ro] INFOSetting TOOLCHAIN_HAS_PICOLIBC to support full build.
[pujjocento:ro] Loaded configuration '/mnt/host/source/src/platform/ec/zephyr/boards/google/npcx9/npcx9_npcx9m7fb_defconfig'
[pujjocento:ro] Merged configuration '/mnt/host/source/src/platform/ec/zephyr/program/trulo/program.conf'
[pujjocento:ro] Merged configuration '/mnt/host/source/src/platform/ec/zephyr/program/trulo/pujjocento/project.conf'
[pujjocento:ro] Merged configuration '/mnt/host/source/src/platform/ec/zephyr/program/trulo/dsp_comms.conf'
[pujjocento:ro] Merged configuration '/mnt/host/source/src/platform/ec/build/zephyr/pujjocento/kconfig-ro.conf'
[pujjocento:ro] Configuration saved to '/mnt/host/source/src/platform/ec/build/zephyr/pujjocento/build-ro/zephyr/.config'
[pujjocento:ro] Kconfig header saved to '/mnt/host/source/src/platform/ec/build/zephyr/pujjocento/build-ro/zephyr/include/generated/zephyr/autoconf.h'
[pujjocento:ro] -- Found GnuLd: /home/jpmurphy/.cache/coreboot-sdk/arm-eabi/ea40ddd1d190c3b48435c474c0b545719371813a/arm-eabi/bin/ld.bfd (found version "2.43.1")
[craaskov:rw] [4/409] Generating misc/generated/syscalls.json, misc/generated/struct_tags.json
[pujjocento:rw] -- The C compiler identification is GNU 14.2.0
[pujjogatwin:rw] [32/414] Building C object CMakeFiles/app.dir/mnt/host/source/src/platform/ec/build/zephyr/pujjogatwin/modules/ec/common/printf.c.obj
[teliks:ro] warning: PLATFORM_EC_I2C_VIRTUAL_BATTERY_ADDR (defined at
[teliks:ro] /mnt/host/source/src/platform/ec/zephyr/Kconfig.battery:130) was assigned the value '0x0f' but got
[teliks:ro] the value ''. Check these unsatisfied dependencies: PLATFORM_EC_I2C_VIRTUAL_BATTERY (=n). See
[teliks:ro] http://docs.zephyrproject.org/latest/kconfig.html#CONFIG_PLATFORM_EC_I2C_VIRTUAL_BATTERY_ADDR and/or
[teliks:ro] look up PLATFORM_EC_I2C_VIRTUAL_BATTERY_ADDR in the menuconfig/guiconfig interface. The Application
[teliks:ro] Development Primer, Setting Configuration Values, and Kconfig - Tips and Best Practices sections of
[teliks:ro] the manual might be helpful too.
[teliks:ro] warning: PLATFORM_EC_SMART_BATTERY_OPTIONAL_MFG_FUNC (defined at
[teliks:ro] /mnt/host/source/src/platform/ec/zephyr/Kconfig.battery:341) was assigned the value 'y' but got the
[teliks:ro] value 'n'. Check these unsatisfied dependencies: PLATFORM_EC_I2C_VIRTUAL_BATTERY (=n). See
[teliks:ro] http://docs.zephyrproject.org/latest/kconfig.html#CONFIG_PLATFORM_EC_SMART_BATTERY_OPTIONAL_MFG_FUNC
[teliks:ro] and/or look up PLATFORM_EC_SMART_BATTERY_OPTIONAL_MFG_FUNC in the menuconfig/guiconfig interface.
[teliks:ro] The Application Development Primer, Setting Configuration Values, and Kconfig - Tips and Best
[teliks:ro] Practices sections of the manual might be helpful too.
[teliks:ro] warning: PLATFORM_EC_OCPC_DEF_RBATT_MOHMS (defined at
[teliks:ro] /mnt/host/source/src/platform/ec/zephyr/Kconfig.charger:279) was assigned the value '21' but got the
[teliks:ro] value ''. Check these unsatisfied dependencies: PLATFORM_EC_OCPC (=n). See
[teliks:ro] http://docs.zephyrproject.org/latest/kconfig.html#CONFIG_PLATFORM_EC_OCPC_DEF_RBATT_MOHMS and/or
[teliks:ro] look up PLATFORM_EC_OCPC_DEF_RBATT_MOHMS in the menuconfig/guiconfig interface. The Application
[teliks:ro] Development Primer, Setting Configuration Values, and Kconfig - Tips and Best Practices sections of
[teliks:ro] the manual might be helpful too.
[teliks:ro] warning: PLATFORM_EC_OCPC_DEF_DRIVELIMIT_MILLIVOLTS (defined at
[teliks:ro] /mnt/host/source/src/platform/ec/zephyr/Kconfig.charger:288) was assigned the value '200' but got
[teliks:ro] the value ''. Check these unsatisfied dependencies: PLATFORM_EC_OCPC (=n). See
[teliks:ro] http://docs.zephyrproject.org/latest/kconfig.html#CONFIG_PLATFORM_EC_OCPC_DEF_DRIVELIMIT_MILLIVOLTS
[teliks:ro] and/or look up PLATFORM_EC_OCPC_DEF_DRIVELIMIT_MILLIVOLTS in the menuconfig/guiconfig interface. The
[teliks:ro] Application Development Primer, Setting Configuration Values, and Kconfig - Tips and Best Practices
[teliks:ro] sections of the manual might be helpful too.
[craaskov:rw] [5/409] Generating include/generated/zephyr/syscall_dispatch.c, include/generated/zephyr/syscall_exports_llext.c, syscall_weakdefs_llext.c, include/generated/zephyr/syscall_list.h
[teliks:ro] warning: TASK_HOSTCMD_STACK_SIZE (defined at
[teliks:ro] /mnt/host/source/src/platform/ec/zephyr/Kconfig.stacks:52,
[teliks:ro] /mnt/host/source/src/platform/ec/zephyr/Kconfig.tasks:123) was assigned the value '1280' but got the
[teliks:ro] value '1152'. See http://docs.zephyrproject.org/latest/kconfig.html#CONFIG_TASK_HOSTCMD_STACK_SIZE
[teliks:ro] and/or look up TASK_HOSTCMD_STACK_SIZE in the menuconfig/guiconfig interface. The Application
[teliks:ro] Development Primer, Setting Configuration Values, and Kconfig - Tips and Best Practices sections of
[teliks:ro] the manual might be helpful too.
[pujjogatwin:rw] [33/414] Building C object CMakeFiles/app.dir/mnt/host/source/src/platform/ec/build/zephyr/pujjogatwin/modules/ec/common/queue.c.obj
[pujjocento:ro] -- The C compiler identification is GNU 14.2.0
[pujjocento:rw] -- The CXX compiler identification is GNU 14.2.0
[pujjocento:rw] -- The ASM compiler identification is GNU
[craaskov:rw] [6/409] Generating include/generated/zephyr/driver-validation.h
[pujjocento:rw] CMake Warning at /mnt/host/source/src/platform/ec/zephyr/cmake/linker/ld/linker_libraries.cmake:11 (message):
[pujjocento:rw]   Disabling c_library
[pujjocento:rw] Call Stack (most recent call first):
[pujjocento:rw]   /mnt/host/source/src/third_party/zephyr/main/cmake/target_toolchain_flags.cmake:48 (include)
[pujjocento:rw]   /mnt/host/source/src/third_party/zephyr/main/cmake/modules/kernel.cmake:153 (include)
[pujjocento:rw]   /mnt/host/source/src/third_party/zephyr/main/cmake/modules/zephyr_default.cmake:138 (include)
[pujjocento:rw]   /mnt/host/source/src/third_party/zephyr/main/share/zephyr-package/cmake/ZephyrConfig.cmake:66 (include)
[pujjocento:rw]   /mnt/host/source/src/third_party/zephyr/main/share/zephyr-package/cmake/ZephyrConfig.cmake:97 (include_boilerplate)
[pujjocento:rw]   CMakeLists.txt:6 (find_package)
[pujjocento:rw] INFOSetting c++_library to libstdc++ install path
[pujjocento:rw] INFOSetting c_library to picolibc install path
[pujjocento:ro] -- The CXX compiler identification is GNU 14.2.0
[pujjocento:ro] -- The ASM compiler identification is GNU
[pujjocento:ro] -- Found assembler: /home/jpmurphy/.cache/coreboot-sdk/arm-eabi/ea40ddd1d190c3b48435c474c0b545719371813a/bin/arm-eabi-gcc
[pujjocento:ro] INFOSetting TOOLCHAIN_HAS_NEWLIB to support full build.
[pujjocento:ro] CMake Warning at /mnt/host/source/src/platform/ec/zephyr/cmake/linker/ld/linker_libraries.cmake:11 (message):
[pujjocento:ro]   Disabling c_library
[pujjocento:ro] Call Stack (most recent call first):
[pujjocento:ro]   /mnt/host/source/src/third_party/zephyr/main/cmake/target_toolchain_flags.cmake:48 (include)
[pujjocento:ro]   /mnt/host/source/src/third_party/zephyr/main/cmake/modules/kernel.cmake:153 (include)
[pujjocento:ro]   /mnt/host/source/src/third_party/zephyr/main/cmake/modules/zephyr_default.cmake:138 (include)
[pujjocento:ro]   /mnt/host/source/src/third_party/zephyr/main/share/zephyr-package/cmake/ZephyrConfig.cmake:66 (include)
[pujjocento:ro]   /mnt/host/source/src/third_party/zephyr/main/share/zephyr-package/cmake/ZephyrConfig.cmake:97 (include_boilerplate)
[pujjocento:ro]   CMakeLists.txt:6 (find_package)
[pujjocento:ro] INFOSetting c++_library to libstdc++ install path
[pujjocento:ro] INFOSetting c_library to picolibc install path
[craaskov:rw] [7/409] Generating include/generated/zephyr/kobj-types-enum.h, include/generated/zephyr/otype-to-str.h, include/generated/zephyr/otype-to-size.h
[craaskov:rw] [8/409] Generating include/generated/device-api-sections.ld, include/generated/device-api-sections.cmake
[pujjogatwin:rw] [34/414] Building C object CMakeFiles/app.dir/mnt/host/source/src/platform/ec/build/zephyr/pujjogatwin/modules/ec/common/system.c.obj
[pujjogatwin:rw] [35/414] Building C object CMakeFiles/app.dir/mnt/host/source/src/platform/ec/build/zephyr/pujjogatwin/modules/ec/common/system_boot_time.c.obj
[teliks:ro] Parsing /mnt/host/source/src/platform/ec/zephyr/program/nissa/Kconfig
[teliks:rw] warning: PLATFORM_EC_I2C_VIRTUAL_BATTERY_ADDR (defined at
[teliks:rw] /mnt/host/source/src/platform/ec/zephyr/Kconfig.battery:130) was assigned the value '0x0f' but got
[teliks:rw] the value ''. Check these unsatisfied dependencies: PLATFORM_EC_I2C_VIRTUAL_BATTERY (=n). See
[teliks:rw] http://docs.zephyrproject.org/latest/kconfig.html#CONFIG_PLATFORM_EC_I2C_VIRTUAL_BATTERY_ADDR and/or
[teliks:rw] look up PLATFORM_EC_I2C_VIRTUAL_BATTERY_ADDR in the menuconfig/guiconfig interface. The Application
[teliks:rw] Development Primer, Setting Configuration Values, and Kconfig - Tips and Best Practices sections of
[teliks:rw] the manual might be helpful too.
[teliks:rw] warning: PLATFORM_EC_SMART_BATTERY_OPTIONAL_MFG_FUNC (defined at
[teliks:rw] /mnt/host/source/src/platform/ec/zephyr/Kconfig.battery:341) was assigned the value 'y' but got the
[teliks:rw] value 'n'. Check these unsatisfied dependencies: PLATFORM_EC_I2C_VIRTUAL_BATTERY (=n). See
[teliks:rw] http://docs.zephyrproject.org/latest/kconfig.html#CONFIG_PLATFORM_EC_SMART_BATTERY_OPTIONAL_MFG_FUNC
[teliks:rw] and/or look up PLATFORM_EC_SMART_BATTERY_OPTIONAL_MFG_FUNC in the menuconfig/guiconfig interface.
[teliks:rw] The Application Development Primer, Setting Configuration Values, and Kconfig - Tips and Best
[teliks:rw] Practices sections of the manual might be helpful too.
[teliks:rw] warning: PLATFORM_EC_OCPC_DEF_RBATT_MOHMS (defined at
[teliks:rw] /mnt/host/source/src/platform/ec/zephyr/Kconfig.charger:279) was assigned the value '21' but got the
[teliks:rw] value ''. Check these unsatisfied dependencies: PLATFORM_EC_OCPC (=n). See
[teliks:rw] http://docs.zephyrproject.org/latest/kconfig.html#CONFIG_PLATFORM_EC_OCPC_DEF_RBATT_MOHMS and/or
[teliks:rw] look up PLATFORM_EC_OCPC_DEF_RBATT_MOHMS in the menuconfig/guiconfig interface. The Application
[teliks:rw] Development Primer, Setting Configuration Values, and Kconfig - Tips and Best Practices sections of
[teliks:rw] the manual might be helpful too.
[teliks:rw] warning: PLATFORM_EC_OCPC_DEF_DRIVELIMIT_MILLIVOLTS (defined at
[teliks:rw] /mnt/host/source/src/platform/ec/zephyr/Kconfig.charger:288) was assigned the value '200' but got
[teliks:rw] the value ''. Check these unsatisfied dependencies: PLATFORM_EC_OCPC (=n). See
[teliks:rw] http://docs.zephyrproject.org/latest/kconfig.html#CONFIG_PLATFORM_EC_OCPC_DEF_DRIVELIMIT_MILLIVOLTS
[teliks:rw] and/or look up PLATFORM_EC_OCPC_DEF_DRIVELIMIT_MILLIVOLTS in the menuconfig/guiconfig interface. The
[teliks:rw] Application Development Primer, Setting Configuration Values, and Kconfig - Tips and Best Practices
[teliks:rw] sections of the manual might be helpful too.
[teliks:rw] warning: TASK_HOSTCMD_STACK_SIZE (defined at
[teliks:rw] /mnt/host/source/src/platform/ec/zephyr/Kconfig.stacks:52,
[teliks:rw] /mnt/host/source/src/platform/ec/zephyr/Kconfig.tasks:123) was assigned the value '1280' but got the
[teliks:rw] value '1152'. See http://docs.zephyrproject.org/latest/kconfig.html#CONFIG_TASK_HOSTCMD_STACK_SIZE
[teliks:rw] and/or look up TASK_HOSTCMD_STACK_SIZE in the menuconfig/guiconfig interface. The Application
[teliks:rw] Development Primer, Setting Configuration Values, and Kconfig - Tips and Best Practices sections of
[teliks:rw] the manual might be helpful too.
[pujjogatwin:rw] [36/414] Building C object CMakeFiles/app.dir/mnt/host/source/src/platform/ec/build/zephyr/pujjogatwin/modules/ec/common/uart_printf.c.obj
[pujjocento:rw] -- Found assembler: /home/jpmurphy/.cache/coreboot-sdk/arm-eabi/ea40ddd1d190c3b48435c474c0b545719371813a/bin/arm-eabi-gcc
[pujjocento:rw] -- Using ccache: /usr/bin/ccache
[pujjogatwin:rw] [37/414] Building C object CMakeFiles/app.dir/mnt/host/source/src/platform/ec/build/zephyr/pujjogatwin/modules/ec/common/util.c.obj
[pujjocento:rw] -- Performing EC specific devicetree checks
[pujjocento:rw] INFO: Verified 47 GPIOs, no duplicates found
[pujjocento:rw] INFO: Verified 31 '*-gpios' properties, all flags match.
[craaskov:rw] [9/409] Building C object zephyr/CMakeFiles/offsets.dir/arch/arm/core/offsets/offsets.c.obj
[pujjocento:ro] -- Using ccache: /usr/bin/ccache
[teliks:rw] Parsing /mnt/host/source/src/platform/ec/zephyr/program/nissa/Kconfig
[pujjocento:ro] -- Performing EC specific devicetree checks
[craaskov:rw] [10/409] Generating include/generated/zephyr/offsets.h
[pujjogatwin:rw] [38/414] Building C object CMakeFiles/app.dir/mnt/host/source/src/platform/ec/build/zephyr/pujjogatwin/modules/ec/common/power_button_x86.c.obj
[pujjocento:ro] INFO: Verified 47 GPIOs, no duplicates found
[pujjogatwin:rw] [39/414] Building C object CMakeFiles/app.dir/mnt/host/source/src/platform/ec/build/zephyr/pujjogatwin/modules/ec/common/version.c.obj
[pujjocento:rw] -- Generating component manifest file
[teliks:ro] Loaded configuration '/mnt/host/source/src/platform/ec/zephyr/boards/google/it8xxx2/it8xxx2_it81302bx_defconfig'
[teliks:ro] Merged configuration '/mnt/host/source/src/platform/ec/zephyr/program/nissa/program.conf'
[teliks:ro] Merged configuration '/mnt/host/source/src/platform/ec/zephyr/program/nissa/it8xxx2_program.conf'
[teliks:ro] Merged configuration '/mnt/host/source/src/platform/ec/zephyr/program/nissa/teliks/project.conf'
[teliks:ro] Merged configuration '/mnt/host/source/src/platform/ec/build/zephyr/teliks/kconfig-ro.conf'
[teliks:ro] Configuration saved to '/mnt/host/source/src/platform/ec/build/zephyr/teliks/build-ro/zephyr/.config'
[teliks:ro] Kconfig header saved to '/mnt/host/source/src/platform/ec/build/zephyr/teliks/build-ro/zephyr/include/generated/zephyr/autoconf.h'
[teliks:ro] -- Found GnuLd: /home/jpmurphy/.cache/coreboot-sdk/riscv64-elf/96b949749225b6aaa92ed810ab769e8dfb12f000/riscv64-elf/bin/ld.bfd (found version "2.43.1")
[pujjocento:ro] -- Generating component manifest file
[pujjocento:rw] INFO: Skipped 18 named-gpios children.
[pujjocento:rw] INFO: Running CME, outputting to /mnt/host/source/src/platform/ec/build/zephyr/pujjocento/build-rw/zephyr/component_manifest.json
[pujjocento:rw] INFO: Project pujjocento does not support SSFC
[pujjocento:rw] INFO: No motionsense-sensor node found
[pujjogatwin:rw] [40/414] Building C object CMakeFiles/app.dir/mnt/host/source/src/platform/ec/build/zephyr/pujjogatwin/modules/ec/driver/accel_lis2dw12.c.obj
[teliks:ro] -- The C compiler identification is GNU 14.2.0
[pujjogatwin:rw] [41/414] Building C object CMakeFiles/app.dir/mnt/host/source/src/platform/ec/build/zephyr/pujjogatwin/modules/ec/driver/accelgyro_lsm6dsm.c.obj
[pujjocento:ro] INFO: Verified 31 '*-gpios' properties, all flags match.
[pujjocento:ro] INFO: Skipped 18 named-gpios children.
[pujjocento:ro] INFO: Running CME, outputting to /mnt/host/source/src/platform/ec/build/zephyr/pujjocento/build-ro/zephyr/component_manifest.json
[pujjocento:ro] INFO: Project pujjocento does not support SSFC
[pujjocento:ro] INFO: No motionsense-sensor node found
[craaskov:rw] [11/409] Building C object zephyr/CMakeFiles/zephyr.dir/lib/libc/validate_libc.c.obj
[teliks:ro] -- The CXX compiler identification is GNU 14.2.0
[teliks:rw] Loaded configuration '/mnt/host/source/src/platform/ec/zephyr/boards/google/it8xxx2/it8xxx2_it81302bx_defconfig'
[teliks:rw] Merged configuration '/mnt/host/source/src/platform/ec/zephyr/program/nissa/program.conf'
[teliks:rw] Merged configuration '/mnt/host/source/src/platform/ec/zephyr/program/nissa/it8xxx2_program.conf'
[teliks:rw] Merged configuration '/mnt/host/source/src/platform/ec/zephyr/program/nissa/teliks/project.conf'
[teliks:rw] Merged configuration '/mnt/host/source/src/platform/ec/build/zephyr/teliks/kconfig-rw.conf'
[teliks:rw] Configuration saved to '/mnt/host/source/src/platform/ec/build/zephyr/teliks/build-rw/zephyr/.config'
[teliks:rw] Kconfig header saved to '/mnt/host/source/src/platform/ec/build/zephyr/teliks/build-rw/zephyr/include/generated/zephyr/autoconf.h'
[teliks:rw] -- Found GnuLd: /home/jpmurphy/.cache/coreboot-sdk/riscv64-elf/96b949749225b6aaa92ed810ab769e8dfb12f000/riscv64-elf/bin/ld.bfd (found version "2.43.1")
[teliks:ro] -- The ASM compiler identification is GNU
[pujjocento:rw] -- warning_base_override: -Wall;-Wformat;-Wformat-security;-Wformat;-Wno-format-zero-length;-Wno-pointer-sign;-Wpointer-arith;-Wexpansion-to-defined
[pujjocento:rw] The PW_ROOT environment variable is not set; using /mnt/host/source/src/platform/ec/build/zephyr/pujjocento/modules/pigweed within CMake
[teliks:ro] warning: Deprecated symbol I2C_ALLOW_NO_STOP_TRANSACTIONS is enabled.
[teliks:ro] CMake Warning at /mnt/host/source/src/platform/ec/zephyr/cmake/linker/ld/linker_libraries.cmake:11 (message):
[teliks:ro]   Disabling c_library
[teliks:ro] Call Stack (most recent call first):
[teliks:ro]   /mnt/host/source/src/third_party/zephyr/main/cmake/target_toolchain_flags.cmake:48 (include)
[teliks:ro]   /mnt/host/source/src/third_party/zephyr/main/cmake/modules/kernel.cmake:153 (include)
[teliks:ro]   /mnt/host/source/src/third_party/zephyr/main/cmake/modules/zephyr_default.cmake:138 (include)
[teliks:ro]   /mnt/host/source/src/third_party/zephyr/main/share/zephyr-package/cmake/ZephyrConfig.cmake:66 (include)
[teliks:ro]   /mnt/host/source/src/third_party/zephyr/main/share/zephyr-package/cmake/ZephyrConfig.cmake:97 (include_boilerplate)
[teliks:ro]   CMakeLists.txt:7 (find_package)
[pujjogatwin:rw] [42/414] Building C object CMakeFiles/app.dir/mnt/host/source/src/platform/ec/build/zephyr/pujjogatwin/modules/ec/common/motion_sense_fifo.c.obj
[teliks:rw] -- The C compiler identification is GNU 14.2.0
[pujjocento:ro] -- warning_base_override: -Wall;-Wformat;-Wformat-security;-Wformat;-Wno-format-zero-length;-Wno-pointer-sign;-Wpointer-arith;-Wexpansion-to-defined
[pujjocento:ro] The PW_ROOT environment variable is not set; using /mnt/host/source/src/platform/ec/build/zephyr/pujjocento/modules/pigweed within CMake
[pujjogatwin:rw] [43/414] Building C object CMakeFiles/app.dir/mnt/host/source/src/platform/ec/build/zephyr/pujjogatwin/modules/ec/common/adc.c.obj
[pujjogatwin:rw] [44/414] Building C object CMakeFiles/app.dir/mnt/host/source/src/platform/ec/build/zephyr/pujjogatwin/modules/ec/common/acpi.c.obj
[teliks:rw] -- The CXX compiler identification is GNU 14.2.0
[teliks:rw] -- The ASM compiler identification is GNU
[teliks:rw] -- Found assembler: /home/jpmurphy/.cache/coreboot-sdk/riscv64-elf/96b949749225b6aaa92ed810ab769e8dfb12f000/bin/riscv64-elf-gcc
[pujjogatwin:rw] [45/414] Building C object CMakeFiles/app.dir/mnt/host/source/src/platform/ec/build/zephyr/pujjogatwin/modules/ec/common/backlight_lid.c.obj
[teliks:rw] warning: Deprecated symbol I2C_ALLOW_NO_STOP_TRANSACTIONS is enabled.
[teliks:rw] CMake Warning at /mnt/host/source/src/platform/ec/zephyr/cmake/linker/ld/linker_libraries.cmake:11 (message):
[craaskov:rw] [12/409] Building C object zephyr/CMakeFiles/zephyr.dir/lib/heap/heap.c.obj
[teliks:ro] -- Found assembler: /home/jpmurphy/.cache/coreboot-sdk/riscv64-elf/96b949749225b6aaa92ed810ab769e8dfb12f000/bin/riscv64-elf-gcc
[teliks:ro] -- Performing EC specific devicetree checks
[/mnt/host/source/src/platform/ec/build/zephyr/ptlrvp_mchp-lcov]   /mnt/host/source/src/platform/ec/build/zephyr/ptlrvp_mchp/build-rw/modules/ec/zephyr/CMakeFiles/ec_shim.dir/drivers/keyboard_input/keyboard_customization_check.c.gcno:no functions found
[/mnt/host/source/src/platform/ec/build/zephyr/ptlrvp_mchp-lcov] stderr:
[kinmen:ro] -- Found gen_kobject_list: /mnt/host/source/src/third_party/zephyr/main/scripts/build/gen_kobject_list.py
[kinmen:ro] CMake Warning at /mnt/host/source/src/third_party/zephyr/main/CMakeLists.txt:1134 (message):
[kinmen:ro]   No SOURCES given to Zephyr library: drivers__syscon
[kinmen:ro]   Excluding target from build.
[kinmen:ro] CMake Warning at /mnt/host/source/src/third_party/zephyr/main/CMakeLists.txt:2359 (message):
[kinmen:ro]   __ASSERT() statements are globally ENABLED
[teliks:ro] INFO: Verified 56 GPIOs, no duplicates found
[/mnt/host/source/src/platform/ec/build/zephyr/kaladin-lcov]   /mnt/host/source/src/platform/ec/build/zephyr/kaladin/build-ro/zephyr/drivers/syscon/CMakeFiles/drivers__syscon.dir/mnt/host/source/src/third_party/zephyr/main/misc/empty_file.c.gcno:no functions found
[/mnt/host/source/src/platform/ec/build/zephyr/kaladin-lcov] stderr:
[pujjogatwin:rw] [46/414] Building C object CMakeFiles/app.dir/mnt/host/source/src/platform/ec/build/zephyr/pujjogatwin/modules/ec/common/battery.c.obj
[kinmen:ro] -- Configuring done (18.8s)
[teliks:ro] -- Generating component manifest file
[pujjogatwin:rw] [47/414] Building C object CMakeFiles/app.dir/mnt/host/source/src/platform/ec/build/zephyr/pujjogatwin/modules/ec/common/battery_info.c.obj
[teliks:rw] -- Performing EC specific devicetree checks
[pujjogatwin:rw] [48/414] Building C object CMakeFiles/app.dir/mnt/host/source/src/platform/ec/build/zephyr/pujjogatwin/modules/ec/common/battery_fuel_gauge.c.obj
[/mnt/host/source/src/platform/ec/build/zephyr/roach-lcov]   /mnt/host/source/src/platform/ec/build/zephyr/roach/build-rw/modules/ec/zephyr/CMakeFiles/ec_shim.dir/shim/src/keyscan.c.gcno:no functions found
[/mnt/host/source/src/platform/ec/build/zephyr/roach-lcov] stderr:
[teliks:ro] INFO: Verified 14 '*-gpios' properties, all flags match.
[teliks:ro] INFO: Skipped 14 named-gpios children.
[teliks:ro] INFO: Running CME, outputting to /mnt/host/source/src/platform/ec/build/zephyr/teliks/build-ro/zephyr/component_manifest.json
[teliks:ro] INFO: Component usbpd@f03700(ite,it8xxx2-usbpd) not on I2C bus, skip it
[teliks:ro] INFO: Component virtual-mux-0(cros-ec,usbc-mux-virtual) not on I2C bus, skip it
[craaskov:rw] [13/409] Building C object zephyr/CMakeFiles/zephyr.dir/lib/os/cbprintf_packaged.c.obj
[/mnt/host/source/src/platform/ec/build/zephyr/kaladin-lcov]   /mnt/host/source/src/platform/ec/build/zephyr/kaladin/build-rw/modules/ec/zephyr/CMakeFiles/ec_shim.dir/shim/src/thermal.c.gcno:no functions found
[/mnt/host/source/src/platform/ec/build/zephyr/kaladin-lcov] stderr:
[pujjogatwin:rw] [49/414] Building C object CMakeFiles/app.dir/mnt/host/source/src/platform/ec/build/zephyr/pujjogatwin/modules/ec/driver/battery/smart.c.obj
[teliks:rw]   Disabling c_library
[teliks:rw] Call Stack (most recent call first):
[teliks:rw]   /mnt/host/source/src/third_party/zephyr/main/cmake/target_toolchain_flags.cmake:48 (include)
[teliks:rw]   /mnt/host/source/src/third_party/zephyr/main/cmake/modules/kernel.cmake:153 (include)
[teliks:rw]   /mnt/host/source/src/third_party/zephyr/main/cmake/modules/zephyr_default.cmake:138 (include)
[teliks:rw]   /mnt/host/source/src/third_party/zephyr/main/share/zephyr-package/cmake/ZephyrConfig.cmake:66 (include)
[teliks:rw]   /mnt/host/source/src/third_party/zephyr/main/share/zephyr-package/cmake/ZephyrConfig.cmake:97 (include_boilerplate)
[teliks:rw]   CMakeLists.txt:7 (find_package)
[teliks:rw] INFO: Verified 56 GPIOs, no duplicates found
[teliks:rw] INFO: Verified 14 '*-gpios' properties, all flags match.
[teliks:rw] INFO: Skipped 14 named-gpios children.
[teliks:ro] -- warning_base_override: -Wall;-Wformat;-Wformat-security;-Wformat;-Wno-format-zero-length;-Wno-pointer-sign;-Wpointer-arith;-Wexpansion-to-defined
[teliks:rw] -- Generating component manifest file
[/mnt/host/source/src/platform/ec/build/zephyr/kaladin-lcov]   /mnt/host/source/src/platform/ec/build/zephyr/kaladin/build-rw/modules/ec/zephyr/CMakeFiles/ec_shim.dir/shim/src/battery.c.gcno:no functions found
[/mnt/host/source/src/platform/ec/build/zephyr/kaladin-lcov] stderr:
[teliks:rw] INFO: Running CME, outputting to /mnt/host/source/src/platform/ec/build/zephyr/teliks/build-rw/zephyr/component_manifest.json
[teliks:rw] INFO: Component usbpd@f03700(ite,it8xxx2-usbpd) not on I2C bus, skip it
[teliks:rw] INFO: Component virtual-mux-0(cros-ec,usbc-mux-virtual) not on I2C bus, skip it
[teliks:rw] INFO: Component usbpd@f03800(ite,it8xxx2-usbpd) not on I2C bus, skip it
[teliks:rw] INFO: Component virtual-mux-1(cros-ec,usbc-mux-virtual) not on I2C bus, skip it
[teliks:rw] INFO: Component virtual-mux-1(cros-ec,usbc-mux-virtual) not on I2C bus, skip it
[/mnt/host/source/src/platform/ec/build/zephyr/roach-lcov]   /mnt/host/source/src/platform/ec/build/zephyr/roach/build-rw/zephyr/arch/arch/riscv/core/CMakeFiles/arch__riscv__core.dir/cpu_idle.c.gcno:no functions found
[/mnt/host/source/src/platform/ec/build/zephyr/roach-lcov] stderr:
[teliks:rw] -- warning_base_override: -Wall;-Wformat;-Wformat-security;-Wformat;-Wno-format-zero-length;-Wno-pointer-sign;-Wpointer-arith;-Wexpansion-to-defined
[teliks:ro] -- Found gen_kobject_list: /mnt/host/source/src/third_party/zephyr/main/scripts/build/gen_kobject_list.py
[pujjogatwin:rw] [50/414] Building C object CMakeFiles/app.dir/mnt/host/source/src/platform/ec/build/zephyr/pujjogatwin/modules/ec/driver/charger/bq25710.c.obj
[craaskov:rw] [14/409] Building C object zephyr/CMakeFiles/zephyr.dir/lib/os/clock.c.obj
[teliks:ro] -- Configuring done (15.9s)
[pujjogatwin:rw] [51/414] Building C object CMakeFiles/app.dir/mnt/host/source/src/platform/ec/build/zephyr/pujjogatwin/modules/ec/common/charger.c.obj
[/mnt/host/source/src/platform/ec/build/zephyr/brtk-lcov]   /mnt/host/source/src/platform/ec/build/zephyr/brtk/build-ro/modules/ec/zephyr/CMakeFiles/ec_shim.dir/drivers/keyboard_input/keyboard_customization_check.c.gcno:no functions found
[/mnt/host/source/src/platform/ec/build/zephyr/brtk-lcov] stderr:
[pujjogatwin:rw] [52/414] Building C object CMakeFiles/app.dir/mnt/host/source/src/platform/ec/build/zephyr/pujjogatwin/modules/ec/common/charge_state.c.obj
[teliks:rw] -- Found gen_kobject_list: /mnt/host/source/src/third_party/zephyr/main/scripts/build/gen_kobject_list.py
[/mnt/host/source/src/platform/ec/build/zephyr/kaladin-lcov]   /mnt/host/source/src/platform/ec/build/zephyr/kaladin/build-rw/modules/ec/zephyr/CMakeFiles/ec_shim.dir/shim/src/charger.c.gcno:no functions found
[/mnt/host/source/src/platform/ec/build/zephyr/kaladin-lcov] stderr:
[teliks:ro] -- Generating done (0.4s)
[teliks:ro] INFO: Component usbpd@f03800(ite,it8xxx2-usbpd) not on I2C bus, skip it
[teliks:rw] -- Configuring done (15.9s)
[teliks:ro] INFO: Component virtual-mux-1(cros-ec,usbc-mux-virtual) not on I2C bus, skip it
[teliks:ro] INFO: Component virtual-mux-1(cros-ec,usbc-mux-virtual) not on I2C bus, skip it
[teliks:ro] CMake Warning:
[pujjogatwin:rw] [53/414] Building C object CMakeFiles/app.dir/mnt/host/source/src/platform/ec/build/zephyr/pujjogatwin/modules/ec/common/charge_manager.c.obj
[teliks:ro] -- Build files have been written to: /mnt/host/source/src/platform/ec/build/zephyr/teliks/build-ro
[teliks:ro]   Manually-specified variables were not used by the project:
[teliks:ro]     COREBOOT_SDK_ROOT_arm
[teliks:ro]     COREBOOT_SDK_ROOT_libstdcxx_arm
[teliks:ro]     COREBOOT_SDK_ROOT_libstdcxx_x86
[teliks:ro]     COREBOOT_SDK_ROOT_nds32
[craaskov:rw] [15/409] Building C object zephyr/CMakeFiles/zephyr.dir/lib/os/printk.c.obj
[teliks:ro]     COREBOOT_SDK_ROOT_picolibc_arm
[teliks:ro]     COREBOOT_SDK_ROOT_picolibc_x86
[teliks:ro]     COREBOOT_SDK_ROOT_riscv
[teliks:ro]     COREBOOT_SDK_ROOT_x86
Running (initial) lcov on /mnt/host/source/src/platform/ec/build/zephyr/kelpie.
[pujjogatwin:rw] [54/414] Building C object CMakeFiles/app.dir/mnt/host/source/src/platform/ec/build/zephyr/pujjogatwin/modules/ec/common/cbi_common.c.obj
[/mnt/host/source/src/platform/ec/build/zephyr/roach-lcov]   /mnt/host/source/src/platform/ec/build/zephyr/roach/build-rw/zephyr/arch/common/CMakeFiles/isr_tables.dir/isr_tables.c.gcno:no functions found
[/mnt/host/source/src/platform/ec/build/zephyr/roach-lcov] stderr:
[teliks:rw] -- Generating done (0.5s)
[teliks:rw] CMake Warning:
[teliks:rw]   Manually-specified variables were not used by the project:
[teliks:rw]     COREBOOT_SDK_ROOT_arm
[teliks:rw]     COREBOOT_SDK_ROOT_libstdcxx_arm
[teliks:rw]     COREBOOT_SDK_ROOT_libstdcxx_x86
[teliks:rw]     COREBOOT_SDK_ROOT_nds32
[teliks:rw]     COREBOOT_SDK_ROOT_picolibc_arm
[teliks:rw]     COREBOOT_SDK_ROOT_picolibc_x86
[teliks:rw]     COREBOOT_SDK_ROOT_riscv
[teliks:rw]     COREBOOT_SDK_ROOT_x86
[teliks:rw] -- Build files have been written to: /mnt/host/source/src/platform/ec/build/zephyr/teliks/build-rw
[pujjogatwin:rw] [55/414] Building C object CMakeFiles/app.dir/mnt/host/source/src/platform/ec/build/zephyr/pujjogatwin/modules/ec/common/cbi_config.c.obj
Running `env -i PYTHONPATH=/usr/lib64/python-exec/python3.11:/mnt/host/source/src/platform/ec/zephyr/zmake:/usr/lib/python311.zip:/usr/lib/python3.11:/usr/lib/python3.11/lib-dynload:/usr/lib/python3.11/site-packages PW_PIGWEED_CIPD_INSTALL_DIR=/usr CROSTC_USER_ACKNOWLEDGES_THAT_RISCV_IS_EXPERIMENTAL=1 PATH=/mnt/host/source/chromite/bin:/usr/local/bin:/usr/bin:/bin:/opt/bin:/mnt/host/source/chromite/sdk/bin:/mnt/host/source/chromite/bin HOME=/home/jpmurphy JAVA_HOME=/etc/java-config-2/current-system-vm JDK_HOME=/etc/java-config-2/current-system-vm JAVAC=/etc/java-config-2/current-system-vm/bin/javac MAKEFLAGS=' -j16 --jobserver-auth=5,6' /usr/bin/lcov --gcov-tool /mnt/host/source/src/platform/ec/build/zephyr/kelpie/build-rw/gcov.sh -q -o - -c -d /mnt/host/source/src/platform/ec/build/zephyr/kelpie -t kelpie --rc branch_coverage=1 --filter range --ignore-errors inconsistent,source --ignore-errors gcov,gcov -i`
[pujjogatwin:rw] [56/414] Building C object CMakeFiles/app.dir/mnt/host/source/src/platform/ec/build/zephyr/pujjogatwin/modules/ec/common/cbi.c.obj
[pujjocento:rw] -- Found gen_kobject_list: /mnt/host/source/src/third_party/zephyr/main/scripts/build/gen_kobject_list.py
[craaskov:rw] [16/409] Building C object zephyr/CMakeFiles/zephyr.dir/lib/os/sem.c.obj
[pujjocento:rw] CMake Warning at /mnt/host/source/src/third_party/zephyr/main/CMakeLists.txt:2359 (message):
[pujjogatwin:rw] [57/414] Building C object CMakeFiles/app.dir/mnt/host/source/src/platform/ec/build/zephyr/pujjogatwin/modules/ec/common/memory_commands.c.obj
[pujjocento:ro] -- Found gen_kobject_list: /mnt/host/source/src/third_party/zephyr/main/scripts/build/gen_kobject_list.py
[pujjocento:rw] -- Configuring done (20.1s)
[pujjogatwin:rw] [58/414] Building C object CMakeFiles/app.dir/mnt/host/source/src/platform/ec/build/zephyr/pujjogatwin/modules/ec/common/dptf.c.obj
[pujjocento:ro] CMake Warning at /mnt/host/source/src/third_party/zephyr/main/CMakeLists.txt:2359 (message):
[pujjocento:ro]   __ASSERT() statements are globally ENABLED
[/mnt/host/source/src/platform/ec/build/zephyr/kaladin-lcov]   /mnt/host/source/src/platform/ec/build/zephyr/kaladin/build-rw/modules/ec/zephyr/CMakeFiles/ec_shim.dir/shim/src/usba.c.gcno:no functions found
[/mnt/host/source/src/platform/ec/build/zephyr/kaladin-lcov] stderr:
[/mnt/host/source/src/platform/ec/build/zephyr/baze-lcov]   /mnt/host/source/src/platform/ec/build/zephyr/baze/build-ro/zephyr/CMakeFiles/zephyr.dir/soc/ite/ec/it8xxx2/check_regs.c.gcno:no functions found
[/mnt/host/source/src/platform/ec/build/zephyr/baze-lcov] stderr:
[pujjogatwin:rw] [59/414] Building C object CMakeFiles/app.dir/mnt/host/source/src/platform/ec/build/zephyr/pujjogatwin/modules/ec/common/ap_reset_log.c.obj
[pujjocento:ro] -- Configuring done (20.4s)
[/mnt/host/source/src/platform/ec/build/zephyr/kelpie-lcov] geninfo: WARNING: using JSON module "JSON::PP" - which is much slower than some alternatives.  Consider installing one of JSON::XS or Cpanel::JSON::XS
[pujjogatwin:rw] [60/414] Building C object CMakeFiles/app.dir/mnt/host/source/src/platform/ec/build/zephyr/pujjogatwin/modules/ec/common/espi.c.obj
[pujjogatwin:rw] [61/414] Building C object CMakeFiles/app.dir/mnt/host/source/src/platform/ec/build/zephyr/pujjogatwin/modules/ec/common/extpower_common.c.obj
[craaskov:rw] [17/409] Building C object zephyr/CMakeFiles/zephyr.dir/lib/os/thread_entry.c.obj
[pujjogatwin:rw] [62/414] Building C object CMakeFiles/app.dir/mnt/host/source/src/platform/ec/build/zephyr/pujjogatwin/modules/ec/common/extpower_gpio.c.obj
[craaskov:rw] [18/409] Building C object zephyr/CMakeFiles/zephyr.dir/lib/os/cbprintf_nano.c.obj
[pujjogatwin:rw] [63/414] Building C object CMakeFiles/app.dir/mnt/host/source/src/platform/ec/build/zephyr/pujjogatwin/modules/ec/common/flash.c.obj
[pujjogatwin:rw] [64/414] Building C object CMakeFiles/app.dir/mnt/host/source/src/platform/ec/build/zephyr/pujjogatwin/modules/ec/common/host_command.c.obj
[/mnt/host/source/src/platform/ec/build/zephyr/fatcatrvp-npcx-lcov]   /mnt/host/source/src/platform/ec/build/zephyr/fatcatrvp-npcx/build-ro/zephyr/CMakeFiles/zephyr.dir/soc/nuvoton/npcx/common/npcxn/registers.c.gcno:no functions found
[/mnt/host/source/src/platform/ec/build/zephyr/fatcatrvp-npcx-lcov] stderr:
[pujjogatwin:rw] [65/414] Building C object CMakeFiles/app.dir/mnt/host/source/src/platform/ec/build/zephyr/pujjogatwin/modules/ec/common/host_event_commands.c.obj
[/mnt/host/source/src/platform/ec/build/zephyr/kaladin-lcov]   /mnt/host/source/src/platform/ec/build/zephyr/kaladin/build-rw/modules/ec/zephyr/CMakeFiles/ec_shim.dir/drivers/keyboard_input/keyboard_customization_check.c.gcno:no functions found
[/mnt/host/source/src/platform/ec/build/zephyr/kaladin-lcov] stderr:
[pujjogatwin:rw] [66/414] Building C object CMakeFiles/app.dir/mnt/host/source/src/platform/ec/build/zephyr/pujjogatwin/modules/ec/common/host_command_task.c.obj
[pujjogatwin:rw] [67/414] Building C object CMakeFiles/app.dir/mnt/host/source/src/platform/ec/build/zephyr/pujjogatwin/modules/ec/common/uart_hostcmd.c.obj
[craaskov:rw] [19/409] Building C object zephyr/CMakeFiles/zephyr.dir/lib/os/cbprintf.c.obj
[pujjogatwin:rw] [68/414] Building C object CMakeFiles/app.dir/mnt/host/source/src/platform/ec/build/zephyr/pujjogatwin/modules/ec/common/uptime.c.obj
[/mnt/host/source/src/platform/ec/build/zephyr/kelpie-lcov] stderr:
[/mnt/host/source/src/platform/ec/build/zephyr/ptlrvp_mchp-lcov]   /mnt/host/source/src/platform/ec/build/zephyr/ptlrvp_mchp/build-rw/CMakeFiles/app.dir/mnt/host/source/src/platform/ec/build/zephyr/ptlrvp_mchp/modules/ec/common/cbi_config.c.gcno:no functions found
[/mnt/host/source/src/platform/ec/build/zephyr/ptlrvp_mchp-lcov] stderr:
[pujjogatwin:rw] [69/414] Building C object CMakeFiles/app.dir/mnt/host/source/src/platform/ec/build/zephyr/pujjogatwin/modules/ec/common/i2c_controller.c.obj
[pujjogatwin:rw] [70/414] Building C object CMakeFiles/app.dir/mnt/host/source/src/platform/ec/build/zephyr/pujjogatwin/modules/ec/common/i2c_passthru.c.obj
[craaskov:rw] [20/409] Building C object zephyr/CMakeFiles/zephyr.dir/lib/os/assert.c.obj
[pujjogatwin:rw] [71/414] Building C object CMakeFiles/app.dir/mnt/host/source/src/platform/ec/build/zephyr/pujjogatwin/modules/ec/common/keyboard_scan.c.obj
[pujjogatwin:rw] [72/414] Building C object CMakeFiles/app.dir/mnt/host/source/src/platform/ec/build/zephyr/pujjogatwin/modules/ec/common/keyboard_8042.c.obj
[craaskov:rw] [21/409] Building C object zephyr/CMakeFiles/zephyr.dir/lib/utils/dec.c.obj
[/mnt/host/source/src/platform/ec/build/zephyr/roach-lcov]   /mnt/host/source/src/platform/ec/build/zephyr/roach/build-rw/zephyr/CMakeFiles/zephyr.dir/subsys/shell/modules/kernel_service/kernel_shell.c.gcno:no functions found
[/mnt/host/source/src/platform/ec/build/zephyr/roach-lcov] stderr:
[/mnt/host/source/src/platform/ec/build/zephyr/ptlrvp_mchp-lcov]   /mnt/host/source/src/platform/ec/build/zephyr/ptlrvp_mchp/build-rw/CMakeFiles/app.dir/src/intel_rvp_board_id.c.gcno:no functions found
[/mnt/host/source/src/platform/ec/build/zephyr/ptlrvp_mchp-lcov] stderr:
[/mnt/host/source/src/platform/ec/build/zephyr/baze-lcov]   /mnt/host/source/src/platform/ec/build/zephyr/baze/build-ro/zephyr/drivers/syscon/CMakeFiles/drivers__syscon.dir/mnt/host/source/src/third_party/zephyr/main/misc/empty_file.c.gcno:no functions found
[/mnt/host/source/src/platform/ec/build/zephyr/baze-lcov] stderr:
[craaskov:rw] [22/409] Building C object zephyr/CMakeFiles/zephyr.dir/lib/utils/hex.c.obj
[/mnt/host/source/src/platform/ec/build/zephyr/roach-lcov]   /mnt/host/source/src/platform/ec/build/zephyr/roach/build-rw/zephyr/CMakeFiles/zephyr.dir/lib/libc/validate_libc.c.gcno:no functions found
[/mnt/host/source/src/platform/ec/build/zephyr/roach-lcov] stderr:
[pujjogatwin:rw] [73/414] Building C object CMakeFiles/app.dir/mnt/host/source/src/platform/ec/build/zephyr/pujjogatwin/modules/ec/common/keyboard_8042_sharedlib.c.obj
[/mnt/host/source/src/platform/ec/build/zephyr/kaladin-lcov]   /mnt/host/source/src/platform/ec/build/zephyr/kaladin/build-rw/modules/ec/zephyr/drivers/pw_transport/CMakeFiles/pw_transport.proto.nanopb.dir/pw_transport.proto/nanopb/pw_transport/proto/transport.pb.c.gcno:no functions found
[/mnt/host/source/src/platform/ec/build/zephyr/kaladin-lcov] stderr:
[kinmen:ro] -- Generating done (6.2s)
[kinmen:ro] CMake Warning:
[kinmen:ro] -- Build files have been written to: /mnt/host/source/src/platform/ec/build/zephyr/kinmen/build-ro
[pujjogatwin:rw] [74/414] Building C object CMakeFiles/app.dir/mnt/host/source/src/platform/ec/build/zephyr/pujjogatwin/modules/ec/common/mkbp_fifo.c.obj
[pujjogatwin:rw] [75/414] Building C object CMakeFiles/app.dir/mnt/host/source/src/platform/ec/build/zephyr/pujjogatwin/modules/ec/common/mkbp_info.c.obj
[pujjogatwin:rw] [76/414] Building C object CMakeFiles/app.dir/mnt/host/source/src/platform/ec/build/zephyr/pujjogatwin/modules/ec/common/led_common.c.obj
[/mnt/host/source/src/platform/ec/build/zephyr/baze-lcov]   /mnt/host/source/src/platform/ec/build/zephyr/baze/build-rw/modules/ec/zephyr/CMakeFiles/ec_shim.dir/shim/src/power.c.gcno:no functions found
[/mnt/host/source/src/platform/ec/build/zephyr/baze-lcov] stderr:
[/mnt/host/source/src/platform/ec/build/zephyr/baze-lcov]   /mnt/host/source/src/platform/ec/build/zephyr/baze/build-rw/modules/ec/zephyr/CMakeFiles/ec_shim.dir/shim/src/thermal.c.gcno:no functions found
[/mnt/host/source/src/platform/ec/build/zephyr/baze-lcov] stderr:
[pujjogatwin:rw] [77/414] Building C object CMakeFiles/app.dir/mnt/host/source/src/platform/ec/build/zephyr/pujjogatwin/modules/ec/common/mkbp_input_devices.c.obj
[craaskov:rw] [23/409] Building C object zephyr/CMakeFiles/zephyr.dir/lib/utils/rb.c.obj
[kinmen:ro]   Manually-specified variables were not used by the project:
[kinmen:ro]     COREBOOT_SDK_ROOT_arm
[kinmen:ro]     COREBOOT_SDK_ROOT_libstdcxx_arm
[kinmen:ro]     COREBOOT_SDK_ROOT_libstdcxx_x86
[kinmen:ro]     COREBOOT_SDK_ROOT_nds32
[kinmen:ro]     COREBOOT_SDK_ROOT_picolibc_arm
[kinmen:ro]     COREBOOT_SDK_ROOT_picolibc_x86
[kinmen:ro]     COREBOOT_SDK_ROOT_riscv
[kinmen:ro]     COREBOOT_SDK_ROOT_x86
[kinmen:ro]     PW_ROOT
[pujjogatwin:rw] [78/414] Building C object CMakeFiles/app.dir/mnt/host/source/src/platform/ec/build/zephyr/pujjogatwin/modules/ec/common/led_onoff_states.c.obj
[/mnt/host/source/src/platform/ec/build/zephyr/baze-lcov]   /mnt/host/source/src/platform/ec/build/zephyr/baze/build-rw/modules/ec/zephyr/CMakeFiles/ec_shim.dir/shim/src/battery.c.gcno:no functions found
[/mnt/host/source/src/platform/ec/build/zephyr/baze-lcov] stderr:
[craaskov:rw] [24/409] Building C object zephyr/CMakeFiles/zephyr.dir/lib/utils/timeutil.c.obj
[/mnt/host/source/src/platform/ec/build/zephyr/roach-lcov]   /mnt/host/source/src/platform/ec/build/zephyr/roach/build-rw/zephyr/CMakeFiles/zephyr.dir/lib/utils/last_section_id.c.gcno:no functions found
[/mnt/host/source/src/platform/ec/build/zephyr/roach-lcov] stderr:
[pujjogatwin:rw] [79/414] Building C object CMakeFiles/app.dir/mnt/host/source/src/platform/ec/build/zephyr/pujjogatwin/modules/ec/common/motion_lid.c.obj
[pujjogatwin:rw] [80/414] Building C object CMakeFiles/app.dir/mnt/host/source/src/platform/ec/build/zephyr/pujjogatwin/modules/ec/common/lid_angle.c.obj
[/mnt/host/source/src/platform/ec/build/zephyr/ptlrvp_mchp-lcov]   /mnt/host/source/src/platform/ec/build/zephyr/ptlrvp_mchp/build-rw/zephyr/arch/arch/arm/core/mpu/CMakeFiles/arch__arm__core__mpu.dir/arm_mpu_regions.c.gcno:no functions found
[/mnt/host/source/src/platform/ec/build/zephyr/ptlrvp_mchp-lcov] stderr:
[pujjogatwin:rw] [81/414] Building C object CMakeFiles/app.dir/mnt/host/source/src/platform/ec/build/zephyr/pujjogatwin/modules/ec/common/lid_angle_keyboard_policy.c.obj
[/mnt/host/source/src/platform/ec/build/zephyr/baze-lcov]   /mnt/host/source/src/platform/ec/build/zephyr/baze/build-rw/modules/ec/zephyr/CMakeFiles/ec_shim.dir/shim/src/charger.c.gcno:no functions found
[/mnt/host/source/src/platform/ec/build/zephyr/baze-lcov] stderr:
[pujjogatwin:rw] [82/414] Building C object CMakeFiles/app.dir/mnt/host/source/src/platform/ec/build/zephyr/pujjogatwin/modules/ec/common/lid_switch.c.obj
[pujjogatwin:rw] [83/414] Building C object CMakeFiles/app.dir/mnt/host/source/src/platform/ec/build/zephyr/pujjogatwin/modules/ec/common/mkbp_event.c.obj
[/mnt/host/source/src/platform/ec/build/zephyr/brtk-lcov]   /mnt/host/source/src/platform/ec/build/zephyr/brtk/build-ro/CMakeFiles/app.dir/mnt/host/source/src/platform/ec/build/zephyr/brtk/modules/ec/common/cbi_config.c.gcno:no functions found
[/mnt/host/source/src/platform/ec/build/zephyr/brtk-lcov] stderr:
[craaskov:rw] [25/409] Building C object zephyr/CMakeFiles/zephyr.dir/lib/utils/bitarray.c.obj
[pujjogatwin:rw] [84/414] Building C object CMakeFiles/app.dir/mnt/host/source/src/platform/ec/build/zephyr/pujjogatwin/modules/ec/common/motion_sense.c.obj
[/mnt/host/source/src/platform/ec/build/zephyr/baze-lcov]   /mnt/host/source/src/platform/ec/build/zephyr/baze/build-rw/modules/ec/zephyr/CMakeFiles/ec_shim.dir/shim/src/usba.c.gcno:no functions found
[pujjogatwin:rw] [85/414] Building C object CMakeFiles/app.dir/mnt/host/source/src/platform/ec/build/zephyr/pujjogatwin/modules/ec/common/port80.c.obj
[/mnt/host/source/src/platform/ec/build/zephyr/baze-lcov] stderr:
[craaskov:rw] [26/409] Building C object zephyr/CMakeFiles/zephyr.dir/lib/utils/bitmask.c.obj
[pujjogatwin:rw] [86/414] Building C object CMakeFiles/app.dir/mnt/host/source/src/platform/ec/build/zephyr/pujjogatwin/modules/ec/common/power_button.c.obj
[/mnt/host/source/src/platform/ec/build/zephyr/ptlrvp_mchp-lcov]   /mnt/host/source/src/platform/ec/build/zephyr/ptlrvp_mchp/build-rw/zephyr/arch/common/CMakeFiles/isr_tables.dir/isr_tables.c.gcno:no functions found
[/mnt/host/source/src/platform/ec/build/zephyr/ptlrvp_mchp-lcov] stderr:
[pujjogatwin:rw] [87/414] Building C object CMakeFiles/app.dir/mnt/host/source/src/platform/ec/build/zephyr/pujjogatwin/modules/ec/power/hibernate.c.obj
[pujjogatwin:rw] [88/414] Building C object CMakeFiles/app.dir/mnt/host/source/src/platform/ec/build/zephyr/pujjogatwin/modules/ec/common/sha256.c.obj
[pujjogatwin:rw] [89/414] Building C object CMakeFiles/app.dir/mnt/host/source/src/platform/ec/build/zephyr/pujjogatwin/modules/ec/common/panic_output.c.obj
[craaskov:rw] [27/409] Building C object zephyr/CMakeFiles/zephyr.dir/lib/utils/getopt/getopt.c.obj
[/mnt/host/source/src/platform/ec/build/zephyr/brtk-lcov]   /mnt/host/source/src/platform/ec/build/zephyr/brtk/build-ro/zephyr/arch/common/CMakeFiles/isr_tables.dir/isr_tables.c.gcno:no functions found
[/mnt/host/source/src/platform/ec/build/zephyr/brtk-lcov] stderr:
[pujjogatwin:rw] [90/414] Building C object CMakeFiles/app.dir/mnt/host/source/src/platform/ec/build/zephyr/pujjogatwin/modules/ec/common/shared_mem.c.obj
[pujjogatwin:rw] [91/414] Building C object CMakeFiles/app.dir/mnt/host/source/src/platform/ec/build/zephyr/pujjogatwin/modules/ec/common/switch.c.obj
[pujjogatwin:rw] [92/414] Building C object CMakeFiles/app.dir/mnt/host/source/src/platform/ec/build/zephyr/pujjogatwin/modules/ec/common/spi_flash_reg.c.obj
[pujjogatwin:rw] [93/414] Building C object CMakeFiles/app.dir/mnt/host/source/src/platform/ec/build/zephyr/pujjogatwin/modules/ec/driver/stm_mems_common.c.obj
[pujjogatwin:rw] [94/414] Building C object CMakeFiles/app.dir/mnt/host/source/src/platform/ec/build/zephyr/pujjogatwin/modules/ec/common/tablet_mode.c.obj
[craaskov:rw] [28/409] Building C object zephyr/CMakeFiles/zephyr.dir/lib/utils/getopt/getopt_common.c.obj
[pujjogatwin:rw] [95/414] Building C object CMakeFiles/app.dir/mnt/host/source/src/platform/ec/build/zephyr/pujjogatwin/modules/ec/common/thermal.c.obj
[pujjogatwin:rw] [96/414] Building C object CMakeFiles/app.dir/mnt/host/source/src/platform/ec/build/zephyr/pujjogatwin/modules/ec/common/temp_sensor.c.obj
[craaskov:rw] [29/409] Building C object zephyr/CMakeFiles/zephyr.dir/lib/utils/ring_buffer.c.obj
[pujjogatwin:rw] [97/414] Building C object CMakeFiles/app.dir/mnt/host/source/src/platform/ec/build/zephyr/pujjogatwin/modules/ec/driver/temp_sensor/thermistor.c.obj
[pujjocento:rw] -- Generating done (7.3s)
[pujjocento:rw]   __ASSERT() statements are globally ENABLED
[pujjogatwin:rw] [98/414] Building C object CMakeFiles/app.dir/mnt/host/source/src/platform/ec/build/zephyr/pujjogatwin/modules/ec/common/throttle_ap.c.obj
[pujjocento:rw] CMake Warning:
[/mnt/host/source/src/platform/ec/build/zephyr/kelpie-lcov]   /mnt/host/source/src/platform/ec/build/zephyr/kelpie/build-ro/modules/ec/zephyr/CMakeFiles/ec_shim.dir/shim/src/keyscan.c.gcno:no functions found
[/mnt/host/source/src/platform/ec/build/zephyr/kelpie-lcov] stderr:
[craaskov:rw] [30/409] Building C object zephyr/CMakeFiles/zephyr.dir/lib/utils/last_section_id.c.obj
[/mnt/host/source/src/platform/ec/build/zephyr/fatcatrvp-npcx-lcov]   /mnt/host/source/src/platform/ec/build/zephyr/fatcatrvp-npcx/build-ro/zephyr/drivers/sensor/CMakeFiles/drivers__sensor.dir/mnt/host/source/src/third_party/zephyr/main/misc/empty_file.c.gcno:no functions found
[/mnt/host/source/src/platform/ec/build/zephyr/fatcatrvp-npcx-lcov] stderr:
[pujjocento:ro] -- Generating done (7.3s)
[pujjocento:ro] CMake Warning:
[craaskov:rw] [31/409] Building C object zephyr/CMakeFiles/zephyr.dir/misc/generated/configs.c.obj
[pujjogatwin:rw] [99/414] Building C object CMakeFiles/app.dir/mnt/host/source/src/platform/ec/build/zephyr/pujjogatwin/modules/ec/common/timer.c.obj
[pujjogatwin:rw] [100/414] Building C object CMakeFiles/app.dir/mnt/host/source/src/platform/ec/build/zephyr/pujjogatwin/modules/ec/common/usb_port_power_dumb.c.obj
[pujjogatwin:rw] [101/414] Building C object CMakeFiles/app.dir/mnt/host/source/src/platform/ec/build/zephyr/pujjogatwin/modules/ec/common/typec_control.c.obj
[/mnt/host/source/src/platform/ec/build/zephyr/fatcatrvp-npcx-lcov]   /mnt/host/source/src/platform/ec/build/zephyr/fatcatrvp-npcx/build-rw/modules/ec/zephyr/CMakeFiles/ec_shim.dir/shim/src/thermal.c.gcno:no functions found
[/mnt/host/source/src/platform/ec/build/zephyr/fatcatrvp-npcx-lcov] stderr:
[/mnt/host/source/src/platform/ec/build/zephyr/kelpie-lcov]   /mnt/host/source/src/platform/ec/build/zephyr/kelpie/build-ro/zephyr/arch/arch/riscv/core/CMakeFiles/arch__riscv__core.dir/cpu_idle.c.gcno:no functions found
[/mnt/host/source/src/platform/ec/build/zephyr/kelpie-lcov] stderr:
[pujjocento:rw] -- Build files have been written to: /mnt/host/source/src/platform/ec/build/zephyr/pujjocento/build-rw
[pujjocento:rw]   Manually-specified variables were not used by the project:
[pujjocento:rw]     COREBOOT_SDK_ROOT_libstdcxx_riscv64
[pujjocento:rw]     COREBOOT_SDK_ROOT_libstdcxx_x86
[pujjocento:rw]     COREBOOT_SDK_ROOT_nds32
[pujjocento:rw]     COREBOOT_SDK_ROOT_picolibc_riscv64
[pujjocento:rw]     COREBOOT_SDK_ROOT_picolibc_x86
[pujjocento:rw]     COREBOOT_SDK_ROOT_riscv
[pujjocento:rw]     COREBOOT_SDK_ROOT_riscv64
[pujjocento:rw]     COREBOOT_SDK_ROOT_x86
[pujjocento:rw]     PW_ROOT
[/mnt/host/source/src/platform/ec/build/zephyr/fatcatrvp-npcx-lcov]   /mnt/host/source/src/platform/ec/build/zephyr/fatcatrvp-npcx/build-rw/modules/ec/zephyr/CMakeFiles/ec_shim.dir/shim/src/battery.c.gcno:no functions found
[/mnt/host/source/src/platform/ec/build/zephyr/fatcatrvp-npcx-lcov] stderr:
[pujjogatwin:rw] [102/414] Building C object CMakeFiles/app.dir/mnt/host/source/src/platform/ec/build/zephyr/pujjogatwin/modules/ec/common/usb_common.c.obj
[pujjogatwin:rw] [103/414] Building C object CMakeFiles/app.dir/mnt/host/source/src/platform/ec/build/zephyr/pujjogatwin/modules/ec/common/usb_pd_pdo.c.obj
[pujjogatwin:rw] [104/414] Building C object CMakeFiles/app.dir/mnt/host/source/src/platform/ec/build/zephyr/pujjogatwin/modules/ec/common/usbc/usbc_task.c.obj
[pujjocento:ro] -- Build files have been written to: /mnt/host/source/src/platform/ec/build/zephyr/pujjocento/build-ro
[pujjocento:ro]   Manually-specified variables were not used by the project:
[pujjocento:ro]     COREBOOT_SDK_ROOT_libstdcxx_riscv64
[pujjocento:ro]     COREBOOT_SDK_ROOT_libstdcxx_x86
[pujjocento:ro]     COREBOOT_SDK_ROOT_nds32
[pujjocento:ro]     COREBOOT_SDK_ROOT_picolibc_riscv64
[pujjocento:ro]     COREBOOT_SDK_ROOT_picolibc_x86
[pujjocento:ro]     COREBOOT_SDK_ROOT_riscv
[pujjocento:ro]     COREBOOT_SDK_ROOT_riscv64
[pujjocento:ro]     COREBOOT_SDK_ROOT_x86
[pujjocento:ro]     PW_ROOT
[craaskov:rw] [32/409] Building C object zephyr/CMakeFiles/zephyr.dir/soc/nuvoton/npcx/common/power.c.obj
[pujjogatwin:rw] [105/414] Building C object CMakeFiles/app.dir/mnt/host/source/src/platform/ec/build/zephyr/pujjogatwin/modules/ec/common/usbc/usb_pd_timer.c.obj
[pujjogatwin:rw] [106/414] Building C object CMakeFiles/app.dir/mnt/host/source/src/platform/ec/build/zephyr/pujjogatwin/modules/ec/common/usbc/usb_sm.c.obj
[pujjogatwin:rw] [107/414] Building C object CMakeFiles/app.dir/mnt/host/source/src/platform/ec/build/zephyr/pujjogatwin/modules/ec/common/usbc_intr_task.c.obj
[/mnt/host/source/src/platform/ec/build/zephyr/kelpie-lcov]   /mnt/host/source/src/platform/ec/build/zephyr/kelpie/build-ro/zephyr/arch/common/CMakeFiles/isr_tables.dir/isr_tables.c.gcno:no functions found
[/mnt/host/source/src/platform/ec/build/zephyr/kelpie-lcov] stderr:
[pujjogatwin:rw] [108/414] Building C object CMakeFiles/app.dir/mnt/host/source/src/platform/ec/build/zephyr/pujjogatwin/modules/ec/common/usbc_utils.c.obj
[craaskov:rw] [33/409] Building C object zephyr/CMakeFiles/zephyr.dir/soc/nuvoton/npcx/common/npcxn/registers.c.obj
[craaskov:rw] [34/409] Building C object zephyr/CMakeFiles/zephyr.dir/soc/nuvoton/npcx/common/scfg.c.obj
[pujjogatwin:rw] [109/414] Building C object CMakeFiles/app.dir/mnt/host/source/src/platform/ec/build/zephyr/pujjogatwin/modules/ec/common/usb_pd_flags.c.obj
[/mnt/host/source/src/platform/ec/build/zephyr/ptlrvp_mchp-lcov]   /mnt/host/source/src/platform/ec/build/zephyr/ptlrvp_mchp/build-rw/zephyr/CMakeFiles/zephyr.dir/subsys/shell/modules/kernel_service/kernel_shell.c.gcno:no functions found
[/mnt/host/source/src/platform/ec/build/zephyr/ptlrvp_mchp-lcov] stderr:
[pujjogatwin:rw] [110/414] Building C object CMakeFiles/app.dir/mnt/host/source/src/platform/ec/build/zephyr/pujjogatwin/modules/ec/common/usbc/usb_pd_console.c.obj
[pujjogatwin:rw] [111/414] Building C object CMakeFiles/app.dir/mnt/host/source/src/platform/ec/build/zephyr/pujjogatwin/modules/ec/common/chargen.c.obj
[/mnt/host/source/src/platform/ec/build/zephyr/ptlrvp_mchp-lcov]   /mnt/host/source/src/platform/ec/build/zephyr/ptlrvp_mchp/build-rw/zephyr/CMakeFiles/zephyr.dir/lib/libc/validate_libc.c.gcno:no functions found
[/mnt/host/source/src/platform/ec/build/zephyr/ptlrvp_mchp-lcov] stderr:
[pujjogatwin:rw] [112/414] Building C object CMakeFiles/app.dir/mnt/host/source/src/platform/ec/build/zephyr/pujjogatwin/modules/ec/driver/usb_mux/virtual.c.obj
[pujjogatwin:rw] [113/414] Building C object CMakeFiles/app.dir/mnt/host/source/src/platform/ec/build/zephyr/pujjogatwin/modules/ec/driver/usb_mux/usb_mux.c.obj
[craaskov:rw] [35/409] Building C object zephyr/CMakeFiles/zephyr.dir/soc/nuvoton/npcx/npcx9/soc.c.obj
[craaskov:rw] [36/409] Building C object zephyr/CMakeFiles/zephyr.dir/subsys/logging/log_minimal.c.obj
[pujjogatwin:rw] [114/414] Building C object CMakeFiles/app.dir/mnt/host/source/src/platform/ec/build/zephyr/pujjogatwin/modules/ec/common/usbc/usb_tc_drp_acc_trysrc_sm.c.obj
[pujjogatwin:rw] [115/414] Building C object CMakeFiles/app.dir/mnt/host/source/src/platform/ec/build/zephyr/pujjogatwin/modules/ec/common/usbc/usb_prl_sm.c.obj
[pujjogatwin:rw] [116/414] Building C object CMakeFiles/app.dir/mnt/host/source/src/platform/ec/build/zephyr/pujjogatwin/modules/ec/common/usbc/usbc_pd_policy.c.obj
[/mnt/host/source/src/platform/ec/build/zephyr/brtk-lcov]   /mnt/host/source/src/platform/ec/build/zephyr/brtk/build-ro/zephyr/CMakeFiles/zephyr.dir/subsys/shell/modules/kernel_service/kernel_shell.c.gcno:no functions found
[/mnt/host/source/src/platform/ec/build/zephyr/brtk-lcov] stderr:
[pujjogatwin:rw] [117/414] Building C object CMakeFiles/app.dir/mnt/host/source/src/platform/ec/build/zephyr/pujjogatwin/modules/ec/common/usbc/usb_pd_dpm.c.obj
[/mnt/host/source/src/platform/ec/build/zephyr/brtk-lcov]   /mnt/host/source/src/platform/ec/build/zephyr/brtk/build-ro/zephyr/CMakeFiles/zephyr.dir/lib/libc/validate_libc.c.gcno:no functions found
[/mnt/host/source/src/platform/ec/build/zephyr/brtk-lcov] stderr:
[pujjogatwin:rw] [118/414] Building C object CMakeFiles/app.dir/mnt/host/source/src/platform/ec/build/zephyr/pujjogatwin/modules/ec/common/usb_pd_console_cmd.c.obj
[pujjogatwin:rw] [119/414] Building C object CMakeFiles/app.dir/mnt/host/source/src/platform/ec/build/zephyr/pujjogatwin/modules/ec/common/usbc/dp_alt_mode.c.obj
[craaskov:rw] [37/409] Building C object zephyr/CMakeFiles/zephyr.dir/subsys/mem_mgmt/mem_attr.c.obj
[/mnt/host/source/src/platform/ec/build/zephyr/fatcatrvp-npcx-lcov]   /mnt/host/source/src/platform/ec/build/zephyr/fatcatrvp-npcx/build-rw/modules/ec/zephyr/CMakeFiles/ec_shim.dir/shim/src/charger.c.gcno:no functions found
[/mnt/host/source/src/platform/ec/build/zephyr/fatcatrvp-npcx-lcov] stderr:
[pujjogatwin:rw] [120/414] Building C object CMakeFiles/app.dir/mnt/host/source/src/platform/ec/build/zephyr/pujjogatwin/modules/ec/common/usbc/usb_pe_drp_sm.c.obj
[craaskov:rw] [38/409] Building C object zephyr/CMakeFiles/zephyr.dir/subsys/pm/pm.c.obj
[pujjogatwin:rw] [121/414] Building C object CMakeFiles/app.dir/mnt/host/source/src/platform/ec/build/zephyr/pujjogatwin/modules/ec/common/usbc/usb_pd_host.c.obj
[pujjogatwin:rw] [122/414] Building C object CMakeFiles/app.dir/mnt/host/source/src/platform/ec/build/zephyr/pujjogatwin/modules/ec/common/usb_pd_host_cmd.c.obj
[pujjogatwin:rw] [123/414] Building C object CMakeFiles/app.dir/mnt/host/source/src/platform/ec/build/zephyr/pujjogatwin/modules/ec/zephyr/shim/src/tcpc.c.obj
[craaskov:rw] [39/409] Building C object zephyr/CMakeFiles/zephyr.dir/subsys/pm/state.c.obj
[pujjogatwin:rw] [124/414] Building C object CMakeFiles/app.dir/mnt/host/source/src/platform/ec/build/zephyr/pujjogatwin/modules/ec/common/usb_pd_host_cmd_common.c.obj
[craaskov:rw] [40/409] Building C object zephyr/CMakeFiles/zephyr.dir/subsys/pm/policy/policy_events.c.obj
[pujjogatwin:rw] [125/414] Building C object CMakeFiles/app.dir/mnt/host/source/src/platform/ec/build/zephyr/pujjogatwin/modules/ec/common/usbc/svdm_rsp_dfp_only.c.obj
[pujjogatwin:rw] [126/414] Building C object CMakeFiles/app.dir/mnt/host/source/src/platform/ec/build/zephyr/pujjogatwin/modules/ec/common/usbc_ocp.c.obj
[pujjogatwin:rw] [127/414] Building C object CMakeFiles/app.dir/mnt/host/source/src/platform/ec/build/zephyr/pujjogatwin/modules/ec/common/usb_pd_discovery.c.obj
[craaskov:rw] [41/409] Building C object zephyr/CMakeFiles/zephyr.dir/subsys/pm/policy/policy_latency.c.obj
[pujjogatwin:rw] [128/414] Building C object CMakeFiles/app.dir/mnt/host/source/src/platform/ec/build/zephyr/pujjogatwin/modules/ec/common/usb_pd_dual_role.c.obj
[pujjogatwin:rw] [129/414] Building C object CMakeFiles/app.dir/mnt/host/source/src/platform/ec/build/zephyr/pujjogatwin/modules/ec/driver/tcpm/nct38xx.c.obj
[pujjogatwin:rw] [130/414] Building C object CMakeFiles/app.dir/mnt/host/source/src/platform/ec/build/zephyr/pujjogatwin/modules/ec/driver/tcpm/raa489000.c.obj
[/mnt/host/source/src/platform/ec/build/zephyr/kelpie-lcov]   /mnt/host/source/src/platform/ec/build/zephyr/kelpie/build-ro/zephyr/CMakeFiles/zephyr.dir/subsys/shell/modules/kernel_service/kernel_shell.c.gcno:no functions found
[/mnt/host/source/src/platform/ec/build/zephyr/kelpie-lcov] stderr:
[craaskov:rw] [42/409] Building C object zephyr/CMakeFiles/zephyr.dir/subsys/pm/policy/policy_state_lock.c.obj
[/mnt/host/source/src/platform/ec/build/zephyr/kelpie-lcov]   /mnt/host/source/src/platform/ec/build/zephyr/kelpie/build-ro/zephyr/CMakeFiles/zephyr.dir/lib/libc/validate_libc.c.gcno:no functions found
[/mnt/host/source/src/platform/ec/build/zephyr/kelpie-lcov] stderr:
[pujjogatwin:rw] [131/414] Building C object CMakeFiles/app.dir/mnt/host/source/src/platform/ec/build/zephyr/pujjogatwin/modules/ec/driver/tcpm/tcpci.c.obj
[craaskov:rw] [43/409] Building C object zephyr/CMakeFiles/zephyr.dir/subsys/pm/device.c.obj
[pujjogatwin:rw] [132/414] Building C object CMakeFiles/app.dir/mnt/host/source/src/platform/ec/build/zephyr/pujjogatwin/modules/ec/common/usbc_ppc.c.obj
[pujjogatwin:rw] [133/414] Building C object CMakeFiles/app.dir/mnt/host/source/src/platform/ec/build/zephyr/pujjogatwin/modules/ec/common/vboot_hash.c.obj
[pujjogatwin:rw] [134/414] Building C object CMakeFiles/app.dir/mnt/host/source/src/platform/ec/build/zephyr/pujjogatwin/modules/ec/driver/ppc/syv682x.c.obj
[/mnt/host/source/src/platform/ec/build/zephyr/kaladin-lcov]   /mnt/host/source/src/platform/ec/build/zephyr/kaladin/build-rw/modules/ec/zephyr/drivers/dsp_comms/CMakeFiles/dsp_comms.proto.nanopb.dir/dsp_comms.proto/nanopb/proto/ec_dsp.pb.c.gcno:no functions found
[/mnt/host/source/src/platform/ec/build/zephyr/kaladin-lcov] stderr:
[pujjogatwin:rw] [135/414] Building C object CMakeFiles/app.dir/mnt/host/source/src/platform/ec/build/zephyr/pujjogatwin/modules/ec/common/button.c.obj
[pujjogatwin:rw] [136/414] Building C object CMakeFiles/app.dir/mnt/host/source/src/platform/ec/build/zephyr/pujjogatwin/modules/ec/common/vstore.c.obj
[pujjogatwin:rw] [137/414] Building C object CMakeFiles/app.dir/mnt/host/source/src/platform/ec/build/zephyr/pujjogatwin/modules/ec/common/vboot/efs2.c.obj
[craaskov:rw] [44/409] Building C object zephyr/CMakeFiles/zephyr.dir/subsys/pm/device_system_managed.c.obj
[pujjogatwin:rw] [138/414] Building C object CMakeFiles/app.dir/mnt/host/source/src/platform/ec/build/zephyr/pujjogatwin/modules/ec/common/math_util.c.obj
[craaskov:rw] [45/409] Building C object zephyr/CMakeFiles/zephyr.dir/subsys/testsuite/coverage/coverage.c.obj
[/mnt/host/source/src/platform/ec/build/zephyr/kelpie-lcov]   /mnt/host/source/src/platform/ec/build/zephyr/kelpie/build-ro/zephyr/CMakeFiles/zephyr.dir/lib/utils/last_section_id.c.gcno:no functions found
[/mnt/host/source/src/platform/ec/build/zephyr/kelpie-lcov] stderr:
[pujjogatwin:rw] [139/414] Building C object CMakeFiles/app.dir/src/board_power.c.obj
[pujjogatwin:rw] [140/414] Building C object CMakeFiles/app.dir/src/common.c.obj
[pujjogatwin:rw] [141/414] Building C object CMakeFiles/app.dir/pujjogatwin/src/board.c.obj
[craaskov:rw] [46/409] Building C object zephyr/CMakeFiles/zephyr.dir/subsys/tracing/tracing_none.c.obj
[pujjogatwin:rw] [142/414] Building C object CMakeFiles/app.dir/pujjogatwin/src/hdmi.c.obj
[pujjogatwin:rw] [143/414] Building C object CMakeFiles/app.dir/pujjogatwin/src/led.c.obj
[craaskov:rw] [47/409] Building C object zephyr/CMakeFiles/zephyr.dir/subsys/shell/modules/kernel_service/kernel_shell.c.obj
[pujjogatwin:rw] [144/414] Building C object CMakeFiles/app.dir/pujjogatwin/src/sub_board.c.obj
[pujjogatwin:rw] [145/414] Building C object zephyr/CMakeFiles/zephyr.dir/lib/libc/validate_libc.c.obj
[pujjogatwin:rw] [146/414] Building C object CMakeFiles/app.dir/pujjogatwin/src/charger.c.obj
[pujjogatwin:rw] [147/414] Building C object zephyr/CMakeFiles/zephyr.dir/lib/heap/heap.c.obj
[pujjogatwin:rw] [148/414] Building C object CMakeFiles/app.dir/pujjogatwin/src/usbc.c.obj
[craaskov:rw] [48/409] Building C object zephyr/CMakeFiles/zephyr.dir/subsys/shell/modules/kernel_service/cycles.c.obj
[pujjogatwin:rw] [149/414] Linking C static library app/libapp.a
[pujjogatwin:rw] [150/414] Building C object zephyr/CMakeFiles/zephyr.dir/lib/os/cbprintf_packaged.c.obj
[craaskov:rw] [49/409] Building C object zephyr/CMakeFiles/zephyr.dir/subsys/shell/modules/kernel_service/sleep.c.obj
[pujjogatwin:rw] [151/414] Building C object zephyr/CMakeFiles/zephyr.dir/lib/os/clock.c.obj
[pujjogatwin:rw] [152/414] Building C object zephyr/CMakeFiles/zephyr.dir/lib/os/printk.c.obj
[pujjogatwin:rw] [153/414] Building C object zephyr/CMakeFiles/zephyr.dir/lib/os/sem.c.obj
[pujjogatwin:rw] [154/414] Building C object zephyr/CMakeFiles/zephyr.dir/lib/utils/dec.c.obj
[pujjogatwin:rw] [155/414] Building C object zephyr/CMakeFiles/zephyr.dir/lib/utils/hex.c.obj
[pujjogatwin:rw] [156/414] Building C object zephyr/CMakeFiles/zephyr.dir/lib/os/thread_entry.c.obj
[pujjogatwin:rw] [157/414] Building C object zephyr/CMakeFiles/zephyr.dir/lib/os/cbprintf_nano.c.obj
[pujjogatwin:rw] [158/414] Building C object zephyr/CMakeFiles/zephyr.dir/lib/os/cbprintf.c.obj
[craaskov:rw] [50/409] Building C object zephyr/CMakeFiles/zephyr.dir/subsys/shell/modules/kernel_service/uptime.c.obj
[pujjogatwin:rw] [159/414] Building C object zephyr/CMakeFiles/zephyr.dir/lib/os/assert.c.obj
[pujjogatwin:rw] [160/414] Building C object zephyr/CMakeFiles/zephyr.dir/lib/utils/bitmask.c.obj
[pujjogatwin:rw] [161/414] Building C object zephyr/CMakeFiles/zephyr.dir/lib/utils/timeutil.c.obj
[/mnt/host/source/src/platform/ec/build/zephyr/roach-lcov]   /mnt/host/source/src/platform/ec/build/zephyr/roach/build-rw/zephyr/CMakeFiles/zephyr.dir/soc/ite/ec/it8xxx2/check_regs.c.gcno:no functions found
[/mnt/host/source/src/platform/ec/build/zephyr/roach-lcov] Filter suppressions 'region':
[pujjogatwin:rw] [162/414] Building C object zephyr/CMakeFiles/zephyr.dir/lib/utils/last_section_id.c.obj
[/mnt/host/source/src/platform/ec/build/zephyr/roach-lcov]     22 instances
[/mnt/host/source/src/platform/ec/build/zephyr/roach-lcov]     12 coverpoints
[/mnt/host/source/src/platform/ec/build/zephyr/roach-lcov] Message summary:
[/mnt/host/source/src/platform/ec/build/zephyr/roach-lcov]   14 ignore messages:
[/mnt/host/source/src/platform/ec/build/zephyr/roach-lcov]     gcov: 14
[craaskov:rw] [51/409] Building C object zephyr/CMakeFiles/zephyr.dir/subsys/shell/modules/kernel_service/version.c.obj
[pujjogatwin:rw] [163/414] Building C object zephyr/CMakeFiles/zephyr.dir/misc/generated/configs.c.obj
[pujjogatwin:rw] [164/414] Building C object zephyr/CMakeFiles/zephyr.dir/lib/utils/ring_buffer.c.obj
[pujjogatwin:rw] [165/414] Building C object zephyr/CMakeFiles/zephyr.dir/lib/utils/rb.c.obj
[pujjogatwin:rw] [166/414] Building C object zephyr/CMakeFiles/zephyr.dir/lib/utils/bitarray.c.obj
[pujjogatwin:rw] [167/414] Building C object zephyr/CMakeFiles/zephyr.dir/lib/utils/getopt/getopt.c.obj
[pujjogatwin:rw] [168/414] Building C object zephyr/CMakeFiles/zephyr.dir/lib/utils/getopt/getopt_common.c.obj
[craaskov:rw] [52/409] Building C object zephyr/CMakeFiles/zephyr.dir/subsys/shell/modules/kernel_service/thread/thread.c.obj
[/mnt/host/source/src/platform/ec/build/zephyr/baze-lcov]   /mnt/host/source/src/platform/ec/build/zephyr/baze/build-rw/modules/ec/zephyr/CMakeFiles/ec_shim.dir/shim/src/keyscan.c.gcno:no functions found
[/mnt/host/source/src/platform/ec/build/zephyr/baze-lcov] stderr:
[pujjogatwin:rw] [169/414] Building C object zephyr/CMakeFiles/zephyr.dir/soc/nuvoton/npcx/common/scfg.c.obj
[pujjogatwin:rw] [170/414] Building C object zephyr/CMakeFiles/zephyr.dir/soc/nuvoton/npcx/common/npcxn/registers.c.obj
[pujjogatwin:rw] [171/414] Building C object zephyr/CMakeFiles/zephyr.dir/soc/nuvoton/npcx/common/power.c.obj
[craaskov:rw] [53/409] Building C object zephyr/CMakeFiles/zephyr.dir/subsys/shell/modules/kernel_service/thread/list.c.obj
[pujjogatwin:rw] [172/414] Building C object zephyr/CMakeFiles/zephyr.dir/soc/nuvoton/npcx/npcx9/soc.c.obj
[pujjogatwin:rw] [173/414] Building C object zephyr/CMakeFiles/zephyr.dir/subsys/pm/state.c.obj
[pujjogatwin:rw] [174/414] Building C object zephyr/CMakeFiles/zephyr.dir/subsys/logging/log_minimal.c.obj
[pujjogatwin:rw] [175/414] Building C object zephyr/CMakeFiles/zephyr.dir/subsys/mem_mgmt/mem_attr.c.obj
[pujjogatwin:rw] [176/414] Building C object zephyr/CMakeFiles/zephyr.dir/subsys/pm/pm.c.obj
[craaskov:rw] [54/409] Building C object zephyr/CMakeFiles/zephyr.dir/subsys/shell/modules/kernel_service/thread/stacks.c.obj
[pujjogatwin:rw] [177/414] Building C object zephyr/CMakeFiles/zephyr.dir/subsys/pm/policy/policy_latency.c.obj
[pujjogatwin:rw] [178/414] Building C object zephyr/CMakeFiles/zephyr.dir/subsys/pm/policy/policy_events.c.obj
[pujjogatwin:rw] [179/414] Building C object zephyr/CMakeFiles/zephyr.dir/subsys/pm/policy/policy_state_lock.c.obj
[pujjogatwin:rw] [180/414] Building C object zephyr/CMakeFiles/zephyr.dir/subsys/pm/device.c.obj
[craaskov:rw] [55/409] Building C object zephyr/CMakeFiles/zephyr.dir/subsys/shell/modules/kernel_service/thread/suspend.c.obj
[pujjogatwin:rw] [181/414] Building C object zephyr/CMakeFiles/zephyr.dir/subsys/pm/device_system_managed.c.obj
[pujjogatwin:rw] [182/414] Building C object zephyr/CMakeFiles/zephyr.dir/subsys/testsuite/coverage/coverage.c.obj
[pujjogatwin:rw] [183/414] Building C object zephyr/CMakeFiles/zephyr.dir/subsys/tracing/tracing_none.c.obj
[pujjogatwin:rw] [184/414] Building C object zephyr/CMakeFiles/zephyr.dir/subsys/shell/modules/kernel_service/kernel_shell.c.obj
[craaskov:rw] [56/409] Building C object zephyr/CMakeFiles/zephyr.dir/subsys/shell/modules/kernel_service/thread/resume.c.obj
[pujjogatwin:rw] [185/414] Building C object zephyr/CMakeFiles/zephyr.dir/subsys/shell/modules/kernel_service/sleep.c.obj
[pujjogatwin:rw] [186/414] Building C object zephyr/CMakeFiles/zephyr.dir/subsys/shell/modules/kernel_service/uptime.c.obj
[pujjogatwin:rw] [187/414] Building C object zephyr/CMakeFiles/zephyr.dir/subsys/shell/modules/kernel_service/cycles.c.obj
[pujjogatwin:rw] [188/414] Building C object zephyr/CMakeFiles/zephyr.dir/subsys/shell/modules/kernel_service/version.c.obj
[craaskov:rw] [57/409] Building C object zephyr/CMakeFiles/zephyr.dir/subsys/shell/modules/kernel_service/thread/kill.c.obj
[pujjogatwin:rw] [189/414] Building C object zephyr/CMakeFiles/zephyr.dir/subsys/shell/modules/kernel_service/thread/thread.c.obj
[pujjogatwin:rw] [190/414] Building C object zephyr/CMakeFiles/zephyr.dir/subsys/shell/modules/kernel_service/thread/list.c.obj
[pujjogatwin:rw] [191/414] Building C object zephyr/CMakeFiles/zephyr.dir/subsys/shell/modules/kernel_service/thread/stacks.c.obj
[pujjogatwin:rw] [192/414] Building C object zephyr/CMakeFiles/zephyr.dir/subsys/shell/modules/kernel_service/thread/suspend.c.obj
[pujjogatwin:rw] [193/414] Building C object zephyr/CMakeFiles/zephyr.dir/subsys/shell/modules/kernel_service/thread/kill.c.obj
[pujjogatwin:rw] [194/414] Building C object zephyr/CMakeFiles/zephyr.dir/subsys/shell/modules/kernel_service/thread/resume.c.obj
[pujjogatwin:rw] [195/414] Building C object zephyr/CMakeFiles/zephyr.dir/subsys/shell/backends/shell_uart.c.obj
[craaskov:rw] [58/409] Building C object zephyr/CMakeFiles/zephyr.dir/subsys/shell/backends/shell_uart.c.obj
[pujjogatwin:rw] [196/414] Building C object zephyr/CMakeFiles/zephyr.dir/subsys/shell/shell_fprintf.c.obj
[pujjogatwin:rw] [197/414] Building C object zephyr/CMakeFiles/zephyr.dir/subsys/shell/shell.c.obj
[craaskov:rw] [59/409] Building C object zephyr/CMakeFiles/zephyr.dir/subsys/shell/shell.c.obj
[pujjogatwin:rw] [198/414] Building C object zephyr/CMakeFiles/zephyr.dir/subsys/shell/shell_utils.c.obj
[pujjogatwin:rw] [199/414] Building C object zephyr/CMakeFiles/zephyr.dir/subsys/shell/shell_ops.c.obj
[/mnt/host/source/src/platform/ec/build/zephyr/kaladin-lcov]   /mnt/host/source/src/platform/ec/build/zephyr/kaladin/build-rw/CMakeFiles/app.dir/mnt/host/source/src/platform/ec/build/zephyr/kaladin/modules/ec/common/cbi_config.c.gcno:no functions found
[pujjogatwin:rw] [200/414] Building C object zephyr/CMakeFiles/zephyr.dir/subsys/shell/shell_help.c.obj
[/mnt/host/source/src/platform/ec/build/zephyr/kaladin-lcov] stderr:
[pujjogatwin:rw] [201/414] Building C object zephyr/arch/common/CMakeFiles/arch__common.dir/init.c.obj
[pujjogatwin:rw] [202/414] Building C object zephyr/arch/common/CMakeFiles/arch__common.dir/sw_isr_common.c.obj
[pujjogatwin:rw] [203/414] Building C object zephyr/CMakeFiles/zephyr.dir/subsys/shell/shell_history.c.obj
[pujjogatwin:rw] [204/414] Building C object zephyr/CMakeFiles/zephyr.dir/drivers/flash/flash_util.c.obj
[pujjogatwin:rw] [205/414] Building ASM object zephyr/arch/arch/arm/core/CMakeFiles/arch__arm__core.dir/nmi_on_reset.S.obj
[craaskov:rw] [60/409] Building C object zephyr/CMakeFiles/zephyr.dir/subsys/shell/shell_fprintf.c.obj
[pujjogatwin:rw] [206/414] Linking C static library zephyr/libzephyr.a
[pujjogatwin:rw] [207/414] Building ASM object zephyr/arch/arch/arm/core/cortex_m/CMakeFiles/arch__arm__core__cortex_m.dir/fault_s.S.obj
[pujjogatwin:rw] [208/414] Building C object zephyr/arch/common/CMakeFiles/arch__common.dir/xip.c.obj
[pujjogatwin:rw] [209/414] Building C object zephyr/arch/common/CMakeFiles/isr_tables.dir/isr_tables.c.obj
[craaskov:rw] [61/409] Building C object zephyr/CMakeFiles/zephyr.dir/subsys/shell/shell_utils.c.obj
[pujjogatwin:rw] [210/414] Linking C static library zephyr/arch/common/libisr_tables.a
[pujjogatwin:rw] [211/414] Linking C static library zephyr/arch/common/libarch__common.a
[/mnt/host/source/src/platform/ec/build/zephyr/kaladin-lcov]   /mnt/host/source/src/platform/ec/build/zephyr/kaladin/build-rw/zephyr/arch/arch/riscv/core/CMakeFiles/arch__riscv__core.dir/cpu_idle.c.gcno:no functions found
[/mnt/host/source/src/platform/ec/build/zephyr/kaladin-lcov] stderr:
[pujjogatwin:rw] [212/414] Building C object zephyr/arch/arch/arm/core/CMakeFiles/arch__arm__core.dir/fatal.c.obj
[pujjogatwin:rw] [213/414] Building C object zephyr/arch/arch/arm/core/CMakeFiles/arch__arm__core.dir/nmi.c.obj
[pujjogatwin:rw] [214/414] Building C object zephyr/arch/arch/arm/core/cortex_m/CMakeFiles/arch__arm__core__cortex_m.dir/exc_exit.c.obj
[pujjogatwin:rw] [215/414] Linking C static library zephyr/arch/arch/arm/core/libarch__arm__core.a
[/mnt/host/source/src/platform/ec/build/zephyr/ptlrvp_mchp-lcov]   /mnt/host/source/src/platform/ec/build/zephyr/ptlrvp_mchp/build-rw/zephyr/CMakeFiles/zephyr.dir/lib/utils/last_section_id.c.gcno:no functions found
[/mnt/host/source/src/platform/ec/build/zephyr/ptlrvp_mchp-lcov] stderr:
[pujjogatwin:rw] [216/414] Building C object zephyr/arch/arch/arm/core/cortex_m/CMakeFiles/arch__arm__core__cortex_m.dir/fpu.c.obj
[/mnt/host/source/src/platform/ec/build/zephyr/brtk-lcov]   /mnt/host/source/src/platform/ec/build/zephyr/brtk/build-ro/zephyr/CMakeFiles/zephyr.dir/lib/utils/last_section_id.c.gcno:no functions found
[/mnt/host/source/src/platform/ec/build/zephyr/brtk-lcov] stderr:
[pujjogatwin:rw] [217/414] Building C object zephyr/arch/arch/arm/core/cortex_m/CMakeFiles/arch__arm__core__cortex_m.dir/fault.c.obj
[pujjogatwin:rw] [218/414] Building ASM object zephyr/arch/arch/arm/core/cortex_m/CMakeFiles/arch__arm__core__cortex_m.dir/reset.S.obj
[pujjogatwin:rw] [219/414] Building ASM object zephyr/arch/arch/arm/core/cortex_m/CMakeFiles/arch__arm__core__cortex_m.dir/vector_table.S.obj
[craaskov:rw] [62/409] Building C object zephyr/CMakeFiles/zephyr.dir/subsys/shell/shell_ops.c.obj
[craaskov:rw] [63/409] Building C object zephyr/CMakeFiles/zephyr.dir/subsys/shell/shell_help.c.obj
[pujjogatwin:rw] [220/414] Building C object zephyr/arch/arch/arm/core/cortex_m/CMakeFiles/arch__arm__core__cortex_m.dir/scb.c.obj
[/mnt/host/source/src/platform/ec/build/zephyr/fatcatrvp-npcx-lcov]   /mnt/host/source/src/platform/ec/build/zephyr/fatcatrvp-npcx/build-rw/modules/ec/zephyr/CMakeFiles/ec_shim.dir/drivers/keyboard_input/keyboard_customization_check.c.gcno:no functions found
[/mnt/host/source/src/platform/ec/build/zephyr/fatcatrvp-npcx-lcov] stderr:
[pujjogatwin:rw] [221/414] Building C object zephyr/arch/arch/arm/core/cortex_m/CMakeFiles/arch__arm__core__cortex_m.dir/thread_abort.c.obj
[pujjogatwin:rw] [222/414] Building ASM object zephyr/arch/arch/arm/core/cortex_m/CMakeFiles/arch__arm__core__cortex_m.dir/swap_helper.S.obj
[pujjogatwin:rw] [223/414] Building C object zephyr/arch/arch/arm/core/cortex_m/CMakeFiles/arch__arm__core__cortex_m.dir/irq_manage.c.obj
[/mnt/host/source/src/platform/ec/build/zephyr/kaladin-lcov]   /mnt/host/source/src/platform/ec/build/zephyr/kaladin/build-rw/zephyr/arch/common/CMakeFiles/isr_tables.dir/isr_tables.c.gcno:no functions found
[/mnt/host/source/src/platform/ec/build/zephyr/kaladin-lcov] stderr:
[pujjogatwin:rw] [224/414] Building C object zephyr/arch/arch/arm/core/cortex_m/CMakeFiles/arch__arm__core__cortex_m.dir/irq_init.c.obj
[pujjogatwin:rw] [225/414] Building C object zephyr/arch/arch/arm/core/cortex_m/CMakeFiles/arch__arm__core__cortex_m.dir/cpu_idle.c.obj
[pujjogatwin:rw] [226/414] Building C object zephyr/arch/arch/arm/core/cortex_m/CMakeFiles/arch__arm__core__cortex_m.dir/thread.c.obj
[pujjogatwin:rw] [227/414] Generating ../../../include/generated/libc/minimal/strerror_table.h
[craaskov:rw] [64/409] Building C object zephyr/CMakeFiles/zephyr.dir/subsys/shell/shell_history.c.obj
[pujjogatwin:rw] [228/414] Building C object zephyr/arch/arch/arm/core/cortex_m/CMakeFiles/arch__arm__core__cortex_m.dir/prep_c.c.obj
[/mnt/host/source/src/platform/ec/build/zephyr/baze-lcov]   /mnt/host/source/src/platform/ec/build/zephyr/baze/build-rw/CMakeFiles/app.dir/mnt/host/source/src/platform/ec/build/zephyr/baze/modules/ec/common/cbi_config.c.gcno:no functions found
[/mnt/host/source/src/platform/ec/build/zephyr/baze-lcov] stderr:
[pujjogatwin:rw] [229/414] Building C object zephyr/lib/libc/minimal/CMakeFiles/lib__libc__minimal.dir/source/stdlib/atoi.c.obj
[pujjogatwin:rw] [230/414] Building C object zephyr/arch/arch/arm/core/cortex_m/CMakeFiles/arch__arm__core__cortex_m.dir/isr_wrapper.c.obj
[pujjogatwin:rw] [231/414] Building C object zephyr/lib/libc/minimal/CMakeFiles/lib__libc__minimal.dir/source/stdlib/strtol.c.obj
[pujjogatwin:rw] [232/414] Building C object zephyr/lib/libc/common/CMakeFiles/lib__libc__common.dir/source/time/asctime.c.obj
[craaskov:rw] [65/409] Building C object zephyr/CMakeFiles/zephyr.dir/drivers/flash/flash_util.c.obj
[/mnt/host/source/src/platform/ec/build/zephyr/baze-lcov]   /mnt/host/source/src/platform/ec/build/zephyr/baze/build-rw/CMakeFiles/app.dir/baze/src/keyboard.c.gcno:no functions found
[/mnt/host/source/src/platform/ec/build/zephyr/baze-lcov] stderr:
[pujjogatwin:rw] [233/414] Building C object zephyr/arch/arch/arm/core/mpu/CMakeFiles/arch__arm__core__mpu.dir/arm_core_mpu.c.obj
[pujjogatwin:rw] [234/414] Linking C static library zephyr/arch/arch/arm/core/cortex_m/libarch__arm__core__cortex_m.a
[pujjogatwin:rw] [235/414] Building C object zephyr/lib/libc/minimal/CMakeFiles/lib__libc__minimal.dir/source/stdlib/strtoul.c.obj
[craaskov:rw] [66/409] Linking C static library zephyr/libzephyr.a
[pujjogatwin:rw] [236/414] Building C object zephyr/arch/arch/arm/core/mpu/CMakeFiles/arch__arm__core__mpu.dir/arm_mpu.c.obj
[pujjogatwin:rw] [237/414] Building C object zephyr/arch/arch/arm/core/mpu/CMakeFiles/arch__arm__core__mpu.dir/arm_mpu_regions.c.obj
[pujjogatwin:rw] [238/414] Building C object zephyr/lib/libc/minimal/CMakeFiles/lib__libc__minimal.dir/source/stdlib/strtoull.c.obj
[pujjogatwin:rw] [239/414] Building C object zephyr/lib/libc/minimal/CMakeFiles/lib__libc__minimal.dir/source/stdlib/strtoll.c.obj
[pujjogatwin:rw] [240/414] Building C object zephyr/lib/libc/minimal/CMakeFiles/lib__libc__minimal.dir/source/stdlib/bsearch.c.obj
[pujjogatwin:rw] [241/414] Linking C static library zephyr/arch/arch/arm/core/mpu/libarch__arm__core__mpu.a
[pujjogatwin:rw] [242/414] Building C object zephyr/lib/libc/minimal/CMakeFiles/lib__libc__minimal.dir/source/string/strncasecmp.c.obj
[pujjogatwin:rw] [243/414] Building C object zephyr/lib/libc/minimal/CMakeFiles/lib__libc__minimal.dir/source/string/strstr.c.obj
[pujjogatwin:rw] [244/414] Building C object zephyr/lib/libc/minimal/CMakeFiles/lib__libc__minimal.dir/source/string/strspn.c.obj
[pujjogatwin:rw] [245/414] Building C object zephyr/lib/libc/minimal/CMakeFiles/lib__libc__minimal.dir/source/string/string.c.obj
[pujjogatwin:rw] [246/414] Building C object zephyr/lib/libc/minimal/CMakeFiles/lib__libc__minimal.dir/source/stdlib/qsort.c.obj
[pujjogatwin:rw] [247/414] Building C object zephyr/lib/libc/minimal/CMakeFiles/lib__libc__minimal.dir/source/string/strerror.c.obj
[craaskov:rw] [67/409] Building C object zephyr/arch/common/CMakeFiles/arch__common.dir/sw_isr_common.c.obj
[pujjogatwin:rw] [248/414] Building C object zephyr/lib/libc/common/CMakeFiles/lib__libc__common.dir/source/stdlib/abort.c.obj
[craaskov:rw] [68/409] Building C object zephyr/arch/common/CMakeFiles/arch__common.dir/init.c.obj
[pujjogatwin:rw] [249/414] Building C object zephyr/lib/libc/minimal/CMakeFiles/lib__libc__minimal.dir/source/math/sqrt.c.obj
[/mnt/host/source/src/platform/ec/build/zephyr/baze-lcov]   /mnt/host/source/src/platform/ec/build/zephyr/baze/build-rw/zephyr/arch/arch/riscv/core/CMakeFiles/arch__riscv__core.dir/cpu_idle.c.gcno:no functions found
[/mnt/host/source/src/platform/ec/build/zephyr/baze-lcov] stderr:
[pujjogatwin:rw] [250/414] Building C object zephyr/lib/libc/common/CMakeFiles/lib__libc__common.dir/source/time/gmtime_r.c.obj
[pujjogatwin:rw] [251/414] Building C object zephyr/lib/libc/minimal/CMakeFiles/lib__libc__minimal.dir/source/math/sqrtf.c.obj
[pujjogatwin:rw] [252/414] Building C object zephyr/lib/libc/minimal/CMakeFiles/lib__libc__minimal.dir/source/stdlib/exit.c.obj
[pujjogatwin:rw] [253/414] Building C object zephyr/lib/libc/common/CMakeFiles/lib__libc__common.dir/source/time/localtime_r_utc.c.obj
[pujjogatwin:rw] [254/414] Building C object zephyr/lib/libc/common/CMakeFiles/lib__libc__common.dir/source/time/ctime.c.obj
[pujjogatwin:rw] [255/414] Building C object zephyr/lib/libc/common/CMakeFiles/lib__libc__common.dir/source/string/strnlen.c.obj
[pujjogatwin:rw] [256/414] Building C object zephyr/lib/libc/minimal/CMakeFiles/lib__libc__minimal.dir/source/stdout/sprintf.c.obj
[pujjogatwin:rw] [257/414] Building C object zephyr/lib/libc/common/CMakeFiles/lib__libc__common.dir/source/time/time.c.obj
[pujjogatwin:rw] [258/414] Building C object zephyr/lib/posix/c_lib_ext/CMakeFiles/lib__posix__c_lib_ext.dir/fnmatch.c.obj
[craaskov:rw] [69/409] Building C object zephyr/arch/common/CMakeFiles/arch__common.dir/xip.c.obj
[pujjogatwin:rw] [259/414] Building C object zephyr/lib/libc/minimal/CMakeFiles/lib__libc__minimal.dir/source/stdout/fprintf.c.obj
[pujjogatwin:rw] [260/414] Building C object zephyr/lib/libc/minimal/CMakeFiles/lib__libc__minimal.dir/source/stdout/stdout_console.c.obj
[pujjogatwin:rw] [261/414] Building C object zephyr/lib/libc/minimal/CMakeFiles/lib__libc__minimal.dir/source/time/gmtime.c.obj
[pujjogatwin:rw] [262/414] Building C object zephyr/subsys/crc/CMakeFiles/subsys__crc.dir/crc8_sw.c.obj
[pujjogatwin:rw] [263/414] Building C object zephyr/subsys/crc/CMakeFiles/subsys__crc.dir/crc7_sw.c.obj
[pujjogatwin:rw] [264/414] Building C object zephyr/subsys/crc/CMakeFiles/subsys__crc.dir/crc16_sw.c.obj
[pujjogatwin:rw] [265/414] Building C object zephyr/subsys/crc/CMakeFiles/subsys__crc.dir/crc4_sw.c.obj
[pujjogatwin:rw] [266/414] Linking C static library zephyr/lib/libc/minimal/liblib__libc__minimal.a
[craaskov:rw] [70/409] Building C object zephyr/arch/common/CMakeFiles/isr_tables.dir/isr_tables.c.obj
[pujjogatwin:rw] [267/414] Building C object zephyr/subsys/crc/CMakeFiles/subsys__crc.dir/crc24_sw.c.obj
[craaskov:rw] [71/409] Linking C static library zephyr/arch/common/libisr_tables.a
[pujjogatwin:rw] [268/414] Building C object zephyr/subsys/crc/CMakeFiles/subsys__crc.dir/crc32c_sw.c.obj
[pujjogatwin:rw] [269/414] Building C object zephyr/subsys/crc/CMakeFiles/subsys__crc.dir/crc32k_4_2_sw.c.obj
[pujjogatwin:rw] [270/414] Building C object zephyr/subsys/crc/CMakeFiles/subsys__crc.dir/crc32_sw.c.obj
[craaskov:rw] [72/409] Linking C static library zephyr/arch/common/libarch__common.a
[pujjogatwin:rw] [271/414] Linking C static library zephyr/subsys/crc/libsubsys__crc.a
[pujjogatwin:rw] [272/414] Building C object zephyr/lib/libc/common/CMakeFiles/lib__libc__common.dir/source/stdlib/malloc.c.obj
[pujjogatwin:rw] [273/414] Linking C static library zephyr/lib/libc/common/liblib__libc__common.a
[/mnt/host/source/src/platform/ec/build/zephyr/baze-lcov]   /mnt/host/source/src/platform/ec/build/zephyr/baze/build-rw/zephyr/arch/common/CMakeFiles/isr_tables.dir/isr_tables.c.gcno:no functions found
[/mnt/host/source/src/platform/ec/build/zephyr/baze-lcov] stderr:
[pujjogatwin:rw] [274/414] Building C object zephyr/lib/posix/c_lib_ext/CMakeFiles/lib__posix__c_lib_ext.dir/getentropy.c.obj
[pujjogatwin:rw] [275/414] Building C object zephyr/lib/posix/c_lib_ext/CMakeFiles/lib__posix__c_lib_ext.dir/getopt_shim.c.obj
[craaskov:rw] [73/409] Building C object zephyr/arch/arch/arm/core/CMakeFiles/arch__arm__core.dir/fatal.c.obj
[pujjogatwin:rw] [276/414] Linking C static library zephyr/lib/posix/c_lib_ext/liblib__posix__c_lib_ext.a
[pujjogatwin:rw] [277/414] Building C object zephyr/drivers/interrupt_controller/CMakeFiles/drivers__interrupt_controller.dir/intc_miwu.c.obj
[craaskov:rw] [74/409] Building ASM object zephyr/arch/arch/arm/core/CMakeFiles/arch__arm__core.dir/nmi_on_reset.S.obj
[pujjogatwin:rw] [278/414] Building C object zephyr/drivers/adc/CMakeFiles/drivers__adc.dir/adc_common.c.obj
[craaskov:rw] [75/409] Building C object zephyr/arch/arch/arm/core/CMakeFiles/arch__arm__core.dir/nmi.c.obj
[pujjogatwin:rw] [279/414] Linking C static library zephyr/drivers/interrupt_controller/libdrivers__interrupt_controller.a
[pujjogatwin:rw] [280/414] Building C object zephyr/drivers/clock_control/CMakeFiles/drivers__clock_control.dir/clock_control_npcx.c.obj
[craaskov:rw] [76/409] Linking C static library zephyr/arch/arch/arm/core/libarch__arm__core.a
[pujjogatwin:rw] [281/414] Building C object zephyr/drivers/bbram/CMakeFiles/drivers__bbram.dir/bbram_npcx.c.obj
[pujjogatwin:rw] [282/414] Building C object zephyr/drivers/console/CMakeFiles/drivers__console.dir/uart_console.c.obj
[pujjogatwin:rw] [283/414] Linking C static library zephyr/drivers/clock_control/libdrivers__clock_control.a
[pujjogatwin:rw] [284/414] Building C object zephyr/drivers/adc/CMakeFiles/drivers__adc.dir/adc_npcx.c.obj
[pujjogatwin:rw] [285/414] Linking C static library zephyr/drivers/console/libdrivers__console.a
[pujjogatwin:rw] [286/414] Linking C static library zephyr/drivers/bbram/libdrivers__bbram.a
[pujjogatwin:rw] [287/414] Linking C static library zephyr/drivers/adc/libdrivers__adc.a
[/mnt/host/source/src/platform/ec/build/zephyr/brtk-lcov]   /mnt/host/source/src/platform/ec/build/zephyr/brtk/build-ro/zephyr/drivers/sensor/CMakeFiles/drivers__sensor.dir/mnt/host/source/src/third_party/zephyr/main/misc/empty_file.c.gcno:no functions found
[/mnt/host/source/src/platform/ec/build/zephyr/brtk-lcov] stderr:
[pujjogatwin:rw] [288/414] Building C object zephyr/drivers/eeprom/CMakeFiles/drivers__eeprom.dir/eeprom_shell.c.obj
[pujjogatwin:rw] [289/414] Building C object zephyr/drivers/eeprom/CMakeFiles/drivers__eeprom.dir/eeprom_at2x.c.obj
[pujjogatwin:rw] [290/414] Linking C static library zephyr/drivers/eeprom/libdrivers__eeprom.a
[craaskov:rw] [77/409] Building C object zephyr/arch/arch/arm/core/cortex_m/CMakeFiles/arch__arm__core__cortex_m.dir/exc_exit.c.obj
[craaskov:rw] [78/409] Building ASM object zephyr/arch/arch/arm/core/cortex_m/CMakeFiles/arch__arm__core__cortex_m.dir/fault_s.S.obj
[pujjogatwin:rw] [291/414] Building C object zephyr/drivers/espi/CMakeFiles/drivers__espi.dir/host_subs_npcx.c.obj
[craaskov:rw] [79/409] Building C object zephyr/arch/arch/arm/core/cortex_m/CMakeFiles/arch__arm__core__cortex_m.dir/fault.c.obj
[pujjogatwin:rw] [292/414] Building C object zephyr/drivers/espi/CMakeFiles/drivers__espi.dir/espi_npcx.c.obj
[pujjogatwin:rw] [293/414] Building C object zephyr/drivers/flash/CMakeFiles/drivers__flash.dir/jesd216.c.obj
[pujjogatwin:rw] [294/414] Building C object zephyr/drivers/flash/CMakeFiles/drivers__flash.dir/flash_npcx_fiu_qspi.c.obj
[pujjogatwin:rw] [295/414] Building C object zephyr/drivers/flash/CMakeFiles/drivers__flash.dir/flash_npcx_fiu_nor.c.obj
[pujjogatwin:rw] [296/414] Linking C static library zephyr/drivers/espi/libdrivers__espi.a
[pujjogatwin:rw] [297/414] Building C object zephyr/drivers/gpio/CMakeFiles/drivers__gpio.dir/gpio_nct38xx.c.obj
[pujjogatwin:rw] [298/414] Linking C static library zephyr/drivers/flash/libdrivers__flash.a
[/mnt/host/source/src/platform/ec/build/zephyr/kaladin-lcov]   /mnt/host/source/src/platform/ec/build/zephyr/kaladin/build-rw/zephyr/CMakeFiles/zephyr.dir/subsys/shell/modules/kernel_service/kernel_shell.c.gcno:no functions found
[/mnt/host/source/src/platform/ec/build/zephyr/kaladin-lcov] stderr:
[pujjogatwin:rw] [299/414] Building C object zephyr/drivers/gpio/CMakeFiles/drivers__gpio.dir/gpio_nct38xx_port.c.obj
[/mnt/host/source/src/platform/ec/build/zephyr/kaladin-lcov]   /mnt/host/source/src/platform/ec/build/zephyr/kaladin/build-rw/zephyr/CMakeFiles/zephyr.dir/lib/libc/validate_libc.c.gcno:no functions found
[/mnt/host/source/src/platform/ec/build/zephyr/kaladin-lcov] stderr:
[craaskov:rw] [80/409] Building ASM object zephyr/arch/arch/arm/core/cortex_m/CMakeFiles/arch__arm__core__cortex_m.dir/reset.S.obj
[pujjogatwin:rw] [300/414] Building C object zephyr/drivers/gpio/CMakeFiles/drivers__gpio.dir/gpio_npcx.c.obj
[craaskov:rw] [81/409] Building C object zephyr/arch/arch/arm/core/cortex_m/CMakeFiles/arch__arm__core__cortex_m.dir/fpu.c.obj
[pujjogatwin:rw] [301/414] Building C object zephyr/drivers/i2c/CMakeFiles/drivers__i2c.dir/i2c_common.c.obj
[pujjogatwin:rw] [302/414] Linking C static library zephyr/drivers/gpio/libdrivers__gpio.a
[pujjogatwin:rw] [303/414] Building C object zephyr/drivers/i2c/CMakeFiles/drivers__i2c.dir/i2c_npcx_controller_fifo.c.obj
[/mnt/host/source/src/platform/ec/build/zephyr/kelpie-lcov]   /mnt/host/source/src/platform/ec/build/zephyr/kelpie/build-ro/zephyr/CMakeFiles/zephyr.dir/soc/ite/ec/it8xxx2/check_regs.c.gcno:no functions found
[/mnt/host/source/src/platform/ec/build/zephyr/kelpie-lcov] stderr:
[pujjogatwin:rw] [304/414] Building C object zephyr/drivers/pinctrl/CMakeFiles/drivers__pinctrl.dir/common.c.obj
[pujjogatwin:rw] [305/414] Building C object zephyr/drivers/i2c/CMakeFiles/drivers__i2c.dir/i2c_shell.c.obj
[pujjogatwin:rw] [306/414] Building C object zephyr/drivers/mfd/CMakeFiles/drivers__mfd.dir/mfd_nct38xx.c.obj
[pujjogatwin:rw] [307/414] Building C object zephyr/drivers/i2c/CMakeFiles/drivers__i2c.dir/i2c_npcx_controller.c.obj
[pujjogatwin:rw] [308/414] Linking C static library zephyr/drivers/mfd/libdrivers__mfd.a
[pujjogatwin:rw] [309/414] Building C object zephyr/drivers/sensor/CMakeFiles/drivers__sensor.dir/mnt/host/source/src/third_party/zephyr/main/misc/empty_file.c.obj
[pujjogatwin:rw] [310/414] Building C object zephyr/drivers/i2c/CMakeFiles/drivers__i2c.dir/i2c_npcx_port.c.obj
[pujjogatwin:rw] [311/414] Linking C static library zephyr/drivers/sensor/libdrivers__sensor.a
[pujjogatwin:rw] [312/414] Linking C static library zephyr/drivers/i2c/libdrivers__i2c.a
[/mnt/host/source/src/platform/ec/build/zephyr/brtk-lcov]   /mnt/host/source/src/platform/ec/build/zephyr/brtk/build-ro/zephyr/drivers/interrupt_controller/CMakeFiles/drivers__interrupt_controller.dir/mnt/host/source/src/third_party/zephyr/main/misc/empty_file.c.gcno:no functions found
[/mnt/host/source/src/platform/ec/build/zephyr/brtk-lcov] stderr:
[craaskov:rw] [82/409] Building C object zephyr/arch/arch/arm/core/cortex_m/CMakeFiles/arch__arm__core__cortex_m.dir/scb.c.obj
[craaskov:rw] [83/409] Building C object zephyr/arch/arch/arm/core/cortex_m/CMakeFiles/arch__arm__core__cortex_m.dir/thread_abort.c.obj
[pujjogatwin:rw] [313/414] Building C object zephyr/drivers/pinctrl/CMakeFiles/drivers__pinctrl.dir/pinctrl_npcx.c.obj
[pujjogatwin:rw] [314/414] Building C object zephyr/drivers/pwm/CMakeFiles/drivers__pwm.dir/pwm_shell.c.obj
[/mnt/host/source/src/platform/ec/build/zephyr/brtk-lcov]   /mnt/host/source/src/platform/ec/build/zephyr/brtk/build-rw/modules/ec/zephyr/CMakeFiles/ec_shim.dir/shim/src/thermal.c.gcno:no functions found
[/mnt/host/source/src/platform/ec/build/zephyr/brtk-lcov] stderr:
[pujjogatwin:rw] [315/414] Linking C static library zephyr/drivers/pinctrl/libdrivers__pinctrl.a
[pujjogatwin:rw] [316/414] Building C object zephyr/drivers/syscon/CMakeFiles/drivers__syscon.dir/syscon.c.obj
[pujjogatwin:rw] [317/414] Building C object zephyr/drivers/pwm/CMakeFiles/drivers__pwm.dir/pwm_npcx.c.obj
[/mnt/host/source/src/platform/ec/build/zephyr/kaladin-lcov]   /mnt/host/source/src/platform/ec/build/zephyr/kaladin/build-rw/zephyr/CMakeFiles/zephyr.dir/lib/utils/last_section_id.c.gcno:no functions found
[/mnt/host/source/src/platform/ec/build/zephyr/kaladin-lcov] stderr:
[craaskov:rw] [84/409] Building ASM object zephyr/arch/arch/arm/core/cortex_m/CMakeFiles/arch__arm__core__cortex_m.dir/vector_table.S.obj
[pujjogatwin:rw] [318/414] Linking C static library zephyr/drivers/syscon/libdrivers__syscon.a
[pujjogatwin:rw] [319/414] Linking C static library zephyr/drivers/pwm/libdrivers__pwm.a
[pujjogatwin:rw] [320/414] Building C object zephyr/drivers/sensor/nuvoton/nuvoton_adc_cmp_npcx/CMakeFiles/drivers__sensor__nuvoton__nuvoton_adc_cmp_npcx.dir/adc_cmp_npcx.c.obj
[pujjogatwin:rw] [321/414] Building C object zephyr/drivers/serial/CMakeFiles/drivers__serial.dir/uart_npcx.c.obj
[pujjogatwin:rw] [322/414] Linking C static library zephyr/drivers/sensor/nuvoton/nuvoton_adc_cmp_npcx/libdrivers__sensor__nuvoton__nuvoton_adc_cmp_npcx.a
[/mnt/host/source/src/platform/ec/build/zephyr/brtk-lcov]   /mnt/host/source/src/platform/ec/build/zephyr/brtk/build-rw/modules/ec/zephyr/CMakeFiles/ec_shim.dir/shim/src/battery.c.gcno:no functions found
[/mnt/host/source/src/platform/ec/build/zephyr/brtk-lcov] stderr:
[pujjogatwin:rw] [323/414] Linking C static library zephyr/drivers/serial/libdrivers__serial.a
[/mnt/host/source/src/platform/ec/build/zephyr/fatcatrvp-npcx-lcov]   /mnt/host/source/src/platform/ec/build/zephyr/fatcatrvp-npcx/build-rw/CMakeFiles/app.dir/mnt/host/source/src/platform/ec/build/zephyr/fatcatrvp-npcx/modules/ec/common/cbi_config.c.gcno:no functions found
[pujjogatwin:rw] [324/414] Building C object zephyr/drivers/timer/CMakeFiles/drivers__timer.dir/npcx_itim_timer.c.obj
[/mnt/host/source/src/platform/ec/build/zephyr/fatcatrvp-npcx-lcov] stderr:
[pujjogatwin:rw] [325/414] Building C object zephyr/drivers/timer/CMakeFiles/drivers__timer.dir/sys_clock_init.c.obj
[pujjogatwin:rw] [326/414] Linking C static library zephyr/drivers/timer/libdrivers__timer.a
[pujjogatwin:rw] [327/414] Building C object zephyr/drivers/watchdog/CMakeFiles/drivers__watchdog.dir/wdt_npcx.c.obj
[craaskov:rw] [85/409] Building ASM object zephyr/arch/arch/arm/core/cortex_m/CMakeFiles/arch__arm__core__cortex_m.dir/swap_helper.S.obj
[pujjogatwin:rw] [328/414] Building C object zephyr/drivers/watchdog/CMakeFiles/drivers__watchdog.dir/wdt_shell.c.obj
[pujjogatwin:rw] [329/414] Linking C static library zephyr/drivers/watchdog/libdrivers__watchdog.a
[/mnt/host/source/src/platform/ec/build/zephyr/ptlrvp_mchp-lcov]   /mnt/host/source/src/platform/ec/build/zephyr/ptlrvp_mchp/build-rw/zephyr/drivers/sensor/CMakeFiles/drivers__sensor.dir/mnt/host/source/src/third_party/zephyr/main/misc/empty_file.c.gcno:no functions found
[/mnt/host/source/src/platform/ec/build/zephyr/ptlrvp_mchp-lcov] Filter suppressions 'region':
[/mnt/host/source/src/platform/ec/build/zephyr/ptlrvp_mchp-lcov]     36 instances
[/mnt/host/source/src/platform/ec/build/zephyr/ptlrvp_mchp-lcov]     26 coverpoints
[/mnt/host/source/src/platform/ec/build/zephyr/ptlrvp_mchp-lcov] Message summary:
[/mnt/host/source/src/platform/ec/build/zephyr/ptlrvp_mchp-lcov]   25 ignore messages:
[/mnt/host/source/src/platform/ec/build/zephyr/ptlrvp_mchp-lcov]     gcov: 25
[craaskov:rw] [86/409] Building C object zephyr/arch/arch/arm/core/cortex_m/CMakeFiles/arch__arm__core__cortex_m.dir/irq_manage.c.obj
[/mnt/host/source/src/platform/ec/build/zephyr/baze-lcov]   /mnt/host/source/src/platform/ec/build/zephyr/baze/build-rw/zephyr/CMakeFiles/zephyr.dir/subsys/shell/modules/kernel_service/kernel_shell.c.gcno:no functions found
[/mnt/host/source/src/platform/ec/build/zephyr/baze-lcov] stderr:
[pujjogatwin:rw] [330/414] Building C object modules/ec/zephyr/CMakeFiles/ec_shim.dir/app/ec/main_shim.c.obj
[/mnt/host/source/src/platform/ec/build/zephyr/brtk-lcov]   /mnt/host/source/src/platform/ec/build/zephyr/brtk/build-rw/modules/ec/zephyr/CMakeFiles/ec_shim.dir/shim/src/charger.c.gcno:no functions found
[/mnt/host/source/src/platform/ec/build/zephyr/brtk-lcov] stderr:
[/mnt/host/source/src/platform/ec/build/zephyr/baze-lcov]   /mnt/host/source/src/platform/ec/build/zephyr/baze/build-rw/zephyr/CMakeFiles/zephyr.dir/lib/libc/validate_libc.c.gcno:no functions found
[/mnt/host/source/src/platform/ec/build/zephyr/baze-lcov] stderr:
[pujjogatwin:rw] [331/414] Building C object modules/ec/zephyr/CMakeFiles/ec_shim.dir/drivers/cros_flash/cros_flash_npcx.c.obj
[pujjogatwin:rw] [332/414] Building C object modules/ec/zephyr/CMakeFiles/ec_shim.dir/app/ec/ec_app_main.c.obj
[pujjogatwin:rw] [333/414] Building C object modules/ec/zephyr/CMakeFiles/ec_shim.dir/drivers/cros_kb_raw/cros_kb_raw_npcx.c.obj
[pujjogatwin:rw] [334/414] Building C object modules/ec/zephyr/CMakeFiles/ec_shim.dir/drivers/cros_system/cros_system_npcx.c.obj
[pujjogatwin:rw] [335/414] Building C object modules/ec/zephyr/CMakeFiles/ec_shim.dir/shim/chip/npcx/clock.c.obj
[pujjogatwin:rw] [336/414] Building C object modules/ec/zephyr/CMakeFiles/ec_shim.dir/drivers/vivaldi_kbd/vivaldi_kbd.c.obj
[craaskov:rw] [87/409] Building C object zephyr/arch/arch/arm/core/cortex_m/CMakeFiles/arch__arm__core__cortex_m.dir/prep_c.c.obj
[craaskov:rw] [88/409] Building C object zephyr/arch/arch/arm/core/cortex_m/CMakeFiles/arch__arm__core__cortex_m.dir/cpu_idle.c.obj
[craaskov:rw] [89/409] Building C object zephyr/arch/arch/arm/core/cortex_m/CMakeFiles/arch__arm__core__cortex_m.dir/thread.c.obj
[pujjogatwin:rw] [337/414] Building C object modules/ec/zephyr/CMakeFiles/ec_shim.dir/shim/chip/npcx/rom_chip.c.obj
[pujjogatwin:rw] [338/414] Building C object modules/ec/zephyr/CMakeFiles/ec_shim.dir/shim/chip/npcx/keyboard_raw.c.obj
[/mnt/host/source/src/platform/ec/build/zephyr/fatcatrvp-npcx-lcov]   /mnt/host/source/src/platform/ec/build/zephyr/fatcatrvp-npcx/build-rw/zephyr/arch/arch/arm/core/mpu/CMakeFiles/arch__arm__core__mpu.dir/arm_mpu_regions.c.gcno:no functions found
[/mnt/host/source/src/platform/ec/build/zephyr/fatcatrvp-npcx-lcov] stderr:
[pujjogatwin:rw] [339/414] Building C object modules/ec/zephyr/CMakeFiles/ec_shim.dir/shim/chip/npcx/system_external_storage.c.obj
[pujjogatwin:rw] [340/414] Building C object modules/ec/zephyr/CMakeFiles/ec_shim.dir/shim/chip/npcx/system.c.obj
[craaskov:rw] [90/409] Building C object zephyr/arch/arch/arm/core/cortex_m/CMakeFiles/arch__arm__core__cortex_m.dir/isr_wrapper.c.obj
[craaskov:rw] [91/409] Building C object zephyr/arch/arch/arm/core/cortex_m/CMakeFiles/arch__arm__core__cortex_m.dir/irq_init.c.obj
[pujjogatwin:rw] [341/414] Building C object modules/ec/zephyr/CMakeFiles/ec_shim.dir/shim/chip/npcx/gpio.c.obj
[pujjogatwin:rw] [342/414] Building C object modules/ec/zephyr/CMakeFiles/ec_shim.dir/shim/chip/npcx/system_download_from_flash.c.obj
[/mnt/host/source/src/platform/ec/build/zephyr/baze-lcov]   /mnt/host/source/src/platform/ec/build/zephyr/baze/build-rw/zephyr/CMakeFiles/zephyr.dir/lib/utils/last_section_id.c.gcno:no functions found
[/mnt/host/source/src/platform/ec/build/zephyr/baze-lcov] stderr:
[craaskov:rw] [92/409] Linking C static library zephyr/arch/arch/arm/core/cortex_m/libarch__arm__core__cortex_m.a
[pujjogatwin:rw] [343/414] Building C object modules/ec/zephyr/CMakeFiles/ec_shim.dir/shim/src/crc.c.obj
[pujjogatwin:rw] [344/414] Building C object modules/ec/zephyr/CMakeFiles/ec_shim.dir/shim/chip/npcx/power_policy.c.obj
[craaskov:rw] [93/409] Building C object zephyr/arch/arch/arm/core/mpu/CMakeFiles/arch__arm__core__mpu.dir/arm_core_mpu.c.obj
[pujjogatwin:rw] [345/414] Building C object modules/ec/zephyr/CMakeFiles/ec_shim.dir/shim/core/cortex-m/mpu.c.obj
[craaskov:rw] [94/409] Generating ../../../include/generated/libc/minimal/strerror_table.h
[craaskov:rw] [95/409] Building C object zephyr/lib/libc/minimal/CMakeFiles/lib__libc__minimal.dir/source/stdlib/atoi.c.obj
[pujjogatwin:rw] [346/414] Building C object modules/ec/zephyr/CMakeFiles/ec_shim.dir/shim/core/cortex-m/panic.c.obj
[craaskov:rw] [96/409] Building C object zephyr/lib/libc/minimal/CMakeFiles/lib__libc__minimal.dir/source/stdlib/strtol.c.obj
[craaskov:rw] [97/409] Building C object zephyr/arch/arch/arm/core/mpu/CMakeFiles/arch__arm__core__mpu.dir/arm_mpu_regions.c.obj
[/mnt/host/source/src/platform/ec/build/zephyr/brtk-lcov]   /mnt/host/source/src/platform/ec/build/zephyr/brtk/build-rw/modules/ec/zephyr/CMakeFiles/ec_shim.dir/shim/src/usba.c.gcno:no functions found
[/mnt/host/source/src/platform/ec/build/zephyr/brtk-lcov] stderr:
[craaskov:rw] [98/409] Building C object zephyr/lib/libc/minimal/CMakeFiles/lib__libc__minimal.dir/source/stdlib/strtoul.c.obj
[pujjogatwin:rw] [347/414] Building C object modules/ec/zephyr/CMakeFiles/ec_shim.dir/shim/src/console.c.obj
[/mnt/host/source/src/platform/ec/build/zephyr/fatcatrvp-npcx-lcov]   /mnt/host/source/src/platform/ec/build/zephyr/fatcatrvp-npcx/build-rw/zephyr/arch/common/CMakeFiles/isr_tables.dir/isr_tables.c.gcno:no functions found
[/mnt/host/source/src/platform/ec/build/zephyr/fatcatrvp-npcx-lcov] stderr:
[/mnt/host/source/src/platform/ec/build/zephyr/kaladin-lcov]   /mnt/host/source/src/platform/ec/build/zephyr/kaladin/build-rw/zephyr/CMakeFiles/zephyr.dir/soc/ite/ec/it8xxx2/check_regs.c.gcno:no functions found
[/mnt/host/source/src/platform/ec/build/zephyr/kaladin-lcov] stderr:
[craaskov:rw] [99/409] Building C object zephyr/arch/arch/arm/core/mpu/CMakeFiles/arch__arm__core__mpu.dir/arm_mpu.c.obj
[craaskov:rw] [100/409] Building C object zephyr/lib/libc/minimal/CMakeFiles/lib__libc__minimal.dir/source/stdlib/strtoull.c.obj
[craaskov:rw] [101/409] Building C object zephyr/lib/libc/minimal/CMakeFiles/lib__libc__minimal.dir/source/stdlib/strtoll.c.obj
[pujjogatwin:rw] [348/414] Building C object modules/ec/zephyr/CMakeFiles/ec_shim.dir/shim/src/cbi/cros_cbi.c.obj
[pujjogatwin:rw] [349/414] Building C object modules/ec/zephyr/CMakeFiles/ec_shim.dir/shim/src/panic_utils.c.obj
[craaskov:rw] [102/409] Linking C static library zephyr/arch/arch/arm/core/mpu/libarch__arm__core__mpu.a
[pujjogatwin:rw] [350/414] Building C object modules/ec/zephyr/CMakeFiles/ec_shim.dir/shim/src/gpio_int.c.obj
[pujjogatwin:rw] [351/414] Building C object modules/ec/zephyr/CMakeFiles/ec_shim.dir/shim/src/gpio.c.obj
[craaskov:rw] [103/409] Building C object zephyr/lib/libc/minimal/CMakeFiles/lib__libc__minimal.dir/source/stdlib/bsearch.c.obj
[pujjogatwin:rw] [352/414] Building ASM object modules/ec/zephyr/CMakeFiles/ec_shim.dir/shim/src/libgcc_arm.S.obj
[pujjogatwin:rw] [353/414] Building C object modules/ec/zephyr/CMakeFiles/ec_shim.dir/shim/src/cbi/cros_cbi_fw_config.c.obj
[pujjogatwin:rw] [354/414] Building C object modules/ec/zephyr/CMakeFiles/ec_shim.dir/shim/src/pm_state.c.obj
[craaskov:rw] [104/409] Building C object zephyr/lib/libc/minimal/CMakeFiles/lib__libc__minimal.dir/source/stdlib/qsort.c.obj
[craaskov:rw] [105/409] Building C object zephyr/lib/libc/minimal/CMakeFiles/lib__libc__minimal.dir/source/string/strerror.c.obj
[pujjogatwin:rw] [355/414] Building C object modules/ec/zephyr/CMakeFiles/ec_shim.dir/shim/src/cbi/cbi_eeprom.c.obj
[craaskov:rw] [106/409] Building C object zephyr/lib/libc/minimal/CMakeFiles/lib__libc__minimal.dir/source/string/strncasecmp.c.obj
[craaskov:rw] [107/409] Building C object zephyr/lib/libc/minimal/CMakeFiles/lib__libc__minimal.dir/source/string/strstr.c.obj
[craaskov:rw] [108/409] Building C object zephyr/lib/libc/minimal/CMakeFiles/lib__libc__minimal.dir/source/stdlib/exit.c.obj
[craaskov:rw] [109/409] Building C object zephyr/lib/libc/minimal/CMakeFiles/lib__libc__minimal.dir/source/string/string.c.obj
[craaskov:rw] [110/409] Building C object zephyr/lib/libc/minimal/CMakeFiles/lib__libc__minimal.dir/source/string/strspn.c.obj
[pujjogatwin:rw] [356/414] Building C object modules/ec/zephyr/CMakeFiles/ec_shim.dir/shim/src/system.c.obj
[pujjogatwin:rw] [357/414] Building C object modules/ec/zephyr/CMakeFiles/ec_shim.dir/shim/src/battery.c.obj
[pujjogatwin:rw] [358/414] Building C object modules/ec/zephyr/CMakeFiles/ec_shim.dir/shim/src/charger.c.obj
[pujjogatwin:rw] [359/414] Building C object modules/ec/zephyr/CMakeFiles/ec_shim.dir/shim/src/chipset_api.c.obj
[pujjogatwin:rw] [360/414] Building C object modules/ec/zephyr/CMakeFiles/ec_shim.dir/shim/src/adc.c.obj
[pujjogatwin:rw] [361/414] Building C object modules/ec/zephyr/CMakeFiles/ec_shim.dir/shim/src/flash.c.obj
[pujjogatwin:rw] [362/414] Building C object modules/ec/zephyr/CMakeFiles/ec_shim.dir/shim/src/espi.c.obj
[craaskov:rw] [111/409] Building C object zephyr/lib/libc/minimal/CMakeFiles/lib__libc__minimal.dir/source/stdout/sprintf.c.obj
[/mnt/host/source/src/platform/ec/build/zephyr/kelpie-lcov]   /mnt/host/source/src/platform/ec/build/zephyr/kelpie/build-rw/modules/ec/zephyr/CMakeFiles/ec_shim.dir/shim/src/keyscan.c.gcno:no functions found
[/mnt/host/source/src/platform/ec/build/zephyr/kelpie-lcov] stderr:
[craaskov:rw] [112/409] Building C object zephyr/lib/libc/minimal/CMakeFiles/lib__libc__minimal.dir/source/stdout/fprintf.c.obj
[craaskov:rw] [113/409] Building C object zephyr/lib/libc/minimal/CMakeFiles/lib__libc__minimal.dir/source/stdout/stdout_console.c.obj
[pujjogatwin:rw] [363/414] Building C object modules/ec/zephyr/CMakeFiles/ec_shim.dir/shim/src/hooks.c.obj
[craaskov:rw] [114/409] Building C object zephyr/lib/libc/minimal/CMakeFiles/lib__libc__minimal.dir/source/math/sqrt.c.obj
[craaskov:rw] [115/409] Building C object zephyr/lib/libc/minimal/CMakeFiles/lib__libc__minimal.dir/source/math/sqrtf.c.obj
[pujjogatwin:rw] [364/414] Building C object modules/ec/zephyr/CMakeFiles/ec_shim.dir/shim/src/keyboard_raw.c.obj
[pujjogatwin:rw] [365/414] Building C object modules/ec/zephyr/CMakeFiles/ec_shim.dir/shim/src/keyscan.c.obj
[pujjogatwin:rw] [366/414] Building C object modules/ec/zephyr/CMakeFiles/ec_shim.dir/shim/src/mkbp_event.c.obj
[pujjogatwin:rw] [367/414] Building C object modules/ec/zephyr/CMakeFiles/ec_shim.dir/shim/src/host_command.c.obj
[craaskov:rw] [116/409] Building C object zephyr/lib/libc/common/CMakeFiles/lib__libc__common.dir/source/time/asctime.c.obj
[pujjogatwin:rw] [368/414] Building C object modules/ec/zephyr/CMakeFiles/ec_shim.dir/shim/src/console_buffer.c.obj
[/mnt/host/source/src/platform/ec/build/zephyr/kelpie-lcov]   /mnt/host/source/src/platform/ec/build/zephyr/kelpie/build-rw/zephyr/arch/arch/riscv/core/CMakeFiles/arch__riscv__core.dir/cpu_idle.c.gcno:no functions found
[/mnt/host/source/src/platform/ec/build/zephyr/kelpie-lcov] stderr:
[craaskov:rw] [117/409] Building C object zephyr/lib/libc/common/CMakeFiles/lib__libc__common.dir/source/time/gmtime_r.c.obj
[craaskov:rw] [118/409] Building C object zephyr/lib/libc/minimal/CMakeFiles/lib__libc__minimal.dir/source/time/gmtime.c.obj
[pujjogatwin:rw] [369/414] Building C object modules/ec/zephyr/CMakeFiles/ec_shim.dir/shim/src/panic.c.obj
[craaskov:rw] [119/409] Linking C static library zephyr/lib/libc/minimal/liblib__libc__minimal.a
[pujjogatwin:rw] [370/414] Building C object modules/ec/zephyr/CMakeFiles/ec_shim.dir/shim/src/motionsense_sensors.c.obj
[craaskov:rw] [120/409] Building C object zephyr/lib/libc/common/CMakeFiles/lib__libc__common.dir/source/time/localtime_r_utc.c.obj
[craaskov:rw] [121/409] Building C object zephyr/lib/libc/common/CMakeFiles/lib__libc__common.dir/source/stdlib/abort.c.obj
[craaskov:rw] [122/409] Building C object zephyr/lib/libc/common/CMakeFiles/lib__libc__common.dir/source/time/time.c.obj
[pujjogatwin:rw] [371/414] Building C object modules/ec/zephyr/CMakeFiles/ec_shim.dir/shim/src/temp_sensors.c.obj
[craaskov:rw] [123/409] Building C object zephyr/lib/libc/common/CMakeFiles/lib__libc__common.dir/source/time/ctime.c.obj
[pujjogatwin:rw] [372/414] Building C object modules/ec/zephyr/CMakeFiles/ec_shim.dir/shim/src/hwtimer.c.obj
[craaskov:rw] [124/409] Building C object zephyr/lib/libc/common/CMakeFiles/lib__libc__common.dir/source/string/strnlen.c.obj
[craaskov:rw] [125/409] Building C object zephyr/lib/posix/c_lib_ext/CMakeFiles/lib__posix__c_lib_ext.dir/fnmatch.c.obj
[pujjogatwin:rw] [373/414] Building C object modules/ec/zephyr/CMakeFiles/ec_shim.dir/shim/src/thermal.c.obj
[pujjogatwin:rw] [374/414] Building C object modules/ec/zephyr/CMakeFiles/ec_shim.dir/shim/src/i2c.c.obj
[pujjogatwin:rw] [375/414] Building C object modules/ec/zephyr/CMakeFiles/ec_shim.dir/shim/src/tasks.c.obj
[/mnt/host/source/src/platform/ec/build/zephyr/kelpie-lcov]   /mnt/host/source/src/platform/ec/build/zephyr/kelpie/build-rw/zephyr/arch/common/CMakeFiles/isr_tables.dir/isr_tables.c.gcno:no functions found
[/mnt/host/source/src/platform/ec/build/zephyr/kelpie-lcov] stderr:
[pujjogatwin:rw] [376/414] Building C object modules/ec/zephyr/CMakeFiles/ec_shim.dir/shim/src/watchdog.c.obj
[craaskov:rw] [126/409] Building C object zephyr/lib/libc/common/CMakeFiles/lib__libc__common.dir/source/stdlib/malloc.c.obj
[pujjogatwin:rw] [377/414] Building C object modules/ec/zephyr/CMakeFiles/ec_shim.dir/shim/src/tcpc_nct38xx.c.obj
[craaskov:rw] [127/409] Linking C static library zephyr/lib/libc/common/liblib__libc__common.a
[pujjogatwin:rw] [378/414] Building C object modules/ec/zephyr/CMakeFiles/ec_shim.dir/shim/src/ppc.c.obj
[craaskov:rw] [128/409] Building C object zephyr/lib/posix/c_lib_ext/CMakeFiles/lib__posix__c_lib_ext.dir/getentropy.c.obj
[pujjogatwin:rw] [379/414] Building C object modules/ec/zephyr/CMakeFiles/ec_shim.dir/shim/src/usba.c.obj
[craaskov:rw] [129/409] Building C object zephyr/lib/posix/c_lib_ext/CMakeFiles/lib__posix__c_lib_ext.dir/getopt_shim.c.obj
[craaskov:rw] [130/409] Building C object zephyr/subsys/crc/CMakeFiles/subsys__crc.dir/crc4_sw.c.obj
[craaskov:rw] [131/409] Linking C static library zephyr/lib/posix/c_lib_ext/liblib__posix__c_lib_ext.a
[/mnt/host/source/src/platform/ec/build/zephyr/kaladin-lcov]   /mnt/host/source/src/platform/ec/build/zephyr/kaladin/build-rw/zephyr/kernel/CMakeFiles/kernel.dir/errno.c.gcno:no functions found
[/mnt/host/source/src/platform/ec/build/zephyr/kaladin-lcov] stderr:
[craaskov:rw] [132/409] Building C object zephyr/subsys/crc/CMakeFiles/subsys__crc.dir/crc8_sw.c.obj
[pujjogatwin:rw] [380/414] Building C object modules/ec/zephyr/CMakeFiles/ec_shim.dir/shim/src/power_host_sleep_api.c.obj
[pujjogatwin:rw] [381/414] Building C object zephyr/kernel/CMakeFiles/kernel.dir/main_weak.c.obj
[craaskov:rw] [133/409] Building C object zephyr/subsys/crc/CMakeFiles/subsys__crc.dir/crc16_sw.c.obj
[craaskov:rw] [134/409] Building C object zephyr/subsys/crc/CMakeFiles/subsys__crc.dir/crc7_sw.c.obj
[craaskov:rw] [135/409] Building C object zephyr/subsys/crc/CMakeFiles/subsys__crc.dir/crc32c_sw.c.obj
[pujjogatwin:rw] [382/414] Building C object zephyr/kernel/CMakeFiles/kernel.dir/banner.c.obj
[craaskov:rw] [136/409] Building C object zephyr/subsys/crc/CMakeFiles/subsys__crc.dir/crc24_sw.c.obj
[pujjogatwin:rw] [383/414] Building C object modules/ec/zephyr/CMakeFiles/ec_shim.dir/shim/src/usb_muxes.c.obj
[craaskov:rw] [137/409] Building C object zephyr/subsys/crc/CMakeFiles/subsys__crc.dir/crc32k_4_2_sw.c.obj
[craaskov:rw] [138/409] Building C object zephyr/subsys/crc/CMakeFiles/subsys__crc.dir/crc32_sw.c.obj
[pujjogatwin:rw] [384/414] Building C object zephyr/kernel/CMakeFiles/kernel.dir/busy_wait.c.obj
[craaskov:rw] [139/409] Linking C static library zephyr/subsys/crc/libsubsys__crc.a
[pujjogatwin:rw] [385/414] Linking C static library modules/ec/zephyr/libec_shim.a
[pujjogatwin:rw] [386/414] Building C object zephyr/kernel/CMakeFiles/kernel.dir/device.c.obj
[pujjogatwin:rw] [387/414] Building C object zephyr/kernel/CMakeFiles/kernel.dir/errno.c.obj
[pujjogatwin:rw] [388/414] Building C object zephyr/kernel/CMakeFiles/kernel.dir/version.c.obj
[/mnt/host/source/src/platform/ec/build/zephyr/fatcatrvp-npcx-lcov]   /mnt/host/source/src/platform/ec/build/zephyr/fatcatrvp-npcx/build-rw/zephyr/CMakeFiles/zephyr.dir/subsys/shell/modules/kernel_service/kernel_shell.c.gcno:no functions found
[/mnt/host/source/src/platform/ec/build/zephyr/fatcatrvp-npcx-lcov] stderr:
[pujjogatwin:rw] [389/414] Building C object zephyr/kernel/CMakeFiles/kernel.dir/fatal.c.obj
[pujjogatwin:rw] [390/414] Building C object zephyr/kernel/CMakeFiles/kernel.dir/kheap.c.obj
[/mnt/host/source/src/platform/ec/build/zephyr/fatcatrvp-npcx-lcov]   /mnt/host/source/src/platform/ec/build/zephyr/fatcatrvp-npcx/build-rw/zephyr/CMakeFiles/zephyr.dir/lib/libc/validate_libc.c.gcno:no functions found
[/mnt/host/source/src/platform/ec/build/zephyr/fatcatrvp-npcx-lcov] stderr:
[pujjogatwin:rw] [391/414] Building C object zephyr/kernel/CMakeFiles/kernel.dir/init.c.obj
[pujjogatwin:rw] [392/414] Building C object zephyr/kernel/CMakeFiles/kernel.dir/mem_slab.c.obj
[craaskov:rw] [140/409] Building C object zephyr/drivers/interrupt_controller/CMakeFiles/drivers__interrupt_controller.dir/intc_miwu.c.obj
[pujjogatwin:rw] [393/414] Building C object zephyr/kernel/CMakeFiles/kernel.dir/float.c.obj
[craaskov:rw] [141/409] Building C object zephyr/drivers/adc/CMakeFiles/drivers__adc.dir/adc_common.c.obj
[craaskov:rw] [142/409] Linking C static library zephyr/drivers/interrupt_controller/libdrivers__interrupt_controller.a
[pujjogatwin:rw] [394/414] Building C object zephyr/kernel/CMakeFiles/kernel.dir/msg_q.c.obj
[pujjogatwin:rw] [395/414] Building C object zephyr/kernel/CMakeFiles/kernel.dir/mailbox.c.obj
[pujjogatwin:rw] [396/414] Building C object zephyr/kernel/CMakeFiles/kernel.dir/idle.c.obj
[craaskov:rw] [143/409] Building C object zephyr/drivers/adc/CMakeFiles/drivers__adc.dir/adc_npcx.c.obj
[craaskov:rw] [144/409] Linking C static library zephyr/drivers/adc/libdrivers__adc.a
[/mnt/host/source/src/platform/ec/build/zephyr/kaladin-lcov]   /mnt/host/source/src/platform/ec/build/zephyr/kaladin/build-rw/zephyr/lib/libc/picolibc/CMakeFiles/lib__libc__picolibc.dir/errno_wrap.c.gcno:no functions found
[/mnt/host/source/src/platform/ec/build/zephyr/kaladin-lcov] stderr:
[pujjogatwin:rw] [397/414] Building C object zephyr/kernel/CMakeFiles/kernel.dir/mutex.c.obj
[pujjogatwin:rw] [398/414] Building C object zephyr/kernel/CMakeFiles/kernel.dir/queue.c.obj
[pujjogatwin:rw] [399/414] Building C object zephyr/kernel/CMakeFiles/kernel.dir/sem.c.obj
[pujjogatwin:rw] [400/414] Building C object zephyr/kernel/CMakeFiles/kernel.dir/stack.c.obj
[pujjogatwin:rw] [401/414] Building C object zephyr/kernel/CMakeFiles/kernel.dir/system_work_q.c.obj
[craaskov:rw] [145/409] Building C object zephyr/drivers/bbram/CMakeFiles/drivers__bbram.dir/bbram_npcx.c.obj
[pujjogatwin:rw] [402/414] Building C object zephyr/kernel/CMakeFiles/kernel.dir/condvar.c.obj
[craaskov:rw] [146/409] Building C object zephyr/drivers/clock_control/CMakeFiles/drivers__clock_control.dir/clock_control_npcx.c.obj
[craaskov:rw] [147/409] Building C object zephyr/drivers/console/CMakeFiles/drivers__console.dir/uart_console.c.obj
[pujjogatwin:rw] [403/414] Building C object zephyr/kernel/CMakeFiles/kernel.dir/thread.c.obj
[craaskov:rw] [148/409] Linking C static library zephyr/drivers/bbram/libdrivers__bbram.a
[pujjogatwin:rw] [404/414] Building C object zephyr/kernel/CMakeFiles/kernel.dir/work.c.obj
[craaskov:rw] [149/409] Linking C static library zephyr/drivers/clock_control/libdrivers__clock_control.a
[/mnt/host/source/src/platform/ec/build/zephyr/fatcatrvp-npcx-lcov]   /mnt/host/source/src/platform/ec/build/zephyr/fatcatrvp-npcx/build-rw/zephyr/CMakeFiles/zephyr.dir/lib/utils/last_section_id.c.gcno:no functions found
[/mnt/host/source/src/platform/ec/build/zephyr/fatcatrvp-npcx-lcov] stderr:
[pujjogatwin:rw] [405/414] Building C object zephyr/kernel/CMakeFiles/kernel.dir/sched.c.obj
[pujjogatwin:rw] [406/414] Building C object zephyr/kernel/CMakeFiles/kernel.dir/thread_monitor.c.obj
[pujjogatwin:rw] [407/414] Building C object zephyr/kernel/CMakeFiles/kernel.dir/pipe.c.obj
[pujjogatwin:rw] [408/414] Building C object zephyr/kernel/CMakeFiles/kernel.dir/timer.c.obj
[pujjogatwin:rw] [409/414] Building C object zephyr/kernel/CMakeFiles/kernel.dir/timeout.c.obj
[pujjocento:rw] Building: /usr/bin/ninja -C /mnt/host/source/src/platform/ec/build/zephyr/pujjocento/build-rw all.libraries
Running `env -i SHELL=/bin/bash COLORTERM=truecolor DEPOT_TOOLS_UPDATE=0 LESS='-R -M --shift 5' SUDO_GID=0 JDK_HOME=/etc/java-config-2/current-system-vm CONFIG_PROTECT_MASK='/etc/gentoo-release /etc/sandbox.d /etc/fonts/fonts.conf /etc/terminfo /etc/ca-certificates.conf /etc/revdep-rebuild' CHROMEOS_CACHEDIR=/var/cache/chromeos-cache JAVA_HOME=/etc/java-config-2/current-system-vm SSH_AUTH_SOCK=/tmp/ssh-auth-sock SUDO_COMMAND=/bin/bash SUDO_USER=root SUDO_TTY=/dev/pts/2 EDITOR=/usr/bin/vi PWD=/mnt/host/source/src/platform/ec CONFIG_PROTECT=/usr/share/gnupg/qualified.txt LOGNAME=jpmurphy MANPATH=/etc/java-config-2/current-system-vm/man:/usr/local/share/man:/usr/share/man:/usr/share/gcc-data/x86_64-pc-linux-gnu/10.2.0/man:/usr/share/binutils-data/x86_64-pc-linux-gnu/2.45/man:/etc/java-config-2/current-system-vm/man/ SUDO_HOME=/root XAUTHORITY=/run/user/944457/gdm/Xauthority HOME=/home/jpmurphy LANG=C.UTF-8 LS_COLORS='rs=0:di=01;34:ln=01;36:mh=00:pi=40;33:so=01;35:do=01;35:bd=40;33;01:cd=40;33;01:or=01;05;37;41:mi=01;05;37;41:su=37;41:sg=30;43:ca=30;41:tw=30;42:ow=34;42:st=37;44:ex=01;32:*.tar=01;31:*.tgz=01;31:*.arc=01;31:*.arj=01;31:*.taz=01;31:*.lha=01;31:*.lz4=01;31:*.lzh=01;31:*.lzma=01;31:*.tlz=01;31:*.txz=01;31:*.tzo=01;31:*.t7z=01;31:*.zip=01;31:*.z=01;31:*.dz=01;31:*.gz=01;31:*.lrz=01;31:*.lz=01;31:*.lzo=01;31:*.xz=01;31:*.zst=01;31:*.tzst=01;31:*.bz2=01;31:*.bz=01;31:*.tbz=01;31:*.tbz2=01;31:*.tz=01;31:*.deb=01;31:*.rpm=01;31:*.jar=01;31:*.war=01;31:*.ear=01;31:*.sar=01;31:*.rar=01;31:*.alz=01;31:*.ace=01;31:*.zoo=01;31:*.cpio=01;31:*.7z=01;31:*.rz=01;31:*.cab=01;31:*.wim=01;31:*.swm=01;31:*.dwm=01;31:*.esd=01;31:*.jpg=01;35:*.jpeg=01;35:*.mjpg=01;35:*.mjpeg=01;35:*.gif=01;35:*.bmp=01;35:*.pbm=01;35:*.pgm=01;35:*.ppm=01;35:*.tga=01;35:*.xbm=01;35:*.xpm=01;35:*.tif=01;35:*.tiff=01;35:*.png=01;35:*.svg=01;35:*.svgz=01;35:*.mng=01;35:*.pcx=01;35:*.mov=01;35:*.mpg=01;35:*.mpeg=01;35:*.m2v=01;35:*.mkv=01;35:*.webm=01;35:*.webp=01;35:*.ogm=01;35:*.mp4=01;35:*.m4v=01;35:*.mp4v=01;35:*.vob=01;35:*.qt=01;35:*.nuv=01;35:*.wmv=01;35:*.asf=01;35:*.rm=01;35:*.rmvb=01;35:*.flc=01;35:*.avi=01;35:*.fli=01;35:*.flv=01;35:*.gl=01;35:*.dl=01;35:*.xcf=01;35:*.xwd=01;35:*.yuv=01;35:*.cgm=01;35:*.emf=01;35:*.ogv=01;35:*.ogx=01;35:*.cfg=00;32:*.conf=00;32:*.diff=00;32:*.doc=00;32:*.ini=00;32:*.log=00;32:*.patch=00;32:*.pdf=00;32:*.ps=00;32:*.tex=00;32:*.txt=00;32:*.aac=00;36:*.au=00;36:*.flac=00;36:*.m4a=00;36:*.mid=00;36:*.midi=00;36:*.mka=00;36:*.mp3=00;36:*.mpc=00;36:*.ogg=00;36:*.ra=00;36:*.wav=00;36:*.oga=00;36:*.opus=00;36:*.spx=00;36:*.xspf=00;36:' XDG_CURRENT_DESKTOP=GNOME INFOPATH=/usr/share/info:/usr/share/gcc-data/x86_64-pc-linux-gnu/10.2.0/info:/usr/share/binutils-data/x86_64-pc-linux-gnu/2.45/info:/usr/share/automake-1.16.5/info JAVAC=/etc/java-config-2/current-system-vm/bin/javac TERM=xterm-256color LESSOPEN='|lesspipe %s' USER=jpmurphy CROS_WORKON_SRCROOT=/mnt/host/source MANPAGER=manpager DISPLAY=:1 SHLVL=1 LC_MESSAGES=C EXTERNAL_TRUNK_PATH=/mnt/8f9d649a-3721-44cc-93c0-e6bd21a9689f/chromiumos GCC_SPECS='' PATH=/mnt/host/source/chromite/bin:/usr/local/bin:/usr/bin:/bin:/opt/bin:/mnt/host/source/chromite/sdk/bin:/mnt/host/source/chromite/bin PORTAGE_USERNAME=jpmurphy SUDO_UID=0 GCC_VER=10.2.0 MAIL=/var/mail/jpmurphy OLDPWD=/mnt/host/source/src/scripts traceparent=00-e87aca51550a78635907baa6a2476181-6d684811675d2973-01 _=./zephyr/firmware_builder.py COREBOOT_SDK_ROOT_x86=/home/jpmurphy/.cache/coreboot-sdk/i386-elf/dfbb0486385d938cfa9d73080b9d18d598ed4f49 COREBOOT_SDK_ROOT_picolibc_x86=/home/jpmurphy/.cache/coreboot-sdk/picolibc-i386-elf/eb8e8e687b95461de8cbf278f1c2076952d0ad17 COREBOOT_SDK_ROOT_riscv64=/home/jpmurphy/.cache/coreboot-sdk/riscv64-elf/96b949749225b6aaa92ed810ab769e8dfb12f000 COREBOOT_SDK_ROOT_picolibc_arm=/home/jpmurphy/.cache/coreboot-sdk/picolibc-arm-eabi/422a2aa3e1ef891b5bece9a3deb696ff83840d2e COREBOOT_SDK_ROOT_nds32=/home/jpmurphy/.cache/coreboot-sdk/nds32le-elf/d1a518c4a097666d86058e1444f85ca015d15511 COREBOOT_SDK_ROOT_picolibc_riscv64=/home/jpmurphy/.cache/coreboot-sdk/picolibc-riscv64-elf/f571e990ef0278564b31124f8bb109d9a697eb69 COREBOOT_SDK_ROOT_arm=/home/jpmurphy/.cache/coreboot-sdk/arm-eabi/ea40ddd1d190c3b48435c474c0b545719371813a COREBOOT_SDK_ROOT_libstdcxx_riscv64=/home/jpmurphy/.cache/coreboot-sdk/libstdcxx-riscv64-elf/17abf22a3a252e2d5d2062ced5324f7a623689e0 COREBOOT_SDK_ROOT_libstdcxx_arm=/home/jpmurphy/.cache/coreboot-sdk/libstdcxx-arm-eabi/5d7d82e150e44aa1968f1d366e267e6687b328ac COREBOOT_SDK_ROOT_riscv=/home/jpmurphy/.cache/coreboot-sdk/riscv-elf/9a27b9e82341c6e9126624f516ab3f261abb3e73 COREBOOT_SDK_ROOT_libstdcxx_x86=/home/jpmurphy/.cache/coreboot-sdk/libstdcxx-i386-elf/42ef9d2e87a76a37963175d7d428734e65648b87 PYTHONPATH=/mnt/host/source/src/platform/ec/zephyr/zmake PW_PIGWEED_CIPD_INSTALL_DIR=/usr CROSTC_USER_ACKNOWLEDGES_THAT_RISCV_IS_EXPERIMENTAL=1 MAKEFLAGS=' -j16 --jobserver-auth=5,6' /usr/bin/ninja -C /mnt/host/source/src/platform/ec/build/zephyr/pujjocento/build-rw all.libraries`
[pujjogatwin:rw] [410/414] Building C object zephyr/kernel/CMakeFiles/kernel.dir/mempool.c.obj
[pujjocento:rw] ninja: Entering directory `/mnt/host/source/src/platform/ec/build/zephyr/pujjocento/build-rw'
[pujjogatwin:rw] [411/414] Building C object zephyr/kernel/CMakeFiles/kernel.dir/poll.c.obj
[pujjogatwin:rw] [412/414] Building C object zephyr/kernel/CMakeFiles/kernel.dir/events.c.obj
[craaskov:rw] [150/409] Linking C static library zephyr/drivers/console/libdrivers__console.a
[craaskov:rw] [151/409] Building C object zephyr/drivers/eeprom/CMakeFiles/drivers__eeprom.dir/eeprom_shell.c.obj
[craaskov:rw] [152/409] Building C object zephyr/drivers/eeprom/CMakeFiles/drivers__eeprom.dir/eeprom_at2x.c.obj
[craaskov:rw] [153/409] Linking C static library zephyr/drivers/eeprom/libdrivers__eeprom.a
[craaskov:rw] [154/409] Building C object zephyr/drivers/espi/CMakeFiles/drivers__espi.dir/espi_npcx.c.obj
[pujjogatwin:rw] [413/414] Building C object zephyr/kernel/CMakeFiles/kernel.dir/dynamic_disabled.c.obj
[pujjocento:rw] [1/399] Preparing syscall dependency handling
[/mnt/host/source/src/platform/ec/build/zephyr/kaladin-lcov]   /mnt/host/source/src/platform/ec/build/zephyr/kaladin/build-rw/zephyr/drivers/sensor/CMakeFiles/drivers__sensor.dir/mnt/host/source/src/third_party/zephyr/main/misc/empty_file.c.gcno:no functions found
[/mnt/host/source/src/platform/ec/build/zephyr/kaladin-lcov] stderr:
[/mnt/host/source/src/platform/ec/build/zephyr/kelpie-lcov]   /mnt/host/source/src/platform/ec/build/zephyr/kelpie/build-rw/zephyr/CMakeFiles/zephyr.dir/subsys/shell/modules/kernel_service/kernel_shell.c.gcno:no functions found
[/mnt/host/source/src/platform/ec/build/zephyr/kelpie-lcov] stderr:
[pujjogatwin:rw] [414/414] Linking C static library zephyr/kernel/libkernel.a
[pujjocento:rw] [2/399] Generating misc/generated/syscalls_subdirs.trigger
[craaskov:rw] [155/409] Building C object zephyr/drivers/flash/CMakeFiles/drivers__flash.dir/jesd216.c.obj
[craaskov:rw] [156/409] Building C object zephyr/drivers/espi/CMakeFiles/drivers__espi.dir/host_subs_npcx.c.obj
[craaskov:rw] [157/409] Building C object zephyr/drivers/flash/CMakeFiles/drivers__flash.dir/flash_npcx_fiu_nor.c.obj
[craaskov:rw] [158/409] Linking C static library zephyr/drivers/espi/libdrivers__espi.a
[/mnt/host/source/src/platform/ec/build/zephyr/kelpie-lcov]   /mnt/host/source/src/platform/ec/build/zephyr/kelpie/build-rw/zephyr/CMakeFiles/zephyr.dir/lib/libc/validate_libc.c.gcno:no functions found
[/mnt/host/source/src/platform/ec/build/zephyr/kelpie-lcov] stderr:
[craaskov:rw] [159/409] Building C object zephyr/drivers/i2c/CMakeFiles/drivers__i2c.dir/i2c_common.c.obj
[craaskov:rw] [160/409] Building C object zephyr/drivers/gpio/CMakeFiles/drivers__gpio.dir/gpio_npcx.c.obj
[pujjocento:rw] [3/399] Generating include/generated/zephyr/version.h
[pujjocento:rw] -- git describe warned: warning: tag 'upstream/v2.7.99' is externally known as 'v2.7.99'
[craaskov:rw] [161/409] Building C object zephyr/drivers/flash/CMakeFiles/drivers__flash.dir/flash_npcx_fiu_qspi.c.obj
[craaskov:rw] [162/409] Linking C static library zephyr/drivers/gpio/libdrivers__gpio.a
[craaskov:rw] [163/409] Linking C static library zephyr/drivers/flash/libdrivers__flash.a
[craaskov:rw] [164/409] Building C object zephyr/drivers/i2c/CMakeFiles/drivers__i2c.dir/i2c_npcx_controller.c.obj
[craaskov:rw] [165/409] Building C object zephyr/drivers/i2c/CMakeFiles/drivers__i2c.dir/i2c_shell.c.obj
[craaskov:rw] [166/409] Building C object zephyr/drivers/sensor/CMakeFiles/drivers__sensor.dir/mnt/host/source/src/third_party/zephyr/main/misc/empty_file.c.obj
[craaskov:rw] [167/409] Linking C static library zephyr/drivers/sensor/libdrivers__sensor.a
[pujjocento:rw] -- Zephyr version: 4.3.99 (/mnt/host/source/src/third_party/zephyr/main)
[pujjocento:rw] [4/399] cd /mnt/host/source/src/platform/ec/build/zephyr/pujjocento/build-rw/modules/ec/zephyr && PYTHONPATH=/mnt/host/source/src/platform/ec/build/zephyr/pujjocento/modules/ec/zephyr/zmake/ /usr/bin/python3.11 /mnt/host/source/src/platform/ec/build/zephyr/pujjocento/modules/ec/zephyr/zmake/zephyr_build_tools/generate_ec_version.py /mnt/host/source/src/platform/ec/build/zephyr/pujjocento/build-rw/modules/ec/zephyr/include/ec_version.h --name Zephyr-Kernel --version 16543.0.0 --static
[pujjocento:rw] INFO:root:Using a static version string
[craaskov:rw] [168/409] Building C object zephyr/drivers/pinctrl/CMakeFiles/drivers__pinctrl.dir/common.c.obj
[pujjocento:rw] INFO:root:Version string: Zephyr-Kernel-16543.0.0
[pujjocento:rw] INFO:root:Writing header to /mnt/host/source/src/platform/ec/build/zephyr/pujjocento/build-rw/modules/ec/zephyr/include/ec_version.h
[pujjocento:rw] [5/399] Building CXX object modules/pigweed/pw_build/CMakeFiles/pw_build.empty.dir/empty_file.cc.obj
[craaskov:rw] [169/409] Building C object zephyr/drivers/pinctrl/CMakeFiles/drivers__pinctrl.dir/pinctrl_npcx.c.obj
[pujjocento:rw] [6/399] Generating misc/generated/syscalls.json, misc/generated/struct_tags.json
[kinmen:rw] Building: /usr/bin/ninja -C /mnt/host/source/src/platform/ec/build/zephyr/kinmen/build-rw all.libraries
Running `env -i SHELL=/bin/bash COLORTERM=truecolor DEPOT_TOOLS_UPDATE=0 LESS='-R -M --shift 5' SUDO_GID=0 JDK_HOME=/etc/java-config-2/current-system-vm CONFIG_PROTECT_MASK='/etc/gentoo-release /etc/sandbox.d /etc/fonts/fonts.conf /etc/terminfo /etc/ca-certificates.conf /etc/revdep-rebuild' CHROMEOS_CACHEDIR=/var/cache/chromeos-cache JAVA_HOME=/etc/java-config-2/current-system-vm SSH_AUTH_SOCK=/tmp/ssh-auth-sock SUDO_COMMAND=/bin/bash SUDO_USER=root SUDO_TTY=/dev/pts/2 EDITOR=/usr/bin/vi PWD=/mnt/host/source/src/platform/ec CONFIG_PROTECT=/usr/share/gnupg/qualified.txt LOGNAME=jpmurphy MANPATH=/etc/java-config-2/current-system-vm/man:/usr/local/share/man:/usr/share/man:/usr/share/gcc-data/x86_64-pc-linux-gnu/10.2.0/man:/usr/share/binutils-data/x86_64-pc-linux-gnu/2.45/man:/etc/java-config-2/current-system-vm/man/ SUDO_HOME=/root XAUTHORITY=/run/user/944457/gdm/Xauthority HOME=/home/jpmurphy LANG=C.UTF-8 LS_COLORS='rs=0:di=01;34:ln=01;36:mh=00:pi=40;33:so=01;35:do=01;35:bd=40;33;01:cd=40;33;01:or=01;05;37;41:mi=01;05;37;41:su=37;41:sg=30;43:ca=30;41:tw=30;42:ow=34;42:st=37;44:ex=01;32:*.tar=01;31:*.tgz=01;31:*.arc=01;31:*.arj=01;31:*.taz=01;31:*.lha=01;31:*.lz4=01;31:*.lzh=01;31:*.lzma=01;31:*.tlz=01;31:*.txz=01;31:*.tzo=01;31:*.t7z=01;31:*.zip=01;31:*.z=01;31:*.dz=01;31:*.gz=01;31:*.lrz=01;31:*.lz=01;31:*.lzo=01;31:*.xz=01;31:*.zst=01;31:*.tzst=01;31:*.bz2=01;31:*.bz=01;31:*.tbz=01;31:*.tbz2=01;31:*.tz=01;31:*.deb=01;31:*.rpm=01;31:*.jar=01;31:*.war=01;31:*.ear=01;31:*.sar=01;31:*.rar=01;31:*.alz=01;31:*.ace=01;31:*.zoo=01;31:*.cpio=01;31:*.7z=01;31:*.rz=01;31:*.cab=01;31:*.wim=01;31:*.swm=01;31:*.dwm=01;31:*.esd=01;31:*.jpg=01;35:*.jpeg=01;35:*.mjpg=01;35:*.mjpeg=01;35:*.gif=01;35:*.bmp=01;35:*.pbm=01;35:*.pgm=01;35:*.ppm=01;35:*.tga=01;35:*.xbm=01;35:*.xpm=01;35:*.tif=01;35:*.tiff=01;35:*.png=01;35:*.svg=01;35:*.svgz=01;35:*.mng=01;35:*.pcx=01;35:*.mov=01;35:*.mpg=01;35:*.mpeg=01;35:*.m2v=01;35:*.mkv=01;35:*.webm=01;35:*.webp=01;35:*.ogm=01;35:*.mp4=01;35:*.m4v=01;35:*.mp4v=01;35:*.vob=01;35:*.qt=01;35:*.nuv=01;35:*.wmv=01;35:*.asf=01;35:*.rm=01;35:*.rmvb=01;35:*.flc=01;35:*.avi=01;35:*.fli=01;35:*.flv=01;35:*.gl=01;35:*.dl=01;35:*.xcf=01;35:*.xwd=01;35:*.yuv=01;35:*.cgm=01;35:*.emf=01;35:*.ogv=01;35:*.ogx=01;35:*.cfg=00;32:*.conf=00;32:*.diff=00;32:*.doc=00;32:*.ini=00;32:*.log=00;32:*.patch=00;32:*.pdf=00;32:*.ps=00;32:*.tex=00;32:*.txt=00;32:*.aac=00;36:*.au=00;36:*.flac=00;36:*.m4a=00;36:*.mid=00;36:*.midi=00;36:*.mka=00;36:*.mp3=00;36:*.mpc=00;36:*.ogg=00;36:*.ra=00;36:*.wav=00;36:*.oga=00;36:*.opus=00;36:*.spx=00;36:*.xspf=00;36:' XDG_CURRENT_DESKTOP=GNOME INFOPATH=/usr/share/info:/usr/share/gcc-data/x86_64-pc-linux-gnu/10.2.0/info:/usr/share/binutils-data/x86_64-pc-linux-gnu/2.45/info:/usr/share/automake-1.16.5/info JAVAC=/etc/java-config-2/current-system-vm/bin/javac TERM=xterm-256color LESSOPEN='|lesspipe %s' USER=jpmurphy CROS_WORKON_SRCROOT=/mnt/host/source MANPAGER=manpager DISPLAY=:1 SHLVL=1 LC_MESSAGES=C EXTERNAL_TRUNK_PATH=/mnt/8f9d649a-3721-44cc-93c0-e6bd21a9689f/chromiumos GCC_SPECS='' PATH=/mnt/host/source/chromite/bin:/usr/local/bin:/usr/bin:/bin:/opt/bin:/mnt/host/source/chromite/sdk/bin:/mnt/host/source/chromite/bin PORTAGE_USERNAME=jpmurphy SUDO_UID=0 GCC_VER=10.2.0 MAIL=/var/mail/jpmurphy OLDPWD=/mnt/host/source/src/scripts traceparent=00-e87aca51550a78635907baa6a2476181-6d684811675d2973-01 _=./zephyr/firmware_builder.py COREBOOT_SDK_ROOT_x86=/home/jpmurphy/.cache/coreboot-sdk/i386-elf/dfbb0486385d938cfa9d73080b9d18d598ed4f49 COREBOOT_SDK_ROOT_picolibc_x86=/home/jpmurphy/.cache/coreboot-sdk/picolibc-i386-elf/eb8e8e687b95461de8cbf278f1c2076952d0ad17 COREBOOT_SDK_ROOT_riscv64=/home/jpmurphy/.cache/coreboot-sdk/riscv64-elf/96b949749225b6aaa92ed810ab769e8dfb12f000 COREBOOT_SDK_ROOT_picolibc_arm=/home/jpmurphy/.cache/coreboot-sdk/picolibc-arm-eabi/422a2aa3e1ef891b5bece9a3deb696ff83840d2e COREBOOT_SDK_ROOT_nds32=/home/jpmurphy/.cache/coreboot-sdk/nds32le-elf/d1a518c4a097666d86058e1444f85ca015d15511 COREBOOT_SDK_ROOT_picolibc_riscv64=/home/jpmurphy/.cache/coreboot-sdk/picolibc-riscv64-elf/f571e990ef0278564b31124f8bb109d9a697eb69 COREBOOT_SDK_ROOT_arm=/home/jpmurphy/.cache/coreboot-sdk/arm-eabi/ea40ddd1d190c3b48435c474c0b545719371813a COREBOOT_SDK_ROOT_libstdcxx_riscv64=/home/jpmurphy/.cache/coreboot-sdk/libstdcxx-riscv64-elf/17abf22a3a252e2d5d2062ced5324f7a623689e0 COREBOOT_SDK_ROOT_libstdcxx_arm=/home/jpmurphy/.cache/coreboot-sdk/libstdcxx-arm-eabi/5d7d82e150e44aa1968f1d366e267e6687b328ac COREBOOT_SDK_ROOT_riscv=/home/jpmurphy/.cache/coreboot-sdk/riscv-elf/9a27b9e82341c6e9126624f516ab3f261abb3e73 COREBOOT_SDK_ROOT_libstdcxx_x86=/home/jpmurphy/.cache/coreboot-sdk/libstdcxx-i386-elf/42ef9d2e87a76a37963175d7d428734e65648b87 PYTHONPATH=/mnt/host/source/src/platform/ec/zephyr/zmake PW_PIGWEED_CIPD_INSTALL_DIR=/usr CROSTC_USER_ACKNOWLEDGES_THAT_RISCV_IS_EXPERIMENTAL=1 MAKEFLAGS=' -j16 --jobserver-auth=5,6' /usr/bin/ninja -C /mnt/host/source/src/platform/ec/build/zephyr/kinmen/build-rw all.libraries`
[craaskov:rw] [170/409] Building C object zephyr/drivers/i2c/CMakeFiles/drivers__i2c.dir/i2c_npcx_controller_fifo.c.obj
[kinmen:rw] ninja: Entering directory `/mnt/host/source/src/platform/ec/build/zephyr/kinmen/build-rw'
[craaskov:rw] [171/409] Linking C static library zephyr/drivers/pinctrl/libdrivers__pinctrl.a
[craaskov:rw] [172/409] Building C object zephyr/drivers/i2c/CMakeFiles/drivers__i2c.dir/i2c_npcx_port.c.obj
[pujjocento:rw] [7/399] Generating include/generated/zephyr/syscall_dispatch.c, include/generated/zephyr/syscall_exports_llext.c, syscall_weakdefs_llext.c, include/generated/zephyr/syscall_list.h
[craaskov:rw] [173/409] Linking C static library zephyr/drivers/i2c/libdrivers__i2c.a
[craaskov:rw] [174/409] Building C object zephyr/drivers/pwm/CMakeFiles/drivers__pwm.dir/pwm_shell.c.obj
[pujjocento:rw] [8/399] Generating include/generated/zephyr/driver-validation.h
[/mnt/host/source/src/platform/ec/build/zephyr/kelpie-lcov]   /mnt/host/source/src/platform/ec/build/zephyr/kelpie/build-rw/zephyr/CMakeFiles/zephyr.dir/lib/utils/last_section_id.c.gcno:no functions found
[/mnt/host/source/src/platform/ec/build/zephyr/kelpie-lcov] stderr:
[craaskov:rw] [175/409] Building C object zephyr/drivers/pwm/CMakeFiles/drivers__pwm.dir/pwm_npcx.c.obj
[craaskov:rw] [176/409] Building C object zephyr/drivers/syscon/CMakeFiles/drivers__syscon.dir/syscon.c.obj
[craaskov:rw] [177/409] Linking C static library zephyr/drivers/pwm/libdrivers__pwm.a
[craaskov:rw] [178/409] Linking C static library zephyr/drivers/syscon/libdrivers__syscon.a
[pujjocento:rw] [9/399] Generating include/generated/zephyr/kobj-types-enum.h, include/generated/zephyr/otype-to-str.h, include/generated/zephyr/otype-to-size.h
[craaskov:rw] [179/409] Building C object zephyr/drivers/sensor/nuvoton/nuvoton_adc_cmp_npcx/CMakeFiles/drivers__sensor__nuvoton__nuvoton_adc_cmp_npcx.dir/adc_cmp_npcx.c.obj
[craaskov:rw] [180/409] Building C object zephyr/drivers/sensor/nuvoton/nuvoton_tach_npcx/CMakeFiles/drivers__sensor__nuvoton__nuvoton_tach_npcx.dir/tach_nuvoton_npcx.c.obj
[pujjocento:rw] [10/399] Generating include/generated/device-api-sections.ld, include/generated/device-api-sections.cmake
[craaskov:rw] [181/409] Linking C static library zephyr/drivers/sensor/nuvoton/nuvoton_adc_cmp_npcx/libdrivers__sensor__nuvoton__nuvoton_adc_cmp_npcx.a
[craaskov:rw] [182/409] Linking C static library zephyr/drivers/sensor/nuvoton/nuvoton_tach_npcx/libdrivers__sensor__nuvoton__nuvoton_tach_npcx.a
[craaskov:rw] [183/409] Building C object zephyr/drivers/serial/CMakeFiles/drivers__serial.dir/uart_npcx.c.obj
[craaskov:rw] [184/409] Building C object zephyr/drivers/timer/CMakeFiles/drivers__timer.dir/sys_clock_init.c.obj
[craaskov:rw] [185/409] Linking C static library zephyr/drivers/serial/libdrivers__serial.a
[craaskov:rw] [186/409] Building C object zephyr/drivers/timer/CMakeFiles/drivers__timer.dir/npcx_itim_timer.c.obj
[craaskov:rw] [187/409] Linking C static library zephyr/drivers/timer/libdrivers__timer.a
[kinmen:rw] [1/383] Generating include/generated/zephyr/version.h
[kinmen:rw] -- git describe warned: warning: tag 'upstream/v2.7.99' is externally known as 'v2.7.99'
[kinmen:rw] -- Zephyr version: 4.3.99 (/mnt/host/source/src/third_party/zephyr/main)
[kinmen:rw] [2/383] Preparing syscall dependency handling
[craaskov:rw] [188/409] Building C object zephyr/drivers/watchdog/CMakeFiles/drivers__watchdog.dir/wdt_shell.c.obj
[kinmen:rw] [3/383] Generating misc/generated/syscalls_subdirs.trigger
[craaskov:rw] [189/409] Building C object zephyr/drivers/watchdog/CMakeFiles/drivers__watchdog.dir/wdt_npcx.c.obj
[craaskov:rw] [190/409] Linking C static library zephyr/drivers/watchdog/libdrivers__watchdog.a
[craaskov:rw] [191/409] Building C object modules/ec/zephyr/CMakeFiles/ec_shim.dir/app/ec/main_shim.c.obj
[pujjocento:rw] [11/399] Building C object zephyr/CMakeFiles/offsets.dir/arch/arm/core/offsets/offsets.c.obj
[craaskov:rw] [192/409] Building C object modules/ec/zephyr/CMakeFiles/ec_shim.dir/app/ec/ec_app_main.c.obj
[pujjocento:rw] [12/399] Building C object zephyr/drivers/sensor/CMakeFiles/drivers__sensor.dir/mnt/host/source/src/third_party/zephyr/main/misc/empty_file.c.obj
[craaskov:rw] [193/409] Building C object modules/ec/zephyr/CMakeFiles/ec_shim.dir/drivers/cros_flash/cros_flash_npcx.c.obj
[craaskov:rw] [194/409] Building C object modules/ec/zephyr/CMakeFiles/ec_shim.dir/drivers/cros_system/cros_system_npcx.c.obj
[craaskov:rw] [195/409] Building C object modules/ec/zephyr/CMakeFiles/ec_shim.dir/drivers/cros_kb_raw/cros_kb_raw_npcx.c.obj
[craaskov:rw] [196/409] Building C object modules/ec/zephyr/CMakeFiles/ec_shim.dir/shim/chip/npcx/clock.c.obj
[kinmen:rw] [4/383] Generating misc/generated/syscalls.json, misc/generated/struct_tags.json
[craaskov:rw] [197/409] Building C object modules/ec/zephyr/CMakeFiles/ec_shim.dir/drivers/vivaldi_kbd/vivaldi_kbd.c.obj
[craaskov:rw] [198/409] Building C object modules/ec/zephyr/CMakeFiles/ec_shim.dir/shim/chip/npcx/rom_chip.c.obj
[kinmen:rw] [5/383] Generating include/generated/zephyr/syscall_dispatch.c, include/generated/zephyr/syscall_exports_llext.c, syscall_weakdefs_llext.c, include/generated/zephyr/syscall_list.h
[/mnt/host/source/src/platform/ec/build/zephyr/baze-lcov]   /mnt/host/source/src/platform/ec/build/zephyr/baze/build-rw/zephyr/CMakeFiles/zephyr.dir/soc/ite/ec/it8xxx2/check_regs.c.gcno:no functions found
[/mnt/host/source/src/platform/ec/build/zephyr/baze-lcov] stderr:
[kinmen:rw] [6/383] Generating include/generated/zephyr/driver-validation.h
[craaskov:rw] [199/409] Building C object modules/ec/zephyr/CMakeFiles/ec_shim.dir/shim/chip/npcx/keyboard_raw.c.obj
[craaskov:rw] [200/409] Building C object modules/ec/zephyr/CMakeFiles/ec_shim.dir/shim/chip/npcx/gpio.c.obj
[craaskov:rw] [201/409] Building C object modules/ec/zephyr/CMakeFiles/ec_shim.dir/shim/chip/npcx/system.c.obj
[craaskov:rw] [202/409] Building C object modules/ec/zephyr/CMakeFiles/ec_shim.dir/shim/chip/npcx/system_external_storage.c.obj
[kinmen:rw] [7/383] Generating include/generated/zephyr/kobj-types-enum.h, include/generated/zephyr/otype-to-str.h, include/generated/zephyr/otype-to-size.h
[craaskov:rw] [203/409] Building C object modules/ec/zephyr/CMakeFiles/ec_shim.dir/shim/chip/npcx/system_download_from_flash.c.obj
[craaskov:rw] [204/409] Building C object modules/ec/zephyr/CMakeFiles/ec_shim.dir/shim/core/cortex-m/mpu.c.obj
[craaskov:rw] [205/409] Building C object modules/ec/zephyr/CMakeFiles/ec_shim.dir/shim/src/crc.c.obj
[kinmen:rw] [8/383] Generating include/generated/device-api-sections.ld, include/generated/device-api-sections.cmake
[craaskov:rw] [206/409] Building C object modules/ec/zephyr/CMakeFiles/ec_shim.dir/shim/core/cortex-m/panic.c.obj
[craaskov:rw] [207/409] Building C object modules/ec/zephyr/CMakeFiles/ec_shim.dir/shim/chip/npcx/power_policy.c.obj
[kinmen:rw] [9/383] cd /mnt/host/source/src/platform/ec/build/zephyr/kinmen/build-rw/modules/ec/zephyr && PYTHONPATH=/mnt/host/source/src/platform/ec/build/zephyr/kinmen/modules/ec/zephyr/zmake/ /usr/bin/python3.11 /mnt/host/source/src/platform/ec/build/zephyr/kinmen/modules/ec/zephyr/zmake/zephyr_build_tools/generate_ec_version.py /mnt/host/source/src/platform/ec/build/zephyr/kinmen/build-rw/modules/ec/zephyr/include/ec_version.h --name Zephyr-Kernel --version 16543.0.0 --static
[kinmen:rw] INFO:root:Using a static version string
[craaskov:rw] [208/409] Building C object modules/ec/zephyr/CMakeFiles/ec_shim.dir/shim/src/console.c.obj
[/mnt/host/source/src/platform/ec/build/zephyr/kaladin-lcov]   /mnt/host/source/src/platform/ec/build/zephyr/kaladin/build-rw/zephyr/drivers/syscon/CMakeFiles/drivers__syscon.dir/mnt/host/source/src/third_party/zephyr/main/misc/empty_file.c.gcno:no functions found
[/mnt/host/source/src/platform/ec/build/zephyr/kaladin-lcov] Filter suppressions 'region':
[kinmen:rw] INFO:root:Version string: Zephyr-Kernel-16543.0.0
[kinmen:rw] INFO:root:Writing header to /mnt/host/source/src/platform/ec/build/zephyr/kinmen/build-rw/modules/ec/zephyr/include/ec_version.h
[kinmen:rw] [10/383] Building CXX object modules/pigweed/pw_build/CMakeFiles/pw_build.empty.dir/empty_file.cc.obj
[/mnt/host/source/src/platform/ec/build/zephyr/kaladin-lcov]     40 instances
[/mnt/host/source/src/platform/ec/build/zephyr/kaladin-lcov]     38 coverpoints
[/mnt/host/source/src/platform/ec/build/zephyr/kaladin-lcov] Message summary:
[/mnt/host/source/src/platform/ec/build/zephyr/kaladin-lcov]   37 ignore messages:
[/mnt/host/source/src/platform/ec/build/zephyr/kaladin-lcov]     gcov: 37
[kinmen:rw] [11/383] Generating pw_third_party.nanopb.proto/sources/nanopb.proto
[kinmen:rw] [12/383] Generating dsp_comms.proto/sources/proto/ec_dsp.proto, dsp_comms.proto/sources/proto/ec_dsp.options
[kinmen:rw] [13/383] Generating pw_transport.proto/sources/pw_transport/proto/transport.proto, pw_transport.proto/sources/pw_transport/proto/transport.options
[craaskov:rw] [209/409] Building C object modules/ec/zephyr/CMakeFiles/ec_shim.dir/shim/src/gpio.c.obj
[craaskov:rw] [210/409] Building C object modules/ec/zephyr/CMakeFiles/ec_shim.dir/shim/src/panic_utils.c.obj
[pujjocento:ro] Building: /usr/bin/ninja -C /mnt/host/source/src/platform/ec/build/zephyr/pujjocento/build-ro all.libraries
Running `env -i SHELL=/bin/bash COLORTERM=truecolor DEPOT_TOOLS_UPDATE=0 LESS='-R -M --shift 5' SUDO_GID=0 JDK_HOME=/etc/java-config-2/current-system-vm CONFIG_PROTECT_MASK='/etc/gentoo-release /etc/sandbox.d /etc/fonts/fonts.conf /etc/terminfo /etc/ca-certificates.conf /etc/revdep-rebuild' CHROMEOS_CACHEDIR=/var/cache/chromeos-cache JAVA_HOME=/etc/java-config-2/current-system-vm SSH_AUTH_SOCK=/tmp/ssh-auth-sock SUDO_COMMAND=/bin/bash SUDO_USER=root SUDO_TTY=/dev/pts/2 EDITOR=/usr/bin/vi PWD=/mnt/host/source/src/platform/ec CONFIG_PROTECT=/usr/share/gnupg/qualified.txt LOGNAME=jpmurphy MANPATH=/etc/java-config-2/current-system-vm/man:/usr/local/share/man:/usr/share/man:/usr/share/gcc-data/x86_64-pc-linux-gnu/10.2.0/man:/usr/share/binutils-data/x86_64-pc-linux-gnu/2.45/man:/etc/java-config-2/current-system-vm/man/ SUDO_HOME=/root XAUTHORITY=/run/user/944457/gdm/Xauthority HOME=/home/jpmurphy LANG=C.UTF-8 LS_COLORS='rs=0:di=01;34:ln=01;36:mh=00:pi=40;33:so=01;35:do=01;35:bd=40;33;01:cd=40;33;01:or=01;05;37;41:mi=01;05;37;41:su=37;41:sg=30;43:ca=30;41:tw=30;42:ow=34;42:st=37;44:ex=01;32:*.tar=01;31:*.tgz=01;31:*.arc=01;31:*.arj=01;31:*.taz=01;31:*.lha=01;31:*.lz4=01;31:*.lzh=01;31:*.lzma=01;31:*.tlz=01;31:*.txz=01;31:*.tzo=01;31:*.t7z=01;31:*.zip=01;31:*.z=01;31:*.dz=01;31:*.gz=01;31:*.lrz=01;31:*.lz=01;31:*.lzo=01;31:*.xz=01;31:*.zst=01;31:*.tzst=01;31:*.bz2=01;31:*.bz=01;31:*.tbz=01;31:*.tbz2=01;31:*.tz=01;31:*.deb=01;31:*.rpm=01;31:*.jar=01;31:*.war=01;31:*.ear=01;31:*.sar=01;31:*.rar=01;31:*.alz=01;31:*.ace=01;31:*.zoo=01;31:*.cpio=01;31:*.7z=01;31:*.rz=01;31:*.cab=01;31:*.wim=01;31:*.swm=01;31:*.dwm=01;31:*.esd=01;31:*.jpg=01;35:*.jpeg=01;35:*.mjpg=01;35:*.mjpeg=01;35:*.gif=01;35:*.bmp=01;35:*.pbm=01;35:*.pgm=01;35:*.ppm=01;35:*.tga=01;35:*.xbm=01;35:*.xpm=01;35:*.tif=01;35:*.tiff=01;35:*.png=01;35:*.svg=01;35:*.svgz=01;35:*.mng=01;35:*.pcx=01;35:*.mov=01;35:*.mpg=01;35:*.mpeg=01;35:*.m2v=01;35:*.mkv=01;35:*.webm=01;35:*.webp=01;35:*.ogm=01;35:*.mp4=01;35:*.m4v=01;35:*.mp4v=01;35:*.vob=01;35:*.qt=01;35:*.nuv=01;35:*.wmv=01;35:*.asf=01;35:*.rm=01;35:*.rmvb=01;35:*.flc=01;35:*.avi=01;35:*.fli=01;35:*.flv=01;35:*.gl=01;35:*.dl=01;35:*.xcf=01;35:*.xwd=01;35:*.yuv=01;35:*.cgm=01;35:*.emf=01;35:*.ogv=01;35:*.ogx=01;35:*.cfg=00;32:*.conf=00;32:*.diff=00;32:*.doc=00;32:*.ini=00;32:*.log=00;32:*.patch=00;32:*.pdf=00;32:*.ps=00;32:*.tex=00;32:*.txt=00;32:*.aac=00;36:*.au=00;36:*.flac=00;36:*.m4a=00;36:*.mid=00;36:*.midi=00;36:*.mka=00;36:*.mp3=00;36:*.mpc=00;36:*.ogg=00;36:*.ra=00;36:*.wav=00;36:*.oga=00;36:*.opus=00;36:*.spx=00;36:*.xspf=00;36:' XDG_CURRENT_DESKTOP=GNOME INFOPATH=/usr/share/info:/usr/share/gcc-data/x86_64-pc-linux-gnu/10.2.0/info:/usr/share/binutils-data/x86_64-pc-linux-gnu/2.45/info:/usr/share/automake-1.16.5/info JAVAC=/etc/java-config-2/current-system-vm/bin/javac TERM=xterm-256color LESSOPEN='|lesspipe %s' USER=jpmurphy CROS_WORKON_SRCROOT=/mnt/host/source MANPAGER=manpager DISPLAY=:1 SHLVL=1 LC_MESSAGES=C EXTERNAL_TRUNK_PATH=/mnt/8f9d649a-3721-44cc-93c0-e6bd21a9689f/chromiumos GCC_SPECS='' PATH=/mnt/host/source/chromite/bin:/usr/local/bin:/usr/bin:/bin:/opt/bin:/mnt/host/source/chromite/sdk/bin:/mnt/host/source/chromite/bin PORTAGE_USERNAME=jpmurphy SUDO_UID=0 GCC_VER=10.2.0 MAIL=/var/mail/jpmurphy OLDPWD=/mnt/host/source/src/scripts traceparent=00-e87aca51550a78635907baa6a2476181-6d684811675d2973-01 _=./zephyr/firmware_builder.py COREBOOT_SDK_ROOT_x86=/home/jpmurphy/.cache/coreboot-sdk/i386-elf/dfbb0486385d938cfa9d73080b9d18d598ed4f49 COREBOOT_SDK_ROOT_picolibc_x86=/home/jpmurphy/.cache/coreboot-sdk/picolibc-i386-elf/eb8e8e687b95461de8cbf278f1c2076952d0ad17 COREBOOT_SDK_ROOT_riscv64=/home/jpmurphy/.cache/coreboot-sdk/riscv64-elf/96b949749225b6aaa92ed810ab769e8dfb12f000 COREBOOT_SDK_ROOT_picolibc_arm=/home/jpmurphy/.cache/coreboot-sdk/picolibc-arm-eabi/422a2aa3e1ef891b5bece9a3deb696ff83840d2e COREBOOT_SDK_ROOT_nds32=/home/jpmurphy/.cache/coreboot-sdk/nds32le-elf/d1a518c4a097666d86058e1444f85ca015d15511 COREBOOT_SDK_ROOT_picolibc_riscv64=/home/jpmurphy/.cache/coreboot-sdk/picolibc-riscv64-elf/f571e990ef0278564b31124f8bb109d9a697eb69 COREBOOT_SDK_ROOT_arm=/home/jpmurphy/.cache/coreboot-sdk/arm-eabi/ea40ddd1d190c3b48435c474c0b545719371813a COREBOOT_SDK_ROOT_libstdcxx_riscv64=/home/jpmurphy/.cache/coreboot-sdk/libstdcxx-riscv64-elf/17abf22a3a252e2d5d2062ced5324f7a623689e0 COREBOOT_SDK_ROOT_libstdcxx_arm=/home/jpmurphy/.cache/coreboot-sdk/libstdcxx-arm-eabi/5d7d82e150e44aa1968f1d366e267e6687b328ac COREBOOT_SDK_ROOT_riscv=/home/jpmurphy/.cache/coreboot-sdk/riscv-elf/9a27b9e82341c6e9126624f516ab3f261abb3e73 COREBOOT_SDK_ROOT_libstdcxx_x86=/home/jpmurphy/.cache/coreboot-sdk/libstdcxx-i386-elf/42ef9d2e87a76a37963175d7d428734e65648b87 PYTHONPATH=/mnt/host/source/src/platform/ec/zephyr/zmake PW_PIGWEED_CIPD_INSTALL_DIR=/usr CROSTC_USER_ACKNOWLEDGES_THAT_RISCV_IS_EXPERIMENTAL=1 MAKEFLAGS=' -j16 --jobserver-auth=5,6' /usr/bin/ninja -C /mnt/host/source/src/platform/ec/build/zephyr/pujjocento/build-ro all.libraries`
[kinmen:rw] [14/383] Generating /mnt/host/source/src/platform/ec/build/zephyr/kinmen/modules/nanopb/generator/proto/nanopb_pb2.py
[craaskov:rw] [211/409] Building C object modules/ec/zephyr/CMakeFiles/ec_shim.dir/shim/src/pm_state.c.obj
[pujjocento:ro] ninja: Entering directory `/mnt/host/source/src/platform/ec/build/zephyr/pujjocento/build-ro'
[craaskov:rw] [212/409] Building C object modules/ec/zephyr/CMakeFiles/ec_shim.dir/shim/src/cbi/cros_cbi_fw_config.c.obj
[craaskov:rw] [213/409] Building C object modules/ec/zephyr/CMakeFiles/ec_shim.dir/shim/src/gpio_int.c.obj
[craaskov:rw] [214/409] Building ASM object modules/ec/zephyr/CMakeFiles/ec_shim.dir/shim/src/libgcc_arm.S.obj
[craaskov:rw] [215/409] Building C object modules/ec/zephyr/CMakeFiles/ec_shim.dir/shim/src/cbi/cros_cbi.c.obj
[craaskov:rw] [216/409] Building C object modules/ec/zephyr/CMakeFiles/ec_shim.dir/shim/src/led_driver/led.c.obj
[craaskov:rw] [217/409] Building C object modules/ec/zephyr/CMakeFiles/ec_shim.dir/shim/src/cbi/cbi_eeprom.c.obj
[pujjocento:rw] [13/399] Building CXX object modules/ec/zephyr/shim/src/CMakeFiles/platform_ec_log.tokenized_handler.dir/pw_log_zephyr_tokenized.cc.obj
[/mnt/host/source/src/platform/ec/build/zephyr/brtk-lcov]   /mnt/host/source/src/platform/ec/build/zephyr/brtk/build-rw/modules/ec/zephyr/CMakeFiles/ec_shim.dir/drivers/keyboard_input/keyboard_customization_check.c.gcno:no functions found
[/mnt/host/source/src/platform/ec/build/zephyr/brtk-lcov] stderr:
[craaskov:rw] [218/409] Building C object modules/ec/zephyr/CMakeFiles/ec_shim.dir/shim/src/led_driver/led_pwm.c.obj
[kinmen:rw] [15/383] Generating dsp_comms.proto/nanopb/proto/ec_dsp.pb.h, dsp_comms.proto/nanopb/proto/ec_dsp.pb.c
[pujjocento:ro] [1/399] Generating include/generated/zephyr/version.h
[pujjocento:ro] -- git describe warned: warning: tag 'upstream/v2.7.99' is externally known as 'v2.7.99'
[pujjocento:ro] -- Zephyr version: 4.3.99 (/mnt/host/source/src/third_party/zephyr/main)
[pujjocento:ro] [2/399] Preparing syscall dependency handling
[craaskov:rw] [219/409] Building C object modules/ec/zephyr/CMakeFiles/ec_shim.dir/shim/src/system.c.obj
[craaskov:rw] [220/409] Building C object modules/ec/zephyr/CMakeFiles/ec_shim.dir/shim/src/battery.c.obj
[craaskov:rw] [221/409] Building C object modules/ec/zephyr/CMakeFiles/ec_shim.dir/shim/src/adc.c.obj
[craaskov:rw] [222/409] Building C object modules/ec/zephyr/CMakeFiles/ec_shim.dir/shim/src/charger.c.obj
[pujjocento:ro] [3/399] Generating misc/generated/syscalls_subdirs.trigger
[craaskov:rw] [223/409] Building C object modules/ec/zephyr/CMakeFiles/ec_shim.dir/shim/src/chipset_api.c.obj
[craaskov:rw] [224/409] Building C object modules/ec/zephyr/CMakeFiles/ec_shim.dir/shim/src/espi.c.obj
[craaskov:rw] [225/409] Building C object modules/ec/zephyr/CMakeFiles/ec_shim.dir/shim/src/flash.c.obj
[kinmen:rw] [16/383] Generating pw_transport.proto/nanopb/pw_transport/proto/transport.pb.h, pw_transport.proto/nanopb/pw_transport/proto/transport.pb.c
[craaskov:rw] [226/409] Building C object modules/ec/zephyr/CMakeFiles/ec_shim.dir/shim/src/fan.c.obj
[craaskov:rw] [227/409] Building C object modules/ec/zephyr/CMakeFiles/ec_shim.dir/shim/src/hooks.c.obj
[pujjocento:rw] [14/399] Building CXX object modules/pigweed/pw_base64/CMakeFiles/pw_base64.dir/base64.cc.obj
[craaskov:rw] [228/409] Building C object modules/ec/zephyr/CMakeFiles/ec_shim.dir/shim/src/keyscan.c.obj
[craaskov:rw] [229/409] Building C object modules/ec/zephyr/CMakeFiles/ec_shim.dir/shim/src/keyboard_raw.c.obj
[pujjocento:ro] [4/399] Generating misc/generated/syscalls.json, misc/generated/struct_tags.json
[craaskov:rw] [230/409] Building C object modules/ec/zephyr/CMakeFiles/ec_shim.dir/shim/src/console_buffer.c.obj
[craaskov:rw] [231/409] Building C object modules/ec/zephyr/CMakeFiles/ec_shim.dir/shim/src/host_command.c.obj
[craaskov:rw] [232/409] Building C object modules/ec/zephyr/CMakeFiles/ec_shim.dir/shim/src/mkbp_event.c.obj
[kinmen:rw] [17/383] Building C object zephyr/CMakeFiles/offsets.dir/arch/riscv/core/offsets/offsets.c.obj
[pujjocento:ro] [5/399] Generating include/generated/zephyr/syscall_dispatch.c, include/generated/zephyr/syscall_exports_llext.c, syscall_weakdefs_llext.c, include/generated/zephyr/syscall_list.h
[craaskov:rw] [233/409] Building C object modules/ec/zephyr/CMakeFiles/ec_shim.dir/shim/src/panic.c.obj
[kinmen:rw] [18/383] Building C object zephyr/drivers/sensor/CMakeFiles/drivers__sensor.dir/mnt/host/source/src/third_party/zephyr/main/misc/empty_file.c.obj
[craaskov:rw] [234/409] Building C object modules/ec/zephyr/CMakeFiles/ec_shim.dir/shim/src/motionsense_sensors.c.obj
[pujjocento:ro] [6/399] Generating include/generated/zephyr/driver-validation.h
[craaskov:rw] [235/409] Building C object modules/ec/zephyr/CMakeFiles/ec_shim.dir/shim/src/temp_sensors.c.obj
[kinmen:rw] [19/383] Building C object zephyr/drivers/syscon/CMakeFiles/drivers__syscon.dir/mnt/host/source/src/third_party/zephyr/main/misc/empty_file.c.obj
[/mnt/host/source/src/platform/ec/build/zephyr/baze-lcov]   /mnt/host/source/src/platform/ec/build/zephyr/baze/build-rw/zephyr/drivers/syscon/CMakeFiles/drivers__syscon.dir/mnt/host/source/src/third_party/zephyr/main/misc/empty_file.c.gcno:no functions found
[/mnt/host/source/src/platform/ec/build/zephyr/baze-lcov] Filter suppressions 'region':
[craaskov:rw] [236/409] Building C object modules/ec/zephyr/CMakeFiles/ec_shim.dir/shim/src/thermal.c.obj
[pujjocento:ro] [7/399] Generating include/generated/zephyr/kobj-types-enum.h, include/generated/zephyr/otype-to-str.h, include/generated/zephyr/otype-to-size.h
[/mnt/host/source/src/platform/ec/build/zephyr/baze-lcov]     40 instances
[/mnt/host/source/src/platform/ec/build/zephyr/baze-lcov]     28 coverpoints
[/mnt/host/source/src/platform/ec/build/zephyr/baze-lcov] Message summary:
[/mnt/host/source/src/platform/ec/build/zephyr/baze-lcov]   31 ignore messages:
[/mnt/host/source/src/platform/ec/build/zephyr/baze-lcov]     gcov: 31
[kinmen:rw] [20/383] Building C object modules/ec/zephyr/drivers/dsp_comms/CMakeFiles/dsp_comms.proto.nanopb.dir/dsp_comms.proto/nanopb/proto/ec_dsp.pb.c.obj
[pujjocento:ro] [8/399] Generating include/generated/device-api-sections.ld, include/generated/device-api-sections.cmake
[craaskov:rw] [237/409] cd /mnt/host/source/src/platform/ec/build/zephyr/craaskov/build-rw/modules/ec/zephyr && PYTHONPATH=/mnt/host/source/src/platform/ec/build/zephyr/craaskov/modules/ec/zephyr/zmake/ /usr/bin/python3.11 /mnt/host/source/src/platform/ec/build/zephyr/craaskov/modules/ec/zephyr/zmake/zephyr_build_tools/generate_ec_version.py /mnt/host/source/src/platform/ec/build/zephyr/craaskov/build-rw/modules/ec/zephyr/include/ec_version.h --name Zephyr-Kernel --version 16543.0.0 --static
[craaskov:rw] INFO:root:Using a static version string
[craaskov:rw] INFO:root:Version string: Zephyr-Kernel-16543.0.0
[craaskov:rw] INFO:root:Writing header to /mnt/host/source/src/platform/ec/build/zephyr/craaskov/build-rw/modules/ec/zephyr/include/ec_version.h
[craaskov:rw] [238/409] Building C object modules/ec/zephyr/CMakeFiles/ec_shim.dir/shim/src/hwtimer.c.obj
[kinmen:rw] [21/383] Building C object modules/ec/zephyr/drivers/pw_transport/CMakeFiles/pw_transport.proto.nanopb.dir/pw_transport.proto/nanopb/pw_transport/proto/transport.pb.c.obj
[pujjocento:rw] [15/399] Building CXX object modules/pigweed/pw_containers/CMakeFiles/pw_containers.intrusive_item.dir/intrusive_item.cc.obj
[craaskov:rw] [239/409] Building C object modules/ec/zephyr/CMakeFiles/ec_shim.dir/shim/src/i2c.c.obj
[craaskov:rw] [240/409] Building C object modules/ec/zephyr/CMakeFiles/ec_shim.dir/shim/src/usba.c.obj
[craaskov:rw] [241/409] Building C object modules/ec/zephyr/CMakeFiles/ec_shim.dir/shim/src/tasks.c.obj
[craaskov:rw] [242/409] Building C object modules/ec/zephyr/CMakeFiles/ec_shim.dir/shim/src/watchdog.c.obj
[craaskov:rw] [243/409] Building C object modules/ec/zephyr/CMakeFiles/ec_shim.dir/shim/src/power_host_sleep_api.c.obj
[craaskov:rw] [244/409] Building C object zephyr/kernel/CMakeFiles/kernel.dir/main_weak.c.obj
[craaskov:rw] [245/409] Building C object modules/ec/zephyr/CMakeFiles/ec_shim.dir/shim/src/usb_muxes.c.obj
[pujjocento:ro] [9/399] Building C object zephyr/CMakeFiles/offsets.dir/arch/arm/core/offsets/offsets.c.obj
[craaskov:rw] [246/409] Building C object CMakeFiles/app.dir/mnt/host/source/src/platform/ec/zephyr/subsys/ap_pwrseq/ap_events.c.obj
[pujjocento:rw] [16/399] Building CXX object modules/pigweed/pw_bytes/CMakeFiles/pw_bytes.dir/byte_builder.cc.obj
[pujjocento:ro] [10/399] Building C object zephyr/drivers/sensor/CMakeFiles/drivers__sensor.dir/mnt/host/source/src/third_party/zephyr/main/misc/empty_file.c.obj
[pujjocento:rw] [17/399] Building CXX object modules/pigweed/pw_status/CMakeFiles/pw_status.dir/status.cc.obj
[pujjocento:ro] [11/399] cd /mnt/host/source/src/platform/ec/build/zephyr/pujjocento/build-ro/modules/ec/zephyr && PYTHONPATH=/mnt/host/source/src/platform/ec/build/zephyr/pujjocento/modules/ec/zephyr/zmake/ /usr/bin/python3.11 /mnt/host/source/src/platform/ec/build/zephyr/pujjocento/modules/ec/zephyr/zmake/zephyr_build_tools/generate_ec_version.py /mnt/host/source/src/platform/ec/build/zephyr/pujjocento/build-ro/modules/ec/zephyr/include/ec_version.h --name Zephyr-Kernel --version 16543.0.0 --static
[pujjocento:ro] INFO:root:Using a static version string
[craaskov:rw] [247/409] Building C object CMakeFiles/app.dir/mnt/host/source/src/platform/ec/zephyr/subsys/ap_pwrseq/ap_power_interface.c.obj
[craaskov:rw] [248/409] Building C object CMakeFiles/app.dir/mnt/host/source/src/platform/ec/zephyr/subsys/ap_pwrseq/power_signals.c.obj
[craaskov:rw] [249/409] Building C object CMakeFiles/app.dir/mnt/host/source/src/platform/ec/zephyr/subsys/ap_pwrseq/signal_gpio.c.obj
[craaskov:rw] [250/409] Building C object CMakeFiles/app.dir/mnt/host/source/src/platform/ec/zephyr/subsys/ap_pwrseq/signal_vw.c.obj
[craaskov:rw] [251/409] Building C object CMakeFiles/app.dir/mnt/host/source/src/platform/ec/zephyr/subsys/ap_pwrseq/signal_adc.c.obj
[craaskov:rw] [252/409] Building C object CMakeFiles/app.dir/mnt/host/source/src/platform/ec/zephyr/subsys/ap_pwrseq/power_host_sleep.c.obj
[craaskov:rw] [253/409] Building C object CMakeFiles/app.dir/mnt/host/source/src/platform/ec/zephyr/subsys/ap_pwrseq/x86_non_dsx_chipset_power_state.c.obj
[craaskov:rw] [254/409] Building C object CMakeFiles/app.dir/mnt/host/source/src/platform/ec/zephyr/subsys/ap_pwrseq/x86_non_dsx_common_pwrseq_host_sleep.c.obj
[/mnt/host/source/src/platform/ec/build/zephyr/fatcatrvp-npcx-lcov]   /mnt/host/source/src/platform/ec/build/zephyr/fatcatrvp-npcx/build-rw/zephyr/CMakeFiles/zephyr.dir/soc/nuvoton/npcx/common/npcxn/registers.c.gcno:no functions found
[/mnt/host/source/src/platform/ec/build/zephyr/fatcatrvp-npcx-lcov] stderr:
[craaskov:rw] [255/409] Building C object CMakeFiles/app.dir/mnt/host/source/src/platform/ec/zephyr/subsys/ap_pwrseq/x86_non_dsx_common_pwrseq_sm_handler.c.obj
[pujjocento:rw] [18/399] Building CXX object modules/pigweed/pw_log_tokenized/CMakeFiles/pw_log_tokenized.dir/log_tokenized.cc.obj
[kinmen:rw] [22/383] Building CXX object modules/pigweed/pw_bytes/CMakeFiles/pw_bytes.dir/byte_builder.cc.obj
[craaskov:rw] [256/409] Building C object CMakeFiles/app.dir/mnt/host/source/src/platform/ec/zephyr/subsys/ap_pwrseq/x86_non_dsx_common_pwrseq_console.c.obj
[craaskov:rw] [257/409] Building C object CMakeFiles/app.dir/mnt/host/source/src/platform/ec/zephyr/subsys/ap_pwrseq/x86_non_dsx_common_pwrseq_host_command.c.obj
[craaskov:rw] [258/409] Building C object CMakeFiles/app.dir/mnt/host/source/src/platform/ec/build/zephyr/craaskov/modules/ec/common/base32.c.obj
[kinmen:rw] [23/383] Building CXX object modules/pigweed/pw_containers/CMakeFiles/pw_containers.intrusive_item.dir/intrusive_item.cc.obj
[craaskov:rw] [259/409] Building C object CMakeFiles/app.dir/mnt/host/source/src/platform/ec/build/zephyr/craaskov/modules/ec/builtin/stdlib.c.obj
[craaskov:rw] [260/409] Building C object CMakeFiles/app.dir/mnt/host/source/src/platform/ec/zephyr/subsys/ap_pwrseq/ap_reset_log.c.obj
[craaskov:rw] [261/409] Building C object CMakeFiles/app.dir/mnt/host/source/src/platform/ec/zephyr/subsys/ap_pwrseq/x86_non_dsx_adlp_pwrseq_sm.c.obj
[pujjocento:rw] [19/399] Building CXX object modules/pigweed/pw_tokenizer/CMakeFiles/pw_tokenizer.dir/hash.cc.obj
[craaskov:rw] [262/409] Building C object CMakeFiles/app.dir/mnt/host/source/src/platform/ec/build/zephyr/craaskov/modules/ec/common/console_output.c.obj
[craaskov:rw] [263/409] Building C object CMakeFiles/app.dir/mnt/host/source/src/platform/ec/build/zephyr/craaskov/modules/ec/common/ec_features.c.obj
[pujjocento:rw] [20/399] Building CXX object modules/pigweed/pw_tokenizer/CMakeFiles/pw_tokenizer.dir/encode_args.cc.obj
[craaskov:rw] [264/409] Building C object CMakeFiles/app.dir/mnt/host/source/src/platform/ec/build/zephyr/craaskov/modules/ec/common/gpio_commands.c.obj
[craaskov:rw] [265/409] Building C object CMakeFiles/app.dir/mnt/host/source/src/platform/ec/build/zephyr/craaskov/modules/ec/common/peripheral.c.obj
[craaskov:rw] [266/409] Building C object CMakeFiles/app.dir/mnt/host/source/src/platform/ec/build/zephyr/craaskov/modules/ec/common/printf.c.obj
[kinmen:rw] [24/383] Building CXX object modules/pigweed/pw_log_zephyr/CMakeFiles/pw_log_zephyr.dir/log_zephyr.cc.obj
[kinmen:rw] [25/383] Linking CXX static library modules/pigweed/pw_log_zephyr/libpw_log_zephyr.a
[craaskov:rw] [267/409] Building C object CMakeFiles/app.dir/mnt/host/source/src/platform/ec/build/zephyr/craaskov/modules/ec/common/queue.c.obj
[kinmen:rw] [26/383] Linking CXX static library modules/ec/zephyr/drivers/pw_transport/libpw_transport.proto.nanopb.a
[kinmen:rw] [27/383] Linking CXX static library modules/ec/zephyr/drivers/dsp_comms/libdsp_comms.proto.nanopb.a
[craaskov:rw] [268/409] Building C object CMakeFiles/app.dir/mnt/host/source/src/platform/ec/build/zephyr/craaskov/modules/ec/common/system_boot_time.c.obj
[craaskov:rw] [269/409] Building C object CMakeFiles/app.dir/mnt/host/source/src/platform/ec/build/zephyr/craaskov/modules/ec/common/uart_printf.c.obj
[pujjocento:ro] INFO:root:Version string: Zephyr-Kernel-16543.0.0
[pujjocento:ro] INFO:root:Writing header to /mnt/host/source/src/platform/ec/build/zephyr/pujjocento/build-ro/modules/ec/zephyr/include/ec_version.h
[pujjocento:ro] [12/399] Building CXX object modules/ec/zephyr/shim/src/CMakeFiles/platform_ec_log.tokenized_handler.dir/pw_log_zephyr_tokenized.cc.obj
[kinmen:rw] [28/383] Generating include/generated/zephyr/offsets.h
[craaskov:rw] [270/409] Building C object CMakeFiles/app.dir/mnt/host/source/src/platform/ec/build/zephyr/craaskov/modules/ec/common/system.c.obj
[craaskov:rw] [271/409] Building C object CMakeFiles/app.dir/mnt/host/source/src/platform/ec/build/zephyr/craaskov/modules/ec/common/util.c.obj
[craaskov:rw] [272/409] Building C object CMakeFiles/app.dir/mnt/host/source/src/platform/ec/build/zephyr/craaskov/modules/ec/common/version.c.obj
[craaskov:rw] [273/409] Building C object CMakeFiles/app.dir/mnt/host/source/src/platform/ec/build/zephyr/craaskov/modules/ec/common/power_button_x86.c.obj
[pujjocento:rw] [21/399] Building CXX object modules/pigweed/pw_tokenizer/CMakeFiles/pw_tokenizer.base64.dir/base64.cc.obj
[craaskov:rw] [274/409] Building C object CMakeFiles/app.dir/mnt/host/source/src/platform/ec/build/zephyr/craaskov/modules/ec/driver/accel_bma4xx.c.obj
[craaskov:rw] [275/409] Building C object CMakeFiles/app.dir/mnt/host/source/src/platform/ec/build/zephyr/craaskov/modules/ec/common/motion_sense_fifo.c.obj
[pujjocento:rw] [22/399] Building CXX object modules/pigweed/pw_tokenizer/CMakeFiles/pw_tokenizer.dir/tokenize.cc.obj
[craaskov:rw] [276/409] Building C object CMakeFiles/app.dir/mnt/host/source/src/platform/ec/build/zephyr/craaskov/modules/ec/common/adc.c.obj
[craaskov:rw] [277/409] Building C object CMakeFiles/app.dir/mnt/host/source/src/platform/ec/build/zephyr/craaskov/modules/ec/common/backlight_lid.c.obj
[craaskov:rw] [278/409] Building C object CMakeFiles/app.dir/mnt/host/source/src/platform/ec/build/zephyr/craaskov/modules/ec/common/acpi.c.obj
[kinmen:rw] [29/383] Building C object CMakeFiles/app.dir/mnt/host/source/src/platform/ec/zephyr/subsys/ap_pwrseq/ap_events.c.obj
[craaskov:rw] [279/409] Building C object CMakeFiles/app.dir/mnt/host/source/src/platform/ec/build/zephyr/craaskov/modules/ec/common/battery_info.c.obj
[pujjocento:ro] [13/399] Building CXX object modules/pigweed/pw_base64/CMakeFiles/pw_base64.dir/base64.cc.obj
[craaskov:rw] [280/409] Building C object CMakeFiles/app.dir/mnt/host/source/src/platform/ec/build/zephyr/craaskov/modules/ec/common/battery.c.obj
[pujjocento:ro] [14/399] Building CXX object modules/pigweed/pw_build/CMakeFiles/pw_build.empty.dir/empty_file.cc.obj
[craaskov:rw] [281/409] Building C object CMakeFiles/app.dir/mnt/host/source/src/platform/ec/build/zephyr/craaskov/modules/ec/common/battery_fuel_gauge.c.obj
[craaskov:rw] [282/409] Building C object CMakeFiles/app.dir/mnt/host/source/src/platform/ec/build/zephyr/craaskov/modules/ec/driver/battery/smart.c.obj
[/mnt/host/source/src/platform/ec/build/zephyr/brtk-lcov]   /mnt/host/source/src/platform/ec/build/zephyr/brtk/build-rw/CMakeFiles/app.dir/mnt/host/source/src/platform/ec/build/zephyr/brtk/modules/ec/common/cbi_config.c.gcno:no functions found
[/mnt/host/source/src/platform/ec/build/zephyr/brtk-lcov] stderr:
[craaskov:rw] [283/409] Building C object CMakeFiles/app.dir/mnt/host/source/src/platform/ec/build/zephyr/craaskov/modules/ec/common/charger.c.obj
[kinmen:rw] [30/383] Building C object CMakeFiles/app.dir/mnt/host/source/src/platform/ec/zephyr/subsys/ap_pwrseq/ap_power_interface.c.obj
[craaskov:rw] [284/409] Building C object CMakeFiles/app.dir/mnt/host/source/src/platform/ec/build/zephyr/craaskov/modules/ec/driver/charger/isl923x.c.obj
[craaskov:rw] [285/409] Building C object CMakeFiles/app.dir/mnt/host/source/src/platform/ec/build/zephyr/craaskov/modules/ec/common/cbi_common.c.obj
[craaskov:rw] [286/409] Building C object CMakeFiles/app.dir/mnt/host/source/src/platform/ec/build/zephyr/craaskov/modules/ec/common/charge_state.c.obj
[craaskov:rw] [287/409] Building C object CMakeFiles/app.dir/mnt/host/source/src/platform/ec/build/zephyr/craaskov/modules/ec/common/cbi_config.c.obj
[craaskov:rw] [288/409] Building C object CMakeFiles/app.dir/mnt/host/source/src/platform/ec/build/zephyr/craaskov/modules/ec/common/charge_manager.c.obj
[craaskov:rw] [289/409] Building C object CMakeFiles/app.dir/mnt/host/source/src/platform/ec/build/zephyr/craaskov/modules/ec/common/cbi.c.obj
[craaskov:rw] [290/409] Building C object CMakeFiles/app.dir/mnt/host/source/src/platform/ec/build/zephyr/craaskov/modules/ec/common/memory_commands.c.obj
[craaskov:rw] [291/409] Building C object CMakeFiles/app.dir/mnt/host/source/src/platform/ec/build/zephyr/craaskov/modules/ec/common/dptf.c.obj
[kinmen:ro] Building: /usr/bin/ninja -C /mnt/host/source/src/platform/ec/build/zephyr/kinmen/build-ro all.libraries
Running `env -i SHELL=/bin/bash COLORTERM=truecolor DEPOT_TOOLS_UPDATE=0 LESS='-R -M --shift 5' SUDO_GID=0 JDK_HOME=/etc/java-config-2/current-system-vm CONFIG_PROTECT_MASK='/etc/gentoo-release /etc/sandbox.d /etc/fonts/fonts.conf /etc/terminfo /etc/ca-certificates.conf /etc/revdep-rebuild' CHROMEOS_CACHEDIR=/var/cache/chromeos-cache JAVA_HOME=/etc/java-config-2/current-system-vm SSH_AUTH_SOCK=/tmp/ssh-auth-sock SUDO_COMMAND=/bin/bash SUDO_USER=root SUDO_TTY=/dev/pts/2 EDITOR=/usr/bin/vi PWD=/mnt/host/source/src/platform/ec CONFIG_PROTECT=/usr/share/gnupg/qualified.txt LOGNAME=jpmurphy MANPATH=/etc/java-config-2/current-system-vm/man:/usr/local/share/man:/usr/share/man:/usr/share/gcc-data/x86_64-pc-linux-gnu/10.2.0/man:/usr/share/binutils-data/x86_64-pc-linux-gnu/2.45/man:/etc/java-config-2/current-system-vm/man/ SUDO_HOME=/root XAUTHORITY=/run/user/944457/gdm/Xauthority HOME=/home/jpmurphy LANG=C.UTF-8 LS_COLORS='rs=0:di=01;34:ln=01;36:mh=00:pi=40;33:so=01;35:do=01;35:bd=40;33;01:cd=40;33;01:or=01;05;37;41:mi=01;05;37;41:su=37;41:sg=30;43:ca=30;41:tw=30;42:ow=34;42:st=37;44:ex=01;32:*.tar=01;31:*.tgz=01;31:*.arc=01;31:*.arj=01;31:*.taz=01;31:*.lha=01;31:*.lz4=01;31:*.lzh=01;31:*.lzma=01;31:*.tlz=01;31:*.txz=01;31:*.tzo=01;31:*.t7z=01;31:*.zip=01;31:*.z=01;31:*.dz=01;31:*.gz=01;31:*.lrz=01;31:*.lz=01;31:*.lzo=01;31:*.xz=01;31:*.zst=01;31:*.tzst=01;31:*.bz2=01;31:*.bz=01;31:*.tbz=01;31:*.tbz2=01;31:*.tz=01;31:*.deb=01;31:*.rpm=01;31:*.jar=01;31:*.war=01;31:*.ear=01;31:*.sar=01;31:*.rar=01;31:*.alz=01;31:*.ace=01;31:*.zoo=01;31:*.cpio=01;31:*.7z=01;31:*.rz=01;31:*.cab=01;31:*.wim=01;31:*.swm=01;31:*.dwm=01;31:*.esd=01;31:*.jpg=01;35:*.jpeg=01;35:*.mjpg=01;35:*.mjpeg=01;35:*.gif=01;35:*.bmp=01;35:*.pbm=01;35:*.pgm=01;35:*.ppm=01;35:*.tga=01;35:*.xbm=01;35:*.xpm=01;35:*.tif=01;35:*.tiff=01;35:*.png=01;35:*.svg=01;35:*.svgz=01;35:*.mng=01;35:*.pcx=01;35:*.mov=01;35:*.mpg=01;35:*.mpeg=01;35:*.m2v=01;35:*.mkv=01;35:*.webm=01;35:*.webp=01;35:*.ogm=01;35:*.mp4=01;35:*.m4v=01;35:*.mp4v=01;35:*.vob=01;35:*.qt=01;35:*.nuv=01;35:*.wmv=01;35:*.asf=01;35:*.rm=01;35:*.rmvb=01;35:*.flc=01;35:*.avi=01;35:*.fli=01;35:*.flv=01;35:*.gl=01;35:*.dl=01;35:*.xcf=01;35:*.xwd=01;35:*.yuv=01;35:*.cgm=01;35:*.emf=01;35:*.ogv=01;35:*.ogx=01;35:*.cfg=00;32:*.conf=00;32:*.diff=00;32:*.doc=00;32:*.ini=00;32:*.log=00;32:*.patch=00;32:*.pdf=00;32:*.ps=00;32:*.tex=00;32:*.txt=00;32:*.aac=00;36:*.au=00;36:*.flac=00;36:*.m4a=00;36:*.mid=00;36:*.midi=00;36:*.mka=00;36:*.mp3=00;36:*.mpc=00;36:*.ogg=00;36:*.ra=00;36:*.wav=00;36:*.oga=00;36:*.opus=00;36:*.spx=00;36:*.xspf=00;36:' XDG_CURRENT_DESKTOP=GNOME INFOPATH=/usr/share/info:/usr/share/gcc-data/x86_64-pc-linux-gnu/10.2.0/info:/usr/share/binutils-data/x86_64-pc-linux-gnu/2.45/info:/usr/share/automake-1.16.5/info JAVAC=/etc/java-config-2/current-system-vm/bin/javac TERM=xterm-256color LESSOPEN='|lesspipe %s' USER=jpmurphy CROS_WORKON_SRCROOT=/mnt/host/source MANPAGER=manpager DISPLAY=:1 SHLVL=1 LC_MESSAGES=C EXTERNAL_TRUNK_PATH=/mnt/8f9d649a-3721-44cc-93c0-e6bd21a9689f/chromiumos GCC_SPECS='' PATH=/mnt/host/source/chromite/bin:/usr/local/bin:/usr/bin:/bin:/opt/bin:/mnt/host/source/chromite/sdk/bin:/mnt/host/source/chromite/bin PORTAGE_USERNAME=jpmurphy SUDO_UID=0 GCC_VER=10.2.0 MAIL=/var/mail/jpmurphy OLDPWD=/mnt/host/source/src/scripts traceparent=00-e87aca51550a78635907baa6a2476181-6d684811675d2973-01 _=./zephyr/firmware_builder.py COREBOOT_SDK_ROOT_x86=/home/jpmurphy/.cache/coreboot-sdk/i386-elf/dfbb0486385d938cfa9d73080b9d18d598ed4f49 COREBOOT_SDK_ROOT_picolibc_x86=/home/jpmurphy/.cache/coreboot-sdk/picolibc-i386-elf/eb8e8e687b95461de8cbf278f1c2076952d0ad17 COREBOOT_SDK_ROOT_riscv64=/home/jpmurphy/.cache/coreboot-sdk/riscv64-elf/96b949749225b6aaa92ed810ab769e8dfb12f000 COREBOOT_SDK_ROOT_picolibc_arm=/home/jpmurphy/.cache/coreboot-sdk/picolibc-arm-eabi/422a2aa3e1ef891b5bece9a3deb696ff83840d2e COREBOOT_SDK_ROOT_nds32=/home/jpmurphy/.cache/coreboot-sdk/nds32le-elf/d1a518c4a097666d86058e1444f85ca015d15511 COREBOOT_SDK_ROOT_picolibc_riscv64=/home/jpmurphy/.cache/coreboot-sdk/picolibc-riscv64-elf/f571e990ef0278564b31124f8bb109d9a697eb69 COREBOOT_SDK_ROOT_arm=/home/jpmurphy/.cache/coreboot-sdk/arm-eabi/ea40ddd1d190c3b48435c474c0b545719371813a COREBOOT_SDK_ROOT_libstdcxx_riscv64=/home/jpmurphy/.cache/coreboot-sdk/libstdcxx-riscv64-elf/17abf22a3a252e2d5d2062ced5324f7a623689e0 COREBOOT_SDK_ROOT_libstdcxx_arm=/home/jpmurphy/.cache/coreboot-sdk/libstdcxx-arm-eabi/5d7d82e150e44aa1968f1d366e267e6687b328ac COREBOOT_SDK_ROOT_riscv=/home/jpmurphy/.cache/coreboot-sdk/riscv-elf/9a27b9e82341c6e9126624f516ab3f261abb3e73 COREBOOT_SDK_ROOT_libstdcxx_x86=/home/jpmurphy/.cache/coreboot-sdk/libstdcxx-i386-elf/42ef9d2e87a76a37963175d7d428734e65648b87 PYTHONPATH=/mnt/host/source/src/platform/ec/zephyr/zmake PW_PIGWEED_CIPD_INSTALL_DIR=/usr CROSTC_USER_ACKNOWLEDGES_THAT_RISCV_IS_EXPERIMENTAL=1 MAKEFLAGS=' -j16 --jobserver-auth=5,6' /usr/bin/ninja -C /mnt/host/source/src/platform/ec/build/zephyr/kinmen/build-ro all.libraries`
[pujjocento:rw] [23/399] Building CXX object modules/pigweed/pw_varint/CMakeFiles/pw_varint.dir/varint.cc.obj
[kinmen:ro] ninja: Entering directory `/mnt/host/source/src/platform/ec/build/zephyr/kinmen/build-ro'
[pujjocento:rw] [24/399] Linking CXX static library modules/pigweed/pw_varint/libpw_varint.a
[pujjocento:rw] [25/399] Linking CXX static library modules/pigweed/pw_tokenizer/libpw_tokenizer.base64.a
[craaskov:rw] [292/409] Building C object CMakeFiles/app.dir/mnt/host/source/src/platform/ec/build/zephyr/craaskov/modules/ec/common/ap_reset_log.c.obj
[/mnt/host/source/src/platform/ec/build/zephyr/kelpie-lcov]   /mnt/host/source/src/platform/ec/build/zephyr/kelpie/build-rw/zephyr/CMakeFiles/zephyr.dir/soc/ite/ec/it8xxx2/check_regs.c.gcno:no functions found
[/mnt/host/source/src/platform/ec/build/zephyr/kelpie-lcov] Filter suppressions 'region':
[/mnt/host/source/src/platform/ec/build/zephyr/brtk-lcov]   /mnt/host/source/src/platform/ec/build/zephyr/brtk/build-rw/zephyr/arch/common/CMakeFiles/isr_tables.dir/isr_tables.c.gcno:no functions found
[/mnt/host/source/src/platform/ec/build/zephyr/brtk-lcov] stderr:
[/mnt/host/source/src/platform/ec/build/zephyr/kelpie-lcov]     22 instances
[craaskov:rw] [293/409] Building C object CMakeFiles/app.dir/mnt/host/source/src/platform/ec/build/zephyr/craaskov/modules/ec/common/espi.c.obj
[/mnt/host/source/src/platform/ec/build/zephyr/kelpie-lcov]     12 coverpoints
[/mnt/host/source/src/platform/ec/build/zephyr/kelpie-lcov] Message summary:
[/mnt/host/source/src/platform/ec/build/zephyr/kelpie-lcov]   14 ignore messages:
[/mnt/host/source/src/platform/ec/build/zephyr/kelpie-lcov]     gcov: 14
[pujjocento:rw] [26/399] Linking CXX static library modules/pigweed/pw_tokenizer/libpw_tokenizer.a
[kinmen:rw] [31/383] Building C object CMakeFiles/app.dir/mnt/host/source/src/platform/ec/zephyr/subsys/ap_pwrseq/power_signals.c.obj
[craaskov:rw] [294/409] Building C object CMakeFiles/app.dir/mnt/host/source/src/platform/ec/build/zephyr/craaskov/modules/ec/common/extpower_common.c.obj
[pujjocento:rw] [27/399] Linking CXX static library modules/pigweed/pw_status/libpw_status.a
[pujjocento:rw] [28/399] Linking CXX static library modules/pigweed/pw_log_tokenized/libpw_log_tokenized.a
[craaskov:rw] [295/409] Building C object CMakeFiles/app.dir/mnt/host/source/src/platform/ec/build/zephyr/craaskov/modules/ec/common/fan.c.obj
[pujjocento:rw] [29/399] Linking CXX static library modules/pigweed/pw_containers/libpw_containers.intrusive_item.a
[craaskov:rw] [296/409] Building C object CMakeFiles/app.dir/mnt/host/source/src/platform/ec/build/zephyr/craaskov/modules/ec/common/host_command.c.obj
[pujjocento:ro] [15/399] Building CXX object modules/pigweed/pw_bytes/CMakeFiles/pw_bytes.dir/byte_builder.cc.obj
[craaskov:rw] [297/409] Building C object CMakeFiles/app.dir/mnt/host/source/src/platform/ec/build/zephyr/craaskov/modules/ec/common/flash.c.obj
[pujjocento:rw] [30/399] Linking CXX static library modules/pigweed/pw_bytes/libpw_bytes.a
[craaskov:rw] [298/409] Building C object CMakeFiles/app.dir/mnt/host/source/src/platform/ec/build/zephyr/craaskov/modules/ec/common/host_command_task.c.obj
[pujjocento:rw] [31/399] Linking CXX static library modules/pigweed/pw_base64/libpw_base64.a
[craaskov:rw] [299/409] Building C object CMakeFiles/app.dir/mnt/host/source/src/platform/ec/build/zephyr/craaskov/modules/ec/common/uart_hostcmd.c.obj
[pujjocento:rw] [32/399] Linking CXX static library modules/ec/zephyr/shim/src/libplatform_ec_log.tokenized_handler.a
[craaskov:rw] [300/409] Building C object CMakeFiles/app.dir/mnt/host/source/src/platform/ec/build/zephyr/craaskov/modules/ec/common/host_event_commands.c.obj
[pujjocento:ro] [16/399] Building CXX object modules/pigweed/pw_containers/CMakeFiles/pw_containers.intrusive_item.dir/intrusive_item.cc.obj
[kinmen:ro] [1/383] Generating include/generated/zephyr/version.h
[kinmen:ro] -- git describe warned: warning: tag 'upstream/v2.7.99' is externally known as 'v2.7.99'
[kinmen:ro] -- Zephyr version: 4.3.99 (/mnt/host/source/src/third_party/zephyr/main)
[kinmen:ro] [2/383] Preparing syscall dependency handling
[pujjocento:rw] [33/399] Generating include/generated/zephyr/offsets.h
[kinmen:ro] [3/383] Generating misc/generated/syscalls_subdirs.trigger
[craaskov:rw] [301/409] Building C object CMakeFiles/app.dir/mnt/host/source/src/platform/ec/build/zephyr/craaskov/modules/ec/common/uptime.c.obj
[kinmen:rw] [32/383] Building C object CMakeFiles/app.dir/mnt/host/source/src/platform/ec/zephyr/subsys/ap_pwrseq/signal_vw.c.obj
[craaskov:rw] [302/409] Building C object CMakeFiles/app.dir/mnt/host/source/src/platform/ec/build/zephyr/craaskov/modules/ec/common/i2c_controller.c.obj
[kinmen:rw] [33/383] Building C object CMakeFiles/app.dir/mnt/host/source/src/platform/ec/zephyr/subsys/ap_pwrseq/signal_gpio.c.obj
[craaskov:rw] [303/409] Building C object CMakeFiles/app.dir/mnt/host/source/src/platform/ec/build/zephyr/craaskov/modules/ec/common/i2c_passthru.c.obj
[craaskov:rw] [304/409] Building C object CMakeFiles/app.dir/mnt/host/source/src/platform/ec/build/zephyr/craaskov/modules/ec/common/keyboard_8042_sharedlib.c.obj
[craaskov:rw] [305/409] Building C object CMakeFiles/app.dir/mnt/host/source/src/platform/ec/build/zephyr/craaskov/modules/ec/common/keyboard_scan.c.obj
[craaskov:rw] [306/409] Building C object CMakeFiles/app.dir/mnt/host/source/src/platform/ec/build/zephyr/craaskov/modules/ec/common/keyboard_8042.c.obj
[craaskov:rw] [307/409] Building C object CMakeFiles/app.dir/mnt/host/source/src/platform/ec/build/zephyr/craaskov/modules/ec/common/mkbp_fifo.c.obj
[craaskov:rw] [308/409] Building C object CMakeFiles/app.dir/mnt/host/source/src/platform/ec/build/zephyr/craaskov/modules/ec/common/mkbp_input_devices.c.obj
[craaskov:rw] [309/409] Building C object CMakeFiles/app.dir/mnt/host/source/src/platform/ec/build/zephyr/craaskov/modules/ec/common/mkbp_info.c.obj
[pujjocento:rw] [34/399] Building C object CMakeFiles/app.dir/mnt/host/source/src/platform/ec/zephyr/subsys/ap_pwrseq/ap_events.c.obj
[kinmen:ro] [4/383] Generating misc/generated/syscalls.json, misc/generated/struct_tags.json
[craaskov:rw] [310/409] Building C object CMakeFiles/app.dir/mnt/host/source/src/platform/ec/build/zephyr/craaskov/modules/ec/common/led_common.c.obj
[kinmen:rw] [34/383] Building C object CMakeFiles/app.dir/mnt/host/source/src/platform/ec/zephyr/subsys/ap_pwrseq/ap_pwrseq_sm.c.obj
[kinmen:rw] [35/383] Building C object CMakeFiles/app.dir/mnt/host/source/src/platform/ec/zephyr/subsys/ap_pwrseq/ap_pwrseq.c.obj
[kinmen:ro] [5/383] Generating include/generated/zephyr/syscall_dispatch.c, include/generated/zephyr/syscall_exports_llext.c, syscall_weakdefs_llext.c, include/generated/zephyr/syscall_list.h
[craaskov:rw] [311/409] Building C object CMakeFiles/app.dir/mnt/host/source/src/platform/ec/build/zephyr/craaskov/modules/ec/common/motion_lid.c.obj
[craaskov:rw] [312/409] Building C object CMakeFiles/app.dir/mnt/host/source/src/platform/ec/build/zephyr/craaskov/modules/ec/common/lid_angle_keyboard_policy.c.obj
[kinmen:ro] [6/383] Generating include/generated/zephyr/driver-validation.h
[craaskov:rw] [313/409] Building C object CMakeFiles/app.dir/mnt/host/source/src/platform/ec/build/zephyr/craaskov/modules/ec/common/lid_angle.c.obj
[craaskov:rw] [314/409] Building C object CMakeFiles/app.dir/mnt/host/source/src/platform/ec/build/zephyr/craaskov/modules/ec/common/mkbp_event.c.obj
[craaskov:rw] [315/409] Building C object CMakeFiles/app.dir/mnt/host/source/src/platform/ec/build/zephyr/craaskov/modules/ec/common/lid_switch.c.obj
[kinmen:ro] [7/383] Generating include/generated/zephyr/kobj-types-enum.h, include/generated/zephyr/otype-to-str.h, include/generated/zephyr/otype-to-size.h
[pujjocento:ro] [17/399] Building CXX object modules/pigweed/pw_log_tokenized/CMakeFiles/pw_log_tokenized.dir/log_tokenized.cc.obj
[kinmen:ro] [8/383] Generating include/generated/device-api-sections.ld, include/generated/device-api-sections.cmake
[craaskov:rw] [316/409] Building C object CMakeFiles/app.dir/mnt/host/source/src/platform/ec/build/zephyr/craaskov/modules/ec/common/motion_sense.c.obj
[pujjocento:ro] [18/399] Building CXX object modules/pigweed/pw_status/CMakeFiles/pw_status.dir/status.cc.obj
[kinmen:ro] [9/383] cd /mnt/host/source/src/platform/ec/build/zephyr/kinmen/build-ro/modules/ec/zephyr && PYTHONPATH=/mnt/host/source/src/platform/ec/build/zephyr/kinmen/modules/ec/zephyr/zmake/ /usr/bin/python3.11 /mnt/host/source/src/platform/ec/build/zephyr/kinmen/modules/ec/zephyr/zmake/zephyr_build_tools/generate_ec_version.py /mnt/host/source/src/platform/ec/build/zephyr/kinmen/build-ro/modules/ec/zephyr/include/ec_version.h --name Zephyr-Kernel --version 16543.0.0 --static
[kinmen:ro] INFO:root:Using a static version string
[craaskov:rw] [317/409] Building C object CMakeFiles/app.dir/mnt/host/source/src/platform/ec/build/zephyr/craaskov/modules/ec/common/power_button.c.obj
[/mnt/host/source/src/platform/ec/build/zephyr/fatcatrvp-npcx-lcov]   /mnt/host/source/src/platform/ec/build/zephyr/fatcatrvp-npcx/build-rw/zephyr/drivers/sensor/CMakeFiles/drivers__sensor.dir/mnt/host/source/src/third_party/zephyr/main/misc/empty_file.c.gcno:no functions found
[/mnt/host/source/src/platform/ec/build/zephyr/fatcatrvp-npcx-lcov] Filter suppressions 'region':
[/mnt/host/source/src/platform/ec/build/zephyr/fatcatrvp-npcx-lcov]     33 instances
[/mnt/host/source/src/platform/ec/build/zephyr/fatcatrvp-npcx-lcov]     26 coverpoints
[/mnt/host/source/src/platform/ec/build/zephyr/fatcatrvp-npcx-lcov] Message summary:
[/mnt/host/source/src/platform/ec/build/zephyr/fatcatrvp-npcx-lcov]   1 warning message:
[/mnt/host/source/src/platform/ec/build/zephyr/fatcatrvp-npcx-lcov]     format: 1
[/mnt/host/source/src/platform/ec/build/zephyr/fatcatrvp-npcx-lcov]   24 ignore messages:
[/mnt/host/source/src/platform/ec/build/zephyr/fatcatrvp-npcx-lcov]     gcov: 24
[craaskov:ro] Building: /usr/bin/ninja -C /mnt/host/source/src/platform/ec/build/zephyr/craaskov/build-ro all.libraries
Running `env -i SHELL=/bin/bash COLORTERM=truecolor DEPOT_TOOLS_UPDATE=0 LESS='-R -M --shift 5' SUDO_GID=0 JDK_HOME=/etc/java-config-2/current-system-vm CONFIG_PROTECT_MASK='/etc/gentoo-release /etc/sandbox.d /etc/fonts/fonts.conf /etc/terminfo /etc/ca-certificates.conf /etc/revdep-rebuild' CHROMEOS_CACHEDIR=/var/cache/chromeos-cache JAVA_HOME=/etc/java-config-2/current-system-vm SSH_AUTH_SOCK=/tmp/ssh-auth-sock SUDO_COMMAND=/bin/bash SUDO_USER=root SUDO_TTY=/dev/pts/2 EDITOR=/usr/bin/vi PWD=/mnt/host/source/src/platform/ec CONFIG_PROTECT=/usr/share/gnupg/qualified.txt LOGNAME=jpmurphy MANPATH=/etc/java-config-2/current-system-vm/man:/usr/local/share/man:/usr/share/man:/usr/share/gcc-data/x86_64-pc-linux-gnu/10.2.0/man:/usr/share/binutils-data/x86_64-pc-linux-gnu/2.45/man:/etc/java-config-2/current-system-vm/man/ SUDO_HOME=/root XAUTHORITY=/run/user/944457/gdm/Xauthority HOME=/home/jpmurphy LANG=C.UTF-8 LS_COLORS='rs=0:di=01;34:ln=01;36:mh=00:pi=40;33:so=01;35:do=01;35:bd=40;33;01:cd=40;33;01:or=01;05;37;41:mi=01;05;37;41:su=37;41:sg=30;43:ca=30;41:tw=30;42:ow=34;42:st=37;44:ex=01;32:*.tar=01;31:*.tgz=01;31:*.arc=01;31:*.arj=01;31:*.taz=01;31:*.lha=01;31:*.lz4=01;31:*.lzh=01;31:*.lzma=01;31:*.tlz=01;31:*.txz=01;31:*.tzo=01;31:*.t7z=01;31:*.zip=01;31:*.z=01;31:*.dz=01;31:*.gz=01;31:*.lrz=01;31:*.lz=01;31:*.lzo=01;31:*.xz=01;31:*.zst=01;31:*.tzst=01;31:*.bz2=01;31:*.bz=01;31:*.tbz=01;31:*.tbz2=01;31:*.tz=01;31:*.deb=01;31:*.rpm=01;31:*.jar=01;31:*.war=01;31:*.ear=01;31:*.sar=01;31:*.rar=01;31:*.alz=01;31:*.ace=01;31:*.zoo=01;31:*.cpio=01;31:*.7z=01;31:*.rz=01;31:*.cab=01;31:*.wim=01;31:*.swm=01;31:*.dwm=01;31:*.esd=01;31:*.jpg=01;35:*.jpeg=01;35:*.mjpg=01;35:*.mjpeg=01;35:*.gif=01;35:*.bmp=01;35:*.pbm=01;35:*.pgm=01;35:*.ppm=01;35:*.tga=01;35:*.xbm=01;35:*.xpm=01;35:*.tif=01;35:*.tiff=01;35:*.png=01;35:*.svg=01;35:*.svgz=01;35:*.mng=01;35:*.pcx=01;35:*.mov=01;35:*.mpg=01;35:*.mpeg=01;35:*.m2v=01;35:*.mkv=01;35:*.webm=01;35:*.webp=01;35:*.ogm=01;35:*.mp4=01;35:*.m4v=01;35:*.mp4v=01;35:*.vob=01;35:*.qt=01;35:*.nuv=01;35:*.wmv=01;35:*.asf=01;35:*.rm=01;35:*.rmvb=01;35:*.flc=01;35:*.avi=01;35:*.fli=01;35:*.flv=01;35:*.gl=01;35:*.dl=01;35:*.xcf=01;35:*.xwd=01;35:*.yuv=01;35:*.cgm=01;35:*.emf=01;35:*.ogv=01;35:*.ogx=01;35:*.cfg=00;32:*.conf=00;32:*.diff=00;32:*.doc=00;32:*.ini=00;32:*.log=00;32:*.patch=00;32:*.pdf=00;32:*.ps=00;32:*.tex=00;32:*.txt=00;32:*.aac=00;36:*.au=00;36:*.flac=00;36:*.m4a=00;36:*.mid=00;36:*.midi=00;36:*.mka=00;36:*.mp3=00;36:*.mpc=00;36:*.ogg=00;36:*.ra=00;36:*.wav=00;36:*.oga=00;36:*.opus=00;36:*.spx=00;36:*.xspf=00;36:' XDG_CURRENT_DESKTOP=GNOME INFOPATH=/usr/share/info:/usr/share/gcc-data/x86_64-pc-linux-gnu/10.2.0/info:/usr/share/binutils-data/x86_64-pc-linux-gnu/2.45/info:/usr/share/automake-1.16.5/info JAVAC=/etc/java-config-2/current-system-vm/bin/javac TERM=xterm-256color LESSOPEN='|lesspipe %s' USER=jpmurphy CROS_WORKON_SRCROOT=/mnt/host/source MANPAGER=manpager DISPLAY=:1 SHLVL=1 LC_MESSAGES=C EXTERNAL_TRUNK_PATH=/mnt/8f9d649a-3721-44cc-93c0-e6bd21a9689f/chromiumos GCC_SPECS='' PATH=/mnt/host/source/chromite/bin:/usr/local/bin:/usr/bin:/bin:/opt/bin:/mnt/host/source/chromite/sdk/bin:/mnt/host/source/chromite/bin PORTAGE_USERNAME=jpmurphy SUDO_UID=0 GCC_VER=10.2.0 MAIL=/var/mail/jpmurphy OLDPWD=/mnt/host/source/src/scripts traceparent=00-e87aca51550a78635907baa6a2476181-6d684811675d2973-01 _=./zephyr/firmware_builder.py COREBOOT_SDK_ROOT_x86=/home/jpmurphy/.cache/coreboot-sdk/i386-elf/dfbb0486385d938cfa9d73080b9d18d598ed4f49 COREBOOT_SDK_ROOT_picolibc_x86=/home/jpmurphy/.cache/coreboot-sdk/picolibc-i386-elf/eb8e8e687b95461de8cbf278f1c2076952d0ad17 COREBOOT_SDK_ROOT_riscv64=/home/jpmurphy/.cache/coreboot-sdk/riscv64-elf/96b949749225b6aaa92ed810ab769e8dfb12f000 COREBOOT_SDK_ROOT_picolibc_arm=/home/jpmurphy/.cache/coreboot-sdk/picolibc-arm-eabi/422a2aa3e1ef891b5bece9a3deb696ff83840d2e COREBOOT_SDK_ROOT_nds32=/home/jpmurphy/.cache/coreboot-sdk/nds32le-elf/d1a518c4a097666d86058e1444f85ca015d15511 COREBOOT_SDK_ROOT_picolibc_riscv64=/home/jpmurphy/.cache/coreboot-sdk/picolibc-riscv64-elf/f571e990ef0278564b31124f8bb109d9a697eb69 COREBOOT_SDK_ROOT_arm=/home/jpmurphy/.cache/coreboot-sdk/arm-eabi/ea40ddd1d190c3b48435c474c0b545719371813a COREBOOT_SDK_ROOT_libstdcxx_riscv64=/home/jpmurphy/.cache/coreboot-sdk/libstdcxx-riscv64-elf/17abf22a3a252e2d5d2062ced5324f7a623689e0 COREBOOT_SDK_ROOT_libstdcxx_arm=/home/jpmurphy/.cache/coreboot-sdk/libstdcxx-arm-eabi/5d7d82e150e44aa1968f1d366e267e6687b328ac COREBOOT_SDK_ROOT_riscv=/home/jpmurphy/.cache/coreboot-sdk/riscv-elf/9a27b9e82341c6e9126624f516ab3f261abb3e73 COREBOOT_SDK_ROOT_libstdcxx_x86=/home/jpmurphy/.cache/coreboot-sdk/libstdcxx-i386-elf/42ef9d2e87a76a37963175d7d428734e65648b87 PYTHONPATH=/mnt/host/source/src/platform/ec/zephyr/zmake PW_PIGWEED_CIPD_INSTALL_DIR=/usr CROSTC_USER_ACKNOWLEDGES_THAT_RISCV_IS_EXPERIMENTAL=1 MAKEFLAGS=' -j16 --jobserver-auth=5,6' /usr/bin/ninja -C /mnt/host/source/src/platform/ec/build/zephyr/craaskov/build-ro all.libraries`
[craaskov:rw] [318/409] Building C object CMakeFiles/app.dir/mnt/host/source/src/platform/ec/build/zephyr/craaskov/modules/ec/common/port80.c.obj
[craaskov:ro] ninja: Entering directory `/mnt/host/source/src/platform/ec/build/zephyr/craaskov/build-ro'
[kinmen:ro] INFO:root:Version string: Zephyr-Kernel-16543.0.0
[craaskov:rw] [319/409] Building C object CMakeFiles/app.dir/mnt/host/source/src/platform/ec/build/zephyr/craaskov/modules/ec/power/hibernate.c.obj
[kinmen:ro] INFO:root:Writing header to /mnt/host/source/src/platform/ec/build/zephyr/kinmen/build-ro/modules/ec/zephyr/include/ec_version.h
[kinmen:ro] [10/383] Building CXX object modules/pigweed/pw_build/CMakeFiles/pw_build.empty.dir/empty_file.cc.obj
[kinmen:rw] [36/383] Building C object CMakeFiles/app.dir/mnt/host/source/src/platform/ec/zephyr/subsys/ap_pwrseq/power_host_sleep.c.obj
[pujjocento:rw] [35/399] Building C object CMakeFiles/app.dir/mnt/host/source/src/platform/ec/zephyr/subsys/ap_pwrseq/ap_power_interface.c.obj
[kinmen:ro] [11/383] Generating pw_third_party.nanopb.proto/sources/nanopb.proto
[kinmen:ro] [12/383] Generating dsp_comms.proto/sources/proto/ec_dsp.proto, dsp_comms.proto/sources/proto/ec_dsp.options
[kinmen:rw] [37/383] Building C object CMakeFiles/app.dir/mnt/host/source/src/platform/ec/zephyr/subsys/ap_pwrseq/x86_non_dsx_common_pwrseq_sm_handler.c.obj
[craaskov:rw] [320/409] Building C object CMakeFiles/app.dir/mnt/host/source/src/platform/ec/build/zephyr/craaskov/modules/ec/common/sha256.c.obj
[kinmen:ro] [13/383] Generating pw_transport.proto/sources/pw_transport/proto/transport.proto, pw_transport.proto/sources/pw_transport/proto/transport.options
[craaskov:rw] [321/409] Building C object CMakeFiles/app.dir/mnt/host/source/src/platform/ec/build/zephyr/craaskov/modules/ec/common/panic_output.c.obj
[craaskov:rw] [322/409] Building C object CMakeFiles/app.dir/mnt/host/source/src/platform/ec/build/zephyr/craaskov/modules/ec/common/shared_mem.c.obj
[craaskov:rw] [323/409] Building C object CMakeFiles/app.dir/mnt/host/source/src/platform/ec/build/zephyr/craaskov/modules/ec/common/spi_flash_reg.c.obj
[craaskov:rw] [324/409] Building C object CMakeFiles/app.dir/mnt/host/source/src/platform/ec/build/zephyr/craaskov/modules/ec/common/switch.c.obj
[craaskov:ro] [1/409] Generating include/generated/zephyr/version.h
[craaskov:rw] [325/409] Building C object CMakeFiles/app.dir/mnt/host/source/src/platform/ec/build/zephyr/craaskov/modules/ec/common/tablet_mode.c.obj
[craaskov:ro] -- git describe warned: warning: tag 'upstream/v2.7.99' is externally known as 'v2.7.99'
[craaskov:ro] -- Zephyr version: 4.3.99 (/mnt/host/source/src/third_party/zephyr/main)
[craaskov:ro] [2/409] Preparing syscall dependency handling
[kinmen:ro] [14/383] Generating /mnt/host/source/src/platform/ec/build/zephyr/kinmen/modules/nanopb/generator/proto/nanopb_pb2.py
[craaskov:ro] [3/409] Generating misc/generated/syscalls_subdirs.trigger
[craaskov:rw] [326/409] Building C object CMakeFiles/app.dir/mnt/host/source/src/platform/ec/build/zephyr/craaskov/modules/ec/common/thermal.c.obj
[craaskov:rw] [327/409] Building C object CMakeFiles/app.dir/mnt/host/source/src/platform/ec/build/zephyr/craaskov/modules/ec/common/temp_sensor.c.obj
[craaskov:rw] [328/409] Building C object CMakeFiles/app.dir/mnt/host/source/src/platform/ec/build/zephyr/craaskov/modules/ec/driver/temp_sensor/thermistor.c.obj
[pujjocento:rw] [36/399] Building C object CMakeFiles/app.dir/mnt/host/source/src/platform/ec/zephyr/subsys/ap_pwrseq/power_signals.c.obj
[kinmen:rw] [38/383] Building C object CMakeFiles/app.dir/mnt/host/source/src/platform/ec/zephyr/subsys/ap_pwrseq/x86_non_dsx_chipset_power_state.c.obj
[craaskov:rw] [329/409] Building C object CMakeFiles/app.dir/mnt/host/source/src/platform/ec/build/zephyr/craaskov/modules/ec/common/throttle_ap.c.obj
[kinmen:rw] [39/383] Building C object CMakeFiles/app.dir/mnt/host/source/src/platform/ec/zephyr/subsys/ap_pwrseq/x86_non_dsx_common_pwrseq_host_sleep.c.obj
[craaskov:rw] [330/409] Building C object CMakeFiles/app.dir/mnt/host/source/src/platform/ec/build/zephyr/craaskov/modules/ec/common/timer.c.obj
[kinmen:ro] [15/383] Generating dsp_comms.proto/nanopb/proto/ec_dsp.pb.h, dsp_comms.proto/nanopb/proto/ec_dsp.pb.c
[craaskov:rw] [331/409] Building C object CMakeFiles/app.dir/mnt/host/source/src/platform/ec/build/zephyr/craaskov/modules/ec/common/typec_control.c.obj
[craaskov:rw] [332/409] Building C object CMakeFiles/app.dir/mnt/host/source/src/platform/ec/build/zephyr/craaskov/modules/ec/common/usb_port_power_dumb.c.obj
[craaskov:rw] [333/409] Building C object CMakeFiles/app.dir/mnt/host/source/src/platform/ec/build/zephyr/craaskov/modules/ec/common/usb_pd_pdo.c.obj
[/mnt/host/source/src/platform/ec/build/zephyr/brtk-lcov]   /mnt/host/source/src/platform/ec/build/zephyr/brtk/build-rw/zephyr/CMakeFiles/zephyr.dir/subsys/shell/modules/kernel_service/kernel_shell.c.gcno:no functions found
[/mnt/host/source/src/platform/ec/build/zephyr/brtk-lcov] stderr:
[pujjocento:ro] [19/399] Building CXX object modules/pigweed/pw_tokenizer/CMakeFiles/pw_tokenizer.dir/encode_args.cc.obj
[craaskov:ro] [4/409] Generating misc/generated/syscalls.json, misc/generated/struct_tags.json
[craaskov:rw] [334/409] Building C object CMakeFiles/app.dir/mnt/host/source/src/platform/ec/build/zephyr/craaskov/modules/ec/common/usb_common.c.obj
[craaskov:ro] [5/409] Generating include/generated/zephyr/syscall_dispatch.c, include/generated/zephyr/syscall_exports_llext.c, syscall_weakdefs_llext.c, include/generated/zephyr/syscall_list.h
[craaskov:rw] [335/409] Building C object CMakeFiles/app.dir/mnt/host/source/src/platform/ec/build/zephyr/craaskov/modules/ec/common/usbc/usbc_task.c.obj
[/mnt/host/source/src/platform/ec/build/zephyr/brtk-lcov]   /mnt/host/source/src/platform/ec/build/zephyr/brtk/build-rw/zephyr/CMakeFiles/zephyr.dir/lib/libc/validate_libc.c.gcno:no functions found
[/mnt/host/source/src/platform/ec/build/zephyr/brtk-lcov] stderr:
[craaskov:rw] [336/409] Building C object CMakeFiles/app.dir/mnt/host/source/src/platform/ec/build/zephyr/craaskov/modules/ec/common/usbc/usb_pd_timer.c.obj
[craaskov:rw] [337/409] Building C object CMakeFiles/app.dir/mnt/host/source/src/platform/ec/build/zephyr/craaskov/modules/ec/common/usbc/usb_sm.c.obj
[craaskov:ro] [6/409] Generating include/generated/zephyr/driver-validation.h
[craaskov:rw] [338/409] Building C object CMakeFiles/app.dir/mnt/host/source/src/platform/ec/build/zephyr/craaskov/modules/ec/common/usbc_intr_task.c.obj
[kinmen:ro] [16/383] Generating pw_transport.proto/nanopb/pw_transport/proto/transport.pb.h, pw_transport.proto/nanopb/pw_transport/proto/transport.pb.c
[kinmen:rw] [40/383] Building C object CMakeFiles/app.dir/mnt/host/source/src/platform/ec/zephyr/subsys/ap_pwrseq/x86_non_dsx_common_pwrseq_console.c.obj
[kinmen:rw] [41/383] Building C object CMakeFiles/app.dir/mnt/host/source/src/platform/ec/zephyr/subsys/ap_pwrseq/x86_non_dsx_common_pwrseq_host_command.c.obj
[craaskov:ro] [7/409] Generating include/generated/zephyr/kobj-types-enum.h, include/generated/zephyr/otype-to-str.h, include/generated/zephyr/otype-to-size.h
[pujjocento:ro] [20/399] Building CXX object modules/pigweed/pw_tokenizer/CMakeFiles/pw_tokenizer.dir/hash.cc.obj
[pujjocento:rw] [37/399] Building C object CMakeFiles/app.dir/mnt/host/source/src/platform/ec/zephyr/subsys/ap_pwrseq/signal_gpio.c.obj
[craaskov:rw] [339/409] Building C object CMakeFiles/app.dir/mnt/host/source/src/platform/ec/build/zephyr/craaskov/modules/ec/common/usbc_utils.c.obj
[craaskov:ro] [8/409] Generating include/generated/device-api-sections.ld, include/generated/device-api-sections.cmake
[craaskov:rw] [340/409] Building C object CMakeFiles/app.dir/mnt/host/source/src/platform/ec/build/zephyr/craaskov/modules/ec/common/usb_pd_flags.c.obj
[craaskov:rw] [341/409] Building C object CMakeFiles/app.dir/mnt/host/source/src/platform/ec/build/zephyr/craaskov/modules/ec/common/chargen.c.obj
[craaskov:rw] [342/409] Building C object CMakeFiles/app.dir/mnt/host/source/src/platform/ec/build/zephyr/craaskov/modules/ec/common/usbc/usb_pd_console.c.obj
[craaskov:rw] [343/409] Building C object CMakeFiles/app.dir/mnt/host/source/src/platform/ec/build/zephyr/craaskov/modules/ec/driver/usb_mux/usb_mux.c.obj
[craaskov:rw] [344/409] Building C object CMakeFiles/app.dir/mnt/host/source/src/platform/ec/build/zephyr/craaskov/modules/ec/driver/usb_mux/virtual.c.obj
[kinmen:ro] [17/383] Building C object zephyr/CMakeFiles/offsets.dir/arch/riscv/core/offsets/offsets.c.obj
[kinmen:rw] [42/383] Building C object CMakeFiles/app.dir/mnt/host/source/src/platform/ec/zephyr/subsys/ap_pwrseq/ap_reset_log.c.obj
[craaskov:ro] [9/409] Building C object zephyr/CMakeFiles/offsets.dir/arch/arm/core/offsets/offsets.c.obj
[kinmen:ro] [18/383] Building C object zephyr/drivers/sensor/CMakeFiles/drivers__sensor.dir/mnt/host/source/src/third_party/zephyr/main/misc/empty_file.c.obj
[craaskov:rw] [345/409] Building C object CMakeFiles/app.dir/mnt/host/source/src/platform/ec/build/zephyr/craaskov/modules/ec/common/usbc/usb_prl_sm.c.obj
[craaskov:rw] [346/409] Building C object CMakeFiles/app.dir/mnt/host/source/src/platform/ec/build/zephyr/craaskov/modules/ec/common/usbc/usb_tc_drp_acc_trysrc_sm.c.obj
[kinmen:rw] [43/383] Building C object CMakeFiles/app.dir/mnt/host/source/src/platform/ec/zephyr/subsys/ap_pwrseq/x86_non_dsx_mtl_pwrseq_sm.c.obj
[craaskov:ro] [10/409] Generating include/generated/zephyr/offsets.h
[kinmen:ro] [19/383] Building C object zephyr/drivers/syscon/CMakeFiles/drivers__syscon.dir/mnt/host/source/src/third_party/zephyr/main/misc/empty_file.c.obj
[craaskov:rw] [347/409] Building C object CMakeFiles/app.dir/mnt/host/source/src/platform/ec/build/zephyr/craaskov/modules/ec/common/usbc/usbc_pd_policy.c.obj
[pujjocento:rw] [38/399] Building C object CMakeFiles/app.dir/mnt/host/source/src/platform/ec/zephyr/subsys/ap_pwrseq/signal_vw.c.obj
[craaskov:rw] [348/409] Building C object CMakeFiles/app.dir/mnt/host/source/src/platform/ec/build/zephyr/craaskov/modules/ec/common/usbc/usb_pd_dpm.c.obj
[craaskov:rw] [349/409] Building C object CMakeFiles/app.dir/mnt/host/source/src/platform/ec/build/zephyr/craaskov/modules/ec/common/usbc/dp_alt_mode.c.obj
[craaskov:rw] [350/409] Building C object CMakeFiles/app.dir/mnt/host/source/src/platform/ec/build/zephyr/craaskov/modules/ec/common/usb_pd_console_cmd.c.obj
[craaskov:rw] [351/409] Building C object CMakeFiles/app.dir/mnt/host/source/src/platform/ec/build/zephyr/craaskov/modules/ec/common/usbc/usb_pe_drp_sm.c.obj
[kinmen:ro] [20/383] Building C object modules/ec/zephyr/drivers/dsp_comms/CMakeFiles/dsp_comms.proto.nanopb.dir/dsp_comms.proto/nanopb/proto/ec_dsp.pb.c.obj
[kinmen:ro] [21/383] Building C object modules/ec/zephyr/drivers/pw_transport/CMakeFiles/pw_transport.proto.nanopb.dir/pw_transport.proto/nanopb/pw_transport/proto/transport.pb.c.obj
[craaskov:rw] [352/409] Building C object CMakeFiles/app.dir/mnt/host/source/src/platform/ec/build/zephyr/craaskov/modules/ec/common/usb_pd_host_cmd.c.obj
[pujjocento:ro] [21/399] Building CXX object modules/pigweed/pw_tokenizer/CMakeFiles/pw_tokenizer.dir/tokenize.cc.obj
[craaskov:rw] [353/409] Building C object CMakeFiles/app.dir/mnt/host/source/src/platform/ec/build/zephyr/craaskov/modules/ec/common/usbc/usb_pd_host.c.obj
[kinmen:rw] [44/383] Building C object CMakeFiles/app.dir/mnt/host/source/src/platform/ec/zephyr/subsys/pd_controller/pdc_pmc_debug.c.obj
[craaskov:ro] [11/409] Building C object zephyr/CMakeFiles/zephyr.dir/lib/libc/validate_libc.c.obj
[craaskov:rw] [354/409] Building C object CMakeFiles/app.dir/mnt/host/source/src/platform/ec/build/zephyr/craaskov/modules/ec/zephyr/shim/src/tcpc.c.obj
[craaskov:rw] [355/409] Building C object CMakeFiles/app.dir/mnt/host/source/src/platform/ec/build/zephyr/craaskov/modules/ec/common/usbc/svdm_rsp_dfp_only.c.obj
[craaskov:rw] [356/409] Building C object CMakeFiles/app.dir/mnt/host/source/src/platform/ec/build/zephyr/craaskov/modules/ec/common/usb_pd_host_cmd_common.c.obj
[kinmen:rw] [45/383] Building C object CMakeFiles/app.dir/mnt/host/source/src/platform/ec/zephyr/subsys/pd_controller/retimer_fw_update.c.obj
[craaskov:rw] [357/409] Building C object CMakeFiles/app.dir/mnt/host/source/src/platform/ec/build/zephyr/craaskov/modules/ec/common/usbc_ocp.c.obj
[craaskov:rw] [358/409] Building C object CMakeFiles/app.dir/mnt/host/source/src/platform/ec/build/zephyr/craaskov/modules/ec/common/usb_pd_discovery.c.obj
[pujjocento:rw] [39/399] Building C object CMakeFiles/app.dir/mnt/host/source/src/platform/ec/zephyr/subsys/ap_pwrseq/signal_adc.c.obj
[craaskov:rw] [359/409] Building C object CMakeFiles/app.dir/mnt/host/source/src/platform/ec/build/zephyr/craaskov/modules/ec/driver/tcpm/raa489000.c.obj
[craaskov:rw] [360/409] Building C object CMakeFiles/app.dir/mnt/host/source/src/platform/ec/build/zephyr/craaskov/modules/ec/common/usb_pd_dual_role.c.obj
[craaskov:ro] [12/409] Building C object zephyr/CMakeFiles/zephyr.dir/lib/heap/heap.c.obj
[craaskov:rw] [361/409] Building C object CMakeFiles/app.dir/mnt/host/source/src/platform/ec/build/zephyr/craaskov/modules/ec/common/vboot_hash.c.obj
[craaskov:rw] [362/409] Building C object CMakeFiles/app.dir/mnt/host/source/src/platform/ec/build/zephyr/craaskov/modules/ec/driver/tcpm/tcpci.c.obj
[craaskov:rw] [363/409] Building C object CMakeFiles/app.dir/mnt/host/source/src/platform/ec/build/zephyr/craaskov/modules/ec/common/button.c.obj
[pujjocento:ro] [22/399] Building CXX object modules/pigweed/pw_tokenizer/CMakeFiles/pw_tokenizer.base64.dir/base64.cc.obj
[craaskov:rw] [364/409] Building C object CMakeFiles/app.dir/mnt/host/source/src/platform/ec/build/zephyr/craaskov/modules/ec/common/vboot/efs2.c.obj
[craaskov:rw] [365/409] Building C object CMakeFiles/app.dir/mnt/host/source/src/platform/ec/build/zephyr/craaskov/modules/ec/common/vstore.c.obj
[craaskov:rw] [366/409] Building C object CMakeFiles/app.dir/mnt/host/source/src/platform/ec/build/zephyr/craaskov/modules/ec/common/math_util.c.obj
[kinmen:rw] [46/383] Building C object CMakeFiles/app.dir/mnt/host/source/src/platform/ec/zephyr/subsys/pd_controller/pdc_console.c.obj
[craaskov:ro] [13/409] Building C object zephyr/CMakeFiles/zephyr.dir/lib/os/cbprintf_packaged.c.obj
[craaskov:rw] [367/409] Building C object CMakeFiles/app.dir/src/board_power.c.obj
[kinmen:ro] [22/383] Building CXX object modules/pigweed/pw_bytes/CMakeFiles/pw_bytes.dir/byte_builder.cc.obj
[craaskov:rw] [368/409] Building C object CMakeFiles/app.dir/src/sub_board.c.obj
[pujjocento:rw] [40/399] Building C object CMakeFiles/app.dir/mnt/host/source/src/platform/ec/zephyr/subsys/ap_pwrseq/power_host_sleep.c.obj
[craaskov:rw] [369/409] Building C object CMakeFiles/app.dir/src/common.c.obj
[craaskov:rw] [370/409] Linking C static library modules/ec/zephyr/libec_shim.a
[kinmen:ro] [23/383] Building CXX object modules/pigweed/pw_containers/CMakeFiles/pw_containers.intrusive_item.dir/intrusive_item.cc.obj
[craaskov:rw] [371/409] Building C object CMakeFiles/app.dir/craaskov/src/keyboard.c.obj
[craaskov:rw] [372/409] Building C object CMakeFiles/app.dir/craaskov/src/board.c.obj
[craaskov:rw] [373/409] Building C object CMakeFiles/app.dir/craaskov/src/hdmi.c.obj
[craaskov:rw] [374/409] Building C object CMakeFiles/app.dir/craaskov/src/touch_panel.c.obj
[craaskov:rw] [375/409] Building C object CMakeFiles/app.dir/craaskov/src/charger.c.obj
[craaskov:ro] [14/409] Building C object zephyr/CMakeFiles/zephyr.dir/lib/os/clock.c.obj
[kinmen:rw] [47/383] Building C object CMakeFiles/app.dir/mnt/host/source/src/platform/ec/zephyr/subsys/pd_controller/pdc_power_mgmt.c.obj
[kinmen:rw] [48/383] Building C object CMakeFiles/app.dir/mnt/host/source/src/platform/ec/zephyr/subsys/pd_controller/pdc_host_cmd.c.obj
[craaskov:rw] [376/409] Building C object zephyr/kernel/CMakeFiles/kernel.dir/banner.c.obj
[craaskov:rw] [377/409] Building C object CMakeFiles/app.dir/craaskov/src/usbc.c.obj
[craaskov:rw] [378/409] Building C object zephyr/kernel/CMakeFiles/kernel.dir/busy_wait.c.obj
[kinmen:ro] [24/383] Building CXX object modules/pigweed/pw_log_zephyr/CMakeFiles/pw_log_zephyr.dir/log_zephyr.cc.obj
[craaskov:rw] [379/409] Building C object zephyr/kernel/CMakeFiles/kernel.dir/device.c.obj
[kinmen:ro] [25/383] Linking CXX static library modules/pigweed/pw_log_zephyr/libpw_log_zephyr.a
[kinmen:ro] [26/383] Linking CXX static library modules/ec/zephyr/drivers/pw_transport/libpw_transport.proto.nanopb.a
[kinmen:ro] [27/383] Linking CXX static library modules/ec/zephyr/drivers/dsp_comms/libdsp_comms.proto.nanopb.a
[craaskov:rw] [380/409] Building C object CMakeFiles/app.dir/craaskov/src/keyboard_customization.c.obj
[craaskov:rw] [381/409] Building C object zephyr/kernel/CMakeFiles/kernel.dir/version.c.obj
[craaskov:rw] [382/409] Building C object zephyr/kernel/CMakeFiles/kernel.dir/fatal.c.obj
[craaskov:rw] [383/409] Building C object zephyr/kernel/CMakeFiles/kernel.dir/errno.c.obj
[pujjocento:ro] [23/399] Building CXX object modules/pigweed/pw_varint/CMakeFiles/pw_varint.dir/varint.cc.obj
[craaskov:rw] [384/409] Linking C static library app/libapp.a
[kinmen:ro] [28/383] Generating include/generated/zephyr/offsets.h
[craaskov:rw] [385/409] Building C object zephyr/kernel/CMakeFiles/kernel.dir/kheap.c.obj
[craaskov:rw] [386/409] Building C object zephyr/kernel/CMakeFiles/kernel.dir/init.c.obj
[pujjocento:ro] [24/399] Linking CXX static library modules/pigweed/pw_varint/libpw_varint.a
[craaskov:ro] [15/409] Building C object zephyr/CMakeFiles/zephyr.dir/lib/os/printk.c.obj
[pujjocento:ro] [25/399] Linking CXX static library modules/pigweed/pw_tokenizer/libpw_tokenizer.base64.a
[kinmen:rw] [49/383] Building C object CMakeFiles/app.dir/mnt/host/source/src/platform/ec/zephyr/subsys/pd_controller/pdc_stub.c.obj
[craaskov:rw] [387/409] Building C object zephyr/kernel/CMakeFiles/kernel.dir/mem_slab.c.obj
[pujjocento:rw] [41/399] Building C object CMakeFiles/app.dir/mnt/host/source/src/platform/ec/zephyr/subsys/ap_pwrseq/x86_non_dsx_common_pwrseq_sm_handler.c.obj
[pujjocento:ro] [26/399] Linking CXX static library modules/pigweed/pw_tokenizer/libpw_tokenizer.a
[craaskov:rw] [388/409] Building C object zephyr/kernel/CMakeFiles/kernel.dir/float.c.obj
[pujjocento:ro] [27/399] Linking CXX static library modules/pigweed/pw_status/libpw_status.a
[kinmen:rw] [50/383] Building C object CMakeFiles/app.dir/mnt/host/source/src/platform/ec/zephyr/subsys/pd_controller/pdc_dpm.c.obj
[pujjocento:ro] [28/399] Linking CXX static library modules/pigweed/pw_log_tokenized/libpw_log_tokenized.a
[craaskov:rw] [389/409] Building C object zephyr/kernel/CMakeFiles/kernel.dir/idle.c.obj
[pujjocento:ro] [29/399] Linking CXX static library modules/pigweed/pw_containers/libpw_containers.intrusive_item.a
[pujjocento:ro] [30/399] Linking CXX static library modules/pigweed/pw_bytes/libpw_bytes.a
[craaskov:rw] [390/409] Building C object zephyr/kernel/CMakeFiles/kernel.dir/mailbox.c.obj
[craaskov:rw] [391/409] Building C object zephyr/kernel/CMakeFiles/kernel.dir/msg_q.c.obj
[craaskov:rw] [392/409] Building C object zephyr/kernel/CMakeFiles/kernel.dir/mutex.c.obj
[kinmen:ro] [29/383] Building C object CMakeFiles/app.dir/mnt/host/source/src/platform/ec/zephyr/subsys/ap_pwrseq/ap_events.c.obj
[craaskov:rw] [393/409] Building C object zephyr/kernel/CMakeFiles/kernel.dir/sem.c.obj
[pujjocento:ro] [31/399] Linking CXX static library modules/pigweed/pw_base64/libpw_base64.a
[craaskov:rw] [394/409] Building C object zephyr/kernel/CMakeFiles/kernel.dir/queue.c.obj
[craaskov:rw] [395/409] Building C object zephyr/kernel/CMakeFiles/kernel.dir/stack.c.obj
[pujjocento:ro] [32/399] Linking CXX static library modules/ec/zephyr/shim/src/libplatform_ec_log.tokenized_handler.a
[craaskov:ro] [16/409] Building C object zephyr/CMakeFiles/zephyr.dir/lib/os/sem.c.obj
[craaskov:rw] [396/409] Building C object zephyr/kernel/CMakeFiles/kernel.dir/system_work_q.c.obj
[pujjocento:ro] [33/399] Generating include/generated/zephyr/offsets.h
[craaskov:rw] [397/409] Building C object zephyr/kernel/CMakeFiles/kernel.dir/work.c.obj
[kinmen:rw] [51/383] Building C object CMakeFiles/app.dir/mnt/host/source/src/platform/ec/zephyr/subsys/pd_controller/pdc_runtime_port_config.c.obj
[craaskov:rw] [398/409] Building C object zephyr/kernel/CMakeFiles/kernel.dir/condvar.c.obj
[kinmen:rw] [52/383] Building C object CMakeFiles/app.dir/mnt/host/source/src/platform/ec/zephyr/subsys/ucsi/ppm_common.c.obj
[craaskov:rw] [399/409] Building C object zephyr/kernel/CMakeFiles/kernel.dir/thread.c.obj
[craaskov:rw] [400/409] Building C object zephyr/kernel/CMakeFiles/kernel.dir/pipe.c.obj
[craaskov:rw] [401/409] Building C object zephyr/kernel/CMakeFiles/kernel.dir/thread_monitor.c.obj
[pujjocento:rw] [42/399] Building C object CMakeFiles/app.dir/mnt/host/source/src/platform/ec/zephyr/subsys/ap_pwrseq/x86_non_dsx_chipset_power_state.c.obj
[craaskov:rw] [402/409] Building C object zephyr/kernel/CMakeFiles/kernel.dir/timeout.c.obj
[craaskov:rw] [403/409] Building C object zephyr/kernel/CMakeFiles/kernel.dir/timer.c.obj
[craaskov:rw] [404/409] Building C object zephyr/kernel/CMakeFiles/kernel.dir/sched.c.obj
[kinmen:ro] [30/383] Building C object CMakeFiles/app.dir/mnt/host/source/src/platform/ec/zephyr/subsys/ap_pwrseq/ap_power_interface.c.obj
[craaskov:ro] [17/409] Building C object zephyr/CMakeFiles/zephyr.dir/lib/os/thread_entry.c.obj
[craaskov:rw] [405/409] Building C object zephyr/kernel/CMakeFiles/kernel.dir/poll.c.obj
[craaskov:rw] [406/409] Building C object zephyr/kernel/CMakeFiles/kernel.dir/events.c.obj
[pujjocento:ro] [34/399] Building C object CMakeFiles/app.dir/mnt/host/source/src/platform/ec/zephyr/subsys/ap_pwrseq/ap_events.c.obj
[craaskov:rw] [407/409] Building C object zephyr/kernel/CMakeFiles/kernel.dir/mempool.c.obj
[craaskov:rw] [408/409] Building C object zephyr/kernel/CMakeFiles/kernel.dir/dynamic_disabled.c.obj
[kinmen:rw] [53/383] Building C object CMakeFiles/app.dir/mnt/host/source/src/platform/ec/zephyr/subsys/ucsi/ppm_console.c.obj
[craaskov:ro] [18/409] Building C object zephyr/CMakeFiles/zephyr.dir/lib/os/cbprintf_nano.c.obj
[craaskov:rw] [409/409] Linking C static library zephyr/kernel/libkernel.a
[karis:rw] Building: /usr/bin/ninja -C /mnt/host/source/src/platform/ec/build/zephyr/karis/build-rw all.libraries
Running `env -i SHELL=/bin/bash COLORTERM=truecolor DEPOT_TOOLS_UPDATE=0 LESS='-R -M --shift 5' SUDO_GID=0 JDK_HOME=/etc/java-config-2/current-system-vm CONFIG_PROTECT_MASK='/etc/gentoo-release /etc/sandbox.d /etc/fonts/fonts.conf /etc/terminfo /etc/ca-certificates.conf /etc/revdep-rebuild' CHROMEOS_CACHEDIR=/var/cache/chromeos-cache JAVA_HOME=/etc/java-config-2/current-system-vm SSH_AUTH_SOCK=/tmp/ssh-auth-sock SUDO_COMMAND=/bin/bash SUDO_USER=root SUDO_TTY=/dev/pts/2 EDITOR=/usr/bin/vi PWD=/mnt/host/source/src/platform/ec CONFIG_PROTECT=/usr/share/gnupg/qualified.txt LOGNAME=jpmurphy MANPATH=/etc/java-config-2/current-system-vm/man:/usr/local/share/man:/usr/share/man:/usr/share/gcc-data/x86_64-pc-linux-gnu/10.2.0/man:/usr/share/binutils-data/x86_64-pc-linux-gnu/2.45/man:/etc/java-config-2/current-system-vm/man/ SUDO_HOME=/root XAUTHORITY=/run/user/944457/gdm/Xauthority HOME=/home/jpmurphy LANG=C.UTF-8 LS_COLORS='rs=0:di=01;34:ln=01;36:mh=00:pi=40;33:so=01;35:do=01;35:bd=40;33;01:cd=40;33;01:or=01;05;37;41:mi=01;05;37;41:su=37;41:sg=30;43:ca=30;41:tw=30;42:ow=34;42:st=37;44:ex=01;32:*.tar=01;31:*.tgz=01;31:*.arc=01;31:*.arj=01;31:*.taz=01;31:*.lha=01;31:*.lz4=01;31:*.lzh=01;31:*.lzma=01;31:*.tlz=01;31:*.txz=01;31:*.tzo=01;31:*.t7z=01;31:*.zip=01;31:*.z=01;31:*.dz=01;31:*.gz=01;31:*.lrz=01;31:*.lz=01;31:*.lzo=01;31:*.xz=01;31:*.zst=01;31:*.tzst=01;31:*.bz2=01;31:*.bz=01;31:*.tbz=01;31:*.tbz2=01;31:*.tz=01;31:*.deb=01;31:*.rpm=01;31:*.jar=01;31:*.war=01;31:*.ear=01;31:*.sar=01;31:*.rar=01;31:*.alz=01;31:*.ace=01;31:*.zoo=01;31:*.cpio=01;31:*.7z=01;31:*.rz=01;31:*.cab=01;31:*.wim=01;31:*.swm=01;31:*.dwm=01;31:*.esd=01;31:*.jpg=01;35:*.jpeg=01;35:*.mjpg=01;35:*.mjpeg=01;35:*.gif=01;35:*.bmp=01;35:*.pbm=01;35:*.pgm=01;35:*.ppm=01;35:*.tga=01;35:*.xbm=01;35:*.xpm=01;35:*.tif=01;35:*.tiff=01;35:*.png=01;35:*.svg=01;35:*.svgz=01;35:*.mng=01;35:*.pcx=01;35:*.mov=01;35:*.mpg=01;35:*.mpeg=01;35:*.m2v=01;35:*.mkv=01;35:*.webm=01;35:*.webp=01;35:*.ogm=01;35:*.mp4=01;35:*.m4v=01;35:*.mp4v=01;35:*.vob=01;35:*.qt=01;35:*.nuv=01;35:*.wmv=01;35:*.asf=01;35:*.rm=01;35:*.rmvb=01;35:*.flc=01;35:*.avi=01;35:*.fli=01;35:*.flv=01;35:*.gl=01;35:*.dl=01;35:*.xcf=01;35:*.xwd=01;35:*.yuv=01;35:*.cgm=01;35:*.emf=01;35:*.ogv=01;35:*.ogx=01;35:*.cfg=00;32:*.conf=00;32:*.diff=00;32:*.doc=00;32:*.ini=00;32:*.log=00;32:*.patch=00;32:*.pdf=00;32:*.ps=00;32:*.tex=00;32:*.txt=00;32:*.aac=00;36:*.au=00;36:*.flac=00;36:*.m4a=00;36:*.mid=00;36:*.midi=00;36:*.mka=00;36:*.mp3=00;36:*.mpc=00;36:*.ogg=00;36:*.ra=00;36:*.wav=00;36:*.oga=00;36:*.opus=00;36:*.spx=00;36:*.xspf=00;36:' XDG_CURRENT_DESKTOP=GNOME INFOPATH=/usr/share/info:/usr/share/gcc-data/x86_64-pc-linux-gnu/10.2.0/info:/usr/share/binutils-data/x86_64-pc-linux-gnu/2.45/info:/usr/share/automake-1.16.5/info JAVAC=/etc/java-config-2/current-system-vm/bin/javac TERM=xterm-256color LESSOPEN='|lesspipe %s' USER=jpmurphy CROS_WORKON_SRCROOT=/mnt/host/source MANPAGER=manpager DISPLAY=:1 SHLVL=1 LC_MESSAGES=C EXTERNAL_TRUNK_PATH=/mnt/8f9d649a-3721-44cc-93c0-e6bd21a9689f/chromiumos GCC_SPECS='' PATH=/mnt/host/source/chromite/bin:/usr/local/bin:/usr/bin:/bin:/opt/bin:/mnt/host/source/chromite/sdk/bin:/mnt/host/source/chromite/bin PORTAGE_USERNAME=jpmurphy SUDO_UID=0 GCC_VER=10.2.0 MAIL=/var/mail/jpmurphy OLDPWD=/mnt/host/source/src/scripts traceparent=00-e87aca51550a78635907baa6a2476181-6d684811675d2973-01 _=./zephyr/firmware_builder.py COREBOOT_SDK_ROOT_x86=/home/jpmurphy/.cache/coreboot-sdk/i386-elf/dfbb0486385d938cfa9d73080b9d18d598ed4f49 COREBOOT_SDK_ROOT_picolibc_x86=/home/jpmurphy/.cache/coreboot-sdk/picolibc-i386-elf/eb8e8e687b95461de8cbf278f1c2076952d0ad17 COREBOOT_SDK_ROOT_riscv64=/home/jpmurphy/.cache/coreboot-sdk/riscv64-elf/96b949749225b6aaa92ed810ab769e8dfb12f000 COREBOOT_SDK_ROOT_picolibc_arm=/home/jpmurphy/.cache/coreboot-sdk/picolibc-arm-eabi/422a2aa3e1ef891b5bece9a3deb696ff83840d2e COREBOOT_SDK_ROOT_nds32=/home/jpmurphy/.cache/coreboot-sdk/nds32le-elf/d1a518c4a097666d86058e1444f85ca015d15511 COREBOOT_SDK_ROOT_picolibc_riscv64=/home/jpmurphy/.cache/coreboot-sdk/picolibc-riscv64-elf/f571e990ef0278564b31124f8bb109d9a697eb69 COREBOOT_SDK_ROOT_arm=/home/jpmurphy/.cache/coreboot-sdk/arm-eabi/ea40ddd1d190c3b48435c474c0b545719371813a COREBOOT_SDK_ROOT_libstdcxx_riscv64=/home/jpmurphy/.cache/coreboot-sdk/libstdcxx-riscv64-elf/17abf22a3a252e2d5d2062ced5324f7a623689e0 COREBOOT_SDK_ROOT_libstdcxx_arm=/home/jpmurphy/.cache/coreboot-sdk/libstdcxx-arm-eabi/5d7d82e150e44aa1968f1d366e267e6687b328ac COREBOOT_SDK_ROOT_riscv=/home/jpmurphy/.cache/coreboot-sdk/riscv-elf/9a27b9e82341c6e9126624f516ab3f261abb3e73 COREBOOT_SDK_ROOT_libstdcxx_x86=/home/jpmurphy/.cache/coreboot-sdk/libstdcxx-i386-elf/42ef9d2e87a76a37963175d7d428734e65648b87 PYTHONPATH=/mnt/host/source/src/platform/ec/zephyr/zmake PW_PIGWEED_CIPD_INSTALL_DIR=/usr CROSTC_USER_ACKNOWLEDGES_THAT_RISCV_IS_EXPERIMENTAL=1 MAKEFLAGS=' -j16 --jobserver-auth=5,6' /usr/bin/ninja -C /mnt/host/source/src/platform/ec/build/zephyr/karis/build-rw all.libraries`
[karis:rw] ninja: Entering directory `/mnt/host/source/src/platform/ec/build/zephyr/karis/build-rw'
[craaskov:ro] [19/409] Building C object zephyr/CMakeFiles/zephyr.dir/lib/os/cbprintf.c.obj
[kinmen:ro] [31/383] Building C object CMakeFiles/app.dir/mnt/host/source/src/platform/ec/zephyr/subsys/ap_pwrseq/power_signals.c.obj
[craaskov:ro] [20/409] Building C object zephyr/CMakeFiles/zephyr.dir/lib/utils/dec.c.obj
[pujjocento:ro] [35/399] Building C object CMakeFiles/app.dir/mnt/host/source/src/platform/ec/zephyr/subsys/ap_pwrseq/ap_power_interface.c.obj
[kinmen:rw] [54/383] Building C object CMakeFiles/app.dir/mnt/host/source/src/platform/ec/zephyr/subsys/ucsi/ppm_driver.c.obj
[kinmen:ro] [32/383] Building C object CMakeFiles/app.dir/mnt/host/source/src/platform/ec/zephyr/subsys/ap_pwrseq/signal_vw.c.obj
[kinmen:ro] [33/383] Building C object CMakeFiles/app.dir/mnt/host/source/src/platform/ec/zephyr/subsys/ap_pwrseq/signal_gpio.c.obj
[kinmen:rw] [55/383] Building C object CMakeFiles/app.dir/mnt/host/source/src/platform/ec/zephyr/subsys/ucsi/ucsi_host_cmd.c.obj
[kinmen:ro] [34/383] Building C object CMakeFiles/app.dir/mnt/host/source/src/platform/ec/zephyr/subsys/ap_pwrseq/ap_pwrseq.c.obj
[craaskov:ro] [21/409] Building C object zephyr/CMakeFiles/zephyr.dir/lib/utils/hex.c.obj
[pujjocento:rw] [43/399] Building C object CMakeFiles/app.dir/mnt/host/source/src/platform/ec/zephyr/subsys/ap_pwrseq/x86_non_dsx_common_pwrseq_host_sleep.c.obj
[karis:rw] [1/424] Generating include/generated/zephyr/version.h
[karis:rw] -- git describe warned: warning: tag 'upstream/v2.7.99' is externally known as 'v2.7.99'
[karis:rw] -- Zephyr version: 4.3.99 (/mnt/host/source/src/third_party/zephyr/main)
[karis:rw] [2/424] Preparing syscall dependency handling
[craaskov:ro] [22/409] Building C object zephyr/CMakeFiles/zephyr.dir/lib/os/assert.c.obj
[pujjocento:ro] [36/399] Building C object CMakeFiles/app.dir/mnt/host/source/src/platform/ec/zephyr/subsys/ap_pwrseq/power_signals.c.obj
[karis:rw] [3/424] Generating misc/generated/syscalls_subdirs.trigger
[craaskov:ro] [23/409] Building C object zephyr/CMakeFiles/zephyr.dir/lib/utils/timeutil.c.obj
[pujjocento:ro] [37/399] Building C object CMakeFiles/app.dir/mnt/host/source/src/platform/ec/zephyr/subsys/ap_pwrseq/signal_gpio.c.obj
[kinmen:rw] [56/383] Building C object CMakeFiles/app.dir/mnt/host/source/src/platform/ec/build/zephyr/kinmen/modules/ec/builtin/stdlib.c.obj
[kinmen:ro] [35/383] Building C object CMakeFiles/app.dir/mnt/host/source/src/platform/ec/zephyr/subsys/ap_pwrseq/ap_pwrseq_sm.c.obj
[craaskov:ro] [24/409] Building C object zephyr/CMakeFiles/zephyr.dir/lib/utils/rb.c.obj
[craaskov:ro] [25/409] Building C object zephyr/CMakeFiles/zephyr.dir/lib/utils/bitmask.c.obj
[kinmen:rw] [57/383] Building C object CMakeFiles/app.dir/mnt/host/source/src/platform/ec/build/zephyr/kinmen/modules/ec/common/base32.c.obj
[kinmen:rw] [58/383] Building C object CMakeFiles/app.dir/mnt/host/source/src/platform/ec/build/zephyr/kinmen/modules/ec/common/console_output.c.obj
[kinmen:ro] [36/383] Building C object CMakeFiles/app.dir/mnt/host/source/src/platform/ec/zephyr/subsys/ap_pwrseq/power_host_sleep.c.obj
[pujjocento:ro] [38/399] Building C object CMakeFiles/app.dir/mnt/host/source/src/platform/ec/zephyr/subsys/ap_pwrseq/signal_vw.c.obj
[craaskov:ro] [26/409] Building C object zephyr/CMakeFiles/zephyr.dir/lib/utils/bitarray.c.obj
[kinmen:ro] [37/383] Building C object CMakeFiles/app.dir/mnt/host/source/src/platform/ec/zephyr/subsys/ap_pwrseq/x86_non_dsx_common_pwrseq_sm_handler.c.obj
[kinmen:ro] [38/383] Building C object CMakeFiles/app.dir/mnt/host/source/src/platform/ec/zephyr/subsys/ap_pwrseq/x86_non_dsx_chipset_power_state.c.obj
[karis:rw] [4/424] Generating misc/generated/syscalls.json, misc/generated/struct_tags.json
[pujjocento:rw] [44/399] Building C object CMakeFiles/app.dir/mnt/host/source/src/platform/ec/zephyr/subsys/ap_pwrseq/x86_non_dsx_common_pwrseq_console.c.obj
[craaskov:ro] [27/409] Building C object zephyr/CMakeFiles/zephyr.dir/lib/utils/ring_buffer.c.obj
[craaskov:ro] [28/409] Building C object zephyr/CMakeFiles/zephyr.dir/lib/utils/getopt/getopt_common.c.obj
[karis:rw] [5/424] Generating include/generated/zephyr/syscall_dispatch.c, include/generated/zephyr/syscall_exports_llext.c, syscall_weakdefs_llext.c, include/generated/zephyr/syscall_list.h
[pujjocento:ro] [39/399] Building C object CMakeFiles/app.dir/mnt/host/source/src/platform/ec/zephyr/subsys/ap_pwrseq/signal_adc.c.obj
[kinmen:rw] [59/383] Building C object CMakeFiles/app.dir/mnt/host/source/src/platform/ec/build/zephyr/kinmen/modules/ec/common/ec_features.c.obj
[kinmen:ro] [39/383] Building C object CMakeFiles/app.dir/mnt/host/source/src/platform/ec/zephyr/subsys/ap_pwrseq/x86_non_dsx_common_pwrseq_host_sleep.c.obj
[craaskov:ro] [29/409] Building C object zephyr/CMakeFiles/zephyr.dir/lib/utils/getopt/getopt.c.obj
[craaskov:ro] [30/409] Building C object zephyr/CMakeFiles/zephyr.dir/lib/utils/last_section_id.c.obj
[craaskov:ro] [31/409] Building C object zephyr/CMakeFiles/zephyr.dir/misc/generated/configs.c.obj
[karis:rw] [6/424] Generating include/generated/zephyr/driver-validation.h
[pujjocento:ro] [40/399] Building C object CMakeFiles/app.dir/mnt/host/source/src/platform/ec/zephyr/subsys/ap_pwrseq/power_host_sleep.c.obj
[karis:rw] [7/424] Generating include/generated/zephyr/kobj-types-enum.h, include/generated/zephyr/otype-to-str.h, include/generated/zephyr/otype-to-size.h
[karis:rw] [8/424] Generating include/generated/device-api-sections.ld, include/generated/device-api-sections.cmake
[kinmen:rw] [60/383] Building C object CMakeFiles/app.dir/mnt/host/source/src/platform/ec/build/zephyr/kinmen/modules/ec/common/gpio_commands.c.obj
[karis:rw] [9/424] Building C object zephyr/CMakeFiles/offsets.dir/arch/arm/core/offsets/offsets.c.obj
[kinmen:rw] [61/383] Building C object CMakeFiles/app.dir/mnt/host/source/src/platform/ec/build/zephyr/kinmen/modules/ec/common/peripheral.c.obj
[kinmen:ro] [40/383] Building C object CMakeFiles/app.dir/mnt/host/source/src/platform/ec/zephyr/subsys/ap_pwrseq/x86_non_dsx_common_pwrseq_console.c.obj
[kinmen:ro] [41/383] Building C object CMakeFiles/app.dir/mnt/host/source/src/platform/ec/zephyr/subsys/ap_pwrseq/x86_non_dsx_common_pwrseq_host_command.c.obj
[karis:rw] [10/424] Generating include/generated/zephyr/offsets.h
[karis:rw] [11/424] Building C object zephyr/CMakeFiles/zephyr.dir/lib/libc/validate_libc.c.obj
[karis:rw] [12/424] Building C object zephyr/CMakeFiles/zephyr.dir/lib/heap/heap.c.obj
[karis:rw] [13/424] Building C object zephyr/CMakeFiles/zephyr.dir/lib/os/cbprintf_packaged.c.obj
[karis:rw] [14/424] Building C object zephyr/CMakeFiles/zephyr.dir/lib/os/clock.c.obj
[kinmen:ro] [42/383] Building C object CMakeFiles/app.dir/mnt/host/source/src/platform/ec/zephyr/subsys/ap_pwrseq/x86_non_dsx_mtl_pwrseq_sm.c.obj
[karis:rw] [15/424] Building C object zephyr/CMakeFiles/zephyr.dir/lib/os/printk.c.obj
[karis:rw] [16/424] Building C object zephyr/CMakeFiles/zephyr.dir/lib/os/sem.c.obj
[karis:rw] [17/424] Building C object zephyr/CMakeFiles/zephyr.dir/lib/os/thread_entry.c.obj
[karis:rw] [18/424] Building C object zephyr/CMakeFiles/zephyr.dir/lib/os/cbprintf_nano.c.obj
[craaskov:ro] [32/409] Building C object zephyr/CMakeFiles/zephyr.dir/soc/nuvoton/npcx/common/npcxn/registers.c.obj
[kinmen:ro] [43/383] Building C object CMakeFiles/app.dir/mnt/host/source/src/platform/ec/zephyr/subsys/ap_pwrseq/ap_reset_log.c.obj
[karis:rw] [19/424] Building C object zephyr/CMakeFiles/zephyr.dir/lib/os/cbprintf.c.obj
[karis:rw] [20/424] Building C object zephyr/CMakeFiles/zephyr.dir/lib/os/assert.c.obj
[karis:rw] [21/424] Building C object zephyr/CMakeFiles/zephyr.dir/lib/utils/dec.c.obj
[karis:rw] [22/424] Building C object zephyr/CMakeFiles/zephyr.dir/lib/utils/hex.c.obj
[craaskov:ro] [33/409] Building C object zephyr/CMakeFiles/zephyr.dir/soc/nuvoton/npcx/common/power.c.obj
[pujjocento:ro] [41/399] Building C object CMakeFiles/app.dir/mnt/host/source/src/platform/ec/zephyr/subsys/ap_pwrseq/x86_non_dsx_common_pwrseq_sm_handler.c.obj
[karis:rw] [23/424] Building C object zephyr/CMakeFiles/zephyr.dir/lib/utils/rb.c.obj
[karis:rw] [24/424] Building C object zephyr/CMakeFiles/zephyr.dir/lib/utils/timeutil.c.obj
[craaskov:ro] [34/409] Building C object zephyr/CMakeFiles/zephyr.dir/soc/nuvoton/npcx/common/scfg.c.obj
[karis:rw] [25/424] Building C object zephyr/CMakeFiles/zephyr.dir/lib/utils/bitarray.c.obj
[kinmen:rw] [62/383] Building C object CMakeFiles/app.dir/mnt/host/source/src/platform/ec/build/zephyr/kinmen/modules/ec/common/printf.c.obj
[pujjocento:rw] [45/399] Building C object CMakeFiles/app.dir/mnt/host/source/src/platform/ec/zephyr/subsys/ap_pwrseq/x86_non_dsx_common_pwrseq_host_command.c.obj
[karis:rw] [26/424] Building C object zephyr/CMakeFiles/zephyr.dir/lib/utils/bitmask.c.obj
[karis:rw] [27/424] Building C object zephyr/CMakeFiles/zephyr.dir/lib/utils/getopt/getopt.c.obj
[karis:rw] [28/424] Building C object zephyr/CMakeFiles/zephyr.dir/lib/utils/getopt/getopt_common.c.obj
[karis:rw] [29/424] Building C object zephyr/CMakeFiles/zephyr.dir/lib/utils/ring_buffer.c.obj
[karis:rw] [30/424] Building C object zephyr/CMakeFiles/zephyr.dir/lib/utils/last_section_id.c.obj
[karis:rw] [31/424] Building C object zephyr/CMakeFiles/zephyr.dir/misc/generated/configs.c.obj
[karis:rw] [32/424] Building C object zephyr/CMakeFiles/zephyr.dir/soc/nuvoton/npcx/common/power.c.obj
[karis:rw] [33/424] Building C object zephyr/CMakeFiles/zephyr.dir/soc/nuvoton/npcx/common/scfg.c.obj
[karis:rw] [34/424] Building C object zephyr/CMakeFiles/zephyr.dir/soc/nuvoton/npcx/common/npcxn/registers.c.obj
[karis:rw] [35/424] Building C object zephyr/CMakeFiles/zephyr.dir/soc/nuvoton/npcx/npcx9/soc.c.obj
[pujjocento:ro] [42/399] Building C object CMakeFiles/app.dir/mnt/host/source/src/platform/ec/zephyr/subsys/ap_pwrseq/x86_non_dsx_chipset_power_state.c.obj
[karis:rw] [36/424] Building C object zephyr/CMakeFiles/zephyr.dir/subsys/logging/log_minimal.c.obj
[karis:rw] [37/424] Building C object zephyr/CMakeFiles/zephyr.dir/subsys/mem_mgmt/mem_attr.c.obj
[karis:rw] [38/424] Building C object zephyr/CMakeFiles/zephyr.dir/subsys/pm/pm.c.obj
[karis:rw] [39/424] Building C object zephyr/CMakeFiles/zephyr.dir/subsys/pm/state.c.obj
[karis:rw] [40/424] Building C object zephyr/CMakeFiles/zephyr.dir/subsys/pm/policy/policy_events.c.obj
[kinmen:rw] [63/383] Building C object CMakeFiles/app.dir/mnt/host/source/src/platform/ec/build/zephyr/kinmen/modules/ec/common/queue.c.obj
[karis:rw] [41/424] Building C object zephyr/CMakeFiles/zephyr.dir/subsys/pm/policy/policy_latency.c.obj
[karis:rw] [42/424] Building C object zephyr/CMakeFiles/zephyr.dir/subsys/pm/policy/policy_state_lock.c.obj
[karis:rw] [43/424] Building C object zephyr/CMakeFiles/zephyr.dir/subsys/pm/device.c.obj
[karis:rw] [44/424] Building C object zephyr/CMakeFiles/zephyr.dir/subsys/pm/device_system_managed.c.obj
[pujjocento:ro] [43/399] Building C object CMakeFiles/app.dir/mnt/host/source/src/platform/ec/zephyr/subsys/ap_pwrseq/x86_non_dsx_common_pwrseq_host_sleep.c.obj
[karis:rw] [45/424] Building C object zephyr/CMakeFiles/zephyr.dir/subsys/testsuite/coverage/coverage.c.obj
[karis:rw] [46/424] Building C object zephyr/CMakeFiles/zephyr.dir/subsys/tracing/tracing_none.c.obj
[karis:rw] [47/424] Building C object zephyr/CMakeFiles/zephyr.dir/subsys/shell/modules/kernel_service/kernel_shell.c.obj
[karis:rw] [48/424] Building C object zephyr/CMakeFiles/zephyr.dir/subsys/shell/modules/kernel_service/cycles.c.obj
[karis:rw] [49/424] Building C object zephyr/CMakeFiles/zephyr.dir/subsys/shell/modules/kernel_service/sleep.c.obj
[karis:rw] [50/424] Building C object zephyr/CMakeFiles/zephyr.dir/subsys/shell/modules/kernel_service/uptime.c.obj
[karis:rw] [51/424] Building C object zephyr/CMakeFiles/zephyr.dir/subsys/shell/modules/kernel_service/version.c.obj
[karis:rw] [52/424] Building C object zephyr/CMakeFiles/zephyr.dir/subsys/shell/modules/kernel_service/thread/thread.c.obj
[kinmen:ro] [44/383] Building C object CMakeFiles/app.dir/mnt/host/source/src/platform/ec/zephyr/subsys/pd_controller/pdc_pmc_debug.c.obj
[karis:rw] [53/424] Building C object zephyr/CMakeFiles/zephyr.dir/subsys/shell/modules/kernel_service/thread/list.c.obj
[karis:rw] [54/424] Building C object zephyr/CMakeFiles/zephyr.dir/subsys/shell/modules/kernel_service/thread/stacks.c.obj
[karis:rw] [55/424] Building C object zephyr/CMakeFiles/zephyr.dir/subsys/shell/modules/kernel_service/thread/suspend.c.obj
[karis:rw] [56/424] Building C object zephyr/CMakeFiles/zephyr.dir/subsys/shell/modules/kernel_service/thread/resume.c.obj
[karis:rw] [57/424] Building C object zephyr/CMakeFiles/zephyr.dir/subsys/shell/modules/kernel_service/thread/kill.c.obj
[karis:rw] [58/424] Building C object zephyr/CMakeFiles/zephyr.dir/subsys/shell/backends/shell_uart.c.obj
[karis:rw] [59/424] Building C object zephyr/CMakeFiles/zephyr.dir/subsys/shell/shell.c.obj
[craaskov:ro] [35/409] Building C object zephyr/CMakeFiles/zephyr.dir/soc/nuvoton/npcx/npcx9/soc.c.obj
[craaskov:ro] [36/409] Building C object zephyr/CMakeFiles/zephyr.dir/subsys/logging/log_minimal.c.obj
[karis:rw] [60/424] Building C object zephyr/CMakeFiles/zephyr.dir/subsys/shell/shell_fprintf.c.obj
[kinmen:rw] [64/383] Building C object CMakeFiles/app.dir/mnt/host/source/src/platform/ec/build/zephyr/kinmen/modules/ec/common/system.c.obj
[kinmen:ro] [45/383] Building C object CMakeFiles/app.dir/mnt/host/source/src/platform/ec/zephyr/subsys/pd_controller/retimer_fw_update.c.obj
[karis:rw] [61/424] Building C object zephyr/CMakeFiles/zephyr.dir/subsys/shell/shell_utils.c.obj
[karis:rw] [62/424] Building C object zephyr/CMakeFiles/zephyr.dir/subsys/shell/shell_ops.c.obj
[karis:rw] [63/424] Building C object zephyr/CMakeFiles/zephyr.dir/subsys/shell/shell_history.c.obj
[karis:rw] [64/424] Building C object zephyr/CMakeFiles/zephyr.dir/drivers/flash/flash_util.c.obj
[craaskov:ro] [37/409] Building C object zephyr/CMakeFiles/zephyr.dir/subsys/mem_mgmt/mem_attr.c.obj
[/mnt/host/source/src/platform/ec/build/zephyr/brtk-lcov]   /mnt/host/source/src/platform/ec/build/zephyr/brtk/build-rw/zephyr/CMakeFiles/zephyr.dir/lib/utils/last_section_id.c.gcno:no functions found
[/mnt/host/source/src/platform/ec/build/zephyr/brtk-lcov] stderr:
[karis:rw] [65/424] Linking C static library zephyr/libzephyr.a
[karis:rw] [66/424] Building C object zephyr/arch/common/CMakeFiles/arch__common.dir/sw_isr_common.c.obj
[karis:rw] [67/424] Building C object zephyr/arch/common/CMakeFiles/arch__common.dir/init.c.obj
[kinmen:rw] [65/383] Building C object CMakeFiles/app.dir/mnt/host/source/src/platform/ec/build/zephyr/kinmen/modules/ec/common/system_boot_time.c.obj
[karis:rw] [68/424] Building C object zephyr/arch/common/CMakeFiles/arch__common.dir/xip.c.obj
[karis:rw] [69/424] Building C object zephyr/arch/common/CMakeFiles/isr_tables.dir/isr_tables.c.obj
[kinmen:ro] [46/383] Building C object CMakeFiles/app.dir/mnt/host/source/src/platform/ec/zephyr/subsys/pd_controller/pdc_console.c.obj
[pujjocento:ro] [44/399] Building C object CMakeFiles/app.dir/mnt/host/source/src/platform/ec/zephyr/subsys/ap_pwrseq/x86_non_dsx_common_pwrseq_console.c.obj
[karis:rw] [70/424] Linking C static library zephyr/arch/common/libisr_tables.a
[kinmen:rw] [66/383] Building C object CMakeFiles/app.dir/mnt/host/source/src/platform/ec/build/zephyr/kinmen/modules/ec/common/uart_printf.c.obj
[karis:rw] [71/424] Linking C static library zephyr/arch/common/libarch__common.a
[craaskov:ro] [38/409] Building C object zephyr/CMakeFiles/zephyr.dir/subsys/pm/state.c.obj
[karis:rw] [72/424] Building C object zephyr/arch/arch/arm/core/CMakeFiles/arch__arm__core.dir/fatal.c.obj
[pujjocento:rw] [46/399] Building C object CMakeFiles/app.dir/mnt/host/source/src/platform/ec/zephyr/subsys/ap_pwrseq/x86_non_dsx_adlp_pwrseq_sm.c.obj
[karis:rw] [73/424] Building C object zephyr/arch/arch/arm/core/CMakeFiles/arch__arm__core.dir/nmi.c.obj
[pujjocento:ro] [45/399] Building C object CMakeFiles/app.dir/mnt/host/source/src/platform/ec/zephyr/subsys/ap_pwrseq/x86_non_dsx_common_pwrseq_host_command.c.obj
[craaskov:ro] [39/409] Building C object zephyr/CMakeFiles/zephyr.dir/subsys/pm/pm.c.obj
[karis:rw] [74/424] Building ASM object zephyr/arch/arch/arm/core/CMakeFiles/arch__arm__core.dir/nmi_on_reset.S.obj
[kinmen:rw] [67/383] Building C object CMakeFiles/app.dir/mnt/host/source/src/platform/ec/build/zephyr/kinmen/modules/ec/common/util.c.obj
[karis:rw] [75/424] Linking C static library zephyr/arch/arch/arm/core/libarch__arm__core.a
[craaskov:ro] [40/409] Building C object zephyr/CMakeFiles/zephyr.dir/subsys/pm/policy/policy_events.c.obj
[kinmen:ro] [47/383] Building C object CMakeFiles/app.dir/mnt/host/source/src/platform/ec/zephyr/subsys/pd_controller/pdc_host_cmd.c.obj
[kinmen:ro] [48/383] Building C object CMakeFiles/app.dir/mnt/host/source/src/platform/ec/zephyr/subsys/pd_controller/pdc_stub.c.obj
[karis:rw] [76/424] Building C object zephyr/arch/arch/arm/core/cortex_m/CMakeFiles/arch__arm__core__cortex_m.dir/exc_exit.c.obj
[karis:rw] [77/424] Building C object zephyr/arch/arch/arm/core/cortex_m/CMakeFiles/arch__arm__core__cortex_m.dir/fault.c.obj
[pujjocento:ro] [46/399] Building C object CMakeFiles/app.dir/mnt/host/source/src/platform/ec/zephyr/subsys/ap_pwrseq/x86_non_dsx_adlp_pwrseq_sm.c.obj
[kinmen:rw] [68/383] Building C object CMakeFiles/app.dir/mnt/host/source/src/platform/ec/build/zephyr/kinmen/modules/ec/common/version.c.obj
[karis:rw] [78/424] Building ASM object zephyr/arch/arch/arm/core/cortex_m/CMakeFiles/arch__arm__core__cortex_m.dir/fault_s.S.obj
[karis:rw] [79/424] Building C object zephyr/arch/arch/arm/core/cortex_m/CMakeFiles/arch__arm__core__cortex_m.dir/fpu.c.obj
[craaskov:ro] [41/409] Building C object zephyr/CMakeFiles/zephyr.dir/subsys/pm/policy/policy_latency.c.obj
[kinmen:ro] [49/383] Building C object CMakeFiles/app.dir/mnt/host/source/src/platform/ec/zephyr/subsys/pd_controller/pdc_dpm.c.obj
[pujjocento:ro] [47/399] Building C object CMakeFiles/app.dir/mnt/host/source/src/platform/ec/zephyr/subsys/ap_pwrseq/ap_reset_log.c.obj
[kinmen:rw] [69/383] Building C object CMakeFiles/app.dir/mnt/host/source/src/platform/ec/build/zephyr/kinmen/modules/ec/common/power_button_x86.c.obj
[kinmen:ro] [50/383] Building C object CMakeFiles/app.dir/mnt/host/source/src/platform/ec/zephyr/subsys/pd_controller/pdc_power_mgmt.c.obj
[craaskov:ro] [42/409] Building C object zephyr/CMakeFiles/zephyr.dir/subsys/pm/policy/policy_state_lock.c.obj
[pujjocento:rw] [47/399] Building C object CMakeFiles/app.dir/mnt/host/source/src/platform/ec/zephyr/subsys/ap_pwrseq/ap_reset_log.c.obj
[craaskov:ro] [43/409] Building C object zephyr/CMakeFiles/zephyr.dir/subsys/pm/device.c.obj
[kinmen:rw] [70/383] Building C object CMakeFiles/app.dir/mnt/host/source/src/platform/ec/build/zephyr/kinmen/modules/ec/common/adc.c.obj
[kinmen:ro] [51/383] Building C object CMakeFiles/app.dir/mnt/host/source/src/platform/ec/zephyr/subsys/pd_controller/pdc_runtime_port_config.c.obj
[kinmen:ro] [52/383] Building C object CMakeFiles/app.dir/mnt/host/source/src/platform/ec/zephyr/subsys/ucsi/ppm_common.c.obj
[karis:rw] [80/424] Building ASM object zephyr/arch/arch/arm/core/cortex_m/CMakeFiles/arch__arm__core__cortex_m.dir/reset.S.obj
[karis:rw] [81/424] Building C object zephyr/arch/arch/arm/core/cortex_m/CMakeFiles/arch__arm__core__cortex_m.dir/scb.c.obj
[craaskov:ro] [44/409] Building C object zephyr/CMakeFiles/zephyr.dir/subsys/pm/device_system_managed.c.obj
[pujjocento:ro] [48/399] Building C object CMakeFiles/app.dir/mnt/host/source/src/platform/ec/zephyr/subsys/pd_controller/pdc_pmc_debug.c.obj
[karis:rw] [82/424] Building C object zephyr/arch/arch/arm/core/cortex_m/CMakeFiles/arch__arm__core__cortex_m.dir/thread_abort.c.obj
[kinmen:rw] [71/383] Building C object CMakeFiles/app.dir/mnt/host/source/src/platform/ec/build/zephyr/kinmen/modules/ec/common/acpi.c.obj
[craaskov:ro] [45/409] Building C object zephyr/CMakeFiles/zephyr.dir/subsys/testsuite/coverage/coverage.c.obj
[craaskov:ro] [46/409] Building C object zephyr/CMakeFiles/zephyr.dir/subsys/tracing/tracing_none.c.obj
[kinmen:ro] [53/383] Building C object CMakeFiles/app.dir/mnt/host/source/src/platform/ec/zephyr/subsys/ucsi/ppm_console.c.obj
[kinmen:rw] [72/383] Building C object CMakeFiles/app.dir/mnt/host/source/src/platform/ec/build/zephyr/kinmen/modules/ec/common/backlight_lid.c.obj
[karis:rw] [83/424] Building ASM object zephyr/arch/arch/arm/core/cortex_m/CMakeFiles/arch__arm__core__cortex_m.dir/vector_table.S.obj
[kinmen:ro] [54/383] Building C object CMakeFiles/app.dir/mnt/host/source/src/platform/ec/zephyr/subsys/ucsi/ppm_driver.c.obj
[kinmen:ro] [55/383] Building C object CMakeFiles/app.dir/mnt/host/source/src/platform/ec/build/zephyr/kinmen/modules/ec/builtin/stdlib.c.obj
[craaskov:ro] [47/409] Building C object zephyr/CMakeFiles/zephyr.dir/subsys/shell/modules/kernel_service/kernel_shell.c.obj
[pujjocento:rw] [48/399] Building C object CMakeFiles/app.dir/mnt/host/source/src/platform/ec/zephyr/subsys/pd_controller/pdc_pmc_debug.c.obj
[kinmen:ro] [56/383] Building C object CMakeFiles/app.dir/mnt/host/source/src/platform/ec/zephyr/subsys/ucsi/ucsi_host_cmd.c.obj
[kinmen:rw] [73/383] Building C object CMakeFiles/app.dir/mnt/host/source/src/platform/ec/build/zephyr/kinmen/modules/ec/common/battery.c.obj
[craaskov:ro] [48/409] Building C object zephyr/CMakeFiles/zephyr.dir/subsys/shell/modules/kernel_service/sleep.c.obj
[karis:rw] [84/424] Building ASM object zephyr/arch/arch/arm/core/cortex_m/CMakeFiles/arch__arm__core__cortex_m.dir/swap_helper.S.obj
[pujjocento:ro] [49/399] Building C object CMakeFiles/app.dir/mnt/host/source/src/platform/ec/zephyr/subsys/pd_controller/pdc_host_cmd.c.obj
[karis:rw] [85/424] Building C object zephyr/arch/arch/arm/core/cortex_m/CMakeFiles/arch__arm__core__cortex_m.dir/irq_manage.c.obj
[kinmen:rw] [74/383] Building C object CMakeFiles/app.dir/mnt/host/source/src/platform/ec/build/zephyr/kinmen/modules/ec/common/battery_info.c.obj
[kinmen:ro] [57/383] Building C object CMakeFiles/app.dir/mnt/host/source/src/platform/ec/build/zephyr/kinmen/modules/ec/common/base32.c.obj
[karis:rw] [86/424] Building C object zephyr/arch/arch/arm/core/cortex_m/CMakeFiles/arch__arm__core__cortex_m.dir/prep_c.c.obj
[karis:rw] [87/424] Building C object zephyr/arch/arch/arm/core/cortex_m/CMakeFiles/arch__arm__core__cortex_m.dir/thread.c.obj
[craaskov:ro] [49/409] Building C object zephyr/CMakeFiles/zephyr.dir/subsys/shell/modules/kernel_service/cycles.c.obj
[karis:rw] [88/424] Building C object zephyr/arch/arch/arm/core/cortex_m/CMakeFiles/arch__arm__core__cortex_m.dir/cpu_idle.c.obj
[karis:rw] [89/424] Building C object zephyr/arch/arch/arm/core/cortex_m/CMakeFiles/arch__arm__core__cortex_m.dir/irq_init.c.obj
[karis:rw] [90/424] Building C object zephyr/arch/arch/arm/core/cortex_m/CMakeFiles/arch__arm__core__cortex_m.dir/isr_wrapper.c.obj
[karis:rw] [91/424] Linking C static library zephyr/arch/arch/arm/core/cortex_m/libarch__arm__core__cortex_m.a
[karis:rw] [92/424] Building C object zephyr/arch/arch/arm/core/mpu/CMakeFiles/arch__arm__core__mpu.dir/arm_core_mpu.c.obj
[kinmen:rw] [75/383] Building C object CMakeFiles/app.dir/mnt/host/source/src/platform/ec/build/zephyr/kinmen/modules/ec/common/battery_fuel_gauge.c.obj
[karis:rw] [93/424] Building C object zephyr/arch/arch/arm/core/mpu/CMakeFiles/arch__arm__core__mpu.dir/arm_mpu.c.obj
[karis:rw] [94/424] Building C object zephyr/arch/arch/arm/core/mpu/CMakeFiles/arch__arm__core__mpu.dir/arm_mpu_regions.c.obj
[karis:rw] [95/424] Linking C static library zephyr/arch/arch/arm/core/mpu/libarch__arm__core__mpu.a
[kinmen:ro] [58/383] Building C object CMakeFiles/app.dir/mnt/host/source/src/platform/ec/build/zephyr/kinmen/modules/ec/common/console_output.c.obj
[craaskov:ro] [50/409] Building C object zephyr/CMakeFiles/zephyr.dir/subsys/shell/modules/kernel_service/uptime.c.obj
[karis:rw] [96/424] Generating ../../../include/generated/libc/minimal/strerror_table.h
[karis:rw] [97/424] Building C object zephyr/lib/libc/minimal/CMakeFiles/lib__libc__minimal.dir/source/stdlib/atoi.c.obj
[karis:rw] [98/424] Building C object zephyr/lib/libc/minimal/CMakeFiles/lib__libc__minimal.dir/source/stdlib/strtol.c.obj
[karis:rw] [99/424] Building C object zephyr/lib/libc/minimal/CMakeFiles/lib__libc__minimal.dir/source/stdlib/strtoul.c.obj
[karis:rw] [100/424] Building C object zephyr/lib/libc/minimal/CMakeFiles/lib__libc__minimal.dir/source/stdlib/strtoll.c.obj
[kinmen:ro] [59/383] Building C object CMakeFiles/app.dir/mnt/host/source/src/platform/ec/build/zephyr/kinmen/modules/ec/common/ec_features.c.obj
[karis:rw] [101/424] Building C object zephyr/lib/libc/minimal/CMakeFiles/lib__libc__minimal.dir/source/stdlib/strtoull.c.obj
[karis:rw] [102/424] Building C object zephyr/lib/libc/minimal/CMakeFiles/lib__libc__minimal.dir/source/stdlib/bsearch.c.obj
[karis:rw] [103/424] Building C object zephyr/lib/libc/minimal/CMakeFiles/lib__libc__minimal.dir/source/stdlib/exit.c.obj
[karis:rw] [104/424] Building C object zephyr/lib/libc/minimal/CMakeFiles/lib__libc__minimal.dir/source/stdlib/qsort.c.obj
[craaskov:ro] [51/409] Building C object zephyr/CMakeFiles/zephyr.dir/subsys/shell/modules/kernel_service/version.c.obj
[karis:rw] [105/424] Building C object zephyr/lib/libc/minimal/CMakeFiles/lib__libc__minimal.dir/source/string/strerror.c.obj
[karis:rw] [106/424] Building C object zephyr/lib/libc/minimal/CMakeFiles/lib__libc__minimal.dir/source/string/strncasecmp.c.obj
[kinmen:ro] [60/383] Building C object CMakeFiles/app.dir/mnt/host/source/src/platform/ec/build/zephyr/kinmen/modules/ec/common/gpio_commands.c.obj
[karis:rw] [107/424] Building C object zephyr/lib/libc/minimal/CMakeFiles/lib__libc__minimal.dir/source/string/strstr.c.obj
[karis:rw] [108/424] Building C object zephyr/lib/libc/minimal/CMakeFiles/lib__libc__minimal.dir/source/string/string.c.obj
[karis:rw] [109/424] Building C object zephyr/lib/libc/minimal/CMakeFiles/lib__libc__minimal.dir/source/string/strspn.c.obj
[karis:rw] [110/424] Building C object zephyr/lib/libc/minimal/CMakeFiles/lib__libc__minimal.dir/source/stdout/stdout_console.c.obj
[karis:rw] [111/424] Building C object zephyr/lib/libc/minimal/CMakeFiles/lib__libc__minimal.dir/source/stdout/sprintf.c.obj
[karis:rw] [112/424] Building C object zephyr/lib/libc/minimal/CMakeFiles/lib__libc__minimal.dir/source/stdout/fprintf.c.obj
[karis:rw] [113/424] Building C object zephyr/lib/libc/minimal/CMakeFiles/lib__libc__minimal.dir/source/math/sqrtf.c.obj
[karis:rw] [114/424] Building C object zephyr/lib/libc/minimal/CMakeFiles/lib__libc__minimal.dir/source/math/sqrt.c.obj
[karis:rw] [115/424] Building C object zephyr/lib/libc/minimal/CMakeFiles/lib__libc__minimal.dir/source/time/gmtime.c.obj
[karis:rw] [116/424] Linking C static library zephyr/lib/libc/minimal/liblib__libc__minimal.a
[kinmen:rw] [76/383] Building C object CMakeFiles/app.dir/mnt/host/source/src/platform/ec/build/zephyr/kinmen/modules/ec/driver/battery/smart.c.obj
[karis:rw] [117/424] Building C object zephyr/lib/libc/common/CMakeFiles/lib__libc__common.dir/source/stdlib/abort.c.obj
[pujjocento:ro] [50/399] Building C object CMakeFiles/app.dir/mnt/host/source/src/platform/ec/zephyr/subsys/pd_controller/pdc_console.c.obj
[karis:rw] [118/424] Building C object zephyr/lib/libc/common/CMakeFiles/lib__libc__common.dir/source/time/asctime.c.obj
[craaskov:ro] [52/409] Building C object zephyr/CMakeFiles/zephyr.dir/subsys/shell/modules/kernel_service/thread/thread.c.obj
[karis:rw] [119/424] Building C object zephyr/lib/libc/common/CMakeFiles/lib__libc__common.dir/source/time/gmtime_r.c.obj
[pujjocento:ro] [51/399] Building C object CMakeFiles/app.dir/mnt/host/source/src/platform/ec/zephyr/subsys/pd_controller/pdc_stub.c.obj
[karis:rw] [120/424] Building C object zephyr/lib/libc/common/CMakeFiles/lib__libc__common.dir/source/time/localtime_r_utc.c.obj
[karis:rw] [121/424] Building C object zephyr/lib/libc/common/CMakeFiles/lib__libc__common.dir/source/time/ctime.c.obj
[karis:rw] [122/424] Building C object zephyr/lib/libc/common/CMakeFiles/lib__libc__common.dir/source/time/time.c.obj
[/mnt/host/source/src/platform/ec/build/zephyr/brtk-lcov]   /mnt/host/source/src/platform/ec/build/zephyr/brtk/build-rw/zephyr/drivers/sensor/CMakeFiles/drivers__sensor.dir/mnt/host/source/src/third_party/zephyr/main/misc/empty_file.c.gcno:no functions found
[/mnt/host/source/src/platform/ec/build/zephyr/brtk-lcov] stderr:
[karis:rw] [123/424] Building C object zephyr/lib/libc/common/CMakeFiles/lib__libc__common.dir/source/stdlib/malloc.c.obj
[karis:rw] [124/424] Building C object zephyr/lib/libc/common/CMakeFiles/lib__libc__common.dir/source/string/strnlen.c.obj
[kinmen:ro] [61/383] Building C object CMakeFiles/app.dir/mnt/host/source/src/platform/ec/build/zephyr/kinmen/modules/ec/common/peripheral.c.obj
[kinmen:rw] [77/383] Building C object CMakeFiles/app.dir/mnt/host/source/src/platform/ec/build/zephyr/kinmen/modules/ec/driver/charger/isl9241.c.obj
[karis:rw] [125/424] Linking C static library zephyr/lib/libc/common/liblib__libc__common.a
[karis:rw] [126/424] Building C object zephyr/lib/posix/c_lib_ext/CMakeFiles/lib__posix__c_lib_ext.dir/fnmatch.c.obj
[karis:rw] [127/424] Building C object zephyr/lib/posix/c_lib_ext/CMakeFiles/lib__posix__c_lib_ext.dir/getentropy.c.obj
[karis:rw] [128/424] Building C object zephyr/lib/posix/c_lib_ext/CMakeFiles/lib__posix__c_lib_ext.dir/getopt_shim.c.obj
[craaskov:ro] [53/409] Building C object zephyr/CMakeFiles/zephyr.dir/subsys/shell/modules/kernel_service/thread/list.c.obj
[karis:rw] [129/424] Linking C static library zephyr/lib/posix/c_lib_ext/liblib__posix__c_lib_ext.a
[karis:rw] [130/424] Building C object zephyr/subsys/crc/CMakeFiles/subsys__crc.dir/crc4_sw.c.obj
[pujjocento:ro] [52/399] Building C object CMakeFiles/app.dir/mnt/host/source/src/platform/ec/zephyr/subsys/pd_controller/pdc_power_mgmt.c.obj
[karis:rw] [131/424] Building C object zephyr/subsys/crc/CMakeFiles/subsys__crc.dir/crc8_sw.c.obj
[karis:rw] [132/424] Building C object zephyr/subsys/crc/CMakeFiles/subsys__crc.dir/crc16_sw.c.obj
[karis:rw] [133/424] Building C object zephyr/subsys/crc/CMakeFiles/subsys__crc.dir/crc7_sw.c.obj
[karis:rw] [134/424] Building C object zephyr/subsys/crc/CMakeFiles/subsys__crc.dir/crc24_sw.c.obj
[karis:rw] [135/424] Building C object zephyr/subsys/crc/CMakeFiles/subsys__crc.dir/crc32c_sw.c.obj
[karis:rw] [136/424] Building C object zephyr/subsys/crc/CMakeFiles/subsys__crc.dir/crc32_sw.c.obj
[karis:rw] [137/424] Building C object zephyr/subsys/crc/CMakeFiles/subsys__crc.dir/crc32k_4_2_sw.c.obj
[kinmen:ro] [62/383] Building C object CMakeFiles/app.dir/mnt/host/source/src/platform/ec/build/zephyr/kinmen/modules/ec/common/printf.c.obj
[craaskov:ro] [54/409] Building C object zephyr/CMakeFiles/zephyr.dir/subsys/shell/modules/kernel_service/thread/stacks.c.obj
[kinmen:rw] [78/383] Building C object CMakeFiles/app.dir/mnt/host/source/src/platform/ec/build/zephyr/kinmen/modules/ec/common/charger.c.obj
[kinmen:ro] [63/383] Building C object CMakeFiles/app.dir/mnt/host/source/src/platform/ec/build/zephyr/kinmen/modules/ec/common/queue.c.obj
[karis:rw] [138/424] Linking C static library zephyr/subsys/crc/libsubsys__crc.a
[karis:rw] [139/424] Building C object zephyr/drivers/interrupt_controller/CMakeFiles/drivers__interrupt_controller.dir/intc_miwu.c.obj
[karis:rw] [140/424] Linking C static library zephyr/drivers/interrupt_controller/libdrivers__interrupt_controller.a
[karis:rw] [141/424] Building C object zephyr/drivers/adc/CMakeFiles/drivers__adc.dir/adc_common.c.obj
[karis:rw] [142/424] Building C object zephyr/drivers/adc/CMakeFiles/drivers__adc.dir/adc_npcx.c.obj
[craaskov:ro] [55/409] Building C object zephyr/CMakeFiles/zephyr.dir/subsys/shell/modules/kernel_service/thread/suspend.c.obj
[karis:rw] [143/424] Linking C static library zephyr/drivers/adc/libdrivers__adc.a
[karis:rw] [144/424] Building C object zephyr/drivers/bbram/CMakeFiles/drivers__bbram.dir/bbram_npcx.c.obj
[kinmen:ro] [64/383] Building C object CMakeFiles/app.dir/mnt/host/source/src/platform/ec/build/zephyr/kinmen/modules/ec/common/system_boot_time.c.obj
[kinmen:ro] [65/383] Building C object CMakeFiles/app.dir/mnt/host/source/src/platform/ec/build/zephyr/kinmen/modules/ec/common/system.c.obj
[karis:rw] [145/424] Linking C static library zephyr/drivers/bbram/libdrivers__bbram.a
[karis:rw] [146/424] Building C object zephyr/drivers/clock_control/CMakeFiles/drivers__clock_control.dir/clock_control_npcx.c.obj
[craaskov:ro] [56/409] Building C object zephyr/CMakeFiles/zephyr.dir/subsys/shell/modules/kernel_service/thread/resume.c.obj
[pujjocento:ro] [53/399] Building C object CMakeFiles/app.dir/mnt/host/source/src/platform/ec/zephyr/subsys/pd_controller/pdc_dpm.c.obj
[kinmen:rw] [79/383] Building C object CMakeFiles/app.dir/mnt/host/source/src/platform/ec/build/zephyr/kinmen/modules/ec/common/charge_state.c.obj
[karis:rw] [147/424] Linking C static library zephyr/drivers/clock_control/libdrivers__clock_control.a
[karis:rw] [148/424] Building C object zephyr/drivers/console/CMakeFiles/drivers__console.dir/uart_console.c.obj
[craaskov:ro] [57/409] Building C object zephyr/CMakeFiles/zephyr.dir/subsys/shell/modules/kernel_service/thread/kill.c.obj
[kinmen:rw] [80/383] Building C object CMakeFiles/app.dir/mnt/host/source/src/platform/ec/build/zephyr/kinmen/modules/ec/common/cbi_common.c.obj
[karis:rw] [149/424] Linking C static library zephyr/drivers/console/libdrivers__console.a
[karis:rw] [150/424] Building C object zephyr/drivers/crypto/CMakeFiles/drivers__crypto.dir/crypto_npcx_sha.c.obj
[kinmen:ro] [66/383] Building C object CMakeFiles/app.dir/mnt/host/source/src/platform/ec/build/zephyr/kinmen/modules/ec/common/uart_printf.c.obj
[karis:rw] [151/424] Linking C static library zephyr/drivers/crypto/libdrivers__crypto.a
[karis:rw] [152/424] Building C object zephyr/drivers/eeprom/CMakeFiles/drivers__eeprom.dir/eeprom_shell.c.obj
[kinmen:ro] [67/383] Building C object CMakeFiles/app.dir/mnt/host/source/src/platform/ec/build/zephyr/kinmen/modules/ec/common/util.c.obj
[karis:rw] [153/424] Building C object zephyr/drivers/eeprom/CMakeFiles/drivers__eeprom.dir/eeprom_at2x.c.obj
[kinmen:rw] [81/383] Building C object CMakeFiles/app.dir/mnt/host/source/src/platform/ec/build/zephyr/kinmen/modules/ec/common/charge_manager.c.obj
[pujjocento:ro] [54/399] Building C object CMakeFiles/app.dir/mnt/host/source/src/platform/ec/zephyr/subsys/ucsi/ppm_common.c.obj
[karis:rw] [154/424] Linking C static library zephyr/drivers/eeprom/libdrivers__eeprom.a
[karis:rw] [155/424] Building C object zephyr/drivers/espi/CMakeFiles/drivers__espi.dir/espi_npcx.c.obj
[craaskov:ro] [58/409] Building C object zephyr/CMakeFiles/zephyr.dir/subsys/shell/backends/shell_uart.c.obj
[karis:rw] [156/424] Building C object zephyr/drivers/espi/CMakeFiles/drivers__espi.dir/host_subs_npcx.c.obj
[karis:rw] [157/424] Linking C static library zephyr/drivers/espi/libdrivers__espi.a
[kinmen:ro] [68/383] Building C object CMakeFiles/app.dir/mnt/host/source/src/platform/ec/build/zephyr/kinmen/modules/ec/common/version.c.obj
[karis:rw] [158/424] Building C object zephyr/drivers/flash/CMakeFiles/drivers__flash.dir/jesd216.c.obj
[karis:rw] [159/424] Building C object zephyr/drivers/flash/CMakeFiles/drivers__flash.dir/flash_npcx_fiu_nor.c.obj
[karis:rw] [160/424] Building C object zephyr/drivers/flash/CMakeFiles/drivers__flash.dir/flash_npcx_fiu_qspi.c.obj
[karis:rw] [161/424] Linking C static library zephyr/drivers/flash/libdrivers__flash.a
[craaskov:ro] [59/409] Building C object zephyr/CMakeFiles/zephyr.dir/subsys/shell/shell.c.obj
[karis:rw] [162/424] Building C object zephyr/drivers/gpio/CMakeFiles/drivers__gpio.dir/gpio_npcx.c.obj
[kinmen:ro] [69/383] Building C object CMakeFiles/app.dir/mnt/host/source/src/platform/ec/build/zephyr/kinmen/modules/ec/common/power_button_x86.c.obj
[craaskov:ro] [60/409] Building C object zephyr/CMakeFiles/zephyr.dir/subsys/shell/shell_fprintf.c.obj
[pujjocento:rw] [49/399] Building C object CMakeFiles/app.dir/mnt/host/source/src/platform/ec/zephyr/subsys/pd_controller/pdc_power_mgmt.c.obj
[karis:rw] [163/424] Linking C static library zephyr/drivers/gpio/libdrivers__gpio.a
[karis:rw] [164/424] Building C object zephyr/drivers/i2c/CMakeFiles/drivers__i2c.dir/i2c_common.c.obj
[pujjocento:ro] [55/399] Building C object CMakeFiles/app.dir/mnt/host/source/src/platform/ec/zephyr/subsys/ucsi/ppm_console.c.obj
[karis:rw] [165/424] Building C object zephyr/drivers/i2c/CMakeFiles/drivers__i2c.dir/i2c_shell.c.obj
[kinmen:rw] [82/383] Building C object CMakeFiles/app.dir/mnt/host/source/src/platform/ec/build/zephyr/kinmen/modules/ec/common/cbi_config.c.obj
[karis:rw] [166/424] Building C object zephyr/drivers/i2c/CMakeFiles/drivers__i2c.dir/i2c_npcx_controller.c.obj
[karis:rw] [167/424] Building C object zephyr/drivers/i2c/CMakeFiles/drivers__i2c.dir/i2c_npcx_controller_fifo.c.obj
[karis:rw] [168/424] Building C object zephyr/drivers/i2c/CMakeFiles/drivers__i2c.dir/i2c_npcx_port.c.obj
[kinmen:rw] [83/383] Building C object CMakeFiles/app.dir/mnt/host/source/src/platform/ec/build/zephyr/kinmen/modules/ec/common/cbi.c.obj
[karis:rw] [169/424] Linking C static library zephyr/drivers/i2c/libdrivers__i2c.a
[karis:rw] [170/424] Building C object zephyr/drivers/pinctrl/CMakeFiles/drivers__pinctrl.dir/common.c.obj
[karis:rw] [171/424] Building C object zephyr/drivers/pinctrl/CMakeFiles/drivers__pinctrl.dir/pinctrl_npcx.c.obj
[karis:rw] [172/424] Linking C static library zephyr/drivers/pinctrl/libdrivers__pinctrl.a
[karis:rw] [173/424] Building C object zephyr/drivers/pwm/CMakeFiles/drivers__pwm.dir/pwm_shell.c.obj
[kinmen:ro] [70/383] Building C object CMakeFiles/app.dir/mnt/host/source/src/platform/ec/build/zephyr/kinmen/modules/ec/common/adc.c.obj
[karis:rw] [174/424] Building C object zephyr/drivers/pwm/CMakeFiles/drivers__pwm.dir/pwm_npcx.c.obj
[kinmen:rw] [84/383] Building C object CMakeFiles/app.dir/mnt/host/source/src/platform/ec/build/zephyr/kinmen/modules/ec/common/memory_commands.c.obj
[kinmen:ro] [71/383] Building C object CMakeFiles/app.dir/mnt/host/source/src/platform/ec/build/zephyr/kinmen/modules/ec/common/acpi.c.obj
[/mnt/host/source/src/platform/ec/build/zephyr/brtk-lcov]   /mnt/host/source/src/platform/ec/build/zephyr/brtk/build-rw/zephyr/drivers/interrupt_controller/CMakeFiles/drivers__interrupt_controller.dir/mnt/host/source/src/third_party/zephyr/main/misc/empty_file.c.gcno:no functions found
[/mnt/host/source/src/platform/ec/build/zephyr/brtk-lcov] Filter suppressions 'region':
[craaskov:ro] [61/409] Building C object zephyr/CMakeFiles/zephyr.dir/subsys/shell/shell_utils.c.obj
[karis:rw] [175/424] Linking C static library zephyr/drivers/pwm/libdrivers__pwm.a
[karis:rw] [176/424] Building C object zephyr/drivers/sensor/CMakeFiles/drivers__sensor.dir/mnt/host/source/src/third_party/zephyr/main/misc/empty_file.c.obj
[pujjocento:ro] [56/399] Building C object CMakeFiles/app.dir/mnt/host/source/src/platform/ec/zephyr/subsys/ucsi/ppm_driver.c.obj
[karis:rw] [177/424] Linking C static library zephyr/drivers/sensor/libdrivers__sensor.a
[kinmen:ro] [72/383] Building C object CMakeFiles/app.dir/mnt/host/source/src/platform/ec/build/zephyr/kinmen/modules/ec/common/backlight_lid.c.obj
[/mnt/host/source/src/platform/ec/build/zephyr/brtk-lcov]     37 instances
[/mnt/host/source/src/platform/ec/build/zephyr/brtk-lcov]     28 coverpoints
[/mnt/host/source/src/platform/ec/build/zephyr/brtk-lcov] Message summary:
[/mnt/host/source/src/platform/ec/build/zephyr/brtk-lcov]   24 ignore messages:
[/mnt/host/source/src/platform/ec/build/zephyr/brtk-lcov]     gcov: 24
[karis:ro] Building: /usr/bin/ninja -C /mnt/host/source/src/platform/ec/build/zephyr/karis/build-ro all.libraries
Running `env -i SHELL=/bin/bash COLORTERM=truecolor DEPOT_TOOLS_UPDATE=0 LESS='-R -M --shift 5' SUDO_GID=0 JDK_HOME=/etc/java-config-2/current-system-vm CONFIG_PROTECT_MASK='/etc/gentoo-release /etc/sandbox.d /etc/fonts/fonts.conf /etc/terminfo /etc/ca-certificates.conf /etc/revdep-rebuild' CHROMEOS_CACHEDIR=/var/cache/chromeos-cache JAVA_HOME=/etc/java-config-2/current-system-vm SSH_AUTH_SOCK=/tmp/ssh-auth-sock SUDO_COMMAND=/bin/bash SUDO_USER=root SUDO_TTY=/dev/pts/2 EDITOR=/usr/bin/vi PWD=/mnt/host/source/src/platform/ec CONFIG_PROTECT=/usr/share/gnupg/qualified.txt LOGNAME=jpmurphy MANPATH=/etc/java-config-2/current-system-vm/man:/usr/local/share/man:/usr/share/man:/usr/share/gcc-data/x86_64-pc-linux-gnu/10.2.0/man:/usr/share/binutils-data/x86_64-pc-linux-gnu/2.45/man:/etc/java-config-2/current-system-vm/man/ SUDO_HOME=/root XAUTHORITY=/run/user/944457/gdm/Xauthority HOME=/home/jpmurphy LANG=C.UTF-8 LS_COLORS='rs=0:di=01;34:ln=01;36:mh=00:pi=40;33:so=01;35:do=01;35:bd=40;33;01:cd=40;33;01:or=01;05;37;41:mi=01;05;37;41:su=37;41:sg=30;43:ca=30;41:tw=30;42:ow=34;42:st=37;44:ex=01;32:*.tar=01;31:*.tgz=01;31:*.arc=01;31:*.arj=01;31:*.taz=01;31:*.lha=01;31:*.lz4=01;31:*.lzh=01;31:*.lzma=01;31:*.tlz=01;31:*.txz=01;31:*.tzo=01;31:*.t7z=01;31:*.zip=01;31:*.z=01;31:*.dz=01;31:*.gz=01;31:*.lrz=01;31:*.lz=01;31:*.lzo=01;31:*.xz=01;31:*.zst=01;31:*.tzst=01;31:*.bz2=01;31:*.bz=01;31:*.tbz=01;31:*.tbz2=01;31:*.tz=01;31:*.deb=01;31:*.rpm=01;31:*.jar=01;31:*.war=01;31:*.ear=01;31:*.sar=01;31:*.rar=01;31:*.alz=01;31:*.ace=01;31:*.zoo=01;31:*.cpio=01;31:*.7z=01;31:*.rz=01;31:*.cab=01;31:*.wim=01;31:*.swm=01;31:*.dwm=01;31:*.esd=01;31:*.jpg=01;35:*.jpeg=01;35:*.mjpg=01;35:*.mjpeg=01;35:*.gif=01;35:*.bmp=01;35:*.pbm=01;35:*.pgm=01;35:*.ppm=01;35:*.tga=01;35:*.xbm=01;35:*.xpm=01;35:*.tif=01;35:*.tiff=01;35:*.png=01;35:*.svg=01;35:*.svgz=01;35:*.mng=01;35:*.pcx=01;35:*.mov=01;35:*.mpg=01;35:*.mpeg=01;35:*.m2v=01;35:*.mkv=01;35:*.webm=01;35:*.webp=01;35:*.ogm=01;35:*.mp4=01;35:*.m4v=01;35:*.mp4v=01;35:*.vob=01;35:*.qt=01;35:*.nuv=01;35:*.wmv=01;35:*.asf=01;35:*.rm=01;35:*.rmvb=01;35:*.flc=01;35:*.avi=01;35:*.fli=01;35:*.flv=01;35:*.gl=01;35:*.dl=01;35:*.xcf=01;35:*.xwd=01;35:*.yuv=01;35:*.cgm=01;35:*.emf=01;35:*.ogv=01;35:*.ogx=01;35:*.cfg=00;32:*.conf=00;32:*.diff=00;32:*.doc=00;32:*.ini=00;32:*.log=00;32:*.patch=00;32:*.pdf=00;32:*.ps=00;32:*.tex=00;32:*.txt=00;32:*.aac=00;36:*.au=00;36:*.flac=00;36:*.m4a=00;36:*.mid=00;36:*.midi=00;36:*.mka=00;36:*.mp3=00;36:*.mpc=00;36:*.ogg=00;36:*.ra=00;36:*.wav=00;36:*.oga=00;36:*.opus=00;36:*.spx=00;36:*.xspf=00;36:' XDG_CURRENT_DESKTOP=GNOME INFOPATH=/usr/share/info:/usr/share/gcc-data/x86_64-pc-linux-gnu/10.2.0/info:/usr/share/binutils-data/x86_64-pc-linux-gnu/2.45/info:/usr/share/automake-1.16.5/info JAVAC=/etc/java-config-2/current-system-vm/bin/javac TERM=xterm-256color LESSOPEN='|lesspipe %s' USER=jpmurphy CROS_WORKON_SRCROOT=/mnt/host/source MANPAGER=manpager DISPLAY=:1 SHLVL=1 LC_MESSAGES=C EXTERNAL_TRUNK_PATH=/mnt/8f9d649a-3721-44cc-93c0-e6bd21a9689f/chromiumos GCC_SPECS='' PATH=/mnt/host/source/chromite/bin:/usr/local/bin:/usr/bin:/bin:/opt/bin:/mnt/host/source/chromite/sdk/bin:/mnt/host/source/chromite/bin PORTAGE_USERNAME=jpmurphy SUDO_UID=0 GCC_VER=10.2.0 MAIL=/var/mail/jpmurphy OLDPWD=/mnt/host/source/src/scripts traceparent=00-e87aca51550a78635907baa6a2476181-6d684811675d2973-01 _=./zephyr/firmware_builder.py COREBOOT_SDK_ROOT_x86=/home/jpmurphy/.cache/coreboot-sdk/i386-elf/dfbb0486385d938cfa9d73080b9d18d598ed4f49 COREBOOT_SDK_ROOT_picolibc_x86=/home/jpmurphy/.cache/coreboot-sdk/picolibc-i386-elf/eb8e8e687b95461de8cbf278f1c2076952d0ad17 COREBOOT_SDK_ROOT_riscv64=/home/jpmurphy/.cache/coreboot-sdk/riscv64-elf/96b949749225b6aaa92ed810ab769e8dfb12f000 COREBOOT_SDK_ROOT_picolibc_arm=/home/jpmurphy/.cache/coreboot-sdk/picolibc-arm-eabi/422a2aa3e1ef891b5bece9a3deb696ff83840d2e COREBOOT_SDK_ROOT_nds32=/home/jpmurphy/.cache/coreboot-sdk/nds32le-elf/d1a518c4a097666d86058e1444f85ca015d15511 COREBOOT_SDK_ROOT_picolibc_riscv64=/home/jpmurphy/.cache/coreboot-sdk/picolibc-riscv64-elf/f571e990ef0278564b31124f8bb109d9a697eb69 COREBOOT_SDK_ROOT_arm=/home/jpmurphy/.cache/coreboot-sdk/arm-eabi/ea40ddd1d190c3b48435c474c0b545719371813a COREBOOT_SDK_ROOT_libstdcxx_riscv64=/home/jpmurphy/.cache/coreboot-sdk/libstdcxx-riscv64-elf/17abf22a3a252e2d5d2062ced5324f7a623689e0 COREBOOT_SDK_ROOT_libstdcxx_arm=/home/jpmurphy/.cache/coreboot-sdk/libstdcxx-arm-eabi/5d7d82e150e44aa1968f1d366e267e6687b328ac COREBOOT_SDK_ROOT_riscv=/home/jpmurphy/.cache/coreboot-sdk/riscv-elf/9a27b9e82341c6e9126624f516ab3f261abb3e73 COREBOOT_SDK_ROOT_libstdcxx_x86=/home/jpmurphy/.cache/coreboot-sdk/libstdcxx-i386-elf/42ef9d2e87a76a37963175d7d428734e65648b87 PYTHONPATH=/mnt/host/source/src/platform/ec/zephyr/zmake PW_PIGWEED_CIPD_INSTALL_DIR=/usr CROSTC_USER_ACKNOWLEDGES_THAT_RISCV_IS_EXPERIMENTAL=1 MAKEFLAGS=' -j16 --jobserver-auth=5,6' /usr/bin/ninja -C /mnt/host/source/src/platform/ec/build/zephyr/karis/build-ro all.libraries`
[karis:rw] [178/424] Building C object zephyr/drivers/sensor/nuvoton/nuvoton_tach_npcx/CMakeFiles/drivers__sensor__nuvoton__nuvoton_tach_npcx.dir/tach_nuvoton_npcx.c.obj
[karis:ro] ninja: Entering directory `/mnt/host/source/src/platform/ec/build/zephyr/karis/build-ro'
[craaskov:ro] [62/409] Building C object zephyr/CMakeFiles/zephyr.dir/subsys/shell/shell_ops.c.obj
[karis:rw] [179/424] Linking C static library zephyr/drivers/sensor/nuvoton/nuvoton_tach_npcx/libdrivers__sensor__nuvoton__nuvoton_tach_npcx.a
[karis:rw] [180/424] Building C object zephyr/drivers/serial/CMakeFiles/drivers__serial.dir/uart_npcx.c.obj
[pujjocento:ro] [57/399] Building C object CMakeFiles/app.dir/mnt/host/source/src/platform/ec/zephyr/subsys/ucsi/ucsi_host_cmd.c.obj
[karis:rw] [181/424] Linking C static library zephyr/drivers/serial/libdrivers__serial.a
[craaskov:ro] [63/409] Building C object zephyr/CMakeFiles/zephyr.dir/subsys/shell/shell_help.c.obj
[karis:rw] [182/424] Building C object zephyr/drivers/syscon/CMakeFiles/drivers__syscon.dir/syscon.c.obj
[kinmen:ro] [73/383] Building C object CMakeFiles/app.dir/mnt/host/source/src/platform/ec/build/zephyr/kinmen/modules/ec/common/battery.c.obj
[karis:rw] [183/424] Linking C static library zephyr/drivers/syscon/libdrivers__syscon.a
[karis:rw] [184/424] Building C object zephyr/drivers/timer/CMakeFiles/drivers__timer.dir/sys_clock_init.c.obj
[karis:rw] [185/424] Building C object zephyr/drivers/timer/CMakeFiles/drivers__timer.dir/npcx_itim_timer.c.obj
[karis:rw] [186/424] Linking C static library zephyr/drivers/timer/libdrivers__timer.a
[karis:rw] [187/424] Building C object zephyr/drivers/watchdog/CMakeFiles/drivers__watchdog.dir/wdt_npcx.c.obj
[kinmen:rw] [85/383] Building C object CMakeFiles/app.dir/mnt/host/source/src/platform/ec/build/zephyr/kinmen/modules/ec/common/dptf.c.obj
[karis:rw] [188/424] Building C object zephyr/drivers/watchdog/CMakeFiles/drivers__watchdog.dir/wdt_shell.c.obj
[kinmen:rw] [86/383] Building C object CMakeFiles/app.dir/mnt/host/source/src/platform/ec/build/zephyr/kinmen/modules/ec/common/ap_reset_log.c.obj
[pujjocento:ro] [58/399] Building C object CMakeFiles/app.dir/mnt/host/source/src/platform/ec/build/zephyr/pujjocento/modules/ec/builtin/stdlib.c.obj
[kinmen:rw] [87/383] Building C object CMakeFiles/app.dir/mnt/host/source/src/platform/ec/build/zephyr/kinmen/modules/ec/common/espi.c.obj
[karis:rw] [189/424] Linking C static library zephyr/drivers/watchdog/libdrivers__watchdog.a
[karis:ro] [1/424] Generating include/generated/zephyr/version.h
[karis:rw] [190/424] Building C object modules/ec/zephyr/CMakeFiles/ec_shim.dir/app/ec/ec_app_main.c.obj
[craaskov:ro] [64/409] Building C object zephyr/CMakeFiles/zephyr.dir/subsys/shell/shell_history.c.obj
[karis:ro] -- git describe warned: warning: tag 'upstream/v2.7.99' is externally known as 'v2.7.99'
[karis:ro] -- Zephyr version: 4.3.99 (/mnt/host/source/src/third_party/zephyr/main)
[karis:ro] [2/424] Preparing syscall dependency handling
[karis:rw] [191/424] Building C object modules/ec/zephyr/CMakeFiles/ec_shim.dir/app/ec/main_shim.c.obj
[karis:rw] [192/424] Building C object modules/ec/zephyr/CMakeFiles/ec_shim.dir/drivers/cros_flash/cros_flash_npcx.c.obj
[kinmen:ro] [74/383] Building C object CMakeFiles/app.dir/mnt/host/source/src/platform/ec/build/zephyr/kinmen/modules/ec/common/battery_info.c.obj
[karis:rw] [193/424] Building C object modules/ec/zephyr/CMakeFiles/ec_shim.dir/drivers/cros_kb_raw/cros_kb_raw_npcx.c.obj
[karis:rw] [194/424] Building C object modules/ec/zephyr/CMakeFiles/ec_shim.dir/drivers/cros_kblight/pwm_kblight.c.obj
[karis:rw] [195/424] Building C object modules/ec/zephyr/CMakeFiles/ec_shim.dir/drivers/cros_system/cros_system_npcx.c.obj
[karis:rw] [196/424] Building C object modules/ec/zephyr/CMakeFiles/ec_shim.dir/drivers/vivaldi_kbd/vivaldi_kbd.c.obj
[karis:ro] [3/424] Generating misc/generated/syscalls_subdirs.trigger
[karis:rw] [197/424] Building C object modules/ec/zephyr/CMakeFiles/ec_shim.dir/shim/chip/npcx/clock.c.obj
[kinmen:ro] [75/383] Building C object CMakeFiles/app.dir/mnt/host/source/src/platform/ec/build/zephyr/kinmen/modules/ec/common/battery_fuel_gauge.c.obj
[karis:rw] [198/424] Building C object modules/ec/zephyr/CMakeFiles/ec_shim.dir/shim/chip/npcx/gpio.c.obj
[karis:rw] [199/424] Building C object modules/ec/zephyr/CMakeFiles/ec_shim.dir/shim/chip/npcx/rom_chip.c.obj
[pujjocento:ro] [59/399] Building C object CMakeFiles/app.dir/mnt/host/source/src/platform/ec/build/zephyr/pujjocento/modules/ec/common/base32.c.obj
[karis:rw] [200/424] Building C object modules/ec/zephyr/CMakeFiles/ec_shim.dir/shim/chip/npcx/keyboard_raw.c.obj
[craaskov:ro] [65/409] Building C object zephyr/CMakeFiles/zephyr.dir/drivers/flash/flash_util.c.obj
[karis:rw] [201/424] Building C object modules/ec/zephyr/CMakeFiles/ec_shim.dir/shim/chip/npcx/system.c.obj
[kinmen:ro] [76/383] Building C object CMakeFiles/app.dir/mnt/host/source/src/platform/ec/build/zephyr/kinmen/modules/ec/driver/battery/smart.c.obj
[karis:rw] [202/424] Building C object modules/ec/zephyr/CMakeFiles/ec_shim.dir/shim/chip/npcx/system_external_storage.c.obj
[karis:rw] [203/424] Building C object modules/ec/zephyr/CMakeFiles/ec_shim.dir/shim/chip/npcx/power_policy.c.obj
[karis:rw] [204/424] Building C object modules/ec/zephyr/CMakeFiles/ec_shim.dir/shim/core/cortex-m/mpu.c.obj
[karis:rw] [205/424] Building C object modules/ec/zephyr/CMakeFiles/ec_shim.dir/shim/core/cortex-m/panic.c.obj
[craaskov:ro] [66/409] Building C object zephyr/arch/common/CMakeFiles/arch__common.dir/sw_isr_common.c.obj
[karis:rw] [206/424] Building C object modules/ec/zephyr/CMakeFiles/ec_shim.dir/shim/src/console.c.obj
[craaskov:ro] [67/409] Linking C static library zephyr/libzephyr.a
[karis:rw] [207/424] Building C object modules/ec/zephyr/CMakeFiles/ec_shim.dir/shim/src/crc.c.obj
[karis:rw] [208/424] Building C object modules/ec/zephyr/CMakeFiles/ec_shim.dir/shim/src/gpio.c.obj
[karis:rw] [209/424] Building C object modules/ec/zephyr/CMakeFiles/ec_shim.dir/shim/src/gpio_int.c.obj
[karis:rw] [210/424] Building C object modules/ec/zephyr/CMakeFiles/ec_shim.dir/shim/src/panic_utils.c.obj
[karis:rw] [211/424] Building C object modules/ec/zephyr/CMakeFiles/ec_shim.dir/shim/src/pm_state.c.obj
[karis:rw] [212/424] Building C object modules/ec/zephyr/CMakeFiles/ec_shim.dir/shim/src/cbi/cros_cbi.c.obj
[karis:rw] [213/424] Building C object modules/ec/zephyr/CMakeFiles/ec_shim.dir/shim/src/cbi/cros_cbi_fw_config.c.obj
[karis:rw] [214/424] Building C object modules/ec/zephyr/CMakeFiles/ec_shim.dir/shim/src/cbi/cbi_eeprom.c.obj
[karis:rw] [215/424] Building C object modules/ec/zephyr/CMakeFiles/ec_shim.dir/shim/src/cbi/cbi_flash.c.obj
[craaskov:ro] [68/409] Building C object zephyr/arch/common/CMakeFiles/arch__common.dir/init.c.obj
[karis:rw] [216/424] Building C object modules/ec/zephyr/CMakeFiles/ec_shim.dir/shim/src/led_driver/led.c.obj
[pujjocento:ro] [60/399] Building C object CMakeFiles/app.dir/mnt/host/source/src/platform/ec/build/zephyr/pujjocento/modules/ec/common/console_output.c.obj
[karis:rw] [217/424] Building C object modules/ec/zephyr/CMakeFiles/ec_shim.dir/shim/src/led_driver/led_gpio.c.obj
[karis:rw] [218/424] Building C object modules/ec/zephyr/CMakeFiles/ec_shim.dir/shim/src/system.c.obj
[kinmen:rw] [88/383] Building C object CMakeFiles/app.dir/mnt/host/source/src/platform/ec/build/zephyr/kinmen/modules/ec/common/extpower_common.c.obj
[kinmen:rw] [89/383] Building C object CMakeFiles/app.dir/mnt/host/source/src/platform/ec/build/zephyr/kinmen/modules/ec/common/extpower_gpio.c.obj
[kinmen:ro] [77/383] Building C object CMakeFiles/app.dir/mnt/host/source/src/platform/ec/build/zephyr/kinmen/modules/ec/driver/charger/isl9241.c.obj
[karis:rw] [219/424] Building ASM object modules/ec/zephyr/CMakeFiles/ec_shim.dir/shim/src/libgcc_arm.S.obj
[karis:rw] [220/424] Building C object modules/ec/zephyr/CMakeFiles/ec_shim.dir/shim/src/anx7452_usb_mux.c.obj
[karis:rw] [221/424] Building C object modules/ec/zephyr/CMakeFiles/ec_shim.dir/shim/src/adc.c.obj
[karis:rw] [222/424] Building C object modules/ec/zephyr/CMakeFiles/ec_shim.dir/shim/src/battery.c.obj
[karis:rw] [223/424] Building C object modules/ec/zephyr/CMakeFiles/ec_shim.dir/shim/src/charger.c.obj
[karis:rw] [224/424] Building C object modules/ec/zephyr/CMakeFiles/ec_shim.dir/shim/src/chipset_api.c.obj
[karis:rw] [225/424] Building C object modules/ec/zephyr/CMakeFiles/ec_shim.dir/shim/src/espi.c.obj
[kinmen:rw] [90/383] Building C object CMakeFiles/app.dir/mnt/host/source/src/platform/ec/build/zephyr/kinmen/modules/ec/common/fan.c.obj
[karis:rw] [226/424] Building C object modules/ec/zephyr/CMakeFiles/ec_shim.dir/shim/src/fan.c.obj
[karis:rw] [227/424] Building C object modules/ec/zephyr/CMakeFiles/ec_shim.dir/shim/src/flash.c.obj
[karis:rw] [228/424] Building C object modules/ec/zephyr/CMakeFiles/ec_shim.dir/shim/src/hooks.c.obj
[karis:rw] [229/424] Building C object modules/ec/zephyr/CMakeFiles/ec_shim.dir/shim/src/host_command.c.obj
[karis:rw] [230/424] Building C object modules/ec/zephyr/CMakeFiles/ec_shim.dir/shim/src/console_buffer.c.obj
[pujjocento:ro] [61/399] Building C object CMakeFiles/app.dir/mnt/host/source/src/platform/ec/build/zephyr/pujjocento/modules/ec/common/ec_features.c.obj
[karis:rw] [231/424] Building C object modules/ec/zephyr/CMakeFiles/ec_shim.dir/shim/src/kb8010_usb_mux.c.obj
[craaskov:ro] [69/409] Building C object zephyr/arch/common/CMakeFiles/isr_tables.dir/isr_tables.c.obj
[karis:ro] [4/424] Generating misc/generated/syscalls.json, misc/generated/struct_tags.json
[craaskov:ro] [70/409] Building C object zephyr/arch/common/CMakeFiles/arch__common.dir/xip.c.obj
[karis:rw] [232/424] Building C object modules/ec/zephyr/CMakeFiles/ec_shim.dir/shim/src/keyboard_raw.c.obj
[karis:rw] [233/424] Building C object modules/ec/zephyr/CMakeFiles/ec_shim.dir/shim/src/mkbp_event.c.obj
[craaskov:ro] [71/409] Linking C static library zephyr/arch/common/libisr_tables.a
[karis:rw] [234/424] Building C object modules/ec/zephyr/CMakeFiles/ec_shim.dir/shim/src/motionsense_sensors.c.obj
[karis:rw] [235/424] Building C object modules/ec/zephyr/CMakeFiles/ec_shim.dir/shim/src/panic.c.obj
[karis:rw] [236/424] Building C object modules/ec/zephyr/CMakeFiles/ec_shim.dir/shim/src/pwm_hc.c.obj
[karis:rw] [237/424] Building C object modules/ec/zephyr/CMakeFiles/ec_shim.dir/shim/src/temp_sensors.c.obj
[karis:rw] [238/424] Building C object modules/ec/zephyr/CMakeFiles/ec_shim.dir/shim/src/thermal.c.obj
[karis:rw] [239/424] Building C object modules/ec/zephyr/CMakeFiles/ec_shim.dir/shim/src/hwtimer.c.obj
[kinmen:ro] [78/383] Building C object CMakeFiles/app.dir/mnt/host/source/src/platform/ec/build/zephyr/kinmen/modules/ec/common/charger.c.obj
[karis:rw] [240/424] Building C object modules/ec/zephyr/CMakeFiles/ec_shim.dir/shim/src/i2c.c.obj
[craaskov:ro] [72/409] Linking C static library zephyr/arch/common/libarch__common.a
[karis:rw] [241/424] Building C object modules/ec/zephyr/CMakeFiles/ec_shim.dir/shim/src/tasks.c.obj
[karis:ro] [5/424] Generating include/generated/zephyr/syscall_dispatch.c, include/generated/zephyr/syscall_exports_llext.c, syscall_weakdefs_llext.c, include/generated/zephyr/syscall_list.h
[karis:rw] [242/424] Building C object modules/ec/zephyr/CMakeFiles/ec_shim.dir/shim/src/watchdog.c.obj
[karis:rw] [243/424] Building C object modules/ec/zephyr/CMakeFiles/ec_shim.dir/shim/src/ppc.c.obj
[craaskov:ro] [73/409] Building C object zephyr/arch/arch/arm/core/CMakeFiles/arch__arm__core.dir/fatal.c.obj
[karis:rw] [244/424] Building C object modules/ec/zephyr/CMakeFiles/ec_shim.dir/shim/src/usba.c.obj
[karis:rw] [245/424] Building C object modules/ec/zephyr/CMakeFiles/ec_shim.dir/shim/src/power_host_sleep_api.c.obj
[karis:rw] [246/424] Building C object modules/ec/zephyr/CMakeFiles/ec_shim.dir/shim/src/usb_muxes.c.obj
[karis:rw] [247/424] Building C object modules/ec/zephyr/CMakeFiles/ec_shim.dir/shim/src/bb_retimer_usb_mux.c.obj
[karis:rw] [248/424] Building C object modules/ec/zephyr/CMakeFiles/ec_shim.dir/shim/src/sha256_hw.c.obj
[craaskov:ro] [74/409] Building ASM object zephyr/arch/arch/arm/core/CMakeFiles/arch__arm__core.dir/nmi_on_reset.S.obj
[pujjocento:ro] [62/399] Building C object CMakeFiles/app.dir/mnt/host/source/src/platform/ec/build/zephyr/pujjocento/modules/ec/common/gpio_commands.c.obj
[kinmen:ro] [79/383] Building C object CMakeFiles/app.dir/mnt/host/source/src/platform/ec/build/zephyr/kinmen/modules/ec/common/charge_state.c.obj
[pujjocento:rw] [50/399] Building C object CMakeFiles/app.dir/mnt/host/source/src/platform/ec/zephyr/subsys/pd_controller/pdc_console.c.obj
[karis:ro] [6/424] Generating include/generated/zephyr/driver-validation.h
[kinmen:ro] [80/383] Building C object CMakeFiles/app.dir/mnt/host/source/src/platform/ec/build/zephyr/kinmen/modules/ec/common/charge_manager.c.obj
[karis:rw] [249/424] Linking C static library modules/ec/zephyr/libec_shim.a
[kinmen:ro] [81/383] Building C object CMakeFiles/app.dir/mnt/host/source/src/platform/ec/build/zephyr/kinmen/modules/ec/common/cbi_common.c.obj
[karis:ro] [7/424] Generating include/generated/zephyr/kobj-types-enum.h, include/generated/zephyr/otype-to-str.h, include/generated/zephyr/otype-to-size.h
[karis:rw] [250/424] cd /mnt/host/source/src/platform/ec/build/zephyr/karis/build-rw/modules/ec/zephyr && PYTHONPATH=/mnt/host/source/src/platform/ec/build/zephyr/karis/modules/ec/zephyr/zmake/ /usr/bin/python3.11 /mnt/host/source/src/platform/ec/build/zephyr/karis/modules/ec/zephyr/zmake/zephyr_build_tools/generate_ec_version.py /mnt/host/source/src/platform/ec/build/zephyr/karis/build-rw/modules/ec/zephyr/include/ec_version.h --name Zephyr-Kernel --version 16543.0.0 --static
[karis:rw] INFO:root:Using a static version string
[kinmen:rw] [91/383] Building C object CMakeFiles/app.dir/mnt/host/source/src/platform/ec/build/zephyr/kinmen/modules/ec/common/flash.c.obj
[karis:rw] INFO:root:Version string: Zephyr-Kernel-16543.0.0
[karis:rw] INFO:root:Writing header to /mnt/host/source/src/platform/ec/build/zephyr/karis/build-rw/modules/ec/zephyr/include/ec_version.h
[karis:rw] [251/424] Building C object CMakeFiles/app.dir/mnt/host/source/src/platform/ec/zephyr/subsys/ap_pwrseq/ap_events.c.obj
[kinmen:rw] [92/383] Building C object CMakeFiles/app.dir/mnt/host/source/src/platform/ec/build/zephyr/kinmen/modules/ec/common/host_command.c.obj
[karis:rw] [252/424] Building C object CMakeFiles/app.dir/mnt/host/source/src/platform/ec/zephyr/subsys/ap_pwrseq/ap_power_interface.c.obj
[karis:rw] [253/424] Building C object CMakeFiles/app.dir/mnt/host/source/src/platform/ec/zephyr/subsys/ap_pwrseq/power_signals.c.obj
[karis:rw] [254/424] Building C object CMakeFiles/app.dir/mnt/host/source/src/platform/ec/zephyr/subsys/ap_pwrseq/signal_gpio.c.obj
[karis:ro] [8/424] Generating include/generated/device-api-sections.ld, include/generated/device-api-sections.cmake
[karis:rw] [255/424] Building C object CMakeFiles/app.dir/mnt/host/source/src/platform/ec/zephyr/subsys/ap_pwrseq/signal_vw.c.obj
[karis:ro] [9/424] Building C object zephyr/CMakeFiles/offsets.dir/arch/arm/core/offsets/offsets.c.obj
[karis:rw] [256/424] Building C object CMakeFiles/app.dir/mnt/host/source/src/platform/ec/zephyr/subsys/ap_pwrseq/power_host_sleep.c.obj
[pujjocento:ro] [63/399] Building C object CMakeFiles/app.dir/mnt/host/source/src/platform/ec/build/zephyr/pujjocento/modules/ec/common/peripheral.c.obj
[karis:rw] [257/424] Building C object CMakeFiles/app.dir/mnt/host/source/src/platform/ec/zephyr/subsys/ap_pwrseq/x86_non_dsx_common_pwrseq_sm_handler.c.obj
[karis:rw] [258/424] Building C object CMakeFiles/app.dir/mnt/host/source/src/platform/ec/zephyr/subsys/ap_pwrseq/x86_non_dsx_chipset_power_state.c.obj
[karis:rw] [259/424] Building C object CMakeFiles/app.dir/mnt/host/source/src/platform/ec/zephyr/subsys/ap_pwrseq/x86_non_dsx_common_pwrseq_host_sleep.c.obj
[karis:rw] [260/424] Building C object CMakeFiles/app.dir/mnt/host/source/src/platform/ec/zephyr/subsys/ap_pwrseq/x86_non_dsx_common_pwrseq_console.c.obj
[kinmen:rw] [93/383] Building C object CMakeFiles/app.dir/mnt/host/source/src/platform/ec/build/zephyr/kinmen/modules/ec/common/host_command_task.c.obj
[karis:rw] [261/424] Building C object CMakeFiles/app.dir/mnt/host/source/src/platform/ec/zephyr/subsys/ap_pwrseq/x86_non_dsx_common_pwrseq_host_command.c.obj
[craaskov:ro] [75/409] Building C object zephyr/arch/arch/arm/core/CMakeFiles/arch__arm__core.dir/nmi.c.obj
[karis:rw] [262/424] Building C object CMakeFiles/app.dir/mnt/host/source/src/platform/ec/zephyr/subsys/ap_pwrseq/x86_non_dsx_mtl_pwrseq_sm.c.obj
[karis:rw] [263/424] Building C object CMakeFiles/app.dir/mnt/host/source/src/platform/ec/zephyr/subsys/ap_pwrseq/ap_reset_log.c.obj
[karis:ro] [10/424] Generating include/generated/zephyr/offsets.h
[karis:rw] [264/424] Building C object CMakeFiles/app.dir/mnt/host/source/src/platform/ec/build/zephyr/karis/modules/ec/builtin/stdlib.c.obj
[karis:rw] [265/424] Building C object CMakeFiles/app.dir/mnt/host/source/src/platform/ec/build/zephyr/karis/modules/ec/common/base32.c.obj
[karis:ro] [11/424] Building C object zephyr/CMakeFiles/zephyr.dir/lib/libc/validate_libc.c.obj
[karis:ro] [12/424] Building C object zephyr/CMakeFiles/zephyr.dir/lib/heap/heap.c.obj
[karis:rw] [266/424] Building C object CMakeFiles/app.dir/mnt/host/source/src/platform/ec/build/zephyr/karis/modules/ec/common/console_output.c.obj
[craaskov:ro] [76/409] Building C object zephyr/arch/arch/arm/core/cortex_m/CMakeFiles/arch__arm__core__cortex_m.dir/exc_exit.c.obj
[karis:ro] [13/424] Building C object zephyr/CMakeFiles/zephyr.dir/lib/os/cbprintf_packaged.c.obj
[craaskov:ro] [77/409] Linking C static library zephyr/arch/arch/arm/core/libarch__arm__core.a
[karis:rw] [267/424] Building C object CMakeFiles/app.dir/mnt/host/source/src/platform/ec/build/zephyr/karis/modules/ec/common/ec_features.c.obj
[karis:ro] [14/424] Building C object zephyr/CMakeFiles/zephyr.dir/lib/os/clock.c.obj
[karis:rw] [268/424] Building C object CMakeFiles/app.dir/mnt/host/source/src/platform/ec/build/zephyr/karis/modules/ec/common/gpio_commands.c.obj
[karis:ro] [15/424] Building C object zephyr/CMakeFiles/zephyr.dir/lib/os/printk.c.obj
[pujjocento:ro] [64/399] Building C object CMakeFiles/app.dir/mnt/host/source/src/platform/ec/build/zephyr/pujjocento/modules/ec/common/printf.c.obj
[karis:rw] [269/424] Building C object CMakeFiles/app.dir/mnt/host/source/src/platform/ec/build/zephyr/karis/modules/ec/common/peripheral.c.obj
[karis:rw] [270/424] Building C object CMakeFiles/app.dir/mnt/host/source/src/platform/ec/build/zephyr/karis/modules/ec/common/printf.c.obj
[karis:ro] [16/424] Building C object zephyr/CMakeFiles/zephyr.dir/lib/os/sem.c.obj
[karis:rw] [271/424] Building C object CMakeFiles/app.dir/mnt/host/source/src/platform/ec/build/zephyr/karis/modules/ec/common/queue.c.obj
[karis:ro] [17/424] Building C object zephyr/CMakeFiles/zephyr.dir/lib/os/thread_entry.c.obj
[karis:ro] [18/424] Building C object zephyr/CMakeFiles/zephyr.dir/lib/os/cbprintf_nano.c.obj
[karis:rw] [272/424] Building C object CMakeFiles/app.dir/mnt/host/source/src/platform/ec/build/zephyr/karis/modules/ec/common/system.c.obj
[karis:ro] [19/424] Building C object zephyr/CMakeFiles/zephyr.dir/lib/os/cbprintf.c.obj
[karis:ro] [20/424] Building C object zephyr/CMakeFiles/zephyr.dir/lib/os/assert.c.obj
[karis:rw] [273/424] Building C object CMakeFiles/app.dir/mnt/host/source/src/platform/ec/build/zephyr/karis/modules/ec/common/system_boot_time.c.obj
[karis:ro] [21/424] Building C object zephyr/CMakeFiles/zephyr.dir/lib/utils/dec.c.obj
[karis:rw] [274/424] Building C object CMakeFiles/app.dir/mnt/host/source/src/platform/ec/build/zephyr/karis/modules/ec/common/uart_printf.c.obj
[karis:ro] [22/424] Building C object zephyr/CMakeFiles/zephyr.dir/lib/utils/hex.c.obj
[karis:rw] [275/424] Building C object CMakeFiles/app.dir/mnt/host/source/src/platform/ec/build/zephyr/karis/modules/ec/common/util.c.obj
[karis:ro] [23/424] Building C object zephyr/CMakeFiles/zephyr.dir/lib/utils/rb.c.obj
[karis:ro] [24/424] Building C object zephyr/CMakeFiles/zephyr.dir/lib/utils/timeutil.c.obj
[craaskov:ro] [78/409] Building ASM object zephyr/arch/arch/arm/core/cortex_m/CMakeFiles/arch__arm__core__cortex_m.dir/fault_s.S.obj
[karis:rw] [276/424] Building C object CMakeFiles/app.dir/mnt/host/source/src/platform/ec/build/zephyr/karis/modules/ec/common/version.c.obj
[karis:rw] [277/424] Building C object CMakeFiles/app.dir/mnt/host/source/src/platform/ec/build/zephyr/karis/modules/ec/common/power_button_x86.c.obj
[karis:ro] [25/424] Building C object zephyr/CMakeFiles/zephyr.dir/lib/utils/bitarray.c.obj
[karis:ro] [26/424] Building C object zephyr/CMakeFiles/zephyr.dir/lib/utils/bitmask.c.obj
[karis:ro] [27/424] Building C object zephyr/CMakeFiles/zephyr.dir/lib/utils/getopt/getopt.c.obj
[karis:rw] [278/424] Building C object CMakeFiles/app.dir/mnt/host/source/src/platform/ec/build/zephyr/karis/modules/ec/driver/accel_bma4xx.c.obj
[kinmen:ro] [82/383] Building C object CMakeFiles/app.dir/mnt/host/source/src/platform/ec/build/zephyr/kinmen/modules/ec/common/cbi_config.c.obj
[craaskov:ro] [79/409] Building C object zephyr/arch/arch/arm/core/cortex_m/CMakeFiles/arch__arm__core__cortex_m.dir/fault.c.obj
[karis:rw] [279/424] Building C object CMakeFiles/app.dir/mnt/host/source/src/platform/ec/build/zephyr/karis/modules/ec/common/motion_sense_fifo.c.obj
[karis:ro] [28/424] Building C object zephyr/CMakeFiles/zephyr.dir/lib/utils/getopt/getopt_common.c.obj
[karis:rw] [280/424] Building C object CMakeFiles/app.dir/mnt/host/source/src/platform/ec/build/zephyr/karis/modules/ec/common/adc.c.obj
[karis:ro] [29/424] Building C object zephyr/CMakeFiles/zephyr.dir/lib/utils/ring_buffer.c.obj
[karis:rw] [281/424] Building C object CMakeFiles/app.dir/mnt/host/source/src/platform/ec/build/zephyr/karis/modules/ec/common/acpi.c.obj
[karis:ro] [30/424] Building C object zephyr/CMakeFiles/zephyr.dir/lib/utils/last_section_id.c.obj
[karis:rw] [282/424] Building C object CMakeFiles/app.dir/mnt/host/source/src/platform/ec/build/zephyr/karis/modules/ec/common/backlight_lid.c.obj
[karis:ro] [31/424] Building C object zephyr/CMakeFiles/zephyr.dir/misc/generated/configs.c.obj
[karis:ro] [32/424] Building C object zephyr/CMakeFiles/zephyr.dir/soc/nuvoton/npcx/common/power.c.obj
[karis:rw] [283/424] Building C object CMakeFiles/app.dir/mnt/host/source/src/platform/ec/build/zephyr/karis/modules/ec/common/battery.c.obj
[karis:ro] [33/424] Building C object zephyr/CMakeFiles/zephyr.dir/soc/nuvoton/npcx/common/scfg.c.obj
[karis:ro] [34/424] Building C object zephyr/CMakeFiles/zephyr.dir/soc/nuvoton/npcx/common/npcxn/registers.c.obj
[karis:rw] [284/424] Building C object CMakeFiles/app.dir/mnt/host/source/src/platform/ec/build/zephyr/karis/modules/ec/common/battery_info.c.obj
[kinmen:ro] [83/383] Building C object CMakeFiles/app.dir/mnt/host/source/src/platform/ec/build/zephyr/kinmen/modules/ec/common/cbi.c.obj
[karis:ro] [35/424] Building C object zephyr/CMakeFiles/zephyr.dir/soc/nuvoton/npcx/npcx9/soc.c.obj
[karis:ro] [36/424] Building C object zephyr/CMakeFiles/zephyr.dir/subsys/logging/log_minimal.c.obj
[kinmen:ro] [84/383] Building C object CMakeFiles/app.dir/mnt/host/source/src/platform/ec/build/zephyr/kinmen/modules/ec/common/memory_commands.c.obj
[karis:ro] [37/424] Building C object zephyr/CMakeFiles/zephyr.dir/subsys/mem_mgmt/mem_attr.c.obj
[karis:ro] [38/424] Building C object zephyr/CMakeFiles/zephyr.dir/subsys/pm/pm.c.obj
[karis:rw] [285/424] Building C object CMakeFiles/app.dir/mnt/host/source/src/platform/ec/build/zephyr/karis/modules/ec/common/battery_fuel_gauge.c.obj
[karis:ro] [39/424] Building C object zephyr/CMakeFiles/zephyr.dir/subsys/pm/state.c.obj
[karis:ro] [40/424] Building C object zephyr/CMakeFiles/zephyr.dir/subsys/pm/policy/policy_events.c.obj
[karis:rw] [286/424] Building C object CMakeFiles/app.dir/mnt/host/source/src/platform/ec/build/zephyr/karis/modules/ec/driver/battery/smart.c.obj
[karis:ro] [41/424] Building C object zephyr/CMakeFiles/zephyr.dir/subsys/pm/policy/policy_latency.c.obj
[karis:rw] [287/424] Building C object CMakeFiles/app.dir/mnt/host/source/src/platform/ec/build/zephyr/karis/modules/ec/driver/charger/isl9241.c.obj
[karis:ro] [42/424] Building C object zephyr/CMakeFiles/zephyr.dir/subsys/pm/policy/policy_state_lock.c.obj
[karis:rw] [288/424] Building C object CMakeFiles/app.dir/mnt/host/source/src/platform/ec/build/zephyr/karis/modules/ec/common/charger.c.obj
[pujjocento:ro] [65/399] Building C object CMakeFiles/app.dir/mnt/host/source/src/platform/ec/build/zephyr/pujjocento/modules/ec/common/queue.c.obj
[karis:rw] [289/424] Building C object CMakeFiles/app.dir/mnt/host/source/src/platform/ec/build/zephyr/karis/modules/ec/common/charge_state.c.obj
[karis:rw] [290/424] Building C object CMakeFiles/app.dir/mnt/host/source/src/platform/ec/build/zephyr/karis/modules/ec/common/charge_manager.c.obj
[karis:ro] [43/424] Building C object zephyr/CMakeFiles/zephyr.dir/subsys/pm/device.c.obj
[karis:rw] [291/424] Building C object CMakeFiles/app.dir/mnt/host/source/src/platform/ec/build/zephyr/karis/modules/ec/common/cbi_common.c.obj
[karis:ro] [44/424] Building C object zephyr/CMakeFiles/zephyr.dir/subsys/pm/device_system_managed.c.obj
[karis:rw] [292/424] Building C object CMakeFiles/app.dir/mnt/host/source/src/platform/ec/build/zephyr/karis/modules/ec/common/cbi.c.obj
[kinmen:rw] [94/383] Building C object CMakeFiles/app.dir/mnt/host/source/src/platform/ec/build/zephyr/kinmen/modules/ec/common/uart_hostcmd.c.obj
[karis:ro] [45/424] Building C object zephyr/CMakeFiles/zephyr.dir/subsys/testsuite/coverage/coverage.c.obj
[karis:rw] [293/424] Building C object CMakeFiles/app.dir/mnt/host/source/src/platform/ec/build/zephyr/karis/modules/ec/common/cbi_config.c.obj
[karis:ro] [46/424] Building C object zephyr/CMakeFiles/zephyr.dir/subsys/tracing/tracing_none.c.obj
[karis:ro] [47/424] Building C object zephyr/CMakeFiles/zephyr.dir/subsys/shell/modules/kernel_service/kernel_shell.c.obj
[karis:rw] [294/424] Building C object CMakeFiles/app.dir/mnt/host/source/src/platform/ec/build/zephyr/karis/modules/ec/common/memory_commands.c.obj
[karis:ro] [48/424] Building C object zephyr/CMakeFiles/zephyr.dir/subsys/shell/modules/kernel_service/cycles.c.obj
[pujjocento:rw] [51/399] Building C object CMakeFiles/app.dir/mnt/host/source/src/platform/ec/zephyr/subsys/pd_controller/pdc_host_cmd.c.obj
[kinmen:ro] [85/383] Building C object CMakeFiles/app.dir/mnt/host/source/src/platform/ec/build/zephyr/kinmen/modules/ec/common/dptf.c.obj
[karis:ro] [49/424] Building C object zephyr/CMakeFiles/zephyr.dir/subsys/shell/modules/kernel_service/sleep.c.obj
[karis:rw] [295/424] Building C object CMakeFiles/app.dir/mnt/host/source/src/platform/ec/build/zephyr/karis/modules/ec/common/dptf.c.obj
[karis:ro] [50/424] Building C object zephyr/CMakeFiles/zephyr.dir/subsys/shell/modules/kernel_service/uptime.c.obj
[karis:ro] [51/424] Building C object zephyr/CMakeFiles/zephyr.dir/subsys/shell/modules/kernel_service/version.c.obj
[karis:rw] [296/424] Building C object CMakeFiles/app.dir/mnt/host/source/src/platform/ec/build/zephyr/karis/modules/ec/common/ap_reset_log.c.obj
[kinmen:rw] [95/383] Building C object CMakeFiles/app.dir/mnt/host/source/src/platform/ec/build/zephyr/kinmen/modules/ec/common/host_event_commands.c.obj
[karis:rw] [297/424] Building C object CMakeFiles/app.dir/mnt/host/source/src/platform/ec/build/zephyr/karis/modules/ec/common/espi.c.obj
[craaskov:ro] [80/409] Building C object zephyr/arch/arch/arm/core/cortex_m/CMakeFiles/arch__arm__core__cortex_m.dir/fpu.c.obj
[karis:ro] [52/424] Building C object zephyr/CMakeFiles/zephyr.dir/subsys/shell/modules/kernel_service/thread/thread.c.obj
[karis:rw] [298/424] Building C object CMakeFiles/app.dir/mnt/host/source/src/platform/ec/build/zephyr/karis/modules/ec/common/extpower_common.c.obj
[karis:ro] [53/424] Building C object zephyr/CMakeFiles/zephyr.dir/subsys/shell/modules/kernel_service/thread/list.c.obj
[karis:rw] [299/424] Building C object CMakeFiles/app.dir/mnt/host/source/src/platform/ec/build/zephyr/karis/modules/ec/common/extpower_gpio.c.obj
[karis:ro] [54/424] Building C object zephyr/CMakeFiles/zephyr.dir/subsys/shell/modules/kernel_service/thread/stacks.c.obj
[karis:ro] [55/424] Building C object zephyr/CMakeFiles/zephyr.dir/subsys/shell/modules/kernel_service/thread/suspend.c.obj
[karis:rw] [300/424] Building C object CMakeFiles/app.dir/mnt/host/source/src/platform/ec/build/zephyr/karis/modules/ec/common/fan.c.obj
[kinmen:rw] [96/383] Building C object CMakeFiles/app.dir/mnt/host/source/src/platform/ec/build/zephyr/kinmen/modules/ec/common/uptime.c.obj
[karis:ro] [56/424] Building C object zephyr/CMakeFiles/zephyr.dir/subsys/shell/modules/kernel_service/thread/resume.c.obj
[karis:ro] [57/424] Building C object zephyr/CMakeFiles/zephyr.dir/subsys/shell/modules/kernel_service/thread/kill.c.obj
[karis:rw] [301/424] Building C object CMakeFiles/app.dir/mnt/host/source/src/platform/ec/build/zephyr/karis/modules/ec/common/flash.c.obj
[karis:ro] [58/424] Building C object zephyr/CMakeFiles/zephyr.dir/subsys/shell/backends/shell_uart.c.obj
[karis:ro] [59/424] Building C object zephyr/CMakeFiles/zephyr.dir/subsys/shell/shell.c.obj
[karis:rw] [302/424] Building C object CMakeFiles/app.dir/mnt/host/source/src/platform/ec/build/zephyr/karis/modules/ec/common/host_command.c.obj
[karis:ro] [60/424] Building C object zephyr/CMakeFiles/zephyr.dir/subsys/shell/shell_fprintf.c.obj
[karis:ro] [61/424] Building C object zephyr/CMakeFiles/zephyr.dir/subsys/shell/shell_utils.c.obj
[karis:rw] [303/424] Building C object CMakeFiles/app.dir/mnt/host/source/src/platform/ec/build/zephyr/karis/modules/ec/common/host_command_task.c.obj
[karis:ro] [62/424] Building C object zephyr/CMakeFiles/zephyr.dir/subsys/shell/shell_ops.c.obj
[karis:ro] [63/424] Building C object zephyr/CMakeFiles/zephyr.dir/subsys/shell/shell_history.c.obj
[karis:rw] [304/424] Building C object CMakeFiles/app.dir/mnt/host/source/src/platform/ec/build/zephyr/karis/modules/ec/common/host_event_commands.c.obj
[karis:ro] [64/424] Building C object zephyr/CMakeFiles/zephyr.dir/drivers/flash/flash_util.c.obj
[karis:rw] [305/424] Building C object CMakeFiles/app.dir/mnt/host/source/src/platform/ec/build/zephyr/karis/modules/ec/common/uart_hostcmd.c.obj
[karis:rw] [306/424] Building C object CMakeFiles/app.dir/mnt/host/source/src/platform/ec/build/zephyr/karis/modules/ec/common/uptime.c.obj
[karis:rw] [307/424] Building C object CMakeFiles/app.dir/mnt/host/source/src/platform/ec/build/zephyr/karis/modules/ec/common/i2c_controller.c.obj
[craaskov:ro] [81/409] Building ASM object zephyr/arch/arch/arm/core/cortex_m/CMakeFiles/arch__arm__core__cortex_m.dir/reset.S.obj
[karis:rw] [308/424] Building C object CMakeFiles/app.dir/mnt/host/source/src/platform/ec/build/zephyr/karis/modules/ec/common/i2c_passthru.c.obj
[craaskov:ro] [82/409] Building C object zephyr/arch/arch/arm/core/cortex_m/CMakeFiles/arch__arm__core__cortex_m.dir/scb.c.obj
[karis:rw] [309/424] Building C object CMakeFiles/app.dir/mnt/host/source/src/platform/ec/build/zephyr/karis/modules/ec/common/keyboard_scan.c.obj
[karis:rw] [310/424] Building C object CMakeFiles/app.dir/mnt/host/source/src/platform/ec/build/zephyr/karis/modules/ec/common/keyboard_8042.c.obj
[karis:rw] [311/424] Building C object CMakeFiles/app.dir/mnt/host/source/src/platform/ec/build/zephyr/karis/modules/ec/common/keyboard_8042_sharedlib.c.obj
[karis:ro] [65/424] Linking C static library zephyr/libzephyr.a
[karis:rw] [312/424] Building C object CMakeFiles/app.dir/mnt/host/source/src/platform/ec/build/zephyr/karis/modules/ec/common/mkbp_fifo.c.obj
[pujjocento:ro] [66/399] Building C object CMakeFiles/app.dir/mnt/host/source/src/platform/ec/build/zephyr/pujjocento/modules/ec/common/system_boot_time.c.obj
[karis:ro] [66/424] Building C object zephyr/arch/common/CMakeFiles/arch__common.dir/sw_isr_common.c.obj
[karis:rw] [313/424] Building C object CMakeFiles/app.dir/mnt/host/source/src/platform/ec/build/zephyr/karis/modules/ec/common/mkbp_info.c.obj
[karis:ro] [67/424] Building C object zephyr/arch/common/CMakeFiles/arch__common.dir/init.c.obj
[karis:rw] [314/424] Building C object CMakeFiles/app.dir/mnt/host/source/src/platform/ec/build/zephyr/karis/modules/ec/common/mkbp_input_devices.c.obj
[kinmen:ro] [86/383] Building C object CMakeFiles/app.dir/mnt/host/source/src/platform/ec/build/zephyr/kinmen/modules/ec/common/ap_reset_log.c.obj
[karis:ro] [68/424] Building C object zephyr/arch/common/CMakeFiles/arch__common.dir/xip.c.obj
[karis:rw] [315/424] Building C object CMakeFiles/app.dir/mnt/host/source/src/platform/ec/build/zephyr/karis/modules/ec/common/keyboard_backlight.c.obj
[karis:ro] [69/424] Building C object zephyr/arch/common/CMakeFiles/isr_tables.dir/isr_tables.c.obj
[karis:rw] [316/424] Building C object CMakeFiles/app.dir/mnt/host/source/src/platform/ec/build/zephyr/karis/modules/ec/common/led_common.c.obj
[karis:rw] [317/424] Building C object CMakeFiles/app.dir/mnt/host/source/src/platform/ec/build/zephyr/karis/modules/ec/common/motion_lid.c.obj
[karis:rw] [318/424] Building C object CMakeFiles/app.dir/mnt/host/source/src/platform/ec/build/zephyr/karis/modules/ec/common/lid_angle.c.obj
[kinmen:ro] [87/383] Building C object CMakeFiles/app.dir/mnt/host/source/src/platform/ec/build/zephyr/kinmen/modules/ec/common/espi.c.obj
[karis:rw] [319/424] Building C object CMakeFiles/app.dir/mnt/host/source/src/platform/ec/build/zephyr/karis/modules/ec/common/lid_angle_keyboard_policy.c.obj
[kinmen:ro] [88/383] Building C object CMakeFiles/app.dir/mnt/host/source/src/platform/ec/build/zephyr/kinmen/modules/ec/common/extpower_common.c.obj
[karis:rw] [320/424] Building C object CMakeFiles/app.dir/mnt/host/source/src/platform/ec/build/zephyr/karis/modules/ec/common/lid_switch.c.obj
[karis:ro] [70/424] Linking C static library zephyr/arch/common/libisr_tables.a
[karis:rw] [321/424] Building C object CMakeFiles/app.dir/mnt/host/source/src/platform/ec/build/zephyr/karis/modules/ec/common/mkbp_event.c.obj
[karis:rw] [322/424] Building C object CMakeFiles/app.dir/mnt/host/source/src/platform/ec/build/zephyr/karis/modules/ec/common/motion_sense.c.obj
[karis:rw] [323/424] Building C object CMakeFiles/app.dir/mnt/host/source/src/platform/ec/build/zephyr/karis/modules/ec/common/port80.c.obj
[craaskov:ro] [83/409] Building ASM object zephyr/arch/arch/arm/core/cortex_m/CMakeFiles/arch__arm__core__cortex_m.dir/vector_table.S.obj
[karis:ro] [71/424] Linking C static library zephyr/arch/common/libarch__common.a
[karis:rw] [324/424] Building C object CMakeFiles/app.dir/mnt/host/source/src/platform/ec/build/zephyr/karis/modules/ec/common/power_button.c.obj
[karis:ro] [72/424] Building C object zephyr/arch/arch/arm/core/CMakeFiles/arch__arm__core.dir/fatal.c.obj
[karis:rw] [325/424] Building C object CMakeFiles/app.dir/mnt/host/source/src/platform/ec/build/zephyr/karis/modules/ec/power/hibernate.c.obj
[karis:ro] [73/424] Building C object zephyr/arch/arch/arm/core/CMakeFiles/arch__arm__core.dir/nmi.c.obj
[karis:rw] [326/424] Building C object CMakeFiles/app.dir/mnt/host/source/src/platform/ec/build/zephyr/karis/modules/ec/common/panic_output.c.obj
[karis:rw] [327/424] Building C object CMakeFiles/app.dir/mnt/host/source/src/platform/ec/build/zephyr/karis/modules/ec/common/shared_mem.c.obj
[karis:rw] [328/424] Building C object CMakeFiles/app.dir/mnt/host/source/src/platform/ec/build/zephyr/karis/modules/ec/common/switch.c.obj
[craaskov:ro] [84/409] Building C object zephyr/arch/arch/arm/core/cortex_m/CMakeFiles/arch__arm__core__cortex_m.dir/thread_abort.c.obj
[karis:rw] [329/424] Building C object CMakeFiles/app.dir/mnt/host/source/src/platform/ec/build/zephyr/karis/modules/ec/common/spi_flash_reg.c.obj
[kinmen:ro] [89/383] Building C object CMakeFiles/app.dir/mnt/host/source/src/platform/ec/build/zephyr/kinmen/modules/ec/common/extpower_gpio.c.obj
[karis:rw] [330/424] Building C object CMakeFiles/app.dir/mnt/host/source/src/platform/ec/build/zephyr/karis/modules/ec/common/tablet_mode.c.obj
[karis:rw] [331/424] Building C object CMakeFiles/app.dir/mnt/host/source/src/platform/ec/build/zephyr/karis/modules/ec/common/thermal.c.obj
[pujjocento:ro] [67/399] Building C object CMakeFiles/app.dir/mnt/host/source/src/platform/ec/build/zephyr/pujjocento/modules/ec/common/uart_printf.c.obj
[karis:rw] [332/424] Building C object CMakeFiles/app.dir/mnt/host/source/src/platform/ec/build/zephyr/karis/modules/ec/common/temp_sensor.c.obj
[karis:ro] [74/424] Building ASM object zephyr/arch/arch/arm/core/CMakeFiles/arch__arm__core.dir/nmi_on_reset.S.obj
[karis:rw] [333/424] Building C object CMakeFiles/app.dir/mnt/host/source/src/platform/ec/build/zephyr/karis/modules/ec/driver/temp_sensor/thermistor.c.obj
[karis:rw] [334/424] Building C object CMakeFiles/app.dir/mnt/host/source/src/platform/ec/build/zephyr/karis/modules/ec/common/timer.c.obj
[karis:rw] [335/424] Building C object CMakeFiles/app.dir/mnt/host/source/src/platform/ec/build/zephyr/karis/modules/ec/common/usb_port_power_dumb.c.obj
[karis:rw] [336/424] Building C object CMakeFiles/app.dir/mnt/host/source/src/platform/ec/build/zephyr/karis/modules/ec/common/typec_control.c.obj
[karis:rw] [337/424] Building C object CMakeFiles/app.dir/mnt/host/source/src/platform/ec/build/zephyr/karis/modules/ec/common/usb_common.c.obj
[karis:ro] [75/424] Linking C static library zephyr/arch/arch/arm/core/libarch__arm__core.a
[karis:rw] [338/424] Building C object CMakeFiles/app.dir/mnt/host/source/src/platform/ec/build/zephyr/karis/modules/ec/common/usb_pd_pdo.c.obj
[kinmen:rw] [97/383] Building C object CMakeFiles/app.dir/mnt/host/source/src/platform/ec/build/zephyr/kinmen/modules/ec/common/i2c_passthru.c.obj
[karis:rw] [339/424] Building C object CMakeFiles/app.dir/mnt/host/source/src/platform/ec/build/zephyr/karis/modules/ec/common/usbc/usbc_task.c.obj
[karis:ro] [76/424] Building C object zephyr/arch/arch/arm/core/cortex_m/CMakeFiles/arch__arm__core__cortex_m.dir/exc_exit.c.obj
[karis:rw] [340/424] Building C object CMakeFiles/app.dir/mnt/host/source/src/platform/ec/build/zephyr/karis/modules/ec/common/usbc/usb_pd_timer.c.obj
[kinmen:rw] [98/383] Building C object CMakeFiles/app.dir/mnt/host/source/src/platform/ec/build/zephyr/kinmen/modules/ec/common/i2c_controller.c.obj
[karis:ro] [77/424] Building C object zephyr/arch/arch/arm/core/cortex_m/CMakeFiles/arch__arm__core__cortex_m.dir/fault.c.obj
[craaskov:ro] [85/409] Building ASM object zephyr/arch/arch/arm/core/cortex_m/CMakeFiles/arch__arm__core__cortex_m.dir/swap_helper.S.obj
[karis:rw] [341/424] Building C object CMakeFiles/app.dir/mnt/host/source/src/platform/ec/build/zephyr/karis/modules/ec/common/usbc/usb_sm.c.obj
[karis:rw] [342/424] Building C object CMakeFiles/app.dir/mnt/host/source/src/platform/ec/build/zephyr/karis/modules/ec/common/usbc_intr_task.c.obj
[karis:rw] [343/424] Building C object CMakeFiles/app.dir/mnt/host/source/src/platform/ec/build/zephyr/karis/modules/ec/common/usbc_utils.c.obj
[karis:rw] [344/424] Building C object CMakeFiles/app.dir/mnt/host/source/src/platform/ec/build/zephyr/karis/modules/ec/common/usb_pd_flags.c.obj
[pujjocento:rw] [52/399] Building C object CMakeFiles/app.dir/mnt/host/source/src/platform/ec/zephyr/subsys/pd_controller/pdc_stub.c.obj
[karis:rw] [345/424] Building C object CMakeFiles/app.dir/mnt/host/source/src/platform/ec/build/zephyr/karis/modules/ec/common/chargen.c.obj
[kinmen:rw] [99/383] Building C object CMakeFiles/app.dir/mnt/host/source/src/platform/ec/build/zephyr/kinmen/modules/ec/common/keyboard_8042.c.obj
[karis:rw] [346/424] Building C object CMakeFiles/app.dir/mnt/host/source/src/platform/ec/build/zephyr/karis/modules/ec/common/usbc/usb_pd_console.c.obj
[karis:rw] [347/424] Building C object CMakeFiles/app.dir/mnt/host/source/src/platform/ec/build/zephyr/karis/modules/ec/driver/retimer/anx7452.c.obj
[karis:rw] [348/424] Building C object CMakeFiles/app.dir/mnt/host/source/src/platform/ec/build/zephyr/karis/modules/ec/driver/retimer/bb_retimer.c.obj
[karis:ro] [78/424] Building ASM object zephyr/arch/arch/arm/core/cortex_m/CMakeFiles/arch__arm__core__cortex_m.dir/fault_s.S.obj
[karis:rw] [349/424] Building C object CMakeFiles/app.dir/mnt/host/source/src/platform/ec/build/zephyr/karis/modules/ec/driver/retimer/kb8010.c.obj
[karis:ro] [79/424] Building C object zephyr/arch/arch/arm/core/cortex_m/CMakeFiles/arch__arm__core__cortex_m.dir/fpu.c.obj
[karis:rw] [350/424] Building C object CMakeFiles/app.dir/mnt/host/source/src/platform/ec/build/zephyr/karis/modules/ec/driver/usb_mux/usb_mux.c.obj
[karis:rw] [351/424] Building C object CMakeFiles/app.dir/mnt/host/source/src/platform/ec/build/zephyr/karis/modules/ec/driver/usb_mux/virtual.c.obj
[karis:rw] [352/424] Building C object CMakeFiles/app.dir/mnt/host/source/src/platform/ec/build/zephyr/karis/modules/ec/common/event_log.c.obj
[karis:rw] [353/424] Building C object CMakeFiles/app.dir/mnt/host/source/src/platform/ec/build/zephyr/karis/modules/ec/common/pd_log.c.obj
[karis:rw] [354/424] Building C object CMakeFiles/app.dir/mnt/host/source/src/platform/ec/build/zephyr/karis/modules/ec/common/usbc/usb_tc_drp_acc_trysrc_sm.c.obj
[karis:rw] [355/424] Building C object CMakeFiles/app.dir/mnt/host/source/src/platform/ec/build/zephyr/karis/modules/ec/common/usbc/usb_prl_sm.c.obj
[craaskov:ro] [86/409] Building C object zephyr/arch/arch/arm/core/cortex_m/CMakeFiles/arch__arm__core__cortex_m.dir/irq_manage.c.obj
[karis:rw] [356/424] Building C object CMakeFiles/app.dir/mnt/host/source/src/platform/ec/build/zephyr/karis/modules/ec/common/usbc/usb_pe_drp_sm.c.obj
[karis:rw] [357/424] Building C object CMakeFiles/app.dir/mnt/host/source/src/platform/ec/build/zephyr/karis/modules/ec/common/usbc/usb_pd_dpm.c.obj
[karis:rw] [358/424] Building C object CMakeFiles/app.dir/mnt/host/source/src/platform/ec/build/zephyr/karis/modules/ec/common/usbc/usbc_pd_policy.c.obj
[karis:rw] [359/424] Building C object CMakeFiles/app.dir/mnt/host/source/src/platform/ec/build/zephyr/karis/modules/ec/common/usbc/dp_alt_mode.c.obj
[karis:rw] [360/424] Building C object CMakeFiles/app.dir/mnt/host/source/src/platform/ec/build/zephyr/karis/modules/ec/common/usbc/usb_mode.c.obj
[pujjocento:ro] [68/399] Building C object CMakeFiles/app.dir/mnt/host/source/src/platform/ec/build/zephyr/pujjocento/modules/ec/common/system.c.obj
[karis:rw] [361/424] Building C object CMakeFiles/app.dir/mnt/host/source/src/platform/ec/build/zephyr/karis/modules/ec/common/usbc/tbt_alt_mode.c.obj
[kinmen:ro] [90/383] Building C object CMakeFiles/app.dir/mnt/host/source/src/platform/ec/build/zephyr/kinmen/modules/ec/common/host_command.c.obj
[karis:rw] [362/424] Building C object CMakeFiles/app.dir/mnt/host/source/src/platform/ec/build/zephyr/karis/modules/ec/common/usbc/usb_retimer_fw_update.c.obj
[karis:rw] [363/424] Building C object CMakeFiles/app.dir/mnt/host/source/src/platform/ec/build/zephyr/karis/modules/ec/common/usb_pd_console_cmd.c.obj
[craaskov:ro] [87/409] Building C object zephyr/arch/arch/arm/core/cortex_m/CMakeFiles/arch__arm__core__cortex_m.dir/prep_c.c.obj
[karis:rw] [364/424] Building C object CMakeFiles/app.dir/mnt/host/source/src/platform/ec/build/zephyr/karis/modules/ec/common/usb_pd_host_cmd.c.obj
[karis:rw] [365/424] Building C object CMakeFiles/app.dir/mnt/host/source/src/platform/ec/build/zephyr/karis/modules/ec/common/usbc/usb_pd_host.c.obj
[karis:rw] [366/424] Building C object CMakeFiles/app.dir/mnt/host/source/src/platform/ec/build/zephyr/karis/modules/ec/zephyr/shim/src/tcpc.c.obj
[karis:rw] [367/424] Building C object CMakeFiles/app.dir/mnt/host/source/src/platform/ec/build/zephyr/karis/modules/ec/common/usb_pd_host_cmd_common.c.obj
[karis:rw] [368/424] Building C object CMakeFiles/app.dir/mnt/host/source/src/platform/ec/build/zephyr/karis/modules/ec/common/usbc_ocp.c.obj
[karis:rw] [369/424] Building C object CMakeFiles/app.dir/mnt/host/source/src/platform/ec/build/zephyr/karis/modules/ec/common/usb_pd_discovery.c.obj
[karis:rw] [370/424] Building C object CMakeFiles/app.dir/mnt/host/source/src/platform/ec/build/zephyr/karis/modules/ec/common/usb_pd_dual_role.c.obj
[karis:rw] [371/424] Building C object CMakeFiles/app.dir/mnt/host/source/src/platform/ec/build/zephyr/karis/modules/ec/driver/tcpm/rt1715.c.obj
[kinmen:ro] [91/383] Building C object CMakeFiles/app.dir/mnt/host/source/src/platform/ec/build/zephyr/kinmen/modules/ec/common/flash.c.obj
[kinmen:ro] [92/383] Building C object CMakeFiles/app.dir/mnt/host/source/src/platform/ec/build/zephyr/kinmen/modules/ec/common/fan.c.obj
[karis:rw] [372/424] Building C object CMakeFiles/app.dir/mnt/host/source/src/platform/ec/build/zephyr/karis/modules/ec/driver/tcpm/tcpci.c.obj
[craaskov:ro] [88/409] Building C object zephyr/arch/arch/arm/core/cortex_m/CMakeFiles/arch__arm__core__cortex_m.dir/thread.c.obj
[karis:rw] [373/424] Building C object CMakeFiles/app.dir/mnt/host/source/src/platform/ec/build/zephyr/karis/modules/ec/common/usbc_ppc.c.obj
[karis:rw] [374/424] Building C object CMakeFiles/app.dir/mnt/host/source/src/platform/ec/build/zephyr/karis/modules/ec/driver/ppc/ktu1125.c.obj
[karis:rw] [375/424] Building C object CMakeFiles/app.dir/mnt/host/source/src/platform/ec/build/zephyr/karis/modules/ec/driver/ppc/nx20p348x.c.obj
[pujjocento:ro] [69/399] Building C object CMakeFiles/app.dir/mnt/host/source/src/platform/ec/build/zephyr/pujjocento/modules/ec/common/util.c.obj
[karis:rw] [376/424] Building C object CMakeFiles/app.dir/mnt/host/source/src/platform/ec/build/zephyr/karis/modules/ec/driver/ppc/syv682x.c.obj
[karis:rw] [377/424] Building C object CMakeFiles/app.dir/mnt/host/source/src/platform/ec/build/zephyr/karis/modules/ec/common/vboot_hash.c.obj
[kinmen:rw] [100/383] Building C object CMakeFiles/app.dir/mnt/host/source/src/platform/ec/build/zephyr/kinmen/modules/ec/common/keyboard_8042_sharedlib.c.obj
[karis:rw] [378/424] Building C object CMakeFiles/app.dir/mnt/host/source/src/platform/ec/build/zephyr/karis/modules/ec/common/button.c.obj
[karis:rw] [379/424] Building C object CMakeFiles/app.dir/mnt/host/source/src/platform/ec/build/zephyr/karis/modules/ec/common/vboot/efs2.c.obj
[karis:ro] [80/424] Building ASM object zephyr/arch/arch/arm/core/cortex_m/CMakeFiles/arch__arm__core__cortex_m.dir/reset.S.obj
[karis:rw] [380/424] Building C object CMakeFiles/app.dir/mnt/host/source/src/platform/ec/build/zephyr/karis/modules/ec/common/vstore.c.obj
[kinmen:ro] [93/383] Building C object CMakeFiles/app.dir/mnt/host/source/src/platform/ec/build/zephyr/kinmen/modules/ec/common/host_command_task.c.obj
[pujjocento:ro] [70/399] Building C object CMakeFiles/app.dir/mnt/host/source/src/platform/ec/build/zephyr/pujjocento/modules/ec/common/version.c.obj
[karis:rw] [381/424] Building C object CMakeFiles/app.dir/mnt/host/source/src/platform/ec/build/zephyr/karis/modules/ec/common/math_util.c.obj
[karis:ro] [81/424] Building C object zephyr/arch/arch/arm/core/cortex_m/CMakeFiles/arch__arm__core__cortex_m.dir/scb.c.obj
[karis:rw] [382/424] Building C object CMakeFiles/app.dir/src/board_power.c.obj
[karis:ro] [82/424] Building C object zephyr/arch/arch/arm/core/cortex_m/CMakeFiles/arch__arm__core__cortex_m.dir/thread_abort.c.obj
[karis:rw] [383/424] Building C object CMakeFiles/app.dir/src/battery_present.c.obj
[karis:rw] [384/424] Building C object CMakeFiles/app.dir/src/usb_pd_policy.c.obj
[karis:rw] [385/424] Building C object CMakeFiles/app.dir/karis/src/charger.c.obj
[karis:rw] [386/424] Building C object CMakeFiles/app.dir/karis/src/usb_mux_config.c.obj
[kinmen:rw] [101/383] Building C object CMakeFiles/app.dir/mnt/host/source/src/platform/ec/build/zephyr/kinmen/modules/ec/common/mkbp_fifo.c.obj
[karis:rw] [387/424] Building C object CMakeFiles/app.dir/karis/src/keyboard.c.obj
[craaskov:ro] [89/409] Building C object zephyr/arch/arch/arm/core/cortex_m/CMakeFiles/arch__arm__core__cortex_m.dir/cpu_idle.c.obj
[kinmen:rw] [102/383] Building C object CMakeFiles/app.dir/mnt/host/source/src/platform/ec/build/zephyr/kinmen/modules/ec/common/mkbp_info.c.obj
[karis:rw] [388/424] Building C object CMakeFiles/app.dir/karis/src/i2c_policy.c.obj
[karis:rw] [389/424] Building C object CMakeFiles/app.dir/karis/src/touch_panel.c.obj
[karis:rw] [390/424] Building C object CMakeFiles/app.dir/karis/src/usbc_config.c.obj
[craaskov:ro] [90/409] Building C object zephyr/arch/arch/arm/core/cortex_m/CMakeFiles/arch__arm__core__cortex_m.dir/irq_init.c.obj
[pujjocento:rw] [53/399] Building C object CMakeFiles/app.dir/mnt/host/source/src/platform/ec/zephyr/subsys/pd_controller/pdc_dpm.c.obj
[karis:ro] [83/424] Building ASM object zephyr/arch/arch/arm/core/cortex_m/CMakeFiles/arch__arm__core__cortex_m.dir/vector_table.S.obj
[karis:rw] [391/424] Linking C static library app/libapp.a
[karis:rw] [392/424] Building C object zephyr/kernel/CMakeFiles/kernel.dir/main_weak.c.obj
[karis:rw] [393/424] Building C object zephyr/kernel/CMakeFiles/kernel.dir/banner.c.obj
[karis:rw] [394/424] Building C object zephyr/kernel/CMakeFiles/kernel.dir/busy_wait.c.obj
[karis:rw] [395/424] Building C object zephyr/kernel/CMakeFiles/kernel.dir/device.c.obj
[karis:rw] [396/424] Building C object zephyr/kernel/CMakeFiles/kernel.dir/errno.c.obj
[karis:rw] [397/424] Building C object zephyr/kernel/CMakeFiles/kernel.dir/fatal.c.obj
[karis:rw] [398/424] Building C object zephyr/kernel/CMakeFiles/kernel.dir/init.c.obj
[kinmen:ro] [94/383] Building C object CMakeFiles/app.dir/mnt/host/source/src/platform/ec/build/zephyr/kinmen/modules/ec/common/uart_hostcmd.c.obj
[craaskov:ro] [91/409] Building C object zephyr/arch/arch/arm/core/cortex_m/CMakeFiles/arch__arm__core__cortex_m.dir/isr_wrapper.c.obj
[karis:rw] [399/424] Building C object zephyr/kernel/CMakeFiles/kernel.dir/kheap.c.obj
[karis:rw] [400/424] Building C object zephyr/kernel/CMakeFiles/kernel.dir/mem_slab.c.obj
[kinmen:ro] [95/383] Building C object CMakeFiles/app.dir/mnt/host/source/src/platform/ec/build/zephyr/kinmen/modules/ec/common/host_event_commands.c.obj
[karis:rw] [401/424] Building C object zephyr/kernel/CMakeFiles/kernel.dir/float.c.obj
[karis:rw] [402/424] Building C object zephyr/kernel/CMakeFiles/kernel.dir/version.c.obj
[karis:rw] [403/424] Building C object zephyr/kernel/CMakeFiles/kernel.dir/idle.c.obj
[karis:rw] [404/424] Building C object zephyr/kernel/CMakeFiles/kernel.dir/mailbox.c.obj
[kinmen:ro] [96/383] Building C object CMakeFiles/app.dir/mnt/host/source/src/platform/ec/build/zephyr/kinmen/modules/ec/common/uptime.c.obj
[karis:rw] [405/424] Building C object zephyr/kernel/CMakeFiles/kernel.dir/msg_q.c.obj
[craaskov:ro] [92/409] Linking C static library zephyr/arch/arch/arm/core/cortex_m/libarch__arm__core__cortex_m.a
[karis:rw] [406/424] Building C object zephyr/kernel/CMakeFiles/kernel.dir/mutex.c.obj
[karis:rw] [407/424] Building C object zephyr/kernel/CMakeFiles/kernel.dir/queue.c.obj
[karis:rw] [408/424] Building C object zephyr/kernel/CMakeFiles/kernel.dir/sem.c.obj
[karis:rw] [409/424] Building C object zephyr/kernel/CMakeFiles/kernel.dir/stack.c.obj
[karis:rw] [410/424] Building C object zephyr/kernel/CMakeFiles/kernel.dir/system_work_q.c.obj
[karis:rw] [411/424] Building C object zephyr/kernel/CMakeFiles/kernel.dir/work.c.obj
[karis:rw] [412/424] Building C object zephyr/kernel/CMakeFiles/kernel.dir/condvar.c.obj
[karis:rw] [413/424] Building C object zephyr/kernel/CMakeFiles/kernel.dir/thread.c.obj
[karis:rw] [414/424] Building C object zephyr/kernel/CMakeFiles/kernel.dir/sched.c.obj
[karis:rw] [415/424] Building C object zephyr/kernel/CMakeFiles/kernel.dir/pipe.c.obj
[kinmen:rw] [103/383] Building C object CMakeFiles/app.dir/mnt/host/source/src/platform/ec/build/zephyr/kinmen/modules/ec/common/mkbp_input_devices.c.obj
[karis:rw] [416/424] Building C object zephyr/kernel/CMakeFiles/kernel.dir/spinlock_validate.c.obj
[karis:rw] [417/424] Building C object zephyr/kernel/CMakeFiles/kernel.dir/thread_monitor.c.obj
[pujjocento:ro] [71/399] Building C object CMakeFiles/app.dir/mnt/host/source/src/platform/ec/build/zephyr/pujjocento/modules/ec/common/power_button_x86.c.obj
[craaskov:ro] [93/409] Building C object zephyr/arch/arch/arm/core/mpu/CMakeFiles/arch__arm__core__mpu.dir/arm_core_mpu.c.obj
[karis:ro] [84/424] Building ASM object zephyr/arch/arch/arm/core/cortex_m/CMakeFiles/arch__arm__core__cortex_m.dir/swap_helper.S.obj
[karis:rw] [418/424] Building C object zephyr/kernel/CMakeFiles/kernel.dir/timeout.c.obj
[karis:rw] [419/424] Building C object zephyr/kernel/CMakeFiles/kernel.dir/timer.c.obj
[karis:ro] [85/424] Building C object zephyr/arch/arch/arm/core/cortex_m/CMakeFiles/arch__arm__core__cortex_m.dir/irq_manage.c.obj
[karis:rw] [420/424] Building C object zephyr/kernel/CMakeFiles/kernel.dir/poll.c.obj
[karis:rw] [421/424] Building C object zephyr/kernel/CMakeFiles/kernel.dir/events.c.obj
[craaskov:ro] [94/409] Generating ../../../include/generated/libc/minimal/strerror_table.h
[karis:ro] [86/424] Building C object zephyr/arch/arch/arm/core/cortex_m/CMakeFiles/arch__arm__core__cortex_m.dir/prep_c.c.obj
[craaskov:ro] [95/409] Building C object zephyr/arch/arch/arm/core/mpu/CMakeFiles/arch__arm__core__mpu.dir/arm_mpu.c.obj
[kinmen:rw] [104/383] Building C object CMakeFiles/app.dir/mnt/host/source/src/platform/ec/build/zephyr/kinmen/modules/ec/common/keyboard_backlight.c.obj
[karis:rw] [422/424] Building C object zephyr/kernel/CMakeFiles/kernel.dir/mempool.c.obj
[karis:ro] [87/424] Building C object zephyr/arch/arch/arm/core/cortex_m/CMakeFiles/arch__arm__core__cortex_m.dir/thread.c.obj
[kinmen:rw] [105/383] Building C object CMakeFiles/app.dir/mnt/host/source/src/platform/ec/build/zephyr/kinmen/modules/ec/common/led_common.c.obj
[karis:ro] [88/424] Building C object zephyr/arch/arch/arm/core/cortex_m/CMakeFiles/arch__arm__core__cortex_m.dir/cpu_idle.c.obj
[karis:rw] [423/424] Building C object zephyr/kernel/CMakeFiles/kernel.dir/dynamic_disabled.c.obj
[karis:ro] [89/424] Building C object zephyr/arch/arch/arm/core/cortex_m/CMakeFiles/arch__arm__core__cortex_m.dir/irq_init.c.obj
[karis:ro] [90/424] Building C object zephyr/arch/arch/arm/core/cortex_m/CMakeFiles/arch__arm__core__cortex_m.dir/isr_wrapper.c.obj
[kinmen:ro] [97/383] Building C object CMakeFiles/app.dir/mnt/host/source/src/platform/ec/build/zephyr/kinmen/modules/ec/common/i2c_controller.c.obj
[pujjocento:ro] [72/399] Building C object CMakeFiles/app.dir/mnt/host/source/src/platform/ec/build/zephyr/pujjocento/modules/ec/common/adc.c.obj
[craaskov:ro] [96/409] Building C object zephyr/lib/libc/minimal/CMakeFiles/lib__libc__minimal.dir/source/stdlib/strtol.c.obj
[karis:ro] [91/424] Linking C static library zephyr/arch/arch/arm/core/cortex_m/libarch__arm__core__cortex_m.a
[craaskov:ro] [97/409] Building C object zephyr/lib/libc/minimal/CMakeFiles/lib__libc__minimal.dir/source/stdlib/atoi.c.obj
[karis:ro] [92/424] Building C object zephyr/arch/arch/arm/core/mpu/CMakeFiles/arch__arm__core__mpu.dir/arm_core_mpu.c.obj
[karis:rw] [424/424] Linking C static library zephyr/kernel/libkernel.a
[pujjocento:ro] [73/399] Building C object CMakeFiles/app.dir/mnt/host/source/src/platform/ec/build/zephyr/pujjocento/modules/ec/common/acpi.c.obj
[karis:ro] [93/424] Building C object zephyr/arch/arch/arm/core/mpu/CMakeFiles/arch__arm__core__mpu.dir/arm_mpu.c.obj
[karis:ro] [94/424] Building C object zephyr/arch/arch/arm/core/mpu/CMakeFiles/arch__arm__core__mpu.dir/arm_mpu_regions.c.obj
[craaskov:ro] [98/409] Building C object zephyr/arch/arch/arm/core/mpu/CMakeFiles/arch__arm__core__mpu.dir/arm_mpu_regions.c.obj
[craaskov:ro] [99/409] Building C object zephyr/lib/libc/minimal/CMakeFiles/lib__libc__minimal.dir/source/stdlib/strtoul.c.obj
[karis:ro] [95/424] Linking C static library zephyr/arch/arch/arm/core/mpu/libarch__arm__core__mpu.a
[kinmen:ro] [98/383] Building C object CMakeFiles/app.dir/mnt/host/source/src/platform/ec/build/zephyr/kinmen/modules/ec/common/i2c_passthru.c.obj
[craaskov:ro] [100/409] Building C object zephyr/lib/libc/minimal/CMakeFiles/lib__libc__minimal.dir/source/stdlib/strtoll.c.obj
[craaskov:ro] [101/409] Linking C static library zephyr/arch/arch/arm/core/mpu/libarch__arm__core__mpu.a
[karis:ro] [96/424] Generating ../../../include/generated/libc/minimal/strerror_table.h
[karis:ro] [97/424] Building C object zephyr/lib/libc/minimal/CMakeFiles/lib__libc__minimal.dir/source/stdlib/atoi.c.obj
[karis:ro] [98/424] Building C object zephyr/lib/libc/minimal/CMakeFiles/lib__libc__minimal.dir/source/stdlib/strtol.c.obj
[karis:ro] [99/424] Building C object zephyr/lib/libc/minimal/CMakeFiles/lib__libc__minimal.dir/source/stdlib/strtoul.c.obj
[karis:ro] [100/424] Building C object zephyr/lib/libc/minimal/CMakeFiles/lib__libc__minimal.dir/source/stdlib/strtoll.c.obj
[karis:ro] [101/424] Building C object zephyr/lib/libc/minimal/CMakeFiles/lib__libc__minimal.dir/source/stdlib/strtoull.c.obj
[karis:ro] [102/424] Building C object zephyr/lib/libc/minimal/CMakeFiles/lib__libc__minimal.dir/source/stdlib/bsearch.c.obj
[craaskov:ro] [102/409] Building C object zephyr/lib/libc/minimal/CMakeFiles/lib__libc__minimal.dir/source/stdlib/strtoull.c.obj
[karis:ro] [103/424] Building C object zephyr/lib/libc/minimal/CMakeFiles/lib__libc__minimal.dir/source/stdlib/exit.c.obj
[karis:ro] [104/424] Building C object zephyr/lib/libc/minimal/CMakeFiles/lib__libc__minimal.dir/source/stdlib/qsort.c.obj
[karis:ro] [105/424] Building C object zephyr/lib/libc/minimal/CMakeFiles/lib__libc__minimal.dir/source/string/strerror.c.obj
[karis:ro] [106/424] Building C object zephyr/lib/libc/minimal/CMakeFiles/lib__libc__minimal.dir/source/string/strncasecmp.c.obj
[karis:ro] [107/424] Building C object zephyr/lib/libc/minimal/CMakeFiles/lib__libc__minimal.dir/source/string/strstr.c.obj
[karis:ro] [108/424] Building C object zephyr/lib/libc/minimal/CMakeFiles/lib__libc__minimal.dir/source/string/string.c.obj
[craaskov:ro] [103/409] Building C object zephyr/lib/libc/minimal/CMakeFiles/lib__libc__minimal.dir/source/stdlib/bsearch.c.obj
[karis:ro] [109/424] Building C object zephyr/lib/libc/minimal/CMakeFiles/lib__libc__minimal.dir/source/string/strspn.c.obj
[kinmen:ro] [99/383] Building C object CMakeFiles/app.dir/mnt/host/source/src/platform/ec/build/zephyr/kinmen/modules/ec/common/keyboard_8042_sharedlib.c.obj
[karis:ro] [110/424] Building C object zephyr/lib/libc/minimal/CMakeFiles/lib__libc__minimal.dir/source/stdout/stdout_console.c.obj
[karis:ro] [111/424] Building C object zephyr/lib/libc/minimal/CMakeFiles/lib__libc__minimal.dir/source/stdout/sprintf.c.obj
[kinmen:ro] [100/383] Building C object CMakeFiles/app.dir/mnt/host/source/src/platform/ec/build/zephyr/kinmen/modules/ec/common/keyboard_8042.c.obj
[karis:ro] [112/424] Building C object zephyr/lib/libc/minimal/CMakeFiles/lib__libc__minimal.dir/source/stdout/fprintf.c.obj
[karis:ro] [113/424] Building C object zephyr/lib/libc/minimal/CMakeFiles/lib__libc__minimal.dir/source/math/sqrtf.c.obj
[karis:ro] [114/424] Building C object zephyr/lib/libc/minimal/CMakeFiles/lib__libc__minimal.dir/source/math/sqrt.c.obj
[karis:ro] [115/424] Building C object zephyr/lib/libc/minimal/CMakeFiles/lib__libc__minimal.dir/source/time/gmtime.c.obj
[kinmen:rw] [106/383] Building C object CMakeFiles/app.dir/mnt/host/source/src/platform/ec/build/zephyr/kinmen/modules/ec/common/lid_switch.c.obj
[craaskov:ro] [104/409] Building C object zephyr/lib/libc/minimal/CMakeFiles/lib__libc__minimal.dir/source/stdlib/qsort.c.obj
[pujjocento:rw] [54/399] Building C object CMakeFiles/app.dir/mnt/host/source/src/platform/ec/zephyr/subsys/ucsi/ppm_common.c.obj
[pujjocento:ro] [74/399] Building C object CMakeFiles/app.dir/mnt/host/source/src/platform/ec/build/zephyr/pujjocento/modules/ec/common/backlight_lid.c.obj
[karis:ro] [116/424] Linking C static library zephyr/lib/libc/minimal/liblib__libc__minimal.a
[craaskov:ro] [105/409] Building C object zephyr/lib/libc/minimal/CMakeFiles/lib__libc__minimal.dir/source/string/strncasecmp.c.obj
[craaskov:ro] [106/409] Building C object zephyr/lib/libc/minimal/CMakeFiles/lib__libc__minimal.dir/source/string/strerror.c.obj
[karis:ro] [117/424] Building C object zephyr/lib/libc/common/CMakeFiles/lib__libc__common.dir/source/stdlib/abort.c.obj
[karis:ro] [118/424] Building C object zephyr/lib/libc/common/CMakeFiles/lib__libc__common.dir/source/time/asctime.c.obj
[karis:ro] [119/424] Building C object zephyr/lib/libc/common/CMakeFiles/lib__libc__common.dir/source/time/gmtime_r.c.obj
[karis:ro] [120/424] Building C object zephyr/lib/libc/common/CMakeFiles/lib__libc__common.dir/source/time/localtime_r_utc.c.obj
[karis:ro] [121/424] Building C object zephyr/lib/libc/common/CMakeFiles/lib__libc__common.dir/source/time/ctime.c.obj
[karis:ro] [122/424] Building C object zephyr/lib/libc/common/CMakeFiles/lib__libc__common.dir/source/time/time.c.obj
[karis:ro] [123/424] Building C object zephyr/lib/libc/common/CMakeFiles/lib__libc__common.dir/source/stdlib/malloc.c.obj
[craaskov:ro] [107/409] Building C object zephyr/lib/libc/minimal/CMakeFiles/lib__libc__minimal.dir/source/string/strstr.c.obj
[karis:ro] [124/424] Building C object zephyr/lib/libc/common/CMakeFiles/lib__libc__common.dir/source/string/strnlen.c.obj
[kinmen:rw] [107/383] Building C object CMakeFiles/app.dir/mnt/host/source/src/platform/ec/build/zephyr/kinmen/modules/ec/common/port80.c.obj
[kinmen:rw] [108/383] Building C object CMakeFiles/app.dir/mnt/host/source/src/platform/ec/build/zephyr/kinmen/modules/ec/common/mkbp_event.c.obj
[craaskov:ro] [108/409] Building C object zephyr/lib/libc/minimal/CMakeFiles/lib__libc__minimal.dir/source/string/string.c.obj
[karis:ro] [125/424] Linking C static library zephyr/lib/libc/common/liblib__libc__common.a
[kinmen:ro] [101/383] Building C object CMakeFiles/app.dir/mnt/host/source/src/platform/ec/build/zephyr/kinmen/modules/ec/common/mkbp_info.c.obj
[karis:ro] [126/424] Building C object zephyr/lib/posix/c_lib_ext/CMakeFiles/lib__posix__c_lib_ext.dir/fnmatch.c.obj
[kinmen:ro] [102/383] Building C object CMakeFiles/app.dir/mnt/host/source/src/platform/ec/build/zephyr/kinmen/modules/ec/common/mkbp_fifo.c.obj
[karis:ro] [127/424] Building C object zephyr/lib/posix/c_lib_ext/CMakeFiles/lib__posix__c_lib_ext.dir/getentropy.c.obj
[karis:ro] [128/424] Building C object zephyr/lib/posix/c_lib_ext/CMakeFiles/lib__posix__c_lib_ext.dir/getopt_shim.c.obj
[craaskov:ro] [109/409] Building C object zephyr/lib/libc/minimal/CMakeFiles/lib__libc__minimal.dir/source/string/strspn.c.obj
[craaskov:ro] [110/409] Building C object zephyr/lib/libc/minimal/CMakeFiles/lib__libc__minimal.dir/source/stdlib/exit.c.obj
[kinmen:ro] [103/383] Building C object CMakeFiles/app.dir/mnt/host/source/src/platform/ec/build/zephyr/kinmen/modules/ec/common/mkbp_input_devices.c.obj
[karis:ro] [129/424] Linking C static library zephyr/lib/posix/c_lib_ext/liblib__posix__c_lib_ext.a
[karis:ro] [130/424] Building C object zephyr/subsys/crc/CMakeFiles/subsys__crc.dir/crc4_sw.c.obj
[karis:ro] [131/424] Building C object zephyr/subsys/crc/CMakeFiles/subsys__crc.dir/crc8_sw.c.obj
[karis:ro] [132/424] Building C object zephyr/subsys/crc/CMakeFiles/subsys__crc.dir/crc16_sw.c.obj
[karis:ro] [133/424] Building C object zephyr/subsys/crc/CMakeFiles/subsys__crc.dir/crc7_sw.c.obj
[pujjocento:ro] [75/399] Building C object CMakeFiles/app.dir/mnt/host/source/src/platform/ec/build/zephyr/pujjocento/modules/ec/common/battery_info.c.obj
[karis:ro] [134/424] Building C object zephyr/subsys/crc/CMakeFiles/subsys__crc.dir/crc24_sw.c.obj
[karis:ro] [135/424] Building C object zephyr/subsys/crc/CMakeFiles/subsys__crc.dir/crc32c_sw.c.obj
[karis:ro] [136/424] Building C object zephyr/subsys/crc/CMakeFiles/subsys__crc.dir/crc32_sw.c.obj
[karis:ro] [137/424] Building C object zephyr/subsys/crc/CMakeFiles/subsys__crc.dir/crc32k_4_2_sw.c.obj
[kinmen:ro] [104/383] Building C object CMakeFiles/app.dir/mnt/host/source/src/platform/ec/build/zephyr/kinmen/modules/ec/common/keyboard_backlight.c.obj
[karis:ro] [138/424] Linking C static library zephyr/subsys/crc/libsubsys__crc.a
[karis:ro] [139/424] Building C object zephyr/drivers/interrupt_controller/CMakeFiles/drivers__interrupt_controller.dir/intc_miwu.c.obj
[kinmen:ro] [105/383] Building C object CMakeFiles/app.dir/mnt/host/source/src/platform/ec/build/zephyr/kinmen/modules/ec/common/led_common.c.obj
[karis:ro] [140/424] Linking C static library zephyr/drivers/interrupt_controller/libdrivers__interrupt_controller.a
[karis:ro] [141/424] Building C object zephyr/drivers/adc/CMakeFiles/drivers__adc.dir/adc_common.c.obj
[karis:ro] [142/424] Building C object zephyr/drivers/adc/CMakeFiles/drivers__adc.dir/adc_npcx.c.obj
[craaskov:ro] [111/409] Building C object zephyr/lib/libc/minimal/CMakeFiles/lib__libc__minimal.dir/source/stdout/sprintf.c.obj
[karis:ro] [143/424] Linking C static library zephyr/drivers/adc/libdrivers__adc.a
[karis:ro] [144/424] Building C object zephyr/drivers/bbram/CMakeFiles/drivers__bbram.dir/bbram_npcx.c.obj
[kinmen:rw] [109/383] Building C object CMakeFiles/app.dir/mnt/host/source/src/platform/ec/build/zephyr/kinmen/modules/ec/common/power_button.c.obj
[karis:ro] [145/424] Linking C static library zephyr/drivers/bbram/libdrivers__bbram.a
[craaskov:ro] [112/409] Building C object zephyr/lib/libc/minimal/CMakeFiles/lib__libc__minimal.dir/source/stdout/stdout_console.c.obj
[karis:ro] [146/424] Building C object zephyr/drivers/clock_control/CMakeFiles/drivers__clock_control.dir/clock_control_npcx.c.obj
[craaskov:ro] [113/409] Building C object zephyr/lib/libc/minimal/CMakeFiles/lib__libc__minimal.dir/source/stdout/fprintf.c.obj
[kinmen:rw] [110/383] Building C object CMakeFiles/app.dir/mnt/host/source/src/platform/ec/build/zephyr/kinmen/modules/ec/power/hibernate.c.obj
[karis:ro] [147/424] Linking C static library zephyr/drivers/clock_control/libdrivers__clock_control.a
[karis:ro] [148/424] Building C object zephyr/drivers/console/CMakeFiles/drivers__console.dir/uart_console.c.obj
[kinmen:rw] [111/383] Building C object CMakeFiles/app.dir/mnt/host/source/src/platform/ec/build/zephyr/kinmen/modules/ec/common/panic_output.c.obj
[craaskov:ro] [114/409] Building C object zephyr/lib/libc/minimal/CMakeFiles/lib__libc__minimal.dir/source/math/sqrtf.c.obj
[kinmen:ro] [106/383] Building C object CMakeFiles/app.dir/mnt/host/source/src/platform/ec/build/zephyr/kinmen/modules/ec/common/mkbp_event.c.obj
[pujjocento:ro] [76/399] Building C object CMakeFiles/app.dir/mnt/host/source/src/platform/ec/build/zephyr/pujjocento/modules/ec/common/battery.c.obj
[karis:ro] [149/424] Linking C static library zephyr/drivers/console/libdrivers__console.a
[karis:ro] [150/424] Building C object zephyr/drivers/crypto/CMakeFiles/drivers__crypto.dir/crypto_npcx_sha.c.obj
[kinmen:ro] [107/383] Building C object CMakeFiles/app.dir/mnt/host/source/src/platform/ec/build/zephyr/kinmen/modules/ec/common/port80.c.obj
[craaskov:ro] [115/409] Building C object zephyr/lib/libc/minimal/CMakeFiles/lib__libc__minimal.dir/source/math/sqrt.c.obj
[kinmen:ro] [108/383] Building C object CMakeFiles/app.dir/mnt/host/source/src/platform/ec/build/zephyr/kinmen/modules/ec/common/lid_switch.c.obj
[karis:ro] [151/424] Linking C static library zephyr/drivers/crypto/libdrivers__crypto.a
[karis:ro] [152/424] Building C object zephyr/drivers/eeprom/CMakeFiles/drivers__eeprom.dir/eeprom_shell.c.obj
[pujjocento:ro] [77/399] Building C object CMakeFiles/app.dir/mnt/host/source/src/platform/ec/build/zephyr/pujjocento/modules/ec/common/battery_fuel_gauge.c.obj
[karis:ro] [153/424] Building C object zephyr/drivers/eeprom/CMakeFiles/drivers__eeprom.dir/eeprom_at2x.c.obj
[karis:ro] [154/424] Linking C static library zephyr/drivers/eeprom/libdrivers__eeprom.a
[karis:ro] [155/424] Building C object zephyr/drivers/espi/CMakeFiles/drivers__espi.dir/espi_npcx.c.obj
[craaskov:ro] [116/409] Building C object zephyr/lib/libc/common/CMakeFiles/lib__libc__common.dir/source/time/asctime.c.obj
[karis:ro] [156/424] Building C object zephyr/drivers/espi/CMakeFiles/drivers__espi.dir/host_subs_npcx.c.obj
[kinmen:ro] [109/383] Building C object CMakeFiles/app.dir/mnt/host/source/src/platform/ec/build/zephyr/kinmen/modules/ec/power/hibernate.c.obj
[karis:ro] [157/424] Linking C static library zephyr/drivers/espi/libdrivers__espi.a
[karis:ro] [158/424] Building C object zephyr/drivers/flash/CMakeFiles/drivers__flash.dir/jesd216.c.obj
[karis:ro] [159/424] Building C object zephyr/drivers/flash/CMakeFiles/drivers__flash.dir/flash_npcx_fiu_nor.c.obj
[karis:ro] [160/424] Building C object zephyr/drivers/flash/CMakeFiles/drivers__flash.dir/flash_npcx_fiu_qspi.c.obj
[craaskov:ro] [117/409] Building C object zephyr/lib/libc/minimal/CMakeFiles/lib__libc__minimal.dir/source/time/gmtime.c.obj
[craaskov:ro] [118/409] Building C object zephyr/lib/libc/common/CMakeFiles/lib__libc__common.dir/source/time/gmtime_r.c.obj
[karis:ro] [161/424] Linking C static library zephyr/drivers/flash/libdrivers__flash.a
[karis:ro] [162/424] Building C object zephyr/drivers/gpio/CMakeFiles/drivers__gpio.dir/gpio_npcx.c.obj
[craaskov:ro] [119/409] Building C object zephyr/lib/libc/common/CMakeFiles/lib__libc__common.dir/source/stdlib/abort.c.obj
[craaskov:ro] [120/409] Linking C static library zephyr/lib/libc/minimal/liblib__libc__minimal.a
[pujjocento:ro] [78/399] Building C object CMakeFiles/app.dir/mnt/host/source/src/platform/ec/build/zephyr/pujjocento/modules/ec/driver/battery/smart.c.obj
[pujjocento:rw] [55/399] Building C object CMakeFiles/app.dir/mnt/host/source/src/platform/ec/zephyr/subsys/ucsi/ppm_console.c.obj
[kinmen:ro] [110/383] Building C object CMakeFiles/app.dir/mnt/host/source/src/platform/ec/build/zephyr/kinmen/modules/ec/common/power_button.c.obj
[kinmen:rw] [112/383] Building C object CMakeFiles/app.dir/mnt/host/source/src/platform/ec/build/zephyr/kinmen/modules/ec/common/shared_mem.c.obj
[karis:ro] [163/424] Linking C static library zephyr/drivers/gpio/libdrivers__gpio.a
[karis:ro] [164/424] Building C object zephyr/drivers/i2c/CMakeFiles/drivers__i2c.dir/i2c_common.c.obj
[karis:ro] [165/424] Building C object zephyr/drivers/i2c/CMakeFiles/drivers__i2c.dir/i2c_shell.c.obj
[kinmen:rw] [113/383] Building C object CMakeFiles/app.dir/mnt/host/source/src/platform/ec/build/zephyr/kinmen/modules/ec/common/switch.c.obj
[karis:ro] [166/424] Building C object zephyr/drivers/i2c/CMakeFiles/drivers__i2c.dir/i2c_npcx_controller.c.obj
[karis:ro] [167/424] Building C object zephyr/drivers/i2c/CMakeFiles/drivers__i2c.dir/i2c_npcx_controller_fifo.c.obj
[karis:ro] [168/424] Building C object zephyr/drivers/i2c/CMakeFiles/drivers__i2c.dir/i2c_npcx_port.c.obj
[craaskov:ro] [121/409] Building C object zephyr/lib/libc/common/CMakeFiles/lib__libc__common.dir/source/time/localtime_r_utc.c.obj
[kinmen:ro] [111/383] Building C object CMakeFiles/app.dir/mnt/host/source/src/platform/ec/build/zephyr/kinmen/modules/ec/common/panic_output.c.obj
[karis:ro] [169/424] Linking C static library zephyr/drivers/i2c/libdrivers__i2c.a
[kinmen:ro] [112/383] Building C object CMakeFiles/app.dir/mnt/host/source/src/platform/ec/build/zephyr/kinmen/modules/ec/common/switch.c.obj
[craaskov:ro] [122/409] Building C object zephyr/lib/libc/common/CMakeFiles/lib__libc__common.dir/source/time/time.c.obj
[karis:ro] [170/424] Building C object zephyr/drivers/pinctrl/CMakeFiles/drivers__pinctrl.dir/common.c.obj
[craaskov:ro] [123/409] Building C object zephyr/lib/libc/common/CMakeFiles/lib__libc__common.dir/source/time/ctime.c.obj
[karis:ro] [171/424] Building C object zephyr/drivers/pinctrl/CMakeFiles/drivers__pinctrl.dir/pinctrl_npcx.c.obj
[kinmen:ro] [113/383] Building C object CMakeFiles/app.dir/mnt/host/source/src/platform/ec/build/zephyr/kinmen/modules/ec/common/shared_mem.c.obj
[kinmen:rw] [114/383] Building C object CMakeFiles/app.dir/mnt/host/source/src/platform/ec/build/zephyr/kinmen/modules/ec/common/thermal.c.obj
[karis:ro] [172/424] Linking C static library zephyr/drivers/pinctrl/libdrivers__pinctrl.a
[craaskov:ro] [124/409] Building C object zephyr/lib/libc/common/CMakeFiles/lib__libc__common.dir/source/string/strnlen.c.obj
[karis:ro] [173/424] Building C object zephyr/drivers/pwm/CMakeFiles/drivers__pwm.dir/pwm_shell.c.obj
[karis:ro] [174/424] Building C object zephyr/drivers/pwm/CMakeFiles/drivers__pwm.dir/pwm_npcx.c.obj
[craaskov:ro] [125/409] Building C object zephyr/lib/posix/c_lib_ext/CMakeFiles/lib__posix__c_lib_ext.dir/fnmatch.c.obj
[karis:ro] [175/424] Linking C static library zephyr/drivers/pwm/libdrivers__pwm.a
[karis:ro] [176/424] Building C object zephyr/drivers/sensor/CMakeFiles/drivers__sensor.dir/mnt/host/source/src/third_party/zephyr/main/misc/empty_file.c.obj
[pujjocento:ro] [79/399] Building C object CMakeFiles/app.dir/mnt/host/source/src/platform/ec/build/zephyr/pujjocento/modules/ec/driver/charger/bq25710.c.obj
[karis:ro] [177/424] Linking C static library zephyr/drivers/sensor/libdrivers__sensor.a
[karis:ro] [178/424] Building C object zephyr/drivers/sensor/nuvoton/nuvoton_tach_npcx/CMakeFiles/drivers__sensor__nuvoton__nuvoton_tach_npcx.dir/tach_nuvoton_npcx.c.obj
[karis:ro] [179/424] Linking C static library zephyr/drivers/sensor/nuvoton/nuvoton_tach_npcx/libdrivers__sensor__nuvoton__nuvoton_tach_npcx.a
[karis:ro] [180/424] Building C object zephyr/drivers/serial/CMakeFiles/drivers__serial.dir/uart_npcx.c.obj
[karis:ro] [181/424] Linking C static library zephyr/drivers/serial/libdrivers__serial.a
[karis:ro] [182/424] Building C object zephyr/drivers/syscon/CMakeFiles/drivers__syscon.dir/syscon.c.obj
[karis:ro] [183/424] Linking C static library zephyr/drivers/syscon/libdrivers__syscon.a
[kinmen:ro] [114/383] Building C object CMakeFiles/app.dir/mnt/host/source/src/platform/ec/build/zephyr/kinmen/modules/ec/common/thermal.c.obj
[craaskov:ro] [126/409] Building C object zephyr/lib/libc/common/CMakeFiles/lib__libc__common.dir/source/stdlib/malloc.c.obj
[karis:ro] [184/424] Building C object zephyr/drivers/timer/CMakeFiles/drivers__timer.dir/sys_clock_init.c.obj
[kinmen:rw] [115/383] Building C object CMakeFiles/app.dir/mnt/host/source/src/platform/ec/build/zephyr/kinmen/modules/ec/common/temp_sensor.c.obj
[kinmen:ro] [115/383] Building C object CMakeFiles/app.dir/mnt/host/source/src/platform/ec/build/zephyr/kinmen/modules/ec/common/temp_sensor.c.obj
[karis:ro] [185/424] Building C object zephyr/drivers/timer/CMakeFiles/drivers__timer.dir/npcx_itim_timer.c.obj
[kinmen:rw] [116/383] Building C object CMakeFiles/app.dir/mnt/host/source/src/platform/ec/build/zephyr/kinmen/modules/ec/driver/temp_sensor/thermistor.c.obj
[craaskov:ro] [127/409] Linking C static library zephyr/lib/libc/common/liblib__libc__common.a
[karis:ro] [186/424] Linking C static library zephyr/drivers/timer/libdrivers__timer.a
[kinmen:ro] [116/383] Building C object CMakeFiles/app.dir/mnt/host/source/src/platform/ec/build/zephyr/kinmen/modules/ec/common/timer.c.obj
[karis:ro] [187/424] Building C object zephyr/drivers/watchdog/CMakeFiles/drivers__watchdog.dir/wdt_npcx.c.obj
[karis:ro] [188/424] Building C object zephyr/drivers/watchdog/CMakeFiles/drivers__watchdog.dir/wdt_shell.c.obj
[kinmen:ro] [117/383] Building C object CMakeFiles/app.dir/mnt/host/source/src/platform/ec/build/zephyr/kinmen/modules/ec/driver/temp_sensor/thermistor.c.obj
[craaskov:ro] [128/409] Building C object zephyr/lib/posix/c_lib_ext/CMakeFiles/lib__posix__c_lib_ext.dir/getentropy.c.obj
[craaskov:ro] [129/409] Building C object zephyr/subsys/crc/CMakeFiles/subsys__crc.dir/crc4_sw.c.obj
[karis:ro] [189/424] Linking C static library zephyr/drivers/watchdog/libdrivers__watchdog.a
[karis:ro] [190/424] Building C object modules/ec/zephyr/CMakeFiles/ec_shim.dir/app/ec/ec_app_main.c.obj
[karis:ro] [191/424] Building C object modules/ec/zephyr/CMakeFiles/ec_shim.dir/app/ec/main_shim.c.obj
[kinmen:rw] [117/383] Building C object CMakeFiles/app.dir/mnt/host/source/src/platform/ec/build/zephyr/kinmen/modules/ec/common/timer.c.obj
[craaskov:ro] [130/409] Building C object zephyr/lib/posix/c_lib_ext/CMakeFiles/lib__posix__c_lib_ext.dir/getopt_shim.c.obj
[karis:ro] [192/424] Building C object modules/ec/zephyr/CMakeFiles/ec_shim.dir/drivers/cros_flash/cros_flash_npcx.c.obj
[karis:ro] [193/424] Building C object modules/ec/zephyr/CMakeFiles/ec_shim.dir/drivers/cros_kb_raw/cros_kb_raw_npcx.c.obj
[karis:ro] [194/424] Building C object modules/ec/zephyr/CMakeFiles/ec_shim.dir/drivers/cros_kblight/pwm_kblight.c.obj
[karis:ro] [195/424] Building C object modules/ec/zephyr/CMakeFiles/ec_shim.dir/drivers/cros_system/cros_system_npcx.c.obj
[karis:ro] [196/424] Building C object modules/ec/zephyr/CMakeFiles/ec_shim.dir/drivers/vivaldi_kbd/vivaldi_kbd.c.obj
[karis:ro] [197/424] Building C object modules/ec/zephyr/CMakeFiles/ec_shim.dir/shim/chip/npcx/clock.c.obj
[craaskov:ro] [131/409] Building C object zephyr/subsys/crc/CMakeFiles/subsys__crc.dir/crc8_sw.c.obj
[craaskov:ro] [132/409] Building C object zephyr/subsys/crc/CMakeFiles/subsys__crc.dir/crc16_sw.c.obj
[karis:ro] [198/424] Building C object modules/ec/zephyr/CMakeFiles/ec_shim.dir/shim/chip/npcx/gpio.c.obj
[craaskov:ro] [133/409] Linking C static library zephyr/lib/posix/c_lib_ext/liblib__posix__c_lib_ext.a
[pujjocento:ro] [80/399] Building C object CMakeFiles/app.dir/mnt/host/source/src/platform/ec/build/zephyr/pujjocento/modules/ec/common/charger.c.obj
[karis:ro] [199/424] Building C object modules/ec/zephyr/CMakeFiles/ec_shim.dir/shim/chip/npcx/rom_chip.c.obj
[karis:ro] [200/424] Building C object modules/ec/zephyr/CMakeFiles/ec_shim.dir/shim/chip/npcx/keyboard_raw.c.obj
[kinmen:ro] [118/383] Building C object CMakeFiles/app.dir/mnt/host/source/src/platform/ec/build/zephyr/kinmen/modules/ec/common/usb_port_power_dumb.c.obj
[karis:ro] [201/424] Building C object modules/ec/zephyr/CMakeFiles/ec_shim.dir/shim/chip/npcx/system.c.obj
[karis:ro] [202/424] Building C object modules/ec/zephyr/CMakeFiles/ec_shim.dir/shim/chip/npcx/system_external_storage.c.obj
[craaskov:ro] [134/409] Building C object zephyr/subsys/crc/CMakeFiles/subsys__crc.dir/crc7_sw.c.obj
[karis:ro] [203/424] Building C object modules/ec/zephyr/CMakeFiles/ec_shim.dir/shim/chip/npcx/power_policy.c.obj
[craaskov:ro] [135/409] Building C object zephyr/subsys/crc/CMakeFiles/subsys__crc.dir/crc24_sw.c.obj
[karis:ro] [204/424] Building C object modules/ec/zephyr/CMakeFiles/ec_shim.dir/shim/core/cortex-m/mpu.c.obj
[karis:ro] [205/424] Building C object modules/ec/zephyr/CMakeFiles/ec_shim.dir/shim/core/cortex-m/panic.c.obj
[craaskov:ro] [136/409] Building C object zephyr/subsys/crc/CMakeFiles/subsys__crc.dir/crc32c_sw.c.obj
[karis:ro] [206/424] Building C object modules/ec/zephyr/CMakeFiles/ec_shim.dir/shim/src/console.c.obj
[karis:ro] [207/424] Building C object modules/ec/zephyr/CMakeFiles/ec_shim.dir/shim/src/crc.c.obj
[karis:ro] [208/424] Building C object modules/ec/zephyr/CMakeFiles/ec_shim.dir/shim/src/gpio.c.obj
[pujjocento:rw] [56/399] Building C object CMakeFiles/app.dir/mnt/host/source/src/platform/ec/zephyr/subsys/ucsi/ppm_driver.c.obj
[karis:ro] [209/424] Building C object modules/ec/zephyr/CMakeFiles/ec_shim.dir/shim/src/gpio_int.c.obj
[karis:ro] [210/424] Building C object modules/ec/zephyr/CMakeFiles/ec_shim.dir/shim/src/panic_utils.c.obj
[craaskov:ro] [137/409] Building C object zephyr/subsys/crc/CMakeFiles/subsys__crc.dir/crc32k_4_2_sw.c.obj
[karis:ro] [211/424] Building C object modules/ec/zephyr/CMakeFiles/ec_shim.dir/shim/src/pm_state.c.obj
[karis:ro] [212/424] Building C object modules/ec/zephyr/CMakeFiles/ec_shim.dir/shim/src/cbi/cros_cbi.c.obj
[craaskov:ro] [138/409] Building C object zephyr/subsys/crc/CMakeFiles/subsys__crc.dir/crc32_sw.c.obj
[karis:ro] [213/424] Building C object modules/ec/zephyr/CMakeFiles/ec_shim.dir/shim/src/cbi/cros_cbi_fw_config.c.obj
[karis:ro] [214/424] Building C object modules/ec/zephyr/CMakeFiles/ec_shim.dir/shim/src/cbi/cbi_eeprom.c.obj
[karis:ro] [215/424] Building C object modules/ec/zephyr/CMakeFiles/ec_shim.dir/shim/src/cbi/cbi_flash.c.obj
[karis:ro] [216/424] Building C object modules/ec/zephyr/CMakeFiles/ec_shim.dir/shim/src/led_driver/led.c.obj
[karis:ro] [217/424] Building C object modules/ec/zephyr/CMakeFiles/ec_shim.dir/shim/src/led_driver/led_gpio.c.obj
[karis:ro] [218/424] Building C object modules/ec/zephyr/CMakeFiles/ec_shim.dir/shim/src/system.c.obj
[craaskov:ro] [139/409] Linking C static library zephyr/subsys/crc/libsubsys__crc.a
[kinmen:ro] [119/383] Building C object CMakeFiles/app.dir/mnt/host/source/src/platform/ec/build/zephyr/kinmen/modules/ec/common/usbc_utils.c.obj
[karis:ro] [219/424] Building ASM object modules/ec/zephyr/CMakeFiles/ec_shim.dir/shim/src/libgcc_arm.S.obj
[karis:ro] [220/424] Building C object modules/ec/zephyr/CMakeFiles/ec_shim.dir/shim/src/anx7452_usb_mux.c.obj
[karis:ro] [221/424] Building C object modules/ec/zephyr/CMakeFiles/ec_shim.dir/shim/src/adc.c.obj
[karis:ro] [222/424] Building C object modules/ec/zephyr/CMakeFiles/ec_shim.dir/shim/src/battery.c.obj
[karis:ro] [223/424] Building C object modules/ec/zephyr/CMakeFiles/ec_shim.dir/shim/src/charger.c.obj
[karis:ro] [224/424] Building C object modules/ec/zephyr/CMakeFiles/ec_shim.dir/shim/src/chipset_api.c.obj
[karis:ro] [225/424] Building C object modules/ec/zephyr/CMakeFiles/ec_shim.dir/shim/src/espi.c.obj
[karis:ro] [226/424] Building C object modules/ec/zephyr/CMakeFiles/ec_shim.dir/shim/src/fan.c.obj
[karis:ro] [227/424] Building C object modules/ec/zephyr/CMakeFiles/ec_shim.dir/shim/src/flash.c.obj
[karis:ro] [228/424] Building C object modules/ec/zephyr/CMakeFiles/ec_shim.dir/shim/src/hooks.c.obj
[karis:ro] [229/424] Building C object modules/ec/zephyr/CMakeFiles/ec_shim.dir/shim/src/host_command.c.obj
[kinmen:rw] [118/383] Building C object CMakeFiles/app.dir/mnt/host/source/src/platform/ec/build/zephyr/kinmen/modules/ec/common/usbc_utils.c.obj
[karis:ro] [230/424] Building C object modules/ec/zephyr/CMakeFiles/ec_shim.dir/shim/src/console_buffer.c.obj
[karis:ro] [231/424] Building C object modules/ec/zephyr/CMakeFiles/ec_shim.dir/shim/src/kb8010_usb_mux.c.obj
[karis:ro] [232/424] Building C object modules/ec/zephyr/CMakeFiles/ec_shim.dir/shim/src/keyboard_raw.c.obj
[karis:ro] [233/424] Building C object modules/ec/zephyr/CMakeFiles/ec_shim.dir/shim/src/mkbp_event.c.obj
[kinmen:rw] [119/383] Building C object CMakeFiles/app.dir/mnt/host/source/src/platform/ec/build/zephyr/kinmen/modules/ec/common/usb_port_power_dumb.c.obj
[karis:ro] [234/424] Building C object modules/ec/zephyr/CMakeFiles/ec_shim.dir/shim/src/motionsense_sensors.c.obj
[karis:ro] [235/424] Building C object modules/ec/zephyr/CMakeFiles/ec_shim.dir/shim/src/panic.c.obj
[kinmen:ro] [120/383] Building C object CMakeFiles/app.dir/mnt/host/source/src/platform/ec/build/zephyr/kinmen/modules/ec/common/vboot_hash.c.obj
[karis:ro] [236/424] Building C object modules/ec/zephyr/CMakeFiles/ec_shim.dir/shim/src/pwm_hc.c.obj
[karis:ro] [237/424] Building C object modules/ec/zephyr/CMakeFiles/ec_shim.dir/shim/src/temp_sensors.c.obj
[kinmen:ro] [121/383] Building C object CMakeFiles/app.dir/mnt/host/source/src/platform/ec/build/zephyr/kinmen/modules/ec/common/usb_common.c.obj
[karis:ro] [238/424] Building C object modules/ec/zephyr/CMakeFiles/ec_shim.dir/shim/src/thermal.c.obj
[kinmen:ro] [122/383] Building C object CMakeFiles/app.dir/mnt/host/source/src/platform/ec/build/zephyr/kinmen/modules/ec/common/usb_pd_host_cmd_common.c.obj
[karis:ro] [239/424] Building C object modules/ec/zephyr/CMakeFiles/ec_shim.dir/shim/src/hwtimer.c.obj
[pujjocento:ro] [81/399] Building C object CMakeFiles/app.dir/mnt/host/source/src/platform/ec/build/zephyr/pujjocento/modules/ec/common/cbi_common.c.obj
[karis:ro] [240/424] Building C object modules/ec/zephyr/CMakeFiles/ec_shim.dir/shim/src/i2c.c.obj
[karis:ro] [241/424] Building C object modules/ec/zephyr/CMakeFiles/ec_shim.dir/shim/src/tasks.c.obj
[pujjocento:ro] [82/399] Building C object CMakeFiles/app.dir/mnt/host/source/src/platform/ec/build/zephyr/pujjocento/modules/ec/common/charge_manager.c.obj
[kinmen:rw] [120/383] Building C object CMakeFiles/app.dir/mnt/host/source/src/platform/ec/build/zephyr/kinmen/modules/ec/common/usb_common.c.obj
[karis:ro] [242/424] Building C object modules/ec/zephyr/CMakeFiles/ec_shim.dir/shim/src/watchdog.c.obj
[karis:ro] [243/424] Building C object modules/ec/zephyr/CMakeFiles/ec_shim.dir/shim/src/ppc.c.obj
[kinmen:ro] [123/383] Building C object CMakeFiles/app.dir/mnt/host/source/src/platform/ec/build/zephyr/kinmen/modules/ec/common/button.c.obj
[craaskov:ro] [140/409] Building C object zephyr/drivers/interrupt_controller/CMakeFiles/drivers__interrupt_controller.dir/intc_miwu.c.obj
[karis:ro] [244/424] Building C object modules/ec/zephyr/CMakeFiles/ec_shim.dir/shim/src/usba.c.obj
[karis:ro] [245/424] Building C object modules/ec/zephyr/CMakeFiles/ec_shim.dir/shim/src/power_host_sleep_api.c.obj
[karis:ro] [246/424] Building C object modules/ec/zephyr/CMakeFiles/ec_shim.dir/shim/src/usb_muxes.c.obj
[pujjocento:ro] [83/399] Building C object CMakeFiles/app.dir/mnt/host/source/src/platform/ec/build/zephyr/pujjocento/modules/ec/common/charge_state.c.obj
[karis:ro] [247/424] Building C object modules/ec/zephyr/CMakeFiles/ec_shim.dir/shim/src/bb_retimer_usb_mux.c.obj
[karis:ro] [248/424] Building C object modules/ec/zephyr/CMakeFiles/ec_shim.dir/shim/src/sha256_hw.c.obj
[craaskov:ro] [141/409] Building C object zephyr/drivers/adc/CMakeFiles/drivers__adc.dir/adc_common.c.obj
[craaskov:ro] [142/409] Linking C static library zephyr/drivers/interrupt_controller/libdrivers__interrupt_controller.a
[pujjocento:rw] [57/399] Building C object CMakeFiles/app.dir/mnt/host/source/src/platform/ec/zephyr/subsys/ucsi/ucsi_host_cmd.c.obj
[karis:ro] [249/424] Linking C static library modules/ec/zephyr/libec_shim.a
[kinmen:ro] [124/383] Building C object CMakeFiles/app.dir/mnt/host/source/src/platform/ec/build/zephyr/kinmen/modules/ec/common/vboot/efs2.c.obj
[karis:ro] [250/424] cd /mnt/host/source/src/platform/ec/build/zephyr/karis/build-ro/modules/ec/zephyr && PYTHONPATH=/mnt/host/source/src/platform/ec/build/zephyr/karis/modules/ec/zephyr/zmake/ /usr/bin/python3.11 /mnt/host/source/src/platform/ec/build/zephyr/karis/modules/ec/zephyr/zmake/zephyr_build_tools/generate_ec_version.py /mnt/host/source/src/platform/ec/build/zephyr/karis/build-ro/modules/ec/zephyr/include/ec_version.h --name Zephyr-Kernel --version 16543.0.0 --static
[karis:ro] INFO:root:Using a static version string
[karis:ro] INFO:root:Version string: Zephyr-Kernel-16543.0.0
[karis:ro] INFO:root:Writing header to /mnt/host/source/src/platform/ec/build/zephyr/karis/build-ro/modules/ec/zephyr/include/ec_version.h
[karis:ro] [251/424] Building C object CMakeFiles/app.dir/mnt/host/source/src/platform/ec/zephyr/subsys/ap_pwrseq/ap_events.c.obj
[karis:ro] [252/424] Building C object CMakeFiles/app.dir/mnt/host/source/src/platform/ec/zephyr/subsys/ap_pwrseq/ap_power_interface.c.obj
[karis:ro] [253/424] Building C object CMakeFiles/app.dir/mnt/host/source/src/platform/ec/zephyr/subsys/ap_pwrseq/power_signals.c.obj
[karis:ro] [254/424] Building C object CMakeFiles/app.dir/mnt/host/source/src/platform/ec/zephyr/subsys/ap_pwrseq/signal_gpio.c.obj
[craaskov:ro] [143/409] Building C object zephyr/drivers/adc/CMakeFiles/drivers__adc.dir/adc_npcx.c.obj
[karis:ro] [255/424] Building C object CMakeFiles/app.dir/mnt/host/source/src/platform/ec/zephyr/subsys/ap_pwrseq/signal_vw.c.obj
[karis:ro] [256/424] Building C object CMakeFiles/app.dir/mnt/host/source/src/platform/ec/zephyr/subsys/ap_pwrseq/power_host_sleep.c.obj
[karis:ro] [257/424] Building C object CMakeFiles/app.dir/mnt/host/source/src/platform/ec/zephyr/subsys/ap_pwrseq/x86_non_dsx_common_pwrseq_sm_handler.c.obj
[karis:ro] [258/424] Building C object CMakeFiles/app.dir/mnt/host/source/src/platform/ec/zephyr/subsys/ap_pwrseq/x86_non_dsx_chipset_power_state.c.obj
[karis:ro] [259/424] Building C object CMakeFiles/app.dir/mnt/host/source/src/platform/ec/zephyr/subsys/ap_pwrseq/x86_non_dsx_common_pwrseq_host_sleep.c.obj
[karis:ro] [260/424] Building C object CMakeFiles/app.dir/mnt/host/source/src/platform/ec/zephyr/subsys/ap_pwrseq/x86_non_dsx_common_pwrseq_console.c.obj
[craaskov:ro] [144/409] Linking C static library zephyr/drivers/adc/libdrivers__adc.a
[karis:ro] [261/424] Building C object CMakeFiles/app.dir/mnt/host/source/src/platform/ec/zephyr/subsys/ap_pwrseq/x86_non_dsx_common_pwrseq_host_command.c.obj
[karis:ro] [262/424] Building C object CMakeFiles/app.dir/mnt/host/source/src/platform/ec/zephyr/subsys/ap_pwrseq/x86_non_dsx_mtl_pwrseq_sm.c.obj
[kinmen:rw] [121/383] Building C object CMakeFiles/app.dir/mnt/host/source/src/platform/ec/build/zephyr/kinmen/modules/ec/common/vboot_hash.c.obj
[kinmen:rw] [122/383] Building C object CMakeFiles/app.dir/mnt/host/source/src/platform/ec/build/zephyr/kinmen/modules/ec/common/usb_pd_host_cmd_common.c.obj
[karis:ro] [263/424] Building C object CMakeFiles/app.dir/mnt/host/source/src/platform/ec/zephyr/subsys/ap_pwrseq/ap_reset_log.c.obj
[karis:ro] [264/424] Building C object CMakeFiles/app.dir/mnt/host/source/src/platform/ec/build/zephyr/karis/modules/ec/builtin/stdlib.c.obj
[karis:ro] [265/424] Building C object CMakeFiles/app.dir/mnt/host/source/src/platform/ec/build/zephyr/karis/modules/ec/common/base32.c.obj
[karis:ro] [266/424] Building C object CMakeFiles/app.dir/mnt/host/source/src/platform/ec/build/zephyr/karis/modules/ec/common/console_output.c.obj
[karis:ro] [267/424] Building C object CMakeFiles/app.dir/mnt/host/source/src/platform/ec/build/zephyr/karis/modules/ec/common/ec_features.c.obj
[kinmen:ro] [125/383] Building C object CMakeFiles/app.dir/mnt/host/source/src/platform/ec/build/zephyr/kinmen/modules/ec/common/math_util.c.obj
[kinmen:ro] [126/383] Building C object CMakeFiles/app.dir/mnt/host/source/src/platform/ec/build/zephyr/kinmen/modules/ec/common/vstore.c.obj
[karis:ro] [268/424] Building C object CMakeFiles/app.dir/mnt/host/source/src/platform/ec/build/zephyr/karis/modules/ec/common/gpio_commands.c.obj
[kinmen:ro] [127/383] Building C object CMakeFiles/app.dir/kinmen/src/board_power.c.obj
[karis:ro] [269/424] Building C object CMakeFiles/app.dir/mnt/host/source/src/platform/ec/build/zephyr/karis/modules/ec/common/peripheral.c.obj
[karis:ro] [270/424] Building C object CMakeFiles/app.dir/mnt/host/source/src/platform/ec/build/zephyr/karis/modules/ec/common/printf.c.obj
[karis:ro] [271/424] Building C object CMakeFiles/app.dir/mnt/host/source/src/platform/ec/build/zephyr/karis/modules/ec/common/queue.c.obj
[craaskov:ro] [145/409] Building C object zephyr/drivers/bbram/CMakeFiles/drivers__bbram.dir/bbram_npcx.c.obj
[kinmen:rw] [123/383] Building C object CMakeFiles/app.dir/mnt/host/source/src/platform/ec/build/zephyr/kinmen/modules/ec/common/button.c.obj
[karis:ro] [272/424] Building C object CMakeFiles/app.dir/mnt/host/source/src/platform/ec/build/zephyr/karis/modules/ec/common/system.c.obj
[karis:ro] [273/424] Building C object CMakeFiles/app.dir/mnt/host/source/src/platform/ec/build/zephyr/karis/modules/ec/common/system_boot_time.c.obj
[pujjocento:ro] [84/399] Building C object CMakeFiles/app.dir/mnt/host/source/src/platform/ec/build/zephyr/pujjocento/modules/ec/common/cbi_config.c.obj
[karis:ro] [274/424] Building C object CMakeFiles/app.dir/mnt/host/source/src/platform/ec/build/zephyr/karis/modules/ec/common/uart_printf.c.obj
[karis:ro] [275/424] Building C object CMakeFiles/app.dir/mnt/host/source/src/platform/ec/build/zephyr/karis/modules/ec/common/util.c.obj
[karis:ro] [276/424] Building C object CMakeFiles/app.dir/mnt/host/source/src/platform/ec/build/zephyr/karis/modules/ec/common/version.c.obj
[karis:ro] [277/424] Building C object CMakeFiles/app.dir/mnt/host/source/src/platform/ec/build/zephyr/karis/modules/ec/common/power_button_x86.c.obj
[kinmen:ro] [128/383] Building C object CMakeFiles/app.dir/kinmen/src/suspend_resume.c.obj
[craaskov:ro] [146/409] Building C object zephyr/drivers/clock_control/CMakeFiles/drivers__clock_control.dir/clock_control_npcx.c.obj
[karis:ro] [278/424] Building C object CMakeFiles/app.dir/mnt/host/source/src/platform/ec/build/zephyr/karis/modules/ec/driver/accel_bma4xx.c.obj
[craaskov:ro] [147/409] Linking C static library zephyr/drivers/bbram/libdrivers__bbram.a
[karis:ro] [279/424] Building C object CMakeFiles/app.dir/mnt/host/source/src/platform/ec/build/zephyr/karis/modules/ec/common/motion_sense_fifo.c.obj
[karis:ro] [280/424] Building C object CMakeFiles/app.dir/mnt/host/source/src/platform/ec/build/zephyr/karis/modules/ec/common/adc.c.obj
[craaskov:ro] [148/409] Linking C static library zephyr/drivers/clock_control/libdrivers__clock_control.a
[karis:ro] [281/424] Building C object CMakeFiles/app.dir/mnt/host/source/src/platform/ec/build/zephyr/karis/modules/ec/common/acpi.c.obj
[karis:ro] [282/424] Building C object CMakeFiles/app.dir/mnt/host/source/src/platform/ec/build/zephyr/karis/modules/ec/common/backlight_lid.c.obj
[pujjocento:rw] [58/399] Building C object CMakeFiles/app.dir/mnt/host/source/src/platform/ec/build/zephyr/pujjocento/modules/ec/builtin/stdlib.c.obj
[karis:ro] [283/424] Building C object CMakeFiles/app.dir/mnt/host/source/src/platform/ec/build/zephyr/karis/modules/ec/common/battery.c.obj
[kinmen:ro] [129/383] Building C object zephyr/CMakeFiles/zephyr.dir/lib/cpp/abi/cpp_dtors.c.obj
[karis:ro] [284/424] Building C object CMakeFiles/app.dir/mnt/host/source/src/platform/ec/build/zephyr/karis/modules/ec/common/battery_info.c.obj
[karis:ro] [285/424] Building C object CMakeFiles/app.dir/mnt/host/source/src/platform/ec/build/zephyr/karis/modules/ec/common/battery_fuel_gauge.c.obj
[kinmen:ro] [130/383] Building C object CMakeFiles/app.dir/kinmen/src/thermal.c.obj
[karis:ro] [286/424] Building C object CMakeFiles/app.dir/mnt/host/source/src/platform/ec/build/zephyr/karis/modules/ec/driver/battery/smart.c.obj
[karis:ro] [287/424] Building C object CMakeFiles/app.dir/mnt/host/source/src/platform/ec/build/zephyr/karis/modules/ec/driver/charger/isl9241.c.obj
[karis:ro] [288/424] Building C object CMakeFiles/app.dir/mnt/host/source/src/platform/ec/build/zephyr/karis/modules/ec/common/charger.c.obj
[karis:ro] [289/424] Building C object CMakeFiles/app.dir/mnt/host/source/src/platform/ec/build/zephyr/karis/modules/ec/common/charge_state.c.obj
[karis:ro] [290/424] Building C object CMakeFiles/app.dir/mnt/host/source/src/platform/ec/build/zephyr/karis/modules/ec/common/charge_manager.c.obj
[karis:ro] [291/424] Building C object CMakeFiles/app.dir/mnt/host/source/src/platform/ec/build/zephyr/karis/modules/ec/common/cbi_common.c.obj
[karis:ro] [292/424] Building C object CMakeFiles/app.dir/mnt/host/source/src/platform/ec/build/zephyr/karis/modules/ec/common/cbi.c.obj
[karis:ro] [293/424] Building C object CMakeFiles/app.dir/mnt/host/source/src/platform/ec/build/zephyr/karis/modules/ec/common/cbi_config.c.obj
[craaskov:ro] [149/409] Building C object zephyr/drivers/console/CMakeFiles/drivers__console.dir/uart_console.c.obj
[karis:ro] [294/424] Building C object CMakeFiles/app.dir/mnt/host/source/src/platform/ec/build/zephyr/karis/modules/ec/common/memory_commands.c.obj
[pujjocento:ro] [85/399] Building C object CMakeFiles/app.dir/mnt/host/source/src/platform/ec/build/zephyr/pujjocento/modules/ec/common/memory_commands.c.obj
[craaskov:ro] [150/409] Linking C static library zephyr/drivers/console/libdrivers__console.a
[karis:ro] [295/424] Building C object CMakeFiles/app.dir/mnt/host/source/src/platform/ec/build/zephyr/karis/modules/ec/common/dptf.c.obj
[karis:ro] [296/424] Building C object CMakeFiles/app.dir/mnt/host/source/src/platform/ec/build/zephyr/karis/modules/ec/common/ap_reset_log.c.obj
[kinmen:ro] [131/383] Building C object zephyr/CMakeFiles/zephyr.dir/lib/libc/validate_libc.c.obj
[kinmen:rw] [124/383] Building C object CMakeFiles/app.dir/mnt/host/source/src/platform/ec/build/zephyr/kinmen/modules/ec/common/vstore.c.obj
[karis:ro] [297/424] Building C object CMakeFiles/app.dir/mnt/host/source/src/platform/ec/build/zephyr/karis/modules/ec/common/espi.c.obj
[karis:ro] [298/424] Building C object CMakeFiles/app.dir/mnt/host/source/src/platform/ec/build/zephyr/karis/modules/ec/common/extpower_common.c.obj
[karis:ro] [299/424] Building C object CMakeFiles/app.dir/mnt/host/source/src/platform/ec/build/zephyr/karis/modules/ec/common/extpower_gpio.c.obj
[karis:ro] [300/424] Building C object CMakeFiles/app.dir/mnt/host/source/src/platform/ec/build/zephyr/karis/modules/ec/common/fan.c.obj
[karis:ro] [301/424] Building C object CMakeFiles/app.dir/mnt/host/source/src/platform/ec/build/zephyr/karis/modules/ec/common/flash.c.obj
[karis:ro] [302/424] Building C object CMakeFiles/app.dir/mnt/host/source/src/platform/ec/build/zephyr/karis/modules/ec/common/host_command.c.obj
[karis:ro] [303/424] Building C object CMakeFiles/app.dir/mnt/host/source/src/platform/ec/build/zephyr/karis/modules/ec/common/host_command_task.c.obj
[karis:ro] [304/424] Building C object CMakeFiles/app.dir/mnt/host/source/src/platform/ec/build/zephyr/karis/modules/ec/common/host_event_commands.c.obj
[karis:ro] [305/424] Building C object CMakeFiles/app.dir/mnt/host/source/src/platform/ec/build/zephyr/karis/modules/ec/common/uart_hostcmd.c.obj
[karis:ro] [306/424] Building C object CMakeFiles/app.dir/mnt/host/source/src/platform/ec/build/zephyr/karis/modules/ec/common/uptime.c.obj
[kinmen:ro] [132/383] Building C object CMakeFiles/app.dir/kinmen/src/keyboard_customization.c.obj
[karis:ro] [307/424] Building C object CMakeFiles/app.dir/mnt/host/source/src/platform/ec/build/zephyr/karis/modules/ec/common/i2c_controller.c.obj
[kinmen:ro] [133/383] Building C object CMakeFiles/app.dir/kinmen/src/usbc_runtime.c.obj
[karis:ro] [308/424] Building C object CMakeFiles/app.dir/mnt/host/source/src/platform/ec/build/zephyr/karis/modules/ec/common/i2c_passthru.c.obj
[karis:ro] [309/424] Building C object CMakeFiles/app.dir/mnt/host/source/src/platform/ec/build/zephyr/karis/modules/ec/common/keyboard_scan.c.obj
[karis:ro] [310/424] Building C object CMakeFiles/app.dir/mnt/host/source/src/platform/ec/build/zephyr/karis/modules/ec/common/keyboard_8042.c.obj
[kinmen:rw] [125/383] Building C object CMakeFiles/app.dir/mnt/host/source/src/platform/ec/build/zephyr/kinmen/modules/ec/common/vboot/efs2.c.obj
[craaskov:ro] [151/409] Building C object zephyr/drivers/eeprom/CMakeFiles/drivers__eeprom.dir/eeprom_shell.c.obj
[karis:ro] [311/424] Building C object CMakeFiles/app.dir/mnt/host/source/src/platform/ec/build/zephyr/karis/modules/ec/common/keyboard_8042_sharedlib.c.obj
[karis:ro] [312/424] Building C object CMakeFiles/app.dir/mnt/host/source/src/platform/ec/build/zephyr/karis/modules/ec/common/mkbp_fifo.c.obj
[kinmen:rw] [126/383] Building C object CMakeFiles/app.dir/mnt/host/source/src/platform/ec/build/zephyr/kinmen/modules/ec/common/math_util.c.obj
[karis:ro] [313/424] Building C object CMakeFiles/app.dir/mnt/host/source/src/platform/ec/build/zephyr/karis/modules/ec/common/mkbp_info.c.obj
[pujjocento:ro] [86/399] Building C object CMakeFiles/app.dir/mnt/host/source/src/platform/ec/build/zephyr/pujjocento/modules/ec/common/cbi.c.obj
[karis:ro] [314/424] Building C object CMakeFiles/app.dir/mnt/host/source/src/platform/ec/build/zephyr/karis/modules/ec/common/mkbp_input_devices.c.obj
[karis:ro] [315/424] Building C object CMakeFiles/app.dir/mnt/host/source/src/platform/ec/build/zephyr/karis/modules/ec/common/keyboard_backlight.c.obj
[kinmen:ro] [134/383] Linking CXX static library app/libapp.a
[karis:ro] [316/424] Building C object CMakeFiles/app.dir/mnt/host/source/src/platform/ec/build/zephyr/karis/modules/ec/common/led_common.c.obj
[kinmen:ro] [135/383] Building C object zephyr/CMakeFiles/zephyr.dir/lib/heap/heap.c.obj
[karis:ro] [317/424] Building C object CMakeFiles/app.dir/mnt/host/source/src/platform/ec/build/zephyr/karis/modules/ec/common/motion_lid.c.obj
[karis:ro] [318/424] Building C object CMakeFiles/app.dir/mnt/host/source/src/platform/ec/build/zephyr/karis/modules/ec/common/lid_angle.c.obj
[karis:ro] [319/424] Building C object CMakeFiles/app.dir/mnt/host/source/src/platform/ec/build/zephyr/karis/modules/ec/common/lid_angle_keyboard_policy.c.obj
[karis:ro] [320/424] Building C object CMakeFiles/app.dir/mnt/host/source/src/platform/ec/build/zephyr/karis/modules/ec/common/lid_switch.c.obj
[craaskov:ro] [152/409] Building C object zephyr/drivers/eeprom/CMakeFiles/drivers__eeprom.dir/eeprom_at2x.c.obj
[karis:ro] [321/424] Building C object CMakeFiles/app.dir/mnt/host/source/src/platform/ec/build/zephyr/karis/modules/ec/common/mkbp_event.c.obj
[kinmen:ro] [136/383] Building C object zephyr/CMakeFiles/zephyr.dir/lib/os/cbprintf_packaged.c.obj
[karis:ro] [322/424] Building C object CMakeFiles/app.dir/mnt/host/source/src/platform/ec/build/zephyr/karis/modules/ec/common/motion_sense.c.obj
[karis:ro] [323/424] Building C object CMakeFiles/app.dir/mnt/host/source/src/platform/ec/build/zephyr/karis/modules/ec/common/port80.c.obj
[karis:ro] [324/424] Building C object CMakeFiles/app.dir/mnt/host/source/src/platform/ec/build/zephyr/karis/modules/ec/common/power_button.c.obj
[karis:ro] [325/424] Building C object CMakeFiles/app.dir/mnt/host/source/src/platform/ec/build/zephyr/karis/modules/ec/power/hibernate.c.obj
[karis:ro] [326/424] Building C object CMakeFiles/app.dir/mnt/host/source/src/platform/ec/build/zephyr/karis/modules/ec/common/panic_output.c.obj
[craaskov:ro] [153/409] Linking C static library zephyr/drivers/eeprom/libdrivers__eeprom.a
[karis:ro] [327/424] Building C object CMakeFiles/app.dir/mnt/host/source/src/platform/ec/build/zephyr/karis/modules/ec/common/shared_mem.c.obj
[pujjocento:rw] [59/399] Building C object CMakeFiles/app.dir/mnt/host/source/src/platform/ec/build/zephyr/pujjocento/modules/ec/common/base32.c.obj
[pujjocento:ro] [87/399] Building C object CMakeFiles/app.dir/mnt/host/source/src/platform/ec/build/zephyr/pujjocento/modules/ec/common/dptf.c.obj
[karis:ro] [328/424] Building C object CMakeFiles/app.dir/mnt/host/source/src/platform/ec/build/zephyr/karis/modules/ec/common/switch.c.obj
[karis:ro] [329/424] Building C object CMakeFiles/app.dir/mnt/host/source/src/platform/ec/build/zephyr/karis/modules/ec/common/spi_flash_reg.c.obj
[karis:ro] [330/424] Building C object CMakeFiles/app.dir/mnt/host/source/src/platform/ec/build/zephyr/karis/modules/ec/common/tablet_mode.c.obj
[karis:ro] [331/424] Building C object CMakeFiles/app.dir/mnt/host/source/src/platform/ec/build/zephyr/karis/modules/ec/common/thermal.c.obj
[karis:ro] [332/424] Building C object CMakeFiles/app.dir/mnt/host/source/src/platform/ec/build/zephyr/karis/modules/ec/common/temp_sensor.c.obj
[karis:ro] [333/424] Building C object CMakeFiles/app.dir/mnt/host/source/src/platform/ec/build/zephyr/karis/modules/ec/driver/temp_sensor/thermistor.c.obj
[karis:ro] [334/424] Building C object CMakeFiles/app.dir/mnt/host/source/src/platform/ec/build/zephyr/karis/modules/ec/common/timer.c.obj
[karis:ro] [335/424] Building C object CMakeFiles/app.dir/mnt/host/source/src/platform/ec/build/zephyr/karis/modules/ec/common/usb_port_power_dumb.c.obj
[kinmen:ro] [137/383] Building C object zephyr/CMakeFiles/zephyr.dir/lib/os/clock.c.obj
[karis:ro] [336/424] Building C object CMakeFiles/app.dir/mnt/host/source/src/platform/ec/build/zephyr/karis/modules/ec/common/typec_control.c.obj
[craaskov:ro] [154/409] Building C object zephyr/drivers/espi/CMakeFiles/drivers__espi.dir/espi_npcx.c.obj
[karis:ro] [337/424] Building C object CMakeFiles/app.dir/mnt/host/source/src/platform/ec/build/zephyr/karis/modules/ec/common/usb_common.c.obj
[karis:ro] [338/424] Building C object CMakeFiles/app.dir/mnt/host/source/src/platform/ec/build/zephyr/karis/modules/ec/common/usb_pd_pdo.c.obj
[karis:ro] [339/424] Building C object CMakeFiles/app.dir/mnt/host/source/src/platform/ec/build/zephyr/karis/modules/ec/common/usbc/usbc_task.c.obj
[kinmen:rw] [127/383] Building C object CMakeFiles/app.dir/kinmen/src/suspend_resume.c.obj
[karis:ro] [340/424] Building C object CMakeFiles/app.dir/mnt/host/source/src/platform/ec/build/zephyr/karis/modules/ec/common/usbc/usb_pd_timer.c.obj
[kinmen:ro] [138/383] Building C object zephyr/CMakeFiles/zephyr.dir/lib/os/printk.c.obj
[karis:ro] [341/424] Building C object CMakeFiles/app.dir/mnt/host/source/src/platform/ec/build/zephyr/karis/modules/ec/common/usbc/usb_sm.c.obj
[karis:ro] [342/424] Building C object CMakeFiles/app.dir/mnt/host/source/src/platform/ec/build/zephyr/karis/modules/ec/common/usbc_intr_task.c.obj
[karis:ro] [343/424] Building C object CMakeFiles/app.dir/mnt/host/source/src/platform/ec/build/zephyr/karis/modules/ec/common/usbc_utils.c.obj
[pujjocento:ro] [88/399] Building C object CMakeFiles/app.dir/mnt/host/source/src/platform/ec/build/zephyr/pujjocento/modules/ec/common/ap_reset_log.c.obj
[karis:ro] [344/424] Building C object CMakeFiles/app.dir/mnt/host/source/src/platform/ec/build/zephyr/karis/modules/ec/common/usb_pd_flags.c.obj
[karis:ro] [345/424] Building C object CMakeFiles/app.dir/mnt/host/source/src/platform/ec/build/zephyr/karis/modules/ec/common/chargen.c.obj
[kinmen:ro] [139/383] Building C object zephyr/CMakeFiles/zephyr.dir/lib/os/thread_entry.c.obj
[karis:ro] [346/424] Building C object CMakeFiles/app.dir/mnt/host/source/src/platform/ec/build/zephyr/karis/modules/ec/common/usbc/usb_pd_console.c.obj
[kinmen:rw] [128/383] Building C object CMakeFiles/app.dir/kinmen/src/thermal.c.obj
[kinmen:ro] [140/383] Building C object zephyr/CMakeFiles/zephyr.dir/lib/os/sem.c.obj
[kinmen:rw] [129/383] Building C object CMakeFiles/app.dir/kinmen/src/board_power.c.obj
[karis:ro] [347/424] Building C object CMakeFiles/app.dir/mnt/host/source/src/platform/ec/build/zephyr/karis/modules/ec/driver/retimer/anx7452.c.obj
[karis:ro] [348/424] Building C object CMakeFiles/app.dir/mnt/host/source/src/platform/ec/build/zephyr/karis/modules/ec/driver/retimer/bb_retimer.c.obj
[karis:ro] [349/424] Building C object CMakeFiles/app.dir/mnt/host/source/src/platform/ec/build/zephyr/karis/modules/ec/driver/retimer/kb8010.c.obj
[karis:ro] [350/424] Building C object CMakeFiles/app.dir/mnt/host/source/src/platform/ec/build/zephyr/karis/modules/ec/driver/usb_mux/usb_mux.c.obj
[craaskov:ro] [155/409] Building C object zephyr/drivers/espi/CMakeFiles/drivers__espi.dir/host_subs_npcx.c.obj
[karis:ro] [351/424] Building C object CMakeFiles/app.dir/mnt/host/source/src/platform/ec/build/zephyr/karis/modules/ec/driver/usb_mux/virtual.c.obj
[karis:ro] [352/424] Building C object CMakeFiles/app.dir/mnt/host/source/src/platform/ec/build/zephyr/karis/modules/ec/common/event_log.c.obj
[karis:ro] [353/424] Building C object CMakeFiles/app.dir/mnt/host/source/src/platform/ec/build/zephyr/karis/modules/ec/common/pd_log.c.obj
[karis:ro] [354/424] Building C object CMakeFiles/app.dir/mnt/host/source/src/platform/ec/build/zephyr/karis/modules/ec/common/usbc/usb_tc_drp_acc_trysrc_sm.c.obj
[craaskov:ro] [156/409] Linking C static library zephyr/drivers/espi/libdrivers__espi.a
[pujjocento:ro] [89/399] Building C object CMakeFiles/app.dir/mnt/host/source/src/platform/ec/build/zephyr/pujjocento/modules/ec/common/espi.c.obj
[karis:ro] [355/424] Building C object CMakeFiles/app.dir/mnt/host/source/src/platform/ec/build/zephyr/karis/modules/ec/common/usbc/usb_prl_sm.c.obj
[kinmen:ro] [141/383] Building C object zephyr/CMakeFiles/zephyr.dir/lib/os/cbprintf_complete.c.obj
[craaskov:ro] [157/409] Building C object zephyr/drivers/flash/CMakeFiles/drivers__flash.dir/jesd216.c.obj
[karis:ro] [356/424] Building C object CMakeFiles/app.dir/mnt/host/source/src/platform/ec/build/zephyr/karis/modules/ec/common/usbc/usb_pe_drp_sm.c.obj
[karis:ro] [357/424] Building C object CMakeFiles/app.dir/mnt/host/source/src/platform/ec/build/zephyr/karis/modules/ec/common/usbc/usb_pd_dpm.c.obj
[karis:ro] [358/424] Building C object CMakeFiles/app.dir/mnt/host/source/src/platform/ec/build/zephyr/karis/modules/ec/common/usbc/usbc_pd_policy.c.obj
[kinmen:ro] [142/383] Building C object zephyr/CMakeFiles/zephyr.dir/lib/utils/dec.c.obj
[karis:ro] [359/424] Building C object CMakeFiles/app.dir/mnt/host/source/src/platform/ec/build/zephyr/karis/modules/ec/common/usbc/dp_alt_mode.c.obj
[kinmen:ro] [143/383] Building C object zephyr/CMakeFiles/zephyr.dir/lib/utils/hex.c.obj
[karis:ro] [360/424] Building C object CMakeFiles/app.dir/mnt/host/source/src/platform/ec/build/zephyr/karis/modules/ec/common/usbc/usb_mode.c.obj
[karis:ro] [361/424] Building C object CMakeFiles/app.dir/mnt/host/source/src/platform/ec/build/zephyr/karis/modules/ec/common/usbc/tbt_alt_mode.c.obj
[karis:ro] [362/424] Building C object CMakeFiles/app.dir/mnt/host/source/src/platform/ec/build/zephyr/karis/modules/ec/common/usbc/usb_retimer_fw_update.c.obj
[karis:ro] [363/424] Building C object CMakeFiles/app.dir/mnt/host/source/src/platform/ec/build/zephyr/karis/modules/ec/common/usb_pd_console_cmd.c.obj
[karis:ro] [364/424] Building C object CMakeFiles/app.dir/mnt/host/source/src/platform/ec/build/zephyr/karis/modules/ec/common/usb_pd_host_cmd.c.obj
[karis:ro] [365/424] Building C object CMakeFiles/app.dir/mnt/host/source/src/platform/ec/build/zephyr/karis/modules/ec/common/usbc/usb_pd_host.c.obj
[karis:ro] [366/424] Building C object CMakeFiles/app.dir/mnt/host/source/src/platform/ec/build/zephyr/karis/modules/ec/zephyr/shim/src/tcpc.c.obj
[karis:ro] [367/424] Building C object CMakeFiles/app.dir/mnt/host/source/src/platform/ec/build/zephyr/karis/modules/ec/common/usb_pd_host_cmd_common.c.obj
[pujjocento:ro] [90/399] Building C object CMakeFiles/app.dir/mnt/host/source/src/platform/ec/build/zephyr/pujjocento/modules/ec/common/extpower_common.c.obj
[karis:ro] [368/424] Building C object CMakeFiles/app.dir/mnt/host/source/src/platform/ec/build/zephyr/karis/modules/ec/common/usbc_ocp.c.obj
[kinmen:ro] [144/383] Building C object zephyr/CMakeFiles/zephyr.dir/lib/os/assert.c.obj
[karis:ro] [369/424] Building C object CMakeFiles/app.dir/mnt/host/source/src/platform/ec/build/zephyr/karis/modules/ec/common/usb_pd_discovery.c.obj
[craaskov:ro] [158/409] Building C object zephyr/drivers/flash/CMakeFiles/drivers__flash.dir/flash_npcx_fiu_nor.c.obj
[kinmen:ro] [145/383] Building C object zephyr/CMakeFiles/zephyr.dir/lib/utils/timeutil.c.obj
[karis:ro] [370/424] Building C object CMakeFiles/app.dir/mnt/host/source/src/platform/ec/build/zephyr/karis/modules/ec/common/usb_pd_dual_role.c.obj
[karis:ro] [371/424] Building C object CMakeFiles/app.dir/mnt/host/source/src/platform/ec/build/zephyr/karis/modules/ec/driver/tcpm/rt1715.c.obj
[karis:ro] [372/424] Building C object CMakeFiles/app.dir/mnt/host/source/src/platform/ec/build/zephyr/karis/modules/ec/driver/tcpm/tcpci.c.obj
[pujjocento:rw] [60/399] Building C object CMakeFiles/app.dir/mnt/host/source/src/platform/ec/build/zephyr/pujjocento/modules/ec/common/console_output.c.obj
[karis:ro] [373/424] Building C object CMakeFiles/app.dir/mnt/host/source/src/platform/ec/build/zephyr/karis/modules/ec/common/usbc_ppc.c.obj
[karis:ro] [374/424] Building C object CMakeFiles/app.dir/mnt/host/source/src/platform/ec/build/zephyr/karis/modules/ec/driver/ppc/ktu1125.c.obj
[karis:ro] [375/424] Building C object CMakeFiles/app.dir/mnt/host/source/src/platform/ec/build/zephyr/karis/modules/ec/driver/ppc/nx20p348x.c.obj
[karis:ro] [376/424] Building C object CMakeFiles/app.dir/mnt/host/source/src/platform/ec/build/zephyr/karis/modules/ec/driver/ppc/syv682x.c.obj
[karis:ro] [377/424] Building C object CMakeFiles/app.dir/mnt/host/source/src/platform/ec/build/zephyr/karis/modules/ec/common/vboot_hash.c.obj
[karis:ro] [378/424] Building C object CMakeFiles/app.dir/mnt/host/source/src/platform/ec/build/zephyr/karis/modules/ec/common/button.c.obj
[karis:ro] [379/424] Building C object CMakeFiles/app.dir/mnt/host/source/src/platform/ec/build/zephyr/karis/modules/ec/common/vboot/efs2.c.obj
[karis:ro] [380/424] Building C object CMakeFiles/app.dir/mnt/host/source/src/platform/ec/build/zephyr/karis/modules/ec/common/vstore.c.obj
[karis:ro] [381/424] Building C object CMakeFiles/app.dir/mnt/host/source/src/platform/ec/build/zephyr/karis/modules/ec/common/math_util.c.obj
[kinmen:ro] [146/383] Building C object zephyr/CMakeFiles/zephyr.dir/lib/utils/bitmask.c.obj
[karis:ro] [382/424] Building C object CMakeFiles/app.dir/src/board_power.c.obj
[kinmen:ro] [147/383] Building C object zephyr/CMakeFiles/zephyr.dir/lib/utils/rb.c.obj
[karis:ro] [383/424] Building C object CMakeFiles/app.dir/src/battery_present.c.obj
[kinmen:rw] [130/383] Building C object CMakeFiles/app.dir/kinmen/src/keyboard_customization.c.obj
[kinmen:rw] [131/383] Building C object zephyr/CMakeFiles/zephyr.dir/lib/libc/validate_libc.c.obj
[karis:ro] [384/424] Building C object CMakeFiles/app.dir/src/usb_pd_policy.c.obj
[karis:ro] [385/424] Building C object CMakeFiles/app.dir/karis/src/charger.c.obj
[karis:ro] [386/424] Building C object CMakeFiles/app.dir/karis/src/usb_mux_config.c.obj
[karis:ro] [387/424] Building C object CMakeFiles/app.dir/karis/src/keyboard.c.obj
[karis:ro] [388/424] Building C object CMakeFiles/app.dir/karis/src/i2c_policy.c.obj
[karis:ro] [389/424] Building C object CMakeFiles/app.dir/karis/src/touch_panel.c.obj
[karis:ro] [390/424] Building C object CMakeFiles/app.dir/karis/src/usbc_config.c.obj
[pujjocento:ro] [91/399] Building C object CMakeFiles/app.dir/mnt/host/source/src/platform/ec/build/zephyr/pujjocento/modules/ec/common/extpower_gpio.c.obj
[kinmen:rw] [132/383] Building C object zephyr/CMakeFiles/zephyr.dir/lib/cpp/abi/cpp_dtors.c.obj
[kinmen:rw] [133/383] Building C object CMakeFiles/app.dir/kinmen/src/usbc_runtime.c.obj
[kinmen:ro] [148/383] Building C object zephyr/CMakeFiles/zephyr.dir/lib/utils/last_section_id.c.obj
[craaskov:ro] [159/409] Building C object zephyr/drivers/flash/CMakeFiles/drivers__flash.dir/flash_npcx_fiu_qspi.c.obj
[karis:ro] [391/424] Linking C static library app/libapp.a
[craaskov:ro] [160/409] Building C object zephyr/drivers/gpio/CMakeFiles/drivers__gpio.dir/gpio_npcx.c.obj
[kinmen:ro] [149/383] Building C object zephyr/CMakeFiles/zephyr.dir/lib/utils/ring_buffer.c.obj
[karis:ro] [392/424] Building C object zephyr/kernel/CMakeFiles/kernel.dir/main_weak.c.obj
[karis:ro] [393/424] Building C object zephyr/kernel/CMakeFiles/kernel.dir/banner.c.obj
[craaskov:ro] [161/409] Linking C static library zephyr/drivers/flash/libdrivers__flash.a
[karis:ro] [394/424] Building C object zephyr/kernel/CMakeFiles/kernel.dir/busy_wait.c.obj
[karis:ro] [395/424] Building C object zephyr/kernel/CMakeFiles/kernel.dir/device.c.obj
[craaskov:ro] [162/409] Linking C static library zephyr/drivers/gpio/libdrivers__gpio.a
[karis:ro] [396/424] Building C object zephyr/kernel/CMakeFiles/kernel.dir/errno.c.obj
[kinmen:ro] [150/383] Building C object zephyr/CMakeFiles/zephyr.dir/lib/utils/getopt/getopt_common.c.obj
[karis:ro] [397/424] Building C object zephyr/kernel/CMakeFiles/kernel.dir/fatal.c.obj
[karis:ro] [398/424] Building C object zephyr/kernel/CMakeFiles/kernel.dir/init.c.obj
[karis:ro] [399/424] Building C object zephyr/kernel/CMakeFiles/kernel.dir/kheap.c.obj
[kinmen:ro] [151/383] Building C object zephyr/CMakeFiles/zephyr.dir/lib/utils/bitarray.c.obj
[karis:ro] [400/424] Building C object zephyr/kernel/CMakeFiles/kernel.dir/mem_slab.c.obj
[karis:ro] [401/424] Building C object zephyr/kernel/CMakeFiles/kernel.dir/float.c.obj
[kinmen:rw] [134/383] Linking CXX static library app/libapp.a
[karis:ro] [402/424] Building C object zephyr/kernel/CMakeFiles/kernel.dir/version.c.obj
[craaskov:ro] [163/409] Building C object zephyr/drivers/i2c/CMakeFiles/drivers__i2c.dir/i2c_common.c.obj
[kinmen:ro] [152/383] Building C object zephyr/CMakeFiles/zephyr.dir/lib/utils/getopt/getopt.c.obj
[karis:ro] [403/424] Building C object zephyr/kernel/CMakeFiles/kernel.dir/idle.c.obj
[karis:ro] [404/424] Building C object zephyr/kernel/CMakeFiles/kernel.dir/mailbox.c.obj
[karis:ro] [405/424] Building C object zephyr/kernel/CMakeFiles/kernel.dir/msg_q.c.obj
[karis:ro] [406/424] Building C object zephyr/kernel/CMakeFiles/kernel.dir/mutex.c.obj
[karis:ro] [407/424] Building C object zephyr/kernel/CMakeFiles/kernel.dir/queue.c.obj
[karis:ro] [408/424] Building C object zephyr/kernel/CMakeFiles/kernel.dir/sem.c.obj
[karis:ro] [409/424] Building C object zephyr/kernel/CMakeFiles/kernel.dir/stack.c.obj
[karis:ro] [410/424] Building C object zephyr/kernel/CMakeFiles/kernel.dir/system_work_q.c.obj
[kinmen:ro] [153/383] Building ASM object zephyr/CMakeFiles/zephyr.dir/soc/ite/ec/common/soc_irq.S.obj
[karis:ro] [411/424] Building C object zephyr/kernel/CMakeFiles/kernel.dir/work.c.obj
[karis:ro] [412/424] Building C object zephyr/kernel/CMakeFiles/kernel.dir/condvar.c.obj
[karis:ro] [413/424] Building C object zephyr/kernel/CMakeFiles/kernel.dir/thread.c.obj
[kinmen:rw] [135/383] Building C object zephyr/CMakeFiles/zephyr.dir/lib/heap/heap.c.obj
[karis:ro] [414/424] Building C object zephyr/kernel/CMakeFiles/kernel.dir/sched.c.obj
[karis:ro] [415/424] Building C object zephyr/kernel/CMakeFiles/kernel.dir/pipe.c.obj
[karis:ro] [416/424] Building C object zephyr/kernel/CMakeFiles/kernel.dir/spinlock_validate.c.obj
[karis:ro] [417/424] Building C object zephyr/kernel/CMakeFiles/kernel.dir/thread_monitor.c.obj
[kinmen:ro] [154/383] Building C object zephyr/CMakeFiles/zephyr.dir/misc/generated/configs.c.obj
[karis:ro] [418/424] Building C object zephyr/kernel/CMakeFiles/kernel.dir/timeout.c.obj
[karis:ro] [419/424] Building C object zephyr/kernel/CMakeFiles/kernel.dir/timer.c.obj
[karis:ro] [420/424] Building C object zephyr/kernel/CMakeFiles/kernel.dir/poll.c.obj
[karis:ro] [421/424] Building C object zephyr/kernel/CMakeFiles/kernel.dir/events.c.obj
[karis:ro] [422/424] Building C object zephyr/kernel/CMakeFiles/kernel.dir/mempool.c.obj
[karis:ro] [423/424] Building C object zephyr/kernel/CMakeFiles/kernel.dir/dynamic_disabled.c.obj
[kinmen:rw] [136/383] Building C object zephyr/CMakeFiles/zephyr.dir/lib/os/cbprintf_packaged.c.obj
[pujjocento:rw] [61/399] Building C object CMakeFiles/app.dir/mnt/host/source/src/platform/ec/build/zephyr/pujjocento/modules/ec/common/ec_features.c.obj
[kinmen:ro] [155/383] Building C object zephyr/CMakeFiles/zephyr.dir/soc/ite/ec/common/power.c.obj
[pujjocento:ro] [92/399] Building C object CMakeFiles/app.dir/mnt/host/source/src/platform/ec/build/zephyr/pujjocento/modules/ec/common/fan.c.obj
[karis:ro] [424/424] Linking C static library zephyr/kernel/libkernel.a
[kinmen:ro] [156/383] Building C object zephyr/CMakeFiles/zephyr.dir/soc/ite/ec/common/soc_common_irq.c.obj
[kinmen:ro] [157/383] Building C object zephyr/CMakeFiles/zephyr.dir/soc/ite/ec/common/policy.c.obj
[kinmen:rw] [137/383] Building C object zephyr/CMakeFiles/zephyr.dir/lib/os/clock.c.obj
[pujjocento:ro] [93/399] Building C object CMakeFiles/app.dir/mnt/host/source/src/platform/ec/build/zephyr/pujjocento/modules/ec/common/host_command.c.obj
[craaskov:ro] [164/409] Building C object zephyr/drivers/i2c/CMakeFiles/drivers__i2c.dir/i2c_shell.c.obj
[craaskov:ro] [165/409] Building C object zephyr/drivers/i2c/CMakeFiles/drivers__i2c.dir/i2c_npcx_controller.c.obj
[pujjocento:ro] [94/399] Building C object CMakeFiles/app.dir/mnt/host/source/src/platform/ec/build/zephyr/pujjocento/modules/ec/common/flash.c.obj
[craaskov:ro] [166/409] Building C object zephyr/drivers/i2c/CMakeFiles/drivers__i2c.dir/i2c_npcx_controller_fifo.c.obj
[kinmen:ro] [158/383] Building C object zephyr/CMakeFiles/zephyr.dir/soc/ite/ec/it8xxx2/soc.c.obj
[kinmen:ro] [159/383] Building C object zephyr/CMakeFiles/zephyr.dir/soc/ite/ec/it8xxx2/check_regs.c.obj
[kinmen:ro] [160/383] Building ASM object zephyr/CMakeFiles/zephyr.dir/soc/ite/ec/it8xxx2/vector.S.obj
[kinmen:rw] [138/383] Building C object zephyr/CMakeFiles/zephyr.dir/lib/os/printk.c.obj
[kinmen:rw] [139/383] Building C object zephyr/CMakeFiles/zephyr.dir/lib/os/sem.c.obj
[kinmen:rw] [140/383] Building C object zephyr/CMakeFiles/zephyr.dir/lib/os/thread_entry.c.obj
[kinmen:ro] [161/383] Building C object zephyr/CMakeFiles/zephyr.dir/soc/ite/ec/it8xxx2/ilm.c.obj
[craaskov:ro] [167/409] Building C object zephyr/drivers/pinctrl/CMakeFiles/drivers__pinctrl.dir/common.c.obj
[kinmen:ro] [162/383] Building C object zephyr/CMakeFiles/zephyr.dir/subsys/pm/state.c.obj
[kinmen:rw] [141/383] Building C object zephyr/CMakeFiles/zephyr.dir/lib/utils/dec.c.obj
[kinmen:rw] [142/383] Building C object zephyr/CMakeFiles/zephyr.dir/lib/os/cbprintf_complete.c.obj
[craaskov:ro] [168/409] Building C object zephyr/drivers/pinctrl/CMakeFiles/drivers__pinctrl.dir/pinctrl_npcx.c.obj
[kinmen:ro] [163/383] Building C object zephyr/CMakeFiles/zephyr.dir/subsys/logging/log_minimal.c.obj
[kinmen:rw] [143/383] Building C object zephyr/CMakeFiles/zephyr.dir/lib/utils/hex.c.obj
[craaskov:ro] [169/409] Linking C static library zephyr/drivers/pinctrl/libdrivers__pinctrl.a
[pujjocento:rw] [62/399] Building C object CMakeFiles/app.dir/mnt/host/source/src/platform/ec/build/zephyr/pujjocento/modules/ec/common/gpio_commands.c.obj
[kinmen:ro] [164/383] Building C object zephyr/CMakeFiles/zephyr.dir/subsys/pm/pm.c.obj
[kinmen:rw] [144/383] Building C object zephyr/CMakeFiles/zephyr.dir/lib/os/assert.c.obj
[kinmen:ro] [165/383] Building C object zephyr/CMakeFiles/zephyr.dir/subsys/pm/policy/policy_events.c.obj
[pujjocento:ro] [95/399] Building C object CMakeFiles/app.dir/mnt/host/source/src/platform/ec/build/zephyr/pujjocento/modules/ec/common/uart_hostcmd.c.obj
[craaskov:ro] [170/409] Building C object zephyr/drivers/i2c/CMakeFiles/drivers__i2c.dir/i2c_npcx_port.c.obj
[pujjocento:ro] [96/399] Building C object CMakeFiles/app.dir/mnt/host/source/src/platform/ec/build/zephyr/pujjocento/modules/ec/common/host_command_task.c.obj
[craaskov:ro] [171/409] Linking C static library zephyr/drivers/i2c/libdrivers__i2c.a
[kinmen:rw] [145/383] Building C object zephyr/CMakeFiles/zephyr.dir/lib/utils/timeutil.c.obj
[craaskov:ro] [172/409] Building C object zephyr/drivers/sensor/CMakeFiles/drivers__sensor.dir/mnt/host/source/src/third_party/zephyr/main/misc/empty_file.c.obj
[kinmen:rw] [146/383] Building C object zephyr/CMakeFiles/zephyr.dir/lib/utils/bitmask.c.obj
[craaskov:ro] [173/409] Linking C static library zephyr/drivers/sensor/libdrivers__sensor.a
[pujjocento:ro] [97/399] Building C object CMakeFiles/app.dir/mnt/host/source/src/platform/ec/build/zephyr/pujjocento/modules/ec/common/host_event_commands.c.obj
[kinmen:ro] [166/383] Building C object zephyr/CMakeFiles/zephyr.dir/subsys/pm/policy/policy_latency.c.obj
[kinmen:ro] [167/383] Building C object zephyr/CMakeFiles/zephyr.dir/subsys/pm/policy/policy_state_lock.c.obj
[craaskov:ro] [174/409] Building C object zephyr/drivers/pwm/CMakeFiles/drivers__pwm.dir/pwm_shell.c.obj
[kinmen:rw] [147/383] Building C object zephyr/CMakeFiles/zephyr.dir/lib/utils/rb.c.obj
[kinmen:ro] [168/383] Building C object zephyr/CMakeFiles/zephyr.dir/subsys/pm/device.c.obj
[craaskov:ro] [175/409] Building C object zephyr/drivers/pwm/CMakeFiles/drivers__pwm.dir/pwm_npcx.c.obj
[kinmen:ro] [169/383] Building C object zephyr/CMakeFiles/zephyr.dir/subsys/pm/device_system_managed.c.obj
[craaskov:ro] [176/409] Linking C static library zephyr/drivers/pwm/libdrivers__pwm.a
[kinmen:rw] [148/383] Building C object zephyr/CMakeFiles/zephyr.dir/lib/utils/bitarray.c.obj
[kinmen:ro] [170/383] Building C object zephyr/CMakeFiles/zephyr.dir/subsys/pm/device_runtime.c.obj
[kinmen:rw] [149/383] Building C object zephyr/CMakeFiles/zephyr.dir/lib/utils/last_section_id.c.obj
[kinmen:rw] [150/383] Building C object zephyr/CMakeFiles/zephyr.dir/lib/utils/ring_buffer.c.obj
[kinmen:rw] [151/383] Building C object zephyr/CMakeFiles/zephyr.dir/lib/utils/getopt/getopt.c.obj
[pujjocento:rw] [63/399] Building C object CMakeFiles/app.dir/mnt/host/source/src/platform/ec/build/zephyr/pujjocento/modules/ec/common/peripheral.c.obj
[kinmen:rw] [152/383] Building C object zephyr/CMakeFiles/zephyr.dir/lib/utils/getopt/getopt_common.c.obj
[pujjocento:ro] [98/399] Building C object CMakeFiles/app.dir/mnt/host/source/src/platform/ec/build/zephyr/pujjocento/modules/ec/common/uptime.c.obj
[kinmen:ro] [171/383] Building C object zephyr/CMakeFiles/zephyr.dir/subsys/tracing/tracing_none.c.obj
[kinmen:ro] [172/383] Building C object zephyr/CMakeFiles/zephyr.dir/subsys/testsuite/coverage/coverage.c.obj
[kinmen:ro] [173/383] Building C object zephyr/CMakeFiles/zephyr.dir/subsys/shell/modules/kernel_service/kernel_shell.c.obj
[craaskov:ro] [177/409] Building C object zephyr/drivers/sensor/nuvoton/nuvoton_adc_cmp_npcx/CMakeFiles/drivers__sensor__nuvoton__nuvoton_adc_cmp_npcx.dir/adc_cmp_npcx.c.obj
[kinmen:rw] [153/383] Building ASM object zephyr/CMakeFiles/zephyr.dir/soc/ite/ec/common/soc_irq.S.obj
[kinmen:ro] [174/383] Building C object zephyr/CMakeFiles/zephyr.dir/subsys/shell/modules/kernel_service/cycles.c.obj
[pujjocento:ro] [99/399] Building C object CMakeFiles/app.dir/mnt/host/source/src/platform/ec/build/zephyr/pujjocento/modules/ec/common/i2c_controller.c.obj
[pujjocento:ro] [100/399] Building C object CMakeFiles/app.dir/mnt/host/source/src/platform/ec/build/zephyr/pujjocento/modules/ec/common/i2c_passthru.c.obj
[craaskov:ro] [178/409] Linking C static library zephyr/drivers/sensor/nuvoton/nuvoton_adc_cmp_npcx/libdrivers__sensor__nuvoton__nuvoton_adc_cmp_npcx.a
[craaskov:ro] [179/409] Building C object zephyr/drivers/sensor/nuvoton/nuvoton_tach_npcx/CMakeFiles/drivers__sensor__nuvoton__nuvoton_tach_npcx.dir/tach_nuvoton_npcx.c.obj
[kinmen:rw] [154/383] Building C object zephyr/CMakeFiles/zephyr.dir/misc/generated/configs.c.obj
[craaskov:ro] [180/409] Linking C static library zephyr/drivers/sensor/nuvoton/nuvoton_tach_npcx/libdrivers__sensor__nuvoton__nuvoton_tach_npcx.a
[craaskov:ro] [181/409] Building C object zephyr/drivers/serial/CMakeFiles/drivers__serial.dir/uart_npcx.c.obj
[kinmen:rw] [155/383] Building C object zephyr/CMakeFiles/zephyr.dir/soc/ite/ec/common/soc_common_irq.c.obj
[kinmen:ro] [175/383] Building C object zephyr/CMakeFiles/zephyr.dir/subsys/shell/modules/kernel_service/sleep.c.obj
[kinmen:rw] [156/383] Building C object zephyr/CMakeFiles/zephyr.dir/soc/ite/ec/common/power.c.obj
[craaskov:ro] [182/409] Linking C static library zephyr/drivers/serial/libdrivers__serial.a
[kinmen:ro] [176/383] Building C object zephyr/CMakeFiles/zephyr.dir/subsys/shell/modules/kernel_service/uptime.c.obj
[kinmen:rw] [157/383] Building ASM object zephyr/CMakeFiles/zephyr.dir/soc/ite/ec/it8xxx2/vector.S.obj
[kinmen:ro] [177/383] Building C object zephyr/CMakeFiles/zephyr.dir/subsys/shell/modules/kernel_service/version.c.obj
[pujjocento:rw] [64/399] Building C object CMakeFiles/app.dir/mnt/host/source/src/platform/ec/build/zephyr/pujjocento/modules/ec/common/printf.c.obj
[kinmen:rw] [158/383] Building C object zephyr/CMakeFiles/zephyr.dir/soc/ite/ec/common/policy.c.obj
[kinmen:ro] [178/383] Building C object zephyr/CMakeFiles/zephyr.dir/subsys/shell/modules/kernel_service/thread/thread.c.obj
[craaskov:ro] [183/409] Building C object zephyr/drivers/syscon/CMakeFiles/drivers__syscon.dir/syscon.c.obj
[kinmen:ro] [179/383] Building C object zephyr/CMakeFiles/zephyr.dir/subsys/shell/modules/kernel_service/thread/list.c.obj
[kinmen:rw] [159/383] Building C object zephyr/CMakeFiles/zephyr.dir/soc/ite/ec/it8xxx2/check_regs.c.obj
[kinmen:rw] [160/383] Building C object zephyr/CMakeFiles/zephyr.dir/soc/ite/ec/it8xxx2/soc.c.obj
[craaskov:ro] [184/409] Building C object zephyr/drivers/timer/CMakeFiles/drivers__timer.dir/sys_clock_init.c.obj
[kinmen:ro] [180/383] Building C object zephyr/CMakeFiles/zephyr.dir/subsys/shell/modules/kernel_service/thread/stacks.c.obj
[pujjocento:ro] [101/399] Building C object CMakeFiles/app.dir/mnt/host/source/src/platform/ec/build/zephyr/pujjocento/modules/ec/common/keyboard_8042_sharedlib.c.obj
[craaskov:ro] [185/409] Linking C static library zephyr/drivers/syscon/libdrivers__syscon.a
[craaskov:ro] [186/409] Building C object zephyr/drivers/timer/CMakeFiles/drivers__timer.dir/npcx_itim_timer.c.obj
[kinmen:ro] [181/383] Building C object zephyr/CMakeFiles/zephyr.dir/subsys/shell/modules/kernel_service/thread/unwind.c.obj
[pujjocento:ro] [102/399] Building C object CMakeFiles/app.dir/mnt/host/source/src/platform/ec/build/zephyr/pujjocento/modules/ec/common/mkbp_fifo.c.obj
[craaskov:ro] [187/409] Linking C static library zephyr/drivers/timer/libdrivers__timer.a
[kinmen:rw] [161/383] Building C object zephyr/CMakeFiles/zephyr.dir/soc/ite/ec/it8xxx2/ilm.c.obj
[kinmen:ro] [182/383] Building C object zephyr/CMakeFiles/zephyr.dir/subsys/shell/modules/kernel_service/thread/suspend.c.obj
[kinmen:ro] [183/383] Building C object zephyr/CMakeFiles/zephyr.dir/subsys/shell/modules/kernel_service/thread/resume.c.obj
[kinmen:rw] [162/383] Building C object zephyr/CMakeFiles/zephyr.dir/subsys/logging/log_minimal.c.obj
[kinmen:ro] [184/383] Building C object zephyr/CMakeFiles/zephyr.dir/subsys/shell/modules/kernel_service/thread/kill.c.obj
[kinmen:rw] [163/383] Building C object zephyr/CMakeFiles/zephyr.dir/subsys/pm/state.c.obj
[kinmen:rw] [164/383] Building C object zephyr/CMakeFiles/zephyr.dir/subsys/pm/pm.c.obj
[pujjocento:rw] [65/399] Building C object CMakeFiles/app.dir/mnt/host/source/src/platform/ec/build/zephyr/pujjocento/modules/ec/common/queue.c.obj
[craaskov:ro] [188/409] Building C object zephyr/drivers/watchdog/CMakeFiles/drivers__watchdog.dir/wdt_shell.c.obj
[craaskov:ro] [189/409] Building C object zephyr/drivers/watchdog/CMakeFiles/drivers__watchdog.dir/wdt_npcx.c.obj
[craaskov:ro] [190/409] Linking C static library zephyr/drivers/watchdog/libdrivers__watchdog.a
[pujjocento:ro] [103/399] Building C object CMakeFiles/app.dir/mnt/host/source/src/platform/ec/build/zephyr/pujjocento/modules/ec/common/keyboard_8042.c.obj
[kinmen:ro] [185/383] Building C object zephyr/CMakeFiles/zephyr.dir/subsys/shell/backends/shell_uart.c.obj
[pujjocento:ro] [104/399] Building C object CMakeFiles/app.dir/mnt/host/source/src/platform/ec/build/zephyr/pujjocento/modules/ec/common/mkbp_info.c.obj
[kinmen:rw] [165/383] Building C object zephyr/CMakeFiles/zephyr.dir/subsys/pm/policy/policy_latency.c.obj
[kinmen:rw] [166/383] Building C object zephyr/CMakeFiles/zephyr.dir/subsys/pm/policy/policy_events.c.obj
[kinmen:rw] [167/383] Building C object zephyr/CMakeFiles/zephyr.dir/subsys/pm/policy/policy_state_lock.c.obj
[kinmen:ro] [186/383] Building C object zephyr/CMakeFiles/zephyr.dir/subsys/shell/shell_utils.c.obj
[kinmen:ro] [187/383] Building C object zephyr/CMakeFiles/zephyr.dir/subsys/shell/shell_fprintf.c.obj
[craaskov:ro] [191/409] Building C object modules/ec/zephyr/CMakeFiles/ec_shim.dir/app/ec/ec_app_main.c.obj
[kinmen:rw] [168/383] Building C object zephyr/CMakeFiles/zephyr.dir/subsys/pm/device.c.obj
[kinmen:ro] [188/383] Building C object zephyr/CMakeFiles/zephyr.dir/subsys/shell/shell.c.obj
[pujjocento:ro] [105/399] Building C object CMakeFiles/app.dir/mnt/host/source/src/platform/ec/build/zephyr/pujjocento/modules/ec/common/mkbp_input_devices.c.obj
[kinmen:ro] [189/383] Building C object zephyr/CMakeFiles/zephyr.dir/subsys/shell/shell_ops.c.obj
[craaskov:ro] [192/409] Building C object modules/ec/zephyr/CMakeFiles/ec_shim.dir/app/ec/main_shim.c.obj
[craaskov:ro] [193/409] Building C object modules/ec/zephyr/CMakeFiles/ec_shim.dir/drivers/cros_flash/cros_flash_npcx.c.obj
[kinmen:rw] [169/383] Building C object zephyr/CMakeFiles/zephyr.dir/subsys/pm/device_system_managed.c.obj
[kinmen:rw] [170/383] Building C object zephyr/CMakeFiles/zephyr.dir/subsys/testsuite/coverage/coverage.c.obj
[kinmen:ro] [190/383] Building C object zephyr/CMakeFiles/zephyr.dir/subsys/shell/shell_help.c.obj
[kinmen:ro] [191/383] Building C object zephyr/arch/common/CMakeFiles/arch__common.dir/sw_isr_common.c.obj
[kinmen:ro] [192/383] Building C object zephyr/arch/common/CMakeFiles/arch__common.dir/dynamic_isr.c.obj
[kinmen:ro] [193/383] Building C object zephyr/CMakeFiles/zephyr.dir/subsys/shell/shell_history.c.obj
[kinmen:rw] [171/383] Building C object zephyr/CMakeFiles/zephyr.dir/subsys/tracing/tracing_none.c.obj
[kinmen:rw] [172/383] Building C object zephyr/CMakeFiles/zephyr.dir/subsys/pm/device_runtime.c.obj
[pujjocento:ro] [106/399] Building C object CMakeFiles/app.dir/mnt/host/source/src/platform/ec/build/zephyr/pujjocento/modules/ec/common/keyboard_backlight.c.obj
[pujjocento:ro] [107/399] Building C object CMakeFiles/app.dir/mnt/host/source/src/platform/ec/build/zephyr/pujjocento/modules/ec/common/led_common.c.obj
[kinmen:ro] [194/383] Building C object zephyr/CMakeFiles/zephyr.dir/drivers/flash/flash_util.c.obj
[craaskov:ro] [194/409] Building C object modules/ec/zephyr/CMakeFiles/ec_shim.dir/drivers/cros_kb_raw/cros_kb_raw_npcx.c.obj
[kinmen:ro] [195/383] Linking CXX static library zephyr/libzephyr.a
[kinmen:ro] [196/383] Building C object zephyr/arch/common/CMakeFiles/arch__common.dir/init.c.obj
[kinmen:ro] [197/383] Building C object zephyr/arch/common/CMakeFiles/arch__common.dir/xip.c.obj
[kinmen:ro] [198/383] Building C object zephyr/arch/common/CMakeFiles/isr_tables.dir/isr_tables.c.obj
[craaskov:ro] [195/409] Building C object modules/ec/zephyr/CMakeFiles/ec_shim.dir/drivers/cros_system/cros_system_npcx.c.obj
[kinmen:rw] [173/383] Building C object zephyr/CMakeFiles/zephyr.dir/subsys/shell/modules/kernel_service/kernel_shell.c.obj
[pujjocento:ro] [108/399] Building C object CMakeFiles/app.dir/mnt/host/source/src/platform/ec/build/zephyr/pujjocento/modules/ec/common/lid_switch.c.obj
[kinmen:rw] [174/383] Building C object zephyr/CMakeFiles/zephyr.dir/subsys/shell/modules/kernel_service/cycles.c.obj
[kinmen:rw] [175/383] Building C object zephyr/CMakeFiles/zephyr.dir/subsys/shell/modules/kernel_service/sleep.c.obj
[kinmen:ro] [199/383] Building C object zephyr/arch/arch/riscv/core/CMakeFiles/arch__riscv__core.dir/cpu_idle.c.obj
[kinmen:ro] [200/383] Linking CXX static library zephyr/arch/common/libisr_tables.a
[kinmen:ro] [201/383] Linking CXX static library zephyr/arch/common/libarch__common.a
[craaskov:ro] [196/409] Building C object modules/ec/zephyr/CMakeFiles/ec_shim.dir/drivers/vivaldi_kbd/vivaldi_kbd.c.obj
[kinmen:rw] [176/383] Building C object zephyr/CMakeFiles/zephyr.dir/subsys/shell/modules/kernel_service/uptime.c.obj
[kinmen:ro] [202/383] Building C object zephyr/arch/arch/riscv/core/CMakeFiles/arch__riscv__core.dir/prep_c.c.obj
[pujjocento:rw] [66/399] Building C object CMakeFiles/app.dir/mnt/host/source/src/platform/ec/build/zephyr/pujjocento/modules/ec/common/system.c.obj
[craaskov:ro] [197/409] Building C object modules/ec/zephyr/CMakeFiles/ec_shim.dir/shim/chip/npcx/clock.c.obj
[kinmen:ro] [203/383] Building C object zephyr/arch/arch/riscv/core/CMakeFiles/arch__riscv__core.dir/reboot.c.obj
[kinmen:ro] [204/383] Building C object zephyr/arch/arch/riscv/core/CMakeFiles/arch__riscv__core.dir/fatal.c.obj
[pujjocento:ro] [109/399] Building C object CMakeFiles/app.dir/mnt/host/source/src/platform/ec/build/zephyr/pujjocento/modules/ec/common/mkbp_event.c.obj
[kinmen:ro] [205/383] Building C object zephyr/arch/arch/riscv/core/CMakeFiles/arch__riscv__core.dir/irq_manage.c.obj
[kinmen:rw] [177/383] Building C object zephyr/CMakeFiles/zephyr.dir/subsys/shell/modules/kernel_service/version.c.obj
[kinmen:rw] [178/383] Building C object zephyr/CMakeFiles/zephyr.dir/subsys/shell/modules/kernel_service/thread/thread.c.obj
[kinmen:rw] [179/383] Building C object zephyr/CMakeFiles/zephyr.dir/subsys/shell/modules/kernel_service/thread/list.c.obj
[pujjocento:ro] [110/399] Building C object CMakeFiles/app.dir/mnt/host/source/src/platform/ec/build/zephyr/pujjocento/modules/ec/common/port80.c.obj
[kinmen:ro] [206/383] Building ASM object zephyr/arch/arch/riscv/core/CMakeFiles/arch__riscv__core.dir/reset.S.obj
[kinmen:ro] [207/383] Building ASM object zephyr/arch/arch/riscv/core/CMakeFiles/arch__riscv__core.dir/switch.S.obj
[kinmen:rw] [180/383] Building C object zephyr/CMakeFiles/zephyr.dir/subsys/shell/modules/kernel_service/thread/stacks.c.obj
[craaskov:ro] [198/409] Building C object modules/ec/zephyr/CMakeFiles/ec_shim.dir/shim/chip/npcx/rom_chip.c.obj
[pujjocento:ro] [111/399] Building C object CMakeFiles/app.dir/mnt/host/source/src/platform/ec/build/zephyr/pujjocento/modules/ec/common/power_button.c.obj
[kinmen:ro] [208/383] Building C object zephyr/arch/arch/riscv/core/CMakeFiles/arch__riscv__core.dir/thread.c.obj
[pujjocento:rw] [67/399] Building C object CMakeFiles/app.dir/mnt/host/source/src/platform/ec/build/zephyr/pujjocento/modules/ec/common/system_boot_time.c.obj
[kinmen:ro] [209/383] Building ASM object zephyr/arch/arch/riscv/core/CMakeFiles/arch__riscv__core.dir/isr.S.obj
[kinmen:rw] [181/383] Building C object zephyr/CMakeFiles/zephyr.dir/subsys/shell/modules/kernel_service/thread/unwind.c.obj
[kinmen:ro] [210/383] Building C object zephyr/arch/arch/riscv/core/CMakeFiles/arch__riscv__core.dir/tls.c.obj
[craaskov:ro] [199/409] Building C object modules/ec/zephyr/CMakeFiles/ec_shim.dir/shim/chip/npcx/keyboard_raw.c.obj
[kinmen:rw] [182/383] Building C object zephyr/CMakeFiles/zephyr.dir/subsys/shell/modules/kernel_service/thread/suspend.c.obj
[craaskov:ro] [200/409] Building C object modules/ec/zephyr/CMakeFiles/ec_shim.dir/shim/chip/npcx/gpio.c.obj
[kinmen:rw] [183/383] Building C object zephyr/CMakeFiles/zephyr.dir/subsys/shell/modules/kernel_service/thread/resume.c.obj
[kinmen:ro] [211/383] Building C object zephyr/lib/libc/picolibc/CMakeFiles/lib__libc__picolibc.dir/assert.c.obj
[kinmen:ro] [212/383] Building C object zephyr/arch/arch/riscv/core/CMakeFiles/arch__riscv__core.dir/stacktrace.c.obj
[kinmen:rw] [184/383] Building C object zephyr/CMakeFiles/zephyr.dir/subsys/shell/modules/kernel_service/thread/kill.c.obj
[kinmen:ro] [213/383] Linking CXX static library zephyr/arch/arch/riscv/core/libarch__riscv__core.a
[kinmen:ro] [214/383] Building C object zephyr/lib/libc/picolibc/CMakeFiles/lib__libc__picolibc.dir/cbprintf.c.obj
[pujjocento:ro] [112/399] Building C object CMakeFiles/app.dir/mnt/host/source/src/platform/ec/build/zephyr/pujjocento/modules/ec/power/hibernate.c.obj
[craaskov:ro] [201/409] Building C object modules/ec/zephyr/CMakeFiles/ec_shim.dir/shim/chip/npcx/system.c.obj
[pujjocento:ro] [113/399] Building C object CMakeFiles/app.dir/mnt/host/source/src/platform/ec/build/zephyr/pujjocento/modules/ec/common/panic_output.c.obj
[kinmen:ro] [215/383] Building C object zephyr/lib/libc/picolibc/CMakeFiles/lib__libc__picolibc.dir/errno_wrap.c.obj
[pujjocento:ro] [114/399] Building C object CMakeFiles/app.dir/mnt/host/source/src/platform/ec/build/zephyr/pujjocento/modules/ec/common/shared_mem.c.obj
[kinmen:rw] [185/383] Building C object zephyr/CMakeFiles/zephyr.dir/subsys/shell/shell_fprintf.c.obj
[kinmen:rw] [186/383] Building C object zephyr/CMakeFiles/zephyr.dir/subsys/shell/backends/shell_uart.c.obj
[kinmen:ro] [216/383] Building C object zephyr/lib/libc/picolibc/CMakeFiles/lib__libc__picolibc.dir/chk_fail.c.obj
[pujjocento:rw] [68/399] Building C object CMakeFiles/app.dir/mnt/host/source/src/platform/ec/build/zephyr/pujjocento/modules/ec/common/uart_printf.c.obj
[craaskov:ro] [202/409] Building C object modules/ec/zephyr/CMakeFiles/ec_shim.dir/shim/chip/npcx/system_download_from_flash.c.obj
[kinmen:ro] [217/383] Building C object zephyr/lib/libc/picolibc/CMakeFiles/lib__libc__picolibc.dir/locks.c.obj
[kinmen:rw] [187/383] Building C object zephyr/CMakeFiles/zephyr.dir/subsys/shell/shell_utils.c.obj
[kinmen:ro] [218/383] Building C object zephyr/lib/libc/picolibc/CMakeFiles/lib__libc__picolibc.dir/exit.c.obj
[craaskov:ro] [203/409] Building C object modules/ec/zephyr/CMakeFiles/ec_shim.dir/shim/chip/npcx/system_external_storage.c.obj
[kinmen:ro] [219/383] Building C object zephyr/lib/libc/common/CMakeFiles/lib__libc__common.dir/source/time/time.c.obj
[kinmen:ro] [220/383] Building C object zephyr/lib/libc/picolibc/CMakeFiles/lib__libc__picolibc.dir/stdio.c.obj
[kinmen:rw] [188/383] Building C object zephyr/CMakeFiles/zephyr.dir/subsys/shell/shell.c.obj
[kinmen:ro] [221/383] Linking CXX static library zephyr/lib/libc/picolibc/liblib__libc__picolibc.a
[kinmen:ro] [222/383] Building C object zephyr/lib/posix/c_lib_ext/CMakeFiles/lib__posix__c_lib_ext.dir/fnmatch.c.obj
[kinmen:ro] [223/383] Building C object zephyr/lib/libc/common/CMakeFiles/lib__libc__common.dir/source/stdlib/abort.c.obj
[kinmen:ro] [224/383] Linking CXX static library zephyr/lib/libc/common/liblib__libc__common.a
[kinmen:ro] [225/383] Building C object zephyr/subsys/crc/CMakeFiles/subsys__crc.dir/crc4_sw.c.obj
[kinmen:rw] [189/383] Building C object zephyr/CMakeFiles/zephyr.dir/subsys/shell/shell_help.c.obj
[pujjocento:ro] [115/399] Building C object CMakeFiles/app.dir/mnt/host/source/src/platform/ec/build/zephyr/pujjocento/modules/ec/common/spi_flash_reg.c.obj
[craaskov:ro] [204/409] Building C object modules/ec/zephyr/CMakeFiles/ec_shim.dir/shim/chip/npcx/power_policy.c.obj
[pujjocento:ro] [116/399] Building C object CMakeFiles/app.dir/mnt/host/source/src/platform/ec/build/zephyr/pujjocento/modules/ec/common/switch.c.obj
[kinmen:rw] [190/383] Building C object zephyr/CMakeFiles/zephyr.dir/subsys/shell/shell_ops.c.obj
[kinmen:ro] [226/383] Building C object zephyr/subsys/crc/CMakeFiles/subsys__crc.dir/crc16_sw.c.obj
[kinmen:ro] [227/383] Building C object zephyr/subsys/crc/CMakeFiles/subsys__crc.dir/crc8_sw.c.obj
[kinmen:rw] [191/383] Building C object zephyr/CMakeFiles/zephyr.dir/subsys/shell/shell_history.c.obj
[kinmen:ro] [228/383] Building C object zephyr/lib/posix/c_lib_ext/CMakeFiles/lib__posix__c_lib_ext.dir/getentropy.c.obj
[craaskov:ro] [205/409] Building C object modules/ec/zephyr/CMakeFiles/ec_shim.dir/shim/core/cortex-m/mpu.c.obj
[kinmen:ro] [229/383] Building C object zephyr/lib/posix/c_lib_ext/CMakeFiles/lib__posix__c_lib_ext.dir/getopt_shim.c.obj
[kinmen:ro] [230/383] Building C object zephyr/subsys/crc/CMakeFiles/subsys__crc.dir/crc7_sw.c.obj
[kinmen:ro] [231/383] Building C object zephyr/subsys/crc/CMakeFiles/subsys__crc.dir/crc24_sw.c.obj
[craaskov:ro] [206/409] Building C object modules/ec/zephyr/CMakeFiles/ec_shim.dir/shim/core/cortex-m/panic.c.obj
[kinmen:ro] [232/383] Linking CXX static library zephyr/lib/posix/c_lib_ext/liblib__posix__c_lib_ext.a
[pujjocento:rw] [69/399] Building C object CMakeFiles/app.dir/mnt/host/source/src/platform/ec/build/zephyr/pujjocento/modules/ec/common/util.c.obj
[kinmen:ro] [233/383] Building C object zephyr/lib/smf/CMakeFiles/lib__smf.dir/smf.c.obj
[craaskov:ro] [207/409] Building C object modules/ec/zephyr/CMakeFiles/ec_shim.dir/shim/src/crc.c.obj
[kinmen:ro] [234/383] Building C object zephyr/subsys/crc/CMakeFiles/subsys__crc.dir/crc32c_sw.c.obj
[kinmen:rw] [192/383] Building C object zephyr/CMakeFiles/zephyr.dir/drivers/flash/flash_util.c.obj
[kinmen:ro] [235/383] Linking CXX static library zephyr/lib/smf/liblib__smf.a
[kinmen:ro] [236/383] Building C object zephyr/subsys/crc/CMakeFiles/subsys__crc.dir/crc32_sw.c.obj
[pujjocento:ro] [117/399] Building C object CMakeFiles/app.dir/mnt/host/source/src/platform/ec/build/zephyr/pujjocento/modules/ec/common/thermal.c.obj
[kinmen:ro] [237/383] Building C object zephyr/subsys/crc/CMakeFiles/subsys__crc.dir/crc32k_4_2_sw.c.obj
[kinmen:ro] [238/383] Linking CXX static library zephyr/subsys/crc/libsubsys__crc.a
[kinmen:rw] [193/383] Building C object zephyr/arch/common/CMakeFiles/arch__common.dir/sw_isr_common.c.obj
[kinmen:rw] [194/383] Linking CXX static library zephyr/libzephyr.a
[kinmen:rw] [195/383] Building C object zephyr/arch/common/CMakeFiles/arch__common.dir/dynamic_isr.c.obj
[kinmen:rw] [196/383] Building C object zephyr/arch/common/CMakeFiles/arch__common.dir/init.c.obj
[kinmen:ro] [239/383] Building C object zephyr/subsys/input/CMakeFiles/subsys__input.dir/input_hid.c.obj
[kinmen:ro] [240/383] Building C object zephyr/subsys/input/CMakeFiles/subsys__input.dir/input.c.obj
[craaskov:ro] [208/409] Building C object modules/ec/zephyr/CMakeFiles/ec_shim.dir/shim/src/console.c.obj
[pujjocento:ro] [118/399] Building C object CMakeFiles/app.dir/mnt/host/source/src/platform/ec/build/zephyr/pujjocento/modules/ec/driver/temp_sensor/thermistor.c.obj
[pujjocento:ro] [119/399] Building C object CMakeFiles/app.dir/mnt/host/source/src/platform/ec/build/zephyr/pujjocento/modules/ec/common/temp_sensor.c.obj
[kinmen:ro] [241/383] Building C object zephyr/subsys/input/CMakeFiles/subsys__input.dir/input_utils.c.obj
[kinmen:ro] [242/383] Building C object zephyr/drivers/interrupt_controller/CMakeFiles/drivers__interrupt_controller.dir/intc_ite_it8xxx2_v2.c.obj
[kinmen:rw] [197/383] Building C object zephyr/arch/common/CMakeFiles/isr_tables.dir/isr_tables.c.obj
[craaskov:ro] [209/409] Building C object modules/ec/zephyr/CMakeFiles/ec_shim.dir/shim/src/gpio.c.obj
[kinmen:ro] [243/383] Linking CXX static library zephyr/subsys/input/libsubsys__input.a
[craaskov:ro] [210/409] Building C object modules/ec/zephyr/CMakeFiles/ec_shim.dir/shim/src/gpio_int.c.obj
[kinmen:rw] [198/383] Building C object zephyr/arch/common/CMakeFiles/arch__common.dir/xip.c.obj
[kinmen:ro] [244/383] Building C object zephyr/drivers/interrupt_controller/CMakeFiles/drivers__interrupt_controller.dir/wuc_ite_it8xxx2.c.obj
[kinmen:rw] [199/383] Linking CXX static library zephyr/arch/common/libisr_tables.a
[kinmen:rw] [200/383] Building C object zephyr/arch/arch/riscv/core/CMakeFiles/arch__riscv__core.dir/cpu_idle.c.obj
[kinmen:rw] [201/383] Linking CXX static library zephyr/arch/common/libarch__common.a
[kinmen:ro] [245/383] Linking CXX static library zephyr/drivers/interrupt_controller/libdrivers__interrupt_controller.a
[pujjocento:rw] [70/399] Building C object CMakeFiles/app.dir/mnt/host/source/src/platform/ec/build/zephyr/pujjocento/modules/ec/common/version.c.obj
[pujjocento:ro] [120/399] Building C object CMakeFiles/app.dir/mnt/host/source/src/platform/ec/build/zephyr/pujjocento/modules/ec/common/throttle_ap.c.obj
[kinmen:rw] [202/383] Building C object zephyr/arch/arch/riscv/core/CMakeFiles/arch__riscv__core.dir/fatal.c.obj
[kinmen:ro] [246/383] Building C object zephyr/drivers/adc/CMakeFiles/drivers__adc.dir/adc_common.c.obj
[kinmen:rw] [203/383] Building C object zephyr/arch/arch/riscv/core/CMakeFiles/arch__riscv__core.dir/prep_c.c.obj
[craaskov:ro] [211/409] Building C object modules/ec/zephyr/CMakeFiles/ec_shim.dir/shim/src/panic_utils.c.obj
[kinmen:ro] [247/383] Building C object zephyr/drivers/bbram/CMakeFiles/drivers__bbram.dir/bbram_it8xxx2.c.obj
[kinmen:ro] [248/383] Building C object zephyr/drivers/adc/CMakeFiles/drivers__adc.dir/adc_ite_it8xxx2.c.obj
[kinmen:ro] [249/383] Building C object zephyr/drivers/console/CMakeFiles/drivers__console.dir/uart_console.c.obj
[kinmen:ro] [250/383] Linking CXX static library zephyr/drivers/bbram/libdrivers__bbram.a
[kinmen:rw] [204/383] Building C object zephyr/arch/arch/riscv/core/CMakeFiles/arch__riscv__core.dir/irq_manage.c.obj
[kinmen:ro] [251/383] Linking CXX static library zephyr/drivers/adc/libdrivers__adc.a
[kinmen:ro] [252/383] Linking CXX static library zephyr/drivers/console/libdrivers__console.a
[craaskov:ro] [212/409] Building C object modules/ec/zephyr/CMakeFiles/ec_shim.dir/shim/src/pm_state.c.obj
[kinmen:rw] [205/383] Building C object zephyr/arch/arch/riscv/core/CMakeFiles/arch__riscv__core.dir/reboot.c.obj
[craaskov:ro] [213/409] Building C object modules/ec/zephyr/CMakeFiles/ec_shim.dir/shim/src/cbi/cros_cbi.c.obj
[kinmen:ro] [253/383] Building C object zephyr/drivers/crypto/CMakeFiles/drivers__crypto.dir/crypto_it8xxx2_sha_v2.c.obj
[pujjocento:ro] [121/399] Building C object CMakeFiles/app.dir/mnt/host/source/src/platform/ec/build/zephyr/pujjocento/modules/ec/common/timer.c.obj
[kinmen:ro] [254/383] Linking CXX static library zephyr/drivers/crypto/libdrivers__crypto.a
[pujjocento:ro] [122/399] Building C object CMakeFiles/app.dir/mnt/host/source/src/platform/ec/build/zephyr/pujjocento/modules/ec/common/usb_port_power_dumb.c.obj
[kinmen:rw] [206/383] Building ASM object zephyr/arch/arch/riscv/core/CMakeFiles/arch__riscv__core.dir/reset.S.obj
[kinmen:rw] [207/383] Building ASM object zephyr/arch/arch/riscv/core/CMakeFiles/arch__riscv__core.dir/switch.S.obj
[pujjocento:ro] [123/399] Building C object CMakeFiles/app.dir/mnt/host/source/src/platform/ec/build/zephyr/pujjocento/modules/ec/common/usbc_utils.c.obj
[kinmen:rw] [208/383] Building C object zephyr/arch/arch/riscv/core/CMakeFiles/arch__riscv__core.dir/thread.c.obj
[kinmen:ro] [255/383] Building C object zephyr/drivers/flash/CMakeFiles/drivers__flash.dir/flash_ite_it8xxx2.c.obj
[kinmen:ro] [256/383] Building C object zephyr/drivers/i2c/CMakeFiles/drivers__i2c.dir/i2c_common.c.obj
[kinmen:ro] [257/383] Linking CXX static library zephyr/drivers/flash/libdrivers__flash.a
[craaskov:ro] [214/409] Building C object modules/ec/zephyr/CMakeFiles/ec_shim.dir/shim/src/cbi/cros_cbi_fw_config.c.obj
[kinmen:rw] [209/383] Building ASM object zephyr/arch/arch/riscv/core/CMakeFiles/arch__riscv__core.dir/isr.S.obj
[kinmen:ro] [258/383] Building C object zephyr/drivers/espi/CMakeFiles/drivers__espi.dir/espi_it8xxx2.c.obj
[pujjocento:rw] [71/399] Building C object CMakeFiles/app.dir/mnt/host/source/src/platform/ec/build/zephyr/pujjocento/modules/ec/common/power_button_x86.c.obj
[kinmen:ro] [259/383] Linking CXX static library zephyr/drivers/espi/libdrivers__espi.a
[craaskov:ro] [215/409] Building C object modules/ec/zephyr/CMakeFiles/ec_shim.dir/shim/src/cbi/cbi_eeprom.c.obj
[kinmen:ro] [260/383] Building C object zephyr/drivers/i2c/CMakeFiles/drivers__i2c.dir/i2c_bitbang.c.obj
[kinmen:rw] [210/383] Building C object zephyr/arch/arch/riscv/core/CMakeFiles/arch__riscv__core.dir/tls.c.obj
[craaskov:ro] [216/409] Building C object modules/ec/zephyr/CMakeFiles/ec_shim.dir/shim/src/led_driver/led.c.obj
[kinmen:rw] [211/383] Building C object zephyr/lib/libc/picolibc/CMakeFiles/lib__libc__picolibc.dir/assert.c.obj
[kinmen:rw] [212/383] Building C object zephyr/arch/arch/riscv/core/CMakeFiles/arch__riscv__core.dir/stacktrace.c.obj
[pujjocento:ro] [124/399] Building C object CMakeFiles/app.dir/mnt/host/source/src/platform/ec/build/zephyr/pujjocento/modules/ec/common/chargen.c.obj
[kinmen:rw] [213/383] Linking CXX static library zephyr/arch/arch/riscv/core/libarch__riscv__core.a
[craaskov:ro] [217/409] Building ASM object modules/ec/zephyr/CMakeFiles/ec_shim.dir/shim/src/libgcc_arm.S.obj
[kinmen:ro] [261/383] Building C object zephyr/drivers/i2c/CMakeFiles/drivers__i2c.dir/i2c_shell.c.obj
[kinmen:rw] [214/383] Building C object zephyr/lib/libc/picolibc/CMakeFiles/lib__libc__picolibc.dir/cbprintf.c.obj
[kinmen:ro] [262/383] Building C object zephyr/drivers/gpio/CMakeFiles/drivers__gpio.dir/gpio_ite_it8xxx2_v2.c.obj
[pujjocento:ro] [125/399] Building C object CMakeFiles/app.dir/mnt/host/source/src/platform/ec/build/zephyr/pujjocento/modules/ec/common/usb_common.c.obj
[kinmen:ro] [263/383] Linking CXX static library zephyr/drivers/gpio/libdrivers__gpio.a
[pujjocento:ro] [126/399] Building C object CMakeFiles/app.dir/mnt/host/source/src/platform/ec/build/zephyr/pujjocento/modules/ec/common/usb_pd_host_cmd_common.c.obj
[kinmen:ro] [264/383] Building C object zephyr/drivers/input/CMakeFiles/drivers__input.dir/input_ite_it8xxx2_kbd.c.obj
[kinmen:rw] [215/383] Building C object zephyr/lib/libc/picolibc/CMakeFiles/lib__libc__picolibc.dir/chk_fail.c.obj
[craaskov:ro] [218/409] Building C object modules/ec/zephyr/CMakeFiles/ec_shim.dir/shim/src/led_driver/led_pwm.c.obj
[kinmen:ro] [265/383] Building C object zephyr/drivers/i2c/CMakeFiles/drivers__i2c.dir/i2c_ite_enhance.c.obj
[kinmen:ro] [266/383] Building C object zephyr/drivers/input/CMakeFiles/drivers__input.dir/input_kbd_matrix.c.obj
[kinmen:ro] [267/383] Linking CXX static library zephyr/drivers/i2c/libdrivers__i2c.a
[kinmen:ro] [268/383] Linking CXX static library zephyr/drivers/input/libdrivers__input.a
[craaskov:ro] [219/409] Building C object modules/ec/zephyr/CMakeFiles/ec_shim.dir/shim/src/system.c.obj
[kinmen:rw] [216/383] Building C object zephyr/lib/libc/picolibc/CMakeFiles/lib__libc__picolibc.dir/errno_wrap.c.obj
[kinmen:ro] [269/383] Linking CXX static library zephyr/drivers/sensor/libdrivers__sensor.a
[kinmen:ro] [270/383] Building C object zephyr/drivers/pinctrl/CMakeFiles/drivers__pinctrl.dir/common.c.obj
[pujjocento:rw] [72/399] Building C object CMakeFiles/app.dir/mnt/host/source/src/platform/ec/build/zephyr/pujjocento/modules/ec/common/adc.c.obj
[kinmen:rw] [217/383] Building C object zephyr/lib/libc/picolibc/CMakeFiles/lib__libc__picolibc.dir/exit.c.obj
[kinmen:rw] [218/383] Building C object zephyr/lib/libc/picolibc/CMakeFiles/lib__libc__picolibc.dir/locks.c.obj
[craaskov:ro] [220/409] Building C object modules/ec/zephyr/CMakeFiles/ec_shim.dir/shim/src/adc.c.obj
[kinmen:ro] [271/383] Building C object zephyr/drivers/pinctrl/CMakeFiles/drivers__pinctrl.dir/pinctrl_ite_it8xxx2.c.obj
[kinmen:rw] [219/383] Building C object zephyr/lib/libc/common/CMakeFiles/lib__libc__common.dir/source/time/time.c.obj
[kinmen:ro] [272/383] Building C object zephyr/drivers/pwm/CMakeFiles/drivers__pwm.dir/pwm_shell.c.obj
[kinmen:rw] [220/383] Building C object zephyr/lib/libc/picolibc/CMakeFiles/lib__libc__picolibc.dir/stdio.c.obj
[kinmen:rw] [221/383] Building C object zephyr/lib/posix/c_lib_ext/CMakeFiles/lib__posix__c_lib_ext.dir/fnmatch.c.obj
[kinmen:ro] [273/383] Linking CXX static library zephyr/drivers/pinctrl/libdrivers__pinctrl.a
[kinmen:rw] [222/383] Linking CXX static library zephyr/lib/libc/picolibc/liblib__libc__picolibc.a
[pujjocento:ro] [127/399] Building C object CMakeFiles/app.dir/mnt/host/source/src/platform/ec/build/zephyr/pujjocento/modules/ec/common/vboot_hash.c.obj
[kinmen:ro] [274/383] Linking CXX static library zephyr/drivers/syscon/libdrivers__syscon.a
[pujjocento:ro] [128/399] Building C object CMakeFiles/app.dir/mnt/host/source/src/platform/ec/build/zephyr/pujjocento/modules/ec/common/vstore.c.obj
[kinmen:rw] [223/383] Building C object zephyr/lib/libc/common/CMakeFiles/lib__libc__common.dir/source/stdlib/abort.c.obj
[craaskov:ro] [221/409] Building C object modules/ec/zephyr/CMakeFiles/ec_shim.dir/shim/src/battery.c.obj
[kinmen:rw] [224/383] Linking CXX static library zephyr/lib/libc/common/liblib__libc__common.a
[kinmen:ro] [275/383] Building C object zephyr/drivers/pwm/CMakeFiles/drivers__pwm.dir/pwm_ite_it8xxx2.c.obj
[craaskov:ro] [222/409] Building C object modules/ec/zephyr/CMakeFiles/ec_shim.dir/shim/src/charger.c.obj
[kinmen:rw] [225/383] Building C object zephyr/subsys/crc/CMakeFiles/subsys__crc.dir/crc4_sw.c.obj
[pujjocento:ro] [129/399] Building C object CMakeFiles/app.dir/mnt/host/source/src/platform/ec/build/zephyr/pujjocento/modules/ec/common/vboot/efs2.c.obj
[kinmen:ro] [276/383] Linking CXX static library zephyr/drivers/pwm/libdrivers__pwm.a
[kinmen:ro] [277/383] Building C object zephyr/drivers/serial/CMakeFiles/drivers__serial.dir/uart_ite_it8xxx2.c.obj
[kinmen:rw] [226/383] Building C object zephyr/subsys/crc/CMakeFiles/subsys__crc.dir/crc8_sw.c.obj
[kinmen:ro] [278/383] Building C object zephyr/drivers/sensor/ite/ite_tach_it8xxx2/CMakeFiles/drivers__sensor__ite__ite_tach_it8xxx2.dir/tach_ite_it8xxx2.c.obj
[kinmen:ro] [279/383] Linking CXX static library zephyr/drivers/sensor/ite/ite_tach_it8xxx2/libdrivers__sensor__ite__ite_tach_it8xxx2.a
[kinmen:rw] [227/383] Building C object zephyr/lib/posix/c_lib_ext/CMakeFiles/lib__posix__c_lib_ext.dir/getopt_shim.c.obj
[craaskov:ro] [223/409] Building C object modules/ec/zephyr/CMakeFiles/ec_shim.dir/shim/src/chipset_api.c.obj
[kinmen:rw] [228/383] Building C object zephyr/subsys/crc/CMakeFiles/subsys__crc.dir/crc16_sw.c.obj
[kinmen:ro] [280/383] Building C object zephyr/drivers/timer/CMakeFiles/drivers__timer.dir/sys_clock_init.c.obj
[kinmen:rw] [229/383] Building C object zephyr/lib/posix/c_lib_ext/CMakeFiles/lib__posix__c_lib_ext.dir/getentropy.c.obj
[kinmen:ro] [281/383] Building C object zephyr/drivers/serial/CMakeFiles/drivers__serial.dir/uart_ns16550.c.obj
[kinmen:rw] [230/383] Building C object zephyr/lib/smf/CMakeFiles/lib__smf.dir/smf.c.obj
[kinmen:rw] [231/383] Linking CXX static library zephyr/lib/posix/c_lib_ext/liblib__posix__c_lib_ext.a
[pujjocento:rw] [73/399] Building C object CMakeFiles/app.dir/mnt/host/source/src/platform/ec/build/zephyr/pujjocento/modules/ec/common/acpi.c.obj
[kinmen:rw] [232/383] Building C object zephyr/subsys/crc/CMakeFiles/subsys__crc.dir/crc7_sw.c.obj
[kinmen:rw] [233/383] Linking CXX static library zephyr/lib/smf/liblib__smf.a
[kinmen:ro] [282/383] Linking CXX static library zephyr/drivers/serial/libdrivers__serial.a
[pujjocento:ro] [130/399] Building C object CMakeFiles/app.dir/mnt/host/source/src/platform/ec/build/zephyr/pujjocento/modules/ec/common/math_util.c.obj
[kinmen:rw] [234/383] Building C object zephyr/subsys/crc/CMakeFiles/subsys__crc.dir/crc24_sw.c.obj
[kinmen:rw] [235/383] Building C object zephyr/subsys/crc/CMakeFiles/subsys__crc.dir/crc32k_4_2_sw.c.obj
[kinmen:ro] [283/383] Building C object zephyr/drivers/timer/CMakeFiles/drivers__timer.dir/ite_it8xxx2_timer.c.obj
[kinmen:rw] [236/383] Building C object zephyr/subsys/crc/CMakeFiles/subsys__crc.dir/crc32c_sw.c.obj
[kinmen:rw] [237/383] Building C object zephyr/subsys/crc/CMakeFiles/subsys__crc.dir/crc32_sw.c.obj
[kinmen:ro] [284/383] Building C object zephyr/drivers/watchdog/CMakeFiles/drivers__watchdog.dir/wdt_ite_it8xxx2.c.obj
[kinmen:ro] [285/383] Linking CXX static library zephyr/drivers/timer/libdrivers__timer.a
[kinmen:rw] [238/383] Linking CXX static library zephyr/subsys/crc/libsubsys__crc.a
[pujjocento:ro] [131/399] Building C object CMakeFiles/app.dir/src/board_power.c.obj
[craaskov:ro] [224/409] Building C object modules/ec/zephyr/CMakeFiles/ec_shim.dir/shim/src/espi.c.obj
[kinmen:ro] [286/383] Building C object zephyr/drivers/watchdog/CMakeFiles/drivers__watchdog.dir/wdt_shell.c.obj
[kinmen:ro] [287/383] Linking CXX static library zephyr/drivers/watchdog/libdrivers__watchdog.a
[kinmen:rw] [239/383] Building C object zephyr/subsys/input/CMakeFiles/subsys__input.dir/input_hid.c.obj
[pujjocento:ro] [132/399] Building C object CMakeFiles/app.dir/pujjocento/src/board.c.obj
[kinmen:ro] [288/383] Building C object modules/ec/zephyr/CMakeFiles/ec_shim.dir/app/ec/main_shim.c.obj
[craaskov:ro] [225/409] Building C object modules/ec/zephyr/CMakeFiles/ec_shim.dir/shim/src/flash.c.obj
[craaskov:ro] [226/409] Building C object modules/ec/zephyr/CMakeFiles/ec_shim.dir/shim/src/fan.c.obj
[kinmen:rw] [240/383] Building C object zephyr/subsys/input/CMakeFiles/subsys__input.dir/input.c.obj
[kinmen:rw] [241/383] Building C object zephyr/subsys/input/CMakeFiles/subsys__input.dir/input_utils.c.obj
[kinmen:ro] [289/383] Building C object modules/ec/zephyr/CMakeFiles/ec_shim.dir/app/ec/ec_app_main.c.obj
[kinmen:rw] [242/383] Linking CXX static library zephyr/subsys/input/libsubsys__input.a
[kinmen:rw] [243/383] Building C object zephyr/drivers/interrupt_controller/CMakeFiles/drivers__interrupt_controller.dir/intc_ite_it8xxx2_v2.c.obj
[pujjocento:ro] [133/399] Building C object CMakeFiles/app.dir/pujjocento/src/charger.c.obj
[kinmen:ro] [290/383] Building C object modules/ec/zephyr/CMakeFiles/ec_shim.dir/app/ec/chip/riscv/riscv-ite/it8xxx2-espi.c.obj
[pujjocento:rw] [74/399] Building C object CMakeFiles/app.dir/mnt/host/source/src/platform/ec/build/zephyr/pujjocento/modules/ec/common/backlight_lid.c.obj
[kinmen:ro] [291/383] Building C object modules/ec/zephyr/CMakeFiles/ec_shim.dir/drivers/cros_flash/cros_flash_it8xxx2.c.obj
[kinmen:ro] [292/383] Building C object modules/ec/zephyr/CMakeFiles/ec_shim.dir/drivers/cros_kblight/pwm_kblight.c.obj
[craaskov:ro] [227/409] Building C object modules/ec/zephyr/CMakeFiles/ec_shim.dir/shim/src/hooks.c.obj
[kinmen:ro] [293/383] Building C object modules/ec/zephyr/CMakeFiles/ec_shim.dir/drivers/keyboard_input/keyboard_customization_check.c.obj
[kinmen:rw] [244/383] Building C object zephyr/drivers/interrupt_controller/CMakeFiles/drivers__interrupt_controller.dir/wuc_ite_it8xxx2.c.obj
[kinmen:rw] [245/383] Linking CXX static library zephyr/drivers/interrupt_controller/libdrivers__interrupt_controller.a
[pujjocento:ro] [134/399] Building C object CMakeFiles/app.dir/pujjocento/src/touchpanel.c.obj
[kinmen:rw] [246/383] Building C object zephyr/drivers/adc/CMakeFiles/drivers__adc.dir/adc_common.c.obj
[pujjocento:ro] [135/399] Building C object CMakeFiles/app.dir/pujjocento/src/keyboard_customization.c.obj
[craaskov:ro] [228/409] Building C object modules/ec/zephyr/CMakeFiles/ec_shim.dir/shim/src/console_buffer.c.obj
[pujjocento:ro] [136/399] Building C object zephyr/CMakeFiles/zephyr.dir/lib/cpp/abi/cpp_dtors.c.obj
[kinmen:ro] [294/383] Building C object modules/ec/zephyr/CMakeFiles/ec_shim.dir/drivers/cros_system/cros_system_it8xxx2.c.obj
[craaskov:ro] [229/409] Building C object modules/ec/zephyr/CMakeFiles/ec_shim.dir/shim/src/host_command.c.obj
[pujjocento:ro] [137/399] Linking CXX static library app/libapp.a
[kinmen:rw] [247/383] Building C object zephyr/drivers/bbram/CMakeFiles/drivers__bbram.dir/bbram_it8xxx2.c.obj
[kinmen:rw] [248/383] Linking CXX static library zephyr/drivers/bbram/libdrivers__bbram.a
[pujjocento:ro] [138/399] Building C object zephyr/CMakeFiles/zephyr.dir/lib/libc/validate_libc.c.obj
[kinmen:ro] [295/383] Building C object modules/ec/zephyr/CMakeFiles/ec_shim.dir/drivers/usbc/ucsi_v3.c.obj
[kinmen:rw] [249/383] Building C object zephyr/drivers/adc/CMakeFiles/drivers__adc.dir/adc_ite_it8xxx2.c.obj
[kinmen:rw] [250/383] Linking CXX static library zephyr/drivers/adc/libdrivers__adc.a
[kinmen:ro] [296/383] Building C object modules/ec/zephyr/CMakeFiles/ec_shim.dir/drivers/keyboard_input/col_gpio_drive.c.obj
[kinmen:ro] [297/383] Building C object modules/ec/zephyr/CMakeFiles/ec_shim.dir/drivers/hibernate/hibernate_z5.c.obj
[kinmen:rw] [251/383] Building C object zephyr/drivers/console/CMakeFiles/drivers__console.dir/uart_console.c.obj
[kinmen:rw] [252/383] Linking CXX static library zephyr/drivers/console/libdrivers__console.a
[craaskov:ro] [230/409] Building C object modules/ec/zephyr/CMakeFiles/ec_shim.dir/shim/src/keyboard_raw.c.obj
[kinmen:ro] [298/383] Building C object modules/ec/zephyr/CMakeFiles/ec_shim.dir/drivers/keyboard_input/keyboard_input.c.obj
[kinmen:rw] [253/383] Building C object zephyr/drivers/crypto/CMakeFiles/drivers__crypto.dir/crypto_it8xxx2_sha_v2.c.obj
[kinmen:rw] [254/383] Linking CXX static library zephyr/drivers/crypto/libdrivers__crypto.a
[pujjocento:ro] [139/399] Building C object zephyr/CMakeFiles/zephyr.dir/lib/heap/heap.c.obj
[craaskov:ro] [231/409] Building C object modules/ec/zephyr/CMakeFiles/ec_shim.dir/shim/src/keyscan.c.obj
[craaskov:ro] [232/409] Building C object modules/ec/zephyr/CMakeFiles/ec_shim.dir/shim/src/mkbp_event.c.obj
[pujjocento:ro] [140/399] Building C object zephyr/CMakeFiles/zephyr.dir/lib/os/cbprintf_packaged.c.obj
[kinmen:rw] [255/383] Building C object zephyr/drivers/flash/CMakeFiles/drivers__flash.dir/flash_ite_it8xxx2.c.obj
[kinmen:rw] [256/383] Linking CXX static library zephyr/drivers/flash/libdrivers__flash.a
[pujjocento:ro] [141/399] Building C object zephyr/CMakeFiles/zephyr.dir/lib/os/clock.c.obj
[kinmen:ro] [299/383] Building C object modules/ec/zephyr/CMakeFiles/ec_shim.dir/drivers/runtime_keys/runtime_keys.c.obj
[kinmen:ro] [300/383] Building C object modules/ec/zephyr/CMakeFiles/ec_shim.dir/drivers/boot_keys/boot_keys.c.obj
[kinmen:ro] [301/383] Building C object modules/ec/zephyr/CMakeFiles/ec_shim.dir/drivers/usbc/tps6699x_cmd.c.obj
[kinmen:rw] [257/383] Building C object zephyr/drivers/i2c/CMakeFiles/drivers__i2c.dir/i2c_common.c.obj
[kinmen:ro] [302/383] Building C object modules/ec/zephyr/CMakeFiles/ec_shim.dir/drivers/vivaldi_kbd/vivaldi_kbd.c.obj
[craaskov:ro] [233/409] Building C object modules/ec/zephyr/CMakeFiles/ec_shim.dir/shim/src/motionsense_sensors.c.obj
[pujjocento:rw] [75/399] Building C object CMakeFiles/app.dir/mnt/host/source/src/platform/ec/build/zephyr/pujjocento/modules/ec/common/battery.c.obj
[kinmen:rw] [258/383] Building C object zephyr/drivers/espi/CMakeFiles/drivers__espi.dir/espi_it8xxx2.c.obj
[kinmen:rw] [259/383] Linking CXX static library zephyr/drivers/espi/libdrivers__espi.a
[craaskov:ro] [234/409] Building C object modules/ec/zephyr/CMakeFiles/ec_shim.dir/shim/src/panic.c.obj
[pujjocento:ro] [142/399] Building C object zephyr/CMakeFiles/zephyr.dir/lib/os/printk.c.obj
[pujjocento:ro] [143/399] Building C object zephyr/CMakeFiles/zephyr.dir/lib/os/sem.c.obj
[kinmen:ro] [303/383] Building C object modules/ec/zephyr/CMakeFiles/ec_shim.dir/drivers/usbc/pdc_tps6699x.c.obj
[kinmen:rw] [260/383] Building C object zephyr/drivers/i2c/CMakeFiles/drivers__i2c.dir/i2c_bitbang.c.obj
[craaskov:ro] [235/409] Building C object modules/ec/zephyr/CMakeFiles/ec_shim.dir/shim/src/temp_sensors.c.obj
[kinmen:ro] [304/383] Building C object modules/ec/zephyr/CMakeFiles/ec_shim.dir/shim/chip/it8xxx2/clock.c.obj
[kinmen:rw] [261/383] Building C object zephyr/drivers/gpio/CMakeFiles/drivers__gpio.dir/gpio_ite_it8xxx2_v2.c.obj
[kinmen:rw] [262/383] Linking CXX static library zephyr/drivers/gpio/libdrivers__gpio.a
[pujjocento:ro] [144/399] Building C object zephyr/CMakeFiles/zephyr.dir/lib/os/thread_entry.c.obj
[kinmen:ro] [305/383] Building C object modules/ec/zephyr/CMakeFiles/ec_shim.dir/shim/chip/it8xxx2/system.c.obj
[kinmen:ro] [306/383] Building C object modules/ec/zephyr/CMakeFiles/ec_shim.dir/shim/src/crc.c.obj
[kinmen:ro] [307/383] Building C object modules/ec/zephyr/CMakeFiles/ec_shim.dir/shim/chip/it8xxx2/power_policy.c.obj
[craaskov:ro] [236/409] Building C object modules/ec/zephyr/CMakeFiles/ec_shim.dir/shim/src/hwtimer.c.obj
[pujjocento:ro] [145/399] Building C object zephyr/CMakeFiles/zephyr.dir/lib/utils/dec.c.obj
[pujjocento:ro] [146/399] Building C object zephyr/CMakeFiles/zephyr.dir/lib/os/cbprintf_nano.c.obj
[kinmen:rw] [263/383] Building C object zephyr/drivers/i2c/CMakeFiles/drivers__i2c.dir/i2c_shell.c.obj
[craaskov:ro] [237/409] Building C object modules/ec/zephyr/CMakeFiles/ec_shim.dir/shim/src/thermal.c.obj
[pujjocento:rw] [76/399] Building C object CMakeFiles/app.dir/mnt/host/source/src/platform/ec/build/zephyr/pujjocento/modules/ec/common/battery_info.c.obj
[kinmen:ro] [308/383] Building C object modules/ec/zephyr/CMakeFiles/ec_shim.dir/shim/chip/it8xxx2/gpio.c.obj
[kinmen:rw] [264/383] Building C object zephyr/drivers/i2c/CMakeFiles/drivers__i2c.dir/i2c_ite_enhance.c.obj
[pujjocento:ro] [147/399] Building C object zephyr/CMakeFiles/zephyr.dir/lib/os/assert.c.obj
[pujjocento:ro] [148/399] Building C object zephyr/CMakeFiles/zephyr.dir/lib/utils/hex.c.obj
[kinmen:rw] [265/383] Linking CXX static library zephyr/drivers/i2c/libdrivers__i2c.a
[kinmen:rw] [266/383] Building C object zephyr/drivers/input/CMakeFiles/drivers__input.dir/input_ite_it8xxx2_kbd.c.obj
[kinmen:rw] [267/383] Building C object zephyr/drivers/input/CMakeFiles/drivers__input.dir/input_kbd_matrix.c.obj
[craaskov:ro] [238/409] Building C object modules/ec/zephyr/CMakeFiles/ec_shim.dir/shim/src/i2c.c.obj
[kinmen:ro] [309/383] Building C object modules/ec/zephyr/CMakeFiles/ec_shim.dir/shim/src/console.c.obj
[pujjocento:ro] [149/399] Building C object zephyr/CMakeFiles/zephyr.dir/lib/utils/timeutil.c.obj
[kinmen:rw] [268/383] Linking CXX static library zephyr/drivers/input/libdrivers__input.a
[kinmen:rw] [269/383] Building C object zephyr/drivers/pinctrl/CMakeFiles/drivers__pinctrl.dir/common.c.obj
[kinmen:ro] [310/383] Building C object modules/ec/zephyr/CMakeFiles/ec_shim.dir/shim/src/gpio_int.c.obj
[kinmen:rw] [270/383] Linking CXX static library zephyr/drivers/sensor/libdrivers__sensor.a
[kinmen:ro] [311/383] Building C object modules/ec/zephyr/CMakeFiles/ec_shim.dir/shim/src/panic_utils.c.obj
[pujjocento:ro] [150/399] Building C object zephyr/CMakeFiles/zephyr.dir/lib/utils/rb.c.obj
[kinmen:ro] [312/383] Building C object modules/ec/zephyr/CMakeFiles/ec_shim.dir/shim/src/gpio.c.obj
[pujjocento:ro] [151/399] Building C object zephyr/CMakeFiles/zephyr.dir/lib/utils/bitmask.c.obj
[kinmen:ro] [313/383] Building C object modules/ec/zephyr/CMakeFiles/ec_shim.dir/shim/src/pm_state.c.obj
[craaskov:ro] [239/409] Building C object modules/ec/zephyr/CMakeFiles/ec_shim.dir/shim/src/tasks.c.obj
[craaskov:ro] [240/409] Building C object modules/ec/zephyr/CMakeFiles/ec_shim.dir/shim/src/watchdog.c.obj
[kinmen:rw] [271/383] Building C object zephyr/drivers/pwm/CMakeFiles/drivers__pwm.dir/pwm_shell.c.obj
[pujjocento:ro] [152/399] Building C object zephyr/CMakeFiles/zephyr.dir/lib/utils/bitarray.c.obj
[craaskov:ro] [241/409] Building C object modules/ec/zephyr/CMakeFiles/ec_shim.dir/shim/src/usba.c.obj
[kinmen:rw] [272/383] Building C object zephyr/drivers/pinctrl/CMakeFiles/drivers__pinctrl.dir/pinctrl_ite_it8xxx2.c.obj
[kinmen:rw] [273/383] Linking CXX static library zephyr/drivers/pinctrl/libdrivers__pinctrl.a
[kinmen:rw] [274/383] Building C object zephyr/drivers/pwm/CMakeFiles/drivers__pwm.dir/pwm_ite_it8xxx2.c.obj
[kinmen:ro] [314/383] Building C object modules/ec/zephyr/CMakeFiles/ec_shim.dir/shim/src/cbi/cros_cbi.c.obj
[craaskov:ro] [242/409] cd /mnt/host/source/src/platform/ec/build/zephyr/craaskov/build-ro/modules/ec/zephyr && PYTHONPATH=/mnt/host/source/src/platform/ec/build/zephyr/craaskov/modules/ec/zephyr/zmake/ /usr/bin/python3.11 /mnt/host/source/src/platform/ec/build/zephyr/craaskov/modules/ec/zephyr/zmake/zephyr_build_tools/generate_ec_version.py /mnt/host/source/src/platform/ec/build/zephyr/craaskov/build-ro/modules/ec/zephyr/include/ec_version.h --name Zephyr-Kernel --version 16543.0.0 --static
[craaskov:ro] INFO:root:Using a static version string
[pujjocento:ro] [153/399] Building C object zephyr/CMakeFiles/zephyr.dir/lib/utils/ring_buffer.c.obj
[kinmen:rw] [275/383] Linking CXX static library zephyr/drivers/pwm/libdrivers__pwm.a
[pujjocento:rw] [77/399] Building C object CMakeFiles/app.dir/mnt/host/source/src/platform/ec/build/zephyr/pujjocento/modules/ec/common/battery_fuel_gauge.c.obj
[kinmen:rw] [276/383] Building C object zephyr/drivers/sensor/ite/ite_tach_it8xxx2/CMakeFiles/drivers__sensor__ite__ite_tach_it8xxx2.dir/tach_ite_it8xxx2.c.obj
[kinmen:rw] [277/383] Linking CXX static library zephyr/drivers/syscon/libdrivers__syscon.a
[kinmen:ro] [315/383] Building C object modules/ec/zephyr/CMakeFiles/ec_shim.dir/shim/src/cbi/cbi_flash.c.obj
[kinmen:rw] [278/383] Linking CXX static library zephyr/drivers/sensor/ite/ite_tach_it8xxx2/libdrivers__sensor__ite__ite_tach_it8xxx2.a
[pujjocento:ro] [154/399] Building C object zephyr/CMakeFiles/zephyr.dir/lib/utils/last_section_id.c.obj
[pujjocento:ro] [155/399] Building C object zephyr/CMakeFiles/zephyr.dir/lib/utils/getopt/getopt.c.obj
[kinmen:ro] [316/383] Building C object modules/ec/zephyr/CMakeFiles/ec_shim.dir/shim/src/led_driver/led_gpio.c.obj
[pujjocento:ro] [156/399] Building C object zephyr/CMakeFiles/zephyr.dir/lib/utils/getopt/getopt_common.c.obj
[craaskov:ro] INFO:root:Version string: Zephyr-Kernel-16543.0.0
[craaskov:ro] INFO:root:Writing header to /mnt/host/source/src/platform/ec/build/zephyr/craaskov/build-ro/modules/ec/zephyr/include/ec_version.h
[craaskov:ro] [243/409] Building C object modules/ec/zephyr/CMakeFiles/ec_shim.dir/shim/src/power_host_sleep_api.c.obj
[kinmen:rw] [279/383] Building C object zephyr/drivers/serial/CMakeFiles/drivers__serial.dir/uart_ite_it8xxx2.c.obj
[kinmen:ro] [317/383] Building C object modules/ec/zephyr/CMakeFiles/ec_shim.dir/shim/src/led_driver/led.c.obj
[pujjocento:ro] [157/399] Building C object zephyr/CMakeFiles/zephyr.dir/misc/generated/configs.c.obj
[craaskov:ro] [244/409] Building C object modules/ec/zephyr/CMakeFiles/ec_shim.dir/shim/src/usb_muxes.c.obj
[kinmen:ro] [318/383] Building C object modules/ec/zephyr/CMakeFiles/ec_shim.dir/shim/src/system.c.obj
[kinmen:rw] [280/383] Building C object zephyr/drivers/timer/CMakeFiles/drivers__timer.dir/sys_clock_init.c.obj
[kinmen:rw] [281/383] Building C object zephyr/drivers/serial/CMakeFiles/drivers__serial.dir/uart_ns16550.c.obj
[kinmen:rw] [282/383] Linking CXX static library zephyr/drivers/serial/libdrivers__serial.a
[kinmen:ro] [319/383] Building C object modules/ec/zephyr/CMakeFiles/ec_shim.dir/shim/src/pdc_shim.c.obj
[craaskov:ro] [245/409] Building C object CMakeFiles/app.dir/mnt/host/source/src/platform/ec/zephyr/subsys/ap_pwrseq/ap_events.c.obj
[kinmen:rw] [283/383] Building C object zephyr/drivers/timer/CMakeFiles/drivers__timer.dir/ite_it8xxx2_timer.c.obj
[kinmen:rw] [284/383] Linking CXX static library zephyr/drivers/timer/libdrivers__timer.a
[kinmen:ro] [320/383] Building C object modules/ec/zephyr/CMakeFiles/ec_shim.dir/shim/src/adc.c.obj
[kinmen:ro] [321/383] Building C object modules/ec/zephyr/CMakeFiles/ec_shim.dir/shim/src/battery.c.obj
[kinmen:rw] [285/383] Building C object zephyr/drivers/watchdog/CMakeFiles/drivers__watchdog.dir/wdt_ite_it8xxx2.c.obj
[pujjocento:ro] [158/399] Building C object zephyr/CMakeFiles/zephyr.dir/soc/nuvoton/npcx/common/power.c.obj
[pujjocento:ro] [159/399] Building C object zephyr/CMakeFiles/zephyr.dir/soc/nuvoton/npcx/common/npcxn/registers.c.obj
[kinmen:ro] [322/383] Building C object modules/ec/zephyr/CMakeFiles/ec_shim.dir/shim/src/charger.c.obj
[pujjocento:rw] [78/399] Building C object CMakeFiles/app.dir/mnt/host/source/src/platform/ec/build/zephyr/pujjocento/modules/ec/driver/battery/smart.c.obj
[pujjocento:ro] [160/399] Building C object zephyr/CMakeFiles/zephyr.dir/soc/nuvoton/npcx/common/scfg.c.obj
[craaskov:ro] [246/409] Building C object CMakeFiles/app.dir/mnt/host/source/src/platform/ec/zephyr/subsys/ap_pwrseq/power_signals.c.obj
[craaskov:ro] [247/409] Building C object CMakeFiles/app.dir/mnt/host/source/src/platform/ec/zephyr/subsys/ap_pwrseq/ap_power_interface.c.obj
[kinmen:rw] [286/383] Building C object zephyr/drivers/watchdog/CMakeFiles/drivers__watchdog.dir/wdt_shell.c.obj
[kinmen:ro] [323/383] Building C object modules/ec/zephyr/CMakeFiles/ec_shim.dir/shim/src/chipset_api.c.obj
[kinmen:rw] [287/383] Linking CXX static library zephyr/drivers/watchdog/libdrivers__watchdog.a
[kinmen:rw] [288/383] Building C object modules/ec/zephyr/CMakeFiles/ec_shim.dir/app/ec/main_shim.c.obj
[craaskov:ro] [248/409] Building C object CMakeFiles/app.dir/mnt/host/source/src/platform/ec/zephyr/subsys/ap_pwrseq/signal_gpio.c.obj
[kinmen:rw] [289/383] Building C object modules/ec/zephyr/CMakeFiles/ec_shim.dir/app/ec/ec_app_main.c.obj
[kinmen:rw] [290/383] Building C object modules/ec/zephyr/CMakeFiles/ec_shim.dir/app/ec/chip/riscv/riscv-ite/it8xxx2-espi.c.obj
[pujjocento:ro] [161/399] Building C object zephyr/CMakeFiles/zephyr.dir/soc/nuvoton/npcx/npcx9/soc.c.obj
[kinmen:ro] [324/383] Building C object modules/ec/zephyr/CMakeFiles/ec_shim.dir/shim/src/espi.c.obj
[pujjocento:ro] [162/399] Building C object zephyr/CMakeFiles/zephyr.dir/subsys/logging/log_minimal.c.obj
[kinmen:ro] [325/383] Building C object modules/ec/zephyr/CMakeFiles/ec_shim.dir/shim/src/flash.c.obj
[pujjocento:ro] [163/399] Building C object zephyr/CMakeFiles/zephyr.dir/subsys/mem_mgmt/mem_attr.c.obj
[kinmen:ro] [326/383] Building C object modules/ec/zephyr/CMakeFiles/ec_shim.dir/shim/src/hooks.c.obj
[craaskov:ro] [249/409] Building C object CMakeFiles/app.dir/mnt/host/source/src/platform/ec/zephyr/subsys/ap_pwrseq/signal_vw.c.obj
[kinmen:ro] [327/383] Building C object modules/ec/zephyr/CMakeFiles/ec_shim.dir/shim/src/fan.c.obj
[craaskov:ro] [250/409] Building C object CMakeFiles/app.dir/mnt/host/source/src/platform/ec/zephyr/subsys/ap_pwrseq/signal_adc.c.obj
[kinmen:ro] [328/383] Building C object modules/ec/zephyr/CMakeFiles/ec_shim.dir/shim/src/host_command.c.obj
[kinmen:rw] [291/383] Building C object modules/ec/zephyr/CMakeFiles/ec_shim.dir/drivers/cros_flash/cros_flash_it8xxx2.c.obj
[pujjocento:rw] [79/399] Building C object CMakeFiles/app.dir/mnt/host/source/src/platform/ec/build/zephyr/pujjocento/modules/ec/driver/charger/bq25710.c.obj
[kinmen:rw] [292/383] Building C object modules/ec/zephyr/CMakeFiles/ec_shim.dir/drivers/cros_kblight/pwm_kblight.c.obj
[kinmen:rw] [293/383] Building C object modules/ec/zephyr/CMakeFiles/ec_shim.dir/drivers/keyboard_input/keyboard_customization_check.c.obj
[pujjocento:ro] [164/399] Building C object zephyr/CMakeFiles/zephyr.dir/subsys/pm/state.c.obj
[craaskov:ro] [251/409] Building C object CMakeFiles/app.dir/mnt/host/source/src/platform/ec/zephyr/subsys/ap_pwrseq/power_host_sleep.c.obj
[kinmen:rw] [294/383] Building C object modules/ec/zephyr/CMakeFiles/ec_shim.dir/drivers/cros_system/cros_system_it8xxx2.c.obj
[kinmen:ro] [329/383] Building C object modules/ec/zephyr/CMakeFiles/ec_shim.dir/shim/src/console_buffer.c.obj
[kinmen:rw] [295/383] Building C object modules/ec/zephyr/CMakeFiles/ec_shim.dir/drivers/hibernate/hibernate_z5.c.obj
[pujjocento:ro] [165/399] Building C object zephyr/CMakeFiles/zephyr.dir/subsys/pm/pm.c.obj
[kinmen:ro] [330/383] Building C object modules/ec/zephyr/CMakeFiles/ec_shim.dir/shim/src/mkbp_event.c.obj
[pujjocento:ro] [166/399] Building C object zephyr/CMakeFiles/zephyr.dir/subsys/pm/policy/policy_events.c.obj
[kinmen:ro] [331/383] Building C object modules/ec/zephyr/CMakeFiles/ec_shim.dir/shim/src/panic.c.obj
[kinmen:ro] [332/383] Building C object modules/ec/zephyr/CMakeFiles/ec_shim.dir/shim/src/pwm_hc.c.obj
[craaskov:ro] [252/409] Building C object CMakeFiles/app.dir/mnt/host/source/src/platform/ec/zephyr/subsys/ap_pwrseq/x86_non_dsx_common_pwrseq_sm_handler.c.obj
[kinmen:ro] [333/383] Building C object modules/ec/zephyr/CMakeFiles/ec_shim.dir/shim/src/temp_sensors.c.obj
[craaskov:ro] [253/409] Building C object CMakeFiles/app.dir/mnt/host/source/src/platform/ec/zephyr/subsys/ap_pwrseq/x86_non_dsx_chipset_power_state.c.obj
[kinmen:rw] [296/383] Building C object modules/ec/zephyr/CMakeFiles/ec_shim.dir/drivers/usbc/ucsi_v3.c.obj
[kinmen:rw] [297/383] Building C object modules/ec/zephyr/CMakeFiles/ec_shim.dir/drivers/keyboard_input/keyboard_input.c.obj
[pujjocento:ro] [167/399] Building C object zephyr/CMakeFiles/zephyr.dir/subsys/pm/policy/policy_latency.c.obj
[kinmen:rw] [298/383] Building C object modules/ec/zephyr/CMakeFiles/ec_shim.dir/drivers/keyboard_input/col_gpio_drive.c.obj
[kinmen:ro] [334/383] Building C object modules/ec/zephyr/CMakeFiles/ec_shim.dir/shim/src/hwtimer.c.obj
[craaskov:ro] [254/409] Building C object CMakeFiles/app.dir/mnt/host/source/src/platform/ec/zephyr/subsys/ap_pwrseq/x86_non_dsx_common_pwrseq_host_sleep.c.obj
[pujjocento:ro] [168/399] Building C object zephyr/CMakeFiles/zephyr.dir/subsys/pm/policy/policy_state_lock.c.obj
[kinmen:ro] [335/383] Building C object modules/ec/zephyr/CMakeFiles/ec_shim.dir/shim/src/thermal.c.obj
[kinmen:ro] [336/383] Building C object modules/ec/zephyr/CMakeFiles/ec_shim.dir/shim/src/i2c.c.obj
[pujjocento:ro] [169/399] Building C object zephyr/CMakeFiles/zephyr.dir/subsys/pm/device.c.obj
[craaskov:ro] [255/409] Building C object CMakeFiles/app.dir/mnt/host/source/src/platform/ec/zephyr/subsys/ap_pwrseq/x86_non_dsx_common_pwrseq_console.c.obj
[kinmen:ro] [337/383] Building C object modules/ec/zephyr/CMakeFiles/ec_shim.dir/shim/src/tasks.c.obj
[pujjocento:ro] [170/399] Building C object zephyr/CMakeFiles/zephyr.dir/subsys/pm/device_runtime.c.obj
[pujjocento:rw] [80/399] Building C object CMakeFiles/app.dir/mnt/host/source/src/platform/ec/build/zephyr/pujjocento/modules/ec/common/charger.c.obj
[craaskov:ro] [256/409] Building C object CMakeFiles/app.dir/mnt/host/source/src/platform/ec/zephyr/subsys/ap_pwrseq/x86_non_dsx_common_pwrseq_host_command.c.obj
[kinmen:rw] [299/383] Building C object modules/ec/zephyr/CMakeFiles/ec_shim.dir/drivers/runtime_keys/runtime_keys.c.obj
[kinmen:ro] [338/383] Building C object modules/ec/zephyr/CMakeFiles/ec_shim.dir/shim/src/watchdog.c.obj
[kinmen:rw] [300/383] Building C object modules/ec/zephyr/CMakeFiles/ec_shim.dir/drivers/boot_keys/boot_keys.c.obj
[kinmen:ro] [339/383] Building C object modules/ec/zephyr/CMakeFiles/ec_shim.dir/shim/src/usba.c.obj
[kinmen:rw] [301/383] Building C object modules/ec/zephyr/CMakeFiles/ec_shim.dir/drivers/usbc/tps6699x_cmd.c.obj
[pujjocento:ro] [171/399] Building C object zephyr/CMakeFiles/zephyr.dir/subsys/pm/device_system_managed.c.obj
[kinmen:rw] [302/383] Building C object modules/ec/zephyr/CMakeFiles/ec_shim.dir/drivers/usbc/pdc_tps6699x.c.obj
[kinmen:ro] [340/383] Building C object modules/ec/zephyr/CMakeFiles/ec_shim.dir/shim/src/power_host_sleep_api.c.obj
[craaskov:ro] [257/409] Building C object CMakeFiles/app.dir/mnt/host/source/src/platform/ec/zephyr/subsys/ap_pwrseq/x86_non_dsx_adlp_pwrseq_sm.c.obj
[kinmen:ro] [341/383] Linking CXX static library modules/pigweed/pw_containers/libpw_containers.intrusive_item.a
[kinmen:ro] [342/383] Building CXX object modules/pigweed/pw_status/CMakeFiles/pw_status.dir/status.cc.obj
[kinmen:ro] [343/383] Building C object modules/ec/zephyr/CMakeFiles/ec_shim.dir/shim/src/sha256_hw.c.obj
[pujjocento:ro] [172/399] Building C object zephyr/CMakeFiles/zephyr.dir/subsys/testsuite/coverage/coverage.c.obj
[kinmen:ro] [344/383] Linking CXX static library modules/pigweed/pw_status/libpw_status.a
[kinmen:ro] [345/383] Linking CXX static library modules/ec/zephyr/libec_shim.a
[kinmen:ro] [346/383] Linking CXX static library modules/pigweed/pw_bytes/libpw_bytes.a
[craaskov:ro] [258/409] Building C object CMakeFiles/app.dir/mnt/host/source/src/platform/ec/zephyr/subsys/ap_pwrseq/ap_reset_log.c.obj
[pujjocento:ro] [173/399] Building C object zephyr/CMakeFiles/zephyr.dir/subsys/tracing/tracing_none.c.obj
[craaskov:ro] [259/409] Building C object CMakeFiles/app.dir/mnt/host/source/src/platform/ec/build/zephyr/craaskov/modules/ec/builtin/stdlib.c.obj
[kinmen:rw] [303/383] Building C object modules/ec/zephyr/CMakeFiles/ec_shim.dir/shim/chip/it8xxx2/clock.c.obj
[kinmen:rw] [304/383] Building C object modules/ec/zephyr/CMakeFiles/ec_shim.dir/drivers/vivaldi_kbd/vivaldi_kbd.c.obj
[pujjocento:ro] [174/399] Building C object zephyr/CMakeFiles/zephyr.dir/subsys/shell/modules/kernel_service/kernel_shell.c.obj
[kinmen:rw] [305/383] Building C object modules/ec/zephyr/CMakeFiles/ec_shim.dir/shim/chip/it8xxx2/system.c.obj
[craaskov:ro] [260/409] Building C object CMakeFiles/app.dir/mnt/host/source/src/platform/ec/build/zephyr/craaskov/modules/ec/common/base32.c.obj
[kinmen:rw] [306/383] Building C object modules/ec/zephyr/CMakeFiles/ec_shim.dir/shim/src/crc.c.obj
[kinmen:ro] [347/383] Building C object zephyr/kernel/CMakeFiles/kernel.dir/banner.c.obj
[kinmen:ro] [348/383] Building C object zephyr/kernel/CMakeFiles/kernel.dir/main_weak.c.obj
[pujjocento:ro] [175/399] Building C object zephyr/CMakeFiles/zephyr.dir/subsys/shell/modules/kernel_service/cycles.c.obj
[kinmen:rw] [307/383] Building C object modules/ec/zephyr/CMakeFiles/ec_shim.dir/shim/chip/it8xxx2/gpio.c.obj
[craaskov:ro] [261/409] Building C object CMakeFiles/app.dir/mnt/host/source/src/platform/ec/build/zephyr/craaskov/modules/ec/common/console_output.c.obj
[pujjocento:ro] [176/399] Building C object zephyr/CMakeFiles/zephyr.dir/subsys/shell/modules/kernel_service/sleep.c.obj
[kinmen:rw] [308/383] Building C object modules/ec/zephyr/CMakeFiles/ec_shim.dir/shim/chip/it8xxx2/power_policy.c.obj
[craaskov:ro] [262/409] Building C object CMakeFiles/app.dir/mnt/host/source/src/platform/ec/build/zephyr/craaskov/modules/ec/common/ec_features.c.obj
[pujjocento:ro] [177/399] Building C object zephyr/CMakeFiles/zephyr.dir/subsys/shell/modules/kernel_service/uptime.c.obj
[kinmen:ro] [349/383] Building C object zephyr/kernel/CMakeFiles/kernel.dir/busy_wait.c.obj
[kinmen:rw] [309/383] Building C object modules/ec/zephyr/CMakeFiles/ec_shim.dir/shim/src/console.c.obj
[craaskov:ro] [263/409] Building C object CMakeFiles/app.dir/mnt/host/source/src/platform/ec/build/zephyr/craaskov/modules/ec/common/gpio_commands.c.obj
[kinmen:ro] [350/383] Building C object zephyr/kernel/CMakeFiles/kernel.dir/device.c.obj
[pujjocento:ro] [178/399] Building C object zephyr/CMakeFiles/zephyr.dir/subsys/shell/modules/kernel_service/version.c.obj
[kinmen:rw] [310/383] Building C object modules/ec/zephyr/CMakeFiles/ec_shim.dir/shim/src/gpio.c.obj
[kinmen:rw] [311/383] Building C object modules/ec/zephyr/CMakeFiles/ec_shim.dir/shim/src/gpio_int.c.obj
[kinmen:rw] [312/383] Building C object modules/ec/zephyr/CMakeFiles/ec_shim.dir/shim/src/panic_utils.c.obj
[pujjocento:rw] [81/399] Building C object CMakeFiles/app.dir/mnt/host/source/src/platform/ec/build/zephyr/pujjocento/modules/ec/common/charge_state.c.obj
[craaskov:ro] [264/409] Building C object CMakeFiles/app.dir/mnt/host/source/src/platform/ec/build/zephyr/craaskov/modules/ec/common/peripheral.c.obj
[kinmen:ro] [351/383] Building C object zephyr/kernel/CMakeFiles/kernel.dir/errno.c.obj
[pujjocento:ro] [179/399] Building C object zephyr/CMakeFiles/zephyr.dir/subsys/shell/modules/kernel_service/thread/thread.c.obj
[craaskov:ro] [265/409] Building C object CMakeFiles/app.dir/mnt/host/source/src/platform/ec/build/zephyr/craaskov/modules/ec/common/printf.c.obj
[kinmen:rw] [313/383] Building C object modules/ec/zephyr/CMakeFiles/ec_shim.dir/shim/src/pm_state.c.obj
[pujjocento:ro] [180/399] Building C object zephyr/CMakeFiles/zephyr.dir/subsys/shell/modules/kernel_service/thread/list.c.obj
[craaskov:ro] [266/409] Building C object CMakeFiles/app.dir/mnt/host/source/src/platform/ec/build/zephyr/craaskov/modules/ec/common/queue.c.obj
[kinmen:ro] [352/383] Building C object zephyr/kernel/CMakeFiles/kernel.dir/fatal.c.obj
[kinmen:rw] [314/383] Building C object modules/ec/zephyr/CMakeFiles/ec_shim.dir/shim/src/cbi/cros_cbi.c.obj
[pujjocento:ro] [181/399] Building C object zephyr/CMakeFiles/zephyr.dir/subsys/shell/modules/kernel_service/thread/stacks.c.obj
[kinmen:rw] [315/383] Building C object modules/ec/zephyr/CMakeFiles/ec_shim.dir/shim/src/cbi/cbi_flash.c.obj
[kinmen:ro] [353/383] Building CXX object modules/ec/zephyr/drivers/dsp_comms/service/CMakeFiles/dsp.service.dir/i2c_target_buffer_funcs.cc.obj
[kinmen:ro] [354/383] Building CXX object modules/ec/zephyr/drivers/dsp_comms/service/CMakeFiles/dsp.service.dir/i2c_target_pio_funcs.cc.obj
[kinmen:ro] [355/383] Building C object zephyr/kernel/CMakeFiles/kernel.dir/init.c.obj
[kinmen:ro] [356/383] Building CXX object modules/ec/zephyr/drivers/dsp_comms/service/CMakeFiles/dsp.service.dir/dsp_service.cc.obj
[kinmen:rw] [316/383] Building C object modules/ec/zephyr/CMakeFiles/ec_shim.dir/shim/src/led_driver/led.c.obj
[kinmen:ro] [357/383] Linking CXX static library modules/ec/zephyr/drivers/dsp_comms/service/libdsp.service.a
[pujjocento:ro] [182/399] Building C object zephyr/CMakeFiles/zephyr.dir/subsys/shell/modules/kernel_service/thread/suspend.c.obj
[craaskov:ro] [267/409] Building C object CMakeFiles/app.dir/mnt/host/source/src/platform/ec/build/zephyr/craaskov/modules/ec/common/system_boot_time.c.obj
[craaskov:ro] [268/409] Building C object CMakeFiles/app.dir/mnt/host/source/src/platform/ec/build/zephyr/craaskov/modules/ec/common/system.c.obj
[kinmen:rw] [317/383] Building C object modules/ec/zephyr/CMakeFiles/ec_shim.dir/shim/src/led_driver/led_gpio.c.obj
[kinmen:ro] [358/383] Building C object zephyr/kernel/CMakeFiles/kernel.dir/version.c.obj
[craaskov:ro] [269/409] Building C object CMakeFiles/app.dir/mnt/host/source/src/platform/ec/build/zephyr/craaskov/modules/ec/common/uart_printf.c.obj
[pujjocento:ro] [183/399] Building C object zephyr/CMakeFiles/zephyr.dir/subsys/shell/modules/kernel_service/thread/resume.c.obj
[kinmen:ro] [359/383] Building C object zephyr/kernel/CMakeFiles/kernel.dir/kheap.c.obj
[kinmen:rw] [318/383] Building C object modules/ec/zephyr/CMakeFiles/ec_shim.dir/shim/src/system.c.obj
[pujjocento:rw] [82/399] Building C object CMakeFiles/app.dir/mnt/host/source/src/platform/ec/build/zephyr/pujjocento/modules/ec/common/charge_manager.c.obj
[pujjocento:ro] [184/399] Building C object zephyr/CMakeFiles/zephyr.dir/subsys/shell/modules/kernel_service/thread/kill.c.obj
[kinmen:ro] [360/383] Building C object zephyr/kernel/CMakeFiles/kernel.dir/float.c.obj
[kinmen:rw] [319/383] Building C object modules/ec/zephyr/CMakeFiles/ec_shim.dir/shim/src/pdc_shim.c.obj
[kinmen:ro] [361/383] Building C object zephyr/kernel/CMakeFiles/kernel.dir/idle.c.obj
[kinmen:ro] [362/383] Building C object zephyr/kernel/CMakeFiles/kernel.dir/mem_slab.c.obj
[kinmen:rw] [320/383] Building C object modules/ec/zephyr/CMakeFiles/ec_shim.dir/shim/src/adc.c.obj
[kinmen:rw] [321/383] Building C object modules/ec/zephyr/CMakeFiles/ec_shim.dir/shim/src/battery.c.obj
[pujjocento:ro] [185/399] Building C object zephyr/CMakeFiles/zephyr.dir/subsys/shell/backends/shell_uart.c.obj
[craaskov:ro] [270/409] Building C object CMakeFiles/app.dir/mnt/host/source/src/platform/ec/build/zephyr/craaskov/modules/ec/common/util.c.obj
[craaskov:ro] [271/409] Building C object CMakeFiles/app.dir/mnt/host/source/src/platform/ec/build/zephyr/craaskov/modules/ec/common/version.c.obj
[kinmen:ro] [363/383] Building C object zephyr/kernel/CMakeFiles/kernel.dir/mailbox.c.obj
[craaskov:ro] [272/409] Building C object CMakeFiles/app.dir/mnt/host/source/src/platform/ec/build/zephyr/craaskov/modules/ec/common/power_button_x86.c.obj
[kinmen:rw] [322/383] Building C object modules/ec/zephyr/CMakeFiles/ec_shim.dir/shim/src/charger.c.obj
[kinmen:ro] [364/383] Building C object zephyr/kernel/CMakeFiles/kernel.dir/msg_q.c.obj
[kinmen:ro] [365/383] Building C object zephyr/kernel/CMakeFiles/kernel.dir/mutex.c.obj
[pujjocento:ro] [186/399] Building C object zephyr/CMakeFiles/zephyr.dir/subsys/shell/shell_fprintf.c.obj
[pujjocento:ro] [187/399] Building C object zephyr/CMakeFiles/zephyr.dir/subsys/shell/shell.c.obj
[kinmen:rw] [323/383] Building C object modules/ec/zephyr/CMakeFiles/ec_shim.dir/shim/src/chipset_api.c.obj
[pujjocento:rw] [83/399] Building C object CMakeFiles/app.dir/mnt/host/source/src/platform/ec/build/zephyr/pujjocento/modules/ec/common/cbi_common.c.obj
[kinmen:ro] [366/383] Building C object zephyr/kernel/CMakeFiles/kernel.dir/sem.c.obj
[kinmen:ro] [367/383] Building C object zephyr/kernel/CMakeFiles/kernel.dir/queue.c.obj
[kinmen:ro] [368/383] Building C object zephyr/kernel/CMakeFiles/kernel.dir/system_work_q.c.obj
[kinmen:rw] [324/383] Building C object modules/ec/zephyr/CMakeFiles/ec_shim.dir/shim/src/espi.c.obj
[craaskov:ro] [273/409] Building C object CMakeFiles/app.dir/mnt/host/source/src/platform/ec/build/zephyr/craaskov/modules/ec/driver/accel_bma4xx.c.obj
[kinmen:ro] [369/383] Building C object zephyr/kernel/CMakeFiles/kernel.dir/stack.c.obj
[pujjocento:ro] [188/399] Building C object zephyr/CMakeFiles/zephyr.dir/subsys/shell/shell_utils.c.obj
[craaskov:ro] [274/409] Building C object CMakeFiles/app.dir/mnt/host/source/src/platform/ec/build/zephyr/craaskov/modules/ec/common/motion_sense_fifo.c.obj
[craaskov:ro] [275/409] Building C object CMakeFiles/app.dir/mnt/host/source/src/platform/ec/build/zephyr/craaskov/modules/ec/common/adc.c.obj
[kinmen:rw] [325/383] Building C object modules/ec/zephyr/CMakeFiles/ec_shim.dir/shim/src/fan.c.obj
[kinmen:ro] [370/383] Building C object zephyr/kernel/CMakeFiles/kernel.dir/condvar.c.obj
[kinmen:ro] [371/383] Building C object zephyr/kernel/CMakeFiles/kernel.dir/work.c.obj
[kinmen:rw] [326/383] Building C object modules/ec/zephyr/CMakeFiles/ec_shim.dir/shim/src/flash.c.obj
[kinmen:ro] [372/383] Building C object zephyr/kernel/CMakeFiles/kernel.dir/thread.c.obj
[pujjocento:ro] [189/399] Building C object zephyr/CMakeFiles/zephyr.dir/subsys/shell/shell_ops.c.obj
[pujjocento:ro] [190/399] Building C object zephyr/CMakeFiles/zephyr.dir/subsys/shell/shell_help.c.obj
[kinmen:rw] [327/383] Building C object modules/ec/zephyr/CMakeFiles/ec_shim.dir/shim/src/hooks.c.obj
[kinmen:rw] [328/383] Building C object modules/ec/zephyr/CMakeFiles/ec_shim.dir/shim/src/host_command.c.obj
[pujjocento:ro] [191/399] Building C object zephyr/CMakeFiles/zephyr.dir/subsys/shell/shell_history.c.obj
[kinmen:ro] [373/383] Building C object zephyr/kernel/CMakeFiles/kernel.dir/sched.c.obj
[kinmen:ro] [374/383] Building C object zephyr/kernel/CMakeFiles/kernel.dir/pipe.c.obj
[kinmen:ro] [375/383] Building C object zephyr/kernel/CMakeFiles/kernel.dir/spinlock_validate.c.obj
[craaskov:ro] [276/409] Building C object CMakeFiles/app.dir/mnt/host/source/src/platform/ec/build/zephyr/craaskov/modules/ec/common/acpi.c.obj
[kinmen:rw] [329/383] Building C object modules/ec/zephyr/CMakeFiles/ec_shim.dir/shim/src/mkbp_event.c.obj
[kinmen:ro] [376/383] Building C object zephyr/kernel/CMakeFiles/kernel.dir/thread_monitor.c.obj
[kinmen:rw] [330/383] Building C object modules/ec/zephyr/CMakeFiles/ec_shim.dir/shim/src/console_buffer.c.obj
[craaskov:ro] [277/409] Building C object CMakeFiles/app.dir/mnt/host/source/src/platform/ec/build/zephyr/craaskov/modules/ec/common/backlight_lid.c.obj
[pujjocento:ro] [192/399] Building C object zephyr/arch/common/CMakeFiles/arch__common.dir/sw_isr_common.c.obj
[craaskov:ro] [278/409] Building C object CMakeFiles/app.dir/mnt/host/source/src/platform/ec/build/zephyr/craaskov/modules/ec/common/battery.c.obj
[kinmen:rw] [331/383] Building C object modules/ec/zephyr/CMakeFiles/ec_shim.dir/shim/src/panic.c.obj
[kinmen:ro] [377/383] Building C object zephyr/kernel/CMakeFiles/kernel.dir/timeout.c.obj
[pujjocento:ro] [193/399] Building C object zephyr/arch/common/CMakeFiles/arch__common.dir/init.c.obj
[pujjocento:ro] [194/399] Building C object zephyr/CMakeFiles/zephyr.dir/drivers/flash/flash_util.c.obj
[pujjocento:rw] [84/399] Building C object CMakeFiles/app.dir/mnt/host/source/src/platform/ec/build/zephyr/pujjocento/modules/ec/common/cbi.c.obj
[pujjocento:ro] [195/399] Linking CXX static library zephyr/libzephyr.a
[kinmen:rw] [332/383] Building C object modules/ec/zephyr/CMakeFiles/ec_shim.dir/shim/src/pwm_hc.c.obj
[kinmen:ro] [378/383] Building C object zephyr/kernel/CMakeFiles/kernel.dir/events.c.obj
[kinmen:ro] [379/383] Building C object zephyr/kernel/CMakeFiles/kernel.dir/mempool.c.obj
[kinmen:ro] [380/383] Building C object zephyr/kernel/CMakeFiles/kernel.dir/timer.c.obj
[pujjocento:ro] [196/399] Building C object zephyr/arch/common/CMakeFiles/arch__common.dir/xip.c.obj
[kinmen:rw] [333/383] Building C object modules/ec/zephyr/CMakeFiles/ec_shim.dir/shim/src/thermal.c.obj
[kinmen:ro] [381/383] Building C object zephyr/kernel/CMakeFiles/kernel.dir/poll.c.obj
[craaskov:ro] [279/409] Building C object CMakeFiles/app.dir/mnt/host/source/src/platform/ec/build/zephyr/craaskov/modules/ec/common/battery_info.c.obj
[kinmen:rw] [334/383] Building C object modules/ec/zephyr/CMakeFiles/ec_shim.dir/shim/src/hwtimer.c.obj
[kinmen:ro] [382/383] Building C object zephyr/kernel/CMakeFiles/kernel.dir/dynamic_disabled.c.obj
[craaskov:ro] [280/409] Building C object CMakeFiles/app.dir/mnt/host/source/src/platform/ec/build/zephyr/craaskov/modules/ec/common/battery_fuel_gauge.c.obj
[kinmen:rw] [335/383] Building C object modules/ec/zephyr/CMakeFiles/ec_shim.dir/shim/src/temp_sensors.c.obj
[pujjocento:ro] [197/399] Building C object zephyr/arch/common/CMakeFiles/isr_tables.dir/isr_tables.c.obj
[pujjocento:ro] [198/399] Building ASM object zephyr/arch/arch/arm/core/CMakeFiles/arch__arm__core.dir/nmi_on_reset.S.obj
[kinmen:ro] [383/383] Linking CXX static library zephyr/kernel/libkernel.a
[craaskov:ro] [281/409] Building C object CMakeFiles/app.dir/mnt/host/source/src/platform/ec/build/zephyr/craaskov/modules/ec/driver/battery/smart.c.obj
[pujjocento:ro] [199/399] Linking CXX static library zephyr/arch/common/libisr_tables.a
[pujjocento:ro] [200/399] Building C object zephyr/arch/arch/arm/core/CMakeFiles/arch__arm__core.dir/__aeabi_atexit.c.obj
[pujjocento:ro] [201/399] Linking CXX static library zephyr/arch/common/libarch__common.a
[pujjocento:rw] [85/399] Building C object CMakeFiles/app.dir/mnt/host/source/src/platform/ec/build/zephyr/pujjocento/modules/ec/common/cbi_config.c.obj
[kinmen:rw] [336/383] Building C object modules/ec/zephyr/CMakeFiles/ec_shim.dir/shim/src/i2c.c.obj
[pujjocento:ro] [202/399] Building C object zephyr/arch/arch/arm/core/CMakeFiles/arch__arm__core.dir/nmi.c.obj
[pujjocento:ro] [203/399] Building C object zephyr/arch/arch/arm/core/CMakeFiles/arch__arm__core.dir/fatal.c.obj
[kinmen:rw] [337/383] Building C object modules/ec/zephyr/CMakeFiles/ec_shim.dir/shim/src/usba.c.obj
[kinmen:rw] [338/383] Building C object modules/ec/zephyr/CMakeFiles/ec_shim.dir/shim/src/tasks.c.obj
[craaskov:ro] [282/409] Building C object CMakeFiles/app.dir/mnt/host/source/src/platform/ec/build/zephyr/craaskov/modules/ec/driver/charger/isl923x.c.obj
[pujjocento:ro] [204/399] Building ASM object zephyr/arch/arch/arm/core/cortex_m/CMakeFiles/arch__arm__core__cortex_m.dir/fault_s.S.obj
[kinmen:rw] [339/383] Building C object modules/ec/zephyr/CMakeFiles/ec_shim.dir/shim/src/watchdog.c.obj
[craaskov:ro] [283/409] Building C object CMakeFiles/app.dir/mnt/host/source/src/platform/ec/build/zephyr/craaskov/modules/ec/common/charger.c.obj
[kinmen:rw] [340/383] Building C object modules/ec/zephyr/CMakeFiles/ec_shim.dir/shim/src/power_host_sleep_api.c.obj
[kinmen:rw] [341/383] Building C object modules/ec/zephyr/CMakeFiles/ec_shim.dir/shim/src/sha256_hw.c.obj
[pujjocento:ro] [205/399] Building C object zephyr/arch/arch/arm/core/CMakeFiles/arch__arm__core.dir/tls.c.obj
[pujjocento:ro] [206/399] Linking CXX static library zephyr/arch/arch/arm/core/libarch__arm__core.a
[kinmen:rw] [342/383] Linking CXX static library modules/pigweed/pw_containers/libpw_containers.intrusive_item.a
[kinmen:rw] [343/383] Linking CXX static library modules/ec/zephyr/libec_shim.a
[kinmen:rw] [344/383] Building CXX object modules/pigweed/pw_status/CMakeFiles/pw_status.dir/status.cc.obj
[pujjocento:ro] [207/399] Building C object zephyr/arch/arch/arm/core/cortex_m/CMakeFiles/arch__arm__core__cortex_m.dir/exc_exit.c.obj
[kinmen:rw] [345/383] Linking CXX static library modules/pigweed/pw_status/libpw_status.a
[kinmen:rw] [346/383] Linking CXX static library modules/pigweed/pw_bytes/libpw_bytes.a
[craaskov:ro] [284/409] Building C object CMakeFiles/app.dir/mnt/host/source/src/platform/ec/build/zephyr/craaskov/modules/ec/common/charge_state.c.obj
[craaskov:ro] [285/409] Building C object CMakeFiles/app.dir/mnt/host/source/src/platform/ec/build/zephyr/craaskov/modules/ec/common/charge_manager.c.obj
[pujjocento:ro] [208/399] Building ASM object zephyr/arch/arch/arm/core/cortex_m/CMakeFiles/arch__arm__core__cortex_m.dir/reset.S.obj
[pujjocento:ro] [209/399] Building C object zephyr/arch/arch/arm/core/cortex_m/CMakeFiles/arch__arm__core__cortex_m.dir/fpu.c.obj
[kinmen:rw] [347/383] Building C object zephyr/kernel/CMakeFiles/kernel.dir/main_weak.c.obj
[craaskov:ro] [286/409] Building C object CMakeFiles/app.dir/mnt/host/source/src/platform/ec/build/zephyr/craaskov/modules/ec/common/cbi_common.c.obj
[pujjocento:ro] [210/399] Building ASM object zephyr/arch/arch/arm/core/cortex_m/CMakeFiles/arch__arm__core__cortex_m.dir/vector_table.S.obj
[pujjocento:ro] [211/399] Building C object zephyr/arch/arch/arm/core/cortex_m/CMakeFiles/arch__arm__core__cortex_m.dir/scb.c.obj
[kinmen:rw] [348/383] Building C object zephyr/kernel/CMakeFiles/kernel.dir/banner.c.obj
[pujjocento:rw] [86/399] Building C object CMakeFiles/app.dir/mnt/host/source/src/platform/ec/build/zephyr/pujjocento/modules/ec/common/memory_commands.c.obj
[kinmen:rw] [349/383] Building C object zephyr/kernel/CMakeFiles/kernel.dir/busy_wait.c.obj
[craaskov:ro] [287/409] Building C object CMakeFiles/app.dir/mnt/host/source/src/platform/ec/build/zephyr/craaskov/modules/ec/common/cbi.c.obj
[pujjocento:ro] [212/399] Building C object zephyr/arch/arch/arm/core/cortex_m/CMakeFiles/arch__arm__core__cortex_m.dir/fault.c.obj
[pujjocento:ro] [213/399] Building C object zephyr/arch/arch/arm/core/cortex_m/CMakeFiles/arch__arm__core__cortex_m.dir/thread_abort.c.obj
[craaskov:ro] [288/409] Building C object CMakeFiles/app.dir/mnt/host/source/src/platform/ec/build/zephyr/craaskov/modules/ec/common/cbi_config.c.obj
[craaskov:ro] [289/409] Building C object CMakeFiles/app.dir/mnt/host/source/src/platform/ec/build/zephyr/craaskov/modules/ec/common/memory_commands.c.obj
[pujjocento:ro] [214/399] Building ASM object zephyr/arch/arch/arm/core/cortex_m/CMakeFiles/arch__arm__core__cortex_m.dir/swap_helper.S.obj
[kinmen:rw] [350/383] Building C object zephyr/kernel/CMakeFiles/kernel.dir/errno.c.obj
[pujjocento:ro] [215/399] Building C object zephyr/arch/arch/arm/core/cortex_m/CMakeFiles/arch__arm__core__cortex_m.dir/irq_manage.c.obj
[kinmen:rw] [351/383] Building C object zephyr/kernel/CMakeFiles/kernel.dir/device.c.obj
[craaskov:ro] [290/409] Building C object CMakeFiles/app.dir/mnt/host/source/src/platform/ec/build/zephyr/craaskov/modules/ec/common/dptf.c.obj
[kinmen:rw] [352/383] Building C object zephyr/kernel/CMakeFiles/kernel.dir/fatal.c.obj
[pujjocento:ro] [216/399] Building C object zephyr/arch/arch/arm/core/cortex_m/CMakeFiles/arch__arm__core__cortex_m.dir/prep_c.c.obj
[pujjocento:ro] [217/399] Building C object zephyr/arch/arch/arm/core/cortex_m/CMakeFiles/arch__arm__core__cortex_m.dir/thread.c.obj
[craaskov:ro] [291/409] Building C object CMakeFiles/app.dir/mnt/host/source/src/platform/ec/build/zephyr/craaskov/modules/ec/common/ap_reset_log.c.obj
[pujjocento:ro] [218/399] Building C object zephyr/arch/arch/arm/core/cortex_m/CMakeFiles/arch__arm__core__cortex_m.dir/cpu_idle.c.obj
[craaskov:ro] [292/409] Building C object CMakeFiles/app.dir/mnt/host/source/src/platform/ec/build/zephyr/craaskov/modules/ec/common/espi.c.obj
[pujjocento:ro] [219/399] Building C object zephyr/arch/arch/arm/core/cortex_m/CMakeFiles/arch__arm__core__cortex_m.dir/irq_init.c.obj
[pujjocento:ro] [220/399] Building ASM object zephyr/arch/arch/arm/core/cortex_m/CMakeFiles/arch__arm__core__cortex_m.dir/__aeabi_read_tp.S.obj
[pujjocento:rw] [87/399] Building C object CMakeFiles/app.dir/mnt/host/source/src/platform/ec/build/zephyr/pujjocento/modules/ec/common/dptf.c.obj
[craaskov:ro] [293/409] Building C object CMakeFiles/app.dir/mnt/host/source/src/platform/ec/build/zephyr/craaskov/modules/ec/common/extpower_common.c.obj
[kinmen:rw] [353/383] Building C object zephyr/kernel/CMakeFiles/kernel.dir/init.c.obj
[pujjocento:ro] [221/399] Building C object zephyr/arch/arch/arm/core/cortex_m/CMakeFiles/arch__arm__core__cortex_m.dir/isr_wrapper.c.obj
[kinmen:rw] [354/383] Building C object zephyr/kernel/CMakeFiles/kernel.dir/kheap.c.obj
[pujjocento:ro] [222/399] Linking CXX static library zephyr/arch/arch/arm/core/cortex_m/libarch__arm__core__cortex_m.a
[kinmen:rw] [355/383] Building C object zephyr/kernel/CMakeFiles/kernel.dir/version.c.obj
[kinmen:rw] [356/383] Building C object zephyr/kernel/CMakeFiles/kernel.dir/mem_slab.c.obj
[pujjocento:ro] [223/399] Building C object zephyr/arch/arch/arm/core/mpu/CMakeFiles/arch__arm__core__mpu.dir/arm_core_mpu.c.obj
[craaskov:ro] [294/409] Building C object CMakeFiles/app.dir/mnt/host/source/src/platform/ec/build/zephyr/craaskov/modules/ec/common/fan.c.obj
[craaskov:ro] [295/409] Building C object CMakeFiles/app.dir/mnt/host/source/src/platform/ec/build/zephyr/craaskov/modules/ec/common/flash.c.obj
[pujjocento:ro] [224/399] Building C object zephyr/arch/arch/arm/core/mpu/CMakeFiles/arch__arm__core__mpu.dir/arm_mpu_regions.c.obj
[pujjocento:ro] [225/399] Building C object zephyr/lib/libc/picolibc/CMakeFiles/lib__libc__picolibc.dir/assert.c.obj
[kinmen:rw] [357/383] Building C object zephyr/kernel/CMakeFiles/kernel.dir/float.c.obj
[craaskov:ro] [296/409] Building C object CMakeFiles/app.dir/mnt/host/source/src/platform/ec/build/zephyr/craaskov/modules/ec/common/host_command.c.obj
[pujjocento:ro] [226/399] Building C object zephyr/arch/arch/arm/core/mpu/CMakeFiles/arch__arm__core__mpu.dir/arm_mpu.c.obj
[pujjocento:ro] [227/399] Linking CXX static library zephyr/arch/arch/arm/core/mpu/libarch__arm__core__mpu.a
[pujjocento:rw] [88/399] Building C object CMakeFiles/app.dir/mnt/host/source/src/platform/ec/build/zephyr/pujjocento/modules/ec/common/ap_reset_log.c.obj
[craaskov:ro] [297/409] Building C object CMakeFiles/app.dir/mnt/host/source/src/platform/ec/build/zephyr/craaskov/modules/ec/common/host_command_task.c.obj
[kinmen:rw] [358/383] Building C object zephyr/kernel/CMakeFiles/kernel.dir/idle.c.obj
[kinmen:rw] [359/383] Building CXX object modules/ec/zephyr/drivers/dsp_comms/service/CMakeFiles/dsp.service.dir/i2c_target_pio_funcs.cc.obj
[kinmen:rw] [360/383] Building C object zephyr/kernel/CMakeFiles/kernel.dir/mailbox.c.obj
[pujjocento:ro] [228/399] Building C object zephyr/lib/libc/picolibc/CMakeFiles/lib__libc__picolibc.dir/cbprintf.c.obj
[kinmen:rw] [361/383] Building CXX object modules/ec/zephyr/drivers/dsp_comms/service/CMakeFiles/dsp.service.dir/dsp_service.cc.obj
[kinmen:rw] [362/383] Building CXX object modules/ec/zephyr/drivers/dsp_comms/service/CMakeFiles/dsp.service.dir/i2c_target_buffer_funcs.cc.obj
[pujjocento:ro] [229/399] Building C object zephyr/lib/libc/picolibc/CMakeFiles/lib__libc__picolibc.dir/chk_fail.c.obj
[kinmen:rw] [363/383] Linking CXX static library modules/ec/zephyr/drivers/dsp_comms/service/libdsp.service.a
[craaskov:ro] [298/409] Building C object CMakeFiles/app.dir/mnt/host/source/src/platform/ec/build/zephyr/craaskov/modules/ec/common/uart_hostcmd.c.obj
[kinmen:rw] [364/383] Building C object zephyr/kernel/CMakeFiles/kernel.dir/msg_q.c.obj
[craaskov:ro] [299/409] Building C object CMakeFiles/app.dir/mnt/host/source/src/platform/ec/build/zephyr/craaskov/modules/ec/common/host_event_commands.c.obj
[pujjocento:ro] [230/399] Building C object zephyr/lib/libc/picolibc/CMakeFiles/lib__libc__picolibc.dir/errno_wrap.c.obj
[pujjocento:ro] [231/399] Building C object zephyr/lib/libc/picolibc/CMakeFiles/lib__libc__picolibc.dir/exit.c.obj
[craaskov:ro] [300/409] Building C object CMakeFiles/app.dir/mnt/host/source/src/platform/ec/build/zephyr/craaskov/modules/ec/common/uptime.c.obj
[pujjocento:ro] [232/399] Building C object zephyr/lib/libc/picolibc/CMakeFiles/lib__libc__picolibc.dir/locks.c.obj
[kinmen:rw] [365/383] Building C object zephyr/kernel/CMakeFiles/kernel.dir/mutex.c.obj
[kinmen:rw] [366/383] Building C object zephyr/kernel/CMakeFiles/kernel.dir/queue.c.obj
[kinmen:rw] [367/383] Building C object zephyr/kernel/CMakeFiles/kernel.dir/stack.c.obj
[craaskov:ro] [301/409] Building C object CMakeFiles/app.dir/mnt/host/source/src/platform/ec/build/zephyr/craaskov/modules/ec/common/i2c_controller.c.obj
[pujjocento:ro] [233/399] Building C object zephyr/lib/posix/c_lib_ext/CMakeFiles/lib__posix__c_lib_ext.dir/fnmatch.c.obj
[pujjocento:ro] [234/399] Building C object zephyr/lib/libc/picolibc/CMakeFiles/lib__libc__picolibc.dir/stdio.c.obj
[pujjocento:ro] [235/399] Building C object zephyr/lib/libc/common/CMakeFiles/lib__libc__common.dir/source/time/time.c.obj
[pujjocento:rw] [89/399] Building C object CMakeFiles/app.dir/mnt/host/source/src/platform/ec/build/zephyr/pujjocento/modules/ec/common/espi.c.obj
[kinmen:rw] [368/383] Building C object zephyr/kernel/CMakeFiles/kernel.dir/sem.c.obj
[pujjocento:ro] [236/399] Linking CXX static library zephyr/lib/libc/picolibc/liblib__libc__picolibc.a
[kinmen:rw] [369/383] Building C object zephyr/kernel/CMakeFiles/kernel.dir/system_work_q.c.obj
[pujjocento:ro] [237/399] Building C object zephyr/lib/libc/common/CMakeFiles/lib__libc__common.dir/source/stdlib/abort.c.obj
[pujjocento:ro] [238/399] Linking CXX static library zephyr/lib/libc/common/liblib__libc__common.a
[pujjocento:ro] [239/399] Building C object zephyr/subsys/crc/CMakeFiles/subsys__crc.dir/crc4_sw.c.obj
[pujjocento:ro] [240/399] Building C object zephyr/subsys/crc/CMakeFiles/subsys__crc.dir/crc8_sw.c.obj
[pujjocento:ro] [241/399] Building C object zephyr/subsys/crc/CMakeFiles/subsys__crc.dir/crc16_sw.c.obj
[pujjocento:ro] [242/399] Building C object zephyr/subsys/crc/CMakeFiles/subsys__crc.dir/crc7_sw.c.obj
[craaskov:ro] [302/409] Building C object CMakeFiles/app.dir/mnt/host/source/src/platform/ec/build/zephyr/craaskov/modules/ec/common/i2c_passthru.c.obj
[kinmen:rw] [370/383] Building C object zephyr/kernel/CMakeFiles/kernel.dir/work.c.obj
[pujjocento:ro] [243/399] Building C object zephyr/subsys/crc/CMakeFiles/subsys__crc.dir/crc24_sw.c.obj
[kinmen:rw] [371/383] Building C object zephyr/kernel/CMakeFiles/kernel.dir/condvar.c.obj
[kinmen:rw] [372/383] Building C object zephyr/kernel/CMakeFiles/kernel.dir/thread.c.obj
[pujjocento:ro] [244/399] Building C object zephyr/subsys/crc/CMakeFiles/subsys__crc.dir/crc32c_sw.c.obj
[kinmen:rw] [373/383] Building C object zephyr/kernel/CMakeFiles/kernel.dir/spinlock_validate.c.obj
[craaskov:ro] [303/409] Building C object CMakeFiles/app.dir/mnt/host/source/src/platform/ec/build/zephyr/craaskov/modules/ec/common/keyboard_scan.c.obj
[pujjocento:ro] [245/399] Building C object zephyr/lib/posix/c_lib_ext/CMakeFiles/lib__posix__c_lib_ext.dir/getentropy.c.obj
[craaskov:ro] [304/409] Building C object CMakeFiles/app.dir/mnt/host/source/src/platform/ec/build/zephyr/craaskov/modules/ec/common/keyboard_8042.c.obj
[pujjocento:ro] [246/399] Building C object zephyr/lib/posix/c_lib_ext/CMakeFiles/lib__posix__c_lib_ext.dir/getopt_shim.c.obj
[pujjocento:ro] [247/399] Building C object zephyr/subsys/crc/CMakeFiles/subsys__crc.dir/crc32_sw.c.obj
[pujjocento:ro] [248/399] Building C object zephyr/subsys/crc/CMakeFiles/subsys__crc.dir/crc32k_4_2_sw.c.obj
[pujjocento:ro] [249/399] Building C object zephyr/lib/smf/CMakeFiles/lib__smf.dir/smf.c.obj
[kinmen:rw] [374/383] Building C object zephyr/kernel/CMakeFiles/kernel.dir/pipe.c.obj
[craaskov:ro] [305/409] Building C object CMakeFiles/app.dir/mnt/host/source/src/platform/ec/build/zephyr/craaskov/modules/ec/common/keyboard_8042_sharedlib.c.obj
[pujjocento:ro] [250/399] Linking CXX static library zephyr/lib/posix/c_lib_ext/liblib__posix__c_lib_ext.a
[pujjocento:ro] [251/399] Linking CXX static library zephyr/subsys/crc/libsubsys__crc.a
[pujjocento:rw] [90/399] Building C object CMakeFiles/app.dir/mnt/host/source/src/platform/ec/build/zephyr/pujjocento/modules/ec/common/extpower_common.c.obj
[pujjocento:ro] [252/399] Linking CXX static library zephyr/lib/smf/liblib__smf.a
[kinmen:rw] [375/383] Building C object zephyr/kernel/CMakeFiles/kernel.dir/sched.c.obj
[pujjocento:ro] [253/399] Building C object zephyr/subsys/input/CMakeFiles/subsys__input.dir/input_hid.c.obj
[kinmen:rw] [376/383] Building C object zephyr/kernel/CMakeFiles/kernel.dir/thread_monitor.c.obj
[kinmen:rw] [377/383] Building C object zephyr/kernel/CMakeFiles/kernel.dir/timer.c.obj
[craaskov:ro] [306/409] Building C object CMakeFiles/app.dir/mnt/host/source/src/platform/ec/build/zephyr/craaskov/modules/ec/common/mkbp_fifo.c.obj
[kinmen:rw] [378/383] Building C object zephyr/kernel/CMakeFiles/kernel.dir/timeout.c.obj
Running (initial) lcov on /mnt/host/source/src/platform/ec/build/zephyr/karis.
[kinmen:rw] [379/383] Building C object zephyr/kernel/CMakeFiles/kernel.dir/poll.c.obj
[pujjocento:ro] [254/399] Building C object zephyr/subsys/input/CMakeFiles/subsys__input.dir/input.c.obj
[craaskov:ro] [307/409] Building C object CMakeFiles/app.dir/mnt/host/source/src/platform/ec/build/zephyr/craaskov/modules/ec/common/mkbp_info.c.obj
[craaskov:ro] [308/409] Building C object CMakeFiles/app.dir/mnt/host/source/src/platform/ec/build/zephyr/craaskov/modules/ec/common/mkbp_input_devices.c.obj
[kinmen:rw] [380/383] Building C object zephyr/kernel/CMakeFiles/kernel.dir/events.c.obj
[craaskov:ro] [309/409] Building C object CMakeFiles/app.dir/mnt/host/source/src/platform/ec/build/zephyr/craaskov/modules/ec/common/led_common.c.obj
[pujjocento:ro] [255/399] Building C object zephyr/drivers/adc/CMakeFiles/drivers__adc.dir/adc_common.c.obj
[kinmen:rw] [381/383] Building C object zephyr/kernel/CMakeFiles/kernel.dir/mempool.c.obj
Running `env -i PYTHONPATH=/usr/lib64/python-exec/python3.11:/mnt/host/source/src/platform/ec/zephyr/zmake:/usr/lib/python311.zip:/usr/lib/python3.11:/usr/lib/python3.11/lib-dynload:/usr/lib/python3.11/site-packages PW_PIGWEED_CIPD_INSTALL_DIR=/usr CROSTC_USER_ACKNOWLEDGES_THAT_RISCV_IS_EXPERIMENTAL=1 PATH=/mnt/host/source/chromite/bin:/usr/local/bin:/usr/bin:/bin:/opt/bin:/mnt/host/source/chromite/sdk/bin:/mnt/host/source/chromite/bin HOME=/home/jpmurphy JAVA_HOME=/etc/java-config-2/current-system-vm JDK_HOME=/etc/java-config-2/current-system-vm JAVAC=/etc/java-config-2/current-system-vm/bin/javac MAKEFLAGS=' -j16 --jobserver-auth=5,6' /usr/bin/lcov --gcov-tool /mnt/host/source/src/platform/ec/build/zephyr/karis/build-rw/gcov.sh -q -o - -c -d /mnt/host/source/src/platform/ec/build/zephyr/karis -t karis --rc branch_coverage=1 --filter range --ignore-errors inconsistent,source --ignore-errors gcov,gcov -i`
[kinmen:rw] [382/383] Building C object zephyr/kernel/CMakeFiles/kernel.dir/dynamic_disabled.c.obj
[pujjocento:ro] [256/399] Building C object zephyr/drivers/interrupt_controller/CMakeFiles/drivers__interrupt_controller.dir/intc_miwu.c.obj
[pujjocento:rw] [91/399] Building C object CMakeFiles/app.dir/mnt/host/source/src/platform/ec/build/zephyr/pujjocento/modules/ec/common/extpower_gpio.c.obj
[pujjocento:ro] [257/399] Linking CXX static library zephyr/drivers/interrupt_controller/libdrivers__interrupt_controller.a
[kinmen:rw] [383/383] Linking CXX static library zephyr/kernel/libkernel.a
[teliks:ro] Building: /usr/bin/ninja -C /mnt/host/source/src/platform/ec/build/zephyr/teliks/build-ro all.libraries
Running `env -i SHELL=/bin/bash COLORTERM=truecolor DEPOT_TOOLS_UPDATE=0 LESS='-R -M --shift 5' SUDO_GID=0 JDK_HOME=/etc/java-config-2/current-system-vm CONFIG_PROTECT_MASK='/etc/gentoo-release /etc/sandbox.d /etc/fonts/fonts.conf /etc/terminfo /etc/ca-certificates.conf /etc/revdep-rebuild' CHROMEOS_CACHEDIR=/var/cache/chromeos-cache JAVA_HOME=/etc/java-config-2/current-system-vm SSH_AUTH_SOCK=/tmp/ssh-auth-sock SUDO_COMMAND=/bin/bash SUDO_USER=root SUDO_TTY=/dev/pts/2 EDITOR=/usr/bin/vi PWD=/mnt/host/source/src/platform/ec CONFIG_PROTECT=/usr/share/gnupg/qualified.txt LOGNAME=jpmurphy MANPATH=/etc/java-config-2/current-system-vm/man:/usr/local/share/man:/usr/share/man:/usr/share/gcc-data/x86_64-pc-linux-gnu/10.2.0/man:/usr/share/binutils-data/x86_64-pc-linux-gnu/2.45/man:/etc/java-config-2/current-system-vm/man/ SUDO_HOME=/root XAUTHORITY=/run/user/944457/gdm/Xauthority HOME=/home/jpmurphy LANG=C.UTF-8 LS_COLORS='rs=0:di=01;34:ln=01;36:mh=00:pi=40;33:so=01;35:do=01;35:bd=40;33;01:cd=40;33;01:or=01;05;37;41:mi=01;05;37;41:su=37;41:sg=30;43:ca=30;41:tw=30;42:ow=34;42:st=37;44:ex=01;32:*.tar=01;31:*.tgz=01;31:*.arc=01;31:*.arj=01;31:*.taz=01;31:*.lha=01;31:*.lz4=01;31:*.lzh=01;31:*.lzma=01;31:*.tlz=01;31:*.txz=01;31:*.tzo=01;31:*.t7z=01;31:*.zip=01;31:*.z=01;31:*.dz=01;31:*.gz=01;31:*.lrz=01;31:*.lz=01;31:*.lzo=01;31:*.xz=01;31:*.zst=01;31:*.tzst=01;31:*.bz2=01;31:*.bz=01;31:*.tbz=01;31:*.tbz2=01;31:*.tz=01;31:*.deb=01;31:*.rpm=01;31:*.jar=01;31:*.war=01;31:*.ear=01;31:*.sar=01;31:*.rar=01;31:*.alz=01;31:*.ace=01;31:*.zoo=01;31:*.cpio=01;31:*.7z=01;31:*.rz=01;31:*.cab=01;31:*.wim=01;31:*.swm=01;31:*.dwm=01;31:*.esd=01;31:*.jpg=01;35:*.jpeg=01;35:*.mjpg=01;35:*.mjpeg=01;35:*.gif=01;35:*.bmp=01;35:*.pbm=01;35:*.pgm=01;35:*.ppm=01;35:*.tga=01;35:*.xbm=01;35:*.xpm=01;35:*.tif=01;35:*.tiff=01;35:*.png=01;35:*.svg=01;35:*.svgz=01;35:*.mng=01;35:*.pcx=01;35:*.mov=01;35:*.mpg=01;35:*.mpeg=01;35:*.m2v=01;35:*.mkv=01;35:*.webm=01;35:*.webp=01;35:*.ogm=01;35:*.mp4=01;35:*.m4v=01;35:*.mp4v=01;35:*.vob=01;35:*.qt=01;35:*.nuv=01;35:*.wmv=01;35:*.asf=01;35:*.rm=01;35:*.rmvb=01;35:*.flc=01;35:*.avi=01;35:*.fli=01;35:*.flv=01;35:*.gl=01;35:*.dl=01;35:*.xcf=01;35:*.xwd=01;35:*.yuv=01;35:*.cgm=01;35:*.emf=01;35:*.ogv=01;35:*.ogx=01;35:*.cfg=00;32:*.conf=00;32:*.diff=00;32:*.doc=00;32:*.ini=00;32:*.log=00;32:*.patch=00;32:*.pdf=00;32:*.ps=00;32:*.tex=00;32:*.txt=00;32:*.aac=00;36:*.au=00;36:*.flac=00;36:*.m4a=00;36:*.mid=00;36:*.midi=00;36:*.mka=00;36:*.mp3=00;36:*.mpc=00;36:*.ogg=00;36:*.ra=00;36:*.wav=00;36:*.oga=00;36:*.opus=00;36:*.spx=00;36:*.xspf=00;36:' XDG_CURRENT_DESKTOP=GNOME INFOPATH=/usr/share/info:/usr/share/gcc-data/x86_64-pc-linux-gnu/10.2.0/info:/usr/share/binutils-data/x86_64-pc-linux-gnu/2.45/info:/usr/share/automake-1.16.5/info JAVAC=/etc/java-config-2/current-system-vm/bin/javac TERM=xterm-256color LESSOPEN='|lesspipe %s' USER=jpmurphy CROS_WORKON_SRCROOT=/mnt/host/source MANPAGER=manpager DISPLAY=:1 SHLVL=1 LC_MESSAGES=C EXTERNAL_TRUNK_PATH=/mnt/8f9d649a-3721-44cc-93c0-e6bd21a9689f/chromiumos GCC_SPECS='' PATH=/mnt/host/source/chromite/bin:/usr/local/bin:/usr/bin:/bin:/opt/bin:/mnt/host/source/chromite/sdk/bin:/mnt/host/source/chromite/bin PORTAGE_USERNAME=jpmurphy SUDO_UID=0 GCC_VER=10.2.0 MAIL=/var/mail/jpmurphy OLDPWD=/mnt/host/source/src/scripts traceparent=00-e87aca51550a78635907baa6a2476181-6d684811675d2973-01 _=./zephyr/firmware_builder.py COREBOOT_SDK_ROOT_x86=/home/jpmurphy/.cache/coreboot-sdk/i386-elf/dfbb0486385d938cfa9d73080b9d18d598ed4f49 COREBOOT_SDK_ROOT_picolibc_x86=/home/jpmurphy/.cache/coreboot-sdk/picolibc-i386-elf/eb8e8e687b95461de8cbf278f1c2076952d0ad17 COREBOOT_SDK_ROOT_riscv64=/home/jpmurphy/.cache/coreboot-sdk/riscv64-elf/96b949749225b6aaa92ed810ab769e8dfb12f000 COREBOOT_SDK_ROOT_picolibc_arm=/home/jpmurphy/.cache/coreboot-sdk/picolibc-arm-eabi/422a2aa3e1ef891b5bece9a3deb696ff83840d2e COREBOOT_SDK_ROOT_nds32=/home/jpmurphy/.cache/coreboot-sdk/nds32le-elf/d1a518c4a097666d86058e1444f85ca015d15511 COREBOOT_SDK_ROOT_picolibc_riscv64=/home/jpmurphy/.cache/coreboot-sdk/picolibc-riscv64-elf/f571e990ef0278564b31124f8bb109d9a697eb69 COREBOOT_SDK_ROOT_arm=/home/jpmurphy/.cache/coreboot-sdk/arm-eabi/ea40ddd1d190c3b48435c474c0b545719371813a COREBOOT_SDK_ROOT_libstdcxx_riscv64=/home/jpmurphy/.cache/coreboot-sdk/libstdcxx-riscv64-elf/17abf22a3a252e2d5d2062ced5324f7a623689e0 COREBOOT_SDK_ROOT_libstdcxx_arm=/home/jpmurphy/.cache/coreboot-sdk/libstdcxx-arm-eabi/5d7d82e150e44aa1968f1d366e267e6687b328ac COREBOOT_SDK_ROOT_riscv=/home/jpmurphy/.cache/coreboot-sdk/riscv-elf/9a27b9e82341c6e9126624f516ab3f261abb3e73 COREBOOT_SDK_ROOT_libstdcxx_x86=/home/jpmurphy/.cache/coreboot-sdk/libstdcxx-i386-elf/42ef9d2e87a76a37963175d7d428734e65648b87 PYTHONPATH=/mnt/host/source/src/platform/ec/zephyr/zmake PW_PIGWEED_CIPD_INSTALL_DIR=/usr CROSTC_USER_ACKNOWLEDGES_THAT_RISCV_IS_EXPERIMENTAL=1 MAKEFLAGS=' -j16 --jobserver-auth=5,6' /usr/bin/ninja -C /mnt/host/source/src/platform/ec/build/zephyr/teliks/build-ro all.libraries`
[teliks:ro] ninja: Entering directory `/mnt/host/source/src/platform/ec/build/zephyr/teliks/build-ro'
[pujjocento:ro] [258/399] Building C object zephyr/subsys/input/CMakeFiles/subsys__input.dir/input_utils.c.obj
[pujjocento:ro] [259/399] Linking CXX static library zephyr/subsys/input/libsubsys__input.a
[pujjocento:ro] [260/399] Building C object zephyr/drivers/bbram/CMakeFiles/drivers__bbram.dir/bbram_npcx.c.obj
[craaskov:ro] [310/409] Building C object CMakeFiles/app.dir/mnt/host/source/src/platform/ec/build/zephyr/craaskov/modules/ec/common/motion_lid.c.obj
[pujjocento:ro] [261/399] Linking CXX static library zephyr/drivers/bbram/libdrivers__bbram.a
[craaskov:ro] [311/409] Building C object CMakeFiles/app.dir/mnt/host/source/src/platform/ec/build/zephyr/craaskov/modules/ec/common/lid_angle.c.obj
[craaskov:ro] [312/409] Building C object CMakeFiles/app.dir/mnt/host/source/src/platform/ec/build/zephyr/craaskov/modules/ec/common/lid_angle_keyboard_policy.c.obj
[pujjocento:ro] [262/399] Building C object zephyr/drivers/clock_control/CMakeFiles/drivers__clock_control.dir/clock_control_npcx.c.obj
[pujjocento:ro] [263/399] Building C object zephyr/drivers/adc/CMakeFiles/drivers__adc.dir/adc_npcx.c.obj
[pujjocento:ro] [264/399] Linking CXX static library zephyr/drivers/clock_control/libdrivers__clock_control.a
[pujjocento:ro] [265/399] Linking CXX static library zephyr/drivers/adc/libdrivers__adc.a
[teliks:ro] [1/402] Generating include/generated/zephyr/version.h
[pujjocento:ro] [266/399] Building C object zephyr/drivers/console/CMakeFiles/drivers__console.dir/uart_console.c.obj
[teliks:ro] -- git describe warned: warning: tag 'upstream/v2.7.99' is externally known as 'v2.7.99'
[teliks:ro] -- Zephyr version: 4.3.99 (/mnt/host/source/src/third_party/zephyr/main)
[teliks:ro] [2/402] Preparing syscall dependency handling
[craaskov:ro] [313/409] Building C object CMakeFiles/app.dir/mnt/host/source/src/platform/ec/build/zephyr/craaskov/modules/ec/common/lid_switch.c.obj
[pujjocento:ro] [267/399] Linking CXX static library zephyr/drivers/console/libdrivers__console.a
[teliks:ro] [3/402] Generating misc/generated/syscalls_subdirs.trigger
[pujjocento:rw] [92/399] Building C object CMakeFiles/app.dir/mnt/host/source/src/platform/ec/build/zephyr/pujjocento/modules/ec/common/fan.c.obj
[/mnt/host/source/src/platform/ec/build/zephyr/karis-lcov] geninfo: WARNING: using JSON module "JSON::PP" - which is much slower than some alternatives.  Consider installing one of JSON::XS or Cpanel::JSON::XS
[pujjocento:rw] [93/399] Building C object CMakeFiles/app.dir/mnt/host/source/src/platform/ec/build/zephyr/pujjocento/modules/ec/common/host_command.c.obj
[pujjocento:ro] [268/399] Building C object zephyr/drivers/crypto/CMakeFiles/drivers__crypto.dir/crypto_npcx_sha.c.obj
[pujjocento:ro] [269/399] Linking CXX static library zephyr/drivers/crypto/libdrivers__crypto.a
[pujjocento:rw] [94/399] Building C object CMakeFiles/app.dir/mnt/host/source/src/platform/ec/build/zephyr/pujjocento/modules/ec/common/host_command_task.c.obj
[craaskov:ro] [314/409] Building C object CMakeFiles/app.dir/mnt/host/source/src/platform/ec/build/zephyr/craaskov/modules/ec/common/mkbp_event.c.obj
[pujjocento:rw] [95/399] Building C object CMakeFiles/app.dir/mnt/host/source/src/platform/ec/build/zephyr/pujjocento/modules/ec/common/flash.c.obj
[craaskov:ro] [315/409] Building C object CMakeFiles/app.dir/mnt/host/source/src/platform/ec/build/zephyr/craaskov/modules/ec/common/port80.c.obj
[pujjocento:ro] [270/399] Building C object zephyr/drivers/flash/CMakeFiles/drivers__flash.dir/jesd216.c.obj
[craaskov:ro] [316/409] Building C object CMakeFiles/app.dir/mnt/host/source/src/platform/ec/build/zephyr/craaskov/modules/ec/common/motion_sense.c.obj
[pujjocento:ro] [271/399] Building C object zephyr/drivers/espi/CMakeFiles/drivers__espi.dir/host_subs_npcx.c.obj
[pujjocento:ro] [272/399] Building C object zephyr/drivers/flash/CMakeFiles/drivers__flash.dir/flash_npcx_fiu_nor.c.obj
[teliks:ro] [4/402] Generating misc/generated/syscalls.json, misc/generated/struct_tags.json
[pujjocento:ro] [273/399] Building C object zephyr/drivers/espi/CMakeFiles/drivers__espi.dir/espi_npcx.c.obj
[craaskov:ro] [317/409] Building C object CMakeFiles/app.dir/mnt/host/source/src/platform/ec/build/zephyr/craaskov/modules/ec/common/power_button.c.obj
[pujjocento:ro] [274/399] Building C object zephyr/drivers/flash/CMakeFiles/drivers__flash.dir/flash_npcx_fiu_qspi.c.obj
[pujjocento:ro] [275/399] Linking CXX static library zephyr/drivers/espi/libdrivers__espi.a
[pujjocento:ro] [276/399] Linking CXX static library zephyr/drivers/flash/libdrivers__flash.a
[pujjocento:rw] [96/399] Building C object CMakeFiles/app.dir/mnt/host/source/src/platform/ec/build/zephyr/pujjocento/modules/ec/common/uart_hostcmd.c.obj
[teliks:ro] [5/402] Generating include/generated/zephyr/syscall_dispatch.c, include/generated/zephyr/syscall_exports_llext.c, syscall_weakdefs_llext.c, include/generated/zephyr/syscall_list.h
[teliks:ro] [6/402] Generating include/generated/zephyr/driver-validation.h
[pujjocento:rw] [97/399] Building C object CMakeFiles/app.dir/mnt/host/source/src/platform/ec/build/zephyr/pujjocento/modules/ec/common/host_event_commands.c.obj
[craaskov:ro] [318/409] Building C object CMakeFiles/app.dir/mnt/host/source/src/platform/ec/build/zephyr/craaskov/modules/ec/power/hibernate.c.obj
[pujjocento:ro] [277/399] Building C object zephyr/drivers/gpio/CMakeFiles/drivers__gpio.dir/gpio_npcx.c.obj
[/mnt/host/source/src/platform/ec/build/zephyr/karis-lcov] stderr:
[teliks:ro] [7/402] Generating include/generated/zephyr/kobj-types-enum.h, include/generated/zephyr/otype-to-str.h, include/generated/zephyr/otype-to-size.h
[pujjocento:rw] [98/399] Building C object CMakeFiles/app.dir/mnt/host/source/src/platform/ec/build/zephyr/pujjocento/modules/ec/common/uptime.c.obj
[pujjocento:ro] [278/399] Linking CXX static library zephyr/drivers/gpio/libdrivers__gpio.a
[teliks:ro] [8/402] Generating include/generated/device-api-sections.ld, include/generated/device-api-sections.cmake
[pujjocento:ro] [279/399] Building C object zephyr/drivers/i2c/CMakeFiles/drivers__i2c.dir/i2c_common.c.obj
[craaskov:ro] [319/409] Building C object CMakeFiles/app.dir/mnt/host/source/src/platform/ec/build/zephyr/craaskov/modules/ec/common/sha256.c.obj
[/mnt/host/source/src/platform/ec/build/zephyr/karis-lcov]   /mnt/host/source/src/platform/ec/build/zephyr/karis/build-ro/modules/ec/zephyr/CMakeFiles/ec_shim.dir/shim/src/anx7452_usb_mux.c.gcno:no functions found
[/mnt/host/source/src/platform/ec/build/zephyr/karis-lcov] stderr:
[craaskov:ro] [320/409] Building C object CMakeFiles/app.dir/mnt/host/source/src/platform/ec/build/zephyr/craaskov/modules/ec/common/panic_output.c.obj
[pujjocento:rw] [99/399] Building C object CMakeFiles/app.dir/mnt/host/source/src/platform/ec/build/zephyr/pujjocento/modules/ec/common/i2c_controller.c.obj
[craaskov:ro] [321/409] Building C object CMakeFiles/app.dir/mnt/host/source/src/platform/ec/build/zephyr/craaskov/modules/ec/common/shared_mem.c.obj
[pujjocento:ro] [280/399] Building C object zephyr/drivers/i2c/CMakeFiles/drivers__i2c.dir/i2c_npcx_controller_fifo.c.obj
[/mnt/host/source/src/platform/ec/build/zephyr/karis-lcov]   /mnt/host/source/src/platform/ec/build/zephyr/karis/build-ro/modules/ec/zephyr/CMakeFiles/ec_shim.dir/shim/src/thermal.c.gcno:no functions found
[/mnt/host/source/src/platform/ec/build/zephyr/karis-lcov] stderr:
[pujjocento:ro] [281/399] Building C object zephyr/drivers/i2c/CMakeFiles/drivers__i2c.dir/i2c_shell.c.obj
[pujjocento:ro] [282/399] Building C object zephyr/drivers/i2c/CMakeFiles/drivers__i2c.dir/i2c_npcx_port.c.obj
[teliks:ro] [9/402] Building C object zephyr/CMakeFiles/offsets.dir/arch/riscv/core/offsets/offsets.c.obj
[pujjocento:rw] [100/399] Building C object CMakeFiles/app.dir/mnt/host/source/src/platform/ec/build/zephyr/pujjocento/modules/ec/common/i2c_passthru.c.obj
[/mnt/host/source/src/platform/ec/build/zephyr/karis-lcov]   /mnt/host/source/src/platform/ec/build/zephyr/karis/build-ro/modules/ec/zephyr/CMakeFiles/ec_shim.dir/shim/src/battery.c.gcno:no functions found
[/mnt/host/source/src/platform/ec/build/zephyr/karis-lcov] stderr:
[teliks:ro] [10/402] Generating include/generated/zephyr/offsets.h
[/mnt/host/source/src/platform/ec/build/zephyr/karis-lcov]   /mnt/host/source/src/platform/ec/build/zephyr/karis/build-ro/modules/ec/zephyr/CMakeFiles/ec_shim.dir/shim/src/charger.c.gcno:no functions found
[/mnt/host/source/src/platform/ec/build/zephyr/karis-lcov] stderr:
[craaskov:ro] [322/409] Building C object CMakeFiles/app.dir/mnt/host/source/src/platform/ec/build/zephyr/craaskov/modules/ec/common/switch.c.obj
[pujjocento:ro] [283/399] Building C object zephyr/drivers/i2c/CMakeFiles/drivers__i2c.dir/i2c_npcx_controller.c.obj
[craaskov:ro] [323/409] Building C object CMakeFiles/app.dir/mnt/host/source/src/platform/ec/build/zephyr/craaskov/modules/ec/common/spi_flash_reg.c.obj
[pujjocento:ro] [284/399] Building C object zephyr/drivers/input/CMakeFiles/drivers__input.dir/input_kbd_matrix.c.obj
[pujjocento:ro] [285/399] Linking CXX static library zephyr/drivers/i2c/libdrivers__i2c.a
[pujjocento:rw] [101/399] Building C object CMakeFiles/app.dir/mnt/host/source/src/platform/ec/build/zephyr/pujjocento/modules/ec/common/keyboard_8042_sharedlib.c.obj
[pujjocento:ro] [286/399] Linking CXX static library zephyr/drivers/sensor/libdrivers__sensor.a
[pujjocento:ro] [287/399] Building C object zephyr/drivers/pinctrl/CMakeFiles/drivers__pinctrl.dir/common.c.obj
[craaskov:ro] [324/409] Building C object CMakeFiles/app.dir/mnt/host/source/src/platform/ec/build/zephyr/craaskov/modules/ec/common/tablet_mode.c.obj
[pujjocento:ro] [288/399] Building C object zephyr/drivers/input/CMakeFiles/drivers__input.dir/input_npcx_kbd.c.obj
[pujjocento:ro] [289/399] Building C object zephyr/drivers/pinctrl/CMakeFiles/drivers__pinctrl.dir/pinctrl_npcx.c.obj
[pujjocento:ro] [290/399] Linking CXX static library zephyr/drivers/input/libdrivers__input.a
[craaskov:ro] [325/409] Building C object CMakeFiles/app.dir/mnt/host/source/src/platform/ec/build/zephyr/craaskov/modules/ec/common/thermal.c.obj
[pujjocento:ro] [291/399] Linking CXX static library zephyr/drivers/pinctrl/libdrivers__pinctrl.a
[pujjocento:rw] [102/399] Building C object CMakeFiles/app.dir/mnt/host/source/src/platform/ec/build/zephyr/pujjocento/modules/ec/common/mkbp_fifo.c.obj
[pujjocento:ro] [292/399] Building C object zephyr/drivers/pwm/CMakeFiles/drivers__pwm.dir/pwm_shell.c.obj
[teliks:ro] [11/402] Building C object zephyr/CMakeFiles/zephyr.dir/lib/libc/validate_libc.c.obj
[pujjocento:rw] [103/399] Building C object CMakeFiles/app.dir/mnt/host/source/src/platform/ec/build/zephyr/pujjocento/modules/ec/common/mkbp_info.c.obj
[/mnt/host/source/src/platform/ec/build/zephyr/karis-lcov]   /mnt/host/source/src/platform/ec/build/zephyr/karis/build-ro/modules/ec/zephyr/CMakeFiles/ec_shim.dir/shim/src/usb_muxes.c.gcno:no functions found
[/mnt/host/source/src/platform/ec/build/zephyr/karis-lcov] stderr:
[craaskov:ro] [326/409] Building C object CMakeFiles/app.dir/mnt/host/source/src/platform/ec/build/zephyr/craaskov/modules/ec/common/temp_sensor.c.obj
[/mnt/host/source/src/platform/ec/build/zephyr/karis-lcov]   /mnt/host/source/src/platform/ec/build/zephyr/karis/build-ro/modules/ec/zephyr/CMakeFiles/ec_shim.dir/shim/src/bb_retimer_usb_mux.c.gcno:no functions found
[/mnt/host/source/src/platform/ec/build/zephyr/karis-lcov] stderr:
[pujjocento:ro] [293/399] Building C object zephyr/drivers/pwm/CMakeFiles/drivers__pwm.dir/pwm_npcx.c.obj
[craaskov:ro] [327/409] Building C object CMakeFiles/app.dir/mnt/host/source/src/platform/ec/build/zephyr/craaskov/modules/ec/driver/temp_sensor/thermistor.c.obj
[pujjocento:rw] [104/399] Building C object CMakeFiles/app.dir/mnt/host/source/src/platform/ec/build/zephyr/pujjocento/modules/ec/common/mkbp_input_devices.c.obj
[pujjocento:ro] [294/399] Linking CXX static library zephyr/drivers/pwm/libdrivers__pwm.a
[pujjocento:ro] [295/399] Building C object zephyr/drivers/syscon/CMakeFiles/drivers__syscon.dir/syscon.c.obj
[craaskov:ro] [328/409] Building C object CMakeFiles/app.dir/mnt/host/source/src/platform/ec/build/zephyr/craaskov/modules/ec/common/throttle_ap.c.obj
[pujjocento:ro] [296/399] Building C object zephyr/drivers/sensor/nuvoton/nuvoton_adc_cmp_npcx/CMakeFiles/drivers__sensor__nuvoton__nuvoton_adc_cmp_npcx.dir/adc_cmp_npcx.c.obj
[pujjocento:rw] [105/399] Building C object CMakeFiles/app.dir/mnt/host/source/src/platform/ec/build/zephyr/pujjocento/modules/ec/common/keyboard_8042.c.obj
[pujjocento:ro] [297/399] Building C object zephyr/drivers/sensor/nuvoton/nuvoton_tach_npcx/CMakeFiles/drivers__sensor__nuvoton__nuvoton_tach_npcx.dir/tach_nuvoton_npcx.c.obj
[pujjocento:ro] [298/399] Linking CXX static library zephyr/drivers/syscon/libdrivers__syscon.a
[pujjocento:ro] [299/399] Building C object zephyr/drivers/timer/CMakeFiles/drivers__timer.dir/sys_clock_init.c.obj
[pujjocento:ro] [300/399] Linking CXX static library zephyr/drivers/sensor/nuvoton/nuvoton_adc_cmp_npcx/libdrivers__sensor__nuvoton__nuvoton_adc_cmp_npcx.a
[teliks:ro] [12/402] Building C object zephyr/CMakeFiles/zephyr.dir/lib/heap/heap.c.obj
[craaskov:ro] [329/409] Building C object CMakeFiles/app.dir/mnt/host/source/src/platform/ec/build/zephyr/craaskov/modules/ec/common/timer.c.obj
[/mnt/host/source/src/platform/ec/build/zephyr/karis-lcov]   /mnt/host/source/src/platform/ec/build/zephyr/karis/build-ro/modules/ec/zephyr/CMakeFiles/ec_shim.dir/shim/src/usba.c.gcno:no functions found
[/mnt/host/source/src/platform/ec/build/zephyr/karis-lcov] stderr:
[pujjocento:ro] [301/399] Linking CXX static library zephyr/drivers/sensor/nuvoton/nuvoton_tach_npcx/libdrivers__sensor__nuvoton__nuvoton_tach_npcx.a
[pujjocento:ro] [302/399] Building C object zephyr/drivers/serial/CMakeFiles/drivers__serial.dir/uart_npcx.c.obj
[pujjocento:ro] [303/399] Linking CXX static library zephyr/drivers/serial/libdrivers__serial.a
[pujjocento:rw] [106/399] Building C object CMakeFiles/app.dir/mnt/host/source/src/platform/ec/build/zephyr/pujjocento/modules/ec/common/keyboard_backlight.c.obj
[pujjocento:rw] [107/399] Building C object CMakeFiles/app.dir/mnt/host/source/src/platform/ec/build/zephyr/pujjocento/modules/ec/common/led_common.c.obj
[craaskov:ro] [330/409] Building C object CMakeFiles/app.dir/mnt/host/source/src/platform/ec/build/zephyr/craaskov/modules/ec/common/usb_port_power_dumb.c.obj
[teliks:ro] [13/402] Building C object zephyr/CMakeFiles/zephyr.dir/lib/os/cbprintf_packaged.c.obj
[craaskov:ro] [331/409] Building C object CMakeFiles/app.dir/mnt/host/source/src/platform/ec/build/zephyr/craaskov/modules/ec/common/typec_control.c.obj
[pujjocento:ro] [304/399] Building C object zephyr/drivers/timer/CMakeFiles/drivers__timer.dir/npcx_itim_timer.c.obj
[pujjocento:ro] [305/399] Building C object zephyr/drivers/watchdog/CMakeFiles/drivers__watchdog.dir/wdt_npcx.c.obj
[pujjocento:ro] [306/399] Linking CXX static library zephyr/drivers/timer/libdrivers__timer.a
[pujjocento:ro] [307/399] Building C object modules/ec/zephyr/CMakeFiles/ec_shim.dir/app/ec/main_shim.c.obj
[pujjocento:ro] [308/399] Building C object zephyr/drivers/watchdog/CMakeFiles/drivers__watchdog.dir/wdt_shell.c.obj
[craaskov:ro] [332/409] Building C object CMakeFiles/app.dir/mnt/host/source/src/platform/ec/build/zephyr/craaskov/modules/ec/common/usb_pd_pdo.c.obj
[pujjocento:ro] [309/399] Linking CXX static library zephyr/drivers/watchdog/libdrivers__watchdog.a
[pujjocento:rw] [108/399] Building C object CMakeFiles/app.dir/mnt/host/source/src/platform/ec/build/zephyr/pujjocento/modules/ec/common/mkbp_event.c.obj
[pujjocento:rw] [109/399] Building C object CMakeFiles/app.dir/mnt/host/source/src/platform/ec/build/zephyr/pujjocento/modules/ec/common/lid_switch.c.obj
[craaskov:ro] [333/409] Building C object CMakeFiles/app.dir/mnt/host/source/src/platform/ec/build/zephyr/craaskov/modules/ec/common/usb_common.c.obj
[pujjocento:ro] [310/399] Building C object modules/ec/zephyr/CMakeFiles/ec_shim.dir/drivers/keyboard_input/keyboard_customization_check.c.obj
[pujjocento:ro] [311/399] Building C object modules/ec/zephyr/CMakeFiles/ec_shim.dir/app/ec/ec_app_main.c.obj
[pujjocento:ro] [312/399] Building C object modules/ec/zephyr/CMakeFiles/ec_shim.dir/drivers/cros_flash/cros_flash_npcx.c.obj
[craaskov:ro] [334/409] Building C object CMakeFiles/app.dir/mnt/host/source/src/platform/ec/build/zephyr/craaskov/modules/ec/common/usbc/usbc_task.c.obj
[teliks:ro] [14/402] Building C object zephyr/CMakeFiles/zephyr.dir/lib/os/clock.c.obj
[pujjocento:rw] [110/399] Building C object CMakeFiles/app.dir/mnt/host/source/src/platform/ec/build/zephyr/pujjocento/modules/ec/common/power_button.c.obj
[pujjocento:rw] [111/399] Building C object CMakeFiles/app.dir/mnt/host/source/src/platform/ec/build/zephyr/pujjocento/modules/ec/common/port80.c.obj
[craaskov:ro] [335/409] Building C object CMakeFiles/app.dir/mnt/host/source/src/platform/ec/build/zephyr/craaskov/modules/ec/common/usbc/usb_pd_timer.c.obj
[pujjocento:ro] [313/399] Building C object modules/ec/zephyr/CMakeFiles/ec_shim.dir/drivers/cros_kblight/pwm_kblight.c.obj
[pujjocento:ro] [314/399] Building C object modules/ec/zephyr/CMakeFiles/ec_shim.dir/drivers/keyboard_input/col_gpio_drive.c.obj
[craaskov:ro] [336/409] Building C object CMakeFiles/app.dir/mnt/host/source/src/platform/ec/build/zephyr/craaskov/modules/ec/common/usbc/usb_sm.c.obj
[pujjocento:ro] [315/399] Building C object modules/ec/zephyr/CMakeFiles/ec_shim.dir/drivers/cros_system/cros_system_npcx.c.obj
[craaskov:ro] [337/409] Building C object CMakeFiles/app.dir/mnt/host/source/src/platform/ec/build/zephyr/craaskov/modules/ec/common/usbc_intr_task.c.obj
[pujjocento:ro] [316/399] Building C object modules/ec/zephyr/CMakeFiles/ec_shim.dir/drivers/keyboard_input/keyboard_input.c.obj
[teliks:ro] [15/402] Building C object zephyr/CMakeFiles/zephyr.dir/lib/os/printk.c.obj
[pujjocento:rw] [112/399] Building C object CMakeFiles/app.dir/mnt/host/source/src/platform/ec/build/zephyr/pujjocento/modules/ec/power/hibernate.c.obj
[craaskov:ro] [338/409] Building C object CMakeFiles/app.dir/mnt/host/source/src/platform/ec/build/zephyr/craaskov/modules/ec/common/usbc_utils.c.obj
[pujjocento:ro] [317/399] Building C object modules/ec/zephyr/CMakeFiles/ec_shim.dir/drivers/keyboard_factory_test/keyboard_factory_test.c.obj
[pujjocento:rw] [113/399] Building C object CMakeFiles/app.dir/mnt/host/source/src/platform/ec/build/zephyr/pujjocento/modules/ec/common/panic_output.c.obj
[craaskov:ro] [339/409] Building C object CMakeFiles/app.dir/mnt/host/source/src/platform/ec/build/zephyr/craaskov/modules/ec/common/usb_pd_flags.c.obj
[pujjocento:ro] [318/399] Building C object modules/ec/zephyr/CMakeFiles/ec_shim.dir/drivers/usbc/ucsi_v3.c.obj
[pujjocento:rw] [114/399] Building C object CMakeFiles/app.dir/mnt/host/source/src/platform/ec/build/zephyr/pujjocento/modules/ec/common/switch.c.obj
[pujjocento:rw] [115/399] Building C object CMakeFiles/app.dir/mnt/host/source/src/platform/ec/build/zephyr/pujjocento/modules/ec/common/shared_mem.c.obj
[craaskov:ro] [340/409] Building C object CMakeFiles/app.dir/mnt/host/source/src/platform/ec/build/zephyr/craaskov/modules/ec/common/chargen.c.obj
[teliks:ro] [16/402] Building C object zephyr/CMakeFiles/zephyr.dir/lib/os/sem.c.obj
[craaskov:ro] [341/409] Building C object CMakeFiles/app.dir/mnt/host/source/src/platform/ec/build/zephyr/craaskov/modules/ec/common/usbc/usb_pd_console.c.obj
[pujjocento:rw] [116/399] Building C object CMakeFiles/app.dir/mnt/host/source/src/platform/ec/build/zephyr/pujjocento/modules/ec/common/spi_flash_reg.c.obj
[pujjocento:ro] [319/399] Building C object modules/ec/zephyr/CMakeFiles/ec_shim.dir/drivers/boot_keys/boot_keys.c.obj
[pujjocento:ro] [320/399] Building C object modules/ec/zephyr/CMakeFiles/ec_shim.dir/drivers/runtime_keys/runtime_keys.c.obj
[pujjocento:ro] [321/399] Building C object modules/ec/zephyr/CMakeFiles/ec_shim.dir/drivers/vivaldi_kbd/vivaldi_kbd.c.obj
[pujjocento:ro] [322/399] Building C object modules/ec/zephyr/CMakeFiles/ec_shim.dir/shim/chip/npcx/clock.c.obj
[craaskov:ro] [342/409] Building C object CMakeFiles/app.dir/mnt/host/source/src/platform/ec/build/zephyr/craaskov/modules/ec/driver/usb_mux/usb_mux.c.obj
[teliks:ro] [17/402] Building C object zephyr/CMakeFiles/zephyr.dir/lib/os/thread_entry.c.obj
[pujjocento:ro] [323/399] Building C object modules/ec/zephyr/CMakeFiles/ec_shim.dir/drivers/usbc/pdc_rts54xx.c.obj
[craaskov:ro] [343/409] Building C object CMakeFiles/app.dir/mnt/host/source/src/platform/ec/build/zephyr/craaskov/modules/ec/driver/usb_mux/virtual.c.obj
[pujjocento:rw] [117/399] Building C object CMakeFiles/app.dir/mnt/host/source/src/platform/ec/build/zephyr/pujjocento/modules/ec/common/thermal.c.obj
[pujjocento:rw] [118/399] Building C object CMakeFiles/app.dir/mnt/host/source/src/platform/ec/build/zephyr/pujjocento/modules/ec/driver/temp_sensor/thermistor.c.obj
[pujjocento:ro] [324/399] Building C object modules/ec/zephyr/CMakeFiles/ec_shim.dir/shim/chip/npcx/gpio.c.obj
[pujjocento:rw] [119/399] Building C object CMakeFiles/app.dir/mnt/host/source/src/platform/ec/build/zephyr/pujjocento/modules/ec/common/temp_sensor.c.obj
[craaskov:ro] [344/409] Building C object CMakeFiles/app.dir/mnt/host/source/src/platform/ec/build/zephyr/craaskov/modules/ec/common/usbc/usb_tc_drp_acc_trysrc_sm.c.obj
[craaskov:ro] [345/409] Building C object CMakeFiles/app.dir/mnt/host/source/src/platform/ec/build/zephyr/craaskov/modules/ec/common/usbc/usb_prl_sm.c.obj
[/mnt/host/source/src/platform/ec/build/zephyr/karis-lcov]   /mnt/host/source/src/platform/ec/build/zephyr/karis/build-ro/modules/ec/zephyr/CMakeFiles/ec_shim.dir/shim/src/kb8010_usb_mux.c.gcno:no functions found
[/mnt/host/source/src/platform/ec/build/zephyr/karis-lcov] stderr:
[pujjocento:ro] [325/399] Building C object modules/ec/zephyr/CMakeFiles/ec_shim.dir/shim/chip/npcx/rom_chip.c.obj
[teliks:ro] [18/402] Building C object zephyr/CMakeFiles/zephyr.dir/lib/os/cbprintf_nano.c.obj
[pujjocento:rw] [120/399] Building C object CMakeFiles/app.dir/mnt/host/source/src/platform/ec/build/zephyr/pujjocento/modules/ec/common/throttle_ap.c.obj
[pujjocento:ro] [326/399] Building C object modules/ec/zephyr/CMakeFiles/ec_shim.dir/shim/chip/npcx/system.c.obj
[pujjocento:ro] [327/399] Building C object modules/ec/zephyr/CMakeFiles/ec_shim.dir/shim/chip/npcx/power_policy.c.obj
[pujjocento:ro] [328/399] Building C object modules/ec/zephyr/CMakeFiles/ec_shim.dir/shim/chip/npcx/system_external_storage.c.obj
[pujjocento:ro] [329/399] Building C object modules/ec/zephyr/CMakeFiles/ec_shim.dir/shim/src/crc.c.obj
[pujjocento:ro] [330/399] Building C object modules/ec/zephyr/CMakeFiles/ec_shim.dir/shim/core/cortex-m/mpu.c.obj
[pujjocento:ro] [331/399] Building C object modules/ec/zephyr/CMakeFiles/ec_shim.dir/shim/core/cortex-m/panic.c.obj
[craaskov:ro] [346/409] Building C object CMakeFiles/app.dir/mnt/host/source/src/platform/ec/build/zephyr/craaskov/modules/ec/common/usbc/usb_pd_dpm.c.obj
[pujjocento:rw] [121/399] Building C object CMakeFiles/app.dir/mnt/host/source/src/platform/ec/build/zephyr/pujjocento/modules/ec/common/timer.c.obj
[pujjocento:rw] [122/399] Building C object CMakeFiles/app.dir/mnt/host/source/src/platform/ec/build/zephyr/pujjocento/modules/ec/common/usbc_utils.c.obj
[pujjocento:rw] [123/399] Building C object CMakeFiles/app.dir/mnt/host/source/src/platform/ec/build/zephyr/pujjocento/modules/ec/common/usb_port_power_dumb.c.obj
[teliks:ro] [19/402] Building C object zephyr/CMakeFiles/zephyr.dir/lib/os/cbprintf.c.obj
[craaskov:ro] [347/409] Building C object CMakeFiles/app.dir/mnt/host/source/src/platform/ec/build/zephyr/craaskov/modules/ec/common/usbc/usbc_pd_policy.c.obj
[craaskov:ro] [348/409] Building C object CMakeFiles/app.dir/mnt/host/source/src/platform/ec/build/zephyr/craaskov/modules/ec/common/usbc/usb_pe_drp_sm.c.obj
[craaskov:ro] [349/409] Building C object CMakeFiles/app.dir/mnt/host/source/src/platform/ec/build/zephyr/craaskov/modules/ec/common/usbc/dp_alt_mode.c.obj
[pujjocento:ro] [332/399] Building C object modules/ec/zephyr/CMakeFiles/ec_shim.dir/shim/src/panic_utils.c.obj
[pujjocento:ro] [333/399] Building C object modules/ec/zephyr/CMakeFiles/ec_shim.dir/shim/src/console.c.obj
[pujjocento:ro] [334/399] Building C object modules/ec/zephyr/CMakeFiles/ec_shim.dir/shim/src/gpio_int.c.obj
[pujjocento:ro] [335/399] Building C object modules/ec/zephyr/CMakeFiles/ec_shim.dir/shim/src/pm_state.c.obj
[teliks:ro] [20/402] Building C object zephyr/CMakeFiles/zephyr.dir/lib/os/assert.c.obj
[pujjocento:ro] [336/399] Building C object modules/ec/zephyr/CMakeFiles/ec_shim.dir/shim/src/cbi/cros_cbi.c.obj
[pujjocento:ro] [337/399] Building C object modules/ec/zephyr/CMakeFiles/ec_shim.dir/shim/src/gpio.c.obj
[pujjocento:rw] [124/399] Building C object CMakeFiles/app.dir/mnt/host/source/src/platform/ec/build/zephyr/pujjocento/modules/ec/common/usb_common.c.obj
[teliks:ro] [21/402] Building C object zephyr/CMakeFiles/zephyr.dir/lib/utils/dec.c.obj
[craaskov:ro] [350/409] Building C object CMakeFiles/app.dir/mnt/host/source/src/platform/ec/build/zephyr/craaskov/modules/ec/common/usb_pd_console_cmd.c.obj
[craaskov:ro] [351/409] Building C object CMakeFiles/app.dir/mnt/host/source/src/platform/ec/build/zephyr/craaskov/modules/ec/common/usb_pd_host_cmd.c.obj
[pujjocento:rw] [125/399] Building C object CMakeFiles/app.dir/mnt/host/source/src/platform/ec/build/zephyr/pujjocento/modules/ec/common/chargen.c.obj
[craaskov:ro] [352/409] Building C object CMakeFiles/app.dir/mnt/host/source/src/platform/ec/build/zephyr/craaskov/modules/ec/common/usbc/usb_pd_host.c.obj
[teliks:ro] [22/402] Building C object zephyr/CMakeFiles/zephyr.dir/lib/utils/hex.c.obj
[pujjocento:rw] [126/399] Building C object CMakeFiles/app.dir/mnt/host/source/src/platform/ec/build/zephyr/pujjocento/modules/ec/common/usb_pd_host_cmd_common.c.obj
[pujjocento:rw] [127/399] Building C object CMakeFiles/app.dir/mnt/host/source/src/platform/ec/build/zephyr/pujjocento/modules/ec/common/vboot_hash.c.obj
[craaskov:ro] [353/409] Building C object CMakeFiles/app.dir/mnt/host/source/src/platform/ec/build/zephyr/craaskov/modules/ec/zephyr/shim/src/tcpc.c.obj
[pujjocento:ro] [338/399] Building C object modules/ec/zephyr/CMakeFiles/ec_shim.dir/shim/src/cbi/cros_cbi_fw_config.c.obj
[pujjocento:ro] [339/399] Building C object modules/ec/zephyr/CMakeFiles/ec_shim.dir/shim/src/cbi/cbi_flash.c.obj
[pujjocento:ro] [340/399] Building C object modules/ec/zephyr/CMakeFiles/ec_shim.dir/shim/src/led_driver/led.c.obj
[teliks:ro] [23/402] Building C object zephyr/CMakeFiles/zephyr.dir/lib/utils/rb.c.obj
[pujjocento:ro] [341/399] Building C object modules/ec/zephyr/CMakeFiles/ec_shim.dir/shim/src/pdc_shim.c.obj
[craaskov:ro] [354/409] Building C object CMakeFiles/app.dir/mnt/host/source/src/platform/ec/build/zephyr/craaskov/modules/ec/common/usbc/svdm_rsp_dfp_only.c.obj
[pujjocento:ro] [342/399] Building C object modules/ec/zephyr/CMakeFiles/ec_shim.dir/shim/src/system.c.obj
[pujjocento:ro] [343/399] Building C object modules/ec/zephyr/CMakeFiles/ec_shim.dir/shim/src/led_driver/led_pwm.c.obj
[craaskov:ro] [355/409] Building C object CMakeFiles/app.dir/mnt/host/source/src/platform/ec/build/zephyr/craaskov/modules/ec/common/usbc_ocp.c.obj
[craaskov:ro] [356/409] Building C object CMakeFiles/app.dir/mnt/host/source/src/platform/ec/build/zephyr/craaskov/modules/ec/common/usb_pd_host_cmd_common.c.obj
[pujjocento:rw] [128/399] Building C object CMakeFiles/app.dir/mnt/host/source/src/platform/ec/build/zephyr/pujjocento/modules/ec/common/vstore.c.obj
[pujjocento:rw] [129/399] Building C object CMakeFiles/app.dir/mnt/host/source/src/platform/ec/build/zephyr/pujjocento/modules/ec/common/math_util.c.obj
[teliks:ro] [24/402] Building C object zephyr/CMakeFiles/zephyr.dir/lib/utils/timeutil.c.obj
[pujjocento:rw] [130/399] Building C object CMakeFiles/app.dir/mnt/host/source/src/platform/ec/build/zephyr/pujjocento/modules/ec/common/vboot/efs2.c.obj
[craaskov:ro] [357/409] Building C object CMakeFiles/app.dir/mnt/host/source/src/platform/ec/build/zephyr/craaskov/modules/ec/common/usb_pd_discovery.c.obj
[pujjocento:rw] [131/399] Building C object CMakeFiles/app.dir/src/board_power.c.obj
[pujjocento:ro] [344/399] Building C object modules/ec/zephyr/CMakeFiles/ec_shim.dir/shim/src/battery.c.obj
[pujjocento:ro] [345/399] Building C object modules/ec/zephyr/CMakeFiles/ec_shim.dir/shim/src/charger.c.obj
[pujjocento:ro] [346/399] Building C object modules/ec/zephyr/CMakeFiles/ec_shim.dir/shim/src/adc.c.obj
[pujjocento:ro] [347/399] Building C object modules/ec/zephyr/CMakeFiles/ec_shim.dir/shim/src/chipset_api.c.obj
[teliks:ro] [25/402] Building C object zephyr/CMakeFiles/zephyr.dir/lib/utils/bitarray.c.obj
[craaskov:ro] [358/409] Building C object CMakeFiles/app.dir/mnt/host/source/src/platform/ec/build/zephyr/craaskov/modules/ec/common/usb_pd_dual_role.c.obj
[craaskov:ro] [359/409] Building C object CMakeFiles/app.dir/mnt/host/source/src/platform/ec/build/zephyr/craaskov/modules/ec/driver/tcpm/raa489000.c.obj
[craaskov:ro] [360/409] Building C object CMakeFiles/app.dir/mnt/host/source/src/platform/ec/build/zephyr/craaskov/modules/ec/driver/tcpm/tcpci.c.obj
[teliks:ro] [26/402] Building C object zephyr/CMakeFiles/zephyr.dir/lib/utils/bitmask.c.obj
[pujjocento:rw] [132/399] Building C object CMakeFiles/app.dir/pujjocento/src/board.c.obj
[pujjocento:rw] [133/399] Building C object CMakeFiles/app.dir/pujjocento/src/charger.c.obj
[pujjocento:ro] [348/399] Building C object modules/ec/zephyr/CMakeFiles/ec_shim.dir/shim/src/fan.c.obj
[pujjocento:rw] [134/399] Building C object CMakeFiles/app.dir/pujjocento/src/keyboard_customization.c.obj
[craaskov:ro] [361/409] Building C object CMakeFiles/app.dir/mnt/host/source/src/platform/ec/build/zephyr/craaskov/modules/ec/common/vboot_hash.c.obj
[pujjocento:rw] [135/399] Building C object CMakeFiles/app.dir/pujjocento/src/touchpanel.c.obj
[pujjocento:rw] [136/399] Building C object zephyr/CMakeFiles/zephyr.dir/lib/cpp/abi/cpp_dtors.c.obj
[pujjocento:ro] [349/399] Building C object modules/ec/zephyr/CMakeFiles/ec_shim.dir/shim/src/espi.c.obj
[pujjocento:rw] [137/399] Linking CXX static library app/libapp.a
[pujjocento:ro] [350/399] Building C object modules/ec/zephyr/CMakeFiles/ec_shim.dir/shim/src/flash.c.obj
[pujjocento:ro] [351/399] Building C object modules/ec/zephyr/CMakeFiles/ec_shim.dir/shim/src/hooks.c.obj
[craaskov:ro] [362/409] Building C object CMakeFiles/app.dir/mnt/host/source/src/platform/ec/build/zephyr/craaskov/modules/ec/common/button.c.obj
[pujjocento:ro] [352/399] Building C object modules/ec/zephyr/CMakeFiles/ec_shim.dir/shim/src/host_command.c.obj
[pujjocento:ro] [353/399] Building C object modules/ec/zephyr/CMakeFiles/ec_shim.dir/shim/src/console_buffer.c.obj
[teliks:ro] [27/402] Building C object zephyr/CMakeFiles/zephyr.dir/lib/utils/getopt/getopt.c.obj
[/mnt/host/source/src/platform/ec/build/zephyr/karis-lcov]   /mnt/host/source/src/platform/ec/build/zephyr/karis/build-ro/CMakeFiles/app.dir/mnt/host/source/src/platform/ec/build/zephyr/karis/modules/ec/common/usb_pd_pdo.c.gcno:no functions found
[/mnt/host/source/src/platform/ec/build/zephyr/karis-lcov] stderr:
[craaskov:ro] [363/409] Building C object CMakeFiles/app.dir/mnt/host/source/src/platform/ec/build/zephyr/craaskov/modules/ec/common/vboot/efs2.c.obj
[craaskov:ro] [364/409] Building C object CMakeFiles/app.dir/mnt/host/source/src/platform/ec/build/zephyr/craaskov/modules/ec/common/vstore.c.obj
[pujjocento:ro] [354/399] Building C object modules/ec/zephyr/CMakeFiles/ec_shim.dir/shim/src/mkbp_event.c.obj
[pujjocento:rw] [138/399] Building C object zephyr/CMakeFiles/zephyr.dir/lib/libc/validate_libc.c.obj
[craaskov:ro] [365/409] Building C object CMakeFiles/app.dir/mnt/host/source/src/platform/ec/build/zephyr/craaskov/modules/ec/common/math_util.c.obj
[pujjocento:rw] [139/399] Building C object zephyr/CMakeFiles/zephyr.dir/lib/heap/heap.c.obj
[pujjocento:rw] [140/399] Building C object zephyr/CMakeFiles/zephyr.dir/lib/os/cbprintf_packaged.c.obj
[pujjocento:rw] [141/399] Building C object zephyr/CMakeFiles/zephyr.dir/lib/os/clock.c.obj
[pujjocento:ro] [355/399] Building C object modules/ec/zephyr/CMakeFiles/ec_shim.dir/shim/src/panic.c.obj
[teliks:ro] [28/402] Building C object zephyr/CMakeFiles/zephyr.dir/lib/utils/getopt/getopt_common.c.obj
[pujjocento:ro] [356/399] Building C object modules/ec/zephyr/CMakeFiles/ec_shim.dir/shim/src/thermal.c.obj
[pujjocento:ro] [357/399] Building C object modules/ec/zephyr/CMakeFiles/ec_shim.dir/shim/src/hwtimer.c.obj
[pujjocento:ro] [358/399] Building C object modules/ec/zephyr/CMakeFiles/ec_shim.dir/shim/src/pwm_hc.c.obj
[craaskov:ro] [366/409] Building C object CMakeFiles/app.dir/src/common.c.obj
[pujjocento:ro] [359/399] Building C object modules/ec/zephyr/CMakeFiles/ec_shim.dir/shim/src/temp_sensors.c.obj
[craaskov:ro] [367/409] Building C object CMakeFiles/app.dir/src/board_power.c.obj
[teliks:ro] [29/402] Building C object zephyr/CMakeFiles/zephyr.dir/lib/utils/ring_buffer.c.obj
[pujjocento:rw] [142/399] Building C object zephyr/CMakeFiles/zephyr.dir/lib/os/printk.c.obj
[craaskov:ro] [368/409] Building C object CMakeFiles/app.dir/craaskov/src/board.c.obj
[pujjocento:rw] [143/399] Building C object zephyr/CMakeFiles/zephyr.dir/lib/os/cbprintf_nano.c.obj
[pujjocento:rw] [144/399] Building C object zephyr/CMakeFiles/zephyr.dir/lib/os/sem.c.obj
[pujjocento:rw] [145/399] Building C object zephyr/CMakeFiles/zephyr.dir/lib/os/thread_entry.c.obj
[teliks:ro] [30/402] Building C object zephyr/CMakeFiles/zephyr.dir/lib/utils/last_section_id.c.obj
[craaskov:ro] [369/409] Building C object CMakeFiles/app.dir/src/sub_board.c.obj
[pujjocento:ro] [360/399] Building C object modules/ec/zephyr/CMakeFiles/ec_shim.dir/shim/src/i2c.c.obj
[teliks:ro] [31/402] Building C object zephyr/CMakeFiles/zephyr.dir/misc/generated/configs.c.obj
[pujjocento:rw] [146/399] Building C object zephyr/CMakeFiles/zephyr.dir/lib/utils/dec.c.obj
[pujjocento:rw] [147/399] Building C object zephyr/CMakeFiles/zephyr.dir/lib/utils/hex.c.obj
[pujjocento:ro] [361/399] Building C object modules/ec/zephyr/CMakeFiles/ec_shim.dir/shim/src/tasks.c.obj
[craaskov:ro] [370/409] Building C object CMakeFiles/app.dir/craaskov/src/keyboard.c.obj
[pujjocento:ro] [362/399] Building C object modules/ec/zephyr/CMakeFiles/ec_shim.dir/shim/src/usba.c.obj
[pujjocento:ro] [363/399] Building C object modules/ec/zephyr/CMakeFiles/ec_shim.dir/shim/src/watchdog.c.obj
[pujjocento:rw] [148/399] Building C object zephyr/CMakeFiles/zephyr.dir/lib/utils/timeutil.c.obj
[teliks:ro] [32/402] Building ASM object zephyr/CMakeFiles/zephyr.dir/soc/ite/ec/common/soc_irq.S.obj
[pujjocento:ro] [364/399] Building C object modules/ec/zephyr/CMakeFiles/ec_shim.dir/shim/src/power_host_sleep_api.c.obj
[pujjocento:ro] [365/399] Building C object modules/ec/zephyr/CMakeFiles/ec_shim.dir/shim/src/sha256_hw.c.obj
[craaskov:ro] [371/409] Building C object CMakeFiles/app.dir/craaskov/src/hdmi.c.obj
[pujjocento:rw] [149/399] Building C object zephyr/CMakeFiles/zephyr.dir/lib/os/assert.c.obj
[pujjocento:rw] [150/399] Building C object zephyr/CMakeFiles/zephyr.dir/lib/utils/bitmask.c.obj
[craaskov:ro] [372/409] Building C object CMakeFiles/app.dir/craaskov/src/touch_panel.c.obj
[pujjocento:ro] [366/399] Linking CXX static library modules/ec/zephyr/libec_shim.a
[pujjocento:ro] [367/399] Building C object zephyr/kernel/CMakeFiles/kernel.dir/main_weak.c.obj
[pujjocento:rw] [151/399] Building C object zephyr/CMakeFiles/zephyr.dir/lib/utils/rb.c.obj
[craaskov:ro] [373/409] Building C object CMakeFiles/app.dir/craaskov/src/usbc.c.obj
[craaskov:ro] [374/409] Linking C static library modules/ec/zephyr/libec_shim.a
[pujjocento:ro] [368/399] Building C object zephyr/kernel/CMakeFiles/kernel.dir/banner.c.obj
[pujjocento:rw] [152/399] Building C object zephyr/CMakeFiles/zephyr.dir/lib/utils/bitarray.c.obj
[pujjocento:ro] [369/399] Building C object zephyr/kernel/CMakeFiles/kernel.dir/busy_wait.c.obj
[pujjocento:rw] [153/399] Building C object zephyr/CMakeFiles/zephyr.dir/lib/utils/ring_buffer.c.obj
[teliks:ro] [33/402] Building C object zephyr/CMakeFiles/zephyr.dir/soc/ite/ec/common/soc_common_irq.c.obj
[pujjocento:ro] [370/399] Building C object zephyr/kernel/CMakeFiles/kernel.dir/device.c.obj
[pujjocento:ro] [371/399] Building C object zephyr/kernel/CMakeFiles/kernel.dir/errno.c.obj
[pujjocento:rw] [154/399] Building C object zephyr/CMakeFiles/zephyr.dir/lib/utils/last_section_id.c.obj
[craaskov:ro] [375/409] Building C object CMakeFiles/app.dir/craaskov/src/charger.c.obj
[craaskov:ro] [376/409] Building C object CMakeFiles/app.dir/craaskov/src/keyboard_customization.c.obj
[pujjocento:rw] [155/399] Building C object zephyr/CMakeFiles/zephyr.dir/misc/generated/configs.c.obj
[pujjocento:ro] [372/399] Building C object zephyr/kernel/CMakeFiles/kernel.dir/version.c.obj
[craaskov:ro] [377/409] Building C object zephyr/kernel/CMakeFiles/kernel.dir/banner.c.obj
[pujjocento:rw] [156/399] Building C object zephyr/CMakeFiles/zephyr.dir/lib/utils/getopt/getopt.c.obj
[craaskov:ro] [378/409] Linking C static library app/libapp.a
[pujjocento:rw] [157/399] Building C object zephyr/CMakeFiles/zephyr.dir/lib/utils/getopt/getopt_common.c.obj
[pujjocento:ro] [373/399] Building C object zephyr/kernel/CMakeFiles/kernel.dir/fatal.c.obj
[craaskov:ro] [379/409] Building C object zephyr/kernel/CMakeFiles/kernel.dir/main_weak.c.obj
[pujjocento:ro] [374/399] Building C object zephyr/kernel/CMakeFiles/kernel.dir/init.c.obj
[teliks:ro] [34/402] Building C object zephyr/CMakeFiles/zephyr.dir/soc/ite/ec/common/power.c.obj
[pujjocento:ro] [375/399] Building C object zephyr/kernel/CMakeFiles/kernel.dir/float.c.obj
[pujjocento:ro] [376/399] Building C object zephyr/kernel/CMakeFiles/kernel.dir/kheap.c.obj
[pujjocento:ro] [377/399] Building C object zephyr/kernel/CMakeFiles/kernel.dir/mem_slab.c.obj
[craaskov:ro] [380/409] Building C object zephyr/kernel/CMakeFiles/kernel.dir/busy_wait.c.obj
[pujjocento:rw] [158/399] Building C object zephyr/CMakeFiles/zephyr.dir/soc/nuvoton/npcx/common/scfg.c.obj
[craaskov:ro] [381/409] Building C object zephyr/kernel/CMakeFiles/kernel.dir/errno.c.obj
[craaskov:ro] [382/409] Building C object zephyr/kernel/CMakeFiles/kernel.dir/device.c.obj
[pujjocento:ro] [378/399] Building C object zephyr/kernel/CMakeFiles/kernel.dir/idle.c.obj
[pujjocento:rw] [159/399] Building C object zephyr/CMakeFiles/zephyr.dir/soc/nuvoton/npcx/common/power.c.obj
[pujjocento:rw] [160/399] Building C object zephyr/CMakeFiles/zephyr.dir/soc/nuvoton/npcx/common/npcxn/registers.c.obj
[teliks:ro] [35/402] Building C object zephyr/CMakeFiles/zephyr.dir/soc/ite/ec/common/policy.c.obj
[pujjocento:rw] [161/399] Building C object zephyr/CMakeFiles/zephyr.dir/soc/nuvoton/npcx/npcx9/soc.c.obj
[pujjocento:ro] [379/399] Building C object zephyr/kernel/CMakeFiles/kernel.dir/mailbox.c.obj
[craaskov:ro] [383/409] Building C object zephyr/kernel/CMakeFiles/kernel.dir/fatal.c.obj
[pujjocento:ro] [380/399] Building C object zephyr/kernel/CMakeFiles/kernel.dir/msg_q.c.obj
[pujjocento:ro] [381/399] Building C object zephyr/kernel/CMakeFiles/kernel.dir/queue.c.obj
[craaskov:ro] [384/409] Building C object zephyr/kernel/CMakeFiles/kernel.dir/mem_slab.c.obj
[craaskov:ro] [385/409] Building C object zephyr/kernel/CMakeFiles/kernel.dir/init.c.obj
[pujjocento:ro] [382/399] Building C object zephyr/kernel/CMakeFiles/kernel.dir/sem.c.obj
[pujjocento:rw] [162/399] Building C object zephyr/CMakeFiles/zephyr.dir/subsys/pm/state.c.obj
[craaskov:ro] [386/409] Building C object zephyr/kernel/CMakeFiles/kernel.dir/kheap.c.obj
[pujjocento:rw] [163/399] Building C object zephyr/CMakeFiles/zephyr.dir/subsys/logging/log_minimal.c.obj
[craaskov:ro] [387/409] Building C object zephyr/kernel/CMakeFiles/kernel.dir/version.c.obj
[pujjocento:ro] [383/399] Building C object zephyr/kernel/CMakeFiles/kernel.dir/mutex.c.obj
[teliks:ro] [36/402] Building C object zephyr/CMakeFiles/zephyr.dir/soc/ite/ec/it8xxx2/soc.c.obj
[pujjocento:ro] [384/399] Building C object zephyr/kernel/CMakeFiles/kernel.dir/stack.c.obj
[craaskov:ro] [388/409] Building C object zephyr/kernel/CMakeFiles/kernel.dir/float.c.obj
[pujjocento:rw] [164/399] Building C object zephyr/CMakeFiles/zephyr.dir/subsys/mem_mgmt/mem_attr.c.obj
[pujjocento:rw] [165/399] Building C object zephyr/CMakeFiles/zephyr.dir/subsys/pm/pm.c.obj
[pujjocento:ro] [385/399] Building C object zephyr/kernel/CMakeFiles/kernel.dir/system_work_q.c.obj
[pujjocento:ro] [386/399] Building C object zephyr/kernel/CMakeFiles/kernel.dir/work.c.obj
[pujjocento:ro] [387/399] Building C object zephyr/kernel/CMakeFiles/kernel.dir/condvar.c.obj
[pujjocento:rw] [166/399] Building C object zephyr/CMakeFiles/zephyr.dir/subsys/pm/policy/policy_latency.c.obj
[craaskov:ro] [389/409] Building C object zephyr/kernel/CMakeFiles/kernel.dir/mailbox.c.obj
[craaskov:ro] [390/409] Building C object zephyr/kernel/CMakeFiles/kernel.dir/idle.c.obj
[craaskov:ro] [391/409] Building C object zephyr/kernel/CMakeFiles/kernel.dir/msg_q.c.obj
[teliks:ro] [37/402] Building C object zephyr/CMakeFiles/zephyr.dir/soc/ite/ec/it8xxx2/check_regs.c.obj
[pujjocento:rw] [167/399] Building C object zephyr/CMakeFiles/zephyr.dir/subsys/pm/policy/policy_events.c.obj
[pujjocento:ro] [388/399] Building C object zephyr/kernel/CMakeFiles/kernel.dir/thread.c.obj
[pujjocento:ro] [389/399] Building C object zephyr/kernel/CMakeFiles/kernel.dir/sched.c.obj
[pujjocento:rw] [168/399] Building C object zephyr/CMakeFiles/zephyr.dir/subsys/pm/policy/policy_state_lock.c.obj
[pujjocento:ro] [390/399] Building C object zephyr/kernel/CMakeFiles/kernel.dir/pipe.c.obj
[pujjocento:ro] [391/399] Building C object zephyr/kernel/CMakeFiles/kernel.dir/spinlock_validate.c.obj
[craaskov:ro] [392/409] Building C object zephyr/kernel/CMakeFiles/kernel.dir/mutex.c.obj
[teliks:ro] [38/402] Building ASM object zephyr/CMakeFiles/zephyr.dir/soc/ite/ec/it8xxx2/vector.S.obj
[pujjocento:rw] [169/399] Building C object zephyr/CMakeFiles/zephyr.dir/subsys/pm/device.c.obj
[teliks:ro] [39/402] Building ASM object zephyr/CMakeFiles/zephyr.dir/soc/ite/ec/it8xxx2/__arithmetic.S.obj
[pujjocento:ro] [392/399] Building C object zephyr/kernel/CMakeFiles/kernel.dir/thread_monitor.c.obj
[craaskov:ro] [393/409] Building C object zephyr/kernel/CMakeFiles/kernel.dir/queue.c.obj
[craaskov:ro] [394/409] Building C object zephyr/kernel/CMakeFiles/kernel.dir/sem.c.obj
[craaskov:ro] [395/409] Building C object zephyr/kernel/CMakeFiles/kernel.dir/stack.c.obj
[pujjocento:ro] [393/399] Building C object zephyr/kernel/CMakeFiles/kernel.dir/timeout.c.obj
[pujjocento:rw] [170/399] Building C object zephyr/CMakeFiles/zephyr.dir/subsys/pm/device_system_managed.c.obj
[pujjocento:rw] [171/399] Building C object zephyr/CMakeFiles/zephyr.dir/subsys/pm/device_runtime.c.obj
[pujjocento:ro] [394/399] Building C object zephyr/kernel/CMakeFiles/kernel.dir/timer.c.obj
Running (initial) lcov on /mnt/host/source/src/platform/ec/build/zephyr/kinmen.
[pujjocento:ro] [395/399] Building C object zephyr/kernel/CMakeFiles/kernel.dir/mempool.c.obj
[pujjocento:ro] [396/399] Building C object zephyr/kernel/CMakeFiles/kernel.dir/poll.c.obj
[craaskov:ro] [396/409] Building C object zephyr/kernel/CMakeFiles/kernel.dir/system_work_q.c.obj
[pujjocento:ro] [397/399] Building C object zephyr/kernel/CMakeFiles/kernel.dir/events.c.obj
[pujjocento:rw] [172/399] Building C object zephyr/CMakeFiles/zephyr.dir/subsys/testsuite/coverage/coverage.c.obj
[pujjocento:rw] [173/399] Building C object zephyr/CMakeFiles/zephyr.dir/subsys/tracing/tracing_none.c.obj
[teliks:ro] [40/402] Building C object zephyr/CMakeFiles/zephyr.dir/soc/ite/ec/it8xxx2/ilm.c.obj
Running `env -i PYTHONPATH=/usr/lib64/python-exec/python3.11:/mnt/host/source/src/platform/ec/zephyr/zmake:/usr/lib/python311.zip:/usr/lib/python3.11:/usr/lib/python3.11/lib-dynload:/usr/lib/python3.11/site-packages PW_PIGWEED_CIPD_INSTALL_DIR=/usr CROSTC_USER_ACKNOWLEDGES_THAT_RISCV_IS_EXPERIMENTAL=1 PATH=/mnt/host/source/chromite/bin:/usr/local/bin:/usr/bin:/bin:/opt/bin:/mnt/host/source/chromite/sdk/bin:/mnt/host/source/chromite/bin HOME=/home/jpmurphy JAVA_HOME=/etc/java-config-2/current-system-vm JDK_HOME=/etc/java-config-2/current-system-vm JAVAC=/etc/java-config-2/current-system-vm/bin/javac MAKEFLAGS=' -j16 --jobserver-auth=5,6' /usr/bin/lcov --gcov-tool /mnt/host/source/src/platform/ec/build/zephyr/kinmen/build-rw/gcov.sh -q -o - -c -d /mnt/host/source/src/platform/ec/build/zephyr/kinmen -t kinmen --rc branch_coverage=1 --filter range --ignore-errors inconsistent,source --ignore-errors gcov,gcov -i`
[pujjocento:ro] [398/399] Building C object zephyr/kernel/CMakeFiles/kernel.dir/dynamic_disabled.c.obj
[craaskov:ro] [397/409] Building C object zephyr/kernel/CMakeFiles/kernel.dir/condvar.c.obj
[pujjocento:ro] [399/399] Linking CXX static library zephyr/kernel/libkernel.a
[craaskov:ro] [398/409] Building C object zephyr/kernel/CMakeFiles/kernel.dir/work.c.obj
[teliks:ro] [41/402] Building C object zephyr/CMakeFiles/zephyr.dir/subsys/logging/log_minimal.c.obj
[craaskov:ro] [399/409] Building C object zephyr/kernel/CMakeFiles/kernel.dir/thread.c.obj
[pujjocento:rw] [174/399] Building C object zephyr/CMakeFiles/zephyr.dir/subsys/shell/modules/kernel_service/kernel_shell.c.obj
[pujjocento:rw] [175/399] Building C object zephyr/CMakeFiles/zephyr.dir/subsys/shell/modules/kernel_service/cycles.c.obj
[craaskov:ro] [400/409] Building C object zephyr/kernel/CMakeFiles/kernel.dir/sched.c.obj
[craaskov:ro] [401/409] Building C object zephyr/kernel/CMakeFiles/kernel.dir/pipe.c.obj
[craaskov:ro] [402/409] Building C object zephyr/kernel/CMakeFiles/kernel.dir/thread_monitor.c.obj
[teliks:ro] [42/402] Building C object zephyr/CMakeFiles/zephyr.dir/subsys/pm/pm.c.obj
[pujjocento:rw] [176/399] Building C object zephyr/CMakeFiles/zephyr.dir/subsys/shell/modules/kernel_service/uptime.c.obj
[teliks:ro] [43/402] Building C object zephyr/CMakeFiles/zephyr.dir/subsys/pm/state.c.obj
[pujjocento:rw] [177/399] Building C object zephyr/CMakeFiles/zephyr.dir/subsys/shell/modules/kernel_service/sleep.c.obj
[craaskov:ro] [403/409] Building C object zephyr/kernel/CMakeFiles/kernel.dir/timeout.c.obj
[craaskov:ro] [404/409] Building C object zephyr/kernel/CMakeFiles/kernel.dir/events.c.obj
[craaskov:ro] [405/409] Building C object zephyr/kernel/CMakeFiles/kernel.dir/timer.c.obj
[craaskov:ro] [406/409] Building C object zephyr/kernel/CMakeFiles/kernel.dir/poll.c.obj
[craaskov:ro] [407/409] Building C object zephyr/kernel/CMakeFiles/kernel.dir/mempool.c.obj
[pujjocento:rw] [178/399] Building C object zephyr/CMakeFiles/zephyr.dir/subsys/shell/modules/kernel_service/version.c.obj
[pujjogatwin:ro] Building: /usr/bin/ninja -C /mnt/host/source/src/platform/ec/build/zephyr/pujjogatwin/build-ro all.libraries
[craaskov:ro] [408/409] Building C object zephyr/kernel/CMakeFiles/kernel.dir/dynamic_disabled.c.obj
Running `env -i SHELL=/bin/bash COLORTERM=truecolor DEPOT_TOOLS_UPDATE=0 LESS='-R -M --shift 5' SUDO_GID=0 JDK_HOME=/etc/java-config-2/current-system-vm CONFIG_PROTECT_MASK='/etc/gentoo-release /etc/sandbox.d /etc/fonts/fonts.conf /etc/terminfo /etc/ca-certificates.conf /etc/revdep-rebuild' CHROMEOS_CACHEDIR=/var/cache/chromeos-cache JAVA_HOME=/etc/java-config-2/current-system-vm SSH_AUTH_SOCK=/tmp/ssh-auth-sock SUDO_COMMAND=/bin/bash SUDO_USER=root SUDO_TTY=/dev/pts/2 EDITOR=/usr/bin/vi PWD=/mnt/host/source/src/platform/ec CONFIG_PROTECT=/usr/share/gnupg/qualified.txt LOGNAME=jpmurphy MANPATH=/etc/java-config-2/current-system-vm/man:/usr/local/share/man:/usr/share/man:/usr/share/gcc-data/x86_64-pc-linux-gnu/10.2.0/man:/usr/share/binutils-data/x86_64-pc-linux-gnu/2.45/man:/etc/java-config-2/current-system-vm/man/ SUDO_HOME=/root XAUTHORITY=/run/user/944457/gdm/Xauthority HOME=/home/jpmurphy LANG=C.UTF-8 LS_COLORS='rs=0:di=01;34:ln=01;36:mh=00:pi=40;33:so=01;35:do=01;35:bd=40;33;01:cd=40;33;01:or=01;05;37;41:mi=01;05;37;41:su=37;41:sg=30;43:ca=30;41:tw=30;42:ow=34;42:st=37;44:ex=01;32:*.tar=01;31:*.tgz=01;31:*.arc=01;31:*.arj=01;31:*.taz=01;31:*.lha=01;31:*.lz4=01;31:*.lzh=01;31:*.lzma=01;31:*.tlz=01;31:*.txz=01;31:*.tzo=01;31:*.t7z=01;31:*.zip=01;31:*.z=01;31:*.dz=01;31:*.gz=01;31:*.lrz=01;31:*.lz=01;31:*.lzo=01;31:*.xz=01;31:*.zst=01;31:*.tzst=01;31:*.bz2=01;31:*.bz=01;31:*.tbz=01;31:*.tbz2=01;31:*.tz=01;31:*.deb=01;31:*.rpm=01;31:*.jar=01;31:*.war=01;31:*.ear=01;31:*.sar=01;31:*.rar=01;31:*.alz=01;31:*.ace=01;31:*.zoo=01;31:*.cpio=01;31:*.7z=01;31:*.rz=01;31:*.cab=01;31:*.wim=01;31:*.swm=01;31:*.dwm=01;31:*.esd=01;31:*.jpg=01;35:*.jpeg=01;35:*.mjpg=01;35:*.mjpeg=01;35:*.gif=01;35:*.bmp=01;35:*.pbm=01;35:*.pgm=01;35:*.ppm=01;35:*.tga=01;35:*.xbm=01;35:*.xpm=01;35:*.tif=01;35:*.tiff=01;35:*.png=01;35:*.svg=01;35:*.svgz=01;35:*.mng=01;35:*.pcx=01;35:*.mov=01;35:*.mpg=01;35:*.mpeg=01;35:*.m2v=01;35:*.mkv=01;35:*.webm=01;35:*.webp=01;35:*.ogm=01;35:*.mp4=01;35:*.m4v=01;35:*.mp4v=01;35:*.vob=01;35:*.qt=01;35:*.nuv=01;35:*.wmv=01;35:*.asf=01;35:*.rm=01;35:*.rmvb=01;35:*.flc=01;35:*.avi=01;35:*.fli=01;35:*.flv=01;35:*.gl=01;35:*.dl=01;35:*.xcf=01;35:*.xwd=01;35:*.yuv=01;35:*.cgm=01;35:*.emf=01;35:*.ogv=01;35:*.ogx=01;35:*.cfg=00;32:*.conf=00;32:*.diff=00;32:*.doc=00;32:*.ini=00;32:*.log=00;32:*.patch=00;32:*.pdf=00;32:*.ps=00;32:*.tex=00;32:*.txt=00;32:*.aac=00;36:*.au=00;36:*.flac=00;36:*.m4a=00;36:*.mid=00;36:*.midi=00;36:*.mka=00;36:*.mp3=00;36:*.mpc=00;36:*.ogg=00;36:*.ra=00;36:*.wav=00;36:*.oga=00;36:*.opus=00;36:*.spx=00;36:*.xspf=00;36:' XDG_CURRENT_DESKTOP=GNOME INFOPATH=/usr/share/info:/usr/share/gcc-data/x86_64-pc-linux-gnu/10.2.0/info:/usr/share/binutils-data/x86_64-pc-linux-gnu/2.45/info:/usr/share/automake-1.16.5/info JAVAC=/etc/java-config-2/current-system-vm/bin/javac TERM=xterm-256color LESSOPEN='|lesspipe %s' USER=jpmurphy CROS_WORKON_SRCROOT=/mnt/host/source MANPAGER=manpager DISPLAY=:1 SHLVL=1 LC_MESSAGES=C EXTERNAL_TRUNK_PATH=/mnt/8f9d649a-3721-44cc-93c0-e6bd21a9689f/chromiumos GCC_SPECS='' PATH=/mnt/host/source/chromite/bin:/usr/local/bin:/usr/bin:/bin:/opt/bin:/mnt/host/source/chromite/sdk/bin:/mnt/host/source/chromite/bin PORTAGE_USERNAME=jpmurphy SUDO_UID=0 GCC_VER=10.2.0 MAIL=/var/mail/jpmurphy OLDPWD=/mnt/host/source/src/scripts traceparent=00-e87aca51550a78635907baa6a2476181-6d684811675d2973-01 _=./zephyr/firmware_builder.py COREBOOT_SDK_ROOT_x86=/home/jpmurphy/.cache/coreboot-sdk/i386-elf/dfbb0486385d938cfa9d73080b9d18d598ed4f49 COREBOOT_SDK_ROOT_picolibc_x86=/home/jpmurphy/.cache/coreboot-sdk/picolibc-i386-elf/eb8e8e687b95461de8cbf278f1c2076952d0ad17 COREBOOT_SDK_ROOT_riscv64=/home/jpmurphy/.cache/coreboot-sdk/riscv64-elf/96b949749225b6aaa92ed810ab769e8dfb12f000 COREBOOT_SDK_ROOT_picolibc_arm=/home/jpmurphy/.cache/coreboot-sdk/picolibc-arm-eabi/422a2aa3e1ef891b5bece9a3deb696ff83840d2e COREBOOT_SDK_ROOT_nds32=/home/jpmurphy/.cache/coreboot-sdk/nds32le-elf/d1a518c4a097666d86058e1444f85ca015d15511 COREBOOT_SDK_ROOT_picolibc_riscv64=/home/jpmurphy/.cache/coreboot-sdk/picolibc-riscv64-elf/f571e990ef0278564b31124f8bb109d9a697eb69 COREBOOT_SDK_ROOT_arm=/home/jpmurphy/.cache/coreboot-sdk/arm-eabi/ea40ddd1d190c3b48435c474c0b545719371813a COREBOOT_SDK_ROOT_libstdcxx_riscv64=/home/jpmurphy/.cache/coreboot-sdk/libstdcxx-riscv64-elf/17abf22a3a252e2d5d2062ced5324f7a623689e0 COREBOOT_SDK_ROOT_libstdcxx_arm=/home/jpmurphy/.cache/coreboot-sdk/libstdcxx-arm-eabi/5d7d82e150e44aa1968f1d366e267e6687b328ac COREBOOT_SDK_ROOT_riscv=/home/jpmurphy/.cache/coreboot-sdk/riscv-elf/9a27b9e82341c6e9126624f516ab3f261abb3e73 COREBOOT_SDK_ROOT_libstdcxx_x86=/home/jpmurphy/.cache/coreboot-sdk/libstdcxx-i386-elf/42ef9d2e87a76a37963175d7d428734e65648b87 PYTHONPATH=/mnt/host/source/src/platform/ec/zephyr/zmake PW_PIGWEED_CIPD_INSTALL_DIR=/usr CROSTC_USER_ACKNOWLEDGES_THAT_RISCV_IS_EXPERIMENTAL=1 MAKEFLAGS=' -j16 --jobserver-auth=5,6' /usr/bin/ninja -C /mnt/host/source/src/platform/ec/build/zephyr/pujjogatwin/build-ro all.libraries`
[pujjogatwin:ro] ninja: Entering directory `/mnt/host/source/src/platform/ec/build/zephyr/pujjogatwin/build-ro'
[/mnt/host/source/src/platform/ec/build/zephyr/kinmen-lcov] stderr:
[craaskov:ro] [409/409] Linking C static library zephyr/kernel/libkernel.a
[kyogre:rw] Building: /usr/bin/ninja -C /mnt/host/source/src/platform/ec/build/zephyr/kyogre/build-rw all.libraries
Running `env -i SHELL=/bin/bash COLORTERM=truecolor DEPOT_TOOLS_UPDATE=0 LESS='-R -M --shift 5' SUDO_GID=0 JDK_HOME=/etc/java-config-2/current-system-vm CONFIG_PROTECT_MASK='/etc/gentoo-release /etc/sandbox.d /etc/fonts/fonts.conf /etc/terminfo /etc/ca-certificates.conf /etc/revdep-rebuild' CHROMEOS_CACHEDIR=/var/cache/chromeos-cache JAVA_HOME=/etc/java-config-2/current-system-vm SSH_AUTH_SOCK=/tmp/ssh-auth-sock SUDO_COMMAND=/bin/bash SUDO_USER=root SUDO_TTY=/dev/pts/2 EDITOR=/usr/bin/vi PWD=/mnt/host/source/src/platform/ec CONFIG_PROTECT=/usr/share/gnupg/qualified.txt LOGNAME=jpmurphy MANPATH=/etc/java-config-2/current-system-vm/man:/usr/local/share/man:/usr/share/man:/usr/share/gcc-data/x86_64-pc-linux-gnu/10.2.0/man:/usr/share/binutils-data/x86_64-pc-linux-gnu/2.45/man:/etc/java-config-2/current-system-vm/man/ SUDO_HOME=/root XAUTHORITY=/run/user/944457/gdm/Xauthority HOME=/home/jpmurphy LANG=C.UTF-8 LS_COLORS='rs=0:di=01;34:ln=01;36:mh=00:pi=40;33:so=01;35:do=01;35:bd=40;33;01:cd=40;33;01:or=01;05;37;41:mi=01;05;37;41:su=37;41:sg=30;43:ca=30;41:tw=30;42:ow=34;42:st=37;44:ex=01;32:*.tar=01;31:*.tgz=01;31:*.arc=01;31:*.arj=01;31:*.taz=01;31:*.lha=01;31:*.lz4=01;31:*.lzh=01;31:*.lzma=01;31:*.tlz=01;31:*.txz=01;31:*.tzo=01;31:*.t7z=01;31:*.zip=01;31:*.z=01;31:*.dz=01;31:*.gz=01;31:*.lrz=01;31:*.lz=01;31:*.lzo=01;31:*.xz=01;31:*.zst=01;31:*.tzst=01;31:*.bz2=01;31:*.bz=01;31:*.tbz=01;31:*.tbz2=01;31:*.tz=01;31:*.deb=01;31:*.rpm=01;31:*.jar=01;31:*.war=01;31:*.ear=01;31:*.sar=01;31:*.rar=01;31:*.alz=01;31:*.ace=01;31:*.zoo=01;31:*.cpio=01;31:*.7z=01;31:*.rz=01;31:*.cab=01;31:*.wim=01;31:*.swm=01;31:*.dwm=01;31:*.esd=01;31:*.jpg=01;35:*.jpeg=01;35:*.mjpg=01;35:*.mjpeg=01;35:*.gif=01;35:*.bmp=01;35:*.pbm=01;35:*.pgm=01;35:*.ppm=01;35:*.tga=01;35:*.xbm=01;35:*.xpm=01;35:*.tif=01;35:*.tiff=01;35:*.png=01;35:*.svg=01;35:*.svgz=01;35:*.mng=01;35:*.pcx=01;35:*.mov=01;35:*.mpg=01;35:*.mpeg=01;35:*.m2v=01;35:*.mkv=01;35:*.webm=01;35:*.webp=01;35:*.ogm=01;35:*.mp4=01;35:*.m4v=01;35:*.mp4v=01;35:*.vob=01;35:*.qt=01;35:*.nuv=01;35:*.wmv=01;35:*.asf=01;35:*.rm=01;35:*.rmvb=01;35:*.flc=01;35:*.avi=01;35:*.fli=01;35:*.flv=01;35:*.gl=01;35:*.dl=01;35:*.xcf=01;35:*.xwd=01;35:*.yuv=01;35:*.cgm=01;35:*.emf=01;35:*.ogv=01;35:*.ogx=01;35:*.cfg=00;32:*.conf=00;32:*.diff=00;32:*.doc=00;32:*.ini=00;32:*.log=00;32:*.patch=00;32:*.pdf=00;32:*.ps=00;32:*.tex=00;32:*.txt=00;32:*.aac=00;36:*.au=00;36:*.flac=00;36:*.m4a=00;36:*.mid=00;36:*.midi=00;36:*.mka=00;36:*.mp3=00;36:*.mpc=00;36:*.ogg=00;36:*.ra=00;36:*.wav=00;36:*.oga=00;36:*.opus=00;36:*.spx=00;36:*.xspf=00;36:' XDG_CURRENT_DESKTOP=GNOME INFOPATH=/usr/share/info:/usr/share/gcc-data/x86_64-pc-linux-gnu/10.2.0/info:/usr/share/binutils-data/x86_64-pc-linux-gnu/2.45/info:/usr/share/automake-1.16.5/info JAVAC=/etc/java-config-2/current-system-vm/bin/javac TERM=xterm-256color LESSOPEN='|lesspipe %s' USER=jpmurphy CROS_WORKON_SRCROOT=/mnt/host/source MANPAGER=manpager DISPLAY=:1 SHLVL=1 LC_MESSAGES=C EXTERNAL_TRUNK_PATH=/mnt/8f9d649a-3721-44cc-93c0-e6bd21a9689f/chromiumos GCC_SPECS='' PATH=/mnt/host/source/chromite/bin:/usr/local/bin:/usr/bin:/bin:/opt/bin:/mnt/host/source/chromite/sdk/bin:/mnt/host/source/chromite/bin PORTAGE_USERNAME=jpmurphy SUDO_UID=0 GCC_VER=10.2.0 MAIL=/var/mail/jpmurphy OLDPWD=/mnt/host/source/src/scripts traceparent=00-e87aca51550a78635907baa6a2476181-6d684811675d2973-01 _=./zephyr/firmware_builder.py COREBOOT_SDK_ROOT_x86=/home/jpmurphy/.cache/coreboot-sdk/i386-elf/dfbb0486385d938cfa9d73080b9d18d598ed4f49 COREBOOT_SDK_ROOT_picolibc_x86=/home/jpmurphy/.cache/coreboot-sdk/picolibc-i386-elf/eb8e8e687b95461de8cbf278f1c2076952d0ad17 COREBOOT_SDK_ROOT_riscv64=/home/jpmurphy/.cache/coreboot-sdk/riscv64-elf/96b949749225b6aaa92ed810ab769e8dfb12f000 COREBOOT_SDK_ROOT_picolibc_arm=/home/jpmurphy/.cache/coreboot-sdk/picolibc-arm-eabi/422a2aa3e1ef891b5bece9a3deb696ff83840d2e COREBOOT_SDK_ROOT_nds32=/home/jpmurphy/.cache/coreboot-sdk/nds32le-elf/d1a518c4a097666d86058e1444f85ca015d15511 COREBOOT_SDK_ROOT_picolibc_riscv64=/home/jpmurphy/.cache/coreboot-sdk/picolibc-riscv64-elf/f571e990ef0278564b31124f8bb109d9a697eb69 COREBOOT_SDK_ROOT_arm=/home/jpmurphy/.cache/coreboot-sdk/arm-eabi/ea40ddd1d190c3b48435c474c0b545719371813a COREBOOT_SDK_ROOT_libstdcxx_riscv64=/home/jpmurphy/.cache/coreboot-sdk/libstdcxx-riscv64-elf/17abf22a3a252e2d5d2062ced5324f7a623689e0 COREBOOT_SDK_ROOT_libstdcxx_arm=/home/jpmurphy/.cache/coreboot-sdk/libstdcxx-arm-eabi/5d7d82e150e44aa1968f1d366e267e6687b328ac COREBOOT_SDK_ROOT_riscv=/home/jpmurphy/.cache/coreboot-sdk/riscv-elf/9a27b9e82341c6e9126624f516ab3f261abb3e73 COREBOOT_SDK_ROOT_libstdcxx_x86=/home/jpmurphy/.cache/coreboot-sdk/libstdcxx-i386-elf/42ef9d2e87a76a37963175d7d428734e65648b87 PYTHONPATH=/mnt/host/source/src/platform/ec/zephyr/zmake PW_PIGWEED_CIPD_INSTALL_DIR=/usr CROSTC_USER_ACKNOWLEDGES_THAT_RISCV_IS_EXPERIMENTAL=1 MAKEFLAGS=' -j16 --jobserver-auth=5,6' /usr/bin/ninja -C /mnt/host/source/src/platform/ec/build/zephyr/kyogre/build-rw all.libraries`
[kyogre:rw] ninja: Entering directory `/mnt/host/source/src/platform/ec/build/zephyr/kyogre/build-rw'
[/mnt/host/source/src/platform/ec/build/zephyr/kinmen-lcov]   /mnt/host/source/src/platform/ec/build/zephyr/kinmen/build-ro/modules/pigweed/pw_log_zephyr/CMakeFiles/pw_log_zephyr.dir/log_zephyr.cc.gcno:no functions found
[/mnt/host/source/src/platform/ec/build/zephyr/kinmen-lcov] geninfo: WARNING: using JSON module "JSON::PP" - which is much slower than some alternatives.  Consider installing one of JSON::XS or Cpanel::JSON::XS
[teliks:ro] [44/402] Building C object zephyr/CMakeFiles/zephyr.dir/subsys/pm/policy/policy_events.c.obj
[pujjocento:rw] [179/399] Building C object zephyr/CMakeFiles/zephyr.dir/subsys/shell/modules/kernel_service/thread/thread.c.obj
[teliks:ro] [45/402] Building C object zephyr/CMakeFiles/zephyr.dir/subsys/pm/policy/policy_latency.c.obj
[teliks:ro] [46/402] Building C object zephyr/CMakeFiles/zephyr.dir/subsys/pm/policy/policy_state_lock.c.obj
[teliks:ro] [47/402] Building C object zephyr/CMakeFiles/zephyr.dir/subsys/pm/device.c.obj
[pujjocento:rw] [180/399] Building C object zephyr/CMakeFiles/zephyr.dir/subsys/shell/modules/kernel_service/thread/stacks.c.obj
[pujjocento:rw] [181/399] Building C object zephyr/CMakeFiles/zephyr.dir/subsys/shell/modules/kernel_service/thread/list.c.obj
[/mnt/host/source/src/platform/ec/build/zephyr/karis-lcov]   /mnt/host/source/src/platform/ec/build/zephyr/karis/build-ro/CMakeFiles/app.dir/mnt/host/source/src/platform/ec/build/zephyr/karis/modules/ec/common/chargen.c.gcno:no functions found
[/mnt/host/source/src/platform/ec/build/zephyr/karis-lcov] stderr:
[teliks:ro] [48/402] Building C object zephyr/CMakeFiles/zephyr.dir/subsys/pm/device_system_managed.c.obj
[pujjocento:rw] [182/399] Building C object zephyr/CMakeFiles/zephyr.dir/subsys/shell/modules/kernel_service/thread/resume.c.obj
[pujjocento:rw] [183/399] Building C object zephyr/CMakeFiles/zephyr.dir/subsys/shell/modules/kernel_service/thread/suspend.c.obj
[kyogre:rw] [1/392] Generating include/generated/zephyr/version.h
[kyogre:rw] -- git describe warned: warning: tag 'upstream/v2.7.99' is externally known as 'v2.7.99'
[pujjogatwin:ro] [1/414] Generating include/generated/zephyr/version.h
[kyogre:rw] -- Zephyr version: 4.3.99 (/mnt/host/source/src/third_party/zephyr/main)
[kyogre:rw] [2/392] Preparing syscall dependency handling
[pujjocento:rw] [184/399] Building C object zephyr/CMakeFiles/zephyr.dir/subsys/shell/modules/kernel_service/thread/kill.c.obj
[pujjogatwin:ro] -- git describe warned: warning: tag 'upstream/v2.7.99' is externally known as 'v2.7.99'
[pujjogatwin:ro] -- Zephyr version: 4.3.99 (/mnt/host/source/src/third_party/zephyr/main)
[pujjogatwin:ro] [2/414] Preparing syscall dependency handling
[pujjogatwin:ro] [3/414] Generating misc/generated/syscalls_subdirs.trigger
[kyogre:rw] [3/392] Generating misc/generated/syscalls_subdirs.trigger
[teliks:ro] [49/402] Building C object zephyr/CMakeFiles/zephyr.dir/subsys/testsuite/coverage/coverage.c.obj
[teliks:ro] [50/402] Building C object zephyr/CMakeFiles/zephyr.dir/subsys/tracing/tracing_none.c.obj
[teliks:ro] [51/402] Building C object zephyr/CMakeFiles/zephyr.dir/subsys/shell/modules/kernel_service/kernel_shell.c.obj
[pujjocento:rw] [185/399] Building C object zephyr/CMakeFiles/zephyr.dir/subsys/shell/backends/shell_uart.c.obj
[teliks:ro] [52/402] Building C object zephyr/CMakeFiles/zephyr.dir/subsys/shell/modules/kernel_service/cycles.c.obj
[pujjocento:rw] [186/399] Building C object zephyr/CMakeFiles/zephyr.dir/subsys/shell/shell.c.obj
[pujjocento:rw] [187/399] Building C object zephyr/CMakeFiles/zephyr.dir/subsys/shell/shell_utils.c.obj
[pujjocento:rw] [188/399] Building C object zephyr/CMakeFiles/zephyr.dir/subsys/shell/shell_fprintf.c.obj
[teliks:ro] [53/402] Building C object zephyr/CMakeFiles/zephyr.dir/subsys/shell/modules/kernel_service/sleep.c.obj
[pujjocento:rw] [189/399] Building C object zephyr/CMakeFiles/zephyr.dir/subsys/shell/shell_help.c.obj
[pujjocento:rw] [190/399] Building C object zephyr/CMakeFiles/zephyr.dir/subsys/shell/shell_history.c.obj
[pujjocento:rw] [191/399] Building C object zephyr/CMakeFiles/zephyr.dir/subsys/shell/shell_ops.c.obj
[teliks:ro] [54/402] Building C object zephyr/CMakeFiles/zephyr.dir/subsys/shell/modules/kernel_service/version.c.obj
[teliks:ro] [55/402] Building C object zephyr/CMakeFiles/zephyr.dir/subsys/shell/modules/kernel_service/uptime.c.obj
[pujjogatwin:ro] [4/414] Generating misc/generated/syscalls.json, misc/generated/struct_tags.json
[teliks:ro] [56/402] Building C object zephyr/CMakeFiles/zephyr.dir/subsys/shell/modules/kernel_service/thread/thread.c.obj
[kyogre:rw] [4/392] Generating misc/generated/syscalls.json, misc/generated/struct_tags.json
[/mnt/host/source/src/platform/ec/build/zephyr/kinmen-lcov] stderr:
[pujjocento:rw] [192/399] Building C object zephyr/arch/common/CMakeFiles/arch__common.dir/init.c.obj
[pujjogatwin:ro] [5/414] Generating include/generated/zephyr/syscall_dispatch.c, include/generated/zephyr/syscall_exports_llext.c, syscall_weakdefs_llext.c, include/generated/zephyr/syscall_list.h
[kyogre:rw] [5/392] Generating include/generated/zephyr/syscall_dispatch.c, include/generated/zephyr/syscall_exports_llext.c, syscall_weakdefs_llext.c, include/generated/zephyr/syscall_list.h
[pujjogatwin:ro] [6/414] Generating include/generated/zephyr/driver-validation.h
[teliks:ro] [57/402] Building C object zephyr/CMakeFiles/zephyr.dir/subsys/shell/modules/kernel_service/thread/list.c.obj
[pujjocento:rw] [193/399] Building ASM object zephyr/arch/arch/arm/core/CMakeFiles/arch__arm__core.dir/nmi_on_reset.S.obj
[kyogre:rw] [6/392] Generating include/generated/zephyr/driver-validation.h
[pujjocento:rw] [194/399] Building C object zephyr/arch/common/CMakeFiles/arch__common.dir/xip.c.obj
[/mnt/host/source/src/platform/ec/build/zephyr/kinmen-lcov]   /mnt/host/source/src/platform/ec/build/zephyr/kinmen/build-ro/modules/ec/zephyr/CMakeFiles/ec_shim.dir/shim/src/thermal.c.gcno:no functions found
[/mnt/host/source/src/platform/ec/build/zephyr/kinmen-lcov] stderr:
[pujjocento:rw] [195/399] Building C object zephyr/arch/common/CMakeFiles/arch__common.dir/sw_isr_common.c.obj
[teliks:ro] [58/402] Building C object zephyr/CMakeFiles/zephyr.dir/subsys/shell/modules/kernel_service/thread/stacks.c.obj
[pujjogatwin:ro] [7/414] Generating include/generated/zephyr/kobj-types-enum.h, include/generated/zephyr/otype-to-str.h, include/generated/zephyr/otype-to-size.h
[pujjocento:rw] [196/399] Building C object zephyr/CMakeFiles/zephyr.dir/drivers/flash/flash_util.c.obj
[pujjocento:rw] [197/399] Building C object zephyr/arch/arch/arm/core/CMakeFiles/arch__arm__core.dir/__aeabi_atexit.c.obj
[pujjogatwin:ro] [8/414] Generating include/generated/device-api-sections.ld, include/generated/device-api-sections.cmake
[kyogre:rw] [7/392] Generating include/generated/zephyr/kobj-types-enum.h, include/generated/zephyr/otype-to-str.h, include/generated/zephyr/otype-to-size.h
[pujjocento:rw] [198/399] Building C object zephyr/arch/arch/arm/core/CMakeFiles/arch__arm__core.dir/nmi.c.obj
[pujjocento:rw] [199/399] Linking CXX static library zephyr/libzephyr.a
[kyogre:rw] [8/392] Generating include/generated/device-api-sections.ld, include/generated/device-api-sections.cmake
[teliks:ro] [59/402] Building C object zephyr/CMakeFiles/zephyr.dir/subsys/shell/modules/kernel_service/thread/unwind.c.obj
[teliks:ro] [60/402] Building C object zephyr/CMakeFiles/zephyr.dir/subsys/shell/modules/kernel_service/thread/suspend.c.obj
[pujjocento:rw] [200/399] Building C object zephyr/arch/common/CMakeFiles/isr_tables.dir/isr_tables.c.obj
[teliks:ro] [61/402] Building C object zephyr/CMakeFiles/zephyr.dir/subsys/shell/modules/kernel_service/thread/resume.c.obj
[/mnt/host/source/src/platform/ec/build/zephyr/kinmen-lcov]   /mnt/host/source/src/platform/ec/build/zephyr/kinmen/build-ro/modules/ec/zephyr/CMakeFiles/ec_shim.dir/shim/src/battery.c.gcno:no functions found
[/mnt/host/source/src/platform/ec/build/zephyr/kinmen-lcov] stderr:
[pujjocento:rw] [201/399] Linking CXX static library zephyr/arch/common/libisr_tables.a
[pujjocento:rw] [202/399] Linking CXX static library zephyr/arch/common/libarch__common.a
[pujjocento:rw] [203/399] Building ASM object zephyr/arch/arch/arm/core/cortex_m/CMakeFiles/arch__arm__core__cortex_m.dir/fault_s.S.obj
[teliks:ro] [62/402] Building C object zephyr/CMakeFiles/zephyr.dir/subsys/shell/modules/kernel_service/thread/kill.c.obj
[pujjocento:rw] [204/399] Building C object zephyr/arch/arch/arm/core/CMakeFiles/arch__arm__core.dir/fatal.c.obj
[teliks:ro] [63/402] Building C object zephyr/CMakeFiles/zephyr.dir/subsys/shell/modules/device_service.c.obj
[pujjocento:rw] [205/399] Building C object zephyr/arch/arch/arm/core/CMakeFiles/arch__arm__core.dir/tls.c.obj
[pujjocento:rw] [206/399] Building C object zephyr/arch/arch/arm/core/cortex_m/CMakeFiles/arch__arm__core__cortex_m.dir/exc_exit.c.obj
[pujjocento:rw] [207/399] Linking CXX static library zephyr/arch/arch/arm/core/libarch__arm__core.a
[pujjogatwin:ro] [9/414] Building C object zephyr/CMakeFiles/offsets.dir/arch/arm/core/offsets/offsets.c.obj
[teliks:ro] [64/402] Building C object zephyr/CMakeFiles/zephyr.dir/subsys/shell/modules/devmem_service.c.obj
[pujjocento:rw] [208/399] Building C object zephyr/arch/arch/arm/core/cortex_m/CMakeFiles/arch__arm__core__cortex_m.dir/fpu.c.obj
[kyogre:rw] [9/392] Building C object zephyr/CMakeFiles/offsets.dir/arch/arm/core/offsets/offsets.c.obj
[teliks:ro] [65/402] Building C object zephyr/CMakeFiles/zephyr.dir/subsys/shell/modules/date_service.c.obj
[teliks:ro] [66/402] Building C object zephyr/CMakeFiles/zephyr.dir/subsys/shell/backends/shell_uart.c.obj
[pujjocento:rw] [209/399] Building ASM object zephyr/arch/arch/arm/core/cortex_m/CMakeFiles/arch__arm__core__cortex_m.dir/reset.S.obj
[/mnt/host/source/src/platform/ec/build/zephyr/kinmen-lcov]   /mnt/host/source/src/platform/ec/build/zephyr/kinmen/build-ro/modules/ec/zephyr/CMakeFiles/ec_shim.dir/shim/src/charger.c.gcno:no functions found
[/mnt/host/source/src/platform/ec/build/zephyr/kinmen-lcov] stderr:
[pujjogatwin:ro] [10/414] Generating include/generated/zephyr/offsets.h
[pujjocento:rw] [210/399] Building ASM object zephyr/arch/arch/arm/core/cortex_m/CMakeFiles/arch__arm__core__cortex_m.dir/vector_table.S.obj
[kyogre:rw] [10/392] Generating include/generated/zephyr/offsets.h
[pujjocento:rw] [211/399] Building C object zephyr/arch/arch/arm/core/cortex_m/CMakeFiles/arch__arm__core__cortex_m.dir/scb.c.obj
[teliks:ro] [67/402] Building C object zephyr/CMakeFiles/zephyr.dir/subsys/shell/shell.c.obj
[teliks:ro] [68/402] Building C object zephyr/CMakeFiles/zephyr.dir/subsys/shell/shell_fprintf.c.obj
[pujjocento:rw] [212/399] Building C object zephyr/arch/arch/arm/core/cortex_m/CMakeFiles/arch__arm__core__cortex_m.dir/thread_abort.c.obj
[pujjocento:rw] [213/399] Building ASM object zephyr/arch/arch/arm/core/cortex_m/CMakeFiles/arch__arm__core__cortex_m.dir/swap_helper.S.obj
[pujjocento:rw] [214/399] Building C object zephyr/arch/arch/arm/core/cortex_m/CMakeFiles/arch__arm__core__cortex_m.dir/fault.c.obj
[teliks:ro] [69/402] Building C object zephyr/CMakeFiles/zephyr.dir/subsys/shell/shell_ops.c.obj
[pujjocento:rw] [215/399] Building C object zephyr/arch/arch/arm/core/cortex_m/CMakeFiles/arch__arm__core__cortex_m.dir/irq_manage.c.obj
[teliks:ro] [70/402] Building C object zephyr/CMakeFiles/zephyr.dir/subsys/shell/shell_utils.c.obj
[pujjogatwin:ro] [11/414] Building C object zephyr/CMakeFiles/zephyr.dir/lib/libc/validate_libc.c.obj
[teliks:ro] [71/402] Building C object zephyr/CMakeFiles/zephyr.dir/subsys/shell/shell_help.c.obj
[pujjocento:rw] [216/399] Building C object zephyr/arch/arch/arm/core/cortex_m/CMakeFiles/arch__arm__core__cortex_m.dir/prep_c.c.obj
[kyogre:rw] [11/392] Building C object zephyr/CMakeFiles/zephyr.dir/lib/libc/validate_libc.c.obj
[pujjocento:rw] [217/399] Building ASM object zephyr/arch/arch/arm/core/cortex_m/CMakeFiles/arch__arm__core__cortex_m.dir/__aeabi_read_tp.S.obj
[pujjocento:rw] [218/399] Building C object zephyr/arch/arch/arm/core/cortex_m/CMakeFiles/arch__arm__core__cortex_m.dir/cpu_idle.c.obj
[teliks:ro] [72/402] Building C object zephyr/CMakeFiles/zephyr.dir/subsys/shell/shell_cmds.c.obj
[pujjocento:rw] [219/399] Building C object zephyr/arch/arch/arm/core/cortex_m/CMakeFiles/arch__arm__core__cortex_m.dir/thread.c.obj
[pujjocento:rw] [220/399] Building C object zephyr/arch/arch/arm/core/cortex_m/CMakeFiles/arch__arm__core__cortex_m.dir/irq_init.c.obj
[teliks:ro] [73/402] Building C object zephyr/CMakeFiles/zephyr.dir/subsys/shell/shell_history.c.obj
[pujjocento:rw] [221/399] Building C object zephyr/arch/arch/arm/core/cortex_m/CMakeFiles/arch__arm__core__cortex_m.dir/isr_wrapper.c.obj
[teliks:ro] [74/402] Building C object zephyr/arch/common/CMakeFiles/arch__common.dir/sw_isr_common.c.obj
[teliks:ro] [75/402] Building C object zephyr/CMakeFiles/zephyr.dir/subsys/shell/shell_wildcard.c.obj
[pujjocento:rw] [222/399] Linking CXX static library zephyr/arch/arch/arm/core/cortex_m/libarch__arm__core__cortex_m.a
[teliks:ro] [76/402] Building C object zephyr/CMakeFiles/zephyr.dir/drivers/flash/flash_util.c.obj
[pujjogatwin:ro] [12/414] Building C object zephyr/CMakeFiles/zephyr.dir/lib/heap/heap.c.obj
[/mnt/host/source/src/platform/ec/build/zephyr/kinmen-lcov]   /mnt/host/source/src/platform/ec/build/zephyr/kinmen/build-ro/modules/ec/zephyr/CMakeFiles/ec_shim.dir/shim/src/usba.c.gcno:no functions found
[/mnt/host/source/src/platform/ec/build/zephyr/kinmen-lcov] stderr:
[kyogre:rw] [12/392] Building C object zephyr/CMakeFiles/zephyr.dir/lib/heap/heap.c.obj
[pujjocento:rw] [223/399] Building C object zephyr/arch/arch/arm/core/mpu/CMakeFiles/arch__arm__core__mpu.dir/arm_mpu_regions.c.obj
[teliks:ro] [77/402] Building C object zephyr/arch/common/CMakeFiles/arch__common.dir/init.c.obj
[teliks:ro] [78/402] Building C object zephyr/arch/common/CMakeFiles/arch__common.dir/dynamic_isr.c.obj
[pujjocento:rw] [224/399] Building C object zephyr/arch/arch/arm/core/mpu/CMakeFiles/arch__arm__core__mpu.dir/arm_core_mpu.c.obj
[teliks:ro] [79/402] Linking C static library zephyr/libzephyr.a
[pujjocento:rw] [225/399] Building C object zephyr/lib/libc/picolibc/CMakeFiles/lib__libc__picolibc.dir/assert.c.obj
[pujjocento:rw] [226/399] Building C object zephyr/lib/libc/picolibc/CMakeFiles/lib__libc__picolibc.dir/cbprintf.c.obj
[pujjocento:rw] [227/399] Building C object zephyr/arch/arch/arm/core/mpu/CMakeFiles/arch__arm__core__mpu.dir/arm_mpu.c.obj
[pujjocento:rw] [228/399] Building C object zephyr/lib/libc/picolibc/CMakeFiles/lib__libc__picolibc.dir/chk_fail.c.obj
[teliks:ro] [80/402] Building C object zephyr/arch/common/CMakeFiles/arch__common.dir/xip.c.obj
[/mnt/host/source/src/platform/ec/build/zephyr/karis-lcov]   /mnt/host/source/src/platform/ec/build/zephyr/karis/build-ro/CMakeFiles/app.dir/mnt/host/source/src/platform/ec/build/zephyr/karis/modules/ec/common/cbi_config.c.gcno:no functions found
[/mnt/host/source/src/platform/ec/build/zephyr/karis-lcov] stderr:
[pujjocento:rw] [229/399] Linking CXX static library zephyr/arch/arch/arm/core/mpu/libarch__arm__core__mpu.a
[teliks:ro] [81/402] Building C object zephyr/arch/common/CMakeFiles/isr_tables.dir/isr_tables.c.obj
[teliks:ro] [82/402] Linking C static library zephyr/arch/common/libisr_tables.a
[teliks:ro] [83/402] Building C object zephyr/arch/arch/riscv/core/CMakeFiles/arch__riscv__core.dir/cpu_idle.c.obj
[pujjocento:rw] [230/399] Building C object zephyr/lib/posix/c_lib_ext/CMakeFiles/lib__posix__c_lib_ext.dir/fnmatch.c.obj
[pujjogatwin:ro] [13/414] Building C object zephyr/CMakeFiles/zephyr.dir/lib/os/cbprintf_packaged.c.obj
[teliks:ro] [84/402] Linking C static library zephyr/arch/common/libarch__common.a
[pujjocento:rw] [231/399] Building C object zephyr/lib/libc/common/CMakeFiles/lib__libc__common.dir/source/time/time.c.obj
[pujjocento:rw] [232/399] Building C object zephyr/lib/libc/picolibc/CMakeFiles/lib__libc__picolibc.dir/errno_wrap.c.obj
[teliks:ro] [85/402] Building C object zephyr/arch/arch/riscv/core/CMakeFiles/arch__riscv__core.dir/fatal.c.obj
[kyogre:rw] [13/392] Building C object zephyr/CMakeFiles/zephyr.dir/lib/os/cbprintf_packaged.c.obj
[teliks:ro] [86/402] Building C object zephyr/arch/arch/riscv/core/CMakeFiles/arch__riscv__core.dir/prep_c.c.obj
[teliks:ro] [87/402] Building C object zephyr/arch/arch/riscv/core/CMakeFiles/arch__riscv__core.dir/irq_manage.c.obj
[pujjocento:rw] [233/399] Building C object zephyr/lib/libc/picolibc/CMakeFiles/lib__libc__picolibc.dir/locks.c.obj
[pujjocento:rw] [234/399] Building C object zephyr/lib/libc/picolibc/CMakeFiles/lib__libc__picolibc.dir/exit.c.obj
[pujjocento:rw] [235/399] Building C object zephyr/lib/libc/picolibc/CMakeFiles/lib__libc__picolibc.dir/stdio.c.obj
[pujjocento:rw] [236/399] Building C object zephyr/subsys/crc/CMakeFiles/subsys__crc.dir/crc4_sw.c.obj
[pujjocento:rw] [237/399] Building C object zephyr/lib/libc/common/CMakeFiles/lib__libc__common.dir/source/stdlib/abort.c.obj
[pujjocento:rw] [238/399] Linking CXX static library zephyr/lib/libc/picolibc/liblib__libc__picolibc.a
[pujjocento:rw] [239/399] Building C object zephyr/subsys/crc/CMakeFiles/subsys__crc.dir/crc8_sw.c.obj
[/mnt/host/source/src/platform/ec/build/zephyr/kinmen-lcov]   /mnt/host/source/src/platform/ec/build/zephyr/kinmen/build-ro/modules/ec/zephyr/CMakeFiles/ec_shim.dir/drivers/keyboard_input/keyboard_customization_check.c.gcno:no functions found
[/mnt/host/source/src/platform/ec/build/zephyr/kinmen-lcov] stderr:
[teliks:ro] [88/402] Building C object zephyr/arch/arch/riscv/core/CMakeFiles/arch__riscv__core.dir/reboot.c.obj
[pujjocento:rw] [240/399] Linking CXX static library zephyr/lib/libc/common/liblib__libc__common.a
[pujjocento:rw] [241/399] Building C object zephyr/subsys/crc/CMakeFiles/subsys__crc.dir/crc16_sw.c.obj
[teliks:ro] [89/402] Building ASM object zephyr/arch/arch/riscv/core/CMakeFiles/arch__riscv__core.dir/reset.S.obj
[pujjogatwin:ro] [14/414] Building C object zephyr/CMakeFiles/zephyr.dir/lib/os/clock.c.obj
[pujjocento:rw] [242/399] Building C object zephyr/subsys/crc/CMakeFiles/subsys__crc.dir/crc7_sw.c.obj
[teliks:ro] [90/402] Generating ../../../include/generated/libc/minimal/strerror_table.h
[pujjocento:rw] [243/399] Building C object zephyr/lib/posix/c_lib_ext/CMakeFiles/lib__posix__c_lib_ext.dir/getopt_shim.c.obj
[teliks:ro] [91/402] Building C object zephyr/arch/arch/riscv/core/CMakeFiles/arch__riscv__core.dir/thread.c.obj
[teliks:ro] [92/402] Building ASM object zephyr/arch/arch/riscv/core/CMakeFiles/arch__riscv__core.dir/switch.S.obj
[pujjocento:rw] [244/399] Building C object zephyr/subsys/crc/CMakeFiles/subsys__crc.dir/crc24_sw.c.obj
[pujjocento:rw] [245/399] Building C object zephyr/subsys/crc/CMakeFiles/subsys__crc.dir/crc32c_sw.c.obj
[pujjocento:rw] [246/399] Building C object zephyr/lib/posix/c_lib_ext/CMakeFiles/lib__posix__c_lib_ext.dir/getentropy.c.obj
[pujjocento:rw] [247/399] Building C object zephyr/subsys/crc/CMakeFiles/subsys__crc.dir/crc32_sw.c.obj
[pujjocento:rw] [248/399] Linking CXX static library zephyr/lib/posix/c_lib_ext/liblib__posix__c_lib_ext.a
[teliks:ro] [93/402] Building ASM object zephyr/arch/arch/riscv/core/CMakeFiles/arch__riscv__core.dir/isr.S.obj
[pujjocento:rw] [249/399] Building C object zephyr/subsys/crc/CMakeFiles/subsys__crc.dir/crc32k_4_2_sw.c.obj
[teliks:ro] [94/402] Building C object zephyr/lib/libc/minimal/CMakeFiles/lib__libc__minimal.dir/source/stdlib/atoi.c.obj
[teliks:ro] [95/402] Building C object zephyr/lib/libc/minimal/CMakeFiles/lib__libc__minimal.dir/source/stdlib/strtol.c.obj
[pujjocento:rw] [250/399] Building C object zephyr/lib/smf/CMakeFiles/lib__smf.dir/smf.c.obj
[pujjocento:rw] [251/399] Linking CXX static library zephyr/subsys/crc/libsubsys__crc.a
[teliks:ro] [96/402] Building C object zephyr/lib/libc/minimal/CMakeFiles/lib__libc__minimal.dir/source/stdlib/strtoul.c.obj
[pujjocento:rw] [252/399] Building C object zephyr/subsys/input/CMakeFiles/subsys__input.dir/input_hid.c.obj
[pujjocento:rw] [253/399] Linking CXX static library zephyr/lib/smf/liblib__smf.a
[kyogre:rw] [14/392] Building C object zephyr/CMakeFiles/zephyr.dir/lib/os/clock.c.obj
[teliks:ro] [97/402] Building C object zephyr/lib/libc/minimal/CMakeFiles/lib__libc__minimal.dir/source/stdlib/strtoll.c.obj
[teliks:ro] [98/402] Building C object zephyr/lib/libc/minimal/CMakeFiles/lib__libc__minimal.dir/source/stdlib/strtoull.c.obj
[teliks:ro] [99/402] Building C object zephyr/lib/libc/minimal/CMakeFiles/lib__libc__minimal.dir/source/stdlib/bsearch.c.obj
[/mnt/host/source/src/platform/ec/build/zephyr/karis-lcov]   /mnt/host/source/src/platform/ec/build/zephyr/karis/build-ro/zephyr/arch/arch/arm/core/mpu/CMakeFiles/arch__arm__core__mpu.dir/arm_mpu_regions.c.gcno:no functions found
[/mnt/host/source/src/platform/ec/build/zephyr/karis-lcov] stderr:
[teliks:ro] [100/402] Building C object zephyr/lib/libc/minimal/CMakeFiles/lib__libc__minimal.dir/source/string/strncasecmp.c.obj
[teliks:ro] [101/402] Building C object zephyr/arch/arch/riscv/core/CMakeFiles/arch__riscv__core.dir/stacktrace.c.obj
[teliks:ro] [102/402] Building C object zephyr/lib/libc/minimal/CMakeFiles/lib__libc__minimal.dir/source/stdlib/qsort.c.obj
[pujjogatwin:ro] [15/414] Building C object zephyr/CMakeFiles/zephyr.dir/lib/os/printk.c.obj
[teliks:ro] [103/402] Building C object zephyr/lib/libc/minimal/CMakeFiles/lib__libc__minimal.dir/source/string/strerror.c.obj
[teliks:ro] [104/402] Linking C static library zephyr/arch/arch/riscv/core/libarch__riscv__core.a
[teliks:ro] [105/402] Building C object zephyr/lib/libc/minimal/CMakeFiles/lib__libc__minimal.dir/source/string/strstr.c.obj
[teliks:ro] [106/402] Building C object zephyr/lib/libc/minimal/CMakeFiles/lib__libc__minimal.dir/source/string/string.c.obj
[teliks:ro] [107/402] Building C object zephyr/lib/libc/minimal/CMakeFiles/lib__libc__minimal.dir/source/string/strspn.c.obj
[teliks:ro] [108/402] Building C object zephyr/lib/libc/minimal/CMakeFiles/lib__libc__minimal.dir/source/stdlib/exit.c.obj
[kyogre:rw] [15/392] Building C object zephyr/CMakeFiles/zephyr.dir/lib/os/printk.c.obj
[pujjocento:rw] [254/399] Building C object zephyr/drivers/interrupt_controller/CMakeFiles/drivers__interrupt_controller.dir/intc_miwu.c.obj
[pujjocento:rw] [255/399] Building C object zephyr/drivers/adc/CMakeFiles/drivers__adc.dir/adc_common.c.obj
[pujjocento:rw] [256/399] Building C object zephyr/subsys/input/CMakeFiles/subsys__input.dir/input.c.obj
[pujjocento:rw] [257/399] Linking CXX static library zephyr/drivers/interrupt_controller/libdrivers__interrupt_controller.a
[pujjocento:rw] [258/399] Building C object zephyr/drivers/bbram/CMakeFiles/drivers__bbram.dir/bbram_npcx.c.obj
[pujjocento:rw] [259/399] Building C object zephyr/subsys/input/CMakeFiles/subsys__input.dir/input_utils.c.obj
[teliks:ro] [109/402] Building C object zephyr/lib/libc/minimal/CMakeFiles/lib__libc__minimal.dir/source/math/sqrt.c.obj
[teliks:ro] [110/402] Building C object zephyr/lib/libc/minimal/CMakeFiles/lib__libc__minimal.dir/source/math/sqrtf.c.obj
[pujjocento:rw] [260/399] Linking CXX static library zephyr/subsys/input/libsubsys__input.a
[pujjocento:rw] [261/399] Linking CXX static library zephyr/drivers/bbram/libdrivers__bbram.a
[pujjocento:rw] [262/399] Building C object zephyr/drivers/clock_control/CMakeFiles/drivers__clock_control.dir/clock_control_npcx.c.obj
[pujjocento:rw] [263/399] Linking CXX static library zephyr/drivers/clock_control/libdrivers__clock_control.a
[teliks:ro] [111/402] Building C object zephyr/lib/libc/minimal/CMakeFiles/lib__libc__minimal.dir/source/stdout/sprintf.c.obj
[teliks:ro] [112/402] Building C object zephyr/lib/libc/minimal/CMakeFiles/lib__libc__minimal.dir/source/stdout/fprintf.c.obj
[/mnt/host/source/src/platform/ec/build/zephyr/kinmen-lcov]   /mnt/host/source/src/platform/ec/build/zephyr/kinmen/build-ro/modules/ec/zephyr/drivers/pw_transport/CMakeFiles/pw_transport.proto.nanopb.dir/pw_transport.proto/nanopb/pw_transport/proto/transport.pb.c.gcno:no functions found
[/mnt/host/source/src/platform/ec/build/zephyr/kinmen-lcov] stderr:
[pujjogatwin:ro] [16/414] Building C object zephyr/CMakeFiles/zephyr.dir/lib/os/sem.c.obj
[teliks:ro] [113/402] Building C object zephyr/lib/libc/minimal/CMakeFiles/lib__libc__minimal.dir/source/stdout/stdout_console.c.obj
[/mnt/host/source/src/platform/ec/build/zephyr/karis-lcov]   /mnt/host/source/src/platform/ec/build/zephyr/karis/build-ro/zephyr/arch/common/CMakeFiles/isr_tables.dir/isr_tables.c.gcno:no functions found
[/mnt/host/source/src/platform/ec/build/zephyr/karis-lcov] stderr:
[teliks:ro] [114/402] Building C object zephyr/lib/libc/common/CMakeFiles/lib__libc__common.dir/source/time/gmtime_r.c.obj
[kyogre:rw] [16/392] Building C object zephyr/CMakeFiles/zephyr.dir/lib/os/sem.c.obj
[teliks:ro] [115/402] Building C object zephyr/lib/libc/common/CMakeFiles/lib__libc__common.dir/source/time/asctime.c.obj
[pujjocento:rw] [264/399] Building C object zephyr/drivers/console/CMakeFiles/drivers__console.dir/uart_console.c.obj
[pujjocento:rw] [265/399] Building C object zephyr/drivers/adc/CMakeFiles/drivers__adc.dir/adc_npcx.c.obj
[teliks:ro] [116/402] Building C object zephyr/lib/libc/common/CMakeFiles/lib__libc__common.dir/source/time/localtime_r_utc.c.obj
[teliks:ro] [117/402] Building C object zephyr/lib/libc/minimal/CMakeFiles/lib__libc__minimal.dir/source/time/gmtime.c.obj
[pujjocento:rw] [266/399] Linking CXX static library zephyr/drivers/console/libdrivers__console.a
[pujjocento:rw] [267/399] Linking CXX static library zephyr/drivers/adc/libdrivers__adc.a
[teliks:ro] [118/402] Building C object zephyr/lib/libc/common/CMakeFiles/lib__libc__common.dir/source/time/ctime.c.obj
[teliks:ro] [119/402] Building C object zephyr/lib/libc/common/CMakeFiles/lib__libc__common.dir/source/stdlib/abort.c.obj
[teliks:ro] [120/402] Building C object zephyr/lib/libc/common/CMakeFiles/lib__libc__common.dir/source/time/time.c.obj
[teliks:ro] [121/402] Linking C static library zephyr/lib/libc/minimal/liblib__libc__minimal.a
[teliks:ro] [122/402] Building C object zephyr/lib/libc/common/CMakeFiles/lib__libc__common.dir/source/string/strnlen.c.obj
[teliks:ro] [123/402] Building C object zephyr/lib/posix/c_lib_ext/CMakeFiles/lib__posix__c_lib_ext.dir/fnmatch.c.obj
[pujjocento:rw] [268/399] Building C object zephyr/drivers/flash/CMakeFiles/drivers__flash.dir/jesd216.c.obj
[pujjocento:rw] [269/399] Building C object zephyr/drivers/crypto/CMakeFiles/drivers__crypto.dir/crypto_npcx_sha.c.obj
[teliks:ro] [124/402] Building C object zephyr/subsys/crc/CMakeFiles/subsys__crc.dir/crc4_sw.c.obj
[teliks:ro] [125/402] Building C object zephyr/subsys/crc/CMakeFiles/subsys__crc.dir/crc8_sw.c.obj
[pujjogatwin:ro] [17/414] Building C object zephyr/CMakeFiles/zephyr.dir/lib/os/thread_entry.c.obj
[pujjocento:rw] [270/399] Linking CXX static library zephyr/drivers/crypto/libdrivers__crypto.a
[teliks:ro] [126/402] Building C object zephyr/subsys/crc/CMakeFiles/subsys__crc.dir/crc16_sw.c.obj
[kyogre:rw] [17/392] Building C object zephyr/CMakeFiles/zephyr.dir/lib/os/thread_entry.c.obj
[teliks:ro] [127/402] Building C object zephyr/subsys/crc/CMakeFiles/subsys__crc.dir/crc7_sw.c.obj
[teliks:ro] [128/402] Building C object zephyr/lib/libc/common/CMakeFiles/lib__libc__common.dir/source/stdlib/malloc.c.obj
[pujjocento:rw] [271/399] Building C object zephyr/drivers/espi/CMakeFiles/drivers__espi.dir/host_subs_npcx.c.obj
[pujjocento:rw] [272/399] Building C object zephyr/drivers/flash/CMakeFiles/drivers__flash.dir/flash_npcx_fiu_nor.c.obj
[teliks:ro] [129/402] Linking C static library zephyr/lib/libc/common/liblib__libc__common.a
[teliks:ro] [130/402] Building C object zephyr/subsys/crc/CMakeFiles/subsys__crc.dir/crc24_sw.c.obj
[teliks:ro] [131/402] Building C object zephyr/lib/posix/c_lib_ext/CMakeFiles/lib__posix__c_lib_ext.dir/getentropy.c.obj
[teliks:ro] [132/402] Building C object zephyr/subsys/crc/CMakeFiles/subsys__crc.dir/crc32c_sw.c.obj
[pujjocento:rw] [273/399] Building C object zephyr/drivers/espi/CMakeFiles/drivers__espi.dir/espi_npcx.c.obj
[teliks:ro] [133/402] Building C object zephyr/lib/posix/c_lib_ext/CMakeFiles/lib__posix__c_lib_ext.dir/getopt_shim.c.obj
[pujjocento:rw] [274/399] Linking CXX static library zephyr/drivers/espi/libdrivers__espi.a
[teliks:ro] [134/402] Linking C static library zephyr/lib/posix/c_lib_ext/liblib__posix__c_lib_ext.a
[teliks:ro] [135/402] Building C object zephyr/subsys/crc/CMakeFiles/subsys__crc.dir/crc32_sw.c.obj
[teliks:ro] [136/402] Building C object zephyr/subsys/crc/CMakeFiles/subsys__crc.dir/crc32k_4_2_sw.c.obj
[pujjocento:rw] [275/399] Building C object zephyr/drivers/flash/CMakeFiles/drivers__flash.dir/flash_npcx_fiu_qspi.c.obj
[teliks:ro] [137/402] Linking C static library zephyr/subsys/crc/libsubsys__crc.a
[pujjocento:rw] [276/399] Linking CXX static library zephyr/drivers/flash/libdrivers__flash.a
[pujjogatwin:ro] [18/414] Building C object zephyr/CMakeFiles/zephyr.dir/lib/os/cbprintf_nano.c.obj
[pujjocento:rw] [277/399] Building C object zephyr/drivers/gpio/CMakeFiles/drivers__gpio.dir/gpio_npcx.c.obj
[pujjocento:rw] [278/399] Building C object zephyr/drivers/i2c/CMakeFiles/drivers__i2c.dir/i2c_common.c.obj
[pujjocento:rw] [279/399] Linking CXX static library zephyr/drivers/gpio/libdrivers__gpio.a
[kyogre:rw] [18/392] Building C object zephyr/CMakeFiles/zephyr.dir/lib/os/cbprintf_nano.c.obj
[pujjocento:rw] [280/399] Building C object zephyr/drivers/i2c/CMakeFiles/drivers__i2c.dir/i2c_npcx_controller_fifo.c.obj
[teliks:ro] [138/402] Building C object zephyr/drivers/interrupt_controller/CMakeFiles/drivers__interrupt_controller.dir/intc_ite_it8xxx2.c.obj
[teliks:ro] [139/402] Building C object zephyr/drivers/adc/CMakeFiles/drivers__adc.dir/adc_common.c.obj
[pujjocento:rw] [281/399] Building C object zephyr/drivers/i2c/CMakeFiles/drivers__i2c.dir/i2c_shell.c.obj
[teliks:ro] [140/402] Building C object zephyr/drivers/adc/CMakeFiles/drivers__adc.dir/adc_ite_it8xxx2.c.obj
[teliks:ro] [141/402] Building C object zephyr/drivers/interrupt_controller/CMakeFiles/drivers__interrupt_controller.dir/wuc_ite_it8xxx2.c.obj
[teliks:ro] [142/402] Building C object zephyr/drivers/bbram/CMakeFiles/drivers__bbram.dir/bbram_it8xxx2.c.obj
[teliks:ro] [143/402] Linking C static library zephyr/drivers/adc/libdrivers__adc.a
[teliks:ro] [144/402] Linking C static library zephyr/drivers/interrupt_controller/libdrivers__interrupt_controller.a
[pujjogatwin:ro] [19/414] Building C object zephyr/CMakeFiles/zephyr.dir/lib/os/cbprintf.c.obj
[teliks:ro] [145/402] Linking C static library zephyr/drivers/bbram/libdrivers__bbram.a
[pujjocento:rw] [282/399] Building C object zephyr/drivers/pinctrl/CMakeFiles/drivers__pinctrl.dir/common.c.obj
[pujjocento:rw] [283/399] Building C object zephyr/drivers/i2c/CMakeFiles/drivers__i2c.dir/i2c_npcx_controller.c.obj
[kyogre:rw] [19/392] Building C object zephyr/CMakeFiles/zephyr.dir/lib/os/cbprintf.c.obj
[pujjocento:rw] [284/399] Linking CXX static library zephyr/drivers/sensor/libdrivers__sensor.a
[pujjocento:rw] [285/399] Building C object zephyr/drivers/i2c/CMakeFiles/drivers__i2c.dir/i2c_npcx_port.c.obj
[pujjocento:rw] [286/399] Building C object zephyr/drivers/input/CMakeFiles/drivers__input.dir/input_kbd_matrix.c.obj
[pujjocento:rw] [287/399] Linking CXX static library zephyr/drivers/i2c/libdrivers__i2c.a
[pujjocento:rw] [288/399] Building C object zephyr/drivers/pinctrl/CMakeFiles/drivers__pinctrl.dir/pinctrl_npcx.c.obj
[teliks:ro] [146/402] Building C object zephyr/drivers/console/CMakeFiles/drivers__console.dir/uart_console.c.obj
[pujjocento:rw] [289/399] Linking CXX static library zephyr/drivers/pinctrl/libdrivers__pinctrl.a
[pujjocento:rw] [290/399] Building C object zephyr/drivers/input/CMakeFiles/drivers__input.dir/input_npcx_kbd.c.obj
[teliks:ro] [147/402] Building C object zephyr/drivers/eeprom/CMakeFiles/drivers__eeprom.dir/eeprom_shell.c.obj
[teliks:ro] [148/402] Linking C static library zephyr/drivers/console/libdrivers__console.a
[pujjocento:rw] [291/399] Linking CXX static library zephyr/drivers/input/libdrivers__input.a
[pujjogatwin:ro] [20/414] Building C object zephyr/CMakeFiles/zephyr.dir/lib/os/assert.c.obj
[teliks:ro] [149/402] Building C object zephyr/drivers/eeprom/CMakeFiles/drivers__eeprom.dir/eeprom_at2x.c.obj
[teliks:ro] [150/402] Building C object zephyr/drivers/flash/CMakeFiles/drivers__flash.dir/flash_ite_it8xxx2.c.obj
[teliks:ro] [151/402] Linking C static library zephyr/drivers/eeprom/libdrivers__eeprom.a
[teliks:ro] [152/402] Building C object zephyr/drivers/espi/CMakeFiles/drivers__espi.dir/espi_it8xxx2.c.obj
[teliks:ro] [153/402] Linking C static library zephyr/drivers/flash/libdrivers__flash.a
[pujjocento:rw] [292/399] Building C object zephyr/drivers/pwm/CMakeFiles/drivers__pwm.dir/pwm_shell.c.obj
[pujjogatwin:ro] [21/414] Building C object zephyr/CMakeFiles/zephyr.dir/lib/utils/dec.c.obj
[kyogre:rw] [20/392] Building C object zephyr/CMakeFiles/zephyr.dir/lib/os/assert.c.obj
[teliks:ro] [154/402] Linking C static library zephyr/drivers/espi/libdrivers__espi.a
[pujjogatwin:ro] [22/414] Building C object zephyr/CMakeFiles/zephyr.dir/lib/utils/hex.c.obj
[kyogre:rw] [21/392] Building C object zephyr/CMakeFiles/zephyr.dir/lib/utils/dec.c.obj
[pujjocento:rw] [293/399] Building C object zephyr/drivers/sensor/nuvoton/nuvoton_adc_cmp_npcx/CMakeFiles/drivers__sensor__nuvoton__nuvoton_adc_cmp_npcx.dir/adc_cmp_npcx.c.obj
[pujjocento:rw] [294/399] Building C object zephyr/drivers/pwm/CMakeFiles/drivers__pwm.dir/pwm_npcx.c.obj
[pujjocento:rw] [295/399] Building C object zephyr/drivers/syscon/CMakeFiles/drivers__syscon.dir/syscon.c.obj
[pujjocento:rw] [296/399] Linking CXX static library zephyr/drivers/sensor/nuvoton/nuvoton_adc_cmp_npcx/libdrivers__sensor__nuvoton__nuvoton_adc_cmp_npcx.a
[pujjocento:rw] [297/399] Linking CXX static library zephyr/drivers/pwm/libdrivers__pwm.a
[teliks:ro] [155/402] Building C object zephyr/drivers/gpio/CMakeFiles/drivers__gpio.dir/gpio_kscan_ite_it8xxx2.c.obj
[pujjocento:rw] [298/399] Linking CXX static library zephyr/drivers/syscon/libdrivers__syscon.a
[pujjocento:rw] [299/399] Building C object zephyr/drivers/timer/CMakeFiles/drivers__timer.dir/sys_clock_init.c.obj
[teliks:ro] [156/402] Building C object zephyr/drivers/gpio/CMakeFiles/drivers__gpio.dir/gpio_ite_it8xxx2.c.obj
[kyogre:rw] [22/392] Building C object zephyr/CMakeFiles/zephyr.dir/lib/utils/hex.c.obj
[pujjocento:rw] [300/399] Building C object zephyr/drivers/serial/CMakeFiles/drivers__serial.dir/uart_npcx.c.obj
[teliks:ro] [157/402] Linking C static library zephyr/drivers/gpio/libdrivers__gpio.a
[teliks:ro] [158/402] Building C object zephyr/drivers/i2c/CMakeFiles/drivers__i2c.dir/i2c_common.c.obj
[pujjocento:rw] [301/399] Linking CXX static library zephyr/drivers/serial/libdrivers__serial.a
[teliks:ro] [159/402] Building C object zephyr/drivers/i2c/CMakeFiles/drivers__i2c.dir/i2c_bitbang.c.obj
[pujjocento:rw] [302/399] Building C object zephyr/drivers/sensor/nuvoton/nuvoton_tach_npcx/CMakeFiles/drivers__sensor__nuvoton__nuvoton_tach_npcx.dir/tach_nuvoton_npcx.c.obj
[teliks:ro] [160/402] Building C object zephyr/drivers/i2c/CMakeFiles/drivers__i2c.dir/i2c_shell.c.obj
[pujjocento:rw] [303/399] Linking CXX static library zephyr/drivers/sensor/nuvoton/nuvoton_tach_npcx/libdrivers__sensor__nuvoton__nuvoton_tach_npcx.a
[/mnt/host/source/src/platform/ec/build/zephyr/karis-lcov]   /mnt/host/source/src/platform/ec/build/zephyr/karis/build-ro/zephyr/CMakeFiles/zephyr.dir/subsys/shell/modules/kernel_service/kernel_shell.c.gcno:no functions found
[/mnt/host/source/src/platform/ec/build/zephyr/karis-lcov] stderr:
[teliks:ro] [161/402] Building C object zephyr/drivers/sensor/CMakeFiles/drivers__sensor.dir/mnt/host/source/src/third_party/zephyr/main/misc/empty_file.c.obj
[pujjocento:rw] [304/399] Building C object zephyr/drivers/timer/CMakeFiles/drivers__timer.dir/npcx_itim_timer.c.obj
[pujjogatwin:ro] [23/414] Building C object zephyr/CMakeFiles/zephyr.dir/lib/utils/rb.c.obj
[pujjocento:rw] [305/399] Linking CXX static library zephyr/drivers/timer/libdrivers__timer.a
[teliks:ro] [162/402] Linking C static library zephyr/drivers/sensor/libdrivers__sensor.a
[/mnt/host/source/src/platform/ec/build/zephyr/karis-lcov]   /mnt/host/source/src/platform/ec/build/zephyr/karis/build-ro/zephyr/CMakeFiles/zephyr.dir/lib/libc/validate_libc.c.gcno:no functions found
[/mnt/host/source/src/platform/ec/build/zephyr/karis-lcov] stderr:
[teliks:ro] [163/402] Building C object zephyr/drivers/i2c/CMakeFiles/drivers__i2c.dir/i2c_ite_enhance.c.obj
[teliks:ro] [164/402] Building C object zephyr/drivers/pinctrl/CMakeFiles/drivers__pinctrl.dir/common.c.obj
[pujjocento:rw] [306/399] Building C object modules/ec/zephyr/CMakeFiles/ec_shim.dir/app/ec/main_shim.c.obj
[pujjogatwin:ro] [24/414] Building C object zephyr/CMakeFiles/zephyr.dir/lib/utils/timeutil.c.obj
[pujjocento:rw] [307/399] Building C object zephyr/drivers/watchdog/CMakeFiles/drivers__watchdog.dir/wdt_npcx.c.obj
[kyogre:rw] [23/392] Building C object zephyr/CMakeFiles/zephyr.dir/lib/utils/rb.c.obj
[pujjocento:rw] [308/399] Building C object zephyr/drivers/watchdog/CMakeFiles/drivers__watchdog.dir/wdt_shell.c.obj
[teliks:ro] [165/402] Building C object zephyr/drivers/i2c/CMakeFiles/drivers__i2c.dir/i2c_ite_it8xxx2.c.obj
[pujjocento:rw] [309/399] Building C object modules/ec/zephyr/CMakeFiles/ec_shim.dir/drivers/keyboard_input/keyboard_customization_check.c.obj
[teliks:ro] [166/402] Building C object zephyr/drivers/pinctrl/CMakeFiles/drivers__pinctrl.dir/pinctrl_ite_it8xxx2.c.obj
[teliks:ro] [167/402] Linking C static library zephyr/drivers/i2c/libdrivers__i2c.a
[pujjocento:rw] [310/399] Linking CXX static library zephyr/drivers/watchdog/libdrivers__watchdog.a
[pujjocento:rw] [311/399] Building C object modules/ec/zephyr/CMakeFiles/ec_shim.dir/app/ec/ec_app_main.c.obj
[teliks:ro] [168/402] Linking C static library zephyr/drivers/pinctrl/libdrivers__pinctrl.a
[kyogre:rw] [24/392] Building C object zephyr/CMakeFiles/zephyr.dir/lib/utils/timeutil.c.obj
[pujjocento:rw] [312/399] Building C object modules/ec/zephyr/CMakeFiles/ec_shim.dir/drivers/cros_flash/cros_flash_npcx.c.obj
[pujjocento:rw] [313/399] Building C object modules/ec/zephyr/CMakeFiles/ec_shim.dir/drivers/cros_kblight/pwm_kblight.c.obj
[teliks:ro] [169/402] Building C object zephyr/drivers/serial/CMakeFiles/drivers__serial.dir/uart_ite_it8xxx2.c.obj
[teliks:ro] [170/402] Building C object zephyr/drivers/sensor/ite/ite_vcmp_it8xxx2/CMakeFiles/drivers__sensor__ite__ite_vcmp_it8xxx2.dir/vcmp_ite_it8xxx2.c.obj
[teliks:ro] [171/402] Linking C static library zephyr/drivers/sensor/ite/ite_vcmp_it8xxx2/libdrivers__sensor__ite__ite_vcmp_it8xxx2.a
[teliks:ro] [172/402] Building C object zephyr/drivers/timer/CMakeFiles/drivers__timer.dir/sys_clock_init.c.obj
[pujjogatwin:ro] [25/414] Building C object zephyr/CMakeFiles/zephyr.dir/lib/utils/bitarray.c.obj
[teliks:ro] [173/402] Building C object zephyr/drivers/serial/CMakeFiles/drivers__serial.dir/uart_ns16550.c.obj
[pujjocento:rw] [314/399] Building C object modules/ec/zephyr/CMakeFiles/ec_shim.dir/drivers/cros_system/cros_system_npcx.c.obj
[teliks:ro] [174/402] Linking C static library zephyr/drivers/serial/libdrivers__serial.a
[pujjocento:rw] [315/399] Building C object modules/ec/zephyr/CMakeFiles/ec_shim.dir/drivers/usbc/ucsi_v3.c.obj
[pujjogatwin:ro] [26/414] Building C object zephyr/CMakeFiles/zephyr.dir/lib/utils/bitmask.c.obj
[pujjocento:rw] [316/399] Building C object modules/ec/zephyr/CMakeFiles/ec_shim.dir/drivers/keyboard_input/col_gpio_drive.c.obj
[kyogre:rw] [25/392] Building C object zephyr/CMakeFiles/zephyr.dir/lib/utils/bitarray.c.obj
[teliks:ro] [175/402] Building C object zephyr/drivers/timer/CMakeFiles/drivers__timer.dir/ite_it8xxx2_timer.c.obj
[pujjocento:rw] [317/399] Building C object modules/ec/zephyr/CMakeFiles/ec_shim.dir/drivers/keyboard_input/keyboard_input.c.obj
[teliks:ro] [176/402] Linking C static library zephyr/drivers/timer/libdrivers__timer.a
[kyogre:rw] [26/392] Building C object zephyr/CMakeFiles/zephyr.dir/lib/utils/bitmask.c.obj
[teliks:ro] [177/402] Building C object zephyr/drivers/watchdog/CMakeFiles/drivers__watchdog.dir/wdt_ite_it8xxx2.c.obj
[/mnt/host/source/src/platform/ec/build/zephyr/karis-lcov]   /mnt/host/source/src/platform/ec/build/zephyr/karis/build-ro/zephyr/CMakeFiles/zephyr.dir/lib/utils/last_section_id.c.gcno:no functions found
[/mnt/host/source/src/platform/ec/build/zephyr/karis-lcov] stderr:
[teliks:ro] [178/402] Building C object zephyr/drivers/watchdog/CMakeFiles/drivers__watchdog.dir/wdt_shell.c.obj
[teliks:ro] [179/402] Linking C static library zephyr/drivers/watchdog/libdrivers__watchdog.a
[pujjocento:rw] [318/399] Building C object modules/ec/zephyr/CMakeFiles/ec_shim.dir/drivers/keyboard_factory_test/keyboard_factory_test.c.obj
[teliks:ro] [180/402] Building C object modules/ec/zephyr/CMakeFiles/ec_shim.dir/app/ec/ec_app_main.c.obj
[pujjocento:rw] [319/399] Building C object modules/ec/zephyr/CMakeFiles/ec_shim.dir/drivers/boot_keys/boot_keys.c.obj
[teliks:ro] [181/402] Building C object modules/ec/zephyr/CMakeFiles/ec_shim.dir/app/ec/main_shim.c.obj
[pujjogatwin:ro] [27/414] Building C object zephyr/CMakeFiles/zephyr.dir/lib/utils/getopt/getopt.c.obj
[pujjocento:rw] [320/399] Building C object modules/ec/zephyr/CMakeFiles/ec_shim.dir/drivers/runtime_keys/runtime_keys.c.obj
[pujjocento:rw] [321/399] Building C object modules/ec/zephyr/CMakeFiles/ec_shim.dir/drivers/vivaldi_kbd/vivaldi_kbd.c.obj
[pujjocento:rw] [322/399] Building C object modules/ec/zephyr/CMakeFiles/ec_shim.dir/shim/chip/npcx/clock.c.obj
[kyogre:rw] [27/392] Building C object zephyr/CMakeFiles/zephyr.dir/lib/utils/getopt/getopt.c.obj
[teliks:ro] [182/402] Building C object modules/ec/zephyr/CMakeFiles/ec_shim.dir/app/ec/chip/riscv/riscv-ite/it8xxx2-espi.c.obj
[teliks:ro] [183/402] Building C object modules/ec/zephyr/CMakeFiles/ec_shim.dir/drivers/cros_flash/cros_flash_it8xxx2.c.obj
[teliks:ro] [184/402] Building C object modules/ec/zephyr/CMakeFiles/ec_shim.dir/drivers/cros_kb_raw/cros_kb_raw_ite.c.obj
[pujjocento:rw] [323/399] Building C object modules/ec/zephyr/CMakeFiles/ec_shim.dir/drivers/usbc/pdc_rts54xx.c.obj
[pujjocento:rw] [324/399] Building C object modules/ec/zephyr/CMakeFiles/ec_shim.dir/shim/chip/npcx/gpio.c.obj
[teliks:ro] [185/402] Building C object modules/ec/zephyr/CMakeFiles/ec_shim.dir/drivers/cros_system/cros_system_it8xxx2.c.obj
[pujjocento:rw] [325/399] Building C object modules/ec/zephyr/CMakeFiles/ec_shim.dir/shim/chip/npcx/rom_chip.c.obj
[teliks:ro] [186/402] Building C object modules/ec/zephyr/CMakeFiles/ec_shim.dir/drivers/vivaldi_kbd/vivaldi_kbd.c.obj
[pujjocento:rw] [326/399] Building C object modules/ec/zephyr/CMakeFiles/ec_shim.dir/shim/chip/npcx/system.c.obj
[pujjocento:rw] [327/399] Building C object modules/ec/zephyr/CMakeFiles/ec_shim.dir/shim/src/crc.c.obj
[kyogre:rw] [28/392] Building C object zephyr/CMakeFiles/zephyr.dir/lib/utils/getopt/getopt_common.c.obj
[pujjogatwin:ro] [28/414] Building C object zephyr/CMakeFiles/zephyr.dir/lib/utils/getopt/getopt_common.c.obj
[teliks:ro] [187/402] Building C object modules/ec/zephyr/CMakeFiles/ec_shim.dir/shim/chip/it8xxx2/clock.c.obj
[pujjocento:rw] [328/399] Building C object modules/ec/zephyr/CMakeFiles/ec_shim.dir/shim/chip/npcx/system_external_storage.c.obj
[teliks:ro] [188/402] Building C object modules/ec/zephyr/CMakeFiles/ec_shim.dir/shim/chip/it8xxx2/system.c.obj
[pujjogatwin:ro] [29/414] Building C object zephyr/CMakeFiles/zephyr.dir/lib/utils/ring_buffer.c.obj
[pujjocento:rw] [329/399] Building C object modules/ec/zephyr/CMakeFiles/ec_shim.dir/shim/chip/npcx/power_policy.c.obj
[pujjocento:rw] [330/399] Building C object modules/ec/zephyr/CMakeFiles/ec_shim.dir/shim/core/cortex-m/mpu.c.obj
[teliks:ro] [189/402] Building C object modules/ec/zephyr/CMakeFiles/ec_shim.dir/shim/chip/it8xxx2/gpio.c.obj
[pujjogatwin:ro] [30/414] Building C object zephyr/CMakeFiles/zephyr.dir/lib/utils/last_section_id.c.obj
[kyogre:rw] [29/392] Building C object zephyr/CMakeFiles/zephyr.dir/lib/utils/ring_buffer.c.obj
[teliks:ro] [190/402] Building C object modules/ec/zephyr/CMakeFiles/ec_shim.dir/shim/chip/it8xxx2/keyboard_raw.c.obj
[teliks:ro] [191/402] Building C object modules/ec/zephyr/CMakeFiles/ec_shim.dir/shim/src/crc.c.obj
[pujjocento:rw] [331/399] Building C object modules/ec/zephyr/CMakeFiles/ec_shim.dir/shim/core/cortex-m/panic.c.obj
[kyogre:rw] [30/392] Building C object zephyr/CMakeFiles/zephyr.dir/lib/utils/last_section_id.c.obj
[pujjogatwin:ro] [31/414] Building C object zephyr/CMakeFiles/zephyr.dir/misc/generated/configs.c.obj
[teliks:ro] [192/402] Building C object modules/ec/zephyr/CMakeFiles/ec_shim.dir/shim/chip/it8xxx2/power_policy.c.obj
[pujjocento:rw] [332/399] Building C object modules/ec/zephyr/CMakeFiles/ec_shim.dir/shim/src/console.c.obj
[kyogre:rw] [31/392] Building C object zephyr/CMakeFiles/zephyr.dir/misc/generated/configs.c.obj
[pujjocento:rw] [333/399] Building C object modules/ec/zephyr/CMakeFiles/ec_shim.dir/shim/src/gpio_int.c.obj
[pujjocento:rw] [334/399] Building C object modules/ec/zephyr/CMakeFiles/ec_shim.dir/shim/src/panic_utils.c.obj
[teliks:ro] [193/402] Building C object modules/ec/zephyr/CMakeFiles/ec_shim.dir/shim/src/console.c.obj
[pujjocento:rw] [335/399] Building C object modules/ec/zephyr/CMakeFiles/ec_shim.dir/shim/src/pm_state.c.obj
[teliks:ro] [194/402] Building C object modules/ec/zephyr/CMakeFiles/ec_shim.dir/shim/src/panic_utils.c.obj
[pujjocento:rw] [336/399] Building C object modules/ec/zephyr/CMakeFiles/ec_shim.dir/shim/src/gpio.c.obj
[pujjocento:rw] [337/399] Building C object modules/ec/zephyr/CMakeFiles/ec_shim.dir/shim/src/cbi/cros_cbi.c.obj
[teliks:ro] [195/402] Building C object modules/ec/zephyr/CMakeFiles/ec_shim.dir/shim/src/gpio_int.c.obj
[teliks:ro] [196/402] Building C object modules/ec/zephyr/CMakeFiles/ec_shim.dir/shim/src/gpio.c.obj
[pujjogatwin:ro] [32/414] Building C object zephyr/CMakeFiles/zephyr.dir/soc/nuvoton/npcx/common/power.c.obj
[pujjocento:rw] [338/399] Building C object modules/ec/zephyr/CMakeFiles/ec_shim.dir/shim/src/cbi/cros_cbi_fw_config.c.obj
[/mnt/host/source/src/platform/ec/build/zephyr/kinmen-lcov]   /mnt/host/source/src/platform/ec/build/zephyr/kinmen/build-ro/modules/ec/zephyr/drivers/dsp_comms/CMakeFiles/dsp_comms.proto.nanopb.dir/dsp_comms.proto/nanopb/proto/ec_dsp.pb.c.gcno:no functions found
[/mnt/host/source/src/platform/ec/build/zephyr/kinmen-lcov] stderr:
[kyogre:rw] [32/392] Building C object zephyr/CMakeFiles/zephyr.dir/soc/nuvoton/npcx/common/power.c.obj
[teliks:ro] [197/402] Building C object modules/ec/zephyr/CMakeFiles/ec_shim.dir/shim/src/pm_state.c.obj
[pujjocento:rw] [339/399] Building C object modules/ec/zephyr/CMakeFiles/ec_shim.dir/shim/src/cbi/cbi_flash.c.obj
[teliks:ro] [198/402] Building C object modules/ec/zephyr/CMakeFiles/ec_shim.dir/shim/src/cbi/cros_cbi.c.obj
[teliks:ro] [199/402] Building C object modules/ec/zephyr/CMakeFiles/ec_shim.dir/shim/src/cbi/cros_cbi_fw_config.c.obj
[teliks:ro] [200/402] Building C object modules/ec/zephyr/CMakeFiles/ec_shim.dir/shim/src/cbi/cros_cbi_ssfc.c.obj
[pujjocento:rw] [340/399] Building C object modules/ec/zephyr/CMakeFiles/ec_shim.dir/shim/src/led_driver/led.c.obj
[pujjogatwin:ro] [33/414] Building C object zephyr/CMakeFiles/zephyr.dir/soc/nuvoton/npcx/common/scfg.c.obj
[teliks:ro] [201/402] Building C object modules/ec/zephyr/CMakeFiles/ec_shim.dir/shim/src/cbi/cbi_eeprom.c.obj
[pujjocento:rw] [341/399] Building C object modules/ec/zephyr/CMakeFiles/ec_shim.dir/shim/src/led_driver/led_pwm.c.obj
[pujjocento:rw] [342/399] Building C object modules/ec/zephyr/CMakeFiles/ec_shim.dir/shim/src/adc.c.obj
[pujjocento:rw] [343/399] Building C object modules/ec/zephyr/CMakeFiles/ec_shim.dir/shim/src/pdc_shim.c.obj
[kyogre:rw] [33/392] Building C object zephyr/CMakeFiles/zephyr.dir/soc/nuvoton/npcx/common/scfg.c.obj
[pujjocento:rw] [344/399] Building C object modules/ec/zephyr/CMakeFiles/ec_shim.dir/shim/src/battery.c.obj
[teliks:ro] [202/402] Building C object modules/ec/zephyr/CMakeFiles/ec_shim.dir/shim/src/led_driver/led.c.obj
[pujjocento:rw] [345/399] Building C object modules/ec/zephyr/CMakeFiles/ec_shim.dir/shim/src/system.c.obj
[pujjocento:rw] [346/399] Building C object modules/ec/zephyr/CMakeFiles/ec_shim.dir/shim/src/charger.c.obj
[pujjogatwin:ro] [34/414] Building C object zephyr/CMakeFiles/zephyr.dir/soc/nuvoton/npcx/common/npcxn/registers.c.obj
[teliks:ro] [203/402] Building C object modules/ec/zephyr/CMakeFiles/ec_shim.dir/shim/src/led_driver/led_gpio.c.obj
[teliks:ro] [204/402] Building C object modules/ec/zephyr/CMakeFiles/ec_shim.dir/shim/src/adc.c.obj
[teliks:ro] [205/402] Building C object modules/ec/zephyr/CMakeFiles/ec_shim.dir/shim/src/system.c.obj
[teliks:ro] [206/402] Building C object modules/ec/zephyr/CMakeFiles/ec_shim.dir/shim/src/battery.c.obj
[kyogre:rw] [34/392] Building C object zephyr/CMakeFiles/zephyr.dir/soc/nuvoton/npcx/common/npcxn/registers.c.obj
[pujjocento:rw] [347/399] Building C object modules/ec/zephyr/CMakeFiles/ec_shim.dir/shim/src/chipset_api.c.obj
[teliks:ro] [207/402] Building C object modules/ec/zephyr/CMakeFiles/ec_shim.dir/shim/src/charger.c.obj
[pujjocento:rw] [348/399] Building C object modules/ec/zephyr/CMakeFiles/ec_shim.dir/shim/src/flash.c.obj
[pujjocento:rw] [349/399] Building C object modules/ec/zephyr/CMakeFiles/ec_shim.dir/shim/src/hooks.c.obj
[pujjocento:rw] [350/399] Building C object modules/ec/zephyr/CMakeFiles/ec_shim.dir/shim/src/host_command.c.obj
[pujjogatwin:ro] [35/414] Building C object zephyr/CMakeFiles/zephyr.dir/soc/nuvoton/npcx/npcx9/soc.c.obj
[pujjocento:rw] [351/399] Building C object modules/ec/zephyr/CMakeFiles/ec_shim.dir/shim/src/fan.c.obj
[teliks:ro] [208/402] Building C object modules/ec/zephyr/CMakeFiles/ec_shim.dir/shim/src/chipset_api.c.obj
[pujjocento:rw] [352/399] Building C object modules/ec/zephyr/CMakeFiles/ec_shim.dir/shim/src/console_buffer.c.obj
[kyogre:rw] [35/392] Building C object zephyr/CMakeFiles/zephyr.dir/soc/nuvoton/npcx/npcx9/soc.c.obj
[pujjocento:rw] [353/399] Building C object modules/ec/zephyr/CMakeFiles/ec_shim.dir/shim/src/espi.c.obj
[teliks:ro] [209/402] Building C object modules/ec/zephyr/CMakeFiles/ec_shim.dir/shim/src/flash.c.obj
[teliks:ro] [210/402] Building C object modules/ec/zephyr/CMakeFiles/ec_shim.dir/shim/src/espi.c.obj
[teliks:ro] [211/402] Building C object modules/ec/zephyr/CMakeFiles/ec_shim.dir/shim/src/hooks.c.obj
[pujjocento:rw] [354/399] Building C object modules/ec/zephyr/CMakeFiles/ec_shim.dir/shim/src/mkbp_event.c.obj
[teliks:ro] [212/402] Building C object modules/ec/zephyr/CMakeFiles/ec_shim.dir/shim/src/host_command.c.obj
[pujjogatwin:ro] [36/414] Building C object zephyr/CMakeFiles/zephyr.dir/subsys/logging/log_minimal.c.obj
[pujjocento:rw] [355/399] Building C object modules/ec/zephyr/CMakeFiles/ec_shim.dir/shim/src/panic.c.obj
[pujjocento:rw] [356/399] Building C object modules/ec/zephyr/CMakeFiles/ec_shim.dir/shim/src/thermal.c.obj
[pujjocento:rw] [357/399] Building C object modules/ec/zephyr/CMakeFiles/ec_shim.dir/shim/src/pwm_hc.c.obj
[kyogre:rw] [36/392] Building C object zephyr/CMakeFiles/zephyr.dir/subsys/logging/log_minimal.c.obj
[pujjocento:rw] [358/399] Building C object modules/ec/zephyr/CMakeFiles/ec_shim.dir/shim/src/hwtimer.c.obj
[teliks:ro] [213/402] Building C object modules/ec/zephyr/CMakeFiles/ec_shim.dir/shim/src/keyscan.c.obj
[teliks:ro] [214/402] Building C object modules/ec/zephyr/CMakeFiles/ec_shim.dir/shim/src/console_buffer.c.obj
[pujjocento:rw] [359/399] Building C object modules/ec/zephyr/CMakeFiles/ec_shim.dir/shim/src/temp_sensors.c.obj
[teliks:ro] [215/402] Building C object modules/ec/zephyr/CMakeFiles/ec_shim.dir/shim/src/mkbp_event.c.obj
[teliks:ro] [216/402] Building C object modules/ec/zephyr/CMakeFiles/ec_shim.dir/shim/src/keyboard_raw.c.obj
[pujjocento:rw] [360/399] Building C object modules/ec/zephyr/CMakeFiles/ec_shim.dir/shim/src/i2c.c.obj
[pujjocento:rw] [361/399] Building C object modules/ec/zephyr/CMakeFiles/ec_shim.dir/shim/src/tasks.c.obj
[pujjogatwin:ro] [37/414] Building C object zephyr/CMakeFiles/zephyr.dir/subsys/mem_mgmt/mem_attr.c.obj
[teliks:ro] [217/402] Building C object modules/ec/zephyr/CMakeFiles/ec_shim.dir/shim/src/motionsense_sensors.c.obj
[kyogre:rw] [37/392] Building C object zephyr/CMakeFiles/zephyr.dir/subsys/mem_mgmt/mem_attr.c.obj
[pujjocento:rw] [362/399] Building C object modules/ec/zephyr/CMakeFiles/ec_shim.dir/shim/src/watchdog.c.obj
[pujjocento:rw] [363/399] Building C object modules/ec/zephyr/CMakeFiles/ec_shim.dir/shim/src/power_host_sleep_api.c.obj
[pujjocento:rw] [364/399] Building C object modules/ec/zephyr/CMakeFiles/ec_shim.dir/shim/src/usba.c.obj
[pujjocento:rw] [365/399] Building C object zephyr/kernel/CMakeFiles/kernel.dir/main_weak.c.obj
[teliks:ro] [218/402] Building C object modules/ec/zephyr/CMakeFiles/ec_shim.dir/shim/src/hwtimer.c.obj
[teliks:ro] [219/402] Building C object modules/ec/zephyr/CMakeFiles/ec_shim.dir/shim/src/thermal.c.obj
[teliks:ro] [220/402] Building C object modules/ec/zephyr/CMakeFiles/ec_shim.dir/shim/src/panic.c.obj
[pujjocento:rw] [366/399] Building C object modules/ec/zephyr/CMakeFiles/ec_shim.dir/shim/src/sha256_hw.c.obj
[pujjocento:rw] [367/399] Building C object zephyr/kernel/CMakeFiles/kernel.dir/banner.c.obj
[pujjocento:rw] [368/399] Building C object zephyr/kernel/CMakeFiles/kernel.dir/busy_wait.c.obj
[teliks:ro] [221/402] Building C object modules/ec/zephyr/CMakeFiles/ec_shim.dir/shim/src/temp_sensors.c.obj
[pujjocento:rw] [369/399] Linking CXX static library modules/ec/zephyr/libec_shim.a
[pujjogatwin:ro] [38/414] Building C object zephyr/CMakeFiles/zephyr.dir/subsys/pm/pm.c.obj
[kyogre:rw] [38/392] Building C object zephyr/CMakeFiles/zephyr.dir/subsys/pm/pm.c.obj
[teliks:ro] [222/402] Building C object modules/ec/zephyr/CMakeFiles/ec_shim.dir/shim/src/i2c.c.obj
[pujjocento:rw] [370/399] Building C object zephyr/kernel/CMakeFiles/kernel.dir/errno.c.obj
[pujjocento:rw] [371/399] Building C object zephyr/kernel/CMakeFiles/kernel.dir/device.c.obj
[pujjocento:rw] [372/399] Building C object zephyr/kernel/CMakeFiles/kernel.dir/version.c.obj
[pujjocento:rw] [373/399] Building C object zephyr/kernel/CMakeFiles/kernel.dir/fatal.c.obj
[pujjocento:rw] [374/399] Building C object zephyr/kernel/CMakeFiles/kernel.dir/init.c.obj
[pujjogatwin:ro] [39/414] Building C object zephyr/CMakeFiles/zephyr.dir/subsys/pm/state.c.obj
[teliks:ro] [223/402] Building C object modules/ec/zephyr/CMakeFiles/ec_shim.dir/shim/src/tasks.c.obj
[kyogre:rw] [39/392] Building C object zephyr/CMakeFiles/zephyr.dir/subsys/pm/state.c.obj
[pujjocento:rw] [375/399] Building C object zephyr/kernel/CMakeFiles/kernel.dir/kheap.c.obj
[pujjocento:rw] [376/399] Building C object zephyr/kernel/CMakeFiles/kernel.dir/mem_slab.c.obj
[teliks:ro] [224/402] Building C object modules/ec/zephyr/CMakeFiles/ec_shim.dir/shim/src/usba.c.obj
[teliks:ro] [225/402] Building C object modules/ec/zephyr/CMakeFiles/ec_shim.dir/shim/src/ppc.c.obj
[teliks:ro] [226/402] Building C object modules/ec/zephyr/CMakeFiles/ec_shim.dir/shim/src/watchdog.c.obj
[teliks:ro] [227/402] cd /mnt/host/source/src/platform/ec/build/zephyr/teliks/build-ro/modules/ec/zephyr && PYTHONPATH=/mnt/host/source/src/platform/ec/build/zephyr/teliks/modules/ec/zephyr/zmake/ /usr/bin/python3.11 /mnt/host/source/src/platform/ec/build/zephyr/teliks/modules/ec/zephyr/zmake/zephyr_build_tools/generate_ec_version.py /mnt/host/source/src/platform/ec/build/zephyr/teliks/build-ro/modules/ec/zephyr/include/ec_version.h --name Zephyr-Kernel --version 16543.0.0 --static
[teliks:ro] INFO:root:Using a static version string
[pujjocento:rw] [377/399] Building C object zephyr/kernel/CMakeFiles/kernel.dir/float.c.obj
[teliks:ro] INFO:root:Version string: Zephyr-Kernel-16543.0.0
[teliks:ro] INFO:root:Writing header to /mnt/host/source/src/platform/ec/build/zephyr/teliks/build-ro/modules/ec/zephyr/include/ec_version.h
[teliks:ro] [228/402] Building C object modules/ec/zephyr/CMakeFiles/ec_shim.dir/shim/src/power_host_sleep_api.c.obj
[/mnt/host/source/src/platform/ec/build/zephyr/karis-lcov]   /mnt/host/source/src/platform/ec/build/zephyr/karis/build-ro/zephyr/CMakeFiles/zephyr.dir/soc/nuvoton/npcx/common/npcxn/registers.c.gcno:no functions found
[/mnt/host/source/src/platform/ec/build/zephyr/karis-lcov] stderr:
[pujjogatwin:ro] [40/414] Building C object zephyr/CMakeFiles/zephyr.dir/subsys/pm/policy/policy_events.c.obj
[pujjocento:rw] [378/399] Building C object zephyr/kernel/CMakeFiles/kernel.dir/mailbox.c.obj
[pujjocento:rw] [379/399] Building C object zephyr/kernel/CMakeFiles/kernel.dir/idle.c.obj
[teliks:ro] [229/402] Building C object zephyr/kernel/CMakeFiles/kernel.dir/banner.c.obj
[teliks:ro] [230/402] Building C object zephyr/kernel/CMakeFiles/kernel.dir/main_weak.c.obj
[pujjocento:rw] [380/399] Building C object zephyr/kernel/CMakeFiles/kernel.dir/msg_q.c.obj
[/mnt/host/source/src/platform/ec/build/zephyr/kinmen-lcov]   /mnt/host/source/src/platform/ec/build/zephyr/kinmen/build-ro/CMakeFiles/app.dir/mnt/host/source/src/platform/ec/build/zephyr/kinmen/modules/ec/common/cbi_config.c.gcno:no functions found
[/mnt/host/source/src/platform/ec/build/zephyr/kinmen-lcov] stderr:
[pujjocento:rw] [381/399] Building C object zephyr/kernel/CMakeFiles/kernel.dir/queue.c.obj
[kyogre:rw] [40/392] Building C object zephyr/CMakeFiles/zephyr.dir/subsys/pm/policy/policy_events.c.obj
[teliks:ro] [231/402] Building C object CMakeFiles/app.dir/mnt/host/source/src/platform/ec/zephyr/subsys/ap_pwrseq/ap_events.c.obj
[pujjocento:rw] [382/399] Building C object zephyr/kernel/CMakeFiles/kernel.dir/sem.c.obj
[pujjocento:rw] [383/399] Building C object zephyr/kernel/CMakeFiles/kernel.dir/mutex.c.obj
[teliks:ro] [232/402] Building C object modules/ec/zephyr/CMakeFiles/ec_shim.dir/shim/src/usb_muxes.c.obj
[pujjocento:rw] [384/399] Building C object zephyr/kernel/CMakeFiles/kernel.dir/stack.c.obj
[teliks:ro] [233/402] Building C object CMakeFiles/app.dir/mnt/host/source/src/platform/ec/zephyr/subsys/ap_pwrseq/ap_power_interface.c.obj
[pujjogatwin:ro] [41/414] Building C object zephyr/CMakeFiles/zephyr.dir/subsys/pm/policy/policy_latency.c.obj
[/mnt/host/source/src/platform/ec/build/zephyr/kinmen-lcov]   /mnt/host/source/src/platform/ec/build/zephyr/kinmen/build-ro/zephyr/arch/arch/riscv/core/CMakeFiles/arch__riscv__core.dir/cpu_idle.c.gcno:no functions found
[/mnt/host/source/src/platform/ec/build/zephyr/kinmen-lcov] stderr:
[teliks:ro] [234/402] Building C object CMakeFiles/app.dir/mnt/host/source/src/platform/ec/zephyr/subsys/ap_pwrseq/power_signals.c.obj
[pujjocento:rw] [385/399] Building C object zephyr/kernel/CMakeFiles/kernel.dir/condvar.c.obj
[kyogre:rw] [41/392] Building C object zephyr/CMakeFiles/zephyr.dir/subsys/pm/policy/policy_latency.c.obj
[pujjocento:rw] [386/399] Building C object zephyr/kernel/CMakeFiles/kernel.dir/system_work_q.c.obj
[pujjocento:rw] [387/399] Building C object zephyr/kernel/CMakeFiles/kernel.dir/work.c.obj
[teliks:ro] [235/402] Building C object CMakeFiles/app.dir/mnt/host/source/src/platform/ec/zephyr/subsys/ap_pwrseq/signal_gpio.c.obj
[teliks:ro] [236/402] Building C object CMakeFiles/app.dir/mnt/host/source/src/platform/ec/zephyr/subsys/ap_pwrseq/signal_vw.c.obj
[pujjocento:rw] [388/399] Building C object zephyr/kernel/CMakeFiles/kernel.dir/pipe.c.obj
[pujjocento:rw] [389/399] Building C object zephyr/kernel/CMakeFiles/kernel.dir/thread.c.obj
[pujjocento:rw] [390/399] Building C object zephyr/kernel/CMakeFiles/kernel.dir/sched.c.obj
[teliks:ro] [237/402] Building C object CMakeFiles/app.dir/mnt/host/source/src/platform/ec/zephyr/subsys/ap_pwrseq/signal_adc.c.obj
[pujjocento:rw] [391/399] Building C object zephyr/kernel/CMakeFiles/kernel.dir/spinlock_validate.c.obj
[pujjogatwin:ro] [42/414] Building C object zephyr/CMakeFiles/zephyr.dir/subsys/pm/policy/policy_state_lock.c.obj
[teliks:ro] [238/402] Building C object CMakeFiles/app.dir/mnt/host/source/src/platform/ec/zephyr/subsys/ap_pwrseq/power_host_sleep.c.obj
[kyogre:rw] [42/392] Building C object zephyr/CMakeFiles/zephyr.dir/subsys/pm/policy/policy_state_lock.c.obj
[pujjocento:rw] [392/399] Building C object zephyr/kernel/CMakeFiles/kernel.dir/thread_monitor.c.obj
[teliks:ro] [239/402] Building C object CMakeFiles/app.dir/mnt/host/source/src/platform/ec/zephyr/subsys/ap_pwrseq/x86_non_dsx_common_pwrseq_sm_handler.c.obj
[pujjocento:rw] [393/399] Building C object zephyr/kernel/CMakeFiles/kernel.dir/timeout.c.obj
Running (initial) lcov on /mnt/host/source/src/platform/ec/build/zephyr/craaskov.
[pujjocento:rw] [394/399] Building C object zephyr/kernel/CMakeFiles/kernel.dir/timer.c.obj
[/mnt/host/source/src/platform/ec/build/zephyr/kinmen-lcov]   /mnt/host/source/src/platform/ec/build/zephyr/kinmen/build-ro/zephyr/arch/common/CMakeFiles/isr_tables.dir/isr_tables.c.gcno:no functions found
[/mnt/host/source/src/platform/ec/build/zephyr/kinmen-lcov] stderr:
[pujjocento:rw] [395/399] Building C object zephyr/kernel/CMakeFiles/kernel.dir/poll.c.obj
[teliks:ro] [240/402] Building C object CMakeFiles/app.dir/mnt/host/source/src/platform/ec/zephyr/subsys/ap_pwrseq/x86_non_dsx_chipset_power_state.c.obj
[teliks:ro] [241/402] Building C object CMakeFiles/app.dir/mnt/host/source/src/platform/ec/zephyr/subsys/ap_pwrseq/x86_non_dsx_common_pwrseq_host_sleep.c.obj
[kyogre:ro] Building: /usr/bin/ninja -C /mnt/host/source/src/platform/ec/build/zephyr/kyogre/build-ro all.libraries
Running `env -i SHELL=/bin/bash COLORTERM=truecolor DEPOT_TOOLS_UPDATE=0 LESS='-R -M --shift 5' SUDO_GID=0 JDK_HOME=/etc/java-config-2/current-system-vm CONFIG_PROTECT_MASK='/etc/gentoo-release /etc/sandbox.d /etc/fonts/fonts.conf /etc/terminfo /etc/ca-certificates.conf /etc/revdep-rebuild' CHROMEOS_CACHEDIR=/var/cache/chromeos-cache JAVA_HOME=/etc/java-config-2/current-system-vm SSH_AUTH_SOCK=/tmp/ssh-auth-sock SUDO_COMMAND=/bin/bash SUDO_USER=root SUDO_TTY=/dev/pts/2 EDITOR=/usr/bin/vi PWD=/mnt/host/source/src/platform/ec CONFIG_PROTECT=/usr/share/gnupg/qualified.txt LOGNAME=jpmurphy MANPATH=/etc/java-config-2/current-system-vm/man:/usr/local/share/man:/usr/share/man:/usr/share/gcc-data/x86_64-pc-linux-gnu/10.2.0/man:/usr/share/binutils-data/x86_64-pc-linux-gnu/2.45/man:/etc/java-config-2/current-system-vm/man/ SUDO_HOME=/root XAUTHORITY=/run/user/944457/gdm/Xauthority HOME=/home/jpmurphy LANG=C.UTF-8 LS_COLORS='rs=0:di=01;34:ln=01;36:mh=00:pi=40;33:so=01;35:do=01;35:bd=40;33;01:cd=40;33;01:or=01;05;37;41:mi=01;05;37;41:su=37;41:sg=30;43:ca=30;41:tw=30;42:ow=34;42:st=37;44:ex=01;32:*.tar=01;31:*.tgz=01;31:*.arc=01;31:*.arj=01;31:*.taz=01;31:*.lha=01;31:*.lz4=01;31:*.lzh=01;31:*.lzma=01;31:*.tlz=01;31:*.txz=01;31:*.tzo=01;31:*.t7z=01;31:*.zip=01;31:*.z=01;31:*.dz=01;31:*.gz=01;31:*.lrz=01;31:*.lz=01;31:*.lzo=01;31:*.xz=01;31:*.zst=01;31:*.tzst=01;31:*.bz2=01;31:*.bz=01;31:*.tbz=01;31:*.tbz2=01;31:*.tz=01;31:*.deb=01;31:*.rpm=01;31:*.jar=01;31:*.war=01;31:*.ear=01;31:*.sar=01;31:*.rar=01;31:*.alz=01;31:*.ace=01;31:*.zoo=01;31:*.cpio=01;31:*.7z=01;31:*.rz=01;31:*.cab=01;31:*.wim=01;31:*.swm=01;31:*.dwm=01;31:*.esd=01;31:*.jpg=01;35:*.jpeg=01;35:*.mjpg=01;35:*.mjpeg=01;35:*.gif=01;35:*.bmp=01;35:*.pbm=01;35:*.pgm=01;35:*.ppm=01;35:*.tga=01;35:*.xbm=01;35:*.xpm=01;35:*.tif=01;35:*.tiff=01;35:*.png=01;35:*.svg=01;35:*.svgz=01;35:*.mng=01;35:*.pcx=01;35:*.mov=01;35:*.mpg=01;35:*.mpeg=01;35:*.m2v=01;35:*.mkv=01;35:*.webm=01;35:*.webp=01;35:*.ogm=01;35:*.mp4=01;35:*.m4v=01;35:*.mp4v=01;35:*.vob=01;35:*.qt=01;35:*.nuv=01;35:*.wmv=01;35:*.asf=01;35:*.rm=01;35:*.rmvb=01;35:*.flc=01;35:*.avi=01;35:*.fli=01;35:*.flv=01;35:*.gl=01;35:*.dl=01;35:*.xcf=01;35:*.xwd=01;35:*.yuv=01;35:*.cgm=01;35:*.emf=01;35:*.ogv=01;35:*.ogx=01;35:*.cfg=00;32:*.conf=00;32:*.diff=00;32:*.doc=00;32:*.ini=00;32:*.log=00;32:*.patch=00;32:*.pdf=00;32:*.ps=00;32:*.tex=00;32:*.txt=00;32:*.aac=00;36:*.au=00;36:*.flac=00;36:*.m4a=00;36:*.mid=00;36:*.midi=00;36:*.mka=00;36:*.mp3=00;36:*.mpc=00;36:*.ogg=00;36:*.ra=00;36:*.wav=00;36:*.oga=00;36:*.opus=00;36:*.spx=00;36:*.xspf=00;36:' XDG_CURRENT_DESKTOP=GNOME INFOPATH=/usr/share/info:/usr/share/gcc-data/x86_64-pc-linux-gnu/10.2.0/info:/usr/share/binutils-data/x86_64-pc-linux-gnu/2.45/info:/usr/share/automake-1.16.5/info JAVAC=/etc/java-config-2/current-system-vm/bin/javac TERM=xterm-256color LESSOPEN='|lesspipe %s' USER=jpmurphy CROS_WORKON_SRCROOT=/mnt/host/source MANPAGER=manpager DISPLAY=:1 SHLVL=1 LC_MESSAGES=C EXTERNAL_TRUNK_PATH=/mnt/8f9d649a-3721-44cc-93c0-e6bd21a9689f/chromiumos GCC_SPECS='' PATH=/mnt/host/source/chromite/bin:/usr/local/bin:/usr/bin:/bin:/opt/bin:/mnt/host/source/chromite/sdk/bin:/mnt/host/source/chromite/bin PORTAGE_USERNAME=jpmurphy SUDO_UID=0 GCC_VER=10.2.0 MAIL=/var/mail/jpmurphy OLDPWD=/mnt/host/source/src/scripts traceparent=00-e87aca51550a78635907baa6a2476181-6d684811675d2973-01 _=./zephyr/firmware_builder.py COREBOOT_SDK_ROOT_x86=/home/jpmurphy/.cache/coreboot-sdk/i386-elf/dfbb0486385d938cfa9d73080b9d18d598ed4f49 COREBOOT_SDK_ROOT_picolibc_x86=/home/jpmurphy/.cache/coreboot-sdk/picolibc-i386-elf/eb8e8e687b95461de8cbf278f1c2076952d0ad17 COREBOOT_SDK_ROOT_riscv64=/home/jpmurphy/.cache/coreboot-sdk/riscv64-elf/96b949749225b6aaa92ed810ab769e8dfb12f000 COREBOOT_SDK_ROOT_picolibc_arm=/home/jpmurphy/.cache/coreboot-sdk/picolibc-arm-eabi/422a2aa3e1ef891b5bece9a3deb696ff83840d2e COREBOOT_SDK_ROOT_nds32=/home/jpmurphy/.cache/coreboot-sdk/nds32le-elf/d1a518c4a097666d86058e1444f85ca015d15511 COREBOOT_SDK_ROOT_picolibc_riscv64=/home/jpmurphy/.cache/coreboot-sdk/picolibc-riscv64-elf/f571e990ef0278564b31124f8bb109d9a697eb69 COREBOOT_SDK_ROOT_arm=/home/jpmurphy/.cache/coreboot-sdk/arm-eabi/ea40ddd1d190c3b48435c474c0b545719371813a COREBOOT_SDK_ROOT_libstdcxx_riscv64=/home/jpmurphy/.cache/coreboot-sdk/libstdcxx-riscv64-elf/17abf22a3a252e2d5d2062ced5324f7a623689e0 COREBOOT_SDK_ROOT_libstdcxx_arm=/home/jpmurphy/.cache/coreboot-sdk/libstdcxx-arm-eabi/5d7d82e150e44aa1968f1d366e267e6687b328ac COREBOOT_SDK_ROOT_riscv=/home/jpmurphy/.cache/coreboot-sdk/riscv-elf/9a27b9e82341c6e9126624f516ab3f261abb3e73 COREBOOT_SDK_ROOT_libstdcxx_x86=/home/jpmurphy/.cache/coreboot-sdk/libstdcxx-i386-elf/42ef9d2e87a76a37963175d7d428734e65648b87 PYTHONPATH=/mnt/host/source/src/platform/ec/zephyr/zmake PW_PIGWEED_CIPD_INSTALL_DIR=/usr CROSTC_USER_ACKNOWLEDGES_THAT_RISCV_IS_EXPERIMENTAL=1 MAKEFLAGS=' -j16 --jobserver-auth=5,6' /usr/bin/ninja -C /mnt/host/source/src/platform/ec/build/zephyr/kyogre/build-ro all.libraries`
[pujjocento:rw] [396/399] Building C object zephyr/kernel/CMakeFiles/kernel.dir/mempool.c.obj
[kyogre:ro] ninja: Entering directory `/mnt/host/source/src/platform/ec/build/zephyr/kyogre/build-ro'
[teliks:rw] Building: /usr/bin/ninja -C /mnt/host/source/src/platform/ec/build/zephyr/teliks/build-rw all.libraries
Running `env -i SHELL=/bin/bash COLORTERM=truecolor DEPOT_TOOLS_UPDATE=0 LESS='-R -M --shift 5' SUDO_GID=0 JDK_HOME=/etc/java-config-2/current-system-vm CONFIG_PROTECT_MASK='/etc/gentoo-release /etc/sandbox.d /etc/fonts/fonts.conf /etc/terminfo /etc/ca-certificates.conf /etc/revdep-rebuild' CHROMEOS_CACHEDIR=/var/cache/chromeos-cache JAVA_HOME=/etc/java-config-2/current-system-vm SSH_AUTH_SOCK=/tmp/ssh-auth-sock SUDO_COMMAND=/bin/bash SUDO_USER=root SUDO_TTY=/dev/pts/2 EDITOR=/usr/bin/vi PWD=/mnt/host/source/src/platform/ec CONFIG_PROTECT=/usr/share/gnupg/qualified.txt LOGNAME=jpmurphy MANPATH=/etc/java-config-2/current-system-vm/man:/usr/local/share/man:/usr/share/man:/usr/share/gcc-data/x86_64-pc-linux-gnu/10.2.0/man:/usr/share/binutils-data/x86_64-pc-linux-gnu/2.45/man:/etc/java-config-2/current-system-vm/man/ SUDO_HOME=/root XAUTHORITY=/run/user/944457/gdm/Xauthority HOME=/home/jpmurphy LANG=C.UTF-8 LS_COLORS='rs=0:di=01;34:ln=01;36:mh=00:pi=40;33:so=01;35:do=01;35:bd=40;33;01:cd=40;33;01:or=01;05;37;41:mi=01;05;37;41:su=37;41:sg=30;43:ca=30;41:tw=30;42:ow=34;42:st=37;44:ex=01;32:*.tar=01;31:*.tgz=01;31:*.arc=01;31:*.arj=01;31:*.taz=01;31:*.lha=01;31:*.lz4=01;31:*.lzh=01;31:*.lzma=01;31:*.tlz=01;31:*.txz=01;31:*.tzo=01;31:*.t7z=01;31:*.zip=01;31:*.z=01;31:*.dz=01;31:*.gz=01;31:*.lrz=01;31:*.lz=01;31:*.lzo=01;31:*.xz=01;31:*.zst=01;31:*.tzst=01;31:*.bz2=01;31:*.bz=01;31:*.tbz=01;31:*.tbz2=01;31:*.tz=01;31:*.deb=01;31:*.rpm=01;31:*.jar=01;31:*.war=01;31:*.ear=01;31:*.sar=01;31:*.rar=01;31:*.alz=01;31:*.ace=01;31:*.zoo=01;31:*.cpio=01;31:*.7z=01;31:*.rz=01;31:*.cab=01;31:*.wim=01;31:*.swm=01;31:*.dwm=01;31:*.esd=01;31:*.jpg=01;35:*.jpeg=01;35:*.mjpg=01;35:*.mjpeg=01;35:*.gif=01;35:*.bmp=01;35:*.pbm=01;35:*.pgm=01;35:*.ppm=01;35:*.tga=01;35:*.xbm=01;35:*.xpm=01;35:*.tif=01;35:*.tiff=01;35:*.png=01;35:*.svg=01;35:*.svgz=01;35:*.mng=01;35:*.pcx=01;35:*.mov=01;35:*.mpg=01;35:*.mpeg=01;35:*.m2v=01;35:*.mkv=01;35:*.webm=01;35:*.webp=01;35:*.ogm=01;35:*.mp4=01;35:*.m4v=01;35:*.mp4v=01;35:*.vob=01;35:*.qt=01;35:*.nuv=01;35:*.wmv=01;35:*.asf=01;35:*.rm=01;35:*.rmvb=01;35:*.flc=01;35:*.avi=01;35:*.fli=01;35:*.flv=01;35:*.gl=01;35:*.dl=01;35:*.xcf=01;35:*.xwd=01;35:*.yuv=01;35:*.cgm=01;35:*.emf=01;35:*.ogv=01;35:*.ogx=01;35:*.cfg=00;32:*.conf=00;32:*.diff=00;32:*.doc=00;32:*.ini=00;32:*.log=00;32:*.patch=00;32:*.pdf=00;32:*.ps=00;32:*.tex=00;32:*.txt=00;32:*.aac=00;36:*.au=00;36:*.flac=00;36:*.m4a=00;36:*.mid=00;36:*.midi=00;36:*.mka=00;36:*.mp3=00;36:*.mpc=00;36:*.ogg=00;36:*.ra=00;36:*.wav=00;36:*.oga=00;36:*.opus=00;36:*.spx=00;36:*.xspf=00;36:' XDG_CURRENT_DESKTOP=GNOME INFOPATH=/usr/share/info:/usr/share/gcc-data/x86_64-pc-linux-gnu/10.2.0/info:/usr/share/binutils-data/x86_64-pc-linux-gnu/2.45/info:/usr/share/automake-1.16.5/info JAVAC=/etc/java-config-2/current-system-vm/bin/javac TERM=xterm-256color LESSOPEN='|lesspipe %s' USER=jpmurphy CROS_WORKON_SRCROOT=/mnt/host/source MANPAGER=manpager DISPLAY=:1 SHLVL=1 LC_MESSAGES=C EXTERNAL_TRUNK_PATH=/mnt/8f9d649a-3721-44cc-93c0-e6bd21a9689f/chromiumos GCC_SPECS='' PATH=/mnt/host/source/chromite/bin:/usr/local/bin:/usr/bin:/bin:/opt/bin:/mnt/host/source/chromite/sdk/bin:/mnt/host/source/chromite/bin PORTAGE_USERNAME=jpmurphy SUDO_UID=0 GCC_VER=10.2.0 MAIL=/var/mail/jpmurphy OLDPWD=/mnt/host/source/src/scripts traceparent=00-e87aca51550a78635907baa6a2476181-6d684811675d2973-01 _=./zephyr/firmware_builder.py COREBOOT_SDK_ROOT_x86=/home/jpmurphy/.cache/coreboot-sdk/i386-elf/dfbb0486385d938cfa9d73080b9d18d598ed4f49 COREBOOT_SDK_ROOT_picolibc_x86=/home/jpmurphy/.cache/coreboot-sdk/picolibc-i386-elf/eb8e8e687b95461de8cbf278f1c2076952d0ad17 COREBOOT_SDK_ROOT_riscv64=/home/jpmurphy/.cache/coreboot-sdk/riscv64-elf/96b949749225b6aaa92ed810ab769e8dfb12f000 COREBOOT_SDK_ROOT_picolibc_arm=/home/jpmurphy/.cache/coreboot-sdk/picolibc-arm-eabi/422a2aa3e1ef891b5bece9a3deb696ff83840d2e COREBOOT_SDK_ROOT_nds32=/home/jpmurphy/.cache/coreboot-sdk/nds32le-elf/d1a518c4a097666d86058e1444f85ca015d15511 COREBOOT_SDK_ROOT_picolibc_riscv64=/home/jpmurphy/.cache/coreboot-sdk/picolibc-riscv64-elf/f571e990ef0278564b31124f8bb109d9a697eb69 COREBOOT_SDK_ROOT_arm=/home/jpmurphy/.cache/coreboot-sdk/arm-eabi/ea40ddd1d190c3b48435c474c0b545719371813a COREBOOT_SDK_ROOT_libstdcxx_riscv64=/home/jpmurphy/.cache/coreboot-sdk/libstdcxx-riscv64-elf/17abf22a3a252e2d5d2062ced5324f7a623689e0 COREBOOT_SDK_ROOT_libstdcxx_arm=/home/jpmurphy/.cache/coreboot-sdk/libstdcxx-arm-eabi/5d7d82e150e44aa1968f1d366e267e6687b328ac COREBOOT_SDK_ROOT_riscv=/home/jpmurphy/.cache/coreboot-sdk/riscv-elf/9a27b9e82341c6e9126624f516ab3f261abb3e73 COREBOOT_SDK_ROOT_libstdcxx_x86=/home/jpmurphy/.cache/coreboot-sdk/libstdcxx-i386-elf/42ef9d2e87a76a37963175d7d428734e65648b87 PYTHONPATH=/mnt/host/source/src/platform/ec/zephyr/zmake PW_PIGWEED_CIPD_INSTALL_DIR=/usr CROSTC_USER_ACKNOWLEDGES_THAT_RISCV_IS_EXPERIMENTAL=1 MAKEFLAGS=' -j16 --jobserver-auth=5,6' /usr/bin/ninja -C /mnt/host/source/src/platform/ec/build/zephyr/teliks/build-rw all.libraries`
[teliks:rw] ninja: Entering directory `/mnt/host/source/src/platform/ec/build/zephyr/teliks/build-rw'
[pujjocento:rw] [397/399] Building C object zephyr/kernel/CMakeFiles/kernel.dir/events.c.obj
Running `env -i PYTHONPATH=/usr/lib64/python-exec/python3.11:/mnt/host/source/src/platform/ec/zephyr/zmake:/usr/lib/python311.zip:/usr/lib/python3.11:/usr/lib/python3.11/lib-dynload:/usr/lib/python3.11/site-packages PW_PIGWEED_CIPD_INSTALL_DIR=/usr CROSTC_USER_ACKNOWLEDGES_THAT_RISCV_IS_EXPERIMENTAL=1 PATH=/mnt/host/source/chromite/bin:/usr/local/bin:/usr/bin:/bin:/opt/bin:/mnt/host/source/chromite/sdk/bin:/mnt/host/source/chromite/bin HOME=/home/jpmurphy JAVA_HOME=/etc/java-config-2/current-system-vm JDK_HOME=/etc/java-config-2/current-system-vm JAVAC=/etc/java-config-2/current-system-vm/bin/javac MAKEFLAGS=' -j16 --jobserver-auth=5,6' /usr/bin/lcov --gcov-tool /mnt/host/source/src/platform/ec/build/zephyr/craaskov/build-rw/gcov.sh -q -o - -c -d /mnt/host/source/src/platform/ec/build/zephyr/craaskov -t craaskov --rc branch_coverage=1 --filter range --ignore-errors inconsistent,source --ignore-errors gcov,gcov -i`
[pujjocento:rw] [398/399] Building C object zephyr/kernel/CMakeFiles/kernel.dir/dynamic_disabled.c.obj
[kyogre:ro] [1/392] Preparing syscall dependency handling
[teliks:ro] [242/402] Building C object CMakeFiles/app.dir/mnt/host/source/src/platform/ec/zephyr/subsys/ap_pwrseq/x86_non_dsx_common_pwrseq_console.c.obj
[pujjogatwin:ro] [43/414] Building C object zephyr/CMakeFiles/zephyr.dir/subsys/pm/device.c.obj
[pujjocento:rw] [399/399] Linking CXX static library zephyr/kernel/libkernel.a
[teliks:ro] [243/402] Building C object CMakeFiles/app.dir/mnt/host/source/src/platform/ec/zephyr/subsys/ap_pwrseq/x86_non_dsx_common_pwrseq_host_command.c.obj
[kyogre:ro] [2/392] Generating misc/generated/syscalls_subdirs.trigger
[kyogre:rw] [43/392] Building C object zephyr/CMakeFiles/zephyr.dir/subsys/pm/device.c.obj
[kyogre:ro] [3/392] cd /mnt/host/source/src/platform/ec/build/zephyr/kyogre/build-ro/modules/ec/zephyr && PYTHONPATH=/mnt/host/source/src/platform/ec/build/zephyr/kyogre/modules/ec/zephyr/zmake/ /usr/bin/python3.11 /mnt/host/source/src/platform/ec/build/zephyr/kyogre/modules/ec/zephyr/zmake/zephyr_build_tools/generate_ec_version.py /mnt/host/source/src/platform/ec/build/zephyr/kyogre/build-ro/modules/ec/zephyr/include/ec_version.h --name Zephyr-Kernel --version 16543.0.0 --static
[kyogre:ro] INFO:root:Using a static version string
[kyogre:rw] [44/392] Building C object zephyr/CMakeFiles/zephyr.dir/subsys/pm/device_system_managed.c.obj
[teliks:ro] [244/402] Building C object CMakeFiles/app.dir/mnt/host/source/src/platform/ec/zephyr/subsys/ap_pwrseq/x86_non_dsx_adlp_pwrseq_sm.c.obj
[kyogre:ro] INFO:root:Version string: Zephyr-Kernel-16543.0.0
[kyogre:ro] INFO:root:Writing header to /mnt/host/source/src/platform/ec/build/zephyr/kyogre/build-ro/modules/ec/zephyr/include/ec_version.h
[pujjogatwin:ro] [44/414] Building C object zephyr/CMakeFiles/zephyr.dir/subsys/pm/device_system_managed.c.obj
[kyogre:ro] [4/392] Generating include/generated/zephyr/version.h
[teliks:rw] [1/402] Preparing syscall dependency handling
[teliks:rw] [2/402] Generating include/generated/zephyr/version.h
[teliks:rw] -- git describe warned: warning: tag 'upstream/v2.7.99' is externally known as 'v2.7.99'
[teliks:ro] [245/402] Building C object CMakeFiles/app.dir/mnt/host/source/src/platform/ec/zephyr/subsys/ap_pwrseq/ap_reset_log.c.obj
[teliks:rw] -- Zephyr version: 4.3.99 (/mnt/host/source/src/third_party/zephyr/main)
[teliks:rw] [3/402] Generating misc/generated/syscalls_subdirs.trigger
[teliks:rw] [4/402] cd /mnt/host/source/src/platform/ec/build/zephyr/teliks/build-rw/modules/ec/zephyr && PYTHONPATH=/mnt/host/source/src/platform/ec/build/zephyr/teliks/modules/ec/zephyr/zmake/ /usr/bin/python3.11 /mnt/host/source/src/platform/ec/build/zephyr/teliks/modules/ec/zephyr/zmake/zephyr_build_tools/generate_ec_version.py /mnt/host/source/src/platform/ec/build/zephyr/teliks/build-rw/modules/ec/zephyr/include/ec_version.h --name Zephyr-Kernel --version 16543.0.0 --static
[teliks:ro] [246/402] Building C object CMakeFiles/app.dir/mnt/host/source/src/platform/ec/build/zephyr/teliks/modules/ec/builtin/stdlib.c.obj
[pujjogatwin:ro] [45/414] Building C object zephyr/CMakeFiles/zephyr.dir/subsys/testsuite/coverage/coverage.c.obj
[teliks:ro] [247/402] Building C object CMakeFiles/app.dir/mnt/host/source/src/platform/ec/build/zephyr/teliks/modules/ec/common/base32.c.obj
[kyogre:rw] [45/392] Building C object zephyr/CMakeFiles/zephyr.dir/subsys/testsuite/coverage/coverage.c.obj
[kyogre:rw] [46/392] Building C object zephyr/CMakeFiles/zephyr.dir/subsys/tracing/tracing_none.c.obj
[/mnt/host/source/src/platform/ec/build/zephyr/craaskov-lcov] geninfo: WARNING: using JSON module "JSON::PP" - which is much slower than some alternatives.  Consider installing one of JSON::XS or Cpanel::JSON::XS
[teliks:ro] [248/402] Building C object CMakeFiles/app.dir/mnt/host/source/src/platform/ec/build/zephyr/teliks/modules/ec/common/console_output.c.obj
[kyogre:ro] -- git describe warned: warning: tag 'upstream/v2.7.99' is externally known as 'v2.7.99'
[kyogre:ro] -- Zephyr version: 4.3.99 (/mnt/host/source/src/third_party/zephyr/main)
[kyogre:ro] [5/392] Generating misc/generated/syscalls.json, misc/generated/struct_tags.json
[kyogre:ro] [6/392] Generating include/generated/zephyr/syscall_dispatch.c, include/generated/zephyr/syscall_exports_llext.c, syscall_weakdefs_llext.c, include/generated/zephyr/syscall_list.h
[pujjogatwin:ro] [46/414] Building C object zephyr/CMakeFiles/zephyr.dir/subsys/tracing/tracing_none.c.obj
[teliks:ro] [249/402] Building C object CMakeFiles/app.dir/mnt/host/source/src/platform/ec/build/zephyr/teliks/modules/ec/common/ec_features.c.obj
[kyogre:ro] [7/392] Generating include/generated/zephyr/driver-validation.h
[teliks:ro] [250/402] Building C object CMakeFiles/app.dir/mnt/host/source/src/platform/ec/build/zephyr/teliks/modules/ec/common/peripheral.c.obj
[teliks:ro] [251/402] Building C object CMakeFiles/app.dir/mnt/host/source/src/platform/ec/build/zephyr/teliks/modules/ec/common/gpio_commands.c.obj
[pujjogatwin:ro] [47/414] Building C object zephyr/CMakeFiles/zephyr.dir/subsys/shell/modules/kernel_service/kernel_shell.c.obj
[teliks:rw] INFO:root:Using a static version string
[teliks:rw] INFO:root:Version string: Zephyr-Kernel-16543.0.0
[teliks:rw] INFO:root:Writing header to /mnt/host/source/src/platform/ec/build/zephyr/teliks/build-rw/modules/ec/zephyr/include/ec_version.h
[teliks:rw] [5/402] Generating misc/generated/syscalls.json, misc/generated/struct_tags.json
[kyogre:ro] [8/392] Generating include/generated/zephyr/kobj-types-enum.h, include/generated/zephyr/otype-to-str.h, include/generated/zephyr/otype-to-size.h
[teliks:ro] [252/402] Building C object CMakeFiles/app.dir/mnt/host/source/src/platform/ec/build/zephyr/teliks/modules/ec/common/printf.c.obj
[kyogre:ro] [9/392] Generating include/generated/device-api-sections.ld, include/generated/device-api-sections.cmake
[kyogre:rw] [47/392] Building C object zephyr/CMakeFiles/zephyr.dir/subsys/shell/modules/kernel_service/cycles.c.obj
[kyogre:rw] [48/392] Building C object zephyr/CMakeFiles/zephyr.dir/subsys/shell/modules/kernel_service/kernel_shell.c.obj
[teliks:rw] [6/402] Generating include/generated/zephyr/syscall_dispatch.c, include/generated/zephyr/syscall_exports_llext.c, syscall_weakdefs_llext.c, include/generated/zephyr/syscall_list.h
[teliks:ro] [253/402] Building C object CMakeFiles/app.dir/mnt/host/source/src/platform/ec/build/zephyr/teliks/modules/ec/common/queue.c.obj
[teliks:rw] [7/402] Generating include/generated/zephyr/driver-validation.h
[pujjogatwin:ro] [48/414] Building C object zephyr/CMakeFiles/zephyr.dir/subsys/shell/modules/kernel_service/cycles.c.obj
[teliks:rw] [8/402] Generating include/generated/zephyr/kobj-types-enum.h, include/generated/zephyr/otype-to-str.h, include/generated/zephyr/otype-to-size.h
[teliks:ro] [254/402] Building C object CMakeFiles/app.dir/mnt/host/source/src/platform/ec/build/zephyr/teliks/modules/ec/common/system_boot_time.c.obj
[teliks:rw] [9/402] Generating include/generated/device-api-sections.ld, include/generated/device-api-sections.cmake
[teliks:ro] [255/402] Building C object CMakeFiles/app.dir/mnt/host/source/src/platform/ec/build/zephyr/teliks/modules/ec/common/system.c.obj
[teliks:ro] [256/402] Building C object CMakeFiles/app.dir/mnt/host/source/src/platform/ec/build/zephyr/teliks/modules/ec/common/uart_printf.c.obj
[pujjogatwin:ro] [49/414] Building C object zephyr/CMakeFiles/zephyr.dir/subsys/shell/modules/kernel_service/sleep.c.obj
[teliks:ro] [257/402] Building C object CMakeFiles/app.dir/mnt/host/source/src/platform/ec/build/zephyr/teliks/modules/ec/common/util.c.obj
[/mnt/host/source/src/platform/ec/build/zephyr/craaskov-lcov] stderr:
[kyogre:ro] [10/392] Building C object zephyr/CMakeFiles/offsets.dir/arch/arm/core/offsets/offsets.c.obj
[kyogre:rw] [49/392] Building C object zephyr/CMakeFiles/zephyr.dir/subsys/shell/modules/kernel_service/uptime.c.obj
[kyogre:rw] [50/392] Building C object zephyr/CMakeFiles/zephyr.dir/subsys/shell/modules/kernel_service/sleep.c.obj
[teliks:ro] [258/402] Building C object CMakeFiles/app.dir/mnt/host/source/src/platform/ec/build/zephyr/teliks/modules/ec/common/version.c.obj
[kyogre:ro] [11/392] Generating include/generated/zephyr/offsets.h
[teliks:ro] [259/402] Building C object CMakeFiles/app.dir/mnt/host/source/src/platform/ec/build/zephyr/teliks/modules/ec/common/power_button_x86.c.obj
[pujjogatwin:ro] [50/414] Building C object zephyr/CMakeFiles/zephyr.dir/subsys/shell/modules/kernel_service/uptime.c.obj
[teliks:ro] [260/402] Building C object CMakeFiles/app.dir/mnt/host/source/src/platform/ec/build/zephyr/teliks/modules/ec/driver/accel_bma4xx.c.obj
[/mnt/host/source/src/platform/ec/build/zephyr/craaskov-lcov]   /mnt/host/source/src/platform/ec/build/zephyr/craaskov/build-ro/modules/ec/zephyr/CMakeFiles/ec_shim.dir/shim/src/thermal.c.gcno:no functions found
[/mnt/host/source/src/platform/ec/build/zephyr/craaskov-lcov] stderr:
[teliks:rw] [10/402] Building C object zephyr/CMakeFiles/offsets.dir/arch/riscv/core/offsets/offsets.c.obj
[teliks:ro] [261/402] Building C object CMakeFiles/app.dir/mnt/host/source/src/platform/ec/build/zephyr/teliks/modules/ec/driver/accel_lis2dw12.c.obj
[teliks:rw] [11/402] Generating include/generated/zephyr/offsets.h
[teliks:ro] [262/402] Building C object CMakeFiles/app.dir/mnt/host/source/src/platform/ec/build/zephyr/teliks/modules/ec/driver/accelgyro_bmi3xx.c.obj
[pujjogatwin:ro] [51/414] Building C object zephyr/CMakeFiles/zephyr.dir/subsys/shell/modules/kernel_service/version.c.obj
[kyogre:rw] [51/392] Building C object zephyr/CMakeFiles/zephyr.dir/subsys/shell/modules/kernel_service/version.c.obj
[/mnt/host/source/src/platform/ec/build/zephyr/craaskov-lcov]   /mnt/host/source/src/platform/ec/build/zephyr/craaskov/build-ro/modules/ec/zephyr/CMakeFiles/ec_shim.dir/shim/src/battery.c.gcno:no functions found
[/mnt/host/source/src/platform/ec/build/zephyr/craaskov-lcov] stderr:
[teliks:ro] [263/402] Building C object CMakeFiles/app.dir/mnt/host/source/src/platform/ec/build/zephyr/teliks/modules/ec/driver/accelgyro_bmi_common.c.obj
[kyogre:rw] [52/392] Building C object zephyr/CMakeFiles/zephyr.dir/subsys/shell/modules/kernel_service/thread/thread.c.obj
[/mnt/host/source/src/platform/ec/build/zephyr/craaskov-lcov]   /mnt/host/source/src/platform/ec/build/zephyr/craaskov/build-ro/modules/ec/zephyr/CMakeFiles/ec_shim.dir/shim/src/charger.c.gcno:no functions found
[/mnt/host/source/src/platform/ec/build/zephyr/craaskov-lcov] stderr:
[teliks:ro] [264/402] Building C object CMakeFiles/app.dir/mnt/host/source/src/platform/ec/build/zephyr/teliks/modules/ec/driver/accelgyro_icm_common.c.obj
[kyogre:ro] [12/392] Building C object CMakeFiles/app.dir/mnt/host/source/src/platform/ec/zephyr/subsys/ap_pwrseq/ap_events.c.obj
[pujjogatwin:ro] [52/414] Building C object zephyr/CMakeFiles/zephyr.dir/subsys/shell/modules/kernel_service/thread/thread.c.obj
[teliks:ro] [265/402] Building C object CMakeFiles/app.dir/mnt/host/source/src/platform/ec/build/zephyr/teliks/modules/ec/driver/accelgyro_icm42607.c.obj
[teliks:ro] [266/402] Building C object CMakeFiles/app.dir/mnt/host/source/src/platform/ec/build/zephyr/teliks/modules/ec/driver/accelgyro_lsm6dsm.c.obj
[teliks:ro] [267/402] Building C object CMakeFiles/app.dir/mnt/host/source/src/platform/ec/build/zephyr/teliks/modules/ec/common/motion_sense_fifo.c.obj
[teliks:rw] [12/402] Building C object CMakeFiles/app.dir/mnt/host/source/src/platform/ec/zephyr/subsys/ap_pwrseq/ap_events.c.obj
[/mnt/host/source/src/platform/ec/build/zephyr/kinmen-lcov]   /mnt/host/source/src/platform/ec/build/zephyr/kinmen/build-ro/zephyr/CMakeFiles/zephyr.dir/subsys/shell/modules/kernel_service/kernel_shell.c.gcno:no functions found
[/mnt/host/source/src/platform/ec/build/zephyr/kinmen-lcov] stderr:
[/mnt/host/source/src/platform/ec/build/zephyr/craaskov-lcov]   /mnt/host/source/src/platform/ec/build/zephyr/craaskov/build-ro/modules/ec/zephyr/CMakeFiles/ec_shim.dir/shim/src/usb_muxes.c.gcno:no functions found
[/mnt/host/source/src/platform/ec/build/zephyr/craaskov-lcov] stderr:
[pujjogatwin:ro] [53/414] Building C object zephyr/CMakeFiles/zephyr.dir/subsys/shell/modules/kernel_service/thread/list.c.obj
[teliks:ro] [268/402] Building C object CMakeFiles/app.dir/mnt/host/source/src/platform/ec/build/zephyr/teliks/modules/ec/common/adc.c.obj
[kyogre:rw] [53/392] Building C object zephyr/CMakeFiles/zephyr.dir/subsys/shell/modules/kernel_service/thread/stacks.c.obj
[teliks:ro] [269/402] Building C object CMakeFiles/app.dir/mnt/host/source/src/platform/ec/build/zephyr/teliks/modules/ec/common/acpi.c.obj
[/mnt/host/source/src/platform/ec/build/zephyr/karis-lcov]   /mnt/host/source/src/platform/ec/build/zephyr/karis/build-ro/zephyr/drivers/sensor/CMakeFiles/drivers__sensor.dir/mnt/host/source/src/third_party/zephyr/main/misc/empty_file.c.gcno:no functions found
[/mnt/host/source/src/platform/ec/build/zephyr/karis-lcov] stderr:
[teliks:ro] [270/402] Building C object CMakeFiles/app.dir/mnt/host/source/src/platform/ec/build/zephyr/teliks/modules/ec/common/backlight_lid.c.obj
[kyogre:rw] [54/392] Building C object zephyr/CMakeFiles/zephyr.dir/subsys/shell/modules/kernel_service/thread/list.c.obj
[kyogre:ro] [13/392] Building C object CMakeFiles/app.dir/mnt/host/source/src/platform/ec/build/zephyr/kyogre/modules/ec/builtin/stdlib.c.obj
[teliks:ro] [271/402] Building C object CMakeFiles/app.dir/mnt/host/source/src/platform/ec/build/zephyr/teliks/modules/ec/common/battery.c.obj
[/mnt/host/source/src/platform/ec/build/zephyr/karis-lcov]   /mnt/host/source/src/platform/ec/build/zephyr/karis/build-rw/modules/ec/zephyr/CMakeFiles/ec_shim.dir/shim/src/anx7452_usb_mux.c.gcno:no functions found
[/mnt/host/source/src/platform/ec/build/zephyr/karis-lcov] stderr:
[/mnt/host/source/src/platform/ec/build/zephyr/kinmen-lcov]   /mnt/host/source/src/platform/ec/build/zephyr/kinmen/build-ro/zephyr/CMakeFiles/zephyr.dir/lib/libc/validate_libc.c.gcno:no functions found
[/mnt/host/source/src/platform/ec/build/zephyr/kinmen-lcov] stderr:
[pujjogatwin:ro] [54/414] Building C object zephyr/CMakeFiles/zephyr.dir/subsys/shell/modules/kernel_service/thread/stacks.c.obj
[/mnt/host/source/src/platform/ec/build/zephyr/craaskov-lcov]   /mnt/host/source/src/platform/ec/build/zephyr/craaskov/build-ro/modules/ec/zephyr/CMakeFiles/ec_shim.dir/shim/src/usba.c.gcno:no functions found
[/mnt/host/source/src/platform/ec/build/zephyr/craaskov-lcov] stderr:
[teliks:ro] [272/402] Building C object CMakeFiles/app.dir/mnt/host/source/src/platform/ec/build/zephyr/teliks/modules/ec/common/battery_info.c.obj
[teliks:ro] [273/402] Building C object CMakeFiles/app.dir/mnt/host/source/src/platform/ec/build/zephyr/teliks/modules/ec/common/battery_fuel_gauge.c.obj
[/mnt/host/source/src/platform/ec/build/zephyr/karis-lcov]   /mnt/host/source/src/platform/ec/build/zephyr/karis/build-rw/modules/ec/zephyr/CMakeFiles/ec_shim.dir/shim/src/thermal.c.gcno:no functions found
[/mnt/host/source/src/platform/ec/build/zephyr/karis-lcov] stderr:
[teliks:rw] [13/402] Building C object CMakeFiles/app.dir/mnt/host/source/src/platform/ec/zephyr/subsys/ap_pwrseq/ap_power_interface.c.obj
[teliks:ro] [274/402] Building C object CMakeFiles/app.dir/mnt/host/source/src/platform/ec/build/zephyr/teliks/modules/ec/driver/battery/smart.c.obj
[kyogre:rw] [55/392] Building C object zephyr/CMakeFiles/zephyr.dir/subsys/shell/modules/kernel_service/thread/suspend.c.obj
[pujjogatwin:ro] [55/414] Building C object zephyr/CMakeFiles/zephyr.dir/subsys/shell/modules/kernel_service/thread/suspend.c.obj
[kyogre:rw] [56/392] Building C object zephyr/CMakeFiles/zephyr.dir/subsys/shell/modules/kernel_service/thread/resume.c.obj
[kyogre:ro] [14/392] Building C object CMakeFiles/app.dir/mnt/host/source/src/platform/ec/build/zephyr/kyogre/modules/ec/common/base32.c.obj
[teliks:ro] [275/402] Building C object CMakeFiles/app.dir/mnt/host/source/src/platform/ec/build/zephyr/teliks/modules/ec/common/charger.c.obj
[/mnt/host/source/src/platform/ec/build/zephyr/karis-lcov]   /mnt/host/source/src/platform/ec/build/zephyr/karis/build-rw/modules/ec/zephyr/CMakeFiles/ec_shim.dir/shim/src/battery.c.gcno:no functions found
[/mnt/host/source/src/platform/ec/build/zephyr/karis-lcov] stderr:
[teliks:ro] [276/402] Building C object CMakeFiles/app.dir/mnt/host/source/src/platform/ec/build/zephyr/teliks/modules/ec/driver/charger/bq25710.c.obj
[/mnt/host/source/src/platform/ec/build/zephyr/karis-lcov]   /mnt/host/source/src/platform/ec/build/zephyr/karis/build-rw/modules/ec/zephyr/CMakeFiles/ec_shim.dir/shim/src/charger.c.gcno:no functions found
[/mnt/host/source/src/platform/ec/build/zephyr/karis-lcov] stderr:
[pujjogatwin:ro] [56/414] Building C object zephyr/CMakeFiles/zephyr.dir/subsys/shell/modules/kernel_service/thread/resume.c.obj
[teliks:ro] [277/402] Building C object CMakeFiles/app.dir/mnt/host/source/src/platform/ec/build/zephyr/teliks/modules/ec/common/charge_state.c.obj
[teliks:ro] [278/402] Building C object CMakeFiles/app.dir/mnt/host/source/src/platform/ec/build/zephyr/teliks/modules/ec/common/cbi_common.c.obj
[teliks:ro] [279/402] Building C object CMakeFiles/app.dir/mnt/host/source/src/platform/ec/build/zephyr/teliks/modules/ec/common/charge_manager.c.obj
[teliks:ro] [280/402] Building C object CMakeFiles/app.dir/mnt/host/source/src/platform/ec/build/zephyr/teliks/modules/ec/common/cbi.c.obj
[/mnt/host/source/src/platform/ec/build/zephyr/kinmen-lcov]   /mnt/host/source/src/platform/ec/build/zephyr/kinmen/build-ro/zephyr/CMakeFiles/zephyr.dir/lib/utils/last_section_id.c.gcno:no functions found
[/mnt/host/source/src/platform/ec/build/zephyr/kinmen-lcov] stderr:
[teliks:ro] [281/402] Building C object CMakeFiles/app.dir/mnt/host/source/src/platform/ec/build/zephyr/teliks/modules/ec/common/cbi_config.c.obj
[teliks:rw] [14/402] Building C object CMakeFiles/app.dir/mnt/host/source/src/platform/ec/zephyr/subsys/ap_pwrseq/power_signals.c.obj
[pujjogatwin:ro] [57/414] Building C object zephyr/CMakeFiles/zephyr.dir/subsys/shell/modules/kernel_service/thread/kill.c.obj
[kyogre:rw] [57/392] Building C object zephyr/CMakeFiles/zephyr.dir/subsys/shell/modules/kernel_service/thread/kill.c.obj
[kyogre:rw] [58/392] Building C object zephyr/CMakeFiles/zephyr.dir/subsys/shell/modules/device_service.c.obj
[teliks:ro] [282/402] Building C object CMakeFiles/app.dir/mnt/host/source/src/platform/ec/build/zephyr/teliks/modules/ec/common/memory_commands.c.obj
[kyogre:ro] [15/392] Building C object CMakeFiles/app.dir/mnt/host/source/src/platform/ec/build/zephyr/kyogre/modules/ec/common/console_output.c.obj
[teliks:ro] [283/402] Building C object CMakeFiles/app.dir/mnt/host/source/src/platform/ec/build/zephyr/teliks/modules/ec/common/dptf.c.obj
[/mnt/host/source/src/platform/ec/build/zephyr/karis-lcov]   /mnt/host/source/src/platform/ec/build/zephyr/karis/build-rw/modules/ec/zephyr/CMakeFiles/ec_shim.dir/shim/src/usb_muxes.c.gcno:no functions found
[/mnt/host/source/src/platform/ec/build/zephyr/karis-lcov] stderr:
[pujjogatwin:ro] [58/414] Building C object zephyr/CMakeFiles/zephyr.dir/subsys/shell/backends/shell_uart.c.obj
[/mnt/host/source/src/platform/ec/build/zephyr/karis-lcov]   /mnt/host/source/src/platform/ec/build/zephyr/karis/build-rw/modules/ec/zephyr/CMakeFiles/ec_shim.dir/shim/src/bb_retimer_usb_mux.c.gcno:no functions found
[/mnt/host/source/src/platform/ec/build/zephyr/karis-lcov] stderr:
[teliks:ro] [284/402] Building C object CMakeFiles/app.dir/mnt/host/source/src/platform/ec/build/zephyr/teliks/modules/ec/common/ap_reset_log.c.obj
[teliks:ro] [285/402] Building C object CMakeFiles/app.dir/mnt/host/source/src/platform/ec/build/zephyr/teliks/modules/ec/common/espi.c.obj
[teliks:ro] [286/402] Building C object CMakeFiles/app.dir/mnt/host/source/src/platform/ec/build/zephyr/teliks/modules/ec/common/extpower_common.c.obj
[teliks:ro] [287/402] Building C object CMakeFiles/app.dir/mnt/host/source/src/platform/ec/build/zephyr/teliks/modules/ec/common/extpower_gpio.c.obj
[kyogre:rw] [59/392] Building C object zephyr/CMakeFiles/zephyr.dir/subsys/shell/modules/date_service.c.obj
[teliks:ro] [288/402] Building C object CMakeFiles/app.dir/mnt/host/source/src/platform/ec/build/zephyr/teliks/modules/ec/common/flash.c.obj
[pujjogatwin:ro] [59/414] Building C object zephyr/CMakeFiles/zephyr.dir/subsys/shell/shell.c.obj
[kyogre:rw] [60/392] Building C object zephyr/CMakeFiles/zephyr.dir/subsys/shell/modules/devmem_service.c.obj
[teliks:rw] [15/402] Building C object CMakeFiles/app.dir/mnt/host/source/src/platform/ec/zephyr/subsys/ap_pwrseq/signal_gpio.c.obj
[/mnt/host/source/src/platform/ec/build/zephyr/karis-lcov]   /mnt/host/source/src/platform/ec/build/zephyr/karis/build-rw/modules/ec/zephyr/CMakeFiles/ec_shim.dir/shim/src/usba.c.gcno:no functions found
[/mnt/host/source/src/platform/ec/build/zephyr/karis-lcov] stderr:
[pujjogatwin:ro] [60/414] Building C object zephyr/CMakeFiles/zephyr.dir/subsys/shell/shell_fprintf.c.obj
[teliks:ro] [289/402] Building C object CMakeFiles/app.dir/mnt/host/source/src/platform/ec/build/zephyr/teliks/modules/ec/common/host_command.c.obj
[teliks:ro] [290/402] Building C object CMakeFiles/app.dir/mnt/host/source/src/platform/ec/build/zephyr/teliks/modules/ec/common/host_command_task.c.obj
[kyogre:ro] [16/392] Building C object CMakeFiles/app.dir/mnt/host/source/src/platform/ec/build/zephyr/kyogre/modules/ec/common/ec_features.c.obj
[teliks:ro] [291/402] Building C object CMakeFiles/app.dir/mnt/host/source/src/platform/ec/build/zephyr/teliks/modules/ec/common/uart_hostcmd.c.obj
[teliks:ro] [292/402] Building C object CMakeFiles/app.dir/mnt/host/source/src/platform/ec/build/zephyr/teliks/modules/ec/common/uptime.c.obj
[teliks:ro] [293/402] Building C object CMakeFiles/app.dir/mnt/host/source/src/platform/ec/build/zephyr/teliks/modules/ec/common/host_event_commands.c.obj
[pujjogatwin:ro] [61/414] Building C object zephyr/CMakeFiles/zephyr.dir/subsys/shell/shell_utils.c.obj
[kyogre:rw] [61/392] Building C object zephyr/CMakeFiles/zephyr.dir/subsys/shell/backends/shell_uart.c.obj
[kyogre:rw] [62/392] Building C object zephyr/CMakeFiles/zephyr.dir/subsys/shell/shell.c.obj
[teliks:ro] [294/402] Building C object CMakeFiles/app.dir/mnt/host/source/src/platform/ec/build/zephyr/teliks/modules/ec/common/i2c_passthru.c.obj
[teliks:ro] [295/402] Building C object CMakeFiles/app.dir/mnt/host/source/src/platform/ec/build/zephyr/teliks/modules/ec/common/i2c_controller.c.obj
[teliks:rw] [16/402] Building C object CMakeFiles/app.dir/mnt/host/source/src/platform/ec/zephyr/subsys/ap_pwrseq/signal_vw.c.obj
[/mnt/host/source/src/platform/ec/build/zephyr/craaskov-lcov]   /mnt/host/source/src/platform/ec/build/zephyr/craaskov/build-ro/modules/ec/zephyr/CMakeFiles/ec_shim.dir/shim/src/keyscan.c.gcno:no functions found
[/mnt/host/source/src/platform/ec/build/zephyr/craaskov-lcov] stderr:
[pujjogatwin:ro] [62/414] Building C object zephyr/CMakeFiles/zephyr.dir/subsys/shell/shell_ops.c.obj
[teliks:ro] [296/402] Building C object CMakeFiles/app.dir/mnt/host/source/src/platform/ec/build/zephyr/teliks/modules/ec/common/keyboard_8042_sharedlib.c.obj
[teliks:ro] [297/402] Building C object CMakeFiles/app.dir/mnt/host/source/src/platform/ec/build/zephyr/teliks/modules/ec/common/keyboard_8042.c.obj
[kyogre:ro] [17/392] Building C object CMakeFiles/app.dir/mnt/host/source/src/platform/ec/build/zephyr/kyogre/modules/ec/common/gpio_commands.c.obj
[teliks:ro] [298/402] Building C object CMakeFiles/app.dir/mnt/host/source/src/platform/ec/build/zephyr/teliks/modules/ec/common/keyboard_scan.c.obj
[teliks:ro] [299/402] Building C object CMakeFiles/app.dir/mnt/host/source/src/platform/ec/build/zephyr/teliks/modules/ec/common/mkbp_info.c.obj
[teliks:ro] [300/402] Building C object CMakeFiles/app.dir/mnt/host/source/src/platform/ec/build/zephyr/teliks/modules/ec/common/mkbp_fifo.c.obj
[kyogre:rw] [63/392] Building C object zephyr/CMakeFiles/zephyr.dir/subsys/shell/shell_fprintf.c.obj
[kyogre:rw] [64/392] Building C object zephyr/CMakeFiles/zephyr.dir/subsys/shell/shell_utils.c.obj
[pujjogatwin:ro] [63/414] Building C object zephyr/CMakeFiles/zephyr.dir/subsys/shell/shell_help.c.obj
[teliks:ro] [301/402] Building C object CMakeFiles/app.dir/mnt/host/source/src/platform/ec/build/zephyr/teliks/modules/ec/common/mkbp_input_devices.c.obj
[teliks:ro] [302/402] Building C object CMakeFiles/app.dir/mnt/host/source/src/platform/ec/build/zephyr/teliks/modules/ec/common/led_common.c.obj
[pujjogatwin:ro] [64/414] Building C object zephyr/CMakeFiles/zephyr.dir/subsys/shell/shell_history.c.obj
[teliks:rw] [17/402] Building C object CMakeFiles/app.dir/mnt/host/source/src/platform/ec/zephyr/subsys/ap_pwrseq/signal_adc.c.obj
[/mnt/host/source/src/platform/ec/build/zephyr/kinmen-lcov]   /mnt/host/source/src/platform/ec/build/zephyr/kinmen/build-ro/zephyr/CMakeFiles/zephyr.dir/soc/ite/ec/it8xxx2/check_regs.c.gcno:no functions found
[/mnt/host/source/src/platform/ec/build/zephyr/kinmen-lcov] stderr:
[teliks:ro] [303/402] Building C object CMakeFiles/app.dir/mnt/host/source/src/platform/ec/build/zephyr/teliks/modules/ec/common/motion_lid.c.obj
[kyogre:ro] [18/392] Building C object CMakeFiles/app.dir/mnt/host/source/src/platform/ec/build/zephyr/kyogre/modules/ec/common/peripheral.c.obj
[teliks:ro] [304/402] Building C object CMakeFiles/app.dir/mnt/host/source/src/platform/ec/build/zephyr/teliks/modules/ec/common/lid_angle_keyboard_policy.c.obj
[teliks:ro] [305/402] Building C object CMakeFiles/app.dir/mnt/host/source/src/platform/ec/build/zephyr/teliks/modules/ec/common/lid_angle.c.obj
[teliks:ro] [306/402] Building C object CMakeFiles/app.dir/mnt/host/source/src/platform/ec/build/zephyr/teliks/modules/ec/common/mkbp_event.c.obj
[kyogre:rw] [65/392] Building C object zephyr/CMakeFiles/zephyr.dir/subsys/shell/shell_help.c.obj
[kyogre:rw] [66/392] Building C object zephyr/CMakeFiles/zephyr.dir/subsys/shell/shell_ops.c.obj
[teliks:ro] [307/402] Building C object CMakeFiles/app.dir/mnt/host/source/src/platform/ec/build/zephyr/teliks/modules/ec/common/lid_switch.c.obj
[pujjogatwin:ro] [65/414] Building C object zephyr/arch/common/CMakeFiles/arch__common.dir/sw_isr_common.c.obj
[pujjogatwin:ro] [66/414] Building C object zephyr/CMakeFiles/zephyr.dir/drivers/flash/flash_util.c.obj
[teliks:ro] [308/402] Building C object CMakeFiles/app.dir/mnt/host/source/src/platform/ec/build/zephyr/teliks/modules/ec/common/motion_sense.c.obj
[pujjogatwin:ro] [67/414] Linking C static library zephyr/libzephyr.a
[teliks:ro] [309/402] Building C object CMakeFiles/app.dir/mnt/host/source/src/platform/ec/build/zephyr/teliks/modules/ec/common/port80.c.obj
[teliks:rw] [18/402] Building C object CMakeFiles/app.dir/mnt/host/source/src/platform/ec/zephyr/subsys/ap_pwrseq/power_host_sleep.c.obj
[teliks:ro] [310/402] Building C object CMakeFiles/app.dir/mnt/host/source/src/platform/ec/build/zephyr/teliks/modules/ec/common/power_button.c.obj
[kyogre:ro] [19/392] Building C object CMakeFiles/app.dir/mnt/host/source/src/platform/ec/build/zephyr/kyogre/modules/ec/common/printf.c.obj
[kyogre:rw] [67/392] Building C object zephyr/CMakeFiles/zephyr.dir/subsys/shell/shell_history.c.obj
[teliks:ro] [311/402] Building C object CMakeFiles/app.dir/mnt/host/source/src/platform/ec/build/zephyr/teliks/modules/ec/power/hibernate.c.obj
[pujjogatwin:ro] [68/414] Building C object zephyr/arch/common/CMakeFiles/arch__common.dir/init.c.obj
[kyogre:rw] [68/392] Building C object zephyr/CMakeFiles/zephyr.dir/subsys/shell/shell_cmds.c.obj
[teliks:ro] [312/402] Building C object CMakeFiles/app.dir/mnt/host/source/src/platform/ec/build/zephyr/teliks/modules/ec/driver/sha256/sha256_it8xxx2.c.obj
[teliks:ro] [313/402] Building C object CMakeFiles/app.dir/mnt/host/source/src/platform/ec/build/zephyr/teliks/modules/ec/common/shared_mem.c.obj
[teliks:ro] [314/402] Building C object CMakeFiles/app.dir/mnt/host/source/src/platform/ec/build/zephyr/teliks/modules/ec/common/panic_output.c.obj
[pujjogatwin:ro] [69/414] Building C object zephyr/arch/common/CMakeFiles/arch__common.dir/xip.c.obj
[teliks:ro] [315/402] Building C object CMakeFiles/app.dir/mnt/host/source/src/platform/ec/build/zephyr/teliks/modules/ec/common/switch.c.obj
[teliks:ro] [316/402] Building C object CMakeFiles/app.dir/mnt/host/source/src/platform/ec/build/zephyr/teliks/modules/ec/driver/stm_mems_common.c.obj
[pujjogatwin:ro] [70/414] Building C object zephyr/arch/common/CMakeFiles/isr_tables.dir/isr_tables.c.obj
[pujjogatwin:ro] [71/414] Linking C static library zephyr/arch/common/libisr_tables.a
[teliks:rw] [19/402] Building C object CMakeFiles/app.dir/mnt/host/source/src/platform/ec/zephyr/subsys/ap_pwrseq/x86_non_dsx_common_pwrseq_sm_handler.c.obj
[kyogre:ro] [20/392] Building C object CMakeFiles/app.dir/mnt/host/source/src/platform/ec/build/zephyr/kyogre/modules/ec/common/queue.c.obj
[teliks:ro] [317/402] Building C object CMakeFiles/app.dir/mnt/host/source/src/platform/ec/build/zephyr/teliks/modules/ec/common/tablet_mode.c.obj
[kyogre:rw] [69/392] Building C object zephyr/CMakeFiles/zephyr.dir/subsys/shell/shell_wildcard.c.obj
[kyogre:rw] [70/392] Building C object zephyr/CMakeFiles/zephyr.dir/drivers/flash/flash_util.c.obj
[pujjogatwin:ro] [72/414] Linking C static library zephyr/arch/common/libarch__common.a
[teliks:ro] [318/402] Building C object CMakeFiles/app.dir/mnt/host/source/src/platform/ec/build/zephyr/teliks/modules/ec/common/temp_sensor.c.obj
[teliks:ro] [319/402] Building C object CMakeFiles/app.dir/mnt/host/source/src/platform/ec/build/zephyr/teliks/modules/ec/common/thermal.c.obj
[kyogre:rw] [71/392] Linking C static library zephyr/libzephyr.a
[pujjogatwin:ro] [73/414] Building C object zephyr/arch/arch/arm/core/CMakeFiles/arch__arm__core.dir/fatal.c.obj
[teliks:ro] [320/402] Building C object CMakeFiles/app.dir/mnt/host/source/src/platform/ec/build/zephyr/teliks/modules/ec/common/throttle_ap.c.obj
[teliks:ro] [321/402] Building C object CMakeFiles/app.dir/mnt/host/source/src/platform/ec/build/zephyr/teliks/modules/ec/driver/temp_sensor/thermistor.c.obj
[pujjogatwin:ro] [74/414] Building ASM object zephyr/arch/arch/arm/core/CMakeFiles/arch__arm__core.dir/nmi_on_reset.S.obj
[teliks:ro] [322/402] Building C object CMakeFiles/app.dir/mnt/host/source/src/platform/ec/build/zephyr/teliks/modules/ec/common/timer.c.obj
[kyogre:rw] [72/392] Building C object zephyr/arch/common/CMakeFiles/arch__common.dir/init.c.obj
[teliks:ro] [323/402] Building C object CMakeFiles/app.dir/mnt/host/source/src/platform/ec/build/zephyr/teliks/modules/ec/common/usb_port_power_dumb.c.obj
[kyogre:rw] [73/392] Building C object zephyr/arch/common/CMakeFiles/arch__common.dir/sw_isr_common.c.obj
[/mnt/host/source/src/platform/ec/build/zephyr/karis-lcov]   /mnt/host/source/src/platform/ec/build/zephyr/karis/build-rw/modules/ec/zephyr/CMakeFiles/ec_shim.dir/shim/src/kb8010_usb_mux.c.gcno:no functions found
[/mnt/host/source/src/platform/ec/build/zephyr/karis-lcov] stderr:
[pujjogatwin:ro] [75/414] Building C object zephyr/arch/arch/arm/core/CMakeFiles/arch__arm__core.dir/nmi.c.obj
[teliks:rw] [20/402] Building C object CMakeFiles/app.dir/mnt/host/source/src/platform/ec/zephyr/subsys/ap_pwrseq/x86_non_dsx_chipset_power_state.c.obj
[pujjogatwin:ro] [76/414] Linking C static library zephyr/arch/arch/arm/core/libarch__arm__core.a
[teliks:ro] [324/402] Building C object CMakeFiles/app.dir/mnt/host/source/src/platform/ec/build/zephyr/teliks/modules/ec/common/typec_control.c.obj
[teliks:ro] [325/402] Building C object CMakeFiles/app.dir/mnt/host/source/src/platform/ec/build/zephyr/teliks/modules/ec/common/usb_pd_pdo.c.obj
[teliks:ro] [326/402] Building C object CMakeFiles/app.dir/mnt/host/source/src/platform/ec/build/zephyr/teliks/modules/ec/common/usb_common.c.obj
[kyogre:ro] [21/392] Building C object CMakeFiles/app.dir/mnt/host/source/src/platform/ec/build/zephyr/kyogre/modules/ec/common/system.c.obj
[pujjogatwin:ro] [77/414] Building C object zephyr/arch/arch/arm/core/cortex_m/CMakeFiles/arch__arm__core__cortex_m.dir/exc_exit.c.obj
[teliks:ro] [327/402] Building C object CMakeFiles/app.dir/mnt/host/source/src/platform/ec/build/zephyr/teliks/modules/ec/common/usbc/usb_pd_timer.c.obj
[teliks:ro] [328/402] Building C object CMakeFiles/app.dir/mnt/host/source/src/platform/ec/build/zephyr/teliks/modules/ec/common/usbc/usbc_task.c.obj
[kyogre:rw] [74/392] Building C object zephyr/arch/common/CMakeFiles/arch__common.dir/xip.c.obj
[kyogre:rw] [75/392] Building C object zephyr/arch/common/CMakeFiles/isr_tables.dir/isr_tables.c.obj
[pujjogatwin:ro] [78/414] Building ASM object zephyr/arch/arch/arm/core/cortex_m/CMakeFiles/arch__arm__core__cortex_m.dir/fault_s.S.obj
[teliks:ro] [329/402] Building C object CMakeFiles/app.dir/mnt/host/source/src/platform/ec/build/zephyr/teliks/modules/ec/common/usbc/usb_sm.c.obj
[kyogre:rw] [76/392] Linking C static library zephyr/arch/common/libisr_tables.a
[/mnt/host/source/src/platform/ec/build/zephyr/craaskov-lcov]   /mnt/host/source/src/platform/ec/build/zephyr/craaskov/build-ro/CMakeFiles/app.dir/mnt/host/source/src/platform/ec/build/zephyr/craaskov/modules/ec/common/usb_pd_pdo.c.gcno:no functions found
[/mnt/host/source/src/platform/ec/build/zephyr/craaskov-lcov] stderr:
[kyogre:rw] [77/392] Linking C static library zephyr/arch/common/libarch__common.a
[/mnt/host/source/src/platform/ec/build/zephyr/kinmen-lcov]   /mnt/host/source/src/platform/ec/build/zephyr/kinmen/build-ro/zephyr/kernel/CMakeFiles/kernel.dir/errno.c.gcno:no functions found
[/mnt/host/source/src/platform/ec/build/zephyr/kinmen-lcov] stderr:
[teliks:ro] [330/402] Building C object CMakeFiles/app.dir/mnt/host/source/src/platform/ec/build/zephyr/teliks/modules/ec/common/usbc_intr_task.c.obj
[pujjogatwin:ro] [79/414] Building C object zephyr/arch/arch/arm/core/cortex_m/CMakeFiles/arch__arm__core__cortex_m.dir/fault.c.obj
[teliks:ro] [331/402] Building C object CMakeFiles/app.dir/mnt/host/source/src/platform/ec/build/zephyr/teliks/modules/ec/common/usb_pd_flags.c.obj
[teliks:rw] [21/402] Building C object CMakeFiles/app.dir/mnt/host/source/src/platform/ec/zephyr/subsys/ap_pwrseq/x86_non_dsx_common_pwrseq_host_sleep.c.obj
[teliks:ro] [332/402] Building C object CMakeFiles/app.dir/mnt/host/source/src/platform/ec/build/zephyr/teliks/modules/ec/common/usbc_utils.c.obj
[teliks:ro] [333/402] Building C object CMakeFiles/app.dir/mnt/host/source/src/platform/ec/build/zephyr/teliks/modules/ec/common/chargen.c.obj
[pujjogatwin:ro] [80/414] Building C object zephyr/arch/arch/arm/core/cortex_m/CMakeFiles/arch__arm__core__cortex_m.dir/fpu.c.obj
[kyogre:ro] [22/392] Building C object CMakeFiles/app.dir/mnt/host/source/src/platform/ec/build/zephyr/kyogre/modules/ec/common/system_boot_time.c.obj
[teliks:ro] [334/402] Building C object CMakeFiles/app.dir/mnt/host/source/src/platform/ec/build/zephyr/teliks/modules/ec/driver/retimer/anx7483.c.obj
[kyogre:rw] [78/392] Building C object zephyr/arch/arch/arm/core/CMakeFiles/arch__arm__core.dir/fatal.c.obj
[teliks:ro] [335/402] Building C object CMakeFiles/app.dir/mnt/host/source/src/platform/ec/build/zephyr/teliks/modules/ec/common/usbc/usb_pd_console.c.obj
[kyogre:rw] [79/392] Building C object zephyr/arch/arch/arm/core/CMakeFiles/arch__arm__core.dir/nmi.c.obj
[kyogre:rw] [80/392] Building ASM object zephyr/arch/arch/arm/core/CMakeFiles/arch__arm__core.dir/nmi_on_reset.S.obj
[teliks:ro] [336/402] Building C object CMakeFiles/app.dir/mnt/host/source/src/platform/ec/build/zephyr/teliks/modules/ec/driver/usb_mux/usb_mux.c.obj
[pujjogatwin:ro] [81/414] Building ASM object zephyr/arch/arch/arm/core/cortex_m/CMakeFiles/arch__arm__core__cortex_m.dir/reset.S.obj
[kyogre:rw] [81/392] Linking C static library zephyr/arch/arch/arm/core/libarch__arm__core.a
[teliks:ro] [337/402] Building C object CMakeFiles/app.dir/mnt/host/source/src/platform/ec/build/zephyr/teliks/modules/ec/driver/usb_mux/virtual.c.obj
[teliks:rw] [22/402] Building C object CMakeFiles/app.dir/mnt/host/source/src/platform/ec/zephyr/subsys/ap_pwrseq/x86_non_dsx_common_pwrseq_console.c.obj
[pujjogatwin:ro] [82/414] Building C object zephyr/arch/arch/arm/core/cortex_m/CMakeFiles/arch__arm__core__cortex_m.dir/scb.c.obj
[/mnt/host/source/src/platform/ec/build/zephyr/kinmen-lcov]   /mnt/host/source/src/platform/ec/build/zephyr/kinmen/build-ro/zephyr/lib/libc/picolibc/CMakeFiles/lib__libc__picolibc.dir/errno_wrap.c.gcno:no functions found
[/mnt/host/source/src/platform/ec/build/zephyr/kinmen-lcov] stderr:
[kyogre:ro] [23/392] Building C object CMakeFiles/app.dir/mnt/host/source/src/platform/ec/build/zephyr/kyogre/modules/ec/common/uart_printf.c.obj
[kyogre:rw] [82/392] Building C object zephyr/arch/arch/arm/core/cortex_m/CMakeFiles/arch__arm__core__cortex_m.dir/exc_exit.c.obj
[teliks:ro] [338/402] Building C object CMakeFiles/app.dir/mnt/host/source/src/platform/ec/build/zephyr/teliks/modules/ec/common/usbc/usb_prl_sm.c.obj
[teliks:ro] [339/402] Building C object CMakeFiles/app.dir/mnt/host/source/src/platform/ec/build/zephyr/teliks/modules/ec/common/usbc/usbc_pd_policy.c.obj
[teliks:ro] [340/402] Building C object CMakeFiles/app.dir/mnt/host/source/src/platform/ec/build/zephyr/teliks/modules/ec/common/usbc/usb_tc_drp_acc_trysrc_sm.c.obj
[kyogre:rw] [83/392] Building ASM object zephyr/arch/arch/arm/core/cortex_m/CMakeFiles/arch__arm__core__cortex_m.dir/fault_s.S.obj
[pujjogatwin:ro] [83/414] Building C object zephyr/arch/arch/arm/core/cortex_m/CMakeFiles/arch__arm__core__cortex_m.dir/thread_abort.c.obj
[teliks:ro] [341/402] Building C object CMakeFiles/app.dir/mnt/host/source/src/platform/ec/build/zephyr/teliks/modules/ec/common/usbc/usb_pd_dpm.c.obj
[pujjogatwin:ro] [84/414] Building ASM object zephyr/arch/arch/arm/core/cortex_m/CMakeFiles/arch__arm__core__cortex_m.dir/vector_table.S.obj
[kyogre:rw] [84/392] Building C object zephyr/arch/arch/arm/core/cortex_m/CMakeFiles/arch__arm__core__cortex_m.dir/fault.c.obj
[teliks:ro] [342/402] Building C object CMakeFiles/app.dir/mnt/host/source/src/platform/ec/build/zephyr/teliks/modules/ec/common/usbc/usb_pe_drp_sm.c.obj
[teliks:ro] [343/402] Building C object CMakeFiles/app.dir/mnt/host/source/src/platform/ec/build/zephyr/teliks/modules/ec/common/usb_pd_console_cmd.c.obj
[teliks:ro] [344/402] Building C object CMakeFiles/app.dir/mnt/host/source/src/platform/ec/build/zephyr/teliks/modules/ec/common/usbc/dp_alt_mode.c.obj
[teliks:rw] [23/402] Building C object CMakeFiles/app.dir/mnt/host/source/src/platform/ec/zephyr/subsys/ap_pwrseq/x86_non_dsx_common_pwrseq_host_command.c.obj
[kyogre:ro] [24/392] Building C object CMakeFiles/app.dir/mnt/host/source/src/platform/ec/build/zephyr/kyogre/modules/ec/common/util.c.obj
[pujjogatwin:ro] [85/414] Building ASM object zephyr/arch/arch/arm/core/cortex_m/CMakeFiles/arch__arm__core__cortex_m.dir/swap_helper.S.obj
[kyogre:rw] [85/392] Building C object zephyr/arch/arch/arm/core/cortex_m/CMakeFiles/arch__arm__core__cortex_m.dir/fpu.c.obj
[teliks:ro] [345/402] Building C object CMakeFiles/app.dir/mnt/host/source/src/platform/ec/build/zephyr/teliks/modules/ec/common/usbc/usb_pd_host.c.obj
[pujjogatwin:ro] [86/414] Building C object zephyr/arch/arch/arm/core/cortex_m/CMakeFiles/arch__arm__core__cortex_m.dir/irq_manage.c.obj
[teliks:ro] [346/402] Building C object CMakeFiles/app.dir/mnt/host/source/src/platform/ec/build/zephyr/teliks/modules/ec/common/usb_pd_host_cmd.c.obj
[kyogre:rw] [86/392] Building ASM object zephyr/arch/arch/arm/core/cortex_m/CMakeFiles/arch__arm__core__cortex_m.dir/reset.S.obj
[teliks:ro] [347/402] Building C object CMakeFiles/app.dir/mnt/host/source/src/platform/ec/build/zephyr/teliks/modules/ec/common/usbc/svdm_rsp_dfp_only.c.obj
[teliks:ro] [348/402] Building C object CMakeFiles/app.dir/mnt/host/source/src/platform/ec/build/zephyr/teliks/modules/ec/common/usb_pd_host_cmd_common.c.obj
[teliks:ro] [349/402] Building C object CMakeFiles/app.dir/mnt/host/source/src/platform/ec/build/zephyr/teliks/modules/ec/zephyr/shim/src/tcpc.c.obj
[teliks:ro] [350/402] Building C object CMakeFiles/app.dir/mnt/host/source/src/platform/ec/build/zephyr/teliks/modules/ec/common/usbc_ocp.c.obj
[/mnt/host/source/src/platform/ec/build/zephyr/kinmen-lcov]   /mnt/host/source/src/platform/ec/build/zephyr/kinmen/build-ro/zephyr/drivers/sensor/CMakeFiles/drivers__sensor.dir/mnt/host/source/src/third_party/zephyr/main/misc/empty_file.c.gcno:no functions found
[/mnt/host/source/src/platform/ec/build/zephyr/kinmen-lcov] stderr:
[teliks:rw] [24/402] Building C object CMakeFiles/app.dir/mnt/host/source/src/platform/ec/zephyr/subsys/ap_pwrseq/x86_non_dsx_adlp_pwrseq_sm.c.obj
[pujjogatwin:ro] [87/414] Building C object zephyr/arch/arch/arm/core/cortex_m/CMakeFiles/arch__arm__core__cortex_m.dir/prep_c.c.obj
[teliks:ro] [351/402] Building C object CMakeFiles/app.dir/mnt/host/source/src/platform/ec/build/zephyr/teliks/modules/ec/common/usb_pd_discovery.c.obj
[kyogre:rw] [87/392] Building C object zephyr/arch/arch/arm/core/cortex_m/CMakeFiles/arch__arm__core__cortex_m.dir/scb.c.obj
[kyogre:ro] [25/392] Building C object CMakeFiles/app.dir/mnt/host/source/src/platform/ec/build/zephyr/kyogre/modules/ec/common/version.c.obj
[kyogre:rw] [88/392] Building C object zephyr/arch/arch/arm/core/cortex_m/CMakeFiles/arch__arm__core__cortex_m.dir/thread_abort.c.obj
[pujjogatwin:ro] [88/414] Building C object zephyr/arch/arch/arm/core/cortex_m/CMakeFiles/arch__arm__core__cortex_m.dir/thread.c.obj
[teliks:ro] [352/402] Building C object CMakeFiles/app.dir/mnt/host/source/src/platform/ec/build/zephyr/teliks/modules/ec/common/usb_pd_dual_role.c.obj
[kyogre:rw] [89/392] Building ASM object zephyr/arch/arch/arm/core/cortex_m/CMakeFiles/arch__arm__core__cortex_m.dir/vector_table.S.obj
[teliks:ro] [353/402] Building C object CMakeFiles/app.dir/mnt/host/source/src/platform/ec/build/zephyr/teliks/modules/ec/driver/tcpm/tcpci.c.obj
[teliks:ro] [354/402] Building C object CMakeFiles/app.dir/mnt/host/source/src/platform/ec/build/zephyr/teliks/modules/ec/driver/tcpm/ite_pd_intc.c.obj
[teliks:ro] [355/402] Building C object CMakeFiles/app.dir/mnt/host/source/src/platform/ec/build/zephyr/teliks/modules/ec/common/usbc_ppc.c.obj
[pujjogatwin:ro] [89/414] Building C object zephyr/arch/arch/arm/core/cortex_m/CMakeFiles/arch__arm__core__cortex_m.dir/cpu_idle.c.obj
[teliks:ro] [356/402] Building C object CMakeFiles/app.dir/mnt/host/source/src/platform/ec/build/zephyr/teliks/modules/ec/driver/tcpm/it8xxx2.c.obj
[teliks:rw] [25/402] Building C object CMakeFiles/app.dir/mnt/host/source/src/platform/ec/zephyr/subsys/ap_pwrseq/ap_reset_log.c.obj
[teliks:ro] [357/402] Building C object CMakeFiles/app.dir/mnt/host/source/src/platform/ec/build/zephyr/teliks/modules/ec/driver/ppc/syv682x.c.obj
[teliks:ro] [358/402] Building C object CMakeFiles/app.dir/mnt/host/source/src/platform/ec/build/zephyr/teliks/modules/ec/common/vboot_hash.c.obj
[kyogre:rw] [90/392] Building ASM object zephyr/arch/arch/arm/core/cortex_m/CMakeFiles/arch__arm__core__cortex_m.dir/swap_helper.S.obj
[pujjogatwin:ro] [90/414] Building C object zephyr/arch/arch/arm/core/cortex_m/CMakeFiles/arch__arm__core__cortex_m.dir/irq_init.c.obj
[kyogre:ro] [26/392] Building C object CMakeFiles/app.dir/mnt/host/source/src/platform/ec/build/zephyr/kyogre/modules/ec/driver/accel_lis2dw12.c.obj
[kyogre:rw] [91/392] Building C object zephyr/arch/arch/arm/core/cortex_m/CMakeFiles/arch__arm__core__cortex_m.dir/irq_manage.c.obj
[teliks:ro] [359/402] Building C object CMakeFiles/app.dir/mnt/host/source/src/platform/ec/build/zephyr/teliks/modules/ec/common/button.c.obj
[pujjogatwin:ro] [91/414] Building C object zephyr/arch/arch/arm/core/cortex_m/CMakeFiles/arch__arm__core__cortex_m.dir/isr_wrapper.c.obj
[teliks:ro] [360/402] Building C object CMakeFiles/app.dir/mnt/host/source/src/platform/ec/build/zephyr/teliks/modules/ec/common/vstore.c.obj
[pujjogatwin:ro] [92/414] Linking C static library zephyr/arch/arch/arm/core/cortex_m/libarch__arm__core__cortex_m.a
[teliks:ro] [361/402] Building C object CMakeFiles/app.dir/mnt/host/source/src/platform/ec/build/zephyr/teliks/modules/ec/common/vboot/efs2.c.obj
[teliks:ro] [362/402] Building C object CMakeFiles/app.dir/mnt/host/source/src/platform/ec/build/zephyr/teliks/modules/ec/common/math_util.c.obj
[teliks:rw] [26/402] Building C object CMakeFiles/app.dir/mnt/host/source/src/platform/ec/build/zephyr/teliks/modules/ec/builtin/stdlib.c.obj
[teliks:ro] [363/402] Building C object CMakeFiles/app.dir/src/common.c.obj
[teliks:ro] [364/402] Building C object CMakeFiles/app.dir/src/board_power.c.obj
[/mnt/host/source/src/platform/ec/build/zephyr/kinmen-lcov]   /mnt/host/source/src/platform/ec/build/zephyr/kinmen/build-ro/zephyr/drivers/syscon/CMakeFiles/drivers__syscon.dir/mnt/host/source/src/third_party/zephyr/main/misc/empty_file.c.gcno:no functions found
[/mnt/host/source/src/platform/ec/build/zephyr/kinmen-lcov] stderr:
[kyogre:rw] [92/392] Building C object zephyr/arch/arch/arm/core/cortex_m/CMakeFiles/arch__arm__core__cortex_m.dir/prep_c.c.obj
[teliks:ro] [365/402] Building C object CMakeFiles/app.dir/teliks/src/board.c.obj
[pujjogatwin:ro] [93/414] Building C object zephyr/arch/arch/arm/core/mpu/CMakeFiles/arch__arm__core__mpu.dir/arm_core_mpu.c.obj
[teliks:ro] [366/402] Linking C static library modules/ec/zephyr/libec_shim.a
[kyogre:rw] [93/392] Building C object zephyr/arch/arch/arm/core/cortex_m/CMakeFiles/arch__arm__core__cortex_m.dir/thread.c.obj
[kyogre:ro] [27/392] Building C object CMakeFiles/app.dir/mnt/host/source/src/platform/ec/build/zephyr/kyogre/modules/ec/driver/accelgyro_lsm6dso.c.obj
[teliks:ro] [367/402] Building C object CMakeFiles/app.dir/teliks/src/sub_board.c.obj
[teliks:ro] [368/402] Building C object CMakeFiles/app.dir/teliks/src/prochot.c.obj
[pujjogatwin:ro] [94/414] Building C object zephyr/arch/arch/arm/core/mpu/CMakeFiles/arch__arm__core__mpu.dir/arm_mpu.c.obj
[teliks:ro] [369/402] Building C object CMakeFiles/app.dir/teliks/src/charger.c.obj
[pujjogatwin:ro] [95/414] Generating ../../../include/generated/libc/minimal/strerror_table.h
[pujjogatwin:ro] [96/414] Building C object zephyr/arch/arch/arm/core/mpu/CMakeFiles/arch__arm__core__mpu.dir/arm_mpu_regions.c.obj
[teliks:ro] [370/402] Building C object CMakeFiles/app.dir/teliks/src/keyboard_customization.c.obj
[kyogre:rw] [94/392] Building C object zephyr/arch/arch/arm/core/cortex_m/CMakeFiles/arch__arm__core__cortex_m.dir/cpu_idle.c.obj
[teliks:ro] [371/402] Building C object zephyr/kernel/CMakeFiles/kernel.dir/busy_wait.c.obj
[teliks:rw] [27/402] Building C object CMakeFiles/app.dir/mnt/host/source/src/platform/ec/build/zephyr/teliks/modules/ec/common/base32.c.obj
[teliks:ro] [372/402] Building C object zephyr/kernel/CMakeFiles/kernel.dir/device.c.obj
[pujjogatwin:ro] [97/414] Linking C static library zephyr/arch/arch/arm/core/mpu/libarch__arm__core__mpu.a
[kyogre:rw] [95/392] Building C object zephyr/arch/arch/arm/core/cortex_m/CMakeFiles/arch__arm__core__cortex_m.dir/irq_init.c.obj
[pujjogatwin:ro] [98/414] Building C object zephyr/lib/libc/minimal/CMakeFiles/lib__libc__minimal.dir/source/stdlib/atoi.c.obj
[pujjogatwin:ro] [99/414] Building C object zephyr/lib/libc/minimal/CMakeFiles/lib__libc__minimal.dir/source/stdlib/strtol.c.obj
[pujjogatwin:ro] [100/414] Building C object zephyr/lib/libc/minimal/CMakeFiles/lib__libc__minimal.dir/source/stdlib/strtoul.c.obj
[pujjogatwin:ro] [101/414] Building C object zephyr/lib/libc/minimal/CMakeFiles/lib__libc__minimal.dir/source/stdlib/strtoll.c.obj
[teliks:ro] [373/402] Building C object CMakeFiles/app.dir/teliks/src/usbc.c.obj
[teliks:ro] [374/402] Linking C static library app/libapp.a
[teliks:ro] [375/402] Building C object zephyr/kernel/CMakeFiles/kernel.dir/errno.c.obj
[pujjogatwin:ro] [102/414] Building C object zephyr/lib/libc/minimal/CMakeFiles/lib__libc__minimal.dir/source/stdlib/strtoull.c.obj
[teliks:ro] [376/402] Building C object zephyr/kernel/CMakeFiles/kernel.dir/version.c.obj
[pujjogatwin:ro] [103/414] Building C object zephyr/lib/libc/minimal/CMakeFiles/lib__libc__minimal.dir/source/stdlib/bsearch.c.obj
[teliks:ro] [377/402] Building C object zephyr/kernel/CMakeFiles/kernel.dir/kheap.c.obj
[kyogre:ro] [28/392] Building C object CMakeFiles/app.dir/mnt/host/source/src/platform/ec/build/zephyr/kyogre/modules/ec/common/motion_sense_fifo.c.obj
[teliks:ro] [378/402] Building C object zephyr/kernel/CMakeFiles/kernel.dir/fatal.c.obj
[teliks:ro] [379/402] Building C object zephyr/kernel/CMakeFiles/kernel.dir/float.c.obj
[kyogre:rw] [96/392] Building C object zephyr/arch/arch/arm/core/cortex_m/CMakeFiles/arch__arm__core__cortex_m.dir/isr_wrapper.c.obj
[teliks:ro] [380/402] Building C object zephyr/kernel/CMakeFiles/kernel.dir/init.c.obj
[kyogre:rw] [97/392] Linking C static library zephyr/arch/arch/arm/core/cortex_m/libarch__arm__core__cortex_m.a
[teliks:ro] [381/402] Building C object zephyr/kernel/CMakeFiles/kernel.dir/mem_slab.c.obj
[pujjogatwin:ro] [104/414] Building C object zephyr/lib/libc/minimal/CMakeFiles/lib__libc__minimal.dir/source/stdlib/qsort.c.obj
[kyogre:rw] [98/392] Building C object zephyr/arch/arch/arm/core/mpu/CMakeFiles/arch__arm__core__mpu.dir/arm_core_mpu.c.obj
[teliks:rw] [28/402] Building C object CMakeFiles/app.dir/mnt/host/source/src/platform/ec/build/zephyr/teliks/modules/ec/common/console_output.c.obj
[teliks:ro] [382/402] Building C object zephyr/kernel/CMakeFiles/kernel.dir/idle.c.obj
[pujjogatwin:ro] [105/414] Building C object zephyr/lib/libc/minimal/CMakeFiles/lib__libc__minimal.dir/source/stdlib/exit.c.obj
[pujjogatwin:ro] [106/414] Building C object zephyr/lib/libc/minimal/CMakeFiles/lib__libc__minimal.dir/source/string/strerror.c.obj
[teliks:ro] [383/402] Building C object zephyr/kernel/CMakeFiles/kernel.dir/mailbox.c.obj
[/mnt/host/source/src/platform/ec/build/zephyr/kinmen-lcov]   /mnt/host/source/src/platform/ec/build/zephyr/kinmen/build-rw/modules/pigweed/pw_log_zephyr/CMakeFiles/pw_log_zephyr.dir/log_zephyr.cc.gcno:no functions found
[/mnt/host/source/src/platform/ec/build/zephyr/kinmen-lcov] stderr:
[teliks:ro] [384/402] Building C object zephyr/kernel/CMakeFiles/kernel.dir/msg_q.c.obj
[pujjogatwin:ro] [107/414] Building C object zephyr/lib/libc/minimal/CMakeFiles/lib__libc__minimal.dir/source/string/strstr.c.obj
[pujjogatwin:ro] [108/414] Building C object zephyr/lib/libc/minimal/CMakeFiles/lib__libc__minimal.dir/source/string/strncasecmp.c.obj
[teliks:ro] [385/402] Building C object zephyr/kernel/CMakeFiles/kernel.dir/sem.c.obj
[teliks:ro] [386/402] Building C object zephyr/kernel/CMakeFiles/kernel.dir/queue.c.obj
[teliks:ro] [387/402] Building C object zephyr/kernel/CMakeFiles/kernel.dir/stack.c.obj
[pujjogatwin:ro] [109/414] Building C object zephyr/lib/libc/minimal/CMakeFiles/lib__libc__minimal.dir/source/string/strspn.c.obj
[teliks:ro] [388/402] Building C object zephyr/kernel/CMakeFiles/kernel.dir/mutex.c.obj
[pujjogatwin:ro] [110/414] Building C object zephyr/lib/libc/minimal/CMakeFiles/lib__libc__minimal.dir/source/string/string.c.obj
[kyogre:rw] [99/392] Building C object zephyr/arch/arch/arm/core/mpu/CMakeFiles/arch__arm__core__mpu.dir/arm_mpu_regions.c.obj
[kyogre:rw] [100/392] Generating ../../../include/generated/libc/minimal/strerror_table.h
[/mnt/host/source/src/platform/ec/build/zephyr/kinmen-lcov]   /mnt/host/source/src/platform/ec/build/zephyr/kinmen/build-rw/modules/ec/zephyr/CMakeFiles/ec_shim.dir/shim/src/thermal.c.gcno:no functions found
[/mnt/host/source/src/platform/ec/build/zephyr/kinmen-lcov] stderr:
[kyogre:ro] [29/392] Building C object CMakeFiles/app.dir/mnt/host/source/src/platform/ec/build/zephyr/kyogre/modules/ec/common/adc.c.obj
[kyogre:rw] [101/392] Building C object zephyr/arch/arch/arm/core/mpu/CMakeFiles/arch__arm__core__mpu.dir/arm_mpu.c.obj
[kyogre:rw] [102/392] Building C object zephyr/lib/libc/minimal/CMakeFiles/lib__libc__minimal.dir/source/stdlib/atoi.c.obj
[kyogre:rw] [103/392] Linking C static library zephyr/arch/arch/arm/core/mpu/libarch__arm__core__mpu.a
[teliks:ro] [389/402] Building C object zephyr/kernel/CMakeFiles/kernel.dir/system_work_q.c.obj
[kyogre:rw] [104/392] Building C object zephyr/lib/libc/minimal/CMakeFiles/lib__libc__minimal.dir/source/stdlib/strtol.c.obj
[kyogre:rw] [105/392] Building C object zephyr/lib/libc/minimal/CMakeFiles/lib__libc__minimal.dir/source/stdlib/strtoul.c.obj
[teliks:ro] [390/402] Building C object zephyr/kernel/CMakeFiles/kernel.dir/condvar.c.obj
[/mnt/host/source/src/platform/ec/build/zephyr/kinmen-lcov]   /mnt/host/source/src/platform/ec/build/zephyr/kinmen/build-rw/modules/ec/zephyr/CMakeFiles/ec_shim.dir/shim/src/battery.c.gcno:no functions found
[/mnt/host/source/src/platform/ec/build/zephyr/kinmen-lcov] stderr:
[kyogre:rw] [106/392] Building C object zephyr/lib/libc/minimal/CMakeFiles/lib__libc__minimal.dir/source/stdlib/strtoll.c.obj
[/mnt/host/source/src/platform/ec/build/zephyr/craaskov-lcov]   /mnt/host/source/src/platform/ec/build/zephyr/craaskov/build-ro/CMakeFiles/app.dir/mnt/host/source/src/platform/ec/build/zephyr/craaskov/modules/ec/common/chargen.c.gcno:no functions found
[/mnt/host/source/src/platform/ec/build/zephyr/craaskov-lcov] stderr:
[teliks:rw] [29/402] Building C object CMakeFiles/app.dir/mnt/host/source/src/platform/ec/build/zephyr/teliks/modules/ec/common/ec_features.c.obj
[teliks:ro] [391/402] Building C object zephyr/kernel/CMakeFiles/kernel.dir/pipe.c.obj
[teliks:ro] [392/402] Building C object zephyr/kernel/CMakeFiles/kernel.dir/work.c.obj
[pujjogatwin:ro] [111/414] Building C object zephyr/lib/libc/minimal/CMakeFiles/lib__libc__minimal.dir/source/stdout/stdout_console.c.obj
[kyogre:rw] [107/392] Building C object zephyr/lib/libc/minimal/CMakeFiles/lib__libc__minimal.dir/source/stdlib/strtoull.c.obj
[teliks:ro] [393/402] Building C object zephyr/kernel/CMakeFiles/kernel.dir/thread.c.obj
[teliks:ro] [394/402] Building C object zephyr/kernel/CMakeFiles/kernel.dir/thread_monitor.c.obj
[pujjogatwin:ro] [112/414] Building C object zephyr/lib/libc/minimal/CMakeFiles/lib__libc__minimal.dir/source/stdout/sprintf.c.obj
[kyogre:rw] [108/392] Building C object zephyr/lib/libc/minimal/CMakeFiles/lib__libc__minimal.dir/source/stdlib/bsearch.c.obj
[teliks:ro] [395/402] Building C object zephyr/kernel/CMakeFiles/kernel.dir/sched.c.obj
[pujjogatwin:ro] [113/414] Building C object zephyr/lib/libc/minimal/CMakeFiles/lib__libc__minimal.dir/source/math/sqrtf.c.obj
[kyogre:rw] [109/392] Building C object zephyr/lib/libc/minimal/CMakeFiles/lib__libc__minimal.dir/source/stdlib/qsort.c.obj
[teliks:ro] [396/402] Building C object zephyr/kernel/CMakeFiles/kernel.dir/timeout.c.obj
[kyogre:ro] [30/392] Building C object CMakeFiles/app.dir/mnt/host/source/src/platform/ec/build/zephyr/kyogre/modules/ec/common/battery.c.obj
[teliks:ro] [397/402] Building C object zephyr/kernel/CMakeFiles/kernel.dir/timer.c.obj
[kyogre:rw] [110/392] Building C object zephyr/lib/libc/minimal/CMakeFiles/lib__libc__minimal.dir/source/string/strncasecmp.c.obj
[pujjogatwin:ro] [114/414] Building C object zephyr/lib/libc/minimal/CMakeFiles/lib__libc__minimal.dir/source/stdout/fprintf.c.obj
[pujjogatwin:ro] [115/414] Building C object zephyr/lib/libc/minimal/CMakeFiles/lib__libc__minimal.dir/source/math/sqrt.c.obj
[/mnt/host/source/src/platform/ec/build/zephyr/kinmen-lcov]   /mnt/host/source/src/platform/ec/build/zephyr/kinmen/build-rw/modules/ec/zephyr/CMakeFiles/ec_shim.dir/shim/src/charger.c.gcno:no functions found
[/mnt/host/source/src/platform/ec/build/zephyr/kinmen-lcov] stderr:
[kyogre:rw] [111/392] Building C object zephyr/lib/libc/minimal/CMakeFiles/lib__libc__minimal.dir/source/string/strstr.c.obj
[teliks:ro] [398/402] Building C object zephyr/kernel/CMakeFiles/kernel.dir/poll.c.obj
[teliks:ro] [399/402] Building C object zephyr/kernel/CMakeFiles/kernel.dir/dynamic_disabled.c.obj
[teliks:ro] [400/402] Building C object zephyr/kernel/CMakeFiles/kernel.dir/events.c.obj
[kyogre:rw] [112/392] Building C object zephyr/lib/libc/minimal/CMakeFiles/lib__libc__minimal.dir/source/string/strerror.c.obj
[teliks:ro] [401/402] Building C object zephyr/kernel/CMakeFiles/kernel.dir/mempool.c.obj
[teliks:rw] [30/402] Building C object CMakeFiles/app.dir/mnt/host/source/src/platform/ec/build/zephyr/teliks/modules/ec/common/gpio_commands.c.obj
[kyogre:rw] [113/392] Building C object zephyr/lib/libc/minimal/CMakeFiles/lib__libc__minimal.dir/source/stdlib/exit.c.obj
[kyogre:rw] [114/392] Building C object zephyr/lib/libc/minimal/CMakeFiles/lib__libc__minimal.dir/source/string/string.c.obj
[teliks:ro] [402/402] Linking C static library zephyr/kernel/libkernel.a
[kyogre:rw] [115/392] Building C object zephyr/lib/libc/minimal/CMakeFiles/lib__libc__minimal.dir/source/string/strspn.c.obj
Running (initial) lcov on /mnt/host/source/src/platform/ec/build/zephyr/pujjocento.
[kyogre:rw] [116/392] Building C object zephyr/lib/libc/minimal/CMakeFiles/lib__libc__minimal.dir/source/math/sqrtf.c.obj
Running `env -i PYTHONPATH=/usr/lib64/python-exec/python3.11:/mnt/host/source/src/platform/ec/zephyr/zmake:/usr/lib/python311.zip:/usr/lib/python3.11:/usr/lib/python3.11/lib-dynload:/usr/lib/python3.11/site-packages PW_PIGWEED_CIPD_INSTALL_DIR=/usr CROSTC_USER_ACKNOWLEDGES_THAT_RISCV_IS_EXPERIMENTAL=1 PATH=/mnt/host/source/chromite/bin:/usr/local/bin:/usr/bin:/bin:/opt/bin:/mnt/host/source/chromite/sdk/bin:/mnt/host/source/chromite/bin HOME=/home/jpmurphy JAVA_HOME=/etc/java-config-2/current-system-vm JDK_HOME=/etc/java-config-2/current-system-vm JAVAC=/etc/java-config-2/current-system-vm/bin/javac MAKEFLAGS=' -j16 --jobserver-auth=5,6' /usr/bin/lcov --gcov-tool /mnt/host/source/src/platform/ec/build/zephyr/pujjocento/build-rw/gcov.sh -q -o - -c -d /mnt/host/source/src/platform/ec/build/zephyr/pujjocento -t pujjocento --rc branch_coverage=1 --filter range --ignore-errors inconsistent,source --ignore-errors gcov,gcov -i`
[pujjogatwin:ro] [116/414] Building C object zephyr/lib/libc/minimal/CMakeFiles/lib__libc__minimal.dir/source/time/gmtime.c.obj
[pujjogatwin:ro] [117/414] Building C object zephyr/lib/libc/common/CMakeFiles/lib__libc__common.dir/source/stdlib/abort.c.obj
[pujjogatwin:ro] [118/414] Linking C static library zephyr/lib/libc/minimal/liblib__libc__minimal.a
[kyogre:ro] [31/392] Building C object CMakeFiles/app.dir/mnt/host/source/src/platform/ec/build/zephyr/kyogre/modules/ec/common/battery_info.c.obj
[kyogre:rw] [117/392] Building C object zephyr/lib/libc/minimal/CMakeFiles/lib__libc__minimal.dir/source/stdout/fprintf.c.obj
[kyogre:rw] [118/392] Building C object zephyr/lib/libc/minimal/CMakeFiles/lib__libc__minimal.dir/source/math/sqrt.c.obj
[kyogre:ro] [32/392] Building C object CMakeFiles/app.dir/mnt/host/source/src/platform/ec/build/zephyr/kyogre/modules/ec/common/battery_fuel_gauge.c.obj
[pujjogatwin:ro] [119/414] Building C object zephyr/lib/libc/common/CMakeFiles/lib__libc__common.dir/source/time/gmtime_r.c.obj
[teliks:rw] [31/402] Building C object CMakeFiles/app.dir/mnt/host/source/src/platform/ec/build/zephyr/teliks/modules/ec/common/peripheral.c.obj
[teliks:rw] [32/402] Building C object CMakeFiles/app.dir/mnt/host/source/src/platform/ec/build/zephyr/teliks/modules/ec/common/printf.c.obj
[kyogre:rw] [119/392] Building C object zephyr/lib/libc/minimal/CMakeFiles/lib__libc__minimal.dir/source/stdout/sprintf.c.obj
[kyogre:rw] [120/392] Building C object zephyr/lib/libc/minimal/CMakeFiles/lib__libc__minimal.dir/source/stdout/stdout_console.c.obj
[teliks:rw] [33/402] Building C object CMakeFiles/app.dir/mnt/host/source/src/platform/ec/build/zephyr/teliks/modules/ec/common/queue.c.obj
[kyogre:ro] [33/392] Building C object CMakeFiles/app.dir/mnt/host/source/src/platform/ec/build/zephyr/kyogre/modules/ec/driver/battery/smart.c.obj
[pujjogatwin:ro] [120/414] Building C object zephyr/lib/libc/common/CMakeFiles/lib__libc__common.dir/source/time/asctime.c.obj
[kyogre:rw] [121/392] Building C object zephyr/lib/libc/common/CMakeFiles/lib__libc__common.dir/source/time/gmtime_r.c.obj
[kyogre:rw] [122/392] Building C object zephyr/lib/libc/common/CMakeFiles/lib__libc__common.dir/source/time/asctime.c.obj
[pujjogatwin:ro] [121/414] Building C object zephyr/lib/libc/common/CMakeFiles/lib__libc__common.dir/source/time/localtime_r_utc.c.obj
[kyogre:rw] [123/392] Building C object zephyr/lib/libc/common/CMakeFiles/lib__libc__common.dir/source/time/localtime_r_utc.c.obj
[kyogre:rw] [124/392] Building C object zephyr/lib/libc/common/CMakeFiles/lib__libc__common.dir/source/time/ctime.c.obj
[pujjogatwin:ro] [122/414] Building C object zephyr/lib/libc/common/CMakeFiles/lib__libc__common.dir/source/time/ctime.c.obj
[kyogre:rw] [125/392] Building C object zephyr/lib/libc/common/CMakeFiles/lib__libc__common.dir/source/time/time.c.obj
[pujjogatwin:ro] [123/414] Building C object zephyr/lib/libc/common/CMakeFiles/lib__libc__common.dir/source/time/time.c.obj
[kyogre:rw] [126/392] Building C object zephyr/lib/libc/minimal/CMakeFiles/lib__libc__minimal.dir/source/time/gmtime.c.obj
[kyogre:rw] [127/392] Building C object zephyr/lib/libc/common/CMakeFiles/lib__libc__common.dir/source/stdlib/abort.c.obj
[pujjogatwin:ro] [124/414] Building C object zephyr/lib/libc/common/CMakeFiles/lib__libc__common.dir/source/string/strnlen.c.obj
[/mnt/host/source/src/platform/ec/build/zephyr/kinmen-lcov]   /mnt/host/source/src/platform/ec/build/zephyr/kinmen/build-rw/modules/ec/zephyr/CMakeFiles/ec_shim.dir/shim/src/usba.c.gcno:no functions found
[/mnt/host/source/src/platform/ec/build/zephyr/kinmen-lcov] stderr:
[kyogre:rw] [128/392] Linking C static library zephyr/lib/libc/minimal/liblib__libc__minimal.a
[kyogre:rw] [129/392] Building C object zephyr/lib/libc/common/CMakeFiles/lib__libc__common.dir/source/string/strnlen.c.obj
[teliks:rw] [34/402] Building C object CMakeFiles/app.dir/mnt/host/source/src/platform/ec/build/zephyr/teliks/modules/ec/common/system_boot_time.c.obj
[kyogre:rw] [130/392] Building C object zephyr/lib/posix/c_lib_ext/CMakeFiles/lib__posix__c_lib_ext.dir/fnmatch.c.obj
[pujjogatwin:ro] [125/414] Building C object zephyr/lib/posix/c_lib_ext/CMakeFiles/lib__posix__c_lib_ext.dir/fnmatch.c.obj
[kyogre:ro] [34/392] Building C object CMakeFiles/app.dir/mnt/host/source/src/platform/ec/build/zephyr/kyogre/modules/ec/common/charger.c.obj
[kyogre:ro] [35/392] Building C object CMakeFiles/app.dir/mnt/host/source/src/platform/ec/build/zephyr/kyogre/modules/ec/driver/charger/isl923x.c.obj
[teliks:rw] [35/402] Building C object CMakeFiles/app.dir/mnt/host/source/src/platform/ec/build/zephyr/teliks/modules/ec/common/uart_printf.c.obj
[kyogre:rw] [131/392] Building C object zephyr/subsys/crc/CMakeFiles/subsys__crc.dir/crc4_sw.c.obj
[teliks:rw] [36/402] Building C object CMakeFiles/app.dir/mnt/host/source/src/platform/ec/build/zephyr/teliks/modules/ec/common/system.c.obj
[kyogre:rw] [132/392] Building C object zephyr/subsys/crc/CMakeFiles/subsys__crc.dir/crc8_sw.c.obj
[kyogre:ro] [36/392] Building C object CMakeFiles/app.dir/mnt/host/source/src/platform/ec/build/zephyr/kyogre/modules/ec/common/charge_state.c.obj
[/mnt/host/source/src/platform/ec/build/zephyr/pujjocento-lcov] geninfo: WARNING: using JSON module "JSON::PP" - which is much slower than some alternatives.  Consider installing one of JSON::XS or Cpanel::JSON::XS
[kyogre:rw] [133/392] Building C object zephyr/lib/libc/common/CMakeFiles/lib__libc__common.dir/source/stdlib/malloc.c.obj
[pujjogatwin:ro] [126/414] Building C object zephyr/lib/libc/common/CMakeFiles/lib__libc__common.dir/source/stdlib/malloc.c.obj
[kyogre:rw] [134/392] Building C object zephyr/subsys/crc/CMakeFiles/subsys__crc.dir/crc16_sw.c.obj
[kyogre:rw] [135/392] Linking C static library zephyr/lib/libc/common/liblib__libc__common.a
[pujjogatwin:ro] [127/414] Linking C static library zephyr/lib/libc/common/liblib__libc__common.a
[kyogre:rw] [136/392] Building C object zephyr/subsys/crc/CMakeFiles/subsys__crc.dir/crc7_sw.c.obj
[kyogre:rw] [137/392] Building C object zephyr/lib/posix/c_lib_ext/CMakeFiles/lib__posix__c_lib_ext.dir/getentropy.c.obj
[kyogre:rw] [138/392] Building C object zephyr/subsys/crc/CMakeFiles/subsys__crc.dir/crc24_sw.c.obj
[kyogre:rw] [139/392] Building C object zephyr/lib/posix/c_lib_ext/CMakeFiles/lib__posix__c_lib_ext.dir/getopt_shim.c.obj
[kyogre:rw] [140/392] Building C object zephyr/subsys/crc/CMakeFiles/subsys__crc.dir/crc32c_sw.c.obj
[kyogre:rw] [141/392] Building C object zephyr/subsys/crc/CMakeFiles/subsys__crc.dir/crc32k_4_2_sw.c.obj
[kyogre:rw] [142/392] Building C object zephyr/subsys/crc/CMakeFiles/subsys__crc.dir/crc32_sw.c.obj
[teliks:rw] [37/402] Building C object CMakeFiles/app.dir/mnt/host/source/src/platform/ec/build/zephyr/teliks/modules/ec/common/util.c.obj
[pujjogatwin:ro] [128/414] Building C object zephyr/lib/posix/c_lib_ext/CMakeFiles/lib__posix__c_lib_ext.dir/getentropy.c.obj
[kyogre:rw] [143/392] Linking C static library zephyr/lib/posix/c_lib_ext/liblib__posix__c_lib_ext.a
[kyogre:rw] [144/392] Linking C static library zephyr/subsys/crc/libsubsys__crc.a
[pujjogatwin:ro] [129/414] Building C object zephyr/subsys/crc/CMakeFiles/subsys__crc.dir/crc4_sw.c.obj
[kyogre:ro] [37/392] Building C object CMakeFiles/app.dir/mnt/host/source/src/platform/ec/build/zephyr/kyogre/modules/ec/common/cbi_common.c.obj
[pujjogatwin:ro] [130/414] Building C object zephyr/subsys/crc/CMakeFiles/subsys__crc.dir/crc8_sw.c.obj
[teliks:rw] [38/402] Building C object CMakeFiles/app.dir/mnt/host/source/src/platform/ec/build/zephyr/teliks/modules/ec/common/version.c.obj
[pujjogatwin:ro] [131/414] Building C object zephyr/subsys/crc/CMakeFiles/subsys__crc.dir/crc16_sw.c.obj
[pujjogatwin:ro] [132/414] Building C object zephyr/lib/posix/c_lib_ext/CMakeFiles/lib__posix__c_lib_ext.dir/getopt_shim.c.obj
[teliks:rw] [39/402] Building C object CMakeFiles/app.dir/mnt/host/source/src/platform/ec/build/zephyr/teliks/modules/ec/common/power_button_x86.c.obj
[kyogre:ro] [38/392] Building C object CMakeFiles/app.dir/mnt/host/source/src/platform/ec/build/zephyr/kyogre/modules/ec/common/cbi.c.obj
[pujjogatwin:ro] [133/414] Building C object zephyr/subsys/crc/CMakeFiles/subsys__crc.dir/crc7_sw.c.obj
[kyogre:ro] [39/392] Building C object CMakeFiles/app.dir/mnt/host/source/src/platform/ec/build/zephyr/kyogre/modules/ec/common/charge_manager.c.obj
[pujjogatwin:ro] [134/414] Linking C static library zephyr/lib/posix/c_lib_ext/liblib__posix__c_lib_ext.a
[/mnt/host/source/src/platform/ec/build/zephyr/kinmen-lcov]   /mnt/host/source/src/platform/ec/build/zephyr/kinmen/build-rw/modules/ec/zephyr/CMakeFiles/ec_shim.dir/drivers/keyboard_input/keyboard_customization_check.c.gcno:no functions found
[/mnt/host/source/src/platform/ec/build/zephyr/kinmen-lcov] stderr:
[pujjogatwin:ro] [135/414] Building C object zephyr/subsys/crc/CMakeFiles/subsys__crc.dir/crc24_sw.c.obj
[kyogre:rw] [145/392] Building C object zephyr/drivers/adc/CMakeFiles/drivers__adc.dir/adc_common.c.obj
[pujjogatwin:ro] [136/414] Building C object zephyr/subsys/crc/CMakeFiles/subsys__crc.dir/crc32c_sw.c.obj
[kyogre:rw] [146/392] Building C object zephyr/drivers/bbram/CMakeFiles/drivers__bbram.dir/bbram_npcx.c.obj
[pujjogatwin:ro] [137/414] Building C object zephyr/subsys/crc/CMakeFiles/subsys__crc.dir/crc32_sw.c.obj
[pujjogatwin:ro] [138/414] Building C object zephyr/subsys/crc/CMakeFiles/subsys__crc.dir/crc32k_4_2_sw.c.obj
[kyogre:rw] [147/392] Building C object zephyr/drivers/interrupt_controller/CMakeFiles/drivers__interrupt_controller.dir/intc_miwu.c.obj
[kyogre:rw] [148/392] Linking C static library zephyr/drivers/bbram/libdrivers__bbram.a
[pujjogatwin:ro] [139/414] Linking C static library zephyr/subsys/crc/libsubsys__crc.a
[kyogre:rw] [149/392] Linking C static library zephyr/drivers/interrupt_controller/libdrivers__interrupt_controller.a
[kyogre:rw] [150/392] Building C object zephyr/drivers/adc/CMakeFiles/drivers__adc.dir/adc_npcx.c.obj
[teliks:rw] [40/402] Building C object CMakeFiles/app.dir/mnt/host/source/src/platform/ec/build/zephyr/teliks/modules/ec/driver/accel_bma4xx.c.obj
[kyogre:rw] [151/392] Linking C static library zephyr/drivers/adc/libdrivers__adc.a
[kyogre:ro] [40/392] Building C object CMakeFiles/app.dir/mnt/host/source/src/platform/ec/build/zephyr/kyogre/modules/ec/common/cbi_config.c.obj
[teliks:rw] [41/402] Building C object CMakeFiles/app.dir/mnt/host/source/src/platform/ec/build/zephyr/teliks/modules/ec/driver/accel_lis2dw12.c.obj
[kyogre:rw] [152/392] Building C object zephyr/drivers/clock_control/CMakeFiles/drivers__clock_control.dir/clock_control_npcx.c.obj
[kyogre:ro] [41/392] Building C object CMakeFiles/app.dir/mnt/host/source/src/platform/ec/build/zephyr/kyogre/modules/ec/common/memory_commands.c.obj
[teliks:rw] [42/402] Building C object CMakeFiles/app.dir/mnt/host/source/src/platform/ec/build/zephyr/teliks/modules/ec/driver/accelgyro_bmi_common.c.obj
[kyogre:rw] [153/392] Linking C static library zephyr/drivers/clock_control/libdrivers__clock_control.a
[kyogre:ro] [42/392] Building C object CMakeFiles/app.dir/mnt/host/source/src/platform/ec/build/zephyr/kyogre/modules/ec/common/chipset.c.obj
[kyogre:rw] [154/392] Building C object zephyr/drivers/console/CMakeFiles/drivers__console.dir/uart_console.c.obj
[/mnt/host/source/src/platform/ec/build/zephyr/craaskov-lcov]   /mnt/host/source/src/platform/ec/build/zephyr/craaskov/build-ro/CMakeFiles/app.dir/mnt/host/source/src/platform/ec/build/zephyr/craaskov/modules/ec/common/cbi_config.c.gcno:no functions found
[/mnt/host/source/src/platform/ec/build/zephyr/craaskov-lcov] stderr:
[pujjogatwin:ro] [140/414] Building C object zephyr/drivers/interrupt_controller/CMakeFiles/drivers__interrupt_controller.dir/intc_miwu.c.obj
[kyogre:rw] [155/392] Building C object zephyr/drivers/eeprom/CMakeFiles/drivers__eeprom.dir/eeprom_shell.c.obj
[pujjogatwin:ro] [141/414] Building C object zephyr/drivers/adc/CMakeFiles/drivers__adc.dir/adc_common.c.obj
[kyogre:rw] [156/392] Linking C static library zephyr/drivers/console/libdrivers__console.a
[pujjogatwin:ro] [142/414] Linking C static library zephyr/drivers/interrupt_controller/libdrivers__interrupt_controller.a
[kyogre:rw] [157/392] Building C object zephyr/drivers/eeprom/CMakeFiles/drivers__eeprom.dir/eeprom_at2x.c.obj
[teliks:rw] [43/402] Building C object CMakeFiles/app.dir/mnt/host/source/src/platform/ec/build/zephyr/teliks/modules/ec/driver/accelgyro_bmi3xx.c.obj
[kyogre:rw] [158/392] Linking C static library zephyr/drivers/eeprom/libdrivers__eeprom.a
[kyogre:ro] [43/392] Building C object CMakeFiles/app.dir/mnt/host/source/src/platform/ec/build/zephyr/kyogre/modules/ec/common/ap_reset_log.c.obj
[teliks:rw] [44/402] Building C object CMakeFiles/app.dir/mnt/host/source/src/platform/ec/build/zephyr/teliks/modules/ec/driver/accelgyro_icm_common.c.obj
[kyogre:rw] [159/392] Building C object zephyr/drivers/flash/CMakeFiles/drivers__flash.dir/jesd216.c.obj
[/mnt/host/source/src/platform/ec/build/zephyr/pujjocento-lcov] stderr:
[/mnt/host/source/src/platform/ec/build/zephyr/kinmen-lcov]   /mnt/host/source/src/platform/ec/build/zephyr/kinmen/build-rw/modules/ec/zephyr/drivers/pw_transport/CMakeFiles/pw_transport.proto.nanopb.dir/pw_transport.proto/nanopb/pw_transport/proto/transport.pb.c.gcno:no functions found
[/mnt/host/source/src/platform/ec/build/zephyr/kinmen-lcov] stderr:
[kyogre:ro] [44/392] Building C object CMakeFiles/app.dir/mnt/host/source/src/platform/ec/build/zephyr/kyogre/modules/ec/common/extpower_common.c.obj
[kyogre:ro] [45/392] Building C object CMakeFiles/app.dir/mnt/host/source/src/platform/ec/build/zephyr/kyogre/modules/ec/common/extpower_gpio.c.obj
[teliks:rw] [45/402] Building C object CMakeFiles/app.dir/mnt/host/source/src/platform/ec/build/zephyr/teliks/modules/ec/driver/accelgyro_icm42607.c.obj
[kyogre:rw] [160/392] Building C object zephyr/drivers/flash/CMakeFiles/drivers__flash.dir/flash_npcx_fiu_nor.c.obj
[kyogre:rw] [161/392] Building C object zephyr/drivers/flash/CMakeFiles/drivers__flash.dir/flash_npcx_fiu_qspi.c.obj
[pujjogatwin:ro] [143/414] Building C object zephyr/drivers/bbram/CMakeFiles/drivers__bbram.dir/bbram_npcx.c.obj
[kyogre:rw] [162/392] Linking C static library zephyr/drivers/flash/libdrivers__flash.a
[/mnt/host/source/src/platform/ec/build/zephyr/pujjocento-lcov]   /mnt/host/source/src/platform/ec/build/zephyr/pujjocento/build-ro/modules/ec/zephyr/CMakeFiles/ec_shim.dir/shim/src/thermal.c.gcno:no functions found
[/mnt/host/source/src/platform/ec/build/zephyr/pujjocento-lcov] stderr:
[pujjogatwin:ro] [144/414] Building C object zephyr/drivers/adc/CMakeFiles/drivers__adc.dir/adc_npcx.c.obj
[pujjogatwin:ro] [145/414] Linking C static library zephyr/drivers/bbram/libdrivers__bbram.a
[pujjogatwin:ro] [146/414] Linking C static library zephyr/drivers/adc/libdrivers__adc.a
[/mnt/host/source/src/platform/ec/build/zephyr/karis-lcov]   /mnt/host/source/src/platform/ec/build/zephyr/karis/build-rw/CMakeFiles/app.dir/mnt/host/source/src/platform/ec/build/zephyr/karis/modules/ec/common/usb_pd_pdo.c.gcno:no functions found
[/mnt/host/source/src/platform/ec/build/zephyr/karis-lcov] stderr:
[/mnt/host/source/src/platform/ec/build/zephyr/pujjocento-lcov]   /mnt/host/source/src/platform/ec/build/zephyr/pujjocento/build-ro/modules/ec/zephyr/CMakeFiles/ec_shim.dir/shim/src/battery.c.gcno:no functions found
[/mnt/host/source/src/platform/ec/build/zephyr/pujjocento-lcov] stderr:
[kyogre:rw] [163/392] Building C object zephyr/drivers/gpio/CMakeFiles/drivers__gpio.dir/gpio_npcx.c.obj
[teliks:rw] [46/402] Building C object CMakeFiles/app.dir/mnt/host/source/src/platform/ec/build/zephyr/teliks/modules/ec/driver/accelgyro_lsm6dsm.c.obj
[kyogre:ro] [46/392] Building C object CMakeFiles/app.dir/mnt/host/source/src/platform/ec/build/zephyr/kyogre/modules/ec/common/flash.c.obj
[kyogre:rw] [164/392] Linking C static library zephyr/drivers/gpio/libdrivers__gpio.a
[kyogre:rw] [165/392] Building C object zephyr/drivers/i2c/CMakeFiles/drivers__i2c.dir/i2c_common.c.obj
[/mnt/host/source/src/platform/ec/build/zephyr/craaskov-lcov]   /mnt/host/source/src/platform/ec/build/zephyr/craaskov/build-ro/zephyr/arch/arch/arm/core/mpu/CMakeFiles/arch__arm__core__mpu.dir/arm_mpu_regions.c.gcno:no functions found
[/mnt/host/source/src/platform/ec/build/zephyr/craaskov-lcov] stderr:
[teliks:rw] [47/402] Building C object CMakeFiles/app.dir/mnt/host/source/src/platform/ec/build/zephyr/teliks/modules/ec/common/motion_sense_fifo.c.obj
[kyogre:ro] [47/392] Building C object CMakeFiles/app.dir/mnt/host/source/src/platform/ec/build/zephyr/kyogre/modules/ec/common/host_command.c.obj
[kyogre:rw] [166/392] Building C object zephyr/drivers/i2c/CMakeFiles/drivers__i2c.dir/i2c_shell.c.obj
[kyogre:ro] [48/392] Building C object CMakeFiles/app.dir/mnt/host/source/src/platform/ec/build/zephyr/kyogre/modules/ec/common/host_command_task.c.obj
[kyogre:rw] [167/392] Building C object zephyr/drivers/i2c/CMakeFiles/drivers__i2c.dir/i2c_npcx_controller.c.obj
[teliks:rw] [48/402] Building C object CMakeFiles/app.dir/mnt/host/source/src/platform/ec/build/zephyr/teliks/modules/ec/common/adc.c.obj
[pujjogatwin:ro] [147/414] Building C object zephyr/drivers/clock_control/CMakeFiles/drivers__clock_control.dir/clock_control_npcx.c.obj
[pujjogatwin:ro] [148/414] Building C object zephyr/drivers/console/CMakeFiles/drivers__console.dir/uart_console.c.obj
[/mnt/host/source/src/platform/ec/build/zephyr/pujjocento-lcov]   /mnt/host/source/src/platform/ec/build/zephyr/pujjocento/build-ro/modules/ec/zephyr/CMakeFiles/ec_shim.dir/shim/src/charger.c.gcno:no functions found
[/mnt/host/source/src/platform/ec/build/zephyr/pujjocento-lcov] stderr:
[pujjogatwin:ro] [149/414] Linking C static library zephyr/drivers/clock_control/libdrivers__clock_control.a
[pujjogatwin:ro] [150/414] Linking C static library zephyr/drivers/console/libdrivers__console.a
[kyogre:rw] [168/392] Building C object zephyr/drivers/i2c/CMakeFiles/drivers__i2c.dir/i2c_npcx_controller_fifo.c.obj
[kyogre:rw] [169/392] Building C object zephyr/drivers/pinctrl/CMakeFiles/drivers__pinctrl.dir/common.c.obj
[kyogre:rw] [170/392] Building C object zephyr/drivers/i2c/CMakeFiles/drivers__i2c.dir/i2c_npcx_port.c.obj
[teliks:rw] [49/402] Building C object CMakeFiles/app.dir/mnt/host/source/src/platform/ec/build/zephyr/teliks/modules/ec/common/acpi.c.obj
[/mnt/host/source/src/platform/ec/build/zephyr/craaskov-lcov]   /mnt/host/source/src/platform/ec/build/zephyr/craaskov/build-ro/zephyr/arch/common/CMakeFiles/isr_tables.dir/isr_tables.c.gcno:no functions found
[/mnt/host/source/src/platform/ec/build/zephyr/craaskov-lcov] stderr:
[teliks:rw] [50/402] Building C object CMakeFiles/app.dir/mnt/host/source/src/platform/ec/build/zephyr/teliks/modules/ec/common/backlight_lid.c.obj
[kyogre:rw] [171/392] Linking C static library zephyr/drivers/i2c/libdrivers__i2c.a
[kyogre:ro] [49/392] Building C object CMakeFiles/app.dir/mnt/host/source/src/platform/ec/build/zephyr/kyogre/modules/ec/common/host_event_commands.c.obj
[kyogre:rw] [172/392] Building C object zephyr/drivers/pinctrl/CMakeFiles/drivers__pinctrl.dir/pinctrl_npcx.c.obj
[kyogre:ro] [50/392] Building C object CMakeFiles/app.dir/mnt/host/source/src/platform/ec/build/zephyr/kyogre/modules/ec/common/uart_hostcmd.c.obj
[kyogre:rw] [173/392] Linking C static library zephyr/drivers/pinctrl/libdrivers__pinctrl.a
[pujjogatwin:ro] [151/414] Building C object zephyr/drivers/eeprom/CMakeFiles/drivers__eeprom.dir/eeprom_shell.c.obj
[kyogre:ro] [51/392] Building C object CMakeFiles/app.dir/mnt/host/source/src/platform/ec/build/zephyr/kyogre/modules/ec/common/uptime.c.obj
[pujjogatwin:ro] [152/414] Building C object zephyr/drivers/eeprom/CMakeFiles/drivers__eeprom.dir/eeprom_at2x.c.obj
[kyogre:rw] [174/392] Building C object zephyr/drivers/pwm/CMakeFiles/drivers__pwm.dir/pwm_shell.c.obj
[teliks:rw] [51/402] Building C object CMakeFiles/app.dir/mnt/host/source/src/platform/ec/build/zephyr/teliks/modules/ec/common/battery.c.obj
[pujjogatwin:ro] [153/414] Linking C static library zephyr/drivers/eeprom/libdrivers__eeprom.a
[kyogre:rw] [175/392] Building C object zephyr/drivers/pwm/CMakeFiles/drivers__pwm.dir/pwm_npcx.c.obj
[kyogre:rw] [176/392] Linking C static library zephyr/drivers/pwm/libdrivers__pwm.a
[teliks:rw] [52/402] Building C object CMakeFiles/app.dir/mnt/host/source/src/platform/ec/build/zephyr/teliks/modules/ec/common/battery_info.c.obj
[kyogre:rw] [177/392] Building C object zephyr/drivers/serial/CMakeFiles/drivers__serial.dir/uart_npcx.c.obj
[teliks:rw] [53/402] Building C object CMakeFiles/app.dir/mnt/host/source/src/platform/ec/build/zephyr/teliks/modules/ec/common/battery_fuel_gauge.c.obj
[kyogre:rw] [178/392] Linking C static library zephyr/drivers/serial/libdrivers__serial.a
[kyogre:rw] [179/392] Building C object zephyr/drivers/syscon/CMakeFiles/drivers__syscon.dir/syscon.c.obj
[kyogre:ro] [52/392] Building C object CMakeFiles/app.dir/mnt/host/source/src/platform/ec/build/zephyr/kyogre/modules/ec/common/i2c_controller.c.obj
[kyogre:rw] [180/392] Linking C static library zephyr/drivers/syscon/libdrivers__syscon.a
[kyogre:ro] [53/392] Building C object CMakeFiles/app.dir/mnt/host/source/src/platform/ec/build/zephyr/kyogre/modules/ec/common/i2c_passthru.c.obj
[kyogre:ro] [54/392] Building C object CMakeFiles/app.dir/mnt/host/source/src/platform/ec/build/zephyr/kyogre/modules/ec/common/virtual_battery.c.obj
[kyogre:rw] [181/392] Building C object zephyr/drivers/timer/CMakeFiles/drivers__timer.dir/sys_clock_init.c.obj
[pujjogatwin:ro] [154/414] Building C object zephyr/drivers/espi/CMakeFiles/drivers__espi.dir/espi_npcx.c.obj
[/mnt/host/source/src/platform/ec/build/zephyr/pujjocento-lcov]   /mnt/host/source/src/platform/ec/build/zephyr/pujjocento/build-ro/modules/ec/zephyr/CMakeFiles/ec_shim.dir/shim/src/usba.c.gcno:no functions found
[/mnt/host/source/src/platform/ec/build/zephyr/pujjocento-lcov] stderr:
[pujjogatwin:ro] [155/414] Building C object zephyr/drivers/espi/CMakeFiles/drivers__espi.dir/host_subs_npcx.c.obj
[pujjogatwin:ro] [156/414] Linking C static library zephyr/drivers/espi/libdrivers__espi.a
[teliks:rw] [54/402] Building C object CMakeFiles/app.dir/mnt/host/source/src/platform/ec/build/zephyr/teliks/modules/ec/driver/battery/smart.c.obj
[kyogre:rw] [182/392] Building C object zephyr/drivers/timer/CMakeFiles/drivers__timer.dir/npcx_itim_timer.c.obj
[kyogre:rw] [183/392] Linking C static library zephyr/drivers/timer/libdrivers__timer.a
[kyogre:rw] [184/392] Building C object zephyr/drivers/watchdog/CMakeFiles/drivers__watchdog.dir/wdt_npcx.c.obj
[teliks:rw] [55/402] Building C object CMakeFiles/app.dir/mnt/host/source/src/platform/ec/build/zephyr/teliks/modules/ec/common/charger.c.obj
[kyogre:rw] [185/392] Building C object zephyr/drivers/watchdog/CMakeFiles/drivers__watchdog.dir/wdt_shell.c.obj
[teliks:rw] [56/402] Building C object CMakeFiles/app.dir/mnt/host/source/src/platform/ec/build/zephyr/teliks/modules/ec/driver/charger/bq25710.c.obj
[kyogre:rw] [186/392] Linking C static library zephyr/drivers/watchdog/libdrivers__watchdog.a
[pujjogatwin:ro] [157/414] Building C object zephyr/drivers/flash/CMakeFiles/drivers__flash.dir/jesd216.c.obj
[kyogre:ro] [55/392] Building C object CMakeFiles/app.dir/mnt/host/source/src/platform/ec/build/zephyr/kyogre/modules/ec/common/keyboard_scan.c.obj
[kyogre:ro] [56/392] Building C object CMakeFiles/app.dir/mnt/host/source/src/platform/ec/build/zephyr/kyogre/modules/ec/common/mkbp_info.c.obj
[kyogre:ro] [57/392] Building C object CMakeFiles/app.dir/mnt/host/source/src/platform/ec/build/zephyr/kyogre/modules/ec/common/mkbp_fifo.c.obj
[kyogre:rw] [187/392] Building C object modules/ec/zephyr/CMakeFiles/ec_shim.dir/app/ec/ec_app_main.c.obj
[pujjogatwin:ro] [158/414] Building C object zephyr/drivers/flash/CMakeFiles/drivers__flash.dir/flash_npcx_fiu_nor.c.obj
[kyogre:rw] [188/392] Building C object modules/ec/zephyr/CMakeFiles/ec_shim.dir/app/ec/main_shim.c.obj
[teliks:rw] [57/402] Building C object CMakeFiles/app.dir/mnt/host/source/src/platform/ec/build/zephyr/teliks/modules/ec/common/charge_state.c.obj
[teliks:rw] [58/402] Building C object CMakeFiles/app.dir/mnt/host/source/src/platform/ec/build/zephyr/teliks/modules/ec/common/cbi_common.c.obj
[kyogre:rw] [189/392] Building C object modules/ec/zephyr/CMakeFiles/ec_shim.dir/drivers/cros_flash/cros_flash_npcx.c.obj
[kyogre:rw] [190/392] Building C object modules/ec/zephyr/CMakeFiles/ec_shim.dir/drivers/cros_kb_raw/cros_kb_raw_npcx.c.obj
[pujjogatwin:ro] [159/414] Building C object zephyr/drivers/flash/CMakeFiles/drivers__flash.dir/flash_npcx_fiu_qspi.c.obj
[kyogre:ro] [58/392] Building C object CMakeFiles/app.dir/mnt/host/source/src/platform/ec/build/zephyr/kyogre/modules/ec/common/keyboard_mkbp.c.obj
[pujjogatwin:ro] [160/414] Linking C static library zephyr/drivers/flash/libdrivers__flash.a
[teliks:rw] [59/402] Building C object CMakeFiles/app.dir/mnt/host/source/src/platform/ec/build/zephyr/teliks/modules/ec/common/charge_manager.c.obj
[kyogre:ro] [59/392] Building C object CMakeFiles/app.dir/mnt/host/source/src/platform/ec/build/zephyr/kyogre/modules/ec/common/led_common.c.obj
[kyogre:ro] [60/392] Building C object CMakeFiles/app.dir/mnt/host/source/src/platform/ec/build/zephyr/kyogre/modules/ec/common/mkbp_input_devices.c.obj
[kyogre:rw] [191/392] Building C object modules/ec/zephyr/CMakeFiles/ec_shim.dir/drivers/cros_shi/cros_shi_npcx.c.obj
[pujjogatwin:ro] [161/414] Building C object zephyr/drivers/gpio/CMakeFiles/drivers__gpio.dir/gpio_nct38xx.c.obj
[teliks:rw] [60/402] Building C object CMakeFiles/app.dir/mnt/host/source/src/platform/ec/build/zephyr/teliks/modules/ec/common/cbi_config.c.obj
[kyogre:rw] [192/392] Building C object modules/ec/zephyr/CMakeFiles/ec_shim.dir/drivers/cros_system/cros_system_npcx.c.obj
[kyogre:rw] [193/392] Building C object modules/ec/zephyr/CMakeFiles/ec_shim.dir/shim/chip/npcx/clock.c.obj
[teliks:rw] [61/402] Building C object CMakeFiles/app.dir/mnt/host/source/src/platform/ec/build/zephyr/teliks/modules/ec/common/cbi.c.obj
[/mnt/host/source/src/platform/ec/build/zephyr/craaskov-lcov]   /mnt/host/source/src/platform/ec/build/zephyr/craaskov/build-ro/zephyr/CMakeFiles/zephyr.dir/subsys/shell/modules/kernel_service/kernel_shell.c.gcno:no functions found
[/mnt/host/source/src/platform/ec/build/zephyr/craaskov-lcov] stderr:
[kyogre:rw] [194/392] Building C object modules/ec/zephyr/CMakeFiles/ec_shim.dir/shim/chip/npcx/gpio.c.obj
[/mnt/host/source/src/platform/ec/build/zephyr/craaskov-lcov]   /mnt/host/source/src/platform/ec/build/zephyr/craaskov/build-ro/zephyr/CMakeFiles/zephyr.dir/lib/libc/validate_libc.c.gcno:no functions found
[/mnt/host/source/src/platform/ec/build/zephyr/craaskov-lcov] stderr:
[/mnt/host/source/src/platform/ec/build/zephyr/karis-lcov]   /mnt/host/source/src/platform/ec/build/zephyr/karis/build-rw/CMakeFiles/app.dir/mnt/host/source/src/platform/ec/build/zephyr/karis/modules/ec/common/cbi_config.c.gcno:no functions found
[/mnt/host/source/src/platform/ec/build/zephyr/karis-lcov] stderr:
[pujjogatwin:ro] [162/414] Building C object zephyr/drivers/gpio/CMakeFiles/drivers__gpio.dir/gpio_nct38xx_port.c.obj
[kyogre:ro] [61/392] Building C object CMakeFiles/app.dir/mnt/host/source/src/platform/ec/build/zephyr/kyogre/modules/ec/common/motion_lid.c.obj
[kyogre:rw] [195/392] Building C object modules/ec/zephyr/CMakeFiles/ec_shim.dir/shim/chip/npcx/rom_chip.c.obj
[kyogre:ro] [62/392] Building C object CMakeFiles/app.dir/mnt/host/source/src/platform/ec/build/zephyr/kyogre/modules/ec/common/lid_angle_keyboard_policy.c.obj
[teliks:rw] [62/402] Building C object CMakeFiles/app.dir/mnt/host/source/src/platform/ec/build/zephyr/teliks/modules/ec/common/memory_commands.c.obj
[kyogre:ro] [63/392] Building C object CMakeFiles/app.dir/mnt/host/source/src/platform/ec/build/zephyr/kyogre/modules/ec/common/lid_angle.c.obj
[pujjogatwin:ro] [163/414] Building C object zephyr/drivers/gpio/CMakeFiles/drivers__gpio.dir/gpio_npcx.c.obj
[teliks:rw] [63/402] Building C object CMakeFiles/app.dir/mnt/host/source/src/platform/ec/build/zephyr/teliks/modules/ec/common/dptf.c.obj
[pujjogatwin:ro] [164/414] Linking C static library zephyr/drivers/gpio/libdrivers__gpio.a
[kyogre:rw] [196/392] Building C object modules/ec/zephyr/CMakeFiles/ec_shim.dir/shim/chip/npcx/keyboard_raw.c.obj
[kyogre:rw] [197/392] Building C object modules/ec/zephyr/CMakeFiles/ec_shim.dir/shim/chip/npcx/shi.c.obj
[teliks:rw] [64/402] Building C object CMakeFiles/app.dir/mnt/host/source/src/platform/ec/build/zephyr/teliks/modules/ec/common/ap_reset_log.c.obj
[pujjogatwin:ro] [165/414] Building C object zephyr/drivers/i2c/CMakeFiles/drivers__i2c.dir/i2c_common.c.obj
[kyogre:rw] [198/392] Building C object modules/ec/zephyr/CMakeFiles/ec_shim.dir/shim/chip/npcx/system.c.obj
[kyogre:ro] [64/392] Building C object CMakeFiles/app.dir/mnt/host/source/src/platform/ec/build/zephyr/kyogre/modules/ec/common/mkbp_event.c.obj
[teliks:rw] [65/402] Building C object CMakeFiles/app.dir/mnt/host/source/src/platform/ec/build/zephyr/teliks/modules/ec/common/espi.c.obj
[kyogre:rw] [199/392] Building C object modules/ec/zephyr/CMakeFiles/ec_shim.dir/shim/chip/npcx/system_external_storage.c.obj
[kyogre:ro] [65/392] Building C object CMakeFiles/app.dir/mnt/host/source/src/platform/ec/build/zephyr/kyogre/modules/ec/common/lid_switch.c.obj
[/mnt/host/source/src/platform/ec/build/zephyr/craaskov-lcov]   /mnt/host/source/src/platform/ec/build/zephyr/craaskov/build-ro/zephyr/CMakeFiles/zephyr.dir/lib/utils/last_section_id.c.gcno:no functions found
[/mnt/host/source/src/platform/ec/build/zephyr/craaskov-lcov] stderr:
[kyogre:ro] [66/392] Building C object CMakeFiles/app.dir/mnt/host/source/src/platform/ec/build/zephyr/kyogre/modules/ec/common/motion_sense.c.obj
[pujjogatwin:ro] [166/414] Building C object zephyr/drivers/i2c/CMakeFiles/drivers__i2c.dir/i2c_shell.c.obj
[teliks:rw] [66/402] Building C object CMakeFiles/app.dir/mnt/host/source/src/platform/ec/build/zephyr/teliks/modules/ec/common/extpower_common.c.obj
[kyogre:rw] [200/392] Building C object modules/ec/zephyr/CMakeFiles/ec_shim.dir/shim/chip/npcx/power_policy.c.obj
[kyogre:rw] [201/392] Building C object modules/ec/zephyr/CMakeFiles/ec_shim.dir/shim/core/cortex-m/mpu.c.obj
[kyogre:rw] [202/392] Building C object modules/ec/zephyr/CMakeFiles/ec_shim.dir/shim/src/crc.c.obj
[/mnt/host/source/src/platform/ec/build/zephyr/karis-lcov]   /mnt/host/source/src/platform/ec/build/zephyr/karis/build-rw/zephyr/arch/arch/arm/core/mpu/CMakeFiles/arch__arm__core__mpu.dir/arm_mpu_regions.c.gcno:no functions found
[/mnt/host/source/src/platform/ec/build/zephyr/karis-lcov] stderr:
[teliks:rw] [67/402] Building C object CMakeFiles/app.dir/mnt/host/source/src/platform/ec/build/zephyr/teliks/modules/ec/common/extpower_gpio.c.obj
[kyogre:rw] [203/392] Building C object modules/ec/zephyr/CMakeFiles/ec_shim.dir/shim/core/cortex-m/panic.c.obj
[pujjogatwin:ro] [167/414] Building C object zephyr/drivers/i2c/CMakeFiles/drivers__i2c.dir/i2c_npcx_controller.c.obj
[kyogre:ro] [67/392] Building C object CMakeFiles/app.dir/mnt/host/source/src/platform/ec/build/zephyr/kyogre/modules/ec/common/power_button.c.obj
[kyogre:rw] [204/392] Building C object modules/ec/zephyr/CMakeFiles/ec_shim.dir/shim/src/console.c.obj
[teliks:rw] [68/402] Building C object CMakeFiles/app.dir/mnt/host/source/src/platform/ec/build/zephyr/teliks/modules/ec/common/flash.c.obj
[kyogre:ro] [68/392] Building C object CMakeFiles/app.dir/mnt/host/source/src/platform/ec/build/zephyr/kyogre/modules/ec/power/common.c.obj
[pujjogatwin:ro] [168/414] Building C object zephyr/drivers/i2c/CMakeFiles/drivers__i2c.dir/i2c_npcx_controller_fifo.c.obj
[kyogre:ro] [69/392] Building C object CMakeFiles/app.dir/mnt/host/source/src/platform/ec/build/zephyr/kyogre/modules/ec/power/host_sleep.c.obj
[teliks:rw] [69/402] Building C object CMakeFiles/app.dir/mnt/host/source/src/platform/ec/build/zephyr/teliks/modules/ec/common/host_command.c.obj
[kyogre:rw] [205/392] Building C object modules/ec/zephyr/CMakeFiles/ec_shim.dir/shim/src/gpio_int.c.obj
[kyogre:rw] [206/392] Building C object modules/ec/zephyr/CMakeFiles/ec_shim.dir/shim/src/panic_utils.c.obj
[kyogre:rw] [207/392] Building C object modules/ec/zephyr/CMakeFiles/ec_shim.dir/shim/src/gpio.c.obj
[teliks:rw] [70/402] Building C object CMakeFiles/app.dir/mnt/host/source/src/platform/ec/build/zephyr/teliks/modules/ec/common/host_command_task.c.obj
[pujjogatwin:ro] [169/414] Building C object zephyr/drivers/i2c/CMakeFiles/drivers__i2c.dir/i2c_npcx_port.c.obj
[pujjogatwin:ro] [170/414] Linking C static library zephyr/drivers/i2c/libdrivers__i2c.a
[/mnt/host/source/src/platform/ec/build/zephyr/karis-lcov]   /mnt/host/source/src/platform/ec/build/zephyr/karis/build-rw/zephyr/arch/common/CMakeFiles/isr_tables.dir/isr_tables.c.gcno:no functions found
[/mnt/host/source/src/platform/ec/build/zephyr/karis-lcov] stderr:
[kyogre:ro] [70/392] Building C object CMakeFiles/app.dir/mnt/host/source/src/platform/ec/build/zephyr/kyogre/modules/ec/power/mt8186.c.obj
[kyogre:rw] [208/392] Building C object modules/ec/zephyr/CMakeFiles/ec_shim.dir/shim/src/pm_state.c.obj
[teliks:rw] [71/402] Building C object CMakeFiles/app.dir/mnt/host/source/src/platform/ec/build/zephyr/teliks/modules/ec/common/host_event_commands.c.obj
[pujjogatwin:ro] [171/414] Building C object zephyr/drivers/mfd/CMakeFiles/drivers__mfd.dir/mfd_nct38xx.c.obj
[pujjogatwin:ro] [172/414] Linking C static library zephyr/drivers/mfd/libdrivers__mfd.a
[kyogre:ro] [71/392] Building C object CMakeFiles/app.dir/mnt/host/source/src/platform/ec/build/zephyr/kyogre/modules/ec/common/sha256.c.obj
[kyogre:ro] [72/392] Building C object CMakeFiles/app.dir/mnt/host/source/src/platform/ec/build/zephyr/kyogre/modules/ec/common/panic_output.c.obj
[teliks:rw] [72/402] Building C object CMakeFiles/app.dir/mnt/host/source/src/platform/ec/build/zephyr/teliks/modules/ec/common/uart_hostcmd.c.obj
[kyogre:rw] [209/392] Building C object modules/ec/zephyr/CMakeFiles/ec_shim.dir/shim/src/cbi/cros_cbi.c.obj
[pujjogatwin:ro] [173/414] Building C object zephyr/drivers/pinctrl/CMakeFiles/drivers__pinctrl.dir/common.c.obj
[kyogre:rw] [210/392] Building C object modules/ec/zephyr/CMakeFiles/ec_shim.dir/shim/src/cbi/cbi_eeprom.c.obj
[teliks:rw] [73/402] Building C object CMakeFiles/app.dir/mnt/host/source/src/platform/ec/build/zephyr/teliks/modules/ec/common/uptime.c.obj
[kyogre:rw] [211/392] Building ASM object modules/ec/zephyr/CMakeFiles/ec_shim.dir/shim/src/libgcc_arm.S.obj
[kyogre:rw] [212/392] Building C object modules/ec/zephyr/CMakeFiles/ec_shim.dir/shim/src/led_driver/led.c.obj
[kyogre:rw] [213/392] Building C object modules/ec/zephyr/CMakeFiles/ec_shim.dir/shim/src/led_driver/led_pwm.c.obj
[pujjogatwin:ro] [174/414] Building C object zephyr/drivers/pinctrl/CMakeFiles/drivers__pinctrl.dir/pinctrl_npcx.c.obj
[kyogre:ro] [73/392] Building C object CMakeFiles/app.dir/mnt/host/source/src/platform/ec/build/zephyr/kyogre/modules/ec/common/shared_mem.c.obj
[pujjogatwin:ro] [175/414] Linking C static library zephyr/drivers/pinctrl/libdrivers__pinctrl.a
[kyogre:ro] [74/392] Building C object CMakeFiles/app.dir/mnt/host/source/src/platform/ec/build/zephyr/kyogre/modules/ec/common/spi_flash_reg.c.obj
[teliks:rw] [74/402] Building C object CMakeFiles/app.dir/mnt/host/source/src/platform/ec/build/zephyr/teliks/modules/ec/common/i2c_controller.c.obj
[pujjogatwin:ro] [176/414] Building C object zephyr/drivers/pwm/CMakeFiles/drivers__pwm.dir/pwm_shell.c.obj
[/mnt/host/source/src/platform/ec/build/zephyr/kinmen-lcov]   /mnt/host/source/src/platform/ec/build/zephyr/kinmen/build-rw/modules/ec/zephyr/drivers/dsp_comms/CMakeFiles/dsp_comms.proto.nanopb.dir/dsp_comms.proto/nanopb/proto/ec_dsp.pb.c.gcno:no functions found
[/mnt/host/source/src/platform/ec/build/zephyr/kinmen-lcov] stderr:
[teliks:rw] [75/402] Building C object CMakeFiles/app.dir/mnt/host/source/src/platform/ec/build/zephyr/teliks/modules/ec/common/i2c_passthru.c.obj
[pujjogatwin:ro] [177/414] Building C object zephyr/drivers/sensor/CMakeFiles/drivers__sensor.dir/mnt/host/source/src/third_party/zephyr/main/misc/empty_file.c.obj
[kyogre:ro] [75/392] Building C object CMakeFiles/app.dir/mnt/host/source/src/platform/ec/build/zephyr/kyogre/modules/ec/common/switch.c.obj
[/mnt/host/source/src/platform/ec/build/zephyr/pujjocento-lcov]   /mnt/host/source/src/platform/ec/build/zephyr/pujjocento/build-ro/modules/ec/zephyr/CMakeFiles/ec_shim.dir/drivers/keyboard_input/keyboard_customization_check.c.gcno:no functions found
[/mnt/host/source/src/platform/ec/build/zephyr/pujjocento-lcov] stderr:
[pujjogatwin:ro] [178/414] Linking C static library zephyr/drivers/sensor/libdrivers__sensor.a
[kyogre:rw] [214/392] Building C object modules/ec/zephyr/CMakeFiles/ec_shim.dir/shim/src/system.c.obj
[kyogre:rw] [215/392] Building C object modules/ec/zephyr/CMakeFiles/ec_shim.dir/shim/src/adc.c.obj
[kyogre:rw] [216/392] Building C object modules/ec/zephyr/CMakeFiles/ec_shim.dir/shim/src/battery.c.obj
[teliks:rw] [76/402] Building C object CMakeFiles/app.dir/mnt/host/source/src/platform/ec/build/zephyr/teliks/modules/ec/common/keyboard_scan.c.obj
[kyogre:rw] [217/392] Building C object modules/ec/zephyr/CMakeFiles/ec_shim.dir/shim/src/charger.c.obj
[pujjogatwin:ro] [179/414] Building C object zephyr/drivers/pwm/CMakeFiles/drivers__pwm.dir/pwm_npcx.c.obj
[kyogre:ro] [76/392] Building C object CMakeFiles/app.dir/mnt/host/source/src/platform/ec/build/zephyr/kyogre/modules/ec/common/tablet_mode.c.obj
[kyogre:ro] [77/392] Building C object CMakeFiles/app.dir/mnt/host/source/src/platform/ec/build/zephyr/kyogre/modules/ec/driver/stm_mems_common.c.obj
[pujjogatwin:ro] [180/414] Linking C static library zephyr/drivers/pwm/libdrivers__pwm.a
[teliks:rw] [77/402] Building C object CMakeFiles/app.dir/mnt/host/source/src/platform/ec/build/zephyr/teliks/modules/ec/common/keyboard_8042.c.obj
[teliks:rw] [78/402] Building C object CMakeFiles/app.dir/mnt/host/source/src/platform/ec/build/zephyr/teliks/modules/ec/common/keyboard_8042_sharedlib.c.obj
[pujjogatwin:ro] [181/414] Building C object zephyr/drivers/sensor/nuvoton/nuvoton_adc_cmp_npcx/CMakeFiles/drivers__sensor__nuvoton__nuvoton_adc_cmp_npcx.dir/adc_cmp_npcx.c.obj
[kyogre:ro] [78/392] Building C object CMakeFiles/app.dir/mnt/host/source/src/platform/ec/build/zephyr/kyogre/modules/ec/common/timer.c.obj
[kyogre:rw] [218/392] Building C object modules/ec/zephyr/CMakeFiles/ec_shim.dir/shim/src/flash.c.obj
[pujjogatwin:ro] [182/414] Linking C static library zephyr/drivers/sensor/nuvoton/nuvoton_adc_cmp_npcx/libdrivers__sensor__nuvoton__nuvoton_adc_cmp_npcx.a
[kyogre:rw] [219/392] Building C object modules/ec/zephyr/CMakeFiles/ec_shim.dir/shim/src/host_command.c.obj
[kyogre:rw] [220/392] Building C object modules/ec/zephyr/CMakeFiles/ec_shim.dir/shim/src/hooks.c.obj
[teliks:rw] [79/402] Building C object CMakeFiles/app.dir/mnt/host/source/src/platform/ec/build/zephyr/teliks/modules/ec/common/mkbp_fifo.c.obj
[kyogre:rw] [221/392] Building C object modules/ec/zephyr/CMakeFiles/ec_shim.dir/shim/src/console_buffer.c.obj
[kyogre:ro] [79/392] Building C object CMakeFiles/app.dir/mnt/host/source/src/platform/ec/build/zephyr/kyogre/modules/ec/common/typec_control.c.obj
[pujjogatwin:ro] [183/414] Building C object zephyr/drivers/serial/CMakeFiles/drivers__serial.dir/uart_npcx.c.obj
[pujjogatwin:ro] [184/414] Building C object zephyr/drivers/syscon/CMakeFiles/drivers__syscon.dir/syscon.c.obj
[kyogre:ro] [80/392] Building C object CMakeFiles/app.dir/mnt/host/source/src/platform/ec/build/zephyr/kyogre/modules/ec/common/usb_port_power_dumb.c.obj
[pujjogatwin:ro] [185/414] Linking C static library zephyr/drivers/serial/libdrivers__serial.a
[teliks:rw] [80/402] Building C object CMakeFiles/app.dir/mnt/host/source/src/platform/ec/build/zephyr/teliks/modules/ec/common/mkbp_input_devices.c.obj
[pujjogatwin:ro] [186/414] Linking C static library zephyr/drivers/syscon/libdrivers__syscon.a
[teliks:rw] [81/402] Building C object CMakeFiles/app.dir/mnt/host/source/src/platform/ec/build/zephyr/teliks/modules/ec/common/mkbp_info.c.obj
[kyogre:rw] [222/392] Building C object modules/ec/zephyr/CMakeFiles/ec_shim.dir/shim/src/keyboard_raw.c.obj
[kyogre:rw] [223/392] Building C object modules/ec/zephyr/CMakeFiles/ec_shim.dir/shim/src/keyscan.c.obj
[kyogre:ro] [81/392] Building C object CMakeFiles/app.dir/mnt/host/source/src/platform/ec/build/zephyr/kyogre/modules/ec/common/usb_common.c.obj
[kyogre:rw] [224/392] Building C object modules/ec/zephyr/CMakeFiles/ec_shim.dir/shim/src/mkbp_event.c.obj
[kyogre:rw] [225/392] Building C object modules/ec/zephyr/CMakeFiles/ec_shim.dir/shim/src/motionsense_sensors.c.obj
[teliks:rw] [82/402] Building C object CMakeFiles/app.dir/mnt/host/source/src/platform/ec/build/zephyr/teliks/modules/ec/common/led_common.c.obj
[pujjogatwin:ro] [187/414] Building C object zephyr/drivers/timer/CMakeFiles/drivers__timer.dir/sys_clock_init.c.obj
[kyogre:ro] [82/392] Building C object CMakeFiles/app.dir/mnt/host/source/src/platform/ec/build/zephyr/kyogre/modules/ec/common/usb_pd_pdo.c.obj
[pujjogatwin:ro] [188/414] Building C object zephyr/drivers/timer/CMakeFiles/drivers__timer.dir/npcx_itim_timer.c.obj
[/mnt/host/source/src/platform/ec/build/zephyr/karis-lcov]   /mnt/host/source/src/platform/ec/build/zephyr/karis/build-rw/zephyr/CMakeFiles/zephyr.dir/subsys/shell/modules/kernel_service/kernel_shell.c.gcno:no functions found
[/mnt/host/source/src/platform/ec/build/zephyr/karis-lcov] stderr:
[teliks:rw] [83/402] Building C object CMakeFiles/app.dir/mnt/host/source/src/platform/ec/build/zephyr/teliks/modules/ec/common/motion_lid.c.obj
[pujjogatwin:ro] [189/414] Linking C static library zephyr/drivers/timer/libdrivers__timer.a
[teliks:rw] [84/402] Building C object CMakeFiles/app.dir/mnt/host/source/src/platform/ec/build/zephyr/teliks/modules/ec/common/lid_angle.c.obj
[kyogre:rw] [226/392] Building C object modules/ec/zephyr/CMakeFiles/ec_shim.dir/shim/src/panic.c.obj
[kyogre:ro] [83/392] Building C object CMakeFiles/app.dir/mnt/host/source/src/platform/ec/build/zephyr/kyogre/modules/ec/common/usbc/usbc_task.c.obj
[/mnt/host/source/src/platform/ec/build/zephyr/karis-lcov]   /mnt/host/source/src/platform/ec/build/zephyr/karis/build-rw/zephyr/CMakeFiles/zephyr.dir/lib/libc/validate_libc.c.gcno:no functions found
[/mnt/host/source/src/platform/ec/build/zephyr/karis-lcov] stderr:
[kyogre:rw] [227/392] Building C object modules/ec/zephyr/CMakeFiles/ec_shim.dir/shim/src/power.c.obj
[kyogre:rw] [228/392] Building C object modules/ec/zephyr/CMakeFiles/ec_shim.dir/shim/src/hwtimer.c.obj
[kyogre:ro] [84/392] Building C object CMakeFiles/app.dir/mnt/host/source/src/platform/ec/build/zephyr/kyogre/modules/ec/common/usbc/usb_pd_timer.c.obj
[teliks:rw] [85/402] Building C object CMakeFiles/app.dir/mnt/host/source/src/platform/ec/build/zephyr/teliks/modules/ec/common/lid_angle_keyboard_policy.c.obj
[kyogre:rw] [229/392] Building C object modules/ec/zephyr/CMakeFiles/ec_shim.dir/shim/src/i2c.c.obj
[pujjogatwin:ro] [190/414] Building C object zephyr/drivers/watchdog/CMakeFiles/drivers__watchdog.dir/wdt_npcx.c.obj
[/mnt/host/source/src/platform/ec/build/zephyr/pujjocento-lcov]   /mnt/host/source/src/platform/ec/build/zephyr/pujjocento/build-ro/CMakeFiles/app.dir/mnt/host/source/src/platform/ec/build/zephyr/pujjocento/modules/ec/common/chargen.c.gcno:no functions found
[/mnt/host/source/src/platform/ec/build/zephyr/pujjocento-lcov] stderr:
[kyogre:ro] [85/392] Building C object CMakeFiles/app.dir/mnt/host/source/src/platform/ec/build/zephyr/kyogre/modules/ec/common/usbc/usb_sm.c.obj
[pujjogatwin:ro] [191/414] Building C object zephyr/drivers/watchdog/CMakeFiles/drivers__watchdog.dir/wdt_shell.c.obj
[teliks:rw] [86/402] Building C object CMakeFiles/app.dir/mnt/host/source/src/platform/ec/build/zephyr/teliks/modules/ec/common/lid_switch.c.obj
[pujjogatwin:ro] [192/414] Linking C static library zephyr/drivers/watchdog/libdrivers__watchdog.a
[teliks:rw] [87/402] Building C object CMakeFiles/app.dir/mnt/host/source/src/platform/ec/build/zephyr/teliks/modules/ec/common/mkbp_event.c.obj
[kyogre:ro] [86/392] Building C object CMakeFiles/app.dir/mnt/host/source/src/platform/ec/build/zephyr/kyogre/modules/ec/common/usbc_intr_task.c.obj
[kyogre:rw] [230/392] Building C object modules/ec/zephyr/CMakeFiles/ec_shim.dir/shim/src/tasks.c.obj
[kyogre:rw] [231/392] Building C object modules/ec/zephyr/CMakeFiles/ec_shim.dir/shim/src/watchdog.c.obj
[kyogre:ro] [87/392] Building C object CMakeFiles/app.dir/mnt/host/source/src/platform/ec/build/zephyr/kyogre/modules/ec/common/usbc_utils.c.obj
[kyogre:rw] [232/392] Building C object modules/ec/zephyr/CMakeFiles/ec_shim.dir/shim/src/ppc.c.obj
[kyogre:rw] [233/392] cd /mnt/host/source/src/platform/ec/build/zephyr/kyogre/build-rw/modules/ec/zephyr && PYTHONPATH=/mnt/host/source/src/platform/ec/build/zephyr/kyogre/modules/ec/zephyr/zmake/ /usr/bin/python3.11 /mnt/host/source/src/platform/ec/build/zephyr/kyogre/modules/ec/zephyr/zmake/zephyr_build_tools/generate_ec_version.py /mnt/host/source/src/platform/ec/build/zephyr/kyogre/build-rw/modules/ec/zephyr/include/ec_version.h --name Zephyr-Kernel --version 16543.0.0 --static
[kyogre:rw] INFO:root:Using a static version string
[teliks:rw] [88/402] Building C object CMakeFiles/app.dir/mnt/host/source/src/platform/ec/build/zephyr/teliks/modules/ec/common/motion_sense.c.obj
[kyogre:rw] INFO:root:Version string: Zephyr-Kernel-16543.0.0
[kyogre:rw] INFO:root:Writing header to /mnt/host/source/src/platform/ec/build/zephyr/kyogre/build-rw/modules/ec/zephyr/include/ec_version.h
[kyogre:rw] [234/392] Building C object modules/ec/zephyr/CMakeFiles/ec_shim.dir/shim/src/usba.c.obj
[pujjogatwin:ro] [193/414] Building C object modules/ec/zephyr/CMakeFiles/ec_shim.dir/app/ec/ec_app_main.c.obj
[kyogre:ro] [88/392] Building C object CMakeFiles/app.dir/mnt/host/source/src/platform/ec/build/zephyr/kyogre/modules/ec/common/usb_pd_flags.c.obj
[/mnt/host/source/src/platform/ec/build/zephyr/karis-lcov]   /mnt/host/source/src/platform/ec/build/zephyr/karis/build-rw/zephyr/CMakeFiles/zephyr.dir/lib/utils/last_section_id.c.gcno:no functions found
[/mnt/host/source/src/platform/ec/build/zephyr/karis-lcov] stderr:
[pujjogatwin:ro] [194/414] Building C object modules/ec/zephyr/CMakeFiles/ec_shim.dir/app/ec/main_shim.c.obj
[teliks:rw] [89/402] Building C object CMakeFiles/app.dir/mnt/host/source/src/platform/ec/build/zephyr/teliks/modules/ec/common/port80.c.obj
[teliks:rw] [90/402] Building C object CMakeFiles/app.dir/mnt/host/source/src/platform/ec/build/zephyr/teliks/modules/ec/common/power_button.c.obj
[kyogre:rw] [235/392] Building C object zephyr/kernel/CMakeFiles/kernel.dir/main_weak.c.obj
[kyogre:ro] [89/392] Building C object CMakeFiles/app.dir/mnt/host/source/src/platform/ec/build/zephyr/kyogre/modules/ec/common/chargen.c.obj
[kyogre:rw] [236/392] Building C object CMakeFiles/app.dir/mnt/host/source/src/platform/ec/zephyr/subsys/ap_pwrseq/ap_events.c.obj
[kyogre:rw] [237/392] Building C object modules/ec/zephyr/CMakeFiles/ec_shim.dir/shim/src/usb_muxes.c.obj
[kyogre:ro] [90/392] Building C object CMakeFiles/app.dir/mnt/host/source/src/platform/ec/build/zephyr/kyogre/modules/ec/common/usbc/usb_pd_console.c.obj
[kyogre:rw] [238/392] Building C object CMakeFiles/app.dir/mnt/host/source/src/platform/ec/build/zephyr/kyogre/modules/ec/builtin/stdlib.c.obj
[/mnt/host/source/src/platform/ec/build/zephyr/craaskov-lcov]   /mnt/host/source/src/platform/ec/build/zephyr/craaskov/build-ro/zephyr/CMakeFiles/zephyr.dir/soc/nuvoton/npcx/common/npcxn/registers.c.gcno:no functions found
[/mnt/host/source/src/platform/ec/build/zephyr/craaskov-lcov] stderr:
[teliks:rw] [91/402] Building C object CMakeFiles/app.dir/mnt/host/source/src/platform/ec/build/zephyr/teliks/modules/ec/power/hibernate.c.obj
[kyogre:ro] [91/392] Building C object CMakeFiles/app.dir/mnt/host/source/src/platform/ec/build/zephyr/kyogre/modules/ec/driver/usb_mux/usb_mux.c.obj
[pujjogatwin:ro] [195/414] Building C object modules/ec/zephyr/CMakeFiles/ec_shim.dir/drivers/cros_flash/cros_flash_npcx.c.obj
[teliks:rw] [92/402] Building C object CMakeFiles/app.dir/mnt/host/source/src/platform/ec/build/zephyr/teliks/modules/ec/driver/sha256/sha256_it8xxx2.c.obj
[teliks:rw] [93/402] Building C object CMakeFiles/app.dir/mnt/host/source/src/platform/ec/build/zephyr/teliks/modules/ec/common/panic_output.c.obj
[kyogre:rw] [239/392] Building C object CMakeFiles/app.dir/mnt/host/source/src/platform/ec/build/zephyr/kyogre/modules/ec/common/base32.c.obj
[pujjogatwin:ro] [196/414] Building C object modules/ec/zephyr/CMakeFiles/ec_shim.dir/drivers/cros_kb_raw/cros_kb_raw_npcx.c.obj
[kyogre:ro] [92/392] Building C object CMakeFiles/app.dir/mnt/host/source/src/platform/ec/build/zephyr/kyogre/modules/ec/driver/usb_mux/ps8743.c.obj
[kyogre:rw] [240/392] Building C object CMakeFiles/app.dir/mnt/host/source/src/platform/ec/build/zephyr/kyogre/modules/ec/common/console_output.c.obj
[kyogre:rw] [241/392] Building C object CMakeFiles/app.dir/mnt/host/source/src/platform/ec/build/zephyr/kyogre/modules/ec/common/ec_features.c.obj
[kyogre:ro] [93/392] Building C object CMakeFiles/app.dir/mnt/host/source/src/platform/ec/build/zephyr/kyogre/modules/ec/driver/usb_mux/virtual.c.obj
[kyogre:rw] [242/392] Building C object CMakeFiles/app.dir/mnt/host/source/src/platform/ec/build/zephyr/kyogre/modules/ec/common/gpio_commands.c.obj
[teliks:rw] [94/402] Building C object CMakeFiles/app.dir/mnt/host/source/src/platform/ec/build/zephyr/teliks/modules/ec/common/shared_mem.c.obj
[/mnt/host/source/src/platform/ec/build/zephyr/kinmen-lcov]   /mnt/host/source/src/platform/ec/build/zephyr/kinmen/build-rw/CMakeFiles/app.dir/mnt/host/source/src/platform/ec/build/zephyr/kinmen/modules/ec/common/cbi_config.c.gcno:no functions found
[/mnt/host/source/src/platform/ec/build/zephyr/kinmen-lcov] stderr:
[pujjogatwin:ro] [197/414] Building C object modules/ec/zephyr/CMakeFiles/ec_shim.dir/drivers/cros_system/cros_system_npcx.c.obj
[kyogre:ro] [94/392] Building C object CMakeFiles/app.dir/mnt/host/source/src/platform/ec/build/zephyr/kyogre/modules/ec/common/dps.c.obj
[teliks:rw] [95/402] Building C object CMakeFiles/app.dir/mnt/host/source/src/platform/ec/build/zephyr/teliks/modules/ec/common/switch.c.obj
[teliks:rw] [96/402] Building C object CMakeFiles/app.dir/mnt/host/source/src/platform/ec/build/zephyr/teliks/modules/ec/driver/stm_mems_common.c.obj
[kyogre:rw] [243/392] Building C object CMakeFiles/app.dir/mnt/host/source/src/platform/ec/build/zephyr/kyogre/modules/ec/common/peripheral.c.obj
[kyogre:rw] [244/392] Building C object CMakeFiles/app.dir/mnt/host/source/src/platform/ec/build/zephyr/kyogre/modules/ec/common/printf.c.obj
[kyogre:rw] [245/392] Building C object CMakeFiles/app.dir/mnt/host/source/src/platform/ec/build/zephyr/kyogre/modules/ec/common/queue.c.obj
[pujjogatwin:ro] [198/414] Building C object modules/ec/zephyr/CMakeFiles/ec_shim.dir/drivers/vivaldi_kbd/vivaldi_kbd.c.obj
[kyogre:ro] [95/392] Building C object CMakeFiles/app.dir/mnt/host/source/src/platform/ec/build/zephyr/kyogre/modules/ec/common/event_log.c.obj
[kyogre:ro] [96/392] Building C object CMakeFiles/app.dir/mnt/host/source/src/platform/ec/build/zephyr/kyogre/modules/ec/common/pd_log.c.obj
[/mnt/host/source/src/platform/ec/build/zephyr/kinmen-lcov]   /mnt/host/source/src/platform/ec/build/zephyr/kinmen/build-rw/zephyr/arch/arch/riscv/core/CMakeFiles/arch__riscv__core.dir/cpu_idle.c.gcno:no functions found
[teliks:rw] [97/402] Building C object CMakeFiles/app.dir/mnt/host/source/src/platform/ec/build/zephyr/teliks/modules/ec/common/tablet_mode.c.obj
[/mnt/host/source/src/platform/ec/build/zephyr/kinmen-lcov] stderr:
[pujjogatwin:ro] [199/414] Building C object modules/ec/zephyr/CMakeFiles/ec_shim.dir/shim/chip/npcx/clock.c.obj
[kyogre:rw] [246/392] Building C object CMakeFiles/app.dir/mnt/host/source/src/platform/ec/build/zephyr/kyogre/modules/ec/common/system.c.obj
[teliks:rw] [98/402] Building C object CMakeFiles/app.dir/mnt/host/source/src/platform/ec/build/zephyr/teliks/modules/ec/common/temp_sensor.c.obj
[teliks:rw] [99/402] Building C object CMakeFiles/app.dir/mnt/host/source/src/platform/ec/build/zephyr/teliks/modules/ec/common/thermal.c.obj
[kyogre:rw] [247/392] Building C object CMakeFiles/app.dir/mnt/host/source/src/platform/ec/build/zephyr/kyogre/modules/ec/common/system_boot_time.c.obj
[kyogre:rw] [248/392] Building C object CMakeFiles/app.dir/mnt/host/source/src/platform/ec/build/zephyr/kyogre/modules/ec/common/util.c.obj
[kyogre:rw] [249/392] Building C object CMakeFiles/app.dir/mnt/host/source/src/platform/ec/build/zephyr/kyogre/modules/ec/common/uart_printf.c.obj
[kyogre:ro] [97/392] Building C object CMakeFiles/app.dir/mnt/host/source/src/platform/ec/build/zephyr/kyogre/modules/ec/common/usbc/usb_tc_drp_acc_trysrc_sm.c.obj
[teliks:rw] [100/402] Building C object CMakeFiles/app.dir/mnt/host/source/src/platform/ec/build/zephyr/teliks/modules/ec/driver/temp_sensor/thermistor.c.obj
[kyogre:ro] [98/392] Building C object CMakeFiles/app.dir/mnt/host/source/src/platform/ec/build/zephyr/kyogre/modules/ec/common/usbc/usb_prl_sm.c.obj
[pujjogatwin:ro] [200/414] Building C object modules/ec/zephyr/CMakeFiles/ec_shim.dir/shim/chip/npcx/rom_chip.c.obj
[/mnt/host/source/src/platform/ec/build/zephyr/kinmen-lcov]   /mnt/host/source/src/platform/ec/build/zephyr/kinmen/build-rw/zephyr/arch/common/CMakeFiles/isr_tables.dir/isr_tables.c.gcno:no functions found
[/mnt/host/source/src/platform/ec/build/zephyr/kinmen-lcov] stderr:
[pujjogatwin:ro] [201/414] Building C object modules/ec/zephyr/CMakeFiles/ec_shim.dir/shim/chip/npcx/gpio.c.obj
[kyogre:rw] [250/392] Building C object CMakeFiles/app.dir/mnt/host/source/src/platform/ec/build/zephyr/kyogre/modules/ec/common/version.c.obj
[teliks:rw] [101/402] Building C object CMakeFiles/app.dir/mnt/host/source/src/platform/ec/build/zephyr/teliks/modules/ec/common/throttle_ap.c.obj
[teliks:rw] [102/402] Building C object CMakeFiles/app.dir/mnt/host/source/src/platform/ec/build/zephyr/teliks/modules/ec/common/timer.c.obj
[kyogre:ro] [99/392] Building C object CMakeFiles/app.dir/mnt/host/source/src/platform/ec/build/zephyr/kyogre/modules/ec/common/usbc/usb_pe_drp_sm.c.obj
[kyogre:rw] [251/392] Building C object CMakeFiles/app.dir/mnt/host/source/src/platform/ec/build/zephyr/kyogre/modules/ec/driver/accel_lis2dw12.c.obj
[kyogre:rw] [252/392] Building C object CMakeFiles/app.dir/mnt/host/source/src/platform/ec/build/zephyr/kyogre/modules/ec/driver/accelgyro_lsm6dso.c.obj
[kyogre:rw] [253/392] Building C object CMakeFiles/app.dir/mnt/host/source/src/platform/ec/build/zephyr/kyogre/modules/ec/common/motion_sense_fifo.c.obj
[teliks:rw] [103/402] Building C object CMakeFiles/app.dir/mnt/host/source/src/platform/ec/build/zephyr/teliks/modules/ec/common/usb_port_power_dumb.c.obj
[/mnt/host/source/src/platform/ec/build/zephyr/pujjocento-lcov]   /mnt/host/source/src/platform/ec/build/zephyr/pujjocento/build-ro/CMakeFiles/app.dir/mnt/host/source/src/platform/ec/build/zephyr/pujjocento/modules/ec/common/cbi_config.c.gcno:no functions found
[/mnt/host/source/src/platform/ec/build/zephyr/pujjocento-lcov] stderr:
[kyogre:ro] [100/392] Building C object CMakeFiles/app.dir/mnt/host/source/src/platform/ec/build/zephyr/kyogre/modules/ec/common/usbc/usb_pd_dpm.c.obj
[pujjogatwin:ro] [202/414] Building C object modules/ec/zephyr/CMakeFiles/ec_shim.dir/shim/chip/npcx/keyboard_raw.c.obj
[kyogre:ro] [101/392] Building C object CMakeFiles/app.dir/mnt/host/source/src/platform/ec/build/zephyr/kyogre/modules/ec/common/usbc/usbc_pd_policy.c.obj
[pujjogatwin:ro] [203/414] Building C object modules/ec/zephyr/CMakeFiles/ec_shim.dir/shim/chip/npcx/system.c.obj
[teliks:rw] [104/402] Building C object CMakeFiles/app.dir/mnt/host/source/src/platform/ec/build/zephyr/teliks/modules/ec/common/typec_control.c.obj
[teliks:rw] [105/402] Building C object CMakeFiles/app.dir/mnt/host/source/src/platform/ec/build/zephyr/teliks/modules/ec/common/usb_common.c.obj
[kyogre:rw] [254/392] Building C object CMakeFiles/app.dir/mnt/host/source/src/platform/ec/build/zephyr/kyogre/modules/ec/common/adc.c.obj
[kyogre:rw] [255/392] Building C object CMakeFiles/app.dir/mnt/host/source/src/platform/ec/build/zephyr/kyogre/modules/ec/common/battery_info.c.obj
[kyogre:ro] [102/392] Building C object CMakeFiles/app.dir/mnt/host/source/src/platform/ec/build/zephyr/kyogre/modules/ec/common/usbc/dp_alt_mode.c.obj
[kyogre:rw] [256/392] Building C object CMakeFiles/app.dir/mnt/host/source/src/platform/ec/build/zephyr/kyogre/modules/ec/common/battery.c.obj
[kyogre:rw] [257/392] Building C object CMakeFiles/app.dir/mnt/host/source/src/platform/ec/build/zephyr/kyogre/modules/ec/common/battery_fuel_gauge.c.obj
[teliks:rw] [106/402] Building C object CMakeFiles/app.dir/mnt/host/source/src/platform/ec/build/zephyr/teliks/modules/ec/common/usb_pd_pdo.c.obj
[kyogre:ro] [103/392] Building C object CMakeFiles/app.dir/mnt/host/source/src/platform/ec/build/zephyr/kyogre/modules/ec/common/usb_pd_console_cmd.c.obj
[pujjogatwin:ro] [204/414] Building C object modules/ec/zephyr/CMakeFiles/ec_shim.dir/shim/chip/npcx/system_external_storage.c.obj
[pujjogatwin:ro] [205/414] Building C object modules/ec/zephyr/CMakeFiles/ec_shim.dir/shim/chip/npcx/system_download_from_flash.c.obj
[kyogre:ro] [104/392] Building C object CMakeFiles/app.dir/mnt/host/source/src/platform/ec/build/zephyr/kyogre/modules/ec/common/usb_pd_host_cmd.c.obj
[teliks:rw] [107/402] Building C object CMakeFiles/app.dir/mnt/host/source/src/platform/ec/build/zephyr/teliks/modules/ec/common/usbc/usbc_task.c.obj
[/mnt/host/source/src/platform/ec/build/zephyr/pujjocento-lcov]   /mnt/host/source/src/platform/ec/build/zephyr/pujjocento/build-ro/zephyr/arch/arch/arm/core/mpu/CMakeFiles/arch__arm__core__mpu.dir/arm_mpu_regions.c.gcno:no functions found
[/mnt/host/source/src/platform/ec/build/zephyr/pujjocento-lcov] stderr:
[teliks:rw] [108/402] Building C object CMakeFiles/app.dir/mnt/host/source/src/platform/ec/build/zephyr/teliks/modules/ec/common/usbc/usb_pd_timer.c.obj
[kyogre:rw] [258/392] Building C object CMakeFiles/app.dir/mnt/host/source/src/platform/ec/build/zephyr/kyogre/modules/ec/driver/battery/smart.c.obj
[kyogre:ro] [105/392] Building C object CMakeFiles/app.dir/mnt/host/source/src/platform/ec/build/zephyr/kyogre/modules/ec/common/usbc/usb_pd_host.c.obj
[kyogre:rw] [259/392] Building C object CMakeFiles/app.dir/mnt/host/source/src/platform/ec/build/zephyr/kyogre/modules/ec/driver/charger/isl923x.c.obj
[teliks:rw] [109/402] Building C object CMakeFiles/app.dir/mnt/host/source/src/platform/ec/build/zephyr/teliks/modules/ec/common/usbc/usb_sm.c.obj
[kyogre:rw] [260/392] Building C object CMakeFiles/app.dir/mnt/host/source/src/platform/ec/build/zephyr/kyogre/modules/ec/common/charger.c.obj
[pujjogatwin:ro] [206/414] Building C object modules/ec/zephyr/CMakeFiles/ec_shim.dir/shim/chip/npcx/power_policy.c.obj
[kyogre:rw] [261/392] Building C object CMakeFiles/app.dir/mnt/host/source/src/platform/ec/build/zephyr/kyogre/modules/ec/common/charge_state.c.obj
[kyogre:ro] [106/392] Building C object CMakeFiles/app.dir/mnt/host/source/src/platform/ec/build/zephyr/kyogre/modules/ec/common/usb_pd_host_cmd_common.c.obj
[pujjogatwin:ro] [207/414] Building C object modules/ec/zephyr/CMakeFiles/ec_shim.dir/shim/core/cortex-m/mpu.c.obj
[kyogre:ro] [107/392] Building C object CMakeFiles/app.dir/mnt/host/source/src/platform/ec/build/zephyr/kyogre/modules/ec/zephyr/shim/src/tcpc.c.obj
[teliks:rw] [110/402] Building C object CMakeFiles/app.dir/mnt/host/source/src/platform/ec/build/zephyr/teliks/modules/ec/common/usbc_intr_task.c.obj
[/mnt/host/source/src/platform/ec/build/zephyr/craaskov-lcov]   /mnt/host/source/src/platform/ec/build/zephyr/craaskov/build-ro/zephyr/drivers/sensor/CMakeFiles/drivers__sensor.dir/mnt/host/source/src/third_party/zephyr/main/misc/empty_file.c.gcno:no functions found
[/mnt/host/source/src/platform/ec/build/zephyr/craaskov-lcov] stderr:
[teliks:rw] [111/402] Building C object CMakeFiles/app.dir/mnt/host/source/src/platform/ec/build/zephyr/teliks/modules/ec/common/usbc_utils.c.obj
[kyogre:ro] [108/392] Building C object CMakeFiles/app.dir/mnt/host/source/src/platform/ec/build/zephyr/kyogre/modules/ec/common/usbc/svdm_rsp_dfp_only.c.obj
[/mnt/host/source/src/platform/ec/build/zephyr/pujjocento-lcov]   /mnt/host/source/src/platform/ec/build/zephyr/pujjocento/build-ro/zephyr/arch/common/CMakeFiles/isr_tables.dir/isr_tables.c.gcno:no functions found
[/mnt/host/source/src/platform/ec/build/zephyr/pujjocento-lcov] stderr:
[teliks:rw] [112/402] Building C object CMakeFiles/app.dir/mnt/host/source/src/platform/ec/build/zephyr/teliks/modules/ec/common/usb_pd_flags.c.obj
[kyogre:rw] [262/392] Building C object CMakeFiles/app.dir/mnt/host/source/src/platform/ec/build/zephyr/kyogre/modules/ec/common/cbi_common.c.obj
[/mnt/host/source/src/platform/ec/build/zephyr/craaskov-lcov]   /mnt/host/source/src/platform/ec/build/zephyr/craaskov/build-rw/modules/ec/zephyr/CMakeFiles/ec_shim.dir/shim/src/thermal.c.gcno:no functions found
[/mnt/host/source/src/platform/ec/build/zephyr/craaskov-lcov] stderr:
[kyogre:rw] [263/392] Building C object CMakeFiles/app.dir/mnt/host/source/src/platform/ec/build/zephyr/kyogre/modules/ec/common/cbi.c.obj
[pujjogatwin:ro] [208/414] Building C object modules/ec/zephyr/CMakeFiles/ec_shim.dir/shim/core/cortex-m/panic.c.obj
[kyogre:rw] [264/392] Building C object CMakeFiles/app.dir/mnt/host/source/src/platform/ec/build/zephyr/kyogre/modules/ec/common/cbi_config.c.obj
[pujjogatwin:ro] [209/414] Building C object modules/ec/zephyr/CMakeFiles/ec_shim.dir/shim/src/crc.c.obj
[kyogre:rw] [265/392] Building C object CMakeFiles/app.dir/mnt/host/source/src/platform/ec/build/zephyr/kyogre/modules/ec/common/charge_manager.c.obj
[pujjogatwin:ro] [210/414] Building C object modules/ec/zephyr/CMakeFiles/ec_shim.dir/shim/src/console.c.obj
[kyogre:ro] [109/392] Building C object CMakeFiles/app.dir/mnt/host/source/src/platform/ec/build/zephyr/kyogre/modules/ec/common/usb_pd_discovery.c.obj
[/mnt/host/source/src/platform/ec/build/zephyr/craaskov-lcov]   /mnt/host/source/src/platform/ec/build/zephyr/craaskov/build-rw/modules/ec/zephyr/CMakeFiles/ec_shim.dir/shim/src/battery.c.gcno:no functions found
[/mnt/host/source/src/platform/ec/build/zephyr/craaskov-lcov] stderr:
[teliks:rw] [113/402] Building C object CMakeFiles/app.dir/mnt/host/source/src/platform/ec/build/zephyr/teliks/modules/ec/common/chargen.c.obj
[kyogre:ro] [110/392] Building C object CMakeFiles/app.dir/mnt/host/source/src/platform/ec/build/zephyr/kyogre/modules/ec/common/usbc_ocp.c.obj
[/mnt/host/source/src/platform/ec/build/zephyr/craaskov-lcov]   /mnt/host/source/src/platform/ec/build/zephyr/craaskov/build-rw/modules/ec/zephyr/CMakeFiles/ec_shim.dir/shim/src/charger.c.gcno:no functions found
[/mnt/host/source/src/platform/ec/build/zephyr/craaskov-lcov] stderr:
[teliks:rw] [114/402] Building C object CMakeFiles/app.dir/mnt/host/source/src/platform/ec/build/zephyr/teliks/modules/ec/common/usbc/usb_pd_console.c.obj
[kyogre:ro] [111/392] Building C object CMakeFiles/app.dir/mnt/host/source/src/platform/ec/build/zephyr/kyogre/modules/ec/common/usb_pd_dual_role.c.obj
[teliks:rw] [115/402] Building C object CMakeFiles/app.dir/mnt/host/source/src/platform/ec/build/zephyr/teliks/modules/ec/driver/retimer/anx7483.c.obj
[/mnt/host/source/src/platform/ec/build/zephyr/kinmen-lcov]   /mnt/host/source/src/platform/ec/build/zephyr/kinmen/build-rw/zephyr/CMakeFiles/zephyr.dir/subsys/shell/modules/kernel_service/kernel_shell.c.gcno:no functions found
[/mnt/host/source/src/platform/ec/build/zephyr/kinmen-lcov] stderr:
[kyogre:rw] [266/392] Building C object CMakeFiles/app.dir/mnt/host/source/src/platform/ec/build/zephyr/kyogre/modules/ec/common/chipset.c.obj
[kyogre:rw] [267/392] Building C object CMakeFiles/app.dir/mnt/host/source/src/platform/ec/build/zephyr/kyogre/modules/ec/common/ap_reset_log.c.obj
[kyogre:rw] [268/392] Building C object CMakeFiles/app.dir/mnt/host/source/src/platform/ec/build/zephyr/kyogre/modules/ec/common/memory_commands.c.obj
[kyogre:rw] [269/392] Building C object CMakeFiles/app.dir/mnt/host/source/src/platform/ec/build/zephyr/kyogre/modules/ec/common/extpower_common.c.obj
[pujjogatwin:ro] [211/414] Building C object modules/ec/zephyr/CMakeFiles/ec_shim.dir/shim/src/gpio_int.c.obj
[pujjogatwin:ro] [212/414] Building C object modules/ec/zephyr/CMakeFiles/ec_shim.dir/shim/src/gpio.c.obj
[kyogre:ro] [112/392] Building C object CMakeFiles/app.dir/mnt/host/source/src/platform/ec/build/zephyr/kyogre/modules/ec/common/usbc/dp_hpd_gpio.c.obj
[/mnt/host/source/src/platform/ec/build/zephyr/craaskov-lcov]   /mnt/host/source/src/platform/ec/build/zephyr/craaskov/build-rw/modules/ec/zephyr/CMakeFiles/ec_shim.dir/shim/src/usb_muxes.c.gcno:no functions found
[/mnt/host/source/src/platform/ec/build/zephyr/craaskov-lcov] stderr:
[/mnt/host/source/src/platform/ec/build/zephyr/kinmen-lcov]   /mnt/host/source/src/platform/ec/build/zephyr/kinmen/build-rw/zephyr/CMakeFiles/zephyr.dir/lib/libc/validate_libc.c.gcno:no functions found
[/mnt/host/source/src/platform/ec/build/zephyr/kinmen-lcov] stderr:
[kyogre:ro] [113/392] Building C object CMakeFiles/app.dir/mnt/host/source/src/platform/ec/build/zephyr/kyogre/modules/ec/driver/tcpm/anx7447.c.obj
[teliks:rw] [116/402] Building C object CMakeFiles/app.dir/mnt/host/source/src/platform/ec/build/zephyr/teliks/modules/ec/driver/usb_mux/usb_mux.c.obj
[teliks:rw] [117/402] Building C object CMakeFiles/app.dir/mnt/host/source/src/platform/ec/build/zephyr/teliks/modules/ec/driver/usb_mux/virtual.c.obj
[kyogre:ro] [114/392] Building C object CMakeFiles/app.dir/mnt/host/source/src/platform/ec/build/zephyr/kyogre/modules/ec/driver/tcpm/rt1718s.c.obj
[/mnt/host/source/src/platform/ec/build/zephyr/craaskov-lcov]   /mnt/host/source/src/platform/ec/build/zephyr/craaskov/build-rw/modules/ec/zephyr/CMakeFiles/ec_shim.dir/shim/src/usba.c.gcno:no functions found
[/mnt/host/source/src/platform/ec/build/zephyr/craaskov-lcov] stderr:
[kyogre:rw] [270/392] Building C object CMakeFiles/app.dir/mnt/host/source/src/platform/ec/build/zephyr/kyogre/modules/ec/common/extpower_gpio.c.obj
[kyogre:rw] [271/392] Building C object CMakeFiles/app.dir/mnt/host/source/src/platform/ec/build/zephyr/kyogre/modules/ec/common/flash.c.obj
[kyogre:rw] [272/392] Building C object CMakeFiles/app.dir/mnt/host/source/src/platform/ec/build/zephyr/kyogre/modules/ec/common/host_command.c.obj
[teliks:rw] [118/402] Building C object CMakeFiles/app.dir/mnt/host/source/src/platform/ec/build/zephyr/teliks/modules/ec/common/usbc/usb_tc_drp_acc_trysrc_sm.c.obj
[/mnt/host/source/src/platform/ec/build/zephyr/karis-lcov]   /mnt/host/source/src/platform/ec/build/zephyr/karis/build-rw/zephyr/CMakeFiles/zephyr.dir/soc/nuvoton/npcx/common/npcxn/registers.c.gcno:no functions found
[/mnt/host/source/src/platform/ec/build/zephyr/karis-lcov] stderr:
[pujjogatwin:ro] [213/414] Building C object modules/ec/zephyr/CMakeFiles/ec_shim.dir/shim/src/pm_state.c.obj
[pujjogatwin:ro] [214/414] Building C object modules/ec/zephyr/CMakeFiles/ec_shim.dir/shim/src/panic_utils.c.obj
[kyogre:rw] [273/392] Building C object CMakeFiles/app.dir/mnt/host/source/src/platform/ec/build/zephyr/kyogre/modules/ec/common/host_command_task.c.obj
[kyogre:ro] [115/392] Building C object CMakeFiles/app.dir/mnt/host/source/src/platform/ec/build/zephyr/kyogre/modules/ec/driver/tcpm/tcpci.c.obj
[kyogre:ro] [116/392] Building C object CMakeFiles/app.dir/mnt/host/source/src/platform/ec/build/zephyr/kyogre/modules/ec/common/usbc_ppc.c.obj
[teliks:rw] [119/402] Building C object CMakeFiles/app.dir/mnt/host/source/src/platform/ec/build/zephyr/teliks/modules/ec/common/usbc/usb_prl_sm.c.obj
[kyogre:ro] [117/392] Building C object CMakeFiles/app.dir/mnt/host/source/src/platform/ec/build/zephyr/kyogre/modules/ec/driver/ppc/nx20p348x.c.obj
[/mnt/host/source/src/platform/ec/build/zephyr/kinmen-lcov]   /mnt/host/source/src/platform/ec/build/zephyr/kinmen/build-rw/zephyr/CMakeFiles/zephyr.dir/lib/utils/last_section_id.c.gcno:no functions found
[/mnt/host/source/src/platform/ec/build/zephyr/kinmen-lcov] stderr:
[teliks:rw] [120/402] Building C object CMakeFiles/app.dir/mnt/host/source/src/platform/ec/build/zephyr/teliks/modules/ec/common/usbc/usb_pe_drp_sm.c.obj
[kyogre:rw] [274/392] Building C object CMakeFiles/app.dir/mnt/host/source/src/platform/ec/build/zephyr/kyogre/modules/ec/common/host_event_commands.c.obj
[kyogre:rw] [275/392] Building C object CMakeFiles/app.dir/mnt/host/source/src/platform/ec/build/zephyr/kyogre/modules/ec/common/uart_hostcmd.c.obj
[pujjogatwin:ro] [215/414] Building C object modules/ec/zephyr/CMakeFiles/ec_shim.dir/shim/src/cbi/cros_cbi.c.obj
[kyogre:rw] [276/392] Building C object CMakeFiles/app.dir/mnt/host/source/src/platform/ec/build/zephyr/kyogre/modules/ec/common/uptime.c.obj
[pujjogatwin:ro] [216/414] Building C object modules/ec/zephyr/CMakeFiles/ec_shim.dir/shim/src/cbi/cros_cbi_fw_config.c.obj
[teliks:rw] [121/402] Building C object CMakeFiles/app.dir/mnt/host/source/src/platform/ec/build/zephyr/teliks/modules/ec/common/usbc/usb_pd_dpm.c.obj
[kyogre:rw] [277/392] Building C object CMakeFiles/app.dir/mnt/host/source/src/platform/ec/build/zephyr/kyogre/modules/ec/common/i2c_controller.c.obj
[teliks:rw] [122/402] Building C object CMakeFiles/app.dir/mnt/host/source/src/platform/ec/build/zephyr/teliks/modules/ec/common/usbc/usbc_pd_policy.c.obj
[kyogre:ro] [118/392] Building C object CMakeFiles/app.dir/mnt/host/source/src/platform/ec/build/zephyr/kyogre/modules/ec/common/vboot_hash.c.obj
[kyogre:ro] [119/392] Building C object CMakeFiles/app.dir/mnt/host/source/src/platform/ec/build/zephyr/kyogre/modules/ec/common/button.c.obj
[kyogre:ro] [120/392] Building C object CMakeFiles/app.dir/mnt/host/source/src/platform/ec/build/zephyr/kyogre/modules/ec/common/vboot/efs2.c.obj
[/mnt/host/source/src/platform/ec/build/zephyr/pujjocento-lcov]   /mnt/host/source/src/platform/ec/build/zephyr/pujjocento/build-ro/zephyr/CMakeFiles/zephyr.dir/subsys/shell/modules/kernel_service/kernel_shell.c.gcno:no functions found
[/mnt/host/source/src/platform/ec/build/zephyr/pujjocento-lcov] stderr:
[kyogre:rw] [278/392] Building C object CMakeFiles/app.dir/mnt/host/source/src/platform/ec/build/zephyr/kyogre/modules/ec/common/i2c_passthru.c.obj
[kyogre:rw] [279/392] Building C object CMakeFiles/app.dir/mnt/host/source/src/platform/ec/build/zephyr/kyogre/modules/ec/common/virtual_battery.c.obj
[pujjogatwin:ro] [217/414] Building C object modules/ec/zephyr/CMakeFiles/ec_shim.dir/shim/src/cbi/cbi_eeprom.c.obj
[teliks:rw] [123/402] Building C object CMakeFiles/app.dir/mnt/host/source/src/platform/ec/build/zephyr/teliks/modules/ec/common/usbc/dp_alt_mode.c.obj
[/mnt/host/source/src/platform/ec/build/zephyr/pujjocento-lcov]   /mnt/host/source/src/platform/ec/build/zephyr/pujjocento/build-ro/zephyr/CMakeFiles/zephyr.dir/lib/libc/validate_libc.c.gcno:no functions found
[/mnt/host/source/src/platform/ec/build/zephyr/pujjocento-lcov] stderr:
[teliks:rw] [124/402] Building C object CMakeFiles/app.dir/mnt/host/source/src/platform/ec/build/zephyr/teliks/modules/ec/common/usb_pd_console_cmd.c.obj
[pujjogatwin:ro] [218/414] Building ASM object modules/ec/zephyr/CMakeFiles/ec_shim.dir/shim/src/libgcc_arm.S.obj
[kyogre:rw] [280/392] Building C object CMakeFiles/app.dir/mnt/host/source/src/platform/ec/build/zephyr/kyogre/modules/ec/common/keyboard_scan.c.obj
[kyogre:rw] [281/392] Building C object CMakeFiles/app.dir/mnt/host/source/src/platform/ec/build/zephyr/kyogre/modules/ec/common/mkbp_fifo.c.obj
[pujjogatwin:ro] [219/414] Building C object modules/ec/zephyr/CMakeFiles/ec_shim.dir/shim/src/system.c.obj
[teliks:rw] [125/402] Building C object CMakeFiles/app.dir/mnt/host/source/src/platform/ec/build/zephyr/teliks/modules/ec/common/usb_pd_host_cmd.c.obj
[kyogre:ro] [121/392] Building C object CMakeFiles/app.dir/mnt/host/source/src/platform/ec/build/zephyr/kyogre/modules/ec/common/vstore.c.obj
[kyogre:ro] [122/392] Building C object CMakeFiles/app.dir/mnt/host/source/src/platform/ec/build/zephyr/kyogre/modules/ec/common/math_util.c.obj
[kyogre:ro] [123/392] Building C object CMakeFiles/app.dir/src/board.c.obj
[kyogre:rw] [282/392] Building C object CMakeFiles/app.dir/mnt/host/source/src/platform/ec/build/zephyr/kyogre/modules/ec/common/mkbp_info.c.obj
[kyogre:rw] [283/392] Building C object CMakeFiles/app.dir/mnt/host/source/src/platform/ec/build/zephyr/kyogre/modules/ec/common/keyboard_mkbp.c.obj
[teliks:rw] [126/402] Building C object CMakeFiles/app.dir/mnt/host/source/src/platform/ec/build/zephyr/teliks/modules/ec/common/usbc/usb_pd_host.c.obj
[pujjogatwin:ro] [220/414] Building C object modules/ec/zephyr/CMakeFiles/ec_shim.dir/shim/src/battery.c.obj
[kyogre:rw] [284/392] Building C object CMakeFiles/app.dir/mnt/host/source/src/platform/ec/build/zephyr/kyogre/modules/ec/common/mkbp_input_devices.c.obj
[pujjogatwin:ro] [221/414] Building C object modules/ec/zephyr/CMakeFiles/ec_shim.dir/shim/src/adc.c.obj
[teliks:rw] [127/402] Building C object CMakeFiles/app.dir/mnt/host/source/src/platform/ec/build/zephyr/teliks/modules/ec/zephyr/shim/src/tcpc.c.obj
[kyogre:rw] [285/392] Building C object CMakeFiles/app.dir/mnt/host/source/src/platform/ec/build/zephyr/kyogre/modules/ec/common/led_common.c.obj
[kyogre:ro] [124/392] Building C object CMakeFiles/app.dir/src/hibernate.c.obj
[/mnt/host/source/src/platform/ec/build/zephyr/craaskov-lcov]   /mnt/host/source/src/platform/ec/build/zephyr/craaskov/build-rw/modules/ec/zephyr/CMakeFiles/ec_shim.dir/shim/src/keyscan.c.gcno:no functions found
[/mnt/host/source/src/platform/ec/build/zephyr/craaskov-lcov] stderr:
[/mnt/host/source/src/platform/ec/build/zephyr/pujjocento-lcov]   /mnt/host/source/src/platform/ec/build/zephyr/pujjocento/build-ro/zephyr/CMakeFiles/zephyr.dir/lib/utils/last_section_id.c.gcno:no functions found
[/mnt/host/source/src/platform/ec/build/zephyr/pujjocento-lcov] stderr:
[teliks:rw] [128/402] Building C object CMakeFiles/app.dir/mnt/host/source/src/platform/ec/build/zephyr/teliks/modules/ec/common/usb_pd_host_cmd_common.c.obj
[kyogre:ro] [125/392] Building C object CMakeFiles/app.dir/src/usbc.c.obj
[kyogre:rw] [286/392] Building C object CMakeFiles/app.dir/mnt/host/source/src/platform/ec/build/zephyr/kyogre/modules/ec/common/motion_lid.c.obj
[kyogre:ro] [126/392] Building C object CMakeFiles/app.dir/src/usb_pd_policy.c.obj
[teliks:rw] [129/402] Building C object CMakeFiles/app.dir/mnt/host/source/src/platform/ec/build/zephyr/teliks/modules/ec/common/usbc/svdm_rsp_dfp_only.c.obj
[/mnt/host/source/src/platform/ec/build/zephyr/kinmen-lcov]   /mnt/host/source/src/platform/ec/build/zephyr/kinmen/build-rw/zephyr/CMakeFiles/zephyr.dir/soc/ite/ec/it8xxx2/check_regs.c.gcno:no functions found
[/mnt/host/source/src/platform/ec/build/zephyr/kinmen-lcov] stderr:
[kyogre:rw] [287/392] Building C object CMakeFiles/app.dir/mnt/host/source/src/platform/ec/build/zephyr/kyogre/modules/ec/common/lid_angle.c.obj
[pujjogatwin:ro] [222/414] Building C object modules/ec/zephyr/CMakeFiles/ec_shim.dir/shim/src/charger.c.obj
[kyogre:rw] [288/392] Building C object CMakeFiles/app.dir/mnt/host/source/src/platform/ec/build/zephyr/kyogre/modules/ec/common/lid_angle_keyboard_policy.c.obj
[pujjogatwin:ro] [223/414] Building C object modules/ec/zephyr/CMakeFiles/ec_shim.dir/shim/src/chipset_api.c.obj
[kyogre:rw] [289/392] Building C object CMakeFiles/app.dir/mnt/host/source/src/platform/ec/build/zephyr/kyogre/modules/ec/common/lid_switch.c.obj
[teliks:rw] [130/402] Building C object CMakeFiles/app.dir/mnt/host/source/src/platform/ec/build/zephyr/teliks/modules/ec/common/usbc_ocp.c.obj
[kyogre:ro] [127/392] Building C object CMakeFiles/app.dir/src/board_chipset.c.obj
[kyogre:ro] [128/392] Building C object CMakeFiles/app.dir/src/variant_db_detection.c.obj
[teliks:rw] [131/402] Building C object CMakeFiles/app.dir/mnt/host/source/src/platform/ec/build/zephyr/teliks/modules/ec/common/usb_pd_discovery.c.obj
[kyogre:ro] [129/392] Building C object CMakeFiles/app.dir/src/npcx_i2c.c.obj
[kyogre:rw] [290/392] Building C object CMakeFiles/app.dir/mnt/host/source/src/platform/ec/build/zephyr/kyogre/modules/ec/common/mkbp_event.c.obj
[teliks:rw] [132/402] Building C object CMakeFiles/app.dir/mnt/host/source/src/platform/ec/build/zephyr/teliks/modules/ec/common/usb_pd_dual_role.c.obj
[kyogre:rw] [291/392] Building C object CMakeFiles/app.dir/mnt/host/source/src/platform/ec/build/zephyr/kyogre/modules/ec/common/power_button.c.obj
[kyogre:rw] [292/392] Building C object CMakeFiles/app.dir/mnt/host/source/src/platform/ec/build/zephyr/kyogre/modules/ec/common/motion_sense.c.obj
[pujjogatwin:ro] [224/414] Building C object modules/ec/zephyr/CMakeFiles/ec_shim.dir/shim/src/espi.c.obj
[kyogre:rw] [293/392] Building C object CMakeFiles/app.dir/mnt/host/source/src/platform/ec/build/zephyr/kyogre/modules/ec/power/common.c.obj
[teliks:rw] [133/402] Building C object CMakeFiles/app.dir/mnt/host/source/src/platform/ec/build/zephyr/teliks/modules/ec/driver/tcpm/ite_pd_intc.c.obj
[kyogre:ro] [130/392] Building C object CMakeFiles/app.dir/src/npcx_usb_pd_policy.c.obj
[pujjogatwin:ro] [225/414] Building C object modules/ec/zephyr/CMakeFiles/ec_shim.dir/shim/src/flash.c.obj
[teliks:rw] [134/402] Building C object CMakeFiles/app.dir/mnt/host/source/src/platform/ec/build/zephyr/teliks/modules/ec/driver/tcpm/tcpci.c.obj
[kyogre:ro] [131/392] Building C object CMakeFiles/app.dir/src/npcx_usbc.c.obj
[kyogre:ro] [132/392] Building C object CMakeFiles/app.dir/kyogre/src/battery_detection.c.obj
[kyogre:rw] [294/392] Building C object CMakeFiles/app.dir/mnt/host/source/src/platform/ec/build/zephyr/kyogre/modules/ec/power/host_sleep.c.obj
[/mnt/host/source/src/platform/ec/build/zephyr/pujjocento-lcov]   /mnt/host/source/src/platform/ec/build/zephyr/pujjocento/build-ro/zephyr/CMakeFiles/zephyr.dir/soc/nuvoton/npcx/common/npcxn/registers.c.gcno:no functions found
[/mnt/host/source/src/platform/ec/build/zephyr/pujjocento-lcov] stderr:
[teliks:rw] [135/402] Building C object CMakeFiles/app.dir/mnt/host/source/src/platform/ec/build/zephyr/teliks/modules/ec/driver/tcpm/it8xxx2.c.obj
[kyogre:rw] [295/392] Building C object CMakeFiles/app.dir/mnt/host/source/src/platform/ec/build/zephyr/kyogre/modules/ec/common/panic_output.c.obj
[kyogre:ro] [133/392] Building C object zephyr/CMakeFiles/zephyr.dir/lib/libc/validate_libc.c.obj
[kyogre:rw] [296/392] Building C object CMakeFiles/app.dir/mnt/host/source/src/platform/ec/build/zephyr/kyogre/modules/ec/power/mt8186.c.obj
[pujjogatwin:ro] [226/414] Building C object modules/ec/zephyr/CMakeFiles/ec_shim.dir/shim/src/hooks.c.obj
[kyogre:rw] [297/392] Building C object CMakeFiles/app.dir/mnt/host/source/src/platform/ec/build/zephyr/kyogre/modules/ec/common/sha256.c.obj
[pujjogatwin:ro] [227/414] Building C object modules/ec/zephyr/CMakeFiles/ec_shim.dir/shim/src/host_command.c.obj
[kyogre:ro] [134/392] Building C object CMakeFiles/app.dir/kyogre/src/pen_charge.c.obj
[teliks:rw] [136/402] Building C object CMakeFiles/app.dir/mnt/host/source/src/platform/ec/build/zephyr/teliks/modules/ec/common/usbc_ppc.c.obj
[kyogre:ro] [135/392] Building C object zephyr/CMakeFiles/zephyr.dir/lib/heap/heap.c.obj
[teliks:rw] [137/402] Building C object CMakeFiles/app.dir/mnt/host/source/src/platform/ec/build/zephyr/teliks/modules/ec/driver/ppc/syv682x.c.obj
[kyogre:ro] [136/392] Linking C static library app/libapp.a
[kyogre:rw] [298/392] Building C object CMakeFiles/app.dir/mnt/host/source/src/platform/ec/build/zephyr/kyogre/modules/ec/common/shared_mem.c.obj
[kyogre:rw] [299/392] Building C object CMakeFiles/app.dir/mnt/host/source/src/platform/ec/build/zephyr/kyogre/modules/ec/common/spi_flash_reg.c.obj
[kyogre:ro] [137/392] Building C object zephyr/CMakeFiles/zephyr.dir/lib/os/cbprintf_packaged.c.obj
[/mnt/host/source/src/platform/ec/build/zephyr/karis-lcov]   /mnt/host/source/src/platform/ec/build/zephyr/karis/build-rw/zephyr/drivers/sensor/CMakeFiles/drivers__sensor.dir/mnt/host/source/src/third_party/zephyr/main/misc/empty_file.c.gcno:no functions found
[/mnt/host/source/src/platform/ec/build/zephyr/karis-lcov] Filter suppressions 'region':
[pujjogatwin:ro] [228/414] Building C object modules/ec/zephyr/CMakeFiles/ec_shim.dir/shim/src/keyboard_raw.c.obj
[teliks:rw] [138/402] Building C object CMakeFiles/app.dir/mnt/host/source/src/platform/ec/build/zephyr/teliks/modules/ec/common/vboot_hash.c.obj
[/mnt/host/source/src/platform/ec/build/zephyr/karis-lcov]     34 instances
[/mnt/host/source/src/platform/ec/build/zephyr/karis-lcov]     22 coverpoints
[/mnt/host/source/src/platform/ec/build/zephyr/karis-lcov] Message summary:
[/mnt/host/source/src/platform/ec/build/zephyr/karis-lcov]   35 ignore messages:
[/mnt/host/source/src/platform/ec/build/zephyr/karis-lcov]     gcov: 35
[lite-ish:singleimage] Building: /usr/bin/ninja -C /mnt/host/source/src/platform/ec/build/zephyr/lite-ish/build-singleimage all.libraries
Running `env -i SHELL=/bin/bash COLORTERM=truecolor DEPOT_TOOLS_UPDATE=0 LESS='-R -M --shift 5' SUDO_GID=0 JDK_HOME=/etc/java-config-2/current-system-vm CONFIG_PROTECT_MASK='/etc/gentoo-release /etc/sandbox.d /etc/fonts/fonts.conf /etc/terminfo /etc/ca-certificates.conf /etc/revdep-rebuild' CHROMEOS_CACHEDIR=/var/cache/chromeos-cache JAVA_HOME=/etc/java-config-2/current-system-vm SSH_AUTH_SOCK=/tmp/ssh-auth-sock SUDO_COMMAND=/bin/bash SUDO_USER=root SUDO_TTY=/dev/pts/2 EDITOR=/usr/bin/vi PWD=/mnt/host/source/src/platform/ec CONFIG_PROTECT=/usr/share/gnupg/qualified.txt LOGNAME=jpmurphy MANPATH=/etc/java-config-2/current-system-vm/man:/usr/local/share/man:/usr/share/man:/usr/share/gcc-data/x86_64-pc-linux-gnu/10.2.0/man:/usr/share/binutils-data/x86_64-pc-linux-gnu/2.45/man:/etc/java-config-2/current-system-vm/man/ SUDO_HOME=/root XAUTHORITY=/run/user/944457/gdm/Xauthority HOME=/home/jpmurphy LANG=C.UTF-8 LS_COLORS='rs=0:di=01;34:ln=01;36:mh=00:pi=40;33:so=01;35:do=01;35:bd=40;33;01:cd=40;33;01:or=01;05;37;41:mi=01;05;37;41:su=37;41:sg=30;43:ca=30;41:tw=30;42:ow=34;42:st=37;44:ex=01;32:*.tar=01;31:*.tgz=01;31:*.arc=01;31:*.arj=01;31:*.taz=01;31:*.lha=01;31:*.lz4=01;31:*.lzh=01;31:*.lzma=01;31:*.tlz=01;31:*.txz=01;31:*.tzo=01;31:*.t7z=01;31:*.zip=01;31:*.z=01;31:*.dz=01;31:*.gz=01;31:*.lrz=01;31:*.lz=01;31:*.lzo=01;31:*.xz=01;31:*.zst=01;31:*.tzst=01;31:*.bz2=01;31:*.bz=01;31:*.tbz=01;31:*.tbz2=01;31:*.tz=01;31:*.deb=01;31:*.rpm=01;31:*.jar=01;31:*.war=01;31:*.ear=01;31:*.sar=01;31:*.rar=01;31:*.alz=01;31:*.ace=01;31:*.zoo=01;31:*.cpio=01;31:*.7z=01;31:*.rz=01;31:*.cab=01;31:*.wim=01;31:*.swm=01;31:*.dwm=01;31:*.esd=01;31:*.jpg=01;35:*.jpeg=01;35:*.mjpg=01;35:*.mjpeg=01;35:*.gif=01;35:*.bmp=01;35:*.pbm=01;35:*.pgm=01;35:*.ppm=01;35:*.tga=01;35:*.xbm=01;35:*.xpm=01;35:*.tif=01;35:*.tiff=01;35:*.png=01;35:*.svg=01;35:*.svgz=01;35:*.mng=01;35:*.pcx=01;35:*.mov=01;35:*.mpg=01;35:*.mpeg=01;35:*.m2v=01;35:*.mkv=01;35:*.webm=01;35:*.webp=01;35:*.ogm=01;35:*.mp4=01;35:*.m4v=01;35:*.mp4v=01;35:*.vob=01;35:*.qt=01;35:*.nuv=01;35:*.wmv=01;35:*.asf=01;35:*.rm=01;35:*.rmvb=01;35:*.flc=01;35:*.avi=01;35:*.fli=01;35:*.flv=01;35:*.gl=01;35:*.dl=01;35:*.xcf=01;35:*.xwd=01;35:*.yuv=01;35:*.cgm=01;35:*.emf=01;35:*.ogv=01;35:*.ogx=01;35:*.cfg=00;32:*.conf=00;32:*.diff=00;32:*.doc=00;32:*.ini=00;32:*.log=00;32:*.patch=00;32:*.pdf=00;32:*.ps=00;32:*.tex=00;32:*.txt=00;32:*.aac=00;36:*.au=00;36:*.flac=00;36:*.m4a=00;36:*.mid=00;36:*.midi=00;36:*.mka=00;36:*.mp3=00;36:*.mpc=00;36:*.ogg=00;36:*.ra=00;36:*.wav=00;36:*.oga=00;36:*.opus=00;36:*.spx=00;36:*.xspf=00;36:' XDG_CURRENT_DESKTOP=GNOME INFOPATH=/usr/share/info:/usr/share/gcc-data/x86_64-pc-linux-gnu/10.2.0/info:/usr/share/binutils-data/x86_64-pc-linux-gnu/2.45/info:/usr/share/automake-1.16.5/info JAVAC=/etc/java-config-2/current-system-vm/bin/javac TERM=xterm-256color LESSOPEN='|lesspipe %s' USER=jpmurphy CROS_WORKON_SRCROOT=/mnt/host/source MANPAGER=manpager DISPLAY=:1 SHLVL=1 LC_MESSAGES=C EXTERNAL_TRUNK_PATH=/mnt/8f9d649a-3721-44cc-93c0-e6bd21a9689f/chromiumos GCC_SPECS='' PATH=/mnt/host/source/chromite/bin:/usr/local/bin:/usr/bin:/bin:/opt/bin:/mnt/host/source/chromite/sdk/bin:/mnt/host/source/chromite/bin PORTAGE_USERNAME=jpmurphy SUDO_UID=0 GCC_VER=10.2.0 MAIL=/var/mail/jpmurphy OLDPWD=/mnt/host/source/src/scripts traceparent=00-e87aca51550a78635907baa6a2476181-6d684811675d2973-01 _=./zephyr/firmware_builder.py COREBOOT_SDK_ROOT_x86=/home/jpmurphy/.cache/coreboot-sdk/i386-elf/dfbb0486385d938cfa9d73080b9d18d598ed4f49 COREBOOT_SDK_ROOT_picolibc_x86=/home/jpmurphy/.cache/coreboot-sdk/picolibc-i386-elf/eb8e8e687b95461de8cbf278f1c2076952d0ad17 COREBOOT_SDK_ROOT_riscv64=/home/jpmurphy/.cache/coreboot-sdk/riscv64-elf/96b949749225b6aaa92ed810ab769e8dfb12f000 COREBOOT_SDK_ROOT_picolibc_arm=/home/jpmurphy/.cache/coreboot-sdk/picolibc-arm-eabi/422a2aa3e1ef891b5bece9a3deb696ff83840d2e COREBOOT_SDK_ROOT_nds32=/home/jpmurphy/.cache/coreboot-sdk/nds32le-elf/d1a518c4a097666d86058e1444f85ca015d15511 COREBOOT_SDK_ROOT_picolibc_riscv64=/home/jpmurphy/.cache/coreboot-sdk/picolibc-riscv64-elf/f571e990ef0278564b31124f8bb109d9a697eb69 COREBOOT_SDK_ROOT_arm=/home/jpmurphy/.cache/coreboot-sdk/arm-eabi/ea40ddd1d190c3b48435c474c0b545719371813a COREBOOT_SDK_ROOT_libstdcxx_riscv64=/home/jpmurphy/.cache/coreboot-sdk/libstdcxx-riscv64-elf/17abf22a3a252e2d5d2062ced5324f7a623689e0 COREBOOT_SDK_ROOT_libstdcxx_arm=/home/jpmurphy/.cache/coreboot-sdk/libstdcxx-arm-eabi/5d7d82e150e44aa1968f1d366e267e6687b328ac COREBOOT_SDK_ROOT_riscv=/home/jpmurphy/.cache/coreboot-sdk/riscv-elf/9a27b9e82341c6e9126624f516ab3f261abb3e73 COREBOOT_SDK_ROOT_libstdcxx_x86=/home/jpmurphy/.cache/coreboot-sdk/libstdcxx-i386-elf/42ef9d2e87a76a37963175d7d428734e65648b87 PYTHONPATH=/mnt/host/source/src/platform/ec/zephyr/zmake PW_PIGWEED_CIPD_INSTALL_DIR=/usr CROSTC_USER_ACKNOWLEDGES_THAT_RISCV_IS_EXPERIMENTAL=1 MAKEFLAGS=' -j16 --jobserver-auth=5,6' /usr/bin/ninja -C /mnt/host/source/src/platform/ec/build/zephyr/lite-ish/build-singleimage all.libraries`
[lite-ish:singleimage] ninja: Entering directory `/mnt/host/source/src/platform/ec/build/zephyr/lite-ish/build-singleimage'
[kyogre:rw] [300/392] Building C object CMakeFiles/app.dir/mnt/host/source/src/platform/ec/build/zephyr/kyogre/modules/ec/common/switch.c.obj
[kyogre:rw] [301/392] Building C object CMakeFiles/app.dir/mnt/host/source/src/platform/ec/build/zephyr/kyogre/modules/ec/driver/stm_mems_common.c.obj
[kyogre:ro] [138/392] Building C object zephyr/CMakeFiles/zephyr.dir/lib/os/printk.c.obj
[kyogre:ro] [139/392] Building C object zephyr/CMakeFiles/zephyr.dir/lib/os/clock.c.obj
[pujjogatwin:ro] [229/414] Building C object modules/ec/zephyr/CMakeFiles/ec_shim.dir/shim/src/console_buffer.c.obj
[teliks:rw] [139/402] Building C object CMakeFiles/app.dir/mnt/host/source/src/platform/ec/build/zephyr/teliks/modules/ec/common/button.c.obj
[teliks:rw] [140/402] Building C object CMakeFiles/app.dir/mnt/host/source/src/platform/ec/build/zephyr/teliks/modules/ec/common/vboot/efs2.c.obj
[kyogre:ro] [140/392] Building C object zephyr/CMakeFiles/zephyr.dir/lib/os/sem.c.obj
[lite-ish:singleimage] [1/257] Generating include/generated/zephyr/version.h
[lite-ish:singleimage] -- git describe warned: warning: tag 'upstream/v2.7.99' is externally known as 'v2.7.99'
[lite-ish:singleimage] -- Zephyr version: 4.3.99 (/mnt/host/source/src/third_party/zephyr/main)
[lite-ish:singleimage] [2/257] Preparing syscall dependency handling
[kyogre:rw] [302/392] Building C object CMakeFiles/app.dir/mnt/host/source/src/platform/ec/build/zephyr/kyogre/modules/ec/common/tablet_mode.c.obj
[kyogre:ro] [141/392] Building C object zephyr/CMakeFiles/zephyr.dir/lib/os/cbprintf_nano.c.obj
[lite-ish:singleimage] [3/257] Generating misc/generated/syscalls_subdirs.trigger
[kyogre:ro] [142/392] Building C object zephyr/CMakeFiles/zephyr.dir/lib/os/thread_entry.c.obj
[pujjogatwin:ro] [230/414] Building C object modules/ec/zephyr/CMakeFiles/ec_shim.dir/shim/src/keyscan.c.obj
[pujjogatwin:ro] [231/414] Building C object modules/ec/zephyr/CMakeFiles/ec_shim.dir/shim/src/mkbp_event.c.obj
[teliks:rw] [141/402] Building C object CMakeFiles/app.dir/mnt/host/source/src/platform/ec/build/zephyr/teliks/modules/ec/common/vstore.c.obj
[teliks:rw] [142/402] Building C object CMakeFiles/app.dir/mnt/host/source/src/platform/ec/build/zephyr/teliks/modules/ec/common/math_util.c.obj
[/mnt/host/source/src/platform/ec/build/zephyr/kinmen-lcov]   /mnt/host/source/src/platform/ec/build/zephyr/kinmen/build-rw/zephyr/kernel/CMakeFiles/kernel.dir/errno.c.gcno:no functions found
[/mnt/host/source/src/platform/ec/build/zephyr/kinmen-lcov] stderr:
[kyogre:rw] [303/392] Building C object CMakeFiles/app.dir/mnt/host/source/src/platform/ec/build/zephyr/kyogre/modules/ec/common/timer.c.obj
[kyogre:rw] [304/392] Building C object CMakeFiles/app.dir/mnt/host/source/src/platform/ec/build/zephyr/kyogre/modules/ec/common/typec_control.c.obj
[kyogre:rw] [305/392] Building C object CMakeFiles/app.dir/mnt/host/source/src/platform/ec/build/zephyr/kyogre/modules/ec/common/usb_port_power_dumb.c.obj
[kyogre:ro] [143/392] Building C object zephyr/CMakeFiles/zephyr.dir/lib/utils/dec.c.obj
[kyogre:ro] [144/392] Building C object zephyr/CMakeFiles/zephyr.dir/lib/os/cbprintf.c.obj
[teliks:rw] [143/402] Building C object CMakeFiles/app.dir/src/common.c.obj
[kyogre:ro] [145/392] Building C object zephyr/CMakeFiles/zephyr.dir/lib/utils/hex.c.obj
[kyogre:ro] [146/392] Building C object zephyr/CMakeFiles/zephyr.dir/lib/os/assert.c.obj
[lite-ish:singleimage] [4/257] Generating misc/generated/syscalls.json, misc/generated/struct_tags.json
[pujjogatwin:ro] [232/414] Building C object modules/ec/zephyr/CMakeFiles/ec_shim.dir/shim/src/panic.c.obj
[teliks:rw] [144/402] Building C object CMakeFiles/app.dir/src/board_power.c.obj
[kyogre:ro] [147/392] Building C object zephyr/CMakeFiles/zephyr.dir/lib/utils/timeutil.c.obj
[kyogre:rw] [306/392] Building C object CMakeFiles/app.dir/mnt/host/source/src/platform/ec/build/zephyr/kyogre/modules/ec/common/usb_pd_pdo.c.obj
[teliks:rw] [145/402] Building C object CMakeFiles/app.dir/teliks/src/board.c.obj
[kyogre:rw] [307/392] Building C object CMakeFiles/app.dir/mnt/host/source/src/platform/ec/build/zephyr/kyogre/modules/ec/common/usb_common.c.obj
[lite-ish:singleimage] [5/257] Generating include/generated/zephyr/syscall_dispatch.c, include/generated/zephyr/syscall_exports_llext.c, syscall_weakdefs_llext.c, include/generated/zephyr/syscall_list.h
[pujjogatwin:ro] [233/414] Building C object modules/ec/zephyr/CMakeFiles/ec_shim.dir/shim/src/motionsense_sensors.c.obj
[kyogre:rw] [308/392] Building C object CMakeFiles/app.dir/mnt/host/source/src/platform/ec/build/zephyr/kyogre/modules/ec/common/usbc/usbc_task.c.obj
[kyogre:rw] [309/392] Building C object CMakeFiles/app.dir/mnt/host/source/src/platform/ec/build/zephyr/kyogre/modules/ec/common/usbc/usb_pd_timer.c.obj
[lite-ish:singleimage] [6/257] Generating include/generated/zephyr/driver-validation.h
[kyogre:ro] [148/392] Building C object zephyr/CMakeFiles/zephyr.dir/lib/utils/rb.c.obj
[kyogre:ro] [149/392] Building C object zephyr/CMakeFiles/zephyr.dir/lib/utils/bitmask.c.obj
[lite-ish:singleimage] [7/257] Generating include/generated/zephyr/kobj-types-enum.h, include/generated/zephyr/otype-to-str.h, include/generated/zephyr/otype-to-size.h
[lite-ish:singleimage] [8/257] Generating include/generated/device-api-sections.ld, include/generated/device-api-sections.cmake
[kyogre:ro] [150/392] Building C object zephyr/CMakeFiles/zephyr.dir/lib/utils/bitarray.c.obj
[teliks:rw] [146/402] Building C object CMakeFiles/app.dir/teliks/src/sub_board.c.obj
[/mnt/host/source/src/platform/ec/build/zephyr/pujjocento-lcov]   /mnt/host/source/src/platform/ec/build/zephyr/pujjocento/build-ro/zephyr/kernel/CMakeFiles/kernel.dir/errno.c.gcno:no functions found
[/mnt/host/source/src/platform/ec/build/zephyr/pujjocento-lcov] stderr:
[/mnt/host/source/src/platform/ec/build/zephyr/kinmen-lcov]   /mnt/host/source/src/platform/ec/build/zephyr/kinmen/build-rw/zephyr/lib/libc/picolibc/CMakeFiles/lib__libc__picolibc.dir/errno_wrap.c.gcno:no functions found
[/mnt/host/source/src/platform/ec/build/zephyr/kinmen-lcov] stderr:
[kyogre:ro] [151/392] Building C object zephyr/CMakeFiles/zephyr.dir/lib/utils/ring_buffer.c.obj
[teliks:rw] [147/402] Building C object CMakeFiles/app.dir/teliks/src/prochot.c.obj
[lite-ish:singleimage] [9/257] Building C object zephyr/CMakeFiles/offsets.dir/arch/x86/core/offsets/offsets.c.obj
[kyogre:ro] [152/392] Building C object zephyr/CMakeFiles/zephyr.dir/lib/utils/last_section_id.c.obj
[kyogre:rw] [310/392] Building C object CMakeFiles/app.dir/mnt/host/source/src/platform/ec/build/zephyr/kyogre/modules/ec/common/usbc/usb_sm.c.obj
[pujjogatwin:ro] [234/414] Building C object modules/ec/zephyr/CMakeFiles/ec_shim.dir/shim/src/temp_sensors.c.obj
[kyogre:rw] [311/392] Building C object CMakeFiles/app.dir/mnt/host/source/src/platform/ec/build/zephyr/kyogre/modules/ec/common/usbc_intr_task.c.obj
[kyogre:ro] [153/392] Building C object zephyr/CMakeFiles/zephyr.dir/lib/utils/getopt/getopt.c.obj
[lite-ish:singleimage] [10/257] Generating include/generated/zephyr/offsets.h
[pujjogatwin:ro] [235/414] Building C object modules/ec/zephyr/CMakeFiles/ec_shim.dir/shim/src/thermal.c.obj
[kyogre:rw] [312/392] Building C object CMakeFiles/app.dir/mnt/host/source/src/platform/ec/build/zephyr/kyogre/modules/ec/common/usb_pd_flags.c.obj
[kyogre:rw] [313/392] Building C object CMakeFiles/app.dir/mnt/host/source/src/platform/ec/build/zephyr/kyogre/modules/ec/common/usbc_utils.c.obj
[teliks:rw] [148/402] Building C object CMakeFiles/app.dir/teliks/src/usbc.c.obj
[kyogre:ro] [154/392] Building C object zephyr/CMakeFiles/zephyr.dir/lib/utils/getopt/getopt_common.c.obj
[kyogre:ro] [155/392] Building C object zephyr/CMakeFiles/zephyr.dir/misc/generated/configs.c.obj
[teliks:rw] [149/402] Building C object CMakeFiles/app.dir/teliks/src/charger.c.obj
[lite-ish:singleimage] [11/257] Building C object zephyr/CMakeFiles/zephyr.dir/lib/libc/validate_libc.c.obj
[teliks:rw] [150/402] Building C object CMakeFiles/app.dir/teliks/src/keyboard_customization.c.obj
[pujjogatwin:ro] [236/414] Building C object modules/ec/zephyr/CMakeFiles/ec_shim.dir/shim/src/hwtimer.c.obj
[kyogre:ro] [156/392] Building C object zephyr/CMakeFiles/zephyr.dir/soc/nuvoton/npcx/common/power.c.obj
[teliks:rw] [151/402] Building C object zephyr/CMakeFiles/zephyr.dir/lib/libc/validate_libc.c.obj
[kyogre:ro] [157/392] Building C object zephyr/CMakeFiles/zephyr.dir/soc/nuvoton/npcx/common/npcxn/registers.c.obj
[lite-ish:singleimage] [12/257] Building C object zephyr/CMakeFiles/zephyr.dir/lib/heap/heap.c.obj
[/mnt/host/source/src/platform/ec/build/zephyr/pujjocento-lcov]   /mnt/host/source/src/platform/ec/build/zephyr/pujjocento/build-ro/zephyr/lib/libc/picolibc/CMakeFiles/lib__libc__picolibc.dir/errno_wrap.c.gcno:no functions found
[/mnt/host/source/src/platform/ec/build/zephyr/pujjocento-lcov] stderr:
[kyogre:ro] [158/392] Building C object zephyr/CMakeFiles/zephyr.dir/soc/nuvoton/npcx/common/scfg.c.obj
[teliks:rw] [152/402] Linking C static library app/libapp.a
[kyogre:rw] [314/392] Building C object CMakeFiles/app.dir/mnt/host/source/src/platform/ec/build/zephyr/kyogre/modules/ec/common/usbc/usb_pd_console.c.obj
[pujjogatwin:ro] [237/414] Building C object modules/ec/zephyr/CMakeFiles/ec_shim.dir/shim/src/i2c.c.obj
[teliks:rw] [153/402] Building C object zephyr/CMakeFiles/zephyr.dir/lib/heap/heap.c.obj
[kyogre:rw] [315/392] Building C object CMakeFiles/app.dir/mnt/host/source/src/platform/ec/build/zephyr/kyogre/modules/ec/driver/usb_mux/ps8743.c.obj
[kyogre:rw] [316/392] Building C object CMakeFiles/app.dir/mnt/host/source/src/platform/ec/build/zephyr/kyogre/modules/ec/driver/usb_mux/usb_mux.c.obj
[kyogre:rw] [317/392] Building C object CMakeFiles/app.dir/mnt/host/source/src/platform/ec/build/zephyr/kyogre/modules/ec/common/chargen.c.obj
[kyogre:ro] [159/392] Building C object zephyr/CMakeFiles/zephyr.dir/soc/nuvoton/npcx/npcx9/soc.c.obj
[teliks:rw] [154/402] Building C object zephyr/CMakeFiles/zephyr.dir/lib/os/cbprintf_packaged.c.obj
[lite-ish:singleimage] [13/257] Building C object zephyr/CMakeFiles/zephyr.dir/lib/os/cbprintf_packaged.c.obj
[/mnt/host/source/src/platform/ec/build/zephyr/kinmen-lcov]   /mnt/host/source/src/platform/ec/build/zephyr/kinmen/build-rw/zephyr/drivers/sensor/CMakeFiles/drivers__sensor.dir/mnt/host/source/src/third_party/zephyr/main/misc/empty_file.c.gcno:no functions found
[kyogre:ro] [160/392] Building C object zephyr/CMakeFiles/zephyr.dir/subsys/logging/log_minimal.c.obj
[/mnt/host/source/src/platform/ec/build/zephyr/kinmen-lcov] stderr:
[teliks:rw] [155/402] Building C object zephyr/CMakeFiles/zephyr.dir/lib/os/clock.c.obj
[pujjogatwin:ro] [238/414] Building C object modules/ec/zephyr/CMakeFiles/ec_shim.dir/shim/src/tasks.c.obj
[kyogre:ro] [161/392] Building C object zephyr/CMakeFiles/zephyr.dir/subsys/mem_mgmt/mem_attr.c.obj
[kyogre:rw] [318/392] Building C object CMakeFiles/app.dir/mnt/host/source/src/platform/ec/build/zephyr/kyogre/modules/ec/driver/usb_mux/virtual.c.obj
[teliks:rw] [156/402] Building C object zephyr/CMakeFiles/zephyr.dir/lib/os/printk.c.obj
[pujjogatwin:ro] [239/414] Building C object modules/ec/zephyr/CMakeFiles/ec_shim.dir/shim/src/watchdog.c.obj
[lite-ish:singleimage] [14/257] Building C object zephyr/CMakeFiles/zephyr.dir/lib/os/clock.c.obj
[kyogre:rw] [319/392] Building C object CMakeFiles/app.dir/mnt/host/source/src/platform/ec/build/zephyr/kyogre/modules/ec/common/event_log.c.obj
[kyogre:rw] [320/392] Building C object CMakeFiles/app.dir/mnt/host/source/src/platform/ec/build/zephyr/kyogre/modules/ec/common/pd_log.c.obj
[kyogre:rw] [321/392] Building C object CMakeFiles/app.dir/mnt/host/source/src/platform/ec/build/zephyr/kyogre/modules/ec/common/dps.c.obj
[kyogre:ro] [162/392] Building C object zephyr/CMakeFiles/zephyr.dir/subsys/pm/state.c.obj
[teliks:rw] [157/402] Building C object zephyr/CMakeFiles/zephyr.dir/lib/os/sem.c.obj
[kyogre:ro] [163/392] Building C object zephyr/CMakeFiles/zephyr.dir/subsys/pm/pm.c.obj
[teliks:rw] [158/402] Building C object zephyr/CMakeFiles/zephyr.dir/lib/os/thread_entry.c.obj
[lite-ish:singleimage] [15/257] Building C object zephyr/CMakeFiles/zephyr.dir/lib/os/printk.c.obj
[kyogre:ro] [164/392] Building C object zephyr/CMakeFiles/zephyr.dir/subsys/pm/policy/policy_events.c.obj
[teliks:rw] [159/402] Building C object zephyr/CMakeFiles/zephyr.dir/lib/os/cbprintf_nano.c.obj
[pujjogatwin:ro] [240/414] Building C object modules/ec/zephyr/CMakeFiles/ec_shim.dir/shim/src/ppc.c.obj
[kyogre:ro] [165/392] Building C object zephyr/CMakeFiles/zephyr.dir/subsys/pm/policy/policy_latency.c.obj
[lite-ish:singleimage] [16/257] Building C object zephyr/CMakeFiles/zephyr.dir/lib/os/sem.c.obj
[pujjogatwin:ro] [241/414] Building C object modules/ec/zephyr/CMakeFiles/ec_shim.dir/shim/src/tcpc_nct38xx.c.obj
[teliks:rw] [160/402] Building C object zephyr/CMakeFiles/zephyr.dir/lib/utils/dec.c.obj
[teliks:rw] [161/402] Building C object zephyr/CMakeFiles/zephyr.dir/lib/os/assert.c.obj
[kyogre:ro] [166/392] Building C object zephyr/CMakeFiles/zephyr.dir/subsys/pm/policy/policy_state_lock.c.obj
[teliks:rw] [162/402] Building C object zephyr/CMakeFiles/zephyr.dir/lib/os/cbprintf.c.obj
[teliks:rw] [163/402] Building C object zephyr/CMakeFiles/zephyr.dir/lib/utils/hex.c.obj
[kyogre:rw] [322/392] Building C object CMakeFiles/app.dir/mnt/host/source/src/platform/ec/build/zephyr/kyogre/modules/ec/common/usbc/usb_prl_sm.c.obj
[lite-ish:singleimage] [17/257] Building C object zephyr/CMakeFiles/zephyr.dir/lib/os/thread_entry.c.obj
[kyogre:rw] [323/392] Building C object CMakeFiles/app.dir/mnt/host/source/src/platform/ec/build/zephyr/kyogre/modules/ec/common/usbc/usb_tc_drp_acc_trysrc_sm.c.obj
[teliks:rw] [164/402] Building C object zephyr/CMakeFiles/zephyr.dir/lib/utils/timeutil.c.obj
[kyogre:ro] [167/392] Building C object zephyr/CMakeFiles/zephyr.dir/subsys/pm/device.c.obj
[kyogre:rw] [324/392] Building C object CMakeFiles/app.dir/mnt/host/source/src/platform/ec/build/zephyr/kyogre/modules/ec/common/usbc/usb_pd_dpm.c.obj
[kyogre:rw] [325/392] Building C object CMakeFiles/app.dir/mnt/host/source/src/platform/ec/build/zephyr/kyogre/modules/ec/common/usbc/usb_pe_drp_sm.c.obj
[kyogre:ro] [168/392] Building C object zephyr/CMakeFiles/zephyr.dir/subsys/pm/device_system_managed.c.obj
[teliks:rw] [165/402] Building C object zephyr/CMakeFiles/zephyr.dir/lib/utils/bitmask.c.obj
[teliks:rw] [166/402] Building C object zephyr/CMakeFiles/zephyr.dir/lib/utils/rb.c.obj
[pujjogatwin:ro] [242/414] Building C object modules/ec/zephyr/CMakeFiles/ec_shim.dir/shim/src/usba.c.obj
[lite-ish:singleimage] [18/257] Building C object zephyr/CMakeFiles/zephyr.dir/lib/os/cbprintf_nano.c.obj
[kyogre:ro] [169/392] Building C object zephyr/CMakeFiles/zephyr.dir/subsys/testsuite/coverage/coverage.c.obj
[pujjogatwin:ro] [243/414] Building C object modules/ec/zephyr/CMakeFiles/ec_shim.dir/shim/src/power_host_sleep_api.c.obj
[kyogre:ro] [170/392] Building C object zephyr/CMakeFiles/zephyr.dir/subsys/tracing/tracing_none.c.obj
[teliks:rw] [167/402] Building C object zephyr/CMakeFiles/zephyr.dir/lib/utils/bitarray.c.obj
[lite-ish:singleimage] [19/257] Building C object zephyr/CMakeFiles/zephyr.dir/lib/os/cbprintf.c.obj
[pujjogatwin:ro] [244/414] cd /mnt/host/source/src/platform/ec/build/zephyr/pujjogatwin/build-ro/modules/ec/zephyr && PYTHONPATH=/mnt/host/source/src/platform/ec/build/zephyr/pujjogatwin/modules/ec/zephyr/zmake/ /usr/bin/python3.11 /mnt/host/source/src/platform/ec/build/zephyr/pujjogatwin/modules/ec/zephyr/zmake/zephyr_build_tools/generate_ec_version.py /mnt/host/source/src/platform/ec/build/zephyr/pujjogatwin/build-ro/modules/ec/zephyr/include/ec_version.h --name Zephyr-Kernel --version 16543.0.0 --static
[pujjogatwin:ro] INFO:root:Using a static version string
[kyogre:rw] [326/392] Building C object CMakeFiles/app.dir/mnt/host/source/src/platform/ec/build/zephyr/kyogre/modules/ec/common/usbc/usbc_pd_policy.c.obj
[teliks:rw] [168/402] Building C object zephyr/CMakeFiles/zephyr.dir/lib/utils/getopt/getopt.c.obj
[teliks:rw] [169/402] Building C object zephyr/CMakeFiles/zephyr.dir/lib/utils/ring_buffer.c.obj
[teliks:rw] [170/402] Building C object zephyr/CMakeFiles/zephyr.dir/lib/utils/getopt/getopt_common.c.obj
[kyogre:ro] [171/392] Building C object zephyr/CMakeFiles/zephyr.dir/subsys/shell/modules/kernel_service/kernel_shell.c.obj
[kyogre:rw] [327/392] Building C object CMakeFiles/app.dir/mnt/host/source/src/platform/ec/build/zephyr/kyogre/modules/ec/common/usbc/dp_alt_mode.c.obj
[kyogre:rw] [328/392] Building C object CMakeFiles/app.dir/mnt/host/source/src/platform/ec/build/zephyr/kyogre/modules/ec/common/usb_pd_console_cmd.c.obj
[teliks:rw] [171/402] Building C object zephyr/CMakeFiles/zephyr.dir/lib/utils/last_section_id.c.obj
[lite-ish:singleimage] [20/257] Building C object zephyr/CMakeFiles/zephyr.dir/lib/os/assert.c.obj
[teliks:rw] [172/402] Building C object zephyr/CMakeFiles/zephyr.dir/misc/generated/configs.c.obj
[kyogre:rw] [329/392] Building C object CMakeFiles/app.dir/mnt/host/source/src/platform/ec/build/zephyr/kyogre/modules/ec/common/usb_pd_host_cmd.c.obj
[kyogre:ro] [172/392] Building C object zephyr/CMakeFiles/zephyr.dir/subsys/shell/modules/kernel_service/cycles.c.obj
[teliks:rw] [173/402] Building ASM object zephyr/CMakeFiles/zephyr.dir/soc/ite/ec/common/soc_irq.S.obj
[pujjogatwin:ro] INFO:root:Version string: Zephyr-Kernel-16543.0.0
[pujjogatwin:ro] INFO:root:Writing header to /mnt/host/source/src/platform/ec/build/zephyr/pujjogatwin/build-ro/modules/ec/zephyr/include/ec_version.h
[pujjogatwin:ro] [245/414] Building C object modules/ec/zephyr/CMakeFiles/ec_shim.dir/shim/src/usb_muxes.c.obj
[pujjogatwin:ro] [246/414] Building C object CMakeFiles/app.dir/mnt/host/source/src/platform/ec/zephyr/subsys/ap_pwrseq/ap_events.c.obj
[kyogre:ro] [173/392] Building C object zephyr/CMakeFiles/zephyr.dir/subsys/shell/modules/kernel_service/sleep.c.obj
[lite-ish:singleimage] [21/257] Building C object zephyr/CMakeFiles/zephyr.dir/lib/os/mpsc_pbuf.c.obj
[teliks:rw] [174/402] Building C object zephyr/CMakeFiles/zephyr.dir/soc/ite/ec/common/soc_common_irq.c.obj
[kyogre:rw] [330/392] Building C object CMakeFiles/app.dir/mnt/host/source/src/platform/ec/build/zephyr/kyogre/modules/ec/common/usbc/usb_pd_host.c.obj
[kyogre:ro] [174/392] Building C object zephyr/CMakeFiles/zephyr.dir/subsys/shell/modules/kernel_service/uptime.c.obj
[teliks:rw] [175/402] Building C object zephyr/CMakeFiles/zephyr.dir/soc/ite/ec/common/policy.c.obj
[teliks:rw] [176/402] Building C object zephyr/CMakeFiles/zephyr.dir/soc/ite/ec/common/power.c.obj
[kyogre:rw] [331/392] Building C object CMakeFiles/app.dir/mnt/host/source/src/platform/ec/build/zephyr/kyogre/modules/ec/common/usb_pd_host_cmd_common.c.obj
[kyogre:ro] [175/392] Building C object zephyr/CMakeFiles/zephyr.dir/subsys/shell/modules/kernel_service/version.c.obj
[lite-ish:singleimage] [22/257] Building C object zephyr/CMakeFiles/zephyr.dir/lib/os/reboot.c.obj
[kyogre:rw] [332/392] Building C object CMakeFiles/app.dir/mnt/host/source/src/platform/ec/build/zephyr/kyogre/modules/ec/common/usbc/svdm_rsp_dfp_only.c.obj
[kyogre:rw] [333/392] Building C object CMakeFiles/app.dir/mnt/host/source/src/platform/ec/build/zephyr/kyogre/modules/ec/zephyr/shim/src/tcpc.c.obj
[kyogre:ro] [176/392] Building C object zephyr/CMakeFiles/zephyr.dir/subsys/shell/modules/kernel_service/thread/thread.c.obj
[/mnt/host/source/src/platform/ec/build/zephyr/kinmen-lcov]   /mnt/host/source/src/platform/ec/build/zephyr/kinmen/build-rw/zephyr/drivers/syscon/CMakeFiles/drivers__syscon.dir/mnt/host/source/src/third_party/zephyr/main/misc/empty_file.c.gcno:no functions found
[/mnt/host/source/src/platform/ec/build/zephyr/kinmen-lcov] Filter suppressions 'region':
[pujjogatwin:ro] [247/414] Building C object CMakeFiles/app.dir/mnt/host/source/src/platform/ec/zephyr/subsys/ap_pwrseq/ap_power_interface.c.obj
[teliks:rw] [177/402] Building ASM object zephyr/CMakeFiles/zephyr.dir/soc/ite/ec/it8xxx2/vector.S.obj
[lite-ish:singleimage] [23/257] Building C object zephyr/CMakeFiles/zephyr.dir/lib/utils/dec.c.obj
[pujjogatwin:ro] [248/414] Building C object CMakeFiles/app.dir/mnt/host/source/src/platform/ec/zephyr/subsys/ap_pwrseq/power_signals.c.obj
[/mnt/host/source/src/platform/ec/build/zephyr/kinmen-lcov]     36 instances
[/mnt/host/source/src/platform/ec/build/zephyr/kinmen-lcov]     26 coverpoints
[/mnt/host/source/src/platform/ec/build/zephyr/kinmen-lcov] Message summary:
[/mnt/host/source/src/platform/ec/build/zephyr/kinmen-lcov]   38 ignore messages:
[/mnt/host/source/src/platform/ec/build/zephyr/kinmen-lcov]     gcov: 38
[teliks:rw] [178/402] Building C object zephyr/CMakeFiles/zephyr.dir/soc/ite/ec/it8xxx2/soc.c.obj
[teliks:rw] [179/402] Building ASM object zephyr/CMakeFiles/zephyr.dir/soc/ite/ec/it8xxx2/__arithmetic.S.obj
[teliks:rw] [180/402] Building C object zephyr/CMakeFiles/zephyr.dir/soc/ite/ec/it8xxx2/check_regs.c.obj
[lite-ish:singleimage] [24/257] Building C object zephyr/CMakeFiles/zephyr.dir/lib/utils/hex.c.obj
[kyogre:ro] [177/392] Building C object zephyr/CMakeFiles/zephyr.dir/subsys/shell/modules/kernel_service/thread/list.c.obj
[kyogre:rw] [334/392] Building C object CMakeFiles/app.dir/mnt/host/source/src/platform/ec/build/zephyr/kyogre/modules/ec/common/usbc_ocp.c.obj
[kyogre:ro] [178/392] Building C object zephyr/CMakeFiles/zephyr.dir/subsys/shell/modules/kernel_service/thread/stacks.c.obj
[kyogre:rw] [335/392] Building C object CMakeFiles/app.dir/mnt/host/source/src/platform/ec/build/zephyr/kyogre/modules/ec/common/usb_pd_discovery.c.obj
[kyogre:ro] [179/392] Building C object zephyr/CMakeFiles/zephyr.dir/subsys/shell/modules/kernel_service/thread/suspend.c.obj
[kyogre:rw] [336/392] Building C object CMakeFiles/app.dir/mnt/host/source/src/platform/ec/build/zephyr/kyogre/modules/ec/common/usb_pd_dual_role.c.obj
[kyogre:rw] [337/392] Building C object CMakeFiles/app.dir/mnt/host/source/src/platform/ec/build/zephyr/kyogre/modules/ec/common/usbc/dp_hpd_gpio.c.obj
[teliks:rw] [181/402] Building C object zephyr/CMakeFiles/zephyr.dir/subsys/logging/log_minimal.c.obj
[teliks:rw] [182/402] Building C object zephyr/CMakeFiles/zephyr.dir/soc/ite/ec/it8xxx2/ilm.c.obj
[lite-ish:singleimage] [25/257] Building C object zephyr/CMakeFiles/zephyr.dir/lib/utils/rb.c.obj
[teliks:rw] [183/402] Building C object zephyr/CMakeFiles/zephyr.dir/subsys/pm/state.c.obj
[teliks:rw] [184/402] Building C object zephyr/CMakeFiles/zephyr.dir/subsys/pm/pm.c.obj
[pujjogatwin:ro] [249/414] Building C object CMakeFiles/app.dir/mnt/host/source/src/platform/ec/zephyr/subsys/ap_pwrseq/signal_gpio.c.obj
[pujjogatwin:ro] [250/414] Building C object CMakeFiles/app.dir/mnt/host/source/src/platform/ec/zephyr/subsys/ap_pwrseq/signal_vw.c.obj
[kyogre:ro] [180/392] Building C object zephyr/CMakeFiles/zephyr.dir/subsys/shell/modules/kernel_service/thread/resume.c.obj
[lite-ish:singleimage] [26/257] Building C object zephyr/CMakeFiles/zephyr.dir/lib/utils/timeutil.c.obj
[kyogre:ro] [181/392] Building C object zephyr/CMakeFiles/zephyr.dir/subsys/shell/modules/kernel_service/thread/kill.c.obj
[teliks:rw] [185/402] Building C object zephyr/CMakeFiles/zephyr.dir/subsys/pm/policy/policy_events.c.obj
[teliks:rw] [186/402] Building C object zephyr/CMakeFiles/zephyr.dir/subsys/pm/policy/policy_latency.c.obj
[kyogre:rw] [338/392] Building C object CMakeFiles/app.dir/mnt/host/source/src/platform/ec/build/zephyr/kyogre/modules/ec/driver/tcpm/anx7447.c.obj
[teliks:rw] [187/402] Building C object zephyr/CMakeFiles/zephyr.dir/subsys/pm/policy/policy_state_lock.c.obj
[kyogre:ro] [182/392] Building C object zephyr/CMakeFiles/zephyr.dir/subsys/shell/modules/device_service.c.obj
[/mnt/host/source/src/platform/ec/build/zephyr/craaskov-lcov]   /mnt/host/source/src/platform/ec/build/zephyr/craaskov/build-rw/CMakeFiles/app.dir/mnt/host/source/src/platform/ec/build/zephyr/craaskov/modules/ec/common/usb_pd_pdo.c.gcno:no functions found
[/mnt/host/source/src/platform/ec/build/zephyr/craaskov-lcov] stderr:
[teliks:rw] [188/402] Building C object zephyr/CMakeFiles/zephyr.dir/subsys/pm/device.c.obj
[lite-ish:singleimage] [27/257] Building C object zephyr/CMakeFiles/zephyr.dir/lib/utils/bitarray.c.obj
[kyogre:rw] [339/392] Building C object CMakeFiles/app.dir/mnt/host/source/src/platform/ec/build/zephyr/kyogre/modules/ec/driver/tcpm/rt1718s.c.obj
[kyogre:rw] [340/392] Building C object CMakeFiles/app.dir/mnt/host/source/src/platform/ec/build/zephyr/kyogre/modules/ec/common/usbc_ppc.c.obj
[pujjogatwin:ro] [251/414] Building C object CMakeFiles/app.dir/mnt/host/source/src/platform/ec/zephyr/subsys/ap_pwrseq/power_host_sleep.c.obj
[kyogre:rw] [341/392] Building C object CMakeFiles/app.dir/mnt/host/source/src/platform/ec/build/zephyr/kyogre/modules/ec/driver/tcpm/tcpci.c.obj
[kyogre:ro] [183/392] Building C object zephyr/CMakeFiles/zephyr.dir/subsys/shell/modules/date_service.c.obj
[pujjogatwin:ro] [252/414] Building C object CMakeFiles/app.dir/mnt/host/source/src/platform/ec/zephyr/subsys/ap_pwrseq/signal_adc.c.obj
[lite-ish:singleimage] [28/257] Building C object zephyr/CMakeFiles/zephyr.dir/lib/utils/bitmask.c.obj
[teliks:rw] [189/402] Building C object zephyr/CMakeFiles/zephyr.dir/subsys/pm/device_system_managed.c.obj
[kyogre:ro] [184/392] Building C object zephyr/CMakeFiles/zephyr.dir/subsys/shell/modules/devmem_service.c.obj
[teliks:rw] [190/402] Building C object zephyr/CMakeFiles/zephyr.dir/subsys/tracing/tracing_none.c.obj
[teliks:rw] [191/402] Building C object zephyr/CMakeFiles/zephyr.dir/subsys/testsuite/coverage/coverage.c.obj
[teliks:rw] [192/402] Building C object zephyr/CMakeFiles/zephyr.dir/subsys/shell/modules/kernel_service/kernel_shell.c.obj
[lite-ish:singleimage] [29/257] Building C object zephyr/CMakeFiles/zephyr.dir/lib/utils/getopt/getopt.c.obj
[kyogre:ro] [185/392] Building C object zephyr/CMakeFiles/zephyr.dir/subsys/shell/backends/shell_uart.c.obj
[kyogre:rw] [342/392] Building C object CMakeFiles/app.dir/mnt/host/source/src/platform/ec/build/zephyr/kyogre/modules/ec/driver/ppc/nx20p348x.c.obj
[kyogre:rw] [343/392] Building C object CMakeFiles/app.dir/mnt/host/source/src/platform/ec/build/zephyr/kyogre/modules/ec/common/vboot_hash.c.obj
[teliks:rw] [193/402] Building C object zephyr/CMakeFiles/zephyr.dir/subsys/shell/modules/kernel_service/cycles.c.obj
[kyogre:rw] [344/392] Building C object CMakeFiles/app.dir/mnt/host/source/src/platform/ec/build/zephyr/kyogre/modules/ec/common/button.c.obj
[lite-ish:singleimage] [30/257] Building C object zephyr/CMakeFiles/zephyr.dir/lib/utils/getopt/getopt_common.c.obj
[kyogre:ro] [186/392] Building C object zephyr/CMakeFiles/zephyr.dir/subsys/shell/shell_fprintf.c.obj
[kyogre:rw] [345/392] Building C object CMakeFiles/app.dir/mnt/host/source/src/platform/ec/build/zephyr/kyogre/modules/ec/common/vboot/efs2.c.obj
[/mnt/host/source/src/platform/ec/build/zephyr/pujjocento-lcov]   /mnt/host/source/src/platform/ec/build/zephyr/pujjocento/build-ro/zephyr/drivers/sensor/CMakeFiles/drivers__sensor.dir/mnt/host/source/src/third_party/zephyr/main/misc/empty_file.c.gcno:no functions found
[/mnt/host/source/src/platform/ec/build/zephyr/pujjocento-lcov] stderr:
[teliks:rw] [194/402] Building C object zephyr/CMakeFiles/zephyr.dir/subsys/shell/modules/kernel_service/sleep.c.obj
[pujjogatwin:ro] [253/414] Building C object CMakeFiles/app.dir/mnt/host/source/src/platform/ec/zephyr/subsys/ap_pwrseq/x86_non_dsx_chipset_power_state.c.obj
[teliks:rw] [195/402] Building C object zephyr/CMakeFiles/zephyr.dir/subsys/shell/modules/kernel_service/uptime.c.obj
[pujjogatwin:ro] [254/414] Building C object CMakeFiles/app.dir/mnt/host/source/src/platform/ec/zephyr/subsys/ap_pwrseq/x86_non_dsx_common_pwrseq_sm_handler.c.obj
[kyogre:ro] [187/392] Building C object zephyr/CMakeFiles/zephyr.dir/subsys/shell/shell.c.obj
[teliks:rw] [196/402] Building C object zephyr/CMakeFiles/zephyr.dir/subsys/shell/modules/kernel_service/version.c.obj
[lite-ish:singleimage] [31/257] Building C object zephyr/CMakeFiles/zephyr.dir/lib/utils/ring_buffer.c.obj
[/mnt/host/source/src/platform/ec/build/zephyr/pujjocento-lcov]   /mnt/host/source/src/platform/ec/build/zephyr/pujjocento/build-rw/modules/ec/zephyr/CMakeFiles/ec_shim.dir/shim/src/thermal.c.gcno:no functions found
[/mnt/host/source/src/platform/ec/build/zephyr/pujjocento-lcov] stderr:
[kyogre:ro] [188/392] Building C object zephyr/CMakeFiles/zephyr.dir/subsys/shell/shell_utils.c.obj
[lite-ish:singleimage] [32/257] Building C object zephyr/CMakeFiles/zephyr.dir/misc/generated/configs.c.obj
[kyogre:rw] [346/392] Building C object CMakeFiles/app.dir/mnt/host/source/src/platform/ec/build/zephyr/kyogre/modules/ec/common/math_util.c.obj
[teliks:rw] [197/402] Building C object zephyr/CMakeFiles/zephyr.dir/subsys/shell/modules/kernel_service/thread/thread.c.obj
[kyogre:rw] [347/392] Building C object CMakeFiles/app.dir/mnt/host/source/src/platform/ec/build/zephyr/kyogre/modules/ec/common/vstore.c.obj
[/mnt/host/source/src/platform/ec/build/zephyr/pujjocento-lcov]   /mnt/host/source/src/platform/ec/build/zephyr/pujjocento/build-rw/modules/ec/zephyr/CMakeFiles/ec_shim.dir/shim/src/battery.c.gcno:no functions found
[/mnt/host/source/src/platform/ec/build/zephyr/pujjocento-lcov] stderr:
[teliks:rw] [198/402] Building C object zephyr/CMakeFiles/zephyr.dir/subsys/shell/modules/kernel_service/thread/list.c.obj
[teliks:rw] [199/402] Building C object zephyr/CMakeFiles/zephyr.dir/subsys/shell/modules/kernel_service/thread/stacks.c.obj
[kyogre:ro] [189/392] Building C object zephyr/CMakeFiles/zephyr.dir/subsys/shell/shell_help.c.obj
[kyogre:ro] [190/392] Building C object zephyr/CMakeFiles/zephyr.dir/subsys/shell/shell_ops.c.obj
[teliks:rw] [200/402] Building C object zephyr/CMakeFiles/zephyr.dir/subsys/shell/modules/kernel_service/thread/unwind.c.obj
[lite-ish:singleimage] [33/257] Building C object zephyr/CMakeFiles/zephyr.dir/soc/intel/intel_ish/intel_ish5/soc.c.obj
[kyogre:rw] [348/392] Building C object CMakeFiles/app.dir/src/hibernate.c.obj
[kyogre:rw] [349/392] Building C object CMakeFiles/app.dir/src/board.c.obj
[pujjogatwin:ro] [255/414] Building C object CMakeFiles/app.dir/mnt/host/source/src/platform/ec/zephyr/subsys/ap_pwrseq/x86_non_dsx_common_pwrseq_console.c.obj
[pujjogatwin:ro] [256/414] Building C object CMakeFiles/app.dir/mnt/host/source/src/platform/ec/zephyr/subsys/ap_pwrseq/x86_non_dsx_common_pwrseq_host_sleep.c.obj
[kyogre:ro] [191/392] Building C object zephyr/CMakeFiles/zephyr.dir/subsys/shell/shell_cmds.c.obj
[teliks:rw] [201/402] Building C object zephyr/CMakeFiles/zephyr.dir/subsys/shell/modules/kernel_service/thread/suspend.c.obj
[lite-ish:singleimage] [34/257] Building C object zephyr/CMakeFiles/zephyr.dir/soc/intel/intel_ish/intel_ish5/pm/power.c.obj
[kyogre:ro] [192/392] Building C object zephyr/CMakeFiles/zephyr.dir/subsys/shell/shell_history.c.obj
[/mnt/host/source/src/platform/ec/build/zephyr/pujjocento-lcov]   /mnt/host/source/src/platform/ec/build/zephyr/pujjocento/build-rw/modules/ec/zephyr/CMakeFiles/ec_shim.dir/shim/src/charger.c.gcno:no functions found
[/mnt/host/source/src/platform/ec/build/zephyr/pujjocento-lcov] stderr:
[teliks:rw] [202/402] Building C object zephyr/CMakeFiles/zephyr.dir/subsys/shell/modules/kernel_service/thread/resume.c.obj
[teliks:rw] [203/402] Building C object zephyr/CMakeFiles/zephyr.dir/subsys/shell/modules/kernel_service/thread/kill.c.obj
[kyogre:rw] [350/392] Building C object CMakeFiles/app.dir/src/usbc.c.obj
[kyogre:rw] [351/392] Building C object CMakeFiles/app.dir/src/usb_pd_policy.c.obj
[kyogre:ro] [193/392] Building C object zephyr/CMakeFiles/zephyr.dir/subsys/shell/shell_wildcard.c.obj
[kyogre:rw] [352/392] Building C object CMakeFiles/app.dir/src/board_chipset.c.obj
[teliks:rw] [204/402] Building C object zephyr/CMakeFiles/zephyr.dir/subsys/shell/modules/device_service.c.obj
[kyogre:rw] [353/392] Building C object CMakeFiles/app.dir/src/variant_db_detection.c.obj
[pujjogatwin:ro] [257/414] Building C object CMakeFiles/app.dir/mnt/host/source/src/platform/ec/zephyr/subsys/ap_pwrseq/x86_non_dsx_common_pwrseq_host_command.c.obj
[kyogre:ro] [194/392] Building C object zephyr/arch/common/CMakeFiles/arch__common.dir/sw_isr_common.c.obj
[kyogre:ro] [195/392] Building C object zephyr/CMakeFiles/zephyr.dir/drivers/flash/flash_util.c.obj
[teliks:rw] [205/402] Building C object zephyr/CMakeFiles/zephyr.dir/subsys/shell/modules/date_service.c.obj
[pujjogatwin:ro] [258/414] Building C object CMakeFiles/app.dir/mnt/host/source/src/platform/ec/zephyr/subsys/ap_pwrseq/x86_non_dsx_adlp_pwrseq_sm.c.obj
[lite-ish:singleimage] [35/257] Building C object zephyr/CMakeFiles/zephyr.dir/subsys/logging/log_core.c.obj
[kyogre:ro] [196/392] Linking C static library zephyr/libzephyr.a
[kyogre:ro] [197/392] Building C object zephyr/arch/common/CMakeFiles/arch__common.dir/init.c.obj
[teliks:rw] [206/402] Building C object zephyr/CMakeFiles/zephyr.dir/subsys/shell/modules/devmem_service.c.obj
[teliks:rw] [207/402] Building C object zephyr/CMakeFiles/zephyr.dir/subsys/shell/backends/shell_uart.c.obj
[kyogre:rw] [354/392] Building C object CMakeFiles/app.dir/src/npcx_i2c.c.obj
[teliks:rw] [208/402] Building C object zephyr/CMakeFiles/zephyr.dir/subsys/shell/shell.c.obj
[kyogre:ro] [198/392] Building C object zephyr/arch/common/CMakeFiles/arch__common.dir/xip.c.obj
[lite-ish:singleimage] [36/257] Building C object zephyr/CMakeFiles/zephyr.dir/subsys/logging/log_mgmt.c.obj
[kyogre:rw] [355/392] Building C object CMakeFiles/app.dir/src/npcx_usb_pd_policy.c.obj
[kyogre:ro] [199/392] Building C object zephyr/arch/common/CMakeFiles/isr_tables.dir/isr_tables.c.obj
[teliks:rw] [209/402] Building C object zephyr/CMakeFiles/zephyr.dir/subsys/shell/shell_fprintf.c.obj
[kyogre:rw] [356/392] Building C object CMakeFiles/app.dir/src/npcx_usbc.c.obj
[pujjogatwin:ro] [259/414] Building C object CMakeFiles/app.dir/mnt/host/source/src/platform/ec/zephyr/subsys/ap_pwrseq/ap_reset_log.c.obj
[kyogre:ro] [200/392] Linking C static library zephyr/arch/common/libisr_tables.a
[kyogre:rw] [357/392] Linking C static library modules/ec/zephyr/libec_shim.a
[pujjogatwin:ro] [260/414] Building C object CMakeFiles/app.dir/mnt/host/source/src/platform/ec/build/zephyr/pujjogatwin/modules/ec/builtin/stdlib.c.obj
[kyogre:ro] [201/392] Linking C static library zephyr/arch/common/libarch__common.a
[kyogre:rw] [358/392] Building C object CMakeFiles/app.dir/kyogre/src/battery_detection.c.obj
[kyogre:ro] [202/392] Building C object zephyr/arch/arch/arm/core/CMakeFiles/arch__arm__core.dir/fatal.c.obj
[lite-ish:singleimage] [37/257] Building C object zephyr/CMakeFiles/zephyr.dir/subsys/logging/log_cache.c.obj
[teliks:rw] [210/402] Building C object zephyr/CMakeFiles/zephyr.dir/subsys/shell/shell_utils.c.obj
[kyogre:ro] [203/392] Building ASM object zephyr/arch/arch/arm/core/CMakeFiles/arch__arm__core.dir/nmi_on_reset.S.obj
[teliks:rw] [211/402] Building C object zephyr/CMakeFiles/zephyr.dir/subsys/shell/shell_ops.c.obj
[kyogre:rw] [359/392] Building C object CMakeFiles/app.dir/kyogre/src/pen_charge.c.obj
[teliks:rw] [212/402] Building C object zephyr/CMakeFiles/zephyr.dir/subsys/shell/shell_help.c.obj
[/mnt/host/source/src/platform/ec/build/zephyr/pujjocento-lcov]   /mnt/host/source/src/platform/ec/build/zephyr/pujjocento/build-rw/modules/ec/zephyr/CMakeFiles/ec_shim.dir/shim/src/usba.c.gcno:no functions found
[/mnt/host/source/src/platform/ec/build/zephyr/pujjocento-lcov] stderr:
[kyogre:ro] [204/392] Building C object zephyr/arch/arch/arm/core/CMakeFiles/arch__arm__core.dir/nmi.c.obj
[lite-ish:singleimage] [38/257] Building C object zephyr/CMakeFiles/zephyr.dir/subsys/logging/log_msg.c.obj
[kyogre:rw] [360/392] Building C object zephyr/kernel/CMakeFiles/kernel.dir/banner.c.obj
[kyogre:ro] [205/392] Linking C static library zephyr/arch/arch/arm/core/libarch__arm__core.a
[kyogre:rw] [361/392] Linking C static library app/libapp.a
[teliks:rw] [213/402] Building C object zephyr/CMakeFiles/zephyr.dir/subsys/shell/shell_cmds.c.obj
[pujjogatwin:ro] [261/414] Building C object CMakeFiles/app.dir/mnt/host/source/src/platform/ec/build/zephyr/pujjogatwin/modules/ec/common/base32.c.obj
[kyogre:rw] [362/392] Building C object zephyr/kernel/CMakeFiles/kernel.dir/busy_wait.c.obj
[kyogre:ro] [206/392] Building ASM object zephyr/arch/arch/arm/core/cortex_m/CMakeFiles/arch__arm__core__cortex_m.dir/fault_s.S.obj
[kyogre:ro] [207/392] Building C object zephyr/arch/arch/arm/core/cortex_m/CMakeFiles/arch__arm__core__cortex_m.dir/exc_exit.c.obj
[kyogre:rw] [363/392] Building C object zephyr/kernel/CMakeFiles/kernel.dir/device.c.obj
[teliks:rw] [214/402] Building C object zephyr/CMakeFiles/zephyr.dir/subsys/shell/shell_history.c.obj
[/mnt/host/source/src/platform/ec/build/zephyr/craaskov-lcov]   /mnt/host/source/src/platform/ec/build/zephyr/craaskov/build-rw/CMakeFiles/app.dir/mnt/host/source/src/platform/ec/build/zephyr/craaskov/modules/ec/common/cbi_config.c.gcno:no functions found
[/mnt/host/source/src/platform/ec/build/zephyr/craaskov-lcov] stderr:
[pujjogatwin:ro] [262/414] Building C object CMakeFiles/app.dir/mnt/host/source/src/platform/ec/build/zephyr/pujjogatwin/modules/ec/common/console_output.c.obj
[teliks:rw] [215/402] Building C object zephyr/CMakeFiles/zephyr.dir/subsys/shell/shell_wildcard.c.obj
[lite-ish:singleimage] [39/257] Building C object zephyr/CMakeFiles/zephyr.dir/subsys/logging/log_output.c.obj
[kyogre:ro] [208/392] Building C object zephyr/arch/arch/arm/core/cortex_m/CMakeFiles/arch__arm__core__cortex_m.dir/fault.c.obj
[teliks:rw] [216/402] Building C object zephyr/CMakeFiles/zephyr.dir/drivers/flash/flash_util.c.obj
[teliks:rw] [217/402] Linking C static library zephyr/libzephyr.a
[kyogre:rw] [364/392] Building C object zephyr/kernel/CMakeFiles/kernel.dir/errno.c.obj
[kyogre:rw] [365/392] Building C object zephyr/kernel/CMakeFiles/kernel.dir/fatal.c.obj
[teliks:rw] [218/402] Building C object zephyr/arch/common/CMakeFiles/arch__common.dir/sw_isr_common.c.obj
[teliks:rw] [219/402] Building C object zephyr/arch/common/CMakeFiles/arch__common.dir/dynamic_isr.c.obj
[teliks:rw] [220/402] Building C object zephyr/arch/common/CMakeFiles/arch__common.dir/init.c.obj
[kyogre:ro] [209/392] Building C object zephyr/arch/arch/arm/core/cortex_m/CMakeFiles/arch__arm__core__cortex_m.dir/fpu.c.obj
[kyogre:ro] [210/392] Building ASM object zephyr/arch/arch/arm/core/cortex_m/CMakeFiles/arch__arm__core__cortex_m.dir/reset.S.obj
[lite-ish:singleimage] [40/257] Building C object zephyr/CMakeFiles/zephyr.dir/subsys/pm/pm.c.obj
[kyogre:rw] [366/392] Building C object zephyr/kernel/CMakeFiles/kernel.dir/init.c.obj
[pujjogatwin:ro] [263/414] Building C object CMakeFiles/app.dir/mnt/host/source/src/platform/ec/build/zephyr/pujjogatwin/modules/ec/common/ec_features.c.obj
[kyogre:rw] [367/392] Building C object zephyr/kernel/CMakeFiles/kernel.dir/kheap.c.obj
[kyogre:ro] [211/392] Building C object zephyr/arch/arch/arm/core/cortex_m/CMakeFiles/arch__arm__core__cortex_m.dir/scb.c.obj
[kyogre:rw] [368/392] Building C object zephyr/kernel/CMakeFiles/kernel.dir/version.c.obj
[pujjogatwin:ro] [264/414] Building C object CMakeFiles/app.dir/mnt/host/source/src/platform/ec/build/zephyr/pujjogatwin/modules/ec/common/gpio_commands.c.obj
[lite-ish:singleimage] [41/257] Building C object zephyr/CMakeFiles/zephyr.dir/subsys/pm/state.c.obj
[kyogre:ro] [212/392] Building ASM object zephyr/arch/arch/arm/core/cortex_m/CMakeFiles/arch__arm__core__cortex_m.dir/vector_table.S.obj
[teliks:rw] [221/402] Building C object zephyr/arch/common/CMakeFiles/arch__common.dir/xip.c.obj
[kyogre:rw] [369/392] Building C object zephyr/kernel/CMakeFiles/kernel.dir/mem_slab.c.obj
[kyogre:rw] [370/392] Building C object zephyr/kernel/CMakeFiles/kernel.dir/float.c.obj
[teliks:rw] [222/402] Building C object zephyr/arch/common/CMakeFiles/isr_tables.dir/isr_tables.c.obj
[teliks:rw] [223/402] Building C object zephyr/arch/arch/riscv/core/CMakeFiles/arch__riscv__core.dir/cpu_idle.c.obj
[teliks:rw] [224/402] Linking C static library zephyr/arch/common/libisr_tables.a
[teliks:rw] [225/402] Building C object zephyr/arch/arch/riscv/core/CMakeFiles/arch__riscv__core.dir/fatal.c.obj
[kyogre:ro] [213/392] Building C object zephyr/arch/arch/arm/core/cortex_m/CMakeFiles/arch__arm__core__cortex_m.dir/thread_abort.c.obj
[teliks:rw] [226/402] Linking C static library zephyr/arch/common/libarch__common.a
[teliks:rw] [227/402] Building C object zephyr/arch/arch/riscv/core/CMakeFiles/arch__riscv__core.dir/prep_c.c.obj
[lite-ish:singleimage] [42/257] Building C object zephyr/CMakeFiles/zephyr.dir/subsys/pm/policy/policy_events.c.obj
[kyogre:rw] [371/392] Building C object zephyr/kernel/CMakeFiles/kernel.dir/idle.c.obj
[kyogre:ro] [214/392] Building ASM object zephyr/arch/arch/arm/core/cortex_m/CMakeFiles/arch__arm__core__cortex_m.dir/swap_helper.S.obj
[pujjogatwin:ro] [265/414] Building C object CMakeFiles/app.dir/mnt/host/source/src/platform/ec/build/zephyr/pujjogatwin/modules/ec/common/peripheral.c.obj
[kyogre:rw] [372/392] Building C object zephyr/kernel/CMakeFiles/kernel.dir/mailbox.c.obj
[pujjogatwin:ro] [266/414] Building C object CMakeFiles/app.dir/mnt/host/source/src/platform/ec/build/zephyr/pujjogatwin/modules/ec/common/printf.c.obj
[teliks:rw] [228/402] Building C object zephyr/arch/arch/riscv/core/CMakeFiles/arch__riscv__core.dir/irq_manage.c.obj
[/mnt/host/source/src/platform/ec/build/zephyr/craaskov-lcov]   /mnt/host/source/src/platform/ec/build/zephyr/craaskov/build-rw/zephyr/arch/arch/arm/core/mpu/CMakeFiles/arch__arm__core__mpu.dir/arm_mpu_regions.c.gcno:no functions found
[/mnt/host/source/src/platform/ec/build/zephyr/craaskov-lcov] stderr:
[kyogre:ro] [215/392] Building C object zephyr/arch/arch/arm/core/cortex_m/CMakeFiles/arch__arm__core__cortex_m.dir/irq_manage.c.obj
[kyogre:rw] [373/392] Building C object zephyr/kernel/CMakeFiles/kernel.dir/msg_q.c.obj
[lite-ish:singleimage] [43/257] Building C object zephyr/CMakeFiles/zephyr.dir/subsys/pm/policy/policy_latency.c.obj
[kyogre:rw] [374/392] Building C object zephyr/kernel/CMakeFiles/kernel.dir/mutex.c.obj
[teliks:rw] [229/402] Building C object zephyr/arch/arch/riscv/core/CMakeFiles/arch__riscv__core.dir/reboot.c.obj
[teliks:rw] [230/402] Building ASM object zephyr/arch/arch/riscv/core/CMakeFiles/arch__riscv__core.dir/reset.S.obj
[kyogre:ro] [216/392] Building C object zephyr/arch/arch/arm/core/cortex_m/CMakeFiles/arch__arm__core__cortex_m.dir/prep_c.c.obj
[teliks:rw] [231/402] Building ASM object zephyr/arch/arch/riscv/core/CMakeFiles/arch__riscv__core.dir/switch.S.obj
[kyogre:ro] [217/392] Building C object zephyr/arch/arch/arm/core/cortex_m/CMakeFiles/arch__arm__core__cortex_m.dir/thread.c.obj
[lite-ish:singleimage] [44/257] Building C object zephyr/CMakeFiles/zephyr.dir/subsys/pm/policy/policy_state_lock.c.obj
[teliks:rw] [232/402] Generating ../../../include/generated/libc/minimal/strerror_table.h
[kyogre:rw] [375/392] Building C object zephyr/kernel/CMakeFiles/kernel.dir/queue.c.obj
[teliks:rw] [233/402] Building C object zephyr/arch/arch/riscv/core/CMakeFiles/arch__riscv__core.dir/thread.c.obj
[kyogre:rw] [376/392] Building C object zephyr/kernel/CMakeFiles/kernel.dir/sem.c.obj
[teliks:rw] [234/402] Building C object zephyr/lib/libc/minimal/CMakeFiles/lib__libc__minimal.dir/source/stdlib/atoi.c.obj
[kyogre:ro] [218/392] Building C object zephyr/arch/arch/arm/core/cortex_m/CMakeFiles/arch__arm__core__cortex_m.dir/cpu_idle.c.obj
[pujjogatwin:ro] [267/414] Building C object CMakeFiles/app.dir/mnt/host/source/src/platform/ec/build/zephyr/pujjogatwin/modules/ec/common/queue.c.obj
[kyogre:rw] [377/392] Building C object zephyr/kernel/CMakeFiles/kernel.dir/stack.c.obj
[lite-ish:singleimage] [45/257] Building C object zephyr/CMakeFiles/zephyr.dir/subsys/pm/policy/policy_default.c.obj
[teliks:rw] [235/402] Building C object zephyr/lib/libc/minimal/CMakeFiles/lib__libc__minimal.dir/source/stdlib/strtol.c.obj
[teliks:rw] [236/402] Building C object zephyr/lib/libc/minimal/CMakeFiles/lib__libc__minimal.dir/source/stdlib/strtoul.c.obj
[kyogre:rw] [378/392] Building C object zephyr/kernel/CMakeFiles/kernel.dir/system_work_q.c.obj
[teliks:rw] [237/402] Building ASM object zephyr/arch/arch/riscv/core/CMakeFiles/arch__riscv__core.dir/isr.S.obj
[kyogre:ro] [219/392] Building C object zephyr/arch/arch/arm/core/cortex_m/CMakeFiles/arch__arm__core__cortex_m.dir/irq_init.c.obj
[/mnt/host/source/src/platform/ec/build/zephyr/craaskov-lcov]   /mnt/host/source/src/platform/ec/build/zephyr/craaskov/build-rw/zephyr/arch/common/CMakeFiles/isr_tables.dir/isr_tables.c.gcno:no functions found
[/mnt/host/source/src/platform/ec/build/zephyr/craaskov-lcov] stderr:
[kyogre:ro] [220/392] Building C object zephyr/arch/arch/arm/core/cortex_m/CMakeFiles/arch__arm__core__cortex_m.dir/isr_wrapper.c.obj
[teliks:rw] [238/402] Building C object zephyr/arch/arch/riscv/core/CMakeFiles/arch__riscv__core.dir/stacktrace.c.obj
[teliks:rw] [239/402] Building C object zephyr/lib/libc/minimal/CMakeFiles/lib__libc__minimal.dir/source/stdlib/strtoll.c.obj
[teliks:rw] [240/402] Building C object zephyr/lib/libc/minimal/CMakeFiles/lib__libc__minimal.dir/source/stdlib/strtoull.c.obj
[kyogre:ro] [221/392] Linking C static library zephyr/arch/arch/arm/core/cortex_m/libarch__arm__core__cortex_m.a
[pujjogatwin:ro] [268/414] Building C object CMakeFiles/app.dir/mnt/host/source/src/platform/ec/build/zephyr/pujjogatwin/modules/ec/common/system.c.obj
[teliks:rw] [241/402] Building C object zephyr/lib/libc/minimal/CMakeFiles/lib__libc__minimal.dir/source/stdlib/bsearch.c.obj
[teliks:rw] [242/402] Linking C static library zephyr/arch/arch/riscv/core/libarch__riscv__core.a
[lite-ish:singleimage] [46/257] Building C object zephyr/CMakeFiles/zephyr.dir/subsys/pm/device.c.obj
[teliks:rw] [243/402] Building C object zephyr/lib/libc/minimal/CMakeFiles/lib__libc__minimal.dir/source/string/strncasecmp.c.obj
[kyogre:rw] [379/392] Building C object zephyr/kernel/CMakeFiles/kernel.dir/condvar.c.obj
[teliks:rw] [244/402] Building C object zephyr/lib/libc/minimal/CMakeFiles/lib__libc__minimal.dir/source/stdlib/qsort.c.obj
[kyogre:rw] [380/392] Building C object zephyr/kernel/CMakeFiles/kernel.dir/work.c.obj
[kyogre:ro] [222/392] Building C object zephyr/arch/arch/arm/core/mpu/CMakeFiles/arch__arm__core__mpu.dir/arm_core_mpu.c.obj
[teliks:rw] [245/402] Building C object zephyr/lib/libc/minimal/CMakeFiles/lib__libc__minimal.dir/source/string/strerror.c.obj
[kyogre:ro] [223/392] Generating ../../../include/generated/libc/minimal/strerror_table.h
[teliks:rw] [246/402] Building C object zephyr/lib/libc/minimal/CMakeFiles/lib__libc__minimal.dir/source/string/strstr.c.obj
[kyogre:rw] [381/392] Building C object zephyr/kernel/CMakeFiles/kernel.dir/thread.c.obj
[pujjogatwin:ro] [269/414] Building C object CMakeFiles/app.dir/mnt/host/source/src/platform/ec/build/zephyr/pujjogatwin/modules/ec/common/system_boot_time.c.obj
[lite-ish:singleimage] [47/257] Building C object zephyr/CMakeFiles/zephyr.dir/subsys/pm/device_system_managed.c.obj
[kyogre:ro] [224/392] Building C object zephyr/lib/libc/minimal/CMakeFiles/lib__libc__minimal.dir/source/stdlib/atoi.c.obj
[teliks:rw] [247/402] Building C object zephyr/lib/libc/minimal/CMakeFiles/lib__libc__minimal.dir/source/string/strspn.c.obj
[teliks:rw] [248/402] Building C object zephyr/lib/libc/minimal/CMakeFiles/lib__libc__minimal.dir/source/string/string.c.obj
[teliks:rw] [249/402] Building C object zephyr/lib/libc/minimal/CMakeFiles/lib__libc__minimal.dir/source/stdlib/exit.c.obj
[kyogre:ro] [225/392] Building C object zephyr/arch/arch/arm/core/mpu/CMakeFiles/arch__arm__core__mpu.dir/arm_mpu_regions.c.obj
[kyogre:ro] [226/392] Building C object zephyr/lib/libc/minimal/CMakeFiles/lib__libc__minimal.dir/source/stdlib/strtol.c.obj
[kyogre:rw] [382/392] Building C object zephyr/kernel/CMakeFiles/kernel.dir/sched.c.obj
[kyogre:ro] [227/392] Building C object zephyr/arch/arch/arm/core/mpu/CMakeFiles/arch__arm__core__mpu.dir/arm_mpu.c.obj
[kyogre:ro] [228/392] Linking C static library zephyr/arch/arch/arm/core/mpu/libarch__arm__core__mpu.a
[pujjogatwin:ro] [270/414] Building C object CMakeFiles/app.dir/mnt/host/source/src/platform/ec/build/zephyr/pujjogatwin/modules/ec/common/uart_printf.c.obj
[kyogre:ro] [229/392] Building C object zephyr/lib/libc/minimal/CMakeFiles/lib__libc__minimal.dir/source/stdlib/strtoll.c.obj
[kyogre:ro] [230/392] Building C object zephyr/lib/libc/minimal/CMakeFiles/lib__libc__minimal.dir/source/stdlib/strtoul.c.obj
[kyogre:rw] [383/392] Building C object zephyr/kernel/CMakeFiles/kernel.dir/spinlock_validate.c.obj
[teliks:rw] [250/402] Building C object zephyr/lib/libc/minimal/CMakeFiles/lib__libc__minimal.dir/source/math/sqrtf.c.obj
[lite-ish:singleimage] [48/257] Building C object zephyr/CMakeFiles/zephyr.dir/subsys/testsuite/coverage/coverage.c.obj
[kyogre:ro] [231/392] Building C object zephyr/lib/libc/minimal/CMakeFiles/lib__libc__minimal.dir/source/stdlib/strtoull.c.obj
[kyogre:rw] [384/392] Building C object zephyr/kernel/CMakeFiles/kernel.dir/pipe.c.obj
[kyogre:ro] [232/392] Building C object zephyr/lib/libc/minimal/CMakeFiles/lib__libc__minimal.dir/source/stdlib/bsearch.c.obj
[teliks:rw] [251/402] Building C object zephyr/lib/libc/minimal/CMakeFiles/lib__libc__minimal.dir/source/stdout/stdout_console.c.obj
[teliks:rw] [252/402] Building C object zephyr/lib/libc/minimal/CMakeFiles/lib__libc__minimal.dir/source/stdout/sprintf.c.obj
[kyogre:rw] [385/392] Building C object zephyr/kernel/CMakeFiles/kernel.dir/thread_monitor.c.obj
[teliks:rw] [253/402] Building C object zephyr/lib/libc/minimal/CMakeFiles/lib__libc__minimal.dir/source/stdout/fprintf.c.obj
[teliks:rw] [254/402] Building C object zephyr/lib/libc/minimal/CMakeFiles/lib__libc__minimal.dir/source/math/sqrt.c.obj
[kyogre:ro] [233/392] Building C object zephyr/lib/libc/minimal/CMakeFiles/lib__libc__minimal.dir/source/string/strerror.c.obj
[lite-ish:singleimage] [49/257] Building C object zephyr/CMakeFiles/zephyr.dir/subsys/tracing/tracing_none.c.obj
[pujjogatwin:ro] [271/414] Building C object CMakeFiles/app.dir/mnt/host/source/src/platform/ec/build/zephyr/pujjogatwin/modules/ec/common/util.c.obj
[kyogre:ro] [234/392] Building C object zephyr/lib/libc/minimal/CMakeFiles/lib__libc__minimal.dir/source/stdlib/qsort.c.obj
[teliks:rw] [255/402] Building C object zephyr/lib/libc/common/CMakeFiles/lib__libc__common.dir/source/time/gmtime_r.c.obj
[kyogre:ro] [235/392] Building C object zephyr/lib/libc/minimal/CMakeFiles/lib__libc__minimal.dir/source/string/strncasecmp.c.obj
[kyogre:rw] [386/392] Building C object zephyr/kernel/CMakeFiles/kernel.dir/timeout.c.obj
[kyogre:ro] [236/392] Building C object zephyr/lib/libc/minimal/CMakeFiles/lib__libc__minimal.dir/source/string/strstr.c.obj
[teliks:rw] [256/402] Building C object zephyr/lib/libc/common/CMakeFiles/lib__libc__common.dir/source/time/asctime.c.obj
[kyogre:ro] [237/392] Building C object zephyr/lib/libc/minimal/CMakeFiles/lib__libc__minimal.dir/source/string/string.c.obj
[kyogre:ro] [238/392] Building C object zephyr/lib/libc/minimal/CMakeFiles/lib__libc__minimal.dir/source/string/strspn.c.obj
[kyogre:ro] [239/392] Building C object zephyr/lib/libc/minimal/CMakeFiles/lib__libc__minimal.dir/source/stdlib/exit.c.obj
[teliks:rw] [257/402] Building C object zephyr/lib/libc/common/CMakeFiles/lib__libc__common.dir/source/time/localtime_r_utc.c.obj
[pujjogatwin:ro] [272/414] Building C object CMakeFiles/app.dir/mnt/host/source/src/platform/ec/build/zephyr/pujjogatwin/modules/ec/common/version.c.obj
[lite-ish:singleimage] [50/257] Building C object zephyr/CMakeFiles/zephyr.dir/subsys/shell/modules/kernel_service/kernel_shell.c.obj
[kyogre:rw] [387/392] Building C object zephyr/kernel/CMakeFiles/kernel.dir/poll.c.obj
[kyogre:rw] [388/392] Building C object zephyr/kernel/CMakeFiles/kernel.dir/timer.c.obj
[teliks:rw] [258/402] Building C object zephyr/lib/libc/common/CMakeFiles/lib__libc__common.dir/source/stdlib/abort.c.obj
[teliks:rw] [259/402] Building C object zephyr/lib/libc/common/CMakeFiles/lib__libc__common.dir/source/time/ctime.c.obj
[teliks:rw] [260/402] Building C object zephyr/lib/libc/common/CMakeFiles/lib__libc__common.dir/source/string/strnlen.c.obj
[teliks:rw] [261/402] Building C object zephyr/lib/libc/common/CMakeFiles/lib__libc__common.dir/source/time/time.c.obj
[teliks:rw] [262/402] Building C object zephyr/lib/libc/minimal/CMakeFiles/lib__libc__minimal.dir/source/time/gmtime.c.obj
[teliks:rw] [263/402] Linking C static library zephyr/lib/libc/minimal/liblib__libc__minimal.a
Toolchain <zmake.toolchains.CorebootSdkToolchain object at 0x7f412076b810> selected by probe function.
[domika] Building in /mnt/host/source/src/platform/ec/build/zephyr/domika.
[kyogre:rw] [389/392] Building C object zephyr/kernel/CMakeFiles/kernel.dir/events.c.obj
[domika:rw] Configuring.
Running `env -i PYTHONPATH=/usr/lib64/python-exec/python3.11:/mnt/host/source/src/platform/ec/zephyr/zmake:/usr/lib/python311.zip:/usr/lib/python3.11:/usr/lib/python3.11/lib-dynload:/usr/lib/python3.11/site-packages PW_PIGWEED_CIPD_INSTALL_DIR=/usr CROSTC_USER_ACKNOWLEDGES_THAT_RISCV_IS_EXPERIMENTAL=1 PATH=/mnt/host/source/chromite/bin:/usr/local/bin:/usr/bin:/bin:/opt/bin:/mnt/host/source/chromite/sdk/bin:/mnt/host/source/chromite/bin HOME=/home/jpmurphy JAVA_HOME=/etc/java-config-2/current-system-vm JDK_HOME=/etc/java-config-2/current-system-vm JAVAC=/etc/java-config-2/current-system-vm/bin/javac MAKEFLAGS=' -j16 --jobserver-auth=5,6' /usr/bin/cmake -S /mnt/host/source/src/platform/ec/zephyr/program/nissa -B /mnt/host/source/src/platform/ec/build/zephyr/domika/build-rw -GNinja -DCMAKE_EXPORT_COMPILE_COMMANDS=ON -DZEPHYR_BASE=/mnt/host/source/src/third_party/zephyr/main -DZMAKE_INCLUDE_DIR=/mnt/host/source/src/platform/ec/build/zephyr/domika/include -DPython3_EXECUTABLE=/usr/bin/python3.11 -DDTS_ROOT=/mnt/host/source/src/platform/ec/zephyr -DSYSCALL_INCLUDE_DIRS=/mnt/host/source/src/platform/ec/zephyr/include/drivers -DUSER_CACHE_DIR=/mnt/host/source/src/platform/ec/build/zephyr/user-cache '-DEXTRA_EC_VERSION_FLAGS=--version 16543.0.0 --static' -DTOOLCHAIN_ROOT=/mnt/host/source/src/platform/ec/zephyr -DCOREBOOT_SDK_ROOT_x86=/home/jpmurphy/.cache/coreboot-sdk/i386-elf/dfbb0486385d938cfa9d73080b9d18d598ed4f49 -DCOREBOOT_SDK_ROOT_picolibc_x86=/home/jpmurphy/.cache/coreboot-sdk/picolibc-i386-elf/eb8e8e687b95461de8cbf278f1c2076952d0ad17 -DCOREBOOT_SDK_ROOT_riscv64=/home/jpmurphy/.cache/coreboot-sdk/riscv64-elf/96b949749225b6aaa92ed810ab769e8dfb12f000 -DCOREBOOT_SDK_ROOT_picolibc_arm=/home/jpmurphy/.cache/coreboot-sdk/picolibc-arm-eabi/422a2aa3e1ef891b5bece9a3deb696ff83840d2e -DCOREBOOT_SDK_ROOT_nds32=/home/jpmurphy/.cache/coreboot-sdk/nds32le-elf/d1a518c4a097666d86058e1444f85ca015d15511 -DCOREBOOT_SDK_ROOT_picolibc_riscv64=/home/jpmurphy/.cache/coreboot-sdk/picolibc-riscv64-elf/f571e990ef0278564b31124f8bb109d9a697eb69 -DCOREBOOT_SDK_ROOT_arm=/home/jpmurphy/.cache/coreboot-sdk/arm-eabi/ea40ddd1d190c3b48435c474c0b545719371813a -DCOREBOOT_SDK_ROOT_libstdcxx_riscv64=/home/jpmurphy/.cache/coreboot-sdk/libstdcxx-riscv64-elf/17abf22a3a252e2d5d2062ced5324f7a623689e0 -DCOREBOOT_SDK_ROOT_libstdcxx_arm=/home/jpmurphy/.cache/coreboot-sdk/libstdcxx-arm-eabi/5d7d82e150e44aa1968f1d366e267e6687b328ac -DCOREBOOT_SDK_ROOT_riscv=/home/jpmurphy/.cache/coreboot-sdk/riscv-elf/9a27b9e82341c6e9126624f516ab3f261abb3e73 -DCOREBOOT_SDK_ROOT_libstdcxx_x86=/home/jpmurphy/.cache/coreboot-sdk/libstdcxx-i386-elf/42ef9d2e87a76a37963175d7d428734e65648b87 -DZEPHYR_TOOLCHAIN_VARIANT=coreboot-sdk -DZEPHYR_MODULES=/mnt/host/source/src/platform/ec/build/zephyr/domika/modules/ec -DDTC_OVERLAY_FILE=/mnt/host/source/src/platform/ec/zephyr/program/nissa/domika/project.overlay -DBOARD=it8xxx2/it81302bx -DCMAKE_C_FLAGS=-DSECTION_IS_RW '-DCONF_FILE=/mnt/host/source/src/platform/ec/zephyr/program/nissa/program.conf;/mnt/host/source/src/platform/ec/zephyr/program/nissa/it8xxx2_program.conf;/mnt/host/source/src/platform/ec/zephyr/program/nissa/domika/project.conf;/mnt/host/source/src/platform/ec/build/zephyr/domika/kconfig-rw.conf'`
[domika:rw] Loading Zephyr default modules (Zephyr base (cached)).
[domika:rw] -- Application: /mnt/host/source/src/platform/ec/zephyr/program/nissa
[domika:rw] -- CMake version: 3.31.7
[lite-ish:singleimage] [51/257] Building C object zephyr/CMakeFiles/zephyr.dir/subsys/shell/modules/kernel_service/cycles.c.obj
[teliks:rw] [264/402] Building C object zephyr/lib/posix/c_lib_ext/CMakeFiles/lib__posix__c_lib_ext.dir/fnmatch.c.obj
[kyogre:rw] [390/392] Building C object zephyr/kernel/CMakeFiles/kernel.dir/mempool.c.obj
[pujjogatwin:ro] [273/414] Building C object CMakeFiles/app.dir/mnt/host/source/src/platform/ec/build/zephyr/pujjogatwin/modules/ec/common/power_button_x86.c.obj
[kyogre:ro] [240/392] Building C object zephyr/lib/libc/minimal/CMakeFiles/lib__libc__minimal.dir/source/stdout/sprintf.c.obj
[kyogre:ro] [241/392] Building C object zephyr/lib/libc/minimal/CMakeFiles/lib__libc__minimal.dir/source/stdout/fprintf.c.obj
[teliks:rw] [265/402] Building C object zephyr/subsys/crc/CMakeFiles/subsys__crc.dir/crc4_sw.c.obj
[kyogre:ro] [242/392] Building C object zephyr/lib/libc/minimal/CMakeFiles/lib__libc__minimal.dir/source/stdout/stdout_console.c.obj
[kyogre:ro] [243/392] Building C object zephyr/lib/libc/minimal/CMakeFiles/lib__libc__minimal.dir/source/math/sqrtf.c.obj
[lite-ish:singleimage] [52/257] Building C object zephyr/CMakeFiles/zephyr.dir/subsys/shell/modules/kernel_service/sleep.c.obj
[kyogre:rw] [391/392] Building C object zephyr/kernel/CMakeFiles/kernel.dir/dynamic_disabled.c.obj
[teliks:rw] [266/402] Building C object zephyr/subsys/crc/CMakeFiles/subsys__crc.dir/crc8_sw.c.obj
[kyogre:ro] [244/392] Building C object zephyr/lib/libc/minimal/CMakeFiles/lib__libc__minimal.dir/source/math/sqrt.c.obj
[teliks:rw] [267/402] Building C object zephyr/lib/libc/common/CMakeFiles/lib__libc__common.dir/source/stdlib/malloc.c.obj
[domika:rw] -- Found Python3: /usr/bin/python3.11 (found suitable version "3.11.11", minimum required is "3.10") found components: Interpreter
[domika:rw] -- Cache files will be written to: /mnt/host/source/src/platform/ec/build/zephyr/user-cache
[domika:rw] -- Zephyr version: 4.3.99 (/mnt/host/source/src/third_party/zephyr/main)
[kyogre:rw] [392/392] Linking C static library zephyr/kernel/libkernel.a
[teliks:rw] [268/402] Building C object zephyr/subsys/crc/CMakeFiles/subsys__crc.dir/crc16_sw.c.obj
[teliks:rw] [269/402] Building C object zephyr/subsys/crc/CMakeFiles/subsys__crc.dir/crc7_sw.c.obj
[kyogre:ro] [245/392] Building C object zephyr/lib/libc/common/CMakeFiles/lib__libc__common.dir/source/time/gmtime_r.c.obj
[teliks:rw] [270/402] Linking C static library zephyr/lib/libc/common/liblib__libc__common.a
[teliks:rw] [271/402] Building C object zephyr/lib/posix/c_lib_ext/CMakeFiles/lib__posix__c_lib_ext.dir/getentropy.c.obj
[teliks:rw] [272/402] Building C object zephyr/lib/posix/c_lib_ext/CMakeFiles/lib__posix__c_lib_ext.dir/getopt_shim.c.obj
[kyogre:ro] [246/392] Building C object zephyr/lib/libc/common/CMakeFiles/lib__libc__common.dir/source/time/asctime.c.obj
[teliks:rw] [273/402] Building C object zephyr/subsys/crc/CMakeFiles/subsys__crc.dir/crc32c_sw.c.obj
[teliks:rw] [274/402] Building C object zephyr/subsys/crc/CMakeFiles/subsys__crc.dir/crc24_sw.c.obj
[pujjogatwin:ro] [274/414] Building C object CMakeFiles/app.dir/mnt/host/source/src/platform/ec/build/zephyr/pujjogatwin/modules/ec/driver/accel_lis2dw12.c.obj
[teliks:rw] [275/402] Building C object zephyr/subsys/crc/CMakeFiles/subsys__crc.dir/crc32k_4_2_sw.c.obj
[teliks:rw] [276/402] Linking C static library zephyr/lib/posix/c_lib_ext/liblib__posix__c_lib_ext.a
[lite-ish:singleimage] [53/257] Building C object zephyr/CMakeFiles/zephyr.dir/subsys/shell/modules/kernel_service/uptime.c.obj
[teliks:rw] [277/402] Building C object zephyr/subsys/crc/CMakeFiles/subsys__crc.dir/crc32_sw.c.obj
[kyogre:ro] [247/392] Building C object zephyr/lib/libc/common/CMakeFiles/lib__libc__common.dir/source/time/localtime_r_utc.c.obj
[teliks:rw] [278/402] Linking C static library zephyr/subsys/crc/libsubsys__crc.a
[kyogre:ro] [248/392] Building C object zephyr/lib/libc/minimal/CMakeFiles/lib__libc__minimal.dir/source/time/gmtime.c.obj
[kyogre:ro] [249/392] Building C object zephyr/lib/libc/common/CMakeFiles/lib__libc__common.dir/source/stdlib/abort.c.obj
[kyogre:ro] [250/392] Linking C static library zephyr/lib/libc/minimal/liblib__libc__minimal.a
[kyogre:ro] [251/392] Building C object zephyr/lib/libc/common/CMakeFiles/lib__libc__common.dir/source/time/ctime.c.obj
[kyogre:ro] [252/392] Building C object zephyr/lib/libc/common/CMakeFiles/lib__libc__common.dir/source/time/time.c.obj
[kyogre:ro] [253/392] Building C object zephyr/lib/libc/common/CMakeFiles/lib__libc__common.dir/source/string/strnlen.c.obj
[lite-ish:singleimage] [54/257] Building C object zephyr/CMakeFiles/zephyr.dir/subsys/shell/modules/kernel_service/version.c.obj
[pujjogatwin:ro] [275/414] Building C object CMakeFiles/app.dir/mnt/host/source/src/platform/ec/build/zephyr/pujjogatwin/modules/ec/driver/accelgyro_lsm6dsm.c.obj
[kyogre:ro] [254/392] Building C object zephyr/lib/posix/c_lib_ext/CMakeFiles/lib__posix__c_lib_ext.dir/fnmatch.c.obj
[kyogre:ro] [255/392] Building C object zephyr/subsys/crc/CMakeFiles/subsys__crc.dir/crc4_sw.c.obj
[teliks:rw] [279/402] Building C object zephyr/drivers/interrupt_controller/CMakeFiles/drivers__interrupt_controller.dir/intc_ite_it8xxx2.c.obj
[teliks:rw] [280/402] Building C object zephyr/drivers/adc/CMakeFiles/drivers__adc.dir/adc_common.c.obj
[teliks:rw] [281/402] Building C object zephyr/drivers/console/CMakeFiles/drivers__console.dir/uart_console.c.obj
[teliks:rw] [282/402] Building C object zephyr/drivers/bbram/CMakeFiles/drivers__bbram.dir/bbram_it8xxx2.c.obj
[teliks:rw] [283/402] Building C object zephyr/drivers/interrupt_controller/CMakeFiles/drivers__interrupt_controller.dir/wuc_ite_it8xxx2.c.obj
[teliks:rw] [284/402] Linking C static library zephyr/drivers/console/libdrivers__console.a
[kyogre:ro] [256/392] Building C object zephyr/subsys/crc/CMakeFiles/subsys__crc.dir/crc8_sw.c.obj
[teliks:rw] [285/402] Linking C static library zephyr/drivers/bbram/libdrivers__bbram.a
[pujjogatwin:ro] [276/414] Building C object CMakeFiles/app.dir/mnt/host/source/src/platform/ec/build/zephyr/pujjogatwin/modules/ec/common/motion_sense_fifo.c.obj
[teliks:rw] [286/402] Linking C static library zephyr/drivers/interrupt_controller/libdrivers__interrupt_controller.a
[lite-ish:singleimage] [55/257] Building C object zephyr/CMakeFiles/zephyr.dir/subsys/shell/modules/kernel_service/log-level.c.obj
[teliks:rw] [287/402] Building C object zephyr/drivers/adc/CMakeFiles/drivers__adc.dir/adc_ite_it8xxx2.c.obj
[teliks:rw] [288/402] Linking C static library zephyr/drivers/adc/libdrivers__adc.a
[kyogre:ro] [257/392] Building C object zephyr/subsys/crc/CMakeFiles/subsys__crc.dir/crc16_sw.c.obj
[kyogre:ro] [258/392] Building C object zephyr/lib/libc/common/CMakeFiles/lib__libc__common.dir/source/stdlib/malloc.c.obj
[kyogre:ro] [259/392] Building C object zephyr/lib/posix/c_lib_ext/CMakeFiles/lib__posix__c_lib_ext.dir/getentropy.c.obj
[kyogre:ro] [260/392] Building C object zephyr/subsys/crc/CMakeFiles/subsys__crc.dir/crc7_sw.c.obj
[kyogre:ro] [261/392] Building C object zephyr/lib/posix/c_lib_ext/CMakeFiles/lib__posix__c_lib_ext.dir/getopt_shim.c.obj
[domika:rw] -- Board: it8xxx2, qualifiers: it81302bx
[kyogre:ro] [262/392] Linking C static library zephyr/lib/libc/common/liblib__libc__common.a
[lite-ish:singleimage] [56/257] Building C object zephyr/CMakeFiles/zephyr.dir/subsys/shell/modules/kernel_service/reboot.c.obj
[kyogre:ro] [263/392] Building C object zephyr/subsys/crc/CMakeFiles/subsys__crc.dir/crc24_sw.c.obj
[kyogre:ro] [264/392] Building C object zephyr/subsys/crc/CMakeFiles/subsys__crc.dir/crc32c_sw.c.obj
[kyogre:ro] [265/392] Linking C static library zephyr/lib/posix/c_lib_ext/liblib__posix__c_lib_ext.a
[kyogre:ro] [266/392] Building C object zephyr/subsys/crc/CMakeFiles/subsys__crc.dir/crc32_sw.c.obj
[/mnt/host/source/src/platform/ec/build/zephyr/craaskov-lcov]   /mnt/host/source/src/platform/ec/build/zephyr/craaskov/build-rw/zephyr/CMakeFiles/zephyr.dir/subsys/shell/modules/kernel_service/kernel_shell.c.gcno:no functions found
[/mnt/host/source/src/platform/ec/build/zephyr/craaskov-lcov] stderr:
[pujjogatwin:ro] [277/414] Building C object CMakeFiles/app.dir/mnt/host/source/src/platform/ec/build/zephyr/pujjogatwin/modules/ec/common/adc.c.obj
[kyogre:ro] [267/392] Building C object zephyr/subsys/crc/CMakeFiles/subsys__crc.dir/crc32k_4_2_sw.c.obj
[teliks:rw] [289/402] Building C object zephyr/drivers/eeprom/CMakeFiles/drivers__eeprom.dir/eeprom_shell.c.obj
[teliks:rw] [290/402] Building C object zephyr/drivers/eeprom/CMakeFiles/drivers__eeprom.dir/eeprom_at2x.c.obj
[kyogre:ro] [268/392] Linking C static library zephyr/subsys/crc/libsubsys__crc.a
[teliks:rw] [291/402] Building C object zephyr/drivers/flash/CMakeFiles/drivers__flash.dir/flash_ite_it8xxx2.c.obj
[teliks:rw] [292/402] Linking C static library zephyr/drivers/eeprom/libdrivers__eeprom.a
[teliks:rw] [293/402] Building C object zephyr/drivers/gpio/CMakeFiles/drivers__gpio.dir/gpio_kscan_ite_it8xxx2.c.obj
[/mnt/host/source/src/platform/ec/build/zephyr/craaskov-lcov]   /mnt/host/source/src/platform/ec/build/zephyr/craaskov/build-rw/zephyr/CMakeFiles/zephyr.dir/lib/libc/validate_libc.c.gcno:no functions found
[/mnt/host/source/src/platform/ec/build/zephyr/craaskov-lcov] stderr:
[teliks:rw] [294/402] Linking C static library zephyr/drivers/flash/libdrivers__flash.a
[lite-ish:singleimage] [57/257] Building C object zephyr/CMakeFiles/zephyr.dir/subsys/shell/modules/kernel_service/thread/thread.c.obj
[teliks:rw] [295/402] Building C object zephyr/drivers/espi/CMakeFiles/drivers__espi.dir/espi_it8xxx2.c.obj
[pujjogatwin:ro] [278/414] Building C object CMakeFiles/app.dir/mnt/host/source/src/platform/ec/build/zephyr/pujjogatwin/modules/ec/common/acpi.c.obj
[teliks:rw] [296/402] Linking C static library zephyr/drivers/espi/libdrivers__espi.a
[teliks:rw] [297/402] Building C object zephyr/drivers/gpio/CMakeFiles/drivers__gpio.dir/gpio_ite_it8xxx2.c.obj
[teliks:rw] [298/402] Linking C static library zephyr/drivers/gpio/libdrivers__gpio.a
[lite-ish:singleimage] [58/257] Building C object zephyr/CMakeFiles/zephyr.dir/subsys/shell/modules/kernel_service/thread/list.c.obj
[teliks:rw] [299/402] Building C object zephyr/drivers/i2c/CMakeFiles/drivers__i2c.dir/i2c_common.c.obj
[kyogre:ro] [269/392] Building C object zephyr/drivers/bbram/CMakeFiles/drivers__bbram.dir/bbram_npcx.c.obj
[pujjogatwin:ro] [279/414] Building C object CMakeFiles/app.dir/mnt/host/source/src/platform/ec/build/zephyr/pujjogatwin/modules/ec/common/backlight_lid.c.obj
[kyogre:ro] [270/392] Building C object zephyr/drivers/adc/CMakeFiles/drivers__adc.dir/adc_common.c.obj
[kyogre:ro] [271/392] Building C object zephyr/drivers/adc/CMakeFiles/drivers__adc.dir/adc_npcx.c.obj
[teliks:rw] [300/402] Building C object zephyr/drivers/i2c/CMakeFiles/drivers__i2c.dir/i2c_bitbang.c.obj
[kyogre:ro] [272/392] Building C object zephyr/drivers/interrupt_controller/CMakeFiles/drivers__interrupt_controller.dir/intc_miwu.c.obj
[kyogre:ro] [273/392] Linking C static library zephyr/drivers/bbram/libdrivers__bbram.a
[kyogre:ro] [274/392] Linking C static library zephyr/drivers/adc/libdrivers__adc.a
[kyogre:ro] [275/392] Linking C static library zephyr/drivers/interrupt_controller/libdrivers__interrupt_controller.a
[teliks:rw] [301/402] Building C object zephyr/drivers/sensor/CMakeFiles/drivers__sensor.dir/mnt/host/source/src/third_party/zephyr/main/misc/empty_file.c.obj
[teliks:rw] [302/402] Building C object zephyr/drivers/i2c/CMakeFiles/drivers__i2c.dir/i2c_shell.c.obj
[lite-ish:singleimage] [59/257] Building C object zephyr/CMakeFiles/zephyr.dir/subsys/shell/modules/kernel_service/thread/stacks.c.obj
[teliks:rw] [303/402] Linking C static library zephyr/drivers/sensor/libdrivers__sensor.a
[teliks:rw] [304/402] Building C object zephyr/drivers/pinctrl/CMakeFiles/drivers__pinctrl.dir/common.c.obj
[teliks:rw] [305/402] Building C object zephyr/drivers/i2c/CMakeFiles/drivers__i2c.dir/i2c_ite_enhance.c.obj
[teliks:rw] [306/402] Building C object zephyr/drivers/i2c/CMakeFiles/drivers__i2c.dir/i2c_ite_it8xxx2.c.obj
[teliks:rw] [307/402] Linking C static library zephyr/drivers/i2c/libdrivers__i2c.a
[pujjogatwin:ro] [280/414] Building C object CMakeFiles/app.dir/mnt/host/source/src/platform/ec/build/zephyr/pujjogatwin/modules/ec/common/battery.c.obj
[domika:rw] -- Found Dtc: /usr/bin/dtc (found suitable version "1.6.0", minimum required is "1.4.6")
[domika:rw] -- Found BOARD.dts: /mnt/host/source/src/platform/ec/zephyr/boards/google/it8xxx2/it8xxx2_it81302bx.dts
[lite-ish:singleimage] [60/257] Building C object zephyr/CMakeFiles/zephyr.dir/subsys/shell/modules/kernel_service/thread/unwind.c.obj
[kyogre:ro] [276/392] Building C object zephyr/drivers/clock_control/CMakeFiles/drivers__clock_control.dir/clock_control_npcx.c.obj
[teliks:rw] [308/402] Building C object zephyr/drivers/pinctrl/CMakeFiles/drivers__pinctrl.dir/pinctrl_ite_it8xxx2.c.obj
[kyogre:ro] [277/392] Building C object zephyr/drivers/eeprom/CMakeFiles/drivers__eeprom.dir/eeprom_shell.c.obj
[kyogre:ro] [278/392] Linking C static library zephyr/drivers/clock_control/libdrivers__clock_control.a
[teliks:rw] [309/402] Linking C static library zephyr/drivers/pinctrl/libdrivers__pinctrl.a
[kyogre:ro] [279/392] Building C object zephyr/drivers/console/CMakeFiles/drivers__console.dir/uart_console.c.obj
[/mnt/host/source/src/platform/ec/build/zephyr/craaskov-lcov]   /mnt/host/source/src/platform/ec/build/zephyr/craaskov/build-rw/zephyr/CMakeFiles/zephyr.dir/lib/utils/last_section_id.c.gcno:no functions found
[/mnt/host/source/src/platform/ec/build/zephyr/craaskov-lcov] stderr:
[pujjogatwin:ro] [281/414] Building C object CMakeFiles/app.dir/mnt/host/source/src/platform/ec/build/zephyr/pujjogatwin/modules/ec/common/battery_info.c.obj
[kyogre:ro] [280/392] Linking C static library zephyr/drivers/console/libdrivers__console.a
[kyogre:ro] [281/392] Building C object zephyr/drivers/eeprom/CMakeFiles/drivers__eeprom.dir/eeprom_at2x.c.obj
[teliks:rw] [310/402] Building C object zephyr/drivers/timer/CMakeFiles/drivers__timer.dir/sys_clock_init.c.obj
[kyogre:ro] [282/392] Linking C static library zephyr/drivers/eeprom/libdrivers__eeprom.a
[teliks:rw] [311/402] Building C object zephyr/drivers/serial/CMakeFiles/drivers__serial.dir/uart_ite_it8xxx2.c.obj
[lite-ish:singleimage] [61/257] Building C object zephyr/CMakeFiles/zephyr.dir/subsys/shell/modules/kernel_service/thread/suspend.c.obj
[teliks:rw] [312/402] Building C object zephyr/drivers/sensor/ite/ite_vcmp_it8xxx2/CMakeFiles/drivers__sensor__ite__ite_vcmp_it8xxx2.dir/vcmp_ite_it8xxx2.c.obj
[teliks:rw] [313/402] Building C object zephyr/drivers/serial/CMakeFiles/drivers__serial.dir/uart_ns16550.c.obj
[teliks:rw] [314/402] Linking C static library zephyr/drivers/sensor/ite/ite_vcmp_it8xxx2/libdrivers__sensor__ite__ite_vcmp_it8xxx2.a
[teliks:rw] [315/402] Linking C static library zephyr/drivers/serial/libdrivers__serial.a
[teliks:rw] [316/402] Building C object zephyr/drivers/timer/CMakeFiles/drivers__timer.dir/ite_it8xxx2_timer.c.obj
[kyogre:ro] [283/392] Building C object zephyr/drivers/flash/CMakeFiles/drivers__flash.dir/jesd216.c.obj
[teliks:rw] [317/402] Linking C static library zephyr/drivers/timer/libdrivers__timer.a
[teliks:rw] [318/402] Building C object zephyr/drivers/watchdog/CMakeFiles/drivers__watchdog.dir/wdt_ite_it8xxx2.c.obj
[pujjogatwin:ro] [282/414] Building C object CMakeFiles/app.dir/mnt/host/source/src/platform/ec/build/zephyr/pujjogatwin/modules/ec/common/battery_fuel_gauge.c.obj
[lite-ish:singleimage] [62/257] Building C object zephyr/CMakeFiles/zephyr.dir/subsys/shell/modules/kernel_service/thread/resume.c.obj
[kyogre:ro] [284/392] Building C object zephyr/drivers/flash/CMakeFiles/drivers__flash.dir/flash_npcx_fiu_nor.c.obj
[teliks:rw] [319/402] Building C object zephyr/drivers/watchdog/CMakeFiles/drivers__watchdog.dir/wdt_shell.c.obj
[kyogre:ro] [285/392] Building C object zephyr/drivers/flash/CMakeFiles/drivers__flash.dir/flash_npcx_fiu_qspi.c.obj
[pujjogatwin:ro] [283/414] Building C object CMakeFiles/app.dir/mnt/host/source/src/platform/ec/build/zephyr/pujjogatwin/modules/ec/driver/battery/smart.c.obj
[kyogre:ro] [286/392] Linking C static library zephyr/drivers/flash/libdrivers__flash.a
[teliks:rw] [320/402] Linking C static library zephyr/drivers/watchdog/libdrivers__watchdog.a
[kyogre:ro] [287/392] Building C object zephyr/drivers/gpio/CMakeFiles/drivers__gpio.dir/gpio_npcx.c.obj
[teliks:rw] [321/402] Building C object modules/ec/zephyr/CMakeFiles/ec_shim.dir/app/ec/ec_app_main.c.obj
[kyogre:ro] [288/392] Linking C static library zephyr/drivers/gpio/libdrivers__gpio.a
[lite-ish:singleimage] [63/257] Building C object zephyr/CMakeFiles/zephyr.dir/subsys/shell/modules/kernel_service/thread/kill.c.obj
[teliks:rw] [322/402] Building C object modules/ec/zephyr/CMakeFiles/ec_shim.dir/app/ec/main_shim.c.obj
[kyogre:ro] [289/392] Building C object zephyr/drivers/i2c/CMakeFiles/drivers__i2c.dir/i2c_common.c.obj
[teliks:rw] [323/402] Building C object modules/ec/zephyr/CMakeFiles/ec_shim.dir/drivers/cros_kb_raw/cros_kb_raw_ite.c.obj
[teliks:rw] [324/402] Building C object modules/ec/zephyr/CMakeFiles/ec_shim.dir/app/ec/chip/riscv/riscv-ite/it8xxx2-espi.c.obj
[teliks:rw] [325/402] Building C object modules/ec/zephyr/CMakeFiles/ec_shim.dir/drivers/cros_flash/cros_flash_it8xxx2.c.obj
[pujjogatwin:ro] [284/414] Building C object CMakeFiles/app.dir/mnt/host/source/src/platform/ec/build/zephyr/pujjogatwin/modules/ec/driver/charger/bq25710.c.obj
[kyogre:ro] [290/392] Building C object zephyr/drivers/i2c/CMakeFiles/drivers__i2c.dir/i2c_shell.c.obj
[lite-ish:singleimage] [64/257] Building C object zephyr/CMakeFiles/zephyr.dir/subsys/shell/backends/shell_uart.c.obj
[domika:rw] -- Found devicetree overlay: /mnt/host/source/src/platform/ec/zephyr/program/nissa/domika/project.overlay
[domika:rw] -- Generated zephyr.dts: /mnt/host/source/src/platform/ec/build/zephyr/domika/build-rw/zephyr/zephyr.dts
[domika:rw] -- Generated pickled edt: /mnt/host/source/src/platform/ec/build/zephyr/domika/build-rw/zephyr/edt.pickle
[kyogre:ro] [291/392] Building C object zephyr/drivers/i2c/CMakeFiles/drivers__i2c.dir/i2c_npcx_controller.c.obj
[teliks:rw] [326/402] Building C object modules/ec/zephyr/CMakeFiles/ec_shim.dir/drivers/cros_system/cros_system_it8xxx2.c.obj
[kyogre:ro] [292/392] Building C object zephyr/drivers/i2c/CMakeFiles/drivers__i2c.dir/i2c_npcx_controller_fifo.c.obj
[teliks:rw] [327/402] Building C object modules/ec/zephyr/CMakeFiles/ec_shim.dir/shim/chip/it8xxx2/clock.c.obj
[pujjogatwin:ro] [285/414] Building C object CMakeFiles/app.dir/mnt/host/source/src/platform/ec/build/zephyr/pujjogatwin/modules/ec/common/charger.c.obj
[teliks:rw] [328/402] Building C object modules/ec/zephyr/CMakeFiles/ec_shim.dir/drivers/vivaldi_kbd/vivaldi_kbd.c.obj
[kyogre:ro] [293/392] Building C object zephyr/drivers/i2c/CMakeFiles/drivers__i2c.dir/i2c_npcx_port.c.obj
[teliks:rw] [329/402] Building C object modules/ec/zephyr/CMakeFiles/ec_shim.dir/shim/chip/it8xxx2/system.c.obj
[teliks:rw] [330/402] Building C object modules/ec/zephyr/CMakeFiles/ec_shim.dir/shim/chip/it8xxx2/gpio.c.obj
[teliks:rw] [331/402] Building C object modules/ec/zephyr/CMakeFiles/ec_shim.dir/shim/src/crc.c.obj
[kyogre:ro] [294/392] Linking C static library zephyr/drivers/i2c/libdrivers__i2c.a
[teliks:rw] [332/402] Building C object modules/ec/zephyr/CMakeFiles/ec_shim.dir/shim/chip/it8xxx2/keyboard_raw.c.obj
[kyogre:ro] [295/392] Building C object zephyr/drivers/pinctrl/CMakeFiles/drivers__pinctrl.dir/common.c.obj
[domika:rw] -- Generated devicetree_generated.h: /mnt/host/source/src/platform/ec/build/zephyr/domika/build-rw/zephyr/include/generated/zephyr/devicetree_generated.h
[kyogre:ro] [296/392] Building C object zephyr/drivers/pinctrl/CMakeFiles/drivers__pinctrl.dir/pinctrl_npcx.c.obj
[lite-ish:singleimage] [65/257] Building C object zephyr/CMakeFiles/zephyr.dir/subsys/shell/shell.c.obj
[kyogre:ro] [297/392] Linking C static library zephyr/drivers/pinctrl/libdrivers__pinctrl.a
[/mnt/host/source/src/platform/ec/build/zephyr/pujjocento-lcov]   /mnt/host/source/src/platform/ec/build/zephyr/pujjocento/build-rw/modules/ec/zephyr/CMakeFiles/ec_shim.dir/drivers/keyboard_input/keyboard_customization_check.c.gcno:no functions found
[/mnt/host/source/src/platform/ec/build/zephyr/pujjocento-lcov] stderr:
[pujjogatwin:ro] [286/414] Building C object CMakeFiles/app.dir/mnt/host/source/src/platform/ec/build/zephyr/pujjogatwin/modules/ec/common/charge_state.c.obj
[kyogre:ro] [298/392] Building C object zephyr/drivers/pwm/CMakeFiles/drivers__pwm.dir/pwm_shell.c.obj
[teliks:rw] [333/402] Building C object modules/ec/zephyr/CMakeFiles/ec_shim.dir/shim/chip/it8xxx2/power_policy.c.obj
[lite-ish:singleimage] [66/257] Building C object zephyr/CMakeFiles/zephyr.dir/subsys/shell/shell_fprintf.c.obj
[teliks:rw] [334/402] Building C object modules/ec/zephyr/CMakeFiles/ec_shim.dir/shim/src/console.c.obj
[kyogre:ro] [299/392] Building C object zephyr/drivers/pwm/CMakeFiles/drivers__pwm.dir/pwm_npcx.c.obj
[kyogre:ro] [300/392] Linking C static library zephyr/drivers/pwm/libdrivers__pwm.a
[teliks:rw] [335/402] Building C object modules/ec/zephyr/CMakeFiles/ec_shim.dir/shim/src/panic_utils.c.obj
[teliks:rw] [336/402] Building C object modules/ec/zephyr/CMakeFiles/ec_shim.dir/shim/src/gpio_int.c.obj
[teliks:rw] [337/402] Building C object modules/ec/zephyr/CMakeFiles/ec_shim.dir/shim/src/pm_state.c.obj
[kyogre:ro] [301/392] Building C object zephyr/drivers/syscon/CMakeFiles/drivers__syscon.dir/syscon.c.obj
[teliks:rw] [338/402] Building C object modules/ec/zephyr/CMakeFiles/ec_shim.dir/shim/src/gpio.c.obj
[kyogre:ro] [302/392] Building C object zephyr/drivers/serial/CMakeFiles/drivers__serial.dir/uart_npcx.c.obj
[kyogre:ro] [303/392] Linking C static library zephyr/drivers/syscon/libdrivers__syscon.a
[pujjogatwin:ro] [287/414] Building C object CMakeFiles/app.dir/mnt/host/source/src/platform/ec/build/zephyr/pujjogatwin/modules/ec/common/charge_manager.c.obj
[kyogre:ro] [304/392] Linking C static library zephyr/drivers/serial/libdrivers__serial.a
[lite-ish:singleimage] [67/257] Building C object zephyr/CMakeFiles/zephyr.dir/subsys/shell/shell_utils.c.obj
[kyogre:ro] [305/392] Building C object zephyr/drivers/timer/CMakeFiles/drivers__timer.dir/sys_clock_init.c.obj
[teliks:rw] [339/402] Building C object modules/ec/zephyr/CMakeFiles/ec_shim.dir/shim/src/cbi/cros_cbi.c.obj
[domika:rw] /mnt/host/source/src/platform/ec/build/zephyr/domika/build-rw/zephyr/zephyr.dts:1228.27-1958.5: Warning (avoid_unnecessary_addr_size): /soc/pin-controller: unnecessary #address-cells/#size-cells without "ranges" or child "reg" property
[domika:rw] /mnt/host/source/src/platform/ec/build/zephyr/domika/build-rw/zephyr/zephyr.dts:2869.9-2877.5: Warning (gpios_property): /fans/fan_0: Missing property '#gpio-cells' in node /named-gpios/fan-enable or bad phandle (referred from enable-gpio[0])
[pujjogatwin:ro] [288/414] Building C object CMakeFiles/app.dir/mnt/host/source/src/platform/ec/build/zephyr/pujjogatwin/modules/ec/common/cbi_common.c.obj
[teliks:rw] [340/402] Building C object modules/ec/zephyr/CMakeFiles/ec_shim.dir/shim/src/cbi/cros_cbi_fw_config.c.obj
[teliks:rw] [341/402] Building C object modules/ec/zephyr/CMakeFiles/ec_shim.dir/shim/src/cbi/cros_cbi_ssfc.c.obj
[kyogre:ro] [306/392] Building C object zephyr/drivers/timer/CMakeFiles/drivers__timer.dir/npcx_itim_timer.c.obj
[lite-ish:singleimage] [68/257] Building C object zephyr/CMakeFiles/zephyr.dir/subsys/shell/shell_ops.c.obj
[teliks:rw] [342/402] Building C object modules/ec/zephyr/CMakeFiles/ec_shim.dir/shim/src/cbi/cbi_eeprom.c.obj
[kyogre:ro] [307/392] Linking C static library zephyr/drivers/timer/libdrivers__timer.a
[kyogre:ro] [308/392] Building C object zephyr/drivers/watchdog/CMakeFiles/drivers__watchdog.dir/wdt_shell.c.obj
[kyogre:ro] [309/392] Building C object zephyr/drivers/watchdog/CMakeFiles/drivers__watchdog.dir/wdt_npcx.c.obj
[teliks:rw] [343/402] Building C object modules/ec/zephyr/CMakeFiles/ec_shim.dir/shim/src/led_driver/led_gpio.c.obj
[teliks:rw] [344/402] Building C object modules/ec/zephyr/CMakeFiles/ec_shim.dir/shim/src/led_driver/led.c.obj
[kyogre:ro] [310/392] Linking C static library zephyr/drivers/watchdog/libdrivers__watchdog.a
[pujjogatwin:ro] [289/414] Building C object CMakeFiles/app.dir/mnt/host/source/src/platform/ec/build/zephyr/pujjogatwin/modules/ec/common/cbi.c.obj
[teliks:rw] [345/402] Building C object modules/ec/zephyr/CMakeFiles/ec_shim.dir/shim/src/system.c.obj
[lite-ish:singleimage] [69/257] Building C object zephyr/CMakeFiles/zephyr.dir/subsys/shell/shell_log_backend.c.obj
[kyogre:ro] [311/392] Building C object modules/ec/zephyr/CMakeFiles/ec_shim.dir/app/ec/ec_app_main.c.obj
[pujjogatwin:ro] [290/414] Building C object CMakeFiles/app.dir/mnt/host/source/src/platform/ec/build/zephyr/pujjogatwin/modules/ec/common/cbi_config.c.obj
[teliks:rw] [346/402] Building C object modules/ec/zephyr/CMakeFiles/ec_shim.dir/shim/src/adc.c.obj
[teliks:rw] [347/402] Building C object modules/ec/zephyr/CMakeFiles/ec_shim.dir/shim/src/battery.c.obj
[teliks:rw] [348/402] Building C object modules/ec/zephyr/CMakeFiles/ec_shim.dir/shim/src/charger.c.obj
[lite-ish:singleimage] [70/257] Building C object zephyr/CMakeFiles/zephyr.dir/subsys/shell/shell_help.c.obj
[teliks:rw] [349/402] Building C object modules/ec/zephyr/CMakeFiles/ec_shim.dir/shim/src/chipset_api.c.obj
[kyogre:ro] [312/392] Building C object modules/ec/zephyr/CMakeFiles/ec_shim.dir/app/ec/main_shim.c.obj
[kyogre:ro] [313/392] Building C object modules/ec/zephyr/CMakeFiles/ec_shim.dir/drivers/cros_flash/cros_flash_npcx.c.obj
[kyogre:ro] [314/392] Building C object modules/ec/zephyr/CMakeFiles/ec_shim.dir/drivers/cros_kb_raw/cros_kb_raw_npcx.c.obj
[teliks:rw] [350/402] Building C object modules/ec/zephyr/CMakeFiles/ec_shim.dir/shim/src/espi.c.obj
[pujjogatwin:ro] [291/414] Building C object CMakeFiles/app.dir/mnt/host/source/src/platform/ec/build/zephyr/pujjogatwin/modules/ec/common/memory_commands.c.obj
[lite-ish:singleimage] [71/257] Building C object zephyr/CMakeFiles/zephyr.dir/subsys/shell/shell_history.c.obj
[kyogre:ro] [315/392] Building C object modules/ec/zephyr/CMakeFiles/ec_shim.dir/drivers/cros_shi/cros_shi_npcx.c.obj
[teliks:rw] [351/402] Building C object modules/ec/zephyr/CMakeFiles/ec_shim.dir/shim/src/flash.c.obj
[pujjogatwin:ro] [292/414] Building C object CMakeFiles/app.dir/mnt/host/source/src/platform/ec/build/zephyr/pujjogatwin/modules/ec/common/dptf.c.obj
[teliks:rw] [352/402] Building C object modules/ec/zephyr/CMakeFiles/ec_shim.dir/shim/src/console_buffer.c.obj
[teliks:rw] [353/402] Building C object modules/ec/zephyr/CMakeFiles/ec_shim.dir/shim/src/host_command.c.obj
[teliks:rw] [354/402] Building C object modules/ec/zephyr/CMakeFiles/ec_shim.dir/shim/src/hooks.c.obj
[lite-ish:singleimage] [72/257] Building C object zephyr/CMakeFiles/zephyr.dir/mnt/host/source/src/third_party/zephyrproject/modules/hal/intel/zephyr/bsp_sedi/bsp_sedi_rtos_utils.c.obj
[lite-ish:singleimage] [73/257] Linking C static library zephyr/libzephyr.a
[teliks:rw] [355/402] Building C object modules/ec/zephyr/CMakeFiles/ec_shim.dir/shim/src/keyboard_raw.c.obj
[kyogre:ro] [316/392] Building C object modules/ec/zephyr/CMakeFiles/ec_shim.dir/shim/chip/npcx/gpio.c.obj
[kyogre:ro] [317/392] Building C object modules/ec/zephyr/CMakeFiles/ec_shim.dir/shim/chip/npcx/clock.c.obj
[teliks:rw] [356/402] Building C object modules/ec/zephyr/CMakeFiles/ec_shim.dir/shim/src/keyscan.c.obj
[kyogre:ro] [318/392] Building C object modules/ec/zephyr/CMakeFiles/ec_shim.dir/drivers/cros_system/cros_system_npcx.c.obj
[lite-ish:singleimage] [74/257] Building C object zephyr/arch/common/CMakeFiles/arch__common.dir/init.c.obj
[lite-ish:singleimage] [75/257] Linking C static library zephyr/arch/common/libarch__common.a
[kyogre:ro] [319/392] Building C object modules/ec/zephyr/CMakeFiles/ec_shim.dir/shim/chip/npcx/rom_chip.c.obj
[pujjogatwin:ro] [293/414] Building C object CMakeFiles/app.dir/mnt/host/source/src/platform/ec/build/zephyr/pujjogatwin/modules/ec/common/ap_reset_log.c.obj
[teliks:rw] [357/402] Building C object modules/ec/zephyr/CMakeFiles/ec_shim.dir/shim/src/mkbp_event.c.obj
[teliks:rw] [358/402] Building C object modules/ec/zephyr/CMakeFiles/ec_shim.dir/shim/src/panic.c.obj
[domika:rw] warning: THREAD_MAX_NAME_LEN (defined at
[domika:rw] /mnt/host/source/src/platform/ec/zephyr/Kconfig.defaults:19, kernel/Kconfig:504) was assigned the
[domika:rw] value '12' but got the value '16'. See
[domika:rw] http://docs.zephyrproject.org/latest/kconfig.html#CONFIG_THREAD_MAX_NAME_LEN and/or look up
[domika:rw] THREAD_MAX_NAME_LEN in the menuconfig/guiconfig interface. The Application Development Primer,
[domika:rw] Setting Configuration Values, and Kconfig - Tips and Best Practices sections of the manual might be
[domika:rw] helpful too.
[domika:rw] warning: PLATFORM_EC_CONSOLE_CMD_ACCEL_INFO (defined at
[domika:rw] /mnt/host/source/src/platform/ec/zephyr/Kconfig.motionsense:159) was assigned the value 'y' but got
[domika:rw] the value 'n'. Check these unsatisfied dependencies: PLATFORM_EC_CONSOLE_CMD_ACCELS (=n). See
[domika:rw] http://docs.zephyrproject.org/latest/kconfig.html#CONFIG_PLATFORM_EC_CONSOLE_CMD_ACCEL_INFO and/or
[domika:rw] look up PLATFORM_EC_CONSOLE_CMD_ACCEL_INFO in the menuconfig/guiconfig interface. The Application
[domika:rw] Development Primer, Setting Configuration Values, and Kconfig - Tips and Best Practices sections of
[domika:rw] the manual might be helpful too.
[domika:rw] warning: TASK_HOSTCMD_STACK_SIZE (defined at
[domika:rw] /mnt/host/source/src/platform/ec/zephyr/Kconfig.stacks:52,
[domika:rw] /mnt/host/source/src/platform/ec/zephyr/Kconfig.tasks:123) was assigned the value '1280' but got the
[domika:rw] value '1152'. See http://docs.zephyrproject.org/latest/kconfig.html#CONFIG_TASK_HOSTCMD_STACK_SIZE
[domika:rw] and/or look up TASK_HOSTCMD_STACK_SIZE in the menuconfig/guiconfig interface. The Application
[domika:rw] Development Primer, Setting Configuration Values, and Kconfig - Tips and Best Practices sections of
[domika:rw] the manual might be helpful too.
[pujjogatwin:ro] [294/414] Building C object CMakeFiles/app.dir/mnt/host/source/src/platform/ec/build/zephyr/pujjogatwin/modules/ec/common/espi.c.obj
[lite-ish:singleimage] [76/257] Building C object zephyr/arch/arch/x86/core/CMakeFiles/arch__x86__core.dir/cpuhalt.c.obj
[teliks:rw] [359/402] Building C object modules/ec/zephyr/CMakeFiles/ec_shim.dir/shim/src/motionsense_sensors.c.obj
[teliks:rw] [360/402] Building C object modules/ec/zephyr/CMakeFiles/ec_shim.dir/shim/src/hwtimer.c.obj
[teliks:rw] [361/402] Building C object modules/ec/zephyr/CMakeFiles/ec_shim.dir/shim/src/temp_sensors.c.obj
[teliks:rw] [362/402] Building C object modules/ec/zephyr/CMakeFiles/ec_shim.dir/shim/src/thermal.c.obj
[kyogre:ro] [320/392] Building C object modules/ec/zephyr/CMakeFiles/ec_shim.dir/shim/chip/npcx/keyboard_raw.c.obj
[lite-ish:singleimage] [77/257] Building C object zephyr/arch/arch/x86/core/CMakeFiles/arch__x86__core.dir/prep_c.c.obj
[kyogre:ro] [321/392] Building C object modules/ec/zephyr/CMakeFiles/ec_shim.dir/shim/chip/npcx/system.c.obj
[kyogre:ro] [322/392] Building C object modules/ec/zephyr/CMakeFiles/ec_shim.dir/shim/chip/npcx/shi.c.obj
[domika:rw] Parsing /mnt/host/source/src/platform/ec/zephyr/program/nissa/Kconfig
[pujjogatwin:ro] [295/414] Building C object CMakeFiles/app.dir/mnt/host/source/src/platform/ec/build/zephyr/pujjogatwin/modules/ec/common/extpower_common.c.obj
[kyogre:ro] [323/392] Building C object modules/ec/zephyr/CMakeFiles/ec_shim.dir/shim/chip/npcx/system_external_storage.c.obj
[teliks:rw] [363/402] Building C object modules/ec/zephyr/CMakeFiles/ec_shim.dir/shim/src/i2c.c.obj
[teliks:rw] [364/402] Building C object modules/ec/zephyr/CMakeFiles/ec_shim.dir/shim/src/tasks.c.obj
[pujjogatwin:ro] [296/414] Building C object CMakeFiles/app.dir/mnt/host/source/src/platform/ec/build/zephyr/pujjogatwin/modules/ec/common/extpower_gpio.c.obj
[teliks:rw] [365/402] Building C object modules/ec/zephyr/CMakeFiles/ec_shim.dir/shim/src/usba.c.obj
[lite-ish:singleimage] [78/257] Building C object zephyr/arch/arch/x86/core/CMakeFiles/arch__x86__core.dir/fatal.c.obj
[teliks:rw] [366/402] Building C object modules/ec/zephyr/CMakeFiles/ec_shim.dir/shim/src/watchdog.c.obj
[teliks:rw] [367/402] Building C object modules/ec/zephyr/CMakeFiles/ec_shim.dir/shim/src/power_host_sleep_api.c.obj
[teliks:rw] [368/402] Building C object modules/ec/zephyr/CMakeFiles/ec_shim.dir/shim/src/ppc.c.obj
[kyogre:ro] [324/392] Building C object modules/ec/zephyr/CMakeFiles/ec_shim.dir/shim/chip/npcx/power_policy.c.obj
[kyogre:ro] [325/392] Building C object modules/ec/zephyr/CMakeFiles/ec_shim.dir/shim/core/cortex-m/panic.c.obj
[kyogre:ro] [326/392] Building C object modules/ec/zephyr/CMakeFiles/ec_shim.dir/shim/core/cortex-m/mpu.c.obj
[kyogre:ro] [327/392] Building C object modules/ec/zephyr/CMakeFiles/ec_shim.dir/shim/src/crc.c.obj
[lite-ish:singleimage] [79/257] Building C object zephyr/arch/arch/x86/core/CMakeFiles/arch__x86__core.dir/cpuid.c.obj
[domika:rw] Loaded configuration '/mnt/host/source/src/platform/ec/zephyr/boards/google/it8xxx2/it8xxx2_it81302bx_defconfig'
[domika:rw] Merged configuration '/mnt/host/source/src/platform/ec/zephyr/program/nissa/program.conf'
[domika:rw] Merged configuration '/mnt/host/source/src/platform/ec/zephyr/program/nissa/it8xxx2_program.conf'
[domika:rw] Merged configuration '/mnt/host/source/src/platform/ec/zephyr/program/nissa/domika/project.conf'
[domika:rw] Merged configuration '/mnt/host/source/src/platform/ec/build/zephyr/domika/kconfig-rw.conf'
[domika:rw] Configuration saved to '/mnt/host/source/src/platform/ec/build/zephyr/domika/build-rw/zephyr/.config'
[domika:rw] Kconfig header saved to '/mnt/host/source/src/platform/ec/build/zephyr/domika/build-rw/zephyr/include/generated/zephyr/autoconf.h'
[domika:rw] -- Found GnuLd: /home/jpmurphy/.cache/coreboot-sdk/riscv64-elf/96b949749225b6aaa92ed810ab769e8dfb12f000/riscv64-elf/bin/ld.bfd (found version "2.43.1")
[kyogre:ro] [328/392] Building C object modules/ec/zephyr/CMakeFiles/ec_shim.dir/shim/src/console.c.obj
[teliks:rw] [369/402] Building C object zephyr/kernel/CMakeFiles/kernel.dir/main_weak.c.obj
[pujjogatwin:ro] [297/414] Building C object CMakeFiles/app.dir/mnt/host/source/src/platform/ec/build/zephyr/pujjogatwin/modules/ec/common/flash.c.obj
[teliks:rw] [370/402] Building C object zephyr/kernel/CMakeFiles/kernel.dir/busy_wait.c.obj
[teliks:rw] [371/402] Building C object zephyr/kernel/CMakeFiles/kernel.dir/banner.c.obj
[teliks:rw] [372/402] Building C object zephyr/kernel/CMakeFiles/kernel.dir/errno.c.obj
[lite-ish:singleimage] [80/257] Building C object zephyr/arch/arch/x86/core/CMakeFiles/arch__x86__core.dir/spec_ctrl.c.obj
[teliks:rw] [373/402] Building C object zephyr/kernel/CMakeFiles/kernel.dir/device.c.obj
[domika:rw] -- The C compiler identification is GNU 14.2.0
[pujjogatwin:ro] [298/414] Building C object CMakeFiles/app.dir/mnt/host/source/src/platform/ec/build/zephyr/pujjogatwin/modules/ec/common/host_command.c.obj
[teliks:rw] [374/402] Building C object modules/ec/zephyr/CMakeFiles/ec_shim.dir/shim/src/usb_muxes.c.obj
[/mnt/host/source/src/platform/ec/build/zephyr/craaskov-lcov]   /mnt/host/source/src/platform/ec/build/zephyr/craaskov/build-rw/zephyr/CMakeFiles/zephyr.dir/soc/nuvoton/npcx/common/npcxn/registers.c.gcno:no functions found
[/mnt/host/source/src/platform/ec/build/zephyr/craaskov-lcov] stderr:
[teliks:rw] [375/402] Linking C static library modules/ec/zephyr/libec_shim.a
[/mnt/host/source/src/platform/ec/build/zephyr/pujjocento-lcov]   /mnt/host/source/src/platform/ec/build/zephyr/pujjocento/build-rw/CMakeFiles/app.dir/mnt/host/source/src/platform/ec/build/zephyr/pujjocento/modules/ec/common/cbi_config.c.gcno:no functions found
[/mnt/host/source/src/platform/ec/build/zephyr/pujjocento-lcov] stderr:
[domika:rw] -- The CXX compiler identification is GNU 14.2.0
[teliks:rw] [376/402] Building C object zephyr/kernel/CMakeFiles/kernel.dir/version.c.obj
[kyogre:ro] [329/392] Building C object modules/ec/zephyr/CMakeFiles/ec_shim.dir/shim/src/panic_utils.c.obj
[domika:rw] -- The ASM compiler identification is GNU
[domika:rw] -- Found assembler: /home/jpmurphy/.cache/coreboot-sdk/riscv64-elf/96b949749225b6aaa92ed810ab769e8dfb12f000/bin/riscv64-elf-gcc
[lite-ish:singleimage] [81/257] Building C object zephyr/arch/arch/x86/core/CMakeFiles/arch__x86__core.dir/reboot_rst_cnt.c.obj
[domika:rw] warning: Deprecated symbol I2C_ALLOW_NO_STOP_TRANSACTIONS is enabled.
[domika:rw] CMake Warning at /mnt/host/source/src/platform/ec/zephyr/cmake/linker/ld/linker_libraries.cmake:11 (message):
[domika:rw]   Disabling c_library
[domika:rw] Call Stack (most recent call first):
[domika:rw]   /mnt/host/source/src/third_party/zephyr/main/cmake/target_toolchain_flags.cmake:48 (include)
[domika:rw]   /mnt/host/source/src/third_party/zephyr/main/cmake/modules/kernel.cmake:153 (include)
[domika:rw]   /mnt/host/source/src/third_party/zephyr/main/cmake/modules/zephyr_default.cmake:138 (include)
[domika:rw]   /mnt/host/source/src/third_party/zephyr/main/share/zephyr-package/cmake/ZephyrConfig.cmake:66 (include)
[domika:rw]   /mnt/host/source/src/third_party/zephyr/main/share/zephyr-package/cmake/ZephyrConfig.cmake:97 (include_boilerplate)
[domika:rw]   CMakeLists.txt:7 (find_package)
[kyogre:ro] [330/392] Building C object modules/ec/zephyr/CMakeFiles/ec_shim.dir/shim/src/gpio.c.obj
[kyogre:ro] [331/392] Building C object modules/ec/zephyr/CMakeFiles/ec_shim.dir/shim/src/gpio_int.c.obj
[teliks:rw] [377/402] Building C object zephyr/kernel/CMakeFiles/kernel.dir/fatal.c.obj
[teliks:rw] [378/402] Building C object zephyr/kernel/CMakeFiles/kernel.dir/mem_slab.c.obj
[kyogre:ro] [332/392] Building C object modules/ec/zephyr/CMakeFiles/ec_shim.dir/shim/src/pm_state.c.obj
[teliks:rw] [379/402] Building C object zephyr/kernel/CMakeFiles/kernel.dir/float.c.obj
[teliks:rw] [380/402] Building C object zephyr/kernel/CMakeFiles/kernel.dir/kheap.c.obj
[teliks:rw] [381/402] Building C object zephyr/kernel/CMakeFiles/kernel.dir/init.c.obj
[lite-ish:singleimage] [82/257] Building ASM object zephyr/arch/arch/x86/core/CMakeFiles/arch__x86__core.dir/ia32/crt0.S.obj
[pujjogatwin:ro] [299/414] Building C object CMakeFiles/app.dir/mnt/host/source/src/platform/ec/build/zephyr/pujjogatwin/modules/ec/common/host_command_task.c.obj
[domika:rw] -- Performing EC specific devicetree checks
[teliks:rw] [382/402] Building C object zephyr/kernel/CMakeFiles/kernel.dir/idle.c.obj
[pujjogatwin:ro] [300/414] Building C object CMakeFiles/app.dir/mnt/host/source/src/platform/ec/build/zephyr/pujjogatwin/modules/ec/common/host_event_commands.c.obj
[kyogre:ro] [333/392] Building C object modules/ec/zephyr/CMakeFiles/ec_shim.dir/shim/src/cbi/cros_cbi.c.obj
[domika:rw] INFO: Verified 58 GPIOs, no duplicates found
[domika:rw] INFO: Verified 15 '*-gpios' properties, all flags match.
[domika:rw] INFO: Skipped 14 named-gpios children.
[lite-ish:singleimage] [83/257] Building ASM object zephyr/arch/arch/x86/core/CMakeFiles/arch__x86__core.dir/ia32/excstub.S.obj
[kyogre:ro] [334/392] Building C object modules/ec/zephyr/CMakeFiles/ec_shim.dir/shim/src/led_driver/led.c.obj
[teliks:rw] [383/402] Building C object zephyr/kernel/CMakeFiles/kernel.dir/msg_q.c.obj
[kyogre:ro] [335/392] Building C object modules/ec/zephyr/CMakeFiles/ec_shim.dir/shim/src/cbi/cbi_eeprom.c.obj
[teliks:rw] [384/402] Building C object zephyr/kernel/CMakeFiles/kernel.dir/mailbox.c.obj
[domika:rw] -- Generating component manifest file
[teliks:rw] [385/402] Building C object zephyr/kernel/CMakeFiles/kernel.dir/sem.c.obj
[teliks:rw] [386/402] Building C object zephyr/kernel/CMakeFiles/kernel.dir/mutex.c.obj
[teliks:rw] [387/402] Building C object zephyr/kernel/CMakeFiles/kernel.dir/queue.c.obj
[kyogre:ro] [336/392] Building ASM object modules/ec/zephyr/CMakeFiles/ec_shim.dir/shim/src/libgcc_arm.S.obj
[domika:rw] INFO: Running CME, outputting to /mnt/host/source/src/platform/ec/build/zephyr/domika/build-rw/zephyr/component_manifest.json
[domika:rw] INFO: Component usbpd@f03700(ite,it8xxx2-usbpd) not on I2C bus, skip it
[domika:rw] INFO: Component virtual-mux-0(cros-ec,usbc-mux-virtual) not on I2C bus, skip it
[domika:rw] INFO: Component virtual-mux-1(cros-ec,usbc-mux-virtual) not on I2C bus, skip it
[domika:rw] INFO: Component tcpci-mux-1(parade,usbc-mux-ps8xxx) not on I2C bus, skip it
[domika:rw] INFO: Component virtual-mux-1(cros-ec,usbc-mux-virtual) not on I2C bus, skip it
[lite-ish:singleimage] [84/257] Building ASM object zephyr/arch/arch/x86/core/CMakeFiles/arch__x86__core.dir/ia32/intstub.S.obj
[kyogre:ro] [337/392] Building C object modules/ec/zephyr/CMakeFiles/ec_shim.dir/shim/src/led_driver/led_pwm.c.obj
[pujjogatwin:ro] [301/414] Building C object CMakeFiles/app.dir/mnt/host/source/src/platform/ec/build/zephyr/pujjogatwin/modules/ec/common/uart_hostcmd.c.obj
[teliks:rw] [388/402] Building C object zephyr/kernel/CMakeFiles/kernel.dir/stack.c.obj
[domika:rw] -- warning_base_override: -Wall;-Wformat;-Wformat-security;-Wformat;-Wno-format-zero-length;-Wno-pointer-sign;-Wpointer-arith;-Wexpansion-to-defined
[/mnt/host/source/src/platform/ec/build/zephyr/pujjocento-lcov]   /mnt/host/source/src/platform/ec/build/zephyr/pujjocento/build-rw/zephyr/arch/arch/arm/core/mpu/CMakeFiles/arch__arm__core__mpu.dir/arm_mpu_regions.c.gcno:no functions found
[/mnt/host/source/src/platform/ec/build/zephyr/pujjocento-lcov] stderr:
[lite-ish:singleimage] [85/257] Building C object zephyr/arch/arch/x86/core/CMakeFiles/arch__x86__core.dir/ia32/irq_manage.c.obj
[teliks:rw] [389/402] Building C object zephyr/kernel/CMakeFiles/kernel.dir/condvar.c.obj
[pujjogatwin:ro] [302/414] Building C object CMakeFiles/app.dir/mnt/host/source/src/platform/ec/build/zephyr/pujjogatwin/modules/ec/common/uptime.c.obj
[kyogre:ro] [338/392] Building C object modules/ec/zephyr/CMakeFiles/ec_shim.dir/shim/src/system.c.obj
[teliks:rw] [390/402] Building C object zephyr/kernel/CMakeFiles/kernel.dir/system_work_q.c.obj
[teliks:rw] [391/402] Building C object zephyr/kernel/CMakeFiles/kernel.dir/work.c.obj
[teliks:rw] [392/402] Building C object zephyr/kernel/CMakeFiles/kernel.dir/thread.c.obj
[domika:rw] -- Found gen_kobject_list: /mnt/host/source/src/third_party/zephyr/main/scripts/build/gen_kobject_list.py
[domika:rw] -- [no-LTO] Building kernel files without LTO
[kyogre:ro] [339/392] Building C object modules/ec/zephyr/CMakeFiles/ec_shim.dir/shim/src/adc.c.obj
[teliks:rw] [393/402] Building C object zephyr/kernel/CMakeFiles/kernel.dir/sched.c.obj
[lite-ish:singleimage] [86/257] Building ASM object zephyr/arch/arch/x86/core/CMakeFiles/arch__x86__core.dir/ia32/swap.S.obj
[kyogre:ro] [340/392] Building C object modules/ec/zephyr/CMakeFiles/ec_shim.dir/shim/src/battery.c.obj
[teliks:rw] [394/402] Building C object zephyr/kernel/CMakeFiles/kernel.dir/pipe.c.obj
[kyogre:ro] [341/392] Building C object modules/ec/zephyr/CMakeFiles/ec_shim.dir/shim/src/charger.c.obj
[domika:rw] -- Configuring done (16.1s)
[pujjogatwin:ro] [303/414] Building C object CMakeFiles/app.dir/mnt/host/source/src/platform/ec/build/zephyr/pujjogatwin/modules/ec/common/i2c_controller.c.obj
[teliks:rw] [395/402] Building C object zephyr/kernel/CMakeFiles/kernel.dir/thread_monitor.c.obj
[teliks:rw] [396/402] Building C object zephyr/kernel/CMakeFiles/kernel.dir/timeout.c.obj
[lite-ish:singleimage] [87/257] Building C object zephyr/arch/arch/x86/core/CMakeFiles/arch__x86__core.dir/ia32/thread.c.obj
[teliks:rw] [397/402] Building C object zephyr/kernel/CMakeFiles/kernel.dir/poll.c.obj
[teliks:rw] [398/402] Building C object zephyr/kernel/CMakeFiles/kernel.dir/timer.c.obj
[/mnt/host/source/src/platform/ec/build/zephyr/pujjocento-lcov]   /mnt/host/source/src/platform/ec/build/zephyr/pujjocento/build-rw/zephyr/arch/common/CMakeFiles/isr_tables.dir/isr_tables.c.gcno:no functions found
[/mnt/host/source/src/platform/ec/build/zephyr/pujjocento-lcov] stderr:
[domika:rw] -- Generating done (0.4s)
[domika:rw] CMake Warning:
[kyogre:ro] [342/392] Building C object modules/ec/zephyr/CMakeFiles/ec_shim.dir/shim/src/flash.c.obj
[pujjogatwin:ro] [304/414] Building C object CMakeFiles/app.dir/mnt/host/source/src/platform/ec/build/zephyr/pujjogatwin/modules/ec/common/i2c_passthru.c.obj
[domika:ro] Configuring.
Running `env -i PYTHONPATH=/usr/lib64/python-exec/python3.11:/mnt/host/source/src/platform/ec/zephyr/zmake:/usr/lib/python311.zip:/usr/lib/python3.11:/usr/lib/python3.11/lib-dynload:/usr/lib/python3.11/site-packages PW_PIGWEED_CIPD_INSTALL_DIR=/usr CROSTC_USER_ACKNOWLEDGES_THAT_RISCV_IS_EXPERIMENTAL=1 PATH=/mnt/host/source/chromite/bin:/usr/local/bin:/usr/bin:/bin:/opt/bin:/mnt/host/source/chromite/sdk/bin:/mnt/host/source/chromite/bin HOME=/home/jpmurphy JAVA_HOME=/etc/java-config-2/current-system-vm JDK_HOME=/etc/java-config-2/current-system-vm JAVAC=/etc/java-config-2/current-system-vm/bin/javac MAKEFLAGS=' -j16 --jobserver-auth=5,6' /usr/bin/cmake -S /mnt/host/source/src/platform/ec/zephyr/program/nissa -B /mnt/host/source/src/platform/ec/build/zephyr/domika/build-ro -GNinja -DCMAKE_EXPORT_COMPILE_COMMANDS=ON -DZEPHYR_BASE=/mnt/host/source/src/third_party/zephyr/main -DZMAKE_INCLUDE_DIR=/mnt/host/source/src/platform/ec/build/zephyr/domika/include -DPython3_EXECUTABLE=/usr/bin/python3.11 -DDTS_ROOT=/mnt/host/source/src/platform/ec/zephyr -DSYSCALL_INCLUDE_DIRS=/mnt/host/source/src/platform/ec/zephyr/include/drivers -DUSER_CACHE_DIR=/mnt/host/source/src/platform/ec/build/zephyr/user-cache '-DEXTRA_EC_VERSION_FLAGS=--version 16543.0.0 --static' -DTOOLCHAIN_ROOT=/mnt/host/source/src/platform/ec/zephyr -DCOREBOOT_SDK_ROOT_x86=/home/jpmurphy/.cache/coreboot-sdk/i386-elf/dfbb0486385d938cfa9d73080b9d18d598ed4f49 -DCOREBOOT_SDK_ROOT_picolibc_x86=/home/jpmurphy/.cache/coreboot-sdk/picolibc-i386-elf/eb8e8e687b95461de8cbf278f1c2076952d0ad17 -DCOREBOOT_SDK_ROOT_riscv64=/home/jpmurphy/.cache/coreboot-sdk/riscv64-elf/96b949749225b6aaa92ed810ab769e8dfb12f000 -DCOREBOOT_SDK_ROOT_picolibc_arm=/home/jpmurphy/.cache/coreboot-sdk/picolibc-arm-eabi/422a2aa3e1ef891b5bece9a3deb696ff83840d2e -DCOREBOOT_SDK_ROOT_nds32=/home/jpmurphy/.cache/coreboot-sdk/nds32le-elf/d1a518c4a097666d86058e1444f85ca015d15511 -DCOREBOOT_SDK_ROOT_picolibc_riscv64=/home/jpmurphy/.cache/coreboot-sdk/picolibc-riscv64-elf/f571e990ef0278564b31124f8bb109d9a697eb69 -DCOREBOOT_SDK_ROOT_arm=/home/jpmurphy/.cache/coreboot-sdk/arm-eabi/ea40ddd1d190c3b48435c474c0b545719371813a -DCOREBOOT_SDK_ROOT_libstdcxx_riscv64=/home/jpmurphy/.cache/coreboot-sdk/libstdcxx-riscv64-elf/17abf22a3a252e2d5d2062ced5324f7a623689e0 -DCOREBOOT_SDK_ROOT_libstdcxx_arm=/home/jpmurphy/.cache/coreboot-sdk/libstdcxx-arm-eabi/5d7d82e150e44aa1968f1d366e267e6687b328ac -DCOREBOOT_SDK_ROOT_riscv=/home/jpmurphy/.cache/coreboot-sdk/riscv-elf/9a27b9e82341c6e9126624f516ab3f261abb3e73 -DCOREBOOT_SDK_ROOT_libstdcxx_x86=/home/jpmurphy/.cache/coreboot-sdk/libstdcxx-i386-elf/42ef9d2e87a76a37963175d7d428734e65648b87 -DZEPHYR_TOOLCHAIN_VARIANT=coreboot-sdk -DZEPHYR_MODULES=/mnt/host/source/src/platform/ec/build/zephyr/domika/modules/ec -DDTC_OVERLAY_FILE=/mnt/host/source/src/platform/ec/zephyr/program/nissa/domika/project.overlay -DBOARD=it8xxx2/it81302bx -DCMAKE_C_FLAGS=-DSECTION_IS_RO '-DCONF_FILE=/mnt/host/source/src/platform/ec/zephyr/program/nissa/program.conf;/mnt/host/source/src/platform/ec/zephyr/program/nissa/it8xxx2_program.conf;/mnt/host/source/src/platform/ec/zephyr/program/nissa/domika/project.conf;/mnt/host/source/src/platform/ec/build/zephyr/domika/kconfig-ro.conf'`
[teliks:rw] [399/402] Building C object zephyr/kernel/CMakeFiles/kernel.dir/events.c.obj
[domika:ro] Loading Zephyr default modules (Zephyr base (cached)).
[domika:ro] -- Application: /mnt/host/source/src/platform/ec/zephyr/program/nissa
[domika:ro] -- CMake version: 3.31.7
[teliks:rw] [400/402] Building C object zephyr/kernel/CMakeFiles/kernel.dir/mempool.c.obj
[domika:rw] -- Build files have been written to: /mnt/host/source/src/platform/ec/build/zephyr/domika/build-rw
[domika:rw]   Manually-specified variables were not used by the project:
[domika:rw]     COREBOOT_SDK_ROOT_arm
[domika:rw]     COREBOOT_SDK_ROOT_libstdcxx_arm
[domika:rw]     COREBOOT_SDK_ROOT_libstdcxx_x86
[domika:rw]     COREBOOT_SDK_ROOT_nds32
[domika:rw]     COREBOOT_SDK_ROOT_picolibc_arm
[domika:rw]     COREBOOT_SDK_ROOT_picolibc_x86
[domika:rw]     COREBOOT_SDK_ROOT_riscv
[domika:rw]     COREBOOT_SDK_ROOT_x86
[lite-ish:singleimage] [88/257] Generating ../../../include/generated/libc/minimal/strerror_table.h
[lite-ish:singleimage] [89/257] Building C object zephyr/arch/arch/x86/core/CMakeFiles/arch__x86__core.dir/ia32/fatal.c.obj
[kyogre:ro] [343/392] Building C object modules/ec/zephyr/CMakeFiles/ec_shim.dir/shim/src/host_command.c.obj
[kyogre:ro] [344/392] Building C object modules/ec/zephyr/CMakeFiles/ec_shim.dir/shim/src/hooks.c.obj
[lite-ish:singleimage] [90/257] Building C object zephyr/lib/libc/minimal/CMakeFiles/lib__libc__minimal.dir/source/stdlib/atoi.c.obj
[lite-ish:singleimage] [91/257] Building C object zephyr/lib/libc/minimal/CMakeFiles/lib__libc__minimal.dir/source/stdlib/strtol.c.obj
[lite-ish:singleimage] [92/257] Building C object zephyr/arch/arch/x86/core/CMakeFiles/arch__x86__core.dir/ia32/soft_float_stubs.c.obj
[domika:ro] -- Found Python3: /usr/bin/python3.11 (found suitable version "3.11.11", minimum required is "3.10") found components: Interpreter
[domika:ro] -- Cache files will be written to: /mnt/host/source/src/platform/ec/build/zephyr/user-cache
[teliks:rw] [401/402] Building C object zephyr/kernel/CMakeFiles/kernel.dir/dynamic_disabled.c.obj
[kyogre:ro] [345/392] Building C object modules/ec/zephyr/CMakeFiles/ec_shim.dir/shim/src/console_buffer.c.obj
[domika:ro] -- Zephyr version: 4.3.99 (/mnt/host/source/src/third_party/zephyr/main)
[lite-ish:singleimage] [93/257] Linking C static library zephyr/arch/arch/x86/core/libarch__x86__core.a
[lite-ish:singleimage] [94/257] Building C object zephyr/lib/libc/minimal/CMakeFiles/lib__libc__minimal.dir/source/stdlib/strtoul.c.obj
[lite-ish:singleimage] [95/257] Building C object zephyr/lib/libc/minimal/CMakeFiles/lib__libc__minimal.dir/source/stdlib/strtoll.c.obj
[teliks:rw] [402/402] Linking C static library zephyr/kernel/libkernel.a
Toolchain <zmake.toolchains.LlvmToolchain object at 0x7f41439eec10> selected by probe function.
[dev-posix] Building in /mnt/host/source/src/platform/ec/build/zephyr/dev-posix.
[kyogre:ro] [346/392] Building C object modules/ec/zephyr/CMakeFiles/ec_shim.dir/shim/src/mkbp_event.c.obj
[lite-ish:singleimage] [96/257] Building C object zephyr/lib/libc/minimal/CMakeFiles/lib__libc__minimal.dir/source/stdlib/bsearch.c.obj
[lite-ish:singleimage] [97/257] Building C object zephyr/lib/libc/minimal/CMakeFiles/lib__libc__minimal.dir/source/stdlib/strtoull.c.obj
[kyogre:ro] [347/392] Building C object modules/ec/zephyr/CMakeFiles/ec_shim.dir/shim/src/keyscan.c.obj
[kyogre:ro] [348/392] Building C object modules/ec/zephyr/CMakeFiles/ec_shim.dir/shim/src/keyboard_raw.c.obj
[pujjogatwin:ro] [305/414] Building C object CMakeFiles/app.dir/mnt/host/source/src/platform/ec/build/zephyr/pujjogatwin/modules/ec/common/keyboard_scan.c.obj
[pujjogatwin:ro] [306/414] Building C object CMakeFiles/app.dir/mnt/host/source/src/platform/ec/build/zephyr/pujjogatwin/modules/ec/common/keyboard_8042.c.obj
[lite-ish:singleimage] [98/257] Building C object zephyr/lib/libc/minimal/CMakeFiles/lib__libc__minimal.dir/source/stdlib/qsort.c.obj
[lite-ish:singleimage] [99/257] Building C object zephyr/lib/libc/minimal/CMakeFiles/lib__libc__minimal.dir/source/stdlib/exit.c.obj
[lite-ish:singleimage] [100/257] Building C object zephyr/lib/libc/minimal/CMakeFiles/lib__libc__minimal.dir/source/string/strerror.c.obj
[lite-ish:singleimage] [101/257] Building C object zephyr/lib/libc/minimal/CMakeFiles/lib__libc__minimal.dir/source/string/strstr.c.obj
[lite-ish:singleimage] [102/257] Building C object zephyr/lib/libc/minimal/CMakeFiles/lib__libc__minimal.dir/source/string/string.c.obj
[lite-ish:singleimage] [103/257] Building C object zephyr/lib/libc/minimal/CMakeFiles/lib__libc__minimal.dir/source/string/strncasecmp.c.obj
[lite-ish:singleimage] [104/257] Building C object zephyr/lib/libc/minimal/CMakeFiles/lib__libc__minimal.dir/source/string/strspn.c.obj
[kyogre:ro] [349/392] Building C object modules/ec/zephyr/CMakeFiles/ec_shim.dir/shim/src/panic.c.obj
[kyogre:ro] [350/392] Building C object modules/ec/zephyr/CMakeFiles/ec_shim.dir/shim/src/motionsense_sensors.c.obj
[lite-ish:singleimage] [105/257] Building C object zephyr/lib/libc/minimal/CMakeFiles/lib__libc__minimal.dir/source/stdout/sprintf.c.obj
[pujjogatwin:ro] [307/414] Building C object CMakeFiles/app.dir/mnt/host/source/src/platform/ec/build/zephyr/pujjogatwin/modules/ec/common/keyboard_8042_sharedlib.c.obj
[lite-ish:singleimage] [106/257] Building C object zephyr/lib/libc/minimal/CMakeFiles/lib__libc__minimal.dir/source/stdout/fprintf.c.obj
[kyogre:ro] [351/392] Building C object modules/ec/zephyr/CMakeFiles/ec_shim.dir/shim/src/hwtimer.c.obj
[lite-ish:singleimage] [107/257] Building C object zephyr/lib/libc/minimal/CMakeFiles/lib__libc__minimal.dir/source/stdout/stdout_console.c.obj
[kyogre:ro] [352/392] Building C object modules/ec/zephyr/CMakeFiles/ec_shim.dir/shim/src/power.c.obj
[pujjogatwin:ro] [308/414] Building C object CMakeFiles/app.dir/mnt/host/source/src/platform/ec/build/zephyr/pujjogatwin/modules/ec/common/mkbp_fifo.c.obj
[lite-ish:singleimage] [108/257] Building C object zephyr/lib/libc/minimal/CMakeFiles/lib__libc__minimal.dir/source/math/sqrtf.c.obj
[pujjogatwin:ro] [309/414] Building C object CMakeFiles/app.dir/mnt/host/source/src/platform/ec/build/zephyr/pujjogatwin/modules/ec/common/mkbp_info.c.obj
[kyogre:ro] [353/392] Building C object modules/ec/zephyr/CMakeFiles/ec_shim.dir/shim/src/i2c.c.obj
[kyogre:ro] [354/392] Building C object modules/ec/zephyr/CMakeFiles/ec_shim.dir/shim/src/tasks.c.obj
[lite-ish:singleimage] [109/257] Building C object zephyr/lib/libc/minimal/CMakeFiles/lib__libc__minimal.dir/source/math/sqrt.c.obj
[pujjogatwin:ro] [310/414] Building C object CMakeFiles/app.dir/mnt/host/source/src/platform/ec/build/zephyr/pujjogatwin/modules/ec/common/mkbp_input_devices.c.obj
[domika:ro] -- Board: it8xxx2, qualifiers: it81302bx
[lite-ish:singleimage] [110/257] Building C object zephyr/lib/libc/minimal/CMakeFiles/lib__libc__minimal.dir/source/time/gmtime.c.obj
[lite-ish:singleimage] [111/257] Building C object zephyr/lib/libc/common/CMakeFiles/lib__libc__common.dir/source/stdlib/abort.c.obj
[lite-ish:singleimage] [112/257] Linking C static library zephyr/lib/libc/minimal/liblib__libc__minimal.a
[lite-ish:singleimage] [113/257] Building C object zephyr/lib/libc/common/CMakeFiles/lib__libc__common.dir/source/time/asctime.c.obj
[lite-ish:singleimage] [114/257] Building C object zephyr/lib/libc/common/CMakeFiles/lib__libc__common.dir/source/time/gmtime_r.c.obj
[kyogre:ro] [355/392] Building C object modules/ec/zephyr/CMakeFiles/ec_shim.dir/shim/src/watchdog.c.obj
[lite-ish:singleimage] [115/257] Building C object zephyr/lib/libc/common/CMakeFiles/lib__libc__common.dir/source/time/localtime_r_utc.c.obj
[lite-ish:singleimage] [116/257] Building C object zephyr/lib/libc/common/CMakeFiles/lib__libc__common.dir/source/time/ctime.c.obj
[kyogre:ro] [356/392] Building C object modules/ec/zephyr/CMakeFiles/ec_shim.dir/shim/src/ppc.c.obj
[kyogre:ro] [357/392] Building C object modules/ec/zephyr/CMakeFiles/ec_shim.dir/shim/src/usba.c.obj
[kyogre:ro] [358/392] Building C object zephyr/kernel/CMakeFiles/kernel.dir/main_weak.c.obj
[lite-ish:singleimage] [117/257] Building C object zephyr/lib/libc/common/CMakeFiles/lib__libc__common.dir/source/time/time.c.obj
[kyogre:ro] [359/392] Building C object zephyr/kernel/CMakeFiles/kernel.dir/banner.c.obj
[lite-ish:singleimage] [118/257] Building C object zephyr/lib/libc/common/CMakeFiles/lib__libc__common.dir/source/string/strnlen.c.obj
[lite-ish:singleimage] [119/257] Building C object zephyr/lib/posix/c_lib_ext/CMakeFiles/lib__posix__c_lib_ext.dir/fnmatch.c.obj
[lite-ish:singleimage] [120/257] Linking C static library zephyr/lib/libc/common/liblib__libc__common.a
[kyogre:ro] [360/392] Building C object modules/ec/zephyr/CMakeFiles/ec_shim.dir/shim/src/usb_muxes.c.obj
[pujjogatwin:ro] [311/414] Building C object CMakeFiles/app.dir/mnt/host/source/src/platform/ec/build/zephyr/pujjogatwin/modules/ec/common/led_common.c.obj
[pujjogatwin:ro] [312/414] Building C object CMakeFiles/app.dir/mnt/host/source/src/platform/ec/build/zephyr/pujjogatwin/modules/ec/common/led_onoff_states.c.obj
[kyogre:ro] [361/392] Linking C static library modules/ec/zephyr/libec_shim.a
[pujjogatwin:ro] [313/414] Building C object CMakeFiles/app.dir/mnt/host/source/src/platform/ec/build/zephyr/pujjogatwin/modules/ec/common/motion_lid.c.obj
[lite-ish:singleimage] [121/257] Building C object zephyr/subsys/crc/CMakeFiles/subsys__crc.dir/crc4_sw.c.obj
[lite-ish:singleimage] [122/257] Building C object zephyr/lib/posix/c_lib_ext/CMakeFiles/lib__posix__c_lib_ext.dir/getentropy.c.obj
[lite-ish:singleimage] [123/257] Building C object zephyr/lib/posix/c_lib_ext/CMakeFiles/lib__posix__c_lib_ext.dir/getopt_shim.c.obj
[lite-ish:singleimage] [124/257] Building C object zephyr/subsys/crc/CMakeFiles/subsys__crc.dir/crc8_sw.c.obj
[lite-ish:singleimage] [125/257] Building C object zephyr/subsys/crc/CMakeFiles/subsys__crc.dir/crc16_sw.c.obj
[kyogre:ro] [362/392] Building C object zephyr/kernel/CMakeFiles/kernel.dir/errno.c.obj
[kyogre:ro] [363/392] Building C object zephyr/kernel/CMakeFiles/kernel.dir/device.c.obj
[pujjogatwin:ro] [314/414] Building C object CMakeFiles/app.dir/mnt/host/source/src/platform/ec/build/zephyr/pujjogatwin/modules/ec/common/lid_angle.c.obj
[kyogre:ro] [364/392] Building C object zephyr/kernel/CMakeFiles/kernel.dir/busy_wait.c.obj
[lite-ish:singleimage] [126/257] Linking C static library zephyr/lib/posix/c_lib_ext/liblib__posix__c_lib_ext.a
[lite-ish:singleimage] [127/257] Building C object zephyr/subsys/crc/CMakeFiles/subsys__crc.dir/crc7_sw.c.obj
[lite-ish:singleimage] [128/257] Building C object zephyr/subsys/crc/CMakeFiles/subsys__crc.dir/crc32c_sw.c.obj
[kyogre:ro] [365/392] Building C object zephyr/kernel/CMakeFiles/kernel.dir/version.c.obj
[lite-ish:singleimage] [129/257] Building C object zephyr/subsys/crc/CMakeFiles/subsys__crc.dir/crc24_sw.c.obj
[kyogre:ro] [366/392] Building C object zephyr/kernel/CMakeFiles/kernel.dir/fatal.c.obj
[lite-ish:singleimage] [130/257] Building C object zephyr/subsys/crc/CMakeFiles/subsys__crc.dir/crc32_sw.c.obj
[kyogre:ro] [367/392] Building C object zephyr/kernel/CMakeFiles/kernel.dir/init.c.obj
[lite-ish:singleimage] [131/257] Building C object zephyr/subsys/crc/CMakeFiles/subsys__crc.dir/crc32k_4_2_sw.c.obj
[lite-ish:singleimage] [132/257] Linking C static library zephyr/subsys/crc/libsubsys__crc.a
[kyogre:ro] [368/392] Building C object zephyr/kernel/CMakeFiles/kernel.dir/kheap.c.obj
[pujjogatwin:ro] [315/414] Building C object CMakeFiles/app.dir/mnt/host/source/src/platform/ec/build/zephyr/pujjogatwin/modules/ec/common/lid_angle_keyboard_policy.c.obj
[pujjogatwin:ro] [316/414] Building C object CMakeFiles/app.dir/mnt/host/source/src/platform/ec/build/zephyr/pujjogatwin/modules/ec/common/lid_switch.c.obj
[lite-ish:singleimage] [133/257] Building C object zephyr/drivers/interrupt_controller/CMakeFiles/drivers__interrupt_controller.dir/intc_ioapic.c.obj
[lite-ish:singleimage] [134/257] Building C object zephyr/drivers/interrupt_controller/CMakeFiles/drivers__interrupt_controller.dir/intc_system_apic.c.obj
[lite-ish:singleimage] [135/257] Building C object zephyr/drivers/interrupt_controller/CMakeFiles/drivers__interrupt_controller.dir/intc_loapic.c.obj
[/mnt/host/source/src/platform/ec/build/zephyr/craaskov-lcov]   /mnt/host/source/src/platform/ec/build/zephyr/craaskov/build-rw/zephyr/drivers/sensor/CMakeFiles/drivers__sensor.dir/mnt/host/source/src/third_party/zephyr/main/misc/empty_file.c.gcno:no functions found
[/mnt/host/source/src/platform/ec/build/zephyr/craaskov-lcov] Filter suppressions 'region':
[kyogre:ro] [369/392] Building C object zephyr/kernel/CMakeFiles/kernel.dir/float.c.obj
[lite-ish:singleimage] [136/257] Linking C static library zephyr/drivers/interrupt_controller/libdrivers__interrupt_controller.a
[/mnt/host/source/src/platform/ec/build/zephyr/craaskov-lcov]     41 instances
[/mnt/host/source/src/platform/ec/build/zephyr/craaskov-lcov]     36 coverpoints
[/mnt/host/source/src/platform/ec/build/zephyr/craaskov-lcov] Message summary:
[/mnt/host/source/src/platform/ec/build/zephyr/craaskov-lcov]   31 ignore messages:
[/mnt/host/source/src/platform/ec/build/zephyr/craaskov-lcov]     gcov: 31
[kyogre:ro] [370/392] Building C object zephyr/kernel/CMakeFiles/kernel.dir/mem_slab.c.obj
[pujjogatwin:ro] [317/414] Building C object CMakeFiles/app.dir/mnt/host/source/src/platform/ec/build/zephyr/pujjogatwin/modules/ec/common/mkbp_event.c.obj
[domika:ro] -- Found Dtc: /usr/bin/dtc (found suitable version "1.6.0", minimum required is "1.4.6")
[domika:ro] -- Found BOARD.dts: /mnt/host/source/src/platform/ec/zephyr/boards/google/it8xxx2/it8xxx2_it81302bx.dts
[kyogre:ro] [371/392] Building C object zephyr/kernel/CMakeFiles/kernel.dir/idle.c.obj
[lite-ish:singleimage] [137/257] Building C object zephyr/drivers/gpio/CMakeFiles/drivers__gpio.dir/mnt/host/source/src/third_party/zephyrproject/modules/hal/intel/bsp_sedi/drivers/gpio/sedi_gpio.c.obj
[kyogre:ro] [372/392] Building C object zephyr/kernel/CMakeFiles/kernel.dir/mailbox.c.obj
[kyogre:ro] [373/392] Building C object zephyr/kernel/CMakeFiles/kernel.dir/msg_q.c.obj
[lite-ish:singleimage] [138/257] Building C object zephyr/drivers/console/CMakeFiles/drivers__console.dir/uart_console.c.obj
[pujjogatwin:ro] [318/414] Building C object CMakeFiles/app.dir/mnt/host/source/src/platform/ec/build/zephyr/pujjogatwin/modules/ec/common/motion_sense.c.obj
[lite-ish:singleimage] [139/257] Linking C static library zephyr/drivers/console/libdrivers__console.a
[lite-ish:singleimage] [140/257] Building C object zephyr/drivers/gpio/CMakeFiles/drivers__gpio.dir/gpio_sedi.c.obj
[kyogre:ro] [374/392] Building C object zephyr/kernel/CMakeFiles/kernel.dir/mutex.c.obj
[lite-ish:singleimage] [141/257] Linking C static library zephyr/drivers/gpio/libdrivers__gpio.a
[/mnt/host/source/src/platform/ec/build/zephyr/pujjocento-lcov]   /mnt/host/source/src/platform/ec/build/zephyr/pujjocento/build-rw/zephyr/CMakeFiles/zephyr.dir/subsys/shell/modules/kernel_service/kernel_shell.c.gcno:no functions found
[/mnt/host/source/src/platform/ec/build/zephyr/pujjocento-lcov] stderr:
[lite-ish:singleimage] [142/257] Building C object zephyr/drivers/i2c/CMakeFiles/drivers__i2c.dir/i2c_common.c.obj
[kyogre:ro] [375/392] Building C object zephyr/kernel/CMakeFiles/kernel.dir/sem.c.obj
[pujjogatwin:ro] [319/414] Building C object CMakeFiles/app.dir/mnt/host/source/src/platform/ec/build/zephyr/pujjogatwin/modules/ec/common/port80.c.obj
[kyogre:ro] [376/392] Building C object zephyr/kernel/CMakeFiles/kernel.dir/queue.c.obj
[kyogre:ro] [377/392] Building C object zephyr/kernel/CMakeFiles/kernel.dir/stack.c.obj
[pujjogatwin:ro] [320/414] Building C object CMakeFiles/app.dir/mnt/host/source/src/platform/ec/build/zephyr/pujjogatwin/modules/ec/common/power_button.c.obj
[kyogre:ro] [378/392] Building C object zephyr/kernel/CMakeFiles/kernel.dir/system_work_q.c.obj
[pujjogatwin:ro] [321/414] Building C object CMakeFiles/app.dir/mnt/host/source/src/platform/ec/build/zephyr/pujjogatwin/modules/ec/power/hibernate.c.obj
[lite-ish:singleimage] [143/257] Building C object zephyr/drivers/i2c/CMakeFiles/drivers__i2c.dir/i2c_shell.c.obj
[lite-ish:singleimage] [144/257] Building C object zephyr/drivers/i2c/CMakeFiles/drivers__i2c.dir/i2c_sedi.c.obj
[/mnt/host/source/src/platform/ec/build/zephyr/pujjocento-lcov]   /mnt/host/source/src/platform/ec/build/zephyr/pujjocento/build-rw/zephyr/CMakeFiles/zephyr.dir/lib/libc/validate_libc.c.gcno:no functions found
[/mnt/host/source/src/platform/ec/build/zephyr/pujjocento-lcov] stderr:
[kyogre:ro] [379/392] Building C object zephyr/kernel/CMakeFiles/kernel.dir/work.c.obj
[lite-ish:singleimage] [145/257] Building C object zephyr/drivers/i2c/CMakeFiles/drivers__i2c.dir/mnt/host/source/src/third_party/zephyrproject/modules/hal/intel/bsp_sedi/drivers/i2c/sedi_i2c_dw_apb_200a.c.obj
[kyogre:ro] [380/392] Building C object zephyr/kernel/CMakeFiles/kernel.dir/condvar.c.obj
[lite-ish:singleimage] [146/257] Linking C static library zephyr/drivers/i2c/libdrivers__i2c.a
[lite-ish:singleimage] [147/257] Building C object zephyr/drivers/ipm/CMakeFiles/drivers__ipm.dir/mnt/host/source/src/third_party/zephyrproject/modules/hal/intel/bsp_sedi/drivers/ipc/sedi_ipc.c.obj
[kyogre:ro] [381/392] Building C object zephyr/kernel/CMakeFiles/kernel.dir/thread.c.obj
[pujjogatwin:ro] [322/414] Building C object CMakeFiles/app.dir/mnt/host/source/src/platform/ec/build/zephyr/pujjogatwin/modules/ec/common/panic_output.c.obj
[kyogre:ro] [382/392] Building C object zephyr/kernel/CMakeFiles/kernel.dir/thread_monitor.c.obj
[lite-ish:singleimage] [148/257] Building C object zephyr/drivers/ipm/CMakeFiles/drivers__ipm.dir/ipm_sedi.c.obj
[lite-ish:singleimage] [149/257] Linking C static library zephyr/drivers/ipm/libdrivers__ipm.a
[kyogre:ro] [383/392] Building C object zephyr/kernel/CMakeFiles/kernel.dir/sched.c.obj
[kyogre:ro] [384/392] Building C object zephyr/kernel/CMakeFiles/kernel.dir/spinlock_validate.c.obj
[pujjogatwin:ro] [323/414] Building C object CMakeFiles/app.dir/mnt/host/source/src/platform/ec/build/zephyr/pujjogatwin/modules/ec/common/sha256.c.obj
[lite-ish:singleimage] [150/257] Building C object zephyr/drivers/serial/CMakeFiles/drivers__serial.dir/uart_sedi.c.obj
[kyogre:ro] [385/392] Building C object zephyr/kernel/CMakeFiles/kernel.dir/pipe.c.obj
[pujjogatwin:ro] [324/414] Building C object CMakeFiles/app.dir/mnt/host/source/src/platform/ec/build/zephyr/pujjogatwin/modules/ec/common/shared_mem.c.obj
[lite-ish:singleimage] [151/257] Building C object zephyr/drivers/syscon/CMakeFiles/drivers__syscon.dir/mnt/host/source/src/third_party/zephyr/main/misc/empty_file.c.obj
[lite-ish:singleimage] [152/257] Building C object zephyr/drivers/serial/CMakeFiles/drivers__serial.dir/mnt/host/source/src/third_party/zephyrproject/modules/hal/intel/bsp_sedi/drivers/usart/sedi_dw_uart.c.obj
[lite-ish:singleimage] [153/257] Linking C static library zephyr/drivers/syscon/libdrivers__syscon.a
[lite-ish:singleimage] [154/257] Linking C static library zephyr/drivers/serial/libdrivers__serial.a
[pujjogatwin:ro] [325/414] Building C object CMakeFiles/app.dir/mnt/host/source/src/platform/ec/build/zephyr/pujjogatwin/modules/ec/common/switch.c.obj
[kyogre:ro] [386/392] Building C object zephyr/kernel/CMakeFiles/kernel.dir/timeout.c.obj
Running (initial) lcov on /mnt/host/source/src/platform/ec/build/zephyr/teliks.
[kyogre:ro] [387/392] Building C object zephyr/kernel/CMakeFiles/kernel.dir/timer.c.obj
[lite-ish:singleimage] [155/257] Building C object zephyr/drivers/timer/CMakeFiles/drivers__timer.dir/sys_clock_init.c.obj
Toolchain <zmake.toolchains.CorebootSdkToolchain object at 0x7f4143079410> selected by probe function.
[kanix] Building in /mnt/host/source/src/platform/ec/build/zephyr/kanix.
[kyogre:ro] [388/392] Building C object zephyr/kernel/CMakeFiles/kernel.dir/poll.c.obj
[kanix:rw] Configuring.
Running `env -i PYTHONPATH=/usr/lib64/python-exec/python3.11:/mnt/host/source/src/platform/ec/zephyr/zmake:/usr/lib/python311.zip:/usr/lib/python3.11:/usr/lib/python3.11/lib-dynload:/usr/lib/python3.11/site-packages PW_PIGWEED_CIPD_INSTALL_DIR=/usr CROSTC_USER_ACKNOWLEDGES_THAT_RISCV_IS_EXPERIMENTAL=1 PATH=/mnt/host/source/chromite/bin:/usr/local/bin:/usr/bin:/bin:/opt/bin:/mnt/host/source/chromite/sdk/bin:/mnt/host/source/chromite/bin HOME=/home/jpmurphy JAVA_HOME=/etc/java-config-2/current-system-vm JDK_HOME=/etc/java-config-2/current-system-vm JAVAC=/etc/java-config-2/current-system-vm/bin/javac MAKEFLAGS=' -j16 --jobserver-auth=5,6' /usr/bin/cmake -S /mnt/host/source/src/platform/ec/zephyr/program/rex -B /mnt/host/source/src/platform/ec/build/zephyr/kanix/build-rw -GNinja -DCMAKE_EXPORT_COMPILE_COMMANDS=ON -DZEPHYR_BASE=/mnt/host/source/src/third_party/zephyr/main -DZMAKE_INCLUDE_DIR=/mnt/host/source/src/platform/ec/build/zephyr/kanix/include -DPython3_EXECUTABLE=/usr/bin/python3.11 -DDTS_ROOT=/mnt/host/source/src/platform/ec/zephyr -DSYSCALL_INCLUDE_DIRS=/mnt/host/source/src/platform/ec/zephyr/include/drivers -DUSER_CACHE_DIR=/mnt/host/source/src/platform/ec/build/zephyr/user-cache '-DEXTRA_EC_VERSION_FLAGS=--version 16543.0.0 --static' -DTOOLCHAIN_ROOT=/mnt/host/source/src/platform/ec/zephyr -DCOREBOOT_SDK_ROOT_x86=/home/jpmurphy/.cache/coreboot-sdk/i386-elf/dfbb0486385d938cfa9d73080b9d18d598ed4f49 -DCOREBOOT_SDK_ROOT_picolibc_x86=/home/jpmurphy/.cache/coreboot-sdk/picolibc-i386-elf/eb8e8e687b95461de8cbf278f1c2076952d0ad17 -DCOREBOOT_SDK_ROOT_riscv64=/home/jpmurphy/.cache/coreboot-sdk/riscv64-elf/96b949749225b6aaa92ed810ab769e8dfb12f000 -DCOREBOOT_SDK_ROOT_picolibc_arm=/home/jpmurphy/.cache/coreboot-sdk/picolibc-arm-eabi/422a2aa3e1ef891b5bece9a3deb696ff83840d2e -DCOREBOOT_SDK_ROOT_nds32=/home/jpmurphy/.cache/coreboot-sdk/nds32le-elf/d1a518c4a097666d86058e1444f85ca015d15511 -DCOREBOOT_SDK_ROOT_picolibc_riscv64=/home/jpmurphy/.cache/coreboot-sdk/picolibc-riscv64-elf/f571e990ef0278564b31124f8bb109d9a697eb69 -DCOREBOOT_SDK_ROOT_arm=/home/jpmurphy/.cache/coreboot-sdk/arm-eabi/ea40ddd1d190c3b48435c474c0b545719371813a -DCOREBOOT_SDK_ROOT_libstdcxx_riscv64=/home/jpmurphy/.cache/coreboot-sdk/libstdcxx-riscv64-elf/17abf22a3a252e2d5d2062ced5324f7a623689e0 -DCOREBOOT_SDK_ROOT_libstdcxx_arm=/home/jpmurphy/.cache/coreboot-sdk/libstdcxx-arm-eabi/5d7d82e150e44aa1968f1d366e267e6687b328ac -DCOREBOOT_SDK_ROOT_riscv=/home/jpmurphy/.cache/coreboot-sdk/riscv-elf/9a27b9e82341c6e9126624f516ab3f261abb3e73 -DCOREBOOT_SDK_ROOT_libstdcxx_x86=/home/jpmurphy/.cache/coreboot-sdk/libstdcxx-i386-elf/42ef9d2e87a76a37963175d7d428734e65648b87 -DZEPHYR_TOOLCHAIN_VARIANT=coreboot-sdk '-DZEPHYR_MODULES=/mnt/host/source/src/platform/ec/build/zephyr/kanix/modules/cmsis;/mnt/host/source/src/platform/ec/build/zephyr/kanix/modules/cmsis_6;/mnt/host/source/src/platform/ec/build/zephyr/kanix/modules/ec' -DDTC_OVERLAY_FILE=/mnt/host/source/src/platform/ec/zephyr/program/rex/kanix/project.overlay -DBOARD=npcx9/npcx9m7f -DCMAKE_C_FLAGS=-DSECTION_IS_RW '-DCONF_FILE=/mnt/host/source/src/platform/ec/zephyr/program/rex/program.conf;/mnt/host/source/src/platform/ec/zephyr/program/rex/kanix/project.conf;/mnt/host/source/src/platform/ec/build/zephyr/kanix/kconfig-rw.conf'`
[kanix:rw] Loading Zephyr default modules (Zephyr base (cached)).
[kanix:rw] -- Application: /mnt/host/source/src/platform/ec/zephyr/program/rex
[kanix:rw] -- CMake version: 3.31.7
[domika:ro] -- Found devicetree overlay: /mnt/host/source/src/platform/ec/zephyr/program/nissa/domika/project.overlay
[domika:ro] -- Generated zephyr.dts: /mnt/host/source/src/platform/ec/build/zephyr/domika/build-ro/zephyr/zephyr.dts
[domika:ro] -- Generated pickled edt: /mnt/host/source/src/platform/ec/build/zephyr/domika/build-ro/zephyr/edt.pickle
[lite-ish:singleimage] [156/257] Building C object zephyr/drivers/timer/CMakeFiles/drivers__timer.dir/hpet.c.obj
[pujjogatwin:ro] [326/414] Building C object CMakeFiles/app.dir/mnt/host/source/src/platform/ec/build/zephyr/pujjogatwin/modules/ec/common/spi_flash_reg.c.obj
[kyogre:ro] [389/392] Building C object zephyr/kernel/CMakeFiles/kernel.dir/events.c.obj
[kyogre:ro] [390/392] Building C object zephyr/kernel/CMakeFiles/kernel.dir/mempool.c.obj
[lite-ish:singleimage] [157/257] Linking C static library zephyr/drivers/timer/libdrivers__timer.a
[kyogre:ro] [391/392] Building C object zephyr/kernel/CMakeFiles/kernel.dir/dynamic_disabled.c.obj
[dev-posix:singleimage] Configuring.
Running `env -i PYTHONPATH=/usr/lib64/python-exec/python3.11:/mnt/host/source/src/platform/ec/zephyr/zmake:/usr/lib/python311.zip:/usr/lib/python3.11:/usr/lib/python3.11/lib-dynload:/usr/lib/python3.11/site-packages PW_PIGWEED_CIPD_INSTALL_DIR=/usr CROSTC_USER_ACKNOWLEDGES_THAT_RISCV_IS_EXPERIMENTAL=1 PATH=/mnt/host/source/chromite/bin:/usr/local/bin:/usr/bin:/bin:/opt/bin:/mnt/host/source/chromite/sdk/bin:/mnt/host/source/chromite/bin HOME=/home/jpmurphy JAVA_HOME=/etc/java-config-2/current-system-vm JDK_HOME=/etc/java-config-2/current-system-vm JAVAC=/etc/java-config-2/current-system-vm/bin/javac MAKEFLAGS=' -j16 --jobserver-auth=5,6' /usr/bin/cmake -S /mnt/host/source/src/platform/ec/zephyr/program/dev -B /mnt/host/source/src/platform/ec/build/zephyr/dev-posix/build-singleimage -GNinja -DCMAKE_EXPORT_COMPILE_COMMANDS=ON -DZEPHYR_BASE=/mnt/host/source/src/third_party/zephyr/main -DZMAKE_INCLUDE_DIR=/mnt/host/source/src/platform/ec/build/zephyr/dev-posix/include -DPython3_EXECUTABLE=/usr/bin/python3.11 -DDTS_ROOT=/mnt/host/source/src/platform/ec/zephyr -DSYSCALL_INCLUDE_DIRS=/mnt/host/source/src/platform/ec/zephyr/include/drivers -DUSER_CACHE_DIR=/mnt/host/source/src/platform/ec/build/zephyr/user-cache '-DEXTRA_EC_VERSION_FLAGS=--version 16543.0.0 --static' -DTOOLCHAIN_ROOT=/mnt/host/source/src/platform/ec/zephyr -DZEPHYR_TOOLCHAIN_VARIANT=llvm -DZEPHYR_MODULES=/mnt/host/source/src/platform/ec/build/zephyr/dev-posix/modules/ec '-DDTC_OVERLAY_FILE=/mnt/host/source/src/platform/ec/zephyr/dts/board-overlays/native_sim.dts;/mnt/host/source/src/platform/ec/zephyr/program/dev/dev.dtsi' -DBOARD=native_sim '-DCONF_FILE=/mnt/host/source/src/platform/ec/zephyr/program/dev/prj.conf;/mnt/host/source/src/platform/ec/build/zephyr/dev-posix/kconfig-singleimage.conf'`
[dev-posix:singleimage] Loading Zephyr default modules (Zephyr base (cached)).
[dev-posix:singleimage] -- Application: /mnt/host/source/src/platform/ec/zephyr/program/dev
[dev-posix:singleimage] -- CMake version: 3.31.7
Running `env -i PYTHONPATH=/usr/lib64/python-exec/python3.11:/mnt/host/source/src/platform/ec/zephyr/zmake:/usr/lib/python311.zip:/usr/lib/python3.11:/usr/lib/python3.11/lib-dynload:/usr/lib/python3.11/site-packages PW_PIGWEED_CIPD_INSTALL_DIR=/usr CROSTC_USER_ACKNOWLEDGES_THAT_RISCV_IS_EXPERIMENTAL=1 PATH=/mnt/host/source/chromite/bin:/usr/local/bin:/usr/bin:/bin:/opt/bin:/mnt/host/source/chromite/sdk/bin:/mnt/host/source/chromite/bin HOME=/home/jpmurphy JAVA_HOME=/etc/java-config-2/current-system-vm JDK_HOME=/etc/java-config-2/current-system-vm JAVAC=/etc/java-config-2/current-system-vm/bin/javac MAKEFLAGS=' -j16 --jobserver-auth=5,6' /usr/bin/lcov --gcov-tool /mnt/host/source/src/platform/ec/build/zephyr/teliks/build-rw/gcov.sh -q -o - -c -d /mnt/host/source/src/platform/ec/build/zephyr/teliks -t teliks --rc branch_coverage=1 --filter range --ignore-errors inconsistent,source --ignore-errors gcov,gcov -i`
[lite-ish:singleimage] [158/257] Building C object modules/ec/zephyr/CMakeFiles/ec_shim.dir/app/ec/main_shim.c.obj
[lite-ish:singleimage] [159/257] Building C object modules/ec/zephyr/CMakeFiles/ec_shim.dir/shim/chip/stub/clock.c.obj
[lite-ish:singleimage] [160/257] Building C object modules/ec/zephyr/CMakeFiles/ec_shim.dir/shim/src/crc.c.obj
[kyogre:ro] [392/392] Linking C static library zephyr/kernel/libkernel.a
[kanix:ro] Configuring.
Running `env -i PYTHONPATH=/usr/lib64/python-exec/python3.11:/mnt/host/source/src/platform/ec/zephyr/zmake:/usr/lib/python311.zip:/usr/lib/python3.11:/usr/lib/python3.11/lib-dynload:/usr/lib/python3.11/site-packages PW_PIGWEED_CIPD_INSTALL_DIR=/usr CROSTC_USER_ACKNOWLEDGES_THAT_RISCV_IS_EXPERIMENTAL=1 PATH=/mnt/host/source/chromite/bin:/usr/local/bin:/usr/bin:/bin:/opt/bin:/mnt/host/source/chromite/sdk/bin:/mnt/host/source/chromite/bin HOME=/home/jpmurphy JAVA_HOME=/etc/java-config-2/current-system-vm JDK_HOME=/etc/java-config-2/current-system-vm JAVAC=/etc/java-config-2/current-system-vm/bin/javac MAKEFLAGS=' -j16 --jobserver-auth=5,6' /usr/bin/cmake -S /mnt/host/source/src/platform/ec/zephyr/program/rex -B /mnt/host/source/src/platform/ec/build/zephyr/kanix/build-ro -GNinja -DCMAKE_EXPORT_COMPILE_COMMANDS=ON -DZEPHYR_BASE=/mnt/host/source/src/third_party/zephyr/main -DZMAKE_INCLUDE_DIR=/mnt/host/source/src/platform/ec/build/zephyr/kanix/include -DPython3_EXECUTABLE=/usr/bin/python3.11 -DDTS_ROOT=/mnt/host/source/src/platform/ec/zephyr -DSYSCALL_INCLUDE_DIRS=/mnt/host/source/src/platform/ec/zephyr/include/drivers -DUSER_CACHE_DIR=/mnt/host/source/src/platform/ec/build/zephyr/user-cache '-DEXTRA_EC_VERSION_FLAGS=--version 16543.0.0 --static' -DTOOLCHAIN_ROOT=/mnt/host/source/src/platform/ec/zephyr -DCOREBOOT_SDK_ROOT_x86=/home/jpmurphy/.cache/coreboot-sdk/i386-elf/dfbb0486385d938cfa9d73080b9d18d598ed4f49 -DCOREBOOT_SDK_ROOT_picolibc_x86=/home/jpmurphy/.cache/coreboot-sdk/picolibc-i386-elf/eb8e8e687b95461de8cbf278f1c2076952d0ad17 -DCOREBOOT_SDK_ROOT_riscv64=/home/jpmurphy/.cache/coreboot-sdk/riscv64-elf/96b949749225b6aaa92ed810ab769e8dfb12f000 -DCOREBOOT_SDK_ROOT_picolibc_arm=/home/jpmurphy/.cache/coreboot-sdk/picolibc-arm-eabi/422a2aa3e1ef891b5bece9a3deb696ff83840d2e -DCOREBOOT_SDK_ROOT_nds32=/home/jpmurphy/.cache/coreboot-sdk/nds32le-elf/d1a518c4a097666d86058e1444f85ca015d15511 -DCOREBOOT_SDK_ROOT_picolibc_riscv64=/home/jpmurphy/.cache/coreboot-sdk/picolibc-riscv64-elf/f571e990ef0278564b31124f8bb109d9a697eb69 -DCOREBOOT_SDK_ROOT_arm=/home/jpmurphy/.cache/coreboot-sdk/arm-eabi/ea40ddd1d190c3b48435c474c0b545719371813a -DCOREBOOT_SDK_ROOT_libstdcxx_riscv64=/home/jpmurphy/.cache/coreboot-sdk/libstdcxx-riscv64-elf/17abf22a3a252e2d5d2062ced5324f7a623689e0 -DCOREBOOT_SDK_ROOT_libstdcxx_arm=/home/jpmurphy/.cache/coreboot-sdk/libstdcxx-arm-eabi/5d7d82e150e44aa1968f1d366e267e6687b328ac -DCOREBOOT_SDK_ROOT_riscv=/home/jpmurphy/.cache/coreboot-sdk/riscv-elf/9a27b9e82341c6e9126624f516ab3f261abb3e73 -DCOREBOOT_SDK_ROOT_libstdcxx_x86=/home/jpmurphy/.cache/coreboot-sdk/libstdcxx-i386-elf/42ef9d2e87a76a37963175d7d428734e65648b87 -DZEPHYR_TOOLCHAIN_VARIANT=coreboot-sdk '-DZEPHYR_MODULES=/mnt/host/source/src/platform/ec/build/zephyr/kanix/modules/cmsis;/mnt/host/source/src/platform/ec/build/zephyr/kanix/modules/cmsis_6;/mnt/host/source/src/platform/ec/build/zephyr/kanix/modules/ec' -DDTC_OVERLAY_FILE=/mnt/host/source/src/platform/ec/zephyr/program/rex/kanix/project.overlay -DBOARD=npcx9/npcx9m7f -DCMAKE_C_FLAGS=-DSECTION_IS_RO '-DCONF_FILE=/mnt/host/source/src/platform/ec/zephyr/program/rex/program.conf;/mnt/host/source/src/platform/ec/zephyr/program/rex/kanix/project.conf;/mnt/host/source/src/platform/ec/build/zephyr/kanix/kconfig-ro.conf'`
[lite-ish:singleimage] [161/257] Building C object modules/ec/zephyr/CMakeFiles/ec_shim.dir/app/ec/ec_app_main.c.obj
[kanix:ro] Loading Zephyr default modules (Zephyr base (cached)).
[pujjogatwin:ro] [327/414] Building C object CMakeFiles/app.dir/mnt/host/source/src/platform/ec/build/zephyr/pujjogatwin/modules/ec/driver/stm_mems_common.c.obj
[kanix:ro] -- Application: /mnt/host/source/src/platform/ec/zephyr/program/rex
[kanix:ro] -- CMake version: 3.31.7
[kanix:rw] -- Found Python3: /usr/bin/python3.11 (found suitable version "3.11.11", minimum required is "3.10") found components: Interpreter
[kanix:rw] -- Cache files will be written to: /mnt/host/source/src/platform/ec/build/zephyr/user-cache
[kanix:rw] -- Zephyr version: 4.3.99 (/mnt/host/source/src/third_party/zephyr/main)
[pujjogatwin:ro] [328/414] Building C object CMakeFiles/app.dir/mnt/host/source/src/platform/ec/build/zephyr/pujjogatwin/modules/ec/common/tablet_mode.c.obj
[/mnt/host/source/src/platform/ec/build/zephyr/pujjocento-lcov]   /mnt/host/source/src/platform/ec/build/zephyr/pujjocento/build-rw/zephyr/CMakeFiles/zephyr.dir/lib/utils/last_section_id.c.gcno:no functions found
[/mnt/host/source/src/platform/ec/build/zephyr/pujjocento-lcov] stderr:
[domika:ro] -- Generated devicetree_generated.h: /mnt/host/source/src/platform/ec/build/zephyr/domika/build-ro/zephyr/include/generated/zephyr/devicetree_generated.h
[dev-posix:singleimage] -- Found Python3: /usr/bin/python3.11 (found suitable version "3.11.11", minimum required is "3.10") found components: Interpreter
[lite-ish:singleimage] [162/257] Building C object modules/ec/zephyr/CMakeFiles/ec_shim.dir/shim/src/console.c.obj
[dev-posix:singleimage] -- Cache files will be written to: /mnt/host/source/src/platform/ec/build/zephyr/user-cache
[dev-posix:singleimage] -- Zephyr version: 4.3.99 (/mnt/host/source/src/third_party/zephyr/main)
[lite-ish:singleimage] [163/257] Building C object modules/ec/zephyr/CMakeFiles/ec_shim.dir/shim/src/panic_utils.c.obj
[pujjogatwin:ro] [329/414] Building C object CMakeFiles/app.dir/mnt/host/source/src/platform/ec/build/zephyr/pujjogatwin/modules/ec/common/thermal.c.obj
[kanix:ro] -- Found Python3: /usr/bin/python3.11 (found suitable version "3.11.11", minimum required is "3.10") found components: Interpreter
[kanix:ro] -- Cache files will be written to: /mnt/host/source/src/platform/ec/build/zephyr/user-cache
[kanix:ro] -- Zephyr version: 4.3.99 (/mnt/host/source/src/third_party/zephyr/main)
[lite-ish:singleimage] [164/257] Building C object modules/ec/zephyr/CMakeFiles/ec_shim.dir/shim/src/pm_state.c.obj
[lite-ish:singleimage] [165/257] Building C object modules/ec/zephyr/CMakeFiles/ec_shim.dir/shim/src/gpio_int.c.obj
[lite-ish:singleimage] [166/257] Building C object modules/ec/zephyr/CMakeFiles/ec_shim.dir/shim/src/gpio.c.obj
[pujjogatwin:ro] [330/414] Building C object CMakeFiles/app.dir/mnt/host/source/src/platform/ec/build/zephyr/pujjogatwin/modules/ec/common/temp_sensor.c.obj
[lite-ish:singleimage] [167/257] Building C object modules/ec/zephyr/CMakeFiles/ec_shim.dir/shim/src/cbi/cros_cbi.c.obj
[pujjogatwin:ro] [331/414] Building C object CMakeFiles/app.dir/mnt/host/source/src/platform/ec/build/zephyr/pujjogatwin/modules/ec/driver/temp_sensor/thermistor.c.obj
[/mnt/host/source/src/platform/ec/build/zephyr/teliks-lcov] geninfo: WARNING: using JSON module "JSON::PP" - which is much slower than some alternatives.  Consider installing one of JSON::XS or Cpanel::JSON::XS
[pujjogatwin:ro] [332/414] Building C object CMakeFiles/app.dir/mnt/host/source/src/platform/ec/build/zephyr/pujjogatwin/modules/ec/common/throttle_ap.c.obj
[lite-ish:singleimage] [168/257] Building C object modules/ec/zephyr/CMakeFiles/ec_shim.dir/shim/src/host_command.c.obj
[lite-ish:singleimage] [169/257] Building C object modules/ec/zephyr/CMakeFiles/ec_shim.dir/shim/src/ish_system.c.obj
[lite-ish:singleimage] [170/257] Building C object modules/ec/zephyr/CMakeFiles/ec_shim.dir/shim/src/hooks.c.obj
[pujjogatwin:ro] [333/414] Building C object CMakeFiles/app.dir/mnt/host/source/src/platform/ec/build/zephyr/pujjogatwin/modules/ec/common/timer.c.obj
[lite-ish:singleimage] [171/257] Building C object modules/ec/zephyr/CMakeFiles/ec_shim.dir/shim/src/console_buffer.c.obj
[lite-ish:singleimage] [172/257] Building C object modules/ec/zephyr/CMakeFiles/ec_shim.dir/shim/src/mkbp_event.c.obj
[pujjogatwin:ro] [334/414] Building C object CMakeFiles/app.dir/mnt/host/source/src/platform/ec/build/zephyr/pujjogatwin/modules/ec/common/usb_port_power_dumb.c.obj
[lite-ish:singleimage] [173/257] Building C object modules/ec/zephyr/CMakeFiles/ec_shim.dir/shim/src/hwtimer.c.obj
[kanix:rw] -- Board: npcx9, qualifiers: npcx9m7f
[lite-ish:singleimage] [174/257] Building C object modules/ec/zephyr/CMakeFiles/ec_shim.dir/shim/src/i2c.c.obj
[pujjogatwin:ro] [335/414] Building C object CMakeFiles/app.dir/mnt/host/source/src/platform/ec/build/zephyr/pujjogatwin/modules/ec/common/typec_control.c.obj
[domika:ro] /mnt/host/source/src/platform/ec/build/zephyr/domika/build-ro/zephyr/zephyr.dts:1228.27-1958.5: Warning (avoid_unnecessary_addr_size): /soc/pin-controller: unnecessary #address-cells/#size-cells without "ranges" or child "reg" property
[domika:ro] /mnt/host/source/src/platform/ec/build/zephyr/domika/build-ro/zephyr/zephyr.dts:2869.9-2877.5: Warning (gpios_property): /fans/fan_0: Missing property '#gpio-cells' in node /named-gpios/fan-enable or bad phandle (referred from enable-gpio[0])
[lite-ish:singleimage] [175/257] Building C object modules/ec/zephyr/CMakeFiles/ec_shim.dir/shim/src/panic.c.obj
[lite-ish:singleimage] [176/257] Building C object modules/ec/zephyr/CMakeFiles/ec_shim.dir/shim/src/usbc_stub.c.obj
[lite-ish:singleimage] [177/257] cd /mnt/host/source/src/platform/ec/build/zephyr/lite-ish/build-singleimage/modules/ec/zephyr && PYTHONPATH=/mnt/host/source/src/platform/ec/build/zephyr/lite-ish/modules/ec/zephyr/zmake/ /usr/bin/python3.11 /mnt/host/source/src/platform/ec/build/zephyr/lite-ish/modules/ec/zephyr/zmake/zephyr_build_tools/generate_ec_version.py /mnt/host/source/src/platform/ec/build/zephyr/lite-ish/build-singleimage/modules/ec/zephyr/include/ec_version.h --name Zephyr-Kernel --version 16543.0.0 --static
[dev-posix:singleimage] -- Board: native_sim, qualifiers: native
[lite-ish:singleimage] INFO:root:Using a static version string
[lite-ish:singleimage] INFO:root:Version string: Zephyr-Kernel-16543.0.0
[lite-ish:singleimage] INFO:root:Writing header to /mnt/host/source/src/platform/ec/build/zephyr/lite-ish/build-singleimage/modules/ec/zephyr/include/ec_version.h
[lite-ish:singleimage] [178/257] Building C object modules/ec/zephyr/CMakeFiles/ec_shim.dir/shim/src/tasks.c.obj
[pujjogatwin:ro] [336/414] Building C object CMakeFiles/app.dir/mnt/host/source/src/platform/ec/build/zephyr/pujjogatwin/modules/ec/common/usb_pd_pdo.c.obj
[pujjogatwin:ro] [337/414] Building C object CMakeFiles/app.dir/mnt/host/source/src/platform/ec/build/zephyr/pujjogatwin/modules/ec/common/usb_common.c.obj
[kanix:ro] -- Board: npcx9, qualifiers: npcx9m7f
[/mnt/host/source/src/platform/ec/build/zephyr/teliks-lcov] stderr:
[lite-ish:singleimage] [179/257] Building C object modules/ec/zephyr/CMakeFiles/ec_shim.dir/shim/src/host_command_heci.c.obj
[lite-ish:singleimage] [180/257] Building C object modules/ec/zephyr/subsys/host_service/CMakeFiles/..__..__..__platform__ec__zephyr__subsys__host_service.dir/zephyr_host_service.c.obj
[lite-ish:singleimage] [181/257] Building C object CMakeFiles/app.dir/mnt/host/source/src/platform/ec/zephyr/subsys/ap_pwrseq/ap_events.c.obj
[pujjogatwin:ro] [338/414] Building C object CMakeFiles/app.dir/mnt/host/source/src/platform/ec/build/zephyr/pujjogatwin/modules/ec/common/usbc/usbc_task.c.obj
[/mnt/host/source/src/platform/ec/build/zephyr/teliks-lcov]   /mnt/host/source/src/platform/ec/build/zephyr/teliks/build-ro/modules/ec/zephyr/CMakeFiles/ec_shim.dir/shim/src/thermal.c.gcno:no functions found
[/mnt/host/source/src/platform/ec/build/zephyr/teliks-lcov] stderr:
[lite-ish:singleimage] [182/257] Building C object modules/ec/zephyr/subsys/host_service/CMakeFiles/..__..__..__platform__ec__zephyr__subsys__host_service.dir/sys_mng.c.obj
[lite-ish:singleimage] [183/257] Building C object CMakeFiles/app.dir/mnt/host/source/src/platform/ec/build/zephyr/lite-ish/modules/ec/builtin/stdlib.c.obj
[pujjogatwin:ro] [339/414] Building C object CMakeFiles/app.dir/mnt/host/source/src/platform/ec/build/zephyr/pujjogatwin/modules/ec/common/usbc/usb_pd_timer.c.obj
[lite-ish:singleimage] [184/257] Building C object CMakeFiles/app.dir/mnt/host/source/src/platform/ec/build/zephyr/lite-ish/modules/ec/common/base32.c.obj
[/mnt/host/source/src/platform/ec/build/zephyr/teliks-lcov]   /mnt/host/source/src/platform/ec/build/zephyr/teliks/build-ro/modules/ec/zephyr/CMakeFiles/ec_shim.dir/shim/src/battery.c.gcno:no functions found
[/mnt/host/source/src/platform/ec/build/zephyr/teliks-lcov] stderr:
[/mnt/host/source/src/platform/ec/build/zephyr/teliks-lcov]   /mnt/host/source/src/platform/ec/build/zephyr/teliks/build-ro/modules/ec/zephyr/CMakeFiles/ec_shim.dir/shim/src/charger.c.gcno:no functions found
[/mnt/host/source/src/platform/ec/build/zephyr/teliks-lcov] stderr:
[pujjogatwin:ro] [340/414] Building C object CMakeFiles/app.dir/mnt/host/source/src/platform/ec/build/zephyr/pujjogatwin/modules/ec/common/usbc/usb_sm.c.obj
[lite-ish:singleimage] [185/257] Building C object CMakeFiles/app.dir/mnt/host/source/src/platform/ec/build/zephyr/lite-ish/modules/ec/common/ec_features.c.obj
[lite-ish:singleimage] [186/257] Building C object CMakeFiles/app.dir/mnt/host/source/src/platform/ec/build/zephyr/lite-ish/modules/ec/common/console_output.c.obj
[lite-ish:singleimage] [187/257] Building C object CMakeFiles/app.dir/mnt/host/source/src/platform/ec/build/zephyr/lite-ish/modules/ec/common/peripheral.c.obj
[lite-ish:singleimage] [188/257] Building C object CMakeFiles/app.dir/mnt/host/source/src/platform/ec/build/zephyr/lite-ish/modules/ec/common/gpio_commands.c.obj
[pujjogatwin:ro] [341/414] Building C object CMakeFiles/app.dir/mnt/host/source/src/platform/ec/build/zephyr/pujjogatwin/modules/ec/common/usbc_intr_task.c.obj
[pujjogatwin:ro] [342/414] Building C object CMakeFiles/app.dir/mnt/host/source/src/platform/ec/build/zephyr/pujjogatwin/modules/ec/common/usbc_utils.c.obj
[pujjogatwin:ro] [343/414] Building C object CMakeFiles/app.dir/mnt/host/source/src/platform/ec/build/zephyr/pujjogatwin/modules/ec/common/usb_pd_flags.c.obj
[lite-ish:singleimage] [189/257] Building C object CMakeFiles/app.dir/mnt/host/source/src/platform/ec/build/zephyr/lite-ish/modules/ec/common/printf.c.obj
[/mnt/host/source/src/platform/ec/build/zephyr/pujjocento-lcov]   /mnt/host/source/src/platform/ec/build/zephyr/pujjocento/build-rw/zephyr/CMakeFiles/zephyr.dir/soc/nuvoton/npcx/common/npcxn/registers.c.gcno:no functions found
[/mnt/host/source/src/platform/ec/build/zephyr/pujjocento-lcov] stderr:
[lite-ish:singleimage] [190/257] Building C object CMakeFiles/app.dir/mnt/host/source/src/platform/ec/build/zephyr/lite-ish/modules/ec/common/queue.c.obj
[kanix:rw] -- Found Dtc: /usr/bin/dtc (found suitable version "1.6.0", minimum required is "1.4.6")
[kanix:rw] -- Found BOARD.dts: /mnt/host/source/src/platform/ec/zephyr/boards/google/npcx9/npcx9_npcx9m7f.dts
[kanix:rw] -- Found devicetree overlay: /mnt/host/source/src/platform/ec/zephyr/program/rex/kanix/project.overlay
[lite-ish:singleimage] [191/257] Building C object CMakeFiles/app.dir/mnt/host/source/src/platform/ec/build/zephyr/lite-ish/modules/ec/common/system_boot_time.c.obj
[pujjogatwin:ro] [344/414] Building C object CMakeFiles/app.dir/mnt/host/source/src/platform/ec/build/zephyr/pujjogatwin/modules/ec/common/chargen.c.obj
[lite-ish:singleimage] [192/257] Building C object CMakeFiles/app.dir/mnt/host/source/src/platform/ec/build/zephyr/lite-ish/modules/ec/common/uart_printf.c.obj
[/mnt/host/source/src/platform/ec/build/zephyr/teliks-lcov]   /mnt/host/source/src/platform/ec/build/zephyr/teliks/build-ro/modules/ec/zephyr/CMakeFiles/ec_shim.dir/shim/src/usb_muxes.c.gcno:no functions found
[/mnt/host/source/src/platform/ec/build/zephyr/teliks-lcov] stderr:
[lite-ish:singleimage] [193/257] Building C object CMakeFiles/app.dir/mnt/host/source/src/platform/ec/build/zephyr/lite-ish/modules/ec/common/system.c.obj
[lite-ish:singleimage] [194/257] Building C object CMakeFiles/app.dir/mnt/host/source/src/platform/ec/build/zephyr/lite-ish/modules/ec/common/util.c.obj
[dev-posix:singleimage] -- Found Dtc: /usr/bin/dtc (found suitable version "1.6.0", minimum required is "1.4.6")
[dev-posix:singleimage] -- Found BOARD.dts: /mnt/host/source/src/third_party/zephyr/main/boards/native/native_sim/native_sim.dts
[dev-posix:singleimage] -- Found devicetree overlay: /mnt/host/source/src/platform/ec/zephyr/dts/board-overlays/native_sim.dts
[dev-posix:singleimage] -- Found devicetree overlay: /mnt/host/source/src/platform/ec/zephyr/program/dev/dev.dtsi
[kanix:ro] -- Found Dtc: /usr/bin/dtc (found suitable version "1.6.0", minimum required is "1.4.6")
[kanix:ro] -- Found BOARD.dts: /mnt/host/source/src/platform/ec/zephyr/boards/google/npcx9/npcx9_npcx9m7f.dts
[kanix:ro] -- Found devicetree overlay: /mnt/host/source/src/platform/ec/zephyr/program/rex/kanix/project.overlay
[lite-ish:singleimage] [195/257] Building C object CMakeFiles/app.dir/mnt/host/source/src/platform/ec/build/zephyr/lite-ish/modules/ec/common/version.c.obj
[lite-ish:singleimage] [196/257] Building C object CMakeFiles/app.dir/mnt/host/source/src/platform/ec/build/zephyr/lite-ish/modules/ec/common/cbi_common.c.obj
[pujjogatwin:ro] [345/414] Building C object CMakeFiles/app.dir/mnt/host/source/src/platform/ec/build/zephyr/pujjogatwin/modules/ec/common/usbc/usb_pd_console.c.obj
[/mnt/host/source/src/platform/ec/build/zephyr/teliks-lcov]   /mnt/host/source/src/platform/ec/build/zephyr/teliks/build-ro/modules/ec/zephyr/CMakeFiles/ec_shim.dir/shim/src/usba.c.gcno:no functions found
[/mnt/host/source/src/platform/ec/build/zephyr/teliks-lcov] stderr:
[pujjogatwin:ro] [346/414] Building C object CMakeFiles/app.dir/mnt/host/source/src/platform/ec/build/zephyr/pujjogatwin/modules/ec/driver/usb_mux/virtual.c.obj
[lite-ish:singleimage] [197/257] Building C object CMakeFiles/app.dir/mnt/host/source/src/platform/ec/build/zephyr/lite-ish/modules/ec/common/cbi_config.c.obj
[lite-ish:singleimage] [198/257] Building C object CMakeFiles/app.dir/mnt/host/source/src/platform/ec/build/zephyr/lite-ish/modules/ec/common/cbi.c.obj
[pujjogatwin:ro] [347/414] Building C object CMakeFiles/app.dir/mnt/host/source/src/platform/ec/build/zephyr/pujjogatwin/modules/ec/driver/usb_mux/usb_mux.c.obj
[lite-ish:singleimage] [199/257] Building C object CMakeFiles/app.dir/mnt/host/source/src/platform/ec/build/zephyr/lite-ish/modules/ec/common/cbi_gpio.c.obj
[pujjogatwin:ro] [348/414] Building C object CMakeFiles/app.dir/mnt/host/source/src/platform/ec/build/zephyr/pujjogatwin/modules/ec/common/usbc/usb_tc_drp_acc_trysrc_sm.c.obj
[lite-ish:singleimage] [200/257] Building C object CMakeFiles/app.dir/mnt/host/source/src/platform/ec/build/zephyr/lite-ish/modules/ec/common/memory_commands.c.obj
[lite-ish:singleimage] [201/257] Building C object CMakeFiles/app.dir/mnt/host/source/src/platform/ec/build/zephyr/lite-ish/modules/ec/common/ap_reset_log.c.obj
[dev-posix:singleimage] -- Generated zephyr.dts: /mnt/host/source/src/platform/ec/build/zephyr/dev-posix/build-singleimage/zephyr/zephyr.dts
[dev-posix:singleimage] -- Generated pickled edt: /mnt/host/source/src/platform/ec/build/zephyr/dev-posix/build-singleimage/zephyr/edt.pickle
[domika:ro] warning: THREAD_MAX_NAME_LEN (defined at
[domika:ro] /mnt/host/source/src/platform/ec/zephyr/Kconfig.defaults:19, kernel/Kconfig:504) was assigned the
[domika:ro] value '12' but got the value '16'. See
[domika:ro] http://docs.zephyrproject.org/latest/kconfig.html#CONFIG_THREAD_MAX_NAME_LEN and/or look up
[domika:ro] THREAD_MAX_NAME_LEN in the menuconfig/guiconfig interface. The Application Development Primer,
[domika:ro] Setting Configuration Values, and Kconfig - Tips and Best Practices sections of the manual might be
[domika:ro] helpful too.
[domika:ro] warning: PLATFORM_EC_CONSOLE_CMD_ACCEL_INFO (defined at
[domika:ro] /mnt/host/source/src/platform/ec/zephyr/Kconfig.motionsense:159) was assigned the value 'y' but got
[domika:ro] the value 'n'. Check these unsatisfied dependencies: PLATFORM_EC_CONSOLE_CMD_ACCELS (=n). See
[domika:ro] http://docs.zephyrproject.org/latest/kconfig.html#CONFIG_PLATFORM_EC_CONSOLE_CMD_ACCEL_INFO and/or
[domika:ro] look up PLATFORM_EC_CONSOLE_CMD_ACCEL_INFO in the menuconfig/guiconfig interface. The Application
[domika:ro] Development Primer, Setting Configuration Values, and Kconfig - Tips and Best Practices sections of
[domika:ro] the manual might be helpful too.
[domika:ro] warning: TASK_HOSTCMD_STACK_SIZE (defined at
[domika:ro] /mnt/host/source/src/platform/ec/zephyr/Kconfig.stacks:52,
[domika:ro] /mnt/host/source/src/platform/ec/zephyr/Kconfig.tasks:123) was assigned the value '1280' but got the
[domika:ro] value '1152'. See http://docs.zephyrproject.org/latest/kconfig.html#CONFIG_TASK_HOSTCMD_STACK_SIZE
[domika:ro] and/or look up TASK_HOSTCMD_STACK_SIZE in the menuconfig/guiconfig interface. The Application
[domika:ro] Development Primer, Setting Configuration Values, and Kconfig - Tips and Best Practices sections of
[domika:ro] the manual might be helpful too.
[domika:ro] warning: Deprecated symbol I2C_ALLOW_NO_STOP_TRANSACTIONS is enabled.
[lite-ish:singleimage] [202/257] Building C object CMakeFiles/app.dir/mnt/host/source/src/platform/ec/build/zephyr/lite-ish/modules/ec/common/host_command.c.obj
[lite-ish:singleimage] [203/257] Building C object CMakeFiles/app.dir/mnt/host/source/src/platform/ec/build/zephyr/lite-ish/modules/ec/common/host_command_task.c.obj
[pujjogatwin:ro] [349/414] Building C object CMakeFiles/app.dir/mnt/host/source/src/platform/ec/build/zephyr/pujjogatwin/modules/ec/common/usbc/usb_prl_sm.c.obj
[lite-ish:singleimage] [204/257] Building C object CMakeFiles/app.dir/mnt/host/source/src/platform/ec/build/zephyr/lite-ish/modules/ec/common/host_event_commands.c.obj
[lite-ish:singleimage] [205/257] Building C object CMakeFiles/app.dir/mnt/host/source/src/platform/ec/build/zephyr/lite-ish/modules/ec/common/uart_hostcmd.c.obj
[dev-posix:singleimage] -- Generated devicetree_generated.h: /mnt/host/source/src/platform/ec/build/zephyr/dev-posix/build-singleimage/zephyr/include/generated/zephyr/devicetree_generated.h
[lite-ish:singleimage] [206/257] Building C object CMakeFiles/app.dir/mnt/host/source/src/platform/ec/build/zephyr/lite-ish/modules/ec/common/uptime.c.obj
[pujjogatwin:ro] [350/414] Building C object CMakeFiles/app.dir/mnt/host/source/src/platform/ec/build/zephyr/pujjogatwin/modules/ec/common/usbc/usb_pd_dpm.c.obj
[pujjogatwin:ro] [351/414] Building C object CMakeFiles/app.dir/mnt/host/source/src/platform/ec/build/zephyr/pujjogatwin/modules/ec/common/usbc/usbc_pd_policy.c.obj
[lite-ish:singleimage] [207/257] Building C object CMakeFiles/app.dir/mnt/host/source/src/platform/ec/build/zephyr/lite-ish/modules/ec/common/i2c_passthru.c.obj
[domika:ro] Parsing /mnt/host/source/src/platform/ec/zephyr/program/nissa/Kconfig
[lite-ish:singleimage] [208/257] Building C object CMakeFiles/app.dir/mnt/host/source/src/platform/ec/build/zephyr/lite-ish/modules/ec/common/i2c_controller.c.obj
[lite-ish:singleimage] [209/257] Building C object CMakeFiles/app.dir/mnt/host/source/src/platform/ec/build/zephyr/lite-ish/modules/ec/common/mkbp_event.c.obj
[lite-ish:singleimage] [210/257] Building C object CMakeFiles/app.dir/mnt/host/source/src/platform/ec/build/zephyr/lite-ish/modules/ec/common/mkbp_fifo.c.obj
[pujjogatwin:ro] [352/414] Building C object CMakeFiles/app.dir/mnt/host/source/src/platform/ec/build/zephyr/pujjogatwin/modules/ec/common/usbc/dp_alt_mode.c.obj
[pujjogatwin:ro] [353/414] Building C object CMakeFiles/app.dir/mnt/host/source/src/platform/ec/build/zephyr/pujjogatwin/modules/ec/common/usbc/usb_pe_drp_sm.c.obj
[lite-ish:singleimage] [211/257] Building C object CMakeFiles/app.dir/mnt/host/source/src/platform/ec/build/zephyr/lite-ish/modules/ec/common/panic_output.c.obj
[kanix:rw] -- Generated zephyr.dts: /mnt/host/source/src/platform/ec/build/zephyr/kanix/build-rw/zephyr/zephyr.dts
[kanix:rw] -- Generated pickled edt: /mnt/host/source/src/platform/ec/build/zephyr/kanix/build-rw/zephyr/edt.pickle
[pujjogatwin:ro] [354/414] Building C object CMakeFiles/app.dir/mnt/host/source/src/platform/ec/build/zephyr/pujjogatwin/modules/ec/common/usb_pd_console_cmd.c.obj
[lite-ish:singleimage] [212/257] Building C object CMakeFiles/app.dir/mnt/host/source/src/platform/ec/build/zephyr/lite-ish/modules/ec/common/sha256.c.obj
[lite-ish:singleimage] [213/257] Linking C static library modules/ec/zephyr/libec_shim.a
[lite-ish:singleimage] [214/257] Linking C static library modules/ec/zephyr/subsys/host_service/lib..__..__..__platform__ec__zephyr__subsys__host_service.a
[lite-ish:singleimage] [215/257] Building C object CMakeFiles/app.dir/mnt/host/source/src/platform/ec/build/zephyr/lite-ish/modules/ec/common/timer.c.obj
[lite-ish:singleimage] [216/257] Building C object CMakeFiles/app.dir/mnt/host/source/src/platform/ec/build/zephyr/lite-ish/modules/ec/common/shared_mem.c.obj
[lite-ish:singleimage] [217/257] Building C object CMakeFiles/app.dir/mnt/host/source/src/platform/ec/build/zephyr/lite-ish/modules/ec/common/vstore.c.obj
[lite-ish:singleimage] [218/257] Building C object CMakeFiles/app.dir/mnt/host/source/src/platform/ec/build/zephyr/lite-ish/modules/ec/common/math_util.c.obj
[lite-ish:singleimage] [219/257] Linking C static library app/libapp.a
[pujjogatwin:ro] [355/414] Building C object CMakeFiles/app.dir/mnt/host/source/src/platform/ec/build/zephyr/pujjogatwin/modules/ec/common/usb_pd_host_cmd.c.obj
[kanix:ro] -- Generated zephyr.dts: /mnt/host/source/src/platform/ec/build/zephyr/kanix/build-ro/zephyr/zephyr.dts
[kanix:ro] -- Generated pickled edt: /mnt/host/source/src/platform/ec/build/zephyr/kanix/build-ro/zephyr/edt.pickle
[kanix:rw] -- Generated devicetree_generated.h: /mnt/host/source/src/platform/ec/build/zephyr/kanix/build-rw/zephyr/include/generated/zephyr/devicetree_generated.h
[pujjogatwin:ro] [356/414] Building C object CMakeFiles/app.dir/mnt/host/source/src/platform/ec/build/zephyr/pujjogatwin/modules/ec/common/usbc/usb_pd_host.c.obj
[lite-ish:singleimage] [220/257] Building C object modules/ec/zephyr/subsys/host_service/heci/CMakeFiles/..__..__..__platform__ec__zephyr__subsys__host_service__heci.dir/heci_system_state.c.obj
[domika:ro] Loaded configuration '/mnt/host/source/src/platform/ec/zephyr/boards/google/it8xxx2/it8xxx2_it81302bx_defconfig'
[domika:ro] Merged configuration '/mnt/host/source/src/platform/ec/zephyr/program/nissa/program.conf'
[domika:ro] Merged configuration '/mnt/host/source/src/platform/ec/zephyr/program/nissa/it8xxx2_program.conf'
[domika:ro] Merged configuration '/mnt/host/source/src/platform/ec/zephyr/program/nissa/domika/project.conf'
[domika:ro] Merged configuration '/mnt/host/source/src/platform/ec/build/zephyr/domika/kconfig-ro.conf'
[domika:ro] Configuration saved to '/mnt/host/source/src/platform/ec/build/zephyr/domika/build-ro/zephyr/.config'
[domika:ro] Kconfig header saved to '/mnt/host/source/src/platform/ec/build/zephyr/domika/build-ro/zephyr/include/generated/zephyr/autoconf.h'
[domika:ro] -- Found GnuLd: /home/jpmurphy/.cache/coreboot-sdk/riscv64-elf/96b949749225b6aaa92ed810ab769e8dfb12f000/riscv64-elf/bin/ld.bfd (found version "2.43.1")
[lite-ish:singleimage] [221/257] Building C object modules/ec/zephyr/subsys/host_service/heci/CMakeFiles/..__..__..__platform__ec__zephyr__subsys__host_service__heci.dir/intfs/ipm_intf.c.obj
[lite-ish:singleimage] [222/257] Building C object modules/ec/zephyr/subsys/host_service/heci/CMakeFiles/..__..__..__platform__ec__zephyr__subsys__host_service__heci.dir/heci_intf.c.obj
[lite-ish:singleimage] [223/257] Building C object zephyr/kernel/CMakeFiles/kernel.dir/main_weak.c.obj
[pujjogatwin:ro] [357/414] Building C object CMakeFiles/app.dir/mnt/host/source/src/platform/ec/build/zephyr/pujjogatwin/modules/ec/common/usb_pd_host_cmd_common.c.obj
[pujjogatwin:ro] [358/414] Building C object CMakeFiles/app.dir/mnt/host/source/src/platform/ec/build/zephyr/pujjogatwin/modules/ec/zephyr/shim/src/tcpc.c.obj
[domika:ro] -- The C compiler identification is GNU 14.2.0
[pujjogatwin:ro] [359/414] Building C object CMakeFiles/app.dir/mnt/host/source/src/platform/ec/build/zephyr/pujjogatwin/modules/ec/common/usbc/svdm_rsp_dfp_only.c.obj
[lite-ish:singleimage] [224/257] Building C object zephyr/kernel/CMakeFiles/kernel.dir/banner.c.obj
[lite-ish:singleimage] [225/257] Building C object zephyr/kernel/CMakeFiles/kernel.dir/busy_wait.c.obj
[lite-ish:singleimage] [226/257] Building C object modules/ec/zephyr/subsys/host_service/heci/CMakeFiles/..__..__..__platform__ec__zephyr__subsys__host_service__heci.dir/heci_core.c.obj
[lite-ish:singleimage] [227/257] Linking C static library modules/ec/zephyr/subsys/host_service/heci/lib..__..__..__platform__ec__zephyr__subsys__host_service__heci.a
[lite-ish:singleimage] [228/257] Building C object zephyr/kernel/CMakeFiles/kernel.dir/device.c.obj
[domika:ro] -- The CXX compiler identification is GNU 14.2.0
[lite-ish:singleimage] [229/257] Building C object zephyr/kernel/CMakeFiles/kernel.dir/errno.c.obj
[kanix:ro] -- Generated devicetree_generated.h: /mnt/host/source/src/platform/ec/build/zephyr/kanix/build-ro/zephyr/include/generated/zephyr/devicetree_generated.h
[domika:ro] -- The ASM compiler identification is GNU
[domika:ro] -- Found assembler: /home/jpmurphy/.cache/coreboot-sdk/riscv64-elf/96b949749225b6aaa92ed810ab769e8dfb12f000/bin/riscv64-elf-gcc
[domika:ro] CMake Warning at /mnt/host/source/src/platform/ec/zephyr/cmake/linker/ld/linker_libraries.cmake:11 (message):
[domika:ro]   Disabling c_library
[domika:ro] Call Stack (most recent call first):
[domika:ro]   /mnt/host/source/src/third_party/zephyr/main/cmake/target_toolchain_flags.cmake:48 (include)
[domika:ro]   /mnt/host/source/src/third_party/zephyr/main/cmake/modules/kernel.cmake:153 (include)
[domika:ro]   /mnt/host/source/src/third_party/zephyr/main/cmake/modules/zephyr_default.cmake:138 (include)
[/mnt/host/source/src/platform/ec/build/zephyr/pujjocento-lcov]   /mnt/host/source/src/platform/ec/build/zephyr/pujjocento/build-rw/zephyr/kernel/CMakeFiles/kernel.dir/errno.c.gcno:no functions found
[/mnt/host/source/src/platform/ec/build/zephyr/pujjocento-lcov] stderr:
[pujjogatwin:ro] [360/414] Building C object CMakeFiles/app.dir/mnt/host/source/src/platform/ec/build/zephyr/pujjogatwin/modules/ec/common/usbc_ocp.c.obj
[lite-ish:singleimage] [230/257] Building C object zephyr/kernel/CMakeFiles/kernel.dir/fatal.c.obj
[pujjogatwin:ro] [361/414] Building C object CMakeFiles/app.dir/mnt/host/source/src/platform/ec/build/zephyr/pujjogatwin/modules/ec/common/usb_pd_discovery.c.obj
[lite-ish:singleimage] [231/257] Building C object zephyr/kernel/CMakeFiles/kernel.dir/init.c.obj
[lite-ish:singleimage] [232/257] Building C object zephyr/kernel/CMakeFiles/kernel.dir/mem_slab.c.obj
[lite-ish:singleimage] [233/257] Building C object zephyr/kernel/CMakeFiles/kernel.dir/kheap.c.obj
[lite-ish:singleimage] [234/257] Building C object zephyr/kernel/CMakeFiles/kernel.dir/float.c.obj
[lite-ish:singleimage] [235/257] Building C object zephyr/kernel/CMakeFiles/kernel.dir/version.c.obj
[/mnt/host/source/src/platform/ec/build/zephyr/teliks-lcov]   /mnt/host/source/src/platform/ec/build/zephyr/teliks/build-ro/modules/ec/zephyr/CMakeFiles/ec_shim.dir/shim/src/keyscan.c.gcno:no functions found
[/mnt/host/source/src/platform/ec/build/zephyr/teliks-lcov] stderr:
[pujjogatwin:ro] [362/414] Building C object CMakeFiles/app.dir/mnt/host/source/src/platform/ec/build/zephyr/pujjogatwin/modules/ec/common/usb_pd_dual_role.c.obj
[pujjogatwin:ro] [363/414] Building C object CMakeFiles/app.dir/mnt/host/source/src/platform/ec/build/zephyr/pujjogatwin/modules/ec/driver/tcpm/nct38xx.c.obj
[lite-ish:singleimage] [236/257] Building C object zephyr/kernel/CMakeFiles/kernel.dir/idle.c.obj
[domika:ro] -- Performing EC specific devicetree checks
[kanix:rw] /mnt/host/source/src/platform/ec/build/zephyr/kanix/build-rw/zephyr/zephyr.dts:4240.15-4247.5: Warning (gpios_property): /fans/fan_0: Missing property '#gpio-cells' in node /named-gpios/en_pp5000_fan or bad phandle (referred from enable-gpio[0])
[pujjogatwin:ro] [364/414] Building C object CMakeFiles/app.dir/mnt/host/source/src/platform/ec/build/zephyr/pujjogatwin/modules/ec/driver/tcpm/raa489000.c.obj
[lite-ish:singleimage] [237/257] Building C object zephyr/kernel/CMakeFiles/kernel.dir/mailbox.c.obj
[domika:ro]   /mnt/host/source/src/third_party/zephyr/main/share/zephyr-package/cmake/ZephyrConfig.cmake:66 (include)
[domika:ro]   /mnt/host/source/src/third_party/zephyr/main/share/zephyr-package/cmake/ZephyrConfig.cmake:97 (include_boilerplate)
[lite-ish:singleimage] [238/257] Building C object zephyr/kernel/CMakeFiles/kernel.dir/msg_q.c.obj
[domika:ro]   CMakeLists.txt:7 (find_package)
[domika:ro] INFO: Verified 58 GPIOs, no duplicates found
[lite-ish:singleimage] [239/257] Building C object zephyr/kernel/CMakeFiles/kernel.dir/queue.c.obj
[lite-ish:singleimage] [240/257] Building C object zephyr/kernel/CMakeFiles/kernel.dir/mutex.c.obj
[lite-ish:singleimage] [241/257] Building C object zephyr/kernel/CMakeFiles/kernel.dir/sem.c.obj
[domika:ro] -- Generating component manifest file
[pujjogatwin:ro] [365/414] Building C object CMakeFiles/app.dir/mnt/host/source/src/platform/ec/build/zephyr/pujjogatwin/modules/ec/common/usbc_ppc.c.obj
[lite-ish:singleimage] [242/257] Building C object zephyr/kernel/CMakeFiles/kernel.dir/stack.c.obj
[lite-ish:singleimage] [243/257] Building C object zephyr/kernel/CMakeFiles/kernel.dir/system_work_q.c.obj
[pujjogatwin:ro] [366/414] Building C object CMakeFiles/app.dir/mnt/host/source/src/platform/ec/build/zephyr/pujjogatwin/modules/ec/driver/tcpm/tcpci.c.obj
[domika:ro] INFO: Verified 15 '*-gpios' properties, all flags match.
[domika:ro] INFO: Skipped 14 named-gpios children.
[domika:ro] INFO: Running CME, outputting to /mnt/host/source/src/platform/ec/build/zephyr/domika/build-ro/zephyr/component_manifest.json
[kanix:ro] /mnt/host/source/src/platform/ec/build/zephyr/kanix/build-ro/zephyr/zephyr.dts:4240.15-4247.5: Warning (gpios_property): /fans/fan_0: Missing property '#gpio-cells' in node /named-gpios/en_pp5000_fan or bad phandle (referred from enable-gpio[0])
[lite-ish:singleimage] [244/257] Building C object zephyr/kernel/CMakeFiles/kernel.dir/condvar.c.obj
[domika:ro] -- warning_base_override: -Wall;-Wformat;-Wformat-security;-Wformat;-Wno-format-zero-length;-Wno-pointer-sign;-Wpointer-arith;-Wexpansion-to-defined
[/mnt/host/source/src/platform/ec/build/zephyr/pujjocento-lcov]   /mnt/host/source/src/platform/ec/build/zephyr/pujjocento/build-rw/zephyr/lib/libc/picolibc/CMakeFiles/lib__libc__picolibc.dir/errno_wrap.c.gcno:no functions found
[/mnt/host/source/src/platform/ec/build/zephyr/pujjocento-lcov] stderr:
[lite-ish:singleimage] [245/257] Building C object zephyr/kernel/CMakeFiles/kernel.dir/thread.c.obj
[lite-ish:singleimage] [246/257] Building C object zephyr/kernel/CMakeFiles/kernel.dir/work.c.obj
[lite-ish:singleimage] [247/257] Building C object zephyr/kernel/CMakeFiles/kernel.dir/pipe.c.obj
[pujjogatwin:ro] [367/414] Building C object CMakeFiles/app.dir/mnt/host/source/src/platform/ec/build/zephyr/pujjogatwin/modules/ec/common/vboot_hash.c.obj
[pujjogatwin:ro] [368/414] Building C object CMakeFiles/app.dir/mnt/host/source/src/platform/ec/build/zephyr/pujjogatwin/modules/ec/driver/ppc/syv682x.c.obj
[pujjogatwin:ro] [369/414] Building C object CMakeFiles/app.dir/mnt/host/source/src/platform/ec/build/zephyr/pujjogatwin/modules/ec/common/button.c.obj
[domika:ro] -- Found gen_kobject_list: /mnt/host/source/src/third_party/zephyr/main/scripts/build/gen_kobject_list.py
[lite-ish:singleimage] [248/257] Building C object zephyr/kernel/CMakeFiles/kernel.dir/spinlock_validate.c.obj
[domika:ro] -- [no-LTO] Building kernel files without LTO
[lite-ish:singleimage] [249/257] Building C object zephyr/kernel/CMakeFiles/kernel.dir/thread_monitor.c.obj
[lite-ish:singleimage] [250/257] Building C object zephyr/kernel/CMakeFiles/kernel.dir/timeout.c.obj
[lite-ish:singleimage] [251/257] Building C object zephyr/kernel/CMakeFiles/kernel.dir/sched.c.obj
[dev-posix:singleimage] warning: Deprecated symbol I2C_ALLOW_NO_STOP_TRANSACTIONS is enabled.
[lite-ish:singleimage] [252/257] Building C object zephyr/kernel/CMakeFiles/kernel.dir/timer.c.obj
[domika:ro] -- Configuring done (16.2s)
[pujjogatwin:ro] [370/414] Building C object CMakeFiles/app.dir/mnt/host/source/src/platform/ec/build/zephyr/pujjogatwin/modules/ec/common/vboot/efs2.c.obj
[pujjogatwin:ro] [371/414] Building C object CMakeFiles/app.dir/mnt/host/source/src/platform/ec/build/zephyr/pujjogatwin/modules/ec/common/vstore.c.obj
Running (initial) lcov on /mnt/host/source/src/platform/ec/build/zephyr/kyogre.
[lite-ish:singleimage] [253/257] Building C object zephyr/kernel/CMakeFiles/kernel.dir/events.c.obj
[lite-ish:singleimage] [254/257] Building C object zephyr/kernel/CMakeFiles/kernel.dir/poll.c.obj
[lite-ish:singleimage] [255/257] Building C object zephyr/kernel/CMakeFiles/kernel.dir/mempool.c.obj
[lite-ish:singleimage] [256/257] Building C object zephyr/kernel/CMakeFiles/kernel.dir/dynamic_disabled.c.obj
[lite-ish:singleimage] [257/257] Linking C static library zephyr/kernel/libkernel.a
Toolchain <zmake.toolchains.CorebootSdkToolchain object at 0x7f41207692d0> selected by probe function.
[ite-aic-rtk-pdc] Building in /mnt/host/source/src/platform/ec/build/zephyr/ite-aic-rtk-pdc.
[ite-aic-rtk-pdc:rw] Configuring.
Running `env -i PYTHONPATH=/usr/lib64/python-exec/python3.11:/mnt/host/source/src/platform/ec/zephyr/zmake:/usr/lib/python311.zip:/usr/lib/python3.11:/usr/lib/python3.11/lib-dynload:/usr/lib/python3.11/site-packages PW_PIGWEED_CIPD_INSTALL_DIR=/usr CROSTC_USER_ACKNOWLEDGES_THAT_RISCV_IS_EXPERIMENTAL=1 PATH=/mnt/host/source/chromite/bin:/usr/local/bin:/usr/bin:/bin:/opt/bin:/mnt/host/source/chromite/sdk/bin:/mnt/host/source/chromite/bin HOME=/home/jpmurphy JAVA_HOME=/etc/java-config-2/current-system-vm JDK_HOME=/etc/java-config-2/current-system-vm JAVAC=/etc/java-config-2/current-system-vm/bin/javac MAKEFLAGS=' -j16 --jobserver-auth=5,6' /usr/bin/cmake -S /mnt/host/source/src/platform/ec/zephyr/program/ec-aic -B /mnt/host/source/src/platform/ec/build/zephyr/ite-aic-rtk-pdc/build-rw -GNinja -DCMAKE_EXPORT_COMPILE_COMMANDS=ON -DZEPHYR_BASE=/mnt/host/source/src/third_party/zephyr/main -DZMAKE_INCLUDE_DIR=/mnt/host/source/src/platform/ec/build/zephyr/ite-aic-rtk-pdc/include -DPython3_EXECUTABLE=/usr/bin/python3.11 -DDTS_ROOT=/mnt/host/source/src/platform/ec/zephyr -DSYSCALL_INCLUDE_DIRS=/mnt/host/source/src/platform/ec/zephyr/include/drivers -DUSER_CACHE_DIR=/mnt/host/source/src/platform/ec/build/zephyr/user-cache '-DEXTRA_EC_VERSION_FLAGS=--version 16543.0.0 --static' -DTOOLCHAIN_ROOT=/mnt/host/source/src/platform/ec/zephyr -DCOREBOOT_SDK_ROOT_x86=/home/jpmurphy/.cache/coreboot-sdk/i386-elf/dfbb0486385d938cfa9d73080b9d18d598ed4f49 -DCOREBOOT_SDK_ROOT_picolibc_x86=/home/jpmurphy/.cache/coreboot-sdk/picolibc-i386-elf/eb8e8e687b95461de8cbf278f1c2076952d0ad17 -DCOREBOOT_SDK_ROOT_riscv64=/home/jpmurphy/.cache/coreboot-sdk/riscv64-elf/96b949749225b6aaa92ed810ab769e8dfb12f000 -DCOREBOOT_SDK_ROOT_picolibc_arm=/home/jpmurphy/.cache/coreboot-sdk/picolibc-arm-eabi/422a2aa3e1ef891b5bece9a3deb696ff83840d2e -DCOREBOOT_SDK_ROOT_nds32=/home/jpmurphy/.cache/coreboot-sdk/nds32le-elf/d1a518c4a097666d86058e1444f85ca015d15511 -DCOREBOOT_SDK_ROOT_picolibc_riscv64=/home/jpmurphy/.cache/coreboot-sdk/picolibc-riscv64-elf/f571e990ef0278564b31124f8bb109d9a697eb69 -DCOREBOOT_SDK_ROOT_arm=/home/jpmurphy/.cache/coreboot-sdk/arm-eabi/ea40ddd1d190c3b48435c474c0b545719371813a -DCOREBOOT_SDK_ROOT_libstdcxx_riscv64=/home/jpmurphy/.cache/coreboot-sdk/libstdcxx-riscv64-elf/17abf22a3a252e2d5d2062ced5324f7a623689e0 -DCOREBOOT_SDK_ROOT_libstdcxx_arm=/home/jpmurphy/.cache/coreboot-sdk/libstdcxx-arm-eabi/5d7d82e150e44aa1968f1d366e267e6687b328ac -DCOREBOOT_SDK_ROOT_riscv=/home/jpmurphy/.cache/coreboot-sdk/riscv-elf/9a27b9e82341c6e9126624f516ab3f261abb3e73 -DCOREBOOT_SDK_ROOT_libstdcxx_x86=/home/jpmurphy/.cache/coreboot-sdk/libstdcxx-i386-elf/42ef9d2e87a76a37963175d7d428734e65648b87 -DZEPHYR_TOOLCHAIN_VARIANT=coreboot-sdk -DZEPHYR_MODULES=/mnt/host/source/src/platform/ec/build/zephyr/ite-aic-rtk-pdc/modules/ec '-DDTC_OVERLAY_FILE=/mnt/host/source/src/platform/ec/zephyr/program/ec-aic/ite-aic/project.overlay;/mnt/host/source/src/platform/ec/zephyr/program/ec-aic/ite-aic/project_pdc.overlay;/mnt/host/source/src/platform/ec/zephyr/program/ec-aic/ite-aic/project_pdc_rtk.overlay' -DBOARD=it8xxx2/it82002aw -DCMAKE_C_FLAGS=-DSECTION_IS_RW '-DCONF_FILE=/mnt/host/source/src/platform/ec/zephyr/program/ec-aic/program.conf;/mnt/host/source/src/platform/ec/zephyr/program/ec-aic/ite-aic/project.conf;/mnt/host/source/src/platform/ec/zephyr/program/ec-aic/ite-aic/project_pdc.conf;/mnt/host/source/src/platform/ec/build/zephyr/ite-aic-rtk-pdc/kconfig-rw.conf'`
[ite-aic-rtk-pdc:rw] Loading Zephyr default modules (Zephyr base (cached)).
[ite-aic-rtk-pdc:rw] -- Application: /mnt/host/source/src/platform/ec/zephyr/program/ec-aic
[domika:ro] -- Generating done (0.5s)
[domika:ro] INFO: Component usbpd@f03700(ite,it8xxx2-usbpd) not on I2C bus, skip it
[domika:ro] INFO: Component virtual-mux-0(cros-ec,usbc-mux-virtual) not on I2C bus, skip it
[domika:ro] INFO: Component virtual-mux-1(cros-ec,usbc-mux-virtual) not on I2C bus, skip it
[domika:ro] INFO: Component tcpci-mux-1(parade,usbc-mux-ps8xxx) not on I2C bus, skip it
[domika:ro] INFO: Component virtual-mux-1(cros-ec,usbc-mux-virtual) not on I2C bus, skip it
[domika:ro] CMake Warning:
[domika:ro]   Manually-specified variables were not used by the project:
[domika:ro]     COREBOOT_SDK_ROOT_arm
[domika:ro]     COREBOOT_SDK_ROOT_libstdcxx_arm
[pujjogatwin:ro] [372/414] Building C object CMakeFiles/app.dir/src/common.c.obj
[domika:ro]     COREBOOT_SDK_ROOT_libstdcxx_x86
[domika:ro]     COREBOOT_SDK_ROOT_nds32
[domika:ro]     COREBOOT_SDK_ROOT_picolibc_arm
[domika:ro]     COREBOOT_SDK_ROOT_picolibc_x86
[domika:ro]     COREBOOT_SDK_ROOT_riscv
[domika:ro]     COREBOOT_SDK_ROOT_x86
[domika:ro] -- Build files have been written to: /mnt/host/source/src/platform/ec/build/zephyr/domika/build-ro
[pujjogatwin:ro] [373/414] Building C object CMakeFiles/app.dir/src/board_power.c.obj
[pujjogatwin:ro] [374/414] Building C object CMakeFiles/app.dir/mnt/host/source/src/platform/ec/build/zephyr/pujjogatwin/modules/ec/common/math_util.c.obj
[dev-posix:singleimage] Parsing /mnt/host/source/src/third_party/zephyr/main/Kconfig
Running `env -i PYTHONPATH=/usr/lib64/python-exec/python3.11:/mnt/host/source/src/platform/ec/zephyr/zmake:/usr/lib/python311.zip:/usr/lib/python3.11:/usr/lib/python3.11/lib-dynload:/usr/lib/python3.11/site-packages PW_PIGWEED_CIPD_INSTALL_DIR=/usr CROSTC_USER_ACKNOWLEDGES_THAT_RISCV_IS_EXPERIMENTAL=1 PATH=/mnt/host/source/chromite/bin:/usr/local/bin:/usr/bin:/bin:/opt/bin:/mnt/host/source/chromite/sdk/bin:/mnt/host/source/chromite/bin HOME=/home/jpmurphy JAVA_HOME=/etc/java-config-2/current-system-vm JDK_HOME=/etc/java-config-2/current-system-vm JAVAC=/etc/java-config-2/current-system-vm/bin/javac MAKEFLAGS=' -j16 --jobserver-auth=5,6' /usr/bin/lcov --gcov-tool /mnt/host/source/src/platform/ec/build/zephyr/kyogre/build-rw/gcov.sh -q -o - -c -d /mnt/host/source/src/platform/ec/build/zephyr/kyogre -t kyogre --rc branch_coverage=1 --filter range --ignore-errors inconsistent,source --ignore-errors gcov,gcov -i`
[pujjogatwin:ro] [375/414] Linking C static library modules/ec/zephyr/libec_shim.a
[veluza:rw] Configuring.
Running `env -i PYTHONPATH=/usr/lib64/python-exec/python3.11:/mnt/host/source/src/platform/ec/zephyr/zmake:/usr/lib/python311.zip:/usr/lib/python3.11:/usr/lib/python3.11/lib-dynload:/usr/lib/python3.11/site-packages PW_PIGWEED_CIPD_INSTALL_DIR=/usr CROSTC_USER_ACKNOWLEDGES_THAT_RISCV_IS_EXPERIMENTAL=1 PATH=/mnt/host/source/chromite/bin:/usr/local/bin:/usr/bin:/bin:/opt/bin:/mnt/host/source/chromite/sdk/bin:/mnt/host/source/chromite/bin HOME=/home/jpmurphy JAVA_HOME=/etc/java-config-2/current-system-vm JDK_HOME=/etc/java-config-2/current-system-vm JAVAC=/etc/java-config-2/current-system-vm/bin/javac MAKEFLAGS=' -j16 --jobserver-auth=5,6' /usr/bin/cmake -S /mnt/host/source/src/platform/ec/zephyr/program/corsola -B /mnt/host/source/src/platform/ec/build/zephyr/veluza/build-rw -GNinja -DCMAKE_EXPORT_COMPILE_COMMANDS=ON -DZEPHYR_BASE=/mnt/host/source/src/third_party/zephyr/main -DZMAKE_INCLUDE_DIR=/mnt/host/source/src/platform/ec/build/zephyr/veluza/include -DPython3_EXECUTABLE=/usr/bin/python3.11 -DDTS_ROOT=/mnt/host/source/src/platform/ec/zephyr -DSYSCALL_INCLUDE_DIRS=/mnt/host/source/src/platform/ec/zephyr/include/drivers -DUSER_CACHE_DIR=/mnt/host/source/src/platform/ec/build/zephyr/user-cache '-DEXTRA_EC_VERSION_FLAGS=--version 16543.0.0 --static' -DTOOLCHAIN_ROOT=/mnt/host/source/src/platform/ec/zephyr -DCOREBOOT_SDK_ROOT_x86=/home/jpmurphy/.cache/coreboot-sdk/i386-elf/dfbb0486385d938cfa9d73080b9d18d598ed4f49 -DCOREBOOT_SDK_ROOT_picolibc_x86=/home/jpmurphy/.cache/coreboot-sdk/picolibc-i386-elf/eb8e8e687b95461de8cbf278f1c2076952d0ad17 -DCOREBOOT_SDK_ROOT_riscv64=/home/jpmurphy/.cache/coreboot-sdk/riscv64-elf/96b949749225b6aaa92ed810ab769e8dfb12f000 -DCOREBOOT_SDK_ROOT_picolibc_arm=/home/jpmurphy/.cache/coreboot-sdk/picolibc-arm-eabi/422a2aa3e1ef891b5bece9a3deb696ff83840d2e -DCOREBOOT_SDK_ROOT_nds32=/home/jpmurphy/.cache/coreboot-sdk/nds32le-elf/d1a518c4a097666d86058e1444f85ca015d15511 -DCOREBOOT_SDK_ROOT_picolibc_riscv64=/home/jpmurphy/.cache/coreboot-sdk/picolibc-riscv64-elf/f571e990ef0278564b31124f8bb109d9a697eb69 -DCOREBOOT_SDK_ROOT_arm=/home/jpmurphy/.cache/coreboot-sdk/arm-eabi/ea40ddd1d190c3b48435c474c0b545719371813a -DCOREBOOT_SDK_ROOT_libstdcxx_riscv64=/home/jpmurphy/.cache/coreboot-sdk/libstdcxx-riscv64-elf/17abf22a3a252e2d5d2062ced5324f7a623689e0 -DCOREBOOT_SDK_ROOT_libstdcxx_arm=/home/jpmurphy/.cache/coreboot-sdk/libstdcxx-arm-eabi/5d7d82e150e44aa1968f1d366e267e6687b328ac -DCOREBOOT_SDK_ROOT_riscv=/home/jpmurphy/.cache/coreboot-sdk/riscv-elf/9a27b9e82341c6e9126624f516ab3f261abb3e73 -DCOREBOOT_SDK_ROOT_libstdcxx_x86=/home/jpmurphy/.cache/coreboot-sdk/libstdcxx-i386-elf/42ef9d2e87a76a37963175d7d428734e65648b87 -DZEPHYR_TOOLCHAIN_VARIANT=coreboot-sdk -DZEPHYR_MODULES=/mnt/host/source/src/platform/ec/build/zephyr/veluza/modules/ec -DDTC_OVERLAY_FILE=/mnt/host/source/src/platform/ec/zephyr/program/corsola/veluza/project.overlay -DBOARD=it8xxx2/it81202bx -DCMAKE_C_FLAGS=-DSECTION_IS_RW '-DCONF_FILE=/mnt/host/source/src/platform/ec/zephyr/program/corsola/program.conf;/mnt/host/source/src/platform/ec/zephyr/program/corsola/ite_program.conf;/mnt/host/source/src/platform/ec/zephyr/program/corsola/veluza/project.conf;/mnt/host/source/src/platform/ec/build/zephyr/veluza/kconfig-rw.conf'`
[veluza:rw] Loading Zephyr default modules (Zephyr base (cached)).
[veluza:rw] -- Application: /mnt/host/source/src/platform/ec/zephyr/program/corsola
[veluza:rw] -- CMake version: 3.31.7
[ite-aic-rtk-pdc:rw] -- CMake version: 3.31.7
[ite-aic-rtk-pdc:rw] -- Found Python3: /usr/bin/python3.11 (found suitable version "3.11.11", minimum required is "3.10") found components: Interpreter
[ite-aic-rtk-pdc:rw] -- Cache files will be written to: /mnt/host/source/src/platform/ec/build/zephyr/user-cache
[ite-aic-rtk-pdc:rw] -- Zephyr version: 4.3.99 (/mnt/host/source/src/third_party/zephyr/main)
[pujjogatwin:ro] [376/414] Building C object CMakeFiles/app.dir/pujjogatwin/src/hdmi.c.obj
[pujjogatwin:ro] [377/414] Building C object CMakeFiles/app.dir/pujjogatwin/src/board.c.obj
[pujjogatwin:ro] [378/414] Building C object CMakeFiles/app.dir/pujjogatwin/src/led.c.obj
[veluza:rw] -- Found Python3: /usr/bin/python3.11 (found suitable version "3.11.11", minimum required is "3.10") found components: Interpreter
[veluza:rw] -- Cache files will be written to: /mnt/host/source/src/platform/ec/build/zephyr/user-cache
[veluza:rw] -- Zephyr version: 4.3.99 (/mnt/host/source/src/third_party/zephyr/main)
[pujjogatwin:ro] [379/414] Building C object CMakeFiles/app.dir/pujjogatwin/src/sub_board.c.obj
[pujjogatwin:ro] [380/414] Building C object zephyr/kernel/CMakeFiles/kernel.dir/main_weak.c.obj
[dev-posix:singleimage] Loaded configuration '/mnt/host/source/src/third_party/zephyr/main/boards/native/native_sim/native_sim_defconfig'
[dev-posix:singleimage] Merged configuration '/mnt/host/source/src/platform/ec/zephyr/program/dev/prj.conf'
[dev-posix:singleimage] Merged configuration '/mnt/host/source/src/platform/ec/build/zephyr/dev-posix/kconfig-singleimage.conf'
[dev-posix:singleimage] Configuration saved to '/mnt/host/source/src/platform/ec/build/zephyr/dev-posix/build-singleimage/zephyr/.config'
[dev-posix:singleimage] Kconfig header saved to '/mnt/host/source/src/platform/ec/build/zephyr/dev-posix/build-singleimage/zephyr/include/generated/zephyr/autoconf.h'
[dev-posix:singleimage] -- Found GnuLd: /usr/bin/x86_64-pc-linux-gnu-ld.bfd (found version "2.45.0")
[pujjogatwin:ro] [381/414] Building C object zephyr/kernel/CMakeFiles/kernel.dir/banner.c.obj
[pujjogatwin:ro] [382/414] Building C object CMakeFiles/app.dir/pujjogatwin/src/usbc.c.obj
[dev-posix:singleimage] -- The C compiler identification is Clang 21.0.0
[/mnt/host/source/src/platform/ec/build/zephyr/kyogre-lcov] geninfo: WARNING: using JSON module "JSON::PP" - which is much slower than some alternatives.  Consider installing one of JSON::XS or Cpanel::JSON::XS
[dev-posix:singleimage] -- The CXX compiler identification is Clang 21.0.0
[kanix:rw] warning: PLATFORM_EC_CONSOLE_CMD_ACCELS (defined at
[kanix:rw] /mnt/host/source/src/platform/ec/zephyr/Kconfig.motionsense:143) was assigned the value 'y' but got
[kanix:rw] the value 'n'. Check these unsatisfied dependencies: PLATFORM_EC_MOTIONSENSE (=n). See
[kanix:rw] http://docs.zephyrproject.org/latest/kconfig.html#CONFIG_PLATFORM_EC_CONSOLE_CMD_ACCELS and/or look
[kanix:rw] up PLATFORM_EC_CONSOLE_CMD_ACCELS in the menuconfig/guiconfig interface. The Application Development
[kanix:rw] Primer, Setting Configuration Values, and Kconfig - Tips and Best Practices sections of the manual
[kanix:rw] might be helpful too.
[kanix:rw] warning: PLATFORM_EC_CONSOLE_CMD_ACCEL_INFO (defined at
[kanix:rw] /mnt/host/source/src/platform/ec/zephyr/Kconfig.motionsense:159) was assigned the value 'y' but got
[kanix:rw] the value 'n'. Check these unsatisfied dependencies: PLATFORM_EC_CONSOLE_CMD_ACCELS (=n),
[kanix:rw] PLATFORM_EC_MOTIONSENSE (=n). See
[kanix:rw] http://docs.zephyrproject.org/latest/kconfig.html#CONFIG_PLATFORM_EC_CONSOLE_CMD_ACCEL_INFO and/or
[kanix:rw] look up PLATFORM_EC_CONSOLE_CMD_ACCEL_INFO in the menuconfig/guiconfig interface. The Application
[kanix:rw] Development Primer, Setting Configuration Values, and Kconfig - Tips and Best Practices sections of
[kanix:rw] the manual might be helpful too.
[kanix:rw] warning: Deprecated symbol I2C_ALLOW_NO_STOP_TRANSACTIONS is enabled.
[pujjogatwin:ro] [383/414] Building C object CMakeFiles/app.dir/pujjogatwin/src/charger.c.obj
[pujjogatwin:ro] [384/414] Linking C static library app/libapp.a
[pujjogatwin:ro] [385/414] Building C object zephyr/kernel/CMakeFiles/kernel.dir/busy_wait.c.obj
[dev-posix:singleimage] -- The ASM compiler identification is Clang with GNU-like command-line
[dev-posix:singleimage] -- Found assembler: /usr/bin/x86_64-pc-linux-gnu-clang
[pujjogatwin:ro] [386/414] Building C object zephyr/kernel/CMakeFiles/kernel.dir/device.c.obj
[pujjogatwin:ro] [387/414] Building C object zephyr/kernel/CMakeFiles/kernel.dir/version.c.obj
[pujjogatwin:ro] [388/414] Building C object zephyr/kernel/CMakeFiles/kernel.dir/errno.c.obj
[pujjogatwin:ro] [389/414] Building C object zephyr/kernel/CMakeFiles/kernel.dir/fatal.c.obj
[pujjogatwin:ro] [390/414] Building C object zephyr/kernel/CMakeFiles/kernel.dir/mem_slab.c.obj
[kanix:ro] warning: PLATFORM_EC_CONSOLE_CMD_ACCELS (defined at
[kanix:ro] /mnt/host/source/src/platform/ec/zephyr/Kconfig.motionsense:143) was assigned the value 'y' but got
[kanix:ro] the value 'n'. Check these unsatisfied dependencies: PLATFORM_EC_MOTIONSENSE (=n). See
[kanix:ro] http://docs.zephyrproject.org/latest/kconfig.html#CONFIG_PLATFORM_EC_CONSOLE_CMD_ACCELS and/or look
[kanix:ro] up PLATFORM_EC_CONSOLE_CMD_ACCELS in the menuconfig/guiconfig interface. The Application Development
[kanix:ro] Primer, Setting Configuration Values, and Kconfig - Tips and Best Practices sections of the manual
[kanix:ro] might be helpful too.
[kanix:ro] warning: PLATFORM_EC_CONSOLE_CMD_ACCEL_INFO (defined at
[kanix:ro] /mnt/host/source/src/platform/ec/zephyr/Kconfig.motionsense:159) was assigned the value 'y' but got
[kanix:ro] the value 'n'. Check these unsatisfied dependencies: PLATFORM_EC_CONSOLE_CMD_ACCELS (=n),
[kanix:ro] PLATFORM_EC_MOTIONSENSE (=n). See
[kanix:ro] http://docs.zephyrproject.org/latest/kconfig.html#CONFIG_PLATFORM_EC_CONSOLE_CMD_ACCEL_INFO and/or
[kanix:ro] look up PLATFORM_EC_CONSOLE_CMD_ACCEL_INFO in the menuconfig/guiconfig interface. The Application
[kanix:ro] Development Primer, Setting Configuration Values, and Kconfig - Tips and Best Practices sections of
[kanix:ro] the manual might be helpful too.
[ite-aic-rtk-pdc:rw] -- Board: it8xxx2, qualifiers: it82002aw
[pujjogatwin:ro] [391/414] Building C object zephyr/kernel/CMakeFiles/kernel.dir/init.c.obj
[pujjogatwin:ro] [392/414] Building C object zephyr/kernel/CMakeFiles/kernel.dir/kheap.c.obj
[kanix:rw] Parsing /mnt/host/source/src/platform/ec/zephyr/program/rex/Kconfig
[pujjogatwin:ro] [393/414] Building C object zephyr/kernel/CMakeFiles/kernel.dir/float.c.obj
[dev-posix:singleimage] -- Performing EC specific devicetree checks
[veluza:rw] -- Board: it8xxx2, qualifiers: it81202bx
[/mnt/host/source/src/platform/ec/build/zephyr/teliks-lcov]   /mnt/host/source/src/platform/ec/build/zephyr/teliks/build-ro/CMakeFiles/app.dir/mnt/host/source/src/platform/ec/build/zephyr/teliks/modules/ec/common/usb_pd_pdo.c.gcno:no functions found
[/mnt/host/source/src/platform/ec/build/zephyr/teliks-lcov] stderr:
[pujjogatwin:ro] [394/414] Building C object zephyr/kernel/CMakeFiles/kernel.dir/idle.c.obj
[/mnt/host/source/src/platform/ec/build/zephyr/kyogre-lcov] stderr:
[pujjogatwin:ro] [395/414] Building C object zephyr/kernel/CMakeFiles/kernel.dir/mailbox.c.obj
[dev-posix:singleimage] INFO: Verified 5 GPIOs, no duplicates found
[dev-posix:singleimage] INFO: Verified 2 '*-gpios' properties, all flags match.
[pujjogatwin:ro] [396/414] Building C object zephyr/kernel/CMakeFiles/kernel.dir/msg_q.c.obj
[kanix:ro] Parsing /mnt/host/source/src/platform/ec/zephyr/program/rex/Kconfig
[dev-posix:singleimage] -- Generating component manifest file
[pujjogatwin:ro] [397/414] Building C object zephyr/kernel/CMakeFiles/kernel.dir/mutex.c.obj
[pujjogatwin:ro] [398/414] Building C object zephyr/kernel/CMakeFiles/kernel.dir/queue.c.obj
[pujjogatwin:ro] [399/414] Building C object zephyr/kernel/CMakeFiles/kernel.dir/sem.c.obj
[pujjogatwin:ro] [400/414] Building C object zephyr/kernel/CMakeFiles/kernel.dir/stack.c.obj
[pujjogatwin:ro] [401/414] Building C object zephyr/kernel/CMakeFiles/kernel.dir/system_work_q.c.obj
[/mnt/host/source/src/platform/ec/build/zephyr/kyogre-lcov]   /mnt/host/source/src/platform/ec/build/zephyr/kyogre/build-ro/modules/ec/zephyr/CMakeFiles/ec_shim.dir/shim/src/power.c.gcno:no functions found
[/mnt/host/source/src/platform/ec/build/zephyr/kyogre-lcov] stderr:
[dev-posix:singleimage] INFO: Skipped 0 named-gpios children.
[dev-posix:singleimage] INFO: Running CME, outputting to /mnt/host/source/src/platform/ec/build/zephyr/dev-posix/build-singleimage/zephyr/component_manifest.json
[dev-posix:singleimage] INFO: Project dev-posix does not support SSFC
[dev-posix:singleimage] INFO: Component tcpci-mux-c0(cros-ec,usbc-mux-tcpci) not on I2C bus, skip it
[dev-posix:singleimage] INFO: Component virtual-mux-c0(cros-ec,usbc-mux-virtual) not on I2C bus, skip it
[dev-posix:singleimage] INFO: No motionsense-sensor node found
[kanix:rw] Loaded configuration '/mnt/host/source/src/platform/ec/zephyr/boards/google/npcx9/npcx9_npcx9m7f_defconfig'
[kanix:rw] Merged configuration '/mnt/host/source/src/platform/ec/zephyr/program/rex/program.conf'
[kanix:rw] Merged configuration '/mnt/host/source/src/platform/ec/zephyr/program/rex/kanix/project.conf'
[kanix:rw] Merged configuration '/mnt/host/source/src/platform/ec/build/zephyr/kanix/kconfig-rw.conf'
[kanix:rw] Configuration saved to '/mnt/host/source/src/platform/ec/build/zephyr/kanix/build-rw/zephyr/.config'
[kanix:rw] Kconfig header saved to '/mnt/host/source/src/platform/ec/build/zephyr/kanix/build-rw/zephyr/include/generated/zephyr/autoconf.h'
[kanix:rw] -- Found GnuLd: /home/jpmurphy/.cache/coreboot-sdk/arm-eabi/ea40ddd1d190c3b48435c474c0b545719371813a/arm-eabi/bin/ld.bfd (found version "2.43.1")
[dev-posix:singleimage] -- warning_base_override: -Wall;-Wformat;-Wformat-security;-Wno-format-zero-length;-Wno-unused-but-set-variable;-Wno-typedef-redefinition;-Wno-deprecated-non-prototype;-Wno-pointer-sign;-Wpointer-arith;-Wno-main;-Wno-unknown-warning-option;-Wno-arm-interrupt-vfp-clobber;-Wno-extra
[/mnt/host/source/src/platform/ec/build/zephyr/kyogre-lcov]   /mnt/host/source/src/platform/ec/build/zephyr/kyogre/build-ro/modules/ec/zephyr/CMakeFiles/ec_shim.dir/shim/src/battery.c.gcno:no functions found
[/mnt/host/source/src/platform/ec/build/zephyr/kyogre-lcov] stderr:
[pujjogatwin:ro] [402/414] Building C object zephyr/kernel/CMakeFiles/kernel.dir/work.c.obj
[/mnt/host/source/src/platform/ec/build/zephyr/kyogre-lcov]   /mnt/host/source/src/platform/ec/build/zephyr/kyogre/build-ro/modules/ec/zephyr/CMakeFiles/ec_shim.dir/shim/src/charger.c.gcno:no functions found
[/mnt/host/source/src/platform/ec/build/zephyr/kyogre-lcov] stderr:
[pujjogatwin:ro] [403/414] Building C object zephyr/kernel/CMakeFiles/kernel.dir/condvar.c.obj
[kanix:rw] -- The C compiler identification is GNU 14.2.0
[pujjogatwin:ro] [404/414] Building C object zephyr/kernel/CMakeFiles/kernel.dir/thread.c.obj
[pujjogatwin:ro] [405/414] Building C object zephyr/kernel/CMakeFiles/kernel.dir/timeout.c.obj
[dev-posix:singleimage] -- Found gen_kobject_list: /mnt/host/source/src/third_party/zephyr/main/scripts/build/gen_kobject_list.py
[kanix:ro] Loaded configuration '/mnt/host/source/src/platform/ec/zephyr/boards/google/npcx9/npcx9_npcx9m7f_defconfig'
[kanix:ro] Merged configuration '/mnt/host/source/src/platform/ec/zephyr/program/rex/program.conf'
[kanix:ro] Merged configuration '/mnt/host/source/src/platform/ec/zephyr/program/rex/kanix/project.conf'
[kanix:ro] Merged configuration '/mnt/host/source/src/platform/ec/build/zephyr/kanix/kconfig-ro.conf'
[kanix:ro] Configuration saved to '/mnt/host/source/src/platform/ec/build/zephyr/kanix/build-ro/zephyr/.config'
[kanix:ro] Kconfig header saved to '/mnt/host/source/src/platform/ec/build/zephyr/kanix/build-ro/zephyr/include/generated/zephyr/autoconf.h'
[kanix:ro] -- Found GnuLd: /home/jpmurphy/.cache/coreboot-sdk/arm-eabi/ea40ddd1d190c3b48435c474c0b545719371813a/arm-eabi/bin/ld.bfd (found version "2.43.1")
[kanix:rw] -- The CXX compiler identification is GNU 14.2.0
[dev-posix:singleimage] CMake Warning at /mnt/host/source/src/third_party/zephyr/main/CMakeLists.txt:1134 (message):
[dev-posix:singleimage]   No SOURCES given to Zephyr library: drivers__syscon
[dev-posix:singleimage]   Excluding target from build.
[dev-posix:singleimage] CMake Warning at /mnt/host/source/src/third_party/zephyr/main/CMakeLists.txt:2359 (message):
[dev-posix:singleimage]   __ASSERT() statements are globally ENABLED
[pujjogatwin:ro] [406/414] Building C object zephyr/kernel/CMakeFiles/kernel.dir/thread_monitor.c.obj
[ite-aic-rtk-pdc:ro] Configuring.
[pujjogatwin:ro] [407/414] Building C object zephyr/kernel/CMakeFiles/kernel.dir/sched.c.obj
[pujjogatwin:ro] [408/414] Building C object zephyr/kernel/CMakeFiles/kernel.dir/timer.c.obj
[domika:rw] Building: /usr/bin/ninja -C /mnt/host/source/src/platform/ec/build/zephyr/domika/build-rw all.libraries
Running `env -i SHELL=/bin/bash COLORTERM=truecolor DEPOT_TOOLS_UPDATE=0 LESS='-R -M --shift 5' SUDO_GID=0 JDK_HOME=/etc/java-config-2/current-system-vm CONFIG_PROTECT_MASK='/etc/gentoo-release /etc/sandbox.d /etc/fonts/fonts.conf /etc/terminfo /etc/ca-certificates.conf /etc/revdep-rebuild' CHROMEOS_CACHEDIR=/var/cache/chromeos-cache JAVA_HOME=/etc/java-config-2/current-system-vm SSH_AUTH_SOCK=/tmp/ssh-auth-sock SUDO_COMMAND=/bin/bash SUDO_USER=root SUDO_TTY=/dev/pts/2 EDITOR=/usr/bin/vi PWD=/mnt/host/source/src/platform/ec CONFIG_PROTECT=/usr/share/gnupg/qualified.txt LOGNAME=jpmurphy MANPATH=/etc/java-config-2/current-system-vm/man:/usr/local/share/man:/usr/share/man:/usr/share/gcc-data/x86_64-pc-linux-gnu/10.2.0/man:/usr/share/binutils-data/x86_64-pc-linux-gnu/2.45/man:/etc/java-config-2/current-system-vm/man/ SUDO_HOME=/root XAUTHORITY=/run/user/944457/gdm/Xauthority HOME=/home/jpmurphy LANG=C.UTF-8 LS_COLORS='rs=0:di=01;34:ln=01;36:mh=00:pi=40;33:so=01;35:do=01;35:bd=40;33;01:cd=40;33;01:or=01;05;37;41:mi=01;05;37;41:su=37;41:sg=30;43:ca=30;41:tw=30;42:ow=34;42:st=37;44:ex=01;32:*.tar=01;31:*.tgz=01;31:*.arc=01;31:*.arj=01;31:*.taz=01;31:*.lha=01;31:*.lz4=01;31:*.lzh=01;31:*.lzma=01;31:*.tlz=01;31:*.txz=01;31:*.tzo=01;31:*.t7z=01;31:*.zip=01;31:*.z=01;31:*.dz=01;31:*.gz=01;31:*.lrz=01;31:*.lz=01;31:*.lzo=01;31:*.xz=01;31:*.zst=01;31:*.tzst=01;31:*.bz2=01;31:*.bz=01;31:*.tbz=01;31:*.tbz2=01;31:*.tz=01;31:*.deb=01;31:*.rpm=01;31:*.jar=01;31:*.war=01;31:*.ear=01;31:*.sar=01;31:*.rar=01;31:*.alz=01;31:*.ace=01;31:*.zoo=01;31:*.cpio=01;31:*.7z=01;31:*.rz=01;31:*.cab=01;31:*.wim=01;31:*.swm=01;31:*.dwm=01;31:*.esd=01;31:*.jpg=01;35:*.jpeg=01;35:*.mjpg=01;35:*.mjpeg=01;35:*.gif=01;35:*.bmp=01;35:*.pbm=01;35:*.pgm=01;35:*.ppm=01;35:*.tga=01;35:*.xbm=01;35:*.xpm=01;35:*.tif=01;35:*.tiff=01;35:*.png=01;35:*.svg=01;35:*.svgz=01;35:*.mng=01;35:*.pcx=01;35:*.mov=01;35:*.mpg=01;35:*.mpeg=01;35:*.m2v=01;35:*.mkv=01;35:*.webm=01;35:*.webp=01;35:*.ogm=01;35:*.mp4=01;35:*.m4v=01;35:*.mp4v=01;35:*.vob=01;35:*.qt=01;35:*.nuv=01;35:*.wmv=01;35:*.asf=01;35:*.rm=01;35:*.rmvb=01;35:*.flc=01;35:*.avi=01;35:*.fli=01;35:*.flv=01;35:*.gl=01;35:*.dl=01;35:*.xcf=01;35:*.xwd=01;35:*.yuv=01;35:*.cgm=01;35:*.emf=01;35:*.ogv=01;35:*.ogx=01;35:*.cfg=00;32:*.conf=00;32:*.diff=00;32:*.doc=00;32:*.ini=00;32:*.log=00;32:*.patch=00;32:*.pdf=00;32:*.ps=00;32:*.tex=00;32:*.txt=00;32:*.aac=00;36:*.au=00;36:*.flac=00;36:*.m4a=00;36:*.mid=00;36:*.midi=00;36:*.mka=00;36:*.mp3=00;36:*.mpc=00;36:*.ogg=00;36:*.ra=00;36:*.wav=00;36:*.oga=00;36:*.opus=00;36:*.spx=00;36:*.xspf=00;36:' XDG_CURRENT_DESKTOP=GNOME INFOPATH=/usr/share/info:/usr/share/gcc-data/x86_64-pc-linux-gnu/10.2.0/info:/usr/share/binutils-data/x86_64-pc-linux-gnu/2.45/info:/usr/share/automake-1.16.5/info JAVAC=/etc/java-config-2/current-system-vm/bin/javac TERM=xterm-256color LESSOPEN='|lesspipe %s' USER=jpmurphy CROS_WORKON_SRCROOT=/mnt/host/source MANPAGER=manpager DISPLAY=:1 SHLVL=1 LC_MESSAGES=C EXTERNAL_TRUNK_PATH=/mnt/8f9d649a-3721-44cc-93c0-e6bd21a9689f/chromiumos GCC_SPECS='' PATH=/mnt/host/source/chromite/bin:/usr/local/bin:/usr/bin:/bin:/opt/bin:/mnt/host/source/chromite/sdk/bin:/mnt/host/source/chromite/bin PORTAGE_USERNAME=jpmurphy SUDO_UID=0 GCC_VER=10.2.0 MAIL=/var/mail/jpmurphy OLDPWD=/mnt/host/source/src/scripts traceparent=00-e87aca51550a78635907baa6a2476181-6d684811675d2973-01 _=./zephyr/firmware_builder.py COREBOOT_SDK_ROOT_x86=/home/jpmurphy/.cache/coreboot-sdk/i386-elf/dfbb0486385d938cfa9d73080b9d18d598ed4f49 COREBOOT_SDK_ROOT_picolibc_x86=/home/jpmurphy/.cache/coreboot-sdk/picolibc-i386-elf/eb8e8e687b95461de8cbf278f1c2076952d0ad17 COREBOOT_SDK_ROOT_riscv64=/home/jpmurphy/.cache/coreboot-sdk/riscv64-elf/96b949749225b6aaa92ed810ab769e8dfb12f000 COREBOOT_SDK_ROOT_picolibc_arm=/home/jpmurphy/.cache/coreboot-sdk/picolibc-arm-eabi/422a2aa3e1ef891b5bece9a3deb696ff83840d2e COREBOOT_SDK_ROOT_nds32=/home/jpmurphy/.cache/coreboot-sdk/nds32le-elf/d1a518c4a097666d86058e1444f85ca015d15511 COREBOOT_SDK_ROOT_picolibc_riscv64=/home/jpmurphy/.cache/coreboot-sdk/picolibc-riscv64-elf/f571e990ef0278564b31124f8bb109d9a697eb69 COREBOOT_SDK_ROOT_arm=/home/jpmurphy/.cache/coreboot-sdk/arm-eabi/ea40ddd1d190c3b48435c474c0b545719371813a COREBOOT_SDK_ROOT_libstdcxx_riscv64=/home/jpmurphy/.cache/coreboot-sdk/libstdcxx-riscv64-elf/17abf22a3a252e2d5d2062ced5324f7a623689e0 COREBOOT_SDK_ROOT_libstdcxx_arm=/home/jpmurphy/.cache/coreboot-sdk/libstdcxx-arm-eabi/5d7d82e150e44aa1968f1d366e267e6687b328ac COREBOOT_SDK_ROOT_riscv=/home/jpmurphy/.cache/coreboot-sdk/riscv-elf/9a27b9e82341c6e9126624f516ab3f261abb3e73 COREBOOT_SDK_ROOT_libstdcxx_x86=/home/jpmurphy/.cache/coreboot-sdk/libstdcxx-i386-elf/42ef9d2e87a76a37963175d7d428734e65648b87 PYTHONPATH=/mnt/host/source/src/platform/ec/zephyr/zmake PW_PIGWEED_CIPD_INSTALL_DIR=/usr CROSTC_USER_ACKNOWLEDGES_THAT_RISCV_IS_EXPERIMENTAL=1 MAKEFLAGS=' -j16 --jobserver-auth=5,6' /usr/bin/ninja -C /mnt/host/source/src/platform/ec/build/zephyr/domika/build-rw all.libraries`
Running `env -i PYTHONPATH=/usr/lib64/python-exec/python3.11:/mnt/host/source/src/platform/ec/zephyr/zmake:/usr/lib/python311.zip:/usr/lib/python3.11:/usr/lib/python3.11/lib-dynload:/usr/lib/python3.11/site-packages PW_PIGWEED_CIPD_INSTALL_DIR=/usr CROSTC_USER_ACKNOWLEDGES_THAT_RISCV_IS_EXPERIMENTAL=1 PATH=/mnt/host/source/chromite/bin:/usr/local/bin:/usr/bin:/bin:/opt/bin:/mnt/host/source/chromite/sdk/bin:/mnt/host/source/chromite/bin HOME=/home/jpmurphy JAVA_HOME=/etc/java-config-2/current-system-vm JDK_HOME=/etc/java-config-2/current-system-vm JAVAC=/etc/java-config-2/current-system-vm/bin/javac MAKEFLAGS=' -j16 --jobserver-auth=5,6' /usr/bin/cmake -S /mnt/host/source/src/platform/ec/zephyr/program/ec-aic -B /mnt/host/source/src/platform/ec/build/zephyr/ite-aic-rtk-pdc/build-ro -GNinja -DCMAKE_EXPORT_COMPILE_COMMANDS=ON -DZEPHYR_BASE=/mnt/host/source/src/third_party/zephyr/main -DZMAKE_INCLUDE_DIR=/mnt/host/source/src/platform/ec/build/zephyr/ite-aic-rtk-pdc/include -DPython3_EXECUTABLE=/usr/bin/python3.11 -DDTS_ROOT=/mnt/host/source/src/platform/ec/zephyr -DSYSCALL_INCLUDE_DIRS=/mnt/host/source/src/platform/ec/zephyr/include/drivers -DUSER_CACHE_DIR=/mnt/host/source/src/platform/ec/build/zephyr/user-cache '-DEXTRA_EC_VERSION_FLAGS=--version 16543.0.0 --static' -DTOOLCHAIN_ROOT=/mnt/host/source/src/platform/ec/zephyr -DCOREBOOT_SDK_ROOT_x86=/home/jpmurphy/.cache/coreboot-sdk/i386-elf/dfbb0486385d938cfa9d73080b9d18d598ed4f49 -DCOREBOOT_SDK_ROOT_picolibc_x86=/home/jpmurphy/.cache/coreboot-sdk/picolibc-i386-elf/eb8e8e687b95461de8cbf278f1c2076952d0ad17 -DCOREBOOT_SDK_ROOT_riscv64=/home/jpmurphy/.cache/coreboot-sdk/riscv64-elf/96b949749225b6aaa92ed810ab769e8dfb12f000 -DCOREBOOT_SDK_ROOT_picolibc_arm=/home/jpmurphy/.cache/coreboot-sdk/picolibc-arm-eabi/422a2aa3e1ef891b5bece9a3deb696ff83840d2e -DCOREBOOT_SDK_ROOT_nds32=/home/jpmurphy/.cache/coreboot-sdk/nds32le-elf/d1a518c4a097666d86058e1444f85ca015d15511 -DCOREBOOT_SDK_ROOT_picolibc_riscv64=/home/jpmurphy/.cache/coreboot-sdk/picolibc-riscv64-elf/f571e990ef0278564b31124f8bb109d9a697eb69 -DCOREBOOT_SDK_ROOT_arm=/home/jpmurphy/.cache/coreboot-sdk/arm-eabi/ea40ddd1d190c3b48435c474c0b545719371813a -DCOREBOOT_SDK_ROOT_libstdcxx_riscv64=/home/jpmurphy/.cache/coreboot-sdk/libstdcxx-riscv64-elf/17abf22a3a252e2d5d2062ced5324f7a623689e0 -DCOREBOOT_SDK_ROOT_libstdcxx_arm=/home/jpmurphy/.cache/coreboot-sdk/libstdcxx-arm-eabi/5d7d82e150e44aa1968f1d366e267e6687b328ac -DCOREBOOT_SDK_ROOT_riscv=/home/jpmurphy/.cache/coreboot-sdk/riscv-elf/9a27b9e82341c6e9126624f516ab3f261abb3e73 -DCOREBOOT_SDK_ROOT_libstdcxx_x86=/home/jpmurphy/.cache/coreboot-sdk/libstdcxx-i386-elf/42ef9d2e87a76a37963175d7d428734e65648b87 -DZEPHYR_TOOLCHAIN_VARIANT=coreboot-sdk -DZEPHYR_MODULES=/mnt/host/source/src/platform/ec/build/zephyr/ite-aic-rtk-pdc/modules/ec '-DDTC_OVERLAY_FILE=/mnt/host/source/src/platform/ec/zephyr/program/ec-aic/ite-aic/project.overlay;/mnt/host/source/src/platform/ec/zephyr/program/ec-aic/ite-aic/project_pdc.overlay;/mnt/host/source/src/platform/ec/zephyr/program/ec-aic/ite-aic/project_pdc_rtk.overlay' -DBOARD=it8xxx2/it82002aw -DCMAKE_C_FLAGS=-DSECTION_IS_RO '-DCONF_FILE=/mnt/host/source/src/platform/ec/zephyr/program/ec-aic/program.conf;/mnt/host/source/src/platform/ec/zephyr/program/ec-aic/ite-aic/project.conf;/mnt/host/source/src/platform/ec/zephyr/program/ec-aic/ite-aic/project_pdc.conf;/mnt/host/source/src/platform/ec/build/zephyr/ite-aic-rtk-pdc/kconfig-ro.conf'`
[domika:rw] ninja: Entering directory `/mnt/host/source/src/platform/ec/build/zephyr/domika/build-rw'
[ite-aic-rtk-pdc:ro] Loading Zephyr default modules (Zephyr base (cached)).
[kanix:rw] -- The ASM compiler identification is GNU
[ite-aic-rtk-pdc:ro] -- Application: /mnt/host/source/src/platform/ec/zephyr/program/ec-aic
[kanix:rw] -- Found assembler: /home/jpmurphy/.cache/coreboot-sdk/arm-eabi/ea40ddd1d190c3b48435c474c0b545719371813a/bin/arm-eabi-gcc
Running (initial) lcov on /mnt/host/source/src/platform/ec/build/zephyr/lite-ish.
[pujjogatwin:ro] [409/414] Building C object zephyr/kernel/CMakeFiles/kernel.dir/pipe.c.obj
[kanix:rw] CMake Warning at /mnt/host/source/src/platform/ec/zephyr/cmake/linker/ld/linker_libraries.cmake:11 (message):
[kanix:rw]   Disabling c_library
[kanix:rw] Call Stack (most recent call first):
[kanix:rw]   /mnt/host/source/src/third_party/zephyr/main/cmake/target_toolchain_flags.cmake:48 (include)
[kanix:rw]   /mnt/host/source/src/third_party/zephyr/main/cmake/modules/kernel.cmake:153 (include)
[kanix:rw]   /mnt/host/source/src/third_party/zephyr/main/cmake/modules/zephyr_default.cmake:138 (include)
[kanix:rw]   /mnt/host/source/src/third_party/zephyr/main/share/zephyr-package/cmake/ZephyrConfig.cmake:66 (include)
[kanix:rw]   /mnt/host/source/src/third_party/zephyr/main/share/zephyr-package/cmake/ZephyrConfig.cmake:97 (include_boilerplate)
[kanix:rw]   CMakeLists.txt:6 (find_package)
[ite-aic-rtk-pdc:rw] -- Found Dtc: /usr/bin/dtc (found suitable version "1.6.0", minimum required is "1.4.6")
[dev-posix:singleimage] -- Configuring done (13.8s)
[ite-aic-rtk-pdc:rw] -- Found BOARD.dts: /mnt/host/source/src/platform/ec/zephyr/boards/google/it8xxx2/it8xxx2_it82002aw.dts
[ite-aic-rtk-pdc:rw] -- Found devicetree overlay: /mnt/host/source/src/platform/ec/zephyr/program/ec-aic/ite-aic/project.overlay
[ite-aic-rtk-pdc:rw] -- Found devicetree overlay: /mnt/host/source/src/platform/ec/zephyr/program/ec-aic/ite-aic/project_pdc.overlay
[ite-aic-rtk-pdc:rw] -- Found devicetree overlay: /mnt/host/source/src/platform/ec/zephyr/program/ec-aic/ite-aic/project_pdc_rtk.overlay
[kanix:ro] -- The C compiler identification is GNU 14.2.0
[/mnt/host/source/src/platform/ec/build/zephyr/kyogre-lcov]   /mnt/host/source/src/platform/ec/build/zephyr/kyogre/build-ro/modules/ec/zephyr/CMakeFiles/ec_shim.dir/shim/src/usb_muxes.c.gcno:no functions found
[/mnt/host/source/src/platform/ec/build/zephyr/kyogre-lcov] stderr:
[pujjogatwin:ro] [410/414] Building C object zephyr/kernel/CMakeFiles/kernel.dir/events.c.obj
[domika:ro] Building: /usr/bin/ninja -C /mnt/host/source/src/platform/ec/build/zephyr/domika/build-ro all.libraries
[pujjogatwin:ro] [411/414] Building C object zephyr/kernel/CMakeFiles/kernel.dir/poll.c.obj
Running `env -i SHELL=/bin/bash COLORTERM=truecolor DEPOT_TOOLS_UPDATE=0 LESS='-R -M --shift 5' SUDO_GID=0 JDK_HOME=/etc/java-config-2/current-system-vm CONFIG_PROTECT_MASK='/etc/gentoo-release /etc/sandbox.d /etc/fonts/fonts.conf /etc/terminfo /etc/ca-certificates.conf /etc/revdep-rebuild' CHROMEOS_CACHEDIR=/var/cache/chromeos-cache JAVA_HOME=/etc/java-config-2/current-system-vm SSH_AUTH_SOCK=/tmp/ssh-auth-sock SUDO_COMMAND=/bin/bash SUDO_USER=root SUDO_TTY=/dev/pts/2 EDITOR=/usr/bin/vi PWD=/mnt/host/source/src/platform/ec CONFIG_PROTECT=/usr/share/gnupg/qualified.txt LOGNAME=jpmurphy MANPATH=/etc/java-config-2/current-system-vm/man:/usr/local/share/man:/usr/share/man:/usr/share/gcc-data/x86_64-pc-linux-gnu/10.2.0/man:/usr/share/binutils-data/x86_64-pc-linux-gnu/2.45/man:/etc/java-config-2/current-system-vm/man/ SUDO_HOME=/root XAUTHORITY=/run/user/944457/gdm/Xauthority HOME=/home/jpmurphy LANG=C.UTF-8 LS_COLORS='rs=0:di=01;34:ln=01;36:mh=00:pi=40;33:so=01;35:do=01;35:bd=40;33;01:cd=40;33;01:or=01;05;37;41:mi=01;05;37;41:su=37;41:sg=30;43:ca=30;41:tw=30;42:ow=34;42:st=37;44:ex=01;32:*.tar=01;31:*.tgz=01;31:*.arc=01;31:*.arj=01;31:*.taz=01;31:*.lha=01;31:*.lz4=01;31:*.lzh=01;31:*.lzma=01;31:*.tlz=01;31:*.txz=01;31:*.tzo=01;31:*.t7z=01;31:*.zip=01;31:*.z=01;31:*.dz=01;31:*.gz=01;31:*.lrz=01;31:*.lz=01;31:*.lzo=01;31:*.xz=01;31:*.zst=01;31:*.tzst=01;31:*.bz2=01;31:*.bz=01;31:*.tbz=01;31:*.tbz2=01;31:*.tz=01;31:*.deb=01;31:*.rpm=01;31:*.jar=01;31:*.war=01;31:*.ear=01;31:*.sar=01;31:*.rar=01;31:*.alz=01;31:*.ace=01;31:*.zoo=01;31:*.cpio=01;31:*.7z=01;31:*.rz=01;31:*.cab=01;31:*.wim=01;31:*.swm=01;31:*.dwm=01;31:*.esd=01;31:*.jpg=01;35:*.jpeg=01;35:*.mjpg=01;35:*.mjpeg=01;35:*.gif=01;35:*.bmp=01;35:*.pbm=01;35:*.pgm=01;35:*.ppm=01;35:*.tga=01;35:*.xbm=01;35:*.xpm=01;35:*.tif=01;35:*.tiff=01;35:*.png=01;35:*.svg=01;35:*.svgz=01;35:*.mng=01;35:*.pcx=01;35:*.mov=01;35:*.mpg=01;35:*.mpeg=01;35:*.m2v=01;35:*.mkv=01;35:*.webm=01;35:*.webp=01;35:*.ogm=01;35:*.mp4=01;35:*.m4v=01;35:*.mp4v=01;35:*.vob=01;35:*.qt=01;35:*.nuv=01;35:*.wmv=01;35:*.asf=01;35:*.rm=01;35:*.rmvb=01;35:*.flc=01;35:*.avi=01;35:*.fli=01;35:*.flv=01;35:*.gl=01;35:*.dl=01;35:*.xcf=01;35:*.xwd=01;35:*.yuv=01;35:*.cgm=01;35:*.emf=01;35:*.ogv=01;35:*.ogx=01;35:*.cfg=00;32:*.conf=00;32:*.diff=00;32:*.doc=00;32:*.ini=00;32:*.log=00;32:*.patch=00;32:*.pdf=00;32:*.ps=00;32:*.tex=00;32:*.txt=00;32:*.aac=00;36:*.au=00;36:*.flac=00;36:*.m4a=00;36:*.mid=00;36:*.midi=00;36:*.mka=00;36:*.mp3=00;36:*.mpc=00;36:*.ogg=00;36:*.ra=00;36:*.wav=00;36:*.oga=00;36:*.opus=00;36:*.spx=00;36:*.xspf=00;36:' XDG_CURRENT_DESKTOP=GNOME INFOPATH=/usr/share/info:/usr/share/gcc-data/x86_64-pc-linux-gnu/10.2.0/info:/usr/share/binutils-data/x86_64-pc-linux-gnu/2.45/info:/usr/share/automake-1.16.5/info JAVAC=/etc/java-config-2/current-system-vm/bin/javac TERM=xterm-256color LESSOPEN='|lesspipe %s' USER=jpmurphy CROS_WORKON_SRCROOT=/mnt/host/source MANPAGER=manpager DISPLAY=:1 SHLVL=1 LC_MESSAGES=C EXTERNAL_TRUNK_PATH=/mnt/8f9d649a-3721-44cc-93c0-e6bd21a9689f/chromiumos GCC_SPECS='' PATH=/mnt/host/source/chromite/bin:/usr/local/bin:/usr/bin:/bin:/opt/bin:/mnt/host/source/chromite/sdk/bin:/mnt/host/source/chromite/bin PORTAGE_USERNAME=jpmurphy SUDO_UID=0 GCC_VER=10.2.0 MAIL=/var/mail/jpmurphy OLDPWD=/mnt/host/source/src/scripts traceparent=00-e87aca51550a78635907baa6a2476181-6d684811675d2973-01 _=./zephyr/firmware_builder.py COREBOOT_SDK_ROOT_x86=/home/jpmurphy/.cache/coreboot-sdk/i386-elf/dfbb0486385d938cfa9d73080b9d18d598ed4f49 COREBOOT_SDK_ROOT_picolibc_x86=/home/jpmurphy/.cache/coreboot-sdk/picolibc-i386-elf/eb8e8e687b95461de8cbf278f1c2076952d0ad17 COREBOOT_SDK_ROOT_riscv64=/home/jpmurphy/.cache/coreboot-sdk/riscv64-elf/96b949749225b6aaa92ed810ab769e8dfb12f000 COREBOOT_SDK_ROOT_picolibc_arm=/home/jpmurphy/.cache/coreboot-sdk/picolibc-arm-eabi/422a2aa3e1ef891b5bece9a3deb696ff83840d2e COREBOOT_SDK_ROOT_nds32=/home/jpmurphy/.cache/coreboot-sdk/nds32le-elf/d1a518c4a097666d86058e1444f85ca015d15511 COREBOOT_SDK_ROOT_picolibc_riscv64=/home/jpmurphy/.cache/coreboot-sdk/picolibc-riscv64-elf/f571e990ef0278564b31124f8bb109d9a697eb69 COREBOOT_SDK_ROOT_arm=/home/jpmurphy/.cache/coreboot-sdk/arm-eabi/ea40ddd1d190c3b48435c474c0b545719371813a COREBOOT_SDK_ROOT_libstdcxx_riscv64=/home/jpmurphy/.cache/coreboot-sdk/libstdcxx-riscv64-elf/17abf22a3a252e2d5d2062ced5324f7a623689e0 COREBOOT_SDK_ROOT_libstdcxx_arm=/home/jpmurphy/.cache/coreboot-sdk/libstdcxx-arm-eabi/5d7d82e150e44aa1968f1d366e267e6687b328ac COREBOOT_SDK_ROOT_riscv=/home/jpmurphy/.cache/coreboot-sdk/riscv-elf/9a27b9e82341c6e9126624f516ab3f261abb3e73 COREBOOT_SDK_ROOT_libstdcxx_x86=/home/jpmurphy/.cache/coreboot-sdk/libstdcxx-i386-elf/42ef9d2e87a76a37963175d7d428734e65648b87 PYTHONPATH=/mnt/host/source/src/platform/ec/zephyr/zmake PW_PIGWEED_CIPD_INSTALL_DIR=/usr CROSTC_USER_ACKNOWLEDGES_THAT_RISCV_IS_EXPERIMENTAL=1 MAKEFLAGS=' -j16 --jobserver-auth=5,6' /usr/bin/ninja -C /mnt/host/source/src/platform/ec/build/zephyr/domika/build-ro all.libraries`
[kanix:ro] -- The CXX compiler identification is GNU 14.2.0
[ite-aic-rtk-pdc:ro] -- CMake version: 3.31.7
[ite-aic-rtk-pdc:ro] -- Found Python3: /usr/bin/python3.11 (found suitable version "3.11.11", minimum required is "3.10") found components: Interpreter
[domika:ro] ninja: Entering directory `/mnt/host/source/src/platform/ec/build/zephyr/domika/build-ro'
[domika:rw] [1/382] Preparing syscall dependency handling
Running `env -i PYTHONPATH=/usr/lib64/python-exec/python3.11:/mnt/host/source/src/platform/ec/zephyr/zmake:/usr/lib/python311.zip:/usr/lib/python3.11:/usr/lib/python3.11/lib-dynload:/usr/lib/python3.11/site-packages PW_PIGWEED_CIPD_INSTALL_DIR=/usr CROSTC_USER_ACKNOWLEDGES_THAT_RISCV_IS_EXPERIMENTAL=1 PATH=/mnt/host/source/chromite/bin:/usr/local/bin:/usr/bin:/bin:/opt/bin:/mnt/host/source/chromite/sdk/bin:/mnt/host/source/chromite/bin HOME=/home/jpmurphy JAVA_HOME=/etc/java-config-2/current-system-vm JDK_HOME=/etc/java-config-2/current-system-vm JAVAC=/etc/java-config-2/current-system-vm/bin/javac MAKEFLAGS=' -j16 --jobserver-auth=5,6' /usr/bin/lcov --gcov-tool /mnt/host/source/src/platform/ec/build/zephyr/lite-ish/build-singleimage/gcov.sh -q -o - -c -d /mnt/host/source/src/platform/ec/build/zephyr/lite-ish -t lite-ish --rc branch_coverage=1 --filter range --ignore-errors inconsistent,source --ignore-errors gcov,gcov -i`
[ite-aic-rtk-pdc:ro] -- Cache files will be written to: /mnt/host/source/src/platform/ec/build/zephyr/user-cache
[ite-aic-rtk-pdc:ro] -- Zephyr version: 4.3.99 (/mnt/host/source/src/third_party/zephyr/main)
[pujjogatwin:ro] [412/414] Building C object zephyr/kernel/CMakeFiles/kernel.dir/mempool.c.obj
[kanix:ro] -- The ASM compiler identification is GNU
[domika:rw] [2/382] Generating misc/generated/syscalls_subdirs.trigger
[kanix:ro] -- Found assembler: /home/jpmurphy/.cache/coreboot-sdk/arm-eabi/ea40ddd1d190c3b48435c474c0b545719371813a/bin/arm-eabi-gcc
[veluza:rw] -- Found Dtc: /usr/bin/dtc (found suitable version "1.6.0", minimum required is "1.4.6")
[domika:ro] [1/382] Preparing syscall dependency handling
[veluza:rw] -- Found BOARD.dts: /mnt/host/source/src/platform/ec/zephyr/boards/google/it8xxx2/it8xxx2_it81202bx.dts
[veluza:rw] -- Found devicetree overlay: /mnt/host/source/src/platform/ec/zephyr/program/corsola/veluza/project.overlay
[kanix:ro] warning: Deprecated symbol I2C_ALLOW_NO_STOP_TRANSACTIONS is enabled.
[kanix:ro] CMake Warning at /mnt/host/source/src/platform/ec/zephyr/cmake/linker/ld/linker_libraries.cmake:11 (message):
[dev-posix:singleimage] -- Generating done (0.4s)
[dev-posix:singleimage] -- Build files have been written to: /mnt/host/source/src/platform/ec/build/zephyr/dev-posix/build-singleimage
[pujjogatwin:ro] [413/414] Building C object zephyr/kernel/CMakeFiles/kernel.dir/dynamic_disabled.c.obj
[domika:ro] [2/382] Generating misc/generated/syscalls_subdirs.trigger
[domika:rw] [3/382] Generating include/generated/zephyr/version.h
[pujjogatwin:ro] [414/414] Linking C static library zephyr/kernel/libkernel.a
[helipilot:rw] Configuring.
Running `env -i PYTHONPATH=/usr/lib64/python-exec/python3.11:/mnt/host/source/src/platform/ec/zephyr/zmake:/usr/lib/python311.zip:/usr/lib/python3.11:/usr/lib/python3.11/lib-dynload:/usr/lib/python3.11/site-packages PW_PIGWEED_CIPD_INSTALL_DIR=/usr CROSTC_USER_ACKNOWLEDGES_THAT_RISCV_IS_EXPERIMENTAL=1 PATH=/mnt/host/source/chromite/bin:/usr/local/bin:/usr/bin:/bin:/opt/bin:/mnt/host/source/chromite/sdk/bin:/mnt/host/source/chromite/bin HOME=/home/jpmurphy JAVA_HOME=/etc/java-config-2/current-system-vm JDK_HOME=/etc/java-config-2/current-system-vm JAVAC=/etc/java-config-2/current-system-vm/bin/javac MAKEFLAGS=' -j16 --jobserver-auth=5,6' /usr/bin/cmake -S /mnt/host/source/src/platform/ec/zephyr/program/fpmcu -B /mnt/host/source/src/platform/ec/build/zephyr/helipilot/build-rw -GNinja -DCMAKE_EXPORT_COMPILE_COMMANDS=ON -DZEPHYR_BASE=/mnt/host/source/src/third_party/zephyr/main -DZMAKE_INCLUDE_DIR=/mnt/host/source/src/platform/ec/build/zephyr/helipilot/include -DPython3_EXECUTABLE=/usr/bin/python3.11 -DDTS_ROOT=/mnt/host/source/src/platform/ec/zephyr -DSYSCALL_INCLUDE_DIRS=/mnt/host/source/src/platform/ec/zephyr/include/drivers -DUSER_CACHE_DIR=/mnt/host/source/src/platform/ec/build/zephyr/user-cache '-DEXTRA_EC_VERSION_FLAGS=--version 16543.0.0 --static' -DTOOLCHAIN_ROOT=/mnt/host/source/src/platform/ec/zephyr -DZEPHYR_TOOLCHAIN_VARIANT=llvm '-DZEPHYR_MODULES=/mnt/host/source/src/platform/ec/build/zephyr/helipilot/modules/ec;/mnt/host/source/src/platform/ec/build/zephyr/helipilot/modules/cmsis;/mnt/host/source/src/platform/ec/build/zephyr/helipilot/modules/cmsis_6;/mnt/host/source/src/platform/ec/build/zephyr/helipilot/modules/fpc' -DDTC_OVERLAY_FILE=/mnt/host/source/src/platform/ec/zephyr/program/fpmcu/helipilot/helipilot.dts -DBOARD=google_quincy -DCMAKE_C_FLAGS=-DSECTION_IS_RW '-DCONF_FILE=/mnt/host/source/src/platform/ec/zephyr/program/fpmcu/prj.conf;/mnt/host/source/src/platform/ec/zephyr/program/fpmcu/helipilot/prj.conf;/mnt/host/source/src/platform/ec/zephyr/program/fpmcu/helipilot/ec_quirks.conf;/mnt/host/source/src/platform/ec/build/zephyr/helipilot/kconfig-rw.conf'`
[/mnt/host/source/src/platform/ec/build/zephyr/kyogre-lcov]   /mnt/host/source/src/platform/ec/build/zephyr/kyogre/build-ro/modules/ec/zephyr/CMakeFiles/ec_shim.dir/shim/src/usba.c.gcno:no functions found
[/mnt/host/source/src/platform/ec/build/zephyr/kyogre-lcov] stderr:
[helipilot:rw] Loading Zephyr default modules (Zephyr base (cached)).
[helipilot:rw] -- Application: /mnt/host/source/src/platform/ec/zephyr/program/fpmcu
[helipilot:rw] -- CMake version: 3.31.7
[domika:rw] -- git describe warned: warning: tag 'upstream/v2.7.99' is externally known as 'v2.7.99'
[domika:rw] -- Zephyr version: 4.3.99 (/mnt/host/source/src/third_party/zephyr/main)
[domika:rw] [4/382] cd /mnt/host/source/src/platform/ec/build/zephyr/domika/build-rw/modules/ec/zephyr && PYTHONPATH=/mnt/host/source/src/platform/ec/build/zephyr/domika/modules/ec/zephyr/zmake/ /usr/bin/python3.11 /mnt/host/source/src/platform/ec/build/zephyr/domika/modules/ec/zephyr/zmake/zephyr_build_tools/generate_ec_version.py /mnt/host/source/src/platform/ec/build/zephyr/domika/build-rw/modules/ec/zephyr/include/ec_version.h --name Zephyr-Kernel --version 16543.0.0 --static
[domika:rw] INFO:root:Using a static version string
[axii:rw] Configuring.
Running `env -i PYTHONPATH=/usr/lib64/python-exec/python3.11:/mnt/host/source/src/platform/ec/zephyr/zmake:/usr/lib/python311.zip:/usr/lib/python3.11:/usr/lib/python3.11/lib-dynload:/usr/lib/python3.11/site-packages PW_PIGWEED_CIPD_INSTALL_DIR=/usr CROSTC_USER_ACKNOWLEDGES_THAT_RISCV_IS_EXPERIMENTAL=1 PATH=/mnt/host/source/chromite/bin:/usr/local/bin:/usr/bin:/bin:/opt/bin:/mnt/host/source/chromite/sdk/bin:/mnt/host/source/chromite/bin HOME=/home/jpmurphy JAVA_HOME=/etc/java-config-2/current-system-vm JDK_HOME=/etc/java-config-2/current-system-vm JAVAC=/etc/java-config-2/current-system-vm/bin/javac MAKEFLAGS=' -j16 --jobserver-auth=5,6' /usr/bin/cmake -S /mnt/host/source/src/platform/ec/zephyr/program/roach -B /mnt/host/source/src/platform/ec/build/zephyr/axii/build-rw -GNinja -DCMAKE_EXPORT_COMPILE_COMMANDS=ON -DZEPHYR_BASE=/mnt/host/source/src/third_party/zephyr/main -DZMAKE_INCLUDE_DIR=/mnt/host/source/src/platform/ec/build/zephyr/axii/include -DPython3_EXECUTABLE=/usr/bin/python3.11 -DDTS_ROOT=/mnt/host/source/src/platform/ec/zephyr -DSYSCALL_INCLUDE_DIRS=/mnt/host/source/src/platform/ec/zephyr/include/drivers -DUSER_CACHE_DIR=/mnt/host/source/src/platform/ec/build/zephyr/user-cache '-DEXTRA_EC_VERSION_FLAGS=--version 16543.0.0 --static' -DTOOLCHAIN_ROOT=/mnt/host/source/src/platform/ec/zephyr -DCOREBOOT_SDK_ROOT_x86=/home/jpmurphy/.cache/coreboot-sdk/i386-elf/dfbb0486385d938cfa9d73080b9d18d598ed4f49 -DCOREBOOT_SDK_ROOT_picolibc_x86=/home/jpmurphy/.cache/coreboot-sdk/picolibc-i386-elf/eb8e8e687b95461de8cbf278f1c2076952d0ad17 -DCOREBOOT_SDK_ROOT_riscv64=/home/jpmurphy/.cache/coreboot-sdk/riscv64-elf/96b949749225b6aaa92ed810ab769e8dfb12f000 -DCOREBOOT_SDK_ROOT_picolibc_arm=/home/jpmurphy/.cache/coreboot-sdk/picolibc-arm-eabi/422a2aa3e1ef891b5bece9a3deb696ff83840d2e -DCOREBOOT_SDK_ROOT_nds32=/home/jpmurphy/.cache/coreboot-sdk/nds32le-elf/d1a518c4a097666d86058e1444f85ca015d15511 -DCOREBOOT_SDK_ROOT_picolibc_riscv64=/home/jpmurphy/.cache/coreboot-sdk/picolibc-riscv64-elf/f571e990ef0278564b31124f8bb109d9a697eb69 -DCOREBOOT_SDK_ROOT_arm=/home/jpmurphy/.cache/coreboot-sdk/arm-eabi/ea40ddd1d190c3b48435c474c0b545719371813a -DCOREBOOT_SDK_ROOT_libstdcxx_riscv64=/home/jpmurphy/.cache/coreboot-sdk/libstdcxx-riscv64-elf/17abf22a3a252e2d5d2062ced5324f7a623689e0 -DCOREBOOT_SDK_ROOT_libstdcxx_arm=/home/jpmurphy/.cache/coreboot-sdk/libstdcxx-arm-eabi/5d7d82e150e44aa1968f1d366e267e6687b328ac -DCOREBOOT_SDK_ROOT_riscv=/home/jpmurphy/.cache/coreboot-sdk/riscv-elf/9a27b9e82341c6e9126624f516ab3f261abb3e73 -DCOREBOOT_SDK_ROOT_libstdcxx_x86=/home/jpmurphy/.cache/coreboot-sdk/libstdcxx-i386-elf/42ef9d2e87a76a37963175d7d428734e65648b87 -DZEPHYR_TOOLCHAIN_VARIANT=coreboot-sdk -DZEPHYR_MODULES=/mnt/host/source/src/platform/ec/build/zephyr/axii/modules/ec -DDTC_OVERLAY_FILE=/mnt/host/source/src/platform/ec/zephyr/program/roach/axii/project.overlay -DBOARD=it8xxx2/it82202ax/512 -DCMAKE_C_FLAGS=-DSECTION_IS_RW '-DCONF_FILE=/mnt/host/source/src/platform/ec/zephyr/program/roach/program.conf;/mnt/host/source/src/platform/ec/zephyr/program/roach/axii/project.conf;/mnt/host/source/src/platform/ec/build/zephyr/axii/kconfig-rw.conf'`
[axii:rw] -- Application: /mnt/host/source/src/platform/ec/zephyr/program/roach
[axii:rw] Loading Zephyr default modules (Zephyr base (cached)).
[domika:ro] [3/382] cd /mnt/host/source/src/platform/ec/build/zephyr/domika/build-ro/modules/ec/zephyr && PYTHONPATH=/mnt/host/source/src/platform/ec/build/zephyr/domika/modules/ec/zephyr/zmake/ /usr/bin/python3.11 /mnt/host/source/src/platform/ec/build/zephyr/domika/modules/ec/zephyr/zmake/zephyr_build_tools/generate_ec_version.py /mnt/host/source/src/platform/ec/build/zephyr/domika/build-ro/modules/ec/zephyr/include/ec_version.h --name Zephyr-Kernel --version 16543.0.0 --static
[domika:ro] INFO:root:Using a static version string
[kanix:rw] -- Performing EC specific devicetree checks
[domika:ro] INFO:root:Version string: Zephyr-Kernel-16543.0.0
[domika:ro] INFO:root:Writing header to /mnt/host/source/src/platform/ec/build/zephyr/domika/build-ro/modules/ec/zephyr/include/ec_version.h
[domika:ro] [4/382] Generating include/generated/zephyr/version.h
[caboc:rw] Configuring.
Running `env -i PYTHONPATH=/usr/lib64/python-exec/python3.11:/mnt/host/source/src/platform/ec/zephyr/zmake:/usr/lib/python311.zip:/usr/lib/python3.11:/usr/lib/python3.11/lib-dynload:/usr/lib/python3.11/site-packages PW_PIGWEED_CIPD_INSTALL_DIR=/usr CROSTC_USER_ACKNOWLEDGES_THAT_RISCV_IS_EXPERIMENTAL=1 PATH=/mnt/host/source/chromite/bin:/usr/local/bin:/usr/bin:/bin:/opt/bin:/mnt/host/source/chromite/sdk/bin:/mnt/host/source/chromite/bin HOME=/home/jpmurphy JAVA_HOME=/etc/java-config-2/current-system-vm JDK_HOME=/etc/java-config-2/current-system-vm JAVAC=/etc/java-config-2/current-system-vm/bin/javac MAKEFLAGS=' -j16 --jobserver-auth=5,6' /usr/bin/cmake -S /mnt/host/source/src/platform/ec/zephyr/program/brox -B /mnt/host/source/src/platform/ec/build/zephyr/caboc/build-rw -GNinja -DCMAKE_EXPORT_COMPILE_COMMANDS=ON -DZEPHYR_BASE=/mnt/host/source/src/third_party/zephyr/main -DZMAKE_INCLUDE_DIR=/mnt/host/source/src/platform/ec/build/zephyr/caboc/include -DPython3_EXECUTABLE=/usr/bin/python3.11 -DDTS_ROOT=/mnt/host/source/src/platform/ec/zephyr -DSYSCALL_INCLUDE_DIRS=/mnt/host/source/src/platform/ec/zephyr/include/drivers -DUSER_CACHE_DIR=/mnt/host/source/src/platform/ec/build/zephyr/user-cache '-DEXTRA_EC_VERSION_FLAGS=--version 16543.0.0 --static' -DTOOLCHAIN_ROOT=/mnt/host/source/src/platform/ec/zephyr -DCOREBOOT_SDK_ROOT_x86=/home/jpmurphy/.cache/coreboot-sdk/i386-elf/dfbb0486385d938cfa9d73080b9d18d598ed4f49 -DCOREBOOT_SDK_ROOT_picolibc_x86=/home/jpmurphy/.cache/coreboot-sdk/picolibc-i386-elf/eb8e8e687b95461de8cbf278f1c2076952d0ad17 -DCOREBOOT_SDK_ROOT_riscv64=/home/jpmurphy/.cache/coreboot-sdk/riscv64-elf/96b949749225b6aaa92ed810ab769e8dfb12f000 -DCOREBOOT_SDK_ROOT_picolibc_arm=/home/jpmurphy/.cache/coreboot-sdk/picolibc-arm-eabi/422a2aa3e1ef891b5bece9a3deb696ff83840d2e -DCOREBOOT_SDK_ROOT_nds32=/home/jpmurphy/.cache/coreboot-sdk/nds32le-elf/d1a518c4a097666d86058e1444f85ca015d15511 -DCOREBOOT_SDK_ROOT_picolibc_riscv64=/home/jpmurphy/.cache/coreboot-sdk/picolibc-riscv64-elf/f571e990ef0278564b31124f8bb109d9a697eb69 -DCOREBOOT_SDK_ROOT_arm=/home/jpmurphy/.cache/coreboot-sdk/arm-eabi/ea40ddd1d190c3b48435c474c0b545719371813a -DCOREBOOT_SDK_ROOT_libstdcxx_riscv64=/home/jpmurphy/.cache/coreboot-sdk/libstdcxx-riscv64-elf/17abf22a3a252e2d5d2062ced5324f7a623689e0 -DCOREBOOT_SDK_ROOT_libstdcxx_arm=/home/jpmurphy/.cache/coreboot-sdk/libstdcxx-arm-eabi/5d7d82e150e44aa1968f1d366e267e6687b328ac -DCOREBOOT_SDK_ROOT_riscv=/home/jpmurphy/.cache/coreboot-sdk/riscv-elf/9a27b9e82341c6e9126624f516ab3f261abb3e73 -DCOREBOOT_SDK_ROOT_libstdcxx_x86=/home/jpmurphy/.cache/coreboot-sdk/libstdcxx-i386-elf/42ef9d2e87a76a37963175d7d428734e65648b87 -DZEPHYR_TOOLCHAIN_VARIANT=coreboot-sdk -DZEPHYR_MODULES=/mnt/host/source/src/platform/ec/build/zephyr/caboc/modules/ec -DDTC_OVERLAY_FILE=/mnt/host/source/src/platform/ec/zephyr/program/brox/caboc/project.overlay -DBOARD=it8xxx2/it82002aw -DCMAKE_C_FLAGS=-DSECTION_IS_RW '-DCONF_FILE=/mnt/host/source/src/platform/ec/zephyr/program/brox/program.conf;/mnt/host/source/src/platform/ec/zephyr/program/brox/ite.conf;/mnt/host/source/src/platform/ec/zephyr/program/brox/caboc/project.conf;/mnt/host/source/src/platform/ec/zephyr/program/brox/motionsense.conf;/mnt/host/source/src/platform/ec/build/zephyr/caboc/kconfig-rw.conf'`
[caboc:rw] -- Application: /mnt/host/source/src/platform/ec/zephyr/program/brox
[caboc:rw] Loading Zephyr default modules (Zephyr base (cached)).
[helipilot:rw] -- Found Python3: /usr/bin/python3.11 (found suitable version "3.11.11", minimum required is "3.10") found components: Interpreter
[helipilot:rw] -- Cache files will be written to: /mnt/host/source/src/platform/ec/build/zephyr/user-cache
[helipilot:rw] -- Zephyr version: 4.3.99 (/mnt/host/source/src/third_party/zephyr/main)
[kanix:rw] INFO: Verified 59 GPIOs, no duplicates found
[kanix:rw] INFO: Verified 37 '*-gpios' properties, all flags match.
[kanix:rw] INFO: Skipped 12 named-gpios children.
[axii:rw] -- CMake version: 3.31.7
[axii:rw] -- Found Python3: /usr/bin/python3.11 (found suitable version "3.11.11", minimum required is "3.10") found components: Interpreter
[axii:rw] -- Cache files will be written to: /mnt/host/source/src/platform/ec/build/zephyr/user-cache
[axii:rw] -- Zephyr version: 4.3.99 (/mnt/host/source/src/third_party/zephyr/main)
[/mnt/host/source/src/platform/ec/build/zephyr/lite-ish-lcov] geninfo: WARNING: (format) invalid characters removed from testname
[kanix:ro] -- Performing EC specific devicetree checks
[/mnt/host/source/src/platform/ec/build/zephyr/lite-ish-lcov] 	(use "geninfo --ignore-errors format,format ..." to suppress this warning)
[/mnt/host/source/src/platform/ec/build/zephyr/lite-ish-lcov] geninfo: WARNING: using JSON module "JSON::PP" - which is much slower than some alternatives.  Consider installing one of JSON::XS or Cpanel::JSON::XS
[kanix:rw] -- Generating component manifest file
[caboc:rw] -- CMake version: 3.31.7
[caboc:rw] -- Found Python3: /usr/bin/python3.11 (found suitable version "3.11.11", minimum required is "3.10") found components: Interpreter
[caboc:rw] -- Cache files will be written to: /mnt/host/source/src/platform/ec/build/zephyr/user-cache
[caboc:rw] -- Zephyr version: 4.3.99 (/mnt/host/source/src/third_party/zephyr/main)
Running (initial) lcov on /mnt/host/source/src/platform/ec/build/zephyr/pujjogatwin.
[domika:rw] INFO:root:Version string: Zephyr-Kernel-16543.0.0
[domika:rw] INFO:root:Writing header to /mnt/host/source/src/platform/ec/build/zephyr/domika/build-rw/modules/ec/zephyr/include/ec_version.h
[domika:rw] [5/382] Generating misc/generated/syscalls.json, misc/generated/struct_tags.json
[kanix:ro]   Disabling c_library
[kanix:ro] Call Stack (most recent call first):
[kanix:ro]   /mnt/host/source/src/third_party/zephyr/main/cmake/target_toolchain_flags.cmake:48 (include)
[kanix:ro]   /mnt/host/source/src/third_party/zephyr/main/cmake/modules/kernel.cmake:153 (include)
[kanix:ro]   /mnt/host/source/src/third_party/zephyr/main/cmake/modules/zephyr_default.cmake:138 (include)
[kanix:ro]   /mnt/host/source/src/third_party/zephyr/main/share/zephyr-package/cmake/ZephyrConfig.cmake:66 (include)
[kanix:ro]   /mnt/host/source/src/third_party/zephyr/main/share/zephyr-package/cmake/ZephyrConfig.cmake:97 (include_boilerplate)
[kanix:ro]   CMakeLists.txt:6 (find_package)
[kanix:ro] INFO: Verified 59 GPIOs, no duplicates found
[kanix:ro] INFO: Verified 37 '*-gpios' properties, all flags match.
[kanix:ro] INFO: Skipped 12 named-gpios children.
[domika:rw] [6/382] Generating include/generated/zephyr/syscall_dispatch.c, include/generated/zephyr/syscall_exports_llext.c, syscall_weakdefs_llext.c, include/generated/zephyr/syscall_list.h
[kanix:rw] INFO: Running CME, outputting to /mnt/host/source/src/platform/ec/build/zephyr/kanix/build-rw/zephyr/component_manifest.json
[kanix:rw] INFO: Project kanix does not support SSFC
[kanix:rw] INFO: Component virtual-mux-c0(cros-ec,usbc-mux-virtual) not on I2C bus, skip it
[kanix:rw] INFO: Component virtual-mux-c1(cros-ec,usbc-mux-virtual) not on I2C bus, skip it
[kanix:rw] INFO: Component virtual-mux-c1(cros-ec,usbc-mux-virtual) not on I2C bus, skip it
[kanix:rw] INFO: Component tcpci-mux-c1(cros-ec,usbc-mux-tcpci) not on I2C bus, skip it
[kanix:rw] INFO: Component virtual-mux-c1(cros-ec,usbc-mux-virtual) not on I2C bus, skip it
[kanix:rw] INFO: Component virtual-mux-c1(cros-ec,usbc-mux-virtual) not on I2C bus, skip it
[kanix:rw] INFO: Component virtual-mux-c1(cros-ec,usbc-mux-virtual) not on I2C bus, skip it
[domika:ro] -- git describe warned: warning: tag 'upstream/v2.7.99' is externally known as 'v2.7.99'
[domika:ro] -- Zephyr version: 4.3.99 (/mnt/host/source/src/third_party/zephyr/main)
[domika:ro] [5/382] Generating misc/generated/syscalls.json, misc/generated/struct_tags.json
[ite-aic-rtk-pdc:rw] -- Generated zephyr.dts: /mnt/host/source/src/platform/ec/build/zephyr/ite-aic-rtk-pdc/build-rw/zephyr/zephyr.dts
[domika:rw] [7/382] Generating include/generated/zephyr/driver-validation.h
Running `env -i PYTHONPATH=/usr/lib64/python-exec/python3.11:/mnt/host/source/src/platform/ec/zephyr/zmake:/usr/lib/python311.zip:/usr/lib/python3.11:/usr/lib/python3.11/lib-dynload:/usr/lib/python3.11/site-packages PW_PIGWEED_CIPD_INSTALL_DIR=/usr CROSTC_USER_ACKNOWLEDGES_THAT_RISCV_IS_EXPERIMENTAL=1 PATH=/mnt/host/source/chromite/bin:/usr/local/bin:/usr/bin:/bin:/opt/bin:/mnt/host/source/chromite/sdk/bin:/mnt/host/source/chromite/bin HOME=/home/jpmurphy JAVA_HOME=/etc/java-config-2/current-system-vm JDK_HOME=/etc/java-config-2/current-system-vm JAVAC=/etc/java-config-2/current-system-vm/bin/javac MAKEFLAGS=' -j16 --jobserver-auth=5,6' /usr/bin/lcov --gcov-tool /mnt/host/source/src/platform/ec/build/zephyr/pujjogatwin/build-rw/gcov.sh -q -o - -c -d /mnt/host/source/src/platform/ec/build/zephyr/pujjogatwin -t pujjogatwin --rc branch_coverage=1 --filter range --ignore-errors inconsistent,source --ignore-errors gcov,gcov -i`
[domika:ro] [6/382] Generating include/generated/zephyr/syscall_dispatch.c, include/generated/zephyr/syscall_exports_llext.c, syscall_weakdefs_llext.c, include/generated/zephyr/syscall_list.h
[kanix:rw] -- warning_base_override: -Wall;-Wformat;-Wformat-security;-Wformat;-Wno-format-zero-length;-Wno-pointer-sign;-Wpointer-arith;-Wexpansion-to-defined
[kanix:ro] -- Generating component manifest file
[ite-aic-rtk-pdc:ro] -- Board: it8xxx2, qualifiers: it82002aw
[domika:rw] [8/382] Generating include/generated/zephyr/kobj-types-enum.h, include/generated/zephyr/otype-to-str.h, include/generated/zephyr/otype-to-size.h
[/mnt/host/source/src/platform/ec/build/zephyr/pujjocento-lcov]   /mnt/host/source/src/platform/ec/build/zephyr/pujjocento/build-rw/zephyr/drivers/sensor/CMakeFiles/drivers__sensor.dir/mnt/host/source/src/third_party/zephyr/main/misc/empty_file.c.gcno:no functions found
[/mnt/host/source/src/platform/ec/build/zephyr/pujjocento-lcov] Filter suppressions 'region':
[domika:rw] [9/382] Generating include/generated/device-api-sections.ld, include/generated/device-api-sections.cmake
[/mnt/host/source/src/platform/ec/build/zephyr/pujjocento-lcov]     41 instances
[/mnt/host/source/src/platform/ec/build/zephyr/pujjocento-lcov]     38 coverpoints
[/mnt/host/source/src/platform/ec/build/zephyr/pujjocento-lcov] Message summary:
[/mnt/host/source/src/platform/ec/build/zephyr/pujjocento-lcov]   31 ignore messages:
[/mnt/host/source/src/platform/ec/build/zephyr/pujjocento-lcov]     gcov: 31
[domika:ro] [7/382] Generating include/generated/device-api-sections.ld, include/generated/device-api-sections.cmake
[domika:ro] [8/382] Generating include/generated/zephyr/driver-validation.h
[dev-posix:singleimage] Building: /usr/bin/ninja -C /mnt/host/source/src/platform/ec/build/zephyr/dev-posix/build-singleimage all.libraries
Running `env -i SHELL=/bin/bash COLORTERM=truecolor DEPOT_TOOLS_UPDATE=0 LESS='-R -M --shift 5' SUDO_GID=0 JDK_HOME=/etc/java-config-2/current-system-vm CONFIG_PROTECT_MASK='/etc/gentoo-release /etc/sandbox.d /etc/fonts/fonts.conf /etc/terminfo /etc/ca-certificates.conf /etc/revdep-rebuild' CHROMEOS_CACHEDIR=/var/cache/chromeos-cache JAVA_HOME=/etc/java-config-2/current-system-vm SSH_AUTH_SOCK=/tmp/ssh-auth-sock SUDO_COMMAND=/bin/bash SUDO_USER=root SUDO_TTY=/dev/pts/2 EDITOR=/usr/bin/vi PWD=/mnt/host/source/src/platform/ec CONFIG_PROTECT=/usr/share/gnupg/qualified.txt LOGNAME=jpmurphy MANPATH=/etc/java-config-2/current-system-vm/man:/usr/local/share/man:/usr/share/man:/usr/share/gcc-data/x86_64-pc-linux-gnu/10.2.0/man:/usr/share/binutils-data/x86_64-pc-linux-gnu/2.45/man:/etc/java-config-2/current-system-vm/man/ SUDO_HOME=/root XAUTHORITY=/run/user/944457/gdm/Xauthority HOME=/home/jpmurphy LANG=C.UTF-8 LS_COLORS='rs=0:di=01;34:ln=01;36:mh=00:pi=40;33:so=01;35:do=01;35:bd=40;33;01:cd=40;33;01:or=01;05;37;41:mi=01;05;37;41:su=37;41:sg=30;43:ca=30;41:tw=30;42:ow=34;42:st=37;44:ex=01;32:*.tar=01;31:*.tgz=01;31:*.arc=01;31:*.arj=01;31:*.taz=01;31:*.lha=01;31:*.lz4=01;31:*.lzh=01;31:*.lzma=01;31:*.tlz=01;31:*.txz=01;31:*.tzo=01;31:*.t7z=01;31:*.zip=01;31:*.z=01;31:*.dz=01;31:*.gz=01;31:*.lrz=01;31:*.lz=01;31:*.lzo=01;31:*.xz=01;31:*.zst=01;31:*.tzst=01;31:*.bz2=01;31:*.bz=01;31:*.tbz=01;31:*.tbz2=01;31:*.tz=01;31:*.deb=01;31:*.rpm=01;31:*.jar=01;31:*.war=01;31:*.ear=01;31:*.sar=01;31:*.rar=01;31:*.alz=01;31:*.ace=01;31:*.zoo=01;31:*.cpio=01;31:*.7z=01;31:*.rz=01;31:*.cab=01;31:*.wim=01;31:*.swm=01;31:*.dwm=01;31:*.esd=01;31:*.jpg=01;35:*.jpeg=01;35:*.mjpg=01;35:*.mjpeg=01;35:*.gif=01;35:*.bmp=01;35:*.pbm=01;35:*.pgm=01;35:*.ppm=01;35:*.tga=01;35:*.xbm=01;35:*.xpm=01;35:*.tif=01;35:*.tiff=01;35:*.png=01;35:*.svg=01;35:*.svgz=01;35:*.mng=01;35:*.pcx=01;35:*.mov=01;35:*.mpg=01;35:*.mpeg=01;35:*.m2v=01;35:*.mkv=01;35:*.webm=01;35:*.webp=01;35:*.ogm=01;35:*.mp4=01;35:*.m4v=01;35:*.mp4v=01;35:*.vob=01;35:*.qt=01;35:*.nuv=01;35:*.wmv=01;35:*.asf=01;35:*.rm=01;35:*.rmvb=01;35:*.flc=01;35:*.avi=01;35:*.fli=01;35:*.flv=01;35:*.gl=01;35:*.dl=01;35:*.xcf=01;35:*.xwd=01;35:*.yuv=01;35:*.cgm=01;35:*.emf=01;35:*.ogv=01;35:*.ogx=01;35:*.cfg=00;32:*.conf=00;32:*.diff=00;32:*.doc=00;32:*.ini=00;32:*.log=00;32:*.patch=00;32:*.pdf=00;32:*.ps=00;32:*.tex=00;32:*.txt=00;32:*.aac=00;36:*.au=00;36:*.flac=00;36:*.m4a=00;36:*.mid=00;36:*.midi=00;36:*.mka=00;36:*.mp3=00;36:*.mpc=00;36:*.ogg=00;36:*.ra=00;36:*.wav=00;36:*.oga=00;36:*.opus=00;36:*.spx=00;36:*.xspf=00;36:' XDG_CURRENT_DESKTOP=GNOME INFOPATH=/usr/share/info:/usr/share/gcc-data/x86_64-pc-linux-gnu/10.2.0/info:/usr/share/binutils-data/x86_64-pc-linux-gnu/2.45/info:/usr/share/automake-1.16.5/info JAVAC=/etc/java-config-2/current-system-vm/bin/javac TERM=xterm-256color LESSOPEN='|lesspipe %s' USER=jpmurphy CROS_WORKON_SRCROOT=/mnt/host/source MANPAGER=manpager DISPLAY=:1 SHLVL=1 LC_MESSAGES=C EXTERNAL_TRUNK_PATH=/mnt/8f9d649a-3721-44cc-93c0-e6bd21a9689f/chromiumos GCC_SPECS='' PATH=/mnt/host/source/chromite/bin:/usr/local/bin:/usr/bin:/bin:/opt/bin:/mnt/host/source/chromite/sdk/bin:/mnt/host/source/chromite/bin PORTAGE_USERNAME=jpmurphy SUDO_UID=0 GCC_VER=10.2.0 MAIL=/var/mail/jpmurphy OLDPWD=/mnt/host/source/src/scripts traceparent=00-e87aca51550a78635907baa6a2476181-6d684811675d2973-01 _=./zephyr/firmware_builder.py COREBOOT_SDK_ROOT_x86=/home/jpmurphy/.cache/coreboot-sdk/i386-elf/dfbb0486385d938cfa9d73080b9d18d598ed4f49 COREBOOT_SDK_ROOT_picolibc_x86=/home/jpmurphy/.cache/coreboot-sdk/picolibc-i386-elf/eb8e8e687b95461de8cbf278f1c2076952d0ad17 COREBOOT_SDK_ROOT_riscv64=/home/jpmurphy/.cache/coreboot-sdk/riscv64-elf/96b949749225b6aaa92ed810ab769e8dfb12f000 COREBOOT_SDK_ROOT_picolibc_arm=/home/jpmurphy/.cache/coreboot-sdk/picolibc-arm-eabi/422a2aa3e1ef891b5bece9a3deb696ff83840d2e COREBOOT_SDK_ROOT_nds32=/home/jpmurphy/.cache/coreboot-sdk/nds32le-elf/d1a518c4a097666d86058e1444f85ca015d15511 COREBOOT_SDK_ROOT_picolibc_riscv64=/home/jpmurphy/.cache/coreboot-sdk/picolibc-riscv64-elf/f571e990ef0278564b31124f8bb109d9a697eb69 COREBOOT_SDK_ROOT_arm=/home/jpmurphy/.cache/coreboot-sdk/arm-eabi/ea40ddd1d190c3b48435c474c0b545719371813a COREBOOT_SDK_ROOT_libstdcxx_riscv64=/home/jpmurphy/.cache/coreboot-sdk/libstdcxx-riscv64-elf/17abf22a3a252e2d5d2062ced5324f7a623689e0 COREBOOT_SDK_ROOT_libstdcxx_arm=/home/jpmurphy/.cache/coreboot-sdk/libstdcxx-arm-eabi/5d7d82e150e44aa1968f1d366e267e6687b328ac COREBOOT_SDK_ROOT_riscv=/home/jpmurphy/.cache/coreboot-sdk/riscv-elf/9a27b9e82341c6e9126624f516ab3f261abb3e73 COREBOOT_SDK_ROOT_libstdcxx_x86=/home/jpmurphy/.cache/coreboot-sdk/libstdcxx-i386-elf/42ef9d2e87a76a37963175d7d428734e65648b87 PYTHONPATH=/mnt/host/source/src/platform/ec/zephyr/zmake PW_PIGWEED_CIPD_INSTALL_DIR=/usr CROSTC_USER_ACKNOWLEDGES_THAT_RISCV_IS_EXPERIMENTAL=1 MAKEFLAGS=' -j16 --jobserver-auth=5,6' /usr/bin/ninja -C /mnt/host/source/src/platform/ec/build/zephyr/dev-posix/build-singleimage all.libraries`
[domika:ro] [9/382] Generating include/generated/zephyr/kobj-types-enum.h, include/generated/zephyr/otype-to-str.h, include/generated/zephyr/otype-to-size.h
[dev-posix:singleimage] ninja: Entering directory `/mnt/host/source/src/platform/ec/build/zephyr/dev-posix/build-singleimage'
[ite-aic-rtk-pdc:rw] -- Generated pickled edt: /mnt/host/source/src/platform/ec/build/zephyr/ite-aic-rtk-pdc/build-rw/zephyr/edt.pickle
[ite-aic-rtk-pdc:rw] -- Generated devicetree_generated.h: /mnt/host/source/src/platform/ec/build/zephyr/ite-aic-rtk-pdc/build-rw/zephyr/include/generated/zephyr/devicetree_generated.h
[kanix:ro] INFO: Running CME, outputting to /mnt/host/source/src/platform/ec/build/zephyr/kanix/build-ro/zephyr/component_manifest.json
[kanix:ro] INFO: Project kanix does not support SSFC
[kanix:ro] INFO: Component virtual-mux-c0(cros-ec,usbc-mux-virtual) not on I2C bus, skip it
[kanix:ro] INFO: Component virtual-mux-c1(cros-ec,usbc-mux-virtual) not on I2C bus, skip it
[kanix:ro] INFO: Component virtual-mux-c1(cros-ec,usbc-mux-virtual) not on I2C bus, skip it
[kanix:ro] INFO: Component tcpci-mux-c1(cros-ec,usbc-mux-tcpci) not on I2C bus, skip it
[kanix:ro] INFO: Component virtual-mux-c1(cros-ec,usbc-mux-virtual) not on I2C bus, skip it
[kanix:ro] INFO: Component virtual-mux-c1(cros-ec,usbc-mux-virtual) not on I2C bus, skip it
[kanix:ro] INFO: Component virtual-mux-c1(cros-ec,usbc-mux-virtual) not on I2C bus, skip it
[kanix:ro] INFO: No motionsense-sensor node found
[kanix:ro] -- warning_base_override: -Wall;-Wformat;-Wformat-security;-Wformat;-Wno-format-zero-length;-Wno-pointer-sign;-Wpointer-arith;-Wexpansion-to-defined
[domika:rw] [10/382] Building C object zephyr/drivers/sensor/CMakeFiles/drivers__sensor.dir/mnt/host/source/src/third_party/zephyr/main/misc/empty_file.c.obj
[kanix:rw] -- Found gen_kobject_list: /mnt/host/source/src/third_party/zephyr/main/scripts/build/gen_kobject_list.py
[domika:rw] [11/382] Linking C static library zephyr/drivers/sensor/libdrivers__sensor.a
[kanix:rw] INFO: No motionsense-sensor node found
[kanix:rw] CMake Warning at /mnt/host/source/src/third_party/zephyr/main/CMakeLists.txt:2359 (message):
[kanix:rw]   __ASSERT() statements are globally ENABLED
[veluza:rw] node '/batteries/313_b7_32_a' compatible 'nvt,313-b7-32-a' has unknown vendor prefix 'nvt'
[kanix:ro] -- Found gen_kobject_list: /mnt/host/source/src/third_party/zephyr/main/scripts/build/gen_kobject_list.py
[helipilot:rw] -- Board: google_quincy, qualifiers: npcx9mfp
[kanix:rw] -- Configuring done (16.4s)
[domika:rw] [12/382] Building C object zephyr/CMakeFiles/offsets.dir/arch/riscv/core/offsets/offsets.c.obj
[veluza:rw] -- Generated zephyr.dts: /mnt/host/source/src/platform/ec/build/zephyr/veluza/build-rw/zephyr/zephyr.dts
[kanix:ro] CMake Warning at /mnt/host/source/src/third_party/zephyr/main/CMakeLists.txt:2359 (message):
[axii:rw] -- Board: it8xxx2, qualifiers: it82202ax/512
[domika:ro] [10/382] Building C object zephyr/CMakeFiles/offsets.dir/arch/riscv/core/offsets/offsets.c.obj
[domika:ro] [11/382] Building C object zephyr/drivers/sensor/CMakeFiles/drivers__sensor.dir/mnt/host/source/src/third_party/zephyr/main/misc/empty_file.c.obj
[kanix:ro] -- Configuring done (16.2s)
[domika:rw] [13/382] Generating include/generated/zephyr/offsets.h
[/mnt/host/source/src/platform/ec/build/zephyr/pujjogatwin-lcov] geninfo: WARNING: using JSON module "JSON::PP" - which is much slower than some alternatives.  Consider installing one of JSON::XS or Cpanel::JSON::XS
[dev-posix:singleimage] [1/256] Generating include/generated/zephyr/version.h
[dev-posix:singleimage] -- git describe warned: warning: tag 'upstream/v2.7.99' is externally known as 'v2.7.99'
[dev-posix:singleimage] -- Zephyr version: 4.3.99 (/mnt/host/source/src/third_party/zephyr/main)
[dev-posix:singleimage] [2/256] Preparing syscall dependency handling
[caboc:rw] -- Board: it8xxx2, qualifiers: it82002aw
[domika:ro] [12/382] Linking C static library zephyr/drivers/sensor/libdrivers__sensor.a
[domika:ro] [13/382] Generating include/generated/zephyr/offsets.h
[dev-posix:singleimage] [3/256] Generating misc/generated/syscalls_subdirs.trigger
[dev-posix:singleimage] [4/256] cd /mnt/host/source/src/platform/ec/build/zephyr/dev-posix/build-singleimage/modules/ec/zephyr && PYTHONPATH=/mnt/host/source/src/platform/ec/build/zephyr/dev-posix/modules/ec/zephyr/zmake/ /usr/bin/python3.11 /mnt/host/source/src/platform/ec/build/zephyr/dev-posix/modules/ec/zephyr/zmake/zephyr_build_tools/generate_ec_version.py /mnt/host/source/src/platform/ec/build/zephyr/dev-posix/build-singleimage/modules/ec/zephyr/include/ec_version.h --name Zephyr-Kernel --version 16543.0.0 --static
[dev-posix:singleimage] INFO:root:Using a static version string
[kanix:rw] -- Generating done (0.6s)
[kanix:rw] CMake Warning:
[kanix:rw]   Manually-specified variables were not used by the project:
[kanix:rw]     COREBOOT_SDK_ROOT_libstdcxx_riscv64
[kanix:rw]     COREBOOT_SDK_ROOT_libstdcxx_x86
[kanix:rw]     COREBOOT_SDK_ROOT_nds32
[kanix:rw]     COREBOOT_SDK_ROOT_picolibc_riscv64
[kanix:rw]     COREBOOT_SDK_ROOT_picolibc_x86
[kanix:rw]     COREBOOT_SDK_ROOT_riscv
[kanix:rw]     COREBOOT_SDK_ROOT_riscv64
[kanix:rw]     COREBOOT_SDK_ROOT_x86
[kanix:rw] -- Build files have been written to: /mnt/host/source/src/platform/ec/build/zephyr/kanix/build-rw
[kanix:ro] -- Generating done (0.5s)
[kanix:ro]   __ASSERT() statements are globally ENABLED
[kanix:ro] CMake Warning:
[kanix:ro] -- Build files have been written to: /mnt/host/source/src/platform/ec/build/zephyr/kanix/build-ro
[veluza:rw] -- Generated pickled edt: /mnt/host/source/src/platform/ec/build/zephyr/veluza/build-rw/zephyr/edt.pickle
[veluza:rw] -- Generated devicetree_generated.h: /mnt/host/source/src/platform/ec/build/zephyr/veluza/build-rw/zephyr/include/generated/zephyr/devicetree_generated.h
[domika:rw] [14/382] Building C object CMakeFiles/app.dir/mnt/host/source/src/platform/ec/zephyr/subsys/ap_pwrseq/ap_events.c.obj
[kanix:ro]   Manually-specified variables were not used by the project:
[kanix:ro]     COREBOOT_SDK_ROOT_libstdcxx_riscv64
[kanix:ro]     COREBOOT_SDK_ROOT_libstdcxx_x86
[kanix:ro]     COREBOOT_SDK_ROOT_nds32
[kanix:ro]     COREBOOT_SDK_ROOT_picolibc_riscv64
[kanix:ro]     COREBOOT_SDK_ROOT_picolibc_x86
[kanix:ro]     COREBOOT_SDK_ROOT_riscv
[kanix:ro]     COREBOOT_SDK_ROOT_riscv64
[kanix:ro]     COREBOOT_SDK_ROOT_x86
[ite-aic-rtk-pdc:rw] /mnt/host/source/src/platform/ec/build/zephyr/ite-aic-rtk-pdc/build-rw/zephyr/zephyr.dts:1233.27-1894.5: Warning (avoid_unnecessary_addr_size): /soc/pin-controller: unnecessary #address-cells/#size-cells without "ranges" or child "reg" property
[domika:ro] [14/382] Building C object CMakeFiles/app.dir/mnt/host/source/src/platform/ec/zephyr/subsys/ap_pwrseq/ap_events.c.obj
[/mnt/host/source/src/platform/ec/build/zephyr/kyogre-lcov]   /mnt/host/source/src/platform/ec/build/zephyr/kyogre/build-ro/modules/ec/zephyr/CMakeFiles/ec_shim.dir/shim/src/keyscan.c.gcno:no functions found
[/mnt/host/source/src/platform/ec/build/zephyr/kyogre-lcov] stderr:
[ite-aic-rtk-pdc:ro] -- Found Dtc: /usr/bin/dtc (found suitable version "1.6.0", minimum required is "1.4.6")
[ite-aic-rtk-pdc:ro] -- Found BOARD.dts: /mnt/host/source/src/platform/ec/zephyr/boards/google/it8xxx2/it8xxx2_it82002aw.dts
[ite-aic-rtk-pdc:ro] -- Found devicetree overlay: /mnt/host/source/src/platform/ec/zephyr/program/ec-aic/ite-aic/project.overlay
[ite-aic-rtk-pdc:ro] -- Found devicetree overlay: /mnt/host/source/src/platform/ec/zephyr/program/ec-aic/ite-aic/project_pdc.overlay
[ite-aic-rtk-pdc:ro] -- Found devicetree overlay: /mnt/host/source/src/platform/ec/zephyr/program/ec-aic/ite-aic/project_pdc_rtk.overlay
[dev-posix:singleimage] INFO:root:Version string: Zephyr-Kernel-16543.0.0
[dev-posix:singleimage] INFO:root:Writing header to /mnt/host/source/src/platform/ec/build/zephyr/dev-posix/build-singleimage/modules/ec/zephyr/include/ec_version.h
[dev-posix:singleimage] [5/256] Generating misc/generated/syscalls.json, misc/generated/struct_tags.json
[kaladin-ish:singleimage] Configuring.
Running `env -i PYTHONPATH=/usr/lib64/python-exec/python3.11:/mnt/host/source/src/platform/ec/zephyr/zmake:/usr/lib/python311.zip:/usr/lib/python3.11:/usr/lib/python3.11/lib-dynload:/usr/lib/python3.11/site-packages PW_PIGWEED_CIPD_INSTALL_DIR=/usr CROSTC_USER_ACKNOWLEDGES_THAT_RISCV_IS_EXPERIMENTAL=1 PATH=/mnt/host/source/chromite/bin:/usr/local/bin:/usr/bin:/bin:/opt/bin:/mnt/host/source/chromite/sdk/bin:/mnt/host/source/chromite/bin HOME=/home/jpmurphy JAVA_HOME=/etc/java-config-2/current-system-vm JDK_HOME=/etc/java-config-2/current-system-vm JAVAC=/etc/java-config-2/current-system-vm/bin/javac MAKEFLAGS=' -j16 --jobserver-auth=5,6' /usr/bin/cmake -S /mnt/host/source/src/platform/ec/zephyr/program/trulo -B /mnt/host/source/src/platform/ec/build/zephyr/kaladin-ish/build-singleimage -GNinja -DCMAKE_EXPORT_COMPILE_COMMANDS=ON -DZEPHYR_BASE=/mnt/host/source/src/third_party/zephyr/main -DZMAKE_INCLUDE_DIR=/mnt/host/source/src/platform/ec/build/zephyr/kaladin-ish/include -DPython3_EXECUTABLE=/usr/bin/python3.11 -DDTS_ROOT=/mnt/host/source/src/platform/ec/zephyr -DSYSCALL_INCLUDE_DIRS=/mnt/host/source/src/platform/ec/zephyr/include/drivers -DUSER_CACHE_DIR=/mnt/host/source/src/platform/ec/build/zephyr/user-cache -DPW_ROOT=/mnt/host/source/src/third_party/pigweed -DNANOPB_DIR=/mnt/host/source/src/third_party/zephyr/nanopb '-DEXTRA_EC_VERSION_FLAGS=--version 16543.0.0 --static' -DTOOLCHAIN_ROOT=/mnt/host/source/src/platform/ec/zephyr -DCOREBOOT_SDK_ROOT_x86=/home/jpmurphy/.cache/coreboot-sdk/i386-elf/dfbb0486385d938cfa9d73080b9d18d598ed4f49 -DCOREBOOT_SDK_ROOT_picolibc_x86=/home/jpmurphy/.cache/coreboot-sdk/picolibc-i386-elf/eb8e8e687b95461de8cbf278f1c2076952d0ad17 -DCOREBOOT_SDK_ROOT_riscv64=/home/jpmurphy/.cache/coreboot-sdk/riscv64-elf/96b949749225b6aaa92ed810ab769e8dfb12f000 -DCOREBOOT_SDK_ROOT_picolibc_arm=/home/jpmurphy/.cache/coreboot-sdk/picolibc-arm-eabi/422a2aa3e1ef891b5bece9a3deb696ff83840d2e -DCOREBOOT_SDK_ROOT_nds32=/home/jpmurphy/.cache/coreboot-sdk/nds32le-elf/d1a518c4a097666d86058e1444f85ca015d15511 -DCOREBOOT_SDK_ROOT_picolibc_riscv64=/home/jpmurphy/.cache/coreboot-sdk/picolibc-riscv64-elf/f571e990ef0278564b31124f8bb109d9a697eb69 -DCOREBOOT_SDK_ROOT_arm=/home/jpmurphy/.cache/coreboot-sdk/arm-eabi/ea40ddd1d190c3b48435c474c0b545719371813a -DCOREBOOT_SDK_ROOT_libstdcxx_riscv64=/home/jpmurphy/.cache/coreboot-sdk/libstdcxx-riscv64-elf/17abf22a3a252e2d5d2062ced5324f7a623689e0 -DCOREBOOT_SDK_ROOT_libstdcxx_arm=/home/jpmurphy/.cache/coreboot-sdk/libstdcxx-arm-eabi/5d7d82e150e44aa1968f1d366e267e6687b328ac -DCOREBOOT_SDK_ROOT_riscv=/home/jpmurphy/.cache/coreboot-sdk/riscv-elf/9a27b9e82341c6e9126624f516ab3f261abb3e73 -DCOREBOOT_SDK_ROOT_libstdcxx_x86=/home/jpmurphy/.cache/coreboot-sdk/libstdcxx-i386-elf/42ef9d2e87a76a37963175d7d428734e65648b87 -DZEPHYR_TOOLCHAIN_VARIANT=coreboot-sdk '-DZEPHYR_MODULES=/mnt/host/source/src/platform/ec/build/zephyr/kaladin-ish/modules/ec;/mnt/host/source/src/platform/ec/build/zephyr/kaladin-ish/modules/cmsis;/mnt/host/source/src/platform/ec/build/zephyr/kaladin-ish/modules/cmsis_6;/mnt/host/source/src/platform/ec/build/zephyr/kaladin-ish/modules/hal_intel_public;/mnt/host/source/src/platform/ec/build/zephyr/kaladin-ish/modules/pigweed;/mnt/host/source/src/platform/ec/build/zephyr/kaladin-ish/modules/nanopb' -DDTC_OVERLAY_FILE=/mnt/host/source/src/platform/ec/zephyr/program/trulo/kaladin-ish/project.overlay -DBOARD=intel_ish_5_4_1 '-DCONF_FILE=/mnt/host/source/src/platform/ec/zephyr/program/trulo/kaladin-ish/project.conf;/mnt/host/source/src/platform/ec/zephyr/program/trulo/dsp_comms.conf;/mnt/host/source/src/platform/ec/build/zephyr/kaladin-ish/kconfig-singleimage.conf'`
[kaladin-ish:singleimage] Loading Zephyr default modules (Zephyr base (cached)).
[kaladin-ish:singleimage] -- Application: /mnt/host/source/src/platform/ec/zephyr/program/trulo
[kaladin-ish:singleimage] -- CMake version: 3.31.7
[dev-posix:singleimage] [6/256] Generating include/generated/zephyr/syscall_dispatch.c, include/generated/zephyr/syscall_exports_llext.c, syscall_weakdefs_llext.c, include/generated/zephyr/syscall_list.h
[/mnt/host/source/src/platform/ec/build/zephyr/pujjogatwin-lcov] stderr:
[domika:ro] [15/382] Building C object CMakeFiles/app.dir/mnt/host/source/src/platform/ec/zephyr/subsys/ap_pwrseq/ap_power_interface.c.obj
[/mnt/host/source/src/platform/ec/build/zephyr/pujjogatwin-lcov]   /mnt/host/source/src/platform/ec/build/zephyr/pujjogatwin/build-ro/modules/ec/zephyr/CMakeFiles/ec_shim.dir/shim/src/thermal.c.gcno:no functions found
[/mnt/host/source/src/platform/ec/build/zephyr/pujjogatwin-lcov] stderr:
[dev-posix:singleimage] [7/256] Generating include/generated/zephyr/driver-validation.h
[kaladin-ish:singleimage] -- Found Python3: /usr/bin/python3.11 (found suitable version "3.11.11", minimum required is "3.10") found components: Interpreter
[kaladin-ish:singleimage] -- Cache files will be written to: /mnt/host/source/src/platform/ec/build/zephyr/user-cache
[kaladin-ish:singleimage] -- Zephyr version: 4.3.99 (/mnt/host/source/src/third_party/zephyr/main)
[domika:rw] [15/382] Building C object CMakeFiles/app.dir/mnt/host/source/src/platform/ec/zephyr/subsys/ap_pwrseq/power_signals.c.obj
[domika:ro] [16/382] Building C object CMakeFiles/app.dir/mnt/host/source/src/platform/ec/zephyr/subsys/ap_pwrseq/power_signals.c.obj
[domika:rw] [16/382] Building C object CMakeFiles/app.dir/mnt/host/source/src/platform/ec/zephyr/subsys/ap_pwrseq/ap_power_interface.c.obj
[helipilot:rw] -- Found Dtc: /usr/bin/dtc (found suitable version "1.6.0", minimum required is "1.4.6")
[dev-posix:singleimage] [8/256] Generating include/generated/zephyr/kobj-types-enum.h, include/generated/zephyr/otype-to-str.h, include/generated/zephyr/otype-to-size.h
[helipilot:rw] -- Found BOARD.dts: /mnt/host/source/src/third_party/zephyr/main/boards/google/quincy/google_quincy.dts
[helipilot:rw] -- Found devicetree overlay: /mnt/host/source/src/platform/ec/zephyr/program/fpmcu/helipilot/helipilot.dts
[/mnt/host/source/src/platform/ec/build/zephyr/pujjogatwin-lcov]   /mnt/host/source/src/platform/ec/build/zephyr/pujjogatwin/build-ro/modules/ec/zephyr/CMakeFiles/ec_shim.dir/shim/src/battery.c.gcno:no functions found
[/mnt/host/source/src/platform/ec/build/zephyr/pujjogatwin-lcov] stderr:
[dev-posix:singleimage] [9/256] Generating include/generated/device-api-sections.ld, include/generated/device-api-sections.cmake
[/mnt/host/source/src/platform/ec/build/zephyr/pujjogatwin-lcov]   /mnt/host/source/src/platform/ec/build/zephyr/pujjogatwin/build-ro/modules/ec/zephyr/CMakeFiles/ec_shim.dir/shim/src/charger.c.gcno:no functions found
[/mnt/host/source/src/platform/ec/build/zephyr/pujjogatwin-lcov] stderr:
[axii:rw] -- Found Dtc: /usr/bin/dtc (found suitable version "1.6.0", minimum required is "1.4.6")
[axii:rw] -- Found BOARD.dts: /mnt/host/source/src/platform/ec/zephyr/boards/google/it8xxx2/it8xxx2_it82202ax_512.dts
[axii:rw] -- Found devicetree overlay: /mnt/host/source/src/platform/ec/zephyr/program/roach/axii/project.overlay
[veluza:rw] /mnt/host/source/src/platform/ec/build/zephyr/veluza/build-rw/zephyr/zephyr.dts:1203.27-1916.5: Warning (avoid_unnecessary_addr_size): /soc/pin-controller: unnecessary #address-cells/#size-cells without "ranges" or child "reg" property
[caboc:rw] -- Found Dtc: /usr/bin/dtc (found suitable version "1.6.0", minimum required is "1.4.6")
[caboc:rw] -- Found BOARD.dts: /mnt/host/source/src/platform/ec/zephyr/boards/google/it8xxx2/it8xxx2_it82002aw.dts
[caboc:rw] -- Found devicetree overlay: /mnt/host/source/src/platform/ec/zephyr/program/brox/caboc/project.overlay
[dev-posix:singleimage] [10/256] Building C object zephyr/CMakeFiles/offsets.dir/arch/posix/core/offsets/offsets.c.obj
[domika:ro] [17/382] Building C object CMakeFiles/app.dir/mnt/host/source/src/platform/ec/zephyr/subsys/ap_pwrseq/signal_gpio.c.obj
[dev-posix:singleimage] [11/256] Generating include/generated/zephyr/offsets.h
[domika:rw] [17/382] Building C object CMakeFiles/app.dir/mnt/host/source/src/platform/ec/zephyr/subsys/ap_pwrseq/signal_gpio.c.obj
[domika:rw] [18/382] Building C object CMakeFiles/app.dir/mnt/host/source/src/platform/ec/zephyr/subsys/ap_pwrseq/signal_vw.c.obj
[domika:ro] [18/382] Building C object CMakeFiles/app.dir/mnt/host/source/src/platform/ec/zephyr/subsys/ap_pwrseq/signal_vw.c.obj
[ite-aic-rtk-pdc:ro] -- Generated zephyr.dts: /mnt/host/source/src/platform/ec/build/zephyr/ite-aic-rtk-pdc/build-ro/zephyr/zephyr.dts
[ite-aic-rtk-pdc:ro] -- Generated pickled edt: /mnt/host/source/src/platform/ec/build/zephyr/ite-aic-rtk-pdc/build-ro/zephyr/edt.pickle
[/mnt/host/source/src/platform/ec/build/zephyr/pujjogatwin-lcov]   /mnt/host/source/src/platform/ec/build/zephyr/pujjogatwin/build-ro/modules/ec/zephyr/CMakeFiles/ec_shim.dir/shim/src/usb_muxes.c.gcno:no functions found
[/mnt/host/source/src/platform/ec/build/zephyr/pujjogatwin-lcov] stderr:
[dev-posix:singleimage] [12/256] Building C object CMakeFiles/app.dir/mnt/host/source/src/platform/ec/zephyr/subsys/ap_pwrseq/ap_events.c.obj
[helipilot:rw] -- Generated zephyr.dts: /mnt/host/source/src/platform/ec/build/zephyr/helipilot/build-rw/zephyr/zephyr.dts
[helipilot:rw] -- Generated pickled edt: /mnt/host/source/src/platform/ec/build/zephyr/helipilot/build-rw/zephyr/edt.pickle
[/mnt/host/source/src/platform/ec/build/zephyr/pujjogatwin-lcov]   /mnt/host/source/src/platform/ec/build/zephyr/pujjogatwin/build-ro/modules/ec/zephyr/CMakeFiles/ec_shim.dir/shim/src/usba.c.gcno:no functions found
[/mnt/host/source/src/platform/ec/build/zephyr/pujjogatwin-lcov] stderr:
[ite-aic-rtk-pdc:ro] -- Generated devicetree_generated.h: /mnt/host/source/src/platform/ec/build/zephyr/ite-aic-rtk-pdc/build-ro/zephyr/include/generated/zephyr/devicetree_generated.h
[kaladin-ish:singleimage] -- Board: intel_ish_5_4_1, qualifiers: intel_ish_5_4_1
[axii:rw] -- Generated zephyr.dts: /mnt/host/source/src/platform/ec/build/zephyr/axii/build-rw/zephyr/zephyr.dts
[axii:rw] -- Generated pickled edt: /mnt/host/source/src/platform/ec/build/zephyr/axii/build-rw/zephyr/edt.pickle
[domika:ro] [19/382] Building C object CMakeFiles/app.dir/mnt/host/source/src/platform/ec/zephyr/subsys/ap_pwrseq/signal_adc.c.obj
[dev-posix:singleimage] [13/256] Building C object CMakeFiles/app.dir/mnt/host/source/src/platform/ec/build/zephyr/dev-posix/modules/ec/builtin/stdlib.c.obj
[domika:rw] [19/382] Building C object CMakeFiles/app.dir/mnt/host/source/src/platform/ec/zephyr/subsys/ap_pwrseq/signal_adc.c.obj
[domika:rw] [20/382] Building C object CMakeFiles/app.dir/mnt/host/source/src/platform/ec/zephyr/subsys/ap_pwrseq/power_host_sleep.c.obj
[domika:ro] [20/382] Building C object CMakeFiles/app.dir/mnt/host/source/src/platform/ec/zephyr/subsys/ap_pwrseq/power_host_sleep.c.obj
[helipilot:rw] -- Generated devicetree_generated.h: /mnt/host/source/src/platform/ec/build/zephyr/helipilot/build-rw/zephyr/include/generated/zephyr/devicetree_generated.h
[/mnt/host/source/src/platform/ec/build/zephyr/teliks-lcov]   /mnt/host/source/src/platform/ec/build/zephyr/teliks/build-ro/CMakeFiles/app.dir/mnt/host/source/src/platform/ec/build/zephyr/teliks/modules/ec/common/chargen.c.gcno:no functions found
[/mnt/host/source/src/platform/ec/build/zephyr/teliks-lcov] stderr:
[axii:rw] -- Generated devicetree_generated.h: /mnt/host/source/src/platform/ec/build/zephyr/axii/build-rw/zephyr/include/generated/zephyr/devicetree_generated.h
[dev-posix:singleimage] [14/256] Building C object CMakeFiles/app.dir/mnt/host/source/src/platform/ec/build/zephyr/dev-posix/modules/ec/common/base32.c.obj
[caboc:rw] -- Generated zephyr.dts: /mnt/host/source/src/platform/ec/build/zephyr/caboc/build-rw/zephyr/zephyr.dts
[domika:ro] [21/382] Building C object CMakeFiles/app.dir/mnt/host/source/src/platform/ec/zephyr/subsys/ap_pwrseq/x86_non_dsx_common_pwrseq_sm_handler.c.obj
[dev-posix:singleimage] [15/256] Building C object CMakeFiles/app.dir/mnt/host/source/src/platform/ec/build/zephyr/dev-posix/modules/ec/common/console_output.c.obj
[ite-aic-rtk-pdc:rw] Parsing /mnt/host/source/src/platform/ec/zephyr/program/ec-aic/Kconfig
[domika:rw] [21/382] Building C object CMakeFiles/app.dir/mnt/host/source/src/platform/ec/zephyr/subsys/ap_pwrseq/x86_non_dsx_chipset_power_state.c.obj
[domika:rw] [22/382] Building C object CMakeFiles/app.dir/mnt/host/source/src/platform/ec/zephyr/subsys/ap_pwrseq/x86_non_dsx_common_pwrseq_sm_handler.c.obj
[domika:ro] [22/382] Building C object CMakeFiles/app.dir/mnt/host/source/src/platform/ec/zephyr/subsys/ap_pwrseq/x86_non_dsx_chipset_power_state.c.obj
[ite-aic-rtk-pdc:ro] /mnt/host/source/src/platform/ec/build/zephyr/ite-aic-rtk-pdc/build-ro/zephyr/zephyr.dts:1233.27-1894.5: Warning (avoid_unnecessary_addr_size): /soc/pin-controller: unnecessary #address-cells/#size-cells without "ranges" or child "reg" property
[/mnt/host/source/src/platform/ec/build/zephyr/lite-ish-lcov] stderr:
[veluza:rw] warning: The choice symbol PLATFORM_EC_ACCELGYRO_ICM_COMM_I2C (defined at
[veluza:rw] /mnt/host/source/src/platform/ec/zephyr/Kconfig.accelgyro_icm:23) was selected (set =y), but no
[veluza:rw] symbol ended up as the choice selection. See
[veluza:rw] http://docs.zephyrproject.org/latest/kconfig.html#CONFIG_PLATFORM_EC_ACCELGYRO_ICM_COMM_I2C and/or
[veluza:rw] look up PLATFORM_EC_ACCELGYRO_ICM_COMM_I2C in the menuconfig/guiconfig interface. The Application
[veluza:rw] Development Primer, Setting Configuration Values, and Kconfig - Tips and Best Practices sections of
[veluza:rw] the manual might be helpful too.
[veluza:rw] warning: Deprecated symbol I2C_ALLOW_NO_STOP_TRANSACTIONS is enabled.
[caboc:rw] -- Generated pickled edt: /mnt/host/source/src/platform/ec/build/zephyr/caboc/build-rw/zephyr/edt.pickle
[caboc:rw] -- Generated devicetree_generated.h: /mnt/host/source/src/platform/ec/build/zephyr/caboc/build-rw/zephyr/include/generated/zephyr/devicetree_generated.h
[dev-posix:singleimage] [16/256] Building C object CMakeFiles/app.dir/mnt/host/source/src/platform/ec/build/zephyr/dev-posix/modules/ec/common/ec_features.c.obj
[/mnt/host/source/src/platform/ec/build/zephyr/lite-ish-lcov]   /mnt/host/source/src/platform/ec/build/zephyr/lite-ish/build-singleimage/CMakeFiles/app.dir/mnt/host/source/src/platform/ec/build/zephyr/lite-ish/modules/ec/common/cbi_config.c.gcno:no functions found
[/mnt/host/source/src/platform/ec/build/zephyr/lite-ish-lcov] stderr:
[domika:ro] [23/382] Building C object CMakeFiles/app.dir/mnt/host/source/src/platform/ec/zephyr/subsys/ap_pwrseq/x86_non_dsx_common_pwrseq_host_sleep.c.obj
[kaladin-ish:singleimage] -- Found Dtc: /usr/bin/dtc (found suitable version "1.6.0", minimum required is "1.4.6")
[kaladin-ish:singleimage] -- Found BOARD.dts: /mnt/host/source/src/third_party/zephyr/main/boards/intel/ish/intel_ish_5_4_1.dts
[axii:rw] /mnt/host/source/src/platform/ec/build/zephyr/axii/build-rw/zephyr/zephyr.dts:1249.27-1905.5: Warning (avoid_unnecessary_addr_size): /soc/pin-controller: unnecessary #address-cells/#size-cells without "ranges" or child "reg" property
[dev-posix:singleimage] [17/256] Building C object CMakeFiles/app.dir/mnt/host/source/src/platform/ec/build/zephyr/dev-posix/modules/ec/common/gpio_commands.c.obj
[ite-aic-rtk-pdc:rw] Loaded configuration '/mnt/host/source/src/platform/ec/zephyr/boards/google/it8xxx2/it8xxx2_it82002aw_defconfig'
[ite-aic-rtk-pdc:rw] Merged configuration '/mnt/host/source/src/platform/ec/zephyr/program/ec-aic/program.conf'
[ite-aic-rtk-pdc:rw] Merged configuration '/mnt/host/source/src/platform/ec/zephyr/program/ec-aic/ite-aic/project.conf'
[ite-aic-rtk-pdc:rw] Merged configuration '/mnt/host/source/src/platform/ec/zephyr/program/ec-aic/ite-aic/project_pdc.conf'
[ite-aic-rtk-pdc:rw] Merged configuration '/mnt/host/source/src/platform/ec/build/zephyr/ite-aic-rtk-pdc/kconfig-rw.conf'
[ite-aic-rtk-pdc:rw] Configuration saved to '/mnt/host/source/src/platform/ec/build/zephyr/ite-aic-rtk-pdc/build-rw/zephyr/.config'
[ite-aic-rtk-pdc:rw] Kconfig header saved to '/mnt/host/source/src/platform/ec/build/zephyr/ite-aic-rtk-pdc/build-rw/zephyr/include/generated/zephyr/autoconf.h'
[ite-aic-rtk-pdc:rw] -- Found GnuLd: /home/jpmurphy/.cache/coreboot-sdk/riscv64-elf/96b949749225b6aaa92ed810ab769e8dfb12f000/riscv64-elf/bin/ld.bfd (found version "2.43.1")
[domika:rw] [23/382] Building C object CMakeFiles/app.dir/mnt/host/source/src/platform/ec/zephyr/subsys/ap_pwrseq/x86_non_dsx_common_pwrseq_host_sleep.c.obj
[veluza:rw] Parsing /mnt/host/source/src/platform/ec/zephyr/program/corsola/Kconfig
[domika:ro] [24/382] Building C object CMakeFiles/app.dir/mnt/host/source/src/platform/ec/zephyr/subsys/ap_pwrseq/x86_non_dsx_common_pwrseq_console.c.obj
[domika:rw] [24/382] Building C object CMakeFiles/app.dir/mnt/host/source/src/platform/ec/zephyr/subsys/ap_pwrseq/x86_non_dsx_common_pwrseq_console.c.obj
[/mnt/host/source/src/platform/ec/build/zephyr/kyogre-lcov]   /mnt/host/source/src/platform/ec/build/zephyr/kyogre/build-ro/CMakeFiles/app.dir/mnt/host/source/src/platform/ec/build/zephyr/kyogre/modules/ec/common/usb_pd_pdo.c.gcno:no functions found
[/mnt/host/source/src/platform/ec/build/zephyr/kyogre-lcov] stderr:
[ite-aic-rtk-pdc:rw] -- The C compiler identification is GNU 14.2.0
[dev-posix:singleimage] [18/256] Building C object CMakeFiles/app.dir/mnt/host/source/src/platform/ec/build/zephyr/dev-posix/modules/ec/common/peripheral.c.obj
[kaladin-ish:singleimage] -- Found devicetree overlay: /mnt/host/source/src/platform/ec/zephyr/program/trulo/kaladin-ish/project.overlay
[kaladin-ish:singleimage] -- Generated zephyr.dts: /mnt/host/source/src/platform/ec/build/zephyr/kaladin-ish/build-singleimage/zephyr/zephyr.dts
[ite-aic-rtk-pdc:rw] -- The CXX compiler identification is GNU 14.2.0
[domika:ro] [25/382] Building C object CMakeFiles/app.dir/mnt/host/source/src/platform/ec/zephyr/subsys/ap_pwrseq/x86_non_dsx_common_pwrseq_host_command.c.obj
[ite-aic-rtk-pdc:rw] -- The ASM compiler identification is GNU
[kaladin-ish:singleimage] -- Generated pickled edt: /mnt/host/source/src/platform/ec/build/zephyr/kaladin-ish/build-singleimage/zephyr/edt.pickle
[kaladin-ish:singleimage] -- Generated devicetree_generated.h: /mnt/host/source/src/platform/ec/build/zephyr/kaladin-ish/build-singleimage/zephyr/include/generated/zephyr/devicetree_generated.h
[ite-aic-rtk-pdc:rw] warning: Deprecated symbol I2C_ALLOW_NO_STOP_TRANSACTIONS is enabled.
[ite-aic-rtk-pdc:rw] CMake Warning at /mnt/host/source/src/platform/ec/zephyr/cmake/linker/ld/linker_libraries.cmake:11 (message):
[ite-aic-rtk-pdc:rw]   Disabling c_library
[ite-aic-rtk-pdc:rw] Call Stack (most recent call first):
[ite-aic-rtk-pdc:rw]   /mnt/host/source/src/third_party/zephyr/main/cmake/target_toolchain_flags.cmake:48 (include)
[ite-aic-rtk-pdc:rw]   /mnt/host/source/src/third_party/zephyr/main/cmake/modules/kernel.cmake:153 (include)
[ite-aic-rtk-pdc:rw]   /mnt/host/source/src/third_party/zephyr/main/cmake/modules/zephyr_default.cmake:138 (include)
[ite-aic-rtk-pdc:rw]   /mnt/host/source/src/third_party/zephyr/main/share/zephyr-package/cmake/ZephyrConfig.cmake:66 (include)
[ite-aic-rtk-pdc:rw]   /mnt/host/source/src/third_party/zephyr/main/share/zephyr-package/cmake/ZephyrConfig.cmake:97 (include_boilerplate)
[ite-aic-rtk-pdc:rw]   CMakeLists.txt:6 (find_package)
[caboc:rw] /mnt/host/source/src/platform/ec/build/zephyr/caboc/build-rw/zephyr/zephyr.dts:1353.27-2079.5: Warning (avoid_unnecessary_addr_size): /soc/pin-controller: unnecessary #address-cells/#size-cells without "ranges" or child "reg" property
[domika:rw] [25/382] Building C object CMakeFiles/app.dir/mnt/host/source/src/platform/ec/zephyr/subsys/ap_pwrseq/x86_non_dsx_common_pwrseq_host_command.c.obj
[dev-posix:singleimage] [19/256] Building C object CMakeFiles/app.dir/mnt/host/source/src/platform/ec/build/zephyr/dev-posix/modules/ec/common/printf.c.obj
[/mnt/host/source/src/platform/ec/build/zephyr/pujjogatwin-lcov]   /mnt/host/source/src/platform/ec/build/zephyr/pujjogatwin/build-ro/modules/ec/zephyr/CMakeFiles/ec_shim.dir/shim/src/keyscan.c.gcno:no functions found
[/mnt/host/source/src/platform/ec/build/zephyr/pujjogatwin-lcov] stderr:
[domika:rw] [26/382] Building C object CMakeFiles/app.dir/mnt/host/source/src/platform/ec/zephyr/subsys/ap_pwrseq/x86_non_dsx_adlp_pwrseq_sm.c.obj
[domika:ro] [26/382] Building C object CMakeFiles/app.dir/mnt/host/source/src/platform/ec/zephyr/subsys/ap_pwrseq/x86_non_dsx_adlp_pwrseq_sm.c.obj
[veluza:rw] Loaded configuration '/mnt/host/source/src/platform/ec/zephyr/boards/google/it8xxx2/it8xxx2_it81202bx_defconfig'
[veluza:rw] Merged configuration '/mnt/host/source/src/platform/ec/zephyr/program/corsola/program.conf'
[veluza:rw] Merged configuration '/mnt/host/source/src/platform/ec/zephyr/program/corsola/ite_program.conf'
[veluza:rw] Merged configuration '/mnt/host/source/src/platform/ec/zephyr/program/corsola/veluza/project.conf'
[veluza:rw] Merged configuration '/mnt/host/source/src/platform/ec/build/zephyr/veluza/kconfig-rw.conf'
[veluza:rw] Configuration saved to '/mnt/host/source/src/platform/ec/build/zephyr/veluza/build-rw/zephyr/.config'
[veluza:rw] Kconfig header saved to '/mnt/host/source/src/platform/ec/build/zephyr/veluza/build-rw/zephyr/include/generated/zephyr/autoconf.h'
[veluza:rw] -- Found GnuLd: /home/jpmurphy/.cache/coreboot-sdk/riscv64-elf/96b949749225b6aaa92ed810ab769e8dfb12f000/riscv64-elf/bin/ld.bfd (found version "2.43.1")
[ite-aic-rtk-pdc:rw] -- Found assembler: /home/jpmurphy/.cache/coreboot-sdk/riscv64-elf/96b949749225b6aaa92ed810ab769e8dfb12f000/bin/riscv64-elf-gcc
[ite-aic-rtk-pdc:rw] -- Performing EC specific devicetree checks
[ite-aic-rtk-pdc:rw] INFO: Verified 2 GPIOs, no duplicates found
[ite-aic-rtk-pdc:rw] INFO: Verified 12 '*-gpios' properties, all flags match.
[veluza:rw] -- The C compiler identification is GNU 14.2.0
[dev-posix:singleimage] [20/256] Building C object CMakeFiles/app.dir/mnt/host/source/src/platform/ec/build/zephyr/dev-posix/modules/ec/common/queue.c.obj
[/mnt/host/source/src/platform/ec/build/zephyr/lite-ish-lcov]   /mnt/host/source/src/platform/ec/build/zephyr/lite-ish/build-singleimage/zephyr/arch/arch/x86/core/CMakeFiles/arch__x86__core.dir/spec_ctrl.c.gcno:no functions found
[/mnt/host/source/src/platform/ec/build/zephyr/lite-ish-lcov] stderr:
[domika:ro] [27/382] Building C object CMakeFiles/app.dir/mnt/host/source/src/platform/ec/zephyr/subsys/ap_pwrseq/ap_reset_log.c.obj
[ite-aic-rtk-pdc:rw] -- Generating component manifest file
[domika:rw] [27/382] Building C object CMakeFiles/app.dir/mnt/host/source/src/platform/ec/zephyr/subsys/ap_pwrseq/ap_reset_log.c.obj
[veluza:rw] -- The CXX compiler identification is GNU 14.2.0
[domika:rw] [28/382] Building C object CMakeFiles/app.dir/mnt/host/source/src/platform/ec/build/zephyr/domika/modules/ec/builtin/stdlib.c.obj
[domika:ro] [28/382] Building C object CMakeFiles/app.dir/mnt/host/source/src/platform/ec/build/zephyr/domika/modules/ec/builtin/stdlib.c.obj
[veluza:rw] -- The ASM compiler identification is GNU
[veluza:rw] -- Found assembler: /home/jpmurphy/.cache/coreboot-sdk/riscv64-elf/96b949749225b6aaa92ed810ab769e8dfb12f000/bin/riscv64-elf-gcc
[ite-aic-rtk-pdc:rw] INFO: Skipped 1 named-gpios children.
[ite-aic-rtk-pdc:rw] INFO: Running CME, outputting to /mnt/host/source/src/platform/ec/build/zephyr/ite-aic-rtk-pdc/build-rw/zephyr/component_manifest.json
[ite-aic-rtk-pdc:rw] INFO: Project ite-aic-rtk-pdc does not support SSFC
[ite-aic-rtk-pdc:rw] INFO: Component rts54-pdc@66(realtek,rts54-pdc) not on I2C bus, skip it
[ite-aic-rtk-pdc:rw] INFO: Component rts54-pdc@67(realtek,rts54-pdc) not on I2C bus, skip it
[veluza:rw] CMake Warning at /mnt/host/source/src/platform/ec/zephyr/cmake/linker/ld/linker_libraries.cmake:11 (message):
[dev-posix:singleimage] [21/256] Building C object CMakeFiles/app.dir/mnt/host/source/src/platform/ec/build/zephyr/dev-posix/modules/ec/common/system.c.obj
[ite-aic-rtk-pdc:rw] -- warning_base_override: -Wall;-Wformat;-Wformat-security;-Wformat;-Wno-format-zero-length;-Wno-pointer-sign;-Wpointer-arith;-Wexpansion-to-defined
[ite-aic-rtk-pdc:ro] warning: Deprecated symbol I2C_ALLOW_NO_STOP_TRANSACTIONS is enabled.
[veluza:rw] -- Performing EC specific devicetree checks
[domika:rw] [29/382] Building C object CMakeFiles/app.dir/mnt/host/source/src/platform/ec/build/zephyr/domika/modules/ec/common/base32.c.obj
[domika:ro] [29/382] Building C object CMakeFiles/app.dir/mnt/host/source/src/platform/ec/build/zephyr/domika/modules/ec/common/base32.c.obj
[dev-posix:singleimage] [22/256] Building C object CMakeFiles/app.dir/mnt/host/source/src/platform/ec/build/zephyr/dev-posix/modules/ec/common/system_boot_time.c.obj
[ite-aic-rtk-pdc:rw] -- Found gen_kobject_list: /mnt/host/source/src/third_party/zephyr/main/scripts/build/gen_kobject_list.py
[veluza:rw]   Disabling c_library
[veluza:rw] Call Stack (most recent call first):
[veluza:rw]   /mnt/host/source/src/third_party/zephyr/main/cmake/target_toolchain_flags.cmake:48 (include)
[veluza:rw]   /mnt/host/source/src/third_party/zephyr/main/cmake/modules/kernel.cmake:153 (include)
[veluza:rw]   /mnt/host/source/src/third_party/zephyr/main/cmake/modules/zephyr_default.cmake:138 (include)
[veluza:rw]   /mnt/host/source/src/third_party/zephyr/main/share/zephyr-package/cmake/ZephyrConfig.cmake:66 (include)
[veluza:rw]   /mnt/host/source/src/third_party/zephyr/main/share/zephyr-package/cmake/ZephyrConfig.cmake:97 (include_boilerplate)
[veluza:rw]   CMakeLists.txt:7 (find_package)
[veluza:rw] INFO: Verified 43 GPIOs, no duplicates found
[veluza:rw] INFO: Verified 27 '*-gpios' properties, all flags match.
[ite-aic-rtk-pdc:rw] INFO: No motionsense-sensor node found
[ite-aic-rtk-pdc:rw] CMake Warning at /mnt/host/source/src/third_party/zephyr/main/CMakeLists.txt:1134 (message):
[ite-aic-rtk-pdc:rw]   No SOURCES given to Zephyr library: drivers__syscon
[domika:rw] [30/382] Building C object CMakeFiles/app.dir/mnt/host/source/src/platform/ec/build/zephyr/domika/modules/ec/common/console_output.c.obj
[ite-aic-rtk-pdc:rw]   Excluding target from build.
[ite-aic-rtk-pdc:rw] CMake Warning at /mnt/host/source/src/third_party/zephyr/main/CMakeLists.txt:2359 (message):
[ite-aic-rtk-pdc:rw] -- Configuring done (14.4s)
[domika:ro] [30/382] Building C object CMakeFiles/app.dir/mnt/host/source/src/platform/ec/build/zephyr/domika/modules/ec/common/console_output.c.obj
[veluza:rw] -- Generating component manifest file
[dev-posix:singleimage] [23/256] Building C object CMakeFiles/app.dir/mnt/host/source/src/platform/ec/build/zephyr/dev-posix/modules/ec/common/uart_printf.c.obj
[ite-aic-rtk-pdc:ro] Parsing /mnt/host/source/src/platform/ec/zephyr/program/ec-aic/Kconfig
[veluza:rw] INFO: Skipped 0 named-gpios children.
[veluza:rw] INFO: Running CME, outputting to /mnt/host/source/src/platform/ec/build/zephyr/veluza/build-rw/zephyr/component_manifest.json
[veluza:rw] INFO: Component usbpd@f03700(ite,it8xxx2-usbpd) not on I2C bus, skip it
[veluza:rw] INFO: Component virtual-mux-0(cros-ec,usbc-mux-virtual) not on I2C bus, skip it
[veluza:rw] INFO: Component virtual-mux-1(cros-ec,usbc-mux-virtual) not on I2C bus, skip it
[veluza:rw] INFO: Component virtual-mux-1(cros-ec,usbc-mux-virtual) not on I2C bus, skip it
[helipilot:rw] Parsing /mnt/host/source/src/platform/ec/zephyr/program/fpmcu/Kconfig
[ite-aic-rtk-pdc:rw] -- Generating done (0.4s)
[ite-aic-rtk-pdc:rw]   __ASSERT() statements are globally ENABLED
[ite-aic-rtk-pdc:rw] CMake Warning:
[ite-aic-rtk-pdc:rw] -- Build files have been written to: /mnt/host/source/src/platform/ec/build/zephyr/ite-aic-rtk-pdc/build-rw
[domika:ro] [31/382] Building C object CMakeFiles/app.dir/mnt/host/source/src/platform/ec/build/zephyr/domika/modules/ec/common/ec_features.c.obj
[domika:rw] [31/382] Building C object CMakeFiles/app.dir/mnt/host/source/src/platform/ec/build/zephyr/domika/modules/ec/common/ec_features.c.obj
[dev-posix:singleimage] [24/256] Building C object CMakeFiles/app.dir/mnt/host/source/src/platform/ec/build/zephyr/dev-posix/modules/ec/common/util.c.obj
[ite-aic-rtk-pdc:rw]   Manually-specified variables were not used by the project:
[ite-aic-rtk-pdc:rw]     COREBOOT_SDK_ROOT_arm
[ite-aic-rtk-pdc:rw]     COREBOOT_SDK_ROOT_libstdcxx_arm
[ite-aic-rtk-pdc:rw]     COREBOOT_SDK_ROOT_libstdcxx_x86
[ite-aic-rtk-pdc:rw]     COREBOOT_SDK_ROOT_nds32
[ite-aic-rtk-pdc:rw]     COREBOOT_SDK_ROOT_picolibc_arm
[ite-aic-rtk-pdc:rw]     COREBOOT_SDK_ROOT_picolibc_x86
[ite-aic-rtk-pdc:rw]     COREBOOT_SDK_ROOT_riscv
[ite-aic-rtk-pdc:rw]     COREBOOT_SDK_ROOT_x86
[veluza:rw] -- warning_base_override: -Wall;-Wformat;-Wformat-security;-Wformat;-Wno-format-zero-length;-Wno-pointer-sign;-Wpointer-arith;-Wexpansion-to-defined
[domika:rw] [32/382] Building C object CMakeFiles/app.dir/mnt/host/source/src/platform/ec/build/zephyr/domika/modules/ec/common/gpio_commands.c.obj
[axii:rw] Parsing /mnt/host/source/src/platform/ec/zephyr/program/roach/Kconfig
[dev-posix:singleimage] [25/256] Building C object CMakeFiles/app.dir/mnt/host/source/src/platform/ec/build/zephyr/dev-posix/modules/ec/common/version.c.obj
[domika:ro] [32/382] Building C object CMakeFiles/app.dir/mnt/host/source/src/platform/ec/build/zephyr/domika/modules/ec/common/gpio_commands.c.obj
[caboc:rw] warning: PLATFORM_EC_SENSOR_EC_RATE_FORCE_MODE (defined at
[caboc:rw] /mnt/host/source/src/platform/ec/zephyr/Kconfig.motionsense:21) was assigned the value 'y' but got
[caboc:rw] the value 'n'. Check these unsatisfied dependencies: PLATFORM_EC_MOTIONSENSE (=n). See
[caboc:rw] http://docs.zephyrproject.org/latest/kconfig.html#CONFIG_PLATFORM_EC_SENSOR_EC_RATE_FORCE_MODE
[caboc:rw] and/or look up PLATFORM_EC_SENSOR_EC_RATE_FORCE_MODE in the menuconfig/guiconfig interface. The
[caboc:rw] Application Development Primer, Setting Configuration Values, and Kconfig - Tips and Best Practices
[caboc:rw] sections of the manual might be helpful too.
[caboc:rw] warning: PLATFORM_EC_ACCEL_FIFO (defined at
[caboc:rw] /mnt/host/source/src/platform/ec/zephyr/Kconfig.motionsense:46) was assigned the value 'y' but got
[caboc:rw] the value 'n'. Check these unsatisfied dependencies: PLATFORM_EC_MOTIONSENSE (=n). See
[caboc:rw] http://docs.zephyrproject.org/latest/kconfig.html#CONFIG_PLATFORM_EC_ACCEL_FIFO and/or look up
[caboc:rw] PLATFORM_EC_ACCEL_FIFO in the menuconfig/guiconfig interface. The Application Development Primer,
[caboc:rw] Setting Configuration Values, and Kconfig - Tips and Best Practices sections of the manual might be
[caboc:rw] helpful too.
[caboc:rw] warning: PLATFORM_EC_SENSOR_TIGHT_TIMESTAMPS (defined at
[caboc:rw] /mnt/host/source/src/platform/ec/zephyr/Kconfig.motionsense:69) was assigned the value 'y' but got
[caboc:rw] the value 'n'. Check these unsatisfied dependencies: PLATFORM_EC_MOTIONSENSE (=n). See
[caboc:rw] http://docs.zephyrproject.org/latest/kconfig.html#CONFIG_PLATFORM_EC_SENSOR_TIGHT_TIMESTAMPS and/or
[caboc:rw] look up PLATFORM_EC_SENSOR_TIGHT_TIMESTAMPS in the menuconfig/guiconfig interface. The Application
[caboc:rw] Development Primer, Setting Configuration Values, and Kconfig - Tips and Best Practices sections of
[caboc:rw] the manual might be helpful too.
[caboc:rw] warning: PLATFORM_EC_DYNAMIC_MOTION_SENSOR_COUNT (defined at
[caboc:rw] /mnt/host/source/src/platform/ec/zephyr/Kconfig.motionsense:111) was assigned the value 'y' but got
[caboc:rw] the value 'n'. Check these unsatisfied dependencies: PLATFORM_EC_MOTIONSENSE (=n). See
[caboc:rw] http://docs.zephyrproject.org/latest/kconfig.html#CONFIG_PLATFORM_EC_DYNAMIC_MOTION_SENSOR_COUNT
[caboc:rw] and/or look up PLATFORM_EC_DYNAMIC_MOTION_SENSOR_COUNT in the menuconfig/guiconfig interface. The
[caboc:rw] Application Development Primer, Setting Configuration Values, and Kconfig - Tips and Best Practices
[caboc:rw] sections of the manual might be helpful too.
[caboc:rw] warning: PLATFORM_EC_LID_ANGLE (defined at
[caboc:rw] /mnt/host/source/src/platform/ec/zephyr/Kconfig.motionsense:116) was assigned the value 'y' but got
[caboc:rw] the value 'n'. Check these unsatisfied dependencies: PLATFORM_EC_MOTIONSENSE (=n). See
[caboc:rw] http://docs.zephyrproject.org/latest/kconfig.html#CONFIG_PLATFORM_EC_LID_ANGLE and/or look up
[caboc:rw] PLATFORM_EC_LID_ANGLE in the menuconfig/guiconfig interface. The Application Development Primer,
[caboc:rw] Setting Configuration Values, and Kconfig - Tips and Best Practices sections of the manual might be
[caboc:rw] helpful too.
[caboc:rw] warning: PLATFORM_EC_LID_ANGLE_UPDATE (defined at
[caboc:rw] /mnt/host/source/src/platform/ec/zephyr/Kconfig.motionsense:127) was assigned the value 'y' but got
[caboc:rw] the value 'n'. Check these unsatisfied dependencies: PLATFORM_EC_LID_ANGLE (=n),
[caboc:rw] PLATFORM_EC_MOTIONSENSE (=n). See
[caboc:rw] http://docs.zephyrproject.org/latest/kconfig.html#CONFIG_PLATFORM_EC_LID_ANGLE_UPDATE and/or look up
[caboc:rw] PLATFORM_EC_LID_ANGLE_UPDATE in the menuconfig/guiconfig interface. The Application Development
[caboc:rw] Primer, Setting Configuration Values, and Kconfig - Tips and Best Practices sections of the manual
[caboc:rw] might be helpful too.
[caboc:rw] warning: PLATFORM_EC_CONSOLE_CMD_ACCELS (defined at
[caboc:rw] /mnt/host/source/src/platform/ec/zephyr/Kconfig.motionsense:143) was assigned the value 'y' but got
[caboc:rw] the value 'n'. Check these unsatisfied dependencies: PLATFORM_EC_MOTIONSENSE (=n). See
[caboc:rw] http://docs.zephyrproject.org/latest/kconfig.html#CONFIG_PLATFORM_EC_CONSOLE_CMD_ACCELS and/or look
[caboc:rw] up PLATFORM_EC_CONSOLE_CMD_ACCELS in the menuconfig/guiconfig interface. The Application Development
[caboc:rw] Primer, Setting Configuration Values, and Kconfig - Tips and Best Practices sections of the manual
[caboc:rw] might be helpful too.
[caboc:rw] warning: PLATFORM_EC_CONSOLE_CMD_ACCEL_INFO (defined at
[caboc:rw] /mnt/host/source/src/platform/ec/zephyr/Kconfig.motionsense:159) was assigned the value 'y' but got
[caboc:rw] the value 'n'. Check these unsatisfied dependencies: PLATFORM_EC_CONSOLE_CMD_ACCELS (=n),
[caboc:rw] PLATFORM_EC_MOTIONSENSE (=n). See
[caboc:rw] http://docs.zephyrproject.org/latest/kconfig.html#CONFIG_PLATFORM_EC_CONSOLE_CMD_ACCEL_INFO and/or
[caboc:rw] look up PLATFORM_EC_CONSOLE_CMD_ACCEL_INFO in the menuconfig/guiconfig interface. The Application
[caboc:rw] Development Primer, Setting Configuration Values, and Kconfig - Tips and Best Practices sections of
[caboc:rw] the manual might be helpful too.
[caboc:rw] warning: Deprecated symbol I2C_ALLOW_NO_STOP_TRANSACTIONS is enabled.
[veluza:rw] -- Found gen_kobject_list: /mnt/host/source/src/third_party/zephyr/main/scripts/build/gen_kobject_list.py
[ite-aic-rtk-pdc:ro] Loaded configuration '/mnt/host/source/src/platform/ec/zephyr/boards/google/it8xxx2/it8xxx2_it82002aw_defconfig'
[ite-aic-rtk-pdc:ro] Merged configuration '/mnt/host/source/src/platform/ec/zephyr/program/ec-aic/program.conf'
[ite-aic-rtk-pdc:ro] Merged configuration '/mnt/host/source/src/platform/ec/zephyr/program/ec-aic/ite-aic/project.conf'
[ite-aic-rtk-pdc:ro] Merged configuration '/mnt/host/source/src/platform/ec/zephyr/program/ec-aic/ite-aic/project_pdc.conf'
[ite-aic-rtk-pdc:ro] Merged configuration '/mnt/host/source/src/platform/ec/build/zephyr/ite-aic-rtk-pdc/kconfig-ro.conf'
[ite-aic-rtk-pdc:ro] Configuration saved to '/mnt/host/source/src/platform/ec/build/zephyr/ite-aic-rtk-pdc/build-ro/zephyr/.config'
[ite-aic-rtk-pdc:ro] Kconfig header saved to '/mnt/host/source/src/platform/ec/build/zephyr/ite-aic-rtk-pdc/build-ro/zephyr/include/generated/zephyr/autoconf.h'
[ite-aic-rtk-pdc:ro] -- Found GnuLd: /home/jpmurphy/.cache/coreboot-sdk/riscv64-elf/96b949749225b6aaa92ed810ab769e8dfb12f000/riscv64-elf/bin/ld.bfd (found version "2.43.1")
[domika:rw] [33/382] Building C object CMakeFiles/app.dir/mnt/host/source/src/platform/ec/build/zephyr/domika/modules/ec/common/peripheral.c.obj
[helipilot:rw] Loaded configuration '/mnt/host/source/src/third_party/zephyr/main/boards/google/quincy/google_quincy_defconfig'
[helipilot:rw] Merged configuration '/mnt/host/source/src/platform/ec/zephyr/program/fpmcu/prj.conf'
[helipilot:rw] Merged configuration '/mnt/host/source/src/platform/ec/zephyr/program/fpmcu/helipilot/prj.conf'
[helipilot:rw] Merged configuration '/mnt/host/source/src/platform/ec/zephyr/program/fpmcu/helipilot/ec_quirks.conf'
[helipilot:rw] Merged configuration '/mnt/host/source/src/platform/ec/build/zephyr/helipilot/kconfig-rw.conf'
[helipilot:rw] Configuration saved to '/mnt/host/source/src/platform/ec/build/zephyr/helipilot/build-rw/zephyr/.config'
[helipilot:rw] Kconfig header saved to '/mnt/host/source/src/platform/ec/build/zephyr/helipilot/build-rw/zephyr/include/generated/zephyr/autoconf.h'
[helipilot:rw] -- Found LlvmLld: /usr/bin/armv7m-cros-eabi-ld.lld (found suitable version "21.0.0", minimum required is "14.0.0")
[veluza:rw] -- Configuring done (15.4s)
[domika:ro] [33/382] Building C object CMakeFiles/app.dir/mnt/host/source/src/platform/ec/build/zephyr/domika/modules/ec/common/peripheral.c.obj
[helipilot:rw] -- The C compiler identification is Clang 21.0.0
[ite-aic-rtk-pdc:ro] -- The C compiler identification is GNU 14.2.0
[dev-posix:singleimage] [26/256] Building C object CMakeFiles/app.dir/mnt/host/source/src/platform/ec/build/zephyr/dev-posix/modules/ec/common/battery.c.obj
[domika:ro] [34/382] Building C object CMakeFiles/app.dir/mnt/host/source/src/platform/ec/build/zephyr/domika/modules/ec/common/printf.c.obj
[domika:rw] [34/382] Building C object CMakeFiles/app.dir/mnt/host/source/src/platform/ec/build/zephyr/domika/modules/ec/common/printf.c.obj
[helipilot:rw] -- The CXX compiler identification is Clang 21.0.0
[caboc:rw] Parsing /mnt/host/source/src/platform/ec/zephyr/program/brox/Kconfig
[axii:rw] Loaded configuration '/mnt/host/source/src/platform/ec/zephyr/boards/google/it8xxx2/it8xxx2_it82202ax_512_defconfig'
[axii:rw] Merged configuration '/mnt/host/source/src/platform/ec/zephyr/program/roach/program.conf'
[axii:rw] Merged configuration '/mnt/host/source/src/platform/ec/zephyr/program/roach/axii/project.conf'
[axii:rw] Merged configuration '/mnt/host/source/src/platform/ec/build/zephyr/axii/kconfig-rw.conf'
[axii:rw] Configuration saved to '/mnt/host/source/src/platform/ec/build/zephyr/axii/build-rw/zephyr/.config'
[axii:rw] Kconfig header saved to '/mnt/host/source/src/platform/ec/build/zephyr/axii/build-rw/zephyr/include/generated/zephyr/autoconf.h'
[axii:rw] -- Found GnuLd: /home/jpmurphy/.cache/coreboot-sdk/riscv64-elf/96b949749225b6aaa92ed810ab769e8dfb12f000/riscv64-elf/bin/ld.bfd (found version "2.43.1")
[helipilot:rw] -- The ASM compiler identification is Clang with GNU-like command-line
[helipilot:rw] -- Found assembler: /usr/bin/armv7m-cros-eabi-clang
[ite-aic-rtk-pdc:ro] -- The CXX compiler identification is GNU 14.2.0
[veluza:rw] -- Generating done (0.4s)
[veluza:rw] CMake Warning:
[veluza:rw]   Manually-specified variables were not used by the project:
[veluza:rw]     COREBOOT_SDK_ROOT_arm
[veluza:rw]     COREBOOT_SDK_ROOT_libstdcxx_arm
[veluza:rw]     COREBOOT_SDK_ROOT_libstdcxx_x86
[veluza:rw]     COREBOOT_SDK_ROOT_nds32
[veluza:rw]     COREBOOT_SDK_ROOT_picolibc_arm
[veluza:rw]     COREBOOT_SDK_ROOT_picolibc_x86
[veluza:rw]     COREBOOT_SDK_ROOT_riscv
[veluza:rw]     COREBOOT_SDK_ROOT_x86
[veluza:rw] -- Build files have been written to: /mnt/host/source/src/platform/ec/build/zephyr/veluza/build-rw
[domika:ro] [35/382] Building C object CMakeFiles/app.dir/mnt/host/source/src/platform/ec/build/zephyr/domika/modules/ec/common/queue.c.obj
[ite-aic-rtk-pdc:ro] -- The ASM compiler identification is GNU
[ite-aic-rtk-pdc:ro] -- Found assembler: /home/jpmurphy/.cache/coreboot-sdk/riscv64-elf/96b949749225b6aaa92ed810ab769e8dfb12f000/bin/riscv64-elf-gcc
[ite-aic-rtk-pdc:ro] CMake Warning at /mnt/host/source/src/platform/ec/zephyr/cmake/linker/ld/linker_libraries.cmake:11 (message):
[ite-aic-rtk-pdc:ro]   Disabling c_library
[ite-aic-rtk-pdc:ro] Call Stack (most recent call first):
[ite-aic-rtk-pdc:ro]   /mnt/host/source/src/third_party/zephyr/main/cmake/target_toolchain_flags.cmake:48 (include)
[/mnt/host/source/src/platform/ec/build/zephyr/teliks-lcov]   /mnt/host/source/src/platform/ec/build/zephyr/teliks/build-ro/CMakeFiles/app.dir/mnt/host/source/src/platform/ec/build/zephyr/teliks/modules/ec/common/cbi_config.c.gcno:no functions found
[/mnt/host/source/src/platform/ec/build/zephyr/teliks-lcov] stderr:
[axii:rw] -- The C compiler identification is GNU 14.2.0
[dev-posix:singleimage] [27/256] Building C object CMakeFiles/app.dir/mnt/host/source/src/platform/ec/build/zephyr/dev-posix/modules/ec/common/battery_info.c.obj
[domika:rw] [35/382] Building C object CMakeFiles/app.dir/mnt/host/source/src/platform/ec/build/zephyr/domika/modules/ec/common/queue.c.obj
[axii:rw] -- The CXX compiler identification is GNU 14.2.0
[kaladin-ish:singleimage] warning: Deprecated symbol I2C_ALLOW_NO_STOP_TRANSACTIONS is enabled.
[ite-aic-rtk-pdc:ro] -- Performing EC specific devicetree checks
[/mnt/host/source/src/platform/ec/build/zephyr/pujjogatwin-lcov]   /mnt/host/source/src/platform/ec/build/zephyr/pujjogatwin/build-ro/CMakeFiles/app.dir/mnt/host/source/src/platform/ec/build/zephyr/pujjogatwin/modules/ec/common/usb_pd_pdo.c.gcno:no functions found
[/mnt/host/source/src/platform/ec/build/zephyr/pujjogatwin-lcov] stderr:
[helipilot:rw] -- Performing EC specific devicetree checks
[axii:rw] -- The ASM compiler identification is GNU
[domika:ro] [36/382] Building C object CMakeFiles/app.dir/mnt/host/source/src/platform/ec/build/zephyr/domika/modules/ec/common/system_boot_time.c.obj
[axii:rw] warning: PLATFORM_EC_RSA_KEY_SIZE (defined at
[axii:rw] /mnt/host/source/src/platform/ec/zephyr/Kconfig.rsa:15) was assigned the value '3072' but got the
[axii:rw] value ''. Check these unsatisfied dependencies: PLATFORM_EC_RSA (=n). See
[axii:rw] http://docs.zephyrproject.org/latest/kconfig.html#CONFIG_PLATFORM_EC_RSA_KEY_SIZE and/or look up
[axii:rw] PLATFORM_EC_RSA_KEY_SIZE in the menuconfig/guiconfig interface. The Application Development Primer,
[axii:rw] Setting Configuration Values, and Kconfig - Tips and Best Practices sections of the manual might be
[axii:rw] helpful too.
[axii:rw] warning: PLATFORM_EC_USB_PAIRING (defined at
[axii:rw] /mnt/host/source/src/platform/ec/zephyr/Kconfig.usb_update:25) was assigned the value 'y' but got
[axii:rw] the value 'n'. Check these unsatisfied dependencies: PLATFORM_EC_USB_UPDATE (=n). See
[axii:rw] http://docs.zephyrproject.org/latest/kconfig.html#CONFIG_PLATFORM_EC_USB_PAIRING and/or look up
[axii:rw] PLATFORM_EC_USB_PAIRING in the menuconfig/guiconfig interface. The Application Development Primer,
[axii:rw] Setting Configuration Values, and Kconfig - Tips and Best Practices sections of the manual might be
[axii:rw] helpful too.
[axii:rw] CMake Warning at /mnt/host/source/src/platform/ec/zephyr/cmake/linker/ld/linker_libraries.cmake:11 (message):
[axii:rw]   Disabling c_library
[axii:rw] Call Stack (most recent call first):
[dev-posix:singleimage] [28/256] Building C object CMakeFiles/app.dir/mnt/host/source/src/platform/ec/build/zephyr/dev-posix/modules/ec/common/battery_fuel_gauge.c.obj
[axii:rw]   /mnt/host/source/src/third_party/zephyr/main/cmake/target_toolchain_flags.cmake:48 (include)
[domika:ro] [37/382] Building C object CMakeFiles/app.dir/mnt/host/source/src/platform/ec/build/zephyr/domika/modules/ec/common/system.c.obj
[ite-aic-rtk-pdc:ro]   /mnt/host/source/src/third_party/zephyr/main/cmake/modules/kernel.cmake:153 (include)
[ite-aic-rtk-pdc:ro]   /mnt/host/source/src/third_party/zephyr/main/cmake/modules/zephyr_default.cmake:138 (include)
[ite-aic-rtk-pdc:ro]   /mnt/host/source/src/third_party/zephyr/main/share/zephyr-package/cmake/ZephyrConfig.cmake:66 (include)
[ite-aic-rtk-pdc:ro]   /mnt/host/source/src/third_party/zephyr/main/share/zephyr-package/cmake/ZephyrConfig.cmake:97 (include_boilerplate)
[ite-aic-rtk-pdc:ro]   CMakeLists.txt:6 (find_package)
[ite-aic-rtk-pdc:ro] INFO: Verified 2 GPIOs, no duplicates found
[ite-aic-rtk-pdc:ro] INFO: Verified 12 '*-gpios' properties, all flags match.
[ite-aic-rtk-pdc:ro] INFO: Skipped 1 named-gpios children.
[domika:rw] [36/382] Building C object CMakeFiles/app.dir/mnt/host/source/src/platform/ec/build/zephyr/domika/modules/ec/common/system.c.obj
[helipilot:rw] warning: Deprecated symbol POSIX_READER_WRITER_LOCKS is enabled.
[helipilot:rw] warning: Deprecated symbol REQUIRES_STD_C99 is enabled.
[helipilot:rw] warning: Deprecated symbol REQUIRES_STD_C11 is enabled.
[helipilot:rw] warning: Deprecated symbol STD_C11 is enabled.
[helipilot:rw] INFO: Verified 7 GPIOs, no duplicates found
[helipilot:rw] INFO: Verified 3 '*-gpios' properties, all flags match.
[helipilot:rw] INFO: Skipped 1 named-gpios children.
[/mnt/host/source/src/platform/ec/build/zephyr/teliks-lcov]   /mnt/host/source/src/platform/ec/build/zephyr/teliks/build-ro/zephyr/arch/arch/riscv/core/CMakeFiles/arch__riscv__core.dir/cpu_idle.c.gcno:no functions found
[/mnt/host/source/src/platform/ec/build/zephyr/teliks-lcov] stderr:
[caboc:rw] Loaded configuration '/mnt/host/source/src/platform/ec/zephyr/boards/google/it8xxx2/it8xxx2_it82002aw_defconfig'
[caboc:rw] Merged configuration '/mnt/host/source/src/platform/ec/zephyr/program/brox/program.conf'
[caboc:rw] Merged configuration '/mnt/host/source/src/platform/ec/zephyr/program/brox/ite.conf'
[caboc:rw] Merged configuration '/mnt/host/source/src/platform/ec/zephyr/program/brox/caboc/project.conf'
[caboc:rw] Merged configuration '/mnt/host/source/src/platform/ec/zephyr/program/brox/motionsense.conf'
[caboc:rw] Merged configuration '/mnt/host/source/src/platform/ec/build/zephyr/caboc/kconfig-rw.conf'
[caboc:rw] Configuration saved to '/mnt/host/source/src/platform/ec/build/zephyr/caboc/build-rw/zephyr/.config'
[caboc:rw] Kconfig header saved to '/mnt/host/source/src/platform/ec/build/zephyr/caboc/build-rw/zephyr/include/generated/zephyr/autoconf.h'
[caboc:rw] -- Found GnuLd: /home/jpmurphy/.cache/coreboot-sdk/riscv64-elf/96b949749225b6aaa92ed810ab769e8dfb12f000/riscv64-elf/bin/ld.bfd (found version "2.43.1")
[domika:ro] [38/382] Building C object CMakeFiles/app.dir/mnt/host/source/src/platform/ec/build/zephyr/domika/modules/ec/common/uart_printf.c.obj
[ite-aic-rtk-pdc:ro] -- Generating component manifest file
[kaladin-ish:singleimage] Parsing /mnt/host/source/src/platform/ec/zephyr/program/trulo/Kconfig
[caboc:rw] -- The C compiler identification is GNU 14.2.0
[domika:ro] [39/382] Building C object CMakeFiles/app.dir/mnt/host/source/src/platform/ec/build/zephyr/domika/modules/ec/common/util.c.obj
[axii:rw] -- Found assembler: /home/jpmurphy/.cache/coreboot-sdk/riscv64-elf/96b949749225b6aaa92ed810ab769e8dfb12f000/bin/riscv64-elf-gcc
[axii:rw] -- Performing EC specific devicetree checks
[ite-aic-rtk-pdc:ro] INFO: Running CME, outputting to /mnt/host/source/src/platform/ec/build/zephyr/ite-aic-rtk-pdc/build-ro/zephyr/component_manifest.json
[ite-aic-rtk-pdc:ro] INFO: Project ite-aic-rtk-pdc does not support SSFC
[ite-aic-rtk-pdc:ro] INFO: Component rts54-pdc@66(realtek,rts54-pdc) not on I2C bus, skip it
[ite-aic-rtk-pdc:ro] INFO: Component rts54-pdc@67(realtek,rts54-pdc) not on I2C bus, skip it
[ite-aic-rtk-pdc:ro] INFO: No motionsense-sensor node found
[ite-aic-rtk-pdc:ro] -- warning_base_override: -Wall;-Wformat;-Wformat-security;-Wformat;-Wno-format-zero-length;-Wno-pointer-sign;-Wpointer-arith;-Wexpansion-to-defined
[dev-posix:singleimage] [29/256] Building C object CMakeFiles/app.dir/mnt/host/source/src/platform/ec/build/zephyr/dev-posix/modules/ec/driver/battery/smart.c.obj
[domika:rw] [37/382] Building C object CMakeFiles/app.dir/mnt/host/source/src/platform/ec/build/zephyr/domika/modules/ec/common/system_boot_time.c.obj
[/mnt/host/source/src/platform/ec/build/zephyr/lite-ish-lcov]   /mnt/host/source/src/platform/ec/build/zephyr/lite-ish/build-singleimage/zephyr/CMakeFiles/zephyr.dir/subsys/shell/modules/kernel_service/kernel_shell.c.gcno:no functions found
[/mnt/host/source/src/platform/ec/build/zephyr/lite-ish-lcov] stderr:
[axii:rw]   /mnt/host/source/src/third_party/zephyr/main/cmake/modules/kernel.cmake:153 (include)
[axii:rw]   /mnt/host/source/src/third_party/zephyr/main/cmake/modules/zephyr_default.cmake:138 (include)
[axii:rw]   /mnt/host/source/src/third_party/zephyr/main/share/zephyr-package/cmake/ZephyrConfig.cmake:66 (include)
[axii:rw]   /mnt/host/source/src/third_party/zephyr/main/share/zephyr-package/cmake/ZephyrConfig.cmake:97 (include_boilerplate)
[axii:rw]   CMakeLists.txt:7 (find_package)
[axii:rw] INFO: Verified 6 GPIOs, no duplicates found
[axii:rw] INFO: Verified 60 '*-gpios' properties, all flags match.
[axii:rw] INFO: Skipped 1 named-gpios children.
[caboc:rw] -- The CXX compiler identification is GNU 14.2.0
[caboc:rw] -- The ASM compiler identification is GNU
[caboc:rw] -- Found assembler: /home/jpmurphy/.cache/coreboot-sdk/riscv64-elf/96b949749225b6aaa92ed810ab769e8dfb12f000/bin/riscv64-elf-gcc
[caboc:rw] CMake Warning at /mnt/host/source/src/platform/ec/zephyr/cmake/linker/ld/linker_libraries.cmake:11 (message):
[caboc:rw]   Disabling c_library
[caboc:rw] Call Stack (most recent call first):
[caboc:rw]   /mnt/host/source/src/third_party/zephyr/main/cmake/target_toolchain_flags.cmake:48 (include)
[caboc:rw]   /mnt/host/source/src/third_party/zephyr/main/cmake/modules/kernel.cmake:153 (include)
[caboc:rw]   /mnt/host/source/src/third_party/zephyr/main/cmake/modules/zephyr_default.cmake:138 (include)
[caboc:rw]   /mnt/host/source/src/third_party/zephyr/main/share/zephyr-package/cmake/ZephyrConfig.cmake:66 (include)
[caboc:rw]   /mnt/host/source/src/third_party/zephyr/main/share/zephyr-package/cmake/ZephyrConfig.cmake:97 (include_boilerplate)
[caboc:rw]   CMakeLists.txt:6 (find_package)
[domika:ro] [40/382] Building C object CMakeFiles/app.dir/mnt/host/source/src/platform/ec/build/zephyr/domika/modules/ec/common/version.c.obj
[domika:rw] [38/382] Building C object CMakeFiles/app.dir/mnt/host/source/src/platform/ec/build/zephyr/domika/modules/ec/common/uart_printf.c.obj
[ite-aic-rtk-pdc:ro] -- Found gen_kobject_list: /mnt/host/source/src/third_party/zephyr/main/scripts/build/gen_kobject_list.py
[helipilot:rw] -- warning_base_override: -Wall;-Wformat;-Wformat-security;-Wno-format-zero-length;-Wno-unused-but-set-variable;-Wno-typedef-redefinition;-Wno-deprecated-non-prototype;-Wno-pointer-sign;-Wpointer-arith;-Wno-main;-Wno-unknown-warning-option;-Wno-arm-interrupt-vfp-clobber;-Wno-extra
[domika:ro] [41/382] Building C object CMakeFiles/app.dir/mnt/host/source/src/platform/ec/build/zephyr/domika/modules/ec/common/power_button_x86.c.obj
[axii:rw] -- warning_base_override: -Wall;-Wformat;-Wformat-security;-Wformat;-Wno-format-zero-length;-Wno-pointer-sign;-Wpointer-arith;-Wexpansion-to-defined
[ite-aic-rtk-pdc:ro] CMake Warning at /mnt/host/source/src/third_party/zephyr/main/CMakeLists.txt:1134 (message):
[ite-aic-rtk-pdc:ro]   No SOURCES given to Zephyr library: drivers__syscon
[ite-aic-rtk-pdc:ro]   Excluding target from build.
[ite-aic-rtk-pdc:ro] CMake Warning at /mnt/host/source/src/third_party/zephyr/main/CMakeLists.txt:2359 (message):
[ite-aic-rtk-pdc:ro]   __ASSERT() statements are globally ENABLED
[dev-posix:singleimage] [30/256] Building C object CMakeFiles/app.dir/mnt/host/source/src/platform/ec/build/zephyr/dev-posix/modules/ec/driver/bc12/pi3usb9201.c.obj
[ite-aic-rtk-pdc:ro] -- Configuring done (14.5s)
[domika:ro] [42/382] Building C object CMakeFiles/app.dir/mnt/host/source/src/platform/ec/build/zephyr/domika/modules/ec/driver/accel_bma4xx.c.obj
[helipilot:rw] CMake Warning (dev) at /usr/share/cmake/Modules/GNUInstallDirs.cmake:253 (message):
[helipilot:rw]   Unable to determine default CMAKE_INSTALL_LIBDIR directory because no
[helipilot:rw]   target architecture is known.  Please enable at least one language before
[helipilot:rw]   including GNUInstallDirs.
[helipilot:rw] Call Stack (most recent call first):
[helipilot:rw]   /mnt/host/source/src/third_party/boringssl/CMakeLists.txt:25 (include)
[helipilot:rw] This warning is for project developers.  Use -Wno-dev to suppress it.
[kaladin-ish:singleimage] INFOSetting TOOLCHAIN_HAS_PICOLIBC to support full build.
[kaladin-ish:singleimage] INFOSetting TOOLCHAIN_HAS_NEWLIB to support full build.
[axii:rw] -- Found gen_kobject_list: /mnt/host/source/src/third_party/zephyr/main/scripts/build/gen_kobject_list.py
[kaladin-ish:singleimage] Loaded configuration '/mnt/host/source/src/third_party/zephyr/main/boards/intel/ish/intel_ish_5_4_1_defconfig'
[kaladin-ish:singleimage] Merged configuration '/mnt/host/source/src/platform/ec/zephyr/program/trulo/kaladin-ish/project.conf'
[kaladin-ish:singleimage] Merged configuration '/mnt/host/source/src/platform/ec/zephyr/program/trulo/dsp_comms.conf'
[kaladin-ish:singleimage] Merged configuration '/mnt/host/source/src/platform/ec/build/zephyr/kaladin-ish/kconfig-singleimage.conf'
[kaladin-ish:singleimage] Configuration saved to '/mnt/host/source/src/platform/ec/build/zephyr/kaladin-ish/build-singleimage/zephyr/.config'
[kaladin-ish:singleimage] Kconfig header saved to '/mnt/host/source/src/platform/ec/build/zephyr/kaladin-ish/build-singleimage/zephyr/include/generated/zephyr/autoconf.h'
[kaladin-ish:singleimage] -- Found GnuLd: /home/jpmurphy/.cache/coreboot-sdk/i386-elf/dfbb0486385d938cfa9d73080b9d18d598ed4f49/i386-elf/bin/ld.bfd (found version "2.43.1")
[helipilot:rw] -- Found gen_kobject_list: /mnt/host/source/src/third_party/zephyr/main/scripts/build/gen_kobject_list.py
[axii:rw] CMake Warning at /mnt/host/source/src/third_party/zephyr/main/CMakeLists.txt:2359 (message):
[axii:rw]   __ASSERT() statements are globally ENABLED
[domika:ro] [43/382] Building C object CMakeFiles/app.dir/mnt/host/source/src/platform/ec/build/zephyr/domika/modules/ec/driver/accelgyro_bmi_common.c.obj
[domika:rw] [39/382] Building C object CMakeFiles/app.dir/mnt/host/source/src/platform/ec/build/zephyr/domika/modules/ec/common/util.c.obj
[/mnt/host/source/src/platform/ec/build/zephyr/teliks-lcov]   /mnt/host/source/src/platform/ec/build/zephyr/teliks/build-ro/zephyr/arch/common/CMakeFiles/isr_tables.dir/isr_tables.c.gcno:no functions found
[/mnt/host/source/src/platform/ec/build/zephyr/teliks-lcov] stderr:
[caboc:rw] -- Performing EC specific devicetree checks
[axii:rw] Loading Zephyr default modules (Zephyr base (cached)).
[axii:rw] -- Configuring done (14.2s)
[kaladin-ish:singleimage] -- The C compiler identification is GNU 14.2.0
[ite-aic-rtk-pdc:ro] -- Generating done (0.5s)
[ite-aic-rtk-pdc:ro] CMake Warning:
[helipilot:rw] -- Configuring done (14.3s)
[domika:rw] [40/382] Building C object CMakeFiles/app.dir/mnt/host/source/src/platform/ec/build/zephyr/domika/modules/ec/common/version.c.obj
[dev-posix:singleimage] [31/256] Building C object CMakeFiles/app.dir/mnt/host/source/src/platform/ec/build/zephyr/dev-posix/modules/ec/driver/charger/isl923x.c.obj
[caboc:rw] INFO: Verified 45 GPIOs, no duplicates found
[caboc:rw] INFO: Verified 48 '*-gpios' properties, all flags match.
[domika:ro] [44/382] Building C object CMakeFiles/app.dir/mnt/host/source/src/platform/ec/build/zephyr/domika/modules/ec/driver/accelgyro_bmi260.c.obj
[kaladin-ish:singleimage] -- The CXX compiler identification is GNU 14.2.0
[ite-aic-rtk-pdc:ro] -- Build files have been written to: /mnt/host/source/src/platform/ec/build/zephyr/ite-aic-rtk-pdc/build-ro
[ite-aic-rtk-pdc:ro]   Manually-specified variables were not used by the project:
[ite-aic-rtk-pdc:ro]     COREBOOT_SDK_ROOT_arm
[ite-aic-rtk-pdc:ro]     COREBOOT_SDK_ROOT_libstdcxx_arm
[ite-aic-rtk-pdc:ro]     COREBOOT_SDK_ROOT_libstdcxx_x86
[ite-aic-rtk-pdc:ro]     COREBOOT_SDK_ROOT_nds32
[ite-aic-rtk-pdc:ro]     COREBOOT_SDK_ROOT_picolibc_arm
[ite-aic-rtk-pdc:ro]     COREBOOT_SDK_ROOT_picolibc_x86
[ite-aic-rtk-pdc:ro]     COREBOOT_SDK_ROOT_riscv
[ite-aic-rtk-pdc:ro]     COREBOOT_SDK_ROOT_x86
[domika:ro] [45/382] Building C object CMakeFiles/app.dir/mnt/host/source/src/platform/ec/build/zephyr/domika/modules/ec/driver/accelgyro_bmi3xx.c.obj
[caboc:rw] -- Generating component manifest file
[kaladin-ish:singleimage] -- The ASM compiler identification is GNU
[kaladin-ish:singleimage] -- Found assembler: /home/jpmurphy/.cache/coreboot-sdk/i386-elf/dfbb0486385d938cfa9d73080b9d18d598ed4f49/bin/i386-elf-gcc
[axii:rw] -- Generating done (0.5s)
[axii:rw] CMake Warning:
[kaladin-ish:singleimage] CMake Warning at /mnt/host/source/src/platform/ec/zephyr/cmake/linker/ld/linker_libraries.cmake:11 (message):
[domika:ro] [46/382] Building C object CMakeFiles/app.dir/mnt/host/source/src/platform/ec/build/zephyr/domika/modules/ec/common/motion_sense_fifo.c.obj
[dev-posix:singleimage] [32/256] Building C object CMakeFiles/app.dir/mnt/host/source/src/platform/ec/build/zephyr/dev-posix/modules/ec/common/charger.c.obj
[axii:rw] -- Build files have been written to: /mnt/host/source/src/platform/ec/build/zephyr/axii/build-rw
[axii:rw]   Manually-specified variables were not used by the project:
[axii:rw]     COREBOOT_SDK_ROOT_arm
[axii:rw]     COREBOOT_SDK_ROOT_libstdcxx_arm
[axii:rw]     COREBOOT_SDK_ROOT_libstdcxx_x86
[axii:rw]     COREBOOT_SDK_ROOT_nds32
[axii:rw]     COREBOOT_SDK_ROOT_picolibc_arm
[axii:rw]     COREBOOT_SDK_ROOT_picolibc_x86
[axii:rw]     COREBOOT_SDK_ROOT_riscv
[axii:rw]     COREBOOT_SDK_ROOT_x86
[caboc:rw] INFO: Skipped 15 named-gpios children.
[caboc:rw] INFO: Running CME, outputting to /mnt/host/source/src/platform/ec/build/zephyr/caboc/build-rw/zephyr/component_manifest.json
[caboc:rw] WARNING: Unknown or disabled I2C port: i2c@f04480(i2c_ec_pmc_pd)
[caboc:rw] INFO: Project caboc does not support SSFC
[caboc:rw] INFO: No motionsense-sensor node found
[helipilot:rw] -- Generating done (0.7s)
[helipilot:rw] -- Build files have been written to: /mnt/host/source/src/platform/ec/build/zephyr/helipilot/build-rw
[domika:rw] [41/382] Building C object CMakeFiles/app.dir/mnt/host/source/src/platform/ec/build/zephyr/domika/modules/ec/common/power_button_x86.c.obj
[/mnt/host/source/src/platform/ec/build/zephyr/kyogre-lcov]   /mnt/host/source/src/platform/ec/build/zephyr/kyogre/build-ro/CMakeFiles/app.dir/mnt/host/source/src/platform/ec/build/zephyr/kyogre/modules/ec/common/chargen.c.gcno:no functions found
[/mnt/host/source/src/platform/ec/build/zephyr/kyogre-lcov] stderr:
[domika:ro] [47/382] Building C object CMakeFiles/app.dir/mnt/host/source/src/platform/ec/build/zephyr/domika/modules/ec/common/adc.c.obj
[kaladin-ish:singleimage] -- Performing EC specific devicetree checks
[domika:rw] [42/382] Building C object CMakeFiles/app.dir/mnt/host/source/src/platform/ec/build/zephyr/domika/modules/ec/driver/accel_bma4xx.c.obj
[caboc:rw] -- warning_base_override: -Wall;-Wformat;-Wformat-security;-Wformat;-Wno-format-zero-length;-Wno-pointer-sign;-Wpointer-arith;-Wexpansion-to-defined
[domika:ro] [48/382] Building C object CMakeFiles/app.dir/mnt/host/source/src/platform/ec/build/zephyr/domika/modules/ec/common/backlight_lid.c.obj
[dev-posix:singleimage] [33/256] Building C object CMakeFiles/app.dir/mnt/host/source/src/platform/ec/build/zephyr/dev-posix/modules/ec/common/charge_state.c.obj
[kaladin-ish:singleimage]   Disabling c_library
[kaladin-ish:singleimage] Call Stack (most recent call first):
[kaladin-ish:singleimage]   /mnt/host/source/src/third_party/zephyr/main/cmake/target_toolchain_flags.cmake:48 (include)
[kaladin-ish:singleimage]   /mnt/host/source/src/third_party/zephyr/main/cmake/modules/kernel.cmake:153 (include)
[kaladin-ish:singleimage]   /mnt/host/source/src/third_party/zephyr/main/cmake/modules/zephyr_default.cmake:138 (include)
[kaladin-ish:singleimage]   /mnt/host/source/src/third_party/zephyr/main/share/zephyr-package/cmake/ZephyrConfig.cmake:66 (include)
[kaladin-ish:singleimage]   /mnt/host/source/src/third_party/zephyr/main/share/zephyr-package/cmake/ZephyrConfig.cmake:97 (include_boilerplate)
[kaladin-ish:singleimage]   CMakeLists.txt:6 (find_package)
[kaladin-ish:singleimage] INFOSetting c++_library to libstdc++ install path
[kaladin-ish:singleimage] INFOSetting c_library to picolibc install path
[kaladin-ish:singleimage] INFO: Verified 2 GPIOs, no duplicates found
[domika:ro] [49/382] Building C object CMakeFiles/app.dir/mnt/host/source/src/platform/ec/build/zephyr/domika/modules/ec/common/acpi.c.obj
[dev-posix:singleimage] [34/256] Building C object CMakeFiles/app.dir/mnt/host/source/src/platform/ec/build/zephyr/dev-posix/modules/ec/common/charge_manager.c.obj
[kaladin-ish:singleimage] -- Generating component manifest file
[domika:ro] [50/382] Building C object CMakeFiles/app.dir/mnt/host/source/src/platform/ec/build/zephyr/domika/modules/ec/common/battery.c.obj
[caboc:rw] -- Found gen_kobject_list: /mnt/host/source/src/third_party/zephyr/main/scripts/build/gen_kobject_list.py
[domika:ro] [51/382] Building C object CMakeFiles/app.dir/mnt/host/source/src/platform/ec/build/zephyr/domika/modules/ec/common/battery_info.c.obj
[caboc:rw] CMake Warning at /mnt/host/source/src/third_party/zephyr/main/CMakeLists.txt:2359 (message):
[caboc:rw]   __ASSERT() statements are globally ENABLED
[dev-posix:singleimage] [35/256] Building C object CMakeFiles/app.dir/mnt/host/source/src/platform/ec/build/zephyr/dev-posix/modules/ec/common/cbi_common.c.obj
[kaladin-ish:singleimage] INFO: Verified 1 '*-gpios' properties, all flags match.
[kaladin-ish:singleimage] INFO: Skipped 1 named-gpios children.
[kaladin-ish:singleimage] INFO: Running CME, outputting to /mnt/host/source/src/platform/ec/build/zephyr/kaladin-ish/build-singleimage/zephyr/component_manifest.json
[caboc:rw] -- Configuring done (15.7s)
[domika:rw] [43/382] Building C object CMakeFiles/app.dir/mnt/host/source/src/platform/ec/build/zephyr/domika/modules/ec/driver/accelgyro_bmi_common.c.obj
[domika:ro] [52/382] Building C object CMakeFiles/app.dir/mnt/host/source/src/platform/ec/build/zephyr/domika/modules/ec/common/battery_fuel_gauge.c.obj
[dev-posix:singleimage] [36/256] Building C object CMakeFiles/app.dir/mnt/host/source/src/platform/ec/build/zephyr/dev-posix/modules/ec/common/cbi.c.obj
[domika:rw] [44/382] Building C object CMakeFiles/app.dir/mnt/host/source/src/platform/ec/build/zephyr/domika/modules/ec/driver/accelgyro_bmi3xx.c.obj
[domika:rw] [45/382] Building C object CMakeFiles/app.dir/mnt/host/source/src/platform/ec/build/zephyr/domika/modules/ec/driver/accelgyro_bmi260.c.obj
[domika:ro] [53/382] Building C object CMakeFiles/app.dir/mnt/host/source/src/platform/ec/build/zephyr/domika/modules/ec/driver/battery/smart.c.obj
[dev-posix:singleimage] [37/256] Building C object CMakeFiles/app.dir/mnt/host/source/src/platform/ec/build/zephyr/dev-posix/modules/ec/common/cbi_config.c.obj
[caboc:rw] -- Generating done (0.5s)
[caboc:rw] CMake Warning:
[kaladin-ish:singleimage] -- warning_base_override: -Wall;-Wformat;-Wformat-security;-Wformat;-Wno-format-zero-length;-Wno-pointer-sign;-Wpointer-arith;-Wexpansion-to-defined
[kaladin-ish:singleimage] INFO: Project kaladin-ish does not support SSFC
[kaladin-ish:singleimage] INFO: No usbc node found
[kaladin-ish:singleimage] INFO: No motionsense-sensor-alt node found
[kaladin-ish:singleimage] The PW_ROOT environment variable is not set; using /mnt/host/source/src/platform/ec/build/zephyr/kaladin-ish/modules/pigweed within CMake
[domika:ro] [54/382] Building C object CMakeFiles/app.dir/mnt/host/source/src/platform/ec/build/zephyr/domika/modules/ec/driver/charger/sm5803.c.obj
[dev-posix:singleimage] [38/256] Building C object CMakeFiles/app.dir/mnt/host/source/src/platform/ec/build/zephyr/dev-posix/modules/ec/common/cbi_gpio.c.obj
[caboc:rw]   Manually-specified variables were not used by the project:
[caboc:rw] -- Build files have been written to: /mnt/host/source/src/platform/ec/build/zephyr/caboc/build-rw
[caboc:rw]     COREBOOT_SDK_ROOT_arm
[caboc:rw]     COREBOOT_SDK_ROOT_libstdcxx_arm
[caboc:rw]     COREBOOT_SDK_ROOT_libstdcxx_x86
[caboc:rw]     COREBOOT_SDK_ROOT_nds32
[caboc:rw]     COREBOOT_SDK_ROOT_picolibc_arm
[caboc:rw]     COREBOOT_SDK_ROOT_picolibc_x86
[caboc:rw]     COREBOOT_SDK_ROOT_riscv
[caboc:rw]     COREBOOT_SDK_ROOT_x86
[domika:ro] [55/382] Building C object CMakeFiles/app.dir/mnt/host/source/src/platform/ec/build/zephyr/domika/modules/ec/common/charger.c.obj
[dev-posix:singleimage] [39/256] Building C object CMakeFiles/app.dir/mnt/host/source/src/platform/ec/build/zephyr/dev-posix/modules/ec/common/memory_commands.c.obj
[domika:ro] [56/382] Building C object CMakeFiles/app.dir/mnt/host/source/src/platform/ec/build/zephyr/domika/modules/ec/common/charge_state.c.obj
[domika:rw] [46/382] Building C object CMakeFiles/app.dir/mnt/host/source/src/platform/ec/build/zephyr/domika/modules/ec/common/motion_sense_fifo.c.obj
[dev-posix:singleimage] [40/256] Building C object CMakeFiles/app.dir/mnt/host/source/src/platform/ec/build/zephyr/dev-posix/modules/ec/common/ap_reset_log.c.obj
[domika:ro] [57/382] Building C object CMakeFiles/app.dir/mnt/host/source/src/platform/ec/build/zephyr/domika/modules/ec/common/charge_manager.c.obj
[domika:rw] [47/382] Building C object CMakeFiles/app.dir/mnt/host/source/src/platform/ec/build/zephyr/domika/modules/ec/common/acpi.c.obj
[dev-posix:singleimage] [41/256] Building C object CMakeFiles/app.dir/mnt/host/source/src/platform/ec/build/zephyr/dev-posix/modules/ec/common/extpower_common.c.obj
[domika:ro] [58/382] Building C object CMakeFiles/app.dir/mnt/host/source/src/platform/ec/build/zephyr/domika/modules/ec/common/ocpc.c.obj
[domika:rw] [48/382] Building C object CMakeFiles/app.dir/mnt/host/source/src/platform/ec/build/zephyr/domika/modules/ec/common/adc.c.obj
[dev-posix:singleimage] [42/256] Building C object CMakeFiles/app.dir/mnt/host/source/src/platform/ec/build/zephyr/dev-posix/modules/ec/common/extpower_gpio.c.obj
[dev-posix:singleimage] [43/256] Building C object CMakeFiles/app.dir/mnt/host/source/src/platform/ec/build/zephyr/dev-posix/modules/ec/common/host_command.c.obj
[domika:ro] [59/382] Building C object CMakeFiles/app.dir/mnt/host/source/src/platform/ec/build/zephyr/domika/modules/ec/common/cbi_common.c.obj
[domika:ro] [60/382] Building C object CMakeFiles/app.dir/mnt/host/source/src/platform/ec/build/zephyr/domika/modules/ec/common/cbi.c.obj
[dev-posix:singleimage] [44/256] Building C object CMakeFiles/app.dir/mnt/host/source/src/platform/ec/build/zephyr/dev-posix/modules/ec/common/host_command_task.c.obj
[domika:rw] [49/382] Building C object CMakeFiles/app.dir/mnt/host/source/src/platform/ec/build/zephyr/domika/modules/ec/common/backlight_lid.c.obj
[domika:ro] [61/382] Building C object CMakeFiles/app.dir/mnt/host/source/src/platform/ec/build/zephyr/domika/modules/ec/common/cbi_config.c.obj
[dev-posix:singleimage] [45/256] Building C object CMakeFiles/app.dir/mnt/host/source/src/platform/ec/build/zephyr/dev-posix/modules/ec/common/host_event_commands.c.obj
[dev-posix:singleimage] [46/256] Building C object CMakeFiles/app.dir/mnt/host/source/src/platform/ec/build/zephyr/dev-posix/modules/ec/common/uart_hostcmd.c.obj
[domika:ro] [62/382] Building C object CMakeFiles/app.dir/mnt/host/source/src/platform/ec/build/zephyr/domika/modules/ec/common/dptf.c.obj
[domika:rw] [50/382] Building C object CMakeFiles/app.dir/mnt/host/source/src/platform/ec/build/zephyr/domika/modules/ec/common/battery.c.obj
[domika:ro] [63/382] Building C object CMakeFiles/app.dir/mnt/host/source/src/platform/ec/build/zephyr/domika/modules/ec/common/ap_reset_log.c.obj
[domika:rw] [51/382] Building C object CMakeFiles/app.dir/mnt/host/source/src/platform/ec/build/zephyr/domika/modules/ec/common/battery_info.c.obj
[dev-posix:singleimage] [47/256] Building C object CMakeFiles/app.dir/mnt/host/source/src/platform/ec/build/zephyr/dev-posix/modules/ec/common/uptime.c.obj
[domika:ro] [64/382] Building C object CMakeFiles/app.dir/mnt/host/source/src/platform/ec/build/zephyr/domika/modules/ec/common/espi.c.obj
[dev-posix:singleimage] [48/256] Building C object CMakeFiles/app.dir/mnt/host/source/src/platform/ec/build/zephyr/dev-posix/modules/ec/common/i2c_controller.c.obj
[dev-posix:singleimage] [49/256] Building C object CMakeFiles/app.dir/mnt/host/source/src/platform/ec/build/zephyr/dev-posix/modules/ec/common/i2c_passthru.c.obj
[/mnt/host/source/src/platform/ec/build/zephyr/teliks-lcov]   /mnt/host/source/src/platform/ec/build/zephyr/teliks/build-ro/zephyr/CMakeFiles/zephyr.dir/subsys/shell/modules/kernel_service/kernel_shell.c.gcno:no functions found
[/mnt/host/source/src/platform/ec/build/zephyr/teliks-lcov] stderr:
[domika:ro] [65/382] Building C object CMakeFiles/app.dir/mnt/host/source/src/platform/ec/build/zephyr/domika/modules/ec/common/extpower_common.c.obj
[domika:rw] [52/382] Building C object CMakeFiles/app.dir/mnt/host/source/src/platform/ec/build/zephyr/domika/modules/ec/common/battery_fuel_gauge.c.obj
[dev-posix:singleimage] [50/256] Building C object CMakeFiles/app.dir/mnt/host/source/src/platform/ec/build/zephyr/dev-posix/modules/ec/common/panic_output.c.obj
[/mnt/host/source/src/platform/ec/build/zephyr/teliks-lcov]   /mnt/host/source/src/platform/ec/build/zephyr/teliks/build-ro/zephyr/CMakeFiles/zephyr.dir/lib/libc/validate_libc.c.gcno:no functions found
[/mnt/host/source/src/platform/ec/build/zephyr/teliks-lcov] stderr:
[dev-posix:singleimage] [51/256] Building C object CMakeFiles/app.dir/mnt/host/source/src/platform/ec/build/zephyr/dev-posix/modules/ec/common/sha256.c.obj
[domika:ro] [66/382] Building C object CMakeFiles/app.dir/mnt/host/source/src/platform/ec/build/zephyr/domika/modules/ec/common/fan.c.obj
[dev-posix:singleimage] [52/256] Building C object CMakeFiles/app.dir/mnt/host/source/src/platform/ec/build/zephyr/dev-posix/modules/ec/common/shared_mem.c.obj
[domika:ro] [67/382] Building C object CMakeFiles/app.dir/mnt/host/source/src/platform/ec/build/zephyr/domika/modules/ec/common/flash.c.obj
[domika:rw] [53/382] Building C object CMakeFiles/app.dir/mnt/host/source/src/platform/ec/build/zephyr/domika/modules/ec/driver/battery/smart.c.obj
[domika:ro] [68/382] Building C object CMakeFiles/app.dir/mnt/host/source/src/platform/ec/build/zephyr/domika/modules/ec/common/host_command.c.obj
[domika:ro] [69/382] Building C object CMakeFiles/app.dir/mnt/host/source/src/platform/ec/build/zephyr/domika/modules/ec/common/host_command_task.c.obj
[/mnt/host/source/src/platform/ec/build/zephyr/kyogre-lcov]   /mnt/host/source/src/platform/ec/build/zephyr/kyogre/build-ro/CMakeFiles/app.dir/mnt/host/source/src/platform/ec/build/zephyr/kyogre/modules/ec/common/cbi_config.c.gcno:no functions found
[/mnt/host/source/src/platform/ec/build/zephyr/kyogre-lcov] stderr:
[dev-posix:singleimage] [53/256] Building C object CMakeFiles/app.dir/mnt/host/source/src/platform/ec/build/zephyr/dev-posix/modules/ec/common/timer.c.obj
[domika:rw] [54/382] Building C object CMakeFiles/app.dir/mnt/host/source/src/platform/ec/build/zephyr/domika/modules/ec/driver/charger/sm5803.c.obj
[dev-posix:singleimage] [54/256] Building C object CMakeFiles/app.dir/mnt/host/source/src/platform/ec/build/zephyr/dev-posix/modules/ec/common/typec_control.c.obj
[dev-posix:singleimage] [55/256] Building C object CMakeFiles/app.dir/mnt/host/source/src/platform/ec/build/zephyr/dev-posix/modules/ec/common/usb_charger.c.obj
[domika:rw] [55/382] Building C object CMakeFiles/app.dir/mnt/host/source/src/platform/ec/build/zephyr/domika/modules/ec/common/charger.c.obj
[domika:ro] [70/382] Building C object CMakeFiles/app.dir/mnt/host/source/src/platform/ec/build/zephyr/domika/modules/ec/common/host_event_commands.c.obj
[domika:ro] [71/382] Building C object CMakeFiles/app.dir/mnt/host/source/src/platform/ec/build/zephyr/domika/modules/ec/common/uart_hostcmd.c.obj
[dev-posix:singleimage] [56/256] Building C object CMakeFiles/app.dir/mnt/host/source/src/platform/ec/build/zephyr/dev-posix/modules/ec/common/usb_pd_pdo.c.obj
[dev-posix:singleimage] [57/256] Building C object CMakeFiles/app.dir/mnt/host/source/src/platform/ec/build/zephyr/dev-posix/modules/ec/common/usbc/usbc_task.c.obj
[domika:ro] [72/382] Building C object CMakeFiles/app.dir/mnt/host/source/src/platform/ec/build/zephyr/domika/modules/ec/common/uptime.c.obj
[dev-posix:singleimage] [58/256] Building C object CMakeFiles/app.dir/mnt/host/source/src/platform/ec/build/zephyr/dev-posix/modules/ec/common/usb_common.c.obj
[/mnt/host/source/src/platform/ec/build/zephyr/teliks-lcov]   /mnt/host/source/src/platform/ec/build/zephyr/teliks/build-ro/zephyr/CMakeFiles/zephyr.dir/lib/utils/last_section_id.c.gcno:no functions found
[/mnt/host/source/src/platform/ec/build/zephyr/teliks-lcov] stderr:
[domika:ro] [73/382] Building C object CMakeFiles/app.dir/mnt/host/source/src/platform/ec/build/zephyr/domika/modules/ec/common/i2c_controller.c.obj
[domika:rw] [56/382] Building C object CMakeFiles/app.dir/mnt/host/source/src/platform/ec/build/zephyr/domika/modules/ec/common/charge_state.c.obj
[domika:ro] [74/382] Building C object CMakeFiles/app.dir/mnt/host/source/src/platform/ec/build/zephyr/domika/modules/ec/common/i2c_passthru.c.obj
[dev-posix:singleimage] [59/256] Building C object CMakeFiles/app.dir/mnt/host/source/src/platform/ec/build/zephyr/dev-posix/modules/ec/common/usbc/usb_pd_timer.c.obj
[dev-posix:singleimage] [60/256] Building C object CMakeFiles/app.dir/mnt/host/source/src/platform/ec/build/zephyr/dev-posix/modules/ec/common/usbc/usb_sm.c.obj
[kaladin-ish:singleimage] -- Found gen_kobject_list: /mnt/host/source/src/third_party/zephyr/main/scripts/build/gen_kobject_list.py
[kaladin-ish:singleimage] CMake Warning at /mnt/host/source/src/third_party/zephyr/main/CMakeLists.txt:1134 (message):
[kaladin-ish:singleimage]   No SOURCES given to Zephyr library: drivers__syscon
[kaladin-ish:singleimage]   Excluding target from build.
[domika:rw] [57/382] Building C object CMakeFiles/app.dir/mnt/host/source/src/platform/ec/build/zephyr/domika/modules/ec/common/charge_manager.c.obj
[kaladin-ish:singleimage] CMake Warning at /mnt/host/source/src/third_party/zephyr/main/CMakeLists.txt:2359 (message):
[kaladin-ish:singleimage]   __ASSERT() statements are globally ENABLED
[dev-posix:singleimage] [61/256] Building C object CMakeFiles/app.dir/mnt/host/source/src/platform/ec/build/zephyr/dev-posix/modules/ec/common/usbc_intr_task.c.obj
[domika:rw] [58/382] Building C object CMakeFiles/app.dir/mnt/host/source/src/platform/ec/build/zephyr/domika/modules/ec/common/ocpc.c.obj
[dev-posix:singleimage] [62/256] Building C object CMakeFiles/app.dir/mnt/host/source/src/platform/ec/build/zephyr/dev-posix/modules/ec/common/usbc_utils.c.obj
[/mnt/host/source/src/platform/ec/build/zephyr/kyogre-lcov]   /mnt/host/source/src/platform/ec/build/zephyr/kyogre/build-ro/zephyr/arch/arch/arm/core/mpu/CMakeFiles/arch__arm__core__mpu.dir/arm_mpu_regions.c.gcno:no functions found
[/mnt/host/source/src/platform/ec/build/zephyr/kyogre-lcov] stderr:
[domika:ro] [75/382] Building C object CMakeFiles/app.dir/mnt/host/source/src/platform/ec/build/zephyr/domika/modules/ec/common/keyboard_scan.c.obj
[dev-posix:singleimage] [63/256] Building C object CMakeFiles/app.dir/mnt/host/source/src/platform/ec/build/zephyr/dev-posix/modules/ec/common/usb_pd_flags.c.obj
[domika:ro] [76/382] Building C object CMakeFiles/app.dir/mnt/host/source/src/platform/ec/build/zephyr/domika/modules/ec/common/keyboard_8042.c.obj
[domika:ro] [77/382] Building C object CMakeFiles/app.dir/mnt/host/source/src/platform/ec/build/zephyr/domika/modules/ec/common/keyboard_8042_sharedlib.c.obj
[/mnt/host/source/src/platform/ec/build/zephyr/pujjogatwin-lcov]   /mnt/host/source/src/platform/ec/build/zephyr/pujjogatwin/build-ro/CMakeFiles/app.dir/mnt/host/source/src/platform/ec/build/zephyr/pujjogatwin/modules/ec/common/chargen.c.gcno:no functions found
[/mnt/host/source/src/platform/ec/build/zephyr/pujjogatwin-lcov] stderr:
[kaladin-ish:singleimage] -- Configuring done (17.8s)
[domika:ro] [78/382] Building C object CMakeFiles/app.dir/mnt/host/source/src/platform/ec/build/zephyr/domika/modules/ec/common/mkbp_fifo.c.obj
[domika:rw] [59/382] Building C object CMakeFiles/app.dir/mnt/host/source/src/platform/ec/build/zephyr/domika/modules/ec/common/cbi_common.c.obj
[dev-posix:singleimage] [64/256] Building C object CMakeFiles/app.dir/mnt/host/source/src/platform/ec/build/zephyr/dev-posix/modules/ec/common/usbc/usb_pd_console.c.obj
[domika:ro] [79/382] Building C object CMakeFiles/app.dir/mnt/host/source/src/platform/ec/build/zephyr/domika/modules/ec/common/mkbp_info.c.obj
[dev-posix:singleimage] [65/256] Building C object CMakeFiles/app.dir/mnt/host/source/src/platform/ec/build/zephyr/dev-posix/modules/ec/driver/usb_mux/virtual.c.obj
[dev-posix:singleimage] [66/256] Building C object CMakeFiles/app.dir/mnt/host/source/src/platform/ec/build/zephyr/dev-posix/modules/ec/driver/usb_mux/usb_mux.c.obj
[domika:rw] [60/382] Building C object CMakeFiles/app.dir/mnt/host/source/src/platform/ec/build/zephyr/domika/modules/ec/common/cbi.c.obj
[domika:rw] [61/382] Building C object CMakeFiles/app.dir/mnt/host/source/src/platform/ec/build/zephyr/domika/modules/ec/common/cbi_config.c.obj
[domika:ro] [80/382] Building C object CMakeFiles/app.dir/mnt/host/source/src/platform/ec/build/zephyr/domika/modules/ec/common/mkbp_input_devices.c.obj
[domika:ro] [81/382] Building C object CMakeFiles/app.dir/mnt/host/source/src/platform/ec/build/zephyr/domika/modules/ec/common/led_common.c.obj
[domika:ro] [82/382] Building C object CMakeFiles/app.dir/mnt/host/source/src/platform/ec/build/zephyr/domika/modules/ec/common/keyboard_backlight.c.obj
[domika:ro] [83/382] Building C object CMakeFiles/app.dir/mnt/host/source/src/platform/ec/build/zephyr/domika/modules/ec/common/motion_lid.c.obj
[dev-posix:singleimage] [67/256] Building C object CMakeFiles/app.dir/mnt/host/source/src/platform/ec/build/zephyr/dev-posix/modules/ec/common/usbc/usb_tc_drp_acc_trysrc_sm.c.obj
[dev-posix:singleimage] [68/256] Building C object CMakeFiles/app.dir/mnt/host/source/src/platform/ec/build/zephyr/dev-posix/modules/ec/common/usbc/usb_prl_sm.c.obj
[domika:rw] [62/382] Building C object CMakeFiles/app.dir/mnt/host/source/src/platform/ec/build/zephyr/domika/modules/ec/common/dptf.c.obj
[domika:ro] [84/382] Building C object CMakeFiles/app.dir/mnt/host/source/src/platform/ec/build/zephyr/domika/modules/ec/common/lid_angle.c.obj
[/mnt/host/source/src/platform/ec/build/zephyr/kyogre-lcov]   /mnt/host/source/src/platform/ec/build/zephyr/kyogre/build-ro/zephyr/arch/common/CMakeFiles/isr_tables.dir/isr_tables.c.gcno:no functions found
[/mnt/host/source/src/platform/ec/build/zephyr/kyogre-lcov] stderr:
[dev-posix:singleimage] [69/256] Building C object CMakeFiles/app.dir/mnt/host/source/src/platform/ec/build/zephyr/dev-posix/modules/ec/common/usbc/usb_pe_drp_sm.c.obj
[domika:rw] [63/382] Building C object CMakeFiles/app.dir/mnt/host/source/src/platform/ec/build/zephyr/domika/modules/ec/common/espi.c.obj
[domika:rw] [64/382] Building C object CMakeFiles/app.dir/mnt/host/source/src/platform/ec/build/zephyr/domika/modules/ec/common/ap_reset_log.c.obj
[dev-posix:singleimage] [70/256] Building C object CMakeFiles/app.dir/mnt/host/source/src/platform/ec/build/zephyr/dev-posix/modules/ec/common/usbc/usbc_pd_policy.c.obj
[dev-posix:singleimage] [71/256] Building C object CMakeFiles/app.dir/mnt/host/source/src/platform/ec/build/zephyr/dev-posix/modules/ec/common/usbc/usb_pd_dpm.c.obj
[domika:ro] [85/382] Building C object CMakeFiles/app.dir/mnt/host/source/src/platform/ec/build/zephyr/domika/modules/ec/common/lid_angle_keyboard_policy.c.obj
[domika:ro] [86/382] Building C object CMakeFiles/app.dir/mnt/host/source/src/platform/ec/build/zephyr/domika/modules/ec/common/lid_switch.c.obj
[domika:ro] [87/382] Building C object CMakeFiles/app.dir/mnt/host/source/src/platform/ec/build/zephyr/domika/modules/ec/common/mkbp_event.c.obj
[domika:rw] [65/382] Building C object CMakeFiles/app.dir/mnt/host/source/src/platform/ec/build/zephyr/domika/modules/ec/common/extpower_common.c.obj
[domika:ro] [88/382] Building C object CMakeFiles/app.dir/mnt/host/source/src/platform/ec/build/zephyr/domika/modules/ec/common/motion_sense.c.obj
[dev-posix:singleimage] [72/256] Building C object CMakeFiles/app.dir/mnt/host/source/src/platform/ec/build/zephyr/dev-posix/modules/ec/common/usbc/dp_alt_mode.c.obj
[dev-posix:singleimage] [73/256] Building C object CMakeFiles/app.dir/mnt/host/source/src/platform/ec/build/zephyr/dev-posix/modules/ec/common/usb_pd_host_cmd.c.obj
[dev-posix:singleimage] [74/256] Building C object CMakeFiles/app.dir/mnt/host/source/src/platform/ec/build/zephyr/dev-posix/modules/ec/common/usb_pd_console_cmd.c.obj
[domika:ro] [89/382] Building C object CMakeFiles/app.dir/mnt/host/source/src/platform/ec/build/zephyr/domika/modules/ec/common/port80.c.obj
[/mnt/host/source/src/platform/ec/build/zephyr/lite-ish-lcov]   /mnt/host/source/src/platform/ec/build/zephyr/lite-ish/build-singleimage/zephyr/CMakeFiles/zephyr.dir/lib/libc/validate_libc.c.gcno:no functions found
[/mnt/host/source/src/platform/ec/build/zephyr/lite-ish-lcov] stderr:
[domika:rw] [66/382] Building C object CMakeFiles/app.dir/mnt/host/source/src/platform/ec/build/zephyr/domika/modules/ec/common/flash.c.obj
[domika:rw] [67/382] Building C object CMakeFiles/app.dir/mnt/host/source/src/platform/ec/build/zephyr/domika/modules/ec/common/fan.c.obj
[domika:ro] [90/382] Building C object CMakeFiles/app.dir/mnt/host/source/src/platform/ec/build/zephyr/domika/modules/ec/common/power_button.c.obj
[dev-posix:singleimage] [75/256] Building C object CMakeFiles/app.dir/mnt/host/source/src/platform/ec/build/zephyr/dev-posix/modules/ec/common/usbc/usb_pd_host.c.obj
[domika:ro] [91/382] Building C object CMakeFiles/app.dir/mnt/host/source/src/platform/ec/build/zephyr/domika/modules/ec/power/hibernate.c.obj
[dev-posix:singleimage] [76/256] Building C object CMakeFiles/app.dir/mnt/host/source/src/platform/ec/build/zephyr/dev-posix/modules/ec/zephyr/shim/src/tcpc.c.obj
[dev-posix:singleimage] [77/256] Building C object CMakeFiles/app.dir/mnt/host/source/src/platform/ec/build/zephyr/dev-posix/modules/ec/common/usb_pd_host_cmd_common.c.obj
[domika:ro] [92/382] Building C object CMakeFiles/app.dir/mnt/host/source/src/platform/ec/build/zephyr/domika/modules/ec/driver/sha256/sha256_it8xxx2.c.obj
[domika:ro] [93/382] Building C object CMakeFiles/app.dir/mnt/host/source/src/platform/ec/build/zephyr/domika/modules/ec/common/panic_output.c.obj
[domika:rw] [68/382] Building C object CMakeFiles/app.dir/mnt/host/source/src/platform/ec/build/zephyr/domika/modules/ec/common/host_command.c.obj
[dev-posix:singleimage] [78/256] Building C object CMakeFiles/app.dir/mnt/host/source/src/platform/ec/build/zephyr/dev-posix/modules/ec/common/usbc/svdm_rsp_dfp_only.c.obj
[domika:ro] [94/382] Building C object CMakeFiles/app.dir/mnt/host/source/src/platform/ec/build/zephyr/domika/modules/ec/common/shared_mem.c.obj
[dev-posix:singleimage] [79/256] Building C object CMakeFiles/app.dir/mnt/host/source/src/platform/ec/build/zephyr/dev-posix/modules/ec/common/usb_pd_discovery.c.obj
[dev-posix:singleimage] [80/256] Building C object CMakeFiles/app.dir/mnt/host/source/src/platform/ec/build/zephyr/dev-posix/modules/ec/common/usbc_ocp.c.obj
[domika:ro] [95/382] Building C object CMakeFiles/app.dir/mnt/host/source/src/platform/ec/build/zephyr/domika/modules/ec/common/switch.c.obj
[domika:rw] [69/382] Building C object CMakeFiles/app.dir/mnt/host/source/src/platform/ec/build/zephyr/domika/modules/ec/common/host_event_commands.c.obj
[dev-posix:singleimage] [81/256] Building C object CMakeFiles/app.dir/mnt/host/source/src/platform/ec/build/zephyr/dev-posix/modules/ec/common/usb_pd_dual_role.c.obj
[domika:rw] [70/382] Building C object CMakeFiles/app.dir/mnt/host/source/src/platform/ec/build/zephyr/domika/modules/ec/common/host_command_task.c.obj
[domika:ro] [96/382] Building C object CMakeFiles/app.dir/mnt/host/source/src/platform/ec/build/zephyr/domika/modules/ec/common/tablet_mode.c.obj
[dev-posix:singleimage] [82/256] Building C object CMakeFiles/app.dir/mnt/host/source/src/platform/ec/build/zephyr/dev-posix/modules/ec/common/usbc_ppc.c.obj
[domika:rw] [71/382] Building C object CMakeFiles/app.dir/mnt/host/source/src/platform/ec/build/zephyr/domika/modules/ec/common/uart_hostcmd.c.obj
[domika:ro] [97/382] Building C object CMakeFiles/app.dir/mnt/host/source/src/platform/ec/build/zephyr/domika/modules/ec/common/thermal.c.obj
[dev-posix:singleimage] [83/256] Building C object CMakeFiles/app.dir/mnt/host/source/src/platform/ec/build/zephyr/dev-posix/modules/ec/driver/tcpm/tcpci.c.obj
[domika:ro] [98/382] Building C object CMakeFiles/app.dir/mnt/host/source/src/platform/ec/build/zephyr/domika/modules/ec/common/temp_sensor.c.obj
[dev-posix:singleimage] [84/256] Building C object CMakeFiles/app.dir/mnt/host/source/src/platform/ec/build/zephyr/dev-posix/modules/ec/driver/ppc/sn5s330.c.obj
[dev-posix:singleimage] [85/256] Building C object CMakeFiles/app.dir/mnt/host/source/src/platform/ec/build/zephyr/dev-posix/modules/ec/common/math_util.c.obj
[domika:ro] [99/382] Building C object CMakeFiles/app.dir/mnt/host/source/src/platform/ec/build/zephyr/domika/modules/ec/driver/temp_sensor/thermistor.c.obj
[dev-posix:singleimage] [86/256] Building C object CMakeFiles/app.dir/mnt/host/source/src/platform/ec/build/zephyr/dev-posix/modules/ec/common/vstore.c.obj
[domika:ro] [100/382] Building C object CMakeFiles/app.dir/mnt/host/source/src/platform/ec/build/zephyr/domika/modules/ec/common/throttle_ap.c.obj
[domika:rw] [72/382] Building C object CMakeFiles/app.dir/mnt/host/source/src/platform/ec/build/zephyr/domika/modules/ec/common/uptime.c.obj
[dev-posix:singleimage] [87/256] Building C object CMakeFiles/app.dir/src/stubs.c.obj
[domika:ro] [101/382] Building C object CMakeFiles/app.dir/mnt/host/source/src/platform/ec/build/zephyr/domika/modules/ec/common/timer.c.obj
[dev-posix:singleimage] [88/256] Linking C static library app/libapp.a
[domika:rw] [73/382] Building C object CMakeFiles/app.dir/mnt/host/source/src/platform/ec/build/zephyr/domika/modules/ec/common/i2c_controller.c.obj
[dev-posix:singleimage] [89/256] Building C object zephyr/CMakeFiles/zephyr.dir/lib/libc/validate_libc.c.obj
[domika:ro] [102/382] Building C object CMakeFiles/app.dir/mnt/host/source/src/platform/ec/build/zephyr/domika/modules/ec/common/usb_port_power_smart.c.obj
[domika:ro] [103/382] Building C object CMakeFiles/app.dir/mnt/host/source/src/platform/ec/build/zephyr/domika/modules/ec/common/typec_control.c.obj
[dev-posix:singleimage] [90/256] Building C object zephyr/CMakeFiles/zephyr.dir/lib/heap/heap.c.obj
[domika:rw] [74/382] Building C object CMakeFiles/app.dir/mnt/host/source/src/platform/ec/build/zephyr/domika/modules/ec/common/i2c_passthru.c.obj
[/mnt/host/source/src/platform/ec/build/zephyr/lite-ish-lcov]   /mnt/host/source/src/platform/ec/build/zephyr/lite-ish/build-singleimage/zephyr/drivers/syscon/CMakeFiles/drivers__syscon.dir/mnt/host/source/src/third_party/zephyr/main/misc/empty_file.c.gcno:no functions found
[/mnt/host/source/src/platform/ec/build/zephyr/lite-ish-lcov] Filter suppressions 'region':
[/mnt/host/source/src/platform/ec/build/zephyr/pujjogatwin-lcov]   /mnt/host/source/src/platform/ec/build/zephyr/pujjogatwin/build-ro/CMakeFiles/app.dir/mnt/host/source/src/platform/ec/build/zephyr/pujjogatwin/modules/ec/common/cbi_config.c.gcno:no functions found
[/mnt/host/source/src/platform/ec/build/zephyr/pujjogatwin-lcov] stderr:
[/mnt/host/source/src/platform/ec/build/zephyr/lite-ish-lcov]     17 instances
[/mnt/host/source/src/platform/ec/build/zephyr/lite-ish-lcov]     10 coverpoints
[/mnt/host/source/src/platform/ec/build/zephyr/lite-ish-lcov] Message summary:
[/mnt/host/source/src/platform/ec/build/zephyr/lite-ish-lcov]   1 warning message:
[/mnt/host/source/src/platform/ec/build/zephyr/lite-ish-lcov]     format: 1
[/mnt/host/source/src/platform/ec/build/zephyr/lite-ish-lcov]   5 ignore messages:
[/mnt/host/source/src/platform/ec/build/zephyr/lite-ish-lcov]     gcov: 5
[dev-posix:singleimage] [91/256] Building C object zephyr/CMakeFiles/zephyr.dir/lib/os/cbprintf_packaged.c.obj
[dev-posix:singleimage] [92/256] Building C object zephyr/CMakeFiles/zephyr.dir/lib/os/clock.c.obj
[dev-posix:singleimage] [93/256] Building C object zephyr/CMakeFiles/zephyr.dir/lib/os/printk.c.obj
[domika:ro] [104/382] Building C object CMakeFiles/app.dir/mnt/host/source/src/platform/ec/build/zephyr/domika/modules/ec/common/usb_pd_pdo.c.obj
[domika:ro] [105/382] Building C object CMakeFiles/app.dir/mnt/host/source/src/platform/ec/build/zephyr/domika/modules/ec/common/usb_common.c.obj
[dev-posix:singleimage] [94/256] Building C object zephyr/CMakeFiles/zephyr.dir/lib/os/thread_entry.c.obj
[dev-posix:singleimage] [95/256] Building C object zephyr/CMakeFiles/zephyr.dir/lib/os/sem.c.obj
[domika:ro] [106/382] Building C object CMakeFiles/app.dir/mnt/host/source/src/platform/ec/build/zephyr/domika/modules/ec/common/usbc/usbc_task.c.obj
[dev-posix:singleimage] [96/256] Building C object zephyr/CMakeFiles/zephyr.dir/lib/os/cbprintf_nano.c.obj
[domika:rw] [75/382] Building C object CMakeFiles/app.dir/mnt/host/source/src/platform/ec/build/zephyr/domika/modules/ec/common/keyboard_scan.c.obj
[domika:ro] [107/382] Building C object CMakeFiles/app.dir/mnt/host/source/src/platform/ec/build/zephyr/domika/modules/ec/common/usbc/usb_pd_timer.c.obj
[domika:ro] [108/382] Building C object CMakeFiles/app.dir/mnt/host/source/src/platform/ec/build/zephyr/domika/modules/ec/common/usbc/usb_sm.c.obj
[domika:rw] [76/382] Building C object CMakeFiles/app.dir/mnt/host/source/src/platform/ec/build/zephyr/domika/modules/ec/common/keyboard_8042.c.obj
[/mnt/host/source/src/platform/ec/build/zephyr/kyogre-lcov]   /mnt/host/source/src/platform/ec/build/zephyr/kyogre/build-ro/zephyr/CMakeFiles/zephyr.dir/subsys/shell/modules/kernel_service/kernel_shell.c.gcno:no functions found
[/mnt/host/source/src/platform/ec/build/zephyr/kyogre-lcov] stderr:
[dev-posix:singleimage] [97/256] Building C object zephyr/CMakeFiles/zephyr.dir/lib/os/cbprintf.c.obj
[domika:rw] [77/382] Building C object CMakeFiles/app.dir/mnt/host/source/src/platform/ec/build/zephyr/domika/modules/ec/common/keyboard_8042_sharedlib.c.obj
[dev-posix:singleimage] [98/256] Building C object zephyr/CMakeFiles/zephyr.dir/lib/os/assert.c.obj
[domika:rw] [78/382] Building C object CMakeFiles/app.dir/mnt/host/source/src/platform/ec/build/zephyr/domika/modules/ec/common/mkbp_fifo.c.obj
[dev-posix:singleimage] [99/256] Building C object zephyr/CMakeFiles/zephyr.dir/lib/os/mpsc_pbuf.c.obj
[/mnt/host/source/src/platform/ec/build/zephyr/kyogre-lcov]   /mnt/host/source/src/platform/ec/build/zephyr/kyogre/build-ro/zephyr/CMakeFiles/zephyr.dir/lib/libc/validate_libc.c.gcno:no functions found
[/mnt/host/source/src/platform/ec/build/zephyr/kyogre-lcov] stderr:
[dev-posix:singleimage] [100/256] Building C object zephyr/CMakeFiles/zephyr.dir/lib/utils/dec.c.obj
[dev-posix:singleimage] [101/256] Building C object zephyr/CMakeFiles/zephyr.dir/lib/utils/hex.c.obj
[domika:ro] [109/382] Building C object CMakeFiles/app.dir/mnt/host/source/src/platform/ec/build/zephyr/domika/modules/ec/common/usbc_utils.c.obj
[domika:ro] [110/382] Building C object CMakeFiles/app.dir/mnt/host/source/src/platform/ec/build/zephyr/domika/modules/ec/common/usbc_intr_task.c.obj
[dev-posix:singleimage] [102/256] Building C object zephyr/CMakeFiles/zephyr.dir/lib/utils/timeutil.c.obj
[dev-posix:singleimage] [103/256] Building C object zephyr/CMakeFiles/zephyr.dir/lib/utils/rb.c.obj
[domika:ro] [111/382] Building C object CMakeFiles/app.dir/mnt/host/source/src/platform/ec/build/zephyr/domika/modules/ec/common/usb_pd_flags.c.obj
[domika:rw] [79/382] Building C object CMakeFiles/app.dir/mnt/host/source/src/platform/ec/build/zephyr/domika/modules/ec/common/mkbp_info.c.obj
[/mnt/host/source/src/platform/ec/build/zephyr/pujjogatwin-lcov]   /mnt/host/source/src/platform/ec/build/zephyr/pujjogatwin/build-ro/zephyr/arch/arch/arm/core/mpu/CMakeFiles/arch__arm__core__mpu.dir/arm_mpu_regions.c.gcno:no functions found
[/mnt/host/source/src/platform/ec/build/zephyr/pujjogatwin-lcov] stderr:
[dev-posix:singleimage] [104/256] Building C object zephyr/CMakeFiles/zephyr.dir/lib/utils/bitmask.c.obj
[dev-posix:singleimage] [105/256] Building C object zephyr/CMakeFiles/zephyr.dir/lib/utils/bitarray.c.obj
[kaladin-ish:singleimage] -- Generating done (6.5s)
[kaladin-ish:singleimage] CMake Warning:
[kaladin-ish:singleimage]   Manually-specified variables were not used by the project:
[kaladin-ish:singleimage]     COREBOOT_SDK_ROOT_arm
[kaladin-ish:singleimage]     COREBOOT_SDK_ROOT_libstdcxx_arm
[kaladin-ish:singleimage]     COREBOOT_SDK_ROOT_libstdcxx_riscv64
[domika:ro] [112/382] Building C object CMakeFiles/app.dir/mnt/host/source/src/platform/ec/build/zephyr/domika/modules/ec/common/usbc/usb_pd_console.c.obj
[kaladin-ish:singleimage]     COREBOOT_SDK_ROOT_nds32
[kaladin-ish:singleimage]     COREBOOT_SDK_ROOT_picolibc_arm
[kaladin-ish:singleimage]     COREBOOT_SDK_ROOT_picolibc_riscv64
[kaladin-ish:singleimage]     COREBOOT_SDK_ROOT_riscv
[kaladin-ish:singleimage]     COREBOOT_SDK_ROOT_riscv64
[kaladin-ish:singleimage]     PW_ROOT
[kaladin-ish:singleimage] -- Build files have been written to: /mnt/host/source/src/platform/ec/build/zephyr/kaladin-ish/build-singleimage
[domika:rw] [80/382] Building C object CMakeFiles/app.dir/mnt/host/source/src/platform/ec/build/zephyr/domika/modules/ec/common/mkbp_input_devices.c.obj
[domika:ro] [113/382] Building C object CMakeFiles/app.dir/mnt/host/source/src/platform/ec/build/zephyr/domika/modules/ec/common/chargen.c.obj
[domika:rw] [81/382] Building C object CMakeFiles/app.dir/mnt/host/source/src/platform/ec/build/zephyr/domika/modules/ec/common/keyboard_backlight.c.obj
[dev-posix:singleimage] [106/256] Building C object zephyr/CMakeFiles/zephyr.dir/lib/utils/getopt/getopt.c.obj
[dev-posix:singleimage] [107/256] Building C object zephyr/CMakeFiles/zephyr.dir/lib/utils/ring_buffer.c.obj
[domika:rw] [82/382] Building C object CMakeFiles/app.dir/mnt/host/source/src/platform/ec/build/zephyr/domika/modules/ec/common/led_common.c.obj
[dev-posix:singleimage] [108/256] Building C object zephyr/CMakeFiles/zephyr.dir/misc/generated/configs.c.obj
[dev-posix:singleimage] [109/256] Building C object zephyr/CMakeFiles/zephyr.dir/lib/utils/getopt/getopt_common.c.obj
[domika:ro] [114/382] Building C object CMakeFiles/app.dir/mnt/host/source/src/platform/ec/build/zephyr/domika/modules/ec/driver/usb_mux/virtual.c.obj
[domika:ro] [115/382] Building C object CMakeFiles/app.dir/mnt/host/source/src/platform/ec/build/zephyr/domika/modules/ec/driver/usb_mux/usb_mux.c.obj
[dev-posix:singleimage] [110/256] Building C object zephyr/CMakeFiles/zephyr.dir/subsys/logging/log_cache.c.obj
[/mnt/host/source/src/platform/ec/build/zephyr/pujjogatwin-lcov]   /mnt/host/source/src/platform/ec/build/zephyr/pujjogatwin/build-ro/zephyr/arch/common/CMakeFiles/isr_tables.dir/isr_tables.c.gcno:no functions found
[/mnt/host/source/src/platform/ec/build/zephyr/pujjogatwin-lcov] stderr:
[domika:rw] [83/382] Building C object CMakeFiles/app.dir/mnt/host/source/src/platform/ec/build/zephyr/domika/modules/ec/common/motion_lid.c.obj
[dev-posix:singleimage] [111/256] Building C object zephyr/CMakeFiles/zephyr.dir/subsys/logging/log_core.c.obj
[/mnt/host/source/src/platform/ec/build/zephyr/kyogre-lcov]   /mnt/host/source/src/platform/ec/build/zephyr/kyogre/build-ro/zephyr/CMakeFiles/zephyr.dir/lib/utils/last_section_id.c.gcno:no functions found
[/mnt/host/source/src/platform/ec/build/zephyr/kyogre-lcov] stderr:
[domika:rw] [84/382] Building C object CMakeFiles/app.dir/mnt/host/source/src/platform/ec/build/zephyr/domika/modules/ec/common/lid_angle.c.obj
[dev-posix:singleimage] [112/256] Building C object zephyr/CMakeFiles/zephyr.dir/subsys/logging/log_mgmt.c.obj
[domika:ro] [116/382] Building C object CMakeFiles/app.dir/mnt/host/source/src/platform/ec/build/zephyr/domika/modules/ec/common/usbc/usb_tc_drp_acc_trysrc_sm.c.obj
[domika:rw] [85/382] Building C object CMakeFiles/app.dir/mnt/host/source/src/platform/ec/build/zephyr/domika/modules/ec/common/lid_angle_keyboard_policy.c.obj
[domika:ro] [117/382] Building C object CMakeFiles/app.dir/mnt/host/source/src/platform/ec/build/zephyr/domika/modules/ec/common/usbc/usb_prl_sm.c.obj
[dev-posix:singleimage] [113/256] Building C object zephyr/CMakeFiles/zephyr.dir/subsys/logging/log_msg.c.obj
[domika:rw] [86/382] Building C object CMakeFiles/app.dir/mnt/host/source/src/platform/ec/build/zephyr/domika/modules/ec/common/lid_switch.c.obj
[/mnt/host/source/src/platform/ec/build/zephyr/teliks-lcov]   /mnt/host/source/src/platform/ec/build/zephyr/teliks/build-ro/zephyr/CMakeFiles/zephyr.dir/soc/ite/ec/it8xxx2/check_regs.c.gcno:no functions found
[/mnt/host/source/src/platform/ec/build/zephyr/teliks-lcov] stderr:
[dev-posix:singleimage] [114/256] Building C object zephyr/CMakeFiles/zephyr.dir/subsys/logging/backends/log_backend_native_posix.c.obj
[dev-posix:singleimage] [115/256] Building C object zephyr/CMakeFiles/zephyr.dir/subsys/logging/log_output.c.obj
[domika:ro] [118/382] Building C object CMakeFiles/app.dir/mnt/host/source/src/platform/ec/build/zephyr/domika/modules/ec/common/usbc/usb_pe_drp_sm.c.obj
[domika:ro] [119/382] Building C object CMakeFiles/app.dir/mnt/host/source/src/platform/ec/build/zephyr/domika/modules/ec/common/usbc/usbc_pd_policy.c.obj
[dev-posix:singleimage] [116/256] Building C object zephyr/CMakeFiles/zephyr.dir/subsys/tracing/tracing_none.c.obj
[dev-posix:singleimage] [117/256] Building C object zephyr/CMakeFiles/zephyr.dir/subsys/shell/modules/kernel_service/kernel_shell.c.obj
[domika:rw] [87/382] Building C object CMakeFiles/app.dir/mnt/host/source/src/platform/ec/build/zephyr/domika/modules/ec/common/port80.c.obj
[domika:rw] [88/382] Building C object CMakeFiles/app.dir/mnt/host/source/src/platform/ec/build/zephyr/domika/modules/ec/common/mkbp_event.c.obj
[domika:ro] [120/382] Building C object CMakeFiles/app.dir/mnt/host/source/src/platform/ec/build/zephyr/domika/modules/ec/common/usbc/usb_pd_dpm.c.obj
[dev-posix:singleimage] [118/256] Building C object zephyr/CMakeFiles/zephyr.dir/subsys/shell/modules/kernel_service/cycles.c.obj
[domika:rw] [89/382] Building C object CMakeFiles/app.dir/mnt/host/source/src/platform/ec/build/zephyr/domika/modules/ec/common/motion_sense.c.obj
[domika:ro] [121/382] Building C object CMakeFiles/app.dir/mnt/host/source/src/platform/ec/build/zephyr/domika/modules/ec/common/usbc/dp_alt_mode.c.obj
[dev-posix:singleimage] [119/256] Building C object zephyr/CMakeFiles/zephyr.dir/subsys/shell/modules/kernel_service/sleep.c.obj
[domika:rw] [90/382] Building C object CMakeFiles/app.dir/mnt/host/source/src/platform/ec/build/zephyr/domika/modules/ec/common/power_button.c.obj
[dev-posix:singleimage] [120/256] Building C object zephyr/CMakeFiles/zephyr.dir/subsys/shell/modules/kernel_service/uptime.c.obj
[domika:ro] [122/382] Building C object CMakeFiles/app.dir/mnt/host/source/src/platform/ec/build/zephyr/domika/modules/ec/common/usb_pd_console_cmd.c.obj
[domika:rw] [91/382] Building C object CMakeFiles/app.dir/mnt/host/source/src/platform/ec/build/zephyr/domika/modules/ec/power/hibernate.c.obj
[dev-posix:singleimage] [121/256] Building C object zephyr/CMakeFiles/zephyr.dir/subsys/shell/modules/kernel_service/version.c.obj
[dev-posix:singleimage] [122/256] Building C object zephyr/CMakeFiles/zephyr.dir/subsys/shell/modules/kernel_service/log-level.c.obj
[domika:ro] [123/382] Building C object CMakeFiles/app.dir/mnt/host/source/src/platform/ec/build/zephyr/domika/modules/ec/common/usbc/usb_pd_host.c.obj
[dev-posix:singleimage] [123/256] Building C object zephyr/CMakeFiles/zephyr.dir/subsys/shell/modules/kernel_service/thread/thread.c.obj
[domika:ro] [124/382] Building C object CMakeFiles/app.dir/mnt/host/source/src/platform/ec/build/zephyr/domika/modules/ec/common/usb_pd_host_cmd.c.obj
[dev-posix:singleimage] [124/256] Building C object zephyr/CMakeFiles/zephyr.dir/subsys/shell/modules/kernel_service/thread/list.c.obj
[domika:rw] [92/382] Building C object CMakeFiles/app.dir/mnt/host/source/src/platform/ec/build/zephyr/domika/modules/ec/common/panic_output.c.obj
[domika:rw] [93/382] Building C object CMakeFiles/app.dir/mnt/host/source/src/platform/ec/build/zephyr/domika/modules/ec/driver/sha256/sha256_it8xxx2.c.obj
[domika:rw] [94/382] Building C object CMakeFiles/app.dir/mnt/host/source/src/platform/ec/build/zephyr/domika/modules/ec/common/shared_mem.c.obj
[dev-posix:singleimage] [125/256] Building C object zephyr/CMakeFiles/zephyr.dir/subsys/shell/modules/kernel_service/thread/suspend.c.obj
[domika:ro] [125/382] Building C object CMakeFiles/app.dir/mnt/host/source/src/platform/ec/build/zephyr/domika/modules/ec/zephyr/shim/src/tcpc.c.obj
[dev-posix:singleimage] [126/256] Building C object zephyr/CMakeFiles/zephyr.dir/subsys/shell/modules/kernel_service/thread/stacks.c.obj
[domika:ro] [126/382] Building C object CMakeFiles/app.dir/mnt/host/source/src/platform/ec/build/zephyr/domika/modules/ec/common/usb_pd_host_cmd_common.c.obj
[domika:ro] [127/382] Building C object CMakeFiles/app.dir/mnt/host/source/src/platform/ec/build/zephyr/domika/modules/ec/common/usbc/svdm_rsp_dfp_only.c.obj
[dev-posix:singleimage] [127/256] Building C object zephyr/CMakeFiles/zephyr.dir/subsys/shell/modules/kernel_service/thread/resume.c.obj
[domika:rw] [95/382] Building C object CMakeFiles/app.dir/mnt/host/source/src/platform/ec/build/zephyr/domika/modules/ec/common/switch.c.obj
[domika:rw] [96/382] Building C object CMakeFiles/app.dir/mnt/host/source/src/platform/ec/build/zephyr/domika/modules/ec/common/tablet_mode.c.obj
[dev-posix:singleimage] [128/256] Building C object zephyr/CMakeFiles/zephyr.dir/subsys/shell/modules/kernel_service/thread/kill.c.obj
[dev-posix:singleimage] [129/256] Building C object zephyr/CMakeFiles/zephyr.dir/subsys/shell/backends/shell_uart.c.obj
[domika:ro] [128/382] Building C object CMakeFiles/app.dir/mnt/host/source/src/platform/ec/build/zephyr/domika/modules/ec/common/usbc_ocp.c.obj
[domika:rw] [97/382] Building C object CMakeFiles/app.dir/mnt/host/source/src/platform/ec/build/zephyr/domika/modules/ec/common/temp_sensor.c.obj
[dev-posix:singleimage] [130/256] Building C object zephyr/CMakeFiles/zephyr.dir/subsys/shell/shell.c.obj
[domika:rw] [98/382] Building C object CMakeFiles/app.dir/mnt/host/source/src/platform/ec/build/zephyr/domika/modules/ec/common/thermal.c.obj
[domika:ro] [129/382] Building C object CMakeFiles/app.dir/mnt/host/source/src/platform/ec/build/zephyr/domika/modules/ec/common/usb_pd_discovery.c.obj
[dev-posix:singleimage] [131/256] Building C object zephyr/CMakeFiles/zephyr.dir/subsys/shell/shell_fprintf.c.obj
[domika:rw] [99/382] Building C object CMakeFiles/app.dir/mnt/host/source/src/platform/ec/build/zephyr/domika/modules/ec/driver/temp_sensor/thermistor.c.obj
[domika:ro] [130/382] Building C object CMakeFiles/app.dir/mnt/host/source/src/platform/ec/build/zephyr/domika/modules/ec/common/usb_pd_dual_role.c.obj
[dev-posix:singleimage] [132/256] Building C object zephyr/CMakeFiles/zephyr.dir/subsys/shell/shell_utils.c.obj
[domika:ro] [131/382] Building C object CMakeFiles/app.dir/mnt/host/source/src/platform/ec/build/zephyr/domika/modules/ec/driver/tcpm/ps8xxx.c.obj
[domika:rw] [100/382] Building C object CMakeFiles/app.dir/mnt/host/source/src/platform/ec/build/zephyr/domika/modules/ec/common/timer.c.obj
[dev-posix:singleimage] [133/256] Building C object zephyr/CMakeFiles/zephyr.dir/subsys/shell/shell_ops.c.obj
[domika:rw] [101/382] Building C object CMakeFiles/app.dir/mnt/host/source/src/platform/ec/build/zephyr/domika/modules/ec/common/throttle_ap.c.obj
[domika:ro] [132/382] Building C object CMakeFiles/app.dir/mnt/host/source/src/platform/ec/build/zephyr/domika/modules/ec/driver/tcpm/tcpci.c.obj
[dev-posix:singleimage] [134/256] Building C object zephyr/CMakeFiles/zephyr.dir/subsys/shell/shell_log_backend.c.obj
[dev-posix:singleimage] [135/256] Building C object zephyr/CMakeFiles/zephyr.dir/subsys/shell/shell_help.c.obj
[domika:ro] [133/382] Building C object CMakeFiles/app.dir/mnt/host/source/src/platform/ec/build/zephyr/domika/modules/ec/driver/tcpm/ite_pd_intc.c.obj
[dev-posix:singleimage] [136/256] Building C object zephyr/arch/common/CMakeFiles/arch__common.dir/init.c.obj
[dev-posix:singleimage] [137/256] Linking C static library zephyr/arch/common/libarch__common.a
[dev-posix:singleimage] [138/256] Building C object zephyr/CMakeFiles/zephyr.dir/subsys/shell/shell_history.c.obj
[domika:rw] [102/382] Building C object CMakeFiles/app.dir/mnt/host/source/src/platform/ec/build/zephyr/domika/modules/ec/common/typec_control.c.obj
[dev-posix:singleimage] [139/256] Linking C static library zephyr/libzephyr.a
[domika:rw] [103/382] Building C object CMakeFiles/app.dir/mnt/host/source/src/platform/ec/build/zephyr/domika/modules/ec/common/usb_port_power_smart.c.obj
[dev-posix:singleimage] [140/256] Building C object zephyr/arch/arch/posix/core/CMakeFiles/arch__posix__core.dir/cpuhalt.c.obj
[domika:ro] [134/382] Building C object CMakeFiles/app.dir/mnt/host/source/src/platform/ec/build/zephyr/domika/modules/ec/common/vboot_hash.c.obj
[domika:ro] [135/382] Building C object CMakeFiles/app.dir/mnt/host/source/src/platform/ec/build/zephyr/domika/modules/ec/driver/tcpm/it8xxx2.c.obj
[domika:rw] [104/382] Building C object CMakeFiles/app.dir/mnt/host/source/src/platform/ec/build/zephyr/domika/modules/ec/common/usb_common.c.obj
[domika:ro] [136/382] Building C object CMakeFiles/app.dir/mnt/host/source/src/platform/ec/build/zephyr/domika/modules/ec/common/button.c.obj
[dev-posix:singleimage] [141/256] Building C object zephyr/arch/arch/posix/core/CMakeFiles/arch__posix__core.dir/fatal.c.obj
[/mnt/host/source/src/platform/ec/build/zephyr/pujjogatwin-lcov]   /mnt/host/source/src/platform/ec/build/zephyr/pujjogatwin/build-ro/zephyr/CMakeFiles/zephyr.dir/subsys/shell/modules/kernel_service/kernel_shell.c.gcno:no functions found
[/mnt/host/source/src/platform/ec/build/zephyr/pujjogatwin-lcov] stderr:
[dev-posix:singleimage] [142/256] Building C object zephyr/arch/arch/posix/core/CMakeFiles/arch__posix__core.dir/irq.c.obj
[domika:rw] [105/382] Building C object CMakeFiles/app.dir/mnt/host/source/src/platform/ec/build/zephyr/domika/modules/ec/common/usb_pd_pdo.c.obj
[dev-posix:singleimage] [143/256] Building C object zephyr/arch/arch/posix/core/CMakeFiles/arch__posix__core.dir/posix_core_nsi.c.obj
[dev-posix:singleimage] [144/256] Building C object zephyr/arch/arch/posix/core/CMakeFiles/arch__posix__core.dir/swap.c.obj
[domika:rw] [106/382] Building C object CMakeFiles/app.dir/mnt/host/source/src/platform/ec/build/zephyr/domika/modules/ec/common/usbc/usbc_task.c.obj
[dev-posix:singleimage] [145/256] Building C object zephyr/soc/soc/native/CMakeFiles/soc__native__inf_clock.dir/native_tasks.c.obj
[/mnt/host/source/src/platform/ec/build/zephyr/pujjogatwin-lcov]   /mnt/host/source/src/platform/ec/build/zephyr/pujjogatwin/build-ro/zephyr/CMakeFiles/zephyr.dir/lib/libc/validate_libc.c.gcno:no functions found
[/mnt/host/source/src/platform/ec/build/zephyr/pujjogatwin-lcov] stderr:
[domika:ro] [137/382] Building C object CMakeFiles/app.dir/mnt/host/source/src/platform/ec/build/zephyr/domika/modules/ec/common/vboot/efs2.c.obj
[dev-posix:singleimage] [146/256] Building C object zephyr/soc/soc/native/CMakeFiles/soc__native__inf_clock.dir/native_remap.c.obj
[dev-posix:singleimage] [147/256] Building C object zephyr/arch/arch/posix/core/CMakeFiles/arch__posix__core.dir/thread.c.obj
[dev-posix:singleimage] [148/256] Linking C static library zephyr/arch/arch/posix/core/libarch__posix__core.a
[dev-posix:singleimage] [149/256] Building C object zephyr/boards/native/native_sim/CMakeFiles/boards__native__native_sim.dir/cmdline.c.obj
[domika:ro] [138/382] Building C object CMakeFiles/app.dir/mnt/host/source/src/platform/ec/build/zephyr/domika/modules/ec/common/vstore.c.obj
[dev-posix:singleimage] [150/256] Building C object zephyr/soc/soc/native/CMakeFiles/soc__native__inf_clock.dir/soc.c.obj
[dev-posix:singleimage] [151/256] Linking C static library zephyr/soc/soc/native/libsoc__native__inf_clock.a
[domika:rw] [107/382] Building C object CMakeFiles/app.dir/mnt/host/source/src/platform/ec/build/zephyr/domika/modules/ec/common/usbc/usb_sm.c.obj
[domika:rw] [108/382] Building C object CMakeFiles/app.dir/mnt/host/source/src/platform/ec/build/zephyr/domika/modules/ec/common/usbc/usb_pd_timer.c.obj
[domika:ro] [139/382] Building C object CMakeFiles/app.dir/mnt/host/source/src/platform/ec/build/zephyr/domika/modules/ec/common/math_util.c.obj
[dev-posix:singleimage] [152/256] Building C object zephyr/boards/native/native_sim/CMakeFiles/boards__native__native_sim.dir/nsi_if.c.obj
[dev-posix:singleimage] [153/256] Building C object zephyr/boards/native/native_sim/CMakeFiles/boards__native__native_sim.dir/cpu_wait.c.obj
[domika:rw] [109/382] Building C object CMakeFiles/app.dir/mnt/host/source/src/platform/ec/build/zephyr/domika/modules/ec/common/usbc_utils.c.obj
[domika:rw] [110/382] Building C object CMakeFiles/app.dir/mnt/host/source/src/platform/ec/build/zephyr/domika/modules/ec/common/usbc_intr_task.c.obj
[dev-posix:singleimage] [154/256] Building C object zephyr/boards/native/native_sim/CMakeFiles/boards__native__native_sim.dir/misc.c.obj
[dev-posix:singleimage] [155/256] Building C object zephyr/boards/native/native_sim/CMakeFiles/boards__native__native_sim.dir/posix_arch_if.c.obj
[dev-posix:singleimage] [156/256] Building C object zephyr/boards/native/native_sim/CMakeFiles/boards__native__native_sim.dir/irq_handler.c.obj
[domika:ro] [140/382] Building C object CMakeFiles/app.dir/src/common.c.obj
[dev-posix:singleimage] [157/256] Building C object zephyr/subsys/crc/CMakeFiles/subsys__crc.dir/crc4_sw.c.obj
[dev-posix:singleimage] [158/256] Linking C static library zephyr/boards/native/native_sim/libboards__native__native_sim.a
[dev-posix:singleimage] [159/256] Building C object zephyr/subsys/crc/CMakeFiles/subsys__crc.dir/crc8_sw.c.obj
[domika:ro] [141/382] Building C object CMakeFiles/app.dir/src/board_power.c.obj
[domika:rw] [111/382] Building C object CMakeFiles/app.dir/mnt/host/source/src/platform/ec/build/zephyr/domika/modules/ec/common/usb_pd_flags.c.obj
[dev-posix:singleimage] [160/256] Building C object zephyr/subsys/crc/CMakeFiles/subsys__crc.dir/crc16_sw.c.obj
[dev-posix:singleimage] [161/256] Building C object zephyr/subsys/crc/CMakeFiles/subsys__crc.dir/crc7_sw.c.obj
[dev-posix:singleimage] [162/256] Building C object zephyr/subsys/crc/CMakeFiles/subsys__crc.dir/crc24_sw.c.obj
[domika:ro] [142/382] Building C object CMakeFiles/app.dir/domika/src/led.c.obj
[dev-posix:singleimage] [163/256] Building C object zephyr/subsys/crc/CMakeFiles/subsys__crc.dir/crc32_sw.c.obj
[dev-posix:singleimage] [164/256] Building C object zephyr/subsys/crc/CMakeFiles/subsys__crc.dir/crc32c_sw.c.obj
[dev-posix:singleimage] [165/256] Building C object zephyr/subsys/crc/CMakeFiles/subsys__crc.dir/crc32k_4_2_sw.c.obj
[dev-posix:singleimage] [166/256] Linking C static library zephyr/subsys/crc/libsubsys__crc.a
[dev-posix:singleimage] [167/256] Building C object zephyr/drivers/interrupt_controller/CMakeFiles/drivers__interrupt_controller.dir/mnt/host/source/src/third_party/zephyr/main/misc/empty_file.c.obj
[/mnt/host/source/src/platform/ec/build/zephyr/pujjogatwin-lcov]   /mnt/host/source/src/platform/ec/build/zephyr/pujjogatwin/build-ro/zephyr/CMakeFiles/zephyr.dir/lib/utils/last_section_id.c.gcno:no functions found
[/mnt/host/source/src/platform/ec/build/zephyr/pujjogatwin-lcov] stderr:
[dev-posix:singleimage] [168/256] Linking C static library zephyr/drivers/interrupt_controller/libdrivers__interrupt_controller.a
[domika:rw] [112/382] Building C object CMakeFiles/app.dir/mnt/host/source/src/platform/ec/build/zephyr/domika/modules/ec/common/chargen.c.obj
[domika:rw] [113/382] Building C object CMakeFiles/app.dir/mnt/host/source/src/platform/ec/build/zephyr/domika/modules/ec/common/usbc/usb_pd_console.c.obj
[domika:ro] [143/382] Building C object CMakeFiles/app.dir/domika/src/keyboard.c.obj
[domika:rw] [114/382] Building C object CMakeFiles/app.dir/mnt/host/source/src/platform/ec/build/zephyr/domika/modules/ec/driver/usb_mux/virtual.c.obj
[domika:ro] [144/382] Building C object CMakeFiles/app.dir/domika/src/board.c.obj
[dev-posix:singleimage] [169/256] Building C object zephyr/subsys/emul/CMakeFiles/subsys__emul.dir/emul.c.obj
[domika:ro] [145/382] Building C object CMakeFiles/app.dir/domika/src/thermal.c.obj
[dev-posix:singleimage] [170/256] Linking C static library zephyr/subsys/emul/libsubsys__emul.a
[dev-posix:singleimage] [171/256] Building C object zephyr/drivers/console/CMakeFiles/drivers__console.dir/posix_arch_console.c.obj
[domika:rw] [115/382] Building C object CMakeFiles/app.dir/mnt/host/source/src/platform/ec/build/zephyr/domika/modules/ec/driver/usb_mux/usb_mux.c.obj
[dev-posix:singleimage] [172/256] Building C object zephyr/drivers/console/CMakeFiles/drivers__console.dir/uart_console.c.obj
[dev-posix:singleimage] [173/256] Linking C static library zephyr/drivers/console/libdrivers__console.a
[/mnt/host/source/src/platform/ec/build/zephyr/teliks-lcov]   /mnt/host/source/src/platform/ec/build/zephyr/teliks/build-ro/zephyr/drivers/sensor/CMakeFiles/drivers__sensor.dir/mnt/host/source/src/third_party/zephyr/main/misc/empty_file.c.gcno:no functions found
[/mnt/host/source/src/platform/ec/build/zephyr/teliks-lcov] stderr:
[domika:ro] [146/382] Building C object CMakeFiles/app.dir/domika/src/usbc.c.obj
[domika:ro] [147/382] Building C object CMakeFiles/app.dir/domika/src/charger.c.obj
[dev-posix:singleimage] [174/256] Building C object zephyr/drivers/i2c/CMakeFiles/drivers__i2c.dir/i2c_common.c.obj
[/mnt/host/source/src/platform/ec/build/zephyr/teliks-lcov]   /mnt/host/source/src/platform/ec/build/zephyr/teliks/build-rw/modules/ec/zephyr/CMakeFiles/ec_shim.dir/shim/src/thermal.c.gcno:no functions found
[/mnt/host/source/src/platform/ec/build/zephyr/teliks-lcov] stderr:
[domika:rw] [116/382] Building C object CMakeFiles/app.dir/mnt/host/source/src/platform/ec/build/zephyr/domika/modules/ec/common/usbc/usb_tc_drp_acc_trysrc_sm.c.obj
[dev-posix:singleimage] [175/256] Building C object zephyr/drivers/gpio/CMakeFiles/drivers__gpio.dir/gpio_emul.c.obj
[dev-posix:singleimage] [176/256] Linking C static library zephyr/drivers/gpio/libdrivers__gpio.a
[domika:ro] [148/382] Building C object zephyr/CMakeFiles/zephyr.dir/lib/heap/heap.c.obj
[domika:ro] [149/382] Building C object CMakeFiles/app.dir/domika/src/fan.c.obj
[dev-posix:singleimage] [177/256] Building C object zephyr/drivers/sensor/CMakeFiles/drivers__sensor.dir/mnt/host/source/src/third_party/zephyr/main/misc/empty_file.c.obj
[domika:ro] [150/382] Building C object zephyr/CMakeFiles/zephyr.dir/lib/libc/validate_libc.c.obj
[dev-posix:singleimage] [178/256] Linking C static library zephyr/drivers/sensor/libdrivers__sensor.a
[dev-posix:singleimage] [179/256] Building C object zephyr/drivers/i2c/CMakeFiles/drivers__i2c.dir/i2c_emul.c.obj
[domika:rw] [117/382] Building C object CMakeFiles/app.dir/mnt/host/source/src/platform/ec/build/zephyr/domika/modules/ec/common/usbc/usb_prl_sm.c.obj
[/mnt/host/source/src/platform/ec/build/zephyr/teliks-lcov]   /mnt/host/source/src/platform/ec/build/zephyr/teliks/build-rw/modules/ec/zephyr/CMakeFiles/ec_shim.dir/shim/src/battery.c.gcno:no functions found
[/mnt/host/source/src/platform/ec/build/zephyr/teliks-lcov] stderr:
[domika:rw] [118/382] Building C object CMakeFiles/app.dir/mnt/host/source/src/platform/ec/build/zephyr/domika/modules/ec/common/usbc/usbc_pd_policy.c.obj
[domika:rw] [119/382] Building C object CMakeFiles/app.dir/mnt/host/source/src/platform/ec/build/zephyr/domika/modules/ec/common/usbc/usb_pd_dpm.c.obj
[domika:ro] [151/382] Linking C static library app/libapp.a
[dev-posix:singleimage] [180/256] Building C object zephyr/drivers/i2c/CMakeFiles/drivers__i2c.dir/i2c_shell.c.obj
[/mnt/host/source/src/platform/ec/build/zephyr/teliks-lcov]   /mnt/host/source/src/platform/ec/build/zephyr/teliks/build-rw/modules/ec/zephyr/CMakeFiles/ec_shim.dir/shim/src/charger.c.gcno:no functions found
[dev-posix:singleimage] [181/256] Linking C static library zephyr/drivers/i2c/libdrivers__i2c.a
[/mnt/host/source/src/platform/ec/build/zephyr/teliks-lcov] stderr:
[domika:ro] [152/382] Building C object zephyr/CMakeFiles/zephyr.dir/lib/os/cbprintf_packaged.c.obj
[domika:rw] [120/382] Building C object CMakeFiles/app.dir/mnt/host/source/src/platform/ec/build/zephyr/domika/modules/ec/common/usbc/usb_pe_drp_sm.c.obj
[domika:ro] [153/382] Building C object zephyr/CMakeFiles/zephyr.dir/lib/os/clock.c.obj
[domika:ro] [154/382] Building C object zephyr/CMakeFiles/zephyr.dir/lib/os/printk.c.obj
[dev-posix:singleimage] [182/256] Building C object zephyr/drivers/sensor/bosch/bmi160/CMakeFiles/drivers__sensor__bosch__bmi160.dir/bmi160.c.obj
[dev-posix:singleimage] [183/256] Building C object zephyr/drivers/serial/CMakeFiles/drivers__serial.dir/uart_native_pty.c.obj
[dev-posix:singleimage] [184/256] Linking C static library zephyr/drivers/serial/libdrivers__serial.a
[domika:ro] [155/382] Building C object zephyr/CMakeFiles/zephyr.dir/lib/os/sem.c.obj
[dev-posix:singleimage] [185/256] Building C object zephyr/drivers/sensor/bosch/bmi160/CMakeFiles/drivers__sensor__bosch__bmi160.dir/emul_bmi160.c.obj
[dev-posix:singleimage] [186/256] Building C object zephyr/drivers/syscon/CMakeFiles/drivers__syscon.dir/mnt/host/source/src/third_party/zephyr/main/misc/empty_file.c.obj
[dev-posix:singleimage] [187/256] Linking C static library zephyr/drivers/sensor/bosch/bmi160/libdrivers__sensor__bosch__bmi160.a
[dev-posix:singleimage] [188/256] Linking C static library zephyr/drivers/syscon/libdrivers__syscon.a
[domika:ro] [156/382] Building C object zephyr/CMakeFiles/zephyr.dir/lib/os/thread_entry.c.obj
[domika:rw] [121/382] Building C object CMakeFiles/app.dir/mnt/host/source/src/platform/ec/build/zephyr/domika/modules/ec/common/usbc/dp_alt_mode.c.obj
[domika:ro] [157/382] Building C object zephyr/CMakeFiles/zephyr.dir/lib/os/cbprintf_nano.c.obj
[domika:ro] [158/382] Building C object zephyr/CMakeFiles/zephyr.dir/lib/utils/dec.c.obj
[domika:rw] [122/382] Building C object CMakeFiles/app.dir/mnt/host/source/src/platform/ec/build/zephyr/domika/modules/ec/common/usb_pd_console_cmd.c.obj
[domika:rw] [123/382] Building C object CMakeFiles/app.dir/mnt/host/source/src/platform/ec/build/zephyr/domika/modules/ec/common/usbc/usb_pd_host.c.obj
[domika:ro] [159/382] Building C object zephyr/CMakeFiles/zephyr.dir/lib/os/cbprintf.c.obj
[dev-posix:singleimage] [189/256] Building C object zephyr/drivers/timer/CMakeFiles/drivers__timer.dir/sys_clock_init.c.obj
[domika:rw] [124/382] Building C object CMakeFiles/app.dir/mnt/host/source/src/platform/ec/build/zephyr/domika/modules/ec/common/usb_pd_host_cmd.c.obj
[dev-posix:singleimage] [190/256] Building C object zephyr/drivers/timer/CMakeFiles/drivers__timer.dir/native_sim_timer.c.obj
[domika:ro] [160/382] Building C object zephyr/CMakeFiles/zephyr.dir/lib/utils/hex.c.obj
[dev-posix:singleimage] [191/256] Linking C static library zephyr/drivers/timer/libdrivers__timer.a
[/mnt/host/source/src/platform/ec/build/zephyr/teliks-lcov]   /mnt/host/source/src/platform/ec/build/zephyr/teliks/build-rw/modules/ec/zephyr/CMakeFiles/ec_shim.dir/shim/src/usb_muxes.c.gcno:no functions found
[/mnt/host/source/src/platform/ec/build/zephyr/teliks-lcov] stderr:
[domika:ro] [161/382] Building C object zephyr/CMakeFiles/zephyr.dir/lib/os/assert.c.obj
[domika:ro] [162/382] Building C object zephyr/CMakeFiles/zephyr.dir/lib/utils/timeutil.c.obj
[domika:ro] [163/382] Building C object zephyr/CMakeFiles/zephyr.dir/lib/utils/bitmask.c.obj
[domika:rw] [125/382] Building C object CMakeFiles/app.dir/mnt/host/source/src/platform/ec/build/zephyr/domika/modules/ec/zephyr/shim/src/tcpc.c.obj
[dev-posix:singleimage] [192/256] Building C object modules/ec/zephyr/CMakeFiles/ec_shim.dir/app/ec/ec_app_main.c.obj
[dev-posix:singleimage] [193/256] Building C object modules/ec/zephyr/CMakeFiles/ec_shim.dir/app/ec/main_shim.c.obj
[domika:ro] [164/382] Building C object zephyr/CMakeFiles/zephyr.dir/lib/utils/ring_buffer.c.obj
[domika:ro] [165/382] Building C object zephyr/CMakeFiles/zephyr.dir/lib/utils/rb.c.obj
[domika:rw] [126/382] Building C object CMakeFiles/app.dir/mnt/host/source/src/platform/ec/build/zephyr/domika/modules/ec/common/usb_pd_host_cmd_common.c.obj
[dev-posix:singleimage] [194/256] Building C object modules/ec/zephyr/CMakeFiles/ec_shim.dir/drivers/cros_system/cros_system_native_posix.c.obj
[domika:ro] [166/382] Building C object zephyr/CMakeFiles/zephyr.dir/lib/utils/bitarray.c.obj
[domika:ro] [167/382] Building C object zephyr/CMakeFiles/zephyr.dir/lib/utils/last_section_id.c.obj
[domika:rw] [127/382] Building C object CMakeFiles/app.dir/mnt/host/source/src/platform/ec/build/zephyr/domika/modules/ec/common/usbc/svdm_rsp_dfp_only.c.obj
[/mnt/host/source/src/platform/ec/build/zephyr/teliks-lcov]   /mnt/host/source/src/platform/ec/build/zephyr/teliks/build-rw/modules/ec/zephyr/CMakeFiles/ec_shim.dir/shim/src/usba.c.gcno:no functions found
[/mnt/host/source/src/platform/ec/build/zephyr/teliks-lcov] stderr:
[domika:ro] [168/382] Building C object zephyr/CMakeFiles/zephyr.dir/misc/generated/configs.c.obj
[domika:ro] [169/382] Building C object zephyr/CMakeFiles/zephyr.dir/lib/utils/getopt/getopt_common.c.obj
[domika:rw] [128/382] Building C object CMakeFiles/app.dir/mnt/host/source/src/platform/ec/build/zephyr/domika/modules/ec/common/usbc_ocp.c.obj
[domika:rw] [129/382] Building C object CMakeFiles/app.dir/mnt/host/source/src/platform/ec/build/zephyr/domika/modules/ec/common/usb_pd_discovery.c.obj
[domika:ro] [170/382] Building C object zephyr/CMakeFiles/zephyr.dir/lib/utils/getopt/getopt.c.obj
[domika:ro] [171/382] Building ASM object zephyr/CMakeFiles/zephyr.dir/soc/ite/ec/common/soc_irq.S.obj
[dev-posix:singleimage] [195/256] Building C object modules/ec/zephyr/CMakeFiles/ec_shim.dir/emul/tcpc/emul_tcpci_generic.c.obj
[dev-posix:singleimage] [196/256] Building C object modules/ec/zephyr/CMakeFiles/ec_shim.dir/emul/tcpc/emul_tcpci.c.obj
[dev-posix:singleimage] [197/256] Building C object modules/ec/zephyr/CMakeFiles/ec_shim.dir/emul/emul_pi3usb9201.c.obj
[domika:rw] [130/382] Building C object CMakeFiles/app.dir/mnt/host/source/src/platform/ec/build/zephyr/domika/modules/ec/common/usb_pd_dual_role.c.obj
[domika:ro] [172/382] Building C object zephyr/CMakeFiles/zephyr.dir/soc/ite/ec/common/soc_common_irq.c.obj
[domika:ro] [173/382] Building C object zephyr/CMakeFiles/zephyr.dir/soc/ite/ec/common/power.c.obj
[domika:ro] [174/382] Building C object zephyr/CMakeFiles/zephyr.dir/soc/ite/ec/common/policy.c.obj
[domika:ro] [175/382] Building C object zephyr/CMakeFiles/zephyr.dir/soc/ite/ec/it8xxx2/check_regs.c.obj
[domika:ro] [176/382] Building ASM object zephyr/CMakeFiles/zephyr.dir/soc/ite/ec/it8xxx2/__arithmetic.S.obj
[domika:rw] [131/382] Building C object CMakeFiles/app.dir/mnt/host/source/src/platform/ec/build/zephyr/domika/modules/ec/driver/tcpm/ps8xxx.c.obj
[domika:ro] [177/382] Building ASM object zephyr/CMakeFiles/zephyr.dir/soc/ite/ec/it8xxx2/vector.S.obj
[dev-posix:singleimage] [198/256] Building C object modules/ec/zephyr/CMakeFiles/ec_shim.dir/emul/emul_common_i2c.c.obj
[dev-posix:singleimage] [199/256] Building C object modules/ec/zephyr/CMakeFiles/ec_shim.dir/emul/emul_isl923x.c.obj
[domika:ro] [178/382] Building C object zephyr/CMakeFiles/zephyr.dir/soc/ite/ec/it8xxx2/soc.c.obj
[domika:rw] [132/382] Building C object CMakeFiles/app.dir/mnt/host/source/src/platform/ec/build/zephyr/domika/modules/ec/driver/tcpm/ite_pd_intc.c.obj
[domika:rw] [133/382] Building C object CMakeFiles/app.dir/mnt/host/source/src/platform/ec/build/zephyr/domika/modules/ec/driver/tcpm/tcpci.c.obj
[dev-posix:singleimage] [200/256] Building C object modules/ec/zephyr/CMakeFiles/ec_shim.dir/emul/emul_smart_battery.c.obj
[domika:rw] [134/382] Building C object CMakeFiles/app.dir/mnt/host/source/src/platform/ec/build/zephyr/domika/modules/ec/driver/tcpm/it8xxx2.c.obj
[dev-posix:singleimage] [201/256] Building C object modules/ec/zephyr/CMakeFiles/ec_shim.dir/shim/chip/stub/clock.c.obj
[domika:ro] [179/382] Building C object zephyr/CMakeFiles/zephyr.dir/subsys/logging/log_minimal.c.obj
[domika:ro] [180/382] Building C object zephyr/CMakeFiles/zephyr.dir/subsys/pm/state.c.obj
[domika:ro] [181/382] Building C object zephyr/CMakeFiles/zephyr.dir/subsys/pm/pm.c.obj
[domika:rw] [135/382] Building C object CMakeFiles/app.dir/mnt/host/source/src/platform/ec/build/zephyr/domika/modules/ec/common/vboot_hash.c.obj
[domika:ro] [182/382] Building C object zephyr/CMakeFiles/zephyr.dir/soc/ite/ec/it8xxx2/ilm.c.obj
[dev-posix:singleimage] [202/256] Building C object modules/ec/zephyr/CMakeFiles/ec_shim.dir/shim/src/crc.c.obj
[dev-posix:singleimage] [203/256] Building C object modules/ec/zephyr/CMakeFiles/ec_shim.dir/emul/emul_sn5s330.c.obj
[domika:ro] [183/382] Building C object zephyr/CMakeFiles/zephyr.dir/subsys/pm/policy/policy_events.c.obj
[domika:rw] [136/382] Building C object CMakeFiles/app.dir/mnt/host/source/src/platform/ec/build/zephyr/domika/modules/ec/common/button.c.obj
[dev-posix:singleimage] [204/256] Building C object modules/ec/zephyr/CMakeFiles/ec_shim.dir/shim/src/console.c.obj
[domika:rw] [137/382] Building C object CMakeFiles/app.dir/mnt/host/source/src/platform/ec/build/zephyr/domika/modules/ec/common/vboot/efs2.c.obj
[domika:ro] [184/382] Building C object zephyr/CMakeFiles/zephyr.dir/subsys/pm/policy/policy_state_lock.c.obj
[domika:rw] [138/382] Building C object CMakeFiles/app.dir/mnt/host/source/src/platform/ec/build/zephyr/domika/modules/ec/common/vstore.c.obj
[domika:ro] [185/382] Building C object zephyr/CMakeFiles/zephyr.dir/subsys/pm/policy/policy_latency.c.obj
[dev-posix:singleimage] [205/256] Building C object modules/ec/zephyr/CMakeFiles/ec_shim.dir/shim/src/gpio.c.obj
[dev-posix:singleimage] [206/256] Building C object modules/ec/zephyr/CMakeFiles/ec_shim.dir/shim/src/gpio_int.c.obj
[domika:rw] [139/382] Building C object CMakeFiles/app.dir/mnt/host/source/src/platform/ec/build/zephyr/domika/modules/ec/common/math_util.c.obj
[domika:ro] [186/382] Building C object zephyr/CMakeFiles/zephyr.dir/subsys/pm/device_system_managed.c.obj
[dev-posix:singleimage] [207/256] Building C object modules/ec/zephyr/CMakeFiles/ec_shim.dir/shim/src/panic_utils.c.obj
[domika:ro] [187/382] Building C object zephyr/CMakeFiles/zephyr.dir/subsys/pm/device.c.obj
[domika:ro] [188/382] Building C object zephyr/CMakeFiles/zephyr.dir/subsys/testsuite/coverage/coverage.c.obj
[domika:rw] [140/382] Building C object CMakeFiles/app.dir/src/common.c.obj
[dev-posix:singleimage] [208/256] Building C object modules/ec/zephyr/CMakeFiles/ec_shim.dir/shim/src/cbi/cros_cbi.c.obj
[dev-posix:singleimage] [209/256] Building C object modules/ec/zephyr/CMakeFiles/ec_shim.dir/shim/src/ztest_system.c.obj
[domika:ro] [189/382] Building C object zephyr/CMakeFiles/zephyr.dir/subsys/tracing/tracing_none.c.obj
[domika:rw] [141/382] Building C object CMakeFiles/app.dir/src/board_power.c.obj
[dev-posix:singleimage] [210/256] Building C object modules/ec/zephyr/CMakeFiles/ec_shim.dir/shim/src/battery.c.obj
[domika:ro] [190/382] Building C object zephyr/CMakeFiles/zephyr.dir/subsys/shell/backends/shell_uart.c.obj
[dev-posix:singleimage] [211/256] Building C object modules/ec/zephyr/CMakeFiles/ec_shim.dir/shim/src/charger.c.obj
[domika:rw] [142/382] Building C object CMakeFiles/app.dir/domika/src/keyboard.c.obj
[domika:ro] [191/382] Building C object zephyr/CMakeFiles/zephyr.dir/subsys/shell/shell_fprintf.c.obj
[domika:rw] [143/382] Building C object CMakeFiles/app.dir/domika/src/led.c.obj
[domika:ro] [192/382] Building C object zephyr/CMakeFiles/zephyr.dir/subsys/shell/shell.c.obj
[domika:rw] [144/382] Building C object CMakeFiles/app.dir/domika/src/board.c.obj
[dev-posix:singleimage] [212/256] Building C object modules/ec/zephyr/CMakeFiles/ec_shim.dir/shim/src/hooks.c.obj
[domika:ro] [193/382] Building C object zephyr/CMakeFiles/zephyr.dir/subsys/shell/shell_utils.c.obj
[domika:rw] [145/382] Building C object CMakeFiles/app.dir/domika/src/thermal.c.obj
[dev-posix:singleimage] [213/256] Building C object modules/ec/zephyr/CMakeFiles/ec_shim.dir/shim/src/host_command.c.obj
[domika:ro] [194/382] Building C object zephyr/CMakeFiles/zephyr.dir/subsys/shell/shell_ops.c.obj
[dev-posix:singleimage] [214/256] Building C object modules/ec/zephyr/CMakeFiles/ec_shim.dir/shim/src/console_buffer.c.obj
[dev-posix:singleimage] [215/256] Building C object modules/ec/zephyr/CMakeFiles/ec_shim.dir/shim/src/panic.c.obj
[dev-posix:singleimage] [216/256] Building C object modules/ec/zephyr/CMakeFiles/ec_shim.dir/shim/src/hwtimer.c.obj
[domika:ro] [195/382] Building C object zephyr/CMakeFiles/zephyr.dir/drivers/flash/flash_util.c.obj
[domika:ro] [196/382] Building C object zephyr/arch/common/CMakeFiles/arch__common.dir/dynamic_isr.c.obj
[domika:ro] [197/382] Building C object zephyr/arch/common/CMakeFiles/arch__common.dir/sw_isr_common.c.obj
[domika:rw] [146/382] Building C object zephyr/CMakeFiles/zephyr.dir/lib/libc/validate_libc.c.obj
[domika:ro] [198/382] Linking C static library zephyr/libzephyr.a
[domika:ro] [199/382] Building C object zephyr/arch/common/CMakeFiles/arch__common.dir/init.c.obj
[domika:rw] [147/382] Building C object CMakeFiles/app.dir/domika/src/usbc.c.obj
[domika:rw] [148/382] Building C object CMakeFiles/app.dir/domika/src/charger.c.obj
[/mnt/host/source/src/platform/ec/build/zephyr/teliks-lcov]   /mnt/host/source/src/platform/ec/build/zephyr/teliks/build-rw/modules/ec/zephyr/CMakeFiles/ec_shim.dir/shim/src/keyscan.c.gcno:no functions found
[/mnt/host/source/src/platform/ec/build/zephyr/teliks-lcov] stderr:
[domika:rw] [149/382] Building C object CMakeFiles/app.dir/domika/src/fan.c.obj
[dev-posix:singleimage] [217/256] Building C object modules/ec/zephyr/CMakeFiles/ec_shim.dir/shim/src/bc12.c.obj
[domika:rw] [150/382] Building C object zephyr/CMakeFiles/zephyr.dir/lib/heap/heap.c.obj
[dev-posix:singleimage] [218/256] Building C object modules/ec/zephyr/CMakeFiles/ec_shim.dir/shim/src/i2c.c.obj
[domika:rw] [151/382] Linking C static library app/libapp.a
[domika:ro] [200/382] Building C object zephyr/arch/common/CMakeFiles/arch__common.dir/xip.c.obj
[domika:ro] [201/382] Building C object zephyr/arch/common/CMakeFiles/isr_tables.dir/isr_tables.c.obj
[dev-posix:singleimage] [219/256] Building C object modules/ec/zephyr/CMakeFiles/ec_shim.dir/shim/src/tasks.c.obj
[domika:ro] [202/382] Building C object zephyr/arch/arch/riscv/core/CMakeFiles/arch__riscv__core.dir/cpu_idle.c.obj
[domika:ro] [203/382] Linking C static library zephyr/arch/common/libisr_tables.a
[domika:ro] [204/382] Linking C static library zephyr/arch/common/libarch__common.a
[domika:ro] [205/382] Building C object zephyr/arch/arch/riscv/core/CMakeFiles/arch__riscv__core.dir/prep_c.c.obj
[domika:rw] [152/382] Building C object zephyr/CMakeFiles/zephyr.dir/lib/os/cbprintf_packaged.c.obj
[domika:rw] [153/382] Building C object zephyr/CMakeFiles/zephyr.dir/lib/os/clock.c.obj
[domika:ro] [206/382] Building C object zephyr/arch/arch/riscv/core/CMakeFiles/arch__riscv__core.dir/irq_manage.c.obj
[dev-posix:singleimage] [220/256] Building C object modules/ec/zephyr/CMakeFiles/ec_shim.dir/shim/src/bc12_pi3usb9201.c.obj
[domika:ro] [207/382] Building C object zephyr/arch/arch/riscv/core/CMakeFiles/arch__riscv__core.dir/fatal.c.obj
[dev-posix:singleimage] [221/256] Building C object modules/ec/zephyr/CMakeFiles/ec_shim.dir/shim/src/ppc.c.obj
[domika:rw] [154/382] Building C object zephyr/CMakeFiles/zephyr.dir/lib/os/printk.c.obj
[domika:rw] [155/382] Building C object zephyr/CMakeFiles/zephyr.dir/lib/os/sem.c.obj
[dev-posix:singleimage] [222/256] Building C object modules/ec/zephyr/CMakeFiles/ec_shim.dir/shim/src/usb_muxes.c.obj
[dev-posix:singleimage] [223/256] Linking C static library modules/ec/zephyr/libec_shim.a
[dev-posix:singleimage] [224/256] Building C object zephyr/kernel/CMakeFiles/kernel.dir/main_weak.c.obj
[dev-posix:singleimage] [225/256] Building C object zephyr/kernel/CMakeFiles/kernel.dir/banner.c.obj
[/mnt/host/source/src/platform/ec/build/zephyr/pujjogatwin-lcov]   /mnt/host/source/src/platform/ec/build/zephyr/pujjogatwin/build-ro/zephyr/CMakeFiles/zephyr.dir/soc/nuvoton/npcx/common/npcxn/registers.c.gcno:no functions found
[/mnt/host/source/src/platform/ec/build/zephyr/pujjogatwin-lcov] stderr:
[domika:rw] [156/382] Building C object zephyr/CMakeFiles/zephyr.dir/lib/utils/dec.c.obj
[domika:rw] [157/382] Building C object zephyr/CMakeFiles/zephyr.dir/lib/os/thread_entry.c.obj
[domika:ro] [208/382] Building ASM object zephyr/arch/arch/riscv/core/CMakeFiles/arch__riscv__core.dir/reset.S.obj
[domika:ro] [209/382] Building C object zephyr/arch/arch/riscv/core/CMakeFiles/arch__riscv__core.dir/reboot.c.obj
[domika:ro] [210/382] Building ASM object zephyr/arch/arch/riscv/core/CMakeFiles/arch__riscv__core.dir/switch.S.obj
[domika:ro] [211/382] Generating ../../../include/generated/libc/minimal/strerror_table.h
[domika:rw] [158/382] Building C object zephyr/CMakeFiles/zephyr.dir/lib/os/cbprintf_nano.c.obj
[domika:rw] [159/382] Building C object zephyr/CMakeFiles/zephyr.dir/lib/utils/hex.c.obj
[domika:rw] [160/382] Building C object zephyr/CMakeFiles/zephyr.dir/lib/os/cbprintf.c.obj
[/mnt/host/source/src/platform/ec/build/zephyr/kyogre-lcov]   /mnt/host/source/src/platform/ec/build/zephyr/kyogre/build-ro/zephyr/CMakeFiles/zephyr.dir/soc/nuvoton/npcx/common/npcxn/registers.c.gcno:no functions found
[/mnt/host/source/src/platform/ec/build/zephyr/kyogre-lcov] stderr:
[dev-posix:singleimage] [226/256] Building C object zephyr/kernel/CMakeFiles/kernel.dir/device.c.obj
[domika:ro] [212/382] Building C object zephyr/arch/arch/riscv/core/CMakeFiles/arch__riscv__core.dir/thread.c.obj
[domika:rw] [161/382] Building C object zephyr/CMakeFiles/zephyr.dir/lib/os/assert.c.obj
[domika:ro] [213/382] Building ASM object zephyr/arch/arch/riscv/core/CMakeFiles/arch__riscv__core.dir/isr.S.obj
[dev-posix:singleimage] [227/256] Building C object zephyr/kernel/CMakeFiles/kernel.dir/busy_wait.c.obj
[dev-posix:singleimage] [228/256] Building C object zephyr/kernel/CMakeFiles/kernel.dir/errno.c.obj
[domika:rw] [162/382] Building C object zephyr/CMakeFiles/zephyr.dir/lib/utils/bitmask.c.obj
[domika:ro] [214/382] Building C object zephyr/lib/libc/minimal/CMakeFiles/lib__libc__minimal.dir/source/stdlib/atoi.c.obj
[domika:ro] [215/382] Building C object zephyr/lib/libc/minimal/CMakeFiles/lib__libc__minimal.dir/source/stdlib/strtoul.c.obj
[domika:rw] [163/382] Building C object zephyr/CMakeFiles/zephyr.dir/lib/utils/timeutil.c.obj
[domika:ro] [216/382] Building C object zephyr/lib/libc/minimal/CMakeFiles/lib__libc__minimal.dir/source/stdlib/strtol.c.obj
[domika:ro] [217/382] Building C object zephyr/lib/libc/minimal/CMakeFiles/lib__libc__minimal.dir/source/stdlib/strtoll.c.obj
[dev-posix:singleimage] [229/256] Building C object zephyr/kernel/CMakeFiles/kernel.dir/fatal.c.obj
[dev-posix:singleimage] [230/256] Building C object zephyr/kernel/CMakeFiles/kernel.dir/kheap.c.obj
[domika:ro] [218/382] Building C object zephyr/lib/libc/minimal/CMakeFiles/lib__libc__minimal.dir/source/stdlib/bsearch.c.obj
[dev-posix:singleimage] [231/256] Building C object zephyr/kernel/CMakeFiles/kernel.dir/init.c.obj
[domika:rw] [164/382] Building C object zephyr/CMakeFiles/zephyr.dir/lib/utils/rb.c.obj
[/mnt/host/source/src/platform/ec/build/zephyr/kyogre-lcov]   /mnt/host/source/src/platform/ec/build/zephyr/kyogre/build-rw/modules/ec/zephyr/CMakeFiles/ec_shim.dir/shim/src/power.c.gcno:no functions found
[/mnt/host/source/src/platform/ec/build/zephyr/kyogre-lcov] stderr:
[domika:ro] [219/382] Building C object zephyr/arch/arch/riscv/core/CMakeFiles/arch__riscv__core.dir/stacktrace.c.obj
[domika:ro] [220/382] Building C object zephyr/lib/libc/minimal/CMakeFiles/lib__libc__minimal.dir/source/stdlib/strtoull.c.obj
[domika:ro] [221/382] Building C object zephyr/lib/libc/common/CMakeFiles/lib__libc__common.dir/source/stdlib/abort.c.obj
[dev-posix:singleimage] [232/256] Building C object zephyr/kernel/CMakeFiles/kernel.dir/version.c.obj
[domika:ro] [222/382] Linking C static library zephyr/arch/arch/riscv/core/libarch__riscv__core.a
[domika:rw] [165/382] Building C object zephyr/CMakeFiles/zephyr.dir/lib/utils/last_section_id.c.obj
[domika:rw] [166/382] Building C object zephyr/CMakeFiles/zephyr.dir/lib/utils/ring_buffer.c.obj
[domika:ro] [223/382] Building C object zephyr/lib/libc/minimal/CMakeFiles/lib__libc__minimal.dir/source/string/strncasecmp.c.obj
[domika:rw] [167/382] Building C object zephyr/CMakeFiles/zephyr.dir/lib/utils/bitarray.c.obj
[domika:ro] [224/382] Building C object zephyr/lib/libc/minimal/CMakeFiles/lib__libc__minimal.dir/source/string/strstr.c.obj
[dev-posix:singleimage] [233/256] Building C object zephyr/kernel/CMakeFiles/kernel.dir/mem_slab.c.obj
[domika:ro] [225/382] Building C object zephyr/lib/libc/minimal/CMakeFiles/lib__libc__minimal.dir/source/stdlib/qsort.c.obj
[domika:rw] [168/382] Building C object zephyr/CMakeFiles/zephyr.dir/lib/utils/getopt/getopt.c.obj
[dev-posix:singleimage] [234/256] Building C object zephyr/kernel/CMakeFiles/kernel.dir/float.c.obj
[domika:rw] [169/382] Building C object zephyr/CMakeFiles/zephyr.dir/misc/generated/configs.c.obj
[domika:ro] [226/382] Building C object zephyr/lib/libc/minimal/CMakeFiles/lib__libc__minimal.dir/source/string/strerror.c.obj
[/mnt/host/source/src/platform/ec/build/zephyr/kyogre-lcov]   /mnt/host/source/src/platform/ec/build/zephyr/kyogre/build-rw/modules/ec/zephyr/CMakeFiles/ec_shim.dir/shim/src/battery.c.gcno:no functions found
[/mnt/host/source/src/platform/ec/build/zephyr/kyogre-lcov] stderr:
[domika:ro] [227/382] Building C object zephyr/lib/libc/minimal/CMakeFiles/lib__libc__minimal.dir/source/string/strspn.c.obj
[/mnt/host/source/src/platform/ec/build/zephyr/kyogre-lcov]   /mnt/host/source/src/platform/ec/build/zephyr/kyogre/build-rw/modules/ec/zephyr/CMakeFiles/ec_shim.dir/shim/src/charger.c.gcno:no functions found
[/mnt/host/source/src/platform/ec/build/zephyr/kyogre-lcov] stderr:
[dev-posix:singleimage] [235/256] Building C object zephyr/kernel/CMakeFiles/kernel.dir/idle.c.obj
[domika:ro] [228/382] Building C object zephyr/lib/libc/minimal/CMakeFiles/lib__libc__minimal.dir/source/string/string.c.obj
[domika:rw] [170/382] Building C object zephyr/CMakeFiles/zephyr.dir/lib/utils/getopt/getopt_common.c.obj
[domika:ro] [229/382] Building C object zephyr/lib/libc/minimal/CMakeFiles/lib__libc__minimal.dir/source/stdlib/exit.c.obj
[domika:rw] [171/382] Building ASM object zephyr/CMakeFiles/zephyr.dir/soc/ite/ec/common/soc_irq.S.obj
[dev-posix:singleimage] [236/256] Building C object zephyr/kernel/CMakeFiles/kernel.dir/mailbox.c.obj
[dev-posix:singleimage] [237/256] Building C object zephyr/kernel/CMakeFiles/kernel.dir/msg_q.c.obj
[domika:ro] [230/382] Building C object zephyr/lib/libc/minimal/CMakeFiles/lib__libc__minimal.dir/source/math/sqrtf.c.obj
[dev-posix:singleimage] [238/256] Building C object zephyr/kernel/CMakeFiles/kernel.dir/mutex.c.obj
[domika:ro] [231/382] Building C object zephyr/lib/libc/minimal/CMakeFiles/lib__libc__minimal.dir/source/math/sqrt.c.obj
[domika:rw] [172/382] Building C object zephyr/CMakeFiles/zephyr.dir/soc/ite/ec/common/soc_common_irq.c.obj
[domika:ro] [232/382] Building C object zephyr/lib/libc/minimal/CMakeFiles/lib__libc__minimal.dir/source/stdout/sprintf.c.obj
[domika:ro] [233/382] Building C object zephyr/lib/libc/minimal/CMakeFiles/lib__libc__minimal.dir/source/stdout/stdout_console.c.obj
[domika:rw] [173/382] Building C object zephyr/CMakeFiles/zephyr.dir/soc/ite/ec/common/power.c.obj
[domika:rw] [174/382] Building C object zephyr/CMakeFiles/zephyr.dir/soc/ite/ec/common/policy.c.obj
[domika:ro] [234/382] Building C object zephyr/lib/libc/common/CMakeFiles/lib__libc__common.dir/source/time/asctime.c.obj
[dev-posix:singleimage] [239/256] Building C object zephyr/kernel/CMakeFiles/kernel.dir/stack.c.obj
[domika:ro] [235/382] Building C object zephyr/lib/libc/common/CMakeFiles/lib__libc__common.dir/source/time/gmtime_r.c.obj
[dev-posix:singleimage] [240/256] Building C object zephyr/kernel/CMakeFiles/kernel.dir/queue.c.obj
[domika:ro] [236/382] Building C object zephyr/lib/libc/minimal/CMakeFiles/lib__libc__minimal.dir/source/stdout/fprintf.c.obj
[domika:rw] [175/382] Building ASM object zephyr/CMakeFiles/zephyr.dir/soc/ite/ec/it8xxx2/__arithmetic.S.obj
[domika:rw] [176/382] Building C object zephyr/CMakeFiles/zephyr.dir/soc/ite/ec/it8xxx2/soc.c.obj
[dev-posix:singleimage] [241/256] Building C object zephyr/kernel/CMakeFiles/kernel.dir/sem.c.obj
[domika:rw] [177/382] Building C object zephyr/CMakeFiles/zephyr.dir/soc/ite/ec/it8xxx2/check_regs.c.obj
[domika:rw] [178/382] Building ASM object zephyr/CMakeFiles/zephyr.dir/soc/ite/ec/it8xxx2/vector.S.obj
[/mnt/host/source/src/platform/ec/build/zephyr/kyogre-lcov]   /mnt/host/source/src/platform/ec/build/zephyr/kyogre/build-rw/modules/ec/zephyr/CMakeFiles/ec_shim.dir/shim/src/usb_muxes.c.gcno:no functions found
[/mnt/host/source/src/platform/ec/build/zephyr/kyogre-lcov] stderr:
[domika:ro] [237/382] Building C object zephyr/lib/libc/common/CMakeFiles/lib__libc__common.dir/source/time/localtime_r_utc.c.obj
[domika:ro] [238/382] Building C object zephyr/lib/libc/common/CMakeFiles/lib__libc__common.dir/source/time/time.c.obj
[domika:ro] [239/382] Building C object zephyr/lib/libc/minimal/CMakeFiles/lib__libc__minimal.dir/source/time/gmtime.c.obj
[domika:ro] [240/382] Building C object zephyr/lib/libc/common/CMakeFiles/lib__libc__common.dir/source/time/ctime.c.obj
[domika:ro] [241/382] Building C object zephyr/lib/libc/common/CMakeFiles/lib__libc__common.dir/source/string/strnlen.c.obj
[domika:ro] [242/382] Linking C static library zephyr/lib/libc/minimal/liblib__libc__minimal.a
[domika:ro] [243/382] Building C object zephyr/lib/posix/c_lib_ext/CMakeFiles/lib__posix__c_lib_ext.dir/fnmatch.c.obj
[dev-posix:singleimage] [242/256] Building C object zephyr/kernel/CMakeFiles/kernel.dir/system_work_q.c.obj
[dev-posix:singleimage] [243/256] Building C object zephyr/kernel/CMakeFiles/kernel.dir/condvar.c.obj
[dev-posix:singleimage] [244/256] Building C object zephyr/kernel/CMakeFiles/kernel.dir/work.c.obj
[domika:ro] [244/382] Building C object zephyr/subsys/crc/CMakeFiles/subsys__crc.dir/crc4_sw.c.obj
[domika:rw] [179/382] Building C object zephyr/CMakeFiles/zephyr.dir/subsys/pm/state.c.obj
[/mnt/host/source/src/platform/ec/build/zephyr/kyogre-lcov]   /mnt/host/source/src/platform/ec/build/zephyr/kyogre/build-rw/modules/ec/zephyr/CMakeFiles/ec_shim.dir/shim/src/usba.c.gcno:no functions found
[/mnt/host/source/src/platform/ec/build/zephyr/kyogre-lcov] stderr:
[domika:ro] [245/382] Building C object zephyr/subsys/crc/CMakeFiles/subsys__crc.dir/crc8_sw.c.obj
[domika:rw] [180/382] Building C object zephyr/CMakeFiles/zephyr.dir/subsys/logging/log_minimal.c.obj
[domika:ro] [246/382] Building C object zephyr/subsys/crc/CMakeFiles/subsys__crc.dir/crc16_sw.c.obj
[domika:ro] [247/382] Building C object zephyr/subsys/crc/CMakeFiles/subsys__crc.dir/crc7_sw.c.obj
[domika:ro] [248/382] Building C object zephyr/lib/libc/common/CMakeFiles/lib__libc__common.dir/source/stdlib/malloc.c.obj
[domika:rw] [181/382] Building C object zephyr/CMakeFiles/zephyr.dir/soc/ite/ec/it8xxx2/ilm.c.obj
[domika:rw] [182/382] Building C object zephyr/CMakeFiles/zephyr.dir/subsys/pm/policy/policy_events.c.obj
[domika:ro] [249/382] Building C object zephyr/subsys/crc/CMakeFiles/subsys__crc.dir/crc24_sw.c.obj
[domika:ro] [250/382] Linking C static library zephyr/lib/libc/common/liblib__libc__common.a
[domika:ro] [251/382] Building C object zephyr/subsys/crc/CMakeFiles/subsys__crc.dir/crc32c_sw.c.obj
[dev-posix:singleimage] [245/256] Building C object zephyr/kernel/CMakeFiles/kernel.dir/thread.c.obj
[domika:ro] [252/382] Building C object zephyr/subsys/crc/CMakeFiles/subsys__crc.dir/crc32_sw.c.obj
[dev-posix:singleimage] [246/256] Building C object zephyr/kernel/CMakeFiles/kernel.dir/pipe.c.obj
[domika:ro] [253/382] Building C object zephyr/subsys/crc/CMakeFiles/subsys__crc.dir/crc32k_4_2_sw.c.obj
[domika:rw] [183/382] Building C object zephyr/CMakeFiles/zephyr.dir/subsys/pm/pm.c.obj
[domika:ro] [254/382] Building C object zephyr/lib/posix/c_lib_ext/CMakeFiles/lib__posix__c_lib_ext.dir/getentropy.c.obj
[dev-posix:singleimage] [247/256] Building C object zephyr/kernel/CMakeFiles/kernel.dir/sched.c.obj
[domika:ro] [255/382] Linking C static library zephyr/subsys/crc/libsubsys__crc.a
[domika:ro] [256/382] Building C object zephyr/lib/posix/c_lib_ext/CMakeFiles/lib__posix__c_lib_ext.dir/getopt_shim.c.obj
[domika:rw] [184/382] Building C object zephyr/CMakeFiles/zephyr.dir/subsys/pm/policy/policy_latency.c.obj
[domika:ro] [257/382] Linking C static library zephyr/lib/posix/c_lib_ext/liblib__posix__c_lib_ext.a
[dev-posix:singleimage] [248/256] Building C object zephyr/kernel/CMakeFiles/kernel.dir/spinlock_validate.c.obj
[domika:rw] [185/382] Building C object zephyr/CMakeFiles/zephyr.dir/subsys/pm/policy/policy_state_lock.c.obj
[dev-posix:singleimage] [249/256] Building C object zephyr/kernel/CMakeFiles/kernel.dir/thread_monitor.c.obj
[domika:rw] [186/382] Building C object zephyr/CMakeFiles/zephyr.dir/subsys/pm/device.c.obj
[domika:rw] [187/382] Building C object zephyr/CMakeFiles/zephyr.dir/subsys/pm/device_system_managed.c.obj
[dev-posix:singleimage] [250/256] Building C object zephyr/kernel/CMakeFiles/kernel.dir/timeout.c.obj
[domika:ro] [258/382] Building C object zephyr/drivers/interrupt_controller/CMakeFiles/drivers__interrupt_controller.dir/intc_ite_it8xxx2.c.obj
[domika:rw] [188/382] Building C object zephyr/CMakeFiles/zephyr.dir/subsys/testsuite/coverage/coverage.c.obj
[domika:ro] [259/382] Building C object zephyr/drivers/interrupt_controller/CMakeFiles/drivers__interrupt_controller.dir/wuc_ite_it8xxx2.c.obj
[domika:ro] [260/382] Linking C static library zephyr/drivers/interrupt_controller/libdrivers__interrupt_controller.a
[dev-posix:singleimage] [251/256] Building C object zephyr/kernel/CMakeFiles/kernel.dir/timer.c.obj
[dev-posix:singleimage] [252/256] Building C object zephyr/kernel/CMakeFiles/kernel.dir/poll.c.obj
[domika:rw] [189/382] Building C object zephyr/CMakeFiles/zephyr.dir/subsys/tracing/tracing_none.c.obj
[domika:ro] [261/382] Building C object zephyr/drivers/adc/CMakeFiles/drivers__adc.dir/adc_common.c.obj
[domika:ro] [262/382] Building C object zephyr/drivers/bbram/CMakeFiles/drivers__bbram.dir/bbram_it8xxx2.c.obj
[dev-posix:singleimage] [253/256] Building C object zephyr/kernel/CMakeFiles/kernel.dir/events.c.obj
[domika:ro] [263/382] Building C object zephyr/drivers/adc/CMakeFiles/drivers__adc.dir/adc_ite_it8xxx2.c.obj
[domika:ro] [264/382] Linking C static library zephyr/drivers/bbram/libdrivers__bbram.a
[domika:ro] [265/382] Linking C static library zephyr/drivers/adc/libdrivers__adc.a
[domika:rw] [190/382] Building C object zephyr/CMakeFiles/zephyr.dir/subsys/shell/backends/shell_uart.c.obj
[dev-posix:singleimage] [254/256] Building C object zephyr/kernel/CMakeFiles/kernel.dir/mempool.c.obj
[domika:rw] [191/382] Building C object zephyr/CMakeFiles/zephyr.dir/subsys/shell/shell_fprintf.c.obj
[kaladin-ish:singleimage] Building: /usr/bin/ninja -C /mnt/host/source/src/platform/ec/build/zephyr/kaladin-ish/build-singleimage all.libraries
Running `env -i SHELL=/bin/bash COLORTERM=truecolor DEPOT_TOOLS_UPDATE=0 LESS='-R -M --shift 5' SUDO_GID=0 JDK_HOME=/etc/java-config-2/current-system-vm CONFIG_PROTECT_MASK='/etc/gentoo-release /etc/sandbox.d /etc/fonts/fonts.conf /etc/terminfo /etc/ca-certificates.conf /etc/revdep-rebuild' CHROMEOS_CACHEDIR=/var/cache/chromeos-cache JAVA_HOME=/etc/java-config-2/current-system-vm SSH_AUTH_SOCK=/tmp/ssh-auth-sock SUDO_COMMAND=/bin/bash SUDO_USER=root SUDO_TTY=/dev/pts/2 EDITOR=/usr/bin/vi PWD=/mnt/host/source/src/platform/ec CONFIG_PROTECT=/usr/share/gnupg/qualified.txt LOGNAME=jpmurphy MANPATH=/etc/java-config-2/current-system-vm/man:/usr/local/share/man:/usr/share/man:/usr/share/gcc-data/x86_64-pc-linux-gnu/10.2.0/man:/usr/share/binutils-data/x86_64-pc-linux-gnu/2.45/man:/etc/java-config-2/current-system-vm/man/ SUDO_HOME=/root XAUTHORITY=/run/user/944457/gdm/Xauthority HOME=/home/jpmurphy LANG=C.UTF-8 LS_COLORS='rs=0:di=01;34:ln=01;36:mh=00:pi=40;33:so=01;35:do=01;35:bd=40;33;01:cd=40;33;01:or=01;05;37;41:mi=01;05;37;41:su=37;41:sg=30;43:ca=30;41:tw=30;42:ow=34;42:st=37;44:ex=01;32:*.tar=01;31:*.tgz=01;31:*.arc=01;31:*.arj=01;31:*.taz=01;31:*.lha=01;31:*.lz4=01;31:*.lzh=01;31:*.lzma=01;31:*.tlz=01;31:*.txz=01;31:*.tzo=01;31:*.t7z=01;31:*.zip=01;31:*.z=01;31:*.dz=01;31:*.gz=01;31:*.lrz=01;31:*.lz=01;31:*.lzo=01;31:*.xz=01;31:*.zst=01;31:*.tzst=01;31:*.bz2=01;31:*.bz=01;31:*.tbz=01;31:*.tbz2=01;31:*.tz=01;31:*.deb=01;31:*.rpm=01;31:*.jar=01;31:*.war=01;31:*.ear=01;31:*.sar=01;31:*.rar=01;31:*.alz=01;31:*.ace=01;31:*.zoo=01;31:*.cpio=01;31:*.7z=01;31:*.rz=01;31:*.cab=01;31:*.wim=01;31:*.swm=01;31:*.dwm=01;31:*.esd=01;31:*.jpg=01;35:*.jpeg=01;35:*.mjpg=01;35:*.mjpeg=01;35:*.gif=01;35:*.bmp=01;35:*.pbm=01;35:*.pgm=01;35:*.ppm=01;35:*.tga=01;35:*.xbm=01;35:*.xpm=01;35:*.tif=01;35:*.tiff=01;35:*.png=01;35:*.svg=01;35:*.svgz=01;35:*.mng=01;35:*.pcx=01;35:*.mov=01;35:*.mpg=01;35:*.mpeg=01;35:*.m2v=01;35:*.mkv=01;35:*.webm=01;35:*.webp=01;35:*.ogm=01;35:*.mp4=01;35:*.m4v=01;35:*.mp4v=01;35:*.vob=01;35:*.qt=01;35:*.nuv=01;35:*.wmv=01;35:*.asf=01;35:*.rm=01;35:*.rmvb=01;35:*.flc=01;35:*.avi=01;35:*.fli=01;35:*.flv=01;35:*.gl=01;35:*.dl=01;35:*.xcf=01;35:*.xwd=01;35:*.yuv=01;35:*.cgm=01;35:*.emf=01;35:*.ogv=01;35:*.ogx=01;35:*.cfg=00;32:*.conf=00;32:*.diff=00;32:*.doc=00;32:*.ini=00;32:*.log=00;32:*.patch=00;32:*.pdf=00;32:*.ps=00;32:*.tex=00;32:*.txt=00;32:*.aac=00;36:*.au=00;36:*.flac=00;36:*.m4a=00;36:*.mid=00;36:*.midi=00;36:*.mka=00;36:*.mp3=00;36:*.mpc=00;36:*.ogg=00;36:*.ra=00;36:*.wav=00;36:*.oga=00;36:*.opus=00;36:*.spx=00;36:*.xspf=00;36:' XDG_CURRENT_DESKTOP=GNOME INFOPATH=/usr/share/info:/usr/share/gcc-data/x86_64-pc-linux-gnu/10.2.0/info:/usr/share/binutils-data/x86_64-pc-linux-gnu/2.45/info:/usr/share/automake-1.16.5/info JAVAC=/etc/java-config-2/current-system-vm/bin/javac TERM=xterm-256color LESSOPEN='|lesspipe %s' USER=jpmurphy CROS_WORKON_SRCROOT=/mnt/host/source MANPAGER=manpager DISPLAY=:1 SHLVL=1 LC_MESSAGES=C EXTERNAL_TRUNK_PATH=/mnt/8f9d649a-3721-44cc-93c0-e6bd21a9689f/chromiumos GCC_SPECS='' PATH=/mnt/host/source/chromite/bin:/usr/local/bin:/usr/bin:/bin:/opt/bin:/mnt/host/source/chromite/sdk/bin:/mnt/host/source/chromite/bin PORTAGE_USERNAME=jpmurphy SUDO_UID=0 GCC_VER=10.2.0 MAIL=/var/mail/jpmurphy OLDPWD=/mnt/host/source/src/scripts traceparent=00-e87aca51550a78635907baa6a2476181-6d684811675d2973-01 _=./zephyr/firmware_builder.py COREBOOT_SDK_ROOT_x86=/home/jpmurphy/.cache/coreboot-sdk/i386-elf/dfbb0486385d938cfa9d73080b9d18d598ed4f49 COREBOOT_SDK_ROOT_picolibc_x86=/home/jpmurphy/.cache/coreboot-sdk/picolibc-i386-elf/eb8e8e687b95461de8cbf278f1c2076952d0ad17 COREBOOT_SDK_ROOT_riscv64=/home/jpmurphy/.cache/coreboot-sdk/riscv64-elf/96b949749225b6aaa92ed810ab769e8dfb12f000 COREBOOT_SDK_ROOT_picolibc_arm=/home/jpmurphy/.cache/coreboot-sdk/picolibc-arm-eabi/422a2aa3e1ef891b5bece9a3deb696ff83840d2e COREBOOT_SDK_ROOT_nds32=/home/jpmurphy/.cache/coreboot-sdk/nds32le-elf/d1a518c4a097666d86058e1444f85ca015d15511 COREBOOT_SDK_ROOT_picolibc_riscv64=/home/jpmurphy/.cache/coreboot-sdk/picolibc-riscv64-elf/f571e990ef0278564b31124f8bb109d9a697eb69 COREBOOT_SDK_ROOT_arm=/home/jpmurphy/.cache/coreboot-sdk/arm-eabi/ea40ddd1d190c3b48435c474c0b545719371813a COREBOOT_SDK_ROOT_libstdcxx_riscv64=/home/jpmurphy/.cache/coreboot-sdk/libstdcxx-riscv64-elf/17abf22a3a252e2d5d2062ced5324f7a623689e0 COREBOOT_SDK_ROOT_libstdcxx_arm=/home/jpmurphy/.cache/coreboot-sdk/libstdcxx-arm-eabi/5d7d82e150e44aa1968f1d366e267e6687b328ac COREBOOT_SDK_ROOT_riscv=/home/jpmurphy/.cache/coreboot-sdk/riscv-elf/9a27b9e82341c6e9126624f516ab3f261abb3e73 COREBOOT_SDK_ROOT_libstdcxx_x86=/home/jpmurphy/.cache/coreboot-sdk/libstdcxx-i386-elf/42ef9d2e87a76a37963175d7d428734e65648b87 PYTHONPATH=/mnt/host/source/src/platform/ec/zephyr/zmake PW_PIGWEED_CIPD_INSTALL_DIR=/usr CROSTC_USER_ACKNOWLEDGES_THAT_RISCV_IS_EXPERIMENTAL=1 MAKEFLAGS=' -j16 --jobserver-auth=5,6' /usr/bin/ninja -C /mnt/host/source/src/platform/ec/build/zephyr/kaladin-ish/build-singleimage all.libraries`
[kaladin-ish:singleimage] ninja: Entering directory `/mnt/host/source/src/platform/ec/build/zephyr/kaladin-ish/build-singleimage'
[dev-posix:singleimage] [255/256] Building C object zephyr/kernel/CMakeFiles/kernel.dir/dynamic_disabled.c.obj
[domika:ro] [266/382] Building C object zephyr/drivers/console/CMakeFiles/drivers__console.dir/uart_console.c.obj
[dev-posix:singleimage] [256/256] Linking C static library zephyr/kernel/libkernel.a
[domika:ro] [267/382] Linking C static library zephyr/drivers/console/libdrivers__console.a
[domika:rw] [192/382] Building C object zephyr/CMakeFiles/zephyr.dir/subsys/shell/shell.c.obj
[domika:rw] [193/382] Building C object zephyr/CMakeFiles/zephyr.dir/subsys/shell/shell_utils.c.obj
[domika:ro] [268/382] Building C object zephyr/drivers/eeprom/CMakeFiles/drivers__eeprom.dir/eeprom_shell.c.obj
[domika:rw] [194/382] Building C object zephyr/CMakeFiles/zephyr.dir/subsys/shell/shell_ops.c.obj
[domika:ro] [269/382] Building C object zephyr/drivers/eeprom/CMakeFiles/drivers__eeprom.dir/eeprom_at2x.c.obj
[domika:ro] [270/382] Linking C static library zephyr/drivers/eeprom/libdrivers__eeprom.a
[domika:rw] [195/382] Building C object zephyr/arch/common/CMakeFiles/arch__common.dir/init.c.obj
[domika:ro] [271/382] Building C object zephyr/drivers/flash/CMakeFiles/drivers__flash.dir/flash_ite_it8xxx2.c.obj
[domika:rw] [196/382] Building C object zephyr/CMakeFiles/zephyr.dir/drivers/flash/flash_util.c.obj
[domika:rw] [197/382] Building C object zephyr/arch/common/CMakeFiles/arch__common.dir/dynamic_isr.c.obj
[domika:ro] [272/382] Linking C static library zephyr/drivers/flash/libdrivers__flash.a
[domika:ro] [273/382] Building C object zephyr/drivers/espi/CMakeFiles/drivers__espi.dir/espi_it8xxx2.c.obj
[domika:rw] [198/382] Building C object zephyr/arch/common/CMakeFiles/arch__common.dir/sw_isr_common.c.obj
[domika:rw] [199/382] Linking C static library zephyr/libzephyr.a
[domika:rw] [200/382] Building C object zephyr/arch/common/CMakeFiles/isr_tables.dir/isr_tables.c.obj
[domika:ro] [274/382] Linking C static library zephyr/drivers/espi/libdrivers__espi.a
[domika:rw] [201/382] Building C object zephyr/arch/common/CMakeFiles/arch__common.dir/xip.c.obj
[domika:rw] [202/382] Linking C static library zephyr/arch/common/libisr_tables.a
[domika:ro] [275/382] Building C object zephyr/drivers/gpio/CMakeFiles/drivers__gpio.dir/gpio_ite_it8xxx2.c.obj
[domika:ro] [276/382] Building C object zephyr/drivers/gpio/CMakeFiles/drivers__gpio.dir/gpio_kscan_ite_it8xxx2.c.obj
[domika:rw] [203/382] Building C object zephyr/arch/arch/riscv/core/CMakeFiles/arch__riscv__core.dir/prep_c.c.obj
[kaladin-ish:singleimage] [1/270] Generating include/generated/zephyr/version.h
[kaladin-ish:singleimage] -- git describe warned: warning: tag 'upstream/v2.7.99' is externally known as 'v2.7.99'
[domika:rw] [204/382] Linking C static library zephyr/arch/common/libarch__common.a
[kaladin-ish:singleimage] -- Zephyr version: 4.3.99 (/mnt/host/source/src/third_party/zephyr/main)
[kaladin-ish:singleimage] [2/270] Preparing syscall dependency handling
[domika:rw] [205/382] Building C object zephyr/arch/arch/riscv/core/CMakeFiles/arch__riscv__core.dir/cpu_idle.c.obj
[domika:ro] [277/382] Linking C static library zephyr/drivers/gpio/libdrivers__gpio.a
[kaladin-ish:singleimage] [3/270] Generating misc/generated/syscalls_subdirs.trigger
[domika:ro] [278/382] Building C object zephyr/drivers/i2c/CMakeFiles/drivers__i2c.dir/i2c_common.c.obj
[domika:rw] [206/382] Building C object zephyr/arch/arch/riscv/core/CMakeFiles/arch__riscv__core.dir/irq_manage.c.obj
[domika:ro] [279/382] Building C object zephyr/drivers/i2c/CMakeFiles/drivers__i2c.dir/i2c_bitbang.c.obj
[domika:rw] [207/382] Building C object zephyr/arch/arch/riscv/core/CMakeFiles/arch__riscv__core.dir/fatal.c.obj
[domika:rw] [208/382] Building C object zephyr/arch/arch/riscv/core/CMakeFiles/arch__riscv__core.dir/reboot.c.obj
[domika:rw] [209/382] Generating ../../../include/generated/libc/minimal/strerror_table.h
[domika:ro] [280/382] Building C object zephyr/drivers/i2c/CMakeFiles/drivers__i2c.dir/i2c_shell.c.obj
[domika:rw] [210/382] Building ASM object zephyr/arch/arch/riscv/core/CMakeFiles/arch__riscv__core.dir/reset.S.obj
[domika:rw] [211/382] Building ASM object zephyr/arch/arch/riscv/core/CMakeFiles/arch__riscv__core.dir/switch.S.obj
[domika:rw] [212/382] Building C object zephyr/lib/libc/minimal/CMakeFiles/lib__libc__minimal.dir/source/stdlib/atoi.c.obj
[domika:rw] [213/382] Building C object zephyr/arch/arch/riscv/core/CMakeFiles/arch__riscv__core.dir/thread.c.obj
[domika:rw] [214/382] Building C object zephyr/lib/libc/minimal/CMakeFiles/lib__libc__minimal.dir/source/stdlib/strtol.c.obj
[/mnt/host/source/src/platform/ec/build/zephyr/kyogre-lcov]   /mnt/host/source/src/platform/ec/build/zephyr/kyogre/build-rw/modules/ec/zephyr/CMakeFiles/ec_shim.dir/shim/src/keyscan.c.gcno:no functions found
[/mnt/host/source/src/platform/ec/build/zephyr/kyogre-lcov] stderr:
[domika:ro] [281/382] Building C object zephyr/drivers/pinctrl/CMakeFiles/drivers__pinctrl.dir/common.c.obj
[domika:rw] [215/382] Building ASM object zephyr/arch/arch/riscv/core/CMakeFiles/arch__riscv__core.dir/isr.S.obj
[domika:rw] [216/382] Building C object zephyr/lib/libc/minimal/CMakeFiles/lib__libc__minimal.dir/source/stdlib/strtoull.c.obj
[domika:rw] [217/382] Building C object zephyr/lib/libc/minimal/CMakeFiles/lib__libc__minimal.dir/source/stdlib/strtoul.c.obj
[domika:ro] [282/382] Building C object zephyr/drivers/i2c/CMakeFiles/drivers__i2c.dir/i2c_ite_enhance.c.obj
[domika:rw] [218/382] Building C object zephyr/lib/libc/minimal/CMakeFiles/lib__libc__minimal.dir/source/stdlib/bsearch.c.obj
[domika:rw] [219/382] Building C object zephyr/lib/libc/minimal/CMakeFiles/lib__libc__minimal.dir/source/stdlib/strtoll.c.obj
[/mnt/host/source/src/platform/ec/build/zephyr/pujjogatwin-lcov]   /mnt/host/source/src/platform/ec/build/zephyr/pujjogatwin/build-ro/zephyr/drivers/sensor/CMakeFiles/drivers__sensor.dir/mnt/host/source/src/third_party/zephyr/main/misc/empty_file.c.gcno:no functions found
[/mnt/host/source/src/platform/ec/build/zephyr/pujjogatwin-lcov] stderr:
[kaladin-ish:singleimage] [4/270] Generating misc/generated/syscalls.json, misc/generated/struct_tags.json
[domika:rw] [220/382] Building C object zephyr/lib/libc/minimal/CMakeFiles/lib__libc__minimal.dir/source/string/strncasecmp.c.obj
[domika:rw] [221/382] Building C object zephyr/arch/arch/riscv/core/CMakeFiles/arch__riscv__core.dir/stacktrace.c.obj
[domika:ro] [283/382] Building C object zephyr/drivers/i2c/CMakeFiles/drivers__i2c.dir/i2c_ite_it8xxx2.c.obj
[domika:rw] [222/382] Building C object zephyr/lib/libc/common/CMakeFiles/lib__libc__common.dir/source/stdlib/abort.c.obj
[domika:ro] [284/382] Linking C static library zephyr/drivers/i2c/libdrivers__i2c.a
[domika:rw] [223/382] Linking C static library zephyr/arch/arch/riscv/core/libarch__riscv__core.a
[kaladin-ish:singleimage] [5/270] Generating include/generated/zephyr/syscall_dispatch.c, include/generated/zephyr/syscall_exports_llext.c, syscall_weakdefs_llext.c, include/generated/zephyr/syscall_list.h
[domika:rw] [224/382] Building C object zephyr/lib/libc/minimal/CMakeFiles/lib__libc__minimal.dir/source/string/strstr.c.obj
[/mnt/host/source/src/platform/ec/build/zephyr/pujjogatwin-lcov]   /mnt/host/source/src/platform/ec/build/zephyr/pujjogatwin/build-rw/modules/ec/zephyr/CMakeFiles/ec_shim.dir/shim/src/thermal.c.gcno:no functions found
[/mnt/host/source/src/platform/ec/build/zephyr/pujjogatwin-lcov] stderr:
[domika:rw] [225/382] Building C object zephyr/lib/libc/minimal/CMakeFiles/lib__libc__minimal.dir/source/stdlib/qsort.c.obj
[domika:rw] [226/382] Building C object zephyr/lib/libc/minimal/CMakeFiles/lib__libc__minimal.dir/source/string/strerror.c.obj
[domika:rw] [227/382] Building C object zephyr/lib/libc/minimal/CMakeFiles/lib__libc__minimal.dir/source/string/strspn.c.obj
[domika:rw] [228/382] Building C object zephyr/lib/libc/minimal/CMakeFiles/lib__libc__minimal.dir/source/string/string.c.obj
[domika:ro] [285/382] Building C object zephyr/drivers/pwm/CMakeFiles/drivers__pwm.dir/pwm_shell.c.obj
[domika:ro] [286/382] Building C object zephyr/drivers/pinctrl/CMakeFiles/drivers__pinctrl.dir/pinctrl_ite_it8xxx2.c.obj
[kaladin-ish:singleimage] [6/270] Generating include/generated/zephyr/driver-validation.h
[domika:rw] [229/382] Building C object zephyr/lib/libc/minimal/CMakeFiles/lib__libc__minimal.dir/source/stdlib/exit.c.obj
[domika:rw] [230/382] Building C object zephyr/lib/libc/minimal/CMakeFiles/lib__libc__minimal.dir/source/math/sqrtf.c.obj
[/mnt/host/source/src/platform/ec/build/zephyr/pujjogatwin-lcov]   /mnt/host/source/src/platform/ec/build/zephyr/pujjogatwin/build-rw/modules/ec/zephyr/CMakeFiles/ec_shim.dir/shim/src/battery.c.gcno:no functions found
[/mnt/host/source/src/platform/ec/build/zephyr/pujjogatwin-lcov] stderr:
[domika:ro] [287/382] Linking C static library zephyr/drivers/pinctrl/libdrivers__pinctrl.a
[domika:rw] [231/382] Building C object zephyr/lib/libc/minimal/CMakeFiles/lib__libc__minimal.dir/source/math/sqrt.c.obj
[/mnt/host/source/src/platform/ec/build/zephyr/pujjogatwin-lcov]   /mnt/host/source/src/platform/ec/build/zephyr/pujjogatwin/build-rw/modules/ec/zephyr/CMakeFiles/ec_shim.dir/shim/src/charger.c.gcno:no functions found
[/mnt/host/source/src/platform/ec/build/zephyr/pujjogatwin-lcov] stderr:
[domika:ro] [288/382] Building C object zephyr/drivers/pwm/CMakeFiles/drivers__pwm.dir/pwm_ite_it8xxx2.c.obj
[kaladin-ish:singleimage] [7/270] Generating include/generated/zephyr/kobj-types-enum.h, include/generated/zephyr/otype-to-str.h, include/generated/zephyr/otype-to-size.h
[domika:ro] [289/382] Building C object zephyr/drivers/sensor/ite/ite_tach_it8xxx2/CMakeFiles/drivers__sensor__ite__ite_tach_it8xxx2.dir/tach_ite_it8xxx2.c.obj
[domika:rw] [232/382] Building C object zephyr/lib/libc/common/CMakeFiles/lib__libc__common.dir/source/time/gmtime_r.c.obj
[kaladin-ish:singleimage] [8/270] Generating include/generated/device-api-sections.ld, include/generated/device-api-sections.cmake
[domika:ro] [290/382] Linking C static library zephyr/drivers/pwm/libdrivers__pwm.a
[domika:rw] [233/382] Building C object zephyr/lib/libc/common/CMakeFiles/lib__libc__common.dir/source/time/asctime.c.obj
[domika:ro] [291/382] Linking C static library zephyr/drivers/sensor/ite/ite_tach_it8xxx2/libdrivers__sensor__ite__ite_tach_it8xxx2.a
[domika:rw] [234/382] Building C object zephyr/lib/libc/minimal/CMakeFiles/lib__libc__minimal.dir/source/stdout/sprintf.c.obj
[domika:rw] [235/382] Building C object zephyr/lib/libc/minimal/CMakeFiles/lib__libc__minimal.dir/source/stdout/fprintf.c.obj
[kaladin-ish:singleimage] [9/270] cd /mnt/host/source/src/platform/ec/build/zephyr/kaladin-ish/build-singleimage/modules/ec/zephyr && PYTHONPATH=/mnt/host/source/src/platform/ec/build/zephyr/kaladin-ish/modules/ec/zephyr/zmake/ /usr/bin/python3.11 /mnt/host/source/src/platform/ec/build/zephyr/kaladin-ish/modules/ec/zephyr/zmake/zephyr_build_tools/generate_ec_version.py /mnt/host/source/src/platform/ec/build/zephyr/kaladin-ish/build-singleimage/modules/ec/zephyr/include/ec_version.h --name Zephyr-Kernel --version 16543.0.0 --static
[domika:rw] [236/382] Building C object zephyr/lib/libc/common/CMakeFiles/lib__libc__common.dir/source/time/localtime_r_utc.c.obj
[kaladin-ish:singleimage] INFO:root:Using a static version string
[kaladin-ish:singleimage] INFO:root:Version string: Zephyr-Kernel-16543.0.0
[kaladin-ish:singleimage] INFO:root:Writing header to /mnt/host/source/src/platform/ec/build/zephyr/kaladin-ish/build-singleimage/modules/ec/zephyr/include/ec_version.h
[kaladin-ish:singleimage] [10/270] Building CXX object modules/pigweed/pw_build/CMakeFiles/pw_build.empty.dir/empty_file.cc.obj
[domika:rw] [237/382] Building C object zephyr/lib/libc/common/CMakeFiles/lib__libc__common.dir/source/string/strnlen.c.obj
[domika:rw] [238/382] Building C object zephyr/lib/libc/minimal/CMakeFiles/lib__libc__minimal.dir/source/stdout/stdout_console.c.obj
[domika:ro] [292/382] Building C object zephyr/drivers/sensor/ite/ite_vcmp_it8xxx2/CMakeFiles/drivers__sensor__ite__ite_vcmp_it8xxx2.dir/vcmp_ite_it8xxx2.c.obj
[domika:rw] [239/382] Building C object zephyr/lib/libc/common/CMakeFiles/lib__libc__common.dir/source/time/ctime.c.obj
[kaladin-ish:singleimage] [11/270] Generating pw_third_party.nanopb.proto/sources/nanopb.proto
[domika:rw] [240/382] Building C object zephyr/lib/libc/minimal/CMakeFiles/lib__libc__minimal.dir/source/time/gmtime.c.obj
[domika:rw] [241/382] Building C object zephyr/lib/libc/common/CMakeFiles/lib__libc__common.dir/source/time/time.c.obj
[domika:rw] [242/382] Building C object zephyr/lib/posix/c_lib_ext/CMakeFiles/lib__posix__c_lib_ext.dir/fnmatch.c.obj
[domika:ro] [293/382] Building C object zephyr/drivers/serial/CMakeFiles/drivers__serial.dir/uart_ite_it8xxx2.c.obj
[domika:ro] [294/382] Linking C static library zephyr/drivers/sensor/ite/ite_vcmp_it8xxx2/libdrivers__sensor__ite__ite_vcmp_it8xxx2.a
[domika:rw] [243/382] Building C object zephyr/subsys/crc/CMakeFiles/subsys__crc.dir/crc4_sw.c.obj
[kaladin-ish:singleimage] [12/270] Generating dsp_comms.proto/sources/proto/ec_dsp.proto, dsp_comms.proto/sources/proto/ec_dsp.options
[domika:rw] [244/382] Linking C static library zephyr/lib/libc/minimal/liblib__libc__minimal.a
[domika:rw] [245/382] Building C object zephyr/subsys/crc/CMakeFiles/subsys__crc.dir/crc16_sw.c.obj
[domika:rw] [246/382] Building C object zephyr/subsys/crc/CMakeFiles/subsys__crc.dir/crc8_sw.c.obj
[kaladin-ish:singleimage] [13/270] Generating pw_transport.proto/sources/pw_transport/proto/transport.proto, pw_transport.proto/sources/pw_transport/proto/transport.options
[domika:rw] [247/382] Building C object zephyr/subsys/crc/CMakeFiles/subsys__crc.dir/crc7_sw.c.obj
[domika:rw] [248/382] Building C object zephyr/subsys/crc/CMakeFiles/subsys__crc.dir/crc24_sw.c.obj
[domika:rw] [249/382] Building C object zephyr/subsys/crc/CMakeFiles/subsys__crc.dir/crc32_sw.c.obj
[domika:rw] [250/382] Building C object zephyr/subsys/crc/CMakeFiles/subsys__crc.dir/crc32c_sw.c.obj
[domika:ro] [295/382] Building C object zephyr/drivers/serial/CMakeFiles/drivers__serial.dir/uart_ns16550.c.obj
[domika:rw] [251/382] Building C object zephyr/subsys/crc/CMakeFiles/subsys__crc.dir/crc32k_4_2_sw.c.obj
[domika:ro] [296/382] Building C object zephyr/drivers/timer/CMakeFiles/drivers__timer.dir/sys_clock_init.c.obj
[domika:rw] [252/382] Linking C static library zephyr/subsys/crc/libsubsys__crc.a
[domika:ro] [297/382] Linking C static library zephyr/drivers/serial/libdrivers__serial.a
[domika:rw] [253/382] Building C object zephyr/lib/libc/common/CMakeFiles/lib__libc__common.dir/source/stdlib/malloc.c.obj
[domika:ro] [298/382] Building C object zephyr/drivers/timer/CMakeFiles/drivers__timer.dir/ite_it8xxx2_timer.c.obj
[domika:rw] [254/382] Linking C static library zephyr/lib/libc/common/liblib__libc__common.a
[/mnt/host/source/src/platform/ec/build/zephyr/pujjogatwin-lcov]   /mnt/host/source/src/platform/ec/build/zephyr/pujjogatwin/build-rw/modules/ec/zephyr/CMakeFiles/ec_shim.dir/shim/src/usb_muxes.c.gcno:no functions found
[/mnt/host/source/src/platform/ec/build/zephyr/pujjogatwin-lcov] stderr:
[domika:rw] [255/382] Building C object zephyr/lib/posix/c_lib_ext/CMakeFiles/lib__posix__c_lib_ext.dir/getentropy.c.obj
[domika:rw] [256/382] Building C object zephyr/lib/posix/c_lib_ext/CMakeFiles/lib__posix__c_lib_ext.dir/getopt_shim.c.obj
[domika:ro] [299/382] Linking C static library zephyr/drivers/timer/libdrivers__timer.a
[kaladin-ish:singleimage] [14/270] Generating /mnt/host/source/src/platform/ec/build/zephyr/kaladin-ish/modules/nanopb/generator/proto/nanopb_pb2.py
[domika:rw] [257/382] Linking C static library zephyr/lib/posix/c_lib_ext/liblib__posix__c_lib_ext.a
[domika:ro] [300/382] Building C object zephyr/drivers/watchdog/CMakeFiles/drivers__watchdog.dir/wdt_ite_it8xxx2.c.obj
[domika:ro] [301/382] Building C object zephyr/drivers/watchdog/CMakeFiles/drivers__watchdog.dir/wdt_shell.c.obj
[domika:rw] [258/382] Building C object zephyr/drivers/interrupt_controller/CMakeFiles/drivers__interrupt_controller.dir/intc_ite_it8xxx2.c.obj
[domika:ro] [302/382] Linking C static library zephyr/drivers/watchdog/libdrivers__watchdog.a
[domika:rw] [259/382] Building C object zephyr/drivers/interrupt_controller/CMakeFiles/drivers__interrupt_controller.dir/wuc_ite_it8xxx2.c.obj
[domika:rw] [260/382] Building C object zephyr/drivers/adc/CMakeFiles/drivers__adc.dir/adc_common.c.obj
[domika:rw] [261/382] Linking C static library zephyr/drivers/interrupt_controller/libdrivers__interrupt_controller.a
[/mnt/host/source/src/platform/ec/build/zephyr/pujjogatwin-lcov]   /mnt/host/source/src/platform/ec/build/zephyr/pujjogatwin/build-rw/modules/ec/zephyr/CMakeFiles/ec_shim.dir/shim/src/usba.c.gcno:no functions found
[/mnt/host/source/src/platform/ec/build/zephyr/pujjogatwin-lcov] stderr:
[domika:ro] [303/382] Building C object modules/ec/zephyr/CMakeFiles/ec_shim.dir/app/ec/main_shim.c.obj
[domika:rw] [262/382] Building C object zephyr/drivers/adc/CMakeFiles/drivers__adc.dir/adc_ite_it8xxx2.c.obj
[domika:rw] [263/382] Building C object zephyr/drivers/bbram/CMakeFiles/drivers__bbram.dir/bbram_it8xxx2.c.obj
[domika:rw] [264/382] Linking C static library zephyr/drivers/bbram/libdrivers__bbram.a
[domika:rw] [265/382] Building C object zephyr/drivers/console/CMakeFiles/drivers__console.dir/uart_console.c.obj
[domika:rw] [266/382] Linking C static library zephyr/drivers/adc/libdrivers__adc.a
[domika:rw] [267/382] Building C object zephyr/drivers/eeprom/CMakeFiles/drivers__eeprom.dir/eeprom_shell.c.obj
[kaladin-ish:singleimage] [15/270] Generating dsp_comms.proto/nanopb/proto/ec_dsp.pb.h, dsp_comms.proto/nanopb/proto/ec_dsp.pb.c
[domika:rw] [268/382] Linking C static library zephyr/drivers/console/libdrivers__console.a
[domika:ro] [304/382] Building C object modules/ec/zephyr/CMakeFiles/ec_shim.dir/app/ec/ec_app_main.c.obj
[domika:ro] [305/382] Building C object modules/ec/zephyr/CMakeFiles/ec_shim.dir/app/ec/chip/riscv/riscv-ite/it8xxx2-espi.c.obj
[domika:rw] [269/382] Building C object zephyr/drivers/eeprom/CMakeFiles/drivers__eeprom.dir/eeprom_at2x.c.obj
[domika:ro] [306/382] Building C object modules/ec/zephyr/CMakeFiles/ec_shim.dir/drivers/cros_flash/cros_flash_it8xxx2.c.obj
[domika:rw] [270/382] Linking C static library zephyr/drivers/eeprom/libdrivers__eeprom.a
[domika:ro] [307/382] Building C object modules/ec/zephyr/CMakeFiles/ec_shim.dir/drivers/cros_kb_raw/cros_kb_raw_ite.c.obj
[domika:rw] [271/382] Building C object zephyr/drivers/flash/CMakeFiles/drivers__flash.dir/flash_ite_it8xxx2.c.obj
[domika:rw] [272/382] Building C object zephyr/drivers/espi/CMakeFiles/drivers__espi.dir/espi_it8xxx2.c.obj
[domika:ro] [308/382] Building C object modules/ec/zephyr/CMakeFiles/ec_shim.dir/drivers/cros_kblight/pwm_kblight.c.obj
[domika:rw] [273/382] Linking C static library zephyr/drivers/espi/libdrivers__espi.a
[domika:rw] [274/382] Linking C static library zephyr/drivers/flash/libdrivers__flash.a
[domika:rw] [275/382] Building C object zephyr/drivers/gpio/CMakeFiles/drivers__gpio.dir/gpio_ite_it8xxx2.c.obj
[domika:rw] [276/382] Building C object zephyr/drivers/gpio/CMakeFiles/drivers__gpio.dir/gpio_kscan_ite_it8xxx2.c.obj
[domika:rw] [277/382] Building C object zephyr/drivers/i2c/CMakeFiles/drivers__i2c.dir/i2c_common.c.obj
[kaladin-ish:singleimage] [16/270] Generating pw_transport.proto/nanopb/pw_transport/proto/transport.pb.h, pw_transport.proto/nanopb/pw_transport/proto/transport.pb.c
[domika:rw] [278/382] Building C object zephyr/drivers/i2c/CMakeFiles/drivers__i2c.dir/i2c_bitbang.c.obj
[domika:rw] [279/382] Linking C static library zephyr/drivers/gpio/libdrivers__gpio.a
[domika:ro] [309/382] Building C object modules/ec/zephyr/CMakeFiles/ec_shim.dir/drivers/cros_system/cros_system_it8xxx2.c.obj
[domika:ro] [310/382] Building C object modules/ec/zephyr/CMakeFiles/ec_shim.dir/drivers/vivaldi_kbd/vivaldi_kbd.c.obj
[domika:ro] [311/382] Building C object modules/ec/zephyr/CMakeFiles/ec_shim.dir/shim/chip/it8xxx2/clock.c.obj
[kaladin-ish:singleimage] [17/270] Building C object zephyr/CMakeFiles/offsets.dir/arch/x86/core/offsets/offsets.c.obj
[domika:rw] [280/382] Building C object zephyr/drivers/i2c/CMakeFiles/drivers__i2c.dir/i2c_shell.c.obj
[domika:ro] [312/382] Building C object modules/ec/zephyr/CMakeFiles/ec_shim.dir/shim/chip/it8xxx2/gpio.c.obj
[domika:rw] [281/382] Building C object zephyr/drivers/pinctrl/CMakeFiles/drivers__pinctrl.dir/common.c.obj
[kaladin-ish:singleimage] [18/270] Building C object zephyr/drivers/syscon/CMakeFiles/drivers__syscon.dir/mnt/host/source/src/third_party/zephyr/main/misc/empty_file.c.obj
[domika:ro] [313/382] Building C object modules/ec/zephyr/CMakeFiles/ec_shim.dir/shim/chip/it8xxx2/system.c.obj
[domika:rw] [282/382] Building C object zephyr/drivers/pwm/CMakeFiles/drivers__pwm.dir/pwm_shell.c.obj
[domika:ro] [314/382] Building C object modules/ec/zephyr/CMakeFiles/ec_shim.dir/shim/src/crc.c.obj
[domika:rw] [283/382] Building C object zephyr/drivers/i2c/CMakeFiles/drivers__i2c.dir/i2c_ite_enhance.c.obj
[domika:rw] [284/382] Building C object zephyr/drivers/pwm/CMakeFiles/drivers__pwm.dir/pwm_ite_it8xxx2.c.obj
[domika:rw] [285/382] Building C object zephyr/drivers/i2c/CMakeFiles/drivers__i2c.dir/i2c_ite_it8xxx2.c.obj
[kaladin-ish:singleimage] [19/270] Building C object modules/ec/zephyr/drivers/dsp_comms/CMakeFiles/dsp_comms.proto.nanopb.dir/dsp_comms.proto/nanopb/proto/ec_dsp.pb.c.obj
[domika:rw] [286/382] Linking C static library zephyr/drivers/pwm/libdrivers__pwm.a
[domika:rw] [287/382] Linking C static library zephyr/drivers/i2c/libdrivers__i2c.a
[domika:rw] [288/382] Building C object zephyr/drivers/pinctrl/CMakeFiles/drivers__pinctrl.dir/pinctrl_ite_it8xxx2.c.obj
[domika:ro] [315/382] Building C object modules/ec/zephyr/CMakeFiles/ec_shim.dir/shim/chip/it8xxx2/keyboard_raw.c.obj
[kaladin-ish:singleimage] [20/270] Building C object modules/ec/zephyr/drivers/pw_transport/CMakeFiles/pw_transport.proto.nanopb.dir/pw_transport.proto/nanopb/pw_transport/proto/transport.pb.c.obj
[domika:rw] [289/382] Linking C static library zephyr/drivers/pinctrl/libdrivers__pinctrl.a
[domika:ro] [316/382] Building C object modules/ec/zephyr/CMakeFiles/ec_shim.dir/shim/chip/it8xxx2/power_policy.c.obj
[domika:ro] [317/382] Building C object modules/ec/zephyr/CMakeFiles/ec_shim.dir/shim/src/console.c.obj
[domika:rw] [290/382] Building C object zephyr/drivers/sensor/ite/ite_tach_it8xxx2/CMakeFiles/drivers__sensor__ite__ite_tach_it8xxx2.dir/tach_ite_it8xxx2.c.obj
[domika:rw] [291/382] Linking C static library zephyr/drivers/sensor/ite/ite_tach_it8xxx2/libdrivers__sensor__ite__ite_tach_it8xxx2.a
[domika:rw] [292/382] Building C object zephyr/drivers/timer/CMakeFiles/drivers__timer.dir/sys_clock_init.c.obj
[kaladin-ish:singleimage] [21/270] Building CXX object modules/pigweed/pw_log_zephyr/CMakeFiles/pw_log_zephyr.dir/log_zephyr.cc.obj
[domika:rw] [293/382] Building C object zephyr/drivers/sensor/ite/ite_vcmp_it8xxx2/CMakeFiles/drivers__sensor__ite__ite_vcmp_it8xxx2.dir/vcmp_ite_it8xxx2.c.obj
[kaladin-ish:singleimage] [22/270] Linking CXX static library modules/pigweed/pw_log_zephyr/libpw_log_zephyr.a
[domika:rw] [294/382] Building C object zephyr/drivers/serial/CMakeFiles/drivers__serial.dir/uart_ns16550.c.obj
[domika:rw] [295/382] Building C object zephyr/drivers/serial/CMakeFiles/drivers__serial.dir/uart_ite_it8xxx2.c.obj
[kaladin-ish:singleimage] [23/270] Linking CXX static library modules/ec/zephyr/drivers/pw_transport/libpw_transport.proto.nanopb.a
[domika:rw] [296/382] Linking C static library zephyr/drivers/sensor/ite/ite_vcmp_it8xxx2/libdrivers__sensor__ite__ite_vcmp_it8xxx2.a
[domika:rw] [297/382] Building C object zephyr/drivers/timer/CMakeFiles/drivers__timer.dir/ite_it8xxx2_timer.c.obj
[domika:ro] [318/382] Building C object modules/ec/zephyr/CMakeFiles/ec_shim.dir/shim/src/gpio_int.c.obj
[kaladin-ish:singleimage] [24/270] Linking CXX static library modules/ec/zephyr/drivers/dsp_comms/libdsp_comms.proto.nanopb.a
[domika:ro] [319/382] Building C object modules/ec/zephyr/CMakeFiles/ec_shim.dir/shim/src/panic_utils.c.obj
[domika:ro] [320/382] Building C object modules/ec/zephyr/CMakeFiles/ec_shim.dir/shim/src/gpio.c.obj
[domika:rw] [298/382] Linking C static library zephyr/drivers/serial/libdrivers__serial.a
[domika:rw] [299/382] Linking C static library zephyr/drivers/timer/libdrivers__timer.a
[domika:rw] [300/382] Building C object zephyr/drivers/watchdog/CMakeFiles/drivers__watchdog.dir/wdt_ite_it8xxx2.c.obj
[kaladin-ish:singleimage] [25/270] Generating include/generated/zephyr/offsets.h
[domika:ro] [321/382] Building C object modules/ec/zephyr/CMakeFiles/ec_shim.dir/shim/src/cbi/cros_cbi.c.obj
[domika:ro] [322/382] Building C object modules/ec/zephyr/CMakeFiles/ec_shim.dir/shim/src/pm_state.c.obj
[domika:rw] [301/382] Building C object zephyr/drivers/watchdog/CMakeFiles/drivers__watchdog.dir/wdt_shell.c.obj
[domika:rw] [302/382] Linking C static library zephyr/drivers/watchdog/libdrivers__watchdog.a
[kaladin-ish:singleimage] [26/270] Building C object CMakeFiles/app.dir/mnt/host/source/src/platform/ec/zephyr/subsys/ap_pwrseq/ap_events.c.obj
[domika:rw] [303/382] Building C object modules/ec/zephyr/CMakeFiles/ec_shim.dir/app/ec/main_shim.c.obj
[domika:rw] [304/382] Building C object modules/ec/zephyr/CMakeFiles/ec_shim.dir/app/ec/chip/riscv/riscv-ite/it8xxx2-espi.c.obj
[domika:rw] [305/382] Building C object modules/ec/zephyr/CMakeFiles/ec_shim.dir/app/ec/ec_app_main.c.obj
[domika:ro] [323/382] Building C object modules/ec/zephyr/CMakeFiles/ec_shim.dir/shim/src/cbi/cbi_eeprom.c.obj
[domika:ro] [324/382] Building C object modules/ec/zephyr/CMakeFiles/ec_shim.dir/shim/src/cbi/cros_cbi_ssfc.c.obj
[domika:ro] [325/382] Building C object modules/ec/zephyr/CMakeFiles/ec_shim.dir/shim/src/cbi/cros_cbi_fw_config.c.obj
[domika:rw] [306/382] Building C object modules/ec/zephyr/CMakeFiles/ec_shim.dir/drivers/cros_kblight/pwm_kblight.c.obj
[domika:rw] [307/382] Building C object modules/ec/zephyr/CMakeFiles/ec_shim.dir/drivers/cros_kb_raw/cros_kb_raw_ite.c.obj
[domika:rw] [308/382] Building C object modules/ec/zephyr/CMakeFiles/ec_shim.dir/drivers/cros_flash/cros_flash_it8xxx2.c.obj
[kaladin-ish:singleimage] [27/270] Building C object CMakeFiles/app.dir/mnt/host/source/src/platform/ec/build/zephyr/kaladin-ish/modules/ec/builtin/stdlib.c.obj
[domika:ro] [326/382] Building C object modules/ec/zephyr/CMakeFiles/ec_shim.dir/shim/src/system.c.obj
[/mnt/host/source/src/platform/ec/build/zephyr/pujjogatwin-lcov]   /mnt/host/source/src/platform/ec/build/zephyr/pujjogatwin/build-rw/modules/ec/zephyr/CMakeFiles/ec_shim.dir/shim/src/keyscan.c.gcno:no functions found
[/mnt/host/source/src/platform/ec/build/zephyr/pujjogatwin-lcov] stderr:
[domika:ro] [327/382] Building C object modules/ec/zephyr/CMakeFiles/ec_shim.dir/shim/src/adc.c.obj
[domika:rw] [309/382] Building C object modules/ec/zephyr/CMakeFiles/ec_shim.dir/drivers/cros_system/cros_system_it8xxx2.c.obj
[domika:rw] [310/382] Building C object modules/ec/zephyr/CMakeFiles/ec_shim.dir/shim/chip/it8xxx2/clock.c.obj
[domika:ro] [328/382] Building C object modules/ec/zephyr/CMakeFiles/ec_shim.dir/shim/src/battery.c.obj
[domika:rw] [311/382] Building C object modules/ec/zephyr/CMakeFiles/ec_shim.dir/drivers/vivaldi_kbd/vivaldi_kbd.c.obj
[domika:rw] [312/382] Building C object modules/ec/zephyr/CMakeFiles/ec_shim.dir/shim/chip/it8xxx2/gpio.c.obj
[domika:ro] [329/382] Building C object modules/ec/zephyr/CMakeFiles/ec_shim.dir/shim/src/charger.c.obj
[domika:rw] [313/382] Building C object modules/ec/zephyr/CMakeFiles/ec_shim.dir/shim/src/crc.c.obj
[/mnt/host/source/src/platform/ec/build/zephyr/teliks-lcov]   /mnt/host/source/src/platform/ec/build/zephyr/teliks/build-rw/CMakeFiles/app.dir/mnt/host/source/src/platform/ec/build/zephyr/teliks/modules/ec/common/usb_pd_pdo.c.gcno:no functions found
[/mnt/host/source/src/platform/ec/build/zephyr/teliks-lcov] stderr:
[domika:rw] [314/382] Building C object modules/ec/zephyr/CMakeFiles/ec_shim.dir/shim/chip/it8xxx2/system.c.obj
[domika:ro] [330/382] Building C object modules/ec/zephyr/CMakeFiles/ec_shim.dir/shim/src/chipset_api.c.obj
[kaladin-ish:singleimage] [28/270] Building C object CMakeFiles/app.dir/mnt/host/source/src/platform/ec/build/zephyr/kaladin-ish/modules/ec/common/base32.c.obj
[domika:rw] [315/382] Building C object modules/ec/zephyr/CMakeFiles/ec_shim.dir/shim/chip/it8xxx2/keyboard_raw.c.obj
[domika:rw] [316/382] Building C object modules/ec/zephyr/CMakeFiles/ec_shim.dir/shim/chip/it8xxx2/power_policy.c.obj
[domika:ro] [331/382] Building C object modules/ec/zephyr/CMakeFiles/ec_shim.dir/shim/src/espi.c.obj
[domika:rw] [317/382] Building C object modules/ec/zephyr/CMakeFiles/ec_shim.dir/shim/src/console.c.obj
[kaladin-ish:singleimage] [29/270] Building C object CMakeFiles/app.dir/mnt/host/source/src/platform/ec/build/zephyr/kaladin-ish/modules/ec/common/console_output.c.obj
[domika:rw] [318/382] Building C object modules/ec/zephyr/CMakeFiles/ec_shim.dir/shim/src/panic_utils.c.obj
[domika:ro] [332/382] Building C object modules/ec/zephyr/CMakeFiles/ec_shim.dir/shim/src/flash.c.obj
[domika:ro] [333/382] Building C object modules/ec/zephyr/CMakeFiles/ec_shim.dir/shim/src/fan.c.obj
[domika:rw] [319/382] Building C object modules/ec/zephyr/CMakeFiles/ec_shim.dir/shim/src/gpio.c.obj
[domika:ro] [334/382] Building C object modules/ec/zephyr/CMakeFiles/ec_shim.dir/shim/src/hooks.c.obj
[domika:rw] [320/382] Building C object modules/ec/zephyr/CMakeFiles/ec_shim.dir/shim/src/pm_state.c.obj
[domika:ro] [335/382] Building C object modules/ec/zephyr/CMakeFiles/ec_shim.dir/shim/src/host_command.c.obj
[domika:rw] [321/382] Building C object modules/ec/zephyr/CMakeFiles/ec_shim.dir/shim/src/cbi/cros_cbi.c.obj
[domika:rw] [322/382] Building C object modules/ec/zephyr/CMakeFiles/ec_shim.dir/shim/src/gpio_int.c.obj
[domika:rw] [323/382] Building C object modules/ec/zephyr/CMakeFiles/ec_shim.dir/shim/src/cbi/cros_cbi_fw_config.c.obj
[kaladin-ish:singleimage] [30/270] Building C object CMakeFiles/app.dir/mnt/host/source/src/platform/ec/build/zephyr/kaladin-ish/modules/ec/common/ec_features.c.obj
[domika:rw] [324/382] Building C object modules/ec/zephyr/CMakeFiles/ec_shim.dir/shim/src/cbi/cros_cbi_ssfc.c.obj
[domika:ro] [336/382] Building C object modules/ec/zephyr/CMakeFiles/ec_shim.dir/shim/src/console_buffer.c.obj
[domika:rw] [325/382] Building C object modules/ec/zephyr/CMakeFiles/ec_shim.dir/shim/src/cbi/cbi_eeprom.c.obj
[domika:ro] [337/382] Building C object modules/ec/zephyr/CMakeFiles/ec_shim.dir/shim/src/keyboard_raw.c.obj
[domika:ro] [338/382] Building C object modules/ec/zephyr/CMakeFiles/ec_shim.dir/shim/src/mkbp_event.c.obj
[domika:ro] [339/382] Building C object modules/ec/zephyr/CMakeFiles/ec_shim.dir/shim/src/panic.c.obj
[domika:rw] [326/382] Building C object modules/ec/zephyr/CMakeFiles/ec_shim.dir/shim/src/system.c.obj
[domika:rw] [327/382] Building C object modules/ec/zephyr/CMakeFiles/ec_shim.dir/shim/src/charger.c.obj
[domika:rw] [328/382] Building C object modules/ec/zephyr/CMakeFiles/ec_shim.dir/shim/src/adc.c.obj
[domika:rw] [329/382] Building C object modules/ec/zephyr/CMakeFiles/ec_shim.dir/shim/src/battery.c.obj
[domika:rw] [330/382] Building C object modules/ec/zephyr/CMakeFiles/ec_shim.dir/shim/src/chipset_api.c.obj
[kaladin-ish:singleimage] [31/270] Building C object CMakeFiles/app.dir/mnt/host/source/src/platform/ec/build/zephyr/kaladin-ish/modules/ec/common/gpio_commands.c.obj
[domika:ro] [340/382] Building C object modules/ec/zephyr/CMakeFiles/ec_shim.dir/shim/src/motionsense_sensors.c.obj
[domika:ro] [341/382] Building C object modules/ec/zephyr/CMakeFiles/ec_shim.dir/shim/src/hwtimer.c.obj
[domika:rw] [331/382] Building C object modules/ec/zephyr/CMakeFiles/ec_shim.dir/shim/src/espi.c.obj
[domika:ro] [342/382] Building C object modules/ec/zephyr/CMakeFiles/ec_shim.dir/shim/src/pwm_hc.c.obj
[domika:ro] [343/382] Building C object modules/ec/zephyr/CMakeFiles/ec_shim.dir/shim/src/thermal.c.obj
[domika:rw] [332/382] Building C object modules/ec/zephyr/CMakeFiles/ec_shim.dir/shim/src/fan.c.obj
[domika:ro] [344/382] Building C object modules/ec/zephyr/CMakeFiles/ec_shim.dir/shim/src/temp_sensors.c.obj
[kaladin-ish:singleimage] [32/270] Building C object CMakeFiles/app.dir/mnt/host/source/src/platform/ec/build/zephyr/kaladin-ish/modules/ec/common/peripheral.c.obj
[domika:rw] [333/382] Building C object modules/ec/zephyr/CMakeFiles/ec_shim.dir/shim/src/console_buffer.c.obj
[domika:rw] [334/382] Building C object modules/ec/zephyr/CMakeFiles/ec_shim.dir/shim/src/flash.c.obj
[domika:rw] [335/382] Building C object modules/ec/zephyr/CMakeFiles/ec_shim.dir/shim/src/hooks.c.obj
[domika:rw] [336/382] Building C object modules/ec/zephyr/CMakeFiles/ec_shim.dir/shim/src/keyboard_raw.c.obj
[domika:rw] [337/382] Building C object modules/ec/zephyr/CMakeFiles/ec_shim.dir/shim/src/host_command.c.obj
[domika:ro] [345/382] Building C object modules/ec/zephyr/CMakeFiles/ec_shim.dir/shim/src/i2c.c.obj
[domika:rw] [338/382] Building C object modules/ec/zephyr/CMakeFiles/ec_shim.dir/shim/src/mkbp_event.c.obj
[domika:ro] [346/382] Building C object modules/ec/zephyr/CMakeFiles/ec_shim.dir/shim/src/tasks.c.obj
[kaladin-ish:singleimage] [33/270] Building C object CMakeFiles/app.dir/mnt/host/source/src/platform/ec/build/zephyr/kaladin-ish/modules/ec/common/printf.c.obj
[domika:ro] [347/382] Building C object modules/ec/zephyr/CMakeFiles/ec_shim.dir/shim/src/watchdog.c.obj
[domika:ro] [348/382] Building C object modules/ec/zephyr/CMakeFiles/ec_shim.dir/shim/src/usba.c.obj
[domika:ro] [349/382] Building C object modules/ec/zephyr/CMakeFiles/ec_shim.dir/shim/src/power_host_sleep_api.c.obj
[domika:rw] [339/382] Building C object modules/ec/zephyr/CMakeFiles/ec_shim.dir/shim/src/panic.c.obj
[domika:rw] [340/382] Building C object modules/ec/zephyr/CMakeFiles/ec_shim.dir/shim/src/hwtimer.c.obj
[domika:rw] [341/382] Building C object modules/ec/zephyr/CMakeFiles/ec_shim.dir/shim/src/pwm_hc.c.obj
[domika:rw] [342/382] Building C object modules/ec/zephyr/CMakeFiles/ec_shim.dir/shim/src/motionsense_sensors.c.obj
[domika:rw] [343/382] Building C object modules/ec/zephyr/CMakeFiles/ec_shim.dir/shim/src/thermal.c.obj
[domika:rw] [344/382] Building C object modules/ec/zephyr/CMakeFiles/ec_shim.dir/shim/src/temp_sensors.c.obj
[domika:ro] [350/382] Building C object modules/ec/zephyr/CMakeFiles/ec_shim.dir/shim/src/usb_muxes.c.obj
[kaladin-ish:singleimage] [34/270] Building C object CMakeFiles/app.dir/mnt/host/source/src/platform/ec/build/zephyr/kaladin-ish/modules/ec/common/queue.c.obj
[domika:ro] [351/382] Building C object zephyr/kernel/CMakeFiles/kernel.dir/main_weak.c.obj
[domika:ro] [352/382] Linking C static library modules/ec/zephyr/libec_shim.a
[domika:ro] [353/382] Building C object zephyr/kernel/CMakeFiles/kernel.dir/banner.c.obj
[domika:ro] [354/382] Building C object zephyr/kernel/CMakeFiles/kernel.dir/busy_wait.c.obj
[domika:ro] [355/382] Building C object zephyr/kernel/CMakeFiles/kernel.dir/device.c.obj
[domika:rw] [345/382] Building C object modules/ec/zephyr/CMakeFiles/ec_shim.dir/shim/src/i2c.c.obj
[domika:rw] [346/382] Building C object modules/ec/zephyr/CMakeFiles/ec_shim.dir/shim/src/usba.c.obj
[domika:rw] [347/382] Building C object modules/ec/zephyr/CMakeFiles/ec_shim.dir/shim/src/power_host_sleep_api.c.obj
[domika:rw] [348/382] Building C object modules/ec/zephyr/CMakeFiles/ec_shim.dir/shim/src/tasks.c.obj
[domika:rw] [349/382] Building C object zephyr/kernel/CMakeFiles/kernel.dir/main_weak.c.obj
[domika:rw] [350/382] Building C object modules/ec/zephyr/CMakeFiles/ec_shim.dir/shim/src/watchdog.c.obj
[domika:rw] [351/382] Building C object modules/ec/zephyr/CMakeFiles/ec_shim.dir/shim/src/usb_muxes.c.obj
[domika:ro] [356/382] Building C object zephyr/kernel/CMakeFiles/kernel.dir/errno.c.obj
[domika:ro] [357/382] Building C object zephyr/kernel/CMakeFiles/kernel.dir/fatal.c.obj
[domika:rw] [352/382] Linking C static library modules/ec/zephyr/libec_shim.a
[domika:ro] [358/382] Building C object zephyr/kernel/CMakeFiles/kernel.dir/kheap.c.obj
[kaladin-ish:singleimage] [35/270] Building C object CMakeFiles/app.dir/mnt/host/source/src/platform/ec/build/zephyr/kaladin-ish/modules/ec/common/system.c.obj
[domika:rw] [353/382] Building C object zephyr/kernel/CMakeFiles/kernel.dir/banner.c.obj
[domika:ro] [359/382] Building C object zephyr/kernel/CMakeFiles/kernel.dir/mem_slab.c.obj
[domika:ro] [360/382] Building C object zephyr/kernel/CMakeFiles/kernel.dir/init.c.obj
[domika:ro] [361/382] Building C object zephyr/kernel/CMakeFiles/kernel.dir/version.c.obj
[domika:rw] [354/382] Building C object zephyr/kernel/CMakeFiles/kernel.dir/busy_wait.c.obj
[domika:rw] [355/382] Building C object zephyr/kernel/CMakeFiles/kernel.dir/device.c.obj
[domika:rw] [356/382] Building C object zephyr/kernel/CMakeFiles/kernel.dir/fatal.c.obj
[domika:rw] [357/382] Building C object zephyr/kernel/CMakeFiles/kernel.dir/errno.c.obj
[domika:rw] [358/382] Building C object zephyr/kernel/CMakeFiles/kernel.dir/version.c.obj
[domika:ro] [362/382] Building C object zephyr/kernel/CMakeFiles/kernel.dir/float.c.obj
[kaladin-ish:singleimage] [36/270] Building C object CMakeFiles/app.dir/mnt/host/source/src/platform/ec/build/zephyr/kaladin-ish/modules/ec/common/system_boot_time.c.obj
[domika:rw] [359/382] Building C object zephyr/kernel/CMakeFiles/kernel.dir/kheap.c.obj
[domika:rw] [360/382] Building C object zephyr/kernel/CMakeFiles/kernel.dir/init.c.obj
[domika:ro] [363/382] Building C object zephyr/kernel/CMakeFiles/kernel.dir/mailbox.c.obj
[domika:ro] [364/382] Building C object zephyr/kernel/CMakeFiles/kernel.dir/idle.c.obj
[domika:rw] [361/382] Building C object zephyr/kernel/CMakeFiles/kernel.dir/mem_slab.c.obj
[domika:ro] [365/382] Building C object zephyr/kernel/CMakeFiles/kernel.dir/msg_q.c.obj
[domika:ro] [366/382] Building C object zephyr/kernel/CMakeFiles/kernel.dir/mutex.c.obj
[domika:rw] [362/382] Building C object zephyr/kernel/CMakeFiles/kernel.dir/float.c.obj
[domika:rw] [363/382] Building C object zephyr/kernel/CMakeFiles/kernel.dir/idle.c.obj
[domika:rw] [364/382] Building C object zephyr/kernel/CMakeFiles/kernel.dir/mailbox.c.obj
[kaladin-ish:singleimage] [37/270] Building C object CMakeFiles/app.dir/mnt/host/source/src/platform/ec/build/zephyr/kaladin-ish/modules/ec/common/uart_printf.c.obj
[domika:rw] [365/382] Building C object zephyr/kernel/CMakeFiles/kernel.dir/msg_q.c.obj
[domika:ro] [367/382] Building C object zephyr/kernel/CMakeFiles/kernel.dir/queue.c.obj
[domika:rw] [366/382] Building C object zephyr/kernel/CMakeFiles/kernel.dir/mutex.c.obj
[domika:ro] [368/382] Building C object zephyr/kernel/CMakeFiles/kernel.dir/sem.c.obj
[domika:rw] [367/382] Building C object zephyr/kernel/CMakeFiles/kernel.dir/queue.c.obj
[domika:ro] [369/382] Building C object zephyr/kernel/CMakeFiles/kernel.dir/stack.c.obj
[domika:ro] [370/382] Building C object zephyr/kernel/CMakeFiles/kernel.dir/system_work_q.c.obj
[domika:rw] [368/382] Building C object zephyr/kernel/CMakeFiles/kernel.dir/sem.c.obj
[domika:rw] [369/382] Building C object zephyr/kernel/CMakeFiles/kernel.dir/stack.c.obj
[domika:rw] [370/382] Building C object zephyr/kernel/CMakeFiles/kernel.dir/system_work_q.c.obj
[kaladin-ish:singleimage] [38/270] Building C object CMakeFiles/app.dir/mnt/host/source/src/platform/ec/build/zephyr/kaladin-ish/modules/ec/common/util.c.obj
[domika:ro] [371/382] Building C object zephyr/kernel/CMakeFiles/kernel.dir/work.c.obj
[domika:rw] [371/382] Building C object zephyr/kernel/CMakeFiles/kernel.dir/condvar.c.obj
[domika:ro] [372/382] Building C object zephyr/kernel/CMakeFiles/kernel.dir/condvar.c.obj
[domika:rw] [372/382] Building C object zephyr/kernel/CMakeFiles/kernel.dir/work.c.obj
[domika:ro] [373/382] Building C object zephyr/kernel/CMakeFiles/kernel.dir/thread.c.obj
[domika:rw] [373/382] Building C object zephyr/kernel/CMakeFiles/kernel.dir/thread.c.obj
[/mnt/host/source/src/platform/ec/build/zephyr/kyogre-lcov]   /mnt/host/source/src/platform/ec/build/zephyr/kyogre/build-rw/CMakeFiles/app.dir/mnt/host/source/src/platform/ec/build/zephyr/kyogre/modules/ec/common/usb_pd_pdo.c.gcno:no functions found
[/mnt/host/source/src/platform/ec/build/zephyr/kyogre-lcov] stderr:
[domika:rw] [374/382] Building C object zephyr/kernel/CMakeFiles/kernel.dir/pipe.c.obj
[domika:ro] [374/382] Building C object zephyr/kernel/CMakeFiles/kernel.dir/pipe.c.obj
[domika:rw] [375/382] Building C object zephyr/kernel/CMakeFiles/kernel.dir/timer.c.obj
[kaladin-ish:singleimage] [39/270] Building C object CMakeFiles/app.dir/mnt/host/source/src/platform/ec/build/zephyr/kaladin-ish/modules/ec/common/version.c.obj
[domika:rw] [376/382] Building C object zephyr/kernel/CMakeFiles/kernel.dir/timeout.c.obj
[domika:rw] [377/382] Building C object zephyr/kernel/CMakeFiles/kernel.dir/sched.c.obj
[domika:ro] [375/382] Building C object zephyr/kernel/CMakeFiles/kernel.dir/timeout.c.obj
[domika:ro] [376/382] Building C object zephyr/kernel/CMakeFiles/kernel.dir/sched.c.obj
[/mnt/host/source/src/platform/ec/build/zephyr/teliks-lcov]   /mnt/host/source/src/platform/ec/build/zephyr/teliks/build-rw/CMakeFiles/app.dir/mnt/host/source/src/platform/ec/build/zephyr/teliks/modules/ec/common/cbi_config.c.gcno:no functions found
[/mnt/host/source/src/platform/ec/build/zephyr/teliks-lcov] stderr:
[domika:ro] [377/382] Building C object zephyr/kernel/CMakeFiles/kernel.dir/timer.c.obj
[ite-aic-rtk-pdc:ro] Building: /usr/bin/ninja -C /mnt/host/source/src/platform/ec/build/zephyr/ite-aic-rtk-pdc/build-ro all.libraries
Running `env -i SHELL=/bin/bash COLORTERM=truecolor DEPOT_TOOLS_UPDATE=0 LESS='-R -M --shift 5' SUDO_GID=0 JDK_HOME=/etc/java-config-2/current-system-vm CONFIG_PROTECT_MASK='/etc/gentoo-release /etc/sandbox.d /etc/fonts/fonts.conf /etc/terminfo /etc/ca-certificates.conf /etc/revdep-rebuild' CHROMEOS_CACHEDIR=/var/cache/chromeos-cache JAVA_HOME=/etc/java-config-2/current-system-vm SSH_AUTH_SOCK=/tmp/ssh-auth-sock SUDO_COMMAND=/bin/bash SUDO_USER=root SUDO_TTY=/dev/pts/2 EDITOR=/usr/bin/vi PWD=/mnt/host/source/src/platform/ec CONFIG_PROTECT=/usr/share/gnupg/qualified.txt LOGNAME=jpmurphy MANPATH=/etc/java-config-2/current-system-vm/man:/usr/local/share/man:/usr/share/man:/usr/share/gcc-data/x86_64-pc-linux-gnu/10.2.0/man:/usr/share/binutils-data/x86_64-pc-linux-gnu/2.45/man:/etc/java-config-2/current-system-vm/man/ SUDO_HOME=/root XAUTHORITY=/run/user/944457/gdm/Xauthority HOME=/home/jpmurphy LANG=C.UTF-8 LS_COLORS='rs=0:di=01;34:ln=01;36:mh=00:pi=40;33:so=01;35:do=01;35:bd=40;33;01:cd=40;33;01:or=01;05;37;41:mi=01;05;37;41:su=37;41:sg=30;43:ca=30;41:tw=30;42:ow=34;42:st=37;44:ex=01;32:*.tar=01;31:*.tgz=01;31:*.arc=01;31:*.arj=01;31:*.taz=01;31:*.lha=01;31:*.lz4=01;31:*.lzh=01;31:*.lzma=01;31:*.tlz=01;31:*.txz=01;31:*.tzo=01;31:*.t7z=01;31:*.zip=01;31:*.z=01;31:*.dz=01;31:*.gz=01;31:*.lrz=01;31:*.lz=01;31:*.lzo=01;31:*.xz=01;31:*.zst=01;31:*.tzst=01;31:*.bz2=01;31:*.bz=01;31:*.tbz=01;31:*.tbz2=01;31:*.tz=01;31:*.deb=01;31:*.rpm=01;31:*.jar=01;31:*.war=01;31:*.ear=01;31:*.sar=01;31:*.rar=01;31:*.alz=01;31:*.ace=01;31:*.zoo=01;31:*.cpio=01;31:*.7z=01;31:*.rz=01;31:*.cab=01;31:*.wim=01;31:*.swm=01;31:*.dwm=01;31:*.esd=01;31:*.jpg=01;35:*.jpeg=01;35:*.mjpg=01;35:*.mjpeg=01;35:*.gif=01;35:*.bmp=01;35:*.pbm=01;35:*.pgm=01;35:*.ppm=01;35:*.tga=01;35:*.xbm=01;35:*.xpm=01;35:*.tif=01;35:*.tiff=01;35:*.png=01;35:*.svg=01;35:*.svgz=01;35:*.mng=01;35:*.pcx=01;35:*.mov=01;35:*.mpg=01;35:*.mpeg=01;35:*.m2v=01;35:*.mkv=01;35:*.webm=01;35:*.webp=01;35:*.ogm=01;35:*.mp4=01;35:*.m4v=01;35:*.mp4v=01;35:*.vob=01;35:*.qt=01;35:*.nuv=01;35:*.wmv=01;35:*.asf=01;35:*.rm=01;35:*.rmvb=01;35:*.flc=01;35:*.avi=01;35:*.fli=01;35:*.flv=01;35:*.gl=01;35:*.dl=01;35:*.xcf=01;35:*.xwd=01;35:*.yuv=01;35:*.cgm=01;35:*.emf=01;35:*.ogv=01;35:*.ogx=01;35:*.cfg=00;32:*.conf=00;32:*.diff=00;32:*.doc=00;32:*.ini=00;32:*.log=00;32:*.patch=00;32:*.pdf=00;32:*.ps=00;32:*.tex=00;32:*.txt=00;32:*.aac=00;36:*.au=00;36:*.flac=00;36:*.m4a=00;36:*.mid=00;36:*.midi=00;36:*.mka=00;36:*.mp3=00;36:*.mpc=00;36:*.ogg=00;36:*.ra=00;36:*.wav=00;36:*.oga=00;36:*.opus=00;36:*.spx=00;36:*.xspf=00;36:' XDG_CURRENT_DESKTOP=GNOME INFOPATH=/usr/share/info:/usr/share/gcc-data/x86_64-pc-linux-gnu/10.2.0/info:/usr/share/binutils-data/x86_64-pc-linux-gnu/2.45/info:/usr/share/automake-1.16.5/info JAVAC=/etc/java-config-2/current-system-vm/bin/javac TERM=xterm-256color LESSOPEN='|lesspipe %s' USER=jpmurphy CROS_WORKON_SRCROOT=/mnt/host/source MANPAGER=manpager DISPLAY=:1 SHLVL=1 LC_MESSAGES=C EXTERNAL_TRUNK_PATH=/mnt/8f9d649a-3721-44cc-93c0-e6bd21a9689f/chromiumos GCC_SPECS='' PATH=/mnt/host/source/chromite/bin:/usr/local/bin:/usr/bin:/bin:/opt/bin:/mnt/host/source/chromite/sdk/bin:/mnt/host/source/chromite/bin PORTAGE_USERNAME=jpmurphy SUDO_UID=0 GCC_VER=10.2.0 MAIL=/var/mail/jpmurphy OLDPWD=/mnt/host/source/src/scripts traceparent=00-e87aca51550a78635907baa6a2476181-6d684811675d2973-01 _=./zephyr/firmware_builder.py COREBOOT_SDK_ROOT_x86=/home/jpmurphy/.cache/coreboot-sdk/i386-elf/dfbb0486385d938cfa9d73080b9d18d598ed4f49 COREBOOT_SDK_ROOT_picolibc_x86=/home/jpmurphy/.cache/coreboot-sdk/picolibc-i386-elf/eb8e8e687b95461de8cbf278f1c2076952d0ad17 COREBOOT_SDK_ROOT_riscv64=/home/jpmurphy/.cache/coreboot-sdk/riscv64-elf/96b949749225b6aaa92ed810ab769e8dfb12f000 COREBOOT_SDK_ROOT_picolibc_arm=/home/jpmurphy/.cache/coreboot-sdk/picolibc-arm-eabi/422a2aa3e1ef891b5bece9a3deb696ff83840d2e COREBOOT_SDK_ROOT_nds32=/home/jpmurphy/.cache/coreboot-sdk/nds32le-elf/d1a518c4a097666d86058e1444f85ca015d15511 COREBOOT_SDK_ROOT_picolibc_riscv64=/home/jpmurphy/.cache/coreboot-sdk/picolibc-riscv64-elf/f571e990ef0278564b31124f8bb109d9a697eb69 COREBOOT_SDK_ROOT_arm=/home/jpmurphy/.cache/coreboot-sdk/arm-eabi/ea40ddd1d190c3b48435c474c0b545719371813a COREBOOT_SDK_ROOT_libstdcxx_riscv64=/home/jpmurphy/.cache/coreboot-sdk/libstdcxx-riscv64-elf/17abf22a3a252e2d5d2062ced5324f7a623689e0 COREBOOT_SDK_ROOT_libstdcxx_arm=/home/jpmurphy/.cache/coreboot-sdk/libstdcxx-arm-eabi/5d7d82e150e44aa1968f1d366e267e6687b328ac COREBOOT_SDK_ROOT_riscv=/home/jpmurphy/.cache/coreboot-sdk/riscv-elf/9a27b9e82341c6e9126624f516ab3f261abb3e73 COREBOOT_SDK_ROOT_libstdcxx_x86=/home/jpmurphy/.cache/coreboot-sdk/libstdcxx-i386-elf/42ef9d2e87a76a37963175d7d428734e65648b87 PYTHONPATH=/mnt/host/source/src/platform/ec/zephyr/zmake PW_PIGWEED_CIPD_INSTALL_DIR=/usr CROSTC_USER_ACKNOWLEDGES_THAT_RISCV_IS_EXPERIMENTAL=1 MAKEFLAGS=' -j16 --jobserver-auth=5,6' /usr/bin/ninja -C /mnt/host/source/src/platform/ec/build/zephyr/ite-aic-rtk-pdc/build-ro all.libraries`
[domika:rw] [378/382] Building C object zephyr/kernel/CMakeFiles/kernel.dir/mempool.c.obj
[ite-aic-rtk-pdc:ro] ninja: Entering directory `/mnt/host/source/src/platform/ec/build/zephyr/ite-aic-rtk-pdc/build-ro'
[domika:rw] [379/382] Building C object zephyr/kernel/CMakeFiles/kernel.dir/poll.c.obj
[domika:rw] [380/382] Building C object zephyr/kernel/CMakeFiles/kernel.dir/events.c.obj
[domika:ro] [378/382] Building C object zephyr/kernel/CMakeFiles/kernel.dir/poll.c.obj
[ite-aic-rtk-pdc:ro] [1/288] Preparing syscall dependency handling
[ite-aic-rtk-pdc:rw] Building: /usr/bin/ninja -C /mnt/host/source/src/platform/ec/build/zephyr/ite-aic-rtk-pdc/build-rw all.libraries
Running `env -i SHELL=/bin/bash COLORTERM=truecolor DEPOT_TOOLS_UPDATE=0 LESS='-R -M --shift 5' SUDO_GID=0 JDK_HOME=/etc/java-config-2/current-system-vm CONFIG_PROTECT_MASK='/etc/gentoo-release /etc/sandbox.d /etc/fonts/fonts.conf /etc/terminfo /etc/ca-certificates.conf /etc/revdep-rebuild' CHROMEOS_CACHEDIR=/var/cache/chromeos-cache JAVA_HOME=/etc/java-config-2/current-system-vm SSH_AUTH_SOCK=/tmp/ssh-auth-sock SUDO_COMMAND=/bin/bash SUDO_USER=root SUDO_TTY=/dev/pts/2 EDITOR=/usr/bin/vi PWD=/mnt/host/source/src/platform/ec CONFIG_PROTECT=/usr/share/gnupg/qualified.txt LOGNAME=jpmurphy MANPATH=/etc/java-config-2/current-system-vm/man:/usr/local/share/man:/usr/share/man:/usr/share/gcc-data/x86_64-pc-linux-gnu/10.2.0/man:/usr/share/binutils-data/x86_64-pc-linux-gnu/2.45/man:/etc/java-config-2/current-system-vm/man/ SUDO_HOME=/root XAUTHORITY=/run/user/944457/gdm/Xauthority HOME=/home/jpmurphy LANG=C.UTF-8 LS_COLORS='rs=0:di=01;34:ln=01;36:mh=00:pi=40;33:so=01;35:do=01;35:bd=40;33;01:cd=40;33;01:or=01;05;37;41:mi=01;05;37;41:su=37;41:sg=30;43:ca=30;41:tw=30;42:ow=34;42:st=37;44:ex=01;32:*.tar=01;31:*.tgz=01;31:*.arc=01;31:*.arj=01;31:*.taz=01;31:*.lha=01;31:*.lz4=01;31:*.lzh=01;31:*.lzma=01;31:*.tlz=01;31:*.txz=01;31:*.tzo=01;31:*.t7z=01;31:*.zip=01;31:*.z=01;31:*.dz=01;31:*.gz=01;31:*.lrz=01;31:*.lz=01;31:*.lzo=01;31:*.xz=01;31:*.zst=01;31:*.tzst=01;31:*.bz2=01;31:*.bz=01;31:*.tbz=01;31:*.tbz2=01;31:*.tz=01;31:*.deb=01;31:*.rpm=01;31:*.jar=01;31:*.war=01;31:*.ear=01;31:*.sar=01;31:*.rar=01;31:*.alz=01;31:*.ace=01;31:*.zoo=01;31:*.cpio=01;31:*.7z=01;31:*.rz=01;31:*.cab=01;31:*.wim=01;31:*.swm=01;31:*.dwm=01;31:*.esd=01;31:*.jpg=01;35:*.jpeg=01;35:*.mjpg=01;35:*.mjpeg=01;35:*.gif=01;35:*.bmp=01;35:*.pbm=01;35:*.pgm=01;35:*.ppm=01;35:*.tga=01;35:*.xbm=01;35:*.xpm=01;35:*.tif=01;35:*.tiff=01;35:*.png=01;35:*.svg=01;35:*.svgz=01;35:*.mng=01;35:*.pcx=01;35:*.mov=01;35:*.mpg=01;35:*.mpeg=01;35:*.m2v=01;35:*.mkv=01;35:*.webm=01;35:*.webp=01;35:*.ogm=01;35:*.mp4=01;35:*.m4v=01;35:*.mp4v=01;35:*.vob=01;35:*.qt=01;35:*.nuv=01;35:*.wmv=01;35:*.asf=01;35:*.rm=01;35:*.rmvb=01;35:*.flc=01;35:*.avi=01;35:*.fli=01;35:*.flv=01;35:*.gl=01;35:*.dl=01;35:*.xcf=01;35:*.xwd=01;35:*.yuv=01;35:*.cgm=01;35:*.emf=01;35:*.ogv=01;35:*.ogx=01;35:*.cfg=00;32:*.conf=00;32:*.diff=00;32:*.doc=00;32:*.ini=00;32:*.log=00;32:*.patch=00;32:*.pdf=00;32:*.ps=00;32:*.tex=00;32:*.txt=00;32:*.aac=00;36:*.au=00;36:*.flac=00;36:*.m4a=00;36:*.mid=00;36:*.midi=00;36:*.mka=00;36:*.mp3=00;36:*.mpc=00;36:*.ogg=00;36:*.ra=00;36:*.wav=00;36:*.oga=00;36:*.opus=00;36:*.spx=00;36:*.xspf=00;36:' XDG_CURRENT_DESKTOP=GNOME INFOPATH=/usr/share/info:/usr/share/gcc-data/x86_64-pc-linux-gnu/10.2.0/info:/usr/share/binutils-data/x86_64-pc-linux-gnu/2.45/info:/usr/share/automake-1.16.5/info JAVAC=/etc/java-config-2/current-system-vm/bin/javac TERM=xterm-256color LESSOPEN='|lesspipe %s' USER=jpmurphy CROS_WORKON_SRCROOT=/mnt/host/source MANPAGER=manpager DISPLAY=:1 SHLVL=1 LC_MESSAGES=C EXTERNAL_TRUNK_PATH=/mnt/8f9d649a-3721-44cc-93c0-e6bd21a9689f/chromiumos GCC_SPECS='' PATH=/mnt/host/source/chromite/bin:/usr/local/bin:/usr/bin:/bin:/opt/bin:/mnt/host/source/chromite/sdk/bin:/mnt/host/source/chromite/bin PORTAGE_USERNAME=jpmurphy SUDO_UID=0 GCC_VER=10.2.0 MAIL=/var/mail/jpmurphy OLDPWD=/mnt/host/source/src/scripts traceparent=00-e87aca51550a78635907baa6a2476181-6d684811675d2973-01 _=./zephyr/firmware_builder.py COREBOOT_SDK_ROOT_x86=/home/jpmurphy/.cache/coreboot-sdk/i386-elf/dfbb0486385d938cfa9d73080b9d18d598ed4f49 COREBOOT_SDK_ROOT_picolibc_x86=/home/jpmurphy/.cache/coreboot-sdk/picolibc-i386-elf/eb8e8e687b95461de8cbf278f1c2076952d0ad17 COREBOOT_SDK_ROOT_riscv64=/home/jpmurphy/.cache/coreboot-sdk/riscv64-elf/96b949749225b6aaa92ed810ab769e8dfb12f000 COREBOOT_SDK_ROOT_picolibc_arm=/home/jpmurphy/.cache/coreboot-sdk/picolibc-arm-eabi/422a2aa3e1ef891b5bece9a3deb696ff83840d2e COREBOOT_SDK_ROOT_nds32=/home/jpmurphy/.cache/coreboot-sdk/nds32le-elf/d1a518c4a097666d86058e1444f85ca015d15511 COREBOOT_SDK_ROOT_picolibc_riscv64=/home/jpmurphy/.cache/coreboot-sdk/picolibc-riscv64-elf/f571e990ef0278564b31124f8bb109d9a697eb69 COREBOOT_SDK_ROOT_arm=/home/jpmurphy/.cache/coreboot-sdk/arm-eabi/ea40ddd1d190c3b48435c474c0b545719371813a COREBOOT_SDK_ROOT_libstdcxx_riscv64=/home/jpmurphy/.cache/coreboot-sdk/libstdcxx-riscv64-elf/17abf22a3a252e2d5d2062ced5324f7a623689e0 COREBOOT_SDK_ROOT_libstdcxx_arm=/home/jpmurphy/.cache/coreboot-sdk/libstdcxx-arm-eabi/5d7d82e150e44aa1968f1d366e267e6687b328ac COREBOOT_SDK_ROOT_riscv=/home/jpmurphy/.cache/coreboot-sdk/riscv-elf/9a27b9e82341c6e9126624f516ab3f261abb3e73 COREBOOT_SDK_ROOT_libstdcxx_x86=/home/jpmurphy/.cache/coreboot-sdk/libstdcxx-i386-elf/42ef9d2e87a76a37963175d7d428734e65648b87 PYTHONPATH=/mnt/host/source/src/platform/ec/zephyr/zmake PW_PIGWEED_CIPD_INSTALL_DIR=/usr CROSTC_USER_ACKNOWLEDGES_THAT_RISCV_IS_EXPERIMENTAL=1 MAKEFLAGS=' -j16 --jobserver-auth=5,6' /usr/bin/ninja -C /mnt/host/source/src/platform/ec/build/zephyr/ite-aic-rtk-pdc/build-rw all.libraries`
[ite-aic-rtk-pdc:rw] ninja: Entering directory `/mnt/host/source/src/platform/ec/build/zephyr/ite-aic-rtk-pdc/build-rw'
[domika:ro] [379/382] Building C object zephyr/kernel/CMakeFiles/kernel.dir/events.c.obj
Running (initial) lcov on /mnt/host/source/src/platform/ec/build/zephyr/dev-posix.
[domika:rw] [381/382] Building C object zephyr/kernel/CMakeFiles/kernel.dir/dynamic_disabled.c.obj
[kaladin-ish:singleimage] [40/270] Building C object CMakeFiles/app.dir/mnt/host/source/src/platform/ec/build/zephyr/kaladin-ish/modules/ec/driver/accel_bma4xx.c.obj
[ite-aic-rtk-pdc:ro] [2/288] Generating misc/generated/syscalls_subdirs.trigger
[domika:ro] [380/382] Building C object zephyr/kernel/CMakeFiles/kernel.dir/mempool.c.obj
[kaladin-ish:singleimage] [41/270] Building C object CMakeFiles/app.dir/mnt/host/source/src/platform/ec/build/zephyr/kaladin-ish/modules/ec/driver/accelgyro_bmi_common.c.obj
[kaladin-ish:singleimage] [42/270] Building C object CMakeFiles/app.dir/mnt/host/source/src/platform/ec/build/zephyr/kaladin-ish/modules/ec/driver/accelgyro_bmi260.c.obj
[domika:rw] [382/382] Linking C static library zephyr/kernel/libkernel.a
[axii:rw] Building: /usr/bin/ninja -C /mnt/host/source/src/platform/ec/build/zephyr/axii/build-rw all.libraries
Running `env -i SHELL=/bin/bash COLORTERM=truecolor DEPOT_TOOLS_UPDATE=0 LESS='-R -M --shift 5' SUDO_GID=0 JDK_HOME=/etc/java-config-2/current-system-vm CONFIG_PROTECT_MASK='/etc/gentoo-release /etc/sandbox.d /etc/fonts/fonts.conf /etc/terminfo /etc/ca-certificates.conf /etc/revdep-rebuild' CHROMEOS_CACHEDIR=/var/cache/chromeos-cache JAVA_HOME=/etc/java-config-2/current-system-vm SSH_AUTH_SOCK=/tmp/ssh-auth-sock SUDO_COMMAND=/bin/bash SUDO_USER=root SUDO_TTY=/dev/pts/2 EDITOR=/usr/bin/vi PWD=/mnt/host/source/src/platform/ec CONFIG_PROTECT=/usr/share/gnupg/qualified.txt LOGNAME=jpmurphy MANPATH=/etc/java-config-2/current-system-vm/man:/usr/local/share/man:/usr/share/man:/usr/share/gcc-data/x86_64-pc-linux-gnu/10.2.0/man:/usr/share/binutils-data/x86_64-pc-linux-gnu/2.45/man:/etc/java-config-2/current-system-vm/man/ SUDO_HOME=/root XAUTHORITY=/run/user/944457/gdm/Xauthority HOME=/home/jpmurphy LANG=C.UTF-8 LS_COLORS='rs=0:di=01;34:ln=01;36:mh=00:pi=40;33:so=01;35:do=01;35:bd=40;33;01:cd=40;33;01:or=01;05;37;41:mi=01;05;37;41:su=37;41:sg=30;43:ca=30;41:tw=30;42:ow=34;42:st=37;44:ex=01;32:*.tar=01;31:*.tgz=01;31:*.arc=01;31:*.arj=01;31:*.taz=01;31:*.lha=01;31:*.lz4=01;31:*.lzh=01;31:*.lzma=01;31:*.tlz=01;31:*.txz=01;31:*.tzo=01;31:*.t7z=01;31:*.zip=01;31:*.z=01;31:*.dz=01;31:*.gz=01;31:*.lrz=01;31:*.lz=01;31:*.lzo=01;31:*.xz=01;31:*.zst=01;31:*.tzst=01;31:*.bz2=01;31:*.bz=01;31:*.tbz=01;31:*.tbz2=01;31:*.tz=01;31:*.deb=01;31:*.rpm=01;31:*.jar=01;31:*.war=01;31:*.ear=01;31:*.sar=01;31:*.rar=01;31:*.alz=01;31:*.ace=01;31:*.zoo=01;31:*.cpio=01;31:*.7z=01;31:*.rz=01;31:*.cab=01;31:*.wim=01;31:*.swm=01;31:*.dwm=01;31:*.esd=01;31:*.jpg=01;35:*.jpeg=01;35:*.mjpg=01;35:*.mjpeg=01;35:*.gif=01;35:*.bmp=01;35:*.pbm=01;35:*.pgm=01;35:*.ppm=01;35:*.tga=01;35:*.xbm=01;35:*.xpm=01;35:*.tif=01;35:*.tiff=01;35:*.png=01;35:*.svg=01;35:*.svgz=01;35:*.mng=01;35:*.pcx=01;35:*.mov=01;35:*.mpg=01;35:*.mpeg=01;35:*.m2v=01;35:*.mkv=01;35:*.webm=01;35:*.webp=01;35:*.ogm=01;35:*.mp4=01;35:*.m4v=01;35:*.mp4v=01;35:*.vob=01;35:*.qt=01;35:*.nuv=01;35:*.wmv=01;35:*.asf=01;35:*.rm=01;35:*.rmvb=01;35:*.flc=01;35:*.avi=01;35:*.fli=01;35:*.flv=01;35:*.gl=01;35:*.dl=01;35:*.xcf=01;35:*.xwd=01;35:*.yuv=01;35:*.cgm=01;35:*.emf=01;35:*.ogv=01;35:*.ogx=01;35:*.cfg=00;32:*.conf=00;32:*.diff=00;32:*.doc=00;32:*.ini=00;32:*.log=00;32:*.patch=00;32:*.pdf=00;32:*.ps=00;32:*.tex=00;32:*.txt=00;32:*.aac=00;36:*.au=00;36:*.flac=00;36:*.m4a=00;36:*.mid=00;36:*.midi=00;36:*.mka=00;36:*.mp3=00;36:*.mpc=00;36:*.ogg=00;36:*.ra=00;36:*.wav=00;36:*.oga=00;36:*.opus=00;36:*.spx=00;36:*.xspf=00;36:' XDG_CURRENT_DESKTOP=GNOME INFOPATH=/usr/share/info:/usr/share/gcc-data/x86_64-pc-linux-gnu/10.2.0/info:/usr/share/binutils-data/x86_64-pc-linux-gnu/2.45/info:/usr/share/automake-1.16.5/info JAVAC=/etc/java-config-2/current-system-vm/bin/javac TERM=xterm-256color LESSOPEN='|lesspipe %s' USER=jpmurphy CROS_WORKON_SRCROOT=/mnt/host/source MANPAGER=manpager DISPLAY=:1 SHLVL=1 LC_MESSAGES=C EXTERNAL_TRUNK_PATH=/mnt/8f9d649a-3721-44cc-93c0-e6bd21a9689f/chromiumos GCC_SPECS='' PATH=/mnt/host/source/chromite/bin:/usr/local/bin:/usr/bin:/bin:/opt/bin:/mnt/host/source/chromite/sdk/bin:/mnt/host/source/chromite/bin PORTAGE_USERNAME=jpmurphy SUDO_UID=0 GCC_VER=10.2.0 MAIL=/var/mail/jpmurphy OLDPWD=/mnt/host/source/src/scripts traceparent=00-e87aca51550a78635907baa6a2476181-6d684811675d2973-01 _=./zephyr/firmware_builder.py COREBOOT_SDK_ROOT_x86=/home/jpmurphy/.cache/coreboot-sdk/i386-elf/dfbb0486385d938cfa9d73080b9d18d598ed4f49 COREBOOT_SDK_ROOT_picolibc_x86=/home/jpmurphy/.cache/coreboot-sdk/picolibc-i386-elf/eb8e8e687b95461de8cbf278f1c2076952d0ad17 COREBOOT_SDK_ROOT_riscv64=/home/jpmurphy/.cache/coreboot-sdk/riscv64-elf/96b949749225b6aaa92ed810ab769e8dfb12f000 COREBOOT_SDK_ROOT_picolibc_arm=/home/jpmurphy/.cache/coreboot-sdk/picolibc-arm-eabi/422a2aa3e1ef891b5bece9a3deb696ff83840d2e COREBOOT_SDK_ROOT_nds32=/home/jpmurphy/.cache/coreboot-sdk/nds32le-elf/d1a518c4a097666d86058e1444f85ca015d15511 COREBOOT_SDK_ROOT_picolibc_riscv64=/home/jpmurphy/.cache/coreboot-sdk/picolibc-riscv64-elf/f571e990ef0278564b31124f8bb109d9a697eb69 COREBOOT_SDK_ROOT_arm=/home/jpmurphy/.cache/coreboot-sdk/arm-eabi/ea40ddd1d190c3b48435c474c0b545719371813a COREBOOT_SDK_ROOT_libstdcxx_riscv64=/home/jpmurphy/.cache/coreboot-sdk/libstdcxx-riscv64-elf/17abf22a3a252e2d5d2062ced5324f7a623689e0 COREBOOT_SDK_ROOT_libstdcxx_arm=/home/jpmurphy/.cache/coreboot-sdk/libstdcxx-arm-eabi/5d7d82e150e44aa1968f1d366e267e6687b328ac COREBOOT_SDK_ROOT_riscv=/home/jpmurphy/.cache/coreboot-sdk/riscv-elf/9a27b9e82341c6e9126624f516ab3f261abb3e73 COREBOOT_SDK_ROOT_libstdcxx_x86=/home/jpmurphy/.cache/coreboot-sdk/libstdcxx-i386-elf/42ef9d2e87a76a37963175d7d428734e65648b87 PYTHONPATH=/mnt/host/source/src/platform/ec/zephyr/zmake PW_PIGWEED_CIPD_INSTALL_DIR=/usr CROSTC_USER_ACKNOWLEDGES_THAT_RISCV_IS_EXPERIMENTAL=1 MAKEFLAGS=' -j16 --jobserver-auth=5,6' /usr/bin/ninja -C /mnt/host/source/src/platform/ec/build/zephyr/axii/build-rw all.libraries`
[domika:ro] [381/382] Building C object zephyr/kernel/CMakeFiles/kernel.dir/dynamic_disabled.c.obj
[axii:rw] ninja: Entering directory `/mnt/host/source/src/platform/ec/build/zephyr/axii/build-rw'
[domika:ro] [382/382] Linking C static library zephyr/kernel/libkernel.a
Running `env -i PYTHONPATH=/usr/lib64/python-exec/python3.11:/mnt/host/source/src/platform/ec/zephyr/zmake:/usr/lib/python311.zip:/usr/lib/python3.11:/usr/lib/python3.11/lib-dynload:/usr/lib/python3.11/site-packages PW_PIGWEED_CIPD_INSTALL_DIR=/usr CROSTC_USER_ACKNOWLEDGES_THAT_RISCV_IS_EXPERIMENTAL=1 PATH=/mnt/host/source/chromite/bin:/usr/local/bin:/usr/bin:/bin:/opt/bin:/mnt/host/source/chromite/sdk/bin:/mnt/host/source/chromite/bin HOME=/home/jpmurphy JAVA_HOME=/etc/java-config-2/current-system-vm JDK_HOME=/etc/java-config-2/current-system-vm JAVAC=/etc/java-config-2/current-system-vm/bin/javac MAKEFLAGS=' -j16 --jobserver-auth=5,6' /usr/bin/lcov --gcov-tool /mnt/host/source/src/platform/ec/build/zephyr/dev-posix/build-singleimage/gcov.sh -q -o - -c -d /mnt/host/source/src/platform/ec/build/zephyr/dev-posix -t dev-posix --rc branch_coverage=1 --filter range --ignore-errors inconsistent,source --ignore-errors gcov,gcov -i`
[/mnt/host/source/src/platform/ec/build/zephyr/teliks-lcov]   /mnt/host/source/src/platform/ec/build/zephyr/teliks/build-rw/zephyr/arch/arch/riscv/core/CMakeFiles/arch__riscv__core.dir/cpu_idle.c.gcno:no functions found
[/mnt/host/source/src/platform/ec/build/zephyr/teliks-lcov] stderr:
[kaladin-ish:singleimage] [43/270] Building C object CMakeFiles/app.dir/mnt/host/source/src/platform/ec/build/zephyr/kaladin-ish/modules/ec/common/cbi_common.c.obj
[ite-aic-rtk-pdc:ro] [3/288] Generating include/generated/zephyr/version.h
[kaladin-ish:singleimage] [44/270] Building C object CMakeFiles/app.dir/mnt/host/source/src/platform/ec/build/zephyr/kaladin-ish/modules/ec/common/motion_sense_fifo.c.obj
[ite-aic-rtk-pdc:ro] -- git describe warned: warning: tag 'upstream/v2.7.99' is externally known as 'v2.7.99'
[ite-aic-rtk-pdc:ro] -- Zephyr version: 4.3.99 (/mnt/host/source/src/third_party/zephyr/main)
[ite-aic-rtk-pdc:ro] [4/288] cd /mnt/host/source/src/platform/ec/build/zephyr/ite-aic-rtk-pdc/build-ro/modules/ec/zephyr && PYTHONPATH=/mnt/host/source/src/platform/ec/build/zephyr/ite-aic-rtk-pdc/modules/ec/zephyr/zmake/ /usr/bin/python3.11 /mnt/host/source/src/platform/ec/build/zephyr/ite-aic-rtk-pdc/modules/ec/zephyr/zmake/zephyr_build_tools/generate_ec_version.py /mnt/host/source/src/platform/ec/build/zephyr/ite-aic-rtk-pdc/build-ro/modules/ec/zephyr/include/ec_version.h --name Zephyr-Kernel --version 16543.0.0 --static
[ite-aic-rtk-pdc:ro] INFO:root:Using a static version string
[axii:rw] [1/266] Preparing syscall dependency handling
[kaladin-ish:singleimage] [45/270] Building C object CMakeFiles/app.dir/mnt/host/source/src/platform/ec/build/zephyr/kaladin-ish/modules/ec/common/cbi_gpio.c.obj
[ite-aic-rtk-pdc:rw] [1/288] Generating include/generated/zephyr/version.h
[ite-aic-rtk-pdc:rw] -- git describe warned: warning: tag 'upstream/v2.7.99' is externally known as 'v2.7.99'
[ite-aic-rtk-pdc:rw] -- Zephyr version: 4.3.99 (/mnt/host/source/src/third_party/zephyr/main)
[ite-aic-rtk-pdc:rw] [2/288] Preparing syscall dependency handling
[axii:rw] [2/266] Generating misc/generated/syscalls_subdirs.trigger
[kaladin-ish:singleimage] [46/270] Building C object CMakeFiles/app.dir/mnt/host/source/src/platform/ec/build/zephyr/kaladin-ish/modules/ec/common/memory_commands.c.obj
[ite-aic-rtk-pdc:rw] [3/288] Generating misc/generated/syscalls_subdirs.trigger
[kaladin-ish:singleimage] [47/270] Building C object CMakeFiles/app.dir/mnt/host/source/src/platform/ec/build/zephyr/kaladin-ish/modules/ec/common/ap_reset_log.c.obj
[kaladin-ish:singleimage] [48/270] Building C object CMakeFiles/app.dir/mnt/host/source/src/platform/ec/build/zephyr/kaladin-ish/modules/ec/common/host_command.c.obj
[axii:rw] [3/266] Generating include/generated/zephyr/version.h
[kaladin-ish:singleimage] [49/270] Building C object CMakeFiles/app.dir/mnt/host/source/src/platform/ec/build/zephyr/kaladin-ish/modules/ec/common/host_command_task.c.obj
[ite-aic-rtk-pdc:ro] INFO:root:Version string: Zephyr-Kernel-16543.0.0
[ite-aic-rtk-pdc:ro] INFO:root:Writing header to /mnt/host/source/src/platform/ec/build/zephyr/ite-aic-rtk-pdc/build-ro/modules/ec/zephyr/include/ec_version.h
[ite-aic-rtk-pdc:ro] [5/288] Generating misc/generated/syscalls.json, misc/generated/struct_tags.json
[axii:rw] -- git describe warned: warning: tag 'upstream/v2.7.99' is externally known as 'v2.7.99'
[kaladin-ish:singleimage] [50/270] Building C object CMakeFiles/app.dir/mnt/host/source/src/platform/ec/build/zephyr/kaladin-ish/modules/ec/common/uart_hostcmd.c.obj
[axii:rw] -- Zephyr version: 4.3.99 (/mnt/host/source/src/third_party/zephyr/main)
[axii:rw] [4/266] cd /mnt/host/source/src/platform/ec/build/zephyr/axii/build-rw/modules/ec/zephyr && PYTHONPATH=/mnt/host/source/src/platform/ec/build/zephyr/axii/modules/ec/zephyr/zmake/ /usr/bin/python3.11 /mnt/host/source/src/platform/ec/build/zephyr/axii/modules/ec/zephyr/zmake/zephyr_build_tools/generate_ec_version.py /mnt/host/source/src/platform/ec/build/zephyr/axii/build-rw/modules/ec/zephyr/include/ec_version.h --name Zephyr-Kernel --version 16543.0.0 --static
[axii:rw] INFO:root:Using a static version string
[kaladin-ish:singleimage] [51/270] Building C object CMakeFiles/app.dir/mnt/host/source/src/platform/ec/build/zephyr/kaladin-ish/modules/ec/common/host_event_commands.c.obj
[ite-aic-rtk-pdc:ro] [6/288] Generating include/generated/zephyr/syscall_dispatch.c, include/generated/zephyr/syscall_exports_llext.c, syscall_weakdefs_llext.c, include/generated/zephyr/syscall_list.h
[/mnt/host/source/src/platform/ec/build/zephyr/dev-posix-lcov] geninfo: WARNING: (format) invalid characters removed from testname
[kaladin-ish:singleimage] [52/270] Building C object CMakeFiles/app.dir/mnt/host/source/src/platform/ec/build/zephyr/kaladin-ish/modules/ec/common/uptime.c.obj
[ite-aic-rtk-pdc:ro] [7/288] Generating include/generated/zephyr/driver-validation.h
[kaladin-ish:singleimage] [53/270] Building C object CMakeFiles/app.dir/mnt/host/source/src/platform/ec/build/zephyr/kaladin-ish/modules/ec/common/i2c_controller.c.obj
[kaladin-ish:singleimage] [54/270] Building C object CMakeFiles/app.dir/mnt/host/source/src/platform/ec/build/zephyr/kaladin-ish/modules/ec/common/i2c_passthru.c.obj
[kaladin-ish:singleimage] [55/270] Building C object CMakeFiles/app.dir/mnt/host/source/src/platform/ec/build/zephyr/kaladin-ish/modules/ec/common/motion_lid.c.obj
[ite-aic-rtk-pdc:ro] [8/288] Generating include/generated/zephyr/kobj-types-enum.h, include/generated/zephyr/otype-to-str.h, include/generated/zephyr/otype-to-size.h
[kaladin-ish:singleimage] [56/270] Building C object CMakeFiles/app.dir/mnt/host/source/src/platform/ec/build/zephyr/kaladin-ish/modules/ec/common/lid_angle.c.obj
[kaladin-ish:singleimage] [57/270] Building C object CMakeFiles/app.dir/mnt/host/source/src/platform/ec/build/zephyr/kaladin-ish/modules/ec/common/mkbp_fifo.c.obj
[ite-aic-rtk-pdc:ro] [9/288] Generating include/generated/device-api-sections.ld, include/generated/device-api-sections.cmake
[kaladin-ish:singleimage] [58/270] Building C object CMakeFiles/app.dir/mnt/host/source/src/platform/ec/build/zephyr/kaladin-ish/modules/ec/common/mkbp_event.c.obj
[ite-aic-rtk-pdc:rw] [4/288] Generating misc/generated/syscalls.json, misc/generated/struct_tags.json
[axii:rw] INFO:root:Version string: Zephyr-Kernel-16543.0.0
[axii:rw] INFO:root:Writing header to /mnt/host/source/src/platform/ec/build/zephyr/axii/build-rw/modules/ec/zephyr/include/ec_version.h
[axii:rw] [5/266] Generating misc/generated/syscalls.json, misc/generated/struct_tags.json
[/mnt/host/source/src/platform/ec/build/zephyr/teliks-lcov]   /mnt/host/source/src/platform/ec/build/zephyr/teliks/build-rw/zephyr/arch/common/CMakeFiles/isr_tables.dir/isr_tables.c.gcno:no functions found
[/mnt/host/source/src/platform/ec/build/zephyr/teliks-lcov] stderr:
[ite-aic-rtk-pdc:rw] [5/288] cd /mnt/host/source/src/platform/ec/build/zephyr/ite-aic-rtk-pdc/build-rw/modules/ec/zephyr && PYTHONPATH=/mnt/host/source/src/platform/ec/build/zephyr/ite-aic-rtk-pdc/modules/ec/zephyr/zmake/ /usr/bin/python3.11 /mnt/host/source/src/platform/ec/build/zephyr/ite-aic-rtk-pdc/modules/ec/zephyr/zmake/zephyr_build_tools/generate_ec_version.py /mnt/host/source/src/platform/ec/build/zephyr/ite-aic-rtk-pdc/build-rw/modules/ec/zephyr/include/ec_version.h --name Zephyr-Kernel --version 16543.0.0 --static
[ite-aic-rtk-pdc:rw] INFO:root:Using a static version string
[ite-aic-rtk-pdc:rw] INFO:root:Version string: Zephyr-Kernel-16543.0.0
[kaladin-ish:singleimage] [59/270] Building C object CMakeFiles/app.dir/mnt/host/source/src/platform/ec/build/zephyr/kaladin-ish/modules/ec/common/panic_output.c.obj
[ite-aic-rtk-pdc:rw] INFO:root:Writing header to /mnt/host/source/src/platform/ec/build/zephyr/ite-aic-rtk-pdc/build-rw/modules/ec/zephyr/include/ec_version.h
[ite-aic-rtk-pdc:rw] [6/288] Generating include/generated/zephyr/syscall_dispatch.c, include/generated/zephyr/syscall_exports_llext.c, syscall_weakdefs_llext.c, include/generated/zephyr/syscall_list.h
[axii:rw] [6/266] Generating include/generated/zephyr/syscall_dispatch.c, include/generated/zephyr/syscall_exports_llext.c, syscall_weakdefs_llext.c, include/generated/zephyr/syscall_list.h
[kaladin-ish:singleimage] [60/270] Building C object CMakeFiles/app.dir/mnt/host/source/src/platform/ec/build/zephyr/kaladin-ish/modules/ec/common/motion_sense.c.obj
[kaladin-ish:singleimage] [61/270] Building C object CMakeFiles/app.dir/mnt/host/source/src/platform/ec/build/zephyr/kaladin-ish/modules/ec/common/sha256.c.obj
[ite-aic-rtk-pdc:rw] [7/288] Generating include/generated/zephyr/driver-validation.h
[ite-aic-rtk-pdc:rw] [8/288] Generating include/generated/zephyr/kobj-types-enum.h, include/generated/zephyr/otype-to-str.h, include/generated/zephyr/otype-to-size.h
[ite-aic-rtk-pdc:rw] [9/288] Generating include/generated/device-api-sections.ld, include/generated/device-api-sections.cmake
[kaladin-ish:singleimage] [62/270] Building C object zephyr/CMakeFiles/zephyr.dir/lib/cpp/abi/cpp_dtors.c.obj
[axii:rw] [7/266] Generating include/generated/zephyr/driver-validation.h
[kaladin-ish:singleimage] [63/270] Building C object CMakeFiles/app.dir/mnt/host/source/src/platform/ec/build/zephyr/kaladin-ish/modules/ec/common/tablet_mode.c.obj
[kaladin-ish:singleimage] [64/270] Building C object CMakeFiles/app.dir/mnt/host/source/src/platform/ec/build/zephyr/kaladin-ish/modules/ec/common/shared_mem.c.obj
[kaladin-ish:singleimage] [65/270] Building C object CMakeFiles/app.dir/mnt/host/source/src/platform/ec/build/zephyr/kaladin-ish/modules/ec/common/timer.c.obj
[kaladin-ish:singleimage] [66/270] Building C object CMakeFiles/app.dir/mnt/host/source/src/platform/ec/build/zephyr/kaladin-ish/modules/ec/common/math_util.c.obj
[kaladin-ish:singleimage] [67/270] Building C object CMakeFiles/app.dir/mnt/host/source/src/platform/ec/build/zephyr/kaladin-ish/modules/ec/common/vstore.c.obj
[axii:rw] [8/266] Generating include/generated/zephyr/kobj-types-enum.h, include/generated/zephyr/otype-to-str.h, include/generated/zephyr/otype-to-size.h
[ite-aic-rtk-pdc:ro] [10/288] Building C object zephyr/CMakeFiles/offsets.dir/arch/riscv/core/offsets/offsets.c.obj
[axii:rw] [9/266] Generating include/generated/device-api-sections.ld, include/generated/device-api-sections.cmake
[kaladin-ish:singleimage] [68/270] Building C object zephyr/CMakeFiles/zephyr.dir/lib/libc/validate_libc.c.obj
[axii:rw] [10/266] Building C object zephyr/CMakeFiles/offsets.dir/arch/riscv/core/offsets/offsets.c.obj
[kaladin-ish:singleimage] [69/270] Building C object CMakeFiles/app.dir/kaladin-ish/src/sensor.c.obj
[kaladin-ish:singleimage] [70/270] Building C object zephyr/CMakeFiles/zephyr.dir/lib/heap/heap.c.obj
[kaladin-ish:singleimage] [71/270] Building C object zephyr/CMakeFiles/zephyr.dir/lib/os/printk.c.obj
[ite-aic-rtk-pdc:rw] [10/288] Building C object zephyr/CMakeFiles/offsets.dir/arch/riscv/core/offsets/offsets.c.obj
[kaladin-ish:singleimage] [72/270] Building C object zephyr/CMakeFiles/zephyr.dir/lib/os/cbprintf_packaged.c.obj
[kaladin-ish:singleimage] [73/270] Linking CXX static library app/libapp.a
[axii:rw] [11/266] Generating include/generated/zephyr/offsets.h
[ite-aic-rtk-pdc:ro] [11/288] Generating include/generated/zephyr/offsets.h
[kaladin-ish:singleimage] [74/270] Building C object zephyr/CMakeFiles/zephyr.dir/lib/os/sem.c.obj
[axii:rw] [12/266] Building C object CMakeFiles/app.dir/mnt/host/source/src/platform/ec/zephyr/subsys/ap_pwrseq/ap_events.c.obj
[axii:rw] [13/266] Building C object CMakeFiles/app.dir/mnt/host/source/src/platform/ec/zephyr/subsys/usbd_service/usbd_init.c.obj
[axii:rw] [14/266] Building C object CMakeFiles/app.dir/mnt/host/source/src/platform/ec/zephyr/subsys/usbd_service/usbd_hid_kb.c.obj
[kaladin-ish:singleimage] [75/270] Building C object zephyr/CMakeFiles/zephyr.dir/lib/os/clock.c.obj
[axii:rw] [15/266] Building C object CMakeFiles/app.dir/mnt/host/source/src/platform/ec/zephyr/subsys/usbd_service/usbd_hid_tp.c.obj
[kaladin-ish:singleimage] [76/270] Building C object zephyr/CMakeFiles/zephyr.dir/lib/os/thread_entry.c.obj
[axii:rw] [16/266] Building C object CMakeFiles/app.dir/mnt/host/source/src/platform/ec/build/zephyr/axii/modules/ec/builtin/stdlib.c.obj
[kaladin-ish:singleimage] [77/270] Building C object zephyr/CMakeFiles/zephyr.dir/lib/os/cbprintf_nano.c.obj
[axii:rw] [17/266] Building C object CMakeFiles/app.dir/mnt/host/source/src/platform/ec/build/zephyr/axii/modules/ec/common/base32.c.obj
[axii:rw] [18/266] Building C object CMakeFiles/app.dir/mnt/host/source/src/platform/ec/build/zephyr/axii/modules/ec/common/console_output.c.obj
[axii:rw] [19/266] Building C object CMakeFiles/app.dir/mnt/host/source/src/platform/ec/build/zephyr/axii/modules/ec/common/ec_features.c.obj
[ite-aic-rtk-pdc:rw] [11/288] Generating include/generated/zephyr/offsets.h
[axii:rw] [20/266] Building C object CMakeFiles/app.dir/mnt/host/source/src/platform/ec/build/zephyr/axii/modules/ec/common/gpio_commands.c.obj
[axii:rw] [21/266] Building C object CMakeFiles/app.dir/mnt/host/source/src/platform/ec/build/zephyr/axii/modules/ec/common/peripheral.c.obj
[kaladin-ish:singleimage] [78/270] Building C object zephyr/CMakeFiles/zephyr.dir/lib/os/assert.c.obj
[axii:rw] [22/266] Building C object CMakeFiles/app.dir/mnt/host/source/src/platform/ec/build/zephyr/axii/modules/ec/common/printf.c.obj
[axii:rw] [23/266] Building C object CMakeFiles/app.dir/mnt/host/source/src/platform/ec/build/zephyr/axii/modules/ec/common/queue.c.obj
[axii:rw] [24/266] Building C object CMakeFiles/app.dir/mnt/host/source/src/platform/ec/build/zephyr/axii/modules/ec/common/system.c.obj
[axii:rw] [25/266] Building C object CMakeFiles/app.dir/mnt/host/source/src/platform/ec/build/zephyr/axii/modules/ec/common/system_boot_time.c.obj
[kaladin-ish:singleimage] [79/270] Building C object zephyr/CMakeFiles/zephyr.dir/lib/utils/dec.c.obj
[axii:rw] [26/266] Building C object CMakeFiles/app.dir/mnt/host/source/src/platform/ec/build/zephyr/axii/modules/ec/common/uart_printf.c.obj
[axii:rw] [27/266] Building C object CMakeFiles/app.dir/mnt/host/source/src/platform/ec/build/zephyr/axii/modules/ec/common/util.c.obj
[axii:rw] [28/266] Building C object CMakeFiles/app.dir/mnt/host/source/src/platform/ec/build/zephyr/axii/modules/ec/common/version.c.obj
[axii:rw] [29/266] Building C object CMakeFiles/app.dir/mnt/host/source/src/platform/ec/build/zephyr/axii/modules/ec/common/adc.c.obj
[axii:rw] [30/266] Building C object CMakeFiles/app.dir/mnt/host/source/src/platform/ec/build/zephyr/axii/modules/ec/common/memory_commands.c.obj
[axii:rw] [31/266] Building C object CMakeFiles/app.dir/mnt/host/source/src/platform/ec/build/zephyr/axii/modules/ec/common/flash.c.obj
[kaladin-ish:singleimage] [80/270] Building C object zephyr/CMakeFiles/zephyr.dir/lib/utils/hex.c.obj
[kaladin-ish:singleimage] [81/270] Building C object zephyr/CMakeFiles/zephyr.dir/lib/utils/bitmask.c.obj
[kaladin-ish:singleimage] [82/270] Building C object zephyr/CMakeFiles/zephyr.dir/lib/os/reboot.c.obj
[axii:rw] [32/266] Building C object CMakeFiles/app.dir/mnt/host/source/src/platform/ec/build/zephyr/axii/modules/ec/common/panic_output.c.obj
[axii:rw] [33/266] Building C object CMakeFiles/app.dir/mnt/host/source/src/platform/ec/build/zephyr/axii/modules/ec/common/sha256.c.obj
[axii:rw] [34/266] Building C object CMakeFiles/app.dir/mnt/host/source/src/platform/ec/build/zephyr/axii/modules/ec/common/shared_mem.c.obj
[kaladin-ish:singleimage] [83/270] Building C object zephyr/CMakeFiles/zephyr.dir/lib/utils/timeutil.c.obj
[axii:rw] [35/266] Building C object CMakeFiles/app.dir/mnt/host/source/src/platform/ec/build/zephyr/axii/modules/ec/common/timer.c.obj
[axii:rw] [36/266] Building C object CMakeFiles/app.dir/mnt/host/source/src/platform/ec/build/zephyr/axii/modules/ec/common/math_util.c.obj
[axii:rw] [37/266] Building C object CMakeFiles/app.dir/src/fakes.c.obj
[kaladin-ish:singleimage] [84/270] Building C object zephyr/CMakeFiles/zephyr.dir/lib/os/mpsc_pbuf.c.obj
[axii:rw] [38/266] Building C object CMakeFiles/app.dir/src/one_wire.c.obj
[axii:rw] [39/266] Building C object CMakeFiles/app.dir/axii/src/main.c.obj
[kaladin-ish:singleimage] [85/270] Building C object zephyr/CMakeFiles/zephyr.dir/lib/utils/rb.c.obj
[ite-aic-rtk-pdc:ro] [12/288] Building C object CMakeFiles/app.dir/mnt/host/source/src/platform/ec/zephyr/subsys/ap_pwrseq/ap_events.c.obj
[axii:rw] [40/266] Linking C static library app/libapp.a
[kaladin-ish:singleimage] [86/270] Building C object zephyr/CMakeFiles/zephyr.dir/misc/generated/configs.c.obj
[axii:rw] [41/266] Building C object zephyr/CMakeFiles/zephyr.dir/lib/libc/validate_libc.c.obj
[axii:rw] [42/266] Building C object zephyr/CMakeFiles/zephyr.dir/lib/heap/heap.c.obj
[kaladin-ish:singleimage] [87/270] Building C object zephyr/CMakeFiles/zephyr.dir/lib/utils/getopt/getopt.c.obj
[axii:rw] [43/266] Building C object zephyr/CMakeFiles/zephyr.dir/lib/os/cbprintf_packaged.c.obj
[kaladin-ish:singleimage] [88/270] Building C object zephyr/CMakeFiles/zephyr.dir/lib/utils/bitarray.c.obj
[kaladin-ish:singleimage] [89/270] Building C object zephyr/CMakeFiles/zephyr.dir/lib/utils/ring_buffer.c.obj
[axii:rw] [44/266] Building C object zephyr/CMakeFiles/zephyr.dir/lib/os/clock.c.obj
[axii:rw] [45/266] Building C object zephyr/CMakeFiles/zephyr.dir/lib/os/printk.c.obj
[axii:rw] [46/266] Building C object zephyr/CMakeFiles/zephyr.dir/lib/os/sem.c.obj
[axii:rw] [47/266] Building C object zephyr/CMakeFiles/zephyr.dir/lib/os/thread_entry.c.obj
[axii:rw] [48/266] Building C object zephyr/CMakeFiles/zephyr.dir/lib/os/cbprintf_nano.c.obj
[kaladin-ish:singleimage] [90/270] Building C object zephyr/CMakeFiles/zephyr.dir/lib/utils/getopt/getopt_common.c.obj
[axii:rw] [49/266] Building C object zephyr/CMakeFiles/zephyr.dir/lib/os/cbprintf.c.obj
[axii:rw] [50/266] Building C object zephyr/CMakeFiles/zephyr.dir/lib/os/assert.c.obj
[axii:rw] [51/266] Building C object zephyr/CMakeFiles/zephyr.dir/lib/utils/dec.c.obj
[axii:rw] [52/266] Building C object zephyr/CMakeFiles/zephyr.dir/lib/utils/hex.c.obj
[axii:rw] [53/266] Building C object zephyr/CMakeFiles/zephyr.dir/lib/utils/rb.c.obj
[ite-aic-rtk-pdc:rw] [12/288] Building C object CMakeFiles/app.dir/mnt/host/source/src/platform/ec/zephyr/subsys/ap_pwrseq/ap_events.c.obj
[axii:rw] [54/266] Building C object zephyr/CMakeFiles/zephyr.dir/lib/utils/timeutil.c.obj
[axii:rw] [55/266] Building C object zephyr/CMakeFiles/zephyr.dir/lib/utils/bitarray.c.obj
[axii:rw] [56/266] Building C object zephyr/CMakeFiles/zephyr.dir/lib/utils/bitmask.c.obj
[axii:rw] [57/266] Building C object zephyr/CMakeFiles/zephyr.dir/lib/utils/getopt/getopt.c.obj
[axii:rw] [58/266] Building C object zephyr/CMakeFiles/zephyr.dir/lib/utils/getopt/getopt_common.c.obj
[kaladin-ish:singleimage] [91/270] Building C object zephyr/CMakeFiles/zephyr.dir/subsys/logging/log_cache.c.obj
[kaladin-ish:singleimage] [92/270] Building C object zephyr/CMakeFiles/zephyr.dir/soc/intel/intel_ish/intel_ish5/soc.c.obj
[axii:rw] [59/266] Building C object zephyr/CMakeFiles/zephyr.dir/lib/utils/ring_buffer.c.obj
[axii:rw] [60/266] Building C object zephyr/CMakeFiles/zephyr.dir/lib/utils/last_section_id.c.obj
[axii:rw] [61/266] Building C object zephyr/CMakeFiles/zephyr.dir/misc/generated/configs.c.obj
[kaladin-ish:singleimage] [93/270] Building C object zephyr/CMakeFiles/zephyr.dir/soc/intel/intel_ish/intel_ish5/pm/power.c.obj
[kaladin-ish:singleimage] [94/270] Building C object zephyr/CMakeFiles/zephyr.dir/subsys/logging/log_core.c.obj
[kaladin-ish:singleimage] [95/270] Building C object zephyr/CMakeFiles/zephyr.dir/subsys/logging/log_mgmt.c.obj
[kaladin-ish:singleimage] [96/270] Building C object zephyr/CMakeFiles/zephyr.dir/subsys/logging/log_output.c.obj
[kaladin-ish:singleimage] [97/270] Building C object zephyr/CMakeFiles/zephyr.dir/subsys/pm/state.c.obj
[axii:rw] [62/266] Building ASM object zephyr/CMakeFiles/zephyr.dir/soc/ite/ec/common/soc_irq.S.obj
[kaladin-ish:singleimage] [98/270] Building C object zephyr/CMakeFiles/zephyr.dir/subsys/logging/log_msg.c.obj
[kaladin-ish:singleimage] [99/270] Building C object zephyr/CMakeFiles/zephyr.dir/subsys/pm/pm.c.obj
[axii:rw] [63/266] Building C object zephyr/CMakeFiles/zephyr.dir/soc/ite/ec/common/soc_common_irq.c.obj
[axii:rw] [64/266] Building C object zephyr/CMakeFiles/zephyr.dir/soc/ite/ec/common/power.c.obj
[axii:rw] [65/266] Building C object zephyr/CMakeFiles/zephyr.dir/soc/ite/ec/common/policy.c.obj
[axii:rw] [66/266] Building C object zephyr/CMakeFiles/zephyr.dir/soc/ite/ec/it8xxx2/soc.c.obj
[axii:rw] [67/266] Building C object zephyr/CMakeFiles/zephyr.dir/soc/ite/ec/it8xxx2/check_regs.c.obj
[/mnt/host/source/src/platform/ec/build/zephyr/kyogre-lcov]   /mnt/host/source/src/platform/ec/build/zephyr/kyogre/build-rw/CMakeFiles/app.dir/mnt/host/source/src/platform/ec/build/zephyr/kyogre/modules/ec/common/cbi_config.c.gcno:no functions found
[/mnt/host/source/src/platform/ec/build/zephyr/kyogre-lcov] stderr:
[kaladin-ish:singleimage] [100/270] Building C object zephyr/CMakeFiles/zephyr.dir/subsys/pm/policy/policy_state_lock.c.obj
[ite-aic-rtk-pdc:ro] [13/288] Building C object CMakeFiles/app.dir/mnt/host/source/src/platform/ec/zephyr/subsys/pd_controller/pdc_pmc_debug.c.obj
[kaladin-ish:singleimage] [101/270] Building C object zephyr/CMakeFiles/zephyr.dir/subsys/pm/policy/policy_events.c.obj
[kaladin-ish:singleimage] [102/270] Building C object zephyr/CMakeFiles/zephyr.dir/subsys/pm/policy/policy_latency.c.obj
[kaladin-ish:singleimage] [103/270] Building C object zephyr/CMakeFiles/zephyr.dir/subsys/pm/policy/policy_default.c.obj
[axii:rw] [68/266] Building ASM object zephyr/CMakeFiles/zephyr.dir/soc/ite/ec/it8xxx2/vector.S.obj
[axii:rw] [69/266] Building C object zephyr/CMakeFiles/zephyr.dir/soc/ite/ec/it8xxx2/ilm.c.obj
[axii:rw] [70/266] Building C object zephyr/CMakeFiles/zephyr.dir/subsys/logging/log_minimal.c.obj
[axii:rw] [71/266] Building C object zephyr/CMakeFiles/zephyr.dir/subsys/pm/pm.c.obj
[axii:rw] [72/266] Building C object zephyr/CMakeFiles/zephyr.dir/subsys/pm/state.c.obj
[kaladin-ish:singleimage] [104/270] Building C object zephyr/CMakeFiles/zephyr.dir/subsys/pm/device.c.obj
[axii:rw] [73/266] Building C object zephyr/CMakeFiles/zephyr.dir/subsys/pm/policy/policy_events.c.obj
[axii:rw] [74/266] Building C object zephyr/CMakeFiles/zephyr.dir/subsys/pm/policy/policy_latency.c.obj
[kaladin-ish:singleimage] [105/270] Building C object zephyr/CMakeFiles/zephyr.dir/subsys/tracing/tracing_none.c.obj
[kaladin-ish:singleimage] [106/270] Building C object zephyr/CMakeFiles/zephyr.dir/subsys/pm/device_system_managed.c.obj
[axii:rw] [75/266] Building C object zephyr/CMakeFiles/zephyr.dir/subsys/pm/policy/policy_state_lock.c.obj
[kaladin-ish:singleimage] [107/270] Building C object zephyr/CMakeFiles/zephyr.dir/subsys/shell/modules/kernel_service/kernel_shell.c.obj
[axii:rw] [76/266] Building C object zephyr/CMakeFiles/zephyr.dir/subsys/pm/device.c.obj
[axii:rw] [77/266] Building C object zephyr/CMakeFiles/zephyr.dir/subsys/pm/device_system_managed.c.obj
[kaladin-ish:singleimage] [108/270] Building C object zephyr/CMakeFiles/zephyr.dir/subsys/testsuite/coverage/coverage.c.obj
[axii:rw] [78/266] Building C object zephyr/CMakeFiles/zephyr.dir/subsys/testsuite/coverage/coverage.c.obj
[axii:rw] [79/266] Building C object zephyr/CMakeFiles/zephyr.dir/subsys/tracing/tracing_none.c.obj
[ite-aic-rtk-pdc:rw] [13/288] Building C object CMakeFiles/app.dir/mnt/host/source/src/platform/ec/zephyr/subsys/pd_controller/pdc_pmc_debug.c.obj
[axii:rw] [80/266] Building C object zephyr/CMakeFiles/zephyr.dir/subsys/shell/modules/kernel_service/kernel_shell.c.obj
[axii:rw] [81/266] Building C object zephyr/CMakeFiles/zephyr.dir/subsys/shell/modules/kernel_service/cycles.c.obj
[axii:rw] [82/266] Building C object zephyr/CMakeFiles/zephyr.dir/subsys/shell/modules/kernel_service/sleep.c.obj
[axii:rw] [83/266] Building C object zephyr/CMakeFiles/zephyr.dir/subsys/shell/modules/kernel_service/uptime.c.obj
[axii:rw] [84/266] Building C object zephyr/CMakeFiles/zephyr.dir/subsys/shell/modules/kernel_service/version.c.obj
[axii:rw] [85/266] Building C object zephyr/CMakeFiles/zephyr.dir/subsys/shell/modules/kernel_service/thread/thread.c.obj
[axii:rw] [86/266] Building C object zephyr/CMakeFiles/zephyr.dir/subsys/shell/modules/kernel_service/thread/list.c.obj
[kaladin-ish:singleimage] [109/270] Building C object zephyr/CMakeFiles/zephyr.dir/subsys/shell/modules/kernel_service/cycles.c.obj
[kaladin-ish:singleimage] [110/270] Building C object zephyr/CMakeFiles/zephyr.dir/subsys/shell/modules/kernel_service/uptime.c.obj
[axii:rw] [87/266] Building C object zephyr/CMakeFiles/zephyr.dir/subsys/shell/modules/kernel_service/thread/stacks.c.obj
[axii:rw] [88/266] Building C object zephyr/CMakeFiles/zephyr.dir/subsys/shell/modules/kernel_service/thread/unwind.c.obj
[axii:rw] [89/266] Building C object zephyr/CMakeFiles/zephyr.dir/subsys/shell/modules/kernel_service/thread/suspend.c.obj
[axii:rw] [90/266] Building C object zephyr/CMakeFiles/zephyr.dir/subsys/shell/modules/kernel_service/thread/resume.c.obj
[kaladin-ish:singleimage] [111/270] Building C object zephyr/CMakeFiles/zephyr.dir/subsys/shell/modules/kernel_service/sleep.c.obj
[axii:rw] [91/266] Building C object zephyr/CMakeFiles/zephyr.dir/subsys/shell/modules/kernel_service/thread/kill.c.obj
[axii:rw] [92/266] Building C object zephyr/CMakeFiles/zephyr.dir/subsys/shell/backends/shell_uart.c.obj
[axii:rw] [93/266] Building C object zephyr/CMakeFiles/zephyr.dir/subsys/shell/shell.c.obj
[kaladin-ish:singleimage] [112/270] Building C object zephyr/CMakeFiles/zephyr.dir/subsys/shell/modules/kernel_service/log-level.c.obj
[kaladin-ish:singleimage] [113/270] Building C object zephyr/CMakeFiles/zephyr.dir/subsys/shell/modules/kernel_service/version.c.obj
[axii:rw] [94/266] Building C object zephyr/CMakeFiles/zephyr.dir/subsys/shell/shell_fprintf.c.obj
[axii:rw] [95/266] Building C object zephyr/CMakeFiles/zephyr.dir/subsys/shell/shell_utils.c.obj
[axii:rw] [96/266] Building C object zephyr/CMakeFiles/zephyr.dir/subsys/shell/shell_ops.c.obj
[axii:rw] [97/266] Building C object zephyr/CMakeFiles/zephyr.dir/subsys/shell/shell_help.c.obj
[kaladin-ish:singleimage] [114/270] Building C object zephyr/CMakeFiles/zephyr.dir/subsys/shell/modules/kernel_service/thread/list.c.obj
[axii:rw] [98/266] Building C object zephyr/CMakeFiles/zephyr.dir/subsys/shell/shell_history.c.obj
[axii:rw] [99/266] Building C object zephyr/CMakeFiles/zephyr.dir/drivers/flash/flash_util.c.obj
[kaladin-ish:singleimage] [115/270] Building C object zephyr/CMakeFiles/zephyr.dir/subsys/shell/modules/kernel_service/reboot.c.obj
[kaladin-ish:singleimage] [116/270] Building C object zephyr/CMakeFiles/zephyr.dir/subsys/shell/modules/kernel_service/thread/thread.c.obj
[axii:rw] [100/266] Linking C static library zephyr/libzephyr.a
[axii:rw] [101/266] Building C object zephyr/arch/common/CMakeFiles/arch__common.dir/sw_isr_common.c.obj
[kaladin-ish:singleimage] [117/270] Building C object zephyr/CMakeFiles/zephyr.dir/subsys/shell/modules/kernel_service/thread/unwind.c.obj
[axii:rw] [102/266] Building C object zephyr/arch/common/CMakeFiles/arch__common.dir/dynamic_isr.c.obj
[axii:rw] [103/266] Building C object zephyr/arch/common/CMakeFiles/arch__common.dir/init.c.obj
[axii:rw] [104/266] Building C object zephyr/arch/common/CMakeFiles/arch__common.dir/xip.c.obj
[kaladin-ish:singleimage] [118/270] Building C object zephyr/CMakeFiles/zephyr.dir/subsys/shell/modules/kernel_service/thread/stacks.c.obj
[axii:rw] [105/266] Building C object zephyr/arch/common/CMakeFiles/isr_tables.dir/isr_tables.c.obj
[kaladin-ish:singleimage] [119/270] Building C object zephyr/CMakeFiles/zephyr.dir/subsys/shell/modules/kernel_service/thread/resume.c.obj
[axii:rw] [106/266] Linking C static library zephyr/arch/common/libisr_tables.a
[axii:rw] [107/266] Linking C static library zephyr/arch/common/libarch__common.a
[axii:rw] [108/266] Building C object zephyr/arch/arch/riscv/core/CMakeFiles/arch__riscv__core.dir/cpu_idle.c.obj
[kaladin-ish:singleimage] [120/270] Building C object zephyr/CMakeFiles/zephyr.dir/subsys/shell/modules/kernel_service/thread/suspend.c.obj
[axii:rw] [109/266] Building C object zephyr/arch/arch/riscv/core/CMakeFiles/arch__riscv__core.dir/fatal.c.obj
[axii:rw] [110/266] Building C object zephyr/arch/arch/riscv/core/CMakeFiles/arch__riscv__core.dir/irq_manage.c.obj
[axii:rw] [111/266] Building C object zephyr/arch/arch/riscv/core/CMakeFiles/arch__riscv__core.dir/prep_c.c.obj
[axii:rw] [112/266] Building C object zephyr/arch/arch/riscv/core/CMakeFiles/arch__riscv__core.dir/reboot.c.obj
[kaladin-ish:singleimage] [121/270] Building C object zephyr/CMakeFiles/zephyr.dir/subsys/shell/modules/kernel_service/thread/kill.c.obj
[kaladin-ish:singleimage] [122/270] Building C object zephyr/CMakeFiles/zephyr.dir/subsys/shell/shell_fprintf.c.obj
[kaladin-ish:singleimage] [123/270] Building C object zephyr/CMakeFiles/zephyr.dir/subsys/shell/backends/shell_uart.c.obj
[/mnt/host/source/src/platform/ec/build/zephyr/pujjogatwin-lcov]   /mnt/host/source/src/platform/ec/build/zephyr/pujjogatwin/build-rw/CMakeFiles/app.dir/mnt/host/source/src/platform/ec/build/zephyr/pujjogatwin/modules/ec/common/usb_pd_pdo.c.gcno:no functions found
[/mnt/host/source/src/platform/ec/build/zephyr/pujjogatwin-lcov] stderr:
[/mnt/host/source/src/platform/ec/build/zephyr/kyogre-lcov]   /mnt/host/source/src/platform/ec/build/zephyr/kyogre/build-rw/zephyr/arch/arch/arm/core/mpu/CMakeFiles/arch__arm__core__mpu.dir/arm_mpu_regions.c.gcno:no functions found
[/mnt/host/source/src/platform/ec/build/zephyr/kyogre-lcov] stderr:
[kaladin-ish:singleimage] [124/270] Building C object zephyr/CMakeFiles/zephyr.dir/subsys/shell/shell_utils.c.obj
[kaladin-ish:singleimage] [125/270] Building C object zephyr/CMakeFiles/zephyr.dir/subsys/shell/shell_ops.c.obj
[kaladin-ish:singleimage] [126/270] Building C object zephyr/CMakeFiles/zephyr.dir/subsys/shell/shell_log_backend.c.obj
[kaladin-ish:singleimage] [127/270] Building C object zephyr/CMakeFiles/zephyr.dir/subsys/shell/shell.c.obj
[kaladin-ish:singleimage] [128/270] Building C object zephyr/CMakeFiles/zephyr.dir/subsys/shell/shell_help.c.obj
[kaladin-ish:singleimage] [129/270] Building C object zephyr/CMakeFiles/zephyr.dir/subsys/shell/shell_history.c.obj
[kaladin-ish:singleimage] [130/270] Building C object zephyr/CMakeFiles/zephyr.dir/mnt/host/source/src/third_party/zephyrproject/modules/hal/intel/zephyr/bsp_sedi/bsp_sedi_rtos_utils.c.obj
[kaladin-ish:singleimage] [131/270] Building C object zephyr/arch/common/CMakeFiles/arch__common.dir/init.c.obj
[kaladin-ish:singleimage] [132/270] Linking CXX static library zephyr/arch/common/libarch__common.a
[axii:rw] [113/266] Building ASM object zephyr/arch/arch/riscv/core/CMakeFiles/arch__riscv__core.dir/reset.S.obj
[kaladin-ish:singleimage] [133/270] Linking CXX static library zephyr/libzephyr.a
[kaladin-ish:singleimage] [134/270] Building C object zephyr/arch/arch/x86/core/CMakeFiles/arch__x86__core.dir/cpuhalt.c.obj
[kaladin-ish:singleimage] [135/270] Building C object zephyr/arch/arch/x86/core/CMakeFiles/arch__x86__core.dir/cpuid.c.obj
[kaladin-ish:singleimage] [136/270] Building C object zephyr/arch/arch/x86/core/CMakeFiles/arch__x86__core.dir/spec_ctrl.c.obj
[kaladin-ish:singleimage] [137/270] Building C object zephyr/arch/arch/x86/core/CMakeFiles/arch__x86__core.dir/prep_c.c.obj
[kaladin-ish:singleimage] [138/270] Building C object zephyr/arch/arch/x86/core/CMakeFiles/arch__x86__core.dir/reboot_rst_cnt.c.obj
[kaladin-ish:singleimage] [139/270] Building ASM object zephyr/arch/arch/x86/core/CMakeFiles/arch__x86__core.dir/ia32/crt0.S.obj
[kaladin-ish:singleimage] [140/270] Building ASM object zephyr/arch/arch/x86/core/CMakeFiles/arch__x86__core.dir/ia32/excstub.S.obj
[kaladin-ish:singleimage] [141/270] Building C object zephyr/arch/arch/x86/core/CMakeFiles/arch__x86__core.dir/tls.c.obj
[kaladin-ish:singleimage] [142/270] Building ASM object zephyr/arch/arch/x86/core/CMakeFiles/arch__x86__core.dir/ia32/intstub.S.obj
[kaladin-ish:singleimage] [143/270] Building C object zephyr/arch/arch/x86/core/CMakeFiles/arch__x86__core.dir/fatal.c.obj
[ite-aic-rtk-pdc:ro] [14/288] Building C object CMakeFiles/app.dir/mnt/host/source/src/platform/ec/zephyr/subsys/pd_controller/pdc_power_mgmt.c.obj
[/mnt/host/source/src/platform/ec/build/zephyr/teliks-lcov]   /mnt/host/source/src/platform/ec/build/zephyr/teliks/build-rw/zephyr/CMakeFiles/zephyr.dir/subsys/shell/modules/kernel_service/kernel_shell.c.gcno:no functions found
[/mnt/host/source/src/platform/ec/build/zephyr/teliks-lcov] stderr:
[axii:rw] [114/266] Building ASM object zephyr/arch/arch/riscv/core/CMakeFiles/arch__riscv__core.dir/switch.S.obj
[axii:rw] [115/266] Building C object zephyr/arch/arch/riscv/core/CMakeFiles/arch__riscv__core.dir/thread.c.obj
[kaladin-ish:singleimage] [144/270] Building C object zephyr/arch/arch/x86/core/CMakeFiles/arch__x86__core.dir/ia32/irq_manage.c.obj
[kaladin-ish:singleimage] [145/270] Building ASM object zephyr/arch/arch/x86/core/CMakeFiles/arch__x86__core.dir/ia32/swap.S.obj
[kaladin-ish:singleimage] [146/270] Building C object zephyr/arch/arch/x86/core/CMakeFiles/arch__x86__core.dir/ia32/thread.c.obj
[kaladin-ish:singleimage] [147/270] Building C object zephyr/arch/arch/x86/core/CMakeFiles/arch__x86__core.dir/ia32/soft_float_stubs.c.obj
[/mnt/host/source/src/platform/ec/build/zephyr/teliks-lcov]   /mnt/host/source/src/platform/ec/build/zephyr/teliks/build-rw/zephyr/CMakeFiles/zephyr.dir/lib/libc/validate_libc.c.gcno:no functions found
[/mnt/host/source/src/platform/ec/build/zephyr/teliks-lcov] stderr:
[ite-aic-rtk-pdc:rw] [14/288] Building C object CMakeFiles/app.dir/mnt/host/source/src/platform/ec/zephyr/subsys/pd_controller/pdc_power_mgmt.c.obj
[kaladin-ish:singleimage] [148/270] Building C object zephyr/lib/libc/picolibc/CMakeFiles/lib__libc__picolibc.dir/assert.c.obj
[kaladin-ish:singleimage] [149/270] Building C object zephyr/arch/arch/x86/core/CMakeFiles/arch__x86__core.dir/ia32/fatal.c.obj
[kaladin-ish:singleimage] [150/270] Building C object zephyr/arch/arch/x86/core/CMakeFiles/arch__x86__core.dir/ia32/tls.c.obj
[kaladin-ish:singleimage] [151/270] Building C object zephyr/lib/libc/picolibc/CMakeFiles/lib__libc__picolibc.dir/chk_fail.c.obj
[kaladin-ish:singleimage] [152/270] Building C object zephyr/lib/libc/picolibc/CMakeFiles/lib__libc__picolibc.dir/cbprintf.c.obj
[kaladin-ish:singleimage] [153/270] Linking CXX static library zephyr/arch/arch/x86/core/libarch__x86__core.a
[kaladin-ish:singleimage] [154/270] Building C object zephyr/lib/posix/c_lib_ext/CMakeFiles/lib__posix__c_lib_ext.dir/fnmatch.c.obj
[/mnt/host/source/src/platform/ec/build/zephyr/kyogre-lcov]   /mnt/host/source/src/platform/ec/build/zephyr/kyogre/build-rw/zephyr/arch/common/CMakeFiles/isr_tables.dir/isr_tables.c.gcno:no functions found
[/mnt/host/source/src/platform/ec/build/zephyr/kyogre-lcov] stderr:
[kaladin-ish:singleimage] [155/270] Building C object zephyr/lib/libc/picolibc/CMakeFiles/lib__libc__picolibc.dir/exit.c.obj
[kaladin-ish:singleimage] [156/270] Building C object zephyr/lib/libc/common/CMakeFiles/lib__libc__common.dir/source/time/time.c.obj
[axii:rw] [116/266] Building ASM object zephyr/arch/arch/riscv/core/CMakeFiles/arch__riscv__core.dir/isr.S.obj
[kaladin-ish:singleimage] [157/270] Building C object zephyr/lib/libc/picolibc/CMakeFiles/lib__libc__picolibc.dir/errno_wrap.c.obj
[kaladin-ish:singleimage] [158/270] Building C object zephyr/lib/libc/picolibc/CMakeFiles/lib__libc__picolibc.dir/locks.c.obj
[axii:rw] [117/266] Building C object zephyr/arch/arch/riscv/core/CMakeFiles/arch__riscv__core.dir/stacktrace.c.obj
[kaladin-ish:singleimage] [159/270] Building C object zephyr/lib/libc/picolibc/CMakeFiles/lib__libc__picolibc.dir/stdio.c.obj
[kaladin-ish:singleimage] [160/270] Building C object zephyr/lib/libc/common/CMakeFiles/lib__libc__common.dir/source/stdlib/abort.c.obj
[axii:rw] [118/266] Linking C static library zephyr/arch/arch/riscv/core/libarch__riscv__core.a
[kaladin-ish:singleimage] [161/270] Building C object zephyr/subsys/crc/CMakeFiles/subsys__crc.dir/crc8_sw.c.obj
[kaladin-ish:singleimage] [162/270] Building C object zephyr/lib/posix/c_lib_ext/CMakeFiles/lib__posix__c_lib_ext.dir/getopt_shim.c.obj
[kaladin-ish:singleimage] [163/270] Linking CXX static library zephyr/lib/libc/common/liblib__libc__common.a
[kaladin-ish:singleimage] [164/270] Building C object zephyr/lib/posix/c_lib_ext/CMakeFiles/lib__posix__c_lib_ext.dir/getentropy.c.obj
[kaladin-ish:singleimage] [165/270] Linking CXX static library zephyr/lib/libc/picolibc/liblib__libc__picolibc.a
[axii:rw] [119/266] Generating ../../../include/generated/libc/minimal/strerror_table.h
[kaladin-ish:singleimage] [166/270] Building C object zephyr/subsys/crc/CMakeFiles/subsys__crc.dir/crc24_sw.c.obj
[axii:rw] [120/266] Building C object zephyr/lib/libc/minimal/CMakeFiles/lib__libc__minimal.dir/source/stdlib/atoi.c.obj
[axii:rw] [121/266] Building C object zephyr/lib/libc/minimal/CMakeFiles/lib__libc__minimal.dir/source/stdlib/strtol.c.obj
[kaladin-ish:singleimage] [167/270] Building C object zephyr/subsys/crc/CMakeFiles/subsys__crc.dir/crc4_sw.c.obj
[axii:rw] [122/266] Building C object zephyr/lib/libc/minimal/CMakeFiles/lib__libc__minimal.dir/source/stdlib/strtoul.c.obj
[kaladin-ish:singleimage] [168/270] Building C object zephyr/subsys/crc/CMakeFiles/subsys__crc.dir/crc16_sw.c.obj
[kaladin-ish:singleimage] [169/270] Building C object zephyr/subsys/crc/CMakeFiles/subsys__crc.dir/crc7_sw.c.obj
[kaladin-ish:singleimage] [170/270] Linking CXX static library zephyr/lib/posix/c_lib_ext/liblib__posix__c_lib_ext.a
[axii:rw] [123/266] Building C object zephyr/lib/libc/minimal/CMakeFiles/lib__libc__minimal.dir/source/stdlib/strtoll.c.obj
[axii:rw] [124/266] Building C object zephyr/lib/libc/minimal/CMakeFiles/lib__libc__minimal.dir/source/stdlib/strtoull.c.obj
[axii:rw] [125/266] Building C object zephyr/lib/libc/minimal/CMakeFiles/lib__libc__minimal.dir/source/stdlib/bsearch.c.obj
[kaladin-ish:singleimage] [171/270] Building C object zephyr/subsys/crc/CMakeFiles/subsys__crc.dir/crc32c_sw.c.obj
[axii:rw] [126/266] Building C object zephyr/lib/libc/minimal/CMakeFiles/lib__libc__minimal.dir/source/stdlib/exit.c.obj
[axii:rw] [127/266] Building C object zephyr/lib/libc/minimal/CMakeFiles/lib__libc__minimal.dir/source/stdlib/qsort.c.obj
[axii:rw] [128/266] Building C object zephyr/lib/libc/minimal/CMakeFiles/lib__libc__minimal.dir/source/string/strerror.c.obj
[axii:rw] [129/266] Building C object zephyr/lib/libc/minimal/CMakeFiles/lib__libc__minimal.dir/source/string/strncasecmp.c.obj
[axii:rw] [130/266] Building C object zephyr/lib/libc/minimal/CMakeFiles/lib__libc__minimal.dir/source/string/strstr.c.obj
[kaladin-ish:singleimage] [172/270] Building C object zephyr/subsys/crc/CMakeFiles/subsys__crc.dir/crc32k_4_2_sw.c.obj
[axii:rw] [131/266] Building C object zephyr/lib/libc/minimal/CMakeFiles/lib__libc__minimal.dir/source/string/string.c.obj
[ite-aic-rtk-pdc:ro] [15/288] Building C object CMakeFiles/app.dir/mnt/host/source/src/platform/ec/zephyr/subsys/pd_controller/pdc_console.c.obj
[axii:rw] [132/266] Building C object zephyr/lib/libc/minimal/CMakeFiles/lib__libc__minimal.dir/source/string/strspn.c.obj
[axii:rw] [133/266] Building C object zephyr/lib/libc/minimal/CMakeFiles/lib__libc__minimal.dir/source/stdout/stdout_console.c.obj
[axii:rw] [134/266] Building C object zephyr/lib/libc/minimal/CMakeFiles/lib__libc__minimal.dir/source/stdout/sprintf.c.obj
[axii:rw] [135/266] Building C object zephyr/lib/libc/minimal/CMakeFiles/lib__libc__minimal.dir/source/stdout/fprintf.c.obj
[axii:rw] [136/266] Building C object zephyr/lib/libc/minimal/CMakeFiles/lib__libc__minimal.dir/source/math/sqrtf.c.obj
[axii:rw] [137/266] Building C object zephyr/lib/libc/minimal/CMakeFiles/lib__libc__minimal.dir/source/math/sqrt.c.obj
[axii:rw] [138/266] Building C object zephyr/lib/libc/minimal/CMakeFiles/lib__libc__minimal.dir/source/time/gmtime.c.obj
[kaladin-ish:singleimage] [173/270] Building C object zephyr/subsys/crc/CMakeFiles/subsys__crc.dir/crc32_sw.c.obj
[kaladin-ish:singleimage] [174/270] Building C object zephyr/drivers/gpio/CMakeFiles/drivers__gpio.dir/mnt/host/source/src/third_party/zephyrproject/modules/hal/intel/bsp_sedi/drivers/gpio/sedi_gpio.c.obj
[kaladin-ish:singleimage] [175/270] Linking CXX static library zephyr/subsys/crc/libsubsys__crc.a
[axii:rw] [139/266] Linking C static library zephyr/lib/libc/minimal/liblib__libc__minimal.a
[axii:rw] [140/266] Building C object zephyr/lib/libc/common/CMakeFiles/lib__libc__common.dir/source/stdlib/abort.c.obj
[axii:rw] [141/266] Building C object zephyr/lib/libc/common/CMakeFiles/lib__libc__common.dir/source/time/asctime.c.obj
[axii:rw] [142/266] Building C object zephyr/lib/libc/common/CMakeFiles/lib__libc__common.dir/source/time/gmtime_r.c.obj
[axii:rw] [143/266] Building C object zephyr/lib/libc/common/CMakeFiles/lib__libc__common.dir/source/time/localtime_r_utc.c.obj
[axii:rw] [144/266] Building C object zephyr/lib/libc/common/CMakeFiles/lib__libc__common.dir/source/time/ctime.c.obj
[axii:rw] [145/266] Building C object zephyr/lib/libc/common/CMakeFiles/lib__libc__common.dir/source/time/time.c.obj
[axii:rw] [146/266] Building C object zephyr/lib/libc/common/CMakeFiles/lib__libc__common.dir/source/stdlib/malloc.c.obj
[axii:rw] [147/266] Building C object zephyr/lib/libc/common/CMakeFiles/lib__libc__common.dir/source/string/strnlen.c.obj
[ite-aic-rtk-pdc:rw] [15/288] Building C object CMakeFiles/app.dir/mnt/host/source/src/platform/ec/zephyr/subsys/pd_controller/pdc_console.c.obj
[kaladin-ish:singleimage] [176/270] Building C object zephyr/drivers/interrupt_controller/CMakeFiles/drivers__interrupt_controller.dir/intc_ioapic.c.obj
[axii:rw] [148/266] Linking C static library zephyr/lib/libc/common/liblib__libc__common.a
[kaladin-ish:singleimage] [177/270] Building C object zephyr/drivers/interrupt_controller/CMakeFiles/drivers__interrupt_controller.dir/intc_loapic.c.obj
[axii:rw] [149/266] Building C object zephyr/lib/posix/c_lib_ext/CMakeFiles/lib__posix__c_lib_ext.dir/fnmatch.c.obj
[kaladin-ish:singleimage] [178/270] Building C object zephyr/drivers/console/CMakeFiles/drivers__console.dir/uart_console.c.obj
[axii:rw] [150/266] Building C object zephyr/lib/posix/c_lib_ext/CMakeFiles/lib__posix__c_lib_ext.dir/getentropy.c.obj
[kaladin-ish:singleimage] [179/270] Building C object zephyr/drivers/interrupt_controller/CMakeFiles/drivers__interrupt_controller.dir/intc_system_apic.c.obj
[axii:rw] [151/266] Building C object zephyr/lib/posix/c_lib_ext/CMakeFiles/lib__posix__c_lib_ext.dir/getopt_shim.c.obj
[axii:rw] [152/266] Linking C static library zephyr/lib/posix/c_lib_ext/liblib__posix__c_lib_ext.a
[kaladin-ish:singleimage] [180/270] Linking CXX static library zephyr/drivers/console/libdrivers__console.a
[kaladin-ish:singleimage] [181/270] Linking CXX static library zephyr/drivers/interrupt_controller/libdrivers__interrupt_controller.a
[axii:rw] [153/266] Building C object zephyr/lib/net_buf/CMakeFiles/lib__net_buf.dir/buf.c.obj
[kaladin-ish:singleimage] [182/270] Building C object zephyr/drivers/gpio/CMakeFiles/drivers__gpio.dir/gpio_sedi.c.obj
[axii:rw] [154/266] Building C object zephyr/lib/net_buf/CMakeFiles/lib__net_buf.dir/buf_simple.c.obj
[kaladin-ish:singleimage] [183/270] Building C object zephyr/drivers/i2c/CMakeFiles/drivers__i2c.dir/i2c_common.c.obj
[kaladin-ish:singleimage] [184/270] Linking CXX static library zephyr/drivers/gpio/libdrivers__gpio.a
[axii:rw] [155/266] Linking C static library zephyr/lib/net_buf/liblib__net_buf.a
[axii:rw] [156/266] Building C object zephyr/subsys/usb/device_next/CMakeFiles/subsys__usb__device_next.dir/usbd_device.c.obj
[axii:rw] [157/266] Building C object zephyr/subsys/usb/device_next/CMakeFiles/subsys__usb__device_next.dir/usbd_desc.c.obj
[kaladin-ish:singleimage] [185/270] Linking CXX static library zephyr/drivers/syscon/libdrivers__syscon.a
[axii:rw] [158/266] Building C object zephyr/subsys/usb/device_next/CMakeFiles/subsys__usb__device_next.dir/usbd_ch9.c.obj
[kaladin-ish:singleimage] [186/270] Building C object zephyr/drivers/ipm/CMakeFiles/drivers__ipm.dir/mnt/host/source/src/third_party/zephyrproject/modules/hal/intel/bsp_sedi/drivers/ipc/sedi_ipc.c.obj
[axii:rw] [159/266] Building C object zephyr/subsys/usb/device_next/CMakeFiles/subsys__usb__device_next.dir/usbd_core.c.obj
[/mnt/host/source/src/platform/ec/build/zephyr/teliks-lcov]   /mnt/host/source/src/platform/ec/build/zephyr/teliks/build-rw/zephyr/CMakeFiles/zephyr.dir/lib/utils/last_section_id.c.gcno:no functions found
[/mnt/host/source/src/platform/ec/build/zephyr/teliks-lcov] stderr:
[axii:rw] [160/266] Building C object zephyr/subsys/usb/device_next/CMakeFiles/subsys__usb__device_next.dir/usbd_init.c.obj
[axii:rw] [161/266] Building C object zephyr/subsys/usb/device_next/CMakeFiles/subsys__usb__device_next.dir/usbd_config.c.obj
[axii:rw] [162/266] Building C object zephyr/subsys/usb/device_next/CMakeFiles/subsys__usb__device_next.dir/usbd_class.c.obj
[axii:rw] [163/266] Building C object zephyr/subsys/usb/device_next/CMakeFiles/subsys__usb__device_next.dir/usbd_interface.c.obj
[axii:rw] [164/266] Building C object zephyr/subsys/usb/device_next/CMakeFiles/subsys__usb__device_next.dir/usbd_endpoint.c.obj
[kaladin-ish:singleimage] [187/270] Building C object zephyr/drivers/i2c/CMakeFiles/drivers__i2c.dir/mnt/host/source/src/third_party/zephyrproject/modules/hal/intel/bsp_sedi/drivers/i2c/sedi_i2c_dw_apb_200a.c.obj
[axii:rw] [165/266] Building C object zephyr/subsys/usb/device_next/CMakeFiles/subsys__usb__device_next.dir/usbd_msg.c.obj
[kaladin-ish:singleimage] [188/270] Building C object zephyr/drivers/i2c/CMakeFiles/drivers__i2c.dir/i2c_sedi.c.obj
[axii:rw] [166/266] Building C object zephyr/subsys/usb/device_next/CMakeFiles/subsys__usb__device_next.dir/class/usbd_hid.c.obj
[kaladin-ish:singleimage] [189/270] Building C object zephyr/drivers/i2c/CMakeFiles/drivers__i2c.dir/i2c_shell.c.obj
[ite-aic-rtk-pdc:ro] [16/288] Building C object CMakeFiles/app.dir/mnt/host/source/src/platform/ec/zephyr/subsys/pd_controller/pdc_host_cmd.c.obj
[axii:rw] [167/266] Building C object zephyr/subsys/usb/device_next/CMakeFiles/subsys__usb__device_next.dir/class/usbd_hid_api.c.obj
[kaladin-ish:singleimage] [190/270] Linking CXX static library zephyr/drivers/i2c/libdrivers__i2c.a
[kaladin-ish:singleimage] [191/270] Building C object zephyr/drivers/serial/CMakeFiles/drivers__serial.dir/mnt/host/source/src/third_party/zephyrproject/modules/hal/intel/bsp_sedi/drivers/usart/sedi_dw_uart.c.obj
[axii:rw] [168/266] Linking C static library zephyr/subsys/usb/device_next/libsubsys__usb__device_next.a
[kaladin-ish:singleimage] [192/270] Building C object zephyr/drivers/ipm/CMakeFiles/drivers__ipm.dir/ipm_sedi.c.obj
[axii:rw] [169/266] Building C object zephyr/subsys/crc/CMakeFiles/subsys__crc.dir/crc4_sw.c.obj
[axii:rw] [170/266] Building C object zephyr/subsys/crc/CMakeFiles/subsys__crc.dir/crc8_sw.c.obj
[kaladin-ish:singleimage] [193/270] Building C object zephyr/drivers/serial/CMakeFiles/drivers__serial.dir/uart_sedi.c.obj
[axii:rw] [171/266] Building C object zephyr/subsys/crc/CMakeFiles/subsys__crc.dir/crc16_sw.c.obj
[axii:rw] [172/266] Building C object zephyr/subsys/crc/CMakeFiles/subsys__crc.dir/crc7_sw.c.obj
[ite-aic-rtk-pdc:rw] [16/288] Building C object CMakeFiles/app.dir/mnt/host/source/src/platform/ec/zephyr/subsys/pd_controller/pdc_host_cmd.c.obj
[axii:rw] [173/266] Building C object zephyr/subsys/crc/CMakeFiles/subsys__crc.dir/crc24_sw.c.obj
[kaladin-ish:singleimage] [194/270] Linking CXX static library zephyr/drivers/ipm/libdrivers__ipm.a
[kaladin-ish:singleimage] [195/270] Linking CXX static library zephyr/drivers/serial/libdrivers__serial.a
[axii:rw] [174/266] Building C object zephyr/subsys/crc/CMakeFiles/subsys__crc.dir/crc32c_sw.c.obj
[axii:rw] [175/266] Building C object zephyr/subsys/crc/CMakeFiles/subsys__crc.dir/crc32_sw.c.obj
[kaladin-ish:singleimage] [196/270] Building C object zephyr/drivers/timer/CMakeFiles/drivers__timer.dir/sys_clock_init.c.obj
[axii:rw] [176/266] Building C object zephyr/subsys/crc/CMakeFiles/subsys__crc.dir/crc32k_4_2_sw.c.obj
[axii:rw] [177/266] Linking C static library zephyr/subsys/crc/libsubsys__crc.a
[kaladin-ish:singleimage] [197/270] Building C object modules/ec/zephyr/CMakeFiles/ec_shim.dir/shim/src/crc.c.obj
[axii:rw] [178/266] Building C object zephyr/drivers/interrupt_controller/CMakeFiles/drivers__interrupt_controller.dir/intc_ite_it8xxx2_v2.c.obj
[kaladin-ish:singleimage] [198/270] Building C object modules/ec/zephyr/CMakeFiles/ec_shim.dir/app/ec/main_shim.c.obj
[kaladin-ish:singleimage] [199/270] Building C object zephyr/drivers/timer/CMakeFiles/drivers__timer.dir/hpet.c.obj
[axii:rw] [179/266] Building C object zephyr/drivers/interrupt_controller/CMakeFiles/drivers__interrupt_controller.dir/wuc_ite_it8xxx2.c.obj
[axii:rw] [180/266] Linking C static library zephyr/drivers/interrupt_controller/libdrivers__interrupt_controller.a
[kaladin-ish:singleimage] [200/270] Linking CXX static library zephyr/drivers/timer/libdrivers__timer.a
[axii:rw] [181/266] Building C object zephyr/drivers/usb/udc/CMakeFiles/drivers__usb__udc.dir/udc_common.c.obj
[axii:rw] [182/266] Building C object zephyr/drivers/usb/udc/CMakeFiles/drivers__usb__udc.dir/udc_it82xx2.c.obj
[kaladin-ish:singleimage] [201/270] Building C object modules/ec/zephyr/CMakeFiles/ec_shim.dir/app/ec/ec_app_main.c.obj
[kaladin-ish:singleimage] [202/270] Building C object modules/ec/zephyr/CMakeFiles/ec_shim.dir/shim/chip/stub/clock.c.obj
[axii:rw] [183/266] Linking C static library zephyr/drivers/usb/udc/libdrivers__usb__udc.a
[axii:rw] [184/266] Building C object zephyr/drivers/adc/CMakeFiles/drivers__adc.dir/adc_common.c.obj
[axii:rw] [185/266] Building C object zephyr/drivers/adc/CMakeFiles/drivers__adc.dir/adc_ite_it8xxx2.c.obj
[axii:rw] [186/266] Linking C static library zephyr/drivers/adc/libdrivers__adc.a
[axii:rw] [187/266] Building C object zephyr/drivers/bbram/CMakeFiles/drivers__bbram.dir/bbram_it8xxx2.c.obj
[kaladin-ish:singleimage] [203/270] Building C object modules/ec/zephyr/CMakeFiles/ec_shim.dir/shim/src/console.c.obj
[axii:rw] [188/266] Linking C static library zephyr/drivers/bbram/libdrivers__bbram.a
[axii:rw] [189/266] Building C object zephyr/drivers/console/CMakeFiles/drivers__console.dir/uart_console.c.obj
[ite-aic-rtk-pdc:ro] [17/288] Building C object CMakeFiles/app.dir/mnt/host/source/src/platform/ec/zephyr/subsys/pd_controller/pdc_stub.c.obj
[kaladin-ish:singleimage] [204/270] Building C object modules/ec/zephyr/CMakeFiles/ec_shim.dir/shim/src/gpio_int.c.obj
[axii:rw] [190/266] Linking C static library zephyr/drivers/console/libdrivers__console.a
[kaladin-ish:singleimage] [205/270] Building C object modules/ec/zephyr/CMakeFiles/ec_shim.dir/shim/src/pm_state.c.obj
[axii:rw] [191/266] Building C object zephyr/drivers/flash/CMakeFiles/drivers__flash.dir/flash_ite_it8xxx2.c.obj
[kaladin-ish:singleimage] [206/270] Building C object modules/ec/zephyr/CMakeFiles/ec_shim.dir/shim/src/panic_utils.c.obj
[kaladin-ish:singleimage] [207/270] Building C object modules/ec/zephyr/CMakeFiles/ec_shim.dir/shim/src/cbi/cros_cbi.c.obj
[axii:rw] [192/266] Linking C static library zephyr/drivers/flash/libdrivers__flash.a
[axii:rw] [193/266] Building C object zephyr/drivers/gpio/CMakeFiles/drivers__gpio.dir/gpio_ite_it8xxx2_v2.c.obj
[axii:rw] [194/266] Linking C static library zephyr/drivers/gpio/libdrivers__gpio.a
[ite-aic-rtk-pdc:rw] [17/288] Building C object CMakeFiles/app.dir/mnt/host/source/src/platform/ec/zephyr/subsys/pd_controller/pdc_stub.c.obj
[axii:rw] [195/266] Building C object zephyr/drivers/hwinfo/CMakeFiles/drivers__hwinfo.dir/hwinfo_weak_impl.c.obj
[kaladin-ish:singleimage] [208/270] Building C object modules/ec/zephyr/CMakeFiles/ec_shim.dir/shim/src/cbi/cros_cbi_fw_config.c.obj
[kaladin-ish:singleimage] [209/270] Building C object modules/ec/zephyr/CMakeFiles/ec_shim.dir/shim/src/gpio.c.obj
[axii:rw] [196/266] Linking C static library zephyr/drivers/hwinfo/libdrivers__hwinfo.a
[kaladin-ish:singleimage] [210/270] Building C object modules/ec/zephyr/CMakeFiles/ec_shim.dir/shim/src/ish_system.c.obj
[axii:rw] [197/266] Building C object zephyr/drivers/pinctrl/CMakeFiles/drivers__pinctrl.dir/common.c.obj
[axii:rw] [198/266] Building C object zephyr/drivers/pinctrl/CMakeFiles/drivers__pinctrl.dir/pinctrl_ite_it8xxx2.c.obj
[axii:rw] [199/266] Linking C static library zephyr/drivers/pinctrl/libdrivers__pinctrl.a
[kaladin-ish:singleimage] [211/270] Building C object modules/ec/zephyr/CMakeFiles/ec_shim.dir/shim/src/hooks.c.obj
[axii:rw] [200/266] Building C object zephyr/drivers/serial/CMakeFiles/drivers__serial.dir/uart_ite_it8xxx2.c.obj
[axii:rw] [201/266] Building C object zephyr/drivers/serial/CMakeFiles/drivers__serial.dir/uart_ns16550.c.obj
[kaladin-ish:singleimage] [212/270] Building C object modules/ec/zephyr/CMakeFiles/ec_shim.dir/shim/src/host_command.c.obj
[axii:rw] [202/266] Linking C static library zephyr/drivers/serial/libdrivers__serial.a
[axii:rw] [203/266] Building C object zephyr/drivers/timer/CMakeFiles/drivers__timer.dir/sys_clock_init.c.obj
[axii:rw] [204/266] Building C object zephyr/drivers/timer/CMakeFiles/drivers__timer.dir/ite_it8xxx2_timer.c.obj
[kaladin-ish:singleimage] [213/270] Building C object modules/ec/zephyr/CMakeFiles/ec_shim.dir/shim/src/console_buffer.c.obj
[axii:rw] [205/266] Linking C static library zephyr/drivers/timer/libdrivers__timer.a
[axii:rw] [206/266] Building C object zephyr/drivers/watchdog/CMakeFiles/drivers__watchdog.dir/wdt_ite_it8xxx2.c.obj
[axii:rw] [207/266] Building C object zephyr/drivers/watchdog/CMakeFiles/drivers__watchdog.dir/wdt_shell.c.obj
[kaladin-ish:singleimage] [214/270] Building C object modules/ec/zephyr/CMakeFiles/ec_shim.dir/shim/src/mkbp_event.c.obj
[kaladin-ish:singleimage] [215/270] Building C object modules/ec/zephyr/CMakeFiles/ec_shim.dir/shim/src/panic.c.obj
[kaladin-ish:singleimage] [216/270] Building C object modules/ec/zephyr/CMakeFiles/ec_shim.dir/shim/src/motionsense_sensors.c.obj
[axii:rw] [208/266] Linking C static library zephyr/drivers/watchdog/libdrivers__watchdog.a
[axii:rw] [209/266] Building C object modules/ec/zephyr/CMakeFiles/ec_shim.dir/app/ec/ec_app_main.c.obj
[kaladin-ish:singleimage] [217/270] Building C object modules/ec/zephyr/CMakeFiles/ec_shim.dir/shim/src/hwtimer.c.obj
[axii:rw] [210/266] Building C object modules/ec/zephyr/CMakeFiles/ec_shim.dir/app/ec/main_shim.c.obj
[axii:rw] [211/266] Building C object modules/ec/zephyr/CMakeFiles/ec_shim.dir/drivers/cros_flash/cros_flash_it8xxx2.c.obj
[axii:rw] [212/266] Building C object modules/ec/zephyr/CMakeFiles/ec_shim.dir/drivers/cros_system/cros_system_it8xxx2.c.obj
[axii:rw] [213/266] Building C object modules/ec/zephyr/CMakeFiles/ec_shim.dir/drivers/one_wire_uart/one_wire_uart.c.obj
[axii:rw] [214/266] Building C object modules/ec/zephyr/CMakeFiles/ec_shim.dir/shim/chip/it8xxx2/clock.c.obj
[axii:rw] [215/266] Building C object modules/ec/zephyr/CMakeFiles/ec_shim.dir/shim/chip/it8xxx2/gpio.c.obj
[axii:rw] [216/266] Building C object modules/ec/zephyr/CMakeFiles/ec_shim.dir/shim/chip/it8xxx2/system.c.obj
[axii:rw] [217/266] Building C object modules/ec/zephyr/CMakeFiles/ec_shim.dir/shim/chip/it8xxx2/power_policy.c.obj
[kaladin-ish:singleimage] [218/270] Building C object modules/ec/zephyr/CMakeFiles/ec_shim.dir/shim/src/i2c.c.obj
[axii:rw] [218/266] Building C object modules/ec/zephyr/CMakeFiles/ec_shim.dir/shim/src/console.c.obj
[ite-aic-rtk-pdc:ro] [18/288] Building C object CMakeFiles/app.dir/mnt/host/source/src/platform/ec/zephyr/subsys/pd_controller/pdc_dpm.c.obj
[axii:rw] [219/266] Building C object modules/ec/zephyr/CMakeFiles/ec_shim.dir/shim/src/crc.c.obj
[axii:rw] [220/266] Building C object modules/ec/zephyr/CMakeFiles/ec_shim.dir/shim/src/gpio.c.obj
[axii:rw] [221/266] Building C object modules/ec/zephyr/CMakeFiles/ec_shim.dir/shim/src/gpio_int.c.obj
[kaladin-ish:singleimage] [219/270] Building C object modules/ec/zephyr/subsys/host_service/CMakeFiles/..__..__..__platform__ec__zephyr__subsys__host_service.dir/zephyr_host_service.c.obj
[kaladin-ish:singleimage] [220/270] Building C object modules/ec/zephyr/CMakeFiles/ec_shim.dir/shim/src/tasks.c.obj
[axii:rw] [222/266] Building C object modules/ec/zephyr/CMakeFiles/ec_shim.dir/shim/src/panic_utils.c.obj
[axii:rw] [223/266] Building C object modules/ec/zephyr/CMakeFiles/ec_shim.dir/shim/src/pm_state.c.obj
[kaladin-ish:singleimage] [221/270] Building C object modules/ec/zephyr/CMakeFiles/ec_shim.dir/shim/src/usbc_stub.c.obj
[kaladin-ish:singleimage] [222/270] Building C object modules/ec/zephyr/CMakeFiles/ec_shim.dir/shim/src/host_command_heci.c.obj
[axii:rw] [224/266] Building C object modules/ec/zephyr/CMakeFiles/ec_shim.dir/shim/src/system.c.obj
[axii:rw] [225/266] Building C object modules/ec/zephyr/CMakeFiles/ec_shim.dir/shim/src/adc.c.obj
[axii:rw] [226/266] Building C object modules/ec/zephyr/CMakeFiles/ec_shim.dir/shim/src/flash.c.obj
[kaladin-ish:singleimage] [223/270] Linking CXX static library modules/ec/zephyr/libec_shim.a
[ite-aic-rtk-pdc:rw] [18/288] Building C object CMakeFiles/app.dir/mnt/host/source/src/platform/ec/zephyr/subsys/pd_controller/pdc_dpm.c.obj
[axii:rw] [227/266] Building C object modules/ec/zephyr/CMakeFiles/ec_shim.dir/shim/src/hooks.c.obj
[axii:rw] [228/266] Building C object modules/ec/zephyr/CMakeFiles/ec_shim.dir/shim/src/panic.c.obj
[kaladin-ish:singleimage] [224/270] Building C object modules/ec/zephyr/subsys/host_service/CMakeFiles/..__..__..__platform__ec__zephyr__subsys__host_service.dir/sys_mng.c.obj
[axii:rw] [229/266] Building C object modules/ec/zephyr/CMakeFiles/ec_shim.dir/shim/src/hwtimer.c.obj
[axii:rw] [230/266] Building C object modules/ec/zephyr/CMakeFiles/ec_shim.dir/shim/src/tasks.c.obj
[kaladin-ish:singleimage] [225/270] Building C object modules/ec/zephyr/subsys/host_service/heci/CMakeFiles/..__..__..__platform__ec__zephyr__subsys__host_service__heci.dir/heci_intf.c.obj
[axii:rw] [231/266] Building C object modules/ec/zephyr/CMakeFiles/ec_shim.dir/shim/src/watchdog.c.obj
[axii:rw] [232/266] Building C object modules/ec/zephyr/CMakeFiles/ec_shim.dir/shim/src/usbc_stub.c.obj
[kaladin-ish:singleimage] [226/270] Linking CXX static library modules/ec/zephyr/subsys/host_service/lib..__..__..__platform__ec__zephyr__subsys__host_service.a
[kaladin-ish:singleimage] [227/270] Building C object modules/ec/zephyr/subsys/host_service/heci/CMakeFiles/..__..__..__platform__ec__zephyr__subsys__host_service__heci.dir/heci_system_state.c.obj
[axii:rw] [233/266] Linking C static library modules/ec/zephyr/libec_shim.a
[axii:rw] [234/266] Building C object zephyr/kernel/CMakeFiles/kernel.dir/main_weak.c.obj
[axii:rw] [235/266] Building C object zephyr/kernel/CMakeFiles/kernel.dir/banner.c.obj
[axii:rw] [236/266] Building C object zephyr/kernel/CMakeFiles/kernel.dir/busy_wait.c.obj
[axii:rw] [237/266] Building C object zephyr/kernel/CMakeFiles/kernel.dir/device.c.obj
[axii:rw] [238/266] Building C object zephyr/kernel/CMakeFiles/kernel.dir/errno.c.obj
[kaladin-ish:singleimage] [228/270] Building C object modules/ec/zephyr/subsys/host_service/heci/CMakeFiles/..__..__..__platform__ec__zephyr__subsys__host_service__heci.dir/intfs/ipm_intf.c.obj
[axii:rw] [239/266] Building C object zephyr/kernel/CMakeFiles/kernel.dir/fatal.c.obj
[axii:rw] [240/266] Building C object zephyr/kernel/CMakeFiles/kernel.dir/init.c.obj
[axii:rw] [241/266] Building C object zephyr/kernel/CMakeFiles/kernel.dir/kheap.c.obj
[axii:rw] [242/266] Building C object zephyr/kernel/CMakeFiles/kernel.dir/mem_slab.c.obj
[axii:rw] [243/266] Building C object zephyr/kernel/CMakeFiles/kernel.dir/float.c.obj
[kaladin-ish:singleimage] [229/270] Building C object modules/ec/zephyr/drivers/dsp_comms/client/CMakeFiles/dsp.client.dir/dsp_client_transport.c.obj
[axii:rw] [244/266] Building C object zephyr/kernel/CMakeFiles/kernel.dir/version.c.obj
[axii:rw] [245/266] Building C object zephyr/kernel/CMakeFiles/kernel.dir/idle.c.obj
[axii:rw] [246/266] Building C object zephyr/kernel/CMakeFiles/kernel.dir/mailbox.c.obj
[axii:rw] [247/266] Building C object zephyr/kernel/CMakeFiles/kernel.dir/msg_q.c.obj
[axii:rw] [248/266] Building C object zephyr/kernel/CMakeFiles/kernel.dir/mutex.c.obj
[ite-aic-rtk-pdc:ro] [19/288] Building C object CMakeFiles/app.dir/mnt/host/source/src/platform/ec/build/zephyr/ite-aic-rtk-pdc/modules/ec/builtin/stdlib.c.obj
[kaladin-ish:singleimage] [230/270] Building C object modules/ec/zephyr/subsys/host_service/heci/CMakeFiles/..__..__..__platform__ec__zephyr__subsys__host_service__heci.dir/heci_core.c.obj
[axii:rw] [249/266] Building C object zephyr/kernel/CMakeFiles/kernel.dir/queue.c.obj
[axii:rw] [250/266] Building C object zephyr/kernel/CMakeFiles/kernel.dir/sem.c.obj
[kaladin-ish:singleimage] [231/270] Building C object modules/ec/zephyr/drivers/dsp_comms/client/CMakeFiles/dsp.client.dir/remote_cbi.c.obj
[kaladin-ish:singleimage] [232/270] Building C object zephyr/kernel/CMakeFiles/kernel.dir/main_weak.c.obj
[axii:rw] [251/266] Building C object zephyr/kernel/CMakeFiles/kernel.dir/stack.c.obj
[kaladin-ish:singleimage] [233/270] Building C object modules/ec/zephyr/drivers/dsp_comms/client/CMakeFiles/dsp.client.dir/remote_lid_angle.c.obj
[axii:rw] [252/266] Building C object zephyr/kernel/CMakeFiles/kernel.dir/system_work_q.c.obj
[axii:rw] [253/266] Building C object zephyr/kernel/CMakeFiles/kernel.dir/work.c.obj
[axii:rw] [254/266] Building C object zephyr/kernel/CMakeFiles/kernel.dir/condvar.c.obj
[kaladin-ish:singleimage] [234/270] Linking CXX static library modules/ec/zephyr/subsys/host_service/heci/lib..__..__..__platform__ec__zephyr__subsys__host_service__heci.a
[ite-aic-rtk-pdc:rw] [19/288] Building C object CMakeFiles/app.dir/mnt/host/source/src/platform/ec/build/zephyr/ite-aic-rtk-pdc/modules/ec/builtin/stdlib.c.obj
[axii:rw] [255/266] Building C object zephyr/kernel/CMakeFiles/kernel.dir/thread.c.obj
[kaladin-ish:singleimage] [235/270] Building C object modules/ec/zephyr/drivers/dsp_comms/client/CMakeFiles/dsp.client.dir/remote_lid_switch.c.obj
[axii:rw] [256/266] Building C object zephyr/kernel/CMakeFiles/kernel.dir/sched.c.obj
[axii:rw] [257/266] Building C object zephyr/kernel/CMakeFiles/kernel.dir/pipe.c.obj
[kaladin-ish:singleimage] [236/270] Building C object modules/ec/zephyr/drivers/dsp_comms/client/CMakeFiles/dsp.client.dir/remote_tablet_switch.c.obj
[axii:rw] [258/266] Building C object zephyr/kernel/CMakeFiles/kernel.dir/spinlock_validate.c.obj
[kaladin-ish:singleimage] [237/270] Building C object modules/ec/zephyr/drivers/dsp_comms/client/CMakeFiles/dsp.client.dir/dsp_client.c.obj
[kaladin-ish:singleimage] [238/270] Building C object zephyr/kernel/CMakeFiles/kernel.dir/busy_wait.c.obj
[axii:rw] [259/266] Building C object zephyr/kernel/CMakeFiles/kernel.dir/thread_monitor.c.obj
[axii:rw] [260/266] Building C object zephyr/kernel/CMakeFiles/kernel.dir/timeout.c.obj
[/mnt/host/source/src/platform/ec/build/zephyr/pujjogatwin-lcov]   /mnt/host/source/src/platform/ec/build/zephyr/pujjogatwin/build-rw/CMakeFiles/app.dir/mnt/host/source/src/platform/ec/build/zephyr/pujjogatwin/modules/ec/common/cbi_config.c.gcno:no functions found
[axii:rw] [261/266] Building C object zephyr/kernel/CMakeFiles/kernel.dir/timer.c.obj
[/mnt/host/source/src/platform/ec/build/zephyr/pujjogatwin-lcov] stderr:
[axii:rw] [262/266] Building C object zephyr/kernel/CMakeFiles/kernel.dir/poll.c.obj
[axii:rw] [263/266] Building C object zephyr/kernel/CMakeFiles/kernel.dir/events.c.obj
[kaladin-ish:singleimage] [239/270] Linking CXX static library modules/ec/zephyr/drivers/dsp_comms/client/libdsp.client.a
[axii:rw] [264/266] Building C object zephyr/kernel/CMakeFiles/kernel.dir/mempool.c.obj
[axii:rw] [265/266] Building C object zephyr/kernel/CMakeFiles/kernel.dir/dynamic_disabled.c.obj
[kaladin-ish:singleimage] [240/270] Building C object zephyr/kernel/CMakeFiles/kernel.dir/banner.c.obj
[axii:rw] [266/266] Linking C static library zephyr/kernel/libkernel.a
[kaladin-ish:singleimage] [241/270] Building C object zephyr/kernel/CMakeFiles/kernel.dir/version.c.obj
[kaladin-ish:singleimage] [242/270] Building C object zephyr/kernel/CMakeFiles/kernel.dir/errno.c.obj
[kaladin-ish:singleimage] [243/270] Building C object zephyr/kernel/CMakeFiles/kernel.dir/device.c.obj
[kaladin-ish:singleimage] [244/270] Building C object zephyr/kernel/CMakeFiles/kernel.dir/fatal.c.obj
[kaladin-ish:singleimage] [245/270] Building C object zephyr/kernel/CMakeFiles/kernel.dir/kheap.c.obj
[kaladin-ish:singleimage] [246/270] Building C object zephyr/kernel/CMakeFiles/kernel.dir/init.c.obj
[kaladin-ish:singleimage] [247/270] Building C object zephyr/kernel/CMakeFiles/kernel.dir/float.c.obj
[kaladin-ish:singleimage] [248/270] Building C object zephyr/kernel/CMakeFiles/kernel.dir/mem_slab.c.obj
[ite-aic-rtk-pdc:ro] [20/288] Building C object CMakeFiles/app.dir/mnt/host/source/src/platform/ec/build/zephyr/ite-aic-rtk-pdc/modules/ec/common/base32.c.obj
[ite-aic-rtk-pdc:rw] [20/288] Building C object CMakeFiles/app.dir/mnt/host/source/src/platform/ec/build/zephyr/ite-aic-rtk-pdc/modules/ec/common/base32.c.obj
[kaladin-ish:singleimage] [249/270] Building C object zephyr/kernel/CMakeFiles/kernel.dir/mailbox.c.obj
[/mnt/host/source/src/platform/ec/build/zephyr/kyogre-lcov]   /mnt/host/source/src/platform/ec/build/zephyr/kyogre/build-rw/zephyr/CMakeFiles/zephyr.dir/subsys/shell/modules/kernel_service/kernel_shell.c.gcno:no functions found
[/mnt/host/source/src/platform/ec/build/zephyr/kyogre-lcov] stderr:
[kaladin-ish:singleimage] [250/270] Building C object zephyr/kernel/CMakeFiles/kernel.dir/idle.c.obj
[/mnt/host/source/src/platform/ec/build/zephyr/dev-posix-lcov] 	(use "geninfo --ignore-errors format,format ..." to suppress this warning)
[/mnt/host/source/src/platform/ec/build/zephyr/dev-posix-lcov] Filter suppressions 'region':
[kaladin-ish:singleimage] [251/270] Building C object zephyr/kernel/CMakeFiles/kernel.dir/msg_q.c.obj
[kaladin-ish:singleimage] [252/270] Building C object zephyr/kernel/CMakeFiles/kernel.dir/system_work_q.c.obj
[ite-aic-rtk-pdc:ro] [21/288] Building C object CMakeFiles/app.dir/mnt/host/source/src/platform/ec/build/zephyr/ite-aic-rtk-pdc/modules/ec/common/console_output.c.obj
[kaladin-ish:singleimage] [253/270] Building C object zephyr/kernel/CMakeFiles/kernel.dir/mutex.c.obj
[/mnt/host/source/src/platform/ec/build/zephyr/dev-posix-lcov]     37 instances
[/mnt/host/source/src/platform/ec/build/zephyr/dev-posix-lcov]     24 coverpoints
[/mnt/host/source/src/platform/ec/build/zephyr/dev-posix-lcov] Message summary:
[/mnt/host/source/src/platform/ec/build/zephyr/dev-posix-lcov]   1 warning message:
[/mnt/host/source/src/platform/ec/build/zephyr/dev-posix-lcov]     format: 1
[/mnt/host/source/src/platform/ec/build/zephyr/dev-posix-lcov]   3 ignore messages:
[/mnt/host/source/src/platform/ec/build/zephyr/dev-posix-lcov]     gcov: 3
[kaladin-ish:singleimage] [254/270] Building C object zephyr/kernel/CMakeFiles/kernel.dir/sem.c.obj
[kaladin-ish:singleimage] [255/270] Building C object zephyr/kernel/CMakeFiles/kernel.dir/queue.c.obj
[kaladin-ish:singleimage] [256/270] Building C object zephyr/kernel/CMakeFiles/kernel.dir/stack.c.obj
[/mnt/host/source/src/platform/ec/build/zephyr/kyogre-lcov]   /mnt/host/source/src/platform/ec/build/zephyr/kyogre/build-rw/zephyr/CMakeFiles/zephyr.dir/lib/libc/validate_libc.c.gcno:no functions found
[/mnt/host/source/src/platform/ec/build/zephyr/kyogre-lcov] stderr:
[kaladin-ish:singleimage] [257/270] Building C object zephyr/kernel/CMakeFiles/kernel.dir/condvar.c.obj
[kaladin-ish:singleimage] [258/270] Building C object zephyr/kernel/CMakeFiles/kernel.dir/work.c.obj
[kaladin-ish:singleimage] [259/270] Building C object zephyr/kernel/CMakeFiles/kernel.dir/thread.c.obj
[kaladin-ish:singleimage] [260/270] Building C object zephyr/kernel/CMakeFiles/kernel.dir/spinlock_validate.c.obj
[ite-aic-rtk-pdc:rw] [21/288] Building C object CMakeFiles/app.dir/mnt/host/source/src/platform/ec/build/zephyr/ite-aic-rtk-pdc/modules/ec/common/console_output.c.obj
[ite-aic-rtk-pdc:ro] [22/288] Building C object CMakeFiles/app.dir/mnt/host/source/src/platform/ec/build/zephyr/ite-aic-rtk-pdc/modules/ec/common/ec_features.c.obj
[kaladin-ish:singleimage] [261/270] Building C object zephyr/kernel/CMakeFiles/kernel.dir/thread_monitor.c.obj
[kaladin-ish:singleimage] [262/270] Building C object zephyr/kernel/CMakeFiles/kernel.dir/timeout.c.obj
[kaladin-ish:singleimage] [263/270] Building C object zephyr/kernel/CMakeFiles/kernel.dir/pipe.c.obj
[kaladin-ish:singleimage] [264/270] Building C object zephyr/kernel/CMakeFiles/kernel.dir/timer.c.obj
[kaladin-ish:singleimage] [265/270] Building C object zephyr/kernel/CMakeFiles/kernel.dir/sched.c.obj
[/mnt/host/source/src/platform/ec/build/zephyr/pujjogatwin-lcov]   /mnt/host/source/src/platform/ec/build/zephyr/pujjogatwin/build-rw/zephyr/arch/arch/arm/core/mpu/CMakeFiles/arch__arm__core__mpu.dir/arm_mpu_regions.c.gcno:no functions found
[/mnt/host/source/src/platform/ec/build/zephyr/pujjogatwin-lcov] stderr:
[ite-aic-rtk-pdc:rw] [22/288] Building C object CMakeFiles/app.dir/mnt/host/source/src/platform/ec/build/zephyr/ite-aic-rtk-pdc/modules/ec/common/ec_features.c.obj
[ite-aic-rtk-pdc:ro] [23/288] Building C object CMakeFiles/app.dir/mnt/host/source/src/platform/ec/build/zephyr/ite-aic-rtk-pdc/modules/ec/common/gpio_commands.c.obj
[kaladin-ish:singleimage] [266/270] Building C object zephyr/kernel/CMakeFiles/kernel.dir/dynamic_disabled.c.obj
[kaladin-ish:singleimage] [267/270] Building C object zephyr/kernel/CMakeFiles/kernel.dir/mempool.c.obj
[axii:ro] Building: /usr/bin/ninja -C /mnt/host/source/src/platform/ec/build/zephyr/axii/build-ro all.libraries
Running `env -i SHELL=/bin/bash COLORTERM=truecolor DEPOT_TOOLS_UPDATE=0 LESS='-R -M --shift 5' SUDO_GID=0 JDK_HOME=/etc/java-config-2/current-system-vm CONFIG_PROTECT_MASK='/etc/gentoo-release /etc/sandbox.d /etc/fonts/fonts.conf /etc/terminfo /etc/ca-certificates.conf /etc/revdep-rebuild' CHROMEOS_CACHEDIR=/var/cache/chromeos-cache JAVA_HOME=/etc/java-config-2/current-system-vm SSH_AUTH_SOCK=/tmp/ssh-auth-sock SUDO_COMMAND=/bin/bash SUDO_USER=root SUDO_TTY=/dev/pts/2 EDITOR=/usr/bin/vi PWD=/mnt/host/source/src/platform/ec CONFIG_PROTECT=/usr/share/gnupg/qualified.txt LOGNAME=jpmurphy MANPATH=/etc/java-config-2/current-system-vm/man:/usr/local/share/man:/usr/share/man:/usr/share/gcc-data/x86_64-pc-linux-gnu/10.2.0/man:/usr/share/binutils-data/x86_64-pc-linux-gnu/2.45/man:/etc/java-config-2/current-system-vm/man/ SUDO_HOME=/root XAUTHORITY=/run/user/944457/gdm/Xauthority HOME=/home/jpmurphy LANG=C.UTF-8 LS_COLORS='rs=0:di=01;34:ln=01;36:mh=00:pi=40;33:so=01;35:do=01;35:bd=40;33;01:cd=40;33;01:or=01;05;37;41:mi=01;05;37;41:su=37;41:sg=30;43:ca=30;41:tw=30;42:ow=34;42:st=37;44:ex=01;32:*.tar=01;31:*.tgz=01;31:*.arc=01;31:*.arj=01;31:*.taz=01;31:*.lha=01;31:*.lz4=01;31:*.lzh=01;31:*.lzma=01;31:*.tlz=01;31:*.txz=01;31:*.tzo=01;31:*.t7z=01;31:*.zip=01;31:*.z=01;31:*.dz=01;31:*.gz=01;31:*.lrz=01;31:*.lz=01;31:*.lzo=01;31:*.xz=01;31:*.zst=01;31:*.tzst=01;31:*.bz2=01;31:*.bz=01;31:*.tbz=01;31:*.tbz2=01;31:*.tz=01;31:*.deb=01;31:*.rpm=01;31:*.jar=01;31:*.war=01;31:*.ear=01;31:*.sar=01;31:*.rar=01;31:*.alz=01;31:*.ace=01;31:*.zoo=01;31:*.cpio=01;31:*.7z=01;31:*.rz=01;31:*.cab=01;31:*.wim=01;31:*.swm=01;31:*.dwm=01;31:*.esd=01;31:*.jpg=01;35:*.jpeg=01;35:*.mjpg=01;35:*.mjpeg=01;35:*.gif=01;35:*.bmp=01;35:*.pbm=01;35:*.pgm=01;35:*.ppm=01;35:*.tga=01;35:*.xbm=01;35:*.xpm=01;35:*.tif=01;35:*.tiff=01;35:*.png=01;35:*.svg=01;35:*.svgz=01;35:*.mng=01;35:*.pcx=01;35:*.mov=01;35:*.mpg=01;35:*.mpeg=01;35:*.m2v=01;35:*.mkv=01;35:*.webm=01;35:*.webp=01;35:*.ogm=01;35:*.mp4=01;35:*.m4v=01;35:*.mp4v=01;35:*.vob=01;35:*.qt=01;35:*.nuv=01;35:*.wmv=01;35:*.asf=01;35:*.rm=01;35:*.rmvb=01;35:*.flc=01;35:*.avi=01;35:*.fli=01;35:*.flv=01;35:*.gl=01;35:*.dl=01;35:*.xcf=01;35:*.xwd=01;35:*.yuv=01;35:*.cgm=01;35:*.emf=01;35:*.ogv=01;35:*.ogx=01;35:*.cfg=00;32:*.conf=00;32:*.diff=00;32:*.doc=00;32:*.ini=00;32:*.log=00;32:*.patch=00;32:*.pdf=00;32:*.ps=00;32:*.tex=00;32:*.txt=00;32:*.aac=00;36:*.au=00;36:*.flac=00;36:*.m4a=00;36:*.mid=00;36:*.midi=00;36:*.mka=00;36:*.mp3=00;36:*.mpc=00;36:*.ogg=00;36:*.ra=00;36:*.wav=00;36:*.oga=00;36:*.opus=00;36:*.spx=00;36:*.xspf=00;36:' XDG_CURRENT_DESKTOP=GNOME INFOPATH=/usr/share/info:/usr/share/gcc-data/x86_64-pc-linux-gnu/10.2.0/info:/usr/share/binutils-data/x86_64-pc-linux-gnu/2.45/info:/usr/share/automake-1.16.5/info JAVAC=/etc/java-config-2/current-system-vm/bin/javac TERM=xterm-256color LESSOPEN='|lesspipe %s' USER=jpmurphy CROS_WORKON_SRCROOT=/mnt/host/source MANPAGER=manpager DISPLAY=:1 SHLVL=1 LC_MESSAGES=C EXTERNAL_TRUNK_PATH=/mnt/8f9d649a-3721-44cc-93c0-e6bd21a9689f/chromiumos GCC_SPECS='' PATH=/mnt/host/source/chromite/bin:/usr/local/bin:/usr/bin:/bin:/opt/bin:/mnt/host/source/chromite/sdk/bin:/mnt/host/source/chromite/bin PORTAGE_USERNAME=jpmurphy SUDO_UID=0 GCC_VER=10.2.0 MAIL=/var/mail/jpmurphy OLDPWD=/mnt/host/source/src/scripts traceparent=00-e87aca51550a78635907baa6a2476181-6d684811675d2973-01 _=./zephyr/firmware_builder.py COREBOOT_SDK_ROOT_x86=/home/jpmurphy/.cache/coreboot-sdk/i386-elf/dfbb0486385d938cfa9d73080b9d18d598ed4f49 COREBOOT_SDK_ROOT_picolibc_x86=/home/jpmurphy/.cache/coreboot-sdk/picolibc-i386-elf/eb8e8e687b95461de8cbf278f1c2076952d0ad17 COREBOOT_SDK_ROOT_riscv64=/home/jpmurphy/.cache/coreboot-sdk/riscv64-elf/96b949749225b6aaa92ed810ab769e8dfb12f000 COREBOOT_SDK_ROOT_picolibc_arm=/home/jpmurphy/.cache/coreboot-sdk/picolibc-arm-eabi/422a2aa3e1ef891b5bece9a3deb696ff83840d2e COREBOOT_SDK_ROOT_nds32=/home/jpmurphy/.cache/coreboot-sdk/nds32le-elf/d1a518c4a097666d86058e1444f85ca015d15511 COREBOOT_SDK_ROOT_picolibc_riscv64=/home/jpmurphy/.cache/coreboot-sdk/picolibc-riscv64-elf/f571e990ef0278564b31124f8bb109d9a697eb69 COREBOOT_SDK_ROOT_arm=/home/jpmurphy/.cache/coreboot-sdk/arm-eabi/ea40ddd1d190c3b48435c474c0b545719371813a COREBOOT_SDK_ROOT_libstdcxx_riscv64=/home/jpmurphy/.cache/coreboot-sdk/libstdcxx-riscv64-elf/17abf22a3a252e2d5d2062ced5324f7a623689e0 COREBOOT_SDK_ROOT_libstdcxx_arm=/home/jpmurphy/.cache/coreboot-sdk/libstdcxx-arm-eabi/5d7d82e150e44aa1968f1d366e267e6687b328ac COREBOOT_SDK_ROOT_riscv=/home/jpmurphy/.cache/coreboot-sdk/riscv-elf/9a27b9e82341c6e9126624f516ab3f261abb3e73 COREBOOT_SDK_ROOT_libstdcxx_x86=/home/jpmurphy/.cache/coreboot-sdk/libstdcxx-i386-elf/42ef9d2e87a76a37963175d7d428734e65648b87 PYTHONPATH=/mnt/host/source/src/platform/ec/zephyr/zmake PW_PIGWEED_CIPD_INSTALL_DIR=/usr CROSTC_USER_ACKNOWLEDGES_THAT_RISCV_IS_EXPERIMENTAL=1 MAKEFLAGS=' -j16 --jobserver-auth=5,6' /usr/bin/ninja -C /mnt/host/source/src/platform/ec/build/zephyr/axii/build-ro all.libraries`
[axii:ro] ninja: Entering directory `/mnt/host/source/src/platform/ec/build/zephyr/axii/build-ro'
Running (initial) lcov on /mnt/host/source/src/platform/ec/build/zephyr/domika.
[kaladin-ish:singleimage] [268/270] Building C object zephyr/kernel/CMakeFiles/kernel.dir/poll.c.obj
[kaladin-ish:singleimage] [269/270] Building C object zephyr/kernel/CMakeFiles/kernel.dir/events.c.obj
[kaladin-ish:singleimage] [270/270] Linking CXX static library zephyr/kernel/libkernel.a
[ite-aic-rtk-pdc:rw] [23/288] Building C object CMakeFiles/app.dir/mnt/host/source/src/platform/ec/build/zephyr/ite-aic-rtk-pdc/modules/ec/common/gpio_commands.c.obj
[ite-aic-rtk-pdc:ro] [24/288] Building C object CMakeFiles/app.dir/mnt/host/source/src/platform/ec/build/zephyr/ite-aic-rtk-pdc/modules/ec/common/peripheral.c.obj
Running `env -i PYTHONPATH=/usr/lib64/python-exec/python3.11:/mnt/host/source/src/platform/ec/zephyr/zmake:/usr/lib/python311.zip:/usr/lib/python3.11:/usr/lib/python3.11/lib-dynload:/usr/lib/python3.11/site-packages PW_PIGWEED_CIPD_INSTALL_DIR=/usr CROSTC_USER_ACKNOWLEDGES_THAT_RISCV_IS_EXPERIMENTAL=1 PATH=/mnt/host/source/chromite/bin:/usr/local/bin:/usr/bin:/bin:/opt/bin:/mnt/host/source/chromite/sdk/bin:/mnt/host/source/chromite/bin HOME=/home/jpmurphy JAVA_HOME=/etc/java-config-2/current-system-vm JDK_HOME=/etc/java-config-2/current-system-vm JAVAC=/etc/java-config-2/current-system-vm/bin/javac MAKEFLAGS=' -j16 --jobserver-auth=5,6' /usr/bin/lcov --gcov-tool /mnt/host/source/src/platform/ec/build/zephyr/domika/build-rw/gcov.sh -q -o - -c -d /mnt/host/source/src/platform/ec/build/zephyr/domika -t domika --rc branch_coverage=1 --filter range --ignore-errors inconsistent,source --ignore-errors gcov,gcov -i`
[ite-aic-rtk-pdc:rw] [24/288] Building C object CMakeFiles/app.dir/mnt/host/source/src/platform/ec/build/zephyr/ite-aic-rtk-pdc/modules/ec/common/peripheral.c.obj
[ite-aic-rtk-pdc:ro] [25/288] Building C object CMakeFiles/app.dir/mnt/host/source/src/platform/ec/build/zephyr/ite-aic-rtk-pdc/modules/ec/common/queue.c.obj
[ite-aic-rtk-pdc:ro] [26/288] Building C object CMakeFiles/app.dir/mnt/host/source/src/platform/ec/build/zephyr/ite-aic-rtk-pdc/modules/ec/common/printf.c.obj
[ite-aic-rtk-pdc:ro] [27/288] Building C object CMakeFiles/app.dir/mnt/host/source/src/platform/ec/build/zephyr/ite-aic-rtk-pdc/modules/ec/common/uart_printf.c.obj
[ite-aic-rtk-pdc:rw] [25/288] Building C object CMakeFiles/app.dir/mnt/host/source/src/platform/ec/build/zephyr/ite-aic-rtk-pdc/modules/ec/common/printf.c.obj
[/mnt/host/source/src/platform/ec/build/zephyr/kyogre-lcov]   /mnt/host/source/src/platform/ec/build/zephyr/kyogre/build-rw/zephyr/CMakeFiles/zephyr.dir/lib/utils/last_section_id.c.gcno:no functions found
[/mnt/host/source/src/platform/ec/build/zephyr/kyogre-lcov] stderr:
[axii:ro] [1/263] Generating include/generated/zephyr/version.h
[axii:ro] -- git describe warned: warning: tag 'upstream/v2.7.99' is externally known as 'v2.7.99'
[ite-aic-rtk-pdc:ro] [28/288] Building C object CMakeFiles/app.dir/mnt/host/source/src/platform/ec/build/zephyr/ite-aic-rtk-pdc/modules/ec/common/system_boot_time.c.obj
[axii:ro] -- Zephyr version: 4.3.99 (/mnt/host/source/src/third_party/zephyr/main)
[axii:ro] [2/263] Preparing syscall dependency handling
[axii:ro] [3/263] Generating misc/generated/syscalls_subdirs.trigger
[ite-aic-rtk-pdc:rw] [26/288] Building C object CMakeFiles/app.dir/mnt/host/source/src/platform/ec/build/zephyr/ite-aic-rtk-pdc/modules/ec/common/queue.c.obj
[ite-aic-rtk-pdc:ro] [29/288] Building C object CMakeFiles/app.dir/mnt/host/source/src/platform/ec/build/zephyr/ite-aic-rtk-pdc/modules/ec/common/system.c.obj
[ite-aic-rtk-pdc:ro] [30/288] Building C object CMakeFiles/app.dir/mnt/host/source/src/platform/ec/build/zephyr/ite-aic-rtk-pdc/modules/ec/common/util.c.obj
[/mnt/host/source/src/platform/ec/build/zephyr/pujjogatwin-lcov]   /mnt/host/source/src/platform/ec/build/zephyr/pujjogatwin/build-rw/zephyr/arch/common/CMakeFiles/isr_tables.dir/isr_tables.c.gcno:no functions found
[/mnt/host/source/src/platform/ec/build/zephyr/pujjogatwin-lcov] stderr:
[ite-aic-rtk-pdc:ro] [31/288] Building C object CMakeFiles/app.dir/mnt/host/source/src/platform/ec/build/zephyr/ite-aic-rtk-pdc/modules/ec/common/version.c.obj
[ite-aic-rtk-pdc:rw] [27/288] Building C object CMakeFiles/app.dir/mnt/host/source/src/platform/ec/build/zephyr/ite-aic-rtk-pdc/modules/ec/common/system_boot_time.c.obj
[ite-aic-rtk-pdc:ro] [32/288] Building C object CMakeFiles/app.dir/mnt/host/source/src/platform/ec/build/zephyr/ite-aic-rtk-pdc/modules/ec/common/battery_fuel_gauge.c.obj
[ite-aic-rtk-pdc:rw] [28/288] Building C object CMakeFiles/app.dir/mnt/host/source/src/platform/ec/build/zephyr/ite-aic-rtk-pdc/modules/ec/common/uart_printf.c.obj
[ite-aic-rtk-pdc:rw] [29/288] Building C object CMakeFiles/app.dir/mnt/host/source/src/platform/ec/build/zephyr/ite-aic-rtk-pdc/modules/ec/common/system.c.obj
[ite-aic-rtk-pdc:ro] [33/288] Building C object CMakeFiles/app.dir/mnt/host/source/src/platform/ec/build/zephyr/ite-aic-rtk-pdc/modules/ec/common/battery_info.c.obj
[ite-aic-rtk-pdc:ro] [34/288] Building C object CMakeFiles/app.dir/mnt/host/source/src/platform/ec/build/zephyr/ite-aic-rtk-pdc/modules/ec/common/battery.c.obj
[axii:ro] [4/263] Generating misc/generated/syscalls.json, misc/generated/struct_tags.json
[/mnt/host/source/src/platform/ec/build/zephyr/domika-lcov] geninfo: WARNING: using JSON module "JSON::PP" - which is much slower than some alternatives.  Consider installing one of JSON::XS or Cpanel::JSON::XS
[ite-aic-rtk-pdc:rw] [30/288] Building C object CMakeFiles/app.dir/mnt/host/source/src/platform/ec/build/zephyr/ite-aic-rtk-pdc/modules/ec/common/util.c.obj
[ite-aic-rtk-pdc:ro] [35/288] Building C object CMakeFiles/app.dir/mnt/host/source/src/platform/ec/build/zephyr/ite-aic-rtk-pdc/modules/ec/driver/battery/smart.c.obj
[axii:ro] [5/263] Generating include/generated/zephyr/syscall_dispatch.c, include/generated/zephyr/syscall_exports_llext.c, syscall_weakdefs_llext.c, include/generated/zephyr/syscall_list.h
[ite-aic-rtk-pdc:ro] [36/288] Building C object CMakeFiles/app.dir/mnt/host/source/src/platform/ec/build/zephyr/ite-aic-rtk-pdc/modules/ec/driver/charger/isl923x.c.obj
[ite-aic-rtk-pdc:ro] [37/288] Building C object CMakeFiles/app.dir/mnt/host/source/src/platform/ec/build/zephyr/ite-aic-rtk-pdc/modules/ec/common/charger.c.obj
[axii:ro] [6/263] Generating include/generated/zephyr/driver-validation.h
[ite-aic-rtk-pdc:rw] [31/288] Building C object CMakeFiles/app.dir/mnt/host/source/src/platform/ec/build/zephyr/ite-aic-rtk-pdc/modules/ec/common/version.c.obj
[ite-aic-rtk-pdc:ro] [38/288] Building C object CMakeFiles/app.dir/mnt/host/source/src/platform/ec/build/zephyr/ite-aic-rtk-pdc/modules/ec/common/cbi_common.c.obj
[axii:ro] [7/263] Generating include/generated/zephyr/kobj-types-enum.h, include/generated/zephyr/otype-to-str.h, include/generated/zephyr/otype-to-size.h
[ite-aic-rtk-pdc:rw] [32/288] Building C object CMakeFiles/app.dir/mnt/host/source/src/platform/ec/build/zephyr/ite-aic-rtk-pdc/modules/ec/common/battery_info.c.obj
[axii:ro] [8/263] Generating include/generated/device-api-sections.ld, include/generated/device-api-sections.cmake
[ite-aic-rtk-pdc:ro] [39/288] Building C object CMakeFiles/app.dir/mnt/host/source/src/platform/ec/build/zephyr/ite-aic-rtk-pdc/modules/ec/common/cbi_config.c.obj
[axii:ro] [9/263] Building C object zephyr/CMakeFiles/offsets.dir/arch/riscv/core/offsets/offsets.c.obj
[ite-aic-rtk-pdc:ro] [40/288] Building C object CMakeFiles/app.dir/mnt/host/source/src/platform/ec/build/zephyr/ite-aic-rtk-pdc/modules/ec/common/charge_state.c.obj
[ite-aic-rtk-pdc:rw] [33/288] Building C object CMakeFiles/app.dir/mnt/host/source/src/platform/ec/build/zephyr/ite-aic-rtk-pdc/modules/ec/common/battery.c.obj
[ite-aic-rtk-pdc:ro] [41/288] Building C object CMakeFiles/app.dir/mnt/host/source/src/platform/ec/build/zephyr/ite-aic-rtk-pdc/modules/ec/common/cbi.c.obj
[axii:ro] [10/263] Generating include/generated/zephyr/offsets.h
[axii:ro] [11/263] Building C object zephyr/CMakeFiles/zephyr.dir/lib/libc/validate_libc.c.obj
[axii:ro] [12/263] Building C object zephyr/CMakeFiles/zephyr.dir/lib/heap/heap.c.obj
[axii:ro] [13/263] Building C object zephyr/CMakeFiles/zephyr.dir/lib/os/cbprintf_packaged.c.obj
[axii:ro] [14/263] Building C object zephyr/CMakeFiles/zephyr.dir/lib/os/clock.c.obj
[ite-aic-rtk-pdc:ro] [42/288] Building C object CMakeFiles/app.dir/mnt/host/source/src/platform/ec/build/zephyr/ite-aic-rtk-pdc/modules/ec/common/charge_manager.c.obj
[axii:ro] [15/263] Building C object zephyr/CMakeFiles/zephyr.dir/lib/os/printk.c.obj
[axii:ro] [16/263] Building C object zephyr/CMakeFiles/zephyr.dir/lib/os/sem.c.obj
[ite-aic-rtk-pdc:ro] [43/288] Building C object CMakeFiles/app.dir/mnt/host/source/src/platform/ec/build/zephyr/ite-aic-rtk-pdc/modules/ec/common/memory_commands.c.obj
[axii:ro] [17/263] Building C object zephyr/CMakeFiles/zephyr.dir/lib/os/thread_entry.c.obj
[ite-aic-rtk-pdc:rw] [34/288] Building C object CMakeFiles/app.dir/mnt/host/source/src/platform/ec/build/zephyr/ite-aic-rtk-pdc/modules/ec/common/battery_fuel_gauge.c.obj
[axii:ro] [18/263] Building C object zephyr/CMakeFiles/zephyr.dir/lib/os/cbprintf_nano.c.obj
[axii:ro] [19/263] Building C object zephyr/CMakeFiles/zephyr.dir/lib/os/cbprintf.c.obj
[axii:ro] [20/263] Building C object zephyr/CMakeFiles/zephyr.dir/lib/os/assert.c.obj
[axii:ro] [21/263] Building C object zephyr/CMakeFiles/zephyr.dir/lib/utils/dec.c.obj
[ite-aic-rtk-pdc:ro] [44/288] Building C object CMakeFiles/app.dir/mnt/host/source/src/platform/ec/build/zephyr/ite-aic-rtk-pdc/modules/ec/common/ap_reset_log.c.obj
[axii:ro] [22/263] Building C object zephyr/CMakeFiles/zephyr.dir/lib/utils/hex.c.obj
[axii:ro] [23/263] Building C object zephyr/CMakeFiles/zephyr.dir/lib/utils/rb.c.obj
[axii:ro] [24/263] Building C object zephyr/CMakeFiles/zephyr.dir/lib/utils/timeutil.c.obj
[ite-aic-rtk-pdc:ro] [45/288] Building C object CMakeFiles/app.dir/mnt/host/source/src/platform/ec/build/zephyr/ite-aic-rtk-pdc/modules/ec/common/extpower_common.c.obj
[axii:ro] [25/263] Building C object zephyr/CMakeFiles/zephyr.dir/lib/utils/bitarray.c.obj
[/mnt/host/source/src/platform/ec/build/zephyr/domika-lcov] stderr:
[axii:ro] [26/263] Building C object zephyr/CMakeFiles/zephyr.dir/lib/utils/bitmask.c.obj
[ite-aic-rtk-pdc:rw] [35/288] Building C object CMakeFiles/app.dir/mnt/host/source/src/platform/ec/build/zephyr/ite-aic-rtk-pdc/modules/ec/driver/battery/smart.c.obj
[axii:ro] [27/263] Building C object zephyr/CMakeFiles/zephyr.dir/lib/utils/getopt/getopt.c.obj
[axii:ro] [28/263] Building C object zephyr/CMakeFiles/zephyr.dir/lib/utils/getopt/getopt_common.c.obj
[axii:ro] [29/263] Building C object zephyr/CMakeFiles/zephyr.dir/lib/utils/ring_buffer.c.obj
[axii:ro] [30/263] Building C object zephyr/CMakeFiles/zephyr.dir/lib/utils/last_section_id.c.obj
[axii:ro] [31/263] Building C object zephyr/CMakeFiles/zephyr.dir/misc/generated/configs.c.obj
[ite-aic-rtk-pdc:ro] [46/288] Building C object CMakeFiles/app.dir/mnt/host/source/src/platform/ec/build/zephyr/ite-aic-rtk-pdc/modules/ec/common/extpower_gpio.c.obj
[axii:ro] [32/263] Building ASM object zephyr/CMakeFiles/zephyr.dir/soc/ite/ec/common/soc_irq.S.obj
[/mnt/host/source/src/platform/ec/build/zephyr/domika-lcov]   /mnt/host/source/src/platform/ec/build/zephyr/domika/build-ro/modules/ec/zephyr/CMakeFiles/ec_shim.dir/shim/src/thermal.c.gcno:no functions found
[/mnt/host/source/src/platform/ec/build/zephyr/domika-lcov] stderr:
[ite-aic-rtk-pdc:ro] [47/288] Building C object CMakeFiles/app.dir/mnt/host/source/src/platform/ec/build/zephyr/ite-aic-rtk-pdc/modules/ec/common/host_command.c.obj
[axii:ro] [33/263] Building C object zephyr/CMakeFiles/zephyr.dir/soc/ite/ec/common/soc_common_irq.c.obj
[axii:ro] [34/263] Building C object zephyr/CMakeFiles/zephyr.dir/soc/ite/ec/common/power.c.obj
[axii:ro] [35/263] Building C object zephyr/CMakeFiles/zephyr.dir/soc/ite/ec/common/policy.c.obj
[axii:ro] [36/263] Building C object zephyr/CMakeFiles/zephyr.dir/soc/ite/ec/it8xxx2/soc.c.obj
[ite-aic-rtk-pdc:rw] [36/288] Building C object CMakeFiles/app.dir/mnt/host/source/src/platform/ec/build/zephyr/ite-aic-rtk-pdc/modules/ec/common/charger.c.obj
[axii:ro] [37/263] Building C object zephyr/CMakeFiles/zephyr.dir/soc/ite/ec/it8xxx2/check_regs.c.obj
[ite-aic-rtk-pdc:ro] [48/288] Building C object CMakeFiles/app.dir/mnt/host/source/src/platform/ec/build/zephyr/ite-aic-rtk-pdc/modules/ec/common/flash.c.obj
[ite-aic-rtk-pdc:rw] [37/288] Building C object CMakeFiles/app.dir/mnt/host/source/src/platform/ec/build/zephyr/ite-aic-rtk-pdc/modules/ec/driver/charger/isl923x.c.obj
[ite-aic-rtk-pdc:ro] [49/288] Building C object CMakeFiles/app.dir/mnt/host/source/src/platform/ec/build/zephyr/ite-aic-rtk-pdc/modules/ec/common/uart_hostcmd.c.obj
[ite-aic-rtk-pdc:ro] [50/288] Building C object CMakeFiles/app.dir/mnt/host/source/src/platform/ec/build/zephyr/ite-aic-rtk-pdc/modules/ec/common/host_event_commands.c.obj
[/mnt/host/source/src/platform/ec/build/zephyr/domika-lcov]   /mnt/host/source/src/platform/ec/build/zephyr/domika/build-ro/modules/ec/zephyr/CMakeFiles/ec_shim.dir/shim/src/battery.c.gcno:no functions found
[/mnt/host/source/src/platform/ec/build/zephyr/domika-lcov] stderr:
[ite-aic-rtk-pdc:ro] [51/288] Building C object CMakeFiles/app.dir/mnt/host/source/src/platform/ec/build/zephyr/ite-aic-rtk-pdc/modules/ec/common/host_command_task.c.obj
[/mnt/host/source/src/platform/ec/build/zephyr/domika-lcov]   /mnt/host/source/src/platform/ec/build/zephyr/domika/build-ro/modules/ec/zephyr/CMakeFiles/ec_shim.dir/shim/src/charger.c.gcno:no functions found
[/mnt/host/source/src/platform/ec/build/zephyr/domika-lcov] stderr:
[ite-aic-rtk-pdc:ro] [52/288] Building C object CMakeFiles/app.dir/mnt/host/source/src/platform/ec/build/zephyr/ite-aic-rtk-pdc/modules/ec/common/uptime.c.obj
[axii:ro] [38/263] Building ASM object zephyr/CMakeFiles/zephyr.dir/soc/ite/ec/it8xxx2/vector.S.obj
[axii:ro] [39/263] Building C object zephyr/CMakeFiles/zephyr.dir/soc/ite/ec/it8xxx2/ilm.c.obj
[axii:ro] [40/263] Building C object zephyr/CMakeFiles/zephyr.dir/subsys/logging/log_minimal.c.obj
[ite-aic-rtk-pdc:ro] [53/288] Building C object CMakeFiles/app.dir/mnt/host/source/src/platform/ec/build/zephyr/ite-aic-rtk-pdc/modules/ec/common/i2c_controller.c.obj
[axii:ro] [41/263] Building C object zephyr/CMakeFiles/zephyr.dir/subsys/pm/pm.c.obj
[axii:ro] [42/263] Building C object zephyr/CMakeFiles/zephyr.dir/subsys/pm/state.c.obj
[axii:ro] [43/263] Building C object zephyr/CMakeFiles/zephyr.dir/subsys/pm/policy/policy_events.c.obj
[axii:ro] [44/263] Building C object zephyr/CMakeFiles/zephyr.dir/subsys/pm/policy/policy_latency.c.obj
[axii:ro] [45/263] Building C object zephyr/CMakeFiles/zephyr.dir/subsys/pm/policy/policy_state_lock.c.obj
[axii:ro] [46/263] Building C object zephyr/CMakeFiles/zephyr.dir/subsys/pm/device.c.obj
[axii:ro] [47/263] Building C object zephyr/CMakeFiles/zephyr.dir/subsys/pm/device_system_managed.c.obj
[ite-aic-rtk-pdc:rw] [38/288] Building C object CMakeFiles/app.dir/mnt/host/source/src/platform/ec/build/zephyr/ite-aic-rtk-pdc/modules/ec/common/charge_state.c.obj
[axii:ro] [48/263] Building C object zephyr/CMakeFiles/zephyr.dir/subsys/testsuite/coverage/coverage.c.obj
[axii:ro] [49/263] Building C object zephyr/CMakeFiles/zephyr.dir/subsys/tracing/tracing_none.c.obj
[axii:ro] [50/263] Building C object zephyr/CMakeFiles/zephyr.dir/subsys/shell/modules/kernel_service/kernel_shell.c.obj
[axii:ro] [51/263] Building C object zephyr/CMakeFiles/zephyr.dir/subsys/shell/modules/kernel_service/cycles.c.obj
[axii:ro] [52/263] Building C object zephyr/CMakeFiles/zephyr.dir/subsys/shell/modules/kernel_service/sleep.c.obj
[axii:ro] [53/263] Building C object zephyr/CMakeFiles/zephyr.dir/subsys/shell/modules/kernel_service/uptime.c.obj
[ite-aic-rtk-pdc:ro] [54/288] Building C object CMakeFiles/app.dir/mnt/host/source/src/platform/ec/build/zephyr/ite-aic-rtk-pdc/modules/ec/common/i2c_passthru.c.obj
[axii:ro] [54/263] Building C object zephyr/CMakeFiles/zephyr.dir/subsys/shell/modules/kernel_service/version.c.obj
[axii:ro] [55/263] Building C object zephyr/CMakeFiles/zephyr.dir/subsys/shell/modules/kernel_service/thread/thread.c.obj
[ite-aic-rtk-pdc:rw] [39/288] Building C object CMakeFiles/app.dir/mnt/host/source/src/platform/ec/build/zephyr/ite-aic-rtk-pdc/modules/ec/common/charge_manager.c.obj
[axii:ro] [56/263] Building C object zephyr/CMakeFiles/zephyr.dir/subsys/shell/modules/kernel_service/thread/list.c.obj
[ite-aic-rtk-pdc:rw] [40/288] Building C object CMakeFiles/app.dir/mnt/host/source/src/platform/ec/build/zephyr/ite-aic-rtk-pdc/modules/ec/common/cbi_common.c.obj
[axii:ro] [57/263] Building C object zephyr/CMakeFiles/zephyr.dir/subsys/shell/modules/kernel_service/thread/stacks.c.obj
[axii:ro] [58/263] Building C object zephyr/CMakeFiles/zephyr.dir/subsys/shell/modules/kernel_service/thread/unwind.c.obj
[axii:ro] [59/263] Building C object zephyr/CMakeFiles/zephyr.dir/subsys/shell/modules/kernel_service/thread/suspend.c.obj
[axii:ro] [60/263] Building C object zephyr/CMakeFiles/zephyr.dir/subsys/shell/modules/kernel_service/thread/resume.c.obj
[axii:ro] [61/263] Building C object zephyr/CMakeFiles/zephyr.dir/subsys/shell/modules/kernel_service/thread/kill.c.obj
[axii:ro] [62/263] Building C object zephyr/CMakeFiles/zephyr.dir/subsys/shell/backends/shell_uart.c.obj
[ite-aic-rtk-pdc:ro] [55/288] Building C object CMakeFiles/app.dir/mnt/host/source/src/platform/ec/build/zephyr/ite-aic-rtk-pdc/modules/ec/common/panic_output.c.obj
[axii:ro] [63/263] Building C object zephyr/CMakeFiles/zephyr.dir/subsys/shell/shell.c.obj
[axii:ro] [64/263] Building C object zephyr/CMakeFiles/zephyr.dir/subsys/shell/shell_fprintf.c.obj
[ite-aic-rtk-pdc:ro] [56/288] Building C object CMakeFiles/app.dir/mnt/host/source/src/platform/ec/build/zephyr/ite-aic-rtk-pdc/modules/ec/common/timer.c.obj
[axii:ro] [65/263] Building C object zephyr/CMakeFiles/zephyr.dir/subsys/shell/shell_utils.c.obj
[ite-aic-rtk-pdc:ro] [57/288] Building C object CMakeFiles/app.dir/mnt/host/source/src/platform/ec/build/zephyr/ite-aic-rtk-pdc/modules/ec/common/usbc_utils.c.obj
[axii:ro] [66/263] Building C object zephyr/CMakeFiles/zephyr.dir/subsys/shell/shell_ops.c.obj
[ite-aic-rtk-pdc:rw] [41/288] Building C object CMakeFiles/app.dir/mnt/host/source/src/platform/ec/build/zephyr/ite-aic-rtk-pdc/modules/ec/common/cbi.c.obj
[axii:ro] [67/263] Building C object zephyr/CMakeFiles/zephyr.dir/subsys/shell/shell_help.c.obj
[axii:ro] [68/263] Building C object zephyr/CMakeFiles/zephyr.dir/subsys/shell/shell_history.c.obj
[axii:ro] [69/263] Building C object zephyr/CMakeFiles/zephyr.dir/drivers/flash/flash_util.c.obj
[ite-aic-rtk-pdc:ro] [58/288] Building C object CMakeFiles/app.dir/mnt/host/source/src/platform/ec/build/zephyr/ite-aic-rtk-pdc/modules/ec/common/shared_mem.c.obj
[/mnt/host/source/src/platform/ec/build/zephyr/domika-lcov]   /mnt/host/source/src/platform/ec/build/zephyr/domika/build-ro/modules/ec/zephyr/CMakeFiles/ec_shim.dir/shim/src/usb_muxes.c.gcno:no functions found
[/mnt/host/source/src/platform/ec/build/zephyr/domika-lcov] stderr:
[ite-aic-rtk-pdc:ro] [59/288] Building C object CMakeFiles/app.dir/mnt/host/source/src/platform/ec/build/zephyr/ite-aic-rtk-pdc/modules/ec/common/chargen.c.obj
[axii:ro] [70/263] Linking C static library zephyr/libzephyr.a
[ite-aic-rtk-pdc:rw] [42/288] Building C object CMakeFiles/app.dir/mnt/host/source/src/platform/ec/build/zephyr/ite-aic-rtk-pdc/modules/ec/common/cbi_config.c.obj
[axii:ro] [71/263] Building C object zephyr/arch/common/CMakeFiles/arch__common.dir/sw_isr_common.c.obj
[axii:ro] [72/263] Building C object zephyr/arch/common/CMakeFiles/arch__common.dir/dynamic_isr.c.obj
[axii:ro] [73/263] Building C object zephyr/arch/common/CMakeFiles/arch__common.dir/init.c.obj
[axii:ro] [74/263] Building C object zephyr/arch/common/CMakeFiles/arch__common.dir/xip.c.obj
[axii:ro] [75/263] Building C object zephyr/arch/common/CMakeFiles/isr_tables.dir/isr_tables.c.obj
[/mnt/host/source/src/platform/ec/build/zephyr/teliks-lcov]   /mnt/host/source/src/platform/ec/build/zephyr/teliks/build-rw/zephyr/CMakeFiles/zephyr.dir/soc/ite/ec/it8xxx2/check_regs.c.gcno:no functions found
[/mnt/host/source/src/platform/ec/build/zephyr/teliks-lcov] stderr:
[axii:ro] [76/263] Linking C static library zephyr/arch/common/libisr_tables.a
[ite-aic-rtk-pdc:ro] [60/288] Building C object CMakeFiles/app.dir/mnt/host/source/src/platform/ec/build/zephyr/ite-aic-rtk-pdc/modules/ec/common/usb_common.c.obj
[axii:ro] [77/263] Linking C static library zephyr/arch/common/libarch__common.a
[axii:ro] [78/263] Building C object zephyr/arch/arch/riscv/core/CMakeFiles/arch__riscv__core.dir/cpu_idle.c.obj
[axii:ro] [79/263] Building C object zephyr/arch/arch/riscv/core/CMakeFiles/arch__riscv__core.dir/fatal.c.obj
[axii:ro] [80/263] Building C object zephyr/arch/arch/riscv/core/CMakeFiles/arch__riscv__core.dir/irq_manage.c.obj
[axii:ro] [81/263] Building C object zephyr/arch/arch/riscv/core/CMakeFiles/arch__riscv__core.dir/prep_c.c.obj
[axii:ro] [82/263] Building C object zephyr/arch/arch/riscv/core/CMakeFiles/arch__riscv__core.dir/reboot.c.obj
[ite-aic-rtk-pdc:rw] [43/288] Building C object CMakeFiles/app.dir/mnt/host/source/src/platform/ec/build/zephyr/ite-aic-rtk-pdc/modules/ec/common/memory_commands.c.obj
[ite-aic-rtk-pdc:rw] [44/288] Building C object CMakeFiles/app.dir/mnt/host/source/src/platform/ec/build/zephyr/ite-aic-rtk-pdc/modules/ec/common/ap_reset_log.c.obj
[ite-aic-rtk-pdc:ro] [61/288] Building C object zephyr/CMakeFiles/zephyr.dir/lib/libc/validate_libc.c.obj
[ite-aic-rtk-pdc:ro] [62/288] Building C object CMakeFiles/app.dir/mnt/host/source/src/platform/ec/build/zephyr/ite-aic-rtk-pdc/modules/ec/common/vboot_hash.c.obj
[ite-aic-rtk-pdc:ro] [63/288] Building C object CMakeFiles/app.dir/mnt/host/source/src/platform/ec/build/zephyr/ite-aic-rtk-pdc/modules/ec/common/usb_pd_host_cmd_common.c.obj
[ite-aic-rtk-pdc:rw] [45/288] Building C object CMakeFiles/app.dir/mnt/host/source/src/platform/ec/build/zephyr/ite-aic-rtk-pdc/modules/ec/common/extpower_common.c.obj
[ite-aic-rtk-pdc:ro] [64/288] Building C object CMakeFiles/app.dir/mnt/host/source/src/platform/ec/build/zephyr/ite-aic-rtk-pdc/modules/ec/common/vstore.c.obj
[/mnt/host/source/src/platform/ec/build/zephyr/pujjogatwin-lcov]   /mnt/host/source/src/platform/ec/build/zephyr/pujjogatwin/build-rw/zephyr/CMakeFiles/zephyr.dir/subsys/shell/modules/kernel_service/kernel_shell.c.gcno:no functions found
[/mnt/host/source/src/platform/ec/build/zephyr/pujjogatwin-lcov] stderr:
[ite-aic-rtk-pdc:ro] [65/288] Building C object CMakeFiles/app.dir/mnt/host/source/src/platform/ec/build/zephyr/ite-aic-rtk-pdc/modules/ec/common/math_util.c.obj
[ite-aic-rtk-pdc:rw] [46/288] Building C object CMakeFiles/app.dir/mnt/host/source/src/platform/ec/build/zephyr/ite-aic-rtk-pdc/modules/ec/common/extpower_gpio.c.obj
[ite-aic-rtk-pdc:ro] [66/288] Building C object zephyr/CMakeFiles/zephyr.dir/lib/heap/heap.c.obj
[ite-aic-rtk-pdc:ro] [67/288] Linking C static library app/libapp.a
[ite-aic-rtk-pdc:ro] [68/288] Building C object zephyr/CMakeFiles/zephyr.dir/lib/os/cbprintf_packaged.c.obj
[/mnt/host/source/src/platform/ec/build/zephyr/pujjogatwin-lcov]   /mnt/host/source/src/platform/ec/build/zephyr/pujjogatwin/build-rw/zephyr/CMakeFiles/zephyr.dir/lib/libc/validate_libc.c.gcno:no functions found
[/mnt/host/source/src/platform/ec/build/zephyr/pujjogatwin-lcov] stderr:
[axii:ro] [83/263] Building ASM object zephyr/arch/arch/riscv/core/CMakeFiles/arch__riscv__core.dir/reset.S.obj
[ite-aic-rtk-pdc:ro] [69/288] Building C object zephyr/CMakeFiles/zephyr.dir/lib/os/printk.c.obj
[ite-aic-rtk-pdc:ro] [70/288] Building C object zephyr/CMakeFiles/zephyr.dir/lib/os/thread_entry.c.obj
[ite-aic-rtk-pdc:ro] [71/288] Building C object zephyr/CMakeFiles/zephyr.dir/lib/os/clock.c.obj
[ite-aic-rtk-pdc:ro] [72/288] Building C object zephyr/CMakeFiles/zephyr.dir/lib/os/sem.c.obj
[ite-aic-rtk-pdc:rw] [47/288] Building C object CMakeFiles/app.dir/mnt/host/source/src/platform/ec/build/zephyr/ite-aic-rtk-pdc/modules/ec/common/host_command.c.obj
[ite-aic-rtk-pdc:ro] [73/288] Building C object zephyr/CMakeFiles/zephyr.dir/lib/utils/base64.c.obj
[ite-aic-rtk-pdc:rw] [48/288] Building C object CMakeFiles/app.dir/mnt/host/source/src/platform/ec/build/zephyr/ite-aic-rtk-pdc/modules/ec/common/host_command_task.c.obj
[ite-aic-rtk-pdc:rw] [49/288] Building C object CMakeFiles/app.dir/mnt/host/source/src/platform/ec/build/zephyr/ite-aic-rtk-pdc/modules/ec/common/flash.c.obj
[ite-aic-rtk-pdc:ro] [74/288] Building C object zephyr/CMakeFiles/zephyr.dir/lib/os/cbprintf_nano.c.obj
[ite-aic-rtk-pdc:ro] [75/288] Building C object zephyr/CMakeFiles/zephyr.dir/lib/utils/dec.c.obj
[ite-aic-rtk-pdc:ro] [76/288] Building C object zephyr/CMakeFiles/zephyr.dir/lib/os/cbprintf.c.obj
[ite-aic-rtk-pdc:ro] [77/288] Building C object zephyr/CMakeFiles/zephyr.dir/lib/os/assert.c.obj
[axii:ro] [84/263] Building ASM object zephyr/arch/arch/riscv/core/CMakeFiles/arch__riscv__core.dir/switch.S.obj
[axii:ro] [85/263] Building C object zephyr/arch/arch/riscv/core/CMakeFiles/arch__riscv__core.dir/thread.c.obj
[ite-aic-rtk-pdc:rw] [50/288] Building C object CMakeFiles/app.dir/mnt/host/source/src/platform/ec/build/zephyr/ite-aic-rtk-pdc/modules/ec/common/host_event_commands.c.obj
[ite-aic-rtk-pdc:ro] [78/288] Building C object zephyr/CMakeFiles/zephyr.dir/lib/utils/hex.c.obj
[ite-aic-rtk-pdc:ro] [79/288] Building C object zephyr/CMakeFiles/zephyr.dir/lib/utils/timeutil.c.obj
[ite-aic-rtk-pdc:ro] [80/288] Building C object zephyr/CMakeFiles/zephyr.dir/lib/utils/last_section_id.c.obj
[ite-aic-rtk-pdc:ro] [81/288] Building C object zephyr/CMakeFiles/zephyr.dir/lib/utils/bitmask.c.obj
[ite-aic-rtk-pdc:ro] [82/288] Building C object zephyr/CMakeFiles/zephyr.dir/lib/utils/rb.c.obj
[ite-aic-rtk-pdc:rw] [51/288] Building C object CMakeFiles/app.dir/mnt/host/source/src/platform/ec/build/zephyr/ite-aic-rtk-pdc/modules/ec/common/uart_hostcmd.c.obj
[ite-aic-rtk-pdc:ro] [83/288] Building C object zephyr/CMakeFiles/zephyr.dir/lib/utils/ring_buffer.c.obj
[ite-aic-rtk-pdc:ro] [84/288] Building C object zephyr/CMakeFiles/zephyr.dir/lib/utils/bitarray.c.obj
[ite-aic-rtk-pdc:ro] [85/288] Building C object zephyr/CMakeFiles/zephyr.dir/lib/utils/getopt/getopt.c.obj
[axii:ro] [86/263] Building ASM object zephyr/arch/arch/riscv/core/CMakeFiles/arch__riscv__core.dir/isr.S.obj
[ite-aic-rtk-pdc:ro] [86/288] Building ASM object zephyr/CMakeFiles/zephyr.dir/soc/ite/ec/common/soc_irq.S.obj
[ite-aic-rtk-pdc:ro] [87/288] Building C object zephyr/CMakeFiles/zephyr.dir/misc/generated/configs.c.obj
[axii:ro] [87/263] Building C object zephyr/arch/arch/riscv/core/CMakeFiles/arch__riscv__core.dir/stacktrace.c.obj
[ite-aic-rtk-pdc:rw] [52/288] Building C object CMakeFiles/app.dir/mnt/host/source/src/platform/ec/build/zephyr/ite-aic-rtk-pdc/modules/ec/common/uptime.c.obj
[ite-aic-rtk-pdc:ro] [88/288] Building C object zephyr/CMakeFiles/zephyr.dir/lib/utils/getopt/getopt_common.c.obj
[axii:ro] [88/263] Linking C static library zephyr/arch/arch/riscv/core/libarch__riscv__core.a
[ite-aic-rtk-pdc:rw] [53/288] Building C object CMakeFiles/app.dir/mnt/host/source/src/platform/ec/build/zephyr/ite-aic-rtk-pdc/modules/ec/common/i2c_controller.c.obj
[axii:ro] [89/263] Generating ../../../include/generated/libc/minimal/strerror_table.h
[ite-aic-rtk-pdc:rw] [54/288] Building C object CMakeFiles/app.dir/mnt/host/source/src/platform/ec/build/zephyr/ite-aic-rtk-pdc/modules/ec/common/i2c_passthru.c.obj
[axii:ro] [90/263] Building C object zephyr/lib/libc/minimal/CMakeFiles/lib__libc__minimal.dir/source/stdlib/atoi.c.obj
[/mnt/host/source/src/platform/ec/build/zephyr/pujjogatwin-lcov]   /mnt/host/source/src/platform/ec/build/zephyr/pujjogatwin/build-rw/zephyr/CMakeFiles/zephyr.dir/lib/utils/last_section_id.c.gcno:no functions found
[/mnt/host/source/src/platform/ec/build/zephyr/pujjogatwin-lcov] stderr:
[axii:ro] [91/263] Building C object zephyr/lib/libc/minimal/CMakeFiles/lib__libc__minimal.dir/source/stdlib/strtol.c.obj
[axii:ro] [92/263] Building C object zephyr/lib/libc/minimal/CMakeFiles/lib__libc__minimal.dir/source/stdlib/strtoul.c.obj
[axii:ro] [93/263] Building C object zephyr/lib/libc/minimal/CMakeFiles/lib__libc__minimal.dir/source/stdlib/strtoll.c.obj
[ite-aic-rtk-pdc:ro] [89/288] Building C object zephyr/CMakeFiles/zephyr.dir/soc/ite/ec/common/soc_common_irq.c.obj
[axii:ro] [94/263] Building C object zephyr/lib/libc/minimal/CMakeFiles/lib__libc__minimal.dir/source/stdlib/strtoull.c.obj
[axii:ro] [95/263] Building C object zephyr/lib/libc/minimal/CMakeFiles/lib__libc__minimal.dir/source/stdlib/bsearch.c.obj
[axii:ro] [96/263] Building C object zephyr/lib/libc/minimal/CMakeFiles/lib__libc__minimal.dir/source/stdlib/exit.c.obj
[axii:ro] [97/263] Building C object zephyr/lib/libc/minimal/CMakeFiles/lib__libc__minimal.dir/source/stdlib/qsort.c.obj
[axii:ro] [98/263] Building C object zephyr/lib/libc/minimal/CMakeFiles/lib__libc__minimal.dir/source/string/strerror.c.obj
[axii:ro] [99/263] Building C object zephyr/lib/libc/minimal/CMakeFiles/lib__libc__minimal.dir/source/string/strncasecmp.c.obj
[axii:ro] [100/263] Building C object zephyr/lib/libc/minimal/CMakeFiles/lib__libc__minimal.dir/source/string/strstr.c.obj
[ite-aic-rtk-pdc:ro] [90/288] Building ASM object zephyr/CMakeFiles/zephyr.dir/soc/ite/ec/it8xxx2/vector.S.obj
[axii:ro] [101/263] Building C object zephyr/lib/libc/minimal/CMakeFiles/lib__libc__minimal.dir/source/string/string.c.obj
[axii:ro] [102/263] Building C object zephyr/lib/libc/minimal/CMakeFiles/lib__libc__minimal.dir/source/string/strspn.c.obj
[axii:ro] [103/263] Building C object zephyr/lib/libc/minimal/CMakeFiles/lib__libc__minimal.dir/source/stdout/stdout_console.c.obj
[axii:ro] [104/263] Building C object zephyr/lib/libc/minimal/CMakeFiles/lib__libc__minimal.dir/source/stdout/sprintf.c.obj
[axii:ro] [105/263] Building C object zephyr/lib/libc/minimal/CMakeFiles/lib__libc__minimal.dir/source/stdout/fprintf.c.obj
[axii:ro] [106/263] Building C object zephyr/lib/libc/minimal/CMakeFiles/lib__libc__minimal.dir/source/math/sqrtf.c.obj
[axii:ro] [107/263] Building C object zephyr/lib/libc/minimal/CMakeFiles/lib__libc__minimal.dir/source/math/sqrt.c.obj
[ite-aic-rtk-pdc:ro] [91/288] Building C object zephyr/CMakeFiles/zephyr.dir/soc/ite/ec/it8xxx2/check_regs.c.obj
[ite-aic-rtk-pdc:ro] [92/288] Building C object zephyr/CMakeFiles/zephyr.dir/soc/ite/ec/common/policy.c.obj
[axii:ro] [108/263] Building C object zephyr/lib/libc/minimal/CMakeFiles/lib__libc__minimal.dir/source/time/gmtime.c.obj
[ite-aic-rtk-pdc:ro] [93/288] Building C object zephyr/CMakeFiles/zephyr.dir/soc/ite/ec/common/power.c.obj
[ite-aic-rtk-pdc:ro] [94/288] Building C object zephyr/CMakeFiles/zephyr.dir/soc/ite/ec/it8xxx2/soc.c.obj
[ite-aic-rtk-pdc:ro] [95/288] Building C object zephyr/CMakeFiles/zephyr.dir/soc/ite/ec/it8xxx2/ilm.c.obj
[axii:ro] [109/263] Linking C static library zephyr/lib/libc/minimal/liblib__libc__minimal.a
[axii:ro] [110/263] Building C object zephyr/lib/libc/common/CMakeFiles/lib__libc__common.dir/source/stdlib/abort.c.obj
[ite-aic-rtk-pdc:rw] [55/288] Building C object CMakeFiles/app.dir/mnt/host/source/src/platform/ec/build/zephyr/ite-aic-rtk-pdc/modules/ec/common/panic_output.c.obj
[axii:ro] [111/263] Building C object zephyr/lib/libc/common/CMakeFiles/lib__libc__common.dir/source/time/asctime.c.obj
[axii:ro] [112/263] Building C object zephyr/lib/libc/common/CMakeFiles/lib__libc__common.dir/source/time/gmtime_r.c.obj
[axii:ro] [113/263] Building C object zephyr/lib/libc/common/CMakeFiles/lib__libc__common.dir/source/time/localtime_r_utc.c.obj
[axii:ro] [114/263] Building C object zephyr/lib/libc/common/CMakeFiles/lib__libc__common.dir/source/time/ctime.c.obj
[axii:ro] [115/263] Building C object zephyr/lib/libc/common/CMakeFiles/lib__libc__common.dir/source/time/time.c.obj
[axii:ro] [116/263] Building C object zephyr/lib/libc/common/CMakeFiles/lib__libc__common.dir/source/stdlib/malloc.c.obj
[axii:ro] [117/263] Building C object zephyr/lib/libc/common/CMakeFiles/lib__libc__common.dir/source/string/strnlen.c.obj
[ite-aic-rtk-pdc:rw] [56/288] Building C object CMakeFiles/app.dir/mnt/host/source/src/platform/ec/build/zephyr/ite-aic-rtk-pdc/modules/ec/common/shared_mem.c.obj
[axii:ro] [118/263] Linking C static library zephyr/lib/libc/common/liblib__libc__common.a
[axii:ro] [119/263] Building C object zephyr/lib/posix/c_lib_ext/CMakeFiles/lib__posix__c_lib_ext.dir/fnmatch.c.obj
[axii:ro] [120/263] Building C object zephyr/lib/posix/c_lib_ext/CMakeFiles/lib__posix__c_lib_ext.dir/getentropy.c.obj
[axii:ro] [121/263] Building C object zephyr/lib/posix/c_lib_ext/CMakeFiles/lib__posix__c_lib_ext.dir/getopt_shim.c.obj
[axii:ro] [122/263] Linking C static library zephyr/lib/posix/c_lib_ext/liblib__posix__c_lib_ext.a
[axii:ro] [123/263] Building C object zephyr/lib/net_buf/CMakeFiles/lib__net_buf.dir/buf.c.obj
[ite-aic-rtk-pdc:rw] [57/288] Building C object CMakeFiles/app.dir/mnt/host/source/src/platform/ec/build/zephyr/ite-aic-rtk-pdc/modules/ec/common/usbc_utils.c.obj
[axii:ro] [124/263] Building C object zephyr/lib/net_buf/CMakeFiles/lib__net_buf.dir/buf_simple.c.obj
[ite-aic-rtk-pdc:ro] [96/288] Building C object zephyr/CMakeFiles/zephyr.dir/subsys/logging/log_minimal.c.obj
[ite-aic-rtk-pdc:ro] [97/288] Building C object zephyr/CMakeFiles/zephyr.dir/subsys/pm/state.c.obj
[axii:ro] [125/263] Linking C static library zephyr/lib/net_buf/liblib__net_buf.a
[axii:ro] [126/263] Building C object zephyr/subsys/usb/device_next/CMakeFiles/subsys__usb__device_next.dir/usbd_device.c.obj
[ite-aic-rtk-pdc:rw] [58/288] Building C object CMakeFiles/app.dir/mnt/host/source/src/platform/ec/build/zephyr/ite-aic-rtk-pdc/modules/ec/common/timer.c.obj
[axii:ro] [127/263] Building C object zephyr/subsys/usb/device_next/CMakeFiles/subsys__usb__device_next.dir/usbd_desc.c.obj
[axii:ro] [128/263] Building C object zephyr/subsys/usb/device_next/CMakeFiles/subsys__usb__device_next.dir/usbd_ch9.c.obj
[axii:ro] [129/263] Building C object zephyr/subsys/usb/device_next/CMakeFiles/subsys__usb__device_next.dir/usbd_core.c.obj
[axii:ro] [130/263] Building C object zephyr/subsys/usb/device_next/CMakeFiles/subsys__usb__device_next.dir/usbd_init.c.obj
[axii:ro] [131/263] Building C object zephyr/subsys/usb/device_next/CMakeFiles/subsys__usb__device_next.dir/usbd_config.c.obj
[ite-aic-rtk-pdc:ro] [98/288] Building C object zephyr/CMakeFiles/zephyr.dir/subsys/pm/pm.c.obj
[axii:ro] [132/263] Building C object zephyr/subsys/usb/device_next/CMakeFiles/subsys__usb__device_next.dir/usbd_class.c.obj
[axii:ro] [133/263] Building C object zephyr/subsys/usb/device_next/CMakeFiles/subsys__usb__device_next.dir/usbd_interface.c.obj
[ite-aic-rtk-pdc:ro] [99/288] Building C object zephyr/CMakeFiles/zephyr.dir/subsys/pm/policy/policy_latency.c.obj
[axii:ro] [134/263] Building C object zephyr/subsys/usb/device_next/CMakeFiles/subsys__usb__device_next.dir/usbd_endpoint.c.obj
[ite-aic-rtk-pdc:ro] [100/288] Building C object zephyr/CMakeFiles/zephyr.dir/subsys/pm/policy/policy_events.c.obj
[axii:ro] [135/263] Building C object zephyr/subsys/usb/device_next/CMakeFiles/subsys__usb__device_next.dir/usbd_msg.c.obj
[ite-aic-rtk-pdc:ro] [101/288] Building C object zephyr/CMakeFiles/zephyr.dir/subsys/pm/policy/policy_state_lock.c.obj
[axii:ro] [136/263] Linking C static library zephyr/subsys/usb/device_next/libsubsys__usb__device_next.a
[ite-aic-rtk-pdc:ro] [102/288] Building C object zephyr/CMakeFiles/zephyr.dir/subsys/pm/device.c.obj
[axii:ro] [137/263] Building C object zephyr/subsys/crc/CMakeFiles/subsys__crc.dir/crc4_sw.c.obj
[axii:ro] [138/263] Building C object zephyr/subsys/crc/CMakeFiles/subsys__crc.dir/crc8_sw.c.obj
[axii:ro] [139/263] Building C object zephyr/subsys/crc/CMakeFiles/subsys__crc.dir/crc16_sw.c.obj
[axii:ro] [140/263] Building C object zephyr/subsys/crc/CMakeFiles/subsys__crc.dir/crc7_sw.c.obj
[axii:ro] [141/263] Building C object zephyr/subsys/crc/CMakeFiles/subsys__crc.dir/crc24_sw.c.obj
[axii:ro] [142/263] Building C object zephyr/subsys/crc/CMakeFiles/subsys__crc.dir/crc32c_sw.c.obj
[axii:ro] [143/263] Building C object zephyr/subsys/crc/CMakeFiles/subsys__crc.dir/crc32_sw.c.obj
[axii:ro] [144/263] Building C object zephyr/subsys/crc/CMakeFiles/subsys__crc.dir/crc32k_4_2_sw.c.obj
[axii:ro] [145/263] Linking C static library zephyr/subsys/crc/libsubsys__crc.a
[axii:ro] [146/263] Building C object zephyr/drivers/interrupt_controller/CMakeFiles/drivers__interrupt_controller.dir/intc_ite_it8xxx2_v2.c.obj
[/mnt/host/source/src/platform/ec/build/zephyr/domika-lcov]   /mnt/host/source/src/platform/ec/build/zephyr/domika/build-ro/modules/ec/zephyr/CMakeFiles/ec_shim.dir/shim/src/usba.c.gcno:no functions found
[/mnt/host/source/src/platform/ec/build/zephyr/domika-lcov] stderr:
[axii:ro] [147/263] Building C object zephyr/drivers/interrupt_controller/CMakeFiles/drivers__interrupt_controller.dir/wuc_ite_it8xxx2.c.obj
[ite-aic-rtk-pdc:rw] [59/288] Building C object CMakeFiles/app.dir/mnt/host/source/src/platform/ec/build/zephyr/ite-aic-rtk-pdc/modules/ec/common/chargen.c.obj
[axii:ro] [148/263] Linking C static library zephyr/drivers/interrupt_controller/libdrivers__interrupt_controller.a
[ite-aic-rtk-pdc:ro] [103/288] Building C object zephyr/CMakeFiles/zephyr.dir/subsys/testsuite/coverage/coverage.c.obj
[axii:ro] [149/263] Building C object zephyr/drivers/usb/udc/CMakeFiles/drivers__usb__udc.dir/udc_common.c.obj
[axii:ro] [150/263] Building C object zephyr/drivers/usb/udc/CMakeFiles/drivers__usb__udc.dir/udc_it82xx2.c.obj
[axii:ro] [151/263] Linking C static library zephyr/drivers/usb/udc/libdrivers__usb__udc.a
[ite-aic-rtk-pdc:ro] [104/288] Building C object zephyr/CMakeFiles/zephyr.dir/subsys/pm/device_system_managed.c.obj
[axii:ro] [152/263] Building C object zephyr/drivers/adc/CMakeFiles/drivers__adc.dir/adc_common.c.obj
[ite-aic-rtk-pdc:ro] [105/288] Building C object zephyr/CMakeFiles/zephyr.dir/subsys/tracing/tracing_none.c.obj
[axii:ro] [153/263] Building C object zephyr/drivers/adc/CMakeFiles/drivers__adc.dir/adc_ite_it8xxx2.c.obj
[ite-aic-rtk-pdc:rw] [60/288] Building C object CMakeFiles/app.dir/mnt/host/source/src/platform/ec/build/zephyr/ite-aic-rtk-pdc/modules/ec/common/usb_common.c.obj
[ite-aic-rtk-pdc:rw] [61/288] Building C object CMakeFiles/app.dir/mnt/host/source/src/platform/ec/build/zephyr/ite-aic-rtk-pdc/modules/ec/common/usb_pd_host_cmd_common.c.obj
[ite-aic-rtk-pdc:ro] [106/288] Building C object zephyr/CMakeFiles/zephyr.dir/subsys/shell/modules/kernel_service/cycles.c.obj
[axii:ro] [154/263] Linking C static library zephyr/drivers/adc/libdrivers__adc.a
[ite-aic-rtk-pdc:ro] [107/288] Building C object zephyr/CMakeFiles/zephyr.dir/subsys/shell/modules/kernel_service/kernel_shell.c.obj
[axii:ro] [155/263] Building C object zephyr/drivers/bbram/CMakeFiles/drivers__bbram.dir/bbram_it8xxx2.c.obj
[ite-aic-rtk-pdc:ro] [108/288] Building C object zephyr/CMakeFiles/zephyr.dir/subsys/shell/modules/kernel_service/sleep.c.obj
[axii:ro] [156/263] Linking C static library zephyr/drivers/bbram/libdrivers__bbram.a
[axii:ro] [157/263] Building C object zephyr/drivers/console/CMakeFiles/drivers__console.dir/uart_console.c.obj
[axii:ro] [158/263] Linking C static library zephyr/drivers/console/libdrivers__console.a
[axii:ro] [159/263] Building C object zephyr/drivers/flash/CMakeFiles/drivers__flash.dir/flash_ite_it8xxx2.c.obj
[ite-aic-rtk-pdc:ro] [109/288] Building C object zephyr/CMakeFiles/zephyr.dir/subsys/shell/modules/kernel_service/uptime.c.obj
[axii:ro] [160/263] Linking C static library zephyr/drivers/flash/libdrivers__flash.a
[ite-aic-rtk-pdc:ro] [110/288] Building C object zephyr/CMakeFiles/zephyr.dir/subsys/shell/modules/kernel_service/version.c.obj
[ite-aic-rtk-pdc:rw] [62/288] Building C object CMakeFiles/app.dir/mnt/host/source/src/platform/ec/build/zephyr/ite-aic-rtk-pdc/modules/ec/common/vboot_hash.c.obj
[axii:ro] [161/263] Building C object zephyr/drivers/gpio/CMakeFiles/drivers__gpio.dir/gpio_ite_it8xxx2_v2.c.obj
[axii:ro] [162/263] Linking C static library zephyr/drivers/gpio/libdrivers__gpio.a
[axii:ro] [163/263] Building C object zephyr/drivers/hwinfo/CMakeFiles/drivers__hwinfo.dir/hwinfo_weak_impl.c.obj
[ite-aic-rtk-pdc:rw] [63/288] Building C object zephyr/CMakeFiles/zephyr.dir/lib/libc/validate_libc.c.obj
[axii:ro] [164/263] Linking C static library zephyr/drivers/hwinfo/libdrivers__hwinfo.a
[axii:ro] [165/263] Building C object zephyr/drivers/pinctrl/CMakeFiles/drivers__pinctrl.dir/common.c.obj
[axii:ro] [166/263] Building C object zephyr/drivers/pinctrl/CMakeFiles/drivers__pinctrl.dir/pinctrl_ite_it8xxx2.c.obj
[ite-aic-rtk-pdc:ro] [111/288] Building C object zephyr/CMakeFiles/zephyr.dir/subsys/shell/modules/kernel_service/thread/list.c.obj
[ite-aic-rtk-pdc:ro] [112/288] Building C object zephyr/CMakeFiles/zephyr.dir/subsys/shell/modules/kernel_service/thread/thread.c.obj
[ite-aic-rtk-pdc:rw] [64/288] Building C object CMakeFiles/app.dir/mnt/host/source/src/platform/ec/build/zephyr/ite-aic-rtk-pdc/modules/ec/common/vstore.c.obj
[axii:ro] [167/263] Linking C static library zephyr/drivers/pinctrl/libdrivers__pinctrl.a
[axii:ro] [168/263] Building C object zephyr/drivers/serial/CMakeFiles/drivers__serial.dir/uart_ite_it8xxx2.c.obj
[ite-aic-rtk-pdc:ro] [113/288] Building C object zephyr/CMakeFiles/zephyr.dir/subsys/shell/modules/kernel_service/thread/stacks.c.obj
[ite-aic-rtk-pdc:rw] [65/288] Building C object CMakeFiles/app.dir/mnt/host/source/src/platform/ec/build/zephyr/ite-aic-rtk-pdc/modules/ec/common/math_util.c.obj
[axii:ro] [169/263] Building C object zephyr/drivers/serial/CMakeFiles/drivers__serial.dir/uart_ns16550.c.obj
[axii:ro] [170/263] Linking C static library zephyr/drivers/serial/libdrivers__serial.a
[ite-aic-rtk-pdc:ro] [114/288] Building C object zephyr/CMakeFiles/zephyr.dir/subsys/shell/modules/kernel_service/thread/suspend.c.obj
[axii:ro] [171/263] Building C object zephyr/drivers/timer/CMakeFiles/drivers__timer.dir/sys_clock_init.c.obj
[axii:ro] [172/263] Building C object zephyr/drivers/timer/CMakeFiles/drivers__timer.dir/ite_it8xxx2_timer.c.obj
[ite-aic-rtk-pdc:ro] [115/288] Building C object zephyr/CMakeFiles/zephyr.dir/subsys/shell/modules/kernel_service/thread/unwind.c.obj
[ite-aic-rtk-pdc:rw] [66/288] Linking C static library app/libapp.a
[axii:ro] [173/263] Linking C static library zephyr/drivers/timer/libdrivers__timer.a
[axii:ro] [174/263] Building C object zephyr/drivers/watchdog/CMakeFiles/drivers__watchdog.dir/wdt_ite_it8xxx2.c.obj
[axii:ro] [175/263] Building C object zephyr/drivers/watchdog/CMakeFiles/drivers__watchdog.dir/wdt_shell.c.obj
[axii:ro] [176/263] Linking C static library zephyr/drivers/watchdog/libdrivers__watchdog.a
[axii:ro] [177/263] Building C object modules/ec/zephyr/CMakeFiles/ec_shim.dir/app/ec/ec_app_main.c.obj
[axii:ro] [178/263] Building C object modules/ec/zephyr/CMakeFiles/ec_shim.dir/app/ec/main_shim.c.obj
[axii:ro] [179/263] Building C object modules/ec/zephyr/CMakeFiles/ec_shim.dir/drivers/cros_flash/cros_flash_it8xxx2.c.obj
[axii:ro] [180/263] Building C object modules/ec/zephyr/CMakeFiles/ec_shim.dir/drivers/cros_system/cros_system_it8xxx2.c.obj
[axii:ro] [181/263] Building C object modules/ec/zephyr/CMakeFiles/ec_shim.dir/drivers/one_wire_uart/one_wire_uart.c.obj
[axii:ro] [182/263] Building C object modules/ec/zephyr/CMakeFiles/ec_shim.dir/shim/chip/it8xxx2/clock.c.obj
[axii:ro] [183/263] Building C object modules/ec/zephyr/CMakeFiles/ec_shim.dir/shim/chip/it8xxx2/gpio.c.obj
[ite-aic-rtk-pdc:ro] [116/288] Building C object zephyr/CMakeFiles/zephyr.dir/subsys/shell/modules/kernel_service/thread/kill.c.obj
[axii:ro] [184/263] Building C object modules/ec/zephyr/CMakeFiles/ec_shim.dir/shim/chip/it8xxx2/system.c.obj
[ite-aic-rtk-pdc:ro] [117/288] Building C object zephyr/CMakeFiles/zephyr.dir/subsys/shell/modules/kernel_service/thread/resume.c.obj
[axii:ro] [185/263] Building C object modules/ec/zephyr/CMakeFiles/ec_shim.dir/shim/chip/it8xxx2/power_policy.c.obj
[axii:ro] [186/263] Building C object modules/ec/zephyr/CMakeFiles/ec_shim.dir/shim/src/console.c.obj
[axii:ro] [187/263] Building C object modules/ec/zephyr/CMakeFiles/ec_shim.dir/shim/src/crc.c.obj
[axii:ro] [188/263] Building C object modules/ec/zephyr/CMakeFiles/ec_shim.dir/shim/src/gpio.c.obj
[ite-aic-rtk-pdc:rw] [67/288] Building C object zephyr/CMakeFiles/zephyr.dir/lib/heap/heap.c.obj
[axii:ro] [189/263] Building C object modules/ec/zephyr/CMakeFiles/ec_shim.dir/shim/src/gpio_int.c.obj
[axii:ro] [190/263] Building C object modules/ec/zephyr/CMakeFiles/ec_shim.dir/shim/src/panic_utils.c.obj
[axii:ro] [191/263] Building C object modules/ec/zephyr/CMakeFiles/ec_shim.dir/shim/src/pm_state.c.obj
[axii:ro] [192/263] Building C object modules/ec/zephyr/CMakeFiles/ec_shim.dir/shim/src/system.c.obj
[ite-aic-rtk-pdc:ro] [118/288] Building C object zephyr/CMakeFiles/zephyr.dir/subsys/shell/shell_fprintf.c.obj
[axii:ro] [193/263] Building C object modules/ec/zephyr/CMakeFiles/ec_shim.dir/shim/src/adc.c.obj
[ite-aic-rtk-pdc:rw] [68/288] Building C object zephyr/CMakeFiles/zephyr.dir/lib/os/cbprintf_packaged.c.obj
[axii:ro] [194/263] Building C object modules/ec/zephyr/CMakeFiles/ec_shim.dir/shim/src/flash.c.obj
[ite-aic-rtk-pdc:rw] [69/288] Building C object zephyr/CMakeFiles/zephyr.dir/lib/os/clock.c.obj
[axii:ro] [195/263] Building C object modules/ec/zephyr/CMakeFiles/ec_shim.dir/shim/src/hooks.c.obj
[axii:ro] [196/263] Building C object modules/ec/zephyr/CMakeFiles/ec_shim.dir/shim/src/panic.c.obj
[axii:ro] [197/263] Building C object modules/ec/zephyr/CMakeFiles/ec_shim.dir/shim/src/hwtimer.c.obj
[axii:ro] [198/263] Building C object modules/ec/zephyr/CMakeFiles/ec_shim.dir/shim/src/tasks.c.obj
[axii:ro] [199/263] Building C object modules/ec/zephyr/CMakeFiles/ec_shim.dir/shim/src/watchdog.c.obj
[axii:ro] [200/263] Building C object modules/ec/zephyr/CMakeFiles/ec_shim.dir/shim/src/usbc_stub.c.obj
[ite-aic-rtk-pdc:ro] [119/288] Building C object zephyr/CMakeFiles/zephyr.dir/subsys/shell/backends/shell_uart.c.obj
[ite-aic-rtk-pdc:ro] [120/288] Building C object zephyr/CMakeFiles/zephyr.dir/subsys/shell/shell_utils.c.obj
[axii:ro] [201/263] Linking C static library modules/ec/zephyr/libec_shim.a
[ite-aic-rtk-pdc:rw] [70/288] Building C object zephyr/CMakeFiles/zephyr.dir/lib/os/printk.c.obj
[ite-aic-rtk-pdc:ro] [121/288] Building C object zephyr/CMakeFiles/zephyr.dir/subsys/shell/shell_ops.c.obj
[axii:ro] [202/263] cd /mnt/host/source/src/platform/ec/build/zephyr/axii/build-ro/modules/ec/zephyr && PYTHONPATH=/mnt/host/source/src/platform/ec/build/zephyr/axii/modules/ec/zephyr/zmake/ /usr/bin/python3.11 /mnt/host/source/src/platform/ec/build/zephyr/axii/modules/ec/zephyr/zmake/zephyr_build_tools/generate_ec_version.py /mnt/host/source/src/platform/ec/build/zephyr/axii/build-ro/modules/ec/zephyr/include/ec_version.h --name Zephyr-Kernel --version 16543.0.0 --static
[axii:ro] INFO:root:Using a static version string
[axii:ro] INFO:root:Version string: Zephyr-Kernel-16543.0.0
[axii:ro] INFO:root:Writing header to /mnt/host/source/src/platform/ec/build/zephyr/axii/build-ro/modules/ec/zephyr/include/ec_version.h
[axii:ro] [203/263] Building C object CMakeFiles/app.dir/mnt/host/source/src/platform/ec/zephyr/subsys/ap_pwrseq/ap_events.c.obj
[axii:ro] [204/263] Building C object CMakeFiles/app.dir/mnt/host/source/src/platform/ec/zephyr/subsys/usbd_service/usbd_init.c.obj
[ite-aic-rtk-pdc:ro] [122/288] Building C object zephyr/CMakeFiles/zephyr.dir/subsys/shell/shell_history.c.obj
[axii:ro] [205/263] Building C object CMakeFiles/app.dir/mnt/host/source/src/platform/ec/zephyr/subsys/usbd_service/usbd_google_fake.c.obj
[ite-aic-rtk-pdc:ro] [123/288] Building C object zephyr/CMakeFiles/zephyr.dir/subsys/shell/shell.c.obj
[axii:ro] [206/263] Building C object CMakeFiles/app.dir/mnt/host/source/src/platform/ec/build/zephyr/axii/modules/ec/builtin/stdlib.c.obj
[axii:ro] [207/263] Building C object CMakeFiles/app.dir/mnt/host/source/src/platform/ec/build/zephyr/axii/modules/ec/common/base32.c.obj
[ite-aic-rtk-pdc:rw] [71/288] Building C object zephyr/CMakeFiles/zephyr.dir/lib/os/sem.c.obj
[axii:ro] [208/263] Building C object CMakeFiles/app.dir/mnt/host/source/src/platform/ec/build/zephyr/axii/modules/ec/common/console_output.c.obj
[axii:ro] [209/263] Building C object CMakeFiles/app.dir/mnt/host/source/src/platform/ec/build/zephyr/axii/modules/ec/common/ec_features.c.obj
[axii:ro] [210/263] Building C object CMakeFiles/app.dir/mnt/host/source/src/platform/ec/build/zephyr/axii/modules/ec/common/gpio_commands.c.obj
[axii:ro] [211/263] Building C object CMakeFiles/app.dir/mnt/host/source/src/platform/ec/build/zephyr/axii/modules/ec/common/peripheral.c.obj
[ite-aic-rtk-pdc:ro] [124/288] Building C object zephyr/CMakeFiles/zephyr.dir/subsys/shell/shell_help.c.obj
[axii:ro] [212/263] Building C object CMakeFiles/app.dir/mnt/host/source/src/platform/ec/build/zephyr/axii/modules/ec/common/printf.c.obj
[axii:ro] [213/263] Building C object CMakeFiles/app.dir/mnt/host/source/src/platform/ec/build/zephyr/axii/modules/ec/common/queue.c.obj
[ite-aic-rtk-pdc:rw] [72/288] Building C object zephyr/CMakeFiles/zephyr.dir/lib/os/thread_entry.c.obj
[axii:ro] [214/263] Building C object CMakeFiles/app.dir/mnt/host/source/src/platform/ec/build/zephyr/axii/modules/ec/common/system.c.obj
[axii:ro] [215/263] Building C object CMakeFiles/app.dir/mnt/host/source/src/platform/ec/build/zephyr/axii/modules/ec/common/system_boot_time.c.obj
[ite-aic-rtk-pdc:rw] [73/288] Building C object zephyr/CMakeFiles/zephyr.dir/lib/os/cbprintf_nano.c.obj
[axii:ro] [216/263] Building C object CMakeFiles/app.dir/mnt/host/source/src/platform/ec/build/zephyr/axii/modules/ec/common/uart_printf.c.obj
[axii:ro] [217/263] Building C object CMakeFiles/app.dir/mnt/host/source/src/platform/ec/build/zephyr/axii/modules/ec/common/util.c.obj
[axii:ro] [218/263] Building C object CMakeFiles/app.dir/mnt/host/source/src/platform/ec/build/zephyr/axii/modules/ec/common/version.c.obj
[ite-aic-rtk-pdc:ro] [125/288] Building C object zephyr/CMakeFiles/zephyr.dir/drivers/flash/flash_util.c.obj
[axii:ro] [219/263] Building C object CMakeFiles/app.dir/mnt/host/source/src/platform/ec/build/zephyr/axii/modules/ec/common/adc.c.obj
[axii:ro] [220/263] Building C object CMakeFiles/app.dir/mnt/host/source/src/platform/ec/build/zephyr/axii/modules/ec/common/memory_commands.c.obj
[axii:ro] [221/263] Building C object CMakeFiles/app.dir/mnt/host/source/src/platform/ec/build/zephyr/axii/modules/ec/common/flash.c.obj
[axii:ro] [222/263] Building C object CMakeFiles/app.dir/mnt/host/source/src/platform/ec/build/zephyr/axii/modules/ec/common/panic_output.c.obj
[ite-aic-rtk-pdc:ro] [126/288] Building C object zephyr/arch/common/CMakeFiles/arch__common.dir/sw_isr_common.c.obj
[ite-aic-rtk-pdc:ro] [127/288] Linking C static library zephyr/libzephyr.a
[axii:ro] [223/263] Building C object CMakeFiles/app.dir/mnt/host/source/src/platform/ec/build/zephyr/axii/modules/ec/common/sha256.c.obj
[axii:ro] [224/263] Building C object CMakeFiles/app.dir/mnt/host/source/src/platform/ec/build/zephyr/axii/modules/ec/common/shared_mem.c.obj
[axii:ro] [225/263] Building C object CMakeFiles/app.dir/mnt/host/source/src/platform/ec/build/zephyr/axii/modules/ec/common/timer.c.obj
[ite-aic-rtk-pdc:rw] [74/288] Building C object zephyr/CMakeFiles/zephyr.dir/lib/utils/base64.c.obj
[axii:ro] [226/263] Building C object CMakeFiles/app.dir/mnt/host/source/src/platform/ec/build/zephyr/axii/modules/ec/common/math_util.c.obj
[ite-aic-rtk-pdc:ro] [128/288] Building C object zephyr/arch/common/CMakeFiles/arch__common.dir/dynamic_isr.c.obj
[axii:ro] [227/263] Building C object CMakeFiles/app.dir/src/fakes.c.obj
[axii:ro] [228/263] Building C object CMakeFiles/app.dir/src/one_wire.c.obj
[axii:ro] [229/263] Building C object CMakeFiles/app.dir/axii/src/main.c.obj
[ite-aic-rtk-pdc:rw] [75/288] Building C object zephyr/CMakeFiles/zephyr.dir/lib/os/cbprintf.c.obj
[ite-aic-rtk-pdc:ro] [129/288] Building C object zephyr/arch/common/CMakeFiles/arch__common.dir/init.c.obj
[ite-aic-rtk-pdc:rw] [76/288] Building C object zephyr/CMakeFiles/zephyr.dir/lib/utils/dec.c.obj
[axii:ro] [230/263] Linking C static library app/libapp.a
[axii:ro] [231/263] Building C object zephyr/kernel/CMakeFiles/kernel.dir/main_weak.c.obj
[axii:ro] [232/263] Building C object zephyr/kernel/CMakeFiles/kernel.dir/banner.c.obj
[axii:ro] [233/263] Building C object zephyr/kernel/CMakeFiles/kernel.dir/busy_wait.c.obj
[axii:ro] [234/263] Building C object zephyr/kernel/CMakeFiles/kernel.dir/device.c.obj
[axii:ro] [235/263] Building C object zephyr/kernel/CMakeFiles/kernel.dir/errno.c.obj
[axii:ro] [236/263] Building C object zephyr/kernel/CMakeFiles/kernel.dir/fatal.c.obj
[axii:ro] [237/263] Building C object zephyr/kernel/CMakeFiles/kernel.dir/init.c.obj
[axii:ro] [238/263] Building C object zephyr/kernel/CMakeFiles/kernel.dir/kheap.c.obj
[axii:ro] [239/263] Building C object zephyr/kernel/CMakeFiles/kernel.dir/mem_slab.c.obj
[axii:ro] [240/263] Building C object zephyr/kernel/CMakeFiles/kernel.dir/float.c.obj
[ite-aic-rtk-pdc:rw] [77/288] Building C object zephyr/CMakeFiles/zephyr.dir/lib/os/assert.c.obj
[axii:ro] [241/263] Building C object zephyr/kernel/CMakeFiles/kernel.dir/version.c.obj
[axii:ro] [242/263] Building C object zephyr/kernel/CMakeFiles/kernel.dir/idle.c.obj
[ite-aic-rtk-pdc:ro] [130/288] Building C object zephyr/arch/common/CMakeFiles/arch__common.dir/xip.c.obj
[ite-aic-rtk-pdc:ro] [131/288] Building C object zephyr/arch/common/CMakeFiles/isr_tables.dir/isr_tables.c.obj
[ite-aic-rtk-pdc:ro] [132/288] Building C object zephyr/arch/arch/riscv/core/CMakeFiles/arch__riscv__core.dir/cpu_idle.c.obj
[axii:ro] [243/263] Building C object zephyr/kernel/CMakeFiles/kernel.dir/mailbox.c.obj
[axii:ro] [244/263] Building C object zephyr/kernel/CMakeFiles/kernel.dir/msg_q.c.obj
[ite-aic-rtk-pdc:rw] [78/288] Building C object zephyr/CMakeFiles/zephyr.dir/lib/utils/hex.c.obj
[ite-aic-rtk-pdc:ro] [133/288] Building C object zephyr/arch/arch/riscv/core/CMakeFiles/arch__riscv__core.dir/prep_c.c.obj
[axii:ro] [245/263] Building C object zephyr/kernel/CMakeFiles/kernel.dir/mutex.c.obj
[ite-aic-rtk-pdc:ro] [134/288] Linking C static library zephyr/arch/common/libisr_tables.a
[axii:ro] [246/263] Building C object zephyr/kernel/CMakeFiles/kernel.dir/queue.c.obj
[axii:ro] [247/263] Building C object zephyr/kernel/CMakeFiles/kernel.dir/sem.c.obj
[axii:ro] [248/263] Building C object zephyr/kernel/CMakeFiles/kernel.dir/stack.c.obj
[axii:ro] [249/263] Building C object zephyr/kernel/CMakeFiles/kernel.dir/system_work_q.c.obj
[ite-aic-rtk-pdc:ro] [135/288] Linking C static library zephyr/arch/common/libarch__common.a
[axii:ro] [250/263] Building C object zephyr/kernel/CMakeFiles/kernel.dir/work.c.obj
[ite-aic-rtk-pdc:rw] [79/288] Building C object zephyr/CMakeFiles/zephyr.dir/lib/utils/timeutil.c.obj
[axii:ro] [251/263] Building C object zephyr/kernel/CMakeFiles/kernel.dir/condvar.c.obj
[axii:ro] [252/263] Building C object zephyr/kernel/CMakeFiles/kernel.dir/thread.c.obj
[axii:ro] [253/263] Building C object zephyr/kernel/CMakeFiles/kernel.dir/sched.c.obj
[axii:ro] [254/263] Building C object zephyr/kernel/CMakeFiles/kernel.dir/pipe.c.obj
[axii:ro] [255/263] Building C object zephyr/kernel/CMakeFiles/kernel.dir/spinlock_validate.c.obj
[axii:ro] [256/263] Building C object zephyr/kernel/CMakeFiles/kernel.dir/thread_monitor.c.obj
[axii:ro] [257/263] Building C object zephyr/kernel/CMakeFiles/kernel.dir/timeout.c.obj
[axii:ro] [258/263] Building C object zephyr/kernel/CMakeFiles/kernel.dir/timer.c.obj
[ite-aic-rtk-pdc:rw] [80/288] Building C object zephyr/CMakeFiles/zephyr.dir/lib/utils/bitmask.c.obj
[ite-aic-rtk-pdc:ro] [136/288] Building C object zephyr/arch/arch/riscv/core/CMakeFiles/arch__riscv__core.dir/fatal.c.obj
[axii:ro] [259/263] Building C object zephyr/kernel/CMakeFiles/kernel.dir/poll.c.obj
[axii:ro] [260/263] Building C object zephyr/kernel/CMakeFiles/kernel.dir/events.c.obj
[axii:ro] [261/263] Building C object zephyr/kernel/CMakeFiles/kernel.dir/mempool.c.obj
[ite-aic-rtk-pdc:ro] [137/288] Building C object zephyr/arch/arch/riscv/core/CMakeFiles/arch__riscv__core.dir/irq_manage.c.obj
[axii:ro] [262/263] Building C object zephyr/kernel/CMakeFiles/kernel.dir/dynamic_disabled.c.obj
[ite-aic-rtk-pdc:ro] [138/288] Building C object zephyr/arch/arch/riscv/core/CMakeFiles/arch__riscv__core.dir/reboot.c.obj
[ite-aic-rtk-pdc:ro] [139/288] Generating ../../../include/generated/libc/minimal/strerror_table.h
[/mnt/host/source/src/platform/ec/build/zephyr/teliks-lcov]   /mnt/host/source/src/platform/ec/build/zephyr/teliks/build-rw/zephyr/drivers/sensor/CMakeFiles/drivers__sensor.dir/mnt/host/source/src/third_party/zephyr/main/misc/empty_file.c.gcno:no functions found
[/mnt/host/source/src/platform/ec/build/zephyr/teliks-lcov] Filter suppressions 'region':
[axii:ro] [263/263] Linking C static library zephyr/kernel/libkernel.a
Running (initial) lcov on /mnt/host/source/src/platform/ec/build/zephyr/kaladin-ish.
[ite-aic-rtk-pdc:ro] [140/288] Building C object zephyr/arch/arch/riscv/core/CMakeFiles/arch__riscv__core.dir/thread.c.obj
[ite-aic-rtk-pdc:rw] [81/288] Building C object zephyr/CMakeFiles/zephyr.dir/lib/utils/rb.c.obj
[ite-aic-rtk-pdc:ro] [141/288] Building ASM object zephyr/arch/arch/riscv/core/CMakeFiles/arch__riscv__core.dir/reset.S.obj
[/mnt/host/source/src/platform/ec/build/zephyr/teliks-lcov]     43 instances
[/mnt/host/source/src/platform/ec/build/zephyr/teliks-lcov]     38 coverpoints
[/mnt/host/source/src/platform/ec/build/zephyr/teliks-lcov] Message summary:
[/mnt/host/source/src/platform/ec/build/zephyr/teliks-lcov]   31 ignore messages:
[/mnt/host/source/src/platform/ec/build/zephyr/teliks-lcov]     gcov: 31
[ite-aic-rtk-pdc:ro] [142/288] Building C object zephyr/lib/libc/minimal/CMakeFiles/lib__libc__minimal.dir/source/stdlib/atoi.c.obj
[ite-aic-rtk-pdc:ro] [143/288] Building ASM object zephyr/arch/arch/riscv/core/CMakeFiles/arch__riscv__core.dir/switch.S.obj
[ite-aic-rtk-pdc:ro] [144/288] Building C object zephyr/lib/libc/minimal/CMakeFiles/lib__libc__minimal.dir/source/stdlib/strtol.c.obj
[ite-aic-rtk-pdc:rw] [82/288] Building C object zephyr/CMakeFiles/zephyr.dir/lib/utils/bitarray.c.obj
[ite-aic-rtk-pdc:ro] [145/288] Building C object zephyr/lib/libc/minimal/CMakeFiles/lib__libc__minimal.dir/source/stdlib/strtoll.c.obj
[ite-aic-rtk-pdc:ro] [146/288] Building C object zephyr/lib/libc/minimal/CMakeFiles/lib__libc__minimal.dir/source/stdlib/strtoul.c.obj
[ite-aic-rtk-pdc:ro] [147/288] Building ASM object zephyr/arch/arch/riscv/core/CMakeFiles/arch__riscv__core.dir/isr.S.obj
[ite-aic-rtk-pdc:ro] [148/288] Building C object zephyr/lib/libc/minimal/CMakeFiles/lib__libc__minimal.dir/source/stdlib/strtoull.c.obj
[ite-aic-rtk-pdc:rw] [83/288] Building C object zephyr/CMakeFiles/zephyr.dir/lib/utils/ring_buffer.c.obj
[ite-aic-rtk-pdc:rw] [84/288] Building C object zephyr/CMakeFiles/zephyr.dir/lib/utils/getopt/getopt_common.c.obj
[ite-aic-rtk-pdc:ro] [149/288] Building C object zephyr/lib/libc/minimal/CMakeFiles/lib__libc__minimal.dir/source/stdlib/bsearch.c.obj
[ite-aic-rtk-pdc:rw] [85/288] Building C object zephyr/CMakeFiles/zephyr.dir/lib/utils/getopt/getopt.c.obj
[ite-aic-rtk-pdc:rw] [86/288] Building C object zephyr/CMakeFiles/zephyr.dir/lib/utils/last_section_id.c.obj
Running `env -i PYTHONPATH=/usr/lib64/python-exec/python3.11:/mnt/host/source/src/platform/ec/zephyr/zmake:/usr/lib/python311.zip:/usr/lib/python3.11:/usr/lib/python3.11/lib-dynload:/usr/lib/python3.11/site-packages PW_PIGWEED_CIPD_INSTALL_DIR=/usr CROSTC_USER_ACKNOWLEDGES_THAT_RISCV_IS_EXPERIMENTAL=1 PATH=/mnt/host/source/chromite/bin:/usr/local/bin:/usr/bin:/bin:/opt/bin:/mnt/host/source/chromite/sdk/bin:/mnt/host/source/chromite/bin HOME=/home/jpmurphy JAVA_HOME=/etc/java-config-2/current-system-vm JDK_HOME=/etc/java-config-2/current-system-vm JAVAC=/etc/java-config-2/current-system-vm/bin/javac MAKEFLAGS=' -j16 --jobserver-auth=5,6' /usr/bin/lcov --gcov-tool /mnt/host/source/src/platform/ec/build/zephyr/kaladin-ish/build-singleimage/gcov.sh -q -o - -c -d /mnt/host/source/src/platform/ec/build/zephyr/kaladin-ish -t kaladin-ish --rc branch_coverage=1 --filter range --ignore-errors inconsistent,source --ignore-errors gcov,gcov -i`
[ite-aic-rtk-pdc:ro] [150/288] Building C object zephyr/lib/libc/minimal/CMakeFiles/lib__libc__minimal.dir/source/string/strncasecmp.c.obj
[ite-aic-rtk-pdc:ro] [151/288] Building C object zephyr/arch/arch/riscv/core/CMakeFiles/arch__riscv__core.dir/stacktrace.c.obj
[ite-aic-rtk-pdc:ro] [152/288] Building C object zephyr/lib/libc/minimal/CMakeFiles/lib__libc__minimal.dir/source/string/strstr.c.obj
[ite-aic-rtk-pdc:ro] [153/288] Linking C static library zephyr/arch/arch/riscv/core/libarch__riscv__core.a
[ite-aic-rtk-pdc:ro] [154/288] Building C object zephyr/lib/libc/minimal/CMakeFiles/lib__libc__minimal.dir/source/stdlib/qsort.c.obj
[ite-aic-rtk-pdc:ro] [155/288] Building C object zephyr/lib/libc/minimal/CMakeFiles/lib__libc__minimal.dir/source/string/strerror.c.obj
[ite-aic-rtk-pdc:ro] [156/288] Building C object zephyr/lib/libc/minimal/CMakeFiles/lib__libc__minimal.dir/source/string/strspn.c.obj
[ite-aic-rtk-pdc:ro] [157/288] Building C object zephyr/lib/libc/common/CMakeFiles/lib__libc__common.dir/source/stdlib/abort.c.obj
[ite-aic-rtk-pdc:ro] [158/288] Building C object zephyr/lib/libc/minimal/CMakeFiles/lib__libc__minimal.dir/source/string/string.c.obj
[ite-aic-rtk-pdc:rw] [87/288] Building ASM object zephyr/CMakeFiles/zephyr.dir/soc/ite/ec/common/soc_irq.S.obj
[ite-aic-rtk-pdc:ro] [159/288] Building C object zephyr/lib/libc/minimal/CMakeFiles/lib__libc__minimal.dir/source/stdlib/exit.c.obj
[ite-aic-rtk-pdc:rw] [88/288] Building C object zephyr/CMakeFiles/zephyr.dir/misc/generated/configs.c.obj
[ite-aic-rtk-pdc:ro] [160/288] Building C object zephyr/lib/libc/common/CMakeFiles/lib__libc__common.dir/source/time/asctime.c.obj
[ite-aic-rtk-pdc:ro] [161/288] Building C object zephyr/lib/libc/minimal/CMakeFiles/lib__libc__minimal.dir/source/math/sqrt.c.obj
[ite-aic-rtk-pdc:rw] [89/288] Building C object zephyr/CMakeFiles/zephyr.dir/soc/ite/ec/common/soc_common_irq.c.obj
[ite-aic-rtk-pdc:ro] [162/288] Building C object zephyr/lib/libc/minimal/CMakeFiles/lib__libc__minimal.dir/source/math/sqrtf.c.obj
[ite-aic-rtk-pdc:ro] [163/288] Building C object zephyr/lib/libc/common/CMakeFiles/lib__libc__common.dir/source/time/gmtime_r.c.obj
[ite-aic-rtk-pdc:rw] [90/288] Building C object zephyr/CMakeFiles/zephyr.dir/soc/ite/ec/common/power.c.obj
[ite-aic-rtk-pdc:ro] [164/288] Building C object zephyr/lib/libc/minimal/CMakeFiles/lib__libc__minimal.dir/source/stdout/stdout_console.c.obj
[/mnt/host/source/src/platform/ec/build/zephyr/kaladin-ish-lcov] geninfo: WARNING: (format) invalid characters removed from testname
[ite-aic-rtk-pdc:ro] [165/288] Building C object zephyr/lib/libc/common/CMakeFiles/lib__libc__common.dir/source/time/localtime_r_utc.c.obj
[ite-aic-rtk-pdc:ro] [166/288] Building C object zephyr/lib/libc/minimal/CMakeFiles/lib__libc__minimal.dir/source/stdout/fprintf.c.obj
[ite-aic-rtk-pdc:ro] [167/288] Building C object zephyr/lib/libc/minimal/CMakeFiles/lib__libc__minimal.dir/source/stdout/sprintf.c.obj
[ite-aic-rtk-pdc:ro] [168/288] Building C object zephyr/lib/libc/common/CMakeFiles/lib__libc__common.dir/source/time/ctime.c.obj
[ite-aic-rtk-pdc:ro] [169/288] Building C object zephyr/lib/libc/minimal/CMakeFiles/lib__libc__minimal.dir/source/time/gmtime.c.obj
[ite-aic-rtk-pdc:ro] [170/288] Building C object zephyr/lib/libc/common/CMakeFiles/lib__libc__common.dir/source/time/time.c.obj
[ite-aic-rtk-pdc:rw] [91/288] Building C object zephyr/CMakeFiles/zephyr.dir/soc/ite/ec/common/policy.c.obj
[ite-aic-rtk-pdc:ro] [171/288] Linking C static library zephyr/lib/libc/minimal/liblib__libc__minimal.a
[ite-aic-rtk-pdc:ro] [172/288] Building C object zephyr/lib/libc/common/CMakeFiles/lib__libc__common.dir/source/string/strnlen.c.obj
[ite-aic-rtk-pdc:rw] [92/288] Building C object zephyr/CMakeFiles/zephyr.dir/soc/ite/ec/it8xxx2/check_regs.c.obj
[ite-aic-rtk-pdc:ro] [173/288] Building C object zephyr/lib/posix/c_lib_ext/CMakeFiles/lib__posix__c_lib_ext.dir/fnmatch.c.obj
[ite-aic-rtk-pdc:rw] [93/288] Building ASM object zephyr/CMakeFiles/zephyr.dir/soc/ite/ec/it8xxx2/vector.S.obj
[ite-aic-rtk-pdc:ro] [174/288] Building C object zephyr/subsys/crc/CMakeFiles/subsys__crc.dir/crc4_sw.c.obj
[/mnt/host/source/src/platform/ec/build/zephyr/kaladin-ish-lcov] 	(use "geninfo --ignore-errors format,format ..." to suppress this warning)
[/mnt/host/source/src/platform/ec/build/zephyr/kaladin-ish-lcov] stderr:
[/mnt/host/source/src/platform/ec/build/zephyr/kaladin-ish-lcov]   /mnt/host/source/src/platform/ec/build/zephyr/kaladin-ish/build-singleimage/modules/pigweed/pw_log_zephyr/CMakeFiles/pw_log_zephyr.dir/log_zephyr.cc.gcno:no functions found
[/mnt/host/source/src/platform/ec/build/zephyr/kaladin-ish-lcov] geninfo: WARNING: using JSON module "JSON::PP" - which is much slower than some alternatives.  Consider installing one of JSON::XS or Cpanel::JSON::XS
[ite-aic-rtk-pdc:ro] [175/288] Building C object zephyr/subsys/crc/CMakeFiles/subsys__crc.dir/crc8_sw.c.obj
[ite-aic-rtk-pdc:ro] [176/288] Building C object zephyr/lib/libc/common/CMakeFiles/lib__libc__common.dir/source/stdlib/malloc.c.obj
[ite-aic-rtk-pdc:ro] [177/288] Building C object zephyr/subsys/crc/CMakeFiles/subsys__crc.dir/crc16_sw.c.obj
[ite-aic-rtk-pdc:ro] [178/288] Building C object zephyr/subsys/crc/CMakeFiles/subsys__crc.dir/crc24_sw.c.obj
[ite-aic-rtk-pdc:rw] [94/288] Building C object zephyr/CMakeFiles/zephyr.dir/soc/ite/ec/it8xxx2/soc.c.obj
[ite-aic-rtk-pdc:ro] [179/288] Building C object zephyr/subsys/crc/CMakeFiles/subsys__crc.dir/crc7_sw.c.obj
[ite-aic-rtk-pdc:ro] [180/288] Linking C static library zephyr/lib/libc/common/liblib__libc__common.a
[ite-aic-rtk-pdc:ro] [181/288] Building C object zephyr/subsys/crc/CMakeFiles/subsys__crc.dir/crc32c_sw.c.obj
[/mnt/host/source/src/platform/ec/build/zephyr/domika-lcov]   /mnt/host/source/src/platform/ec/build/zephyr/domika/build-ro/CMakeFiles/app.dir/mnt/host/source/src/platform/ec/build/zephyr/domika/modules/ec/common/usb_pd_pdo.c.gcno:no functions found
[ite-aic-rtk-pdc:ro] [182/288] Building C object zephyr/subsys/crc/CMakeFiles/subsys__crc.dir/crc32_sw.c.obj
[/mnt/host/source/src/platform/ec/build/zephyr/domika-lcov] stderr:
[ite-aic-rtk-pdc:ro] [183/288] Building C object zephyr/subsys/crc/CMakeFiles/subsys__crc.dir/crc32k_4_2_sw.c.obj
[ite-aic-rtk-pdc:ro] [184/288] Linking C static library zephyr/subsys/crc/libsubsys__crc.a
[ite-aic-rtk-pdc:ro] [185/288] Building C object zephyr/lib/posix/c_lib_ext/CMakeFiles/lib__posix__c_lib_ext.dir/getopt_shim.c.obj
[ite-aic-rtk-pdc:ro] [186/288] Building C object zephyr/lib/posix/c_lib_ext/CMakeFiles/lib__posix__c_lib_ext.dir/getentropy.c.obj
[ite-aic-rtk-pdc:ro] [187/288] Linking C static library zephyr/lib/posix/c_lib_ext/liblib__posix__c_lib_ext.a
[ite-aic-rtk-pdc:rw] [95/288] Building C object zephyr/CMakeFiles/zephyr.dir/subsys/logging/log_minimal.c.obj
[ite-aic-rtk-pdc:ro] [188/288] Building C object zephyr/lib/smf/CMakeFiles/lib__smf.dir/smf.c.obj
[ite-aic-rtk-pdc:ro] [189/288] Linking C static library zephyr/lib/smf/liblib__smf.a
[ite-aic-rtk-pdc:rw] [96/288] Building C object zephyr/CMakeFiles/zephyr.dir/soc/ite/ec/it8xxx2/ilm.c.obj
[ite-aic-rtk-pdc:rw] [97/288] Building C object zephyr/CMakeFiles/zephyr.dir/subsys/pm/pm.c.obj
[ite-aic-rtk-pdc:rw] [98/288] Building C object zephyr/CMakeFiles/zephyr.dir/subsys/pm/state.c.obj
[ite-aic-rtk-pdc:ro] [190/288] Building C object zephyr/drivers/bbram/CMakeFiles/drivers__bbram.dir/bbram_it8xxx2.c.obj
[ite-aic-rtk-pdc:ro] [191/288] Building C object zephyr/drivers/console/CMakeFiles/drivers__console.dir/uart_console.c.obj
[ite-aic-rtk-pdc:ro] [192/288] Building C object zephyr/drivers/interrupt_controller/CMakeFiles/drivers__interrupt_controller.dir/wuc_ite_it8xxx2.c.obj
[ite-aic-rtk-pdc:ro] [193/288] Linking C static library zephyr/drivers/bbram/libdrivers__bbram.a
[ite-aic-rtk-pdc:ro] [194/288] Building C object zephyr/drivers/crypto/CMakeFiles/drivers__crypto.dir/crypto_it8xxx2_sha_v2.c.obj
[ite-aic-rtk-pdc:ro] [195/288] Building C object zephyr/drivers/interrupt_controller/CMakeFiles/drivers__interrupt_controller.dir/intc_ite_it8xxx2_v2.c.obj
[ite-aic-rtk-pdc:ro] [196/288] Linking C static library zephyr/drivers/console/libdrivers__console.a
[ite-aic-rtk-pdc:ro] [197/288] Linking C static library zephyr/drivers/interrupt_controller/libdrivers__interrupt_controller.a
[ite-aic-rtk-pdc:ro] [198/288] Linking C static library zephyr/drivers/crypto/libdrivers__crypto.a
[ite-aic-rtk-pdc:ro] [199/288] Building C object zephyr/drivers/flash/CMakeFiles/drivers__flash.dir/flash_ite_it8xxx2.c.obj
[ite-aic-rtk-pdc:ro] [200/288] Linking C static library zephyr/drivers/flash/libdrivers__flash.a
[ite-aic-rtk-pdc:rw] [99/288] Building C object zephyr/CMakeFiles/zephyr.dir/subsys/pm/policy/policy_events.c.obj
[ite-aic-rtk-pdc:ro] [201/288] Building C object zephyr/drivers/i2c/CMakeFiles/drivers__i2c.dir/i2c_common.c.obj
[ite-aic-rtk-pdc:rw] [100/288] Building C object zephyr/CMakeFiles/zephyr.dir/subsys/pm/policy/policy_latency.c.obj
[ite-aic-rtk-pdc:rw] [101/288] Building C object zephyr/CMakeFiles/zephyr.dir/subsys/pm/policy/policy_state_lock.c.obj
[ite-aic-rtk-pdc:rw] [102/288] Building C object zephyr/CMakeFiles/zephyr.dir/subsys/pm/device.c.obj
[ite-aic-rtk-pdc:ro] [202/288] Building C object zephyr/drivers/pinctrl/CMakeFiles/drivers__pinctrl.dir/common.c.obj
[ite-aic-rtk-pdc:ro] [203/288] Building C object zephyr/drivers/i2c/CMakeFiles/drivers__i2c.dir/i2c_bitbang.c.obj
[ite-aic-rtk-pdc:ro] [204/288] Building C object zephyr/drivers/syscon/CMakeFiles/drivers__syscon.dir/mnt/host/source/src/third_party/zephyr/main/misc/empty_file.c.obj
[ite-aic-rtk-pdc:ro] [205/288] Linking C static library zephyr/drivers/syscon/libdrivers__syscon.a
[ite-aic-rtk-pdc:ro] [206/288] Building C object zephyr/drivers/i2c/CMakeFiles/drivers__i2c.dir/i2c_shell.c.obj
[ite-aic-rtk-pdc:ro] [207/288] Building C object zephyr/drivers/serial/CMakeFiles/drivers__serial.dir/uart_ite_it8xxx2.c.obj
[ite-aic-rtk-pdc:rw] [103/288] Building C object zephyr/CMakeFiles/zephyr.dir/subsys/pm/device_system_managed.c.obj
[ite-aic-rtk-pdc:ro] [208/288] Building C object zephyr/drivers/pinctrl/CMakeFiles/drivers__pinctrl.dir/pinctrl_ite_it8xxx2.c.obj
[ite-aic-rtk-pdc:ro] [209/288] Building C object zephyr/drivers/i2c/CMakeFiles/drivers__i2c.dir/i2c_ite_enhance.c.obj
[ite-aic-rtk-pdc:ro] [210/288] Linking C static library zephyr/drivers/i2c/libdrivers__i2c.a
[ite-aic-rtk-pdc:ro] [211/288] Linking C static library zephyr/drivers/pinctrl/libdrivers__pinctrl.a
[ite-aic-rtk-pdc:ro] [212/288] Building C object zephyr/drivers/gpio/CMakeFiles/drivers__gpio.dir/gpio_ite_it8xxx2_v2.c.obj
[ite-aic-rtk-pdc:ro] [213/288] Linking C static library zephyr/drivers/gpio/libdrivers__gpio.a
[ite-aic-rtk-pdc:rw] [104/288] Building C object zephyr/CMakeFiles/zephyr.dir/subsys/tracing/tracing_none.c.obj
[ite-aic-rtk-pdc:rw] [105/288] Building C object zephyr/CMakeFiles/zephyr.dir/subsys/shell/modules/kernel_service/kernel_shell.c.obj
[ite-aic-rtk-pdc:rw] [106/288] Building C object zephyr/CMakeFiles/zephyr.dir/subsys/testsuite/coverage/coverage.c.obj
[ite-aic-rtk-pdc:ro] [214/288] Building C object zephyr/drivers/serial/CMakeFiles/drivers__serial.dir/uart_ns16550.c.obj
[ite-aic-rtk-pdc:ro] [215/288] Linking C static library zephyr/drivers/serial/libdrivers__serial.a
[ite-aic-rtk-pdc:ro] [216/288] Building C object zephyr/drivers/timer/CMakeFiles/drivers__timer.dir/sys_clock_init.c.obj
[ite-aic-rtk-pdc:ro] [217/288] Building C object zephyr/drivers/watchdog/CMakeFiles/drivers__watchdog.dir/wdt_ite_it8xxx2.c.obj
[ite-aic-rtk-pdc:ro] [218/288] Building C object zephyr/drivers/timer/CMakeFiles/drivers__timer.dir/ite_it8xxx2_timer.c.obj
[ite-aic-rtk-pdc:rw] [107/288] Building C object zephyr/CMakeFiles/zephyr.dir/subsys/shell/modules/kernel_service/cycles.c.obj
[ite-aic-rtk-pdc:ro] [219/288] Linking C static library zephyr/drivers/timer/libdrivers__timer.a
[ite-aic-rtk-pdc:rw] [108/288] Building C object zephyr/CMakeFiles/zephyr.dir/subsys/shell/modules/kernel_service/sleep.c.obj
[ite-aic-rtk-pdc:ro] [220/288] Building C object zephyr/drivers/watchdog/CMakeFiles/drivers__watchdog.dir/wdt_shell.c.obj
[ite-aic-rtk-pdc:ro] [221/288] Building C object modules/ec/zephyr/CMakeFiles/ec_shim.dir/app/ec/main_shim.c.obj
[ite-aic-rtk-pdc:ro] [222/288] Linking C static library zephyr/drivers/watchdog/libdrivers__watchdog.a
[ite-aic-rtk-pdc:rw] [109/288] Building C object zephyr/CMakeFiles/zephyr.dir/subsys/shell/modules/kernel_service/version.c.obj
[ite-aic-rtk-pdc:ro] [223/288] Building C object modules/ec/zephyr/CMakeFiles/ec_shim.dir/app/ec/ec_app_main.c.obj
[/mnt/host/source/src/platform/ec/build/zephyr/pujjogatwin-lcov]   /mnt/host/source/src/platform/ec/build/zephyr/pujjogatwin/build-rw/zephyr/CMakeFiles/zephyr.dir/soc/nuvoton/npcx/common/npcxn/registers.c.gcno:no functions found
[/mnt/host/source/src/platform/ec/build/zephyr/pujjogatwin-lcov] stderr:
[/mnt/host/source/src/platform/ec/build/zephyr/kyogre-lcov]   /mnt/host/source/src/platform/ec/build/zephyr/kyogre/build-rw/zephyr/CMakeFiles/zephyr.dir/soc/nuvoton/npcx/common/npcxn/registers.c.gcno:no functions found
[/mnt/host/source/src/platform/ec/build/zephyr/kyogre-lcov] Filter suppressions 'region':
[ite-aic-rtk-pdc:rw] [110/288] Building C object zephyr/CMakeFiles/zephyr.dir/subsys/shell/modules/kernel_service/uptime.c.obj
[ite-aic-rtk-pdc:ro] [224/288] Building C object modules/ec/zephyr/CMakeFiles/ec_shim.dir/drivers/cros_system/cros_system_it8xxx2.c.obj
[/mnt/host/source/src/platform/ec/build/zephyr/kyogre-lcov]     36 instances
[/mnt/host/source/src/platform/ec/build/zephyr/kyogre-lcov]     22 coverpoints
[/mnt/host/source/src/platform/ec/build/zephyr/kyogre-lcov] Message summary:
[/mnt/host/source/src/platform/ec/build/zephyr/kyogre-lcov]   29 ignore messages:
[/mnt/host/source/src/platform/ec/build/zephyr/kyogre-lcov]     gcov: 29
[kanix:ro] Building: /usr/bin/ninja -C /mnt/host/source/src/platform/ec/build/zephyr/kanix/build-ro all.libraries
Running `env -i SHELL=/bin/bash COLORTERM=truecolor DEPOT_TOOLS_UPDATE=0 LESS='-R -M --shift 5' SUDO_GID=0 JDK_HOME=/etc/java-config-2/current-system-vm CONFIG_PROTECT_MASK='/etc/gentoo-release /etc/sandbox.d /etc/fonts/fonts.conf /etc/terminfo /etc/ca-certificates.conf /etc/revdep-rebuild' CHROMEOS_CACHEDIR=/var/cache/chromeos-cache JAVA_HOME=/etc/java-config-2/current-system-vm SSH_AUTH_SOCK=/tmp/ssh-auth-sock SUDO_COMMAND=/bin/bash SUDO_USER=root SUDO_TTY=/dev/pts/2 EDITOR=/usr/bin/vi PWD=/mnt/host/source/src/platform/ec CONFIG_PROTECT=/usr/share/gnupg/qualified.txt LOGNAME=jpmurphy MANPATH=/etc/java-config-2/current-system-vm/man:/usr/local/share/man:/usr/share/man:/usr/share/gcc-data/x86_64-pc-linux-gnu/10.2.0/man:/usr/share/binutils-data/x86_64-pc-linux-gnu/2.45/man:/etc/java-config-2/current-system-vm/man/ SUDO_HOME=/root XAUTHORITY=/run/user/944457/gdm/Xauthority HOME=/home/jpmurphy LANG=C.UTF-8 LS_COLORS='rs=0:di=01;34:ln=01;36:mh=00:pi=40;33:so=01;35:do=01;35:bd=40;33;01:cd=40;33;01:or=01;05;37;41:mi=01;05;37;41:su=37;41:sg=30;43:ca=30;41:tw=30;42:ow=34;42:st=37;44:ex=01;32:*.tar=01;31:*.tgz=01;31:*.arc=01;31:*.arj=01;31:*.taz=01;31:*.lha=01;31:*.lz4=01;31:*.lzh=01;31:*.lzma=01;31:*.tlz=01;31:*.txz=01;31:*.tzo=01;31:*.t7z=01;31:*.zip=01;31:*.z=01;31:*.dz=01;31:*.gz=01;31:*.lrz=01;31:*.lz=01;31:*.lzo=01;31:*.xz=01;31:*.zst=01;31:*.tzst=01;31:*.bz2=01;31:*.bz=01;31:*.tbz=01;31:*.tbz2=01;31:*.tz=01;31:*.deb=01;31:*.rpm=01;31:*.jar=01;31:*.war=01;31:*.ear=01;31:*.sar=01;31:*.rar=01;31:*.alz=01;31:*.ace=01;31:*.zoo=01;31:*.cpio=01;31:*.7z=01;31:*.rz=01;31:*.cab=01;31:*.wim=01;31:*.swm=01;31:*.dwm=01;31:*.esd=01;31:*.jpg=01;35:*.jpeg=01;35:*.mjpg=01;35:*.mjpeg=01;35:*.gif=01;35:*.bmp=01;35:*.pbm=01;35:*.pgm=01;35:*.ppm=01;35:*.tga=01;35:*.xbm=01;35:*.xpm=01;35:*.tif=01;35:*.tiff=01;35:*.png=01;35:*.svg=01;35:*.svgz=01;35:*.mng=01;35:*.pcx=01;35:*.mov=01;35:*.mpg=01;35:*.mpeg=01;35:*.m2v=01;35:*.mkv=01;35:*.webm=01;35:*.webp=01;35:*.ogm=01;35:*.mp4=01;35:*.m4v=01;35:*.mp4v=01;35:*.vob=01;35:*.qt=01;35:*.nuv=01;35:*.wmv=01;35:*.asf=01;35:*.rm=01;35:*.rmvb=01;35:*.flc=01;35:*.avi=01;35:*.fli=01;35:*.flv=01;35:*.gl=01;35:*.dl=01;35:*.xcf=01;35:*.xwd=01;35:*.yuv=01;35:*.cgm=01;35:*.emf=01;35:*.ogv=01;35:*.ogx=01;35:*.cfg=00;32:*.conf=00;32:*.diff=00;32:*.doc=00;32:*.ini=00;32:*.log=00;32:*.patch=00;32:*.pdf=00;32:*.ps=00;32:*.tex=00;32:*.txt=00;32:*.aac=00;36:*.au=00;36:*.flac=00;36:*.m4a=00;36:*.mid=00;36:*.midi=00;36:*.mka=00;36:*.mp3=00;36:*.mpc=00;36:*.ogg=00;36:*.ra=00;36:*.wav=00;36:*.oga=00;36:*.opus=00;36:*.spx=00;36:*.xspf=00;36:' XDG_CURRENT_DESKTOP=GNOME INFOPATH=/usr/share/info:/usr/share/gcc-data/x86_64-pc-linux-gnu/10.2.0/info:/usr/share/binutils-data/x86_64-pc-linux-gnu/2.45/info:/usr/share/automake-1.16.5/info JAVAC=/etc/java-config-2/current-system-vm/bin/javac TERM=xterm-256color LESSOPEN='|lesspipe %s' USER=jpmurphy CROS_WORKON_SRCROOT=/mnt/host/source MANPAGER=manpager DISPLAY=:1 SHLVL=1 LC_MESSAGES=C EXTERNAL_TRUNK_PATH=/mnt/8f9d649a-3721-44cc-93c0-e6bd21a9689f/chromiumos GCC_SPECS='' PATH=/mnt/host/source/chromite/bin:/usr/local/bin:/usr/bin:/bin:/opt/bin:/mnt/host/source/chromite/sdk/bin:/mnt/host/source/chromite/bin PORTAGE_USERNAME=jpmurphy SUDO_UID=0 GCC_VER=10.2.0 MAIL=/var/mail/jpmurphy OLDPWD=/mnt/host/source/src/scripts traceparent=00-e87aca51550a78635907baa6a2476181-6d684811675d2973-01 _=./zephyr/firmware_builder.py COREBOOT_SDK_ROOT_x86=/home/jpmurphy/.cache/coreboot-sdk/i386-elf/dfbb0486385d938cfa9d73080b9d18d598ed4f49 COREBOOT_SDK_ROOT_picolibc_x86=/home/jpmurphy/.cache/coreboot-sdk/picolibc-i386-elf/eb8e8e687b95461de8cbf278f1c2076952d0ad17 COREBOOT_SDK_ROOT_riscv64=/home/jpmurphy/.cache/coreboot-sdk/riscv64-elf/96b949749225b6aaa92ed810ab769e8dfb12f000 COREBOOT_SDK_ROOT_picolibc_arm=/home/jpmurphy/.cache/coreboot-sdk/picolibc-arm-eabi/422a2aa3e1ef891b5bece9a3deb696ff83840d2e COREBOOT_SDK_ROOT_nds32=/home/jpmurphy/.cache/coreboot-sdk/nds32le-elf/d1a518c4a097666d86058e1444f85ca015d15511 COREBOOT_SDK_ROOT_picolibc_riscv64=/home/jpmurphy/.cache/coreboot-sdk/picolibc-riscv64-elf/f571e990ef0278564b31124f8bb109d9a697eb69 COREBOOT_SDK_ROOT_arm=/home/jpmurphy/.cache/coreboot-sdk/arm-eabi/ea40ddd1d190c3b48435c474c0b545719371813a COREBOOT_SDK_ROOT_libstdcxx_riscv64=/home/jpmurphy/.cache/coreboot-sdk/libstdcxx-riscv64-elf/17abf22a3a252e2d5d2062ced5324f7a623689e0 COREBOOT_SDK_ROOT_libstdcxx_arm=/home/jpmurphy/.cache/coreboot-sdk/libstdcxx-arm-eabi/5d7d82e150e44aa1968f1d366e267e6687b328ac COREBOOT_SDK_ROOT_riscv=/home/jpmurphy/.cache/coreboot-sdk/riscv-elf/9a27b9e82341c6e9126624f516ab3f261abb3e73 COREBOOT_SDK_ROOT_libstdcxx_x86=/home/jpmurphy/.cache/coreboot-sdk/libstdcxx-i386-elf/42ef9d2e87a76a37963175d7d428734e65648b87 PYTHONPATH=/mnt/host/source/src/platform/ec/zephyr/zmake PW_PIGWEED_CIPD_INSTALL_DIR=/usr CROSTC_USER_ACKNOWLEDGES_THAT_RISCV_IS_EXPERIMENTAL=1 MAKEFLAGS=' -j16 --jobserver-auth=5,6' /usr/bin/ninja -C /mnt/host/source/src/platform/ec/build/zephyr/kanix/build-ro all.libraries`
[kanix:ro] ninja: Entering directory `/mnt/host/source/src/platform/ec/build/zephyr/kanix/build-ro'
[/mnt/host/source/src/platform/ec/build/zephyr/kaladin-ish-lcov] stderr:
[ite-aic-rtk-pdc:ro] [225/288] Building C object modules/ec/zephyr/CMakeFiles/ec_shim.dir/drivers/cros_flash/cros_flash_it8xxx2.c.obj
[/mnt/host/source/src/platform/ec/build/zephyr/kaladin-ish-lcov]   /mnt/host/source/src/platform/ec/build/zephyr/kaladin-ish/build-singleimage/modules/ec/zephyr/drivers/pw_transport/CMakeFiles/pw_transport.proto.nanopb.dir/pw_transport.proto/nanopb/pw_transport/proto/transport.pb.c.gcno:no functions found
[/mnt/host/source/src/platform/ec/build/zephyr/kaladin-ish-lcov] stderr:
[ite-aic-rtk-pdc:ro] [226/288] Building C object modules/ec/zephyr/CMakeFiles/ec_shim.dir/drivers/usbc/ucsi_v3.c.obj
[ite-aic-rtk-pdc:rw] [111/288] Building C object zephyr/CMakeFiles/zephyr.dir/subsys/shell/modules/kernel_service/thread/thread.c.obj
[ite-aic-rtk-pdc:ro] [227/288] Building C object modules/ec/zephyr/CMakeFiles/ec_shim.dir/shim/src/crc.c.obj
[ite-aic-rtk-pdc:ro] [228/288] Building C object modules/ec/zephyr/CMakeFiles/ec_shim.dir/shim/chip/it8xxx2/gpio.c.obj
[ite-aic-rtk-pdc:ro] [229/288] Building C object modules/ec/zephyr/CMakeFiles/ec_shim.dir/shim/chip/it8xxx2/clock.c.obj
[ite-aic-rtk-pdc:rw] [112/288] Building C object zephyr/CMakeFiles/zephyr.dir/subsys/shell/modules/kernel_service/thread/stacks.c.obj
[ite-aic-rtk-pdc:rw] [113/288] Building C object zephyr/CMakeFiles/zephyr.dir/subsys/shell/modules/kernel_service/thread/list.c.obj
[ite-aic-rtk-pdc:rw] [114/288] Building C object zephyr/CMakeFiles/zephyr.dir/subsys/shell/modules/kernel_service/thread/unwind.c.obj
[kanix:ro] [1/420] Generating include/generated/zephyr/version.h
[kanix:ro] -- git describe warned: warning: tag 'upstream/v2.7.99' is externally known as 'v2.7.99'
[ite-aic-rtk-pdc:ro] [230/288] Building C object modules/ec/zephyr/CMakeFiles/ec_shim.dir/shim/chip/it8xxx2/system.c.obj
[kanix:ro] -- Zephyr version: 4.3.99 (/mnt/host/source/src/third_party/zephyr/main)
[kanix:ro] [2/420] Preparing syscall dependency handling
[ite-aic-rtk-pdc:rw] [115/288] Building C object zephyr/CMakeFiles/zephyr.dir/subsys/shell/modules/kernel_service/thread/suspend.c.obj
[kanix:ro] [3/420] Generating misc/generated/syscalls_subdirs.trigger
[ite-aic-rtk-pdc:ro] [231/288] Building C object modules/ec/zephyr/CMakeFiles/ec_shim.dir/shim/chip/it8xxx2/power_policy.c.obj
[ite-aic-rtk-pdc:ro] [232/288] Building C object modules/ec/zephyr/CMakeFiles/ec_shim.dir/shim/src/console.c.obj
[ite-aic-rtk-pdc:ro] [233/288] Building C object modules/ec/zephyr/CMakeFiles/ec_shim.dir/drivers/usbc/pdc_rts54xx.c.obj
[ite-aic-rtk-pdc:ro] [234/288] Building C object modules/ec/zephyr/CMakeFiles/ec_shim.dir/drivers/usbc/pdc_rts54xx_fwup.c.obj
[ite-aic-rtk-pdc:rw] [116/288] Building C object zephyr/CMakeFiles/zephyr.dir/subsys/shell/modules/kernel_service/thread/kill.c.obj
[ite-aic-rtk-pdc:ro] [235/288] Building C object modules/ec/zephyr/CMakeFiles/ec_shim.dir/shim/src/panic_utils.c.obj
[ite-aic-rtk-pdc:rw] [117/288] Building C object zephyr/CMakeFiles/zephyr.dir/subsys/shell/modules/kernel_service/thread/resume.c.obj
[ite-aic-rtk-pdc:ro] [236/288] Building C object modules/ec/zephyr/CMakeFiles/ec_shim.dir/shim/src/gpio.c.obj
[ite-aic-rtk-pdc:ro] [237/288] Building C object modules/ec/zephyr/CMakeFiles/ec_shim.dir/shim/src/gpio_int.c.obj
[ite-aic-rtk-pdc:ro] [238/288] Building C object modules/ec/zephyr/CMakeFiles/ec_shim.dir/shim/src/pm_state.c.obj
[ite-aic-rtk-pdc:rw] [118/288] Building C object zephyr/CMakeFiles/zephyr.dir/subsys/shell/backends/shell_uart.c.obj
[ite-aic-rtk-pdc:ro] [239/288] Building C object modules/ec/zephyr/CMakeFiles/ec_shim.dir/shim/src/cbi/cros_cbi.c.obj
[ite-aic-rtk-pdc:rw] [119/288] Building C object zephyr/CMakeFiles/zephyr.dir/subsys/shell/shell_fprintf.c.obj
[kanix:ro] [4/420] Generating misc/generated/syscalls.json, misc/generated/struct_tags.json
[ite-aic-rtk-pdc:ro] [240/288] Building C object modules/ec/zephyr/CMakeFiles/ec_shim.dir/shim/src/cbi/cbi_flash.c.obj
[ite-aic-rtk-pdc:ro] [241/288] Building C object modules/ec/zephyr/CMakeFiles/ec_shim.dir/shim/src/battery.c.obj
[kanix:ro] [5/420] Generating include/generated/zephyr/syscall_dispatch.c, include/generated/zephyr/syscall_exports_llext.c, syscall_weakdefs_llext.c, include/generated/zephyr/syscall_list.h
[ite-aic-rtk-pdc:ro] [242/288] Building C object modules/ec/zephyr/CMakeFiles/ec_shim.dir/shim/src/charger.c.obj
[ite-aic-rtk-pdc:ro] [243/288] Building C object modules/ec/zephyr/CMakeFiles/ec_shim.dir/shim/src/system.c.obj
[ite-aic-rtk-pdc:ro] [244/288] Building C object modules/ec/zephyr/CMakeFiles/ec_shim.dir/shim/src/pdc_shim.c.obj
[ite-aic-rtk-pdc:rw] [120/288] Building C object zephyr/CMakeFiles/zephyr.dir/subsys/shell/shell_utils.c.obj
[ite-aic-rtk-pdc:rw] [121/288] Building C object zephyr/CMakeFiles/zephyr.dir/subsys/shell/shell.c.obj
[kanix:ro] [6/420] Generating include/generated/zephyr/driver-validation.h
[ite-aic-rtk-pdc:ro] [245/288] Building C object modules/ec/zephyr/CMakeFiles/ec_shim.dir/shim/src/hooks.c.obj
[ite-aic-rtk-pdc:rw] [122/288] Building C object zephyr/CMakeFiles/zephyr.dir/subsys/shell/shell_ops.c.obj
[ite-aic-rtk-pdc:ro] [246/288] Building C object modules/ec/zephyr/CMakeFiles/ec_shim.dir/shim/src/host_command.c.obj
[ite-aic-rtk-pdc:ro] [247/288] Building C object modules/ec/zephyr/CMakeFiles/ec_shim.dir/shim/src/flash.c.obj
[kanix:ro] [7/420] Generating include/generated/zephyr/kobj-types-enum.h, include/generated/zephyr/otype-to-str.h, include/generated/zephyr/otype-to-size.h
[ite-aic-rtk-pdc:rw] [123/288] Building C object zephyr/CMakeFiles/zephyr.dir/subsys/shell/shell_help.c.obj
[kanix:ro] [8/420] Generating include/generated/device-api-sections.ld, include/generated/device-api-sections.cmake
[ite-aic-rtk-pdc:ro] [248/288] Building C object modules/ec/zephyr/CMakeFiles/ec_shim.dir/shim/src/hwtimer.c.obj
[ite-aic-rtk-pdc:ro] [249/288] Building C object modules/ec/zephyr/CMakeFiles/ec_shim.dir/shim/src/panic.c.obj
[ite-aic-rtk-pdc:ro] [250/288] Building C object modules/ec/zephyr/CMakeFiles/ec_shim.dir/shim/src/console_buffer.c.obj
[ite-aic-rtk-pdc:ro] [251/288] Building C object modules/ec/zephyr/CMakeFiles/ec_shim.dir/shim/src/i2c.c.obj
[ite-aic-rtk-pdc:rw] [124/288] Building C object zephyr/CMakeFiles/zephyr.dir/drivers/flash/flash_util.c.obj
[ite-aic-rtk-pdc:rw] [125/288] Building C object zephyr/CMakeFiles/zephyr.dir/subsys/shell/shell_history.c.obj
[ite-aic-rtk-pdc:rw] [126/288] Linking C static library zephyr/libzephyr.a
[ite-aic-rtk-pdc:rw] [127/288] Building C object zephyr/arch/common/CMakeFiles/arch__common.dir/sw_isr_common.c.obj
[ite-aic-rtk-pdc:ro] [252/288] Building C object zephyr/kernel/CMakeFiles/kernel.dir/main_weak.c.obj
[ite-aic-rtk-pdc:rw] [128/288] Building C object zephyr/arch/common/CMakeFiles/arch__common.dir/dynamic_isr.c.obj
[ite-aic-rtk-pdc:ro] [253/288] Building C object modules/ec/zephyr/CMakeFiles/ec_shim.dir/shim/src/tasks.c.obj
[ite-aic-rtk-pdc:ro] [254/288] Building C object modules/ec/zephyr/CMakeFiles/ec_shim.dir/shim/src/sha256_hw.c.obj
[ite-aic-rtk-pdc:ro] [255/288] Building C object modules/ec/zephyr/CMakeFiles/ec_shim.dir/shim/src/watchdog.c.obj
[ite-aic-rtk-pdc:ro] [256/288] Building C object zephyr/kernel/CMakeFiles/kernel.dir/banner.c.obj
[ite-aic-rtk-pdc:rw] [129/288] Building C object zephyr/arch/common/CMakeFiles/arch__common.dir/init.c.obj
[ite-aic-rtk-pdc:ro] [257/288] Linking C static library modules/ec/zephyr/libec_shim.a
[ite-aic-rtk-pdc:ro] [258/288] Building C object zephyr/kernel/CMakeFiles/kernel.dir/busy_wait.c.obj
[kanix:ro] [9/420] Building C object zephyr/CMakeFiles/offsets.dir/arch/arm/core/offsets/offsets.c.obj
[ite-aic-rtk-pdc:ro] [259/288] Building C object zephyr/kernel/CMakeFiles/kernel.dir/device.c.obj
[ite-aic-rtk-pdc:ro] [260/288] Building C object zephyr/kernel/CMakeFiles/kernel.dir/errno.c.obj
[ite-aic-rtk-pdc:rw] [130/288] Building C object zephyr/arch/common/CMakeFiles/isr_tables.dir/isr_tables.c.obj
[ite-aic-rtk-pdc:ro] [261/288] Building C object zephyr/kernel/CMakeFiles/kernel.dir/version.c.obj
[ite-aic-rtk-pdc:rw] [131/288] Building C object zephyr/arch/common/CMakeFiles/arch__common.dir/xip.c.obj
[kanix:ro] [10/420] Generating include/generated/zephyr/offsets.h
[ite-aic-rtk-pdc:rw] [132/288] Linking C static library zephyr/arch/common/libisr_tables.a
[ite-aic-rtk-pdc:rw] [133/288] Linking C static library zephyr/arch/common/libarch__common.a
[ite-aic-rtk-pdc:rw] [134/288] Building C object zephyr/arch/arch/riscv/core/CMakeFiles/arch__riscv__core.dir/cpu_idle.c.obj
[ite-aic-rtk-pdc:ro] [262/288] Building C object zephyr/kernel/CMakeFiles/kernel.dir/kheap.c.obj
[ite-aic-rtk-pdc:ro] [263/288] Building C object zephyr/kernel/CMakeFiles/kernel.dir/float.c.obj
[ite-aic-rtk-pdc:ro] [264/288] Building C object zephyr/kernel/CMakeFiles/kernel.dir/fatal.c.obj
[ite-aic-rtk-pdc:ro] [265/288] Building C object zephyr/kernel/CMakeFiles/kernel.dir/mem_slab.c.obj
[ite-aic-rtk-pdc:rw] [135/288] Building C object zephyr/arch/arch/riscv/core/CMakeFiles/arch__riscv__core.dir/prep_c.c.obj
[ite-aic-rtk-pdc:ro] [266/288] Building C object zephyr/kernel/CMakeFiles/kernel.dir/init.c.obj
[ite-aic-rtk-pdc:rw] [136/288] Building C object zephyr/arch/arch/riscv/core/CMakeFiles/arch__riscv__core.dir/fatal.c.obj
[ite-aic-rtk-pdc:ro] [267/288] Building C object zephyr/kernel/CMakeFiles/kernel.dir/idle.c.obj
[ite-aic-rtk-pdc:ro] [268/288] Building C object zephyr/kernel/CMakeFiles/kernel.dir/mailbox.c.obj
[ite-aic-rtk-pdc:rw] [137/288] Building C object zephyr/arch/arch/riscv/core/CMakeFiles/arch__riscv__core.dir/irq_manage.c.obj
[ite-aic-rtk-pdc:ro] [269/288] Building C object zephyr/kernel/CMakeFiles/kernel.dir/msg_q.c.obj
[ite-aic-rtk-pdc:rw] [138/288] Building C object zephyr/arch/arch/riscv/core/CMakeFiles/arch__riscv__core.dir/reboot.c.obj
[kanix:ro] [11/420] Building C object zephyr/CMakeFiles/zephyr.dir/lib/libc/validate_libc.c.obj
[ite-aic-rtk-pdc:ro] [270/288] Building C object zephyr/kernel/CMakeFiles/kernel.dir/mutex.c.obj
[ite-aic-rtk-pdc:ro] [271/288] Building C object zephyr/kernel/CMakeFiles/kernel.dir/queue.c.obj
[ite-aic-rtk-pdc:rw] [139/288] Building ASM object zephyr/arch/arch/riscv/core/CMakeFiles/arch__riscv__core.dir/switch.S.obj
[ite-aic-rtk-pdc:ro] [272/288] Building C object zephyr/kernel/CMakeFiles/kernel.dir/system_work_q.c.obj
[ite-aic-rtk-pdc:rw] [140/288] Building ASM object zephyr/arch/arch/riscv/core/CMakeFiles/arch__riscv__core.dir/reset.S.obj
[ite-aic-rtk-pdc:ro] [273/288] Building C object zephyr/kernel/CMakeFiles/kernel.dir/sem.c.obj
[ite-aic-rtk-pdc:ro] [274/288] Building C object zephyr/kernel/CMakeFiles/kernel.dir/stack.c.obj
[ite-aic-rtk-pdc:rw] [141/288] Generating ../../../include/generated/libc/minimal/strerror_table.h
[ite-aic-rtk-pdc:ro] [275/288] Building C object zephyr/kernel/CMakeFiles/kernel.dir/condvar.c.obj
[ite-aic-rtk-pdc:rw] [142/288] Building C object zephyr/arch/arch/riscv/core/CMakeFiles/arch__riscv__core.dir/thread.c.obj
[ite-aic-rtk-pdc:rw] [143/288] Building C object zephyr/lib/libc/minimal/CMakeFiles/lib__libc__minimal.dir/source/stdlib/atoi.c.obj
[ite-aic-rtk-pdc:ro] [276/288] Building C object zephyr/kernel/CMakeFiles/kernel.dir/thread.c.obj
[ite-aic-rtk-pdc:rw] [144/288] Building ASM object zephyr/arch/arch/riscv/core/CMakeFiles/arch__riscv__core.dir/isr.S.obj
[ite-aic-rtk-pdc:rw] [145/288] Building C object zephyr/lib/libc/minimal/CMakeFiles/lib__libc__minimal.dir/source/stdlib/strtol.c.obj
[ite-aic-rtk-pdc:rw] [146/288] Building C object zephyr/lib/libc/minimal/CMakeFiles/lib__libc__minimal.dir/source/stdlib/strtoul.c.obj
[ite-aic-rtk-pdc:ro] [277/288] Building C object zephyr/kernel/CMakeFiles/kernel.dir/work.c.obj
[ite-aic-rtk-pdc:rw] [147/288] Building C object zephyr/lib/libc/minimal/CMakeFiles/lib__libc__minimal.dir/source/stdlib/strtoll.c.obj
[ite-aic-rtk-pdc:rw] [148/288] Building C object zephyr/lib/libc/minimal/CMakeFiles/lib__libc__minimal.dir/source/stdlib/bsearch.c.obj
[kanix:ro] [12/420] Building C object zephyr/CMakeFiles/zephyr.dir/lib/heap/heap.c.obj
[ite-aic-rtk-pdc:rw] [149/288] Building C object zephyr/lib/libc/minimal/CMakeFiles/lib__libc__minimal.dir/source/stdlib/strtoull.c.obj
[ite-aic-rtk-pdc:ro] [278/288] Building C object zephyr/kernel/CMakeFiles/kernel.dir/spinlock_validate.c.obj
[ite-aic-rtk-pdc:rw] [150/288] Building C object zephyr/arch/arch/riscv/core/CMakeFiles/arch__riscv__core.dir/stacktrace.c.obj
[ite-aic-rtk-pdc:ro] [279/288] Building C object zephyr/kernel/CMakeFiles/kernel.dir/thread_monitor.c.obj
[ite-aic-rtk-pdc:ro] [280/288] Building C object zephyr/kernel/CMakeFiles/kernel.dir/pipe.c.obj
[ite-aic-rtk-pdc:rw] [151/288] Linking C static library zephyr/arch/arch/riscv/core/libarch__riscv__core.a
[ite-aic-rtk-pdc:ro] [281/288] Building C object zephyr/kernel/CMakeFiles/kernel.dir/timeout.c.obj
Running (initial) lcov on /mnt/host/source/src/platform/ec/build/zephyr/axii.
[ite-aic-rtk-pdc:ro] [282/288] Building C object zephyr/kernel/CMakeFiles/kernel.dir/timer.c.obj
[ite-aic-rtk-pdc:ro] [283/288] Building C object zephyr/kernel/CMakeFiles/kernel.dir/sched.c.obj
[ite-aic-rtk-pdc:rw] [152/288] Building C object zephyr/lib/libc/minimal/CMakeFiles/lib__libc__minimal.dir/source/stdlib/qsort.c.obj
[ite-aic-rtk-pdc:rw] [153/288] Building C object zephyr/lib/libc/minimal/CMakeFiles/lib__libc__minimal.dir/source/string/strerror.c.obj
[ite-aic-rtk-pdc:rw] [154/288] Building C object zephyr/lib/libc/minimal/CMakeFiles/lib__libc__minimal.dir/source/string/strncasecmp.c.obj
[ite-aic-rtk-pdc:rw] [155/288] Building C object zephyr/lib/libc/minimal/CMakeFiles/lib__libc__minimal.dir/source/stdlib/exit.c.obj
[ite-aic-rtk-pdc:rw] [156/288] Building C object zephyr/lib/libc/minimal/CMakeFiles/lib__libc__minimal.dir/source/string/strstr.c.obj
[ite-aic-rtk-pdc:rw] [157/288] Building C object zephyr/lib/libc/minimal/CMakeFiles/lib__libc__minimal.dir/source/string/string.c.obj
[ite-aic-rtk-pdc:rw] [158/288] Building C object zephyr/lib/libc/minimal/CMakeFiles/lib__libc__minimal.dir/source/string/strspn.c.obj
[ite-aic-rtk-pdc:ro] [284/288] Building C object zephyr/kernel/CMakeFiles/kernel.dir/events.c.obj
[/mnt/host/source/src/platform/ec/build/zephyr/domika-lcov]   /mnt/host/source/src/platform/ec/build/zephyr/domika/build-ro/CMakeFiles/app.dir/mnt/host/source/src/platform/ec/build/zephyr/domika/modules/ec/common/chargen.c.gcno:no functions found
[/mnt/host/source/src/platform/ec/build/zephyr/domika-lcov] stderr:
[ite-aic-rtk-pdc:ro] [285/288] Building C object zephyr/kernel/CMakeFiles/kernel.dir/poll.c.obj
Running `env -i PYTHONPATH=/usr/lib64/python-exec/python3.11:/mnt/host/source/src/platform/ec/zephyr/zmake:/usr/lib/python311.zip:/usr/lib/python3.11:/usr/lib/python3.11/lib-dynload:/usr/lib/python3.11/site-packages PW_PIGWEED_CIPD_INSTALL_DIR=/usr CROSTC_USER_ACKNOWLEDGES_THAT_RISCV_IS_EXPERIMENTAL=1 PATH=/mnt/host/source/chromite/bin:/usr/local/bin:/usr/bin:/bin:/opt/bin:/mnt/host/source/chromite/sdk/bin:/mnt/host/source/chromite/bin HOME=/home/jpmurphy JAVA_HOME=/etc/java-config-2/current-system-vm JDK_HOME=/etc/java-config-2/current-system-vm JAVAC=/etc/java-config-2/current-system-vm/bin/javac MAKEFLAGS=' -j16 --jobserver-auth=5,6' /usr/bin/lcov --gcov-tool /mnt/host/source/src/platform/ec/build/zephyr/axii/build-rw/gcov.sh -q -o - -c -d /mnt/host/source/src/platform/ec/build/zephyr/axii -t axii --rc branch_coverage=1 --filter range --ignore-errors inconsistent,source --ignore-errors gcov,gcov -i`
[ite-aic-rtk-pdc:ro] [286/288] Building C object zephyr/kernel/CMakeFiles/kernel.dir/mempool.c.obj
[ite-aic-rtk-pdc:ro] [287/288] Building C object zephyr/kernel/CMakeFiles/kernel.dir/dynamic_disabled.c.obj
[ite-aic-rtk-pdc:ro] [288/288] Linking C static library zephyr/kernel/libkernel.a
[ite-aic-rtk-pdc:rw] [159/288] Building C object zephyr/lib/libc/minimal/CMakeFiles/lib__libc__minimal.dir/source/math/sqrtf.c.obj
[kanix:ro] [13/420] Building C object zephyr/CMakeFiles/zephyr.dir/lib/os/cbprintf_packaged.c.obj
[ite-aic-rtk-pdc:rw] [160/288] Building C object zephyr/lib/libc/minimal/CMakeFiles/lib__libc__minimal.dir/source/math/sqrt.c.obj
[ite-aic-rtk-pdc:rw] [161/288] Building C object zephyr/lib/libc/minimal/CMakeFiles/lib__libc__minimal.dir/source/stdout/stdout_console.c.obj
[ite-aic-rtk-pdc:rw] [162/288] Building C object zephyr/lib/libc/minimal/CMakeFiles/lib__libc__minimal.dir/source/stdout/sprintf.c.obj
[kanix:ro] [14/420] Building C object zephyr/CMakeFiles/zephyr.dir/lib/os/clock.c.obj
[ite-aic-rtk-pdc:rw] [163/288] Building C object zephyr/lib/libc/common/CMakeFiles/lib__libc__common.dir/source/time/gmtime_r.c.obj
[kanix:ro] [15/420] Building C object zephyr/CMakeFiles/zephyr.dir/lib/os/printk.c.obj
[ite-aic-rtk-pdc:rw] [164/288] Building C object zephyr/lib/libc/common/CMakeFiles/lib__libc__common.dir/source/time/asctime.c.obj
[ite-aic-rtk-pdc:rw] [165/288] Building C object zephyr/lib/libc/minimal/CMakeFiles/lib__libc__minimal.dir/source/stdout/fprintf.c.obj
[ite-aic-rtk-pdc:rw] [166/288] Building C object zephyr/lib/libc/common/CMakeFiles/lib__libc__common.dir/source/time/localtime_r_utc.c.obj
[ite-aic-rtk-pdc:rw] [167/288] Building C object zephyr/lib/libc/minimal/CMakeFiles/lib__libc__minimal.dir/source/time/gmtime.c.obj
[ite-aic-rtk-pdc:rw] [168/288] Building C object zephyr/lib/libc/common/CMakeFiles/lib__libc__common.dir/source/string/strnlen.c.obj
[ite-aic-rtk-pdc:rw] [169/288] Linking C static library zephyr/lib/libc/minimal/liblib__libc__minimal.a
[ite-aic-rtk-pdc:rw] [170/288] Building C object zephyr/lib/libc/common/CMakeFiles/lib__libc__common.dir/source/time/ctime.c.obj
[kanix:ro] [16/420] Building C object zephyr/CMakeFiles/zephyr.dir/lib/os/sem.c.obj
[ite-aic-rtk-pdc:rw] [171/288] Building C object zephyr/lib/posix/c_lib_ext/CMakeFiles/lib__posix__c_lib_ext.dir/fnmatch.c.obj
[ite-aic-rtk-pdc:rw] [172/288] Building C object zephyr/lib/libc/common/CMakeFiles/lib__libc__common.dir/source/time/time.c.obj
[/mnt/host/source/src/platform/ec/build/zephyr/kaladin-ish-lcov]   /mnt/host/source/src/platform/ec/build/zephyr/kaladin-ish/build-singleimage/modules/ec/zephyr/drivers/dsp_comms/CMakeFiles/dsp_comms.proto.nanopb.dir/dsp_comms.proto/nanopb/proto/ec_dsp.pb.c.gcno:no functions found
[/mnt/host/source/src/platform/ec/build/zephyr/kaladin-ish-lcov] stderr:
[ite-aic-rtk-pdc:rw] [173/288] Building C object zephyr/lib/libc/common/CMakeFiles/lib__libc__common.dir/source/stdlib/abort.c.obj
[ite-aic-rtk-pdc:rw] [174/288] Building C object zephyr/subsys/crc/CMakeFiles/subsys__crc.dir/crc4_sw.c.obj
[ite-aic-rtk-pdc:rw] [175/288] Building C object zephyr/subsys/crc/CMakeFiles/subsys__crc.dir/crc8_sw.c.obj
[/mnt/host/source/src/platform/ec/build/zephyr/axii-lcov] geninfo: WARNING: using JSON module "JSON::PP" - which is much slower than some alternatives.  Consider installing one of JSON::XS or Cpanel::JSON::XS
[ite-aic-rtk-pdc:rw] [176/288] Building C object zephyr/subsys/crc/CMakeFiles/subsys__crc.dir/crc16_sw.c.obj
[ite-aic-rtk-pdc:rw] [177/288] Building C object zephyr/subsys/crc/CMakeFiles/subsys__crc.dir/crc24_sw.c.obj
[ite-aic-rtk-pdc:rw] [178/288] Building C object zephyr/subsys/crc/CMakeFiles/subsys__crc.dir/crc7_sw.c.obj
[ite-aic-rtk-pdc:rw] [179/288] Building C object zephyr/subsys/crc/CMakeFiles/subsys__crc.dir/crc32c_sw.c.obj
[ite-aic-rtk-pdc:rw] [180/288] Building C object zephyr/subsys/crc/CMakeFiles/subsys__crc.dir/crc32_sw.c.obj
[kanix:ro] [17/420] Building C object zephyr/CMakeFiles/zephyr.dir/lib/os/thread_entry.c.obj
[ite-aic-rtk-pdc:rw] [181/288] Building C object zephyr/lib/libc/common/CMakeFiles/lib__libc__common.dir/source/stdlib/malloc.c.obj
[kanix:ro] [18/420] Building C object zephyr/CMakeFiles/zephyr.dir/lib/os/cbprintf_nano.c.obj
[ite-aic-rtk-pdc:rw] [182/288] Building C object zephyr/subsys/crc/CMakeFiles/subsys__crc.dir/crc32k_4_2_sw.c.obj
[ite-aic-rtk-pdc:rw] [183/288] Building C object zephyr/lib/posix/c_lib_ext/CMakeFiles/lib__posix__c_lib_ext.dir/getopt_shim.c.obj
[kanix:ro] [19/420] Building C object zephyr/CMakeFiles/zephyr.dir/lib/os/cbprintf.c.obj
[ite-aic-rtk-pdc:rw] [184/288] Linking C static library zephyr/lib/libc/common/liblib__libc__common.a
[ite-aic-rtk-pdc:rw] [185/288] Building C object zephyr/lib/posix/c_lib_ext/CMakeFiles/lib__posix__c_lib_ext.dir/getentropy.c.obj
[ite-aic-rtk-pdc:rw] [186/288] Linking C static library zephyr/subsys/crc/libsubsys__crc.a
[ite-aic-rtk-pdc:rw] [187/288] Linking C static library zephyr/lib/posix/c_lib_ext/liblib__posix__c_lib_ext.a
[ite-aic-rtk-pdc:rw] [188/288] Building C object zephyr/lib/smf/CMakeFiles/lib__smf.dir/smf.c.obj
[/mnt/host/source/src/platform/ec/build/zephyr/pujjogatwin-lcov]   /mnt/host/source/src/platform/ec/build/zephyr/pujjogatwin/build-rw/zephyr/drivers/sensor/CMakeFiles/drivers__sensor.dir/mnt/host/source/src/third_party/zephyr/main/misc/empty_file.c.gcno:no functions found
[/mnt/host/source/src/platform/ec/build/zephyr/pujjogatwin-lcov] Filter suppressions 'region':
[ite-aic-rtk-pdc:rw] [189/288] Linking C static library zephyr/lib/smf/liblib__smf.a
[kanix:ro] [20/420] Building C object zephyr/CMakeFiles/zephyr.dir/lib/utils/dec.c.obj
[kanix:ro] [21/420] Building C object zephyr/CMakeFiles/zephyr.dir/lib/os/assert.c.obj
[kanix:ro] [22/420] Building C object zephyr/CMakeFiles/zephyr.dir/lib/utils/hex.c.obj
[/mnt/host/source/src/platform/ec/build/zephyr/pujjogatwin-lcov]     38 instances
[/mnt/host/source/src/platform/ec/build/zephyr/pujjogatwin-lcov]     34 coverpoints
[/mnt/host/source/src/platform/ec/build/zephyr/pujjogatwin-lcov] Message summary:
[/mnt/host/source/src/platform/ec/build/zephyr/pujjogatwin-lcov]   31 ignore messages:
[/mnt/host/source/src/platform/ec/build/zephyr/pujjogatwin-lcov]     gcov: 31
[ite-aic-rtk-pdc:rw] [190/288] Building C object zephyr/drivers/interrupt_controller/CMakeFiles/drivers__interrupt_controller.dir/wuc_ite_it8xxx2.c.obj
[ite-aic-rtk-pdc:rw] [191/288] Building C object zephyr/drivers/bbram/CMakeFiles/drivers__bbram.dir/bbram_it8xxx2.c.obj
[kanix:ro] [23/420] Building C object zephyr/CMakeFiles/zephyr.dir/lib/utils/bitmask.c.obj
[kanix:ro] [24/420] Building C object zephyr/CMakeFiles/zephyr.dir/lib/utils/timeutil.c.obj
[ite-aic-rtk-pdc:rw] [192/288] Building C object zephyr/drivers/interrupt_controller/CMakeFiles/drivers__interrupt_controller.dir/intc_ite_it8xxx2_v2.c.obj
[ite-aic-rtk-pdc:rw] [193/288] Linking C static library zephyr/drivers/bbram/libdrivers__bbram.a
[ite-aic-rtk-pdc:rw] [194/288] Building C object zephyr/drivers/console/CMakeFiles/drivers__console.dir/uart_console.c.obj
[ite-aic-rtk-pdc:rw] [195/288] Linking C static library zephyr/drivers/interrupt_controller/libdrivers__interrupt_controller.a
[ite-aic-rtk-pdc:rw] [196/288] Building C object zephyr/drivers/crypto/CMakeFiles/drivers__crypto.dir/crypto_it8xxx2_sha_v2.c.obj
[ite-aic-rtk-pdc:rw] [197/288] Building C object zephyr/drivers/flash/CMakeFiles/drivers__flash.dir/flash_ite_it8xxx2.c.obj
[ite-aic-rtk-pdc:rw] [198/288] Linking C static library zephyr/drivers/console/libdrivers__console.a
[ite-aic-rtk-pdc:rw] [199/288] Linking C static library zephyr/drivers/flash/libdrivers__flash.a
[ite-aic-rtk-pdc:rw] [200/288] Linking C static library zephyr/drivers/crypto/libdrivers__crypto.a
[ite-aic-rtk-pdc:rw] [201/288] Building C object zephyr/drivers/i2c/CMakeFiles/drivers__i2c.dir/i2c_common.c.obj
[kanix:ro] [25/420] Building C object zephyr/CMakeFiles/zephyr.dir/lib/utils/rb.c.obj
[ite-aic-rtk-pdc:rw] [202/288] Building C object zephyr/drivers/syscon/CMakeFiles/drivers__syscon.dir/mnt/host/source/src/third_party/zephyr/main/misc/empty_file.c.obj
[ite-aic-rtk-pdc:rw] [203/288] Building C object zephyr/drivers/i2c/CMakeFiles/drivers__i2c.dir/i2c_bitbang.c.obj
[ite-aic-rtk-pdc:rw] [204/288] Linking C static library zephyr/drivers/syscon/libdrivers__syscon.a
[kanix:ro] [26/420] Building C object zephyr/CMakeFiles/zephyr.dir/lib/utils/bitarray.c.obj
[ite-aic-rtk-pdc:rw] [205/288] Building C object zephyr/drivers/pinctrl/CMakeFiles/drivers__pinctrl.dir/common.c.obj
[kanix:ro] [27/420] Building C object zephyr/CMakeFiles/zephyr.dir/lib/utils/ring_buffer.c.obj
[kanix:ro] [28/420] Building C object zephyr/CMakeFiles/zephyr.dir/lib/utils/last_section_id.c.obj
[kanix:ro] [29/420] Building C object zephyr/CMakeFiles/zephyr.dir/lib/utils/getopt/getopt.c.obj
[ite-aic-rtk-pdc:rw] [206/288] Building C object zephyr/drivers/i2c/CMakeFiles/drivers__i2c.dir/i2c_shell.c.obj
[ite-aic-rtk-pdc:rw] [207/288] Building C object zephyr/drivers/serial/CMakeFiles/drivers__serial.dir/uart_ite_it8xxx2.c.obj
[kanix:ro] [30/420] Building C object zephyr/CMakeFiles/zephyr.dir/misc/generated/configs.c.obj
[kanix:ro] [31/420] Building C object zephyr/CMakeFiles/zephyr.dir/lib/utils/getopt/getopt_common.c.obj
[ite-aic-rtk-pdc:rw] [208/288] Building C object zephyr/drivers/pinctrl/CMakeFiles/drivers__pinctrl.dir/pinctrl_ite_it8xxx2.c.obj
[ite-aic-rtk-pdc:rw] [209/288] Building C object zephyr/drivers/i2c/CMakeFiles/drivers__i2c.dir/i2c_ite_enhance.c.obj
[ite-aic-rtk-pdc:rw] [210/288] Linking C static library zephyr/drivers/pinctrl/libdrivers__pinctrl.a
[/mnt/host/source/src/platform/ec/build/zephyr/kaladin-ish-lcov]   /mnt/host/source/src/platform/ec/build/zephyr/kaladin-ish/build-singleimage/zephyr/arch/arch/x86/core/CMakeFiles/arch__x86__core.dir/spec_ctrl.c.gcno:no functions found
[/mnt/host/source/src/platform/ec/build/zephyr/kaladin-ish-lcov] stderr:
[ite-aic-rtk-pdc:rw] [211/288] Building C object zephyr/drivers/timer/CMakeFiles/drivers__timer.dir/sys_clock_init.c.obj
[ite-aic-rtk-pdc:rw] [212/288] Building C object zephyr/drivers/gpio/CMakeFiles/drivers__gpio.dir/gpio_ite_it8xxx2_v2.c.obj
[ite-aic-rtk-pdc:rw] [213/288] Building C object zephyr/drivers/serial/CMakeFiles/drivers__serial.dir/uart_ns16550.c.obj
[ite-aic-rtk-pdc:rw] [214/288] Linking C static library zephyr/drivers/i2c/libdrivers__i2c.a
[ite-aic-rtk-pdc:rw] [215/288] Linking C static library zephyr/drivers/gpio/libdrivers__gpio.a
[ite-aic-rtk-pdc:rw] [216/288] Building C object zephyr/drivers/timer/CMakeFiles/drivers__timer.dir/ite_it8xxx2_timer.c.obj
[ite-aic-rtk-pdc:rw] [217/288] Linking C static library zephyr/drivers/serial/libdrivers__serial.a
[ite-aic-rtk-pdc:rw] [218/288] Linking C static library zephyr/drivers/timer/libdrivers__timer.a
[ite-aic-rtk-pdc:rw] [219/288] Building C object zephyr/drivers/watchdog/CMakeFiles/drivers__watchdog.dir/wdt_ite_it8xxx2.c.obj
[ite-aic-rtk-pdc:rw] [220/288] Building C object zephyr/drivers/watchdog/CMakeFiles/drivers__watchdog.dir/wdt_shell.c.obj
[kanix:ro] [32/420] Building C object zephyr/CMakeFiles/zephyr.dir/soc/nuvoton/npcx/common/power.c.obj
[kanix:ro] [33/420] Building C object zephyr/CMakeFiles/zephyr.dir/soc/nuvoton/npcx/common/npcxn/registers.c.obj
[ite-aic-rtk-pdc:rw] [221/288] Linking C static library zephyr/drivers/watchdog/libdrivers__watchdog.a
[kanix:ro] [34/420] Building C object zephyr/CMakeFiles/zephyr.dir/soc/nuvoton/npcx/npcx9/soc.c.obj
[kanix:ro] [35/420] Building C object zephyr/CMakeFiles/zephyr.dir/soc/nuvoton/npcx/common/scfg.c.obj
[ite-aic-rtk-pdc:rw] [222/288] Building C object modules/ec/zephyr/CMakeFiles/ec_shim.dir/app/ec/ec_app_main.c.obj
[ite-aic-rtk-pdc:rw] [223/288] Building C object modules/ec/zephyr/CMakeFiles/ec_shim.dir/drivers/cros_system/cros_system_it8xxx2.c.obj
[ite-aic-rtk-pdc:rw] [224/288] Building C object modules/ec/zephyr/CMakeFiles/ec_shim.dir/app/ec/main_shim.c.obj
[ite-aic-rtk-pdc:rw] [225/288] Building C object modules/ec/zephyr/CMakeFiles/ec_shim.dir/drivers/usbc/ucsi_v3.c.obj
[ite-aic-rtk-pdc:rw] [226/288] Building C object modules/ec/zephyr/CMakeFiles/ec_shim.dir/drivers/cros_flash/cros_flash_it8xxx2.c.obj
[ite-aic-rtk-pdc:rw] [227/288] Building C object modules/ec/zephyr/CMakeFiles/ec_shim.dir/shim/chip/it8xxx2/clock.c.obj
[ite-aic-rtk-pdc:rw] [228/288] Building C object modules/ec/zephyr/CMakeFiles/ec_shim.dir/shim/src/crc.c.obj
[ite-aic-rtk-pdc:rw] [229/288] Building C object modules/ec/zephyr/CMakeFiles/ec_shim.dir/shim/chip/it8xxx2/gpio.c.obj
[kanix:ro] [36/420] Building C object zephyr/CMakeFiles/zephyr.dir/subsys/pm/state.c.obj
[kanix:ro] [37/420] Building C object zephyr/CMakeFiles/zephyr.dir/subsys/logging/log_minimal.c.obj
[ite-aic-rtk-pdc:rw] [230/288] Building C object modules/ec/zephyr/CMakeFiles/ec_shim.dir/drivers/usbc/pdc_rts54xx_fwup.c.obj
[kanix:ro] [38/420] Building C object zephyr/CMakeFiles/zephyr.dir/subsys/mem_mgmt/mem_attr.c.obj
[ite-aic-rtk-pdc:rw] [231/288] Building C object modules/ec/zephyr/CMakeFiles/ec_shim.dir/shim/chip/it8xxx2/system.c.obj
[kanix:ro] [39/420] Building C object zephyr/CMakeFiles/zephyr.dir/subsys/pm/pm.c.obj
[ite-aic-rtk-pdc:rw] [232/288] Building C object modules/ec/zephyr/CMakeFiles/ec_shim.dir/shim/chip/it8xxx2/power_policy.c.obj
[ite-aic-rtk-pdc:rw] [233/288] Building C object modules/ec/zephyr/CMakeFiles/ec_shim.dir/shim/src/console.c.obj
[ite-aic-rtk-pdc:rw] [234/288] Building C object modules/ec/zephyr/CMakeFiles/ec_shim.dir/drivers/usbc/pdc_rts54xx.c.obj
[ite-aic-rtk-pdc:rw] [235/288] Building C object modules/ec/zephyr/CMakeFiles/ec_shim.dir/shim/src/panic_utils.c.obj
[ite-aic-rtk-pdc:rw] [236/288] Building C object modules/ec/zephyr/CMakeFiles/ec_shim.dir/shim/src/gpio.c.obj
[ite-aic-rtk-pdc:rw] [237/288] Building C object modules/ec/zephyr/CMakeFiles/ec_shim.dir/shim/src/gpio_int.c.obj
[ite-aic-rtk-pdc:rw] [238/288] Building C object modules/ec/zephyr/CMakeFiles/ec_shim.dir/shim/src/pm_state.c.obj
[kanix:ro] [40/420] Building C object zephyr/CMakeFiles/zephyr.dir/subsys/pm/policy/policy_events.c.obj
[ite-aic-rtk-pdc:rw] [239/288] Building C object modules/ec/zephyr/CMakeFiles/ec_shim.dir/shim/src/cbi/cros_cbi.c.obj
[kanix:ro] [41/420] Building C object zephyr/CMakeFiles/zephyr.dir/subsys/pm/policy/policy_latency.c.obj
[ite-aic-rtk-pdc:rw] [240/288] Building C object modules/ec/zephyr/CMakeFiles/ec_shim.dir/shim/src/cbi/cbi_flash.c.obj
[kanix:ro] [42/420] Building C object zephyr/CMakeFiles/zephyr.dir/subsys/pm/policy/policy_state_lock.c.obj
[ite-aic-rtk-pdc:rw] [241/288] Building C object modules/ec/zephyr/CMakeFiles/ec_shim.dir/shim/src/battery.c.obj
[ite-aic-rtk-pdc:rw] [242/288] Building C object modules/ec/zephyr/CMakeFiles/ec_shim.dir/shim/src/pdc_shim.c.obj
[kanix:ro] [43/420] Building C object zephyr/CMakeFiles/zephyr.dir/subsys/pm/device.c.obj
[ite-aic-rtk-pdc:rw] [243/288] Building C object modules/ec/zephyr/CMakeFiles/ec_shim.dir/shim/src/charger.c.obj
[ite-aic-rtk-pdc:rw] [244/288] Building C object modules/ec/zephyr/CMakeFiles/ec_shim.dir/shim/src/system.c.obj
[ite-aic-rtk-pdc:rw] [245/288] Building C object modules/ec/zephyr/CMakeFiles/ec_shim.dir/shim/src/flash.c.obj
[ite-aic-rtk-pdc:rw] [246/288] Building C object modules/ec/zephyr/CMakeFiles/ec_shim.dir/shim/src/hooks.c.obj
[ite-aic-rtk-pdc:rw] [247/288] Building C object modules/ec/zephyr/CMakeFiles/ec_shim.dir/shim/src/console_buffer.c.obj
[ite-aic-rtk-pdc:rw] [248/288] Building C object modules/ec/zephyr/CMakeFiles/ec_shim.dir/shim/src/host_command.c.obj
[ite-aic-rtk-pdc:rw] [249/288] Building C object modules/ec/zephyr/CMakeFiles/ec_shim.dir/shim/src/panic.c.obj
[kanix:ro] [44/420] Building C object zephyr/CMakeFiles/zephyr.dir/subsys/testsuite/coverage/coverage.c.obj
[kanix:ro] [45/420] Building C object zephyr/CMakeFiles/zephyr.dir/subsys/pm/device_system_managed.c.obj
[kanix:ro] [46/420] Building C object zephyr/CMakeFiles/zephyr.dir/subsys/tracing/tracing_none.c.obj
[ite-aic-rtk-pdc:rw] [250/288] Building C object modules/ec/zephyr/CMakeFiles/ec_shim.dir/shim/src/hwtimer.c.obj
[ite-aic-rtk-pdc:rw] [251/288] Building C object modules/ec/zephyr/CMakeFiles/ec_shim.dir/shim/src/i2c.c.obj
[ite-aic-rtk-pdc:rw] [252/288] Building C object modules/ec/zephyr/CMakeFiles/ec_shim.dir/shim/src/sha256_hw.c.obj
[ite-aic-rtk-pdc:rw] [253/288] Building C object zephyr/kernel/CMakeFiles/kernel.dir/main_weak.c.obj
[kanix:ro] [47/420] Building C object zephyr/CMakeFiles/zephyr.dir/subsys/shell/modules/kernel_service/kernel_shell.c.obj
[ite-aic-rtk-pdc:rw] [254/288] Building C object modules/ec/zephyr/CMakeFiles/ec_shim.dir/shim/src/watchdog.c.obj
[ite-aic-rtk-pdc:rw] [255/288] Building C object zephyr/kernel/CMakeFiles/kernel.dir/busy_wait.c.obj
[ite-aic-rtk-pdc:rw] [256/288] Building C object zephyr/kernel/CMakeFiles/kernel.dir/banner.c.obj
[/mnt/host/source/src/platform/ec/build/zephyr/domika-lcov]   /mnt/host/source/src/platform/ec/build/zephyr/domika/build-ro/CMakeFiles/app.dir/mnt/host/source/src/platform/ec/build/zephyr/domika/modules/ec/common/cbi_config.c.gcno:no functions found
[/mnt/host/source/src/platform/ec/build/zephyr/domika-lcov] stderr:
[ite-aic-rtk-pdc:rw] [257/288] Building C object modules/ec/zephyr/CMakeFiles/ec_shim.dir/shim/src/tasks.c.obj
[ite-aic-rtk-pdc:rw] [258/288] Building C object zephyr/kernel/CMakeFiles/kernel.dir/device.c.obj
[ite-aic-rtk-pdc:rw] [259/288] Building C object zephyr/kernel/CMakeFiles/kernel.dir/version.c.obj
[ite-aic-rtk-pdc:rw] [260/288] Building C object zephyr/kernel/CMakeFiles/kernel.dir/errno.c.obj
[ite-aic-rtk-pdc:rw] [261/288] Linking C static library modules/ec/zephyr/libec_shim.a
[kanix:ro] [48/420] Building C object zephyr/CMakeFiles/zephyr.dir/subsys/shell/modules/kernel_service/cycles.c.obj
[ite-aic-rtk-pdc:rw] [262/288] Building C object zephyr/kernel/CMakeFiles/kernel.dir/kheap.c.obj
[kanix:ro] [49/420] Building C object zephyr/CMakeFiles/zephyr.dir/subsys/shell/modules/kernel_service/uptime.c.obj
[kanix:ro] [50/420] Building C object zephyr/CMakeFiles/zephyr.dir/subsys/shell/modules/kernel_service/sleep.c.obj
[ite-aic-rtk-pdc:rw] [263/288] Building C object zephyr/kernel/CMakeFiles/kernel.dir/fatal.c.obj
[ite-aic-rtk-pdc:rw] [264/288] Building C object zephyr/kernel/CMakeFiles/kernel.dir/init.c.obj
[ite-aic-rtk-pdc:rw] [265/288] Building C object zephyr/kernel/CMakeFiles/kernel.dir/mem_slab.c.obj
[ite-aic-rtk-pdc:rw] [266/288] Building C object zephyr/kernel/CMakeFiles/kernel.dir/float.c.obj
[ite-aic-rtk-pdc:rw] [267/288] Building C object zephyr/kernel/CMakeFiles/kernel.dir/idle.c.obj
[/mnt/host/source/src/platform/ec/build/zephyr/domika-lcov]   /mnt/host/source/src/platform/ec/build/zephyr/domika/build-ro/zephyr/arch/arch/riscv/core/CMakeFiles/arch__riscv__core.dir/cpu_idle.c.gcno:no functions found
[/mnt/host/source/src/platform/ec/build/zephyr/domika-lcov] stderr:
[kanix:ro] [51/420] Building C object zephyr/CMakeFiles/zephyr.dir/subsys/shell/modules/kernel_service/version.c.obj
[/mnt/host/source/src/platform/ec/build/zephyr/axii-lcov] stderr:
[ite-aic-rtk-pdc:rw] [268/288] Building C object zephyr/kernel/CMakeFiles/kernel.dir/mailbox.c.obj
[ite-aic-rtk-pdc:rw] [269/288] Building C object zephyr/kernel/CMakeFiles/kernel.dir/msg_q.c.obj
[ite-aic-rtk-pdc:rw] [270/288] Building C object zephyr/kernel/CMakeFiles/kernel.dir/mutex.c.obj
[ite-aic-rtk-pdc:rw] [271/288] Building C object zephyr/kernel/CMakeFiles/kernel.dir/sem.c.obj
[ite-aic-rtk-pdc:rw] [272/288] Building C object zephyr/kernel/CMakeFiles/kernel.dir/stack.c.obj
[ite-aic-rtk-pdc:rw] [273/288] Building C object zephyr/kernel/CMakeFiles/kernel.dir/queue.c.obj
[kanix:ro] [52/420] Building C object zephyr/CMakeFiles/zephyr.dir/subsys/shell/modules/kernel_service/thread/list.c.obj
[kanix:ro] [53/420] Building C object zephyr/CMakeFiles/zephyr.dir/subsys/shell/modules/kernel_service/thread/thread.c.obj
[kanix:ro] [54/420] Building C object zephyr/CMakeFiles/zephyr.dir/subsys/shell/modules/kernel_service/thread/stacks.c.obj
[ite-aic-rtk-pdc:rw] [274/288] Building C object zephyr/kernel/CMakeFiles/kernel.dir/system_work_q.c.obj
[/mnt/host/source/src/platform/ec/build/zephyr/axii-lcov]   /mnt/host/source/src/platform/ec/build/zephyr/axii/build-ro/zephyr/arch/arch/riscv/core/CMakeFiles/arch__riscv__core.dir/cpu_idle.c.gcno:no functions found
[/mnt/host/source/src/platform/ec/build/zephyr/axii-lcov] stderr:
[ite-aic-rtk-pdc:rw] [275/288] Building C object zephyr/kernel/CMakeFiles/kernel.dir/condvar.c.obj
[ite-aic-rtk-pdc:rw] [276/288] Building C object zephyr/kernel/CMakeFiles/kernel.dir/work.c.obj
[ite-aic-rtk-pdc:rw] [277/288] Building C object zephyr/kernel/CMakeFiles/kernel.dir/thread.c.obj
[kanix:ro] [55/420] Building C object zephyr/CMakeFiles/zephyr.dir/subsys/shell/modules/kernel_service/thread/suspend.c.obj
[ite-aic-rtk-pdc:rw] [278/288] Building C object zephyr/kernel/CMakeFiles/kernel.dir/spinlock_validate.c.obj
[ite-aic-rtk-pdc:rw] [279/288] Building C object zephyr/kernel/CMakeFiles/kernel.dir/thread_monitor.c.obj
Toolchain <zmake.toolchains.CorebootSdkToolchain object at 0x7f4143039fd0> selected by probe function.
[anakin] Building in /mnt/host/source/src/platform/ec/build/zephyr/anakin.
[ite-aic-rtk-pdc:rw] [280/288] Building C object zephyr/kernel/CMakeFiles/kernel.dir/pipe.c.obj
[anakin:rw] Configuring.
Running `env -i PYTHONPATH=/usr/lib64/python-exec/python3.11:/mnt/host/source/src/platform/ec/zephyr/zmake:/usr/lib/python311.zip:/usr/lib/python3.11:/usr/lib/python3.11/lib-dynload:/usr/lib/python3.11/site-packages PW_PIGWEED_CIPD_INSTALL_DIR=/usr CROSTC_USER_ACKNOWLEDGES_THAT_RISCV_IS_EXPERIMENTAL=1 PATH=/mnt/host/source/chromite/bin:/usr/local/bin:/usr/bin:/bin:/opt/bin:/mnt/host/source/chromite/sdk/bin:/mnt/host/source/chromite/bin HOME=/home/jpmurphy JAVA_HOME=/etc/java-config-2/current-system-vm JDK_HOME=/etc/java-config-2/current-system-vm JAVAC=/etc/java-config-2/current-system-vm/bin/javac MAKEFLAGS=' -j16 --jobserver-auth=5,6' /usr/bin/cmake -S /mnt/host/source/src/platform/ec/zephyr/program/skywalker -B /mnt/host/source/src/platform/ec/build/zephyr/anakin/build-rw -GNinja -DCMAKE_EXPORT_COMPILE_COMMANDS=ON -DZEPHYR_BASE=/mnt/host/source/src/third_party/zephyr/main -DZMAKE_INCLUDE_DIR=/mnt/host/source/src/platform/ec/build/zephyr/anakin/include -DPython3_EXECUTABLE=/usr/bin/python3.11 -DDTS_ROOT=/mnt/host/source/src/platform/ec/zephyr -DSYSCALL_INCLUDE_DIRS=/mnt/host/source/src/platform/ec/zephyr/include/drivers -DUSER_CACHE_DIR=/mnt/host/source/src/platform/ec/build/zephyr/user-cache '-DEXTRA_EC_VERSION_FLAGS=--version 16543.0.0 --static' -DTOOLCHAIN_ROOT=/mnt/host/source/src/platform/ec/zephyr -DCOREBOOT_SDK_ROOT_x86=/home/jpmurphy/.cache/coreboot-sdk/i386-elf/dfbb0486385d938cfa9d73080b9d18d598ed4f49 -DCOREBOOT_SDK_ROOT_picolibc_x86=/home/jpmurphy/.cache/coreboot-sdk/picolibc-i386-elf/eb8e8e687b95461de8cbf278f1c2076952d0ad17 -DCOREBOOT_SDK_ROOT_riscv64=/home/jpmurphy/.cache/coreboot-sdk/riscv64-elf/96b949749225b6aaa92ed810ab769e8dfb12f000 -DCOREBOOT_SDK_ROOT_picolibc_arm=/home/jpmurphy/.cache/coreboot-sdk/picolibc-arm-eabi/422a2aa3e1ef891b5bece9a3deb696ff83840d2e -DCOREBOOT_SDK_ROOT_nds32=/home/jpmurphy/.cache/coreboot-sdk/nds32le-elf/d1a518c4a097666d86058e1444f85ca015d15511 -DCOREBOOT_SDK_ROOT_picolibc_riscv64=/home/jpmurphy/.cache/coreboot-sdk/picolibc-riscv64-elf/f571e990ef0278564b31124f8bb109d9a697eb69 -DCOREBOOT_SDK_ROOT_arm=/home/jpmurphy/.cache/coreboot-sdk/arm-eabi/ea40ddd1d190c3b48435c474c0b545719371813a -DCOREBOOT_SDK_ROOT_libstdcxx_riscv64=/home/jpmurphy/.cache/coreboot-sdk/libstdcxx-riscv64-elf/17abf22a3a252e2d5d2062ced5324f7a623689e0 -DCOREBOOT_SDK_ROOT_libstdcxx_arm=/home/jpmurphy/.cache/coreboot-sdk/libstdcxx-arm-eabi/5d7d82e150e44aa1968f1d366e267e6687b328ac -DCOREBOOT_SDK_ROOT_riscv=/home/jpmurphy/.cache/coreboot-sdk/riscv-elf/9a27b9e82341c6e9126624f516ab3f261abb3e73 -DCOREBOOT_SDK_ROOT_libstdcxx_x86=/home/jpmurphy/.cache/coreboot-sdk/libstdcxx-i386-elf/42ef9d2e87a76a37963175d7d428734e65648b87 -DZEPHYR_TOOLCHAIN_VARIANT=coreboot-sdk -DZEPHYR_MODULES=/mnt/host/source/src/platform/ec/build/zephyr/anakin/modules/ec -DDTC_OVERLAY_FILE=/mnt/host/source/src/platform/ec/zephyr/program/skywalker/anakin/project.overlay -DBOARD=it8xxx2/it82002aw -DCMAKE_C_FLAGS=-DSECTION_IS_RW '-DCONF_FILE=/mnt/host/source/src/platform/ec/zephyr/program/skywalker/program.conf;/mnt/host/source/src/platform/ec/zephyr/program/skywalker/ite_program.conf;/mnt/host/source/src/platform/ec/zephyr/program/skywalker/anakin/project.conf;/mnt/host/source/src/platform/ec/build/zephyr/anakin/kconfig-rw.conf'`
[anakin:rw] Loading Zephyr default modules (Zephyr base (cached)).
[anakin:rw] -- Application: /mnt/host/source/src/platform/ec/zephyr/program/skywalker
[anakin:rw] -- CMake version: 3.31.7
[/mnt/host/source/src/platform/ec/build/zephyr/kaladin-ish-lcov]   /mnt/host/source/src/platform/ec/build/zephyr/kaladin-ish/build-singleimage/zephyr/CMakeFiles/zephyr.dir/subsys/shell/modules/kernel_service/kernel_shell.c.gcno:no functions found
[/mnt/host/source/src/platform/ec/build/zephyr/kaladin-ish-lcov] stderr:
[ite-aic-rtk-pdc:rw] [281/288] Building C object zephyr/kernel/CMakeFiles/kernel.dir/sched.c.obj
[ite-aic-rtk-pdc:rw] [282/288] Building C object zephyr/kernel/CMakeFiles/kernel.dir/timer.c.obj
[ite-aic-rtk-pdc:rw] [283/288] Building C object zephyr/kernel/CMakeFiles/kernel.dir/timeout.c.obj
[kanix:ro] [56/420] Building C object zephyr/CMakeFiles/zephyr.dir/subsys/shell/modules/kernel_service/thread/kill.c.obj
[anakin:ro] Configuring.
Running `env -i PYTHONPATH=/usr/lib64/python-exec/python3.11:/mnt/host/source/src/platform/ec/zephyr/zmake:/usr/lib/python311.zip:/usr/lib/python3.11:/usr/lib/python3.11/lib-dynload:/usr/lib/python3.11/site-packages PW_PIGWEED_CIPD_INSTALL_DIR=/usr CROSTC_USER_ACKNOWLEDGES_THAT_RISCV_IS_EXPERIMENTAL=1 PATH=/mnt/host/source/chromite/bin:/usr/local/bin:/usr/bin:/bin:/opt/bin:/mnt/host/source/chromite/sdk/bin:/mnt/host/source/chromite/bin HOME=/home/jpmurphy JAVA_HOME=/etc/java-config-2/current-system-vm JDK_HOME=/etc/java-config-2/current-system-vm JAVAC=/etc/java-config-2/current-system-vm/bin/javac MAKEFLAGS=' -j16 --jobserver-auth=5,6' /usr/bin/cmake -S /mnt/host/source/src/platform/ec/zephyr/program/skywalker -B /mnt/host/source/src/platform/ec/build/zephyr/anakin/build-ro -GNinja -DCMAKE_EXPORT_COMPILE_COMMANDS=ON -DZEPHYR_BASE=/mnt/host/source/src/third_party/zephyr/main -DZMAKE_INCLUDE_DIR=/mnt/host/source/src/platform/ec/build/zephyr/anakin/include -DPython3_EXECUTABLE=/usr/bin/python3.11 -DDTS_ROOT=/mnt/host/source/src/platform/ec/zephyr -DSYSCALL_INCLUDE_DIRS=/mnt/host/source/src/platform/ec/zephyr/include/drivers -DUSER_CACHE_DIR=/mnt/host/source/src/platform/ec/build/zephyr/user-cache '-DEXTRA_EC_VERSION_FLAGS=--version 16543.0.0 --static' -DTOOLCHAIN_ROOT=/mnt/host/source/src/platform/ec/zephyr -DCOREBOOT_SDK_ROOT_x86=/home/jpmurphy/.cache/coreboot-sdk/i386-elf/dfbb0486385d938cfa9d73080b9d18d598ed4f49 -DCOREBOOT_SDK_ROOT_picolibc_x86=/home/jpmurphy/.cache/coreboot-sdk/picolibc-i386-elf/eb8e8e687b95461de8cbf278f1c2076952d0ad17 -DCOREBOOT_SDK_ROOT_riscv64=/home/jpmurphy/.cache/coreboot-sdk/riscv64-elf/96b949749225b6aaa92ed810ab769e8dfb12f000 -DCOREBOOT_SDK_ROOT_picolibc_arm=/home/jpmurphy/.cache/coreboot-sdk/picolibc-arm-eabi/422a2aa3e1ef891b5bece9a3deb696ff83840d2e -DCOREBOOT_SDK_ROOT_nds32=/home/jpmurphy/.cache/coreboot-sdk/nds32le-elf/d1a518c4a097666d86058e1444f85ca015d15511 -DCOREBOOT_SDK_ROOT_picolibc_riscv64=/home/jpmurphy/.cache/coreboot-sdk/picolibc-riscv64-elf/f571e990ef0278564b31124f8bb109d9a697eb69 -DCOREBOOT_SDK_ROOT_arm=/home/jpmurphy/.cache/coreboot-sdk/arm-eabi/ea40ddd1d190c3b48435c474c0b545719371813a -DCOREBOOT_SDK_ROOT_libstdcxx_riscv64=/home/jpmurphy/.cache/coreboot-sdk/libstdcxx-riscv64-elf/17abf22a3a252e2d5d2062ced5324f7a623689e0 -DCOREBOOT_SDK_ROOT_libstdcxx_arm=/home/jpmurphy/.cache/coreboot-sdk/libstdcxx-arm-eabi/5d7d82e150e44aa1968f1d366e267e6687b328ac -DCOREBOOT_SDK_ROOT_riscv=/home/jpmurphy/.cache/coreboot-sdk/riscv-elf/9a27b9e82341c6e9126624f516ab3f261abb3e73 -DCOREBOOT_SDK_ROOT_libstdcxx_x86=/home/jpmurphy/.cache/coreboot-sdk/libstdcxx-i386-elf/42ef9d2e87a76a37963175d7d428734e65648b87 -DZEPHYR_TOOLCHAIN_VARIANT=coreboot-sdk -DZEPHYR_MODULES=/mnt/host/source/src/platform/ec/build/zephyr/anakin/modules/ec -DDTC_OVERLAY_FILE=/mnt/host/source/src/platform/ec/zephyr/program/skywalker/anakin/project.overlay -DBOARD=it8xxx2/it82002aw -DCMAKE_C_FLAGS=-DSECTION_IS_RO '-DCONF_FILE=/mnt/host/source/src/platform/ec/zephyr/program/skywalker/program.conf;/mnt/host/source/src/platform/ec/zephyr/program/skywalker/ite_program.conf;/mnt/host/source/src/platform/ec/zephyr/program/skywalker/anakin/project.conf;/mnt/host/source/src/platform/ec/build/zephyr/anakin/kconfig-ro.conf'`
[ite-aic-rtk-pdc:rw] [284/288] Building C object zephyr/kernel/CMakeFiles/kernel.dir/events.c.obj
[anakin:ro] Loading Zephyr default modules (Zephyr base (cached)).
[anakin:ro] -- Application: /mnt/host/source/src/platform/ec/zephyr/program/skywalker
[anakin:ro] -- CMake version: 3.31.7
[ite-aic-rtk-pdc:rw] [285/288] Building C object zephyr/kernel/CMakeFiles/kernel.dir/poll.c.obj
[ite-aic-rtk-pdc:rw] [286/288] Building C object zephyr/kernel/CMakeFiles/kernel.dir/mempool.c.obj
[kanix:ro] [57/420] Building C object zephyr/CMakeFiles/zephyr.dir/subsys/shell/modules/kernel_service/thread/resume.c.obj
[kanix:ro] [58/420] Building C object zephyr/CMakeFiles/zephyr.dir/subsys/shell/backends/shell_uart.c.obj
[kanix:rw] Building: /usr/bin/ninja -C /mnt/host/source/src/platform/ec/build/zephyr/kanix/build-rw all.libraries
Running `env -i SHELL=/bin/bash COLORTERM=truecolor DEPOT_TOOLS_UPDATE=0 LESS='-R -M --shift 5' SUDO_GID=0 JDK_HOME=/etc/java-config-2/current-system-vm CONFIG_PROTECT_MASK='/etc/gentoo-release /etc/sandbox.d /etc/fonts/fonts.conf /etc/terminfo /etc/ca-certificates.conf /etc/revdep-rebuild' CHROMEOS_CACHEDIR=/var/cache/chromeos-cache JAVA_HOME=/etc/java-config-2/current-system-vm SSH_AUTH_SOCK=/tmp/ssh-auth-sock SUDO_COMMAND=/bin/bash SUDO_USER=root SUDO_TTY=/dev/pts/2 EDITOR=/usr/bin/vi PWD=/mnt/host/source/src/platform/ec CONFIG_PROTECT=/usr/share/gnupg/qualified.txt LOGNAME=jpmurphy MANPATH=/etc/java-config-2/current-system-vm/man:/usr/local/share/man:/usr/share/man:/usr/share/gcc-data/x86_64-pc-linux-gnu/10.2.0/man:/usr/share/binutils-data/x86_64-pc-linux-gnu/2.45/man:/etc/java-config-2/current-system-vm/man/ SUDO_HOME=/root XAUTHORITY=/run/user/944457/gdm/Xauthority HOME=/home/jpmurphy LANG=C.UTF-8 LS_COLORS='rs=0:di=01;34:ln=01;36:mh=00:pi=40;33:so=01;35:do=01;35:bd=40;33;01:cd=40;33;01:or=01;05;37;41:mi=01;05;37;41:su=37;41:sg=30;43:ca=30;41:tw=30;42:ow=34;42:st=37;44:ex=01;32:*.tar=01;31:*.tgz=01;31:*.arc=01;31:*.arj=01;31:*.taz=01;31:*.lha=01;31:*.lz4=01;31:*.lzh=01;31:*.lzma=01;31:*.tlz=01;31:*.txz=01;31:*.tzo=01;31:*.t7z=01;31:*.zip=01;31:*.z=01;31:*.dz=01;31:*.gz=01;31:*.lrz=01;31:*.lz=01;31:*.lzo=01;31:*.xz=01;31:*.zst=01;31:*.tzst=01;31:*.bz2=01;31:*.bz=01;31:*.tbz=01;31:*.tbz2=01;31:*.tz=01;31:*.deb=01;31:*.rpm=01;31:*.jar=01;31:*.war=01;31:*.ear=01;31:*.sar=01;31:*.rar=01;31:*.alz=01;31:*.ace=01;31:*.zoo=01;31:*.cpio=01;31:*.7z=01;31:*.rz=01;31:*.cab=01;31:*.wim=01;31:*.swm=01;31:*.dwm=01;31:*.esd=01;31:*.jpg=01;35:*.jpeg=01;35:*.mjpg=01;35:*.mjpeg=01;35:*.gif=01;35:*.bmp=01;35:*.pbm=01;35:*.pgm=01;35:*.ppm=01;35:*.tga=01;35:*.xbm=01;35:*.xpm=01;35:*.tif=01;35:*.tiff=01;35:*.png=01;35:*.svg=01;35:*.svgz=01;35:*.mng=01;35:*.pcx=01;35:*.mov=01;35:*.mpg=01;35:*.mpeg=01;35:*.m2v=01;35:*.mkv=01;35:*.webm=01;35:*.webp=01;35:*.ogm=01;35:*.mp4=01;35:*.m4v=01;35:*.mp4v=01;35:*.vob=01;35:*.qt=01;35:*.nuv=01;35:*.wmv=01;35:*.asf=01;35:*.rm=01;35:*.rmvb=01;35:*.flc=01;35:*.avi=01;35:*.fli=01;35:*.flv=01;35:*.gl=01;35:*.dl=01;35:*.xcf=01;35:*.xwd=01;35:*.yuv=01;35:*.cgm=01;35:*.emf=01;35:*.ogv=01;35:*.ogx=01;35:*.cfg=00;32:*.conf=00;32:*.diff=00;32:*.doc=00;32:*.ini=00;32:*.log=00;32:*.patch=00;32:*.pdf=00;32:*.ps=00;32:*.tex=00;32:*.txt=00;32:*.aac=00;36:*.au=00;36:*.flac=00;36:*.m4a=00;36:*.mid=00;36:*.midi=00;36:*.mka=00;36:*.mp3=00;36:*.mpc=00;36:*.ogg=00;36:*.ra=00;36:*.wav=00;36:*.oga=00;36:*.opus=00;36:*.spx=00;36:*.xspf=00;36:' XDG_CURRENT_DESKTOP=GNOME INFOPATH=/usr/share/info:/usr/share/gcc-data/x86_64-pc-linux-gnu/10.2.0/info:/usr/share/binutils-data/x86_64-pc-linux-gnu/2.45/info:/usr/share/automake-1.16.5/info JAVAC=/etc/java-config-2/current-system-vm/bin/javac TERM=xterm-256color LESSOPEN='|lesspipe %s' USER=jpmurphy CROS_WORKON_SRCROOT=/mnt/host/source MANPAGER=manpager DISPLAY=:1 SHLVL=1 LC_MESSAGES=C EXTERNAL_TRUNK_PATH=/mnt/8f9d649a-3721-44cc-93c0-e6bd21a9689f/chromiumos GCC_SPECS='' PATH=/mnt/host/source/chromite/bin:/usr/local/bin:/usr/bin:/bin:/opt/bin:/mnt/host/source/chromite/sdk/bin:/mnt/host/source/chromite/bin PORTAGE_USERNAME=jpmurphy SUDO_UID=0 GCC_VER=10.2.0 MAIL=/var/mail/jpmurphy OLDPWD=/mnt/host/source/src/scripts traceparent=00-e87aca51550a78635907baa6a2476181-6d684811675d2973-01 _=./zephyr/firmware_builder.py COREBOOT_SDK_ROOT_x86=/home/jpmurphy/.cache/coreboot-sdk/i386-elf/dfbb0486385d938cfa9d73080b9d18d598ed4f49 COREBOOT_SDK_ROOT_picolibc_x86=/home/jpmurphy/.cache/coreboot-sdk/picolibc-i386-elf/eb8e8e687b95461de8cbf278f1c2076952d0ad17 COREBOOT_SDK_ROOT_riscv64=/home/jpmurphy/.cache/coreboot-sdk/riscv64-elf/96b949749225b6aaa92ed810ab769e8dfb12f000 COREBOOT_SDK_ROOT_picolibc_arm=/home/jpmurphy/.cache/coreboot-sdk/picolibc-arm-eabi/422a2aa3e1ef891b5bece9a3deb696ff83840d2e COREBOOT_SDK_ROOT_nds32=/home/jpmurphy/.cache/coreboot-sdk/nds32le-elf/d1a518c4a097666d86058e1444f85ca015d15511 COREBOOT_SDK_ROOT_picolibc_riscv64=/home/jpmurphy/.cache/coreboot-sdk/picolibc-riscv64-elf/f571e990ef0278564b31124f8bb109d9a697eb69 COREBOOT_SDK_ROOT_arm=/home/jpmurphy/.cache/coreboot-sdk/arm-eabi/ea40ddd1d190c3b48435c474c0b545719371813a COREBOOT_SDK_ROOT_libstdcxx_riscv64=/home/jpmurphy/.cache/coreboot-sdk/libstdcxx-riscv64-elf/17abf22a3a252e2d5d2062ced5324f7a623689e0 COREBOOT_SDK_ROOT_libstdcxx_arm=/home/jpmurphy/.cache/coreboot-sdk/libstdcxx-arm-eabi/5d7d82e150e44aa1968f1d366e267e6687b328ac COREBOOT_SDK_ROOT_riscv=/home/jpmurphy/.cache/coreboot-sdk/riscv-elf/9a27b9e82341c6e9126624f516ab3f261abb3e73 COREBOOT_SDK_ROOT_libstdcxx_x86=/home/jpmurphy/.cache/coreboot-sdk/libstdcxx-i386-elf/42ef9d2e87a76a37963175d7d428734e65648b87 PYTHONPATH=/mnt/host/source/src/platform/ec/zephyr/zmake PW_PIGWEED_CIPD_INSTALL_DIR=/usr CROSTC_USER_ACKNOWLEDGES_THAT_RISCV_IS_EXPERIMENTAL=1 MAKEFLAGS=' -j16 --jobserver-auth=5,6' /usr/bin/ninja -C /mnt/host/source/src/platform/ec/build/zephyr/kanix/build-rw all.libraries`
[kanix:rw] ninja: Entering directory `/mnt/host/source/src/platform/ec/build/zephyr/kanix/build-rw'
[ite-aic-rtk-pdc:rw] [287/288] Building C object zephyr/kernel/CMakeFiles/kernel.dir/dynamic_disabled.c.obj
[anakin:rw] -- Found Python3: /usr/bin/python3.11 (found suitable version "3.11.11", minimum required is "3.10") found components: Interpreter
[anakin:rw] -- Cache files will be written to: /mnt/host/source/src/platform/ec/build/zephyr/user-cache
[anakin:rw] -- Zephyr version: 4.3.99 (/mnt/host/source/src/third_party/zephyr/main)
[/mnt/host/source/src/platform/ec/build/zephyr/axii-lcov]   /mnt/host/source/src/platform/ec/build/zephyr/axii/build-ro/zephyr/arch/common/CMakeFiles/isr_tables.dir/isr_tables.c.gcno:no functions found
[/mnt/host/source/src/platform/ec/build/zephyr/axii-lcov] stderr:
[ite-aic-rtk-pdc:rw] [288/288] Linking C static library zephyr/kernel/libkernel.a
[anakin:ro] -- Found Python3: /usr/bin/python3.11 (found suitable version "3.11.11", minimum required is "3.10") found components: Interpreter
[anakin:ro] -- Cache files will be written to: /mnt/host/source/src/platform/ec/build/zephyr/user-cache
[anakin:ro] -- Zephyr version: 4.3.99 (/mnt/host/source/src/third_party/zephyr/main)
[kanix:ro] [59/420] Building C object zephyr/CMakeFiles/zephyr.dir/subsys/shell/shell.c.obj
[kanix:ro] [60/420] Building C object zephyr/arch/common/CMakeFiles/arch__common.dir/init.c.obj
[kanix:ro] [61/420] Building C object zephyr/CMakeFiles/zephyr.dir/subsys/shell/shell_fprintf.c.obj
[kanix:ro] [62/420] Building C object zephyr/CMakeFiles/zephyr.dir/subsys/shell/shell_utils.c.obj
[kanix:ro] [63/420] Building C object zephyr/CMakeFiles/zephyr.dir/subsys/shell/shell_history.c.obj
[kanix:rw] [1/420] Generating include/generated/zephyr/version.h
[kanix:rw] -- git describe warned: warning: tag 'upstream/v2.7.99' is externally known as 'v2.7.99'
[kanix:rw] -- Zephyr version: 4.3.99 (/mnt/host/source/src/third_party/zephyr/main)
[kanix:rw] [2/420] Preparing syscall dependency handling
[kanix:ro] [64/420] Building ASM object zephyr/arch/arch/arm/core/CMakeFiles/arch__arm__core.dir/nmi_on_reset.S.obj
[kanix:ro] [65/420] Building C object zephyr/arch/common/CMakeFiles/arch__common.dir/sw_isr_common.c.obj
[kanix:ro] [66/420] Building C object zephyr/CMakeFiles/zephyr.dir/subsys/shell/shell_ops.c.obj
[kanix:ro] [67/420] Building C object zephyr/arch/common/CMakeFiles/arch__common.dir/xip.c.obj
[kanix:rw] [3/420] Generating misc/generated/syscalls_subdirs.trigger
[kanix:ro] [68/420] Building C object zephyr/CMakeFiles/zephyr.dir/drivers/flash/flash_util.c.obj
[kanix:ro] [69/420] Building C object zephyr/arch/common/CMakeFiles/isr_tables.dir/isr_tables.c.obj
[kanix:ro] [70/420] Building ASM object zephyr/arch/arch/arm/core/cortex_m/CMakeFiles/arch__arm__core__cortex_m.dir/fault_s.S.obj
[kanix:ro] [71/420] Linking C static library zephyr/arch/common/libisr_tables.a
[kanix:ro] [72/420] Linking C static library zephyr/libzephyr.a
[kanix:ro] [73/420] Linking C static library zephyr/arch/common/libarch__common.a
[kanix:ro] [74/420] Building C object zephyr/arch/arch/arm/core/CMakeFiles/arch__arm__core.dir/nmi.c.obj
[kanix:ro] [75/420] Building C object zephyr/arch/arch/arm/core/CMakeFiles/arch__arm__core.dir/fatal.c.obj
[kanix:ro] [76/420] Building ASM object zephyr/arch/arch/arm/core/cortex_m/CMakeFiles/arch__arm__core__cortex_m.dir/vector_table.S.obj
[kanix:ro] [77/420] Linking C static library zephyr/arch/arch/arm/core/libarch__arm__core.a
[kanix:ro] [78/420] Building ASM object zephyr/arch/arch/arm/core/cortex_m/CMakeFiles/arch__arm__core__cortex_m.dir/reset.S.obj
[kanix:ro] [79/420] Building C object zephyr/arch/arch/arm/core/cortex_m/CMakeFiles/arch__arm__core__cortex_m.dir/exc_exit.c.obj
[kanix:ro] [80/420] Building C object zephyr/arch/arch/arm/core/cortex_m/CMakeFiles/arch__arm__core__cortex_m.dir/scb.c.obj
[kanix:ro] [81/420] Building C object zephyr/arch/arch/arm/core/cortex_m/CMakeFiles/arch__arm__core__cortex_m.dir/fpu.c.obj
[anakin:ro] -- Board: it8xxx2, qualifiers: it82002aw
[anakin:rw] -- Board: it8xxx2, qualifiers: it82002aw
[kanix:ro] [82/420] Building C object zephyr/arch/arch/arm/core/cortex_m/CMakeFiles/arch__arm__core__cortex_m.dir/fault.c.obj
[kanix:rw] [4/420] Generating misc/generated/syscalls.json, misc/generated/struct_tags.json
[kanix:ro] [83/420] Building ASM object zephyr/arch/arch/arm/core/cortex_m/CMakeFiles/arch__arm__core__cortex_m.dir/swap_helper.S.obj
[kanix:ro] [84/420] Building C object zephyr/arch/arch/arm/core/cortex_m/CMakeFiles/arch__arm__core__cortex_m.dir/thread_abort.c.obj
[kanix:ro] [85/420] Generating ../../../include/generated/libc/minimal/strerror_table.h
[kanix:rw] [5/420] Generating include/generated/zephyr/syscall_dispatch.c, include/generated/zephyr/syscall_exports_llext.c, syscall_weakdefs_llext.c, include/generated/zephyr/syscall_list.h
[kanix:ro] [86/420] Building C object zephyr/arch/arch/arm/core/cortex_m/CMakeFiles/arch__arm__core__cortex_m.dir/irq_manage.c.obj
[kanix:ro] [87/420] Building C object zephyr/lib/libc/minimal/CMakeFiles/lib__libc__minimal.dir/source/stdlib/atoi.c.obj
[kanix:ro] [88/420] Building C object zephyr/arch/arch/arm/core/cortex_m/CMakeFiles/arch__arm__core__cortex_m.dir/prep_c.c.obj
[kanix:ro] [89/420] Building C object zephyr/lib/libc/minimal/CMakeFiles/lib__libc__minimal.dir/source/stdlib/strtol.c.obj
[kanix:rw] [6/420] Generating include/generated/zephyr/driver-validation.h
[kanix:ro] [90/420] Building C object zephyr/arch/arch/arm/core/cortex_m/CMakeFiles/arch__arm__core__cortex_m.dir/irq_init.c.obj
[kanix:ro] [91/420] Building C object zephyr/arch/arch/arm/core/cortex_m/CMakeFiles/arch__arm__core__cortex_m.dir/thread.c.obj
[kanix:ro] [92/420] Building C object zephyr/arch/arch/arm/core/cortex_m/CMakeFiles/arch__arm__core__cortex_m.dir/cpu_idle.c.obj
[kanix:ro] [93/420] Building C object zephyr/lib/libc/minimal/CMakeFiles/lib__libc__minimal.dir/source/stdlib/strtoul.c.obj
[kanix:ro] [94/420] Building C object zephyr/lib/libc/minimal/CMakeFiles/lib__libc__minimal.dir/source/stdlib/strtoll.c.obj
[kanix:ro] [95/420] Building C object zephyr/lib/libc/minimal/CMakeFiles/lib__libc__minimal.dir/source/stdlib/bsearch.c.obj
[kanix:ro] [96/420] Building C object zephyr/arch/arch/arm/core/mpu/CMakeFiles/arch__arm__core__mpu.dir/arm_core_mpu.c.obj
[kanix:rw] [7/420] Generating include/generated/zephyr/kobj-types-enum.h, include/generated/zephyr/otype-to-str.h, include/generated/zephyr/otype-to-size.h
[kanix:ro] [97/420] Building C object zephyr/lib/libc/minimal/CMakeFiles/lib__libc__minimal.dir/source/stdlib/strtoull.c.obj
[kanix:rw] [8/420] Generating include/generated/device-api-sections.ld, include/generated/device-api-sections.cmake
[kanix:ro] [98/420] Building C object zephyr/arch/arch/arm/core/cortex_m/CMakeFiles/arch__arm__core__cortex_m.dir/isr_wrapper.c.obj
[kanix:ro] [99/420] Building C object zephyr/lib/libc/minimal/CMakeFiles/lib__libc__minimal.dir/source/string/strstr.c.obj
[kanix:ro] [100/420] Building C object zephyr/lib/libc/minimal/CMakeFiles/lib__libc__minimal.dir/source/string/strncasecmp.c.obj
[kanix:ro] [101/420] Building C object zephyr/lib/libc/minimal/CMakeFiles/lib__libc__minimal.dir/source/stdlib/qsort.c.obj
[/mnt/host/source/src/platform/ec/build/zephyr/domika-lcov]   /mnt/host/source/src/platform/ec/build/zephyr/domika/build-ro/zephyr/arch/common/CMakeFiles/isr_tables.dir/isr_tables.c.gcno:no functions found
[/mnt/host/source/src/platform/ec/build/zephyr/domika-lcov] stderr:
[kanix:ro] [102/420] Building C object zephyr/lib/libc/minimal/CMakeFiles/lib__libc__minimal.dir/source/string/strspn.c.obj
[kanix:ro] [103/420] Building C object zephyr/lib/libc/minimal/CMakeFiles/lib__libc__minimal.dir/source/string/strerror.c.obj
[kanix:ro] [104/420] Linking C static library zephyr/arch/arch/arm/core/cortex_m/libarch__arm__core__cortex_m.a
[kanix:ro] [105/420] Building C object zephyr/lib/libc/minimal/CMakeFiles/lib__libc__minimal.dir/source/string/string.c.obj
[kanix:ro] [106/420] Building C object zephyr/arch/arch/arm/core/mpu/CMakeFiles/arch__arm__core__mpu.dir/arm_mpu_regions.c.obj
[kanix:ro] [107/420] Building C object zephyr/arch/arch/arm/core/mpu/CMakeFiles/arch__arm__core__mpu.dir/arm_mpu.c.obj
[/mnt/host/source/src/platform/ec/build/zephyr/domika-lcov]   /mnt/host/source/src/platform/ec/build/zephyr/domika/build-ro/zephyr/CMakeFiles/zephyr.dir/lib/libc/validate_libc.c.gcno:no functions found
[/mnt/host/source/src/platform/ec/build/zephyr/domika-lcov] stderr:
[kanix:ro] [108/420] Building C object zephyr/lib/libc/minimal/CMakeFiles/lib__libc__minimal.dir/source/math/sqrt.c.obj
[kanix:ro] [109/420] Building C object zephyr/lib/libc/minimal/CMakeFiles/lib__libc__minimal.dir/source/math/sqrtf.c.obj
[kanix:ro] [110/420] Linking C static library zephyr/arch/arch/arm/core/mpu/libarch__arm__core__mpu.a
[kanix:ro] [111/420] Building C object zephyr/lib/libc/common/CMakeFiles/lib__libc__common.dir/source/time/gmtime_r.c.obj
[kanix:ro] [112/420] Building C object zephyr/lib/libc/common/CMakeFiles/lib__libc__common.dir/source/time/asctime.c.obj
[kanix:ro] [113/420] Building C object zephyr/lib/libc/minimal/CMakeFiles/lib__libc__minimal.dir/source/stdlib/exit.c.obj
[kanix:rw] [9/420] Building C object zephyr/CMakeFiles/offsets.dir/arch/arm/core/offsets/offsets.c.obj
[kanix:ro] [114/420] Building C object zephyr/lib/libc/common/CMakeFiles/lib__libc__common.dir/source/time/time.c.obj
[kanix:ro] [115/420] Building C object zephyr/lib/libc/common/CMakeFiles/lib__libc__common.dir/source/time/localtime_r_utc.c.obj
[kanix:ro] [116/420] Building C object zephyr/lib/libc/common/CMakeFiles/lib__libc__common.dir/source/time/ctime.c.obj
[kanix:ro] [117/420] Building C object zephyr/lib/libc/minimal/CMakeFiles/lib__libc__minimal.dir/source/stdout/sprintf.c.obj
[kanix:ro] [118/420] Building C object zephyr/lib/libc/minimal/CMakeFiles/lib__libc__minimal.dir/source/stdout/fprintf.c.obj
[kanix:ro] [119/420] Building C object zephyr/lib/libc/common/CMakeFiles/lib__libc__common.dir/source/string/strnlen.c.obj
[kanix:rw] [10/420] Generating include/generated/zephyr/offsets.h
[kanix:ro] [120/420] Building C object zephyr/lib/posix/c_lib_ext/CMakeFiles/lib__posix__c_lib_ext.dir/fnmatch.c.obj
[kanix:ro] [121/420] Building C object zephyr/lib/libc/common/CMakeFiles/lib__libc__common.dir/source/stdlib/abort.c.obj
[kanix:ro] [122/420] Building C object zephyr/lib/libc/minimal/CMakeFiles/lib__libc__minimal.dir/source/stdout/stdout_console.c.obj
[kanix:ro] [123/420] Building C object zephyr/subsys/crc/CMakeFiles/subsys__crc.dir/crc8_sw.c.obj
[kanix:ro] [124/420] Building C object zephyr/subsys/crc/CMakeFiles/subsys__crc.dir/crc4_sw.c.obj
[anakin:rw] -- Found Dtc: /usr/bin/dtc (found suitable version "1.6.0", minimum required is "1.4.6")
[kanix:ro] [125/420] Building C object zephyr/subsys/crc/CMakeFiles/subsys__crc.dir/crc16_sw.c.obj
[anakin:rw] -- Found BOARD.dts: /mnt/host/source/src/platform/ec/zephyr/boards/google/it8xxx2/it8xxx2_it82002aw.dts
[kanix:ro] [126/420] Building C object zephyr/lib/libc/minimal/CMakeFiles/lib__libc__minimal.dir/source/time/gmtime.c.obj
[/mnt/host/source/src/platform/ec/build/zephyr/kaladin-ish-lcov]   /mnt/host/source/src/platform/ec/build/zephyr/kaladin-ish/build-singleimage/zephyr/CMakeFiles/zephyr.dir/lib/libc/validate_libc.c.gcno:no functions found
[/mnt/host/source/src/platform/ec/build/zephyr/kaladin-ish-lcov] stderr:
[kanix:ro] [127/420] Building C object zephyr/subsys/crc/CMakeFiles/subsys__crc.dir/crc7_sw.c.obj
[kanix:ro] [128/420] Building C object zephyr/subsys/crc/CMakeFiles/subsys__crc.dir/crc32_sw.c.obj
[kanix:ro] [129/420] Building C object zephyr/subsys/crc/CMakeFiles/subsys__crc.dir/crc32c_sw.c.obj
[kanix:ro] [130/420] Linking C static library zephyr/lib/libc/minimal/liblib__libc__minimal.a
[kanix:ro] [131/420] Building C object zephyr/subsys/crc/CMakeFiles/subsys__crc.dir/crc24_sw.c.obj
[kanix:ro] [132/420] Building C object zephyr/subsys/crc/CMakeFiles/subsys__crc.dir/crc32k_4_2_sw.c.obj
[anakin:ro] -- Found Dtc: /usr/bin/dtc (found suitable version "1.6.0", minimum required is "1.4.6")
[anakin:ro] -- Found BOARD.dts: /mnt/host/source/src/platform/ec/zephyr/boards/google/it8xxx2/it8xxx2_it82002aw.dts
[anakin:ro] -- Found devicetree overlay: /mnt/host/source/src/platform/ec/zephyr/program/skywalker/anakin/project.overlay
[kanix:ro] [133/420] Linking C static library zephyr/subsys/crc/libsubsys__crc.a
[kanix:ro] [134/420] Building C object zephyr/lib/libc/common/CMakeFiles/lib__libc__common.dir/source/stdlib/malloc.c.obj
[kanix:ro] [135/420] Linking C static library zephyr/lib/libc/common/liblib__libc__common.a
[/mnt/host/source/src/platform/ec/build/zephyr/domika-lcov]   /mnt/host/source/src/platform/ec/build/zephyr/domika/build-ro/zephyr/CMakeFiles/zephyr.dir/lib/utils/last_section_id.c.gcno:no functions found
[/mnt/host/source/src/platform/ec/build/zephyr/domika-lcov] stderr:
[kanix:ro] [136/420] Building C object zephyr/lib/posix/c_lib_ext/CMakeFiles/lib__posix__c_lib_ext.dir/getentropy.c.obj
[/mnt/host/source/src/platform/ec/build/zephyr/axii-lcov]   /mnt/host/source/src/platform/ec/build/zephyr/axii/build-ro/zephyr/CMakeFiles/zephyr.dir/subsys/shell/modules/kernel_service/kernel_shell.c.gcno:no functions found
[/mnt/host/source/src/platform/ec/build/zephyr/axii-lcov] stderr:
[kanix:ro] [137/420] Building C object zephyr/lib/posix/c_lib_ext/CMakeFiles/lib__posix__c_lib_ext.dir/getopt_shim.c.obj
[kanix:rw] [11/420] Building C object zephyr/CMakeFiles/zephyr.dir/lib/libc/validate_libc.c.obj
[kanix:ro] [138/420] Linking C static library zephyr/lib/posix/c_lib_ext/liblib__posix__c_lib_ext.a
[/mnt/host/source/src/platform/ec/build/zephyr/axii-lcov]   /mnt/host/source/src/platform/ec/build/zephyr/axii/build-ro/zephyr/CMakeFiles/zephyr.dir/lib/libc/validate_libc.c.gcno:no functions found
[/mnt/host/source/src/platform/ec/build/zephyr/axii-lcov] stderr:
[kanix:ro] [139/420] Building C object zephyr/drivers/adc/CMakeFiles/drivers__adc.dir/adc_common.c.obj
[kanix:ro] [140/420] Building C object zephyr/drivers/interrupt_controller/CMakeFiles/drivers__interrupt_controller.dir/intc_miwu.c.obj
[kanix:ro] [141/420] Building C object zephyr/drivers/clock_control/CMakeFiles/drivers__clock_control.dir/clock_control_npcx.c.obj
[kanix:ro] [142/420] Building C object zephyr/drivers/bbram/CMakeFiles/drivers__bbram.dir/bbram_npcx.c.obj
[kanix:ro] [143/420] Linking C static library zephyr/drivers/interrupt_controller/libdrivers__interrupt_controller.a
[kanix:ro] [144/420] Linking C static library zephyr/drivers/clock_control/libdrivers__clock_control.a
[kanix:ro] [145/420] Linking C static library zephyr/drivers/bbram/libdrivers__bbram.a
[kanix:ro] [146/420] Building C object zephyr/drivers/console/CMakeFiles/drivers__console.dir/uart_console.c.obj
[kanix:ro] [147/420] Building C object zephyr/drivers/crypto/CMakeFiles/drivers__crypto.dir/crypto_npcx_sha.c.obj
[kanix:ro] [148/420] Building C object zephyr/drivers/eeprom/CMakeFiles/drivers__eeprom.dir/eeprom_shell.c.obj
[kanix:ro] [149/420] Linking C static library zephyr/drivers/console/libdrivers__console.a
[kanix:ro] [150/420] Linking C static library zephyr/drivers/crypto/libdrivers__crypto.a
[kanix:ro] [151/420] Building C object zephyr/drivers/adc/CMakeFiles/drivers__adc.dir/adc_npcx.c.obj
[kanix:ro] [152/420] Linking C static library zephyr/drivers/adc/libdrivers__adc.a
[kanix:ro] [153/420] Building C object zephyr/drivers/eeprom/CMakeFiles/drivers__eeprom.dir/eeprom_at2x.c.obj
[kanix:ro] [154/420] Linking C static library zephyr/drivers/eeprom/libdrivers__eeprom.a
[kanix:rw] [12/420] Building C object zephyr/CMakeFiles/zephyr.dir/lib/heap/heap.c.obj
[kanix:ro] [155/420] Building C object zephyr/drivers/espi/CMakeFiles/drivers__espi.dir/espi_npcx.c.obj
[/mnt/host/source/src/platform/ec/build/zephyr/axii-lcov]   /mnt/host/source/src/platform/ec/build/zephyr/axii/build-ro/zephyr/CMakeFiles/zephyr.dir/lib/utils/last_section_id.c.gcno:no functions found
[/mnt/host/source/src/platform/ec/build/zephyr/axii-lcov] stderr:
[kanix:ro] [156/420] Building C object zephyr/drivers/flash/CMakeFiles/drivers__flash.dir/flash_npcx_fiu_nor.c.obj
[kanix:ro] [157/420] Building C object zephyr/drivers/flash/CMakeFiles/drivers__flash.dir/jesd216.c.obj
[anakin:rw] -- Found devicetree overlay: /mnt/host/source/src/platform/ec/zephyr/program/skywalker/anakin/project.overlay
[anakin:rw] -- Generated zephyr.dts: /mnt/host/source/src/platform/ec/build/zephyr/anakin/build-rw/zephyr/zephyr.dts
[kanix:ro] [158/420] Building C object zephyr/drivers/espi/CMakeFiles/drivers__espi.dir/host_subs_npcx.c.obj
[kanix:ro] [159/420] Building C object zephyr/drivers/i2c/CMakeFiles/drivers__i2c.dir/i2c_common.c.obj
[kanix:ro] [160/420] Linking C static library zephyr/drivers/espi/libdrivers__espi.a
[kanix:ro] [161/420] Building C object zephyr/drivers/flash/CMakeFiles/drivers__flash.dir/flash_npcx_fiu_qspi.c.obj
[anakin:ro] -- Generated zephyr.dts: /mnt/host/source/src/platform/ec/build/zephyr/anakin/build-ro/zephyr/zephyr.dts
[anakin:ro] -- Generated pickled edt: /mnt/host/source/src/platform/ec/build/zephyr/anakin/build-ro/zephyr/edt.pickle
[kanix:ro] [162/420] Building C object zephyr/drivers/i2c/CMakeFiles/drivers__i2c.dir/i2c_shell.c.obj
[kanix:ro] [163/420] Building C object zephyr/drivers/gpio/CMakeFiles/drivers__gpio.dir/gpio_npcx.c.obj
[kanix:ro] [164/420] Linking C static library zephyr/drivers/flash/libdrivers__flash.a
[kanix:ro] [165/420] Linking C static library zephyr/drivers/gpio/libdrivers__gpio.a
[kanix:ro] [166/420] Building C object zephyr/drivers/sensor/CMakeFiles/drivers__sensor.dir/mnt/host/source/src/third_party/zephyr/main/misc/empty_file.c.obj
[kanix:ro] [167/420] Building C object zephyr/drivers/i2c/CMakeFiles/drivers__i2c.dir/i2c_npcx_controller_fifo.c.obj
[kanix:rw] [13/420] Building C object zephyr/CMakeFiles/zephyr.dir/lib/os/cbprintf_packaged.c.obj
[kanix:ro] [168/420] Linking C static library zephyr/drivers/sensor/libdrivers__sensor.a
[kanix:ro] [169/420] Building C object zephyr/drivers/i2c/CMakeFiles/drivers__i2c.dir/i2c_npcx_controller.c.obj
[kanix:ro] [170/420] Building C object zephyr/drivers/pinctrl/CMakeFiles/drivers__pinctrl.dir/common.c.obj
[anakin:rw] -- Generated pickled edt: /mnt/host/source/src/platform/ec/build/zephyr/anakin/build-rw/zephyr/edt.pickle
[anakin:rw] -- Generated devicetree_generated.h: /mnt/host/source/src/platform/ec/build/zephyr/anakin/build-rw/zephyr/include/generated/zephyr/devicetree_generated.h
[kanix:ro] [171/420] Building C object zephyr/drivers/i2c/CMakeFiles/drivers__i2c.dir/i2c_npcx_port.c.obj
[kanix:ro] [172/420] Building C object zephyr/drivers/pinctrl/CMakeFiles/drivers__pinctrl.dir/pinctrl_npcx.c.obj
[kanix:ro] [173/420] Linking C static library zephyr/drivers/i2c/libdrivers__i2c.a
[kanix:ro] [174/420] Linking C static library zephyr/drivers/pinctrl/libdrivers__pinctrl.a
[anakin:ro] -- Generated devicetree_generated.h: /mnt/host/source/src/platform/ec/build/zephyr/anakin/build-ro/zephyr/include/generated/zephyr/devicetree_generated.h
[kanix:ro] [175/420] Building C object zephyr/drivers/pwm/CMakeFiles/drivers__pwm.dir/pwm_shell.c.obj
[kanix:ro] [176/420] Building C object zephyr/drivers/pwm/CMakeFiles/drivers__pwm.dir/pwm_npcx.c.obj
[kanix:ro] [177/420] Linking C static library zephyr/drivers/pwm/libdrivers__pwm.a
[kanix:ro] [178/420] Building C object zephyr/drivers/syscon/CMakeFiles/drivers__syscon.dir/syscon.c.obj
[kanix:ro] [179/420] Building C object zephyr/drivers/timer/CMakeFiles/drivers__timer.dir/sys_clock_init.c.obj
[kanix:ro] [180/420] Linking C static library zephyr/drivers/syscon/libdrivers__syscon.a
[kanix:rw] [14/420] Building C object zephyr/CMakeFiles/zephyr.dir/lib/os/clock.c.obj
[kanix:ro] [181/420] Building C object zephyr/drivers/timer/CMakeFiles/drivers__timer.dir/npcx_itim_timer.c.obj
[kanix:ro] [182/420] Building C object zephyr/drivers/sensor/nuvoton/nuvoton_tach_npcx/CMakeFiles/drivers__sensor__nuvoton__nuvoton_tach_npcx.dir/tach_nuvoton_npcx.c.obj
[kanix:ro] [183/420] Linking C static library zephyr/drivers/timer/libdrivers__timer.a
[kanix:ro] [184/420] Building C object zephyr/drivers/serial/CMakeFiles/drivers__serial.dir/uart_npcx.c.obj
[kanix:ro] [185/420] Linking C static library zephyr/drivers/sensor/nuvoton/nuvoton_tach_npcx/libdrivers__sensor__nuvoton__nuvoton_tach_npcx.a
[kanix:ro] [186/420] Linking C static library zephyr/drivers/serial/libdrivers__serial.a
[kanix:ro] [187/420] Building C object zephyr/drivers/watchdog/CMakeFiles/drivers__watchdog.dir/wdt_npcx.c.obj
[kanix:ro] [188/420] Building C object zephyr/drivers/watchdog/CMakeFiles/drivers__watchdog.dir/wdt_shell.c.obj
[/mnt/host/source/src/platform/ec/build/zephyr/kaladin-ish-lcov]   /mnt/host/source/src/platform/ec/build/zephyr/kaladin-ish/build-singleimage/zephyr/kernel/CMakeFiles/kernel.dir/errno.c.gcno:no functions found
[/mnt/host/source/src/platform/ec/build/zephyr/kaladin-ish-lcov] stderr:
[kanix:ro] [189/420] Linking C static library zephyr/drivers/watchdog/libdrivers__watchdog.a
[kanix:ro] [190/420] Building C object modules/ec/zephyr/CMakeFiles/ec_shim.dir/app/ec/main_shim.c.obj
[kanix:ro] [191/420] Building C object modules/ec/zephyr/CMakeFiles/ec_shim.dir/app/ec/ec_app_main.c.obj
[kanix:rw] [15/420] Building C object zephyr/CMakeFiles/zephyr.dir/lib/os/printk.c.obj
[anakin:rw] /mnt/host/source/src/platform/ec/build/zephyr/anakin/build-rw/zephyr/zephyr.dts:1258.27-1966.5: Warning (avoid_unnecessary_addr_size): /soc/pin-controller: unnecessary #address-cells/#size-cells without "ranges" or child "reg" property
[kanix:ro] [192/420] Building C object modules/ec/zephyr/CMakeFiles/ec_shim.dir/drivers/cros_flash/cros_flash_npcx.c.obj
[kanix:ro] [193/420] Building C object modules/ec/zephyr/CMakeFiles/ec_shim.dir/drivers/cros_kblight/pwm_kblight.c.obj
[kanix:ro] [194/420] Building C object modules/ec/zephyr/CMakeFiles/ec_shim.dir/drivers/cros_kb_raw/cros_kb_raw_npcx.c.obj
[anakin:ro] /mnt/host/source/src/platform/ec/build/zephyr/anakin/build-ro/zephyr/zephyr.dts:1258.27-1966.5: Warning (avoid_unnecessary_addr_size): /soc/pin-controller: unnecessary #address-cells/#size-cells without "ranges" or child "reg" property
[kanix:ro] [195/420] Building C object modules/ec/zephyr/CMakeFiles/ec_shim.dir/drivers/cros_system/cros_system_npcx.c.obj
[kanix:ro] [196/420] Building C object modules/ec/zephyr/CMakeFiles/ec_shim.dir/drivers/vivaldi_kbd/vivaldi_kbd.c.obj
[kanix:ro] [197/420] Building C object modules/ec/zephyr/CMakeFiles/ec_shim.dir/shim/chip/npcx/clock.c.obj
[kanix:ro] [198/420] Building C object modules/ec/zephyr/CMakeFiles/ec_shim.dir/shim/src/crc.c.obj
[kanix:ro] [199/420] Building C object modules/ec/zephyr/CMakeFiles/ec_shim.dir/shim/chip/npcx/rom_chip.c.obj
[kanix:ro] [200/420] Building C object modules/ec/zephyr/CMakeFiles/ec_shim.dir/shim/chip/npcx/keyboard_raw.c.obj
[kanix:ro] [201/420] Building C object modules/ec/zephyr/CMakeFiles/ec_shim.dir/shim/chip/npcx/gpio.c.obj
[kanix:rw] [16/420] Building C object zephyr/CMakeFiles/zephyr.dir/lib/os/sem.c.obj
[kanix:ro] [202/420] Building C object modules/ec/zephyr/CMakeFiles/ec_shim.dir/shim/chip/npcx/system.c.obj
[kanix:ro] [203/420] Building C object modules/ec/zephyr/CMakeFiles/ec_shim.dir/shim/chip/npcx/power_policy.c.obj
[kanix:ro] [204/420] Building C object modules/ec/zephyr/CMakeFiles/ec_shim.dir/shim/core/cortex-m/mpu.c.obj
[kanix:ro] [205/420] Building C object modules/ec/zephyr/CMakeFiles/ec_shim.dir/shim/chip/npcx/system_external_storage.c.obj
[kanix:ro] [206/420] Building C object modules/ec/zephyr/CMakeFiles/ec_shim.dir/shim/core/cortex-m/panic.c.obj
[/mnt/host/source/src/platform/ec/build/zephyr/kaladin-ish-lcov]   /mnt/host/source/src/platform/ec/build/zephyr/kaladin-ish/build-singleimage/zephyr/lib/libc/picolibc/CMakeFiles/lib__libc__picolibc.dir/errno_wrap.c.gcno:no functions found
[/mnt/host/source/src/platform/ec/build/zephyr/kaladin-ish-lcov] stderr:
[kanix:ro] [207/420] Building C object modules/ec/zephyr/CMakeFiles/ec_shim.dir/shim/src/console.c.obj
[kanix:ro] [208/420] Building C object modules/ec/zephyr/CMakeFiles/ec_shim.dir/shim/src/panic_utils.c.obj
[kanix:ro] [209/420] Building C object modules/ec/zephyr/CMakeFiles/ec_shim.dir/shim/src/gpio_int.c.obj
[kanix:ro] [210/420] Building C object modules/ec/zephyr/CMakeFiles/ec_shim.dir/shim/src/pm_state.c.obj
[kanix:ro] [211/420] Building C object modules/ec/zephyr/CMakeFiles/ec_shim.dir/shim/src/gpio.c.obj
[kanix:rw] [17/420] Building C object zephyr/CMakeFiles/zephyr.dir/lib/os/thread_entry.c.obj
[kanix:ro] [212/420] Building ASM object modules/ec/zephyr/CMakeFiles/ec_shim.dir/shim/src/libgcc_arm.S.obj
[kanix:ro] [213/420] Building C object modules/ec/zephyr/CMakeFiles/ec_shim.dir/shim/src/cbi/cros_cbi.c.obj
[kanix:ro] [214/420] Building C object modules/ec/zephyr/CMakeFiles/ec_shim.dir/shim/src/cbi/cros_cbi_fw_config.c.obj
[kanix:ro] [215/420] Building C object modules/ec/zephyr/CMakeFiles/ec_shim.dir/shim/src/cbi/cbi_eeprom.c.obj
[kanix:ro] [216/420] Building C object modules/ec/zephyr/CMakeFiles/ec_shim.dir/shim/src/cbi/cbi_flash.c.obj
[kanix:ro] [217/420] Building C object modules/ec/zephyr/CMakeFiles/ec_shim.dir/shim/src/led_driver/led_gpio.c.obj
[kanix:ro] [218/420] Building C object modules/ec/zephyr/CMakeFiles/ec_shim.dir/shim/src/led_driver/led.c.obj
[kanix:rw] [18/420] Building C object zephyr/CMakeFiles/zephyr.dir/lib/os/cbprintf_nano.c.obj
[kanix:ro] [219/420] Building C object modules/ec/zephyr/CMakeFiles/ec_shim.dir/shim/src/system.c.obj
[kanix:ro] [220/420] Building C object modules/ec/zephyr/CMakeFiles/ec_shim.dir/shim/src/anx7452_usb_mux.c.obj
[kanix:ro] [221/420] Building C object modules/ec/zephyr/CMakeFiles/ec_shim.dir/shim/src/adc.c.obj
[kanix:ro] [222/420] Building C object modules/ec/zephyr/CMakeFiles/ec_shim.dir/shim/src/charger.c.obj
[kanix:ro] [223/420] Building C object modules/ec/zephyr/CMakeFiles/ec_shim.dir/shim/src/chipset_api.c.obj
[kanix:ro] [224/420] Building C object modules/ec/zephyr/CMakeFiles/ec_shim.dir/shim/src/battery.c.obj
[anakin:rw] warning: Deprecated symbol I2C_ALLOW_NO_STOP_TRANSACTIONS is enabled.
[anakin:ro] warning: Deprecated symbol I2C_ALLOW_NO_STOP_TRANSACTIONS is enabled.
[kanix:rw] [19/420] Building C object zephyr/CMakeFiles/zephyr.dir/lib/os/cbprintf.c.obj
[kanix:ro] [225/420] Building C object modules/ec/zephyr/CMakeFiles/ec_shim.dir/shim/src/espi.c.obj
[kanix:ro] [226/420] Building C object modules/ec/zephyr/CMakeFiles/ec_shim.dir/shim/src/flash.c.obj
[kanix:ro] [227/420] Building C object modules/ec/zephyr/CMakeFiles/ec_shim.dir/shim/src/hooks.c.obj
[kanix:ro] [228/420] Building C object modules/ec/zephyr/CMakeFiles/ec_shim.dir/shim/src/fan.c.obj
[kanix:ro] [229/420] Building C object modules/ec/zephyr/CMakeFiles/ec_shim.dir/shim/src/host_command.c.obj
[anakin:rw] Parsing /mnt/host/source/src/platform/ec/zephyr/program/skywalker/Kconfig
[kanix:ro] [230/420] Building C object modules/ec/zephyr/CMakeFiles/ec_shim.dir/shim/src/console_buffer.c.obj
[kanix:ro] [231/420] Building C object modules/ec/zephyr/CMakeFiles/ec_shim.dir/shim/src/keyboard_raw.c.obj
[kanix:ro] [232/420] Building C object modules/ec/zephyr/CMakeFiles/ec_shim.dir/shim/src/keyscan.c.obj
[/mnt/host/source/src/platform/ec/build/zephyr/kaladin-ish-lcov]   /mnt/host/source/src/platform/ec/build/zephyr/kaladin-ish/build-singleimage/zephyr/drivers/syscon/CMakeFiles/drivers__syscon.dir/mnt/host/source/src/third_party/zephyr/main/misc/empty_file.c.gcno:no functions found
[/mnt/host/source/src/platform/ec/build/zephyr/kaladin-ish-lcov] Filter suppressions 'region':
[kanix:ro] [233/420] Building C object modules/ec/zephyr/CMakeFiles/ec_shim.dir/shim/src/mkbp_event.c.obj
[anakin:ro] Parsing /mnt/host/source/src/platform/ec/zephyr/program/skywalker/Kconfig
[kanix:ro] [234/420] Building C object modules/ec/zephyr/CMakeFiles/ec_shim.dir/shim/src/kb8010_usb_mux.c.obj
[/mnt/host/source/src/platform/ec/build/zephyr/kaladin-ish-lcov]     22 instances
[/mnt/host/source/src/platform/ec/build/zephyr/kaladin-ish-lcov]     20 coverpoints
[/mnt/host/source/src/platform/ec/build/zephyr/kaladin-ish-lcov] Message summary:
[/mnt/host/source/src/platform/ec/build/zephyr/kaladin-ish-lcov]   1 warning message:
[/mnt/host/source/src/platform/ec/build/zephyr/kaladin-ish-lcov]     format: 1
[/mnt/host/source/src/platform/ec/build/zephyr/kaladin-ish-lcov]   9 ignore messages:
[/mnt/host/source/src/platform/ec/build/zephyr/kaladin-ish-lcov]     gcov: 9
[kanix:rw] [20/420] Building C object zephyr/CMakeFiles/zephyr.dir/lib/os/assert.c.obj
[kanix:ro] [235/420] Building C object modules/ec/zephyr/CMakeFiles/ec_shim.dir/shim/src/panic.c.obj
[kanix:ro] [236/420] Building C object modules/ec/zephyr/CMakeFiles/ec_shim.dir/shim/src/thermal.c.obj
[kanix:ro] [237/420] Building C object modules/ec/zephyr/CMakeFiles/ec_shim.dir/shim/src/hwtimer.c.obj
[kanix:ro] [238/420] Building C object modules/ec/zephyr/CMakeFiles/ec_shim.dir/shim/src/pwm_hc.c.obj
[kanix:rw] [21/420] Building C object zephyr/CMakeFiles/zephyr.dir/lib/utils/dec.c.obj
[kanix:ro] [239/420] Building C object modules/ec/zephyr/CMakeFiles/ec_shim.dir/shim/src/temp_sensors.c.obj
[kanix:ro] [240/420] cd /mnt/host/source/src/platform/ec/build/zephyr/kanix/build-ro/modules/ec/zephyr && PYTHONPATH=/mnt/host/source/src/platform/ec/build/zephyr/kanix/modules/ec/zephyr/zmake/ /usr/bin/python3.11 /mnt/host/source/src/platform/ec/build/zephyr/kanix/modules/ec/zephyr/zmake/zephyr_build_tools/generate_ec_version.py /mnt/host/source/src/platform/ec/build/zephyr/kanix/build-ro/modules/ec/zephyr/include/ec_version.h --name Zephyr-Kernel --version 16543.0.0 --static
[anakin:rw] Loaded configuration '/mnt/host/source/src/platform/ec/zephyr/boards/google/it8xxx2/it8xxx2_it82002aw_defconfig'
[anakin:rw] Merged configuration '/mnt/host/source/src/platform/ec/zephyr/program/skywalker/program.conf'
[anakin:rw] Merged configuration '/mnt/host/source/src/platform/ec/zephyr/program/skywalker/ite_program.conf'
[anakin:rw] Merged configuration '/mnt/host/source/src/platform/ec/zephyr/program/skywalker/anakin/project.conf'
[anakin:rw] Merged configuration '/mnt/host/source/src/platform/ec/build/zephyr/anakin/kconfig-rw.conf'
[anakin:rw] Configuration saved to '/mnt/host/source/src/platform/ec/build/zephyr/anakin/build-rw/zephyr/.config'
[anakin:rw] Kconfig header saved to '/mnt/host/source/src/platform/ec/build/zephyr/anakin/build-rw/zephyr/include/generated/zephyr/autoconf.h'
[anakin:rw] -- Found GnuLd: /home/jpmurphy/.cache/coreboot-sdk/riscv64-elf/96b949749225b6aaa92ed810ab769e8dfb12f000/riscv64-elf/bin/ld.bfd (found version "2.43.1")
[kanix:ro] INFO:root:Using a static version string
[kanix:ro] INFO:root:Version string: Zephyr-Kernel-16543.0.0
[kanix:ro] INFO:root:Writing header to /mnt/host/source/src/platform/ec/build/zephyr/kanix/build-ro/modules/ec/zephyr/include/ec_version.h
[kanix:ro] [241/420] Building C object modules/ec/zephyr/CMakeFiles/ec_shim.dir/shim/src/i2c.c.obj
[kanix:rw] [22/420] Building C object zephyr/CMakeFiles/zephyr.dir/lib/utils/hex.c.obj
[kanix:ro] [242/420] Building C object modules/ec/zephyr/CMakeFiles/ec_shim.dir/shim/src/usba.c.obj
[anakin:ro] Loaded configuration '/mnt/host/source/src/platform/ec/zephyr/boards/google/it8xxx2/it8xxx2_it82002aw_defconfig'
[anakin:ro] Merged configuration '/mnt/host/source/src/platform/ec/zephyr/program/skywalker/program.conf'
[anakin:ro] Merged configuration '/mnt/host/source/src/platform/ec/zephyr/program/skywalker/ite_program.conf'
[anakin:ro] Merged configuration '/mnt/host/source/src/platform/ec/zephyr/program/skywalker/anakin/project.conf'
[anakin:ro] Merged configuration '/mnt/host/source/src/platform/ec/build/zephyr/anakin/kconfig-ro.conf'
[anakin:ro] Configuration saved to '/mnt/host/source/src/platform/ec/build/zephyr/anakin/build-ro/zephyr/.config'
[anakin:ro] Kconfig header saved to '/mnt/host/source/src/platform/ec/build/zephyr/anakin/build-ro/zephyr/include/generated/zephyr/autoconf.h'
[anakin:ro] -- Found GnuLd: /home/jpmurphy/.cache/coreboot-sdk/riscv64-elf/96b949749225b6aaa92ed810ab769e8dfb12f000/riscv64-elf/bin/ld.bfd (found version "2.43.1")
[kanix:ro] [243/420] Building C object modules/ec/zephyr/CMakeFiles/ec_shim.dir/shim/src/tasks.c.obj
[kanix:ro] [244/420] Building C object modules/ec/zephyr/CMakeFiles/ec_shim.dir/shim/src/ppc.c.obj
[kanix:ro] [245/420] Building C object modules/ec/zephyr/CMakeFiles/ec_shim.dir/shim/src/power_host_sleep_api.c.obj
[anakin:rw] -- The C compiler identification is GNU 14.2.0
[kanix:ro] [246/420] Building C object modules/ec/zephyr/CMakeFiles/ec_shim.dir/shim/src/watchdog.c.obj
[/mnt/host/source/src/platform/ec/build/zephyr/domika-lcov]   /mnt/host/source/src/platform/ec/build/zephyr/domika/build-ro/zephyr/CMakeFiles/zephyr.dir/soc/ite/ec/it8xxx2/check_regs.c.gcno:no functions found
[/mnt/host/source/src/platform/ec/build/zephyr/domika-lcov] stderr:
[anakin:ro] -- The C compiler identification is GNU 14.2.0
[anakin:rw] -- The CXX compiler identification is GNU 14.2.0
[anakin:rw] -- The ASM compiler identification is GNU
[anakin:rw] -- Found assembler: /home/jpmurphy/.cache/coreboot-sdk/riscv64-elf/96b949749225b6aaa92ed810ab769e8dfb12f000/bin/riscv64-elf-gcc
[kanix:ro] [247/420] Building C object zephyr/kernel/CMakeFiles/kernel.dir/main_weak.c.obj
[kanix:ro] [248/420] Building C object modules/ec/zephyr/CMakeFiles/ec_shim.dir/shim/src/usb_muxes.c.obj
[anakin:rw] CMake Warning at /mnt/host/source/src/platform/ec/zephyr/cmake/linker/ld/linker_libraries.cmake:11 (message):
[anakin:rw]   Disabling c_library
[kanix:ro] [249/420] Building C object modules/ec/zephyr/CMakeFiles/ec_shim.dir/shim/src/bb_retimer_usb_mux.c.obj
[kanix:ro] [250/420] Building C object CMakeFiles/app.dir/mnt/host/source/src/platform/ec/zephyr/subsys/ap_pwrseq/ap_events.c.obj
[anakin:ro] -- The CXX compiler identification is GNU 14.2.0
[kanix:ro] [251/420] Building C object modules/ec/zephyr/CMakeFiles/ec_shim.dir/shim/src/sha256_hw.c.obj
[kanix:rw] [23/420] Building C object zephyr/CMakeFiles/zephyr.dir/lib/utils/rb.c.obj
[anakin:ro] -- The ASM compiler identification is GNU
[anakin:ro] CMake Warning at /mnt/host/source/src/platform/ec/zephyr/cmake/linker/ld/linker_libraries.cmake:11 (message):
[anakin:ro]   Disabling c_library
[anakin:ro] Call Stack (most recent call first):
[anakin:ro]   /mnt/host/source/src/third_party/zephyr/main/cmake/target_toolchain_flags.cmake:48 (include)
[anakin:ro]   /mnt/host/source/src/third_party/zephyr/main/cmake/modules/kernel.cmake:153 (include)
[anakin:ro]   /mnt/host/source/src/third_party/zephyr/main/cmake/modules/zephyr_default.cmake:138 (include)
[anakin:ro]   /mnt/host/source/src/third_party/zephyr/main/share/zephyr-package/cmake/ZephyrConfig.cmake:66 (include)
[anakin:ro]   /mnt/host/source/src/third_party/zephyr/main/share/zephyr-package/cmake/ZephyrConfig.cmake:97 (include_boilerplate)
[anakin:ro]   CMakeLists.txt:6 (find_package)
[kanix:ro] [252/420] Building C object CMakeFiles/app.dir/mnt/host/source/src/platform/ec/zephyr/subsys/ap_pwrseq/ap_power_interface.c.obj
[kanix:rw] [24/420] Building C object zephyr/CMakeFiles/zephyr.dir/lib/utils/timeutil.c.obj
[kanix:ro] [253/420] Building C object CMakeFiles/app.dir/mnt/host/source/src/platform/ec/zephyr/subsys/ap_pwrseq/power_signals.c.obj
[kanix:ro] [254/420] Building C object CMakeFiles/app.dir/mnt/host/source/src/platform/ec/zephyr/subsys/ap_pwrseq/signal_gpio.c.obj
[kanix:ro] [255/420] Building C object CMakeFiles/app.dir/mnt/host/source/src/platform/ec/zephyr/subsys/ap_pwrseq/signal_vw.c.obj
[kanix:ro] [256/420] Building C object CMakeFiles/app.dir/mnt/host/source/src/platform/ec/zephyr/subsys/ap_pwrseq/power_host_sleep.c.obj
[kanix:ro] [257/420] Building C object CMakeFiles/app.dir/mnt/host/source/src/platform/ec/zephyr/subsys/ap_pwrseq/x86_non_dsx_common_pwrseq_sm_handler.c.obj
[anakin:rw] -- Performing EC specific devicetree checks
[anakin:ro] -- Found assembler: /home/jpmurphy/.cache/coreboot-sdk/riscv64-elf/96b949749225b6aaa92ed810ab769e8dfb12f000/bin/riscv64-elf-gcc
[anakin:ro] -- Performing EC specific devicetree checks
[anakin:rw] Call Stack (most recent call first):
[anakin:rw]   /mnt/host/source/src/third_party/zephyr/main/cmake/target_toolchain_flags.cmake:48 (include)
[anakin:rw]   /mnt/host/source/src/third_party/zephyr/main/cmake/modules/kernel.cmake:153 (include)
[anakin:rw]   /mnt/host/source/src/third_party/zephyr/main/cmake/modules/zephyr_default.cmake:138 (include)
[anakin:rw]   /mnt/host/source/src/third_party/zephyr/main/share/zephyr-package/cmake/ZephyrConfig.cmake:66 (include)
[anakin:rw]   /mnt/host/source/src/third_party/zephyr/main/share/zephyr-package/cmake/ZephyrConfig.cmake:97 (include_boilerplate)
[anakin:rw]   CMakeLists.txt:6 (find_package)
[anakin:rw] INFO: Verified 38 GPIOs, no duplicates found
[anakin:rw] INFO: Verified 25 '*-gpios' properties, all flags match.
[anakin:rw] INFO: Skipped 1 named-gpios children.
[kanix:ro] [258/420] Building C object CMakeFiles/app.dir/mnt/host/source/src/platform/ec/zephyr/subsys/ap_pwrseq/x86_non_dsx_chipset_power_state.c.obj
[kanix:ro] [259/420] Building C object CMakeFiles/app.dir/mnt/host/source/src/platform/ec/zephyr/subsys/ap_pwrseq/x86_non_dsx_common_pwrseq_host_sleep.c.obj
[anakin:ro] INFO: Verified 38 GPIOs, no duplicates found
[anakin:ro] INFO: Verified 25 '*-gpios' properties, all flags match.
[anakin:ro] INFO: Skipped 1 named-gpios children.
[kanix:ro] [260/420] Building C object CMakeFiles/app.dir/mnt/host/source/src/platform/ec/zephyr/subsys/ap_pwrseq/x86_non_dsx_common_pwrseq_host_command.c.obj
[anakin:rw] -- Generating component manifest file
[kanix:ro] [261/420] Building C object CMakeFiles/app.dir/mnt/host/source/src/platform/ec/zephyr/subsys/ap_pwrseq/x86_non_dsx_common_pwrseq_console.c.obj
[kanix:ro] [262/420] Building C object CMakeFiles/app.dir/mnt/host/source/src/platform/ec/zephyr/subsys/ap_pwrseq/x86_non_dsx_mtl_pwrseq_sm.c.obj
[kanix:ro] [263/420] Building C object CMakeFiles/app.dir/mnt/host/source/src/platform/ec/zephyr/subsys/ap_pwrseq/ap_reset_log.c.obj
[anakin:ro] -- Generating component manifest file
[kanix:ro] [264/420] Building C object CMakeFiles/app.dir/mnt/host/source/src/platform/ec/build/zephyr/kanix/modules/ec/builtin/stdlib.c.obj
[anakin:rw] INFO: Running CME, outputting to /mnt/host/source/src/platform/ec/build/zephyr/anakin/build-rw/zephyr/component_manifest.json
[kanix:rw] [25/420] Building C object zephyr/CMakeFiles/zephyr.dir/lib/utils/bitarray.c.obj
[kanix:ro] [265/420] Building C object CMakeFiles/app.dir/mnt/host/source/src/platform/ec/build/zephyr/kanix/modules/ec/common/base32.c.obj
[kanix:ro] [266/420] Building C object CMakeFiles/app.dir/mnt/host/source/src/platform/ec/build/zephyr/kanix/modules/ec/common/console_output.c.obj
[anakin:ro] INFO: Running CME, outputting to /mnt/host/source/src/platform/ec/build/zephyr/anakin/build-ro/zephyr/component_manifest.json
[kanix:ro] [267/420] Building C object CMakeFiles/app.dir/mnt/host/source/src/platform/ec/build/zephyr/kanix/modules/ec/common/gpio_commands.c.obj
[kanix:ro] [268/420] Building C object CMakeFiles/app.dir/mnt/host/source/src/platform/ec/build/zephyr/kanix/modules/ec/common/ec_features.c.obj
[kanix:rw] [26/420] Building C object zephyr/CMakeFiles/zephyr.dir/lib/utils/bitmask.c.obj
[anakin:rw] -- warning_base_override: -Wall;-Wformat;-Wformat-security;-Wformat;-Wno-format-zero-length;-Wno-pointer-sign;-Wpointer-arith;-Wexpansion-to-defined
[anakin:ro] -- warning_base_override: -Wall;-Wformat;-Wformat-security;-Wformat;-Wno-format-zero-length;-Wno-pointer-sign;-Wpointer-arith;-Wexpansion-to-defined
[kanix:ro] [269/420] Building C object CMakeFiles/app.dir/mnt/host/source/src/platform/ec/build/zephyr/kanix/modules/ec/common/printf.c.obj
[kanix:ro] [270/420] Building C object CMakeFiles/app.dir/mnt/host/source/src/platform/ec/build/zephyr/kanix/modules/ec/common/peripheral.c.obj
[kanix:ro] [271/420] Building C object CMakeFiles/app.dir/mnt/host/source/src/platform/ec/build/zephyr/kanix/modules/ec/common/queue.c.obj
[kanix:ro] [272/420] Building C object CMakeFiles/app.dir/mnt/host/source/src/platform/ec/build/zephyr/kanix/modules/ec/common/uart_printf.c.obj
[kanix:ro] [273/420] Building C object CMakeFiles/app.dir/mnt/host/source/src/platform/ec/build/zephyr/kanix/modules/ec/common/system_boot_time.c.obj
[kanix:ro] [274/420] Building C object CMakeFiles/app.dir/mnt/host/source/src/platform/ec/build/zephyr/kanix/modules/ec/common/util.c.obj
[anakin:ro] -- Found gen_kobject_list: /mnt/host/source/src/third_party/zephyr/main/scripts/build/gen_kobject_list.py
[anakin:rw] -- Found gen_kobject_list: /mnt/host/source/src/third_party/zephyr/main/scripts/build/gen_kobject_list.py
[anakin:ro] CMake Warning at /mnt/host/source/src/third_party/zephyr/main/CMakeLists.txt:1134 (message):
[anakin:ro]   No SOURCES given to Zephyr library: drivers__syscon
[anakin:ro]   Excluding target from build.
[anakin:rw] CMake Warning at /mnt/host/source/src/third_party/zephyr/main/CMakeLists.txt:1134 (message):
[anakin:rw]   No SOURCES given to Zephyr library: drivers__syscon
[anakin:rw]   Excluding target from build.
[anakin:ro] CMake Warning at /mnt/host/source/src/third_party/zephyr/main/CMakeLists.txt:2359 (message):
[anakin:ro]   __ASSERT() statements are globally ENABLED
[anakin:rw] CMake Warning at /mnt/host/source/src/third_party/zephyr/main/CMakeLists.txt:2359 (message):
[anakin:rw]   __ASSERT() statements are globally ENABLED
[kanix:ro] [275/420] Building C object CMakeFiles/app.dir/mnt/host/source/src/platform/ec/build/zephyr/kanix/modules/ec/common/system.c.obj
[anakin:rw] -- Configuring done (16.4s)
[kanix:rw] [27/420] Building C object zephyr/CMakeFiles/zephyr.dir/lib/utils/getopt/getopt.c.obj
[anakin:ro] -- Configuring done (16.2s)
[kanix:ro] [276/420] Building C object CMakeFiles/app.dir/mnt/host/source/src/platform/ec/build/zephyr/kanix/modules/ec/common/version.c.obj
[kanix:ro] [277/420] Building C object CMakeFiles/app.dir/mnt/host/source/src/platform/ec/build/zephyr/kanix/modules/ec/common/power_button_x86.c.obj
[kanix:ro] [278/420] Building C object CMakeFiles/app.dir/mnt/host/source/src/platform/ec/build/zephyr/kanix/modules/ec/common/adc.c.obj
[kanix:ro] [279/420] Building C object CMakeFiles/app.dir/mnt/host/source/src/platform/ec/build/zephyr/kanix/modules/ec/common/acpi.c.obj
[kanix:ro] [280/420] Building C object CMakeFiles/app.dir/mnt/host/source/src/platform/ec/build/zephyr/kanix/modules/ec/common/backlight_lid.c.obj
[anakin:ro] -- Generating done (0.5s)
[anakin:ro] CMake Warning:
[anakin:ro]   Manually-specified variables were not used by the project:
[anakin:ro]     COREBOOT_SDK_ROOT_arm
[anakin:ro]     COREBOOT_SDK_ROOT_libstdcxx_arm
[anakin:ro]     COREBOOT_SDK_ROOT_libstdcxx_x86
[anakin:ro]     COREBOOT_SDK_ROOT_nds32
[anakin:ro]     COREBOOT_SDK_ROOT_picolibc_arm
[anakin:ro]     COREBOOT_SDK_ROOT_picolibc_x86
[anakin:ro]     COREBOOT_SDK_ROOT_riscv
[anakin:ro]     COREBOOT_SDK_ROOT_x86
[anakin:ro] -- Build files have been written to: /mnt/host/source/src/platform/ec/build/zephyr/anakin/build-ro
[anakin:rw] -- Generating done (0.5s)
[anakin:rw] CMake Warning:
[anakin:rw]   Manually-specified variables were not used by the project:
[anakin:rw]     COREBOOT_SDK_ROOT_arm
[anakin:rw]     COREBOOT_SDK_ROOT_libstdcxx_arm
[anakin:rw]     COREBOOT_SDK_ROOT_libstdcxx_x86
[anakin:rw]     COREBOOT_SDK_ROOT_nds32
[anakin:rw]     COREBOOT_SDK_ROOT_picolibc_arm
[anakin:rw]     COREBOOT_SDK_ROOT_picolibc_x86
[anakin:rw]     COREBOOT_SDK_ROOT_riscv
[anakin:rw]     COREBOOT_SDK_ROOT_x86
[anakin:rw] -- Build files have been written to: /mnt/host/source/src/platform/ec/build/zephyr/anakin/build-rw
[kanix:ro] [281/420] Building C object CMakeFiles/app.dir/mnt/host/source/src/platform/ec/build/zephyr/kanix/modules/ec/common/battery_info.c.obj
[kanix:ro] [282/420] Building C object CMakeFiles/app.dir/mnt/host/source/src/platform/ec/build/zephyr/kanix/modules/ec/common/battery.c.obj
[kanix:ro] [283/420] Building C object CMakeFiles/app.dir/mnt/host/source/src/platform/ec/build/zephyr/kanix/modules/ec/common/battery_fuel_gauge.c.obj
Running (initial) lcov on /mnt/host/source/src/platform/ec/build/zephyr/ite-aic-rtk-pdc.
[kanix:ro] [284/420] Building C object CMakeFiles/app.dir/mnt/host/source/src/platform/ec/build/zephyr/kanix/modules/ec/driver/charger/isl9241.c.obj
[kanix:rw] [28/420] Building C object zephyr/CMakeFiles/zephyr.dir/lib/utils/getopt/getopt_common.c.obj
[kanix:ro] [285/420] Building C object CMakeFiles/app.dir/mnt/host/source/src/platform/ec/build/zephyr/kanix/modules/ec/driver/battery/smart.c.obj
[kanix:rw] [29/420] Building C object zephyr/CMakeFiles/zephyr.dir/lib/utils/last_section_id.c.obj
[kanix:rw] [30/420] Building C object zephyr/CMakeFiles/zephyr.dir/lib/utils/ring_buffer.c.obj
[kanix:ro] [286/420] Building C object CMakeFiles/app.dir/mnt/host/source/src/platform/ec/build/zephyr/kanix/modules/ec/common/charger.c.obj
Running `env -i PYTHONPATH=/usr/lib64/python-exec/python3.11:/mnt/host/source/src/platform/ec/zephyr/zmake:/usr/lib/python311.zip:/usr/lib/python3.11:/usr/lib/python3.11/lib-dynload:/usr/lib/python3.11/site-packages PW_PIGWEED_CIPD_INSTALL_DIR=/usr CROSTC_USER_ACKNOWLEDGES_THAT_RISCV_IS_EXPERIMENTAL=1 PATH=/mnt/host/source/chromite/bin:/usr/local/bin:/usr/bin:/bin:/opt/bin:/mnt/host/source/chromite/sdk/bin:/mnt/host/source/chromite/bin HOME=/home/jpmurphy JAVA_HOME=/etc/java-config-2/current-system-vm JDK_HOME=/etc/java-config-2/current-system-vm JAVAC=/etc/java-config-2/current-system-vm/bin/javac MAKEFLAGS=' -j16 --jobserver-auth=5,6' /usr/bin/lcov --gcov-tool /mnt/host/source/src/platform/ec/build/zephyr/ite-aic-rtk-pdc/build-rw/gcov.sh -q -o - -c -d /mnt/host/source/src/platform/ec/build/zephyr/ite-aic-rtk-pdc -t ite-aic-rtk-pdc --rc branch_coverage=1 --filter range --ignore-errors inconsistent,source --ignore-errors gcov,gcov -i`
[kanix:rw] [31/420] Building C object zephyr/CMakeFiles/zephyr.dir/misc/generated/configs.c.obj
[kanix:ro] [287/420] Building C object CMakeFiles/app.dir/mnt/host/source/src/platform/ec/build/zephyr/kanix/modules/ec/common/charge_state.c.obj
[kanix:ro] [288/420] Building C object CMakeFiles/app.dir/mnt/host/source/src/platform/ec/build/zephyr/kanix/modules/ec/common/cbi_common.c.obj
[kanix:ro] [289/420] Building C object CMakeFiles/app.dir/mnt/host/source/src/platform/ec/build/zephyr/kanix/modules/ec/common/cbi.c.obj
[kanix:ro] [290/420] Building C object CMakeFiles/app.dir/mnt/host/source/src/platform/ec/build/zephyr/kanix/modules/ec/common/cbi_config.c.obj
[kanix:ro] [291/420] Building C object CMakeFiles/app.dir/mnt/host/source/src/platform/ec/build/zephyr/kanix/modules/ec/common/memory_commands.c.obj
[kanix:ro] [292/420] Building C object CMakeFiles/app.dir/mnt/host/source/src/platform/ec/build/zephyr/kanix/modules/ec/common/charge_manager.c.obj
[kanix:ro] [293/420] Building C object CMakeFiles/app.dir/mnt/host/source/src/platform/ec/build/zephyr/kanix/modules/ec/common/ap_reset_log.c.obj
[kanix:ro] [294/420] Building C object CMakeFiles/app.dir/mnt/host/source/src/platform/ec/build/zephyr/kanix/modules/ec/common/dptf.c.obj
[kanix:ro] [295/420] Building C object CMakeFiles/app.dir/mnt/host/source/src/platform/ec/build/zephyr/kanix/modules/ec/common/extpower_common.c.obj
[/mnt/host/source/src/platform/ec/build/zephyr/ite-aic-rtk-pdc-lcov] geninfo: WARNING: (format) invalid characters removed from testname
[kanix:ro] [296/420] Building C object CMakeFiles/app.dir/mnt/host/source/src/platform/ec/build/zephyr/kanix/modules/ec/common/espi.c.obj
[kanix:rw] [32/420] Building C object zephyr/CMakeFiles/zephyr.dir/soc/nuvoton/npcx/common/scfg.c.obj
[kanix:ro] [297/420] Building C object CMakeFiles/app.dir/mnt/host/source/src/platform/ec/build/zephyr/kanix/modules/ec/common/extpower_gpio.c.obj
[kanix:rw] [33/420] Building C object zephyr/CMakeFiles/zephyr.dir/soc/nuvoton/npcx/common/power.c.obj
[/mnt/host/source/src/platform/ec/build/zephyr/ite-aic-rtk-pdc-lcov] 	(use "geninfo --ignore-errors format,format ..." to suppress this warning)
[/mnt/host/source/src/platform/ec/build/zephyr/ite-aic-rtk-pdc-lcov] geninfo: WARNING: using JSON module "JSON::PP" - which is much slower than some alternatives.  Consider installing one of JSON::XS or Cpanel::JSON::XS
[kanix:ro] [298/420] Building C object CMakeFiles/app.dir/mnt/host/source/src/platform/ec/build/zephyr/kanix/modules/ec/common/fan.c.obj
[kanix:ro] [299/420] Building C object CMakeFiles/app.dir/mnt/host/source/src/platform/ec/build/zephyr/kanix/modules/ec/common/host_command.c.obj
[kanix:ro] [300/420] Building C object CMakeFiles/app.dir/mnt/host/source/src/platform/ec/build/zephyr/kanix/modules/ec/common/flash.c.obj
[kanix:ro] [301/420] Building C object CMakeFiles/app.dir/mnt/host/source/src/platform/ec/build/zephyr/kanix/modules/ec/common/host_command_task.c.obj
[kanix:ro] [302/420] Building C object CMakeFiles/app.dir/mnt/host/source/src/platform/ec/build/zephyr/kanix/modules/ec/common/uart_hostcmd.c.obj
[kanix:ro] [303/420] Building C object CMakeFiles/app.dir/mnt/host/source/src/platform/ec/build/zephyr/kanix/modules/ec/common/host_event_commands.c.obj
[kanix:ro] [304/420] Building C object CMakeFiles/app.dir/mnt/host/source/src/platform/ec/build/zephyr/kanix/modules/ec/common/uptime.c.obj
[kanix:rw] [34/420] Building C object zephyr/CMakeFiles/zephyr.dir/soc/nuvoton/npcx/common/npcxn/registers.c.obj
[kanix:ro] [305/420] Building C object CMakeFiles/app.dir/mnt/host/source/src/platform/ec/build/zephyr/kanix/modules/ec/common/i2c_passthru.c.obj
[kanix:ro] [306/420] Building C object CMakeFiles/app.dir/mnt/host/source/src/platform/ec/build/zephyr/kanix/modules/ec/common/i2c_controller.c.obj
[kanix:rw] [35/420] Building C object zephyr/CMakeFiles/zephyr.dir/soc/nuvoton/npcx/npcx9/soc.c.obj
[/mnt/host/source/src/platform/ec/build/zephyr/domika-lcov]   /mnt/host/source/src/platform/ec/build/zephyr/domika/build-ro/zephyr/drivers/sensor/CMakeFiles/drivers__sensor.dir/mnt/host/source/src/third_party/zephyr/main/misc/empty_file.c.gcno:no functions found
[/mnt/host/source/src/platform/ec/build/zephyr/domika-lcov] stderr:
[/mnt/host/source/src/platform/ec/build/zephyr/ite-aic-rtk-pdc-lcov] stderr:
[kanix:ro] [307/420] Building C object CMakeFiles/app.dir/mnt/host/source/src/platform/ec/build/zephyr/kanix/modules/ec/common/keyboard_8042.c.obj
[kanix:ro] [308/420] Building C object CMakeFiles/app.dir/mnt/host/source/src/platform/ec/build/zephyr/kanix/modules/ec/common/keyboard_scan.c.obj
[kanix:ro] [309/420] Building C object CMakeFiles/app.dir/mnt/host/source/src/platform/ec/build/zephyr/kanix/modules/ec/common/keyboard_8042_sharedlib.c.obj
[kanix:ro] [310/420] Building C object CMakeFiles/app.dir/mnt/host/source/src/platform/ec/build/zephyr/kanix/modules/ec/common/mkbp_input_devices.c.obj
[/mnt/host/source/src/platform/ec/build/zephyr/domika-lcov]   /mnt/host/source/src/platform/ec/build/zephyr/domika/build-rw/modules/ec/zephyr/CMakeFiles/ec_shim.dir/shim/src/thermal.c.gcno:no functions found
[/mnt/host/source/src/platform/ec/build/zephyr/domika-lcov] stderr:
[/mnt/host/source/src/platform/ec/build/zephyr/ite-aic-rtk-pdc-lcov]   /mnt/host/source/src/platform/ec/build/zephyr/ite-aic-rtk-pdc/build-ro/modules/ec/zephyr/CMakeFiles/ec_shim.dir/shim/src/battery.c.gcno:no functions found
[/mnt/host/source/src/platform/ec/build/zephyr/ite-aic-rtk-pdc-lcov] stderr:
[kanix:ro] [311/420] Building C object CMakeFiles/app.dir/mnt/host/source/src/platform/ec/build/zephyr/kanix/modules/ec/common/mkbp_fifo.c.obj
[kanix:ro] [312/420] Building C object CMakeFiles/app.dir/mnt/host/source/src/platform/ec/build/zephyr/kanix/modules/ec/common/mkbp_info.c.obj
[kanix:rw] [36/420] Building C object zephyr/CMakeFiles/zephyr.dir/subsys/logging/log_minimal.c.obj
[kanix:ro] [313/420] Building C object CMakeFiles/app.dir/mnt/host/source/src/platform/ec/build/zephyr/kanix/modules/ec/common/keyboard_backlight.c.obj
[kanix:ro] [314/420] Building C object CMakeFiles/app.dir/mnt/host/source/src/platform/ec/build/zephyr/kanix/modules/ec/common/led_common.c.obj
[kanix:ro] [315/420] Building C object CMakeFiles/app.dir/mnt/host/source/src/platform/ec/build/zephyr/kanix/modules/ec/common/lid_switch.c.obj
[kanix:rw] [37/420] Building C object zephyr/CMakeFiles/zephyr.dir/subsys/mem_mgmt/mem_attr.c.obj
[kanix:ro] [316/420] Building C object CMakeFiles/app.dir/mnt/host/source/src/platform/ec/build/zephyr/kanix/modules/ec/common/mkbp_event.c.obj
[/mnt/host/source/src/platform/ec/build/zephyr/domika-lcov]   /mnt/host/source/src/platform/ec/build/zephyr/domika/build-rw/modules/ec/zephyr/CMakeFiles/ec_shim.dir/shim/src/battery.c.gcno:no functions found
[/mnt/host/source/src/platform/ec/build/zephyr/domika-lcov] stderr:
[kanix:ro] [317/420] Building C object CMakeFiles/app.dir/mnt/host/source/src/platform/ec/build/zephyr/kanix/modules/ec/common/port80.c.obj
[/mnt/host/source/src/platform/ec/build/zephyr/domika-lcov]   /mnt/host/source/src/platform/ec/build/zephyr/domika/build-rw/modules/ec/zephyr/CMakeFiles/ec_shim.dir/shim/src/charger.c.gcno:no functions found
[/mnt/host/source/src/platform/ec/build/zephyr/domika-lcov] stderr:
[kanix:ro] [318/420] Building C object CMakeFiles/app.dir/mnt/host/source/src/platform/ec/build/zephyr/kanix/modules/ec/power/hibernate.c.obj
[kanix:rw] [38/420] Building C object zephyr/CMakeFiles/zephyr.dir/subsys/pm/state.c.obj
[kanix:ro] [319/420] Building C object CMakeFiles/app.dir/mnt/host/source/src/platform/ec/build/zephyr/kanix/modules/ec/common/power_button.c.obj
[kanix:rw] [39/420] Building C object zephyr/CMakeFiles/zephyr.dir/subsys/pm/pm.c.obj
[kanix:ro] [320/420] Building C object CMakeFiles/app.dir/mnt/host/source/src/platform/ec/build/zephyr/kanix/modules/ec/common/shared_mem.c.obj
[kanix:ro] [321/420] Building C object CMakeFiles/app.dir/mnt/host/source/src/platform/ec/build/zephyr/kanix/modules/ec/common/panic_output.c.obj
[kanix:ro] [322/420] Building C object CMakeFiles/app.dir/mnt/host/source/src/platform/ec/build/zephyr/kanix/modules/ec/common/spi_flash_reg.c.obj
[kanix:ro] [323/420] Building C object CMakeFiles/app.dir/mnt/host/source/src/platform/ec/build/zephyr/kanix/modules/ec/common/switch.c.obj
[kanix:ro] [324/420] Building C object CMakeFiles/app.dir/mnt/host/source/src/platform/ec/build/zephyr/kanix/modules/ec/common/temp_sensor.c.obj
[kanix:ro] [325/420] Building C object CMakeFiles/app.dir/mnt/host/source/src/platform/ec/build/zephyr/kanix/modules/ec/common/thermal.c.obj
[kanix:ro] [326/420] Building C object CMakeFiles/app.dir/mnt/host/source/src/platform/ec/build/zephyr/kanix/modules/ec/driver/temp_sensor/thermistor.c.obj
[kanix:ro] [327/420] Building C object CMakeFiles/app.dir/mnt/host/source/src/platform/ec/build/zephyr/kanix/modules/ec/common/timer.c.obj
[/mnt/host/source/src/platform/ec/build/zephyr/domika-lcov]   /mnt/host/source/src/platform/ec/build/zephyr/domika/build-rw/modules/ec/zephyr/CMakeFiles/ec_shim.dir/shim/src/usb_muxes.c.gcno:no functions found
[/mnt/host/source/src/platform/ec/build/zephyr/domika-lcov] stderr:
[kanix:ro] [328/420] Building C object CMakeFiles/app.dir/mnt/host/source/src/platform/ec/build/zephyr/kanix/modules/ec/common/usb_port_power_dumb.c.obj
[kanix:rw] [40/420] Building C object zephyr/CMakeFiles/zephyr.dir/subsys/pm/policy/policy_events.c.obj
[kanix:rw] [41/420] Building C object zephyr/CMakeFiles/zephyr.dir/subsys/pm/policy/policy_latency.c.obj
[kanix:ro] [329/420] Building C object CMakeFiles/app.dir/mnt/host/source/src/platform/ec/build/zephyr/kanix/modules/ec/common/typec_control.c.obj
[kanix:ro] [330/420] Building C object CMakeFiles/app.dir/mnt/host/source/src/platform/ec/build/zephyr/kanix/modules/ec/common/usb_pd_pdo.c.obj
[kanix:ro] [331/420] Building C object CMakeFiles/app.dir/mnt/host/source/src/platform/ec/build/zephyr/kanix/modules/ec/common/usbc/usbc_task.c.obj
[kanix:ro] [332/420] Building C object CMakeFiles/app.dir/mnt/host/source/src/platform/ec/build/zephyr/kanix/modules/ec/common/usbc/usb_sm.c.obj
[kanix:ro] [333/420] Building C object CMakeFiles/app.dir/mnt/host/source/src/platform/ec/build/zephyr/kanix/modules/ec/common/usbc/usb_pd_timer.c.obj
[kanix:ro] [334/420] Building C object CMakeFiles/app.dir/mnt/host/source/src/platform/ec/build/zephyr/kanix/modules/ec/common/usbc_intr_task.c.obj
[kanix:ro] [335/420] Building C object CMakeFiles/app.dir/mnt/host/source/src/platform/ec/build/zephyr/kanix/modules/ec/common/usb_pd_flags.c.obj
[kanix:ro] [336/420] Building C object CMakeFiles/app.dir/mnt/host/source/src/platform/ec/build/zephyr/kanix/modules/ec/common/usb_common.c.obj
[kanix:ro] [337/420] Building C object CMakeFiles/app.dir/mnt/host/source/src/platform/ec/build/zephyr/kanix/modules/ec/common/usbc_utils.c.obj
[kanix:ro] [338/420] Building C object CMakeFiles/app.dir/mnt/host/source/src/platform/ec/build/zephyr/kanix/modules/ec/common/chargen.c.obj
[kanix:rw] [42/420] Building C object zephyr/CMakeFiles/zephyr.dir/subsys/pm/policy/policy_state_lock.c.obj
[kanix:ro] [339/420] Building C object CMakeFiles/app.dir/mnt/host/source/src/platform/ec/build/zephyr/kanix/modules/ec/common/usbc/usb_pd_console.c.obj
[kanix:rw] [43/420] Building C object zephyr/CMakeFiles/zephyr.dir/subsys/pm/device.c.obj
[kanix:ro] [340/420] Building C object CMakeFiles/app.dir/mnt/host/source/src/platform/ec/build/zephyr/kanix/modules/ec/driver/retimer/anx7452.c.obj
[kanix:ro] [341/420] Building C object CMakeFiles/app.dir/mnt/host/source/src/platform/ec/build/zephyr/kanix/modules/ec/driver/usb_mux/virtual.c.obj
[kanix:ro] [342/420] Building C object CMakeFiles/app.dir/mnt/host/source/src/platform/ec/build/zephyr/kanix/modules/ec/driver/retimer/bb_retimer.c.obj
[kanix:ro] [343/420] Building C object CMakeFiles/app.dir/mnt/host/source/src/platform/ec/build/zephyr/kanix/modules/ec/common/event_log.c.obj
[kanix:ro] [344/420] Building C object CMakeFiles/app.dir/mnt/host/source/src/platform/ec/build/zephyr/kanix/modules/ec/driver/usb_mux/usb_mux.c.obj
[kanix:ro] [345/420] Building C object CMakeFiles/app.dir/mnt/host/source/src/platform/ec/build/zephyr/kanix/modules/ec/common/pd_log.c.obj
[kanix:rw] [44/420] Building C object zephyr/CMakeFiles/zephyr.dir/subsys/pm/device_system_managed.c.obj
[kanix:ro] [346/420] Building C object CMakeFiles/app.dir/mnt/host/source/src/platform/ec/build/zephyr/kanix/modules/ec/driver/retimer/kb8010.c.obj
[kanix:rw] [45/420] Building C object zephyr/CMakeFiles/zephyr.dir/subsys/testsuite/coverage/coverage.c.obj
[kanix:ro] [347/420] Building C object CMakeFiles/app.dir/mnt/host/source/src/platform/ec/build/zephyr/kanix/modules/ec/common/usbc/usb_tc_drp_acc_trysrc_sm.c.obj
[kanix:ro] [348/420] Building C object CMakeFiles/app.dir/mnt/host/source/src/platform/ec/build/zephyr/kanix/modules/ec/common/usbc/usb_prl_sm.c.obj
[kanix:ro] [349/420] Building C object CMakeFiles/app.dir/mnt/host/source/src/platform/ec/build/zephyr/kanix/modules/ec/common/usbc/usb_pd_dpm.c.obj
[kanix:ro] [350/420] Building C object CMakeFiles/app.dir/mnt/host/source/src/platform/ec/build/zephyr/kanix/modules/ec/common/usbc/usbc_pd_policy.c.obj
[kanix:rw] [46/420] Building C object zephyr/CMakeFiles/zephyr.dir/subsys/tracing/tracing_none.c.obj
[kanix:ro] [351/420] Building C object CMakeFiles/app.dir/mnt/host/source/src/platform/ec/build/zephyr/kanix/modules/ec/common/usbc/usb_pe_drp_sm.c.obj
[kanix:ro] [352/420] Building C object CMakeFiles/app.dir/mnt/host/source/src/platform/ec/build/zephyr/kanix/modules/ec/common/usbc/tbt_alt_mode.c.obj
[kanix:rw] [47/420] Building C object zephyr/CMakeFiles/zephyr.dir/subsys/shell/modules/kernel_service/kernel_shell.c.obj
[kanix:ro] [353/420] Building C object CMakeFiles/app.dir/mnt/host/source/src/platform/ec/build/zephyr/kanix/modules/ec/common/usbc/dp_alt_mode.c.obj
[kanix:ro] [354/420] Building C object CMakeFiles/app.dir/mnt/host/source/src/platform/ec/build/zephyr/kanix/modules/ec/common/usbc/usb_mode.c.obj
[kanix:ro] [355/420] Building C object CMakeFiles/app.dir/mnt/host/source/src/platform/ec/build/zephyr/kanix/modules/ec/common/usb_pd_host_cmd.c.obj
[kanix:ro] [356/420] Building C object CMakeFiles/app.dir/mnt/host/source/src/platform/ec/build/zephyr/kanix/modules/ec/common/usbc/usb_retimer_fw_update.c.obj
[kanix:ro] [357/420] Building C object CMakeFiles/app.dir/mnt/host/source/src/platform/ec/build/zephyr/kanix/modules/ec/common/usb_pd_console_cmd.c.obj
[kanix:ro] [358/420] Building C object CMakeFiles/app.dir/mnt/host/source/src/platform/ec/build/zephyr/kanix/modules/ec/common/usbc/usb_pd_host.c.obj
[kanix:ro] [359/420] Building C object CMakeFiles/app.dir/mnt/host/source/src/platform/ec/build/zephyr/kanix/modules/ec/zephyr/shim/src/tcpc.c.obj
[kanix:ro] [360/420] Building C object CMakeFiles/app.dir/mnt/host/source/src/platform/ec/build/zephyr/kanix/modules/ec/common/usb_pd_host_cmd_common.c.obj
[kanix:ro] [361/420] Building C object CMakeFiles/app.dir/mnt/host/source/src/platform/ec/build/zephyr/kanix/modules/ec/common/usbc_ocp.c.obj
[kanix:rw] [48/420] Building C object zephyr/CMakeFiles/zephyr.dir/subsys/shell/modules/kernel_service/cycles.c.obj
[kanix:rw] [49/420] Building C object zephyr/CMakeFiles/zephyr.dir/subsys/shell/modules/kernel_service/sleep.c.obj
[kanix:ro] [362/420] Building C object CMakeFiles/app.dir/mnt/host/source/src/platform/ec/build/zephyr/kanix/modules/ec/common/usb_pd_dual_role.c.obj
[kanix:ro] [363/420] Building C object CMakeFiles/app.dir/mnt/host/source/src/platform/ec/build/zephyr/kanix/modules/ec/driver/tcpm/rt1715.c.obj
[kanix:ro] [364/420] Building C object CMakeFiles/app.dir/mnt/host/source/src/platform/ec/build/zephyr/kanix/modules/ec/common/usb_pd_alt_mode_ufp.c.obj
[kanix:ro] [365/420] Building C object CMakeFiles/app.dir/mnt/host/source/src/platform/ec/build/zephyr/kanix/modules/ec/common/usb_pd_discovery.c.obj
[kanix:ro] [366/420] Building C object CMakeFiles/app.dir/mnt/host/source/src/platform/ec/build/zephyr/kanix/modules/ec/driver/tcpm/tcpci.c.obj
[kanix:ro] [367/420] Building C object CMakeFiles/app.dir/mnt/host/source/src/platform/ec/build/zephyr/kanix/modules/ec/common/usbc_ppc.c.obj
[kanix:ro] [368/420] Building C object CMakeFiles/app.dir/mnt/host/source/src/platform/ec/build/zephyr/kanix/modules/ec/driver/ppc/ktu1125.c.obj
[kanix:rw] [50/420] Building C object zephyr/CMakeFiles/zephyr.dir/subsys/shell/modules/kernel_service/uptime.c.obj
[/mnt/host/source/src/platform/ec/build/zephyr/domika-lcov]   /mnt/host/source/src/platform/ec/build/zephyr/domika/build-rw/modules/ec/zephyr/CMakeFiles/ec_shim.dir/shim/src/usba.c.gcno:no functions found
[/mnt/host/source/src/platform/ec/build/zephyr/domika-lcov] stderr:
[kanix:ro] [369/420] Building C object CMakeFiles/app.dir/mnt/host/source/src/platform/ec/build/zephyr/kanix/modules/ec/driver/ppc/nx20p348x.c.obj
[kanix:ro] [370/420] Building C object CMakeFiles/app.dir/mnt/host/source/src/platform/ec/build/zephyr/kanix/modules/ec/common/vboot_hash.c.obj
[kanix:ro] [371/420] Building C object CMakeFiles/app.dir/mnt/host/source/src/platform/ec/build/zephyr/kanix/modules/ec/driver/ppc/syv682x.c.obj
[kanix:rw] [51/420] Building C object zephyr/CMakeFiles/zephyr.dir/subsys/shell/modules/kernel_service/version.c.obj
[kanix:ro] [372/420] Building C object CMakeFiles/app.dir/mnt/host/source/src/platform/ec/build/zephyr/kanix/modules/ec/common/vboot/efs2.c.obj
[kanix:ro] [373/420] Building C object CMakeFiles/app.dir/mnt/host/source/src/platform/ec/build/zephyr/kanix/modules/ec/common/math_util.c.obj
[kanix:ro] [374/420] Building C object CMakeFiles/app.dir/src/battery_present.c.obj
[kanix:ro] [375/420] Building C object CMakeFiles/app.dir/src/board_power.c.obj
[kanix:ro] [376/420] Building C object CMakeFiles/app.dir/mnt/host/source/src/platform/ec/build/zephyr/kanix/modules/ec/common/vstore.c.obj
[/mnt/host/source/src/platform/ec/build/zephyr/axii-lcov]   /mnt/host/source/src/platform/ec/build/zephyr/axii/build-ro/zephyr/CMakeFiles/zephyr.dir/soc/ite/ec/it8xxx2/check_regs.c.gcno:no functions found
[/mnt/host/source/src/platform/ec/build/zephyr/axii-lcov] stderr:
[kanix:ro] [377/420] Linking C static library modules/ec/zephyr/libec_shim.a
[kanix:ro] [378/420] Building C object CMakeFiles/app.dir/src/usb_pd_policy.c.obj
[/mnt/host/source/src/platform/ec/build/zephyr/ite-aic-rtk-pdc-lcov]   /mnt/host/source/src/platform/ec/build/zephyr/ite-aic-rtk-pdc/build-ro/modules/ec/zephyr/CMakeFiles/ec_shim.dir/shim/src/charger.c.gcno:no functions found
[/mnt/host/source/src/platform/ec/build/zephyr/ite-aic-rtk-pdc-lcov] stderr:
[kanix:ro] [379/420] Building C object CMakeFiles/app.dir/kanix/src/charger.c.obj
[kanix:rw] [52/420] Building C object zephyr/CMakeFiles/zephyr.dir/subsys/shell/modules/kernel_service/thread/thread.c.obj
[kanix:ro] [380/420] Building C object CMakeFiles/app.dir/src/usbc_tbt_compat.c.obj
[kanix:rw] [53/420] Building C object zephyr/CMakeFiles/zephyr.dir/subsys/shell/modules/kernel_service/thread/list.c.obj
[kanix:ro] [381/420] Building C object CMakeFiles/app.dir/kanix/src/keyboard.c.obj
[kanix:ro] [382/420] Building C object CMakeFiles/app.dir/kanix/src/i2c_policy.c.obj
[kanix:ro] [383/420] Building C object CMakeFiles/app.dir/kanix/src/thermal.c.obj
[kanix:ro] [384/420] Building C object CMakeFiles/app.dir/kanix/src/usb_mux_config.c.obj
[/mnt/host/source/src/platform/ec/build/zephyr/axii-lcov]   /mnt/host/source/src/platform/ec/build/zephyr/axii/build-rw/zephyr/arch/arch/riscv/core/CMakeFiles/arch__riscv__core.dir/cpu_idle.c.gcno:no functions found
[/mnt/host/source/src/platform/ec/build/zephyr/axii-lcov] stderr:
[kanix:ro] [385/420] Building C object CMakeFiles/app.dir/kanix/src/keyboard_customization.c.obj
[kanix:ro] [386/420] Building C object CMakeFiles/app.dir/kanix/src/touch_panel.c.obj
[kanix:ro] [387/420] Building C object zephyr/kernel/CMakeFiles/kernel.dir/banner.c.obj
[kanix:ro] [388/420] Building C object zephyr/kernel/CMakeFiles/kernel.dir/busy_wait.c.obj
[kanix:ro] [389/420] Building C object CMakeFiles/app.dir/kanix/src/usbc_config.c.obj
[kanix:ro] [390/420] Building C object zephyr/kernel/CMakeFiles/kernel.dir/device.c.obj
[kanix:ro] [391/420] Building C object zephyr/kernel/CMakeFiles/kernel.dir/version.c.obj
[kanix:ro] [392/420] Building C object zephyr/kernel/CMakeFiles/kernel.dir/errno.c.obj
[kanix:rw] [54/420] Building C object zephyr/CMakeFiles/zephyr.dir/subsys/shell/modules/kernel_service/thread/stacks.c.obj
[kanix:ro] [393/420] Linking C static library app/libapp.a
[kanix:rw] [55/420] Building C object zephyr/CMakeFiles/zephyr.dir/subsys/shell/modules/kernel_service/thread/suspend.c.obj
[kanix:ro] [394/420] Building C object zephyr/kernel/CMakeFiles/kernel.dir/kheap.c.obj
[kanix:ro] [395/420] Building C object zephyr/kernel/CMakeFiles/kernel.dir/fatal.c.obj
[kanix:ro] [396/420] Building C object zephyr/kernel/CMakeFiles/kernel.dir/mem_slab.c.obj
[kanix:ro] [397/420] Building C object zephyr/kernel/CMakeFiles/kernel.dir/init.c.obj
[kanix:ro] [398/420] Building C object zephyr/kernel/CMakeFiles/kernel.dir/float.c.obj
[kanix:ro] [399/420] Building C object zephyr/kernel/CMakeFiles/kernel.dir/idle.c.obj
[kanix:ro] [400/420] Building C object zephyr/kernel/CMakeFiles/kernel.dir/mailbox.c.obj
[kanix:ro] [401/420] Building C object zephyr/kernel/CMakeFiles/kernel.dir/msg_q.c.obj
[/mnt/host/source/src/platform/ec/build/zephyr/axii-lcov]   /mnt/host/source/src/platform/ec/build/zephyr/axii/build-rw/zephyr/arch/common/CMakeFiles/isr_tables.dir/isr_tables.c.gcno:no functions found
[/mnt/host/source/src/platform/ec/build/zephyr/axii-lcov] stderr:
[kanix:ro] [402/420] Building C object zephyr/kernel/CMakeFiles/kernel.dir/mutex.c.obj
[kanix:rw] [56/420] Building C object zephyr/CMakeFiles/zephyr.dir/subsys/shell/modules/kernel_service/thread/resume.c.obj
[kanix:ro] [403/420] Building C object zephyr/kernel/CMakeFiles/kernel.dir/queue.c.obj
[kanix:ro] [404/420] Building C object zephyr/kernel/CMakeFiles/kernel.dir/sem.c.obj
[kanix:ro] [405/420] Building C object zephyr/kernel/CMakeFiles/kernel.dir/system_work_q.c.obj
[kanix:rw] [57/420] Building C object zephyr/CMakeFiles/zephyr.dir/subsys/shell/modules/kernel_service/thread/kill.c.obj
[kanix:ro] [406/420] Building C object zephyr/kernel/CMakeFiles/kernel.dir/stack.c.obj
[/mnt/host/source/src/platform/ec/build/zephyr/ite-aic-rtk-pdc-lcov]   /mnt/host/source/src/platform/ec/build/zephyr/ite-aic-rtk-pdc/build-ro/CMakeFiles/app.dir/mnt/host/source/src/platform/ec/build/zephyr/ite-aic-rtk-pdc/modules/ec/common/chargen.c.gcno:no functions found
[/mnt/host/source/src/platform/ec/build/zephyr/ite-aic-rtk-pdc-lcov] stderr:
[kanix:ro] [407/420] Building C object zephyr/kernel/CMakeFiles/kernel.dir/condvar.c.obj
[kanix:ro] [408/420] Building C object zephyr/kernel/CMakeFiles/kernel.dir/work.c.obj
[kanix:ro] [409/420] Building C object zephyr/kernel/CMakeFiles/kernel.dir/thread.c.obj
[kanix:ro] [410/420] Building C object zephyr/kernel/CMakeFiles/kernel.dir/spinlock_validate.c.obj
[kanix:ro] [411/420] Building C object zephyr/kernel/CMakeFiles/kernel.dir/sched.c.obj
[kanix:ro] [412/420] Building C object zephyr/kernel/CMakeFiles/kernel.dir/pipe.c.obj
[anakin:ro] Building: /usr/bin/ninja -C /mnt/host/source/src/platform/ec/build/zephyr/anakin/build-ro all.libraries
Running `env -i SHELL=/bin/bash COLORTERM=truecolor DEPOT_TOOLS_UPDATE=0 LESS='-R -M --shift 5' SUDO_GID=0 JDK_HOME=/etc/java-config-2/current-system-vm CONFIG_PROTECT_MASK='/etc/gentoo-release /etc/sandbox.d /etc/fonts/fonts.conf /etc/terminfo /etc/ca-certificates.conf /etc/revdep-rebuild' CHROMEOS_CACHEDIR=/var/cache/chromeos-cache JAVA_HOME=/etc/java-config-2/current-system-vm SSH_AUTH_SOCK=/tmp/ssh-auth-sock SUDO_COMMAND=/bin/bash SUDO_USER=root SUDO_TTY=/dev/pts/2 EDITOR=/usr/bin/vi PWD=/mnt/host/source/src/platform/ec CONFIG_PROTECT=/usr/share/gnupg/qualified.txt LOGNAME=jpmurphy MANPATH=/etc/java-config-2/current-system-vm/man:/usr/local/share/man:/usr/share/man:/usr/share/gcc-data/x86_64-pc-linux-gnu/10.2.0/man:/usr/share/binutils-data/x86_64-pc-linux-gnu/2.45/man:/etc/java-config-2/current-system-vm/man/ SUDO_HOME=/root XAUTHORITY=/run/user/944457/gdm/Xauthority HOME=/home/jpmurphy LANG=C.UTF-8 LS_COLORS='rs=0:di=01;34:ln=01;36:mh=00:pi=40;33:so=01;35:do=01;35:bd=40;33;01:cd=40;33;01:or=01;05;37;41:mi=01;05;37;41:su=37;41:sg=30;43:ca=30;41:tw=30;42:ow=34;42:st=37;44:ex=01;32:*.tar=01;31:*.tgz=01;31:*.arc=01;31:*.arj=01;31:*.taz=01;31:*.lha=01;31:*.lz4=01;31:*.lzh=01;31:*.lzma=01;31:*.tlz=01;31:*.txz=01;31:*.tzo=01;31:*.t7z=01;31:*.zip=01;31:*.z=01;31:*.dz=01;31:*.gz=01;31:*.lrz=01;31:*.lz=01;31:*.lzo=01;31:*.xz=01;31:*.zst=01;31:*.tzst=01;31:*.bz2=01;31:*.bz=01;31:*.tbz=01;31:*.tbz2=01;31:*.tz=01;31:*.deb=01;31:*.rpm=01;31:*.jar=01;31:*.war=01;31:*.ear=01;31:*.sar=01;31:*.rar=01;31:*.alz=01;31:*.ace=01;31:*.zoo=01;31:*.cpio=01;31:*.7z=01;31:*.rz=01;31:*.cab=01;31:*.wim=01;31:*.swm=01;31:*.dwm=01;31:*.esd=01;31:*.jpg=01;35:*.jpeg=01;35:*.mjpg=01;35:*.mjpeg=01;35:*.gif=01;35:*.bmp=01;35:*.pbm=01;35:*.pgm=01;35:*.ppm=01;35:*.tga=01;35:*.xbm=01;35:*.xpm=01;35:*.tif=01;35:*.tiff=01;35:*.png=01;35:*.svg=01;35:*.svgz=01;35:*.mng=01;35:*.pcx=01;35:*.mov=01;35:*.mpg=01;35:*.mpeg=01;35:*.m2v=01;35:*.mkv=01;35:*.webm=01;35:*.webp=01;35:*.ogm=01;35:*.mp4=01;35:*.m4v=01;35:*.mp4v=01;35:*.vob=01;35:*.qt=01;35:*.nuv=01;35:*.wmv=01;35:*.asf=01;35:*.rm=01;35:*.rmvb=01;35:*.flc=01;35:*.avi=01;35:*.fli=01;35:*.flv=01;35:*.gl=01;35:*.dl=01;35:*.xcf=01;35:*.xwd=01;35:*.yuv=01;35:*.cgm=01;35:*.emf=01;35:*.ogv=01;35:*.ogx=01;35:*.cfg=00;32:*.conf=00;32:*.diff=00;32:*.doc=00;32:*.ini=00;32:*.log=00;32:*.patch=00;32:*.pdf=00;32:*.ps=00;32:*.tex=00;32:*.txt=00;32:*.aac=00;36:*.au=00;36:*.flac=00;36:*.m4a=00;36:*.mid=00;36:*.midi=00;36:*.mka=00;36:*.mp3=00;36:*.mpc=00;36:*.ogg=00;36:*.ra=00;36:*.wav=00;36:*.oga=00;36:*.opus=00;36:*.spx=00;36:*.xspf=00;36:' XDG_CURRENT_DESKTOP=GNOME INFOPATH=/usr/share/info:/usr/share/gcc-data/x86_64-pc-linux-gnu/10.2.0/info:/usr/share/binutils-data/x86_64-pc-linux-gnu/2.45/info:/usr/share/automake-1.16.5/info JAVAC=/etc/java-config-2/current-system-vm/bin/javac TERM=xterm-256color LESSOPEN='|lesspipe %s' USER=jpmurphy CROS_WORKON_SRCROOT=/mnt/host/source MANPAGER=manpager DISPLAY=:1 SHLVL=1 LC_MESSAGES=C EXTERNAL_TRUNK_PATH=/mnt/8f9d649a-3721-44cc-93c0-e6bd21a9689f/chromiumos GCC_SPECS='' PATH=/mnt/host/source/chromite/bin:/usr/local/bin:/usr/bin:/bin:/opt/bin:/mnt/host/source/chromite/sdk/bin:/mnt/host/source/chromite/bin PORTAGE_USERNAME=jpmurphy SUDO_UID=0 GCC_VER=10.2.0 MAIL=/var/mail/jpmurphy OLDPWD=/mnt/host/source/src/scripts traceparent=00-e87aca51550a78635907baa6a2476181-6d684811675d2973-01 _=./zephyr/firmware_builder.py COREBOOT_SDK_ROOT_x86=/home/jpmurphy/.cache/coreboot-sdk/i386-elf/dfbb0486385d938cfa9d73080b9d18d598ed4f49 COREBOOT_SDK_ROOT_picolibc_x86=/home/jpmurphy/.cache/coreboot-sdk/picolibc-i386-elf/eb8e8e687b95461de8cbf278f1c2076952d0ad17 COREBOOT_SDK_ROOT_riscv64=/home/jpmurphy/.cache/coreboot-sdk/riscv64-elf/96b949749225b6aaa92ed810ab769e8dfb12f000 COREBOOT_SDK_ROOT_picolibc_arm=/home/jpmurphy/.cache/coreboot-sdk/picolibc-arm-eabi/422a2aa3e1ef891b5bece9a3deb696ff83840d2e COREBOOT_SDK_ROOT_nds32=/home/jpmurphy/.cache/coreboot-sdk/nds32le-elf/d1a518c4a097666d86058e1444f85ca015d15511 COREBOOT_SDK_ROOT_picolibc_riscv64=/home/jpmurphy/.cache/coreboot-sdk/picolibc-riscv64-elf/f571e990ef0278564b31124f8bb109d9a697eb69 COREBOOT_SDK_ROOT_arm=/home/jpmurphy/.cache/coreboot-sdk/arm-eabi/ea40ddd1d190c3b48435c474c0b545719371813a COREBOOT_SDK_ROOT_libstdcxx_riscv64=/home/jpmurphy/.cache/coreboot-sdk/libstdcxx-riscv64-elf/17abf22a3a252e2d5d2062ced5324f7a623689e0 COREBOOT_SDK_ROOT_libstdcxx_arm=/home/jpmurphy/.cache/coreboot-sdk/libstdcxx-arm-eabi/5d7d82e150e44aa1968f1d366e267e6687b328ac COREBOOT_SDK_ROOT_riscv=/home/jpmurphy/.cache/coreboot-sdk/riscv-elf/9a27b9e82341c6e9126624f516ab3f261abb3e73 COREBOOT_SDK_ROOT_libstdcxx_x86=/home/jpmurphy/.cache/coreboot-sdk/libstdcxx-i386-elf/42ef9d2e87a76a37963175d7d428734e65648b87 PYTHONPATH=/mnt/host/source/src/platform/ec/zephyr/zmake PW_PIGWEED_CIPD_INSTALL_DIR=/usr CROSTC_USER_ACKNOWLEDGES_THAT_RISCV_IS_EXPERIMENTAL=1 MAKEFLAGS=' -j16 --jobserver-auth=5,6' /usr/bin/ninja -C /mnt/host/source/src/platform/ec/build/zephyr/anakin/build-ro all.libraries`
[kanix:ro] [413/420] Building C object zephyr/kernel/CMakeFiles/kernel.dir/thread_monitor.c.obj
[anakin:ro] ninja: Entering directory `/mnt/host/source/src/platform/ec/build/zephyr/anakin/build-ro'
[kanix:ro] [414/420] Building C object zephyr/kernel/CMakeFiles/kernel.dir/timeout.c.obj
[kanix:ro] [415/420] Building C object zephyr/kernel/CMakeFiles/kernel.dir/timer.c.obj
[anakin:ro] [1/360] Preparing syscall dependency handling
[kanix:rw] [58/420] Building C object zephyr/CMakeFiles/zephyr.dir/subsys/shell/backends/shell_uart.c.obj
[anakin:ro] [2/360] Generating misc/generated/syscalls_subdirs.trigger
[anakin:rw] Building: /usr/bin/ninja -C /mnt/host/source/src/platform/ec/build/zephyr/anakin/build-rw all.libraries
Running `env -i SHELL=/bin/bash COLORTERM=truecolor DEPOT_TOOLS_UPDATE=0 LESS='-R -M --shift 5' SUDO_GID=0 JDK_HOME=/etc/java-config-2/current-system-vm CONFIG_PROTECT_MASK='/etc/gentoo-release /etc/sandbox.d /etc/fonts/fonts.conf /etc/terminfo /etc/ca-certificates.conf /etc/revdep-rebuild' CHROMEOS_CACHEDIR=/var/cache/chromeos-cache JAVA_HOME=/etc/java-config-2/current-system-vm SSH_AUTH_SOCK=/tmp/ssh-auth-sock SUDO_COMMAND=/bin/bash SUDO_USER=root SUDO_TTY=/dev/pts/2 EDITOR=/usr/bin/vi PWD=/mnt/host/source/src/platform/ec CONFIG_PROTECT=/usr/share/gnupg/qualified.txt LOGNAME=jpmurphy MANPATH=/etc/java-config-2/current-system-vm/man:/usr/local/share/man:/usr/share/man:/usr/share/gcc-data/x86_64-pc-linux-gnu/10.2.0/man:/usr/share/binutils-data/x86_64-pc-linux-gnu/2.45/man:/etc/java-config-2/current-system-vm/man/ SUDO_HOME=/root XAUTHORITY=/run/user/944457/gdm/Xauthority HOME=/home/jpmurphy LANG=C.UTF-8 LS_COLORS='rs=0:di=01;34:ln=01;36:mh=00:pi=40;33:so=01;35:do=01;35:bd=40;33;01:cd=40;33;01:or=01;05;37;41:mi=01;05;37;41:su=37;41:sg=30;43:ca=30;41:tw=30;42:ow=34;42:st=37;44:ex=01;32:*.tar=01;31:*.tgz=01;31:*.arc=01;31:*.arj=01;31:*.taz=01;31:*.lha=01;31:*.lz4=01;31:*.lzh=01;31:*.lzma=01;31:*.tlz=01;31:*.txz=01;31:*.tzo=01;31:*.t7z=01;31:*.zip=01;31:*.z=01;31:*.dz=01;31:*.gz=01;31:*.lrz=01;31:*.lz=01;31:*.lzo=01;31:*.xz=01;31:*.zst=01;31:*.tzst=01;31:*.bz2=01;31:*.bz=01;31:*.tbz=01;31:*.tbz2=01;31:*.tz=01;31:*.deb=01;31:*.rpm=01;31:*.jar=01;31:*.war=01;31:*.ear=01;31:*.sar=01;31:*.rar=01;31:*.alz=01;31:*.ace=01;31:*.zoo=01;31:*.cpio=01;31:*.7z=01;31:*.rz=01;31:*.cab=01;31:*.wim=01;31:*.swm=01;31:*.dwm=01;31:*.esd=01;31:*.jpg=01;35:*.jpeg=01;35:*.mjpg=01;35:*.mjpeg=01;35:*.gif=01;35:*.bmp=01;35:*.pbm=01;35:*.pgm=01;35:*.ppm=01;35:*.tga=01;35:*.xbm=01;35:*.xpm=01;35:*.tif=01;35:*.tiff=01;35:*.png=01;35:*.svg=01;35:*.svgz=01;35:*.mng=01;35:*.pcx=01;35:*.mov=01;35:*.mpg=01;35:*.mpeg=01;35:*.m2v=01;35:*.mkv=01;35:*.webm=01;35:*.webp=01;35:*.ogm=01;35:*.mp4=01;35:*.m4v=01;35:*.mp4v=01;35:*.vob=01;35:*.qt=01;35:*.nuv=01;35:*.wmv=01;35:*.asf=01;35:*.rm=01;35:*.rmvb=01;35:*.flc=01;35:*.avi=01;35:*.fli=01;35:*.flv=01;35:*.gl=01;35:*.dl=01;35:*.xcf=01;35:*.xwd=01;35:*.yuv=01;35:*.cgm=01;35:*.emf=01;35:*.ogv=01;35:*.ogx=01;35:*.cfg=00;32:*.conf=00;32:*.diff=00;32:*.doc=00;32:*.ini=00;32:*.log=00;32:*.patch=00;32:*.pdf=00;32:*.ps=00;32:*.tex=00;32:*.txt=00;32:*.aac=00;36:*.au=00;36:*.flac=00;36:*.m4a=00;36:*.mid=00;36:*.midi=00;36:*.mka=00;36:*.mp3=00;36:*.mpc=00;36:*.ogg=00;36:*.ra=00;36:*.wav=00;36:*.oga=00;36:*.opus=00;36:*.spx=00;36:*.xspf=00;36:' XDG_CURRENT_DESKTOP=GNOME INFOPATH=/usr/share/info:/usr/share/gcc-data/x86_64-pc-linux-gnu/10.2.0/info:/usr/share/binutils-data/x86_64-pc-linux-gnu/2.45/info:/usr/share/automake-1.16.5/info JAVAC=/etc/java-config-2/current-system-vm/bin/javac TERM=xterm-256color LESSOPEN='|lesspipe %s' USER=jpmurphy CROS_WORKON_SRCROOT=/mnt/host/source MANPAGER=manpager DISPLAY=:1 SHLVL=1 LC_MESSAGES=C EXTERNAL_TRUNK_PATH=/mnt/8f9d649a-3721-44cc-93c0-e6bd21a9689f/chromiumos GCC_SPECS='' PATH=/mnt/host/source/chromite/bin:/usr/local/bin:/usr/bin:/bin:/opt/bin:/mnt/host/source/chromite/sdk/bin:/mnt/host/source/chromite/bin PORTAGE_USERNAME=jpmurphy SUDO_UID=0 GCC_VER=10.2.0 MAIL=/var/mail/jpmurphy OLDPWD=/mnt/host/source/src/scripts traceparent=00-e87aca51550a78635907baa6a2476181-6d684811675d2973-01 _=./zephyr/firmware_builder.py COREBOOT_SDK_ROOT_x86=/home/jpmurphy/.cache/coreboot-sdk/i386-elf/dfbb0486385d938cfa9d73080b9d18d598ed4f49 COREBOOT_SDK_ROOT_picolibc_x86=/home/jpmurphy/.cache/coreboot-sdk/picolibc-i386-elf/eb8e8e687b95461de8cbf278f1c2076952d0ad17 COREBOOT_SDK_ROOT_riscv64=/home/jpmurphy/.cache/coreboot-sdk/riscv64-elf/96b949749225b6aaa92ed810ab769e8dfb12f000 COREBOOT_SDK_ROOT_picolibc_arm=/home/jpmurphy/.cache/coreboot-sdk/picolibc-arm-eabi/422a2aa3e1ef891b5bece9a3deb696ff83840d2e COREBOOT_SDK_ROOT_nds32=/home/jpmurphy/.cache/coreboot-sdk/nds32le-elf/d1a518c4a097666d86058e1444f85ca015d15511 COREBOOT_SDK_ROOT_picolibc_riscv64=/home/jpmurphy/.cache/coreboot-sdk/picolibc-riscv64-elf/f571e990ef0278564b31124f8bb109d9a697eb69 COREBOOT_SDK_ROOT_arm=/home/jpmurphy/.cache/coreboot-sdk/arm-eabi/ea40ddd1d190c3b48435c474c0b545719371813a COREBOOT_SDK_ROOT_libstdcxx_riscv64=/home/jpmurphy/.cache/coreboot-sdk/libstdcxx-riscv64-elf/17abf22a3a252e2d5d2062ced5324f7a623689e0 COREBOOT_SDK_ROOT_libstdcxx_arm=/home/jpmurphy/.cache/coreboot-sdk/libstdcxx-arm-eabi/5d7d82e150e44aa1968f1d366e267e6687b328ac COREBOOT_SDK_ROOT_riscv=/home/jpmurphy/.cache/coreboot-sdk/riscv-elf/9a27b9e82341c6e9126624f516ab3f261abb3e73 COREBOOT_SDK_ROOT_libstdcxx_x86=/home/jpmurphy/.cache/coreboot-sdk/libstdcxx-i386-elf/42ef9d2e87a76a37963175d7d428734e65648b87 PYTHONPATH=/mnt/host/source/src/platform/ec/zephyr/zmake PW_PIGWEED_CIPD_INSTALL_DIR=/usr CROSTC_USER_ACKNOWLEDGES_THAT_RISCV_IS_EXPERIMENTAL=1 MAKEFLAGS=' -j16 --jobserver-auth=5,6' /usr/bin/ninja -C /mnt/host/source/src/platform/ec/build/zephyr/anakin/build-rw all.libraries`
[anakin:rw] ninja: Entering directory `/mnt/host/source/src/platform/ec/build/zephyr/anakin/build-rw'
[kanix:ro] [416/420] Building C object zephyr/kernel/CMakeFiles/kernel.dir/poll.c.obj
[anakin:ro] [3/360] cd /mnt/host/source/src/platform/ec/build/zephyr/anakin/build-ro/modules/ec/zephyr && PYTHONPATH=/mnt/host/source/src/platform/ec/build/zephyr/anakin/modules/ec/zephyr/zmake/ /usr/bin/python3.11 /mnt/host/source/src/platform/ec/build/zephyr/anakin/modules/ec/zephyr/zmake/zephyr_build_tools/generate_ec_version.py /mnt/host/source/src/platform/ec/build/zephyr/anakin/build-ro/modules/ec/zephyr/include/ec_version.h --name Zephyr-Kernel --version 16543.0.0 --static
[anakin:ro] INFO:root:Using a static version string
[kanix:ro] [417/420] Building C object zephyr/kernel/CMakeFiles/kernel.dir/events.c.obj
[anakin:rw] [1/360] Preparing syscall dependency handling
[helipilot:ro] Configuring.
Running `env -i PYTHONPATH=/usr/lib64/python-exec/python3.11:/mnt/host/source/src/platform/ec/zephyr/zmake:/usr/lib/python311.zip:/usr/lib/python3.11:/usr/lib/python3.11/lib-dynload:/usr/lib/python3.11/site-packages PW_PIGWEED_CIPD_INSTALL_DIR=/usr CROSTC_USER_ACKNOWLEDGES_THAT_RISCV_IS_EXPERIMENTAL=1 PATH=/mnt/host/source/chromite/bin:/usr/local/bin:/usr/bin:/bin:/opt/bin:/mnt/host/source/chromite/sdk/bin:/mnt/host/source/chromite/bin HOME=/home/jpmurphy JAVA_HOME=/etc/java-config-2/current-system-vm JDK_HOME=/etc/java-config-2/current-system-vm JAVAC=/etc/java-config-2/current-system-vm/bin/javac MAKEFLAGS=' -j16 --jobserver-auth=5,6' /usr/bin/cmake -S /mnt/host/source/src/platform/ec/zephyr/program/fpmcu -B /mnt/host/source/src/platform/ec/build/zephyr/helipilot/build-ro -GNinja -DCMAKE_EXPORT_COMPILE_COMMANDS=ON -DZEPHYR_BASE=/mnt/host/source/src/third_party/zephyr/main -DZMAKE_INCLUDE_DIR=/mnt/host/source/src/platform/ec/build/zephyr/helipilot/include -DPython3_EXECUTABLE=/usr/bin/python3.11 -DDTS_ROOT=/mnt/host/source/src/platform/ec/zephyr -DSYSCALL_INCLUDE_DIRS=/mnt/host/source/src/platform/ec/zephyr/include/drivers -DUSER_CACHE_DIR=/mnt/host/source/src/platform/ec/build/zephyr/user-cache '-DEXTRA_EC_VERSION_FLAGS=--version 16543.0.0 --static' -DTOOLCHAIN_ROOT=/mnt/host/source/src/platform/ec/zephyr -DZEPHYR_TOOLCHAIN_VARIANT=llvm '-DZEPHYR_MODULES=/mnt/host/source/src/platform/ec/build/zephyr/helipilot/modules/ec;/mnt/host/source/src/platform/ec/build/zephyr/helipilot/modules/cmsis;/mnt/host/source/src/platform/ec/build/zephyr/helipilot/modules/cmsis_6;/mnt/host/source/src/platform/ec/build/zephyr/helipilot/modules/fpc' -DDTC_OVERLAY_FILE=/mnt/host/source/src/platform/ec/zephyr/program/fpmcu/helipilot/helipilot.dts -DBOARD=google_quincy -DCMAKE_C_FLAGS=-DSECTION_IS_RO '-DCONF_FILE=/mnt/host/source/src/platform/ec/zephyr/program/fpmcu/prj.conf;/mnt/host/source/src/platform/ec/zephyr/program/fpmcu/helipilot/prj.conf;/mnt/host/source/src/platform/ec/zephyr/program/fpmcu/helipilot/ec_quirks.conf;/mnt/host/source/src/platform/ec/build/zephyr/helipilot/kconfig-ro.conf'`
[kanix:ro] [418/420] Building C object zephyr/kernel/CMakeFiles/kernel.dir/mempool.c.obj
[helipilot:ro] Loading Zephyr default modules (Zephyr base (cached)).
[helipilot:ro] -- Application: /mnt/host/source/src/platform/ec/zephyr/program/fpmcu
[helipilot:ro] -- CMake version: 3.31.7
[kanix:rw] [59/420] Building C object zephyr/CMakeFiles/zephyr.dir/subsys/shell/shell.c.obj
[kanix:ro] [419/420] Building C object zephyr/kernel/CMakeFiles/kernel.dir/dynamic_disabled.c.obj
[anakin:rw] [2/360] Generating misc/generated/syscalls_subdirs.trigger
[kanix:ro] [420/420] Linking C static library zephyr/kernel/libkernel.a
[anakin:ro] INFO:root:Version string: Zephyr-Kernel-16543.0.0
[anakin:ro] INFO:root:Writing header to /mnt/host/source/src/platform/ec/build/zephyr/anakin/build-ro/modules/ec/zephyr/include/ec_version.h
[anakin:ro] [4/360] Generating include/generated/zephyr/version.h
Toolchain <zmake.toolchains.CorebootSdkToolchain object at 0x7f4120718610> selected by probe function.
[starmie] Building in /mnt/host/source/src/platform/ec/build/zephyr/starmie.
[anakin:rw] [3/360] cd /mnt/host/source/src/platform/ec/build/zephyr/anakin/build-rw/modules/ec/zephyr && PYTHONPATH=/mnt/host/source/src/platform/ec/build/zephyr/anakin/modules/ec/zephyr/zmake/ /usr/bin/python3.11 /mnt/host/source/src/platform/ec/build/zephyr/anakin/modules/ec/zephyr/zmake/zephyr_build_tools/generate_ec_version.py /mnt/host/source/src/platform/ec/build/zephyr/anakin/build-rw/modules/ec/zephyr/include/ec_version.h --name Zephyr-Kernel --version 16543.0.0 --static
[anakin:rw] INFO:root:Using a static version string
[kanix:rw] [60/420] Building C object zephyr/CMakeFiles/zephyr.dir/subsys/shell/shell_fprintf.c.obj
[kanix:rw] [61/420] Building C object zephyr/CMakeFiles/zephyr.dir/subsys/shell/shell_utils.c.obj
[helipilot:ro] -- Found Python3: /usr/bin/python3.11 (found suitable version "3.11.11", minimum required is "3.10") found components: Interpreter
[helipilot:ro] -- Cache files will be written to: /mnt/host/source/src/platform/ec/build/zephyr/user-cache
[helipilot:ro] -- Zephyr version: 4.3.99 (/mnt/host/source/src/third_party/zephyr/main)
[kanix:rw] [62/420] Building C object zephyr/CMakeFiles/zephyr.dir/subsys/shell/shell_ops.c.obj
[kanix:rw] [63/420] Building C object zephyr/CMakeFiles/zephyr.dir/subsys/shell/shell_history.c.obj
[anakin:rw] INFO:root:Version string: Zephyr-Kernel-16543.0.0
[anakin:rw] INFO:root:Writing header to /mnt/host/source/src/platform/ec/build/zephyr/anakin/build-rw/modules/ec/zephyr/include/ec_version.h
[anakin:rw] [4/360] Generating include/generated/zephyr/version.h
[anakin:rw] -- git describe warned: warning: tag 'upstream/v2.7.99' is externally known as 'v2.7.99'
[anakin:ro] -- git describe warned: warning: tag 'upstream/v2.7.99' is externally known as 'v2.7.99'
[anakin:ro] -- Zephyr version: 4.3.99 (/mnt/host/source/src/third_party/zephyr/main)
[anakin:ro] [5/360] Generating misc/generated/syscalls.json, misc/generated/struct_tags.json
[starmie:rw] Configuring.
Running `env -i PYTHONPATH=/usr/lib64/python-exec/python3.11:/mnt/host/source/src/platform/ec/zephyr/zmake:/usr/lib/python311.zip:/usr/lib/python3.11:/usr/lib/python3.11/lib-dynload:/usr/lib/python3.11/site-packages PW_PIGWEED_CIPD_INSTALL_DIR=/usr CROSTC_USER_ACKNOWLEDGES_THAT_RISCV_IS_EXPERIMENTAL=1 PATH=/mnt/host/source/chromite/bin:/usr/local/bin:/usr/bin:/bin:/opt/bin:/mnt/host/source/chromite/sdk/bin:/mnt/host/source/chromite/bin HOME=/home/jpmurphy JAVA_HOME=/etc/java-config-2/current-system-vm JDK_HOME=/etc/java-config-2/current-system-vm JAVAC=/etc/java-config-2/current-system-vm/bin/javac MAKEFLAGS=' -j16 --jobserver-auth=5,6' /usr/bin/cmake -S /mnt/host/source/src/platform/ec/zephyr/program/corsola -B /mnt/host/source/src/platform/ec/build/zephyr/starmie/build-rw -GNinja -DCMAKE_EXPORT_COMPILE_COMMANDS=ON -DZEPHYR_BASE=/mnt/host/source/src/third_party/zephyr/main -DZMAKE_INCLUDE_DIR=/mnt/host/source/src/platform/ec/build/zephyr/starmie/include -DPython3_EXECUTABLE=/usr/bin/python3.11 -DDTS_ROOT=/mnt/host/source/src/platform/ec/zephyr -DSYSCALL_INCLUDE_DIRS=/mnt/host/source/src/platform/ec/zephyr/include/drivers -DUSER_CACHE_DIR=/mnt/host/source/src/platform/ec/build/zephyr/user-cache '-DEXTRA_EC_VERSION_FLAGS=--version 16543.0.0 --static' -DTOOLCHAIN_ROOT=/mnt/host/source/src/platform/ec/zephyr -DCOREBOOT_SDK_ROOT_x86=/home/jpmurphy/.cache/coreboot-sdk/i386-elf/dfbb0486385d938cfa9d73080b9d18d598ed4f49 -DCOREBOOT_SDK_ROOT_picolibc_x86=/home/jpmurphy/.cache/coreboot-sdk/picolibc-i386-elf/eb8e8e687b95461de8cbf278f1c2076952d0ad17 -DCOREBOOT_SDK_ROOT_riscv64=/home/jpmurphy/.cache/coreboot-sdk/riscv64-elf/96b949749225b6aaa92ed810ab769e8dfb12f000 -DCOREBOOT_SDK_ROOT_picolibc_arm=/home/jpmurphy/.cache/coreboot-sdk/picolibc-arm-eabi/422a2aa3e1ef891b5bece9a3deb696ff83840d2e -DCOREBOOT_SDK_ROOT_nds32=/home/jpmurphy/.cache/coreboot-sdk/nds32le-elf/d1a518c4a097666d86058e1444f85ca015d15511 -DCOREBOOT_SDK_ROOT_picolibc_riscv64=/home/jpmurphy/.cache/coreboot-sdk/picolibc-riscv64-elf/f571e990ef0278564b31124f8bb109d9a697eb69 -DCOREBOOT_SDK_ROOT_arm=/home/jpmurphy/.cache/coreboot-sdk/arm-eabi/ea40ddd1d190c3b48435c474c0b545719371813a -DCOREBOOT_SDK_ROOT_libstdcxx_riscv64=/home/jpmurphy/.cache/coreboot-sdk/libstdcxx-riscv64-elf/17abf22a3a252e2d5d2062ced5324f7a623689e0 -DCOREBOOT_SDK_ROOT_libstdcxx_arm=/home/jpmurphy/.cache/coreboot-sdk/libstdcxx-arm-eabi/5d7d82e150e44aa1968f1d366e267e6687b328ac -DCOREBOOT_SDK_ROOT_riscv=/home/jpmurphy/.cache/coreboot-sdk/riscv-elf/9a27b9e82341c6e9126624f516ab3f261abb3e73 -DCOREBOOT_SDK_ROOT_libstdcxx_x86=/home/jpmurphy/.cache/coreboot-sdk/libstdcxx-i386-elf/42ef9d2e87a76a37963175d7d428734e65648b87 -DZEPHYR_TOOLCHAIN_VARIANT=coreboot-sdk -DZEPHYR_MODULES=/mnt/host/source/src/platform/ec/build/zephyr/starmie/modules/ec -DDTC_OVERLAY_FILE=/mnt/host/source/src/platform/ec/zephyr/program/corsola/starmie/project.overlay -DBOARD=it8xxx2/it81202bx -DCMAKE_C_FLAGS=-DSECTION_IS_RW '-DCONF_FILE=/mnt/host/source/src/platform/ec/zephyr/program/corsola/program.conf;/mnt/host/source/src/platform/ec/zephyr/program/corsola/ite_program.conf;/mnt/host/source/src/platform/ec/zephyr/program/corsola/starmie/project.conf;/mnt/host/source/src/platform/ec/build/zephyr/starmie/kconfig-rw.conf'`
[starmie:rw] Loading Zephyr default modules (Zephyr base (cached)).
[starmie:rw] -- Application: /mnt/host/source/src/platform/ec/zephyr/program/corsola
[kanix:rw] [64/420] Building C object zephyr/arch/common/CMakeFiles/arch__common.dir/init.c.obj
[kanix:rw] [65/420] Building ASM object zephyr/arch/arch/arm/core/CMakeFiles/arch__arm__core.dir/nmi_on_reset.S.obj
[anakin:ro] [6/360] Generating include/generated/zephyr/syscall_dispatch.c, include/generated/zephyr/syscall_exports_llext.c, syscall_weakdefs_llext.c, include/generated/zephyr/syscall_list.h
[kanix:rw] [66/420] Building C object zephyr/arch/common/CMakeFiles/arch__common.dir/sw_isr_common.c.obj
[kanix:rw] [67/420] Building C object zephyr/CMakeFiles/zephyr.dir/drivers/flash/flash_util.c.obj
[kanix:rw] [68/420] Building C object zephyr/arch/common/CMakeFiles/arch__common.dir/xip.c.obj
[starmie:ro] Configuring.
Running `env -i PYTHONPATH=/usr/lib64/python-exec/python3.11:/mnt/host/source/src/platform/ec/zephyr/zmake:/usr/lib/python311.zip:/usr/lib/python3.11:/usr/lib/python3.11/lib-dynload:/usr/lib/python3.11/site-packages PW_PIGWEED_CIPD_INSTALL_DIR=/usr CROSTC_USER_ACKNOWLEDGES_THAT_RISCV_IS_EXPERIMENTAL=1 PATH=/mnt/host/source/chromite/bin:/usr/local/bin:/usr/bin:/bin:/opt/bin:/mnt/host/source/chromite/sdk/bin:/mnt/host/source/chromite/bin HOME=/home/jpmurphy JAVA_HOME=/etc/java-config-2/current-system-vm JDK_HOME=/etc/java-config-2/current-system-vm JAVAC=/etc/java-config-2/current-system-vm/bin/javac MAKEFLAGS=' -j16 --jobserver-auth=5,6' /usr/bin/cmake -S /mnt/host/source/src/platform/ec/zephyr/program/corsola -B /mnt/host/source/src/platform/ec/build/zephyr/starmie/build-ro -GNinja -DCMAKE_EXPORT_COMPILE_COMMANDS=ON -DZEPHYR_BASE=/mnt/host/source/src/third_party/zephyr/main -DZMAKE_INCLUDE_DIR=/mnt/host/source/src/platform/ec/build/zephyr/starmie/include -DPython3_EXECUTABLE=/usr/bin/python3.11 -DDTS_ROOT=/mnt/host/source/src/platform/ec/zephyr -DSYSCALL_INCLUDE_DIRS=/mnt/host/source/src/platform/ec/zephyr/include/drivers -DUSER_CACHE_DIR=/mnt/host/source/src/platform/ec/build/zephyr/user-cache '-DEXTRA_EC_VERSION_FLAGS=--version 16543.0.0 --static' -DTOOLCHAIN_ROOT=/mnt/host/source/src/platform/ec/zephyr -DCOREBOOT_SDK_ROOT_x86=/home/jpmurphy/.cache/coreboot-sdk/i386-elf/dfbb0486385d938cfa9d73080b9d18d598ed4f49 -DCOREBOOT_SDK_ROOT_picolibc_x86=/home/jpmurphy/.cache/coreboot-sdk/picolibc-i386-elf/eb8e8e687b95461de8cbf278f1c2076952d0ad17 -DCOREBOOT_SDK_ROOT_riscv64=/home/jpmurphy/.cache/coreboot-sdk/riscv64-elf/96b949749225b6aaa92ed810ab769e8dfb12f000 -DCOREBOOT_SDK_ROOT_picolibc_arm=/home/jpmurphy/.cache/coreboot-sdk/picolibc-arm-eabi/422a2aa3e1ef891b5bece9a3deb696ff83840d2e -DCOREBOOT_SDK_ROOT_nds32=/home/jpmurphy/.cache/coreboot-sdk/nds32le-elf/d1a518c4a097666d86058e1444f85ca015d15511 -DCOREBOOT_SDK_ROOT_picolibc_riscv64=/home/jpmurphy/.cache/coreboot-sdk/picolibc-riscv64-elf/f571e990ef0278564b31124f8bb109d9a697eb69 -DCOREBOOT_SDK_ROOT_arm=/home/jpmurphy/.cache/coreboot-sdk/arm-eabi/ea40ddd1d190c3b48435c474c0b545719371813a -DCOREBOOT_SDK_ROOT_libstdcxx_riscv64=/home/jpmurphy/.cache/coreboot-sdk/libstdcxx-riscv64-elf/17abf22a3a252e2d5d2062ced5324f7a623689e0 -DCOREBOOT_SDK_ROOT_libstdcxx_arm=/home/jpmurphy/.cache/coreboot-sdk/libstdcxx-arm-eabi/5d7d82e150e44aa1968f1d366e267e6687b328ac -DCOREBOOT_SDK_ROOT_riscv=/home/jpmurphy/.cache/coreboot-sdk/riscv-elf/9a27b9e82341c6e9126624f516ab3f261abb3e73 -DCOREBOOT_SDK_ROOT_libstdcxx_x86=/home/jpmurphy/.cache/coreboot-sdk/libstdcxx-i386-elf/42ef9d2e87a76a37963175d7d428734e65648b87 -DZEPHYR_TOOLCHAIN_VARIANT=coreboot-sdk -DZEPHYR_MODULES=/mnt/host/source/src/platform/ec/build/zephyr/starmie/modules/ec -DDTC_OVERLAY_FILE=/mnt/host/source/src/platform/ec/zephyr/program/corsola/starmie/project.overlay -DBOARD=it8xxx2/it81202bx -DCMAKE_C_FLAGS=-DSECTION_IS_RO '-DCONF_FILE=/mnt/host/source/src/platform/ec/zephyr/program/corsola/program.conf;/mnt/host/source/src/platform/ec/zephyr/program/corsola/ite_program.conf;/mnt/host/source/src/platform/ec/zephyr/program/corsola/starmie/project.conf;/mnt/host/source/src/platform/ec/build/zephyr/starmie/kconfig-ro.conf'`
[anakin:rw] -- Zephyr version: 4.3.99 (/mnt/host/source/src/third_party/zephyr/main)
[anakin:rw] [5/360] Generating misc/generated/syscalls.json, misc/generated/struct_tags.json
[kanix:rw] [69/420] Building C object zephyr/arch/common/CMakeFiles/isr_tables.dir/isr_tables.c.obj
[starmie:ro] Loading Zephyr default modules (Zephyr base (cached)).
[starmie:rw] -- CMake version: 3.31.7
[starmie:ro] -- Application: /mnt/host/source/src/platform/ec/zephyr/program/corsola
[starmie:rw] -- Found Python3: /usr/bin/python3.11 (found suitable version "3.11.11", minimum required is "3.10") found components: Interpreter
[starmie:rw] -- Cache files will be written to: /mnt/host/source/src/platform/ec/build/zephyr/user-cache
[starmie:rw] -- Zephyr version: 4.3.99 (/mnt/host/source/src/third_party/zephyr/main)
[kanix:rw] [70/420] Building ASM object zephyr/arch/arch/arm/core/cortex_m/CMakeFiles/arch__arm__core__cortex_m.dir/fault_s.S.obj
[kanix:rw] [71/420] Linking C static library zephyr/libzephyr.a
[anakin:ro] [7/360] Generating include/generated/zephyr/driver-validation.h
[kanix:rw] [72/420] Linking C static library zephyr/arch/common/libisr_tables.a
[anakin:rw] [6/360] Generating include/generated/zephyr/syscall_dispatch.c, include/generated/zephyr/syscall_exports_llext.c, syscall_weakdefs_llext.c, include/generated/zephyr/syscall_list.h
[kanix:rw] [73/420] Linking C static library zephyr/arch/common/libarch__common.a
[kanix:rw] [74/420] Building C object zephyr/arch/arch/arm/core/CMakeFiles/arch__arm__core.dir/nmi.c.obj
[anakin:ro] [8/360] Generating include/generated/zephyr/kobj-types-enum.h, include/generated/zephyr/otype-to-str.h, include/generated/zephyr/otype-to-size.h
[kanix:rw] [75/420] Building C object zephyr/arch/arch/arm/core/CMakeFiles/arch__arm__core.dir/fatal.c.obj
[anakin:ro] [9/360] Generating include/generated/device-api-sections.ld, include/generated/device-api-sections.cmake
[anakin:rw] [7/360] Generating include/generated/zephyr/driver-validation.h
[anakin:ro] [10/360] Building C object zephyr/CMakeFiles/offsets.dir/arch/riscv/core/offsets/offsets.c.obj
[starmie:ro] -- CMake version: 3.31.7
[starmie:ro] -- Found Python3: /usr/bin/python3.11 (found suitable version "3.11.11", minimum required is "3.10") found components: Interpreter
[starmie:ro] -- Cache files will be written to: /mnt/host/source/src/platform/ec/build/zephyr/user-cache
[starmie:ro] -- Zephyr version: 4.3.99 (/mnt/host/source/src/third_party/zephyr/main)
[kanix:rw] [76/420] Linking C static library zephyr/arch/arch/arm/core/libarch__arm__core.a
[kanix:rw] [77/420] Building C object zephyr/arch/arch/arm/core/cortex_m/CMakeFiles/arch__arm__core__cortex_m.dir/exc_exit.c.obj
[kanix:rw] [78/420] Building ASM object zephyr/arch/arch/arm/core/cortex_m/CMakeFiles/arch__arm__core__cortex_m.dir/vector_table.S.obj
[anakin:ro] [11/360] Generating include/generated/zephyr/offsets.h
[anakin:rw] [8/360] Generating include/generated/zephyr/kobj-types-enum.h, include/generated/zephyr/otype-to-str.h, include/generated/zephyr/otype-to-size.h
[anakin:ro] [12/360] Building C object CMakeFiles/app.dir/mnt/host/source/src/platform/ec/zephyr/subsys/ap_pwrseq/ap_events.c.obj
[anakin:ro] [13/360] Building C object CMakeFiles/app.dir/mnt/host/source/src/platform/ec/zephyr/subsys/pd_controller/pdc_pmc_debug.c.obj
[/mnt/host/source/src/platform/ec/build/zephyr/ite-aic-rtk-pdc-lcov]   /mnt/host/source/src/platform/ec/build/zephyr/ite-aic-rtk-pdc/build-ro/CMakeFiles/app.dir/mnt/host/source/src/platform/ec/build/zephyr/ite-aic-rtk-pdc/modules/ec/common/cbi_config.c.gcno:no functions found
[/mnt/host/source/src/platform/ec/build/zephyr/ite-aic-rtk-pdc-lcov] stderr:
[anakin:rw] [9/360] Generating include/generated/device-api-sections.ld, include/generated/device-api-sections.cmake
[anakin:ro] [14/360] Building C object CMakeFiles/app.dir/mnt/host/source/src/platform/ec/zephyr/subsys/pd_controller/pdc_power_mgmt.c.obj
[kanix:rw] [79/420] Building C object zephyr/arch/arch/arm/core/cortex_m/CMakeFiles/arch__arm__core__cortex_m.dir/fault.c.obj
[anakin:rw] [10/360] Building C object zephyr/CMakeFiles/offsets.dir/arch/riscv/core/offsets/offsets.c.obj
[anakin:ro] [15/360] Building C object CMakeFiles/app.dir/mnt/host/source/src/platform/ec/zephyr/subsys/pd_controller/pdc_console.c.obj
[anakin:ro] [16/360] Building C object CMakeFiles/app.dir/mnt/host/source/src/platform/ec/zephyr/subsys/pd_controller/pdc_host_cmd.c.obj
[anakin:ro] [17/360] Building C object CMakeFiles/app.dir/mnt/host/source/src/platform/ec/zephyr/subsys/pd_controller/pdc_stub.c.obj
[anakin:ro] [18/360] Building C object CMakeFiles/app.dir/mnt/host/source/src/platform/ec/zephyr/subsys/pd_controller/pdc_dpm.c.obj
[anakin:ro] [19/360] Building C object CMakeFiles/app.dir/mnt/host/source/src/platform/ec/zephyr/subsys/pd_controller/pdc_runtime_port_config.c.obj
[kanix:rw] [80/420] Building C object zephyr/arch/arch/arm/core/cortex_m/CMakeFiles/arch__arm__core__cortex_m.dir/fpu.c.obj
[anakin:ro] [20/360] Building C object CMakeFiles/app.dir/mnt/host/source/src/platform/ec/zephyr/subsys/ucsi/ppm_common.c.obj
[anakin:ro] [21/360] Building C object CMakeFiles/app.dir/mnt/host/source/src/platform/ec/zephyr/subsys/ucsi/ppm_console.c.obj
[anakin:ro] [22/360] Building C object CMakeFiles/app.dir/mnt/host/source/src/platform/ec/zephyr/subsys/ucsi/ppm_driver.c.obj
[kanix:rw] [81/420] Building C object zephyr/arch/arch/arm/core/cortex_m/CMakeFiles/arch__arm__core__cortex_m.dir/scb.c.obj
[anakin:ro] [23/360] Building C object CMakeFiles/app.dir/mnt/host/source/src/platform/ec/zephyr/subsys/ucsi/ucsi_host_cmd.c.obj
[anakin:ro] [24/360] Building C object CMakeFiles/app.dir/mnt/host/source/src/platform/ec/build/zephyr/anakin/modules/ec/builtin/stdlib.c.obj
[helipilot:ro] -- Board: google_quincy, qualifiers: npcx9mfp
[anakin:rw] [11/360] Generating include/generated/zephyr/offsets.h
[anakin:ro] [25/360] Building C object CMakeFiles/app.dir/mnt/host/source/src/platform/ec/build/zephyr/anakin/modules/ec/common/base32.c.obj
[kanix:rw] [82/420] Building ASM object zephyr/arch/arch/arm/core/cortex_m/CMakeFiles/arch__arm__core__cortex_m.dir/reset.S.obj
[anakin:ro] [26/360] Building C object CMakeFiles/app.dir/mnt/host/source/src/platform/ec/build/zephyr/anakin/modules/ec/common/console_output.c.obj
[anakin:ro] [27/360] Building C object CMakeFiles/app.dir/mnt/host/source/src/platform/ec/build/zephyr/anakin/modules/ec/common/ec_features.c.obj
[anakin:rw] [12/360] Building C object CMakeFiles/app.dir/mnt/host/source/src/platform/ec/zephyr/subsys/ap_pwrseq/ap_events.c.obj
[anakin:ro] [28/360] Building C object CMakeFiles/app.dir/mnt/host/source/src/platform/ec/build/zephyr/anakin/modules/ec/common/gpio_commands.c.obj
[anakin:rw] [13/360] Building C object CMakeFiles/app.dir/mnt/host/source/src/platform/ec/zephyr/subsys/pd_controller/pdc_pmc_debug.c.obj
[anakin:ro] [29/360] Building C object CMakeFiles/app.dir/mnt/host/source/src/platform/ec/build/zephyr/anakin/modules/ec/common/peripheral.c.obj
[anakin:ro] [30/360] Building C object CMakeFiles/app.dir/mnt/host/source/src/platform/ec/build/zephyr/anakin/modules/ec/common/printf.c.obj
[anakin:ro] [31/360] Building C object CMakeFiles/app.dir/mnt/host/source/src/platform/ec/build/zephyr/anakin/modules/ec/common/queue.c.obj
[anakin:rw] [14/360] Building C object CMakeFiles/app.dir/mnt/host/source/src/platform/ec/zephyr/subsys/pd_controller/pdc_power_mgmt.c.obj
[anakin:ro] [32/360] Building C object CMakeFiles/app.dir/mnt/host/source/src/platform/ec/build/zephyr/anakin/modules/ec/common/system.c.obj
[anakin:rw] [15/360] Building C object CMakeFiles/app.dir/mnt/host/source/src/platform/ec/zephyr/subsys/pd_controller/pdc_console.c.obj
[anakin:rw] [16/360] Building C object CMakeFiles/app.dir/mnt/host/source/src/platform/ec/zephyr/subsys/pd_controller/pdc_host_cmd.c.obj
[kanix:rw] [83/420] Building C object zephyr/arch/arch/arm/core/cortex_m/CMakeFiles/arch__arm__core__cortex_m.dir/thread_abort.c.obj
[anakin:ro] [33/360] Building C object CMakeFiles/app.dir/mnt/host/source/src/platform/ec/build/zephyr/anakin/modules/ec/common/system_boot_time.c.obj
[anakin:rw] [17/360] Building C object CMakeFiles/app.dir/mnt/host/source/src/platform/ec/zephyr/subsys/pd_controller/pdc_stub.c.obj
[anakin:ro] [34/360] Building C object CMakeFiles/app.dir/mnt/host/source/src/platform/ec/build/zephyr/anakin/modules/ec/common/uart_printf.c.obj
[anakin:rw] [18/360] Building C object CMakeFiles/app.dir/mnt/host/source/src/platform/ec/zephyr/subsys/pd_controller/pdc_dpm.c.obj
[anakin:ro] [35/360] Building C object CMakeFiles/app.dir/mnt/host/source/src/platform/ec/build/zephyr/anakin/modules/ec/common/util.c.obj
[anakin:rw] [19/360] Building C object CMakeFiles/app.dir/mnt/host/source/src/platform/ec/zephyr/subsys/pd_controller/pdc_runtime_port_config.c.obj
[anakin:rw] [20/360] Building C object CMakeFiles/app.dir/mnt/host/source/src/platform/ec/zephyr/subsys/ucsi/ppm_common.c.obj
[anakin:ro] [36/360] Building C object CMakeFiles/app.dir/mnt/host/source/src/platform/ec/build/zephyr/anakin/modules/ec/common/version.c.obj
[anakin:ro] [37/360] Building C object CMakeFiles/app.dir/mnt/host/source/src/platform/ec/build/zephyr/anakin/modules/ec/driver/accel_bma4xx.c.obj
[anakin:ro] [38/360] Building C object CMakeFiles/app.dir/mnt/host/source/src/platform/ec/build/zephyr/anakin/modules/ec/driver/accel_lis2dw12.c.obj
[anakin:rw] [21/360] Building C object CMakeFiles/app.dir/mnt/host/source/src/platform/ec/zephyr/subsys/ucsi/ppm_console.c.obj
[anakin:ro] [39/360] Building C object CMakeFiles/app.dir/mnt/host/source/src/platform/ec/build/zephyr/anakin/modules/ec/driver/accelgyro_bmi_common.c.obj
[anakin:rw] [22/360] Building C object CMakeFiles/app.dir/mnt/host/source/src/platform/ec/zephyr/subsys/ucsi/ppm_driver.c.obj
[anakin:ro] [40/360] Building C object CMakeFiles/app.dir/mnt/host/source/src/platform/ec/build/zephyr/anakin/modules/ec/driver/accelgyro_bmi3xx.c.obj
[anakin:rw] [23/360] Building C object CMakeFiles/app.dir/mnt/host/source/src/platform/ec/zephyr/subsys/ucsi/ucsi_host_cmd.c.obj
[anakin:ro] [41/360] Building C object CMakeFiles/app.dir/mnt/host/source/src/platform/ec/build/zephyr/anakin/modules/ec/driver/accelgyro_lsm6dsm.c.obj
[anakin:rw] [24/360] Building C object CMakeFiles/app.dir/mnt/host/source/src/platform/ec/build/zephyr/anakin/modules/ec/builtin/stdlib.c.obj
[anakin:ro] [42/360] Building C object CMakeFiles/app.dir/mnt/host/source/src/platform/ec/build/zephyr/anakin/modules/ec/common/motion_sense_fifo.c.obj
[anakin:rw] [25/360] Building C object CMakeFiles/app.dir/mnt/host/source/src/platform/ec/build/zephyr/anakin/modules/ec/common/base32.c.obj
[anakin:ro] [43/360] Building C object CMakeFiles/app.dir/mnt/host/source/src/platform/ec/build/zephyr/anakin/modules/ec/common/adc.c.obj
[kanix:rw] [84/420] Building ASM object zephyr/arch/arch/arm/core/cortex_m/CMakeFiles/arch__arm__core__cortex_m.dir/swap_helper.S.obj
[kanix:rw] [85/420] Building C object zephyr/arch/arch/arm/core/cortex_m/CMakeFiles/arch__arm__core__cortex_m.dir/irq_manage.c.obj
[/mnt/host/source/src/platform/ec/build/zephyr/ite-aic-rtk-pdc-lcov]   /mnt/host/source/src/platform/ec/build/zephyr/ite-aic-rtk-pdc/build-ro/zephyr/arch/arch/riscv/core/CMakeFiles/arch__riscv__core.dir/cpu_idle.c.gcno:no functions found
[anakin:ro] [44/360] Building C object CMakeFiles/app.dir/mnt/host/source/src/platform/ec/build/zephyr/anakin/modules/ec/common/battery.c.obj
[anakin:rw] [26/360] Building C object CMakeFiles/app.dir/mnt/host/source/src/platform/ec/build/zephyr/anakin/modules/ec/common/console_output.c.obj
[/mnt/host/source/src/platform/ec/build/zephyr/ite-aic-rtk-pdc-lcov] stderr:
[anakin:rw] [27/360] Building C object CMakeFiles/app.dir/mnt/host/source/src/platform/ec/build/zephyr/anakin/modules/ec/common/ec_features.c.obj
[anakin:ro] [45/360] Building C object CMakeFiles/app.dir/mnt/host/source/src/platform/ec/build/zephyr/anakin/modules/ec/common/battery_info.c.obj
[anakin:ro] [46/360] Building C object CMakeFiles/app.dir/mnt/host/source/src/platform/ec/build/zephyr/anakin/modules/ec/common/battery_fuel_gauge.c.obj
[anakin:ro] [47/360] Building C object CMakeFiles/app.dir/mnt/host/source/src/platform/ec/build/zephyr/anakin/modules/ec/driver/battery/smart.c.obj
[anakin:rw] [28/360] Building C object CMakeFiles/app.dir/mnt/host/source/src/platform/ec/build/zephyr/anakin/modules/ec/common/gpio_commands.c.obj
[anakin:ro] [48/360] Building C object CMakeFiles/app.dir/mnt/host/source/src/platform/ec/build/zephyr/anakin/modules/ec/driver/charger/bq25710.c.obj
[anakin:rw] [29/360] Building C object CMakeFiles/app.dir/mnt/host/source/src/platform/ec/build/zephyr/anakin/modules/ec/common/peripheral.c.obj
[anakin:rw] [30/360] Building C object CMakeFiles/app.dir/mnt/host/source/src/platform/ec/build/zephyr/anakin/modules/ec/common/printf.c.obj
[anakin:ro] [49/360] Building C object CMakeFiles/app.dir/mnt/host/source/src/platform/ec/build/zephyr/anakin/modules/ec/common/charger.c.obj
[anakin:rw] [31/360] Building C object CMakeFiles/app.dir/mnt/host/source/src/platform/ec/build/zephyr/anakin/modules/ec/common/queue.c.obj
[anakin:ro] [50/360] Building C object CMakeFiles/app.dir/mnt/host/source/src/platform/ec/build/zephyr/anakin/modules/ec/common/charge_state.c.obj
[kanix:rw] [86/420] Building C object zephyr/arch/arch/arm/core/cortex_m/CMakeFiles/arch__arm__core__cortex_m.dir/prep_c.c.obj
[anakin:rw] [32/360] Building C object CMakeFiles/app.dir/mnt/host/source/src/platform/ec/build/zephyr/anakin/modules/ec/common/system.c.obj
[anakin:ro] [51/360] Building C object CMakeFiles/app.dir/mnt/host/source/src/platform/ec/build/zephyr/anakin/modules/ec/common/charge_manager.c.obj
[anakin:rw] [33/360] Building C object CMakeFiles/app.dir/mnt/host/source/src/platform/ec/build/zephyr/anakin/modules/ec/common/system_boot_time.c.obj
[anakin:ro] [52/360] Building C object CMakeFiles/app.dir/mnt/host/source/src/platform/ec/build/zephyr/anakin/modules/ec/common/cbi_common.c.obj
[anakin:ro] [53/360] Building C object CMakeFiles/app.dir/mnt/host/source/src/platform/ec/build/zephyr/anakin/modules/ec/common/cbi.c.obj
[anakin:rw] [34/360] Building C object CMakeFiles/app.dir/mnt/host/source/src/platform/ec/build/zephyr/anakin/modules/ec/common/uart_printf.c.obj
[kanix:rw] [87/420] Generating ../../../include/generated/libc/minimal/strerror_table.h
[anakin:ro] [54/360] Building C object CMakeFiles/app.dir/mnt/host/source/src/platform/ec/build/zephyr/anakin/modules/ec/common/cbi_config.c.obj
[anakin:rw] [35/360] Building C object CMakeFiles/app.dir/mnt/host/source/src/platform/ec/build/zephyr/anakin/modules/ec/common/util.c.obj
[anakin:ro] [55/360] Building C object CMakeFiles/app.dir/mnt/host/source/src/platform/ec/build/zephyr/anakin/modules/ec/common/memory_commands.c.obj
[anakin:rw] [36/360] Building C object CMakeFiles/app.dir/mnt/host/source/src/platform/ec/build/zephyr/anakin/modules/ec/common/version.c.obj
[anakin:ro] [56/360] Building C object CMakeFiles/app.dir/mnt/host/source/src/platform/ec/build/zephyr/anakin/modules/ec/common/chipset.c.obj
[kanix:rw] [88/420] Building C object zephyr/arch/arch/arm/core/cortex_m/CMakeFiles/arch__arm__core__cortex_m.dir/thread.c.obj
[anakin:rw] [37/360] Building C object CMakeFiles/app.dir/mnt/host/source/src/platform/ec/build/zephyr/anakin/modules/ec/driver/accel_bma4xx.c.obj
[anakin:ro] [57/360] Building C object CMakeFiles/app.dir/mnt/host/source/src/platform/ec/build/zephyr/anakin/modules/ec/common/ap_reset_log.c.obj
[anakin:rw] [38/360] Building C object CMakeFiles/app.dir/mnt/host/source/src/platform/ec/build/zephyr/anakin/modules/ec/driver/accel_lis2dw12.c.obj
[anakin:ro] [58/360] Building C object CMakeFiles/app.dir/mnt/host/source/src/platform/ec/build/zephyr/anakin/modules/ec/common/extpower_common.c.obj
[kanix:rw] [89/420] Building C object zephyr/arch/arch/arm/core/cortex_m/CMakeFiles/arch__arm__core__cortex_m.dir/irq_init.c.obj
[kanix:rw] [90/420] Building C object zephyr/arch/arch/arm/core/cortex_m/CMakeFiles/arch__arm__core__cortex_m.dir/cpu_idle.c.obj
[anakin:ro] [59/360] Building C object CMakeFiles/app.dir/mnt/host/source/src/platform/ec/build/zephyr/anakin/modules/ec/common/extpower_gpio.c.obj
[anakin:rw] [39/360] Building C object CMakeFiles/app.dir/mnt/host/source/src/platform/ec/build/zephyr/anakin/modules/ec/driver/accelgyro_bmi_common.c.obj
[anakin:ro] [60/360] Building C object CMakeFiles/app.dir/mnt/host/source/src/platform/ec/build/zephyr/anakin/modules/ec/common/flash.c.obj
[anakin:rw] [40/360] Building C object CMakeFiles/app.dir/mnt/host/source/src/platform/ec/build/zephyr/anakin/modules/ec/driver/accelgyro_bmi3xx.c.obj
[starmie:rw] -- Board: it8xxx2, qualifiers: it81202bx
[/mnt/host/source/src/platform/ec/build/zephyr/axii-lcov]   /mnt/host/source/src/platform/ec/build/zephyr/axii/build-rw/zephyr/CMakeFiles/zephyr.dir/subsys/shell/modules/kernel_service/kernel_shell.c.gcno:no functions found
[kanix:rw] [91/420] Building C object zephyr/lib/libc/minimal/CMakeFiles/lib__libc__minimal.dir/source/stdlib/atoi.c.obj
[/mnt/host/source/src/platform/ec/build/zephyr/axii-lcov] stderr:
[anakin:ro] [61/360] Building C object CMakeFiles/app.dir/mnt/host/source/src/platform/ec/build/zephyr/anakin/modules/ec/common/host_command.c.obj
[anakin:rw] [41/360] Building C object CMakeFiles/app.dir/mnt/host/source/src/platform/ec/build/zephyr/anakin/modules/ec/driver/accelgyro_lsm6dsm.c.obj
[anakin:ro] [62/360] Building C object CMakeFiles/app.dir/mnt/host/source/src/platform/ec/build/zephyr/anakin/modules/ec/common/host_event_commands.c.obj
[anakin:rw] [42/360] Building C object CMakeFiles/app.dir/mnt/host/source/src/platform/ec/build/zephyr/anakin/modules/ec/common/motion_sense_fifo.c.obj
[anakin:ro] [63/360] Building C object CMakeFiles/app.dir/mnt/host/source/src/platform/ec/build/zephyr/anakin/modules/ec/common/uart_hostcmd.c.obj
[anakin:rw] [43/360] Building C object CMakeFiles/app.dir/mnt/host/source/src/platform/ec/build/zephyr/anakin/modules/ec/common/adc.c.obj
[anakin:rw] [44/360] Building C object CMakeFiles/app.dir/mnt/host/source/src/platform/ec/build/zephyr/anakin/modules/ec/common/battery.c.obj
[kanix:rw] [92/420] Building C object zephyr/lib/libc/minimal/CMakeFiles/lib__libc__minimal.dir/source/stdlib/strtoll.c.obj
[anakin:ro] [64/360] Building C object CMakeFiles/app.dir/mnt/host/source/src/platform/ec/build/zephyr/anakin/modules/ec/common/uptime.c.obj
[anakin:rw] [45/360] Building C object CMakeFiles/app.dir/mnt/host/source/src/platform/ec/build/zephyr/anakin/modules/ec/common/battery_info.c.obj
[anakin:ro] [65/360] Building C object CMakeFiles/app.dir/mnt/host/source/src/platform/ec/build/zephyr/anakin/modules/ec/common/i2c_controller.c.obj
[kanix:rw] [93/420] Building C object zephyr/lib/libc/minimal/CMakeFiles/lib__libc__minimal.dir/source/stdlib/strtoul.c.obj
[kanix:rw] [94/420] Building C object zephyr/lib/libc/minimal/CMakeFiles/lib__libc__minimal.dir/source/stdlib/strtol.c.obj
[anakin:rw] [46/360] Building C object CMakeFiles/app.dir/mnt/host/source/src/platform/ec/build/zephyr/anakin/modules/ec/common/battery_fuel_gauge.c.obj
[anakin:ro] [66/360] Building C object CMakeFiles/app.dir/mnt/host/source/src/platform/ec/build/zephyr/anakin/modules/ec/common/i2c_passthru.c.obj
[kanix:rw] [95/420] Building C object zephyr/arch/arch/arm/core/cortex_m/CMakeFiles/arch__arm__core__cortex_m.dir/isr_wrapper.c.obj
[anakin:rw] [47/360] Building C object CMakeFiles/app.dir/mnt/host/source/src/platform/ec/build/zephyr/anakin/modules/ec/driver/battery/smart.c.obj
[anakin:ro] [67/360] Building C object CMakeFiles/app.dir/mnt/host/source/src/platform/ec/build/zephyr/anakin/modules/ec/common/virtual_battery.c.obj
[anakin:rw] [48/360] Building C object CMakeFiles/app.dir/mnt/host/source/src/platform/ec/build/zephyr/anakin/modules/ec/driver/charger/bq25710.c.obj
[anakin:ro] [68/360] Building C object CMakeFiles/app.dir/mnt/host/source/src/platform/ec/build/zephyr/anakin/modules/ec/common/keyboard_scan.c.obj
[kanix:rw] [96/420] Building C object zephyr/lib/libc/minimal/CMakeFiles/lib__libc__minimal.dir/source/stdlib/strtoull.c.obj
[anakin:ro] [69/360] Building C object CMakeFiles/app.dir/mnt/host/source/src/platform/ec/build/zephyr/anakin/modules/ec/common/mkbp_fifo.c.obj
[anakin:rw] [49/360] Building C object CMakeFiles/app.dir/mnt/host/source/src/platform/ec/build/zephyr/anakin/modules/ec/common/charger.c.obj
[anakin:ro] [70/360] Building C object CMakeFiles/app.dir/mnt/host/source/src/platform/ec/build/zephyr/anakin/modules/ec/common/mkbp_info.c.obj
[anakin:ro] [71/360] Building C object CMakeFiles/app.dir/mnt/host/source/src/platform/ec/build/zephyr/anakin/modules/ec/common/keyboard_mkbp.c.obj
[kanix:rw] [97/420] Linking C static library zephyr/arch/arch/arm/core/cortex_m/libarch__arm__core__cortex_m.a
[kanix:rw] [98/420] Building C object zephyr/lib/libc/minimal/CMakeFiles/lib__libc__minimal.dir/source/stdlib/bsearch.c.obj
[anakin:rw] [50/360] Building C object CMakeFiles/app.dir/mnt/host/source/src/platform/ec/build/zephyr/anakin/modules/ec/common/charge_state.c.obj
[anakin:ro] [72/360] Building C object CMakeFiles/app.dir/mnt/host/source/src/platform/ec/build/zephyr/anakin/modules/ec/common/mkbp_input_devices.c.obj
[anakin:ro] [73/360] Building C object CMakeFiles/app.dir/mnt/host/source/src/platform/ec/build/zephyr/anakin/modules/ec/common/led_common.c.obj
[anakin:rw] [51/360] Building C object CMakeFiles/app.dir/mnt/host/source/src/platform/ec/build/zephyr/anakin/modules/ec/common/charge_manager.c.obj
[kanix:rw] [99/420] Building C object zephyr/arch/arch/arm/core/mpu/CMakeFiles/arch__arm__core__mpu.dir/arm_core_mpu.c.obj
[anakin:ro] [74/360] Building C object CMakeFiles/app.dir/mnt/host/source/src/platform/ec/build/zephyr/anakin/modules/ec/common/motion_lid.c.obj
[anakin:rw] [52/360] Building C object CMakeFiles/app.dir/mnt/host/source/src/platform/ec/build/zephyr/anakin/modules/ec/common/cbi_common.c.obj
[anakin:ro] [75/360] Building C object CMakeFiles/app.dir/mnt/host/source/src/platform/ec/build/zephyr/anakin/modules/ec/common/lid_angle.c.obj
[anakin:rw] [53/360] Building C object CMakeFiles/app.dir/mnt/host/source/src/platform/ec/build/zephyr/anakin/modules/ec/common/cbi.c.obj
[anakin:ro] [76/360] Building C object CMakeFiles/app.dir/mnt/host/source/src/platform/ec/build/zephyr/anakin/modules/ec/common/lid_angle_keyboard_policy.c.obj
[starmie:ro] -- Board: it8xxx2, qualifiers: it81202bx
[anakin:rw] [54/360] Building C object CMakeFiles/app.dir/mnt/host/source/src/platform/ec/build/zephyr/anakin/modules/ec/common/cbi_config.c.obj
[anakin:ro] [77/360] Building C object CMakeFiles/app.dir/mnt/host/source/src/platform/ec/build/zephyr/anakin/modules/ec/common/lid_switch.c.obj
[anakin:ro] [78/360] Building C object CMakeFiles/app.dir/mnt/host/source/src/platform/ec/build/zephyr/anakin/modules/ec/common/mkbp_event.c.obj
[kanix:rw] [100/420] Building C object zephyr/lib/libc/minimal/CMakeFiles/lib__libc__minimal.dir/source/string/strncasecmp.c.obj
[anakin:rw] [55/360] Building C object CMakeFiles/app.dir/mnt/host/source/src/platform/ec/build/zephyr/anakin/modules/ec/common/memory_commands.c.obj
[anakin:ro] [79/360] Building C object CMakeFiles/app.dir/mnt/host/source/src/platform/ec/build/zephyr/anakin/modules/ec/common/motion_sense.c.obj
[anakin:rw] [56/360] Building C object CMakeFiles/app.dir/mnt/host/source/src/platform/ec/build/zephyr/anakin/modules/ec/common/chipset.c.obj
[/mnt/host/source/src/platform/ec/build/zephyr/axii-lcov]   /mnt/host/source/src/platform/ec/build/zephyr/axii/build-rw/zephyr/CMakeFiles/zephyr.dir/lib/libc/validate_libc.c.gcno:no functions found
[/mnt/host/source/src/platform/ec/build/zephyr/axii-lcov] stderr:
[anakin:ro] [80/360] Building C object CMakeFiles/app.dir/mnt/host/source/src/platform/ec/build/zephyr/anakin/modules/ec/common/power_button.c.obj
[anakin:ro] [81/360] Building C object CMakeFiles/app.dir/mnt/host/source/src/platform/ec/build/zephyr/anakin/modules/ec/power/common.c.obj
[anakin:rw] [57/360] Building C object CMakeFiles/app.dir/mnt/host/source/src/platform/ec/build/zephyr/anakin/modules/ec/common/ap_reset_log.c.obj
[kanix:rw] [101/420] Building C object zephyr/lib/libc/minimal/CMakeFiles/lib__libc__minimal.dir/source/string/strstr.c.obj
[kanix:rw] [102/420] Building C object zephyr/lib/libc/minimal/CMakeFiles/lib__libc__minimal.dir/source/stdlib/qsort.c.obj
[anakin:ro] [82/360] Building C object CMakeFiles/app.dir/mnt/host/source/src/platform/ec/build/zephyr/anakin/modules/ec/power/host_sleep.c.obj
[anakin:rw] [58/360] Building C object CMakeFiles/app.dir/mnt/host/source/src/platform/ec/build/zephyr/anakin/modules/ec/common/extpower_common.c.obj
[anakin:ro] [83/360] Building C object CMakeFiles/app.dir/mnt/host/source/src/platform/ec/build/zephyr/anakin/modules/ec/power/mt8186.c.obj
[anakin:rw] [59/360] Building C object CMakeFiles/app.dir/mnt/host/source/src/platform/ec/build/zephyr/anakin/modules/ec/common/extpower_gpio.c.obj
[anakin:ro] [84/360] Building C object CMakeFiles/app.dir/mnt/host/source/src/platform/ec/build/zephyr/anakin/modules/ec/common/panic_output.c.obj
[anakin:rw] [60/360] Building C object CMakeFiles/app.dir/mnt/host/source/src/platform/ec/build/zephyr/anakin/modules/ec/common/flash.c.obj
[kanix:rw] [103/420] Building C object zephyr/arch/arch/arm/core/mpu/CMakeFiles/arch__arm__core__mpu.dir/arm_mpu_regions.c.obj
[anakin:ro] [85/360] Building C object CMakeFiles/app.dir/mnt/host/source/src/platform/ec/build/zephyr/anakin/modules/ec/common/shared_mem.c.obj
[anakin:rw] [61/360] Building C object CMakeFiles/app.dir/mnt/host/source/src/platform/ec/build/zephyr/anakin/modules/ec/common/host_command.c.obj
[kanix:rw] [104/420] Building C object zephyr/lib/libc/minimal/CMakeFiles/lib__libc__minimal.dir/source/string/string.c.obj
[kanix:rw] [105/420] Building C object zephyr/lib/libc/minimal/CMakeFiles/lib__libc__minimal.dir/source/string/strerror.c.obj
[anakin:ro] [86/360] Building C object CMakeFiles/app.dir/mnt/host/source/src/platform/ec/build/zephyr/anakin/modules/ec/common/switch.c.obj
[anakin:rw] [62/360] Building C object CMakeFiles/app.dir/mnt/host/source/src/platform/ec/build/zephyr/anakin/modules/ec/common/host_event_commands.c.obj
[anakin:rw] [63/360] Building C object CMakeFiles/app.dir/mnt/host/source/src/platform/ec/build/zephyr/anakin/modules/ec/common/uart_hostcmd.c.obj
[kanix:rw] [106/420] Building C object zephyr/lib/libc/minimal/CMakeFiles/lib__libc__minimal.dir/source/string/strspn.c.obj
[anakin:ro] [87/360] Building C object CMakeFiles/app.dir/mnt/host/source/src/platform/ec/build/zephyr/anakin/modules/ec/driver/stm_mems_common.c.obj
[anakin:rw] [64/360] Building C object CMakeFiles/app.dir/mnt/host/source/src/platform/ec/build/zephyr/anakin/modules/ec/common/uptime.c.obj
[anakin:ro] [88/360] Building C object CMakeFiles/app.dir/mnt/host/source/src/platform/ec/build/zephyr/anakin/modules/ec/common/tablet_mode.c.obj
[anakin:rw] [65/360] Building C object CMakeFiles/app.dir/mnt/host/source/src/platform/ec/build/zephyr/anakin/modules/ec/common/i2c_controller.c.obj
[anakin:ro] [89/360] Building C object CMakeFiles/app.dir/mnt/host/source/src/platform/ec/build/zephyr/anakin/modules/ec/common/thermal.c.obj
[anakin:rw] [66/360] Building C object CMakeFiles/app.dir/mnt/host/source/src/platform/ec/build/zephyr/anakin/modules/ec/common/i2c_passthru.c.obj
[anakin:rw] [67/360] Building C object CMakeFiles/app.dir/mnt/host/source/src/platform/ec/build/zephyr/anakin/modules/ec/common/virtual_battery.c.obj
[anakin:ro] [90/360] Building C object CMakeFiles/app.dir/mnt/host/source/src/platform/ec/build/zephyr/anakin/modules/ec/common/temp_sensor.c.obj
[kanix:rw] [107/420] Building C object zephyr/arch/arch/arm/core/mpu/CMakeFiles/arch__arm__core__mpu.dir/arm_mpu.c.obj
[anakin:rw] [68/360] Building C object CMakeFiles/app.dir/mnt/host/source/src/platform/ec/build/zephyr/anakin/modules/ec/common/keyboard_scan.c.obj
[anakin:ro] [91/360] Building C object CMakeFiles/app.dir/mnt/host/source/src/platform/ec/build/zephyr/anakin/modules/ec/driver/temp_sensor/thermistor.c.obj
[anakin:ro] [92/360] Building C object CMakeFiles/app.dir/mnt/host/source/src/platform/ec/build/zephyr/anakin/modules/ec/common/timer.c.obj
[anakin:rw] [69/360] Building C object CMakeFiles/app.dir/mnt/host/source/src/platform/ec/build/zephyr/anakin/modules/ec/common/mkbp_fifo.c.obj
[anakin:rw] [70/360] Building C object CMakeFiles/app.dir/mnt/host/source/src/platform/ec/build/zephyr/anakin/modules/ec/common/mkbp_info.c.obj
[anakin:ro] [93/360] Building C object CMakeFiles/app.dir/mnt/host/source/src/platform/ec/build/zephyr/anakin/modules/ec/common/usb_port_power_dumb.c.obj
[anakin:rw] [71/360] Building C object CMakeFiles/app.dir/mnt/host/source/src/platform/ec/build/zephyr/anakin/modules/ec/common/keyboard_mkbp.c.obj
[anakin:ro] [94/360] Building C object CMakeFiles/app.dir/mnt/host/source/src/platform/ec/build/zephyr/anakin/modules/ec/common/usbc_utils.c.obj
[kanix:rw] [108/420] Linking C static library zephyr/arch/arch/arm/core/mpu/libarch__arm__core__mpu.a
[anakin:rw] [72/360] Building C object CMakeFiles/app.dir/mnt/host/source/src/platform/ec/build/zephyr/anakin/modules/ec/common/mkbp_input_devices.c.obj
[anakin:ro] [95/360] Building C object CMakeFiles/app.dir/mnt/host/source/src/platform/ec/build/zephyr/anakin/modules/ec/common/usb_common.c.obj
[anakin:rw] [73/360] Building C object CMakeFiles/app.dir/mnt/host/source/src/platform/ec/build/zephyr/anakin/modules/ec/common/led_common.c.obj
[anakin:ro] [96/360] Building C object CMakeFiles/app.dir/mnt/host/source/src/platform/ec/build/zephyr/anakin/modules/ec/common/chargen.c.obj
[anakin:rw] [74/360] Building C object CMakeFiles/app.dir/mnt/host/source/src/platform/ec/build/zephyr/anakin/modules/ec/common/motion_lid.c.obj
[anakin:ro] [97/360] Building C object CMakeFiles/app.dir/mnt/host/source/src/platform/ec/build/zephyr/anakin/modules/ec/common/usb_pd_host_cmd_common.c.obj
[anakin:ro] [98/360] Building C object CMakeFiles/app.dir/mnt/host/source/src/platform/ec/build/zephyr/anakin/modules/ec/common/vboot_hash.c.obj
[anakin:rw] [75/360] Building C object CMakeFiles/app.dir/mnt/host/source/src/platform/ec/build/zephyr/anakin/modules/ec/common/lid_angle.c.obj
[anakin:ro] [99/360] Building C object CMakeFiles/app.dir/mnt/host/source/src/platform/ec/build/zephyr/anakin/modules/ec/common/button.c.obj
[anakin:rw] [76/360] Building C object CMakeFiles/app.dir/mnt/host/source/src/platform/ec/build/zephyr/anakin/modules/ec/common/lid_angle_keyboard_policy.c.obj
[/mnt/host/source/src/platform/ec/build/zephyr/ite-aic-rtk-pdc-lcov]   /mnt/host/source/src/platform/ec/build/zephyr/ite-aic-rtk-pdc/build-ro/zephyr/arch/common/CMakeFiles/isr_tables.dir/isr_tables.c.gcno:no functions found
[/mnt/host/source/src/platform/ec/build/zephyr/ite-aic-rtk-pdc-lcov] stderr:
[anakin:ro] [100/360] Building C object CMakeFiles/app.dir/mnt/host/source/src/platform/ec/build/zephyr/anakin/modules/ec/common/vboot/efs2.c.obj
[kanix:rw] [109/420] Building C object zephyr/lib/libc/minimal/CMakeFiles/lib__libc__minimal.dir/source/math/sqrtf.c.obj
[kanix:rw] [110/420] Building C object zephyr/lib/libc/minimal/CMakeFiles/lib__libc__minimal.dir/source/math/sqrt.c.obj
[anakin:rw] [77/360] Building C object CMakeFiles/app.dir/mnt/host/source/src/platform/ec/build/zephyr/anakin/modules/ec/common/lid_switch.c.obj
[anakin:ro] [101/360] Building C object CMakeFiles/app.dir/mnt/host/source/src/platform/ec/build/zephyr/anakin/modules/ec/common/vstore.c.obj
[anakin:ro] [102/360] Building C object CMakeFiles/app.dir/mnt/host/source/src/platform/ec/build/zephyr/anakin/modules/ec/common/math_util.c.obj
[anakin:rw] [78/360] Building C object CMakeFiles/app.dir/mnt/host/source/src/platform/ec/build/zephyr/anakin/modules/ec/common/mkbp_event.c.obj
[anakin:ro] [103/360] Building C object CMakeFiles/app.dir/mnt/host/source/src/platform/ec/build/zephyr/anakin/modules/ec/zephyr/program/skywalker/src/i2c.c.obj
[anakin:rw] [79/360] Building C object CMakeFiles/app.dir/mnt/host/source/src/platform/ec/build/zephyr/anakin/modules/ec/common/motion_sense.c.obj
[anakin:ro] [104/360] Building C object CMakeFiles/app.dir/mnt/host/source/src/platform/ec/build/zephyr/anakin/modules/ec/zephyr/program/skywalker/src/hibernate.c.obj
[anakin:ro] [105/360] Building C object CMakeFiles/app.dir/mnt/host/source/src/platform/ec/build/zephyr/anakin/modules/ec/zephyr/program/skywalker/src/hooks.c.obj
[anakin:ro] [106/360] Building C object CMakeFiles/app.dir/mnt/host/source/src/platform/ec/build/zephyr/anakin/modules/ec/zephyr/program/skywalker/src/backlight.c.obj
[anakin:rw] [80/360] Building C object CMakeFiles/app.dir/mnt/host/source/src/platform/ec/build/zephyr/anakin/modules/ec/common/power_button.c.obj
[kanix:rw] [111/420] Building C object zephyr/lib/libc/minimal/CMakeFiles/lib__libc__minimal.dir/source/stdlib/exit.c.obj
[anakin:ro] [107/360] Building C object CMakeFiles/app.dir/mnt/host/source/src/platform/ec/build/zephyr/anakin/modules/ec/zephyr/program/skywalker/src/dp_alt_mode.c.obj
[anakin:rw] [81/360] Building C object CMakeFiles/app.dir/mnt/host/source/src/platform/ec/build/zephyr/anakin/modules/ec/power/common.c.obj
[anakin:rw] [82/360] Building C object CMakeFiles/app.dir/mnt/host/source/src/platform/ec/build/zephyr/anakin/modules/ec/power/host_sleep.c.obj
[anakin:ro] [108/360] Building C object CMakeFiles/app.dir/anakin/src/sensor.c.obj
[kanix:rw] [112/420] Building C object zephyr/lib/libc/common/CMakeFiles/lib__libc__common.dir/source/time/gmtime_r.c.obj
[anakin:ro] [109/360] Building C object CMakeFiles/app.dir/anakin/src/board.c.obj
[anakin:rw] [83/360] Building C object CMakeFiles/app.dir/mnt/host/source/src/platform/ec/build/zephyr/anakin/modules/ec/power/mt8186.c.obj
[anakin:rw] [84/360] Building C object CMakeFiles/app.dir/mnt/host/source/src/platform/ec/build/zephyr/anakin/modules/ec/common/panic_output.c.obj
[anakin:rw] [85/360] Building C object CMakeFiles/app.dir/mnt/host/source/src/platform/ec/build/zephyr/anakin/modules/ec/common/shared_mem.c.obj
[anakin:rw] [86/360] Building C object CMakeFiles/app.dir/mnt/host/source/src/platform/ec/build/zephyr/anakin/modules/ec/common/switch.c.obj
[anakin:ro] [110/360] Building C object CMakeFiles/app.dir/anakin/src/thermal.c.obj
[anakin:rw] [87/360] Building C object CMakeFiles/app.dir/mnt/host/source/src/platform/ec/build/zephyr/anakin/modules/ec/driver/stm_mems_common.c.obj
[anakin:ro] [111/360] Building C object CMakeFiles/app.dir/anakin/src/charger.c.obj
[anakin:rw] [88/360] Building C object CMakeFiles/app.dir/mnt/host/source/src/platform/ec/build/zephyr/anakin/modules/ec/common/tablet_mode.c.obj
[anakin:ro] [112/360] Building C object CMakeFiles/app.dir/anakin/src/usbc_runtime.c.obj
[kanix:rw] [113/420] Building C object zephyr/lib/libc/common/CMakeFiles/lib__libc__common.dir/source/time/asctime.c.obj
[anakin:rw] [89/360] Building C object CMakeFiles/app.dir/mnt/host/source/src/platform/ec/build/zephyr/anakin/modules/ec/common/thermal.c.obj
[anakin:rw] [90/360] Building C object CMakeFiles/app.dir/mnt/host/source/src/platform/ec/build/zephyr/anakin/modules/ec/common/temp_sensor.c.obj
[anakin:rw] [91/360] Building C object CMakeFiles/app.dir/mnt/host/source/src/platform/ec/build/zephyr/anakin/modules/ec/driver/temp_sensor/thermistor.c.obj
[anakin:rw] [92/360] Building C object CMakeFiles/app.dir/mnt/host/source/src/platform/ec/build/zephyr/anakin/modules/ec/common/timer.c.obj
[anakin:rw] [93/360] Building C object CMakeFiles/app.dir/mnt/host/source/src/platform/ec/build/zephyr/anakin/modules/ec/common/usb_port_power_dumb.c.obj
[anakin:rw] [94/360] Building C object CMakeFiles/app.dir/mnt/host/source/src/platform/ec/build/zephyr/anakin/modules/ec/common/usbc_utils.c.obj
[helipilot:ro] -- Found Dtc: /usr/bin/dtc (found suitable version "1.6.0", minimum required is "1.4.6")
[helipilot:ro] -- Found BOARD.dts: /mnt/host/source/src/third_party/zephyr/main/boards/google/quincy/google_quincy.dts
[helipilot:ro] -- Found devicetree overlay: /mnt/host/source/src/platform/ec/zephyr/program/fpmcu/helipilot/helipilot.dts
[anakin:rw] [95/360] Building C object CMakeFiles/app.dir/mnt/host/source/src/platform/ec/build/zephyr/anakin/modules/ec/common/usb_common.c.obj
[anakin:rw] [96/360] Building C object CMakeFiles/app.dir/mnt/host/source/src/platform/ec/build/zephyr/anakin/modules/ec/common/chargen.c.obj
[kanix:rw] [114/420] Building C object zephyr/lib/libc/common/CMakeFiles/lib__libc__common.dir/source/time/localtime_r_utc.c.obj
[anakin:rw] [97/360] Building C object CMakeFiles/app.dir/mnt/host/source/src/platform/ec/build/zephyr/anakin/modules/ec/common/usb_pd_host_cmd_common.c.obj
[anakin:rw] [98/360] Building C object CMakeFiles/app.dir/mnt/host/source/src/platform/ec/build/zephyr/anakin/modules/ec/common/vboot_hash.c.obj
[anakin:rw] [99/360] Building C object CMakeFiles/app.dir/mnt/host/source/src/platform/ec/build/zephyr/anakin/modules/ec/common/button.c.obj
[anakin:rw] [100/360] Building C object CMakeFiles/app.dir/mnt/host/source/src/platform/ec/build/zephyr/anakin/modules/ec/common/vboot/efs2.c.obj
[anakin:rw] [101/360] Building C object CMakeFiles/app.dir/mnt/host/source/src/platform/ec/build/zephyr/anakin/modules/ec/common/vstore.c.obj
[anakin:rw] [102/360] Building C object CMakeFiles/app.dir/mnt/host/source/src/platform/ec/build/zephyr/anakin/modules/ec/common/math_util.c.obj
[kanix:rw] [115/420] Building C object zephyr/lib/libc/minimal/CMakeFiles/lib__libc__minimal.dir/source/stdout/stdout_console.c.obj
[anakin:rw] [103/360] Building C object CMakeFiles/app.dir/mnt/host/source/src/platform/ec/build/zephyr/anakin/modules/ec/zephyr/program/skywalker/src/i2c.c.obj
[kanix:rw] [116/420] Building C object zephyr/lib/libc/common/CMakeFiles/lib__libc__common.dir/source/time/ctime.c.obj
[anakin:rw] [104/360] Building C object CMakeFiles/app.dir/mnt/host/source/src/platform/ec/build/zephyr/anakin/modules/ec/zephyr/program/skywalker/src/hibernate.c.obj
[anakin:ro] [113/360] Linking C static library app/libapp.a
[kanix:rw] [117/420] Building C object zephyr/lib/libc/minimal/CMakeFiles/lib__libc__minimal.dir/source/stdout/sprintf.c.obj
[anakin:ro] [114/360] Building C object zephyr/CMakeFiles/zephyr.dir/lib/libc/validate_libc.c.obj
[kanix:rw] [118/420] Building C object zephyr/lib/libc/minimal/CMakeFiles/lib__libc__minimal.dir/source/stdout/fprintf.c.obj
[anakin:ro] [115/360] Building C object zephyr/CMakeFiles/zephyr.dir/lib/heap/heap.c.obj
[anakin:rw] [105/360] Building C object CMakeFiles/app.dir/mnt/host/source/src/platform/ec/build/zephyr/anakin/modules/ec/zephyr/program/skywalker/src/hooks.c.obj
[anakin:ro] [116/360] Building C object zephyr/CMakeFiles/zephyr.dir/lib/os/cbprintf_packaged.c.obj
[kanix:rw] [119/420] Building C object zephyr/lib/libc/minimal/CMakeFiles/lib__libc__minimal.dir/source/time/gmtime.c.obj
[anakin:rw] [106/360] Building C object CMakeFiles/app.dir/mnt/host/source/src/platform/ec/build/zephyr/anakin/modules/ec/zephyr/program/skywalker/src/backlight.c.obj
[anakin:ro] [117/360] Building C object zephyr/CMakeFiles/zephyr.dir/lib/os/clock.c.obj
[anakin:ro] [118/360] Building C object zephyr/CMakeFiles/zephyr.dir/lib/os/printk.c.obj
[kanix:rw] [120/420] Building C object zephyr/lib/libc/common/CMakeFiles/lib__libc__common.dir/source/time/time.c.obj
[anakin:rw] [107/360] Building C object CMakeFiles/app.dir/mnt/host/source/src/platform/ec/build/zephyr/anakin/modules/ec/zephyr/program/skywalker/src/dp_alt_mode.c.obj
[anakin:rw] [108/360] Building C object CMakeFiles/app.dir/anakin/src/sensor.c.obj
[anakin:ro] [119/360] Building C object zephyr/CMakeFiles/zephyr.dir/lib/os/sem.c.obj
[kanix:rw] [121/420] Building C object zephyr/lib/libc/common/CMakeFiles/lib__libc__common.dir/source/string/strnlen.c.obj
[anakin:rw] [109/360] Building C object CMakeFiles/app.dir/anakin/src/board.c.obj
[anakin:ro] [120/360] Building C object zephyr/CMakeFiles/zephyr.dir/lib/os/thread_entry.c.obj
[anakin:rw] [110/360] Building C object CMakeFiles/app.dir/anakin/src/thermal.c.obj
[anakin:ro] [121/360] Building C object zephyr/CMakeFiles/zephyr.dir/lib/os/cbprintf_nano.c.obj
[anakin:rw] [111/360] Building C object CMakeFiles/app.dir/anakin/src/charger.c.obj
[kanix:rw] [122/420] Building C object zephyr/lib/posix/c_lib_ext/CMakeFiles/lib__posix__c_lib_ext.dir/fnmatch.c.obj
[anakin:ro] [122/360] Building C object zephyr/CMakeFiles/zephyr.dir/lib/os/cbprintf.c.obj
[anakin:rw] [112/360] Building C object CMakeFiles/app.dir/anakin/src/usbc_runtime.c.obj
[anakin:ro] [123/360] Building C object zephyr/CMakeFiles/zephyr.dir/lib/os/assert.c.obj
[anakin:ro] [124/360] Building C object zephyr/CMakeFiles/zephyr.dir/lib/utils/dec.c.obj
[kanix:rw] [123/420] Linking C static library zephyr/lib/libc/minimal/liblib__libc__minimal.a
[anakin:ro] [125/360] Building C object zephyr/CMakeFiles/zephyr.dir/lib/utils/hex.c.obj
[anakin:ro] [126/360] Building C object zephyr/CMakeFiles/zephyr.dir/lib/utils/rb.c.obj
[anakin:ro] [127/360] Building C object zephyr/CMakeFiles/zephyr.dir/lib/utils/timeutil.c.obj
[anakin:ro] [128/360] Building C object zephyr/CMakeFiles/zephyr.dir/lib/utils/bitarray.c.obj
[kanix:rw] [124/420] Building C object zephyr/subsys/crc/CMakeFiles/subsys__crc.dir/crc4_sw.c.obj
[kanix:rw] [125/420] Building C object zephyr/subsys/crc/CMakeFiles/subsys__crc.dir/crc8_sw.c.obj
[anakin:ro] [129/360] Building C object zephyr/CMakeFiles/zephyr.dir/lib/utils/bitmask.c.obj
[kanix:rw] [126/420] Building C object zephyr/subsys/crc/CMakeFiles/subsys__crc.dir/crc16_sw.c.obj
[anakin:ro] [130/360] Building C object zephyr/CMakeFiles/zephyr.dir/lib/utils/getopt/getopt.c.obj
[anakin:ro] [131/360] Building C object zephyr/CMakeFiles/zephyr.dir/lib/utils/getopt/getopt_common.c.obj
[kanix:rw] [127/420] Building C object zephyr/lib/libc/common/CMakeFiles/lib__libc__common.dir/source/stdlib/abort.c.obj
[kanix:rw] [128/420] Building C object zephyr/subsys/crc/CMakeFiles/subsys__crc.dir/crc7_sw.c.obj
[anakin:ro] [132/360] Building C object zephyr/CMakeFiles/zephyr.dir/lib/utils/ring_buffer.c.obj
[anakin:ro] [133/360] Building C object zephyr/CMakeFiles/zephyr.dir/lib/utils/last_section_id.c.obj
[/mnt/host/source/src/platform/ec/build/zephyr/axii-lcov]   /mnt/host/source/src/platform/ec/build/zephyr/axii/build-rw/zephyr/CMakeFiles/zephyr.dir/lib/utils/last_section_id.c.gcno:no functions found
[/mnt/host/source/src/platform/ec/build/zephyr/axii-lcov] stderr:
[kanix:rw] [129/420] Building C object zephyr/subsys/crc/CMakeFiles/subsys__crc.dir/crc32c_sw.c.obj
[anakin:ro] [134/360] Building C object zephyr/CMakeFiles/zephyr.dir/misc/generated/configs.c.obj
[anakin:rw] [113/360] Linking C static library app/libapp.a
[anakin:rw] [114/360] Building C object zephyr/CMakeFiles/zephyr.dir/lib/libc/validate_libc.c.obj
[kanix:rw] [130/420] Building C object zephyr/subsys/crc/CMakeFiles/subsys__crc.dir/crc24_sw.c.obj
[kanix:rw] [131/420] Building C object zephyr/subsys/crc/CMakeFiles/subsys__crc.dir/crc32_sw.c.obj
[anakin:rw] [115/360] Building C object zephyr/CMakeFiles/zephyr.dir/lib/heap/heap.c.obj
[anakin:rw] [116/360] Building C object zephyr/CMakeFiles/zephyr.dir/lib/os/cbprintf_packaged.c.obj
[kanix:rw] [132/420] Building C object zephyr/subsys/crc/CMakeFiles/subsys__crc.dir/crc32k_4_2_sw.c.obj
[anakin:rw] [117/360] Building C object zephyr/CMakeFiles/zephyr.dir/lib/os/clock.c.obj
[anakin:rw] [118/360] Building C object zephyr/CMakeFiles/zephyr.dir/lib/os/printk.c.obj
[anakin:rw] [119/360] Building C object zephyr/CMakeFiles/zephyr.dir/lib/os/sem.c.obj
[anakin:rw] [120/360] Building C object zephyr/CMakeFiles/zephyr.dir/lib/os/thread_entry.c.obj
[anakin:rw] [121/360] Building C object zephyr/CMakeFiles/zephyr.dir/lib/os/cbprintf_nano.c.obj
[kanix:rw] [133/420] Linking C static library zephyr/subsys/crc/libsubsys__crc.a
[anakin:rw] [122/360] Building C object zephyr/CMakeFiles/zephyr.dir/lib/os/cbprintf.c.obj
[anakin:rw] [123/360] Building C object zephyr/CMakeFiles/zephyr.dir/lib/os/assert.c.obj
[anakin:rw] [124/360] Building C object zephyr/CMakeFiles/zephyr.dir/lib/utils/dec.c.obj
[anakin:rw] [125/360] Building C object zephyr/CMakeFiles/zephyr.dir/lib/utils/hex.c.obj
[anakin:rw] [126/360] Building C object zephyr/CMakeFiles/zephyr.dir/lib/utils/rb.c.obj
[anakin:rw] [127/360] Building C object zephyr/CMakeFiles/zephyr.dir/lib/utils/timeutil.c.obj
[anakin:rw] [128/360] Building C object zephyr/CMakeFiles/zephyr.dir/lib/utils/bitarray.c.obj
[kanix:rw] [134/420] Building C object zephyr/lib/libc/common/CMakeFiles/lib__libc__common.dir/source/stdlib/malloc.c.obj
[anakin:rw] [129/360] Building C object zephyr/CMakeFiles/zephyr.dir/lib/utils/bitmask.c.obj
[starmie:rw] -- Found Dtc: /usr/bin/dtc (found suitable version "1.6.0", minimum required is "1.4.6")
[starmie:rw] -- Found BOARD.dts: /mnt/host/source/src/platform/ec/zephyr/boards/google/it8xxx2/it8xxx2_it81202bx.dts
[starmie:rw] -- Found devicetree overlay: /mnt/host/source/src/platform/ec/zephyr/program/corsola/starmie/project.overlay
[kanix:rw] [135/420] Building C object zephyr/lib/posix/c_lib_ext/CMakeFiles/lib__posix__c_lib_ext.dir/getentropy.c.obj
[kanix:rw] [136/420] Building C object zephyr/lib/posix/c_lib_ext/CMakeFiles/lib__posix__c_lib_ext.dir/getopt_shim.c.obj
[anakin:rw] [130/360] Building C object zephyr/CMakeFiles/zephyr.dir/lib/utils/getopt/getopt.c.obj
[anakin:rw] [131/360] Building C object zephyr/CMakeFiles/zephyr.dir/lib/utils/getopt/getopt_common.c.obj
[anakin:ro] [135/360] Building ASM object zephyr/CMakeFiles/zephyr.dir/soc/ite/ec/common/soc_irq.S.obj
[kanix:rw] [137/420] Linking C static library zephyr/lib/libc/common/liblib__libc__common.a
[anakin:ro] [136/360] Building C object zephyr/CMakeFiles/zephyr.dir/soc/ite/ec/common/soc_common_irq.c.obj
[anakin:rw] [132/360] Building C object zephyr/CMakeFiles/zephyr.dir/lib/utils/ring_buffer.c.obj
[kanix:rw] [138/420] Linking C static library zephyr/lib/posix/c_lib_ext/liblib__posix__c_lib_ext.a
[anakin:ro] [137/360] Building C object zephyr/CMakeFiles/zephyr.dir/soc/ite/ec/common/power.c.obj
[anakin:ro] [138/360] Building C object zephyr/CMakeFiles/zephyr.dir/soc/ite/ec/common/policy.c.obj
[anakin:ro] [139/360] Building C object zephyr/CMakeFiles/zephyr.dir/soc/ite/ec/it8xxx2/soc.c.obj
[anakin:rw] [133/360] Building C object zephyr/CMakeFiles/zephyr.dir/lib/utils/last_section_id.c.obj
[anakin:rw] [134/360] Building C object zephyr/CMakeFiles/zephyr.dir/misc/generated/configs.c.obj
[anakin:ro] [140/360] Building C object zephyr/CMakeFiles/zephyr.dir/soc/ite/ec/it8xxx2/check_regs.c.obj
[starmie:ro] -- Found Dtc: /usr/bin/dtc (found suitable version "1.6.0", minimum required is "1.4.6")
[starmie:ro] -- Found BOARD.dts: /mnt/host/source/src/platform/ec/zephyr/boards/google/it8xxx2/it8xxx2_it81202bx.dts
[starmie:ro] -- Found devicetree overlay: /mnt/host/source/src/platform/ec/zephyr/program/corsola/starmie/project.overlay
[kanix:rw] [139/420] Building C object zephyr/drivers/bbram/CMakeFiles/drivers__bbram.dir/bbram_npcx.c.obj
[kanix:rw] [140/420] Building C object zephyr/drivers/adc/CMakeFiles/drivers__adc.dir/adc_common.c.obj
[anakin:rw] [135/360] Building ASM object zephyr/CMakeFiles/zephyr.dir/soc/ite/ec/common/soc_irq.S.obj
[anakin:rw] [136/360] Building C object zephyr/CMakeFiles/zephyr.dir/soc/ite/ec/common/soc_common_irq.c.obj
[kanix:rw] [141/420] Linking C static library zephyr/drivers/bbram/libdrivers__bbram.a
[anakin:rw] [137/360] Building C object zephyr/CMakeFiles/zephyr.dir/soc/ite/ec/common/power.c.obj
[kanix:rw] [142/420] Building C object zephyr/drivers/interrupt_controller/CMakeFiles/drivers__interrupt_controller.dir/intc_miwu.c.obj
[anakin:rw] [138/360] Building C object zephyr/CMakeFiles/zephyr.dir/soc/ite/ec/common/policy.c.obj
[anakin:rw] [139/360] Building C object zephyr/CMakeFiles/zephyr.dir/soc/ite/ec/it8xxx2/soc.c.obj
[anakin:rw] [140/360] Building C object zephyr/CMakeFiles/zephyr.dir/soc/ite/ec/it8xxx2/check_regs.c.obj
[anakin:ro] [141/360] Building ASM object zephyr/CMakeFiles/zephyr.dir/soc/ite/ec/it8xxx2/vector.S.obj
[anakin:ro] [142/360] Building C object zephyr/CMakeFiles/zephyr.dir/soc/ite/ec/it8xxx2/ilm.c.obj
[anakin:ro] [143/360] Building C object zephyr/CMakeFiles/zephyr.dir/subsys/logging/log_minimal.c.obj
[helipilot:ro] -- Generated zephyr.dts: /mnt/host/source/src/platform/ec/build/zephyr/helipilot/build-ro/zephyr/zephyr.dts
[kanix:rw] [143/420] Building C object zephyr/drivers/clock_control/CMakeFiles/drivers__clock_control.dir/clock_control_npcx.c.obj
[anakin:ro] [144/360] Building C object zephyr/CMakeFiles/zephyr.dir/subsys/pm/pm.c.obj
[anakin:ro] [145/360] Building C object zephyr/CMakeFiles/zephyr.dir/subsys/pm/state.c.obj
[kanix:rw] [144/420] Linking C static library zephyr/drivers/interrupt_controller/libdrivers__interrupt_controller.a
[anakin:ro] [146/360] Building C object zephyr/CMakeFiles/zephyr.dir/subsys/pm/policy/policy_events.c.obj
[anakin:ro] [147/360] Building C object zephyr/CMakeFiles/zephyr.dir/subsys/pm/policy/policy_latency.c.obj
[anakin:ro] [148/360] Building C object zephyr/CMakeFiles/zephyr.dir/subsys/pm/policy/policy_state_lock.c.obj
[kanix:rw] [145/420] Linking C static library zephyr/drivers/clock_control/libdrivers__clock_control.a
[anakin:ro] [149/360] Building C object zephyr/CMakeFiles/zephyr.dir/subsys/pm/device.c.obj
[anakin:ro] [150/360] Building C object zephyr/CMakeFiles/zephyr.dir/subsys/pm/device_system_managed.c.obj
[kanix:rw] [146/420] Building C object zephyr/drivers/console/CMakeFiles/drivers__console.dir/uart_console.c.obj
[anakin:ro] [151/360] Building C object zephyr/CMakeFiles/zephyr.dir/subsys/testsuite/coverage/coverage.c.obj
[anakin:ro] [152/360] Building C object zephyr/CMakeFiles/zephyr.dir/subsys/tracing/tracing_none.c.obj
[anakin:ro] [153/360] Building C object zephyr/CMakeFiles/zephyr.dir/subsys/shell/modules/kernel_service/kernel_shell.c.obj
[kanix:rw] [147/420] Building C object zephyr/drivers/adc/CMakeFiles/drivers__adc.dir/adc_npcx.c.obj
[anakin:ro] [154/360] Building C object zephyr/CMakeFiles/zephyr.dir/subsys/shell/modules/kernel_service/cycles.c.obj
[anakin:ro] [155/360] Building C object zephyr/CMakeFiles/zephyr.dir/subsys/shell/modules/kernel_service/sleep.c.obj
[kanix:rw] [148/420] Linking C static library zephyr/drivers/console/libdrivers__console.a
[anakin:ro] [156/360] Building C object zephyr/CMakeFiles/zephyr.dir/subsys/shell/modules/kernel_service/uptime.c.obj
[anakin:ro] [157/360] Building C object zephyr/CMakeFiles/zephyr.dir/subsys/shell/modules/kernel_service/version.c.obj
[anakin:ro] [158/360] Building C object zephyr/CMakeFiles/zephyr.dir/subsys/shell/modules/kernel_service/thread/thread.c.obj
[kanix:rw] [149/420] Building C object zephyr/drivers/eeprom/CMakeFiles/drivers__eeprom.dir/eeprom_shell.c.obj
[anakin:ro] [159/360] Building C object zephyr/CMakeFiles/zephyr.dir/subsys/shell/modules/kernel_service/thread/list.c.obj
[kanix:rw] [150/420] Linking C static library zephyr/drivers/adc/libdrivers__adc.a
[anakin:ro] [160/360] Building C object zephyr/CMakeFiles/zephyr.dir/subsys/shell/modules/kernel_service/thread/stacks.c.obj
[kanix:rw] [151/420] Building C object zephyr/drivers/crypto/CMakeFiles/drivers__crypto.dir/crypto_npcx_sha.c.obj
[anakin:ro] [161/360] Building C object zephyr/CMakeFiles/zephyr.dir/subsys/shell/modules/kernel_service/thread/unwind.c.obj
[anakin:ro] [162/360] Building C object zephyr/CMakeFiles/zephyr.dir/subsys/shell/modules/kernel_service/thread/suspend.c.obj
[anakin:rw] [141/360] Building ASM object zephyr/CMakeFiles/zephyr.dir/soc/ite/ec/it8xxx2/vector.S.obj
[anakin:ro] [163/360] Building C object zephyr/CMakeFiles/zephyr.dir/subsys/shell/modules/kernel_service/thread/resume.c.obj
[anakin:rw] [142/360] Building C object zephyr/CMakeFiles/zephyr.dir/soc/ite/ec/it8xxx2/ilm.c.obj
[anakin:ro] [164/360] Building C object zephyr/CMakeFiles/zephyr.dir/subsys/shell/modules/kernel_service/thread/kill.c.obj
[anakin:rw] [143/360] Building C object zephyr/CMakeFiles/zephyr.dir/subsys/logging/log_minimal.c.obj
[anakin:ro] [165/360] Building C object zephyr/CMakeFiles/zephyr.dir/subsys/shell/backends/shell_uart.c.obj
[anakin:rw] [144/360] Building C object zephyr/CMakeFiles/zephyr.dir/subsys/pm/pm.c.obj
[anakin:ro] [166/360] Building C object zephyr/CMakeFiles/zephyr.dir/subsys/shell/shell.c.obj
[kanix:rw] [152/420] Linking C static library zephyr/drivers/crypto/libdrivers__crypto.a
[anakin:rw] [145/360] Building C object zephyr/CMakeFiles/zephyr.dir/subsys/pm/state.c.obj
[anakin:ro] [167/360] Building C object zephyr/CMakeFiles/zephyr.dir/subsys/shell/shell_fprintf.c.obj
[anakin:rw] [146/360] Building C object zephyr/CMakeFiles/zephyr.dir/subsys/pm/policy/policy_events.c.obj
[anakin:ro] [168/360] Building C object zephyr/CMakeFiles/zephyr.dir/subsys/shell/shell_utils.c.obj
[anakin:rw] [147/360] Building C object zephyr/CMakeFiles/zephyr.dir/subsys/pm/policy/policy_latency.c.obj
[anakin:ro] [169/360] Building C object zephyr/CMakeFiles/zephyr.dir/subsys/shell/shell_ops.c.obj
[anakin:rw] [148/360] Building C object zephyr/CMakeFiles/zephyr.dir/subsys/pm/policy/policy_state_lock.c.obj
[anakin:ro] [170/360] Building C object zephyr/CMakeFiles/zephyr.dir/subsys/shell/shell_help.c.obj
[anakin:ro] [171/360] Building C object zephyr/CMakeFiles/zephyr.dir/subsys/shell/shell_history.c.obj
[anakin:rw] [149/360] Building C object zephyr/CMakeFiles/zephyr.dir/subsys/pm/device.c.obj
[anakin:ro] [172/360] Building C object zephyr/CMakeFiles/zephyr.dir/drivers/flash/flash_util.c.obj
[helipilot:ro] -- Generated pickled edt: /mnt/host/source/src/platform/ec/build/zephyr/helipilot/build-ro/zephyr/edt.pickle
[helipilot:ro] -- Generated devicetree_generated.h: /mnt/host/source/src/platform/ec/build/zephyr/helipilot/build-ro/zephyr/include/generated/zephyr/devicetree_generated.h
[anakin:rw] [150/360] Building C object zephyr/CMakeFiles/zephyr.dir/subsys/pm/device_system_managed.c.obj
[anakin:rw] [151/360] Building C object zephyr/CMakeFiles/zephyr.dir/subsys/testsuite/coverage/coverage.c.obj
[anakin:rw] [152/360] Building C object zephyr/CMakeFiles/zephyr.dir/subsys/tracing/tracing_none.c.obj
[anakin:rw] [153/360] Building C object zephyr/CMakeFiles/zephyr.dir/subsys/shell/modules/kernel_service/kernel_shell.c.obj
[anakin:rw] [154/360] Building C object zephyr/CMakeFiles/zephyr.dir/subsys/shell/modules/kernel_service/cycles.c.obj
[anakin:rw] [155/360] Building C object zephyr/CMakeFiles/zephyr.dir/subsys/shell/modules/kernel_service/sleep.c.obj
[anakin:rw] [156/360] Building C object zephyr/CMakeFiles/zephyr.dir/subsys/shell/modules/kernel_service/uptime.c.obj
[anakin:rw] [157/360] Building C object zephyr/CMakeFiles/zephyr.dir/subsys/shell/modules/kernel_service/version.c.obj
[anakin:rw] [158/360] Building C object zephyr/CMakeFiles/zephyr.dir/subsys/shell/modules/kernel_service/thread/thread.c.obj
[anakin:rw] [159/360] Building C object zephyr/CMakeFiles/zephyr.dir/subsys/shell/modules/kernel_service/thread/list.c.obj
[anakin:rw] [160/360] Building C object zephyr/CMakeFiles/zephyr.dir/subsys/shell/modules/kernel_service/thread/stacks.c.obj
[anakin:rw] [161/360] Building C object zephyr/CMakeFiles/zephyr.dir/subsys/shell/modules/kernel_service/thread/unwind.c.obj
[anakin:ro] [173/360] Linking C static library zephyr/libzephyr.a
[anakin:rw] [162/360] Building C object zephyr/CMakeFiles/zephyr.dir/subsys/shell/modules/kernel_service/thread/suspend.c.obj
[anakin:ro] [174/360] Building C object zephyr/arch/common/CMakeFiles/arch__common.dir/sw_isr_common.c.obj
[anakin:ro] [175/360] Building C object zephyr/arch/common/CMakeFiles/arch__common.dir/dynamic_isr.c.obj
[anakin:rw] [163/360] Building C object zephyr/CMakeFiles/zephyr.dir/subsys/shell/modules/kernel_service/thread/resume.c.obj
[anakin:ro] [176/360] Building C object zephyr/arch/common/CMakeFiles/arch__common.dir/init.c.obj
[anakin:ro] [177/360] Building C object zephyr/arch/common/CMakeFiles/arch__common.dir/xip.c.obj
[anakin:rw] [164/360] Building C object zephyr/CMakeFiles/zephyr.dir/subsys/shell/modules/kernel_service/thread/kill.c.obj
[anakin:ro] [178/360] Building C object zephyr/arch/common/CMakeFiles/isr_tables.dir/isr_tables.c.obj
[anakin:ro] [179/360] Linking C static library zephyr/arch/common/libisr_tables.a
[anakin:rw] [165/360] Building C object zephyr/CMakeFiles/zephyr.dir/subsys/shell/backends/shell_uart.c.obj
[anakin:rw] [166/360] Building C object zephyr/CMakeFiles/zephyr.dir/subsys/shell/shell.c.obj
[anakin:rw] [167/360] Building C object zephyr/CMakeFiles/zephyr.dir/subsys/shell/shell_fprintf.c.obj
[anakin:ro] [180/360] Linking C static library zephyr/arch/common/libarch__common.a
[anakin:rw] [168/360] Building C object zephyr/CMakeFiles/zephyr.dir/subsys/shell/shell_utils.c.obj
[kanix:rw] [153/420] Building C object zephyr/drivers/flash/CMakeFiles/drivers__flash.dir/jesd216.c.obj
[kanix:rw] [154/420] Building C object zephyr/drivers/espi/CMakeFiles/drivers__espi.dir/espi_npcx.c.obj
[anakin:ro] [181/360] Building C object zephyr/arch/arch/riscv/core/CMakeFiles/arch__riscv__core.dir/cpu_idle.c.obj
[anakin:rw] [169/360] Building C object zephyr/CMakeFiles/zephyr.dir/subsys/shell/shell_ops.c.obj
[anakin:ro] [182/360] Building C object zephyr/arch/arch/riscv/core/CMakeFiles/arch__riscv__core.dir/fatal.c.obj
[anakin:rw] [170/360] Building C object zephyr/CMakeFiles/zephyr.dir/subsys/shell/shell_help.c.obj
[kanix:rw] [155/420] Building C object zephyr/drivers/eeprom/CMakeFiles/drivers__eeprom.dir/eeprom_at2x.c.obj
[anakin:ro] [183/360] Building C object zephyr/arch/arch/riscv/core/CMakeFiles/arch__riscv__core.dir/irq_manage.c.obj
[anakin:rw] [171/360] Building C object zephyr/CMakeFiles/zephyr.dir/subsys/shell/shell_history.c.obj
[anakin:ro] [184/360] Building C object zephyr/arch/arch/riscv/core/CMakeFiles/arch__riscv__core.dir/prep_c.c.obj
[anakin:rw] [172/360] Building C object zephyr/CMakeFiles/zephyr.dir/drivers/flash/flash_util.c.obj
[kanix:rw] [156/420] Building C object zephyr/drivers/espi/CMakeFiles/drivers__espi.dir/host_subs_npcx.c.obj
[anakin:ro] [185/360] Building C object zephyr/arch/arch/riscv/core/CMakeFiles/arch__riscv__core.dir/reboot.c.obj
[kanix:rw] [157/420] Building C object zephyr/drivers/flash/CMakeFiles/drivers__flash.dir/flash_npcx_fiu_nor.c.obj
[kanix:rw] [158/420] Linking C static library zephyr/drivers/eeprom/libdrivers__eeprom.a
[kanix:rw] [159/420] Linking C static library zephyr/drivers/espi/libdrivers__espi.a
[anakin:rw] [173/360] Linking C static library zephyr/libzephyr.a
[anakin:rw] [174/360] Building C object zephyr/arch/common/CMakeFiles/arch__common.dir/sw_isr_common.c.obj
[anakin:rw] [175/360] Building C object zephyr/arch/common/CMakeFiles/arch__common.dir/dynamic_isr.c.obj
[anakin:rw] [176/360] Building C object zephyr/arch/common/CMakeFiles/arch__common.dir/init.c.obj
[anakin:rw] [177/360] Building C object zephyr/arch/common/CMakeFiles/arch__common.dir/xip.c.obj
[kanix:rw] [160/420] Building C object zephyr/drivers/i2c/CMakeFiles/drivers__i2c.dir/i2c_common.c.obj
[anakin:rw] [178/360] Building C object zephyr/arch/common/CMakeFiles/isr_tables.dir/isr_tables.c.obj
[starmie:rw] -- Generated zephyr.dts: /mnt/host/source/src/platform/ec/build/zephyr/starmie/build-rw/zephyr/zephyr.dts
[starmie:rw] -- Generated pickled edt: /mnt/host/source/src/platform/ec/build/zephyr/starmie/build-rw/zephyr/edt.pickle
[anakin:rw] [179/360] Linking C static library zephyr/arch/common/libisr_tables.a
[kanix:rw] [161/420] Building C object zephyr/drivers/flash/CMakeFiles/drivers__flash.dir/flash_npcx_fiu_qspi.c.obj
[anakin:rw] [180/360] Linking C static library zephyr/arch/common/libarch__common.a
[kanix:rw] [162/420] Building C object zephyr/drivers/gpio/CMakeFiles/drivers__gpio.dir/gpio_npcx.c.obj
[anakin:rw] [181/360] Building C object zephyr/arch/arch/riscv/core/CMakeFiles/arch__riscv__core.dir/cpu_idle.c.obj
[kanix:rw] [163/420] Linking C static library zephyr/drivers/flash/libdrivers__flash.a
[anakin:rw] [182/360] Building C object zephyr/arch/arch/riscv/core/CMakeFiles/arch__riscv__core.dir/fatal.c.obj
[anakin:rw] [183/360] Building C object zephyr/arch/arch/riscv/core/CMakeFiles/arch__riscv__core.dir/irq_manage.c.obj
[anakin:rw] [184/360] Building C object zephyr/arch/arch/riscv/core/CMakeFiles/arch__riscv__core.dir/prep_c.c.obj
[kanix:rw] [164/420] Linking C static library zephyr/drivers/gpio/libdrivers__gpio.a
[anakin:rw] [185/360] Building C object zephyr/arch/arch/riscv/core/CMakeFiles/arch__riscv__core.dir/reboot.c.obj
[starmie:ro] -- Generated zephyr.dts: /mnt/host/source/src/platform/ec/build/zephyr/starmie/build-ro/zephyr/zephyr.dts
[starmie:ro] -- Generated pickled edt: /mnt/host/source/src/platform/ec/build/zephyr/starmie/build-ro/zephyr/edt.pickle
[kanix:rw] [165/420] Building C object zephyr/drivers/pinctrl/CMakeFiles/drivers__pinctrl.dir/common.c.obj
[kanix:rw] [166/420] Building C object zephyr/drivers/sensor/CMakeFiles/drivers__sensor.dir/mnt/host/source/src/third_party/zephyr/main/misc/empty_file.c.obj
[kanix:rw] [167/420] Building C object zephyr/drivers/i2c/CMakeFiles/drivers__i2c.dir/i2c_shell.c.obj
[anakin:ro] [186/360] Building ASM object zephyr/arch/arch/riscv/core/CMakeFiles/arch__riscv__core.dir/reset.S.obj
[starmie:rw] -- Generated devicetree_generated.h: /mnt/host/source/src/platform/ec/build/zephyr/starmie/build-rw/zephyr/include/generated/zephyr/devicetree_generated.h
[kanix:rw] [168/420] Linking C static library zephyr/drivers/sensor/libdrivers__sensor.a
[kanix:rw] [169/420] Building C object zephyr/drivers/pinctrl/CMakeFiles/drivers__pinctrl.dir/pinctrl_npcx.c.obj
[kanix:rw] [170/420] Building C object zephyr/drivers/i2c/CMakeFiles/drivers__i2c.dir/i2c_npcx_controller.c.obj
[kanix:rw] [171/420] Building C object zephyr/drivers/i2c/CMakeFiles/drivers__i2c.dir/i2c_npcx_controller_fifo.c.obj
[/mnt/host/source/src/platform/ec/build/zephyr/ite-aic-rtk-pdc-lcov]   /mnt/host/source/src/platform/ec/build/zephyr/ite-aic-rtk-pdc/build-ro/zephyr/CMakeFiles/zephyr.dir/subsys/shell/modules/kernel_service/kernel_shell.c.gcno:no functions found
[/mnt/host/source/src/platform/ec/build/zephyr/ite-aic-rtk-pdc-lcov] stderr:
[kanix:rw] [172/420] Linking C static library zephyr/drivers/pinctrl/libdrivers__pinctrl.a
[kanix:rw] [173/420] Building C object zephyr/drivers/i2c/CMakeFiles/drivers__i2c.dir/i2c_npcx_port.c.obj
[anakin:rw] [186/360] Building ASM object zephyr/arch/arch/riscv/core/CMakeFiles/arch__riscv__core.dir/reset.S.obj
[starmie:ro] -- Generated devicetree_generated.h: /mnt/host/source/src/platform/ec/build/zephyr/starmie/build-ro/zephyr/include/generated/zephyr/devicetree_generated.h
[kanix:rw] [174/420] Linking C static library zephyr/drivers/i2c/libdrivers__i2c.a
[kanix:rw] [175/420] Building C object zephyr/drivers/pwm/CMakeFiles/drivers__pwm.dir/pwm_shell.c.obj
[/mnt/host/source/src/platform/ec/build/zephyr/ite-aic-rtk-pdc-lcov]   /mnt/host/source/src/platform/ec/build/zephyr/ite-aic-rtk-pdc/build-ro/zephyr/CMakeFiles/zephyr.dir/lib/libc/validate_libc.c.gcno:no functions found
[/mnt/host/source/src/platform/ec/build/zephyr/ite-aic-rtk-pdc-lcov] stderr:
[kanix:rw] [176/420] Building C object zephyr/drivers/pwm/CMakeFiles/drivers__pwm.dir/pwm_npcx.c.obj
[kanix:rw] [177/420] Linking C static library zephyr/drivers/pwm/libdrivers__pwm.a
[anakin:ro] [187/360] Building ASM object zephyr/arch/arch/riscv/core/CMakeFiles/arch__riscv__core.dir/switch.S.obj
[anakin:ro] [188/360] Building C object zephyr/arch/arch/riscv/core/CMakeFiles/arch__riscv__core.dir/thread.c.obj
[kanix:rw] [178/420] Building C object zephyr/drivers/syscon/CMakeFiles/drivers__syscon.dir/syscon.c.obj
[kanix:rw] [179/420] Building C object zephyr/drivers/timer/CMakeFiles/drivers__timer.dir/sys_clock_init.c.obj
[kanix:rw] [180/420] Building C object zephyr/drivers/sensor/nuvoton/nuvoton_tach_npcx/CMakeFiles/drivers__sensor__nuvoton__nuvoton_tach_npcx.dir/tach_nuvoton_npcx.c.obj
[kanix:rw] [181/420] Building C object zephyr/drivers/serial/CMakeFiles/drivers__serial.dir/uart_npcx.c.obj
[kanix:rw] [182/420] Building C object zephyr/drivers/timer/CMakeFiles/drivers__timer.dir/npcx_itim_timer.c.obj
[kanix:rw] [183/420] Linking C static library zephyr/drivers/sensor/nuvoton/nuvoton_tach_npcx/libdrivers__sensor__nuvoton__nuvoton_tach_npcx.a
[anakin:rw] [187/360] Building ASM object zephyr/arch/arch/riscv/core/CMakeFiles/arch__riscv__core.dir/switch.S.obj
[kanix:rw] [184/420] Linking C static library zephyr/drivers/syscon/libdrivers__syscon.a
[anakin:rw] [188/360] Building C object zephyr/arch/arch/riscv/core/CMakeFiles/arch__riscv__core.dir/thread.c.obj
[kanix:rw] [185/420] Linking C static library zephyr/drivers/timer/libdrivers__timer.a
[kanix:rw] [186/420] Linking C static library zephyr/drivers/serial/libdrivers__serial.a
[kanix:rw] [187/420] Building C object zephyr/drivers/watchdog/CMakeFiles/drivers__watchdog.dir/wdt_npcx.c.obj
[kanix:rw] [188/420] Building C object zephyr/drivers/watchdog/CMakeFiles/drivers__watchdog.dir/wdt_shell.c.obj
[kanix:rw] [189/420] Linking C static library zephyr/drivers/watchdog/libdrivers__watchdog.a
[anakin:ro] [189/360] Building ASM object zephyr/arch/arch/riscv/core/CMakeFiles/arch__riscv__core.dir/isr.S.obj
[starmie:rw] /mnt/host/source/src/platform/ec/build/zephyr/starmie/build-rw/zephyr/zephyr.dts:1203.27-1913.5: Warning (avoid_unnecessary_addr_size): /soc/pin-controller: unnecessary #address-cells/#size-cells without "ranges" or child "reg" property
[anakin:ro] [190/360] Building C object zephyr/arch/arch/riscv/core/CMakeFiles/arch__riscv__core.dir/stacktrace.c.obj
[anakin:ro] [191/360] Linking C static library zephyr/arch/arch/riscv/core/libarch__riscv__core.a
[anakin:ro] [192/360] Generating ../../../include/generated/libc/minimal/strerror_table.h
[anakin:ro] [193/360] Building C object zephyr/lib/libc/minimal/CMakeFiles/lib__libc__minimal.dir/source/stdlib/atoi.c.obj
[anakin:ro] [194/360] Building C object zephyr/lib/libc/minimal/CMakeFiles/lib__libc__minimal.dir/source/stdlib/strtol.c.obj
[anakin:ro] [195/360] Building C object zephyr/lib/libc/minimal/CMakeFiles/lib__libc__minimal.dir/source/stdlib/strtoul.c.obj
[starmie:ro] /mnt/host/source/src/platform/ec/build/zephyr/starmie/build-ro/zephyr/zephyr.dts:1203.27-1913.5: Warning (avoid_unnecessary_addr_size): /soc/pin-controller: unnecessary #address-cells/#size-cells without "ranges" or child "reg" property
[anakin:ro] [196/360] Building C object zephyr/lib/libc/minimal/CMakeFiles/lib__libc__minimal.dir/source/stdlib/strtoll.c.obj
[anakin:ro] [197/360] Building C object zephyr/lib/libc/minimal/CMakeFiles/lib__libc__minimal.dir/source/stdlib/strtoull.c.obj
[anakin:ro] [198/360] Building C object zephyr/lib/libc/minimal/CMakeFiles/lib__libc__minimal.dir/source/stdlib/bsearch.c.obj
[anakin:ro] [199/360] Building C object zephyr/lib/libc/minimal/CMakeFiles/lib__libc__minimal.dir/source/stdlib/exit.c.obj
[anakin:ro] [200/360] Building C object zephyr/lib/libc/minimal/CMakeFiles/lib__libc__minimal.dir/source/stdlib/qsort.c.obj
[anakin:ro] [201/360] Building C object zephyr/lib/libc/minimal/CMakeFiles/lib__libc__minimal.dir/source/string/strerror.c.obj
[anakin:ro] [202/360] Building C object zephyr/lib/libc/minimal/CMakeFiles/lib__libc__minimal.dir/source/string/strncasecmp.c.obj
[anakin:ro] [203/360] Building C object zephyr/lib/libc/minimal/CMakeFiles/lib__libc__minimal.dir/source/string/strstr.c.obj
[/mnt/host/source/src/platform/ec/build/zephyr/ite-aic-rtk-pdc-lcov]   /mnt/host/source/src/platform/ec/build/zephyr/ite-aic-rtk-pdc/build-ro/zephyr/CMakeFiles/zephyr.dir/lib/utils/last_section_id.c.gcno:no functions found
[/mnt/host/source/src/platform/ec/build/zephyr/ite-aic-rtk-pdc-lcov] stderr:
[anakin:ro] [204/360] Building C object zephyr/lib/libc/minimal/CMakeFiles/lib__libc__minimal.dir/source/string/string.c.obj
[kanix:rw] [190/420] Building C object modules/ec/zephyr/CMakeFiles/ec_shim.dir/app/ec/main_shim.c.obj
[anakin:ro] [205/360] Building C object zephyr/lib/libc/minimal/CMakeFiles/lib__libc__minimal.dir/source/string/strspn.c.obj
[anakin:ro] [206/360] Building C object zephyr/lib/libc/minimal/CMakeFiles/lib__libc__minimal.dir/source/stdout/stdout_console.c.obj
[anakin:ro] [207/360] Building C object zephyr/lib/libc/minimal/CMakeFiles/lib__libc__minimal.dir/source/stdout/sprintf.c.obj
[kanix:rw] [191/420] Building C object modules/ec/zephyr/CMakeFiles/ec_shim.dir/app/ec/ec_app_main.c.obj
[anakin:ro] [208/360] Building C object zephyr/lib/libc/minimal/CMakeFiles/lib__libc__minimal.dir/source/stdout/fprintf.c.obj
[anakin:ro] [209/360] Building C object zephyr/lib/libc/minimal/CMakeFiles/lib__libc__minimal.dir/source/math/sqrtf.c.obj
[anakin:ro] [210/360] Building C object zephyr/lib/libc/minimal/CMakeFiles/lib__libc__minimal.dir/source/math/sqrt.c.obj
[anakin:rw] [189/360] Building ASM object zephyr/arch/arch/riscv/core/CMakeFiles/arch__riscv__core.dir/isr.S.obj
[anakin:ro] [211/360] Building C object zephyr/lib/libc/minimal/CMakeFiles/lib__libc__minimal.dir/source/time/gmtime.c.obj
[anakin:rw] [190/360] Building C object zephyr/arch/arch/riscv/core/CMakeFiles/arch__riscv__core.dir/stacktrace.c.obj
[anakin:ro] [212/360] Linking C static library zephyr/lib/libc/minimal/liblib__libc__minimal.a
[anakin:ro] [213/360] Building C object zephyr/lib/libc/common/CMakeFiles/lib__libc__common.dir/source/stdlib/abort.c.obj
[anakin:ro] [214/360] Building C object zephyr/lib/libc/common/CMakeFiles/lib__libc__common.dir/source/time/asctime.c.obj
[anakin:rw] [191/360] Linking C static library zephyr/arch/arch/riscv/core/libarch__riscv__core.a
[anakin:ro] [215/360] Building C object zephyr/lib/libc/common/CMakeFiles/lib__libc__common.dir/source/time/gmtime_r.c.obj
[anakin:ro] [216/360] Building C object zephyr/lib/libc/common/CMakeFiles/lib__libc__common.dir/source/time/localtime_r_utc.c.obj
[kanix:rw] [192/420] Building C object modules/ec/zephyr/CMakeFiles/ec_shim.dir/drivers/cros_kblight/pwm_kblight.c.obj
[anakin:ro] [217/360] Building C object zephyr/lib/libc/common/CMakeFiles/lib__libc__common.dir/source/time/ctime.c.obj
[anakin:ro] [218/360] Building C object zephyr/lib/libc/common/CMakeFiles/lib__libc__common.dir/source/time/time.c.obj
[anakin:rw] [192/360] Generating ../../../include/generated/libc/minimal/strerror_table.h
[anakin:rw] [193/360] Building C object zephyr/lib/libc/minimal/CMakeFiles/lib__libc__minimal.dir/source/stdlib/atoi.c.obj
[anakin:ro] [219/360] Building C object zephyr/lib/libc/common/CMakeFiles/lib__libc__common.dir/source/stdlib/malloc.c.obj
[anakin:rw] [194/360] Building C object zephyr/lib/libc/minimal/CMakeFiles/lib__libc__minimal.dir/source/stdlib/strtol.c.obj
[anakin:rw] [195/360] Building C object zephyr/lib/libc/minimal/CMakeFiles/lib__libc__minimal.dir/source/stdlib/strtoul.c.obj
[anakin:ro] [220/360] Building C object zephyr/lib/libc/common/CMakeFiles/lib__libc__common.dir/source/string/strnlen.c.obj
[anakin:rw] [196/360] Building C object zephyr/lib/libc/minimal/CMakeFiles/lib__libc__minimal.dir/source/stdlib/strtoll.c.obj
[anakin:rw] [197/360] Building C object zephyr/lib/libc/minimal/CMakeFiles/lib__libc__minimal.dir/source/stdlib/strtoull.c.obj
[anakin:rw] [198/360] Building C object zephyr/lib/libc/minimal/CMakeFiles/lib__libc__minimal.dir/source/stdlib/bsearch.c.obj
[anakin:rw] [199/360] Building C object zephyr/lib/libc/minimal/CMakeFiles/lib__libc__minimal.dir/source/stdlib/exit.c.obj
[kanix:rw] [193/420] Building C object modules/ec/zephyr/CMakeFiles/ec_shim.dir/drivers/vivaldi_kbd/vivaldi_kbd.c.obj
[anakin:rw] [200/360] Building C object zephyr/lib/libc/minimal/CMakeFiles/lib__libc__minimal.dir/source/stdlib/qsort.c.obj
[anakin:rw] [201/360] Building C object zephyr/lib/libc/minimal/CMakeFiles/lib__libc__minimal.dir/source/string/strerror.c.obj
[kanix:rw] [194/420] Building C object modules/ec/zephyr/CMakeFiles/ec_shim.dir/drivers/cros_kb_raw/cros_kb_raw_npcx.c.obj
[anakin:rw] [202/360] Building C object zephyr/lib/libc/minimal/CMakeFiles/lib__libc__minimal.dir/source/string/strncasecmp.c.obj
[anakin:rw] [203/360] Building C object zephyr/lib/libc/minimal/CMakeFiles/lib__libc__minimal.dir/source/string/strstr.c.obj
[kanix:rw] [195/420] Building C object modules/ec/zephyr/CMakeFiles/ec_shim.dir/drivers/cros_flash/cros_flash_npcx.c.obj
[anakin:rw] [204/360] Building C object zephyr/lib/libc/minimal/CMakeFiles/lib__libc__minimal.dir/source/string/string.c.obj
[anakin:ro] [221/360] Linking C static library zephyr/lib/libc/common/liblib__libc__common.a
[anakin:rw] [205/360] Building C object zephyr/lib/libc/minimal/CMakeFiles/lib__libc__minimal.dir/source/string/strspn.c.obj
[anakin:rw] [206/360] Building C object zephyr/lib/libc/minimal/CMakeFiles/lib__libc__minimal.dir/source/stdout/stdout_console.c.obj
[anakin:ro] [222/360] Building C object zephyr/lib/posix/c_lib_ext/CMakeFiles/lib__posix__c_lib_ext.dir/fnmatch.c.obj
[kanix:rw] [196/420] Building C object modules/ec/zephyr/CMakeFiles/ec_shim.dir/shim/chip/npcx/clock.c.obj
[anakin:rw] [207/360] Building C object zephyr/lib/libc/minimal/CMakeFiles/lib__libc__minimal.dir/source/stdout/sprintf.c.obj
[anakin:ro] [223/360] Building C object zephyr/lib/posix/c_lib_ext/CMakeFiles/lib__posix__c_lib_ext.dir/getentropy.c.obj
[anakin:rw] [208/360] Building C object zephyr/lib/libc/minimal/CMakeFiles/lib__libc__minimal.dir/source/stdout/fprintf.c.obj
[anakin:ro] [224/360] Building C object zephyr/lib/posix/c_lib_ext/CMakeFiles/lib__posix__c_lib_ext.dir/getopt_shim.c.obj
[anakin:rw] [209/360] Building C object zephyr/lib/libc/minimal/CMakeFiles/lib__libc__minimal.dir/source/math/sqrtf.c.obj
[anakin:rw] [210/360] Building C object zephyr/lib/libc/minimal/CMakeFiles/lib__libc__minimal.dir/source/math/sqrt.c.obj
[kanix:rw] [197/420] Building C object modules/ec/zephyr/CMakeFiles/ec_shim.dir/drivers/cros_system/cros_system_npcx.c.obj
[anakin:rw] [211/360] Building C object zephyr/lib/libc/minimal/CMakeFiles/lib__libc__minimal.dir/source/time/gmtime.c.obj
[anakin:ro] [225/360] Linking C static library zephyr/lib/posix/c_lib_ext/liblib__posix__c_lib_ext.a
[anakin:ro] [226/360] Building C object zephyr/lib/smf/CMakeFiles/lib__smf.dir/smf.c.obj
[anakin:rw] [212/360] Linking C static library zephyr/lib/libc/minimal/liblib__libc__minimal.a
[anakin:rw] [213/360] Building C object zephyr/lib/libc/common/CMakeFiles/lib__libc__common.dir/source/stdlib/abort.c.obj
[anakin:ro] [227/360] Linking C static library zephyr/lib/smf/liblib__smf.a
[anakin:rw] [214/360] Building C object zephyr/lib/libc/common/CMakeFiles/lib__libc__common.dir/source/time/asctime.c.obj
[anakin:ro] [228/360] Building C object zephyr/subsys/mgmt/ec_host_cmd/CMakeFiles/subsys__mgmt__ec_host_cmd.dir/ec_host_cmd_handler.c.obj
[anakin:rw] [215/360] Building C object zephyr/lib/libc/common/CMakeFiles/lib__libc__common.dir/source/time/gmtime_r.c.obj
[anakin:rw] [216/360] Building C object zephyr/lib/libc/common/CMakeFiles/lib__libc__common.dir/source/time/localtime_r_utc.c.obj
[anakin:rw] [217/360] Building C object zephyr/lib/libc/common/CMakeFiles/lib__libc__common.dir/source/time/ctime.c.obj
[anakin:rw] [218/360] Building C object zephyr/lib/libc/common/CMakeFiles/lib__libc__common.dir/source/time/time.c.obj
[anakin:rw] [219/360] Building C object zephyr/lib/libc/common/CMakeFiles/lib__libc__common.dir/source/stdlib/malloc.c.obj
[anakin:ro] [229/360] Linking C static library zephyr/subsys/mgmt/ec_host_cmd/libsubsys__mgmt__ec_host_cmd.a
[anakin:rw] [220/360] Building C object zephyr/lib/libc/common/CMakeFiles/lib__libc__common.dir/source/string/strnlen.c.obj
[anakin:ro] [230/360] Building C object zephyr/subsys/mgmt/ec_host_cmd/backends/CMakeFiles/subsys__mgmt__ec_host_cmd__backends.dir/ec_host_cmd_backend_shi_ite.c.obj
[anakin:rw] [221/360] Linking C static library zephyr/lib/libc/common/liblib__libc__common.a
[anakin:rw] [222/360] Building C object zephyr/lib/posix/c_lib_ext/CMakeFiles/lib__posix__c_lib_ext.dir/fnmatch.c.obj
[anakin:rw] [223/360] Building C object zephyr/lib/posix/c_lib_ext/CMakeFiles/lib__posix__c_lib_ext.dir/getentropy.c.obj
[anakin:ro] [231/360] Linking C static library zephyr/subsys/mgmt/ec_host_cmd/backends/libsubsys__mgmt__ec_host_cmd__backends.a
[anakin:ro] [232/360] Building C object zephyr/subsys/crc/CMakeFiles/subsys__crc.dir/crc4_sw.c.obj
[anakin:rw] [224/360] Building C object zephyr/lib/posix/c_lib_ext/CMakeFiles/lib__posix__c_lib_ext.dir/getopt_shim.c.obj
[anakin:ro] [233/360] Building C object zephyr/subsys/crc/CMakeFiles/subsys__crc.dir/crc8_sw.c.obj
[anakin:ro] [234/360] Building C object zephyr/subsys/crc/CMakeFiles/subsys__crc.dir/crc16_sw.c.obj
[kanix:rw] [198/420] Building C object modules/ec/zephyr/CMakeFiles/ec_shim.dir/shim/chip/npcx/rom_chip.c.obj
[anakin:ro] [235/360] Building C object zephyr/subsys/crc/CMakeFiles/subsys__crc.dir/crc7_sw.c.obj
[anakin:ro] [236/360] Building C object zephyr/subsys/crc/CMakeFiles/subsys__crc.dir/crc24_sw.c.obj
[anakin:ro] [237/360] Building C object zephyr/subsys/crc/CMakeFiles/subsys__crc.dir/crc32c_sw.c.obj
[anakin:ro] [238/360] Building C object zephyr/subsys/crc/CMakeFiles/subsys__crc.dir/crc32_sw.c.obj
[anakin:rw] [225/360] Linking C static library zephyr/lib/posix/c_lib_ext/liblib__posix__c_lib_ext.a
[anakin:rw] [226/360] Building C object zephyr/lib/smf/CMakeFiles/lib__smf.dir/smf.c.obj
[anakin:ro] [239/360] Building C object zephyr/subsys/crc/CMakeFiles/subsys__crc.dir/crc32k_4_2_sw.c.obj
[anakin:ro] [240/360] Linking C static library zephyr/subsys/crc/libsubsys__crc.a
[anakin:rw] [227/360] Linking C static library zephyr/lib/smf/liblib__smf.a
[anakin:rw] [228/360] Building C object zephyr/subsys/mgmt/ec_host_cmd/CMakeFiles/subsys__mgmt__ec_host_cmd.dir/ec_host_cmd_handler.c.obj
[anakin:ro] [241/360] Building C object zephyr/drivers/interrupt_controller/CMakeFiles/drivers__interrupt_controller.dir/intc_ite_it8xxx2_v2.c.obj
[anakin:ro] [242/360] Building C object zephyr/drivers/interrupt_controller/CMakeFiles/drivers__interrupt_controller.dir/wuc_ite_it8xxx2.c.obj
[helipilot:ro] warning: Deprecated symbol POSIX_READER_WRITER_LOCKS is enabled.
[helipilot:ro] warning: Deprecated symbol REQUIRES_STD_C99 is enabled.
[helipilot:ro] warning: Deprecated symbol REQUIRES_STD_C11 is enabled.
[helipilot:ro] warning: Deprecated symbol STD_C11 is enabled.
[anakin:rw] [229/360] Linking C static library zephyr/subsys/mgmt/ec_host_cmd/libsubsys__mgmt__ec_host_cmd.a
[anakin:rw] [230/360] Building C object zephyr/subsys/mgmt/ec_host_cmd/backends/CMakeFiles/subsys__mgmt__ec_host_cmd__backends.dir/ec_host_cmd_backend_shi_ite.c.obj
[anakin:ro] [243/360] Linking C static library zephyr/drivers/interrupt_controller/libdrivers__interrupt_controller.a
[anakin:ro] [244/360] Building C object zephyr/drivers/adc/CMakeFiles/drivers__adc.dir/adc_common.c.obj
[anakin:ro] [245/360] Building C object zephyr/drivers/adc/CMakeFiles/drivers__adc.dir/adc_ite_it8xxx2.c.obj
[anakin:rw] [231/360] Linking C static library zephyr/subsys/mgmt/ec_host_cmd/backends/libsubsys__mgmt__ec_host_cmd__backends.a
[anakin:rw] [232/360] Building C object zephyr/subsys/crc/CMakeFiles/subsys__crc.dir/crc4_sw.c.obj
[anakin:rw] [233/360] Building C object zephyr/subsys/crc/CMakeFiles/subsys__crc.dir/crc8_sw.c.obj
[anakin:rw] [234/360] Building C object zephyr/subsys/crc/CMakeFiles/subsys__crc.dir/crc16_sw.c.obj
[anakin:rw] [235/360] Building C object zephyr/subsys/crc/CMakeFiles/subsys__crc.dir/crc7_sw.c.obj
[anakin:rw] [236/360] Building C object zephyr/subsys/crc/CMakeFiles/subsys__crc.dir/crc24_sw.c.obj
[anakin:ro] [246/360] Linking C static library zephyr/drivers/adc/libdrivers__adc.a
[anakin:rw] [237/360] Building C object zephyr/subsys/crc/CMakeFiles/subsys__crc.dir/crc32c_sw.c.obj
[anakin:ro] [247/360] Building C object zephyr/drivers/bbram/CMakeFiles/drivers__bbram.dir/bbram_it8xxx2.c.obj
[anakin:rw] [238/360] Building C object zephyr/subsys/crc/CMakeFiles/subsys__crc.dir/crc32_sw.c.obj
[anakin:rw] [239/360] Building C object zephyr/subsys/crc/CMakeFiles/subsys__crc.dir/crc32k_4_2_sw.c.obj
[kanix:rw] [199/420] Building C object modules/ec/zephyr/CMakeFiles/ec_shim.dir/shim/chip/npcx/gpio.c.obj
[anakin:ro] [248/360] Linking C static library zephyr/drivers/bbram/libdrivers__bbram.a
[kanix:rw] [200/420] Building C object modules/ec/zephyr/CMakeFiles/ec_shim.dir/shim/chip/npcx/keyboard_raw.c.obj
[anakin:ro] [249/360] Building C object zephyr/drivers/console/CMakeFiles/drivers__console.dir/uart_console.c.obj
[kanix:rw] [201/420] Building C object modules/ec/zephyr/CMakeFiles/ec_shim.dir/shim/chip/npcx/system.c.obj
[anakin:rw] [240/360] Linking C static library zephyr/subsys/crc/libsubsys__crc.a
[anakin:ro] [250/360] Linking C static library zephyr/drivers/console/libdrivers__console.a
[anakin:rw] [241/360] Building C object zephyr/drivers/interrupt_controller/CMakeFiles/drivers__interrupt_controller.dir/intc_ite_it8xxx2_v2.c.obj
[kanix:rw] [202/420] Building C object modules/ec/zephyr/CMakeFiles/ec_shim.dir/shim/chip/npcx/system_external_storage.c.obj
[anakin:ro] [251/360] Building C object zephyr/drivers/crypto/CMakeFiles/drivers__crypto.dir/crypto_it8xxx2_sha_v2.c.obj
[anakin:rw] [242/360] Building C object zephyr/drivers/interrupt_controller/CMakeFiles/drivers__interrupt_controller.dir/wuc_ite_it8xxx2.c.obj
[kanix:rw] [203/420] Building C object modules/ec/zephyr/CMakeFiles/ec_shim.dir/shim/chip/npcx/power_policy.c.obj
[kanix:rw] [204/420] Building C object modules/ec/zephyr/CMakeFiles/ec_shim.dir/shim/core/cortex-m/panic.c.obj
[kanix:rw] [205/420] Building C object modules/ec/zephyr/CMakeFiles/ec_shim.dir/shim/src/crc.c.obj
[anakin:ro] [252/360] Linking C static library zephyr/drivers/crypto/libdrivers__crypto.a
[anakin:rw] [243/360] Linking C static library zephyr/drivers/interrupt_controller/libdrivers__interrupt_controller.a
[anakin:ro] [253/360] Building C object zephyr/drivers/flash/CMakeFiles/drivers__flash.dir/flash_ite_it8xxx2.c.obj
[anakin:rw] [244/360] Building C object zephyr/drivers/adc/CMakeFiles/drivers__adc.dir/adc_common.c.obj
[kanix:rw] [206/420] Building C object modules/ec/zephyr/CMakeFiles/ec_shim.dir/shim/core/cortex-m/mpu.c.obj
[anakin:rw] [245/360] Building C object zephyr/drivers/adc/CMakeFiles/drivers__adc.dir/adc_ite_it8xxx2.c.obj
[anakin:ro] [254/360] Linking C static library zephyr/drivers/flash/libdrivers__flash.a
[anakin:ro] [255/360] Building C object zephyr/drivers/gpio/CMakeFiles/drivers__gpio.dir/gpio_ite_it8xxx2_v2.c.obj
[anakin:rw] [246/360] Linking C static library zephyr/drivers/adc/libdrivers__adc.a
[anakin:ro] [256/360] Linking C static library zephyr/drivers/gpio/libdrivers__gpio.a
[anakin:rw] [247/360] Building C object zephyr/drivers/bbram/CMakeFiles/drivers__bbram.dir/bbram_it8xxx2.c.obj
[anakin:ro] [257/360] Building C object zephyr/drivers/i2c/CMakeFiles/drivers__i2c.dir/i2c_common.c.obj
[anakin:ro] [258/360] Building C object zephyr/drivers/i2c/CMakeFiles/drivers__i2c.dir/i2c_bitbang.c.obj
[helipilot:ro] Parsing /mnt/host/source/src/platform/ec/zephyr/program/fpmcu/Kconfig
[anakin:ro] [259/360] Building C object zephyr/drivers/i2c/CMakeFiles/drivers__i2c.dir/i2c_shell.c.obj
[anakin:rw] [248/360] Linking C static library zephyr/drivers/bbram/libdrivers__bbram.a
[anakin:ro] [260/360] Building C object zephyr/drivers/i2c/CMakeFiles/drivers__i2c.dir/i2c_ite_enhance.c.obj
[anakin:rw] [249/360] Building C object zephyr/drivers/console/CMakeFiles/drivers__console.dir/uart_console.c.obj
[anakin:ro] [261/360] Linking C static library zephyr/drivers/i2c/libdrivers__i2c.a
[anakin:ro] [262/360] Building C object zephyr/drivers/pinctrl/CMakeFiles/drivers__pinctrl.dir/common.c.obj
[anakin:ro] [263/360] Building C object zephyr/drivers/pinctrl/CMakeFiles/drivers__pinctrl.dir/pinctrl_ite_it8xxx2.c.obj
[anakin:rw] [250/360] Linking C static library zephyr/drivers/console/libdrivers__console.a
[anakin:rw] [251/360] Building C object zephyr/drivers/crypto/CMakeFiles/drivers__crypto.dir/crypto_it8xxx2_sha_v2.c.obj
[anakin:ro] [264/360] Linking C static library zephyr/drivers/pinctrl/libdrivers__pinctrl.a
[/mnt/host/source/src/platform/ec/build/zephyr/domika-lcov]   /mnt/host/source/src/platform/ec/build/zephyr/domika/build-rw/CMakeFiles/app.dir/mnt/host/source/src/platform/ec/build/zephyr/domika/modules/ec/common/usb_pd_pdo.c.gcno:no functions found
[/mnt/host/source/src/platform/ec/build/zephyr/domika-lcov] stderr:
[anakin:ro] [265/360] Building C object zephyr/drivers/pwm/CMakeFiles/drivers__pwm.dir/pwm_shell.c.obj
[anakin:rw] [252/360] Linking C static library zephyr/drivers/crypto/libdrivers__crypto.a
[anakin:ro] [266/360] Building C object zephyr/drivers/pwm/CMakeFiles/drivers__pwm.dir/pwm_ite_it8xxx2.c.obj
[anakin:rw] [253/360] Building C object zephyr/drivers/flash/CMakeFiles/drivers__flash.dir/flash_ite_it8xxx2.c.obj
[anakin:ro] [267/360] Linking C static library zephyr/drivers/pwm/libdrivers__pwm.a
[anakin:ro] [268/360] Building C object zephyr/drivers/serial/CMakeFiles/drivers__serial.dir/uart_ite_it8xxx2.c.obj
[anakin:rw] [254/360] Linking C static library zephyr/drivers/flash/libdrivers__flash.a
[anakin:rw] [255/360] Building C object zephyr/drivers/gpio/CMakeFiles/drivers__gpio.dir/gpio_ite_it8xxx2_v2.c.obj
[anakin:ro] [269/360] Building C object zephyr/drivers/serial/CMakeFiles/drivers__serial.dir/uart_ns16550.c.obj
[anakin:rw] [256/360] Linking C static library zephyr/drivers/gpio/libdrivers__gpio.a
[kanix:rw] [207/420] Building C object modules/ec/zephyr/CMakeFiles/ec_shim.dir/shim/src/console.c.obj
[anakin:rw] [257/360] Building C object zephyr/drivers/i2c/CMakeFiles/drivers__i2c.dir/i2c_common.c.obj
[anakin:ro] [270/360] Linking C static library zephyr/drivers/serial/libdrivers__serial.a
[anakin:rw] [258/360] Building C object zephyr/drivers/i2c/CMakeFiles/drivers__i2c.dir/i2c_bitbang.c.obj
[anakin:ro] [271/360] Building C object zephyr/drivers/syscon/CMakeFiles/drivers__syscon.dir/mnt/host/source/src/third_party/zephyr/main/misc/empty_file.c.obj
[anakin:rw] [259/360] Building C object zephyr/drivers/i2c/CMakeFiles/drivers__i2c.dir/i2c_shell.c.obj
[anakin:rw] [260/360] Building C object zephyr/drivers/i2c/CMakeFiles/drivers__i2c.dir/i2c_ite_enhance.c.obj
[anakin:ro] [272/360] Linking C static library zephyr/drivers/syscon/libdrivers__syscon.a
[anakin:ro] [273/360] Building C object zephyr/drivers/timer/CMakeFiles/drivers__timer.dir/sys_clock_init.c.obj
[anakin:ro] [274/360] Building C object zephyr/drivers/timer/CMakeFiles/drivers__timer.dir/ite_it8xxx2_timer.c.obj
[anakin:rw] [261/360] Linking C static library zephyr/drivers/i2c/libdrivers__i2c.a
[anakin:rw] [262/360] Building C object zephyr/drivers/pinctrl/CMakeFiles/drivers__pinctrl.dir/common.c.obj
[anakin:rw] [263/360] Building C object zephyr/drivers/pinctrl/CMakeFiles/drivers__pinctrl.dir/pinctrl_ite_it8xxx2.c.obj
[anakin:ro] [275/360] Linking C static library zephyr/drivers/timer/libdrivers__timer.a
[anakin:rw] [264/360] Linking C static library zephyr/drivers/pinctrl/libdrivers__pinctrl.a
[anakin:ro] [276/360] Building C object zephyr/drivers/watchdog/CMakeFiles/drivers__watchdog.dir/wdt_ite_it8xxx2.c.obj
[kanix:rw] [208/420] Building C object modules/ec/zephyr/CMakeFiles/ec_shim.dir/shim/src/gpio.c.obj
[anakin:rw] [265/360] Building C object zephyr/drivers/pwm/CMakeFiles/drivers__pwm.dir/pwm_shell.c.obj
[anakin:ro] [277/360] Building C object zephyr/drivers/watchdog/CMakeFiles/drivers__watchdog.dir/wdt_shell.c.obj
[anakin:rw] [266/360] Building C object zephyr/drivers/pwm/CMakeFiles/drivers__pwm.dir/pwm_ite_it8xxx2.c.obj
[kanix:rw] [209/420] Building C object modules/ec/zephyr/CMakeFiles/ec_shim.dir/shim/src/panic_utils.c.obj
[kanix:rw] [210/420] Building C object modules/ec/zephyr/CMakeFiles/ec_shim.dir/shim/src/cbi/cros_cbi_fw_config.c.obj
[anakin:rw] [267/360] Linking C static library zephyr/drivers/pwm/libdrivers__pwm.a
[kanix:rw] [211/420] Building C object modules/ec/zephyr/CMakeFiles/ec_shim.dir/shim/src/gpio_int.c.obj
[anakin:ro] [278/360] Linking C static library zephyr/drivers/watchdog/libdrivers__watchdog.a
[anakin:rw] [268/360] Building C object zephyr/drivers/serial/CMakeFiles/drivers__serial.dir/uart_ite_it8xxx2.c.obj
[anakin:ro] [279/360] Building C object modules/ec/zephyr/CMakeFiles/ec_shim.dir/app/ec/ec_app_main.c.obj
[anakin:ro] [280/360] Building C object modules/ec/zephyr/CMakeFiles/ec_shim.dir/app/ec/main_shim.c.obj
[anakin:rw] [269/360] Building C object zephyr/drivers/serial/CMakeFiles/drivers__serial.dir/uart_ns16550.c.obj
[kanix:rw] [212/420] Building C object modules/ec/zephyr/CMakeFiles/ec_shim.dir/shim/src/cbi/cros_cbi.c.obj
[anakin:ro] [281/360] Building C object modules/ec/zephyr/CMakeFiles/ec_shim.dir/drivers/cros_flash/cros_flash_it8xxx2.c.obj
[kanix:rw] [213/420] Building C object modules/ec/zephyr/CMakeFiles/ec_shim.dir/shim/src/cbi/cbi_eeprom.c.obj
[anakin:ro] [282/360] Building C object modules/ec/zephyr/CMakeFiles/ec_shim.dir/drivers/cros_kb_raw/cros_kb_raw_ite.c.obj
[anakin:ro] [283/360] Building C object modules/ec/zephyr/CMakeFiles/ec_shim.dir/drivers/cros_system/cros_system_it8xxx2.c.obj
[kanix:rw] [214/420] Building C object modules/ec/zephyr/CMakeFiles/ec_shim.dir/shim/src/pm_state.c.obj
[anakin:rw] [270/360] Linking C static library zephyr/drivers/serial/libdrivers__serial.a
[anakin:ro] [284/360] Building C object modules/ec/zephyr/CMakeFiles/ec_shim.dir/drivers/usbc/pdc_rts54xx.c.obj
[anakin:rw] [271/360] Building C object zephyr/drivers/syscon/CMakeFiles/drivers__syscon.dir/mnt/host/source/src/third_party/zephyr/main/misc/empty_file.c.obj
[anakin:ro] [285/360] Building C object modules/ec/zephyr/CMakeFiles/ec_shim.dir/drivers/usbc/ucsi_v3.c.obj
[anakin:ro] [286/360] Building C object modules/ec/zephyr/CMakeFiles/ec_shim.dir/shim/chip/it8xxx2/clock.c.obj
[anakin:ro] [287/360] Building C object modules/ec/zephyr/CMakeFiles/ec_shim.dir/shim/chip/it8xxx2/gpio.c.obj
[anakin:ro] [288/360] Building C object modules/ec/zephyr/CMakeFiles/ec_shim.dir/shim/chip/it8xxx2/system.c.obj
[kanix:rw] [215/420] Building ASM object modules/ec/zephyr/CMakeFiles/ec_shim.dir/shim/src/libgcc_arm.S.obj
[anakin:ro] [289/360] Building C object modules/ec/zephyr/CMakeFiles/ec_shim.dir/shim/chip/it8xxx2/keyboard_raw.c.obj
[anakin:rw] [272/360] Linking C static library zephyr/drivers/syscon/libdrivers__syscon.a
[anakin:ro] [290/360] Building C object modules/ec/zephyr/CMakeFiles/ec_shim.dir/shim/chip/it8xxx2/power_policy.c.obj
[helipilot:ro] Loaded configuration '/mnt/host/source/src/third_party/zephyr/main/boards/google/quincy/google_quincy_defconfig'
[helipilot:ro] Merged configuration '/mnt/host/source/src/platform/ec/zephyr/program/fpmcu/prj.conf'
[helipilot:ro] Merged configuration '/mnt/host/source/src/platform/ec/zephyr/program/fpmcu/helipilot/prj.conf'
[helipilot:ro] Merged configuration '/mnt/host/source/src/platform/ec/zephyr/program/fpmcu/helipilot/ec_quirks.conf'
[helipilot:ro] Merged configuration '/mnt/host/source/src/platform/ec/build/zephyr/helipilot/kconfig-ro.conf'
[helipilot:ro] Configuration saved to '/mnt/host/source/src/platform/ec/build/zephyr/helipilot/build-ro/zephyr/.config'
[helipilot:ro] Kconfig header saved to '/mnt/host/source/src/platform/ec/build/zephyr/helipilot/build-ro/zephyr/include/generated/zephyr/autoconf.h'
[helipilot:ro] -- Found LlvmLld: /usr/bin/armv7m-cros-eabi-ld.lld (found suitable version "21.0.0", minimum required is "14.0.0")
[anakin:rw] [273/360] Building C object zephyr/drivers/timer/CMakeFiles/drivers__timer.dir/sys_clock_init.c.obj
[anakin:ro] [291/360] Building C object modules/ec/zephyr/CMakeFiles/ec_shim.dir/shim/chip/it8xxx2/shi.c.obj
[anakin:rw] [274/360] Building C object zephyr/drivers/timer/CMakeFiles/drivers__timer.dir/ite_it8xxx2_timer.c.obj
[anakin:ro] [292/360] Building C object modules/ec/zephyr/CMakeFiles/ec_shim.dir/shim/src/console.c.obj
[anakin:ro] [293/360] Building C object modules/ec/zephyr/CMakeFiles/ec_shim.dir/shim/src/crc.c.obj
[starmie:rw] warning: PLATFORM_EC_GMR_TABLET_MODE (defined at
[starmie:rw] /mnt/host/source/src/platform/ec/zephyr/Kconfig.tabletmode:22) was assigned the value 'y' but got
[starmie:rw] the value 'n'. Check these unsatisfied dependencies: PLATFORM_EC_TABLET_MODE (=n). See
[starmie:rw] http://docs.zephyrproject.org/latest/kconfig.html#CONFIG_PLATFORM_EC_GMR_TABLET_MODE and/or look up
[starmie:rw] PLATFORM_EC_GMR_TABLET_MODE in the menuconfig/guiconfig interface. The Application Development
[starmie:rw] Primer, Setting Configuration Values, and Kconfig - Tips and Best Practices sections of the manual
[starmie:rw] might be helpful too.
[starmie:rw] warning: PLATFORM_EC_USB_PORT_POWER_DUMB_CUSTOM_HOOK (defined at
[starmie:rw] /mnt/host/source/src/platform/ec/zephyr/Kconfig.usba:49) was assigned the value 'y' but got the
[starmie:rw] value 'n'. Check these unsatisfied dependencies: PLATFORM_EC_USB_PORT_POWER_DUMB (=n),
[starmie:rw] PLATFORM_EC_USBA (=n). See
[starmie:rw] http://docs.zephyrproject.org/latest/kconfig.html#CONFIG_PLATFORM_EC_USB_PORT_POWER_DUMB_CUSTOM_HOOK
[starmie:rw] and/or look up PLATFORM_EC_USB_PORT_POWER_DUMB_CUSTOM_HOOK in the menuconfig/guiconfig interface.
[starmie:rw] The Application Development Primer, Setting Configuration Values, and Kconfig - Tips and Best
[starmie:rw] Practices sections of the manual might be helpful too.
[starmie:rw] warning: PLATFORM_EC_BC12_CLIENT_MODE_ONLY_PI3USB9201 (defined at
[starmie:rw] /mnt/host/source/src/platform/ec/zephyr/Kconfig.usb_charger:53) was assigned the value 'y' but got
[starmie:rw] the value 'n'. Check these unsatisfied dependencies: PLATFORM_EC_BC12_DETECT_PI3USB9201 (=n),
[starmie:rw] PLATFORM_EC_USB_CHARGER (=n). See http://docs.zephyrproject.org/latest/kconfig.html#CONFIG_PLATFORM_
[starmie:rw] EC_BC12_CLIENT_MODE_ONLY_PI3USB9201 and/or look up PLATFORM_EC_BC12_CLIENT_MODE_ONLY_PI3USB9201 in
[starmie:rw] the menuconfig/guiconfig interface. The Application Development Primer, Setting Configuration
[starmie:rw] Values, and Kconfig - Tips and Best Practices sections of the manual might be helpful too.
[starmie:rw] warning: The choice symbol PLATFORM_EC_ACCELGYRO_ICM_COMM_I2C (defined at
[starmie:rw] /mnt/host/source/src/platform/ec/zephyr/Kconfig.accelgyro_icm:23) was selected (set =y), but no
[starmie:rw] symbol ended up as the choice selection. See
[starmie:rw] http://docs.zephyrproject.org/latest/kconfig.html#CONFIG_PLATFORM_EC_ACCELGYRO_ICM_COMM_I2C and/or
[starmie:rw] look up PLATFORM_EC_ACCELGYRO_ICM_COMM_I2C in the menuconfig/guiconfig interface. The Application
[starmie:rw] Development Primer, Setting Configuration Values, and Kconfig - Tips and Best Practices sections of
[starmie:rw] the manual might be helpful too.
[starmie:rw] warning: The choice symbol PLATFORM_EC_USB_PD_FRS_PPC (defined at
[starmie:rw] /mnt/host/source/src/platform/ec/zephyr/Kconfig.pd_frs:29) was selected (set =y), but no symbol
[starmie:rw] ended up as the choice selection. See
[starmie:rw] http://docs.zephyrproject.org/latest/kconfig.html#CONFIG_PLATFORM_EC_USB_PD_FRS_PPC and/or look up
[starmie:rw] PLATFORM_EC_USB_PD_FRS_PPC in the menuconfig/guiconfig interface. The Application Development
[starmie:rw] Primer, Setting Configuration Values, and Kconfig - Tips and Best Practices sections of the manual
[starmie:rw] might be helpful too.
[starmie:rw] warning: Deprecated symbol I2C_ALLOW_NO_STOP_TRANSACTIONS is enabled.
[anakin:ro] [294/360] Building C object modules/ec/zephyr/CMakeFiles/ec_shim.dir/shim/src/gpio.c.obj
[anakin:ro] [295/360] Building C object modules/ec/zephyr/CMakeFiles/ec_shim.dir/shim/src/gpio_int.c.obj
[anakin:ro] [296/360] Building C object modules/ec/zephyr/CMakeFiles/ec_shim.dir/shim/src/panic_utils.c.obj
[helipilot:ro] -- The C compiler identification is Clang 21.0.0
[anakin:rw] [275/360] Linking C static library zephyr/drivers/timer/libdrivers__timer.a
[starmie:ro] warning: PLATFORM_EC_GMR_TABLET_MODE (defined at
[starmie:ro] /mnt/host/source/src/platform/ec/zephyr/Kconfig.tabletmode:22) was assigned the value 'y' but got
[starmie:ro] the value 'n'. Check these unsatisfied dependencies: PLATFORM_EC_TABLET_MODE (=n). See
[starmie:ro] http://docs.zephyrproject.org/latest/kconfig.html#CONFIG_PLATFORM_EC_GMR_TABLET_MODE and/or look up
[starmie:ro] PLATFORM_EC_GMR_TABLET_MODE in the menuconfig/guiconfig interface. The Application Development
[starmie:ro] Primer, Setting Configuration Values, and Kconfig - Tips and Best Practices sections of the manual
[starmie:ro] might be helpful too.
[starmie:ro] warning: PLATFORM_EC_USB_PORT_POWER_DUMB_CUSTOM_HOOK (defined at
[starmie:ro] /mnt/host/source/src/platform/ec/zephyr/Kconfig.usba:49) was assigned the value 'y' but got the
[starmie:ro] value 'n'. Check these unsatisfied dependencies: PLATFORM_EC_USB_PORT_POWER_DUMB (=n),
[starmie:ro] PLATFORM_EC_USBA (=n). See
[starmie:ro] http://docs.zephyrproject.org/latest/kconfig.html#CONFIG_PLATFORM_EC_USB_PORT_POWER_DUMB_CUSTOM_HOOK
[starmie:ro] and/or look up PLATFORM_EC_USB_PORT_POWER_DUMB_CUSTOM_HOOK in the menuconfig/guiconfig interface.
[starmie:ro] The Application Development Primer, Setting Configuration Values, and Kconfig - Tips and Best
[starmie:ro] Practices sections of the manual might be helpful too.
[starmie:ro] warning: PLATFORM_EC_BC12_CLIENT_MODE_ONLY_PI3USB9201 (defined at
[starmie:ro] /mnt/host/source/src/platform/ec/zephyr/Kconfig.usb_charger:53) was assigned the value 'y' but got
[starmie:ro] the value 'n'. Check these unsatisfied dependencies: PLATFORM_EC_BC12_DETECT_PI3USB9201 (=n),
[starmie:ro] PLATFORM_EC_USB_CHARGER (=n). See http://docs.zephyrproject.org/latest/kconfig.html#CONFIG_PLATFORM_
[starmie:ro] EC_BC12_CLIENT_MODE_ONLY_PI3USB9201 and/or look up PLATFORM_EC_BC12_CLIENT_MODE_ONLY_PI3USB9201 in
[starmie:ro] the menuconfig/guiconfig interface. The Application Development Primer, Setting Configuration
[starmie:ro] Values, and Kconfig - Tips and Best Practices sections of the manual might be helpful too.
[starmie:ro] warning: The choice symbol PLATFORM_EC_ACCELGYRO_ICM_COMM_I2C (defined at
[starmie:ro] /mnt/host/source/src/platform/ec/zephyr/Kconfig.accelgyro_icm:23) was selected (set =y), but no
[starmie:ro] symbol ended up as the choice selection. See
[starmie:ro] http://docs.zephyrproject.org/latest/kconfig.html#CONFIG_PLATFORM_EC_ACCELGYRO_ICM_COMM_I2C and/or
[starmie:ro] look up PLATFORM_EC_ACCELGYRO_ICM_COMM_I2C in the menuconfig/guiconfig interface. The Application
[starmie:ro] Development Primer, Setting Configuration Values, and Kconfig - Tips and Best Practices sections of
[starmie:ro] the manual might be helpful too.
[starmie:ro] warning: The choice symbol PLATFORM_EC_USB_PD_FRS_PPC (defined at
[starmie:ro] /mnt/host/source/src/platform/ec/zephyr/Kconfig.pd_frs:29) was selected (set =y), but no symbol
[starmie:ro] ended up as the choice selection. See
[starmie:ro] http://docs.zephyrproject.org/latest/kconfig.html#CONFIG_PLATFORM_EC_USB_PD_FRS_PPC and/or look up
[starmie:ro] PLATFORM_EC_USB_PD_FRS_PPC in the menuconfig/guiconfig interface. The Application Development
[starmie:ro] Primer, Setting Configuration Values, and Kconfig - Tips and Best Practices sections of the manual
[starmie:ro] might be helpful too.
[starmie:ro] warning: Deprecated symbol I2C_ALLOW_NO_STOP_TRANSACTIONS is enabled.
[anakin:ro] [297/360] Building C object modules/ec/zephyr/CMakeFiles/ec_shim.dir/shim/src/pm_state.c.obj
[anakin:rw] [276/360] Building C object zephyr/drivers/watchdog/CMakeFiles/drivers__watchdog.dir/wdt_ite_it8xxx2.c.obj
[anakin:ro] [298/360] Building C object modules/ec/zephyr/CMakeFiles/ec_shim.dir/shim/src/cbi/cros_cbi.c.obj
[anakin:rw] [277/360] Building C object zephyr/drivers/watchdog/CMakeFiles/drivers__watchdog.dir/wdt_shell.c.obj
[anakin:ro] [299/360] Building C object modules/ec/zephyr/CMakeFiles/ec_shim.dir/shim/src/cbi/cros_cbi_fw_config.c.obj
[anakin:ro] [300/360] Building C object modules/ec/zephyr/CMakeFiles/ec_shim.dir/shim/src/cbi/cros_cbi_ssfc.c.obj
[anakin:ro] [301/360] Building C object modules/ec/zephyr/CMakeFiles/ec_shim.dir/shim/src/cbi/cbi_flash.c.obj
[anakin:rw] [278/360] Linking C static library zephyr/drivers/watchdog/libdrivers__watchdog.a
[anakin:rw] [279/360] Building C object modules/ec/zephyr/CMakeFiles/ec_shim.dir/app/ec/ec_app_main.c.obj
[helipilot:ro] -- The CXX compiler identification is Clang 21.0.0
[anakin:ro] [302/360] Building C object modules/ec/zephyr/CMakeFiles/ec_shim.dir/shim/src/led_driver/led.c.obj
[anakin:ro] [303/360] Building C object modules/ec/zephyr/CMakeFiles/ec_shim.dir/shim/src/led_driver/led_pwm.c.obj
[anakin:rw] [280/360] Building C object modules/ec/zephyr/CMakeFiles/ec_shim.dir/app/ec/main_shim.c.obj
[anakin:rw] [281/360] Building C object modules/ec/zephyr/CMakeFiles/ec_shim.dir/drivers/cros_flash/cros_flash_it8xxx2.c.obj
[anakin:ro] [304/360] Building C object modules/ec/zephyr/CMakeFiles/ec_shim.dir/shim/src/system.c.obj
[anakin:rw] [282/360] Building C object modules/ec/zephyr/CMakeFiles/ec_shim.dir/drivers/cros_kb_raw/cros_kb_raw_ite.c.obj
[anakin:ro] [305/360] Building C object modules/ec/zephyr/CMakeFiles/ec_shim.dir/shim/src/pdc_shim.c.obj
[anakin:rw] [283/360] Building C object modules/ec/zephyr/CMakeFiles/ec_shim.dir/drivers/cros_system/cros_system_it8xxx2.c.obj
[anakin:ro] [306/360] Building C object modules/ec/zephyr/CMakeFiles/ec_shim.dir/shim/src/adc.c.obj
[anakin:rw] [284/360] Building C object modules/ec/zephyr/CMakeFiles/ec_shim.dir/drivers/usbc/pdc_rts54xx.c.obj
[anakin:ro] [307/360] Building C object modules/ec/zephyr/CMakeFiles/ec_shim.dir/shim/src/battery.c.obj
[anakin:rw] [285/360] Building C object modules/ec/zephyr/CMakeFiles/ec_shim.dir/drivers/usbc/ucsi_v3.c.obj
[anakin:rw] [286/360] Building C object modules/ec/zephyr/CMakeFiles/ec_shim.dir/shim/chip/it8xxx2/clock.c.obj
[anakin:ro] [308/360] Building C object modules/ec/zephyr/CMakeFiles/ec_shim.dir/shim/src/charger.c.obj
[anakin:rw] [287/360] Building C object modules/ec/zephyr/CMakeFiles/ec_shim.dir/shim/chip/it8xxx2/gpio.c.obj
[anakin:ro] [309/360] Building C object modules/ec/zephyr/CMakeFiles/ec_shim.dir/shim/src/flash.c.obj
[kanix:rw] [216/420] Building C object modules/ec/zephyr/CMakeFiles/ec_shim.dir/shim/src/cbi/cbi_flash.c.obj
[helipilot:ro] -- The ASM compiler identification is Clang with GNU-like command-line
[helipilot:ro] -- Found assembler: /usr/bin/armv7m-cros-eabi-clang
[anakin:ro] [310/360] Building C object modules/ec/zephyr/CMakeFiles/ec_shim.dir/shim/src/hooks.c.obj
[anakin:rw] [288/360] Building C object modules/ec/zephyr/CMakeFiles/ec_shim.dir/shim/chip/it8xxx2/system.c.obj
[anakin:ro] [311/360] Building C object modules/ec/zephyr/CMakeFiles/ec_shim.dir/shim/src/host_command.c.obj
[anakin:rw] [289/360] Building C object modules/ec/zephyr/CMakeFiles/ec_shim.dir/shim/chip/it8xxx2/keyboard_raw.c.obj
[anakin:ro] [312/360] Building C object modules/ec/zephyr/CMakeFiles/ec_shim.dir/shim/src/console_buffer.c.obj
[anakin:rw] [290/360] Building C object modules/ec/zephyr/CMakeFiles/ec_shim.dir/shim/chip/it8xxx2/power_policy.c.obj
[anakin:ro] [313/360] Building C object modules/ec/zephyr/CMakeFiles/ec_shim.dir/shim/src/keyboard_raw.c.obj
[anakin:rw] [291/360] Building C object modules/ec/zephyr/CMakeFiles/ec_shim.dir/shim/chip/it8xxx2/shi.c.obj
[anakin:ro] [314/360] Building C object modules/ec/zephyr/CMakeFiles/ec_shim.dir/shim/src/keyscan.c.obj
[anakin:ro] [315/360] Building C object modules/ec/zephyr/CMakeFiles/ec_shim.dir/shim/src/mkbp_event.c.obj
[anakin:rw] [292/360] Building C object modules/ec/zephyr/CMakeFiles/ec_shim.dir/shim/src/console.c.obj
[anakin:ro] [316/360] Building C object modules/ec/zephyr/CMakeFiles/ec_shim.dir/shim/src/motionsense_sensors.c.obj
[anakin:ro] [317/360] Building C object modules/ec/zephyr/CMakeFiles/ec_shim.dir/shim/src/panic.c.obj
[anakin:ro] [318/360] Building C object modules/ec/zephyr/CMakeFiles/ec_shim.dir/shim/src/power.c.obj
[anakin:rw] [293/360] Building C object modules/ec/zephyr/CMakeFiles/ec_shim.dir/shim/src/crc.c.obj
[anakin:ro] [319/360] Building C object modules/ec/zephyr/CMakeFiles/ec_shim.dir/shim/src/temp_sensors.c.obj
[anakin:rw] [294/360] Building C object modules/ec/zephyr/CMakeFiles/ec_shim.dir/shim/src/gpio.c.obj
[anakin:ro] [320/360] Building C object modules/ec/zephyr/CMakeFiles/ec_shim.dir/shim/src/thermal.c.obj
[anakin:rw] [295/360] Building C object modules/ec/zephyr/CMakeFiles/ec_shim.dir/shim/src/gpio_int.c.obj
[anakin:ro] [321/360] Building C object modules/ec/zephyr/CMakeFiles/ec_shim.dir/shim/src/hwtimer.c.obj
[anakin:rw] [296/360] Building C object modules/ec/zephyr/CMakeFiles/ec_shim.dir/shim/src/panic_utils.c.obj
[anakin:ro] [322/360] Building C object modules/ec/zephyr/CMakeFiles/ec_shim.dir/shim/src/i2c.c.obj
[anakin:rw] [297/360] Building C object modules/ec/zephyr/CMakeFiles/ec_shim.dir/shim/src/pm_state.c.obj
[anakin:rw] [298/360] Building C object modules/ec/zephyr/CMakeFiles/ec_shim.dir/shim/src/cbi/cros_cbi.c.obj
[kanix:rw] [217/420] Building C object modules/ec/zephyr/CMakeFiles/ec_shim.dir/shim/src/led_driver/led_gpio.c.obj
[anakin:ro] [323/360] Building C object modules/ec/zephyr/CMakeFiles/ec_shim.dir/shim/src/tasks.c.obj
[anakin:ro] [324/360] Building C object modules/ec/zephyr/CMakeFiles/ec_shim.dir/shim/src/watchdog.c.obj
[anakin:rw] [299/360] Building C object modules/ec/zephyr/CMakeFiles/ec_shim.dir/shim/src/cbi/cros_cbi_fw_config.c.obj
[anakin:ro] [325/360] Building C object modules/ec/zephyr/CMakeFiles/ec_shim.dir/shim/src/usba.c.obj
[anakin:rw] [300/360] Building C object modules/ec/zephyr/CMakeFiles/ec_shim.dir/shim/src/cbi/cros_cbi_ssfc.c.obj
[anakin:rw] [301/360] Building C object modules/ec/zephyr/CMakeFiles/ec_shim.dir/shim/src/cbi/cbi_flash.c.obj
[anakin:ro] [326/360] Building C object modules/ec/zephyr/CMakeFiles/ec_shim.dir/shim/src/sha256_hw.c.obj
[anakin:rw] [302/360] Building C object modules/ec/zephyr/CMakeFiles/ec_shim.dir/shim/src/led_driver/led.c.obj
[starmie:rw] Parsing /mnt/host/source/src/platform/ec/zephyr/program/corsola/Kconfig
[anakin:rw] [303/360] Building C object modules/ec/zephyr/CMakeFiles/ec_shim.dir/shim/src/led_driver/led_pwm.c.obj
[kanix:rw] [218/420] Building C object modules/ec/zephyr/CMakeFiles/ec_shim.dir/shim/src/battery.c.obj
[anakin:rw] [304/360] Building C object modules/ec/zephyr/CMakeFiles/ec_shim.dir/shim/src/system.c.obj
[starmie:ro] Parsing /mnt/host/source/src/platform/ec/zephyr/program/corsola/Kconfig
[anakin:rw] [305/360] Building C object modules/ec/zephyr/CMakeFiles/ec_shim.dir/shim/src/pdc_shim.c.obj
[kanix:rw] [219/420] Building C object modules/ec/zephyr/CMakeFiles/ec_shim.dir/shim/src/led_driver/led.c.obj
[anakin:rw] [306/360] Building C object modules/ec/zephyr/CMakeFiles/ec_shim.dir/shim/src/adc.c.obj
[anakin:rw] [307/360] Building C object modules/ec/zephyr/CMakeFiles/ec_shim.dir/shim/src/battery.c.obj
[kanix:rw] [220/420] Building C object modules/ec/zephyr/CMakeFiles/ec_shim.dir/shim/src/system.c.obj
[anakin:rw] [308/360] Building C object modules/ec/zephyr/CMakeFiles/ec_shim.dir/shim/src/charger.c.obj
[kanix:rw] [221/420] Building C object modules/ec/zephyr/CMakeFiles/ec_shim.dir/shim/src/anx7452_usb_mux.c.obj
[anakin:ro] [327/360] Linking C static library modules/ec/zephyr/libec_shim.a
[anakin:rw] [309/360] Building C object modules/ec/zephyr/CMakeFiles/ec_shim.dir/shim/src/flash.c.obj
[anakin:ro] [328/360] Building C object zephyr/kernel/CMakeFiles/kernel.dir/main_weak.c.obj
[anakin:rw] [310/360] Building C object modules/ec/zephyr/CMakeFiles/ec_shim.dir/shim/src/hooks.c.obj
[kanix:rw] [222/420] Building C object modules/ec/zephyr/CMakeFiles/ec_shim.dir/shim/src/adc.c.obj
[anakin:rw] [311/360] Building C object modules/ec/zephyr/CMakeFiles/ec_shim.dir/shim/src/host_command.c.obj
[anakin:ro] [329/360] Building C object zephyr/kernel/CMakeFiles/kernel.dir/banner.c.obj
[anakin:rw] [312/360] Building C object modules/ec/zephyr/CMakeFiles/ec_shim.dir/shim/src/console_buffer.c.obj
[anakin:ro] [330/360] Building C object zephyr/kernel/CMakeFiles/kernel.dir/busy_wait.c.obj
[anakin:rw] [313/360] Building C object modules/ec/zephyr/CMakeFiles/ec_shim.dir/shim/src/keyboard_raw.c.obj
[anakin:ro] [331/360] Building C object zephyr/kernel/CMakeFiles/kernel.dir/device.c.obj
[anakin:ro] [332/360] Building C object zephyr/kernel/CMakeFiles/kernel.dir/errno.c.obj
[anakin:rw] [314/360] Building C object modules/ec/zephyr/CMakeFiles/ec_shim.dir/shim/src/keyscan.c.obj
[anakin:ro] [333/360] Building C object zephyr/kernel/CMakeFiles/kernel.dir/fatal.c.obj
[anakin:rw] [315/360] Building C object modules/ec/zephyr/CMakeFiles/ec_shim.dir/shim/src/mkbp_event.c.obj
[anakin:ro] [334/360] Building C object zephyr/kernel/CMakeFiles/kernel.dir/init.c.obj
[anakin:rw] [316/360] Building C object modules/ec/zephyr/CMakeFiles/ec_shim.dir/shim/src/motionsense_sensors.c.obj
[anakin:ro] [335/360] Building C object zephyr/kernel/CMakeFiles/kernel.dir/kheap.c.obj
[kanix:rw] [223/420] Building C object modules/ec/zephyr/CMakeFiles/ec_shim.dir/shim/src/charger.c.obj
[anakin:ro] [336/360] Building C object zephyr/kernel/CMakeFiles/kernel.dir/mem_slab.c.obj
[anakin:rw] [317/360] Building C object modules/ec/zephyr/CMakeFiles/ec_shim.dir/shim/src/panic.c.obj
[anakin:ro] [337/360] Building C object zephyr/kernel/CMakeFiles/kernel.dir/float.c.obj
[anakin:rw] [318/360] Building C object modules/ec/zephyr/CMakeFiles/ec_shim.dir/shim/src/power.c.obj
[anakin:ro] [338/360] Building C object zephyr/kernel/CMakeFiles/kernel.dir/version.c.obj
[anakin:rw] [319/360] Building C object modules/ec/zephyr/CMakeFiles/ec_shim.dir/shim/src/temp_sensors.c.obj
[anakin:ro] [339/360] Building C object zephyr/kernel/CMakeFiles/kernel.dir/idle.c.obj
[anakin:rw] [320/360] Building C object modules/ec/zephyr/CMakeFiles/ec_shim.dir/shim/src/thermal.c.obj
[anakin:rw] [321/360] Building C object modules/ec/zephyr/CMakeFiles/ec_shim.dir/shim/src/hwtimer.c.obj
[anakin:ro] [340/360] Building C object zephyr/kernel/CMakeFiles/kernel.dir/mailbox.c.obj
[helipilot:ro] -- Performing EC specific devicetree checks
[anakin:ro] [341/360] Building C object zephyr/kernel/CMakeFiles/kernel.dir/msg_q.c.obj
[anakin:rw] [322/360] Building C object modules/ec/zephyr/CMakeFiles/ec_shim.dir/shim/src/i2c.c.obj
[anakin:ro] [342/360] Building C object zephyr/kernel/CMakeFiles/kernel.dir/mutex.c.obj
[anakin:rw] [323/360] Building C object modules/ec/zephyr/CMakeFiles/ec_shim.dir/shim/src/tasks.c.obj
[anakin:ro] [343/360] Building C object zephyr/kernel/CMakeFiles/kernel.dir/queue.c.obj
[anakin:ro] [344/360] Building C object zephyr/kernel/CMakeFiles/kernel.dir/sem.c.obj
[anakin:ro] [345/360] Building C object zephyr/kernel/CMakeFiles/kernel.dir/stack.c.obj
[anakin:ro] [346/360] Building C object zephyr/kernel/CMakeFiles/kernel.dir/system_work_q.c.obj
[anakin:rw] [324/360] Building C object modules/ec/zephyr/CMakeFiles/ec_shim.dir/shim/src/watchdog.c.obj
[anakin:rw] [325/360] Building C object modules/ec/zephyr/CMakeFiles/ec_shim.dir/shim/src/usba.c.obj
[anakin:ro] [347/360] Building C object zephyr/kernel/CMakeFiles/kernel.dir/work.c.obj
[anakin:ro] [348/360] Building C object zephyr/kernel/CMakeFiles/kernel.dir/condvar.c.obj
[anakin:rw] [326/360] Building C object modules/ec/zephyr/CMakeFiles/ec_shim.dir/shim/src/sha256_hw.c.obj
[anakin:ro] [349/360] Building C object zephyr/kernel/CMakeFiles/kernel.dir/thread.c.obj
[anakin:ro] [350/360] Building C object zephyr/kernel/CMakeFiles/kernel.dir/sched.c.obj
[anakin:ro] [351/360] Building C object zephyr/kernel/CMakeFiles/kernel.dir/pipe.c.obj
[anakin:ro] [352/360] Building C object zephyr/kernel/CMakeFiles/kernel.dir/spinlock_validate.c.obj
[helipilot:ro] INFO: Verified 7 GPIOs, no duplicates found
[helipilot:ro] INFO: Verified 3 '*-gpios' properties, all flags match.
[helipilot:ro] INFO: Skipped 1 named-gpios children.
[anakin:ro] [353/360] Building C object zephyr/kernel/CMakeFiles/kernel.dir/thread_monitor.c.obj
[anakin:ro] [354/360] Building C object zephyr/kernel/CMakeFiles/kernel.dir/timeout.c.obj
[anakin:rw] [327/360] Linking C static library modules/ec/zephyr/libec_shim.a
[anakin:ro] [355/360] Building C object zephyr/kernel/CMakeFiles/kernel.dir/timer.c.obj
[anakin:rw] [328/360] Building C object zephyr/kernel/CMakeFiles/kernel.dir/main_weak.c.obj
[anakin:ro] [356/360] Building C object zephyr/kernel/CMakeFiles/kernel.dir/poll.c.obj
[anakin:ro] [357/360] Building C object zephyr/kernel/CMakeFiles/kernel.dir/events.c.obj
[anakin:rw] [329/360] Building C object zephyr/kernel/CMakeFiles/kernel.dir/banner.c.obj
[anakin:ro] [358/360] Building C object zephyr/kernel/CMakeFiles/kernel.dir/mempool.c.obj
[anakin:ro] [359/360] Building C object zephyr/kernel/CMakeFiles/kernel.dir/dynamic_disabled.c.obj
[anakin:rw] [330/360] Building C object zephyr/kernel/CMakeFiles/kernel.dir/busy_wait.c.obj
[anakin:rw] [331/360] Building C object zephyr/kernel/CMakeFiles/kernel.dir/device.c.obj
[anakin:rw] [332/360] Building C object zephyr/kernel/CMakeFiles/kernel.dir/errno.c.obj
[anakin:rw] [333/360] Building C object zephyr/kernel/CMakeFiles/kernel.dir/fatal.c.obj
[anakin:rw] [334/360] Building C object zephyr/kernel/CMakeFiles/kernel.dir/init.c.obj
[anakin:rw] [335/360] Building C object zephyr/kernel/CMakeFiles/kernel.dir/kheap.c.obj
[helipilot:ro] -- warning_base_override: -Wall;-Wformat;-Wformat-security;-Wno-format-zero-length;-Wno-unused-but-set-variable;-Wno-typedef-redefinition;-Wno-deprecated-non-prototype;-Wno-pointer-sign;-Wpointer-arith;-Wno-main;-Wno-unknown-warning-option;-Wno-arm-interrupt-vfp-clobber;-Wno-extra
[anakin:rw] [336/360] Building C object zephyr/kernel/CMakeFiles/kernel.dir/mem_slab.c.obj
[kanix:rw] [224/420] Building C object modules/ec/zephyr/CMakeFiles/ec_shim.dir/shim/src/chipset_api.c.obj
[anakin:ro] [360/360] Linking C static library zephyr/kernel/libkernel.a
[anakin:rw] [337/360] Building C object zephyr/kernel/CMakeFiles/kernel.dir/float.c.obj
[anakin:rw] [338/360] Building C object zephyr/kernel/CMakeFiles/kernel.dir/version.c.obj
[anakin:rw] [339/360] Building C object zephyr/kernel/CMakeFiles/kernel.dir/idle.c.obj
[anakin:rw] [340/360] Building C object zephyr/kernel/CMakeFiles/kernel.dir/mailbox.c.obj
[anakin:rw] [341/360] Building C object zephyr/kernel/CMakeFiles/kernel.dir/msg_q.c.obj
[anakin:rw] [342/360] Building C object zephyr/kernel/CMakeFiles/kernel.dir/mutex.c.obj
[anakin:rw] [343/360] Building C object zephyr/kernel/CMakeFiles/kernel.dir/queue.c.obj
[anakin:rw] [344/360] Building C object zephyr/kernel/CMakeFiles/kernel.dir/sem.c.obj
[anakin:rw] [345/360] Building C object zephyr/kernel/CMakeFiles/kernel.dir/stack.c.obj
[anakin:rw] [346/360] Building C object zephyr/kernel/CMakeFiles/kernel.dir/system_work_q.c.obj
[anakin:rw] [347/360] Building C object zephyr/kernel/CMakeFiles/kernel.dir/work.c.obj
[starmie:ro] Loaded configuration '/mnt/host/source/src/platform/ec/zephyr/boards/google/it8xxx2/it8xxx2_it81202bx_defconfig'
[starmie:ro] Merged configuration '/mnt/host/source/src/platform/ec/zephyr/program/corsola/program.conf'
[starmie:ro] Merged configuration '/mnt/host/source/src/platform/ec/zephyr/program/corsola/ite_program.conf'
[starmie:ro] Merged configuration '/mnt/host/source/src/platform/ec/zephyr/program/corsola/starmie/project.conf'
[starmie:ro] Merged configuration '/mnt/host/source/src/platform/ec/build/zephyr/starmie/kconfig-ro.conf'
[starmie:ro] Configuration saved to '/mnt/host/source/src/platform/ec/build/zephyr/starmie/build-ro/zephyr/.config'
[starmie:ro] Kconfig header saved to '/mnt/host/source/src/platform/ec/build/zephyr/starmie/build-ro/zephyr/include/generated/zephyr/autoconf.h'
[starmie:ro] -- Found GnuLd: /home/jpmurphy/.cache/coreboot-sdk/riscv64-elf/96b949749225b6aaa92ed810ab769e8dfb12f000/riscv64-elf/bin/ld.bfd (found version "2.43.1")
[anakin:rw] [348/360] Building C object zephyr/kernel/CMakeFiles/kernel.dir/condvar.c.obj
[anakin:rw] [349/360] Building C object zephyr/kernel/CMakeFiles/kernel.dir/thread.c.obj
[starmie:rw] Loaded configuration '/mnt/host/source/src/platform/ec/zephyr/boards/google/it8xxx2/it8xxx2_it81202bx_defconfig'
[starmie:rw] Merged configuration '/mnt/host/source/src/platform/ec/zephyr/program/corsola/program.conf'
[starmie:rw] Merged configuration '/mnt/host/source/src/platform/ec/zephyr/program/corsola/ite_program.conf'
[starmie:rw] Merged configuration '/mnt/host/source/src/platform/ec/zephyr/program/corsola/starmie/project.conf'
[starmie:rw] Merged configuration '/mnt/host/source/src/platform/ec/build/zephyr/starmie/kconfig-rw.conf'
[starmie:rw] Configuration saved to '/mnt/host/source/src/platform/ec/build/zephyr/starmie/build-rw/zephyr/.config'
[starmie:rw] Kconfig header saved to '/mnt/host/source/src/platform/ec/build/zephyr/starmie/build-rw/zephyr/include/generated/zephyr/autoconf.h'
[starmie:rw] -- Found GnuLd: /home/jpmurphy/.cache/coreboot-sdk/riscv64-elf/96b949749225b6aaa92ed810ab769e8dfb12f000/riscv64-elf/bin/ld.bfd (found version "2.43.1")
[anakin:rw] [350/360] Building C object zephyr/kernel/CMakeFiles/kernel.dir/sched.c.obj
[anakin:rw] [351/360] Building C object zephyr/kernel/CMakeFiles/kernel.dir/pipe.c.obj
[kanix:rw] [225/420] Building C object modules/ec/zephyr/CMakeFiles/ec_shim.dir/shim/src/host_command.c.obj
[kanix:rw] [226/420] Building C object modules/ec/zephyr/CMakeFiles/ec_shim.dir/shim/src/espi.c.obj
[anakin:rw] [352/360] Building C object zephyr/kernel/CMakeFiles/kernel.dir/spinlock_validate.c.obj
[anakin:rw] [353/360] Building C object zephyr/kernel/CMakeFiles/kernel.dir/thread_monitor.c.obj
[anakin:rw] [354/360] Building C object zephyr/kernel/CMakeFiles/kernel.dir/timeout.c.obj
[anakin:rw] [355/360] Building C object zephyr/kernel/CMakeFiles/kernel.dir/timer.c.obj
[anakin:rw] [356/360] Building C object zephyr/kernel/CMakeFiles/kernel.dir/poll.c.obj
[anakin:rw] [357/360] Building C object zephyr/kernel/CMakeFiles/kernel.dir/events.c.obj
[anakin:rw] [358/360] Building C object zephyr/kernel/CMakeFiles/kernel.dir/mempool.c.obj
[veluza:ro] Configuring.
[anakin:rw] [359/360] Building C object zephyr/kernel/CMakeFiles/kernel.dir/dynamic_disabled.c.obj
[helipilot:ro] CMake Warning (dev) at /usr/share/cmake/Modules/GNUInstallDirs.cmake:253 (message):
[helipilot:ro]   Unable to determine default CMAKE_INSTALL_LIBDIR directory because no
[helipilot:ro]   target architecture is known.  Please enable at least one language before
[helipilot:ro]   including GNUInstallDirs.
[helipilot:ro] Call Stack (most recent call first):
[helipilot:ro]   /mnt/host/source/src/third_party/boringssl/CMakeLists.txt:25 (include)
[helipilot:ro] This warning is for project developers.  Use -Wno-dev to suppress it.
Running `env -i PYTHONPATH=/usr/lib64/python-exec/python3.11:/mnt/host/source/src/platform/ec/zephyr/zmake:/usr/lib/python311.zip:/usr/lib/python3.11:/usr/lib/python3.11/lib-dynload:/usr/lib/python3.11/site-packages PW_PIGWEED_CIPD_INSTALL_DIR=/usr CROSTC_USER_ACKNOWLEDGES_THAT_RISCV_IS_EXPERIMENTAL=1 PATH=/mnt/host/source/chromite/bin:/usr/local/bin:/usr/bin:/bin:/opt/bin:/mnt/host/source/chromite/sdk/bin:/mnt/host/source/chromite/bin HOME=/home/jpmurphy JAVA_HOME=/etc/java-config-2/current-system-vm JDK_HOME=/etc/java-config-2/current-system-vm JAVAC=/etc/java-config-2/current-system-vm/bin/javac MAKEFLAGS=' -j16 --jobserver-auth=5,6' /usr/bin/cmake -S /mnt/host/source/src/platform/ec/zephyr/program/corsola -B /mnt/host/source/src/platform/ec/build/zephyr/veluza/build-ro -GNinja -DCMAKE_EXPORT_COMPILE_COMMANDS=ON -DZEPHYR_BASE=/mnt/host/source/src/third_party/zephyr/main -DZMAKE_INCLUDE_DIR=/mnt/host/source/src/platform/ec/build/zephyr/veluza/include -DPython3_EXECUTABLE=/usr/bin/python3.11 -DDTS_ROOT=/mnt/host/source/src/platform/ec/zephyr -DSYSCALL_INCLUDE_DIRS=/mnt/host/source/src/platform/ec/zephyr/include/drivers -DUSER_CACHE_DIR=/mnt/host/source/src/platform/ec/build/zephyr/user-cache '-DEXTRA_EC_VERSION_FLAGS=--version 16543.0.0 --static' -DTOOLCHAIN_ROOT=/mnt/host/source/src/platform/ec/zephyr -DCOREBOOT_SDK_ROOT_x86=/home/jpmurphy/.cache/coreboot-sdk/i386-elf/dfbb0486385d938cfa9d73080b9d18d598ed4f49 -DCOREBOOT_SDK_ROOT_picolibc_x86=/home/jpmurphy/.cache/coreboot-sdk/picolibc-i386-elf/eb8e8e687b95461de8cbf278f1c2076952d0ad17 -DCOREBOOT_SDK_ROOT_riscv64=/home/jpmurphy/.cache/coreboot-sdk/riscv64-elf/96b949749225b6aaa92ed810ab769e8dfb12f000 -DCOREBOOT_SDK_ROOT_picolibc_arm=/home/jpmurphy/.cache/coreboot-sdk/picolibc-arm-eabi/422a2aa3e1ef891b5bece9a3deb696ff83840d2e -DCOREBOOT_SDK_ROOT_nds32=/home/jpmurphy/.cache/coreboot-sdk/nds32le-elf/d1a518c4a097666d86058e1444f85ca015d15511 -DCOREBOOT_SDK_ROOT_picolibc_riscv64=/home/jpmurphy/.cache/coreboot-sdk/picolibc-riscv64-elf/f571e990ef0278564b31124f8bb109d9a697eb69 -DCOREBOOT_SDK_ROOT_arm=/home/jpmurphy/.cache/coreboot-sdk/arm-eabi/ea40ddd1d190c3b48435c474c0b545719371813a -DCOREBOOT_SDK_ROOT_libstdcxx_riscv64=/home/jpmurphy/.cache/coreboot-sdk/libstdcxx-riscv64-elf/17abf22a3a252e2d5d2062ced5324f7a623689e0 -DCOREBOOT_SDK_ROOT_libstdcxx_arm=/home/jpmurphy/.cache/coreboot-sdk/libstdcxx-arm-eabi/5d7d82e150e44aa1968f1d366e267e6687b328ac -DCOREBOOT_SDK_ROOT_riscv=/home/jpmurphy/.cache/coreboot-sdk/riscv-elf/9a27b9e82341c6e9126624f516ab3f261abb3e73 -DCOREBOOT_SDK_ROOT_libstdcxx_x86=/home/jpmurphy/.cache/coreboot-sdk/libstdcxx-i386-elf/42ef9d2e87a76a37963175d7d428734e65648b87 -DZEPHYR_TOOLCHAIN_VARIANT=coreboot-sdk -DZEPHYR_MODULES=/mnt/host/source/src/platform/ec/build/zephyr/veluza/modules/ec -DDTC_OVERLAY_FILE=/mnt/host/source/src/platform/ec/zephyr/program/corsola/veluza/project.overlay -DBOARD=it8xxx2/it81202bx -DCMAKE_C_FLAGS=-DSECTION_IS_RO '-DCONF_FILE=/mnt/host/source/src/platform/ec/zephyr/program/corsola/program.conf;/mnt/host/source/src/platform/ec/zephyr/program/corsola/ite_program.conf;/mnt/host/source/src/platform/ec/zephyr/program/corsola/veluza/project.conf;/mnt/host/source/src/platform/ec/build/zephyr/veluza/kconfig-ro.conf'`
[kanix:rw] [227/420] Building C object modules/ec/zephyr/CMakeFiles/ec_shim.dir/shim/src/flash.c.obj
[veluza:ro] Loading Zephyr default modules (Zephyr base (cached)).
[veluza:ro] -- Application: /mnt/host/source/src/platform/ec/zephyr/program/corsola
[veluza:ro] -- CMake version: 3.31.7
[kanix:rw] [228/420] Building C object modules/ec/zephyr/CMakeFiles/ec_shim.dir/shim/src/console_buffer.c.obj
[kanix:rw] [229/420] Building C object modules/ec/zephyr/CMakeFiles/ec_shim.dir/shim/src/hooks.c.obj
[anakin:rw] [360/360] Linking C static library zephyr/kernel/libkernel.a
[kanix:rw] [230/420] Building C object modules/ec/zephyr/CMakeFiles/ec_shim.dir/shim/src/fan.c.obj
[helipilot:ro] -- Found gen_kobject_list: /mnt/host/source/src/third_party/zephyr/main/scripts/build/gen_kobject_list.py
[starmie:ro] -- The C compiler identification is GNU 14.2.0
[kanix:rw] [231/420] Building C object modules/ec/zephyr/CMakeFiles/ec_shim.dir/shim/src/kb8010_usb_mux.c.obj
[starmie:rw] -- The C compiler identification is GNU 14.2.0
[veluza:ro] -- Found Python3: /usr/bin/python3.11 (found suitable version "3.11.11", minimum required is "3.10") found components: Interpreter
[veluza:ro] -- Cache files will be written to: /mnt/host/source/src/platform/ec/build/zephyr/user-cache
[veluza:ro] -- Zephyr version: 4.3.99 (/mnt/host/source/src/third_party/zephyr/main)
[helipilot:ro] -- Configuring done (14.8s)
[starmie:ro] -- The CXX compiler identification is GNU 14.2.0
[starmie:rw] -- The CXX compiler identification is GNU 14.2.0
[starmie:ro] -- The ASM compiler identification is GNU
[starmie:ro] -- Found assembler: /home/jpmurphy/.cache/coreboot-sdk/riscv64-elf/96b949749225b6aaa92ed810ab769e8dfb12f000/bin/riscv64-elf-gcc
[starmie:ro] CMake Warning at /mnt/host/source/src/platform/ec/zephyr/cmake/linker/ld/linker_libraries.cmake:11 (message):
[starmie:ro]   Disabling c_library
[starmie:ro] Call Stack (most recent call first):
[starmie:ro]   /mnt/host/source/src/third_party/zephyr/main/cmake/target_toolchain_flags.cmake:48 (include)
[starmie:ro]   /mnt/host/source/src/third_party/zephyr/main/cmake/modules/kernel.cmake:153 (include)
[starmie:ro]   /mnt/host/source/src/third_party/zephyr/main/cmake/modules/zephyr_default.cmake:138 (include)
[starmie:ro]   /mnt/host/source/src/third_party/zephyr/main/share/zephyr-package/cmake/ZephyrConfig.cmake:66 (include)
[starmie:ro]   /mnt/host/source/src/third_party/zephyr/main/share/zephyr-package/cmake/ZephyrConfig.cmake:97 (include_boilerplate)
[starmie:ro]   CMakeLists.txt:7 (find_package)
[starmie:rw] -- The ASM compiler identification is GNU
[kanix:rw] [232/420] Building C object modules/ec/zephyr/CMakeFiles/ec_shim.dir/shim/src/keyboard_raw.c.obj
[kanix:rw] [233/420] Building C object modules/ec/zephyr/CMakeFiles/ec_shim.dir/shim/src/mkbp_event.c.obj
[starmie:rw] CMake Warning at /mnt/host/source/src/platform/ec/zephyr/cmake/linker/ld/linker_libraries.cmake:11 (message):
[kanix:rw] [234/420] Building C object modules/ec/zephyr/CMakeFiles/ec_shim.dir/shim/src/keyscan.c.obj
[kanix:rw] [235/420] Building C object modules/ec/zephyr/CMakeFiles/ec_shim.dir/shim/src/panic.c.obj
[kanix:rw] [236/420] Building C object modules/ec/zephyr/CMakeFiles/ec_shim.dir/shim/src/pwm_hc.c.obj
[kanix:rw] [237/420] Building C object modules/ec/zephyr/CMakeFiles/ec_shim.dir/shim/src/hwtimer.c.obj
[kanix:rw] [238/420] Building C object modules/ec/zephyr/CMakeFiles/ec_shim.dir/shim/src/thermal.c.obj
[helipilot:ro] -- Generating done (0.7s)
[helipilot:ro] -- Build files have been written to: /mnt/host/source/src/platform/ec/build/zephyr/helipilot/build-ro
[kanix:rw] [239/420] Building C object modules/ec/zephyr/CMakeFiles/ec_shim.dir/shim/src/temp_sensors.c.obj
[kanix:rw] [240/420] Building C object modules/ec/zephyr/CMakeFiles/ec_shim.dir/shim/src/i2c.c.obj
[starmie:ro] -- Performing EC specific devicetree checks
[starmie:rw] -- Found assembler: /home/jpmurphy/.cache/coreboot-sdk/riscv64-elf/96b949749225b6aaa92ed810ab769e8dfb12f000/bin/riscv64-elf-gcc
[starmie:rw] -- Performing EC specific devicetree checks
[kanix:rw] [241/420] cd /mnt/host/source/src/platform/ec/build/zephyr/kanix/build-rw/modules/ec/zephyr && PYTHONPATH=/mnt/host/source/src/platform/ec/build/zephyr/kanix/modules/ec/zephyr/zmake/ /usr/bin/python3.11 /mnt/host/source/src/platform/ec/build/zephyr/kanix/modules/ec/zephyr/zmake/zephyr_build_tools/generate_ec_version.py /mnt/host/source/src/platform/ec/build/zephyr/kanix/build-rw/modules/ec/zephyr/include/ec_version.h --name Zephyr-Kernel --version 16543.0.0 --static
[kanix:rw] INFO:root:Using a static version string
Running (initial) lcov on /mnt/host/source/src/platform/ec/build/zephyr/anakin.
[starmie:ro] INFO: Verified 42 GPIOs, no duplicates found
[starmie:rw]   Disabling c_library
[starmie:rw] Call Stack (most recent call first):
[starmie:rw]   /mnt/host/source/src/third_party/zephyr/main/cmake/target_toolchain_flags.cmake:48 (include)
[starmie:rw]   /mnt/host/source/src/third_party/zephyr/main/cmake/modules/kernel.cmake:153 (include)
[starmie:rw]   /mnt/host/source/src/third_party/zephyr/main/cmake/modules/zephyr_default.cmake:138 (include)
[starmie:rw]   /mnt/host/source/src/third_party/zephyr/main/share/zephyr-package/cmake/ZephyrConfig.cmake:66 (include)
[starmie:rw]   /mnt/host/source/src/third_party/zephyr/main/share/zephyr-package/cmake/ZephyrConfig.cmake:97 (include_boilerplate)
[starmie:rw]   CMakeLists.txt:7 (find_package)
[starmie:rw] INFO: Verified 42 GPIOs, no duplicates found
[starmie:rw] INFO: Verified 21 '*-gpios' properties, all flags match.
[starmie:rw] INFO: Skipped 1 named-gpios children.
[starmie:ro] -- Generating component manifest file
[starmie:rw] -- Generating component manifest file
Running `env -i PYTHONPATH=/usr/lib64/python-exec/python3.11:/mnt/host/source/src/platform/ec/zephyr/zmake:/usr/lib/python311.zip:/usr/lib/python3.11:/usr/lib/python3.11/lib-dynload:/usr/lib/python3.11/site-packages PW_PIGWEED_CIPD_INSTALL_DIR=/usr CROSTC_USER_ACKNOWLEDGES_THAT_RISCV_IS_EXPERIMENTAL=1 PATH=/mnt/host/source/chromite/bin:/usr/local/bin:/usr/bin:/bin:/opt/bin:/mnt/host/source/chromite/sdk/bin:/mnt/host/source/chromite/bin HOME=/home/jpmurphy JAVA_HOME=/etc/java-config-2/current-system-vm JDK_HOME=/etc/java-config-2/current-system-vm JAVAC=/etc/java-config-2/current-system-vm/bin/javac MAKEFLAGS=' -j16 --jobserver-auth=5,6' /usr/bin/lcov --gcov-tool /mnt/host/source/src/platform/ec/build/zephyr/anakin/build-rw/gcov.sh -q -o - -c -d /mnt/host/source/src/platform/ec/build/zephyr/anakin -t anakin --rc branch_coverage=1 --filter range --ignore-errors inconsistent,source --ignore-errors gcov,gcov -i`
[kanix:rw] INFO:root:Version string: Zephyr-Kernel-16543.0.0
[kanix:rw] INFO:root:Writing header to /mnt/host/source/src/platform/ec/build/zephyr/kanix/build-rw/modules/ec/zephyr/include/ec_version.h
[kanix:rw] [242/420] Building C object modules/ec/zephyr/CMakeFiles/ec_shim.dir/shim/src/tasks.c.obj
[veluza:ro] -- Board: it8xxx2, qualifiers: it81202bx
[kanix:rw] [243/420] Building C object modules/ec/zephyr/CMakeFiles/ec_shim.dir/shim/src/watchdog.c.obj
[starmie:ro] INFO: Verified 21 '*-gpios' properties, all flags match.
[starmie:ro] INFO: Skipped 1 named-gpios children.
[starmie:ro] INFO: Running CME, outputting to /mnt/host/source/src/platform/ec/build/zephyr/starmie/build-ro/zephyr/component_manifest.json
[starmie:ro] INFO: Project starmie does not support SSFC
[starmie:ro] INFO: Component usbpd@f03700(ite,it8xxx2-usbpd) not on I2C bus, skip it
[starmie:ro] INFO: Component virtual-mux-0(cros-ec,usbc-mux-virtual) not on I2C bus, skip it
[starmie:ro] INFO: No motionsense-sensor-alt node found
[kanix:rw] [244/420] Building C object modules/ec/zephyr/CMakeFiles/ec_shim.dir/shim/src/ppc.c.obj
[kanix:rw] [245/420] Building C object modules/ec/zephyr/CMakeFiles/ec_shim.dir/shim/src/usba.c.obj
[starmie:rw] INFO: Running CME, outputting to /mnt/host/source/src/platform/ec/build/zephyr/starmie/build-rw/zephyr/component_manifest.json
[starmie:rw] INFO: Project starmie does not support SSFC
[starmie:rw] INFO: Component usbpd@f03700(ite,it8xxx2-usbpd) not on I2C bus, skip it
[starmie:rw] INFO: Component virtual-mux-0(cros-ec,usbc-mux-virtual) not on I2C bus, skip it
[starmie:rw] INFO: No motionsense-sensor-alt node found
[kanix:rw] [246/420] Building C object modules/ec/zephyr/CMakeFiles/ec_shim.dir/shim/src/sha256_hw.c.obj
[kanix:rw] [247/420] Building C object modules/ec/zephyr/CMakeFiles/ec_shim.dir/shim/src/power_host_sleep_api.c.obj
[kanix:rw] [248/420] Building C object modules/ec/zephyr/CMakeFiles/ec_shim.dir/shim/src/bb_retimer_usb_mux.c.obj
[kanix:rw] [249/420] Building C object CMakeFiles/app.dir/mnt/host/source/src/platform/ec/zephyr/subsys/ap_pwrseq/ap_events.c.obj
[starmie:ro] -- warning_base_override: -Wall;-Wformat;-Wformat-security;-Wformat;-Wno-format-zero-length;-Wno-pointer-sign;-Wpointer-arith;-Wexpansion-to-defined
[kanix:rw] [250/420] Building C object modules/ec/zephyr/CMakeFiles/ec_shim.dir/shim/src/usb_muxes.c.obj
[starmie:rw] -- warning_base_override: -Wall;-Wformat;-Wformat-security;-Wformat;-Wno-format-zero-length;-Wno-pointer-sign;-Wpointer-arith;-Wexpansion-to-defined
[starmie:ro] -- Found gen_kobject_list: /mnt/host/source/src/third_party/zephyr/main/scripts/build/gen_kobject_list.py
[starmie:rw] -- Found gen_kobject_list: /mnt/host/source/src/third_party/zephyr/main/scripts/build/gen_kobject_list.py
[starmie:rw] CMake Warning at /mnt/host/source/src/third_party/zephyr/main/CMakeLists.txt:2359 (message):
[starmie:rw]   __ASSERT() statements are globally ENABLED
[/mnt/host/source/src/platform/ec/build/zephyr/anakin-lcov] geninfo: WARNING: using JSON module "JSON::PP" - which is much slower than some alternatives.  Consider installing one of JSON::XS or Cpanel::JSON::XS
[starmie:ro] CMake Warning at /mnt/host/source/src/third_party/zephyr/main/CMakeLists.txt:2359 (message):
[starmie:ro]   __ASSERT() statements are globally ENABLED
[kanix:rw] [251/420] Building C object CMakeFiles/app.dir/mnt/host/source/src/platform/ec/zephyr/subsys/ap_pwrseq/ap_power_interface.c.obj
[kanix:rw] [252/420] Building C object CMakeFiles/app.dir/mnt/host/source/src/platform/ec/zephyr/subsys/ap_pwrseq/power_signals.c.obj
[starmie:rw] -- Configuring done (16.6s)
[starmie:ro] -- Configuring done (16.3s)
[kanix:rw] [253/420] Building C object CMakeFiles/app.dir/mnt/host/source/src/platform/ec/zephyr/subsys/ap_pwrseq/signal_gpio.c.obj
[kanix:rw] [254/420] Building C object CMakeFiles/app.dir/mnt/host/source/src/platform/ec/zephyr/subsys/ap_pwrseq/signal_vw.c.obj
[kanix:rw] [255/420] Building C object CMakeFiles/app.dir/mnt/host/source/src/platform/ec/zephyr/subsys/ap_pwrseq/power_host_sleep.c.obj
[kanix:rw] [256/420] Building C object CMakeFiles/app.dir/mnt/host/source/src/platform/ec/zephyr/subsys/ap_pwrseq/x86_non_dsx_chipset_power_state.c.obj
[kanix:rw] [257/420] Building C object CMakeFiles/app.dir/mnt/host/source/src/platform/ec/zephyr/subsys/ap_pwrseq/x86_non_dsx_common_pwrseq_host_sleep.c.obj
[kanix:rw] [258/420] Building C object CMakeFiles/app.dir/mnt/host/source/src/platform/ec/zephyr/subsys/ap_pwrseq/x86_non_dsx_common_pwrseq_console.c.obj
[starmie:rw] -- Generating done (0.4s)
[starmie:rw] CMake Warning:
[starmie:rw] -- Build files have been written to: /mnt/host/source/src/platform/ec/build/zephyr/starmie/build-rw
[starmie:rw]   Manually-specified variables were not used by the project:
[starmie:rw]     COREBOOT_SDK_ROOT_arm
[starmie:rw]     COREBOOT_SDK_ROOT_libstdcxx_arm
[starmie:ro] -- Generating done (0.4s)
[starmie:ro] CMake Warning:
[starmie:ro] -- Build files have been written to: /mnt/host/source/src/platform/ec/build/zephyr/starmie/build-ro
[kanix:rw] [259/420] Building C object CMakeFiles/app.dir/mnt/host/source/src/platform/ec/zephyr/subsys/ap_pwrseq/x86_non_dsx_common_pwrseq_sm_handler.c.obj
[starmie:ro]   Manually-specified variables were not used by the project:
[starmie:ro]     COREBOOT_SDK_ROOT_arm
[starmie:ro]     COREBOOT_SDK_ROOT_libstdcxx_arm
[starmie:ro]     COREBOOT_SDK_ROOT_libstdcxx_x86
[starmie:ro]     COREBOOT_SDK_ROOT_nds32
[starmie:ro]     COREBOOT_SDK_ROOT_picolibc_arm
[starmie:ro]     COREBOOT_SDK_ROOT_picolibc_x86
[starmie:ro]     COREBOOT_SDK_ROOT_riscv
[starmie:ro]     COREBOOT_SDK_ROOT_x86
[starmie:rw]     COREBOOT_SDK_ROOT_libstdcxx_x86
[starmie:rw]     COREBOOT_SDK_ROOT_nds32
[starmie:rw]     COREBOOT_SDK_ROOT_picolibc_arm
[starmie:rw]     COREBOOT_SDK_ROOT_picolibc_x86
[starmie:rw]     COREBOOT_SDK_ROOT_riscv
[starmie:rw]     COREBOOT_SDK_ROOT_x86
[ptlrvp_npcx:rw] Configuring.
Running `env -i PYTHONPATH=/usr/lib64/python-exec/python3.11:/mnt/host/source/src/platform/ec/zephyr/zmake:/usr/lib/python311.zip:/usr/lib/python3.11:/usr/lib/python3.11/lib-dynload:/usr/lib/python3.11/site-packages PW_PIGWEED_CIPD_INSTALL_DIR=/usr CROSTC_USER_ACKNOWLEDGES_THAT_RISCV_IS_EXPERIMENTAL=1 PATH=/mnt/host/source/chromite/bin:/usr/local/bin:/usr/bin:/bin:/opt/bin:/mnt/host/source/chromite/sdk/bin:/mnt/host/source/chromite/bin HOME=/home/jpmurphy JAVA_HOME=/etc/java-config-2/current-system-vm JDK_HOME=/etc/java-config-2/current-system-vm JAVAC=/etc/java-config-2/current-system-vm/bin/javac MAKEFLAGS=' -j16 --jobserver-auth=5,6' /usr/bin/cmake -S /mnt/host/source/src/platform/ec/zephyr/program/intelrvp -B /mnt/host/source/src/platform/ec/build/zephyr/ptlrvp_npcx/build-rw -GNinja -DCMAKE_EXPORT_COMPILE_COMMANDS=ON -DZEPHYR_BASE=/mnt/host/source/src/third_party/zephyr/main -DZMAKE_INCLUDE_DIR=/mnt/host/source/src/platform/ec/build/zephyr/ptlrvp_npcx/include -DPython3_EXECUTABLE=/usr/bin/python3.11 -DDTS_ROOT=/mnt/host/source/src/platform/ec/zephyr -DSYSCALL_INCLUDE_DIRS=/mnt/host/source/src/platform/ec/zephyr/include/drivers -DUSER_CACHE_DIR=/mnt/host/source/src/platform/ec/build/zephyr/user-cache '-DEXTRA_EC_VERSION_FLAGS=--version 16543.0.0 --static' -DTOOLCHAIN_ROOT=/mnt/host/source/src/platform/ec/zephyr -DCOREBOOT_SDK_ROOT_x86=/home/jpmurphy/.cache/coreboot-sdk/i386-elf/dfbb0486385d938cfa9d73080b9d18d598ed4f49 -DCOREBOOT_SDK_ROOT_picolibc_x86=/home/jpmurphy/.cache/coreboot-sdk/picolibc-i386-elf/eb8e8e687b95461de8cbf278f1c2076952d0ad17 -DCOREBOOT_SDK_ROOT_riscv64=/home/jpmurphy/.cache/coreboot-sdk/riscv64-elf/96b949749225b6aaa92ed810ab769e8dfb12f000 -DCOREBOOT_SDK_ROOT_picolibc_arm=/home/jpmurphy/.cache/coreboot-sdk/picolibc-arm-eabi/422a2aa3e1ef891b5bece9a3deb696ff83840d2e -DCOREBOOT_SDK_ROOT_nds32=/home/jpmurphy/.cache/coreboot-sdk/nds32le-elf/d1a518c4a097666d86058e1444f85ca015d15511 -DCOREBOOT_SDK_ROOT_picolibc_riscv64=/home/jpmurphy/.cache/coreboot-sdk/picolibc-riscv64-elf/f571e990ef0278564b31124f8bb109d9a697eb69 -DCOREBOOT_SDK_ROOT_arm=/home/jpmurphy/.cache/coreboot-sdk/arm-eabi/ea40ddd1d190c3b48435c474c0b545719371813a -DCOREBOOT_SDK_ROOT_libstdcxx_riscv64=/home/jpmurphy/.cache/coreboot-sdk/libstdcxx-riscv64-elf/17abf22a3a252e2d5d2062ced5324f7a623689e0 -DCOREBOOT_SDK_ROOT_libstdcxx_arm=/home/jpmurphy/.cache/coreboot-sdk/libstdcxx-arm-eabi/5d7d82e150e44aa1968f1d366e267e6687b328ac -DCOREBOOT_SDK_ROOT_riscv=/home/jpmurphy/.cache/coreboot-sdk/riscv-elf/9a27b9e82341c6e9126624f516ab3f261abb3e73 -DCOREBOOT_SDK_ROOT_libstdcxx_x86=/home/jpmurphy/.cache/coreboot-sdk/libstdcxx-i386-elf/42ef9d2e87a76a37963175d7d428734e65648b87 -DZEPHYR_TOOLCHAIN_VARIANT=coreboot-sdk '-DZEPHYR_MODULES=/mnt/host/source/src/platform/ec/build/zephyr/ptlrvp_npcx/modules/cmsis;/mnt/host/source/src/platform/ec/build/zephyr/ptlrvp_npcx/modules/cmsis_6;/mnt/host/source/src/platform/ec/build/zephyr/ptlrvp_npcx/modules/ec' -DDTC_OVERLAY_FILE=/mnt/host/source/src/platform/ec/zephyr/program/intelrvp/ptlrvp/ptlrvp_npcx/project.overlay -DBOARD=npcx9/npcx9m7f -DCMAKE_C_FLAGS=-DSECTION_IS_RW '-DCONF_FILE=/mnt/host/source/src/platform/ec/zephyr/program/intelrvp/program.conf;/mnt/host/source/src/platform/ec/zephyr/program/intelrvp/ptlrvp/program.conf;/mnt/host/source/src/platform/ec/zephyr/program/intelrvp/ptlrvp/ptlrvp_npcx/project.conf;/mnt/host/source/src/platform/ec/zephyr/program/intelrvp/ptlrvp/pd.conf;/mnt/host/source/src/platform/ec/zephyr/program/intelrvp/zephyr_ap_pwrseq.conf;/mnt/host/source/src/platform/ec/build/zephyr/ptlrvp_npcx/kconfig-rw.conf'`
[ptlrvp_npcx:rw] Loading Zephyr default modules (Zephyr base (cached)).
[ptlrvp_npcx:rw] -- Application: /mnt/host/source/src/platform/ec/zephyr/program/intelrvp
[ptlrvp_npcx:rw] -- CMake version: 3.31.7
[kanix:rw] [260/420] Building C object CMakeFiles/app.dir/mnt/host/source/src/platform/ec/zephyr/subsys/ap_pwrseq/x86_non_dsx_mtl_pwrseq_sm.c.obj
[kanix:rw] [261/420] Building C object CMakeFiles/app.dir/mnt/host/source/src/platform/ec/zephyr/subsys/ap_pwrseq/x86_non_dsx_common_pwrseq_host_command.c.obj
[veluza:ro] -- Found Dtc: /usr/bin/dtc (found suitable version "1.6.0", minimum required is "1.4.6")
[veluza:ro] -- Found BOARD.dts: /mnt/host/source/src/platform/ec/zephyr/boards/google/it8xxx2/it8xxx2_it81202bx.dts
[veluza:ro] -- Found devicetree overlay: /mnt/host/source/src/platform/ec/zephyr/program/corsola/veluza/project.overlay
[kanix:rw] [262/420] Building C object CMakeFiles/app.dir/mnt/host/source/src/platform/ec/zephyr/subsys/ap_pwrseq/ap_reset_log.c.obj
[kanix:rw] [263/420] Building C object CMakeFiles/app.dir/mnt/host/source/src/platform/ec/build/zephyr/kanix/modules/ec/common/base32.c.obj
[/mnt/host/source/src/platform/ec/build/zephyr/anakin-lcov] stderr:
[kanix:rw] [264/420] Building C object CMakeFiles/app.dir/mnt/host/source/src/platform/ec/build/zephyr/kanix/modules/ec/builtin/stdlib.c.obj
[ptlrvp_npcx:rw] -- Found Python3: /usr/bin/python3.11 (found suitable version "3.11.11", minimum required is "3.10") found components: Interpreter
[ptlrvp_npcx:rw] -- Cache files will be written to: /mnt/host/source/src/platform/ec/build/zephyr/user-cache
[ptlrvp_npcx:rw] -- Zephyr version: 4.3.99 (/mnt/host/source/src/third_party/zephyr/main)
[/mnt/host/source/src/platform/ec/build/zephyr/domika-lcov]   /mnt/host/source/src/platform/ec/build/zephyr/domika/build-rw/CMakeFiles/app.dir/mnt/host/source/src/platform/ec/build/zephyr/domika/modules/ec/common/cbi_config.c.gcno:no functions found
[/mnt/host/source/src/platform/ec/build/zephyr/domika-lcov] stderr:
[kanix:rw] [265/420] Building C object CMakeFiles/app.dir/mnt/host/source/src/platform/ec/build/zephyr/kanix/modules/ec/common/console_output.c.obj
[kanix:rw] [266/420] Building C object CMakeFiles/app.dir/mnt/host/source/src/platform/ec/build/zephyr/kanix/modules/ec/common/peripheral.c.obj
[kanix:rw] [267/420] Building C object CMakeFiles/app.dir/mnt/host/source/src/platform/ec/build/zephyr/kanix/modules/ec/common/ec_features.c.obj
[kanix:rw] [268/420] Building C object CMakeFiles/app.dir/mnt/host/source/src/platform/ec/build/zephyr/kanix/modules/ec/common/gpio_commands.c.obj
[/mnt/host/source/src/platform/ec/build/zephyr/anakin-lcov]   /mnt/host/source/src/platform/ec/build/zephyr/anakin/build-ro/modules/ec/zephyr/CMakeFiles/ec_shim.dir/shim/src/power.c.gcno:no functions found
[/mnt/host/source/src/platform/ec/build/zephyr/anakin-lcov] stderr:
[kanix:rw] [269/420] Building C object CMakeFiles/app.dir/mnt/host/source/src/platform/ec/build/zephyr/kanix/modules/ec/common/printf.c.obj
[/mnt/host/source/src/platform/ec/build/zephyr/anakin-lcov]   /mnt/host/source/src/platform/ec/build/zephyr/anakin/build-ro/modules/ec/zephyr/CMakeFiles/ec_shim.dir/shim/src/thermal.c.gcno:no functions found
[/mnt/host/source/src/platform/ec/build/zephyr/anakin-lcov] stderr:
[/mnt/host/source/src/platform/ec/build/zephyr/ite-aic-rtk-pdc-lcov]   /mnt/host/source/src/platform/ec/build/zephyr/ite-aic-rtk-pdc/build-ro/zephyr/CMakeFiles/zephyr.dir/soc/ite/ec/it8xxx2/check_regs.c.gcno:no functions found
[/mnt/host/source/src/platform/ec/build/zephyr/ite-aic-rtk-pdc-lcov] stderr:
[kanix:rw] [270/420] Building C object CMakeFiles/app.dir/mnt/host/source/src/platform/ec/build/zephyr/kanix/modules/ec/common/queue.c.obj
[kanix:rw] [271/420] Building C object CMakeFiles/app.dir/mnt/host/source/src/platform/ec/build/zephyr/kanix/modules/ec/common/uart_printf.c.obj
[/mnt/host/source/src/platform/ec/build/zephyr/anakin-lcov]   /mnt/host/source/src/platform/ec/build/zephyr/anakin/build-ro/modules/ec/zephyr/CMakeFiles/ec_shim.dir/shim/src/battery.c.gcno:no functions found
[/mnt/host/source/src/platform/ec/build/zephyr/anakin-lcov] stderr:
[kanix:rw] [272/420] Building C object CMakeFiles/app.dir/mnt/host/source/src/platform/ec/build/zephyr/kanix/modules/ec/common/system_boot_time.c.obj
[kanix:rw] [273/420] Building C object CMakeFiles/app.dir/mnt/host/source/src/platform/ec/build/zephyr/kanix/modules/ec/common/util.c.obj
[/mnt/host/source/src/platform/ec/build/zephyr/domika-lcov]   /mnt/host/source/src/platform/ec/build/zephyr/domika/build-rw/zephyr/arch/arch/riscv/core/CMakeFiles/arch__riscv__core.dir/cpu_idle.c.gcno:no functions found
[/mnt/host/source/src/platform/ec/build/zephyr/domika-lcov] stderr:
[kanix:rw] [274/420] Building C object CMakeFiles/app.dir/mnt/host/source/src/platform/ec/build/zephyr/kanix/modules/ec/common/system.c.obj
[kanix:rw] [275/420] Building C object CMakeFiles/app.dir/mnt/host/source/src/platform/ec/build/zephyr/kanix/modules/ec/common/version.c.obj
[kanix:rw] [276/420] Building C object CMakeFiles/app.dir/mnt/host/source/src/platform/ec/build/zephyr/kanix/modules/ec/common/power_button_x86.c.obj
[ptlrvp_npcx:rw] -- Board: npcx9, qualifiers: npcx9m7f
[kanix:rw] [277/420] Building C object CMakeFiles/app.dir/mnt/host/source/src/platform/ec/build/zephyr/kanix/modules/ec/common/adc.c.obj
[kanix:rw] [278/420] Building C object CMakeFiles/app.dir/mnt/host/source/src/platform/ec/build/zephyr/kanix/modules/ec/common/acpi.c.obj
[kanix:rw] [279/420] Building C object CMakeFiles/app.dir/mnt/host/source/src/platform/ec/build/zephyr/kanix/modules/ec/common/backlight_lid.c.obj
[veluza:ro] node '/batteries/313_b7_32_a' compatible 'nvt,313-b7-32-a' has unknown vendor prefix 'nvt'
[/mnt/host/source/src/platform/ec/build/zephyr/anakin-lcov]   /mnt/host/source/src/platform/ec/build/zephyr/anakin/build-ro/modules/ec/zephyr/CMakeFiles/ec_shim.dir/shim/src/charger.c.gcno:no functions found
[/mnt/host/source/src/platform/ec/build/zephyr/anakin-lcov] stderr:
[veluza:ro] -- Generated zephyr.dts: /mnt/host/source/src/platform/ec/build/zephyr/veluza/build-ro/zephyr/zephyr.dts
[veluza:ro] -- Generated pickled edt: /mnt/host/source/src/platform/ec/build/zephyr/veluza/build-ro/zephyr/edt.pickle
[kanix:rw] [280/420] Building C object CMakeFiles/app.dir/mnt/host/source/src/platform/ec/build/zephyr/kanix/modules/ec/common/battery_info.c.obj
[kanix:rw] [281/420] Building C object CMakeFiles/app.dir/mnt/host/source/src/platform/ec/build/zephyr/kanix/modules/ec/driver/battery/smart.c.obj
[kanix:rw] [282/420] Building C object CMakeFiles/app.dir/mnt/host/source/src/platform/ec/build/zephyr/kanix/modules/ec/driver/charger/isl9241.c.obj
[kanix:rw] [283/420] Building C object CMakeFiles/app.dir/mnt/host/source/src/platform/ec/build/zephyr/kanix/modules/ec/common/battery.c.obj
[kanix:rw] [284/420] Building C object CMakeFiles/app.dir/mnt/host/source/src/platform/ec/build/zephyr/kanix/modules/ec/common/battery_fuel_gauge.c.obj
[/mnt/host/source/src/platform/ec/build/zephyr/anakin-lcov]   /mnt/host/source/src/platform/ec/build/zephyr/anakin/build-ro/modules/ec/zephyr/CMakeFiles/ec_shim.dir/shim/src/usba.c.gcno:no functions found
[/mnt/host/source/src/platform/ec/build/zephyr/anakin-lcov] stderr:
[kanix:rw] [285/420] Building C object CMakeFiles/app.dir/mnt/host/source/src/platform/ec/build/zephyr/kanix/modules/ec/common/charger.c.obj
[kanix:rw] [286/420] Building C object CMakeFiles/app.dir/mnt/host/source/src/platform/ec/build/zephyr/kanix/modules/ec/common/cbi_common.c.obj
[kanix:rw] [287/420] Building C object CMakeFiles/app.dir/mnt/host/source/src/platform/ec/build/zephyr/kanix/modules/ec/common/charge_state.c.obj
[veluza:ro] -- Generated devicetree_generated.h: /mnt/host/source/src/platform/ec/build/zephyr/veluza/build-ro/zephyr/include/generated/zephyr/devicetree_generated.h
[kanix:rw] [288/420] Building C object CMakeFiles/app.dir/mnt/host/source/src/platform/ec/build/zephyr/kanix/modules/ec/common/cbi.c.obj
[kanix:rw] [289/420] Building C object CMakeFiles/app.dir/mnt/host/source/src/platform/ec/build/zephyr/kanix/modules/ec/common/charge_manager.c.obj
[kanix:rw] [290/420] Building C object CMakeFiles/app.dir/mnt/host/source/src/platform/ec/build/zephyr/kanix/modules/ec/common/cbi_config.c.obj
[/mnt/host/source/src/platform/ec/build/zephyr/axii-lcov]   /mnt/host/source/src/platform/ec/build/zephyr/axii/build-rw/zephyr/CMakeFiles/zephyr.dir/soc/ite/ec/it8xxx2/check_regs.c.gcno:no functions found
[/mnt/host/source/src/platform/ec/build/zephyr/axii-lcov] Filter suppressions 'region':
[/mnt/host/source/src/platform/ec/build/zephyr/axii-lcov]     22 instances
[/mnt/host/source/src/platform/ec/build/zephyr/axii-lcov]     12 coverpoints
[/mnt/host/source/src/platform/ec/build/zephyr/axii-lcov] Message summary:
[/mnt/host/source/src/platform/ec/build/zephyr/axii-lcov]   12 ignore messages:
[/mnt/host/source/src/platform/ec/build/zephyr/axii-lcov]     gcov: 12
[quartz:ro] Configuring.
Running `env -i PYTHONPATH=/usr/lib64/python-exec/python3.11:/mnt/host/source/src/platform/ec/zephyr/zmake:/usr/lib/python311.zip:/usr/lib/python3.11:/usr/lib/python3.11/lib-dynload:/usr/lib/python3.11/site-packages PW_PIGWEED_CIPD_INSTALL_DIR=/usr CROSTC_USER_ACKNOWLEDGES_THAT_RISCV_IS_EXPERIMENTAL=1 PATH=/mnt/host/source/chromite/bin:/usr/local/bin:/usr/bin:/bin:/opt/bin:/mnt/host/source/chromite/sdk/bin:/mnt/host/source/chromite/bin HOME=/home/jpmurphy JAVA_HOME=/etc/java-config-2/current-system-vm JDK_HOME=/etc/java-config-2/current-system-vm JAVAC=/etc/java-config-2/current-system-vm/bin/javac MAKEFLAGS=' -j16 --jobserver-auth=5,6' /usr/bin/cmake -S /mnt/host/source/src/platform/ec/zephyr/program/bluey -B /mnt/host/source/src/platform/ec/build/zephyr/quartz/build-ro -GNinja -DCMAKE_EXPORT_COMPILE_COMMANDS=ON -DZEPHYR_BASE=/mnt/host/source/src/third_party/zephyr/main -DZMAKE_INCLUDE_DIR=/mnt/host/source/src/platform/ec/build/zephyr/quartz/include -DPython3_EXECUTABLE=/usr/bin/python3.11 -DDTS_ROOT=/mnt/host/source/src/platform/ec/zephyr -DSYSCALL_INCLUDE_DIRS=/mnt/host/source/src/platform/ec/zephyr/include/drivers -DUSER_CACHE_DIR=/mnt/host/source/src/platform/ec/build/zephyr/user-cache '-DEXTRA_EC_VERSION_FLAGS=--version 16543.0.0 --static' -DTOOLCHAIN_ROOT=/mnt/host/source/src/platform/ec/zephyr -DCOREBOOT_SDK_ROOT_x86=/home/jpmurphy/.cache/coreboot-sdk/i386-elf/dfbb0486385d938cfa9d73080b9d18d598ed4f49 -DCOREBOOT_SDK_ROOT_picolibc_x86=/home/jpmurphy/.cache/coreboot-sdk/picolibc-i386-elf/eb8e8e687b95461de8cbf278f1c2076952d0ad17 -DCOREBOOT_SDK_ROOT_riscv64=/home/jpmurphy/.cache/coreboot-sdk/riscv64-elf/96b949749225b6aaa92ed810ab769e8dfb12f000 -DCOREBOOT_SDK_ROOT_picolibc_arm=/home/jpmurphy/.cache/coreboot-sdk/picolibc-arm-eabi/422a2aa3e1ef891b5bece9a3deb696ff83840d2e -DCOREBOOT_SDK_ROOT_nds32=/home/jpmurphy/.cache/coreboot-sdk/nds32le-elf/d1a518c4a097666d86058e1444f85ca015d15511 -DCOREBOOT_SDK_ROOT_picolibc_riscv64=/home/jpmurphy/.cache/coreboot-sdk/picolibc-riscv64-elf/f571e990ef0278564b31124f8bb109d9a697eb69 -DCOREBOOT_SDK_ROOT_arm=/home/jpmurphy/.cache/coreboot-sdk/arm-eabi/ea40ddd1d190c3b48435c474c0b545719371813a -DCOREBOOT_SDK_ROOT_libstdcxx_riscv64=/home/jpmurphy/.cache/coreboot-sdk/libstdcxx-riscv64-elf/17abf22a3a252e2d5d2062ced5324f7a623689e0 -DCOREBOOT_SDK_ROOT_libstdcxx_arm=/home/jpmurphy/.cache/coreboot-sdk/libstdcxx-arm-eabi/5d7d82e150e44aa1968f1d366e267e6687b328ac -DCOREBOOT_SDK_ROOT_riscv=/home/jpmurphy/.cache/coreboot-sdk/riscv-elf/9a27b9e82341c6e9126624f516ab3f261abb3e73 -DCOREBOOT_SDK_ROOT_libstdcxx_x86=/home/jpmurphy/.cache/coreboot-sdk/libstdcxx-i386-elf/42ef9d2e87a76a37963175d7d428734e65648b87 -DZEPHYR_TOOLCHAIN_VARIANT=coreboot-sdk '-DZEPHYR_MODULES=/mnt/host/source/src/platform/ec/build/zephyr/quartz/modules/cmsis;/mnt/host/source/src/platform/ec/build/zephyr/quartz/modules/cmsis_6;/mnt/host/source/src/platform/ec/build/zephyr/quartz/modules/ec;/mnt/host/source/src/platform/ec/build/zephyr/quartz/modules/google-private' -DDTC_OVERLAY_FILE=/mnt/host/source/src/platform/ec/zephyr/program/bluey/quartz/project.overlay -DBOARD=npcx9/npcx9m7fb -DCMAKE_C_FLAGS=-DSECTION_IS_RO '-DCONF_FILE=/mnt/host/source/src/platform/ec/zephyr/program/bluey/program.conf;/mnt/host/source/src/platform/ec/zephyr/program/bluey/quartz/project.conf;/mnt/host/source/src/platform/ec/build/zephyr/quartz/kconfig-ro.conf'`
[quartz:ro] Loading Zephyr default modules (Zephyr base (cached)).
[quartz:ro] -- Application: /mnt/host/source/src/platform/ec/zephyr/program/bluey
[quartz:ro] -- CMake version: 3.31.7
[kanix:rw] [291/420] Building C object CMakeFiles/app.dir/mnt/host/source/src/platform/ec/build/zephyr/kanix/modules/ec/common/memory_commands.c.obj
[kanix:rw] [292/420] Building C object CMakeFiles/app.dir/mnt/host/source/src/platform/ec/build/zephyr/kanix/modules/ec/common/espi.c.obj
[kanix:rw] [293/420] Building C object CMakeFiles/app.dir/mnt/host/source/src/platform/ec/build/zephyr/kanix/modules/ec/common/ap_reset_log.c.obj
[kanix:rw] [294/420] Building C object CMakeFiles/app.dir/mnt/host/source/src/platform/ec/build/zephyr/kanix/modules/ec/common/dptf.c.obj
[kanix:rw] [295/420] Building C object CMakeFiles/app.dir/mnt/host/source/src/platform/ec/build/zephyr/kanix/modules/ec/common/extpower_gpio.c.obj
[quartz:ro] -- Found Python3: /usr/bin/python3.11 (found suitable version "3.11.11", minimum required is "3.10") found components: Interpreter
[quartz:ro] -- Cache files will be written to: /mnt/host/source/src/platform/ec/build/zephyr/user-cache
[quartz:ro] -- Zephyr version: 4.3.99 (/mnt/host/source/src/third_party/zephyr/main)
[kanix:rw] [296/420] Building C object CMakeFiles/app.dir/mnt/host/source/src/platform/ec/build/zephyr/kanix/modules/ec/common/extpower_common.c.obj
[kanix:rw] [297/420] Building C object CMakeFiles/app.dir/mnt/host/source/src/platform/ec/build/zephyr/kanix/modules/ec/common/fan.c.obj
[ptlrvp_npcx:rw] -- Found Dtc: /usr/bin/dtc (found suitable version "1.6.0", minimum required is "1.4.6")
[ptlrvp_npcx:rw] -- Found BOARD.dts: /mnt/host/source/src/platform/ec/zephyr/boards/google/npcx9/npcx9_npcx9m7f.dts
[/mnt/host/source/src/platform/ec/build/zephyr/ite-aic-rtk-pdc-lcov]   /mnt/host/source/src/platform/ec/build/zephyr/ite-aic-rtk-pdc/build-ro/zephyr/drivers/syscon/CMakeFiles/drivers__syscon.dir/mnt/host/source/src/third_party/zephyr/main/misc/empty_file.c.gcno:no functions found
[/mnt/host/source/src/platform/ec/build/zephyr/ite-aic-rtk-pdc-lcov] stderr:
[kanix:rw] [298/420] Building C object CMakeFiles/app.dir/mnt/host/source/src/platform/ec/build/zephyr/kanix/modules/ec/common/flash.c.obj
[kanix:rw] [299/420] Building C object CMakeFiles/app.dir/mnt/host/source/src/platform/ec/build/zephyr/kanix/modules/ec/common/host_command.c.obj
[/mnt/host/source/src/platform/ec/build/zephyr/ite-aic-rtk-pdc-lcov]   /mnt/host/source/src/platform/ec/build/zephyr/ite-aic-rtk-pdc/build-rw/modules/ec/zephyr/CMakeFiles/ec_shim.dir/shim/src/battery.c.gcno:no functions found
[/mnt/host/source/src/platform/ec/build/zephyr/ite-aic-rtk-pdc-lcov] stderr:
[kanix:rw] [300/420] Building C object CMakeFiles/app.dir/mnt/host/source/src/platform/ec/build/zephyr/kanix/modules/ec/common/host_command_task.c.obj
[veluza:ro] /mnt/host/source/src/platform/ec/build/zephyr/veluza/build-ro/zephyr/zephyr.dts:1203.27-1916.5: Warning (avoid_unnecessary_addr_size): /soc/pin-controller: unnecessary #address-cells/#size-cells without "ranges" or child "reg" property
[kanix:rw] [301/420] Building C object CMakeFiles/app.dir/mnt/host/source/src/platform/ec/build/zephyr/kanix/modules/ec/common/host_event_commands.c.obj
[kanix:rw] [302/420] Building C object CMakeFiles/app.dir/mnt/host/source/src/platform/ec/build/zephyr/kanix/modules/ec/common/uptime.c.obj
[kanix:rw] [303/420] Building C object CMakeFiles/app.dir/mnt/host/source/src/platform/ec/build/zephyr/kanix/modules/ec/common/uart_hostcmd.c.obj
[kanix:rw] [304/420] Building C object CMakeFiles/app.dir/mnt/host/source/src/platform/ec/build/zephyr/kanix/modules/ec/common/i2c_passthru.c.obj
[kanix:rw] [305/420] Building C object CMakeFiles/app.dir/mnt/host/source/src/platform/ec/build/zephyr/kanix/modules/ec/common/i2c_controller.c.obj
[kanix:rw] [306/420] Building C object CMakeFiles/app.dir/mnt/host/source/src/platform/ec/build/zephyr/kanix/modules/ec/common/keyboard_8042.c.obj
[kanix:rw] [307/420] Building C object CMakeFiles/app.dir/mnt/host/source/src/platform/ec/build/zephyr/kanix/modules/ec/common/keyboard_scan.c.obj
[kanix:rw] [308/420] Building C object CMakeFiles/app.dir/mnt/host/source/src/platform/ec/build/zephyr/kanix/modules/ec/common/keyboard_8042_sharedlib.c.obj
[kanix:rw] [309/420] Building C object CMakeFiles/app.dir/mnt/host/source/src/platform/ec/build/zephyr/kanix/modules/ec/common/mkbp_fifo.c.obj
[quartz:ro] -- Board: npcx9, qualifiers: npcx9m7fb
[kanix:rw] [310/420] Building C object CMakeFiles/app.dir/mnt/host/source/src/platform/ec/build/zephyr/kanix/modules/ec/common/mkbp_info.c.obj
[kanix:rw] [311/420] Building C object CMakeFiles/app.dir/mnt/host/source/src/platform/ec/build/zephyr/kanix/modules/ec/common/mkbp_input_devices.c.obj
[kanix:rw] [312/420] Building C object CMakeFiles/app.dir/mnt/host/source/src/platform/ec/build/zephyr/kanix/modules/ec/common/led_common.c.obj
[kanix:rw] [313/420] Building C object CMakeFiles/app.dir/mnt/host/source/src/platform/ec/build/zephyr/kanix/modules/ec/common/keyboard_backlight.c.obj
[kanix:rw] [314/420] Building C object CMakeFiles/app.dir/mnt/host/source/src/platform/ec/build/zephyr/kanix/modules/ec/common/lid_switch.c.obj
[/mnt/host/source/src/platform/ec/build/zephyr/domika-lcov]   /mnt/host/source/src/platform/ec/build/zephyr/domika/build-rw/zephyr/arch/common/CMakeFiles/isr_tables.dir/isr_tables.c.gcno:no functions found
[/mnt/host/source/src/platform/ec/build/zephyr/domika-lcov] stderr:
[kanix:rw] [315/420] Building C object CMakeFiles/app.dir/mnt/host/source/src/platform/ec/build/zephyr/kanix/modules/ec/common/mkbp_event.c.obj
[/mnt/host/source/src/platform/ec/build/zephyr/domika-lcov]   /mnt/host/source/src/platform/ec/build/zephyr/domika/build-rw/zephyr/CMakeFiles/zephyr.dir/lib/libc/validate_libc.c.gcno:no functions found
[/mnt/host/source/src/platform/ec/build/zephyr/domika-lcov] stderr:
[kanix:rw] [316/420] Building C object CMakeFiles/app.dir/mnt/host/source/src/platform/ec/build/zephyr/kanix/modules/ec/common/power_button.c.obj
[kanix:rw] [317/420] Building C object CMakeFiles/app.dir/mnt/host/source/src/platform/ec/build/zephyr/kanix/modules/ec/common/port80.c.obj
[ptlrvp_npcx:rw] -- Found devicetree overlay: /mnt/host/source/src/platform/ec/zephyr/program/intelrvp/ptlrvp/ptlrvp_npcx/project.overlay
[ptlrvp_npcx:rw] -- Generated zephyr.dts: /mnt/host/source/src/platform/ec/build/zephyr/ptlrvp_npcx/build-rw/zephyr/zephyr.dts
[ptlrvp_npcx:rw] -- Generated pickled edt: /mnt/host/source/src/platform/ec/build/zephyr/ptlrvp_npcx/build-rw/zephyr/edt.pickle
[kanix:rw] [318/420] Building C object CMakeFiles/app.dir/mnt/host/source/src/platform/ec/build/zephyr/kanix/modules/ec/power/hibernate.c.obj
[kanix:rw] [319/420] Building C object CMakeFiles/app.dir/mnt/host/source/src/platform/ec/build/zephyr/kanix/modules/ec/common/panic_output.c.obj
[kanix:rw] [320/420] Building C object CMakeFiles/app.dir/mnt/host/source/src/platform/ec/build/zephyr/kanix/modules/ec/common/shared_mem.c.obj
[kanix:rw] [321/420] Building C object CMakeFiles/app.dir/mnt/host/source/src/platform/ec/build/zephyr/kanix/modules/ec/common/switch.c.obj
[kanix:rw] [322/420] Building C object CMakeFiles/app.dir/mnt/host/source/src/platform/ec/build/zephyr/kanix/modules/ec/common/spi_flash_reg.c.obj
[kanix:rw] [323/420] Building C object CMakeFiles/app.dir/mnt/host/source/src/platform/ec/build/zephyr/kanix/modules/ec/common/thermal.c.obj
[ptlrvp_npcx:rw] -- Generated devicetree_generated.h: /mnt/host/source/src/platform/ec/build/zephyr/ptlrvp_npcx/build-rw/zephyr/include/generated/zephyr/devicetree_generated.h
[kanix:rw] [324/420] Building C object CMakeFiles/app.dir/mnt/host/source/src/platform/ec/build/zephyr/kanix/modules/ec/common/temp_sensor.c.obj
[kanix:rw] [325/420] Building C object CMakeFiles/app.dir/mnt/host/source/src/platform/ec/build/zephyr/kanix/modules/ec/driver/temp_sensor/thermistor.c.obj
[kanix:rw] [326/420] Building C object CMakeFiles/app.dir/mnt/host/source/src/platform/ec/build/zephyr/kanix/modules/ec/common/timer.c.obj
[kanix:rw] [327/420] Building C object CMakeFiles/app.dir/mnt/host/source/src/platform/ec/build/zephyr/kanix/modules/ec/common/usb_port_power_dumb.c.obj
[kanix:rw] [328/420] Building C object CMakeFiles/app.dir/mnt/host/source/src/platform/ec/build/zephyr/kanix/modules/ec/common/typec_control.c.obj
[/mnt/host/source/src/platform/ec/build/zephyr/domika-lcov]   /mnt/host/source/src/platform/ec/build/zephyr/domika/build-rw/zephyr/CMakeFiles/zephyr.dir/lib/utils/last_section_id.c.gcno:no functions found
[/mnt/host/source/src/platform/ec/build/zephyr/domika-lcov] stderr:
[quartz:ro] -- Found Dtc: /usr/bin/dtc (found suitable version "1.6.0", minimum required is "1.4.6")
[quartz:ro] -- Found BOARD.dts: /mnt/host/source/src/platform/ec/zephyr/boards/google/npcx9/npcx9_npcx9m7fb.dts
[quartz:ro] -- Found devicetree overlay: /mnt/host/source/src/platform/ec/zephyr/program/bluey/quartz/project.overlay
[kanix:rw] [329/420] Building C object CMakeFiles/app.dir/mnt/host/source/src/platform/ec/build/zephyr/kanix/modules/ec/common/usb_pd_pdo.c.obj
[kanix:rw] [330/420] Building C object CMakeFiles/app.dir/mnt/host/source/src/platform/ec/build/zephyr/kanix/modules/ec/common/usb_common.c.obj
[veluza:ro] warning: The choice symbol PLATFORM_EC_ACCELGYRO_ICM_COMM_I2C (defined at
[veluza:ro] /mnt/host/source/src/platform/ec/zephyr/Kconfig.accelgyro_icm:23) was selected (set =y), but no
[veluza:ro] symbol ended up as the choice selection. See
[veluza:ro] http://docs.zephyrproject.org/latest/kconfig.html#CONFIG_PLATFORM_EC_ACCELGYRO_ICM_COMM_I2C and/or
[veluza:ro] look up PLATFORM_EC_ACCELGYRO_ICM_COMM_I2C in the menuconfig/guiconfig interface. The Application
[veluza:ro] Development Primer, Setting Configuration Values, and Kconfig - Tips and Best Practices sections of
[veluza:ro] the manual might be helpful too.
[kanix:rw] [331/420] Building C object CMakeFiles/app.dir/mnt/host/source/src/platform/ec/build/zephyr/kanix/modules/ec/common/usbc/usbc_task.c.obj
[kanix:rw] [332/420] Building C object CMakeFiles/app.dir/mnt/host/source/src/platform/ec/build/zephyr/kanix/modules/ec/common/usbc/usb_pd_timer.c.obj
[kanix:rw] [333/420] Building C object CMakeFiles/app.dir/mnt/host/source/src/platform/ec/build/zephyr/kanix/modules/ec/common/usbc/usb_sm.c.obj
[kanix:rw] [334/420] Building C object CMakeFiles/app.dir/mnt/host/source/src/platform/ec/build/zephyr/kanix/modules/ec/common/usbc_intr_task.c.obj
[kanix:rw] [335/420] Building C object CMakeFiles/app.dir/mnt/host/source/src/platform/ec/build/zephyr/kanix/modules/ec/common/usbc_utils.c.obj
[kanix:rw] [336/420] Building C object CMakeFiles/app.dir/mnt/host/source/src/platform/ec/build/zephyr/kanix/modules/ec/common/usb_pd_flags.c.obj
[kanix:rw] [337/420] Building C object CMakeFiles/app.dir/mnt/host/source/src/platform/ec/build/zephyr/kanix/modules/ec/common/chargen.c.obj
[ptlrvp_npcx:rw] /mnt/host/source/src/platform/ec/build/zephyr/ptlrvp_npcx/build-rw/zephyr/zephyr.dts:4773.27-4778.5: Warning (unit_address_format): /it8801-mfd/gpiocr@0a: unit name should not have leading 0s
[ptlrvp_npcx:rw] /mnt/host/source/src/platform/ec/build/zephyr/ptlrvp_npcx/build-rw/zephyr/zephyr.dts:4151.9-4159.5: Warning (gpios_property): /fans/fan_0: Missing property '#gpio-cells' in node /named-gpios/mecc-all-sys-pwrgd or bad phandle (referred from pgood-gpio[0])
[ptlrvp_npcx:rw] /mnt/host/source/src/platform/ec/build/zephyr/ptlrvp_npcx/build-rw/zephyr/zephyr.dts:4151.9-4159.5: Warning (gpios_property): /fans/fan_0: Missing property '#gpio-cells' in node /named-gpios/ec-fan-pwr-disable-n or bad phandle (referred from enable-gpio[0])
[veluza:ro] Parsing /mnt/host/source/src/platform/ec/zephyr/program/corsola/Kconfig
[kanix:rw] [338/420] Building C object CMakeFiles/app.dir/mnt/host/source/src/platform/ec/build/zephyr/kanix/modules/ec/common/usbc/usb_pd_console.c.obj
[kanix:rw] [339/420] Building C object CMakeFiles/app.dir/mnt/host/source/src/platform/ec/build/zephyr/kanix/modules/ec/driver/retimer/anx7452.c.obj
[kanix:rw] [340/420] Building C object CMakeFiles/app.dir/mnt/host/source/src/platform/ec/build/zephyr/kanix/modules/ec/driver/retimer/bb_retimer.c.obj
[kanix:rw] [341/420] Building C object CMakeFiles/app.dir/mnt/host/source/src/platform/ec/build/zephyr/kanix/modules/ec/common/event_log.c.obj
[kanix:rw] [342/420] Building C object CMakeFiles/app.dir/mnt/host/source/src/platform/ec/build/zephyr/kanix/modules/ec/driver/retimer/kb8010.c.obj
[kanix:rw] [343/420] Building C object CMakeFiles/app.dir/mnt/host/source/src/platform/ec/build/zephyr/kanix/modules/ec/driver/usb_mux/virtual.c.obj
[kanix:rw] [344/420] Building C object CMakeFiles/app.dir/mnt/host/source/src/platform/ec/build/zephyr/kanix/modules/ec/common/pd_log.c.obj
[kanix:rw] [345/420] Building C object CMakeFiles/app.dir/mnt/host/source/src/platform/ec/build/zephyr/kanix/modules/ec/driver/usb_mux/usb_mux.c.obj
[/mnt/host/source/src/platform/ec/build/zephyr/anakin-lcov]   /mnt/host/source/src/platform/ec/build/zephyr/anakin/build-ro/modules/ec/zephyr/CMakeFiles/ec_shim.dir/shim/src/keyscan.c.gcno:no functions found
[/mnt/host/source/src/platform/ec/build/zephyr/anakin-lcov] stderr:
[veluza:ro] Loaded configuration '/mnt/host/source/src/platform/ec/zephyr/boards/google/it8xxx2/it8xxx2_it81202bx_defconfig'
[veluza:ro] Merged configuration '/mnt/host/source/src/platform/ec/zephyr/program/corsola/program.conf'
[veluza:ro] Merged configuration '/mnt/host/source/src/platform/ec/zephyr/program/corsola/ite_program.conf'
[veluza:ro] Merged configuration '/mnt/host/source/src/platform/ec/zephyr/program/corsola/veluza/project.conf'
[veluza:ro] Merged configuration '/mnt/host/source/src/platform/ec/build/zephyr/veluza/kconfig-ro.conf'
[veluza:ro] Configuration saved to '/mnt/host/source/src/platform/ec/build/zephyr/veluza/build-ro/zephyr/.config'
[veluza:ro] Kconfig header saved to '/mnt/host/source/src/platform/ec/build/zephyr/veluza/build-ro/zephyr/include/generated/zephyr/autoconf.h'
[veluza:ro] -- Found GnuLd: /home/jpmurphy/.cache/coreboot-sdk/riscv64-elf/96b949749225b6aaa92ed810ab769e8dfb12f000/riscv64-elf/bin/ld.bfd (found version "2.43.1")
[kanix:rw] [346/420] Building C object CMakeFiles/app.dir/mnt/host/source/src/platform/ec/build/zephyr/kanix/modules/ec/common/usbc/usb_prl_sm.c.obj
[kanix:rw] [347/420] Building C object CMakeFiles/app.dir/mnt/host/source/src/platform/ec/build/zephyr/kanix/modules/ec/common/usbc/usb_tc_drp_acc_trysrc_sm.c.obj
[quartz:ro] -- Generated zephyr.dts: /mnt/host/source/src/platform/ec/build/zephyr/quartz/build-ro/zephyr/zephyr.dts
[kanix:rw] [348/420] Building C object CMakeFiles/app.dir/mnt/host/source/src/platform/ec/build/zephyr/kanix/modules/ec/common/usbc/usbc_pd_policy.c.obj
[veluza:ro] -- The C compiler identification is GNU 14.2.0
[kanix:rw] [349/420] Building C object CMakeFiles/app.dir/mnt/host/source/src/platform/ec/build/zephyr/kanix/modules/ec/common/usbc/usb_pd_dpm.c.obj
[kanix:rw] [350/420] Building C object CMakeFiles/app.dir/mnt/host/source/src/platform/ec/build/zephyr/kanix/modules/ec/common/usbc/usb_mode.c.obj
[veluza:ro] -- The CXX compiler identification is GNU 14.2.0
[kanix:rw] [351/420] Building C object CMakeFiles/app.dir/mnt/host/source/src/platform/ec/build/zephyr/kanix/modules/ec/common/usbc/tbt_alt_mode.c.obj
[kanix:rw] [352/420] Building C object CMakeFiles/app.dir/mnt/host/source/src/platform/ec/build/zephyr/kanix/modules/ec/common/usbc/dp_alt_mode.c.obj
[kanix:rw] [353/420] Building C object CMakeFiles/app.dir/mnt/host/source/src/platform/ec/build/zephyr/kanix/modules/ec/common/usbc/usb_retimer_fw_update.c.obj
[veluza:ro] -- The ASM compiler identification is GNU
[veluza:ro] -- Found assembler: /home/jpmurphy/.cache/coreboot-sdk/riscv64-elf/96b949749225b6aaa92ed810ab769e8dfb12f000/bin/riscv64-elf-gcc
[kanix:rw] [354/420] Building C object CMakeFiles/app.dir/mnt/host/source/src/platform/ec/build/zephyr/kanix/modules/ec/common/usbc/usb_pe_drp_sm.c.obj
[veluza:ro] warning: Deprecated symbol I2C_ALLOW_NO_STOP_TRANSACTIONS is enabled.
[veluza:ro] CMake Warning at /mnt/host/source/src/platform/ec/zephyr/cmake/linker/ld/linker_libraries.cmake:11 (message):
[veluza:ro]   Disabling c_library
[veluza:ro] Call Stack (most recent call first):
[veluza:ro]   /mnt/host/source/src/third_party/zephyr/main/cmake/target_toolchain_flags.cmake:48 (include)
[veluza:ro]   /mnt/host/source/src/third_party/zephyr/main/cmake/modules/kernel.cmake:153 (include)
[veluza:ro]   /mnt/host/source/src/third_party/zephyr/main/cmake/modules/zephyr_default.cmake:138 (include)
[veluza:ro]   /mnt/host/source/src/third_party/zephyr/main/share/zephyr-package/cmake/ZephyrConfig.cmake:66 (include)
[veluza:ro]   /mnt/host/source/src/third_party/zephyr/main/share/zephyr-package/cmake/ZephyrConfig.cmake:97 (include_boilerplate)
[veluza:ro]   CMakeLists.txt:7 (find_package)
[kanix:rw] [355/420] Building C object CMakeFiles/app.dir/mnt/host/source/src/platform/ec/build/zephyr/kanix/modules/ec/common/usb_pd_console_cmd.c.obj
[quartz:ro] -- Generated pickled edt: /mnt/host/source/src/platform/ec/build/zephyr/quartz/build-ro/zephyr/edt.pickle
[quartz:ro] -- Generated devicetree_generated.h: /mnt/host/source/src/platform/ec/build/zephyr/quartz/build-ro/zephyr/include/generated/zephyr/devicetree_generated.h
[kanix:rw] [356/420] Building C object CMakeFiles/app.dir/mnt/host/source/src/platform/ec/build/zephyr/kanix/modules/ec/common/usb_pd_host_cmd.c.obj
[kanix:rw] [357/420] Building C object CMakeFiles/app.dir/mnt/host/source/src/platform/ec/build/zephyr/kanix/modules/ec/common/usbc/usb_pd_host.c.obj
[veluza:ro] -- Performing EC specific devicetree checks
[kanix:rw] [358/420] Building C object CMakeFiles/app.dir/mnt/host/source/src/platform/ec/build/zephyr/kanix/modules/ec/common/usb_pd_host_cmd_common.c.obj
[veluza:ro] INFO: Verified 43 GPIOs, no duplicates found
[kanix:rw] [359/420] Building C object CMakeFiles/app.dir/mnt/host/source/src/platform/ec/build/zephyr/kanix/modules/ec/zephyr/shim/src/tcpc.c.obj
[kanix:rw] [360/420] Building C object CMakeFiles/app.dir/mnt/host/source/src/platform/ec/build/zephyr/kanix/modules/ec/common/usb_pd_alt_mode_ufp.c.obj
[kanix:rw] [361/420] Building C object CMakeFiles/app.dir/mnt/host/source/src/platform/ec/build/zephyr/kanix/modules/ec/common/usbc_ocp.c.obj
[veluza:ro] -- Generating component manifest file
[kanix:rw] [362/420] Building C object CMakeFiles/app.dir/mnt/host/source/src/platform/ec/build/zephyr/kanix/modules/ec/driver/tcpm/rt1715.c.obj
[kanix:rw] [363/420] Building C object CMakeFiles/app.dir/mnt/host/source/src/platform/ec/build/zephyr/kanix/modules/ec/common/usb_pd_discovery.c.obj
[kanix:rw] [364/420] Building C object CMakeFiles/app.dir/mnt/host/source/src/platform/ec/build/zephyr/kanix/modules/ec/common/usb_pd_dual_role.c.obj
[kanix:rw] [365/420] Building C object CMakeFiles/app.dir/mnt/host/source/src/platform/ec/build/zephyr/kanix/modules/ec/driver/tcpm/tcpci.c.obj
[veluza:ro] INFO: Verified 27 '*-gpios' properties, all flags match.
[veluza:ro] INFO: Skipped 0 named-gpios children.
[veluza:ro] INFO: Running CME, outputting to /mnt/host/source/src/platform/ec/build/zephyr/veluza/build-ro/zephyr/component_manifest.json
[veluza:ro] -- warning_base_override: -Wall;-Wformat;-Wformat-security;-Wformat;-Wno-format-zero-length;-Wno-pointer-sign;-Wpointer-arith;-Wexpansion-to-defined
[kanix:rw] [366/420] Building C object CMakeFiles/app.dir/mnt/host/source/src/platform/ec/build/zephyr/kanix/modules/ec/common/usbc_ppc.c.obj
[quartz:ro] /mnt/host/source/src/platform/ec/build/zephyr/quartz/build-ro/zephyr/zephyr.dts:4714.15-4721.5: Warning (gpios_property): /fans/fan_1: Missing property '#gpio-cells' in node /named-gpios/ec_en_pp5000_fan or bad phandle (referred from enable-gpio[0])
[kanix:rw] [367/420] Building C object CMakeFiles/app.dir/mnt/host/source/src/platform/ec/build/zephyr/kanix/modules/ec/driver/ppc/ktu1125.c.obj
[veluza:ro] -- Found gen_kobject_list: /mnt/host/source/src/third_party/zephyr/main/scripts/build/gen_kobject_list.py
[kanix:rw] [368/420] Building C object CMakeFiles/app.dir/mnt/host/source/src/platform/ec/build/zephyr/kanix/modules/ec/driver/ppc/nx20p348x.c.obj
[ptlrvp_npcx:rw] Parsing /mnt/host/source/src/platform/ec/zephyr/program/intelrvp/Kconfig
[kanix:rw] [369/420] Building C object CMakeFiles/app.dir/mnt/host/source/src/platform/ec/build/zephyr/kanix/modules/ec/driver/ppc/syv682x.c.obj
[kanix:rw] [370/420] Building C object CMakeFiles/app.dir/mnt/host/source/src/platform/ec/build/zephyr/kanix/modules/ec/common/math_util.c.obj
[kanix:rw] [371/420] Building C object CMakeFiles/app.dir/mnt/host/source/src/platform/ec/build/zephyr/kanix/modules/ec/common/vstore.c.obj
[veluza:ro] -- Configuring done (15.5s)
[kanix:rw] [372/420] Building C object CMakeFiles/app.dir/src/board_power.c.obj
[kanix:rw] [373/420] Building C object CMakeFiles/app.dir/mnt/host/source/src/platform/ec/build/zephyr/kanix/modules/ec/common/vboot_hash.c.obj
[kanix:rw] [374/420] Building C object CMakeFiles/app.dir/mnt/host/source/src/platform/ec/build/zephyr/kanix/modules/ec/common/vboot/efs2.c.obj
[kanix:rw] [375/420] Building C object CMakeFiles/app.dir/src/battery_present.c.obj
[veluza:ro] -- Generating done (0.4s)
[veluza:ro] INFO: Component usbpd@f03700(ite,it8xxx2-usbpd) not on I2C bus, skip it
[veluza:ro] INFO: Component virtual-mux-0(cros-ec,usbc-mux-virtual) not on I2C bus, skip it
[veluza:ro] INFO: Component virtual-mux-1(cros-ec,usbc-mux-virtual) not on I2C bus, skip it
[veluza:ro] INFO: Component virtual-mux-1(cros-ec,usbc-mux-virtual) not on I2C bus, skip it
[veluza:ro] CMake Warning:
[veluza:ro] -- Build files have been written to: /mnt/host/source/src/platform/ec/build/zephyr/veluza/build-ro
[kanix:rw] [376/420] Building C object CMakeFiles/app.dir/src/usb_pd_policy.c.obj
[kanix:rw] [377/420] Building C object CMakeFiles/app.dir/src/usbc_tbt_compat.c.obj
[veluza:ro]   Manually-specified variables were not used by the project:
[veluza:ro]     COREBOOT_SDK_ROOT_arm
[veluza:ro]     COREBOOT_SDK_ROOT_libstdcxx_arm
[veluza:ro]     COREBOOT_SDK_ROOT_libstdcxx_x86
[veluza:ro]     COREBOOT_SDK_ROOT_nds32
[veluza:ro]     COREBOOT_SDK_ROOT_picolibc_arm
[veluza:ro]     COREBOOT_SDK_ROOT_picolibc_x86
[veluza:ro]     COREBOOT_SDK_ROOT_riscv
[veluza:ro]     COREBOOT_SDK_ROOT_x86
Toolchain <zmake.toolchains.CorebootSdkToolchain object at 0x7f4120524c90> selected by probe function.
[rex-ish] Building in /mnt/host/source/src/platform/ec/build/zephyr/rex-ish.
[kanix:rw] [378/420] Linking C static library modules/ec/zephyr/libec_shim.a
[starmie:rw] Building: /usr/bin/ninja -C /mnt/host/source/src/platform/ec/build/zephyr/starmie/build-rw all.libraries
Running `env -i SHELL=/bin/bash COLORTERM=truecolor DEPOT_TOOLS_UPDATE=0 LESS='-R -M --shift 5' SUDO_GID=0 JDK_HOME=/etc/java-config-2/current-system-vm CONFIG_PROTECT_MASK='/etc/gentoo-release /etc/sandbox.d /etc/fonts/fonts.conf /etc/terminfo /etc/ca-certificates.conf /etc/revdep-rebuild' CHROMEOS_CACHEDIR=/var/cache/chromeos-cache JAVA_HOME=/etc/java-config-2/current-system-vm SSH_AUTH_SOCK=/tmp/ssh-auth-sock SUDO_COMMAND=/bin/bash SUDO_USER=root SUDO_TTY=/dev/pts/2 EDITOR=/usr/bin/vi PWD=/mnt/host/source/src/platform/ec CONFIG_PROTECT=/usr/share/gnupg/qualified.txt LOGNAME=jpmurphy MANPATH=/etc/java-config-2/current-system-vm/man:/usr/local/share/man:/usr/share/man:/usr/share/gcc-data/x86_64-pc-linux-gnu/10.2.0/man:/usr/share/binutils-data/x86_64-pc-linux-gnu/2.45/man:/etc/java-config-2/current-system-vm/man/ SUDO_HOME=/root XAUTHORITY=/run/user/944457/gdm/Xauthority HOME=/home/jpmurphy LANG=C.UTF-8 LS_COLORS='rs=0:di=01;34:ln=01;36:mh=00:pi=40;33:so=01;35:do=01;35:bd=40;33;01:cd=40;33;01:or=01;05;37;41:mi=01;05;37;41:su=37;41:sg=30;43:ca=30;41:tw=30;42:ow=34;42:st=37;44:ex=01;32:*.tar=01;31:*.tgz=01;31:*.arc=01;31:*.arj=01;31:*.taz=01;31:*.lha=01;31:*.lz4=01;31:*.lzh=01;31:*.lzma=01;31:*.tlz=01;31:*.txz=01;31:*.tzo=01;31:*.t7z=01;31:*.zip=01;31:*.z=01;31:*.dz=01;31:*.gz=01;31:*.lrz=01;31:*.lz=01;31:*.lzo=01;31:*.xz=01;31:*.zst=01;31:*.tzst=01;31:*.bz2=01;31:*.bz=01;31:*.tbz=01;31:*.tbz2=01;31:*.tz=01;31:*.deb=01;31:*.rpm=01;31:*.jar=01;31:*.war=01;31:*.ear=01;31:*.sar=01;31:*.rar=01;31:*.alz=01;31:*.ace=01;31:*.zoo=01;31:*.cpio=01;31:*.7z=01;31:*.rz=01;31:*.cab=01;31:*.wim=01;31:*.swm=01;31:*.dwm=01;31:*.esd=01;31:*.jpg=01;35:*.jpeg=01;35:*.mjpg=01;35:*.mjpeg=01;35:*.gif=01;35:*.bmp=01;35:*.pbm=01;35:*.pgm=01;35:*.ppm=01;35:*.tga=01;35:*.xbm=01;35:*.xpm=01;35:*.tif=01;35:*.tiff=01;35:*.png=01;35:*.svg=01;35:*.svgz=01;35:*.mng=01;35:*.pcx=01;35:*.mov=01;35:*.mpg=01;35:*.mpeg=01;35:*.m2v=01;35:*.mkv=01;35:*.webm=01;35:*.webp=01;35:*.ogm=01;35:*.mp4=01;35:*.m4v=01;35:*.mp4v=01;35:*.vob=01;35:*.qt=01;35:*.nuv=01;35:*.wmv=01;35:*.asf=01;35:*.rm=01;35:*.rmvb=01;35:*.flc=01;35:*.avi=01;35:*.fli=01;35:*.flv=01;35:*.gl=01;35:*.dl=01;35:*.xcf=01;35:*.xwd=01;35:*.yuv=01;35:*.cgm=01;35:*.emf=01;35:*.ogv=01;35:*.ogx=01;35:*.cfg=00;32:*.conf=00;32:*.diff=00;32:*.doc=00;32:*.ini=00;32:*.log=00;32:*.patch=00;32:*.pdf=00;32:*.ps=00;32:*.tex=00;32:*.txt=00;32:*.aac=00;36:*.au=00;36:*.flac=00;36:*.m4a=00;36:*.mid=00;36:*.midi=00;36:*.mka=00;36:*.mp3=00;36:*.mpc=00;36:*.ogg=00;36:*.ra=00;36:*.wav=00;36:*.oga=00;36:*.opus=00;36:*.spx=00;36:*.xspf=00;36:' XDG_CURRENT_DESKTOP=GNOME INFOPATH=/usr/share/info:/usr/share/gcc-data/x86_64-pc-linux-gnu/10.2.0/info:/usr/share/binutils-data/x86_64-pc-linux-gnu/2.45/info:/usr/share/automake-1.16.5/info JAVAC=/etc/java-config-2/current-system-vm/bin/javac TERM=xterm-256color LESSOPEN='|lesspipe %s' USER=jpmurphy CROS_WORKON_SRCROOT=/mnt/host/source MANPAGER=manpager DISPLAY=:1 SHLVL=1 LC_MESSAGES=C EXTERNAL_TRUNK_PATH=/mnt/8f9d649a-3721-44cc-93c0-e6bd21a9689f/chromiumos GCC_SPECS='' PATH=/mnt/host/source/chromite/bin:/usr/local/bin:/usr/bin:/bin:/opt/bin:/mnt/host/source/chromite/sdk/bin:/mnt/host/source/chromite/bin PORTAGE_USERNAME=jpmurphy SUDO_UID=0 GCC_VER=10.2.0 MAIL=/var/mail/jpmurphy OLDPWD=/mnt/host/source/src/scripts traceparent=00-e87aca51550a78635907baa6a2476181-6d684811675d2973-01 _=./zephyr/firmware_builder.py COREBOOT_SDK_ROOT_x86=/home/jpmurphy/.cache/coreboot-sdk/i386-elf/dfbb0486385d938cfa9d73080b9d18d598ed4f49 COREBOOT_SDK_ROOT_picolibc_x86=/home/jpmurphy/.cache/coreboot-sdk/picolibc-i386-elf/eb8e8e687b95461de8cbf278f1c2076952d0ad17 COREBOOT_SDK_ROOT_riscv64=/home/jpmurphy/.cache/coreboot-sdk/riscv64-elf/96b949749225b6aaa92ed810ab769e8dfb12f000 COREBOOT_SDK_ROOT_picolibc_arm=/home/jpmurphy/.cache/coreboot-sdk/picolibc-arm-eabi/422a2aa3e1ef891b5bece9a3deb696ff83840d2e COREBOOT_SDK_ROOT_nds32=/home/jpmurphy/.cache/coreboot-sdk/nds32le-elf/d1a518c4a097666d86058e1444f85ca015d15511 COREBOOT_SDK_ROOT_picolibc_riscv64=/home/jpmurphy/.cache/coreboot-sdk/picolibc-riscv64-elf/f571e990ef0278564b31124f8bb109d9a697eb69 COREBOOT_SDK_ROOT_arm=/home/jpmurphy/.cache/coreboot-sdk/arm-eabi/ea40ddd1d190c3b48435c474c0b545719371813a COREBOOT_SDK_ROOT_libstdcxx_riscv64=/home/jpmurphy/.cache/coreboot-sdk/libstdcxx-riscv64-elf/17abf22a3a252e2d5d2062ced5324f7a623689e0 COREBOOT_SDK_ROOT_libstdcxx_arm=/home/jpmurphy/.cache/coreboot-sdk/libstdcxx-arm-eabi/5d7d82e150e44aa1968f1d366e267e6687b328ac COREBOOT_SDK_ROOT_riscv=/home/jpmurphy/.cache/coreboot-sdk/riscv-elf/9a27b9e82341c6e9126624f516ab3f261abb3e73 COREBOOT_SDK_ROOT_libstdcxx_x86=/home/jpmurphy/.cache/coreboot-sdk/libstdcxx-i386-elf/42ef9d2e87a76a37963175d7d428734e65648b87 PYTHONPATH=/mnt/host/source/src/platform/ec/zephyr/zmake PW_PIGWEED_CIPD_INSTALL_DIR=/usr CROSTC_USER_ACKNOWLEDGES_THAT_RISCV_IS_EXPERIMENTAL=1 MAKEFLAGS=' -j16 --jobserver-auth=5,6' /usr/bin/ninja -C /mnt/host/source/src/platform/ec/build/zephyr/starmie/build-rw all.libraries`
[starmie:rw] ninja: Entering directory `/mnt/host/source/src/platform/ec/build/zephyr/starmie/build-rw'
[/mnt/host/source/src/platform/ec/build/zephyr/anakin-lcov]   /mnt/host/source/src/platform/ec/build/zephyr/anakin/build-ro/CMakeFiles/app.dir/mnt/host/source/src/platform/ec/build/zephyr/anakin/modules/ec/common/chargen.c.gcno:no functions found
[/mnt/host/source/src/platform/ec/build/zephyr/anakin-lcov] stderr:
[ptlrvp_npcx:rw] Loaded configuration '/mnt/host/source/src/platform/ec/zephyr/boards/google/npcx9/npcx9_npcx9m7f_defconfig'
[ptlrvp_npcx:rw] Merged configuration '/mnt/host/source/src/platform/ec/zephyr/program/intelrvp/program.conf'
[ptlrvp_npcx:rw] Merged configuration '/mnt/host/source/src/platform/ec/zephyr/program/intelrvp/ptlrvp/program.conf'
[ptlrvp_npcx:rw] Merged configuration '/mnt/host/source/src/platform/ec/zephyr/program/intelrvp/ptlrvp/ptlrvp_npcx/project.conf'
[ptlrvp_npcx:rw] Merged configuration '/mnt/host/source/src/platform/ec/zephyr/program/intelrvp/ptlrvp/pd.conf'
[ptlrvp_npcx:rw] Merged configuration '/mnt/host/source/src/platform/ec/zephyr/program/intelrvp/zephyr_ap_pwrseq.conf'
[ptlrvp_npcx:rw] Merged configuration '/mnt/host/source/src/platform/ec/build/zephyr/ptlrvp_npcx/kconfig-rw.conf'
[ptlrvp_npcx:rw] Configuration saved to '/mnt/host/source/src/platform/ec/build/zephyr/ptlrvp_npcx/build-rw/zephyr/.config'
[ptlrvp_npcx:rw] Kconfig header saved to '/mnt/host/source/src/platform/ec/build/zephyr/ptlrvp_npcx/build-rw/zephyr/include/generated/zephyr/autoconf.h'
[ptlrvp_npcx:rw] -- Found GnuLd: /home/jpmurphy/.cache/coreboot-sdk/arm-eabi/ea40ddd1d190c3b48435c474c0b545719371813a/arm-eabi/bin/ld.bfd (found version "2.43.1")
[kanix:rw] [379/420] Building C object CMakeFiles/app.dir/kanix/src/i2c_policy.c.obj
[kanix:rw] [380/420] Building C object CMakeFiles/app.dir/kanix/src/charger.c.obj
[kanix:rw] [381/420] Building C object CMakeFiles/app.dir/kanix/src/thermal.c.obj
[kanix:rw] [382/420] Building C object CMakeFiles/app.dir/kanix/src/touch_panel.c.obj
[kanix:rw] [383/420] Building C object CMakeFiles/app.dir/kanix/src/keyboard_customization.c.obj
[kanix:rw] [384/420] Building C object CMakeFiles/app.dir/kanix/src/usb_mux_config.c.obj
[kanix:rw] [385/420] Building C object CMakeFiles/app.dir/kanix/src/usbc_config.c.obj
[ptlrvp_npcx:rw] -- The C compiler identification is GNU 14.2.0
[kanix:rw] [386/420] Building C object CMakeFiles/app.dir/kanix/src/keyboard.c.obj
[starmie:rw] [1/380] Generating include/generated/zephyr/version.h
[starmie:rw] -- git describe warned: warning: tag 'upstream/v2.7.99' is externally known as 'v2.7.99'
[starmie:rw] -- Zephyr version: 4.3.99 (/mnt/host/source/src/third_party/zephyr/main)
[starmie:rw] [2/380] Preparing syscall dependency handling
[ptlrvp_npcx:rw] -- The CXX compiler identification is GNU 14.2.0
[kanix:rw] [387/420] Building C object zephyr/kernel/CMakeFiles/kernel.dir/main_weak.c.obj
[starmie:rw] [3/380] Generating misc/generated/syscalls_subdirs.trigger
[kanix:rw] [388/420] Building C object zephyr/kernel/CMakeFiles/kernel.dir/banner.c.obj
[ptlrvp_npcx:rw] -- The ASM compiler identification is GNU
[ptlrvp_npcx:rw] -- Found assembler: /home/jpmurphy/.cache/coreboot-sdk/arm-eabi/ea40ddd1d190c3b48435c474c0b545719371813a/bin/arm-eabi-gcc
[kanix:rw] [389/420] Linking C static library app/libapp.a
[ptlrvp_npcx:rw] warning: Deprecated symbol I2C_ALLOW_NO_STOP_TRANSACTIONS is enabled.
[ptlrvp_npcx:rw] CMake Warning at /mnt/host/source/src/platform/ec/zephyr/cmake/linker/ld/linker_libraries.cmake:11 (message):
[ptlrvp_npcx:rw]   Disabling c_library
[ptlrvp_npcx:rw] Call Stack (most recent call first):
[ptlrvp_npcx:rw]   /mnt/host/source/src/third_party/zephyr/main/cmake/target_toolchain_flags.cmake:48 (include)
[ptlrvp_npcx:rw]   /mnt/host/source/src/third_party/zephyr/main/cmake/modules/kernel.cmake:153 (include)
[ptlrvp_npcx:rw]   /mnt/host/source/src/third_party/zephyr/main/cmake/modules/zephyr_default.cmake:138 (include)
[ptlrvp_npcx:rw]   /mnt/host/source/src/third_party/zephyr/main/share/zephyr-package/cmake/ZephyrConfig.cmake:66 (include)
[ptlrvp_npcx:rw]   /mnt/host/source/src/third_party/zephyr/main/share/zephyr-package/cmake/ZephyrConfig.cmake:97 (include_boilerplate)
[ptlrvp_npcx:rw]   CMakeLists.txt:7 (find_package)
[kanix:rw] [390/420] Building C object zephyr/kernel/CMakeFiles/kernel.dir/version.c.obj
[/mnt/host/source/src/platform/ec/build/zephyr/ite-aic-rtk-pdc-lcov]   /mnt/host/source/src/platform/ec/build/zephyr/ite-aic-rtk-pdc/build-rw/modules/ec/zephyr/CMakeFiles/ec_shim.dir/shim/src/charger.c.gcno:no functions found
[/mnt/host/source/src/platform/ec/build/zephyr/ite-aic-rtk-pdc-lcov] stderr:
[kanix:rw] [391/420] Building C object zephyr/kernel/CMakeFiles/kernel.dir/device.c.obj
[kanix:rw] [392/420] Building C object zephyr/kernel/CMakeFiles/kernel.dir/busy_wait.c.obj
[kanix:rw] [393/420] Building C object zephyr/kernel/CMakeFiles/kernel.dir/errno.c.obj
[kanix:rw] [394/420] Building C object zephyr/kernel/CMakeFiles/kernel.dir/fatal.c.obj
[kanix:rw] [395/420] Building C object zephyr/kernel/CMakeFiles/kernel.dir/kheap.c.obj
[kanix:rw] [396/420] Building C object zephyr/kernel/CMakeFiles/kernel.dir/init.c.obj
[kanix:rw] [397/420] Building C object zephyr/kernel/CMakeFiles/kernel.dir/float.c.obj
[kanix:rw] [398/420] Building C object zephyr/kernel/CMakeFiles/kernel.dir/mem_slab.c.obj
[ptlrvp_npcx:rw] -- Performing EC specific devicetree checks
[starmie:rw] [4/380] Generating misc/generated/syscalls.json, misc/generated/struct_tags.json
[quartz:ro] /mnt/host/source/src/platform/ec/build/zephyr/quartz/build-ro/zephyr/zephyr.dts:4724.15-4731.5: Warning (gpios_property): /fans/fan_2: Missing property '#gpio-cells' in node /named-gpios/ec_en_pp5000_fan or bad phandle (referred from enable-gpio[0])
[quartz:ro] warning: PLATFORM_EC_LED_COMMON (defined at /mnt/host/source/src/platform/ec/zephyr/Kconfig.led:5)
[quartz:ro] was assigned the value 'y' but got the value 'n'. Check these unsatisfied dependencies:
[quartz:ro] (!PLATFORM_EC_LED_DT) (=n). See
[quartz:ro] http://docs.zephyrproject.org/latest/kconfig.html#CONFIG_PLATFORM_EC_LED_COMMON and/or look up
[quartz:ro] PLATFORM_EC_LED_COMMON in the menuconfig/guiconfig interface. The Application Development Primer,
[quartz:ro] Setting Configuration Values, and Kconfig - Tips and Best Practices sections of the manual might be
[quartz:ro] helpful too.
[quartz:ro] warning: Deprecated symbol I2C_ALLOW_NO_STOP_TRANSACTIONS is enabled.
[kanix:rw] [399/420] Building C object zephyr/kernel/CMakeFiles/kernel.dir/idle.c.obj
[starmie:rw] [5/380] Generating include/generated/zephyr/syscall_dispatch.c, include/generated/zephyr/syscall_exports_llext.c, syscall_weakdefs_llext.c, include/generated/zephyr/syscall_list.h
[kanix:rw] [400/420] Building C object zephyr/kernel/CMakeFiles/kernel.dir/mailbox.c.obj
[ptlrvp_npcx:rw] INFO: Verified 111 GPIOs, no duplicates found
[ptlrvp_npcx:rw] INFO: Verified 17 '*-gpios' properties, all flags match.
[ptlrvp_npcx:rw] INFO: Skipped 8 named-gpios children.
[kanix:rw] [401/420] Building C object zephyr/kernel/CMakeFiles/kernel.dir/msg_q.c.obj
[starmie:rw] [6/380] Generating include/generated/zephyr/driver-validation.h
[kanix:rw] [402/420] Building C object zephyr/kernel/CMakeFiles/kernel.dir/queue.c.obj
[kanix:rw] [403/420] Building C object zephyr/kernel/CMakeFiles/kernel.dir/mutex.c.obj
[ptlrvp_npcx:rw] -- Generating component manifest file
[starmie:rw] [7/380] Generating include/generated/zephyr/kobj-types-enum.h, include/generated/zephyr/otype-to-str.h, include/generated/zephyr/otype-to-size.h
[kanix:rw] [404/420] Building C object zephyr/kernel/CMakeFiles/kernel.dir/sem.c.obj
[quartz:ro] Parsing /mnt/host/source/src/platform/ec/zephyr/program/bluey/Kconfig
[kanix:rw] [405/420] Building C object zephyr/kernel/CMakeFiles/kernel.dir/system_work_q.c.obj
[kanix:rw] [406/420] Building C object zephyr/kernel/CMakeFiles/kernel.dir/stack.c.obj
[starmie:rw] [8/380] Generating include/generated/device-api-sections.ld, include/generated/device-api-sections.cmake
[starmie:rw] [9/380] Building C object zephyr/CMakeFiles/offsets.dir/arch/riscv/core/offsets/offsets.c.obj
[ptlrvp_npcx:rw] INFO: Running CME, outputting to /mnt/host/source/src/platform/ec/build/zephyr/ptlrvp_npcx/build-rw/zephyr/component_manifest.json
[ptlrvp_npcx:rw] INFO: Project ptlrvp_npcx does not support SSFC
[kanix:rw] [407/420] Building C object zephyr/kernel/CMakeFiles/kernel.dir/work.c.obj
[kanix:rw] [408/420] Building C object zephyr/kernel/CMakeFiles/kernel.dir/condvar.c.obj
[starmie:rw] [10/380] Generating include/generated/zephyr/offsets.h
[starmie:rw] [11/380] Building C object zephyr/CMakeFiles/zephyr.dir/lib/libc/validate_libc.c.obj
[starmie:rw] [12/380] Building C object zephyr/CMakeFiles/zephyr.dir/lib/heap/heap.c.obj
[starmie:rw] [13/380] Building C object zephyr/CMakeFiles/zephyr.dir/lib/os/cbprintf_packaged.c.obj
[starmie:rw] [14/380] Building C object zephyr/CMakeFiles/zephyr.dir/lib/os/clock.c.obj
[starmie:rw] [15/380] Building C object zephyr/CMakeFiles/zephyr.dir/lib/os/printk.c.obj
[starmie:rw] [16/380] Building C object zephyr/CMakeFiles/zephyr.dir/lib/os/sem.c.obj
[starmie:rw] [17/380] Building C object zephyr/CMakeFiles/zephyr.dir/lib/os/thread_entry.c.obj
[starmie:rw] [18/380] Building C object zephyr/CMakeFiles/zephyr.dir/lib/os/cbprintf_nano.c.obj
[starmie:rw] [19/380] Building C object zephyr/CMakeFiles/zephyr.dir/lib/os/cbprintf.c.obj
[kanix:rw] [409/420] Building C object zephyr/kernel/CMakeFiles/kernel.dir/thread.c.obj
[starmie:rw] [20/380] Building C object zephyr/CMakeFiles/zephyr.dir/lib/os/assert.c.obj
[ptlrvp_npcx:rw] -- warning_base_override: -Wall;-Wformat;-Wformat-security;-Wformat;-Wno-format-zero-length;-Wno-pointer-sign;-Wpointer-arith;-Wexpansion-to-defined
[starmie:rw] [21/380] Building C object zephyr/CMakeFiles/zephyr.dir/lib/utils/dec.c.obj
[starmie:rw] [22/380] Building C object zephyr/CMakeFiles/zephyr.dir/lib/utils/hex.c.obj
[starmie:rw] [23/380] Building C object zephyr/CMakeFiles/zephyr.dir/lib/utils/rb.c.obj
[starmie:rw] [24/380] Building C object zephyr/CMakeFiles/zephyr.dir/lib/utils/timeutil.c.obj
[starmie:rw] [25/380] Building C object zephyr/CMakeFiles/zephyr.dir/lib/utils/bitarray.c.obj
[starmie:rw] [26/380] Building C object zephyr/CMakeFiles/zephyr.dir/lib/utils/bitmask.c.obj
[starmie:rw] [27/380] Building C object zephyr/CMakeFiles/zephyr.dir/lib/utils/getopt/getopt.c.obj
[starmie:rw] [28/380] Building C object zephyr/CMakeFiles/zephyr.dir/lib/utils/getopt/getopt_common.c.obj
[starmie:rw] [29/380] Building C object zephyr/CMakeFiles/zephyr.dir/lib/utils/ring_buffer.c.obj
[starmie:rw] [30/380] Building C object zephyr/CMakeFiles/zephyr.dir/lib/utils/last_section_id.c.obj
[starmie:rw] [31/380] Building C object zephyr/CMakeFiles/zephyr.dir/misc/generated/configs.c.obj
[kanix:rw] [410/420] Building C object zephyr/kernel/CMakeFiles/kernel.dir/sched.c.obj
[kanix:rw] [411/420] Building C object zephyr/kernel/CMakeFiles/kernel.dir/pipe.c.obj
[starmie:rw] [32/380] Building C object zephyr/CMakeFiles/zephyr.dir/soc/ite/ec/common/soc_common_irq.c.obj
[starmie:rw] [33/380] Building C object zephyr/CMakeFiles/zephyr.dir/soc/ite/ec/common/power.c.obj
[kanix:rw] [412/420] Building C object zephyr/kernel/CMakeFiles/kernel.dir/thread_monitor.c.obj
[starmie:rw] [34/380] Building C object zephyr/CMakeFiles/zephyr.dir/soc/ite/ec/common/policy.c.obj
[starmie:rw] [35/380] Building C object zephyr/CMakeFiles/zephyr.dir/soc/ite/ec/it8xxx2/soc.c.obj
[starmie:rw] [36/380] Building C object zephyr/CMakeFiles/zephyr.dir/soc/ite/ec/it8xxx2/check_regs.c.obj
[kanix:rw] [413/420] Building C object zephyr/kernel/CMakeFiles/kernel.dir/spinlock_validate.c.obj
[starmie:rw] [37/380] Building C object zephyr/CMakeFiles/zephyr.dir/soc/ite/ec/it8xxx2/ilm.c.obj
[starmie:rw] [38/380] Building C object zephyr/CMakeFiles/zephyr.dir/subsys/logging/log_minimal.c.obj
[starmie:rw] [39/380] Building C object zephyr/CMakeFiles/zephyr.dir/subsys/pm/pm.c.obj
[starmie:rw] [40/380] Building C object zephyr/CMakeFiles/zephyr.dir/subsys/pm/state.c.obj
[kanix:rw] [414/420] Building C object zephyr/kernel/CMakeFiles/kernel.dir/timeout.c.obj
[matsu_it82000:rw] Configuring.
[starmie:rw] [41/380] Building C object zephyr/CMakeFiles/zephyr.dir/subsys/pm/policy/policy_events.c.obj
Running `env -i PYTHONPATH=/usr/lib64/python-exec/python3.11:/mnt/host/source/src/platform/ec/zephyr/zmake:/usr/lib/python311.zip:/usr/lib/python3.11:/usr/lib/python3.11/lib-dynload:/usr/lib/python3.11/site-packages PW_PIGWEED_CIPD_INSTALL_DIR=/usr CROSTC_USER_ACKNOWLEDGES_THAT_RISCV_IS_EXPERIMENTAL=1 PATH=/mnt/host/source/chromite/bin:/usr/local/bin:/usr/bin:/bin:/opt/bin:/mnt/host/source/chromite/sdk/bin:/mnt/host/source/chromite/bin HOME=/home/jpmurphy JAVA_HOME=/etc/java-config-2/current-system-vm JDK_HOME=/etc/java-config-2/current-system-vm JAVAC=/etc/java-config-2/current-system-vm/bin/javac MAKEFLAGS=' -j16 --jobserver-auth=5,6' /usr/bin/cmake -S /mnt/host/source/src/platform/ec/zephyr/program/ocelot -B /mnt/host/source/src/platform/ec/build/zephyr/matsu_it82000/build-rw -GNinja -DCMAKE_EXPORT_COMPILE_COMMANDS=ON -DZEPHYR_BASE=/mnt/host/source/src/third_party/zephyr/main -DZMAKE_INCLUDE_DIR=/mnt/host/source/src/platform/ec/build/zephyr/matsu_it82000/include -DPython3_EXECUTABLE=/usr/bin/python3.11 -DDTS_ROOT=/mnt/host/source/src/platform/ec/zephyr -DSYSCALL_INCLUDE_DIRS=/mnt/host/source/src/platform/ec/zephyr/include/drivers -DUSER_CACHE_DIR=/mnt/host/source/src/platform/ec/build/zephyr/user-cache -DPW_ROOT=/mnt/host/source/src/third_party/pigweed -DNANOPB_DIR=/mnt/host/source/src/third_party/zephyr/nanopb '-DEXTRA_EC_VERSION_FLAGS=--version 16543.0.0 --static' -DTOOLCHAIN_ROOT=/mnt/host/source/src/platform/ec/zephyr -DCOREBOOT_SDK_ROOT_x86=/home/jpmurphy/.cache/coreboot-sdk/i386-elf/dfbb0486385d938cfa9d73080b9d18d598ed4f49 -DCOREBOOT_SDK_ROOT_picolibc_x86=/home/jpmurphy/.cache/coreboot-sdk/picolibc-i386-elf/eb8e8e687b95461de8cbf278f1c2076952d0ad17 -DCOREBOOT_SDK_ROOT_riscv64=/home/jpmurphy/.cache/coreboot-sdk/riscv64-elf/96b949749225b6aaa92ed810ab769e8dfb12f000 -DCOREBOOT_SDK_ROOT_picolibc_arm=/home/jpmurphy/.cache/coreboot-sdk/picolibc-arm-eabi/422a2aa3e1ef891b5bece9a3deb696ff83840d2e -DCOREBOOT_SDK_ROOT_nds32=/home/jpmurphy/.cache/coreboot-sdk/nds32le-elf/d1a518c4a097666d86058e1444f85ca015d15511 -DCOREBOOT_SDK_ROOT_picolibc_riscv64=/home/jpmurphy/.cache/coreboot-sdk/picolibc-riscv64-elf/f571e990ef0278564b31124f8bb109d9a697eb69 -DCOREBOOT_SDK_ROOT_arm=/home/jpmurphy/.cache/coreboot-sdk/arm-eabi/ea40ddd1d190c3b48435c474c0b545719371813a -DCOREBOOT_SDK_ROOT_libstdcxx_riscv64=/home/jpmurphy/.cache/coreboot-sdk/libstdcxx-riscv64-elf/17abf22a3a252e2d5d2062ced5324f7a623689e0 -DCOREBOOT_SDK_ROOT_libstdcxx_arm=/home/jpmurphy/.cache/coreboot-sdk/libstdcxx-arm-eabi/5d7d82e150e44aa1968f1d366e267e6687b328ac -DCOREBOOT_SDK_ROOT_riscv=/home/jpmurphy/.cache/coreboot-sdk/riscv-elf/9a27b9e82341c6e9126624f516ab3f261abb3e73 -DCOREBOOT_SDK_ROOT_libstdcxx_x86=/home/jpmurphy/.cache/coreboot-sdk/libstdcxx-i386-elf/42ef9d2e87a76a37963175d7d428734e65648b87 -DZEPHYR_TOOLCHAIN_VARIANT=coreboot-sdk '-DZEPHYR_MODULES=/mnt/host/source/src/platform/ec/build/zephyr/matsu_it82000/modules/cmsis;/mnt/host/source/src/platform/ec/build/zephyr/matsu_it82000/modules/cmsis_6;/mnt/host/source/src/platform/ec/build/zephyr/matsu_it82000/modules/ec;/mnt/host/source/src/platform/ec/build/zephyr/matsu_it82000/modules/pigweed;/mnt/host/source/src/platform/ec/build/zephyr/matsu_it82000/modules/nanopb' '-DDTC_OVERLAY_FILE=/mnt/host/source/src/platform/ec/zephyr/program/ocelot/matsu/project.overlay;/mnt/host/source/src/platform/ec/zephyr/program/ocelot/matsu/it82000.overlay' -DBOARD=it8xxx2/it82000bw -DCMAKE_C_FLAGS=-DSECTION_IS_RW '-DCONF_FILE=/mnt/host/source/src/platform/ec/zephyr/program/ocelot/program.conf;/mnt/host/source/src/platform/ec/zephyr/program/ocelot/matsu/project.conf;/mnt/host/source/src/platform/ec/build/zephyr/matsu_it82000/kconfig-rw.conf'`
[matsu_it82000:rw] Loading Zephyr default modules (Zephyr base (cached)).
[matsu_it82000:rw] -- Application: /mnt/host/source/src/platform/ec/zephyr/program/ocelot
[matsu_it82000:rw] -- CMake version: 3.31.7
[starmie:rw] [42/380] Building C object zephyr/CMakeFiles/zephyr.dir/subsys/pm/policy/policy_latency.c.obj
[ptlrvp_npcx:rw] -- Found gen_kobject_list: /mnt/host/source/src/third_party/zephyr/main/scripts/build/gen_kobject_list.py
[starmie:rw] [43/380] Building C object zephyr/CMakeFiles/zephyr.dir/subsys/pm/policy/policy_state_lock.c.obj
[starmie:rw] [44/380] Building ASM object zephyr/CMakeFiles/zephyr.dir/soc/ite/ec/it8xxx2/__arithmetic.S.obj
[veluza:ro] Building: /usr/bin/ninja -C /mnt/host/source/src/platform/ec/build/zephyr/veluza/build-ro all.libraries
Running `env -i SHELL=/bin/bash COLORTERM=truecolor DEPOT_TOOLS_UPDATE=0 LESS='-R -M --shift 5' SUDO_GID=0 JDK_HOME=/etc/java-config-2/current-system-vm CONFIG_PROTECT_MASK='/etc/gentoo-release /etc/sandbox.d /etc/fonts/fonts.conf /etc/terminfo /etc/ca-certificates.conf /etc/revdep-rebuild' CHROMEOS_CACHEDIR=/var/cache/chromeos-cache JAVA_HOME=/etc/java-config-2/current-system-vm SSH_AUTH_SOCK=/tmp/ssh-auth-sock SUDO_COMMAND=/bin/bash SUDO_USER=root SUDO_TTY=/dev/pts/2 EDITOR=/usr/bin/vi PWD=/mnt/host/source/src/platform/ec CONFIG_PROTECT=/usr/share/gnupg/qualified.txt LOGNAME=jpmurphy MANPATH=/etc/java-config-2/current-system-vm/man:/usr/local/share/man:/usr/share/man:/usr/share/gcc-data/x86_64-pc-linux-gnu/10.2.0/man:/usr/share/binutils-data/x86_64-pc-linux-gnu/2.45/man:/etc/java-config-2/current-system-vm/man/ SUDO_HOME=/root XAUTHORITY=/run/user/944457/gdm/Xauthority HOME=/home/jpmurphy LANG=C.UTF-8 LS_COLORS='rs=0:di=01;34:ln=01;36:mh=00:pi=40;33:so=01;35:do=01;35:bd=40;33;01:cd=40;33;01:or=01;05;37;41:mi=01;05;37;41:su=37;41:sg=30;43:ca=30;41:tw=30;42:ow=34;42:st=37;44:ex=01;32:*.tar=01;31:*.tgz=01;31:*.arc=01;31:*.arj=01;31:*.taz=01;31:*.lha=01;31:*.lz4=01;31:*.lzh=01;31:*.lzma=01;31:*.tlz=01;31:*.txz=01;31:*.tzo=01;31:*.t7z=01;31:*.zip=01;31:*.z=01;31:*.dz=01;31:*.gz=01;31:*.lrz=01;31:*.lz=01;31:*.lzo=01;31:*.xz=01;31:*.zst=01;31:*.tzst=01;31:*.bz2=01;31:*.bz=01;31:*.tbz=01;31:*.tbz2=01;31:*.tz=01;31:*.deb=01;31:*.rpm=01;31:*.jar=01;31:*.war=01;31:*.ear=01;31:*.sar=01;31:*.rar=01;31:*.alz=01;31:*.ace=01;31:*.zoo=01;31:*.cpio=01;31:*.7z=01;31:*.rz=01;31:*.cab=01;31:*.wim=01;31:*.swm=01;31:*.dwm=01;31:*.esd=01;31:*.jpg=01;35:*.jpeg=01;35:*.mjpg=01;35:*.mjpeg=01;35:*.gif=01;35:*.bmp=01;35:*.pbm=01;35:*.pgm=01;35:*.ppm=01;35:*.tga=01;35:*.xbm=01;35:*.xpm=01;35:*.tif=01;35:*.tiff=01;35:*.png=01;35:*.svg=01;35:*.svgz=01;35:*.mng=01;35:*.pcx=01;35:*.mov=01;35:*.mpg=01;35:*.mpeg=01;35:*.m2v=01;35:*.mkv=01;35:*.webm=01;35:*.webp=01;35:*.ogm=01;35:*.mp4=01;35:*.m4v=01;35:*.mp4v=01;35:*.vob=01;35:*.qt=01;35:*.nuv=01;35:*.wmv=01;35:*.asf=01;35:*.rm=01;35:*.rmvb=01;35:*.flc=01;35:*.avi=01;35:*.fli=01;35:*.flv=01;35:*.gl=01;35:*.dl=01;35:*.xcf=01;35:*.xwd=01;35:*.yuv=01;35:*.cgm=01;35:*.emf=01;35:*.ogv=01;35:*.ogx=01;35:*.cfg=00;32:*.conf=00;32:*.diff=00;32:*.doc=00;32:*.ini=00;32:*.log=00;32:*.patch=00;32:*.pdf=00;32:*.ps=00;32:*.tex=00;32:*.txt=00;32:*.aac=00;36:*.au=00;36:*.flac=00;36:*.m4a=00;36:*.mid=00;36:*.midi=00;36:*.mka=00;36:*.mp3=00;36:*.mpc=00;36:*.ogg=00;36:*.ra=00;36:*.wav=00;36:*.oga=00;36:*.opus=00;36:*.spx=00;36:*.xspf=00;36:' XDG_CURRENT_DESKTOP=GNOME INFOPATH=/usr/share/info:/usr/share/gcc-data/x86_64-pc-linux-gnu/10.2.0/info:/usr/share/binutils-data/x86_64-pc-linux-gnu/2.45/info:/usr/share/automake-1.16.5/info JAVAC=/etc/java-config-2/current-system-vm/bin/javac TERM=xterm-256color LESSOPEN='|lesspipe %s' USER=jpmurphy CROS_WORKON_SRCROOT=/mnt/host/source MANPAGER=manpager DISPLAY=:1 SHLVL=1 LC_MESSAGES=C EXTERNAL_TRUNK_PATH=/mnt/8f9d649a-3721-44cc-93c0-e6bd21a9689f/chromiumos GCC_SPECS='' PATH=/mnt/host/source/chromite/bin:/usr/local/bin:/usr/bin:/bin:/opt/bin:/mnt/host/source/chromite/sdk/bin:/mnt/host/source/chromite/bin PORTAGE_USERNAME=jpmurphy SUDO_UID=0 GCC_VER=10.2.0 MAIL=/var/mail/jpmurphy OLDPWD=/mnt/host/source/src/scripts traceparent=00-e87aca51550a78635907baa6a2476181-6d684811675d2973-01 _=./zephyr/firmware_builder.py COREBOOT_SDK_ROOT_x86=/home/jpmurphy/.cache/coreboot-sdk/i386-elf/dfbb0486385d938cfa9d73080b9d18d598ed4f49 COREBOOT_SDK_ROOT_picolibc_x86=/home/jpmurphy/.cache/coreboot-sdk/picolibc-i386-elf/eb8e8e687b95461de8cbf278f1c2076952d0ad17 COREBOOT_SDK_ROOT_riscv64=/home/jpmurphy/.cache/coreboot-sdk/riscv64-elf/96b949749225b6aaa92ed810ab769e8dfb12f000 COREBOOT_SDK_ROOT_picolibc_arm=/home/jpmurphy/.cache/coreboot-sdk/picolibc-arm-eabi/422a2aa3e1ef891b5bece9a3deb696ff83840d2e COREBOOT_SDK_ROOT_nds32=/home/jpmurphy/.cache/coreboot-sdk/nds32le-elf/d1a518c4a097666d86058e1444f85ca015d15511 COREBOOT_SDK_ROOT_picolibc_riscv64=/home/jpmurphy/.cache/coreboot-sdk/picolibc-riscv64-elf/f571e990ef0278564b31124f8bb109d9a697eb69 COREBOOT_SDK_ROOT_arm=/home/jpmurphy/.cache/coreboot-sdk/arm-eabi/ea40ddd1d190c3b48435c474c0b545719371813a COREBOOT_SDK_ROOT_libstdcxx_riscv64=/home/jpmurphy/.cache/coreboot-sdk/libstdcxx-riscv64-elf/17abf22a3a252e2d5d2062ced5324f7a623689e0 COREBOOT_SDK_ROOT_libstdcxx_arm=/home/jpmurphy/.cache/coreboot-sdk/libstdcxx-arm-eabi/5d7d82e150e44aa1968f1d366e267e6687b328ac COREBOOT_SDK_ROOT_riscv=/home/jpmurphy/.cache/coreboot-sdk/riscv-elf/9a27b9e82341c6e9126624f516ab3f261abb3e73 COREBOOT_SDK_ROOT_libstdcxx_x86=/home/jpmurphy/.cache/coreboot-sdk/libstdcxx-i386-elf/42ef9d2e87a76a37963175d7d428734e65648b87 PYTHONPATH=/mnt/host/source/src/platform/ec/zephyr/zmake PW_PIGWEED_CIPD_INSTALL_DIR=/usr CROSTC_USER_ACKNOWLEDGES_THAT_RISCV_IS_EXPERIMENTAL=1 MAKEFLAGS=' -j16 --jobserver-auth=5,6' /usr/bin/ninja -C /mnt/host/source/src/platform/ec/build/zephyr/veluza/build-ro all.libraries`
[kanix:rw] [415/420] Building C object zephyr/kernel/CMakeFiles/kernel.dir/timer.c.obj
[veluza:ro] ninja: Entering directory `/mnt/host/source/src/platform/ec/build/zephyr/veluza/build-ro'
[starmie:rw] [45/380] Building C object zephyr/CMakeFiles/zephyr.dir/subsys/pm/device.c.obj
[starmie:rw] [46/380] Building C object zephyr/CMakeFiles/zephyr.dir/subsys/pm/device_system_managed.c.obj
[starmie:rw] [47/380] Building C object zephyr/CMakeFiles/zephyr.dir/subsys/testsuite/coverage/coverage.c.obj
[starmie:rw] [48/380] Building C object zephyr/CMakeFiles/zephyr.dir/subsys/shell/modules/kernel_service/kernel_shell.c.obj
[starmie:rw] [49/380] Building C object zephyr/CMakeFiles/zephyr.dir/subsys/tracing/tracing_none.c.obj
[starmie:rw] [50/380] Building C object zephyr/CMakeFiles/zephyr.dir/subsys/shell/modules/kernel_service/cycles.c.obj
[ptlrvp_npcx:rw] INFO: No motionsense-sensor node found
[ptlrvp_npcx:rw] CMake Warning at /mnt/host/source/src/third_party/zephyr/main/CMakeLists.txt:2359 (message):
[starmie:rw] [51/380] Building C object zephyr/CMakeFiles/zephyr.dir/subsys/shell/modules/kernel_service/sleep.c.obj
[starmie:rw] [52/380] Building ASM object zephyr/CMakeFiles/zephyr.dir/soc/ite/ec/common/soc_irq.S.obj
[quartz:ro] Loaded configuration '/mnt/host/source/src/platform/ec/zephyr/boards/google/npcx9/npcx9_npcx9m7fb_defconfig'
[quartz:ro] Merged configuration '/mnt/host/source/src/platform/ec/zephyr/program/bluey/program.conf'
[quartz:ro] Merged configuration '/mnt/host/source/src/platform/ec/zephyr/program/bluey/quartz/project.conf'
[quartz:ro] Merged configuration '/mnt/host/source/src/platform/ec/build/zephyr/quartz/kconfig-ro.conf'
[quartz:ro] Configuration saved to '/mnt/host/source/src/platform/ec/build/zephyr/quartz/build-ro/zephyr/.config'
[quartz:ro] Kconfig header saved to '/mnt/host/source/src/platform/ec/build/zephyr/quartz/build-ro/zephyr/include/generated/zephyr/autoconf.h'
[quartz:ro] -- Found GnuLd: /home/jpmurphy/.cache/coreboot-sdk/arm-eabi/ea40ddd1d190c3b48435c474c0b545719371813a/arm-eabi/bin/ld.bfd (found version "2.43.1")
[starmie:rw] [53/380] Building C object zephyr/CMakeFiles/zephyr.dir/subsys/shell/modules/kernel_service/uptime.c.obj
[starmie:rw] [54/380] Building C object zephyr/CMakeFiles/zephyr.dir/subsys/shell/modules/kernel_service/version.c.obj
[starmie:rw] [55/380] Building C object zephyr/CMakeFiles/zephyr.dir/subsys/shell/modules/kernel_service/thread/thread.c.obj
[veluza:rw] Building: /usr/bin/ninja -C /mnt/host/source/src/platform/ec/build/zephyr/veluza/build-rw all.libraries
Running `env -i SHELL=/bin/bash COLORTERM=truecolor DEPOT_TOOLS_UPDATE=0 LESS='-R -M --shift 5' SUDO_GID=0 JDK_HOME=/etc/java-config-2/current-system-vm CONFIG_PROTECT_MASK='/etc/gentoo-release /etc/sandbox.d /etc/fonts/fonts.conf /etc/terminfo /etc/ca-certificates.conf /etc/revdep-rebuild' CHROMEOS_CACHEDIR=/var/cache/chromeos-cache JAVA_HOME=/etc/java-config-2/current-system-vm SSH_AUTH_SOCK=/tmp/ssh-auth-sock SUDO_COMMAND=/bin/bash SUDO_USER=root SUDO_TTY=/dev/pts/2 EDITOR=/usr/bin/vi PWD=/mnt/host/source/src/platform/ec CONFIG_PROTECT=/usr/share/gnupg/qualified.txt LOGNAME=jpmurphy MANPATH=/etc/java-config-2/current-system-vm/man:/usr/local/share/man:/usr/share/man:/usr/share/gcc-data/x86_64-pc-linux-gnu/10.2.0/man:/usr/share/binutils-data/x86_64-pc-linux-gnu/2.45/man:/etc/java-config-2/current-system-vm/man/ SUDO_HOME=/root XAUTHORITY=/run/user/944457/gdm/Xauthority HOME=/home/jpmurphy LANG=C.UTF-8 LS_COLORS='rs=0:di=01;34:ln=01;36:mh=00:pi=40;33:so=01;35:do=01;35:bd=40;33;01:cd=40;33;01:or=01;05;37;41:mi=01;05;37;41:su=37;41:sg=30;43:ca=30;41:tw=30;42:ow=34;42:st=37;44:ex=01;32:*.tar=01;31:*.tgz=01;31:*.arc=01;31:*.arj=01;31:*.taz=01;31:*.lha=01;31:*.lz4=01;31:*.lzh=01;31:*.lzma=01;31:*.tlz=01;31:*.txz=01;31:*.tzo=01;31:*.t7z=01;31:*.zip=01;31:*.z=01;31:*.dz=01;31:*.gz=01;31:*.lrz=01;31:*.lz=01;31:*.lzo=01;31:*.xz=01;31:*.zst=01;31:*.tzst=01;31:*.bz2=01;31:*.bz=01;31:*.tbz=01;31:*.tbz2=01;31:*.tz=01;31:*.deb=01;31:*.rpm=01;31:*.jar=01;31:*.war=01;31:*.ear=01;31:*.sar=01;31:*.rar=01;31:*.alz=01;31:*.ace=01;31:*.zoo=01;31:*.cpio=01;31:*.7z=01;31:*.rz=01;31:*.cab=01;31:*.wim=01;31:*.swm=01;31:*.dwm=01;31:*.esd=01;31:*.jpg=01;35:*.jpeg=01;35:*.mjpg=01;35:*.mjpeg=01;35:*.gif=01;35:*.bmp=01;35:*.pbm=01;35:*.pgm=01;35:*.ppm=01;35:*.tga=01;35:*.xbm=01;35:*.xpm=01;35:*.tif=01;35:*.tiff=01;35:*.png=01;35:*.svg=01;35:*.svgz=01;35:*.mng=01;35:*.pcx=01;35:*.mov=01;35:*.mpg=01;35:*.mpeg=01;35:*.m2v=01;35:*.mkv=01;35:*.webm=01;35:*.webp=01;35:*.ogm=01;35:*.mp4=01;35:*.m4v=01;35:*.mp4v=01;35:*.vob=01;35:*.qt=01;35:*.nuv=01;35:*.wmv=01;35:*.asf=01;35:*.rm=01;35:*.rmvb=01;35:*.flc=01;35:*.avi=01;35:*.fli=01;35:*.flv=01;35:*.gl=01;35:*.dl=01;35:*.xcf=01;35:*.xwd=01;35:*.yuv=01;35:*.cgm=01;35:*.emf=01;35:*.ogv=01;35:*.ogx=01;35:*.cfg=00;32:*.conf=00;32:*.diff=00;32:*.doc=00;32:*.ini=00;32:*.log=00;32:*.patch=00;32:*.pdf=00;32:*.ps=00;32:*.tex=00;32:*.txt=00;32:*.aac=00;36:*.au=00;36:*.flac=00;36:*.m4a=00;36:*.mid=00;36:*.midi=00;36:*.mka=00;36:*.mp3=00;36:*.mpc=00;36:*.ogg=00;36:*.ra=00;36:*.wav=00;36:*.oga=00;36:*.opus=00;36:*.spx=00;36:*.xspf=00;36:' XDG_CURRENT_DESKTOP=GNOME INFOPATH=/usr/share/info:/usr/share/gcc-data/x86_64-pc-linux-gnu/10.2.0/info:/usr/share/binutils-data/x86_64-pc-linux-gnu/2.45/info:/usr/share/automake-1.16.5/info JAVAC=/etc/java-config-2/current-system-vm/bin/javac TERM=xterm-256color LESSOPEN='|lesspipe %s' USER=jpmurphy CROS_WORKON_SRCROOT=/mnt/host/source MANPAGER=manpager DISPLAY=:1 SHLVL=1 LC_MESSAGES=C EXTERNAL_TRUNK_PATH=/mnt/8f9d649a-3721-44cc-93c0-e6bd21a9689f/chromiumos GCC_SPECS='' PATH=/mnt/host/source/chromite/bin:/usr/local/bin:/usr/bin:/bin:/opt/bin:/mnt/host/source/chromite/sdk/bin:/mnt/host/source/chromite/bin PORTAGE_USERNAME=jpmurphy SUDO_UID=0 GCC_VER=10.2.0 MAIL=/var/mail/jpmurphy OLDPWD=/mnt/host/source/src/scripts traceparent=00-e87aca51550a78635907baa6a2476181-6d684811675d2973-01 _=./zephyr/firmware_builder.py COREBOOT_SDK_ROOT_x86=/home/jpmurphy/.cache/coreboot-sdk/i386-elf/dfbb0486385d938cfa9d73080b9d18d598ed4f49 COREBOOT_SDK_ROOT_picolibc_x86=/home/jpmurphy/.cache/coreboot-sdk/picolibc-i386-elf/eb8e8e687b95461de8cbf278f1c2076952d0ad17 COREBOOT_SDK_ROOT_riscv64=/home/jpmurphy/.cache/coreboot-sdk/riscv64-elf/96b949749225b6aaa92ed810ab769e8dfb12f000 COREBOOT_SDK_ROOT_picolibc_arm=/home/jpmurphy/.cache/coreboot-sdk/picolibc-arm-eabi/422a2aa3e1ef891b5bece9a3deb696ff83840d2e COREBOOT_SDK_ROOT_nds32=/home/jpmurphy/.cache/coreboot-sdk/nds32le-elf/d1a518c4a097666d86058e1444f85ca015d15511 COREBOOT_SDK_ROOT_picolibc_riscv64=/home/jpmurphy/.cache/coreboot-sdk/picolibc-riscv64-elf/f571e990ef0278564b31124f8bb109d9a697eb69 COREBOOT_SDK_ROOT_arm=/home/jpmurphy/.cache/coreboot-sdk/arm-eabi/ea40ddd1d190c3b48435c474c0b545719371813a COREBOOT_SDK_ROOT_libstdcxx_riscv64=/home/jpmurphy/.cache/coreboot-sdk/libstdcxx-riscv64-elf/17abf22a3a252e2d5d2062ced5324f7a623689e0 COREBOOT_SDK_ROOT_libstdcxx_arm=/home/jpmurphy/.cache/coreboot-sdk/libstdcxx-arm-eabi/5d7d82e150e44aa1968f1d366e267e6687b328ac COREBOOT_SDK_ROOT_riscv=/home/jpmurphy/.cache/coreboot-sdk/riscv-elf/9a27b9e82341c6e9126624f516ab3f261abb3e73 COREBOOT_SDK_ROOT_libstdcxx_x86=/home/jpmurphy/.cache/coreboot-sdk/libstdcxx-i386-elf/42ef9d2e87a76a37963175d7d428734e65648b87 PYTHONPATH=/mnt/host/source/src/platform/ec/zephyr/zmake PW_PIGWEED_CIPD_INSTALL_DIR=/usr CROSTC_USER_ACKNOWLEDGES_THAT_RISCV_IS_EXPERIMENTAL=1 MAKEFLAGS=' -j16 --jobserver-auth=5,6' /usr/bin/ninja -C /mnt/host/source/src/platform/ec/build/zephyr/veluza/build-rw all.libraries`
[kanix:rw] [416/420] Building C object zephyr/kernel/CMakeFiles/kernel.dir/events.c.obj
[kanix:rw] [417/420] Building C object zephyr/kernel/CMakeFiles/kernel.dir/mempool.c.obj
[starmie:rw] [56/380] Building C object zephyr/CMakeFiles/zephyr.dir/subsys/shell/modules/kernel_service/thread/list.c.obj
[veluza:rw] ninja: Entering directory `/mnt/host/source/src/platform/ec/build/zephyr/veluza/build-rw'
[starmie:rw] [57/380] Building C object zephyr/CMakeFiles/zephyr.dir/subsys/shell/modules/kernel_service/thread/stacks.c.obj
[starmie:rw] [58/380] Building ASM object zephyr/CMakeFiles/zephyr.dir/soc/ite/ec/it8xxx2/vector.S.obj
[veluza:ro] [1/368] Preparing syscall dependency handling
[starmie:rw] [59/380] Building C object zephyr/CMakeFiles/zephyr.dir/subsys/shell/modules/kernel_service/thread/unwind.c.obj
[starmie:rw] [60/380] Building C object zephyr/CMakeFiles/zephyr.dir/subsys/shell/modules/kernel_service/thread/suspend.c.obj
[starmie:ro] Building: /usr/bin/ninja -C /mnt/host/source/src/platform/ec/build/zephyr/starmie/build-ro all.libraries
Running `env -i SHELL=/bin/bash COLORTERM=truecolor DEPOT_TOOLS_UPDATE=0 LESS='-R -M --shift 5' SUDO_GID=0 JDK_HOME=/etc/java-config-2/current-system-vm CONFIG_PROTECT_MASK='/etc/gentoo-release /etc/sandbox.d /etc/fonts/fonts.conf /etc/terminfo /etc/ca-certificates.conf /etc/revdep-rebuild' CHROMEOS_CACHEDIR=/var/cache/chromeos-cache JAVA_HOME=/etc/java-config-2/current-system-vm SSH_AUTH_SOCK=/tmp/ssh-auth-sock SUDO_COMMAND=/bin/bash SUDO_USER=root SUDO_TTY=/dev/pts/2 EDITOR=/usr/bin/vi PWD=/mnt/host/source/src/platform/ec CONFIG_PROTECT=/usr/share/gnupg/qualified.txt LOGNAME=jpmurphy MANPATH=/etc/java-config-2/current-system-vm/man:/usr/local/share/man:/usr/share/man:/usr/share/gcc-data/x86_64-pc-linux-gnu/10.2.0/man:/usr/share/binutils-data/x86_64-pc-linux-gnu/2.45/man:/etc/java-config-2/current-system-vm/man/ SUDO_HOME=/root XAUTHORITY=/run/user/944457/gdm/Xauthority HOME=/home/jpmurphy LANG=C.UTF-8 LS_COLORS='rs=0:di=01;34:ln=01;36:mh=00:pi=40;33:so=01;35:do=01;35:bd=40;33;01:cd=40;33;01:or=01;05;37;41:mi=01;05;37;41:su=37;41:sg=30;43:ca=30;41:tw=30;42:ow=34;42:st=37;44:ex=01;32:*.tar=01;31:*.tgz=01;31:*.arc=01;31:*.arj=01;31:*.taz=01;31:*.lha=01;31:*.lz4=01;31:*.lzh=01;31:*.lzma=01;31:*.tlz=01;31:*.txz=01;31:*.tzo=01;31:*.t7z=01;31:*.zip=01;31:*.z=01;31:*.dz=01;31:*.gz=01;31:*.lrz=01;31:*.lz=01;31:*.lzo=01;31:*.xz=01;31:*.zst=01;31:*.tzst=01;31:*.bz2=01;31:*.bz=01;31:*.tbz=01;31:*.tbz2=01;31:*.tz=01;31:*.deb=01;31:*.rpm=01;31:*.jar=01;31:*.war=01;31:*.ear=01;31:*.sar=01;31:*.rar=01;31:*.alz=01;31:*.ace=01;31:*.zoo=01;31:*.cpio=01;31:*.7z=01;31:*.rz=01;31:*.cab=01;31:*.wim=01;31:*.swm=01;31:*.dwm=01;31:*.esd=01;31:*.jpg=01;35:*.jpeg=01;35:*.mjpg=01;35:*.mjpeg=01;35:*.gif=01;35:*.bmp=01;35:*.pbm=01;35:*.pgm=01;35:*.ppm=01;35:*.tga=01;35:*.xbm=01;35:*.xpm=01;35:*.tif=01;35:*.tiff=01;35:*.png=01;35:*.svg=01;35:*.svgz=01;35:*.mng=01;35:*.pcx=01;35:*.mov=01;35:*.mpg=01;35:*.mpeg=01;35:*.m2v=01;35:*.mkv=01;35:*.webm=01;35:*.webp=01;35:*.ogm=01;35:*.mp4=01;35:*.m4v=01;35:*.mp4v=01;35:*.vob=01;35:*.qt=01;35:*.nuv=01;35:*.wmv=01;35:*.asf=01;35:*.rm=01;35:*.rmvb=01;35:*.flc=01;35:*.avi=01;35:*.fli=01;35:*.flv=01;35:*.gl=01;35:*.dl=01;35:*.xcf=01;35:*.xwd=01;35:*.yuv=01;35:*.cgm=01;35:*.emf=01;35:*.ogv=01;35:*.ogx=01;35:*.cfg=00;32:*.conf=00;32:*.diff=00;32:*.doc=00;32:*.ini=00;32:*.log=00;32:*.patch=00;32:*.pdf=00;32:*.ps=00;32:*.tex=00;32:*.txt=00;32:*.aac=00;36:*.au=00;36:*.flac=00;36:*.m4a=00;36:*.mid=00;36:*.midi=00;36:*.mka=00;36:*.mp3=00;36:*.mpc=00;36:*.ogg=00;36:*.ra=00;36:*.wav=00;36:*.oga=00;36:*.opus=00;36:*.spx=00;36:*.xspf=00;36:' XDG_CURRENT_DESKTOP=GNOME INFOPATH=/usr/share/info:/usr/share/gcc-data/x86_64-pc-linux-gnu/10.2.0/info:/usr/share/binutils-data/x86_64-pc-linux-gnu/2.45/info:/usr/share/automake-1.16.5/info JAVAC=/etc/java-config-2/current-system-vm/bin/javac TERM=xterm-256color LESSOPEN='|lesspipe %s' USER=jpmurphy CROS_WORKON_SRCROOT=/mnt/host/source MANPAGER=manpager DISPLAY=:1 SHLVL=1 LC_MESSAGES=C EXTERNAL_TRUNK_PATH=/mnt/8f9d649a-3721-44cc-93c0-e6bd21a9689f/chromiumos GCC_SPECS='' PATH=/mnt/host/source/chromite/bin:/usr/local/bin:/usr/bin:/bin:/opt/bin:/mnt/host/source/chromite/sdk/bin:/mnt/host/source/chromite/bin PORTAGE_USERNAME=jpmurphy SUDO_UID=0 GCC_VER=10.2.0 MAIL=/var/mail/jpmurphy OLDPWD=/mnt/host/source/src/scripts traceparent=00-e87aca51550a78635907baa6a2476181-6d684811675d2973-01 _=./zephyr/firmware_builder.py COREBOOT_SDK_ROOT_x86=/home/jpmurphy/.cache/coreboot-sdk/i386-elf/dfbb0486385d938cfa9d73080b9d18d598ed4f49 COREBOOT_SDK_ROOT_picolibc_x86=/home/jpmurphy/.cache/coreboot-sdk/picolibc-i386-elf/eb8e8e687b95461de8cbf278f1c2076952d0ad17 COREBOOT_SDK_ROOT_riscv64=/home/jpmurphy/.cache/coreboot-sdk/riscv64-elf/96b949749225b6aaa92ed810ab769e8dfb12f000 COREBOOT_SDK_ROOT_picolibc_arm=/home/jpmurphy/.cache/coreboot-sdk/picolibc-arm-eabi/422a2aa3e1ef891b5bece9a3deb696ff83840d2e COREBOOT_SDK_ROOT_nds32=/home/jpmurphy/.cache/coreboot-sdk/nds32le-elf/d1a518c4a097666d86058e1444f85ca015d15511 COREBOOT_SDK_ROOT_picolibc_riscv64=/home/jpmurphy/.cache/coreboot-sdk/picolibc-riscv64-elf/f571e990ef0278564b31124f8bb109d9a697eb69 COREBOOT_SDK_ROOT_arm=/home/jpmurphy/.cache/coreboot-sdk/arm-eabi/ea40ddd1d190c3b48435c474c0b545719371813a COREBOOT_SDK_ROOT_libstdcxx_riscv64=/home/jpmurphy/.cache/coreboot-sdk/libstdcxx-riscv64-elf/17abf22a3a252e2d5d2062ced5324f7a623689e0 COREBOOT_SDK_ROOT_libstdcxx_arm=/home/jpmurphy/.cache/coreboot-sdk/libstdcxx-arm-eabi/5d7d82e150e44aa1968f1d366e267e6687b328ac COREBOOT_SDK_ROOT_riscv=/home/jpmurphy/.cache/coreboot-sdk/riscv-elf/9a27b9e82341c6e9126624f516ab3f261abb3e73 COREBOOT_SDK_ROOT_libstdcxx_x86=/home/jpmurphy/.cache/coreboot-sdk/libstdcxx-i386-elf/42ef9d2e87a76a37963175d7d428734e65648b87 PYTHONPATH=/mnt/host/source/src/platform/ec/zephyr/zmake PW_PIGWEED_CIPD_INSTALL_DIR=/usr CROSTC_USER_ACKNOWLEDGES_THAT_RISCV_IS_EXPERIMENTAL=1 MAKEFLAGS=' -j16 --jobserver-auth=5,6' /usr/bin/ninja -C /mnt/host/source/src/platform/ec/build/zephyr/starmie/build-ro all.libraries`
[kanix:rw] [418/420] Building C object zephyr/kernel/CMakeFiles/kernel.dir/poll.c.obj
[starmie:rw] [61/380] Building C object zephyr/CMakeFiles/zephyr.dir/subsys/shell/modules/kernel_service/thread/resume.c.obj
[starmie:ro] ninja: Entering directory `/mnt/host/source/src/platform/ec/build/zephyr/starmie/build-ro'
[starmie:rw] [62/380] Building C object zephyr/CMakeFiles/zephyr.dir/subsys/shell/modules/kernel_service/thread/kill.c.obj
[starmie:rw] [63/380] Building C object zephyr/CMakeFiles/zephyr.dir/subsys/shell/shell_utils.c.obj
[starmie:rw] [64/380] Building C object zephyr/CMakeFiles/zephyr.dir/subsys/shell/shell_fprintf.c.obj
[starmie:rw] [65/380] Building C object zephyr/CMakeFiles/zephyr.dir/subsys/shell/backends/shell_uart.c.obj
[starmie:rw] [66/380] Building C object zephyr/CMakeFiles/zephyr.dir/subsys/shell/shell_help.c.obj
[starmie:rw] [67/380] Building C object zephyr/CMakeFiles/zephyr.dir/subsys/shell/shell_ops.c.obj
[starmie:rw] [68/380] Building C object zephyr/CMakeFiles/zephyr.dir/subsys/shell/shell.c.obj
[starmie:rw] [69/380] Building C object zephyr/CMakeFiles/zephyr.dir/subsys/shell/shell_history.c.obj
[starmie:rw] [70/380] Building C object zephyr/CMakeFiles/zephyr.dir/drivers/flash/flash_util.c.obj
[starmie:rw] [71/380] Building C object zephyr/arch/common/CMakeFiles/arch__common.dir/sw_isr_common.c.obj
[veluza:ro] [2/368] Generating misc/generated/syscalls_subdirs.trigger
[starmie:rw] [72/380] Building C object zephyr/arch/common/CMakeFiles/arch__common.dir/dynamic_isr.c.obj
[starmie:rw] [73/380] Building C object zephyr/arch/common/CMakeFiles/arch__common.dir/init.c.obj
[starmie:rw] [74/380] Building C object zephyr/arch/common/CMakeFiles/arch__common.dir/xip.c.obj
[starmie:rw] [75/380] Building C object zephyr/arch/arch/riscv/core/CMakeFiles/arch__riscv__core.dir/cpu_idle.c.obj
[starmie:rw] [76/380] Building C object zephyr/arch/common/CMakeFiles/isr_tables.dir/isr_tables.c.obj
[starmie:rw] [77/380] Building C object zephyr/arch/arch/riscv/core/CMakeFiles/arch__riscv__core.dir/fatal.c.obj
[starmie:rw] [78/380] Building C object zephyr/arch/arch/riscv/core/CMakeFiles/arch__riscv__core.dir/irq_manage.c.obj
[ptlrvp_npcx:rw]   __ASSERT() statements are globally ENABLED
[ptlrvp_npcx:rw] Loading Zephyr default modules (Zephyr base (cached)).
[starmie:rw] [79/380] Building C object zephyr/arch/arch/riscv/core/CMakeFiles/arch__riscv__core.dir/prep_c.c.obj
[starmie:rw] [80/380] Building C object zephyr/arch/arch/riscv/core/CMakeFiles/arch__riscv__core.dir/reboot.c.obj
[ptlrvp_npcx:rw] -- Configuring done (16.1s)
[matsu_it82000:rw] -- Found Python3: /usr/bin/python3.11 (found suitable version "3.11.11", minimum required is "3.10") found components: Interpreter
[matsu_it82000:rw] -- Cache files will be written to: /mnt/host/source/src/platform/ec/build/zephyr/user-cache
[starmie:rw] [81/380] Linking C static library zephyr/arch/common/libisr_tables.a
[matsu_it82000:rw] -- Zephyr version: 4.3.99 (/mnt/host/source/src/third_party/zephyr/main)
[kanix:rw] [419/420] Building C object zephyr/kernel/CMakeFiles/kernel.dir/dynamic_disabled.c.obj
[veluza:rw] [1/368] Preparing syscall dependency handling
[quartz:ro] -- The C compiler identification is GNU 14.2.0
[starmie:rw] [82/380] Linking C static library zephyr/libzephyr.a
[starmie:rw] [83/380] Building C object zephyr/arch/arch/riscv/core/CMakeFiles/arch__riscv__core.dir/thread.c.obj
[kanix:rw] [420/420] Linking C static library zephyr/kernel/libkernel.a
[veluza:rw] [2/368] Generating misc/generated/syscalls_subdirs.trigger
[starmie:rw] [84/380] Linking C static library zephyr/arch/common/libarch__common.a
[starmie:ro] [1/380] Preparing syscall dependency handling
[starmie:rw] [85/380] Building C object zephyr/arch/arch/riscv/core/CMakeFiles/arch__riscv__core.dir/pmp.c.obj
[/mnt/host/source/src/platform/ec/build/zephyr/ite-aic-rtk-pdc-lcov]   /mnt/host/source/src/platform/ec/build/zephyr/ite-aic-rtk-pdc/build-rw/CMakeFiles/app.dir/mnt/host/source/src/platform/ec/build/zephyr/ite-aic-rtk-pdc/modules/ec/common/cbi_config.c.gcno:no functions found
[/mnt/host/source/src/platform/ec/build/zephyr/ite-aic-rtk-pdc-lcov] stderr:
[/mnt/host/source/src/platform/ec/build/zephyr/domika-lcov]   /mnt/host/source/src/platform/ec/build/zephyr/domika/build-rw/zephyr/CMakeFiles/zephyr.dir/soc/ite/ec/it8xxx2/check_regs.c.gcno:no functions found
[/mnt/host/source/src/platform/ec/build/zephyr/domika-lcov] stderr:
[quartz:ro] -- The CXX compiler identification is GNU 14.2.0
[starmie:ro] [2/380] Generating misc/generated/syscalls_subdirs.trigger
[veluza:ro] [3/368] Generating include/generated/zephyr/version.h
[ptlrvp_npcx:rw] -- Generating done (0.5s)
[ptlrvp_npcx:rw] CMake Warning:
[ptlrvp_npcx:rw]   Manually-specified variables were not used by the project:
[ptlrvp_npcx:rw]     COREBOOT_SDK_ROOT_libstdcxx_riscv64
[ptlrvp_npcx:rw]     COREBOOT_SDK_ROOT_libstdcxx_x86
[ptlrvp_npcx:rw]     COREBOOT_SDK_ROOT_nds32
[ptlrvp_npcx:rw]     COREBOOT_SDK_ROOT_picolibc_riscv64
[ptlrvp_npcx:rw]     COREBOOT_SDK_ROOT_picolibc_x86
[ptlrvp_npcx:rw]     COREBOOT_SDK_ROOT_riscv
[ptlrvp_npcx:rw]     COREBOOT_SDK_ROOT_riscv64
[ptlrvp_npcx:rw]     COREBOOT_SDK_ROOT_x86
[ptlrvp_npcx:rw] -- Build files have been written to: /mnt/host/source/src/platform/ec/build/zephyr/ptlrvp_npcx/build-rw
[quartz:ro] -- The ASM compiler identification is GNU
[quartz:ro] -- Found assembler: /home/jpmurphy/.cache/coreboot-sdk/arm-eabi/ea40ddd1d190c3b48435c474c0b545719371813a/bin/arm-eabi-gcc
[starmie:ro] [3/380] Generating include/generated/zephyr/version.h
[veluza:ro] -- git describe warned: warning: tag 'upstream/v2.7.99' is externally known as 'v2.7.99'
[veluza:ro] -- Zephyr version: 4.3.99 (/mnt/host/source/src/third_party/zephyr/main)
[veluza:ro] [4/368] cd /mnt/host/source/src/platform/ec/build/zephyr/veluza/build-ro/modules/ec/zephyr && PYTHONPATH=/mnt/host/source/src/platform/ec/build/zephyr/veluza/modules/ec/zephyr/zmake/ /usr/bin/python3.11 /mnt/host/source/src/platform/ec/build/zephyr/veluza/modules/ec/zephyr/zmake/zephyr_build_tools/generate_ec_version.py /mnt/host/source/src/platform/ec/build/zephyr/veluza/build-ro/modules/ec/zephyr/include/ec_version.h --name Zephyr-Kernel --version 16543.0.0 --static
[quartz:ro] CMake Warning at /mnt/host/source/src/platform/ec/zephyr/cmake/linker/ld/linker_libraries.cmake:11 (message):
[starmie:ro] -- git describe warned: warning: tag 'upstream/v2.7.99' is externally known as 'v2.7.99'
[starmie:ro] -- Zephyr version: 4.3.99 (/mnt/host/source/src/third_party/zephyr/main)
[starmie:ro] [4/380] cd /mnt/host/source/src/platform/ec/build/zephyr/starmie/build-ro/modules/ec/zephyr && PYTHONPATH=/mnt/host/source/src/platform/ec/build/zephyr/starmie/modules/ec/zephyr/zmake/ /usr/bin/python3.11 /mnt/host/source/src/platform/ec/build/zephyr/starmie/modules/ec/zephyr/zmake/zephyr_build_tools/generate_ec_version.py /mnt/host/source/src/platform/ec/build/zephyr/starmie/build-ro/modules/ec/zephyr/include/ec_version.h --name Zephyr-Kernel --version 16543.0.0 --static
[veluza:rw] [3/368] Generating include/generated/zephyr/version.h
[starmie:rw] [86/380] Building ASM object zephyr/arch/arch/riscv/core/CMakeFiles/arch__riscv__core.dir/switch.S.obj
[starmie:rw] [87/380] Building ASM object zephyr/arch/arch/riscv/core/CMakeFiles/arch__riscv__core.dir/reset.S.obj
[starmie:rw] [88/380] Building C object zephyr/arch/arch/riscv/core/CMakeFiles/arch__riscv__core.dir/stacktrace.c.obj
[starmie:rw] [89/380] Building C object zephyr/lib/libc/common/CMakeFiles/lib__libc__common.dir/source/stdlib/abort.c.obj
[starmie:rw] [90/380] Building C object zephyr/lib/libc/common/CMakeFiles/lib__libc__common.dir/source/time/asctime.c.obj
[starmie:rw] [91/380] Building C object zephyr/lib/libc/common/CMakeFiles/lib__libc__common.dir/source/time/gmtime_r.c.obj
[starmie:rw] [92/380] Generating ../../../include/generated/libc/minimal/strerror_table.h
[starmie:rw] [93/380] Building C object zephyr/lib/libc/common/CMakeFiles/lib__libc__common.dir/source/time/localtime_r_utc.c.obj
[starmie:rw] [94/380] Building C object zephyr/lib/libc/minimal/CMakeFiles/lib__libc__minimal.dir/source/stdlib/atoi.c.obj
[starmie:rw] [95/380] Building C object zephyr/lib/libc/common/CMakeFiles/lib__libc__common.dir/source/time/ctime.c.obj
[starmie:rw] [96/380] Building C object zephyr/lib/libc/minimal/CMakeFiles/lib__libc__minimal.dir/source/stdlib/strtol.c.obj
[starmie:rw] [97/380] Building C object zephyr/lib/libc/minimal/CMakeFiles/lib__libc__minimal.dir/source/stdlib/strtoul.c.obj
[starmie:rw] [98/380] Building C object zephyr/lib/libc/minimal/CMakeFiles/lib__libc__minimal.dir/source/stdlib/strtoull.c.obj
[starmie:rw] [99/380] Building C object zephyr/lib/libc/minimal/CMakeFiles/lib__libc__minimal.dir/source/stdlib/strtoll.c.obj
[starmie:rw] [100/380] Building C object zephyr/lib/libc/minimal/CMakeFiles/lib__libc__minimal.dir/source/stdlib/bsearch.c.obj
[starmie:rw] [101/380] Building C object zephyr/lib/libc/minimal/CMakeFiles/lib__libc__minimal.dir/source/stdlib/exit.c.obj
[starmie:rw] [102/380] Building C object zephyr/lib/libc/minimal/CMakeFiles/lib__libc__minimal.dir/source/stdlib/qsort.c.obj
[starmie:rw] [103/380] Building C object zephyr/lib/libc/minimal/CMakeFiles/lib__libc__minimal.dir/source/string/strncasecmp.c.obj
[starmie:rw] [104/380] Building C object zephyr/lib/libc/minimal/CMakeFiles/lib__libc__minimal.dir/source/string/strerror.c.obj
[starmie:rw] [105/380] Building ASM object zephyr/arch/arch/riscv/core/CMakeFiles/arch__riscv__core.dir/isr.S.obj
[starmie:rw] [106/380] Building C object zephyr/lib/libc/minimal/CMakeFiles/lib__libc__minimal.dir/source/string/string.c.obj
[veluza:ro] INFO:root:Using a static version string
[veluza:ro] INFO:root:Version string: Zephyr-Kernel-16543.0.0
[veluza:ro] INFO:root:Writing header to /mnt/host/source/src/platform/ec/build/zephyr/veluza/build-ro/modules/ec/zephyr/include/ec_version.h
[veluza:ro] [5/368] Generating misc/generated/syscalls.json, misc/generated/struct_tags.json
[rex-ish:singleimage] Configuring.
Running `env -i PYTHONPATH=/usr/lib64/python-exec/python3.11:/mnt/host/source/src/platform/ec/zephyr/zmake:/usr/lib/python311.zip:/usr/lib/python3.11:/usr/lib/python3.11/lib-dynload:/usr/lib/python3.11/site-packages PW_PIGWEED_CIPD_INSTALL_DIR=/usr CROSTC_USER_ACKNOWLEDGES_THAT_RISCV_IS_EXPERIMENTAL=1 PATH=/mnt/host/source/chromite/bin:/usr/local/bin:/usr/bin:/bin:/opt/bin:/mnt/host/source/chromite/sdk/bin:/mnt/host/source/chromite/bin HOME=/home/jpmurphy JAVA_HOME=/etc/java-config-2/current-system-vm JDK_HOME=/etc/java-config-2/current-system-vm JAVAC=/etc/java-config-2/current-system-vm/bin/javac MAKEFLAGS=' -j16 --jobserver-auth=5,6' /usr/bin/cmake -S /mnt/host/source/src/platform/ec/zephyr/program/rex -B /mnt/host/source/src/platform/ec/build/zephyr/rex-ish/build-singleimage -GNinja -DCMAKE_EXPORT_COMPILE_COMMANDS=ON -DZEPHYR_BASE=/mnt/host/source/src/third_party/zephyr/main -DZMAKE_INCLUDE_DIR=/mnt/host/source/src/platform/ec/build/zephyr/rex-ish/include -DPython3_EXECUTABLE=/usr/bin/python3.11 -DDTS_ROOT=/mnt/host/source/src/platform/ec/zephyr -DSYSCALL_INCLUDE_DIRS=/mnt/host/source/src/platform/ec/zephyr/include/drivers -DUSER_CACHE_DIR=/mnt/host/source/src/platform/ec/build/zephyr/user-cache '-DEXTRA_EC_VERSION_FLAGS=--version 16543.0.0 --static' -DTOOLCHAIN_ROOT=/mnt/host/source/src/platform/ec/zephyr -DCOREBOOT_SDK_ROOT_x86=/home/jpmurphy/.cache/coreboot-sdk/i386-elf/dfbb0486385d938cfa9d73080b9d18d598ed4f49 -DCOREBOOT_SDK_ROOT_picolibc_x86=/home/jpmurphy/.cache/coreboot-sdk/picolibc-i386-elf/eb8e8e687b95461de8cbf278f1c2076952d0ad17 -DCOREBOOT_SDK_ROOT_riscv64=/home/jpmurphy/.cache/coreboot-sdk/riscv64-elf/96b949749225b6aaa92ed810ab769e8dfb12f000 -DCOREBOOT_SDK_ROOT_picolibc_arm=/home/jpmurphy/.cache/coreboot-sdk/picolibc-arm-eabi/422a2aa3e1ef891b5bece9a3deb696ff83840d2e -DCOREBOOT_SDK_ROOT_nds32=/home/jpmurphy/.cache/coreboot-sdk/nds32le-elf/d1a518c4a097666d86058e1444f85ca015d15511 -DCOREBOOT_SDK_ROOT_picolibc_riscv64=/home/jpmurphy/.cache/coreboot-sdk/picolibc-riscv64-elf/f571e990ef0278564b31124f8bb109d9a697eb69 -DCOREBOOT_SDK_ROOT_arm=/home/jpmurphy/.cache/coreboot-sdk/arm-eabi/ea40ddd1d190c3b48435c474c0b545719371813a -DCOREBOOT_SDK_ROOT_libstdcxx_riscv64=/home/jpmurphy/.cache/coreboot-sdk/libstdcxx-riscv64-elf/17abf22a3a252e2d5d2062ced5324f7a623689e0 -DCOREBOOT_SDK_ROOT_libstdcxx_arm=/home/jpmurphy/.cache/coreboot-sdk/libstdcxx-arm-eabi/5d7d82e150e44aa1968f1d366e267e6687b328ac -DCOREBOOT_SDK_ROOT_riscv=/home/jpmurphy/.cache/coreboot-sdk/riscv-elf/9a27b9e82341c6e9126624f516ab3f261abb3e73 -DCOREBOOT_SDK_ROOT_libstdcxx_x86=/home/jpmurphy/.cache/coreboot-sdk/libstdcxx-i386-elf/42ef9d2e87a76a37963175d7d428734e65648b87 -DZEPHYR_TOOLCHAIN_VARIANT=coreboot-sdk '-DZEPHYR_MODULES=/mnt/host/source/src/platform/ec/build/zephyr/rex-ish/modules/ec;/mnt/host/source/src/platform/ec/build/zephyr/rex-ish/modules/cmsis;/mnt/host/source/src/platform/ec/build/zephyr/rex-ish/modules/cmsis_6;/mnt/host/source/src/platform/ec/build/zephyr/rex-ish/modules/hal_intel_public' -DDTC_OVERLAY_FILE=/mnt/host/source/src/platform/ec/zephyr/program/rex/rex-ish/project.overlay -DBOARD=intel_ish_5_6_0 '-DCONF_FILE=/mnt/host/source/src/platform/ec/zephyr/program/rex/rex-ish/prj.conf;/mnt/host/source/src/platform/ec/build/zephyr/rex-ish/kconfig-singleimage.conf'`
[starmie:rw] [107/380] Building C object zephyr/lib/libc/minimal/CMakeFiles/lib__libc__minimal.dir/source/string/strspn.c.obj
[starmie:rw] [108/380] Building C object zephyr/lib/libc/minimal/CMakeFiles/lib__libc__minimal.dir/source/string/strstr.c.obj
[starmie:rw] [109/380] Building C object zephyr/lib/libc/minimal/CMakeFiles/lib__libc__minimal.dir/source/stdout/sprintf.c.obj
[starmie:rw] [110/380] Building C object zephyr/lib/libc/minimal/CMakeFiles/lib__libc__minimal.dir/source/stdout/stdout_console.c.obj
[starmie:rw] [111/380] Building C object zephyr/lib/libc/minimal/CMakeFiles/lib__libc__minimal.dir/source/stdout/fprintf.c.obj
[rex-ish:singleimage] Loading Zephyr default modules (Zephyr base (cached)).
[rex-ish:singleimage] -- Application: /mnt/host/source/src/platform/ec/zephyr/program/rex
[starmie:rw] [112/380] Building C object zephyr/lib/libc/minimal/CMakeFiles/lib__libc__minimal.dir/source/math/sqrtf.c.obj
[starmie:rw] [113/380] Building C object zephyr/lib/libc/minimal/CMakeFiles/lib__libc__minimal.dir/source/math/sqrt.c.obj
[starmie:rw] [114/380] Building C object zephyr/lib/libc/minimal/CMakeFiles/lib__libc__minimal.dir/source/time/gmtime.c.obj
[veluza:rw] -- git describe warned: warning: tag 'upstream/v2.7.99' is externally known as 'v2.7.99'
[veluza:rw] -- Zephyr version: 4.3.99 (/mnt/host/source/src/third_party/zephyr/main)
[veluza:rw] [4/368] cd /mnt/host/source/src/platform/ec/build/zephyr/veluza/build-rw/modules/ec/zephyr && PYTHONPATH=/mnt/host/source/src/platform/ec/build/zephyr/veluza/modules/ec/zephyr/zmake/ /usr/bin/python3.11 /mnt/host/source/src/platform/ec/build/zephyr/veluza/modules/ec/zephyr/zmake/zephyr_build_tools/generate_ec_version.py /mnt/host/source/src/platform/ec/build/zephyr/veluza/build-rw/modules/ec/zephyr/include/ec_version.h --name Zephyr-Kernel --version 16543.0.0 --static
[starmie:rw] [115/380] Building C object zephyr/lib/libc/common/CMakeFiles/lib__libc__common.dir/source/time/time.c.obj
[starmie:rw] [116/380] Building C object zephyr/lib/libc/common/CMakeFiles/lib__libc__common.dir/source/stdlib/malloc.c.obj
[starmie:rw] [117/380] Building C object zephyr/lib/libc/common/CMakeFiles/lib__libc__common.dir/source/string/strnlen.c.obj
[starmie:rw] [118/380] Building C object zephyr/lib/posix/c_lib_ext/CMakeFiles/lib__posix__c_lib_ext.dir/fnmatch.c.obj
[starmie:rw] [119/380] Building C object zephyr/lib/posix/c_lib_ext/CMakeFiles/lib__posix__c_lib_ext.dir/getentropy.c.obj
[starmie:rw] [120/380] Building C object zephyr/subsys/crc/CMakeFiles/subsys__crc.dir/crc4_sw.c.obj
[starmie:rw] [121/380] Building C object zephyr/lib/posix/c_lib_ext/CMakeFiles/lib__posix__c_lib_ext.dir/getopt_shim.c.obj
[/mnt/host/source/src/platform/ec/build/zephyr/ite-aic-rtk-pdc-lcov]   /mnt/host/source/src/platform/ec/build/zephyr/ite-aic-rtk-pdc/build-rw/zephyr/arch/arch/riscv/core/CMakeFiles/arch__riscv__core.dir/cpu_idle.c.gcno:no functions found
[starmie:rw] [122/380] Building C object zephyr/subsys/crc/CMakeFiles/subsys__crc.dir/crc8_sw.c.obj
[/mnt/host/source/src/platform/ec/build/zephyr/ite-aic-rtk-pdc-lcov] stderr:
[starmie:rw] [123/380] Building C object zephyr/subsys/crc/CMakeFiles/subsys__crc.dir/crc16_sw.c.obj
[starmie:rw] [124/380] Linking C static library zephyr/lib/libc/common/liblib__libc__common.a
[starmie:rw] [125/380] Building C object zephyr/subsys/crc/CMakeFiles/subsys__crc.dir/crc7_sw.c.obj
[starmie:rw] [126/380] Building C object zephyr/subsys/crc/CMakeFiles/subsys__crc.dir/crc24_sw.c.obj
[starmie:rw] [127/380] Building C object zephyr/subsys/crc/CMakeFiles/subsys__crc.dir/crc32c_sw.c.obj
[starmie:rw] [128/380] Building C object zephyr/subsys/crc/CMakeFiles/subsys__crc.dir/crc32_sw.c.obj
[starmie:rw] [129/380] Building C object zephyr/subsys/crc/CMakeFiles/subsys__crc.dir/crc32k_4_2_sw.c.obj
[starmie:rw] [130/380] Linking C static library zephyr/lib/libc/minimal/liblib__libc__minimal.a
[starmie:rw] [131/380] Building C object zephyr/drivers/interrupt_controller/CMakeFiles/drivers__interrupt_controller.dir/intc_ite_it8xxx2.c.obj
[starmie:rw] [132/380] Linking C static library zephyr/lib/posix/c_lib_ext/liblib__posix__c_lib_ext.a
[starmie:rw] [133/380] Building C object zephyr/drivers/interrupt_controller/CMakeFiles/drivers__interrupt_controller.dir/wuc_ite_it8xxx2.c.obj
[starmie:rw] [134/380] Building ASM object zephyr/arch/arch/riscv/core/CMakeFiles/arch__riscv__core.dir/pmp.S.obj
[veluza:ro] [6/368] Generating include/generated/zephyr/syscall_dispatch.c, include/generated/zephyr/syscall_exports_llext.c, syscall_weakdefs_llext.c, include/generated/zephyr/syscall_list.h
[starmie:rw] [135/380] Building C object zephyr/drivers/adc/CMakeFiles/drivers__adc.dir/adc_common.c.obj
[starmie:rw] [136/380] Building C object zephyr/drivers/adc/CMakeFiles/drivers__adc.dir/adc_ite_it8xxx2.c.obj
[starmie:rw] [137/380] Building C object zephyr/drivers/bbram/CMakeFiles/drivers__bbram.dir/bbram_it8xxx2.c.obj
[starmie:rw] [138/380] Linking C static library zephyr/subsys/crc/libsubsys__crc.a
[starmie:rw] [139/380] Linking C static library zephyr/drivers/interrupt_controller/libdrivers__interrupt_controller.a
[starmie:rw] [140/380] Building C object zephyr/drivers/console/CMakeFiles/drivers__console.dir/uart_console.c.obj
[starmie:rw] [141/380] Building C object zephyr/drivers/eeprom/CMakeFiles/drivers__eeprom.dir/eeprom_shell.c.obj
[starmie:rw] [142/380] Building C object zephyr/drivers/eeprom/CMakeFiles/drivers__eeprom.dir/eeprom_at2x.c.obj
[starmie:rw] [143/380] Linking C static library zephyr/drivers/bbram/libdrivers__bbram.a
[starmie:rw] [144/380] Linking C static library zephyr/drivers/adc/libdrivers__adc.a
[starmie:rw] [145/380] Building C object zephyr/drivers/flash/CMakeFiles/drivers__flash.dir/flash_ite_it8xxx2.c.obj
[starmie:rw] [146/380] Linking C static library zephyr/arch/arch/riscv/core/libarch__riscv__core.a
[starmie:rw] [147/380] Building C object zephyr/drivers/gpio/CMakeFiles/drivers__gpio.dir/gpio_ite_it8xxx2.c.obj
[starmie:rw] [148/380] Linking C static library zephyr/drivers/console/libdrivers__console.a
[starmie:rw] [149/380] Building C object zephyr/drivers/gpio/CMakeFiles/drivers__gpio.dir/gpio_kscan_ite_it8xxx2.c.obj
[starmie:rw] [150/380] Building C object zephyr/drivers/i2c/CMakeFiles/drivers__i2c.dir/i2c_common.c.obj
[starmie:rw] [151/380] Building C object zephyr/drivers/i2c/CMakeFiles/drivers__i2c.dir/i2c_bitbang.c.obj
Running (initial) lcov on /mnt/host/source/src/platform/ec/build/zephyr/kanix.
[veluza:rw] INFO:root:Using a static version string
[veluza:rw] INFO:root:Version string: Zephyr-Kernel-16543.0.0
[veluza:rw] INFO:root:Writing header to /mnt/host/source/src/platform/ec/build/zephyr/veluza/build-rw/modules/ec/zephyr/include/ec_version.h
[veluza:rw] [5/368] Generating misc/generated/syscalls.json, misc/generated/struct_tags.json
[starmie:rw] [152/380] Linking C static library zephyr/drivers/eeprom/libdrivers__eeprom.a
[starmie:rw] [153/380] Building C object zephyr/drivers/i2c/CMakeFiles/drivers__i2c.dir/i2c_shell.c.obj
[starmie:rw] [154/380] Building C object zephyr/drivers/i2c/CMakeFiles/drivers__i2c.dir/i2c_ite_it8xxx2.c.obj
[starmie:rw] [155/380] Building C object zephyr/drivers/i2c/CMakeFiles/drivers__i2c.dir/i2c_ite_enhance.c.obj
[starmie:rw] [156/380] Building C object zephyr/drivers/pinctrl/CMakeFiles/drivers__pinctrl.dir/common.c.obj
[starmie:rw] [157/380] Building C object zephyr/drivers/pinctrl/CMakeFiles/drivers__pinctrl.dir/pinctrl_ite_it8xxx2.c.obj
[starmie:rw] [158/380] Building C object zephyr/drivers/pwm/CMakeFiles/drivers__pwm.dir/pwm_shell.c.obj
[starmie:rw] [159/380] Building C object zephyr/drivers/pwm/CMakeFiles/drivers__pwm.dir/pwm_ite_it8xxx2.c.obj
[starmie:rw] [160/380] Linking C static library zephyr/drivers/flash/libdrivers__flash.a
[veluza:ro] [7/368] Generating include/generated/zephyr/driver-validation.h
[rex-ish:singleimage] -- CMake version: 3.31.7
[rex-ish:singleimage] -- Found Python3: /usr/bin/python3.11 (found suitable version "3.11.11", minimum required is "3.10") found components: Interpreter
[rex-ish:singleimage] -- Cache files will be written to: /mnt/host/source/src/platform/ec/build/zephyr/user-cache
[starmie:rw] [161/380] Building C object zephyr/drivers/serial/CMakeFiles/drivers__serial.dir/uart_ite_it8xxx2.c.obj
[rex-ish:singleimage] -- Zephyr version: 4.3.99 (/mnt/host/source/src/third_party/zephyr/main)
[starmie:rw] [162/380] Linking C static library zephyr/drivers/gpio/libdrivers__gpio.a
[starmie:rw] [163/380] Linking C static library zephyr/drivers/i2c/libdrivers__i2c.a
[starmie:rw] [164/380] Building C object zephyr/drivers/timer/CMakeFiles/drivers__timer.dir/sys_clock_init.c.obj
[starmie:rw] [165/380] Building C object zephyr/drivers/timer/CMakeFiles/drivers__timer.dir/ite_it8xxx2_timer.c.obj
[starmie:rw] [166/380] Building C object zephyr/drivers/serial/CMakeFiles/drivers__serial.dir/uart_ns16550.c.obj
[starmie:rw] [167/380] Building C object zephyr/drivers/watchdog/CMakeFiles/drivers__watchdog.dir/wdt_ite_it8xxx2.c.obj
[starmie:rw] [168/380] Linking C static library zephyr/drivers/pwm/libdrivers__pwm.a
[quartz:ro] -- Performing EC specific devicetree checks
[starmie:rw] [169/380] Linking C static library zephyr/drivers/pinctrl/libdrivers__pinctrl.a
[starmie:rw] [170/380] Building C object modules/ec/zephyr/CMakeFiles/ec_shim.dir/app/ec/ec_app_main.c.obj
[starmie:rw] [171/380] Building C object zephyr/drivers/watchdog/CMakeFiles/drivers__watchdog.dir/wdt_shell.c.obj
[starmie:rw] [172/380] Building C object modules/ec/zephyr/CMakeFiles/ec_shim.dir/app/ec/main_shim.c.obj
[starmie:rw] [173/380] Linking C static library zephyr/drivers/timer/libdrivers__timer.a
[veluza:rw] [6/368] Generating include/generated/zephyr/syscall_dispatch.c, include/generated/zephyr/syscall_exports_llext.c, syscall_weakdefs_llext.c, include/generated/zephyr/syscall_list.h
[starmie:rw] [174/380] Building C object modules/ec/zephyr/CMakeFiles/ec_shim.dir/drivers/cros_kb_raw/cros_kb_raw_ite.c.obj
[starmie:rw] [175/380] Building C object modules/ec/zephyr/CMakeFiles/ec_shim.dir/drivers/cros_flash/cros_flash_it8xxx2.c.obj
[starmie:rw] [176/380] Building C object modules/ec/zephyr/CMakeFiles/ec_shim.dir/drivers/cros_shi/cros_shi_it8xxx2.c.obj
[starmie:rw] [177/380] Building C object modules/ec/zephyr/CMakeFiles/ec_shim.dir/shim/chip/it8xxx2/clock.c.obj
[starmie:rw] [178/380] Building C object modules/ec/zephyr/CMakeFiles/ec_shim.dir/drivers/cros_system/cros_system_it8xxx2.c.obj
[starmie:rw] [179/380] Building C object modules/ec/zephyr/CMakeFiles/ec_shim.dir/shim/chip/it8xxx2/gpio.c.obj
[starmie:rw] [180/380] Building C object modules/ec/zephyr/CMakeFiles/ec_shim.dir/shim/chip/it8xxx2/system.c.obj
[starmie:ro] INFO:root:Using a static version string
[starmie:ro] INFO:root:Version string: Zephyr-Kernel-16543.0.0
[starmie:ro] INFO:root:Writing header to /mnt/host/source/src/platform/ec/build/zephyr/starmie/build-ro/modules/ec/zephyr/include/ec_version.h
[starmie:ro] [5/380] Generating misc/generated/syscalls.json, misc/generated/struct_tags.json
[starmie:rw] [181/380] Building C object modules/ec/zephyr/CMakeFiles/ec_shim.dir/shim/chip/it8xxx2/mpu.c.obj
[starmie:rw] [182/380] Building C object modules/ec/zephyr/CMakeFiles/ec_shim.dir/shim/chip/it8xxx2/keyboard_raw.c.obj
[starmie:rw] [183/380] Building C object modules/ec/zephyr/CMakeFiles/ec_shim.dir/shim/chip/it8xxx2/power_policy.c.obj
[starmie:rw] [184/380] Building C object modules/ec/zephyr/CMakeFiles/ec_shim.dir/shim/src/crc.c.obj
[starmie:rw] [185/380] Building C object modules/ec/zephyr/CMakeFiles/ec_shim.dir/shim/chip/it8xxx2/shi.c.obj
[starmie:rw] [186/380] Building C object modules/ec/zephyr/CMakeFiles/ec_shim.dir/shim/core/riscv/mpu.c.obj
[starmie:rw] [187/380] Linking C static library zephyr/drivers/serial/libdrivers__serial.a
[starmie:rw] [188/380] Linking C static library zephyr/drivers/watchdog/libdrivers__watchdog.a
[starmie:rw] [189/380] Building C object modules/ec/zephyr/CMakeFiles/ec_shim.dir/shim/src/console.c.obj
[starmie:rw] [190/380] Building C object modules/ec/zephyr/CMakeFiles/ec_shim.dir/shim/src/gpio.c.obj
[starmie:rw] [191/380] Building C object modules/ec/zephyr/CMakeFiles/ec_shim.dir/shim/src/gpio_int.c.obj
[starmie:rw] [192/380] Building C object modules/ec/zephyr/CMakeFiles/ec_shim.dir/shim/src/pm_state.c.obj
[veluza:ro] [8/368] Generating include/generated/zephyr/kobj-types-enum.h, include/generated/zephyr/otype-to-str.h, include/generated/zephyr/otype-to-size.h
[starmie:rw] [193/380] Building C object modules/ec/zephyr/CMakeFiles/ec_shim.dir/shim/src/panic_utils.c.obj
[starmie:rw] [194/380] Building C object modules/ec/zephyr/CMakeFiles/ec_shim.dir/shim/src/cbi/cros_cbi.c.obj
[starmie:rw] [195/380] Building C object modules/ec/zephyr/CMakeFiles/ec_shim.dir/shim/src/cbi/cbi_eeprom.c.obj
[starmie:rw] [196/380] Building C object modules/ec/zephyr/CMakeFiles/ec_shim.dir/shim/src/led_driver/led.c.obj
[starmie:rw] [197/380] Building C object modules/ec/zephyr/CMakeFiles/ec_shim.dir/shim/src/led_driver/led_pwm.c.obj
[quartz:ro]   Disabling c_library
[quartz:ro] Call Stack (most recent call first):
[quartz:ro]   /mnt/host/source/src/third_party/zephyr/main/cmake/target_toolchain_flags.cmake:48 (include)
[quartz:ro]   /mnt/host/source/src/third_party/zephyr/main/cmake/modules/kernel.cmake:153 (include)
[quartz:ro]   /mnt/host/source/src/third_party/zephyr/main/cmake/modules/zephyr_default.cmake:138 (include)
[quartz:ro]   /mnt/host/source/src/third_party/zephyr/main/share/zephyr-package/cmake/ZephyrConfig.cmake:66 (include)
[quartz:ro]   /mnt/host/source/src/third_party/zephyr/main/share/zephyr-package/cmake/ZephyrConfig.cmake:97 (include_boilerplate)
[quartz:ro]   CMakeLists.txt:7 (find_package)
[quartz:ro] INFO: Verified 52 GPIOs, no duplicates found
[starmie:rw] [198/380] Building C object modules/ec/zephyr/CMakeFiles/ec_shim.dir/shim/src/system.c.obj
[quartz:ro] INFO: Verified 27 '*-gpios' properties, all flags match.
[starmie:rw] [199/380] Building C object modules/ec/zephyr/CMakeFiles/ec_shim.dir/shim/src/charger.c.obj
[starmie:rw] [200/380] Building C object modules/ec/zephyr/CMakeFiles/ec_shim.dir/shim/src/adc.c.obj
[starmie:rw] [201/380] Building C object modules/ec/zephyr/CMakeFiles/ec_shim.dir/shim/src/battery.c.obj
[starmie:rw] [202/380] Building C object modules/ec/zephyr/CMakeFiles/ec_shim.dir/shim/src/flash.c.obj
[starmie:rw] [203/380] Building C object modules/ec/zephyr/CMakeFiles/ec_shim.dir/shim/src/chg_rt9490.c.obj
[starmie:rw] [204/380] Building C object modules/ec/zephyr/CMakeFiles/ec_shim.dir/shim/src/hooks.c.obj
[starmie:rw] [205/380] Building C object modules/ec/zephyr/CMakeFiles/ec_shim.dir/shim/src/host_command.c.obj
[starmie:rw] [206/380] Building C object modules/ec/zephyr/CMakeFiles/ec_shim.dir/shim/src/console_buffer.c.obj
[veluza:ro] [9/368] Generating include/generated/device-api-sections.ld, include/generated/device-api-sections.cmake
[starmie:rw] [207/380] Building C object modules/ec/zephyr/CMakeFiles/ec_shim.dir/shim/src/keyboard_raw.c.obj
[starmie:rw] [208/380] Building C object modules/ec/zephyr/CMakeFiles/ec_shim.dir/shim/src/mkbp_event.c.obj
[veluza:rw] [7/368] Generating include/generated/zephyr/driver-validation.h
[starmie:rw] [209/380] Building C object modules/ec/zephyr/CMakeFiles/ec_shim.dir/shim/src/motionsense_sensors.c.obj
[starmie:rw] [210/380] Building C object modules/ec/zephyr/CMakeFiles/ec_shim.dir/shim/src/panic.c.obj
[starmie:rw] [211/380] Building C object modules/ec/zephyr/CMakeFiles/ec_shim.dir/shim/src/thermal.c.obj
[starmie:rw] [212/380] Building C object modules/ec/zephyr/CMakeFiles/ec_shim.dir/shim/src/hwtimer.c.obj
[starmie:rw] [213/380] Building C object modules/ec/zephyr/CMakeFiles/ec_shim.dir/shim/src/power.c.obj
[starmie:rw] [214/380] Building C object modules/ec/zephyr/CMakeFiles/ec_shim.dir/shim/src/temp_sensors.c.obj
[starmie:rw] [215/380] Building C object modules/ec/zephyr/CMakeFiles/ec_shim.dir/shim/src/tasks.c.obj
[starmie:rw] [216/380] Building C object modules/ec/zephyr/CMakeFiles/ec_shim.dir/shim/src/i2c.c.obj
[veluza:ro] [10/368] Building C object zephyr/CMakeFiles/offsets.dir/arch/riscv/core/offsets/offsets.c.obj
[starmie:rw] [217/380] Building C object modules/ec/zephyr/CMakeFiles/ec_shim.dir/shim/src/watchdog.c.obj
[starmie:rw] [218/380] Building C object modules/ec/zephyr/CMakeFiles/ec_shim.dir/shim/src/ppc.c.obj
[starmie:rw] [219/380] Building C object modules/ec/zephyr/CMakeFiles/ec_shim.dir/shim/src/usb_muxes.c.obj
[starmie:ro] [6/380] Generating include/generated/zephyr/syscall_dispatch.c, include/generated/zephyr/syscall_exports_llext.c, syscall_weakdefs_llext.c, include/generated/zephyr/syscall_list.h
[starmie:rw] [220/380] Building C object zephyr/kernel/CMakeFiles/kernel.dir/main_weak.c.obj
[starmie:rw] [221/380] Building C object zephyr/kernel/CMakeFiles/kernel.dir/banner.c.obj
[starmie:rw] [222/380] Building C object zephyr/kernel/CMakeFiles/kernel.dir/busy_wait.c.obj
[starmie:rw] [223/380] Building C object zephyr/kernel/CMakeFiles/kernel.dir/device.c.obj
[starmie:rw] [224/380] Building C object zephyr/kernel/CMakeFiles/kernel.dir/errno.c.obj
[starmie:rw] [225/380] Building C object zephyr/kernel/CMakeFiles/kernel.dir/fatal.c.obj
[starmie:rw] [226/380] Building C object zephyr/kernel/CMakeFiles/kernel.dir/kheap.c.obj
[starmie:rw] [227/380] Building C object zephyr/kernel/CMakeFiles/kernel.dir/mem_slab.c.obj
Running `env -i PYTHONPATH=/usr/lib64/python-exec/python3.11:/mnt/host/source/src/platform/ec/zephyr/zmake:/usr/lib/python311.zip:/usr/lib/python3.11:/usr/lib/python3.11/lib-dynload:/usr/lib/python3.11/site-packages PW_PIGWEED_CIPD_INSTALL_DIR=/usr CROSTC_USER_ACKNOWLEDGES_THAT_RISCV_IS_EXPERIMENTAL=1 PATH=/mnt/host/source/chromite/bin:/usr/local/bin:/usr/bin:/bin:/opt/bin:/mnt/host/source/chromite/sdk/bin:/mnt/host/source/chromite/bin HOME=/home/jpmurphy JAVA_HOME=/etc/java-config-2/current-system-vm JDK_HOME=/etc/java-config-2/current-system-vm JAVAC=/etc/java-config-2/current-system-vm/bin/javac MAKEFLAGS=' -j16 --jobserver-auth=5,6' /usr/bin/lcov --gcov-tool /mnt/host/source/src/platform/ec/build/zephyr/kanix/build-rw/gcov.sh -q -o - -c -d /mnt/host/source/src/platform/ec/build/zephyr/kanix -t kanix --rc branch_coverage=1 --filter range --ignore-errors inconsistent,source --ignore-errors gcov,gcov -i`
[starmie:rw] [228/380] Building C object zephyr/kernel/CMakeFiles/kernel.dir/init.c.obj
[starmie:rw] [229/380] Building C object zephyr/kernel/CMakeFiles/kernel.dir/float.c.obj
[starmie:rw] [230/380] Building C object zephyr/kernel/CMakeFiles/kernel.dir/version.c.obj
[starmie:rw] [231/380] Building C object zephyr/kernel/CMakeFiles/kernel.dir/mailbox.c.obj
[starmie:rw] [232/380] Building C object zephyr/kernel/CMakeFiles/kernel.dir/msg_q.c.obj
[starmie:rw] [233/380] Building C object zephyr/kernel/CMakeFiles/kernel.dir/mutex.c.obj
[starmie:rw] [234/380] Building C object zephyr/kernel/CMakeFiles/kernel.dir/queue.c.obj
[starmie:rw] [235/380] Building C object zephyr/kernel/CMakeFiles/kernel.dir/sem.c.obj
[starmie:rw] [236/380] Building C object zephyr/kernel/CMakeFiles/kernel.dir/system_work_q.c.obj
[starmie:rw] [237/380] cd /mnt/host/source/src/platform/ec/build/zephyr/starmie/build-rw/modules/ec/zephyr && PYTHONPATH=/mnt/host/source/src/platform/ec/build/zephyr/starmie/modules/ec/zephyr/zmake/ /usr/bin/python3.11 /mnt/host/source/src/platform/ec/build/zephyr/starmie/modules/ec/zephyr/zmake/zephyr_build_tools/generate_ec_version.py /mnt/host/source/src/platform/ec/build/zephyr/starmie/build-rw/modules/ec/zephyr/include/ec_version.h --name Zephyr-Kernel --version 16543.0.0 --static
[starmie:rw] INFO:root:Using a static version string
[starmie:rw] INFO:root:Version string: Zephyr-Kernel-16543.0.0
[starmie:rw] INFO:root:Writing header to /mnt/host/source/src/platform/ec/build/zephyr/starmie/build-rw/modules/ec/zephyr/include/ec_version.h
[starmie:rw] [238/380] Building C object zephyr/kernel/CMakeFiles/kernel.dir/idle.c.obj
[starmie:rw] [239/380] Building C object zephyr/kernel/CMakeFiles/kernel.dir/stack.c.obj
[starmie:rw] [240/380] Building C object zephyr/kernel/CMakeFiles/kernel.dir/work.c.obj
[starmie:rw] [241/380] Building C object CMakeFiles/app.dir/mnt/host/source/src/platform/ec/zephyr/subsys/ap_pwrseq/ap_events.c.obj
[starmie:rw] [242/380] Building C object zephyr/kernel/CMakeFiles/kernel.dir/condvar.c.obj
[starmie:rw] [243/380] Building C object CMakeFiles/app.dir/mnt/host/source/src/platform/ec/build/zephyr/starmie/modules/ec/common/base32.c.obj
[starmie:rw] [244/380] Building C object CMakeFiles/app.dir/mnt/host/source/src/platform/ec/build/zephyr/starmie/modules/ec/builtin/stdlib.c.obj
[starmie:rw] [245/380] Linking C static library modules/ec/zephyr/libec_shim.a
[veluza:rw] [8/368] Generating include/generated/zephyr/kobj-types-enum.h, include/generated/zephyr/otype-to-str.h, include/generated/zephyr/otype-to-size.h
[starmie:rw] [246/380] Building C object CMakeFiles/app.dir/mnt/host/source/src/platform/ec/build/zephyr/starmie/modules/ec/common/console_output.c.obj
[starmie:rw] [247/380] Building C object CMakeFiles/app.dir/mnt/host/source/src/platform/ec/build/zephyr/starmie/modules/ec/common/ec_features.c.obj
[matsu_it82000:rw] -- Board: it8xxx2, qualifiers: it82000bw
[starmie:rw] [248/380] Building C object CMakeFiles/app.dir/mnt/host/source/src/platform/ec/build/zephyr/starmie/modules/ec/common/peripheral.c.obj
[starmie:rw] [249/380] Building C object CMakeFiles/app.dir/mnt/host/source/src/platform/ec/build/zephyr/starmie/modules/ec/common/gpio_commands.c.obj
[starmie:rw] [250/380] Building C object CMakeFiles/app.dir/mnt/host/source/src/platform/ec/build/zephyr/starmie/modules/ec/common/printf.c.obj
[starmie:rw] [251/380] Building C object CMakeFiles/app.dir/mnt/host/source/src/platform/ec/build/zephyr/starmie/modules/ec/common/queue.c.obj
[starmie:rw] [252/380] Building C object CMakeFiles/app.dir/mnt/host/source/src/platform/ec/build/zephyr/starmie/modules/ec/common/system.c.obj
[starmie:rw] [253/380] Building C object CMakeFiles/app.dir/mnt/host/source/src/platform/ec/build/zephyr/starmie/modules/ec/common/system_boot_time.c.obj
[starmie:rw] [254/380] Building C object CMakeFiles/app.dir/mnt/host/source/src/platform/ec/build/zephyr/starmie/modules/ec/common/version.c.obj
[starmie:rw] [255/380] Building C object CMakeFiles/app.dir/mnt/host/source/src/platform/ec/build/zephyr/starmie/modules/ec/common/uart_printf.c.obj
[starmie:rw] [256/380] Building C object CMakeFiles/app.dir/mnt/host/source/src/platform/ec/build/zephyr/starmie/modules/ec/driver/accelgyro_bmi_common.c.obj
[starmie:rw] [257/380] Building C object CMakeFiles/app.dir/mnt/host/source/src/platform/ec/build/zephyr/starmie/modules/ec/common/util.c.obj
[starmie:rw] [258/380] Building C object CMakeFiles/app.dir/mnt/host/source/src/platform/ec/build/zephyr/starmie/modules/ec/driver/accelgyro_bmi3xx.c.obj
[starmie:rw] [259/380] Building C object CMakeFiles/app.dir/mnt/host/source/src/platform/ec/build/zephyr/starmie/modules/ec/common/motion_sense_fifo.c.obj
[starmie:rw] [260/380] Building C object CMakeFiles/app.dir/mnt/host/source/src/platform/ec/build/zephyr/starmie/modules/ec/common/adc.c.obj
[quartz:ro] -- Generating component manifest file
[starmie:rw] [261/380] Building C object CMakeFiles/app.dir/mnt/host/source/src/platform/ec/build/zephyr/starmie/modules/ec/common/base_state.c.obj
[veluza:rw] [9/368] Generating include/generated/device-api-sections.ld, include/generated/device-api-sections.cmake
[starmie:rw] [262/380] Building C object CMakeFiles/app.dir/mnt/host/source/src/platform/ec/build/zephyr/starmie/modules/ec/common/battery.c.obj
[starmie:rw] [263/380] Building C object CMakeFiles/app.dir/mnt/host/source/src/platform/ec/build/zephyr/starmie/modules/ec/common/battery_info.c.obj
[starmie:ro] [7/380] Generating include/generated/zephyr/driver-validation.h
[starmie:rw] [264/380] Building C object CMakeFiles/app.dir/mnt/host/source/src/platform/ec/build/zephyr/starmie/modules/ec/common/battery_fuel_gauge.c.obj
[veluza:rw] [10/368] Building C object zephyr/CMakeFiles/offsets.dir/arch/riscv/core/offsets/offsets.c.obj
[veluza:ro] [11/368] Generating include/generated/zephyr/offsets.h
[starmie:rw] [265/380] Building C object CMakeFiles/app.dir/mnt/host/source/src/platform/ec/build/zephyr/starmie/modules/ec/driver/battery/smart.c.obj
[starmie:rw] [266/380] Building C object CMakeFiles/app.dir/mnt/host/source/src/platform/ec/build/zephyr/starmie/modules/ec/driver/charger/rt9490.c.obj
[starmie:rw] [267/380] Building C object CMakeFiles/app.dir/mnt/host/source/src/platform/ec/build/zephyr/starmie/modules/ec/common/charger.c.obj
[starmie:rw] [268/380] Building C object CMakeFiles/app.dir/mnt/host/source/src/platform/ec/build/zephyr/starmie/modules/ec/common/charge_state.c.obj
[starmie:rw] [269/380] Building C object CMakeFiles/app.dir/mnt/host/source/src/platform/ec/build/zephyr/starmie/modules/ec/common/charge_manager.c.obj
[veluza:ro] [12/368] Building C object CMakeFiles/app.dir/mnt/host/source/src/platform/ec/zephyr/subsys/ap_pwrseq/ap_events.c.obj
[starmie:rw] [270/380] Building C object CMakeFiles/app.dir/mnt/host/source/src/platform/ec/build/zephyr/starmie/modules/ec/common/charge_ramp.c.obj
[starmie:rw] [271/380] Building C object CMakeFiles/app.dir/mnt/host/source/src/platform/ec/build/zephyr/starmie/modules/ec/common/cbi_common.c.obj
[starmie:rw] [272/380] Building C object CMakeFiles/app.dir/mnt/host/source/src/platform/ec/build/zephyr/starmie/modules/ec/common/cbi.c.obj
[starmie:rw] [273/380] Building C object CMakeFiles/app.dir/mnt/host/source/src/platform/ec/build/zephyr/starmie/modules/ec/common/cbi_config.c.obj
[veluza:ro] [13/368] Building C object CMakeFiles/app.dir/mnt/host/source/src/platform/ec/build/zephyr/veluza/modules/ec/builtin/stdlib.c.obj
[starmie:rw] [274/380] Building C object CMakeFiles/app.dir/mnt/host/source/src/platform/ec/build/zephyr/starmie/modules/ec/common/memory_commands.c.obj
[starmie:rw] [275/380] Building C object CMakeFiles/app.dir/mnt/host/source/src/platform/ec/build/zephyr/starmie/modules/ec/common/chipset.c.obj
[starmie:rw] [276/380] Building C object CMakeFiles/app.dir/mnt/host/source/src/platform/ec/build/zephyr/starmie/modules/ec/common/extpower_gpio.c.obj
[starmie:rw] [277/380] Building C object CMakeFiles/app.dir/mnt/host/source/src/platform/ec/build/zephyr/starmie/modules/ec/common/flash.c.obj
[starmie:rw] [278/380] Building C object CMakeFiles/app.dir/mnt/host/source/src/platform/ec/build/zephyr/starmie/modules/ec/common/ap_reset_log.c.obj
[starmie:rw] [279/380] Building C object CMakeFiles/app.dir/mnt/host/source/src/platform/ec/build/zephyr/starmie/modules/ec/common/extpower_common.c.obj
[veluza:ro] [14/368] Building C object CMakeFiles/app.dir/mnt/host/source/src/platform/ec/build/zephyr/veluza/modules/ec/common/base32.c.obj
[starmie:rw] [280/380] Building C object CMakeFiles/app.dir/mnt/host/source/src/platform/ec/build/zephyr/starmie/modules/ec/common/host_command.c.obj
[starmie:rw] [281/380] Building C object CMakeFiles/app.dir/mnt/host/source/src/platform/ec/build/zephyr/starmie/modules/ec/common/host_command_task.c.obj
[veluza:ro] [15/368] Building C object CMakeFiles/app.dir/mnt/host/source/src/platform/ec/build/zephyr/veluza/modules/ec/common/console_output.c.obj
[starmie:rw] [282/380] Building C object CMakeFiles/app.dir/mnt/host/source/src/platform/ec/build/zephyr/starmie/modules/ec/common/host_event_commands.c.obj
[starmie:rw] [283/380] Building C object CMakeFiles/app.dir/mnt/host/source/src/platform/ec/build/zephyr/starmie/modules/ec/common/uart_hostcmd.c.obj
[starmie:rw] [284/380] Building C object CMakeFiles/app.dir/mnt/host/source/src/platform/ec/build/zephyr/starmie/modules/ec/common/uptime.c.obj
[starmie:rw] [285/380] Building C object CMakeFiles/app.dir/mnt/host/source/src/platform/ec/build/zephyr/starmie/modules/ec/common/i2c_controller.c.obj
[veluza:ro] [16/368] Building C object CMakeFiles/app.dir/mnt/host/source/src/platform/ec/build/zephyr/veluza/modules/ec/common/ec_features.c.obj
[starmie:rw] [286/380] Building C object CMakeFiles/app.dir/mnt/host/source/src/platform/ec/build/zephyr/starmie/modules/ec/common/mkbp_fifo.c.obj
[veluza:ro] [17/368] Building C object CMakeFiles/app.dir/mnt/host/source/src/platform/ec/build/zephyr/veluza/modules/ec/common/gpio_commands.c.obj
[starmie:rw] [287/380] Building C object CMakeFiles/app.dir/mnt/host/source/src/platform/ec/build/zephyr/starmie/modules/ec/common/i2c_passthru.c.obj
[starmie:rw] [288/380] Building C object CMakeFiles/app.dir/mnt/host/source/src/platform/ec/build/zephyr/starmie/modules/ec/common/mkbp_info.c.obj
[starmie:rw] [289/380] Building C object CMakeFiles/app.dir/mnt/host/source/src/platform/ec/build/zephyr/starmie/modules/ec/common/keyboard_mkbp.c.obj
[starmie:rw] [290/380] Building C object CMakeFiles/app.dir/mnt/host/source/src/platform/ec/build/zephyr/starmie/modules/ec/common/mkbp_input_devices.c.obj
[veluza:ro] [18/368] Building C object CMakeFiles/app.dir/mnt/host/source/src/platform/ec/build/zephyr/veluza/modules/ec/common/peripheral.c.obj
[starmie:rw] [291/380] Building C object CMakeFiles/app.dir/mnt/host/source/src/platform/ec/build/zephyr/starmie/modules/ec/common/virtual_battery.c.obj
[starmie:rw] [292/380] Building C object CMakeFiles/app.dir/mnt/host/source/src/platform/ec/build/zephyr/starmie/modules/ec/common/keyboard_scan.c.obj
[veluza:ro] [19/368] Building C object CMakeFiles/app.dir/mnt/host/source/src/platform/ec/build/zephyr/veluza/modules/ec/common/printf.c.obj
[starmie:rw] [293/380] Building C object CMakeFiles/app.dir/mnt/host/source/src/platform/ec/build/zephyr/starmie/modules/ec/common/led_common.c.obj
[starmie:rw] [294/380] Building C object CMakeFiles/app.dir/mnt/host/source/src/platform/ec/build/zephyr/starmie/modules/ec/common/lid_switch.c.obj
[starmie:rw] [295/380] Building C object CMakeFiles/app.dir/mnt/host/source/src/platform/ec/build/zephyr/starmie/modules/ec/common/mkbp_event.c.obj
[starmie:rw] [296/380] Building C object CMakeFiles/app.dir/mnt/host/source/src/platform/ec/build/zephyr/starmie/modules/ec/common/power_button.c.obj
[starmie:rw] [297/380] Building C object CMakeFiles/app.dir/mnt/host/source/src/platform/ec/build/zephyr/starmie/modules/ec/power/mt8186.c.obj
[veluza:ro] [20/368] Building C object CMakeFiles/app.dir/mnt/host/source/src/platform/ec/build/zephyr/veluza/modules/ec/common/queue.c.obj
[starmie:rw] [298/380] Building C object CMakeFiles/app.dir/mnt/host/source/src/platform/ec/build/zephyr/starmie/modules/ec/driver/sha256/sha256_it8xxx2.c.obj
[starmie:rw] [299/380] Building C object CMakeFiles/app.dir/mnt/host/source/src/platform/ec/build/zephyr/starmie/modules/ec/common/motion_sense.c.obj
[starmie:rw] [300/380] Building C object CMakeFiles/app.dir/mnt/host/source/src/platform/ec/build/zephyr/starmie/modules/ec/power/common.c.obj
[starmie:rw] [301/380] Building C object CMakeFiles/app.dir/mnt/host/source/src/platform/ec/build/zephyr/starmie/modules/ec/common/panic_output.c.obj
[starmie:rw] [302/380] Building C object CMakeFiles/app.dir/mnt/host/source/src/platform/ec/build/zephyr/starmie/modules/ec/common/switch.c.obj
[starmie:ro] [8/380] Generating include/generated/zephyr/kobj-types-enum.h, include/generated/zephyr/otype-to-str.h, include/generated/zephyr/otype-to-size.h
[starmie:rw] [303/380] Building C object CMakeFiles/app.dir/mnt/host/source/src/platform/ec/build/zephyr/starmie/modules/ec/common/shared_mem.c.obj
[starmie:rw] [304/380] Building C object CMakeFiles/app.dir/mnt/host/source/src/platform/ec/build/zephyr/starmie/modules/ec/common/thermal.c.obj
[starmie:rw] [305/380] Building C object CMakeFiles/app.dir/mnt/host/source/src/platform/ec/build/zephyr/starmie/modules/ec/power/host_sleep.c.obj
[starmie:rw] [306/380] Building C object CMakeFiles/app.dir/mnt/host/source/src/platform/ec/build/zephyr/starmie/modules/ec/common/temp_sensor.c.obj
[starmie:rw] [307/380] Building C object CMakeFiles/app.dir/mnt/host/source/src/platform/ec/build/zephyr/starmie/modules/ec/driver/temp_sensor/thermistor.c.obj
[starmie:rw] [308/380] Building C object CMakeFiles/app.dir/mnt/host/source/src/platform/ec/build/zephyr/starmie/modules/ec/common/timer.c.obj
[veluza:ro] [21/368] Building C object CMakeFiles/app.dir/mnt/host/source/src/platform/ec/build/zephyr/veluza/modules/ec/common/system.c.obj
[starmie:rw] [309/380] Building C object CMakeFiles/app.dir/mnt/host/source/src/platform/ec/build/zephyr/starmie/modules/ec/common/typec_control.c.obj
[starmie:rw] [310/380] Building C object CMakeFiles/app.dir/mnt/host/source/src/platform/ec/build/zephyr/starmie/modules/ec/common/usb_common.c.obj
[starmie:rw] [311/380] Building C object CMakeFiles/app.dir/mnt/host/source/src/platform/ec/build/zephyr/starmie/modules/ec/common/usb_pd_pdo.c.obj
[veluza:ro] [22/368] Building C object CMakeFiles/app.dir/mnt/host/source/src/platform/ec/build/zephyr/veluza/modules/ec/common/system_boot_time.c.obj
[starmie:rw] [312/380] Building C object CMakeFiles/app.dir/mnt/host/source/src/platform/ec/build/zephyr/starmie/modules/ec/common/usbc/usbc_task.c.obj
[veluza:rw] [11/368] Generating include/generated/zephyr/offsets.h
[starmie:rw] [313/380] Building C object CMakeFiles/app.dir/mnt/host/source/src/platform/ec/build/zephyr/starmie/modules/ec/common/usbc/usb_pd_timer.c.obj
[veluza:ro] [23/368] Building C object CMakeFiles/app.dir/mnt/host/source/src/platform/ec/build/zephyr/veluza/modules/ec/common/uart_printf.c.obj
[starmie:rw] [314/380] Building C object CMakeFiles/app.dir/mnt/host/source/src/platform/ec/build/zephyr/starmie/modules/ec/common/usbc/usb_sm.c.obj
[starmie:rw] [315/380] Building C object CMakeFiles/app.dir/mnt/host/source/src/platform/ec/build/zephyr/starmie/modules/ec/common/usbc_intr_task.c.obj
[veluza:rw] [12/368] Building C object CMakeFiles/app.dir/mnt/host/source/src/platform/ec/zephyr/subsys/ap_pwrseq/ap_events.c.obj
[starmie:rw] [316/380] Building C object CMakeFiles/app.dir/mnt/host/source/src/platform/ec/build/zephyr/starmie/modules/ec/common/usb_pd_flags.c.obj
[starmie:rw] [317/380] Building C object CMakeFiles/app.dir/mnt/host/source/src/platform/ec/build/zephyr/starmie/modules/ec/common/usbc_utils.c.obj
[starmie:rw] [318/380] Building C object CMakeFiles/app.dir/mnt/host/source/src/platform/ec/build/zephyr/starmie/modules/ec/common/chargen.c.obj
[veluza:ro] [24/368] Building C object CMakeFiles/app.dir/mnt/host/source/src/platform/ec/build/zephyr/veluza/modules/ec/common/util.c.obj
[starmie:rw] [319/380] Building C object CMakeFiles/app.dir/mnt/host/source/src/platform/ec/build/zephyr/starmie/modules/ec/driver/usb_mux/usb_mux.c.obj
[quartz:ro] INFO: Skipped 1 named-gpios children.
[starmie:rw] [320/380] Building C object CMakeFiles/app.dir/mnt/host/source/src/platform/ec/build/zephyr/starmie/modules/ec/common/usbc/usb_pd_console.c.obj
[veluza:rw] [13/368] Building C object CMakeFiles/app.dir/mnt/host/source/src/platform/ec/build/zephyr/veluza/modules/ec/builtin/stdlib.c.obj
[quartz:ro] INFO: Running CME, outputting to /mnt/host/source/src/platform/ec/build/zephyr/quartz/build-ro/zephyr/component_manifest.json
[quartz:ro] INFO: Project quartz does not support SSFC
[quartz:ro] INFO: No usbc node found
[starmie:ro] [9/380] Generating include/generated/device-api-sections.ld, include/generated/device-api-sections.cmake
[veluza:ro] [25/368] Building C object CMakeFiles/app.dir/mnt/host/source/src/platform/ec/build/zephyr/veluza/modules/ec/common/version.c.obj
[starmie:rw] [321/380] Building C object CMakeFiles/app.dir/mnt/host/source/src/platform/ec/build/zephyr/starmie/modules/ec/driver/usb_mux/it5205.c.obj
[veluza:rw] [14/368] Building C object CMakeFiles/app.dir/mnt/host/source/src/platform/ec/build/zephyr/veluza/modules/ec/common/base32.c.obj
[starmie:rw] [322/380] Building C object CMakeFiles/app.dir/mnt/host/source/src/platform/ec/build/zephyr/starmie/modules/ec/driver/usb_mux/ps8743.c.obj
[starmie:rw] [323/380] Building C object CMakeFiles/app.dir/mnt/host/source/src/platform/ec/build/zephyr/starmie/modules/ec/driver/usb_mux/virtual.c.obj
[starmie:rw] [324/380] Building C object CMakeFiles/app.dir/mnt/host/source/src/platform/ec/build/zephyr/starmie/modules/ec/common/dps.c.obj
[veluza:ro] [26/368] Building C object CMakeFiles/app.dir/mnt/host/source/src/platform/ec/build/zephyr/veluza/modules/ec/driver/accel_bma4xx.c.obj
[starmie:rw] [325/380] Building C object CMakeFiles/app.dir/mnt/host/source/src/platform/ec/build/zephyr/starmie/modules/ec/common/event_log.c.obj
[starmie:rw] [326/380] Building C object CMakeFiles/app.dir/mnt/host/source/src/platform/ec/build/zephyr/starmie/modules/ec/common/pd_log.c.obj
[starmie:ro] [10/380] Building C object zephyr/CMakeFiles/offsets.dir/arch/riscv/core/offsets/offsets.c.obj
[veluza:rw] [15/368] Building C object CMakeFiles/app.dir/mnt/host/source/src/platform/ec/build/zephyr/veluza/modules/ec/common/console_output.c.obj
[quartz:ro] -- warning_base_override: -Wall;-Wformat;-Wformat-security;-Wformat;-Wno-format-zero-length;-Wno-pointer-sign;-Wpointer-arith;-Wexpansion-to-defined
[veluza:ro] [27/368] Building C object CMakeFiles/app.dir/mnt/host/source/src/platform/ec/build/zephyr/veluza/modules/ec/driver/accelgyro_bmi_common.c.obj
[/mnt/host/source/src/platform/ec/build/zephyr/ite-aic-rtk-pdc-lcov]   /mnt/host/source/src/platform/ec/build/zephyr/ite-aic-rtk-pdc/build-rw/zephyr/arch/common/CMakeFiles/isr_tables.dir/isr_tables.c.gcno:no functions found
[/mnt/host/source/src/platform/ec/build/zephyr/ite-aic-rtk-pdc-lcov] stderr:
[veluza:rw] [16/368] Building C object CMakeFiles/app.dir/mnt/host/source/src/platform/ec/build/zephyr/veluza/modules/ec/common/ec_features.c.obj
[veluza:ro] [28/368] Building C object CMakeFiles/app.dir/mnt/host/source/src/platform/ec/build/zephyr/veluza/modules/ec/driver/accelgyro_bmi260.c.obj
[starmie:rw] [327/380] Building C object CMakeFiles/app.dir/mnt/host/source/src/platform/ec/build/zephyr/starmie/modules/ec/common/usbc/usb_prl_sm.c.obj
[starmie:rw] [328/380] Building C object CMakeFiles/app.dir/mnt/host/source/src/platform/ec/build/zephyr/starmie/modules/ec/common/usbc/usb_pe_drp_sm.c.obj
[starmie:rw] [329/380] Building C object CMakeFiles/app.dir/mnt/host/source/src/platform/ec/build/zephyr/starmie/modules/ec/common/usbc/usb_tc_drp_acc_trysrc_sm.c.obj
[veluza:ro] [29/368] Building C object CMakeFiles/app.dir/mnt/host/source/src/platform/ec/build/zephyr/veluza/modules/ec/driver/accelgyro_bmi3xx.c.obj
[veluza:rw] [17/368] Building C object CMakeFiles/app.dir/mnt/host/source/src/platform/ec/build/zephyr/veluza/modules/ec/common/gpio_commands.c.obj
[starmie:rw] [330/380] Building C object CMakeFiles/app.dir/mnt/host/source/src/platform/ec/build/zephyr/starmie/modules/ec/common/usbc/usb_pd_dpm.c.obj
[starmie:rw] [331/380] Building C object CMakeFiles/app.dir/mnt/host/source/src/platform/ec/build/zephyr/starmie/modules/ec/common/usbc/usbc_pd_policy.c.obj
[starmie:rw] [332/380] Building C object CMakeFiles/app.dir/mnt/host/source/src/platform/ec/build/zephyr/starmie/modules/ec/common/usb_pd_host_cmd.c.obj
[starmie:rw] [333/380] Building C object CMakeFiles/app.dir/mnt/host/source/src/platform/ec/build/zephyr/starmie/modules/ec/common/usbc/dp_alt_mode.c.obj
[starmie:rw] [334/380] Building C object CMakeFiles/app.dir/mnt/host/source/src/platform/ec/build/zephyr/starmie/modules/ec/common/usb_pd_console_cmd.c.obj
[starmie:rw] [335/380] Building C object CMakeFiles/app.dir/mnt/host/source/src/platform/ec/build/zephyr/starmie/modules/ec/common/usbc/usb_pd_host.c.obj
[starmie:rw] [336/380] Building C object CMakeFiles/app.dir/mnt/host/source/src/platform/ec/build/zephyr/starmie/modules/ec/zephyr/shim/src/tcpc.c.obj
[veluza:ro] [30/368] Building C object CMakeFiles/app.dir/mnt/host/source/src/platform/ec/build/zephyr/veluza/modules/ec/common/motion_sense_fifo.c.obj
[starmie:rw] [337/380] Building C object CMakeFiles/app.dir/mnt/host/source/src/platform/ec/build/zephyr/starmie/modules/ec/common/usbc/svdm_rsp_dfp_only.c.obj
[starmie:rw] [338/380] Building C object CMakeFiles/app.dir/mnt/host/source/src/platform/ec/build/zephyr/starmie/modules/ec/common/usb_pd_host_cmd_common.c.obj
[starmie:rw] [339/380] Building C object CMakeFiles/app.dir/mnt/host/source/src/platform/ec/build/zephyr/starmie/modules/ec/common/usb_pd_discovery.c.obj
[veluza:rw] [18/368] Building C object CMakeFiles/app.dir/mnt/host/source/src/platform/ec/build/zephyr/veluza/modules/ec/common/peripheral.c.obj
[starmie:rw] [340/380] Building C object CMakeFiles/app.dir/mnt/host/source/src/platform/ec/build/zephyr/starmie/modules/ec/common/usbc/dp_hpd_gpio.c.obj
[starmie:rw] [341/380] Building C object CMakeFiles/app.dir/mnt/host/source/src/platform/ec/build/zephyr/starmie/modules/ec/driver/tcpm/tcpci.c.obj
[starmie:rw] [342/380] Building C object CMakeFiles/app.dir/mnt/host/source/src/platform/ec/build/zephyr/starmie/modules/ec/common/usbc_ocp.c.obj
[starmie:rw] [343/380] Building C object CMakeFiles/app.dir/mnt/host/source/src/platform/ec/build/zephyr/starmie/modules/ec/common/usb_pd_dual_role.c.obj
[veluza:ro] [31/368] Building C object CMakeFiles/app.dir/mnt/host/source/src/platform/ec/build/zephyr/veluza/modules/ec/common/adc.c.obj
[starmie:rw] [344/380] Building C object CMakeFiles/app.dir/mnt/host/source/src/platform/ec/build/zephyr/starmie/modules/ec/driver/tcpm/ite_pd_intc.c.obj
[veluza:rw] [19/368] Building C object CMakeFiles/app.dir/mnt/host/source/src/platform/ec/build/zephyr/veluza/modules/ec/common/printf.c.obj
[starmie:rw] [345/380] Building C object CMakeFiles/app.dir/mnt/host/source/src/platform/ec/build/zephyr/starmie/modules/ec/common/usbc_ppc.c.obj
[starmie:rw] [346/380] Building C object CMakeFiles/app.dir/mnt/host/source/src/platform/ec/build/zephyr/starmie/modules/ec/driver/ppc/syv682x.c.obj
[veluza:ro] [32/368] Building C object CMakeFiles/app.dir/mnt/host/source/src/platform/ec/build/zephyr/veluza/modules/ec/common/battery.c.obj
[veluza:rw] [20/368] Building C object CMakeFiles/app.dir/mnt/host/source/src/platform/ec/build/zephyr/veluza/modules/ec/common/queue.c.obj
[starmie:rw] [347/380] Building C object CMakeFiles/app.dir/mnt/host/source/src/platform/ec/build/zephyr/starmie/modules/ec/driver/ppc/rt1739.c.obj
[starmie:rw] [348/380] Building C object CMakeFiles/app.dir/mnt/host/source/src/platform/ec/build/zephyr/starmie/modules/ec/driver/tcpm/it8xxx2.c.obj
[starmie:rw] [349/380] Building C object CMakeFiles/app.dir/mnt/host/source/src/platform/ec/build/zephyr/starmie/modules/ec/common/button.c.obj
[starmie:rw] [350/380] Building C object CMakeFiles/app.dir/mnt/host/source/src/platform/ec/build/zephyr/starmie/modules/ec/common/vboot/efs2.c.obj
[starmie:rw] [351/380] Building C object CMakeFiles/app.dir/mnt/host/source/src/platform/ec/build/zephyr/starmie/modules/ec/common/vboot_hash.c.obj
[starmie:rw] [352/380] Building C object CMakeFiles/app.dir/mnt/host/source/src/platform/ec/build/zephyr/starmie/modules/ec/common/vstore.c.obj
[veluza:rw] [21/368] Building C object CMakeFiles/app.dir/mnt/host/source/src/platform/ec/build/zephyr/veluza/modules/ec/common/system.c.obj
[starmie:rw] [353/380] Building C object CMakeFiles/app.dir/mnt/host/source/src/platform/ec/build/zephyr/starmie/modules/ec/common/math_util.c.obj
[starmie:rw] [354/380] Building C object CMakeFiles/app.dir/src/board_chipset.c.obj
[veluza:ro] [33/368] Building C object CMakeFiles/app.dir/mnt/host/source/src/platform/ec/build/zephyr/veluza/modules/ec/common/battery_info.c.obj
[starmie:rw] [355/380] Building C object CMakeFiles/app.dir/src/board.c.obj
[starmie:rw] [356/380] Building C object CMakeFiles/app.dir/src/hibernate.c.obj
[veluza:ro] [34/368] Building C object CMakeFiles/app.dir/mnt/host/source/src/platform/ec/build/zephyr/veluza/modules/ec/common/battery_fuel_gauge.c.obj
[starmie:rw] [357/380] Building C object CMakeFiles/app.dir/src/usbc.c.obj
[veluza:rw] [22/368] Building C object CMakeFiles/app.dir/mnt/host/source/src/platform/ec/build/zephyr/veluza/modules/ec/common/system_boot_time.c.obj
[starmie:rw] [358/380] Building C object CMakeFiles/app.dir/src/usb_pd_policy.c.obj
[starmie:rw] [359/380] Building C object CMakeFiles/app.dir/src/ite_hooks.c.obj
[starmie:rw] [360/380] Building C object CMakeFiles/app.dir/src/ite_i2c.c.obj
[starmie:rw] [361/380] Building C object CMakeFiles/app.dir/src/ite_usbc.c.obj
[veluza:ro] [35/368] Building C object CMakeFiles/app.dir/mnt/host/source/src/platform/ec/build/zephyr/veluza/modules/ec/driver/battery/smart.c.obj
[starmie:rw] [362/380] Building C object CMakeFiles/app.dir/src/ite_usb_pd_policy.c.obj
[starmie:rw] [363/380] Building C object CMakeFiles/app.dir/starmie/src/ppc.c.obj
[veluza:rw] [23/368] Building C object CMakeFiles/app.dir/mnt/host/source/src/platform/ec/build/zephyr/veluza/modules/ec/common/uart_printf.c.obj
[starmie:rw] [364/380] Building C object CMakeFiles/app.dir/starmie/src/base_detect.c.obj
[starmie:rw] [365/380] Building C object CMakeFiles/app.dir/starmie/src/lcd.c.obj
[starmie:rw] [366/380] Building C object CMakeFiles/app.dir/starmie/src/board.c.obj
[starmie:rw] [367/380] Building C object zephyr/kernel/CMakeFiles/kernel.dir/thread.c.obj
[starmie:rw] [368/380] Building C object CMakeFiles/app.dir/starmie/src/thermal.c.obj
[veluza:ro] [36/368] Building C object CMakeFiles/app.dir/mnt/host/source/src/platform/ec/build/zephyr/veluza/modules/ec/driver/charger/rt9490.c.obj
[veluza:rw] [24/368] Building C object CMakeFiles/app.dir/mnt/host/source/src/platform/ec/build/zephyr/veluza/modules/ec/common/util.c.obj
[starmie:rw] [369/380] Building C object zephyr/kernel/CMakeFiles/kernel.dir/pipe.c.obj
[starmie:rw] [370/380] Building C object zephyr/kernel/CMakeFiles/kernel.dir/spinlock_validate.c.obj
[starmie:rw] [371/380] Building C object zephyr/kernel/CMakeFiles/kernel.dir/thread_monitor.c.obj
[starmie:rw] [372/380] Building C object zephyr/kernel/CMakeFiles/kernel.dir/timeout.c.obj
[starmie:rw] [373/380] Building C object zephyr/kernel/CMakeFiles/kernel.dir/sched.c.obj
[starmie:rw] [374/380] Building C object zephyr/kernel/CMakeFiles/kernel.dir/timer.c.obj
[veluza:ro] [37/368] Building C object CMakeFiles/app.dir/mnt/host/source/src/platform/ec/build/zephyr/veluza/modules/ec/common/charger.c.obj
[starmie:ro] [11/380] Generating include/generated/zephyr/offsets.h
[veluza:rw] [25/368] Building C object CMakeFiles/app.dir/mnt/host/source/src/platform/ec/build/zephyr/veluza/modules/ec/common/version.c.obj
[starmie:rw] [375/380] Building C object zephyr/kernel/CMakeFiles/kernel.dir/mempool.c.obj
[helipilot:rw] Building: /usr/bin/ninja -C /mnt/host/source/src/platform/ec/build/zephyr/helipilot/build-rw all.libraries
Running `env -i SHELL=/bin/bash COLORTERM=truecolor DEPOT_TOOLS_UPDATE=0 LESS='-R -M --shift 5' SUDO_GID=0 JDK_HOME=/etc/java-config-2/current-system-vm CONFIG_PROTECT_MASK='/etc/gentoo-release /etc/sandbox.d /etc/fonts/fonts.conf /etc/terminfo /etc/ca-certificates.conf /etc/revdep-rebuild' CHROMEOS_CACHEDIR=/var/cache/chromeos-cache JAVA_HOME=/etc/java-config-2/current-system-vm SSH_AUTH_SOCK=/tmp/ssh-auth-sock SUDO_COMMAND=/bin/bash SUDO_USER=root SUDO_TTY=/dev/pts/2 EDITOR=/usr/bin/vi PWD=/mnt/host/source/src/platform/ec CONFIG_PROTECT=/usr/share/gnupg/qualified.txt LOGNAME=jpmurphy MANPATH=/etc/java-config-2/current-system-vm/man:/usr/local/share/man:/usr/share/man:/usr/share/gcc-data/x86_64-pc-linux-gnu/10.2.0/man:/usr/share/binutils-data/x86_64-pc-linux-gnu/2.45/man:/etc/java-config-2/current-system-vm/man/ SUDO_HOME=/root XAUTHORITY=/run/user/944457/gdm/Xauthority HOME=/home/jpmurphy LANG=C.UTF-8 LS_COLORS='rs=0:di=01;34:ln=01;36:mh=00:pi=40;33:so=01;35:do=01;35:bd=40;33;01:cd=40;33;01:or=01;05;37;41:mi=01;05;37;41:su=37;41:sg=30;43:ca=30;41:tw=30;42:ow=34;42:st=37;44:ex=01;32:*.tar=01;31:*.tgz=01;31:*.arc=01;31:*.arj=01;31:*.taz=01;31:*.lha=01;31:*.lz4=01;31:*.lzh=01;31:*.lzma=01;31:*.tlz=01;31:*.txz=01;31:*.tzo=01;31:*.t7z=01;31:*.zip=01;31:*.z=01;31:*.dz=01;31:*.gz=01;31:*.lrz=01;31:*.lz=01;31:*.lzo=01;31:*.xz=01;31:*.zst=01;31:*.tzst=01;31:*.bz2=01;31:*.bz=01;31:*.tbz=01;31:*.tbz2=01;31:*.tz=01;31:*.deb=01;31:*.rpm=01;31:*.jar=01;31:*.war=01;31:*.ear=01;31:*.sar=01;31:*.rar=01;31:*.alz=01;31:*.ace=01;31:*.zoo=01;31:*.cpio=01;31:*.7z=01;31:*.rz=01;31:*.cab=01;31:*.wim=01;31:*.swm=01;31:*.dwm=01;31:*.esd=01;31:*.jpg=01;35:*.jpeg=01;35:*.mjpg=01;35:*.mjpeg=01;35:*.gif=01;35:*.bmp=01;35:*.pbm=01;35:*.pgm=01;35:*.ppm=01;35:*.tga=01;35:*.xbm=01;35:*.xpm=01;35:*.tif=01;35:*.tiff=01;35:*.png=01;35:*.svg=01;35:*.svgz=01;35:*.mng=01;35:*.pcx=01;35:*.mov=01;35:*.mpg=01;35:*.mpeg=01;35:*.m2v=01;35:*.mkv=01;35:*.webm=01;35:*.webp=01;35:*.ogm=01;35:*.mp4=01;35:*.m4v=01;35:*.mp4v=01;35:*.vob=01;35:*.qt=01;35:*.nuv=01;35:*.wmv=01;35:*.asf=01;35:*.rm=01;35:*.rmvb=01;35:*.flc=01;35:*.avi=01;35:*.fli=01;35:*.flv=01;35:*.gl=01;35:*.dl=01;35:*.xcf=01;35:*.xwd=01;35:*.yuv=01;35:*.cgm=01;35:*.emf=01;35:*.ogv=01;35:*.ogx=01;35:*.cfg=00;32:*.conf=00;32:*.diff=00;32:*.doc=00;32:*.ini=00;32:*.log=00;32:*.patch=00;32:*.pdf=00;32:*.ps=00;32:*.tex=00;32:*.txt=00;32:*.aac=00;36:*.au=00;36:*.flac=00;36:*.m4a=00;36:*.mid=00;36:*.midi=00;36:*.mka=00;36:*.mp3=00;36:*.mpc=00;36:*.ogg=00;36:*.ra=00;36:*.wav=00;36:*.oga=00;36:*.opus=00;36:*.spx=00;36:*.xspf=00;36:' XDG_CURRENT_DESKTOP=GNOME INFOPATH=/usr/share/info:/usr/share/gcc-data/x86_64-pc-linux-gnu/10.2.0/info:/usr/share/binutils-data/x86_64-pc-linux-gnu/2.45/info:/usr/share/automake-1.16.5/info JAVAC=/etc/java-config-2/current-system-vm/bin/javac TERM=xterm-256color LESSOPEN='|lesspipe %s' USER=jpmurphy CROS_WORKON_SRCROOT=/mnt/host/source MANPAGER=manpager DISPLAY=:1 SHLVL=1 LC_MESSAGES=C EXTERNAL_TRUNK_PATH=/mnt/8f9d649a-3721-44cc-93c0-e6bd21a9689f/chromiumos GCC_SPECS='' PATH=/mnt/host/source/chromite/bin:/usr/local/bin:/usr/bin:/bin:/opt/bin:/mnt/host/source/chromite/sdk/bin:/mnt/host/source/chromite/bin PORTAGE_USERNAME=jpmurphy SUDO_UID=0 GCC_VER=10.2.0 MAIL=/var/mail/jpmurphy OLDPWD=/mnt/host/source/src/scripts traceparent=00-e87aca51550a78635907baa6a2476181-6d684811675d2973-01 _=./zephyr/firmware_builder.py COREBOOT_SDK_ROOT_x86=/home/jpmurphy/.cache/coreboot-sdk/i386-elf/dfbb0486385d938cfa9d73080b9d18d598ed4f49 COREBOOT_SDK_ROOT_picolibc_x86=/home/jpmurphy/.cache/coreboot-sdk/picolibc-i386-elf/eb8e8e687b95461de8cbf278f1c2076952d0ad17 COREBOOT_SDK_ROOT_riscv64=/home/jpmurphy/.cache/coreboot-sdk/riscv64-elf/96b949749225b6aaa92ed810ab769e8dfb12f000 COREBOOT_SDK_ROOT_picolibc_arm=/home/jpmurphy/.cache/coreboot-sdk/picolibc-arm-eabi/422a2aa3e1ef891b5bece9a3deb696ff83840d2e COREBOOT_SDK_ROOT_nds32=/home/jpmurphy/.cache/coreboot-sdk/nds32le-elf/d1a518c4a097666d86058e1444f85ca015d15511 COREBOOT_SDK_ROOT_picolibc_riscv64=/home/jpmurphy/.cache/coreboot-sdk/picolibc-riscv64-elf/f571e990ef0278564b31124f8bb109d9a697eb69 COREBOOT_SDK_ROOT_arm=/home/jpmurphy/.cache/coreboot-sdk/arm-eabi/ea40ddd1d190c3b48435c474c0b545719371813a COREBOOT_SDK_ROOT_libstdcxx_riscv64=/home/jpmurphy/.cache/coreboot-sdk/libstdcxx-riscv64-elf/17abf22a3a252e2d5d2062ced5324f7a623689e0 COREBOOT_SDK_ROOT_libstdcxx_arm=/home/jpmurphy/.cache/coreboot-sdk/libstdcxx-arm-eabi/5d7d82e150e44aa1968f1d366e267e6687b328ac COREBOOT_SDK_ROOT_riscv=/home/jpmurphy/.cache/coreboot-sdk/riscv-elf/9a27b9e82341c6e9126624f516ab3f261abb3e73 COREBOOT_SDK_ROOT_libstdcxx_x86=/home/jpmurphy/.cache/coreboot-sdk/libstdcxx-i386-elf/42ef9d2e87a76a37963175d7d428734e65648b87 PYTHONPATH=/mnt/host/source/src/platform/ec/zephyr/zmake PW_PIGWEED_CIPD_INSTALL_DIR=/usr CROSTC_USER_ACKNOWLEDGES_THAT_RISCV_IS_EXPERIMENTAL=1 MAKEFLAGS=' -j16 --jobserver-auth=5,6' /usr/bin/ninja -C /mnt/host/source/src/platform/ec/build/zephyr/helipilot/build-rw all.libraries`
[veluza:ro] [38/368] Building C object CMakeFiles/app.dir/mnt/host/source/src/platform/ec/build/zephyr/veluza/modules/ec/common/charge_state.c.obj
[helipilot:rw] ninja: Entering directory `/mnt/host/source/src/platform/ec/build/zephyr/helipilot/build-rw'
[veluza:rw] [26/368] Building C object CMakeFiles/app.dir/mnt/host/source/src/platform/ec/build/zephyr/veluza/modules/ec/driver/accel_bma4xx.c.obj
[starmie:ro] [12/380] Building C object CMakeFiles/app.dir/mnt/host/source/src/platform/ec/zephyr/subsys/ap_pwrseq/ap_events.c.obj
[starmie:ro] [13/380] Building C object CMakeFiles/app.dir/mnt/host/source/src/platform/ec/build/zephyr/starmie/modules/ec/builtin/stdlib.c.obj
[veluza:rw] [27/368] Building C object CMakeFiles/app.dir/mnt/host/source/src/platform/ec/build/zephyr/veluza/modules/ec/driver/accelgyro_bmi_common.c.obj
[veluza:ro] [39/368] Building C object CMakeFiles/app.dir/mnt/host/source/src/platform/ec/build/zephyr/veluza/modules/ec/common/charge_manager.c.obj
[starmie:ro] [14/380] Building C object CMakeFiles/app.dir/mnt/host/source/src/platform/ec/build/zephyr/starmie/modules/ec/common/base32.c.obj
[veluza:ro] [40/368] Building C object CMakeFiles/app.dir/mnt/host/source/src/platform/ec/build/zephyr/veluza/modules/ec/common/charge_ramp.c.obj
[veluza:rw] [28/368] Building C object CMakeFiles/app.dir/mnt/host/source/src/platform/ec/build/zephyr/veluza/modules/ec/driver/accelgyro_bmi3xx.c.obj
[veluza:rw] [29/368] Building C object CMakeFiles/app.dir/mnt/host/source/src/platform/ec/build/zephyr/veluza/modules/ec/driver/accelgyro_bmi260.c.obj
[starmie:ro] [15/380] Building C object CMakeFiles/app.dir/mnt/host/source/src/platform/ec/build/zephyr/starmie/modules/ec/common/console_output.c.obj
[starmie:ro] [16/380] Building C object CMakeFiles/app.dir/mnt/host/source/src/platform/ec/build/zephyr/starmie/modules/ec/common/ec_features.c.obj
[veluza:rw] [30/368] Building C object CMakeFiles/app.dir/mnt/host/source/src/platform/ec/build/zephyr/veluza/modules/ec/common/adc.c.obj
[starmie:ro] [17/380] Building C object CMakeFiles/app.dir/mnt/host/source/src/platform/ec/build/zephyr/starmie/modules/ec/common/gpio_commands.c.obj
[veluza:rw] [31/368] Building C object CMakeFiles/app.dir/mnt/host/source/src/platform/ec/build/zephyr/veluza/modules/ec/common/motion_sense_fifo.c.obj
[veluza:ro] [41/368] Building C object CMakeFiles/app.dir/mnt/host/source/src/platform/ec/build/zephyr/veluza/modules/ec/common/cbi_common.c.obj
[starmie:ro] [18/380] Building C object CMakeFiles/app.dir/mnt/host/source/src/platform/ec/build/zephyr/starmie/modules/ec/common/peripheral.c.obj
[starmie:ro] [19/380] Building C object CMakeFiles/app.dir/mnt/host/source/src/platform/ec/build/zephyr/starmie/modules/ec/common/printf.c.obj
[veluza:rw] [32/368] Building C object CMakeFiles/app.dir/mnt/host/source/src/platform/ec/build/zephyr/veluza/modules/ec/common/battery.c.obj
[veluza:rw] [33/368] Building C object CMakeFiles/app.dir/mnt/host/source/src/platform/ec/build/zephyr/veluza/modules/ec/common/battery_info.c.obj
[veluza:ro] [42/368] Building C object CMakeFiles/app.dir/mnt/host/source/src/platform/ec/build/zephyr/veluza/modules/ec/common/cbi.c.obj
[veluza:ro] [43/368] Building C object CMakeFiles/app.dir/mnt/host/source/src/platform/ec/build/zephyr/veluza/modules/ec/common/cbi_config.c.obj
[starmie:ro] [20/380] Building C object CMakeFiles/app.dir/mnt/host/source/src/platform/ec/build/zephyr/starmie/modules/ec/common/queue.c.obj
[veluza:ro] [44/368] Building C object CMakeFiles/app.dir/mnt/host/source/src/platform/ec/build/zephyr/veluza/modules/ec/common/memory_commands.c.obj
[veluza:rw] [34/368] Building C object CMakeFiles/app.dir/mnt/host/source/src/platform/ec/build/zephyr/veluza/modules/ec/common/battery_fuel_gauge.c.obj
[starmie:ro] [21/380] Building C object CMakeFiles/app.dir/mnt/host/source/src/platform/ec/build/zephyr/starmie/modules/ec/common/system.c.obj
[veluza:rw] [35/368] Building C object CMakeFiles/app.dir/mnt/host/source/src/platform/ec/build/zephyr/veluza/modules/ec/driver/battery/smart.c.obj
[veluza:ro] [45/368] Building C object CMakeFiles/app.dir/mnt/host/source/src/platform/ec/build/zephyr/veluza/modules/ec/common/chipset.c.obj
[veluza:ro] [46/368] Building C object CMakeFiles/app.dir/mnt/host/source/src/platform/ec/build/zephyr/veluza/modules/ec/common/ap_reset_log.c.obj
[veluza:ro] [47/368] Building C object CMakeFiles/app.dir/mnt/host/source/src/platform/ec/build/zephyr/veluza/modules/ec/common/extpower_common.c.obj
[veluza:rw] [36/368] Building C object CMakeFiles/app.dir/mnt/host/source/src/platform/ec/build/zephyr/veluza/modules/ec/driver/charger/rt9490.c.obj
[starmie:ro] [22/380] Building C object CMakeFiles/app.dir/mnt/host/source/src/platform/ec/build/zephyr/starmie/modules/ec/common/system_boot_time.c.obj
[starmie:ro] [23/380] Building C object CMakeFiles/app.dir/mnt/host/source/src/platform/ec/build/zephyr/starmie/modules/ec/common/uart_printf.c.obj
[starmie:rw] [376/380] Building C object zephyr/kernel/CMakeFiles/kernel.dir/poll.c.obj
[veluza:rw] [37/368] Building C object CMakeFiles/app.dir/mnt/host/source/src/platform/ec/build/zephyr/veluza/modules/ec/common/charger.c.obj
[starmie:rw] [377/380] Building C object zephyr/kernel/CMakeFiles/kernel.dir/events.c.obj
[starmie:rw] [378/380] Building C object zephyr/kernel/CMakeFiles/kernel.dir/dynamic_disabled.c.obj
[starmie:rw] [379/380] Linking C static library zephyr/kernel/libkernel.a
[veluza:ro] [48/368] Building C object CMakeFiles/app.dir/mnt/host/source/src/platform/ec/build/zephyr/veluza/modules/ec/common/extpower_gpio.c.obj
[veluza:ro] [49/368] Building C object CMakeFiles/app.dir/mnt/host/source/src/platform/ec/build/zephyr/veluza/modules/ec/common/flash.c.obj
[veluza:rw] [38/368] Building C object CMakeFiles/app.dir/mnt/host/source/src/platform/ec/build/zephyr/veluza/modules/ec/common/charge_state.c.obj
[starmie:ro] [24/380] Building C object CMakeFiles/app.dir/mnt/host/source/src/platform/ec/build/zephyr/starmie/modules/ec/common/util.c.obj
[veluza:ro] [50/368] Building C object CMakeFiles/app.dir/mnt/host/source/src/platform/ec/build/zephyr/veluza/modules/ec/common/host_command.c.obj
[starmie:ro] [25/380] Building C object CMakeFiles/app.dir/mnt/host/source/src/platform/ec/build/zephyr/starmie/modules/ec/common/version.c.obj
[starmie:ro] [26/380] Building C object CMakeFiles/app.dir/mnt/host/source/src/platform/ec/build/zephyr/starmie/modules/ec/driver/accelgyro_bmi3xx.c.obj
[quartz:ro] -- Found gen_kobject_list: /mnt/host/source/src/third_party/zephyr/main/scripts/build/gen_kobject_list.py
[veluza:ro] [51/368] Building C object CMakeFiles/app.dir/mnt/host/source/src/platform/ec/build/zephyr/veluza/modules/ec/common/host_command_task.c.obj
[veluza:rw] [39/368] Building C object CMakeFiles/app.dir/mnt/host/source/src/platform/ec/build/zephyr/veluza/modules/ec/common/charge_manager.c.obj
[veluza:rw] [40/368] Building C object CMakeFiles/app.dir/mnt/host/source/src/platform/ec/build/zephyr/veluza/modules/ec/common/charge_ramp.c.obj
[starmie:ro] [27/380] Building C object CMakeFiles/app.dir/mnt/host/source/src/platform/ec/build/zephyr/starmie/modules/ec/driver/accelgyro_bmi_common.c.obj
[starmie:rw] [380/380] Linking C static library app/libapp.a
[veluza:ro] [52/368] Building C object CMakeFiles/app.dir/mnt/host/source/src/platform/ec/build/zephyr/veluza/modules/ec/common/uart_hostcmd.c.obj
[starmie:ro] [28/380] Building C object CMakeFiles/app.dir/mnt/host/source/src/platform/ec/build/zephyr/starmie/modules/ec/common/motion_sense_fifo.c.obj
[veluza:rw] [41/368] Building C object CMakeFiles/app.dir/mnt/host/source/src/platform/ec/build/zephyr/veluza/modules/ec/common/cbi_common.c.obj
[rex-ish-ec:rw] Configuring.
[veluza:rw] [42/368] Building C object CMakeFiles/app.dir/mnt/host/source/src/platform/ec/build/zephyr/veluza/modules/ec/common/cbi.c.obj
[starmie:ro] [29/380] Building C object CMakeFiles/app.dir/mnt/host/source/src/platform/ec/build/zephyr/starmie/modules/ec/common/adc.c.obj
Running `env -i PYTHONPATH=/usr/lib64/python-exec/python3.11:/mnt/host/source/src/platform/ec/zephyr/zmake:/usr/lib/python311.zip:/usr/lib/python3.11:/usr/lib/python3.11/lib-dynload:/usr/lib/python3.11/site-packages PW_PIGWEED_CIPD_INSTALL_DIR=/usr CROSTC_USER_ACKNOWLEDGES_THAT_RISCV_IS_EXPERIMENTAL=1 PATH=/mnt/host/source/chromite/bin:/usr/local/bin:/usr/bin:/bin:/opt/bin:/mnt/host/source/chromite/sdk/bin:/mnt/host/source/chromite/bin HOME=/home/jpmurphy JAVA_HOME=/etc/java-config-2/current-system-vm JDK_HOME=/etc/java-config-2/current-system-vm JAVAC=/etc/java-config-2/current-system-vm/bin/javac MAKEFLAGS=' -j16 --jobserver-auth=5,6' /usr/bin/cmake -S /mnt/host/source/src/platform/ec/zephyr/program/rex -B /mnt/host/source/src/platform/ec/build/zephyr/rex-ish-ec/build-rw -GNinja -DCMAKE_EXPORT_COMPILE_COMMANDS=ON -DZEPHYR_BASE=/mnt/host/source/src/third_party/zephyr/main -DZMAKE_INCLUDE_DIR=/mnt/host/source/src/platform/ec/build/zephyr/rex-ish-ec/include -DPython3_EXECUTABLE=/usr/bin/python3.11 -DDTS_ROOT=/mnt/host/source/src/platform/ec/zephyr -DSYSCALL_INCLUDE_DIRS=/mnt/host/source/src/platform/ec/zephyr/include/drivers -DUSER_CACHE_DIR=/mnt/host/source/src/platform/ec/build/zephyr/user-cache '-DEXTRA_EC_VERSION_FLAGS=--version 16543.0.0 --static' -DTOOLCHAIN_ROOT=/mnt/host/source/src/platform/ec/zephyr -DCOREBOOT_SDK_ROOT_x86=/home/jpmurphy/.cache/coreboot-sdk/i386-elf/dfbb0486385d938cfa9d73080b9d18d598ed4f49 -DCOREBOOT_SDK_ROOT_picolibc_x86=/home/jpmurphy/.cache/coreboot-sdk/picolibc-i386-elf/eb8e8e687b95461de8cbf278f1c2076952d0ad17 -DCOREBOOT_SDK_ROOT_riscv64=/home/jpmurphy/.cache/coreboot-sdk/riscv64-elf/96b949749225b6aaa92ed810ab769e8dfb12f000 -DCOREBOOT_SDK_ROOT_picolibc_arm=/home/jpmurphy/.cache/coreboot-sdk/picolibc-arm-eabi/422a2aa3e1ef891b5bece9a3deb696ff83840d2e -DCOREBOOT_SDK_ROOT_nds32=/home/jpmurphy/.cache/coreboot-sdk/nds32le-elf/d1a518c4a097666d86058e1444f85ca015d15511 -DCOREBOOT_SDK_ROOT_picolibc_riscv64=/home/jpmurphy/.cache/coreboot-sdk/picolibc-riscv64-elf/f571e990ef0278564b31124f8bb109d9a697eb69 -DCOREBOOT_SDK_ROOT_arm=/home/jpmurphy/.cache/coreboot-sdk/arm-eabi/ea40ddd1d190c3b48435c474c0b545719371813a -DCOREBOOT_SDK_ROOT_libstdcxx_riscv64=/home/jpmurphy/.cache/coreboot-sdk/libstdcxx-riscv64-elf/17abf22a3a252e2d5d2062ced5324f7a623689e0 -DCOREBOOT_SDK_ROOT_libstdcxx_arm=/home/jpmurphy/.cache/coreboot-sdk/libstdcxx-arm-eabi/5d7d82e150e44aa1968f1d366e267e6687b328ac -DCOREBOOT_SDK_ROOT_riscv=/home/jpmurphy/.cache/coreboot-sdk/riscv-elf/9a27b9e82341c6e9126624f516ab3f261abb3e73 -DCOREBOOT_SDK_ROOT_libstdcxx_x86=/home/jpmurphy/.cache/coreboot-sdk/libstdcxx-i386-elf/42ef9d2e87a76a37963175d7d428734e65648b87 -DZEPHYR_TOOLCHAIN_VARIANT=coreboot-sdk '-DZEPHYR_MODULES=/mnt/host/source/src/platform/ec/build/zephyr/rex-ish-ec/modules/cmsis;/mnt/host/source/src/platform/ec/build/zephyr/rex-ish-ec/modules/cmsis_6;/mnt/host/source/src/platform/ec/build/zephyr/rex-ish-ec/modules/ec' -DDTC_OVERLAY_FILE=/mnt/host/source/src/platform/ec/zephyr/program/rex/rex-ish-ec/project.overlay -DBOARD=npcx9/npcx9m7f -DCMAKE_C_FLAGS=-DSECTION_IS_RW '-DCONF_FILE=/mnt/host/source/src/platform/ec/zephyr/program/rex/program.conf;/mnt/host/source/src/platform/ec/zephyr/program/rex/rex/project.conf;/mnt/host/source/src/platform/ec/zephyr/program/rex/rex-ish-ec/project.conf;/mnt/host/source/src/platform/ec/build/zephyr/rex-ish-ec/kconfig-rw.conf'`
[veluza:ro] [53/368] Building C object CMakeFiles/app.dir/mnt/host/source/src/platform/ec/build/zephyr/veluza/modules/ec/common/host_event_commands.c.obj
[veluza:ro] [54/368] Building C object CMakeFiles/app.dir/mnt/host/source/src/platform/ec/build/zephyr/veluza/modules/ec/common/uptime.c.obj
[starmie:ro] [30/380] Building C object CMakeFiles/app.dir/mnt/host/source/src/platform/ec/build/zephyr/starmie/modules/ec/common/base_state.c.obj
[starmie:ro] [31/380] Building C object CMakeFiles/app.dir/mnt/host/source/src/platform/ec/build/zephyr/starmie/modules/ec/common/battery.c.obj
[rex-ish-ec:rw] Loading Zephyr default modules (Zephyr base (cached)).
[rex-ish-ec:rw] -- Application: /mnt/host/source/src/platform/ec/zephyr/program/rex
[rex-ish-ec:rw] -- CMake version: 3.31.7
[veluza:rw] [43/368] Building C object CMakeFiles/app.dir/mnt/host/source/src/platform/ec/build/zephyr/veluza/modules/ec/common/cbi_config.c.obj
[veluza:rw] [44/368] Building C object CMakeFiles/app.dir/mnt/host/source/src/platform/ec/build/zephyr/veluza/modules/ec/common/memory_commands.c.obj
[quartz:ro] INFO: No motionsense-sensor node found
[quartz:ro] CMake Warning at /mnt/host/source/src/third_party/zephyr/main/CMakeLists.txt:1134 (message):
[quartz:ro]   No SOURCES given to Zephyr library: drivers__spi
[quartz:ro]   Excluding target from build.
[veluza:rw] [45/368] Building C object CMakeFiles/app.dir/mnt/host/source/src/platform/ec/build/zephyr/veluza/modules/ec/common/chipset.c.obj
[starmie:ro] [32/380] Building C object CMakeFiles/app.dir/mnt/host/source/src/platform/ec/build/zephyr/starmie/modules/ec/common/battery_info.c.obj
[veluza:ro] [55/368] Building C object CMakeFiles/app.dir/mnt/host/source/src/platform/ec/build/zephyr/veluza/modules/ec/common/i2c_controller.c.obj
[starmie:ro] [33/380] Building C object CMakeFiles/app.dir/mnt/host/source/src/platform/ec/build/zephyr/starmie/modules/ec/common/battery_fuel_gauge.c.obj
[veluza:rw] [46/368] Building C object CMakeFiles/app.dir/mnt/host/source/src/platform/ec/build/zephyr/veluza/modules/ec/common/ap_reset_log.c.obj
[veluza:ro] [56/368] Building C object CMakeFiles/app.dir/mnt/host/source/src/platform/ec/build/zephyr/veluza/modules/ec/common/i2c_passthru.c.obj
[veluza:rw] [47/368] Building C object CMakeFiles/app.dir/mnt/host/source/src/platform/ec/build/zephyr/veluza/modules/ec/common/extpower_gpio.c.obj
[veluza:rw] [48/368] Building C object CMakeFiles/app.dir/mnt/host/source/src/platform/ec/build/zephyr/veluza/modules/ec/common/extpower_common.c.obj
[quartz:ro] CMake Warning at /mnt/host/source/src/third_party/zephyr/main/CMakeLists.txt:2359 (message):
[quartz:ro]   __ASSERT() statements are globally ENABLED
[starmie:ro] [34/380] Building C object CMakeFiles/app.dir/mnt/host/source/src/platform/ec/build/zephyr/starmie/modules/ec/driver/battery/smart.c.obj
[starmie:ro] [35/380] Building C object CMakeFiles/app.dir/mnt/host/source/src/platform/ec/build/zephyr/starmie/modules/ec/driver/charger/rt9490.c.obj
[veluza:ro] [57/368] Building C object CMakeFiles/app.dir/mnt/host/source/src/platform/ec/build/zephyr/veluza/modules/ec/common/virtual_battery.c.obj
[/mnt/host/source/src/platform/ec/build/zephyr/anakin-lcov]   /mnt/host/source/src/platform/ec/build/zephyr/anakin/build-ro/CMakeFiles/app.dir/mnt/host/source/src/platform/ec/build/zephyr/anakin/modules/ec/common/cbi_config.c.gcno:no functions found
[/mnt/host/source/src/platform/ec/build/zephyr/anakin-lcov] stderr:
[veluza:rw] [49/368] Building C object CMakeFiles/app.dir/mnt/host/source/src/platform/ec/build/zephyr/veluza/modules/ec/common/host_command_task.c.obj
[veluza:ro] [58/368] Building C object CMakeFiles/app.dir/mnt/host/source/src/platform/ec/build/zephyr/veluza/modules/ec/common/keyboard_scan.c.obj
[veluza:rw] [50/368] Building C object CMakeFiles/app.dir/mnt/host/source/src/platform/ec/build/zephyr/veluza/modules/ec/common/flash.c.obj
[veluza:rw] [51/368] Building C object CMakeFiles/app.dir/mnt/host/source/src/platform/ec/build/zephyr/veluza/modules/ec/common/host_command.c.obj
[starmie:ro] [36/380] Building C object CMakeFiles/app.dir/mnt/host/source/src/platform/ec/build/zephyr/starmie/modules/ec/common/charge_state.c.obj
[veluza:ro] [59/368] Building C object CMakeFiles/app.dir/mnt/host/source/src/platform/ec/build/zephyr/veluza/modules/ec/common/mkbp_info.c.obj
[veluza:rw] [52/368] Building C object CMakeFiles/app.dir/mnt/host/source/src/platform/ec/build/zephyr/veluza/modules/ec/common/host_event_commands.c.obj
[veluza:rw] [53/368] Building C object CMakeFiles/app.dir/mnt/host/source/src/platform/ec/build/zephyr/veluza/modules/ec/common/uptime.c.obj
[starmie:ro] [37/380] Building C object CMakeFiles/app.dir/mnt/host/source/src/platform/ec/build/zephyr/starmie/modules/ec/common/charger.c.obj
[veluza:ro] [60/368] Building C object CMakeFiles/app.dir/mnt/host/source/src/platform/ec/build/zephyr/veluza/modules/ec/common/mkbp_fifo.c.obj
[veluza:ro] [61/368] Building C object CMakeFiles/app.dir/mnt/host/source/src/platform/ec/build/zephyr/veluza/modules/ec/common/keyboard_mkbp.c.obj
[veluza:rw] [54/368] Building C object CMakeFiles/app.dir/mnt/host/source/src/platform/ec/build/zephyr/veluza/modules/ec/common/uart_hostcmd.c.obj
[veluza:ro] [62/368] Building C object CMakeFiles/app.dir/mnt/host/source/src/platform/ec/build/zephyr/veluza/modules/ec/common/mkbp_input_devices.c.obj
[veluza:rw] [55/368] Building C object CMakeFiles/app.dir/mnt/host/source/src/platform/ec/build/zephyr/veluza/modules/ec/common/i2c_controller.c.obj
[starmie:ro] [38/380] Building C object CMakeFiles/app.dir/mnt/host/source/src/platform/ec/build/zephyr/starmie/modules/ec/common/charge_manager.c.obj
[veluza:ro] [63/368] Building C object CMakeFiles/app.dir/mnt/host/source/src/platform/ec/build/zephyr/veluza/modules/ec/common/led_common.c.obj
[veluza:ro] [64/368] Building C object CMakeFiles/app.dir/mnt/host/source/src/platform/ec/build/zephyr/veluza/modules/ec/common/motion_lid.c.obj
[veluza:rw] [56/368] Building C object CMakeFiles/app.dir/mnt/host/source/src/platform/ec/build/zephyr/veluza/modules/ec/common/i2c_passthru.c.obj
[veluza:rw] [57/368] Building C object CMakeFiles/app.dir/mnt/host/source/src/platform/ec/build/zephyr/veluza/modules/ec/common/virtual_battery.c.obj
[veluza:rw] [58/368] Building C object CMakeFiles/app.dir/mnt/host/source/src/platform/ec/build/zephyr/veluza/modules/ec/common/keyboard_scan.c.obj
[starmie:ro] [39/380] Building C object CMakeFiles/app.dir/mnt/host/source/src/platform/ec/build/zephyr/starmie/modules/ec/common/cbi_common.c.obj
[veluza:ro] [65/368] Building C object CMakeFiles/app.dir/mnt/host/source/src/platform/ec/build/zephyr/veluza/modules/ec/common/lid_angle.c.obj
[starmie:ro] [40/380] Building C object CMakeFiles/app.dir/mnt/host/source/src/platform/ec/build/zephyr/starmie/modules/ec/common/cbi.c.obj
[veluza:rw] [59/368] Building C object CMakeFiles/app.dir/mnt/host/source/src/platform/ec/build/zephyr/veluza/modules/ec/common/mkbp_fifo.c.obj
[starmie:ro] [41/380] Building C object CMakeFiles/app.dir/mnt/host/source/src/platform/ec/build/zephyr/starmie/modules/ec/common/charge_ramp.c.obj
[veluza:ro] [66/368] Building C object CMakeFiles/app.dir/mnt/host/source/src/platform/ec/build/zephyr/veluza/modules/ec/common/lid_angle_keyboard_policy.c.obj
[veluza:rw] [60/368] Building C object CMakeFiles/app.dir/mnt/host/source/src/platform/ec/build/zephyr/veluza/modules/ec/common/mkbp_info.c.obj
[starmie:ro] [42/380] Building C object CMakeFiles/app.dir/mnt/host/source/src/platform/ec/build/zephyr/starmie/modules/ec/common/cbi_config.c.obj
[veluza:ro] [67/368] Building C object CMakeFiles/app.dir/mnt/host/source/src/platform/ec/build/zephyr/veluza/modules/ec/common/lid_switch.c.obj
[veluza:rw] [61/368] Building C object CMakeFiles/app.dir/mnt/host/source/src/platform/ec/build/zephyr/veluza/modules/ec/common/keyboard_mkbp.c.obj
[starmie:ro] [43/380] Building C object CMakeFiles/app.dir/mnt/host/source/src/platform/ec/build/zephyr/starmie/modules/ec/common/chipset.c.obj
[/mnt/host/source/src/platform/ec/build/zephyr/kanix-lcov] geninfo: WARNING: using JSON module "JSON::PP" - which is much slower than some alternatives.  Consider installing one of JSON::XS or Cpanel::JSON::XS
[veluza:ro] [68/368] Building C object CMakeFiles/app.dir/mnt/host/source/src/platform/ec/build/zephyr/veluza/modules/ec/common/mkbp_event.c.obj
[veluza:rw] [62/368] Building C object CMakeFiles/app.dir/mnt/host/source/src/platform/ec/build/zephyr/veluza/modules/ec/common/mkbp_input_devices.c.obj
[veluza:rw] [63/368] Building C object CMakeFiles/app.dir/mnt/host/source/src/platform/ec/build/zephyr/veluza/modules/ec/common/lid_angle.c.obj
[starmie:ro] [44/380] Building C object CMakeFiles/app.dir/mnt/host/source/src/platform/ec/build/zephyr/starmie/modules/ec/common/ap_reset_log.c.obj
[veluza:ro] [69/368] Building C object CMakeFiles/app.dir/mnt/host/source/src/platform/ec/build/zephyr/veluza/modules/ec/common/motion_sense.c.obj
[veluza:rw] [64/368] Building C object CMakeFiles/app.dir/mnt/host/source/src/platform/ec/build/zephyr/veluza/modules/ec/common/led_common.c.obj
[veluza:ro] [70/368] Building C object CMakeFiles/app.dir/mnt/host/source/src/platform/ec/build/zephyr/veluza/modules/ec/common/power_button.c.obj
[starmie:ro] [45/380] Building C object CMakeFiles/app.dir/mnt/host/source/src/platform/ec/build/zephyr/starmie/modules/ec/common/memory_commands.c.obj
[veluza:ro] [71/368] Building C object CMakeFiles/app.dir/mnt/host/source/src/platform/ec/build/zephyr/veluza/modules/ec/power/common.c.obj
[starmie:ro] [46/380] Building C object CMakeFiles/app.dir/mnt/host/source/src/platform/ec/build/zephyr/starmie/modules/ec/common/extpower_common.c.obj
[veluza:rw] [65/368] Building C object CMakeFiles/app.dir/mnt/host/source/src/platform/ec/build/zephyr/veluza/modules/ec/common/motion_lid.c.obj
[veluza:rw] [66/368] Building C object CMakeFiles/app.dir/mnt/host/source/src/platform/ec/build/zephyr/veluza/modules/ec/common/lid_angle_keyboard_policy.c.obj
[quartz:ro] -- Configuring done (15.3s)
[veluza:ro] [72/368] Building C object CMakeFiles/app.dir/mnt/host/source/src/platform/ec/build/zephyr/veluza/modules/ec/power/mt8186.c.obj
[veluza:rw] [67/368] Building C object CMakeFiles/app.dir/mnt/host/source/src/platform/ec/build/zephyr/veluza/modules/ec/common/lid_switch.c.obj
[starmie:ro] [47/380] Building C object CMakeFiles/app.dir/mnt/host/source/src/platform/ec/build/zephyr/starmie/modules/ec/common/flash.c.obj
[veluza:ro] [73/368] Building C object CMakeFiles/app.dir/mnt/host/source/src/platform/ec/build/zephyr/veluza/modules/ec/power/host_sleep.c.obj
[veluza:rw] [68/368] Building C object CMakeFiles/app.dir/mnt/host/source/src/platform/ec/build/zephyr/veluza/modules/ec/common/mkbp_event.c.obj
[starmie:ro] [48/380] Building C object CMakeFiles/app.dir/mnt/host/source/src/platform/ec/build/zephyr/starmie/modules/ec/common/extpower_gpio.c.obj
[veluza:rw] [69/368] Building C object CMakeFiles/app.dir/mnt/host/source/src/platform/ec/build/zephyr/veluza/modules/ec/common/motion_sense.c.obj
[veluza:ro] [74/368] Building C object CMakeFiles/app.dir/mnt/host/source/src/platform/ec/build/zephyr/veluza/modules/ec/common/panic_output.c.obj
[veluza:rw] [70/368] Building C object CMakeFiles/app.dir/mnt/host/source/src/platform/ec/build/zephyr/veluza/modules/ec/common/power_button.c.obj
[starmie:ro] [49/380] Building C object CMakeFiles/app.dir/mnt/host/source/src/platform/ec/build/zephyr/starmie/modules/ec/common/host_command_task.c.obj
[veluza:rw] [71/368] Building C object CMakeFiles/app.dir/mnt/host/source/src/platform/ec/build/zephyr/veluza/modules/ec/power/host_sleep.c.obj
[starmie:ro] [50/380] Building C object CMakeFiles/app.dir/mnt/host/source/src/platform/ec/build/zephyr/starmie/modules/ec/common/host_command.c.obj
[veluza:rw] [72/368] Building C object CMakeFiles/app.dir/mnt/host/source/src/platform/ec/build/zephyr/veluza/modules/ec/power/common.c.obj
[veluza:ro] [75/368] Building C object CMakeFiles/app.dir/mnt/host/source/src/platform/ec/build/zephyr/veluza/modules/ec/driver/sha256/sha256_it8xxx2.c.obj
[starmie:ro] [51/380] Building C object CMakeFiles/app.dir/mnt/host/source/src/platform/ec/build/zephyr/starmie/modules/ec/common/host_event_commands.c.obj
[veluza:ro] [76/368] Building C object CMakeFiles/app.dir/mnt/host/source/src/platform/ec/build/zephyr/veluza/modules/ec/common/shared_mem.c.obj
[starmie:ro] [52/380] Building C object CMakeFiles/app.dir/mnt/host/source/src/platform/ec/build/zephyr/starmie/modules/ec/common/uart_hostcmd.c.obj
[veluza:rw] [73/368] Building C object CMakeFiles/app.dir/mnt/host/source/src/platform/ec/build/zephyr/veluza/modules/ec/power/mt8186.c.obj
[veluza:rw] [74/368] Building C object CMakeFiles/app.dir/mnt/host/source/src/platform/ec/build/zephyr/veluza/modules/ec/common/panic_output.c.obj
[veluza:ro] [77/368] Building C object CMakeFiles/app.dir/mnt/host/source/src/platform/ec/build/zephyr/veluza/modules/ec/common/switch.c.obj
[starmie:ro] [53/380] Building C object CMakeFiles/app.dir/mnt/host/source/src/platform/ec/build/zephyr/starmie/modules/ec/common/uptime.c.obj
[starmie:ro] [54/380] Building C object CMakeFiles/app.dir/mnt/host/source/src/platform/ec/build/zephyr/starmie/modules/ec/common/i2c_controller.c.obj
[veluza:rw] [75/368] Building C object CMakeFiles/app.dir/mnt/host/source/src/platform/ec/build/zephyr/veluza/modules/ec/driver/sha256/sha256_it8xxx2.c.obj
[starmie:ro] [55/380] Building C object CMakeFiles/app.dir/mnt/host/source/src/platform/ec/build/zephyr/starmie/modules/ec/common/i2c_passthru.c.obj
[rex-ish:singleimage] -- Board: intel_ish_5_6_0, qualifiers: intel_ish_5_6_0
[veluza:ro] [78/368] Building C object CMakeFiles/app.dir/mnt/host/source/src/platform/ec/build/zephyr/veluza/modules/ec/common/tablet_mode.c.obj
[veluza:rw] [76/368] Building C object CMakeFiles/app.dir/mnt/host/source/src/platform/ec/build/zephyr/veluza/modules/ec/common/shared_mem.c.obj
[veluza:rw] [77/368] Building C object CMakeFiles/app.dir/mnt/host/source/src/platform/ec/build/zephyr/veluza/modules/ec/common/thermal.c.obj
[starmie:ro] [56/380] Building C object CMakeFiles/app.dir/mnt/host/source/src/platform/ec/build/zephyr/starmie/modules/ec/common/virtual_battery.c.obj
[veluza:ro] [79/368] Building C object CMakeFiles/app.dir/mnt/host/source/src/platform/ec/build/zephyr/veluza/modules/ec/common/thermal.c.obj
[starmie:ro] [57/380] Building C object CMakeFiles/app.dir/mnt/host/source/src/platform/ec/build/zephyr/starmie/modules/ec/common/keyboard_scan.c.obj
[veluza:rw] [78/368] Building C object CMakeFiles/app.dir/mnt/host/source/src/platform/ec/build/zephyr/veluza/modules/ec/common/tablet_mode.c.obj
[starmie:ro] [58/380] Building C object CMakeFiles/app.dir/mnt/host/source/src/platform/ec/build/zephyr/starmie/modules/ec/common/mkbp_fifo.c.obj
[veluza:ro] [80/368] Building C object CMakeFiles/app.dir/mnt/host/source/src/platform/ec/build/zephyr/veluza/modules/ec/common/temp_sensor.c.obj
[veluza:ro] [81/368] Building C object CMakeFiles/app.dir/mnt/host/source/src/platform/ec/build/zephyr/veluza/modules/ec/driver/temp_sensor/thermistor.c.obj
[starmie:ro] [59/380] Building C object CMakeFiles/app.dir/mnt/host/source/src/platform/ec/build/zephyr/starmie/modules/ec/common/keyboard_mkbp.c.obj
[starmie:ro] [60/380] Building C object CMakeFiles/app.dir/mnt/host/source/src/platform/ec/build/zephyr/starmie/modules/ec/common/mkbp_info.c.obj
[veluza:rw] [79/368] Building C object CMakeFiles/app.dir/mnt/host/source/src/platform/ec/build/zephyr/veluza/modules/ec/common/switch.c.obj
[veluza:rw] [80/368] Building C object CMakeFiles/app.dir/mnt/host/source/src/platform/ec/build/zephyr/veluza/modules/ec/driver/temp_sensor/thermistor.c.obj
[starmie:ro] [61/380] Building C object CMakeFiles/app.dir/mnt/host/source/src/platform/ec/build/zephyr/starmie/modules/ec/common/mkbp_input_devices.c.obj
[veluza:ro] [82/368] Building C object CMakeFiles/app.dir/mnt/host/source/src/platform/ec/build/zephyr/veluza/modules/ec/common/timer.c.obj
[veluza:ro] [83/368] Building C object CMakeFiles/app.dir/mnt/host/source/src/platform/ec/build/zephyr/veluza/modules/ec/common/usb_port_power_dumb.c.obj
[veluza:rw] [81/368] Building C object CMakeFiles/app.dir/mnt/host/source/src/platform/ec/build/zephyr/veluza/modules/ec/common/timer.c.obj
[veluza:rw] [82/368] Building C object CMakeFiles/app.dir/mnt/host/source/src/platform/ec/build/zephyr/veluza/modules/ec/common/usb_port_power_dumb.c.obj
[veluza:rw] [83/368] Building C object CMakeFiles/app.dir/mnt/host/source/src/platform/ec/build/zephyr/veluza/modules/ec/common/temp_sensor.c.obj
[veluza:rw] [84/368] Building C object CMakeFiles/app.dir/mnt/host/source/src/platform/ec/build/zephyr/veluza/modules/ec/common/typec_control.c.obj
[starmie:ro] [62/380] Building C object CMakeFiles/app.dir/mnt/host/source/src/platform/ec/build/zephyr/starmie/modules/ec/common/led_common.c.obj
[starmie:ro] [63/380] Building C object CMakeFiles/app.dir/mnt/host/source/src/platform/ec/build/zephyr/starmie/modules/ec/common/lid_switch.c.obj
[veluza:ro] [84/368] Building C object CMakeFiles/app.dir/mnt/host/source/src/platform/ec/build/zephyr/veluza/modules/ec/common/usb_common.c.obj
[veluza:ro] [85/368] Building C object CMakeFiles/app.dir/mnt/host/source/src/platform/ec/build/zephyr/veluza/modules/ec/common/typec_control.c.obj
[veluza:rw] [85/368] Building C object CMakeFiles/app.dir/mnt/host/source/src/platform/ec/build/zephyr/veluza/modules/ec/common/usb_common.c.obj
[veluza:rw] [86/368] Building C object CMakeFiles/app.dir/mnt/host/source/src/platform/ec/build/zephyr/veluza/modules/ec/common/usb_pd_pdo.c.obj
[veluza:rw] [87/368] Building C object CMakeFiles/app.dir/mnt/host/source/src/platform/ec/build/zephyr/veluza/modules/ec/common/usbc/usbc_task.c.obj
[starmie:ro] [64/380] Building C object CMakeFiles/app.dir/mnt/host/source/src/platform/ec/build/zephyr/starmie/modules/ec/common/mkbp_event.c.obj
[starmie:ro] [65/380] Building C object CMakeFiles/app.dir/mnt/host/source/src/platform/ec/build/zephyr/starmie/modules/ec/common/motion_sense.c.obj
[veluza:rw] [88/368] Building C object CMakeFiles/app.dir/mnt/host/source/src/platform/ec/build/zephyr/veluza/modules/ec/common/usbc/usb_pd_timer.c.obj
[veluza:ro] [86/368] Building C object CMakeFiles/app.dir/mnt/host/source/src/platform/ec/build/zephyr/veluza/modules/ec/common/usb_pd_pdo.c.obj
[veluza:rw] [89/368] Building C object CMakeFiles/app.dir/mnt/host/source/src/platform/ec/build/zephyr/veluza/modules/ec/common/usbc/usb_sm.c.obj
[starmie:ro] [66/380] Building C object CMakeFiles/app.dir/mnt/host/source/src/platform/ec/build/zephyr/starmie/modules/ec/common/power_button.c.obj
[veluza:ro] [87/368] Building C object CMakeFiles/app.dir/mnt/host/source/src/platform/ec/build/zephyr/veluza/modules/ec/common/usbc/usbc_task.c.obj
[veluza:rw] [90/368] Building C object CMakeFiles/app.dir/mnt/host/source/src/platform/ec/build/zephyr/veluza/modules/ec/common/usb_pd_flags.c.obj
[starmie:ro] [67/380] Building C object CMakeFiles/app.dir/mnt/host/source/src/platform/ec/build/zephyr/starmie/modules/ec/power/common.c.obj
[veluza:ro] [88/368] Building C object CMakeFiles/app.dir/mnt/host/source/src/platform/ec/build/zephyr/veluza/modules/ec/common/usbc/usb_pd_timer.c.obj
[starmie:ro] [68/380] Building C object CMakeFiles/app.dir/mnt/host/source/src/platform/ec/build/zephyr/starmie/modules/ec/power/host_sleep.c.obj
[veluza:ro] [89/368] Building C object CMakeFiles/app.dir/mnt/host/source/src/platform/ec/build/zephyr/veluza/modules/ec/common/usbc/usb_sm.c.obj
[veluza:rw] [91/368] Building C object CMakeFiles/app.dir/mnt/host/source/src/platform/ec/build/zephyr/veluza/modules/ec/common/usbc_intr_task.c.obj
[veluza:rw] [92/368] Building C object CMakeFiles/app.dir/mnt/host/source/src/platform/ec/build/zephyr/veluza/modules/ec/common/chargen.c.obj
[veluza:rw] [93/368] Building C object CMakeFiles/app.dir/mnt/host/source/src/platform/ec/build/zephyr/veluza/modules/ec/common/usbc/usb_pd_console.c.obj
[veluza:rw] [94/368] Building C object CMakeFiles/app.dir/mnt/host/source/src/platform/ec/build/zephyr/veluza/modules/ec/common/usbc_utils.c.obj
[veluza:ro] [90/368] Building C object CMakeFiles/app.dir/mnt/host/source/src/platform/ec/build/zephyr/veluza/modules/ec/common/usbc_utils.c.obj
[veluza:ro] [91/368] Building C object CMakeFiles/app.dir/mnt/host/source/src/platform/ec/build/zephyr/veluza/modules/ec/common/usbc_intr_task.c.obj
[veluza:rw] [95/368] Building C object CMakeFiles/app.dir/mnt/host/source/src/platform/ec/build/zephyr/veluza/modules/ec/driver/usb_mux/it5205.c.obj
[starmie:ro] [69/380] Building C object CMakeFiles/app.dir/mnt/host/source/src/platform/ec/build/zephyr/starmie/modules/ec/power/mt8186.c.obj
[starmie:ro] [70/380] Building C object CMakeFiles/app.dir/mnt/host/source/src/platform/ec/build/zephyr/starmie/modules/ec/common/panic_output.c.obj
[veluza:rw] [96/368] Building C object CMakeFiles/app.dir/mnt/host/source/src/platform/ec/build/zephyr/veluza/modules/ec/driver/usb_mux/usb_mux.c.obj
[veluza:ro] [92/368] Building C object CMakeFiles/app.dir/mnt/host/source/src/platform/ec/build/zephyr/veluza/modules/ec/common/chargen.c.obj
[veluza:rw] [97/368] Building C object CMakeFiles/app.dir/mnt/host/source/src/platform/ec/build/zephyr/veluza/modules/ec/driver/usb_mux/virtual.c.obj
[veluza:ro] [93/368] Building C object CMakeFiles/app.dir/mnt/host/source/src/platform/ec/build/zephyr/veluza/modules/ec/common/usb_pd_flags.c.obj
[starmie:ro] [71/380] Building C object CMakeFiles/app.dir/mnt/host/source/src/platform/ec/build/zephyr/starmie/modules/ec/driver/sha256/sha256_it8xxx2.c.obj
[starmie:ro] [72/380] Building C object CMakeFiles/app.dir/mnt/host/source/src/platform/ec/build/zephyr/starmie/modules/ec/common/shared_mem.c.obj
[veluza:ro] [94/368] Building C object CMakeFiles/app.dir/mnt/host/source/src/platform/ec/build/zephyr/veluza/modules/ec/common/usbc/usb_pd_console.c.obj
[veluza:rw] [98/368] Building C object CMakeFiles/app.dir/mnt/host/source/src/platform/ec/build/zephyr/veluza/modules/ec/common/pd_log.c.obj
[veluza:rw] [99/368] Building C object CMakeFiles/app.dir/mnt/host/source/src/platform/ec/build/zephyr/veluza/modules/ec/common/dps.c.obj
[veluza:rw] [100/368] Building C object CMakeFiles/app.dir/mnt/host/source/src/platform/ec/build/zephyr/veluza/modules/ec/common/event_log.c.obj
[veluza:ro] [95/368] Building C object CMakeFiles/app.dir/mnt/host/source/src/platform/ec/build/zephyr/veluza/modules/ec/driver/usb_mux/it5205.c.obj
[starmie:ro] [73/380] Building C object CMakeFiles/app.dir/mnt/host/source/src/platform/ec/build/zephyr/starmie/modules/ec/common/switch.c.obj
[rex-ish-ec:rw] -- Found Python3: /usr/bin/python3.11 (found suitable version "3.11.11", minimum required is "3.10") found components: Interpreter
[veluza:rw] [101/368] Building C object CMakeFiles/app.dir/mnt/host/source/src/platform/ec/build/zephyr/veluza/modules/ec/common/usbc/usb_tc_drp_acc_trysrc_sm.c.obj
[starmie:ro] [74/380] Building C object CMakeFiles/app.dir/mnt/host/source/src/platform/ec/build/zephyr/starmie/modules/ec/common/thermal.c.obj
[starmie:ro] [75/380] Building C object CMakeFiles/app.dir/mnt/host/source/src/platform/ec/build/zephyr/starmie/modules/ec/driver/temp_sensor/thermistor.c.obj
[veluza:rw] [102/368] Building C object CMakeFiles/app.dir/mnt/host/source/src/platform/ec/build/zephyr/veluza/modules/ec/common/usbc/usb_prl_sm.c.obj
[starmie:ro] [76/380] Building C object CMakeFiles/app.dir/mnt/host/source/src/platform/ec/build/zephyr/starmie/modules/ec/common/temp_sensor.c.obj
[veluza:ro] [96/368] Building C object CMakeFiles/app.dir/mnt/host/source/src/platform/ec/build/zephyr/veluza/modules/ec/driver/usb_mux/usb_mux.c.obj
[veluza:ro] [97/368] Building C object CMakeFiles/app.dir/mnt/host/source/src/platform/ec/build/zephyr/veluza/modules/ec/driver/usb_mux/virtual.c.obj
[veluza:rw] [103/368] Building C object CMakeFiles/app.dir/mnt/host/source/src/platform/ec/build/zephyr/veluza/modules/ec/common/usbc/usb_pe_drp_sm.c.obj
[veluza:ro] [98/368] Building C object CMakeFiles/app.dir/mnt/host/source/src/platform/ec/build/zephyr/veluza/modules/ec/common/event_log.c.obj
[veluza:rw] [104/368] Building C object CMakeFiles/app.dir/mnt/host/source/src/platform/ec/build/zephyr/veluza/modules/ec/common/usbc/usbc_pd_policy.c.obj
[veluza:ro] [99/368] Building C object CMakeFiles/app.dir/mnt/host/source/src/platform/ec/build/zephyr/veluza/modules/ec/common/pd_log.c.obj
[starmie:ro] [77/380] Building C object CMakeFiles/app.dir/mnt/host/source/src/platform/ec/build/zephyr/starmie/modules/ec/common/timer.c.obj
[rex-ish-ec:rw] -- Cache files will be written to: /mnt/host/source/src/platform/ec/build/zephyr/user-cache
[rex-ish-ec:rw] -- Zephyr version: 4.3.99 (/mnt/host/source/src/third_party/zephyr/main)
[veluza:rw] [105/368] Building C object CMakeFiles/app.dir/mnt/host/source/src/platform/ec/build/zephyr/veluza/modules/ec/common/usbc/usb_pd_dpm.c.obj
[veluza:rw] [106/368] Building C object CMakeFiles/app.dir/mnt/host/source/src/platform/ec/build/zephyr/veluza/modules/ec/common/usbc/dp_alt_mode.c.obj
[starmie:ro] [78/380] Building C object CMakeFiles/app.dir/mnt/host/source/src/platform/ec/build/zephyr/starmie/modules/ec/common/typec_control.c.obj
[starmie:ro] [79/380] Building C object CMakeFiles/app.dir/mnt/host/source/src/platform/ec/build/zephyr/starmie/modules/ec/common/usb_common.c.obj
[veluza:ro] [100/368] Building C object CMakeFiles/app.dir/mnt/host/source/src/platform/ec/build/zephyr/veluza/modules/ec/common/usbc/usb_tc_drp_acc_trysrc_sm.c.obj
[veluza:rw] [107/368] Building C object CMakeFiles/app.dir/mnt/host/source/src/platform/ec/build/zephyr/veluza/modules/ec/common/usb_pd_console_cmd.c.obj
[veluza:rw] [108/368] Building C object CMakeFiles/app.dir/mnt/host/source/src/platform/ec/build/zephyr/veluza/modules/ec/common/usb_pd_host_cmd.c.obj
[starmie:ro] [80/380] Building C object CMakeFiles/app.dir/mnt/host/source/src/platform/ec/build/zephyr/starmie/modules/ec/common/usbc/usbc_task.c.obj
[veluza:rw] [109/368] Building C object CMakeFiles/app.dir/mnt/host/source/src/platform/ec/build/zephyr/veluza/modules/ec/common/usbc/usb_pd_host.c.obj
[veluza:rw] [110/368] Building C object CMakeFiles/app.dir/mnt/host/source/src/platform/ec/build/zephyr/veluza/modules/ec/zephyr/shim/src/tcpc.c.obj
[veluza:ro] [101/368] Building C object CMakeFiles/app.dir/mnt/host/source/src/platform/ec/build/zephyr/veluza/modules/ec/common/usbc/usb_prl_sm.c.obj
[starmie:ro] [81/380] Building C object CMakeFiles/app.dir/mnt/host/source/src/platform/ec/build/zephyr/starmie/modules/ec/common/usb_pd_pdo.c.obj
[veluza:rw] [111/368] Building C object CMakeFiles/app.dir/mnt/host/source/src/platform/ec/build/zephyr/veluza/modules/ec/common/usbc_ocp.c.obj
[veluza:rw] [112/368] Building C object CMakeFiles/app.dir/mnt/host/source/src/platform/ec/build/zephyr/veluza/modules/ec/common/usb_pd_host_cmd_common.c.obj
[veluza:rw] [113/368] Building C object CMakeFiles/app.dir/mnt/host/source/src/platform/ec/build/zephyr/veluza/modules/ec/common/usbc/svdm_rsp_dfp_only.c.obj
[starmie:ro] [82/380] Building C object CMakeFiles/app.dir/mnt/host/source/src/platform/ec/build/zephyr/starmie/modules/ec/common/usbc/usb_pd_timer.c.obj
[starmie:ro] [83/380] Building C object CMakeFiles/app.dir/mnt/host/source/src/platform/ec/build/zephyr/starmie/modules/ec/common/usbc/usb_sm.c.obj
[veluza:ro] [102/368] Building C object CMakeFiles/app.dir/mnt/host/source/src/platform/ec/build/zephyr/veluza/modules/ec/common/dps.c.obj
[starmie:ro] [84/380] Building C object CMakeFiles/app.dir/mnt/host/source/src/platform/ec/build/zephyr/starmie/modules/ec/common/usbc_intr_task.c.obj
[veluza:rw] [114/368] Building C object CMakeFiles/app.dir/mnt/host/source/src/platform/ec/build/zephyr/veluza/modules/ec/common/usb_pd_discovery.c.obj
[helipilot:rw] [1/526] Generating include/generated/zephyr/version.h
[starmie:ro] [85/380] Building C object CMakeFiles/app.dir/mnt/host/source/src/platform/ec/build/zephyr/starmie/modules/ec/common/usbc_utils.c.obj
[veluza:ro] [103/368] Building C object CMakeFiles/app.dir/mnt/host/source/src/platform/ec/build/zephyr/veluza/modules/ec/common/usbc/usb_pe_drp_sm.c.obj
[veluza:ro] [104/368] Building C object CMakeFiles/app.dir/mnt/host/source/src/platform/ec/build/zephyr/veluza/modules/ec/common/usbc/usb_pd_dpm.c.obj
[veluza:rw] [115/368] Building C object CMakeFiles/app.dir/mnt/host/source/src/platform/ec/build/zephyr/veluza/modules/ec/common/usbc/dp_hpd_gpio.c.obj
[starmie:ro] [86/380] Building C object CMakeFiles/app.dir/mnt/host/source/src/platform/ec/build/zephyr/starmie/modules/ec/common/usb_pd_flags.c.obj
[veluza:rw] [116/368] Building C object CMakeFiles/app.dir/mnt/host/source/src/platform/ec/build/zephyr/veluza/modules/ec/common/usb_pd_dual_role.c.obj
[veluza:rw] [117/368] Building C object CMakeFiles/app.dir/mnt/host/source/src/platform/ec/build/zephyr/veluza/modules/ec/driver/tcpm/tcpci.c.obj
[veluza:ro] [105/368] Building C object CMakeFiles/app.dir/mnt/host/source/src/platform/ec/build/zephyr/veluza/modules/ec/common/usbc/usbc_pd_policy.c.obj
[starmie:ro] [87/380] Building C object CMakeFiles/app.dir/mnt/host/source/src/platform/ec/build/zephyr/starmie/modules/ec/common/usbc/usb_pd_console.c.obj
[veluza:ro] [106/368] Building C object CMakeFiles/app.dir/mnt/host/source/src/platform/ec/build/zephyr/veluza/modules/ec/common/usbc/dp_alt_mode.c.obj
[helipilot:rw] -- git describe warned: warning: tag 'upstream/v2.7.99' is externally known as 'v2.7.99'
[helipilot:rw] -- Zephyr version: 4.3.99 (/mnt/host/source/src/third_party/zephyr/main)
[helipilot:rw] [2/526] Preparing syscall dependency handling
[veluza:rw] [118/368] Building C object CMakeFiles/app.dir/mnt/host/source/src/platform/ec/build/zephyr/veluza/modules/ec/driver/tcpm/ite_pd_intc.c.obj
[starmie:ro] [88/380] Building C object CMakeFiles/app.dir/mnt/host/source/src/platform/ec/build/zephyr/starmie/modules/ec/common/chargen.c.obj
[starmie:ro] [89/380] Building C object CMakeFiles/app.dir/mnt/host/source/src/platform/ec/build/zephyr/starmie/modules/ec/driver/usb_mux/usb_mux.c.obj
[starmie:ro] [90/380] Building C object CMakeFiles/app.dir/mnt/host/source/src/platform/ec/build/zephyr/starmie/modules/ec/driver/usb_mux/it5205.c.obj
[veluza:rw] [119/368] Building C object CMakeFiles/app.dir/mnt/host/source/src/platform/ec/build/zephyr/veluza/modules/ec/driver/tcpm/it8xxx2.c.obj
[veluza:rw] [120/368] Building C object CMakeFiles/app.dir/mnt/host/source/src/platform/ec/build/zephyr/veluza/modules/ec/common/usbc_ppc.c.obj
[veluza:rw] [121/368] Building C object CMakeFiles/app.dir/mnt/host/source/src/platform/ec/build/zephyr/veluza/modules/ec/driver/ppc/syv682x.c.obj
[veluza:ro] [107/368] Building C object CMakeFiles/app.dir/mnt/host/source/src/platform/ec/build/zephyr/veluza/modules/ec/common/usb_pd_console_cmd.c.obj
[veluza:ro] [108/368] Building C object CMakeFiles/app.dir/mnt/host/source/src/platform/ec/build/zephyr/veluza/modules/ec/common/usb_pd_host_cmd.c.obj
[veluza:rw] [122/368] Building C object CMakeFiles/app.dir/mnt/host/source/src/platform/ec/build/zephyr/veluza/modules/ec/common/button.c.obj
[starmie:ro] [91/380] Building C object CMakeFiles/app.dir/mnt/host/source/src/platform/ec/build/zephyr/starmie/modules/ec/driver/usb_mux/ps8743.c.obj
[veluza:ro] [109/368] Building C object CMakeFiles/app.dir/mnt/host/source/src/platform/ec/build/zephyr/veluza/modules/ec/common/usbc/usb_pd_host.c.obj
[starmie:ro] [92/380] Building C object CMakeFiles/app.dir/mnt/host/source/src/platform/ec/build/zephyr/starmie/modules/ec/driver/usb_mux/virtual.c.obj
[starmie:ro] [93/380] Building C object CMakeFiles/app.dir/mnt/host/source/src/platform/ec/build/zephyr/starmie/modules/ec/common/event_log.c.obj
[veluza:rw] [123/368] Building C object CMakeFiles/app.dir/mnt/host/source/src/platform/ec/build/zephyr/veluza/modules/ec/common/vboot_hash.c.obj
[veluza:rw] [124/368] Building C object CMakeFiles/app.dir/mnt/host/source/src/platform/ec/build/zephyr/veluza/modules/ec/common/math_util.c.obj
[veluza:rw] [125/368] Building C object CMakeFiles/app.dir/mnt/host/source/src/platform/ec/build/zephyr/veluza/modules/ec/common/vboot/efs2.c.obj
[veluza:ro] [110/368] Building C object CMakeFiles/app.dir/mnt/host/source/src/platform/ec/build/zephyr/veluza/modules/ec/common/usb_pd_host_cmd_common.c.obj
[/mnt/host/source/src/platform/ec/build/zephyr/anakin-lcov]   /mnt/host/source/src/platform/ec/build/zephyr/anakin/build-ro/zephyr/arch/arch/riscv/core/CMakeFiles/arch__riscv__core.dir/cpu_idle.c.gcno:no functions found
[starmie:ro] [94/380] Building C object CMakeFiles/app.dir/mnt/host/source/src/platform/ec/build/zephyr/starmie/modules/ec/common/dps.c.obj
[/mnt/host/source/src/platform/ec/build/zephyr/anakin-lcov] stderr:
[veluza:rw] [126/368] Building C object CMakeFiles/app.dir/mnt/host/source/src/platform/ec/build/zephyr/veluza/modules/ec/common/vstore.c.obj
[veluza:ro] [111/368] Building C object CMakeFiles/app.dir/mnt/host/source/src/platform/ec/build/zephyr/veluza/modules/ec/zephyr/shim/src/tcpc.c.obj
[veluza:ro] [112/368] Building C object CMakeFiles/app.dir/mnt/host/source/src/platform/ec/build/zephyr/veluza/modules/ec/common/usbc/svdm_rsp_dfp_only.c.obj
[starmie:ro] [95/380] Building C object CMakeFiles/app.dir/mnt/host/source/src/platform/ec/build/zephyr/starmie/modules/ec/common/pd_log.c.obj
[veluza:rw] [127/368] Building C object CMakeFiles/app.dir/src/hibernate.c.obj
[veluza:rw] [128/368] Building C object CMakeFiles/app.dir/src/board.c.obj
[quartz:ro] -- Generating done (0.4s)
[quartz:ro] CMake Warning:
[quartz:ro]   Manually-specified variables were not used by the project:
[quartz:ro]     COREBOOT_SDK_ROOT_libstdcxx_riscv64
[quartz:ro]     COREBOOT_SDK_ROOT_libstdcxx_x86
[quartz:ro]     COREBOOT_SDK_ROOT_nds32
[quartz:ro]     COREBOOT_SDK_ROOT_picolibc_riscv64
[quartz:ro]     COREBOOT_SDK_ROOT_picolibc_x86
[quartz:ro]     COREBOOT_SDK_ROOT_riscv
[quartz:ro]     COREBOOT_SDK_ROOT_riscv64
[quartz:ro]     COREBOOT_SDK_ROOT_x86
[veluza:ro] [113/368] Building C object CMakeFiles/app.dir/mnt/host/source/src/platform/ec/build/zephyr/veluza/modules/ec/common/usb_pd_discovery.c.obj
[helipilot:rw] [3/526] Generating misc/generated/syscalls_subdirs.trigger
[quartz:ro] -- Build files have been written to: /mnt/host/source/src/platform/ec/build/zephyr/quartz/build-ro
[starmie:ro] [96/380] Building C object CMakeFiles/app.dir/mnt/host/source/src/platform/ec/build/zephyr/starmie/modules/ec/common/usbc/usb_prl_sm.c.obj
[veluza:rw] [129/368] Building C object CMakeFiles/app.dir/src/usbc.c.obj
[veluza:ro] [114/368] Building C object CMakeFiles/app.dir/mnt/host/source/src/platform/ec/build/zephyr/veluza/modules/ec/common/usbc_ocp.c.obj
[veluza:ro] [115/368] Building C object CMakeFiles/app.dir/mnt/host/source/src/platform/ec/build/zephyr/veluza/modules/ec/common/usb_pd_dual_role.c.obj
[veluza:rw] [130/368] Building C object CMakeFiles/app.dir/src/ite_hooks.c.obj
[veluza:ro] [116/368] Building C object CMakeFiles/app.dir/mnt/host/source/src/platform/ec/build/zephyr/veluza/modules/ec/common/usbc/dp_hpd_gpio.c.obj
[veluza:rw] [131/368] Building C object CMakeFiles/app.dir/src/variant_db_detection.c.obj
[veluza:rw] [132/368] Building C object CMakeFiles/app.dir/src/usb_pd_policy.c.obj
[starmie:ro] [97/380] Building C object CMakeFiles/app.dir/mnt/host/source/src/platform/ec/build/zephyr/starmie/modules/ec/common/usbc/usb_pe_drp_sm.c.obj
[veluza:rw] [133/368] Building C object CMakeFiles/app.dir/src/ite_usbc.c.obj
[starmie:ro] [98/380] Building C object CMakeFiles/app.dir/mnt/host/source/src/platform/ec/build/zephyr/starmie/modules/ec/common/usbc/usb_tc_drp_acc_trysrc_sm.c.obj
[veluza:ro] [117/368] Building C object CMakeFiles/app.dir/mnt/host/source/src/platform/ec/build/zephyr/veluza/modules/ec/driver/tcpm/ite_pd_intc.c.obj
[veluza:rw] [134/368] Building C object CMakeFiles/app.dir/src/ite_i2c.c.obj
[starmie:ro] [99/380] Building C object CMakeFiles/app.dir/mnt/host/source/src/platform/ec/build/zephyr/starmie/modules/ec/common/usbc/usb_pd_dpm.c.obj
[veluza:ro] [118/368] Building C object CMakeFiles/app.dir/mnt/host/source/src/platform/ec/build/zephyr/veluza/modules/ec/driver/tcpm/tcpci.c.obj
[veluza:rw] [135/368] Building C object CMakeFiles/app.dir/src/ite_usb_pd_policy.c.obj
[veluza:rw] [136/368] Building C object CMakeFiles/app.dir/veluza/src/temp.c.obj
[veluza:ro] [119/368] Building C object CMakeFiles/app.dir/mnt/host/source/src/platform/ec/build/zephyr/veluza/modules/ec/driver/tcpm/it8xxx2.c.obj
[starmie:ro] [100/380] Building C object CMakeFiles/app.dir/mnt/host/source/src/platform/ec/build/zephyr/starmie/modules/ec/common/usbc/usbc_pd_policy.c.obj
[veluza:ro] [120/368] Building C object CMakeFiles/app.dir/mnt/host/source/src/platform/ec/build/zephyr/veluza/modules/ec/common/usbc_ppc.c.obj
[starmie:ro] [101/380] Building C object CMakeFiles/app.dir/mnt/host/source/src/platform/ec/build/zephyr/starmie/modules/ec/common/usbc/dp_alt_mode.c.obj
[veluza:rw] [137/368] Building C object CMakeFiles/app.dir/veluza/src/ppc.c.obj
[veluza:ro] [121/368] Building C object CMakeFiles/app.dir/mnt/host/source/src/platform/ec/build/zephyr/veluza/modules/ec/driver/ppc/syv682x.c.obj
[veluza:rw] [138/368] Building C object CMakeFiles/app.dir/veluza/src/sensor.c.obj
[starmie:ro] [102/380] Building C object CMakeFiles/app.dir/mnt/host/source/src/platform/ec/build/zephyr/starmie/modules/ec/common/usb_pd_console_cmd.c.obj
[veluza:rw] [139/368] Building C object CMakeFiles/app.dir/veluza/src/led.c.obj
[starmie:ro] [103/380] Building C object CMakeFiles/app.dir/mnt/host/source/src/platform/ec/build/zephyr/starmie/modules/ec/common/usb_pd_host_cmd.c.obj
[veluza:rw] [140/368] Building C object zephyr/CMakeFiles/zephyr.dir/lib/libc/validate_libc.c.obj
[veluza:ro] [122/368] Building C object CMakeFiles/app.dir/mnt/host/source/src/platform/ec/build/zephyr/veluza/modules/ec/common/vboot_hash.c.obj
[veluza:ro] [123/368] Building C object CMakeFiles/app.dir/mnt/host/source/src/platform/ec/build/zephyr/veluza/modules/ec/common/vboot/efs2.c.obj
[veluza:rw] [141/368] Building C object CMakeFiles/app.dir/veluza/src/board_chipset.c.obj
[veluza:rw] [142/368] Building C object zephyr/CMakeFiles/zephyr.dir/lib/heap/heap.c.obj
[starmie:ro] [104/380] Building C object CMakeFiles/app.dir/mnt/host/source/src/platform/ec/build/zephyr/starmie/modules/ec/common/usbc/usb_pd_host.c.obj
[starmie:ro] [105/380] Building C object CMakeFiles/app.dir/mnt/host/source/src/platform/ec/build/zephyr/starmie/modules/ec/zephyr/shim/src/tcpc.c.obj
[veluza:ro] [124/368] Building C object CMakeFiles/app.dir/mnt/host/source/src/platform/ec/build/zephyr/veluza/modules/ec/common/button.c.obj
[veluza:ro] [125/368] Building C object CMakeFiles/app.dir/mnt/host/source/src/platform/ec/build/zephyr/veluza/modules/ec/common/vstore.c.obj
[starmie:ro] [106/380] Building C object CMakeFiles/app.dir/mnt/host/source/src/platform/ec/build/zephyr/starmie/modules/ec/common/usbc/svdm_rsp_dfp_only.c.obj
[veluza:rw] [143/368] Building C object zephyr/CMakeFiles/zephyr.dir/lib/os/cbprintf_packaged.c.obj
[veluza:ro] [126/368] Building C object CMakeFiles/app.dir/mnt/host/source/src/platform/ec/build/zephyr/veluza/modules/ec/common/math_util.c.obj
[veluza:rw] [144/368] Building C object zephyr/CMakeFiles/zephyr.dir/lib/os/clock.c.obj
[starmie:ro] [107/380] Building C object CMakeFiles/app.dir/mnt/host/source/src/platform/ec/build/zephyr/starmie/modules/ec/common/usb_pd_host_cmd_common.c.obj
[veluza:ro] [127/368] Building C object CMakeFiles/app.dir/src/hibernate.c.obj
[veluza:rw] [145/368] Building C object zephyr/CMakeFiles/zephyr.dir/lib/os/printk.c.obj
[veluza:rw] [146/368] Building C object zephyr/CMakeFiles/zephyr.dir/lib/os/sem.c.obj
[veluza:rw] [147/368] Building C object zephyr/CMakeFiles/zephyr.dir/lib/os/thread_entry.c.obj
[starmie:ro] [108/380] Building C object CMakeFiles/app.dir/mnt/host/source/src/platform/ec/build/zephyr/starmie/modules/ec/common/usb_pd_discovery.c.obj
[veluza:rw] [148/368] Building C object zephyr/CMakeFiles/zephyr.dir/lib/os/cbprintf.c.obj
[veluza:ro] [128/368] Building C object CMakeFiles/app.dir/src/board.c.obj
[veluza:ro] [129/368] Building C object CMakeFiles/app.dir/src/usbc.c.obj
[veluza:rw] [149/368] Building C object zephyr/CMakeFiles/zephyr.dir/lib/os/cbprintf_nano.c.obj
[starmie:ro] [109/380] Building C object CMakeFiles/app.dir/mnt/host/source/src/platform/ec/build/zephyr/starmie/modules/ec/common/usbc_ocp.c.obj
[starmie:ro] [110/380] Building C object CMakeFiles/app.dir/mnt/host/source/src/platform/ec/build/zephyr/starmie/modules/ec/common/usb_pd_dual_role.c.obj
[veluza:ro] [130/368] Building C object CMakeFiles/app.dir/src/usb_pd_policy.c.obj
[veluza:rw] [150/368] Building C object zephyr/CMakeFiles/zephyr.dir/lib/os/assert.c.obj
[veluza:rw] [151/368] Building C object zephyr/CMakeFiles/zephyr.dir/lib/utils/dec.c.obj
[veluza:ro] [131/368] Building C object CMakeFiles/app.dir/src/variant_db_detection.c.obj
[veluza:ro] [132/368] Building C object CMakeFiles/app.dir/src/ite_hooks.c.obj
[starmie:ro] [111/380] Building C object CMakeFiles/app.dir/mnt/host/source/src/platform/ec/build/zephyr/starmie/modules/ec/driver/tcpm/tcpci.c.obj
[veluza:rw] [152/368] Building C object zephyr/CMakeFiles/zephyr.dir/lib/utils/rb.c.obj
[veluza:rw] [153/368] Building C object zephyr/CMakeFiles/zephyr.dir/lib/utils/hex.c.obj
[veluza:rw] [154/368] Building C object zephyr/CMakeFiles/zephyr.dir/lib/utils/timeutil.c.obj
[veluza:ro] [133/368] Building C object CMakeFiles/app.dir/src/ite_usb_pd_policy.c.obj
[veluza:rw] [155/368] Building C object zephyr/CMakeFiles/zephyr.dir/lib/utils/bitarray.c.obj
[starmie:ro] [112/380] Building C object CMakeFiles/app.dir/mnt/host/source/src/platform/ec/build/zephyr/starmie/modules/ec/common/usbc/dp_hpd_gpio.c.obj
[starmie:ro] [113/380] Building C object CMakeFiles/app.dir/mnt/host/source/src/platform/ec/build/zephyr/starmie/modules/ec/driver/tcpm/it8xxx2.c.obj
[veluza:rw] [156/368] Building C object zephyr/CMakeFiles/zephyr.dir/lib/utils/bitmask.c.obj
[veluza:ro] [134/368] Building C object CMakeFiles/app.dir/src/ite_i2c.c.obj
[veluza:ro] [135/368] Building C object CMakeFiles/app.dir/src/ite_usbc.c.obj
[veluza:rw] [157/368] Building C object zephyr/CMakeFiles/zephyr.dir/lib/utils/getopt/getopt_common.c.obj
[starmie:ro] [114/380] Building C object CMakeFiles/app.dir/mnt/host/source/src/platform/ec/build/zephyr/starmie/modules/ec/driver/tcpm/ite_pd_intc.c.obj
[veluza:rw] [158/368] Building C object zephyr/CMakeFiles/zephyr.dir/lib/utils/getopt/getopt.c.obj
[starmie:ro] [115/380] Building C object CMakeFiles/app.dir/mnt/host/source/src/platform/ec/build/zephyr/starmie/modules/ec/common/usbc_ppc.c.obj
[veluza:rw] [159/368] Building C object zephyr/CMakeFiles/zephyr.dir/lib/utils/last_section_id.c.obj
[veluza:ro] [136/368] Building C object CMakeFiles/app.dir/veluza/src/ppc.c.obj
[veluza:rw] [160/368] Building C object zephyr/CMakeFiles/zephyr.dir/misc/generated/configs.c.obj
[starmie:ro] [116/380] Building C object CMakeFiles/app.dir/mnt/host/source/src/platform/ec/build/zephyr/starmie/modules/ec/driver/ppc/rt1739.c.obj
[veluza:rw] [161/368] Building C object zephyr/CMakeFiles/zephyr.dir/lib/utils/ring_buffer.c.obj
[starmie:ro] [117/380] Building C object CMakeFiles/app.dir/mnt/host/source/src/platform/ec/build/zephyr/starmie/modules/ec/driver/ppc/syv682x.c.obj
[veluza:ro] [137/368] Building C object CMakeFiles/app.dir/veluza/src/sensor.c.obj
[veluza:rw] [162/368] Building C object zephyr/CMakeFiles/zephyr.dir/soc/ite/ec/common/soc_common_irq.c.obj
[starmie:ro] [118/380] Building C object CMakeFiles/app.dir/mnt/host/source/src/platform/ec/build/zephyr/starmie/modules/ec/common/vboot_hash.c.obj
[veluza:ro] [138/368] Building C object CMakeFiles/app.dir/veluza/src/temp.c.obj
[starmie:ro] [119/380] Building C object CMakeFiles/app.dir/mnt/host/source/src/platform/ec/build/zephyr/starmie/modules/ec/common/button.c.obj
[veluza:ro] [139/368] Building C object CMakeFiles/app.dir/veluza/src/board_chipset.c.obj
[veluza:rw] [163/368] Building C object zephyr/CMakeFiles/zephyr.dir/soc/ite/ec/common/power.c.obj
[starmie:ro] [120/380] Building C object CMakeFiles/app.dir/mnt/host/source/src/platform/ec/build/zephyr/starmie/modules/ec/common/vboot/efs2.c.obj
[starmie:ro] [121/380] Building C object CMakeFiles/app.dir/mnt/host/source/src/platform/ec/build/zephyr/starmie/modules/ec/common/vstore.c.obj
[veluza:ro] [140/368] Building C object zephyr/CMakeFiles/zephyr.dir/lib/libc/validate_libc.c.obj
[veluza:rw] [164/368] Building C object zephyr/CMakeFiles/zephyr.dir/soc/ite/ec/common/policy.c.obj
[starmie:ro] [122/380] Building C object CMakeFiles/app.dir/src/board.c.obj
[veluza:ro] [141/368] Building C object CMakeFiles/app.dir/veluza/src/led.c.obj
[veluza:rw] [165/368] Building C object zephyr/CMakeFiles/zephyr.dir/soc/ite/ec/it8xxx2/soc.c.obj
[starmie:ro] [123/380] Building C object CMakeFiles/app.dir/mnt/host/source/src/platform/ec/build/zephyr/starmie/modules/ec/common/math_util.c.obj
[veluza:ro] [142/368] Building C object zephyr/CMakeFiles/zephyr.dir/lib/heap/heap.c.obj
[starmie:ro] [124/380] Building C object CMakeFiles/app.dir/src/hibernate.c.obj
[veluza:rw] [166/368] Building C object zephyr/CMakeFiles/zephyr.dir/soc/ite/ec/it8xxx2/check_regs.c.obj
[veluza:ro] [143/368] Building C object zephyr/CMakeFiles/zephyr.dir/lib/os/cbprintf_packaged.c.obj
[starmie:ro] [125/380] Building C object CMakeFiles/app.dir/src/usbc.c.obj
[starmie:ro] [126/380] Building C object CMakeFiles/app.dir/src/usb_pd_policy.c.obj
[veluza:ro] [144/368] Building C object zephyr/CMakeFiles/zephyr.dir/lib/os/clock.c.obj
[starmie:ro] [127/380] Building C object CMakeFiles/app.dir/src/board_chipset.c.obj
[starmie:ro] [128/380] Building C object CMakeFiles/app.dir/src/ite_hooks.c.obj
[veluza:ro] [145/368] Building C object zephyr/CMakeFiles/zephyr.dir/lib/os/printk.c.obj
[starmie:ro] [129/380] Building C object CMakeFiles/app.dir/src/ite_i2c.c.obj
[starmie:ro] [130/380] Building C object CMakeFiles/app.dir/src/ite_usb_pd_policy.c.obj
[veluza:rw] [167/368] Linking C static library app/libapp.a
[veluza:ro] [146/368] Building C object zephyr/CMakeFiles/zephyr.dir/lib/os/sem.c.obj
[starmie:ro] [131/380] Building C object CMakeFiles/app.dir/src/ite_usbc.c.obj
[veluza:rw] [168/368] Building C object zephyr/CMakeFiles/zephyr.dir/soc/ite/ec/it8xxx2/ilm.c.obj
[starmie:ro] [132/380] Building C object CMakeFiles/app.dir/starmie/src/base_detect.c.obj
[veluza:ro] [147/368] Building C object zephyr/CMakeFiles/zephyr.dir/lib/os/thread_entry.c.obj
[veluza:rw] [169/368] Building C object zephyr/CMakeFiles/zephyr.dir/subsys/logging/log_minimal.c.obj
[starmie:ro] [133/380] Building C object CMakeFiles/app.dir/starmie/src/ppc.c.obj
[veluza:ro] [148/368] Building C object zephyr/CMakeFiles/zephyr.dir/lib/os/cbprintf_nano.c.obj
[veluza:rw] [170/368] Building C object zephyr/CMakeFiles/zephyr.dir/subsys/pm/pm.c.obj
[starmie:ro] [134/380] Building C object CMakeFiles/app.dir/starmie/src/lcd.c.obj
[starmie:ro] [135/380] Building C object CMakeFiles/app.dir/starmie/src/thermal.c.obj
[veluza:ro] [149/368] Building C object zephyr/CMakeFiles/zephyr.dir/lib/os/cbprintf.c.obj
[veluza:rw] [171/368] Building C object zephyr/CMakeFiles/zephyr.dir/subsys/pm/state.c.obj
[starmie:ro] [136/380] Building C object CMakeFiles/app.dir/starmie/src/board.c.obj
[veluza:ro] [150/368] Building C object zephyr/CMakeFiles/zephyr.dir/lib/os/assert.c.obj
[veluza:rw] [172/368] Building C object zephyr/CMakeFiles/zephyr.dir/subsys/pm/policy/policy_events.c.obj
[starmie:ro] [137/380] Building C object zephyr/CMakeFiles/zephyr.dir/lib/libc/validate_libc.c.obj
[matsu_it82000:rw] -- Found Dtc: /usr/bin/dtc (found suitable version "1.6.0", minimum required is "1.4.6")
[veluza:ro] [151/368] Building C object zephyr/CMakeFiles/zephyr.dir/lib/utils/dec.c.obj
[veluza:rw] [173/368] Building C object zephyr/CMakeFiles/zephyr.dir/subsys/pm/policy/policy_latency.c.obj
[veluza:ro] [152/368] Building C object zephyr/CMakeFiles/zephyr.dir/lib/utils/hex.c.obj
[starmie:ro] [138/380] Building C object zephyr/CMakeFiles/zephyr.dir/lib/heap/heap.c.obj
[matsu_it82000:rw] -- Found BOARD.dts: /mnt/host/source/src/platform/ec/zephyr/boards/google/it8xxx2/it8xxx2_it82000bw.dts
[matsu_it82000:rw] -- Found devicetree overlay: /mnt/host/source/src/platform/ec/zephyr/program/ocelot/matsu/project.overlay
[matsu_it82000:rw] -- Found devicetree overlay: /mnt/host/source/src/platform/ec/zephyr/program/ocelot/matsu/it82000.overlay
[starmie:ro] [139/380] Building C object zephyr/CMakeFiles/zephyr.dir/lib/os/cbprintf_packaged.c.obj
[veluza:rw] [174/368] Building C object zephyr/CMakeFiles/zephyr.dir/subsys/pm/policy/policy_state_lock.c.obj
[veluza:ro] [153/368] Building C object zephyr/CMakeFiles/zephyr.dir/lib/utils/rb.c.obj
[starmie:ro] [140/380] Building C object zephyr/CMakeFiles/zephyr.dir/lib/os/clock.c.obj
[veluza:rw] [175/368] Building ASM object zephyr/CMakeFiles/zephyr.dir/soc/ite/ec/it8xxx2/__arithmetic.S.obj
[starmie:ro] [141/380] Building C object zephyr/CMakeFiles/zephyr.dir/lib/os/printk.c.obj
[veluza:ro] [154/368] Building C object zephyr/CMakeFiles/zephyr.dir/lib/utils/timeutil.c.obj
[veluza:rw] [176/368] Building C object zephyr/CMakeFiles/zephyr.dir/subsys/pm/device_system_managed.c.obj
[starmie:ro] [142/380] Building C object zephyr/CMakeFiles/zephyr.dir/lib/os/sem.c.obj
[veluza:rw] [177/368] Building C object zephyr/CMakeFiles/zephyr.dir/subsys/pm/device.c.obj
[veluza:ro] [155/368] Building C object zephyr/CMakeFiles/zephyr.dir/lib/utils/bitarray.c.obj
[veluza:rw] [178/368] Building C object zephyr/CMakeFiles/zephyr.dir/subsys/testsuite/coverage/coverage.c.obj
[veluza:rw] [179/368] Building C object zephyr/CMakeFiles/zephyr.dir/subsys/tracing/tracing_none.c.obj
[starmie:ro] [143/380] Building C object zephyr/CMakeFiles/zephyr.dir/lib/os/thread_entry.c.obj
[veluza:rw] [180/368] Building C object zephyr/CMakeFiles/zephyr.dir/subsys/shell/shell.c.obj
[starmie:ro] [144/380] Building C object zephyr/CMakeFiles/zephyr.dir/lib/os/cbprintf_nano.c.obj
[veluza:rw] [181/368] Building C object zephyr/CMakeFiles/zephyr.dir/subsys/shell/backends/shell_uart.c.obj
[starmie:ro] [145/380] Building C object zephyr/CMakeFiles/zephyr.dir/lib/os/cbprintf.c.obj
[veluza:rw] [182/368] Building C object zephyr/CMakeFiles/zephyr.dir/subsys/shell/shell_fprintf.c.obj
[veluza:ro] [156/368] Building C object zephyr/CMakeFiles/zephyr.dir/lib/utils/bitmask.c.obj
[veluza:rw] [183/368] Building C object zephyr/CMakeFiles/zephyr.dir/subsys/shell/shell_utils.c.obj
[veluza:rw] [184/368] Building C object zephyr/CMakeFiles/zephyr.dir/subsys/shell/shell_ops.c.obj
[veluza:ro] [157/368] Building C object zephyr/CMakeFiles/zephyr.dir/lib/utils/getopt/getopt.c.obj
[veluza:rw] [185/368] Building ASM object zephyr/CMakeFiles/zephyr.dir/soc/ite/ec/common/soc_irq.S.obj
[starmie:ro] [146/380] Building C object zephyr/CMakeFiles/zephyr.dir/lib/os/assert.c.obj
[veluza:ro] [158/368] Building C object zephyr/CMakeFiles/zephyr.dir/lib/utils/getopt/getopt_common.c.obj
[veluza:rw] [186/368] Building C object zephyr/CMakeFiles/zephyr.dir/subsys/shell/shell_help.c.obj
[veluza:rw] [187/368] Building C object zephyr/CMakeFiles/zephyr.dir/subsys/shell/shell_history.c.obj
[veluza:rw] [188/368] Building C object zephyr/CMakeFiles/zephyr.dir/drivers/flash/flash_util.c.obj
[starmie:ro] [147/380] Building C object zephyr/CMakeFiles/zephyr.dir/lib/utils/dec.c.obj
[veluza:ro] [159/368] Linking C static library app/libapp.a
[veluza:rw] [189/368] Building C object zephyr/arch/common/CMakeFiles/arch__common.dir/sw_isr_common.c.obj
[veluza:ro] [160/368] Building C object zephyr/CMakeFiles/zephyr.dir/lib/utils/ring_buffer.c.obj
[starmie:ro] [148/380] Building C object zephyr/CMakeFiles/zephyr.dir/lib/utils/hex.c.obj
[veluza:ro] [161/368] Building C object zephyr/CMakeFiles/zephyr.dir/lib/utils/last_section_id.c.obj
[veluza:rw] [190/368] Building C object zephyr/arch/common/CMakeFiles/arch__common.dir/init.c.obj
[veluza:rw] [191/368] Building C object zephyr/arch/common/CMakeFiles/arch__common.dir/xip.c.obj
[veluza:ro] [162/368] Building C object zephyr/CMakeFiles/zephyr.dir/misc/generated/configs.c.obj
[starmie:ro] [149/380] Linking C static library app/libapp.a
[starmie:ro] [150/380] Building C object zephyr/CMakeFiles/zephyr.dir/lib/utils/rb.c.obj
[veluza:rw] [192/368] Building C object zephyr/arch/arch/riscv/core/CMakeFiles/arch__riscv__core.dir/cpu_idle.c.obj
[veluza:ro] [163/368] Building C object zephyr/CMakeFiles/zephyr.dir/soc/ite/ec/common/soc_common_irq.c.obj
[starmie:ro] [151/380] Building C object zephyr/CMakeFiles/zephyr.dir/lib/utils/timeutil.c.obj
[veluza:rw] [193/368] Building C object zephyr/arch/common/CMakeFiles/isr_tables.dir/isr_tables.c.obj
[veluza:rw] [194/368] Building C object zephyr/arch/common/CMakeFiles/arch__common.dir/dynamic_isr.c.obj
[starmie:ro] [152/380] Building C object zephyr/CMakeFiles/zephyr.dir/lib/utils/bitarray.c.obj
[veluza:ro] [164/368] Building C object zephyr/CMakeFiles/zephyr.dir/soc/ite/ec/common/power.c.obj
[veluza:rw] [195/368] Building C object zephyr/arch/arch/riscv/core/CMakeFiles/arch__riscv__core.dir/fatal.c.obj
[starmie:ro] [153/380] Building C object zephyr/CMakeFiles/zephyr.dir/lib/utils/bitmask.c.obj
[veluza:rw] [196/368] Building C object zephyr/arch/arch/riscv/core/CMakeFiles/arch__riscv__core.dir/irq_manage.c.obj
[veluza:ro] [165/368] Building C object zephyr/CMakeFiles/zephyr.dir/soc/ite/ec/common/policy.c.obj
[starmie:ro] [154/380] Building C object zephyr/CMakeFiles/zephyr.dir/lib/utils/getopt/getopt.c.obj
[starmie:ro] [155/380] Building C object zephyr/CMakeFiles/zephyr.dir/lib/utils/ring_buffer.c.obj
[starmie:ro] [156/380] Building C object zephyr/CMakeFiles/zephyr.dir/lib/utils/getopt/getopt_common.c.obj
[veluza:rw] [197/368] Building C object zephyr/arch/arch/riscv/core/CMakeFiles/arch__riscv__core.dir/prep_c.c.obj
[veluza:rw] [198/368] Building C object zephyr/arch/arch/riscv/core/CMakeFiles/arch__riscv__core.dir/reboot.c.obj
[starmie:ro] [157/380] Building C object zephyr/CMakeFiles/zephyr.dir/lib/utils/last_section_id.c.obj
[veluza:ro] [166/368] Building C object zephyr/CMakeFiles/zephyr.dir/soc/ite/ec/it8xxx2/soc.c.obj
[starmie:ro] [158/380] Building C object zephyr/CMakeFiles/zephyr.dir/misc/generated/configs.c.obj
[veluza:rw] [199/368] Building ASM object zephyr/CMakeFiles/zephyr.dir/soc/ite/ec/it8xxx2/vector.S.obj
[starmie:ro] [159/380] Building C object zephyr/CMakeFiles/zephyr.dir/soc/ite/ec/common/soc_common_irq.c.obj
[veluza:ro] [167/368] Building C object zephyr/CMakeFiles/zephyr.dir/soc/ite/ec/it8xxx2/check_regs.c.obj
[veluza:rw] [200/368] Linking C static library zephyr/arch/common/libisr_tables.a
[starmie:ro] [160/380] Building C object zephyr/CMakeFiles/zephyr.dir/soc/ite/ec/common/power.c.obj
[starmie:ro] [161/380] Building C object zephyr/CMakeFiles/zephyr.dir/soc/ite/ec/common/policy.c.obj
[veluza:rw] [201/368] Linking C static library zephyr/arch/common/libarch__common.a
[starmie:ro] [162/380] Building C object zephyr/CMakeFiles/zephyr.dir/soc/ite/ec/it8xxx2/soc.c.obj
[veluza:rw] [202/368] Building C object zephyr/arch/arch/riscv/core/CMakeFiles/arch__riscv__core.dir/thread.c.obj
[starmie:ro] [163/380] Building C object zephyr/CMakeFiles/zephyr.dir/soc/ite/ec/it8xxx2/check_regs.c.obj
[veluza:rw] [203/368] Linking C static library zephyr/libzephyr.a
[veluza:rw] [204/368] Building C object zephyr/arch/arch/riscv/core/CMakeFiles/arch__riscv__core.dir/stacktrace.c.obj
[/mnt/host/source/src/platform/ec/build/zephyr/kanix-lcov] stderr:
[veluza:rw] [205/368] Generating ../../../include/generated/libc/minimal/strerror_table.h
[veluza:rw] [206/368] Building C object zephyr/lib/libc/minimal/CMakeFiles/lib__libc__minimal.dir/source/stdlib/atoi.c.obj
[/mnt/host/source/src/platform/ec/build/zephyr/anakin-lcov]   /mnt/host/source/src/platform/ec/build/zephyr/anakin/build-ro/zephyr/arch/common/CMakeFiles/isr_tables.dir/isr_tables.c.gcno:no functions found
[/mnt/host/source/src/platform/ec/build/zephyr/anakin-lcov] stderr:
[veluza:rw] [207/368] Building C object zephyr/lib/libc/minimal/CMakeFiles/lib__libc__minimal.dir/source/stdlib/strtol.c.obj
[helipilot:rw] [4/526] Generating misc/generated/syscalls.json, misc/generated/struct_tags.json
[veluza:rw] [208/368] Building C object zephyr/lib/libc/minimal/CMakeFiles/lib__libc__minimal.dir/source/stdlib/strtoul.c.obj
[veluza:rw] [209/368] Building C object zephyr/lib/libc/minimal/CMakeFiles/lib__libc__minimal.dir/source/stdlib/strtoll.c.obj
[/mnt/host/source/src/platform/ec/build/zephyr/kanix-lcov]   /mnt/host/source/src/platform/ec/build/zephyr/kanix/build-ro/modules/ec/zephyr/CMakeFiles/ec_shim.dir/shim/src/anx7452_usb_mux.c.gcno:no functions found
[/mnt/host/source/src/platform/ec/build/zephyr/kanix-lcov] stderr:
[veluza:rw] [210/368] Building C object zephyr/lib/libc/minimal/CMakeFiles/lib__libc__minimal.dir/source/stdlib/strtoull.c.obj
[veluza:rw] [211/368] Building C object zephyr/lib/libc/minimal/CMakeFiles/lib__libc__minimal.dir/source/stdlib/bsearch.c.obj
[veluza:ro] [168/368] Building ASM object zephyr/CMakeFiles/zephyr.dir/soc/ite/ec/common/soc_irq.S.obj
[veluza:rw] [212/368] Building C object zephyr/lib/libc/minimal/CMakeFiles/lib__libc__minimal.dir/source/stdlib/exit.c.obj
[veluza:rw] [213/368] Building C object zephyr/lib/libc/minimal/CMakeFiles/lib__libc__minimal.dir/source/stdlib/qsort.c.obj
[veluza:rw] [214/368] Building C object zephyr/lib/libc/minimal/CMakeFiles/lib__libc__minimal.dir/source/string/strerror.c.obj
[veluza:rw] [215/368] Building C object zephyr/lib/libc/minimal/CMakeFiles/lib__libc__minimal.dir/source/string/strncasecmp.c.obj
[veluza:rw] [216/368] Building C object zephyr/lib/libc/minimal/CMakeFiles/lib__libc__minimal.dir/source/string/strstr.c.obj
[veluza:rw] [217/368] Building C object zephyr/lib/libc/minimal/CMakeFiles/lib__libc__minimal.dir/source/string/string.c.obj
[starmie:ro] [164/380] Building ASM object zephyr/CMakeFiles/zephyr.dir/soc/ite/ec/common/soc_irq.S.obj
[veluza:rw] [218/368] Building C object zephyr/lib/libc/minimal/CMakeFiles/lib__libc__minimal.dir/source/string/strspn.c.obj
[veluza:rw] [219/368] Building C object zephyr/lib/libc/minimal/CMakeFiles/lib__libc__minimal.dir/source/stdout/stdout_console.c.obj
[helipilot:rw] [5/526] Generating include/generated/zephyr/syscall_dispatch.c, include/generated/zephyr/syscall_exports_llext.c, syscall_weakdefs_llext.c, include/generated/zephyr/syscall_list.h
[veluza:rw] [220/368] Building C object zephyr/lib/libc/minimal/CMakeFiles/lib__libc__minimal.dir/source/stdout/sprintf.c.obj
[veluza:ro] [169/368] Building ASM object zephyr/CMakeFiles/zephyr.dir/soc/ite/ec/it8xxx2/vector.S.obj
[veluza:rw] [221/368] Building C object zephyr/lib/libc/minimal/CMakeFiles/lib__libc__minimal.dir/source/stdout/fprintf.c.obj
[veluza:ro] [170/368] Building C object zephyr/CMakeFiles/zephyr.dir/soc/ite/ec/it8xxx2/ilm.c.obj
[veluza:rw] [222/368] Building C object zephyr/lib/libc/minimal/CMakeFiles/lib__libc__minimal.dir/source/math/sqrtf.c.obj
[starmie:ro] [165/380] Building ASM object zephyr/CMakeFiles/zephyr.dir/soc/ite/ec/it8xxx2/vector.S.obj
[veluza:ro] [171/368] Building C object zephyr/CMakeFiles/zephyr.dir/subsys/logging/log_minimal.c.obj
[veluza:ro] [172/368] Building ASM object zephyr/CMakeFiles/zephyr.dir/soc/ite/ec/it8xxx2/__arithmetic.S.obj
[veluza:rw] [223/368] Building C object zephyr/lib/libc/minimal/CMakeFiles/lib__libc__minimal.dir/source/math/sqrt.c.obj
[starmie:ro] [166/380] Building C object zephyr/CMakeFiles/zephyr.dir/soc/ite/ec/it8xxx2/ilm.c.obj
[veluza:ro] [173/368] Building C object zephyr/CMakeFiles/zephyr.dir/subsys/pm/pm.c.obj
[veluza:rw] [224/368] Building C object zephyr/lib/libc/minimal/CMakeFiles/lib__libc__minimal.dir/source/time/gmtime.c.obj
[veluza:ro] [174/368] Building C object zephyr/CMakeFiles/zephyr.dir/subsys/pm/state.c.obj
[veluza:ro] [175/368] Building C object zephyr/CMakeFiles/zephyr.dir/subsys/pm/policy/policy_events.c.obj
[starmie:ro] [167/380] Building C object zephyr/CMakeFiles/zephyr.dir/subsys/logging/log_minimal.c.obj
[starmie:ro] [168/380] Building C object zephyr/CMakeFiles/zephyr.dir/subsys/pm/pm.c.obj
[veluza:ro] [176/368] Building C object zephyr/CMakeFiles/zephyr.dir/subsys/pm/policy/policy_state_lock.c.obj
[starmie:ro] [169/380] Building C object zephyr/CMakeFiles/zephyr.dir/subsys/pm/state.c.obj
[veluza:ro] [177/368] Building C object zephyr/CMakeFiles/zephyr.dir/subsys/pm/policy/policy_latency.c.obj
[veluza:ro] [178/368] Building C object zephyr/CMakeFiles/zephyr.dir/subsys/pm/device.c.obj
[veluza:rw] [225/368] Linking C static library zephyr/lib/libc/minimal/liblib__libc__minimal.a
[starmie:ro] [170/380] Building C object zephyr/CMakeFiles/zephyr.dir/subsys/pm/policy/policy_events.c.obj
[veluza:ro] [179/368] Building C object zephyr/CMakeFiles/zephyr.dir/subsys/pm/device_system_managed.c.obj
[veluza:ro] [180/368] Building C object zephyr/CMakeFiles/zephyr.dir/subsys/testsuite/coverage/coverage.c.obj
[veluza:rw] [226/368] Building C object zephyr/lib/libc/common/CMakeFiles/lib__libc__common.dir/source/stdlib/abort.c.obj
[starmie:ro] [171/380] Building ASM object zephyr/CMakeFiles/zephyr.dir/soc/ite/ec/it8xxx2/__arithmetic.S.obj
[veluza:ro] [181/368] Building C object zephyr/CMakeFiles/zephyr.dir/subsys/tracing/tracing_none.c.obj
[starmie:ro] [172/380] Building C object zephyr/CMakeFiles/zephyr.dir/subsys/pm/policy/policy_latency.c.obj
[rex-ish-ec:rw] -- Board: npcx9, qualifiers: npcx9m7f
[veluza:ro] [182/368] Building C object zephyr/CMakeFiles/zephyr.dir/subsys/shell/backends/shell_uart.c.obj
[starmie:ro] [173/380] Building C object zephyr/CMakeFiles/zephyr.dir/subsys/pm/policy/policy_state_lock.c.obj
[veluza:rw] [227/368] Building C object zephyr/lib/libc/common/CMakeFiles/lib__libc__common.dir/source/time/asctime.c.obj
[/mnt/host/source/src/platform/ec/build/zephyr/kanix-lcov]   /mnt/host/source/src/platform/ec/build/zephyr/kanix/build-ro/modules/ec/zephyr/CMakeFiles/ec_shim.dir/shim/src/thermal.c.gcno:no functions found
[/mnt/host/source/src/platform/ec/build/zephyr/kanix-lcov] stderr:
[helipilot:rw] [6/526] Generating include/generated/zephyr/driver-validation.h
[veluza:rw] [228/368] Building C object zephyr/lib/libc/common/CMakeFiles/lib__libc__common.dir/source/time/gmtime_r.c.obj
[veluza:ro] [183/368] Building C object zephyr/CMakeFiles/zephyr.dir/subsys/shell/shell.c.obj
[starmie:ro] [174/380] Building C object zephyr/CMakeFiles/zephyr.dir/subsys/pm/device.c.obj
[starmie:ro] [175/380] Building C object zephyr/CMakeFiles/zephyr.dir/subsys/pm/device_system_managed.c.obj
[veluza:ro] [184/368] Building C object zephyr/CMakeFiles/zephyr.dir/subsys/shell/shell_fprintf.c.obj
[veluza:ro] [185/368] Building C object zephyr/CMakeFiles/zephyr.dir/subsys/shell/shell_ops.c.obj
[veluza:rw] [229/368] Building C object zephyr/lib/libc/common/CMakeFiles/lib__libc__common.dir/source/time/localtime_r_utc.c.obj
[veluza:ro] [186/368] Building C object zephyr/CMakeFiles/zephyr.dir/subsys/shell/shell_utils.c.obj
[starmie:ro] [176/380] Building C object zephyr/CMakeFiles/zephyr.dir/subsys/testsuite/coverage/coverage.c.obj
[veluza:ro] [187/368] Building C object zephyr/CMakeFiles/zephyr.dir/subsys/shell/shell_history.c.obj
[veluza:rw] [230/368] Building C object zephyr/lib/libc/common/CMakeFiles/lib__libc__common.dir/source/time/ctime.c.obj
[starmie:ro] [177/380] Building C object zephyr/CMakeFiles/zephyr.dir/subsys/shell/modules/kernel_service/kernel_shell.c.obj
[starmie:ro] [178/380] Building C object zephyr/CMakeFiles/zephyr.dir/subsys/tracing/tracing_none.c.obj
[veluza:rw] [231/368] Building C object zephyr/lib/libc/common/CMakeFiles/lib__libc__common.dir/source/time/time.c.obj
[veluza:ro] [188/368] Building C object zephyr/CMakeFiles/zephyr.dir/subsys/shell/shell_help.c.obj
[veluza:ro] [189/368] Building C object zephyr/CMakeFiles/zephyr.dir/drivers/flash/flash_util.c.obj
[veluza:ro] [190/368] Building C object zephyr/arch/common/CMakeFiles/arch__common.dir/sw_isr_common.c.obj
[starmie:ro] [179/380] Building C object zephyr/CMakeFiles/zephyr.dir/subsys/shell/modules/kernel_service/sleep.c.obj
[starmie:ro] [180/380] Building C object zephyr/CMakeFiles/zephyr.dir/subsys/shell/modules/kernel_service/cycles.c.obj
[veluza:ro] [191/368] Building C object zephyr/arch/common/CMakeFiles/arch__common.dir/dynamic_isr.c.obj
[veluza:ro] [192/368] Building C object zephyr/arch/common/CMakeFiles/arch__common.dir/init.c.obj
[veluza:rw] [232/368] Building C object zephyr/lib/libc/common/CMakeFiles/lib__libc__common.dir/source/stdlib/malloc.c.obj
[starmie:ro] [181/380] Building C object zephyr/CMakeFiles/zephyr.dir/subsys/shell/modules/kernel_service/uptime.c.obj
[veluza:ro] [193/368] Building C object zephyr/arch/common/CMakeFiles/arch__common.dir/xip.c.obj
[starmie:ro] [182/380] Building C object zephyr/CMakeFiles/zephyr.dir/subsys/shell/modules/kernel_service/version.c.obj
[starmie:ro] [183/380] Building C object zephyr/CMakeFiles/zephyr.dir/subsys/shell/modules/kernel_service/thread/thread.c.obj
[veluza:ro] [194/368] Building C object zephyr/arch/common/CMakeFiles/isr_tables.dir/isr_tables.c.obj
[veluza:rw] [233/368] Building C object zephyr/lib/libc/common/CMakeFiles/lib__libc__common.dir/source/string/strnlen.c.obj
[veluza:rw] [234/368] Building ASM object zephyr/arch/arch/riscv/core/CMakeFiles/arch__riscv__core.dir/reset.S.obj
[starmie:ro] [184/380] Building C object zephyr/CMakeFiles/zephyr.dir/subsys/shell/modules/kernel_service/thread/list.c.obj
[starmie:ro] [185/380] Building C object zephyr/CMakeFiles/zephyr.dir/subsys/shell/modules/kernel_service/thread/stacks.c.obj
[starmie:ro] [186/380] Building C object zephyr/CMakeFiles/zephyr.dir/subsys/shell/modules/kernel_service/thread/unwind.c.obj
[veluza:rw] [235/368] Building ASM object zephyr/arch/arch/riscv/core/CMakeFiles/arch__riscv__core.dir/switch.S.obj
[veluza:rw] [236/368] Building C object zephyr/lib/posix/c_lib_ext/CMakeFiles/lib__posix__c_lib_ext.dir/fnmatch.c.obj
[veluza:rw] [237/368] Building C object zephyr/lib/posix/c_lib_ext/CMakeFiles/lib__posix__c_lib_ext.dir/getentropy.c.obj
[starmie:ro] [187/380] Building C object zephyr/CMakeFiles/zephyr.dir/subsys/shell/modules/kernel_service/thread/suspend.c.obj
[veluza:rw] [238/368] Building C object zephyr/lib/posix/c_lib_ext/CMakeFiles/lib__posix__c_lib_ext.dir/getopt_shim.c.obj
[veluza:rw] [239/368] Linking C static library zephyr/lib/libc/common/liblib__libc__common.a
[starmie:ro] [188/380] Building C object zephyr/CMakeFiles/zephyr.dir/subsys/shell/modules/kernel_service/thread/resume.c.obj
[veluza:rw] [240/368] Building C object zephyr/subsys/crc/CMakeFiles/subsys__crc.dir/crc8_sw.c.obj
[veluza:rw] [241/368] Building C object zephyr/subsys/crc/CMakeFiles/subsys__crc.dir/crc4_sw.c.obj
[veluza:ro] [195/368] Linking C static library zephyr/arch/common/libisr_tables.a
[starmie:ro] [189/380] Building C object zephyr/CMakeFiles/zephyr.dir/subsys/shell/modules/kernel_service/thread/kill.c.obj
[veluza:rw] [242/368] Building ASM object zephyr/arch/arch/riscv/core/CMakeFiles/arch__riscv__core.dir/isr.S.obj
[veluza:ro] [196/368] Linking C static library zephyr/libzephyr.a
[veluza:rw] [243/368] Building C object zephyr/subsys/crc/CMakeFiles/subsys__crc.dir/crc16_sw.c.obj
[veluza:rw] [244/368] Building C object zephyr/subsys/crc/CMakeFiles/subsys__crc.dir/crc7_sw.c.obj
[veluza:rw] [245/368] Linking C static library zephyr/lib/posix/c_lib_ext/liblib__posix__c_lib_ext.a
[starmie:ro] [190/380] Building C object zephyr/CMakeFiles/zephyr.dir/subsys/shell/backends/shell_uart.c.obj
[veluza:rw] [246/368] Building C object zephyr/subsys/crc/CMakeFiles/subsys__crc.dir/crc32_sw.c.obj
[veluza:rw] [247/368] Building C object zephyr/subsys/crc/CMakeFiles/subsys__crc.dir/crc24_sw.c.obj
[starmie:ro] [191/380] Building C object zephyr/CMakeFiles/zephyr.dir/subsys/shell/shell.c.obj
[veluza:rw] [248/368] Building C object zephyr/subsys/crc/CMakeFiles/subsys__crc.dir/crc32c_sw.c.obj
[veluza:ro] [197/368] Building C object zephyr/arch/arch/riscv/core/CMakeFiles/arch__riscv__core.dir/cpu_idle.c.obj
[starmie:ro] [192/380] Building C object zephyr/CMakeFiles/zephyr.dir/subsys/shell/shell_fprintf.c.obj
[veluza:rw] [249/368] Building C object zephyr/subsys/crc/CMakeFiles/subsys__crc.dir/crc32k_4_2_sw.c.obj
[veluza:rw] [250/368] Building C object zephyr/drivers/interrupt_controller/CMakeFiles/drivers__interrupt_controller.dir/intc_ite_it8xxx2.c.obj
[veluza:rw] [251/368] Building C object zephyr/drivers/interrupt_controller/CMakeFiles/drivers__interrupt_controller.dir/wuc_ite_it8xxx2.c.obj
[starmie:ro] [193/380] Building C object zephyr/CMakeFiles/zephyr.dir/subsys/shell/shell_utils.c.obj
[veluza:ro] [198/368] Building C object zephyr/arch/arch/riscv/core/CMakeFiles/arch__riscv__core.dir/fatal.c.obj
[starmie:ro] [194/380] Building C object zephyr/CMakeFiles/zephyr.dir/subsys/shell/shell_ops.c.obj
[helipilot:rw] [7/526] Generating include/generated/zephyr/kobj-types-enum.h, include/generated/zephyr/otype-to-str.h, include/generated/zephyr/otype-to-size.h
[veluza:ro] [199/368] Linking C static library zephyr/arch/common/libarch__common.a
[veluza:rw] [252/368] Building C object zephyr/drivers/adc/CMakeFiles/drivers__adc.dir/adc_common.c.obj
[veluza:rw] [253/368] Linking C static library zephyr/arch/arch/riscv/core/libarch__riscv__core.a
[veluza:ro] [200/368] Building C object zephyr/arch/arch/riscv/core/CMakeFiles/arch__riscv__core.dir/prep_c.c.obj
[starmie:ro] [195/380] Building C object zephyr/CMakeFiles/zephyr.dir/subsys/shell/shell_help.c.obj
[veluza:ro] [201/368] Building C object zephyr/arch/arch/riscv/core/CMakeFiles/arch__riscv__core.dir/irq_manage.c.obj
[starmie:ro] [196/380] Building C object zephyr/CMakeFiles/zephyr.dir/subsys/shell/shell_history.c.obj
[veluza:ro] [202/368] Building C object zephyr/arch/arch/riscv/core/CMakeFiles/arch__riscv__core.dir/reboot.c.obj
[veluza:rw] [254/368] Building C object zephyr/drivers/adc/CMakeFiles/drivers__adc.dir/adc_ite_it8xxx2.c.obj
[starmie:ro] [197/380] Building C object zephyr/CMakeFiles/zephyr.dir/drivers/flash/flash_util.c.obj
[starmie:ro] [198/380] Building C object zephyr/arch/common/CMakeFiles/arch__common.dir/sw_isr_common.c.obj
[veluza:rw] [255/368] Building C object zephyr/drivers/bbram/CMakeFiles/drivers__bbram.dir/bbram_it8xxx2.c.obj
[rex-ish:singleimage] -- Found Dtc: /usr/bin/dtc (found suitable version "1.6.0", minimum required is "1.4.6")
[rex-ish:singleimage] -- Found BOARD.dts: /mnt/host/source/src/third_party/zephyr/main/boards/intel/ish/intel_ish_5_6_0.dts
[rex-ish:singleimage] -- Found devicetree overlay: /mnt/host/source/src/platform/ec/zephyr/program/rex/rex-ish/project.overlay
[veluza:rw] [256/368] Linking C static library zephyr/subsys/crc/libsubsys__crc.a
[veluza:rw] [257/368] Building C object zephyr/drivers/console/CMakeFiles/drivers__console.dir/uart_console.c.obj
[starmie:ro] [199/380] Building C object zephyr/arch/common/CMakeFiles/arch__common.dir/dynamic_isr.c.obj
[helipilot:rw] [8/526] Generating include/generated/device-api-sections.ld, include/generated/device-api-sections.cmake
[starmie:ro] [200/380] Building C object zephyr/arch/common/CMakeFiles/arch__common.dir/init.c.obj
[veluza:rw] [258/368] Linking C static library zephyr/drivers/interrupt_controller/libdrivers__interrupt_controller.a
[veluza:rw] [259/368] Linking C static library zephyr/drivers/adc/libdrivers__adc.a
[starmie:ro] [201/380] Building C object zephyr/arch/common/CMakeFiles/arch__common.dir/xip.c.obj
[veluza:rw] [260/368] Building C object zephyr/drivers/eeprom/CMakeFiles/drivers__eeprom.dir/eeprom_shell.c.obj
[veluza:rw] [261/368] Building C object zephyr/drivers/eeprom/CMakeFiles/drivers__eeprom.dir/eeprom_at2x.c.obj
[/mnt/host/source/src/platform/ec/build/zephyr/kanix-lcov]   /mnt/host/source/src/platform/ec/build/zephyr/kanix/build-ro/modules/ec/zephyr/CMakeFiles/ec_shim.dir/shim/src/battery.c.gcno:no functions found
[/mnt/host/source/src/platform/ec/build/zephyr/kanix-lcov] stderr:
[starmie:ro] [202/380] Building C object zephyr/arch/common/CMakeFiles/isr_tables.dir/isr_tables.c.obj
[veluza:rw] [262/368] Linking C static library zephyr/drivers/bbram/libdrivers__bbram.a
[/mnt/host/source/src/platform/ec/build/zephyr/kanix-lcov]   /mnt/host/source/src/platform/ec/build/zephyr/kanix/build-ro/modules/ec/zephyr/CMakeFiles/ec_shim.dir/shim/src/charger.c.gcno:no functions found
[veluza:rw] [263/368] Linking C static library zephyr/drivers/console/libdrivers__console.a
[/mnt/host/source/src/platform/ec/build/zephyr/kanix-lcov] stderr:
[veluza:rw] [264/368] Building C object zephyr/drivers/flash/CMakeFiles/drivers__flash.dir/flash_ite_it8xxx2.c.obj
[veluza:rw] [265/368] Building C object zephyr/drivers/gpio/CMakeFiles/drivers__gpio.dir/gpio_ite_it8xxx2.c.obj
[veluza:rw] [266/368] Building C object zephyr/drivers/gpio/CMakeFiles/drivers__gpio.dir/gpio_kscan_ite_it8xxx2.c.obj
[veluza:rw] [267/368] Linking C static library zephyr/drivers/eeprom/libdrivers__eeprom.a
[veluza:rw] [268/368] Building C object zephyr/drivers/i2c/CMakeFiles/drivers__i2c.dir/i2c_common.c.obj
[veluza:rw] [269/368] Building C object zephyr/drivers/i2c/CMakeFiles/drivers__i2c.dir/i2c_bitbang.c.obj
[veluza:rw] [270/368] Building C object zephyr/drivers/i2c/CMakeFiles/drivers__i2c.dir/i2c_shell.c.obj
[veluza:rw] [271/368] Building C object zephyr/drivers/i2c/CMakeFiles/drivers__i2c.dir/i2c_ite_enhance.c.obj
[starmie:ro] [203/380] Linking C static library zephyr/libzephyr.a
[veluza:rw] [272/368] Building C object zephyr/drivers/pinctrl/CMakeFiles/drivers__pinctrl.dir/common.c.obj
[veluza:rw] [273/368] Linking C static library zephyr/drivers/flash/libdrivers__flash.a
[starmie:ro] [204/380] Linking C static library zephyr/arch/common/libisr_tables.a
[veluza:rw] [274/368] Building C object zephyr/drivers/i2c/CMakeFiles/drivers__i2c.dir/i2c_ite_it8xxx2.c.obj
[starmie:ro] [205/380] Building C object zephyr/arch/arch/riscv/core/CMakeFiles/arch__riscv__core.dir/cpu_idle.c.obj
[veluza:rw] [275/368] Linking C static library zephyr/drivers/gpio/libdrivers__gpio.a
[veluza:rw] [276/368] Building C object zephyr/drivers/pinctrl/CMakeFiles/drivers__pinctrl.dir/pinctrl_ite_it8xxx2.c.obj
[veluza:rw] [277/368] Building C object zephyr/drivers/pwm/CMakeFiles/drivers__pwm.dir/pwm_shell.c.obj
[starmie:ro] [206/380] Building C object zephyr/arch/arch/riscv/core/CMakeFiles/arch__riscv__core.dir/fatal.c.obj
[veluza:rw] [278/368] Building C object zephyr/drivers/pwm/CMakeFiles/drivers__pwm.dir/pwm_ite_it8xxx2.c.obj
[veluza:rw] [279/368] Building C object zephyr/drivers/serial/CMakeFiles/drivers__serial.dir/uart_ite_it8xxx2.c.obj
[starmie:ro] [207/380] Building C object zephyr/arch/arch/riscv/core/CMakeFiles/arch__riscv__core.dir/irq_manage.c.obj
[veluza:rw] [280/368] Building C object zephyr/drivers/serial/CMakeFiles/drivers__serial.dir/uart_ns16550.c.obj
[starmie:ro] [208/380] Linking C static library zephyr/arch/common/libarch__common.a
[starmie:ro] [209/380] Building C object zephyr/arch/arch/riscv/core/CMakeFiles/arch__riscv__core.dir/prep_c.c.obj
[veluza:rw] [281/368] Linking C static library zephyr/drivers/pinctrl/libdrivers__pinctrl.a
[starmie:ro] [210/380] Building C object zephyr/arch/arch/riscv/core/CMakeFiles/arch__riscv__core.dir/reboot.c.obj
[veluza:rw] [282/368] Linking C static library zephyr/drivers/pwm/libdrivers__pwm.a
[veluza:rw] [283/368] Linking C static library zephyr/drivers/i2c/libdrivers__i2c.a
[veluza:rw] [284/368] Building C object zephyr/drivers/timer/CMakeFiles/drivers__timer.dir/sys_clock_init.c.obj
[veluza:rw] [285/368] Building C object zephyr/drivers/timer/CMakeFiles/drivers__timer.dir/ite_it8xxx2_timer.c.obj
[veluza:rw] [286/368] Building C object zephyr/drivers/watchdog/CMakeFiles/drivers__watchdog.dir/wdt_ite_it8xxx2.c.obj
[veluza:rw] [287/368] Building C object zephyr/drivers/watchdog/CMakeFiles/drivers__watchdog.dir/wdt_shell.c.obj
[veluza:rw] [288/368] Building C object modules/ec/zephyr/CMakeFiles/ec_shim.dir/app/ec/ec_app_main.c.obj
[veluza:rw] [289/368] Linking C static library zephyr/drivers/serial/libdrivers__serial.a
[veluza:rw] [290/368] Linking C static library zephyr/drivers/timer/libdrivers__timer.a
[veluza:rw] [291/368] Building C object modules/ec/zephyr/CMakeFiles/ec_shim.dir/app/ec/main_shim.c.obj
[veluza:rw] [292/368] Building C object modules/ec/zephyr/CMakeFiles/ec_shim.dir/drivers/cros_flash/cros_flash_it8xxx2.c.obj
[veluza:rw] [293/368] Building C object modules/ec/zephyr/CMakeFiles/ec_shim.dir/drivers/cros_kb_raw/cros_kb_raw_ite.c.obj
[veluza:rw] [294/368] Building C object modules/ec/zephyr/CMakeFiles/ec_shim.dir/drivers/cros_shi/cros_shi_it8xxx2.c.obj
[veluza:rw] [295/368] Linking C static library zephyr/drivers/watchdog/libdrivers__watchdog.a
[veluza:rw] [296/368] Building C object modules/ec/zephyr/CMakeFiles/ec_shim.dir/drivers/cros_system/cros_system_it8xxx2.c.obj
[veluza:rw] [297/368] Building C object modules/ec/zephyr/CMakeFiles/ec_shim.dir/shim/chip/it8xxx2/clock.c.obj
[veluza:rw] [298/368] Building C object modules/ec/zephyr/CMakeFiles/ec_shim.dir/shim/chip/it8xxx2/gpio.c.obj
[veluza:rw] [299/368] Building C object modules/ec/zephyr/CMakeFiles/ec_shim.dir/shim/chip/it8xxx2/system.c.obj
[veluza:rw] [300/368] Building C object modules/ec/zephyr/CMakeFiles/ec_shim.dir/shim/chip/it8xxx2/power_policy.c.obj
[veluza:rw] [301/368] Building C object modules/ec/zephyr/CMakeFiles/ec_shim.dir/shim/chip/it8xxx2/keyboard_raw.c.obj
[veluza:rw] [302/368] Building C object modules/ec/zephyr/CMakeFiles/ec_shim.dir/shim/chip/it8xxx2/shi.c.obj
[veluza:rw] [303/368] Building C object modules/ec/zephyr/CMakeFiles/ec_shim.dir/shim/src/crc.c.obj
[veluza:rw] [304/368] Building C object modules/ec/zephyr/CMakeFiles/ec_shim.dir/shim/src/console.c.obj
[veluza:rw] [305/368] Building C object modules/ec/zephyr/CMakeFiles/ec_shim.dir/shim/src/gpio.c.obj
[veluza:rw] [306/368] Building C object modules/ec/zephyr/CMakeFiles/ec_shim.dir/shim/src/gpio_int.c.obj
[veluza:rw] [307/368] Building C object modules/ec/zephyr/CMakeFiles/ec_shim.dir/shim/src/panic_utils.c.obj
[veluza:rw] [308/368] Building C object modules/ec/zephyr/CMakeFiles/ec_shim.dir/shim/src/pm_state.c.obj
[veluza:rw] [309/368] Building C object modules/ec/zephyr/CMakeFiles/ec_shim.dir/shim/src/cbi/cros_cbi.c.obj
[veluza:rw] [310/368] Building C object modules/ec/zephyr/CMakeFiles/ec_shim.dir/shim/src/cbi/cros_cbi_fw_config.c.obj
[veluza:rw] [311/368] Building C object modules/ec/zephyr/CMakeFiles/ec_shim.dir/shim/src/cbi/cros_cbi_ssfc.c.obj
[veluza:rw] [312/368] Building C object modules/ec/zephyr/CMakeFiles/ec_shim.dir/shim/src/cbi/cbi_eeprom.c.obj
[veluza:rw] [313/368] Building C object modules/ec/zephyr/CMakeFiles/ec_shim.dir/shim/src/system.c.obj
[veluza:rw] [314/368] Building C object modules/ec/zephyr/CMakeFiles/ec_shim.dir/shim/src/adc.c.obj
[veluza:rw] [315/368] Building C object modules/ec/zephyr/CMakeFiles/ec_shim.dir/shim/src/battery.c.obj
[veluza:rw] [316/368] Building C object modules/ec/zephyr/CMakeFiles/ec_shim.dir/shim/src/chg_rt9490.c.obj
[veluza:rw] [317/368] Building C object modules/ec/zephyr/CMakeFiles/ec_shim.dir/shim/src/charger.c.obj
[veluza:rw] [318/368] Building C object modules/ec/zephyr/CMakeFiles/ec_shim.dir/shim/src/flash.c.obj
[veluza:rw] [319/368] Building C object modules/ec/zephyr/CMakeFiles/ec_shim.dir/shim/src/hooks.c.obj
[veluza:rw] [320/368] Building C object modules/ec/zephyr/CMakeFiles/ec_shim.dir/shim/src/keyboard_raw.c.obj
[veluza:rw] [321/368] Building C object modules/ec/zephyr/CMakeFiles/ec_shim.dir/shim/src/host_command.c.obj
[veluza:rw] [322/368] Building C object modules/ec/zephyr/CMakeFiles/ec_shim.dir/shim/src/console_buffer.c.obj
[veluza:rw] [323/368] Building C object modules/ec/zephyr/CMakeFiles/ec_shim.dir/shim/src/keyscan.c.obj
[veluza:rw] [324/368] Building C object modules/ec/zephyr/CMakeFiles/ec_shim.dir/shim/src/motionsense_sensors.c.obj
[veluza:rw] [325/368] Building C object modules/ec/zephyr/CMakeFiles/ec_shim.dir/shim/src/mkbp_event.c.obj
[veluza:rw] [326/368] Building C object modules/ec/zephyr/CMakeFiles/ec_shim.dir/shim/src/panic.c.obj
[veluza:rw] [327/368] Building C object modules/ec/zephyr/CMakeFiles/ec_shim.dir/shim/src/power.c.obj
[veluza:rw] [328/368] Building C object modules/ec/zephyr/CMakeFiles/ec_shim.dir/shim/src/temp_sensors.c.obj
[veluza:rw] [329/368] Building C object modules/ec/zephyr/CMakeFiles/ec_shim.dir/shim/src/thermal.c.obj
[veluza:rw] [330/368] Building C object modules/ec/zephyr/CMakeFiles/ec_shim.dir/shim/src/hwtimer.c.obj
[veluza:ro] [203/368] Building ASM object zephyr/arch/arch/riscv/core/CMakeFiles/arch__riscv__core.dir/reset.S.obj
[veluza:ro] [204/368] Building ASM object zephyr/arch/arch/riscv/core/CMakeFiles/arch__riscv__core.dir/switch.S.obj
[veluza:rw] [331/368] Building C object modules/ec/zephyr/CMakeFiles/ec_shim.dir/shim/src/i2c.c.obj
[veluza:rw] [332/368] Building C object modules/ec/zephyr/CMakeFiles/ec_shim.dir/shim/src/tasks.c.obj
[veluza:ro] [205/368] Building C object zephyr/arch/arch/riscv/core/CMakeFiles/arch__riscv__core.dir/thread.c.obj
[veluza:rw] [333/368] Building C object modules/ec/zephyr/CMakeFiles/ec_shim.dir/shim/src/watchdog.c.obj
[veluza:rw] [334/368] Building C object modules/ec/zephyr/CMakeFiles/ec_shim.dir/shim/src/ppc.c.obj
[veluza:rw] [335/368] Building C object zephyr/kernel/CMakeFiles/kernel.dir/banner.c.obj
[veluza:ro] [206/368] Building C object zephyr/arch/arch/riscv/core/CMakeFiles/arch__riscv__core.dir/stacktrace.c.obj
[veluza:rw] [336/368] Building C object modules/ec/zephyr/CMakeFiles/ec_shim.dir/shim/src/usba.c.obj
[veluza:rw] [337/368] Building C object modules/ec/zephyr/CMakeFiles/ec_shim.dir/shim/src/usb_muxes.c.obj
[veluza:rw] [338/368] Building C object zephyr/kernel/CMakeFiles/kernel.dir/main_weak.c.obj
[veluza:rw] [339/368] Building C object zephyr/kernel/CMakeFiles/kernel.dir/errno.c.obj
[veluza:rw] [340/368] Building C object zephyr/kernel/CMakeFiles/kernel.dir/busy_wait.c.obj
[veluza:rw] [341/368] Building C object zephyr/kernel/CMakeFiles/kernel.dir/device.c.obj
[veluza:rw] [342/368] Building C object zephyr/kernel/CMakeFiles/kernel.dir/fatal.c.obj
[veluza:rw] [343/368] Building C object zephyr/kernel/CMakeFiles/kernel.dir/init.c.obj
[veluza:rw] [344/368] Building C object zephyr/kernel/CMakeFiles/kernel.dir/kheap.c.obj
[veluza:ro] [207/368] Generating ../../../include/generated/libc/minimal/strerror_table.h
[veluza:rw] [345/368] Building C object zephyr/kernel/CMakeFiles/kernel.dir/version.c.obj
[veluza:rw] [346/368] Building C object zephyr/kernel/CMakeFiles/kernel.dir/mem_slab.c.obj
[veluza:rw] [347/368] Building C object zephyr/kernel/CMakeFiles/kernel.dir/float.c.obj
[veluza:rw] [348/368] Building C object zephyr/kernel/CMakeFiles/kernel.dir/idle.c.obj
[veluza:rw] [349/368] Building C object zephyr/kernel/CMakeFiles/kernel.dir/mailbox.c.obj
[veluza:rw] [350/368] Building C object zephyr/kernel/CMakeFiles/kernel.dir/msg_q.c.obj
[veluza:ro] [208/368] Building C object zephyr/lib/libc/minimal/CMakeFiles/lib__libc__minimal.dir/source/stdlib/atoi.c.obj
[veluza:ro] [209/368] Building C object zephyr/lib/libc/minimal/CMakeFiles/lib__libc__minimal.dir/source/stdlib/strtol.c.obj
[veluza:ro] [210/368] Building C object zephyr/lib/libc/minimal/CMakeFiles/lib__libc__minimal.dir/source/stdlib/strtoul.c.obj
[veluza:rw] [351/368] Building C object zephyr/kernel/CMakeFiles/kernel.dir/mutex.c.obj
[matsu_it82000:rw] -- Generated zephyr.dts: /mnt/host/source/src/platform/ec/build/zephyr/matsu_it82000/build-rw/zephyr/zephyr.dts
[veluza:rw] [352/368] Building C object zephyr/kernel/CMakeFiles/kernel.dir/queue.c.obj
[veluza:rw] [353/368] Building C object zephyr/kernel/CMakeFiles/kernel.dir/sem.c.obj
[veluza:ro] [211/368] Building C object zephyr/lib/libc/minimal/CMakeFiles/lib__libc__minimal.dir/source/stdlib/strtoll.c.obj
[veluza:rw] [354/368] Linking C static library modules/ec/zephyr/libec_shim.a
[veluza:rw] [355/368] Building C object zephyr/kernel/CMakeFiles/kernel.dir/stack.c.obj
[veluza:rw] [356/368] Building C object zephyr/kernel/CMakeFiles/kernel.dir/system_work_q.c.obj
[veluza:ro] [212/368] Building C object zephyr/lib/libc/minimal/CMakeFiles/lib__libc__minimal.dir/source/stdlib/strtoull.c.obj
[veluza:ro] [213/368] Building C object zephyr/lib/libc/minimal/CMakeFiles/lib__libc__minimal.dir/source/stdlib/bsearch.c.obj
[veluza:rw] [357/368] Building C object zephyr/kernel/CMakeFiles/kernel.dir/work.c.obj
[veluza:rw] [358/368] Building C object zephyr/kernel/CMakeFiles/kernel.dir/condvar.c.obj
[veluza:ro] [214/368] Building C object zephyr/lib/libc/minimal/CMakeFiles/lib__libc__minimal.dir/source/stdlib/exit.c.obj
[veluza:rw] [359/368] Building C object zephyr/kernel/CMakeFiles/kernel.dir/pipe.c.obj
[veluza:rw] [360/368] Building C object zephyr/kernel/CMakeFiles/kernel.dir/sched.c.obj
[veluza:rw] [361/368] Building C object zephyr/kernel/CMakeFiles/kernel.dir/timeout.c.obj
[rex-ish:singleimage] -- Generated zephyr.dts: /mnt/host/source/src/platform/ec/build/zephyr/rex-ish/build-singleimage/zephyr/zephyr.dts
[rex-ish:singleimage] -- Generated pickled edt: /mnt/host/source/src/platform/ec/build/zephyr/rex-ish/build-singleimage/zephyr/edt.pickle
[veluza:rw] [362/368] Building C object zephyr/kernel/CMakeFiles/kernel.dir/timer.c.obj
[veluza:rw] [363/368] Building C object zephyr/kernel/CMakeFiles/kernel.dir/events.c.obj
[veluza:rw] [364/368] Building C object zephyr/kernel/CMakeFiles/kernel.dir/poll.c.obj
[veluza:rw] [365/368] Building C object zephyr/kernel/CMakeFiles/kernel.dir/thread.c.obj
[veluza:rw] [366/368] Building C object zephyr/kernel/CMakeFiles/kernel.dir/mempool.c.obj
[veluza:rw] [367/368] Building C object zephyr/kernel/CMakeFiles/kernel.dir/dynamic_disabled.c.obj
[starmie:ro] [211/380] Building C object zephyr/arch/arch/riscv/core/CMakeFiles/arch__riscv__core.dir/thread.c.obj
[veluza:ro] [215/368] Building C object zephyr/lib/libc/minimal/CMakeFiles/lib__libc__minimal.dir/source/stdlib/qsort.c.obj
[veluza:ro] [216/368] Building C object zephyr/lib/libc/minimal/CMakeFiles/lib__libc__minimal.dir/source/string/strerror.c.obj
[helipilot:rw] [9/526] Building C object zephyr/CMakeFiles/offsets.dir/arch/arm/core/offsets/offsets.c.obj
[veluza:ro] [217/368] Building C object zephyr/lib/libc/minimal/CMakeFiles/lib__libc__minimal.dir/source/string/strncasecmp.c.obj
[veluza:ro] [218/368] Building C object zephyr/lib/libc/minimal/CMakeFiles/lib__libc__minimal.dir/source/string/strstr.c.obj
[veluza:ro] [219/368] Building C object zephyr/lib/libc/minimal/CMakeFiles/lib__libc__minimal.dir/source/string/string.c.obj
[starmie:ro] [212/380] Building ASM object zephyr/arch/arch/riscv/core/CMakeFiles/arch__riscv__core.dir/switch.S.obj
[veluza:ro] [220/368] Building C object zephyr/lib/libc/minimal/CMakeFiles/lib__libc__minimal.dir/source/string/strspn.c.obj
[veluza:ro] [221/368] Building C object zephyr/lib/libc/minimal/CMakeFiles/lib__libc__minimal.dir/source/stdout/stdout_console.c.obj
[starmie:ro] [213/380] Building C object zephyr/arch/arch/riscv/core/CMakeFiles/arch__riscv__core.dir/pmp.c.obj
[veluza:ro] [222/368] Building C object zephyr/lib/libc/minimal/CMakeFiles/lib__libc__minimal.dir/source/stdout/sprintf.c.obj
[/mnt/host/source/src/platform/ec/build/zephyr/kanix-lcov]   /mnt/host/source/src/platform/ec/build/zephyr/kanix/build-ro/modules/ec/zephyr/CMakeFiles/ec_shim.dir/shim/src/usb_muxes.c.gcno:no functions found
[/mnt/host/source/src/platform/ec/build/zephyr/kanix-lcov] stderr:
[helipilot:rw] [10/526] cd /mnt/host/source/src/platform/ec/build/zephyr/helipilot/build-rw/modules/ec/zephyr && PYTHONPATH=/mnt/host/source/src/platform/ec/build/zephyr/helipilot/modules/ec/zephyr/zmake/ /usr/bin/python3.11 /mnt/host/source/src/platform/ec/build/zephyr/helipilot/modules/ec/zephyr/zmake/zephyr_build_tools/generate_ec_version.py /mnt/host/source/src/platform/ec/build/zephyr/helipilot/build-rw/modules/ec/zephyr/include/ec_version.h --name Zephyr-Kernel --version 16543.0.0 --static
[helipilot:rw] INFO:root:Using a static version string
[starmie:ro] [214/380] Building ASM object zephyr/arch/arch/riscv/core/CMakeFiles/arch__riscv__core.dir/reset.S.obj
[veluza:ro] [223/368] Building C object zephyr/lib/libc/minimal/CMakeFiles/lib__libc__minimal.dir/source/stdout/fprintf.c.obj
[veluza:rw] [368/368] Linking C static library zephyr/kernel/libkernel.a
[starmie:ro] [215/380] Building C object zephyr/arch/arch/riscv/core/CMakeFiles/arch__riscv__core.dir/stacktrace.c.obj
[veluza:ro] [224/368] Building C object zephyr/lib/libc/minimal/CMakeFiles/lib__libc__minimal.dir/source/math/sqrt.c.obj
[veluza:ro] [225/368] Building C object zephyr/lib/libc/minimal/CMakeFiles/lib__libc__minimal.dir/source/math/sqrtf.c.obj
[veluza:ro] [226/368] Building C object zephyr/lib/libc/minimal/CMakeFiles/lib__libc__minimal.dir/source/time/gmtime.c.obj
[veluza:ro] [227/368] Building C object zephyr/lib/libc/common/CMakeFiles/lib__libc__common.dir/source/stdlib/abort.c.obj
[veluza:ro] [228/368] Building C object zephyr/lib/libc/common/CMakeFiles/lib__libc__common.dir/source/time/asctime.c.obj
[/mnt/host/source/src/platform/ec/build/zephyr/kanix-lcov]   /mnt/host/source/src/platform/ec/build/zephyr/kanix/build-ro/modules/ec/zephyr/CMakeFiles/ec_shim.dir/shim/src/bb_retimer_usb_mux.c.gcno:no functions found
[/mnt/host/source/src/platform/ec/build/zephyr/kanix-lcov] stderr:
[helipilot:rw] INFO:root:Version string: Zephyr-Kernel-16543.0.0
[helipilot:rw] INFO:root:Writing header to /mnt/host/source/src/platform/ec/build/zephyr/helipilot/build-rw/modules/ec/zephyr/include/ec_version.h
[helipilot:rw] [11/526] Generating include/generated/zephyr/offsets.h
[veluza:ro] [229/368] Building C object zephyr/lib/libc/common/CMakeFiles/lib__libc__common.dir/source/time/gmtime_r.c.obj
[veluza:ro] [230/368] Building C object zephyr/lib/libc/common/CMakeFiles/lib__libc__common.dir/source/time/localtime_r_utc.c.obj
[veluza:ro] [231/368] Linking C static library zephyr/lib/libc/minimal/liblib__libc__minimal.a
[veluza:ro] [232/368] Building C object zephyr/lib/libc/common/CMakeFiles/lib__libc__common.dir/source/time/time.c.obj
[starmie:ro] [216/380] Generating ../../../include/generated/libc/minimal/strerror_table.h
[starmie:ro] [217/380] Building C object zephyr/lib/libc/minimal/CMakeFiles/lib__libc__minimal.dir/source/stdlib/atoi.c.obj
[veluza:ro] [233/368] Building C object zephyr/lib/libc/common/CMakeFiles/lib__libc__common.dir/source/time/ctime.c.obj
[starmie:ro] [218/380] Building C object zephyr/lib/libc/minimal/CMakeFiles/lib__libc__minimal.dir/source/stdlib/strtol.c.obj
[starmie:ro] [219/380] Building C object zephyr/lib/libc/minimal/CMakeFiles/lib__libc__minimal.dir/source/stdlib/strtoul.c.obj
[veluza:ro] [234/368] Building C object zephyr/lib/libc/common/CMakeFiles/lib__libc__common.dir/source/stdlib/malloc.c.obj
[veluza:ro] [235/368] Building C object zephyr/lib/libc/common/CMakeFiles/lib__libc__common.dir/source/string/strnlen.c.obj
[veluza:ro] [236/368] Building C object zephyr/lib/posix/c_lib_ext/CMakeFiles/lib__posix__c_lib_ext.dir/fnmatch.c.obj
[starmie:ro] [220/380] Building C object zephyr/lib/libc/minimal/CMakeFiles/lib__libc__minimal.dir/source/stdlib/strtoll.c.obj
[rex-ish:singleimage] -- Generated devicetree_generated.h: /mnt/host/source/src/platform/ec/build/zephyr/rex-ish/build-singleimage/zephyr/include/generated/zephyr/devicetree_generated.h
[starmie:ro] [221/380] Building C object zephyr/lib/libc/minimal/CMakeFiles/lib__libc__minimal.dir/source/stdlib/strtoull.c.obj
[veluza:ro] [237/368] Building C object zephyr/lib/posix/c_lib_ext/CMakeFiles/lib__posix__c_lib_ext.dir/getentropy.c.obj
[starmie:ro] [222/380] Building C object zephyr/lib/libc/minimal/CMakeFiles/lib__libc__minimal.dir/source/stdlib/bsearch.c.obj
[veluza:ro] [238/368] Building C object zephyr/lib/posix/c_lib_ext/CMakeFiles/lib__posix__c_lib_ext.dir/getopt_shim.c.obj
[starmie:ro] [223/380] Building C object zephyr/lib/libc/minimal/CMakeFiles/lib__libc__minimal.dir/source/stdlib/exit.c.obj
[starmie:ro] [224/380] Building C object zephyr/lib/libc/minimal/CMakeFiles/lib__libc__minimal.dir/source/stdlib/qsort.c.obj
[veluza:ro] [239/368] Linking C static library zephyr/lib/libc/common/liblib__libc__common.a
[veluza:ro] [240/368] Linking C static library zephyr/lib/posix/c_lib_ext/liblib__posix__c_lib_ext.a
[starmie:ro] [225/380] Building C object zephyr/lib/libc/minimal/CMakeFiles/lib__libc__minimal.dir/source/string/strerror.c.obj
[starmie:ro] [226/380] Building C object zephyr/lib/libc/minimal/CMakeFiles/lib__libc__minimal.dir/source/string/strncasecmp.c.obj
[veluza:ro] [241/368] Building C object zephyr/subsys/crc/CMakeFiles/subsys__crc.dir/crc4_sw.c.obj
[veluza:ro] [242/368] Building C object zephyr/subsys/crc/CMakeFiles/subsys__crc.dir/crc8_sw.c.obj
[veluza:ro] [243/368] Building C object zephyr/subsys/crc/CMakeFiles/subsys__crc.dir/crc7_sw.c.obj
[starmie:ro] [227/380] Building C object zephyr/lib/libc/minimal/CMakeFiles/lib__libc__minimal.dir/source/string/strstr.c.obj
[starmie:ro] [228/380] Building C object zephyr/lib/libc/minimal/CMakeFiles/lib__libc__minimal.dir/source/string/string.c.obj
[veluza:ro] [244/368] Building C object zephyr/subsys/crc/CMakeFiles/subsys__crc.dir/crc16_sw.c.obj
[veluza:ro] [245/368] Building C object zephyr/subsys/crc/CMakeFiles/subsys__crc.dir/crc24_sw.c.obj
[starmie:ro] [229/380] Building C object zephyr/lib/libc/minimal/CMakeFiles/lib__libc__minimal.dir/source/string/strspn.c.obj
[veluza:ro] [246/368] Building C object zephyr/subsys/crc/CMakeFiles/subsys__crc.dir/crc32c_sw.c.obj
[starmie:ro] [230/380] Building C object zephyr/lib/libc/minimal/CMakeFiles/lib__libc__minimal.dir/source/stdout/stdout_console.c.obj
[veluza:ro] [247/368] Building C object zephyr/subsys/crc/CMakeFiles/subsys__crc.dir/crc32_sw.c.obj
[veluza:ro] [248/368] Building C object zephyr/subsys/crc/CMakeFiles/subsys__crc.dir/crc32k_4_2_sw.c.obj
[starmie:ro] [231/380] Building C object zephyr/lib/libc/minimal/CMakeFiles/lib__libc__minimal.dir/source/stdout/sprintf.c.obj
[starmie:ro] [232/380] Building C object zephyr/lib/libc/minimal/CMakeFiles/lib__libc__minimal.dir/source/stdout/fprintf.c.obj
[veluza:ro] [249/368] Building C object zephyr/drivers/interrupt_controller/CMakeFiles/drivers__interrupt_controller.dir/intc_ite_it8xxx2.c.obj
[starmie:ro] [233/380] Building C object zephyr/lib/libc/minimal/CMakeFiles/lib__libc__minimal.dir/source/math/sqrtf.c.obj
[starmie:ro] [234/380] Building C object zephyr/lib/libc/minimal/CMakeFiles/lib__libc__minimal.dir/source/math/sqrt.c.obj
[veluza:ro] [250/368] Building C object zephyr/drivers/interrupt_controller/CMakeFiles/drivers__interrupt_controller.dir/wuc_ite_it8xxx2.c.obj
[starmie:ro] [235/380] Building C object zephyr/lib/libc/minimal/CMakeFiles/lib__libc__minimal.dir/source/time/gmtime.c.obj
[veluza:ro] [251/368] Linking C static library zephyr/subsys/crc/libsubsys__crc.a
[veluza:ro] [252/368] Building ASM object zephyr/arch/arch/riscv/core/CMakeFiles/arch__riscv__core.dir/isr.S.obj
[veluza:ro] [253/368] Building C object zephyr/drivers/adc/CMakeFiles/drivers__adc.dir/adc_common.c.obj
[veluza:ro] [254/368] Linking C static library zephyr/drivers/interrupt_controller/libdrivers__interrupt_controller.a
[veluza:ro] [255/368] Building C object zephyr/drivers/adc/CMakeFiles/drivers__adc.dir/adc_ite_it8xxx2.c.obj
[veluza:ro] [256/368] Building C object zephyr/drivers/bbram/CMakeFiles/drivers__bbram.dir/bbram_it8xxx2.c.obj
[veluza:ro] [257/368] Linking C static library zephyr/arch/arch/riscv/core/libarch__riscv__core.a
[/mnt/host/source/src/platform/ec/build/zephyr/ite-aic-rtk-pdc-lcov]   /mnt/host/source/src/platform/ec/build/zephyr/ite-aic-rtk-pdc/build-rw/zephyr/CMakeFiles/zephyr.dir/subsys/shell/modules/kernel_service/kernel_shell.c.gcno:no functions found
[veluza:ro] [258/368] Building C object zephyr/drivers/console/CMakeFiles/drivers__console.dir/uart_console.c.obj
[/mnt/host/source/src/platform/ec/build/zephyr/ite-aic-rtk-pdc-lcov] stderr:
[veluza:ro] [259/368] Linking C static library zephyr/drivers/adc/libdrivers__adc.a
[veluza:ro] [260/368] Linking C static library zephyr/drivers/bbram/libdrivers__bbram.a
[starmie:ro] [236/380] Linking C static library zephyr/lib/libc/minimal/liblib__libc__minimal.a
[veluza:ro] [261/368] Building C object zephyr/drivers/eeprom/CMakeFiles/drivers__eeprom.dir/eeprom_shell.c.obj
[veluza:ro] [262/368] Building C object zephyr/drivers/eeprom/CMakeFiles/drivers__eeprom.dir/eeprom_at2x.c.obj
[starmie:ro] [237/380] Building C object zephyr/lib/libc/common/CMakeFiles/lib__libc__common.dir/source/stdlib/abort.c.obj
[veluza:ro] [263/368] Building C object zephyr/drivers/flash/CMakeFiles/drivers__flash.dir/flash_ite_it8xxx2.c.obj
[matsu_it82000:rw] -- Generated pickled edt: /mnt/host/source/src/platform/ec/build/zephyr/matsu_it82000/build-rw/zephyr/edt.pickle
[matsu_it82000:rw] -- Generated devicetree_generated.h: /mnt/host/source/src/platform/ec/build/zephyr/matsu_it82000/build-rw/zephyr/include/generated/zephyr/devicetree_generated.h
[veluza:ro] [264/368] Linking C static library zephyr/drivers/console/libdrivers__console.a
[starmie:ro] [238/380] Building C object zephyr/lib/libc/common/CMakeFiles/lib__libc__common.dir/source/time/asctime.c.obj
[veluza:ro] [265/368] Building C object zephyr/drivers/gpio/CMakeFiles/drivers__gpio.dir/gpio_ite_it8xxx2.c.obj
[veluza:ro] [266/368] Building C object zephyr/drivers/gpio/CMakeFiles/drivers__gpio.dir/gpio_kscan_ite_it8xxx2.c.obj
[starmie:ro] [239/380] Building C object zephyr/lib/libc/common/CMakeFiles/lib__libc__common.dir/source/time/gmtime_r.c.obj
[/mnt/host/source/src/platform/ec/build/zephyr/kanix-lcov]   /mnt/host/source/src/platform/ec/build/zephyr/kanix/build-ro/modules/ec/zephyr/CMakeFiles/ec_shim.dir/shim/src/usba.c.gcno:no functions found
[/mnt/host/source/src/platform/ec/build/zephyr/kanix-lcov] stderr:
[veluza:ro] [267/368] Linking C static library zephyr/drivers/eeprom/libdrivers__eeprom.a
[starmie:ro] [240/380] Building ASM object zephyr/arch/arch/riscv/core/CMakeFiles/arch__riscv__core.dir/isr.S.obj
[starmie:ro] [241/380] Building C object zephyr/lib/libc/common/CMakeFiles/lib__libc__common.dir/source/time/localtime_r_utc.c.obj
[starmie:ro] [242/380] Building C object zephyr/lib/libc/common/CMakeFiles/lib__libc__common.dir/source/time/ctime.c.obj
[starmie:ro] [243/380] Building C object zephyr/lib/libc/common/CMakeFiles/lib__libc__common.dir/source/time/time.c.obj
[veluza:ro] [268/368] Linking C static library zephyr/drivers/flash/libdrivers__flash.a
[starmie:ro] [244/380] Building C object zephyr/lib/libc/common/CMakeFiles/lib__libc__common.dir/source/stdlib/malloc.c.obj
[starmie:ro] [245/380] Building C object zephyr/lib/libc/common/CMakeFiles/lib__libc__common.dir/source/string/strnlen.c.obj
[veluza:ro] [269/368] Building C object zephyr/drivers/i2c/CMakeFiles/drivers__i2c.dir/i2c_bitbang.c.obj
[veluza:ro] [270/368] Building C object zephyr/drivers/i2c/CMakeFiles/drivers__i2c.dir/i2c_common.c.obj
[starmie:ro] [246/380] Building C object zephyr/lib/posix/c_lib_ext/CMakeFiles/lib__posix__c_lib_ext.dir/fnmatch.c.obj
[/mnt/host/source/src/platform/ec/build/zephyr/kanix-lcov]   /mnt/host/source/src/platform/ec/build/zephyr/kanix/build-ro/modules/ec/zephyr/CMakeFiles/ec_shim.dir/shim/src/kb8010_usb_mux.c.gcno:no functions found
[/mnt/host/source/src/platform/ec/build/zephyr/kanix-lcov] stderr:
[starmie:ro] [247/380] Building C object zephyr/lib/posix/c_lib_ext/CMakeFiles/lib__posix__c_lib_ext.dir/getentropy.c.obj
[veluza:ro] [271/368] Linking C static library zephyr/drivers/gpio/libdrivers__gpio.a
[veluza:ro] [272/368] Building C object zephyr/drivers/i2c/CMakeFiles/drivers__i2c.dir/i2c_shell.c.obj
[veluza:ro] [273/368] Building C object zephyr/drivers/i2c/CMakeFiles/drivers__i2c.dir/i2c_ite_enhance.c.obj
[starmie:ro] [248/380] Building C object zephyr/lib/posix/c_lib_ext/CMakeFiles/lib__posix__c_lib_ext.dir/getopt_shim.c.obj
[veluza:ro] [274/368] Building C object zephyr/drivers/i2c/CMakeFiles/drivers__i2c.dir/i2c_ite_it8xxx2.c.obj
[veluza:ro] [275/368] Building C object zephyr/drivers/pinctrl/CMakeFiles/drivers__pinctrl.dir/pinctrl_ite_it8xxx2.c.obj
[veluza:ro] [276/368] Building C object zephyr/drivers/pinctrl/CMakeFiles/drivers__pinctrl.dir/common.c.obj
[veluza:ro] [277/368] Building C object zephyr/drivers/pwm/CMakeFiles/drivers__pwm.dir/pwm_shell.c.obj
[starmie:ro] [249/380] Building ASM object zephyr/arch/arch/riscv/core/CMakeFiles/arch__riscv__core.dir/pmp.S.obj
[veluza:ro] [278/368] Building C object zephyr/drivers/pwm/CMakeFiles/drivers__pwm.dir/pwm_ite_it8xxx2.c.obj
[rex-ish-ec:rw] -- Found Dtc: /usr/bin/dtc (found suitable version "1.6.0", minimum required is "1.4.6")
[rex-ish-ec:rw] -- Found BOARD.dts: /mnt/host/source/src/platform/ec/zephyr/boards/google/npcx9/npcx9_npcx9m7f.dts
[rex-ish-ec:rw] -- Found devicetree overlay: /mnt/host/source/src/platform/ec/zephyr/program/rex/rex-ish-ec/project.overlay
[starmie:ro] [250/380] Linking C static library zephyr/lib/libc/common/liblib__libc__common.a
[veluza:ro] [279/368] Linking C static library zephyr/drivers/i2c/libdrivers__i2c.a
[veluza:ro] [280/368] Linking C static library zephyr/drivers/pinctrl/libdrivers__pinctrl.a
[starmie:ro] [251/380] Building C object zephyr/subsys/crc/CMakeFiles/subsys__crc.dir/crc4_sw.c.obj
[veluza:ro] [281/368] Linking C static library zephyr/drivers/pwm/libdrivers__pwm.a
[starmie:ro] [252/380] Building C object zephyr/subsys/crc/CMakeFiles/subsys__crc.dir/crc8_sw.c.obj
[starmie:ro] [253/380] Linking C static library zephyr/lib/posix/c_lib_ext/liblib__posix__c_lib_ext.a
[veluza:ro] [282/368] Building C object zephyr/drivers/serial/CMakeFiles/drivers__serial.dir/uart_ite_it8xxx2.c.obj
[veluza:ro] [283/368] Building C object zephyr/drivers/serial/CMakeFiles/drivers__serial.dir/uart_ns16550.c.obj
[starmie:ro] [254/380] Linking C static library zephyr/arch/arch/riscv/core/libarch__riscv__core.a
[starmie:ro] [255/380] Building C object zephyr/subsys/crc/CMakeFiles/subsys__crc.dir/crc16_sw.c.obj
[starmie:ro] [256/380] Building C object zephyr/subsys/crc/CMakeFiles/subsys__crc.dir/crc24_sw.c.obj
[starmie:ro] [257/380] Building C object zephyr/subsys/crc/CMakeFiles/subsys__crc.dir/crc32c_sw.c.obj
[veluza:ro] [284/368] Building C object zephyr/drivers/timer/CMakeFiles/drivers__timer.dir/sys_clock_init.c.obj
[veluza:ro] [285/368] Building C object zephyr/drivers/timer/CMakeFiles/drivers__timer.dir/ite_it8xxx2_timer.c.obj
[starmie:ro] [258/380] Building C object zephyr/subsys/crc/CMakeFiles/subsys__crc.dir/crc32k_4_2_sw.c.obj
[starmie:ro] [259/380] Building C object zephyr/subsys/crc/CMakeFiles/subsys__crc.dir/crc7_sw.c.obj
[veluza:ro] [286/368] Building C object zephyr/drivers/watchdog/CMakeFiles/drivers__watchdog.dir/wdt_ite_it8xxx2.c.obj
[starmie:ro] [260/380] Building C object zephyr/subsys/crc/CMakeFiles/subsys__crc.dir/crc32_sw.c.obj
[veluza:ro] [287/368] Building C object zephyr/drivers/watchdog/CMakeFiles/drivers__watchdog.dir/wdt_shell.c.obj
[veluza:ro] [288/368] Linking C static library zephyr/drivers/timer/libdrivers__timer.a
[starmie:ro] [261/380] Building C object zephyr/drivers/interrupt_controller/CMakeFiles/drivers__interrupt_controller.dir/intc_ite_it8xxx2.c.obj
[veluza:ro] [289/368] Building C object modules/ec/zephyr/CMakeFiles/ec_shim.dir/app/ec/ec_app_main.c.obj
[veluza:ro] [290/368] Linking C static library zephyr/drivers/serial/libdrivers__serial.a
[helipilot:rw] [12/526] Building C object CMakeFiles/app.dir/mnt/host/source/src/platform/ec/zephyr/subsys/ap_pwrseq/ap_events.c.obj
[starmie:ro] [262/380] Building C object zephyr/drivers/interrupt_controller/CMakeFiles/drivers__interrupt_controller.dir/wuc_ite_it8xxx2.c.obj
[veluza:ro] [291/368] Building C object modules/ec/zephyr/CMakeFiles/ec_shim.dir/app/ec/main_shim.c.obj
[starmie:ro] [263/380] Building C object zephyr/drivers/adc/CMakeFiles/drivers__adc.dir/adc_common.c.obj
[veluza:ro] [292/368] Linking C static library zephyr/drivers/watchdog/libdrivers__watchdog.a
[veluza:ro] [293/368] Building C object modules/ec/zephyr/CMakeFiles/ec_shim.dir/drivers/cros_flash/cros_flash_it8xxx2.c.obj
[starmie:ro] [264/380] Linking C static library zephyr/subsys/crc/libsubsys__crc.a
[veluza:ro] [294/368] Building C object modules/ec/zephyr/CMakeFiles/ec_shim.dir/drivers/cros_kb_raw/cros_kb_raw_ite.c.obj
[starmie:ro] [265/380] Building C object zephyr/drivers/adc/CMakeFiles/drivers__adc.dir/adc_ite_it8xxx2.c.obj
[veluza:ro] [295/368] Building C object modules/ec/zephyr/CMakeFiles/ec_shim.dir/drivers/cros_system/cros_system_it8xxx2.c.obj
[veluza:ro] [296/368] Building C object modules/ec/zephyr/CMakeFiles/ec_shim.dir/drivers/cros_shi/cros_shi_it8xxx2.c.obj
[starmie:ro] [266/380] Building C object zephyr/drivers/bbram/CMakeFiles/drivers__bbram.dir/bbram_it8xxx2.c.obj
[veluza:ro] [297/368] Building C object modules/ec/zephyr/CMakeFiles/ec_shim.dir/shim/chip/it8xxx2/clock.c.obj
[/mnt/host/source/src/platform/ec/build/zephyr/ite-aic-rtk-pdc-lcov]   /mnt/host/source/src/platform/ec/build/zephyr/ite-aic-rtk-pdc/build-rw/zephyr/CMakeFiles/zephyr.dir/lib/libc/validate_libc.c.gcno:no functions found
[/mnt/host/source/src/platform/ec/build/zephyr/ite-aic-rtk-pdc-lcov] stderr:
[veluza:ro] [298/368] Building C object modules/ec/zephyr/CMakeFiles/ec_shim.dir/shim/chip/it8xxx2/gpio.c.obj
[veluza:ro] [299/368] Building C object modules/ec/zephyr/CMakeFiles/ec_shim.dir/shim/chip/it8xxx2/power_policy.c.obj
[veluza:ro] [300/368] Building C object modules/ec/zephyr/CMakeFiles/ec_shim.dir/shim/chip/it8xxx2/keyboard_raw.c.obj
[starmie:ro] [267/380] Linking C static library zephyr/drivers/interrupt_controller/libdrivers__interrupt_controller.a
[veluza:ro] [301/368] Building C object modules/ec/zephyr/CMakeFiles/ec_shim.dir/shim/chip/it8xxx2/system.c.obj
[veluza:ro] [302/368] Building C object modules/ec/zephyr/CMakeFiles/ec_shim.dir/shim/chip/it8xxx2/shi.c.obj
[starmie:ro] [268/380] Building C object zephyr/drivers/console/CMakeFiles/drivers__console.dir/uart_console.c.obj
[veluza:ro] [303/368] Building C object modules/ec/zephyr/CMakeFiles/ec_shim.dir/shim/src/console.c.obj
[veluza:ro] [304/368] Building C object modules/ec/zephyr/CMakeFiles/ec_shim.dir/shim/src/crc.c.obj
[helipilot:rw] [13/526] Building C object modules/ec/third_party/boringssl/build/CMakeFiles/crypto.dir/crypto/asn1/a_bitstr.c.obj
[starmie:ro] [269/380] Linking C static library zephyr/drivers/adc/libdrivers__adc.a
[veluza:ro] [305/368] Building C object modules/ec/zephyr/CMakeFiles/ec_shim.dir/shim/src/gpio_int.c.obj
[veluza:ro] [306/368] Building C object modules/ec/zephyr/CMakeFiles/ec_shim.dir/shim/src/panic_utils.c.obj
[starmie:ro] [270/380] Building C object zephyr/drivers/eeprom/CMakeFiles/drivers__eeprom.dir/eeprom_shell.c.obj
[veluza:ro] [307/368] Building C object modules/ec/zephyr/CMakeFiles/ec_shim.dir/shim/src/gpio.c.obj
[starmie:ro] [271/380] Linking C static library zephyr/drivers/bbram/libdrivers__bbram.a
[veluza:ro] [308/368] Building C object modules/ec/zephyr/CMakeFiles/ec_shim.dir/shim/src/cbi/cros_cbi.c.obj
[veluza:ro] [309/368] Building C object modules/ec/zephyr/CMakeFiles/ec_shim.dir/shim/src/pm_state.c.obj
[starmie:ro] [272/380] Building C object zephyr/drivers/eeprom/CMakeFiles/drivers__eeprom.dir/eeprom_at2x.c.obj
[veluza:ro] [310/368] Building C object modules/ec/zephyr/CMakeFiles/ec_shim.dir/shim/src/cbi/cros_cbi_ssfc.c.obj
[veluza:ro] [311/368] Building C object modules/ec/zephyr/CMakeFiles/ec_shim.dir/shim/src/cbi/cros_cbi_fw_config.c.obj
[starmie:ro] [273/380] Building C object zephyr/drivers/flash/CMakeFiles/drivers__flash.dir/flash_ite_it8xxx2.c.obj
[starmie:ro] [274/380] Linking C static library zephyr/drivers/console/libdrivers__console.a
[veluza:ro] [312/368] Building C object modules/ec/zephyr/CMakeFiles/ec_shim.dir/shim/src/cbi/cbi_eeprom.c.obj
[veluza:ro] [313/368] Building C object modules/ec/zephyr/CMakeFiles/ec_shim.dir/shim/src/system.c.obj
[veluza:ro] [314/368] Building C object modules/ec/zephyr/CMakeFiles/ec_shim.dir/shim/src/adc.c.obj
[starmie:ro] [275/380] Building C object zephyr/drivers/gpio/CMakeFiles/drivers__gpio.dir/gpio_ite_it8xxx2.c.obj
[veluza:ro] [315/368] Building C object modules/ec/zephyr/CMakeFiles/ec_shim.dir/shim/src/battery.c.obj
[veluza:ro] [316/368] Building C object modules/ec/zephyr/CMakeFiles/ec_shim.dir/shim/src/chg_rt9490.c.obj
[veluza:ro] [317/368] Building C object modules/ec/zephyr/CMakeFiles/ec_shim.dir/shim/src/flash.c.obj
[starmie:ro] [276/380] Building C object zephyr/drivers/gpio/CMakeFiles/drivers__gpio.dir/gpio_kscan_ite_it8xxx2.c.obj
[veluza:ro] [318/368] Building C object modules/ec/zephyr/CMakeFiles/ec_shim.dir/shim/src/charger.c.obj
[veluza:ro] [319/368] Building C object modules/ec/zephyr/CMakeFiles/ec_shim.dir/shim/src/hooks.c.obj
[veluza:ro] [320/368] Building C object modules/ec/zephyr/CMakeFiles/ec_shim.dir/shim/src/console_buffer.c.obj
[veluza:ro] [321/368] Building C object modules/ec/zephyr/CMakeFiles/ec_shim.dir/shim/src/host_command.c.obj
[starmie:ro] [277/380] Linking C static library zephyr/drivers/eeprom/libdrivers__eeprom.a
[veluza:ro] [322/368] Building C object modules/ec/zephyr/CMakeFiles/ec_shim.dir/shim/src/keyboard_raw.c.obj
[veluza:ro] [323/368] Building C object modules/ec/zephyr/CMakeFiles/ec_shim.dir/shim/src/keyscan.c.obj
[veluza:ro] [324/368] Building C object modules/ec/zephyr/CMakeFiles/ec_shim.dir/shim/src/mkbp_event.c.obj
[veluza:ro] [325/368] Building C object modules/ec/zephyr/CMakeFiles/ec_shim.dir/shim/src/motionsense_sensors.c.obj
[veluza:ro] [326/368] Building C object modules/ec/zephyr/CMakeFiles/ec_shim.dir/shim/src/panic.c.obj
[starmie:ro] [278/380] Building C object zephyr/drivers/i2c/CMakeFiles/drivers__i2c.dir/i2c_common.c.obj
[veluza:ro] [327/368] Building C object modules/ec/zephyr/CMakeFiles/ec_shim.dir/shim/src/power.c.obj
[starmie:ro] [279/380] Linking C static library zephyr/drivers/flash/libdrivers__flash.a
[starmie:ro] [280/380] Building C object zephyr/drivers/i2c/CMakeFiles/drivers__i2c.dir/i2c_bitbang.c.obj
[veluza:ro] [328/368] Building C object modules/ec/zephyr/CMakeFiles/ec_shim.dir/shim/src/temp_sensors.c.obj
[veluza:ro] [329/368] Building C object modules/ec/zephyr/CMakeFiles/ec_shim.dir/shim/src/thermal.c.obj
[starmie:ro] [281/380] Building C object zephyr/drivers/i2c/CMakeFiles/drivers__i2c.dir/i2c_ite_enhance.c.obj
[veluza:ro] [330/368] Building C object modules/ec/zephyr/CMakeFiles/ec_shim.dir/shim/src/hwtimer.c.obj
[veluza:ro] [331/368] Building C object modules/ec/zephyr/CMakeFiles/ec_shim.dir/shim/src/i2c.c.obj
[veluza:ro] [332/368] Building C object modules/ec/zephyr/CMakeFiles/ec_shim.dir/shim/src/tasks.c.obj
[veluza:ro] [333/368] Building C object modules/ec/zephyr/CMakeFiles/ec_shim.dir/shim/src/watchdog.c.obj
[veluza:ro] [334/368] Building C object modules/ec/zephyr/CMakeFiles/ec_shim.dir/shim/src/ppc.c.obj
[veluza:ro] [335/368] Building C object modules/ec/zephyr/CMakeFiles/ec_shim.dir/shim/src/usba.c.obj
[starmie:ro] [282/380] Linking C static library zephyr/drivers/gpio/libdrivers__gpio.a
[starmie:ro] [283/380] Building C object zephyr/drivers/i2c/CMakeFiles/drivers__i2c.dir/i2c_ite_it8xxx2.c.obj
[starmie:ro] [284/380] Building C object zephyr/drivers/pinctrl/CMakeFiles/drivers__pinctrl.dir/common.c.obj
[starmie:ro] [285/380] Building C object zephyr/drivers/pinctrl/CMakeFiles/drivers__pinctrl.dir/pinctrl_ite_it8xxx2.c.obj
[starmie:ro] [286/380] Building C object zephyr/drivers/pwm/CMakeFiles/drivers__pwm.dir/pwm_shell.c.obj
[veluza:ro] [336/368] Building C object modules/ec/zephyr/CMakeFiles/ec_shim.dir/shim/src/usb_muxes.c.obj
[starmie:ro] [287/380] Building C object zephyr/drivers/i2c/CMakeFiles/drivers__i2c.dir/i2c_shell.c.obj
[veluza:ro] [337/368] Building C object zephyr/kernel/CMakeFiles/kernel.dir/banner.c.obj
[starmie:ro] [288/380] Building C object zephyr/drivers/pwm/CMakeFiles/drivers__pwm.dir/pwm_ite_it8xxx2.c.obj
[veluza:ro] [338/368] Building C object zephyr/kernel/CMakeFiles/kernel.dir/main_weak.c.obj
[veluza:ro] [339/368] Building C object zephyr/kernel/CMakeFiles/kernel.dir/busy_wait.c.obj
[veluza:ro] [340/368] Building C object zephyr/kernel/CMakeFiles/kernel.dir/device.c.obj
[/mnt/host/source/src/platform/ec/build/zephyr/domika-lcov]   /mnt/host/source/src/platform/ec/build/zephyr/domika/build-rw/zephyr/drivers/sensor/CMakeFiles/drivers__sensor.dir/mnt/host/source/src/third_party/zephyr/main/misc/empty_file.c.gcno:no functions found
[veluza:ro] [341/368] Building C object zephyr/kernel/CMakeFiles/kernel.dir/errno.c.obj
[/mnt/host/source/src/platform/ec/build/zephyr/domika-lcov] Filter suppressions 'region':
[veluza:ro] [342/368] Building C object zephyr/kernel/CMakeFiles/kernel.dir/fatal.c.obj
[starmie:ro] [289/380] Linking C static library zephyr/drivers/pinctrl/libdrivers__pinctrl.a
[veluza:ro] [343/368] Building C object zephyr/kernel/CMakeFiles/kernel.dir/kheap.c.obj
[veluza:ro] [344/368] Building C object zephyr/kernel/CMakeFiles/kernel.dir/init.c.obj
[starmie:ro] [290/380] Building C object zephyr/drivers/serial/CMakeFiles/drivers__serial.dir/uart_ite_it8xxx2.c.obj
[veluza:ro] [345/368] Building C object zephyr/kernel/CMakeFiles/kernel.dir/mem_slab.c.obj
[starmie:ro] [291/380] Linking C static library zephyr/drivers/pwm/libdrivers__pwm.a
[veluza:ro] [346/368] Building C object zephyr/kernel/CMakeFiles/kernel.dir/float.c.obj
[starmie:ro] [292/380] Building C object zephyr/drivers/serial/CMakeFiles/drivers__serial.dir/uart_ns16550.c.obj
[starmie:ro] [293/380] Building C object zephyr/drivers/timer/CMakeFiles/drivers__timer.dir/sys_clock_init.c.obj
[starmie:ro] [294/380] Linking C static library zephyr/drivers/i2c/libdrivers__i2c.a
[veluza:ro] [347/368] Building C object zephyr/kernel/CMakeFiles/kernel.dir/version.c.obj
[veluza:ro] [348/368] Building C object zephyr/kernel/CMakeFiles/kernel.dir/mailbox.c.obj
[starmie:ro] [295/380] Building C object zephyr/drivers/timer/CMakeFiles/drivers__timer.dir/ite_it8xxx2_timer.c.obj
[veluza:ro] [349/368] Linking C static library modules/ec/zephyr/libec_shim.a
[veluza:ro] [350/368] Building C object zephyr/kernel/CMakeFiles/kernel.dir/idle.c.obj
[veluza:ro] [351/368] Building C object zephyr/kernel/CMakeFiles/kernel.dir/mutex.c.obj
[veluza:ro] [352/368] Building C object zephyr/kernel/CMakeFiles/kernel.dir/msg_q.c.obj
[starmie:ro] [296/380] Building C object zephyr/drivers/watchdog/CMakeFiles/drivers__watchdog.dir/wdt_ite_it8xxx2.c.obj
[/mnt/host/source/src/platform/ec/build/zephyr/domika-lcov]     39 instances
[/mnt/host/source/src/platform/ec/build/zephyr/domika-lcov]     34 coverpoints
[/mnt/host/source/src/platform/ec/build/zephyr/domika-lcov] Message summary:
[/mnt/host/source/src/platform/ec/build/zephyr/domika-lcov]   27 ignore messages:
[/mnt/host/source/src/platform/ec/build/zephyr/domika-lcov]     gcov: 27
[veluza:ro] [353/368] Building C object zephyr/kernel/CMakeFiles/kernel.dir/queue.c.obj
[veluza:ro] [354/368] Building C object zephyr/kernel/CMakeFiles/kernel.dir/sem.c.obj
[starmie:ro] [297/380] Building C object zephyr/drivers/watchdog/CMakeFiles/drivers__watchdog.dir/wdt_shell.c.obj
[veluza:ro] [355/368] Building C object zephyr/kernel/CMakeFiles/kernel.dir/stack.c.obj
[veluza:ro] [356/368] Building C object zephyr/kernel/CMakeFiles/kernel.dir/system_work_q.c.obj
[veluza:ro] [357/368] Building C object zephyr/kernel/CMakeFiles/kernel.dir/work.c.obj
[starmie:ro] [298/380] Linking C static library zephyr/drivers/serial/libdrivers__serial.a
[veluza:ro] [358/368] Building C object zephyr/kernel/CMakeFiles/kernel.dir/condvar.c.obj
[veluza:ro] [359/368] Building C object zephyr/kernel/CMakeFiles/kernel.dir/thread.c.obj
[starmie:ro] [299/380] Building C object modules/ec/zephyr/CMakeFiles/ec_shim.dir/app/ec/ec_app_main.c.obj
[veluza:ro] [360/368] Building C object zephyr/kernel/CMakeFiles/kernel.dir/sched.c.obj
[veluza:ro] [361/368] Building C object zephyr/kernel/CMakeFiles/kernel.dir/pipe.c.obj
[veluza:ro] [362/368] Building C object zephyr/kernel/CMakeFiles/kernel.dir/timeout.c.obj
[starmie:ro] [300/380] Building C object modules/ec/zephyr/CMakeFiles/ec_shim.dir/app/ec/main_shim.c.obj
[veluza:ro] [363/368] Building C object zephyr/kernel/CMakeFiles/kernel.dir/timer.c.obj
[veluza:ro] [364/368] Building C object zephyr/kernel/CMakeFiles/kernel.dir/poll.c.obj
[veluza:ro] [365/368] Building C object zephyr/kernel/CMakeFiles/kernel.dir/events.c.obj
[veluza:ro] [366/368] Building C object zephyr/kernel/CMakeFiles/kernel.dir/dynamic_disabled.c.obj
[pujjoga:rw] Configuring.
Running `env -i PYTHONPATH=/usr/lib64/python-exec/python3.11:/mnt/host/source/src/platform/ec/zephyr/zmake:/usr/lib/python311.zip:/usr/lib/python3.11:/usr/lib/python3.11/lib-dynload:/usr/lib/python3.11/site-packages PW_PIGWEED_CIPD_INSTALL_DIR=/usr CROSTC_USER_ACKNOWLEDGES_THAT_RISCV_IS_EXPERIMENTAL=1 PATH=/mnt/host/source/chromite/bin:/usr/local/bin:/usr/bin:/bin:/opt/bin:/mnt/host/source/chromite/sdk/bin:/mnt/host/source/chromite/bin HOME=/home/jpmurphy JAVA_HOME=/etc/java-config-2/current-system-vm JDK_HOME=/etc/java-config-2/current-system-vm JAVAC=/etc/java-config-2/current-system-vm/bin/javac MAKEFLAGS=' -j16 --jobserver-auth=5,6' /usr/bin/cmake -S /mnt/host/source/src/platform/ec/zephyr/program/nissa -B /mnt/host/source/src/platform/ec/build/zephyr/pujjoga/build-rw -GNinja -DCMAKE_EXPORT_COMPILE_COMMANDS=ON -DZEPHYR_BASE=/mnt/host/source/src/third_party/zephyr/main -DZMAKE_INCLUDE_DIR=/mnt/host/source/src/platform/ec/build/zephyr/pujjoga/include -DPython3_EXECUTABLE=/usr/bin/python3.11 -DDTS_ROOT=/mnt/host/source/src/platform/ec/zephyr -DSYSCALL_INCLUDE_DIRS=/mnt/host/source/src/platform/ec/zephyr/include/drivers -DUSER_CACHE_DIR=/mnt/host/source/src/platform/ec/build/zephyr/user-cache '-DEXTRA_EC_VERSION_FLAGS=--version 16543.0.0 --static' -DTOOLCHAIN_ROOT=/mnt/host/source/src/platform/ec/zephyr -DCOREBOOT_SDK_ROOT_x86=/home/jpmurphy/.cache/coreboot-sdk/i386-elf/dfbb0486385d938cfa9d73080b9d18d598ed4f49 -DCOREBOOT_SDK_ROOT_picolibc_x86=/home/jpmurphy/.cache/coreboot-sdk/picolibc-i386-elf/eb8e8e687b95461de8cbf278f1c2076952d0ad17 -DCOREBOOT_SDK_ROOT_riscv64=/home/jpmurphy/.cache/coreboot-sdk/riscv64-elf/96b949749225b6aaa92ed810ab769e8dfb12f000 -DCOREBOOT_SDK_ROOT_picolibc_arm=/home/jpmurphy/.cache/coreboot-sdk/picolibc-arm-eabi/422a2aa3e1ef891b5bece9a3deb696ff83840d2e -DCOREBOOT_SDK_ROOT_nds32=/home/jpmurphy/.cache/coreboot-sdk/nds32le-elf/d1a518c4a097666d86058e1444f85ca015d15511 -DCOREBOOT_SDK_ROOT_picolibc_riscv64=/home/jpmurphy/.cache/coreboot-sdk/picolibc-riscv64-elf/f571e990ef0278564b31124f8bb109d9a697eb69 -DCOREBOOT_SDK_ROOT_arm=/home/jpmurphy/.cache/coreboot-sdk/arm-eabi/ea40ddd1d190c3b48435c474c0b545719371813a -DCOREBOOT_SDK_ROOT_libstdcxx_riscv64=/home/jpmurphy/.cache/coreboot-sdk/libstdcxx-riscv64-elf/17abf22a3a252e2d5d2062ced5324f7a623689e0 -DCOREBOOT_SDK_ROOT_libstdcxx_arm=/home/jpmurphy/.cache/coreboot-sdk/libstdcxx-arm-eabi/5d7d82e150e44aa1968f1d366e267e6687b328ac -DCOREBOOT_SDK_ROOT_riscv=/home/jpmurphy/.cache/coreboot-sdk/riscv-elf/9a27b9e82341c6e9126624f516ab3f261abb3e73 -DCOREBOOT_SDK_ROOT_libstdcxx_x86=/home/jpmurphy/.cache/coreboot-sdk/libstdcxx-i386-elf/42ef9d2e87a76a37963175d7d428734e65648b87 -DZEPHYR_TOOLCHAIN_VARIANT=coreboot-sdk '-DZEPHYR_MODULES=/mnt/host/source/src/platform/ec/build/zephyr/pujjoga/modules/cmsis;/mnt/host/source/src/platform/ec/build/zephyr/pujjoga/modules/cmsis_6;/mnt/host/source/src/platform/ec/build/zephyr/pujjoga/modules/ec' -DDTC_OVERLAY_FILE=/mnt/host/source/src/platform/ec/zephyr/program/nissa/pujjoga/project.overlay -DBOARD=npcx9/npcx9m3f -DCMAKE_C_FLAGS=-DSECTION_IS_RW '-DCONF_FILE=/mnt/host/source/src/platform/ec/zephyr/program/nissa/program.conf;/mnt/host/source/src/platform/ec/zephyr/program/nissa/npcx_program.conf;/mnt/host/source/src/platform/ec/zephyr/program/nissa/pujjoga/project.conf;/mnt/host/source/src/platform/ec/build/zephyr/pujjoga/kconfig-rw.conf'`
[starmie:ro] [301/380] Linking C static library zephyr/drivers/watchdog/libdrivers__watchdog.a
[caboc:ro] Configuring.
Running `env -i PYTHONPATH=/usr/lib64/python-exec/python3.11:/mnt/host/source/src/platform/ec/zephyr/zmake:/usr/lib/python311.zip:/usr/lib/python3.11:/usr/lib/python3.11/lib-dynload:/usr/lib/python3.11/site-packages PW_PIGWEED_CIPD_INSTALL_DIR=/usr CROSTC_USER_ACKNOWLEDGES_THAT_RISCV_IS_EXPERIMENTAL=1 PATH=/mnt/host/source/chromite/bin:/usr/local/bin:/usr/bin:/bin:/opt/bin:/mnt/host/source/chromite/sdk/bin:/mnt/host/source/chromite/bin HOME=/home/jpmurphy JAVA_HOME=/etc/java-config-2/current-system-vm JDK_HOME=/etc/java-config-2/current-system-vm JAVAC=/etc/java-config-2/current-system-vm/bin/javac MAKEFLAGS=' -j16 --jobserver-auth=5,6' /usr/bin/cmake -S /mnt/host/source/src/platform/ec/zephyr/program/brox -B /mnt/host/source/src/platform/ec/build/zephyr/caboc/build-ro -GNinja -DCMAKE_EXPORT_COMPILE_COMMANDS=ON -DZEPHYR_BASE=/mnt/host/source/src/third_party/zephyr/main -DZMAKE_INCLUDE_DIR=/mnt/host/source/src/platform/ec/build/zephyr/caboc/include -DPython3_EXECUTABLE=/usr/bin/python3.11 -DDTS_ROOT=/mnt/host/source/src/platform/ec/zephyr -DSYSCALL_INCLUDE_DIRS=/mnt/host/source/src/platform/ec/zephyr/include/drivers -DUSER_CACHE_DIR=/mnt/host/source/src/platform/ec/build/zephyr/user-cache '-DEXTRA_EC_VERSION_FLAGS=--version 16543.0.0 --static' -DTOOLCHAIN_ROOT=/mnt/host/source/src/platform/ec/zephyr -DCOREBOOT_SDK_ROOT_x86=/home/jpmurphy/.cache/coreboot-sdk/i386-elf/dfbb0486385d938cfa9d73080b9d18d598ed4f49 -DCOREBOOT_SDK_ROOT_picolibc_x86=/home/jpmurphy/.cache/coreboot-sdk/picolibc-i386-elf/eb8e8e687b95461de8cbf278f1c2076952d0ad17 -DCOREBOOT_SDK_ROOT_riscv64=/home/jpmurphy/.cache/coreboot-sdk/riscv64-elf/96b949749225b6aaa92ed810ab769e8dfb12f000 -DCOREBOOT_SDK_ROOT_picolibc_arm=/home/jpmurphy/.cache/coreboot-sdk/picolibc-arm-eabi/422a2aa3e1ef891b5bece9a3deb696ff83840d2e -DCOREBOOT_SDK_ROOT_nds32=/home/jpmurphy/.cache/coreboot-sdk/nds32le-elf/d1a518c4a097666d86058e1444f85ca015d15511 -DCOREBOOT_SDK_ROOT_picolibc_riscv64=/home/jpmurphy/.cache/coreboot-sdk/picolibc-riscv64-elf/f571e990ef0278564b31124f8bb109d9a697eb69 -DCOREBOOT_SDK_ROOT_arm=/home/jpmurphy/.cache/coreboot-sdk/arm-eabi/ea40ddd1d190c3b48435c474c0b545719371813a -DCOREBOOT_SDK_ROOT_libstdcxx_riscv64=/home/jpmurphy/.cache/coreboot-sdk/libstdcxx-riscv64-elf/17abf22a3a252e2d5d2062ced5324f7a623689e0 -DCOREBOOT_SDK_ROOT_libstdcxx_arm=/home/jpmurphy/.cache/coreboot-sdk/libstdcxx-arm-eabi/5d7d82e150e44aa1968f1d366e267e6687b328ac -DCOREBOOT_SDK_ROOT_riscv=/home/jpmurphy/.cache/coreboot-sdk/riscv-elf/9a27b9e82341c6e9126624f516ab3f261abb3e73 -DCOREBOOT_SDK_ROOT_libstdcxx_x86=/home/jpmurphy/.cache/coreboot-sdk/libstdcxx-i386-elf/42ef9d2e87a76a37963175d7d428734e65648b87 -DZEPHYR_TOOLCHAIN_VARIANT=coreboot-sdk -DZEPHYR_MODULES=/mnt/host/source/src/platform/ec/build/zephyr/caboc/modules/ec -DDTC_OVERLAY_FILE=/mnt/host/source/src/platform/ec/zephyr/program/brox/caboc/project.overlay -DBOARD=it8xxx2/it82002aw -DCMAKE_C_FLAGS=-DSECTION_IS_RO '-DCONF_FILE=/mnt/host/source/src/platform/ec/zephyr/program/brox/program.conf;/mnt/host/source/src/platform/ec/zephyr/program/brox/ite.conf;/mnt/host/source/src/platform/ec/zephyr/program/brox/caboc/project.conf;/mnt/host/source/src/platform/ec/zephyr/program/brox/motionsense.conf;/mnt/host/source/src/platform/ec/build/zephyr/caboc/kconfig-ro.conf'`
[starmie:ro] [302/380] Linking C static library zephyr/drivers/timer/libdrivers__timer.a
[veluza:ro] [367/368] Building C object zephyr/kernel/CMakeFiles/kernel.dir/mempool.c.obj
[caboc:ro] Loading Zephyr default modules (Zephyr base (cached)).
[caboc:ro] -- Application: /mnt/host/source/src/platform/ec/zephyr/program/brox
[caboc:ro] -- CMake version: 3.31.7
[starmie:ro] [303/380] Building C object modules/ec/zephyr/CMakeFiles/ec_shim.dir/drivers/cros_flash/cros_flash_it8xxx2.c.obj
[starmie:ro] [304/380] Building C object modules/ec/zephyr/CMakeFiles/ec_shim.dir/drivers/cros_kb_raw/cros_kb_raw_ite.c.obj
[pujjoga:rw] Loading Zephyr default modules (Zephyr base (cached)).
[starmie:ro] [305/380] Building C object modules/ec/zephyr/CMakeFiles/ec_shim.dir/drivers/cros_shi/cros_shi_it8xxx2.c.obj
[pujjoga:rw] -- Application: /mnt/host/source/src/platform/ec/zephyr/program/nissa
[starmie:ro] [306/380] Building C object modules/ec/zephyr/CMakeFiles/ec_shim.dir/drivers/cros_system/cros_system_it8xxx2.c.obj
[starmie:ro] [307/380] Building C object modules/ec/zephyr/CMakeFiles/ec_shim.dir/shim/chip/it8xxx2/clock.c.obj
[starmie:ro] [308/380] Building C object modules/ec/zephyr/CMakeFiles/ec_shim.dir/shim/chip/it8xxx2/gpio.c.obj
[starmie:ro] [309/380] Building C object modules/ec/zephyr/CMakeFiles/ec_shim.dir/shim/chip/it8xxx2/system.c.obj
[starmie:ro] [310/380] Building C object modules/ec/zephyr/CMakeFiles/ec_shim.dir/shim/chip/it8xxx2/keyboard_raw.c.obj
[starmie:ro] [311/380] Building C object modules/ec/zephyr/CMakeFiles/ec_shim.dir/shim/chip/it8xxx2/mpu.c.obj
[starmie:ro] [312/380] Building C object modules/ec/zephyr/CMakeFiles/ec_shim.dir/shim/chip/it8xxx2/power_policy.c.obj
[starmie:ro] [313/380] Building C object modules/ec/zephyr/CMakeFiles/ec_shim.dir/shim/chip/it8xxx2/shi.c.obj
[starmie:ro] [314/380] Building C object modules/ec/zephyr/CMakeFiles/ec_shim.dir/shim/core/riscv/mpu.c.obj
[starmie:ro] [315/380] Building C object modules/ec/zephyr/CMakeFiles/ec_shim.dir/shim/src/console.c.obj
[starmie:ro] [316/380] Building C object modules/ec/zephyr/CMakeFiles/ec_shim.dir/shim/src/crc.c.obj
[starmie:ro] [317/380] Building C object modules/ec/zephyr/CMakeFiles/ec_shim.dir/shim/src/gpio_int.c.obj
[starmie:ro] [318/380] Building C object modules/ec/zephyr/CMakeFiles/ec_shim.dir/shim/src/gpio.c.obj
[starmie:ro] [319/380] Building C object modules/ec/zephyr/CMakeFiles/ec_shim.dir/shim/src/panic_utils.c.obj
[starmie:ro] [320/380] Building C object modules/ec/zephyr/CMakeFiles/ec_shim.dir/shim/src/pm_state.c.obj
[starmie:ro] [321/380] Building C object modules/ec/zephyr/CMakeFiles/ec_shim.dir/shim/src/cbi/cbi_eeprom.c.obj
[starmie:ro] [322/380] Building C object modules/ec/zephyr/CMakeFiles/ec_shim.dir/shim/src/cbi/cros_cbi.c.obj
[starmie:ro] [323/380] Building C object modules/ec/zephyr/CMakeFiles/ec_shim.dir/shim/src/led_driver/led.c.obj
[starmie:ro] [324/380] Building C object modules/ec/zephyr/CMakeFiles/ec_shim.dir/shim/src/led_driver/led_pwm.c.obj
[starmie:ro] [325/380] Building C object modules/ec/zephyr/CMakeFiles/ec_shim.dir/shim/src/system.c.obj
[veluza:ro] [368/368] Linking C static library zephyr/kernel/libkernel.a
[starmie:ro] [326/380] Building C object modules/ec/zephyr/CMakeFiles/ec_shim.dir/shim/src/adc.c.obj
[starmie:ro] [327/380] Building C object modules/ec/zephyr/CMakeFiles/ec_shim.dir/shim/src/chg_rt9490.c.obj
[starmie:ro] [328/380] Building C object modules/ec/zephyr/CMakeFiles/ec_shim.dir/shim/src/battery.c.obj
[starmie:ro] [329/380] Building C object modules/ec/zephyr/CMakeFiles/ec_shim.dir/shim/src/flash.c.obj
[starmie:ro] [330/380] Building C object modules/ec/zephyr/CMakeFiles/ec_shim.dir/shim/src/charger.c.obj
[starmie:ro] [331/380] Building C object modules/ec/zephyr/CMakeFiles/ec_shim.dir/shim/src/hooks.c.obj
[starmie:ro] [332/380] Building C object modules/ec/zephyr/CMakeFiles/ec_shim.dir/shim/src/host_command.c.obj
[starmie:ro] [333/380] Building C object modules/ec/zephyr/CMakeFiles/ec_shim.dir/shim/src/console_buffer.c.obj
[starmie:ro] [334/380] Building C object modules/ec/zephyr/CMakeFiles/ec_shim.dir/shim/src/keyboard_raw.c.obj
[starmie:ro] [335/380] Building C object modules/ec/zephyr/CMakeFiles/ec_shim.dir/shim/src/mkbp_event.c.obj
[helipilot:rw] [14/526] Building C object CMakeFiles/app.dir/mnt/host/source/src/platform/ec/zephyr/subsys/fingerprint/alg/fpc_bep_bio_alg.c.obj
[starmie:ro] [336/380] Building C object modules/ec/zephyr/CMakeFiles/ec_shim.dir/shim/src/motionsense_sensors.c.obj
[starmie:ro] [337/380] Building C object modules/ec/zephyr/CMakeFiles/ec_shim.dir/shim/src/panic.c.obj
[starmie:ro] [338/380] Building C object modules/ec/zephyr/CMakeFiles/ec_shim.dir/shim/src/power.c.obj
[starmie:ro] [339/380] Building C object modules/ec/zephyr/CMakeFiles/ec_shim.dir/shim/src/temp_sensors.c.obj
[starmie:ro] [340/380] Building C object modules/ec/zephyr/CMakeFiles/ec_shim.dir/shim/src/thermal.c.obj
[starmie:ro] [341/380] Building C object modules/ec/zephyr/CMakeFiles/ec_shim.dir/shim/src/hwtimer.c.obj
[starmie:ro] [342/380] Building C object modules/ec/zephyr/CMakeFiles/ec_shim.dir/shim/src/i2c.c.obj
[starmie:ro] [343/380] Building C object modules/ec/zephyr/CMakeFiles/ec_shim.dir/shim/src/tasks.c.obj
[starmie:ro] [344/380] Building C object modules/ec/zephyr/CMakeFiles/ec_shim.dir/shim/src/watchdog.c.obj
[starmie:ro] [345/380] Building C object modules/ec/zephyr/CMakeFiles/ec_shim.dir/shim/src/ppc.c.obj
[starmie:ro] [346/380] Building C object modules/ec/zephyr/CMakeFiles/ec_shim.dir/shim/src/usb_muxes.c.obj
[starmie:ro] [347/380] Building C object zephyr/kernel/CMakeFiles/kernel.dir/main_weak.c.obj
[starmie:ro] [348/380] Building C object zephyr/kernel/CMakeFiles/kernel.dir/banner.c.obj
[starmie:ro] [349/380] Building C object zephyr/kernel/CMakeFiles/kernel.dir/busy_wait.c.obj
[helipilot:rw] [15/526] Building C object CMakeFiles/app.dir/mnt/host/source/src/platform/ec/build/zephyr/helipilot/modules/ec/builtin/stdlib.c.obj
[starmie:ro] [350/380] Building C object zephyr/kernel/CMakeFiles/kernel.dir/device.c.obj
[starmie:ro] [351/380] Building C object zephyr/kernel/CMakeFiles/kernel.dir/fatal.c.obj
[starmie:ro] [352/380] Building C object zephyr/kernel/CMakeFiles/kernel.dir/errno.c.obj
[starmie:ro] [353/380] Building C object zephyr/kernel/CMakeFiles/kernel.dir/init.c.obj
[starmie:ro] [354/380] Building C object zephyr/kernel/CMakeFiles/kernel.dir/kheap.c.obj
[starmie:ro] [355/380] Building C object zephyr/kernel/CMakeFiles/kernel.dir/mem_slab.c.obj
[starmie:ro] [356/380] Building C object zephyr/kernel/CMakeFiles/kernel.dir/float.c.obj
[pujjoga:rw] -- CMake version: 3.31.7
[pujjoga:rw] -- Found Python3: /usr/bin/python3.11 (found suitable version "3.11.11", minimum required is "3.10") found components: Interpreter
[pujjoga:rw] -- Cache files will be written to: /mnt/host/source/src/platform/ec/build/zephyr/user-cache
[starmie:ro] [357/380] Building C object zephyr/kernel/CMakeFiles/kernel.dir/version.c.obj
[starmie:ro] [358/380] Building C object zephyr/kernel/CMakeFiles/kernel.dir/idle.c.obj
[starmie:ro] [359/380] Linking C static library modules/ec/zephyr/libec_shim.a
[starmie:ro] [360/380] Building C object zephyr/kernel/CMakeFiles/kernel.dir/mailbox.c.obj
[pujjoga:rw] -- Zephyr version: 4.3.99 (/mnt/host/source/src/third_party/zephyr/main)
[starmie:ro] [361/380] Building C object zephyr/kernel/CMakeFiles/kernel.dir/msg_q.c.obj
[starmie:ro] [362/380] Building C object zephyr/kernel/CMakeFiles/kernel.dir/mutex.c.obj
[starmie:ro] [363/380] Building C object zephyr/kernel/CMakeFiles/kernel.dir/queue.c.obj
[starmie:ro] [364/380] Building C object zephyr/kernel/CMakeFiles/kernel.dir/stack.c.obj
[starmie:ro] [365/380] Building C object zephyr/kernel/CMakeFiles/kernel.dir/sem.c.obj
[starmie:ro] [366/380] Building C object zephyr/kernel/CMakeFiles/kernel.dir/work.c.obj
[starmie:ro] [367/380] Building C object zephyr/kernel/CMakeFiles/kernel.dir/system_work_q.c.obj
[starmie:ro] [368/380] Building C object zephyr/kernel/CMakeFiles/kernel.dir/condvar.c.obj
[caboc:ro] -- Found Python3: /usr/bin/python3.11 (found suitable version "3.11.11", minimum required is "3.10") found components: Interpreter
[starmie:ro] [369/380] Building C object zephyr/kernel/CMakeFiles/kernel.dir/thread.c.obj
[caboc:ro] -- Cache files will be written to: /mnt/host/source/src/platform/ec/build/zephyr/user-cache
[caboc:ro] -- Zephyr version: 4.3.99 (/mnt/host/source/src/third_party/zephyr/main)
[starmie:ro] [370/380] Building C object zephyr/kernel/CMakeFiles/kernel.dir/sched.c.obj
[starmie:ro] [371/380] Building C object zephyr/kernel/CMakeFiles/kernel.dir/pipe.c.obj
[starmie:ro] [372/380] Building C object zephyr/kernel/CMakeFiles/kernel.dir/spinlock_validate.c.obj
[starmie:ro] [373/380] Building C object zephyr/kernel/CMakeFiles/kernel.dir/timeout.c.obj
[starmie:ro] [374/380] Building C object zephyr/kernel/CMakeFiles/kernel.dir/thread_monitor.c.obj
[starmie:ro] [375/380] Building C object zephyr/kernel/CMakeFiles/kernel.dir/timer.c.obj
[starmie:ro] [376/380] Building C object zephyr/kernel/CMakeFiles/kernel.dir/poll.c.obj
[starmie:ro] [377/380] Building C object zephyr/kernel/CMakeFiles/kernel.dir/events.c.obj
Running (initial) lcov on /mnt/host/source/src/platform/ec/build/zephyr/veluza.
[starmie:ro] [378/380] Building C object zephyr/kernel/CMakeFiles/kernel.dir/mempool.c.obj
[starmie:ro] [379/380] Building C object zephyr/kernel/CMakeFiles/kernel.dir/dynamic_disabled.c.obj
[starmie:ro] [380/380] Linking C static library zephyr/kernel/libkernel.a
[/mnt/host/source/src/platform/ec/build/zephyr/ite-aic-rtk-pdc-lcov]   /mnt/host/source/src/platform/ec/build/zephyr/ite-aic-rtk-pdc/build-rw/zephyr/CMakeFiles/zephyr.dir/lib/utils/last_section_id.c.gcno:no functions found
[/mnt/host/source/src/platform/ec/build/zephyr/ite-aic-rtk-pdc-lcov] stderr:
[quartz:rw] Building: /usr/bin/ninja -C /mnt/host/source/src/platform/ec/build/zephyr/quartz/build-rw all.libraries
Running `env -i SHELL=/bin/bash COLORTERM=truecolor DEPOT_TOOLS_UPDATE=0 LESS='-R -M --shift 5' SUDO_GID=0 JDK_HOME=/etc/java-config-2/current-system-vm CONFIG_PROTECT_MASK='/etc/gentoo-release /etc/sandbox.d /etc/fonts/fonts.conf /etc/terminfo /etc/ca-certificates.conf /etc/revdep-rebuild' CHROMEOS_CACHEDIR=/var/cache/chromeos-cache JAVA_HOME=/etc/java-config-2/current-system-vm SSH_AUTH_SOCK=/tmp/ssh-auth-sock SUDO_COMMAND=/bin/bash SUDO_USER=root SUDO_TTY=/dev/pts/2 EDITOR=/usr/bin/vi PWD=/mnt/host/source/src/platform/ec CONFIG_PROTECT=/usr/share/gnupg/qualified.txt LOGNAME=jpmurphy MANPATH=/etc/java-config-2/current-system-vm/man:/usr/local/share/man:/usr/share/man:/usr/share/gcc-data/x86_64-pc-linux-gnu/10.2.0/man:/usr/share/binutils-data/x86_64-pc-linux-gnu/2.45/man:/etc/java-config-2/current-system-vm/man/ SUDO_HOME=/root XAUTHORITY=/run/user/944457/gdm/Xauthority HOME=/home/jpmurphy LANG=C.UTF-8 LS_COLORS='rs=0:di=01;34:ln=01;36:mh=00:pi=40;33:so=01;35:do=01;35:bd=40;33;01:cd=40;33;01:or=01;05;37;41:mi=01;05;37;41:su=37;41:sg=30;43:ca=30;41:tw=30;42:ow=34;42:st=37;44:ex=01;32:*.tar=01;31:*.tgz=01;31:*.arc=01;31:*.arj=01;31:*.taz=01;31:*.lha=01;31:*.lz4=01;31:*.lzh=01;31:*.lzma=01;31:*.tlz=01;31:*.txz=01;31:*.tzo=01;31:*.t7z=01;31:*.zip=01;31:*.z=01;31:*.dz=01;31:*.gz=01;31:*.lrz=01;31:*.lz=01;31:*.lzo=01;31:*.xz=01;31:*.zst=01;31:*.tzst=01;31:*.bz2=01;31:*.bz=01;31:*.tbz=01;31:*.tbz2=01;31:*.tz=01;31:*.deb=01;31:*.rpm=01;31:*.jar=01;31:*.war=01;31:*.ear=01;31:*.sar=01;31:*.rar=01;31:*.alz=01;31:*.ace=01;31:*.zoo=01;31:*.cpio=01;31:*.7z=01;31:*.rz=01;31:*.cab=01;31:*.wim=01;31:*.swm=01;31:*.dwm=01;31:*.esd=01;31:*.jpg=01;35:*.jpeg=01;35:*.mjpg=01;35:*.mjpeg=01;35:*.gif=01;35:*.bmp=01;35:*.pbm=01;35:*.pgm=01;35:*.ppm=01;35:*.tga=01;35:*.xbm=01;35:*.xpm=01;35:*.tif=01;35:*.tiff=01;35:*.png=01;35:*.svg=01;35:*.svgz=01;35:*.mng=01;35:*.pcx=01;35:*.mov=01;35:*.mpg=01;35:*.mpeg=01;35:*.m2v=01;35:*.mkv=01;35:*.webm=01;35:*.webp=01;35:*.ogm=01;35:*.mp4=01;35:*.m4v=01;35:*.mp4v=01;35:*.vob=01;35:*.qt=01;35:*.nuv=01;35:*.wmv=01;35:*.asf=01;35:*.rm=01;35:*.rmvb=01;35:*.flc=01;35:*.avi=01;35:*.fli=01;35:*.flv=01;35:*.gl=01;35:*.dl=01;35:*.xcf=01;35:*.xwd=01;35:*.yuv=01;35:*.cgm=01;35:*.emf=01;35:*.ogv=01;35:*.ogx=01;35:*.cfg=00;32:*.conf=00;32:*.diff=00;32:*.doc=00;32:*.ini=00;32:*.log=00;32:*.patch=00;32:*.pdf=00;32:*.ps=00;32:*.tex=00;32:*.txt=00;32:*.aac=00;36:*.au=00;36:*.flac=00;36:*.m4a=00;36:*.mid=00;36:*.midi=00;36:*.mka=00;36:*.mp3=00;36:*.mpc=00;36:*.ogg=00;36:*.ra=00;36:*.wav=00;36:*.oga=00;36:*.opus=00;36:*.spx=00;36:*.xspf=00;36:' XDG_CURRENT_DESKTOP=GNOME INFOPATH=/usr/share/info:/usr/share/gcc-data/x86_64-pc-linux-gnu/10.2.0/info:/usr/share/binutils-data/x86_64-pc-linux-gnu/2.45/info:/usr/share/automake-1.16.5/info JAVAC=/etc/java-config-2/current-system-vm/bin/javac TERM=xterm-256color LESSOPEN='|lesspipe %s' USER=jpmurphy CROS_WORKON_SRCROOT=/mnt/host/source MANPAGER=manpager DISPLAY=:1 SHLVL=1 LC_MESSAGES=C EXTERNAL_TRUNK_PATH=/mnt/8f9d649a-3721-44cc-93c0-e6bd21a9689f/chromiumos GCC_SPECS='' PATH=/mnt/host/source/chromite/bin:/usr/local/bin:/usr/bin:/bin:/opt/bin:/mnt/host/source/chromite/sdk/bin:/mnt/host/source/chromite/bin PORTAGE_USERNAME=jpmurphy SUDO_UID=0 GCC_VER=10.2.0 MAIL=/var/mail/jpmurphy OLDPWD=/mnt/host/source/src/scripts traceparent=00-e87aca51550a78635907baa6a2476181-6d684811675d2973-01 _=./zephyr/firmware_builder.py COREBOOT_SDK_ROOT_x86=/home/jpmurphy/.cache/coreboot-sdk/i386-elf/dfbb0486385d938cfa9d73080b9d18d598ed4f49 COREBOOT_SDK_ROOT_picolibc_x86=/home/jpmurphy/.cache/coreboot-sdk/picolibc-i386-elf/eb8e8e687b95461de8cbf278f1c2076952d0ad17 COREBOOT_SDK_ROOT_riscv64=/home/jpmurphy/.cache/coreboot-sdk/riscv64-elf/96b949749225b6aaa92ed810ab769e8dfb12f000 COREBOOT_SDK_ROOT_picolibc_arm=/home/jpmurphy/.cache/coreboot-sdk/picolibc-arm-eabi/422a2aa3e1ef891b5bece9a3deb696ff83840d2e COREBOOT_SDK_ROOT_nds32=/home/jpmurphy/.cache/coreboot-sdk/nds32le-elf/d1a518c4a097666d86058e1444f85ca015d15511 COREBOOT_SDK_ROOT_picolibc_riscv64=/home/jpmurphy/.cache/coreboot-sdk/picolibc-riscv64-elf/f571e990ef0278564b31124f8bb109d9a697eb69 COREBOOT_SDK_ROOT_arm=/home/jpmurphy/.cache/coreboot-sdk/arm-eabi/ea40ddd1d190c3b48435c474c0b545719371813a COREBOOT_SDK_ROOT_libstdcxx_riscv64=/home/jpmurphy/.cache/coreboot-sdk/libstdcxx-riscv64-elf/17abf22a3a252e2d5d2062ced5324f7a623689e0 COREBOOT_SDK_ROOT_libstdcxx_arm=/home/jpmurphy/.cache/coreboot-sdk/libstdcxx-arm-eabi/5d7d82e150e44aa1968f1d366e267e6687b328ac COREBOOT_SDK_ROOT_riscv=/home/jpmurphy/.cache/coreboot-sdk/riscv-elf/9a27b9e82341c6e9126624f516ab3f261abb3e73 COREBOOT_SDK_ROOT_libstdcxx_x86=/home/jpmurphy/.cache/coreboot-sdk/libstdcxx-i386-elf/42ef9d2e87a76a37963175d7d428734e65648b87 PYTHONPATH=/mnt/host/source/src/platform/ec/zephyr/zmake PW_PIGWEED_CIPD_INSTALL_DIR=/usr CROSTC_USER_ACKNOWLEDGES_THAT_RISCV_IS_EXPERIMENTAL=1 MAKEFLAGS=' -j16 --jobserver-auth=5,6' /usr/bin/ninja -C /mnt/host/source/src/platform/ec/build/zephyr/quartz/build-rw all.libraries`
[helipilot:rw] [16/526] Building C object modules/ec/third_party/boringssl/build/CMakeFiles/fipsmodule.dir/crypto/fipsmodule/bcm.c.obj
[quartz:rw] ninja: Entering directory `/mnt/host/source/src/platform/ec/build/zephyr/quartz/build-rw'
[matsu_it82000:rw] /mnt/host/source/src/platform/ec/build/zephyr/matsu_it82000/build-rw/zephyr/zephyr.dts:1307.27-2064.5: Warning (avoid_unnecessary_addr_size): /soc/pin-controller: unnecessary #address-cells/#size-cells without "ranges" or child "reg" property
[helipilot:rw] [17/526] Building C object CMakeFiles/app.dir/mnt/host/source/src/platform/ec/build/zephyr/helipilot/modules/ec/common/base32.c.obj
[/mnt/host/source/src/platform/ec/build/zephyr/anakin-lcov]   /mnt/host/source/src/platform/ec/build/zephyr/anakin/build-ro/zephyr/CMakeFiles/zephyr.dir/subsys/shell/modules/kernel_service/kernel_shell.c.gcno:no functions found
[/mnt/host/source/src/platform/ec/build/zephyr/anakin-lcov] stderr:
Running `env -i PYTHONPATH=/usr/lib64/python-exec/python3.11:/mnt/host/source/src/platform/ec/zephyr/zmake:/usr/lib/python311.zip:/usr/lib/python3.11:/usr/lib/python3.11/lib-dynload:/usr/lib/python3.11/site-packages PW_PIGWEED_CIPD_INSTALL_DIR=/usr CROSTC_USER_ACKNOWLEDGES_THAT_RISCV_IS_EXPERIMENTAL=1 PATH=/mnt/host/source/chromite/bin:/usr/local/bin:/usr/bin:/bin:/opt/bin:/mnt/host/source/chromite/sdk/bin:/mnt/host/source/chromite/bin HOME=/home/jpmurphy JAVA_HOME=/etc/java-config-2/current-system-vm JDK_HOME=/etc/java-config-2/current-system-vm JAVAC=/etc/java-config-2/current-system-vm/bin/javac MAKEFLAGS=' -j16 --jobserver-auth=5,6' /usr/bin/lcov --gcov-tool /mnt/host/source/src/platform/ec/build/zephyr/veluza/build-rw/gcov.sh -q -o - -c -d /mnt/host/source/src/platform/ec/build/zephyr/veluza -t veluza --rc branch_coverage=1 --filter range --ignore-errors inconsistent,source --ignore-errors gcov,gcov -i`
[helipilot:rw] [18/526] Building C object CMakeFiles/app.dir/mnt/host/source/src/platform/ec/build/zephyr/helipilot/modules/ec/common/ec_features.c.obj
[helipilot:rw] [19/526] Building C object CMakeFiles/app.dir/mnt/host/source/src/platform/ec/build/zephyr/helipilot/modules/ec/common/gpio_commands.c.obj
[/mnt/host/source/src/platform/ec/build/zephyr/anakin-lcov]   /mnt/host/source/src/platform/ec/build/zephyr/anakin/build-ro/zephyr/CMakeFiles/zephyr.dir/lib/libc/validate_libc.c.gcno:no functions found
[/mnt/host/source/src/platform/ec/build/zephyr/anakin-lcov] stderr:
[helipilot:rw] [20/526] Building C object CMakeFiles/app.dir/mnt/host/source/src/platform/ec/build/zephyr/helipilot/modules/ec/common/console_output.c.obj
[quartz:rw] [1/349] Generating include/generated/zephyr/version.h
[quartz:rw] -- git describe warned: warning: tag 'upstream/v2.7.99' is externally known as 'v2.7.99'
[quartz:rw] -- Zephyr version: 4.3.99 (/mnt/host/source/src/third_party/zephyr/main)
[quartz:rw] [2/349] Preparing syscall dependency handling
[helipilot:rw] [21/526] Building C object CMakeFiles/app.dir/mnt/host/source/src/platform/ec/build/zephyr/helipilot/modules/ec/common/peripheral.c.obj
[quartz:rw] [3/349] Generating misc/generated/syscalls_subdirs.trigger
[helipilot:rw] [22/526] Building C object CMakeFiles/app.dir/mnt/host/source/src/platform/ec/build/zephyr/helipilot/modules/ec/common/printf.c.obj
[helipilot:rw] [23/526] Building C object CMakeFiles/app.dir/mnt/host/source/src/platform/ec/build/zephyr/helipilot/modules/ec/common/queue.c.obj
[pujjoga:rw] -- Board: npcx9, qualifiers: npcx9m3f
[caboc:ro] -- Board: it8xxx2, qualifiers: it82002aw
[/mnt/host/source/src/platform/ec/build/zephyr/veluza-lcov] geninfo: WARNING: using JSON module "JSON::PP" - which is much slower than some alternatives.  Consider installing one of JSON::XS or Cpanel::JSON::XS
[rex-ish-ec:rw] -- Generated zephyr.dts: /mnt/host/source/src/platform/ec/build/zephyr/rex-ish-ec/build-rw/zephyr/zephyr.dts
[rex-ish-ec:rw] -- Generated pickled edt: /mnt/host/source/src/platform/ec/build/zephyr/rex-ish-ec/build-rw/zephyr/edt.pickle
[helipilot:rw] [24/526] Building C object CMakeFiles/app.dir/mnt/host/source/src/platform/ec/build/zephyr/helipilot/modules/ec/common/system.c.obj
[helipilot:rw] [25/526] Building C object CMakeFiles/app.dir/mnt/host/source/src/platform/ec/build/zephyr/helipilot/modules/ec/common/uart_printf.c.obj
[helipilot:rw] [26/526] Building C object CMakeFiles/app.dir/mnt/host/source/src/platform/ec/build/zephyr/helipilot/modules/ec/common/util.c.obj
[quartz:rw] [4/349] Generating misc/generated/syscalls.json, misc/generated/struct_tags.json
[/mnt/host/source/src/platform/ec/build/zephyr/anakin-lcov]   /mnt/host/source/src/platform/ec/build/zephyr/anakin/build-ro/zephyr/CMakeFiles/zephyr.dir/lib/utils/last_section_id.c.gcno:no functions found
[/mnt/host/source/src/platform/ec/build/zephyr/anakin-lcov] stderr:
[helipilot:rw] [27/526] Building C object CMakeFiles/app.dir/mnt/host/source/src/platform/ec/build/zephyr/helipilot/modules/ec/common/system_boot_time.c.obj
[helipilot:rw] [28/526] Building C object CMakeFiles/app.dir/mnt/host/source/src/platform/ec/build/zephyr/helipilot/modules/ec/common/version.c.obj
[quartz:rw] [5/349] Generating include/generated/zephyr/syscall_dispatch.c, include/generated/zephyr/syscall_exports_llext.c, syscall_weakdefs_llext.c, include/generated/zephyr/syscall_list.h
[/mnt/host/source/src/platform/ec/build/zephyr/veluza-lcov] stderr:
[/mnt/host/source/src/platform/ec/build/zephyr/kanix-lcov]   /mnt/host/source/src/platform/ec/build/zephyr/kanix/build-ro/modules/ec/zephyr/CMakeFiles/ec_shim.dir/shim/src/keyscan.c.gcno:no functions found
[/mnt/host/source/src/platform/ec/build/zephyr/kanix-lcov] stderr:
[helipilot:rw] [29/526] Building C object CMakeFiles/app.dir/mnt/host/source/src/platform/ec/build/zephyr/helipilot/modules/ec/common/memory_commands.c.obj
[rex-ish-ec:rw] -- Generated devicetree_generated.h: /mnt/host/source/src/platform/ec/build/zephyr/rex-ish-ec/build-rw/zephyr/include/generated/zephyr/devicetree_generated.h
[quartz:rw] [6/349] Generating include/generated/zephyr/driver-validation.h
[/mnt/host/source/src/platform/ec/build/zephyr/veluza-lcov]   /mnt/host/source/src/platform/ec/build/zephyr/veluza/build-ro/modules/ec/zephyr/CMakeFiles/ec_shim.dir/shim/src/power.c.gcno:no functions found
[/mnt/host/source/src/platform/ec/build/zephyr/veluza-lcov] stderr:
[/mnt/host/source/src/platform/ec/build/zephyr/veluza-lcov]   /mnt/host/source/src/platform/ec/build/zephyr/veluza/build-ro/modules/ec/zephyr/CMakeFiles/ec_shim.dir/shim/src/thermal.c.gcno:no functions found
[/mnt/host/source/src/platform/ec/build/zephyr/veluza-lcov] stderr:
[quartz:rw] [7/349] Generating include/generated/zephyr/kobj-types-enum.h, include/generated/zephyr/otype-to-str.h, include/generated/zephyr/otype-to-size.h
[quartz:rw] [8/349] Generating include/generated/device-api-sections.ld, include/generated/device-api-sections.cmake
[quartz:rw] [9/349] Building C object zephyr/CMakeFiles/offsets.dir/arch/arm/core/offsets/offsets.c.obj
[helipilot:rw] [30/526] Building C object CMakeFiles/app.dir/mnt/host/source/src/platform/ec/build/zephyr/helipilot/modules/ec/common/ap_reset_log.c.obj
[helipilot:rw] [31/526] Building C object CMakeFiles/app.dir/mnt/host/source/src/platform/ec/build/zephyr/helipilot/modules/ec/common/flash.c.obj
[quartz:rw] [10/349] Generating include/generated/zephyr/offsets.h
[quartz:rw] [11/349] Building C object zephyr/CMakeFiles/zephyr.dir/lib/libc/validate_libc.c.obj
[/mnt/host/source/src/platform/ec/build/zephyr/veluza-lcov]   /mnt/host/source/src/platform/ec/build/zephyr/veluza/build-ro/modules/ec/zephyr/CMakeFiles/ec_shim.dir/shim/src/battery.c.gcno:no functions found
[quartz:rw] [12/349] Building C object zephyr/CMakeFiles/zephyr.dir/lib/heap/heap.c.obj
[/mnt/host/source/src/platform/ec/build/zephyr/veluza-lcov] stderr:
[/mnt/host/source/src/platform/ec/build/zephyr/veluza-lcov]   /mnt/host/source/src/platform/ec/build/zephyr/veluza/build-ro/modules/ec/zephyr/CMakeFiles/ec_shim.dir/shim/src/charger.c.gcno:no functions found
[/mnt/host/source/src/platform/ec/build/zephyr/veluza-lcov] stderr:
[quartz:rw] [13/349] Building C object zephyr/CMakeFiles/zephyr.dir/lib/os/cbprintf_packaged.c.obj
[quartz:rw] [14/349] Building C object zephyr/CMakeFiles/zephyr.dir/lib/os/clock.c.obj
[quartz:rw] [15/349] Building C object zephyr/CMakeFiles/zephyr.dir/lib/os/printk.c.obj
[quartz:rw] [16/349] Building C object zephyr/CMakeFiles/zephyr.dir/lib/os/sem.c.obj
[/mnt/host/source/src/platform/ec/build/zephyr/veluza-lcov]   /mnt/host/source/src/platform/ec/build/zephyr/veluza/build-ro/modules/ec/zephyr/CMakeFiles/ec_shim.dir/shim/src/usb_muxes.c.gcno:no functions found
[/mnt/host/source/src/platform/ec/build/zephyr/veluza-lcov] stderr:
[quartz:rw] [17/349] Building C object zephyr/CMakeFiles/zephyr.dir/lib/os/thread_entry.c.obj
[quartz:rw] [18/349] Building C object zephyr/CMakeFiles/zephyr.dir/lib/os/cbprintf_nano.c.obj
[quartz:rw] [19/349] Building C object zephyr/CMakeFiles/zephyr.dir/lib/os/cbprintf.c.obj
[pujjoga:rw] -- Found Dtc: /usr/bin/dtc (found suitable version "1.6.0", minimum required is "1.4.6")
[quartz:rw] [20/349] Building C object zephyr/CMakeFiles/zephyr.dir/lib/os/assert.c.obj
[pujjoga:rw] -- Found BOARD.dts: /mnt/host/source/src/platform/ec/zephyr/boards/google/npcx9/npcx9_npcx9m3f.dts
[pujjoga:rw] -- Found devicetree overlay: /mnt/host/source/src/platform/ec/zephyr/program/nissa/pujjoga/project.overlay
[quartz:rw] [21/349] Building C object zephyr/CMakeFiles/zephyr.dir/lib/utils/dec.c.obj
[quartz:rw] [22/349] Building C object zephyr/CMakeFiles/zephyr.dir/lib/utils/hex.c.obj
[quartz:rw] [23/349] Building C object zephyr/CMakeFiles/zephyr.dir/lib/utils/rb.c.obj
[caboc:ro] -- Found Dtc: /usr/bin/dtc (found suitable version "1.6.0", minimum required is "1.4.6")
[quartz:rw] [24/349] Building C object zephyr/CMakeFiles/zephyr.dir/lib/utils/timeutil.c.obj
[caboc:ro] -- Found BOARD.dts: /mnt/host/source/src/platform/ec/zephyr/boards/google/it8xxx2/it8xxx2_it82002aw.dts
[caboc:ro] -- Found devicetree overlay: /mnt/host/source/src/platform/ec/zephyr/program/brox/caboc/project.overlay
[quartz:rw] [25/349] Building C object zephyr/CMakeFiles/zephyr.dir/lib/utils/bitarray.c.obj
[matsu_it82000:rw] /mnt/host/source/src/platform/ec/build/zephyr/matsu_it82000/build-rw/zephyr/zephyr.dts:3521.15-3530.5: Warning (gpios_property): /fans/fan_0: Missing property '#gpio-cells' in node /named-gpios/all_sys_pwrgd_r or bad phandle (referred from pgood-gpio[0])
[matsu_it82000:rw] /mnt/host/source/src/platform/ec/build/zephyr/matsu_it82000/build-rw/zephyr/zephyr.dts:3521.15-3530.5: Warning (gpios_property): /fans/fan_0: Missing property '#gpio-cells' in node /named-gpios/en_pp5000_fan or bad phandle (referred from enable-gpio[0])
[matsu_it82000:rw] warning: Deprecated symbol I2C_ALLOW_NO_STOP_TRANSACTIONS is enabled.
[quartz:rw] [26/349] Building C object zephyr/CMakeFiles/zephyr.dir/lib/utils/bitmask.c.obj
[quartz:rw] [27/349] Building C object zephyr/CMakeFiles/zephyr.dir/lib/utils/getopt/getopt.c.obj
[quartz:rw] [28/349] Building C object zephyr/CMakeFiles/zephyr.dir/lib/utils/getopt/getopt_common.c.obj
[quartz:rw] [29/349] Building C object zephyr/CMakeFiles/zephyr.dir/lib/utils/ring_buffer.c.obj
[quartz:rw] [30/349] Building C object zephyr/CMakeFiles/zephyr.dir/lib/utils/last_section_id.c.obj
[quartz:rw] [31/349] Building C object zephyr/CMakeFiles/zephyr.dir/misc/generated/configs.c.obj
[quartz:rw] [32/349] Building C object zephyr/CMakeFiles/zephyr.dir/soc/nuvoton/npcx/common/power.c.obj
[quartz:rw] [33/349] Building C object zephyr/CMakeFiles/zephyr.dir/soc/nuvoton/npcx/common/scfg.c.obj
[quartz:rw] [34/349] Building C object zephyr/CMakeFiles/zephyr.dir/soc/nuvoton/npcx/common/npcxn/registers.c.obj
[quartz:rw] [35/349] Building C object zephyr/CMakeFiles/zephyr.dir/soc/nuvoton/npcx/npcx9/soc.c.obj
[quartz:rw] [36/349] Building C object zephyr/CMakeFiles/zephyr.dir/subsys/logging/log_minimal.c.obj
[quartz:rw] [37/349] Building C object zephyr/CMakeFiles/zephyr.dir/subsys/mem_mgmt/mem_attr.c.obj
[quartz:rw] [38/349] Building C object zephyr/CMakeFiles/zephyr.dir/subsys/pm/pm.c.obj
[quartz:rw] [39/349] Building C object zephyr/CMakeFiles/zephyr.dir/subsys/pm/state.c.obj
[quartz:rw] [40/349] Building C object zephyr/CMakeFiles/zephyr.dir/subsys/pm/policy/policy_events.c.obj
[quartz:rw] [41/349] Building C object zephyr/CMakeFiles/zephyr.dir/subsys/pm/policy/policy_latency.c.obj
[rex-ish:singleimage] Parsing /mnt/host/source/src/platform/ec/zephyr/program/rex/Kconfig
[quartz:rw] [42/349] Building C object zephyr/CMakeFiles/zephyr.dir/subsys/pm/policy/policy_state_lock.c.obj
[quartz:rw] [43/349] Building C object zephyr/CMakeFiles/zephyr.dir/subsys/pm/device.c.obj
[quartz:rw] [44/349] Building C object zephyr/CMakeFiles/zephyr.dir/subsys/pm/device_runtime.c.obj
[quartz:rw] [45/349] Building C object zephyr/CMakeFiles/zephyr.dir/subsys/testsuite/coverage/coverage.c.obj
[quartz:rw] [46/349] Building C object zephyr/CMakeFiles/zephyr.dir/subsys/tracing/tracing_none.c.obj
[quartz:rw] [47/349] Building C object zephyr/CMakeFiles/zephyr.dir/subsys/shell/modules/kernel_service/kernel_shell.c.obj
[quartz:rw] [48/349] Building C object zephyr/CMakeFiles/zephyr.dir/subsys/shell/modules/kernel_service/cycles.c.obj
[quartz:rw] [49/349] Building C object zephyr/CMakeFiles/zephyr.dir/subsys/shell/modules/kernel_service/sleep.c.obj
[quartz:rw] [50/349] Building C object zephyr/CMakeFiles/zephyr.dir/subsys/shell/modules/kernel_service/uptime.c.obj
[quartz:rw] [51/349] Building C object zephyr/CMakeFiles/zephyr.dir/subsys/shell/modules/kernel_service/version.c.obj
[quartz:rw] [52/349] Building C object zephyr/CMakeFiles/zephyr.dir/subsys/shell/modules/kernel_service/thread/thread.c.obj
[quartz:rw] [53/349] Building C object zephyr/CMakeFiles/zephyr.dir/subsys/shell/modules/kernel_service/thread/list.c.obj
[rex-ish-ec:rw] /mnt/host/source/src/platform/ec/build/zephyr/rex-ish-ec/build-rw/zephyr/zephyr.dts:4260.15-4267.5: Warning (gpios_property): /fans/fan_0: Missing property '#gpio-cells' in node /named-gpios/en_pp5000_fan or bad phandle (referred from enable-gpio[0])
[quartz:rw] [54/349] Building C object zephyr/CMakeFiles/zephyr.dir/subsys/shell/modules/kernel_service/thread/stacks.c.obj
[quartz:rw] [55/349] Building C object zephyr/CMakeFiles/zephyr.dir/subsys/shell/modules/kernel_service/thread/suspend.c.obj
[/mnt/host/source/src/platform/ec/build/zephyr/veluza-lcov]   /mnt/host/source/src/platform/ec/build/zephyr/veluza/build-ro/modules/ec/zephyr/CMakeFiles/ec_shim.dir/shim/src/chg_rt9490.c.gcno:no functions found
[/mnt/host/source/src/platform/ec/build/zephyr/veluza-lcov] stderr:
[quartz:rw] [56/349] Building C object zephyr/CMakeFiles/zephyr.dir/subsys/shell/modules/kernel_service/thread/resume.c.obj
[quartz:rw] [57/349] Building C object zephyr/CMakeFiles/zephyr.dir/subsys/shell/modules/kernel_service/thread/kill.c.obj
[matsu_it82000:rw] Parsing /mnt/host/source/src/platform/ec/zephyr/program/ocelot/Kconfig
[quartz:rw] [58/349] Building C object zephyr/CMakeFiles/zephyr.dir/subsys/shell/backends/shell_uart.c.obj
[quartz:rw] [59/349] Building C object zephyr/CMakeFiles/zephyr.dir/subsys/shell/shell.c.obj
[quartz:rw] [60/349] Building C object zephyr/CMakeFiles/zephyr.dir/subsys/shell/shell_fprintf.c.obj
[quartz:rw] [61/349] Building C object zephyr/CMakeFiles/zephyr.dir/subsys/shell/shell_utils.c.obj
[quartz:rw] [62/349] Building C object zephyr/CMakeFiles/zephyr.dir/subsys/shell/shell_ops.c.obj
[quartz:rw] [63/349] Building C object zephyr/CMakeFiles/zephyr.dir/subsys/shell/shell_help.c.obj
[quartz:rw] [64/349] Building C object zephyr/CMakeFiles/zephyr.dir/subsys/shell/shell_cmds.c.obj
[quartz:rw] [65/349] Building C object zephyr/CMakeFiles/zephyr.dir/subsys/shell/shell_history.c.obj
[quartz:rw] [66/349] Building C object zephyr/CMakeFiles/zephyr.dir/drivers/flash/flash_util.c.obj
[quartz:rw] [67/349] Linking C static library zephyr/libzephyr.a
[quartz:rw] [68/349] Building C object zephyr/arch/common/CMakeFiles/arch__common.dir/sw_isr_common.c.obj
[quartz:rw] [69/349] Building C object zephyr/arch/common/CMakeFiles/arch__common.dir/init.c.obj
[/mnt/host/source/src/platform/ec/build/zephyr/veluza-lcov]   /mnt/host/source/src/platform/ec/build/zephyr/veluza/build-ro/modules/ec/zephyr/CMakeFiles/ec_shim.dir/shim/src/usba.c.gcno:no functions found
[/mnt/host/source/src/platform/ec/build/zephyr/veluza-lcov] stderr:
[quartz:rw] [70/349] Building C object zephyr/arch/common/CMakeFiles/arch__common.dir/xip.c.obj
[quartz:rw] [71/349] Building C object zephyr/arch/common/CMakeFiles/isr_tables.dir/isr_tables.c.obj
[rex-ish:singleimage] Loaded configuration '/mnt/host/source/src/third_party/zephyr/main/boards/intel/ish/intel_ish_5_6_0_defconfig'
[rex-ish:singleimage] Merged configuration '/mnt/host/source/src/platform/ec/zephyr/program/rex/rex-ish/prj.conf'
[rex-ish:singleimage] Merged configuration '/mnt/host/source/src/platform/ec/build/zephyr/rex-ish/kconfig-singleimage.conf'
[rex-ish:singleimage] Configuration saved to '/mnt/host/source/src/platform/ec/build/zephyr/rex-ish/build-singleimage/zephyr/.config'
[rex-ish:singleimage] Kconfig header saved to '/mnt/host/source/src/platform/ec/build/zephyr/rex-ish/build-singleimage/zephyr/include/generated/zephyr/autoconf.h'
[rex-ish:singleimage] -- Found GnuLd: /home/jpmurphy/.cache/coreboot-sdk/i386-elf/dfbb0486385d938cfa9d73080b9d18d598ed4f49/i386-elf/bin/ld.bfd (found version "2.43.1")
[quartz:rw] [72/349] Linking C static library zephyr/arch/common/libisr_tables.a
[quartz:rw] [73/349] Linking C static library zephyr/arch/common/libarch__common.a
[quartz:rw] [74/349] Building C object zephyr/arch/arch/arm/core/CMakeFiles/arch__arm__core.dir/fatal.c.obj
[quartz:rw] [75/349] Building C object zephyr/arch/arch/arm/core/CMakeFiles/arch__arm__core.dir/nmi.c.obj
[rex-ish:singleimage] -- The C compiler identification is GNU 14.2.0
[quartz:rw] [76/349] Building ASM object zephyr/arch/arch/arm/core/CMakeFiles/arch__arm__core.dir/nmi_on_reset.S.obj
[quartz:rw] [77/349] Linking C static library zephyr/arch/arch/arm/core/libarch__arm__core.a
[quartz:rw] [78/349] Building C object zephyr/arch/arch/arm/core/cortex_m/CMakeFiles/arch__arm__core__cortex_m.dir/exc_exit.c.obj
[quartz:rw] [79/349] Building C object zephyr/arch/arch/arm/core/cortex_m/CMakeFiles/arch__arm__core__cortex_m.dir/fault.c.obj
[rex-ish:singleimage] -- The CXX compiler identification is GNU 14.2.0
[matsu_it82000:rw] Loaded configuration '/mnt/host/source/src/platform/ec/zephyr/boards/google/it8xxx2/it8xxx2_it82000bw_defconfig'
[matsu_it82000:rw] Merged configuration '/mnt/host/source/src/platform/ec/zephyr/program/ocelot/program.conf'
[matsu_it82000:rw] Merged configuration '/mnt/host/source/src/platform/ec/zephyr/program/ocelot/matsu/project.conf'
[matsu_it82000:rw] Merged configuration '/mnt/host/source/src/platform/ec/build/zephyr/matsu_it82000/kconfig-rw.conf'
[matsu_it82000:rw] Configuration saved to '/mnt/host/source/src/platform/ec/build/zephyr/matsu_it82000/build-rw/zephyr/.config'
[matsu_it82000:rw] Kconfig header saved to '/mnt/host/source/src/platform/ec/build/zephyr/matsu_it82000/build-rw/zephyr/include/generated/zephyr/autoconf.h'
[matsu_it82000:rw] -- Found GnuLd: /home/jpmurphy/.cache/coreboot-sdk/riscv64-elf/96b949749225b6aaa92ed810ab769e8dfb12f000/riscv64-elf/bin/ld.bfd (found version "2.43.1")
[quartz:rw] [80/349] Building ASM object zephyr/arch/arch/arm/core/cortex_m/CMakeFiles/arch__arm__core__cortex_m.dir/fault_s.S.obj
[quartz:rw] [81/349] Building C object zephyr/arch/arch/arm/core/cortex_m/CMakeFiles/arch__arm__core__cortex_m.dir/fpu.c.obj
[rex-ish:singleimage] -- The ASM compiler identification is GNU
[rex-ish:singleimage] -- Found assembler: /home/jpmurphy/.cache/coreboot-sdk/i386-elf/dfbb0486385d938cfa9d73080b9d18d598ed4f49/bin/i386-elf-gcc
[rex-ish:singleimage] warning: PLATFORM_EC_TABLET_MODE_SWITCH (defined at
[rex-ish:singleimage] /mnt/host/source/src/platform/ec/zephyr/Kconfig.tabletmode:15) was assigned the value 'y' but got
[rex-ish:singleimage] the value 'n'. Check these unsatisfied dependencies: PLATFORM_EC_MKBP_INPUT_DEVICES (=n). See
[rex-ish:singleimage] http://docs.zephyrproject.org/latest/kconfig.html#CONFIG_PLATFORM_EC_TABLET_MODE_SWITCH and/or look
[rex-ish:singleimage] up PLATFORM_EC_TABLET_MODE_SWITCH in the menuconfig/guiconfig interface. The Application Development
[rex-ish:singleimage] Primer, Setting Configuration Values, and Kconfig - Tips and Best Practices sections of the manual
[rex-ish:singleimage] might be helpful too.
[rex-ish:singleimage] warning: Deprecated symbol I2C_ALLOW_NO_STOP_TRANSACTIONS is enabled.
[rex-ish:singleimage] CMake Warning at /mnt/host/source/src/platform/ec/zephyr/cmake/linker/ld/linker_libraries.cmake:11 (message):
[rex-ish:singleimage]   Disabling c_library
[rex-ish:singleimage] Call Stack (most recent call first):
[rex-ish:singleimage]   /mnt/host/source/src/third_party/zephyr/main/cmake/target_toolchain_flags.cmake:48 (include)
[rex-ish:singleimage]   /mnt/host/source/src/third_party/zephyr/main/cmake/modules/kernel.cmake:153 (include)
[rex-ish:singleimage]   /mnt/host/source/src/third_party/zephyr/main/cmake/modules/zephyr_default.cmake:138 (include)
[rex-ish:singleimage]   /mnt/host/source/src/third_party/zephyr/main/share/zephyr-package/cmake/ZephyrConfig.cmake:66 (include)
[rex-ish:singleimage]   /mnt/host/source/src/third_party/zephyr/main/share/zephyr-package/cmake/ZephyrConfig.cmake:97 (include_boilerplate)
[rex-ish:singleimage]   CMakeLists.txt:6 (find_package)
[helipilot:rw] [32/526] Building CXX object CMakeFiles/app.dir/mnt/host/source/src/platform/ec/build/zephyr/helipilot/modules/ec/common/fpsensor/fpsensor_state.cc.obj
[helipilot:rw] [33/526] Building CXX object CMakeFiles/app.dir/mnt/host/source/src/platform/ec/build/zephyr/helipilot/modules/ec/common/fpsensor/fpsensor_debug.cc.obj
[matsu_it82000:rw] -- The C compiler identification is GNU 14.2.0
[helipilot:rw] [34/526] Building CXX object CMakeFiles/app.dir/mnt/host/source/src/platform/ec/build/zephyr/helipilot/modules/ec/common/fpsensor/fpsensor_crypto.cc.obj
[helipilot:rw] [35/526] Building CXX object CMakeFiles/app.dir/mnt/host/source/src/platform/ec/build/zephyr/helipilot/modules/ec/common/fpsensor/fpsensor.cc.obj
[caboc:ro] -- Generated zephyr.dts: /mnt/host/source/src/platform/ec/build/zephyr/caboc/build-ro/zephyr/zephyr.dts
[caboc:ro] -- Generated pickled edt: /mnt/host/source/src/platform/ec/build/zephyr/caboc/build-ro/zephyr/edt.pickle
[helipilot:rw] [36/526] Building CXX object CMakeFiles/app.dir/mnt/host/source/src/platform/ec/build/zephyr/helipilot/modules/ec/common/fpsensor/fpsensor_detect_strings.cc.obj
[matsu_it82000:rw] -- The CXX compiler identification is GNU 14.2.0
[matsu_it82000:rw] -- The ASM compiler identification is GNU
[matsu_it82000:rw] -- Found assembler: /home/jpmurphy/.cache/coreboot-sdk/riscv64-elf/96b949749225b6aaa92ed810ab769e8dfb12f000/bin/riscv64-elf-gcc
[rex-ish:singleimage] -- Performing EC specific devicetree checks
[matsu_it82000:rw] CMake Warning at /mnt/host/source/src/platform/ec/zephyr/cmake/linker/ld/linker_libraries.cmake:11 (message):
[matsu_it82000:rw]   Disabling c_library
[quartz:rw] [82/349] Building ASM object zephyr/arch/arch/arm/core/cortex_m/CMakeFiles/arch__arm__core__cortex_m.dir/reset.S.obj
[quartz:rw] [83/349] Building C object zephyr/arch/arch/arm/core/cortex_m/CMakeFiles/arch__arm__core__cortex_m.dir/scb.c.obj
[quartz:rw] [84/349] Building C object zephyr/arch/arch/arm/core/cortex_m/CMakeFiles/arch__arm__core__cortex_m.dir/thread_abort.c.obj
[helipilot:rw] [37/526] Building CXX object CMakeFiles/app.dir/mnt/host/source/src/platform/ec/build/zephyr/helipilot/modules/ec/common/fpsensor/fpsensor_auth_crypto_stateful.cc.obj
[pujjoga:rw] -- Generated zephyr.dts: /mnt/host/source/src/platform/ec/build/zephyr/pujjoga/build-rw/zephyr/zephyr.dts
[pujjoga:rw] -- Generated pickled edt: /mnt/host/source/src/platform/ec/build/zephyr/pujjoga/build-rw/zephyr/edt.pickle
[rex-ish:singleimage] INFO: Verified 6 GPIOs, no duplicates found
[rex-ish:singleimage] INFO: Verified 0 '*-gpios' properties, all flags match.
[rex-ish:singleimage] INFO: Skipped 1 named-gpios children.
[rex-ish:singleimage] -- Generating component manifest file
[caboc:ro] -- Generated devicetree_generated.h: /mnt/host/source/src/platform/ec/build/zephyr/caboc/build-ro/zephyr/include/generated/zephyr/devicetree_generated.h
[quartz:rw] [85/349] Building ASM object zephyr/arch/arch/arm/core/cortex_m/CMakeFiles/arch__arm__core__cortex_m.dir/vector_table.S.obj
[helipilot:rw] [38/526] Building CXX object CMakeFiles/app.dir/mnt/host/source/src/platform/ec/build/zephyr/helipilot/modules/ec/common/fpsensor/fpsensor_auth_commands.cc.obj
[rex-ish:singleimage] INFO: Running CME, outputting to /mnt/host/source/src/platform/ec/build/zephyr/rex-ish/build-singleimage/zephyr/component_manifest.json
[rex-ish:singleimage] INFO: Project rex-ish does not support SSFC
[rex-ish:singleimage] INFO: No usbc node found
[rex-ish:singleimage] INFO: Component base-als-rgb(cros-ec,tcs3400-rgb) not on I2C bus, skip it
[rex-ish:singleimage] INFO: No motionsense-sensor-alt node found
[matsu_it82000:rw] -- Performing EC specific devicetree checks
[helipilot:rw] [39/526] Building CXX object CMakeFiles/app.dir/mnt/host/source/src/platform/ec/build/zephyr/helipilot/modules/ec/common/fpsensor/fpsensor_vendor_command.cc.obj
[rex-ish:singleimage] -- warning_base_override: -Wall;-Wformat;-Wformat-security;-Wformat;-Wno-format-zero-length;-Wno-pointer-sign;-Wpointer-arith;-Wexpansion-to-defined
[matsu_it82000:rw] Call Stack (most recent call first):
[matsu_it82000:rw]   /mnt/host/source/src/third_party/zephyr/main/cmake/target_toolchain_flags.cmake:48 (include)
[matsu_it82000:rw]   /mnt/host/source/src/third_party/zephyr/main/cmake/modules/kernel.cmake:153 (include)
[matsu_it82000:rw]   /mnt/host/source/src/third_party/zephyr/main/cmake/modules/zephyr_default.cmake:138 (include)
[matsu_it82000:rw]   /mnt/host/source/src/third_party/zephyr/main/share/zephyr-package/cmake/ZephyrConfig.cmake:66 (include)
[matsu_it82000:rw]   /mnt/host/source/src/third_party/zephyr/main/share/zephyr-package/cmake/ZephyrConfig.cmake:97 (include_boilerplate)
[matsu_it82000:rw]   CMakeLists.txt:7 (find_package)
[matsu_it82000:rw] INFO: Verified 43 GPIOs, no duplicates found
[matsu_it82000:rw] INFO: Verified 24 '*-gpios' properties, all flags match.
[pujjoga:rw] -- Generated devicetree_generated.h: /mnt/host/source/src/platform/ec/build/zephyr/pujjoga/build-rw/zephyr/include/generated/zephyr/devicetree_generated.h
[matsu_it82000:rw] -- Generating component manifest file
[rex-ish-ec:rw] warning: Deprecated symbol I2C_ALLOW_NO_STOP_TRANSACTIONS is enabled.
[/mnt/host/source/src/platform/ec/build/zephyr/kanix-lcov]   /mnt/host/source/src/platform/ec/build/zephyr/kanix/build-ro/CMakeFiles/app.dir/mnt/host/source/src/platform/ec/build/zephyr/kanix/modules/ec/common/usb_pd_pdo.c.gcno:no functions found
[/mnt/host/source/src/platform/ec/build/zephyr/kanix-lcov] stderr:
[quartz:rw] [86/349] Building ASM object zephyr/arch/arch/arm/core/cortex_m/CMakeFiles/arch__arm__core__cortex_m.dir/swap_helper.S.obj
[quartz:rw] [87/349] Building C object zephyr/arch/arch/arm/core/cortex_m/CMakeFiles/arch__arm__core__cortex_m.dir/irq_manage.c.obj
[quartz:rw] [88/349] Building C object zephyr/arch/arch/arm/core/cortex_m/CMakeFiles/arch__arm__core__cortex_m.dir/prep_c.c.obj
[quartz:rw] [89/349] Building C object zephyr/arch/arch/arm/core/cortex_m/CMakeFiles/arch__arm__core__cortex_m.dir/thread.c.obj
[quartz:rw] [90/349] Building C object zephyr/arch/arch/arm/core/cortex_m/CMakeFiles/arch__arm__core__cortex_m.dir/cpu_idle.c.obj
[quartz:rw] [91/349] Building C object zephyr/arch/arch/arm/core/cortex_m/CMakeFiles/arch__arm__core__cortex_m.dir/irq_init.c.obj
[rex-ish:singleimage] -- Found gen_kobject_list: /mnt/host/source/src/third_party/zephyr/main/scripts/build/gen_kobject_list.py
[quartz:rw] [92/349] Building C object zephyr/arch/arch/arm/core/cortex_m/CMakeFiles/arch__arm__core__cortex_m.dir/isr_wrapper.c.obj
[rex-ish:singleimage] CMake Warning at /mnt/host/source/src/third_party/zephyr/main/CMakeLists.txt:1134 (message):
[rex-ish:singleimage]   No SOURCES given to Zephyr library: drivers__syscon
[rex-ish:singleimage]   Excluding target from build.
[rex-ish:singleimage] CMake Warning at /mnt/host/source/src/third_party/zephyr/main/CMakeLists.txt:2359 (message):
[rex-ish:singleimage]   __ASSERT() statements are globally ENABLED
[quartz:rw] [93/349] Linking C static library zephyr/arch/arch/arm/core/cortex_m/libarch__arm__core__cortex_m.a
[helipilot:rw] [40/526] Building C object CMakeFiles/app.dir/mnt/host/source/src/platform/ec/build/zephyr/helipilot/modules/ec/common/host_command.c.obj
[quartz:rw] [94/349] Building C object zephyr/arch/arch/arm/core/mpu/CMakeFiles/arch__arm__core__mpu.dir/arm_core_mpu.c.obj
[matsu_it82000:rw] INFO: Skipped 11 named-gpios children.
[matsu_it82000:rw] INFO: Running CME, outputting to /mnt/host/source/src/platform/ec/build/zephyr/matsu_it82000/build-rw/zephyr/component_manifest.json
[matsu_it82000:rw] INFO: Project matsu_it82000 does not support SSFC
[matsu_it82000:rw] INFO: No motionsense-sensor node found
[quartz:rw] [95/349] Building C object zephyr/arch/arch/arm/core/mpu/CMakeFiles/arch__arm__core__mpu.dir/arm_mpu.c.obj
[quartz:rw] [96/349] Building C object zephyr/arch/arch/arm/core/mpu/CMakeFiles/arch__arm__core__mpu.dir/arm_mpu_regions.c.obj
[matsu_it82000:rw] -- warning_base_override: -Wall;-Wformat;-Wformat-security;-Wformat;-Wno-format-zero-length;-Wno-pointer-sign;-Wpointer-arith;-Wexpansion-to-defined
[matsu_it82000:rw] The PW_ROOT environment variable is not set; using /mnt/host/source/src/platform/ec/build/zephyr/matsu_it82000/modules/pigweed within CMake
[quartz:rw] [97/349] Linking C static library zephyr/arch/arch/arm/core/mpu/libarch__arm__core__mpu.a
[helipilot:rw] [41/526] Building C object CMakeFiles/app.dir/mnt/host/source/src/platform/ec/build/zephyr/helipilot/modules/ec/common/host_event_commands.c.obj
[quartz:rw] [98/349] Generating ../../../include/generated/libc/minimal/strerror_table.h
[quartz:rw] [99/349] Building C object zephyr/lib/libc/minimal/CMakeFiles/lib__libc__minimal.dir/source/stdlib/atoi.c.obj
[rex-ish:singleimage] -- Configuring done (14.4s)
[/mnt/host/source/src/platform/ec/build/zephyr/veluza-lcov]   /mnt/host/source/src/platform/ec/build/zephyr/veluza/build-ro/modules/ec/zephyr/CMakeFiles/ec_shim.dir/shim/src/keyscan.c.gcno:no functions found
[/mnt/host/source/src/platform/ec/build/zephyr/veluza-lcov] stderr:
[quartz:rw] [100/349] Building C object zephyr/lib/libc/minimal/CMakeFiles/lib__libc__minimal.dir/source/stdlib/strtol.c.obj
[quartz:rw] [101/349] Building C object zephyr/lib/libc/minimal/CMakeFiles/lib__libc__minimal.dir/source/stdlib/strtoul.c.obj
[quartz:rw] [102/349] Building C object zephyr/lib/libc/minimal/CMakeFiles/lib__libc__minimal.dir/source/stdlib/strtoll.c.obj
[quartz:rw] [103/349] Building C object zephyr/lib/libc/minimal/CMakeFiles/lib__libc__minimal.dir/source/stdlib/strtoull.c.obj
[quartz:rw] [104/349] Building C object zephyr/lib/libc/minimal/CMakeFiles/lib__libc__minimal.dir/source/stdlib/bsearch.c.obj
[quartz:rw] [105/349] Building C object zephyr/lib/libc/minimal/CMakeFiles/lib__libc__minimal.dir/source/stdlib/exit.c.obj
[quartz:rw] [106/349] Building C object zephyr/lib/libc/minimal/CMakeFiles/lib__libc__minimal.dir/source/stdlib/qsort.c.obj
[quartz:rw] [107/349] Building C object zephyr/lib/libc/minimal/CMakeFiles/lib__libc__minimal.dir/source/string/strerror.c.obj
[quartz:rw] [108/349] Building C object zephyr/lib/libc/minimal/CMakeFiles/lib__libc__minimal.dir/source/string/strncasecmp.c.obj
[quartz:rw] [109/349] Building C object zephyr/lib/libc/minimal/CMakeFiles/lib__libc__minimal.dir/source/string/strstr.c.obj
[quartz:rw] [110/349] Building C object zephyr/lib/libc/minimal/CMakeFiles/lib__libc__minimal.dir/source/string/string.c.obj
[quartz:rw] [111/349] Building C object zephyr/lib/libc/minimal/CMakeFiles/lib__libc__minimal.dir/source/string/strspn.c.obj
[quartz:rw] [112/349] Building C object zephyr/lib/libc/minimal/CMakeFiles/lib__libc__minimal.dir/source/stdout/stdout_console.c.obj
[quartz:rw] [113/349] Building C object zephyr/lib/libc/minimal/CMakeFiles/lib__libc__minimal.dir/source/stdout/sprintf.c.obj
[quartz:rw] [114/349] Building C object zephyr/lib/libc/minimal/CMakeFiles/lib__libc__minimal.dir/source/stdout/fprintf.c.obj
[quartz:rw] [115/349] Building C object zephyr/lib/libc/minimal/CMakeFiles/lib__libc__minimal.dir/source/math/sqrtf.c.obj
[quartz:rw] [116/349] Building C object zephyr/lib/libc/minimal/CMakeFiles/lib__libc__minimal.dir/source/math/sqrt.c.obj
[quartz:rw] [117/349] Building C object zephyr/lib/libc/minimal/CMakeFiles/lib__libc__minimal.dir/source/time/gmtime.c.obj
[rex-ish-ec:rw] Parsing /mnt/host/source/src/platform/ec/zephyr/program/rex/Kconfig
[rex-ish:singleimage] -- Generating done (0.4s)
[rex-ish:singleimage] CMake Warning:
[rex-ish:singleimage] -- Build files have been written to: /mnt/host/source/src/platform/ec/build/zephyr/rex-ish/build-singleimage
[quartz:rw] [118/349] Linking C static library zephyr/lib/libc/minimal/liblib__libc__minimal.a
[quartz:rw] [119/349] Building C object zephyr/lib/libc/common/CMakeFiles/lib__libc__common.dir/source/stdlib/abort.c.obj
[helipilot:rw] [42/526] Building CXX object CMakeFiles/app.dir/mnt/host/source/src/platform/ec/build/zephyr/helipilot/modules/ec/crypto/elliptic_curve_key.cc.obj
[quartz:rw] [120/349] Building C object zephyr/lib/libc/common/CMakeFiles/lib__libc__common.dir/source/time/asctime.c.obj
[quartz:rw] [121/349] Building C object zephyr/lib/libc/common/CMakeFiles/lib__libc__common.dir/source/time/gmtime_r.c.obj
[caboc:ro] /mnt/host/source/src/platform/ec/build/zephyr/caboc/build-ro/zephyr/zephyr.dts:1353.27-2079.5: Warning (avoid_unnecessary_addr_size): /soc/pin-controller: unnecessary #address-cells/#size-cells without "ranges" or child "reg" property
[quartz:rw] [122/349] Building C object zephyr/lib/libc/common/CMakeFiles/lib__libc__common.dir/source/time/localtime_r_utc.c.obj
[quartz:rw] [123/349] Building C object zephyr/lib/libc/common/CMakeFiles/lib__libc__common.dir/source/time/ctime.c.obj
[helipilot:rw] [43/526] Building CXX object CMakeFiles/app.dir/mnt/host/source/src/platform/ec/build/zephyr/helipilot/modules/ec/common/fpsensor/fpsensor_utils.cc.obj
[quartz:rw] [124/349] Building C object zephyr/lib/libc/common/CMakeFiles/lib__libc__common.dir/source/time/time.c.obj
[quartz:rw] [125/349] Building C object zephyr/lib/libc/common/CMakeFiles/lib__libc__common.dir/source/stdlib/malloc.c.obj
[quartz:rw] [126/349] Building C object zephyr/lib/libc/common/CMakeFiles/lib__libc__common.dir/source/string/strnlen.c.obj
[rex-ish:singleimage]   Manually-specified variables were not used by the project:
[rex-ish:singleimage]     COREBOOT_SDK_ROOT_arm
[rex-ish:singleimage]     COREBOOT_SDK_ROOT_libstdcxx_arm
[rex-ish:singleimage]     COREBOOT_SDK_ROOT_libstdcxx_riscv64
[rex-ish:singleimage]     COREBOOT_SDK_ROOT_nds32
[rex-ish:singleimage]     COREBOOT_SDK_ROOT_picolibc_arm
[rex-ish:singleimage]     COREBOOT_SDK_ROOT_picolibc_riscv64
[rex-ish:singleimage]     COREBOOT_SDK_ROOT_riscv
[rex-ish:singleimage]     COREBOOT_SDK_ROOT_riscv64
[quartz:rw] [127/349] Building C object zephyr/lib/posix/c_lib_ext/CMakeFiles/lib__posix__c_lib_ext.dir/fnmatch.c.obj
[quartz:rw] [128/349] Building C object zephyr/lib/posix/c_lib_ext/CMakeFiles/lib__posix__c_lib_ext.dir/getentropy.c.obj
[quartz:rw] [129/349] Linking C static library zephyr/lib/libc/common/liblib__libc__common.a
[quartz:rw] [130/349] Building C object zephyr/subsys/crc/CMakeFiles/subsys__crc.dir/crc4_sw.c.obj
[quartz:rw] [131/349] Building C object zephyr/subsys/crc/CMakeFiles/subsys__crc.dir/crc8_sw.c.obj
[quartz:rw] [132/349] Building C object zephyr/lib/posix/c_lib_ext/CMakeFiles/lib__posix__c_lib_ext.dir/getopt_shim.c.obj
[quartz:rw] [133/349] Building C object zephyr/subsys/crc/CMakeFiles/subsys__crc.dir/crc16_sw.c.obj
[quartz:rw] [134/349] Building C object zephyr/subsys/crc/CMakeFiles/subsys__crc.dir/crc7_sw.c.obj
[quartz:rw] [135/349] Building C object zephyr/subsys/crc/CMakeFiles/subsys__crc.dir/crc24_sw.c.obj
[helipilot:rw] [44/526] Building C object CMakeFiles/app.dir/mnt/host/source/src/platform/ec/build/zephyr/helipilot/modules/ec/common/uart_hostcmd.c.obj
[quartz:rw] [136/349] Building C object zephyr/subsys/crc/CMakeFiles/subsys__crc.dir/crc32c_sw.c.obj
[quartz:rw] [137/349] Building C object zephyr/subsys/crc/CMakeFiles/subsys__crc.dir/crc32_sw.c.obj
[quartz:rw] [138/349] Building C object zephyr/subsys/crc/CMakeFiles/subsys__crc.dir/crc32k_4_2_sw.c.obj
[quartz:rw] [139/349] Linking C static library zephyr/lib/posix/c_lib_ext/liblib__posix__c_lib_ext.a
[quartz:rw] [140/349] Building C object zephyr/subsys/input/CMakeFiles/subsys__input.dir/input.c.obj
[quartz:rw] [141/349] Building C object zephyr/subsys/input/CMakeFiles/subsys__input.dir/input_hid.c.obj
[helipilot:rw] [45/526] Building C object CMakeFiles/app.dir/mnt/host/source/src/platform/ec/build/zephyr/helipilot/modules/ec/common/uptime.c.obj
[quartz:rw] [142/349] Building C object zephyr/subsys/input/CMakeFiles/subsys__input.dir/input_utils.c.obj
[quartz:rw] [143/349] Linking C static library zephyr/subsys/crc/libsubsys__crc.a
[quartz:rw] [144/349] Building C object zephyr/drivers/interrupt_controller/CMakeFiles/drivers__interrupt_controller.dir/intc_miwu.c.obj
[quartz:rw] [145/349] Linking C static library zephyr/subsys/input/libsubsys__input.a
[quartz:rw] [146/349] Building C object zephyr/drivers/adc/CMakeFiles/drivers__adc.dir/adc_common.c.obj
[quartz:rw] [147/349] Linking C static library zephyr/drivers/interrupt_controller/libdrivers__interrupt_controller.a
[quartz:rw] [148/349] Building C object zephyr/drivers/adc/CMakeFiles/drivers__adc.dir/adc_npcx.c.obj
[quartz:rw] [149/349] Building C object zephyr/drivers/bbram/CMakeFiles/drivers__bbram.dir/bbram_npcx.c.obj
[quartz:rw] [150/349] Linking C static library zephyr/drivers/bbram/libdrivers__bbram.a
[quartz:rw] [151/349] Linking C static library zephyr/drivers/adc/libdrivers__adc.a
[quartz:rw] [152/349] Building C object zephyr/drivers/clock_control/CMakeFiles/drivers__clock_control.dir/clock_control_npcx.c.obj
[quartz:rw] [153/349] Building C object zephyr/drivers/console/CMakeFiles/drivers__console.dir/uart_console.c.obj
[quartz:rw] [154/349] Linking C static library zephyr/drivers/console/libdrivers__console.a
[quartz:rw] [155/349] Linking C static library zephyr/drivers/clock_control/libdrivers__clock_control.a
[quartz:rw] [156/349] Building C object zephyr/drivers/flash/CMakeFiles/drivers__flash.dir/jesd216.c.obj
[quartz:rw] [157/349] Building C object zephyr/drivers/flash/CMakeFiles/drivers__flash.dir/flash_npcx_fiu_nor.c.obj
[quartz:rw] [158/349] Building C object zephyr/drivers/flash/CMakeFiles/drivers__flash.dir/flash_npcx_fiu_qspi.c.obj
[quartz:rw] [159/349] Building C object zephyr/drivers/gpio/CMakeFiles/drivers__gpio.dir/gpio_npcx.c.obj
[helipilot:rw] [46/526] Building CXX object CMakeFiles/app.dir/mnt/host/source/src/platform/ec/build/zephyr/helipilot/modules/ec/common/fpsensor/fpsensor_frame_size.cc.obj
[helipilot:rw] [47/526] Building CXX object CMakeFiles/app.dir/mnt/host/source/src/platform/ec/build/zephyr/helipilot/modules/ec/common/fpsensor/fpsensor_auth_crypto_stateless.cc.obj
[quartz:rw] [160/349] Linking C static library zephyr/drivers/gpio/libdrivers__gpio.a
[quartz:rw] [161/349] Building C object zephyr/drivers/i2c/CMakeFiles/drivers__i2c.dir/i2c_common.c.obj
[quartz:rw] [162/349] Linking C static library zephyr/drivers/flash/libdrivers__flash.a
[quartz:rw] [163/349] Building C object zephyr/drivers/i2c/CMakeFiles/drivers__i2c.dir/i2c_shell.c.obj
[quartz:rw] [164/349] Building C object zephyr/drivers/i2c/CMakeFiles/drivers__i2c.dir/i2c_npcx_controller.c.obj
[quartz:rw] [165/349] Building C object zephyr/drivers/i2c/CMakeFiles/drivers__i2c.dir/i2c_npcx_controller_fifo.c.obj
[quartz:rw] [166/349] Building C object zephyr/drivers/i2c/CMakeFiles/drivers__i2c.dir/i2c_npcx_port.c.obj
[quartz:rw] [167/349] Building C object zephyr/drivers/input/CMakeFiles/drivers__input.dir/input_kbd_matrix.c.obj
[rex-ish-ec:rw] Loaded configuration '/mnt/host/source/src/platform/ec/zephyr/boards/google/npcx9/npcx9_npcx9m7f_defconfig'
[rex-ish-ec:rw] Merged configuration '/mnt/host/source/src/platform/ec/zephyr/program/rex/program.conf'
[rex-ish-ec:rw] Merged configuration '/mnt/host/source/src/platform/ec/zephyr/program/rex/rex/project.conf'
[rex-ish-ec:rw] Merged configuration '/mnt/host/source/src/platform/ec/zephyr/program/rex/rex-ish-ec/project.conf'
[rex-ish-ec:rw] Merged configuration '/mnt/host/source/src/platform/ec/build/zephyr/rex-ish-ec/kconfig-rw.conf'
[rex-ish-ec:rw] Configuration saved to '/mnt/host/source/src/platform/ec/build/zephyr/rex-ish-ec/build-rw/zephyr/.config'
[rex-ish-ec:rw] Kconfig header saved to '/mnt/host/source/src/platform/ec/build/zephyr/rex-ish-ec/build-rw/zephyr/include/generated/zephyr/autoconf.h'
[rex-ish-ec:rw] -- Found GnuLd: /home/jpmurphy/.cache/coreboot-sdk/arm-eabi/ea40ddd1d190c3b48435c474c0b545719371813a/arm-eabi/bin/ld.bfd (found version "2.43.1")
[quartz:rw] [168/349] Building C object zephyr/drivers/input/CMakeFiles/drivers__input.dir/input_npcx_kbd.c.obj
[helipilot:rw] [48/526] Building C object CMakeFiles/app.dir/mnt/host/source/src/platform/ec/build/zephyr/helipilot/modules/ec/common/mkbp_event.c.obj
[helipilot:rw] [49/526] Building C object CMakeFiles/app.dir/mnt/host/source/src/platform/ec/build/zephyr/helipilot/modules/ec/common/mkbp_fifo.c.obj
[quartz:rw] [169/349] Linking C static library zephyr/drivers/i2c/libdrivers__i2c.a
[quartz:rw] [170/349] Building C object zephyr/drivers/led_strip/CMakeFiles/drivers__led_strip.dir/ws2812_uart.c.obj
[quartz:rw] [171/349] Linking C static library zephyr/drivers/input/libdrivers__input.a
[quartz:rw] [172/349] Building C object zephyr/drivers/pinctrl/CMakeFiles/drivers__pinctrl.dir/common.c.obj
[quartz:rw] [173/349] Building C object zephyr/drivers/pinctrl/CMakeFiles/drivers__pinctrl.dir/pinctrl_npcx.c.obj
[quartz:rw] [174/349] Linking C static library zephyr/drivers/led_strip/libdrivers__led_strip.a
[quartz:rw] [175/349] Building C object zephyr/drivers/pwm/CMakeFiles/drivers__pwm.dir/pwm_shell.c.obj
[quartz:rw] [176/349] Building C object zephyr/drivers/pwm/CMakeFiles/drivers__pwm.dir/pwm_npcx.c.obj
[helipilot:rw] [50/526] Building C object CMakeFiles/app.dir/mnt/host/source/src/platform/ec/build/zephyr/helipilot/modules/ec/common/panic_output.c.obj
[quartz:rw] [177/349] Linking C static library zephyr/drivers/pinctrl/libdrivers__pinctrl.a
[rex-ish-ec:rw] -- The C compiler identification is GNU 14.2.0
[quartz:rw] [178/349] Building C object zephyr/drivers/sensor/CMakeFiles/drivers__sensor.dir/mnt/host/source/src/third_party/zephyr/main/misc/empty_file.c.obj
[quartz:rw] [179/349] Linking C static library zephyr/drivers/pwm/libdrivers__pwm.a
[quartz:rw] [180/349] Building C object zephyr/drivers/sensor/nuvoton/nuvoton_tach_npcx/CMakeFiles/drivers__sensor__nuvoton__nuvoton_tach_npcx.dir/tach_nuvoton_npcx.c.obj
[quartz:rw] [181/349] Linking C static library zephyr/drivers/sensor/libdrivers__sensor.a
[helipilot:rw] [51/526] Building C object CMakeFiles/app.dir/mnt/host/source/src/platform/ec/build/zephyr/helipilot/modules/ec/common/vboot/vb21_lib.c.obj
[quartz:rw] [182/349] Building C object zephyr/drivers/serial/CMakeFiles/drivers__serial.dir/uart_npcx.c.obj
[quartz:rw] [183/349] Linking C static library zephyr/drivers/sensor/nuvoton/nuvoton_tach_npcx/libdrivers__sensor__nuvoton__nuvoton_tach_npcx.a
[quartz:rw] [184/349] Building C object zephyr/drivers/spi/CMakeFiles/drivers__spi.dir/mnt/host/source/src/third_party/zephyr/main/misc/empty_file.c.obj
[quartz:rw] [185/349] Linking C static library zephyr/drivers/serial/libdrivers__serial.a
[rex-ish-ec:rw] -- The CXX compiler identification is GNU 14.2.0
[quartz:rw] [186/349] Building C object zephyr/drivers/syscon/CMakeFiles/drivers__syscon.dir/syscon.c.obj
[quartz:rw] [187/349] Linking C static library zephyr/drivers/spi/libdrivers__spi.a
[quartz:rw] [188/349] Building C object zephyr/drivers/timer/CMakeFiles/drivers__timer.dir/sys_clock_init.c.obj
[quartz:rw] [189/349] Linking C static library zephyr/drivers/syscon/libdrivers__syscon.a
[rex-ish-ec:rw] -- The ASM compiler identification is GNU
[rex-ish-ec:rw] -- Found assembler: /home/jpmurphy/.cache/coreboot-sdk/arm-eabi/ea40ddd1d190c3b48435c474c0b545719371813a/bin/arm-eabi-gcc
[rex-ish-ec:rw] CMake Warning at /mnt/host/source/src/platform/ec/zephyr/cmake/linker/ld/linker_libraries.cmake:11 (message):
[quartz:rw] [190/349] Building C object zephyr/drivers/timer/CMakeFiles/drivers__timer.dir/npcx_itim_timer.c.obj
[quartz:rw] [191/349] Building C object zephyr/drivers/watchdog/CMakeFiles/drivers__watchdog.dir/wdt_npcx.c.obj
[quartz:rw] [192/349] Building C object zephyr/drivers/watchdog/CMakeFiles/drivers__watchdog.dir/wdt_shell.c.obj
[helipilot:rw] [52/526] Building C object CMakeFiles/app.dir/mnt/host/source/src/platform/ec/build/zephyr/helipilot/modules/ec/libc/sbrk.c.obj
[quartz:rw] [193/349] Linking C static library zephyr/drivers/timer/libdrivers__timer.a
[quartz:rw] [194/349] Building C object modules/ec/zephyr/CMakeFiles/ec_shim.dir/app/ec/ec_app_main.c.obj
[quartz:rw] [195/349] Linking C static library zephyr/drivers/watchdog/libdrivers__watchdog.a
[quartz:rw] [196/349] Building C object modules/ec/zephyr/CMakeFiles/ec_shim.dir/app/ec/main_shim.c.obj
[quartz:rw] [197/349] Building C object modules/ec/zephyr/CMakeFiles/ec_shim.dir/drivers/cros_flash/cros_flash_npcx.c.obj
[quartz:rw] [198/349] Building C object modules/ec/zephyr/CMakeFiles/ec_shim.dir/drivers/cros_kblight/pwm_kblight.c.obj
[quartz:rw] [199/349] Building C object modules/ec/zephyr/CMakeFiles/ec_shim.dir/drivers/cros_rtc/cros_rtc_npcx.c.obj
[helipilot:rw] [53/526] Building C object CMakeFiles/app.dir/mnt/host/source/src/platform/ec/build/zephyr/helipilot/modules/ec/common/rollback.c.obj
[quartz:rw] [200/349] Building C object modules/ec/zephyr/CMakeFiles/ec_shim.dir/drivers/cros_shi/cros_shi_npcx.c.obj
[quartz:rw] [201/349] Building C object modules/ec/zephyr/CMakeFiles/ec_shim.dir/drivers/cros_system/cros_system_npcx.c.obj
[quartz:rw] [202/349] Building C object modules/ec/zephyr/CMakeFiles/ec_shim.dir/drivers/keyboard_input/keyboard_customization_check.c.obj
[quartz:rw] [203/349] Building C object modules/ec/zephyr/CMakeFiles/ec_shim.dir/drivers/keyboard_input/keyboard_input.c.obj
[quartz:rw] [204/349] Building C object modules/ec/zephyr/CMakeFiles/ec_shim.dir/drivers/boot_keys/boot_keys.c.obj
[helipilot:rw] [54/526] Building C object CMakeFiles/app.dir/mnt/host/source/src/platform/ec/build/zephyr/helipilot/modules/ec/common/spi_flash_reg.c.obj
[quartz:rw] [205/349] Building C object modules/ec/zephyr/CMakeFiles/ec_shim.dir/drivers/runtime_keys/runtime_keys.c.obj
[quartz:rw] [206/349] Building C object modules/ec/zephyr/CMakeFiles/ec_shim.dir/shim/chip/npcx/clock.c.obj
[quartz:rw] [207/349] Building C object modules/ec/zephyr/CMakeFiles/ec_shim.dir/shim/chip/npcx/gpio.c.obj
[quartz:rw] [208/349] Building C object modules/ec/zephyr/CMakeFiles/ec_shim.dir/shim/chip/npcx/rom_chip.c.obj
[quartz:rw] [209/349] Building C object modules/ec/zephyr/CMakeFiles/ec_shim.dir/shim/chip/npcx/shi.c.obj
[quartz:rw] [210/349] Building C object modules/ec/zephyr/CMakeFiles/ec_shim.dir/shim/chip/npcx/system_external_storage.c.obj
[quartz:rw] [211/349] Building C object modules/ec/zephyr/CMakeFiles/ec_shim.dir/shim/chip/npcx/system.c.obj
[quartz:rw] [212/349] Building C object modules/ec/zephyr/CMakeFiles/ec_shim.dir/shim/chip/npcx/power_policy.c.obj
[quartz:rw] [213/349] Building C object modules/ec/zephyr/CMakeFiles/ec_shim.dir/shim/core/cortex-m/mpu.c.obj
[quartz:rw] [214/349] Building C object modules/ec/zephyr/CMakeFiles/ec_shim.dir/shim/core/cortex-m/panic.c.obj
[quartz:rw] [215/349] Building C object modules/ec/zephyr/CMakeFiles/ec_shim.dir/shim/src/console.c.obj
[quartz:rw] [216/349] Building C object modules/ec/zephyr/CMakeFiles/ec_shim.dir/shim/src/crc.c.obj
[quartz:rw] [217/349] Building C object modules/ec/zephyr/CMakeFiles/ec_shim.dir/shim/src/gpio.c.obj
[helipilot:rw] [55/526] Building C object CMakeFiles/app.dir/mnt/host/source/src/platform/ec/build/zephyr/helipilot/modules/ec/common/shared_mem_libc.c.obj
[quartz:rw] [218/349] Building C object modules/ec/zephyr/CMakeFiles/ec_shim.dir/shim/src/panic_utils.c.obj
[quartz:rw] [219/349] Building C object modules/ec/zephyr/CMakeFiles/ec_shim.dir/shim/src/gpio_int.c.obj
[quartz:rw] [220/349] Building C object modules/ec/zephyr/CMakeFiles/ec_shim.dir/shim/src/pm_state.c.obj
[quartz:rw] [221/349] Building C object modules/ec/zephyr/CMakeFiles/ec_shim.dir/shim/src/cbi/cros_cbi.c.obj
[quartz:rw] [222/349] Building C object modules/ec/zephyr/CMakeFiles/ec_shim.dir/shim/src/cbi/cbi_flash.c.obj
[quartz:rw] [223/349] Building C object modules/ec/zephyr/CMakeFiles/ec_shim.dir/shim/src/led_driver/led.c.obj
[quartz:rw] [224/349] Building C object modules/ec/zephyr/CMakeFiles/ec_shim.dir/shim/src/system.c.obj
[quartz:rw] [225/349] Building C object modules/ec/zephyr/CMakeFiles/ec_shim.dir/shim/src/popcountsi2.c.obj
[quartz:rw] [226/349] Building C object modules/ec/zephyr/CMakeFiles/ec_shim.dir/shim/src/adc.c.obj
[quartz:rw] [227/349] Building C object modules/ec/zephyr/CMakeFiles/ec_shim.dir/shim/src/battery.c.obj
[quartz:rw] [228/349] Building C object modules/ec/zephyr/CMakeFiles/ec_shim.dir/shim/src/fan.c.obj
[helipilot:rw] [56/526] Building C object CMakeFiles/app.dir/mnt/host/source/src/platform/ec/build/zephyr/helipilot/modules/ec/common/timer.c.obj
[quartz:rw] [229/349] Building C object modules/ec/zephyr/CMakeFiles/ec_shim.dir/shim/src/flash.c.obj
[quartz:rw] [230/349] Building C object modules/ec/zephyr/CMakeFiles/ec_shim.dir/shim/src/hooks.c.obj
[quartz:rw] [231/349] Building C object modules/ec/zephyr/CMakeFiles/ec_shim.dir/shim/src/host_command.c.obj
[helipilot:rw] [57/526] Building C object CMakeFiles/app.dir/mnt/host/source/src/platform/ec/build/zephyr/helipilot/modules/ec/common/rtc.c.obj
[quartz:rw] [232/349] Building C object modules/ec/zephyr/CMakeFiles/ec_shim.dir/shim/src/console_buffer.c.obj
[quartz:rw] [233/349] Building ASM object modules/ec/zephyr/CMakeFiles/ec_shim.dir/shim/src/libgcc_arm.S.obj
[quartz:rw] [234/349] Building C object modules/ec/zephyr/CMakeFiles/ec_shim.dir/shim/src/mkbp_event.c.obj
[quartz:rw] [235/349] Building C object modules/ec/zephyr/CMakeFiles/ec_shim.dir/shim/src/panic.c.obj
[quartz:rw] [236/349] Building C object modules/ec/zephyr/CMakeFiles/ec_shim.dir/shim/src/pwm_hc.c.obj
[quartz:rw] [237/349] Building C object modules/ec/zephyr/CMakeFiles/ec_shim.dir/shim/src/rtc.c.obj
[quartz:rw] [238/349] Building C object modules/ec/zephyr/CMakeFiles/ec_shim.dir/shim/src/temp_sensors.c.obj
[quartz:rw] [239/349] Building C object modules/ec/zephyr/CMakeFiles/ec_shim.dir/shim/src/hwtimer.c.obj
[quartz:rw] [240/349] Building C object modules/ec/zephyr/CMakeFiles/ec_shim.dir/shim/src/thermal.c.obj
[quartz:rw] [241/349] Building C object modules/ec/zephyr/CMakeFiles/ec_shim.dir/shim/src/tasks.c.obj
[quartz:rw] [242/349] Building C object modules/ec/zephyr/CMakeFiles/ec_shim.dir/shim/src/i2c.c.obj
[quartz:rw] [243/349] Building C object modules/ec/zephyr/CMakeFiles/ec_shim.dir/shim/src/watchdog.c.obj
[quartz:rw] [244/349] Building C object modules/ec/zephyr/CMakeFiles/ec_shim.dir/shim/src/usbc_stub.c.obj
[/mnt/host/source/src/platform/ec/build/zephyr/ite-aic-rtk-pdc-lcov]   /mnt/host/source/src/platform/ec/build/zephyr/ite-aic-rtk-pdc/build-rw/zephyr/CMakeFiles/zephyr.dir/soc/ite/ec/it8xxx2/check_regs.c.gcno:no functions found
[/mnt/host/source/src/platform/ec/build/zephyr/ite-aic-rtk-pdc-lcov] stderr:
[helipilot:rw] [58/526] Building C object zephyr/CMakeFiles/zephyr.dir/lib/cpp/abi/cpp_dtors.c.obj
[quartz:rw] [245/349] Linking C static library modules/ec/zephyr/libec_shim.a
[quartz:rw] [246/349] cd /mnt/host/source/src/platform/ec/build/zephyr/quartz/build-rw/modules/ec/zephyr && PYTHONPATH=/mnt/host/source/src/platform/ec/build/zephyr/quartz/modules/ec/zephyr/zmake/ /usr/bin/python3.11 /mnt/host/source/src/platform/ec/build/zephyr/quartz/modules/ec/zephyr/zmake/zephyr_build_tools/generate_ec_version.py /mnt/host/source/src/platform/ec/build/zephyr/quartz/build-rw/modules/ec/zephyr/include/ec_version.h --name Zephyr-Kernel --version 16543.0.0 --static
[quartz:rw] INFO:root:Using a static version string
[quartz:rw] INFO:root:Version string: Zephyr-Kernel-16543.0.0
[quartz:rw] INFO:root:Writing header to /mnt/host/source/src/platform/ec/build/zephyr/quartz/build-rw/modules/ec/zephyr/include/ec_version.h
[quartz:rw] [247/349] Building C object zephyr/kernel/CMakeFiles/kernel.dir/main_weak.c.obj
[quartz:rw] [248/349] Building C object CMakeFiles/app.dir/mnt/host/source/src/platform/ec/zephyr/subsys/ap_pwrseq/ap_events.c.obj
[rex-ish-ec:rw] -- Performing EC specific devicetree checks
[quartz:rw] [249/349] Building C object CMakeFiles/app.dir/mnt/host/source/src/platform/ec/build/zephyr/quartz/modules/ec/builtin/stdlib.c.obj
[quartz:rw] [250/349] Building C object CMakeFiles/app.dir/mnt/host/source/src/platform/ec/build/zephyr/quartz/modules/ec/common/base32.c.obj
[quartz:rw] [251/349] Building C object CMakeFiles/app.dir/mnt/host/source/src/platform/ec/build/zephyr/quartz/modules/ec/common/console_output.c.obj
[quartz:rw] [252/349] Building C object CMakeFiles/app.dir/mnt/host/source/src/platform/ec/build/zephyr/quartz/modules/ec/common/ec_features.c.obj
[quartz:rw] [253/349] Building C object CMakeFiles/app.dir/mnt/host/source/src/platform/ec/build/zephyr/quartz/modules/ec/common/gpio_commands.c.obj
[quartz:rw] [254/349] Building C object CMakeFiles/app.dir/mnt/host/source/src/platform/ec/build/zephyr/quartz/modules/ec/common/peripheral.c.obj
[quartz:rw] [255/349] Building C object CMakeFiles/app.dir/mnt/host/source/src/platform/ec/build/zephyr/quartz/modules/ec/common/printf.c.obj
[quartz:rw] [256/349] Building C object CMakeFiles/app.dir/mnt/host/source/src/platform/ec/build/zephyr/quartz/modules/ec/common/queue.c.obj
[quartz:rw] [257/349] Building C object CMakeFiles/app.dir/mnt/host/source/src/platform/ec/build/zephyr/quartz/modules/ec/common/system.c.obj
[quartz:rw] [258/349] Building C object CMakeFiles/app.dir/mnt/host/source/src/platform/ec/build/zephyr/quartz/modules/ec/common/system_boot_time.c.obj
[quartz:rw] [259/349] Building C object CMakeFiles/app.dir/mnt/host/source/src/platform/ec/build/zephyr/quartz/modules/ec/common/uart_printf.c.obj
[quartz:rw] [260/349] Building C object CMakeFiles/app.dir/mnt/host/source/src/platform/ec/build/zephyr/quartz/modules/ec/common/util.c.obj
[quartz:rw] [261/349] Building C object CMakeFiles/app.dir/mnt/host/source/src/platform/ec/build/zephyr/quartz/modules/ec/common/adc.c.obj
[quartz:rw] [262/349] Building C object CMakeFiles/app.dir/mnt/host/source/src/platform/ec/build/zephyr/quartz/modules/ec/common/version.c.obj
[quartz:rw] [263/349] Building C object CMakeFiles/app.dir/mnt/host/source/src/platform/ec/build/zephyr/quartz/modules/ec/common/battery.c.obj
[quartz:rw] [264/349] Building C object CMakeFiles/app.dir/mnt/host/source/src/platform/ec/build/zephyr/quartz/modules/ec/common/battery_info.c.obj
[helipilot:rw] [59/526] Building C object CMakeFiles/app.dir/helipilot/src/ec_quirks.c.obj
[quartz:rw] [265/349] Building C object CMakeFiles/app.dir/mnt/host/source/src/platform/ec/build/zephyr/quartz/modules/ec/common/battery_fuel_gauge.c.obj
[quartz:rw] [266/349] Building C object CMakeFiles/app.dir/mnt/host/source/src/platform/ec/build/zephyr/quartz/modules/ec/driver/battery/smart.c.obj
[rex-ish-ec:rw]   Disabling c_library
[rex-ish-ec:rw] Call Stack (most recent call first):
[rex-ish-ec:rw]   /mnt/host/source/src/third_party/zephyr/main/cmake/target_toolchain_flags.cmake:48 (include)
[rex-ish-ec:rw]   /mnt/host/source/src/third_party/zephyr/main/cmake/modules/kernel.cmake:153 (include)
[rex-ish-ec:rw]   /mnt/host/source/src/third_party/zephyr/main/cmake/modules/zephyr_default.cmake:138 (include)
[rex-ish-ec:rw]   /mnt/host/source/src/third_party/zephyr/main/share/zephyr-package/cmake/ZephyrConfig.cmake:66 (include)
[rex-ish-ec:rw]   /mnt/host/source/src/third_party/zephyr/main/share/zephyr-package/cmake/ZephyrConfig.cmake:97 (include_boilerplate)
[rex-ish-ec:rw]   CMakeLists.txt:6 (find_package)
[rex-ish-ec:rw] INFO: Verified 73 GPIOs, no duplicates found
[rex-ish-ec:rw] INFO: Verified 33 '*-gpios' properties, all flags match.
[rex-ish-ec:rw] INFO: Skipped 14 named-gpios children.
[quartz:rw] [267/349] Building C object CMakeFiles/app.dir/mnt/host/source/src/platform/ec/build/zephyr/quartz/modules/ec/common/cbi_common.c.obj
[quartz:rw] [268/349] Building C object CMakeFiles/app.dir/mnt/host/source/src/platform/ec/build/zephyr/quartz/modules/ec/common/cbi.c.obj
[quartz:rw] [269/349] Building C object CMakeFiles/app.dir/mnt/host/source/src/platform/ec/build/zephyr/quartz/modules/ec/common/cbi_config.c.obj
[quartz:rw] [270/349] Building C object CMakeFiles/app.dir/mnt/host/source/src/platform/ec/build/zephyr/quartz/modules/ec/common/memory_commands.c.obj
[quartz:rw] [271/349] Building C object CMakeFiles/app.dir/mnt/host/source/src/platform/ec/build/zephyr/quartz/modules/ec/common/chipset.c.obj
[quartz:rw] [272/349] Building C object CMakeFiles/app.dir/mnt/host/source/src/platform/ec/build/zephyr/quartz/modules/ec/common/ap_reset_log.c.obj
[quartz:rw] [273/349] Building C object CMakeFiles/app.dir/mnt/host/source/src/platform/ec/build/zephyr/quartz/modules/ec/common/extpower_common.c.obj
[quartz:rw] [274/349] Building C object CMakeFiles/app.dir/mnt/host/source/src/platform/ec/build/zephyr/quartz/modules/ec/common/extpower_gpio.c.obj
[quartz:rw] [275/349] Building C object CMakeFiles/app.dir/mnt/host/source/src/platform/ec/build/zephyr/quartz/modules/ec/common/fan.c.obj
[quartz:rw] [276/349] Building C object CMakeFiles/app.dir/mnt/host/source/src/platform/ec/build/zephyr/quartz/modules/ec/common/flash.c.obj
[helipilot:rw] [60/526] Building C object CMakeFiles/app.dir/helipilot/src/fp_transport.c.obj
[quartz:rw] [277/349] Building C object CMakeFiles/app.dir/mnt/host/source/src/platform/ec/build/zephyr/quartz/modules/ec/common/host_command.c.obj
[quartz:rw] [278/349] Building C object CMakeFiles/app.dir/mnt/host/source/src/platform/ec/build/zephyr/quartz/modules/ec/common/host_event_commands.c.obj
[quartz:rw] [279/349] Building C object CMakeFiles/app.dir/mnt/host/source/src/platform/ec/build/zephyr/quartz/modules/ec/common/host_command_task.c.obj
[quartz:rw] [280/349] Building C object CMakeFiles/app.dir/mnt/host/source/src/platform/ec/build/zephyr/quartz/modules/ec/common/uart_hostcmd.c.obj
[quartz:rw] [281/349] Building C object CMakeFiles/app.dir/mnt/host/source/src/platform/ec/build/zephyr/quartz/modules/ec/common/uptime.c.obj
[quartz:rw] [282/349] Building C object CMakeFiles/app.dir/mnt/host/source/src/platform/ec/build/zephyr/quartz/modules/ec/common/i2c_controller.c.obj
[quartz:rw] [283/349] Building C object CMakeFiles/app.dir/mnt/host/source/src/platform/ec/build/zephyr/quartz/modules/ec/common/i2c_passthru.c.obj
[quartz:rw] [284/349] Building C object CMakeFiles/app.dir/mnt/host/source/src/platform/ec/build/zephyr/quartz/modules/ec/common/mkbp_fifo.c.obj
[quartz:rw] [285/349] Building C object CMakeFiles/app.dir/mnt/host/source/src/platform/ec/build/zephyr/quartz/modules/ec/common/mkbp_info.c.obj
[quartz:rw] [286/349] Building C object CMakeFiles/app.dir/mnt/host/source/src/platform/ec/build/zephyr/quartz/modules/ec/common/keyboard_mkbp.c.obj
[quartz:rw] [287/349] Building C object CMakeFiles/app.dir/mnt/host/source/src/platform/ec/build/zephyr/quartz/modules/ec/common/mkbp_input_devices.c.obj
[quartz:rw] [288/349] Building C object CMakeFiles/app.dir/mnt/host/source/src/platform/ec/build/zephyr/quartz/modules/ec/common/keyboard_backlight.c.obj
[helipilot:rw] [61/526] Building C object zephyr/CMakeFiles/zephyr.dir/lib/libc/validate_libc.c.obj
[quartz:rw] [289/349] Building C object CMakeFiles/app.dir/mnt/host/source/src/platform/ec/build/zephyr/quartz/modules/ec/common/led_common.c.obj
[quartz:rw] [290/349] Building C object CMakeFiles/app.dir/mnt/host/source/src/platform/ec/build/zephyr/quartz/modules/ec/common/lid_switch.c.obj
[helipilot:rw] [62/526] Building C object CMakeFiles/app.dir/helipilot/src/power.c.obj
[quartz:rw] [291/349] Building C object CMakeFiles/app.dir/mnt/host/source/src/platform/ec/build/zephyr/quartz/modules/ec/common/mkbp_event.c.obj
[helipilot:rw] [63/526] Building C object CMakeFiles/app.dir/src/fp_transport.c.obj
[quartz:rw] [292/349] Building C object CMakeFiles/app.dir/mnt/host/source/src/platform/ec/build/zephyr/quartz/modules/ec/common/power_button.c.obj
[quartz:rw] [293/349] Building C object CMakeFiles/app.dir/mnt/host/source/src/platform/ec/build/zephyr/quartz/modules/ec/power/host_sleep.c.obj
[quartz:rw] [294/349] Building C object CMakeFiles/app.dir/mnt/host/source/src/platform/ec/build/zephyr/quartz/modules/ec/power/common.c.obj
[quartz:rw] [295/349] Building C object CMakeFiles/app.dir/mnt/host/source/src/platform/ec/build/zephyr/quartz/modules/ec/common/panic_output.c.obj
[rex-ish-ec:rw] -- Generating component manifest file
[quartz:rw] [296/349] Building C object CMakeFiles/app.dir/mnt/host/source/src/platform/ec/build/zephyr/quartz/modules/ec/power/qcom_exp.c.obj
[quartz:rw] [297/349] Building C object CMakeFiles/app.dir/mnt/host/source/src/platform/ec/build/zephyr/quartz/modules/ec/common/sha256.c.obj
[quartz:rw] [298/349] Building C object CMakeFiles/app.dir/mnt/host/source/src/platform/ec/build/zephyr/quartz/modules/ec/common/shared_mem.c.obj
[quartz:rw] [299/349] Building C object CMakeFiles/app.dir/mnt/host/source/src/platform/ec/build/zephyr/quartz/modules/ec/common/switch.c.obj
[quartz:rw] [300/349] Building C object CMakeFiles/app.dir/mnt/host/source/src/platform/ec/build/zephyr/quartz/modules/ec/common/thermal.c.obj
[quartz:rw] [301/349] Building C object CMakeFiles/app.dir/mnt/host/source/src/platform/ec/build/zephyr/quartz/modules/ec/common/spi_flash_reg.c.obj
[helipilot:rw] [64/526] Linking CXX static library app/libapp.a
[quartz:rw] [302/349] Building C object CMakeFiles/app.dir/mnt/host/source/src/platform/ec/build/zephyr/quartz/modules/ec/common/temp_sensor.c.obj
[quartz:rw] [303/349] Building C object CMakeFiles/app.dir/mnt/host/source/src/platform/ec/build/zephyr/quartz/modules/ec/driver/temp_sensor/thermistor.c.obj
[quartz:rw] [304/349] Building C object CMakeFiles/app.dir/mnt/host/source/src/platform/ec/build/zephyr/quartz/modules/ec/common/timer.c.obj
[quartz:rw] [305/349] Building C object CMakeFiles/app.dir/mnt/host/source/src/platform/ec/build/zephyr/quartz/modules/ec/common/chargen.c.obj
[helipilot:rw] [65/526] Building C object zephyr/CMakeFiles/zephyr.dir/lib/heap/heap.c.obj
[quartz:rw] [306/349] Building C object CMakeFiles/app.dir/mnt/host/source/src/platform/ec/build/zephyr/quartz/modules/ec/common/vboot_hash.c.obj
[quartz:rw] [307/349] Building C object CMakeFiles/app.dir/mnt/host/source/src/platform/ec/build/zephyr/quartz/modules/ec/common/vboot/efs2.c.obj
[quartz:rw] [308/349] Building C object CMakeFiles/app.dir/mnt/host/source/src/platform/ec/build/zephyr/quartz/modules/ec/common/vstore.c.obj
[quartz:rw] [309/349] Building C object CMakeFiles/app.dir/mnt/host/source/src/platform/ec/build/zephyr/quartz/modules/ec/common/rtc.c.obj
[quartz:rw] [310/349] Building C object CMakeFiles/app.dir/mnt/host/source/src/platform/ec/build/zephyr/quartz/modules/ec/common/math_util.c.obj
[quartz:rw] [311/349] Building C object CMakeFiles/app.dir/quartz/src/chipset.c.obj
[quartz:rw] [312/349] Building C object CMakeFiles/app.dir/quartz/src/led.c.obj
[quartz:rw] [313/349] Building C object CMakeFiles/app.dir/src/battery.c.obj
[quartz:rw] [314/349] Building C object CMakeFiles/app.dir/src/switchcap.c.obj
[quartz:rw] [315/349] Building C object CMakeFiles/app.dir/src/chipset.c.obj
[quartz:rw] [316/349] Building C object zephyr/kernel/CMakeFiles/kernel.dir/banner.c.obj
[quartz:rw] [317/349] Building C object CMakeFiles/app.dir/src/adsp_i2c_mode.c.obj
[quartz:rw] [318/349] Building C object zephyr/kernel/CMakeFiles/kernel.dir/busy_wait.c.obj
[quartz:rw] [319/349] Building C object zephyr/kernel/CMakeFiles/kernel.dir/device.c.obj
[rex-ish-ec:rw] INFO: Running CME, outputting to /mnt/host/source/src/platform/ec/build/zephyr/rex-ish-ec/build-rw/zephyr/component_manifest.json
[rex-ish-ec:rw] WARNING: Unknown or disabled I2C port: io_i2c_ctrl0_port0(ec_i2c_sensor_scl_r)
[rex-ish-ec:rw] INFO: Project rex-ish-ec does not support SSFC
[rex-ish-ec:rw] INFO: Component virtual-mux-c0(cros-ec,usbc-mux-virtual) not on I2C bus, skip it
[rex-ish-ec:rw] INFO: Component virtual-mux-c1(cros-ec,usbc-mux-virtual) not on I2C bus, skip it
[rex-ish-ec:rw] INFO: Component virtual-mux-c1(cros-ec,usbc-mux-virtual) not on I2C bus, skip it
[rex-ish-ec:rw] INFO: Component tcpci-mux-c1(cros-ec,usbc-mux-tcpci) not on I2C bus, skip it
[rex-ish-ec:rw] INFO: Component virtual-mux-c1(cros-ec,usbc-mux-virtual) not on I2C bus, skip it
[rex-ish-ec:rw] INFO: Component virtual-mux-c1(cros-ec,usbc-mux-virtual) not on I2C bus, skip it
[rex-ish-ec:rw] INFO: Component virtual-mux-c1(cros-ec,usbc-mux-virtual) not on I2C bus, skip it
[rex-ish-ec:rw] INFO: Component lid-accel(cros-ec,lis2dw12) not on I2C bus, skip it
[quartz:rw] [320/349] Building C object zephyr/kernel/CMakeFiles/kernel.dir/errno.c.obj
[quartz:rw] [321/349] Building C object zephyr/kernel/CMakeFiles/kernel.dir/fatal.c.obj
[quartz:rw] [322/349] Building C object zephyr/kernel/CMakeFiles/kernel.dir/init.c.obj
[caboc:ro] warning: PLATFORM_EC_SENSOR_EC_RATE_FORCE_MODE (defined at
[caboc:ro] /mnt/host/source/src/platform/ec/zephyr/Kconfig.motionsense:21) was assigned the value 'y' but got
[caboc:ro] the value 'n'. Check these unsatisfied dependencies: PLATFORM_EC_MOTIONSENSE (=n). See
[caboc:ro] http://docs.zephyrproject.org/latest/kconfig.html#CONFIG_PLATFORM_EC_SENSOR_EC_RATE_FORCE_MODE
[caboc:ro] and/or look up PLATFORM_EC_SENSOR_EC_RATE_FORCE_MODE in the menuconfig/guiconfig interface. The
[caboc:ro] Application Development Primer, Setting Configuration Values, and Kconfig - Tips and Best Practices
[caboc:ro] sections of the manual might be helpful too.
[caboc:ro] warning: PLATFORM_EC_ACCEL_FIFO (defined at
[caboc:ro] /mnt/host/source/src/platform/ec/zephyr/Kconfig.motionsense:46) was assigned the value 'y' but got
[caboc:ro] the value 'n'. Check these unsatisfied dependencies: PLATFORM_EC_MOTIONSENSE (=n). See
[caboc:ro] http://docs.zephyrproject.org/latest/kconfig.html#CONFIG_PLATFORM_EC_ACCEL_FIFO and/or look up
[caboc:ro] PLATFORM_EC_ACCEL_FIFO in the menuconfig/guiconfig interface. The Application Development Primer,
[caboc:ro] Setting Configuration Values, and Kconfig - Tips and Best Practices sections of the manual might be
[caboc:ro] helpful too.
[caboc:ro] warning: PLATFORM_EC_SENSOR_TIGHT_TIMESTAMPS (defined at
[caboc:ro] /mnt/host/source/src/platform/ec/zephyr/Kconfig.motionsense:69) was assigned the value 'y' but got
[caboc:ro] the value 'n'. Check these unsatisfied dependencies: PLATFORM_EC_MOTIONSENSE (=n). See
[caboc:ro] http://docs.zephyrproject.org/latest/kconfig.html#CONFIG_PLATFORM_EC_SENSOR_TIGHT_TIMESTAMPS and/or
[caboc:ro] look up PLATFORM_EC_SENSOR_TIGHT_TIMESTAMPS in the menuconfig/guiconfig interface. The Application
[caboc:ro] Development Primer, Setting Configuration Values, and Kconfig - Tips and Best Practices sections of
[caboc:ro] the manual might be helpful too.
[caboc:ro] warning: PLATFORM_EC_DYNAMIC_MOTION_SENSOR_COUNT (defined at
[caboc:ro] /mnt/host/source/src/platform/ec/zephyr/Kconfig.motionsense:111) was assigned the value 'y' but got
[caboc:ro] the value 'n'. Check these unsatisfied dependencies: PLATFORM_EC_MOTIONSENSE (=n). See
[caboc:ro] http://docs.zephyrproject.org/latest/kconfig.html#CONFIG_PLATFORM_EC_DYNAMIC_MOTION_SENSOR_COUNT
[caboc:ro] and/or look up PLATFORM_EC_DYNAMIC_MOTION_SENSOR_COUNT in the menuconfig/guiconfig interface. The
[caboc:ro] Application Development Primer, Setting Configuration Values, and Kconfig - Tips and Best Practices
[caboc:ro] sections of the manual might be helpful too.
[caboc:ro] warning: PLATFORM_EC_LID_ANGLE (defined at
[caboc:ro] /mnt/host/source/src/platform/ec/zephyr/Kconfig.motionsense:116) was assigned the value 'y' but got
[caboc:ro] the value 'n'. Check these unsatisfied dependencies: PLATFORM_EC_MOTIONSENSE (=n). See
[caboc:ro] http://docs.zephyrproject.org/latest/kconfig.html#CONFIG_PLATFORM_EC_LID_ANGLE and/or look up
[caboc:ro] PLATFORM_EC_LID_ANGLE in the menuconfig/guiconfig interface. The Application Development Primer,
[caboc:ro] Setting Configuration Values, and Kconfig - Tips and Best Practices sections of the manual might be
[caboc:ro] helpful too.
[caboc:ro] warning: PLATFORM_EC_LID_ANGLE_UPDATE (defined at
[caboc:ro] /mnt/host/source/src/platform/ec/zephyr/Kconfig.motionsense:127) was assigned the value 'y' but got
[caboc:ro] the value 'n'. Check these unsatisfied dependencies: PLATFORM_EC_LID_ANGLE (=n),
[caboc:ro] PLATFORM_EC_MOTIONSENSE (=n). See
[caboc:ro] http://docs.zephyrproject.org/latest/kconfig.html#CONFIG_PLATFORM_EC_LID_ANGLE_UPDATE and/or look up
[caboc:ro] PLATFORM_EC_LID_ANGLE_UPDATE in the menuconfig/guiconfig interface. The Application Development
[caboc:ro] Primer, Setting Configuration Values, and Kconfig - Tips and Best Practices sections of the manual
[caboc:ro] might be helpful too.
[caboc:ro] warning: PLATFORM_EC_CONSOLE_CMD_ACCELS (defined at
[caboc:ro] /mnt/host/source/src/platform/ec/zephyr/Kconfig.motionsense:143) was assigned the value 'y' but got
[caboc:ro] the value 'n'. Check these unsatisfied dependencies: PLATFORM_EC_MOTIONSENSE (=n). See
[caboc:ro] http://docs.zephyrproject.org/latest/kconfig.html#CONFIG_PLATFORM_EC_CONSOLE_CMD_ACCELS and/or look
[caboc:ro] up PLATFORM_EC_CONSOLE_CMD_ACCELS in the menuconfig/guiconfig interface. The Application Development
[caboc:ro] Primer, Setting Configuration Values, and Kconfig - Tips and Best Practices sections of the manual
[caboc:ro] might be helpful too.
[caboc:ro] warning: PLATFORM_EC_CONSOLE_CMD_ACCEL_INFO (defined at
[caboc:ro] /mnt/host/source/src/platform/ec/zephyr/Kconfig.motionsense:159) was assigned the value 'y' but got
[caboc:ro] the value 'n'. Check these unsatisfied dependencies: PLATFORM_EC_CONSOLE_CMD_ACCELS (=n),
[caboc:ro] PLATFORM_EC_MOTIONSENSE (=n). See
[caboc:ro] http://docs.zephyrproject.org/latest/kconfig.html#CONFIG_PLATFORM_EC_CONSOLE_CMD_ACCEL_INFO and/or
[caboc:ro] look up PLATFORM_EC_CONSOLE_CMD_ACCEL_INFO in the menuconfig/guiconfig interface. The Application
[caboc:ro] Development Primer, Setting Configuration Values, and Kconfig - Tips and Best Practices sections of
[caboc:ro] the manual might be helpful too.
[caboc:ro] warning: Deprecated symbol I2C_ALLOW_NO_STOP_TRANSACTIONS is enabled.
[quartz:rw] [323/349] Linking C static library app/libapp.a
[quartz:rw] [324/349] Building C object zephyr/kernel/CMakeFiles/kernel.dir/kheap.c.obj
[quartz:rw] [325/349] Building C object zephyr/kernel/CMakeFiles/kernel.dir/mem_slab.c.obj
[quartz:rw] [326/349] Building C object zephyr/kernel/CMakeFiles/kernel.dir/float.c.obj
[quartz:rw] [327/349] Building C object zephyr/kernel/CMakeFiles/kernel.dir/version.c.obj
[quartz:rw] [328/349] Building C object zephyr/kernel/CMakeFiles/kernel.dir/mailbox.c.obj
[quartz:rw] [329/349] Building C object zephyr/kernel/CMakeFiles/kernel.dir/idle.c.obj
[quartz:rw] [330/349] Building C object zephyr/kernel/CMakeFiles/kernel.dir/msg_q.c.obj
[quartz:rw] [331/349] Building C object zephyr/kernel/CMakeFiles/kernel.dir/queue.c.obj
[helipilot:rw] [66/526] Building C object zephyr/CMakeFiles/zephyr.dir/lib/os/cbprintf_packaged.c.obj
[quartz:rw] [332/349] Building C object zephyr/kernel/CMakeFiles/kernel.dir/sem.c.obj
[quartz:rw] [333/349] Building C object zephyr/kernel/CMakeFiles/kernel.dir/stack.c.obj
[quartz:rw] [334/349] Building C object zephyr/kernel/CMakeFiles/kernel.dir/mutex.c.obj
[quartz:rw] [335/349] Building C object zephyr/kernel/CMakeFiles/kernel.dir/system_work_q.c.obj
[quartz:rw] [336/349] Building C object zephyr/kernel/CMakeFiles/kernel.dir/work.c.obj
[quartz:rw] [337/349] Building C object zephyr/kernel/CMakeFiles/kernel.dir/thread.c.obj
[quartz:rw] [338/349] Building C object zephyr/kernel/CMakeFiles/kernel.dir/condvar.c.obj
[quartz:rw] [339/349] Building C object zephyr/kernel/CMakeFiles/kernel.dir/sched.c.obj
[rex-ish-ec:rw] -- warning_base_override: -Wall;-Wformat;-Wformat-security;-Wformat;-Wno-format-zero-length;-Wno-pointer-sign;-Wpointer-arith;-Wexpansion-to-defined
[quartz:rw] [340/349] Building C object zephyr/kernel/CMakeFiles/kernel.dir/pipe.c.obj
[matsu_it82000:rw] -- Found gen_kobject_list: /mnt/host/source/src/third_party/zephyr/main/scripts/build/gen_kobject_list.py
[quartz:rw] [341/349] Building C object zephyr/kernel/CMakeFiles/kernel.dir/spinlock_validate.c.obj
[quartz:rw] [342/349] Building C object zephyr/kernel/CMakeFiles/kernel.dir/thread_monitor.c.obj
[helipilot:rw] [67/526] Building C object zephyr/CMakeFiles/zephyr.dir/lib/os/sem.c.obj
[quartz:rw] [343/349] Building C object zephyr/kernel/CMakeFiles/kernel.dir/timeout.c.obj
[quartz:rw] [344/349] Building C object zephyr/kernel/CMakeFiles/kernel.dir/timer.c.obj
[helipilot:rw] [68/526] Building C object zephyr/CMakeFiles/zephyr.dir/lib/os/clock.c.obj
[quartz:rw] [345/349] Building C object zephyr/kernel/CMakeFiles/kernel.dir/poll.c.obj
[quartz:rw] [346/349] Building C object zephyr/kernel/CMakeFiles/kernel.dir/events.c.obj
[quartz:rw] [347/349] Building C object zephyr/kernel/CMakeFiles/kernel.dir/mempool.c.obj
[rex-ish-ec:ro] Configuring.
Running `env -i PYTHONPATH=/usr/lib64/python-exec/python3.11:/mnt/host/source/src/platform/ec/zephyr/zmake:/usr/lib/python311.zip:/usr/lib/python3.11:/usr/lib/python3.11/lib-dynload:/usr/lib/python3.11/site-packages PW_PIGWEED_CIPD_INSTALL_DIR=/usr CROSTC_USER_ACKNOWLEDGES_THAT_RISCV_IS_EXPERIMENTAL=1 PATH=/mnt/host/source/chromite/bin:/usr/local/bin:/usr/bin:/bin:/opt/bin:/mnt/host/source/chromite/sdk/bin:/mnt/host/source/chromite/bin HOME=/home/jpmurphy JAVA_HOME=/etc/java-config-2/current-system-vm JDK_HOME=/etc/java-config-2/current-system-vm JAVAC=/etc/java-config-2/current-system-vm/bin/javac MAKEFLAGS=' -j16 --jobserver-auth=5,6' /usr/bin/cmake -S /mnt/host/source/src/platform/ec/zephyr/program/rex -B /mnt/host/source/src/platform/ec/build/zephyr/rex-ish-ec/build-ro -GNinja -DCMAKE_EXPORT_COMPILE_COMMANDS=ON -DZEPHYR_BASE=/mnt/host/source/src/third_party/zephyr/main -DZMAKE_INCLUDE_DIR=/mnt/host/source/src/platform/ec/build/zephyr/rex-ish-ec/include -DPython3_EXECUTABLE=/usr/bin/python3.11 -DDTS_ROOT=/mnt/host/source/src/platform/ec/zephyr -DSYSCALL_INCLUDE_DIRS=/mnt/host/source/src/platform/ec/zephyr/include/drivers -DUSER_CACHE_DIR=/mnt/host/source/src/platform/ec/build/zephyr/user-cache '-DEXTRA_EC_VERSION_FLAGS=--version 16543.0.0 --static' -DTOOLCHAIN_ROOT=/mnt/host/source/src/platform/ec/zephyr -DCOREBOOT_SDK_ROOT_x86=/home/jpmurphy/.cache/coreboot-sdk/i386-elf/dfbb0486385d938cfa9d73080b9d18d598ed4f49 -DCOREBOOT_SDK_ROOT_picolibc_x86=/home/jpmurphy/.cache/coreboot-sdk/picolibc-i386-elf/eb8e8e687b95461de8cbf278f1c2076952d0ad17 -DCOREBOOT_SDK_ROOT_riscv64=/home/jpmurphy/.cache/coreboot-sdk/riscv64-elf/96b949749225b6aaa92ed810ab769e8dfb12f000 -DCOREBOOT_SDK_ROOT_picolibc_arm=/home/jpmurphy/.cache/coreboot-sdk/picolibc-arm-eabi/422a2aa3e1ef891b5bece9a3deb696ff83840d2e -DCOREBOOT_SDK_ROOT_nds32=/home/jpmurphy/.cache/coreboot-sdk/nds32le-elf/d1a518c4a097666d86058e1444f85ca015d15511 -DCOREBOOT_SDK_ROOT_picolibc_riscv64=/home/jpmurphy/.cache/coreboot-sdk/picolibc-riscv64-elf/f571e990ef0278564b31124f8bb109d9a697eb69 -DCOREBOOT_SDK_ROOT_arm=/home/jpmurphy/.cache/coreboot-sdk/arm-eabi/ea40ddd1d190c3b48435c474c0b545719371813a -DCOREBOOT_SDK_ROOT_libstdcxx_riscv64=/home/jpmurphy/.cache/coreboot-sdk/libstdcxx-riscv64-elf/17abf22a3a252e2d5d2062ced5324f7a623689e0 -DCOREBOOT_SDK_ROOT_libstdcxx_arm=/home/jpmurphy/.cache/coreboot-sdk/libstdcxx-arm-eabi/5d7d82e150e44aa1968f1d366e267e6687b328ac -DCOREBOOT_SDK_ROOT_riscv=/home/jpmurphy/.cache/coreboot-sdk/riscv-elf/9a27b9e82341c6e9126624f516ab3f261abb3e73 -DCOREBOOT_SDK_ROOT_libstdcxx_x86=/home/jpmurphy/.cache/coreboot-sdk/libstdcxx-i386-elf/42ef9d2e87a76a37963175d7d428734e65648b87 -DZEPHYR_TOOLCHAIN_VARIANT=coreboot-sdk '-DZEPHYR_MODULES=/mnt/host/source/src/platform/ec/build/zephyr/rex-ish-ec/modules/cmsis;/mnt/host/source/src/platform/ec/build/zephyr/rex-ish-ec/modules/cmsis_6;/mnt/host/source/src/platform/ec/build/zephyr/rex-ish-ec/modules/ec' -DDTC_OVERLAY_FILE=/mnt/host/source/src/platform/ec/zephyr/program/rex/rex-ish-ec/project.overlay -DBOARD=npcx9/npcx9m7f -DCMAKE_C_FLAGS=-DSECTION_IS_RO '-DCONF_FILE=/mnt/host/source/src/platform/ec/zephyr/program/rex/program.conf;/mnt/host/source/src/platform/ec/zephyr/program/rex/rex/project.conf;/mnt/host/source/src/platform/ec/zephyr/program/rex/rex-ish-ec/project.conf;/mnt/host/source/src/platform/ec/build/zephyr/rex-ish-ec/kconfig-ro.conf'`
[quartz:rw] [348/349] Building C object zephyr/kernel/CMakeFiles/kernel.dir/dynamic_disabled.c.obj
[pujjoga:rw] warning: PLATFORM_EC_OCPC_DEF_RBATT_MOHMS (defined at
[pujjoga:rw] /mnt/host/source/src/platform/ec/zephyr/Kconfig.charger:279) was assigned the value '22' but got the
[pujjoga:rw] value ''. Check these unsatisfied dependencies: PLATFORM_EC_OCPC (=n). See
[pujjoga:rw] http://docs.zephyrproject.org/latest/kconfig.html#CONFIG_PLATFORM_EC_OCPC_DEF_RBATT_MOHMS and/or
[pujjoga:rw] look up PLATFORM_EC_OCPC_DEF_RBATT_MOHMS in the menuconfig/guiconfig interface. The Application
[pujjoga:rw] Development Primer, Setting Configuration Values, and Kconfig - Tips and Best Practices sections of
[pujjoga:rw] the manual might be helpful too.
[pujjoga:rw] warning: PLATFORM_EC_OCPC_DEF_DRIVELIMIT_MILLIVOLTS (defined at
[pujjoga:rw] /mnt/host/source/src/platform/ec/zephyr/Kconfig.charger:288) was assigned the value '200' but got
[pujjoga:rw] the value ''. Check these unsatisfied dependencies: PLATFORM_EC_OCPC (=n). See
[pujjoga:rw] http://docs.zephyrproject.org/latest/kconfig.html#CONFIG_PLATFORM_EC_OCPC_DEF_DRIVELIMIT_MILLIVOLTS
[pujjoga:rw] and/or look up PLATFORM_EC_OCPC_DEF_DRIVELIMIT_MILLIVOLTS in the menuconfig/guiconfig interface. The
[pujjoga:rw] Application Development Primer, Setting Configuration Values, and Kconfig - Tips and Best Practices
[pujjoga:rw] sections of the manual might be helpful too.
[pujjoga:rw] warning: Deprecated symbol I2C_ALLOW_NO_STOP_TRANSACTIONS is enabled.
[rex-ish-ec:ro] Loading Zephyr default modules (Zephyr base (cached)).
[rex-ish-ec:ro] -- Application: /mnt/host/source/src/platform/ec/zephyr/program/rex
[rex-ish-ec:ro] -- CMake version: 3.31.7
[helipilot:rw] [69/526] Building C object zephyr/CMakeFiles/zephyr.dir/lib/os/printk.c.obj
[matsu_it82000:rw] CMake Warning at /mnt/host/source/src/third_party/zephyr/main/CMakeLists.txt:1134 (message):
[matsu_it82000:rw]   No SOURCES given to Zephyr library: drivers__syscon
[matsu_it82000:rw]   Excluding target from build.
[matsu_it82000:rw] CMake Warning at /mnt/host/source/src/third_party/zephyr/main/CMakeLists.txt:2359 (message):
[matsu_it82000:rw]   __ASSERT() statements are globally ENABLED
[helipilot:rw] [70/526] Building C object zephyr/CMakeFiles/zephyr.dir/lib/os/cbprintf_nano.c.obj
[helipilot:rw] [71/526] Building C object zephyr/CMakeFiles/zephyr.dir/lib/os/thread_entry.c.obj
[quartz:rw] [349/349] Linking C static library zephyr/kernel/libkernel.a
[quartz:ro] Building: /usr/bin/ninja -C /mnt/host/source/src/platform/ec/build/zephyr/quartz/build-ro all.libraries
Running `env -i SHELL=/bin/bash COLORTERM=truecolor DEPOT_TOOLS_UPDATE=0 LESS='-R -M --shift 5' SUDO_GID=0 JDK_HOME=/etc/java-config-2/current-system-vm CONFIG_PROTECT_MASK='/etc/gentoo-release /etc/sandbox.d /etc/fonts/fonts.conf /etc/terminfo /etc/ca-certificates.conf /etc/revdep-rebuild' CHROMEOS_CACHEDIR=/var/cache/chromeos-cache JAVA_HOME=/etc/java-config-2/current-system-vm SSH_AUTH_SOCK=/tmp/ssh-auth-sock SUDO_COMMAND=/bin/bash SUDO_USER=root SUDO_TTY=/dev/pts/2 EDITOR=/usr/bin/vi PWD=/mnt/host/source/src/platform/ec CONFIG_PROTECT=/usr/share/gnupg/qualified.txt LOGNAME=jpmurphy MANPATH=/etc/java-config-2/current-system-vm/man:/usr/local/share/man:/usr/share/man:/usr/share/gcc-data/x86_64-pc-linux-gnu/10.2.0/man:/usr/share/binutils-data/x86_64-pc-linux-gnu/2.45/man:/etc/java-config-2/current-system-vm/man/ SUDO_HOME=/root XAUTHORITY=/run/user/944457/gdm/Xauthority HOME=/home/jpmurphy LANG=C.UTF-8 LS_COLORS='rs=0:di=01;34:ln=01;36:mh=00:pi=40;33:so=01;35:do=01;35:bd=40;33;01:cd=40;33;01:or=01;05;37;41:mi=01;05;37;41:su=37;41:sg=30;43:ca=30;41:tw=30;42:ow=34;42:st=37;44:ex=01;32:*.tar=01;31:*.tgz=01;31:*.arc=01;31:*.arj=01;31:*.taz=01;31:*.lha=01;31:*.lz4=01;31:*.lzh=01;31:*.lzma=01;31:*.tlz=01;31:*.txz=01;31:*.tzo=01;31:*.t7z=01;31:*.zip=01;31:*.z=01;31:*.dz=01;31:*.gz=01;31:*.lrz=01;31:*.lz=01;31:*.lzo=01;31:*.xz=01;31:*.zst=01;31:*.tzst=01;31:*.bz2=01;31:*.bz=01;31:*.tbz=01;31:*.tbz2=01;31:*.tz=01;31:*.deb=01;31:*.rpm=01;31:*.jar=01;31:*.war=01;31:*.ear=01;31:*.sar=01;31:*.rar=01;31:*.alz=01;31:*.ace=01;31:*.zoo=01;31:*.cpio=01;31:*.7z=01;31:*.rz=01;31:*.cab=01;31:*.wim=01;31:*.swm=01;31:*.dwm=01;31:*.esd=01;31:*.jpg=01;35:*.jpeg=01;35:*.mjpg=01;35:*.mjpeg=01;35:*.gif=01;35:*.bmp=01;35:*.pbm=01;35:*.pgm=01;35:*.ppm=01;35:*.tga=01;35:*.xbm=01;35:*.xpm=01;35:*.tif=01;35:*.tiff=01;35:*.png=01;35:*.svg=01;35:*.svgz=01;35:*.mng=01;35:*.pcx=01;35:*.mov=01;35:*.mpg=01;35:*.mpeg=01;35:*.m2v=01;35:*.mkv=01;35:*.webm=01;35:*.webp=01;35:*.ogm=01;35:*.mp4=01;35:*.m4v=01;35:*.mp4v=01;35:*.vob=01;35:*.qt=01;35:*.nuv=01;35:*.wmv=01;35:*.asf=01;35:*.rm=01;35:*.rmvb=01;35:*.flc=01;35:*.avi=01;35:*.fli=01;35:*.flv=01;35:*.gl=01;35:*.dl=01;35:*.xcf=01;35:*.xwd=01;35:*.yuv=01;35:*.cgm=01;35:*.emf=01;35:*.ogv=01;35:*.ogx=01;35:*.cfg=00;32:*.conf=00;32:*.diff=00;32:*.doc=00;32:*.ini=00;32:*.log=00;32:*.patch=00;32:*.pdf=00;32:*.ps=00;32:*.tex=00;32:*.txt=00;32:*.aac=00;36:*.au=00;36:*.flac=00;36:*.m4a=00;36:*.mid=00;36:*.midi=00;36:*.mka=00;36:*.mp3=00;36:*.mpc=00;36:*.ogg=00;36:*.ra=00;36:*.wav=00;36:*.oga=00;36:*.opus=00;36:*.spx=00;36:*.xspf=00;36:' XDG_CURRENT_DESKTOP=GNOME INFOPATH=/usr/share/info:/usr/share/gcc-data/x86_64-pc-linux-gnu/10.2.0/info:/usr/share/binutils-data/x86_64-pc-linux-gnu/2.45/info:/usr/share/automake-1.16.5/info JAVAC=/etc/java-config-2/current-system-vm/bin/javac TERM=xterm-256color LESSOPEN='|lesspipe %s' USER=jpmurphy CROS_WORKON_SRCROOT=/mnt/host/source MANPAGER=manpager DISPLAY=:1 SHLVL=1 LC_MESSAGES=C EXTERNAL_TRUNK_PATH=/mnt/8f9d649a-3721-44cc-93c0-e6bd21a9689f/chromiumos GCC_SPECS='' PATH=/mnt/host/source/chromite/bin:/usr/local/bin:/usr/bin:/bin:/opt/bin:/mnt/host/source/chromite/sdk/bin:/mnt/host/source/chromite/bin PORTAGE_USERNAME=jpmurphy SUDO_UID=0 GCC_VER=10.2.0 MAIL=/var/mail/jpmurphy OLDPWD=/mnt/host/source/src/scripts traceparent=00-e87aca51550a78635907baa6a2476181-6d684811675d2973-01 _=./zephyr/firmware_builder.py COREBOOT_SDK_ROOT_x86=/home/jpmurphy/.cache/coreboot-sdk/i386-elf/dfbb0486385d938cfa9d73080b9d18d598ed4f49 COREBOOT_SDK_ROOT_picolibc_x86=/home/jpmurphy/.cache/coreboot-sdk/picolibc-i386-elf/eb8e8e687b95461de8cbf278f1c2076952d0ad17 COREBOOT_SDK_ROOT_riscv64=/home/jpmurphy/.cache/coreboot-sdk/riscv64-elf/96b949749225b6aaa92ed810ab769e8dfb12f000 COREBOOT_SDK_ROOT_picolibc_arm=/home/jpmurphy/.cache/coreboot-sdk/picolibc-arm-eabi/422a2aa3e1ef891b5bece9a3deb696ff83840d2e COREBOOT_SDK_ROOT_nds32=/home/jpmurphy/.cache/coreboot-sdk/nds32le-elf/d1a518c4a097666d86058e1444f85ca015d15511 COREBOOT_SDK_ROOT_picolibc_riscv64=/home/jpmurphy/.cache/coreboot-sdk/picolibc-riscv64-elf/f571e990ef0278564b31124f8bb109d9a697eb69 COREBOOT_SDK_ROOT_arm=/home/jpmurphy/.cache/coreboot-sdk/arm-eabi/ea40ddd1d190c3b48435c474c0b545719371813a COREBOOT_SDK_ROOT_libstdcxx_riscv64=/home/jpmurphy/.cache/coreboot-sdk/libstdcxx-riscv64-elf/17abf22a3a252e2d5d2062ced5324f7a623689e0 COREBOOT_SDK_ROOT_libstdcxx_arm=/home/jpmurphy/.cache/coreboot-sdk/libstdcxx-arm-eabi/5d7d82e150e44aa1968f1d366e267e6687b328ac COREBOOT_SDK_ROOT_riscv=/home/jpmurphy/.cache/coreboot-sdk/riscv-elf/9a27b9e82341c6e9126624f516ab3f261abb3e73 COREBOOT_SDK_ROOT_libstdcxx_x86=/home/jpmurphy/.cache/coreboot-sdk/libstdcxx-i386-elf/42ef9d2e87a76a37963175d7d428734e65648b87 PYTHONPATH=/mnt/host/source/src/platform/ec/zephyr/zmake PW_PIGWEED_CIPD_INSTALL_DIR=/usr CROSTC_USER_ACKNOWLEDGES_THAT_RISCV_IS_EXPERIMENTAL=1 MAKEFLAGS=' -j16 --jobserver-auth=5,6' /usr/bin/ninja -C /mnt/host/source/src/platform/ec/build/zephyr/quartz/build-ro all.libraries`
[quartz:ro] ninja: Entering directory `/mnt/host/source/src/platform/ec/build/zephyr/quartz/build-ro'
[rex-ish-ec:rw] -- Found gen_kobject_list: /mnt/host/source/src/third_party/zephyr/main/scripts/build/gen_kobject_list.py
[caboc:ro] Parsing /mnt/host/source/src/platform/ec/zephyr/program/brox/Kconfig
[matsu_it82000:rw] -- Configuring done (20.0s)
[helipilot:rw] [72/526] Building C object zephyr/CMakeFiles/zephyr.dir/lib/utils/dec.c.obj
[rex-ish-ec:ro] -- Found Python3: /usr/bin/python3.11 (found suitable version "3.11.11", minimum required is "3.10") found components: Interpreter
[rex-ish-ec:ro] -- Cache files will be written to: /mnt/host/source/src/platform/ec/build/zephyr/user-cache
[rex-ish-ec:ro] -- Zephyr version: 4.3.99 (/mnt/host/source/src/third_party/zephyr/main)
[rex-ish-ec:rw] INFO: Component base-accel(cros-ec,lsm6dso-accel) not on I2C bus, skip it
[rex-ish-ec:rw] INFO: Component base-gyro(cros-ec,lsm6dso-gyro) not on I2C bus, skip it
[rex-ish-ec:rw] INFO: Component base-als-clear(cros-ec,tcs3400-clear) not on I2C bus, skip it
[rex-ish-ec:rw] INFO: Component base-als-rgb(cros-ec,tcs3400-rgb) not on I2C bus, skip it
[rex-ish-ec:rw] INFO: No motionsense-sensor-alt node found
[rex-ish-ec:rw] CMake Warning at /mnt/host/source/src/third_party/zephyr/main/CMakeLists.txt:2359 (message):
[rex-ish-ec:rw]   __ASSERT() statements are globally ENABLED
[helipilot:rw] [73/526] Building C object zephyr/CMakeFiles/zephyr.dir/lib/utils/hex.c.obj
[helipilot:rw] [74/526] Building C object zephyr/CMakeFiles/zephyr.dir/lib/os/cbprintf.c.obj
[rex-ish-ec:rw] -- Configuring done (17.6s)
[helipilot:rw] [75/526] Building C object zephyr/CMakeFiles/zephyr.dir/lib/os/assert.c.obj
[helipilot:rw] [76/526] Building C object zephyr/CMakeFiles/zephyr.dir/lib/os/mpsc_pbuf.c.obj
[/mnt/host/source/src/platform/ec/build/zephyr/veluza-lcov]   /mnt/host/source/src/platform/ec/build/zephyr/veluza/build-ro/CMakeFiles/app.dir/mnt/host/source/src/platform/ec/build/zephyr/veluza/modules/ec/common/usb_pd_pdo.c.gcno:no functions found
[/mnt/host/source/src/platform/ec/build/zephyr/veluza-lcov] stderr:
[helipilot:rw] [77/526] Building C object zephyr/CMakeFiles/zephyr.dir/lib/utils/timeutil.c.obj
[helipilot:rw] [78/526] Building C object zephyr/CMakeFiles/zephyr.dir/lib/utils/bitmask.c.obj
[quartz:ro] [1/349] Generating include/generated/zephyr/version.h
[quartz:ro] -- git describe warned: warning: tag 'upstream/v2.7.99' is externally known as 'v2.7.99'
[pujjoga:rw] Parsing /mnt/host/source/src/platform/ec/zephyr/program/nissa/Kconfig
[quartz:ro] -- Zephyr version: 4.3.99 (/mnt/host/source/src/third_party/zephyr/main)
[quartz:ro] [2/349] Preparing syscall dependency handling
[helipilot:rw] [79/526] Building C object zephyr/CMakeFiles/zephyr.dir/lib/utils/rb.c.obj
[quartz:ro] [3/349] Generating misc/generated/syscalls_subdirs.trigger
[helipilot:rw] [80/526] Building C object zephyr/CMakeFiles/zephyr.dir/lib/utils/last_section_id.c.obj
[rex-ish-ec:rw] -- Generating done (0.5s)
[rex-ish-ec:rw] CMake Warning:
[helipilot:rw] [81/526] Building C object zephyr/CMakeFiles/zephyr.dir/lib/utils/ring_buffer.c.obj
[helipilot:rw] [82/526] Building C object zephyr/CMakeFiles/zephyr.dir/misc/generated/configs.c.obj
[rex-ish-ec:rw] -- Build files have been written to: /mnt/host/source/src/platform/ec/build/zephyr/rex-ish-ec/build-rw
[rex-ish-ec:rw]   Manually-specified variables were not used by the project:
[helipilot:rw] [83/526] Building C object zephyr/CMakeFiles/zephyr.dir/lib/utils/bitarray.c.obj
[rex-ish-ec:rw]     COREBOOT_SDK_ROOT_libstdcxx_riscv64
[rex-ish-ec:rw]     COREBOOT_SDK_ROOT_libstdcxx_x86
[rex-ish-ec:rw]     COREBOOT_SDK_ROOT_nds32
[rex-ish-ec:rw]     COREBOOT_SDK_ROOT_picolibc_riscv64
[rex-ish-ec:rw]     COREBOOT_SDK_ROOT_picolibc_x86
[rex-ish-ec:rw]     COREBOOT_SDK_ROOT_riscv
[rex-ish-ec:rw]     COREBOOT_SDK_ROOT_riscv64
[rex-ish-ec:rw]     COREBOOT_SDK_ROOT_x86
[rex-ish:singleimage] Building: /usr/bin/ninja -C /mnt/host/source/src/platform/ec/build/zephyr/rex-ish/build-singleimage all.libraries
Running `env -i SHELL=/bin/bash COLORTERM=truecolor DEPOT_TOOLS_UPDATE=0 LESS='-R -M --shift 5' SUDO_GID=0 JDK_HOME=/etc/java-config-2/current-system-vm CONFIG_PROTECT_MASK='/etc/gentoo-release /etc/sandbox.d /etc/fonts/fonts.conf /etc/terminfo /etc/ca-certificates.conf /etc/revdep-rebuild' CHROMEOS_CACHEDIR=/var/cache/chromeos-cache JAVA_HOME=/etc/java-config-2/current-system-vm SSH_AUTH_SOCK=/tmp/ssh-auth-sock SUDO_COMMAND=/bin/bash SUDO_USER=root SUDO_TTY=/dev/pts/2 EDITOR=/usr/bin/vi PWD=/mnt/host/source/src/platform/ec CONFIG_PROTECT=/usr/share/gnupg/qualified.txt LOGNAME=jpmurphy MANPATH=/etc/java-config-2/current-system-vm/man:/usr/local/share/man:/usr/share/man:/usr/share/gcc-data/x86_64-pc-linux-gnu/10.2.0/man:/usr/share/binutils-data/x86_64-pc-linux-gnu/2.45/man:/etc/java-config-2/current-system-vm/man/ SUDO_HOME=/root XAUTHORITY=/run/user/944457/gdm/Xauthority HOME=/home/jpmurphy LANG=C.UTF-8 LS_COLORS='rs=0:di=01;34:ln=01;36:mh=00:pi=40;33:so=01;35:do=01;35:bd=40;33;01:cd=40;33;01:or=01;05;37;41:mi=01;05;37;41:su=37;41:sg=30;43:ca=30;41:tw=30;42:ow=34;42:st=37;44:ex=01;32:*.tar=01;31:*.tgz=01;31:*.arc=01;31:*.arj=01;31:*.taz=01;31:*.lha=01;31:*.lz4=01;31:*.lzh=01;31:*.lzma=01;31:*.tlz=01;31:*.txz=01;31:*.tzo=01;31:*.t7z=01;31:*.zip=01;31:*.z=01;31:*.dz=01;31:*.gz=01;31:*.lrz=01;31:*.lz=01;31:*.lzo=01;31:*.xz=01;31:*.zst=01;31:*.tzst=01;31:*.bz2=01;31:*.bz=01;31:*.tbz=01;31:*.tbz2=01;31:*.tz=01;31:*.deb=01;31:*.rpm=01;31:*.jar=01;31:*.war=01;31:*.ear=01;31:*.sar=01;31:*.rar=01;31:*.alz=01;31:*.ace=01;31:*.zoo=01;31:*.cpio=01;31:*.7z=01;31:*.rz=01;31:*.cab=01;31:*.wim=01;31:*.swm=01;31:*.dwm=01;31:*.esd=01;31:*.jpg=01;35:*.jpeg=01;35:*.mjpg=01;35:*.mjpeg=01;35:*.gif=01;35:*.bmp=01;35:*.pbm=01;35:*.pgm=01;35:*.ppm=01;35:*.tga=01;35:*.xbm=01;35:*.xpm=01;35:*.tif=01;35:*.tiff=01;35:*.png=01;35:*.svg=01;35:*.svgz=01;35:*.mng=01;35:*.pcx=01;35:*.mov=01;35:*.mpg=01;35:*.mpeg=01;35:*.m2v=01;35:*.mkv=01;35:*.webm=01;35:*.webp=01;35:*.ogm=01;35:*.mp4=01;35:*.m4v=01;35:*.mp4v=01;35:*.vob=01;35:*.qt=01;35:*.nuv=01;35:*.wmv=01;35:*.asf=01;35:*.rm=01;35:*.rmvb=01;35:*.flc=01;35:*.avi=01;35:*.fli=01;35:*.flv=01;35:*.gl=01;35:*.dl=01;35:*.xcf=01;35:*.xwd=01;35:*.yuv=01;35:*.cgm=01;35:*.emf=01;35:*.ogv=01;35:*.ogx=01;35:*.cfg=00;32:*.conf=00;32:*.diff=00;32:*.doc=00;32:*.ini=00;32:*.log=00;32:*.patch=00;32:*.pdf=00;32:*.ps=00;32:*.tex=00;32:*.txt=00;32:*.aac=00;36:*.au=00;36:*.flac=00;36:*.m4a=00;36:*.mid=00;36:*.midi=00;36:*.mka=00;36:*.mp3=00;36:*.mpc=00;36:*.ogg=00;36:*.ra=00;36:*.wav=00;36:*.oga=00;36:*.opus=00;36:*.spx=00;36:*.xspf=00;36:' XDG_CURRENT_DESKTOP=GNOME INFOPATH=/usr/share/info:/usr/share/gcc-data/x86_64-pc-linux-gnu/10.2.0/info:/usr/share/binutils-data/x86_64-pc-linux-gnu/2.45/info:/usr/share/automake-1.16.5/info JAVAC=/etc/java-config-2/current-system-vm/bin/javac TERM=xterm-256color LESSOPEN='|lesspipe %s' USER=jpmurphy CROS_WORKON_SRCROOT=/mnt/host/source MANPAGER=manpager DISPLAY=:1 SHLVL=1 LC_MESSAGES=C EXTERNAL_TRUNK_PATH=/mnt/8f9d649a-3721-44cc-93c0-e6bd21a9689f/chromiumos GCC_SPECS='' PATH=/mnt/host/source/chromite/bin:/usr/local/bin:/usr/bin:/bin:/opt/bin:/mnt/host/source/chromite/sdk/bin:/mnt/host/source/chromite/bin PORTAGE_USERNAME=jpmurphy SUDO_UID=0 GCC_VER=10.2.0 MAIL=/var/mail/jpmurphy OLDPWD=/mnt/host/source/src/scripts traceparent=00-e87aca51550a78635907baa6a2476181-6d684811675d2973-01 _=./zephyr/firmware_builder.py COREBOOT_SDK_ROOT_x86=/home/jpmurphy/.cache/coreboot-sdk/i386-elf/dfbb0486385d938cfa9d73080b9d18d598ed4f49 COREBOOT_SDK_ROOT_picolibc_x86=/home/jpmurphy/.cache/coreboot-sdk/picolibc-i386-elf/eb8e8e687b95461de8cbf278f1c2076952d0ad17 COREBOOT_SDK_ROOT_riscv64=/home/jpmurphy/.cache/coreboot-sdk/riscv64-elf/96b949749225b6aaa92ed810ab769e8dfb12f000 COREBOOT_SDK_ROOT_picolibc_arm=/home/jpmurphy/.cache/coreboot-sdk/picolibc-arm-eabi/422a2aa3e1ef891b5bece9a3deb696ff83840d2e COREBOOT_SDK_ROOT_nds32=/home/jpmurphy/.cache/coreboot-sdk/nds32le-elf/d1a518c4a097666d86058e1444f85ca015d15511 COREBOOT_SDK_ROOT_picolibc_riscv64=/home/jpmurphy/.cache/coreboot-sdk/picolibc-riscv64-elf/f571e990ef0278564b31124f8bb109d9a697eb69 COREBOOT_SDK_ROOT_arm=/home/jpmurphy/.cache/coreboot-sdk/arm-eabi/ea40ddd1d190c3b48435c474c0b545719371813a COREBOOT_SDK_ROOT_libstdcxx_riscv64=/home/jpmurphy/.cache/coreboot-sdk/libstdcxx-riscv64-elf/17abf22a3a252e2d5d2062ced5324f7a623689e0 COREBOOT_SDK_ROOT_libstdcxx_arm=/home/jpmurphy/.cache/coreboot-sdk/libstdcxx-arm-eabi/5d7d82e150e44aa1968f1d366e267e6687b328ac COREBOOT_SDK_ROOT_riscv=/home/jpmurphy/.cache/coreboot-sdk/riscv-elf/9a27b9e82341c6e9126624f516ab3f261abb3e73 COREBOOT_SDK_ROOT_libstdcxx_x86=/home/jpmurphy/.cache/coreboot-sdk/libstdcxx-i386-elf/42ef9d2e87a76a37963175d7d428734e65648b87 PYTHONPATH=/mnt/host/source/src/platform/ec/zephyr/zmake PW_PIGWEED_CIPD_INSTALL_DIR=/usr CROSTC_USER_ACKNOWLEDGES_THAT_RISCV_IS_EXPERIMENTAL=1 MAKEFLAGS=' -j16 --jobserver-auth=5,6' /usr/bin/ninja -C /mnt/host/source/src/platform/ec/build/zephyr/rex-ish/build-singleimage all.libraries`
[rex-ish:singleimage] ninja: Entering directory `/mnt/host/source/src/platform/ec/build/zephyr/rex-ish/build-singleimage'
[caboc:ro] Loaded configuration '/mnt/host/source/src/platform/ec/zephyr/boards/google/it8xxx2/it8xxx2_it82002aw_defconfig'
[caboc:ro] Merged configuration '/mnt/host/source/src/platform/ec/zephyr/program/brox/program.conf'
[caboc:ro] Merged configuration '/mnt/host/source/src/platform/ec/zephyr/program/brox/ite.conf'
[caboc:ro] Merged configuration '/mnt/host/source/src/platform/ec/zephyr/program/brox/caboc/project.conf'
[caboc:ro] Merged configuration '/mnt/host/source/src/platform/ec/zephyr/program/brox/motionsense.conf'
[caboc:ro] Merged configuration '/mnt/host/source/src/platform/ec/build/zephyr/caboc/kconfig-ro.conf'
[caboc:ro] Configuration saved to '/mnt/host/source/src/platform/ec/build/zephyr/caboc/build-ro/zephyr/.config'
[caboc:ro] Kconfig header saved to '/mnt/host/source/src/platform/ec/build/zephyr/caboc/build-ro/zephyr/include/generated/zephyr/autoconf.h'
[caboc:ro] -- Found GnuLd: /home/jpmurphy/.cache/coreboot-sdk/riscv64-elf/96b949749225b6aaa92ed810ab769e8dfb12f000/riscv64-elf/bin/ld.bfd (found version "2.43.1")
[helipilot:rw] [84/526] Building C object zephyr/CMakeFiles/zephyr.dir/lib/utils/getopt/getopt.c.obj
[helipilot:rw] [85/526] Building C object zephyr/CMakeFiles/zephyr.dir/lib/utils/getopt/getopt_common.c.obj
[/mnt/host/source/src/platform/ec/build/zephyr/anakin-lcov]   /mnt/host/source/src/platform/ec/build/zephyr/anakin/build-ro/zephyr/CMakeFiles/zephyr.dir/soc/ite/ec/it8xxx2/check_regs.c.gcno:no functions found
[/mnt/host/source/src/platform/ec/build/zephyr/anakin-lcov] stderr:
[caboc:ro] -- The C compiler identification is GNU 14.2.0
[rex-ish:singleimage] [1/261] Generating include/generated/zephyr/version.h
[rex-ish-ec:ro] -- Board: npcx9, qualifiers: npcx9m7f
[helipilot:rw] [86/526] Building C object zephyr/CMakeFiles/zephyr.dir/soc/nuvoton/npcx/common/scfg.c.obj
[rex-ish:singleimage] -- git describe warned: warning: tag 'upstream/v2.7.99' is externally known as 'v2.7.99'
[rex-ish:singleimage] -- Zephyr version: 4.3.99 (/mnt/host/source/src/third_party/zephyr/main)
[rex-ish:singleimage] [2/261] Preparing syscall dependency handling
[helipilot:rw] [87/526] Building C object zephyr/CMakeFiles/zephyr.dir/soc/nuvoton/npcx/common/npcxn/registers.c.obj
[helipilot:rw] [88/526] Building C object zephyr/CMakeFiles/zephyr.dir/soc/nuvoton/npcx/common/power.c.obj
[quartz:ro] [4/349] Generating misc/generated/syscalls.json, misc/generated/struct_tags.json
[/mnt/host/source/src/platform/ec/build/zephyr/ite-aic-rtk-pdc-lcov]   /mnt/host/source/src/platform/ec/build/zephyr/ite-aic-rtk-pdc/build-rw/zephyr/drivers/syscon/CMakeFiles/drivers__syscon.dir/mnt/host/source/src/third_party/zephyr/main/misc/empty_file.c.gcno:no functions found
[/mnt/host/source/src/platform/ec/build/zephyr/ite-aic-rtk-pdc-lcov] Filter suppressions 'region':
[rex-ish:singleimage] [3/261] Generating misc/generated/syscalls_subdirs.trigger
[helipilot:rw] [89/526] Building C object zephyr/CMakeFiles/zephyr.dir/soc/nuvoton/npcx/npcx9/soc.c.obj
[/mnt/host/source/src/platform/ec/build/zephyr/ite-aic-rtk-pdc-lcov]     144 instances
[/mnt/host/source/src/platform/ec/build/zephyr/ite-aic-rtk-pdc-lcov]     232 coverpoints
[/mnt/host/source/src/platform/ec/build/zephyr/ite-aic-rtk-pdc-lcov] Message summary:
[/mnt/host/source/src/platform/ec/build/zephyr/ite-aic-rtk-pdc-lcov]   1 warning message:
[/mnt/host/source/src/platform/ec/build/zephyr/ite-aic-rtk-pdc-lcov]     format: 1
[/mnt/host/source/src/platform/ec/build/zephyr/ite-aic-rtk-pdc-lcov]   21 ignore messages:
[/mnt/host/source/src/platform/ec/build/zephyr/ite-aic-rtk-pdc-lcov]     gcov: 21
[quartz:ro] [5/349] Generating include/generated/zephyr/syscall_dispatch.c, include/generated/zephyr/syscall_exports_llext.c, syscall_weakdefs_llext.c, include/generated/zephyr/syscall_list.h
[caboc:ro] -- The CXX compiler identification is GNU 14.2.0
[pujjoga:rw] Loaded configuration '/mnt/host/source/src/platform/ec/zephyr/boards/google/npcx9/npcx9_npcx9m3f_defconfig'
[pujjoga:rw] Merged configuration '/mnt/host/source/src/platform/ec/zephyr/program/nissa/program.conf'
[pujjoga:rw] Merged configuration '/mnt/host/source/src/platform/ec/zephyr/program/nissa/npcx_program.conf'
[pujjoga:rw] Merged configuration '/mnt/host/source/src/platform/ec/zephyr/program/nissa/pujjoga/project.conf'
[pujjoga:rw] Merged configuration '/mnt/host/source/src/platform/ec/build/zephyr/pujjoga/kconfig-rw.conf'
[pujjoga:rw] Configuration saved to '/mnt/host/source/src/platform/ec/build/zephyr/pujjoga/build-rw/zephyr/.config'
[pujjoga:rw] Kconfig header saved to '/mnt/host/source/src/platform/ec/build/zephyr/pujjoga/build-rw/zephyr/include/generated/zephyr/autoconf.h'
[pujjoga:rw] -- Found GnuLd: /home/jpmurphy/.cache/coreboot-sdk/arm-eabi/ea40ddd1d190c3b48435c474c0b545719371813a/arm-eabi/bin/ld.bfd (found version "2.43.1")
[caboc:ro] -- The ASM compiler identification is GNU
[caboc:ro] -- Found assembler: /home/jpmurphy/.cache/coreboot-sdk/riscv64-elf/96b949749225b6aaa92ed810ab769e8dfb12f000/bin/riscv64-elf-gcc
[caboc:ro] CMake Warning at /mnt/host/source/src/platform/ec/zephyr/cmake/linker/ld/linker_libraries.cmake:11 (message):
[caboc:ro]   Disabling c_library
[caboc:ro] Call Stack (most recent call first):
[caboc:ro]   /mnt/host/source/src/third_party/zephyr/main/cmake/target_toolchain_flags.cmake:48 (include)
[caboc:ro]   /mnt/host/source/src/third_party/zephyr/main/cmake/modules/kernel.cmake:153 (include)
[caboc:ro]   /mnt/host/source/src/third_party/zephyr/main/cmake/modules/zephyr_default.cmake:138 (include)
[caboc:ro]   /mnt/host/source/src/third_party/zephyr/main/share/zephyr-package/cmake/ZephyrConfig.cmake:66 (include)
[caboc:ro]   /mnt/host/source/src/third_party/zephyr/main/share/zephyr-package/cmake/ZephyrConfig.cmake:97 (include_boilerplate)
[caboc:ro]   CMakeLists.txt:6 (find_package)
[quartz:ro] [6/349] Generating include/generated/zephyr/driver-validation.h
[helipilot:rw] [90/526] Building C object zephyr/CMakeFiles/zephyr.dir/subsys/logging/log_cache.c.obj
[helipilot:rw] [91/526] Building C object zephyr/CMakeFiles/zephyr.dir/subsys/logging/log_core.c.obj
[quartz:ro] [7/349] Generating include/generated/device-api-sections.ld, include/generated/device-api-sections.cmake
[quartz:ro] [8/349] Generating include/generated/zephyr/kobj-types-enum.h, include/generated/zephyr/otype-to-str.h, include/generated/zephyr/otype-to-size.h
[helipilot:rw] [92/526] Building C object zephyr/CMakeFiles/zephyr.dir/subsys/logging/log_mgmt.c.obj
[quartz:ro] [9/349] Building C object zephyr/CMakeFiles/offsets.dir/arch/arm/core/offsets/offsets.c.obj
[quartz:ro] [10/349] cd /mnt/host/source/src/platform/ec/build/zephyr/quartz/build-ro/modules/ec/zephyr && PYTHONPATH=/mnt/host/source/src/platform/ec/build/zephyr/quartz/modules/ec/zephyr/zmake/ /usr/bin/python3.11 /mnt/host/source/src/platform/ec/build/zephyr/quartz/modules/ec/zephyr/zmake/zephyr_build_tools/generate_ec_version.py /mnt/host/source/src/platform/ec/build/zephyr/quartz/build-ro/modules/ec/zephyr/include/ec_version.h --name Zephyr-Kernel --version 16543.0.0 --static
[quartz:ro] INFO:root:Using a static version string
[quartz:ro] INFO:root:Version string: Zephyr-Kernel-16543.0.0
[quartz:ro] INFO:root:Writing header to /mnt/host/source/src/platform/ec/build/zephyr/quartz/build-ro/modules/ec/zephyr/include/ec_version.h
[quartz:ro] [11/349] Building C object zephyr/drivers/sensor/CMakeFiles/drivers__sensor.dir/mnt/host/source/src/third_party/zephyr/main/misc/empty_file.c.obj
[pujjoga:rw] -- The C compiler identification is GNU 14.2.0
[quartz:ro] [12/349] Linking C static library zephyr/drivers/sensor/libdrivers__sensor.a
[quartz:ro] [13/349] Generating include/generated/zephyr/offsets.h
[quartz:ro] [14/349] Building C object zephyr/drivers/spi/CMakeFiles/drivers__spi.dir/mnt/host/source/src/third_party/zephyr/main/misc/empty_file.c.obj
[quartz:ro] [15/349] Building C object zephyr/CMakeFiles/zephyr.dir/lib/libc/validate_libc.c.obj
[quartz:ro] [16/349] Building C object zephyr/CMakeFiles/zephyr.dir/lib/heap/heap.c.obj
[quartz:ro] [17/349] Building C object zephyr/CMakeFiles/zephyr.dir/lib/os/cbprintf_packaged.c.obj
[quartz:ro] [18/349] Building C object zephyr/CMakeFiles/zephyr.dir/lib/os/clock.c.obj
[quartz:ro] [19/349] Building C object zephyr/CMakeFiles/zephyr.dir/lib/os/printk.c.obj
[quartz:ro] [20/349] Building C object zephyr/CMakeFiles/zephyr.dir/lib/os/sem.c.obj
[quartz:ro] [21/349] Building C object zephyr/CMakeFiles/zephyr.dir/lib/os/thread_entry.c.obj
[quartz:ro] [22/349] Building C object zephyr/CMakeFiles/zephyr.dir/lib/os/cbprintf_nano.c.obj
[quartz:ro] [23/349] Building C object zephyr/CMakeFiles/zephyr.dir/lib/os/cbprintf.c.obj
[quartz:ro] [24/349] Building C object zephyr/CMakeFiles/zephyr.dir/lib/os/assert.c.obj
[quartz:ro] [25/349] Building C object zephyr/CMakeFiles/zephyr.dir/lib/utils/dec.c.obj
[quartz:ro] [26/349] Building C object zephyr/CMakeFiles/zephyr.dir/lib/utils/hex.c.obj
[quartz:ro] [27/349] Building C object zephyr/CMakeFiles/zephyr.dir/lib/utils/timeutil.c.obj
[quartz:ro] [28/349] Building C object zephyr/CMakeFiles/zephyr.dir/lib/utils/rb.c.obj
[quartz:ro] [29/349] Building C object zephyr/CMakeFiles/zephyr.dir/lib/utils/bitmask.c.obj
[quartz:ro] [30/349] Building C object zephyr/CMakeFiles/zephyr.dir/lib/utils/bitarray.c.obj
[helipilot:rw] [93/526] Building C object zephyr/CMakeFiles/zephyr.dir/subsys/logging/log_msg.c.obj
[quartz:ro] [31/349] Building C object zephyr/CMakeFiles/zephyr.dir/lib/utils/getopt/getopt_common.c.obj
[quartz:ro] [32/349] Building C object zephyr/CMakeFiles/zephyr.dir/lib/utils/getopt/getopt.c.obj
[quartz:ro] [33/349] Building C object zephyr/CMakeFiles/zephyr.dir/lib/utils/ring_buffer.c.obj
[quartz:ro] [34/349] Building C object zephyr/CMakeFiles/zephyr.dir/lib/utils/last_section_id.c.obj
[quartz:ro] [35/349] Building C object zephyr/CMakeFiles/zephyr.dir/misc/generated/configs.c.obj
[helipilot:rw] [94/526] Building C object zephyr/CMakeFiles/zephyr.dir/subsys/logging/log_output_custom.c.obj
[quartz:ro] [36/349] Building C object zephyr/CMakeFiles/zephyr.dir/soc/nuvoton/npcx/common/power.c.obj
[quartz:ro] [37/349] Building C object zephyr/CMakeFiles/zephyr.dir/soc/nuvoton/npcx/common/scfg.c.obj
[quartz:ro] [38/349] Building C object zephyr/CMakeFiles/zephyr.dir/soc/nuvoton/npcx/common/npcxn/registers.c.obj
[pujjoga:rw] -- The CXX compiler identification is GNU 14.2.0
[quartz:ro] [39/349] Building C object zephyr/CMakeFiles/zephyr.dir/soc/nuvoton/npcx/npcx9/soc.c.obj
[quartz:ro] [40/349] Building C object zephyr/CMakeFiles/zephyr.dir/subsys/logging/log_minimal.c.obj
[quartz:ro] [41/349] Building C object zephyr/CMakeFiles/zephyr.dir/subsys/mem_mgmt/mem_attr.c.obj
[quartz:ro] [42/349] Building C object zephyr/CMakeFiles/zephyr.dir/subsys/pm/pm.c.obj
[quartz:ro] [43/349] Building C object zephyr/CMakeFiles/zephyr.dir/subsys/pm/state.c.obj
[quartz:ro] [44/349] Building C object zephyr/CMakeFiles/zephyr.dir/subsys/pm/policy/policy_events.c.obj
[quartz:ro] [45/349] Building C object zephyr/CMakeFiles/zephyr.dir/subsys/pm/policy/policy_latency.c.obj
[pujjoga:rw] -- The ASM compiler identification is GNU
[quartz:ro] [46/349] Building C object zephyr/CMakeFiles/zephyr.dir/subsys/pm/policy/policy_state_lock.c.obj
[helipilot:rw] [95/526] Building C object zephyr/CMakeFiles/zephyr.dir/subsys/logging/log_output.c.obj
[quartz:ro] [47/349] Building C object zephyr/CMakeFiles/zephyr.dir/subsys/pm/device.c.obj
[quartz:ro] [48/349] Building C object zephyr/CMakeFiles/zephyr.dir/subsys/pm/device_runtime.c.obj
[quartz:ro] [49/349] Building C object zephyr/CMakeFiles/zephyr.dir/subsys/tracing/tracing_none.c.obj
[pujjoga:rw] CMake Warning at /mnt/host/source/src/platform/ec/zephyr/cmake/linker/ld/linker_libraries.cmake:11 (message):
[helipilot:rw] [96/526] Building C object zephyr/CMakeFiles/zephyr.dir/subsys/pm/state.c.obj
[quartz:ro] [50/349] Building C object zephyr/CMakeFiles/zephyr.dir/subsys/testsuite/coverage/coverage.c.obj
[quartz:ro] [51/349] Building C object zephyr/CMakeFiles/zephyr.dir/subsys/shell/modules/kernel_service/cycles.c.obj
[quartz:ro] [52/349] Building C object zephyr/CMakeFiles/zephyr.dir/subsys/shell/modules/kernel_service/kernel_shell.c.obj
[quartz:ro] [53/349] Building C object zephyr/CMakeFiles/zephyr.dir/subsys/shell/modules/kernel_service/sleep.c.obj
[quartz:ro] [54/349] Building C object zephyr/CMakeFiles/zephyr.dir/subsys/shell/modules/kernel_service/uptime.c.obj
[quartz:ro] [55/349] Building C object zephyr/CMakeFiles/zephyr.dir/subsys/shell/modules/kernel_service/version.c.obj
[quartz:ro] [56/349] Building C object zephyr/CMakeFiles/zephyr.dir/subsys/shell/modules/kernel_service/thread/thread.c.obj
[quartz:ro] [57/349] Building C object zephyr/CMakeFiles/zephyr.dir/subsys/shell/modules/kernel_service/thread/list.c.obj
[quartz:ro] [58/349] Building C object zephyr/CMakeFiles/zephyr.dir/subsys/shell/modules/kernel_service/thread/stacks.c.obj
[caboc:ro] -- Performing EC specific devicetree checks
[quartz:ro] [59/349] Building C object zephyr/CMakeFiles/zephyr.dir/subsys/shell/modules/kernel_service/thread/suspend.c.obj
[quartz:ro] [60/349] Building C object zephyr/CMakeFiles/zephyr.dir/subsys/shell/modules/kernel_service/thread/resume.c.obj
[quartz:ro] [61/349] Building C object zephyr/CMakeFiles/zephyr.dir/subsys/shell/backends/shell_uart.c.obj
[quartz:ro] [62/349] Building C object zephyr/CMakeFiles/zephyr.dir/subsys/shell/modules/kernel_service/thread/kill.c.obj
[quartz:ro] [63/349] Building C object zephyr/CMakeFiles/zephyr.dir/subsys/shell/shell.c.obj
[rex-ish:singleimage] [4/261] Generating misc/generated/syscalls.json, misc/generated/struct_tags.json
[quartz:ro] [64/349] Building C object zephyr/CMakeFiles/zephyr.dir/subsys/shell/shell_fprintf.c.obj
[quartz:ro] [65/349] Building C object zephyr/CMakeFiles/zephyr.dir/subsys/shell/shell_utils.c.obj
[quartz:ro] [66/349] Building C object zephyr/CMakeFiles/zephyr.dir/subsys/shell/shell_ops.c.obj
[quartz:ro] [67/349] Building C object zephyr/CMakeFiles/zephyr.dir/subsys/shell/shell_help.c.obj
[quartz:ro] [68/349] Building C object zephyr/CMakeFiles/zephyr.dir/subsys/shell/shell_cmds.c.obj
[quartz:ro] [69/349] Building C object zephyr/CMakeFiles/zephyr.dir/subsys/shell/shell_history.c.obj
[quartz:ro] [70/349] Building C object zephyr/arch/common/CMakeFiles/arch__common.dir/sw_isr_common.c.obj
[helipilot:rw] [97/526] Building C object zephyr/CMakeFiles/zephyr.dir/subsys/mem_mgmt/mem_attr.c.obj
[quartz:ro] [71/349] Building C object zephyr/CMakeFiles/zephyr.dir/drivers/flash/flash_util.c.obj
[quartz:ro] [72/349] Building C object zephyr/arch/common/CMakeFiles/arch__common.dir/init.c.obj
[caboc:ro] INFO: Verified 45 GPIOs, no duplicates found
[caboc:ro] INFO: Verified 48 '*-gpios' properties, all flags match.
[quartz:ro] [73/349] Building C object zephyr/arch/common/CMakeFiles/arch__common.dir/xip.c.obj
[rex-ish:singleimage] [5/261] Generating include/generated/zephyr/syscall_dispatch.c, include/generated/zephyr/syscall_exports_llext.c, syscall_weakdefs_llext.c, include/generated/zephyr/syscall_list.h
[quartz:ro] [74/349] Building C object zephyr/arch/common/CMakeFiles/isr_tables.dir/isr_tables.c.obj
[helipilot:rw] [98/526] Building C object zephyr/CMakeFiles/zephyr.dir/subsys/pm/pm.c.obj
[quartz:ro] [75/349] Linking C static library zephyr/arch/common/libisr_tables.a
[quartz:ro] [76/349] Linking C static library zephyr/libzephyr.a
[quartz:ro] [77/349] Building C object zephyr/arch/arch/arm/core/CMakeFiles/arch__arm__core.dir/fatal.c.obj
[quartz:ro] [78/349] Linking C static library zephyr/arch/common/libarch__common.a
[quartz:ro] [79/349] Building C object zephyr/arch/arch/arm/core/CMakeFiles/arch__arm__core.dir/nmi.c.obj
[rex-ish:singleimage] [6/261] Generating include/generated/zephyr/driver-validation.h
[quartz:ro] [80/349] Building C object zephyr/arch/arch/arm/core/cortex_m/CMakeFiles/arch__arm__core__cortex_m.dir/exc_exit.c.obj
[helipilot:rw] [99/526] Building C object zephyr/CMakeFiles/zephyr.dir/subsys/pm/policy/policy_latency.c.obj
[quartz:ro] [81/349] Building C object zephyr/arch/arch/arm/core/cortex_m/CMakeFiles/arch__arm__core__cortex_m.dir/fault.c.obj
[caboc:ro] -- Generating component manifest file
[helipilot:rw] [100/526] Building C object zephyr/CMakeFiles/zephyr.dir/subsys/pm/policy/policy_state_lock.c.obj
[rex-ish:singleimage] [7/261] Generating include/generated/zephyr/kobj-types-enum.h, include/generated/zephyr/otype-to-str.h, include/generated/zephyr/otype-to-size.h
[quartz:ro] [82/349] Building ASM object zephyr/arch/arch/arm/core/CMakeFiles/arch__arm__core.dir/nmi_on_reset.S.obj
[pujjoga:rw] -- Found assembler: /home/jpmurphy/.cache/coreboot-sdk/arm-eabi/ea40ddd1d190c3b48435c474c0b545719371813a/bin/arm-eabi-gcc
[pujjoga:rw] -- Performing EC specific devicetree checks
[helipilot:rw] [101/526] Building C object zephyr/CMakeFiles/zephyr.dir/subsys/pm/policy/policy_events.c.obj
[rex-ish:singleimage] [8/261] Generating include/generated/device-api-sections.ld, include/generated/device-api-sections.cmake
[quartz:ro] [83/349] Building ASM object zephyr/arch/arch/arm/core/cortex_m/CMakeFiles/arch__arm__core__cortex_m.dir/fault_s.S.obj
[quartz:ro] [84/349] Building C object zephyr/arch/arch/arm/core/cortex_m/CMakeFiles/arch__arm__core__cortex_m.dir/fpu.c.obj
[rex-ish:singleimage] [9/261] Building C object zephyr/CMakeFiles/offsets.dir/arch/x86/core/offsets/offsets.c.obj
[quartz:ro] [85/349] Linking C static library zephyr/arch/arch/arm/core/libarch__arm__core.a
[caboc:ro] INFO: Skipped 15 named-gpios children.
[caboc:ro] INFO: Running CME, outputting to /mnt/host/source/src/platform/ec/build/zephyr/caboc/build-ro/zephyr/component_manifest.json
[caboc:ro] WARNING: Unknown or disabled I2C port: i2c@f04480(i2c_ec_pmc_pd)
[caboc:ro] INFO: Project caboc does not support SSFC
[helipilot:rw] [102/526] Building C object zephyr/CMakeFiles/zephyr.dir/subsys/pm/device.c.obj
[/mnt/host/source/src/platform/ec/build/zephyr/kanix-lcov]   /mnt/host/source/src/platform/ec/build/zephyr/kanix/build-ro/CMakeFiles/app.dir/mnt/host/source/src/platform/ec/build/zephyr/kanix/modules/ec/common/chargen.c.gcno:no functions found
[caboc:ro] INFO: No motionsense-sensor node found
[quartz:ro] [86/349] Building C object zephyr/arch/arch/arm/core/cortex_m/CMakeFiles/arch__arm__core__cortex_m.dir/scb.c.obj
[/mnt/host/source/src/platform/ec/build/zephyr/kanix-lcov] stderr:
[caboc:ro] -- warning_base_override: -Wall;-Wformat;-Wformat-security;-Wformat;-Wno-format-zero-length;-Wno-pointer-sign;-Wpointer-arith;-Wexpansion-to-defined
[pujjoga:rw]   Disabling c_library
[pujjoga:rw] Call Stack (most recent call first):
[pujjoga:rw]   /mnt/host/source/src/third_party/zephyr/main/cmake/target_toolchain_flags.cmake:48 (include)
[pujjoga:rw]   /mnt/host/source/src/third_party/zephyr/main/cmake/modules/kernel.cmake:153 (include)
[pujjoga:rw]   /mnt/host/source/src/third_party/zephyr/main/cmake/modules/zephyr_default.cmake:138 (include)
[pujjoga:rw]   /mnt/host/source/src/third_party/zephyr/main/share/zephyr-package/cmake/ZephyrConfig.cmake:66 (include)
[pujjoga:rw]   /mnt/host/source/src/third_party/zephyr/main/share/zephyr-package/cmake/ZephyrConfig.cmake:97 (include_boilerplate)
[pujjoga:rw]   CMakeLists.txt:7 (find_package)
[pujjoga:rw] INFO: Verified 61 GPIOs, no duplicates found
[rex-ish-ec:ro] -- Found Dtc: /usr/bin/dtc (found suitable version "1.6.0", minimum required is "1.4.6")
[rex-ish-ec:ro] -- Found BOARD.dts: /mnt/host/source/src/platform/ec/zephyr/boards/google/npcx9/npcx9_npcx9m7f.dts
[rex-ish-ec:ro] -- Found devicetree overlay: /mnt/host/source/src/platform/ec/zephyr/program/rex/rex-ish-ec/project.overlay
[rex-ish:singleimage] [10/261] Generating include/generated/zephyr/offsets.h
[helipilot:rw] [103/526] Building C object zephyr/CMakeFiles/zephyr.dir/subsys/pm/device_runtime.c.obj
[rex-ish:singleimage] [11/261] Building C object zephyr/CMakeFiles/zephyr.dir/lib/libc/validate_libc.c.obj
[rex-ish:singleimage] [12/261] Building C object zephyr/CMakeFiles/zephyr.dir/lib/heap/heap.c.obj
[rex-ish:singleimage] [13/261] Building C object zephyr/CMakeFiles/zephyr.dir/lib/os/cbprintf_packaged.c.obj
[rex-ish:singleimage] [14/261] Building C object zephyr/CMakeFiles/zephyr.dir/lib/os/clock.c.obj
[helipilot:rw] [104/526] Building C object zephyr/CMakeFiles/zephyr.dir/subsys/testsuite/coverage/coverage.c.obj
[rex-ish:singleimage] [15/261] Building C object zephyr/CMakeFiles/zephyr.dir/lib/os/printk.c.obj
[rex-ish:singleimage] [16/261] Building C object zephyr/CMakeFiles/zephyr.dir/lib/os/sem.c.obj
[rex-ish:singleimage] [17/261] Building C object zephyr/CMakeFiles/zephyr.dir/lib/os/thread_entry.c.obj
[quartz:ro] [87/349] Building C object zephyr/arch/arch/arm/core/cortex_m/CMakeFiles/arch__arm__core__cortex_m.dir/thread_abort.c.obj
[rex-ish:singleimage] [18/261] Building C object zephyr/CMakeFiles/zephyr.dir/lib/os/cbprintf_nano.c.obj
[quartz:ro] [88/349] Building ASM object zephyr/arch/arch/arm/core/cortex_m/CMakeFiles/arch__arm__core__cortex_m.dir/vector_table.S.obj
[pujjoga:rw] -- Generating component manifest file
[caboc:ro] -- Found gen_kobject_list: /mnt/host/source/src/third_party/zephyr/main/scripts/build/gen_kobject_list.py
[rex-ish:singleimage] [19/261] Building C object zephyr/CMakeFiles/zephyr.dir/lib/os/cbprintf.c.obj
[rex-ish:singleimage] [20/261] Building C object zephyr/CMakeFiles/zephyr.dir/lib/os/assert.c.obj
[helipilot:rw] [105/526] Building C object zephyr/CMakeFiles/zephyr.dir/subsys/tracing/tracing_none.c.obj
[rex-ish:singleimage] [21/261] Building C object zephyr/CMakeFiles/zephyr.dir/lib/os/reboot.c.obj
[caboc:ro] CMake Warning at /mnt/host/source/src/third_party/zephyr/main/CMakeLists.txt:2359 (message):
[caboc:ro]   __ASSERT() statements are globally ENABLED
[rex-ish:singleimage] [22/261] Building C object zephyr/CMakeFiles/zephyr.dir/lib/utils/dec.c.obj
[rex-ish:singleimage] [23/261] Building C object zephyr/CMakeFiles/zephyr.dir/lib/utils/hex.c.obj
[rex-ish:singleimage] [24/261] Building C object zephyr/CMakeFiles/zephyr.dir/lib/utils/rb.c.obj
[rex-ish:singleimage] [25/261] Building C object zephyr/CMakeFiles/zephyr.dir/lib/utils/timeutil.c.obj
[helipilot:rw] [106/526] Building C object zephyr/CMakeFiles/zephyr.dir/subsys/shell/modules/kernel_service/cycles.c.obj
[rex-ish:singleimage] [26/261] Building C object zephyr/CMakeFiles/zephyr.dir/lib/utils/bitarray.c.obj
[rex-ish:singleimage] [27/261] Building C object zephyr/CMakeFiles/zephyr.dir/lib/utils/bitmask.c.obj
[rex-ish:singleimage] [28/261] Building C object zephyr/CMakeFiles/zephyr.dir/lib/utils/getopt/getopt.c.obj
[pujjoga:rw] INFO: Verified 25 '*-gpios' properties, all flags match.
[pujjoga:rw] INFO: Skipped 15 named-gpios children.
[pujjoga:rw] INFO: Running CME, outputting to /mnt/host/source/src/platform/ec/build/zephyr/pujjoga/build-rw/zephyr/component_manifest.json
[pujjoga:rw] INFO: Project pujjoga does not support SSFC
[pujjoga:rw] INFO: Component virtual-mux-0(cros-ec,usbc-mux-virtual) not on I2C bus, skip it
[pujjoga:rw] INFO: Component virtual-mux-1(cros-ec,usbc-mux-virtual) not on I2C bus, skip it
[pujjoga:rw] INFO: No motionsense-sensor-alt node found
[rex-ish:singleimage] [29/261] Building C object zephyr/CMakeFiles/zephyr.dir/lib/utils/getopt/getopt_common.c.obj
[rex-ish:singleimage] [30/261] Building C object zephyr/CMakeFiles/zephyr.dir/lib/utils/ring_buffer.c.obj
[pujjoga:rw] -- warning_base_override: -Wall;-Wformat;-Wformat-security;-Wformat;-Wno-format-zero-length;-Wno-pointer-sign;-Wpointer-arith;-Wexpansion-to-defined
[rex-ish:singleimage] [31/261] Building C object zephyr/CMakeFiles/zephyr.dir/misc/generated/configs.c.obj
[helipilot:rw] [107/526] Building C object zephyr/CMakeFiles/zephyr.dir/subsys/shell/modules/kernel_service/kernel_shell.c.obj
[caboc:ro] -- Configuring done (17.1s)
[rex-ish:singleimage] [32/261] Building C object zephyr/CMakeFiles/zephyr.dir/soc/intel/intel_ish/intel_ish5/soc.c.obj
[rex-ish:singleimage] [33/261] Building C object zephyr/CMakeFiles/zephyr.dir/soc/intel/intel_ish/intel_ish5/pm/power.c.obj
[rex-ish:singleimage] [34/261] Building C object zephyr/CMakeFiles/zephyr.dir/subsys/logging/log_minimal.c.obj
[rex-ish:singleimage] [35/261] Building C object zephyr/CMakeFiles/zephyr.dir/subsys/pm/pm.c.obj
[rex-ish:singleimage] [36/261] Building C object zephyr/CMakeFiles/zephyr.dir/subsys/pm/state.c.obj
[rex-ish:singleimage] [37/261] Building C object zephyr/CMakeFiles/zephyr.dir/subsys/pm/policy/policy_events.c.obj
[quartz:ro] [89/349] Building ASM object zephyr/arch/arch/arm/core/cortex_m/CMakeFiles/arch__arm__core__cortex_m.dir/reset.S.obj
[rex-ish:singleimage] [38/261] Building C object zephyr/CMakeFiles/zephyr.dir/subsys/pm/policy/policy_latency.c.obj
[quartz:ro] [90/349] Building C object zephyr/arch/arch/arm/core/cortex_m/CMakeFiles/arch__arm__core__cortex_m.dir/irq_manage.c.obj
[rex-ish:singleimage] [39/261] Building C object zephyr/CMakeFiles/zephyr.dir/subsys/pm/policy/policy_state_lock.c.obj
[helipilot:rw] [108/526] Building C object zephyr/CMakeFiles/zephyr.dir/subsys/shell/modules/kernel_service/sleep.c.obj
[quartz:ro] [91/349] Building C object zephyr/arch/arch/arm/core/cortex_m/CMakeFiles/arch__arm__core__cortex_m.dir/prep_c.c.obj
[rex-ish:singleimage] [40/261] Building C object zephyr/CMakeFiles/zephyr.dir/subsys/pm/policy/policy_default.c.obj
[quartz:ro] [92/349] Building C object zephyr/arch/arch/arm/core/cortex_m/CMakeFiles/arch__arm__core__cortex_m.dir/thread.c.obj
[rex-ish:singleimage] [41/261] Building C object zephyr/CMakeFiles/zephyr.dir/subsys/pm/device.c.obj
[quartz:ro] [93/349] Building C object zephyr/arch/arch/arm/core/cortex_m/CMakeFiles/arch__arm__core__cortex_m.dir/cpu_idle.c.obj
[rex-ish:singleimage] [42/261] Building C object zephyr/CMakeFiles/zephyr.dir/subsys/pm/device_system_managed.c.obj
[quartz:ro] [94/349] Building C object zephyr/arch/arch/arm/core/cortex_m/CMakeFiles/arch__arm__core__cortex_m.dir/irq_init.c.obj
[rex-ish:singleimage] [43/261] Building C object zephyr/CMakeFiles/zephyr.dir/subsys/testsuite/coverage/coverage.c.obj
[quartz:ro] [95/349] Building C object zephyr/arch/arch/arm/core/cortex_m/CMakeFiles/arch__arm__core__cortex_m.dir/isr_wrapper.c.obj
[rex-ish:singleimage] [44/261] Building C object zephyr/CMakeFiles/zephyr.dir/subsys/tracing/tracing_none.c.obj
[rex-ish:singleimage] [45/261] Building C object zephyr/CMakeFiles/zephyr.dir/subsys/shell/modules/kernel_service/kernel_shell.c.obj
[quartz:ro] [96/349] Building C object zephyr/arch/arch/arm/core/mpu/CMakeFiles/arch__arm__core__mpu.dir/arm_core_mpu.c.obj
[rex-ish:singleimage] [46/261] Building C object zephyr/CMakeFiles/zephyr.dir/subsys/shell/modules/kernel_service/cycles.c.obj
[quartz:ro] [97/349] Building C object zephyr/arch/arch/arm/core/mpu/CMakeFiles/arch__arm__core__mpu.dir/arm_mpu.c.obj
[quartz:ro] [98/349] Building C object zephyr/arch/arch/arm/core/mpu/CMakeFiles/arch__arm__core__mpu.dir/arm_mpu_regions.c.obj
[rex-ish:singleimage] [47/261] Building C object zephyr/CMakeFiles/zephyr.dir/subsys/shell/modules/kernel_service/sleep.c.obj
[rex-ish:singleimage] [48/261] Building C object zephyr/CMakeFiles/zephyr.dir/subsys/shell/modules/kernel_service/uptime.c.obj
[rex-ish:singleimage] [49/261] Building C object zephyr/CMakeFiles/zephyr.dir/subsys/shell/modules/kernel_service/version.c.obj
[rex-ish:singleimage] [50/261] Building C object zephyr/CMakeFiles/zephyr.dir/subsys/shell/modules/kernel_service/reboot.c.obj
[helipilot:rw] [109/526] Building C object zephyr/CMakeFiles/zephyr.dir/subsys/shell/modules/kernel_service/uptime.c.obj
[/mnt/host/source/src/platform/ec/build/zephyr/anakin-lcov]   /mnt/host/source/src/platform/ec/build/zephyr/anakin/build-ro/zephyr/drivers/syscon/CMakeFiles/drivers__syscon.dir/mnt/host/source/src/third_party/zephyr/main/misc/empty_file.c.gcno:no functions found
[/mnt/host/source/src/platform/ec/build/zephyr/anakin-lcov] stderr:
[rex-ish:singleimage] [51/261] Building C object zephyr/CMakeFiles/zephyr.dir/subsys/shell/modules/kernel_service/thread/thread.c.obj
[quartz:ro] [99/349] Linking C static library zephyr/arch/arch/arm/core/mpu/libarch__arm__core__mpu.a
[rex-ish:singleimage] [52/261] Building C object zephyr/CMakeFiles/zephyr.dir/subsys/shell/modules/kernel_service/thread/list.c.obj
[helipilot:rw] [110/526] Building C object zephyr/CMakeFiles/zephyr.dir/subsys/shell/modules/kernel_service/version.c.obj
[rex-ish:singleimage] [53/261] Building C object zephyr/CMakeFiles/zephyr.dir/subsys/shell/modules/kernel_service/thread/stacks.c.obj
[quartz:ro] [100/349] Building ASM object zephyr/arch/arch/arm/core/cortex_m/CMakeFiles/arch__arm__core__cortex_m.dir/swap_helper.S.obj
[quartz:ro] [101/349] Generating ../../../include/generated/libc/minimal/strerror_table.h
[rex-ish:singleimage] [54/261] Building C object zephyr/CMakeFiles/zephyr.dir/subsys/shell/modules/kernel_service/thread/unwind.c.obj
[rex-ish:singleimage] [55/261] Building C object zephyr/CMakeFiles/zephyr.dir/subsys/shell/modules/kernel_service/thread/suspend.c.obj
[quartz:ro] [102/349] Building C object zephyr/lib/libc/minimal/CMakeFiles/lib__libc__minimal.dir/source/stdlib/atoi.c.obj
[rex-ish:singleimage] [56/261] Building C object zephyr/CMakeFiles/zephyr.dir/subsys/shell/modules/kernel_service/thread/resume.c.obj
[quartz:ro] [103/349] Building C object zephyr/lib/libc/minimal/CMakeFiles/lib__libc__minimal.dir/source/stdlib/strtol.c.obj
[rex-ish:singleimage] [57/261] Building C object zephyr/CMakeFiles/zephyr.dir/subsys/shell/modules/kernel_service/thread/kill.c.obj
[caboc:ro] -- Generating done (0.4s)
[caboc:ro] CMake Warning:
[quartz:ro] [104/349] Building C object zephyr/lib/libc/minimal/CMakeFiles/lib__libc__minimal.dir/source/stdlib/strtoul.c.obj
[rex-ish:singleimage] [58/261] Building C object zephyr/CMakeFiles/zephyr.dir/subsys/shell/backends/shell_uart.c.obj
[quartz:ro] [105/349] Building C object zephyr/lib/libc/minimal/CMakeFiles/lib__libc__minimal.dir/source/stdlib/strtoll.c.obj
[quartz:ro] [106/349] Building C object zephyr/lib/libc/minimal/CMakeFiles/lib__libc__minimal.dir/source/stdlib/strtoull.c.obj
[rex-ish:singleimage] [59/261] Building C object zephyr/CMakeFiles/zephyr.dir/subsys/shell/shell.c.obj
[quartz:ro] [107/349] Building C object zephyr/lib/libc/minimal/CMakeFiles/lib__libc__minimal.dir/source/stdlib/bsearch.c.obj
[quartz:ro] [108/349] Linking C static library zephyr/arch/arch/arm/core/cortex_m/libarch__arm__core__cortex_m.a
[pujjoga:rw] -- Found gen_kobject_list: /mnt/host/source/src/third_party/zephyr/main/scripts/build/gen_kobject_list.py
[rex-ish:singleimage] [60/261] Building C object zephyr/CMakeFiles/zephyr.dir/subsys/shell/shell_fprintf.c.obj
[quartz:ro] [109/349] Building C object zephyr/lib/libc/minimal/CMakeFiles/lib__libc__minimal.dir/source/stdlib/exit.c.obj
[quartz:ro] [110/349] Building C object zephyr/lib/libc/minimal/CMakeFiles/lib__libc__minimal.dir/source/string/strerror.c.obj
[quartz:ro] [111/349] Building C object zephyr/lib/libc/minimal/CMakeFiles/lib__libc__minimal.dir/source/stdlib/qsort.c.obj
[rex-ish:singleimage] [61/261] Building C object zephyr/CMakeFiles/zephyr.dir/subsys/shell/shell_utils.c.obj
[quartz:ro] [112/349] Building C object zephyr/lib/libc/minimal/CMakeFiles/lib__libc__minimal.dir/source/string/strncasecmp.c.obj
[quartz:ro] [113/349] Building C object zephyr/lib/libc/minimal/CMakeFiles/lib__libc__minimal.dir/source/string/strstr.c.obj
[quartz:ro] [114/349] Building C object zephyr/lib/libc/minimal/CMakeFiles/lib__libc__minimal.dir/source/string/string.c.obj
[quartz:ro] [115/349] Building C object zephyr/lib/libc/minimal/CMakeFiles/lib__libc__minimal.dir/source/string/strspn.c.obj
[rex-ish:singleimage] [62/261] Building C object zephyr/CMakeFiles/zephyr.dir/subsys/shell/shell_ops.c.obj
[quartz:ro] [116/349] Building C object zephyr/lib/libc/minimal/CMakeFiles/lib__libc__minimal.dir/source/stdout/stdout_console.c.obj
[quartz:ro] [117/349] Building C object zephyr/lib/libc/minimal/CMakeFiles/lib__libc__minimal.dir/source/stdout/sprintf.c.obj
[quartz:ro] [118/349] Building C object zephyr/lib/libc/minimal/CMakeFiles/lib__libc__minimal.dir/source/stdout/fprintf.c.obj
[rex-ish:singleimage] [63/261] Building C object zephyr/CMakeFiles/zephyr.dir/subsys/shell/shell_help.c.obj
[quartz:ro] [119/349] Building C object zephyr/lib/libc/minimal/CMakeFiles/lib__libc__minimal.dir/source/math/sqrt.c.obj
[quartz:ro] [120/349] Building C object zephyr/lib/libc/minimal/CMakeFiles/lib__libc__minimal.dir/source/math/sqrtf.c.obj
[quartz:ro] [121/349] Building C object zephyr/lib/libc/minimal/CMakeFiles/lib__libc__minimal.dir/source/time/gmtime.c.obj
[rex-ish:singleimage] [64/261] Building C object zephyr/CMakeFiles/zephyr.dir/subsys/shell/shell_history.c.obj
[quartz:ro] [122/349] Building C object zephyr/lib/libc/common/CMakeFiles/lib__libc__common.dir/source/stdlib/abort.c.obj
[helipilot:rw] [111/526] Building C object zephyr/CMakeFiles/zephyr.dir/subsys/shell/backends/shell_uart.c.obj
[rex-ish:singleimage] [65/261] Building C object zephyr/CMakeFiles/zephyr.dir/mnt/host/source/src/third_party/zephyrproject/modules/hal/intel/zephyr/bsp_sedi/bsp_sedi_rtos_utils.c.obj
[quartz:ro] [123/349] Building C object zephyr/lib/libc/common/CMakeFiles/lib__libc__common.dir/source/time/asctime.c.obj
[quartz:ro] [124/349] Building C object zephyr/lib/libc/common/CMakeFiles/lib__libc__common.dir/source/time/gmtime_r.c.obj
[quartz:ro] [125/349] Building C object zephyr/lib/libc/common/CMakeFiles/lib__libc__common.dir/source/time/localtime_r_utc.c.obj
[caboc:ro] -- Build files have been written to: /mnt/host/source/src/platform/ec/build/zephyr/caboc/build-ro
[caboc:ro]   Manually-specified variables were not used by the project:
[caboc:ro]     COREBOOT_SDK_ROOT_arm
[caboc:ro]     COREBOOT_SDK_ROOT_libstdcxx_arm
[caboc:ro]     COREBOOT_SDK_ROOT_libstdcxx_x86
[caboc:ro]     COREBOOT_SDK_ROOT_nds32
[caboc:ro]     COREBOOT_SDK_ROOT_picolibc_arm
[caboc:ro]     COREBOOT_SDK_ROOT_picolibc_x86
[caboc:ro]     COREBOOT_SDK_ROOT_riscv
[caboc:ro]     COREBOOT_SDK_ROOT_x86
[quartz:ro] [126/349] Building C object zephyr/lib/libc/common/CMakeFiles/lib__libc__common.dir/source/time/ctime.c.obj
[quartz:ro] [127/349] Building C object zephyr/lib/libc/common/CMakeFiles/lib__libc__common.dir/source/time/time.c.obj
[rex-ish:singleimage] [66/261] Linking C static library zephyr/libzephyr.a
[quartz:ro] [128/349] Building C object zephyr/lib/libc/common/CMakeFiles/lib__libc__common.dir/source/stdlib/malloc.c.obj
[quartz:ro] [129/349] Building C object zephyr/lib/libc/common/CMakeFiles/lib__libc__common.dir/source/string/strnlen.c.obj
[rex-ish:singleimage] [67/261] Building C object zephyr/arch/common/CMakeFiles/arch__common.dir/init.c.obj
[quartz:ro] [130/349] Building C object zephyr/lib/posix/c_lib_ext/CMakeFiles/lib__posix__c_lib_ext.dir/fnmatch.c.obj
[quartz:ro] [131/349] Building C object zephyr/lib/posix/c_lib_ext/CMakeFiles/lib__posix__c_lib_ext.dir/getentropy.c.obj
[quartz:ro] [132/349] Linking C static library zephyr/lib/libc/minimal/liblib__libc__minimal.a
[pujjoga:rw] -- Configuring done (17.9s)
[quartz:ro] [133/349] Building C object zephyr/subsys/crc/CMakeFiles/subsys__crc.dir/crc4_sw.c.obj
[quartz:ro] [134/349] Building C object zephyr/lib/posix/c_lib_ext/CMakeFiles/lib__posix__c_lib_ext.dir/getopt_shim.c.obj
[quartz:ro] [135/349] Building C object zephyr/subsys/crc/CMakeFiles/subsys__crc.dir/crc8_sw.c.obj
[rex-ish:singleimage] [68/261] Linking C static library zephyr/arch/common/libarch__common.a
[helipilot:rw] [112/526] Building C object zephyr/CMakeFiles/zephyr.dir/subsys/shell/shell_fprintf.c.obj
[quartz:ro] [136/349] Building C object zephyr/subsys/crc/CMakeFiles/subsys__crc.dir/crc16_sw.c.obj
[rex-ish:singleimage] [69/261] Building C object zephyr/arch/arch/x86/core/CMakeFiles/arch__x86__core.dir/cpuhalt.c.obj
[quartz:ro] [137/349] Building C object zephyr/subsys/crc/CMakeFiles/subsys__crc.dir/crc7_sw.c.obj
[quartz:ro] [138/349] Building C object zephyr/subsys/crc/CMakeFiles/subsys__crc.dir/crc24_sw.c.obj
[rex-ish:singleimage] [70/261] Building C object zephyr/arch/arch/x86/core/CMakeFiles/arch__x86__core.dir/prep_c.c.obj
[quartz:ro] [139/349] Linking C static library zephyr/lib/libc/common/liblib__libc__common.a
[quartz:ro] [140/349] Building C object zephyr/subsys/crc/CMakeFiles/subsys__crc.dir/crc32c_sw.c.obj
[rex-ish:singleimage] [71/261] Building C object zephyr/arch/arch/x86/core/CMakeFiles/arch__x86__core.dir/fatal.c.obj
[helipilot:rw] [113/526] Building C object zephyr/CMakeFiles/zephyr.dir/subsys/shell/shell.c.obj
[quartz:ro] [141/349] Building C object zephyr/subsys/crc/CMakeFiles/subsys__crc.dir/crc32_sw.c.obj
[rex-ish:singleimage] [72/261] Building C object zephyr/arch/arch/x86/core/CMakeFiles/arch__x86__core.dir/cpuid.c.obj
[quartz:ro] [142/349] Linking C static library zephyr/lib/posix/c_lib_ext/liblib__posix__c_lib_ext.a
[rex-ish:singleimage] [73/261] Building C object zephyr/arch/arch/x86/core/CMakeFiles/arch__x86__core.dir/spec_ctrl.c.obj
[/mnt/host/source/src/platform/ec/build/zephyr/anakin-lcov]   /mnt/host/source/src/platform/ec/build/zephyr/anakin/build-rw/modules/ec/zephyr/CMakeFiles/ec_shim.dir/shim/src/power.c.gcno:no functions found
[/mnt/host/source/src/platform/ec/build/zephyr/anakin-lcov] stderr:
[quartz:ro] [143/349] Building C object zephyr/subsys/crc/CMakeFiles/subsys__crc.dir/crc32k_4_2_sw.c.obj
[quartz:ro] [144/349] Building C object zephyr/subsys/input/CMakeFiles/subsys__input.dir/input.c.obj
[rex-ish:singleimage] [74/261] Building C object zephyr/arch/arch/x86/core/CMakeFiles/arch__x86__core.dir/reboot_rst_cnt.c.obj
[quartz:ro] [145/349] Building C object zephyr/subsys/input/CMakeFiles/subsys__input.dir/input_hid.c.obj
[quartz:ro] [146/349] Building C object zephyr/drivers/interrupt_controller/CMakeFiles/drivers__interrupt_controller.dir/intc_miwu.c.obj
[quartz:ro] [147/349] Building C object zephyr/subsys/input/CMakeFiles/subsys__input.dir/input_utils.c.obj
[matsu_it82000:rw] -- Generating done (5.1s)
[matsu_it82000:rw] CMake Warning:
[matsu_it82000:rw]   Manually-specified variables were not used by the project:
[matsu_it82000:rw]     COREBOOT_SDK_ROOT_arm
[matsu_it82000:rw]     COREBOOT_SDK_ROOT_libstdcxx_arm
[matsu_it82000:rw]     COREBOOT_SDK_ROOT_libstdcxx_x86
[matsu_it82000:rw]     COREBOOT_SDK_ROOT_nds32
[matsu_it82000:rw]     COREBOOT_SDK_ROOT_picolibc_arm
[matsu_it82000:rw]     COREBOOT_SDK_ROOT_picolibc_x86
[matsu_it82000:rw]     COREBOOT_SDK_ROOT_riscv
[matsu_it82000:rw]     COREBOOT_SDK_ROOT_x86
[matsu_it82000:rw]     NANOPB_DIR
[matsu_it82000:rw]     PW_ROOT
[matsu_it82000:rw] -- Build files have been written to: /mnt/host/source/src/platform/ec/build/zephyr/matsu_it82000/build-rw
[quartz:ro] [148/349] Linking C static library zephyr/subsys/crc/libsubsys__crc.a
[quartz:ro] [149/349] Linking C static library zephyr/subsys/input/libsubsys__input.a
[quartz:ro] [150/349] Linking C static library zephyr/drivers/interrupt_controller/libdrivers__interrupt_controller.a
[quartz:ro] [151/349] Building C object zephyr/drivers/adc/CMakeFiles/drivers__adc.dir/adc_common.c.obj
[quartz:ro] [152/349] Building C object zephyr/drivers/adc/CMakeFiles/drivers__adc.dir/adc_npcx.c.obj
[quartz:ro] [153/349] Building C object zephyr/drivers/bbram/CMakeFiles/drivers__bbram.dir/bbram_npcx.c.obj
[/mnt/host/source/src/platform/ec/build/zephyr/anakin-lcov]   /mnt/host/source/src/platform/ec/build/zephyr/anakin/build-rw/modules/ec/zephyr/CMakeFiles/ec_shim.dir/shim/src/thermal.c.gcno:no functions found
[/mnt/host/source/src/platform/ec/build/zephyr/anakin-lcov] stderr:
[quartz:ro] [154/349] Building C object zephyr/drivers/clock_control/CMakeFiles/drivers__clock_control.dir/clock_control_npcx.c.obj
[helipilot:rw] [114/526] Building C object zephyr/CMakeFiles/zephyr.dir/subsys/shell/shell_utils.c.obj
[quartz:ro] [155/349] Linking C static library zephyr/drivers/adc/libdrivers__adc.a
[quartz:ro] [156/349] Linking C static library zephyr/drivers/bbram/libdrivers__bbram.a
[quartz:ro] [157/349] Linking C static library zephyr/drivers/clock_control/libdrivers__clock_control.a
[quartz:ro] [158/349] Building C object zephyr/drivers/flash/CMakeFiles/drivers__flash.dir/jesd216.c.obj
[quartz:ro] [159/349] Building C object zephyr/drivers/console/CMakeFiles/drivers__console.dir/uart_console.c.obj
[quartz:ro] [160/349] Building C object zephyr/drivers/flash/CMakeFiles/drivers__flash.dir/flash_npcx_fiu_nor.c.obj
[quartz:ro] [161/349] Building C object zephyr/drivers/flash/CMakeFiles/drivers__flash.dir/flash_npcx_fiu_qspi.c.obj
[helipilot:rw] [115/526] Building C object zephyr/CMakeFiles/zephyr.dir/subsys/shell/shell_ops.c.obj
[quartz:ro] [162/349] Building C object zephyr/drivers/gpio/CMakeFiles/drivers__gpio.dir/gpio_npcx.c.obj
[pujjoga:rw] -- Generating done (0.5s)
[pujjoga:rw] CMake Warning:
[quartz:ro] [163/349] Linking C static library zephyr/drivers/console/libdrivers__console.a
[quartz:ro] [164/349] Linking C static library zephyr/drivers/gpio/libdrivers__gpio.a
[quartz:ro] [165/349] Building C object zephyr/drivers/i2c/CMakeFiles/drivers__i2c.dir/i2c_common.c.obj
[quartz:ro] [166/349] Linking C static library zephyr/drivers/flash/libdrivers__flash.a
[quartz:ro] [167/349] Building C object zephyr/drivers/i2c/CMakeFiles/drivers__i2c.dir/i2c_shell.c.obj
[quartz:ro] [168/349] Building C object zephyr/drivers/i2c/CMakeFiles/drivers__i2c.dir/i2c_npcx_controller.c.obj
[quartz:ro] [169/349] Building C object zephyr/drivers/i2c/CMakeFiles/drivers__i2c.dir/i2c_npcx_controller_fifo.c.obj
[quartz:ro] [170/349] Building C object zephyr/drivers/i2c/CMakeFiles/drivers__i2c.dir/i2c_npcx_port.c.obj
[helipilot:rw] [116/526] Building C object zephyr/CMakeFiles/zephyr.dir/subsys/shell/shell_log_backend.c.obj
[quartz:ro] [171/349] Building C object zephyr/drivers/input/CMakeFiles/drivers__input.dir/input_kbd_matrix.c.obj
[quartz:ro] [172/349] Building C object zephyr/drivers/input/CMakeFiles/drivers__input.dir/input_npcx_kbd.c.obj
[rex-ish:singleimage] [75/261] Building ASM object zephyr/arch/arch/x86/core/CMakeFiles/arch__x86__core.dir/ia32/crt0.S.obj
[quartz:ro] [173/349] Building C object zephyr/drivers/led_strip/CMakeFiles/drivers__led_strip.dir/ws2812_uart.c.obj
[helipilot:rw] [117/526] Building C object zephyr/CMakeFiles/zephyr.dir/subsys/shell/shell_help.c.obj
[quartz:ro] [174/349] Linking C static library zephyr/drivers/i2c/libdrivers__i2c.a
[quartz:ro] [175/349] Linking C static library zephyr/drivers/led_strip/libdrivers__led_strip.a
[quartz:ro] [176/349] Linking C static library zephyr/drivers/input/libdrivers__input.a
[quartz:ro] [177/349] Building C object zephyr/drivers/pinctrl/CMakeFiles/drivers__pinctrl.dir/common.c.obj
[quartz:ro] [178/349] Building C object zephyr/drivers/pinctrl/CMakeFiles/drivers__pinctrl.dir/pinctrl_npcx.c.obj
[quartz:ro] [179/349] Building C object zephyr/drivers/pwm/CMakeFiles/drivers__pwm.dir/pwm_shell.c.obj
[quartz:ro] [180/349] Building C object zephyr/drivers/pwm/CMakeFiles/drivers__pwm.dir/pwm_npcx.c.obj
[/mnt/host/source/src/platform/ec/build/zephyr/anakin-lcov]   /mnt/host/source/src/platform/ec/build/zephyr/anakin/build-rw/modules/ec/zephyr/CMakeFiles/ec_shim.dir/shim/src/battery.c.gcno:no functions found
[/mnt/host/source/src/platform/ec/build/zephyr/anakin-lcov] stderr:
[quartz:ro] [181/349] Building C object zephyr/drivers/sensor/nuvoton/nuvoton_tach_npcx/CMakeFiles/drivers__sensor__nuvoton__nuvoton_tach_npcx.dir/tach_nuvoton_npcx.c.obj
[pujjoga:rw] -- Build files have been written to: /mnt/host/source/src/platform/ec/build/zephyr/pujjoga/build-rw
[pujjoga:rw]   Manually-specified variables were not used by the project:
[pujjoga:rw]     COREBOOT_SDK_ROOT_libstdcxx_riscv64
[pujjoga:rw]     COREBOOT_SDK_ROOT_libstdcxx_x86
[pujjoga:rw]     COREBOOT_SDK_ROOT_nds32
[pujjoga:rw]     COREBOOT_SDK_ROOT_picolibc_riscv64
[pujjoga:rw]     COREBOOT_SDK_ROOT_picolibc_x86
[pujjoga:rw]     COREBOOT_SDK_ROOT_riscv
[pujjoga:rw]     COREBOOT_SDK_ROOT_riscv64
[pujjoga:rw]     COREBOOT_SDK_ROOT_x86
[quartz:ro] [182/349] Building C object zephyr/drivers/serial/CMakeFiles/drivers__serial.dir/uart_npcx.c.obj
[helipilot:rw] [118/526] Building C object zephyr/CMakeFiles/zephyr.dir/subsys/shell/shell_history.c.obj
[quartz:ro] [183/349] Linking C static library zephyr/drivers/pwm/libdrivers__pwm.a
[quartz:ro] [184/349] Linking C static library zephyr/drivers/pinctrl/libdrivers__pinctrl.a
[quartz:ro] [185/349] Linking C static library zephyr/drivers/sensor/nuvoton/nuvoton_tach_npcx/libdrivers__sensor__nuvoton__nuvoton_tach_npcx.a
[quartz:ro] [186/349] Building C object zephyr/drivers/syscon/CMakeFiles/drivers__syscon.dir/syscon.c.obj
[quartz:ro] [187/349] Building C object zephyr/drivers/timer/CMakeFiles/drivers__timer.dir/sys_clock_init.c.obj
[quartz:ro] [188/349] Linking C static library zephyr/drivers/serial/libdrivers__serial.a
[quartz:ro] [189/349] Building C object zephyr/drivers/timer/CMakeFiles/drivers__timer.dir/npcx_itim_timer.c.obj
[quartz:ro] [190/349] Building C object zephyr/drivers/watchdog/CMakeFiles/drivers__watchdog.dir/wdt_npcx.c.obj
[quartz:ro] [191/349] Linking C static library zephyr/drivers/spi/libdrivers__spi.a
[quartz:ro] [192/349] Building C object zephyr/drivers/watchdog/CMakeFiles/drivers__watchdog.dir/wdt_shell.c.obj
[rex-ish:singleimage] [76/261] Building ASM object zephyr/arch/arch/x86/core/CMakeFiles/arch__x86__core.dir/ia32/excstub.S.obj
[quartz:ro] [193/349] Linking C static library zephyr/drivers/syscon/libdrivers__syscon.a
[quartz:ro] [194/349] Building C object modules/ec/zephyr/CMakeFiles/ec_shim.dir/app/ec/ec_app_main.c.obj
[quartz:ro] [195/349] Building C object modules/ec/zephyr/CMakeFiles/ec_shim.dir/app/ec/main_shim.c.obj
[quartz:ro] [196/349] Building C object modules/ec/zephyr/CMakeFiles/ec_shim.dir/drivers/cros_flash/cros_flash_npcx.c.obj
[quartz:ro] [197/349] Linking C static library zephyr/drivers/timer/libdrivers__timer.a
[quartz:ro] [198/349] Building C object modules/ec/zephyr/CMakeFiles/ec_shim.dir/drivers/cros_kblight/pwm_kblight.c.obj
[helipilot:rw] [119/526] Building C object zephyr/arch/common/CMakeFiles/arch__common.dir/init.c.obj
[quartz:ro] [199/349] Building C object modules/ec/zephyr/CMakeFiles/ec_shim.dir/drivers/cros_rtc/cros_rtc_npcx.c.obj
[quartz:ro] [200/349] Building C object modules/ec/zephyr/CMakeFiles/ec_shim.dir/drivers/cros_shi/cros_shi_npcx.c.obj
[quartz:ro] [201/349] Building C object modules/ec/zephyr/CMakeFiles/ec_shim.dir/drivers/keyboard_input/keyboard_customization_check.c.obj
[quartz:ro] [202/349] Building C object modules/ec/zephyr/CMakeFiles/ec_shim.dir/drivers/keyboard_input/keyboard_input.c.obj
[quartz:ro] [203/349] Building C object modules/ec/zephyr/CMakeFiles/ec_shim.dir/drivers/cros_system/cros_system_npcx.c.obj
[quartz:ro] [204/349] Linking C static library zephyr/drivers/watchdog/libdrivers__watchdog.a
[quartz:ro] [205/349] Building C object modules/ec/zephyr/CMakeFiles/ec_shim.dir/drivers/boot_keys/boot_keys.c.obj
[quartz:ro] [206/349] Building C object modules/ec/zephyr/CMakeFiles/ec_shim.dir/drivers/runtime_keys/runtime_keys.c.obj
[quartz:ro] [207/349] Building C object modules/ec/zephyr/CMakeFiles/ec_shim.dir/shim/chip/npcx/gpio.c.obj
[quartz:ro] [208/349] Building C object modules/ec/zephyr/CMakeFiles/ec_shim.dir/shim/chip/npcx/rom_chip.c.obj
[quartz:ro] [209/349] Building C object modules/ec/zephyr/CMakeFiles/ec_shim.dir/shim/chip/npcx/clock.c.obj
[quartz:ro] [210/349] Building C object modules/ec/zephyr/CMakeFiles/ec_shim.dir/shim/chip/npcx/shi.c.obj
[quartz:ro] [211/349] Building C object modules/ec/zephyr/CMakeFiles/ec_shim.dir/shim/chip/npcx/system.c.obj
[rex-ish:singleimage] [77/261] Building C object zephyr/arch/arch/x86/core/CMakeFiles/arch__x86__core.dir/ia32/irq_manage.c.obj
[quartz:ro] [212/349] Building C object modules/ec/zephyr/CMakeFiles/ec_shim.dir/shim/chip/npcx/system_external_storage.c.obj
[quartz:ro] [213/349] Building C object modules/ec/zephyr/CMakeFiles/ec_shim.dir/shim/chip/npcx/power_policy.c.obj
[helipilot:rw] [120/526] Building C object zephyr/CMakeFiles/zephyr.dir/drivers/flash/flash_util.c.obj
[quartz:ro] [214/349] Building C object modules/ec/zephyr/CMakeFiles/ec_shim.dir/shim/core/cortex-m/mpu.c.obj
[quartz:ro] [215/349] Building C object modules/ec/zephyr/CMakeFiles/ec_shim.dir/shim/core/cortex-m/panic.c.obj
[quartz:ro] [216/349] Building C object modules/ec/zephyr/CMakeFiles/ec_shim.dir/shim/src/console.c.obj
[quartz:ro] [217/349] Building C object modules/ec/zephyr/CMakeFiles/ec_shim.dir/shim/src/crc.c.obj
[quartz:ro] [218/349] Building C object modules/ec/zephyr/CMakeFiles/ec_shim.dir/shim/src/gpio.c.obj
[quartz:ro] [219/349] Building C object modules/ec/zephyr/CMakeFiles/ec_shim.dir/shim/src/gpio_int.c.obj
[quartz:ro] [220/349] Building C object modules/ec/zephyr/CMakeFiles/ec_shim.dir/shim/src/panic_utils.c.obj
[helipilot:rw] [121/526] Building C object zephyr/arch/common/CMakeFiles/arch__common.dir/sw_isr_common.c.obj
[quartz:ro] [221/349] Building C object modules/ec/zephyr/CMakeFiles/ec_shim.dir/shim/src/pm_state.c.obj
[quartz:ro] [222/349] Building C object modules/ec/zephyr/CMakeFiles/ec_shim.dir/shim/src/cbi/cros_cbi.c.obj
[quartz:ro] [223/349] Building C object modules/ec/zephyr/CMakeFiles/ec_shim.dir/shim/src/system.c.obj
[quartz:ro] [224/349] Building C object modules/ec/zephyr/CMakeFiles/ec_shim.dir/shim/src/cbi/cbi_flash.c.obj
[quartz:ro] [225/349] Building C object modules/ec/zephyr/CMakeFiles/ec_shim.dir/shim/src/led_driver/led.c.obj
[quartz:ro] [226/349] Building C object modules/ec/zephyr/CMakeFiles/ec_shim.dir/shim/src/popcountsi2.c.obj
[quartz:ro] [227/349] Building C object modules/ec/zephyr/CMakeFiles/ec_shim.dir/shim/src/adc.c.obj
[quartz:ro] [228/349] Building C object modules/ec/zephyr/CMakeFiles/ec_shim.dir/shim/src/battery.c.obj
[quartz:ro] [229/349] Building C object modules/ec/zephyr/CMakeFiles/ec_shim.dir/shim/src/fan.c.obj
[quartz:ro] [230/349] Building C object modules/ec/zephyr/CMakeFiles/ec_shim.dir/shim/src/hooks.c.obj
[quartz:ro] [231/349] Building C object modules/ec/zephyr/CMakeFiles/ec_shim.dir/shim/src/host_command.c.obj
[quartz:ro] [232/349] Building C object modules/ec/zephyr/CMakeFiles/ec_shim.dir/shim/src/console_buffer.c.obj
[quartz:ro] [233/349] Building C object modules/ec/zephyr/CMakeFiles/ec_shim.dir/shim/src/mkbp_event.c.obj
[quartz:ro] [234/349] Building C object modules/ec/zephyr/CMakeFiles/ec_shim.dir/shim/src/flash.c.obj
[quartz:ro] [235/349] Building C object modules/ec/zephyr/CMakeFiles/ec_shim.dir/shim/src/panic.c.obj
[quartz:ro] [236/349] Building C object modules/ec/zephyr/CMakeFiles/ec_shim.dir/shim/src/pwm_hc.c.obj
[quartz:ro] [237/349] Building C object modules/ec/zephyr/CMakeFiles/ec_shim.dir/shim/src/rtc.c.obj
[quartz:ro] [238/349] Building C object modules/ec/zephyr/CMakeFiles/ec_shim.dir/shim/src/temp_sensors.c.obj
[quartz:ro] [239/349] Building C object modules/ec/zephyr/CMakeFiles/ec_shim.dir/shim/src/thermal.c.obj
[quartz:ro] [240/349] Building C object modules/ec/zephyr/CMakeFiles/ec_shim.dir/shim/src/hwtimer.c.obj
[quartz:ro] [241/349] Building C object modules/ec/zephyr/CMakeFiles/ec_shim.dir/shim/src/i2c.c.obj
[quartz:ro] [242/349] Building C object modules/ec/zephyr/CMakeFiles/ec_shim.dir/shim/src/tasks.c.obj
[quartz:ro] [243/349] Building C object modules/ec/zephyr/CMakeFiles/ec_shim.dir/shim/src/watchdog.c.obj
[quartz:ro] [244/349] Building C object modules/ec/zephyr/CMakeFiles/ec_shim.dir/shim/src/usbc_stub.c.obj
[helipilot:rw] [122/526] Building C object zephyr/arch/arch/arm/core/CMakeFiles/arch__arm__core.dir/__aeabi_atexit.c.obj
[quartz:ro] [245/349] Building ASM object modules/ec/zephyr/CMakeFiles/ec_shim.dir/shim/src/libgcc_arm.S.obj
[quartz:ro] [246/349] Building C object CMakeFiles/app.dir/mnt/host/source/src/platform/ec/zephyr/subsys/ap_pwrseq/ap_events.c.obj
[quartz:ro] [247/349] Building C object CMakeFiles/app.dir/mnt/host/source/src/platform/ec/build/zephyr/quartz/modules/ec/builtin/stdlib.c.obj
[quartz:ro] [248/349] Building C object CMakeFiles/app.dir/mnt/host/source/src/platform/ec/build/zephyr/quartz/modules/ec/common/base32.c.obj
[quartz:ro] [249/349] Building C object CMakeFiles/app.dir/mnt/host/source/src/platform/ec/build/zephyr/quartz/modules/ec/common/console_output.c.obj
[quartz:ro] [250/349] Building C object CMakeFiles/app.dir/mnt/host/source/src/platform/ec/build/zephyr/quartz/modules/ec/common/ec_features.c.obj
[quartz:ro] [251/349] Building C object CMakeFiles/app.dir/mnt/host/source/src/platform/ec/build/zephyr/quartz/modules/ec/common/printf.c.obj
[quartz:ro] [252/349] Building C object CMakeFiles/app.dir/mnt/host/source/src/platform/ec/build/zephyr/quartz/modules/ec/common/peripheral.c.obj
[quartz:ro] [253/349] Building C object CMakeFiles/app.dir/mnt/host/source/src/platform/ec/build/zephyr/quartz/modules/ec/common/gpio_commands.c.obj
[rex-ish:singleimage] [78/261] Building ASM object zephyr/arch/arch/x86/core/CMakeFiles/arch__x86__core.dir/ia32/intstub.S.obj
[quartz:ro] [254/349] Building C object CMakeFiles/app.dir/mnt/host/source/src/platform/ec/build/zephyr/quartz/modules/ec/common/queue.c.obj
[quartz:ro] [255/349] Building C object CMakeFiles/app.dir/mnt/host/source/src/platform/ec/build/zephyr/quartz/modules/ec/common/system.c.obj
[rex-ish:singleimage] [79/261] Building C object zephyr/arch/arch/x86/core/CMakeFiles/arch__x86__core.dir/ia32/thread.c.obj
[helipilot:rw] [123/526] Building C object zephyr/arch/common/CMakeFiles/isr_tables.dir/isr_tables.c.obj
[quartz:ro] [256/349] Building C object CMakeFiles/app.dir/mnt/host/source/src/platform/ec/build/zephyr/quartz/modules/ec/common/system_boot_time.c.obj
[rex-ish:singleimage] [80/261] Building C object zephyr/arch/arch/x86/core/CMakeFiles/arch__x86__core.dir/ia32/fatal.c.obj
[quartz:ro] [257/349] Building C object CMakeFiles/app.dir/mnt/host/source/src/platform/ec/build/zephyr/quartz/modules/ec/common/util.c.obj
[quartz:ro] [258/349] Building C object CMakeFiles/app.dir/mnt/host/source/src/platform/ec/build/zephyr/quartz/modules/ec/common/uart_printf.c.obj
[rex-ish:singleimage] [81/261] Building ASM object zephyr/arch/arch/x86/core/CMakeFiles/arch__x86__core.dir/ia32/swap.S.obj
[rex-ish:singleimage] [82/261] Building C object zephyr/arch/arch/x86/core/CMakeFiles/arch__x86__core.dir/ia32/soft_float_stubs.c.obj
[quartz:ro] [259/349] Building C object CMakeFiles/app.dir/mnt/host/source/src/platform/ec/build/zephyr/quartz/modules/ec/common/version.c.obj
[helipilot:rw] [124/526] Linking C static library zephyr/arch/common/libisr_tables.a
[quartz:ro] [260/349] Building C object CMakeFiles/app.dir/mnt/host/source/src/platform/ec/build/zephyr/quartz/modules/ec/common/adc.c.obj
[quartz:ro] [261/349] Building C object CMakeFiles/app.dir/mnt/host/source/src/platform/ec/build/zephyr/quartz/modules/ec/common/battery.c.obj
[quartz:ro] [262/349] Building C object CMakeFiles/app.dir/mnt/host/source/src/platform/ec/build/zephyr/quartz/modules/ec/common/battery_info.c.obj
[quartz:ro] [263/349] Building C object CMakeFiles/app.dir/mnt/host/source/src/platform/ec/build/zephyr/quartz/modules/ec/common/battery_fuel_gauge.c.obj
[quartz:ro] [264/349] Building C object CMakeFiles/app.dir/mnt/host/source/src/platform/ec/build/zephyr/quartz/modules/ec/driver/battery/smart.c.obj
[quartz:ro] [265/349] Building C object CMakeFiles/app.dir/mnt/host/source/src/platform/ec/build/zephyr/quartz/modules/ec/common/cbi.c.obj
[helipilot:rw] [125/526] Building C object zephyr/arch/common/CMakeFiles/arch__common.dir/xip.c.obj
[rex-ish:singleimage] [83/261] Generating ../../../include/generated/libc/minimal/strerror_table.h
[helipilot:rw] [126/526] Building ASM object zephyr/arch/arch/arm/core/CMakeFiles/arch__arm__core.dir/nmi_on_reset.S.obj
[quartz:ro] [266/349] Building C object CMakeFiles/app.dir/mnt/host/source/src/platform/ec/build/zephyr/quartz/modules/ec/common/cbi_common.c.obj
[rex-ish:singleimage] [84/261] Building C object zephyr/lib/libc/minimal/CMakeFiles/lib__libc__minimal.dir/source/stdlib/atoi.c.obj
[rex-ish:singleimage] [85/261] Linking C static library zephyr/arch/arch/x86/core/libarch__x86__core.a
[quartz:ro] [267/349] Building C object CMakeFiles/app.dir/mnt/host/source/src/platform/ec/build/zephyr/quartz/modules/ec/common/cbi_config.c.obj
[quartz:ro] [268/349] Building C object CMakeFiles/app.dir/mnt/host/source/src/platform/ec/build/zephyr/quartz/modules/ec/common/memory_commands.c.obj
[quartz:ro] [269/349] Building C object CMakeFiles/app.dir/mnt/host/source/src/platform/ec/build/zephyr/quartz/modules/ec/common/chipset.c.obj
[rex-ish:singleimage] [86/261] Building C object zephyr/lib/libc/minimal/CMakeFiles/lib__libc__minimal.dir/source/stdlib/strtol.c.obj
[rex-ish:singleimage] [87/261] Building C object zephyr/lib/libc/minimal/CMakeFiles/lib__libc__minimal.dir/source/stdlib/strtoul.c.obj
[quartz:ro] [270/349] Building C object CMakeFiles/app.dir/mnt/host/source/src/platform/ec/build/zephyr/quartz/modules/ec/common/ap_reset_log.c.obj
[helipilot:rw] [127/526] Linking C static library zephyr/arch/common/libarch__common.a
[rex-ish:singleimage] [88/261] Building C object zephyr/lib/libc/minimal/CMakeFiles/lib__libc__minimal.dir/source/stdlib/strtoll.c.obj
[quartz:ro] [271/349] Building C object CMakeFiles/app.dir/mnt/host/source/src/platform/ec/build/zephyr/quartz/modules/ec/common/extpower_common.c.obj
[/mnt/host/source/src/platform/ec/build/zephyr/anakin-lcov]   /mnt/host/source/src/platform/ec/build/zephyr/anakin/build-rw/modules/ec/zephyr/CMakeFiles/ec_shim.dir/shim/src/charger.c.gcno:no functions found
[/mnt/host/source/src/platform/ec/build/zephyr/anakin-lcov] stderr:
[rex-ish:singleimage] [89/261] Building C object zephyr/lib/libc/minimal/CMakeFiles/lib__libc__minimal.dir/source/stdlib/strtoull.c.obj
[quartz:ro] [272/349] Building C object CMakeFiles/app.dir/mnt/host/source/src/platform/ec/build/zephyr/quartz/modules/ec/common/extpower_gpio.c.obj
[quartz:ro] [273/349] Building C object CMakeFiles/app.dir/mnt/host/source/src/platform/ec/build/zephyr/quartz/modules/ec/common/fan.c.obj
[rex-ish:singleimage] [90/261] Building C object zephyr/lib/libc/minimal/CMakeFiles/lib__libc__minimal.dir/source/stdlib/bsearch.c.obj
[quartz:ro] [274/349] Building C object CMakeFiles/app.dir/mnt/host/source/src/platform/ec/build/zephyr/quartz/modules/ec/common/host_command.c.obj
[rex-ish:singleimage] [91/261] Building C object zephyr/lib/libc/minimal/CMakeFiles/lib__libc__minimal.dir/source/stdlib/exit.c.obj
[quartz:ro] [275/349] Building C object CMakeFiles/app.dir/mnt/host/source/src/platform/ec/build/zephyr/quartz/modules/ec/common/host_command_task.c.obj
[rex-ish:singleimage] [92/261] Building C object zephyr/lib/libc/minimal/CMakeFiles/lib__libc__minimal.dir/source/stdlib/qsort.c.obj
[quartz:ro] [276/349] Building C object CMakeFiles/app.dir/mnt/host/source/src/platform/ec/build/zephyr/quartz/modules/ec/common/host_event_commands.c.obj
[quartz:ro] [277/349] Building C object CMakeFiles/app.dir/mnt/host/source/src/platform/ec/build/zephyr/quartz/modules/ec/common/flash.c.obj
[quartz:ro] [278/349] Building C object CMakeFiles/app.dir/mnt/host/source/src/platform/ec/build/zephyr/quartz/modules/ec/common/uart_hostcmd.c.obj
[rex-ish:singleimage] [93/261] Building C object zephyr/lib/libc/minimal/CMakeFiles/lib__libc__minimal.dir/source/string/strerror.c.obj
[quartz:ro] [279/349] Building C object CMakeFiles/app.dir/mnt/host/source/src/platform/ec/build/zephyr/quartz/modules/ec/common/uptime.c.obj
[quartz:ro] [280/349] Building C object CMakeFiles/app.dir/mnt/host/source/src/platform/ec/build/zephyr/quartz/modules/ec/common/i2c_passthru.c.obj
[quartz:ro] [281/349] Building C object CMakeFiles/app.dir/mnt/host/source/src/platform/ec/build/zephyr/quartz/modules/ec/common/mkbp_fifo.c.obj
[quartz:ro] [282/349] Building C object CMakeFiles/app.dir/mnt/host/source/src/platform/ec/build/zephyr/quartz/modules/ec/common/i2c_controller.c.obj
[quartz:ro] [283/349] Building C object CMakeFiles/app.dir/mnt/host/source/src/platform/ec/build/zephyr/quartz/modules/ec/common/mkbp_info.c.obj
[helipilot:rw] [128/526] Building C object zephyr/arch/arch/arm/core/CMakeFiles/arch__arm__core.dir/fatal.c.obj
[rex-ish-ec:ro] -- Generated zephyr.dts: /mnt/host/source/src/platform/ec/build/zephyr/rex-ish-ec/build-ro/zephyr/zephyr.dts
[quartz:ro] [284/349] Building C object CMakeFiles/app.dir/mnt/host/source/src/platform/ec/build/zephyr/quartz/modules/ec/common/keyboard_mkbp.c.obj
[rex-ish:singleimage] [94/261] Building C object zephyr/lib/libc/minimal/CMakeFiles/lib__libc__minimal.dir/source/string/strncasecmp.c.obj
[rex-ish:singleimage] [95/261] Building C object zephyr/lib/libc/minimal/CMakeFiles/lib__libc__minimal.dir/source/string/strstr.c.obj
[rex-ish:singleimage] [96/261] Building C object zephyr/lib/libc/minimal/CMakeFiles/lib__libc__minimal.dir/source/string/string.c.obj
[rex-ish:singleimage] [97/261] Building C object zephyr/lib/libc/minimal/CMakeFiles/lib__libc__minimal.dir/source/string/strspn.c.obj
[rex-ish:singleimage] [98/261] Building C object zephyr/lib/libc/minimal/CMakeFiles/lib__libc__minimal.dir/source/stdout/stdout_console.c.obj
[quartz:ro] [285/349] Building C object CMakeFiles/app.dir/mnt/host/source/src/platform/ec/build/zephyr/quartz/modules/ec/common/keyboard_backlight.c.obj
[quartz:ro] [286/349] Building C object CMakeFiles/app.dir/mnt/host/source/src/platform/ec/build/zephyr/quartz/modules/ec/common/mkbp_input_devices.c.obj
[quartz:ro] [287/349] Building C object CMakeFiles/app.dir/mnt/host/source/src/platform/ec/build/zephyr/quartz/modules/ec/common/led_common.c.obj
[quartz:ro] [288/349] Building C object CMakeFiles/app.dir/mnt/host/source/src/platform/ec/build/zephyr/quartz/modules/ec/common/lid_switch.c.obj
[rex-ish:singleimage] [99/261] Building C object zephyr/lib/libc/minimal/CMakeFiles/lib__libc__minimal.dir/source/stdout/sprintf.c.obj
[quartz:ro] [289/349] Building C object CMakeFiles/app.dir/mnt/host/source/src/platform/ec/build/zephyr/quartz/modules/ec/common/mkbp_event.c.obj
[rex-ish:singleimage] [100/261] Building C object zephyr/lib/libc/minimal/CMakeFiles/lib__libc__minimal.dir/source/stdout/fprintf.c.obj
[quartz:ro] [290/349] Building C object CMakeFiles/app.dir/mnt/host/source/src/platform/ec/build/zephyr/quartz/modules/ec/common/power_button.c.obj
[rex-ish:singleimage] [101/261] Building C object zephyr/lib/libc/minimal/CMakeFiles/lib__libc__minimal.dir/source/math/sqrt.c.obj
[rex-ish:singleimage] [102/261] Building C object zephyr/lib/libc/minimal/CMakeFiles/lib__libc__minimal.dir/source/math/sqrtf.c.obj
[quartz:ro] [291/349] Building C object CMakeFiles/app.dir/mnt/host/source/src/platform/ec/build/zephyr/quartz/modules/ec/power/host_sleep.c.obj
[quartz:ro] [292/349] Building C object CMakeFiles/app.dir/mnt/host/source/src/platform/ec/build/zephyr/quartz/modules/ec/power/common.c.obj
[rex-ish:singleimage] [103/261] Building C object zephyr/lib/libc/common/CMakeFiles/lib__libc__common.dir/source/stdlib/abort.c.obj
[quartz:ro] [293/349] Building C object CMakeFiles/app.dir/mnt/host/source/src/platform/ec/build/zephyr/quartz/modules/ec/power/qcom_exp.c.obj
[quartz:ro] [294/349] Building C object CMakeFiles/app.dir/mnt/host/source/src/platform/ec/build/zephyr/quartz/modules/ec/common/sha256.c.obj
[rex-ish:singleimage] [104/261] Building C object zephyr/lib/libc/minimal/CMakeFiles/lib__libc__minimal.dir/source/time/gmtime.c.obj
[quartz:ro] [295/349] Building C object CMakeFiles/app.dir/mnt/host/source/src/platform/ec/build/zephyr/quartz/modules/ec/common/panic_output.c.obj
[rex-ish:singleimage] [105/261] Building C object zephyr/lib/libc/common/CMakeFiles/lib__libc__common.dir/source/time/asctime.c.obj
[rex-ish:singleimage] [106/261] Building C object zephyr/lib/libc/common/CMakeFiles/lib__libc__common.dir/source/time/gmtime_r.c.obj
[quartz:ro] [296/349] Building C object CMakeFiles/app.dir/mnt/host/source/src/platform/ec/build/zephyr/quartz/modules/ec/common/shared_mem.c.obj
[quartz:ro] [297/349] Building C object CMakeFiles/app.dir/mnt/host/source/src/platform/ec/build/zephyr/quartz/modules/ec/common/switch.c.obj
[quartz:ro] [298/349] Building C object CMakeFiles/app.dir/mnt/host/source/src/platform/ec/build/zephyr/quartz/modules/ec/common/spi_flash_reg.c.obj
[quartz:ro] [299/349] Building C object CMakeFiles/app.dir/mnt/host/source/src/platform/ec/build/zephyr/quartz/modules/ec/common/thermal.c.obj
[quartz:ro] [300/349] Building C object CMakeFiles/app.dir/mnt/host/source/src/platform/ec/build/zephyr/quartz/modules/ec/common/temp_sensor.c.obj
[rex-ish:singleimage] [107/261] Building C object zephyr/lib/libc/common/CMakeFiles/lib__libc__common.dir/source/time/localtime_r_utc.c.obj
[rex-ish:singleimage] [108/261] Building C object zephyr/lib/libc/common/CMakeFiles/lib__libc__common.dir/source/time/ctime.c.obj
[quartz:ro] [301/349] Building C object CMakeFiles/app.dir/mnt/host/source/src/platform/ec/build/zephyr/quartz/modules/ec/driver/temp_sensor/thermistor.c.obj
[quartz:ro] [302/349] Building C object CMakeFiles/app.dir/mnt/host/source/src/platform/ec/build/zephyr/quartz/modules/ec/common/vboot_hash.c.obj
[quartz:ro] [303/349] Building C object CMakeFiles/app.dir/mnt/host/source/src/platform/ec/build/zephyr/quartz/modules/ec/common/timer.c.obj
[quartz:ro] [304/349] Building C object CMakeFiles/app.dir/mnt/host/source/src/platform/ec/build/zephyr/quartz/modules/ec/common/chargen.c.obj
[rex-ish:singleimage] [109/261] Building C object zephyr/lib/libc/common/CMakeFiles/lib__libc__common.dir/source/time/time.c.obj
[quartz:ro] [305/349] Building C object CMakeFiles/app.dir/mnt/host/source/src/platform/ec/build/zephyr/quartz/modules/ec/common/vboot/efs2.c.obj
[quartz:ro] [306/349] Building C object CMakeFiles/app.dir/mnt/host/source/src/platform/ec/build/zephyr/quartz/modules/ec/common/vstore.c.obj
[quartz:ro] [307/349] Building C object CMakeFiles/app.dir/mnt/host/source/src/platform/ec/build/zephyr/quartz/modules/ec/common/rtc.c.obj
[rex-ish:singleimage] [110/261] Linking C static library zephyr/lib/libc/minimal/liblib__libc__minimal.a
[helipilot:rw] [129/526] Building C object zephyr/arch/arch/arm/core/CMakeFiles/arch__arm__core.dir/nmi.c.obj
[rex-ish:singleimage] [111/261] Building C object zephyr/lib/libc/common/CMakeFiles/lib__libc__common.dir/source/string/strnlen.c.obj
[rex-ish:singleimage] [112/261] Building C object zephyr/lib/libc/common/CMakeFiles/lib__libc__common.dir/source/stdlib/malloc.c.obj
[quartz:ro] [308/349] Building C object CMakeFiles/app.dir/quartz/src/chipset.c.obj
[quartz:ro] [309/349] Building C object CMakeFiles/app.dir/quartz/src/led.c.obj
[rex-ish:singleimage] [113/261] Building C object zephyr/lib/posix/c_lib_ext/CMakeFiles/lib__posix__c_lib_ext.dir/fnmatch.c.obj
[helipilot:rw] [130/526] Linking C static library zephyr/arch/arch/arm/core/libarch__arm__core.a
[quartz:ro] [310/349] Building C object CMakeFiles/app.dir/mnt/host/source/src/platform/ec/build/zephyr/quartz/modules/ec/common/math_util.c.obj
[quartz:ro] [311/349] Building C object CMakeFiles/app.dir/src/battery.c.obj
[quartz:ro] [312/349] Building C object CMakeFiles/app.dir/src/switchcap.c.obj
[rex-ish:singleimage] [114/261] Building C object zephyr/lib/posix/c_lib_ext/CMakeFiles/lib__posix__c_lib_ext.dir/getentropy.c.obj
[quartz:ro] [313/349] Building C object CMakeFiles/app.dir/src/adsp_i2c_mode.c.obj
[quartz:ro] [314/349] Building C object CMakeFiles/app.dir/src/chipset.c.obj
[rex-ish:singleimage] [115/261] Building C object zephyr/lib/posix/c_lib_ext/CMakeFiles/lib__posix__c_lib_ext.dir/getopt_shim.c.obj
[quartz:ro] [315/349] Building C object zephyr/kernel/CMakeFiles/kernel.dir/main_weak.c.obj
[quartz:ro] [316/349] Building C object zephyr/kernel/CMakeFiles/kernel.dir/banner.c.obj
[quartz:ro] [317/349] Building C object zephyr/kernel/CMakeFiles/kernel.dir/busy_wait.c.obj
[quartz:ro] [318/349] Building C object zephyr/kernel/CMakeFiles/kernel.dir/device.c.obj
[rex-ish:singleimage] [116/261] Linking C static library zephyr/lib/libc/common/liblib__libc__common.a
[quartz:ro] [319/349] Building C object zephyr/kernel/CMakeFiles/kernel.dir/errno.c.obj
[rex-ish:singleimage] [117/261] Building C object zephyr/subsys/crc/CMakeFiles/subsys__crc.dir/crc4_sw.c.obj
[quartz:ro] [320/349] Building C object zephyr/kernel/CMakeFiles/kernel.dir/fatal.c.obj
[quartz:ro] [321/349] Building C object zephyr/kernel/CMakeFiles/kernel.dir/kheap.c.obj
[rex-ish:singleimage] [118/261] Linking C static library zephyr/lib/posix/c_lib_ext/liblib__posix__c_lib_ext.a
[rex-ish:singleimage] [119/261] Building C object zephyr/subsys/crc/CMakeFiles/subsys__crc.dir/crc8_sw.c.obj
[quartz:ro] [322/349] Building C object zephyr/kernel/CMakeFiles/kernel.dir/init.c.obj
[quartz:ro] [323/349] Building C object zephyr/kernel/CMakeFiles/kernel.dir/mem_slab.c.obj
[rex-ish:singleimage] [120/261] Building C object zephyr/subsys/crc/CMakeFiles/subsys__crc.dir/crc16_sw.c.obj
[rex-ish:singleimage] [121/261] Building C object zephyr/subsys/crc/CMakeFiles/subsys__crc.dir/crc7_sw.c.obj
[rex-ish:singleimage] [122/261] Building C object zephyr/subsys/crc/CMakeFiles/subsys__crc.dir/crc24_sw.c.obj
[quartz:ro] [324/349] Building C object zephyr/kernel/CMakeFiles/kernel.dir/version.c.obj
[quartz:ro] [325/349] Building C object zephyr/kernel/CMakeFiles/kernel.dir/float.c.obj
[helipilot:rw] [131/526] Building ASM object zephyr/arch/arch/arm/core/cortex_m/CMakeFiles/arch__arm__core__cortex_m.dir/fault_s.S.obj
[rex-ish:singleimage] [123/261] Building C object zephyr/subsys/crc/CMakeFiles/subsys__crc.dir/crc32c_sw.c.obj
[rex-ish:singleimage] [124/261] Building C object zephyr/subsys/crc/CMakeFiles/subsys__crc.dir/crc32k_4_2_sw.c.obj
[quartz:ro] [326/349] Building C object zephyr/kernel/CMakeFiles/kernel.dir/idle.c.obj
[rex-ish:singleimage] [125/261] Building C object zephyr/subsys/crc/CMakeFiles/subsys__crc.dir/crc32_sw.c.obj
[rex-ish:singleimage] [126/261] Building C object zephyr/drivers/interrupt_controller/CMakeFiles/drivers__interrupt_controller.dir/intc_ioapic.c.obj
[quartz:ro] [327/349] Building C object zephyr/kernel/CMakeFiles/kernel.dir/mailbox.c.obj
[quartz:ro] [328/349] Building C object zephyr/kernel/CMakeFiles/kernel.dir/msg_q.c.obj
[rex-ish:singleimage] [127/261] Building C object zephyr/drivers/interrupt_controller/CMakeFiles/drivers__interrupt_controller.dir/intc_loapic.c.obj
[quartz:ro] [329/349] Linking C static library modules/ec/zephyr/libec_shim.a
[quartz:ro] [330/349] Building C object zephyr/kernel/CMakeFiles/kernel.dir/mutex.c.obj
[rex-ish:singleimage] [128/261] Building C object zephyr/drivers/interrupt_controller/CMakeFiles/drivers__interrupt_controller.dir/intc_system_apic.c.obj
[quartz:ro] [331/349] Linking C static library app/libapp.a
[quartz:ro] [332/349] Building C object zephyr/kernel/CMakeFiles/kernel.dir/queue.c.obj
[rex-ish:singleimage] [129/261] Linking C static library zephyr/subsys/crc/libsubsys__crc.a
[quartz:ro] [333/349] Building C object zephyr/kernel/CMakeFiles/kernel.dir/stack.c.obj
[quartz:ro] [334/349] Building C object zephyr/kernel/CMakeFiles/kernel.dir/sem.c.obj
[quartz:ro] [335/349] Building C object zephyr/kernel/CMakeFiles/kernel.dir/system_work_q.c.obj
[quartz:ro] [336/349] Building C object zephyr/kernel/CMakeFiles/kernel.dir/work.c.obj
[quartz:ro] [337/349] Building C object zephyr/kernel/CMakeFiles/kernel.dir/condvar.c.obj
[rex-ish:singleimage] [130/261] Building C object zephyr/drivers/console/CMakeFiles/drivers__console.dir/uart_console.c.obj
[quartz:ro] [338/349] Building C object zephyr/kernel/CMakeFiles/kernel.dir/thread.c.obj
[quartz:ro] [339/349] Building C object zephyr/kernel/CMakeFiles/kernel.dir/sched.c.obj
[quartz:ro] [340/349] Building C object zephyr/kernel/CMakeFiles/kernel.dir/pipe.c.obj
[quartz:ro] [341/349] Building C object zephyr/kernel/CMakeFiles/kernel.dir/spinlock_validate.c.obj
[quartz:ro] [342/349] Building C object zephyr/kernel/CMakeFiles/kernel.dir/timeout.c.obj
[quartz:ro] [343/349] Building C object zephyr/kernel/CMakeFiles/kernel.dir/thread_monitor.c.obj
[quartz:ro] [344/349] Building C object zephyr/kernel/CMakeFiles/kernel.dir/timer.c.obj
[quartz:ro] [345/349] Building C object zephyr/kernel/CMakeFiles/kernel.dir/events.c.obj
[quartz:ro] [346/349] Building C object zephyr/kernel/CMakeFiles/kernel.dir/poll.c.obj
[quartz:ro] [347/349] Building C object zephyr/kernel/CMakeFiles/kernel.dir/dynamic_disabled.c.obj
[/mnt/host/source/src/platform/ec/build/zephyr/anakin-lcov]   /mnt/host/source/src/platform/ec/build/zephyr/anakin/build-rw/modules/ec/zephyr/CMakeFiles/ec_shim.dir/shim/src/usba.c.gcno:no functions found
[/mnt/host/source/src/platform/ec/build/zephyr/anakin-lcov] stderr:
[quartz:ro] [348/349] Building C object zephyr/kernel/CMakeFiles/kernel.dir/mempool.c.obj
[rex-ish:singleimage] [131/261] Linking C static library zephyr/drivers/interrupt_controller/libdrivers__interrupt_controller.a
[matsu_it82000:rw] Building: /usr/bin/ninja -C /mnt/host/source/src/platform/ec/build/zephyr/matsu_it82000/build-rw all.libraries
Running `env -i SHELL=/bin/bash COLORTERM=truecolor DEPOT_TOOLS_UPDATE=0 LESS='-R -M --shift 5' SUDO_GID=0 JDK_HOME=/etc/java-config-2/current-system-vm CONFIG_PROTECT_MASK='/etc/gentoo-release /etc/sandbox.d /etc/fonts/fonts.conf /etc/terminfo /etc/ca-certificates.conf /etc/revdep-rebuild' CHROMEOS_CACHEDIR=/var/cache/chromeos-cache JAVA_HOME=/etc/java-config-2/current-system-vm SSH_AUTH_SOCK=/tmp/ssh-auth-sock SUDO_COMMAND=/bin/bash SUDO_USER=root SUDO_TTY=/dev/pts/2 EDITOR=/usr/bin/vi PWD=/mnt/host/source/src/platform/ec CONFIG_PROTECT=/usr/share/gnupg/qualified.txt LOGNAME=jpmurphy MANPATH=/etc/java-config-2/current-system-vm/man:/usr/local/share/man:/usr/share/man:/usr/share/gcc-data/x86_64-pc-linux-gnu/10.2.0/man:/usr/share/binutils-data/x86_64-pc-linux-gnu/2.45/man:/etc/java-config-2/current-system-vm/man/ SUDO_HOME=/root XAUTHORITY=/run/user/944457/gdm/Xauthority HOME=/home/jpmurphy LANG=C.UTF-8 LS_COLORS='rs=0:di=01;34:ln=01;36:mh=00:pi=40;33:so=01;35:do=01;35:bd=40;33;01:cd=40;33;01:or=01;05;37;41:mi=01;05;37;41:su=37;41:sg=30;43:ca=30;41:tw=30;42:ow=34;42:st=37;44:ex=01;32:*.tar=01;31:*.tgz=01;31:*.arc=01;31:*.arj=01;31:*.taz=01;31:*.lha=01;31:*.lz4=01;31:*.lzh=01;31:*.lzma=01;31:*.tlz=01;31:*.txz=01;31:*.tzo=01;31:*.t7z=01;31:*.zip=01;31:*.z=01;31:*.dz=01;31:*.gz=01;31:*.lrz=01;31:*.lz=01;31:*.lzo=01;31:*.xz=01;31:*.zst=01;31:*.tzst=01;31:*.bz2=01;31:*.bz=01;31:*.tbz=01;31:*.tbz2=01;31:*.tz=01;31:*.deb=01;31:*.rpm=01;31:*.jar=01;31:*.war=01;31:*.ear=01;31:*.sar=01;31:*.rar=01;31:*.alz=01;31:*.ace=01;31:*.zoo=01;31:*.cpio=01;31:*.7z=01;31:*.rz=01;31:*.cab=01;31:*.wim=01;31:*.swm=01;31:*.dwm=01;31:*.esd=01;31:*.jpg=01;35:*.jpeg=01;35:*.mjpg=01;35:*.mjpeg=01;35:*.gif=01;35:*.bmp=01;35:*.pbm=01;35:*.pgm=01;35:*.ppm=01;35:*.tga=01;35:*.xbm=01;35:*.xpm=01;35:*.tif=01;35:*.tiff=01;35:*.png=01;35:*.svg=01;35:*.svgz=01;35:*.mng=01;35:*.pcx=01;35:*.mov=01;35:*.mpg=01;35:*.mpeg=01;35:*.m2v=01;35:*.mkv=01;35:*.webm=01;35:*.webp=01;35:*.ogm=01;35:*.mp4=01;35:*.m4v=01;35:*.mp4v=01;35:*.vob=01;35:*.qt=01;35:*.nuv=01;35:*.wmv=01;35:*.asf=01;35:*.rm=01;35:*.rmvb=01;35:*.flc=01;35:*.avi=01;35:*.fli=01;35:*.flv=01;35:*.gl=01;35:*.dl=01;35:*.xcf=01;35:*.xwd=01;35:*.yuv=01;35:*.cgm=01;35:*.emf=01;35:*.ogv=01;35:*.ogx=01;35:*.cfg=00;32:*.conf=00;32:*.diff=00;32:*.doc=00;32:*.ini=00;32:*.log=00;32:*.patch=00;32:*.pdf=00;32:*.ps=00;32:*.tex=00;32:*.txt=00;32:*.aac=00;36:*.au=00;36:*.flac=00;36:*.m4a=00;36:*.mid=00;36:*.midi=00;36:*.mka=00;36:*.mp3=00;36:*.mpc=00;36:*.ogg=00;36:*.ra=00;36:*.wav=00;36:*.oga=00;36:*.opus=00;36:*.spx=00;36:*.xspf=00;36:' XDG_CURRENT_DESKTOP=GNOME INFOPATH=/usr/share/info:/usr/share/gcc-data/x86_64-pc-linux-gnu/10.2.0/info:/usr/share/binutils-data/x86_64-pc-linux-gnu/2.45/info:/usr/share/automake-1.16.5/info JAVAC=/etc/java-config-2/current-system-vm/bin/javac TERM=xterm-256color LESSOPEN='|lesspipe %s' USER=jpmurphy CROS_WORKON_SRCROOT=/mnt/host/source MANPAGER=manpager DISPLAY=:1 SHLVL=1 LC_MESSAGES=C EXTERNAL_TRUNK_PATH=/mnt/8f9d649a-3721-44cc-93c0-e6bd21a9689f/chromiumos GCC_SPECS='' PATH=/mnt/host/source/chromite/bin:/usr/local/bin:/usr/bin:/bin:/opt/bin:/mnt/host/source/chromite/sdk/bin:/mnt/host/source/chromite/bin PORTAGE_USERNAME=jpmurphy SUDO_UID=0 GCC_VER=10.2.0 MAIL=/var/mail/jpmurphy OLDPWD=/mnt/host/source/src/scripts traceparent=00-e87aca51550a78635907baa6a2476181-6d684811675d2973-01 _=./zephyr/firmware_builder.py COREBOOT_SDK_ROOT_x86=/home/jpmurphy/.cache/coreboot-sdk/i386-elf/dfbb0486385d938cfa9d73080b9d18d598ed4f49 COREBOOT_SDK_ROOT_picolibc_x86=/home/jpmurphy/.cache/coreboot-sdk/picolibc-i386-elf/eb8e8e687b95461de8cbf278f1c2076952d0ad17 COREBOOT_SDK_ROOT_riscv64=/home/jpmurphy/.cache/coreboot-sdk/riscv64-elf/96b949749225b6aaa92ed810ab769e8dfb12f000 COREBOOT_SDK_ROOT_picolibc_arm=/home/jpmurphy/.cache/coreboot-sdk/picolibc-arm-eabi/422a2aa3e1ef891b5bece9a3deb696ff83840d2e COREBOOT_SDK_ROOT_nds32=/home/jpmurphy/.cache/coreboot-sdk/nds32le-elf/d1a518c4a097666d86058e1444f85ca015d15511 COREBOOT_SDK_ROOT_picolibc_riscv64=/home/jpmurphy/.cache/coreboot-sdk/picolibc-riscv64-elf/f571e990ef0278564b31124f8bb109d9a697eb69 COREBOOT_SDK_ROOT_arm=/home/jpmurphy/.cache/coreboot-sdk/arm-eabi/ea40ddd1d190c3b48435c474c0b545719371813a COREBOOT_SDK_ROOT_libstdcxx_riscv64=/home/jpmurphy/.cache/coreboot-sdk/libstdcxx-riscv64-elf/17abf22a3a252e2d5d2062ced5324f7a623689e0 COREBOOT_SDK_ROOT_libstdcxx_arm=/home/jpmurphy/.cache/coreboot-sdk/libstdcxx-arm-eabi/5d7d82e150e44aa1968f1d366e267e6687b328ac COREBOOT_SDK_ROOT_riscv=/home/jpmurphy/.cache/coreboot-sdk/riscv-elf/9a27b9e82341c6e9126624f516ab3f261abb3e73 COREBOOT_SDK_ROOT_libstdcxx_x86=/home/jpmurphy/.cache/coreboot-sdk/libstdcxx-i386-elf/42ef9d2e87a76a37963175d7d428734e65648b87 PYTHONPATH=/mnt/host/source/src/platform/ec/zephyr/zmake PW_PIGWEED_CIPD_INSTALL_DIR=/usr CROSTC_USER_ACKNOWLEDGES_THAT_RISCV_IS_EXPERIMENTAL=1 MAKEFLAGS=' -j16 --jobserver-auth=5,6' /usr/bin/ninja -C /mnt/host/source/src/platform/ec/build/zephyr/matsu_it82000/build-rw all.libraries`
[rex-ish:singleimage] [132/261] Building C object zephyr/drivers/gpio/CMakeFiles/drivers__gpio.dir/gpio_sedi.c.obj
[matsu_it82000:rw] ninja: Entering directory `/mnt/host/source/src/platform/ec/build/zephyr/matsu_it82000/build-rw'
[rex-ish:singleimage] [133/261] Linking C static library zephyr/drivers/console/libdrivers__console.a
[rex-ish:singleimage] [134/261] Building C object zephyr/drivers/gpio/CMakeFiles/drivers__gpio.dir/mnt/host/source/src/third_party/zephyrproject/modules/hal/intel/bsp_sedi/drivers/gpio/sedi_gpio.c.obj
[rex-ish:singleimage] [135/261] Building C object zephyr/drivers/i2c/CMakeFiles/drivers__i2c.dir/i2c_common.c.obj
[rex-ish:singleimage] [136/261] Building C object zephyr/drivers/i2c/CMakeFiles/drivers__i2c.dir/i2c_shell.c.obj
[rex-ish:singleimage] [137/261] Building C object zephyr/drivers/i2c/CMakeFiles/drivers__i2c.dir/i2c_sedi.c.obj
[rex-ish:singleimage] [138/261] Linking C static library zephyr/drivers/gpio/libdrivers__gpio.a
[rex-ish:singleimage] [139/261] Building C object zephyr/drivers/i2c/CMakeFiles/drivers__i2c.dir/mnt/host/source/src/third_party/zephyrproject/modules/hal/intel/bsp_sedi/drivers/i2c/sedi_i2c_dw_apb_200a.c.obj
[rex-ish:singleimage] [140/261] Building C object zephyr/drivers/ipm/CMakeFiles/drivers__ipm.dir/ipm_sedi.c.obj
[rex-ish:singleimage] [141/261] Building C object zephyr/drivers/ipm/CMakeFiles/drivers__ipm.dir/mnt/host/source/src/third_party/zephyrproject/modules/hal/intel/bsp_sedi/drivers/ipc/sedi_ipc.c.obj
[helipilot:rw] [132/526] Building C object zephyr/arch/arch/arm/core/cortex_m/CMakeFiles/arch__arm__core__cortex_m.dir/exc_exit.c.obj
[quartz:ro] [349/349] Linking C static library zephyr/kernel/libkernel.a
[rex-ish:singleimage] [142/261] Linking C static library zephyr/drivers/i2c/libdrivers__i2c.a
[rex-ish:singleimage] [143/261] Linking C static library zephyr/drivers/ipm/libdrivers__ipm.a
[rex-ish:singleimage] [144/261] Building C object zephyr/drivers/serial/CMakeFiles/drivers__serial.dir/uart_sedi.c.obj
[rex-ish:singleimage] [145/261] Building C object zephyr/drivers/serial/CMakeFiles/drivers__serial.dir/mnt/host/source/src/third_party/zephyrproject/modules/hal/intel/bsp_sedi/drivers/usart/sedi_dw_uart.c.obj
[rex-ish:singleimage] [146/261] Building C object zephyr/drivers/syscon/CMakeFiles/drivers__syscon.dir/mnt/host/source/src/third_party/zephyr/main/misc/empty_file.c.obj
[rex-ish:singleimage] [147/261] Building C object zephyr/drivers/timer/CMakeFiles/drivers__timer.dir/sys_clock_init.c.obj
[rex-ish:singleimage] [148/261] Building C object zephyr/drivers/timer/CMakeFiles/drivers__timer.dir/hpet.c.obj
[helipilot:rw] [133/526] Building C object zephyr/arch/arch/arm/core/cortex_m/CMakeFiles/arch__arm__core__cortex_m.dir/fpu.c.obj
[rex-ish:singleimage] [149/261] Linking C static library zephyr/drivers/syscon/libdrivers__syscon.a
[rex-ish:singleimage] [150/261] Linking C static library zephyr/drivers/serial/libdrivers__serial.a
[rex-ish:singleimage] [151/261] Building C object modules/ec/zephyr/CMakeFiles/ec_shim.dir/app/ec/ec_app_main.c.obj
[helipilot:rw] [134/526] Building C object zephyr/arch/arch/arm/core/cortex_m/CMakeFiles/arch__arm__core__cortex_m.dir/fault.c.obj
[rex-ish:singleimage] [152/261] Building C object modules/ec/zephyr/CMakeFiles/ec_shim.dir/app/ec/main_shim.c.obj
[rex-ish:singleimage] [153/261] Linking C static library zephyr/drivers/timer/libdrivers__timer.a
[rex-ish:singleimage] [154/261] Building C object modules/ec/zephyr/CMakeFiles/ec_shim.dir/shim/chip/stub/clock.c.obj
[rex-ish:singleimage] [155/261] Building C object modules/ec/zephyr/CMakeFiles/ec_shim.dir/shim/src/console.c.obj
[rex-ish:singleimage] [156/261] Building C object modules/ec/zephyr/CMakeFiles/ec_shim.dir/shim/src/crc.c.obj
[rex-ish:singleimage] [157/261] Building C object modules/ec/zephyr/CMakeFiles/ec_shim.dir/shim/src/gpio.c.obj
[rex-ish:singleimage] [158/261] Building C object modules/ec/zephyr/CMakeFiles/ec_shim.dir/shim/src/panic_utils.c.obj
[rex-ish:singleimage] [159/261] Building C object modules/ec/zephyr/CMakeFiles/ec_shim.dir/shim/src/gpio_int.c.obj
[rex-ish:singleimage] [160/261] Building C object modules/ec/zephyr/CMakeFiles/ec_shim.dir/shim/src/pm_state.c.obj
[rex-ish:singleimage] [161/261] Building C object modules/ec/zephyr/CMakeFiles/ec_shim.dir/shim/src/cbi/cros_cbi.c.obj
[rex-ish:singleimage] [162/261] Building C object modules/ec/zephyr/CMakeFiles/ec_shim.dir/shim/src/ish_system.c.obj
[rex-ish:singleimage] [163/261] Building C object modules/ec/zephyr/CMakeFiles/ec_shim.dir/shim/src/host_command.c.obj
[rex-ish:singleimage] [164/261] Building C object modules/ec/zephyr/CMakeFiles/ec_shim.dir/shim/src/console_buffer.c.obj
[rex-ish:singleimage] [165/261] Building C object modules/ec/zephyr/CMakeFiles/ec_shim.dir/shim/src/hooks.c.obj
[rex-ish-ec:ro] -- Generated pickled edt: /mnt/host/source/src/platform/ec/build/zephyr/rex-ish-ec/build-ro/zephyr/edt.pickle
[rex-ish-ec:ro] -- Generated devicetree_generated.h: /mnt/host/source/src/platform/ec/build/zephyr/rex-ish-ec/build-ro/zephyr/include/generated/zephyr/devicetree_generated.h
[rex-ish:singleimage] [166/261] Building C object modules/ec/zephyr/CMakeFiles/ec_shim.dir/shim/src/mkbp_event.c.obj
[rex-ish:singleimage] [167/261] Building C object modules/ec/zephyr/CMakeFiles/ec_shim.dir/shim/src/hwtimer.c.obj
[rex-ish:singleimage] [168/261] Building C object modules/ec/zephyr/CMakeFiles/ec_shim.dir/shim/src/motionsense_sensors.c.obj
[rex-ish:singleimage] [169/261] Building C object modules/ec/zephyr/CMakeFiles/ec_shim.dir/shim/src/tasks.c.obj
[rex-ish:singleimage] [170/261] Building C object modules/ec/zephyr/CMakeFiles/ec_shim.dir/shim/src/usbc_stub.c.obj
[rex-ish:singleimage] [171/261] Building C object modules/ec/zephyr/CMakeFiles/ec_shim.dir/shim/src/i2c.c.obj
[rex-ish:singleimage] [172/261] Building C object modules/ec/zephyr/CMakeFiles/ec_shim.dir/shim/src/host_command_heci.c.obj
[rex-ish:singleimage] [173/261] Building C object modules/ec/zephyr/subsys/host_service/CMakeFiles/..__..__..__platform__ec__zephyr__subsys__host_service.dir/zephyr_host_service.c.obj
[rex-ish:singleimage] [174/261] Building C object modules/ec/zephyr/subsys/host_service/CMakeFiles/..__..__..__platform__ec__zephyr__subsys__host_service.dir/sys_mng.c.obj
[rex-ish:singleimage] [175/261] Linking C static library modules/ec/zephyr/libec_shim.a
[rex-ish:singleimage] [176/261] Linking C static library modules/ec/zephyr/subsys/host_service/lib..__..__..__platform__ec__zephyr__subsys__host_service.a
[rex-ish:singleimage] [177/261] Building C object modules/ec/zephyr/subsys/host_service/heci/CMakeFiles/..__..__..__platform__ec__zephyr__subsys__host_service__heci.dir/heci_core.c.obj
[rex-ish:singleimage] [178/261] Building C object modules/ec/zephyr/subsys/host_service/heci/CMakeFiles/..__..__..__platform__ec__zephyr__subsys__host_service__heci.dir/heci_intf.c.obj
[rex-ish:singleimage] [179/261] Building C object modules/ec/zephyr/subsys/host_service/heci/CMakeFiles/..__..__..__platform__ec__zephyr__subsys__host_service__heci.dir/heci_system_state.c.obj
[rex-ish:singleimage] [180/261] Building C object modules/ec/zephyr/subsys/host_service/heci/CMakeFiles/..__..__..__platform__ec__zephyr__subsys__host_service__heci.dir/intfs/ipm_intf.c.obj
[rex-ish:singleimage] [181/261] cd /mnt/host/source/src/platform/ec/build/zephyr/rex-ish/build-singleimage/modules/ec/zephyr && PYTHONPATH=/mnt/host/source/src/platform/ec/build/zephyr/rex-ish/modules/ec/zephyr/zmake/ /usr/bin/python3.11 /mnt/host/source/src/platform/ec/build/zephyr/rex-ish/modules/ec/zephyr/zmake/zephyr_build_tools/generate_ec_version.py /mnt/host/source/src/platform/ec/build/zephyr/rex-ish/build-singleimage/modules/ec/zephyr/include/ec_version.h --name Zephyr-Kernel --version 16543.0.0 --static
[rex-ish:singleimage] INFO:root:Using a static version string
[rex-ish:singleimage] INFO:root:Version string: Zephyr-Kernel-16543.0.0
[rex-ish:singleimage] INFO:root:Writing header to /mnt/host/source/src/platform/ec/build/zephyr/rex-ish/build-singleimage/modules/ec/zephyr/include/ec_version.h
[rex-ish:singleimage] [182/261] Building C object CMakeFiles/app.dir/mnt/host/source/src/platform/ec/zephyr/subsys/ap_pwrseq/ap_events.c.obj
[rex-ish:singleimage] [183/261] Building C object zephyr/kernel/CMakeFiles/kernel.dir/main_weak.c.obj
[rex-ish:singleimage] [184/261] Building C object CMakeFiles/app.dir/mnt/host/source/src/platform/ec/build/zephyr/rex-ish/modules/ec/builtin/stdlib.c.obj
[rex-ish:singleimage] [185/261] Building C object CMakeFiles/app.dir/mnt/host/source/src/platform/ec/build/zephyr/rex-ish/modules/ec/common/base32.c.obj
[helipilot:rw] [135/526] Building C object zephyr/arch/arch/arm/core/cortex_m/CMakeFiles/arch__arm__core__cortex_m.dir/scb.c.obj
[rex-ish:singleimage] [186/261] Building C object CMakeFiles/app.dir/mnt/host/source/src/platform/ec/build/zephyr/rex-ish/modules/ec/common/console_output.c.obj
[rex-ish:singleimage] [187/261] Linking C static library modules/ec/zephyr/subsys/host_service/heci/lib..__..__..__platform__ec__zephyr__subsys__host_service__heci.a
[helipilot:rw] [136/526] Building C object zephyr/arch/arch/arm/core/cortex_m/CMakeFiles/arch__arm__core__cortex_m.dir/thread_abort.c.obj
[rex-ish:singleimage] [188/261] Building C object CMakeFiles/app.dir/mnt/host/source/src/platform/ec/build/zephyr/rex-ish/modules/ec/common/gpio_commands.c.obj
[rex-ish:singleimage] [189/261] Building C object CMakeFiles/app.dir/mnt/host/source/src/platform/ec/build/zephyr/rex-ish/modules/ec/common/ec_features.c.obj
[rex-ish:singleimage] [190/261] Building C object CMakeFiles/app.dir/mnt/host/source/src/platform/ec/build/zephyr/rex-ish/modules/ec/common/peripheral.c.obj
[rex-ish:singleimage] [191/261] Building C object CMakeFiles/app.dir/mnt/host/source/src/platform/ec/build/zephyr/rex-ish/modules/ec/common/printf.c.obj
[rex-ish:singleimage] [192/261] Building C object CMakeFiles/app.dir/mnt/host/source/src/platform/ec/build/zephyr/rex-ish/modules/ec/common/queue.c.obj
[rex-ish:singleimage] [193/261] Building C object CMakeFiles/app.dir/mnt/host/source/src/platform/ec/build/zephyr/rex-ish/modules/ec/common/system.c.obj
[rex-ish:singleimage] [194/261] Building C object CMakeFiles/app.dir/mnt/host/source/src/platform/ec/build/zephyr/rex-ish/modules/ec/common/system_boot_time.c.obj
[rex-ish:singleimage] [195/261] Building C object CMakeFiles/app.dir/mnt/host/source/src/platform/ec/build/zephyr/rex-ish/modules/ec/common/uart_printf.c.obj
[rex-ish:singleimage] [196/261] Building C object CMakeFiles/app.dir/mnt/host/source/src/platform/ec/build/zephyr/rex-ish/modules/ec/common/util.c.obj
[rex-ish:singleimage] [197/261] Building C object CMakeFiles/app.dir/mnt/host/source/src/platform/ec/build/zephyr/rex-ish/modules/ec/common/version.c.obj
[rex-ish:singleimage] [198/261] Building C object CMakeFiles/app.dir/mnt/host/source/src/platform/ec/build/zephyr/rex-ish/modules/ec/driver/accel_lis2dw12.c.obj
[rex-ish:singleimage] [199/261] Building C object CMakeFiles/app.dir/mnt/host/source/src/platform/ec/build/zephyr/rex-ish/modules/ec/driver/accelgyro_lsm6dso.c.obj
[rex-ish:singleimage] [200/261] Building C object CMakeFiles/app.dir/mnt/host/source/src/platform/ec/build/zephyr/rex-ish/modules/ec/common/motion_sense_fifo.c.obj
[rex-ish:singleimage] [201/261] Building C object CMakeFiles/app.dir/mnt/host/source/src/platform/ec/build/zephyr/rex-ish/modules/ec/driver/als_tcs3400.c.obj
[rex-ish:singleimage] [202/261] Building C object CMakeFiles/app.dir/mnt/host/source/src/platform/ec/build/zephyr/rex-ish/modules/ec/common/cbi_common.c.obj
[rex-ish:singleimage] [203/261] Building C object CMakeFiles/app.dir/mnt/host/source/src/platform/ec/build/zephyr/rex-ish/modules/ec/common/cbi.c.obj
[rex-ish:singleimage] [204/261] Building C object CMakeFiles/app.dir/mnt/host/source/src/platform/ec/build/zephyr/rex-ish/modules/ec/common/cbi_config.c.obj
[rex-ish:singleimage] [205/261] Building C object CMakeFiles/app.dir/mnt/host/source/src/platform/ec/build/zephyr/rex-ish/modules/ec/common/cbi_gpio.c.obj
[rex-ish:singleimage] [206/261] Building C object CMakeFiles/app.dir/mnt/host/source/src/platform/ec/build/zephyr/rex-ish/modules/ec/common/memory_commands.c.obj
[rex-ish:singleimage] [207/261] Building C object CMakeFiles/app.dir/mnt/host/source/src/platform/ec/build/zephyr/rex-ish/modules/ec/common/ap_reset_log.c.obj
[rex-ish:singleimage] [208/261] Building C object CMakeFiles/app.dir/mnt/host/source/src/platform/ec/build/zephyr/rex-ish/modules/ec/common/host_command.c.obj
[helipilot:rw] [137/526] Building ASM object zephyr/arch/arch/arm/core/cortex_m/CMakeFiles/arch__arm__core__cortex_m.dir/vector_table.S.obj
[rex-ish:singleimage] [209/261] Building C object CMakeFiles/app.dir/mnt/host/source/src/platform/ec/build/zephyr/rex-ish/modules/ec/common/host_command_task.c.obj
[rex-ish:singleimage] [210/261] Building C object CMakeFiles/app.dir/mnt/host/source/src/platform/ec/build/zephyr/rex-ish/modules/ec/common/host_event_commands.c.obj
[rex-ish:singleimage] [211/261] Building C object CMakeFiles/app.dir/mnt/host/source/src/platform/ec/build/zephyr/rex-ish/modules/ec/common/uart_hostcmd.c.obj
[rex-ish:singleimage] [212/261] Building C object CMakeFiles/app.dir/mnt/host/source/src/platform/ec/build/zephyr/rex-ish/modules/ec/common/uptime.c.obj
[rex-ish:singleimage] [213/261] Building C object CMakeFiles/app.dir/mnt/host/source/src/platform/ec/build/zephyr/rex-ish/modules/ec/common/i2c_controller.c.obj
[rex-ish:singleimage] [214/261] Building C object CMakeFiles/app.dir/mnt/host/source/src/platform/ec/build/zephyr/rex-ish/modules/ec/common/i2c_passthru.c.obj
[helipilot:rw] [138/526] Building ASM object zephyr/arch/arch/arm/core/cortex_m/CMakeFiles/arch__arm__core__cortex_m.dir/reset.S.obj
[rex-ish:singleimage] [215/261] Building C object CMakeFiles/app.dir/mnt/host/source/src/platform/ec/build/zephyr/rex-ish/modules/ec/common/motion_lid.c.obj
[rex-ish:singleimage] [216/261] Building C object CMakeFiles/app.dir/mnt/host/source/src/platform/ec/build/zephyr/rex-ish/modules/ec/common/lid_angle.c.obj
[rex-ish:singleimage] [217/261] Building C object CMakeFiles/app.dir/mnt/host/source/src/platform/ec/build/zephyr/rex-ish/modules/ec/common/lid_angle_keyboard_policy.c.obj
[rex-ish:singleimage] [218/261] Building C object CMakeFiles/app.dir/mnt/host/source/src/platform/ec/build/zephyr/rex-ish/modules/ec/common/lid_switch.c.obj
[helipilot:rw] [139/526] Building C object zephyr/arch/arch/arm/core/cortex_m/CMakeFiles/arch__arm__core__cortex_m.dir/irq_manage.c.obj
[rex-ish:singleimage] [219/261] Building C object CMakeFiles/app.dir/mnt/host/source/src/platform/ec/build/zephyr/rex-ish/modules/ec/common/mkbp_event.c.obj
[rex-ish:singleimage] [220/261] Building C object CMakeFiles/app.dir/mnt/host/source/src/platform/ec/build/zephyr/rex-ish/modules/ec/common/mkbp_fifo.c.obj
[rex-ish:singleimage] [221/261] Building C object CMakeFiles/app.dir/mnt/host/source/src/platform/ec/build/zephyr/rex-ish/modules/ec/common/motion_sense.c.obj
[rex-ish:singleimage] [222/261] Building C object CMakeFiles/app.dir/mnt/host/source/src/platform/ec/build/zephyr/rex-ish/modules/ec/common/sha256.c.obj
[rex-ish:singleimage] [223/261] Building C object CMakeFiles/app.dir/mnt/host/source/src/platform/ec/build/zephyr/rex-ish/modules/ec/common/shared_mem.c.obj
[rex-ish:singleimage] [224/261] Building C object CMakeFiles/app.dir/mnt/host/source/src/platform/ec/build/zephyr/rex-ish/modules/ec/driver/stm_mems_common.c.obj
[rex-ish:singleimage] [225/261] Building C object CMakeFiles/app.dir/mnt/host/source/src/platform/ec/build/zephyr/rex-ish/modules/ec/common/tablet_mode.c.obj
[rex-ish:singleimage] [226/261] Building C object CMakeFiles/app.dir/mnt/host/source/src/platform/ec/build/zephyr/rex-ish/modules/ec/common/timer.c.obj
[rex-ish:singleimage] [227/261] Building C object CMakeFiles/app.dir/mnt/host/source/src/platform/ec/build/zephyr/rex-ish/modules/ec/common/vstore.c.obj
[matsu_it82000:rw] [1/376] Generating include/generated/zephyr/version.h
[matsu_it82000:rw] -- git describe warned: warning: tag 'upstream/v2.7.99' is externally known as 'v2.7.99'
[rex-ish:singleimage] [228/261] Building C object CMakeFiles/app.dir/mnt/host/source/src/platform/ec/build/zephyr/rex-ish/modules/ec/common/math_util.c.obj
[rex-ish:singleimage] [229/261] Building C object zephyr/kernel/CMakeFiles/kernel.dir/banner.c.obj
[matsu_it82000:rw] -- Zephyr version: 4.3.99 (/mnt/host/source/src/third_party/zephyr/main)
[matsu_it82000:rw] [2/376] Preparing syscall dependency handling
[rex-ish:singleimage] [230/261] Building C object zephyr/kernel/CMakeFiles/kernel.dir/busy_wait.c.obj
[rex-ish:singleimage] [231/261] Building C object zephyr/kernel/CMakeFiles/kernel.dir/device.c.obj
[rex-ish:singleimage] [232/261] Building C object zephyr/kernel/CMakeFiles/kernel.dir/errno.c.obj
[rex-ish:singleimage] [233/261] Building C object zephyr/kernel/CMakeFiles/kernel.dir/fatal.c.obj
[rex-ish:singleimage] [234/261] Building C object zephyr/kernel/CMakeFiles/kernel.dir/init.c.obj
[/mnt/host/source/src/platform/ec/build/zephyr/veluza-lcov]   /mnt/host/source/src/platform/ec/build/zephyr/veluza/build-ro/CMakeFiles/app.dir/mnt/host/source/src/platform/ec/build/zephyr/veluza/modules/ec/common/chargen.c.gcno:no functions found
[/mnt/host/source/src/platform/ec/build/zephyr/veluza-lcov] stderr:
[rex-ish:singleimage] [235/261] Building C object zephyr/kernel/CMakeFiles/kernel.dir/kheap.c.obj
[rex-ish:singleimage] [236/261] Building C object zephyr/kernel/CMakeFiles/kernel.dir/mem_slab.c.obj
[matsu_it82000:rw] [3/376] Generating misc/generated/syscalls_subdirs.trigger
[rex-ish:singleimage] [237/261] Building C object zephyr/kernel/CMakeFiles/kernel.dir/float.c.obj
[rex-ish:singleimage] [238/261] Building C object zephyr/kernel/CMakeFiles/kernel.dir/version.c.obj
[rex-ish:singleimage] [239/261] Building C object zephyr/kernel/CMakeFiles/kernel.dir/idle.c.obj
[rex-ish:singleimage] [240/261] Building C object zephyr/kernel/CMakeFiles/kernel.dir/mailbox.c.obj
[rex-ish:singleimage] [241/261] Linking C static library app/libapp.a
[rex-ish:singleimage] [242/261] Building C object zephyr/kernel/CMakeFiles/kernel.dir/msg_q.c.obj
[helipilot:rw] [140/526] Building C object zephyr/arch/arch/arm/core/cortex_m/CMakeFiles/arch__arm__core__cortex_m.dir/prep_c.c.obj
[rex-ish:singleimage] [243/261] Building C object zephyr/kernel/CMakeFiles/kernel.dir/mutex.c.obj
[helipilot:rw] [141/526] Building C object zephyr/arch/arch/arm/core/cortex_m/CMakeFiles/arch__arm__core__cortex_m.dir/thread.c.obj
[rex-ish:singleimage] [244/261] Building C object zephyr/kernel/CMakeFiles/kernel.dir/queue.c.obj
[rex-ish:singleimage] [245/261] Building C object zephyr/kernel/CMakeFiles/kernel.dir/sem.c.obj
[rex-ish:singleimage] [246/261] Building C object zephyr/kernel/CMakeFiles/kernel.dir/stack.c.obj
[rex-ish:singleimage] [247/261] Building C object zephyr/kernel/CMakeFiles/kernel.dir/system_work_q.c.obj
[rex-ish:singleimage] [248/261] Building C object zephyr/kernel/CMakeFiles/kernel.dir/work.c.obj
[rex-ish:singleimage] [249/261] Building C object zephyr/kernel/CMakeFiles/kernel.dir/condvar.c.obj
[rex-ish:singleimage] [250/261] Building C object zephyr/kernel/CMakeFiles/kernel.dir/thread.c.obj
[rex-ish:singleimage] [251/261] Building C object zephyr/kernel/CMakeFiles/kernel.dir/sched.c.obj
[rex-ish:singleimage] [252/261] Building C object zephyr/kernel/CMakeFiles/kernel.dir/pipe.c.obj
[rex-ish:singleimage] [253/261] Building C object zephyr/kernel/CMakeFiles/kernel.dir/thread_monitor.c.obj
[rex-ish:singleimage] [254/261] Building C object zephyr/kernel/CMakeFiles/kernel.dir/timeout.c.obj
[rex-ish:singleimage] [255/261] Building C object zephyr/kernel/CMakeFiles/kernel.dir/timer.c.obj
[rex-ish:singleimage] [256/261] Building C object zephyr/kernel/CMakeFiles/kernel.dir/spinlock_validate.c.obj
[rex-ish:singleimage] [257/261] Building C object zephyr/kernel/CMakeFiles/kernel.dir/poll.c.obj
[rex-ish:singleimage] [258/261] Building C object zephyr/kernel/CMakeFiles/kernel.dir/events.c.obj
[rex-ish:singleimage] [259/261] Building C object zephyr/kernel/CMakeFiles/kernel.dir/mempool.c.obj
[helipilot:rw] [142/526] Building C object zephyr/arch/arch/arm/core/cortex_m/CMakeFiles/arch__arm__core__cortex_m.dir/irq_init.c.obj
[rex-ish:singleimage] [260/261] Building C object zephyr/kernel/CMakeFiles/kernel.dir/dynamic_disabled.c.obj
Running (initial) lcov on /mnt/host/source/src/platform/ec/build/zephyr/quartz.
[helipilot:rw] [143/526] Building C object zephyr/arch/arch/arm/core/cortex_m/CMakeFiles/arch__arm__core__cortex_m.dir/cpu_idle.c.obj
[rex-ish:singleimage] [261/261] Linking C static library zephyr/kernel/libkernel.a
[helipilot:rw] [144/526] Building ASM object zephyr/arch/arch/arm/core/cortex_m/CMakeFiles/arch__arm__core__cortex_m.dir/swap_helper.S.obj
[matsu_it82000:rw] [4/376] cd /mnt/host/source/src/platform/ec/build/zephyr/matsu_it82000/build-rw/modules/ec/zephyr && PYTHONPATH=/mnt/host/source/src/platform/ec/build/zephyr/matsu_it82000/modules/ec/zephyr/zmake/ /usr/bin/python3.11 /mnt/host/source/src/platform/ec/build/zephyr/matsu_it82000/modules/ec/zephyr/zmake/zephyr_build_tools/generate_ec_version.py /mnt/host/source/src/platform/ec/build/zephyr/matsu_it82000/build-rw/modules/ec/zephyr/include/ec_version.h --name Zephyr-Kernel --version 16543.0.0 --static
[matsu_it82000:rw] INFO:root:Using a static version string
[helipilot:rw] [145/526] Building C object zephyr/arch/arch/arm/core/mpu/CMakeFiles/arch__arm__core__mpu.dir/arm_core_mpu.c.obj
[helipilot:rw] [146/526] Building C object zephyr/arch/arch/arm/core/cortex_m/CMakeFiles/arch__arm__core__cortex_m.dir/isr_wrapper.c.obj
[helipilot:rw] [147/526] Building C object zephyr/lib/posix/c_lib_ext/CMakeFiles/lib__posix__c_lib_ext.dir/fnmatch.c.obj
[helipilot:rw] [148/526] Building C object zephyr/arch/arch/arm/core/cortex_m/CMakeFiles/arch__arm__core__cortex_m.dir/debug.c.obj
Running `env -i PYTHONPATH=/usr/lib64/python-exec/python3.11:/mnt/host/source/src/platform/ec/zephyr/zmake:/usr/lib/python311.zip:/usr/lib/python3.11:/usr/lib/python3.11/lib-dynload:/usr/lib/python3.11/site-packages PW_PIGWEED_CIPD_INSTALL_DIR=/usr CROSTC_USER_ACKNOWLEDGES_THAT_RISCV_IS_EXPERIMENTAL=1 PATH=/mnt/host/source/chromite/bin:/usr/local/bin:/usr/bin:/bin:/opt/bin:/mnt/host/source/chromite/sdk/bin:/mnt/host/source/chromite/bin HOME=/home/jpmurphy JAVA_HOME=/etc/java-config-2/current-system-vm JDK_HOME=/etc/java-config-2/current-system-vm JAVAC=/etc/java-config-2/current-system-vm/bin/javac MAKEFLAGS=' -j16 --jobserver-auth=5,6' /usr/bin/lcov --gcov-tool /mnt/host/source/src/platform/ec/build/zephyr/quartz/build-rw/gcov.sh -q -o - -c -d /mnt/host/source/src/platform/ec/build/zephyr/quartz -t quartz --rc branch_coverage=1 --filter range --ignore-errors inconsistent,source --ignore-errors gcov,gcov -i`
[helipilot:rw] [149/526] Linking C static library zephyr/arch/arch/arm/core/cortex_m/libarch__arm__core__cortex_m.a
[helipilot:rw] [150/526] Building C object zephyr/arch/arch/arm/core/mpu/CMakeFiles/arch__arm__core__mpu.dir/arm_mpu_regions.c.obj
[helipilot:rw] [151/526] Building C object zephyr/lib/libc/common/CMakeFiles/lib__libc__common.dir/source/time/time.c.obj
[rex-ish-ec:ro] /mnt/host/source/src/platform/ec/build/zephyr/rex-ish-ec/build-ro/zephyr/zephyr.dts:4260.15-4267.5: Warning (gpios_property): /fans/fan_0: Missing property '#gpio-cells' in node /named-gpios/en_pp5000_fan or bad phandle (referred from enable-gpio[0])
[matsu_it82000:rw] INFO:root:Version string: Zephyr-Kernel-16543.0.0
[matsu_it82000:rw] INFO:root:Writing header to /mnt/host/source/src/platform/ec/build/zephyr/matsu_it82000/build-rw/modules/ec/zephyr/include/ec_version.h
[matsu_it82000:rw] [5/376] Generating misc/generated/syscalls.json, misc/generated/struct_tags.json
[/mnt/host/source/src/platform/ec/build/zephyr/kanix-lcov]   /mnt/host/source/src/platform/ec/build/zephyr/kanix/build-ro/CMakeFiles/app.dir/mnt/host/source/src/platform/ec/build/zephyr/kanix/modules/ec/common/cbi_config.c.gcno:no functions found
[/mnt/host/source/src/platform/ec/build/zephyr/kanix-lcov] stderr:
[helipilot:rw] [152/526] Building C object zephyr/lib/libc/newlib/CMakeFiles/lib__libc__newlib.dir/libc-hooks.c.obj
[matsu_it82000:rw] [6/376] Generating include/generated/zephyr/syscall_dispatch.c, include/generated/zephyr/syscall_exports_llext.c, syscall_weakdefs_llext.c, include/generated/zephyr/syscall_list.h
[helipilot:rw] [153/526] Linking C static library zephyr/lib/libc/newlib/liblib__libc__newlib.a
[helipilot:rw] [154/526] Building C object zephyr/lib/libc/common/CMakeFiles/lib__libc__common.dir/source/stdlib/abort.c.obj
[helipilot:rw] [155/526] Building C object zephyr/lib/posix/c_lib_ext/CMakeFiles/lib__posix__c_lib_ext.dir/getopt_shim.c.obj
[helipilot:rw] [156/526] Building C object zephyr/arch/arch/arm/core/mpu/CMakeFiles/arch__arm__core__mpu.dir/arm_mpu.c.obj
[helipilot:rw] [157/526] Linking C static library zephyr/lib/libc/common/liblib__libc__common.a
[matsu_it82000:rw] [7/376] Generating include/generated/zephyr/driver-validation.h
[helipilot:rw] [158/526] Linking C static library zephyr/arch/arch/arm/core/mpu/libarch__arm__core__mpu.a
[helipilot:rw] [159/526] Building C object zephyr/lib/posix/options/CMakeFiles/lib__posix__options.dir/clock.c.obj
[helipilot:rw] [160/526] Building C object zephyr/lib/posix/options/CMakeFiles/lib__posix__options.dir/timespec_to_timeout.c.obj
[helipilot:rw] [161/526] Building C object zephyr/lib/posix/c_lib_ext/CMakeFiles/lib__posix__c_lib_ext.dir/getentropy.c.obj
[helipilot:rw] [162/526] Linking C static library zephyr/lib/posix/c_lib_ext/liblib__posix__c_lib_ext.a
[matsu_it82000:rw] [8/376] Generating include/generated/zephyr/kobj-types-enum.h, include/generated/zephyr/otype-to-str.h, include/generated/zephyr/otype-to-size.h
[matsu_it82000:rw] [9/376] Generating include/generated/device-api-sections.ld, include/generated/device-api-sections.cmake
[helipilot:rw] [163/526] Building C object zephyr/lib/posix/options/CMakeFiles/lib__posix__options.dir/rwlock.c.obj
[helipilot:rw] [164/526] Building C object zephyr/lib/posix/options/CMakeFiles/lib__posix__options.dir/timer.c.obj
[helipilot:rw] [165/526] Building C object zephyr/lib/posix/options/CMakeFiles/lib__posix__options.dir/grp.c.obj
[/mnt/host/source/src/platform/ec/build/zephyr/quartz-lcov] geninfo: WARNING: using JSON module "JSON::PP" - which is much slower than some alternatives.  Consider installing one of JSON::XS or Cpanel::JSON::XS
[helipilot:rw] [166/526] Building C object zephyr/lib/posix/options/CMakeFiles/lib__posix__options.dir/cond.c.obj
[helipilot:rw] [167/526] Building C object zephyr/subsys/crc/CMakeFiles/subsys__crc.dir/crc4_sw.c.obj
[helipilot:rw] [168/526] Building C object zephyr/lib/posix/options/CMakeFiles/lib__posix__options.dir/pwd.c.obj
[helipilot:rw] [169/526] Building C object zephyr/subsys/crc/CMakeFiles/subsys__crc.dir/crc8_sw.c.obj
[helipilot:rw] [170/526] Building C object zephyr/subsys/crc/CMakeFiles/subsys__crc.dir/crc16_sw.c.obj
[helipilot:rw] [171/526] Building C object zephyr/lib/posix/options/CMakeFiles/lib__posix__options.dir/key.c.obj
[helipilot:rw] [172/526] Building C object zephyr/subsys/crc/CMakeFiles/subsys__crc.dir/crc24_sw.c.obj
[helipilot:rw] [173/526] Building C object zephyr/subsys/crc/CMakeFiles/subsys__crc.dir/crc7_sw.c.obj
[helipilot:rw] [174/526] Building C object zephyr/lib/posix/options/CMakeFiles/lib__posix__options.dir/mutex.c.obj
[/mnt/host/source/src/platform/ec/build/zephyr/kanix-lcov]   /mnt/host/source/src/platform/ec/build/zephyr/kanix/build-ro/zephyr/arch/arch/arm/core/mpu/CMakeFiles/arch__arm__core__mpu.dir/arm_mpu_regions.c.gcno:no functions found
[/mnt/host/source/src/platform/ec/build/zephyr/kanix-lcov] stderr:
[helipilot:rw] [175/526] Building C object zephyr/subsys/crc/CMakeFiles/subsys__crc.dir/crc32c_sw.c.obj
[helipilot:rw] [176/526] Building C object zephyr/subsys/crc/CMakeFiles/subsys__crc.dir/crc32_sw.c.obj
[matsu_it82000:rw] [10/376] Building C object zephyr/CMakeFiles/offsets.dir/arch/riscv/core/offsets/offsets.c.obj
[helipilot:rw] [177/526] Building C object zephyr/subsys/mgmt/ec_host_cmd/CMakeFiles/subsys__mgmt__ec_host_cmd.dir/ec_host_cmd_handler.c.obj
[helipilot:rw] [178/526] Linking C static library zephyr/subsys/mgmt/ec_host_cmd/libsubsys__mgmt__ec_host_cmd.a
[helipilot:rw] [179/526] Building C object zephyr/lib/posix/options/CMakeFiles/lib__posix__options.dir/pthread.c.obj
[helipilot:rw] [180/526] Building C object zephyr/subsys/crc/CMakeFiles/subsys__crc.dir/crc32k_4_2_sw.c.obj
[helipilot:rw] [181/526] Linking C static library zephyr/lib/posix/options/liblib__posix__options.a
[helipilot:rw] [182/526] Linking C static library zephyr/subsys/crc/libsubsys__crc.a
[helipilot:rw] [183/526] Building C object zephyr/subsys/random/CMakeFiles/subsys__random.dir/random_entropy_device.c.obj
[matsu_it82000:rw] [11/376] Generating include/generated/zephyr/offsets.h
[helipilot:rw] [184/526] Building C object zephyr/subsys/mgmt/ec_host_cmd/backends/CMakeFiles/subsys__mgmt__ec_host_cmd__backends.dir/ec_host_cmd_backend_uart.c.obj
[helipilot:rw] [185/526] Building C object zephyr/subsys/mgmt/ec_host_cmd/backends/CMakeFiles/subsys__mgmt__ec_host_cmd__backends.dir/ec_host_cmd_backend_shi_npcx.c.obj
[helipilot:rw] [186/526] Linking C static library zephyr/subsys/mgmt/ec_host_cmd/backends/libsubsys__mgmt__ec_host_cmd__backends.a
[helipilot:rw] [187/526] Linking C static library zephyr/subsys/random/libsubsys__random.a
[helipilot:rw] [188/526] Building C object zephyr/drivers/bbram/CMakeFiles/drivers__bbram.dir/bbram_npcx.c.obj
[helipilot:rw] [189/526] Linking C static library zephyr/drivers/bbram/libdrivers__bbram.a
[helipilot:rw] [190/526] Building C object zephyr/drivers/interrupt_controller/CMakeFiles/drivers__interrupt_controller.dir/intc_miwu.c.obj
[helipilot:rw] [191/526] Linking C static library zephyr/drivers/interrupt_controller/libdrivers__interrupt_controller.a
[helipilot:rw] [192/526] Building C object zephyr/drivers/console/CMakeFiles/drivers__console.dir/uart_console.c.obj
[/mnt/host/source/src/platform/ec/build/zephyr/kanix-lcov]   /mnt/host/source/src/platform/ec/build/zephyr/kanix/build-ro/zephyr/arch/common/CMakeFiles/isr_tables.dir/isr_tables.c.gcno:no functions found
[/mnt/host/source/src/platform/ec/build/zephyr/kanix-lcov] stderr:
[helipilot:rw] [193/526] Linking C static library zephyr/drivers/console/libdrivers__console.a
[helipilot:rw] [194/526] Building C object zephyr/drivers/clock_control/CMakeFiles/drivers__clock_control.dir/clock_control_npcx.c.obj
[matsu_it82000:rw] [12/376] Building C object CMakeFiles/app.dir/mnt/host/source/src/platform/ec/zephyr/subsys/ap_pwrseq/ap_events.c.obj
[helipilot:rw] [195/526] Building C object zephyr/drivers/entropy/CMakeFiles/drivers__entropy.dir/entropy_npcx_drbg.c.obj
[helipilot:rw] [196/526] Building C object zephyr/drivers/flash/CMakeFiles/drivers__flash.dir/jesd216.c.obj
[helipilot:rw] [197/526] Linking C static library zephyr/drivers/entropy/libdrivers__entropy.a
[helipilot:rw] [198/526] Building C object zephyr/drivers/crypto/CMakeFiles/drivers__crypto.dir/crypto_npcx_sha.c.obj
[helipilot:rw] [199/526] Linking C static library zephyr/drivers/clock_control/libdrivers__clock_control.a
[/mnt/host/source/src/platform/ec/build/zephyr/quartz-lcov] stderr:
[helipilot:rw] [200/526] Linking C static library zephyr/drivers/crypto/libdrivers__crypto.a
[helipilot:rw] [201/526] Building C object zephyr/drivers/flash/CMakeFiles/drivers__flash.dir/flash_npcx_fiu_nor.c.obj
[helipilot:rw] [202/526] Building C object zephyr/drivers/flash/CMakeFiles/drivers__flash.dir/flash_npcx_fiu_qspi.c.obj
[helipilot:rw] [203/526] Linking C static library zephyr/drivers/flash/libdrivers__flash.a
[helipilot:rw] [204/526] Building C object zephyr/drivers/gpio/CMakeFiles/drivers__gpio.dir/gpio_npcx.c.obj
[helipilot:rw] [205/526] Linking C static library zephyr/drivers/gpio/libdrivers__gpio.a
[/mnt/host/source/src/platform/ec/build/zephyr/quartz-lcov]   /mnt/host/source/src/platform/ec/build/zephyr/quartz/build-ro/modules/ec/zephyr/CMakeFiles/ec_shim.dir/shim/src/thermal.c.gcno:no functions found
[/mnt/host/source/src/platform/ec/build/zephyr/quartz-lcov] stderr:
[helipilot:rw] [206/526] Building C object zephyr/drivers/pinctrl/CMakeFiles/drivers__pinctrl.dir/common.c.obj
[helipilot:rw] [207/526] Building C object zephyr/drivers/pinctrl/CMakeFiles/drivers__pinctrl.dir/pinctrl_npcx.c.obj
[helipilot:rw] [208/526] Building C object zephyr/drivers/timer/CMakeFiles/drivers__timer.dir/sys_clock_init.c.obj
[helipilot:rw] [209/526] Linking C static library zephyr/drivers/pinctrl/libdrivers__pinctrl.a
[helipilot:rw] [210/526] Building C object zephyr/drivers/syscon/CMakeFiles/drivers__syscon.dir/syscon.c.obj
[helipilot:rw] [211/526] Building C object zephyr/drivers/serial/CMakeFiles/drivers__serial.dir/uart_npcx.c.obj
[rex-ish-ec:ro] warning: Deprecated symbol I2C_ALLOW_NO_STOP_TRANSACTIONS is enabled.
[helipilot:rw] [212/526] Linking C static library zephyr/drivers/syscon/libdrivers__syscon.a
[helipilot:rw] [213/526] Building C object zephyr/drivers/spi/CMakeFiles/drivers__spi.dir/spi_npcx_spip.c.obj
[helipilot:rw] [214/526] Linking C static library zephyr/drivers/spi/libdrivers__spi.a
[helipilot:rw] [215/526] Linking C static library zephyr/drivers/serial/libdrivers__serial.a
[helipilot:rw] [216/526] Building C object zephyr/drivers/timer/CMakeFiles/drivers__timer.dir/npcx_itim_timer.c.obj
[helipilot:rw] [217/526] Linking C static library zephyr/drivers/timer/libdrivers__timer.a
[helipilot:rw] [218/526] Building C object zephyr/drivers/watchdog/CMakeFiles/drivers__watchdog.dir/wdt_npcx.c.obj
[helipilot:rw] [219/526] Linking C static library zephyr/drivers/watchdog/libdrivers__watchdog.a
[matsu_it82000:rw] [13/376] Building C object CMakeFiles/app.dir/mnt/host/source/src/platform/ec/zephyr/subsys/ap_pwrseq/ap_power_interface.c.obj
[helipilot:rw] [220/526] Building C object modules/ec/zephyr/CMakeFiles/ec_shim.dir/app/ec/main_shim.c.obj
[helipilot:rw] [221/526] Building C object modules/ec/zephyr/CMakeFiles/ec_shim.dir/app/ec/ec_app_main.c.obj
[rex-ish-ec:ro] Parsing /mnt/host/source/src/platform/ec/zephyr/program/rex/Kconfig
[helipilot:rw] [222/526] Building C object modules/ec/zephyr/CMakeFiles/ec_shim.dir/drivers/cros_flash/cros_flash_npcx.c.obj
[helipilot:rw] [223/526] Building C object modules/ec/zephyr/CMakeFiles/ec_shim.dir/drivers/cros_rtc/cros_rtc_npcx.c.obj
[helipilot:rw] [224/526] Building C object modules/ec/zephyr/CMakeFiles/ec_shim.dir/drivers/fingerprint/fingerprint_fpc1025_pal.c.obj
[helipilot:rw] [225/526] Building C object modules/ec/zephyr/CMakeFiles/ec_shim.dir/libc/exit.c.obj
[helipilot:rw] [226/526] Building C object modules/ec/zephyr/CMakeFiles/ec_shim.dir/drivers/cros_system/cros_system_npcx.c.obj
[helipilot:rw] [227/526] Building C object modules/ec/zephyr/CMakeFiles/ec_shim.dir/drivers/fingerprint/fingerprint_fpc1025.c.obj
[/mnt/host/source/src/platform/ec/build/zephyr/veluza-lcov]   /mnt/host/source/src/platform/ec/build/zephyr/veluza/build-ro/CMakeFiles/app.dir/mnt/host/source/src/platform/ec/build/zephyr/veluza/modules/ec/common/cbi_config.c.gcno:no functions found
[/mnt/host/source/src/platform/ec/build/zephyr/veluza-lcov] stderr:
[helipilot:rw] [228/526] Building C object modules/ec/zephyr/CMakeFiles/ec_shim.dir/shim/chip/npcx/gpio.c.obj
[helipilot:rw] [229/526] Building C object modules/ec/zephyr/CMakeFiles/ec_shim.dir/shim/chip/npcx/clock.c.obj
[matsu_it82000:rw] [14/376] Building C object CMakeFiles/app.dir/mnt/host/source/src/platform/ec/zephyr/subsys/ap_pwrseq/power_signals.c.obj
[helipilot:rw] [230/526] Building C object modules/ec/zephyr/CMakeFiles/ec_shim.dir/shim/chip/npcx/rom_chip.c.obj
[helipilot:rw] [231/526] Building C object modules/ec/zephyr/CMakeFiles/ec_shim.dir/shim/src/crc.c.obj
[helipilot:rw] [232/526] Building C object modules/ec/zephyr/CMakeFiles/ec_shim.dir/shim/chip/npcx/shi.c.obj
[helipilot:rw] [233/526] Building C object modules/ec/zephyr/CMakeFiles/ec_shim.dir/shim/chip/npcx/otp_key.c.obj
[helipilot:rw] [234/526] Building C object modules/ec/zephyr/CMakeFiles/ec_shim.dir/shim/chip/npcx/system.c.obj
[/mnt/host/source/src/platform/ec/build/zephyr/veluza-lcov]   /mnt/host/source/src/platform/ec/build/zephyr/veluza/build-ro/zephyr/arch/arch/riscv/core/CMakeFiles/arch__riscv__core.dir/cpu_idle.c.gcno:no functions found
[/mnt/host/source/src/platform/ec/build/zephyr/veluza-lcov] stderr:
[helipilot:rw] [235/526] Building C object modules/ec/zephyr/CMakeFiles/ec_shim.dir/shim/chip/npcx/system_external_storage.c.obj
[helipilot:rw] [236/526] Building C object modules/ec/zephyr/CMakeFiles/ec_shim.dir/shim/core/cortex-m/mpu.c.obj
[helipilot:rw] [237/526] Building C object modules/ec/zephyr/CMakeFiles/ec_shim.dir/shim/chip/npcx/ram_lock.c.obj
[helipilot:rw] [238/526] Building C object modules/ec/zephyr/CMakeFiles/ec_shim.dir/shim/core/cortex-m/panic.c.obj
[helipilot:rw] [239/526] Building C object modules/ec/zephyr/CMakeFiles/ec_shim.dir/shim/chip/npcx/power_policy.c.obj
[rex-ish-ec:ro] Loaded configuration '/mnt/host/source/src/platform/ec/zephyr/boards/google/npcx9/npcx9_npcx9m7f_defconfig'
[rex-ish-ec:ro] Merged configuration '/mnt/host/source/src/platform/ec/zephyr/program/rex/program.conf'
[rex-ish-ec:ro] Merged configuration '/mnt/host/source/src/platform/ec/zephyr/program/rex/rex/project.conf'
[rex-ish-ec:ro] Merged configuration '/mnt/host/source/src/platform/ec/zephyr/program/rex/rex-ish-ec/project.conf'
[rex-ish-ec:ro] Merged configuration '/mnt/host/source/src/platform/ec/build/zephyr/rex-ish-ec/kconfig-ro.conf'
[rex-ish-ec:ro] Configuration saved to '/mnt/host/source/src/platform/ec/build/zephyr/rex-ish-ec/build-ro/zephyr/.config'
[rex-ish-ec:ro] Kconfig header saved to '/mnt/host/source/src/platform/ec/build/zephyr/rex-ish-ec/build-ro/zephyr/include/generated/zephyr/autoconf.h'
[rex-ish-ec:ro] -- Found GnuLd: /home/jpmurphy/.cache/coreboot-sdk/arm-eabi/ea40ddd1d190c3b48435c474c0b545719371813a/arm-eabi/bin/ld.bfd (found version "2.43.1")
[helipilot:rw] [240/526] Building C object modules/ec/zephyr/CMakeFiles/ec_shim.dir/shim/src/console.c.obj
[rex-ish-ec:ro] -- The C compiler identification is GNU 14.2.0
[matsu_it82000:rw] [15/376] Building C object CMakeFiles/app.dir/mnt/host/source/src/platform/ec/zephyr/subsys/ap_pwrseq/signal_gpio.c.obj
[/mnt/host/source/src/platform/ec/build/zephyr/quartz-lcov]   /mnt/host/source/src/platform/ec/build/zephyr/quartz/build-ro/modules/ec/zephyr/CMakeFiles/ec_shim.dir/shim/src/battery.c.gcno:no functions found
[/mnt/host/source/src/platform/ec/build/zephyr/quartz-lcov] stderr:
[rex-ish-ec:ro] -- The CXX compiler identification is GNU 14.2.0
[helipilot:rw] [241/526] Building C object modules/ec/zephyr/CMakeFiles/ec_shim.dir/shim/src/gpio.c.obj
[helipilot:rw] [242/526] Building C object modules/ec/zephyr/CMakeFiles/ec_shim.dir/shim/src/panic_utils.c.obj
[rex-ish-ec:ro] -- The ASM compiler identification is GNU
[rex-ish-ec:ro] -- Found assembler: /home/jpmurphy/.cache/coreboot-sdk/arm-eabi/ea40ddd1d190c3b48435c474c0b545719371813a/bin/arm-eabi-gcc
[helipilot:rw] [243/526] Building C object modules/ec/zephyr/CMakeFiles/ec_shim.dir/shim/src/pm_state.c.obj
[rex-ish-ec:ro] CMake Warning at /mnt/host/source/src/platform/ec/zephyr/cmake/linker/ld/linker_libraries.cmake:11 (message):
[rex-ish-ec:ro]   Disabling c_library
[helipilot:rw] [244/526] Building C object modules/ec/zephyr/CMakeFiles/ec_shim.dir/shim/src/gpio_int.c.obj
[helipilot:rw] [245/526] Building C object modules/ec/zephyr/CMakeFiles/ec_shim.dir/shim/src/system.c.obj
[helipilot:rw] [246/526] Building C object modules/ec/zephyr/CMakeFiles/ec_shim.dir/shim/src/fpsensor.c.obj
[helipilot:rw] [247/526] Building C object modules/ec/zephyr/CMakeFiles/ec_shim.dir/shim/src/hooks.c.obj
[helipilot:rw] [248/526] Building C object modules/ec/zephyr/CMakeFiles/ec_shim.dir/shim/src/host_command.c.obj
[helipilot:rw] [249/526] Building C object modules/ec/zephyr/CMakeFiles/ec_shim.dir/shim/src/flash.c.obj
[helipilot:rw] [250/526] Building C object modules/ec/zephyr/CMakeFiles/ec_shim.dir/shim/src/console_buffer.c.obj
[helipilot:rw] [251/526] Building C object modules/ec/zephyr/CMakeFiles/ec_shim.dir/shim/src/panic.c.obj
[helipilot:rw] [252/526] Building C object modules/ec/zephyr/CMakeFiles/ec_shim.dir/shim/src/mkbp_event.c.obj
[helipilot:rw] [253/526] Building C object modules/ec/zephyr/CMakeFiles/ec_shim.dir/shim/src/log_backend_console_buffer.c.obj
[/mnt/host/source/src/platform/ec/build/zephyr/kanix-lcov]   /mnt/host/source/src/platform/ec/build/zephyr/kanix/build-ro/zephyr/CMakeFiles/zephyr.dir/subsys/shell/modules/kernel_service/kernel_shell.c.gcno:no functions found
[/mnt/host/source/src/platform/ec/build/zephyr/kanix-lcov] stderr:
[matsu_it82000:rw] [16/376] Building C object CMakeFiles/app.dir/mnt/host/source/src/platform/ec/zephyr/subsys/ap_pwrseq/signal_vw.c.obj
[rex-ish-ec:ro] -- Performing EC specific devicetree checks
[helipilot:rw] [254/526] Building C object modules/ec/zephyr/CMakeFiles/ec_shim.dir/shim/src/random.c.obj
[helipilot:rw] [255/526] Building C object modules/ec/third_party/boringssl/build/CMakeFiles/crypto.dir/crypto/asn1/a_bool.c.obj
[helipilot:rw] [256/526] Building C object modules/ec/third_party/boringssl/build/CMakeFiles/crypto.dir/crypto/asn1/a_d2i_fp.c.obj
[/mnt/host/source/src/platform/ec/build/zephyr/kanix-lcov]   /mnt/host/source/src/platform/ec/build/zephyr/kanix/build-ro/zephyr/CMakeFiles/zephyr.dir/lib/libc/validate_libc.c.gcno:no functions found
[/mnt/host/source/src/platform/ec/build/zephyr/kanix-lcov] stderr:
[helipilot:rw] [257/526] Building C object modules/ec/zephyr/CMakeFiles/ec_shim.dir/shim/src/hwtimer.c.obj
[helipilot:rw] [258/526] Building C object modules/ec/third_party/boringssl/build/CMakeFiles/crypto.dir/crypto/asn1/a_dup.c.obj
[helipilot:rw] [259/526] Building C object modules/ec/zephyr/CMakeFiles/ec_shim.dir/shim/src/rtc.c.obj
[rex-ish-ec:ro] Call Stack (most recent call first):
[rex-ish-ec:ro]   /mnt/host/source/src/third_party/zephyr/main/cmake/target_toolchain_flags.cmake:48 (include)
[rex-ish-ec:ro]   /mnt/host/source/src/third_party/zephyr/main/cmake/modules/kernel.cmake:153 (include)
[rex-ish-ec:ro]   /mnt/host/source/src/third_party/zephyr/main/cmake/modules/zephyr_default.cmake:138 (include)
[rex-ish-ec:ro]   /mnt/host/source/src/third_party/zephyr/main/share/zephyr-package/cmake/ZephyrConfig.cmake:66 (include)
[rex-ish-ec:ro]   /mnt/host/source/src/third_party/zephyr/main/share/zephyr-package/cmake/ZephyrConfig.cmake:97 (include_boilerplate)
[rex-ish-ec:ro]   CMakeLists.txt:6 (find_package)
[rex-ish-ec:ro] INFO: Verified 73 GPIOs, no duplicates found
[rex-ish-ec:ro] INFO: Verified 33 '*-gpios' properties, all flags match.
[helipilot:rw] [260/526] Building C object modules/ec/zephyr/CMakeFiles/ec_shim.dir/shim/src/tasks.c.obj
[helipilot:rw] [261/526] Building C object modules/ec/third_party/boringssl/build/CMakeFiles/crypto.dir/crypto/asn1/a_i2d_fp.c.obj
[helipilot:rw] [262/526] Building C object modules/ec/third_party/boringssl/build/CMakeFiles/crypto.dir/crypto/asn1/a_gentm.c.obj
[helipilot:rw] [263/526] Building C object modules/ec/zephyr/CMakeFiles/ec_shim.dir/shim/src/sha256_hw.c.obj
[helipilot:rw] [264/526] Building C object modules/ec/zephyr/CMakeFiles/ec_shim.dir/shim/src/usbc_stub.c.obj
[helipilot:rw] [265/526] Building C object modules/ec/third_party/boringssl/build/CMakeFiles/crypto.dir/crypto/asn1/a_octet.c.obj
[helipilot:rw] [266/526] Building C object modules/ec/zephyr/CMakeFiles/ec_shim.dir/shim/src/watchdog.c.obj
[rex-ish-ec:ro] -- Generating component manifest file
[helipilot:rw] [267/526] Building C object modules/ec/third_party/boringssl/build/CMakeFiles/crypto.dir/crypto/asn1/a_mbstr.c.obj
[helipilot:rw] [268/526] Linking C static library modules/ec/zephyr/libec_shim.a
[helipilot:rw] [269/526] Building C object modules/ec/third_party/boringssl/build/CMakeFiles/crypto.dir/crypto/asn1/a_type.c.obj
[helipilot:rw] [270/526] Building C object modules/ec/third_party/boringssl/build/CMakeFiles/crypto.dir/crypto/asn1/a_time.c.obj
[helipilot:rw] [271/526] Building C object modules/ec/third_party/boringssl/build/CMakeFiles/crypto.dir/crypto/asn1/a_utctm.c.obj
[helipilot:rw] [272/526] Building C object modules/ec/third_party/boringssl/build/CMakeFiles/crypto.dir/crypto/asn1/asn1_par.c.obj
[rex-ish-ec:ro] INFO: Skipped 14 named-gpios children.
[rex-ish-ec:ro] INFO: Running CME, outputting to /mnt/host/source/src/platform/ec/build/zephyr/rex-ish-ec/build-ro/zephyr/component_manifest.json
[rex-ish-ec:ro] WARNING: Unknown or disabled I2C port: io_i2c_ctrl0_port0(ec_i2c_sensor_scl_r)
[helipilot:rw] [273/526] Building C object modules/ec/third_party/boringssl/build/CMakeFiles/crypto.dir/crypto/asn1/asn_pack.c.obj
[rex-ish-ec:ro] INFO: Project rex-ish-ec does not support SSFC
[rex-ish-ec:ro] INFO: Component virtual-mux-c0(cros-ec,usbc-mux-virtual) not on I2C bus, skip it
[rex-ish-ec:ro] INFO: Component virtual-mux-c1(cros-ec,usbc-mux-virtual) not on I2C bus, skip it
[rex-ish-ec:ro] INFO: Component virtual-mux-c1(cros-ec,usbc-mux-virtual) not on I2C bus, skip it
[rex-ish-ec:ro] INFO: Component tcpci-mux-c1(cros-ec,usbc-mux-tcpci) not on I2C bus, skip it
[rex-ish-ec:ro] INFO: Component virtual-mux-c1(cros-ec,usbc-mux-virtual) not on I2C bus, skip it
[helipilot:rw] [274/526] Building C object modules/ec/third_party/boringssl/build/CMakeFiles/crypto.dir/crypto/asn1/f_int.c.obj
[rex-ish-ec:ro] INFO: Component virtual-mux-c1(cros-ec,usbc-mux-virtual) not on I2C bus, skip it
[helipilot:rw] [275/526] Building C object modules/ec/third_party/boringssl/build/CMakeFiles/crypto.dir/crypto/asn1/f_string.c.obj
[rex-ish-ec:ro] -- warning_base_override: -Wall;-Wformat;-Wformat-security;-Wformat;-Wno-format-zero-length;-Wno-pointer-sign;-Wpointer-arith;-Wexpansion-to-defined
[helipilot:rw] [276/526] Building C object modules/ec/third_party/boringssl/build/CMakeFiles/crypto.dir/crypto/asn1/posix_time.c.obj
[matsu_it82000:rw] [17/376] Building C object CMakeFiles/app.dir/mnt/host/source/src/platform/ec/zephyr/subsys/ap_pwrseq/ap_pwrseq.c.obj
[helipilot:rw] [277/526] Building C object modules/ec/third_party/boringssl/build/CMakeFiles/crypto.dir/crypto/asn1/a_strnid.c.obj
[helipilot:rw] [278/526] Building C object modules/ec/third_party/boringssl/build/CMakeFiles/crypto.dir/crypto/asn1/a_int.c.obj
[helipilot:rw] [279/526] Building C object modules/ec/third_party/boringssl/build/CMakeFiles/crypto.dir/crypto/asn1/a_object.c.obj
[helipilot:rw] [280/526] Building C object modules/ec/third_party/boringssl/build/CMakeFiles/crypto.dir/crypto/asn1/a_strex.c.obj
[helipilot:rw] [281/526] Building C object modules/ec/third_party/boringssl/build/CMakeFiles/crypto.dir/crypto/asn1/tasn_fre.c.obj
[helipilot:rw] [282/526] Building C object modules/ec/third_party/boringssl/build/CMakeFiles/crypto.dir/crypto/asn1/tasn_typ.c.obj
[rex-ish-ec:ro] -- Found gen_kobject_list: /mnt/host/source/src/third_party/zephyr/main/scripts/build/gen_kobject_list.py
[rex-ish-ec:ro] INFO: Component virtual-mux-c1(cros-ec,usbc-mux-virtual) not on I2C bus, skip it
[rex-ish-ec:ro] INFO: Component lid-accel(cros-ec,lis2dw12) not on I2C bus, skip it
[rex-ish-ec:ro] INFO: Component base-accel(cros-ec,lsm6dso-accel) not on I2C bus, skip it
[rex-ish-ec:ro] INFO: Component base-gyro(cros-ec,lsm6dso-gyro) not on I2C bus, skip it
[rex-ish-ec:ro] INFO: Component base-als-clear(cros-ec,tcs3400-clear) not on I2C bus, skip it
[rex-ish-ec:ro] INFO: Component base-als-rgb(cros-ec,tcs3400-rgb) not on I2C bus, skip it
[rex-ish-ec:ro] INFO: No motionsense-sensor-alt node found
[rex-ish-ec:ro] CMake Warning at /mnt/host/source/src/third_party/zephyr/main/CMakeLists.txt:2359 (message):
[helipilot:rw] [283/526] Building C object modules/ec/third_party/boringssl/build/CMakeFiles/crypto.dir/crypto/asn1/asn1_lib.c.obj
[helipilot:rw] [284/526] Building C object modules/ec/third_party/boringssl/build/CMakeFiles/crypto.dir/crypto/bio/connect.c.obj
[helipilot:rw] [285/526] Building C object modules/ec/third_party/boringssl/build/CMakeFiles/crypto.dir/crypto/bio/errno.c.obj
[rex-ish-ec:ro] -- Configuring done (17.4s)
[helipilot:rw] [286/526] Building C object modules/ec/third_party/boringssl/build/CMakeFiles/crypto.dir/crypto/bio/fd.c.obj
[/mnt/host/source/src/platform/ec/build/zephyr/kanix-lcov]   /mnt/host/source/src/platform/ec/build/zephyr/kanix/build-ro/zephyr/CMakeFiles/zephyr.dir/lib/utils/last_section_id.c.gcno:no functions found
[helipilot:rw] [287/526] Building C object modules/ec/third_party/boringssl/build/CMakeFiles/crypto.dir/crypto/asn1/tasn_dec.c.obj
[/mnt/host/source/src/platform/ec/build/zephyr/kanix-lcov] stderr:
[matsu_it82000:rw] [18/376] Building C object CMakeFiles/app.dir/mnt/host/source/src/platform/ec/zephyr/subsys/ap_pwrseq/ap_pwrseq_sm.c.obj
[helipilot:rw] [288/526] Building C object modules/ec/third_party/boringssl/build/CMakeFiles/crypto.dir/crypto/asn1/tasn_enc.c.obj
[helipilot:rw] [289/526] Building C object modules/ec/third_party/boringssl/build/CMakeFiles/crypto.dir/crypto/asn1/tasn_new.c.obj
[helipilot:rw] [290/526] Building C object modules/ec/third_party/boringssl/build/CMakeFiles/crypto.dir/crypto/bio/printf.c.obj
[rex-ish-ec:ro] -- Generating done (0.4s)
[rex-ish-ec:ro]   __ASSERT() statements are globally ENABLED
[rex-ish-ec:ro] CMake Warning:
[rex-ish-ec:ro]   Manually-specified variables were not used by the project:
[rex-ish-ec:ro]     COREBOOT_SDK_ROOT_libstdcxx_riscv64
[rex-ish-ec:ro]     COREBOOT_SDK_ROOT_libstdcxx_x86
[rex-ish-ec:ro]     COREBOOT_SDK_ROOT_nds32
[rex-ish-ec:ro]     COREBOOT_SDK_ROOT_picolibc_riscv64
[rex-ish-ec:ro]     COREBOOT_SDK_ROOT_picolibc_x86
[rex-ish-ec:ro]     COREBOOT_SDK_ROOT_riscv
[rex-ish-ec:ro]     COREBOOT_SDK_ROOT_riscv64
[rex-ish-ec:ro]     COREBOOT_SDK_ROOT_x86
[rex-ish-ec:ro] -- Build files have been written to: /mnt/host/source/src/platform/ec/build/zephyr/rex-ish-ec/build-ro
[helipilot:rw] [291/526] Building C object modules/ec/third_party/boringssl/build/CMakeFiles/crypto.dir/crypto/bio/bio.c.obj
[helipilot:rw] [292/526] Building C object modules/ec/third_party/boringssl/build/CMakeFiles/crypto.dir/crypto/bio/bio_mem.c.obj
[helipilot:rw] [293/526] Building C object modules/ec/third_party/boringssl/build/CMakeFiles/crypto.dir/crypto/asn1/tasn_utl.c.obj
[helipilot:rw] [294/526] Building C object modules/ec/third_party/boringssl/build/CMakeFiles/crypto.dir/crypto/bio/socket.c.obj
[helipilot:rw] [295/526] Building C object modules/ec/third_party/boringssl/build/CMakeFiles/crypto.dir/crypto/bio/socket_helper.c.obj
[helipilot:rw] [296/526] Building C object modules/ec/third_party/boringssl/build/CMakeFiles/crypto.dir/crypto/base64/base64.c.obj
[/mnt/host/source/src/platform/ec/build/zephyr/veluza-lcov]   /mnt/host/source/src/platform/ec/build/zephyr/veluza/build-ro/zephyr/arch/common/CMakeFiles/isr_tables.dir/isr_tables.c.gcno:no functions found
[/mnt/host/source/src/platform/ec/build/zephyr/veluza-lcov] stderr:
[helipilot:rw] [297/526] Building C object modules/ec/third_party/boringssl/build/CMakeFiles/crypto.dir/crypto/bn_extra/bn_asn1.c.obj
[helipilot:rw] [298/526] Building C object modules/ec/third_party/boringssl/build/CMakeFiles/crypto.dir/crypto/bio/file.c.obj
[helipilot:rw] [299/526] Building C object modules/ec/third_party/boringssl/build/CMakeFiles/crypto.dir/crypto/bio/hexdump.c.obj
[helipilot:rw] [300/526] Building C object modules/ec/third_party/boringssl/build/CMakeFiles/crypto.dir/crypto/bytestring/ber.c.obj
[helipilot:rw] [301/526] Building C object modules/ec/third_party/boringssl/build/CMakeFiles/crypto.dir/crypto/bio/pair.c.obj
[/mnt/host/source/src/platform/ec/build/zephyr/veluza-lcov]   /mnt/host/source/src/platform/ec/build/zephyr/veluza/build-ro/zephyr/CMakeFiles/zephyr.dir/lib/libc/validate_libc.c.gcno:no functions found
[/mnt/host/source/src/platform/ec/build/zephyr/veluza-lcov] stderr:
[helipilot:rw] [302/526] Building C object modules/ec/third_party/boringssl/build/CMakeFiles/crypto.dir/crypto/bytestring/unicode.c.obj
[helipilot:rw] [303/526] Building C object modules/ec/third_party/boringssl/build/CMakeFiles/crypto.dir/crypto/cipher_extra/derive_key.c.obj
[helipilot:rw] [304/526] Building C object modules/ec/third_party/boringssl/build/CMakeFiles/crypto.dir/crypto/blake2/blake2.c.obj
[matsu_it82000:rw] [19/376] Building C object CMakeFiles/app.dir/mnt/host/source/src/platform/ec/zephyr/subsys/ap_pwrseq/power_host_sleep.c.obj
[helipilot:rw] [305/526] Building C object modules/ec/third_party/boringssl/build/CMakeFiles/crypto.dir/crypto/bytestring/asn1_compat.c.obj
[helipilot:rw] [306/526] Building C object modules/ec/third_party/boringssl/build/CMakeFiles/crypto.dir/crypto/bn_extra/convert.c.obj
[helipilot:rw] [307/526] Building C object modules/ec/third_party/boringssl/build/CMakeFiles/crypto.dir/crypto/buf/buf.c.obj
[helipilot:rw] [308/526] Building C object modules/ec/third_party/boringssl/build/CMakeFiles/crypto.dir/crypto/chacha/chacha.c.obj
[helipilot:rw] [309/526] Building C object modules/ec/third_party/boringssl/build/CMakeFiles/crypto.dir/crypto/bytestring/cbb.c.obj
[helipilot:rw] [310/526] Building C object modules/ec/third_party/boringssl/build/CMakeFiles/crypto.dir/crypto/bytestring/cbs.c.obj
[helipilot:rw] [311/526] Building C object modules/ec/third_party/boringssl/build/CMakeFiles/crypto.dir/crypto/cipher_extra/cipher_extra.c.obj
[helipilot:rw] [312/526] Building C object modules/ec/third_party/boringssl/build/CMakeFiles/crypto.dir/crypto/cipher_extra/e_aesctrhmac.c.obj
[/mnt/host/source/src/platform/ec/build/zephyr/anakin-lcov]   /mnt/host/source/src/platform/ec/build/zephyr/anakin/build-rw/modules/ec/zephyr/CMakeFiles/ec_shim.dir/shim/src/keyscan.c.gcno:no functions found
[/mnt/host/source/src/platform/ec/build/zephyr/anakin-lcov] stderr:
[helipilot:rw] [313/526] Building C object modules/ec/third_party/boringssl/build/CMakeFiles/crypto.dir/crypto/cipher_extra/e_aesgcmsiv.c.obj
[helipilot:rw] [314/526] Building C object modules/ec/third_party/boringssl/build/CMakeFiles/crypto.dir/crypto/cipher_extra/e_chacha20poly1305.c.obj
[/mnt/host/source/src/platform/ec/build/zephyr/quartz-lcov]   /mnt/host/source/src/platform/ec/build/zephyr/quartz/build-ro/modules/ec/zephyr/CMakeFiles/ec_shim.dir/drivers/keyboard_input/keyboard_customization_check.c.gcno:no functions found
[/mnt/host/source/src/platform/ec/build/zephyr/quartz-lcov] stderr:
[helipilot:rw] [315/526] Building C object modules/ec/third_party/boringssl/build/CMakeFiles/crypto.dir/crypto/cipher_extra/e_des.c.obj
[/mnt/host/source/src/platform/ec/build/zephyr/veluza-lcov]   /mnt/host/source/src/platform/ec/build/zephyr/veluza/build-ro/zephyr/CMakeFiles/zephyr.dir/lib/utils/last_section_id.c.gcno:no functions found
[/mnt/host/source/src/platform/ec/build/zephyr/veluza-lcov] stderr:
[helipilot:rw] [316/526] Building C object modules/ec/third_party/boringssl/build/CMakeFiles/crypto.dir/crypto/cpu_aarch64_openbsd.c.obj
[helipilot:rw] [317/526] Building C object modules/ec/third_party/boringssl/build/CMakeFiles/crypto.dir/crypto/cipher_extra/e_null.c.obj
[helipilot:rw] [318/526] Building C object modules/ec/third_party/boringssl/build/CMakeFiles/crypto.dir/crypto/cipher_extra/e_rc2.c.obj
[helipilot:rw] [319/526] Building C object modules/ec/third_party/boringssl/build/CMakeFiles/crypto.dir/crypto/cipher_extra/e_rc4.c.obj
[helipilot:rw] [320/526] Building C object modules/ec/third_party/boringssl/build/CMakeFiles/crypto.dir/crypto/cipher_extra/e_tls.c.obj
[helipilot:rw] [321/526] Building C object modules/ec/third_party/boringssl/build/CMakeFiles/crypto.dir/crypto/cpu_aarch64_apple.c.obj
[matsu_it82000:rw] [20/376] Building C object CMakeFiles/app.dir/mnt/host/source/src/platform/ec/zephyr/subsys/ap_pwrseq/x86_non_dsx_common_pwrseq_sm_handler.c.obj
[helipilot:rw] [322/526] Building C object modules/ec/third_party/boringssl/build/CMakeFiles/crypto.dir/crypto/cpu_aarch64_fuchsia.c.obj
[helipilot:rw] [323/526] Building C object modules/ec/third_party/boringssl/build/CMakeFiles/crypto.dir/crypto/conf/conf.c.obj
[helipilot:rw] [324/526] Building C object modules/ec/third_party/boringssl/build/CMakeFiles/crypto.dir/crypto/cipher_extra/tls_cbc.c.obj
[helipilot:rw] [325/526] Building C object modules/ec/third_party/boringssl/build/CMakeFiles/crypto.dir/crypto/cpu_intel.c.obj
[helipilot:rw] [326/526] Building C object modules/ec/third_party/boringssl/build/CMakeFiles/crypto.dir/crypto/cpu_aarch64_linux.c.obj
[helipilot:rw] [327/526] Building C object modules/ec/third_party/boringssl/build/CMakeFiles/crypto.dir/crypto/cpu_arm_freebsd.c.obj
[helipilot:rw] [328/526] Building C object modules/ec/third_party/boringssl/build/CMakeFiles/crypto.dir/crypto/cpu_aarch64_win.c.obj
[helipilot:rw] [329/526] Building C object modules/ec/third_party/boringssl/build/CMakeFiles/crypto.dir/crypto/cpu_aarch64_sysreg.c.obj
[helipilot:rw] [330/526] Building C object modules/ec/third_party/boringssl/build/CMakeFiles/crypto.dir/crypto/cpu_arm_linux.c.obj
[helipilot:rw] [331/526] Building C object modules/ec/third_party/boringssl/build/CMakeFiles/crypto.dir/crypto/curve25519/curve25519_64_adx.c.obj
[helipilot:rw] [332/526] Building C object modules/ec/third_party/boringssl/build/CMakeFiles/crypto.dir/crypto/crypto.c.obj
[helipilot:rw] [333/526] Building C object modules/ec/third_party/boringssl/build/CMakeFiles/crypto.dir/crypto/dh_extra/dh_asn1.c.obj
[helipilot:rw] [334/526] Building C object modules/ec/third_party/boringssl/build/CMakeFiles/crypto.dir/crypto/curve25519/spake25519.c.obj
[helipilot:rw] [335/526] Building C object modules/ec/third_party/boringssl/build/CMakeFiles/crypto.dir/crypto/des/des.c.obj
[matsu_it82000:rw] [21/376] Building C object CMakeFiles/app.dir/mnt/host/source/src/platform/ec/zephyr/subsys/ap_pwrseq/x86_non_dsx_chipset_power_state.c.obj
[helipilot:rw] [336/526] Building C object modules/ec/third_party/boringssl/build/CMakeFiles/crypto.dir/crypto/dh_extra/params.c.obj
[helipilot:rw] [337/526] Building C object modules/ec/third_party/boringssl/build/CMakeFiles/crypto.dir/crypto/curve25519/curve25519.c.obj
[helipilot:rw] [338/526] Building C object modules/ec/third_party/boringssl/build/CMakeFiles/crypto.dir/crypto/dsa/dsa_asn1.c.obj
[helipilot:rw] [339/526] Building C object modules/ec/third_party/boringssl/build/CMakeFiles/crypto.dir/crypto/digest_extra/digest_extra.c.obj
[helipilot:rw] [340/526] Building C object modules/ec/third_party/boringssl/build/CMakeFiles/crypto.dir/crypto/dsa/dsa.c.obj
[helipilot:rw] [341/526] Building C object modules/ec/third_party/boringssl/build/CMakeFiles/crypto.dir/crypto/ecdh_extra/ecdh_extra.c.obj
[helipilot:rw] [342/526] Building C object modules/ec/third_party/boringssl/build/CMakeFiles/crypto.dir/crypto/ec_extra/ec_asn1.c.obj
[/mnt/host/source/src/platform/ec/build/zephyr/quartz-lcov]   /mnt/host/source/src/platform/ec/build/zephyr/quartz/build-ro/CMakeFiles/app.dir/mnt/host/source/src/platform/ec/build/zephyr/quartz/modules/ec/common/chargen.c.gcno:no functions found
[/mnt/host/source/src/platform/ec/build/zephyr/quartz-lcov] stderr:
[helipilot:rw] [343/526] Building C object modules/ec/third_party/boringssl/build/CMakeFiles/crypto.dir/crypto/ec_extra/ec_derive.c.obj
[helipilot:rw] [344/526] Building C object modules/ec/third_party/boringssl/build/CMakeFiles/crypto.dir/crypto/ecdsa_extra/ecdsa_asn1.c.obj
[helipilot:rw] [345/526] Building C object modules/ec/third_party/boringssl/build/CMakeFiles/crypto.dir/crypto/engine/engine.c.obj
[helipilot:rw] [346/526] Building C object modules/ec/third_party/boringssl/build/CMakeFiles/crypto.dir/crypto/evp/evp.c.obj
[helipilot:rw] [347/526] Building C object modules/ec/third_party/boringssl/build/CMakeFiles/crypto.dir/crypto/ec_extra/hash_to_curve.c.obj
[helipilot:rw] [348/526] Building C object modules/ec/third_party/boringssl/build/CMakeFiles/crypto.dir/crypto/err/err.c.obj
[helipilot:rw] [349/526] Building C object modules/ec/third_party/boringssl/build/CMakeFiles/crypto.dir/crypto/evp/p_dh.c.obj
[matsu_it82000:rw] [22/376] Building C object CMakeFiles/app.dir/mnt/host/source/src/platform/ec/zephyr/subsys/ap_pwrseq/x86_non_dsx_common_pwrseq_host_sleep.c.obj
[helipilot:rw] [350/526] Building C object modules/ec/third_party/boringssl/build/CMakeFiles/crypto.dir/crypto/evp/p_ed25519.c.obj
[helipilot:rw] [351/526] Building C object modules/ec/third_party/boringssl/build/CMakeFiles/crypto.dir/crypto/evp/p_ec_asn1.c.obj
[helipilot:rw] [352/526] Building C object modules/ec/third_party/boringssl/build/CMakeFiles/crypto.dir/crypto/evp/p_x25519.c.obj
[helipilot:rw] [353/526] Building C object modules/ec/third_party/boringssl/build/CMakeFiles/crypto.dir/crypto/evp/evp_asn1.c.obj
[helipilot:rw] [354/526] Building C object modules/ec/third_party/boringssl/build/CMakeFiles/crypto.dir/crypto/evp/evp_ctx.c.obj
[helipilot:rw] [355/526] Building C object modules/ec/third_party/boringssl/build/CMakeFiles/crypto.dir/crypto/evp/p_dh_asn1.c.obj
[helipilot:rw] [356/526] Building C object modules/ec/third_party/boringssl/build/CMakeFiles/crypto.dir/crypto/evp/p_dsa_asn1.c.obj
[helipilot:rw] [357/526] Building C object modules/ec/third_party/boringssl/build/CMakeFiles/crypto.dir/crypto/evp/sign.c.obj
[helipilot:rw] [358/526] Building C object modules/ec/third_party/boringssl/build/CMakeFiles/crypto.dir/crypto/evp/p_hkdf.c.obj
[helipilot:rw] [359/526] Building C object modules/ec/third_party/boringssl/build/CMakeFiles/crypto.dir/crypto/evp/p_ec.c.obj
[helipilot:rw] [360/526] Building C object modules/ec/third_party/boringssl/build/CMakeFiles/crypto.dir/crypto/evp/p_rsa_asn1.c.obj
[helipilot:rw] [361/526] Building C object modules/ec/third_party/boringssl/build/CMakeFiles/crypto.dir/crypto/evp/p_ed25519_asn1.c.obj
[helipilot:rw] [362/526] Building C object modules/ec/third_party/boringssl/build/CMakeFiles/crypto.dir/crypto/evp/p_rsa.c.obj
[helipilot:rw] [363/526] Building C object modules/ec/third_party/boringssl/build/CMakeFiles/crypto.dir/crypto/fipsmodule/fips_shared_support.c.obj
[helipilot:rw] [364/526] Building C object modules/ec/third_party/boringssl/build/CMakeFiles/crypto.dir/crypto/evp/p_x25519_asn1.c.obj
[matsu_it82000:rw] [23/376] Building C object CMakeFiles/app.dir/mnt/host/source/src/platform/ec/zephyr/subsys/ap_pwrseq/x86_non_dsx_common_pwrseq_console.c.obj
[helipilot:rw] [365/526] Building C object modules/ec/third_party/boringssl/build/CMakeFiles/crypto.dir/crypto/evp/print.c.obj
[helipilot:rw] [366/526] Building C object modules/ec/third_party/boringssl/build/CMakeFiles/crypto.dir/crypto/evp/pbkdf.c.obj
[helipilot:rw] [367/526] Building C object modules/ec/third_party/boringssl/build/CMakeFiles/crypto.dir/crypto/evp/scrypt.c.obj
[/mnt/host/source/src/platform/ec/build/zephyr/quartz-lcov]   /mnt/host/source/src/platform/ec/build/zephyr/quartz/build-ro/CMakeFiles/app.dir/mnt/host/source/src/platform/ec/build/zephyr/quartz/modules/ec/common/cbi_config.c.gcno:no functions found
[/mnt/host/source/src/platform/ec/build/zephyr/quartz-lcov] stderr:
[helipilot:rw] [368/526] Building C object modules/ec/third_party/boringssl/build/CMakeFiles/crypto.dir/crypto/ex_data.c.obj
[helipilot:rw] [369/526] Building C object modules/ec/third_party/boringssl/build/CMakeFiles/crypto.dir/crypto/pem/pem_info.c.obj
[helipilot:rw] [370/526] Building C object modules/ec/third_party/boringssl/build/CMakeFiles/crypto.dir/crypto/hrss/hrss.c.obj
[helipilot:rw] [371/526] Building C object modules/ec/third_party/boringssl/build/CMakeFiles/crypto.dir/crypto/pem/pem_all.c.obj
[helipilot:rw] [372/526] Building C object modules/ec/third_party/boringssl/build/CMakeFiles/crypto.dir/crypto/mem.c.obj
[helipilot:rw] [373/526] Building C object modules/ec/third_party/boringssl/build/CMakeFiles/crypto.dir/crypto/kyber/kyber.c.obj
[helipilot:rw] [374/526] Building C object modules/ec/third_party/boringssl/build/CMakeFiles/crypto.dir/crypto/lhash/lhash.c.obj
[helipilot:rw] [375/526] Building C object modules/ec/third_party/boringssl/build/CMakeFiles/crypto.dir/crypto/hpke/hpke.c.obj
[helipilot:rw] [376/526] Building C object modules/ec/third_party/boringssl/build/CMakeFiles/crypto.dir/crypto/keccak/keccak.c.obj
[helipilot:rw] [377/526] Building C object modules/ec/third_party/boringssl/build/CMakeFiles/crypto.dir/crypto/obj/obj_xref.c.obj
[matsu_it82000:rw] [24/376] Building C object CMakeFiles/app.dir/mnt/host/source/src/platform/ec/zephyr/subsys/ap_pwrseq/x86_non_dsx_common_pwrseq_host_command.c.obj
[helipilot:rw] [378/526] Building C object modules/ec/third_party/boringssl/build/CMakeFiles/crypto.dir/crypto/pkcs7/pkcs7.c.obj
[helipilot:rw] [379/526] Building C object modules/ec/third_party/boringssl/build/CMakeFiles/crypto.dir/crypto/obj/obj.c.obj
[helipilot:rw] [380/526] Building C object modules/ec/third_party/boringssl/build/CMakeFiles/crypto.dir/crypto/pem/pem_oth.c.obj
[helipilot:rw] [381/526] Building C object modules/ec/third_party/boringssl/build/CMakeFiles/crypto.dir/crypto/pem/pem_pkey.c.obj
[helipilot:rw] [382/526] Building C object modules/ec/third_party/boringssl/build/CMakeFiles/crypto.dir/crypto/pem/pem_x509.c.obj
[helipilot:rw] [383/526] Building C object modules/ec/third_party/boringssl/build/CMakeFiles/crypto.dir/crypto/pem/pem_pk8.c.obj
[helipilot:rw] [384/526] Building C object modules/ec/third_party/boringssl/build/CMakeFiles/crypto.dir/crypto/pem/pem_xaux.c.obj
[helipilot:rw] [385/526] Building C object modules/ec/third_party/boringssl/build/CMakeFiles/crypto.dir/crypto/pem/pem_lib.c.obj
[helipilot:rw] [386/526] Building C object modules/ec/third_party/boringssl/build/CMakeFiles/crypto.dir/crypto/pkcs7/pkcs7_x509.c.obj
[helipilot:rw] [387/526] Building C object modules/ec/third_party/boringssl/build/CMakeFiles/crypto.dir/crypto/poly1305/poly1305.c.obj
[helipilot:rw] [388/526] Building C object modules/ec/third_party/boringssl/build/CMakeFiles/crypto.dir/crypto/pkcs8/p5_pbev2.c.obj
[helipilot:rw] [389/526] Building C object modules/ec/third_party/boringssl/build/CMakeFiles/crypto.dir/crypto/poly1305/poly1305_vec.c.obj
[helipilot:rw] [390/526] Building C object modules/ec/third_party/boringssl/build/CMakeFiles/crypto.dir/crypto/poly1305/poly1305_arm.c.obj
[matsu_it82000:rw] [25/376] Building C object CMakeFiles/app.dir/mnt/host/source/src/platform/ec/zephyr/subsys/ap_pwrseq/x86_non_dsx_mtl_pwrseq_sm.c.obj
[/mnt/host/source/src/platform/ec/build/zephyr/quartz-lcov]   /mnt/host/source/src/platform/ec/build/zephyr/quartz/build-ro/zephyr/arch/arch/arm/core/mpu/CMakeFiles/arch__arm__core__mpu.dir/arm_mpu_regions.c.gcno:no functions found
[/mnt/host/source/src/platform/ec/build/zephyr/quartz-lcov] stderr:
[helipilot:rw] [391/526] Building C object modules/ec/third_party/boringssl/build/CMakeFiles/crypto.dir/crypto/rand_extra/deterministic.c.obj
[helipilot:rw] [392/526] Building C object modules/ec/third_party/boringssl/build/CMakeFiles/crypto.dir/crypto/rand_extra/forkunsafe.c.obj
[helipilot:rw] [393/526] Building C object modules/ec/third_party/boringssl/build/CMakeFiles/crypto.dir/crypto/rand_extra/rand_extra.c.obj
[helipilot:rw] [394/526] Building C object modules/ec/third_party/boringssl/build/CMakeFiles/crypto.dir/crypto/pkcs8/pkcs8.c.obj
[helipilot:rw] [395/526] Building C object modules/ec/third_party/boringssl/build/CMakeFiles/crypto.dir/crypto/pkcs8/pkcs8_x509.c.obj
[helipilot:rw] [396/526] Building C object modules/ec/third_party/boringssl/build/CMakeFiles/crypto.dir/crypto/rc4/rc4.c.obj
[helipilot:rw] [397/526] Building C object modules/ec/third_party/boringssl/build/CMakeFiles/crypto.dir/crypto/pool/pool.c.obj
[helipilot:rw] [398/526] Building C object modules/ec/third_party/boringssl/build/CMakeFiles/crypto.dir/crypto/rsa_extra/rsa_print.c.obj
[helipilot:rw] [399/526] Building C object modules/ec/third_party/boringssl/build/CMakeFiles/crypto.dir/crypto/rand_extra/getentropy.c.obj
[helipilot:rw] [400/526] Building C object modules/ec/third_party/boringssl/build/CMakeFiles/crypto.dir/crypto/spx/fors.c.obj
[helipilot:rw] [401/526] Building C object modules/ec/third_party/boringssl/build/CMakeFiles/crypto.dir/crypto/spx/merkle.c.obj
[helipilot:rw] [402/526] Building C object modules/ec/third_party/boringssl/build/CMakeFiles/crypto.dir/crypto/spx/spx.c.obj
[helipilot:rw] [403/526] Building C object modules/ec/third_party/boringssl/build/CMakeFiles/crypto.dir/crypto/rand_extra/passive.c.obj
[helipilot:rw] [404/526] Building C object modules/ec/third_party/boringssl/build/CMakeFiles/crypto.dir/crypto/rand_extra/ios.c.obj
[helipilot:rw] [405/526] Building C object modules/ec/third_party/boringssl/build/CMakeFiles/crypto.dir/crypto/rand_extra/windows.c.obj
[helipilot:rw] [406/526] Building C object modules/ec/third_party/boringssl/build/CMakeFiles/crypto.dir/crypto/refcount.c.obj
[helipilot:rw] [407/526] Building C object modules/ec/third_party/boringssl/build/CMakeFiles/crypto.dir/crypto/spx/spx_util.c.obj
[helipilot:rw] [408/526] Building C object modules/ec/third_party/boringssl/build/CMakeFiles/crypto.dir/crypto/rand_extra/trusty.c.obj
[matsu_it82000:rw] [26/376] Building C object CMakeFiles/app.dir/mnt/host/source/src/platform/ec/zephyr/subsys/ap_pwrseq/ap_reset_log.c.obj
[helipilot:rw] [409/526] Building C object modules/ec/third_party/boringssl/build/CMakeFiles/crypto.dir/crypto/spx/thash.c.obj
[helipilot:rw] [410/526] Building C object modules/ec/third_party/boringssl/build/CMakeFiles/crypto.dir/crypto/spx/wots.c.obj
[helipilot:rw] [411/526] Building C object modules/ec/third_party/boringssl/build/CMakeFiles/crypto.dir/crypto/thread.c.obj
[helipilot:rw] [412/526] Building C object modules/ec/third_party/boringssl/build/CMakeFiles/crypto.dir/crypto/siphash/siphash.c.obj
[/mnt/host/source/src/platform/ec/build/zephyr/anakin-lcov]   /mnt/host/source/src/platform/ec/build/zephyr/anakin/build-rw/CMakeFiles/app.dir/mnt/host/source/src/platform/ec/build/zephyr/anakin/modules/ec/common/cbi_config.c.gcno:no functions found
[/mnt/host/source/src/platform/ec/build/zephyr/anakin-lcov] stderr:
[/mnt/host/source/src/platform/ec/build/zephyr/quartz-lcov]   /mnt/host/source/src/platform/ec/build/zephyr/quartz/build-ro/zephyr/arch/common/CMakeFiles/isr_tables.dir/isr_tables.c.gcno:no functions found
[/mnt/host/source/src/platform/ec/build/zephyr/quartz-lcov] stderr:
[helipilot:rw] [413/526] Building C object modules/ec/third_party/boringssl/build/CMakeFiles/crypto.dir/crypto/rsa_extra/rsa_asn1.c.obj
[/mnt/host/source/src/platform/ec/build/zephyr/kanix-lcov]   /mnt/host/source/src/platform/ec/build/zephyr/kanix/build-ro/zephyr/CMakeFiles/zephyr.dir/soc/nuvoton/npcx/common/npcxn/registers.c.gcno:no functions found
[/mnt/host/source/src/platform/ec/build/zephyr/kanix-lcov] stderr:
[helipilot:rw] [414/526] Building C object modules/ec/third_party/boringssl/build/CMakeFiles/crypto.dir/crypto/rsa_extra/rsa_crypt.c.obj
[helipilot:rw] [415/526] Building C object modules/ec/third_party/boringssl/build/CMakeFiles/crypto.dir/crypto/spx/address.c.obj
[helipilot:rw] [416/526] Building C object modules/ec/third_party/boringssl/build/CMakeFiles/crypto.dir/crypto/x509/a_digest.c.obj
[helipilot:rw] [417/526] Building C object modules/ec/third_party/boringssl/build/CMakeFiles/crypto.dir/crypto/thread_none.c.obj
[helipilot:rw] [418/526] Building C object modules/ec/third_party/boringssl/build/CMakeFiles/crypto.dir/crypto/thread_win.c.obj
[helipilot:rw] [419/526] Building C object modules/ec/third_party/boringssl/build/CMakeFiles/crypto.dir/crypto/stack/stack.c.obj
[helipilot:rw] [420/526] Building C object modules/ec/third_party/boringssl/build/CMakeFiles/crypto.dir/crypto/thread_pthread.c.obj
[/mnt/host/source/src/platform/ec/build/zephyr/anakin-lcov]   /mnt/host/source/src/platform/ec/build/zephyr/anakin/build-rw/zephyr/arch/arch/riscv/core/CMakeFiles/arch__riscv__core.dir/cpu_idle.c.gcno:no functions found
[/mnt/host/source/src/platform/ec/build/zephyr/anakin-lcov] stderr:
[matsu_it82000:rw] [27/376] Building C object CMakeFiles/app.dir/mnt/host/source/src/platform/ec/zephyr/subsys/pd_controller/pdc_pmc_debug.c.obj
[helipilot:rw] [421/526] Building C object modules/ec/third_party/boringssl/build/CMakeFiles/crypto.dir/crypto/trust_token/pmbtoken.c.obj
[helipilot:rw] [422/526] Building C object modules/ec/third_party/boringssl/build/CMakeFiles/crypto.dir/crypto/x509/i2d_pr.c.obj
[helipilot:rw] [423/526] Building C object modules/ec/third_party/boringssl/build/CMakeFiles/crypto.dir/crypto/trust_token/trust_token.c.obj
[helipilot:rw] [424/526] Building C object modules/ec/third_party/boringssl/build/CMakeFiles/crypto.dir/crypto/x509/a_sign.c.obj
[helipilot:rw] [425/526] Building C object modules/ec/third_party/boringssl/build/CMakeFiles/crypto.dir/crypto/trust_token/voprf.c.obj
[helipilot:rw] [426/526] Building C object modules/ec/third_party/boringssl/build/CMakeFiles/crypto.dir/crypto/x509/name_print.c.obj
[helipilot:rw] [427/526] Building C object modules/ec/third_party/boringssl/build/CMakeFiles/crypto.dir/crypto/x509/a_verify.c.obj
[helipilot:rw] [428/526] Building C object modules/ec/third_party/boringssl/build/CMakeFiles/crypto.dir/crypto/x509/algorithm.c.obj
[helipilot:rw] [429/526] Building C object modules/ec/third_party/boringssl/build/CMakeFiles/crypto.dir/crypto/x509/t_crl.c.obj
[helipilot:rw] [430/526] Building C object modules/ec/third_party/boringssl/build/CMakeFiles/crypto.dir/crypto/x509/asn1_gen.c.obj
[helipilot:rw] [431/526] Building C object modules/ec/third_party/boringssl/build/CMakeFiles/crypto.dir/crypto/x509/by_dir.c.obj
[helipilot:rw] [432/526] Building C object modules/ec/third_party/boringssl/build/CMakeFiles/crypto.dir/crypto/x509/by_file.c.obj
[helipilot:rw] [433/526] Building C object modules/ec/third_party/boringssl/build/CMakeFiles/crypto.dir/crypto/x509/rsa_pss.c.obj
[helipilot:rw] [434/526] Building C object modules/ec/third_party/boringssl/build/CMakeFiles/crypto.dir/crypto/x509/t_x509.c.obj
[helipilot:rw] [435/526] Building C object modules/ec/third_party/boringssl/build/CMakeFiles/crypto.dir/crypto/x509/policy.c.obj
[helipilot:rw] [436/526] Building C object modules/ec/third_party/boringssl/build/CMakeFiles/crypto.dir/crypto/x509/t_req.c.obj
[/mnt/host/source/src/platform/ec/build/zephyr/anakin-lcov]   /mnt/host/source/src/platform/ec/build/zephyr/anakin/build-rw/zephyr/arch/common/CMakeFiles/isr_tables.dir/isr_tables.c.gcno:no functions found
[/mnt/host/source/src/platform/ec/build/zephyr/anakin-lcov] stderr:
[helipilot:rw] [437/526] Building C object modules/ec/third_party/boringssl/build/CMakeFiles/crypto.dir/crypto/x509/v3_akey.c.obj
[helipilot:rw] [438/526] Building C object modules/ec/third_party/boringssl/build/CMakeFiles/crypto.dir/crypto/x509/t_x509a.c.obj
[helipilot:rw] [439/526] Building C object modules/ec/third_party/boringssl/build/CMakeFiles/crypto.dir/crypto/x509/v3_akeya.c.obj
[helipilot:rw] [440/526] Building C object modules/ec/third_party/boringssl/build/CMakeFiles/crypto.dir/crypto/x509/v3_alt.c.obj
[helipilot:rw] [441/526] Building C object modules/ec/third_party/boringssl/build/CMakeFiles/crypto.dir/crypto/x509/v3_bcons.c.obj
[helipilot:rw] [442/526] Building C object modules/ec/third_party/boringssl/build/CMakeFiles/crypto.dir/crypto/x509/v3_bitst.c.obj
[helipilot:rw] [443/526] Building C object modules/ec/third_party/boringssl/build/CMakeFiles/crypto.dir/crypto/x509/v3_int.c.obj
[helipilot:rw] [444/526] Building C object modules/ec/third_party/boringssl/build/CMakeFiles/crypto.dir/crypto/x509/v3_conf.c.obj
[helipilot:rw] [445/526] Building C object modules/ec/third_party/boringssl/build/CMakeFiles/crypto.dir/crypto/x509/v3_cpols.c.obj
[helipilot:rw] [446/526] Building C object modules/ec/third_party/boringssl/build/CMakeFiles/crypto.dir/crypto/x509/v3_genn.c.obj
[helipilot:rw] [447/526] Building C object modules/ec/third_party/boringssl/build/CMakeFiles/crypto.dir/crypto/x509/v3_extku.c.obj
[helipilot:rw] [448/526] Building C object modules/ec/third_party/boringssl/build/CMakeFiles/crypto.dir/crypto/x509/v3_enum.c.obj
[helipilot:rw] [449/526] Building C object modules/ec/third_party/boringssl/build/CMakeFiles/crypto.dir/crypto/x509/v3_crld.c.obj
[helipilot:rw] [450/526] Building C object modules/ec/third_party/boringssl/build/CMakeFiles/crypto.dir/crypto/x509/v3_ia5.c.obj
[helipilot:rw] [451/526] Building C object modules/ec/third_party/boringssl/build/CMakeFiles/crypto.dir/crypto/x509/v3_ocsp.c.obj
[matsu_it82000:rw] [28/376] Building C object CMakeFiles/app.dir/mnt/host/source/src/platform/ec/zephyr/subsys/pd_controller/pdc_power_mgmt.c.obj
[helipilot:rw] [452/526] Building C object modules/ec/third_party/boringssl/build/CMakeFiles/crypto.dir/crypto/x509/v3_info.c.obj
[helipilot:rw] [453/526] Building C object modules/ec/third_party/boringssl/build/CMakeFiles/crypto.dir/crypto/x509/v3_prn.c.obj
[helipilot:rw] [454/526] Building C object modules/ec/third_party/boringssl/build/CMakeFiles/crypto.dir/crypto/x509/v3_lib.c.obj
[helipilot:rw] [455/526] Building C object modules/ec/third_party/boringssl/build/CMakeFiles/crypto.dir/crypto/x509/x509.c.obj
[helipilot:rw] [456/526] Building C object modules/ec/third_party/boringssl/build/CMakeFiles/crypto.dir/crypto/x509/v3_ncons.c.obj
[helipilot:rw] [457/526] Building C object modules/ec/third_party/boringssl/build/CMakeFiles/crypto.dir/crypto/x509/x509_d2.c.obj
[helipilot:rw] [458/526] Building C object modules/ec/third_party/boringssl/build/CMakeFiles/crypto.dir/crypto/x509/v3_pmaps.c.obj
[helipilot:rw] [459/526] Building C object modules/ec/third_party/boringssl/build/CMakeFiles/crypto.dir/crypto/x509/x509_def.c.obj
[/mnt/host/source/src/platform/ec/build/zephyr/quartz-lcov]   /mnt/host/source/src/platform/ec/build/zephyr/quartz/build-ro/zephyr/CMakeFiles/zephyr.dir/subsys/shell/modules/kernel_service/kernel_shell.c.gcno:no functions found
[/mnt/host/source/src/platform/ec/build/zephyr/quartz-lcov] stderr:
[helipilot:rw] [460/526] Building C object modules/ec/third_party/boringssl/build/CMakeFiles/crypto.dir/crypto/x509/v3_pcons.c.obj
[helipilot:rw] [461/526] Building C object modules/ec/third_party/boringssl/build/CMakeFiles/crypto.dir/crypto/x509/v3_purp.c.obj
[helipilot:rw] [462/526] Building C object modules/ec/third_party/boringssl/build/CMakeFiles/crypto.dir/crypto/x509/v3_utl.c.obj
[helipilot:rw] [463/526] Building C object modules/ec/third_party/boringssl/build/CMakeFiles/crypto.dir/crypto/x509/x509_att.c.obj
[helipilot:rw] [464/526] Building C object modules/ec/third_party/boringssl/build/CMakeFiles/crypto.dir/crypto/x509/v3_skey.c.obj
[/mnt/host/source/src/platform/ec/build/zephyr/quartz-lcov]   /mnt/host/source/src/platform/ec/build/zephyr/quartz/build-ro/zephyr/CMakeFiles/zephyr.dir/lib/libc/validate_libc.c.gcno:no functions found
[/mnt/host/source/src/platform/ec/build/zephyr/quartz-lcov] stderr:
[helipilot:rw] [465/526] Building C object modules/ec/third_party/boringssl/build/CMakeFiles/crypto.dir/crypto/x509/x509_cmp.c.obj
[helipilot:rw] [466/526] Building C object modules/ec/third_party/boringssl/build/CMakeFiles/crypto.dir/crypto/x509/x509_txt.c.obj
[matsu_it82000:rw] [29/376] Building C object CMakeFiles/app.dir/mnt/host/source/src/platform/ec/zephyr/subsys/pd_controller/pdc_console.c.obj
[helipilot:rw] [467/526] Building C object modules/ec/third_party/boringssl/build/CMakeFiles/crypto.dir/crypto/x509/x509_lu.c.obj
[helipilot:rw] [468/526] Building C object modules/ec/third_party/boringssl/build/CMakeFiles/crypto.dir/crypto/x509/x509_ext.c.obj
[helipilot:rw] [469/526] Building C object modules/ec/third_party/boringssl/build/CMakeFiles/crypto.dir/crypto/x509/x509_obj.c.obj
[helipilot:rw] [470/526] Building C object modules/ec/third_party/boringssl/build/CMakeFiles/crypto.dir/crypto/x509/x509_set.c.obj
[helipilot:rw] [471/526] Building C object modules/ec/third_party/boringssl/build/CMakeFiles/crypto.dir/crypto/x509/x509_trs.c.obj
[helipilot:rw] [472/526] Building C object modules/ec/third_party/boringssl/build/CMakeFiles/crypto.dir/crypto/x509/x509spki.c.obj
[helipilot:rw] [473/526] Building C object modules/ec/third_party/boringssl/build/CMakeFiles/crypto.dir/crypto/x509/x509_req.c.obj
[helipilot:rw] [474/526] Building C object modules/ec/third_party/boringssl/build/CMakeFiles/crypto.dir/crypto/x509/x509_v3.c.obj
[helipilot:rw] [475/526] Building C object modules/ec/third_party/boringssl/build/CMakeFiles/crypto.dir/crypto/x509/x_algor.c.obj
[helipilot:rw] [476/526] Building C object modules/ec/third_party/boringssl/build/CMakeFiles/crypto.dir/crypto/x509/x509_vfy.c.obj
[helipilot:rw] [477/526] Building C object modules/ec/third_party/boringssl/build/CMakeFiles/crypto.dir/crypto/x509/x509_vpm.c.obj
[helipilot:rw] [478/526] Building C object modules/ec/third_party/boringssl/build/CMakeFiles/crypto.dir/crypto/x509/x509cset.c.obj
[helipilot:rw] [479/526] Building C object modules/ec/third_party/boringssl/build/CMakeFiles/crypto.dir/crypto/x509/x509name.c.obj
[matsu_it82000:rw] [30/376] Building C object CMakeFiles/app.dir/mnt/host/source/src/platform/ec/zephyr/subsys/pd_controller/pdc_host_cmd.c.obj
[helipilot:rw] [480/526] Building C object modules/ec/third_party/boringssl/build/CMakeFiles/crypto.dir/crypto/x509/x509rset.c.obj
[/mnt/host/source/src/platform/ec/build/zephyr/quartz-lcov]   /mnt/host/source/src/platform/ec/build/zephyr/quartz/build-ro/zephyr/CMakeFiles/zephyr.dir/lib/utils/last_section_id.c.gcno:no functions found
[/mnt/host/source/src/platform/ec/build/zephyr/quartz-lcov] stderr:
[helipilot:rw] [481/526] Building C object modules/ec/third_party/boringssl/build/CMakeFiles/crypto.dir/crypto/x509/x_sig.c.obj
[helipilot:rw] [482/526] Building C object modules/ec/third_party/boringssl/build/CMakeFiles/crypto.dir/crypto/x509/x_attrib.c.obj
[helipilot:rw] [483/526] Building C object modules/ec/third_party/boringssl/build/CMakeFiles/crypto.dir/crypto/x509/x_exten.c.obj
[helipilot:rw] [484/526] Building C object modules/ec/third_party/boringssl/build/CMakeFiles/crypto.dir/crypto/x509/x_all.c.obj
[helipilot:rw] [485/526] Building C object modules/ec/third_party/boringssl/build/CMakeFiles/crypto.dir/crypto/x509/x_pubkey.c.obj
[helipilot:rw] [486/526] Building C object modules/ec/third_party/boringssl/build/CMakeFiles/crypto.dir/gen/crypto/err_data.c.obj
[helipilot:rw] [487/526] Building C object modules/ec/third_party/boringssl/build/CMakeFiles/crypto.dir/crypto/x509/x_name.c.obj
[helipilot:rw] [488/526] Building C object modules/ec/third_party/boringssl/build/CMakeFiles/crypto.dir/crypto/x509/x_crl.c.obj
[helipilot:rw] [489/526] Building C object modules/ec/third_party/boringssl/build/CMakeFiles/crypto.dir/crypto/x509/x_req.c.obj
[/mnt/host/source/src/platform/ec/build/zephyr/anakin-lcov]   /mnt/host/source/src/platform/ec/build/zephyr/anakin/build-rw/zephyr/CMakeFiles/zephyr.dir/subsys/shell/modules/kernel_service/kernel_shell.c.gcno:no functions found
[/mnt/host/source/src/platform/ec/build/zephyr/anakin-lcov] stderr:
[helipilot:rw] [490/526] Building C object modules/ec/third_party/boringssl/build/CMakeFiles/crypto.dir/crypto/x509/x_spki.c.obj
[matsu_it82000:rw] [31/376] Building C object CMakeFiles/app.dir/mnt/host/source/src/platform/ec/zephyr/subsys/pd_controller/pdc_stub.c.obj
[/mnt/host/source/src/platform/ec/build/zephyr/veluza-lcov]   /mnt/host/source/src/platform/ec/build/zephyr/veluza/build-ro/zephyr/CMakeFiles/zephyr.dir/soc/ite/ec/it8xxx2/check_regs.c.gcno:no functions found
[/mnt/host/source/src/platform/ec/build/zephyr/veluza-lcov] stderr:
[/mnt/host/source/src/platform/ec/build/zephyr/kanix-lcov]   /mnt/host/source/src/platform/ec/build/zephyr/kanix/build-ro/zephyr/drivers/sensor/CMakeFiles/drivers__sensor.dir/mnt/host/source/src/third_party/zephyr/main/misc/empty_file.c.gcno:no functions found
[/mnt/host/source/src/platform/ec/build/zephyr/kanix-lcov] stderr:
[helipilot:rw] [491/526] Building C object modules/ec/third_party/boringssl/build/CMakeFiles/crypto.dir/crypto/x509/x_val.c.obj
[helipilot:rw] [492/526] Building C object modules/ec/third_party/boringssl/build/CMakeFiles/crypto.dir/crypto/x509/x_x509.c.obj
[/mnt/host/source/src/platform/ec/build/zephyr/anakin-lcov]   /mnt/host/source/src/platform/ec/build/zephyr/anakin/build-rw/zephyr/CMakeFiles/zephyr.dir/lib/libc/validate_libc.c.gcno:no functions found
[/mnt/host/source/src/platform/ec/build/zephyr/anakin-lcov] stderr:
[helipilot:rw] [493/526] Building C object zephyr/kernel/CMakeFiles/kernel.dir/main_weak.c.obj
[/mnt/host/source/src/platform/ec/build/zephyr/kanix-lcov]   /mnt/host/source/src/platform/ec/build/zephyr/kanix/build-rw/modules/ec/zephyr/CMakeFiles/ec_shim.dir/shim/src/anx7452_usb_mux.c.gcno:no functions found
[/mnt/host/source/src/platform/ec/build/zephyr/kanix-lcov] stderr:
[helipilot:rw] [494/526] Building C object zephyr/kernel/CMakeFiles/kernel.dir/busy_wait.c.obj
[helipilot:rw] [495/526] Building C object zephyr/kernel/CMakeFiles/kernel.dir/device.c.obj
[helipilot:rw] [496/526] Building C object modules/ec/third_party/boringssl/build/CMakeFiles/crypto.dir/crypto/x509/x_x509a.c.obj
[helipilot:rw] [497/526] Building C object zephyr/kernel/CMakeFiles/kernel.dir/errno.c.obj
[helipilot:rw] [498/526] Building C object zephyr/kernel/CMakeFiles/kernel.dir/banner.c.obj
[helipilot:rw] [499/526] Building C object zephyr/kernel/CMakeFiles/kernel.dir/fatal.c.obj
[/mnt/host/source/src/platform/ec/build/zephyr/veluza-lcov]   /mnt/host/source/src/platform/ec/build/zephyr/veluza/build-rw/modules/ec/zephyr/CMakeFiles/ec_shim.dir/shim/src/power.c.gcno:no functions found
[/mnt/host/source/src/platform/ec/build/zephyr/veluza-lcov] stderr:
[helipilot:rw] [500/526] Building C object zephyr/kernel/CMakeFiles/kernel.dir/version.c.obj
[/mnt/host/source/src/platform/ec/build/zephyr/veluza-lcov]   /mnt/host/source/src/platform/ec/build/zephyr/veluza/build-rw/modules/ec/zephyr/CMakeFiles/ec_shim.dir/shim/src/thermal.c.gcno:no functions found
[/mnt/host/source/src/platform/ec/build/zephyr/veluza-lcov] stderr:
[helipilot:rw] [501/526] Building C object zephyr/kernel/CMakeFiles/kernel.dir/init.c.obj
[/mnt/host/source/src/platform/ec/build/zephyr/kanix-lcov]   /mnt/host/source/src/platform/ec/build/zephyr/kanix/build-rw/modules/ec/zephyr/CMakeFiles/ec_shim.dir/shim/src/thermal.c.gcno:no functions found
[/mnt/host/source/src/platform/ec/build/zephyr/kanix-lcov] stderr:
[helipilot:rw] [502/526] Building C object zephyr/kernel/CMakeFiles/kernel.dir/kheap.c.obj
[helipilot:rw] [503/526] Linking C static library modules/ec/third_party/boringssl/build/libcrypto.a
[helipilot:rw] [504/526] Linking C static library zephyr/libzephyr.a
[helipilot:rw] [505/526] Building C object zephyr/kernel/CMakeFiles/kernel.dir/float.c.obj
[helipilot:rw] [506/526] Building C object zephyr/kernel/CMakeFiles/kernel.dir/mem_slab.c.obj
[/mnt/host/source/src/platform/ec/build/zephyr/veluza-lcov]   /mnt/host/source/src/platform/ec/build/zephyr/veluza/build-rw/modules/ec/zephyr/CMakeFiles/ec_shim.dir/shim/src/battery.c.gcno:no functions found
[/mnt/host/source/src/platform/ec/build/zephyr/veluza-lcov] stderr:
[/mnt/host/source/src/platform/ec/build/zephyr/veluza-lcov]   /mnt/host/source/src/platform/ec/build/zephyr/veluza/build-rw/modules/ec/zephyr/CMakeFiles/ec_shim.dir/shim/src/charger.c.gcno:no functions found
[/mnt/host/source/src/platform/ec/build/zephyr/veluza-lcov] stderr:
[/mnt/host/source/src/platform/ec/build/zephyr/kanix-lcov]   /mnt/host/source/src/platform/ec/build/zephyr/kanix/build-rw/modules/ec/zephyr/CMakeFiles/ec_shim.dir/shim/src/battery.c.gcno:no functions found
[/mnt/host/source/src/platform/ec/build/zephyr/kanix-lcov] stderr:
[helipilot:rw] [507/526] Building C object zephyr/kernel/CMakeFiles/kernel.dir/idle.c.obj
[matsu_it82000:rw] [32/376] Building C object CMakeFiles/app.dir/mnt/host/source/src/platform/ec/zephyr/subsys/pd_controller/pdc_dpm.c.obj
[/mnt/host/source/src/platform/ec/build/zephyr/veluza-lcov]   /mnt/host/source/src/platform/ec/build/zephyr/veluza/build-rw/modules/ec/zephyr/CMakeFiles/ec_shim.dir/shim/src/usb_muxes.c.gcno:no functions found
[/mnt/host/source/src/platform/ec/build/zephyr/veluza-lcov] stderr:
[/mnt/host/source/src/platform/ec/build/zephyr/kanix-lcov]   /mnt/host/source/src/platform/ec/build/zephyr/kanix/build-rw/modules/ec/zephyr/CMakeFiles/ec_shim.dir/shim/src/charger.c.gcno:no functions found
[helipilot:rw] [508/526] Building C object zephyr/kernel/CMakeFiles/kernel.dir/mailbox.c.obj
[/mnt/host/source/src/platform/ec/build/zephyr/kanix-lcov] stderr:
[helipilot:rw] [509/526] Building C object zephyr/kernel/CMakeFiles/kernel.dir/msg_q.c.obj
[helipilot:rw] [510/526] Building C object zephyr/kernel/CMakeFiles/kernel.dir/mutex.c.obj
[helipilot:rw] [511/526] Building C object zephyr/kernel/CMakeFiles/kernel.dir/queue.c.obj
[helipilot:rw] [512/526] Building C object zephyr/kernel/CMakeFiles/kernel.dir/sem.c.obj
[helipilot:rw] [513/526] Building C object zephyr/kernel/CMakeFiles/kernel.dir/stack.c.obj
[helipilot:rw] [514/526] Building C object zephyr/kernel/CMakeFiles/kernel.dir/system_work_q.c.obj
[/mnt/host/source/src/platform/ec/build/zephyr/anakin-lcov]   /mnt/host/source/src/platform/ec/build/zephyr/anakin/build-rw/zephyr/CMakeFiles/zephyr.dir/lib/utils/last_section_id.c.gcno:no functions found
[/mnt/host/source/src/platform/ec/build/zephyr/anakin-lcov] stderr:
[helipilot:rw] [515/526] Building C object zephyr/kernel/CMakeFiles/kernel.dir/work.c.obj
[helipilot:rw] [516/526] Building C object zephyr/kernel/CMakeFiles/kernel.dir/condvar.c.obj
[helipilot:rw] [517/526] Building C object zephyr/kernel/CMakeFiles/kernel.dir/thread.c.obj
[matsu_it82000:ro] Building: /usr/bin/ninja -C /mnt/host/source/src/platform/ec/build/zephyr/matsu_it82000/build-ro all.libraries
Running `env -i SHELL=/bin/bash COLORTERM=truecolor DEPOT_TOOLS_UPDATE=0 LESS='-R -M --shift 5' SUDO_GID=0 JDK_HOME=/etc/java-config-2/current-system-vm CONFIG_PROTECT_MASK='/etc/gentoo-release /etc/sandbox.d /etc/fonts/fonts.conf /etc/terminfo /etc/ca-certificates.conf /etc/revdep-rebuild' CHROMEOS_CACHEDIR=/var/cache/chromeos-cache JAVA_HOME=/etc/java-config-2/current-system-vm SSH_AUTH_SOCK=/tmp/ssh-auth-sock SUDO_COMMAND=/bin/bash SUDO_USER=root SUDO_TTY=/dev/pts/2 EDITOR=/usr/bin/vi PWD=/mnt/host/source/src/platform/ec CONFIG_PROTECT=/usr/share/gnupg/qualified.txt LOGNAME=jpmurphy MANPATH=/etc/java-config-2/current-system-vm/man:/usr/local/share/man:/usr/share/man:/usr/share/gcc-data/x86_64-pc-linux-gnu/10.2.0/man:/usr/share/binutils-data/x86_64-pc-linux-gnu/2.45/man:/etc/java-config-2/current-system-vm/man/ SUDO_HOME=/root XAUTHORITY=/run/user/944457/gdm/Xauthority HOME=/home/jpmurphy LANG=C.UTF-8 LS_COLORS='rs=0:di=01;34:ln=01;36:mh=00:pi=40;33:so=01;35:do=01;35:bd=40;33;01:cd=40;33;01:or=01;05;37;41:mi=01;05;37;41:su=37;41:sg=30;43:ca=30;41:tw=30;42:ow=34;42:st=37;44:ex=01;32:*.tar=01;31:*.tgz=01;31:*.arc=01;31:*.arj=01;31:*.taz=01;31:*.lha=01;31:*.lz4=01;31:*.lzh=01;31:*.lzma=01;31:*.tlz=01;31:*.txz=01;31:*.tzo=01;31:*.t7z=01;31:*.zip=01;31:*.z=01;31:*.dz=01;31:*.gz=01;31:*.lrz=01;31:*.lz=01;31:*.lzo=01;31:*.xz=01;31:*.zst=01;31:*.tzst=01;31:*.bz2=01;31:*.bz=01;31:*.tbz=01;31:*.tbz2=01;31:*.tz=01;31:*.deb=01;31:*.rpm=01;31:*.jar=01;31:*.war=01;31:*.ear=01;31:*.sar=01;31:*.rar=01;31:*.alz=01;31:*.ace=01;31:*.zoo=01;31:*.cpio=01;31:*.7z=01;31:*.rz=01;31:*.cab=01;31:*.wim=01;31:*.swm=01;31:*.dwm=01;31:*.esd=01;31:*.jpg=01;35:*.jpeg=01;35:*.mjpg=01;35:*.mjpeg=01;35:*.gif=01;35:*.bmp=01;35:*.pbm=01;35:*.pgm=01;35:*.ppm=01;35:*.tga=01;35:*.xbm=01;35:*.xpm=01;35:*.tif=01;35:*.tiff=01;35:*.png=01;35:*.svg=01;35:*.svgz=01;35:*.mng=01;35:*.pcx=01;35:*.mov=01;35:*.mpg=01;35:*.mpeg=01;35:*.m2v=01;35:*.mkv=01;35:*.webm=01;35:*.webp=01;35:*.ogm=01;35:*.mp4=01;35:*.m4v=01;35:*.mp4v=01;35:*.vob=01;35:*.qt=01;35:*.nuv=01;35:*.wmv=01;35:*.asf=01;35:*.rm=01;35:*.rmvb=01;35:*.flc=01;35:*.avi=01;35:*.fli=01;35:*.flv=01;35:*.gl=01;35:*.dl=01;35:*.xcf=01;35:*.xwd=01;35:*.yuv=01;35:*.cgm=01;35:*.emf=01;35:*.ogv=01;35:*.ogx=01;35:*.cfg=00;32:*.conf=00;32:*.diff=00;32:*.doc=00;32:*.ini=00;32:*.log=00;32:*.patch=00;32:*.pdf=00;32:*.ps=00;32:*.tex=00;32:*.txt=00;32:*.aac=00;36:*.au=00;36:*.flac=00;36:*.m4a=00;36:*.mid=00;36:*.midi=00;36:*.mka=00;36:*.mp3=00;36:*.mpc=00;36:*.ogg=00;36:*.ra=00;36:*.wav=00;36:*.oga=00;36:*.opus=00;36:*.spx=00;36:*.xspf=00;36:' XDG_CURRENT_DESKTOP=GNOME INFOPATH=/usr/share/info:/usr/share/gcc-data/x86_64-pc-linux-gnu/10.2.0/info:/usr/share/binutils-data/x86_64-pc-linux-gnu/2.45/info:/usr/share/automake-1.16.5/info JAVAC=/etc/java-config-2/current-system-vm/bin/javac TERM=xterm-256color LESSOPEN='|lesspipe %s' USER=jpmurphy CROS_WORKON_SRCROOT=/mnt/host/source MANPAGER=manpager DISPLAY=:1 SHLVL=1 LC_MESSAGES=C EXTERNAL_TRUNK_PATH=/mnt/8f9d649a-3721-44cc-93c0-e6bd21a9689f/chromiumos GCC_SPECS='' PATH=/mnt/host/source/chromite/bin:/usr/local/bin:/usr/bin:/bin:/opt/bin:/mnt/host/source/chromite/sdk/bin:/mnt/host/source/chromite/bin PORTAGE_USERNAME=jpmurphy SUDO_UID=0 GCC_VER=10.2.0 MAIL=/var/mail/jpmurphy OLDPWD=/mnt/host/source/src/scripts traceparent=00-e87aca51550a78635907baa6a2476181-6d684811675d2973-01 _=./zephyr/firmware_builder.py COREBOOT_SDK_ROOT_x86=/home/jpmurphy/.cache/coreboot-sdk/i386-elf/dfbb0486385d938cfa9d73080b9d18d598ed4f49 COREBOOT_SDK_ROOT_picolibc_x86=/home/jpmurphy/.cache/coreboot-sdk/picolibc-i386-elf/eb8e8e687b95461de8cbf278f1c2076952d0ad17 COREBOOT_SDK_ROOT_riscv64=/home/jpmurphy/.cache/coreboot-sdk/riscv64-elf/96b949749225b6aaa92ed810ab769e8dfb12f000 COREBOOT_SDK_ROOT_picolibc_arm=/home/jpmurphy/.cache/coreboot-sdk/picolibc-arm-eabi/422a2aa3e1ef891b5bece9a3deb696ff83840d2e COREBOOT_SDK_ROOT_nds32=/home/jpmurphy/.cache/coreboot-sdk/nds32le-elf/d1a518c4a097666d86058e1444f85ca015d15511 COREBOOT_SDK_ROOT_picolibc_riscv64=/home/jpmurphy/.cache/coreboot-sdk/picolibc-riscv64-elf/f571e990ef0278564b31124f8bb109d9a697eb69 COREBOOT_SDK_ROOT_arm=/home/jpmurphy/.cache/coreboot-sdk/arm-eabi/ea40ddd1d190c3b48435c474c0b545719371813a COREBOOT_SDK_ROOT_libstdcxx_riscv64=/home/jpmurphy/.cache/coreboot-sdk/libstdcxx-riscv64-elf/17abf22a3a252e2d5d2062ced5324f7a623689e0 COREBOOT_SDK_ROOT_libstdcxx_arm=/home/jpmurphy/.cache/coreboot-sdk/libstdcxx-arm-eabi/5d7d82e150e44aa1968f1d366e267e6687b328ac COREBOOT_SDK_ROOT_riscv=/home/jpmurphy/.cache/coreboot-sdk/riscv-elf/9a27b9e82341c6e9126624f516ab3f261abb3e73 COREBOOT_SDK_ROOT_libstdcxx_x86=/home/jpmurphy/.cache/coreboot-sdk/libstdcxx-i386-elf/42ef9d2e87a76a37963175d7d428734e65648b87 PYTHONPATH=/mnt/host/source/src/platform/ec/zephyr/zmake PW_PIGWEED_CIPD_INSTALL_DIR=/usr CROSTC_USER_ACKNOWLEDGES_THAT_RISCV_IS_EXPERIMENTAL=1 MAKEFLAGS=' -j16 --jobserver-auth=5,6' /usr/bin/ninja -C /mnt/host/source/src/platform/ec/build/zephyr/matsu_it82000/build-ro all.libraries`
[helipilot:rw] [518/526] Building C object zephyr/kernel/CMakeFiles/kernel.dir/timer.c.obj
[helipilot:rw] [519/526] Building C object zephyr/kernel/CMakeFiles/kernel.dir/sched.c.obj
[matsu_it82000:ro] ninja: Entering directory `/mnt/host/source/src/platform/ec/build/zephyr/matsu_it82000/build-ro'
[helipilot:rw] [520/526] Building C object zephyr/kernel/CMakeFiles/kernel.dir/pipe.c.obj
[rex-ish-ec:ro] Building: /usr/bin/ninja -C /mnt/host/source/src/platform/ec/build/zephyr/rex-ish-ec/build-ro all.libraries
Running `env -i SHELL=/bin/bash COLORTERM=truecolor DEPOT_TOOLS_UPDATE=0 LESS='-R -M --shift 5' SUDO_GID=0 JDK_HOME=/etc/java-config-2/current-system-vm CONFIG_PROTECT_MASK='/etc/gentoo-release /etc/sandbox.d /etc/fonts/fonts.conf /etc/terminfo /etc/ca-certificates.conf /etc/revdep-rebuild' CHROMEOS_CACHEDIR=/var/cache/chromeos-cache JAVA_HOME=/etc/java-config-2/current-system-vm SSH_AUTH_SOCK=/tmp/ssh-auth-sock SUDO_COMMAND=/bin/bash SUDO_USER=root SUDO_TTY=/dev/pts/2 EDITOR=/usr/bin/vi PWD=/mnt/host/source/src/platform/ec CONFIG_PROTECT=/usr/share/gnupg/qualified.txt LOGNAME=jpmurphy MANPATH=/etc/java-config-2/current-system-vm/man:/usr/local/share/man:/usr/share/man:/usr/share/gcc-data/x86_64-pc-linux-gnu/10.2.0/man:/usr/share/binutils-data/x86_64-pc-linux-gnu/2.45/man:/etc/java-config-2/current-system-vm/man/ SUDO_HOME=/root XAUTHORITY=/run/user/944457/gdm/Xauthority HOME=/home/jpmurphy LANG=C.UTF-8 LS_COLORS='rs=0:di=01;34:ln=01;36:mh=00:pi=40;33:so=01;35:do=01;35:bd=40;33;01:cd=40;33;01:or=01;05;37;41:mi=01;05;37;41:su=37;41:sg=30;43:ca=30;41:tw=30;42:ow=34;42:st=37;44:ex=01;32:*.tar=01;31:*.tgz=01;31:*.arc=01;31:*.arj=01;31:*.taz=01;31:*.lha=01;31:*.lz4=01;31:*.lzh=01;31:*.lzma=01;31:*.tlz=01;31:*.txz=01;31:*.tzo=01;31:*.t7z=01;31:*.zip=01;31:*.z=01;31:*.dz=01;31:*.gz=01;31:*.lrz=01;31:*.lz=01;31:*.lzo=01;31:*.xz=01;31:*.zst=01;31:*.tzst=01;31:*.bz2=01;31:*.bz=01;31:*.tbz=01;31:*.tbz2=01;31:*.tz=01;31:*.deb=01;31:*.rpm=01;31:*.jar=01;31:*.war=01;31:*.ear=01;31:*.sar=01;31:*.rar=01;31:*.alz=01;31:*.ace=01;31:*.zoo=01;31:*.cpio=01;31:*.7z=01;31:*.rz=01;31:*.cab=01;31:*.wim=01;31:*.swm=01;31:*.dwm=01;31:*.esd=01;31:*.jpg=01;35:*.jpeg=01;35:*.mjpg=01;35:*.mjpeg=01;35:*.gif=01;35:*.bmp=01;35:*.pbm=01;35:*.pgm=01;35:*.ppm=01;35:*.tga=01;35:*.xbm=01;35:*.xpm=01;35:*.tif=01;35:*.tiff=01;35:*.png=01;35:*.svg=01;35:*.svgz=01;35:*.mng=01;35:*.pcx=01;35:*.mov=01;35:*.mpg=01;35:*.mpeg=01;35:*.m2v=01;35:*.mkv=01;35:*.webm=01;35:*.webp=01;35:*.ogm=01;35:*.mp4=01;35:*.m4v=01;35:*.mp4v=01;35:*.vob=01;35:*.qt=01;35:*.nuv=01;35:*.wmv=01;35:*.asf=01;35:*.rm=01;35:*.rmvb=01;35:*.flc=01;35:*.avi=01;35:*.fli=01;35:*.flv=01;35:*.gl=01;35:*.dl=01;35:*.xcf=01;35:*.xwd=01;35:*.yuv=01;35:*.cgm=01;35:*.emf=01;35:*.ogv=01;35:*.ogx=01;35:*.cfg=00;32:*.conf=00;32:*.diff=00;32:*.doc=00;32:*.ini=00;32:*.log=00;32:*.patch=00;32:*.pdf=00;32:*.ps=00;32:*.tex=00;32:*.txt=00;32:*.aac=00;36:*.au=00;36:*.flac=00;36:*.m4a=00;36:*.mid=00;36:*.midi=00;36:*.mka=00;36:*.mp3=00;36:*.mpc=00;36:*.ogg=00;36:*.ra=00;36:*.wav=00;36:*.oga=00;36:*.opus=00;36:*.spx=00;36:*.xspf=00;36:' XDG_CURRENT_DESKTOP=GNOME INFOPATH=/usr/share/info:/usr/share/gcc-data/x86_64-pc-linux-gnu/10.2.0/info:/usr/share/binutils-data/x86_64-pc-linux-gnu/2.45/info:/usr/share/automake-1.16.5/info JAVAC=/etc/java-config-2/current-system-vm/bin/javac TERM=xterm-256color LESSOPEN='|lesspipe %s' USER=jpmurphy CROS_WORKON_SRCROOT=/mnt/host/source MANPAGER=manpager DISPLAY=:1 SHLVL=1 LC_MESSAGES=C EXTERNAL_TRUNK_PATH=/mnt/8f9d649a-3721-44cc-93c0-e6bd21a9689f/chromiumos GCC_SPECS='' PATH=/mnt/host/source/chromite/bin:/usr/local/bin:/usr/bin:/bin:/opt/bin:/mnt/host/source/chromite/sdk/bin:/mnt/host/source/chromite/bin PORTAGE_USERNAME=jpmurphy SUDO_UID=0 GCC_VER=10.2.0 MAIL=/var/mail/jpmurphy OLDPWD=/mnt/host/source/src/scripts traceparent=00-e87aca51550a78635907baa6a2476181-6d684811675d2973-01 _=./zephyr/firmware_builder.py COREBOOT_SDK_ROOT_x86=/home/jpmurphy/.cache/coreboot-sdk/i386-elf/dfbb0486385d938cfa9d73080b9d18d598ed4f49 COREBOOT_SDK_ROOT_picolibc_x86=/home/jpmurphy/.cache/coreboot-sdk/picolibc-i386-elf/eb8e8e687b95461de8cbf278f1c2076952d0ad17 COREBOOT_SDK_ROOT_riscv64=/home/jpmurphy/.cache/coreboot-sdk/riscv64-elf/96b949749225b6aaa92ed810ab769e8dfb12f000 COREBOOT_SDK_ROOT_picolibc_arm=/home/jpmurphy/.cache/coreboot-sdk/picolibc-arm-eabi/422a2aa3e1ef891b5bece9a3deb696ff83840d2e COREBOOT_SDK_ROOT_nds32=/home/jpmurphy/.cache/coreboot-sdk/nds32le-elf/d1a518c4a097666d86058e1444f85ca015d15511 COREBOOT_SDK_ROOT_picolibc_riscv64=/home/jpmurphy/.cache/coreboot-sdk/picolibc-riscv64-elf/f571e990ef0278564b31124f8bb109d9a697eb69 COREBOOT_SDK_ROOT_arm=/home/jpmurphy/.cache/coreboot-sdk/arm-eabi/ea40ddd1d190c3b48435c474c0b545719371813a COREBOOT_SDK_ROOT_libstdcxx_riscv64=/home/jpmurphy/.cache/coreboot-sdk/libstdcxx-riscv64-elf/17abf22a3a252e2d5d2062ced5324f7a623689e0 COREBOOT_SDK_ROOT_libstdcxx_arm=/home/jpmurphy/.cache/coreboot-sdk/libstdcxx-arm-eabi/5d7d82e150e44aa1968f1d366e267e6687b328ac COREBOOT_SDK_ROOT_riscv=/home/jpmurphy/.cache/coreboot-sdk/riscv-elf/9a27b9e82341c6e9126624f516ab3f261abb3e73 COREBOOT_SDK_ROOT_libstdcxx_x86=/home/jpmurphy/.cache/coreboot-sdk/libstdcxx-i386-elf/42ef9d2e87a76a37963175d7d428734e65648b87 PYTHONPATH=/mnt/host/source/src/platform/ec/zephyr/zmake PW_PIGWEED_CIPD_INSTALL_DIR=/usr CROSTC_USER_ACKNOWLEDGES_THAT_RISCV_IS_EXPERIMENTAL=1 MAKEFLAGS=' -j16 --jobserver-auth=5,6' /usr/bin/ninja -C /mnt/host/source/src/platform/ec/build/zephyr/rex-ish-ec/build-ro all.libraries`
[helipilot:rw] [521/526] Building C object zephyr/kernel/CMakeFiles/kernel.dir/poll.c.obj
[rex-ish-ec:ro] ninja: Entering directory `/mnt/host/source/src/platform/ec/build/zephyr/rex-ish-ec/build-ro'
[rex-ish-ec:rw] Building: /usr/bin/ninja -C /mnt/host/source/src/platform/ec/build/zephyr/rex-ish-ec/build-rw all.libraries
Running `env -i SHELL=/bin/bash COLORTERM=truecolor DEPOT_TOOLS_UPDATE=0 LESS='-R -M --shift 5' SUDO_GID=0 JDK_HOME=/etc/java-config-2/current-system-vm CONFIG_PROTECT_MASK='/etc/gentoo-release /etc/sandbox.d /etc/fonts/fonts.conf /etc/terminfo /etc/ca-certificates.conf /etc/revdep-rebuild' CHROMEOS_CACHEDIR=/var/cache/chromeos-cache JAVA_HOME=/etc/java-config-2/current-system-vm SSH_AUTH_SOCK=/tmp/ssh-auth-sock SUDO_COMMAND=/bin/bash SUDO_USER=root SUDO_TTY=/dev/pts/2 EDITOR=/usr/bin/vi PWD=/mnt/host/source/src/platform/ec CONFIG_PROTECT=/usr/share/gnupg/qualified.txt LOGNAME=jpmurphy MANPATH=/etc/java-config-2/current-system-vm/man:/usr/local/share/man:/usr/share/man:/usr/share/gcc-data/x86_64-pc-linux-gnu/10.2.0/man:/usr/share/binutils-data/x86_64-pc-linux-gnu/2.45/man:/etc/java-config-2/current-system-vm/man/ SUDO_HOME=/root XAUTHORITY=/run/user/944457/gdm/Xauthority HOME=/home/jpmurphy LANG=C.UTF-8 LS_COLORS='rs=0:di=01;34:ln=01;36:mh=00:pi=40;33:so=01;35:do=01;35:bd=40;33;01:cd=40;33;01:or=01;05;37;41:mi=01;05;37;41:su=37;41:sg=30;43:ca=30;41:tw=30;42:ow=34;42:st=37;44:ex=01;32:*.tar=01;31:*.tgz=01;31:*.arc=01;31:*.arj=01;31:*.taz=01;31:*.lha=01;31:*.lz4=01;31:*.lzh=01;31:*.lzma=01;31:*.tlz=01;31:*.txz=01;31:*.tzo=01;31:*.t7z=01;31:*.zip=01;31:*.z=01;31:*.dz=01;31:*.gz=01;31:*.lrz=01;31:*.lz=01;31:*.lzo=01;31:*.xz=01;31:*.zst=01;31:*.tzst=01;31:*.bz2=01;31:*.bz=01;31:*.tbz=01;31:*.tbz2=01;31:*.tz=01;31:*.deb=01;31:*.rpm=01;31:*.jar=01;31:*.war=01;31:*.ear=01;31:*.sar=01;31:*.rar=01;31:*.alz=01;31:*.ace=01;31:*.zoo=01;31:*.cpio=01;31:*.7z=01;31:*.rz=01;31:*.cab=01;31:*.wim=01;31:*.swm=01;31:*.dwm=01;31:*.esd=01;31:*.jpg=01;35:*.jpeg=01;35:*.mjpg=01;35:*.mjpeg=01;35:*.gif=01;35:*.bmp=01;35:*.pbm=01;35:*.pgm=01;35:*.ppm=01;35:*.tga=01;35:*.xbm=01;35:*.xpm=01;35:*.tif=01;35:*.tiff=01;35:*.png=01;35:*.svg=01;35:*.svgz=01;35:*.mng=01;35:*.pcx=01;35:*.mov=01;35:*.mpg=01;35:*.mpeg=01;35:*.m2v=01;35:*.mkv=01;35:*.webm=01;35:*.webp=01;35:*.ogm=01;35:*.mp4=01;35:*.m4v=01;35:*.mp4v=01;35:*.vob=01;35:*.qt=01;35:*.nuv=01;35:*.wmv=01;35:*.asf=01;35:*.rm=01;35:*.rmvb=01;35:*.flc=01;35:*.avi=01;35:*.fli=01;35:*.flv=01;35:*.gl=01;35:*.dl=01;35:*.xcf=01;35:*.xwd=01;35:*.yuv=01;35:*.cgm=01;35:*.emf=01;35:*.ogv=01;35:*.ogx=01;35:*.cfg=00;32:*.conf=00;32:*.diff=00;32:*.doc=00;32:*.ini=00;32:*.log=00;32:*.patch=00;32:*.pdf=00;32:*.ps=00;32:*.tex=00;32:*.txt=00;32:*.aac=00;36:*.au=00;36:*.flac=00;36:*.m4a=00;36:*.mid=00;36:*.midi=00;36:*.mka=00;36:*.mp3=00;36:*.mpc=00;36:*.ogg=00;36:*.ra=00;36:*.wav=00;36:*.oga=00;36:*.opus=00;36:*.spx=00;36:*.xspf=00;36:' XDG_CURRENT_DESKTOP=GNOME INFOPATH=/usr/share/info:/usr/share/gcc-data/x86_64-pc-linux-gnu/10.2.0/info:/usr/share/binutils-data/x86_64-pc-linux-gnu/2.45/info:/usr/share/automake-1.16.5/info JAVAC=/etc/java-config-2/current-system-vm/bin/javac TERM=xterm-256color LESSOPEN='|lesspipe %s' USER=jpmurphy CROS_WORKON_SRCROOT=/mnt/host/source MANPAGER=manpager DISPLAY=:1 SHLVL=1 LC_MESSAGES=C EXTERNAL_TRUNK_PATH=/mnt/8f9d649a-3721-44cc-93c0-e6bd21a9689f/chromiumos GCC_SPECS='' PATH=/mnt/host/source/chromite/bin:/usr/local/bin:/usr/bin:/bin:/opt/bin:/mnt/host/source/chromite/sdk/bin:/mnt/host/source/chromite/bin PORTAGE_USERNAME=jpmurphy SUDO_UID=0 GCC_VER=10.2.0 MAIL=/var/mail/jpmurphy OLDPWD=/mnt/host/source/src/scripts traceparent=00-e87aca51550a78635907baa6a2476181-6d684811675d2973-01 _=./zephyr/firmware_builder.py COREBOOT_SDK_ROOT_x86=/home/jpmurphy/.cache/coreboot-sdk/i386-elf/dfbb0486385d938cfa9d73080b9d18d598ed4f49 COREBOOT_SDK_ROOT_picolibc_x86=/home/jpmurphy/.cache/coreboot-sdk/picolibc-i386-elf/eb8e8e687b95461de8cbf278f1c2076952d0ad17 COREBOOT_SDK_ROOT_riscv64=/home/jpmurphy/.cache/coreboot-sdk/riscv64-elf/96b949749225b6aaa92ed810ab769e8dfb12f000 COREBOOT_SDK_ROOT_picolibc_arm=/home/jpmurphy/.cache/coreboot-sdk/picolibc-arm-eabi/422a2aa3e1ef891b5bece9a3deb696ff83840d2e COREBOOT_SDK_ROOT_nds32=/home/jpmurphy/.cache/coreboot-sdk/nds32le-elf/d1a518c4a097666d86058e1444f85ca015d15511 COREBOOT_SDK_ROOT_picolibc_riscv64=/home/jpmurphy/.cache/coreboot-sdk/picolibc-riscv64-elf/f571e990ef0278564b31124f8bb109d9a697eb69 COREBOOT_SDK_ROOT_arm=/home/jpmurphy/.cache/coreboot-sdk/arm-eabi/ea40ddd1d190c3b48435c474c0b545719371813a COREBOOT_SDK_ROOT_libstdcxx_riscv64=/home/jpmurphy/.cache/coreboot-sdk/libstdcxx-riscv64-elf/17abf22a3a252e2d5d2062ced5324f7a623689e0 COREBOOT_SDK_ROOT_libstdcxx_arm=/home/jpmurphy/.cache/coreboot-sdk/libstdcxx-arm-eabi/5d7d82e150e44aa1968f1d366e267e6687b328ac COREBOOT_SDK_ROOT_riscv=/home/jpmurphy/.cache/coreboot-sdk/riscv-elf/9a27b9e82341c6e9126624f516ab3f261abb3e73 COREBOOT_SDK_ROOT_libstdcxx_x86=/home/jpmurphy/.cache/coreboot-sdk/libstdcxx-i386-elf/42ef9d2e87a76a37963175d7d428734e65648b87 PYTHONPATH=/mnt/host/source/src/platform/ec/zephyr/zmake PW_PIGWEED_CIPD_INSTALL_DIR=/usr CROSTC_USER_ACKNOWLEDGES_THAT_RISCV_IS_EXPERIMENTAL=1 MAKEFLAGS=' -j16 --jobserver-auth=5,6' /usr/bin/ninja -C /mnt/host/source/src/platform/ec/build/zephyr/rex-ish-ec/build-rw all.libraries`
[rex-ish-ec:rw] ninja: Entering directory `/mnt/host/source/src/platform/ec/build/zephyr/rex-ish-ec/build-rw'
[helipilot:rw] [522/526] Building C object zephyr/kernel/CMakeFiles/kernel.dir/timeout.c.obj
[/mnt/host/source/src/platform/ec/build/zephyr/veluza-lcov]   /mnt/host/source/src/platform/ec/build/zephyr/veluza/build-rw/modules/ec/zephyr/CMakeFiles/ec_shim.dir/shim/src/chg_rt9490.c.gcno:no functions found
[/mnt/host/source/src/platform/ec/build/zephyr/veluza-lcov] stderr:
[helipilot:rw] [523/526] Building C object zephyr/kernel/CMakeFiles/kernel.dir/events.c.obj
[/mnt/host/source/src/platform/ec/build/zephyr/kanix-lcov]   /mnt/host/source/src/platform/ec/build/zephyr/kanix/build-rw/modules/ec/zephyr/CMakeFiles/ec_shim.dir/shim/src/usb_muxes.c.gcno:no functions found
[/mnt/host/source/src/platform/ec/build/zephyr/kanix-lcov] stderr:
[/mnt/host/source/src/platform/ec/build/zephyr/kanix-lcov]   /mnt/host/source/src/platform/ec/build/zephyr/kanix/build-rw/modules/ec/zephyr/CMakeFiles/ec_shim.dir/shim/src/bb_retimer_usb_mux.c.gcno:no functions found
[/mnt/host/source/src/platform/ec/build/zephyr/kanix-lcov] stderr:
[helipilot:rw] [524/526] Building C object zephyr/kernel/CMakeFiles/kernel.dir/mempool.c.obj
[matsu_it82000:rw] [33/376] Building C object CMakeFiles/app.dir/mnt/host/source/src/platform/ec/zephyr/subsys/ucsi/ppm_common.c.obj
[rex-ish-ec:rw] [1/428] Preparing syscall dependency handling
[helipilot:rw] [525/526] Building C object zephyr/kernel/CMakeFiles/kernel.dir/dynamic_disabled.c.obj
[matsu_it82000:ro] [1/376] Preparing syscall dependency handling
[helipilot:rw] [526/526] Linking C static library zephyr/kernel/libkernel.a
[rex-ish-ec:rw] [2/428] Generating misc/generated/syscalls_subdirs.trigger
[matsu_it82000:ro] [2/376] Generating misc/generated/syscalls_subdirs.trigger
[rex-ish-ec:rw] [3/428] cd /mnt/host/source/src/platform/ec/build/zephyr/rex-ish-ec/build-rw/modules/ec/zephyr && PYTHONPATH=/mnt/host/source/src/platform/ec/build/zephyr/rex-ish-ec/modules/ec/zephyr/zmake/ /usr/bin/python3.11 /mnt/host/source/src/platform/ec/build/zephyr/rex-ish-ec/modules/ec/zephyr/zmake/zephyr_build_tools/generate_ec_version.py /mnt/host/source/src/platform/ec/build/zephyr/rex-ish-ec/build-rw/modules/ec/zephyr/include/ec_version.h --name Zephyr-Kernel --version 16543.0.0 --static
[rex-ish-ec:rw] INFO:root:Using a static version string
[/mnt/host/source/src/platform/ec/build/zephyr/veluza-lcov]   /mnt/host/source/src/platform/ec/build/zephyr/veluza/build-rw/modules/ec/zephyr/CMakeFiles/ec_shim.dir/shim/src/usba.c.gcno:no functions found
[/mnt/host/source/src/platform/ec/build/zephyr/veluza-lcov] stderr:
[rex-ish-ec:ro] [1/428] Generating include/generated/zephyr/version.h
[rex-ish-ec:ro] -- git describe warned: warning: tag 'upstream/v2.7.99' is externally known as 'v2.7.99'
[rex-ish-ec:ro] -- Zephyr version: 4.3.99 (/mnt/host/source/src/third_party/zephyr/main)
[rex-ish-ec:ro] [2/428] Preparing syscall dependency handling
[rex-ish-ec:rw] INFO:root:Version string: Zephyr-Kernel-16543.0.0
[rex-ish-ec:rw] INFO:root:Writing header to /mnt/host/source/src/platform/ec/build/zephyr/rex-ish-ec/build-rw/modules/ec/zephyr/include/ec_version.h
[rex-ish-ec:rw] [4/428] Generating include/generated/zephyr/version.h
[rex-ish-ec:rw] -- git describe warned: warning: tag 'upstream/v2.7.99' is externally known as 'v2.7.99'
[matsu_it82000:ro] [3/376] Generating include/generated/zephyr/version.h
[matsu_it82000:ro] -- git describe warned: warning: tag 'upstream/v2.7.99' is externally known as 'v2.7.99'
[/mnt/host/source/src/platform/ec/build/zephyr/kanix-lcov]   /mnt/host/source/src/platform/ec/build/zephyr/kanix/build-rw/modules/ec/zephyr/CMakeFiles/ec_shim.dir/shim/src/usba.c.gcno:no functions found
[/mnt/host/source/src/platform/ec/build/zephyr/kanix-lcov] stderr:
[/mnt/host/source/src/platform/ec/build/zephyr/kanix-lcov]   /mnt/host/source/src/platform/ec/build/zephyr/kanix/build-rw/modules/ec/zephyr/CMakeFiles/ec_shim.dir/shim/src/kb8010_usb_mux.c.gcno:no functions found
[/mnt/host/source/src/platform/ec/build/zephyr/kanix-lcov] stderr:
[rex-ish-ec:ro] [3/428] Generating misc/generated/syscalls_subdirs.trigger
[matsu_it82000:rw] [34/376] Building C object CMakeFiles/app.dir/mnt/host/source/src/platform/ec/zephyr/subsys/ucsi/ucsi_host_cmd.c.obj
[matsu_it82000:rw] [35/376] Building C object CMakeFiles/app.dir/mnt/host/source/src/platform/ec/zephyr/subsys/ucsi/ppm_console.c.obj
[matsu_it82000:rw] [36/376] Building C object CMakeFiles/app.dir/mnt/host/source/src/platform/ec/build/zephyr/matsu_it82000/modules/ec/common/base32.c.obj
[matsu_it82000:rw] [37/376] Building C object CMakeFiles/app.dir/mnt/host/source/src/platform/ec/build/zephyr/matsu_it82000/modules/ec/builtin/stdlib.c.obj
[matsu_it82000:ro] -- Zephyr version: 4.3.99 (/mnt/host/source/src/third_party/zephyr/main)
[matsu_it82000:ro] [4/376] cd /mnt/host/source/src/platform/ec/build/zephyr/matsu_it82000/build-ro/modules/ec/zephyr && PYTHONPATH=/mnt/host/source/src/platform/ec/build/zephyr/matsu_it82000/modules/ec/zephyr/zmake/ /usr/bin/python3.11 /mnt/host/source/src/platform/ec/build/zephyr/matsu_it82000/modules/ec/zephyr/zmake/zephyr_build_tools/generate_ec_version.py /mnt/host/source/src/platform/ec/build/zephyr/matsu_it82000/build-ro/modules/ec/zephyr/include/ec_version.h --name Zephyr-Kernel --version 16543.0.0 --static
[matsu_it82000:ro] INFO:root:Using a static version string
[matsu_it82000:rw] [38/376] Building C object CMakeFiles/app.dir/mnt/host/source/src/platform/ec/zephyr/subsys/ucsi/ppm_driver.c.obj
[matsu_it82000:rw] [39/376] Building C object CMakeFiles/app.dir/mnt/host/source/src/platform/ec/build/zephyr/matsu_it82000/modules/ec/common/console_output.c.obj
[rex-ish-ec:rw] -- Zephyr version: 4.3.99 (/mnt/host/source/src/third_party/zephyr/main)
[rex-ish-ec:rw] [5/428] Generating misc/generated/syscalls.json, misc/generated/struct_tags.json
[pujjoga:ro] Building: /usr/bin/ninja -C /mnt/host/source/src/platform/ec/build/zephyr/pujjoga/build-ro all.libraries
Running `env -i SHELL=/bin/bash COLORTERM=truecolor DEPOT_TOOLS_UPDATE=0 LESS='-R -M --shift 5' SUDO_GID=0 JDK_HOME=/etc/java-config-2/current-system-vm CONFIG_PROTECT_MASK='/etc/gentoo-release /etc/sandbox.d /etc/fonts/fonts.conf /etc/terminfo /etc/ca-certificates.conf /etc/revdep-rebuild' CHROMEOS_CACHEDIR=/var/cache/chromeos-cache JAVA_HOME=/etc/java-config-2/current-system-vm SSH_AUTH_SOCK=/tmp/ssh-auth-sock SUDO_COMMAND=/bin/bash SUDO_USER=root SUDO_TTY=/dev/pts/2 EDITOR=/usr/bin/vi PWD=/mnt/host/source/src/platform/ec CONFIG_PROTECT=/usr/share/gnupg/qualified.txt LOGNAME=jpmurphy MANPATH=/etc/java-config-2/current-system-vm/man:/usr/local/share/man:/usr/share/man:/usr/share/gcc-data/x86_64-pc-linux-gnu/10.2.0/man:/usr/share/binutils-data/x86_64-pc-linux-gnu/2.45/man:/etc/java-config-2/current-system-vm/man/ SUDO_HOME=/root XAUTHORITY=/run/user/944457/gdm/Xauthority HOME=/home/jpmurphy LANG=C.UTF-8 LS_COLORS='rs=0:di=01;34:ln=01;36:mh=00:pi=40;33:so=01;35:do=01;35:bd=40;33;01:cd=40;33;01:or=01;05;37;41:mi=01;05;37;41:su=37;41:sg=30;43:ca=30;41:tw=30;42:ow=34;42:st=37;44:ex=01;32:*.tar=01;31:*.tgz=01;31:*.arc=01;31:*.arj=01;31:*.taz=01;31:*.lha=01;31:*.lz4=01;31:*.lzh=01;31:*.lzma=01;31:*.tlz=01;31:*.txz=01;31:*.tzo=01;31:*.t7z=01;31:*.zip=01;31:*.z=01;31:*.dz=01;31:*.gz=01;31:*.lrz=01;31:*.lz=01;31:*.lzo=01;31:*.xz=01;31:*.zst=01;31:*.tzst=01;31:*.bz2=01;31:*.bz=01;31:*.tbz=01;31:*.tbz2=01;31:*.tz=01;31:*.deb=01;31:*.rpm=01;31:*.jar=01;31:*.war=01;31:*.ear=01;31:*.sar=01;31:*.rar=01;31:*.alz=01;31:*.ace=01;31:*.zoo=01;31:*.cpio=01;31:*.7z=01;31:*.rz=01;31:*.cab=01;31:*.wim=01;31:*.swm=01;31:*.dwm=01;31:*.esd=01;31:*.jpg=01;35:*.jpeg=01;35:*.mjpg=01;35:*.mjpeg=01;35:*.gif=01;35:*.bmp=01;35:*.pbm=01;35:*.pgm=01;35:*.ppm=01;35:*.tga=01;35:*.xbm=01;35:*.xpm=01;35:*.tif=01;35:*.tiff=01;35:*.png=01;35:*.svg=01;35:*.svgz=01;35:*.mng=01;35:*.pcx=01;35:*.mov=01;35:*.mpg=01;35:*.mpeg=01;35:*.m2v=01;35:*.mkv=01;35:*.webm=01;35:*.webp=01;35:*.ogm=01;35:*.mp4=01;35:*.m4v=01;35:*.mp4v=01;35:*.vob=01;35:*.qt=01;35:*.nuv=01;35:*.wmv=01;35:*.asf=01;35:*.rm=01;35:*.rmvb=01;35:*.flc=01;35:*.avi=01;35:*.fli=01;35:*.flv=01;35:*.gl=01;35:*.dl=01;35:*.xcf=01;35:*.xwd=01;35:*.yuv=01;35:*.cgm=01;35:*.emf=01;35:*.ogv=01;35:*.ogx=01;35:*.cfg=00;32:*.conf=00;32:*.diff=00;32:*.doc=00;32:*.ini=00;32:*.log=00;32:*.patch=00;32:*.pdf=00;32:*.ps=00;32:*.tex=00;32:*.txt=00;32:*.aac=00;36:*.au=00;36:*.flac=00;36:*.m4a=00;36:*.mid=00;36:*.midi=00;36:*.mka=00;36:*.mp3=00;36:*.mpc=00;36:*.ogg=00;36:*.ra=00;36:*.wav=00;36:*.oga=00;36:*.opus=00;36:*.spx=00;36:*.xspf=00;36:' XDG_CURRENT_DESKTOP=GNOME INFOPATH=/usr/share/info:/usr/share/gcc-data/x86_64-pc-linux-gnu/10.2.0/info:/usr/share/binutils-data/x86_64-pc-linux-gnu/2.45/info:/usr/share/automake-1.16.5/info JAVAC=/etc/java-config-2/current-system-vm/bin/javac TERM=xterm-256color LESSOPEN='|lesspipe %s' USER=jpmurphy CROS_WORKON_SRCROOT=/mnt/host/source MANPAGER=manpager DISPLAY=:1 SHLVL=1 LC_MESSAGES=C EXTERNAL_TRUNK_PATH=/mnt/8f9d649a-3721-44cc-93c0-e6bd21a9689f/chromiumos GCC_SPECS='' PATH=/mnt/host/source/chromite/bin:/usr/local/bin:/usr/bin:/bin:/opt/bin:/mnt/host/source/chromite/sdk/bin:/mnt/host/source/chromite/bin PORTAGE_USERNAME=jpmurphy SUDO_UID=0 GCC_VER=10.2.0 MAIL=/var/mail/jpmurphy OLDPWD=/mnt/host/source/src/scripts traceparent=00-e87aca51550a78635907baa6a2476181-6d684811675d2973-01 _=./zephyr/firmware_builder.py COREBOOT_SDK_ROOT_x86=/home/jpmurphy/.cache/coreboot-sdk/i386-elf/dfbb0486385d938cfa9d73080b9d18d598ed4f49 COREBOOT_SDK_ROOT_picolibc_x86=/home/jpmurphy/.cache/coreboot-sdk/picolibc-i386-elf/eb8e8e687b95461de8cbf278f1c2076952d0ad17 COREBOOT_SDK_ROOT_riscv64=/home/jpmurphy/.cache/coreboot-sdk/riscv64-elf/96b949749225b6aaa92ed810ab769e8dfb12f000 COREBOOT_SDK_ROOT_picolibc_arm=/home/jpmurphy/.cache/coreboot-sdk/picolibc-arm-eabi/422a2aa3e1ef891b5bece9a3deb696ff83840d2e COREBOOT_SDK_ROOT_nds32=/home/jpmurphy/.cache/coreboot-sdk/nds32le-elf/d1a518c4a097666d86058e1444f85ca015d15511 COREBOOT_SDK_ROOT_picolibc_riscv64=/home/jpmurphy/.cache/coreboot-sdk/picolibc-riscv64-elf/f571e990ef0278564b31124f8bb109d9a697eb69 COREBOOT_SDK_ROOT_arm=/home/jpmurphy/.cache/coreboot-sdk/arm-eabi/ea40ddd1d190c3b48435c474c0b545719371813a COREBOOT_SDK_ROOT_libstdcxx_riscv64=/home/jpmurphy/.cache/coreboot-sdk/libstdcxx-riscv64-elf/17abf22a3a252e2d5d2062ced5324f7a623689e0 COREBOOT_SDK_ROOT_libstdcxx_arm=/home/jpmurphy/.cache/coreboot-sdk/libstdcxx-arm-eabi/5d7d82e150e44aa1968f1d366e267e6687b328ac COREBOOT_SDK_ROOT_riscv=/home/jpmurphy/.cache/coreboot-sdk/riscv-elf/9a27b9e82341c6e9126624f516ab3f261abb3e73 COREBOOT_SDK_ROOT_libstdcxx_x86=/home/jpmurphy/.cache/coreboot-sdk/libstdcxx-i386-elf/42ef9d2e87a76a37963175d7d428734e65648b87 PYTHONPATH=/mnt/host/source/src/platform/ec/zephyr/zmake PW_PIGWEED_CIPD_INSTALL_DIR=/usr CROSTC_USER_ACKNOWLEDGES_THAT_RISCV_IS_EXPERIMENTAL=1 MAKEFLAGS=' -j16 --jobserver-auth=5,6' /usr/bin/ninja -C /mnt/host/source/src/platform/ec/build/zephyr/pujjoga/build-ro all.libraries`
[matsu_it82000:ro] INFO:root:Version string: Zephyr-Kernel-16543.0.0
[matsu_it82000:ro] INFO:root:Writing header to /mnt/host/source/src/platform/ec/build/zephyr/matsu_it82000/build-ro/modules/ec/zephyr/include/ec_version.h
[matsu_it82000:ro] [5/376] Generating misc/generated/syscalls.json, misc/generated/struct_tags.json
[pujjoga:ro] ninja: Entering directory `/mnt/host/source/src/platform/ec/build/zephyr/pujjoga/build-ro'
[rex-ish-ec:rw] [6/428] Generating include/generated/zephyr/syscall_dispatch.c, include/generated/zephyr/syscall_exports_llext.c, syscall_weakdefs_llext.c, include/generated/zephyr/syscall_list.h
[matsu_it82000:ro] [6/376] Generating include/generated/zephyr/syscall_dispatch.c, include/generated/zephyr/syscall_exports_llext.c, syscall_weakdefs_llext.c, include/generated/zephyr/syscall_list.h
[matsu_it82000:rw] [40/376] Building C object CMakeFiles/app.dir/mnt/host/source/src/platform/ec/build/zephyr/matsu_it82000/modules/ec/common/ec_features.c.obj
[matsu_it82000:ro] [7/376] Generating include/generated/zephyr/driver-validation.h
[rex-ish-ec:ro] [4/428] Generating misc/generated/syscalls.json, misc/generated/struct_tags.json
[rex-ish-ec:rw] [7/428] Generating include/generated/zephyr/driver-validation.h
[matsu_it82000:rw] [41/376] Building C object CMakeFiles/app.dir/mnt/host/source/src/platform/ec/build/zephyr/matsu_it82000/modules/ec/common/gpio_commands.c.obj
[matsu_it82000:rw] [42/376] Building C object CMakeFiles/app.dir/mnt/host/source/src/platform/ec/build/zephyr/matsu_it82000/modules/ec/common/peripheral.c.obj
[matsu_it82000:rw] [43/376] Building C object CMakeFiles/app.dir/mnt/host/source/src/platform/ec/build/zephyr/matsu_it82000/modules/ec/common/queue.c.obj
[rex-ish-ec:ro] [5/428] Generating include/generated/zephyr/syscall_dispatch.c, include/generated/zephyr/syscall_exports_llext.c, syscall_weakdefs_llext.c, include/generated/zephyr/syscall_list.h
[matsu_it82000:rw] [44/376] Building C object CMakeFiles/app.dir/mnt/host/source/src/platform/ec/build/zephyr/matsu_it82000/modules/ec/common/printf.c.obj
[matsu_it82000:ro] [8/376] Generating include/generated/zephyr/kobj-types-enum.h, include/generated/zephyr/otype-to-str.h, include/generated/zephyr/otype-to-size.h
[rex-ish-ec:rw] [8/428] Generating include/generated/zephyr/kobj-types-enum.h, include/generated/zephyr/otype-to-str.h, include/generated/zephyr/otype-to-size.h
[rex-ish-ec:rw] [9/428] Generating include/generated/device-api-sections.ld, include/generated/device-api-sections.cmake
[matsu_it82000:ro] [9/376] Generating include/generated/device-api-sections.ld, include/generated/device-api-sections.cmake
[matsu_it82000:rw] [45/376] Building C object CMakeFiles/app.dir/mnt/host/source/src/platform/ec/build/zephyr/matsu_it82000/modules/ec/common/system_boot_time.c.obj
[rex-ish-ec:rw] [10/428] Building C object zephyr/CMakeFiles/offsets.dir/arch/arm/core/offsets/offsets.c.obj
[pujjoga:ro] [1/414] Generating include/generated/zephyr/version.h
[pujjoga:ro] -- git describe warned: warning: tag 'upstream/v2.7.99' is externally known as 'v2.7.99'
[rex-ish-ec:ro] [6/428] Generating include/generated/zephyr/driver-validation.h
[pujjoga:ro] -- Zephyr version: 4.3.99 (/mnt/host/source/src/third_party/zephyr/main)
[pujjoga:ro] [2/414] Preparing syscall dependency handling
[pujjoga:ro] [3/414] Generating misc/generated/syscalls_subdirs.trigger
[matsu_it82000:rw] [46/376] Building C object CMakeFiles/app.dir/mnt/host/source/src/platform/ec/build/zephyr/matsu_it82000/modules/ec/common/system.c.obj
[rex-ish-ec:rw] [11/428] Generating include/generated/zephyr/offsets.h
[rex-ish-ec:rw] [12/428] Building C object CMakeFiles/app.dir/mnt/host/source/src/platform/ec/zephyr/subsys/ap_pwrseq/ap_events.c.obj
[rex-ish-ec:rw] [13/428] Building C object CMakeFiles/app.dir/mnt/host/source/src/platform/ec/zephyr/subsys/ap_pwrseq/ap_power_interface.c.obj
[rex-ish-ec:ro] [7/428] Generating include/generated/zephyr/kobj-types-enum.h, include/generated/zephyr/otype-to-str.h, include/generated/zephyr/otype-to-size.h
[matsu_it82000:rw] [47/376] Building C object CMakeFiles/app.dir/mnt/host/source/src/platform/ec/build/zephyr/matsu_it82000/modules/ec/common/uart_printf.c.obj
[rex-ish-ec:rw] [14/428] Building C object CMakeFiles/app.dir/mnt/host/source/src/platform/ec/zephyr/subsys/ap_pwrseq/power_signals.c.obj
[rex-ish-ec:rw] [15/428] Building C object CMakeFiles/app.dir/mnt/host/source/src/platform/ec/zephyr/subsys/ap_pwrseq/signal_gpio.c.obj
[rex-ish-ec:rw] [16/428] Building C object CMakeFiles/app.dir/mnt/host/source/src/platform/ec/zephyr/subsys/ap_pwrseq/signal_vw.c.obj
[rex-ish-ec:rw] [17/428] Building C object CMakeFiles/app.dir/mnt/host/source/src/platform/ec/zephyr/subsys/ap_pwrseq/power_host_sleep.c.obj
[rex-ish-ec:ro] [8/428] Generating include/generated/device-api-sections.ld, include/generated/device-api-sections.cmake
[rex-ish-ec:rw] [18/428] Building C object CMakeFiles/app.dir/mnt/host/source/src/platform/ec/zephyr/subsys/ap_pwrseq/x86_non_dsx_common_pwrseq_sm_handler.c.obj
[rex-ish-ec:rw] [19/428] Building C object CMakeFiles/app.dir/mnt/host/source/src/platform/ec/zephyr/subsys/ap_pwrseq/x86_non_dsx_chipset_power_state.c.obj
[rex-ish-ec:rw] [20/428] Building C object CMakeFiles/app.dir/mnt/host/source/src/platform/ec/zephyr/subsys/ap_pwrseq/x86_non_dsx_common_pwrseq_host_sleep.c.obj
[rex-ish-ec:rw] [21/428] Building C object CMakeFiles/app.dir/mnt/host/source/src/platform/ec/zephyr/subsys/ap_pwrseq/x86_non_dsx_common_pwrseq_console.c.obj
[rex-ish-ec:rw] [22/428] Building C object CMakeFiles/app.dir/mnt/host/source/src/platform/ec/zephyr/subsys/ap_pwrseq/x86_non_dsx_common_pwrseq_host_command.c.obj
[rex-ish-ec:rw] [23/428] Building C object CMakeFiles/app.dir/mnt/host/source/src/platform/ec/zephyr/subsys/ap_pwrseq/x86_non_dsx_mtl_pwrseq_sm.c.obj
[rex-ish-ec:rw] [24/428] Building C object CMakeFiles/app.dir/mnt/host/source/src/platform/ec/zephyr/subsys/ap_pwrseq/ap_reset_log.c.obj
[rex-ish-ec:rw] [25/428] Building C object CMakeFiles/app.dir/mnt/host/source/src/platform/ec/build/zephyr/rex-ish-ec/modules/ec/builtin/stdlib.c.obj
[rex-ish-ec:rw] [26/428] Building C object CMakeFiles/app.dir/mnt/host/source/src/platform/ec/build/zephyr/rex-ish-ec/modules/ec/common/base32.c.obj
[rex-ish-ec:rw] [27/428] Building C object CMakeFiles/app.dir/mnt/host/source/src/platform/ec/build/zephyr/rex-ish-ec/modules/ec/common/console_output.c.obj
[rex-ish-ec:rw] [28/428] Building C object CMakeFiles/app.dir/mnt/host/source/src/platform/ec/build/zephyr/rex-ish-ec/modules/ec/common/ec_features.c.obj
[rex-ish-ec:rw] [29/428] Building C object CMakeFiles/app.dir/mnt/host/source/src/platform/ec/build/zephyr/rex-ish-ec/modules/ec/common/gpio_commands.c.obj
[rex-ish-ec:rw] [30/428] Building C object CMakeFiles/app.dir/mnt/host/source/src/platform/ec/build/zephyr/rex-ish-ec/modules/ec/common/peripheral.c.obj
[matsu_it82000:rw] [48/376] Building C object CMakeFiles/app.dir/mnt/host/source/src/platform/ec/build/zephyr/matsu_it82000/modules/ec/common/util.c.obj
[rex-ish-ec:rw] [31/428] Building C object CMakeFiles/app.dir/mnt/host/source/src/platform/ec/build/zephyr/rex-ish-ec/modules/ec/common/printf.c.obj
[matsu_it82000:rw] [49/376] Building C object CMakeFiles/app.dir/mnt/host/source/src/platform/ec/build/zephyr/matsu_it82000/modules/ec/common/power_button_x86.c.obj
[rex-ish-ec:rw] [32/428] Building C object CMakeFiles/app.dir/mnt/host/source/src/platform/ec/build/zephyr/rex-ish-ec/modules/ec/common/queue.c.obj
[rex-ish-ec:rw] [33/428] Building C object CMakeFiles/app.dir/mnt/host/source/src/platform/ec/build/zephyr/rex-ish-ec/modules/ec/common/system.c.obj
[matsu_it82000:rw] [50/376] Building C object CMakeFiles/app.dir/mnt/host/source/src/platform/ec/build/zephyr/matsu_it82000/modules/ec/common/version.c.obj
[matsu_it82000:ro] [10/376] Building C object zephyr/CMakeFiles/offsets.dir/arch/riscv/core/offsets/offsets.c.obj
[rex-ish-ec:rw] [34/428] Building C object CMakeFiles/app.dir/mnt/host/source/src/platform/ec/build/zephyr/rex-ish-ec/modules/ec/common/system_boot_time.c.obj
[matsu_it82000:rw] [51/376] Building C object CMakeFiles/app.dir/mnt/host/source/src/platform/ec/build/zephyr/matsu_it82000/modules/ec/common/acpi.c.obj
[rex-ish-ec:rw] [35/428] Building C object CMakeFiles/app.dir/mnt/host/source/src/platform/ec/build/zephyr/rex-ish-ec/modules/ec/common/uart_printf.c.obj
[rex-ish-ec:rw] [36/428] Building C object CMakeFiles/app.dir/mnt/host/source/src/platform/ec/build/zephyr/rex-ish-ec/modules/ec/common/util.c.obj
[rex-ish-ec:rw] [37/428] Building C object CMakeFiles/app.dir/mnt/host/source/src/platform/ec/build/zephyr/rex-ish-ec/modules/ec/common/version.c.obj
[rex-ish-ec:rw] [38/428] Building C object CMakeFiles/app.dir/mnt/host/source/src/platform/ec/build/zephyr/rex-ish-ec/modules/ec/common/power_button_x86.c.obj
[matsu_it82000:rw] [52/376] Building C object CMakeFiles/app.dir/mnt/host/source/src/platform/ec/build/zephyr/matsu_it82000/modules/ec/common/adc.c.obj
[rex-ish-ec:rw] [39/428] Building C object CMakeFiles/app.dir/mnt/host/source/src/platform/ec/build/zephyr/rex-ish-ec/modules/ec/common/adc.c.obj
[rex-ish-ec:rw] [40/428] Building C object CMakeFiles/app.dir/mnt/host/source/src/platform/ec/build/zephyr/rex-ish-ec/modules/ec/common/acpi.c.obj
[rex-ish-ec:rw] [41/428] Building C object CMakeFiles/app.dir/mnt/host/source/src/platform/ec/build/zephyr/rex-ish-ec/modules/ec/common/backlight_lid.c.obj
[rex-ish-ec:rw] [42/428] Building C object CMakeFiles/app.dir/mnt/host/source/src/platform/ec/build/zephyr/rex-ish-ec/modules/ec/common/battery.c.obj
[matsu_it82000:ro] [11/376] Generating include/generated/zephyr/offsets.h
[matsu_it82000:rw] [53/376] Building C object CMakeFiles/app.dir/mnt/host/source/src/platform/ec/build/zephyr/matsu_it82000/modules/ec/common/backlight_lid.c.obj
[rex-ish-ec:rw] [43/428] Building C object CMakeFiles/app.dir/mnt/host/source/src/platform/ec/build/zephyr/rex-ish-ec/modules/ec/common/battery_info.c.obj
[rex-ish-ec:rw] [44/428] Building C object CMakeFiles/app.dir/mnt/host/source/src/platform/ec/build/zephyr/rex-ish-ec/modules/ec/common/battery_fuel_gauge.c.obj
[pujjoga:ro] [4/414] Generating misc/generated/syscalls.json, misc/generated/struct_tags.json
[rex-ish-ec:rw] [45/428] Building C object CMakeFiles/app.dir/mnt/host/source/src/platform/ec/build/zephyr/rex-ish-ec/modules/ec/driver/battery/smart.c.obj
[rex-ish-ec:rw] [46/428] Building C object CMakeFiles/app.dir/mnt/host/source/src/platform/ec/build/zephyr/rex-ish-ec/modules/ec/driver/bc12/pi3usb9201.c.obj
[rex-ish-ec:rw] [47/428] Building C object CMakeFiles/app.dir/mnt/host/source/src/platform/ec/build/zephyr/rex-ish-ec/modules/ec/driver/charger/isl9241.c.obj
[rex-ish-ec:rw] [48/428] Building C object CMakeFiles/app.dir/mnt/host/source/src/platform/ec/build/zephyr/rex-ish-ec/modules/ec/common/charger.c.obj
[rex-ish-ec:rw] [49/428] Building C object CMakeFiles/app.dir/mnt/host/source/src/platform/ec/build/zephyr/rex-ish-ec/modules/ec/common/charge_state.c.obj
[pujjoga:ro] [5/414] Generating include/generated/zephyr/syscall_dispatch.c, include/generated/zephyr/syscall_exports_llext.c, syscall_weakdefs_llext.c, include/generated/zephyr/syscall_list.h
[rex-ish-ec:rw] [50/428] Building C object CMakeFiles/app.dir/mnt/host/source/src/platform/ec/build/zephyr/rex-ish-ec/modules/ec/common/charge_manager.c.obj
[rex-ish-ec:rw] [51/428] Building C object CMakeFiles/app.dir/mnt/host/source/src/platform/ec/build/zephyr/rex-ish-ec/modules/ec/common/cbi_common.c.obj
[rex-ish-ec:rw] [52/428] Building C object CMakeFiles/app.dir/mnt/host/source/src/platform/ec/build/zephyr/rex-ish-ec/modules/ec/common/cbi.c.obj
[rex-ish-ec:rw] [53/428] Building C object CMakeFiles/app.dir/mnt/host/source/src/platform/ec/build/zephyr/rex-ish-ec/modules/ec/common/cbi_config.c.obj
[rex-ish-ec:rw] [54/428] Building C object CMakeFiles/app.dir/mnt/host/source/src/platform/ec/build/zephyr/rex-ish-ec/modules/ec/common/memory_commands.c.obj
[rex-ish-ec:rw] [55/428] Building C object CMakeFiles/app.dir/mnt/host/source/src/platform/ec/build/zephyr/rex-ish-ec/modules/ec/common/dptf.c.obj
[rex-ish-ec:rw] [56/428] Building C object CMakeFiles/app.dir/mnt/host/source/src/platform/ec/build/zephyr/rex-ish-ec/modules/ec/common/ap_reset_log.c.obj
[matsu_it82000:rw] [54/376] Building C object CMakeFiles/app.dir/mnt/host/source/src/platform/ec/build/zephyr/matsu_it82000/modules/ec/common/battery.c.obj
[rex-ish-ec:rw] [57/428] Building C object CMakeFiles/app.dir/mnt/host/source/src/platform/ec/build/zephyr/rex-ish-ec/modules/ec/common/espi.c.obj
[rex-ish-ec:rw] [58/428] Building C object CMakeFiles/app.dir/mnt/host/source/src/platform/ec/build/zephyr/rex-ish-ec/modules/ec/common/extpower_common.c.obj
[rex-ish-ec:rw] [59/428] Building C object CMakeFiles/app.dir/mnt/host/source/src/platform/ec/build/zephyr/rex-ish-ec/modules/ec/common/extpower_gpio.c.obj
[rex-ish-ec:ro] [9/428] Building C object zephyr/CMakeFiles/offsets.dir/arch/arm/core/offsets/offsets.c.obj
[rex-ish-ec:rw] [60/428] Building C object CMakeFiles/app.dir/mnt/host/source/src/platform/ec/build/zephyr/rex-ish-ec/modules/ec/common/fan.c.obj
[rex-ish-ec:rw] [61/428] Building C object CMakeFiles/app.dir/mnt/host/source/src/platform/ec/build/zephyr/rex-ish-ec/modules/ec/common/flash.c.obj
[rex-ish-ec:rw] [62/428] Building C object CMakeFiles/app.dir/mnt/host/source/src/platform/ec/build/zephyr/rex-ish-ec/modules/ec/common/host_command.c.obj
[pujjoga:ro] [6/414] Generating include/generated/zephyr/driver-validation.h
[rex-ish-ec:rw] [63/428] Building C object CMakeFiles/app.dir/mnt/host/source/src/platform/ec/build/zephyr/rex-ish-ec/modules/ec/common/host_command_task.c.obj
[rex-ish-ec:rw] [64/428] Building C object CMakeFiles/app.dir/mnt/host/source/src/platform/ec/build/zephyr/rex-ish-ec/modules/ec/common/host_event_commands.c.obj
[rex-ish-ec:rw] [65/428] Building C object CMakeFiles/app.dir/mnt/host/source/src/platform/ec/build/zephyr/rex-ish-ec/modules/ec/common/uart_hostcmd.c.obj
[rex-ish-ec:rw] [66/428] Building C object CMakeFiles/app.dir/mnt/host/source/src/platform/ec/build/zephyr/rex-ish-ec/modules/ec/common/uptime.c.obj
[matsu_it82000:rw] [55/376] Building C object CMakeFiles/app.dir/mnt/host/source/src/platform/ec/build/zephyr/matsu_it82000/modules/ec/common/battery_info.c.obj
[rex-ish-ec:rw] [67/428] Building C object CMakeFiles/app.dir/mnt/host/source/src/platform/ec/build/zephyr/rex-ish-ec/modules/ec/common/i2c_controller.c.obj
[rex-ish-ec:rw] [68/428] Building C object CMakeFiles/app.dir/mnt/host/source/src/platform/ec/build/zephyr/rex-ish-ec/modules/ec/common/i2c_passthru.c.obj
[rex-ish-ec:rw] [69/428] Building C object CMakeFiles/app.dir/mnt/host/source/src/platform/ec/build/zephyr/rex-ish-ec/modules/ec/common/keyboard_scan.c.obj
[rex-ish-ec:rw] [70/428] Building C object CMakeFiles/app.dir/mnt/host/source/src/platform/ec/build/zephyr/rex-ish-ec/modules/ec/common/keyboard_8042.c.obj
[rex-ish-ec:ro] [10/428] Generating include/generated/zephyr/offsets.h
[rex-ish-ec:rw] [71/428] Building C object CMakeFiles/app.dir/mnt/host/source/src/platform/ec/build/zephyr/rex-ish-ec/modules/ec/common/keyboard_8042_sharedlib.c.obj
[rex-ish-ec:rw] [72/428] Building C object CMakeFiles/app.dir/mnt/host/source/src/platform/ec/build/zephyr/rex-ish-ec/modules/ec/common/mkbp_fifo.c.obj
[rex-ish-ec:rw] [73/428] Building C object CMakeFiles/app.dir/mnt/host/source/src/platform/ec/build/zephyr/rex-ish-ec/modules/ec/common/mkbp_info.c.obj
[pujjoga:ro] [7/414] Generating include/generated/zephyr/kobj-types-enum.h, include/generated/zephyr/otype-to-str.h, include/generated/zephyr/otype-to-size.h
[rex-ish-ec:rw] [74/428] Building C object CMakeFiles/app.dir/mnt/host/source/src/platform/ec/build/zephyr/rex-ish-ec/modules/ec/common/mkbp_input_devices.c.obj
[rex-ish-ec:rw] [75/428] Building C object CMakeFiles/app.dir/mnt/host/source/src/platform/ec/build/zephyr/rex-ish-ec/modules/ec/common/keyboard_backlight.c.obj
[rex-ish-ec:rw] [76/428] Building C object CMakeFiles/app.dir/mnt/host/source/src/platform/ec/build/zephyr/rex-ish-ec/modules/ec/common/led_common.c.obj
[rex-ish-ec:rw] [77/428] Building C object CMakeFiles/app.dir/mnt/host/source/src/platform/ec/build/zephyr/rex-ish-ec/modules/ec/common/lid_switch.c.obj
[matsu_it82000:rw] [56/376] Building C object CMakeFiles/app.dir/mnt/host/source/src/platform/ec/build/zephyr/matsu_it82000/modules/ec/driver/battery/smart.c.obj
[rex-ish-ec:rw] [78/428] Building C object CMakeFiles/app.dir/mnt/host/source/src/platform/ec/build/zephyr/rex-ish-ec/modules/ec/common/mkbp_event.c.obj
[rex-ish-ec:rw] [79/428] Building C object CMakeFiles/app.dir/mnt/host/source/src/platform/ec/build/zephyr/rex-ish-ec/modules/ec/common/port80.c.obj
[matsu_it82000:rw] [57/376] Building C object CMakeFiles/app.dir/mnt/host/source/src/platform/ec/build/zephyr/matsu_it82000/modules/ec/common/battery_fuel_gauge.c.obj
[matsu_it82000:ro] [12/376] Building C object CMakeFiles/app.dir/mnt/host/source/src/platform/ec/zephyr/subsys/ap_pwrseq/ap_events.c.obj
[pujjoga:ro] [8/414] Generating include/generated/device-api-sections.ld, include/generated/device-api-sections.cmake
[rex-ish-ec:rw] [80/428] Building C object CMakeFiles/app.dir/mnt/host/source/src/platform/ec/build/zephyr/rex-ish-ec/modules/ec/common/power_button.c.obj
[rex-ish-ec:rw] [81/428] Building C object CMakeFiles/app.dir/mnt/host/source/src/platform/ec/build/zephyr/rex-ish-ec/modules/ec/power/hibernate.c.obj
[pujjoga:ro] [9/414] Building C object zephyr/CMakeFiles/offsets.dir/arch/arm/core/offsets/offsets.c.obj
[rex-ish-ec:rw] [82/428] Building C object CMakeFiles/app.dir/mnt/host/source/src/platform/ec/build/zephyr/rex-ish-ec/modules/ec/common/panic_output.c.obj
[rex-ish-ec:rw] [83/428] Building C object CMakeFiles/app.dir/mnt/host/source/src/platform/ec/build/zephyr/rex-ish-ec/modules/ec/common/shared_mem.c.obj
[matsu_it82000:rw] [58/376] Building C object CMakeFiles/app.dir/mnt/host/source/src/platform/ec/build/zephyr/matsu_it82000/modules/ec/driver/charger/isl9241.c.obj
[rex-ish-ec:rw] [84/428] Building C object CMakeFiles/app.dir/mnt/host/source/src/platform/ec/build/zephyr/rex-ish-ec/modules/ec/common/switch.c.obj
[rex-ish-ec:rw] [85/428] Building C object CMakeFiles/app.dir/mnt/host/source/src/platform/ec/build/zephyr/rex-ish-ec/modules/ec/common/spi_flash_reg.c.obj
[/mnt/host/source/src/platform/ec/build/zephyr/veluza-lcov]   /mnt/host/source/src/platform/ec/build/zephyr/veluza/build-rw/modules/ec/zephyr/CMakeFiles/ec_shim.dir/shim/src/keyscan.c.gcno:no functions found
[/mnt/host/source/src/platform/ec/build/zephyr/veluza-lcov] stderr:
[rex-ish-ec:rw] [86/428] Building C object CMakeFiles/app.dir/mnt/host/source/src/platform/ec/build/zephyr/rex-ish-ec/modules/ec/common/tablet_mode.c.obj
[rex-ish-ec:rw] [87/428] Building C object CMakeFiles/app.dir/mnt/host/source/src/platform/ec/build/zephyr/rex-ish-ec/modules/ec/common/thermal.c.obj
[rex-ish-ec:rw] [88/428] Building C object CMakeFiles/app.dir/mnt/host/source/src/platform/ec/build/zephyr/rex-ish-ec/modules/ec/common/temp_sensor.c.obj
[rex-ish-ec:rw] [89/428] Building C object CMakeFiles/app.dir/mnt/host/source/src/platform/ec/build/zephyr/rex-ish-ec/modules/ec/driver/temp_sensor/thermistor.c.obj
[rex-ish-ec:rw] [90/428] Building C object CMakeFiles/app.dir/mnt/host/source/src/platform/ec/build/zephyr/rex-ish-ec/modules/ec/common/timer.c.obj
[matsu_it82000:rw] [59/376] Building C object CMakeFiles/app.dir/mnt/host/source/src/platform/ec/build/zephyr/matsu_it82000/modules/ec/common/charger.c.obj
[rex-ish-ec:rw] [91/428] Building C object CMakeFiles/app.dir/mnt/host/source/src/platform/ec/build/zephyr/rex-ish-ec/modules/ec/common/usb_charger.c.obj
[rex-ish-ec:rw] [92/428] Building C object CMakeFiles/app.dir/mnt/host/source/src/platform/ec/build/zephyr/rex-ish-ec/modules/ec/common/usb_port_power_dumb.c.obj
[pujjoga:ro] [10/414] Generating include/generated/zephyr/offsets.h
[rex-ish-ec:rw] [93/428] Building C object CMakeFiles/app.dir/mnt/host/source/src/platform/ec/build/zephyr/rex-ish-ec/modules/ec/common/typec_control.c.obj
[pujjoga:ro] [11/414] Building C object zephyr/CMakeFiles/zephyr.dir/lib/libc/validate_libc.c.obj
[pujjoga:ro] [12/414] Building C object zephyr/CMakeFiles/zephyr.dir/lib/heap/heap.c.obj
[pujjoga:ro] [13/414] Building C object zephyr/CMakeFiles/zephyr.dir/lib/os/cbprintf_packaged.c.obj
[rex-ish-ec:rw] [94/428] Building C object CMakeFiles/app.dir/mnt/host/source/src/platform/ec/build/zephyr/rex-ish-ec/modules/ec/common/usb_common.c.obj
[rex-ish-ec:rw] [95/428] Building C object CMakeFiles/app.dir/mnt/host/source/src/platform/ec/build/zephyr/rex-ish-ec/modules/ec/common/usb_pd_pdo.c.obj
[pujjoga:ro] [14/414] Building C object zephyr/CMakeFiles/zephyr.dir/lib/os/clock.c.obj
[rex-ish-ec:rw] [96/428] Building C object CMakeFiles/app.dir/mnt/host/source/src/platform/ec/build/zephyr/rex-ish-ec/modules/ec/common/usbc/usbc_task.c.obj
[pujjoga:ro] [15/414] Building C object zephyr/CMakeFiles/zephyr.dir/lib/os/printk.c.obj
[rex-ish-ec:rw] [97/428] Building C object CMakeFiles/app.dir/mnt/host/source/src/platform/ec/build/zephyr/rex-ish-ec/modules/ec/common/usbc/usb_pd_timer.c.obj
[pujjoga:ro] [16/414] Building C object zephyr/CMakeFiles/zephyr.dir/lib/os/sem.c.obj
[rex-ish-ec:rw] [98/428] Building C object CMakeFiles/app.dir/mnt/host/source/src/platform/ec/build/zephyr/rex-ish-ec/modules/ec/common/usbc/usb_sm.c.obj
[rex-ish-ec:rw] [99/428] Building C object CMakeFiles/app.dir/mnt/host/source/src/platform/ec/build/zephyr/rex-ish-ec/modules/ec/common/usbc_intr_task.c.obj
[pujjoga:ro] [17/414] Building C object zephyr/CMakeFiles/zephyr.dir/lib/os/thread_entry.c.obj
[matsu_it82000:rw] [60/376] Building C object CMakeFiles/app.dir/mnt/host/source/src/platform/ec/build/zephyr/matsu_it82000/modules/ec/common/charge_state.c.obj
[rex-ish-ec:rw] [100/428] Building C object CMakeFiles/app.dir/mnt/host/source/src/platform/ec/build/zephyr/rex-ish-ec/modules/ec/common/usbc_utils.c.obj
[pujjoga:ro] [18/414] Building C object zephyr/CMakeFiles/zephyr.dir/lib/os/cbprintf_nano.c.obj
[rex-ish-ec:rw] [101/428] Building C object CMakeFiles/app.dir/mnt/host/source/src/platform/ec/build/zephyr/rex-ish-ec/modules/ec/common/usb_pd_flags.c.obj
[matsu_it82000:rw] [61/376] Building C object CMakeFiles/app.dir/mnt/host/source/src/platform/ec/build/zephyr/matsu_it82000/modules/ec/common/cbi_common.c.obj
[rex-ish-ec:rw] [102/428] Building C object CMakeFiles/app.dir/mnt/host/source/src/platform/ec/build/zephyr/rex-ish-ec/modules/ec/common/chargen.c.obj
[pujjoga:ro] [19/414] Building C object zephyr/CMakeFiles/zephyr.dir/lib/os/cbprintf.c.obj
[pujjoga:ro] [20/414] Building C object zephyr/CMakeFiles/zephyr.dir/lib/os/assert.c.obj
[rex-ish-ec:rw] [103/428] Building C object CMakeFiles/app.dir/mnt/host/source/src/platform/ec/build/zephyr/rex-ish-ec/modules/ec/common/usbc/usb_pd_console.c.obj
[pujjoga:ro] [21/414] Building C object zephyr/CMakeFiles/zephyr.dir/lib/utils/dec.c.obj
[pujjoga:ro] [22/414] Building C object zephyr/CMakeFiles/zephyr.dir/lib/utils/hex.c.obj
[rex-ish-ec:rw] [104/428] Building C object CMakeFiles/app.dir/mnt/host/source/src/platform/ec/build/zephyr/rex-ish-ec/modules/ec/driver/retimer/anx7452.c.obj
[pujjoga:ro] [23/414] Building C object zephyr/CMakeFiles/zephyr.dir/lib/utils/rb.c.obj
[rex-ish-ec:rw] [105/428] Building C object CMakeFiles/app.dir/mnt/host/source/src/platform/ec/build/zephyr/rex-ish-ec/modules/ec/driver/retimer/bb_retimer.c.obj
[pujjoga:ro] [24/414] Building C object zephyr/CMakeFiles/zephyr.dir/lib/utils/timeutil.c.obj
[pujjoga:ro] [25/414] Building C object zephyr/CMakeFiles/zephyr.dir/lib/utils/bitarray.c.obj
[rex-ish-ec:rw] [106/428] Building C object CMakeFiles/app.dir/mnt/host/source/src/platform/ec/build/zephyr/rex-ish-ec/modules/ec/driver/retimer/kb8010.c.obj
[pujjoga:ro] [26/414] Building C object zephyr/CMakeFiles/zephyr.dir/lib/utils/bitmask.c.obj
[pujjoga:ro] [27/414] Building C object zephyr/CMakeFiles/zephyr.dir/lib/utils/getopt/getopt.c.obj
[rex-ish-ec:rw] [107/428] Building C object CMakeFiles/app.dir/mnt/host/source/src/platform/ec/build/zephyr/rex-ish-ec/modules/ec/driver/usb_mux/usb_mux.c.obj
[pujjoga:ro] [28/414] Building C object zephyr/CMakeFiles/zephyr.dir/lib/utils/getopt/getopt_common.c.obj
[matsu_it82000:rw] [62/376] Building C object CMakeFiles/app.dir/mnt/host/source/src/platform/ec/build/zephyr/matsu_it82000/modules/ec/common/charge_manager.c.obj
[rex-ish-ec:rw] [108/428] Building C object CMakeFiles/app.dir/mnt/host/source/src/platform/ec/build/zephyr/rex-ish-ec/modules/ec/driver/usb_mux/virtual.c.obj
[pujjoga:ro] [29/414] Building C object zephyr/CMakeFiles/zephyr.dir/lib/utils/ring_buffer.c.obj
[pujjoga:ro] [30/414] Building C object zephyr/CMakeFiles/zephyr.dir/lib/utils/last_section_id.c.obj
[rex-ish-ec:ro] [11/428] Building C object zephyr/CMakeFiles/zephyr.dir/lib/libc/validate_libc.c.obj
[rex-ish-ec:rw] [109/428] Building C object CMakeFiles/app.dir/mnt/host/source/src/platform/ec/build/zephyr/rex-ish-ec/modules/ec/common/event_log.c.obj
[rex-ish-ec:rw] [110/428] Building C object CMakeFiles/app.dir/mnt/host/source/src/platform/ec/build/zephyr/rex-ish-ec/modules/ec/common/pd_log.c.obj
[pujjoga:ro] [31/414] Building C object zephyr/CMakeFiles/zephyr.dir/misc/generated/configs.c.obj
[rex-ish-ec:rw] [111/428] Building C object CMakeFiles/app.dir/mnt/host/source/src/platform/ec/build/zephyr/rex-ish-ec/modules/ec/common/usbc/usb_tc_drp_acc_trysrc_sm.c.obj
[pujjoga:ro] [32/414] Building C object zephyr/CMakeFiles/zephyr.dir/soc/nuvoton/npcx/common/power.c.obj
[rex-ish-ec:rw] [112/428] Building C object CMakeFiles/app.dir/mnt/host/source/src/platform/ec/build/zephyr/rex-ish-ec/modules/ec/common/usbc/usb_prl_sm.c.obj
[rex-ish-ec:rw] [113/428] Building C object CMakeFiles/app.dir/mnt/host/source/src/platform/ec/build/zephyr/rex-ish-ec/modules/ec/common/usbc/usb_pe_drp_sm.c.obj
[pujjoga:ro] [33/414] Building C object zephyr/CMakeFiles/zephyr.dir/soc/nuvoton/npcx/common/scfg.c.obj
[rex-ish-ec:rw] [114/428] Building C object CMakeFiles/app.dir/mnt/host/source/src/platform/ec/build/zephyr/rex-ish-ec/modules/ec/common/usbc/usb_pd_dpm.c.obj
[pujjoga:ro] [34/414] Building C object zephyr/CMakeFiles/zephyr.dir/soc/nuvoton/npcx/common/npcxn/registers.c.obj
[matsu_it82000:rw] [63/376] Building C object CMakeFiles/app.dir/mnt/host/source/src/platform/ec/build/zephyr/matsu_it82000/modules/ec/common/cbi_config.c.obj
[rex-ish-ec:rw] [115/428] Building C object CMakeFiles/app.dir/mnt/host/source/src/platform/ec/build/zephyr/rex-ish-ec/modules/ec/common/usbc/usbc_pd_policy.c.obj
[pujjoga:ro] [35/414] Building C object zephyr/CMakeFiles/zephyr.dir/soc/nuvoton/npcx/npcx9/soc.c.obj
[rex-ish-ec:rw] [116/428] Building C object CMakeFiles/app.dir/mnt/host/source/src/platform/ec/build/zephyr/rex-ish-ec/modules/ec/common/usbc/dp_alt_mode.c.obj
[pujjoga:ro] [36/414] Building C object zephyr/CMakeFiles/zephyr.dir/subsys/logging/log_minimal.c.obj
[rex-ish-ec:rw] [117/428] Building C object CMakeFiles/app.dir/mnt/host/source/src/platform/ec/build/zephyr/rex-ish-ec/modules/ec/common/usbc/usb_mode.c.obj
[pujjoga:ro] [37/414] Building C object zephyr/CMakeFiles/zephyr.dir/subsys/mem_mgmt/mem_attr.c.obj
[rex-ish-ec:rw] [118/428] Building C object CMakeFiles/app.dir/mnt/host/source/src/platform/ec/build/zephyr/rex-ish-ec/modules/ec/common/usbc/tbt_alt_mode.c.obj
[matsu_it82000:rw] [64/376] Building C object CMakeFiles/app.dir/mnt/host/source/src/platform/ec/build/zephyr/matsu_it82000/modules/ec/common/memory_commands.c.obj
[pujjoga:ro] [38/414] Building C object zephyr/CMakeFiles/zephyr.dir/subsys/pm/pm.c.obj
[rex-ish-ec:rw] [119/428] Building C object CMakeFiles/app.dir/mnt/host/source/src/platform/ec/build/zephyr/rex-ish-ec/modules/ec/common/usbc/usb_retimer_fw_update.c.obj
[pujjoga:ro] [39/414] Building C object zephyr/CMakeFiles/zephyr.dir/subsys/pm/state.c.obj
[matsu_it82000:rw] [65/376] Building C object CMakeFiles/app.dir/mnt/host/source/src/platform/ec/build/zephyr/matsu_it82000/modules/ec/common/cbi.c.obj
[rex-ish-ec:rw] [120/428] Building C object CMakeFiles/app.dir/mnt/host/source/src/platform/ec/build/zephyr/rex-ish-ec/modules/ec/common/usb_pd_console_cmd.c.obj
[rex-ish-ec:rw] [121/428] Building C object CMakeFiles/app.dir/mnt/host/source/src/platform/ec/build/zephyr/rex-ish-ec/modules/ec/common/usb_pd_host_cmd.c.obj
[pujjoga:ro] [40/414] Building C object zephyr/CMakeFiles/zephyr.dir/subsys/pm/policy/policy_events.c.obj
[rex-ish-ec:rw] [122/428] Building C object CMakeFiles/app.dir/mnt/host/source/src/platform/ec/build/zephyr/rex-ish-ec/modules/ec/common/usbc/usb_pd_host.c.obj
[pujjoga:ro] [41/414] Building C object zephyr/CMakeFiles/zephyr.dir/subsys/pm/policy/policy_latency.c.obj
[pujjoga:ro] [42/414] Building C object zephyr/CMakeFiles/zephyr.dir/subsys/pm/policy/policy_state_lock.c.obj
[rex-ish-ec:rw] [123/428] Building C object CMakeFiles/app.dir/mnt/host/source/src/platform/ec/build/zephyr/rex-ish-ec/modules/ec/zephyr/shim/src/tcpc.c.obj
[pujjoga:ro] [43/414] Building C object zephyr/CMakeFiles/zephyr.dir/subsys/pm/device.c.obj
[/mnt/host/source/src/platform/ec/build/zephyr/kanix-lcov]   /mnt/host/source/src/platform/ec/build/zephyr/kanix/build-rw/modules/ec/zephyr/CMakeFiles/ec_shim.dir/shim/src/keyscan.c.gcno:no functions found
[/mnt/host/source/src/platform/ec/build/zephyr/kanix-lcov] stderr:
[pujjoga:ro] [44/414] Building C object zephyr/CMakeFiles/zephyr.dir/subsys/pm/device_system_managed.c.obj
[rex-ish-ec:rw] [124/428] Building C object CMakeFiles/app.dir/mnt/host/source/src/platform/ec/build/zephyr/rex-ish-ec/modules/ec/common/usb_pd_host_cmd_common.c.obj
[pujjoga:ro] [45/414] Building C object zephyr/CMakeFiles/zephyr.dir/subsys/testsuite/coverage/coverage.c.obj
[pujjoga:ro] [46/414] Building C object zephyr/CMakeFiles/zephyr.dir/subsys/tracing/tracing_none.c.obj
[rex-ish-ec:rw] [125/428] Building C object CMakeFiles/app.dir/mnt/host/source/src/platform/ec/build/zephyr/rex-ish-ec/modules/ec/common/usbc_ocp.c.obj
[pujjoga:ro] [47/414] Building C object zephyr/CMakeFiles/zephyr.dir/subsys/shell/modules/kernel_service/kernel_shell.c.obj
[matsu_it82000:ro] [13/376] Building C object CMakeFiles/app.dir/mnt/host/source/src/platform/ec/zephyr/subsys/ap_pwrseq/ap_power_interface.c.obj
[pujjoga:ro] [48/414] Building C object zephyr/CMakeFiles/zephyr.dir/subsys/shell/modules/kernel_service/cycles.c.obj
[rex-ish-ec:rw] [126/428] Building C object CMakeFiles/app.dir/mnt/host/source/src/platform/ec/build/zephyr/rex-ish-ec/modules/ec/common/usb_pd_discovery.c.obj
[pujjoga:ro] [49/414] Building C object zephyr/CMakeFiles/zephyr.dir/subsys/shell/modules/kernel_service/sleep.c.obj
[rex-ish-ec:rw] [127/428] Building C object CMakeFiles/app.dir/mnt/host/source/src/platform/ec/build/zephyr/rex-ish-ec/modules/ec/common/usb_pd_dual_role.c.obj
[pujjoga:ro] [50/414] Building C object zephyr/CMakeFiles/zephyr.dir/subsys/shell/modules/kernel_service/uptime.c.obj
[rex-ish-ec:rw] [128/428] Building C object CMakeFiles/app.dir/mnt/host/source/src/platform/ec/build/zephyr/rex-ish-ec/modules/ec/driver/tcpm/nct38xx.c.obj
[pujjoga:ro] [51/414] Building C object zephyr/CMakeFiles/zephyr.dir/subsys/shell/modules/kernel_service/version.c.obj
[rex-ish-ec:rw] [129/428] Building C object CMakeFiles/app.dir/mnt/host/source/src/platform/ec/build/zephyr/rex-ish-ec/modules/ec/driver/tcpm/ps8xxx.c.obj
[pujjoga:ro] [52/414] Building C object zephyr/CMakeFiles/zephyr.dir/subsys/shell/modules/kernel_service/thread/thread.c.obj
[rex-ish-ec:rw] [130/428] Building C object CMakeFiles/app.dir/mnt/host/source/src/platform/ec/build/zephyr/rex-ish-ec/modules/ec/driver/tcpm/rt1715.c.obj
[pujjoga:ro] [53/414] Building C object zephyr/CMakeFiles/zephyr.dir/subsys/shell/modules/kernel_service/thread/list.c.obj
[pujjoga:ro] [54/414] Building C object zephyr/CMakeFiles/zephyr.dir/subsys/shell/modules/kernel_service/thread/stacks.c.obj
[rex-ish-ec:rw] [131/428] Building C object CMakeFiles/app.dir/mnt/host/source/src/platform/ec/build/zephyr/rex-ish-ec/modules/ec/driver/tcpm/tcpci.c.obj
[pujjoga:ro] [55/414] Building C object zephyr/CMakeFiles/zephyr.dir/subsys/shell/modules/kernel_service/thread/suspend.c.obj
[rex-ish-ec:rw] [132/428] Building C object CMakeFiles/app.dir/mnt/host/source/src/platform/ec/build/zephyr/rex-ish-ec/modules/ec/common/usbc_ppc.c.obj
[pujjoga:ro] [56/414] Building C object zephyr/CMakeFiles/zephyr.dir/subsys/shell/modules/kernel_service/thread/resume.c.obj
[rex-ish-ec:rw] [133/428] Building C object CMakeFiles/app.dir/mnt/host/source/src/platform/ec/build/zephyr/rex-ish-ec/modules/ec/driver/ppc/ktu1125.c.obj
[matsu_it82000:rw] [66/376] Building C object CMakeFiles/app.dir/mnt/host/source/src/platform/ec/build/zephyr/matsu_it82000/modules/ec/common/ap_reset_log.c.obj
[pujjoga:ro] [57/414] Building C object zephyr/CMakeFiles/zephyr.dir/subsys/shell/modules/kernel_service/thread/kill.c.obj
[rex-ish-ec:rw] [134/428] Building C object CMakeFiles/app.dir/mnt/host/source/src/platform/ec/build/zephyr/rex-ish-ec/modules/ec/driver/ppc/nx20p348x.c.obj
[pujjoga:ro] [58/414] Building C object zephyr/CMakeFiles/zephyr.dir/subsys/shell/backends/shell_uart.c.obj
[rex-ish-ec:rw] [135/428] Building C object CMakeFiles/app.dir/mnt/host/source/src/platform/ec/build/zephyr/rex-ish-ec/modules/ec/driver/ppc/syv682x.c.obj
[pujjoga:ro] [59/414] Building C object zephyr/CMakeFiles/zephyr.dir/subsys/shell/shell.c.obj
[rex-ish-ec:rw] [136/428] Building C object CMakeFiles/app.dir/mnt/host/source/src/platform/ec/build/zephyr/rex-ish-ec/modules/ec/common/vboot_hash.c.obj
[matsu_it82000:rw] [67/376] Building C object CMakeFiles/app.dir/mnt/host/source/src/platform/ec/build/zephyr/matsu_it82000/modules/ec/common/dptf.c.obj
[rex-ish-ec:rw] [137/428] Building C object CMakeFiles/app.dir/mnt/host/source/src/platform/ec/build/zephyr/rex-ish-ec/modules/ec/common/button.c.obj
[pujjoga:ro] [60/414] Building C object zephyr/CMakeFiles/zephyr.dir/subsys/shell/shell_fprintf.c.obj
[rex-ish-ec:rw] [138/428] Building C object CMakeFiles/app.dir/mnt/host/source/src/platform/ec/build/zephyr/rex-ish-ec/modules/ec/common/vboot/efs2.c.obj
[pujjoga:ro] [61/414] Building C object zephyr/CMakeFiles/zephyr.dir/subsys/shell/shell_utils.c.obj
[rex-ish-ec:rw] [139/428] Building C object CMakeFiles/app.dir/mnt/host/source/src/platform/ec/build/zephyr/rex-ish-ec/modules/ec/common/vstore.c.obj
[pujjoga:ro] [62/414] Building C object zephyr/CMakeFiles/zephyr.dir/subsys/shell/shell_ops.c.obj
[matsu_it82000:rw] [68/376] Building C object CMakeFiles/app.dir/mnt/host/source/src/platform/ec/build/zephyr/matsu_it82000/modules/ec/common/extpower_common.c.obj
[rex-ish-ec:rw] [140/428] Building C object CMakeFiles/app.dir/mnt/host/source/src/platform/ec/build/zephyr/rex-ish-ec/modules/ec/common/math_util.c.obj
[pujjoga:ro] [63/414] Building C object zephyr/CMakeFiles/zephyr.dir/subsys/shell/shell_help.c.obj
[matsu_it82000:rw] [69/376] Building C object CMakeFiles/app.dir/mnt/host/source/src/platform/ec/build/zephyr/matsu_it82000/modules/ec/common/espi.c.obj
[rex-ish-ec:rw] [141/428] Building C object CMakeFiles/app.dir/src/board_power.c.obj
[pujjoga:ro] [64/414] Building C object zephyr/CMakeFiles/zephyr.dir/subsys/shell/shell_history.c.obj
[rex-ish-ec:rw] [142/428] Building C object CMakeFiles/app.dir/src/battery_present.c.obj
[pujjoga:ro] [65/414] Building C object zephyr/CMakeFiles/zephyr.dir/drivers/flash/flash_util.c.obj
[rex-ish-ec:rw] [143/428] Building C object CMakeFiles/app.dir/src/usbc_config.c.obj
[rex-ish-ec:rw] [144/428] Building C object CMakeFiles/app.dir/src/usb_pd_policy.c.obj
[rex-ish-ec:rw] [145/428] Building C object CMakeFiles/app.dir/rex/src/usb_mux_config.c.obj
[rex-ish-ec:rw] [146/428] Building C object CMakeFiles/app.dir/rex/src/i2c_policy.c.obj
[rex-ish-ec:ro] [12/428] Building C object zephyr/CMakeFiles/zephyr.dir/lib/heap/heap.c.obj
[rex-ish-ec:rw] [147/428] Building C object CMakeFiles/app.dir/rex/src/usbc_config.c.obj
[matsu_it82000:rw] [70/376] Building C object CMakeFiles/app.dir/mnt/host/source/src/platform/ec/build/zephyr/matsu_it82000/modules/ec/common/extpower_gpio.c.obj
[pujjoga:ro] [66/414] Linking C static library zephyr/libzephyr.a
[pujjoga:ro] [67/414] Building C object zephyr/arch/common/CMakeFiles/arch__common.dir/sw_isr_common.c.obj
[pujjoga:ro] [68/414] Building C object zephyr/arch/common/CMakeFiles/arch__common.dir/init.c.obj
[pujjoga:ro] [69/414] Building C object zephyr/arch/common/CMakeFiles/arch__common.dir/xip.c.obj
[pujjoga:ro] [70/414] Building C object zephyr/arch/common/CMakeFiles/isr_tables.dir/isr_tables.c.obj
[rex-ish-ec:rw] [148/428] Linking C static library app/libapp.a
[pujjoga:ro] [71/414] Linking C static library zephyr/arch/common/libisr_tables.a
[rex-ish-ec:rw] [149/428] Building C object zephyr/CMakeFiles/zephyr.dir/lib/libc/validate_libc.c.obj
[rex-ish-ec:rw] [150/428] Building C object zephyr/CMakeFiles/zephyr.dir/lib/heap/heap.c.obj
[pujjoga:ro] [72/414] Linking C static library zephyr/arch/common/libarch__common.a
[rex-ish-ec:rw] [151/428] Building C object zephyr/CMakeFiles/zephyr.dir/lib/os/cbprintf_packaged.c.obj
[pujjoga:ro] [73/414] Building C object zephyr/arch/arch/arm/core/CMakeFiles/arch__arm__core.dir/fatal.c.obj
[rex-ish-ec:rw] [152/428] Building C object zephyr/CMakeFiles/zephyr.dir/lib/os/clock.c.obj
[rex-ish-ec:rw] [153/428] Building C object zephyr/CMakeFiles/zephyr.dir/lib/os/printk.c.obj
[rex-ish-ec:rw] [154/428] Building C object zephyr/CMakeFiles/zephyr.dir/lib/os/sem.c.obj
[pujjoga:ro] [74/414] Building C object zephyr/arch/arch/arm/core/CMakeFiles/arch__arm__core.dir/nmi.c.obj
[rex-ish-ec:rw] [155/428] Building C object zephyr/CMakeFiles/zephyr.dir/lib/os/thread_entry.c.obj
[rex-ish-ec:rw] [156/428] Building C object zephyr/CMakeFiles/zephyr.dir/lib/os/cbprintf_nano.c.obj
[rex-ish-ec:rw] [157/428] Building C object zephyr/CMakeFiles/zephyr.dir/lib/os/cbprintf.c.obj
[rex-ish-ec:rw] [158/428] Building C object zephyr/CMakeFiles/zephyr.dir/lib/os/assert.c.obj
[matsu_it82000:rw] [71/376] Building C object CMakeFiles/app.dir/mnt/host/source/src/platform/ec/build/zephyr/matsu_it82000/modules/ec/common/fan.c.obj
[matsu_it82000:rw] [72/376] Building C object CMakeFiles/app.dir/mnt/host/source/src/platform/ec/build/zephyr/matsu_it82000/modules/ec/common/host_command.c.obj
[rex-ish-ec:rw] [159/428] Building C object zephyr/CMakeFiles/zephyr.dir/lib/utils/dec.c.obj
[rex-ish-ec:rw] [160/428] Building C object zephyr/CMakeFiles/zephyr.dir/lib/utils/hex.c.obj
[rex-ish-ec:rw] [161/428] Building C object zephyr/CMakeFiles/zephyr.dir/lib/utils/rb.c.obj
[rex-ish-ec:rw] [162/428] Building C object zephyr/CMakeFiles/zephyr.dir/lib/utils/timeutil.c.obj
[rex-ish-ec:rw] [163/428] Building C object zephyr/CMakeFiles/zephyr.dir/lib/utils/bitarray.c.obj
[rex-ish-ec:rw] [164/428] Building C object zephyr/CMakeFiles/zephyr.dir/lib/utils/bitmask.c.obj
[rex-ish-ec:rw] [165/428] Building C object zephyr/CMakeFiles/zephyr.dir/lib/utils/getopt/getopt.c.obj
[matsu_it82000:rw] [73/376] Building C object CMakeFiles/app.dir/mnt/host/source/src/platform/ec/build/zephyr/matsu_it82000/modules/ec/common/flash.c.obj
[rex-ish-ec:rw] [166/428] Building C object zephyr/CMakeFiles/zephyr.dir/lib/utils/getopt/getopt_common.c.obj
[rex-ish-ec:rw] [167/428] Building C object zephyr/CMakeFiles/zephyr.dir/lib/utils/ring_buffer.c.obj
[rex-ish-ec:rw] [168/428] Building C object zephyr/CMakeFiles/zephyr.dir/lib/utils/last_section_id.c.obj
[matsu_it82000:ro] [14/376] Building C object CMakeFiles/app.dir/mnt/host/source/src/platform/ec/zephyr/subsys/ap_pwrseq/power_signals.c.obj
[rex-ish-ec:rw] [169/428] Building C object zephyr/CMakeFiles/zephyr.dir/misc/generated/configs.c.obj
[rex-ish-ec:rw] [170/428] Building C object zephyr/CMakeFiles/zephyr.dir/soc/nuvoton/npcx/common/power.c.obj
[pujjoga:ro] [75/414] Building ASM object zephyr/arch/arch/arm/core/CMakeFiles/arch__arm__core.dir/nmi_on_reset.S.obj
[rex-ish-ec:rw] [171/428] Building C object zephyr/CMakeFiles/zephyr.dir/soc/nuvoton/npcx/common/scfg.c.obj
[rex-ish-ec:rw] [172/428] Building C object zephyr/CMakeFiles/zephyr.dir/soc/nuvoton/npcx/common/npcxn/registers.c.obj
[rex-ish-ec:rw] [173/428] Building C object zephyr/CMakeFiles/zephyr.dir/soc/nuvoton/npcx/npcx9/soc.c.obj
[/mnt/host/source/src/platform/ec/build/zephyr/quartz-lcov]   /mnt/host/source/src/platform/ec/build/zephyr/quartz/build-ro/zephyr/CMakeFiles/zephyr.dir/soc/nuvoton/npcx/common/npcxn/registers.c.gcno:no functions found
[/mnt/host/source/src/platform/ec/build/zephyr/quartz-lcov] stderr:
[rex-ish-ec:rw] [174/428] Building C object zephyr/CMakeFiles/zephyr.dir/subsys/logging/log_minimal.c.obj
[rex-ish-ec:rw] [175/428] Building C object zephyr/CMakeFiles/zephyr.dir/subsys/mem_mgmt/mem_attr.c.obj
[pujjoga:ro] [76/414] Linking C static library zephyr/arch/arch/arm/core/libarch__arm__core.a
[rex-ish-ec:rw] [176/428] Building C object zephyr/CMakeFiles/zephyr.dir/subsys/pm/pm.c.obj
[pujjoga:ro] [77/414] Building C object zephyr/arch/arch/arm/core/cortex_m/CMakeFiles/arch__arm__core__cortex_m.dir/exc_exit.c.obj
[rex-ish-ec:rw] [177/428] Building C object zephyr/CMakeFiles/zephyr.dir/subsys/pm/state.c.obj
[pujjoga:ro] [78/414] Building C object zephyr/arch/arch/arm/core/cortex_m/CMakeFiles/arch__arm__core__cortex_m.dir/fault.c.obj
[rex-ish-ec:rw] [178/428] Building C object zephyr/CMakeFiles/zephyr.dir/subsys/pm/policy/policy_events.c.obj
[rex-ish-ec:rw] [179/428] Building C object zephyr/CMakeFiles/zephyr.dir/subsys/pm/policy/policy_latency.c.obj
[matsu_it82000:rw] [74/376] Building C object CMakeFiles/app.dir/mnt/host/source/src/platform/ec/build/zephyr/matsu_it82000/modules/ec/common/uart_hostcmd.c.obj
[matsu_it82000:rw] [75/376] Building C object CMakeFiles/app.dir/mnt/host/source/src/platform/ec/build/zephyr/matsu_it82000/modules/ec/common/uptime.c.obj
[rex-ish-ec:rw] [180/428] Building C object zephyr/CMakeFiles/zephyr.dir/subsys/pm/policy/policy_state_lock.c.obj
[rex-ish-ec:rw] [181/428] Building C object zephyr/CMakeFiles/zephyr.dir/subsys/pm/device.c.obj
[matsu_it82000:rw] [76/376] Building C object CMakeFiles/app.dir/mnt/host/source/src/platform/ec/build/zephyr/matsu_it82000/modules/ec/common/host_command_task.c.obj
[rex-ish-ec:rw] [182/428] Building C object zephyr/CMakeFiles/zephyr.dir/subsys/pm/device_system_managed.c.obj
[rex-ish-ec:rw] [183/428] Building C object zephyr/CMakeFiles/zephyr.dir/subsys/testsuite/coverage/coverage.c.obj
[rex-ish-ec:rw] [184/428] Building C object zephyr/CMakeFiles/zephyr.dir/subsys/tracing/tracing_none.c.obj
[rex-ish-ec:ro] [13/428] Building C object zephyr/CMakeFiles/zephyr.dir/lib/os/cbprintf_packaged.c.obj
[rex-ish-ec:rw] [185/428] Building C object zephyr/CMakeFiles/zephyr.dir/subsys/shell/modules/kernel_service/kernel_shell.c.obj
[rex-ish-ec:rw] [186/428] Building C object zephyr/CMakeFiles/zephyr.dir/subsys/shell/modules/kernel_service/cycles.c.obj
[rex-ish-ec:rw] [187/428] Building C object zephyr/CMakeFiles/zephyr.dir/subsys/shell/modules/kernel_service/sleep.c.obj
[pujjoga:ro] [79/414] Building ASM object zephyr/arch/arch/arm/core/cortex_m/CMakeFiles/arch__arm__core__cortex_m.dir/fault_s.S.obj
[rex-ish-ec:rw] [188/428] Building C object zephyr/CMakeFiles/zephyr.dir/subsys/shell/modules/kernel_service/uptime.c.obj
[pujjoga:ro] [80/414] Building C object zephyr/arch/arch/arm/core/cortex_m/CMakeFiles/arch__arm__core__cortex_m.dir/fpu.c.obj
[rex-ish-ec:rw] [189/428] Building C object zephyr/CMakeFiles/zephyr.dir/subsys/shell/modules/kernel_service/version.c.obj
[rex-ish-ec:rw] [190/428] Building C object zephyr/CMakeFiles/zephyr.dir/subsys/shell/modules/kernel_service/thread/thread.c.obj
[rex-ish-ec:rw] [191/428] Building C object zephyr/CMakeFiles/zephyr.dir/subsys/shell/modules/kernel_service/thread/list.c.obj
[rex-ish-ec:rw] [192/428] Building C object zephyr/CMakeFiles/zephyr.dir/subsys/shell/modules/kernel_service/thread/stacks.c.obj
[matsu_it82000:rw] [77/376] Building C object CMakeFiles/app.dir/mnt/host/source/src/platform/ec/build/zephyr/matsu_it82000/modules/ec/common/host_event_commands.c.obj
[rex-ish-ec:rw] [193/428] Building C object zephyr/CMakeFiles/zephyr.dir/subsys/shell/modules/kernel_service/thread/suspend.c.obj
[rex-ish-ec:rw] [194/428] Building C object zephyr/CMakeFiles/zephyr.dir/subsys/shell/modules/kernel_service/thread/resume.c.obj
[rex-ish-ec:rw] [195/428] Building C object zephyr/CMakeFiles/zephyr.dir/subsys/shell/modules/kernel_service/thread/kill.c.obj
[rex-ish-ec:rw] [196/428] Building C object zephyr/CMakeFiles/zephyr.dir/subsys/shell/backends/shell_uart.c.obj
[rex-ish-ec:rw] [197/428] Building C object zephyr/CMakeFiles/zephyr.dir/subsys/shell/shell.c.obj
[rex-ish-ec:rw] [198/428] Building C object zephyr/CMakeFiles/zephyr.dir/subsys/shell/shell_fprintf.c.obj
[rex-ish-ec:rw] [199/428] Building C object zephyr/CMakeFiles/zephyr.dir/subsys/shell/shell_utils.c.obj
[rex-ish-ec:rw] [200/428] Building C object zephyr/CMakeFiles/zephyr.dir/subsys/shell/shell_ops.c.obj
[rex-ish-ec:rw] [201/428] Building C object zephyr/CMakeFiles/zephyr.dir/subsys/shell/shell_history.c.obj
[rex-ish-ec:rw] [202/428] Building C object zephyr/CMakeFiles/zephyr.dir/drivers/flash/flash_util.c.obj
[matsu_it82000:rw] [78/376] Building C object CMakeFiles/app.dir/mnt/host/source/src/platform/ec/build/zephyr/matsu_it82000/modules/ec/common/i2c_controller.c.obj
[matsu_it82000:rw] [79/376] Building C object CMakeFiles/app.dir/mnt/host/source/src/platform/ec/build/zephyr/matsu_it82000/modules/ec/common/keyboard_8042_sharedlib.c.obj
[rex-ish-ec:rw] [203/428] Linking C static library zephyr/libzephyr.a
[rex-ish-ec:rw] [204/428] Building C object zephyr/arch/common/CMakeFiles/arch__common.dir/sw_isr_common.c.obj
[matsu_it82000:ro] [15/376] Building C object CMakeFiles/app.dir/mnt/host/source/src/platform/ec/zephyr/subsys/ap_pwrseq/signal_gpio.c.obj
[rex-ish-ec:rw] [205/428] Building C object zephyr/arch/common/CMakeFiles/arch__common.dir/init.c.obj
[matsu_it82000:rw] [80/376] Building C object CMakeFiles/app.dir/mnt/host/source/src/platform/ec/build/zephyr/matsu_it82000/modules/ec/common/i2c_passthru.c.obj
[rex-ish-ec:rw] [206/428] Building C object zephyr/arch/common/CMakeFiles/arch__common.dir/xip.c.obj
[rex-ish-ec:rw] [207/428] Building C object zephyr/arch/common/CMakeFiles/isr_tables.dir/isr_tables.c.obj
[matsu_it82000:rw] [81/376] Building C object CMakeFiles/app.dir/mnt/host/source/src/platform/ec/build/zephyr/matsu_it82000/modules/ec/common/mkbp_fifo.c.obj
[matsu_it82000:rw] [82/376] Building C object CMakeFiles/app.dir/mnt/host/source/src/platform/ec/build/zephyr/matsu_it82000/modules/ec/common/mkbp_info.c.obj
[matsu_it82000:rw] [83/376] Building C object CMakeFiles/app.dir/mnt/host/source/src/platform/ec/build/zephyr/matsu_it82000/modules/ec/common/keyboard_8042.c.obj
[rex-ish-ec:rw] [208/428] Linking C static library zephyr/arch/common/libisr_tables.a
[pujjoga:ro] [81/414] Building ASM object zephyr/arch/arch/arm/core/cortex_m/CMakeFiles/arch__arm__core__cortex_m.dir/reset.S.obj
[rex-ish-ec:rw] [209/428] Linking C static library zephyr/arch/common/libarch__common.a
[rex-ish-ec:ro] [14/428] Building C object zephyr/CMakeFiles/zephyr.dir/lib/os/clock.c.obj
[pujjoga:ro] [82/414] Building C object zephyr/arch/arch/arm/core/cortex_m/CMakeFiles/arch__arm__core__cortex_m.dir/scb.c.obj
[rex-ish-ec:rw] [210/428] Building C object zephyr/arch/arch/arm/core/CMakeFiles/arch__arm__core.dir/fatal.c.obj
[rex-ish-ec:rw] [211/428] Building C object zephyr/arch/arch/arm/core/CMakeFiles/arch__arm__core.dir/nmi.c.obj
[pujjoga:ro] [83/414] Building C object zephyr/arch/arch/arm/core/cortex_m/CMakeFiles/arch__arm__core__cortex_m.dir/thread_abort.c.obj
[matsu_it82000:rw] [84/376] Building C object CMakeFiles/app.dir/mnt/host/source/src/platform/ec/build/zephyr/matsu_it82000/modules/ec/common/mkbp_input_devices.c.obj
[rex-ish-ec:rw] [212/428] Building ASM object zephyr/arch/arch/arm/core/CMakeFiles/arch__arm__core.dir/nmi_on_reset.S.obj
[rex-ish-ec:rw] [213/428] Linking C static library zephyr/arch/arch/arm/core/libarch__arm__core.a
[matsu_it82000:rw] [85/376] Building C object CMakeFiles/app.dir/mnt/host/source/src/platform/ec/build/zephyr/matsu_it82000/modules/ec/common/keyboard_backlight.c.obj
[rex-ish-ec:rw] [214/428] Building C object zephyr/arch/arch/arm/core/cortex_m/CMakeFiles/arch__arm__core__cortex_m.dir/exc_exit.c.obj
[rex-ish-ec:rw] [215/428] Building C object zephyr/arch/arch/arm/core/cortex_m/CMakeFiles/arch__arm__core__cortex_m.dir/fault.c.obj
[pujjoga:ro] [84/414] Building ASM object zephyr/arch/arch/arm/core/cortex_m/CMakeFiles/arch__arm__core__cortex_m.dir/vector_table.S.obj
[matsu_it82000:rw] [86/376] Building C object CMakeFiles/app.dir/mnt/host/source/src/platform/ec/build/zephyr/matsu_it82000/modules/ec/common/led_common.c.obj
[rex-ish-ec:rw] [216/428] Building ASM object zephyr/arch/arch/arm/core/cortex_m/CMakeFiles/arch__arm__core__cortex_m.dir/fault_s.S.obj
[rex-ish-ec:rw] [217/428] Building C object zephyr/arch/arch/arm/core/cortex_m/CMakeFiles/arch__arm__core__cortex_m.dir/fpu.c.obj
[matsu_it82000:rw] [87/376] Building C object CMakeFiles/app.dir/mnt/host/source/src/platform/ec/build/zephyr/matsu_it82000/modules/ec/common/lid_switch.c.obj
[matsu_it82000:rw] [88/376] Building C object CMakeFiles/app.dir/mnt/host/source/src/platform/ec/build/zephyr/matsu_it82000/modules/ec/common/mkbp_event.c.obj
[matsu_it82000:ro] [16/376] Building C object CMakeFiles/app.dir/mnt/host/source/src/platform/ec/zephyr/subsys/ap_pwrseq/signal_vw.c.obj
[rex-ish-ec:ro] [15/428] Building C object zephyr/CMakeFiles/zephyr.dir/lib/os/printk.c.obj
[matsu_it82000:rw] [89/376] Building C object CMakeFiles/app.dir/mnt/host/source/src/platform/ec/build/zephyr/matsu_it82000/modules/ec/common/port80.c.obj
[matsu_it82000:rw] [90/376] Building C object CMakeFiles/app.dir/mnt/host/source/src/platform/ec/build/zephyr/matsu_it82000/modules/ec/common/power_button.c.obj
[matsu_it82000:rw] [91/376] Building C object CMakeFiles/app.dir/mnt/host/source/src/platform/ec/build/zephyr/matsu_it82000/modules/ec/common/panic_output.c.obj
[matsu_it82000:rw] [92/376] Building C object CMakeFiles/app.dir/mnt/host/source/src/platform/ec/build/zephyr/matsu_it82000/modules/ec/power/hibernate.c.obj
[pujjoga:ro] [85/414] Building ASM object zephyr/arch/arch/arm/core/cortex_m/CMakeFiles/arch__arm__core__cortex_m.dir/swap_helper.S.obj
[pujjoga:ro] [86/414] Building C object zephyr/arch/arch/arm/core/cortex_m/CMakeFiles/arch__arm__core__cortex_m.dir/irq_manage.c.obj
[pujjoga:ro] [87/414] Building C object zephyr/arch/arch/arm/core/cortex_m/CMakeFiles/arch__arm__core__cortex_m.dir/prep_c.c.obj
[matsu_it82000:rw] [93/376] Building C object CMakeFiles/app.dir/mnt/host/source/src/platform/ec/build/zephyr/matsu_it82000/modules/ec/common/shared_mem.c.obj
[pujjoga:ro] [88/414] Building C object zephyr/arch/arch/arm/core/cortex_m/CMakeFiles/arch__arm__core__cortex_m.dir/thread.c.obj
[rex-ish-ec:rw] [218/428] Building ASM object zephyr/arch/arch/arm/core/cortex_m/CMakeFiles/arch__arm__core__cortex_m.dir/reset.S.obj
[pujjoga:ro] [89/414] Building C object zephyr/arch/arch/arm/core/cortex_m/CMakeFiles/arch__arm__core__cortex_m.dir/cpu_idle.c.obj
[rex-ish-ec:rw] [219/428] Building C object zephyr/arch/arch/arm/core/cortex_m/CMakeFiles/arch__arm__core__cortex_m.dir/scb.c.obj
[pujjoga:ro] [90/414] Building C object zephyr/arch/arch/arm/core/cortex_m/CMakeFiles/arch__arm__core__cortex_m.dir/irq_init.c.obj
[rex-ish-ec:rw] [220/428] Building C object zephyr/arch/arch/arm/core/cortex_m/CMakeFiles/arch__arm__core__cortex_m.dir/thread_abort.c.obj
[pujjoga:ro] [91/414] Building C object zephyr/arch/arch/arm/core/cortex_m/CMakeFiles/arch__arm__core__cortex_m.dir/isr_wrapper.c.obj
[/mnt/host/source/src/platform/ec/build/zephyr/quartz-lcov]   /mnt/host/source/src/platform/ec/build/zephyr/quartz/build-ro/zephyr/drivers/sensor/CMakeFiles/drivers__sensor.dir/mnt/host/source/src/third_party/zephyr/main/misc/empty_file.c.gcno:no functions found
[/mnt/host/source/src/platform/ec/build/zephyr/quartz-lcov] stderr:
[matsu_it82000:rw] [94/376] Building C object CMakeFiles/app.dir/mnt/host/source/src/platform/ec/build/zephyr/matsu_it82000/modules/ec/common/switch.c.obj
[pujjoga:ro] [92/414] Linking C static library zephyr/arch/arch/arm/core/cortex_m/libarch__arm__core__cortex_m.a
[pujjoga:ro] [93/414] Building C object zephyr/arch/arch/arm/core/mpu/CMakeFiles/arch__arm__core__mpu.dir/arm_core_mpu.c.obj
[pujjoga:ro] [94/414] Building C object zephyr/arch/arch/arm/core/mpu/CMakeFiles/arch__arm__core__mpu.dir/arm_mpu.c.obj
[pujjoga:ro] [95/414] Building C object zephyr/arch/arch/arm/core/mpu/CMakeFiles/arch__arm__core__mpu.dir/arm_mpu_regions.c.obj
[matsu_it82000:rw] [95/376] Building C object CMakeFiles/app.dir/mnt/host/source/src/platform/ec/build/zephyr/matsu_it82000/modules/ec/common/temp_sensor.c.obj
[rex-ish-ec:ro] [16/428] Building C object zephyr/CMakeFiles/zephyr.dir/lib/os/sem.c.obj
[pujjoga:ro] [96/414] Linking C static library zephyr/arch/arch/arm/core/mpu/libarch__arm__core__mpu.a
[matsu_it82000:rw] [96/376] Building C object CMakeFiles/app.dir/mnt/host/source/src/platform/ec/build/zephyr/matsu_it82000/modules/ec/common/thermal.c.obj
[matsu_it82000:rw] [97/376] Building C object CMakeFiles/app.dir/mnt/host/source/src/platform/ec/build/zephyr/matsu_it82000/modules/ec/driver/temp_sensor/thermistor.c.obj
[rex-ish-ec:rw] [221/428] Building ASM object zephyr/arch/arch/arm/core/cortex_m/CMakeFiles/arch__arm__core__cortex_m.dir/vector_table.S.obj
[pujjoga:ro] [97/414] Generating ../../../include/generated/libc/minimal/strerror_table.h
[pujjoga:ro] [98/414] Building C object zephyr/lib/libc/minimal/CMakeFiles/lib__libc__minimal.dir/source/stdlib/atoi.c.obj
[matsu_it82000:rw] [98/376] Building C object CMakeFiles/app.dir/mnt/host/source/src/platform/ec/build/zephyr/matsu_it82000/modules/ec/common/timer.c.obj
[matsu_it82000:ro] [17/376] Building C object CMakeFiles/app.dir/mnt/host/source/src/platform/ec/zephyr/subsys/ap_pwrseq/ap_pwrseq.c.obj
[pujjoga:ro] [99/414] Building C object zephyr/lib/libc/minimal/CMakeFiles/lib__libc__minimal.dir/source/stdlib/strtol.c.obj
[pujjoga:ro] [100/414] Building C object zephyr/lib/libc/minimal/CMakeFiles/lib__libc__minimal.dir/source/stdlib/strtoul.c.obj
[matsu_it82000:rw] [99/376] Building C object CMakeFiles/app.dir/mnt/host/source/src/platform/ec/build/zephyr/matsu_it82000/modules/ec/common/usbc_utils.c.obj
[pujjoga:ro] [101/414] Building C object zephyr/lib/libc/minimal/CMakeFiles/lib__libc__minimal.dir/source/stdlib/strtoll.c.obj
[pujjoga:ro] [102/414] Building C object zephyr/lib/libc/minimal/CMakeFiles/lib__libc__minimal.dir/source/stdlib/strtoull.c.obj
[pujjoga:ro] [103/414] Building C object zephyr/lib/libc/minimal/CMakeFiles/lib__libc__minimal.dir/source/stdlib/bsearch.c.obj
[pujjoga:ro] [104/414] Building C object zephyr/lib/libc/minimal/CMakeFiles/lib__libc__minimal.dir/source/stdlib/exit.c.obj
[pujjoga:ro] [105/414] Building C object zephyr/lib/libc/minimal/CMakeFiles/lib__libc__minimal.dir/source/stdlib/qsort.c.obj
[pujjoga:ro] [106/414] Building C object zephyr/lib/libc/minimal/CMakeFiles/lib__libc__minimal.dir/source/string/strerror.c.obj
[pujjoga:ro] [107/414] Building C object zephyr/lib/libc/minimal/CMakeFiles/lib__libc__minimal.dir/source/string/strncasecmp.c.obj
[pujjoga:ro] [108/414] Building C object zephyr/lib/libc/minimal/CMakeFiles/lib__libc__minimal.dir/source/string/strstr.c.obj
[pujjoga:ro] [109/414] Building C object zephyr/lib/libc/minimal/CMakeFiles/lib__libc__minimal.dir/source/string/string.c.obj
[pujjoga:ro] [110/414] Building C object zephyr/lib/libc/minimal/CMakeFiles/lib__libc__minimal.dir/source/string/strspn.c.obj
[pujjoga:ro] [111/414] Building C object zephyr/lib/libc/minimal/CMakeFiles/lib__libc__minimal.dir/source/stdout/stdout_console.c.obj
[pujjoga:ro] [112/414] Building C object zephyr/lib/libc/minimal/CMakeFiles/lib__libc__minimal.dir/source/stdout/sprintf.c.obj
[matsu_it82000:rw] [100/376] Building C object CMakeFiles/app.dir/mnt/host/source/src/platform/ec/build/zephyr/matsu_it82000/modules/ec/common/usb_port_power_dumb.c.obj
[pujjoga:ro] [113/414] Building C object zephyr/lib/libc/minimal/CMakeFiles/lib__libc__minimal.dir/source/stdout/fprintf.c.obj
[pujjoga:ro] [114/414] Building C object zephyr/lib/libc/minimal/CMakeFiles/lib__libc__minimal.dir/source/math/sqrtf.c.obj
[pujjoga:ro] [115/414] Building C object zephyr/lib/libc/minimal/CMakeFiles/lib__libc__minimal.dir/source/math/sqrt.c.obj
[pujjoga:ro] [116/414] Building C object zephyr/lib/libc/minimal/CMakeFiles/lib__libc__minimal.dir/source/time/gmtime.c.obj
[pujjoga:ro] [117/414] Linking C static library zephyr/lib/libc/minimal/liblib__libc__minimal.a
[pujjoga:ro] [118/414] Building C object zephyr/lib/libc/common/CMakeFiles/lib__libc__common.dir/source/stdlib/abort.c.obj
[pujjoga:ro] [119/414] Building C object zephyr/lib/libc/common/CMakeFiles/lib__libc__common.dir/source/time/asctime.c.obj
[pujjoga:ro] [120/414] Building C object zephyr/lib/libc/common/CMakeFiles/lib__libc__common.dir/source/time/gmtime_r.c.obj
[pujjoga:ro] [121/414] Building C object zephyr/lib/libc/common/CMakeFiles/lib__libc__common.dir/source/time/localtime_r_utc.c.obj
[pujjoga:ro] [122/414] Building C object zephyr/lib/libc/common/CMakeFiles/lib__libc__common.dir/source/time/ctime.c.obj
[pujjoga:ro] [123/414] Building C object zephyr/lib/libc/common/CMakeFiles/lib__libc__common.dir/source/time/time.c.obj
[pujjoga:ro] [124/414] Building C object zephyr/lib/libc/common/CMakeFiles/lib__libc__common.dir/source/stdlib/malloc.c.obj
[pujjoga:ro] [125/414] Building C object zephyr/lib/libc/common/CMakeFiles/lib__libc__common.dir/source/string/strnlen.c.obj
[matsu_it82000:rw] [101/376] Building C object CMakeFiles/app.dir/mnt/host/source/src/platform/ec/build/zephyr/matsu_it82000/modules/ec/common/usb_common.c.obj
[pujjoga:ro] [126/414] Linking C static library zephyr/lib/libc/common/liblib__libc__common.a
[pujjoga:ro] [127/414] Building C object zephyr/lib/posix/c_lib_ext/CMakeFiles/lib__posix__c_lib_ext.dir/fnmatch.c.obj
[rex-ish-ec:ro] [17/428] Building C object zephyr/CMakeFiles/zephyr.dir/lib/os/thread_entry.c.obj
[pujjoga:ro] [128/414] Building C object zephyr/lib/posix/c_lib_ext/CMakeFiles/lib__posix__c_lib_ext.dir/getentropy.c.obj
[matsu_it82000:rw] [102/376] Building C object CMakeFiles/app.dir/mnt/host/source/src/platform/ec/build/zephyr/matsu_it82000/modules/ec/common/usb_pd_host_cmd_common.c.obj
[matsu_it82000:ro] [18/376] Building C object CMakeFiles/app.dir/mnt/host/source/src/platform/ec/zephyr/subsys/ap_pwrseq/ap_pwrseq_sm.c.obj
[pujjoga:ro] [129/414] Building C object zephyr/lib/posix/c_lib_ext/CMakeFiles/lib__posix__c_lib_ext.dir/getopt_shim.c.obj
[matsu_it82000:rw] [103/376] Building C object CMakeFiles/app.dir/mnt/host/source/src/platform/ec/build/zephyr/matsu_it82000/modules/ec/common/vboot_hash.c.obj
[pujjoga:ro] [130/414] Linking C static library zephyr/lib/posix/c_lib_ext/liblib__posix__c_lib_ext.a
[pujjoga:ro] [131/414] Building C object zephyr/subsys/crc/CMakeFiles/subsys__crc.dir/crc4_sw.c.obj
[pujjoga:ro] [132/414] Building C object zephyr/subsys/crc/CMakeFiles/subsys__crc.dir/crc8_sw.c.obj
[pujjoga:ro] [133/414] Building C object zephyr/subsys/crc/CMakeFiles/subsys__crc.dir/crc16_sw.c.obj
[pujjoga:ro] [134/414] Building C object zephyr/subsys/crc/CMakeFiles/subsys__crc.dir/crc7_sw.c.obj
[matsu_it82000:rw] [104/376] Building C object CMakeFiles/app.dir/mnt/host/source/src/platform/ec/build/zephyr/matsu_it82000/modules/ec/common/math_util.c.obj
[pujjoga:ro] [135/414] Building C object zephyr/subsys/crc/CMakeFiles/subsys__crc.dir/crc24_sw.c.obj
[pujjoga:ro] [136/414] Building C object zephyr/subsys/crc/CMakeFiles/subsys__crc.dir/crc32c_sw.c.obj
[pujjoga:ro] [137/414] Building C object zephyr/subsys/crc/CMakeFiles/subsys__crc.dir/crc32_sw.c.obj
[matsu_it82000:rw] [105/376] Building C object CMakeFiles/app.dir/mnt/host/source/src/platform/ec/build/zephyr/matsu_it82000/modules/ec/common/button.c.obj
[pujjoga:ro] [138/414] Building C object zephyr/subsys/crc/CMakeFiles/subsys__crc.dir/crc32k_4_2_sw.c.obj
[rex-ish-ec:rw] [222/428] Building ASM object zephyr/arch/arch/arm/core/cortex_m/CMakeFiles/arch__arm__core__cortex_m.dir/swap_helper.S.obj
[matsu_it82000:rw] [106/376] Building C object CMakeFiles/app.dir/mnt/host/source/src/platform/ec/build/zephyr/matsu_it82000/modules/ec/common/vboot/efs2.c.obj
[rex-ish-ec:rw] [223/428] Building C object zephyr/arch/arch/arm/core/cortex_m/CMakeFiles/arch__arm__core__cortex_m.dir/irq_manage.c.obj
[rex-ish-ec:rw] [224/428] Building C object zephyr/arch/arch/arm/core/cortex_m/CMakeFiles/arch__arm__core__cortex_m.dir/prep_c.c.obj
[rex-ish-ec:rw] [225/428] Building C object zephyr/arch/arch/arm/core/cortex_m/CMakeFiles/arch__arm__core__cortex_m.dir/thread.c.obj
[pujjoga:ro] [139/414] Linking C static library zephyr/subsys/crc/libsubsys__crc.a
[pujjoga:ro] [140/414] Building C object zephyr/drivers/interrupt_controller/CMakeFiles/drivers__interrupt_controller.dir/intc_miwu.c.obj
[matsu_it82000:rw] [107/376] Building C object CMakeFiles/app.dir/mnt/host/source/src/platform/ec/build/zephyr/matsu_it82000/modules/ec/common/vstore.c.obj
[rex-ish-ec:rw] [226/428] Building C object zephyr/arch/arch/arm/core/cortex_m/CMakeFiles/arch__arm__core__cortex_m.dir/cpu_idle.c.obj
[rex-ish-ec:rw] [227/428] Building C object zephyr/arch/arch/arm/core/cortex_m/CMakeFiles/arch__arm__core__cortex_m.dir/irq_init.c.obj
[rex-ish-ec:rw] [228/428] Building C object zephyr/arch/arch/arm/core/cortex_m/CMakeFiles/arch__arm__core__cortex_m.dir/isr_wrapper.c.obj
[pujjoga:ro] [141/414] Linking C static library zephyr/drivers/interrupt_controller/libdrivers__interrupt_controller.a
[matsu_it82000:rw] [108/376] Building C object CMakeFiles/app.dir/matsu/src/board_power.c.obj
[pujjoga:ro] [142/414] Building C object zephyr/drivers/adc/CMakeFiles/drivers__adc.dir/adc_common.c.obj
[rex-ish-ec:rw] [229/428] Linking C static library zephyr/arch/arch/arm/core/cortex_m/libarch__arm__core__cortex_m.a
[pujjoga:ro] [143/414] Building C object zephyr/drivers/adc/CMakeFiles/drivers__adc.dir/adc_npcx.c.obj
[rex-ish-ec:rw] [230/428] Building C object zephyr/arch/arch/arm/core/mpu/CMakeFiles/arch__arm__core__mpu.dir/arm_core_mpu.c.obj
[rex-ish-ec:rw] [231/428] Building C object zephyr/arch/arch/arm/core/mpu/CMakeFiles/arch__arm__core__mpu.dir/arm_mpu.c.obj
[rex-ish-ec:rw] [232/428] Building C object zephyr/arch/arch/arm/core/mpu/CMakeFiles/arch__arm__core__mpu.dir/arm_mpu_regions.c.obj
[pujjoga:ro] [144/414] Linking C static library zephyr/drivers/adc/libdrivers__adc.a
[pujjoga:ro] [145/414] Building C object zephyr/drivers/bbram/CMakeFiles/drivers__bbram.dir/bbram_npcx.c.obj
[rex-ish-ec:rw] [233/428] Linking C static library zephyr/arch/arch/arm/core/mpu/libarch__arm__core__mpu.a
[pujjoga:ro] [146/414] Linking C static library zephyr/drivers/bbram/libdrivers__bbram.a
[rex-ish-ec:rw] [234/428] Generating ../../../include/generated/libc/minimal/strerror_table.h
[pujjoga:ro] [147/414] Building C object zephyr/drivers/clock_control/CMakeFiles/drivers__clock_control.dir/clock_control_npcx.c.obj
[rex-ish-ec:rw] [235/428] Building C object zephyr/lib/libc/minimal/CMakeFiles/lib__libc__minimal.dir/source/stdlib/atoi.c.obj
[rex-ish-ec:rw] [236/428] Building C object zephyr/lib/libc/minimal/CMakeFiles/lib__libc__minimal.dir/source/stdlib/strtol.c.obj
[rex-ish-ec:rw] [237/428] Building C object zephyr/lib/libc/minimal/CMakeFiles/lib__libc__minimal.dir/source/stdlib/strtoul.c.obj
[rex-ish-ec:ro] [18/428] Building C object zephyr/CMakeFiles/zephyr.dir/lib/os/cbprintf_nano.c.obj
[rex-ish-ec:rw] [238/428] Building C object zephyr/lib/libc/minimal/CMakeFiles/lib__libc__minimal.dir/source/stdlib/strtoll.c.obj
[rex-ish-ec:rw] [239/428] Building C object zephyr/lib/libc/minimal/CMakeFiles/lib__libc__minimal.dir/source/stdlib/strtoull.c.obj
[matsu_it82000:rw] [109/376] Building C object CMakeFiles/app.dir/matsu/src/suspend_resume.c.obj
[rex-ish-ec:rw] [240/428] Building C object zephyr/lib/libc/minimal/CMakeFiles/lib__libc__minimal.dir/source/stdlib/bsearch.c.obj
[pujjoga:ro] [148/414] Linking C static library zephyr/drivers/clock_control/libdrivers__clock_control.a
[pujjoga:ro] [149/414] Building C object zephyr/drivers/console/CMakeFiles/drivers__console.dir/uart_console.c.obj
[rex-ish-ec:rw] [241/428] Building C object zephyr/lib/libc/minimal/CMakeFiles/lib__libc__minimal.dir/source/stdlib/exit.c.obj
[rex-ish-ec:rw] [242/428] Building C object zephyr/lib/libc/minimal/CMakeFiles/lib__libc__minimal.dir/source/stdlib/qsort.c.obj
[rex-ish-ec:rw] [243/428] Building C object zephyr/lib/libc/minimal/CMakeFiles/lib__libc__minimal.dir/source/string/strerror.c.obj
[rex-ish-ec:rw] [244/428] Building C object zephyr/lib/libc/minimal/CMakeFiles/lib__libc__minimal.dir/source/string/strncasecmp.c.obj
[matsu_it82000:rw] [110/376] Building C object zephyr/CMakeFiles/zephyr.dir/lib/libc/validate_libc.c.obj
[rex-ish-ec:rw] [245/428] Building C object zephyr/lib/libc/minimal/CMakeFiles/lib__libc__minimal.dir/source/string/strstr.c.obj
[pujjoga:ro] [150/414] Linking C static library zephyr/drivers/console/libdrivers__console.a
[rex-ish-ec:rw] [246/428] Building C object zephyr/lib/libc/minimal/CMakeFiles/lib__libc__minimal.dir/source/string/string.c.obj
[matsu_it82000:rw] [111/376] Building C object CMakeFiles/app.dir/matsu/src/keyboard_customization.c.obj
[pujjoga:ro] [151/414] Building C object zephyr/drivers/eeprom/CMakeFiles/drivers__eeprom.dir/eeprom_shell.c.obj
[rex-ish-ec:rw] [247/428] Building C object zephyr/lib/libc/minimal/CMakeFiles/lib__libc__minimal.dir/source/string/strspn.c.obj
[matsu_it82000:ro] [19/376] Building C object CMakeFiles/app.dir/mnt/host/source/src/platform/ec/zephyr/subsys/ap_pwrseq/power_host_sleep.c.obj
[pujjoga:ro] [152/414] Building C object zephyr/drivers/eeprom/CMakeFiles/drivers__eeprom.dir/eeprom_at2x.c.obj
[rex-ish-ec:rw] [248/428] Building C object zephyr/lib/libc/minimal/CMakeFiles/lib__libc__minimal.dir/source/stdout/stdout_console.c.obj
[matsu_it82000:rw] [112/376] Building C object CMakeFiles/app.dir/matsu/src/touch_panel.c.obj
[rex-ish-ec:rw] [249/428] Building C object zephyr/lib/libc/minimal/CMakeFiles/lib__libc__minimal.dir/source/stdout/sprintf.c.obj
[rex-ish-ec:rw] [250/428] Building C object zephyr/lib/libc/minimal/CMakeFiles/lib__libc__minimal.dir/source/stdout/fprintf.c.obj
[rex-ish-ec:rw] [251/428] Building C object zephyr/lib/libc/minimal/CMakeFiles/lib__libc__minimal.dir/source/math/sqrtf.c.obj
[rex-ish-ec:rw] [252/428] Building C object zephyr/lib/libc/minimal/CMakeFiles/lib__libc__minimal.dir/source/math/sqrt.c.obj
[pujjoga:ro] [153/414] Linking C static library zephyr/drivers/eeprom/libdrivers__eeprom.a
[pujjoga:ro] [154/414] Building C object zephyr/drivers/espi/CMakeFiles/drivers__espi.dir/espi_npcx.c.obj
[matsu_it82000:rw] [113/376] Building C object zephyr/CMakeFiles/zephyr.dir/lib/os/cbprintf_packaged.c.obj
[pujjoga:ro] [155/414] Building C object zephyr/drivers/espi/CMakeFiles/drivers__espi.dir/host_subs_npcx.c.obj
[matsu_it82000:rw] [114/376] Building C object zephyr/CMakeFiles/zephyr.dir/lib/os/clock.c.obj
[matsu_it82000:rw] [115/376] Building C object zephyr/CMakeFiles/zephyr.dir/lib/heap/heap.c.obj
[rex-ish-ec:rw] [253/428] Building C object zephyr/lib/libc/minimal/CMakeFiles/lib__libc__minimal.dir/source/time/gmtime.c.obj
[rex-ish-ec:rw] [254/428] Linking C static library zephyr/lib/libc/minimal/liblib__libc__minimal.a
[matsu_it82000:rw] [116/376] Linking C static library app/libapp.a
[/mnt/host/source/src/platform/ec/build/zephyr/anakin-lcov]   /mnt/host/source/src/platform/ec/build/zephyr/anakin/build-rw/zephyr/CMakeFiles/zephyr.dir/soc/ite/ec/it8xxx2/check_regs.c.gcno:no functions found
[/mnt/host/source/src/platform/ec/build/zephyr/anakin-lcov] stderr:
[pujjoga:ro] [156/414] Linking C static library zephyr/drivers/espi/libdrivers__espi.a
[rex-ish-ec:rw] [255/428] Building C object zephyr/lib/libc/common/CMakeFiles/lib__libc__common.dir/source/stdlib/abort.c.obj
[pujjoga:ro] [157/414] Building C object zephyr/drivers/flash/CMakeFiles/drivers__flash.dir/jesd216.c.obj
[rex-ish-ec:rw] [256/428] Building C object zephyr/lib/libc/common/CMakeFiles/lib__libc__common.dir/source/time/asctime.c.obj
[pujjoga:ro] [158/414] Building C object zephyr/drivers/flash/CMakeFiles/drivers__flash.dir/flash_npcx_fiu_nor.c.obj
[rex-ish-ec:rw] [257/428] Building C object zephyr/lib/libc/common/CMakeFiles/lib__libc__common.dir/source/time/gmtime_r.c.obj
[rex-ish-ec:rw] [258/428] Building C object zephyr/lib/libc/common/CMakeFiles/lib__libc__common.dir/source/time/localtime_r_utc.c.obj
[pujjoga:ro] [159/414] Building C object zephyr/drivers/flash/CMakeFiles/drivers__flash.dir/flash_npcx_fiu_qspi.c.obj
[rex-ish-ec:rw] [259/428] Building C object zephyr/lib/libc/common/CMakeFiles/lib__libc__common.dir/source/time/ctime.c.obj
[rex-ish-ec:rw] [260/428] Building C object zephyr/lib/libc/common/CMakeFiles/lib__libc__common.dir/source/time/time.c.obj
[rex-ish-ec:rw] [261/428] Building C object zephyr/lib/libc/common/CMakeFiles/lib__libc__common.dir/source/stdlib/malloc.c.obj
[rex-ish-ec:rw] [262/428] Building C object zephyr/lib/libc/common/CMakeFiles/lib__libc__common.dir/source/string/strnlen.c.obj
[matsu_it82000:rw] [117/376] Building C object zephyr/CMakeFiles/zephyr.dir/lib/os/printk.c.obj
[pujjoga:ro] [160/414] Linking C static library zephyr/drivers/flash/libdrivers__flash.a
[matsu_it82000:rw] [118/376] Building C object zephyr/CMakeFiles/zephyr.dir/lib/utils/base64.c.obj
[pujjoga:ro] [161/414] Building C object zephyr/drivers/gpio/CMakeFiles/drivers__gpio.dir/gpio_nct38xx.c.obj
[pujjoga:ro] [162/414] Building C object zephyr/drivers/gpio/CMakeFiles/drivers__gpio.dir/gpio_nct38xx_port.c.obj
[rex-ish-ec:rw] [263/428] Linking C static library zephyr/lib/libc/common/liblib__libc__common.a
[rex-ish-ec:rw] [264/428] Building C object zephyr/lib/posix/c_lib_ext/CMakeFiles/lib__posix__c_lib_ext.dir/fnmatch.c.obj
[pujjoga:ro] [163/414] Building C object zephyr/drivers/gpio/CMakeFiles/drivers__gpio.dir/gpio_npcx.c.obj
[rex-ish-ec:rw] [265/428] Building C object zephyr/lib/posix/c_lib_ext/CMakeFiles/lib__posix__c_lib_ext.dir/getentropy.c.obj
[rex-ish-ec:rw] [266/428] Building C object zephyr/lib/posix/c_lib_ext/CMakeFiles/lib__posix__c_lib_ext.dir/getopt_shim.c.obj
[matsu_it82000:rw] [119/376] Building C object zephyr/CMakeFiles/zephyr.dir/lib/utils/dec.c.obj
[pujjoga:ro] [164/414] Linking C static library zephyr/drivers/gpio/libdrivers__gpio.a
[pujjoga:ro] [165/414] Building C object zephyr/drivers/i2c/CMakeFiles/drivers__i2c.dir/i2c_common.c.obj
[matsu_it82000:rw] [120/376] Building C object zephyr/CMakeFiles/zephyr.dir/lib/os/sem.c.obj
[rex-ish-ec:rw] [267/428] Linking C static library zephyr/lib/posix/c_lib_ext/liblib__posix__c_lib_ext.a
[pujjoga:ro] [166/414] Building C object zephyr/drivers/i2c/CMakeFiles/drivers__i2c.dir/i2c_shell.c.obj
[matsu_it82000:rw] [121/376] Building C object zephyr/CMakeFiles/zephyr.dir/lib/utils/hex.c.obj
[rex-ish-ec:rw] [268/428] Building C object zephyr/subsys/crc/CMakeFiles/subsys__crc.dir/crc4_sw.c.obj
[pujjoga:ro] [167/414] Building C object zephyr/drivers/i2c/CMakeFiles/drivers__i2c.dir/i2c_npcx_controller.c.obj
[rex-ish-ec:rw] [269/428] Building C object zephyr/subsys/crc/CMakeFiles/subsys__crc.dir/crc8_sw.c.obj
[pujjoga:ro] [168/414] Building C object zephyr/drivers/i2c/CMakeFiles/drivers__i2c.dir/i2c_npcx_controller_fifo.c.obj
[pujjoga:ro] [169/414] Building C object zephyr/drivers/i2c/CMakeFiles/drivers__i2c.dir/i2c_npcx_port.c.obj
[rex-ish-ec:rw] [270/428] Building C object zephyr/subsys/crc/CMakeFiles/subsys__crc.dir/crc16_sw.c.obj
[matsu_it82000:rw] [122/376] Building C object zephyr/CMakeFiles/zephyr.dir/lib/os/thread_entry.c.obj
[rex-ish-ec:rw] [271/428] Building C object zephyr/subsys/crc/CMakeFiles/subsys__crc.dir/crc7_sw.c.obj
[rex-ish-ec:rw] [272/428] Building C object zephyr/subsys/crc/CMakeFiles/subsys__crc.dir/crc24_sw.c.obj
[rex-ish-ec:rw] [273/428] Building C object zephyr/subsys/crc/CMakeFiles/subsys__crc.dir/crc32c_sw.c.obj
[rex-ish-ec:rw] [274/428] Building C object zephyr/subsys/crc/CMakeFiles/subsys__crc.dir/crc32_sw.c.obj
[rex-ish-ec:rw] [275/428] Building C object zephyr/subsys/crc/CMakeFiles/subsys__crc.dir/crc32k_4_2_sw.c.obj
[matsu_it82000:rw] [123/376] Building C object zephyr/CMakeFiles/zephyr.dir/lib/os/cbprintf_nano.c.obj
[pujjoga:ro] [170/414] Linking C static library zephyr/drivers/i2c/libdrivers__i2c.a
[matsu_it82000:rw] [124/376] Building C object zephyr/CMakeFiles/zephyr.dir/lib/os/cbprintf.c.obj
[rex-ish-ec:ro] [19/428] Building C object zephyr/CMakeFiles/zephyr.dir/lib/os/cbprintf.c.obj
[pujjoga:ro] [171/414] Building C object zephyr/drivers/mfd/CMakeFiles/drivers__mfd.dir/mfd_nct38xx.c.obj
[rex-ish-ec:rw] [276/428] Linking C static library zephyr/subsys/crc/libsubsys__crc.a
[rex-ish-ec:rw] [277/428] Building C object zephyr/drivers/interrupt_controller/CMakeFiles/drivers__interrupt_controller.dir/intc_miwu.c.obj
[pujjoga:ro] [172/414] Linking C static library zephyr/drivers/mfd/libdrivers__mfd.a
[pujjoga:ro] [173/414] Building C object zephyr/drivers/pinctrl/CMakeFiles/drivers__pinctrl.dir/common.c.obj
[matsu_it82000:rw] [125/376] Building C object zephyr/CMakeFiles/zephyr.dir/lib/utils/timeutil.c.obj
[pujjoga:ro] [174/414] Building C object zephyr/drivers/pinctrl/CMakeFiles/drivers__pinctrl.dir/pinctrl_npcx.c.obj
[matsu_it82000:rw] [126/376] Building C object zephyr/CMakeFiles/zephyr.dir/lib/utils/bitmask.c.obj
[rex-ish-ec:rw] [278/428] Linking C static library zephyr/drivers/interrupt_controller/libdrivers__interrupt_controller.a
[rex-ish-ec:rw] [279/428] Building C object zephyr/drivers/adc/CMakeFiles/drivers__adc.dir/adc_common.c.obj
[rex-ish-ec:rw] [280/428] Building C object zephyr/drivers/adc/CMakeFiles/drivers__adc.dir/adc_npcx.c.obj
[matsu_it82000:ro] [20/376] Building C object CMakeFiles/app.dir/mnt/host/source/src/platform/ec/zephyr/subsys/ap_pwrseq/x86_non_dsx_common_pwrseq_sm_handler.c.obj
[pujjoga:ro] [175/414] Linking C static library zephyr/drivers/pinctrl/libdrivers__pinctrl.a
[rex-ish-ec:rw] [281/428] Linking C static library zephyr/drivers/adc/libdrivers__adc.a
[pujjoga:ro] [176/414] Building C object zephyr/drivers/pwm/CMakeFiles/drivers__pwm.dir/pwm_shell.c.obj
[matsu_it82000:rw] [127/376] Building C object zephyr/CMakeFiles/zephyr.dir/lib/os/assert.c.obj
[pujjoga:ro] [177/414] Building C object zephyr/drivers/pwm/CMakeFiles/drivers__pwm.dir/pwm_npcx.c.obj
[rex-ish-ec:rw] [282/428] Building C object zephyr/drivers/bbram/CMakeFiles/drivers__bbram.dir/bbram_npcx.c.obj
[matsu_it82000:rw] [128/376] Building C object zephyr/CMakeFiles/zephyr.dir/lib/utils/last_section_id.c.obj
[rex-ish-ec:rw] [283/428] Linking C static library zephyr/drivers/bbram/libdrivers__bbram.a
[rex-ish-ec:rw] [284/428] Building C object zephyr/drivers/clock_control/CMakeFiles/drivers__clock_control.dir/clock_control_npcx.c.obj
[pujjoga:ro] [178/414] Linking C static library zephyr/drivers/pwm/libdrivers__pwm.a
[pujjoga:ro] [179/414] Building C object zephyr/drivers/sensor/CMakeFiles/drivers__sensor.dir/mnt/host/source/src/third_party/zephyr/main/misc/empty_file.c.obj
[matsu_it82000:rw] [129/376] Building C object zephyr/CMakeFiles/zephyr.dir/lib/utils/ring_buffer.c.obj
[rex-ish-ec:rw] [285/428] Linking C static library zephyr/drivers/clock_control/libdrivers__clock_control.a
[/mnt/host/source/src/platform/ec/build/zephyr/quartz-lcov]   /mnt/host/source/src/platform/ec/build/zephyr/quartz/build-ro/zephyr/drivers/spi/CMakeFiles/drivers__spi.dir/mnt/host/source/src/third_party/zephyr/main/misc/empty_file.c.gcno:no functions found
[/mnt/host/source/src/platform/ec/build/zephyr/quartz-lcov] stderr:
[pujjoga:ro] [180/414] Linking C static library zephyr/drivers/sensor/libdrivers__sensor.a
[rex-ish-ec:rw] [286/428] Building C object zephyr/drivers/console/CMakeFiles/drivers__console.dir/uart_console.c.obj
[pujjoga:ro] [181/414] Building C object zephyr/drivers/sensor/nuvoton/nuvoton_adc_cmp_npcx/CMakeFiles/drivers__sensor__nuvoton__nuvoton_adc_cmp_npcx.dir/adc_cmp_npcx.c.obj
[matsu_it82000:rw] [130/376] Building C object zephyr/CMakeFiles/zephyr.dir/lib/utils/rb.c.obj
[pujjoga:ro] [182/414] Linking C static library zephyr/drivers/sensor/nuvoton/nuvoton_adc_cmp_npcx/libdrivers__sensor__nuvoton__nuvoton_adc_cmp_npcx.a
[rex-ish-ec:rw] [287/428] Linking C static library zephyr/drivers/console/libdrivers__console.a
[pujjoga:ro] [183/414] Building C object zephyr/drivers/serial/CMakeFiles/drivers__serial.dir/uart_npcx.c.obj
[rex-ish-ec:rw] [288/428] Building C object zephyr/drivers/crypto/CMakeFiles/drivers__crypto.dir/crypto_npcx_sha.c.obj
[matsu_it82000:rw] [131/376] Building C object zephyr/CMakeFiles/zephyr.dir/lib/utils/getopt/getopt_common.c.obj
[pujjoga:ro] [184/414] Linking C static library zephyr/drivers/serial/libdrivers__serial.a
[matsu_it82000:rw] [132/376] Building ASM object zephyr/CMakeFiles/zephyr.dir/soc/ite/ec/common/soc_irq.S.obj
[matsu_it82000:rw] [133/376] Building C object zephyr/CMakeFiles/zephyr.dir/misc/generated/configs.c.obj
[rex-ish-ec:rw] [289/428] Linking C static library zephyr/drivers/crypto/libdrivers__crypto.a
[rex-ish-ec:rw] [290/428] Building C object zephyr/drivers/eeprom/CMakeFiles/drivers__eeprom.dir/eeprom_shell.c.obj
[pujjoga:ro] [185/414] Building C object zephyr/drivers/syscon/CMakeFiles/drivers__syscon.dir/syscon.c.obj
[rex-ish-ec:rw] [291/428] Building C object zephyr/drivers/eeprom/CMakeFiles/drivers__eeprom.dir/eeprom_at2x.c.obj
[/mnt/host/source/src/platform/ec/build/zephyr/quartz-lcov]   /mnt/host/source/src/platform/ec/build/zephyr/quartz/build-rw/modules/ec/zephyr/CMakeFiles/ec_shim.dir/shim/src/thermal.c.gcno:no functions found
[matsu_it82000:rw] [134/376] Building C object zephyr/CMakeFiles/zephyr.dir/lib/utils/getopt/getopt.c.obj
[/mnt/host/source/src/platform/ec/build/zephyr/quartz-lcov] stderr:
[pujjoga:ro] [186/414] Linking C static library zephyr/drivers/syscon/libdrivers__syscon.a
[rex-ish-ec:rw] [292/428] Linking C static library zephyr/drivers/eeprom/libdrivers__eeprom.a
[pujjoga:ro] [187/414] Building C object zephyr/drivers/timer/CMakeFiles/drivers__timer.dir/sys_clock_init.c.obj
[pujjoga:ro] [188/414] Building C object zephyr/drivers/timer/CMakeFiles/drivers__timer.dir/npcx_itim_timer.c.obj
[rex-ish-ec:ro] [20/428] Building C object zephyr/CMakeFiles/zephyr.dir/lib/os/assert.c.obj
[rex-ish-ec:rw] [293/428] Building C object zephyr/drivers/espi/CMakeFiles/drivers__espi.dir/espi_npcx.c.obj
[matsu_it82000:rw] [135/376] Building C object zephyr/CMakeFiles/zephyr.dir/soc/ite/ec/common/soc_common_irq.c.obj
[rex-ish-ec:rw] [294/428] Building C object zephyr/drivers/espi/CMakeFiles/drivers__espi.dir/host_subs_npcx.c.obj
[pujjoga:ro] [189/414] Linking C static library zephyr/drivers/timer/libdrivers__timer.a
[matsu_it82000:rw] [136/376] Building C object zephyr/CMakeFiles/zephyr.dir/lib/utils/bitarray.c.obj
[pujjoga:ro] [190/414] Building C object zephyr/drivers/watchdog/CMakeFiles/drivers__watchdog.dir/wdt_npcx.c.obj
[rex-ish-ec:rw] [295/428] Linking C static library zephyr/drivers/espi/libdrivers__espi.a
[rex-ish-ec:rw] [296/428] Building C object zephyr/drivers/flash/CMakeFiles/drivers__flash.dir/jesd216.c.obj
[pujjoga:ro] [191/414] Building C object zephyr/drivers/watchdog/CMakeFiles/drivers__watchdog.dir/wdt_shell.c.obj
[rex-ish-ec:rw] [297/428] Building C object zephyr/drivers/flash/CMakeFiles/drivers__flash.dir/flash_npcx_fiu_nor.c.obj
[matsu_it82000:rw] [137/376] Building ASM object zephyr/CMakeFiles/zephyr.dir/soc/ite/ec/it8xxx2/vector.S.obj
[rex-ish-ec:rw] [298/428] Building C object zephyr/drivers/flash/CMakeFiles/drivers__flash.dir/flash_npcx_fiu_qspi.c.obj
[matsu_it82000:rw] [138/376] Building C object zephyr/CMakeFiles/zephyr.dir/soc/ite/ec/common/power.c.obj
[rex-ish-ec:ro] [21/428] Building C object zephyr/CMakeFiles/zephyr.dir/lib/utils/dec.c.obj
[pujjoga:ro] [192/414] Linking C static library zephyr/drivers/watchdog/libdrivers__watchdog.a
[pujjoga:ro] [193/414] Building C object modules/ec/zephyr/CMakeFiles/ec_shim.dir/app/ec/ec_app_main.c.obj
[rex-ish-ec:rw] [299/428] Linking C static library zephyr/drivers/flash/libdrivers__flash.a
[rex-ish-ec:rw] [300/428] Building C object zephyr/drivers/gpio/CMakeFiles/drivers__gpio.dir/gpio_nct38xx.c.obj
[pujjoga:ro] [194/414] Building C object modules/ec/zephyr/CMakeFiles/ec_shim.dir/app/ec/main_shim.c.obj
[rex-ish-ec:rw] [301/428] Building C object zephyr/drivers/gpio/CMakeFiles/drivers__gpio.dir/gpio_nct38xx_port.c.obj
[pujjoga:ro] [195/414] Building C object modules/ec/zephyr/CMakeFiles/ec_shim.dir/drivers/cros_flash/cros_flash_npcx.c.obj
[rex-ish-ec:rw] [302/428] Building C object zephyr/drivers/gpio/CMakeFiles/drivers__gpio.dir/gpio_npcx.c.obj
[matsu_it82000:ro] [21/376] Building C object CMakeFiles/app.dir/mnt/host/source/src/platform/ec/zephyr/subsys/ap_pwrseq/x86_non_dsx_chipset_power_state.c.obj
[pujjoga:ro] [196/414] Building C object modules/ec/zephyr/CMakeFiles/ec_shim.dir/drivers/cros_kb_raw/cros_kb_raw_npcx.c.obj
[pujjoga:ro] [197/414] Building C object modules/ec/zephyr/CMakeFiles/ec_shim.dir/drivers/cros_system/cros_system_npcx.c.obj
[pujjoga:ro] [198/414] Building C object modules/ec/zephyr/CMakeFiles/ec_shim.dir/drivers/vivaldi_kbd/vivaldi_kbd.c.obj
[rex-ish-ec:rw] [303/428] Linking C static library zephyr/drivers/gpio/libdrivers__gpio.a
[pujjoga:ro] [199/414] Building C object modules/ec/zephyr/CMakeFiles/ec_shim.dir/shim/chip/npcx/clock.c.obj
[matsu_it82000:rw] [139/376] Building C object zephyr/CMakeFiles/zephyr.dir/soc/ite/ec/common/policy.c.obj
[pujjoga:ro] [200/414] Building C object modules/ec/zephyr/CMakeFiles/ec_shim.dir/shim/chip/npcx/gpio.c.obj
[rex-ish-ec:rw] [304/428] Building C object zephyr/drivers/i2c/CMakeFiles/drivers__i2c.dir/i2c_common.c.obj
[pujjoga:ro] [201/414] Building C object modules/ec/zephyr/CMakeFiles/ec_shim.dir/shim/chip/npcx/rom_chip.c.obj
[rex-ish-ec:rw] [305/428] Building C object zephyr/drivers/i2c/CMakeFiles/drivers__i2c.dir/i2c_shell.c.obj
[pujjoga:ro] [202/414] Building C object modules/ec/zephyr/CMakeFiles/ec_shim.dir/shim/chip/npcx/keyboard_raw.c.obj
[rex-ish-ec:rw] [306/428] Building C object zephyr/drivers/i2c/CMakeFiles/drivers__i2c.dir/i2c_npcx_controller.c.obj
[matsu_it82000:rw] [140/376] Building C object zephyr/CMakeFiles/zephyr.dir/soc/ite/ec/it8xxx2/check_regs.c.obj
[rex-ish-ec:rw] [307/428] Building C object zephyr/drivers/i2c/CMakeFiles/drivers__i2c.dir/i2c_npcx_controller_fifo.c.obj
[pujjoga:ro] [203/414] Building C object modules/ec/zephyr/CMakeFiles/ec_shim.dir/shim/chip/npcx/system.c.obj
[rex-ish-ec:rw] [308/428] Building C object zephyr/drivers/i2c/CMakeFiles/drivers__i2c.dir/i2c_npcx_port.c.obj
[pujjoga:ro] [204/414] Building C object modules/ec/zephyr/CMakeFiles/ec_shim.dir/shim/chip/npcx/system_external_storage.c.obj
[pujjoga:ro] [205/414] Building C object modules/ec/zephyr/CMakeFiles/ec_shim.dir/shim/chip/npcx/system_download_from_flash.c.obj
[rex-ish-ec:ro] [22/428] Building C object zephyr/CMakeFiles/zephyr.dir/lib/utils/hex.c.obj
[pujjoga:ro] [206/414] Building C object modules/ec/zephyr/CMakeFiles/ec_shim.dir/shim/chip/npcx/power_policy.c.obj
[matsu_it82000:rw] [141/376] Building C object zephyr/CMakeFiles/zephyr.dir/soc/ite/ec/it8xxx2/soc.c.obj
[pujjoga:ro] [207/414] Building C object modules/ec/zephyr/CMakeFiles/ec_shim.dir/shim/core/cortex-m/mpu.c.obj
[pujjoga:ro] [208/414] Building C object modules/ec/zephyr/CMakeFiles/ec_shim.dir/shim/core/cortex-m/panic.c.obj
[pujjoga:ro] [209/414] Building C object modules/ec/zephyr/CMakeFiles/ec_shim.dir/shim/src/console.c.obj
[pujjoga:ro] [210/414] Building C object modules/ec/zephyr/CMakeFiles/ec_shim.dir/shim/src/crc.c.obj
[rex-ish-ec:rw] [309/428] Linking C static library zephyr/drivers/i2c/libdrivers__i2c.a
[pujjoga:ro] [211/414] Building C object modules/ec/zephyr/CMakeFiles/ec_shim.dir/shim/src/gpio.c.obj
[rex-ish-ec:rw] [310/428] Building C object zephyr/drivers/mfd/CMakeFiles/drivers__mfd.dir/mfd_nct38xx.c.obj
[pujjoga:ro] [212/414] Building C object modules/ec/zephyr/CMakeFiles/ec_shim.dir/shim/src/gpio_int.c.obj
[pujjoga:ro] [213/414] Building C object modules/ec/zephyr/CMakeFiles/ec_shim.dir/shim/src/panic_utils.c.obj
[pujjoga:ro] [214/414] Building C object modules/ec/zephyr/CMakeFiles/ec_shim.dir/shim/src/pm_state.c.obj
[matsu_it82000:rw] [142/376] Building C object zephyr/CMakeFiles/zephyr.dir/soc/ite/ec/it8xxx2/ilm.c.obj
[matsu_it82000:rw] [143/376] Building C object zephyr/CMakeFiles/zephyr.dir/subsys/pm/state.c.obj
[pujjoga:ro] [215/414] Building C object modules/ec/zephyr/CMakeFiles/ec_shim.dir/shim/src/cbi/cros_cbi.c.obj
[pujjoga:ro] [216/414] Building C object modules/ec/zephyr/CMakeFiles/ec_shim.dir/shim/src/cbi/cros_cbi_fw_config.c.obj
[rex-ish-ec:rw] [311/428] Linking C static library zephyr/drivers/mfd/libdrivers__mfd.a
[rex-ish-ec:rw] [312/428] Building C object zephyr/drivers/pinctrl/CMakeFiles/drivers__pinctrl.dir/common.c.obj
[pujjoga:ro] [217/414] Building C object modules/ec/zephyr/CMakeFiles/ec_shim.dir/shim/src/cbi/cbi_eeprom.c.obj
[rex-ish-ec:rw] [313/428] Building C object zephyr/drivers/pinctrl/CMakeFiles/drivers__pinctrl.dir/pinctrl_npcx.c.obj
[pujjoga:ro] [218/414] Building C object modules/ec/zephyr/CMakeFiles/ec_shim.dir/shim/src/system.c.obj
[matsu_it82000:rw] [144/376] Building C object zephyr/CMakeFiles/zephyr.dir/subsys/logging/log_minimal.c.obj
[rex-ish-ec:rw] [314/428] Linking C static library zephyr/drivers/pinctrl/libdrivers__pinctrl.a
[rex-ish-ec:rw] [315/428] Building C object zephyr/drivers/pwm/CMakeFiles/drivers__pwm.dir/pwm_shell.c.obj
[rex-ish-ec:rw] [316/428] Building C object zephyr/drivers/pwm/CMakeFiles/drivers__pwm.dir/pwm_npcx.c.obj
[matsu_it82000:rw] [145/376] Building C object zephyr/CMakeFiles/zephyr.dir/subsys/pm/pm.c.obj
[pujjoga:ro] [219/414] Building ASM object modules/ec/zephyr/CMakeFiles/ec_shim.dir/shim/src/libgcc_arm.S.obj
[matsu_it82000:rw] [146/376] Building C object zephyr/CMakeFiles/zephyr.dir/subsys/pm/policy/policy_events.c.obj
[pujjoga:ro] [220/414] Building C object modules/ec/zephyr/CMakeFiles/ec_shim.dir/shim/src/adc.c.obj
[rex-ish-ec:rw] [317/428] Linking C static library zephyr/drivers/pwm/libdrivers__pwm.a
[pujjoga:ro] [221/414] Building C object modules/ec/zephyr/CMakeFiles/ec_shim.dir/shim/src/battery.c.obj
[rex-ish-ec:rw] [318/428] Building C object zephyr/drivers/sensor/CMakeFiles/drivers__sensor.dir/mnt/host/source/src/third_party/zephyr/main/misc/empty_file.c.obj
[pujjoga:ro] [222/414] Building C object modules/ec/zephyr/CMakeFiles/ec_shim.dir/shim/src/charger.c.obj
[pujjoga:ro] [223/414] Building C object modules/ec/zephyr/CMakeFiles/ec_shim.dir/shim/src/chipset_api.c.obj
[pujjoga:ro] [224/414] Building C object modules/ec/zephyr/CMakeFiles/ec_shim.dir/shim/src/espi.c.obj
[matsu_it82000:rw] [147/376] Building C object zephyr/CMakeFiles/zephyr.dir/subsys/pm/policy/policy_state_lock.c.obj
[pujjoga:ro] [225/414] Building C object modules/ec/zephyr/CMakeFiles/ec_shim.dir/shim/src/flash.c.obj
[matsu_it82000:rw] [148/376] Building C object zephyr/CMakeFiles/zephyr.dir/subsys/pm/policy/policy_latency.c.obj
[pujjoga:ro] [226/414] Building C object modules/ec/zephyr/CMakeFiles/ec_shim.dir/shim/src/hooks.c.obj
[pujjoga:ro] [227/414] Building C object modules/ec/zephyr/CMakeFiles/ec_shim.dir/shim/src/host_command.c.obj
[pujjoga:ro] [228/414] Building C object modules/ec/zephyr/CMakeFiles/ec_shim.dir/shim/src/console_buffer.c.obj
[pujjoga:ro] [229/414] Building C object modules/ec/zephyr/CMakeFiles/ec_shim.dir/shim/src/keyboard_raw.c.obj
[rex-ish-ec:rw] [319/428] Linking C static library zephyr/drivers/sensor/libdrivers__sensor.a
[pujjoga:ro] [230/414] Building C object modules/ec/zephyr/CMakeFiles/ec_shim.dir/shim/src/keyscan.c.obj
[rex-ish-ec:rw] [320/428] Building C object zephyr/drivers/sensor/nuvoton/nuvoton_tach_npcx/CMakeFiles/drivers__sensor__nuvoton__nuvoton_tach_npcx.dir/tach_nuvoton_npcx.c.obj
[pujjoga:ro] [231/414] Building C object modules/ec/zephyr/CMakeFiles/ec_shim.dir/shim/src/mkbp_event.c.obj
[pujjoga:ro] [232/414] Building C object modules/ec/zephyr/CMakeFiles/ec_shim.dir/shim/src/motionsense_sensors.c.obj
[matsu_it82000:ro] [22/376] Building C object CMakeFiles/app.dir/mnt/host/source/src/platform/ec/zephyr/subsys/ap_pwrseq/x86_non_dsx_common_pwrseq_host_sleep.c.obj
[pujjoga:ro] [233/414] Building C object modules/ec/zephyr/CMakeFiles/ec_shim.dir/shim/src/panic.c.obj
[rex-ish-ec:rw] [321/428] Linking C static library zephyr/drivers/sensor/nuvoton/nuvoton_tach_npcx/libdrivers__sensor__nuvoton__nuvoton_tach_npcx.a
[pujjoga:ro] [234/414] Building C object modules/ec/zephyr/CMakeFiles/ec_shim.dir/shim/src/temp_sensors.c.obj
[rex-ish-ec:rw] [322/428] Building C object zephyr/drivers/serial/CMakeFiles/drivers__serial.dir/uart_npcx.c.obj
[pujjoga:ro] [235/414] Building C object modules/ec/zephyr/CMakeFiles/ec_shim.dir/shim/src/thermal.c.obj
[pujjoga:ro] [236/414] Building C object modules/ec/zephyr/CMakeFiles/ec_shim.dir/shim/src/hwtimer.c.obj
[matsu_it82000:rw] [149/376] Building C object zephyr/CMakeFiles/zephyr.dir/subsys/pm/device.c.obj
[pujjoga:ro] [237/414] Building C object modules/ec/zephyr/CMakeFiles/ec_shim.dir/shim/src/i2c.c.obj
[pujjoga:ro] [238/414] Building C object modules/ec/zephyr/CMakeFiles/ec_shim.dir/shim/src/tasks.c.obj
[pujjoga:ro] [239/414] Building C object modules/ec/zephyr/CMakeFiles/ec_shim.dir/shim/src/watchdog.c.obj
[pujjoga:ro] [240/414] Building C object modules/ec/zephyr/CMakeFiles/ec_shim.dir/shim/src/ppc.c.obj
[matsu_it82000:rw] [150/376] Building C object zephyr/CMakeFiles/zephyr.dir/subsys/pm/device_system_managed.c.obj
[pujjoga:ro] [241/414] Building C object modules/ec/zephyr/CMakeFiles/ec_shim.dir/shim/src/tcpc_nct38xx.c.obj
[rex-ish-ec:rw] [323/428] Linking C static library zephyr/drivers/serial/libdrivers__serial.a
[rex-ish-ec:rw] [324/428] Building C object zephyr/drivers/syscon/CMakeFiles/drivers__syscon.dir/syscon.c.obj
[pujjoga:ro] [242/414] Building C object modules/ec/zephyr/CMakeFiles/ec_shim.dir/shim/src/usba.c.obj
[pujjoga:ro] [243/414] Building C object modules/ec/zephyr/CMakeFiles/ec_shim.dir/shim/src/power_host_sleep_api.c.obj
[rex-ish-ec:ro] [23/428] Building C object zephyr/CMakeFiles/zephyr.dir/lib/utils/rb.c.obj
[pujjoga:ro] [244/414] Building C object modules/ec/zephyr/CMakeFiles/ec_shim.dir/shim/src/usb_muxes.c.obj
[rex-ish-ec:rw] [325/428] Linking C static library zephyr/drivers/syscon/libdrivers__syscon.a
[rex-ish-ec:rw] [326/428] Building C object zephyr/drivers/timer/CMakeFiles/drivers__timer.dir/sys_clock_init.c.obj
[rex-ish-ec:rw] [327/428] Building C object zephyr/drivers/timer/CMakeFiles/drivers__timer.dir/npcx_itim_timer.c.obj
[matsu_it82000:rw] [151/376] Building C object zephyr/CMakeFiles/zephyr.dir/subsys/pm/device_runtime.c.obj
[pujjoga:ro] [245/414] Linking C static library modules/ec/zephyr/libec_shim.a
[rex-ish-ec:rw] [328/428] Linking C static library zephyr/drivers/timer/libdrivers__timer.a
[rex-ish-ec:rw] [329/428] Building C object zephyr/drivers/watchdog/CMakeFiles/drivers__watchdog.dir/wdt_npcx.c.obj
[matsu_it82000:rw] [152/376] Building C object zephyr/CMakeFiles/zephyr.dir/subsys/testsuite/coverage/coverage.c.obj
[matsu_it82000:rw] [153/376] Building C object zephyr/CMakeFiles/zephyr.dir/subsys/tracing/tracing_none.c.obj
[rex-ish-ec:rw] [330/428] Building C object zephyr/drivers/watchdog/CMakeFiles/drivers__watchdog.dir/wdt_shell.c.obj
[pujjoga:ro] [246/414] cd /mnt/host/source/src/platform/ec/build/zephyr/pujjoga/build-ro/modules/ec/zephyr && PYTHONPATH=/mnt/host/source/src/platform/ec/build/zephyr/pujjoga/modules/ec/zephyr/zmake/ /usr/bin/python3.11 /mnt/host/source/src/platform/ec/build/zephyr/pujjoga/modules/ec/zephyr/zmake/zephyr_build_tools/generate_ec_version.py /mnt/host/source/src/platform/ec/build/zephyr/pujjoga/build-ro/modules/ec/zephyr/include/ec_version.h --name Zephyr-Kernel --version 16543.0.0 --static
[pujjoga:ro] INFO:root:Using a static version string
[rex-ish-ec:ro] [24/428] Building C object zephyr/CMakeFiles/zephyr.dir/lib/utils/timeutil.c.obj
[pujjoga:ro] INFO:root:Version string: Zephyr-Kernel-16543.0.0
[pujjoga:ro] INFO:root:Writing header to /mnt/host/source/src/platform/ec/build/zephyr/pujjoga/build-ro/modules/ec/zephyr/include/ec_version.h
[pujjoga:ro] [247/414] Building C object CMakeFiles/app.dir/mnt/host/source/src/platform/ec/zephyr/subsys/ap_pwrseq/ap_events.c.obj
[pujjoga:ro] [248/414] Building C object CMakeFiles/app.dir/mnt/host/source/src/platform/ec/zephyr/subsys/ap_pwrseq/ap_power_interface.c.obj
[rex-ish-ec:rw] [331/428] Linking C static library zephyr/drivers/watchdog/libdrivers__watchdog.a
[matsu_it82000:rw] [154/376] Building C object zephyr/CMakeFiles/zephyr.dir/subsys/shell/modules/kernel_service/sleep.c.obj
[rex-ish-ec:rw] [332/428] Building C object modules/ec/zephyr/CMakeFiles/ec_shim.dir/app/ec/ec_app_main.c.obj
[rex-ish-ec:rw] [333/428] Building C object modules/ec/zephyr/CMakeFiles/ec_shim.dir/app/ec/main_shim.c.obj
[pujjoga:ro] [249/414] Building C object CMakeFiles/app.dir/mnt/host/source/src/platform/ec/zephyr/subsys/ap_pwrseq/power_signals.c.obj
[matsu_it82000:rw] [155/376] Building C object zephyr/CMakeFiles/zephyr.dir/subsys/shell/modules/kernel_service/kernel_shell.c.obj
[pujjoga:ro] [250/414] Building C object CMakeFiles/app.dir/mnt/host/source/src/platform/ec/zephyr/subsys/ap_pwrseq/signal_gpio.c.obj
[rex-ish-ec:rw] [334/428] Building C object modules/ec/zephyr/CMakeFiles/ec_shim.dir/drivers/cros_flash/cros_flash_npcx.c.obj
[rex-ish-ec:rw] [335/428] Building C object modules/ec/zephyr/CMakeFiles/ec_shim.dir/drivers/cros_kb_raw/cros_kb_raw_npcx.c.obj
[pujjoga:ro] [251/414] Building C object CMakeFiles/app.dir/mnt/host/source/src/platform/ec/zephyr/subsys/ap_pwrseq/signal_vw.c.obj
[rex-ish-ec:rw] [336/428] Building C object modules/ec/zephyr/CMakeFiles/ec_shim.dir/drivers/cros_kblight/pwm_kblight.c.obj
[matsu_it82000:rw] [156/376] Building C object zephyr/CMakeFiles/zephyr.dir/subsys/shell/modules/kernel_service/cycles.c.obj
[pujjoga:ro] [252/414] Building C object CMakeFiles/app.dir/mnt/host/source/src/platform/ec/zephyr/subsys/ap_pwrseq/signal_adc.c.obj
[rex-ish-ec:rw] [337/428] Building C object modules/ec/zephyr/CMakeFiles/ec_shim.dir/drivers/cros_tabletmode_interrupt/tabletmode_interrupt.c.obj
[pujjoga:ro] [253/414] Building C object CMakeFiles/app.dir/mnt/host/source/src/platform/ec/zephyr/subsys/ap_pwrseq/power_host_sleep.c.obj
[pujjoga:ro] [254/414] Building C object CMakeFiles/app.dir/mnt/host/source/src/platform/ec/zephyr/subsys/ap_pwrseq/x86_non_dsx_common_pwrseq_sm_handler.c.obj
[rex-ish-ec:rw] [338/428] Building C object modules/ec/zephyr/CMakeFiles/ec_shim.dir/drivers/cros_system/cros_system_npcx.c.obj
[rex-ish-ec:rw] [339/428] Building C object modules/ec/zephyr/CMakeFiles/ec_shim.dir/drivers/vivaldi_kbd/vivaldi_kbd.c.obj
[rex-ish-ec:rw] [340/428] Building C object modules/ec/zephyr/CMakeFiles/ec_shim.dir/shim/chip/npcx/clock.c.obj
[pujjoga:ro] [255/414] Building C object CMakeFiles/app.dir/mnt/host/source/src/platform/ec/zephyr/subsys/ap_pwrseq/x86_non_dsx_chipset_power_state.c.obj
[/mnt/host/source/src/platform/ec/build/zephyr/anakin-lcov]   /mnt/host/source/src/platform/ec/build/zephyr/anakin/build-rw/zephyr/drivers/syscon/CMakeFiles/drivers__syscon.dir/mnt/host/source/src/third_party/zephyr/main/misc/empty_file.c.gcno:no functions found
[/mnt/host/source/src/platform/ec/build/zephyr/anakin-lcov] Filter suppressions 'region':
[rex-ish-ec:rw] [341/428] Building C object modules/ec/zephyr/CMakeFiles/ec_shim.dir/shim/chip/npcx/gpio.c.obj
[pujjoga:ro] [256/414] Building C object CMakeFiles/app.dir/mnt/host/source/src/platform/ec/zephyr/subsys/ap_pwrseq/x86_non_dsx_common_pwrseq_host_sleep.c.obj
[matsu_it82000:rw] [157/376] Building C object zephyr/CMakeFiles/zephyr.dir/subsys/shell/modules/kernel_service/uptime.c.obj
[rex-ish-ec:rw] [342/428] Building C object modules/ec/zephyr/CMakeFiles/ec_shim.dir/shim/chip/npcx/rom_chip.c.obj
[pujjoga:ro] [257/414] Building C object CMakeFiles/app.dir/mnt/host/source/src/platform/ec/zephyr/subsys/ap_pwrseq/x86_non_dsx_common_pwrseq_console.c.obj
[rex-ish-ec:rw] [343/428] Building C object modules/ec/zephyr/CMakeFiles/ec_shim.dir/shim/chip/npcx/keyboard_raw.c.obj
[rex-ish-ec:rw] [344/428] Building C object modules/ec/zephyr/CMakeFiles/ec_shim.dir/shim/chip/npcx/system.c.obj
[rex-ish-ec:rw] [345/428] Building C object modules/ec/zephyr/CMakeFiles/ec_shim.dir/shim/chip/npcx/system_external_storage.c.obj
[pujjoga:ro] [258/414] Building C object CMakeFiles/app.dir/mnt/host/source/src/platform/ec/zephyr/subsys/ap_pwrseq/x86_non_dsx_common_pwrseq_host_command.c.obj
[/mnt/host/source/src/platform/ec/build/zephyr/anakin-lcov]     40 instances
[/mnt/host/source/src/platform/ec/build/zephyr/anakin-lcov]     28 coverpoints
[/mnt/host/source/src/platform/ec/build/zephyr/anakin-lcov] Message summary:
[/mnt/host/source/src/platform/ec/build/zephyr/anakin-lcov]   29 ignore messages:
[/mnt/host/source/src/platform/ec/build/zephyr/anakin-lcov]     gcov: 29
[matsu_it82000:ro] [23/376] Building C object CMakeFiles/app.dir/mnt/host/source/src/platform/ec/zephyr/subsys/ap_pwrseq/x86_non_dsx_common_pwrseq_console.c.obj
[rex-ish-ec:rw] [346/428] Building C object modules/ec/zephyr/CMakeFiles/ec_shim.dir/shim/chip/npcx/power_policy.c.obj
[pujjoga:ro] [259/414] Building C object CMakeFiles/app.dir/mnt/host/source/src/platform/ec/zephyr/subsys/ap_pwrseq/x86_non_dsx_adlp_pwrseq_sm.c.obj
[matsu_it82000:rw] [158/376] Building C object zephyr/CMakeFiles/zephyr.dir/subsys/shell/modules/kernel_service/version.c.obj
[pujjoga:ro] [260/414] Building C object CMakeFiles/app.dir/mnt/host/source/src/platform/ec/zephyr/subsys/ap_pwrseq/ap_reset_log.c.obj
[rex-ish-ec:rw] [347/428] Building C object modules/ec/zephyr/CMakeFiles/ec_shim.dir/shim/core/cortex-m/mpu.c.obj
[pujjoga:ro] [261/414] Building C object CMakeFiles/app.dir/mnt/host/source/src/platform/ec/build/zephyr/pujjoga/modules/ec/builtin/stdlib.c.obj
[rex-ish-ec:rw] [348/428] Building C object modules/ec/zephyr/CMakeFiles/ec_shim.dir/shim/core/cortex-m/panic.c.obj
[pujjoga:ro] [262/414] Building C object CMakeFiles/app.dir/mnt/host/source/src/platform/ec/build/zephyr/pujjoga/modules/ec/common/base32.c.obj
[pujjoga:ro] [263/414] Building C object CMakeFiles/app.dir/mnt/host/source/src/platform/ec/build/zephyr/pujjoga/modules/ec/common/console_output.c.obj
[rex-ish-ec:rw] [349/428] Building C object modules/ec/zephyr/CMakeFiles/ec_shim.dir/shim/src/console.c.obj
[rex-ish-ec:rw] [350/428] Building C object modules/ec/zephyr/CMakeFiles/ec_shim.dir/shim/src/crc.c.obj
[pujjoga:ro] [264/414] Building C object CMakeFiles/app.dir/mnt/host/source/src/platform/ec/build/zephyr/pujjoga/modules/ec/common/ec_features.c.obj
[rex-ish-ec:rw] [351/428] Building C object modules/ec/zephyr/CMakeFiles/ec_shim.dir/shim/src/gpio.c.obj
[pujjoga:ro] [265/414] Building C object CMakeFiles/app.dir/mnt/host/source/src/platform/ec/build/zephyr/pujjoga/modules/ec/common/gpio_commands.c.obj
[rex-ish-ec:rw] [352/428] Building C object modules/ec/zephyr/CMakeFiles/ec_shim.dir/shim/src/gpio_int.c.obj
[pujjoga:ro] [266/414] Building C object CMakeFiles/app.dir/mnt/host/source/src/platform/ec/build/zephyr/pujjoga/modules/ec/common/peripheral.c.obj
[pujjoga:ro] [267/414] Building C object CMakeFiles/app.dir/mnt/host/source/src/platform/ec/build/zephyr/pujjoga/modules/ec/common/printf.c.obj
[pujjoga:ro] [268/414] Building C object CMakeFiles/app.dir/mnt/host/source/src/platform/ec/build/zephyr/pujjoga/modules/ec/common/queue.c.obj
[rex-ish-ec:rw] [353/428] Building C object modules/ec/zephyr/CMakeFiles/ec_shim.dir/shim/src/panic_utils.c.obj
[rex-ish-ec:rw] [354/428] Building C object modules/ec/zephyr/CMakeFiles/ec_shim.dir/shim/src/pm_state.c.obj
[pujjoga:ro] [269/414] Building C object CMakeFiles/app.dir/mnt/host/source/src/platform/ec/build/zephyr/pujjoga/modules/ec/common/system.c.obj
[matsu_it82000:rw] [159/376] Building C object zephyr/CMakeFiles/zephyr.dir/subsys/shell/modules/kernel_service/thread/thread.c.obj
[rex-ish-ec:rw] [355/428] Building C object modules/ec/zephyr/CMakeFiles/ec_shim.dir/shim/src/cbi/cros_cbi.c.obj
[pujjoga:ro] [270/414] Building C object CMakeFiles/app.dir/mnt/host/source/src/platform/ec/build/zephyr/pujjoga/modules/ec/common/system_boot_time.c.obj
[rex-ish-ec:rw] [356/428] Building C object modules/ec/zephyr/CMakeFiles/ec_shim.dir/shim/src/cbi/cros_cbi_fw_config.c.obj
[rex-ish-ec:ro] [25/428] Building C object zephyr/CMakeFiles/zephyr.dir/lib/utils/bitmask.c.obj
[pujjoga:ro] [271/414] Building C object CMakeFiles/app.dir/mnt/host/source/src/platform/ec/build/zephyr/pujjoga/modules/ec/common/uart_printf.c.obj
[rex-ish-ec:rw] [357/428] Building C object modules/ec/zephyr/CMakeFiles/ec_shim.dir/shim/src/cbi/cbi_transfer.c.obj
[rex-ish-ec:rw] [358/428] Building C object modules/ec/zephyr/CMakeFiles/ec_shim.dir/shim/src/cbi/cbi_eeprom.c.obj
[pujjoga:ro] [272/414] Building C object CMakeFiles/app.dir/mnt/host/source/src/platform/ec/build/zephyr/pujjoga/modules/ec/common/util.c.obj
[rex-ish-ec:rw] [359/428] Building C object modules/ec/zephyr/CMakeFiles/ec_shim.dir/shim/src/cbi/cbi_flash.c.obj
[pujjoga:ro] [273/414] Building C object CMakeFiles/app.dir/mnt/host/source/src/platform/ec/build/zephyr/pujjoga/modules/ec/common/version.c.obj
[pujjoga:ro] [274/414] Building C object CMakeFiles/app.dir/mnt/host/source/src/platform/ec/build/zephyr/pujjoga/modules/ec/common/power_button_x86.c.obj
[rex-ish-ec:rw] [360/428] Building C object modules/ec/zephyr/CMakeFiles/ec_shim.dir/shim/src/led_driver/led.c.obj
[rex-ish-ec:rw] [361/428] Building C object modules/ec/zephyr/CMakeFiles/ec_shim.dir/shim/src/led_driver/led_gpio.c.obj
[pujjoga:ro] [275/414] Building C object CMakeFiles/app.dir/mnt/host/source/src/platform/ec/build/zephyr/pujjoga/modules/ec/driver/accel_lis2dw12.c.obj
[rex-ish-ec:rw] [362/428] Building C object modules/ec/zephyr/CMakeFiles/ec_shim.dir/shim/src/system.c.obj
[pujjoga:ro] [276/414] Building C object CMakeFiles/app.dir/mnt/host/source/src/platform/ec/build/zephyr/pujjoga/modules/ec/driver/accelgyro_lsm6dsm.c.obj
[pujjoga:ro] [277/414] Building C object CMakeFiles/app.dir/mnt/host/source/src/platform/ec/build/zephyr/pujjoga/modules/ec/common/motion_sense_fifo.c.obj
[matsu_it82000:rw] [160/376] Building C object zephyr/CMakeFiles/zephyr.dir/subsys/shell/modules/kernel_service/thread/list.c.obj
[matsu_it82000:rw] [161/376] Building C object zephyr/CMakeFiles/zephyr.dir/subsys/shell/modules/kernel_service/thread/unwind.c.obj
[pujjoga:ro] [278/414] Building C object CMakeFiles/app.dir/mnt/host/source/src/platform/ec/build/zephyr/pujjoga/modules/ec/common/adc.c.obj
[matsu_it82000:rw] [162/376] Building C object zephyr/CMakeFiles/zephyr.dir/subsys/shell/modules/kernel_service/thread/suspend.c.obj
[pujjoga:ro] [279/414] Building C object CMakeFiles/app.dir/mnt/host/source/src/platform/ec/build/zephyr/pujjoga/modules/ec/common/acpi.c.obj
[pujjoga:ro] [280/414] Building C object CMakeFiles/app.dir/mnt/host/source/src/platform/ec/build/zephyr/pujjoga/modules/ec/common/backlight_lid.c.obj
[pujjoga:ro] [281/414] Building C object CMakeFiles/app.dir/mnt/host/source/src/platform/ec/build/zephyr/pujjoga/modules/ec/common/battery.c.obj
[pujjoga:ro] [282/414] Building C object CMakeFiles/app.dir/mnt/host/source/src/platform/ec/build/zephyr/pujjoga/modules/ec/common/battery_info.c.obj
[pujjoga:ro] [283/414] Building C object CMakeFiles/app.dir/mnt/host/source/src/platform/ec/build/zephyr/pujjoga/modules/ec/common/battery_fuel_gauge.c.obj
[matsu_it82000:rw] [163/376] Building C object zephyr/CMakeFiles/zephyr.dir/subsys/shell/modules/kernel_service/thread/resume.c.obj
[rex-ish-ec:ro] [26/428] Building C object zephyr/CMakeFiles/zephyr.dir/lib/utils/bitarray.c.obj
[pujjoga:ro] [284/414] Building C object CMakeFiles/app.dir/mnt/host/source/src/platform/ec/build/zephyr/pujjoga/modules/ec/driver/battery/smart.c.obj
[pujjoga:ro] [285/414] Building C object CMakeFiles/app.dir/mnt/host/source/src/platform/ec/build/zephyr/pujjoga/modules/ec/driver/charger/bq25710.c.obj
[rex-ish-ec:rw] [363/428] Building ASM object modules/ec/zephyr/CMakeFiles/ec_shim.dir/shim/src/libgcc_arm.S.obj
[matsu_it82000:rw] [164/376] Building C object zephyr/CMakeFiles/zephyr.dir/subsys/shell/modules/kernel_service/thread/stacks.c.obj
[pujjoga:ro] [286/414] Building C object CMakeFiles/app.dir/mnt/host/source/src/platform/ec/build/zephyr/pujjoga/modules/ec/common/charger.c.obj
[rex-ish-ec:rw] [364/428] Building C object modules/ec/zephyr/CMakeFiles/ec_shim.dir/shim/src/anx7452_usb_mux.c.obj
[/mnt/host/source/src/platform/ec/build/zephyr/quartz-lcov]   /mnt/host/source/src/platform/ec/build/zephyr/quartz/build-rw/modules/ec/zephyr/CMakeFiles/ec_shim.dir/shim/src/battery.c.gcno:no functions found
[/mnt/host/source/src/platform/ec/build/zephyr/quartz-lcov] stderr:
[rex-ish-ec:rw] [365/428] Building C object modules/ec/zephyr/CMakeFiles/ec_shim.dir/shim/src/adc.c.obj
[pujjoga:ro] [287/414] Building C object CMakeFiles/app.dir/mnt/host/source/src/platform/ec/build/zephyr/pujjoga/modules/ec/common/charge_state.c.obj
[rex-ish-ec:rw] [366/428] Building C object modules/ec/zephyr/CMakeFiles/ec_shim.dir/shim/src/battery.c.obj
[rex-ish-ec:rw] [367/428] Building C object modules/ec/zephyr/CMakeFiles/ec_shim.dir/shim/src/charger.c.obj
[pujjoga:ro] [288/414] Building C object CMakeFiles/app.dir/mnt/host/source/src/platform/ec/build/zephyr/pujjoga/modules/ec/common/charge_manager.c.obj
[rex-ish-ec:rw] [368/428] Building C object modules/ec/zephyr/CMakeFiles/ec_shim.dir/shim/src/chipset_api.c.obj
[rex-ish-ec:rw] [369/428] Building C object modules/ec/zephyr/CMakeFiles/ec_shim.dir/shim/src/espi.c.obj
[pujjoga:ro] [289/414] Building C object CMakeFiles/app.dir/mnt/host/source/src/platform/ec/build/zephyr/pujjoga/modules/ec/common/cbi_common.c.obj
[matsu_it82000:rw] [165/376] Building C object zephyr/CMakeFiles/zephyr.dir/subsys/shell/modules/kernel_service/thread/kill.c.obj
[rex-ish-ec:rw] [370/428] Building C object modules/ec/zephyr/CMakeFiles/ec_shim.dir/shim/src/fan.c.obj
[pujjoga:ro] [290/414] Building C object CMakeFiles/app.dir/mnt/host/source/src/platform/ec/build/zephyr/pujjoga/modules/ec/common/cbi.c.obj
[pujjoga:ro] [291/414] Building C object CMakeFiles/app.dir/mnt/host/source/src/platform/ec/build/zephyr/pujjoga/modules/ec/common/cbi_config.c.obj
[rex-ish-ec:rw] [371/428] Building C object modules/ec/zephyr/CMakeFiles/ec_shim.dir/shim/src/flash.c.obj
[pujjoga:ro] [292/414] Building C object CMakeFiles/app.dir/mnt/host/source/src/platform/ec/build/zephyr/pujjoga/modules/ec/common/memory_commands.c.obj
[rex-ish-ec:rw] [372/428] Building C object modules/ec/zephyr/CMakeFiles/ec_shim.dir/shim/src/hooks.c.obj
[pujjoga:ro] [293/414] Building C object CMakeFiles/app.dir/mnt/host/source/src/platform/ec/build/zephyr/pujjoga/modules/ec/common/dptf.c.obj
[rex-ish-ec:rw] [373/428] Building C object modules/ec/zephyr/CMakeFiles/ec_shim.dir/shim/src/host_command.c.obj
[pujjoga:ro] [294/414] Building C object CMakeFiles/app.dir/mnt/host/source/src/platform/ec/build/zephyr/pujjoga/modules/ec/common/ap_reset_log.c.obj
[rex-ish-ec:rw] [374/428] Building C object modules/ec/zephyr/CMakeFiles/ec_shim.dir/shim/src/console_buffer.c.obj
[pujjoga:ro] [295/414] Building C object CMakeFiles/app.dir/mnt/host/source/src/platform/ec/build/zephyr/pujjoga/modules/ec/common/espi.c.obj
[pujjoga:ro] [296/414] Building C object CMakeFiles/app.dir/mnt/host/source/src/platform/ec/build/zephyr/pujjoga/modules/ec/common/extpower_common.c.obj
[rex-ish-ec:rw] [375/428] Building C object modules/ec/zephyr/CMakeFiles/ec_shim.dir/shim/src/kb8010_usb_mux.c.obj
[matsu_it82000:ro] [24/376] Building C object CMakeFiles/app.dir/mnt/host/source/src/platform/ec/zephyr/subsys/ap_pwrseq/x86_non_dsx_common_pwrseq_host_command.c.obj
[pujjoga:ro] [297/414] Building C object CMakeFiles/app.dir/mnt/host/source/src/platform/ec/build/zephyr/pujjoga/modules/ec/common/extpower_gpio.c.obj
[rex-ish-ec:rw] [376/428] Building C object modules/ec/zephyr/CMakeFiles/ec_shim.dir/shim/src/keyboard_raw.c.obj
[pujjoga:ro] [298/414] Building C object CMakeFiles/app.dir/mnt/host/source/src/platform/ec/build/zephyr/pujjoga/modules/ec/common/flash.c.obj
[rex-ish-ec:rw] [377/428] Building C object modules/ec/zephyr/CMakeFiles/ec_shim.dir/shim/src/mkbp_event.c.obj
[pujjoga:ro] [299/414] Building C object CMakeFiles/app.dir/mnt/host/source/src/platform/ec/build/zephyr/pujjoga/modules/ec/common/host_command.c.obj
[rex-ish-ec:rw] [378/428] Building C object modules/ec/zephyr/CMakeFiles/ec_shim.dir/shim/src/panic.c.obj
[pujjoga:ro] [300/414] Building C object CMakeFiles/app.dir/mnt/host/source/src/platform/ec/build/zephyr/pujjoga/modules/ec/common/host_command_task.c.obj
[pujjoga:ro] [301/414] Building C object CMakeFiles/app.dir/mnt/host/source/src/platform/ec/build/zephyr/pujjoga/modules/ec/common/host_event_commands.c.obj
[rex-ish-ec:rw] [379/428] Building C object modules/ec/zephyr/CMakeFiles/ec_shim.dir/shim/src/pwm_hc.c.obj
[pujjoga:ro] [302/414] Building C object CMakeFiles/app.dir/mnt/host/source/src/platform/ec/build/zephyr/pujjoga/modules/ec/common/uart_hostcmd.c.obj
[pujjoga:ro] [303/414] Building C object CMakeFiles/app.dir/mnt/host/source/src/platform/ec/build/zephyr/pujjoga/modules/ec/common/uptime.c.obj
[rex-ish-ec:rw] [380/428] Building C object modules/ec/zephyr/CMakeFiles/ec_shim.dir/shim/src/temp_sensors.c.obj
[pujjoga:ro] [304/414] Building C object CMakeFiles/app.dir/mnt/host/source/src/platform/ec/build/zephyr/pujjoga/modules/ec/common/i2c_controller.c.obj
[rex-ish-ec:rw] [381/428] Building C object modules/ec/zephyr/CMakeFiles/ec_shim.dir/shim/src/thermal.c.obj
[rex-ish-ec:rw] [382/428] Building C object modules/ec/zephyr/CMakeFiles/ec_shim.dir/shim/src/hwtimer.c.obj
[pujjoga:ro] [305/414] Building C object CMakeFiles/app.dir/mnt/host/source/src/platform/ec/build/zephyr/pujjoga/modules/ec/common/i2c_passthru.c.obj
[rex-ish-ec:rw] [383/428] Building C object modules/ec/zephyr/CMakeFiles/ec_shim.dir/shim/src/i2c.c.obj
[pujjoga:ro] [306/414] Building C object CMakeFiles/app.dir/mnt/host/source/src/platform/ec/build/zephyr/pujjoga/modules/ec/common/keyboard_scan.c.obj
[rex-ish-ec:rw] [384/428] Building C object modules/ec/zephyr/CMakeFiles/ec_shim.dir/shim/src/tasks.c.obj
[matsu_it82000:rw] [166/376] Building C object zephyr/CMakeFiles/zephyr.dir/subsys/shell/shell_fprintf.c.obj
[pujjoga:ro] [307/414] Building C object CMakeFiles/app.dir/mnt/host/source/src/platform/ec/build/zephyr/pujjoga/modules/ec/common/keyboard_8042.c.obj
[rex-ish-ec:rw] [385/428] Building C object modules/ec/zephyr/CMakeFiles/ec_shim.dir/shim/src/watchdog.c.obj
[pujjoga:ro] [308/414] Building C object CMakeFiles/app.dir/mnt/host/source/src/platform/ec/build/zephyr/pujjoga/modules/ec/common/keyboard_8042_sharedlib.c.obj
[rex-ish-ec:rw] [386/428] Building C object modules/ec/zephyr/CMakeFiles/ec_shim.dir/shim/src/bc12.c.obj
[pujjoga:ro] [309/414] Building C object CMakeFiles/app.dir/mnt/host/source/src/platform/ec/build/zephyr/pujjoga/modules/ec/common/mkbp_fifo.c.obj
[rex-ish-ec:rw] [387/428] Building C object modules/ec/zephyr/CMakeFiles/ec_shim.dir/shim/src/bc12_pi3usb9201.c.obj
[pujjoga:ro] [310/414] Building C object CMakeFiles/app.dir/mnt/host/source/src/platform/ec/build/zephyr/pujjoga/modules/ec/common/mkbp_info.c.obj
[matsu_it82000:rw] [167/376] Building C object zephyr/CMakeFiles/zephyr.dir/subsys/shell/backends/shell_uart.c.obj
[rex-ish-ec:rw] [388/428] Building C object modules/ec/zephyr/CMakeFiles/ec_shim.dir/shim/src/ppc.c.obj
[pujjoga:ro] [311/414] Building C object CMakeFiles/app.dir/mnt/host/source/src/platform/ec/build/zephyr/pujjoga/modules/ec/common/mkbp_input_devices.c.obj
[rex-ish-ec:rw] [389/428] Building C object modules/ec/zephyr/CMakeFiles/ec_shim.dir/shim/src/tcpc_nct38xx.c.obj
[pujjoga:ro] [312/414] Building C object CMakeFiles/app.dir/mnt/host/source/src/platform/ec/build/zephyr/pujjoga/modules/ec/common/led_common.c.obj
[pujjoga:ro] [313/414] Building C object CMakeFiles/app.dir/mnt/host/source/src/platform/ec/build/zephyr/pujjoga/modules/ec/common/led_onoff_states.c.obj
[rex-ish-ec:rw] [390/428] Building C object modules/ec/zephyr/CMakeFiles/ec_shim.dir/shim/src/usba.c.obj
[rex-ish-ec:ro] [27/428] Building C object zephyr/CMakeFiles/zephyr.dir/lib/utils/getopt/getopt.c.obj
[pujjoga:ro] [314/414] Building C object CMakeFiles/app.dir/mnt/host/source/src/platform/ec/build/zephyr/pujjoga/modules/ec/common/motion_lid.c.obj
[rex-ish-ec:rw] [391/428] Building C object modules/ec/zephyr/CMakeFiles/ec_shim.dir/shim/src/power_host_sleep_api.c.obj
[rex-ish-ec:rw] [392/428] Building C object modules/ec/zephyr/CMakeFiles/ec_shim.dir/shim/src/usb_muxes.c.obj
[pujjoga:ro] [315/414] Building C object CMakeFiles/app.dir/mnt/host/source/src/platform/ec/build/zephyr/pujjoga/modules/ec/common/lid_angle.c.obj
[rex-ish-ec:rw] [393/428] Building C object modules/ec/zephyr/CMakeFiles/ec_shim.dir/shim/src/bb_retimer_usb_mux.c.obj
[pujjoga:ro] [316/414] Building C object CMakeFiles/app.dir/mnt/host/source/src/platform/ec/build/zephyr/pujjoga/modules/ec/common/lid_angle_keyboard_policy.c.obj
[rex-ish-ec:rw] [394/428] Building C object modules/ec/zephyr/CMakeFiles/ec_shim.dir/shim/src/sha256_hw.c.obj
[pujjoga:ro] [317/414] Building C object CMakeFiles/app.dir/mnt/host/source/src/platform/ec/build/zephyr/pujjoga/modules/ec/common/lid_switch.c.obj
[pujjoga:ro] [318/414] Building C object CMakeFiles/app.dir/mnt/host/source/src/platform/ec/build/zephyr/pujjoga/modules/ec/common/mkbp_event.c.obj
[pujjoga:ro] [319/414] Building C object CMakeFiles/app.dir/mnt/host/source/src/platform/ec/build/zephyr/pujjoga/modules/ec/common/motion_sense.c.obj
[pujjoga:ro] [320/414] Building C object CMakeFiles/app.dir/mnt/host/source/src/platform/ec/build/zephyr/pujjoga/modules/ec/common/port80.c.obj
[matsu_it82000:rw] [168/376] Building C object zephyr/CMakeFiles/zephyr.dir/subsys/shell/shell_utils.c.obj
[matsu_it82000:rw] [169/376] Building C object zephyr/CMakeFiles/zephyr.dir/subsys/shell/shell_history.c.obj
[pujjoga:ro] [321/414] Building C object CMakeFiles/app.dir/mnt/host/source/src/platform/ec/build/zephyr/pujjoga/modules/ec/common/power_button.c.obj
[pujjoga:ro] [322/414] Building C object CMakeFiles/app.dir/mnt/host/source/src/platform/ec/build/zephyr/pujjoga/modules/ec/power/hibernate.c.obj
[pujjoga:ro] [323/414] Building C object CMakeFiles/app.dir/mnt/host/source/src/platform/ec/build/zephyr/pujjoga/modules/ec/common/panic_output.c.obj
[pujjoga:ro] [324/414] Building C object CMakeFiles/app.dir/mnt/host/source/src/platform/ec/build/zephyr/pujjoga/modules/ec/common/sha256.c.obj
[pujjoga:ro] [325/414] Building C object CMakeFiles/app.dir/mnt/host/source/src/platform/ec/build/zephyr/pujjoga/modules/ec/common/shared_mem.c.obj
[matsu_it82000:rw] [170/376] Building C object zephyr/CMakeFiles/zephyr.dir/subsys/shell/shell_ops.c.obj
[pujjoga:ro] [326/414] Building C object CMakeFiles/app.dir/mnt/host/source/src/platform/ec/build/zephyr/pujjoga/modules/ec/common/switch.c.obj
[rex-ish-ec:rw] [395/428] Linking C static library modules/ec/zephyr/libec_shim.a
[pujjoga:ro] [327/414] Building C object CMakeFiles/app.dir/mnt/host/source/src/platform/ec/build/zephyr/pujjoga/modules/ec/common/spi_flash_reg.c.obj
[rex-ish-ec:rw] [396/428] Building C object zephyr/kernel/CMakeFiles/kernel.dir/main_weak.c.obj
[rex-ish-ec:rw] [397/428] Building C object zephyr/kernel/CMakeFiles/kernel.dir/banner.c.obj
[pujjoga:ro] [328/414] Building C object CMakeFiles/app.dir/mnt/host/source/src/platform/ec/build/zephyr/pujjoga/modules/ec/driver/stm_mems_common.c.obj
[pujjoga:ro] [329/414] Building C object CMakeFiles/app.dir/mnt/host/source/src/platform/ec/build/zephyr/pujjoga/modules/ec/common/tablet_mode.c.obj
[rex-ish-ec:ro] [28/428] Building C object zephyr/CMakeFiles/zephyr.dir/lib/utils/ring_buffer.c.obj
[rex-ish-ec:rw] [398/428] Building C object zephyr/kernel/CMakeFiles/kernel.dir/busy_wait.c.obj
[pujjoga:ro] [330/414] Building C object CMakeFiles/app.dir/mnt/host/source/src/platform/ec/build/zephyr/pujjoga/modules/ec/common/thermal.c.obj
[matsu_it82000:rw] [171/376] Building C object zephyr/CMakeFiles/zephyr.dir/subsys/shell/shell_help.c.obj
[matsu_it82000:rw] [172/376] Building C object zephyr/CMakeFiles/zephyr.dir/drivers/flash/flash_util.c.obj
[rex-ish-ec:rw] [399/428] Building C object zephyr/kernel/CMakeFiles/kernel.dir/device.c.obj
[pujjoga:ro] [331/414] Building C object CMakeFiles/app.dir/mnt/host/source/src/platform/ec/build/zephyr/pujjoga/modules/ec/common/temp_sensor.c.obj
[rex-ish-ec:rw] [400/428] Building C object zephyr/kernel/CMakeFiles/kernel.dir/errno.c.obj
[pujjoga:ro] [332/414] Building C object CMakeFiles/app.dir/mnt/host/source/src/platform/ec/build/zephyr/pujjoga/modules/ec/driver/temp_sensor/thermistor.c.obj
[rex-ish-ec:rw] [401/428] Building C object zephyr/kernel/CMakeFiles/kernel.dir/fatal.c.obj
[rex-ish-ec:rw] [402/428] Building C object zephyr/kernel/CMakeFiles/kernel.dir/init.c.obj
[pujjoga:ro] [333/414] Building C object CMakeFiles/app.dir/mnt/host/source/src/platform/ec/build/zephyr/pujjoga/modules/ec/common/throttle_ap.c.obj
[matsu_it82000:rw] [173/376] Building C object zephyr/arch/common/CMakeFiles/arch__common.dir/sw_isr_common.c.obj
[rex-ish-ec:rw] [403/428] Building C object zephyr/kernel/CMakeFiles/kernel.dir/kheap.c.obj
[pujjoga:ro] [334/414] Building C object CMakeFiles/app.dir/mnt/host/source/src/platform/ec/build/zephyr/pujjoga/modules/ec/common/timer.c.obj
[matsu_it82000:rw] [174/376] Building C object zephyr/CMakeFiles/zephyr.dir/subsys/shell/shell.c.obj
[rex-ish-ec:rw] [404/428] Building C object zephyr/kernel/CMakeFiles/kernel.dir/mem_slab.c.obj
[pujjoga:ro] [335/414] Building C object CMakeFiles/app.dir/mnt/host/source/src/platform/ec/build/zephyr/pujjoga/modules/ec/common/usb_port_power_dumb.c.obj
[rex-ish-ec:ro] [29/428] Building C object zephyr/CMakeFiles/zephyr.dir/lib/utils/getopt/getopt_common.c.obj
[rex-ish-ec:rw] [405/428] Building C object zephyr/kernel/CMakeFiles/kernel.dir/float.c.obj
[pujjoga:ro] [336/414] Building C object CMakeFiles/app.dir/mnt/host/source/src/platform/ec/build/zephyr/pujjoga/modules/ec/common/typec_control.c.obj
[rex-ish-ec:rw] [406/428] Building C object zephyr/kernel/CMakeFiles/kernel.dir/version.c.obj
[rex-ish-ec:ro] [30/428] Building C object zephyr/CMakeFiles/zephyr.dir/lib/utils/last_section_id.c.obj
[rex-ish-ec:rw] [407/428] Building C object zephyr/kernel/CMakeFiles/kernel.dir/idle.c.obj
[pujjoga:ro] [337/414] Building C object CMakeFiles/app.dir/mnt/host/source/src/platform/ec/build/zephyr/pujjoga/modules/ec/common/usb_common.c.obj
[pujjoga:ro] [338/414] Building C object CMakeFiles/app.dir/mnt/host/source/src/platform/ec/build/zephyr/pujjoga/modules/ec/common/usb_pd_pdo.c.obj
[rex-ish-ec:rw] [408/428] Building C object zephyr/kernel/CMakeFiles/kernel.dir/mailbox.c.obj
[matsu_it82000:rw] [175/376] Building C object zephyr/arch/common/CMakeFiles/arch__common.dir/init.c.obj
[pujjoga:ro] [339/414] Building C object CMakeFiles/app.dir/mnt/host/source/src/platform/ec/build/zephyr/pujjoga/modules/ec/common/usbc/usbc_task.c.obj
[rex-ish-ec:rw] [409/428] Building C object zephyr/kernel/CMakeFiles/kernel.dir/msg_q.c.obj
[matsu_it82000:ro] [25/376] Building C object CMakeFiles/app.dir/mnt/host/source/src/platform/ec/zephyr/subsys/ap_pwrseq/x86_non_dsx_mtl_pwrseq_sm.c.obj
[matsu_it82000:rw] [176/376] Building C object zephyr/arch/common/CMakeFiles/arch__common.dir/dynamic_isr.c.obj
[rex-ish-ec:rw] [410/428] Building C object zephyr/kernel/CMakeFiles/kernel.dir/mutex.c.obj
[pujjoga:ro] [340/414] Building C object CMakeFiles/app.dir/mnt/host/source/src/platform/ec/build/zephyr/pujjoga/modules/ec/common/usbc/usb_pd_timer.c.obj
[matsu_it82000:rw] [177/376] Linking C static library zephyr/libzephyr.a
[rex-ish-ec:rw] [411/428] Building C object zephyr/kernel/CMakeFiles/kernel.dir/queue.c.obj
[pujjoga:ro] [341/414] Building C object CMakeFiles/app.dir/mnt/host/source/src/platform/ec/build/zephyr/pujjoga/modules/ec/common/usbc/usb_sm.c.obj
[rex-ish-ec:rw] [412/428] Building C object zephyr/kernel/CMakeFiles/kernel.dir/sem.c.obj
[pujjoga:ro] [342/414] Building C object CMakeFiles/app.dir/mnt/host/source/src/platform/ec/build/zephyr/pujjoga/modules/ec/common/usbc_intr_task.c.obj
[rex-ish-ec:rw] [413/428] Building C object zephyr/kernel/CMakeFiles/kernel.dir/stack.c.obj
[pujjoga:ro] [343/414] Building C object CMakeFiles/app.dir/mnt/host/source/src/platform/ec/build/zephyr/pujjoga/modules/ec/common/usbc_utils.c.obj
[rex-ish-ec:rw] [414/428] Building C object zephyr/kernel/CMakeFiles/kernel.dir/system_work_q.c.obj
[pujjoga:ro] [344/414] Building C object CMakeFiles/app.dir/mnt/host/source/src/platform/ec/build/zephyr/pujjoga/modules/ec/common/usb_pd_flags.c.obj
[rex-ish-ec:rw] [415/428] Building C object zephyr/kernel/CMakeFiles/kernel.dir/work.c.obj
[pujjoga:ro] [345/414] Building C object CMakeFiles/app.dir/mnt/host/source/src/platform/ec/build/zephyr/pujjoga/modules/ec/common/chargen.c.obj
[rex-ish-ec:rw] [416/428] Building C object zephyr/kernel/CMakeFiles/kernel.dir/condvar.c.obj
[pujjoga:ro] [346/414] Building C object CMakeFiles/app.dir/mnt/host/source/src/platform/ec/build/zephyr/pujjoga/modules/ec/common/usbc/usb_pd_console.c.obj
[rex-ish-ec:ro] [31/428] Building C object zephyr/CMakeFiles/zephyr.dir/misc/generated/configs.c.obj
[pujjoga:ro] [347/414] Building C object CMakeFiles/app.dir/mnt/host/source/src/platform/ec/build/zephyr/pujjoga/modules/ec/driver/usb_mux/usb_mux.c.obj
[rex-ish-ec:rw] [417/428] Building C object zephyr/kernel/CMakeFiles/kernel.dir/thread.c.obj
[pujjoga:ro] [348/414] Building C object CMakeFiles/app.dir/mnt/host/source/src/platform/ec/build/zephyr/pujjoga/modules/ec/driver/usb_mux/virtual.c.obj
[rex-ish-ec:rw] [418/428] Building C object zephyr/kernel/CMakeFiles/kernel.dir/sched.c.obj
[pujjoga:ro] [349/414] Building C object CMakeFiles/app.dir/mnt/host/source/src/platform/ec/build/zephyr/pujjoga/modules/ec/common/usbc/usb_tc_drp_acc_trysrc_sm.c.obj
[pujjoga:ro] [350/414] Building C object CMakeFiles/app.dir/mnt/host/source/src/platform/ec/build/zephyr/pujjoga/modules/ec/common/usbc/usb_prl_sm.c.obj
[rex-ish-ec:rw] [419/428] Building C object zephyr/kernel/CMakeFiles/kernel.dir/pipe.c.obj
[rex-ish-ec:rw] [420/428] Building C object zephyr/kernel/CMakeFiles/kernel.dir/spinlock_validate.c.obj
[pujjoga:ro] [351/414] Building C object CMakeFiles/app.dir/mnt/host/source/src/platform/ec/build/zephyr/pujjoga/modules/ec/common/usbc/usb_pe_drp_sm.c.obj
[matsu_it82000:rw] [178/376] Building C object zephyr/arch/common/CMakeFiles/isr_tables.dir/isr_tables.c.obj
[rex-ish-ec:rw] [421/428] Building C object zephyr/kernel/CMakeFiles/kernel.dir/thread_monitor.c.obj
[pujjoga:ro] [352/414] Building C object CMakeFiles/app.dir/mnt/host/source/src/platform/ec/build/zephyr/pujjoga/modules/ec/common/usbc/usb_pd_dpm.c.obj
[rex-ish-ec:rw] [422/428] Building C object zephyr/kernel/CMakeFiles/kernel.dir/timeout.c.obj
[pujjoga:ro] [353/414] Building C object CMakeFiles/app.dir/mnt/host/source/src/platform/ec/build/zephyr/pujjoga/modules/ec/common/usbc/usbc_pd_policy.c.obj
[rex-ish-ec:rw] [423/428] Building C object zephyr/kernel/CMakeFiles/kernel.dir/timer.c.obj
[pujjoga:ro] [354/414] Building C object CMakeFiles/app.dir/mnt/host/source/src/platform/ec/build/zephyr/pujjoga/modules/ec/common/usbc/dp_alt_mode.c.obj
[matsu_it82000:rw] [179/376] Linking C static library zephyr/arch/common/libisr_tables.a
[rex-ish-ec:rw] [424/428] Building C object zephyr/kernel/CMakeFiles/kernel.dir/poll.c.obj
[matsu_it82000:rw] [180/376] Building C object zephyr/arch/arch/riscv/core/CMakeFiles/arch__riscv__core.dir/cpu_idle.c.obj
[pujjoga:ro] [355/414] Building C object CMakeFiles/app.dir/mnt/host/source/src/platform/ec/build/zephyr/pujjoga/modules/ec/common/usb_pd_console_cmd.c.obj
[rex-ish-ec:rw] [425/428] Building C object zephyr/kernel/CMakeFiles/kernel.dir/events.c.obj
[pujjoga:ro] [356/414] Building C object CMakeFiles/app.dir/mnt/host/source/src/platform/ec/build/zephyr/pujjoga/modules/ec/common/usb_pd_host_cmd.c.obj
[matsu_it82000:rw] [181/376] Building C object zephyr/arch/common/CMakeFiles/arch__common.dir/xip.c.obj
[matsu_it82000:rw] [182/376] Building C object zephyr/arch/arch/riscv/core/CMakeFiles/arch__riscv__core.dir/prep_c.c.obj
[rex-ish-ec:rw] [426/428] Building C object zephyr/kernel/CMakeFiles/kernel.dir/mempool.c.obj
[pujjoga:ro] [357/414] Building C object CMakeFiles/app.dir/mnt/host/source/src/platform/ec/build/zephyr/pujjoga/modules/ec/common/usbc/usb_pd_host.c.obj
[rex-ish-ec:rw] [427/428] Building C object zephyr/kernel/CMakeFiles/kernel.dir/dynamic_disabled.c.obj
[pujjoga:ro] [358/414] Building C object CMakeFiles/app.dir/mnt/host/source/src/platform/ec/build/zephyr/pujjoga/modules/ec/zephyr/shim/src/tcpc.c.obj
[pujjoga:ro] [359/414] Building C object CMakeFiles/app.dir/mnt/host/source/src/platform/ec/build/zephyr/pujjoga/modules/ec/common/usb_pd_host_cmd_common.c.obj
[matsu_it82000:rw] [183/376] Linking C static library zephyr/arch/common/libarch__common.a
[pujjoga:ro] [360/414] Building C object CMakeFiles/app.dir/mnt/host/source/src/platform/ec/build/zephyr/pujjoga/modules/ec/common/usbc/svdm_rsp_dfp_only.c.obj
[pujjoga:ro] [361/414] Building C object CMakeFiles/app.dir/mnt/host/source/src/platform/ec/build/zephyr/pujjoga/modules/ec/common/usbc_ocp.c.obj
[pujjoga:ro] [362/414] Building C object CMakeFiles/app.dir/mnt/host/source/src/platform/ec/build/zephyr/pujjoga/modules/ec/common/usb_pd_discovery.c.obj
[pujjoga:ro] [363/414] Building C object CMakeFiles/app.dir/mnt/host/source/src/platform/ec/build/zephyr/pujjoga/modules/ec/common/usb_pd_dual_role.c.obj
[rex-ish-ec:rw] [428/428] Linking C static library zephyr/kernel/libkernel.a
Running (initial) lcov on /mnt/host/source/src/platform/ec/build/zephyr/rex-ish.
[pujjoga:ro] [364/414] Building C object CMakeFiles/app.dir/mnt/host/source/src/platform/ec/build/zephyr/pujjoga/modules/ec/driver/tcpm/nct38xx.c.obj
[pujjoga:ro] [365/414] Building C object CMakeFiles/app.dir/mnt/host/source/src/platform/ec/build/zephyr/pujjoga/modules/ec/driver/tcpm/raa489000.c.obj
[pujjoga:ro] [366/414] Building C object CMakeFiles/app.dir/mnt/host/source/src/platform/ec/build/zephyr/pujjoga/modules/ec/driver/tcpm/tcpci.c.obj
[pujjoga:ro] [367/414] Building C object CMakeFiles/app.dir/mnt/host/source/src/platform/ec/build/zephyr/pujjoga/modules/ec/common/usbc_ppc.c.obj
[pujjoga:ro] [368/414] Building C object CMakeFiles/app.dir/mnt/host/source/src/platform/ec/build/zephyr/pujjoga/modules/ec/driver/ppc/syv682x.c.obj
[pujjoga:ro] [369/414] Building C object CMakeFiles/app.dir/mnt/host/source/src/platform/ec/build/zephyr/pujjoga/modules/ec/common/vboot_hash.c.obj
[matsu_it82000:rw] [184/376] Building C object zephyr/arch/arch/riscv/core/CMakeFiles/arch__riscv__core.dir/fatal.c.obj
[pujjoga:ro] [370/414] Building C object CMakeFiles/app.dir/mnt/host/source/src/platform/ec/build/zephyr/pujjoga/modules/ec/common/button.c.obj
[pujjoga:ro] [371/414] Building C object CMakeFiles/app.dir/mnt/host/source/src/platform/ec/build/zephyr/pujjoga/modules/ec/common/vboot/efs2.c.obj
[pujjoga:ro] [372/414] Building C object CMakeFiles/app.dir/mnt/host/source/src/platform/ec/build/zephyr/pujjoga/modules/ec/common/vstore.c.obj
[matsu_it82000:rw] [185/376] Building ASM object zephyr/arch/arch/riscv/core/CMakeFiles/arch__riscv__core.dir/reset.S.obj
[pujjoga:ro] [373/414] Building C object CMakeFiles/app.dir/mnt/host/source/src/platform/ec/build/zephyr/pujjoga/modules/ec/common/math_util.c.obj
[matsu_it82000:rw] [186/376] Generating ../../../include/generated/libc/minimal/strerror_table.h
[pujjoga:ro] [374/414] Building C object CMakeFiles/app.dir/src/common.c.obj
[matsu_it82000:rw] [187/376] Building C object zephyr/arch/arch/riscv/core/CMakeFiles/arch__riscv__core.dir/irq_manage.c.obj
[pujjoga:ro] [375/414] Building C object CMakeFiles/app.dir/src/board_power.c.obj
[matsu_it82000:rw] [188/376] Building C object zephyr/arch/arch/riscv/core/CMakeFiles/arch__riscv__core.dir/reboot.c.obj
[pujjoga:ro] [376/414] Building C object CMakeFiles/app.dir/pujjoga/src/board.c.obj
[pujjoga:ro] [377/414] Building C object CMakeFiles/app.dir/pujjoga/src/led.c.obj
[pujjoga:ro] [378/414] Building C object CMakeFiles/app.dir/pujjoga/src/hdmi.c.obj
[matsu_it82000:rw] [189/376] Building ASM object zephyr/arch/arch/riscv/core/CMakeFiles/arch__riscv__core.dir/switch.S.obj
[pujjoga:ro] [379/414] Building C object CMakeFiles/app.dir/pujjoga/src/sub_board.c.obj
[rex-ish-ec:ro] [32/428] Building C object zephyr/CMakeFiles/zephyr.dir/soc/nuvoton/npcx/common/power.c.obj
[matsu_it82000:ro] [26/376] Building C object CMakeFiles/app.dir/mnt/host/source/src/platform/ec/zephyr/subsys/ap_pwrseq/ap_reset_log.c.obj
Running `env -i PYTHONPATH=/usr/lib64/python-exec/python3.11:/mnt/host/source/src/platform/ec/zephyr/zmake:/usr/lib/python311.zip:/usr/lib/python3.11:/usr/lib/python3.11/lib-dynload:/usr/lib/python3.11/site-packages PW_PIGWEED_CIPD_INSTALL_DIR=/usr CROSTC_USER_ACKNOWLEDGES_THAT_RISCV_IS_EXPERIMENTAL=1 PATH=/mnt/host/source/chromite/bin:/usr/local/bin:/usr/bin:/bin:/opt/bin:/mnt/host/source/chromite/sdk/bin:/mnt/host/source/chromite/bin HOME=/home/jpmurphy JAVA_HOME=/etc/java-config-2/current-system-vm JDK_HOME=/etc/java-config-2/current-system-vm JAVAC=/etc/java-config-2/current-system-vm/bin/javac MAKEFLAGS=' -j16 --jobserver-auth=5,6' /usr/bin/lcov --gcov-tool /mnt/host/source/src/platform/ec/build/zephyr/rex-ish/build-singleimage/gcov.sh -q -o - -c -d /mnt/host/source/src/platform/ec/build/zephyr/rex-ish -t rex-ish --rc branch_coverage=1 --filter range --ignore-errors inconsistent,source --ignore-errors gcov,gcov -i`
[matsu_it82000:rw] [190/376] Building C object zephyr/arch/arch/riscv/core/CMakeFiles/arch__riscv__core.dir/thread.c.obj
[pujjoga:ro] [380/414] Building C object CMakeFiles/app.dir/pujjoga/src/usbc.c.obj
[pujjoga:ro] [381/414] Building C object CMakeFiles/app.dir/pujjoga/src/charger.c.obj
[matsu_it82000:rw] [191/376] Building C object zephyr/lib/libc/minimal/CMakeFiles/lib__libc__minimal.dir/source/stdlib/atoi.c.obj
[matsu_it82000:rw] [192/376] Building C object zephyr/lib/libc/minimal/CMakeFiles/lib__libc__minimal.dir/source/stdlib/strtol.c.obj
[rex-ish-ec:ro] [33/428] Building C object zephyr/CMakeFiles/zephyr.dir/soc/nuvoton/npcx/common/scfg.c.obj
[matsu_it82000:rw] [193/376] Building C object zephyr/lib/libc/minimal/CMakeFiles/lib__libc__minimal.dir/source/stdlib/strtoul.c.obj
[matsu_it82000:rw] [194/376] Building C object zephyr/lib/libc/minimal/CMakeFiles/lib__libc__minimal.dir/source/stdlib/strtoll.c.obj
[matsu_it82000:rw] [195/376] Building C object zephyr/lib/libc/minimal/CMakeFiles/lib__libc__minimal.dir/source/stdlib/bsearch.c.obj
[matsu_it82000:rw] [196/376] Building C object zephyr/lib/libc/minimal/CMakeFiles/lib__libc__minimal.dir/source/stdlib/strtoull.c.obj
[pujjoga:ro] [382/414] Linking C static library app/libapp.a
[matsu_it82000:rw] [197/376] Building C object zephyr/arch/arch/riscv/core/CMakeFiles/arch__riscv__core.dir/stacktrace.c.obj
[pujjoga:ro] [383/414] Building C object zephyr/kernel/CMakeFiles/kernel.dir/main_weak.c.obj
[pujjoga:ro] [384/414] Building C object zephyr/kernel/CMakeFiles/kernel.dir/banner.c.obj
[pujjoga:ro] [385/414] Building C object zephyr/kernel/CMakeFiles/kernel.dir/busy_wait.c.obj
[pujjoga:ro] [386/414] Building C object zephyr/kernel/CMakeFiles/kernel.dir/device.c.obj
[pujjoga:ro] [387/414] Building C object zephyr/kernel/CMakeFiles/kernel.dir/errno.c.obj
[matsu_it82000:rw] [198/376] Building ASM object zephyr/arch/arch/riscv/core/CMakeFiles/arch__riscv__core.dir/isr.S.obj
[pujjoga:ro] [388/414] Building C object zephyr/kernel/CMakeFiles/kernel.dir/fatal.c.obj
[matsu_it82000:rw] [199/376] Building C object zephyr/lib/libc/minimal/CMakeFiles/lib__libc__minimal.dir/source/string/strncasecmp.c.obj
[pujjoga:ro] [389/414] Building C object zephyr/kernel/CMakeFiles/kernel.dir/init.c.obj
[pujjoga:ro] [390/414] Building C object zephyr/kernel/CMakeFiles/kernel.dir/kheap.c.obj
[matsu_it82000:rw] [200/376] Building C object zephyr/lib/libc/minimal/CMakeFiles/lib__libc__minimal.dir/source/stdlib/qsort.c.obj
[pujjoga:ro] [391/414] Building C object zephyr/kernel/CMakeFiles/kernel.dir/mem_slab.c.obj
[pujjoga:ro] [392/414] Building C object zephyr/kernel/CMakeFiles/kernel.dir/float.c.obj
[matsu_it82000:rw] [201/376] Linking C static library zephyr/arch/arch/riscv/core/libarch__riscv__core.a
[pujjoga:ro] [393/414] Building C object zephyr/kernel/CMakeFiles/kernel.dir/version.c.obj
[pujjoga:ro] [394/414] Building C object zephyr/kernel/CMakeFiles/kernel.dir/idle.c.obj
[matsu_it82000:rw] [202/376] Building C object zephyr/lib/libc/minimal/CMakeFiles/lib__libc__minimal.dir/source/string/strstr.c.obj
[pujjoga:ro] [395/414] Building C object zephyr/kernel/CMakeFiles/kernel.dir/mailbox.c.obj
[pujjoga:ro] [396/414] Building C object zephyr/kernel/CMakeFiles/kernel.dir/msg_q.c.obj
[pujjoga:ro] [397/414] Building C object zephyr/kernel/CMakeFiles/kernel.dir/mutex.c.obj
[matsu_it82000:rw] [203/376] Building C object zephyr/lib/libc/minimal/CMakeFiles/lib__libc__minimal.dir/source/string/string.c.obj
[pujjoga:ro] [398/414] Building C object zephyr/kernel/CMakeFiles/kernel.dir/queue.c.obj
[pujjoga:ro] [399/414] Building C object zephyr/kernel/CMakeFiles/kernel.dir/sem.c.obj
[pujjoga:ro] [400/414] Building C object zephyr/kernel/CMakeFiles/kernel.dir/stack.c.obj
[matsu_it82000:rw] [204/376] Building C object zephyr/lib/libc/minimal/CMakeFiles/lib__libc__minimal.dir/source/string/strerror.c.obj
[pujjoga:ro] [401/414] Building C object zephyr/kernel/CMakeFiles/kernel.dir/system_work_q.c.obj
[matsu_it82000:rw] [205/376] Building C object zephyr/lib/libc/minimal/CMakeFiles/lib__libc__minimal.dir/source/string/strspn.c.obj
[matsu_it82000:rw] [206/376] Building C object zephyr/lib/libc/common/CMakeFiles/lib__libc__common.dir/source/stdlib/abort.c.obj
[pujjoga:ro] [402/414] Building C object zephyr/kernel/CMakeFiles/kernel.dir/work.c.obj
[pujjoga:ro] [403/414] Building C object zephyr/kernel/CMakeFiles/kernel.dir/condvar.c.obj
[pujjoga:ro] [404/414] Building C object zephyr/kernel/CMakeFiles/kernel.dir/thread.c.obj
[pujjoga:ro] [405/414] Building C object zephyr/kernel/CMakeFiles/kernel.dir/sched.c.obj
[/mnt/host/source/src/platform/ec/build/zephyr/rex-ish-lcov] geninfo: WARNING: (format) invalid characters removed from testname
[pujjoga:ro] [406/414] Building C object zephyr/kernel/CMakeFiles/kernel.dir/pipe.c.obj
[rex-ish-ec:ro] [34/428] Building C object zephyr/CMakeFiles/zephyr.dir/soc/nuvoton/npcx/common/npcxn/registers.c.obj
[pujjoga:ro] [407/414] Building C object zephyr/kernel/CMakeFiles/kernel.dir/thread_monitor.c.obj
[pujjoga:ro] [408/414] Building C object zephyr/kernel/CMakeFiles/kernel.dir/timeout.c.obj
[pujjoga:ro] [409/414] Building C object zephyr/kernel/CMakeFiles/kernel.dir/timer.c.obj
[pujjoga:ro] [410/414] Building C object zephyr/kernel/CMakeFiles/kernel.dir/poll.c.obj
[pujjoga:ro] [411/414] Building C object zephyr/kernel/CMakeFiles/kernel.dir/events.c.obj
[pujjoga:ro] [412/414] Building C object zephyr/kernel/CMakeFiles/kernel.dir/mempool.c.obj
[matsu_it82000:rw] [207/376] Building C object zephyr/lib/libc/minimal/CMakeFiles/lib__libc__minimal.dir/source/stdlib/exit.c.obj
[matsu_it82000:rw] [208/376] Building C object zephyr/lib/libc/minimal/CMakeFiles/lib__libc__minimal.dir/source/math/sqrt.c.obj
[pujjoga:ro] [413/414] Building C object zephyr/kernel/CMakeFiles/kernel.dir/dynamic_disabled.c.obj
[matsu_it82000:rw] [209/376] Building C object zephyr/lib/libc/minimal/CMakeFiles/lib__libc__minimal.dir/source/math/sqrtf.c.obj
[rex-ish-ec:ro] [35/428] Building C object zephyr/CMakeFiles/zephyr.dir/soc/nuvoton/npcx/npcx9/soc.c.obj
[/mnt/host/source/src/platform/ec/build/zephyr/rex-ish-lcov] 	(use "geninfo --ignore-errors format,format ..." to suppress this warning)
[/mnt/host/source/src/platform/ec/build/zephyr/rex-ish-lcov] geninfo: WARNING: using JSON module "JSON::PP" - which is much slower than some alternatives.  Consider installing one of JSON::XS or Cpanel::JSON::XS
[pujjoga:ro] [414/414] Linking C static library zephyr/kernel/libkernel.a
[pujjoga:rw] Building: /usr/bin/ninja -C /mnt/host/source/src/platform/ec/build/zephyr/pujjoga/build-rw all.libraries
Running `env -i SHELL=/bin/bash COLORTERM=truecolor DEPOT_TOOLS_UPDATE=0 LESS='-R -M --shift 5' SUDO_GID=0 JDK_HOME=/etc/java-config-2/current-system-vm CONFIG_PROTECT_MASK='/etc/gentoo-release /etc/sandbox.d /etc/fonts/fonts.conf /etc/terminfo /etc/ca-certificates.conf /etc/revdep-rebuild' CHROMEOS_CACHEDIR=/var/cache/chromeos-cache JAVA_HOME=/etc/java-config-2/current-system-vm SSH_AUTH_SOCK=/tmp/ssh-auth-sock SUDO_COMMAND=/bin/bash SUDO_USER=root SUDO_TTY=/dev/pts/2 EDITOR=/usr/bin/vi PWD=/mnt/host/source/src/platform/ec CONFIG_PROTECT=/usr/share/gnupg/qualified.txt LOGNAME=jpmurphy MANPATH=/etc/java-config-2/current-system-vm/man:/usr/local/share/man:/usr/share/man:/usr/share/gcc-data/x86_64-pc-linux-gnu/10.2.0/man:/usr/share/binutils-data/x86_64-pc-linux-gnu/2.45/man:/etc/java-config-2/current-system-vm/man/ SUDO_HOME=/root XAUTHORITY=/run/user/944457/gdm/Xauthority HOME=/home/jpmurphy LANG=C.UTF-8 LS_COLORS='rs=0:di=01;34:ln=01;36:mh=00:pi=40;33:so=01;35:do=01;35:bd=40;33;01:cd=40;33;01:or=01;05;37;41:mi=01;05;37;41:su=37;41:sg=30;43:ca=30;41:tw=30;42:ow=34;42:st=37;44:ex=01;32:*.tar=01;31:*.tgz=01;31:*.arc=01;31:*.arj=01;31:*.taz=01;31:*.lha=01;31:*.lz4=01;31:*.lzh=01;31:*.lzma=01;31:*.tlz=01;31:*.txz=01;31:*.tzo=01;31:*.t7z=01;31:*.zip=01;31:*.z=01;31:*.dz=01;31:*.gz=01;31:*.lrz=01;31:*.lz=01;31:*.lzo=01;31:*.xz=01;31:*.zst=01;31:*.tzst=01;31:*.bz2=01;31:*.bz=01;31:*.tbz=01;31:*.tbz2=01;31:*.tz=01;31:*.deb=01;31:*.rpm=01;31:*.jar=01;31:*.war=01;31:*.ear=01;31:*.sar=01;31:*.rar=01;31:*.alz=01;31:*.ace=01;31:*.zoo=01;31:*.cpio=01;31:*.7z=01;31:*.rz=01;31:*.cab=01;31:*.wim=01;31:*.swm=01;31:*.dwm=01;31:*.esd=01;31:*.jpg=01;35:*.jpeg=01;35:*.mjpg=01;35:*.mjpeg=01;35:*.gif=01;35:*.bmp=01;35:*.pbm=01;35:*.pgm=01;35:*.ppm=01;35:*.tga=01;35:*.xbm=01;35:*.xpm=01;35:*.tif=01;35:*.tiff=01;35:*.png=01;35:*.svg=01;35:*.svgz=01;35:*.mng=01;35:*.pcx=01;35:*.mov=01;35:*.mpg=01;35:*.mpeg=01;35:*.m2v=01;35:*.mkv=01;35:*.webm=01;35:*.webp=01;35:*.ogm=01;35:*.mp4=01;35:*.m4v=01;35:*.mp4v=01;35:*.vob=01;35:*.qt=01;35:*.nuv=01;35:*.wmv=01;35:*.asf=01;35:*.rm=01;35:*.rmvb=01;35:*.flc=01;35:*.avi=01;35:*.fli=01;35:*.flv=01;35:*.gl=01;35:*.dl=01;35:*.xcf=01;35:*.xwd=01;35:*.yuv=01;35:*.cgm=01;35:*.emf=01;35:*.ogv=01;35:*.ogx=01;35:*.cfg=00;32:*.conf=00;32:*.diff=00;32:*.doc=00;32:*.ini=00;32:*.log=00;32:*.patch=00;32:*.pdf=00;32:*.ps=00;32:*.tex=00;32:*.txt=00;32:*.aac=00;36:*.au=00;36:*.flac=00;36:*.m4a=00;36:*.mid=00;36:*.midi=00;36:*.mka=00;36:*.mp3=00;36:*.mpc=00;36:*.ogg=00;36:*.ra=00;36:*.wav=00;36:*.oga=00;36:*.opus=00;36:*.spx=00;36:*.xspf=00;36:' XDG_CURRENT_DESKTOP=GNOME INFOPATH=/usr/share/info:/usr/share/gcc-data/x86_64-pc-linux-gnu/10.2.0/info:/usr/share/binutils-data/x86_64-pc-linux-gnu/2.45/info:/usr/share/automake-1.16.5/info JAVAC=/etc/java-config-2/current-system-vm/bin/javac TERM=xterm-256color LESSOPEN='|lesspipe %s' USER=jpmurphy CROS_WORKON_SRCROOT=/mnt/host/source MANPAGER=manpager DISPLAY=:1 SHLVL=1 LC_MESSAGES=C EXTERNAL_TRUNK_PATH=/mnt/8f9d649a-3721-44cc-93c0-e6bd21a9689f/chromiumos GCC_SPECS='' PATH=/mnt/host/source/chromite/bin:/usr/local/bin:/usr/bin:/bin:/opt/bin:/mnt/host/source/chromite/sdk/bin:/mnt/host/source/chromite/bin PORTAGE_USERNAME=jpmurphy SUDO_UID=0 GCC_VER=10.2.0 MAIL=/var/mail/jpmurphy OLDPWD=/mnt/host/source/src/scripts traceparent=00-e87aca51550a78635907baa6a2476181-6d684811675d2973-01 _=./zephyr/firmware_builder.py COREBOOT_SDK_ROOT_x86=/home/jpmurphy/.cache/coreboot-sdk/i386-elf/dfbb0486385d938cfa9d73080b9d18d598ed4f49 COREBOOT_SDK_ROOT_picolibc_x86=/home/jpmurphy/.cache/coreboot-sdk/picolibc-i386-elf/eb8e8e687b95461de8cbf278f1c2076952d0ad17 COREBOOT_SDK_ROOT_riscv64=/home/jpmurphy/.cache/coreboot-sdk/riscv64-elf/96b949749225b6aaa92ed810ab769e8dfb12f000 COREBOOT_SDK_ROOT_picolibc_arm=/home/jpmurphy/.cache/coreboot-sdk/picolibc-arm-eabi/422a2aa3e1ef891b5bece9a3deb696ff83840d2e COREBOOT_SDK_ROOT_nds32=/home/jpmurphy/.cache/coreboot-sdk/nds32le-elf/d1a518c4a097666d86058e1444f85ca015d15511 COREBOOT_SDK_ROOT_picolibc_riscv64=/home/jpmurphy/.cache/coreboot-sdk/picolibc-riscv64-elf/f571e990ef0278564b31124f8bb109d9a697eb69 COREBOOT_SDK_ROOT_arm=/home/jpmurphy/.cache/coreboot-sdk/arm-eabi/ea40ddd1d190c3b48435c474c0b545719371813a COREBOOT_SDK_ROOT_libstdcxx_riscv64=/home/jpmurphy/.cache/coreboot-sdk/libstdcxx-riscv64-elf/17abf22a3a252e2d5d2062ced5324f7a623689e0 COREBOOT_SDK_ROOT_libstdcxx_arm=/home/jpmurphy/.cache/coreboot-sdk/libstdcxx-arm-eabi/5d7d82e150e44aa1968f1d366e267e6687b328ac COREBOOT_SDK_ROOT_riscv=/home/jpmurphy/.cache/coreboot-sdk/riscv-elf/9a27b9e82341c6e9126624f516ab3f261abb3e73 COREBOOT_SDK_ROOT_libstdcxx_x86=/home/jpmurphy/.cache/coreboot-sdk/libstdcxx-i386-elf/42ef9d2e87a76a37963175d7d428734e65648b87 PYTHONPATH=/mnt/host/source/src/platform/ec/zephyr/zmake PW_PIGWEED_CIPD_INSTALL_DIR=/usr CROSTC_USER_ACKNOWLEDGES_THAT_RISCV_IS_EXPERIMENTAL=1 MAKEFLAGS=' -j16 --jobserver-auth=5,6' /usr/bin/ninja -C /mnt/host/source/src/platform/ec/build/zephyr/pujjoga/build-rw all.libraries`
[pujjoga:rw] ninja: Entering directory `/mnt/host/source/src/platform/ec/build/zephyr/pujjoga/build-rw'
[matsu_it82000:ro] [27/376] Building C object CMakeFiles/app.dir/mnt/host/source/src/platform/ec/zephyr/subsys/pd_controller/pdc_pmc_debug.c.obj
[/mnt/host/source/src/platform/ec/build/zephyr/veluza-lcov]   /mnt/host/source/src/platform/ec/build/zephyr/veluza/build-rw/CMakeFiles/app.dir/mnt/host/source/src/platform/ec/build/zephyr/veluza/modules/ec/common/usb_pd_pdo.c.gcno:no functions found
[/mnt/host/source/src/platform/ec/build/zephyr/veluza-lcov] stderr:
[matsu_it82000:rw] [210/376] Building C object zephyr/lib/libc/common/CMakeFiles/lib__libc__common.dir/source/time/asctime.c.obj
[matsu_it82000:rw] [211/376] Building C object zephyr/lib/libc/minimal/CMakeFiles/lib__libc__minimal.dir/source/stdout/fprintf.c.obj
[matsu_it82000:rw] [212/376] Building C object zephyr/lib/libc/common/CMakeFiles/lib__libc__common.dir/source/time/gmtime_r.c.obj
[matsu_it82000:rw] [213/376] Building C object zephyr/lib/libc/minimal/CMakeFiles/lib__libc__minimal.dir/source/stdout/stdout_console.c.obj
[matsu_it82000:rw] [214/376] Building C object zephyr/lib/libc/common/CMakeFiles/lib__libc__common.dir/source/time/localtime_r_utc.c.obj
[matsu_it82000:rw] [215/376] Building C object zephyr/lib/libc/minimal/CMakeFiles/lib__libc__minimal.dir/source/stdout/sprintf.c.obj
[matsu_it82000:rw] [216/376] Building C object zephyr/lib/libc/minimal/CMakeFiles/lib__libc__minimal.dir/source/time/gmtime.c.obj
[matsu_it82000:rw] [217/376] Building C object zephyr/lib/libc/common/CMakeFiles/lib__libc__common.dir/source/string/strnlen.c.obj
[matsu_it82000:rw] [218/376] Building C object zephyr/lib/libc/common/CMakeFiles/lib__libc__common.dir/source/time/ctime.c.obj
[matsu_it82000:rw] [219/376] Linking C static library zephyr/lib/libc/minimal/liblib__libc__minimal.a
[matsu_it82000:rw] [220/376] Building C object zephyr/lib/libc/common/CMakeFiles/lib__libc__common.dir/source/time/time.c.obj
[matsu_it82000:rw] [221/376] Building C object zephyr/subsys/crc/CMakeFiles/subsys__crc.dir/crc8_sw.c.obj
[matsu_it82000:rw] [222/376] Building C object zephyr/subsys/crc/CMakeFiles/subsys__crc.dir/crc4_sw.c.obj
[matsu_it82000:rw] [223/376] Building C object zephyr/lib/posix/c_lib_ext/CMakeFiles/lib__posix__c_lib_ext.dir/fnmatch.c.obj
[matsu_it82000:rw] [224/376] Building C object zephyr/subsys/crc/CMakeFiles/subsys__crc.dir/crc16_sw.c.obj
[rex-ish-ec:ro] [36/428] Building C object zephyr/CMakeFiles/zephyr.dir/subsys/logging/log_minimal.c.obj
[matsu_it82000:rw] [225/376] Building C object zephyr/subsys/crc/CMakeFiles/subsys__crc.dir/crc24_sw.c.obj
[matsu_it82000:rw] [226/376] Building C object zephyr/subsys/crc/CMakeFiles/subsys__crc.dir/crc7_sw.c.obj
[matsu_it82000:rw] [227/376] Building C object zephyr/subsys/crc/CMakeFiles/subsys__crc.dir/crc32c_sw.c.obj
[matsu_it82000:rw] [228/376] Building C object zephyr/subsys/crc/CMakeFiles/subsys__crc.dir/crc32_sw.c.obj
[pujjoga:rw] [1/414] Generating include/generated/zephyr/version.h
[pujjoga:rw] -- git describe warned: warning: tag 'upstream/v2.7.99' is externally known as 'v2.7.99'
[pujjoga:rw] -- Zephyr version: 4.3.99 (/mnt/host/source/src/third_party/zephyr/main)
[pujjoga:rw] [2/414] Preparing syscall dependency handling
[matsu_it82000:rw] [229/376] Building C object zephyr/subsys/crc/CMakeFiles/subsys__crc.dir/crc32k_4_2_sw.c.obj
[matsu_it82000:rw] [230/376] Building C object zephyr/lib/libc/common/CMakeFiles/lib__libc__common.dir/source/stdlib/malloc.c.obj
[pujjoga:rw] [3/414] Generating misc/generated/syscalls_subdirs.trigger
[matsu_it82000:rw] [231/376] Building C object zephyr/lib/posix/c_lib_ext/CMakeFiles/lib__posix__c_lib_ext.dir/getopt_shim.c.obj
[rex-ish-ec:ro] [37/428] Building C object zephyr/CMakeFiles/zephyr.dir/subsys/mem_mgmt/mem_attr.c.obj
[matsu_it82000:rw] [232/376] Linking C static library zephyr/subsys/crc/libsubsys__crc.a
[/mnt/host/source/src/platform/ec/build/zephyr/kanix-lcov]   /mnt/host/source/src/platform/ec/build/zephyr/kanix/build-rw/CMakeFiles/app.dir/mnt/host/source/src/platform/ec/build/zephyr/kanix/modules/ec/common/usb_pd_pdo.c.gcno:no functions found
[/mnt/host/source/src/platform/ec/build/zephyr/kanix-lcov] stderr:
[matsu_it82000:rw] [233/376] Linking C static library zephyr/lib/libc/common/liblib__libc__common.a
[matsu_it82000:rw] [234/376] Building C object zephyr/subsys/input/CMakeFiles/subsys__input.dir/input_hid.c.obj
[matsu_it82000:rw] [235/376] Building C object zephyr/lib/smf/CMakeFiles/lib__smf.dir/smf.c.obj
[matsu_it82000:rw] [236/376] Building C object zephyr/lib/posix/c_lib_ext/CMakeFiles/lib__posix__c_lib_ext.dir/getentropy.c.obj
[matsu_it82000:rw] [237/376] Linking C static library zephyr/lib/smf/liblib__smf.a
[matsu_it82000:rw] [238/376] Linking C static library zephyr/lib/posix/c_lib_ext/liblib__posix__c_lib_ext.a
[matsu_it82000:rw] [239/376] Building C object zephyr/subsys/input/CMakeFiles/subsys__input.dir/input.c.obj
[rex-ish-ec:ro] [38/428] Building C object zephyr/CMakeFiles/zephyr.dir/subsys/pm/state.c.obj
[matsu_it82000:rw] [240/376] Building C object zephyr/subsys/input/CMakeFiles/subsys__input.dir/input_utils.c.obj
[matsu_it82000:rw] [241/376] Linking C static library zephyr/subsys/input/libsubsys__input.a
[matsu_it82000:rw] [242/376] Building C object zephyr/drivers/adc/CMakeFiles/drivers__adc.dir/adc_common.c.obj
[rex-ish-ec:ro] [39/428] Building C object zephyr/CMakeFiles/zephyr.dir/subsys/pm/pm.c.obj
[matsu_it82000:rw] [243/376] Building C object zephyr/drivers/interrupt_controller/CMakeFiles/drivers__interrupt_controller.dir/intc_ite_it8xxx2_v2.c.obj
[matsu_it82000:rw] [244/376] Building C object zephyr/drivers/interrupt_controller/CMakeFiles/drivers__interrupt_controller.dir/wuc_ite_it8xxx2.c.obj
[pujjoga:rw] [4/414] Generating misc/generated/syscalls.json, misc/generated/struct_tags.json
[matsu_it82000:rw] [245/376] Building C object zephyr/drivers/bbram/CMakeFiles/drivers__bbram.dir/bbram_it8xxx2.c.obj
[matsu_it82000:rw] [246/376] Linking C static library zephyr/drivers/interrupt_controller/libdrivers__interrupt_controller.a
[matsu_it82000:rw] [247/376] Linking C static library zephyr/drivers/bbram/libdrivers__bbram.a
[pujjoga:rw] [5/414] Generating include/generated/zephyr/syscall_dispatch.c, include/generated/zephyr/syscall_exports_llext.c, syscall_weakdefs_llext.c, include/generated/zephyr/syscall_list.h
[matsu_it82000:rw] [248/376] Building C object zephyr/drivers/adc/CMakeFiles/drivers__adc.dir/adc_ite_it8xxx2.c.obj
[matsu_it82000:rw] [249/376] Building C object zephyr/drivers/console/CMakeFiles/drivers__console.dir/uart_console.c.obj
[matsu_it82000:rw] [250/376] Linking C static library zephyr/drivers/console/libdrivers__console.a
[matsu_it82000:rw] [251/376] Linking C static library zephyr/drivers/adc/libdrivers__adc.a
[pujjoga:rw] [6/414] Generating include/generated/zephyr/driver-validation.h
[pujjoga:rw] [7/414] Generating include/generated/zephyr/kobj-types-enum.h, include/generated/zephyr/otype-to-str.h, include/generated/zephyr/otype-to-size.h
[rex-ish-ec:ro] [40/428] Building C object zephyr/CMakeFiles/zephyr.dir/subsys/pm/policy/policy_events.c.obj
[matsu_it82000:ro] [28/376] Building C object CMakeFiles/app.dir/mnt/host/source/src/platform/ec/zephyr/subsys/pd_controller/pdc_power_mgmt.c.obj
[pujjoga:rw] [8/414] Generating include/generated/device-api-sections.ld, include/generated/device-api-sections.cmake
[pujjoga:rw] [9/414] Building C object zephyr/CMakeFiles/offsets.dir/arch/arm/core/offsets/offsets.c.obj
[matsu_it82000:rw] [252/376] Building C object zephyr/drivers/flash/CMakeFiles/drivers__flash.dir/flash_ite_it8xxx2.c.obj
[matsu_it82000:rw] [253/376] Building C object zephyr/drivers/crypto/CMakeFiles/drivers__crypto.dir/crypto_it8xxx2_sha_v2.c.obj
[rex-ish-ec:ro] [41/428] Building C object zephyr/CMakeFiles/zephyr.dir/subsys/pm/policy/policy_latency.c.obj
[matsu_it82000:rw] [254/376] Linking C static library zephyr/drivers/crypto/libdrivers__crypto.a
[matsu_it82000:rw] [255/376] Linking C static library zephyr/drivers/flash/libdrivers__flash.a
[matsu_it82000:rw] [256/376] Building C object zephyr/drivers/i2c/CMakeFiles/drivers__i2c.dir/i2c_common.c.obj
[pujjoga:rw] [10/414] Generating include/generated/zephyr/offsets.h
[pujjoga:rw] [11/414] Building C object zephyr/CMakeFiles/zephyr.dir/lib/libc/validate_libc.c.obj
[pujjoga:rw] [12/414] Building C object zephyr/CMakeFiles/zephyr.dir/lib/heap/heap.c.obj
[matsu_it82000:rw] [257/376] Building C object zephyr/drivers/i2c/CMakeFiles/drivers__i2c.dir/i2c_bitbang.c.obj
[pujjoga:rw] [13/414] Building C object zephyr/CMakeFiles/zephyr.dir/lib/os/cbprintf_packaged.c.obj
[pujjoga:rw] [14/414] Building C object zephyr/CMakeFiles/zephyr.dir/lib/os/clock.c.obj
[pujjoga:rw] [15/414] Building C object zephyr/CMakeFiles/zephyr.dir/lib/os/printk.c.obj
[pujjoga:rw] [16/414] Building C object zephyr/CMakeFiles/zephyr.dir/lib/os/sem.c.obj
[pujjoga:rw] [17/414] Building C object zephyr/CMakeFiles/zephyr.dir/lib/os/thread_entry.c.obj
[matsu_it82000:rw] [258/376] Building C object zephyr/drivers/espi/CMakeFiles/drivers__espi.dir/espi_it8xxx2.c.obj
[pujjoga:rw] [18/414] Building C object zephyr/CMakeFiles/zephyr.dir/lib/os/cbprintf_nano.c.obj
[matsu_it82000:rw] [259/376] Building C object zephyr/drivers/i2c/CMakeFiles/drivers__i2c.dir/i2c_shell.c.obj
[pujjoga:rw] [19/414] Building C object zephyr/CMakeFiles/zephyr.dir/lib/os/cbprintf.c.obj
[pujjoga:rw] [20/414] Building C object zephyr/CMakeFiles/zephyr.dir/lib/os/assert.c.obj
[matsu_it82000:rw] [260/376] Linking C static library zephyr/drivers/espi/libdrivers__espi.a
[pujjoga:rw] [21/414] Building C object zephyr/CMakeFiles/zephyr.dir/lib/utils/dec.c.obj
[pujjoga:rw] [22/414] Building C object zephyr/CMakeFiles/zephyr.dir/lib/utils/hex.c.obj
[pujjoga:rw] [23/414] Building C object zephyr/CMakeFiles/zephyr.dir/lib/utils/rb.c.obj
[pujjoga:rw] [24/414] Building C object zephyr/CMakeFiles/zephyr.dir/lib/utils/timeutil.c.obj
[pujjoga:rw] [25/414] Building C object zephyr/CMakeFiles/zephyr.dir/lib/utils/bitarray.c.obj
[pujjoga:rw] [26/414] Building C object zephyr/CMakeFiles/zephyr.dir/lib/utils/bitmask.c.obj
[pujjoga:rw] [27/414] Building C object zephyr/CMakeFiles/zephyr.dir/lib/utils/getopt/getopt.c.obj
[pujjoga:rw] [28/414] Building C object zephyr/CMakeFiles/zephyr.dir/lib/utils/getopt/getopt_common.c.obj
[rex-ish-ec:ro] [42/428] Building C object zephyr/CMakeFiles/zephyr.dir/subsys/pm/policy/policy_state_lock.c.obj
[pujjoga:rw] [29/414] Building C object zephyr/CMakeFiles/zephyr.dir/lib/utils/ring_buffer.c.obj
[pujjoga:rw] [30/414] Building C object zephyr/CMakeFiles/zephyr.dir/lib/utils/last_section_id.c.obj
[pujjoga:rw] [31/414] Building C object zephyr/CMakeFiles/zephyr.dir/misc/generated/configs.c.obj
[pujjoga:rw] [32/414] Building C object zephyr/CMakeFiles/zephyr.dir/soc/nuvoton/npcx/common/power.c.obj
[pujjoga:rw] [33/414] Building C object zephyr/CMakeFiles/zephyr.dir/soc/nuvoton/npcx/common/scfg.c.obj
[pujjoga:rw] [34/414] Building C object zephyr/CMakeFiles/zephyr.dir/soc/nuvoton/npcx/common/npcxn/registers.c.obj
[pujjoga:rw] [35/414] Building C object zephyr/CMakeFiles/zephyr.dir/soc/nuvoton/npcx/npcx9/soc.c.obj
[matsu_it82000:rw] [261/376] Building C object zephyr/drivers/i2c/CMakeFiles/drivers__i2c.dir/i2c_ite_enhance.c.obj
[pujjoga:rw] [36/414] Building C object zephyr/CMakeFiles/zephyr.dir/subsys/logging/log_minimal.c.obj
[pujjoga:rw] [37/414] Building C object zephyr/CMakeFiles/zephyr.dir/subsys/mem_mgmt/mem_attr.c.obj
[pujjoga:rw] [38/414] Building C object zephyr/CMakeFiles/zephyr.dir/subsys/pm/pm.c.obj
[matsu_it82000:rw] [262/376] Linking C static library zephyr/drivers/i2c/libdrivers__i2c.a
[pujjoga:rw] [39/414] Building C object zephyr/CMakeFiles/zephyr.dir/subsys/pm/state.c.obj
[pujjoga:rw] [40/414] Building C object zephyr/CMakeFiles/zephyr.dir/subsys/pm/policy/policy_events.c.obj
[matsu_it82000:rw] [263/376] Building C object zephyr/drivers/pinctrl/CMakeFiles/drivers__pinctrl.dir/common.c.obj
[pujjoga:rw] [41/414] Building C object zephyr/CMakeFiles/zephyr.dir/subsys/pm/policy/policy_latency.c.obj
[matsu_it82000:rw] [264/376] Building C object zephyr/drivers/gpio/CMakeFiles/drivers__gpio.dir/gpio_ite_it8xxx2_v2.c.obj
[pujjoga:rw] [42/414] Building C object zephyr/CMakeFiles/zephyr.dir/subsys/pm/policy/policy_state_lock.c.obj
[pujjoga:rw] [43/414] Building C object zephyr/CMakeFiles/zephyr.dir/subsys/pm/device.c.obj
[pujjoga:rw] [44/414] Building C object zephyr/CMakeFiles/zephyr.dir/subsys/pm/device_system_managed.c.obj
[matsu_it82000:rw] [265/376] Building C object zephyr/drivers/sensor/CMakeFiles/drivers__sensor.dir/mnt/host/source/src/third_party/zephyr/main/misc/empty_file.c.obj
[matsu_it82000:rw] [266/376] Linking C static library zephyr/drivers/gpio/libdrivers__gpio.a
[pujjoga:rw] [45/414] Building C object zephyr/CMakeFiles/zephyr.dir/subsys/testsuite/coverage/coverage.c.obj
[pujjoga:rw] [46/414] Building C object zephyr/CMakeFiles/zephyr.dir/subsys/tracing/tracing_none.c.obj
[matsu_it82000:rw] [267/376] Building C object zephyr/drivers/input/CMakeFiles/drivers__input.dir/input_ite_it8xxx2_kbd.c.obj
[pujjoga:rw] [47/414] Building C object zephyr/CMakeFiles/zephyr.dir/subsys/shell/modules/kernel_service/kernel_shell.c.obj
[matsu_it82000:rw] [268/376] Linking C static library zephyr/drivers/sensor/libdrivers__sensor.a
[pujjoga:rw] [48/414] Building C object zephyr/CMakeFiles/zephyr.dir/subsys/shell/modules/kernel_service/cycles.c.obj
[matsu_it82000:rw] [269/376] Building C object zephyr/drivers/input/CMakeFiles/drivers__input.dir/input_kbd_matrix.c.obj
[pujjoga:rw] [49/414] Building C object zephyr/CMakeFiles/zephyr.dir/subsys/shell/modules/kernel_service/sleep.c.obj
[pujjoga:rw] [50/414] Building C object zephyr/CMakeFiles/zephyr.dir/subsys/shell/modules/kernel_service/uptime.c.obj
[pujjoga:rw] [51/414] Building C object zephyr/CMakeFiles/zephyr.dir/subsys/shell/modules/kernel_service/version.c.obj
[matsu_it82000:ro] [29/376] Building C object CMakeFiles/app.dir/mnt/host/source/src/platform/ec/zephyr/subsys/pd_controller/pdc_console.c.obj
[pujjoga:rw] [52/414] Building C object zephyr/CMakeFiles/zephyr.dir/subsys/shell/modules/kernel_service/thread/thread.c.obj
[pujjoga:rw] [53/414] Building C object zephyr/CMakeFiles/zephyr.dir/subsys/shell/modules/kernel_service/thread/list.c.obj
[matsu_it82000:rw] [270/376] Linking C static library zephyr/drivers/input/libdrivers__input.a
[pujjoga:rw] [54/414] Building C object zephyr/CMakeFiles/zephyr.dir/subsys/shell/modules/kernel_service/thread/stacks.c.obj
[rex-ish-ec:ro] [43/428] Building C object zephyr/CMakeFiles/zephyr.dir/subsys/pm/device.c.obj
[matsu_it82000:rw] [271/376] Building C object zephyr/drivers/pwm/CMakeFiles/drivers__pwm.dir/pwm_shell.c.obj
[pujjoga:rw] [55/414] Building C object zephyr/CMakeFiles/zephyr.dir/subsys/shell/modules/kernel_service/thread/suspend.c.obj
[matsu_it82000:rw] [272/376] Building C object zephyr/drivers/pinctrl/CMakeFiles/drivers__pinctrl.dir/pinctrl_ite_it8xxx2.c.obj
[matsu_it82000:rw] [273/376] Building C object zephyr/drivers/syscon/CMakeFiles/drivers__syscon.dir/mnt/host/source/src/third_party/zephyr/main/misc/empty_file.c.obj
[pujjoga:rw] [56/414] Building C object zephyr/CMakeFiles/zephyr.dir/subsys/shell/modules/kernel_service/thread/resume.c.obj
[matsu_it82000:rw] [274/376] Linking C static library zephyr/drivers/pinctrl/libdrivers__pinctrl.a
[pujjoga:rw] [57/414] Building C object zephyr/CMakeFiles/zephyr.dir/subsys/shell/modules/kernel_service/thread/kill.c.obj
[pujjoga:rw] [58/414] Building C object zephyr/CMakeFiles/zephyr.dir/subsys/shell/backends/shell_uart.c.obj
[matsu_it82000:rw] [275/376] Linking C static library zephyr/drivers/syscon/libdrivers__syscon.a
[matsu_it82000:rw] [276/376] Building C object zephyr/drivers/pwm/CMakeFiles/drivers__pwm.dir/pwm_ite_it8xxx2.c.obj
[pujjoga:rw] [59/414] Building C object zephyr/CMakeFiles/zephyr.dir/subsys/shell/shell.c.obj
[pujjoga:rw] [60/414] Building C object zephyr/CMakeFiles/zephyr.dir/subsys/shell/shell_fprintf.c.obj
[pujjoga:rw] [61/414] Building C object zephyr/CMakeFiles/zephyr.dir/subsys/shell/shell_utils.c.obj
[matsu_it82000:rw] [277/376] Linking C static library zephyr/drivers/pwm/libdrivers__pwm.a
[pujjoga:rw] [62/414] Building C object zephyr/CMakeFiles/zephyr.dir/subsys/shell/shell_ops.c.obj
[pujjoga:rw] [63/414] Building C object zephyr/CMakeFiles/zephyr.dir/subsys/shell/shell_help.c.obj
[pujjoga:rw] [64/414] Building C object zephyr/CMakeFiles/zephyr.dir/subsys/shell/shell_history.c.obj
[pujjoga:rw] [65/414] Building C object zephyr/CMakeFiles/zephyr.dir/drivers/flash/flash_util.c.obj
[rex-ish-ec:ro] [44/428] Building C object zephyr/CMakeFiles/zephyr.dir/subsys/pm/device_system_managed.c.obj
[pujjoga:rw] [66/414] Linking C static library zephyr/libzephyr.a
[pujjoga:rw] [67/414] Building C object zephyr/arch/common/CMakeFiles/arch__common.dir/sw_isr_common.c.obj
[pujjoga:rw] [68/414] Building C object zephyr/arch/common/CMakeFiles/arch__common.dir/init.c.obj
[pujjoga:rw] [69/414] Building C object zephyr/arch/common/CMakeFiles/arch__common.dir/xip.c.obj
[pujjoga:rw] [70/414] Building C object zephyr/arch/common/CMakeFiles/isr_tables.dir/isr_tables.c.obj
[matsu_it82000:rw] [278/376] Building C object zephyr/drivers/sensor/ite/ite_tach_it8xxx2/CMakeFiles/drivers__sensor__ite__ite_tach_it8xxx2.dir/tach_ite_it8xxx2.c.obj
[pujjoga:rw] [71/414] Linking C static library zephyr/arch/common/libisr_tables.a
[matsu_it82000:rw] [279/376] Linking C static library zephyr/drivers/sensor/ite/ite_tach_it8xxx2/libdrivers__sensor__ite__ite_tach_it8xxx2.a
[matsu_it82000:rw] [280/376] Building C object zephyr/drivers/serial/CMakeFiles/drivers__serial.dir/uart_ite_it8xxx2.c.obj
[pujjoga:rw] [72/414] Linking C static library zephyr/arch/common/libarch__common.a
[pujjoga:rw] [73/414] Building C object zephyr/arch/arch/arm/core/CMakeFiles/arch__arm__core.dir/fatal.c.obj
[pujjoga:rw] [74/414] Building C object zephyr/arch/arch/arm/core/CMakeFiles/arch__arm__core.dir/nmi.c.obj
[matsu_it82000:rw] [281/376] Building C object zephyr/drivers/timer/CMakeFiles/drivers__timer.dir/sys_clock_init.c.obj
[matsu_it82000:rw] [282/376] Building C object zephyr/drivers/serial/CMakeFiles/drivers__serial.dir/uart_ns16550.c.obj
[matsu_it82000:rw] [283/376] Linking C static library zephyr/drivers/serial/libdrivers__serial.a
[matsu_it82000:rw] [284/376] Building C object zephyr/drivers/watchdog/CMakeFiles/drivers__watchdog.dir/wdt_ite_it8xxx2.c.obj
[matsu_it82000:rw] [285/376] Building C object zephyr/drivers/watchdog/CMakeFiles/drivers__watchdog.dir/wdt_shell.c.obj
[rex-ish-ec:ro] [45/428] Building C object zephyr/CMakeFiles/zephyr.dir/subsys/testsuite/coverage/coverage.c.obj
[matsu_it82000:rw] [286/376] Building C object zephyr/drivers/timer/CMakeFiles/drivers__timer.dir/ite_it8xxx2_timer.c.obj
[matsu_it82000:rw] [287/376] Linking C static library zephyr/drivers/watchdog/libdrivers__watchdog.a
[pujjoga:rw] [75/414] Building ASM object zephyr/arch/arch/arm/core/CMakeFiles/arch__arm__core.dir/nmi_on_reset.S.obj
[/mnt/host/source/src/platform/ec/build/zephyr/quartz-lcov]   /mnt/host/source/src/platform/ec/build/zephyr/quartz/build-rw/modules/ec/zephyr/CMakeFiles/ec_shim.dir/drivers/keyboard_input/keyboard_customization_check.c.gcno:no functions found
[/mnt/host/source/src/platform/ec/build/zephyr/quartz-lcov] stderr:
[matsu_it82000:rw] [288/376] Linking C static library zephyr/drivers/timer/libdrivers__timer.a
[pujjoga:rw] [76/414] Linking C static library zephyr/arch/arch/arm/core/libarch__arm__core.a
[matsu_it82000:ro] [30/376] Building C object CMakeFiles/app.dir/mnt/host/source/src/platform/ec/zephyr/subsys/pd_controller/pdc_host_cmd.c.obj
[rex-ish-ec:ro] [46/428] Building C object zephyr/CMakeFiles/zephyr.dir/subsys/tracing/tracing_none.c.obj
[pujjoga:rw] [77/414] Building C object zephyr/arch/arch/arm/core/cortex_m/CMakeFiles/arch__arm__core__cortex_m.dir/exc_exit.c.obj
[pujjoga:rw] [78/414] Building C object zephyr/arch/arch/arm/core/cortex_m/CMakeFiles/arch__arm__core__cortex_m.dir/fault.c.obj
[matsu_it82000:rw] [289/376] Building C object modules/ec/zephyr/CMakeFiles/ec_shim.dir/drivers/keyboard_input/keyboard_customization_check.c.obj
[matsu_it82000:rw] [290/376] Building C object modules/ec/zephyr/CMakeFiles/ec_shim.dir/app/ec/ec_app_main.c.obj
[pujjoga:rw] [79/414] Building ASM object zephyr/arch/arch/arm/core/cortex_m/CMakeFiles/arch__arm__core__cortex_m.dir/fault_s.S.obj
[pujjoga:rw] [80/414] Building C object zephyr/arch/arch/arm/core/cortex_m/CMakeFiles/arch__arm__core__cortex_m.dir/fpu.c.obj
[matsu_it82000:rw] [291/376] Building C object modules/ec/zephyr/CMakeFiles/ec_shim.dir/app/ec/main_shim.c.obj
[matsu_it82000:rw] [292/376] Building C object modules/ec/zephyr/CMakeFiles/ec_shim.dir/app/ec/chip/riscv/riscv-ite/it8xxx2-espi.c.obj
[matsu_it82000:rw] [293/376] Building C object modules/ec/zephyr/CMakeFiles/ec_shim.dir/drivers/cros_kblight/pwm_kblight.c.obj
[rex-ish-ec:ro] [47/428] Building C object zephyr/CMakeFiles/zephyr.dir/subsys/shell/modules/kernel_service/kernel_shell.c.obj
[matsu_it82000:rw] [294/376] Building C object modules/ec/zephyr/CMakeFiles/ec_shim.dir/drivers/cros_flash/cros_flash_it8xxx2.c.obj
[matsu_it82000:rw] [295/376] Building C object modules/ec/zephyr/CMakeFiles/ec_shim.dir/drivers/cros_system/cros_system_it8xxx2.c.obj
[matsu_it82000:rw] [296/376] Building C object modules/ec/zephyr/CMakeFiles/ec_shim.dir/drivers/keyboard_input/keyboard_input.c.obj
[matsu_it82000:ro] [31/376] Building C object CMakeFiles/app.dir/mnt/host/source/src/platform/ec/zephyr/subsys/pd_controller/pdc_stub.c.obj
[matsu_it82000:rw] [297/376] Building C object modules/ec/zephyr/CMakeFiles/ec_shim.dir/drivers/keyboard_input/col_gpio_drive.c.obj
[matsu_it82000:rw] [298/376] Building C object modules/ec/zephyr/CMakeFiles/ec_shim.dir/drivers/usbc/ucsi_v3.c.obj
[rex-ish-ec:ro] [48/428] Building C object zephyr/CMakeFiles/zephyr.dir/subsys/shell/modules/kernel_service/cycles.c.obj
[/mnt/host/source/src/platform/ec/build/zephyr/veluza-lcov]   /mnt/host/source/src/platform/ec/build/zephyr/veluza/build-rw/CMakeFiles/app.dir/mnt/host/source/src/platform/ec/build/zephyr/veluza/modules/ec/common/cbi_config.c.gcno:no functions found
[/mnt/host/source/src/platform/ec/build/zephyr/veluza-lcov] stderr:
[pujjoga:rw] [81/414] Building ASM object zephyr/arch/arch/arm/core/cortex_m/CMakeFiles/arch__arm__core__cortex_m.dir/reset.S.obj
[pujjoga:rw] [82/414] Building C object zephyr/arch/arch/arm/core/cortex_m/CMakeFiles/arch__arm__core__cortex_m.dir/scb.c.obj
[pujjoga:rw] [83/414] Building C object zephyr/arch/arch/arm/core/cortex_m/CMakeFiles/arch__arm__core__cortex_m.dir/thread_abort.c.obj
[pujjoga:rw] [84/414] Building ASM object zephyr/arch/arch/arm/core/cortex_m/CMakeFiles/arch__arm__core__cortex_m.dir/vector_table.S.obj
[rex-ish-ec:ro] [49/428] Building C object zephyr/CMakeFiles/zephyr.dir/subsys/shell/modules/kernel_service/sleep.c.obj
[matsu_it82000:rw] [299/376] Building C object modules/ec/zephyr/CMakeFiles/ec_shim.dir/drivers/runtime_keys/runtime_keys.c.obj
[matsu_it82000:rw] [300/376] Building C object modules/ec/zephyr/CMakeFiles/ec_shim.dir/shim/chip/it8xxx2/clock.c.obj
[matsu_it82000:rw] [301/376] Building C object modules/ec/zephyr/CMakeFiles/ec_shim.dir/drivers/boot_keys/boot_keys.c.obj
[matsu_it82000:rw] [302/376] Building C object modules/ec/zephyr/CMakeFiles/ec_shim.dir/drivers/vivaldi_kbd/vivaldi_kbd.c.obj
[/mnt/host/source/src/platform/ec/build/zephyr/quartz-lcov]   /mnt/host/source/src/platform/ec/build/zephyr/quartz/build-rw/CMakeFiles/app.dir/mnt/host/source/src/platform/ec/build/zephyr/quartz/modules/ec/common/cbi_config.c.gcno:no functions found
[/mnt/host/source/src/platform/ec/build/zephyr/quartz-lcov] stderr:
[/mnt/host/source/src/platform/ec/build/zephyr/veluza-lcov]   /mnt/host/source/src/platform/ec/build/zephyr/veluza/build-rw/zephyr/arch/arch/riscv/core/CMakeFiles/arch__riscv__core.dir/cpu_idle.c.gcno:no functions found
[/mnt/host/source/src/platform/ec/build/zephyr/veluza-lcov] stderr:
[matsu_it82000:rw] [303/376] Building C object modules/ec/zephyr/CMakeFiles/ec_shim.dir/shim/src/crc.c.obj
[rex-ish-ec:ro] [50/428] Building C object zephyr/CMakeFiles/zephyr.dir/subsys/shell/modules/kernel_service/uptime.c.obj
[matsu_it82000:rw] [304/376] Building C object modules/ec/zephyr/CMakeFiles/ec_shim.dir/drivers/usbc/pdc_rts54xx.c.obj
[matsu_it82000:ro] [32/376] Building C object CMakeFiles/app.dir/mnt/host/source/src/platform/ec/zephyr/subsys/pd_controller/pdc_dpm.c.obj
[matsu_it82000:rw] [305/376] Building C object modules/ec/zephyr/CMakeFiles/ec_shim.dir/drivers/usbc/pdc_rts54xx_fwup.c.obj
[matsu_it82000:rw] [306/376] Building C object modules/ec/zephyr/CMakeFiles/ec_shim.dir/shim/chip/it8xxx2/system.c.obj
[matsu_it82000:rw] [307/376] Building C object modules/ec/zephyr/CMakeFiles/ec_shim.dir/shim/chip/it8xxx2/gpio.c.obj
[pujjoga:rw] [85/414] Building ASM object zephyr/arch/arch/arm/core/cortex_m/CMakeFiles/arch__arm__core__cortex_m.dir/swap_helper.S.obj
[pujjoga:rw] [86/414] Building C object zephyr/arch/arch/arm/core/cortex_m/CMakeFiles/arch__arm__core__cortex_m.dir/irq_manage.c.obj
[pujjoga:rw] [87/414] Building C object zephyr/arch/arch/arm/core/cortex_m/CMakeFiles/arch__arm__core__cortex_m.dir/prep_c.c.obj
[pujjoga:rw] [88/414] Building C object zephyr/arch/arch/arm/core/cortex_m/CMakeFiles/arch__arm__core__cortex_m.dir/thread.c.obj
[pujjoga:rw] [89/414] Building C object zephyr/arch/arch/arm/core/cortex_m/CMakeFiles/arch__arm__core__cortex_m.dir/cpu_idle.c.obj
[pujjoga:rw] [90/414] Building C object zephyr/arch/arch/arm/core/cortex_m/CMakeFiles/arch__arm__core__cortex_m.dir/irq_init.c.obj
[pujjoga:rw] [91/414] Building C object zephyr/arch/arch/arm/core/cortex_m/CMakeFiles/arch__arm__core__cortex_m.dir/isr_wrapper.c.obj
[/mnt/host/source/src/platform/ec/build/zephyr/kanix-lcov]   /mnt/host/source/src/platform/ec/build/zephyr/kanix/build-rw/CMakeFiles/app.dir/mnt/host/source/src/platform/ec/build/zephyr/kanix/modules/ec/common/cbi_config.c.gcno:no functions found
[/mnt/host/source/src/platform/ec/build/zephyr/kanix-lcov] stderr:
[rex-ish-ec:ro] [51/428] Building C object zephyr/CMakeFiles/zephyr.dir/subsys/shell/modules/kernel_service/version.c.obj
[pujjoga:rw] [92/414] Linking C static library zephyr/arch/arch/arm/core/cortex_m/libarch__arm__core__cortex_m.a
[pujjoga:rw] [93/414] Building C object zephyr/arch/arch/arm/core/mpu/CMakeFiles/arch__arm__core__mpu.dir/arm_core_mpu.c.obj
[pujjoga:rw] [94/414] Building C object zephyr/arch/arch/arm/core/mpu/CMakeFiles/arch__arm__core__mpu.dir/arm_mpu.c.obj
[pujjoga:rw] [95/414] Building C object zephyr/arch/arch/arm/core/mpu/CMakeFiles/arch__arm__core__mpu.dir/arm_mpu_regions.c.obj
[matsu_it82000:rw] [308/376] Building C object modules/ec/zephyr/CMakeFiles/ec_shim.dir/shim/chip/it8xxx2/power_policy.c.obj
[pujjoga:rw] [96/414] Linking C static library zephyr/arch/arch/arm/core/mpu/libarch__arm__core__mpu.a
[/mnt/host/source/src/platform/ec/build/zephyr/rex-ish-lcov] stderr:
[matsu_it82000:rw] [309/376] Building C object modules/ec/zephyr/CMakeFiles/ec_shim.dir/shim/src/pm_state.c.obj
[pujjoga:rw] [97/414] Generating ../../../include/generated/libc/minimal/strerror_table.h
[pujjoga:rw] [98/414] Building C object zephyr/lib/libc/minimal/CMakeFiles/lib__libc__minimal.dir/source/stdlib/atoi.c.obj
[matsu_it82000:rw] [310/376] Building C object modules/ec/zephyr/CMakeFiles/ec_shim.dir/shim/src/console.c.obj
[pujjoga:rw] [99/414] Building C object zephyr/lib/libc/minimal/CMakeFiles/lib__libc__minimal.dir/source/stdlib/strtol.c.obj
[matsu_it82000:rw] [311/376] Building C object modules/ec/zephyr/CMakeFiles/ec_shim.dir/shim/src/gpio_int.c.obj
[matsu_it82000:rw] [312/376] Building C object modules/ec/zephyr/CMakeFiles/ec_shim.dir/shim/src/panic_utils.c.obj
[pujjoga:rw] [100/414] Building C object zephyr/lib/libc/minimal/CMakeFiles/lib__libc__minimal.dir/source/stdlib/strtoul.c.obj
[pujjoga:rw] [101/414] Building C object zephyr/lib/libc/minimal/CMakeFiles/lib__libc__minimal.dir/source/stdlib/strtoll.c.obj
[pujjoga:rw] [102/414] Building C object zephyr/lib/libc/minimal/CMakeFiles/lib__libc__minimal.dir/source/stdlib/strtoull.c.obj
[rex-ish-ec:ro] [52/428] Building C object zephyr/CMakeFiles/zephyr.dir/subsys/shell/modules/kernel_service/thread/thread.c.obj
[pujjoga:rw] [103/414] Building C object zephyr/lib/libc/minimal/CMakeFiles/lib__libc__minimal.dir/source/stdlib/bsearch.c.obj
[pujjoga:rw] [104/414] Building C object zephyr/lib/libc/minimal/CMakeFiles/lib__libc__minimal.dir/source/stdlib/exit.c.obj
[pujjoga:rw] [105/414] Building C object zephyr/lib/libc/minimal/CMakeFiles/lib__libc__minimal.dir/source/stdlib/qsort.c.obj
[matsu_it82000:rw] [313/376] Building C object modules/ec/zephyr/CMakeFiles/ec_shim.dir/shim/src/cbi/cros_cbi.c.obj
[matsu_it82000:rw] [314/376] Building C object modules/ec/zephyr/CMakeFiles/ec_shim.dir/shim/src/gpio.c.obj
[pujjoga:rw] [106/414] Building C object zephyr/lib/libc/minimal/CMakeFiles/lib__libc__minimal.dir/source/string/strerror.c.obj
[pujjoga:rw] [107/414] Building C object zephyr/lib/libc/minimal/CMakeFiles/lib__libc__minimal.dir/source/string/strncasecmp.c.obj
[pujjoga:rw] [108/414] Building C object zephyr/lib/libc/minimal/CMakeFiles/lib__libc__minimal.dir/source/string/strstr.c.obj
[pujjoga:rw] [109/414] Building C object zephyr/lib/libc/minimal/CMakeFiles/lib__libc__minimal.dir/source/string/string.c.obj
[pujjoga:rw] [110/414] Building C object zephyr/lib/libc/minimal/CMakeFiles/lib__libc__minimal.dir/source/string/strspn.c.obj
[pujjoga:rw] [111/414] Building C object zephyr/lib/libc/minimal/CMakeFiles/lib__libc__minimal.dir/source/stdout/stdout_console.c.obj
[pujjoga:rw] [112/414] Building C object zephyr/lib/libc/minimal/CMakeFiles/lib__libc__minimal.dir/source/stdout/sprintf.c.obj
[pujjoga:rw] [113/414] Building C object zephyr/lib/libc/minimal/CMakeFiles/lib__libc__minimal.dir/source/stdout/fprintf.c.obj
[pujjoga:rw] [114/414] Building C object zephyr/lib/libc/minimal/CMakeFiles/lib__libc__minimal.dir/source/math/sqrtf.c.obj
[pujjoga:rw] [115/414] Building C object zephyr/lib/libc/minimal/CMakeFiles/lib__libc__minimal.dir/source/math/sqrt.c.obj
[pujjoga:rw] [116/414] Building C object zephyr/lib/libc/minimal/CMakeFiles/lib__libc__minimal.dir/source/time/gmtime.c.obj
[matsu_it82000:rw] [315/376] Building C object modules/ec/zephyr/CMakeFiles/ec_shim.dir/shim/src/cbi/cros_cbi_ufsc.c.obj
[pujjoga:rw] [117/414] Linking C static library zephyr/lib/libc/minimal/liblib__libc__minimal.a
[matsu_it82000:ro] [33/376] Building C object CMakeFiles/app.dir/mnt/host/source/src/platform/ec/zephyr/subsys/ucsi/ppm_common.c.obj
[pujjoga:rw] [118/414] Building C object zephyr/lib/libc/common/CMakeFiles/lib__libc__common.dir/source/stdlib/abort.c.obj
[pujjoga:rw] [119/414] Building C object zephyr/lib/libc/common/CMakeFiles/lib__libc__common.dir/source/time/asctime.c.obj
[pujjoga:rw] [120/414] Building C object zephyr/lib/libc/common/CMakeFiles/lib__libc__common.dir/source/time/gmtime_r.c.obj
[pujjoga:rw] [121/414] Building C object zephyr/lib/libc/common/CMakeFiles/lib__libc__common.dir/source/time/localtime_r_utc.c.obj
[pujjoga:rw] [122/414] Building C object zephyr/lib/libc/common/CMakeFiles/lib__libc__common.dir/source/time/ctime.c.obj
[pujjoga:rw] [123/414] Building C object zephyr/lib/libc/common/CMakeFiles/lib__libc__common.dir/source/time/time.c.obj
[pujjoga:rw] [124/414] Building C object zephyr/lib/libc/common/CMakeFiles/lib__libc__common.dir/source/stdlib/malloc.c.obj
[pujjoga:rw] [125/414] Building C object zephyr/lib/libc/common/CMakeFiles/lib__libc__common.dir/source/string/strnlen.c.obj
[pujjoga:rw] [126/414] Linking C static library zephyr/lib/libc/common/liblib__libc__common.a
[pujjoga:rw] [127/414] Building C object zephyr/lib/posix/c_lib_ext/CMakeFiles/lib__posix__c_lib_ext.dir/fnmatch.c.obj
[rex-ish-ec:ro] [53/428] Building C object zephyr/CMakeFiles/zephyr.dir/subsys/shell/modules/kernel_service/thread/list.c.obj
[pujjoga:rw] [128/414] Building C object zephyr/lib/posix/c_lib_ext/CMakeFiles/lib__posix__c_lib_ext.dir/getentropy.c.obj
[/mnt/host/source/src/platform/ec/build/zephyr/quartz-lcov]   /mnt/host/source/src/platform/ec/build/zephyr/quartz/build-rw/zephyr/arch/arch/arm/core/mpu/CMakeFiles/arch__arm__core__mpu.dir/arm_mpu_regions.c.gcno:no functions found
[/mnt/host/source/src/platform/ec/build/zephyr/quartz-lcov] stderr:
[pujjoga:rw] [129/414] Building C object zephyr/lib/posix/c_lib_ext/CMakeFiles/lib__posix__c_lib_ext.dir/getopt_shim.c.obj
[pujjoga:rw] [130/414] Linking C static library zephyr/lib/posix/c_lib_ext/liblib__posix__c_lib_ext.a
[matsu_it82000:rw] [316/376] Building C object modules/ec/zephyr/CMakeFiles/ec_shim.dir/shim/src/cbi/cbi_flash.c.obj
[pujjoga:rw] [131/414] Building C object zephyr/subsys/crc/CMakeFiles/subsys__crc.dir/crc4_sw.c.obj
[pujjoga:rw] [132/414] Building C object zephyr/subsys/crc/CMakeFiles/subsys__crc.dir/crc8_sw.c.obj
[pujjoga:rw] [133/414] Building C object zephyr/subsys/crc/CMakeFiles/subsys__crc.dir/crc16_sw.c.obj
[pujjoga:rw] [134/414] Building C object zephyr/subsys/crc/CMakeFiles/subsys__crc.dir/crc7_sw.c.obj
[/mnt/host/source/src/platform/ec/build/zephyr/rex-ish-lcov]   /mnt/host/source/src/platform/ec/build/zephyr/rex-ish/build-singleimage/CMakeFiles/app.dir/mnt/host/source/src/platform/ec/build/zephyr/rex-ish/modules/ec/common/cbi_config.c.gcno:no functions found
[/mnt/host/source/src/platform/ec/build/zephyr/rex-ish-lcov] stderr:
[pujjoga:rw] [135/414] Building C object zephyr/subsys/crc/CMakeFiles/subsys__crc.dir/crc24_sw.c.obj
[pujjoga:rw] [136/414] Building C object zephyr/subsys/crc/CMakeFiles/subsys__crc.dir/crc32c_sw.c.obj
[matsu_it82000:rw] [317/376] Building C object modules/ec/zephyr/CMakeFiles/ec_shim.dir/shim/src/battery.c.obj
[pujjoga:rw] [137/414] Building C object zephyr/subsys/crc/CMakeFiles/subsys__crc.dir/crc32_sw.c.obj
[matsu_it82000:rw] [318/376] Building C object modules/ec/zephyr/CMakeFiles/ec_shim.dir/shim/src/led_driver/led_gpio.c.obj
[pujjoga:rw] [138/414] Building C object zephyr/subsys/crc/CMakeFiles/subsys__crc.dir/crc32k_4_2_sw.c.obj
[matsu_it82000:rw] [319/376] Building C object modules/ec/zephyr/CMakeFiles/ec_shim.dir/shim/src/led_driver/led.c.obj
[matsu_it82000:rw] [320/376] Building C object modules/ec/zephyr/CMakeFiles/ec_shim.dir/shim/src/pdc_shim.c.obj
[pujjoga:rw] [139/414] Linking C static library zephyr/subsys/crc/libsubsys__crc.a
[pujjoga:rw] [140/414] Building C object zephyr/drivers/interrupt_controller/CMakeFiles/drivers__interrupt_controller.dir/intc_miwu.c.obj
[matsu_it82000:rw] [321/376] Building C object modules/ec/zephyr/CMakeFiles/ec_shim.dir/shim/src/system.c.obj
[matsu_it82000:rw] [322/376] Building C object modules/ec/zephyr/CMakeFiles/ec_shim.dir/shim/src/adc.c.obj
[rex-ish-ec:ro] [54/428] Building C object zephyr/CMakeFiles/zephyr.dir/subsys/shell/modules/kernel_service/thread/stacks.c.obj
[matsu_it82000:rw] [323/376] Building C object modules/ec/zephyr/CMakeFiles/ec_shim.dir/shim/src/charger.c.obj
[pujjoga:rw] [141/414] Linking C static library zephyr/drivers/interrupt_controller/libdrivers__interrupt_controller.a
[pujjoga:rw] [142/414] Building C object zephyr/drivers/adc/CMakeFiles/drivers__adc.dir/adc_common.c.obj
[pujjoga:rw] [143/414] Building C object zephyr/drivers/adc/CMakeFiles/drivers__adc.dir/adc_npcx.c.obj
[/mnt/host/source/src/platform/ec/build/zephyr/kanix-lcov]   /mnt/host/source/src/platform/ec/build/zephyr/kanix/build-rw/zephyr/arch/arch/arm/core/mpu/CMakeFiles/arch__arm__core__mpu.dir/arm_mpu_regions.c.gcno:no functions found
[/mnt/host/source/src/platform/ec/build/zephyr/kanix-lcov] stderr:
[pujjoga:rw] [144/414] Linking C static library zephyr/drivers/adc/libdrivers__adc.a
[pujjoga:rw] [145/414] Building C object zephyr/drivers/bbram/CMakeFiles/drivers__bbram.dir/bbram_npcx.c.obj
[pujjoga:rw] [146/414] Linking C static library zephyr/drivers/bbram/libdrivers__bbram.a
[rex-ish-ec:ro] [55/428] Building C object zephyr/CMakeFiles/zephyr.dir/subsys/shell/modules/kernel_service/thread/suspend.c.obj
[pujjoga:rw] [147/414] Building C object zephyr/drivers/clock_control/CMakeFiles/drivers__clock_control.dir/clock_control_npcx.c.obj
[matsu_it82000:ro] [34/376] Building C object CMakeFiles/app.dir/mnt/host/source/src/platform/ec/zephyr/subsys/ucsi/ppm_console.c.obj
[pujjoga:rw] [148/414] Linking C static library zephyr/drivers/clock_control/libdrivers__clock_control.a
[pujjoga:rw] [149/414] Building C object zephyr/drivers/console/CMakeFiles/drivers__console.dir/uart_console.c.obj
[pujjoga:rw] [150/414] Linking C static library zephyr/drivers/console/libdrivers__console.a
[pujjoga:rw] [151/414] Building C object zephyr/drivers/eeprom/CMakeFiles/drivers__eeprom.dir/eeprom_shell.c.obj
[pujjoga:rw] [152/414] Building C object zephyr/drivers/eeprom/CMakeFiles/drivers__eeprom.dir/eeprom_at2x.c.obj
[/mnt/host/source/src/platform/ec/build/zephyr/quartz-lcov]   /mnt/host/source/src/platform/ec/build/zephyr/quartz/build-rw/zephyr/arch/common/CMakeFiles/isr_tables.dir/isr_tables.c.gcno:no functions found
[/mnt/host/source/src/platform/ec/build/zephyr/quartz-lcov] stderr:
[matsu_it82000:rw] [324/376] Building C object modules/ec/zephyr/CMakeFiles/ec_shim.dir/shim/src/chipset_api.c.obj
[pujjoga:rw] [153/414] Linking C static library zephyr/drivers/eeprom/libdrivers__eeprom.a
[pujjoga:rw] [154/414] Building C object zephyr/drivers/espi/CMakeFiles/drivers__espi.dir/espi_npcx.c.obj
[pujjoga:rw] [155/414] Building C object zephyr/drivers/espi/CMakeFiles/drivers__espi.dir/host_subs_npcx.c.obj
[pujjoga:rw] [156/414] Linking C static library zephyr/drivers/espi/libdrivers__espi.a
[pujjoga:rw] [157/414] Building C object zephyr/drivers/flash/CMakeFiles/drivers__flash.dir/jesd216.c.obj
[matsu_it82000:rw] [325/376] Building C object modules/ec/zephyr/CMakeFiles/ec_shim.dir/shim/src/hooks.c.obj
[pujjoga:rw] [158/414] Building C object zephyr/drivers/flash/CMakeFiles/drivers__flash.dir/flash_npcx_fiu_nor.c.obj
[pujjoga:rw] [159/414] Building C object zephyr/drivers/flash/CMakeFiles/drivers__flash.dir/flash_npcx_fiu_qspi.c.obj
[matsu_it82000:rw] [326/376] Building C object modules/ec/zephyr/CMakeFiles/ec_shim.dir/shim/src/flash.c.obj
[matsu_it82000:rw] [327/376] Building C object modules/ec/zephyr/CMakeFiles/ec_shim.dir/shim/src/mkbp_event.c.obj
[rex-ish-ec:ro] [56/428] Building C object zephyr/CMakeFiles/zephyr.dir/subsys/shell/modules/kernel_service/thread/resume.c.obj
[matsu_it82000:rw] [328/376] Building C object modules/ec/zephyr/CMakeFiles/ec_shim.dir/shim/src/host_command.c.obj
[matsu_it82000:rw] [329/376] Building C object modules/ec/zephyr/CMakeFiles/ec_shim.dir/shim/src/espi.c.obj
[matsu_it82000:rw] [330/376] Building C object modules/ec/zephyr/CMakeFiles/ec_shim.dir/shim/src/console_buffer.c.obj
[pujjoga:rw] [160/414] Linking C static library zephyr/drivers/flash/libdrivers__flash.a
[pujjoga:rw] [161/414] Building C object zephyr/drivers/gpio/CMakeFiles/drivers__gpio.dir/gpio_nct38xx.c.obj
[pujjoga:rw] [162/414] Building C object zephyr/drivers/gpio/CMakeFiles/drivers__gpio.dir/gpio_nct38xx_port.c.obj
[pujjoga:rw] [163/414] Building C object zephyr/drivers/gpio/CMakeFiles/drivers__gpio.dir/gpio_npcx.c.obj
[matsu_it82000:rw] [331/376] Building C object modules/ec/zephyr/CMakeFiles/ec_shim.dir/shim/src/fan.c.obj
[pujjoga:rw] [164/414] Linking C static library zephyr/drivers/gpio/libdrivers__gpio.a
[pujjoga:rw] [165/414] Building C object zephyr/drivers/i2c/CMakeFiles/drivers__i2c.dir/i2c_common.c.obj
[pujjoga:rw] [166/414] Building C object zephyr/drivers/i2c/CMakeFiles/drivers__i2c.dir/i2c_shell.c.obj
[pujjoga:rw] [167/414] Building C object zephyr/drivers/i2c/CMakeFiles/drivers__i2c.dir/i2c_npcx_controller.c.obj
[pujjoga:rw] [168/414] Building C object zephyr/drivers/i2c/CMakeFiles/drivers__i2c.dir/i2c_npcx_controller_fifo.c.obj
[pujjoga:rw] [169/414] Building C object zephyr/drivers/i2c/CMakeFiles/drivers__i2c.dir/i2c_npcx_port.c.obj
[/mnt/host/source/src/platform/ec/build/zephyr/kanix-lcov]   /mnt/host/source/src/platform/ec/build/zephyr/kanix/build-rw/zephyr/arch/common/CMakeFiles/isr_tables.dir/isr_tables.c.gcno:no functions found
[/mnt/host/source/src/platform/ec/build/zephyr/kanix-lcov] stderr:
[pujjoga:rw] [170/414] Linking C static library zephyr/drivers/i2c/libdrivers__i2c.a
[pujjoga:rw] [171/414] Building C object zephyr/drivers/mfd/CMakeFiles/drivers__mfd.dir/mfd_nct38xx.c.obj
[rex-ish-ec:ro] [57/428] Building C object zephyr/CMakeFiles/zephyr.dir/subsys/shell/modules/kernel_service/thread/kill.c.obj
[pujjoga:rw] [172/414] Linking C static library zephyr/drivers/mfd/libdrivers__mfd.a
[pujjoga:rw] [173/414] Building C object zephyr/drivers/pinctrl/CMakeFiles/drivers__pinctrl.dir/common.c.obj
[pujjoga:rw] [174/414] Building C object zephyr/drivers/pinctrl/CMakeFiles/drivers__pinctrl.dir/pinctrl_npcx.c.obj
[matsu_it82000:rw] [332/376] Building C object modules/ec/zephyr/CMakeFiles/ec_shim.dir/shim/src/panic.c.obj
[pujjoga:rw] [175/414] Linking C static library zephyr/drivers/pinctrl/libdrivers__pinctrl.a
[pujjoga:rw] [176/414] Building C object zephyr/drivers/pwm/CMakeFiles/drivers__pwm.dir/pwm_shell.c.obj
[/mnt/host/source/src/platform/ec/build/zephyr/rex-ish-lcov]   /mnt/host/source/src/platform/ec/build/zephyr/rex-ish/build-singleimage/zephyr/arch/arch/x86/core/CMakeFiles/arch__x86__core.dir/spec_ctrl.c.gcno:no functions found
[/mnt/host/source/src/platform/ec/build/zephyr/rex-ish-lcov] stderr:
[pujjoga:rw] [177/414] Building C object zephyr/drivers/pwm/CMakeFiles/drivers__pwm.dir/pwm_npcx.c.obj
[matsu_it82000:ro] [35/376] Building C object CMakeFiles/app.dir/mnt/host/source/src/platform/ec/zephyr/subsys/ucsi/ppm_driver.c.obj
[pujjoga:rw] [178/414] Linking C static library zephyr/drivers/pwm/libdrivers__pwm.a
[matsu_it82000:rw] [333/376] Building C object modules/ec/zephyr/CMakeFiles/ec_shim.dir/shim/src/hwtimer.c.obj
[pujjoga:rw] [179/414] Building C object zephyr/drivers/sensor/CMakeFiles/drivers__sensor.dir/mnt/host/source/src/third_party/zephyr/main/misc/empty_file.c.obj
[matsu_it82000:rw] [334/376] Building C object modules/ec/zephyr/CMakeFiles/ec_shim.dir/shim/src/thermal.c.obj
[pujjoga:rw] [180/414] Linking C static library zephyr/drivers/sensor/libdrivers__sensor.a
[pujjoga:rw] [181/414] Building C object zephyr/drivers/sensor/nuvoton/nuvoton_adc_cmp_npcx/CMakeFiles/drivers__sensor__nuvoton__nuvoton_adc_cmp_npcx.dir/adc_cmp_npcx.c.obj
[matsu_it82000:rw] [335/376] Building C object modules/ec/zephyr/CMakeFiles/ec_shim.dir/shim/src/pwm_hc.c.obj
[matsu_it82000:rw] [336/376] Building C object modules/ec/zephyr/CMakeFiles/ec_shim.dir/shim/src/i2c.c.obj
[pujjoga:rw] [182/414] Linking C static library zephyr/drivers/sensor/nuvoton/nuvoton_adc_cmp_npcx/libdrivers__sensor__nuvoton__nuvoton_adc_cmp_npcx.a
[pujjoga:rw] [183/414] Building C object zephyr/drivers/serial/CMakeFiles/drivers__serial.dir/uart_npcx.c.obj
[matsu_it82000:rw] [337/376] Building C object modules/ec/zephyr/CMakeFiles/ec_shim.dir/shim/src/temp_sensors.c.obj
[pujjoga:rw] [184/414] Linking C static library zephyr/drivers/serial/libdrivers__serial.a
[pujjoga:rw] [185/414] Building C object zephyr/drivers/syscon/CMakeFiles/drivers__syscon.dir/syscon.c.obj
[matsu_it82000:rw] [338/376] Building C object modules/ec/zephyr/CMakeFiles/ec_shim.dir/shim/src/watchdog.c.obj
[matsu_it82000:rw] [339/376] Building C object modules/ec/zephyr/CMakeFiles/ec_shim.dir/shim/src/tasks.c.obj
[rex-ish-ec:ro] [58/428] Building C object zephyr/CMakeFiles/zephyr.dir/subsys/shell/backends/shell_uart.c.obj
[pujjoga:rw] [186/414] Linking C static library zephyr/drivers/syscon/libdrivers__syscon.a
[pujjoga:rw] [187/414] Building C object zephyr/drivers/timer/CMakeFiles/drivers__timer.dir/sys_clock_init.c.obj
[pujjoga:rw] [188/414] Building C object zephyr/drivers/timer/CMakeFiles/drivers__timer.dir/npcx_itim_timer.c.obj
[/mnt/host/source/src/platform/ec/build/zephyr/veluza-lcov]   /mnt/host/source/src/platform/ec/build/zephyr/veluza/build-rw/zephyr/arch/common/CMakeFiles/isr_tables.dir/isr_tables.c.gcno:no functions found
[/mnt/host/source/src/platform/ec/build/zephyr/veluza-lcov] stderr:
[pujjoga:rw] [189/414] Linking C static library zephyr/drivers/timer/libdrivers__timer.a
[pujjoga:rw] [190/414] Building C object zephyr/drivers/watchdog/CMakeFiles/drivers__watchdog.dir/wdt_npcx.c.obj
[pujjoga:rw] [191/414] Building C object zephyr/drivers/watchdog/CMakeFiles/drivers__watchdog.dir/wdt_shell.c.obj
[pujjoga:rw] [192/414] Linking C static library zephyr/drivers/watchdog/libdrivers__watchdog.a
[rex-ish-ec:ro] [59/428] Building C object zephyr/CMakeFiles/zephyr.dir/subsys/shell/shell.c.obj
[matsu_it82000:rw] [340/376] Building C object modules/ec/zephyr/CMakeFiles/ec_shim.dir/shim/src/usba.c.obj
[pujjoga:rw] [193/414] Building C object modules/ec/zephyr/CMakeFiles/ec_shim.dir/app/ec/ec_app_main.c.obj
[pujjoga:rw] [194/414] Building C object modules/ec/zephyr/CMakeFiles/ec_shim.dir/app/ec/main_shim.c.obj
[pujjoga:rw] [195/414] Building C object modules/ec/zephyr/CMakeFiles/ec_shim.dir/drivers/cros_flash/cros_flash_npcx.c.obj
[pujjoga:rw] [196/414] Building C object modules/ec/zephyr/CMakeFiles/ec_shim.dir/drivers/cros_kb_raw/cros_kb_raw_npcx.c.obj
[matsu_it82000:rw] [341/376] Building C object zephyr/kernel/CMakeFiles/kernel.dir/main_weak.c.obj
[pujjoga:rw] [197/414] Building C object modules/ec/zephyr/CMakeFiles/ec_shim.dir/drivers/cros_system/cros_system_npcx.c.obj
[pujjoga:rw] [198/414] Building C object modules/ec/zephyr/CMakeFiles/ec_shim.dir/drivers/vivaldi_kbd/vivaldi_kbd.c.obj
[pujjoga:rw] [199/414] Building C object modules/ec/zephyr/CMakeFiles/ec_shim.dir/shim/chip/npcx/clock.c.obj
[pujjoga:rw] [200/414] Building C object modules/ec/zephyr/CMakeFiles/ec_shim.dir/shim/chip/npcx/gpio.c.obj
[matsu_it82000:ro] [36/376] Building C object CMakeFiles/app.dir/mnt/host/source/src/platform/ec/zephyr/subsys/ucsi/ucsi_host_cmd.c.obj
[pujjoga:rw] [201/414] Building C object modules/ec/zephyr/CMakeFiles/ec_shim.dir/shim/chip/npcx/rom_chip.c.obj
[/mnt/host/source/src/platform/ec/build/zephyr/veluza-lcov]   /mnt/host/source/src/platform/ec/build/zephyr/veluza/build-rw/zephyr/CMakeFiles/zephyr.dir/lib/libc/validate_libc.c.gcno:no functions found
[/mnt/host/source/src/platform/ec/build/zephyr/veluza-lcov] stderr:
[matsu_it82000:rw] [342/376] Building C object modules/ec/zephyr/CMakeFiles/ec_shim.dir/shim/src/power_host_sleep_api.c.obj
[pujjoga:rw] [202/414] Building C object modules/ec/zephyr/CMakeFiles/ec_shim.dir/shim/chip/npcx/keyboard_raw.c.obj
[pujjoga:rw] [203/414] Building C object modules/ec/zephyr/CMakeFiles/ec_shim.dir/shim/chip/npcx/system.c.obj
[pujjoga:rw] [204/414] Building C object modules/ec/zephyr/CMakeFiles/ec_shim.dir/shim/chip/npcx/system_external_storage.c.obj
[pujjoga:rw] [205/414] Building C object modules/ec/zephyr/CMakeFiles/ec_shim.dir/shim/chip/npcx/system_download_from_flash.c.obj
[pujjoga:rw] [206/414] Building C object modules/ec/zephyr/CMakeFiles/ec_shim.dir/shim/chip/npcx/power_policy.c.obj
[matsu_it82000:rw] [343/376] Building C object zephyr/kernel/CMakeFiles/kernel.dir/banner.c.obj
[pujjoga:rw] [207/414] Building C object modules/ec/zephyr/CMakeFiles/ec_shim.dir/shim/core/cortex-m/mpu.c.obj
[matsu_it82000:rw] [344/376] Building C object modules/ec/zephyr/CMakeFiles/ec_shim.dir/shim/src/sha256_hw.c.obj
[pujjoga:rw] [208/414] Building C object modules/ec/zephyr/CMakeFiles/ec_shim.dir/shim/core/cortex-m/panic.c.obj
[pujjoga:rw] [209/414] Building C object modules/ec/zephyr/CMakeFiles/ec_shim.dir/shim/src/console.c.obj
[pujjoga:rw] [210/414] Building C object modules/ec/zephyr/CMakeFiles/ec_shim.dir/shim/src/crc.c.obj
[matsu_it82000:rw] [345/376] Building C object zephyr/kernel/CMakeFiles/kernel.dir/busy_wait.c.obj
[pujjoga:rw] [211/414] Building C object modules/ec/zephyr/CMakeFiles/ec_shim.dir/shim/src/gpio.c.obj
[matsu_it82000:rw] [346/376] Building C object zephyr/kernel/CMakeFiles/kernel.dir/device.c.obj
[pujjoga:rw] [212/414] Building C object modules/ec/zephyr/CMakeFiles/ec_shim.dir/shim/src/gpio_int.c.obj
[matsu_it82000:rw] [347/376] Linking C static library modules/ec/zephyr/libec_shim.a
[pujjoga:rw] [213/414] Building C object modules/ec/zephyr/CMakeFiles/ec_shim.dir/shim/src/panic_utils.c.obj
[pujjoga:rw] [214/414] Building C object modules/ec/zephyr/CMakeFiles/ec_shim.dir/shim/src/pm_state.c.obj
[pujjoga:rw] [215/414] Building C object modules/ec/zephyr/CMakeFiles/ec_shim.dir/shim/src/cbi/cros_cbi.c.obj
[matsu_it82000:rw] [348/376] Building C object zephyr/kernel/CMakeFiles/kernel.dir/errno.c.obj
[pujjoga:rw] [216/414] Building C object modules/ec/zephyr/CMakeFiles/ec_shim.dir/shim/src/cbi/cros_cbi_fw_config.c.obj
[pujjoga:rw] [217/414] Building C object modules/ec/zephyr/CMakeFiles/ec_shim.dir/shim/src/cbi/cbi_eeprom.c.obj
[matsu_it82000:rw] [349/376] Building C object zephyr/kernel/CMakeFiles/kernel.dir/version.c.obj
[pujjoga:rw] [218/414] Building C object modules/ec/zephyr/CMakeFiles/ec_shim.dir/shim/src/system.c.obj
[pujjoga:rw] [219/414] Building ASM object modules/ec/zephyr/CMakeFiles/ec_shim.dir/shim/src/libgcc_arm.S.obj
[pujjoga:rw] [220/414] Building C object modules/ec/zephyr/CMakeFiles/ec_shim.dir/shim/src/adc.c.obj
[rex-ish-ec:ro] [60/428] Building C object zephyr/CMakeFiles/zephyr.dir/subsys/shell/shell_fprintf.c.obj
[pujjoga:rw] [221/414] Building C object modules/ec/zephyr/CMakeFiles/ec_shim.dir/shim/src/battery.c.obj
[pujjoga:rw] [222/414] Building C object modules/ec/zephyr/CMakeFiles/ec_shim.dir/shim/src/charger.c.obj
[matsu_it82000:rw] [350/376] Building C object zephyr/kernel/CMakeFiles/kernel.dir/fatal.c.obj
[pujjoga:rw] [223/414] Building C object modules/ec/zephyr/CMakeFiles/ec_shim.dir/shim/src/chipset_api.c.obj
[pujjoga:rw] [224/414] Building C object modules/ec/zephyr/CMakeFiles/ec_shim.dir/shim/src/espi.c.obj
[rex-ish-ec:ro] [61/428] Building C object zephyr/CMakeFiles/zephyr.dir/subsys/shell/shell_utils.c.obj
[pujjoga:rw] [225/414] Building C object modules/ec/zephyr/CMakeFiles/ec_shim.dir/shim/src/flash.c.obj
[pujjoga:rw] [226/414] Building C object modules/ec/zephyr/CMakeFiles/ec_shim.dir/shim/src/hooks.c.obj
[pujjoga:rw] [227/414] Building C object modules/ec/zephyr/CMakeFiles/ec_shim.dir/shim/src/host_command.c.obj
[pujjoga:rw] [228/414] Building C object modules/ec/zephyr/CMakeFiles/ec_shim.dir/shim/src/console_buffer.c.obj
[matsu_it82000:rw] [351/376] Building C object zephyr/kernel/CMakeFiles/kernel.dir/init.c.obj
[pujjoga:rw] [229/414] Building C object modules/ec/zephyr/CMakeFiles/ec_shim.dir/shim/src/keyboard_raw.c.obj
[matsu_it82000:rw] [352/376] Building C object zephyr/kernel/CMakeFiles/kernel.dir/float.c.obj
[matsu_it82000:rw] [353/376] Building C object zephyr/kernel/CMakeFiles/kernel.dir/kheap.c.obj
[pujjoga:rw] [230/414] Building C object modules/ec/zephyr/CMakeFiles/ec_shim.dir/shim/src/keyscan.c.obj
[pujjoga:rw] [231/414] Building C object modules/ec/zephyr/CMakeFiles/ec_shim.dir/shim/src/mkbp_event.c.obj
[pujjoga:rw] [232/414] Building C object modules/ec/zephyr/CMakeFiles/ec_shim.dir/shim/src/motionsense_sensors.c.obj
[pujjoga:rw] [233/414] Building C object modules/ec/zephyr/CMakeFiles/ec_shim.dir/shim/src/panic.c.obj
[matsu_it82000:ro] [37/376] Building C object CMakeFiles/app.dir/mnt/host/source/src/platform/ec/build/zephyr/matsu_it82000/modules/ec/builtin/stdlib.c.obj
[pujjoga:rw] [234/414] Building C object modules/ec/zephyr/CMakeFiles/ec_shim.dir/shim/src/temp_sensors.c.obj
[pujjoga:rw] [235/414] Building C object modules/ec/zephyr/CMakeFiles/ec_shim.dir/shim/src/thermal.c.obj
[pujjoga:rw] [236/414] Building C object modules/ec/zephyr/CMakeFiles/ec_shim.dir/shim/src/hwtimer.c.obj
[matsu_it82000:rw] [354/376] Building C object zephyr/kernel/CMakeFiles/kernel.dir/mem_slab.c.obj
[pujjoga:rw] [237/414] Building C object modules/ec/zephyr/CMakeFiles/ec_shim.dir/shim/src/i2c.c.obj
[pujjoga:rw] [238/414] Building C object modules/ec/zephyr/CMakeFiles/ec_shim.dir/shim/src/tasks.c.obj
[matsu_it82000:rw] [355/376] Building C object zephyr/kernel/CMakeFiles/kernel.dir/idle.c.obj
[pujjoga:rw] [239/414] Building C object modules/ec/zephyr/CMakeFiles/ec_shim.dir/shim/src/watchdog.c.obj
[pujjoga:rw] [240/414] Building C object modules/ec/zephyr/CMakeFiles/ec_shim.dir/shim/src/ppc.c.obj
[pujjoga:rw] [241/414] Building C object modules/ec/zephyr/CMakeFiles/ec_shim.dir/shim/src/tcpc_nct38xx.c.obj
[pujjoga:rw] [242/414] Building C object modules/ec/zephyr/CMakeFiles/ec_shim.dir/shim/src/usba.c.obj
[matsu_it82000:rw] [356/376] Building C object zephyr/kernel/CMakeFiles/kernel.dir/mailbox.c.obj
[pujjoga:rw] [243/414] Building C object modules/ec/zephyr/CMakeFiles/ec_shim.dir/shim/src/power_host_sleep_api.c.obj
[pujjoga:rw] [244/414] Building C object modules/ec/zephyr/CMakeFiles/ec_shim.dir/shim/src/usb_muxes.c.obj
[pujjoga:rw] [245/414] Linking C static library modules/ec/zephyr/libec_shim.a
[matsu_it82000:rw] [357/376] Building C object zephyr/kernel/CMakeFiles/kernel.dir/msg_q.c.obj
[/mnt/host/source/src/platform/ec/build/zephyr/veluza-lcov]   /mnt/host/source/src/platform/ec/build/zephyr/veluza/build-rw/zephyr/CMakeFiles/zephyr.dir/lib/utils/last_section_id.c.gcno:no functions found
[/mnt/host/source/src/platform/ec/build/zephyr/veluza-lcov] stderr:
[pujjoga:rw] [246/414] cd /mnt/host/source/src/platform/ec/build/zephyr/pujjoga/build-rw/modules/ec/zephyr && PYTHONPATH=/mnt/host/source/src/platform/ec/build/zephyr/pujjoga/modules/ec/zephyr/zmake/ /usr/bin/python3.11 /mnt/host/source/src/platform/ec/build/zephyr/pujjoga/modules/ec/zephyr/zmake/zephyr_build_tools/generate_ec_version.py /mnt/host/source/src/platform/ec/build/zephyr/pujjoga/build-rw/modules/ec/zephyr/include/ec_version.h --name Zephyr-Kernel --version 16543.0.0 --static
[pujjoga:rw] INFO:root:Using a static version string
[pujjoga:rw] INFO:root:Version string: Zephyr-Kernel-16543.0.0
[pujjoga:rw] INFO:root:Writing header to /mnt/host/source/src/platform/ec/build/zephyr/pujjoga/build-rw/modules/ec/zephyr/include/ec_version.h
[pujjoga:rw] [247/414] Building C object CMakeFiles/app.dir/mnt/host/source/src/platform/ec/zephyr/subsys/ap_pwrseq/ap_events.c.obj
[pujjoga:rw] [248/414] Building C object CMakeFiles/app.dir/mnt/host/source/src/platform/ec/zephyr/subsys/ap_pwrseq/ap_power_interface.c.obj
[pujjoga:rw] [249/414] Building C object CMakeFiles/app.dir/mnt/host/source/src/platform/ec/zephyr/subsys/ap_pwrseq/power_signals.c.obj
[pujjoga:rw] [250/414] Building C object CMakeFiles/app.dir/mnt/host/source/src/platform/ec/zephyr/subsys/ap_pwrseq/signal_gpio.c.obj
[pujjoga:rw] [251/414] Building C object CMakeFiles/app.dir/mnt/host/source/src/platform/ec/zephyr/subsys/ap_pwrseq/signal_vw.c.obj
[pujjoga:rw] [252/414] Building C object CMakeFiles/app.dir/mnt/host/source/src/platform/ec/zephyr/subsys/ap_pwrseq/signal_adc.c.obj
[matsu_it82000:rw] [358/376] Building C object zephyr/kernel/CMakeFiles/kernel.dir/sem.c.obj
[pujjoga:rw] [253/414] Building C object CMakeFiles/app.dir/mnt/host/source/src/platform/ec/zephyr/subsys/ap_pwrseq/power_host_sleep.c.obj
[rex-ish-ec:ro] [62/428] Building C object zephyr/CMakeFiles/zephyr.dir/subsys/shell/shell_ops.c.obj
[pujjoga:rw] [254/414] Building C object CMakeFiles/app.dir/mnt/host/source/src/platform/ec/zephyr/subsys/ap_pwrseq/x86_non_dsx_common_pwrseq_sm_handler.c.obj
[pujjoga:rw] [255/414] Building C object CMakeFiles/app.dir/mnt/host/source/src/platform/ec/zephyr/subsys/ap_pwrseq/x86_non_dsx_chipset_power_state.c.obj
[rex-ish-ec:ro] [63/428] Building C object zephyr/CMakeFiles/zephyr.dir/subsys/shell/shell_history.c.obj
[pujjoga:rw] [256/414] Building C object CMakeFiles/app.dir/mnt/host/source/src/platform/ec/zephyr/subsys/ap_pwrseq/x86_non_dsx_common_pwrseq_host_sleep.c.obj
[matsu_it82000:rw] [359/376] Building C object zephyr/kernel/CMakeFiles/kernel.dir/mutex.c.obj
[matsu_it82000:rw] [360/376] Building C object zephyr/kernel/CMakeFiles/kernel.dir/system_work_q.c.obj
[pujjoga:rw] [257/414] Building C object CMakeFiles/app.dir/mnt/host/source/src/platform/ec/zephyr/subsys/ap_pwrseq/x86_non_dsx_common_pwrseq_console.c.obj
[pujjoga:rw] [258/414] Building C object CMakeFiles/app.dir/mnt/host/source/src/platform/ec/zephyr/subsys/ap_pwrseq/x86_non_dsx_common_pwrseq_host_command.c.obj
[matsu_it82000:rw] [361/376] Building C object zephyr/kernel/CMakeFiles/kernel.dir/stack.c.obj
[pujjoga:rw] [259/414] Building C object CMakeFiles/app.dir/mnt/host/source/src/platform/ec/zephyr/subsys/ap_pwrseq/x86_non_dsx_adlp_pwrseq_sm.c.obj
[pujjoga:rw] [260/414] Building C object CMakeFiles/app.dir/mnt/host/source/src/platform/ec/zephyr/subsys/ap_pwrseq/ap_reset_log.c.obj
[matsu_it82000:rw] [362/376] Building C object zephyr/kernel/CMakeFiles/kernel.dir/queue.c.obj
[pujjoga:rw] [261/414] Building C object CMakeFiles/app.dir/mnt/host/source/src/platform/ec/build/zephyr/pujjoga/modules/ec/builtin/stdlib.c.obj
[matsu_it82000:ro] [38/376] Building C object CMakeFiles/app.dir/mnt/host/source/src/platform/ec/build/zephyr/matsu_it82000/modules/ec/common/base32.c.obj
[pujjoga:rw] [262/414] Building C object CMakeFiles/app.dir/mnt/host/source/src/platform/ec/build/zephyr/pujjoga/modules/ec/common/base32.c.obj
[pujjoga:rw] [263/414] Building C object CMakeFiles/app.dir/mnt/host/source/src/platform/ec/build/zephyr/pujjoga/modules/ec/common/console_output.c.obj
[pujjoga:rw] [264/414] Building C object CMakeFiles/app.dir/mnt/host/source/src/platform/ec/build/zephyr/pujjoga/modules/ec/common/ec_features.c.obj
[matsu_it82000:rw] [363/376] Building C object zephyr/kernel/CMakeFiles/kernel.dir/condvar.c.obj
[pujjoga:rw] [265/414] Building C object CMakeFiles/app.dir/mnt/host/source/src/platform/ec/build/zephyr/pujjoga/modules/ec/common/gpio_commands.c.obj
[pujjoga:rw] [266/414] Building C object CMakeFiles/app.dir/mnt/host/source/src/platform/ec/build/zephyr/pujjoga/modules/ec/common/peripheral.c.obj
[pujjoga:rw] [267/414] Building C object CMakeFiles/app.dir/mnt/host/source/src/platform/ec/build/zephyr/pujjoga/modules/ec/common/printf.c.obj
[pujjoga:rw] [268/414] Building C object CMakeFiles/app.dir/mnt/host/source/src/platform/ec/build/zephyr/pujjoga/modules/ec/common/queue.c.obj
[pujjoga:rw] [269/414] Building C object CMakeFiles/app.dir/mnt/host/source/src/platform/ec/build/zephyr/pujjoga/modules/ec/common/system.c.obj
[pujjoga:rw] [270/414] Building C object CMakeFiles/app.dir/mnt/host/source/src/platform/ec/build/zephyr/pujjoga/modules/ec/common/system_boot_time.c.obj
[pujjoga:rw] [271/414] Building C object CMakeFiles/app.dir/mnt/host/source/src/platform/ec/build/zephyr/pujjoga/modules/ec/common/uart_printf.c.obj
[pujjoga:rw] [272/414] Building C object CMakeFiles/app.dir/mnt/host/source/src/platform/ec/build/zephyr/pujjoga/modules/ec/common/util.c.obj
[pujjoga:rw] [273/414] Building C object CMakeFiles/app.dir/mnt/host/source/src/platform/ec/build/zephyr/pujjoga/modules/ec/common/version.c.obj
[pujjoga:rw] [274/414] Building C object CMakeFiles/app.dir/mnt/host/source/src/platform/ec/build/zephyr/pujjoga/modules/ec/common/power_button_x86.c.obj
[matsu_it82000:rw] [364/376] Building C object zephyr/kernel/CMakeFiles/kernel.dir/work.c.obj
[pujjoga:rw] [275/414] Building C object CMakeFiles/app.dir/mnt/host/source/src/platform/ec/build/zephyr/pujjoga/modules/ec/driver/accel_lis2dw12.c.obj
[pujjoga:rw] [276/414] Building C object CMakeFiles/app.dir/mnt/host/source/src/platform/ec/build/zephyr/pujjoga/modules/ec/driver/accelgyro_lsm6dsm.c.obj
[pujjoga:rw] [277/414] Building C object CMakeFiles/app.dir/mnt/host/source/src/platform/ec/build/zephyr/pujjoga/modules/ec/common/motion_sense_fifo.c.obj
[pujjoga:rw] [278/414] Building C object CMakeFiles/app.dir/mnt/host/source/src/platform/ec/build/zephyr/pujjoga/modules/ec/common/adc.c.obj
[pujjoga:rw] [279/414] Building C object CMakeFiles/app.dir/mnt/host/source/src/platform/ec/build/zephyr/pujjoga/modules/ec/common/acpi.c.obj
[pujjoga:rw] [280/414] Building C object CMakeFiles/app.dir/mnt/host/source/src/platform/ec/build/zephyr/pujjoga/modules/ec/common/backlight_lid.c.obj
[pujjoga:rw] [281/414] Building C object CMakeFiles/app.dir/mnt/host/source/src/platform/ec/build/zephyr/pujjoga/modules/ec/common/battery.c.obj
[pujjoga:rw] [282/414] Building C object CMakeFiles/app.dir/mnt/host/source/src/platform/ec/build/zephyr/pujjoga/modules/ec/common/battery_info.c.obj
[pujjoga:rw] [283/414] Building C object CMakeFiles/app.dir/mnt/host/source/src/platform/ec/build/zephyr/pujjoga/modules/ec/common/battery_fuel_gauge.c.obj
[pujjoga:rw] [284/414] Building C object CMakeFiles/app.dir/mnt/host/source/src/platform/ec/build/zephyr/pujjoga/modules/ec/driver/battery/smart.c.obj
[pujjoga:rw] [285/414] Building C object CMakeFiles/app.dir/mnt/host/source/src/platform/ec/build/zephyr/pujjoga/modules/ec/driver/charger/bq25710.c.obj
[matsu_it82000:rw] [365/376] Building C object zephyr/kernel/CMakeFiles/kernel.dir/thread.c.obj
[pujjoga:rw] [286/414] Building C object CMakeFiles/app.dir/mnt/host/source/src/platform/ec/build/zephyr/pujjoga/modules/ec/common/charger.c.obj
[pujjoga:rw] [287/414] Building C object CMakeFiles/app.dir/mnt/host/source/src/platform/ec/build/zephyr/pujjoga/modules/ec/common/charge_state.c.obj
[pujjoga:rw] [288/414] Building C object CMakeFiles/app.dir/mnt/host/source/src/platform/ec/build/zephyr/pujjoga/modules/ec/common/charge_manager.c.obj
[pujjoga:rw] [289/414] Building C object CMakeFiles/app.dir/mnt/host/source/src/platform/ec/build/zephyr/pujjoga/modules/ec/common/cbi_common.c.obj
[pujjoga:rw] [290/414] Building C object CMakeFiles/app.dir/mnt/host/source/src/platform/ec/build/zephyr/pujjoga/modules/ec/common/cbi.c.obj
[matsu_it82000:rw] [366/376] Building C object zephyr/kernel/CMakeFiles/kernel.dir/spinlock_validate.c.obj
[pujjoga:rw] [291/414] Building C object CMakeFiles/app.dir/mnt/host/source/src/platform/ec/build/zephyr/pujjoga/modules/ec/common/cbi_config.c.obj
[pujjoga:rw] [292/414] Building C object CMakeFiles/app.dir/mnt/host/source/src/platform/ec/build/zephyr/pujjoga/modules/ec/common/memory_commands.c.obj
[pujjoga:rw] [293/414] Building C object CMakeFiles/app.dir/mnt/host/source/src/platform/ec/build/zephyr/pujjoga/modules/ec/common/dptf.c.obj
[matsu_it82000:rw] [367/376] Building C object zephyr/kernel/CMakeFiles/kernel.dir/pipe.c.obj
[pujjoga:rw] [294/414] Building C object CMakeFiles/app.dir/mnt/host/source/src/platform/ec/build/zephyr/pujjoga/modules/ec/common/ap_reset_log.c.obj
[matsu_it82000:rw] [368/376] Building C object zephyr/kernel/CMakeFiles/kernel.dir/thread_monitor.c.obj
[rex-ish-ec:ro] [64/428] Building C object zephyr/arch/common/CMakeFiles/arch__common.dir/sw_isr_common.c.obj
[pujjoga:rw] [295/414] Building C object CMakeFiles/app.dir/mnt/host/source/src/platform/ec/build/zephyr/pujjoga/modules/ec/common/espi.c.obj
[pujjoga:rw] [296/414] Building C object CMakeFiles/app.dir/mnt/host/source/src/platform/ec/build/zephyr/pujjoga/modules/ec/common/extpower_common.c.obj
[pujjoga:rw] [297/414] Building C object CMakeFiles/app.dir/mnt/host/source/src/platform/ec/build/zephyr/pujjoga/modules/ec/common/extpower_gpio.c.obj
[caboc:rw] Building: /usr/bin/ninja -C /mnt/host/source/src/platform/ec/build/zephyr/caboc/build-rw all.libraries
Running `env -i SHELL=/bin/bash COLORTERM=truecolor DEPOT_TOOLS_UPDATE=0 LESS='-R -M --shift 5' SUDO_GID=0 JDK_HOME=/etc/java-config-2/current-system-vm CONFIG_PROTECT_MASK='/etc/gentoo-release /etc/sandbox.d /etc/fonts/fonts.conf /etc/terminfo /etc/ca-certificates.conf /etc/revdep-rebuild' CHROMEOS_CACHEDIR=/var/cache/chromeos-cache JAVA_HOME=/etc/java-config-2/current-system-vm SSH_AUTH_SOCK=/tmp/ssh-auth-sock SUDO_COMMAND=/bin/bash SUDO_USER=root SUDO_TTY=/dev/pts/2 EDITOR=/usr/bin/vi PWD=/mnt/host/source/src/platform/ec CONFIG_PROTECT=/usr/share/gnupg/qualified.txt LOGNAME=jpmurphy MANPATH=/etc/java-config-2/current-system-vm/man:/usr/local/share/man:/usr/share/man:/usr/share/gcc-data/x86_64-pc-linux-gnu/10.2.0/man:/usr/share/binutils-data/x86_64-pc-linux-gnu/2.45/man:/etc/java-config-2/current-system-vm/man/ SUDO_HOME=/root XAUTHORITY=/run/user/944457/gdm/Xauthority HOME=/home/jpmurphy LANG=C.UTF-8 LS_COLORS='rs=0:di=01;34:ln=01;36:mh=00:pi=40;33:so=01;35:do=01;35:bd=40;33;01:cd=40;33;01:or=01;05;37;41:mi=01;05;37;41:su=37;41:sg=30;43:ca=30;41:tw=30;42:ow=34;42:st=37;44:ex=01;32:*.tar=01;31:*.tgz=01;31:*.arc=01;31:*.arj=01;31:*.taz=01;31:*.lha=01;31:*.lz4=01;31:*.lzh=01;31:*.lzma=01;31:*.tlz=01;31:*.txz=01;31:*.tzo=01;31:*.t7z=01;31:*.zip=01;31:*.z=01;31:*.dz=01;31:*.gz=01;31:*.lrz=01;31:*.lz=01;31:*.lzo=01;31:*.xz=01;31:*.zst=01;31:*.tzst=01;31:*.bz2=01;31:*.bz=01;31:*.tbz=01;31:*.tbz2=01;31:*.tz=01;31:*.deb=01;31:*.rpm=01;31:*.jar=01;31:*.war=01;31:*.ear=01;31:*.sar=01;31:*.rar=01;31:*.alz=01;31:*.ace=01;31:*.zoo=01;31:*.cpio=01;31:*.7z=01;31:*.rz=01;31:*.cab=01;31:*.wim=01;31:*.swm=01;31:*.dwm=01;31:*.esd=01;31:*.jpg=01;35:*.jpeg=01;35:*.mjpg=01;35:*.mjpeg=01;35:*.gif=01;35:*.bmp=01;35:*.pbm=01;35:*.pgm=01;35:*.ppm=01;35:*.tga=01;35:*.xbm=01;35:*.xpm=01;35:*.tif=01;35:*.tiff=01;35:*.png=01;35:*.svg=01;35:*.svgz=01;35:*.mng=01;35:*.pcx=01;35:*.mov=01;35:*.mpg=01;35:*.mpeg=01;35:*.m2v=01;35:*.mkv=01;35:*.webm=01;35:*.webp=01;35:*.ogm=01;35:*.mp4=01;35:*.m4v=01;35:*.mp4v=01;35:*.vob=01;35:*.qt=01;35:*.nuv=01;35:*.wmv=01;35:*.asf=01;35:*.rm=01;35:*.rmvb=01;35:*.flc=01;35:*.avi=01;35:*.fli=01;35:*.flv=01;35:*.gl=01;35:*.dl=01;35:*.xcf=01;35:*.xwd=01;35:*.yuv=01;35:*.cgm=01;35:*.emf=01;35:*.ogv=01;35:*.ogx=01;35:*.cfg=00;32:*.conf=00;32:*.diff=00;32:*.doc=00;32:*.ini=00;32:*.log=00;32:*.patch=00;32:*.pdf=00;32:*.ps=00;32:*.tex=00;32:*.txt=00;32:*.aac=00;36:*.au=00;36:*.flac=00;36:*.m4a=00;36:*.mid=00;36:*.midi=00;36:*.mka=00;36:*.mp3=00;36:*.mpc=00;36:*.ogg=00;36:*.ra=00;36:*.wav=00;36:*.oga=00;36:*.opus=00;36:*.spx=00;36:*.xspf=00;36:' XDG_CURRENT_DESKTOP=GNOME INFOPATH=/usr/share/info:/usr/share/gcc-data/x86_64-pc-linux-gnu/10.2.0/info:/usr/share/binutils-data/x86_64-pc-linux-gnu/2.45/info:/usr/share/automake-1.16.5/info JAVAC=/etc/java-config-2/current-system-vm/bin/javac TERM=xterm-256color LESSOPEN='|lesspipe %s' USER=jpmurphy CROS_WORKON_SRCROOT=/mnt/host/source MANPAGER=manpager DISPLAY=:1 SHLVL=1 LC_MESSAGES=C EXTERNAL_TRUNK_PATH=/mnt/8f9d649a-3721-44cc-93c0-e6bd21a9689f/chromiumos GCC_SPECS='' PATH=/mnt/host/source/chromite/bin:/usr/local/bin:/usr/bin:/bin:/opt/bin:/mnt/host/source/chromite/sdk/bin:/mnt/host/source/chromite/bin PORTAGE_USERNAME=jpmurphy SUDO_UID=0 GCC_VER=10.2.0 MAIL=/var/mail/jpmurphy OLDPWD=/mnt/host/source/src/scripts traceparent=00-e87aca51550a78635907baa6a2476181-6d684811675d2973-01 _=./zephyr/firmware_builder.py COREBOOT_SDK_ROOT_x86=/home/jpmurphy/.cache/coreboot-sdk/i386-elf/dfbb0486385d938cfa9d73080b9d18d598ed4f49 COREBOOT_SDK_ROOT_picolibc_x86=/home/jpmurphy/.cache/coreboot-sdk/picolibc-i386-elf/eb8e8e687b95461de8cbf278f1c2076952d0ad17 COREBOOT_SDK_ROOT_riscv64=/home/jpmurphy/.cache/coreboot-sdk/riscv64-elf/96b949749225b6aaa92ed810ab769e8dfb12f000 COREBOOT_SDK_ROOT_picolibc_arm=/home/jpmurphy/.cache/coreboot-sdk/picolibc-arm-eabi/422a2aa3e1ef891b5bece9a3deb696ff83840d2e COREBOOT_SDK_ROOT_nds32=/home/jpmurphy/.cache/coreboot-sdk/nds32le-elf/d1a518c4a097666d86058e1444f85ca015d15511 COREBOOT_SDK_ROOT_picolibc_riscv64=/home/jpmurphy/.cache/coreboot-sdk/picolibc-riscv64-elf/f571e990ef0278564b31124f8bb109d9a697eb69 COREBOOT_SDK_ROOT_arm=/home/jpmurphy/.cache/coreboot-sdk/arm-eabi/ea40ddd1d190c3b48435c474c0b545719371813a COREBOOT_SDK_ROOT_libstdcxx_riscv64=/home/jpmurphy/.cache/coreboot-sdk/libstdcxx-riscv64-elf/17abf22a3a252e2d5d2062ced5324f7a623689e0 COREBOOT_SDK_ROOT_libstdcxx_arm=/home/jpmurphy/.cache/coreboot-sdk/libstdcxx-arm-eabi/5d7d82e150e44aa1968f1d366e267e6687b328ac COREBOOT_SDK_ROOT_riscv=/home/jpmurphy/.cache/coreboot-sdk/riscv-elf/9a27b9e82341c6e9126624f516ab3f261abb3e73 COREBOOT_SDK_ROOT_libstdcxx_x86=/home/jpmurphy/.cache/coreboot-sdk/libstdcxx-i386-elf/42ef9d2e87a76a37963175d7d428734e65648b87 PYTHONPATH=/mnt/host/source/src/platform/ec/zephyr/zmake PW_PIGWEED_CIPD_INSTALL_DIR=/usr CROSTC_USER_ACKNOWLEDGES_THAT_RISCV_IS_EXPERIMENTAL=1 MAKEFLAGS=' -j16 --jobserver-auth=5,6' /usr/bin/ninja -C /mnt/host/source/src/platform/ec/build/zephyr/caboc/build-rw all.libraries`
[rex-ish-ec:ro] [65/428] Building C object zephyr/CMakeFiles/zephyr.dir/drivers/flash/flash_util.c.obj
[matsu_it82000:rw] [369/376] Building C object zephyr/kernel/CMakeFiles/kernel.dir/timeout.c.obj
[caboc:rw] ninja: Entering directory `/mnt/host/source/src/platform/ec/build/zephyr/caboc/build-rw'
[pujjoga:rw] [298/414] Building C object CMakeFiles/app.dir/mnt/host/source/src/platform/ec/build/zephyr/pujjoga/modules/ec/common/flash.c.obj
[pujjoga:rw] [299/414] Building C object CMakeFiles/app.dir/mnt/host/source/src/platform/ec/build/zephyr/pujjoga/modules/ec/common/host_command.c.obj
[pujjoga:rw] [300/414] Building C object CMakeFiles/app.dir/mnt/host/source/src/platform/ec/build/zephyr/pujjoga/modules/ec/common/host_command_task.c.obj
[matsu_it82000:rw] [370/376] Building C object zephyr/kernel/CMakeFiles/kernel.dir/timer.c.obj
[pujjoga:rw] [301/414] Building C object CMakeFiles/app.dir/mnt/host/source/src/platform/ec/build/zephyr/pujjoga/modules/ec/common/host_event_commands.c.obj
[matsu_it82000:rw] [371/376] Building C object zephyr/kernel/CMakeFiles/kernel.dir/sched.c.obj
[pujjoga:rw] [302/414] Building C object CMakeFiles/app.dir/mnt/host/source/src/platform/ec/build/zephyr/pujjoga/modules/ec/common/uart_hostcmd.c.obj
[/mnt/host/source/src/platform/ec/build/zephyr/quartz-lcov]   /mnt/host/source/src/platform/ec/build/zephyr/quartz/build-rw/zephyr/CMakeFiles/zephyr.dir/subsys/shell/modules/kernel_service/kernel_shell.c.gcno:no functions found
[/mnt/host/source/src/platform/ec/build/zephyr/quartz-lcov] stderr:
[pujjoga:rw] [303/414] Building C object CMakeFiles/app.dir/mnt/host/source/src/platform/ec/build/zephyr/pujjoga/modules/ec/common/uptime.c.obj
[rex-ish-ec:ro] [66/428] Linking C static library zephyr/libzephyr.a
[pujjoga:rw] [304/414] Building C object CMakeFiles/app.dir/mnt/host/source/src/platform/ec/build/zephyr/pujjoga/modules/ec/common/i2c_controller.c.obj
[pujjoga:rw] [305/414] Building C object CMakeFiles/app.dir/mnt/host/source/src/platform/ec/build/zephyr/pujjoga/modules/ec/common/i2c_passthru.c.obj
[pujjoga:rw] [306/414] Building C object CMakeFiles/app.dir/mnt/host/source/src/platform/ec/build/zephyr/pujjoga/modules/ec/common/keyboard_scan.c.obj
[pujjoga:rw] [307/414] Building C object CMakeFiles/app.dir/mnt/host/source/src/platform/ec/build/zephyr/pujjoga/modules/ec/common/keyboard_8042.c.obj
[matsu_it82000:ro] [39/376] Building C object CMakeFiles/app.dir/mnt/host/source/src/platform/ec/build/zephyr/matsu_it82000/modules/ec/common/console_output.c.obj
[pujjoga:rw] [308/414] Building C object CMakeFiles/app.dir/mnt/host/source/src/platform/ec/build/zephyr/pujjoga/modules/ec/common/keyboard_8042_sharedlib.c.obj
[pujjoga:rw] [309/414] Building C object CMakeFiles/app.dir/mnt/host/source/src/platform/ec/build/zephyr/pujjoga/modules/ec/common/mkbp_fifo.c.obj
[pujjoga:rw] [310/414] Building C object CMakeFiles/app.dir/mnt/host/source/src/platform/ec/build/zephyr/pujjoga/modules/ec/common/mkbp_info.c.obj
[pujjoga:rw] [311/414] Building C object CMakeFiles/app.dir/mnt/host/source/src/platform/ec/build/zephyr/pujjoga/modules/ec/common/mkbp_input_devices.c.obj
[pujjoga:rw] [312/414] Building C object CMakeFiles/app.dir/mnt/host/source/src/platform/ec/build/zephyr/pujjoga/modules/ec/common/led_common.c.obj
[matsu_it82000:rw] [372/376] Building C object zephyr/kernel/CMakeFiles/kernel.dir/poll.c.obj
[pujjoga:rw] [313/414] Building C object CMakeFiles/app.dir/mnt/host/source/src/platform/ec/build/zephyr/pujjoga/modules/ec/common/led_onoff_states.c.obj
[pujjoga:rw] [314/414] Building C object CMakeFiles/app.dir/mnt/host/source/src/platform/ec/build/zephyr/pujjoga/modules/ec/common/motion_lid.c.obj
[pujjoga:rw] [315/414] Building C object CMakeFiles/app.dir/mnt/host/source/src/platform/ec/build/zephyr/pujjoga/modules/ec/common/lid_angle.c.obj
[/mnt/host/source/src/platform/ec/build/zephyr/rex-ish-lcov]   /mnt/host/source/src/platform/ec/build/zephyr/rex-ish/build-singleimage/zephyr/CMakeFiles/zephyr.dir/subsys/shell/modules/kernel_service/kernel_shell.c.gcno:no functions found
[/mnt/host/source/src/platform/ec/build/zephyr/rex-ish-lcov] stderr:
[pujjoga:rw] [316/414] Building C object CMakeFiles/app.dir/mnt/host/source/src/platform/ec/build/zephyr/pujjoga/modules/ec/common/lid_angle_keyboard_policy.c.obj
[rex-ish-ec:ro] [67/428] Building C object zephyr/arch/common/CMakeFiles/arch__common.dir/init.c.obj
[/mnt/host/source/src/platform/ec/build/zephyr/kanix-lcov]   /mnt/host/source/src/platform/ec/build/zephyr/kanix/build-rw/zephyr/CMakeFiles/zephyr.dir/subsys/shell/modules/kernel_service/kernel_shell.c.gcno:no functions found
[/mnt/host/source/src/platform/ec/build/zephyr/kanix-lcov] stderr:
[matsu_it82000:rw] [373/376] Building C object zephyr/kernel/CMakeFiles/kernel.dir/mempool.c.obj
[pujjoga:rw] [317/414] Building C object CMakeFiles/app.dir/mnt/host/source/src/platform/ec/build/zephyr/pujjoga/modules/ec/common/lid_switch.c.obj
[pujjoga:rw] [318/414] Building C object CMakeFiles/app.dir/mnt/host/source/src/platform/ec/build/zephyr/pujjoga/modules/ec/common/mkbp_event.c.obj
[pujjoga:rw] [319/414] Building C object CMakeFiles/app.dir/mnt/host/source/src/platform/ec/build/zephyr/pujjoga/modules/ec/common/motion_sense.c.obj
[pujjoga:rw] [320/414] Building C object CMakeFiles/app.dir/mnt/host/source/src/platform/ec/build/zephyr/pujjoga/modules/ec/common/power_button.c.obj
[pujjoga:rw] [321/414] Building C object CMakeFiles/app.dir/mnt/host/source/src/platform/ec/build/zephyr/pujjoga/modules/ec/common/port80.c.obj
[pujjoga:rw] [322/414] Building C object CMakeFiles/app.dir/mnt/host/source/src/platform/ec/build/zephyr/pujjoga/modules/ec/power/hibernate.c.obj
[pujjoga:rw] [323/414] Building C object CMakeFiles/app.dir/mnt/host/source/src/platform/ec/build/zephyr/pujjoga/modules/ec/common/panic_output.c.obj
[pujjoga:rw] [324/414] Building C object CMakeFiles/app.dir/mnt/host/source/src/platform/ec/build/zephyr/pujjoga/modules/ec/common/sha256.c.obj
[/mnt/host/source/src/platform/ec/build/zephyr/quartz-lcov]   /mnt/host/source/src/platform/ec/build/zephyr/quartz/build-rw/zephyr/CMakeFiles/zephyr.dir/lib/libc/validate_libc.c.gcno:no functions found
[/mnt/host/source/src/platform/ec/build/zephyr/quartz-lcov] stderr:
[pujjoga:rw] [325/414] Building C object CMakeFiles/app.dir/mnt/host/source/src/platform/ec/build/zephyr/pujjoga/modules/ec/common/shared_mem.c.obj
[matsu_it82000:rw] [374/376] Building C object zephyr/kernel/CMakeFiles/kernel.dir/dynamic_disabled.c.obj
[pujjoga:rw] [326/414] Building C object CMakeFiles/app.dir/mnt/host/source/src/platform/ec/build/zephyr/pujjoga/modules/ec/common/switch.c.obj
[matsu_it82000:rw] [375/376] Building C object zephyr/kernel/CMakeFiles/kernel.dir/events.c.obj
[pujjoga:rw] [327/414] Building C object CMakeFiles/app.dir/mnt/host/source/src/platform/ec/build/zephyr/pujjoga/modules/ec/common/spi_flash_reg.c.obj
[pujjoga:rw] [328/414] Building C object CMakeFiles/app.dir/mnt/host/source/src/platform/ec/build/zephyr/pujjoga/modules/ec/driver/stm_mems_common.c.obj
[pujjoga:rw] [329/414] Building C object CMakeFiles/app.dir/mnt/host/source/src/platform/ec/build/zephyr/pujjoga/modules/ec/common/tablet_mode.c.obj
[caboc:rw] [1/380] Preparing syscall dependency handling
[pujjoga:rw] [330/414] Building C object CMakeFiles/app.dir/mnt/host/source/src/platform/ec/build/zephyr/pujjoga/modules/ec/common/thermal.c.obj
[pujjoga:rw] [331/414] Building C object CMakeFiles/app.dir/mnt/host/source/src/platform/ec/build/zephyr/pujjoga/modules/ec/driver/temp_sensor/thermistor.c.obj
[pujjoga:rw] [332/414] Building C object CMakeFiles/app.dir/mnt/host/source/src/platform/ec/build/zephyr/pujjoga/modules/ec/common/temp_sensor.c.obj
[pujjoga:rw] [333/414] Building C object CMakeFiles/app.dir/mnt/host/source/src/platform/ec/build/zephyr/pujjoga/modules/ec/common/throttle_ap.c.obj
[pujjoga:rw] [334/414] Building C object CMakeFiles/app.dir/mnt/host/source/src/platform/ec/build/zephyr/pujjoga/modules/ec/common/timer.c.obj
[pujjoga:rw] [335/414] Building C object CMakeFiles/app.dir/mnt/host/source/src/platform/ec/build/zephyr/pujjoga/modules/ec/common/usb_port_power_dumb.c.obj
[pujjoga:rw] [336/414] Building C object CMakeFiles/app.dir/mnt/host/source/src/platform/ec/build/zephyr/pujjoga/modules/ec/common/typec_control.c.obj
[pujjoga:rw] [337/414] Building C object CMakeFiles/app.dir/mnt/host/source/src/platform/ec/build/zephyr/pujjoga/modules/ec/common/usb_common.c.obj
[pujjoga:rw] [338/414] Building C object CMakeFiles/app.dir/mnt/host/source/src/platform/ec/build/zephyr/pujjoga/modules/ec/common/usb_pd_pdo.c.obj
[pujjoga:rw] [339/414] Building C object CMakeFiles/app.dir/mnt/host/source/src/platform/ec/build/zephyr/pujjoga/modules/ec/common/usbc/usbc_task.c.obj
[pujjoga:rw] [340/414] Building C object CMakeFiles/app.dir/mnt/host/source/src/platform/ec/build/zephyr/pujjoga/modules/ec/common/usbc/usb_pd_timer.c.obj
[pujjoga:rw] [341/414] Building C object CMakeFiles/app.dir/mnt/host/source/src/platform/ec/build/zephyr/pujjoga/modules/ec/common/usbc/usb_sm.c.obj
[caboc:rw] [2/380] Generating include/generated/zephyr/version.h
[caboc:rw] -- git describe warned: warning: tag 'upstream/v2.7.99' is externally known as 'v2.7.99'
[pujjoga:rw] [342/414] Building C object CMakeFiles/app.dir/mnt/host/source/src/platform/ec/build/zephyr/pujjoga/modules/ec/common/usb_pd_flags.c.obj
[pujjoga:rw] [343/414] Building C object CMakeFiles/app.dir/mnt/host/source/src/platform/ec/build/zephyr/pujjoga/modules/ec/common/usbc_intr_task.c.obj
[pujjoga:rw] [344/414] Building C object CMakeFiles/app.dir/mnt/host/source/src/platform/ec/build/zephyr/pujjoga/modules/ec/common/usbc_utils.c.obj
[matsu_it82000:rw] [376/376] Linking C static library zephyr/kernel/libkernel.a
[nivviks:ro] Configuring.
Running `env -i PYTHONPATH=/usr/lib64/python-exec/python3.11:/mnt/host/source/src/platform/ec/zephyr/zmake:/usr/lib/python311.zip:/usr/lib/python3.11:/usr/lib/python3.11/lib-dynload:/usr/lib/python3.11/site-packages PW_PIGWEED_CIPD_INSTALL_DIR=/usr CROSTC_USER_ACKNOWLEDGES_THAT_RISCV_IS_EXPERIMENTAL=1 PATH=/mnt/host/source/chromite/bin:/usr/local/bin:/usr/bin:/bin:/opt/bin:/mnt/host/source/chromite/sdk/bin:/mnt/host/source/chromite/bin HOME=/home/jpmurphy JAVA_HOME=/etc/java-config-2/current-system-vm JDK_HOME=/etc/java-config-2/current-system-vm JAVAC=/etc/java-config-2/current-system-vm/bin/javac MAKEFLAGS=' -j16 --jobserver-auth=5,6' /usr/bin/cmake -S /mnt/host/source/src/platform/ec/zephyr/program/nissa -B /mnt/host/source/src/platform/ec/build/zephyr/nivviks/build-ro -GNinja -DCMAKE_EXPORT_COMPILE_COMMANDS=ON -DZEPHYR_BASE=/mnt/host/source/src/third_party/zephyr/main -DZMAKE_INCLUDE_DIR=/mnt/host/source/src/platform/ec/build/zephyr/nivviks/include -DPython3_EXECUTABLE=/usr/bin/python3.11 -DDTS_ROOT=/mnt/host/source/src/platform/ec/zephyr -DSYSCALL_INCLUDE_DIRS=/mnt/host/source/src/platform/ec/zephyr/include/drivers -DUSER_CACHE_DIR=/mnt/host/source/src/platform/ec/build/zephyr/user-cache '-DEXTRA_EC_VERSION_FLAGS=--version 16543.0.0 --static' -DTOOLCHAIN_ROOT=/mnt/host/source/src/platform/ec/zephyr -DCOREBOOT_SDK_ROOT_x86=/home/jpmurphy/.cache/coreboot-sdk/i386-elf/dfbb0486385d938cfa9d73080b9d18d598ed4f49 -DCOREBOOT_SDK_ROOT_picolibc_x86=/home/jpmurphy/.cache/coreboot-sdk/picolibc-i386-elf/eb8e8e687b95461de8cbf278f1c2076952d0ad17 -DCOREBOOT_SDK_ROOT_riscv64=/home/jpmurphy/.cache/coreboot-sdk/riscv64-elf/96b949749225b6aaa92ed810ab769e8dfb12f000 -DCOREBOOT_SDK_ROOT_picolibc_arm=/home/jpmurphy/.cache/coreboot-sdk/picolibc-arm-eabi/422a2aa3e1ef891b5bece9a3deb696ff83840d2e -DCOREBOOT_SDK_ROOT_nds32=/home/jpmurphy/.cache/coreboot-sdk/nds32le-elf/d1a518c4a097666d86058e1444f85ca015d15511 -DCOREBOOT_SDK_ROOT_picolibc_riscv64=/home/jpmurphy/.cache/coreboot-sdk/picolibc-riscv64-elf/f571e990ef0278564b31124f8bb109d9a697eb69 -DCOREBOOT_SDK_ROOT_arm=/home/jpmurphy/.cache/coreboot-sdk/arm-eabi/ea40ddd1d190c3b48435c474c0b545719371813a -DCOREBOOT_SDK_ROOT_libstdcxx_riscv64=/home/jpmurphy/.cache/coreboot-sdk/libstdcxx-riscv64-elf/17abf22a3a252e2d5d2062ced5324f7a623689e0 -DCOREBOOT_SDK_ROOT_libstdcxx_arm=/home/jpmurphy/.cache/coreboot-sdk/libstdcxx-arm-eabi/5d7d82e150e44aa1968f1d366e267e6687b328ac -DCOREBOOT_SDK_ROOT_riscv=/home/jpmurphy/.cache/coreboot-sdk/riscv-elf/9a27b9e82341c6e9126624f516ab3f261abb3e73 -DCOREBOOT_SDK_ROOT_libstdcxx_x86=/home/jpmurphy/.cache/coreboot-sdk/libstdcxx-i386-elf/42ef9d2e87a76a37963175d7d428734e65648b87 -DZEPHYR_TOOLCHAIN_VARIANT=coreboot-sdk '-DZEPHYR_MODULES=/mnt/host/source/src/platform/ec/build/zephyr/nivviks/modules/cmsis;/mnt/host/source/src/platform/ec/build/zephyr/nivviks/modules/cmsis_6;/mnt/host/source/src/platform/ec/build/zephyr/nivviks/modules/ec' -DDTC_OVERLAY_FILE=/mnt/host/source/src/platform/ec/zephyr/program/nissa/nivviks/project.overlay -DBOARD=npcx9/npcx9m3f -DCMAKE_C_FLAGS=-DSECTION_IS_RO '-DCONF_FILE=/mnt/host/source/src/platform/ec/zephyr/program/nissa/program.conf;/mnt/host/source/src/platform/ec/zephyr/program/nissa/npcx_program.conf;/mnt/host/source/src/platform/ec/zephyr/program/nissa/nivviks/project.conf;/mnt/host/source/src/platform/ec/build/zephyr/nivviks/kconfig-ro.conf'`
[pujjoga:rw] [345/414] Building C object CMakeFiles/app.dir/mnt/host/source/src/platform/ec/build/zephyr/pujjoga/modules/ec/driver/usb_mux/usb_mux.c.obj
[pujjoga:rw] [346/414] Building C object CMakeFiles/app.dir/mnt/host/source/src/platform/ec/build/zephyr/pujjoga/modules/ec/common/usbc/usb_pd_console.c.obj
[pujjoga:rw] [347/414] Building C object CMakeFiles/app.dir/mnt/host/source/src/platform/ec/build/zephyr/pujjoga/modules/ec/common/chargen.c.obj
[pujjoga:rw] [348/414] Building C object CMakeFiles/app.dir/mnt/host/source/src/platform/ec/build/zephyr/pujjoga/modules/ec/driver/usb_mux/virtual.c.obj
[nivviks:ro] Loading Zephyr default modules (Zephyr base (cached)).
[nivviks:ro] -- Application: /mnt/host/source/src/platform/ec/zephyr/program/nissa
[caboc:rw] -- Zephyr version: 4.3.99 (/mnt/host/source/src/third_party/zephyr/main)
[caboc:rw] [3/380] Generating misc/generated/syscalls_subdirs.trigger
[nivviks:ro] -- CMake version: 3.31.7
[pujjoga:rw] [349/414] Building C object CMakeFiles/app.dir/mnt/host/source/src/platform/ec/build/zephyr/pujjoga/modules/ec/common/usbc/usb_tc_drp_acc_trysrc_sm.c.obj
[pujjoga:rw] [350/414] Building C object CMakeFiles/app.dir/mnt/host/source/src/platform/ec/build/zephyr/pujjoga/modules/ec/common/usbc/usb_prl_sm.c.obj
[pujjoga:rw] [351/414] Building C object CMakeFiles/app.dir/mnt/host/source/src/platform/ec/build/zephyr/pujjoga/modules/ec/common/usbc/usb_pe_drp_sm.c.obj
[pujjoga:rw] [352/414] Building C object CMakeFiles/app.dir/mnt/host/source/src/platform/ec/build/zephyr/pujjoga/modules/ec/common/usbc/usb_pd_dpm.c.obj
[pujjoga:rw] [353/414] Building C object CMakeFiles/app.dir/mnt/host/source/src/platform/ec/build/zephyr/pujjoga/modules/ec/common/usbc/usbc_pd_policy.c.obj
[pujjoga:rw] [354/414] Building C object CMakeFiles/app.dir/mnt/host/source/src/platform/ec/build/zephyr/pujjoga/modules/ec/common/usb_pd_host_cmd.c.obj
[pujjoga:rw] [355/414] Building C object CMakeFiles/app.dir/mnt/host/source/src/platform/ec/build/zephyr/pujjoga/modules/ec/common/usb_pd_console_cmd.c.obj
[pujjoga:rw] [356/414] Building C object CMakeFiles/app.dir/mnt/host/source/src/platform/ec/build/zephyr/pujjoga/modules/ec/common/usbc/dp_alt_mode.c.obj
[/mnt/host/source/src/platform/ec/build/zephyr/kanix-lcov]   /mnt/host/source/src/platform/ec/build/zephyr/kanix/build-rw/zephyr/CMakeFiles/zephyr.dir/lib/libc/validate_libc.c.gcno:no functions found
[/mnt/host/source/src/platform/ec/build/zephyr/kanix-lcov] stderr:
[pujjoga:rw] [357/414] Building C object CMakeFiles/app.dir/mnt/host/source/src/platform/ec/build/zephyr/pujjoga/modules/ec/common/usbc/usb_pd_host.c.obj
[pujjoga:rw] [358/414] Building C object CMakeFiles/app.dir/mnt/host/source/src/platform/ec/build/zephyr/pujjoga/modules/ec/zephyr/shim/src/tcpc.c.obj
[pujjoga:rw] [359/414] Building C object CMakeFiles/app.dir/mnt/host/source/src/platform/ec/build/zephyr/pujjoga/modules/ec/common/usb_pd_host_cmd_common.c.obj
[pujjoga:rw] [360/414] Building C object CMakeFiles/app.dir/mnt/host/source/src/platform/ec/build/zephyr/pujjoga/modules/ec/common/usbc/svdm_rsp_dfp_only.c.obj
[caboc:rw] [4/380] cd /mnt/host/source/src/platform/ec/build/zephyr/caboc/build-rw/modules/ec/zephyr && PYTHONPATH=/mnt/host/source/src/platform/ec/build/zephyr/caboc/modules/ec/zephyr/zmake/ /usr/bin/python3.11 /mnt/host/source/src/platform/ec/build/zephyr/caboc/modules/ec/zephyr/zmake/zephyr_build_tools/generate_ec_version.py /mnt/host/source/src/platform/ec/build/zephyr/caboc/build-rw/modules/ec/zephyr/include/ec_version.h --name Zephyr-Kernel --version 16543.0.0 --static
[caboc:rw] INFO:root:Using a static version string
[pujjoga:rw] [361/414] Building C object CMakeFiles/app.dir/mnt/host/source/src/platform/ec/build/zephyr/pujjoga/modules/ec/common/usb_pd_discovery.c.obj
[pujjoga:rw] [362/414] Building C object CMakeFiles/app.dir/mnt/host/source/src/platform/ec/build/zephyr/pujjoga/modules/ec/common/usbc_ocp.c.obj
[pujjoga:rw] [363/414] Building C object CMakeFiles/app.dir/mnt/host/source/src/platform/ec/build/zephyr/pujjoga/modules/ec/common/usb_pd_dual_role.c.obj
[pujjoga:rw] [364/414] Building C object CMakeFiles/app.dir/mnt/host/source/src/platform/ec/build/zephyr/pujjoga/modules/ec/driver/tcpm/nct38xx.c.obj
[pujjoga:rw] [365/414] Building C object CMakeFiles/app.dir/mnt/host/source/src/platform/ec/build/zephyr/pujjoga/modules/ec/driver/tcpm/raa489000.c.obj
[pujjoga:rw] [366/414] Building C object CMakeFiles/app.dir/mnt/host/source/src/platform/ec/build/zephyr/pujjoga/modules/ec/driver/tcpm/tcpci.c.obj
[pujjoga:rw] [367/414] Building C object CMakeFiles/app.dir/mnt/host/source/src/platform/ec/build/zephyr/pujjoga/modules/ec/common/usbc_ppc.c.obj
[pujjoga:rw] [368/414] Building C object CMakeFiles/app.dir/mnt/host/source/src/platform/ec/build/zephyr/pujjoga/modules/ec/common/button.c.obj
[pujjoga:rw] [369/414] Building C object CMakeFiles/app.dir/mnt/host/source/src/platform/ec/build/zephyr/pujjoga/modules/ec/common/vboot_hash.c.obj
[pujjoga:rw] [370/414] Building C object CMakeFiles/app.dir/mnt/host/source/src/platform/ec/build/zephyr/pujjoga/modules/ec/common/vboot/efs2.c.obj
[pujjoga:rw] [371/414] Building C object CMakeFiles/app.dir/mnt/host/source/src/platform/ec/build/zephyr/pujjoga/modules/ec/driver/ppc/syv682x.c.obj
[pujjoga:rw] [372/414] Building C object CMakeFiles/app.dir/mnt/host/source/src/platform/ec/build/zephyr/pujjoga/modules/ec/common/vstore.c.obj
[pujjoga:rw] [373/414] Building C object CMakeFiles/app.dir/mnt/host/source/src/platform/ec/build/zephyr/pujjoga/modules/ec/common/math_util.c.obj
[pujjoga:rw] [374/414] Building C object CMakeFiles/app.dir/src/common.c.obj
[pujjoga:rw] [375/414] Building C object CMakeFiles/app.dir/src/board_power.c.obj
[pujjoga:rw] [376/414] Building C object CMakeFiles/app.dir/pujjoga/src/board.c.obj
[pujjoga:rw] [377/414] Building C object CMakeFiles/app.dir/pujjoga/src/led.c.obj
[pujjoga:rw] [378/414] Building C object CMakeFiles/app.dir/pujjoga/src/hdmi.c.obj
[pujjoga:rw] [379/414] Building C object CMakeFiles/app.dir/pujjoga/src/sub_board.c.obj
[pujjoga:rw] [380/414] Building C object CMakeFiles/app.dir/pujjoga/src/usbc.c.obj
[pujjoga:rw] [381/414] Building C object CMakeFiles/app.dir/pujjoga/src/charger.c.obj
[matsu_it82000:ro] [40/376] Building C object CMakeFiles/app.dir/mnt/host/source/src/platform/ec/build/zephyr/matsu_it82000/modules/ec/common/ec_features.c.obj
[pujjoga:rw] [382/414] Building C object zephyr/kernel/CMakeFiles/kernel.dir/main_weak.c.obj
[rex-ish-ec:ro] [68/428] Building C object zephyr/arch/common/CMakeFiles/arch__common.dir/xip.c.obj
[pujjoga:rw] [383/414] Building C object zephyr/kernel/CMakeFiles/kernel.dir/banner.c.obj
[pujjoga:rw] [384/414] Building C object zephyr/kernel/CMakeFiles/kernel.dir/busy_wait.c.obj
[pujjoga:rw] [385/414] Building C object zephyr/kernel/CMakeFiles/kernel.dir/errno.c.obj
[pujjoga:rw] [386/414] Building C object zephyr/kernel/CMakeFiles/kernel.dir/device.c.obj
[pujjoga:rw] [387/414] Building C object zephyr/kernel/CMakeFiles/kernel.dir/fatal.c.obj
[pujjoga:rw] [388/414] Building C object zephyr/kernel/CMakeFiles/kernel.dir/kheap.c.obj
[pujjoga:rw] [389/414] Building C object zephyr/kernel/CMakeFiles/kernel.dir/init.c.obj
[pujjoga:rw] [390/414] Building C object zephyr/kernel/CMakeFiles/kernel.dir/mem_slab.c.obj
[pujjoga:rw] [391/414] Building C object zephyr/kernel/CMakeFiles/kernel.dir/float.c.obj
[pujjoga:rw] [392/414] Building C object zephyr/kernel/CMakeFiles/kernel.dir/version.c.obj
[pujjoga:rw] [393/414] Building C object zephyr/kernel/CMakeFiles/kernel.dir/idle.c.obj
[pujjoga:rw] [394/414] Building C object zephyr/kernel/CMakeFiles/kernel.dir/mailbox.c.obj
[matsu_it82000:ro] [41/376] Building C object CMakeFiles/app.dir/mnt/host/source/src/platform/ec/build/zephyr/matsu_it82000/modules/ec/common/gpio_commands.c.obj
[pujjoga:rw] [395/414] Building C object zephyr/kernel/CMakeFiles/kernel.dir/msg_q.c.obj
[pujjoga:rw] [396/414] Building C object zephyr/kernel/CMakeFiles/kernel.dir/mutex.c.obj
[pujjoga:rw] [397/414] Building C object zephyr/kernel/CMakeFiles/kernel.dir/queue.c.obj
[pujjoga:rw] [398/414] Building C object zephyr/kernel/CMakeFiles/kernel.dir/sem.c.obj
[rex-ish-ec:ro] [69/428] Building C object zephyr/arch/common/CMakeFiles/isr_tables.dir/isr_tables.c.obj
[pujjoga:rw] [399/414] Building C object zephyr/kernel/CMakeFiles/kernel.dir/stack.c.obj
[pujjoga:rw] [400/414] Building C object zephyr/kernel/CMakeFiles/kernel.dir/system_work_q.c.obj
[nivviks:ro] -- Found Python3: /usr/bin/python3.11 (found suitable version "3.11.11", minimum required is "3.10") found components: Interpreter
[pujjoga:rw] [401/414] Building C object zephyr/kernel/CMakeFiles/kernel.dir/work.c.obj
[nivviks:ro] -- Cache files will be written to: /mnt/host/source/src/platform/ec/build/zephyr/user-cache
[pujjoga:rw] [402/414] Building C object zephyr/kernel/CMakeFiles/kernel.dir/condvar.c.obj
[pujjoga:rw] [403/414] Building C object zephyr/kernel/CMakeFiles/kernel.dir/thread.c.obj
[pujjoga:rw] [404/414] Building C object zephyr/kernel/CMakeFiles/kernel.dir/sched.c.obj
[nivviks:ro] -- Zephyr version: 4.3.99 (/mnt/host/source/src/third_party/zephyr/main)
[pujjoga:rw] [405/414] Building C object zephyr/kernel/CMakeFiles/kernel.dir/pipe.c.obj
[pujjoga:rw] [406/414] Building C object zephyr/kernel/CMakeFiles/kernel.dir/thread_monitor.c.obj
[pujjoga:rw] [407/414] Linking C static library app/libapp.a
[pujjoga:rw] [408/414] Building C object zephyr/kernel/CMakeFiles/kernel.dir/timeout.c.obj
[pujjoga:rw] [409/414] Building C object zephyr/kernel/CMakeFiles/kernel.dir/timer.c.obj
[matsu_it82000:ro] [42/376] Building C object CMakeFiles/app.dir/mnt/host/source/src/platform/ec/build/zephyr/matsu_it82000/modules/ec/common/peripheral.c.obj
[rex-ish-ec:ro] [70/428] Linking C static library zephyr/arch/common/libisr_tables.a
[pujjoga:rw] [410/414] Building C object zephyr/kernel/CMakeFiles/kernel.dir/events.c.obj
[pujjoga:rw] [411/414] Building C object zephyr/kernel/CMakeFiles/kernel.dir/mempool.c.obj
[pujjoga:rw] [412/414] Building C object zephyr/kernel/CMakeFiles/kernel.dir/poll.c.obj
[pujjoga:rw] [413/414] Building C object zephyr/kernel/CMakeFiles/kernel.dir/dynamic_disabled.c.obj
[rex-ish-ec:ro] [71/428] Linking C static library zephyr/arch/common/libarch__common.a
[pujjoga:rw] [414/414] Linking C static library zephyr/kernel/libkernel.a
[caboc:ro] Building: /usr/bin/ninja -C /mnt/host/source/src/platform/ec/build/zephyr/caboc/build-ro all.libraries
Running `env -i SHELL=/bin/bash COLORTERM=truecolor DEPOT_TOOLS_UPDATE=0 LESS='-R -M --shift 5' SUDO_GID=0 JDK_HOME=/etc/java-config-2/current-system-vm CONFIG_PROTECT_MASK='/etc/gentoo-release /etc/sandbox.d /etc/fonts/fonts.conf /etc/terminfo /etc/ca-certificates.conf /etc/revdep-rebuild' CHROMEOS_CACHEDIR=/var/cache/chromeos-cache JAVA_HOME=/etc/java-config-2/current-system-vm SSH_AUTH_SOCK=/tmp/ssh-auth-sock SUDO_COMMAND=/bin/bash SUDO_USER=root SUDO_TTY=/dev/pts/2 EDITOR=/usr/bin/vi PWD=/mnt/host/source/src/platform/ec CONFIG_PROTECT=/usr/share/gnupg/qualified.txt LOGNAME=jpmurphy MANPATH=/etc/java-config-2/current-system-vm/man:/usr/local/share/man:/usr/share/man:/usr/share/gcc-data/x86_64-pc-linux-gnu/10.2.0/man:/usr/share/binutils-data/x86_64-pc-linux-gnu/2.45/man:/etc/java-config-2/current-system-vm/man/ SUDO_HOME=/root XAUTHORITY=/run/user/944457/gdm/Xauthority HOME=/home/jpmurphy LANG=C.UTF-8 LS_COLORS='rs=0:di=01;34:ln=01;36:mh=00:pi=40;33:so=01;35:do=01;35:bd=40;33;01:cd=40;33;01:or=01;05;37;41:mi=01;05;37;41:su=37;41:sg=30;43:ca=30;41:tw=30;42:ow=34;42:st=37;44:ex=01;32:*.tar=01;31:*.tgz=01;31:*.arc=01;31:*.arj=01;31:*.taz=01;31:*.lha=01;31:*.lz4=01;31:*.lzh=01;31:*.lzma=01;31:*.tlz=01;31:*.txz=01;31:*.tzo=01;31:*.t7z=01;31:*.zip=01;31:*.z=01;31:*.dz=01;31:*.gz=01;31:*.lrz=01;31:*.lz=01;31:*.lzo=01;31:*.xz=01;31:*.zst=01;31:*.tzst=01;31:*.bz2=01;31:*.bz=01;31:*.tbz=01;31:*.tbz2=01;31:*.tz=01;31:*.deb=01;31:*.rpm=01;31:*.jar=01;31:*.war=01;31:*.ear=01;31:*.sar=01;31:*.rar=01;31:*.alz=01;31:*.ace=01;31:*.zoo=01;31:*.cpio=01;31:*.7z=01;31:*.rz=01;31:*.cab=01;31:*.wim=01;31:*.swm=01;31:*.dwm=01;31:*.esd=01;31:*.jpg=01;35:*.jpeg=01;35:*.mjpg=01;35:*.mjpeg=01;35:*.gif=01;35:*.bmp=01;35:*.pbm=01;35:*.pgm=01;35:*.ppm=01;35:*.tga=01;35:*.xbm=01;35:*.xpm=01;35:*.tif=01;35:*.tiff=01;35:*.png=01;35:*.svg=01;35:*.svgz=01;35:*.mng=01;35:*.pcx=01;35:*.mov=01;35:*.mpg=01;35:*.mpeg=01;35:*.m2v=01;35:*.mkv=01;35:*.webm=01;35:*.webp=01;35:*.ogm=01;35:*.mp4=01;35:*.m4v=01;35:*.mp4v=01;35:*.vob=01;35:*.qt=01;35:*.nuv=01;35:*.wmv=01;35:*.asf=01;35:*.rm=01;35:*.rmvb=01;35:*.flc=01;35:*.avi=01;35:*.fli=01;35:*.flv=01;35:*.gl=01;35:*.dl=01;35:*.xcf=01;35:*.xwd=01;35:*.yuv=01;35:*.cgm=01;35:*.emf=01;35:*.ogv=01;35:*.ogx=01;35:*.cfg=00;32:*.conf=00;32:*.diff=00;32:*.doc=00;32:*.ini=00;32:*.log=00;32:*.patch=00;32:*.pdf=00;32:*.ps=00;32:*.tex=00;32:*.txt=00;32:*.aac=00;36:*.au=00;36:*.flac=00;36:*.m4a=00;36:*.mid=00;36:*.midi=00;36:*.mka=00;36:*.mp3=00;36:*.mpc=00;36:*.ogg=00;36:*.ra=00;36:*.wav=00;36:*.oga=00;36:*.opus=00;36:*.spx=00;36:*.xspf=00;36:' XDG_CURRENT_DESKTOP=GNOME INFOPATH=/usr/share/info:/usr/share/gcc-data/x86_64-pc-linux-gnu/10.2.0/info:/usr/share/binutils-data/x86_64-pc-linux-gnu/2.45/info:/usr/share/automake-1.16.5/info JAVAC=/etc/java-config-2/current-system-vm/bin/javac TERM=xterm-256color LESSOPEN='|lesspipe %s' USER=jpmurphy CROS_WORKON_SRCROOT=/mnt/host/source MANPAGER=manpager DISPLAY=:1 SHLVL=1 LC_MESSAGES=C EXTERNAL_TRUNK_PATH=/mnt/8f9d649a-3721-44cc-93c0-e6bd21a9689f/chromiumos GCC_SPECS='' PATH=/mnt/host/source/chromite/bin:/usr/local/bin:/usr/bin:/bin:/opt/bin:/mnt/host/source/chromite/sdk/bin:/mnt/host/source/chromite/bin PORTAGE_USERNAME=jpmurphy SUDO_UID=0 GCC_VER=10.2.0 MAIL=/var/mail/jpmurphy OLDPWD=/mnt/host/source/src/scripts traceparent=00-e87aca51550a78635907baa6a2476181-6d684811675d2973-01 _=./zephyr/firmware_builder.py COREBOOT_SDK_ROOT_x86=/home/jpmurphy/.cache/coreboot-sdk/i386-elf/dfbb0486385d938cfa9d73080b9d18d598ed4f49 COREBOOT_SDK_ROOT_picolibc_x86=/home/jpmurphy/.cache/coreboot-sdk/picolibc-i386-elf/eb8e8e687b95461de8cbf278f1c2076952d0ad17 COREBOOT_SDK_ROOT_riscv64=/home/jpmurphy/.cache/coreboot-sdk/riscv64-elf/96b949749225b6aaa92ed810ab769e8dfb12f000 COREBOOT_SDK_ROOT_picolibc_arm=/home/jpmurphy/.cache/coreboot-sdk/picolibc-arm-eabi/422a2aa3e1ef891b5bece9a3deb696ff83840d2e COREBOOT_SDK_ROOT_nds32=/home/jpmurphy/.cache/coreboot-sdk/nds32le-elf/d1a518c4a097666d86058e1444f85ca015d15511 COREBOOT_SDK_ROOT_picolibc_riscv64=/home/jpmurphy/.cache/coreboot-sdk/picolibc-riscv64-elf/f571e990ef0278564b31124f8bb109d9a697eb69 COREBOOT_SDK_ROOT_arm=/home/jpmurphy/.cache/coreboot-sdk/arm-eabi/ea40ddd1d190c3b48435c474c0b545719371813a COREBOOT_SDK_ROOT_libstdcxx_riscv64=/home/jpmurphy/.cache/coreboot-sdk/libstdcxx-riscv64-elf/17abf22a3a252e2d5d2062ced5324f7a623689e0 COREBOOT_SDK_ROOT_libstdcxx_arm=/home/jpmurphy/.cache/coreboot-sdk/libstdcxx-arm-eabi/5d7d82e150e44aa1968f1d366e267e6687b328ac COREBOOT_SDK_ROOT_riscv=/home/jpmurphy/.cache/coreboot-sdk/riscv-elf/9a27b9e82341c6e9126624f516ab3f261abb3e73 COREBOOT_SDK_ROOT_libstdcxx_x86=/home/jpmurphy/.cache/coreboot-sdk/libstdcxx-i386-elf/42ef9d2e87a76a37963175d7d428734e65648b87 PYTHONPATH=/mnt/host/source/src/platform/ec/zephyr/zmake PW_PIGWEED_CIPD_INSTALL_DIR=/usr CROSTC_USER_ACKNOWLEDGES_THAT_RISCV_IS_EXPERIMENTAL=1 MAKEFLAGS=' -j16 --jobserver-auth=5,6' /usr/bin/ninja -C /mnt/host/source/src/platform/ec/build/zephyr/caboc/build-ro all.libraries`
[caboc:ro] ninja: Entering directory `/mnt/host/source/src/platform/ec/build/zephyr/caboc/build-ro'
[rex-ish-ec:ro] [72/428] Building C object zephyr/arch/arch/arm/core/CMakeFiles/arch__arm__core.dir/fatal.c.obj
[rex-ish-ec:ro] [73/428] Building ASM object zephyr/arch/arch/arm/core/CMakeFiles/arch__arm__core.dir/nmi_on_reset.S.obj
[caboc:rw] INFO:root:Version string: Zephyr-Kernel-16543.0.0
[caboc:rw] INFO:root:Writing header to /mnt/host/source/src/platform/ec/build/zephyr/caboc/build-rw/modules/ec/zephyr/include/ec_version.h
[caboc:rw] [5/380] Generating misc/generated/syscalls.json, misc/generated/struct_tags.json
[caboc:rw] [6/380] Generating include/generated/zephyr/syscall_dispatch.c, include/generated/zephyr/syscall_exports_llext.c, syscall_weakdefs_llext.c, include/generated/zephyr/syscall_list.h
[rex-ish-ec:ro] [74/428] Building C object zephyr/arch/arch/arm/core/CMakeFiles/arch__arm__core.dir/nmi.c.obj
[rex-ish-ec:ro] [75/428] Linking C static library zephyr/arch/arch/arm/core/libarch__arm__core.a
[caboc:rw] [7/380] Generating include/generated/zephyr/driver-validation.h
[matsu_it82000:ro] [43/376] Building C object CMakeFiles/app.dir/mnt/host/source/src/platform/ec/build/zephyr/matsu_it82000/modules/ec/common/queue.c.obj
[rex-ish-ec:ro] [76/428] Building ASM object zephyr/arch/arch/arm/core/cortex_m/CMakeFiles/arch__arm__core__cortex_m.dir/fault_s.S.obj
[matsu_it82000:ro] [44/376] Building C object CMakeFiles/app.dir/mnt/host/source/src/platform/ec/build/zephyr/matsu_it82000/modules/ec/common/printf.c.obj
[caboc:ro] [1/380] Generating include/generated/zephyr/version.h
[caboc:ro] -- git describe warned: warning: tag 'upstream/v2.7.99' is externally known as 'v2.7.99'
[caboc:ro] -- Zephyr version: 4.3.99 (/mnt/host/source/src/third_party/zephyr/main)
[caboc:ro] [2/380] Preparing syscall dependency handling
[matsu_it82000:ro] [45/376] Building C object CMakeFiles/app.dir/mnt/host/source/src/platform/ec/build/zephyr/matsu_it82000/modules/ec/common/uart_printf.c.obj
[/mnt/host/source/src/platform/ec/build/zephyr/quartz-lcov]   /mnt/host/source/src/platform/ec/build/zephyr/quartz/build-rw/zephyr/CMakeFiles/zephyr.dir/lib/utils/last_section_id.c.gcno:no functions found
[/mnt/host/source/src/platform/ec/build/zephyr/quartz-lcov] stderr:
[caboc:ro] [3/380] Generating misc/generated/syscalls_subdirs.trigger
[/mnt/host/source/src/platform/ec/build/zephyr/kanix-lcov]   /mnt/host/source/src/platform/ec/build/zephyr/kanix/build-rw/zephyr/CMakeFiles/zephyr.dir/lib/utils/last_section_id.c.gcno:no functions found
[matsu_it82000:ro] [46/376] Building C object CMakeFiles/app.dir/mnt/host/source/src/platform/ec/build/zephyr/matsu_it82000/modules/ec/common/system_boot_time.c.obj
[caboc:rw] [8/380] Generating include/generated/zephyr/kobj-types-enum.h, include/generated/zephyr/otype-to-str.h, include/generated/zephyr/otype-to-size.h
[/mnt/host/source/src/platform/ec/build/zephyr/kanix-lcov] stderr:
[caboc:rw] [9/380] Generating include/generated/device-api-sections.ld, include/generated/device-api-sections.cmake
[rex-ish-ec:ro] [77/428] Building C object zephyr/arch/arch/arm/core/cortex_m/CMakeFiles/arch__arm__core__cortex_m.dir/exc_exit.c.obj
[matsu_it82000:ro] [47/376] Building C object CMakeFiles/app.dir/mnt/host/source/src/platform/ec/build/zephyr/matsu_it82000/modules/ec/common/util.c.obj
[rex-ish-ec:ro] [78/428] Building C object zephyr/arch/arch/arm/core/cortex_m/CMakeFiles/arch__arm__core__cortex_m.dir/fault.c.obj
[matsu_it82000:ro] [48/376] Building C object CMakeFiles/app.dir/mnt/host/source/src/platform/ec/build/zephyr/matsu_it82000/modules/ec/common/system.c.obj
[nivviks:ro] -- Board: npcx9, qualifiers: npcx9m3f
[rex-ish-ec:ro] [79/428] Building C object zephyr/arch/arch/arm/core/cortex_m/CMakeFiles/arch__arm__core__cortex_m.dir/fpu.c.obj
[matsu_it82000:ro] [49/376] Building C object CMakeFiles/app.dir/mnt/host/source/src/platform/ec/build/zephyr/matsu_it82000/modules/ec/common/version.c.obj
[matsu_it82000:ro] [50/376] Building C object CMakeFiles/app.dir/mnt/host/source/src/platform/ec/build/zephyr/matsu_it82000/modules/ec/common/power_button_x86.c.obj
[caboc:rw] [10/380] Building C object zephyr/CMakeFiles/offsets.dir/arch/riscv/core/offsets/offsets.c.obj
[matsu_it82000:ro] [51/376] Building C object CMakeFiles/app.dir/mnt/host/source/src/platform/ec/build/zephyr/matsu_it82000/modules/ec/common/adc.c.obj
[caboc:ro] [4/380] Generating misc/generated/syscalls.json, misc/generated/struct_tags.json
[rex-ish-ec:ro] [80/428] Building ASM object zephyr/arch/arch/arm/core/cortex_m/CMakeFiles/arch__arm__core__cortex_m.dir/reset.S.obj
[caboc:rw] [11/380] Generating include/generated/zephyr/offsets.h
[caboc:ro] [5/380] Generating include/generated/zephyr/syscall_dispatch.c, include/generated/zephyr/syscall_exports_llext.c, syscall_weakdefs_llext.c, include/generated/zephyr/syscall_list.h
[matsu_it82000:ro] [52/376] Building C object CMakeFiles/app.dir/mnt/host/source/src/platform/ec/build/zephyr/matsu_it82000/modules/ec/common/acpi.c.obj
[matsu_it82000:ro] [53/376] Building C object CMakeFiles/app.dir/mnt/host/source/src/platform/ec/build/zephyr/matsu_it82000/modules/ec/common/backlight_lid.c.obj
[rex-ish-ec:ro] [81/428] Building C object zephyr/arch/arch/arm/core/cortex_m/CMakeFiles/arch__arm__core__cortex_m.dir/scb.c.obj
[caboc:ro] [6/380] Generating include/generated/zephyr/driver-validation.h
[rex-ish-ec:ro] [82/428] Building ASM object zephyr/arch/arch/arm/core/cortex_m/CMakeFiles/arch__arm__core__cortex_m.dir/vector_table.S.obj
[matsu_it82000:ro] [54/376] Building C object CMakeFiles/app.dir/mnt/host/source/src/platform/ec/build/zephyr/matsu_it82000/modules/ec/common/battery.c.obj
[caboc:ro] [7/380] Generating include/generated/zephyr/kobj-types-enum.h, include/generated/zephyr/otype-to-str.h, include/generated/zephyr/otype-to-size.h
[caboc:ro] [8/380] Generating include/generated/device-api-sections.ld, include/generated/device-api-sections.cmake
[rex-ish-ec:ro] [83/428] Building C object zephyr/arch/arch/arm/core/cortex_m/CMakeFiles/arch__arm__core__cortex_m.dir/thread_abort.c.obj
[matsu_it82000:ro] [55/376] Building C object CMakeFiles/app.dir/mnt/host/source/src/platform/ec/build/zephyr/matsu_it82000/modules/ec/common/battery_fuel_gauge.c.obj
[caboc:rw] [12/380] Building C object CMakeFiles/app.dir/mnt/host/source/src/platform/ec/zephyr/subsys/ap_pwrseq/ap_events.c.obj
[matsu_it82000:ro] [56/376] Building C object CMakeFiles/app.dir/mnt/host/source/src/platform/ec/build/zephyr/matsu_it82000/modules/ec/common/battery_info.c.obj
[matsu_it82000:ro] [57/376] Building C object CMakeFiles/app.dir/mnt/host/source/src/platform/ec/build/zephyr/matsu_it82000/modules/ec/driver/battery/smart.c.obj
[rex-ish-ec:ro] [84/428] Building ASM object zephyr/arch/arch/arm/core/cortex_m/CMakeFiles/arch__arm__core__cortex_m.dir/swap_helper.S.obj
[matsu_it82000:ro] [58/376] Building C object CMakeFiles/app.dir/mnt/host/source/src/platform/ec/build/zephyr/matsu_it82000/modules/ec/driver/charger/isl9241.c.obj
[rex-ish-ec:ro] [85/428] Building C object zephyr/arch/arch/arm/core/cortex_m/CMakeFiles/arch__arm__core__cortex_m.dir/irq_manage.c.obj
[matsu_it82000:ro] [59/376] Building C object CMakeFiles/app.dir/mnt/host/source/src/platform/ec/build/zephyr/matsu_it82000/modules/ec/common/charger.c.obj
[caboc:ro] [9/380] Building C object zephyr/CMakeFiles/offsets.dir/arch/riscv/core/offsets/offsets.c.obj
[nivviks:ro] -- Found Dtc: /usr/bin/dtc (found suitable version "1.6.0", minimum required is "1.4.6")
[nivviks:ro] -- Found BOARD.dts: /mnt/host/source/src/platform/ec/zephyr/boards/google/npcx9/npcx9_npcx9m3f.dts
[nivviks:ro] -- Found devicetree overlay: /mnt/host/source/src/platform/ec/zephyr/program/nissa/nivviks/project.overlay
[rex-ish-ec:ro] [86/428] Building C object zephyr/arch/arch/arm/core/cortex_m/CMakeFiles/arch__arm__core__cortex_m.dir/prep_c.c.obj
[caboc:ro] [10/380] Generating include/generated/zephyr/offsets.h
[matsu_it82000:ro] [60/376] Building C object CMakeFiles/app.dir/mnt/host/source/src/platform/ec/build/zephyr/matsu_it82000/modules/ec/common/cbi_common.c.obj
[matsu_it82000:ro] [61/376] Building C object CMakeFiles/app.dir/mnt/host/source/src/platform/ec/build/zephyr/matsu_it82000/modules/ec/common/charge_state.c.obj
[caboc:rw] [13/380] Building C object CMakeFiles/app.dir/mnt/host/source/src/platform/ec/zephyr/subsys/ap_pwrseq/ap_power_interface.c.obj
[rex-ish-ec:ro] [87/428] Building C object zephyr/arch/arch/arm/core/cortex_m/CMakeFiles/arch__arm__core__cortex_m.dir/thread.c.obj
[matsu_it82000:ro] [62/376] Building C object CMakeFiles/app.dir/mnt/host/source/src/platform/ec/build/zephyr/matsu_it82000/modules/ec/common/cbi_config.c.obj
[matsu_it82000:ro] [63/376] Building C object CMakeFiles/app.dir/mnt/host/source/src/platform/ec/build/zephyr/matsu_it82000/modules/ec/common/cbi.c.obj
[rex-ish-ec:ro] [88/428] Building C object zephyr/arch/arch/arm/core/cortex_m/CMakeFiles/arch__arm__core__cortex_m.dir/cpu_idle.c.obj
[matsu_it82000:ro] [64/376] Building C object CMakeFiles/app.dir/mnt/host/source/src/platform/ec/build/zephyr/matsu_it82000/modules/ec/common/charge_manager.c.obj
[matsu_it82000:ro] [65/376] Building C object CMakeFiles/app.dir/mnt/host/source/src/platform/ec/build/zephyr/matsu_it82000/modules/ec/common/memory_commands.c.obj
[caboc:ro] [11/380] Building C object zephyr/CMakeFiles/zephyr.dir/lib/libc/validate_libc.c.obj
[rex-ish-ec:ro] [89/428] Building C object zephyr/arch/arch/arm/core/cortex_m/CMakeFiles/arch__arm__core__cortex_m.dir/irq_init.c.obj
[matsu_it82000:ro] [66/376] Building C object CMakeFiles/app.dir/mnt/host/source/src/platform/ec/build/zephyr/matsu_it82000/modules/ec/common/dptf.c.obj
[caboc:rw] [14/380] Building C object CMakeFiles/app.dir/mnt/host/source/src/platform/ec/zephyr/subsys/ap_pwrseq/power_signals.c.obj
[rex-ish-ec:ro] [90/428] Building C object zephyr/arch/arch/arm/core/cortex_m/CMakeFiles/arch__arm__core__cortex_m.dir/isr_wrapper.c.obj
[matsu_it82000:ro] [67/376] Building C object CMakeFiles/app.dir/mnt/host/source/src/platform/ec/build/zephyr/matsu_it82000/modules/ec/common/ap_reset_log.c.obj
[rex-ish-ec:ro] [91/428] Linking C static library zephyr/arch/arch/arm/core/cortex_m/libarch__arm__core__cortex_m.a
[rex-ish-ec:ro] [92/428] Building C object zephyr/arch/arch/arm/core/mpu/CMakeFiles/arch__arm__core__mpu.dir/arm_core_mpu.c.obj
[matsu_it82000:ro] [68/376] Building C object CMakeFiles/app.dir/mnt/host/source/src/platform/ec/build/zephyr/matsu_it82000/modules/ec/common/espi.c.obj
[rex-ish-ec:ro] [93/428] Generating ../../../include/generated/libc/minimal/strerror_table.h
[matsu_it82000:ro] [69/376] Building C object CMakeFiles/app.dir/mnt/host/source/src/platform/ec/build/zephyr/matsu_it82000/modules/ec/common/extpower_common.c.obj
[matsu_it82000:ro] [70/376] Building C object CMakeFiles/app.dir/mnt/host/source/src/platform/ec/build/zephyr/matsu_it82000/modules/ec/common/extpower_gpio.c.obj
[rex-ish-ec:ro] [94/428] Building C object zephyr/lib/libc/minimal/CMakeFiles/lib__libc__minimal.dir/source/stdlib/atoi.c.obj
[caboc:ro] [12/380] Building C object zephyr/CMakeFiles/zephyr.dir/lib/heap/heap.c.obj
[matsu_it82000:ro] [71/376] Building C object CMakeFiles/app.dir/mnt/host/source/src/platform/ec/build/zephyr/matsu_it82000/modules/ec/common/fan.c.obj
[rex-ish-ec:ro] [95/428] Building C object zephyr/lib/libc/minimal/CMakeFiles/lib__libc__minimal.dir/source/stdlib/strtol.c.obj
[rex-ish-ec:ro] [96/428] Building C object zephyr/arch/arch/arm/core/mpu/CMakeFiles/arch__arm__core__mpu.dir/arm_mpu.c.obj
[rex-ish-ec:ro] [97/428] Building C object zephyr/lib/libc/minimal/CMakeFiles/lib__libc__minimal.dir/source/stdlib/strtoll.c.obj
[rex-ish-ec:ro] [98/428] Building C object zephyr/lib/libc/minimal/CMakeFiles/lib__libc__minimal.dir/source/stdlib/strtoul.c.obj
[rex-ish-ec:ro] [99/428] Building C object zephyr/arch/arch/arm/core/mpu/CMakeFiles/arch__arm__core__mpu.dir/arm_mpu_regions.c.obj
[rex-ish-ec:ro] [100/428] Linking C static library zephyr/arch/arch/arm/core/mpu/libarch__arm__core__mpu.a
[rex-ish-ec:ro] [101/428] Building C object zephyr/lib/libc/minimal/CMakeFiles/lib__libc__minimal.dir/source/stdlib/bsearch.c.obj
[caboc:rw] [15/380] Building C object CMakeFiles/app.dir/mnt/host/source/src/platform/ec/zephyr/subsys/ap_pwrseq/signal_gpio.c.obj
[rex-ish-ec:ro] [102/428] Building C object zephyr/lib/libc/minimal/CMakeFiles/lib__libc__minimal.dir/source/stdlib/strtoull.c.obj
[matsu_it82000:ro] [72/376] Building C object CMakeFiles/app.dir/mnt/host/source/src/platform/ec/build/zephyr/matsu_it82000/modules/ec/common/flash.c.obj
[matsu_it82000:ro] [73/376] Building C object CMakeFiles/app.dir/mnt/host/source/src/platform/ec/build/zephyr/matsu_it82000/modules/ec/common/host_command.c.obj
[nivviks:ro] -- Generated zephyr.dts: /mnt/host/source/src/platform/ec/build/zephyr/nivviks/build-ro/zephyr/zephyr.dts
[matsu_it82000:ro] [74/376] Building C object CMakeFiles/app.dir/mnt/host/source/src/platform/ec/build/zephyr/matsu_it82000/modules/ec/common/uart_hostcmd.c.obj
[rex-ish-ec:ro] [103/428] Building C object zephyr/lib/libc/minimal/CMakeFiles/lib__libc__minimal.dir/source/string/strerror.c.obj
[matsu_it82000:ro] [75/376] Building C object CMakeFiles/app.dir/mnt/host/source/src/platform/ec/build/zephyr/matsu_it82000/modules/ec/common/host_command_task.c.obj
[rex-ish-ec:ro] [104/428] Building C object zephyr/lib/libc/minimal/CMakeFiles/lib__libc__minimal.dir/source/stdlib/qsort.c.obj
[matsu_it82000:ro] [76/376] Building C object CMakeFiles/app.dir/mnt/host/source/src/platform/ec/build/zephyr/matsu_it82000/modules/ec/common/host_event_commands.c.obj
[caboc:ro] [13/380] Building C object zephyr/CMakeFiles/zephyr.dir/lib/os/cbprintf_packaged.c.obj
[rex-ish-ec:ro] [105/428] Building C object zephyr/lib/libc/minimal/CMakeFiles/lib__libc__minimal.dir/source/string/strncasecmp.c.obj
[rex-ish-ec:ro] [106/428] Building C object zephyr/lib/libc/minimal/CMakeFiles/lib__libc__minimal.dir/source/string/strstr.c.obj
[matsu_it82000:ro] [77/376] Building C object CMakeFiles/app.dir/mnt/host/source/src/platform/ec/build/zephyr/matsu_it82000/modules/ec/common/uptime.c.obj
[rex-ish-ec:ro] [107/428] Building C object zephyr/lib/libc/minimal/CMakeFiles/lib__libc__minimal.dir/source/string/strspn.c.obj
[rex-ish-ec:ro] [108/428] Building C object zephyr/lib/libc/minimal/CMakeFiles/lib__libc__minimal.dir/source/string/string.c.obj
[nivviks:ro] -- Generated pickled edt: /mnt/host/source/src/platform/ec/build/zephyr/nivviks/build-ro/zephyr/edt.pickle
[nivviks:ro] -- Generated devicetree_generated.h: /mnt/host/source/src/platform/ec/build/zephyr/nivviks/build-ro/zephyr/include/generated/zephyr/devicetree_generated.h
[rex-ish-ec:ro] [109/428] Building C object zephyr/lib/libc/minimal/CMakeFiles/lib__libc__minimal.dir/source/stdlib/exit.c.obj
[caboc:rw] [16/380] Building C object CMakeFiles/app.dir/mnt/host/source/src/platform/ec/zephyr/subsys/ap_pwrseq/signal_vw.c.obj
[matsu_it82000:ro] [78/376] Building C object CMakeFiles/app.dir/mnt/host/source/src/platform/ec/build/zephyr/matsu_it82000/modules/ec/common/i2c_passthru.c.obj
[matsu_it82000:ro] [79/376] Building C object CMakeFiles/app.dir/mnt/host/source/src/platform/ec/build/zephyr/matsu_it82000/modules/ec/common/mkbp_fifo.c.obj
[matsu_it82000:ro] [80/376] Building C object CMakeFiles/app.dir/mnt/host/source/src/platform/ec/build/zephyr/matsu_it82000/modules/ec/common/keyboard_8042_sharedlib.c.obj
[caboc:ro] [14/380] Building C object zephyr/CMakeFiles/zephyr.dir/lib/os/clock.c.obj
[matsu_it82000:ro] [81/376] Building C object CMakeFiles/app.dir/mnt/host/source/src/platform/ec/build/zephyr/matsu_it82000/modules/ec/common/i2c_controller.c.obj
[rex-ish-ec:ro] [110/428] Building C object zephyr/lib/libc/minimal/CMakeFiles/lib__libc__minimal.dir/source/stdout/sprintf.c.obj
[matsu_it82000:ro] [82/376] Building C object CMakeFiles/app.dir/mnt/host/source/src/platform/ec/build/zephyr/matsu_it82000/modules/ec/common/keyboard_8042.c.obj
[rex-ish-ec:ro] [111/428] Building C object zephyr/lib/libc/minimal/CMakeFiles/lib__libc__minimal.dir/source/stdout/stdout_console.c.obj
[rex-ish-ec:ro] [112/428] Building C object zephyr/lib/libc/minimal/CMakeFiles/lib__libc__minimal.dir/source/stdout/fprintf.c.obj
[matsu_it82000:ro] [83/376] Building C object CMakeFiles/app.dir/mnt/host/source/src/platform/ec/build/zephyr/matsu_it82000/modules/ec/common/mkbp_info.c.obj
[rex-ish-ec:ro] [113/428] Building C object zephyr/lib/libc/minimal/CMakeFiles/lib__libc__minimal.dir/source/math/sqrtf.c.obj
[rex-ish-ec:ro] [114/428] Building C object zephyr/lib/libc/minimal/CMakeFiles/lib__libc__minimal.dir/source/math/sqrt.c.obj
[caboc:rw] [17/380] Building C object CMakeFiles/app.dir/mnt/host/source/src/platform/ec/zephyr/subsys/ap_pwrseq/power_host_sleep.c.obj
[matsu_it82000:ro] [84/376] Building C object CMakeFiles/app.dir/mnt/host/source/src/platform/ec/build/zephyr/matsu_it82000/modules/ec/common/mkbp_input_devices.c.obj
[nivviks:ro] /mnt/host/source/src/platform/ec/build/zephyr/nivviks/build-ro/zephyr/zephyr.dts:4755.9-4762.5: Warning (gpios_property): /fans/fan_0: Missing property '#gpio-cells' in node /named-gpios/fan-enable or bad phandle (referred from enable-gpio[0])
[caboc:ro] [15/380] Building C object zephyr/CMakeFiles/zephyr.dir/lib/os/printk.c.obj
[matsu_it82000:ro] [85/376] Building C object CMakeFiles/app.dir/mnt/host/source/src/platform/ec/build/zephyr/matsu_it82000/modules/ec/common/keyboard_backlight.c.obj
[rex-ish-ec:ro] [115/428] Building C object zephyr/lib/libc/common/CMakeFiles/lib__libc__common.dir/source/time/asctime.c.obj
[matsu_it82000:ro] [86/376] Building C object CMakeFiles/app.dir/mnt/host/source/src/platform/ec/build/zephyr/matsu_it82000/modules/ec/common/led_common.c.obj
[rex-ish-ec:ro] [116/428] Building C object zephyr/lib/libc/common/CMakeFiles/lib__libc__common.dir/source/time/gmtime_r.c.obj
[matsu_it82000:ro] [87/376] Building C object CMakeFiles/app.dir/mnt/host/source/src/platform/ec/build/zephyr/matsu_it82000/modules/ec/common/lid_switch.c.obj
[matsu_it82000:ro] [88/376] Building C object CMakeFiles/app.dir/mnt/host/source/src/platform/ec/build/zephyr/matsu_it82000/modules/ec/common/mkbp_event.c.obj
[rex-ish-ec:ro] [117/428] Building C object zephyr/lib/libc/minimal/CMakeFiles/lib__libc__minimal.dir/source/time/gmtime.c.obj
[rex-ish-ec:ro] [118/428] Building C object zephyr/lib/libc/common/CMakeFiles/lib__libc__common.dir/source/stdlib/abort.c.obj
[matsu_it82000:ro] [89/376] Building C object CMakeFiles/app.dir/mnt/host/source/src/platform/ec/build/zephyr/matsu_it82000/modules/ec/common/port80.c.obj
[rex-ish-ec:ro] [119/428] Building C object zephyr/lib/libc/common/CMakeFiles/lib__libc__common.dir/source/time/localtime_r_utc.c.obj
[rex-ish-ec:ro] [120/428] Linking C static library zephyr/lib/libc/minimal/liblib__libc__minimal.a
[rex-ish-ec:ro] [121/428] Building C object zephyr/lib/libc/common/CMakeFiles/lib__libc__common.dir/source/time/ctime.c.obj
[caboc:ro] [16/380] Building C object zephyr/CMakeFiles/zephyr.dir/lib/os/sem.c.obj
[rex-ish-ec:ro] [122/428] Building C object zephyr/lib/libc/common/CMakeFiles/lib__libc__common.dir/source/string/strnlen.c.obj
[rex-ish-ec:ro] [123/428] Building C object zephyr/lib/libc/common/CMakeFiles/lib__libc__common.dir/source/time/time.c.obj
[matsu_it82000:ro] [90/376] Building C object CMakeFiles/app.dir/mnt/host/source/src/platform/ec/build/zephyr/matsu_it82000/modules/ec/power/hibernate.c.obj
[matsu_it82000:ro] [91/376] Building C object CMakeFiles/app.dir/mnt/host/source/src/platform/ec/build/zephyr/matsu_it82000/modules/ec/common/power_button.c.obj
[caboc:rw] [18/380] Building C object CMakeFiles/app.dir/mnt/host/source/src/platform/ec/zephyr/subsys/ap_pwrseq/x86_non_dsx_common_pwrseq_sm_handler.c.obj
[matsu_it82000:ro] [92/376] Building C object CMakeFiles/app.dir/mnt/host/source/src/platform/ec/build/zephyr/matsu_it82000/modules/ec/common/panic_output.c.obj
[rex-ish-ec:ro] [124/428] Building C object zephyr/lib/posix/c_lib_ext/CMakeFiles/lib__posix__c_lib_ext.dir/fnmatch.c.obj
[matsu_it82000:ro] [93/376] Building C object CMakeFiles/app.dir/mnt/host/source/src/platform/ec/build/zephyr/matsu_it82000/modules/ec/common/shared_mem.c.obj
[matsu_it82000:ro] [94/376] Building C object CMakeFiles/app.dir/mnt/host/source/src/platform/ec/build/zephyr/matsu_it82000/modules/ec/common/switch.c.obj
[/mnt/host/source/src/platform/ec/build/zephyr/rex-ish-lcov]   /mnt/host/source/src/platform/ec/build/zephyr/rex-ish/build-singleimage/zephyr/CMakeFiles/zephyr.dir/lib/libc/validate_libc.c.gcno:no functions found
[/mnt/host/source/src/platform/ec/build/zephyr/rex-ish-lcov] stderr:
[matsu_it82000:ro] [95/376] Building C object CMakeFiles/app.dir/mnt/host/source/src/platform/ec/build/zephyr/matsu_it82000/modules/ec/common/thermal.c.obj
[rex-ish-ec:ro] [125/428] Building C object zephyr/lib/libc/common/CMakeFiles/lib__libc__common.dir/source/stdlib/malloc.c.obj
[caboc:ro] [17/380] Building C object zephyr/CMakeFiles/zephyr.dir/lib/os/thread_entry.c.obj
[rex-ish-ec:ro] [126/428] Linking C static library zephyr/lib/libc/common/liblib__libc__common.a
[rex-ish-ec:ro] [127/428] Building C object zephyr/subsys/crc/CMakeFiles/subsys__crc.dir/crc4_sw.c.obj
[rex-ish-ec:ro] [128/428] Building C object zephyr/lib/posix/c_lib_ext/CMakeFiles/lib__posix__c_lib_ext.dir/getentropy.c.obj
[matsu_it82000:ro] [96/376] Building C object CMakeFiles/app.dir/mnt/host/source/src/platform/ec/build/zephyr/matsu_it82000/modules/ec/common/temp_sensor.c.obj
[rex-ish-ec:ro] [129/428] Building C object zephyr/subsys/crc/CMakeFiles/subsys__crc.dir/crc8_sw.c.obj
[rex-ish-ec:ro] [130/428] Building C object zephyr/subsys/crc/CMakeFiles/subsys__crc.dir/crc16_sw.c.obj
[rex-ish-ec:ro] [131/428] Building C object zephyr/lib/posix/c_lib_ext/CMakeFiles/lib__posix__c_lib_ext.dir/getopt_shim.c.obj
[caboc:rw] [19/380] Building C object CMakeFiles/app.dir/mnt/host/source/src/platform/ec/zephyr/subsys/ap_pwrseq/x86_non_dsx_chipset_power_state.c.obj
[matsu_it82000:ro] [97/376] Building C object CMakeFiles/app.dir/mnt/host/source/src/platform/ec/build/zephyr/matsu_it82000/modules/ec/driver/temp_sensor/thermistor.c.obj
[rex-ish-ec:ro] [132/428] Linking C static library zephyr/lib/posix/c_lib_ext/liblib__posix__c_lib_ext.a
[matsu_it82000:ro] [98/376] Building C object CMakeFiles/app.dir/mnt/host/source/src/platform/ec/build/zephyr/matsu_it82000/modules/ec/common/usb_port_power_dumb.c.obj
[rex-ish-ec:ro] [133/428] Building C object zephyr/subsys/crc/CMakeFiles/subsys__crc.dir/crc7_sw.c.obj
[rex-ish-ec:ro] [134/428] Building C object zephyr/subsys/crc/CMakeFiles/subsys__crc.dir/crc24_sw.c.obj
[caboc:ro] [18/380] Building C object zephyr/CMakeFiles/zephyr.dir/lib/os/cbprintf_nano.c.obj
[matsu_it82000:ro] [99/376] Building C object CMakeFiles/app.dir/mnt/host/source/src/platform/ec/build/zephyr/matsu_it82000/modules/ec/common/timer.c.obj
[rex-ish-ec:ro] [135/428] Building C object zephyr/subsys/crc/CMakeFiles/subsys__crc.dir/crc32c_sw.c.obj
[matsu_it82000:ro] [100/376] Building C object CMakeFiles/app.dir/mnt/host/source/src/platform/ec/build/zephyr/matsu_it82000/modules/ec/common/usbc_utils.c.obj
[rex-ish-ec:ro] [136/428] Building C object zephyr/subsys/crc/CMakeFiles/subsys__crc.dir/crc32k_4_2_sw.c.obj
[rex-ish-ec:ro] [137/428] Building C object zephyr/subsys/crc/CMakeFiles/subsys__crc.dir/crc32_sw.c.obj
[rex-ish-ec:ro] [138/428] Linking C static library zephyr/subsys/crc/libsubsys__crc.a
[matsu_it82000:ro] [101/376] Building C object CMakeFiles/app.dir/mnt/host/source/src/platform/ec/build/zephyr/matsu_it82000/modules/ec/common/usb_common.c.obj
[/mnt/host/source/src/platform/ec/build/zephyr/kanix-lcov]   /mnt/host/source/src/platform/ec/build/zephyr/kanix/build-rw/zephyr/CMakeFiles/zephyr.dir/soc/nuvoton/npcx/common/npcxn/registers.c.gcno:no functions found
[/mnt/host/source/src/platform/ec/build/zephyr/kanix-lcov] stderr:
[caboc:ro] [19/380] Building C object zephyr/CMakeFiles/zephyr.dir/lib/os/cbprintf.c.obj
[matsu_it82000:ro] [102/376] Building C object CMakeFiles/app.dir/mnt/host/source/src/platform/ec/build/zephyr/matsu_it82000/modules/ec/common/usb_pd_host_cmd_common.c.obj
[nivviks:ro] warning: Deprecated symbol I2C_ALLOW_NO_STOP_TRANSACTIONS is enabled.
[caboc:rw] [20/380] Building C object CMakeFiles/app.dir/mnt/host/source/src/platform/ec/zephyr/subsys/ap_pwrseq/x86_non_dsx_common_pwrseq_host_sleep.c.obj
[/mnt/host/source/src/platform/ec/build/zephyr/quartz-lcov]   /mnt/host/source/src/platform/ec/build/zephyr/quartz/build-rw/zephyr/CMakeFiles/zephyr.dir/soc/nuvoton/npcx/common/npcxn/registers.c.gcno:no functions found
[/mnt/host/source/src/platform/ec/build/zephyr/quartz-lcov] stderr:
[matsu_it82000:ro] [103/376] Building C object CMakeFiles/app.dir/mnt/host/source/src/platform/ec/build/zephyr/matsu_it82000/modules/ec/common/button.c.obj
[matsu_it82000:ro] [104/376] Building C object CMakeFiles/app.dir/mnt/host/source/src/platform/ec/build/zephyr/matsu_it82000/modules/ec/common/vboot_hash.c.obj
[rex-ish-ec:ro] [139/428] Building C object zephyr/drivers/interrupt_controller/CMakeFiles/drivers__interrupt_controller.dir/intc_miwu.c.obj
[rex-ish-ec:ro] [140/428] Building C object zephyr/drivers/adc/CMakeFiles/drivers__adc.dir/adc_common.c.obj
[matsu_it82000:ro] [105/376] Building C object CMakeFiles/app.dir/mnt/host/source/src/platform/ec/build/zephyr/matsu_it82000/modules/ec/common/vboot/efs2.c.obj
[matsu_it82000:ro] [106/376] Building C object CMakeFiles/app.dir/mnt/host/source/src/platform/ec/build/zephyr/matsu_it82000/modules/ec/common/vstore.c.obj
[rex-ish-ec:ro] [141/428] Linking C static library zephyr/drivers/interrupt_controller/libdrivers__interrupt_controller.a
[matsu_it82000:ro] [107/376] Building C object CMakeFiles/app.dir/mnt/host/source/src/platform/ec/build/zephyr/matsu_it82000/modules/ec/common/math_util.c.obj
[rex-ish-ec:ro] [142/428] Building C object zephyr/drivers/adc/CMakeFiles/drivers__adc.dir/adc_npcx.c.obj
[/mnt/host/source/src/platform/ec/build/zephyr/rex-ish-lcov]   /mnt/host/source/src/platform/ec/build/zephyr/rex-ish/build-singleimage/zephyr/drivers/syscon/CMakeFiles/drivers__syscon.dir/mnt/host/source/src/third_party/zephyr/main/misc/empty_file.c.gcno:no functions found
[/mnt/host/source/src/platform/ec/build/zephyr/rex-ish-lcov] Filter suppressions 'region':
[rex-ish-ec:ro] [143/428] Linking C static library zephyr/drivers/adc/libdrivers__adc.a
[nivviks:ro] Parsing /mnt/host/source/src/platform/ec/zephyr/program/nissa/Kconfig
[caboc:ro] [20/380] Building C object zephyr/CMakeFiles/zephyr.dir/lib/os/assert.c.obj
[/mnt/host/source/src/platform/ec/build/zephyr/rex-ish-lcov]     19 instances
[/mnt/host/source/src/platform/ec/build/zephyr/rex-ish-lcov]     6 coverpoints
[/mnt/host/source/src/platform/ec/build/zephyr/rex-ish-lcov] Message summary:
[/mnt/host/source/src/platform/ec/build/zephyr/rex-ish-lcov]   1 warning message:
[/mnt/host/source/src/platform/ec/build/zephyr/rex-ish-lcov]     format: 1
[/mnt/host/source/src/platform/ec/build/zephyr/rex-ish-lcov]   5 ignore messages:
[/mnt/host/source/src/platform/ec/build/zephyr/rex-ish-lcov]     gcov: 5
[caboc:rw] [21/380] Building C object CMakeFiles/app.dir/mnt/host/source/src/platform/ec/zephyr/subsys/ap_pwrseq/x86_non_dsx_common_pwrseq_console.c.obj
[caboc:ro] [21/380] Building C object zephyr/CMakeFiles/zephyr.dir/lib/utils/dec.c.obj
[matsu_it82000:ro] [108/376] Building C object CMakeFiles/app.dir/matsu/src/board_power.c.obj
[matsu_it82000:ro] [109/376] Building C object zephyr/CMakeFiles/zephyr.dir/lib/libc/validate_libc.c.obj
[matsu_it82000:ro] [110/376] Building C object CMakeFiles/app.dir/matsu/src/suspend_resume.c.obj
[rex-ish-ec:ro] [144/428] Building C object zephyr/drivers/bbram/CMakeFiles/drivers__bbram.dir/bbram_npcx.c.obj
[matsu_it82000:ro] [111/376] Building C object CMakeFiles/app.dir/matsu/src/touch_panel.c.obj
[/mnt/host/source/src/platform/ec/build/zephyr/veluza-lcov]   /mnt/host/source/src/platform/ec/build/zephyr/veluza/build-rw/zephyr/CMakeFiles/zephyr.dir/soc/ite/ec/it8xxx2/check_regs.c.gcno:no functions found
[/mnt/host/source/src/platform/ec/build/zephyr/veluza-lcov] Filter suppressions 'region':
[matsu_it82000:ro] [112/376] Building C object CMakeFiles/app.dir/matsu/src/keyboard_customization.c.obj
[rex-ish-ec:ro] [145/428] Linking C static library zephyr/drivers/bbram/libdrivers__bbram.a
[rex-ish-ec:ro] [146/428] Building C object zephyr/drivers/clock_control/CMakeFiles/drivers__clock_control.dir/clock_control_npcx.c.obj
[/mnt/host/source/src/platform/ec/build/zephyr/veluza-lcov]     35 instances
[/mnt/host/source/src/platform/ec/build/zephyr/veluza-lcov]     22 coverpoints
[/mnt/host/source/src/platform/ec/build/zephyr/veluza-lcov] Message summary:
[/mnt/host/source/src/platform/ec/build/zephyr/veluza-lcov]   31 ignore messages:
[/mnt/host/source/src/platform/ec/build/zephyr/veluza-lcov]     gcov: 31
[rex-ish-ec:ro] [147/428] Linking C static library zephyr/drivers/clock_control/libdrivers__clock_control.a
[caboc:ro] [22/380] Building C object zephyr/CMakeFiles/zephyr.dir/lib/utils/hex.c.obj
[matsu_it82000:ro] [113/376] Linking C static library app/libapp.a
[matsu_it82000:ro] [114/376] Building C object zephyr/CMakeFiles/zephyr.dir/lib/heap/heap.c.obj
[rex-ish-ec:ro] [148/428] Building C object zephyr/drivers/console/CMakeFiles/drivers__console.dir/uart_console.c.obj
[rex-ish-ec:ro] [149/428] Linking C static library zephyr/drivers/console/libdrivers__console.a
[rex-ish-ec:ro] [150/428] Building C object zephyr/drivers/crypto/CMakeFiles/drivers__crypto.dir/crypto_npcx_sha.c.obj
[rex-ish-ec:ro] [151/428] Linking C static library zephyr/drivers/crypto/libdrivers__crypto.a
[nivviks:ro] Loaded configuration '/mnt/host/source/src/platform/ec/zephyr/boards/google/npcx9/npcx9_npcx9m3f_defconfig'
[nivviks:ro] Merged configuration '/mnt/host/source/src/platform/ec/zephyr/program/nissa/program.conf'
[nivviks:ro] Merged configuration '/mnt/host/source/src/platform/ec/zephyr/program/nissa/npcx_program.conf'
[nivviks:ro] Merged configuration '/mnt/host/source/src/platform/ec/zephyr/program/nissa/nivviks/project.conf'
[nivviks:ro] Merged configuration '/mnt/host/source/src/platform/ec/build/zephyr/nivviks/kconfig-ro.conf'
[nivviks:ro] Configuration saved to '/mnt/host/source/src/platform/ec/build/zephyr/nivviks/build-ro/zephyr/.config'
[nivviks:ro] Kconfig header saved to '/mnt/host/source/src/platform/ec/build/zephyr/nivviks/build-ro/zephyr/include/generated/zephyr/autoconf.h'
[nivviks:ro] -- Found GnuLd: /home/jpmurphy/.cache/coreboot-sdk/arm-eabi/ea40ddd1d190c3b48435c474c0b545719371813a/arm-eabi/bin/ld.bfd (found version "2.43.1")
[matsu_it82000:ro] [115/376] Building C object zephyr/CMakeFiles/zephyr.dir/lib/os/printk.c.obj
[matsu_it82000:ro] [116/376] Building C object zephyr/CMakeFiles/zephyr.dir/lib/os/sem.c.obj
[matsu_it82000:ro] [117/376] Building C object zephyr/CMakeFiles/zephyr.dir/lib/os/cbprintf_packaged.c.obj
[caboc:rw] [22/380] Building C object CMakeFiles/app.dir/mnt/host/source/src/platform/ec/zephyr/subsys/ap_pwrseq/x86_non_dsx_common_pwrseq_host_command.c.obj
[matsu_it82000:ro] [118/376] Building C object zephyr/CMakeFiles/zephyr.dir/lib/os/thread_entry.c.obj
[nivviks:ro] -- The C compiler identification is GNU 14.2.0
[matsu_it82000:ro] [119/376] Building C object zephyr/CMakeFiles/zephyr.dir/lib/os/clock.c.obj
[matsu_it82000:ro] [120/376] Building C object zephyr/CMakeFiles/zephyr.dir/lib/os/cbprintf_nano.c.obj
[matsu_it82000:ro] [121/376] Building C object zephyr/CMakeFiles/zephyr.dir/lib/os/cbprintf.c.obj
[matsu_it82000:ro] [122/376] Building C object zephyr/CMakeFiles/zephyr.dir/lib/utils/base64.c.obj
[rex-ish-ec:ro] [152/428] Building C object zephyr/drivers/eeprom/CMakeFiles/drivers__eeprom.dir/eeprom_shell.c.obj
[nivviks:ro] -- The CXX compiler identification is GNU 14.2.0
[matsu_it82000:ro] [123/376] Building C object zephyr/CMakeFiles/zephyr.dir/lib/utils/dec.c.obj
[matsu_it82000:ro] [124/376] Building C object zephyr/CMakeFiles/zephyr.dir/lib/utils/hex.c.obj
[caboc:ro] [23/380] Building C object zephyr/CMakeFiles/zephyr.dir/lib/utils/rb.c.obj
[nivviks:ro] -- The ASM compiler identification is GNU
[nivviks:ro] CMake Warning at /mnt/host/source/src/platform/ec/zephyr/cmake/linker/ld/linker_libraries.cmake:11 (message):
[nivviks:ro]   Disabling c_library
[nivviks:ro] Call Stack (most recent call first):
[nivviks:ro]   /mnt/host/source/src/third_party/zephyr/main/cmake/target_toolchain_flags.cmake:48 (include)
[nivviks:ro]   /mnt/host/source/src/third_party/zephyr/main/cmake/modules/kernel.cmake:153 (include)
[nivviks:ro]   /mnt/host/source/src/third_party/zephyr/main/cmake/modules/zephyr_default.cmake:138 (include)
[nivviks:ro]   /mnt/host/source/src/third_party/zephyr/main/share/zephyr-package/cmake/ZephyrConfig.cmake:66 (include)
[nivviks:ro]   /mnt/host/source/src/third_party/zephyr/main/share/zephyr-package/cmake/ZephyrConfig.cmake:97 (include_boilerplate)
[nivviks:ro]   CMakeLists.txt:7 (find_package)
[rex-ish-ec:ro] [153/428] Building C object zephyr/drivers/eeprom/CMakeFiles/drivers__eeprom.dir/eeprom_at2x.c.obj
[matsu_it82000:ro] [125/376] Building C object zephyr/CMakeFiles/zephyr.dir/lib/utils/timeutil.c.obj
[matsu_it82000:ro] [126/376] Building C object zephyr/CMakeFiles/zephyr.dir/lib/utils/bitmask.c.obj
[rex-ish-ec:ro] [154/428] Linking C static library zephyr/drivers/eeprom/libdrivers__eeprom.a
[matsu_it82000:ro] [127/376] Building C object zephyr/CMakeFiles/zephyr.dir/lib/os/assert.c.obj
[matsu_it82000:ro] [128/376] Building C object zephyr/CMakeFiles/zephyr.dir/lib/utils/last_section_id.c.obj
[rex-ish-ec:ro] [155/428] Building C object zephyr/drivers/espi/CMakeFiles/drivers__espi.dir/espi_npcx.c.obj
[caboc:ro] [24/380] Building C object zephyr/CMakeFiles/zephyr.dir/lib/utils/timeutil.c.obj
[rex-ish-ec:ro] [156/428] Building C object zephyr/drivers/espi/CMakeFiles/drivers__espi.dir/host_subs_npcx.c.obj
[matsu_it82000:ro] [129/376] Building C object zephyr/CMakeFiles/zephyr.dir/lib/utils/rb.c.obj
[matsu_it82000:ro] [130/376] Building C object zephyr/CMakeFiles/zephyr.dir/lib/utils/ring_buffer.c.obj
[/mnt/host/source/src/platform/ec/build/zephyr/quartz-lcov]   /mnt/host/source/src/platform/ec/build/zephyr/quartz/build-rw/zephyr/drivers/sensor/CMakeFiles/drivers__sensor.dir/mnt/host/source/src/third_party/zephyr/main/misc/empty_file.c.gcno:no functions found
[/mnt/host/source/src/platform/ec/build/zephyr/quartz-lcov] stderr:
[rex-ish-ec:ro] [157/428] Linking C static library zephyr/drivers/espi/libdrivers__espi.a
[matsu_it82000:ro] [131/376] Building C object zephyr/CMakeFiles/zephyr.dir/lib/utils/getopt/getopt_common.c.obj
[matsu_it82000:ro] [132/376] Building ASM object zephyr/CMakeFiles/zephyr.dir/soc/ite/ec/common/soc_irq.S.obj
[caboc:rw] [23/380] Building C object CMakeFiles/app.dir/mnt/host/source/src/platform/ec/zephyr/subsys/ap_pwrseq/x86_non_dsx_adlp_pwrseq_sm.c.obj
[matsu_it82000:ro] [133/376] Building C object zephyr/CMakeFiles/zephyr.dir/misc/generated/configs.c.obj
[rex-ish-ec:ro] [158/428] Building C object zephyr/drivers/flash/CMakeFiles/drivers__flash.dir/jesd216.c.obj
[matsu_it82000:ro] [134/376] Building C object zephyr/CMakeFiles/zephyr.dir/lib/utils/getopt/getopt.c.obj
[nivviks:ro] -- Found assembler: /home/jpmurphy/.cache/coreboot-sdk/arm-eabi/ea40ddd1d190c3b48435c474c0b545719371813a/bin/arm-eabi-gcc
[nivviks:ro] -- Performing EC specific devicetree checks
[matsu_it82000:ro] [135/376] Building C object zephyr/CMakeFiles/zephyr.dir/lib/utils/bitarray.c.obj
[nivviks:ro] INFO: Verified 57 GPIOs, no duplicates found
[nivviks:ro] INFO: Verified 18 '*-gpios' properties, all flags match.
[nivviks:ro] INFO: Skipped 19 named-gpios children.
[rex-ish-ec:ro] [159/428] Building C object zephyr/drivers/flash/CMakeFiles/drivers__flash.dir/flash_npcx_fiu_nor.c.obj
[matsu_it82000:ro] [136/376] Building C object zephyr/CMakeFiles/zephyr.dir/soc/ite/ec/common/soc_common_irq.c.obj
[matsu_it82000:ro] [137/376] Building C object zephyr/CMakeFiles/zephyr.dir/soc/ite/ec/common/power.c.obj
[matsu_it82000:ro] [138/376] Building ASM object zephyr/CMakeFiles/zephyr.dir/soc/ite/ec/it8xxx2/vector.S.obj
[rex-ish-ec:ro] [160/428] Building C object zephyr/drivers/flash/CMakeFiles/drivers__flash.dir/flash_npcx_fiu_qspi.c.obj
[nivviks:ro] -- Generating component manifest file
[matsu_it82000:ro] [139/376] Building C object zephyr/CMakeFiles/zephyr.dir/soc/ite/ec/it8xxx2/check_regs.c.obj
[caboc:ro] [25/380] Building C object zephyr/CMakeFiles/zephyr.dir/lib/utils/bitarray.c.obj
[rex-ish-ec:ro] [161/428] Linking C static library zephyr/drivers/flash/libdrivers__flash.a
[matsu_it82000:ro] [140/376] Building C object zephyr/CMakeFiles/zephyr.dir/soc/ite/ec/common/policy.c.obj
[matsu_it82000:ro] [141/376] Building C object zephyr/CMakeFiles/zephyr.dir/soc/ite/ec/it8xxx2/soc.c.obj
[nivviks:ro] INFO: Running CME, outputting to /mnt/host/source/src/platform/ec/build/zephyr/nivviks/build-ro/zephyr/component_manifest.json
[nivviks:ro] INFO: Project nivviks does not support SSFC
[nivviks:ro] INFO: Component virtual-mux-0(cros-ec,usbc-mux-virtual) not on I2C bus, skip it
[nivviks:ro] INFO: Component virtual-mux-1(cros-ec,usbc-mux-virtual) not on I2C bus, skip it
[nivviks:ro] INFO: Component virtual-mux-1(cros-ec,usbc-mux-virtual) not on I2C bus, skip it
[nivviks:ro] INFO: No motionsense-sensor-alt node found
[nivviks:ro] -- warning_base_override: -Wall;-Wformat;-Wformat-security;-Wformat;-Wno-format-zero-length;-Wno-pointer-sign;-Wpointer-arith;-Wexpansion-to-defined
[caboc:rw] [24/380] Building C object CMakeFiles/app.dir/mnt/host/source/src/platform/ec/zephyr/subsys/ap_pwrseq/ap_reset_log.c.obj
[rex-ish-ec:ro] [162/428] Building C object zephyr/drivers/gpio/CMakeFiles/drivers__gpio.dir/gpio_nct38xx.c.obj
[matsu_it82000:ro] [142/376] Building C object zephyr/CMakeFiles/zephyr.dir/subsys/pm/state.c.obj
[caboc:ro] [26/380] Building C object zephyr/CMakeFiles/zephyr.dir/lib/utils/bitmask.c.obj
[matsu_it82000:ro] [143/376] Building C object zephyr/CMakeFiles/zephyr.dir/soc/ite/ec/it8xxx2/ilm.c.obj
[rex-ish-ec:ro] [163/428] Building C object zephyr/drivers/gpio/CMakeFiles/drivers__gpio.dir/gpio_nct38xx_port.c.obj
[matsu_it82000:ro] [144/376] Building C object zephyr/CMakeFiles/zephyr.dir/subsys/logging/log_minimal.c.obj
[nivviks:ro] -- Found gen_kobject_list: /mnt/host/source/src/third_party/zephyr/main/scripts/build/gen_kobject_list.py
[matsu_it82000:ro] [145/376] Building C object zephyr/CMakeFiles/zephyr.dir/subsys/pm/pm.c.obj
[matsu_it82000:ro] [146/376] Building C object zephyr/CMakeFiles/zephyr.dir/subsys/pm/policy/policy_events.c.obj
[matsu_it82000:ro] [147/376] Building C object zephyr/CMakeFiles/zephyr.dir/subsys/pm/policy/policy_latency.c.obj
[rex-ish-ec:ro] [164/428] Building C object zephyr/drivers/gpio/CMakeFiles/drivers__gpio.dir/gpio_npcx.c.obj
[matsu_it82000:ro] [148/376] Building C object zephyr/CMakeFiles/zephyr.dir/subsys/pm/policy/policy_state_lock.c.obj
[nivviks:ro] -- Configuring done (16.0s)
[rex-ish-ec:ro] [165/428] Linking C static library zephyr/drivers/gpio/libdrivers__gpio.a
[rex-ish-ec:ro] [166/428] Building C object zephyr/drivers/i2c/CMakeFiles/drivers__i2c.dir/i2c_common.c.obj
[matsu_it82000:ro] [149/376] Building C object zephyr/CMakeFiles/zephyr.dir/subsys/pm/device.c.obj
[caboc:ro] [27/380] Building C object zephyr/CMakeFiles/zephyr.dir/lib/utils/getopt/getopt.c.obj
[matsu_it82000:ro] [150/376] Building C object zephyr/CMakeFiles/zephyr.dir/subsys/pm/device_system_managed.c.obj
[rex-ish-ec:ro] [167/428] Building C object zephyr/drivers/i2c/CMakeFiles/drivers__i2c.dir/i2c_shell.c.obj
[matsu_it82000:ro] [151/376] Building C object zephyr/CMakeFiles/zephyr.dir/subsys/pm/device_runtime.c.obj
[nivviks:ro] -- Generating done (0.5s)
[nivviks:ro] CMake Warning:
[nivviks:ro]   Manually-specified variables were not used by the project:
[nivviks:ro]     COREBOOT_SDK_ROOT_libstdcxx_riscv64
[nivviks:ro]     COREBOOT_SDK_ROOT_libstdcxx_x86
[nivviks:ro]     COREBOOT_SDK_ROOT_nds32
[nivviks:ro]     COREBOOT_SDK_ROOT_picolibc_riscv64
[nivviks:ro]     COREBOOT_SDK_ROOT_picolibc_x86
[nivviks:ro]     COREBOOT_SDK_ROOT_riscv
[nivviks:ro]     COREBOOT_SDK_ROOT_riscv64
[nivviks:ro] -- Build files have been written to: /mnt/host/source/src/platform/ec/build/zephyr/nivviks/build-ro
[nivviks:ro]     COREBOOT_SDK_ROOT_x86
[caboc:rw] [25/380] Building C object CMakeFiles/app.dir/mnt/host/source/src/platform/ec/zephyr/subsys/pd_controller/pdc_pmc_debug.c.obj
[matsu_it82000:ro] [152/376] Building C object zephyr/CMakeFiles/zephyr.dir/subsys/testsuite/coverage/coverage.c.obj
[matsu_it82000:ro] [153/376] Building C object zephyr/CMakeFiles/zephyr.dir/subsys/tracing/tracing_none.c.obj
[matsu_it82000:ro] [154/376] Building C object zephyr/CMakeFiles/zephyr.dir/subsys/shell/modules/kernel_service/kernel_shell.c.obj
[rex-ish-ec:ro] [168/428] Building C object zephyr/drivers/i2c/CMakeFiles/drivers__i2c.dir/i2c_npcx_controller.c.obj
[matsu_it82000:ro] [155/376] Building C object zephyr/CMakeFiles/zephyr.dir/subsys/shell/modules/kernel_service/cycles.c.obj
[matsu_it82000:ro] [156/376] Building C object zephyr/CMakeFiles/zephyr.dir/subsys/shell/modules/kernel_service/sleep.c.obj
[rex-ish-ec:ro] [169/428] Building C object zephyr/drivers/i2c/CMakeFiles/drivers__i2c.dir/i2c_npcx_controller_fifo.c.obj
[caboc:ro] [28/380] Building C object zephyr/CMakeFiles/zephyr.dir/lib/utils/getopt/getopt_common.c.obj
[matsu_it82000:ro] [157/376] Building C object zephyr/CMakeFiles/zephyr.dir/subsys/shell/modules/kernel_service/uptime.c.obj
[rex-ish-ec:ro] [170/428] Building C object zephyr/drivers/i2c/CMakeFiles/drivers__i2c.dir/i2c_npcx_port.c.obj
[/mnt/host/source/src/platform/ec/build/zephyr/quartz-lcov]   /mnt/host/source/src/platform/ec/build/zephyr/quartz/build-rw/zephyr/drivers/spi/CMakeFiles/drivers__spi.dir/mnt/host/source/src/third_party/zephyr/main/misc/empty_file.c.gcno:no functions found
[/mnt/host/source/src/platform/ec/build/zephyr/quartz-lcov] Filter suppressions 'region':
[rex-ish-ec:ro] [171/428] Building C object zephyr/drivers/mfd/CMakeFiles/drivers__mfd.dir/mfd_nct38xx.c.obj
[matsu_it82000:ro] [158/376] Building C object zephyr/CMakeFiles/zephyr.dir/subsys/shell/modules/kernel_service/version.c.obj
[/mnt/host/source/src/platform/ec/build/zephyr/quartz-lcov]     32 instances
[/mnt/host/source/src/platform/ec/build/zephyr/quartz-lcov]     20 coverpoints
[/mnt/host/source/src/platform/ec/build/zephyr/quartz-lcov] Message summary:
[/mnt/host/source/src/platform/ec/build/zephyr/quartz-lcov]   25 ignore messages:
[/mnt/host/source/src/platform/ec/build/zephyr/quartz-lcov]     gcov: 25
[rex-ish-ec:ro] [172/428] Linking C static library zephyr/drivers/i2c/libdrivers__i2c.a
[matsu_it82000:ro] [159/376] Building C object zephyr/CMakeFiles/zephyr.dir/subsys/shell/modules/kernel_service/thread/thread.c.obj
[rex-ish-ec:ro] [173/428] Linking C static library zephyr/drivers/mfd/libdrivers__mfd.a
[matsu_it82000:ro] [160/376] Building C object zephyr/CMakeFiles/zephyr.dir/subsys/shell/modules/kernel_service/thread/stacks.c.obj
[caboc:ro] [29/380] Building C object zephyr/CMakeFiles/zephyr.dir/lib/utils/ring_buffer.c.obj
[matsu_it82000:ro] [161/376] Building C object zephyr/CMakeFiles/zephyr.dir/subsys/shell/modules/kernel_service/thread/list.c.obj
[caboc:ro] [30/380] Building C object zephyr/CMakeFiles/zephyr.dir/lib/utils/last_section_id.c.obj
[rex-ish-ec:ro] [174/428] Building C object zephyr/drivers/pinctrl/CMakeFiles/drivers__pinctrl.dir/common.c.obj
[matsu_it82000:ro] [162/376] Building C object zephyr/CMakeFiles/zephyr.dir/subsys/shell/modules/kernel_service/thread/suspend.c.obj
[caboc:rw] [26/380] Building C object CMakeFiles/app.dir/mnt/host/source/src/platform/ec/zephyr/subsys/pd_controller/retimer_fw_update.c.obj
[matsu_it82000:ro] [163/376] Building C object zephyr/CMakeFiles/zephyr.dir/subsys/shell/modules/kernel_service/thread/unwind.c.obj
[matsu_it82000:ro] [164/376] Building C object zephyr/CMakeFiles/zephyr.dir/subsys/shell/modules/kernel_service/thread/resume.c.obj
[rex-ish-ec:ro] [175/428] Building C object zephyr/drivers/sensor/CMakeFiles/drivers__sensor.dir/mnt/host/source/src/third_party/zephyr/main/misc/empty_file.c.obj
[rex-ish-ec:ro] [176/428] Linking C static library zephyr/drivers/sensor/libdrivers__sensor.a
[caboc:ro] [31/380] Building ASM object zephyr/CMakeFiles/zephyr.dir/soc/ite/ec/common/soc_irq.S.obj
[rex-ish-ec:ro] [177/428] Building C object zephyr/drivers/pinctrl/CMakeFiles/drivers__pinctrl.dir/pinctrl_npcx.c.obj
[matsu_it82000:ro] [165/376] Building C object zephyr/CMakeFiles/zephyr.dir/subsys/shell/modules/kernel_service/thread/kill.c.obj
[caboc:ro] [32/380] Building C object zephyr/CMakeFiles/zephyr.dir/misc/generated/configs.c.obj
[rex-ish-ec:ro] [178/428] Linking C static library zephyr/drivers/pinctrl/libdrivers__pinctrl.a
[matsu_it82000:ro] [166/376] Building C object zephyr/CMakeFiles/zephyr.dir/subsys/shell/shell_fprintf.c.obj
[matsu_it82000:ro] [167/376] Building C object zephyr/CMakeFiles/zephyr.dir/subsys/shell/backends/shell_uart.c.obj
[rex-ish-ec:ro] [179/428] Building C object zephyr/drivers/pwm/CMakeFiles/drivers__pwm.dir/pwm_npcx.c.obj
[matsu_it82000:ro] [168/376] Building C object zephyr/CMakeFiles/zephyr.dir/subsys/shell/shell_utils.c.obj
[matsu_it82000:ro] [169/376] Building C object zephyr/CMakeFiles/zephyr.dir/subsys/shell/shell_history.c.obj
[rex-ish-ec:ro] [180/428] Building C object zephyr/drivers/pwm/CMakeFiles/drivers__pwm.dir/pwm_shell.c.obj
[/mnt/host/source/src/platform/ec/build/zephyr/kanix-lcov]   /mnt/host/source/src/platform/ec/build/zephyr/kanix/build-rw/zephyr/drivers/sensor/CMakeFiles/drivers__sensor.dir/mnt/host/source/src/third_party/zephyr/main/misc/empty_file.c.gcno:no functions found
[/mnt/host/source/src/platform/ec/build/zephyr/kanix-lcov] Filter suppressions 'region':
[rex-ish-ec:ro] [181/428] Linking C static library zephyr/drivers/pwm/libdrivers__pwm.a
[matsu_it82000:ro] [170/376] Building C object zephyr/CMakeFiles/zephyr.dir/subsys/shell/shell_help.c.obj
[matsu_it82000:ro] [171/376] Building C object zephyr/CMakeFiles/zephyr.dir/subsys/shell/shell_ops.c.obj
[caboc:ro] [33/380] Building C object zephyr/CMakeFiles/zephyr.dir/soc/ite/ec/common/soc_common_irq.c.obj
[/mnt/host/source/src/platform/ec/build/zephyr/kanix-lcov]     32 instances
[matsu_it82000:ro] [172/376] Building C object zephyr/CMakeFiles/zephyr.dir/subsys/shell/shell.c.obj
[/mnt/host/source/src/platform/ec/build/zephyr/kanix-lcov]     20 coverpoints
[/mnt/host/source/src/platform/ec/build/zephyr/kanix-lcov] Message summary:
[/mnt/host/source/src/platform/ec/build/zephyr/kanix-lcov]   37 ignore messages:
[/mnt/host/source/src/platform/ec/build/zephyr/kanix-lcov]     gcov: 37
[caboc:ro] [34/380] Building C object zephyr/CMakeFiles/zephyr.dir/soc/ite/ec/common/power.c.obj
[matsu_it82000:ro] [173/376] Building C object zephyr/CMakeFiles/zephyr.dir/drivers/flash/flash_util.c.obj
[rex-ish-ec:ro] [182/428] Building C object zephyr/drivers/sensor/nuvoton/nuvoton_tach_npcx/CMakeFiles/drivers__sensor__nuvoton__nuvoton_tach_npcx.dir/tach_nuvoton_npcx.c.obj
[matsu_it82000:ro] [174/376] Building C object zephyr/arch/common/CMakeFiles/arch__common.dir/sw_isr_common.c.obj
[matsu_it82000:ro] [175/376] Building C object zephyr/arch/common/CMakeFiles/arch__common.dir/init.c.obj
[matsu_it82000:ro] [176/376] Linking C static library zephyr/libzephyr.a
[rex-ish-ec:ro] [183/428] Linking C static library zephyr/drivers/sensor/nuvoton/nuvoton_tach_npcx/libdrivers__sensor__nuvoton__nuvoton_tach_npcx.a
[matsu_it82000:ro] [177/376] Building C object zephyr/arch/common/CMakeFiles/arch__common.dir/dynamic_isr.c.obj
[rex-ish-ec:ro] [184/428] Building C object zephyr/drivers/serial/CMakeFiles/drivers__serial.dir/uart_npcx.c.obj
[rex-ish-ec:ro] [185/428] Building C object zephyr/drivers/syscon/CMakeFiles/drivers__syscon.dir/syscon.c.obj
[matsu_it82000:ro] [178/376] Building C object zephyr/arch/common/CMakeFiles/arch__common.dir/xip.c.obj
[rex-ish-ec:ro] [186/428] Linking C static library zephyr/drivers/serial/libdrivers__serial.a
[rex-ish-ec:ro] [187/428] Linking C static library zephyr/drivers/syscon/libdrivers__syscon.a
[matsu_it82000:ro] [179/376] Building C object zephyr/arch/common/CMakeFiles/isr_tables.dir/isr_tables.c.obj
[matsu_it82000:ro] [180/376] Building C object zephyr/arch/arch/riscv/core/CMakeFiles/arch__riscv__core.dir/cpu_idle.c.obj
[matsu_it82000:ro] [181/376] Building C object zephyr/arch/arch/riscv/core/CMakeFiles/arch__riscv__core.dir/prep_c.c.obj
[rex-ish-ec:ro] [188/428] Building C object zephyr/drivers/timer/CMakeFiles/drivers__timer.dir/sys_clock_init.c.obj
[matsu_it82000:ro] [182/376] Linking C static library zephyr/arch/common/libisr_tables.a
[matsu_it82000:ro] [183/376] Linking C static library zephyr/arch/common/libarch__common.a
[caboc:ro] [35/380] Building C object zephyr/CMakeFiles/zephyr.dir/soc/ite/ec/common/policy.c.obj
[matsu_it82000:ro] [184/376] Building C object zephyr/arch/arch/riscv/core/CMakeFiles/arch__riscv__core.dir/irq_manage.c.obj
[matsu_it82000:ro] [185/376] Building C object zephyr/arch/arch/riscv/core/CMakeFiles/arch__riscv__core.dir/fatal.c.obj
[matsu_it82000:ro] [186/376] Generating ../../../include/generated/libc/minimal/strerror_table.h
[caboc:ro] [36/380] Building C object zephyr/CMakeFiles/zephyr.dir/soc/ite/ec/it8xxx2/soc.c.obj
[matsu_it82000:ro] [187/376] Building ASM object zephyr/arch/arch/riscv/core/CMakeFiles/arch__riscv__core.dir/switch.S.obj
[matsu_it82000:ro] [188/376] Building C object zephyr/lib/libc/minimal/CMakeFiles/lib__libc__minimal.dir/source/stdlib/atoi.c.obj
[matsu_it82000:ro] [189/376] Building C object zephyr/arch/arch/riscv/core/CMakeFiles/arch__riscv__core.dir/reboot.c.obj
[matsu_it82000:ro] [190/376] Building C object zephyr/lib/libc/common/CMakeFiles/lib__libc__common.dir/source/time/asctime.c.obj
[matsu_it82000:ro] [191/376] Building C object zephyr/lib/libc/minimal/CMakeFiles/lib__libc__minimal.dir/source/stdlib/strtol.c.obj
[matsu_it82000:ro] [192/376] Building C object zephyr/arch/arch/riscv/core/CMakeFiles/arch__riscv__core.dir/thread.c.obj
[matsu_it82000:ro] [193/376] Building ASM object zephyr/arch/arch/riscv/core/CMakeFiles/arch__riscv__core.dir/reset.S.obj
[matsu_it82000:ro] [194/376] Building C object zephyr/lib/libc/minimal/CMakeFiles/lib__libc__minimal.dir/source/stdlib/strtoul.c.obj
[rex-ish-ec:ro] [189/428] Building C object zephyr/drivers/timer/CMakeFiles/drivers__timer.dir/npcx_itim_timer.c.obj
[rex-ish-ec:ro] [190/428] Linking C static library zephyr/drivers/timer/libdrivers__timer.a
[matsu_it82000:ro] [195/376] Building ASM object zephyr/arch/arch/riscv/core/CMakeFiles/arch__riscv__core.dir/isr.S.obj
[matsu_it82000:ro] [196/376] Building C object zephyr/lib/libc/minimal/CMakeFiles/lib__libc__minimal.dir/source/stdlib/strtoll.c.obj
[rex-ish-ec:ro] [191/428] Building C object zephyr/drivers/watchdog/CMakeFiles/drivers__watchdog.dir/wdt_shell.c.obj
[caboc:ro] [37/380] Building ASM object zephyr/CMakeFiles/zephyr.dir/soc/ite/ec/it8xxx2/vector.S.obj
[matsu_it82000:ro] [197/376] Building C object zephyr/lib/libc/minimal/CMakeFiles/lib__libc__minimal.dir/source/stdlib/bsearch.c.obj
[caboc:ro] [38/380] Building C object zephyr/CMakeFiles/zephyr.dir/soc/ite/ec/it8xxx2/check_regs.c.obj
[matsu_it82000:ro] [198/376] Building C object zephyr/lib/libc/minimal/CMakeFiles/lib__libc__minimal.dir/source/stdlib/strtoull.c.obj
[matsu_it82000:ro] [199/376] Building C object zephyr/arch/arch/riscv/core/CMakeFiles/arch__riscv__core.dir/stacktrace.c.obj
[caboc:rw] [27/380] Building C object CMakeFiles/app.dir/mnt/host/source/src/platform/ec/zephyr/subsys/pd_controller/pdc_power_mgmt.c.obj
[matsu_it82000:ro] [200/376] Building C object zephyr/lib/libc/minimal/CMakeFiles/lib__libc__minimal.dir/source/string/strncasecmp.c.obj
[matsu_it82000:ro] [201/376] Building C object zephyr/lib/libc/common/CMakeFiles/lib__libc__common.dir/source/stdlib/abort.c.obj
[rex-ish-ec:ro] [192/428] Building C object zephyr/drivers/watchdog/CMakeFiles/drivers__watchdog.dir/wdt_npcx.c.obj
[matsu_it82000:ro] [202/376] Building C object zephyr/lib/libc/minimal/CMakeFiles/lib__libc__minimal.dir/source/string/strstr.c.obj
[matsu_it82000:ro] [203/376] Linking C static library zephyr/arch/arch/riscv/core/libarch__riscv__core.a
[matsu_it82000:ro] [204/376] Building C object zephyr/lib/libc/minimal/CMakeFiles/lib__libc__minimal.dir/source/string/strspn.c.obj
[matsu_it82000:ro] [205/376] Building C object zephyr/lib/libc/minimal/CMakeFiles/lib__libc__minimal.dir/source/stdlib/qsort.c.obj
[matsu_it82000:ro] [206/376] Building C object zephyr/lib/libc/minimal/CMakeFiles/lib__libc__minimal.dir/source/string/strerror.c.obj
[rex-ish-ec:ro] [193/428] Linking C static library zephyr/drivers/watchdog/libdrivers__watchdog.a
[matsu_it82000:ro] [207/376] Building C object zephyr/lib/libc/minimal/CMakeFiles/lib__libc__minimal.dir/source/string/string.c.obj
[rex-ish-ec:ro] [194/428] Building C object modules/ec/zephyr/CMakeFiles/ec_shim.dir/app/ec/ec_app_main.c.obj
[matsu_it82000:ro] [208/376] Building C object zephyr/lib/libc/minimal/CMakeFiles/lib__libc__minimal.dir/source/math/sqrtf.c.obj
[matsu_it82000:ro] [209/376] Building C object zephyr/lib/libc/common/CMakeFiles/lib__libc__common.dir/source/time/gmtime_r.c.obj
[matsu_it82000:ro] [210/376] Building C object zephyr/lib/libc/minimal/CMakeFiles/lib__libc__minimal.dir/source/stdlib/exit.c.obj
[matsu_it82000:ro] [211/376] Building C object zephyr/lib/libc/minimal/CMakeFiles/lib__libc__minimal.dir/source/math/sqrt.c.obj
[matsu_it82000:ro] [212/376] Building C object zephyr/lib/libc/common/CMakeFiles/lib__libc__common.dir/source/time/localtime_r_utc.c.obj
[matsu_it82000:ro] [213/376] Building C object zephyr/lib/libc/common/CMakeFiles/lib__libc__common.dir/source/string/strnlen.c.obj
[matsu_it82000:ro] [214/376] Building C object zephyr/lib/libc/minimal/CMakeFiles/lib__libc__minimal.dir/source/stdout/fprintf.c.obj
[matsu_it82000:ro] [215/376] Building C object zephyr/lib/libc/common/CMakeFiles/lib__libc__common.dir/source/time/time.c.obj
[caboc:ro] [39/380] Building C object zephyr/CMakeFiles/zephyr.dir/soc/ite/ec/it8xxx2/ilm.c.obj
[matsu_it82000:ro] [216/376] Building C object zephyr/lib/libc/minimal/CMakeFiles/lib__libc__minimal.dir/source/stdout/sprintf.c.obj
[matsu_it82000:ro] [217/376] Building C object zephyr/lib/libc/common/CMakeFiles/lib__libc__common.dir/source/time/ctime.c.obj
[caboc:ro] [40/380] Building C object zephyr/CMakeFiles/zephyr.dir/subsys/logging/log_minimal.c.obj
[matsu_it82000:ro] [218/376] Building C object zephyr/lib/libc/minimal/CMakeFiles/lib__libc__minimal.dir/source/time/gmtime.c.obj
[rex-ish-ec:ro] [195/428] Building C object modules/ec/zephyr/CMakeFiles/ec_shim.dir/app/ec/main_shim.c.obj
[matsu_it82000:ro] [219/376] Building C object zephyr/lib/libc/minimal/CMakeFiles/lib__libc__minimal.dir/source/stdout/stdout_console.c.obj
[matsu_it82000:ro] [220/376] Building C object zephyr/lib/posix/c_lib_ext/CMakeFiles/lib__posix__c_lib_ext.dir/fnmatch.c.obj
[matsu_it82000:ro] [221/376] Building C object zephyr/subsys/crc/CMakeFiles/subsys__crc.dir/crc4_sw.c.obj
[matsu_it82000:ro] [222/376] Linking C static library zephyr/lib/libc/minimal/liblib__libc__minimal.a
[matsu_it82000:ro] [223/376] Building C object zephyr/subsys/crc/CMakeFiles/subsys__crc.dir/crc8_sw.c.obj
[matsu_it82000:ro] [224/376] Building C object zephyr/subsys/crc/CMakeFiles/subsys__crc.dir/crc16_sw.c.obj
[matsu_it82000:ro] [225/376] Building C object zephyr/lib/libc/common/CMakeFiles/lib__libc__common.dir/source/stdlib/malloc.c.obj
[matsu_it82000:ro] [226/376] Building C object zephyr/subsys/crc/CMakeFiles/subsys__crc.dir/crc7_sw.c.obj
[matsu_it82000:ro] [227/376] Building C object zephyr/subsys/crc/CMakeFiles/subsys__crc.dir/crc32_sw.c.obj
[matsu_it82000:ro] [228/376] Building C object zephyr/subsys/crc/CMakeFiles/subsys__crc.dir/crc24_sw.c.obj
[matsu_it82000:ro] [229/376] Linking C static library zephyr/lib/libc/common/liblib__libc__common.a
[matsu_it82000:ro] [230/376] Building C object zephyr/subsys/crc/CMakeFiles/subsys__crc.dir/crc32k_4_2_sw.c.obj
[rex-ish-ec:ro] [196/428] Building C object modules/ec/zephyr/CMakeFiles/ec_shim.dir/drivers/cros_kblight/pwm_kblight.c.obj
[matsu_it82000:ro] [231/376] Building C object zephyr/subsys/crc/CMakeFiles/subsys__crc.dir/crc32c_sw.c.obj
[rex-ish-ec:ro] [197/428] Building C object modules/ec/zephyr/CMakeFiles/ec_shim.dir/drivers/cros_flash/cros_flash_npcx.c.obj
[rex-ish-ec:ro] [198/428] Building C object modules/ec/zephyr/CMakeFiles/ec_shim.dir/drivers/cros_kb_raw/cros_kb_raw_npcx.c.obj
[caboc:rw] [28/380] Building C object CMakeFiles/app.dir/mnt/host/source/src/platform/ec/zephyr/subsys/pd_controller/pdc_console.c.obj
[matsu_it82000:ro] [232/376] Linking C static library zephyr/subsys/crc/libsubsys__crc.a
[matsu_it82000:ro] [233/376] Building C object zephyr/lib/posix/c_lib_ext/CMakeFiles/lib__posix__c_lib_ext.dir/getentropy.c.obj
[caboc:ro] [41/380] Building C object zephyr/CMakeFiles/zephyr.dir/subsys/pm/state.c.obj
[matsu_it82000:ro] [234/376] Building C object zephyr/lib/smf/CMakeFiles/lib__smf.dir/smf.c.obj
[matsu_it82000:ro] [235/376] Building C object zephyr/subsys/input/CMakeFiles/subsys__input.dir/input_hid.c.obj
[matsu_it82000:ro] [236/376] Linking C static library zephyr/lib/smf/liblib__smf.a
[caboc:ro] [42/380] Building C object zephyr/CMakeFiles/zephyr.dir/subsys/pm/pm.c.obj
[matsu_it82000:ro] [237/376] Building C object zephyr/lib/posix/c_lib_ext/CMakeFiles/lib__posix__c_lib_ext.dir/getopt_shim.c.obj
[matsu_it82000:ro] [238/376] Linking C static library zephyr/lib/posix/c_lib_ext/liblib__posix__c_lib_ext.a
[matsu_it82000:ro] [239/376] Building C object zephyr/subsys/input/CMakeFiles/subsys__input.dir/input.c.obj
[matsu_it82000:ro] [240/376] Building C object zephyr/drivers/adc/CMakeFiles/drivers__adc.dir/adc_common.c.obj
[matsu_it82000:ro] [241/376] Building C object zephyr/drivers/interrupt_controller/CMakeFiles/drivers__interrupt_controller.dir/wuc_ite_it8xxx2.c.obj
[rex-ish-ec:ro] [199/428] Building C object modules/ec/zephyr/CMakeFiles/ec_shim.dir/drivers/cros_tabletmode_interrupt/tabletmode_interrupt.c.obj
[matsu_it82000:ro] [242/376] Building C object zephyr/subsys/input/CMakeFiles/subsys__input.dir/input_utils.c.obj
[matsu_it82000:ro] [243/376] Linking C static library zephyr/subsys/input/libsubsys__input.a
[matsu_it82000:ro] [244/376] Building C object zephyr/drivers/interrupt_controller/CMakeFiles/drivers__interrupt_controller.dir/intc_ite_it8xxx2_v2.c.obj
[matsu_it82000:ro] [245/376] Linking C static library zephyr/drivers/interrupt_controller/libdrivers__interrupt_controller.a
[caboc:ro] [43/380] Building C object zephyr/CMakeFiles/zephyr.dir/subsys/pm/policy/policy_events.c.obj
[rex-ish-ec:ro] [200/428] Building C object modules/ec/zephyr/CMakeFiles/ec_shim.dir/drivers/vivaldi_kbd/vivaldi_kbd.c.obj
[matsu_it82000:ro] [246/376] Building C object zephyr/drivers/console/CMakeFiles/drivers__console.dir/uart_console.c.obj
[matsu_it82000:ro] [247/376] Building C object zephyr/drivers/bbram/CMakeFiles/drivers__bbram.dir/bbram_it8xxx2.c.obj
[rex-ish-ec:ro] [201/428] Building C object modules/ec/zephyr/CMakeFiles/ec_shim.dir/shim/chip/npcx/clock.c.obj
[matsu_it82000:ro] [248/376] Linking C static library zephyr/drivers/console/libdrivers__console.a
[caboc:ro] [44/380] Building C object zephyr/CMakeFiles/zephyr.dir/subsys/pm/policy/policy_latency.c.obj
[matsu_it82000:ro] [249/376] Linking C static library zephyr/drivers/bbram/libdrivers__bbram.a
[caboc:rw] [29/380] Building C object CMakeFiles/app.dir/mnt/host/source/src/platform/ec/zephyr/subsys/pd_controller/pdc_host_cmd.c.obj
[matsu_it82000:ro] [250/376] Building C object zephyr/drivers/adc/CMakeFiles/drivers__adc.dir/adc_ite_it8xxx2.c.obj
[rex-ish-ec:ro] [202/428] Building C object modules/ec/zephyr/CMakeFiles/ec_shim.dir/drivers/cros_system/cros_system_npcx.c.obj
[matsu_it82000:ro] [251/376] Linking C static library zephyr/drivers/adc/libdrivers__adc.a
[matsu_it82000:ro] [252/376] Building C object zephyr/drivers/crypto/CMakeFiles/drivers__crypto.dir/crypto_it8xxx2_sha_v2.c.obj
[matsu_it82000:ro] [253/376] Linking C static library zephyr/drivers/crypto/libdrivers__crypto.a
[matsu_it82000:ro] [254/376] Building C object zephyr/drivers/flash/CMakeFiles/drivers__flash.dir/flash_ite_it8xxx2.c.obj
[matsu_it82000:ro] [255/376] Linking C static library zephyr/drivers/flash/libdrivers__flash.a
[caboc:ro] [45/380] Building C object zephyr/CMakeFiles/zephyr.dir/subsys/pm/policy/policy_state_lock.c.obj
[matsu_it82000:ro] [256/376] Building C object zephyr/drivers/i2c/CMakeFiles/drivers__i2c.dir/i2c_common.c.obj
[matsu_it82000:ro] [257/376] Building C object zephyr/drivers/i2c/CMakeFiles/drivers__i2c.dir/i2c_bitbang.c.obj
[matsu_it82000:ro] [258/376] Building C object zephyr/drivers/espi/CMakeFiles/drivers__espi.dir/espi_it8xxx2.c.obj
[matsu_it82000:ro] [259/376] Linking C static library zephyr/drivers/espi/libdrivers__espi.a
[caboc:ro] [46/380] Building C object zephyr/CMakeFiles/zephyr.dir/subsys/pm/device.c.obj
[rex-ish-ec:ro] [203/428] Building C object modules/ec/zephyr/CMakeFiles/ec_shim.dir/shim/chip/npcx/gpio.c.obj
[matsu_it82000:ro] [260/376] Building C object zephyr/drivers/i2c/CMakeFiles/drivers__i2c.dir/i2c_shell.c.obj
[rex-ish-ec:ro] [204/428] Building C object modules/ec/zephyr/CMakeFiles/ec_shim.dir/shim/chip/npcx/keyboard_raw.c.obj
[rex-ish-ec:ro] [205/428] Building C object modules/ec/zephyr/CMakeFiles/ec_shim.dir/shim/chip/npcx/rom_chip.c.obj
[caboc:rw] [30/380] Building C object CMakeFiles/app.dir/mnt/host/source/src/platform/ec/zephyr/subsys/pd_controller/pdc_stub.c.obj
[matsu_it82000:ro] [261/376] Building C object zephyr/drivers/sensor/CMakeFiles/drivers__sensor.dir/mnt/host/source/src/third_party/zephyr/main/misc/empty_file.c.obj
[matsu_it82000:ro] [262/376] Linking C static library zephyr/drivers/sensor/libdrivers__sensor.a
[matsu_it82000:ro] [263/376] Building C object zephyr/drivers/input/CMakeFiles/drivers__input.dir/input_ite_it8xxx2_kbd.c.obj
[matsu_it82000:ro] [264/376] Building C object zephyr/drivers/i2c/CMakeFiles/drivers__i2c.dir/i2c_ite_enhance.c.obj
[matsu_it82000:ro] [265/376] Linking C static library zephyr/drivers/i2c/libdrivers__i2c.a
[rex-ish-ec:ro] [206/428] Building C object modules/ec/zephyr/CMakeFiles/ec_shim.dir/shim/chip/npcx/system.c.obj
[matsu_it82000:ro] [266/376] Building C object zephyr/drivers/input/CMakeFiles/drivers__input.dir/input_kbd_matrix.c.obj
[matsu_it82000:ro] [267/376] Linking C static library zephyr/drivers/input/libdrivers__input.a
[matsu_it82000:ro] [268/376] Building C object zephyr/drivers/pinctrl/CMakeFiles/drivers__pinctrl.dir/common.c.obj
[matsu_it82000:ro] [269/376] Building C object zephyr/drivers/gpio/CMakeFiles/drivers__gpio.dir/gpio_ite_it8xxx2_v2.c.obj
[matsu_it82000:ro] [270/376] Linking C static library zephyr/drivers/gpio/libdrivers__gpio.a
[matsu_it82000:ro] [271/376] Building C object zephyr/drivers/syscon/CMakeFiles/drivers__syscon.dir/mnt/host/source/src/third_party/zephyr/main/misc/empty_file.c.obj
[matsu_it82000:ro] [272/376] Building C object zephyr/drivers/pinctrl/CMakeFiles/drivers__pinctrl.dir/pinctrl_ite_it8xxx2.c.obj
[matsu_it82000:ro] [273/376] Linking C static library zephyr/drivers/syscon/libdrivers__syscon.a
[caboc:ro] [47/380] Building C object zephyr/CMakeFiles/zephyr.dir/subsys/pm/device_runtime.c.obj
[matsu_it82000:ro] [274/376] Building C object zephyr/drivers/pwm/CMakeFiles/drivers__pwm.dir/pwm_shell.c.obj
[caboc:ro] [48/380] Building C object zephyr/CMakeFiles/zephyr.dir/subsys/pm/device_system_managed.c.obj
[matsu_it82000:ro] [275/376] Linking C static library zephyr/drivers/pinctrl/libdrivers__pinctrl.a
[matsu_it82000:ro] [276/376] Building C object zephyr/drivers/pwm/CMakeFiles/drivers__pwm.dir/pwm_ite_it8xxx2.c.obj
[matsu_it82000:ro] [277/376] Linking C static library zephyr/drivers/pwm/libdrivers__pwm.a
[matsu_it82000:ro] [278/376] Building C object zephyr/drivers/serial/CMakeFiles/drivers__serial.dir/uart_ite_it8xxx2.c.obj
[rex-ish-ec:ro] [207/428] Building C object modules/ec/zephyr/CMakeFiles/ec_shim.dir/shim/chip/npcx/system_external_storage.c.obj
[matsu_it82000:ro] [279/376] Building C object zephyr/drivers/sensor/ite/ite_tach_it8xxx2/CMakeFiles/drivers__sensor__ite__ite_tach_it8xxx2.dir/tach_ite_it8xxx2.c.obj
[matsu_it82000:ro] [280/376] Linking C static library zephyr/drivers/sensor/ite/ite_tach_it8xxx2/libdrivers__sensor__ite__ite_tach_it8xxx2.a
[rex-ish-ec:ro] [208/428] Building C object modules/ec/zephyr/CMakeFiles/ec_shim.dir/shim/core/cortex-m/mpu.c.obj
[rex-ish-ec:ro] [209/428] Building C object modules/ec/zephyr/CMakeFiles/ec_shim.dir/shim/chip/npcx/power_policy.c.obj
[matsu_it82000:ro] [281/376] Building C object zephyr/drivers/timer/CMakeFiles/drivers__timer.dir/sys_clock_init.c.obj
[rex-ish-ec:ro] [210/428] Building C object modules/ec/zephyr/CMakeFiles/ec_shim.dir/shim/src/crc.c.obj
[caboc:rw] [31/380] Building C object CMakeFiles/app.dir/mnt/host/source/src/platform/ec/zephyr/subsys/pd_controller/pdc_dpm.c.obj
[rex-ish-ec:ro] [211/428] Building C object modules/ec/zephyr/CMakeFiles/ec_shim.dir/shim/core/cortex-m/panic.c.obj
[matsu_it82000:ro] [282/376] Building C object zephyr/drivers/serial/CMakeFiles/drivers__serial.dir/uart_ns16550.c.obj
[matsu_it82000:ro] [283/376] Building C object zephyr/drivers/timer/CMakeFiles/drivers__timer.dir/ite_it8xxx2_timer.c.obj
[matsu_it82000:ro] [284/376] Building C object zephyr/drivers/watchdog/CMakeFiles/drivers__watchdog.dir/wdt_ite_it8xxx2.c.obj
[matsu_it82000:ro] [285/376] Linking C static library zephyr/drivers/serial/libdrivers__serial.a
[matsu_it82000:ro] [286/376] Building C object zephyr/drivers/watchdog/CMakeFiles/drivers__watchdog.dir/wdt_shell.c.obj
[caboc:ro] [49/380] Building C object zephyr/CMakeFiles/zephyr.dir/subsys/tracing/tracing_none.c.obj
[matsu_it82000:ro] [287/376] Linking C static library zephyr/drivers/timer/libdrivers__timer.a
[caboc:ro] [50/380] Building C object zephyr/CMakeFiles/zephyr.dir/subsys/testsuite/coverage/coverage.c.obj
[matsu_it82000:ro] [288/376] Linking C static library zephyr/drivers/watchdog/libdrivers__watchdog.a
[matsu_it82000:ro] [289/376] Building C object modules/ec/zephyr/CMakeFiles/ec_shim.dir/drivers/keyboard_input/keyboard_customization_check.c.obj
[matsu_it82000:ro] [290/376] Building C object modules/ec/zephyr/CMakeFiles/ec_shim.dir/app/ec/main_shim.c.obj
[matsu_it82000:ro] [291/376] Building C object modules/ec/zephyr/CMakeFiles/ec_shim.dir/app/ec/ec_app_main.c.obj
[matsu_it82000:ro] [292/376] Building C object modules/ec/zephyr/CMakeFiles/ec_shim.dir/app/ec/chip/riscv/riscv-ite/it8xxx2-espi.c.obj
[matsu_it82000:ro] [293/376] Building C object modules/ec/zephyr/CMakeFiles/ec_shim.dir/drivers/cros_kblight/pwm_kblight.c.obj
[rex-ish-ec:ro] [212/428] Building C object modules/ec/zephyr/CMakeFiles/ec_shim.dir/shim/src/console.c.obj
[matsu_it82000:ro] [294/376] Building C object modules/ec/zephyr/CMakeFiles/ec_shim.dir/drivers/cros_flash/cros_flash_it8xxx2.c.obj
[caboc:ro] [51/380] Building C object zephyr/CMakeFiles/zephyr.dir/subsys/shell/modules/kernel_service/kernel_shell.c.obj
[caboc:ro] [52/380] Building C object zephyr/CMakeFiles/zephyr.dir/subsys/shell/modules/kernel_service/cycles.c.obj
[rex-ish-ec:ro] [213/428] Building C object modules/ec/zephyr/CMakeFiles/ec_shim.dir/shim/src/panic_utils.c.obj
[rex-ish-ec:ro] [214/428] Building C object modules/ec/zephyr/CMakeFiles/ec_shim.dir/shim/src/gpio.c.obj
[matsu_it82000:ro] [295/376] Building C object modules/ec/zephyr/CMakeFiles/ec_shim.dir/drivers/cros_system/cros_system_it8xxx2.c.obj
[matsu_it82000:ro] [296/376] Building C object modules/ec/zephyr/CMakeFiles/ec_shim.dir/drivers/usbc/ucsi_v3.c.obj
[caboc:rw] [32/380] Building C object CMakeFiles/app.dir/mnt/host/source/src/platform/ec/zephyr/subsys/pd_controller/pdc_trace_msg.c.obj
[rex-ish-ec:ro] [215/428] Building C object modules/ec/zephyr/CMakeFiles/ec_shim.dir/shim/src/gpio_int.c.obj
[matsu_it82000:ro] [297/376] Building C object modules/ec/zephyr/CMakeFiles/ec_shim.dir/drivers/keyboard_input/keyboard_input.c.obj
[matsu_it82000:ro] [298/376] Building C object modules/ec/zephyr/CMakeFiles/ec_shim.dir/drivers/keyboard_input/col_gpio_drive.c.obj
[matsu_it82000:ro] [299/376] Building C object modules/ec/zephyr/CMakeFiles/ec_shim.dir/drivers/boot_keys/boot_keys.c.obj
[caboc:ro] [53/380] Building C object zephyr/CMakeFiles/zephyr.dir/subsys/shell/modules/kernel_service/sleep.c.obj
[caboc:ro] [54/380] Building C object zephyr/CMakeFiles/zephyr.dir/subsys/shell/modules/kernel_service/uptime.c.obj
[matsu_it82000:ro] [300/376] Building C object modules/ec/zephyr/CMakeFiles/ec_shim.dir/drivers/usbc/pdc_rts54xx_fwup.c.obj
[matsu_it82000:ro] [301/376] Building C object modules/ec/zephyr/CMakeFiles/ec_shim.dir/shim/chip/it8xxx2/clock.c.obj
[matsu_it82000:ro] [302/376] Building C object modules/ec/zephyr/CMakeFiles/ec_shim.dir/drivers/runtime_keys/runtime_keys.c.obj
[rex-ish-ec:ro] [216/428] Building C object modules/ec/zephyr/CMakeFiles/ec_shim.dir/shim/src/pm_state.c.obj
[rex-ish-ec:ro] [217/428] Building C object modules/ec/zephyr/CMakeFiles/ec_shim.dir/shim/src/cbi/cros_cbi.c.obj
[matsu_it82000:ro] [303/376] Building C object modules/ec/zephyr/CMakeFiles/ec_shim.dir/drivers/vivaldi_kbd/vivaldi_kbd.c.obj
[matsu_it82000:ro] [304/376] Building C object modules/ec/zephyr/CMakeFiles/ec_shim.dir/drivers/usbc/pdc_rts54xx.c.obj
[matsu_it82000:ro] [305/376] Building C object modules/ec/zephyr/CMakeFiles/ec_shim.dir/shim/src/crc.c.obj
[matsu_it82000:ro] [306/376] Building C object modules/ec/zephyr/CMakeFiles/ec_shim.dir/shim/chip/it8xxx2/system.c.obj
[rex-ish-ec:ro] [218/428] Building C object modules/ec/zephyr/CMakeFiles/ec_shim.dir/shim/src/cbi/cros_cbi_fw_config.c.obj
[matsu_it82000:ro] [307/376] Building C object modules/ec/zephyr/CMakeFiles/ec_shim.dir/shim/chip/it8xxx2/power_policy.c.obj
[rex-ish-ec:ro] [219/428] Building C object modules/ec/zephyr/CMakeFiles/ec_shim.dir/shim/src/cbi/cbi_transfer.c.obj
[caboc:rw] [33/380] Building C object CMakeFiles/app.dir/mnt/host/source/src/platform/ec/zephyr/subsys/ucsi/ppm_common.c.obj
[matsu_it82000:ro] [308/376] Building C object modules/ec/zephyr/CMakeFiles/ec_shim.dir/shim/chip/it8xxx2/gpio.c.obj
[caboc:ro] [55/380] Building C object zephyr/CMakeFiles/zephyr.dir/subsys/shell/modules/kernel_service/version.c.obj
[caboc:ro] [56/380] Building C object zephyr/CMakeFiles/zephyr.dir/subsys/shell/modules/kernel_service/thread/thread.c.obj
[matsu_it82000:ro] [309/376] Building C object modules/ec/zephyr/CMakeFiles/ec_shim.dir/shim/src/console.c.obj
[matsu_it82000:ro] [310/376] Building C object modules/ec/zephyr/CMakeFiles/ec_shim.dir/shim/src/panic_utils.c.obj
[matsu_it82000:ro] [311/376] Building C object modules/ec/zephyr/CMakeFiles/ec_shim.dir/shim/src/cbi/cros_cbi.c.obj
[matsu_it82000:ro] [312/376] Building C object modules/ec/zephyr/CMakeFiles/ec_shim.dir/shim/src/gpio_int.c.obj
[matsu_it82000:ro] [313/376] Building C object modules/ec/zephyr/CMakeFiles/ec_shim.dir/shim/src/pm_state.c.obj
[matsu_it82000:ro] [314/376] Building C object modules/ec/zephyr/CMakeFiles/ec_shim.dir/shim/src/gpio.c.obj
[rex-ish-ec:ro] [220/428] Building C object modules/ec/zephyr/CMakeFiles/ec_shim.dir/shim/src/cbi/cbi_eeprom.c.obj
[rex-ish-ec:ro] [221/428] Building C object modules/ec/zephyr/CMakeFiles/ec_shim.dir/shim/src/cbi/cbi_flash.c.obj
[matsu_it82000:ro] [315/376] Building C object modules/ec/zephyr/CMakeFiles/ec_shim.dir/shim/src/cbi/cros_cbi_ufsc.c.obj
[matsu_it82000:ro] [316/376] Building C object modules/ec/zephyr/CMakeFiles/ec_shim.dir/shim/src/cbi/cbi_flash.c.obj
[caboc:ro] [57/380] Building C object zephyr/CMakeFiles/zephyr.dir/subsys/shell/modules/kernel_service/thread/stacks.c.obj
[rex-ish-ec:ro] [222/428] Building ASM object modules/ec/zephyr/CMakeFiles/ec_shim.dir/shim/src/libgcc_arm.S.obj
[rex-ish-ec:ro] [223/428] Building C object modules/ec/zephyr/CMakeFiles/ec_shim.dir/shim/src/led_driver/led.c.obj
[caboc:ro] [58/380] Building C object zephyr/CMakeFiles/zephyr.dir/subsys/shell/modules/kernel_service/thread/list.c.obj
[rex-ish-ec:ro] [224/428] Building C object modules/ec/zephyr/CMakeFiles/ec_shim.dir/shim/src/led_driver/led_gpio.c.obj
[matsu_it82000:ro] [317/376] Building C object modules/ec/zephyr/CMakeFiles/ec_shim.dir/shim/src/led_driver/led.c.obj
[caboc:rw] [34/380] Building C object CMakeFiles/app.dir/mnt/host/source/src/platform/ec/zephyr/subsys/ucsi/ppm_console.c.obj
[matsu_it82000:ro] [318/376] Building C object modules/ec/zephyr/CMakeFiles/ec_shim.dir/shim/src/led_driver/led_gpio.c.obj
[matsu_it82000:ro] [319/376] Building C object modules/ec/zephyr/CMakeFiles/ec_shim.dir/shim/src/battery.c.obj
[matsu_it82000:ro] [320/376] Building C object modules/ec/zephyr/CMakeFiles/ec_shim.dir/shim/src/system.c.obj
[matsu_it82000:ro] [321/376] Building C object modules/ec/zephyr/CMakeFiles/ec_shim.dir/shim/src/adc.c.obj
[matsu_it82000:ro] [322/376] Building C object modules/ec/zephyr/CMakeFiles/ec_shim.dir/shim/src/charger.c.obj
[matsu_it82000:ro] [323/376] Building C object modules/ec/zephyr/CMakeFiles/ec_shim.dir/shim/src/chipset_api.c.obj
[caboc:ro] [59/380] Building C object zephyr/CMakeFiles/zephyr.dir/subsys/shell/modules/kernel_service/thread/unwind.c.obj
[caboc:ro] [60/380] Building C object zephyr/CMakeFiles/zephyr.dir/subsys/shell/modules/kernel_service/thread/suspend.c.obj
[matsu_it82000:ro] [324/376] Building C object modules/ec/zephyr/CMakeFiles/ec_shim.dir/shim/src/pdc_shim.c.obj
[rex-ish-ec:ro] [225/428] Building C object modules/ec/zephyr/CMakeFiles/ec_shim.dir/shim/src/system.c.obj
[matsu_it82000:ro] [325/376] Building C object modules/ec/zephyr/CMakeFiles/ec_shim.dir/shim/src/espi.c.obj
[rex-ish-ec:ro] [226/428] Building C object modules/ec/zephyr/CMakeFiles/ec_shim.dir/shim/src/anx7452_usb_mux.c.obj
[rex-ish-ec:ro] [227/428] Building C object modules/ec/zephyr/CMakeFiles/ec_shim.dir/shim/src/battery.c.obj
[rex-ish-ec:ro] [228/428] Building C object modules/ec/zephyr/CMakeFiles/ec_shim.dir/shim/src/adc.c.obj
[caboc:rw] [35/380] Building C object CMakeFiles/app.dir/mnt/host/source/src/platform/ec/zephyr/subsys/ucsi/ppm_driver.c.obj
[matsu_it82000:ro] [326/376] Building C object modules/ec/zephyr/CMakeFiles/ec_shim.dir/shim/src/mkbp_event.c.obj
[matsu_it82000:ro] [327/376] Building C object modules/ec/zephyr/CMakeFiles/ec_shim.dir/shim/src/fan.c.obj
[matsu_it82000:ro] [328/376] Building C object modules/ec/zephyr/CMakeFiles/ec_shim.dir/shim/src/flash.c.obj
[matsu_it82000:ro] [329/376] Building C object modules/ec/zephyr/CMakeFiles/ec_shim.dir/shim/src/host_command.c.obj
[caboc:ro] [61/380] Building C object zephyr/CMakeFiles/zephyr.dir/subsys/shell/modules/kernel_service/thread/kill.c.obj
[matsu_it82000:ro] [330/376] Building C object modules/ec/zephyr/CMakeFiles/ec_shim.dir/shim/src/console_buffer.c.obj
[matsu_it82000:ro] [331/376] Building C object modules/ec/zephyr/CMakeFiles/ec_shim.dir/shim/src/hooks.c.obj
[caboc:ro] [62/380] Building C object zephyr/CMakeFiles/zephyr.dir/subsys/shell/modules/kernel_service/thread/resume.c.obj
[matsu_it82000:ro] [332/376] Building C object modules/ec/zephyr/CMakeFiles/ec_shim.dir/shim/src/panic.c.obj
[rex-ish-ec:ro] [229/428] Building C object modules/ec/zephyr/CMakeFiles/ec_shim.dir/shim/src/charger.c.obj
[matsu_it82000:ro] [333/376] Building C object modules/ec/zephyr/CMakeFiles/ec_shim.dir/shim/src/pwm_hc.c.obj
[matsu_it82000:ro] [334/376] Building C object modules/ec/zephyr/CMakeFiles/ec_shim.dir/shim/src/temp_sensors.c.obj
[matsu_it82000:ro] [335/376] Building C object modules/ec/zephyr/CMakeFiles/ec_shim.dir/shim/src/hwtimer.c.obj
[matsu_it82000:ro] [336/376] Building C object modules/ec/zephyr/CMakeFiles/ec_shim.dir/shim/src/thermal.c.obj
[caboc:rw] [36/380] Building C object CMakeFiles/app.dir/mnt/host/source/src/platform/ec/zephyr/subsys/ucsi/ucsi_host_cmd.c.obj
[rex-ish-ec:ro] [230/428] Building C object modules/ec/zephyr/CMakeFiles/ec_shim.dir/shim/src/chipset_api.c.obj
[rex-ish-ec:ro] [231/428] Building C object modules/ec/zephyr/CMakeFiles/ec_shim.dir/shim/src/espi.c.obj
[matsu_it82000:ro] [337/376] Building C object modules/ec/zephyr/CMakeFiles/ec_shim.dir/shim/src/i2c.c.obj
[matsu_it82000:ro] [338/376] Building C object modules/ec/zephyr/CMakeFiles/ec_shim.dir/shim/src/usba.c.obj
[matsu_it82000:ro] [339/376] Building C object modules/ec/zephyr/CMakeFiles/ec_shim.dir/shim/src/tasks.c.obj
[matsu_it82000:ro] [340/376] Building C object modules/ec/zephyr/CMakeFiles/ec_shim.dir/shim/src/watchdog.c.obj
[rex-ish-ec:ro] [232/428] Building C object modules/ec/zephyr/CMakeFiles/ec_shim.dir/shim/src/fan.c.obj
[matsu_it82000:ro] [341/376] Building C object modules/ec/zephyr/CMakeFiles/ec_shim.dir/shim/src/power_host_sleep_api.c.obj
[caboc:ro] [63/380] Building C object zephyr/CMakeFiles/zephyr.dir/subsys/shell/backends/shell_uart.c.obj
[matsu_it82000:ro] [342/376] Building C object zephyr/kernel/CMakeFiles/kernel.dir/main_weak.c.obj
[matsu_it82000:ro] [343/376] Building C object modules/ec/zephyr/CMakeFiles/ec_shim.dir/shim/src/sha256_hw.c.obj
[caboc:ro] [64/380] Building C object zephyr/CMakeFiles/zephyr.dir/subsys/shell/shell.c.obj
[matsu_it82000:ro] [344/376] Building C object zephyr/kernel/CMakeFiles/kernel.dir/banner.c.obj
[matsu_it82000:ro] [345/376] Building C object zephyr/kernel/CMakeFiles/kernel.dir/busy_wait.c.obj
[matsu_it82000:ro] [346/376] Linking C static library modules/ec/zephyr/libec_shim.a
[rex-ish-ec:ro] [233/428] Building C object modules/ec/zephyr/CMakeFiles/ec_shim.dir/shim/src/flash.c.obj
[matsu_it82000:ro] [347/376] Building C object zephyr/kernel/CMakeFiles/kernel.dir/device.c.obj
[matsu_it82000:ro] [348/376] Building C object zephyr/kernel/CMakeFiles/kernel.dir/errno.c.obj
[matsu_it82000:ro] [349/376] Building C object zephyr/kernel/CMakeFiles/kernel.dir/version.c.obj
[caboc:rw] [37/380] Building C object CMakeFiles/app.dir/mnt/host/source/src/platform/ec/build/zephyr/caboc/modules/ec/builtin/stdlib.c.obj
[matsu_it82000:ro] [350/376] Building C object zephyr/kernel/CMakeFiles/kernel.dir/fatal.c.obj
[caboc:ro] [65/380] Building C object zephyr/CMakeFiles/zephyr.dir/subsys/shell/shell_fprintf.c.obj
[rex-ish-ec:ro] [234/428] Building C object modules/ec/zephyr/CMakeFiles/ec_shim.dir/shim/src/hooks.c.obj
[rex-ish-ec:ro] [235/428] Building C object modules/ec/zephyr/CMakeFiles/ec_shim.dir/shim/src/host_command.c.obj
[matsu_it82000:ro] [351/376] Building C object zephyr/kernel/CMakeFiles/kernel.dir/kheap.c.obj
[matsu_it82000:ro] [352/376] Building C object zephyr/kernel/CMakeFiles/kernel.dir/mem_slab.c.obj
[matsu_it82000:ro] [353/376] Building C object zephyr/kernel/CMakeFiles/kernel.dir/init.c.obj
[rex-ish-ec:ro] [236/428] Building C object modules/ec/zephyr/CMakeFiles/ec_shim.dir/shim/src/console_buffer.c.obj
[matsu_it82000:ro] [354/376] Building C object zephyr/kernel/CMakeFiles/kernel.dir/float.c.obj
[caboc:ro] [66/380] Building C object zephyr/CMakeFiles/zephyr.dir/subsys/shell/shell_utils.c.obj
[matsu_it82000:ro] [355/376] Building C object zephyr/kernel/CMakeFiles/kernel.dir/idle.c.obj
[matsu_it82000:ro] [356/376] Building C object zephyr/kernel/CMakeFiles/kernel.dir/msg_q.c.obj
[matsu_it82000:ro] [357/376] Building C object zephyr/kernel/CMakeFiles/kernel.dir/mailbox.c.obj
[caboc:rw] [38/380] Building C object CMakeFiles/app.dir/mnt/host/source/src/platform/ec/build/zephyr/caboc/modules/ec/common/base32.c.obj
[matsu_it82000:ro] [358/376] Building C object zephyr/kernel/CMakeFiles/kernel.dir/mutex.c.obj
[rex-ish-ec:ro] [237/428] Building C object modules/ec/zephyr/CMakeFiles/ec_shim.dir/shim/src/kb8010_usb_mux.c.obj
[caboc:ro] [67/380] Building C object zephyr/CMakeFiles/zephyr.dir/subsys/shell/shell_ops.c.obj
[matsu_it82000:ro] [359/376] Building C object zephyr/kernel/CMakeFiles/kernel.dir/queue.c.obj
[matsu_it82000:ro] [360/376] Building C object zephyr/kernel/CMakeFiles/kernel.dir/system_work_q.c.obj
[matsu_it82000:ro] [361/376] Building C object zephyr/kernel/CMakeFiles/kernel.dir/stack.c.obj
[matsu_it82000:ro] [362/376] Building C object zephyr/kernel/CMakeFiles/kernel.dir/sem.c.obj
[rex-ish-ec:ro] [238/428] Building C object modules/ec/zephyr/CMakeFiles/ec_shim.dir/shim/src/keyboard_raw.c.obj
[rex-ish-ec:ro] [239/428] Building C object modules/ec/zephyr/CMakeFiles/ec_shim.dir/shim/src/mkbp_event.c.obj
[caboc:ro] [68/380] Building C object zephyr/CMakeFiles/zephyr.dir/subsys/shell/shell_help.c.obj
[rex-ish-ec:ro] [240/428] Building C object modules/ec/zephyr/CMakeFiles/ec_shim.dir/shim/src/panic.c.obj
[matsu_it82000:ro] [363/376] Building C object zephyr/kernel/CMakeFiles/kernel.dir/work.c.obj
[matsu_it82000:ro] [364/376] Building C object zephyr/kernel/CMakeFiles/kernel.dir/condvar.c.obj
[matsu_it82000:ro] [365/376] Building C object zephyr/kernel/CMakeFiles/kernel.dir/thread.c.obj
[caboc:ro] [69/380] Building C object zephyr/CMakeFiles/zephyr.dir/subsys/shell/shell_history.c.obj
[matsu_it82000:ro] [366/376] Building C object zephyr/kernel/CMakeFiles/kernel.dir/pipe.c.obj
[matsu_it82000:ro] [367/376] Building C object zephyr/kernel/CMakeFiles/kernel.dir/spinlock_validate.c.obj
[nivviks:rw] Building: /usr/bin/ninja -C /mnt/host/source/src/platform/ec/build/zephyr/nivviks/build-rw all.libraries
Running `env -i SHELL=/bin/bash COLORTERM=truecolor DEPOT_TOOLS_UPDATE=0 LESS='-R -M --shift 5' SUDO_GID=0 JDK_HOME=/etc/java-config-2/current-system-vm CONFIG_PROTECT_MASK='/etc/gentoo-release /etc/sandbox.d /etc/fonts/fonts.conf /etc/terminfo /etc/ca-certificates.conf /etc/revdep-rebuild' CHROMEOS_CACHEDIR=/var/cache/chromeos-cache JAVA_HOME=/etc/java-config-2/current-system-vm SSH_AUTH_SOCK=/tmp/ssh-auth-sock SUDO_COMMAND=/bin/bash SUDO_USER=root SUDO_TTY=/dev/pts/2 EDITOR=/usr/bin/vi PWD=/mnt/host/source/src/platform/ec CONFIG_PROTECT=/usr/share/gnupg/qualified.txt LOGNAME=jpmurphy MANPATH=/etc/java-config-2/current-system-vm/man:/usr/local/share/man:/usr/share/man:/usr/share/gcc-data/x86_64-pc-linux-gnu/10.2.0/man:/usr/share/binutils-data/x86_64-pc-linux-gnu/2.45/man:/etc/java-config-2/current-system-vm/man/ SUDO_HOME=/root XAUTHORITY=/run/user/944457/gdm/Xauthority HOME=/home/jpmurphy LANG=C.UTF-8 LS_COLORS='rs=0:di=01;34:ln=01;36:mh=00:pi=40;33:so=01;35:do=01;35:bd=40;33;01:cd=40;33;01:or=01;05;37;41:mi=01;05;37;41:su=37;41:sg=30;43:ca=30;41:tw=30;42:ow=34;42:st=37;44:ex=01;32:*.tar=01;31:*.tgz=01;31:*.arc=01;31:*.arj=01;31:*.taz=01;31:*.lha=01;31:*.lz4=01;31:*.lzh=01;31:*.lzma=01;31:*.tlz=01;31:*.txz=01;31:*.tzo=01;31:*.t7z=01;31:*.zip=01;31:*.z=01;31:*.dz=01;31:*.gz=01;31:*.lrz=01;31:*.lz=01;31:*.lzo=01;31:*.xz=01;31:*.zst=01;31:*.tzst=01;31:*.bz2=01;31:*.bz=01;31:*.tbz=01;31:*.tbz2=01;31:*.tz=01;31:*.deb=01;31:*.rpm=01;31:*.jar=01;31:*.war=01;31:*.ear=01;31:*.sar=01;31:*.rar=01;31:*.alz=01;31:*.ace=01;31:*.zoo=01;31:*.cpio=01;31:*.7z=01;31:*.rz=01;31:*.cab=01;31:*.wim=01;31:*.swm=01;31:*.dwm=01;31:*.esd=01;31:*.jpg=01;35:*.jpeg=01;35:*.mjpg=01;35:*.mjpeg=01;35:*.gif=01;35:*.bmp=01;35:*.pbm=01;35:*.pgm=01;35:*.ppm=01;35:*.tga=01;35:*.xbm=01;35:*.xpm=01;35:*.tif=01;35:*.tiff=01;35:*.png=01;35:*.svg=01;35:*.svgz=01;35:*.mng=01;35:*.pcx=01;35:*.mov=01;35:*.mpg=01;35:*.mpeg=01;35:*.m2v=01;35:*.mkv=01;35:*.webm=01;35:*.webp=01;35:*.ogm=01;35:*.mp4=01;35:*.m4v=01;35:*.mp4v=01;35:*.vob=01;35:*.qt=01;35:*.nuv=01;35:*.wmv=01;35:*.asf=01;35:*.rm=01;35:*.rmvb=01;35:*.flc=01;35:*.avi=01;35:*.fli=01;35:*.flv=01;35:*.gl=01;35:*.dl=01;35:*.xcf=01;35:*.xwd=01;35:*.yuv=01;35:*.cgm=01;35:*.emf=01;35:*.ogv=01;35:*.ogx=01;35:*.cfg=00;32:*.conf=00;32:*.diff=00;32:*.doc=00;32:*.ini=00;32:*.log=00;32:*.patch=00;32:*.pdf=00;32:*.ps=00;32:*.tex=00;32:*.txt=00;32:*.aac=00;36:*.au=00;36:*.flac=00;36:*.m4a=00;36:*.mid=00;36:*.midi=00;36:*.mka=00;36:*.mp3=00;36:*.mpc=00;36:*.ogg=00;36:*.ra=00;36:*.wav=00;36:*.oga=00;36:*.opus=00;36:*.spx=00;36:*.xspf=00;36:' XDG_CURRENT_DESKTOP=GNOME INFOPATH=/usr/share/info:/usr/share/gcc-data/x86_64-pc-linux-gnu/10.2.0/info:/usr/share/binutils-data/x86_64-pc-linux-gnu/2.45/info:/usr/share/automake-1.16.5/info JAVAC=/etc/java-config-2/current-system-vm/bin/javac TERM=xterm-256color LESSOPEN='|lesspipe %s' USER=jpmurphy CROS_WORKON_SRCROOT=/mnt/host/source MANPAGER=manpager DISPLAY=:1 SHLVL=1 LC_MESSAGES=C EXTERNAL_TRUNK_PATH=/mnt/8f9d649a-3721-44cc-93c0-e6bd21a9689f/chromiumos GCC_SPECS='' PATH=/mnt/host/source/chromite/bin:/usr/local/bin:/usr/bin:/bin:/opt/bin:/mnt/host/source/chromite/sdk/bin:/mnt/host/source/chromite/bin PORTAGE_USERNAME=jpmurphy SUDO_UID=0 GCC_VER=10.2.0 MAIL=/var/mail/jpmurphy OLDPWD=/mnt/host/source/src/scripts traceparent=00-e87aca51550a78635907baa6a2476181-6d684811675d2973-01 _=./zephyr/firmware_builder.py COREBOOT_SDK_ROOT_x86=/home/jpmurphy/.cache/coreboot-sdk/i386-elf/dfbb0486385d938cfa9d73080b9d18d598ed4f49 COREBOOT_SDK_ROOT_picolibc_x86=/home/jpmurphy/.cache/coreboot-sdk/picolibc-i386-elf/eb8e8e687b95461de8cbf278f1c2076952d0ad17 COREBOOT_SDK_ROOT_riscv64=/home/jpmurphy/.cache/coreboot-sdk/riscv64-elf/96b949749225b6aaa92ed810ab769e8dfb12f000 COREBOOT_SDK_ROOT_picolibc_arm=/home/jpmurphy/.cache/coreboot-sdk/picolibc-arm-eabi/422a2aa3e1ef891b5bece9a3deb696ff83840d2e COREBOOT_SDK_ROOT_nds32=/home/jpmurphy/.cache/coreboot-sdk/nds32le-elf/d1a518c4a097666d86058e1444f85ca015d15511 COREBOOT_SDK_ROOT_picolibc_riscv64=/home/jpmurphy/.cache/coreboot-sdk/picolibc-riscv64-elf/f571e990ef0278564b31124f8bb109d9a697eb69 COREBOOT_SDK_ROOT_arm=/home/jpmurphy/.cache/coreboot-sdk/arm-eabi/ea40ddd1d190c3b48435c474c0b545719371813a COREBOOT_SDK_ROOT_libstdcxx_riscv64=/home/jpmurphy/.cache/coreboot-sdk/libstdcxx-riscv64-elf/17abf22a3a252e2d5d2062ced5324f7a623689e0 COREBOOT_SDK_ROOT_libstdcxx_arm=/home/jpmurphy/.cache/coreboot-sdk/libstdcxx-arm-eabi/5d7d82e150e44aa1968f1d366e267e6687b328ac COREBOOT_SDK_ROOT_riscv=/home/jpmurphy/.cache/coreboot-sdk/riscv-elf/9a27b9e82341c6e9126624f516ab3f261abb3e73 COREBOOT_SDK_ROOT_libstdcxx_x86=/home/jpmurphy/.cache/coreboot-sdk/libstdcxx-i386-elf/42ef9d2e87a76a37963175d7d428734e65648b87 PYTHONPATH=/mnt/host/source/src/platform/ec/zephyr/zmake PW_PIGWEED_CIPD_INSTALL_DIR=/usr CROSTC_USER_ACKNOWLEDGES_THAT_RISCV_IS_EXPERIMENTAL=1 MAKEFLAGS=' -j16 --jobserver-auth=5,6' /usr/bin/ninja -C /mnt/host/source/src/platform/ec/build/zephyr/nivviks/build-rw all.libraries`
[matsu_it82000:ro] [368/376] Building C object zephyr/kernel/CMakeFiles/kernel.dir/thread_monitor.c.obj
[nivviks:rw] ninja: Entering directory `/mnt/host/source/src/platform/ec/build/zephyr/nivviks/build-rw'
[caboc:rw] [39/380] Building C object CMakeFiles/app.dir/mnt/host/source/src/platform/ec/build/zephyr/caboc/modules/ec/common/console_output.c.obj
[matsu_it82000:ro] [369/376] Building C object zephyr/kernel/CMakeFiles/kernel.dir/sched.c.obj
[matsu_it82000:ro] [370/376] Building C object zephyr/kernel/CMakeFiles/kernel.dir/timeout.c.obj
[rex-ish-ec:ro] [241/428] Building C object modules/ec/zephyr/CMakeFiles/ec_shim.dir/shim/src/pwm_hc.c.obj
[matsu_it82000:ro] [371/376] Building C object zephyr/kernel/CMakeFiles/kernel.dir/timer.c.obj
[caboc:ro] [70/380] Building C object zephyr/CMakeFiles/zephyr.dir/drivers/flash/flash_util.c.obj
[rex-ish-ec:ro] [242/428] Building C object modules/ec/zephyr/CMakeFiles/ec_shim.dir/shim/src/thermal.c.obj
[caboc:ro] [71/380] Linking C static library zephyr/libzephyr.a
[rex-ish-ec:ro] [243/428] Building C object modules/ec/zephyr/CMakeFiles/ec_shim.dir/shim/src/hwtimer.c.obj
[matsu_it82000:ro] [372/376] Building C object zephyr/kernel/CMakeFiles/kernel.dir/poll.c.obj
[caboc:ro] [72/380] Building C object zephyr/arch/common/CMakeFiles/arch__common.dir/sw_isr_common.c.obj
[matsu_it82000:ro] [373/376] Building C object zephyr/kernel/CMakeFiles/kernel.dir/events.c.obj
[matsu_it82000:ro] [374/376] Building C object zephyr/kernel/CMakeFiles/kernel.dir/dynamic_disabled.c.obj
[nivviks:ro] Building: /usr/bin/ninja -C /mnt/host/source/src/platform/ec/build/zephyr/nivviks/build-ro all.libraries
Running `env -i SHELL=/bin/bash COLORTERM=truecolor DEPOT_TOOLS_UPDATE=0 LESS='-R -M --shift 5' SUDO_GID=0 JDK_HOME=/etc/java-config-2/current-system-vm CONFIG_PROTECT_MASK='/etc/gentoo-release /etc/sandbox.d /etc/fonts/fonts.conf /etc/terminfo /etc/ca-certificates.conf /etc/revdep-rebuild' CHROMEOS_CACHEDIR=/var/cache/chromeos-cache JAVA_HOME=/etc/java-config-2/current-system-vm SSH_AUTH_SOCK=/tmp/ssh-auth-sock SUDO_COMMAND=/bin/bash SUDO_USER=root SUDO_TTY=/dev/pts/2 EDITOR=/usr/bin/vi PWD=/mnt/host/source/src/platform/ec CONFIG_PROTECT=/usr/share/gnupg/qualified.txt LOGNAME=jpmurphy MANPATH=/etc/java-config-2/current-system-vm/man:/usr/local/share/man:/usr/share/man:/usr/share/gcc-data/x86_64-pc-linux-gnu/10.2.0/man:/usr/share/binutils-data/x86_64-pc-linux-gnu/2.45/man:/etc/java-config-2/current-system-vm/man/ SUDO_HOME=/root XAUTHORITY=/run/user/944457/gdm/Xauthority HOME=/home/jpmurphy LANG=C.UTF-8 LS_COLORS='rs=0:di=01;34:ln=01;36:mh=00:pi=40;33:so=01;35:do=01;35:bd=40;33;01:cd=40;33;01:or=01;05;37;41:mi=01;05;37;41:su=37;41:sg=30;43:ca=30;41:tw=30;42:ow=34;42:st=37;44:ex=01;32:*.tar=01;31:*.tgz=01;31:*.arc=01;31:*.arj=01;31:*.taz=01;31:*.lha=01;31:*.lz4=01;31:*.lzh=01;31:*.lzma=01;31:*.tlz=01;31:*.txz=01;31:*.tzo=01;31:*.t7z=01;31:*.zip=01;31:*.z=01;31:*.dz=01;31:*.gz=01;31:*.lrz=01;31:*.lz=01;31:*.lzo=01;31:*.xz=01;31:*.zst=01;31:*.tzst=01;31:*.bz2=01;31:*.bz=01;31:*.tbz=01;31:*.tbz2=01;31:*.tz=01;31:*.deb=01;31:*.rpm=01;31:*.jar=01;31:*.war=01;31:*.ear=01;31:*.sar=01;31:*.rar=01;31:*.alz=01;31:*.ace=01;31:*.zoo=01;31:*.cpio=01;31:*.7z=01;31:*.rz=01;31:*.cab=01;31:*.wim=01;31:*.swm=01;31:*.dwm=01;31:*.esd=01;31:*.jpg=01;35:*.jpeg=01;35:*.mjpg=01;35:*.mjpeg=01;35:*.gif=01;35:*.bmp=01;35:*.pbm=01;35:*.pgm=01;35:*.ppm=01;35:*.tga=01;35:*.xbm=01;35:*.xpm=01;35:*.tif=01;35:*.tiff=01;35:*.png=01;35:*.svg=01;35:*.svgz=01;35:*.mng=01;35:*.pcx=01;35:*.mov=01;35:*.mpg=01;35:*.mpeg=01;35:*.m2v=01;35:*.mkv=01;35:*.webm=01;35:*.webp=01;35:*.ogm=01;35:*.mp4=01;35:*.m4v=01;35:*.mp4v=01;35:*.vob=01;35:*.qt=01;35:*.nuv=01;35:*.wmv=01;35:*.asf=01;35:*.rm=01;35:*.rmvb=01;35:*.flc=01;35:*.avi=01;35:*.fli=01;35:*.flv=01;35:*.gl=01;35:*.dl=01;35:*.xcf=01;35:*.xwd=01;35:*.yuv=01;35:*.cgm=01;35:*.emf=01;35:*.ogv=01;35:*.ogx=01;35:*.cfg=00;32:*.conf=00;32:*.diff=00;32:*.doc=00;32:*.ini=00;32:*.log=00;32:*.patch=00;32:*.pdf=00;32:*.ps=00;32:*.tex=00;32:*.txt=00;32:*.aac=00;36:*.au=00;36:*.flac=00;36:*.m4a=00;36:*.mid=00;36:*.midi=00;36:*.mka=00;36:*.mp3=00;36:*.mpc=00;36:*.ogg=00;36:*.ra=00;36:*.wav=00;36:*.oga=00;36:*.opus=00;36:*.spx=00;36:*.xspf=00;36:' XDG_CURRENT_DESKTOP=GNOME INFOPATH=/usr/share/info:/usr/share/gcc-data/x86_64-pc-linux-gnu/10.2.0/info:/usr/share/binutils-data/x86_64-pc-linux-gnu/2.45/info:/usr/share/automake-1.16.5/info JAVAC=/etc/java-config-2/current-system-vm/bin/javac TERM=xterm-256color LESSOPEN='|lesspipe %s' USER=jpmurphy CROS_WORKON_SRCROOT=/mnt/host/source MANPAGER=manpager DISPLAY=:1 SHLVL=1 LC_MESSAGES=C EXTERNAL_TRUNK_PATH=/mnt/8f9d649a-3721-44cc-93c0-e6bd21a9689f/chromiumos GCC_SPECS='' PATH=/mnt/host/source/chromite/bin:/usr/local/bin:/usr/bin:/bin:/opt/bin:/mnt/host/source/chromite/sdk/bin:/mnt/host/source/chromite/bin PORTAGE_USERNAME=jpmurphy SUDO_UID=0 GCC_VER=10.2.0 MAIL=/var/mail/jpmurphy OLDPWD=/mnt/host/source/src/scripts traceparent=00-e87aca51550a78635907baa6a2476181-6d684811675d2973-01 _=./zephyr/firmware_builder.py COREBOOT_SDK_ROOT_x86=/home/jpmurphy/.cache/coreboot-sdk/i386-elf/dfbb0486385d938cfa9d73080b9d18d598ed4f49 COREBOOT_SDK_ROOT_picolibc_x86=/home/jpmurphy/.cache/coreboot-sdk/picolibc-i386-elf/eb8e8e687b95461de8cbf278f1c2076952d0ad17 COREBOOT_SDK_ROOT_riscv64=/home/jpmurphy/.cache/coreboot-sdk/riscv64-elf/96b949749225b6aaa92ed810ab769e8dfb12f000 COREBOOT_SDK_ROOT_picolibc_arm=/home/jpmurphy/.cache/coreboot-sdk/picolibc-arm-eabi/422a2aa3e1ef891b5bece9a3deb696ff83840d2e COREBOOT_SDK_ROOT_nds32=/home/jpmurphy/.cache/coreboot-sdk/nds32le-elf/d1a518c4a097666d86058e1444f85ca015d15511 COREBOOT_SDK_ROOT_picolibc_riscv64=/home/jpmurphy/.cache/coreboot-sdk/picolibc-riscv64-elf/f571e990ef0278564b31124f8bb109d9a697eb69 COREBOOT_SDK_ROOT_arm=/home/jpmurphy/.cache/coreboot-sdk/arm-eabi/ea40ddd1d190c3b48435c474c0b545719371813a COREBOOT_SDK_ROOT_libstdcxx_riscv64=/home/jpmurphy/.cache/coreboot-sdk/libstdcxx-riscv64-elf/17abf22a3a252e2d5d2062ced5324f7a623689e0 COREBOOT_SDK_ROOT_libstdcxx_arm=/home/jpmurphy/.cache/coreboot-sdk/libstdcxx-arm-eabi/5d7d82e150e44aa1968f1d366e267e6687b328ac COREBOOT_SDK_ROOT_riscv=/home/jpmurphy/.cache/coreboot-sdk/riscv-elf/9a27b9e82341c6e9126624f516ab3f261abb3e73 COREBOOT_SDK_ROOT_libstdcxx_x86=/home/jpmurphy/.cache/coreboot-sdk/libstdcxx-i386-elf/42ef9d2e87a76a37963175d7d428734e65648b87 PYTHONPATH=/mnt/host/source/src/platform/ec/zephyr/zmake PW_PIGWEED_CIPD_INSTALL_DIR=/usr CROSTC_USER_ACKNOWLEDGES_THAT_RISCV_IS_EXPERIMENTAL=1 MAKEFLAGS=' -j16 --jobserver-auth=5,6' /usr/bin/ninja -C /mnt/host/source/src/platform/ec/build/zephyr/nivviks/build-ro all.libraries`
[matsu_it82000:ro] [375/376] Building C object zephyr/kernel/CMakeFiles/kernel.dir/mempool.c.obj
[nivviks:ro] ninja: Entering directory `/mnt/host/source/src/platform/ec/build/zephyr/nivviks/build-ro'
[nivviks:rw] [1/413] Preparing syscall dependency handling
[rex-ish-ec:ro] [244/428] Building C object modules/ec/zephyr/CMakeFiles/ec_shim.dir/shim/src/temp_sensors.c.obj
[caboc:ro] [73/380] Building C object zephyr/arch/common/CMakeFiles/arch__common.dir/dynamic_isr.c.obj
[nivviks:rw] [2/413] Generating include/generated/zephyr/version.h
[nivviks:rw] -- git describe warned: warning: tag 'upstream/v2.7.99' is externally known as 'v2.7.99'
[nivviks:rw] -- Zephyr version: 4.3.99 (/mnt/host/source/src/third_party/zephyr/main)
[nivviks:rw] [3/413] Generating misc/generated/syscalls_subdirs.trigger
[matsu_it82000:ro] [376/376] Linking C static library zephyr/kernel/libkernel.a
[caboc:ro] [74/380] Building C object zephyr/arch/common/CMakeFiles/arch__common.dir/init.c.obj
[nivviks:rw] [4/413] cd /mnt/host/source/src/platform/ec/build/zephyr/nivviks/build-rw/modules/ec/zephyr && PYTHONPATH=/mnt/host/source/src/platform/ec/build/zephyr/nivviks/modules/ec/zephyr/zmake/ /usr/bin/python3.11 /mnt/host/source/src/platform/ec/build/zephyr/nivviks/modules/ec/zephyr/zmake/zephyr_build_tools/generate_ec_version.py /mnt/host/source/src/platform/ec/build/zephyr/nivviks/build-rw/modules/ec/zephyr/include/ec_version.h --name Zephyr-Kernel --version 16543.0.0 --static
[nivviks:rw] INFO:root:Using a static version string
[caboc:rw] [40/380] Building C object CMakeFiles/app.dir/mnt/host/source/src/platform/ec/build/zephyr/caboc/modules/ec/common/ec_features.c.obj
[caboc:rw] [41/380] Building C object CMakeFiles/app.dir/mnt/host/source/src/platform/ec/build/zephyr/caboc/modules/ec/common/gpio_commands.c.obj
[caboc:ro] [75/380] Building C object zephyr/arch/common/CMakeFiles/isr_tables.dir/isr_tables.c.obj
[caboc:ro] [76/380] Linking C static library zephyr/arch/common/libisr_tables.a
[caboc:rw] [42/380] Building C object CMakeFiles/app.dir/mnt/host/source/src/platform/ec/build/zephyr/caboc/modules/ec/common/peripheral.c.obj
[caboc:ro] [77/380] Building C object zephyr/arch/common/CMakeFiles/arch__common.dir/xip.c.obj
[rex-ish-ec:ro] [245/428] Building C object modules/ec/zephyr/CMakeFiles/ec_shim.dir/shim/src/i2c.c.obj
[nivviks:ro] [1/413] Generating include/generated/zephyr/version.h
[nivviks:ro] -- git describe warned: warning: tag 'upstream/v2.7.99' is externally known as 'v2.7.99'
[caboc:ro] [78/380] Linking C static library zephyr/arch/common/libarch__common.a
[caboc:ro] [79/380] Building C object zephyr/arch/arch/riscv/core/CMakeFiles/arch__riscv__core.dir/cpu_idle.c.obj
[nivviks:ro] -- Zephyr version: 4.3.99 (/mnt/host/source/src/third_party/zephyr/main)
[nivviks:ro] [2/413] Preparing syscall dependency handling
[caboc:rw] [43/380] Building C object CMakeFiles/app.dir/mnt/host/source/src/platform/ec/build/zephyr/caboc/modules/ec/common/printf.c.obj
[rex-ish-ec:ro] [246/428] Building C object modules/ec/zephyr/CMakeFiles/ec_shim.dir/shim/src/tasks.c.obj
[nivviks:ro] [3/413] Generating misc/generated/syscalls_subdirs.trigger
[nivviks:rw] INFO:root:Version string: Zephyr-Kernel-16543.0.0
[nivviks:rw] INFO:root:Writing header to /mnt/host/source/src/platform/ec/build/zephyr/nivviks/build-rw/modules/ec/zephyr/include/ec_version.h
[nivviks:rw] [5/413] Generating misc/generated/syscalls.json, misc/generated/struct_tags.json
[rex-ish-ec:ro] [247/428] Building C object modules/ec/zephyr/CMakeFiles/ec_shim.dir/shim/src/bc12.c.obj
[caboc:ro] [80/380] Building C object zephyr/arch/arch/riscv/core/CMakeFiles/arch__riscv__core.dir/prep_c.c.obj
[caboc:rw] [44/380] Building C object CMakeFiles/app.dir/mnt/host/source/src/platform/ec/build/zephyr/caboc/modules/ec/common/queue.c.obj
[rex-ish-ec:ro] [248/428] Building C object modules/ec/zephyr/CMakeFiles/ec_shim.dir/shim/src/watchdog.c.obj
[nivviks:rw] [6/413] Generating include/generated/zephyr/syscall_dispatch.c, include/generated/zephyr/syscall_exports_llext.c, syscall_weakdefs_llext.c, include/generated/zephyr/syscall_list.h
[caboc:ro] [81/380] Building C object zephyr/arch/arch/riscv/core/CMakeFiles/arch__riscv__core.dir/fatal.c.obj
[caboc:rw] [45/380] Building C object CMakeFiles/app.dir/mnt/host/source/src/platform/ec/build/zephyr/caboc/modules/ec/common/system_boot_time.c.obj
[nivviks:rw] [7/413] Generating include/generated/zephyr/driver-validation.h
[caboc:ro] [82/380] Building C object zephyr/arch/arch/riscv/core/CMakeFiles/arch__riscv__core.dir/irq_manage.c.obj
[caboc:rw] [46/380] Building C object CMakeFiles/app.dir/mnt/host/source/src/platform/ec/build/zephyr/caboc/modules/ec/common/uart_printf.c.obj
[caboc:ro] [83/380] Building C object zephyr/arch/arch/riscv/core/CMakeFiles/arch__riscv__core.dir/reboot.c.obj
[nivviks:rw] [8/413] Generating include/generated/zephyr/kobj-types-enum.h, include/generated/zephyr/otype-to-str.h, include/generated/zephyr/otype-to-size.h
[nivviks:rw] [9/413] Generating include/generated/device-api-sections.ld, include/generated/device-api-sections.cmake
[nivviks:rw] [10/413] Building C object zephyr/CMakeFiles/offsets.dir/arch/arm/core/offsets/offsets.c.obj
[nivviks:ro] [4/413] Generating misc/generated/syscalls.json, misc/generated/struct_tags.json
[rex-ish-ec:ro] [249/428] Building C object modules/ec/zephyr/CMakeFiles/ec_shim.dir/shim/src/bc12_pi3usb9201.c.obj
[caboc:rw] [47/380] Building C object CMakeFiles/app.dir/mnt/host/source/src/platform/ec/build/zephyr/caboc/modules/ec/common/system.c.obj
[caboc:ro] [84/380] Building ASM object zephyr/arch/arch/riscv/core/CMakeFiles/arch__riscv__core.dir/reset.S.obj
[caboc:rw] [48/380] Building C object CMakeFiles/app.dir/mnt/host/source/src/platform/ec/build/zephyr/caboc/modules/ec/common/util.c.obj
[nivviks:rw] [11/413] Generating include/generated/zephyr/offsets.h
[nivviks:rw] [12/413] Building C object CMakeFiles/app.dir/mnt/host/source/src/platform/ec/zephyr/subsys/ap_pwrseq/ap_events.c.obj
[nivviks:rw] [13/413] Building C object CMakeFiles/app.dir/mnt/host/source/src/platform/ec/zephyr/subsys/ap_pwrseq/ap_power_interface.c.obj
[nivviks:rw] [14/413] Building C object CMakeFiles/app.dir/mnt/host/source/src/platform/ec/zephyr/subsys/ap_pwrseq/power_signals.c.obj
[nivviks:ro] [5/413] Generating include/generated/zephyr/syscall_dispatch.c, include/generated/zephyr/syscall_exports_llext.c, syscall_weakdefs_llext.c, include/generated/zephyr/syscall_list.h
[nivviks:rw] [15/413] Building C object CMakeFiles/app.dir/mnt/host/source/src/platform/ec/zephyr/subsys/ap_pwrseq/signal_gpio.c.obj
[nivviks:rw] [16/413] Building C object CMakeFiles/app.dir/mnt/host/source/src/platform/ec/zephyr/subsys/ap_pwrseq/signal_vw.c.obj
[nivviks:rw] [17/413] Building C object CMakeFiles/app.dir/mnt/host/source/src/platform/ec/zephyr/subsys/ap_pwrseq/signal_adc.c.obj
[nivviks:rw] [18/413] Building C object CMakeFiles/app.dir/mnt/host/source/src/platform/ec/zephyr/subsys/ap_pwrseq/power_host_sleep.c.obj
[caboc:ro] [85/380] Building ASM object zephyr/arch/arch/riscv/core/CMakeFiles/arch__riscv__core.dir/switch.S.obj
[caboc:rw] [49/380] Building C object CMakeFiles/app.dir/mnt/host/source/src/platform/ec/build/zephyr/caboc/modules/ec/common/version.c.obj
[nivviks:rw] [19/413] Building C object CMakeFiles/app.dir/mnt/host/source/src/platform/ec/zephyr/subsys/ap_pwrseq/x86_non_dsx_common_pwrseq_sm_handler.c.obj
[rex-ish-ec:ro] [250/428] Building C object modules/ec/zephyr/CMakeFiles/ec_shim.dir/shim/src/tcpc_nct38xx.c.obj
[nivviks:rw] [20/413] Building C object CMakeFiles/app.dir/mnt/host/source/src/platform/ec/zephyr/subsys/ap_pwrseq/x86_non_dsx_chipset_power_state.c.obj
[caboc:ro] [86/380] Generating ../../../include/generated/libc/minimal/strerror_table.h
[nivviks:rw] [21/413] Building C object CMakeFiles/app.dir/mnt/host/source/src/platform/ec/zephyr/subsys/ap_pwrseq/x86_non_dsx_common_pwrseq_host_sleep.c.obj
[nivviks:rw] [22/413] Building C object CMakeFiles/app.dir/mnt/host/source/src/platform/ec/zephyr/subsys/ap_pwrseq/x86_non_dsx_common_pwrseq_console.c.obj
[nivviks:rw] [23/413] Building C object CMakeFiles/app.dir/mnt/host/source/src/platform/ec/zephyr/subsys/ap_pwrseq/x86_non_dsx_common_pwrseq_host_command.c.obj
[rex-ish-ec:ro] [251/428] Building C object modules/ec/zephyr/CMakeFiles/ec_shim.dir/shim/src/ppc.c.obj
[nivviks:ro] [6/413] Generating include/generated/zephyr/driver-validation.h
[nivviks:rw] [24/413] Building C object CMakeFiles/app.dir/mnt/host/source/src/platform/ec/zephyr/subsys/ap_pwrseq/x86_non_dsx_adlp_pwrseq_sm.c.obj
[rex-ish-ec:ro] [252/428] Building C object modules/ec/zephyr/CMakeFiles/ec_shim.dir/shim/src/power_host_sleep_api.c.obj
[nivviks:rw] [25/413] Building C object CMakeFiles/app.dir/mnt/host/source/src/platform/ec/zephyr/subsys/ap_pwrseq/ap_reset_log.c.obj
[nivviks:rw] [26/413] Building C object CMakeFiles/app.dir/mnt/host/source/src/platform/ec/build/zephyr/nivviks/modules/ec/builtin/stdlib.c.obj
[nivviks:rw] [27/413] Building C object CMakeFiles/app.dir/mnt/host/source/src/platform/ec/build/zephyr/nivviks/modules/ec/common/base32.c.obj
[nivviks:rw] [28/413] Building C object CMakeFiles/app.dir/mnt/host/source/src/platform/ec/build/zephyr/nivviks/modules/ec/common/console_output.c.obj
[nivviks:rw] [29/413] Building C object CMakeFiles/app.dir/mnt/host/source/src/platform/ec/build/zephyr/nivviks/modules/ec/common/ec_features.c.obj
[rex-ish-ec:ro] [253/428] Building C object modules/ec/zephyr/CMakeFiles/ec_shim.dir/shim/src/usba.c.obj
[nivviks:rw] [30/413] Building C object CMakeFiles/app.dir/mnt/host/source/src/platform/ec/build/zephyr/nivviks/modules/ec/common/gpio_commands.c.obj
[nivviks:rw] [31/413] Building C object CMakeFiles/app.dir/mnt/host/source/src/platform/ec/build/zephyr/nivviks/modules/ec/common/peripheral.c.obj
[caboc:ro] [87/380] Building C object zephyr/lib/libc/minimal/CMakeFiles/lib__libc__minimal.dir/source/stdlib/atoi.c.obj
[caboc:ro] [88/380] Building C object zephyr/arch/arch/riscv/core/CMakeFiles/arch__riscv__core.dir/thread.c.obj
[nivviks:rw] [32/413] Building C object CMakeFiles/app.dir/mnt/host/source/src/platform/ec/build/zephyr/nivviks/modules/ec/common/printf.c.obj
[nivviks:rw] [33/413] Building C object CMakeFiles/app.dir/mnt/host/source/src/platform/ec/build/zephyr/nivviks/modules/ec/common/queue.c.obj
[nivviks:rw] [34/413] Building C object CMakeFiles/app.dir/mnt/host/source/src/platform/ec/build/zephyr/nivviks/modules/ec/common/system.c.obj
[nivviks:rw] [35/413] Building C object CMakeFiles/app.dir/mnt/host/source/src/platform/ec/build/zephyr/nivviks/modules/ec/common/system_boot_time.c.obj
[rex-ish-ec:ro] [254/428] cd /mnt/host/source/src/platform/ec/build/zephyr/rex-ish-ec/build-ro/modules/ec/zephyr && PYTHONPATH=/mnt/host/source/src/platform/ec/build/zephyr/rex-ish-ec/modules/ec/zephyr/zmake/ /usr/bin/python3.11 /mnt/host/source/src/platform/ec/build/zephyr/rex-ish-ec/modules/ec/zephyr/zmake/zephyr_build_tools/generate_ec_version.py /mnt/host/source/src/platform/ec/build/zephyr/rex-ish-ec/build-ro/modules/ec/zephyr/include/ec_version.h --name Zephyr-Kernel --version 16543.0.0 --static
[nivviks:rw] [36/413] Building C object CMakeFiles/app.dir/mnt/host/source/src/platform/ec/build/zephyr/nivviks/modules/ec/common/uart_printf.c.obj
[nivviks:rw] [37/413] Building C object CMakeFiles/app.dir/mnt/host/source/src/platform/ec/build/zephyr/nivviks/modules/ec/common/util.c.obj
[nivviks:rw] [38/413] Building C object CMakeFiles/app.dir/mnt/host/source/src/platform/ec/build/zephyr/nivviks/modules/ec/common/version.c.obj
[caboc:ro] [89/380] Building ASM object zephyr/arch/arch/riscv/core/CMakeFiles/arch__riscv__core.dir/isr.S.obj
[nivviks:ro] [7/413] Generating include/generated/zephyr/kobj-types-enum.h, include/generated/zephyr/otype-to-str.h, include/generated/zephyr/otype-to-size.h
[nivviks:rw] [39/413] Building C object CMakeFiles/app.dir/mnt/host/source/src/platform/ec/build/zephyr/nivviks/modules/ec/common/power_button_x86.c.obj
[nivviks:rw] [40/413] Building C object CMakeFiles/app.dir/mnt/host/source/src/platform/ec/build/zephyr/nivviks/modules/ec/driver/accel_lis2dw12.c.obj
[caboc:ro] [90/380] Building C object zephyr/lib/libc/minimal/CMakeFiles/lib__libc__minimal.dir/source/stdlib/strtol.c.obj
[caboc:ro] [91/380] Building C object zephyr/lib/libc/minimal/CMakeFiles/lib__libc__minimal.dir/source/stdlib/strtoul.c.obj
[nivviks:rw] [41/413] Building C object CMakeFiles/app.dir/mnt/host/source/src/platform/ec/build/zephyr/nivviks/modules/ec/driver/accelgyro_lsm6dso.c.obj
[caboc:rw] [50/380] Building C object CMakeFiles/app.dir/mnt/host/source/src/platform/ec/build/zephyr/caboc/modules/ec/common/power_button_x86.c.obj
[nivviks:rw] [42/413] Building C object CMakeFiles/app.dir/mnt/host/source/src/platform/ec/build/zephyr/nivviks/modules/ec/common/motion_sense_fifo.c.obj
[caboc:rw] [51/380] Building C object CMakeFiles/app.dir/mnt/host/source/src/platform/ec/build/zephyr/caboc/modules/ec/common/backlight_lid.c.obj
[nivviks:ro] [8/413] Generating include/generated/device-api-sections.ld, include/generated/device-api-sections.cmake
[nivviks:rw] [43/413] Building C object CMakeFiles/app.dir/mnt/host/source/src/platform/ec/build/zephyr/nivviks/modules/ec/common/adc.c.obj
[caboc:ro] [92/380] Building C object zephyr/arch/arch/riscv/core/CMakeFiles/arch__riscv__core.dir/stacktrace.c.obj
[nivviks:rw] [44/413] Building C object CMakeFiles/app.dir/mnt/host/source/src/platform/ec/build/zephyr/nivviks/modules/ec/common/acpi.c.obj
[nivviks:ro] [9/413] Building C object zephyr/CMakeFiles/offsets.dir/arch/arm/core/offsets/offsets.c.obj
[nivviks:rw] [45/413] Building C object CMakeFiles/app.dir/mnt/host/source/src/platform/ec/build/zephyr/nivviks/modules/ec/common/backlight_lid.c.obj
[nivviks:rw] [46/413] Building C object CMakeFiles/app.dir/mnt/host/source/src/platform/ec/build/zephyr/nivviks/modules/ec/common/battery.c.obj
[nivviks:rw] [47/413] Building C object CMakeFiles/app.dir/mnt/host/source/src/platform/ec/build/zephyr/nivviks/modules/ec/common/battery_info.c.obj
[caboc:ro] [93/380] Building C object zephyr/lib/libc/minimal/CMakeFiles/lib__libc__minimal.dir/source/stdlib/strtoll.c.obj
[nivviks:rw] [48/413] Building C object CMakeFiles/app.dir/mnt/host/source/src/platform/ec/build/zephyr/nivviks/modules/ec/common/battery_fuel_gauge.c.obj
[caboc:ro] [94/380] Linking C static library zephyr/arch/arch/riscv/core/libarch__riscv__core.a
[caboc:ro] [95/380] Building C object zephyr/lib/libc/minimal/CMakeFiles/lib__libc__minimal.dir/source/stdlib/strtoull.c.obj
[caboc:ro] [96/380] Building C object zephyr/lib/libc/minimal/CMakeFiles/lib__libc__minimal.dir/source/stdlib/bsearch.c.obj
[nivviks:rw] [49/413] Building C object CMakeFiles/app.dir/mnt/host/source/src/platform/ec/build/zephyr/nivviks/modules/ec/driver/battery/smart.c.obj
[caboc:rw] [52/380] Building C object CMakeFiles/app.dir/mnt/host/source/src/platform/ec/build/zephyr/caboc/modules/ec/common/adc.c.obj
[nivviks:rw] [50/413] Building C object CMakeFiles/app.dir/mnt/host/source/src/platform/ec/build/zephyr/nivviks/modules/ec/driver/bc12/pi3usb9201.c.obj
[nivviks:rw] [51/413] Building C object CMakeFiles/app.dir/mnt/host/source/src/platform/ec/build/zephyr/nivviks/modules/ec/driver/charger/isl923x.c.obj
[caboc:rw] [53/380] Building C object CMakeFiles/app.dir/mnt/host/source/src/platform/ec/build/zephyr/caboc/modules/ec/common/acpi.c.obj
[nivviks:ro] [10/413] Generating include/generated/zephyr/offsets.h
[nivviks:rw] [52/413] Building C object CMakeFiles/app.dir/mnt/host/source/src/platform/ec/build/zephyr/nivviks/modules/ec/common/charger.c.obj
[nivviks:ro] [11/413] Building C object zephyr/CMakeFiles/zephyr.dir/lib/libc/validate_libc.c.obj
[nivviks:rw] [53/413] Building C object CMakeFiles/app.dir/mnt/host/source/src/platform/ec/build/zephyr/nivviks/modules/ec/common/charge_state.c.obj
[nivviks:ro] [12/413] Building C object zephyr/CMakeFiles/zephyr.dir/lib/heap/heap.c.obj
[nivviks:rw] [54/413] Building C object CMakeFiles/app.dir/mnt/host/source/src/platform/ec/build/zephyr/nivviks/modules/ec/common/charge_manager.c.obj
[nivviks:ro] [13/413] Building C object zephyr/CMakeFiles/zephyr.dir/lib/os/cbprintf_packaged.c.obj
[nivviks:rw] [55/413] Building C object CMakeFiles/app.dir/mnt/host/source/src/platform/ec/build/zephyr/nivviks/modules/ec/common/ocpc.c.obj
[caboc:ro] [97/380] Building C object zephyr/lib/libc/minimal/CMakeFiles/lib__libc__minimal.dir/source/string/strncasecmp.c.obj
[nivviks:ro] [14/413] Building C object zephyr/CMakeFiles/zephyr.dir/lib/os/clock.c.obj
[nivviks:rw] [56/413] Building C object CMakeFiles/app.dir/mnt/host/source/src/platform/ec/build/zephyr/nivviks/modules/ec/common/cbi_common.c.obj
[nivviks:ro] [15/413] Building C object zephyr/CMakeFiles/zephyr.dir/lib/os/printk.c.obj
[nivviks:rw] [57/413] Building C object CMakeFiles/app.dir/mnt/host/source/src/platform/ec/build/zephyr/nivviks/modules/ec/common/cbi.c.obj
[nivviks:ro] [16/413] Building C object zephyr/CMakeFiles/zephyr.dir/lib/os/sem.c.obj
[nivviks:ro] [17/413] Building C object zephyr/CMakeFiles/zephyr.dir/lib/os/thread_entry.c.obj
[nivviks:rw] [58/413] Building C object CMakeFiles/app.dir/mnt/host/source/src/platform/ec/build/zephyr/nivviks/modules/ec/common/cbi_config.c.obj
[nivviks:ro] [18/413] Building C object zephyr/CMakeFiles/zephyr.dir/lib/os/cbprintf_nano.c.obj
[nivviks:rw] [59/413] Building C object CMakeFiles/app.dir/mnt/host/source/src/platform/ec/build/zephyr/nivviks/modules/ec/common/dptf.c.obj
[nivviks:ro] [19/413] Building C object zephyr/CMakeFiles/zephyr.dir/lib/os/cbprintf.c.obj
[nivviks:ro] [20/413] Building C object zephyr/CMakeFiles/zephyr.dir/lib/os/assert.c.obj
[nivviks:rw] [60/413] Building C object CMakeFiles/app.dir/mnt/host/source/src/platform/ec/build/zephyr/nivviks/modules/ec/common/ap_reset_log.c.obj
[nivviks:ro] [21/413] Building C object zephyr/CMakeFiles/zephyr.dir/lib/utils/dec.c.obj
[nivviks:rw] [61/413] Building C object CMakeFiles/app.dir/mnt/host/source/src/platform/ec/build/zephyr/nivviks/modules/ec/common/espi.c.obj
[caboc:ro] [98/380] Building C object zephyr/lib/libc/minimal/CMakeFiles/lib__libc__minimal.dir/source/string/strstr.c.obj
[nivviks:rw] [62/413] Building C object CMakeFiles/app.dir/mnt/host/source/src/platform/ec/build/zephyr/nivviks/modules/ec/common/extpower_common.c.obj
[nivviks:ro] [22/413] Building C object zephyr/CMakeFiles/zephyr.dir/lib/utils/hex.c.obj
[nivviks:rw] [63/413] Building C object CMakeFiles/app.dir/mnt/host/source/src/platform/ec/build/zephyr/nivviks/modules/ec/common/fan.c.obj
[nivviks:rw] [64/413] Building C object CMakeFiles/app.dir/mnt/host/source/src/platform/ec/build/zephyr/nivviks/modules/ec/common/flash.c.obj
[nivviks:ro] [23/413] Building C object zephyr/CMakeFiles/zephyr.dir/lib/utils/rb.c.obj
[nivviks:ro] [24/413] Building C object zephyr/CMakeFiles/zephyr.dir/lib/utils/timeutil.c.obj
[nivviks:rw] [65/413] Building C object CMakeFiles/app.dir/mnt/host/source/src/platform/ec/build/zephyr/nivviks/modules/ec/common/host_command.c.obj
[caboc:ro] [99/380] Building C object zephyr/lib/libc/minimal/CMakeFiles/lib__libc__minimal.dir/source/string/strerror.c.obj
[nivviks:ro] [25/413] Building C object zephyr/CMakeFiles/zephyr.dir/lib/utils/bitarray.c.obj
[nivviks:rw] [66/413] Building C object CMakeFiles/app.dir/mnt/host/source/src/platform/ec/build/zephyr/nivviks/modules/ec/common/host_command_task.c.obj
[caboc:ro] [100/380] Building C object zephyr/lib/libc/minimal/CMakeFiles/lib__libc__minimal.dir/source/stdlib/qsort.c.obj
[nivviks:ro] [26/413] Building C object zephyr/CMakeFiles/zephyr.dir/lib/utils/bitmask.c.obj
[nivviks:rw] [67/413] Building C object CMakeFiles/app.dir/mnt/host/source/src/platform/ec/build/zephyr/nivviks/modules/ec/common/host_event_commands.c.obj
[nivviks:ro] [27/413] Building C object zephyr/CMakeFiles/zephyr.dir/lib/utils/getopt/getopt.c.obj
[nivviks:rw] [68/413] Building C object CMakeFiles/app.dir/mnt/host/source/src/platform/ec/build/zephyr/nivviks/modules/ec/common/uart_hostcmd.c.obj
[rex-ish-ec:ro] INFO:root:Using a static version string
[rex-ish-ec:ro] INFO:root:Version string: Zephyr-Kernel-16543.0.0
[rex-ish-ec:ro] INFO:root:Writing header to /mnt/host/source/src/platform/ec/build/zephyr/rex-ish-ec/build-ro/modules/ec/zephyr/include/ec_version.h
[rex-ish-ec:ro] [255/428] Building C object modules/ec/zephyr/CMakeFiles/ec_shim.dir/shim/src/bb_retimer_usb_mux.c.obj
[nivviks:ro] [28/413] Building C object zephyr/CMakeFiles/zephyr.dir/lib/utils/getopt/getopt_common.c.obj
[nivviks:rw] [69/413] Building C object CMakeFiles/app.dir/mnt/host/source/src/platform/ec/build/zephyr/nivviks/modules/ec/common/uptime.c.obj
[nivviks:ro] [29/413] Building C object zephyr/CMakeFiles/zephyr.dir/lib/utils/ring_buffer.c.obj
[caboc:ro] [101/380] Building C object zephyr/lib/libc/minimal/CMakeFiles/lib__libc__minimal.dir/source/string/string.c.obj
[nivviks:rw] [70/413] Building C object CMakeFiles/app.dir/mnt/host/source/src/platform/ec/build/zephyr/nivviks/modules/ec/common/i2c_controller.c.obj
[nivviks:ro] [30/413] Building C object zephyr/CMakeFiles/zephyr.dir/lib/utils/last_section_id.c.obj
[rex-ish-ec:ro] [256/428] Building C object zephyr/kernel/CMakeFiles/kernel.dir/main_weak.c.obj
[nivviks:ro] [31/413] Building C object zephyr/CMakeFiles/zephyr.dir/misc/generated/configs.c.obj
[nivviks:rw] [71/413] Building C object CMakeFiles/app.dir/mnt/host/source/src/platform/ec/build/zephyr/nivviks/modules/ec/common/i2c_passthru.c.obj
[nivviks:ro] [32/413] Building C object zephyr/CMakeFiles/zephyr.dir/soc/nuvoton/npcx/common/power.c.obj
[nivviks:rw] [72/413] Building C object CMakeFiles/app.dir/mnt/host/source/src/platform/ec/build/zephyr/nivviks/modules/ec/common/keyboard_scan.c.obj
[rex-ish-ec:ro] [257/428] Building C object modules/ec/zephyr/CMakeFiles/ec_shim.dir/shim/src/usb_muxes.c.obj
[nivviks:ro] [33/413] Building C object zephyr/CMakeFiles/zephyr.dir/soc/nuvoton/npcx/common/scfg.c.obj
[nivviks:rw] [73/413] Building C object CMakeFiles/app.dir/mnt/host/source/src/platform/ec/build/zephyr/nivviks/modules/ec/common/keyboard_8042.c.obj
[nivviks:ro] [34/413] Building C object zephyr/CMakeFiles/zephyr.dir/soc/nuvoton/npcx/common/npcxn/registers.c.obj
[caboc:ro] [102/380] Building C object zephyr/lib/libc/minimal/CMakeFiles/lib__libc__minimal.dir/source/string/strspn.c.obj
[nivviks:rw] [74/413] Building C object CMakeFiles/app.dir/mnt/host/source/src/platform/ec/build/zephyr/nivviks/modules/ec/common/keyboard_8042_sharedlib.c.obj
[nivviks:ro] [35/413] Building C object zephyr/CMakeFiles/zephyr.dir/soc/nuvoton/npcx/npcx9/soc.c.obj
[nivviks:rw] [75/413] Building C object CMakeFiles/app.dir/mnt/host/source/src/platform/ec/build/zephyr/nivviks/modules/ec/common/mkbp_fifo.c.obj
[nivviks:ro] [36/413] Building C object zephyr/CMakeFiles/zephyr.dir/subsys/logging/log_minimal.c.obj
[nivviks:rw] [76/413] Building C object CMakeFiles/app.dir/mnt/host/source/src/platform/ec/build/zephyr/nivviks/modules/ec/common/mkbp_info.c.obj
[nivviks:ro] [37/413] Building C object zephyr/CMakeFiles/zephyr.dir/subsys/mem_mgmt/mem_attr.c.obj
[rex-ish-ec:ro] [258/428] Building C object modules/ec/zephyr/CMakeFiles/ec_shim.dir/shim/src/sha256_hw.c.obj
[nivviks:rw] [77/413] Building C object CMakeFiles/app.dir/mnt/host/source/src/platform/ec/build/zephyr/nivviks/modules/ec/common/mkbp_input_devices.c.obj
[caboc:rw] [54/380] Building C object CMakeFiles/app.dir/mnt/host/source/src/platform/ec/build/zephyr/caboc/modules/ec/common/battery.c.obj
[nivviks:rw] [78/413] Building C object CMakeFiles/app.dir/mnt/host/source/src/platform/ec/build/zephyr/nivviks/modules/ec/common/keyboard_backlight.c.obj
[nivviks:ro] [38/413] Building C object zephyr/CMakeFiles/zephyr.dir/subsys/pm/pm.c.obj
[nivviks:ro] [39/413] Building C object zephyr/CMakeFiles/zephyr.dir/subsys/pm/state.c.obj
[caboc:ro] [103/380] Building C object zephyr/lib/libc/minimal/CMakeFiles/lib__libc__minimal.dir/source/stdlib/exit.c.obj
[nivviks:rw] [79/413] Building C object CMakeFiles/app.dir/mnt/host/source/src/platform/ec/build/zephyr/nivviks/modules/ec/common/led_common.c.obj
[nivviks:rw] [80/413] Building C object CMakeFiles/app.dir/mnt/host/source/src/platform/ec/build/zephyr/nivviks/modules/ec/common/led_pwm.c.obj
[nivviks:ro] [40/413] Building C object zephyr/CMakeFiles/zephyr.dir/subsys/pm/policy/policy_events.c.obj
[rex-ish-ec:ro] [259/428] Building C object CMakeFiles/app.dir/mnt/host/source/src/platform/ec/zephyr/subsys/ap_pwrseq/ap_events.c.obj
[nivviks:ro] [41/413] Building C object zephyr/CMakeFiles/zephyr.dir/subsys/pm/policy/policy_latency.c.obj
[nivviks:rw] [81/413] Building C object CMakeFiles/app.dir/mnt/host/source/src/platform/ec/build/zephyr/nivviks/modules/ec/common/led_onoff_states.c.obj
[nivviks:ro] [42/413] Building C object zephyr/CMakeFiles/zephyr.dir/subsys/pm/policy/policy_state_lock.c.obj
[nivviks:rw] [82/413] Building C object CMakeFiles/app.dir/mnt/host/source/src/platform/ec/build/zephyr/nivviks/modules/ec/common/motion_lid.c.obj
[nivviks:ro] [43/413] Building C object zephyr/CMakeFiles/zephyr.dir/subsys/pm/device.c.obj
[nivviks:rw] [83/413] Building C object CMakeFiles/app.dir/mnt/host/source/src/platform/ec/build/zephyr/nivviks/modules/ec/common/lid_angle.c.obj
[nivviks:ro] [44/413] Building C object zephyr/CMakeFiles/zephyr.dir/subsys/pm/device_system_managed.c.obj
[nivviks:ro] [45/413] Building C object zephyr/CMakeFiles/zephyr.dir/subsys/testsuite/coverage/coverage.c.obj
[nivviks:rw] [84/413] Building C object CMakeFiles/app.dir/mnt/host/source/src/platform/ec/build/zephyr/nivviks/modules/ec/common/lid_angle_keyboard_policy.c.obj
[nivviks:ro] [46/413] Building C object zephyr/CMakeFiles/zephyr.dir/subsys/tracing/tracing_none.c.obj
[nivviks:ro] [47/413] Building C object zephyr/CMakeFiles/zephyr.dir/subsys/shell/modules/kernel_service/kernel_shell.c.obj
[nivviks:rw] [85/413] Building C object CMakeFiles/app.dir/mnt/host/source/src/platform/ec/build/zephyr/nivviks/modules/ec/common/lid_switch.c.obj
[nivviks:ro] [48/413] Building C object zephyr/CMakeFiles/zephyr.dir/subsys/shell/modules/kernel_service/cycles.c.obj
[nivviks:rw] [86/413] Building C object CMakeFiles/app.dir/mnt/host/source/src/platform/ec/build/zephyr/nivviks/modules/ec/common/mkbp_event.c.obj
[caboc:rw] [55/380] Building C object CMakeFiles/app.dir/mnt/host/source/src/platform/ec/build/zephyr/caboc/modules/ec/common/battery_info.c.obj
[nivviks:ro] [49/413] Building C object zephyr/CMakeFiles/zephyr.dir/subsys/shell/modules/kernel_service/sleep.c.obj
[nivviks:rw] [87/413] Building C object CMakeFiles/app.dir/mnt/host/source/src/platform/ec/build/zephyr/nivviks/modules/ec/common/motion_sense.c.obj
[nivviks:ro] [50/413] Building C object zephyr/CMakeFiles/zephyr.dir/subsys/shell/modules/kernel_service/uptime.c.obj
[nivviks:rw] [88/413] Building C object CMakeFiles/app.dir/mnt/host/source/src/platform/ec/build/zephyr/nivviks/modules/ec/common/port80.c.obj
[nivviks:ro] [51/413] Building C object zephyr/CMakeFiles/zephyr.dir/subsys/shell/modules/kernel_service/version.c.obj
[nivviks:ro] [52/413] Building C object zephyr/CMakeFiles/zephyr.dir/subsys/shell/modules/kernel_service/thread/thread.c.obj
[nivviks:rw] [89/413] Building C object CMakeFiles/app.dir/mnt/host/source/src/platform/ec/build/zephyr/nivviks/modules/ec/common/power_button.c.obj
[caboc:rw] [56/380] Building C object CMakeFiles/app.dir/mnt/host/source/src/platform/ec/build/zephyr/caboc/modules/ec/common/battery_fuel_gauge.c.obj
[nivviks:ro] [53/413] Building C object zephyr/CMakeFiles/zephyr.dir/subsys/shell/modules/kernel_service/thread/list.c.obj
[nivviks:ro] [54/413] Building C object zephyr/CMakeFiles/zephyr.dir/subsys/shell/modules/kernel_service/thread/stacks.c.obj
[nivviks:rw] [90/413] Building C object CMakeFiles/app.dir/mnt/host/source/src/platform/ec/build/zephyr/nivviks/modules/ec/power/hibernate.c.obj
[nivviks:ro] [55/413] Building C object zephyr/CMakeFiles/zephyr.dir/subsys/shell/modules/kernel_service/thread/suspend.c.obj
[nivviks:rw] [91/413] Building C object CMakeFiles/app.dir/mnt/host/source/src/platform/ec/build/zephyr/nivviks/modules/ec/common/panic_output.c.obj
[nivviks:ro] [56/413] Building C object zephyr/CMakeFiles/zephyr.dir/subsys/shell/modules/kernel_service/thread/resume.c.obj
[nivviks:rw] [92/413] Building C object CMakeFiles/app.dir/mnt/host/source/src/platform/ec/build/zephyr/nivviks/modules/ec/common/sha256.c.obj
[caboc:ro] [104/380] Building C object zephyr/lib/libc/minimal/CMakeFiles/lib__libc__minimal.dir/source/math/sqrtf.c.obj
[nivviks:rw] [93/413] Building C object CMakeFiles/app.dir/mnt/host/source/src/platform/ec/build/zephyr/nivviks/modules/ec/common/shared_mem.c.obj
[nivviks:ro] [57/413] Building C object zephyr/CMakeFiles/zephyr.dir/subsys/shell/modules/kernel_service/thread/kill.c.obj
[nivviks:rw] [94/413] Building C object CMakeFiles/app.dir/mnt/host/source/src/platform/ec/build/zephyr/nivviks/modules/ec/common/switch.c.obj
[nivviks:ro] [58/413] Building C object zephyr/CMakeFiles/zephyr.dir/subsys/shell/backends/shell_uart.c.obj
[nivviks:rw] [95/413] Building C object CMakeFiles/app.dir/mnt/host/source/src/platform/ec/build/zephyr/nivviks/modules/ec/common/spi_flash_reg.c.obj
[nivviks:ro] [59/413] Building C object zephyr/CMakeFiles/zephyr.dir/subsys/shell/shell.c.obj
[nivviks:rw] [96/413] Building C object CMakeFiles/app.dir/mnt/host/source/src/platform/ec/build/zephyr/nivviks/modules/ec/driver/stm_mems_common.c.obj
[nivviks:ro] [60/413] Building C object zephyr/CMakeFiles/zephyr.dir/subsys/shell/shell_fprintf.c.obj
[caboc:rw] [57/380] Building C object CMakeFiles/app.dir/mnt/host/source/src/platform/ec/build/zephyr/caboc/modules/ec/driver/battery/smart.c.obj
[nivviks:rw] [97/413] Building C object CMakeFiles/app.dir/mnt/host/source/src/platform/ec/build/zephyr/nivviks/modules/ec/common/tablet_mode.c.obj
[nivviks:ro] [61/413] Building C object zephyr/CMakeFiles/zephyr.dir/subsys/shell/shell_utils.c.obj
[nivviks:rw] [98/413] Building C object CMakeFiles/app.dir/mnt/host/source/src/platform/ec/build/zephyr/nivviks/modules/ec/common/thermal.c.obj
[nivviks:ro] [62/413] Building C object zephyr/CMakeFiles/zephyr.dir/subsys/shell/shell_ops.c.obj
[nivviks:ro] [63/413] Building C object zephyr/CMakeFiles/zephyr.dir/subsys/shell/shell_history.c.obj
[caboc:ro] [105/380] Building C object zephyr/lib/libc/minimal/CMakeFiles/lib__libc__minimal.dir/source/stdout/sprintf.c.obj
[nivviks:rw] [99/413] Building C object CMakeFiles/app.dir/mnt/host/source/src/platform/ec/build/zephyr/nivviks/modules/ec/common/temp_sensor.c.obj
[nivviks:rw] [100/413] Building C object CMakeFiles/app.dir/mnt/host/source/src/platform/ec/build/zephyr/nivviks/modules/ec/driver/temp_sensor/thermistor.c.obj
[nivviks:ro] [64/413] Building C object zephyr/CMakeFiles/zephyr.dir/drivers/flash/flash_util.c.obj
[caboc:ro] [106/380] Building C object zephyr/lib/libc/minimal/CMakeFiles/lib__libc__minimal.dir/source/stdout/stdout_console.c.obj
[caboc:ro] [107/380] Building C object zephyr/lib/libc/minimal/CMakeFiles/lib__libc__minimal.dir/source/stdout/fprintf.c.obj
[nivviks:rw] [101/413] Building C object CMakeFiles/app.dir/mnt/host/source/src/platform/ec/build/zephyr/nivviks/modules/ec/common/throttle_ap.c.obj
[nivviks:rw] [102/413] Building C object CMakeFiles/app.dir/mnt/host/source/src/platform/ec/build/zephyr/nivviks/modules/ec/common/timer.c.obj
[nivviks:rw] [103/413] Building C object CMakeFiles/app.dir/mnt/host/source/src/platform/ec/build/zephyr/nivviks/modules/ec/common/usb_charger.c.obj
[caboc:rw] [58/380] Building C object CMakeFiles/app.dir/mnt/host/source/src/platform/ec/build/zephyr/caboc/modules/ec/driver/charger/isl923x.c.obj
[nivviks:rw] [104/413] Building C object CMakeFiles/app.dir/mnt/host/source/src/platform/ec/build/zephyr/nivviks/modules/ec/common/usb_port_power_smart.c.obj
[nivviks:rw] [105/413] Building C object CMakeFiles/app.dir/mnt/host/source/src/platform/ec/build/zephyr/nivviks/modules/ec/common/typec_control.c.obj
[nivviks:rw] [106/413] Building C object CMakeFiles/app.dir/mnt/host/source/src/platform/ec/build/zephyr/nivviks/modules/ec/common/usb_common.c.obj
[nivviks:rw] [107/413] Building C object CMakeFiles/app.dir/mnt/host/source/src/platform/ec/build/zephyr/nivviks/modules/ec/common/usb_pd_pdo.c.obj
[caboc:ro] [108/380] Building C object zephyr/lib/libc/minimal/CMakeFiles/lib__libc__minimal.dir/source/math/sqrt.c.obj
[nivviks:rw] [108/413] Building C object CMakeFiles/app.dir/mnt/host/source/src/platform/ec/build/zephyr/nivviks/modules/ec/common/usbc/usbc_task.c.obj
[nivviks:rw] [109/413] Building C object CMakeFiles/app.dir/mnt/host/source/src/platform/ec/build/zephyr/nivviks/modules/ec/common/usbc/usb_pd_timer.c.obj
[nivviks:ro] [65/413] Linking C static library zephyr/libzephyr.a
[nivviks:rw] [110/413] Building C object CMakeFiles/app.dir/mnt/host/source/src/platform/ec/build/zephyr/nivviks/modules/ec/common/usbc/usb_sm.c.obj
[nivviks:ro] [66/413] Building C object zephyr/arch/common/CMakeFiles/arch__common.dir/sw_isr_common.c.obj
[nivviks:ro] [67/413] Building C object zephyr/arch/common/CMakeFiles/arch__common.dir/init.c.obj
[nivviks:rw] [111/413] Building C object CMakeFiles/app.dir/mnt/host/source/src/platform/ec/build/zephyr/nivviks/modules/ec/common/usbc_intr_task.c.obj
[nivviks:ro] [68/413] Building C object zephyr/arch/common/CMakeFiles/arch__common.dir/xip.c.obj
[nivviks:ro] [69/413] Building C object zephyr/arch/common/CMakeFiles/isr_tables.dir/isr_tables.c.obj
[nivviks:rw] [112/413] Building C object CMakeFiles/app.dir/mnt/host/source/src/platform/ec/build/zephyr/nivviks/modules/ec/common/usbc_utils.c.obj
[rex-ish-ec:ro] [260/428] Building C object CMakeFiles/app.dir/mnt/host/source/src/platform/ec/zephyr/subsys/ap_pwrseq/ap_power_interface.c.obj
[nivviks:rw] [113/413] Building C object CMakeFiles/app.dir/mnt/host/source/src/platform/ec/build/zephyr/nivviks/modules/ec/common/usb_pd_flags.c.obj
[nivviks:rw] [114/413] Building C object CMakeFiles/app.dir/mnt/host/source/src/platform/ec/build/zephyr/nivviks/modules/ec/common/chargen.c.obj
[caboc:ro] [109/380] Building C object zephyr/lib/libc/common/CMakeFiles/lib__libc__common.dir/source/time/asctime.c.obj
[nivviks:rw] [115/413] Building C object CMakeFiles/app.dir/mnt/host/source/src/platform/ec/build/zephyr/nivviks/modules/ec/common/usbc/usb_pd_console.c.obj
[rex-ish-ec:ro] [261/428] Building C object CMakeFiles/app.dir/mnt/host/source/src/platform/ec/zephyr/subsys/ap_pwrseq/signal_gpio.c.obj
[nivviks:rw] [116/413] Building C object CMakeFiles/app.dir/mnt/host/source/src/platform/ec/build/zephyr/nivviks/modules/ec/driver/retimer/anx7483.c.obj
[caboc:ro] [110/380] Building C object zephyr/lib/libc/common/CMakeFiles/lib__libc__common.dir/source/time/gmtime_r.c.obj
[nivviks:ro] [70/413] Linking C static library zephyr/arch/common/libisr_tables.a
[nivviks:rw] [117/413] Building C object CMakeFiles/app.dir/mnt/host/source/src/platform/ec/build/zephyr/nivviks/modules/ec/driver/usb_mux/usb_mux.c.obj
[nivviks:rw] [118/413] Building C object CMakeFiles/app.dir/mnt/host/source/src/platform/ec/build/zephyr/nivviks/modules/ec/driver/usb_mux/virtual.c.obj
[nivviks:rw] [119/413] Building C object CMakeFiles/app.dir/mnt/host/source/src/platform/ec/build/zephyr/nivviks/modules/ec/common/usbc/usb_tc_drp_acc_trysrc_sm.c.obj
[nivviks:ro] [71/413] Linking C static library zephyr/arch/common/libarch__common.a
[rex-ish-ec:ro] [262/428] Building C object CMakeFiles/app.dir/mnt/host/source/src/platform/ec/zephyr/subsys/ap_pwrseq/power_signals.c.obj
[nivviks:rw] [120/413] Building C object CMakeFiles/app.dir/mnt/host/source/src/platform/ec/build/zephyr/nivviks/modules/ec/common/usbc/usb_prl_sm.c.obj
[nivviks:ro] [72/413] Building C object zephyr/arch/arch/arm/core/CMakeFiles/arch__arm__core.dir/fatal.c.obj
[nivviks:rw] [121/413] Building C object CMakeFiles/app.dir/mnt/host/source/src/platform/ec/build/zephyr/nivviks/modules/ec/common/usbc/usb_pe_drp_sm.c.obj
[nivviks:ro] [73/413] Building C object zephyr/arch/arch/arm/core/CMakeFiles/arch__arm__core.dir/nmi.c.obj
[nivviks:rw] [122/413] Building C object CMakeFiles/app.dir/mnt/host/source/src/platform/ec/build/zephyr/nivviks/modules/ec/common/usbc/usb_pd_dpm.c.obj
[rex-ish-ec:ro] [263/428] Building C object CMakeFiles/app.dir/mnt/host/source/src/platform/ec/zephyr/subsys/ap_pwrseq/signal_vw.c.obj
[nivviks:rw] [123/413] Building C object CMakeFiles/app.dir/mnt/host/source/src/platform/ec/build/zephyr/nivviks/modules/ec/common/usbc/usbc_pd_policy.c.obj
[nivviks:rw] [124/413] Building C object CMakeFiles/app.dir/mnt/host/source/src/platform/ec/build/zephyr/nivviks/modules/ec/common/usbc/dp_alt_mode.c.obj
[nivviks:rw] [125/413] Building C object CMakeFiles/app.dir/mnt/host/source/src/platform/ec/build/zephyr/nivviks/modules/ec/common/usb_pd_console_cmd.c.obj
[caboc:ro] [111/380] Building C object zephyr/lib/libc/minimal/CMakeFiles/lib__libc__minimal.dir/source/time/gmtime.c.obj
[nivviks:rw] [126/413] Building C object CMakeFiles/app.dir/mnt/host/source/src/platform/ec/build/zephyr/nivviks/modules/ec/common/usb_pd_host_cmd.c.obj
[rex-ish-ec:ro] [264/428] Building C object CMakeFiles/app.dir/mnt/host/source/src/platform/ec/zephyr/subsys/ap_pwrseq/power_host_sleep.c.obj
[caboc:rw] [59/380] Building C object CMakeFiles/app.dir/mnt/host/source/src/platform/ec/build/zephyr/caboc/modules/ec/common/charger.c.obj
[caboc:ro] [112/380] Linking C static library zephyr/lib/libc/minimal/liblib__libc__minimal.a
[nivviks:rw] [127/413] Building C object CMakeFiles/app.dir/mnt/host/source/src/platform/ec/build/zephyr/nivviks/modules/ec/common/usbc/usb_pd_host.c.obj
[nivviks:ro] [74/413] Building ASM object zephyr/arch/arch/arm/core/CMakeFiles/arch__arm__core.dir/nmi_on_reset.S.obj
[nivviks:rw] [128/413] Building C object CMakeFiles/app.dir/mnt/host/source/src/platform/ec/build/zephyr/nivviks/modules/ec/zephyr/shim/src/tcpc.c.obj
[caboc:ro] [113/380] Building C object zephyr/lib/libc/common/CMakeFiles/lib__libc__common.dir/source/stdlib/abort.c.obj
[nivviks:rw] [129/413] Building C object CMakeFiles/app.dir/mnt/host/source/src/platform/ec/build/zephyr/nivviks/modules/ec/common/usb_pd_host_cmd_common.c.obj
[caboc:rw] [60/380] Building C object CMakeFiles/app.dir/mnt/host/source/src/platform/ec/build/zephyr/caboc/modules/ec/common/cbi_common.c.obj
[nivviks:rw] [130/413] Building C object CMakeFiles/app.dir/mnt/host/source/src/platform/ec/build/zephyr/nivviks/modules/ec/common/usbc/svdm_rsp_dfp_only.c.obj
[nivviks:rw] [131/413] Building C object CMakeFiles/app.dir/mnt/host/source/src/platform/ec/build/zephyr/nivviks/modules/ec/common/usbc_ocp.c.obj
[caboc:ro] [114/380] Building C object zephyr/lib/libc/common/CMakeFiles/lib__libc__common.dir/source/time/localtime_r_utc.c.obj
[caboc:ro] [115/380] Building C object zephyr/lib/libc/common/CMakeFiles/lib__libc__common.dir/source/time/ctime.c.obj
[nivviks:rw] [132/413] Building C object CMakeFiles/app.dir/mnt/host/source/src/platform/ec/build/zephyr/nivviks/modules/ec/common/usb_pd_discovery.c.obj
[nivviks:ro] [75/413] Linking C static library zephyr/arch/arch/arm/core/libarch__arm__core.a
[nivviks:ro] [76/413] Building C object zephyr/arch/arch/arm/core/cortex_m/CMakeFiles/arch__arm__core__cortex_m.dir/exc_exit.c.obj
[nivviks:rw] [133/413] Building C object CMakeFiles/app.dir/mnt/host/source/src/platform/ec/build/zephyr/nivviks/modules/ec/common/usb_pd_dual_role.c.obj
[nivviks:ro] [77/413] Building C object zephyr/arch/arch/arm/core/cortex_m/CMakeFiles/arch__arm__core__cortex_m.dir/fault.c.obj
[nivviks:rw] [134/413] Building C object CMakeFiles/app.dir/mnt/host/source/src/platform/ec/build/zephyr/nivviks/modules/ec/driver/tcpm/raa489000.c.obj
[nivviks:rw] [135/413] Building C object CMakeFiles/app.dir/mnt/host/source/src/platform/ec/build/zephyr/nivviks/modules/ec/driver/tcpm/tcpci.c.obj
[nivviks:rw] [136/413] Building C object CMakeFiles/app.dir/mnt/host/source/src/platform/ec/build/zephyr/nivviks/modules/ec/common/vboot_hash.c.obj
[caboc:ro] [116/380] Building C object zephyr/lib/libc/common/CMakeFiles/lib__libc__common.dir/source/string/strnlen.c.obj
[nivviks:rw] [137/413] Building C object CMakeFiles/app.dir/mnt/host/source/src/platform/ec/build/zephyr/nivviks/modules/ec/common/button.c.obj
[nivviks:rw] [138/413] Building C object CMakeFiles/app.dir/mnt/host/source/src/platform/ec/build/zephyr/nivviks/modules/ec/common/vboot/efs2.c.obj
[nivviks:rw] [139/413] Building C object CMakeFiles/app.dir/mnt/host/source/src/platform/ec/build/zephyr/nivviks/modules/ec/common/vstore.c.obj
[caboc:ro] [117/380] Building C object zephyr/lib/libc/common/CMakeFiles/lib__libc__common.dir/source/time/time.c.obj
[nivviks:rw] [140/413] Building C object CMakeFiles/app.dir/mnt/host/source/src/platform/ec/build/zephyr/nivviks/modules/ec/common/math_util.c.obj
[nivviks:rw] [141/413] Building C object CMakeFiles/app.dir/src/common.c.obj
[nivviks:ro] [78/413] Building ASM object zephyr/arch/arch/arm/core/cortex_m/CMakeFiles/arch__arm__core__cortex_m.dir/fault_s.S.obj
[nivviks:rw] [142/413] Building C object CMakeFiles/app.dir/src/sub_board.c.obj
[nivviks:ro] [79/413] Building C object zephyr/arch/arch/arm/core/cortex_m/CMakeFiles/arch__arm__core__cortex_m.dir/fpu.c.obj
[caboc:ro] [118/380] Building C object zephyr/lib/posix/c_lib_ext/CMakeFiles/lib__posix__c_lib_ext.dir/fnmatch.c.obj
[nivviks:rw] [143/413] Building C object CMakeFiles/app.dir/src/board_power.c.obj
[nivviks:rw] [144/413] Building C object CMakeFiles/app.dir/nivviks/src/led.c.obj
[nivviks:rw] [145/413] Building C object CMakeFiles/app.dir/nivviks/src/form_factor.c.obj
[nivviks:rw] [146/413] Building C object CMakeFiles/app.dir/nivviks/src/fan.c.obj
[nivviks:rw] [147/413] Building C object CMakeFiles/app.dir/nivviks/src/usbc.c.obj
[nivviks:rw] [148/413] Building C object CMakeFiles/app.dir/nivviks/src/charger.c.obj
[caboc:rw] [61/380] Building C object CMakeFiles/app.dir/mnt/host/source/src/platform/ec/build/zephyr/caboc/modules/ec/common/charge_manager.c.obj
[caboc:rw] [62/380] Building C object CMakeFiles/app.dir/mnt/host/source/src/platform/ec/build/zephyr/caboc/modules/ec/common/charge_state.c.obj
[caboc:rw] [63/380] Building C object CMakeFiles/app.dir/mnt/host/source/src/platform/ec/build/zephyr/caboc/modules/ec/common/cbi.c.obj
[rex-ish-ec:ro] [265/428] Building C object CMakeFiles/app.dir/mnt/host/source/src/platform/ec/zephyr/subsys/ap_pwrseq/x86_non_dsx_chipset_power_state.c.obj
[caboc:rw] [64/380] Building C object CMakeFiles/app.dir/mnt/host/source/src/platform/ec/build/zephyr/caboc/modules/ec/common/cbi_config.c.obj
[nivviks:rw] [149/413] Linking C static library app/libapp.a
[nivviks:rw] [150/413] Building C object zephyr/CMakeFiles/zephyr.dir/lib/libc/validate_libc.c.obj
[rex-ish-ec:ro] [266/428] Building C object CMakeFiles/app.dir/mnt/host/source/src/platform/ec/zephyr/subsys/ap_pwrseq/x86_non_dsx_common_pwrseq_sm_handler.c.obj
[rex-ish-ec:ro] [267/428] Building C object CMakeFiles/app.dir/mnt/host/source/src/platform/ec/zephyr/subsys/ap_pwrseq/x86_non_dsx_common_pwrseq_console.c.obj
[nivviks:rw] [151/413] Building C object zephyr/CMakeFiles/zephyr.dir/lib/heap/heap.c.obj
[nivviks:rw] [152/413] Building C object zephyr/CMakeFiles/zephyr.dir/lib/os/cbprintf_packaged.c.obj
[nivviks:rw] [153/413] Building C object zephyr/CMakeFiles/zephyr.dir/lib/os/clock.c.obj
[nivviks:rw] [154/413] Building C object zephyr/CMakeFiles/zephyr.dir/lib/os/printk.c.obj
[caboc:ro] [119/380] Building C object zephyr/lib/posix/c_lib_ext/CMakeFiles/lib__posix__c_lib_ext.dir/getentropy.c.obj
[nivviks:rw] [155/413] Building C object zephyr/CMakeFiles/zephyr.dir/lib/os/sem.c.obj
[nivviks:rw] [156/413] Building C object zephyr/CMakeFiles/zephyr.dir/lib/os/thread_entry.c.obj
[caboc:ro] [120/380] Building C object zephyr/lib/libc/common/CMakeFiles/lib__libc__common.dir/source/stdlib/malloc.c.obj
[nivviks:rw] [157/413] Building C object zephyr/CMakeFiles/zephyr.dir/lib/os/cbprintf_nano.c.obj
[nivviks:ro] [80/413] Building ASM object zephyr/arch/arch/arm/core/cortex_m/CMakeFiles/arch__arm__core__cortex_m.dir/reset.S.obj
[nivviks:ro] [81/413] Building C object zephyr/arch/arch/arm/core/cortex_m/CMakeFiles/arch__arm__core__cortex_m.dir/scb.c.obj
[nivviks:rw] [158/413] Building C object zephyr/CMakeFiles/zephyr.dir/lib/os/cbprintf.c.obj
[caboc:rw] [65/380] Building C object CMakeFiles/app.dir/mnt/host/source/src/platform/ec/build/zephyr/caboc/modules/ec/common/memory_commands.c.obj
[nivviks:ro] [82/413] Building C object zephyr/arch/arch/arm/core/cortex_m/CMakeFiles/arch__arm__core__cortex_m.dir/thread_abort.c.obj
[nivviks:rw] [159/413] Building C object zephyr/CMakeFiles/zephyr.dir/lib/os/assert.c.obj
[caboc:ro] [121/380] Linking C static library zephyr/lib/libc/common/liblib__libc__common.a
[nivviks:rw] [160/413] Building C object zephyr/CMakeFiles/zephyr.dir/lib/utils/dec.c.obj
[nivviks:rw] [161/413] Building C object zephyr/CMakeFiles/zephyr.dir/lib/utils/hex.c.obj
[rex-ish-ec:ro] [268/428] Building C object CMakeFiles/app.dir/mnt/host/source/src/platform/ec/zephyr/subsys/ap_pwrseq/x86_non_dsx_common_pwrseq_host_command.c.obj
[caboc:ro] [122/380] Building C object zephyr/lib/smf/CMakeFiles/lib__smf.dir/smf.c.obj
[nivviks:rw] [162/413] Building C object zephyr/CMakeFiles/zephyr.dir/lib/utils/rb.c.obj
[nivviks:rw] [163/413] Building C object zephyr/CMakeFiles/zephyr.dir/lib/utils/timeutil.c.obj
[caboc:ro] [123/380] Building C object zephyr/subsys/crc/CMakeFiles/subsys__crc.dir/crc4_sw.c.obj
[nivviks:rw] [164/413] Building C object zephyr/CMakeFiles/zephyr.dir/lib/utils/bitarray.c.obj
[nivviks:rw] [165/413] Building C object zephyr/CMakeFiles/zephyr.dir/lib/utils/bitmask.c.obj
[caboc:ro] [124/380] Building C object zephyr/lib/posix/c_lib_ext/CMakeFiles/lib__posix__c_lib_ext.dir/getopt_shim.c.obj
[nivviks:rw] [166/413] Building C object zephyr/CMakeFiles/zephyr.dir/lib/utils/getopt/getopt.c.obj
[caboc:ro] [125/380] Linking C static library zephyr/lib/smf/liblib__smf.a
[nivviks:rw] [167/413] Building C object zephyr/CMakeFiles/zephyr.dir/lib/utils/getopt/getopt_common.c.obj
[nivviks:rw] [168/413] Building C object zephyr/CMakeFiles/zephyr.dir/lib/utils/ring_buffer.c.obj
[rex-ish-ec:ro] [269/428] Building C object CMakeFiles/app.dir/mnt/host/source/src/platform/ec/zephyr/subsys/ap_pwrseq/x86_non_dsx_common_pwrseq_host_sleep.c.obj
[nivviks:rw] [169/413] Building C object zephyr/CMakeFiles/zephyr.dir/lib/utils/last_section_id.c.obj
[nivviks:rw] [170/413] Building C object zephyr/CMakeFiles/zephyr.dir/misc/generated/configs.c.obj
[nivviks:rw] [171/413] Building C object zephyr/CMakeFiles/zephyr.dir/soc/nuvoton/npcx/common/power.c.obj
[nivviks:rw] [172/413] Building C object zephyr/CMakeFiles/zephyr.dir/soc/nuvoton/npcx/common/scfg.c.obj
[caboc:ro] [126/380] Linking C static library zephyr/lib/posix/c_lib_ext/liblib__posix__c_lib_ext.a
[nivviks:rw] [173/413] Building C object zephyr/CMakeFiles/zephyr.dir/soc/nuvoton/npcx/common/npcxn/registers.c.obj
[caboc:ro] [127/380] Building C object zephyr/subsys/crc/CMakeFiles/subsys__crc.dir/crc8_sw.c.obj
[caboc:ro] [128/380] Building C object zephyr/subsys/crc/CMakeFiles/subsys__crc.dir/crc7_sw.c.obj
[nivviks:rw] [174/413] Building C object zephyr/CMakeFiles/zephyr.dir/soc/nuvoton/npcx/npcx9/soc.c.obj
[nivviks:rw] [175/413] Building C object zephyr/CMakeFiles/zephyr.dir/subsys/logging/log_minimal.c.obj
[caboc:ro] [129/380] Building C object zephyr/subsys/crc/CMakeFiles/subsys__crc.dir/crc16_sw.c.obj
[nivviks:rw] [176/413] Building C object zephyr/CMakeFiles/zephyr.dir/subsys/mem_mgmt/mem_attr.c.obj
[caboc:rw] [66/380] Building C object CMakeFiles/app.dir/mnt/host/source/src/platform/ec/build/zephyr/caboc/modules/ec/common/dptf.c.obj
[nivviks:rw] [177/413] Building C object zephyr/CMakeFiles/zephyr.dir/subsys/pm/pm.c.obj
[nivviks:rw] [178/413] Building C object zephyr/CMakeFiles/zephyr.dir/subsys/pm/state.c.obj
[nivviks:ro] [83/413] Building ASM object zephyr/arch/arch/arm/core/cortex_m/CMakeFiles/arch__arm__core__cortex_m.dir/vector_table.S.obj
[nivviks:rw] [179/413] Building C object zephyr/CMakeFiles/zephyr.dir/subsys/pm/policy/policy_events.c.obj
[caboc:rw] [67/380] Building C object CMakeFiles/app.dir/mnt/host/source/src/platform/ec/build/zephyr/caboc/modules/ec/common/espi.c.obj
[caboc:ro] [130/380] Building C object zephyr/subsys/crc/CMakeFiles/subsys__crc.dir/crc24_sw.c.obj
[nivviks:rw] [180/413] Building C object zephyr/CMakeFiles/zephyr.dir/subsys/pm/policy/policy_latency.c.obj
[nivviks:rw] [181/413] Building C object zephyr/CMakeFiles/zephyr.dir/subsys/pm/policy/policy_state_lock.c.obj
[caboc:rw] [68/380] Building C object CMakeFiles/app.dir/mnt/host/source/src/platform/ec/build/zephyr/caboc/modules/ec/common/ap_reset_log.c.obj
[nivviks:rw] [182/413] Building C object zephyr/CMakeFiles/zephyr.dir/subsys/pm/device.c.obj
[nivviks:rw] [183/413] Building C object zephyr/CMakeFiles/zephyr.dir/subsys/pm/device_system_managed.c.obj
[caboc:ro] [131/380] Building C object zephyr/subsys/crc/CMakeFiles/subsys__crc.dir/crc32k_4_2_sw.c.obj
[caboc:ro] [132/380] Building C object zephyr/subsys/crc/CMakeFiles/subsys__crc.dir/crc32c_sw.c.obj
[nivviks:rw] [184/413] Building C object zephyr/CMakeFiles/zephyr.dir/subsys/testsuite/coverage/coverage.c.obj
[nivviks:rw] [185/413] Building C object zephyr/CMakeFiles/zephyr.dir/subsys/tracing/tracing_none.c.obj
[caboc:ro] [133/380] Building C object zephyr/subsys/crc/CMakeFiles/subsys__crc.dir/crc32_sw.c.obj
[nivviks:rw] [186/413] Building C object zephyr/CMakeFiles/zephyr.dir/subsys/shell/modules/kernel_service/kernel_shell.c.obj
[nivviks:rw] [187/413] Building C object zephyr/CMakeFiles/zephyr.dir/subsys/shell/modules/kernel_service/cycles.c.obj
[nivviks:rw] [188/413] Building C object zephyr/CMakeFiles/zephyr.dir/subsys/shell/modules/kernel_service/sleep.c.obj
[caboc:ro] [134/380] Linking C static library zephyr/subsys/crc/libsubsys__crc.a
[nivviks:rw] [189/413] Building C object zephyr/CMakeFiles/zephyr.dir/subsys/shell/modules/kernel_service/uptime.c.obj
[nivviks:rw] [190/413] Building C object zephyr/CMakeFiles/zephyr.dir/subsys/shell/modules/kernel_service/version.c.obj
[nivviks:rw] [191/413] Building C object zephyr/CMakeFiles/zephyr.dir/subsys/shell/modules/kernel_service/thread/thread.c.obj
[nivviks:rw] [192/413] Building C object zephyr/CMakeFiles/zephyr.dir/subsys/shell/modules/kernel_service/thread/list.c.obj
[caboc:rw] [69/380] Building C object CMakeFiles/app.dir/mnt/host/source/src/platform/ec/build/zephyr/caboc/modules/ec/common/extpower_common.c.obj
[nivviks:rw] [193/413] Building C object zephyr/CMakeFiles/zephyr.dir/subsys/shell/modules/kernel_service/thread/stacks.c.obj
[nivviks:rw] [194/413] Building C object zephyr/CMakeFiles/zephyr.dir/subsys/shell/modules/kernel_service/thread/suspend.c.obj
[nivviks:rw] [195/413] Building C object zephyr/CMakeFiles/zephyr.dir/subsys/shell/modules/kernel_service/thread/resume.c.obj
[nivviks:rw] [196/413] Building C object zephyr/CMakeFiles/zephyr.dir/subsys/shell/modules/kernel_service/thread/kill.c.obj
[nivviks:rw] [197/413] Building C object zephyr/CMakeFiles/zephyr.dir/subsys/shell/backends/shell_uart.c.obj
[rex-ish-ec:ro] [270/428] Building C object CMakeFiles/app.dir/mnt/host/source/src/platform/ec/zephyr/subsys/ap_pwrseq/x86_non_dsx_mtl_pwrseq_sm.c.obj
[nivviks:rw] [198/413] Building C object zephyr/CMakeFiles/zephyr.dir/subsys/shell/shell.c.obj
[nivviks:rw] [199/413] Building C object zephyr/CMakeFiles/zephyr.dir/subsys/shell/shell_fprintf.c.obj
[caboc:rw] [70/380] Building C object CMakeFiles/app.dir/mnt/host/source/src/platform/ec/build/zephyr/caboc/modules/ec/common/extpower_gpio.c.obj
[nivviks:rw] [200/413] Building C object zephyr/CMakeFiles/zephyr.dir/subsys/shell/shell_utils.c.obj
[rex-ish-ec:ro] [271/428] Building C object CMakeFiles/app.dir/mnt/host/source/src/platform/ec/zephyr/subsys/ap_pwrseq/ap_reset_log.c.obj
[nivviks:rw] [201/413] Building C object zephyr/CMakeFiles/zephyr.dir/subsys/shell/shell_ops.c.obj
[nivviks:rw] [202/413] Building C object zephyr/CMakeFiles/zephyr.dir/subsys/shell/shell_history.c.obj
[nivviks:rw] [203/413] Building C object zephyr/CMakeFiles/zephyr.dir/drivers/flash/flash_util.c.obj
[caboc:ro] [135/380] Building C object zephyr/subsys/input/CMakeFiles/subsys__input.dir/input_hid.c.obj
[rex-ish-ec:ro] [272/428] Building C object CMakeFiles/app.dir/mnt/host/source/src/platform/ec/build/zephyr/rex-ish-ec/modules/ec/common/base32.c.obj
[rex-ish-ec:ro] [273/428] Building C object CMakeFiles/app.dir/mnt/host/source/src/platform/ec/build/zephyr/rex-ish-ec/modules/ec/builtin/stdlib.c.obj
[nivviks:rw] [204/413] Linking C static library zephyr/libzephyr.a
[nivviks:rw] [205/413] Building C object zephyr/arch/common/CMakeFiles/arch__common.dir/sw_isr_common.c.obj
[nivviks:rw] [206/413] Building C object zephyr/arch/common/CMakeFiles/arch__common.dir/init.c.obj
[nivviks:rw] [207/413] Building C object zephyr/arch/common/CMakeFiles/arch__common.dir/xip.c.obj
[nivviks:rw] [208/413] Building C object zephyr/arch/common/CMakeFiles/isr_tables.dir/isr_tables.c.obj
[nivviks:ro] [84/413] Building ASM object zephyr/arch/arch/arm/core/cortex_m/CMakeFiles/arch__arm__core__cortex_m.dir/swap_helper.S.obj
[nivviks:ro] [85/413] Building C object zephyr/arch/arch/arm/core/cortex_m/CMakeFiles/arch__arm__core__cortex_m.dir/irq_manage.c.obj
[nivviks:ro] [86/413] Building C object zephyr/arch/arch/arm/core/cortex_m/CMakeFiles/arch__arm__core__cortex_m.dir/prep_c.c.obj
[nivviks:rw] [209/413] Linking C static library zephyr/arch/common/libisr_tables.a
[nivviks:ro] [87/413] Building C object zephyr/arch/arch/arm/core/cortex_m/CMakeFiles/arch__arm__core__cortex_m.dir/thread.c.obj
[nivviks:ro] [88/413] Building C object zephyr/arch/arch/arm/core/cortex_m/CMakeFiles/arch__arm__core__cortex_m.dir/cpu_idle.c.obj
[caboc:ro] [136/380] Building C object zephyr/subsys/input/CMakeFiles/subsys__input.dir/input.c.obj
[nivviks:ro] [89/413] Building C object zephyr/arch/arch/arm/core/cortex_m/CMakeFiles/arch__arm__core__cortex_m.dir/irq_init.c.obj
[nivviks:ro] [90/413] Building C object zephyr/arch/arch/arm/core/cortex_m/CMakeFiles/arch__arm__core__cortex_m.dir/isr_wrapper.c.obj
[nivviks:rw] [210/413] Linking C static library zephyr/arch/common/libarch__common.a
[nivviks:rw] [211/413] Building C object zephyr/arch/arch/arm/core/CMakeFiles/arch__arm__core.dir/fatal.c.obj
[nivviks:rw] [212/413] Building C object zephyr/arch/arch/arm/core/CMakeFiles/arch__arm__core.dir/nmi.c.obj
[nivviks:ro] [91/413] Linking C static library zephyr/arch/arch/arm/core/cortex_m/libarch__arm__core__cortex_m.a
[nivviks:ro] [92/413] Building C object zephyr/arch/arch/arm/core/mpu/CMakeFiles/arch__arm__core__mpu.dir/arm_core_mpu.c.obj
[nivviks:ro] [93/413] Building C object zephyr/arch/arch/arm/core/mpu/CMakeFiles/arch__arm__core__mpu.dir/arm_mpu.c.obj
[nivviks:ro] [94/413] Building C object zephyr/arch/arch/arm/core/mpu/CMakeFiles/arch__arm__core__mpu.dir/arm_mpu_regions.c.obj
[caboc:ro] [137/380] Building C object zephyr/subsys/input/CMakeFiles/subsys__input.dir/input_utils.c.obj
[nivviks:rw] [213/413] Building ASM object zephyr/arch/arch/arm/core/CMakeFiles/arch__arm__core.dir/nmi_on_reset.S.obj
[caboc:rw] [71/380] Building C object CMakeFiles/app.dir/mnt/host/source/src/platform/ec/build/zephyr/caboc/modules/ec/common/host_command.c.obj
[caboc:rw] [72/380] Building C object CMakeFiles/app.dir/mnt/host/source/src/platform/ec/build/zephyr/caboc/modules/ec/common/fan.c.obj
[rex-ish-ec:ro] [274/428] Building C object CMakeFiles/app.dir/mnt/host/source/src/platform/ec/build/zephyr/rex-ish-ec/modules/ec/common/console_output.c.obj
[caboc:ro] [138/380] Linking C static library zephyr/subsys/input/libsubsys__input.a
[nivviks:ro] [95/413] Linking C static library zephyr/arch/arch/arm/core/mpu/libarch__arm__core__mpu.a
[nivviks:rw] [214/413] Linking C static library zephyr/arch/arch/arm/core/libarch__arm__core.a
[nivviks:ro] [96/413] Generating ../../../include/generated/libc/minimal/strerror_table.h
[nivviks:rw] [215/413] Building C object zephyr/arch/arch/arm/core/cortex_m/CMakeFiles/arch__arm__core__cortex_m.dir/exc_exit.c.obj
[nivviks:ro] [97/413] Building C object zephyr/lib/libc/minimal/CMakeFiles/lib__libc__minimal.dir/source/stdlib/atoi.c.obj
[nivviks:rw] [216/413] Building C object zephyr/arch/arch/arm/core/cortex_m/CMakeFiles/arch__arm__core__cortex_m.dir/fault.c.obj
[nivviks:ro] [98/413] Building C object zephyr/lib/libc/minimal/CMakeFiles/lib__libc__minimal.dir/source/stdlib/strtol.c.obj
[caboc:ro] [139/380] Building C object zephyr/drivers/interrupt_controller/CMakeFiles/drivers__interrupt_controller.dir/intc_ite_it8xxx2_v2.c.obj
[nivviks:ro] [99/413] Building C object zephyr/lib/libc/minimal/CMakeFiles/lib__libc__minimal.dir/source/stdlib/strtoul.c.obj
[nivviks:ro] [100/413] Building C object zephyr/lib/libc/minimal/CMakeFiles/lib__libc__minimal.dir/source/stdlib/strtoll.c.obj
[nivviks:ro] [101/413] Building C object zephyr/lib/libc/minimal/CMakeFiles/lib__libc__minimal.dir/source/stdlib/strtoull.c.obj
[nivviks:ro] [102/413] Building C object zephyr/lib/libc/minimal/CMakeFiles/lib__libc__minimal.dir/source/stdlib/bsearch.c.obj
[nivviks:ro] [103/413] Building C object zephyr/lib/libc/minimal/CMakeFiles/lib__libc__minimal.dir/source/stdlib/exit.c.obj
[nivviks:ro] [104/413] Building C object zephyr/lib/libc/minimal/CMakeFiles/lib__libc__minimal.dir/source/stdlib/qsort.c.obj
[nivviks:ro] [105/413] Building C object zephyr/lib/libc/minimal/CMakeFiles/lib__libc__minimal.dir/source/string/strerror.c.obj
[nivviks:ro] [106/413] Building C object zephyr/lib/libc/minimal/CMakeFiles/lib__libc__minimal.dir/source/string/strncasecmp.c.obj
[nivviks:ro] [107/413] Building C object zephyr/lib/libc/minimal/CMakeFiles/lib__libc__minimal.dir/source/string/strstr.c.obj
[nivviks:ro] [108/413] Building C object zephyr/lib/libc/minimal/CMakeFiles/lib__libc__minimal.dir/source/string/string.c.obj
[nivviks:rw] [217/413] Building ASM object zephyr/arch/arch/arm/core/cortex_m/CMakeFiles/arch__arm__core__cortex_m.dir/fault_s.S.obj
[nivviks:ro] [109/413] Building C object zephyr/lib/libc/minimal/CMakeFiles/lib__libc__minimal.dir/source/string/strspn.c.obj
[nivviks:rw] [218/413] Building C object zephyr/arch/arch/arm/core/cortex_m/CMakeFiles/arch__arm__core__cortex_m.dir/fpu.c.obj
[nivviks:ro] [110/413] Building C object zephyr/lib/libc/minimal/CMakeFiles/lib__libc__minimal.dir/source/stdout/stdout_console.c.obj
[nivviks:ro] [111/413] Building C object zephyr/lib/libc/minimal/CMakeFiles/lib__libc__minimal.dir/source/stdout/sprintf.c.obj
[caboc:rw] [73/380] Building C object CMakeFiles/app.dir/mnt/host/source/src/platform/ec/build/zephyr/caboc/modules/ec/common/host_command_task.c.obj
[nivviks:ro] [112/413] Building C object zephyr/lib/libc/minimal/CMakeFiles/lib__libc__minimal.dir/source/stdout/fprintf.c.obj
[caboc:ro] [140/380] Building C object zephyr/drivers/interrupt_controller/CMakeFiles/drivers__interrupt_controller.dir/wuc_ite_it8xxx2.c.obj
[nivviks:ro] [113/413] Building C object zephyr/lib/libc/minimal/CMakeFiles/lib__libc__minimal.dir/source/math/sqrtf.c.obj
[caboc:rw] [74/380] Building C object CMakeFiles/app.dir/mnt/host/source/src/platform/ec/build/zephyr/caboc/modules/ec/common/flash.c.obj
[nivviks:ro] [114/413] Building C object zephyr/lib/libc/minimal/CMakeFiles/lib__libc__minimal.dir/source/math/sqrt.c.obj
[nivviks:ro] [115/413] Building C object zephyr/lib/libc/minimal/CMakeFiles/lib__libc__minimal.dir/source/time/gmtime.c.obj
[caboc:rw] [75/380] Building C object CMakeFiles/app.dir/mnt/host/source/src/platform/ec/build/zephyr/caboc/modules/ec/common/host_event_commands.c.obj
[caboc:ro] [141/380] Linking C static library zephyr/drivers/interrupt_controller/libdrivers__interrupt_controller.a
[rex-ish-ec:ro] [275/428] Building C object CMakeFiles/app.dir/mnt/host/source/src/platform/ec/build/zephyr/rex-ish-ec/modules/ec/common/peripheral.c.obj
[nivviks:ro] [116/413] Linking C static library zephyr/lib/libc/minimal/liblib__libc__minimal.a
[nivviks:ro] [117/413] Building C object zephyr/lib/libc/common/CMakeFiles/lib__libc__common.dir/source/stdlib/abort.c.obj
[nivviks:ro] [118/413] Building C object zephyr/lib/libc/common/CMakeFiles/lib__libc__common.dir/source/time/asctime.c.obj
[nivviks:ro] [119/413] Building C object zephyr/lib/libc/common/CMakeFiles/lib__libc__common.dir/source/time/gmtime_r.c.obj
[rex-ish-ec:ro] [276/428] Building C object CMakeFiles/app.dir/mnt/host/source/src/platform/ec/build/zephyr/rex-ish-ec/modules/ec/common/ec_features.c.obj
[nivviks:ro] [120/413] Building C object zephyr/lib/libc/common/CMakeFiles/lib__libc__common.dir/source/time/localtime_r_utc.c.obj
[nivviks:ro] [121/413] Building C object zephyr/lib/libc/common/CMakeFiles/lib__libc__common.dir/source/time/ctime.c.obj
[nivviks:ro] [122/413] Building C object zephyr/lib/libc/common/CMakeFiles/lib__libc__common.dir/source/time/time.c.obj
[nivviks:ro] [123/413] Building C object zephyr/lib/libc/common/CMakeFiles/lib__libc__common.dir/source/stdlib/malloc.c.obj
[nivviks:ro] [124/413] Building C object zephyr/lib/libc/common/CMakeFiles/lib__libc__common.dir/source/string/strnlen.c.obj
[rex-ish-ec:ro] [277/428] Building C object CMakeFiles/app.dir/mnt/host/source/src/platform/ec/build/zephyr/rex-ish-ec/modules/ec/common/gpio_commands.c.obj
[rex-ish-ec:ro] [278/428] Building C object CMakeFiles/app.dir/mnt/host/source/src/platform/ec/build/zephyr/rex-ish-ec/modules/ec/common/printf.c.obj
[nivviks:ro] [125/413] Linking C static library zephyr/lib/libc/common/liblib__libc__common.a
[nivviks:ro] [126/413] Building C object zephyr/lib/posix/c_lib_ext/CMakeFiles/lib__posix__c_lib_ext.dir/fnmatch.c.obj
[caboc:rw] [76/380] Building C object CMakeFiles/app.dir/mnt/host/source/src/platform/ec/build/zephyr/caboc/modules/ec/common/uart_hostcmd.c.obj
[caboc:ro] [142/380] Building C object zephyr/drivers/adc/CMakeFiles/drivers__adc.dir/adc_common.c.obj
[nivviks:ro] [127/413] Building C object zephyr/lib/posix/c_lib_ext/CMakeFiles/lib__posix__c_lib_ext.dir/getentropy.c.obj
[nivviks:ro] [128/413] Building C object zephyr/lib/posix/c_lib_ext/CMakeFiles/lib__posix__c_lib_ext.dir/getopt_shim.c.obj
[nivviks:ro] [129/413] Linking C static library zephyr/lib/posix/c_lib_ext/liblib__posix__c_lib_ext.a
[caboc:ro] [143/380] Building C object zephyr/drivers/adc/CMakeFiles/drivers__adc.dir/adc_ite_it8xxx2.c.obj
[nivviks:ro] [130/413] Building C object zephyr/subsys/crc/CMakeFiles/subsys__crc.dir/crc4_sw.c.obj
[nivviks:ro] [131/413] Building C object zephyr/subsys/crc/CMakeFiles/subsys__crc.dir/crc8_sw.c.obj
[caboc:ro] [144/380] Linking C static library zephyr/drivers/adc/libdrivers__adc.a
[caboc:ro] [145/380] Building C object zephyr/drivers/bbram/CMakeFiles/drivers__bbram.dir/bbram_it8xxx2.c.obj
[nivviks:ro] [132/413] Building C object zephyr/subsys/crc/CMakeFiles/subsys__crc.dir/crc16_sw.c.obj
[nivviks:ro] [133/413] Building C object zephyr/subsys/crc/CMakeFiles/subsys__crc.dir/crc7_sw.c.obj
[caboc:rw] [77/380] Building C object CMakeFiles/app.dir/mnt/host/source/src/platform/ec/build/zephyr/caboc/modules/ec/common/uptime.c.obj
[nivviks:ro] [134/413] Building C object zephyr/subsys/crc/CMakeFiles/subsys__crc.dir/crc24_sw.c.obj
[caboc:ro] [146/380] Linking C static library zephyr/drivers/bbram/libdrivers__bbram.a
[nivviks:ro] [135/413] Building C object zephyr/subsys/crc/CMakeFiles/subsys__crc.dir/crc32c_sw.c.obj
[nivviks:ro] [136/413] Building C object zephyr/subsys/crc/CMakeFiles/subsys__crc.dir/crc32_sw.c.obj
[nivviks:rw] [219/413] Building ASM object zephyr/arch/arch/arm/core/cortex_m/CMakeFiles/arch__arm__core__cortex_m.dir/reset.S.obj
[nivviks:ro] [137/413] Building C object zephyr/subsys/crc/CMakeFiles/subsys__crc.dir/crc32k_4_2_sw.c.obj
[nivviks:rw] [220/413] Building C object zephyr/arch/arch/arm/core/cortex_m/CMakeFiles/arch__arm__core__cortex_m.dir/scb.c.obj
[nivviks:rw] [221/413] Building C object zephyr/arch/arch/arm/core/cortex_m/CMakeFiles/arch__arm__core__cortex_m.dir/thread_abort.c.obj
[rex-ish-ec:ro] [279/428] Building C object CMakeFiles/app.dir/mnt/host/source/src/platform/ec/build/zephyr/rex-ish-ec/modules/ec/common/queue.c.obj
[nivviks:ro] [138/413] Linking C static library zephyr/subsys/crc/libsubsys__crc.a
[nivviks:ro] [139/413] Building C object zephyr/drivers/interrupt_controller/CMakeFiles/drivers__interrupt_controller.dir/intc_miwu.c.obj
[nivviks:ro] [140/413] Linking C static library zephyr/drivers/interrupt_controller/libdrivers__interrupt_controller.a
[caboc:ro] [147/380] Building C object zephyr/drivers/console/CMakeFiles/drivers__console.dir/uart_console.c.obj
[nivviks:ro] [141/413] Building C object zephyr/drivers/adc/CMakeFiles/drivers__adc.dir/adc_common.c.obj
[nivviks:ro] [142/413] Building C object zephyr/drivers/adc/CMakeFiles/drivers__adc.dir/adc_npcx.c.obj
[caboc:ro] [148/380] Linking C static library zephyr/drivers/console/libdrivers__console.a
[nivviks:ro] [143/413] Linking C static library zephyr/drivers/adc/libdrivers__adc.a
[nivviks:ro] [144/413] Building C object zephyr/drivers/bbram/CMakeFiles/drivers__bbram.dir/bbram_npcx.c.obj
[nivviks:ro] [145/413] Linking C static library zephyr/drivers/bbram/libdrivers__bbram.a
[nivviks:rw] [222/413] Building ASM object zephyr/arch/arch/arm/core/cortex_m/CMakeFiles/arch__arm__core__cortex_m.dir/vector_table.S.obj
[caboc:rw] [78/380] Building C object CMakeFiles/app.dir/mnt/host/source/src/platform/ec/build/zephyr/caboc/modules/ec/common/i2c_passthru.c.obj
[nivviks:ro] [146/413] Building C object zephyr/drivers/clock_control/CMakeFiles/drivers__clock_control.dir/clock_control_npcx.c.obj
[caboc:rw] [79/380] Building C object CMakeFiles/app.dir/mnt/host/source/src/platform/ec/build/zephyr/caboc/modules/ec/common/i2c_controller.c.obj
[nivviks:ro] [147/413] Linking C static library zephyr/drivers/clock_control/libdrivers__clock_control.a
[nivviks:ro] [148/413] Building C object zephyr/drivers/console/CMakeFiles/drivers__console.dir/uart_console.c.obj
[caboc:ro] [149/380] Building C object zephyr/drivers/crypto/CMakeFiles/drivers__crypto.dir/crypto_it8xxx2_sha_v2.c.obj
[caboc:rw] [80/380] Building C object CMakeFiles/app.dir/mnt/host/source/src/platform/ec/build/zephyr/caboc/modules/ec/common/keyboard_8042.c.obj
[rex-ish-ec:ro] [280/428] Building C object CMakeFiles/app.dir/mnt/host/source/src/platform/ec/build/zephyr/rex-ish-ec/modules/ec/common/system_boot_time.c.obj
[caboc:rw] [81/380] Building C object CMakeFiles/app.dir/mnt/host/source/src/platform/ec/build/zephyr/caboc/modules/ec/common/keyboard_8042_sharedlib.c.obj
[caboc:ro] [150/380] Linking C static library zephyr/drivers/crypto/libdrivers__crypto.a
[nivviks:ro] [149/413] Linking C static library zephyr/drivers/console/libdrivers__console.a
[nivviks:ro] [150/413] Building C object zephyr/drivers/eeprom/CMakeFiles/drivers__eeprom.dir/eeprom_at2x.c.obj
[rex-ish-ec:ro] [281/428] Building C object CMakeFiles/app.dir/mnt/host/source/src/platform/ec/build/zephyr/rex-ish-ec/modules/ec/common/uart_printf.c.obj
[nivviks:ro] [151/413] Linking C static library zephyr/drivers/eeprom/libdrivers__eeprom.a
[rex-ish-ec:ro] [282/428] Building C object CMakeFiles/app.dir/mnt/host/source/src/platform/ec/build/zephyr/rex-ish-ec/modules/ec/common/util.c.obj
[nivviks:ro] [152/413] Building C object zephyr/drivers/espi/CMakeFiles/drivers__espi.dir/espi_npcx.c.obj
[caboc:ro] [151/380] Building C object zephyr/drivers/flash/CMakeFiles/drivers__flash.dir/flash_ite_it8xxx2.c.obj
[nivviks:ro] [153/413] Building C object zephyr/drivers/espi/CMakeFiles/drivers__espi.dir/host_subs_npcx.c.obj
[caboc:ro] [152/380] Linking C static library zephyr/drivers/flash/libdrivers__flash.a
[nivviks:ro] [154/413] Linking C static library zephyr/drivers/espi/libdrivers__espi.a
[nivviks:ro] [155/413] Building C object zephyr/drivers/flash/CMakeFiles/drivers__flash.dir/jesd216.c.obj
[rex-ish-ec:ro] [283/428] Building C object CMakeFiles/app.dir/mnt/host/source/src/platform/ec/build/zephyr/rex-ish-ec/modules/ec/common/system.c.obj
[nivviks:ro] [156/413] Building C object zephyr/drivers/flash/CMakeFiles/drivers__flash.dir/flash_npcx_fiu_nor.c.obj
[nivviks:ro] [157/413] Building C object zephyr/drivers/flash/CMakeFiles/drivers__flash.dir/flash_npcx_fiu_qspi.c.obj
[caboc:rw] [82/380] Building C object CMakeFiles/app.dir/mnt/host/source/src/platform/ec/build/zephyr/caboc/modules/ec/common/mkbp_fifo.c.obj
[nivviks:ro] [158/413] Linking C static library zephyr/drivers/flash/libdrivers__flash.a
[nivviks:ro] [159/413] Building C object zephyr/drivers/gpio/CMakeFiles/drivers__gpio.dir/gpio_npcx.c.obj
[rex-ish-ec:ro] [284/428] Building C object CMakeFiles/app.dir/mnt/host/source/src/platform/ec/build/zephyr/rex-ish-ec/modules/ec/common/version.c.obj
[nivviks:rw] [223/413] Building ASM object zephyr/arch/arch/arm/core/cortex_m/CMakeFiles/arch__arm__core__cortex_m.dir/swap_helper.S.obj
[nivviks:rw] [224/413] Building C object zephyr/arch/arch/arm/core/cortex_m/CMakeFiles/arch__arm__core__cortex_m.dir/irq_manage.c.obj
[caboc:ro] [153/380] Building C object zephyr/drivers/espi/CMakeFiles/drivers__espi.dir/espi_it8xxx2.c.obj
[nivviks:ro] [160/413] Linking C static library zephyr/drivers/gpio/libdrivers__gpio.a
[nivviks:rw] [225/413] Building C object zephyr/arch/arch/arm/core/cortex_m/CMakeFiles/arch__arm__core__cortex_m.dir/prep_c.c.obj
[nivviks:ro] [161/413] Building C object zephyr/drivers/i2c/CMakeFiles/drivers__i2c.dir/i2c_common.c.obj
[nivviks:rw] [226/413] Building C object zephyr/arch/arch/arm/core/cortex_m/CMakeFiles/arch__arm__core__cortex_m.dir/thread.c.obj
[nivviks:ro] [162/413] Building C object zephyr/drivers/i2c/CMakeFiles/drivers__i2c.dir/i2c_shell.c.obj
[caboc:ro] [154/380] Linking C static library zephyr/drivers/espi/libdrivers__espi.a
[nivviks:ro] [163/413] Building C object zephyr/drivers/i2c/CMakeFiles/drivers__i2c.dir/i2c_npcx_controller.c.obj
[nivviks:rw] [227/413] Building C object zephyr/arch/arch/arm/core/cortex_m/CMakeFiles/arch__arm__core__cortex_m.dir/cpu_idle.c.obj
[nivviks:ro] [164/413] Building C object zephyr/drivers/i2c/CMakeFiles/drivers__i2c.dir/i2c_npcx_controller_fifo.c.obj
[nivviks:rw] [228/413] Building C object zephyr/arch/arch/arm/core/cortex_m/CMakeFiles/arch__arm__core__cortex_m.dir/irq_init.c.obj
[nivviks:ro] [165/413] Building C object zephyr/drivers/i2c/CMakeFiles/drivers__i2c.dir/i2c_npcx_port.c.obj
[nivviks:rw] [229/413] Building C object zephyr/arch/arch/arm/core/cortex_m/CMakeFiles/arch__arm__core__cortex_m.dir/isr_wrapper.c.obj
[nivviks:ro] [166/413] Linking C static library zephyr/drivers/i2c/libdrivers__i2c.a
[nivviks:rw] [230/413] Linking C static library zephyr/arch/arch/arm/core/cortex_m/libarch__arm__core__cortex_m.a
[nivviks:ro] [167/413] Building C object zephyr/drivers/pinctrl/CMakeFiles/drivers__pinctrl.dir/common.c.obj
[nivviks:rw] [231/413] Building C object zephyr/arch/arch/arm/core/mpu/CMakeFiles/arch__arm__core__mpu.dir/arm_core_mpu.c.obj
[nivviks:ro] [168/413] Building C object zephyr/drivers/pinctrl/CMakeFiles/drivers__pinctrl.dir/pinctrl_npcx.c.obj
[nivviks:rw] [232/413] Building C object zephyr/arch/arch/arm/core/mpu/CMakeFiles/arch__arm__core__mpu.dir/arm_mpu.c.obj
[caboc:rw] [83/380] Building C object CMakeFiles/app.dir/mnt/host/source/src/platform/ec/build/zephyr/caboc/modules/ec/common/mkbp_info.c.obj
[nivviks:rw] [233/413] Building C object zephyr/arch/arch/arm/core/mpu/CMakeFiles/arch__arm__core__mpu.dir/arm_mpu_regions.c.obj
[nivviks:ro] [169/413] Linking C static library zephyr/drivers/pinctrl/libdrivers__pinctrl.a
[caboc:rw] [84/380] Building C object CMakeFiles/app.dir/mnt/host/source/src/platform/ec/build/zephyr/caboc/modules/ec/common/keyboard_backlight.c.obj
[nivviks:ro] [170/413] Building C object zephyr/drivers/pwm/CMakeFiles/drivers__pwm.dir/pwm_npcx.c.obj
[nivviks:rw] [234/413] Linking C static library zephyr/arch/arch/arm/core/mpu/libarch__arm__core__mpu.a
[caboc:ro] [155/380] Building C object zephyr/drivers/i2c/CMakeFiles/drivers__i2c.dir/i2c_common.c.obj
[caboc:rw] [85/380] Building C object CMakeFiles/app.dir/mnt/host/source/src/platform/ec/build/zephyr/caboc/modules/ec/common/mkbp_input_devices.c.obj
[nivviks:ro] [171/413] Linking C static library zephyr/drivers/pwm/libdrivers__pwm.a
[nivviks:ro] [172/413] Building C object zephyr/drivers/sensor/CMakeFiles/drivers__sensor.dir/mnt/host/source/src/third_party/zephyr/main/misc/empty_file.c.obj
[nivviks:rw] [235/413] Generating ../../../include/generated/libc/minimal/strerror_table.h
[nivviks:rw] [236/413] Building C object zephyr/lib/libc/minimal/CMakeFiles/lib__libc__minimal.dir/source/stdlib/atoi.c.obj
[nivviks:rw] [237/413] Building C object zephyr/lib/libc/minimal/CMakeFiles/lib__libc__minimal.dir/source/stdlib/strtol.c.obj
[nivviks:rw] [238/413] Building C object zephyr/lib/libc/minimal/CMakeFiles/lib__libc__minimal.dir/source/stdlib/strtoul.c.obj
[caboc:rw] [86/380] Building C object CMakeFiles/app.dir/mnt/host/source/src/platform/ec/build/zephyr/caboc/modules/ec/common/led_common.c.obj
[nivviks:rw] [239/413] Building C object zephyr/lib/libc/minimal/CMakeFiles/lib__libc__minimal.dir/source/stdlib/strtoll.c.obj
[nivviks:rw] [240/413] Building C object zephyr/lib/libc/minimal/CMakeFiles/lib__libc__minimal.dir/source/stdlib/strtoull.c.obj
[nivviks:rw] [241/413] Building C object zephyr/lib/libc/minimal/CMakeFiles/lib__libc__minimal.dir/source/stdlib/bsearch.c.obj
[nivviks:ro] [173/413] Linking C static library zephyr/drivers/sensor/libdrivers__sensor.a
[caboc:ro] [156/380] Building C object zephyr/drivers/i2c/CMakeFiles/drivers__i2c.dir/i2c_bitbang.c.obj
[nivviks:rw] [242/413] Building C object zephyr/lib/libc/minimal/CMakeFiles/lib__libc__minimal.dir/source/stdlib/exit.c.obj
[nivviks:ro] [174/413] Building C object zephyr/drivers/sensor/nuvoton/nuvoton_adc_cmp_npcx/CMakeFiles/drivers__sensor__nuvoton__nuvoton_adc_cmp_npcx.dir/adc_cmp_npcx.c.obj
[nivviks:rw] [243/413] Building C object zephyr/lib/libc/minimal/CMakeFiles/lib__libc__minimal.dir/source/stdlib/qsort.c.obj
[nivviks:rw] [244/413] Building C object zephyr/lib/libc/minimal/CMakeFiles/lib__libc__minimal.dir/source/string/strerror.c.obj
[nivviks:rw] [245/413] Building C object zephyr/lib/libc/minimal/CMakeFiles/lib__libc__minimal.dir/source/string/strncasecmp.c.obj
[nivviks:rw] [246/413] Building C object zephyr/lib/libc/minimal/CMakeFiles/lib__libc__minimal.dir/source/string/strstr.c.obj
[nivviks:rw] [247/413] Building C object zephyr/lib/libc/minimal/CMakeFiles/lib__libc__minimal.dir/source/string/string.c.obj
[nivviks:ro] [175/413] Linking C static library zephyr/drivers/sensor/nuvoton/nuvoton_adc_cmp_npcx/libdrivers__sensor__nuvoton__nuvoton_adc_cmp_npcx.a
[nivviks:rw] [248/413] Building C object zephyr/lib/libc/minimal/CMakeFiles/lib__libc__minimal.dir/source/string/strspn.c.obj
[nivviks:ro] [176/413] Building C object zephyr/drivers/sensor/nuvoton/nuvoton_tach_npcx/CMakeFiles/drivers__sensor__nuvoton__nuvoton_tach_npcx.dir/tach_nuvoton_npcx.c.obj
[nivviks:rw] [249/413] Building C object zephyr/lib/libc/minimal/CMakeFiles/lib__libc__minimal.dir/source/stdout/stdout_console.c.obj
[nivviks:rw] [250/413] Building C object zephyr/lib/libc/minimal/CMakeFiles/lib__libc__minimal.dir/source/stdout/sprintf.c.obj
[nivviks:rw] [251/413] Building C object zephyr/lib/libc/minimal/CMakeFiles/lib__libc__minimal.dir/source/stdout/fprintf.c.obj
[rex-ish-ec:ro] [285/428] Building C object CMakeFiles/app.dir/mnt/host/source/src/platform/ec/build/zephyr/rex-ish-ec/modules/ec/common/adc.c.obj
[nivviks:rw] [252/413] Building C object zephyr/lib/libc/minimal/CMakeFiles/lib__libc__minimal.dir/source/math/sqrtf.c.obj
[nivviks:ro] [177/413] Linking C static library zephyr/drivers/sensor/nuvoton/nuvoton_tach_npcx/libdrivers__sensor__nuvoton__nuvoton_tach_npcx.a
[nivviks:rw] [253/413] Building C object zephyr/lib/libc/minimal/CMakeFiles/lib__libc__minimal.dir/source/math/sqrt.c.obj
[nivviks:ro] [178/413] Building C object zephyr/drivers/serial/CMakeFiles/drivers__serial.dir/uart_npcx.c.obj
[nivviks:rw] [254/413] Building C object zephyr/lib/libc/minimal/CMakeFiles/lib__libc__minimal.dir/source/time/gmtime.c.obj
[nivviks:ro] [179/413] Linking C static library zephyr/drivers/serial/libdrivers__serial.a
[nivviks:rw] [255/413] Linking C static library zephyr/lib/libc/minimal/liblib__libc__minimal.a
[caboc:ro] [157/380] Building C object zephyr/drivers/gpio/CMakeFiles/drivers__gpio.dir/gpio_ite_it8xxx2_v2.c.obj
[nivviks:ro] [180/413] Building C object zephyr/drivers/syscon/CMakeFiles/drivers__syscon.dir/syscon.c.obj
[nivviks:rw] [256/413] Building C object zephyr/lib/libc/common/CMakeFiles/lib__libc__common.dir/source/stdlib/abort.c.obj
[rex-ish-ec:ro] [286/428] Building C object CMakeFiles/app.dir/mnt/host/source/src/platform/ec/build/zephyr/rex-ish-ec/modules/ec/common/power_button_x86.c.obj
[nivviks:rw] [257/413] Building C object zephyr/lib/libc/common/CMakeFiles/lib__libc__common.dir/source/time/asctime.c.obj
[nivviks:rw] [258/413] Building C object zephyr/lib/libc/common/CMakeFiles/lib__libc__common.dir/source/time/gmtime_r.c.obj
[rex-ish-ec:ro] [287/428] Building C object CMakeFiles/app.dir/mnt/host/source/src/platform/ec/build/zephyr/rex-ish-ec/modules/ec/common/acpi.c.obj
[nivviks:rw] [259/413] Building C object zephyr/lib/libc/common/CMakeFiles/lib__libc__common.dir/source/time/localtime_r_utc.c.obj
[caboc:rw] [87/380] Building C object CMakeFiles/app.dir/mnt/host/source/src/platform/ec/build/zephyr/caboc/modules/ec/common/lid_switch.c.obj
[nivviks:rw] [260/413] Building C object zephyr/lib/libc/common/CMakeFiles/lib__libc__common.dir/source/time/ctime.c.obj
[caboc:ro] [158/380] Linking C static library zephyr/drivers/gpio/libdrivers__gpio.a
[nivviks:rw] [261/413] Building C object zephyr/lib/libc/common/CMakeFiles/lib__libc__common.dir/source/time/time.c.obj
[nivviks:rw] [262/413] Building C object zephyr/lib/libc/common/CMakeFiles/lib__libc__common.dir/source/stdlib/malloc.c.obj
[rex-ish-ec:ro] [288/428] Building C object CMakeFiles/app.dir/mnt/host/source/src/platform/ec/build/zephyr/rex-ish-ec/modules/ec/common/backlight_lid.c.obj
[nivviks:rw] [263/413] Building C object zephyr/lib/libc/common/CMakeFiles/lib__libc__common.dir/source/string/strnlen.c.obj
[nivviks:ro] [181/413] Linking C static library zephyr/drivers/syscon/libdrivers__syscon.a
[nivviks:ro] [182/413] Building C object zephyr/drivers/timer/CMakeFiles/drivers__timer.dir/sys_clock_init.c.obj
[nivviks:ro] [183/413] Building C object zephyr/drivers/timer/CMakeFiles/drivers__timer.dir/npcx_itim_timer.c.obj
[caboc:ro] [159/380] Building C object zephyr/drivers/i2c/CMakeFiles/drivers__i2c.dir/i2c_shell.c.obj
[nivviks:rw] [264/413] Linking C static library zephyr/lib/libc/common/liblib__libc__common.a
[nivviks:ro] [184/413] Linking C static library zephyr/drivers/timer/libdrivers__timer.a
[nivviks:rw] [265/413] Building C object zephyr/lib/posix/c_lib_ext/CMakeFiles/lib__posix__c_lib_ext.dir/fnmatch.c.obj
[nivviks:ro] [185/413] Building C object zephyr/drivers/watchdog/CMakeFiles/drivers__watchdog.dir/wdt_npcx.c.obj
[nivviks:rw] [266/413] Building C object zephyr/lib/posix/c_lib_ext/CMakeFiles/lib__posix__c_lib_ext.dir/getentropy.c.obj
[nivviks:rw] [267/413] Building C object zephyr/lib/posix/c_lib_ext/CMakeFiles/lib__posix__c_lib_ext.dir/getopt_shim.c.obj
[caboc:rw] [88/380] Building C object CMakeFiles/app.dir/mnt/host/source/src/platform/ec/build/zephyr/caboc/modules/ec/common/mkbp_event.c.obj
[nivviks:ro] [186/413] Linking C static library zephyr/drivers/watchdog/libdrivers__watchdog.a
[nivviks:ro] [187/413] Building C object modules/ec/zephyr/CMakeFiles/ec_shim.dir/app/ec/ec_app_main.c.obj
[nivviks:rw] [268/413] Linking C static library zephyr/lib/posix/c_lib_ext/liblib__posix__c_lib_ext.a
[rex-ish-ec:ro] [289/428] Building C object CMakeFiles/app.dir/mnt/host/source/src/platform/ec/build/zephyr/rex-ish-ec/modules/ec/common/battery.c.obj
[nivviks:rw] [269/413] Building C object zephyr/subsys/crc/CMakeFiles/subsys__crc.dir/crc4_sw.c.obj
[nivviks:ro] [188/413] Building C object modules/ec/zephyr/CMakeFiles/ec_shim.dir/app/ec/main_shim.c.obj
[nivviks:rw] [270/413] Building C object zephyr/subsys/crc/CMakeFiles/subsys__crc.dir/crc8_sw.c.obj
[nivviks:ro] [189/413] Building C object modules/ec/zephyr/CMakeFiles/ec_shim.dir/drivers/cros_flash/cros_flash_npcx.c.obj
[caboc:rw] [89/380] Building C object CMakeFiles/app.dir/mnt/host/source/src/platform/ec/build/zephyr/caboc/modules/ec/common/power_button.c.obj
[nivviks:rw] [271/413] Building C object zephyr/subsys/crc/CMakeFiles/subsys__crc.dir/crc16_sw.c.obj
[nivviks:ro] [190/413] Building C object modules/ec/zephyr/CMakeFiles/ec_shim.dir/drivers/cros_kb_raw/cros_kb_raw_npcx.c.obj
[nivviks:ro] [191/413] Building C object modules/ec/zephyr/CMakeFiles/ec_shim.dir/drivers/cros_kblight/pwm_kblight.c.obj
[nivviks:rw] [272/413] Building C object zephyr/subsys/crc/CMakeFiles/subsys__crc.dir/crc7_sw.c.obj
[nivviks:ro] [192/413] Building C object modules/ec/zephyr/CMakeFiles/ec_shim.dir/drivers/cros_system/cros_system_npcx.c.obj
[nivviks:rw] [273/413] Building C object zephyr/subsys/crc/CMakeFiles/subsys__crc.dir/crc24_sw.c.obj
[nivviks:ro] [193/413] Building C object modules/ec/zephyr/CMakeFiles/ec_shim.dir/drivers/vivaldi_kbd/vivaldi_kbd.c.obj
[nivviks:rw] [274/413] Building C object zephyr/subsys/crc/CMakeFiles/subsys__crc.dir/crc32c_sw.c.obj
[nivviks:ro] [194/413] Building C object modules/ec/zephyr/CMakeFiles/ec_shim.dir/shim/chip/npcx/clock.c.obj
[caboc:rw] [90/380] Building C object CMakeFiles/app.dir/mnt/host/source/src/platform/ec/build/zephyr/caboc/modules/ec/common/port80.c.obj
[nivviks:rw] [275/413] Building C object zephyr/subsys/crc/CMakeFiles/subsys__crc.dir/crc32_sw.c.obj
[nivviks:ro] [195/413] Building C object modules/ec/zephyr/CMakeFiles/ec_shim.dir/shim/chip/npcx/gpio.c.obj
[nivviks:rw] [276/413] Building C object zephyr/subsys/crc/CMakeFiles/subsys__crc.dir/crc32k_4_2_sw.c.obj
[nivviks:ro] [196/413] Building C object modules/ec/zephyr/CMakeFiles/ec_shim.dir/shim/chip/npcx/rom_chip.c.obj
[nivviks:ro] [197/413] Building C object modules/ec/zephyr/CMakeFiles/ec_shim.dir/shim/chip/npcx/keyboard_raw.c.obj
[nivviks:ro] [198/413] Building C object modules/ec/zephyr/CMakeFiles/ec_shim.dir/shim/chip/npcx/system.c.obj
[caboc:ro] [160/380] Building C object zephyr/drivers/i2c/CMakeFiles/drivers__i2c.dir/i2c_ite_enhance.c.obj
[caboc:ro] [161/380] Building C object zephyr/drivers/input/CMakeFiles/drivers__input.dir/input_ite_it8xxx2_kbd.c.obj
[nivviks:ro] [199/413] Building C object modules/ec/zephyr/CMakeFiles/ec_shim.dir/shim/chip/npcx/system_external_storage.c.obj
[nivviks:rw] [277/413] Linking C static library zephyr/subsys/crc/libsubsys__crc.a
[nivviks:ro] [200/413] Building C object modules/ec/zephyr/CMakeFiles/ec_shim.dir/shim/chip/npcx/system_download_from_flash.c.obj
[nivviks:rw] [278/413] Building C object zephyr/drivers/interrupt_controller/CMakeFiles/drivers__interrupt_controller.dir/intc_miwu.c.obj
[caboc:ro] [162/380] Linking C static library zephyr/drivers/i2c/libdrivers__i2c.a
[caboc:rw] [91/380] Building C object CMakeFiles/app.dir/mnt/host/source/src/platform/ec/build/zephyr/caboc/modules/ec/power/hibernate.c.obj
[nivviks:ro] [201/413] Building C object modules/ec/zephyr/CMakeFiles/ec_shim.dir/shim/chip/npcx/power_policy.c.obj
[nivviks:ro] [202/413] Building C object modules/ec/zephyr/CMakeFiles/ec_shim.dir/shim/core/cortex-m/mpu.c.obj
[nivviks:ro] [203/413] Building C object modules/ec/zephyr/CMakeFiles/ec_shim.dir/shim/core/cortex-m/panic.c.obj
[nivviks:ro] [204/413] Building C object modules/ec/zephyr/CMakeFiles/ec_shim.dir/shim/src/console.c.obj
[nivviks:rw] [279/413] Linking C static library zephyr/drivers/interrupt_controller/libdrivers__interrupt_controller.a
[nivviks:ro] [205/413] Building C object modules/ec/zephyr/CMakeFiles/ec_shim.dir/shim/src/crc.c.obj
[nivviks:rw] [280/413] Building C object zephyr/drivers/adc/CMakeFiles/drivers__adc.dir/adc_common.c.obj
[nivviks:ro] [206/413] Building C object modules/ec/zephyr/CMakeFiles/ec_shim.dir/shim/src/gpio.c.obj
[nivviks:rw] [281/413] Building C object zephyr/drivers/adc/CMakeFiles/drivers__adc.dir/adc_npcx.c.obj
[nivviks:ro] [207/413] Building C object modules/ec/zephyr/CMakeFiles/ec_shim.dir/shim/src/gpio_int.c.obj
[nivviks:ro] [208/413] Building C object modules/ec/zephyr/CMakeFiles/ec_shim.dir/shim/src/panic_utils.c.obj
[nivviks:ro] [209/413] Building C object modules/ec/zephyr/CMakeFiles/ec_shim.dir/shim/src/pm_state.c.obj
[caboc:ro] [163/380] Building C object zephyr/drivers/pinctrl/CMakeFiles/drivers__pinctrl.dir/common.c.obj
[nivviks:rw] [282/413] Linking C static library zephyr/drivers/adc/libdrivers__adc.a
[nivviks:ro] [210/413] Building C object modules/ec/zephyr/CMakeFiles/ec_shim.dir/shim/src/cbi/cros_cbi.c.obj
[nivviks:rw] [283/413] Building C object zephyr/drivers/bbram/CMakeFiles/drivers__bbram.dir/bbram_npcx.c.obj
[nivviks:ro] [211/413] Building C object modules/ec/zephyr/CMakeFiles/ec_shim.dir/shim/src/cbi/cros_cbi_fw_config.c.obj
[nivviks:ro] [212/413] Building C object modules/ec/zephyr/CMakeFiles/ec_shim.dir/shim/src/cbi/cbi_eeprom.c.obj
[nivviks:ro] [213/413] Building C object modules/ec/zephyr/CMakeFiles/ec_shim.dir/shim/src/system.c.obj
[caboc:ro] [164/380] Building C object zephyr/drivers/input/CMakeFiles/drivers__input.dir/input_kbd_matrix.c.obj
[nivviks:rw] [284/413] Linking C static library zephyr/drivers/bbram/libdrivers__bbram.a
[nivviks:rw] [285/413] Building C object zephyr/drivers/clock_control/CMakeFiles/drivers__clock_control.dir/clock_control_npcx.c.obj
[caboc:rw] [92/380] Building C object CMakeFiles/app.dir/mnt/host/source/src/platform/ec/build/zephyr/caboc/modules/ec/common/panic_output.c.obj
[caboc:ro] [165/380] Linking C static library zephyr/drivers/input/libdrivers__input.a
[rex-ish-ec:ro] [290/428] Building C object CMakeFiles/app.dir/mnt/host/source/src/platform/ec/build/zephyr/rex-ish-ec/modules/ec/driver/battery/smart.c.obj
[nivviks:rw] [286/413] Linking C static library zephyr/drivers/clock_control/libdrivers__clock_control.a
[rex-ish-ec:ro] [291/428] Building C object CMakeFiles/app.dir/mnt/host/source/src/platform/ec/build/zephyr/rex-ish-ec/modules/ec/common/battery_info.c.obj
[rex-ish-ec:ro] [292/428] Building C object CMakeFiles/app.dir/mnt/host/source/src/platform/ec/build/zephyr/rex-ish-ec/modules/ec/common/battery_fuel_gauge.c.obj
[nivviks:rw] [287/413] Building C object zephyr/drivers/console/CMakeFiles/drivers__console.dir/uart_console.c.obj
[nivviks:ro] [214/413] Building ASM object modules/ec/zephyr/CMakeFiles/ec_shim.dir/shim/src/libgcc_arm.S.obj
[nivviks:ro] [215/413] Building C object modules/ec/zephyr/CMakeFiles/ec_shim.dir/shim/src/adc.c.obj
[nivviks:ro] [216/413] Building C object modules/ec/zephyr/CMakeFiles/ec_shim.dir/shim/src/battery.c.obj
[nivviks:ro] [217/413] Building C object modules/ec/zephyr/CMakeFiles/ec_shim.dir/shim/src/charger.c.obj
[nivviks:ro] [218/413] Building C object modules/ec/zephyr/CMakeFiles/ec_shim.dir/shim/src/chipset_api.c.obj
[nivviks:ro] [219/413] Building C object modules/ec/zephyr/CMakeFiles/ec_shim.dir/shim/src/espi.c.obj
[caboc:ro] [166/380] Building C object zephyr/drivers/sensor/CMakeFiles/drivers__sensor.dir/mnt/host/source/src/third_party/zephyr/main/misc/empty_file.c.obj
[nivviks:rw] [288/413] Linking C static library zephyr/drivers/console/libdrivers__console.a
[nivviks:ro] [220/413] Building C object modules/ec/zephyr/CMakeFiles/ec_shim.dir/shim/src/fan.c.obj
[nivviks:rw] [289/413] Building C object zephyr/drivers/eeprom/CMakeFiles/drivers__eeprom.dir/eeprom_at2x.c.obj
[nivviks:ro] [221/413] Building C object modules/ec/zephyr/CMakeFiles/ec_shim.dir/shim/src/flash.c.obj
[nivviks:ro] [222/413] Building C object modules/ec/zephyr/CMakeFiles/ec_shim.dir/shim/src/hooks.c.obj
[caboc:rw] [93/380] Building C object CMakeFiles/app.dir/mnt/host/source/src/platform/ec/build/zephyr/caboc/modules/ec/common/shared_mem.c.obj
[nivviks:ro] [223/413] Building C object modules/ec/zephyr/CMakeFiles/ec_shim.dir/shim/src/host_command.c.obj
[caboc:ro] [167/380] Linking C static library zephyr/drivers/sensor/libdrivers__sensor.a
[nivviks:ro] [224/413] Building C object modules/ec/zephyr/CMakeFiles/ec_shim.dir/shim/src/console_buffer.c.obj
[nivviks:ro] [225/413] Building C object modules/ec/zephyr/CMakeFiles/ec_shim.dir/shim/src/keyboard_raw.c.obj
[nivviks:rw] [290/413] Linking C static library zephyr/drivers/eeprom/libdrivers__eeprom.a
[nivviks:ro] [226/413] Building C object modules/ec/zephyr/CMakeFiles/ec_shim.dir/shim/src/mkbp_event.c.obj
[nivviks:rw] [291/413] Building C object zephyr/drivers/espi/CMakeFiles/drivers__espi.dir/espi_npcx.c.obj
[nivviks:rw] [292/413] Building C object zephyr/drivers/espi/CMakeFiles/drivers__espi.dir/host_subs_npcx.c.obj
[rex-ish-ec:ro] [293/428] Building C object CMakeFiles/app.dir/mnt/host/source/src/platform/ec/build/zephyr/rex-ish-ec/modules/ec/driver/bc12/pi3usb9201.c.obj
[nivviks:ro] [227/413] Building C object modules/ec/zephyr/CMakeFiles/ec_shim.dir/shim/src/motionsense_sensors.c.obj
[nivviks:ro] [228/413] Building C object modules/ec/zephyr/CMakeFiles/ec_shim.dir/shim/src/panic.c.obj
[caboc:rw] [94/380] Building C object CMakeFiles/app.dir/mnt/host/source/src/platform/ec/build/zephyr/caboc/modules/ec/common/switch.c.obj
[nivviks:ro] [229/413] Building C object modules/ec/zephyr/CMakeFiles/ec_shim.dir/shim/src/pwm_hc.c.obj
[nivviks:ro] [230/413] Building C object modules/ec/zephyr/CMakeFiles/ec_shim.dir/shim/src/pwm_led.c.obj
[nivviks:rw] [293/413] Linking C static library zephyr/drivers/espi/libdrivers__espi.a
[nivviks:ro] [231/413] Building C object modules/ec/zephyr/CMakeFiles/ec_shim.dir/shim/src/temp_sensors.c.obj
[nivviks:rw] [294/413] Building C object zephyr/drivers/flash/CMakeFiles/drivers__flash.dir/jesd216.c.obj
[nivviks:ro] [232/413] Building C object modules/ec/zephyr/CMakeFiles/ec_shim.dir/shim/src/thermal.c.obj
[nivviks:rw] [295/413] Building C object zephyr/drivers/flash/CMakeFiles/drivers__flash.dir/flash_npcx_fiu_nor.c.obj
[caboc:rw] [95/380] Building C object CMakeFiles/app.dir/mnt/host/source/src/platform/ec/build/zephyr/caboc/modules/ec/common/tablet_mode.c.obj
[nivviks:ro] [233/413] Building C object modules/ec/zephyr/CMakeFiles/ec_shim.dir/shim/src/hwtimer.c.obj
[nivviks:rw] [296/413] Building C object zephyr/drivers/flash/CMakeFiles/drivers__flash.dir/flash_npcx_fiu_qspi.c.obj
[nivviks:ro] [234/413] Building C object modules/ec/zephyr/CMakeFiles/ec_shim.dir/shim/src/i2c.c.obj
[nivviks:ro] [235/413] Building C object modules/ec/zephyr/CMakeFiles/ec_shim.dir/shim/src/tasks.c.obj
[caboc:ro] [168/380] Building C object zephyr/drivers/pwm/CMakeFiles/drivers__pwm.dir/pwm_shell.c.obj
[nivviks:ro] [236/413] Building C object modules/ec/zephyr/CMakeFiles/ec_shim.dir/shim/src/watchdog.c.obj
[caboc:rw] [96/380] Building C object CMakeFiles/app.dir/mnt/host/source/src/platform/ec/build/zephyr/caboc/modules/ec/common/thermal.c.obj
[nivviks:ro] [237/413] Building C object modules/ec/zephyr/CMakeFiles/ec_shim.dir/shim/src/bc12.c.obj
[nivviks:ro] [238/413] Building C object modules/ec/zephyr/CMakeFiles/ec_shim.dir/shim/src/bc12_pi3usb9201.c.obj
[caboc:ro] [169/380] Building C object zephyr/drivers/pinctrl/CMakeFiles/drivers__pinctrl.dir/pinctrl_ite_it8xxx2.c.obj
[caboc:ro] [170/380] Building C object zephyr/drivers/pwm/CMakeFiles/drivers__pwm.dir/pwm_ite_it8xxx2.c.obj
[nivviks:ro] [239/413] Building C object modules/ec/zephyr/CMakeFiles/ec_shim.dir/shim/src/usba.c.obj
[nivviks:ro] [240/413] Building C object modules/ec/zephyr/CMakeFiles/ec_shim.dir/shim/src/power_host_sleep_api.c.obj
[rex-ish-ec:ro] [294/428] Building C object CMakeFiles/app.dir/mnt/host/source/src/platform/ec/build/zephyr/rex-ish-ec/modules/ec/driver/charger/isl9241.c.obj
[nivviks:ro] [241/413] Building C object modules/ec/zephyr/CMakeFiles/ec_shim.dir/shim/src/usb_muxes.c.obj
[caboc:ro] [171/380] Linking C static library zephyr/drivers/pinctrl/libdrivers__pinctrl.a
[nivviks:rw] [297/413] Linking C static library zephyr/drivers/flash/libdrivers__flash.a
[nivviks:rw] [298/413] Building C object zephyr/drivers/gpio/CMakeFiles/drivers__gpio.dir/gpio_npcx.c.obj
[caboc:ro] [172/380] Linking C static library zephyr/drivers/pwm/libdrivers__pwm.a
[nivviks:ro] [242/413] Linking C static library modules/ec/zephyr/libec_shim.a
[nivviks:rw] [299/413] Linking C static library zephyr/drivers/gpio/libdrivers__gpio.a
[nivviks:rw] [300/413] Building C object zephyr/drivers/i2c/CMakeFiles/drivers__i2c.dir/i2c_common.c.obj
[nivviks:rw] [301/413] Building C object zephyr/drivers/i2c/CMakeFiles/drivers__i2c.dir/i2c_shell.c.obj
[nivviks:rw] [302/413] Building C object zephyr/drivers/i2c/CMakeFiles/drivers__i2c.dir/i2c_npcx_controller.c.obj
[nivviks:ro] [243/413] cd /mnt/host/source/src/platform/ec/build/zephyr/nivviks/build-ro/modules/ec/zephyr && PYTHONPATH=/mnt/host/source/src/platform/ec/build/zephyr/nivviks/modules/ec/zephyr/zmake/ /usr/bin/python3.11 /mnt/host/source/src/platform/ec/build/zephyr/nivviks/modules/ec/zephyr/zmake/zephyr_build_tools/generate_ec_version.py /mnt/host/source/src/platform/ec/build/zephyr/nivviks/build-ro/modules/ec/zephyr/include/ec_version.h --name Zephyr-Kernel --version 16543.0.0 --static
[nivviks:ro] INFO:root:Using a static version string
[nivviks:rw] [303/413] Building C object zephyr/drivers/i2c/CMakeFiles/drivers__i2c.dir/i2c_npcx_controller_fifo.c.obj
[nivviks:ro] INFO:root:Version string: Zephyr-Kernel-16543.0.0
[nivviks:ro] INFO:root:Writing header to /mnt/host/source/src/platform/ec/build/zephyr/nivviks/build-ro/modules/ec/zephyr/include/ec_version.h
[nivviks:ro] [244/413] Building C object CMakeFiles/app.dir/mnt/host/source/src/platform/ec/zephyr/subsys/ap_pwrseq/ap_events.c.obj
[nivviks:rw] [304/413] Building C object zephyr/drivers/i2c/CMakeFiles/drivers__i2c.dir/i2c_npcx_port.c.obj
[nivviks:ro] [245/413] Building C object CMakeFiles/app.dir/mnt/host/source/src/platform/ec/zephyr/subsys/ap_pwrseq/ap_power_interface.c.obj
[nivviks:ro] [246/413] Building C object CMakeFiles/app.dir/mnt/host/source/src/platform/ec/zephyr/subsys/ap_pwrseq/power_signals.c.obj
[nivviks:ro] [247/413] Building C object CMakeFiles/app.dir/mnt/host/source/src/platform/ec/zephyr/subsys/ap_pwrseq/signal_gpio.c.obj
[caboc:rw] [97/380] Building C object CMakeFiles/app.dir/mnt/host/source/src/platform/ec/build/zephyr/caboc/modules/ec/common/temp_sensor.c.obj
[nivviks:ro] [248/413] Building C object CMakeFiles/app.dir/mnt/host/source/src/platform/ec/zephyr/subsys/ap_pwrseq/signal_vw.c.obj
[nivviks:ro] [249/413] Building C object CMakeFiles/app.dir/mnt/host/source/src/platform/ec/zephyr/subsys/ap_pwrseq/signal_adc.c.obj
[nivviks:rw] [305/413] Linking C static library zephyr/drivers/i2c/libdrivers__i2c.a
[nivviks:ro] [250/413] Building C object CMakeFiles/app.dir/mnt/host/source/src/platform/ec/zephyr/subsys/ap_pwrseq/power_host_sleep.c.obj
[caboc:rw] [98/380] Building C object CMakeFiles/app.dir/mnt/host/source/src/platform/ec/build/zephyr/caboc/modules/ec/driver/temp_sensor/thermistor.c.obj
[nivviks:rw] [306/413] Building C object zephyr/drivers/pinctrl/CMakeFiles/drivers__pinctrl.dir/common.c.obj
[nivviks:ro] [251/413] Building C object CMakeFiles/app.dir/mnt/host/source/src/platform/ec/zephyr/subsys/ap_pwrseq/x86_non_dsx_common_pwrseq_sm_handler.c.obj
[nivviks:rw] [307/413] Building C object zephyr/drivers/pinctrl/CMakeFiles/drivers__pinctrl.dir/pinctrl_npcx.c.obj
[nivviks:ro] [252/413] Building C object CMakeFiles/app.dir/mnt/host/source/src/platform/ec/zephyr/subsys/ap_pwrseq/x86_non_dsx_chipset_power_state.c.obj
[nivviks:ro] [253/413] Building C object CMakeFiles/app.dir/mnt/host/source/src/platform/ec/zephyr/subsys/ap_pwrseq/x86_non_dsx_common_pwrseq_host_sleep.c.obj
[caboc:ro] [173/380] Building C object zephyr/drivers/sensor/ite/ite_tach_it8xxx2/CMakeFiles/drivers__sensor__ite__ite_tach_it8xxx2.dir/tach_ite_it8xxx2.c.obj
[nivviks:ro] [254/413] Building C object CMakeFiles/app.dir/mnt/host/source/src/platform/ec/zephyr/subsys/ap_pwrseq/x86_non_dsx_common_pwrseq_console.c.obj
[nivviks:ro] [255/413] Building C object CMakeFiles/app.dir/mnt/host/source/src/platform/ec/zephyr/subsys/ap_pwrseq/x86_non_dsx_common_pwrseq_host_command.c.obj
[nivviks:ro] [256/413] Building C object CMakeFiles/app.dir/mnt/host/source/src/platform/ec/zephyr/subsys/ap_pwrseq/x86_non_dsx_adlp_pwrseq_sm.c.obj
[caboc:ro] [174/380] Linking C static library zephyr/drivers/sensor/ite/ite_tach_it8xxx2/libdrivers__sensor__ite__ite_tach_it8xxx2.a
[nivviks:rw] [308/413] Linking C static library zephyr/drivers/pinctrl/libdrivers__pinctrl.a
[rex-ish-ec:ro] [295/428] Building C object CMakeFiles/app.dir/mnt/host/source/src/platform/ec/build/zephyr/rex-ish-ec/modules/ec/common/charger.c.obj
[nivviks:rw] [309/413] Building C object zephyr/drivers/pwm/CMakeFiles/drivers__pwm.dir/pwm_npcx.c.obj
[nivviks:ro] [257/413] Building C object CMakeFiles/app.dir/mnt/host/source/src/platform/ec/zephyr/subsys/ap_pwrseq/ap_reset_log.c.obj
[nivviks:ro] [258/413] Building C object CMakeFiles/app.dir/mnt/host/source/src/platform/ec/build/zephyr/nivviks/modules/ec/builtin/stdlib.c.obj
[nivviks:ro] [259/413] Building C object CMakeFiles/app.dir/mnt/host/source/src/platform/ec/build/zephyr/nivviks/modules/ec/common/base32.c.obj
[caboc:rw] [99/380] Building C object CMakeFiles/app.dir/mnt/host/source/src/platform/ec/build/zephyr/caboc/modules/ec/common/timer.c.obj
[nivviks:ro] [260/413] Building C object CMakeFiles/app.dir/mnt/host/source/src/platform/ec/build/zephyr/nivviks/modules/ec/common/console_output.c.obj
[nivviks:ro] [261/413] Building C object CMakeFiles/app.dir/mnt/host/source/src/platform/ec/build/zephyr/nivviks/modules/ec/common/ec_features.c.obj
[nivviks:rw] [310/413] Linking C static library zephyr/drivers/pwm/libdrivers__pwm.a
[nivviks:rw] [311/413] Building C object zephyr/drivers/sensor/CMakeFiles/drivers__sensor.dir/mnt/host/source/src/third_party/zephyr/main/misc/empty_file.c.obj
[nivviks:ro] [262/413] Building C object CMakeFiles/app.dir/mnt/host/source/src/platform/ec/build/zephyr/nivviks/modules/ec/common/gpio_commands.c.obj
[caboc:rw] [100/380] Building C object CMakeFiles/app.dir/mnt/host/source/src/platform/ec/build/zephyr/caboc/modules/ec/common/usbc_utils.c.obj
[caboc:rw] [101/380] Building C object CMakeFiles/app.dir/mnt/host/source/src/platform/ec/build/zephyr/caboc/modules/ec/common/usb_port_power_dumb.c.obj
[nivviks:ro] [263/413] Building C object CMakeFiles/app.dir/mnt/host/source/src/platform/ec/build/zephyr/nivviks/modules/ec/common/peripheral.c.obj
[nivviks:ro] [264/413] Building C object CMakeFiles/app.dir/mnt/host/source/src/platform/ec/build/zephyr/nivviks/modules/ec/common/printf.c.obj
[rex-ish-ec:ro] [296/428] Building C object CMakeFiles/app.dir/mnt/host/source/src/platform/ec/build/zephyr/rex-ish-ec/modules/ec/common/cbi_common.c.obj
[caboc:ro] [175/380] Building C object zephyr/drivers/serial/CMakeFiles/drivers__serial.dir/uart_ite_it8xxx2.c.obj
[nivviks:ro] [265/413] Building C object CMakeFiles/app.dir/mnt/host/source/src/platform/ec/build/zephyr/nivviks/modules/ec/common/queue.c.obj
[nivviks:ro] [266/413] Building C object CMakeFiles/app.dir/mnt/host/source/src/platform/ec/build/zephyr/nivviks/modules/ec/common/system.c.obj
[nivviks:rw] [312/413] Linking C static library zephyr/drivers/sensor/libdrivers__sensor.a
[rex-ish-ec:ro] [297/428] Building C object CMakeFiles/app.dir/mnt/host/source/src/platform/ec/build/zephyr/rex-ish-ec/modules/ec/common/charge_state.c.obj
[nivviks:rw] [313/413] Building C object zephyr/drivers/sensor/nuvoton/nuvoton_adc_cmp_npcx/CMakeFiles/drivers__sensor__nuvoton__nuvoton_adc_cmp_npcx.dir/adc_cmp_npcx.c.obj
[nivviks:ro] [267/413] Building C object CMakeFiles/app.dir/mnt/host/source/src/platform/ec/build/zephyr/nivviks/modules/ec/common/system_boot_time.c.obj
[nivviks:ro] [268/413] Building C object CMakeFiles/app.dir/mnt/host/source/src/platform/ec/build/zephyr/nivviks/modules/ec/common/uart_printf.c.obj
[caboc:ro] [176/380] Building C object zephyr/drivers/sensor/ite/ite_vcmp_it8xxx2/CMakeFiles/drivers__sensor__ite__ite_vcmp_it8xxx2.dir/vcmp_ite_it8xxx2.c.obj
[nivviks:ro] [269/413] Building C object CMakeFiles/app.dir/mnt/host/source/src/platform/ec/build/zephyr/nivviks/modules/ec/common/util.c.obj
[nivviks:rw] [314/413] Linking C static library zephyr/drivers/sensor/nuvoton/nuvoton_adc_cmp_npcx/libdrivers__sensor__nuvoton__nuvoton_adc_cmp_npcx.a
[rex-ish-ec:ro] [298/428] Building C object CMakeFiles/app.dir/mnt/host/source/src/platform/ec/build/zephyr/rex-ish-ec/modules/ec/common/charge_manager.c.obj
[nivviks:rw] [315/413] Building C object zephyr/drivers/sensor/nuvoton/nuvoton_tach_npcx/CMakeFiles/drivers__sensor__nuvoton__nuvoton_tach_npcx.dir/tach_nuvoton_npcx.c.obj
[nivviks:ro] [270/413] Building C object CMakeFiles/app.dir/mnt/host/source/src/platform/ec/build/zephyr/nivviks/modules/ec/common/version.c.obj
[caboc:ro] [177/380] Building C object zephyr/drivers/serial/CMakeFiles/drivers__serial.dir/uart_ns16550.c.obj
[caboc:ro] [178/380] Linking C static library zephyr/drivers/serial/libdrivers__serial.a
[caboc:ro] [179/380] Linking C static library zephyr/drivers/sensor/ite/ite_vcmp_it8xxx2/libdrivers__sensor__ite__ite_vcmp_it8xxx2.a
[nivviks:ro] [271/413] Building C object CMakeFiles/app.dir/mnt/host/source/src/platform/ec/build/zephyr/nivviks/modules/ec/common/power_button_x86.c.obj
[nivviks:ro] [272/413] Building C object CMakeFiles/app.dir/mnt/host/source/src/platform/ec/build/zephyr/nivviks/modules/ec/driver/accel_lis2dw12.c.obj
[nivviks:ro] [273/413] Building C object CMakeFiles/app.dir/mnt/host/source/src/platform/ec/build/zephyr/nivviks/modules/ec/driver/accelgyro_lsm6dso.c.obj
[nivviks:ro] [274/413] Building C object CMakeFiles/app.dir/mnt/host/source/src/platform/ec/build/zephyr/nivviks/modules/ec/common/motion_sense_fifo.c.obj
[rex-ish-ec:ro] [299/428] Building C object CMakeFiles/app.dir/mnt/host/source/src/platform/ec/build/zephyr/rex-ish-ec/modules/ec/common/cbi.c.obj
[nivviks:rw] [316/413] Linking C static library zephyr/drivers/sensor/nuvoton/nuvoton_tach_npcx/libdrivers__sensor__nuvoton__nuvoton_tach_npcx.a
[nivviks:ro] [275/413] Building C object CMakeFiles/app.dir/mnt/host/source/src/platform/ec/build/zephyr/nivviks/modules/ec/common/adc.c.obj
[nivviks:rw] [317/413] Building C object zephyr/drivers/serial/CMakeFiles/drivers__serial.dir/uart_npcx.c.obj
[nivviks:ro] [276/413] Building C object CMakeFiles/app.dir/mnt/host/source/src/platform/ec/build/zephyr/nivviks/modules/ec/common/acpi.c.obj
[nivviks:ro] [277/413] Building C object CMakeFiles/app.dir/mnt/host/source/src/platform/ec/build/zephyr/nivviks/modules/ec/common/backlight_lid.c.obj
[nivviks:ro] [278/413] Building C object CMakeFiles/app.dir/mnt/host/source/src/platform/ec/build/zephyr/nivviks/modules/ec/common/battery.c.obj
[caboc:ro] [180/380] Building C object zephyr/drivers/timer/CMakeFiles/drivers__timer.dir/sys_clock_init.c.obj
[nivviks:ro] [279/413] Building C object CMakeFiles/app.dir/mnt/host/source/src/platform/ec/build/zephyr/nivviks/modules/ec/common/battery_info.c.obj
[nivviks:ro] [280/413] Building C object CMakeFiles/app.dir/mnt/host/source/src/platform/ec/build/zephyr/nivviks/modules/ec/common/battery_fuel_gauge.c.obj
[nivviks:ro] [281/413] Building C object CMakeFiles/app.dir/mnt/host/source/src/platform/ec/build/zephyr/nivviks/modules/ec/driver/battery/smart.c.obj
[nivviks:rw] [318/413] Linking C static library zephyr/drivers/serial/libdrivers__serial.a
[nivviks:rw] [319/413] Building C object zephyr/drivers/syscon/CMakeFiles/drivers__syscon.dir/syscon.c.obj
[nivviks:ro] [282/413] Building C object CMakeFiles/app.dir/mnt/host/source/src/platform/ec/build/zephyr/nivviks/modules/ec/driver/bc12/pi3usb9201.c.obj
[nivviks:ro] [283/413] Building C object CMakeFiles/app.dir/mnt/host/source/src/platform/ec/build/zephyr/nivviks/modules/ec/driver/charger/isl923x.c.obj
[nivviks:ro] [284/413] Building C object CMakeFiles/app.dir/mnt/host/source/src/platform/ec/build/zephyr/nivviks/modules/ec/common/charger.c.obj
[nivviks:rw] [320/413] Linking C static library zephyr/drivers/syscon/libdrivers__syscon.a
[nivviks:ro] [285/413] Building C object CMakeFiles/app.dir/mnt/host/source/src/platform/ec/build/zephyr/nivviks/modules/ec/common/charge_state.c.obj
[nivviks:rw] [321/413] Building C object zephyr/drivers/timer/CMakeFiles/drivers__timer.dir/sys_clock_init.c.obj
[nivviks:ro] [286/413] Building C object CMakeFiles/app.dir/mnt/host/source/src/platform/ec/build/zephyr/nivviks/modules/ec/common/charge_manager.c.obj
[nivviks:rw] [322/413] Building C object zephyr/drivers/timer/CMakeFiles/drivers__timer.dir/npcx_itim_timer.c.obj
[nivviks:ro] [287/413] Building C object CMakeFiles/app.dir/mnt/host/source/src/platform/ec/build/zephyr/nivviks/modules/ec/common/ocpc.c.obj
[caboc:rw] [102/380] Building C object CMakeFiles/app.dir/mnt/host/source/src/platform/ec/build/zephyr/caboc/modules/ec/common/usb_common.c.obj
[caboc:rw] [103/380] Building C object CMakeFiles/app.dir/mnt/host/source/src/platform/ec/build/zephyr/caboc/modules/ec/common/usb_pd_host_cmd_common.c.obj
[nivviks:ro] [288/413] Building C object CMakeFiles/app.dir/mnt/host/source/src/platform/ec/build/zephyr/nivviks/modules/ec/common/cbi_common.c.obj
[nivviks:ro] [289/413] Building C object CMakeFiles/app.dir/mnt/host/source/src/platform/ec/build/zephyr/nivviks/modules/ec/common/cbi.c.obj
[nivviks:ro] [290/413] Building C object CMakeFiles/app.dir/mnt/host/source/src/platform/ec/build/zephyr/nivviks/modules/ec/common/cbi_config.c.obj
[nivviks:rw] [323/413] Linking C static library zephyr/drivers/timer/libdrivers__timer.a
[nivviks:ro] [291/413] Building C object CMakeFiles/app.dir/mnt/host/source/src/platform/ec/build/zephyr/nivviks/modules/ec/common/dptf.c.obj
[nivviks:rw] [324/413] Building C object zephyr/drivers/watchdog/CMakeFiles/drivers__watchdog.dir/wdt_npcx.c.obj
[nivviks:ro] [292/413] Building C object CMakeFiles/app.dir/mnt/host/source/src/platform/ec/build/zephyr/nivviks/modules/ec/common/ap_reset_log.c.obj
[rex-ish-ec:ro] [300/428] Building C object CMakeFiles/app.dir/mnt/host/source/src/platform/ec/build/zephyr/rex-ish-ec/modules/ec/common/cbi_config.c.obj
[caboc:ro] [181/380] Building C object zephyr/drivers/timer/CMakeFiles/drivers__timer.dir/ite_it8xxx2_timer.c.obj
[nivviks:ro] [293/413] Building C object CMakeFiles/app.dir/mnt/host/source/src/platform/ec/build/zephyr/nivviks/modules/ec/common/espi.c.obj
[nivviks:ro] [294/413] Building C object CMakeFiles/app.dir/mnt/host/source/src/platform/ec/build/zephyr/nivviks/modules/ec/common/extpower_common.c.obj
[nivviks:rw] [325/413] Linking C static library zephyr/drivers/watchdog/libdrivers__watchdog.a
[nivviks:rw] [326/413] Building C object modules/ec/zephyr/CMakeFiles/ec_shim.dir/app/ec/ec_app_main.c.obj
[nivviks:ro] [295/413] Building C object CMakeFiles/app.dir/mnt/host/source/src/platform/ec/build/zephyr/nivviks/modules/ec/common/fan.c.obj
[nivviks:rw] [327/413] Building C object modules/ec/zephyr/CMakeFiles/ec_shim.dir/app/ec/main_shim.c.obj
[caboc:ro] [182/380] Linking C static library zephyr/drivers/timer/libdrivers__timer.a
[nivviks:ro] [296/413] Building C object CMakeFiles/app.dir/mnt/host/source/src/platform/ec/build/zephyr/nivviks/modules/ec/common/flash.c.obj
[nivviks:rw] [328/413] Building C object modules/ec/zephyr/CMakeFiles/ec_shim.dir/drivers/cros_flash/cros_flash_npcx.c.obj
[nivviks:ro] [297/413] Building C object CMakeFiles/app.dir/mnt/host/source/src/platform/ec/build/zephyr/nivviks/modules/ec/common/host_command.c.obj
[nivviks:rw] [329/413] Building C object modules/ec/zephyr/CMakeFiles/ec_shim.dir/drivers/cros_kb_raw/cros_kb_raw_npcx.c.obj
[nivviks:ro] [298/413] Building C object CMakeFiles/app.dir/mnt/host/source/src/platform/ec/build/zephyr/nivviks/modules/ec/common/host_command_task.c.obj
[caboc:ro] [183/380] Building C object zephyr/drivers/watchdog/CMakeFiles/drivers__watchdog.dir/wdt_ite_it8xxx2.c.obj
[nivviks:rw] [330/413] Building C object modules/ec/zephyr/CMakeFiles/ec_shim.dir/drivers/cros_kblight/pwm_kblight.c.obj
[nivviks:ro] [299/413] Building C object CMakeFiles/app.dir/mnt/host/source/src/platform/ec/build/zephyr/nivviks/modules/ec/common/host_event_commands.c.obj
[rex-ish-ec:ro] [301/428] Building C object CMakeFiles/app.dir/mnt/host/source/src/platform/ec/build/zephyr/rex-ish-ec/modules/ec/common/memory_commands.c.obj
[nivviks:ro] [300/413] Building C object CMakeFiles/app.dir/mnt/host/source/src/platform/ec/build/zephyr/nivviks/modules/ec/common/uart_hostcmd.c.obj
[nivviks:rw] [331/413] Building C object modules/ec/zephyr/CMakeFiles/ec_shim.dir/drivers/cros_system/cros_system_npcx.c.obj
[caboc:rw] [104/380] Building C object CMakeFiles/app.dir/mnt/host/source/src/platform/ec/build/zephyr/caboc/modules/ec/common/vboot/efs2.c.obj
[nivviks:ro] [301/413] Building C object CMakeFiles/app.dir/mnt/host/source/src/platform/ec/build/zephyr/nivviks/modules/ec/common/uptime.c.obj
[nivviks:rw] [332/413] Building C object modules/ec/zephyr/CMakeFiles/ec_shim.dir/drivers/vivaldi_kbd/vivaldi_kbd.c.obj
[caboc:rw] [105/380] Building C object CMakeFiles/app.dir/mnt/host/source/src/platform/ec/build/zephyr/caboc/modules/ec/common/vboot_hash.c.obj
[nivviks:ro] [302/413] Building C object CMakeFiles/app.dir/mnt/host/source/src/platform/ec/build/zephyr/nivviks/modules/ec/common/i2c_controller.c.obj
[nivviks:rw] [333/413] Building C object modules/ec/zephyr/CMakeFiles/ec_shim.dir/shim/chip/npcx/clock.c.obj
[nivviks:ro] [303/413] Building C object CMakeFiles/app.dir/mnt/host/source/src/platform/ec/build/zephyr/nivviks/modules/ec/common/i2c_passthru.c.obj
[caboc:rw] [106/380] Building C object CMakeFiles/app.dir/mnt/host/source/src/platform/ec/build/zephyr/caboc/modules/ec/common/button.c.obj
[nivviks:rw] [334/413] Building C object modules/ec/zephyr/CMakeFiles/ec_shim.dir/shim/chip/npcx/gpio.c.obj
[caboc:ro] [184/380] Building C object zephyr/drivers/watchdog/CMakeFiles/drivers__watchdog.dir/wdt_shell.c.obj
[nivviks:ro] [304/413] Building C object CMakeFiles/app.dir/mnt/host/source/src/platform/ec/build/zephyr/nivviks/modules/ec/common/keyboard_scan.c.obj
[nivviks:rw] [335/413] Building C object modules/ec/zephyr/CMakeFiles/ec_shim.dir/shim/chip/npcx/rom_chip.c.obj
[nivviks:rw] [336/413] Building C object modules/ec/zephyr/CMakeFiles/ec_shim.dir/shim/chip/npcx/keyboard_raw.c.obj
[nivviks:ro] [305/413] Building C object CMakeFiles/app.dir/mnt/host/source/src/platform/ec/build/zephyr/nivviks/modules/ec/common/keyboard_8042.c.obj
[nivviks:rw] [337/413] Building C object modules/ec/zephyr/CMakeFiles/ec_shim.dir/shim/chip/npcx/system.c.obj
[nivviks:rw] [338/413] Building C object modules/ec/zephyr/CMakeFiles/ec_shim.dir/shim/chip/npcx/system_external_storage.c.obj
[nivviks:ro] [306/413] Building C object CMakeFiles/app.dir/mnt/host/source/src/platform/ec/build/zephyr/nivviks/modules/ec/common/keyboard_8042_sharedlib.c.obj
[caboc:ro] [185/380] Linking C static library zephyr/drivers/watchdog/libdrivers__watchdog.a
[nivviks:rw] [339/413] Building C object modules/ec/zephyr/CMakeFiles/ec_shim.dir/shim/chip/npcx/system_download_from_flash.c.obj
[nivviks:ro] [307/413] Building C object CMakeFiles/app.dir/mnt/host/source/src/platform/ec/build/zephyr/nivviks/modules/ec/common/mkbp_fifo.c.obj
[nivviks:rw] [340/413] Building C object modules/ec/zephyr/CMakeFiles/ec_shim.dir/shim/chip/npcx/power_policy.c.obj
[nivviks:ro] [308/413] Building C object CMakeFiles/app.dir/mnt/host/source/src/platform/ec/build/zephyr/nivviks/modules/ec/common/mkbp_info.c.obj
[nivviks:rw] [341/413] Building C object modules/ec/zephyr/CMakeFiles/ec_shim.dir/shim/core/cortex-m/mpu.c.obj
[nivviks:ro] [309/413] Building C object CMakeFiles/app.dir/mnt/host/source/src/platform/ec/build/zephyr/nivviks/modules/ec/common/mkbp_input_devices.c.obj
[rex-ish-ec:ro] [302/428] Building C object CMakeFiles/app.dir/mnt/host/source/src/platform/ec/build/zephyr/rex-ish-ec/modules/ec/common/espi.c.obj
[nivviks:rw] [342/413] Building C object modules/ec/zephyr/CMakeFiles/ec_shim.dir/shim/core/cortex-m/panic.c.obj
[nivviks:ro] [310/413] Building C object CMakeFiles/app.dir/mnt/host/source/src/platform/ec/build/zephyr/nivviks/modules/ec/common/keyboard_backlight.c.obj
[nivviks:rw] [343/413] Building C object modules/ec/zephyr/CMakeFiles/ec_shim.dir/shim/src/console.c.obj
[nivviks:rw] [344/413] Building C object modules/ec/zephyr/CMakeFiles/ec_shim.dir/shim/src/crc.c.obj
[nivviks:ro] [311/413] Building C object CMakeFiles/app.dir/mnt/host/source/src/platform/ec/build/zephyr/nivviks/modules/ec/common/led_common.c.obj
[rex-ish-ec:ro] [303/428] Building C object CMakeFiles/app.dir/mnt/host/source/src/platform/ec/build/zephyr/rex-ish-ec/modules/ec/common/ap_reset_log.c.obj
[nivviks:rw] [345/413] Building C object modules/ec/zephyr/CMakeFiles/ec_shim.dir/shim/src/gpio.c.obj
[nivviks:ro] [312/413] Building C object CMakeFiles/app.dir/mnt/host/source/src/platform/ec/build/zephyr/nivviks/modules/ec/common/led_pwm.c.obj
[nivviks:rw] [346/413] Building C object modules/ec/zephyr/CMakeFiles/ec_shim.dir/shim/src/gpio_int.c.obj
[nivviks:ro] [313/413] Building C object CMakeFiles/app.dir/mnt/host/source/src/platform/ec/build/zephyr/nivviks/modules/ec/common/led_onoff_states.c.obj
[nivviks:rw] [347/413] Building C object modules/ec/zephyr/CMakeFiles/ec_shim.dir/shim/src/panic_utils.c.obj
[nivviks:rw] [348/413] Building C object modules/ec/zephyr/CMakeFiles/ec_shim.dir/shim/src/pm_state.c.obj
[nivviks:ro] [314/413] Building C object CMakeFiles/app.dir/mnt/host/source/src/platform/ec/build/zephyr/nivviks/modules/ec/common/motion_lid.c.obj
[rex-ish-ec:ro] [304/428] Building C object CMakeFiles/app.dir/mnt/host/source/src/platform/ec/build/zephyr/rex-ish-ec/modules/ec/common/dptf.c.obj
[nivviks:rw] [349/413] Building C object modules/ec/zephyr/CMakeFiles/ec_shim.dir/shim/src/cbi/cros_cbi.c.obj
[nivviks:ro] [315/413] Building C object CMakeFiles/app.dir/mnt/host/source/src/platform/ec/build/zephyr/nivviks/modules/ec/common/lid_angle.c.obj
[nivviks:rw] [350/413] Building C object modules/ec/zephyr/CMakeFiles/ec_shim.dir/shim/src/cbi/cros_cbi_fw_config.c.obj
[nivviks:ro] [316/413] Building C object CMakeFiles/app.dir/mnt/host/source/src/platform/ec/build/zephyr/nivviks/modules/ec/common/lid_angle_keyboard_policy.c.obj
[nivviks:rw] [351/413] Building C object modules/ec/zephyr/CMakeFiles/ec_shim.dir/shim/src/cbi/cbi_eeprom.c.obj
[nivviks:ro] [317/413] Building C object CMakeFiles/app.dir/mnt/host/source/src/platform/ec/build/zephyr/nivviks/modules/ec/common/lid_switch.c.obj
[nivviks:rw] [352/413] Building C object modules/ec/zephyr/CMakeFiles/ec_shim.dir/shim/src/system.c.obj
[nivviks:ro] [318/413] Building C object CMakeFiles/app.dir/mnt/host/source/src/platform/ec/build/zephyr/nivviks/modules/ec/common/mkbp_event.c.obj
[nivviks:ro] [319/413] Building C object CMakeFiles/app.dir/mnt/host/source/src/platform/ec/build/zephyr/nivviks/modules/ec/common/motion_sense.c.obj
[caboc:rw] [107/380] Building C object CMakeFiles/app.dir/mnt/host/source/src/platform/ec/build/zephyr/caboc/modules/ec/common/vstore.c.obj
[nivviks:ro] [320/413] Building C object CMakeFiles/app.dir/mnt/host/source/src/platform/ec/build/zephyr/nivviks/modules/ec/common/port80.c.obj
[nivviks:ro] [321/413] Building C object CMakeFiles/app.dir/mnt/host/source/src/platform/ec/build/zephyr/nivviks/modules/ec/common/power_button.c.obj
[nivviks:ro] [322/413] Building C object CMakeFiles/app.dir/mnt/host/source/src/platform/ec/build/zephyr/nivviks/modules/ec/power/hibernate.c.obj
[caboc:rw] [108/380] Building C object CMakeFiles/app.dir/mnt/host/source/src/platform/ec/build/zephyr/caboc/modules/ec/common/math_util.c.obj
[nivviks:ro] [323/413] Building C object CMakeFiles/app.dir/mnt/host/source/src/platform/ec/build/zephyr/nivviks/modules/ec/common/panic_output.c.obj
[caboc:ro] [186/380] Building C object modules/ec/zephyr/CMakeFiles/ec_shim.dir/app/ec/ec_app_main.c.obj
[nivviks:ro] [324/413] Building C object CMakeFiles/app.dir/mnt/host/source/src/platform/ec/build/zephyr/nivviks/modules/ec/common/sha256.c.obj
[nivviks:rw] [353/413] Building ASM object modules/ec/zephyr/CMakeFiles/ec_shim.dir/shim/src/libgcc_arm.S.obj
[nivviks:ro] [325/413] Building C object CMakeFiles/app.dir/mnt/host/source/src/platform/ec/build/zephyr/nivviks/modules/ec/common/shared_mem.c.obj
[caboc:ro] [187/380] Building C object modules/ec/zephyr/CMakeFiles/ec_shim.dir/app/ec/main_shim.c.obj
[nivviks:rw] [354/413] Building C object modules/ec/zephyr/CMakeFiles/ec_shim.dir/shim/src/adc.c.obj
[nivviks:ro] [326/413] Building C object CMakeFiles/app.dir/mnt/host/source/src/platform/ec/build/zephyr/nivviks/modules/ec/common/switch.c.obj
[nivviks:rw] [355/413] Building C object modules/ec/zephyr/CMakeFiles/ec_shim.dir/shim/src/battery.c.obj
[nivviks:ro] [327/413] Building C object CMakeFiles/app.dir/mnt/host/source/src/platform/ec/build/zephyr/nivviks/modules/ec/common/spi_flash_reg.c.obj
[nivviks:rw] [356/413] Building C object modules/ec/zephyr/CMakeFiles/ec_shim.dir/shim/src/charger.c.obj
[nivviks:rw] [357/413] Building C object modules/ec/zephyr/CMakeFiles/ec_shim.dir/shim/src/chipset_api.c.obj
[nivviks:ro] [328/413] Building C object CMakeFiles/app.dir/mnt/host/source/src/platform/ec/build/zephyr/nivviks/modules/ec/driver/stm_mems_common.c.obj
[nivviks:rw] [358/413] Building C object modules/ec/zephyr/CMakeFiles/ec_shim.dir/shim/src/espi.c.obj
[nivviks:ro] [329/413] Building C object CMakeFiles/app.dir/mnt/host/source/src/platform/ec/build/zephyr/nivviks/modules/ec/common/tablet_mode.c.obj
[nivviks:rw] [359/413] Building C object modules/ec/zephyr/CMakeFiles/ec_shim.dir/shim/src/fan.c.obj
[nivviks:rw] [360/413] Building C object modules/ec/zephyr/CMakeFiles/ec_shim.dir/shim/src/flash.c.obj
[nivviks:ro] [330/413] Building C object CMakeFiles/app.dir/mnt/host/source/src/platform/ec/build/zephyr/nivviks/modules/ec/common/thermal.c.obj
[nivviks:rw] [361/413] Building C object modules/ec/zephyr/CMakeFiles/ec_shim.dir/shim/src/hooks.c.obj
[nivviks:ro] [331/413] Building C object CMakeFiles/app.dir/mnt/host/source/src/platform/ec/build/zephyr/nivviks/modules/ec/common/temp_sensor.c.obj
[nivviks:rw] [362/413] Building C object modules/ec/zephyr/CMakeFiles/ec_shim.dir/shim/src/host_command.c.obj
[nivviks:ro] [332/413] Building C object CMakeFiles/app.dir/mnt/host/source/src/platform/ec/build/zephyr/nivviks/modules/ec/driver/temp_sensor/thermistor.c.obj
[caboc:rw] [109/380] Building C object CMakeFiles/app.dir/caboc/src/thermal.c.obj
[nivviks:rw] [363/413] Building C object modules/ec/zephyr/CMakeFiles/ec_shim.dir/shim/src/console_buffer.c.obj
[nivviks:ro] [333/413] Building C object CMakeFiles/app.dir/mnt/host/source/src/platform/ec/build/zephyr/nivviks/modules/ec/common/throttle_ap.c.obj
[caboc:ro] [188/380] Building C object modules/ec/zephyr/CMakeFiles/ec_shim.dir/app/ec/chip/riscv/riscv-ite/it8xxx2-espi.c.obj
[nivviks:ro] [334/413] Building C object CMakeFiles/app.dir/mnt/host/source/src/platform/ec/build/zephyr/nivviks/modules/ec/common/timer.c.obj
[nivviks:rw] [364/413] Building C object modules/ec/zephyr/CMakeFiles/ec_shim.dir/shim/src/keyboard_raw.c.obj
[nivviks:ro] [335/413] Building C object CMakeFiles/app.dir/mnt/host/source/src/platform/ec/build/zephyr/nivviks/modules/ec/common/usb_charger.c.obj
[nivviks:rw] [365/413] Building C object modules/ec/zephyr/CMakeFiles/ec_shim.dir/shim/src/mkbp_event.c.obj
[nivviks:ro] [336/413] Building C object CMakeFiles/app.dir/mnt/host/source/src/platform/ec/build/zephyr/nivviks/modules/ec/common/usb_port_power_smart.c.obj
[nivviks:rw] [366/413] Building C object modules/ec/zephyr/CMakeFiles/ec_shim.dir/shim/src/motionsense_sensors.c.obj
[nivviks:ro] [337/413] Building C object CMakeFiles/app.dir/mnt/host/source/src/platform/ec/build/zephyr/nivviks/modules/ec/common/typec_control.c.obj
[nivviks:rw] [367/413] Building C object modules/ec/zephyr/CMakeFiles/ec_shim.dir/shim/src/panic.c.obj
[nivviks:ro] [338/413] Building C object CMakeFiles/app.dir/mnt/host/source/src/platform/ec/build/zephyr/nivviks/modules/ec/common/usb_common.c.obj
[nivviks:ro] [339/413] Building C object CMakeFiles/app.dir/mnt/host/source/src/platform/ec/build/zephyr/nivviks/modules/ec/common/usb_pd_pdo.c.obj
[nivviks:rw] [368/413] Building C object modules/ec/zephyr/CMakeFiles/ec_shim.dir/shim/src/pwm_hc.c.obj
[nivviks:ro] [340/413] Building C object CMakeFiles/app.dir/mnt/host/source/src/platform/ec/build/zephyr/nivviks/modules/ec/common/usbc/usbc_task.c.obj
[nivviks:rw] [369/413] Building C object modules/ec/zephyr/CMakeFiles/ec_shim.dir/shim/src/pwm_led.c.obj
[nivviks:ro] [341/413] Building C object CMakeFiles/app.dir/mnt/host/source/src/platform/ec/build/zephyr/nivviks/modules/ec/common/usbc/usb_pd_timer.c.obj
[rex-ish-ec:ro] [305/428] Building C object CMakeFiles/app.dir/mnt/host/source/src/platform/ec/build/zephyr/rex-ish-ec/modules/ec/common/extpower_common.c.obj
[nivviks:rw] [370/413] Building C object modules/ec/zephyr/CMakeFiles/ec_shim.dir/shim/src/temp_sensors.c.obj
[nivviks:ro] [342/413] Building C object CMakeFiles/app.dir/mnt/host/source/src/platform/ec/build/zephyr/nivviks/modules/ec/common/usbc/usb_sm.c.obj
[nivviks:rw] [371/413] Building C object modules/ec/zephyr/CMakeFiles/ec_shim.dir/shim/src/thermal.c.obj
[nivviks:ro] [343/413] Building C object CMakeFiles/app.dir/mnt/host/source/src/platform/ec/build/zephyr/nivviks/modules/ec/common/usbc_intr_task.c.obj
[nivviks:rw] [372/413] Building C object modules/ec/zephyr/CMakeFiles/ec_shim.dir/shim/src/hwtimer.c.obj
[nivviks:ro] [344/413] Building C object CMakeFiles/app.dir/mnt/host/source/src/platform/ec/build/zephyr/nivviks/modules/ec/common/usbc_utils.c.obj
[nivviks:rw] [373/413] Building C object modules/ec/zephyr/CMakeFiles/ec_shim.dir/shim/src/i2c.c.obj
[nivviks:rw] [374/413] Building C object modules/ec/zephyr/CMakeFiles/ec_shim.dir/shim/src/tasks.c.obj
[nivviks:ro] [345/413] Building C object CMakeFiles/app.dir/mnt/host/source/src/platform/ec/build/zephyr/nivviks/modules/ec/common/usb_pd_flags.c.obj
[rex-ish-ec:ro] [306/428] Building C object CMakeFiles/app.dir/mnt/host/source/src/platform/ec/build/zephyr/rex-ish-ec/modules/ec/common/extpower_gpio.c.obj
[nivviks:rw] [375/413] Building C object modules/ec/zephyr/CMakeFiles/ec_shim.dir/shim/src/watchdog.c.obj
[caboc:rw] [110/380] Building C object CMakeFiles/app.dir/src/board_power.c.obj
[nivviks:ro] [346/413] Building C object CMakeFiles/app.dir/mnt/host/source/src/platform/ec/build/zephyr/nivviks/modules/ec/common/chargen.c.obj
[nivviks:rw] [376/413] Building C object modules/ec/zephyr/CMakeFiles/ec_shim.dir/shim/src/bc12.c.obj
[nivviks:rw] [377/413] Building C object modules/ec/zephyr/CMakeFiles/ec_shim.dir/shim/src/bc12_pi3usb9201.c.obj
[nivviks:rw] [378/413] Building C object modules/ec/zephyr/CMakeFiles/ec_shim.dir/shim/src/usba.c.obj
[nivviks:ro] [347/413] Building C object CMakeFiles/app.dir/mnt/host/source/src/platform/ec/build/zephyr/nivviks/modules/ec/common/usbc/usb_pd_console.c.obj
[caboc:ro] [189/380] Building C object modules/ec/zephyr/CMakeFiles/ec_shim.dir/drivers/cros_flash/cros_flash_it8xxx2.c.obj
[nivviks:rw] [379/413] Building C object modules/ec/zephyr/CMakeFiles/ec_shim.dir/shim/src/power_host_sleep_api.c.obj
[nivviks:ro] [348/413] Building C object CMakeFiles/app.dir/mnt/host/source/src/platform/ec/build/zephyr/nivviks/modules/ec/driver/retimer/anx7483.c.obj
[nivviks:ro] [349/413] Building C object CMakeFiles/app.dir/mnt/host/source/src/platform/ec/build/zephyr/nivviks/modules/ec/driver/usb_mux/usb_mux.c.obj
[nivviks:rw] [380/413] Building C object modules/ec/zephyr/CMakeFiles/ec_shim.dir/shim/src/usb_muxes.c.obj
[nivviks:ro] [350/413] Building C object CMakeFiles/app.dir/mnt/host/source/src/platform/ec/build/zephyr/nivviks/modules/ec/driver/usb_mux/virtual.c.obj
[nivviks:ro] [351/413] Building C object CMakeFiles/app.dir/mnt/host/source/src/platform/ec/build/zephyr/nivviks/modules/ec/common/usbc/usb_tc_drp_acc_trysrc_sm.c.obj
[nivviks:ro] [352/413] Building C object CMakeFiles/app.dir/mnt/host/source/src/platform/ec/build/zephyr/nivviks/modules/ec/common/usbc/usb_prl_sm.c.obj
[nivviks:ro] [353/413] Building C object CMakeFiles/app.dir/mnt/host/source/src/platform/ec/build/zephyr/nivviks/modules/ec/common/usbc/usb_pe_drp_sm.c.obj
[caboc:rw] [111/380] Building C object CMakeFiles/app.dir/src/hibernate.c.obj
[nivviks:ro] [354/413] Building C object CMakeFiles/app.dir/mnt/host/source/src/platform/ec/build/zephyr/nivviks/modules/ec/common/usbc/usb_pd_dpm.c.obj
[nivviks:rw] [381/413] Linking C static library modules/ec/zephyr/libec_shim.a
[nivviks:rw] [382/413] Building C object zephyr/kernel/CMakeFiles/kernel.dir/main_weak.c.obj
[caboc:rw] [112/380] Building C object CMakeFiles/app.dir/caboc/src/keyboard_customization.c.obj
[nivviks:ro] [355/413] Building C object CMakeFiles/app.dir/mnt/host/source/src/platform/ec/build/zephyr/nivviks/modules/ec/common/usbc/usbc_pd_policy.c.obj
[nivviks:rw] [383/413] Building C object zephyr/kernel/CMakeFiles/kernel.dir/banner.c.obj
[nivviks:rw] [384/413] Building C object zephyr/kernel/CMakeFiles/kernel.dir/busy_wait.c.obj
[nivviks:ro] [356/413] Building C object CMakeFiles/app.dir/mnt/host/source/src/platform/ec/build/zephyr/nivviks/modules/ec/common/usbc/dp_alt_mode.c.obj
[nivviks:rw] [385/413] Building C object zephyr/kernel/CMakeFiles/kernel.dir/device.c.obj
[nivviks:ro] [357/413] Building C object CMakeFiles/app.dir/mnt/host/source/src/platform/ec/build/zephyr/nivviks/modules/ec/common/usb_pd_console_cmd.c.obj
[rex-ish-ec:ro] [307/428] Building C object CMakeFiles/app.dir/mnt/host/source/src/platform/ec/build/zephyr/rex-ish-ec/modules/ec/common/flash.c.obj
[nivviks:ro] [358/413] Building C object CMakeFiles/app.dir/mnt/host/source/src/platform/ec/build/zephyr/nivviks/modules/ec/common/usb_pd_host_cmd.c.obj
[nivviks:rw] [386/413] Building C object zephyr/kernel/CMakeFiles/kernel.dir/errno.c.obj
[nivviks:ro] [359/413] Building C object CMakeFiles/app.dir/mnt/host/source/src/platform/ec/build/zephyr/nivviks/modules/ec/common/usbc/usb_pd_host.c.obj
[nivviks:rw] [387/413] Building C object zephyr/kernel/CMakeFiles/kernel.dir/fatal.c.obj
[nivviks:ro] [360/413] Building C object CMakeFiles/app.dir/mnt/host/source/src/platform/ec/build/zephyr/nivviks/modules/ec/zephyr/shim/src/tcpc.c.obj
[nivviks:rw] [388/413] Building C object zephyr/kernel/CMakeFiles/kernel.dir/init.c.obj
[nivviks:rw] [389/413] Building C object zephyr/kernel/CMakeFiles/kernel.dir/kheap.c.obj
[rex-ish-ec:ro] [308/428] Building C object CMakeFiles/app.dir/mnt/host/source/src/platform/ec/build/zephyr/rex-ish-ec/modules/ec/common/fan.c.obj
[nivviks:ro] [361/413] Building C object CMakeFiles/app.dir/mnt/host/source/src/platform/ec/build/zephyr/nivviks/modules/ec/common/usb_pd_host_cmd_common.c.obj
[nivviks:ro] [362/413] Building C object CMakeFiles/app.dir/mnt/host/source/src/platform/ec/build/zephyr/nivviks/modules/ec/common/usbc/svdm_rsp_dfp_only.c.obj
[caboc:ro] [190/380] Building C object modules/ec/zephyr/CMakeFiles/ec_shim.dir/drivers/cros_kblight/pwm_kblight.c.obj
[nivviks:rw] [390/413] Building C object zephyr/kernel/CMakeFiles/kernel.dir/mem_slab.c.obj
[nivviks:rw] [391/413] Building C object zephyr/kernel/CMakeFiles/kernel.dir/float.c.obj
[nivviks:ro] [363/413] Building C object CMakeFiles/app.dir/mnt/host/source/src/platform/ec/build/zephyr/nivviks/modules/ec/common/usbc_ocp.c.obj
[caboc:rw] [113/380] Building C object CMakeFiles/app.dir/src/suspend_resume.c.obj
[nivviks:rw] [392/413] Building C object zephyr/kernel/CMakeFiles/kernel.dir/version.c.obj
[nivviks:ro] [364/413] Building C object CMakeFiles/app.dir/mnt/host/source/src/platform/ec/build/zephyr/nivviks/modules/ec/common/usb_pd_discovery.c.obj
[nivviks:rw] [393/413] Building C object zephyr/kernel/CMakeFiles/kernel.dir/idle.c.obj
[nivviks:rw] [394/413] Building C object zephyr/kernel/CMakeFiles/kernel.dir/mailbox.c.obj
[nivviks:ro] [365/413] Building C object CMakeFiles/app.dir/mnt/host/source/src/platform/ec/build/zephyr/nivviks/modules/ec/common/usb_pd_dual_role.c.obj
[caboc:ro] [191/380] Building C object modules/ec/zephyr/CMakeFiles/ec_shim.dir/drivers/cros_system/cros_system_it8xxx2.c.obj
[nivviks:rw] [395/413] Building C object zephyr/kernel/CMakeFiles/kernel.dir/msg_q.c.obj
[nivviks:ro] [366/413] Building C object CMakeFiles/app.dir/mnt/host/source/src/platform/ec/build/zephyr/nivviks/modules/ec/driver/tcpm/raa489000.c.obj
[nivviks:rw] [396/413] Building C object zephyr/kernel/CMakeFiles/kernel.dir/mutex.c.obj
[nivviks:ro] [367/413] Building C object CMakeFiles/app.dir/mnt/host/source/src/platform/ec/build/zephyr/nivviks/modules/ec/driver/tcpm/tcpci.c.obj
[caboc:ro] [192/380] Building C object modules/ec/zephyr/CMakeFiles/ec_shim.dir/drivers/keyboard_input/keyboard_customization_check.c.obj
[nivviks:ro] [368/413] Building C object CMakeFiles/app.dir/mnt/host/source/src/platform/ec/build/zephyr/nivviks/modules/ec/common/vboot_hash.c.obj
[nivviks:rw] [397/413] Building C object zephyr/kernel/CMakeFiles/kernel.dir/queue.c.obj
[nivviks:ro] [369/413] Building C object CMakeFiles/app.dir/mnt/host/source/src/platform/ec/build/zephyr/nivviks/modules/ec/common/button.c.obj
[nivviks:rw] [398/413] Building C object zephyr/kernel/CMakeFiles/kernel.dir/sem.c.obj
[nivviks:rw] [399/413] Building C object zephyr/kernel/CMakeFiles/kernel.dir/stack.c.obj
[caboc:rw] [114/380] Building C object CMakeFiles/app.dir/src/usbc.c.obj
[nivviks:ro] [370/413] Building C object CMakeFiles/app.dir/mnt/host/source/src/platform/ec/build/zephyr/nivviks/modules/ec/common/vboot/efs2.c.obj
[nivviks:rw] [400/413] Building C object zephyr/kernel/CMakeFiles/kernel.dir/system_work_q.c.obj
[rex-ish-ec:ro] [309/428] Building C object CMakeFiles/app.dir/mnt/host/source/src/platform/ec/build/zephyr/rex-ish-ec/modules/ec/common/host_command.c.obj
[nivviks:rw] [401/413] Building C object zephyr/kernel/CMakeFiles/kernel.dir/work.c.obj
[nivviks:ro] [371/413] Building C object CMakeFiles/app.dir/mnt/host/source/src/platform/ec/build/zephyr/nivviks/modules/ec/common/vstore.c.obj
[nivviks:ro] [372/413] Building C object CMakeFiles/app.dir/mnt/host/source/src/platform/ec/build/zephyr/nivviks/modules/ec/common/math_util.c.obj
[nivviks:rw] [402/413] Building C object zephyr/kernel/CMakeFiles/kernel.dir/condvar.c.obj
[nivviks:rw] [403/413] Building C object zephyr/kernel/CMakeFiles/kernel.dir/thread.c.obj
[caboc:rw] [115/380] Building C object zephyr/CMakeFiles/zephyr.dir/lib/libc/validate_libc.c.obj
[nivviks:ro] [373/413] Building C object CMakeFiles/app.dir/src/common.c.obj
[nivviks:rw] [404/413] Building C object zephyr/kernel/CMakeFiles/kernel.dir/sched.c.obj
[nivviks:ro] [374/413] Building C object CMakeFiles/app.dir/src/sub_board.c.obj
[nivviks:rw] [405/413] Building C object zephyr/kernel/CMakeFiles/kernel.dir/pipe.c.obj
[nivviks:ro] [375/413] Building C object CMakeFiles/app.dir/src/board_power.c.obj
[nivviks:ro] [376/413] Building C object CMakeFiles/app.dir/nivviks/src/led.c.obj
[nivviks:rw] [406/413] Building C object zephyr/kernel/CMakeFiles/kernel.dir/thread_monitor.c.obj
[nivviks:ro] [377/413] Building C object CMakeFiles/app.dir/nivviks/src/form_factor.c.obj
[nivviks:rw] [407/413] Building C object zephyr/kernel/CMakeFiles/kernel.dir/timeout.c.obj
[nivviks:ro] [378/413] Building C object CMakeFiles/app.dir/nivviks/src/fan.c.obj
[nivviks:rw] [408/413] Building C object zephyr/kernel/CMakeFiles/kernel.dir/timer.c.obj
[nivviks:ro] [379/413] Building C object CMakeFiles/app.dir/nivviks/src/usbc.c.obj
[nivviks:rw] [409/413] Building C object zephyr/kernel/CMakeFiles/kernel.dir/poll.c.obj
[nivviks:rw] [410/413] Building C object zephyr/kernel/CMakeFiles/kernel.dir/events.c.obj
[nivviks:ro] [380/413] Building C object CMakeFiles/app.dir/nivviks/src/charger.c.obj
[nivviks:rw] [411/413] Building C object zephyr/kernel/CMakeFiles/kernel.dir/mempool.c.obj
[nivviks:rw] [412/413] Building C object zephyr/kernel/CMakeFiles/kernel.dir/dynamic_disabled.c.obj
[caboc:rw] [116/380] Linking C static library app/libapp.a
[caboc:ro] [193/380] Building C object modules/ec/zephyr/CMakeFiles/ec_shim.dir/drivers/hibernate/hibernate_z5.c.obj
[nivviks:rw] [413/413] Linking C static library zephyr/kernel/libkernel.a
[caboc:rw] [117/380] Building C object zephyr/CMakeFiles/zephyr.dir/lib/heap/heap.c.obj
[caboc:ro] [194/380] Building C object modules/ec/zephyr/CMakeFiles/ec_shim.dir/drivers/keyboard_input/keyboard_input.c.obj
[rex-ish-ec:ro] [310/428] Building C object CMakeFiles/app.dir/mnt/host/source/src/platform/ec/build/zephyr/rex-ish-ec/modules/ec/common/host_event_commands.c.obj
[nivviks:ro] [381/413] Linking C static library app/libapp.a
[caboc:rw] [118/380] Building C object zephyr/CMakeFiles/zephyr.dir/lib/os/cbprintf_packaged.c.obj
[nivviks:ro] [382/413] Building C object zephyr/kernel/CMakeFiles/kernel.dir/main_weak.c.obj
[rex-ish-ec:ro] [311/428] Building C object CMakeFiles/app.dir/mnt/host/source/src/platform/ec/build/zephyr/rex-ish-ec/modules/ec/common/host_command_task.c.obj
[nivviks:ro] [383/413] Building C object zephyr/kernel/CMakeFiles/kernel.dir/banner.c.obj
[nivviks:ro] [384/413] Building C object zephyr/kernel/CMakeFiles/kernel.dir/busy_wait.c.obj
[nivviks:ro] [385/413] Building C object zephyr/kernel/CMakeFiles/kernel.dir/device.c.obj
[nivviks:ro] [386/413] Building C object zephyr/kernel/CMakeFiles/kernel.dir/errno.c.obj
[nivviks:ro] [387/413] Building C object zephyr/kernel/CMakeFiles/kernel.dir/fatal.c.obj
[caboc:rw] [119/380] Building C object zephyr/CMakeFiles/zephyr.dir/lib/os/clock.c.obj
[nivviks:ro] [388/413] Building C object zephyr/kernel/CMakeFiles/kernel.dir/init.c.obj
[nivviks:ro] [389/413] Building C object zephyr/kernel/CMakeFiles/kernel.dir/kheap.c.obj
[nivviks:ro] [390/413] Building C object zephyr/kernel/CMakeFiles/kernel.dir/mem_slab.c.obj
[nivviks:ro] [391/413] Building C object zephyr/kernel/CMakeFiles/kernel.dir/float.c.obj
[rex-ish-ec:ro] [312/428] Building C object CMakeFiles/app.dir/mnt/host/source/src/platform/ec/build/zephyr/rex-ish-ec/modules/ec/common/uart_hostcmd.c.obj
[nivviks:ro] [392/413] Building C object zephyr/kernel/CMakeFiles/kernel.dir/version.c.obj
[caboc:ro] [195/380] Building C object modules/ec/zephyr/CMakeFiles/ec_shim.dir/drivers/keyboard_input/col_gpio_drive.c.obj
[nivviks:ro] [393/413] Building C object zephyr/kernel/CMakeFiles/kernel.dir/idle.c.obj
[nivviks:ro] [394/413] Building C object zephyr/kernel/CMakeFiles/kernel.dir/mailbox.c.obj
[nivviks:ro] [395/413] Building C object zephyr/kernel/CMakeFiles/kernel.dir/msg_q.c.obj
[caboc:rw] [120/380] Building C object zephyr/CMakeFiles/zephyr.dir/lib/os/printk.c.obj
[nivviks:ro] [396/413] Building C object zephyr/kernel/CMakeFiles/kernel.dir/mutex.c.obj
[nivviks:ro] [397/413] Building C object zephyr/kernel/CMakeFiles/kernel.dir/queue.c.obj
[nivviks:ro] [398/413] Building C object zephyr/kernel/CMakeFiles/kernel.dir/sem.c.obj
[nivviks:ro] [399/413] Building C object zephyr/kernel/CMakeFiles/kernel.dir/stack.c.obj
[nivviks:ro] [400/413] Building C object zephyr/kernel/CMakeFiles/kernel.dir/system_work_q.c.obj
[nivviks:ro] [401/413] Building C object zephyr/kernel/CMakeFiles/kernel.dir/work.c.obj
[nivviks:ro] [402/413] Building C object zephyr/kernel/CMakeFiles/kernel.dir/condvar.c.obj
[nivviks:ro] [403/413] Building C object zephyr/kernel/CMakeFiles/kernel.dir/thread.c.obj
[rex-ish-ec:ro] [313/428] Building C object CMakeFiles/app.dir/mnt/host/source/src/platform/ec/build/zephyr/rex-ish-ec/modules/ec/common/uptime.c.obj
[nivviks:ro] [404/413] Building C object zephyr/kernel/CMakeFiles/kernel.dir/sched.c.obj
[caboc:ro] [196/380] Building C object modules/ec/zephyr/CMakeFiles/ec_shim.dir/drivers/usbc/ucsi_v3.c.obj
[nivviks:ro] [405/413] Building C object zephyr/kernel/CMakeFiles/kernel.dir/pipe.c.obj
[nivviks:ro] [406/413] Building C object zephyr/kernel/CMakeFiles/kernel.dir/thread_monitor.c.obj
[nivviks:ro] [407/413] Building C object zephyr/kernel/CMakeFiles/kernel.dir/timeout.c.obj
[caboc:rw] [121/380] Building C object zephyr/CMakeFiles/zephyr.dir/lib/os/sem.c.obj
[caboc:ro] [197/380] Building C object modules/ec/zephyr/CMakeFiles/ec_shim.dir/drivers/keyboard_factory_test/keyboard_factory_test.c.obj
[nivviks:ro] [408/413] Building C object zephyr/kernel/CMakeFiles/kernel.dir/timer.c.obj
[caboc:rw] [122/380] Building C object zephyr/CMakeFiles/zephyr.dir/lib/os/thread_entry.c.obj
[nivviks:ro] [409/413] Building C object zephyr/kernel/CMakeFiles/kernel.dir/poll.c.obj
[nivviks:ro] [410/413] Building C object zephyr/kernel/CMakeFiles/kernel.dir/events.c.obj
[nivviks:ro] [411/413] Building C object zephyr/kernel/CMakeFiles/kernel.dir/mempool.c.obj
[nivviks:ro] [412/413] Building C object zephyr/kernel/CMakeFiles/kernel.dir/dynamic_disabled.c.obj
[caboc:rw] [123/380] Building C object zephyr/CMakeFiles/zephyr.dir/lib/os/cbprintf_nano.c.obj
[rex-ish-ec:ro] [314/428] Building C object CMakeFiles/app.dir/mnt/host/source/src/platform/ec/build/zephyr/rex-ish-ec/modules/ec/common/i2c_controller.c.obj
[nivviks:ro] [413/413] Linking C static library zephyr/kernel/libkernel.a
[caboc:rw] [124/380] Building C object zephyr/CMakeFiles/zephyr.dir/lib/os/cbprintf.c.obj
[caboc:rw] [125/380] Building C object zephyr/CMakeFiles/zephyr.dir/lib/utils/dec.c.obj
[caboc:rw] [126/380] Building C object zephyr/CMakeFiles/zephyr.dir/lib/os/assert.c.obj
[caboc:ro] [198/380] Building C object modules/ec/zephyr/CMakeFiles/ec_shim.dir/drivers/boot_keys/boot_keys.c.obj
[rex-ish-ec:ro] [315/428] Building C object CMakeFiles/app.dir/mnt/host/source/src/platform/ec/build/zephyr/rex-ish-ec/modules/ec/common/i2c_passthru.c.obj
[caboc:rw] [127/380] Building C object zephyr/CMakeFiles/zephyr.dir/lib/utils/hex.c.obj
[caboc:rw] [128/380] Building C object zephyr/CMakeFiles/zephyr.dir/lib/utils/bitmask.c.obj
[caboc:ro] [199/380] Building C object modules/ec/zephyr/CMakeFiles/ec_shim.dir/drivers/runtime_keys/runtime_keys.c.obj
[caboc:rw] [129/380] Building C object zephyr/CMakeFiles/zephyr.dir/lib/utils/timeutil.c.obj
[caboc:ro] [200/380] Building C object modules/ec/zephyr/CMakeFiles/ec_shim.dir/drivers/vivaldi_kbd/vivaldi_kbd.c.obj
[rex-ish-ec:ro] [316/428] Building C object CMakeFiles/app.dir/mnt/host/source/src/platform/ec/build/zephyr/rex-ish-ec/modules/ec/common/keyboard_8042.c.obj
[caboc:rw] [130/380] Building C object zephyr/CMakeFiles/zephyr.dir/lib/utils/last_section_id.c.obj
[rex-ish-ec:ro] [317/428] Building C object CMakeFiles/app.dir/mnt/host/source/src/platform/ec/build/zephyr/rex-ish-ec/modules/ec/common/keyboard_scan.c.obj
[caboc:rw] [131/380] Building C object zephyr/CMakeFiles/zephyr.dir/lib/utils/ring_buffer.c.obj
[rex-ish-ec:ro] [318/428] Building C object CMakeFiles/app.dir/mnt/host/source/src/platform/ec/build/zephyr/rex-ish-ec/modules/ec/common/keyboard_8042_sharedlib.c.obj
[caboc:rw] [132/380] Building C object zephyr/CMakeFiles/zephyr.dir/lib/utils/rb.c.obj
[caboc:ro] [201/380] Building C object modules/ec/zephyr/CMakeFiles/ec_shim.dir/drivers/prochot_vcmp/prochot_vcmp.c.obj
[caboc:ro] [202/380] Building C object modules/ec/zephyr/CMakeFiles/ec_shim.dir/drivers/usbc/pdc_rts54xx.c.obj
[caboc:rw] [133/380] Building C object zephyr/CMakeFiles/zephyr.dir/lib/utils/getopt/getopt.c.obj
[caboc:rw] [134/380] Building C object zephyr/CMakeFiles/zephyr.dir/lib/utils/bitarray.c.obj
[caboc:rw] [135/380] Building C object zephyr/CMakeFiles/zephyr.dir/lib/utils/getopt/getopt_common.c.obj
[caboc:ro] [203/380] Building C object modules/ec/zephyr/CMakeFiles/ec_shim.dir/shim/chip/it8xxx2/clock.c.obj
[caboc:rw] [136/380] Building ASM object zephyr/CMakeFiles/zephyr.dir/soc/ite/ec/common/soc_irq.S.obj
[rex-ish-ec:ro] [319/428] Building C object CMakeFiles/app.dir/mnt/host/source/src/platform/ec/build/zephyr/rex-ish-ec/modules/ec/common/mkbp_fifo.c.obj
[caboc:ro] [204/380] Building C object modules/ec/zephyr/CMakeFiles/ec_shim.dir/shim/src/crc.c.obj
[caboc:rw] [137/380] Building C object zephyr/CMakeFiles/zephyr.dir/misc/generated/configs.c.obj
[rex-ish-ec:ro] [320/428] Building C object CMakeFiles/app.dir/mnt/host/source/src/platform/ec/build/zephyr/rex-ish-ec/modules/ec/common/mkbp_info.c.obj
[caboc:rw] [138/380] Building C object zephyr/CMakeFiles/zephyr.dir/soc/ite/ec/common/soc_common_irq.c.obj
[caboc:rw] [139/380] Building C object zephyr/CMakeFiles/zephyr.dir/soc/ite/ec/common/power.c.obj
[caboc:ro] [205/380] Building C object modules/ec/zephyr/CMakeFiles/ec_shim.dir/shim/chip/it8xxx2/system.c.obj
[caboc:ro] [206/380] Building C object modules/ec/zephyr/CMakeFiles/ec_shim.dir/shim/chip/it8xxx2/gpio.c.obj
[caboc:rw] [140/380] Building ASM object zephyr/CMakeFiles/zephyr.dir/soc/ite/ec/it8xxx2/vector.S.obj
[caboc:rw] [141/380] Building C object zephyr/CMakeFiles/zephyr.dir/soc/ite/ec/it8xxx2/check_regs.c.obj
[caboc:rw] [142/380] Building C object zephyr/CMakeFiles/zephyr.dir/soc/ite/ec/common/policy.c.obj
[rex-ish-ec:ro] [321/428] Building C object CMakeFiles/app.dir/mnt/host/source/src/platform/ec/build/zephyr/rex-ish-ec/modules/ec/common/mkbp_input_devices.c.obj
[rex-ish-ec:ro] [322/428] Building C object CMakeFiles/app.dir/mnt/host/source/src/platform/ec/build/zephyr/rex-ish-ec/modules/ec/common/led_common.c.obj
[caboc:ro] [207/380] Building C object modules/ec/zephyr/CMakeFiles/ec_shim.dir/shim/chip/it8xxx2/power_policy.c.obj
[caboc:rw] [143/380] Building C object zephyr/CMakeFiles/zephyr.dir/soc/ite/ec/it8xxx2/soc.c.obj
[rex-ish-ec:ro] [323/428] Building C object CMakeFiles/app.dir/mnt/host/source/src/platform/ec/build/zephyr/rex-ish-ec/modules/ec/common/keyboard_backlight.c.obj
[caboc:ro] [208/380] Building C object modules/ec/zephyr/CMakeFiles/ec_shim.dir/shim/src/console.c.obj
[rex-ish-ec:ro] [324/428] Building C object CMakeFiles/app.dir/mnt/host/source/src/platform/ec/build/zephyr/rex-ish-ec/modules/ec/common/lid_switch.c.obj
[caboc:rw] [144/380] Building C object zephyr/CMakeFiles/zephyr.dir/soc/ite/ec/it8xxx2/ilm.c.obj
[caboc:rw] [145/380] Building C object zephyr/CMakeFiles/zephyr.dir/subsys/pm/state.c.obj
[caboc:rw] [146/380] Building C object zephyr/CMakeFiles/zephyr.dir/subsys/logging/log_minimal.c.obj
[caboc:ro] [209/380] Building C object modules/ec/zephyr/CMakeFiles/ec_shim.dir/shim/src/gpio.c.obj
[rex-ish-ec:ro] [325/428] Building C object CMakeFiles/app.dir/mnt/host/source/src/platform/ec/build/zephyr/rex-ish-ec/modules/ec/common/mkbp_event.c.obj
[caboc:ro] [210/380] Building C object modules/ec/zephyr/CMakeFiles/ec_shim.dir/shim/src/panic_utils.c.obj
[caboc:rw] [147/380] Building C object zephyr/CMakeFiles/zephyr.dir/subsys/pm/policy/policy_events.c.obj
[caboc:rw] [148/380] Building C object zephyr/CMakeFiles/zephyr.dir/subsys/pm/pm.c.obj
[caboc:ro] [211/380] Building C object modules/ec/zephyr/CMakeFiles/ec_shim.dir/shim/src/gpio_int.c.obj
[caboc:rw] [149/380] Building C object zephyr/CMakeFiles/zephyr.dir/subsys/pm/policy/policy_latency.c.obj
[caboc:ro] [212/380] Building C object modules/ec/zephyr/CMakeFiles/ec_shim.dir/shim/src/pm_state.c.obj
[rex-ish-ec:ro] [326/428] Building C object CMakeFiles/app.dir/mnt/host/source/src/platform/ec/build/zephyr/rex-ish-ec/modules/ec/common/port80.c.obj
[caboc:ro] [213/380] Building C object modules/ec/zephyr/CMakeFiles/ec_shim.dir/shim/src/cbi/cros_cbi.c.obj
[rex-ish-ec:ro] [327/428] Building C object CMakeFiles/app.dir/mnt/host/source/src/platform/ec/build/zephyr/rex-ish-ec/modules/ec/common/power_button.c.obj
[caboc:rw] [150/380] Building C object zephyr/CMakeFiles/zephyr.dir/subsys/pm/policy/policy_state_lock.c.obj
[caboc:rw] [151/380] Building C object zephyr/CMakeFiles/zephyr.dir/subsys/pm/device.c.obj
[rex-ish-ec:ro] [328/428] Building C object CMakeFiles/app.dir/mnt/host/source/src/platform/ec/build/zephyr/rex-ish-ec/modules/ec/power/hibernate.c.obj
[caboc:ro] [214/380] Building C object modules/ec/zephyr/CMakeFiles/ec_shim.dir/shim/src/cbi/cros_cbi_fw_config.c.obj
[caboc:rw] [152/380] Building C object zephyr/CMakeFiles/zephyr.dir/subsys/pm/device_runtime.c.obj
[caboc:rw] [153/380] Building C object zephyr/CMakeFiles/zephyr.dir/subsys/tracing/tracing_none.c.obj
[caboc:rw] [154/380] Building C object zephyr/CMakeFiles/zephyr.dir/subsys/pm/device_system_managed.c.obj
[caboc:rw] [155/380] Building C object zephyr/CMakeFiles/zephyr.dir/subsys/testsuite/coverage/coverage.c.obj
[rex-ish-ec:ro] [329/428] Building C object CMakeFiles/app.dir/mnt/host/source/src/platform/ec/build/zephyr/rex-ish-ec/modules/ec/common/panic_output.c.obj
[caboc:ro] [215/380] Building C object modules/ec/zephyr/CMakeFiles/ec_shim.dir/shim/src/cbi/cbi_flash.c.obj
[rex-ish-ec:ro] [330/428] Building C object CMakeFiles/app.dir/mnt/host/source/src/platform/ec/build/zephyr/rex-ish-ec/modules/ec/common/shared_mem.c.obj
[caboc:ro] [216/380] Building C object modules/ec/zephyr/CMakeFiles/ec_shim.dir/shim/src/led_driver/led.c.obj
[caboc:ro] [217/380] Building C object modules/ec/zephyr/CMakeFiles/ec_shim.dir/shim/src/led_driver/led_pwm.c.obj
[caboc:rw] [156/380] Building C object zephyr/CMakeFiles/zephyr.dir/subsys/shell/modules/kernel_service/kernel_shell.c.obj
[rex-ish-ec:ro] [331/428] Building C object CMakeFiles/app.dir/mnt/host/source/src/platform/ec/build/zephyr/rex-ish-ec/modules/ec/common/switch.c.obj
[caboc:rw] [157/380] Building C object zephyr/CMakeFiles/zephyr.dir/subsys/shell/modules/kernel_service/cycles.c.obj
[caboc:ro] [218/380] Building C object modules/ec/zephyr/CMakeFiles/ec_shim.dir/shim/src/system.c.obj
[rex-ish-ec:ro] [332/428] Building C object CMakeFiles/app.dir/mnt/host/source/src/platform/ec/build/zephyr/rex-ish-ec/modules/ec/common/spi_flash_reg.c.obj
[caboc:rw] [158/380] Building C object zephyr/CMakeFiles/zephyr.dir/subsys/shell/modules/kernel_service/sleep.c.obj
[caboc:rw] [159/380] Building C object zephyr/CMakeFiles/zephyr.dir/subsys/shell/modules/kernel_service/version.c.obj
[caboc:rw] [160/380] Building C object zephyr/CMakeFiles/zephyr.dir/subsys/shell/modules/kernel_service/uptime.c.obj
[rex-ish-ec:ro] [333/428] Building C object CMakeFiles/app.dir/mnt/host/source/src/platform/ec/build/zephyr/rex-ish-ec/modules/ec/common/tablet_mode.c.obj
[caboc:rw] [161/380] Building C object zephyr/CMakeFiles/zephyr.dir/subsys/shell/modules/kernel_service/thread/thread.c.obj
[caboc:ro] [219/380] Building C object modules/ec/zephyr/CMakeFiles/ec_shim.dir/shim/src/pdc_shim.c.obj
[caboc:ro] [220/380] Building C object modules/ec/zephyr/CMakeFiles/ec_shim.dir/shim/src/battery.c.obj
[rex-ish-ec:ro] [334/428] Building C object CMakeFiles/app.dir/mnt/host/source/src/platform/ec/build/zephyr/rex-ish-ec/modules/ec/common/thermal.c.obj
[caboc:ro] [221/380] Building C object modules/ec/zephyr/CMakeFiles/ec_shim.dir/shim/src/adc.c.obj
[caboc:rw] [162/380] Building C object zephyr/CMakeFiles/zephyr.dir/subsys/shell/modules/kernel_service/thread/list.c.obj
[caboc:rw] [163/380] Building C object zephyr/CMakeFiles/zephyr.dir/subsys/shell/modules/kernel_service/thread/stacks.c.obj
[caboc:rw] [164/380] Building C object zephyr/CMakeFiles/zephyr.dir/subsys/shell/modules/kernel_service/thread/suspend.c.obj
[rex-ish-ec:ro] [335/428] Building C object CMakeFiles/app.dir/mnt/host/source/src/platform/ec/build/zephyr/rex-ish-ec/modules/ec/common/temp_sensor.c.obj
[caboc:rw] [165/380] Building C object zephyr/CMakeFiles/zephyr.dir/subsys/shell/modules/kernel_service/thread/unwind.c.obj
[caboc:ro] [222/380] Building C object modules/ec/zephyr/CMakeFiles/ec_shim.dir/shim/src/charger.c.obj
[caboc:rw] [166/380] Building C object zephyr/CMakeFiles/zephyr.dir/subsys/shell/modules/kernel_service/thread/kill.c.obj
[caboc:ro] [223/380] Building C object modules/ec/zephyr/CMakeFiles/ec_shim.dir/shim/src/chipset_api.c.obj
[caboc:rw] [167/380] Building C object zephyr/CMakeFiles/zephyr.dir/subsys/shell/modules/kernel_service/thread/resume.c.obj
[rex-ish-ec:ro] [336/428] Building C object CMakeFiles/app.dir/mnt/host/source/src/platform/ec/build/zephyr/rex-ish-ec/modules/ec/common/timer.c.obj
[rex-ish-ec:ro] [337/428] Building C object CMakeFiles/app.dir/mnt/host/source/src/platform/ec/build/zephyr/rex-ish-ec/modules/ec/driver/temp_sensor/thermistor.c.obj
[rex-ish-ec:ro] [338/428] Building C object CMakeFiles/app.dir/mnt/host/source/src/platform/ec/build/zephyr/rex-ish-ec/modules/ec/common/usb_charger.c.obj
[caboc:ro] [224/380] Building C object modules/ec/zephyr/CMakeFiles/ec_shim.dir/shim/src/flash.c.obj
[caboc:rw] [168/380] Building C object zephyr/CMakeFiles/zephyr.dir/subsys/shell/shell_fprintf.c.obj
[caboc:ro] [225/380] Building C object modules/ec/zephyr/CMakeFiles/ec_shim.dir/shim/src/espi.c.obj
[rex-ish-ec:ro] [339/428] Building C object CMakeFiles/app.dir/mnt/host/source/src/platform/ec/build/zephyr/rex-ish-ec/modules/ec/common/usb_port_power_dumb.c.obj
[caboc:rw] [169/380] Building C object zephyr/CMakeFiles/zephyr.dir/subsys/shell/backends/shell_uart.c.obj
[caboc:rw] [170/380] Building C object zephyr/CMakeFiles/zephyr.dir/subsys/shell/shell_utils.c.obj
[caboc:ro] [226/380] Building C object modules/ec/zephyr/CMakeFiles/ec_shim.dir/shim/src/fan.c.obj
[caboc:ro] [227/380] Building C object modules/ec/zephyr/CMakeFiles/ec_shim.dir/shim/src/host_command.c.obj
[caboc:ro] [228/380] Building C object modules/ec/zephyr/CMakeFiles/ec_shim.dir/shim/src/hooks.c.obj
[caboc:rw] [171/380] Building C object zephyr/CMakeFiles/zephyr.dir/subsys/shell/shell_help.c.obj
[caboc:rw] [172/380] Building C object zephyr/CMakeFiles/zephyr.dir/subsys/shell/shell_ops.c.obj
[caboc:rw] [173/380] Building C object zephyr/CMakeFiles/zephyr.dir/subsys/shell/shell.c.obj
[rex-ish-ec:ro] [340/428] Building C object CMakeFiles/app.dir/mnt/host/source/src/platform/ec/build/zephyr/rex-ish-ec/modules/ec/common/typec_control.c.obj
[rex-ish-ec:ro] [341/428] Building C object CMakeFiles/app.dir/mnt/host/source/src/platform/ec/build/zephyr/rex-ish-ec/modules/ec/common/usb_pd_pdo.c.obj
[caboc:rw] [174/380] Building C object zephyr/CMakeFiles/zephyr.dir/subsys/shell/shell_history.c.obj
[rex-ish-ec:ro] [342/428] Building C object CMakeFiles/app.dir/mnt/host/source/src/platform/ec/build/zephyr/rex-ish-ec/modules/ec/common/usb_common.c.obj
[caboc:rw] [175/380] Building C object zephyr/arch/common/CMakeFiles/arch__common.dir/sw_isr_common.c.obj
[caboc:rw] [176/380] Building C object zephyr/arch/common/CMakeFiles/arch__common.dir/init.c.obj
[caboc:ro] [229/380] Building C object modules/ec/zephyr/CMakeFiles/ec_shim.dir/shim/src/console_buffer.c.obj
[caboc:ro] [230/380] Building C object modules/ec/zephyr/CMakeFiles/ec_shim.dir/shim/src/mkbp_event.c.obj
[caboc:rw] [177/380] Building C object zephyr/CMakeFiles/zephyr.dir/drivers/flash/flash_util.c.obj
[caboc:rw] [178/380] Building C object zephyr/arch/common/CMakeFiles/arch__common.dir/dynamic_isr.c.obj
[rex-ish-ec:ro] [343/428] Building C object CMakeFiles/app.dir/mnt/host/source/src/platform/ec/build/zephyr/rex-ish-ec/modules/ec/common/usbc/usbc_task.c.obj
[caboc:rw] [179/380] Linking C static library zephyr/libzephyr.a
[caboc:rw] [180/380] Building C object zephyr/arch/common/CMakeFiles/arch__common.dir/xip.c.obj
[caboc:ro] [231/380] Building C object modules/ec/zephyr/CMakeFiles/ec_shim.dir/shim/src/panic.c.obj
[caboc:ro] [232/380] Building C object modules/ec/zephyr/CMakeFiles/ec_shim.dir/shim/src/pwm_hc.c.obj
[caboc:ro] [233/380] Building C object modules/ec/zephyr/CMakeFiles/ec_shim.dir/shim/src/temp_sensors.c.obj
[rex-ish-ec:ro] [344/428] Building C object CMakeFiles/app.dir/mnt/host/source/src/platform/ec/build/zephyr/rex-ish-ec/modules/ec/common/usbc/usb_pd_timer.c.obj
[caboc:rw] [181/380] Building C object zephyr/arch/arch/riscv/core/CMakeFiles/arch__riscv__core.dir/prep_c.c.obj
[caboc:rw] [182/380] Building C object zephyr/arch/common/CMakeFiles/isr_tables.dir/isr_tables.c.obj
[caboc:rw] [183/380] Linking C static library zephyr/arch/common/libisr_tables.a
[caboc:rw] [184/380] Building C object zephyr/arch/arch/riscv/core/CMakeFiles/arch__riscv__core.dir/cpu_idle.c.obj
[caboc:rw] [185/380] Linking C static library zephyr/arch/common/libarch__common.a
[rex-ish-ec:ro] [345/428] Building C object CMakeFiles/app.dir/mnt/host/source/src/platform/ec/build/zephyr/rex-ish-ec/modules/ec/common/usbc/usb_sm.c.obj
[caboc:ro] [234/380] Building C object modules/ec/zephyr/CMakeFiles/ec_shim.dir/shim/src/hwtimer.c.obj
[rex-ish-ec:ro] [346/428] Building C object CMakeFiles/app.dir/mnt/host/source/src/platform/ec/build/zephyr/rex-ish-ec/modules/ec/common/usbc_intr_task.c.obj
[caboc:ro] [235/380] Building C object modules/ec/zephyr/CMakeFiles/ec_shim.dir/shim/src/thermal.c.obj
[caboc:rw] [186/380] Building C object zephyr/arch/arch/riscv/core/CMakeFiles/arch__riscv__core.dir/reboot.c.obj
[caboc:rw] [187/380] Building C object zephyr/arch/arch/riscv/core/CMakeFiles/arch__riscv__core.dir/irq_manage.c.obj
[caboc:rw] [188/380] Building C object zephyr/arch/arch/riscv/core/CMakeFiles/arch__riscv__core.dir/fatal.c.obj
[rex-ish-ec:ro] [347/428] Building C object CMakeFiles/app.dir/mnt/host/source/src/platform/ec/build/zephyr/rex-ish-ec/modules/ec/common/usb_pd_flags.c.obj
[caboc:rw] [189/380] Generating ../../../include/generated/libc/minimal/strerror_table.h
[rex-ish-ec:ro] [348/428] Building C object CMakeFiles/app.dir/mnt/host/source/src/platform/ec/build/zephyr/rex-ish-ec/modules/ec/common/usbc_utils.c.obj
[caboc:ro] [236/380] Building C object modules/ec/zephyr/CMakeFiles/ec_shim.dir/shim/src/i2c.c.obj
[caboc:rw] [190/380] Building C object zephyr/lib/libc/minimal/CMakeFiles/lib__libc__minimal.dir/source/stdlib/atoi.c.obj
[caboc:rw] [191/380] Building ASM object zephyr/arch/arch/riscv/core/CMakeFiles/arch__riscv__core.dir/reset.S.obj
[caboc:ro] [237/380] Building C object modules/ec/zephyr/CMakeFiles/ec_shim.dir/shim/src/watchdog.c.obj
[caboc:ro] [238/380] cd /mnt/host/source/src/platform/ec/build/zephyr/caboc/build-ro/modules/ec/zephyr && PYTHONPATH=/mnt/host/source/src/platform/ec/build/zephyr/caboc/modules/ec/zephyr/zmake/ /usr/bin/python3.11 /mnt/host/source/src/platform/ec/build/zephyr/caboc/modules/ec/zephyr/zmake/zephyr_build_tools/generate_ec_version.py /mnt/host/source/src/platform/ec/build/zephyr/caboc/build-ro/modules/ec/zephyr/include/ec_version.h --name Zephyr-Kernel --version 16543.0.0 --static
[rex-ish-ec:ro] [349/428] Building C object CMakeFiles/app.dir/mnt/host/source/src/platform/ec/build/zephyr/rex-ish-ec/modules/ec/common/chargen.c.obj
[caboc:ro] INFO:root:Using a static version string
[caboc:rw] [192/380] Building C object zephyr/arch/arch/riscv/core/CMakeFiles/arch__riscv__core.dir/thread.c.obj
[caboc:rw] [193/380] Building ASM object zephyr/arch/arch/riscv/core/CMakeFiles/arch__riscv__core.dir/switch.S.obj
[caboc:rw] [194/380] Building C object zephyr/lib/libc/minimal/CMakeFiles/lib__libc__minimal.dir/source/stdlib/strtol.c.obj
[caboc:ro] INFO:root:Version string: Zephyr-Kernel-16543.0.0
[caboc:ro] INFO:root:Writing header to /mnt/host/source/src/platform/ec/build/zephyr/caboc/build-ro/modules/ec/zephyr/include/ec_version.h
[caboc:ro] [239/380] Building C object modules/ec/zephyr/CMakeFiles/ec_shim.dir/shim/src/tasks.c.obj
[caboc:rw] [195/380] Building C object zephyr/lib/libc/minimal/CMakeFiles/lib__libc__minimal.dir/source/stdlib/strtoul.c.obj
[caboc:rw] [196/380] Building C object zephyr/lib/libc/minimal/CMakeFiles/lib__libc__minimal.dir/source/stdlib/strtoll.c.obj
[caboc:ro] [240/380] Building C object modules/ec/zephyr/CMakeFiles/ec_shim.dir/shim/src/usba.c.obj
[caboc:rw] [197/380] Building C object zephyr/lib/libc/minimal/CMakeFiles/lib__libc__minimal.dir/source/stdlib/strtoull.c.obj
[caboc:rw] [198/380] Building C object zephyr/arch/arch/riscv/core/CMakeFiles/arch__riscv__core.dir/stacktrace.c.obj
[caboc:rw] [199/380] Building C object zephyr/lib/libc/minimal/CMakeFiles/lib__libc__minimal.dir/source/stdlib/bsearch.c.obj
[caboc:ro] [241/380] Building C object modules/ec/zephyr/CMakeFiles/ec_shim.dir/shim/src/power_host_sleep_api.c.obj
[rex-ish-ec:ro] [350/428] Building C object CMakeFiles/app.dir/mnt/host/source/src/platform/ec/build/zephyr/rex-ish-ec/modules/ec/common/usbc/usb_pd_console.c.obj
[caboc:rw] [200/380] Building C object zephyr/lib/libc/minimal/CMakeFiles/lib__libc__minimal.dir/source/string/strncasecmp.c.obj
[caboc:rw] [201/380] Building C object zephyr/lib/libc/minimal/CMakeFiles/lib__libc__minimal.dir/source/string/strstr.c.obj
[caboc:rw] [202/380] Building ASM object zephyr/arch/arch/riscv/core/CMakeFiles/arch__riscv__core.dir/isr.S.obj
[caboc:rw] [203/380] Building C object zephyr/lib/libc/minimal/CMakeFiles/lib__libc__minimal.dir/source/stdlib/qsort.c.obj
[caboc:rw] [204/380] Linking C static library zephyr/arch/arch/riscv/core/libarch__riscv__core.a
[caboc:ro] [242/380] Building C object modules/ec/zephyr/CMakeFiles/ec_shim.dir/shim/src/sha256_hw.c.obj
[rex-ish-ec:ro] [351/428] Building C object CMakeFiles/app.dir/mnt/host/source/src/platform/ec/build/zephyr/rex-ish-ec/modules/ec/driver/retimer/anx7452.c.obj
[caboc:rw] [205/380] Building C object zephyr/lib/libc/minimal/CMakeFiles/lib__libc__minimal.dir/source/string/strspn.c.obj
[caboc:rw] [206/380] Building C object zephyr/lib/libc/minimal/CMakeFiles/lib__libc__minimal.dir/source/string/strerror.c.obj
[caboc:rw] [207/380] Building C object zephyr/lib/libc/minimal/CMakeFiles/lib__libc__minimal.dir/source/string/string.c.obj
[caboc:rw] [208/380] Building C object zephyr/lib/libc/minimal/CMakeFiles/lib__libc__minimal.dir/source/stdlib/exit.c.obj
[caboc:ro] [243/380] Building C object CMakeFiles/app.dir/mnt/host/source/src/platform/ec/zephyr/subsys/ap_pwrseq/ap_events.c.obj
[rex-ish-ec:ro] [352/428] Building C object CMakeFiles/app.dir/mnt/host/source/src/platform/ec/build/zephyr/rex-ish-ec/modules/ec/driver/retimer/bb_retimer.c.obj
[rex-ish-ec:ro] [353/428] Building C object CMakeFiles/app.dir/mnt/host/source/src/platform/ec/build/zephyr/rex-ish-ec/modules/ec/driver/retimer/kb8010.c.obj
[caboc:rw] [209/380] Building C object zephyr/lib/libc/minimal/CMakeFiles/lib__libc__minimal.dir/source/math/sqrtf.c.obj
[caboc:rw] [210/380] Building C object zephyr/lib/libc/minimal/CMakeFiles/lib__libc__minimal.dir/source/math/sqrt.c.obj
[caboc:ro] [244/380] Building C object CMakeFiles/app.dir/mnt/host/source/src/platform/ec/zephyr/subsys/ap_pwrseq/ap_power_interface.c.obj
[caboc:rw] [211/380] Building C object zephyr/lib/libc/minimal/CMakeFiles/lib__libc__minimal.dir/source/stdout/sprintf.c.obj
[rex-ish-ec:ro] [354/428] Building C object CMakeFiles/app.dir/mnt/host/source/src/platform/ec/build/zephyr/rex-ish-ec/modules/ec/driver/usb_mux/usb_mux.c.obj
[caboc:rw] [212/380] Building C object zephyr/lib/libc/minimal/CMakeFiles/lib__libc__minimal.dir/source/stdout/fprintf.c.obj
[caboc:rw] [213/380] Building C object zephyr/lib/libc/minimal/CMakeFiles/lib__libc__minimal.dir/source/stdout/stdout_console.c.obj
[caboc:ro] [245/380] Building C object CMakeFiles/app.dir/mnt/host/source/src/platform/ec/zephyr/subsys/ap_pwrseq/signal_gpio.c.obj
[caboc:ro] [246/380] Building C object CMakeFiles/app.dir/mnt/host/source/src/platform/ec/zephyr/subsys/ap_pwrseq/power_signals.c.obj
[caboc:rw] [214/380] Building C object zephyr/lib/libc/common/CMakeFiles/lib__libc__common.dir/source/time/asctime.c.obj
[caboc:rw] [215/380] Building C object zephyr/lib/libc/common/CMakeFiles/lib__libc__common.dir/source/time/gmtime_r.c.obj
[caboc:rw] [216/380] Building C object zephyr/lib/libc/minimal/CMakeFiles/lib__libc__minimal.dir/source/time/gmtime.c.obj
[rex-ish-ec:ro] [355/428] Building C object CMakeFiles/app.dir/mnt/host/source/src/platform/ec/build/zephyr/rex-ish-ec/modules/ec/driver/usb_mux/virtual.c.obj
[caboc:rw] [217/380] Building C object zephyr/lib/libc/common/CMakeFiles/lib__libc__common.dir/source/time/localtime_r_utc.c.obj
[caboc:rw] [218/380] Linking C static library zephyr/lib/libc/minimal/liblib__libc__minimal.a
[caboc:rw] [219/380] Building C object zephyr/lib/libc/common/CMakeFiles/lib__libc__common.dir/source/time/ctime.c.obj
[caboc:ro] [247/380] Building C object CMakeFiles/app.dir/mnt/host/source/src/platform/ec/zephyr/subsys/ap_pwrseq/signal_vw.c.obj
[caboc:rw] [220/380] Building C object zephyr/lib/libc/common/CMakeFiles/lib__libc__common.dir/source/stdlib/abort.c.obj
[rex-ish-ec:ro] [356/428] Building C object CMakeFiles/app.dir/mnt/host/source/src/platform/ec/build/zephyr/rex-ish-ec/modules/ec/common/event_log.c.obj
[caboc:rw] [221/380] Building C object zephyr/lib/libc/common/CMakeFiles/lib__libc__common.dir/source/time/time.c.obj
[caboc:ro] [248/380] Building C object CMakeFiles/app.dir/mnt/host/source/src/platform/ec/zephyr/subsys/ap_pwrseq/power_host_sleep.c.obj
[caboc:rw] [222/380] Building C object zephyr/lib/libc/common/CMakeFiles/lib__libc__common.dir/source/string/strnlen.c.obj
[caboc:rw] [223/380] Building C object zephyr/lib/posix/c_lib_ext/CMakeFiles/lib__posix__c_lib_ext.dir/fnmatch.c.obj
[rex-ish-ec:ro] [357/428] Building C object CMakeFiles/app.dir/mnt/host/source/src/platform/ec/build/zephyr/rex-ish-ec/modules/ec/common/pd_log.c.obj
[caboc:rw] [224/380] Building C object zephyr/subsys/crc/CMakeFiles/subsys__crc.dir/crc8_sw.c.obj
[caboc:rw] [225/380] Building C object zephyr/subsys/crc/CMakeFiles/subsys__crc.dir/crc4_sw.c.obj
[caboc:ro] [249/380] Building C object CMakeFiles/app.dir/mnt/host/source/src/platform/ec/zephyr/subsys/ap_pwrseq/x86_non_dsx_chipset_power_state.c.obj
[caboc:rw] [226/380] Building C object zephyr/lib/libc/common/CMakeFiles/lib__libc__common.dir/source/stdlib/malloc.c.obj
[caboc:rw] [227/380] Building C object zephyr/subsys/crc/CMakeFiles/subsys__crc.dir/crc16_sw.c.obj
[caboc:rw] [228/380] Building C object zephyr/subsys/crc/CMakeFiles/subsys__crc.dir/crc7_sw.c.obj
[caboc:ro] [250/380] Building C object CMakeFiles/app.dir/mnt/host/source/src/platform/ec/zephyr/subsys/ap_pwrseq/x86_non_dsx_common_pwrseq_host_sleep.c.obj
[caboc:ro] [251/380] Building C object CMakeFiles/app.dir/mnt/host/source/src/platform/ec/zephyr/subsys/ap_pwrseq/x86_non_dsx_common_pwrseq_sm_handler.c.obj
[caboc:rw] [229/380] Building C object zephyr/lib/posix/c_lib_ext/CMakeFiles/lib__posix__c_lib_ext.dir/getentropy.c.obj
[caboc:rw] [230/380] Linking C static library zephyr/lib/libc/common/liblib__libc__common.a
[rex-ish-ec:ro] [358/428] Building C object CMakeFiles/app.dir/mnt/host/source/src/platform/ec/build/zephyr/rex-ish-ec/modules/ec/common/usbc/usb_tc_drp_acc_trysrc_sm.c.obj
[caboc:rw] [231/380] Building C object zephyr/lib/posix/c_lib_ext/CMakeFiles/lib__posix__c_lib_ext.dir/getopt_shim.c.obj
[caboc:rw] [232/380] Building C object zephyr/subsys/crc/CMakeFiles/subsys__crc.dir/crc32c_sw.c.obj
[caboc:rw] [233/380] Building C object zephyr/subsys/crc/CMakeFiles/subsys__crc.dir/crc24_sw.c.obj
[rex-ish-ec:ro] [359/428] Building C object CMakeFiles/app.dir/mnt/host/source/src/platform/ec/build/zephyr/rex-ish-ec/modules/ec/common/usbc/usb_prl_sm.c.obj
[caboc:rw] [234/380] Building C object zephyr/lib/smf/CMakeFiles/lib__smf.dir/smf.c.obj
[caboc:rw] [235/380] Linking C static library zephyr/lib/posix/c_lib_ext/liblib__posix__c_lib_ext.a
[caboc:rw] [236/380] Building C object zephyr/subsys/crc/CMakeFiles/subsys__crc.dir/crc32_sw.c.obj
[caboc:rw] [237/380] Building C object zephyr/subsys/crc/CMakeFiles/subsys__crc.dir/crc32k_4_2_sw.c.obj
[caboc:rw] [238/380] Linking C static library zephyr/lib/smf/liblib__smf.a
[caboc:rw] [239/380] Linking C static library zephyr/subsys/crc/libsubsys__crc.a
[caboc:ro] [252/380] Building C object CMakeFiles/app.dir/mnt/host/source/src/platform/ec/zephyr/subsys/ap_pwrseq/x86_non_dsx_common_pwrseq_host_command.c.obj
[caboc:ro] [253/380] Building C object CMakeFiles/app.dir/mnt/host/source/src/platform/ec/zephyr/subsys/ap_pwrseq/x86_non_dsx_common_pwrseq_console.c.obj
[caboc:rw] [240/380] Building C object zephyr/subsys/input/CMakeFiles/subsys__input.dir/input_hid.c.obj
[caboc:ro] [254/380] Building C object CMakeFiles/app.dir/mnt/host/source/src/platform/ec/zephyr/subsys/ap_pwrseq/ap_reset_log.c.obj
[rex-ish-ec:ro] [360/428] Building C object CMakeFiles/app.dir/mnt/host/source/src/platform/ec/build/zephyr/rex-ish-ec/modules/ec/common/usbc/usb_pd_dpm.c.obj
[rex-ish-ec:ro] [361/428] Building C object CMakeFiles/app.dir/mnt/host/source/src/platform/ec/build/zephyr/rex-ish-ec/modules/ec/common/usbc/usbc_pd_policy.c.obj
[caboc:ro] [255/380] Building C object CMakeFiles/app.dir/mnt/host/source/src/platform/ec/zephyr/subsys/ap_pwrseq/x86_non_dsx_adlp_pwrseq_sm.c.obj
[caboc:rw] [241/380] Building C object zephyr/subsys/input/CMakeFiles/subsys__input.dir/input.c.obj
[rex-ish-ec:ro] [362/428] Building C object CMakeFiles/app.dir/mnt/host/source/src/platform/ec/build/zephyr/rex-ish-ec/modules/ec/common/usbc/usb_pe_drp_sm.c.obj
[caboc:rw] [242/380] Building C object zephyr/subsys/input/CMakeFiles/subsys__input.dir/input_utils.c.obj
[caboc:rw] [243/380] Building C object zephyr/drivers/interrupt_controller/CMakeFiles/drivers__interrupt_controller.dir/intc_ite_it8xxx2_v2.c.obj
[caboc:rw] [244/380] Building C object zephyr/drivers/adc/CMakeFiles/drivers__adc.dir/adc_common.c.obj
[caboc:ro] [256/380] Building C object CMakeFiles/app.dir/mnt/host/source/src/platform/ec/zephyr/subsys/pd_controller/pdc_pmc_debug.c.obj
[caboc:rw] [245/380] Linking C static library zephyr/subsys/input/libsubsys__input.a
[caboc:rw] [246/380] Building C object zephyr/drivers/interrupt_controller/CMakeFiles/drivers__interrupt_controller.dir/wuc_ite_it8xxx2.c.obj
[caboc:rw] [247/380] Linking C static library zephyr/drivers/interrupt_controller/libdrivers__interrupt_controller.a
[rex-ish-ec:ro] [363/428] Building C object CMakeFiles/app.dir/mnt/host/source/src/platform/ec/build/zephyr/rex-ish-ec/modules/ec/common/usbc/dp_alt_mode.c.obj
[rex-ish-ec:ro] [364/428] Building C object CMakeFiles/app.dir/mnt/host/source/src/platform/ec/build/zephyr/rex-ish-ec/modules/ec/common/usbc/usb_mode.c.obj
[caboc:ro] [257/380] Building C object CMakeFiles/app.dir/mnt/host/source/src/platform/ec/zephyr/subsys/pd_controller/retimer_fw_update.c.obj
[caboc:rw] [248/380] Building C object zephyr/drivers/adc/CMakeFiles/drivers__adc.dir/adc_ite_it8xxx2.c.obj
[caboc:rw] [249/380] Linking C static library zephyr/drivers/adc/libdrivers__adc.a
[caboc:rw] [250/380] Building C object zephyr/drivers/bbram/CMakeFiles/drivers__bbram.dir/bbram_it8xxx2.c.obj
[caboc:rw] [251/380] Linking C static library zephyr/drivers/bbram/libdrivers__bbram.a
[caboc:ro] [258/380] Building C object CMakeFiles/app.dir/mnt/host/source/src/platform/ec/zephyr/subsys/pd_controller/pdc_host_cmd.c.obj
[rex-ish-ec:ro] [365/428] Building C object CMakeFiles/app.dir/mnt/host/source/src/platform/ec/build/zephyr/rex-ish-ec/modules/ec/common/usbc/tbt_alt_mode.c.obj
[caboc:rw] [252/380] Building C object zephyr/drivers/crypto/CMakeFiles/drivers__crypto.dir/crypto_it8xxx2_sha_v2.c.obj
[rex-ish-ec:ro] [366/428] Building C object CMakeFiles/app.dir/mnt/host/source/src/platform/ec/build/zephyr/rex-ish-ec/modules/ec/common/usb_pd_console_cmd.c.obj
[rex-ish-ec:ro] [367/428] Building C object CMakeFiles/app.dir/mnt/host/source/src/platform/ec/build/zephyr/rex-ish-ec/modules/ec/common/usbc/usb_retimer_fw_update.c.obj
[caboc:rw] [253/380] Linking C static library zephyr/drivers/crypto/libdrivers__crypto.a
[caboc:ro] [259/380] Building C object CMakeFiles/app.dir/mnt/host/source/src/platform/ec/zephyr/subsys/pd_controller/pdc_console.c.obj
[caboc:rw] [254/380] Building C object zephyr/drivers/console/CMakeFiles/drivers__console.dir/uart_console.c.obj
[caboc:ro] [260/380] Building C object CMakeFiles/app.dir/mnt/host/source/src/platform/ec/zephyr/subsys/pd_controller/pdc_stub.c.obj
[caboc:rw] [255/380] Linking C static library zephyr/drivers/console/libdrivers__console.a
[caboc:rw] [256/380] Building C object zephyr/drivers/flash/CMakeFiles/drivers__flash.dir/flash_ite_it8xxx2.c.obj
[caboc:rw] [257/380] Linking C static library zephyr/drivers/flash/libdrivers__flash.a
[caboc:rw] [258/380] Building C object zephyr/drivers/espi/CMakeFiles/drivers__espi.dir/espi_it8xxx2.c.obj
[caboc:rw] [259/380] Linking C static library zephyr/drivers/espi/libdrivers__espi.a
[caboc:rw] [260/380] Building C object zephyr/drivers/i2c/CMakeFiles/drivers__i2c.dir/i2c_common.c.obj
[caboc:ro] [261/380] Building C object CMakeFiles/app.dir/mnt/host/source/src/platform/ec/zephyr/subsys/pd_controller/pdc_dpm.c.obj
[rex-ish-ec:ro] [368/428] Building C object CMakeFiles/app.dir/mnt/host/source/src/platform/ec/build/zephyr/rex-ish-ec/modules/ec/common/usb_pd_host_cmd.c.obj
[caboc:rw] [261/380] Building C object zephyr/drivers/i2c/CMakeFiles/drivers__i2c.dir/i2c_bitbang.c.obj
[caboc:ro] [262/380] Building C object CMakeFiles/app.dir/mnt/host/source/src/platform/ec/zephyr/subsys/pd_controller/pdc_trace_msg.c.obj
[caboc:rw] [262/380] Building C object zephyr/drivers/i2c/CMakeFiles/drivers__i2c.dir/i2c_shell.c.obj
[caboc:ro] [263/380] Building C object CMakeFiles/app.dir/mnt/host/source/src/platform/ec/zephyr/subsys/ucsi/ppm_common.c.obj
[caboc:ro] [264/380] Building C object CMakeFiles/app.dir/mnt/host/source/src/platform/ec/zephyr/subsys/pd_controller/pdc_power_mgmt.c.obj
[rex-ish-ec:ro] [369/428] Building C object CMakeFiles/app.dir/mnt/host/source/src/platform/ec/build/zephyr/rex-ish-ec/modules/ec/common/usbc/usb_pd_host.c.obj
[rex-ish-ec:ro] [370/428] Building C object CMakeFiles/app.dir/mnt/host/source/src/platform/ec/build/zephyr/rex-ish-ec/modules/ec/common/usbc_ocp.c.obj
[caboc:rw] [263/380] Building C object zephyr/drivers/gpio/CMakeFiles/drivers__gpio.dir/gpio_ite_it8xxx2_v2.c.obj
[rex-ish-ec:ro] [371/428] Building C object CMakeFiles/app.dir/mnt/host/source/src/platform/ec/build/zephyr/rex-ish-ec/modules/ec/zephyr/shim/src/tcpc.c.obj
[caboc:rw] [264/380] Building C object zephyr/drivers/input/CMakeFiles/drivers__input.dir/input_kbd_matrix.c.obj
[caboc:rw] [265/380] Building C object zephyr/drivers/input/CMakeFiles/drivers__input.dir/input_ite_it8xxx2_kbd.c.obj
[caboc:ro] [265/380] Building C object CMakeFiles/app.dir/mnt/host/source/src/platform/ec/zephyr/subsys/ucsi/ppm_console.c.obj
[rex-ish-ec:ro] [372/428] Building C object CMakeFiles/app.dir/mnt/host/source/src/platform/ec/build/zephyr/rex-ish-ec/modules/ec/common/usb_pd_host_cmd_common.c.obj
[caboc:rw] [266/380] Linking C static library zephyr/drivers/gpio/libdrivers__gpio.a
[caboc:rw] [267/380] Linking C static library zephyr/drivers/input/libdrivers__input.a
[caboc:rw] [268/380] Building C object zephyr/drivers/i2c/CMakeFiles/drivers__i2c.dir/i2c_ite_enhance.c.obj
[caboc:rw] [269/380] Building C object zephyr/drivers/pinctrl/CMakeFiles/drivers__pinctrl.dir/common.c.obj
[caboc:rw] [270/380] Linking C static library zephyr/drivers/i2c/libdrivers__i2c.a
[caboc:rw] [271/380] Building C object zephyr/drivers/sensor/CMakeFiles/drivers__sensor.dir/mnt/host/source/src/third_party/zephyr/main/misc/empty_file.c.obj
[caboc:rw] [272/380] Linking C static library zephyr/drivers/sensor/libdrivers__sensor.a
[rex-ish-ec:ro] [373/428] Building C object CMakeFiles/app.dir/mnt/host/source/src/platform/ec/build/zephyr/rex-ish-ec/modules/ec/common/usb_pd_discovery.c.obj
[caboc:ro] [266/380] Building C object CMakeFiles/app.dir/mnt/host/source/src/platform/ec/zephyr/subsys/ucsi/ppm_driver.c.obj
[rex-ish-ec:ro] [374/428] Building C object CMakeFiles/app.dir/mnt/host/source/src/platform/ec/build/zephyr/rex-ish-ec/modules/ec/common/usb_pd_dual_role.c.obj
[caboc:ro] [267/380] Building C object CMakeFiles/app.dir/mnt/host/source/src/platform/ec/zephyr/subsys/ucsi/ucsi_host_cmd.c.obj
[caboc:ro] [268/380] Building C object CMakeFiles/app.dir/mnt/host/source/src/platform/ec/build/zephyr/caboc/modules/ec/common/base32.c.obj
[caboc:rw] [273/380] Building C object zephyr/drivers/pwm/CMakeFiles/drivers__pwm.dir/pwm_shell.c.obj
[caboc:rw] [274/380] Building C object zephyr/drivers/pinctrl/CMakeFiles/drivers__pinctrl.dir/pinctrl_ite_it8xxx2.c.obj
[caboc:ro] [269/380] Building C object CMakeFiles/app.dir/mnt/host/source/src/platform/ec/build/zephyr/caboc/modules/ec/builtin/stdlib.c.obj
[caboc:rw] [275/380] Linking C static library zephyr/drivers/pinctrl/libdrivers__pinctrl.a
[caboc:rw] [276/380] Building C object zephyr/drivers/pwm/CMakeFiles/drivers__pwm.dir/pwm_ite_it8xxx2.c.obj
[caboc:rw] [277/380] Linking C static library zephyr/drivers/pwm/libdrivers__pwm.a
[caboc:ro] [270/380] Building C object CMakeFiles/app.dir/mnt/host/source/src/platform/ec/build/zephyr/caboc/modules/ec/common/console_output.c.obj
[caboc:rw] [278/380] Building C object zephyr/drivers/sensor/ite/ite_vcmp_it8xxx2/CMakeFiles/drivers__sensor__ite__ite_vcmp_it8xxx2.dir/vcmp_ite_it8xxx2.c.obj
[rex-ish-ec:ro] [375/428] Building C object CMakeFiles/app.dir/mnt/host/source/src/platform/ec/build/zephyr/rex-ish-ec/modules/ec/driver/tcpm/nct38xx.c.obj
[caboc:rw] [279/380] Linking C static library zephyr/drivers/sensor/ite/ite_vcmp_it8xxx2/libdrivers__sensor__ite__ite_vcmp_it8xxx2.a
[caboc:rw] [280/380] Building C object zephyr/drivers/sensor/ite/ite_tach_it8xxx2/CMakeFiles/drivers__sensor__ite__ite_tach_it8xxx2.dir/tach_ite_it8xxx2.c.obj
[rex-ish-ec:ro] [376/428] Building C object CMakeFiles/app.dir/mnt/host/source/src/platform/ec/build/zephyr/rex-ish-ec/modules/ec/driver/tcpm/rt1715.c.obj
[caboc:rw] [281/380] Linking C static library zephyr/drivers/sensor/ite/ite_tach_it8xxx2/libdrivers__sensor__ite__ite_tach_it8xxx2.a
[caboc:rw] [282/380] Building C object zephyr/drivers/serial/CMakeFiles/drivers__serial.dir/uart_ite_it8xxx2.c.obj
[rex-ish-ec:ro] [377/428] Building C object CMakeFiles/app.dir/mnt/host/source/src/platform/ec/build/zephyr/rex-ish-ec/modules/ec/driver/tcpm/ps8xxx.c.obj
[caboc:ro] [271/380] Building C object CMakeFiles/app.dir/mnt/host/source/src/platform/ec/build/zephyr/caboc/modules/ec/common/ec_features.c.obj
[caboc:rw] [283/380] Building C object zephyr/drivers/timer/CMakeFiles/drivers__timer.dir/sys_clock_init.c.obj
[rex-ish-ec:ro] [378/428] Building C object CMakeFiles/app.dir/mnt/host/source/src/platform/ec/build/zephyr/rex-ish-ec/modules/ec/common/usbc_ppc.c.obj
[caboc:ro] [272/380] Building C object CMakeFiles/app.dir/mnt/host/source/src/platform/ec/build/zephyr/caboc/modules/ec/common/gpio_commands.c.obj
[caboc:ro] [273/380] Building C object CMakeFiles/app.dir/mnt/host/source/src/platform/ec/build/zephyr/caboc/modules/ec/common/peripheral.c.obj
[caboc:rw] [284/380] Building C object zephyr/drivers/serial/CMakeFiles/drivers__serial.dir/uart_ns16550.c.obj
[caboc:ro] [274/380] Building C object CMakeFiles/app.dir/mnt/host/source/src/platform/ec/build/zephyr/caboc/modules/ec/common/printf.c.obj
[caboc:rw] [285/380] Linking C static library zephyr/drivers/serial/libdrivers__serial.a
[caboc:rw] [286/380] Building C object zephyr/drivers/timer/CMakeFiles/drivers__timer.dir/ite_it8xxx2_timer.c.obj
[caboc:ro] [275/380] Building C object CMakeFiles/app.dir/mnt/host/source/src/platform/ec/build/zephyr/caboc/modules/ec/common/queue.c.obj
[rex-ish-ec:ro] [379/428] Building C object CMakeFiles/app.dir/mnt/host/source/src/platform/ec/build/zephyr/rex-ish-ec/modules/ec/driver/tcpm/tcpci.c.obj
[caboc:rw] [287/380] Building C object zephyr/drivers/watchdog/CMakeFiles/drivers__watchdog.dir/wdt_shell.c.obj
[caboc:rw] [288/380] Building C object zephyr/drivers/watchdog/CMakeFiles/drivers__watchdog.dir/wdt_ite_it8xxx2.c.obj
[caboc:rw] [289/380] Linking C static library zephyr/drivers/timer/libdrivers__timer.a
[caboc:rw] [290/380] Linking C static library zephyr/drivers/watchdog/libdrivers__watchdog.a
[rex-ish-ec:ro] [380/428] Building C object CMakeFiles/app.dir/mnt/host/source/src/platform/ec/build/zephyr/rex-ish-ec/modules/ec/driver/ppc/nx20p348x.c.obj
[caboc:rw] [291/380] Building C object modules/ec/zephyr/CMakeFiles/ec_shim.dir/app/ec/ec_app_main.c.obj
[rex-ish-ec:ro] [381/428] Building C object CMakeFiles/app.dir/mnt/host/source/src/platform/ec/build/zephyr/rex-ish-ec/modules/ec/driver/ppc/ktu1125.c.obj
[caboc:rw] [292/380] Building C object modules/ec/zephyr/CMakeFiles/ec_shim.dir/app/ec/main_shim.c.obj
[rex-ish-ec:ro] [382/428] Building C object CMakeFiles/app.dir/mnt/host/source/src/platform/ec/build/zephyr/rex-ish-ec/modules/ec/driver/ppc/syv682x.c.obj
[caboc:ro] [276/380] Building C object CMakeFiles/app.dir/mnt/host/source/src/platform/ec/build/zephyr/caboc/modules/ec/common/system_boot_time.c.obj
[caboc:ro] [277/380] Building C object CMakeFiles/app.dir/mnt/host/source/src/platform/ec/build/zephyr/caboc/modules/ec/common/util.c.obj
[caboc:ro] [278/380] Building C object CMakeFiles/app.dir/mnt/host/source/src/platform/ec/build/zephyr/caboc/modules/ec/common/uart_printf.c.obj
[caboc:ro] [279/380] Building C object CMakeFiles/app.dir/mnt/host/source/src/platform/ec/build/zephyr/caboc/modules/ec/common/system.c.obj
[caboc:rw] [293/380] Building C object modules/ec/zephyr/CMakeFiles/ec_shim.dir/app/ec/chip/riscv/riscv-ite/it8xxx2-espi.c.obj
[rex-ish-ec:ro] [383/428] Building C object CMakeFiles/app.dir/mnt/host/source/src/platform/ec/build/zephyr/rex-ish-ec/modules/ec/common/vboot_hash.c.obj
[caboc:rw] [294/380] Building C object modules/ec/zephyr/CMakeFiles/ec_shim.dir/drivers/cros_flash/cros_flash_it8xxx2.c.obj
[caboc:rw] [295/380] Building C object modules/ec/zephyr/CMakeFiles/ec_shim.dir/drivers/cros_kblight/pwm_kblight.c.obj
[caboc:ro] [280/380] Building C object CMakeFiles/app.dir/mnt/host/source/src/platform/ec/build/zephyr/caboc/modules/ec/common/version.c.obj
[caboc:rw] [296/380] Building C object modules/ec/zephyr/CMakeFiles/ec_shim.dir/drivers/keyboard_input/keyboard_customization_check.c.obj
[caboc:rw] [297/380] Building C object modules/ec/zephyr/CMakeFiles/ec_shim.dir/drivers/cros_system/cros_system_it8xxx2.c.obj
[rex-ish-ec:ro] [384/428] Building C object CMakeFiles/app.dir/mnt/host/source/src/platform/ec/build/zephyr/rex-ish-ec/modules/ec/common/button.c.obj
[caboc:rw] [298/380] Building C object modules/ec/zephyr/CMakeFiles/ec_shim.dir/drivers/hibernate/hibernate_z5.c.obj
[caboc:ro] [281/380] Building C object CMakeFiles/app.dir/mnt/host/source/src/platform/ec/build/zephyr/caboc/modules/ec/common/power_button_x86.c.obj
[rex-ish-ec:ro] [385/428] Building C object CMakeFiles/app.dir/mnt/host/source/src/platform/ec/build/zephyr/rex-ish-ec/modules/ec/common/math_util.c.obj
[rex-ish-ec:ro] [386/428] Building C object CMakeFiles/app.dir/mnt/host/source/src/platform/ec/build/zephyr/rex-ish-ec/modules/ec/common/vstore.c.obj
[rex-ish-ec:ro] [387/428] Building C object CMakeFiles/app.dir/mnt/host/source/src/platform/ec/build/zephyr/rex-ish-ec/modules/ec/common/vboot/efs2.c.obj
[caboc:rw] [299/380] Building C object modules/ec/zephyr/CMakeFiles/ec_shim.dir/drivers/keyboard_input/keyboard_input.c.obj
[caboc:ro] [282/380] Building C object CMakeFiles/app.dir/mnt/host/source/src/platform/ec/build/zephyr/caboc/modules/ec/common/backlight_lid.c.obj
[caboc:ro] [283/380] Building C object CMakeFiles/app.dir/mnt/host/source/src/platform/ec/build/zephyr/caboc/modules/ec/common/adc.c.obj
[caboc:ro] [284/380] Building C object CMakeFiles/app.dir/mnt/host/source/src/platform/ec/build/zephyr/caboc/modules/ec/common/acpi.c.obj
[caboc:rw] [300/380] Building C object modules/ec/zephyr/CMakeFiles/ec_shim.dir/drivers/keyboard_input/col_gpio_drive.c.obj
[rex-ish-ec:ro] [388/428] Building C object CMakeFiles/app.dir/src/board_power.c.obj
[caboc:rw] [301/380] Building C object modules/ec/zephyr/CMakeFiles/ec_shim.dir/drivers/usbc/ucsi_v3.c.obj
[caboc:rw] [302/380] Building C object modules/ec/zephyr/CMakeFiles/ec_shim.dir/drivers/keyboard_factory_test/keyboard_factory_test.c.obj
[caboc:ro] [285/380] Building C object CMakeFiles/app.dir/mnt/host/source/src/platform/ec/build/zephyr/caboc/modules/ec/common/battery.c.obj
[rex-ish-ec:ro] [389/428] Building C object CMakeFiles/app.dir/src/battery_present.c.obj
[caboc:rw] [303/380] Building C object modules/ec/zephyr/CMakeFiles/ec_shim.dir/drivers/runtime_keys/runtime_keys.c.obj
[caboc:rw] [304/380] Building C object modules/ec/zephyr/CMakeFiles/ec_shim.dir/drivers/boot_keys/boot_keys.c.obj
[caboc:ro] [286/380] Building C object CMakeFiles/app.dir/mnt/host/source/src/platform/ec/build/zephyr/caboc/modules/ec/common/battery_info.c.obj
[rex-ish-ec:ro] [390/428] Building C object CMakeFiles/app.dir/src/usbc_config.c.obj
[caboc:ro] [287/380] Building C object CMakeFiles/app.dir/mnt/host/source/src/platform/ec/build/zephyr/caboc/modules/ec/driver/battery/smart.c.obj
[rex-ish-ec:ro] [391/428] Building C object CMakeFiles/app.dir/src/usb_pd_policy.c.obj
[caboc:ro] [288/380] Building C object CMakeFiles/app.dir/mnt/host/source/src/platform/ec/build/zephyr/caboc/modules/ec/common/battery_fuel_gauge.c.obj
[rex-ish-ec:ro] [392/428] Linking C static library modules/ec/zephyr/libec_shim.a
[caboc:rw] [305/380] Building C object modules/ec/zephyr/CMakeFiles/ec_shim.dir/drivers/usbc/pdc_rts54xx.c.obj
[caboc:rw] [306/380] Building C object modules/ec/zephyr/CMakeFiles/ec_shim.dir/drivers/vivaldi_kbd/vivaldi_kbd.c.obj
[caboc:rw] [307/380] Building C object modules/ec/zephyr/CMakeFiles/ec_shim.dir/shim/chip/it8xxx2/clock.c.obj
[rex-ish-ec:ro] [393/428] Building C object CMakeFiles/app.dir/rex/src/usb_mux_config.c.obj
[rex-ish-ec:ro] [394/428] Building C object CMakeFiles/app.dir/rex/src/i2c_policy.c.obj
[caboc:rw] [308/380] Building C object modules/ec/zephyr/CMakeFiles/ec_shim.dir/shim/src/crc.c.obj
[caboc:ro] [289/380] Building C object CMakeFiles/app.dir/mnt/host/source/src/platform/ec/build/zephyr/caboc/modules/ec/driver/charger/isl923x.c.obj
[caboc:rw] [309/380] Building C object modules/ec/zephyr/CMakeFiles/ec_shim.dir/drivers/prochot_vcmp/prochot_vcmp.c.obj
[rex-ish-ec:ro] [395/428] Building C object CMakeFiles/app.dir/rex/src/usbc_config.c.obj
[caboc:rw] [310/380] Building C object modules/ec/zephyr/CMakeFiles/ec_shim.dir/shim/chip/it8xxx2/system.c.obj
[caboc:ro] [290/380] Building C object CMakeFiles/app.dir/mnt/host/source/src/platform/ec/build/zephyr/caboc/modules/ec/common/charger.c.obj
[rex-ish-ec:ro] [396/428] Linking C static library app/libapp.a
[rex-ish-ec:ro] [397/428] Building C object zephyr/kernel/CMakeFiles/kernel.dir/banner.c.obj
[rex-ish-ec:ro] [398/428] Building C object zephyr/kernel/CMakeFiles/kernel.dir/busy_wait.c.obj
[caboc:rw] [311/380] Building C object modules/ec/zephyr/CMakeFiles/ec_shim.dir/shim/chip/it8xxx2/power_policy.c.obj
[caboc:ro] [291/380] Building C object CMakeFiles/app.dir/mnt/host/source/src/platform/ec/build/zephyr/caboc/modules/ec/common/cbi_common.c.obj
[caboc:rw] [312/380] Building C object modules/ec/zephyr/CMakeFiles/ec_shim.dir/shim/chip/it8xxx2/gpio.c.obj
[rex-ish-ec:ro] [399/428] Building C object zephyr/kernel/CMakeFiles/kernel.dir/errno.c.obj
[rex-ish-ec:ro] [400/428] Building C object zephyr/kernel/CMakeFiles/kernel.dir/device.c.obj
[caboc:ro] [292/380] Building C object CMakeFiles/app.dir/mnt/host/source/src/platform/ec/build/zephyr/caboc/modules/ec/common/charge_state.c.obj
[caboc:rw] [313/380] Building C object modules/ec/zephyr/CMakeFiles/ec_shim.dir/shim/src/console.c.obj
[caboc:rw] [314/380] Building C object modules/ec/zephyr/CMakeFiles/ec_shim.dir/shim/src/gpio_int.c.obj
[caboc:rw] [315/380] Building C object modules/ec/zephyr/CMakeFiles/ec_shim.dir/shim/src/panic_utils.c.obj
[caboc:ro] [293/380] Building C object CMakeFiles/app.dir/mnt/host/source/src/platform/ec/build/zephyr/caboc/modules/ec/common/charge_manager.c.obj
[caboc:rw] [316/380] Building C object modules/ec/zephyr/CMakeFiles/ec_shim.dir/shim/src/gpio.c.obj
[caboc:ro] [294/380] Building C object CMakeFiles/app.dir/mnt/host/source/src/platform/ec/build/zephyr/caboc/modules/ec/common/cbi_config.c.obj
[caboc:ro] [295/380] Building C object CMakeFiles/app.dir/mnt/host/source/src/platform/ec/build/zephyr/caboc/modules/ec/common/cbi.c.obj
[rex-ish-ec:ro] [401/428] Building C object zephyr/kernel/CMakeFiles/kernel.dir/kheap.c.obj
[rex-ish-ec:ro] [402/428] Building C object zephyr/kernel/CMakeFiles/kernel.dir/init.c.obj
[rex-ish-ec:ro] [403/428] Building C object zephyr/kernel/CMakeFiles/kernel.dir/fatal.c.obj
[caboc:rw] [317/380] Building C object modules/ec/zephyr/CMakeFiles/ec_shim.dir/shim/src/cbi/cros_cbi.c.obj
[caboc:ro] [296/380] Building C object CMakeFiles/app.dir/mnt/host/source/src/platform/ec/build/zephyr/caboc/modules/ec/common/memory_commands.c.obj
[rex-ish-ec:ro] [404/428] Building C object zephyr/kernel/CMakeFiles/kernel.dir/mem_slab.c.obj
[caboc:rw] [318/380] Building C object modules/ec/zephyr/CMakeFiles/ec_shim.dir/shim/src/pm_state.c.obj
[rex-ish-ec:ro] [405/428] Building C object zephyr/kernel/CMakeFiles/kernel.dir/float.c.obj
[rex-ish-ec:ro] [406/428] Building C object zephyr/kernel/CMakeFiles/kernel.dir/version.c.obj
[caboc:rw] [319/380] Building C object modules/ec/zephyr/CMakeFiles/ec_shim.dir/shim/src/cbi/cros_cbi_fw_config.c.obj
[caboc:ro] [297/380] Building C object CMakeFiles/app.dir/mnt/host/source/src/platform/ec/build/zephyr/caboc/modules/ec/common/dptf.c.obj
[caboc:ro] [298/380] Building C object CMakeFiles/app.dir/mnt/host/source/src/platform/ec/build/zephyr/caboc/modules/ec/common/espi.c.obj
[caboc:rw] [320/380] Building C object modules/ec/zephyr/CMakeFiles/ec_shim.dir/shim/src/cbi/cbi_flash.c.obj
[caboc:ro] [299/380] Building C object CMakeFiles/app.dir/mnt/host/source/src/platform/ec/build/zephyr/caboc/modules/ec/common/ap_reset_log.c.obj
[caboc:rw] [321/380] Building C object modules/ec/zephyr/CMakeFiles/ec_shim.dir/shim/src/led_driver/led.c.obj
[caboc:ro] [300/380] Building C object CMakeFiles/app.dir/mnt/host/source/src/platform/ec/build/zephyr/caboc/modules/ec/common/extpower_common.c.obj
[caboc:rw] [322/380] Building C object modules/ec/zephyr/CMakeFiles/ec_shim.dir/shim/src/led_driver/led_pwm.c.obj
[rex-ish-ec:ro] [407/428] Building C object zephyr/kernel/CMakeFiles/kernel.dir/idle.c.obj
[rex-ish-ec:ro] [408/428] Building C object zephyr/kernel/CMakeFiles/kernel.dir/msg_q.c.obj
[caboc:ro] [301/380] Building C object CMakeFiles/app.dir/mnt/host/source/src/platform/ec/build/zephyr/caboc/modules/ec/common/extpower_gpio.c.obj
[rex-ish-ec:ro] [409/428] Building C object zephyr/kernel/CMakeFiles/kernel.dir/mailbox.c.obj
[rex-ish-ec:ro] [410/428] Building C object zephyr/kernel/CMakeFiles/kernel.dir/queue.c.obj
[caboc:rw] [323/380] Building C object modules/ec/zephyr/CMakeFiles/ec_shim.dir/shim/src/system.c.obj
[caboc:rw] [324/380] Building C object modules/ec/zephyr/CMakeFiles/ec_shim.dir/shim/src/adc.c.obj
[caboc:rw] [325/380] Building C object modules/ec/zephyr/CMakeFiles/ec_shim.dir/shim/src/battery.c.obj
[caboc:rw] [326/380] Building C object modules/ec/zephyr/CMakeFiles/ec_shim.dir/shim/src/pdc_shim.c.obj
[rex-ish-ec:ro] [411/428] Building C object zephyr/kernel/CMakeFiles/kernel.dir/mutex.c.obj
[caboc:rw] [327/380] Building C object modules/ec/zephyr/CMakeFiles/ec_shim.dir/shim/src/charger.c.obj
[caboc:ro] [302/380] Building C object CMakeFiles/app.dir/mnt/host/source/src/platform/ec/build/zephyr/caboc/modules/ec/common/fan.c.obj
[caboc:ro] [303/380] Building C object CMakeFiles/app.dir/mnt/host/source/src/platform/ec/build/zephyr/caboc/modules/ec/common/flash.c.obj
[caboc:ro] [304/380] Building C object CMakeFiles/app.dir/mnt/host/source/src/platform/ec/build/zephyr/caboc/modules/ec/common/host_command.c.obj
[caboc:rw] [328/380] Building C object modules/ec/zephyr/CMakeFiles/ec_shim.dir/shim/src/chipset_api.c.obj
[caboc:ro] [305/380] Building C object CMakeFiles/app.dir/mnt/host/source/src/platform/ec/build/zephyr/caboc/modules/ec/common/host_command_task.c.obj
[rex-ish-ec:ro] [412/428] Building C object zephyr/kernel/CMakeFiles/kernel.dir/sem.c.obj
[rex-ish-ec:ro] [413/428] Building C object zephyr/kernel/CMakeFiles/kernel.dir/system_work_q.c.obj
[rex-ish-ec:ro] [414/428] Building C object zephyr/kernel/CMakeFiles/kernel.dir/stack.c.obj
[caboc:ro] [306/380] Building C object CMakeFiles/app.dir/mnt/host/source/src/platform/ec/build/zephyr/caboc/modules/ec/common/host_event_commands.c.obj
[caboc:rw] [329/380] Building C object modules/ec/zephyr/CMakeFiles/ec_shim.dir/shim/src/host_command.c.obj
[caboc:rw] [330/380] Building C object modules/ec/zephyr/CMakeFiles/ec_shim.dir/shim/src/hooks.c.obj
[caboc:rw] [331/380] Building C object modules/ec/zephyr/CMakeFiles/ec_shim.dir/shim/src/flash.c.obj
[rex-ish-ec:ro] [415/428] Building C object zephyr/kernel/CMakeFiles/kernel.dir/work.c.obj
[rex-ish-ec:ro] [416/428] Building C object zephyr/kernel/CMakeFiles/kernel.dir/condvar.c.obj
[caboc:ro] [307/380] Building C object CMakeFiles/app.dir/mnt/host/source/src/platform/ec/build/zephyr/caboc/modules/ec/common/uart_hostcmd.c.obj
[caboc:ro] [308/380] Building C object CMakeFiles/app.dir/mnt/host/source/src/platform/ec/build/zephyr/caboc/modules/ec/common/uptime.c.obj
[caboc:rw] [332/380] Building C object modules/ec/zephyr/CMakeFiles/ec_shim.dir/shim/src/espi.c.obj
[caboc:rw] [333/380] Building C object modules/ec/zephyr/CMakeFiles/ec_shim.dir/shim/src/fan.c.obj
[caboc:rw] [334/380] Building C object modules/ec/zephyr/CMakeFiles/ec_shim.dir/shim/src/console_buffer.c.obj
[caboc:ro] [309/380] Building C object CMakeFiles/app.dir/mnt/host/source/src/platform/ec/build/zephyr/caboc/modules/ec/common/i2c_controller.c.obj
[rex-ish-ec:ro] [417/428] Building C object zephyr/kernel/CMakeFiles/kernel.dir/thread.c.obj
[caboc:ro] [310/380] Building C object CMakeFiles/app.dir/mnt/host/source/src/platform/ec/build/zephyr/caboc/modules/ec/common/i2c_passthru.c.obj
[rex-ish-ec:ro] [418/428] Building C object zephyr/kernel/CMakeFiles/kernel.dir/pipe.c.obj
[rex-ish-ec:ro] [419/428] Building C object zephyr/kernel/CMakeFiles/kernel.dir/sched.c.obj
[caboc:rw] [335/380] Building C object modules/ec/zephyr/CMakeFiles/ec_shim.dir/shim/src/panic.c.obj
[rex-ish-ec:ro] [420/428] Building C object zephyr/kernel/CMakeFiles/kernel.dir/spinlock_validate.c.obj
[caboc:rw] [336/380] Building C object modules/ec/zephyr/CMakeFiles/ec_shim.dir/shim/src/mkbp_event.c.obj
[caboc:ro] [311/380] Building C object CMakeFiles/app.dir/mnt/host/source/src/platform/ec/build/zephyr/caboc/modules/ec/common/keyboard_8042.c.obj
[caboc:ro] [312/380] Building C object CMakeFiles/app.dir/mnt/host/source/src/platform/ec/build/zephyr/caboc/modules/ec/common/keyboard_8042_sharedlib.c.obj
[caboc:rw] [337/380] Building C object modules/ec/zephyr/CMakeFiles/ec_shim.dir/shim/src/thermal.c.obj
[caboc:rw] [338/380] Building C object modules/ec/zephyr/CMakeFiles/ec_shim.dir/shim/src/pwm_hc.c.obj
[caboc:ro] [313/380] Building C object CMakeFiles/app.dir/mnt/host/source/src/platform/ec/build/zephyr/caboc/modules/ec/common/mkbp_fifo.c.obj
[rex-ish-ec:ro] [421/428] Building C object zephyr/kernel/CMakeFiles/kernel.dir/thread_monitor.c.obj
[caboc:rw] [339/380] Building C object modules/ec/zephyr/CMakeFiles/ec_shim.dir/shim/src/hwtimer.c.obj
[caboc:rw] [340/380] Building C object modules/ec/zephyr/CMakeFiles/ec_shim.dir/shim/src/temp_sensors.c.obj
[caboc:ro] [314/380] Building C object CMakeFiles/app.dir/mnt/host/source/src/platform/ec/build/zephyr/caboc/modules/ec/common/mkbp_info.c.obj
[rex-ish-ec:ro] [422/428] Building C object zephyr/kernel/CMakeFiles/kernel.dir/timeout.c.obj
[caboc:ro] [315/380] Building C object CMakeFiles/app.dir/mnt/host/source/src/platform/ec/build/zephyr/caboc/modules/ec/common/mkbp_input_devices.c.obj
[rex-ish-ec:ro] [423/428] Building C object zephyr/kernel/CMakeFiles/kernel.dir/timer.c.obj
[caboc:rw] [341/380] Building C object modules/ec/zephyr/CMakeFiles/ec_shim.dir/shim/src/i2c.c.obj
[rex-ish-ec:ro] [424/428] Building C object zephyr/kernel/CMakeFiles/kernel.dir/events.c.obj
[caboc:rw] [342/380] Building C object modules/ec/zephyr/CMakeFiles/ec_shim.dir/shim/src/usba.c.obj
[rex-ish-ec:ro] [425/428] Building C object zephyr/kernel/CMakeFiles/kernel.dir/poll.c.obj
[caboc:rw] [343/380] Building C object modules/ec/zephyr/CMakeFiles/ec_shim.dir/shim/src/tasks.c.obj
[rex-ish-ec:ro] [426/428] Building C object zephyr/kernel/CMakeFiles/kernel.dir/mempool.c.obj
[caboc:ro] [316/380] Building C object CMakeFiles/app.dir/mnt/host/source/src/platform/ec/build/zephyr/caboc/modules/ec/common/led_common.c.obj
[caboc:rw] [344/380] Building C object modules/ec/zephyr/CMakeFiles/ec_shim.dir/shim/src/watchdog.c.obj
[caboc:ro] [317/380] Building C object CMakeFiles/app.dir/mnt/host/source/src/platform/ec/build/zephyr/caboc/modules/ec/common/keyboard_backlight.c.obj
[caboc:rw] [345/380] Building C object modules/ec/zephyr/CMakeFiles/ec_shim.dir/shim/src/power_host_sleep_api.c.obj
[caboc:ro] [318/380] Building C object CMakeFiles/app.dir/mnt/host/source/src/platform/ec/build/zephyr/caboc/modules/ec/common/lid_switch.c.obj
[caboc:rw] [346/380] Building C object modules/ec/zephyr/CMakeFiles/ec_shim.dir/shim/src/sha256_hw.c.obj
Running (initial) lcov on /mnt/host/source/src/platform/ec/build/zephyr/nivviks.
[rex-ish-ec:ro] [427/428] Building C object zephyr/kernel/CMakeFiles/kernel.dir/dynamic_disabled.c.obj
[caboc:rw] [347/380] Linking C static library modules/ec/zephyr/libec_shim.a
[rex-ish-ec:ro] [428/428] Linking C static library zephyr/kernel/libkernel.a
[caboc:rw] [348/380] Building C object zephyr/kernel/CMakeFiles/kernel.dir/banner.c.obj
[caboc:ro] [319/380] Building C object CMakeFiles/app.dir/mnt/host/source/src/platform/ec/build/zephyr/caboc/modules/ec/common/mkbp_event.c.obj
Running (initial) lcov on /mnt/host/source/src/platform/ec/build/zephyr/rex-ish-ec.
[caboc:rw] [349/380] Building C object zephyr/kernel/CMakeFiles/kernel.dir/main_weak.c.obj
[caboc:ro] [320/380] Building C object CMakeFiles/app.dir/mnt/host/source/src/platform/ec/build/zephyr/caboc/modules/ec/common/port80.c.obj
Running `env -i PYTHONPATH=/usr/lib64/python-exec/python3.11:/mnt/host/source/src/platform/ec/zephyr/zmake:/usr/lib/python311.zip:/usr/lib/python3.11:/usr/lib/python3.11/lib-dynload:/usr/lib/python3.11/site-packages PW_PIGWEED_CIPD_INSTALL_DIR=/usr CROSTC_USER_ACKNOWLEDGES_THAT_RISCV_IS_EXPERIMENTAL=1 PATH=/mnt/host/source/chromite/bin:/usr/local/bin:/usr/bin:/bin:/opt/bin:/mnt/host/source/chromite/sdk/bin:/mnt/host/source/chromite/bin HOME=/home/jpmurphy JAVA_HOME=/etc/java-config-2/current-system-vm JDK_HOME=/etc/java-config-2/current-system-vm JAVAC=/etc/java-config-2/current-system-vm/bin/javac MAKEFLAGS=' -j16 --jobserver-auth=5,6' /usr/bin/lcov --gcov-tool /mnt/host/source/src/platform/ec/build/zephyr/nivviks/build-rw/gcov.sh -q -o - -c -d /mnt/host/source/src/platform/ec/build/zephyr/nivviks -t nivviks --rc branch_coverage=1 --filter range --ignore-errors inconsistent,source --ignore-errors gcov,gcov -i`
[caboc:rw] [350/380] Building C object zephyr/kernel/CMakeFiles/kernel.dir/busy_wait.c.obj
[caboc:rw] [351/380] Building C object zephyr/kernel/CMakeFiles/kernel.dir/errno.c.obj
Running `env -i PYTHONPATH=/usr/lib64/python-exec/python3.11:/mnt/host/source/src/platform/ec/zephyr/zmake:/usr/lib/python311.zip:/usr/lib/python3.11:/usr/lib/python3.11/lib-dynload:/usr/lib/python3.11/site-packages PW_PIGWEED_CIPD_INSTALL_DIR=/usr CROSTC_USER_ACKNOWLEDGES_THAT_RISCV_IS_EXPERIMENTAL=1 PATH=/mnt/host/source/chromite/bin:/usr/local/bin:/usr/bin:/bin:/opt/bin:/mnt/host/source/chromite/sdk/bin:/mnt/host/source/chromite/bin HOME=/home/jpmurphy JAVA_HOME=/etc/java-config-2/current-system-vm JDK_HOME=/etc/java-config-2/current-system-vm JAVAC=/etc/java-config-2/current-system-vm/bin/javac MAKEFLAGS=' -j16 --jobserver-auth=5,6' /usr/bin/lcov --gcov-tool /mnt/host/source/src/platform/ec/build/zephyr/rex-ish-ec/build-rw/gcov.sh -q -o - -c -d /mnt/host/source/src/platform/ec/build/zephyr/rex-ish-ec -t rex-ish-ec --rc branch_coverage=1 --filter range --ignore-errors inconsistent,source --ignore-errors gcov,gcov -i`
[caboc:rw] [352/380] Building C object zephyr/kernel/CMakeFiles/kernel.dir/device.c.obj
[caboc:ro] [321/380] Building C object CMakeFiles/app.dir/mnt/host/source/src/platform/ec/build/zephyr/caboc/modules/ec/common/power_button.c.obj
[caboc:rw] [353/380] Building C object zephyr/kernel/CMakeFiles/kernel.dir/version.c.obj
[caboc:rw] [354/380] Building C object zephyr/kernel/CMakeFiles/kernel.dir/fatal.c.obj
[caboc:ro] [322/380] Building C object CMakeFiles/app.dir/mnt/host/source/src/platform/ec/build/zephyr/caboc/modules/ec/power/hibernate.c.obj
[caboc:ro] [323/380] Building C object CMakeFiles/app.dir/mnt/host/source/src/platform/ec/build/zephyr/caboc/modules/ec/common/panic_output.c.obj
[caboc:ro] [324/380] Building C object CMakeFiles/app.dir/mnt/host/source/src/platform/ec/build/zephyr/caboc/modules/ec/common/shared_mem.c.obj
[caboc:ro] [325/380] Building C object CMakeFiles/app.dir/mnt/host/source/src/platform/ec/build/zephyr/caboc/modules/ec/common/switch.c.obj
[caboc:rw] [355/380] Building C object zephyr/kernel/CMakeFiles/kernel.dir/kheap.c.obj
[caboc:rw] [356/380] Building C object zephyr/kernel/CMakeFiles/kernel.dir/init.c.obj
[caboc:rw] [357/380] Building C object zephyr/kernel/CMakeFiles/kernel.dir/float.c.obj
[caboc:ro] [326/380] Building C object CMakeFiles/app.dir/mnt/host/source/src/platform/ec/build/zephyr/caboc/modules/ec/common/tablet_mode.c.obj
[caboc:rw] [358/380] Building C object zephyr/kernel/CMakeFiles/kernel.dir/mem_slab.c.obj
[caboc:ro] [327/380] Building C object CMakeFiles/app.dir/mnt/host/source/src/platform/ec/build/zephyr/caboc/modules/ec/common/thermal.c.obj
[caboc:rw] [359/380] Building C object zephyr/kernel/CMakeFiles/kernel.dir/idle.c.obj
[/mnt/host/source/src/platform/ec/build/zephyr/rex-ish-ec-lcov] geninfo: WARNING: (format) invalid characters removed from testname
[caboc:rw] [360/380] Building C object zephyr/kernel/CMakeFiles/kernel.dir/mailbox.c.obj
[/mnt/host/source/src/platform/ec/build/zephyr/nivviks-lcov] geninfo: WARNING: using JSON module "JSON::PP" - which is much slower than some alternatives.  Consider installing one of JSON::XS or Cpanel::JSON::XS
[caboc:rw] [361/380] Building C object zephyr/kernel/CMakeFiles/kernel.dir/msg_q.c.obj
[caboc:ro] [328/380] Building C object CMakeFiles/app.dir/mnt/host/source/src/platform/ec/build/zephyr/caboc/modules/ec/common/temp_sensor.c.obj
[/mnt/host/source/src/platform/ec/build/zephyr/rex-ish-ec-lcov] 	(use "geninfo --ignore-errors format,format ..." to suppress this warning)
[/mnt/host/source/src/platform/ec/build/zephyr/rex-ish-ec-lcov] geninfo: WARNING: using JSON module "JSON::PP" - which is much slower than some alternatives.  Consider installing one of JSON::XS or Cpanel::JSON::XS
[caboc:ro] [329/380] Building C object CMakeFiles/app.dir/mnt/host/source/src/platform/ec/build/zephyr/caboc/modules/ec/driver/temp_sensor/thermistor.c.obj
[caboc:ro] [330/380] Building C object CMakeFiles/app.dir/mnt/host/source/src/platform/ec/build/zephyr/caboc/modules/ec/common/timer.c.obj
[caboc:rw] [362/380] Building C object zephyr/kernel/CMakeFiles/kernel.dir/mutex.c.obj
[caboc:ro] [331/380] Building C object CMakeFiles/app.dir/mnt/host/source/src/platform/ec/build/zephyr/caboc/modules/ec/common/usb_port_power_dumb.c.obj
[caboc:rw] [363/380] Building C object zephyr/kernel/CMakeFiles/kernel.dir/queue.c.obj
[caboc:rw] [364/380] Building C object zephyr/kernel/CMakeFiles/kernel.dir/sem.c.obj
[caboc:rw] [365/380] Building C object zephyr/kernel/CMakeFiles/kernel.dir/stack.c.obj
[caboc:ro] [332/380] Building C object CMakeFiles/app.dir/mnt/host/source/src/platform/ec/build/zephyr/caboc/modules/ec/common/usbc_utils.c.obj
[caboc:rw] [366/380] Building C object zephyr/kernel/CMakeFiles/kernel.dir/system_work_q.c.obj
[caboc:ro] [333/380] Building C object CMakeFiles/app.dir/mnt/host/source/src/platform/ec/build/zephyr/caboc/modules/ec/common/usb_common.c.obj
[caboc:rw] [367/380] Building C object zephyr/kernel/CMakeFiles/kernel.dir/condvar.c.obj
[caboc:ro] [334/380] Building C object CMakeFiles/app.dir/mnt/host/source/src/platform/ec/build/zephyr/caboc/modules/ec/common/usb_pd_host_cmd_common.c.obj
[caboc:rw] [368/380] Building C object zephyr/kernel/CMakeFiles/kernel.dir/work.c.obj
[caboc:rw] [369/380] Building C object zephyr/kernel/CMakeFiles/kernel.dir/spinlock_validate.c.obj
[caboc:ro] [335/380] Building C object CMakeFiles/app.dir/mnt/host/source/src/platform/ec/build/zephyr/caboc/modules/ec/common/button.c.obj
[caboc:ro] [336/380] Building C object CMakeFiles/app.dir/mnt/host/source/src/platform/ec/build/zephyr/caboc/modules/ec/common/vboot_hash.c.obj
[caboc:rw] [370/380] Building C object zephyr/kernel/CMakeFiles/kernel.dir/thread_monitor.c.obj
[caboc:rw] [371/380] Building C object zephyr/kernel/CMakeFiles/kernel.dir/pipe.c.obj
[caboc:ro] [337/380] Building C object CMakeFiles/app.dir/mnt/host/source/src/platform/ec/build/zephyr/caboc/modules/ec/common/vstore.c.obj
[caboc:ro] [338/380] Building C object CMakeFiles/app.dir/mnt/host/source/src/platform/ec/build/zephyr/caboc/modules/ec/common/math_util.c.obj
[caboc:rw] [372/380] Building C object zephyr/kernel/CMakeFiles/kernel.dir/thread.c.obj
[caboc:ro] [339/380] Building C object CMakeFiles/app.dir/mnt/host/source/src/platform/ec/build/zephyr/caboc/modules/ec/common/vboot/efs2.c.obj
[caboc:ro] [340/380] Linking C static library modules/ec/zephyr/libec_shim.a
[caboc:rw] [373/380] Building C object zephyr/kernel/CMakeFiles/kernel.dir/sched.c.obj
[caboc:ro] [341/380] Building C object CMakeFiles/app.dir/src/board_power.c.obj
[/mnt/host/source/src/platform/ec/build/zephyr/nivviks-lcov] stderr:
[caboc:rw] [374/380] Building C object zephyr/kernel/CMakeFiles/kernel.dir/timeout.c.obj
Running (initial) lcov on /mnt/host/source/src/platform/ec/build/zephyr/matsu_it82000.
[/mnt/host/source/src/platform/ec/build/zephyr/rex-ish-ec-lcov] stderr:
[caboc:ro] [342/380] Building C object CMakeFiles/app.dir/caboc/src/thermal.c.obj
[caboc:rw] [375/380] Building C object zephyr/kernel/CMakeFiles/kernel.dir/timer.c.obj
[caboc:rw] [376/380] Building C object zephyr/kernel/CMakeFiles/kernel.dir/poll.c.obj
[caboc:rw] [377/380] Building C object zephyr/kernel/CMakeFiles/kernel.dir/events.c.obj
[/mnt/host/source/src/platform/ec/build/zephyr/nivviks-lcov]   /mnt/host/source/src/platform/ec/build/zephyr/nivviks/build-ro/modules/ec/zephyr/CMakeFiles/ec_shim.dir/shim/src/thermal.c.gcno:no functions found
[/mnt/host/source/src/platform/ec/build/zephyr/nivviks-lcov] stderr:
[caboc:rw] [378/380] Building C object zephyr/kernel/CMakeFiles/kernel.dir/mempool.c.obj
[/mnt/host/source/src/platform/ec/build/zephyr/rex-ish-ec-lcov]   /mnt/host/source/src/platform/ec/build/zephyr/rex-ish-ec/build-ro/modules/ec/zephyr/CMakeFiles/ec_shim.dir/shim/src/anx7452_usb_mux.c.gcno:no functions found
[/mnt/host/source/src/platform/ec/build/zephyr/rex-ish-ec-lcov] stderr:
Running `env -i PYTHONPATH=/usr/lib64/python-exec/python3.11:/mnt/host/source/src/platform/ec/zephyr/zmake:/usr/lib/python311.zip:/usr/lib/python3.11:/usr/lib/python3.11/lib-dynload:/usr/lib/python3.11/site-packages PW_PIGWEED_CIPD_INSTALL_DIR=/usr CROSTC_USER_ACKNOWLEDGES_THAT_RISCV_IS_EXPERIMENTAL=1 PATH=/mnt/host/source/chromite/bin:/usr/local/bin:/usr/bin:/bin:/opt/bin:/mnt/host/source/chromite/sdk/bin:/mnt/host/source/chromite/bin HOME=/home/jpmurphy JAVA_HOME=/etc/java-config-2/current-system-vm JDK_HOME=/etc/java-config-2/current-system-vm JAVAC=/etc/java-config-2/current-system-vm/bin/javac MAKEFLAGS=' -j16 --jobserver-auth=5,6' /usr/bin/lcov --gcov-tool /mnt/host/source/src/platform/ec/build/zephyr/matsu_it82000/build-rw/gcov.sh -q -o - -c -d /mnt/host/source/src/platform/ec/build/zephyr/matsu_it82000 -t matsu_it82000 --rc branch_coverage=1 --filter range --ignore-errors inconsistent,source --ignore-errors gcov,gcov -i`
[caboc:ro] [343/380] Building C object CMakeFiles/app.dir/src/suspend_resume.c.obj
Running (initial) lcov on /mnt/host/source/src/platform/ec/build/zephyr/pujjoga.
[caboc:rw] [379/380] Building C object zephyr/kernel/CMakeFiles/kernel.dir/dynamic_disabled.c.obj
[caboc:ro] [344/380] Building C object zephyr/kernel/CMakeFiles/kernel.dir/main_weak.c.obj
[caboc:ro] [345/380] Building C object CMakeFiles/app.dir/caboc/src/keyboard_customization.c.obj
[caboc:ro] [346/380] Building C object CMakeFiles/app.dir/src/hibernate.c.obj
[caboc:ro] [347/380] Building C object CMakeFiles/app.dir/src/usbc.c.obj
[/mnt/host/source/src/platform/ec/build/zephyr/nivviks-lcov]   /mnt/host/source/src/platform/ec/build/zephyr/nivviks/build-ro/modules/ec/zephyr/CMakeFiles/ec_shim.dir/shim/src/battery.c.gcno:no functions found
[/mnt/host/source/src/platform/ec/build/zephyr/nivviks-lcov] stderr:
[caboc:rw] [380/380] Linking C static library zephyr/kernel/libkernel.a
[caboc:ro] [348/380] Building C object zephyr/kernel/CMakeFiles/kernel.dir/version.c.obj
[/mnt/host/source/src/platform/ec/build/zephyr/rex-ish-ec-lcov]   /mnt/host/source/src/platform/ec/build/zephyr/rex-ish-ec/build-ro/modules/ec/zephyr/CMakeFiles/ec_shim.dir/shim/src/thermal.c.gcno:no functions found
[/mnt/host/source/src/platform/ec/build/zephyr/rex-ish-ec-lcov] stderr:
[caboc:ro] [349/380] Building C object zephyr/kernel/CMakeFiles/kernel.dir/banner.c.obj
[/mnt/host/source/src/platform/ec/build/zephyr/nivviks-lcov]   /mnt/host/source/src/platform/ec/build/zephyr/nivviks/build-ro/modules/ec/zephyr/CMakeFiles/ec_shim.dir/shim/src/charger.c.gcno:no functions found
[/mnt/host/source/src/platform/ec/build/zephyr/nivviks-lcov] stderr:
Running `env -i PYTHONPATH=/usr/lib64/python-exec/python3.11:/mnt/host/source/src/platform/ec/zephyr/zmake:/usr/lib/python311.zip:/usr/lib/python3.11:/usr/lib/python3.11/lib-dynload:/usr/lib/python3.11/site-packages PW_PIGWEED_CIPD_INSTALL_DIR=/usr CROSTC_USER_ACKNOWLEDGES_THAT_RISCV_IS_EXPERIMENTAL=1 PATH=/mnt/host/source/chromite/bin:/usr/local/bin:/usr/bin:/bin:/opt/bin:/mnt/host/source/chromite/sdk/bin:/mnt/host/source/chromite/bin HOME=/home/jpmurphy JAVA_HOME=/etc/java-config-2/current-system-vm JDK_HOME=/etc/java-config-2/current-system-vm JAVAC=/etc/java-config-2/current-system-vm/bin/javac MAKEFLAGS=' -j16 --jobserver-auth=5,6' /usr/bin/lcov --gcov-tool /mnt/host/source/src/platform/ec/build/zephyr/pujjoga/build-rw/gcov.sh -q -o - -c -d /mnt/host/source/src/platform/ec/build/zephyr/pujjoga -t pujjoga --rc branch_coverage=1 --filter range --ignore-errors inconsistent,source --ignore-errors gcov,gcov -i`
[caboc:ro] [350/380] Building C object zephyr/kernel/CMakeFiles/kernel.dir/busy_wait.c.obj
[caboc:ro] [351/380] Linking C static library app/libapp.a
[caboc:ro] [352/380] Building C object zephyr/kernel/CMakeFiles/kernel.dir/errno.c.obj
[caboc:ro] [353/380] Building C object zephyr/kernel/CMakeFiles/kernel.dir/fatal.c.obj
[caboc:ro] [354/380] Building C object zephyr/kernel/CMakeFiles/kernel.dir/device.c.obj
[/mnt/host/source/src/platform/ec/build/zephyr/rex-ish-ec-lcov]   /mnt/host/source/src/platform/ec/build/zephyr/rex-ish-ec/build-ro/modules/ec/zephyr/CMakeFiles/ec_shim.dir/shim/src/battery.c.gcno:no functions found
[/mnt/host/source/src/platform/ec/build/zephyr/rex-ish-ec-lcov] stderr:
[caboc:ro] [355/380] Building C object zephyr/kernel/CMakeFiles/kernel.dir/init.c.obj
[caboc:ro] [356/380] Building C object zephyr/kernel/CMakeFiles/kernel.dir/kheap.c.obj
[/mnt/host/source/src/platform/ec/build/zephyr/rex-ish-ec-lcov]   /mnt/host/source/src/platform/ec/build/zephyr/rex-ish-ec/build-ro/modules/ec/zephyr/CMakeFiles/ec_shim.dir/shim/src/charger.c.gcno:no functions found
[/mnt/host/source/src/platform/ec/build/zephyr/rex-ish-ec-lcov] stderr:
[caboc:ro] [357/380] Building C object zephyr/kernel/CMakeFiles/kernel.dir/float.c.obj
[caboc:ro] [358/380] Building C object zephyr/kernel/CMakeFiles/kernel.dir/mem_slab.c.obj
[caboc:ro] [359/380] Building C object zephyr/kernel/CMakeFiles/kernel.dir/idle.c.obj
[caboc:ro] [360/380] Building C object zephyr/kernel/CMakeFiles/kernel.dir/msg_q.c.obj
[caboc:ro] [361/380] Building C object zephyr/kernel/CMakeFiles/kernel.dir/mailbox.c.obj
[/mnt/host/source/src/platform/ec/build/zephyr/nivviks-lcov]   /mnt/host/source/src/platform/ec/build/zephyr/nivviks/build-ro/modules/ec/zephyr/CMakeFiles/ec_shim.dir/shim/src/usb_muxes.c.gcno:no functions found
[/mnt/host/source/src/platform/ec/build/zephyr/nivviks-lcov] stderr:
[caboc:ro] [362/380] Building C object zephyr/kernel/CMakeFiles/kernel.dir/mutex.c.obj
[caboc:ro] [363/380] Building C object zephyr/kernel/CMakeFiles/kernel.dir/queue.c.obj
[/mnt/host/source/src/platform/ec/build/zephyr/matsu_it82000-lcov] geninfo: WARNING: using JSON module "JSON::PP" - which is much slower than some alternatives.  Consider installing one of JSON::XS or Cpanel::JSON::XS
[caboc:ro] [364/380] Building C object zephyr/kernel/CMakeFiles/kernel.dir/system_work_q.c.obj
[caboc:ro] [365/380] Building C object zephyr/kernel/CMakeFiles/kernel.dir/sem.c.obj
[caboc:ro] [366/380] Building C object zephyr/kernel/CMakeFiles/kernel.dir/stack.c.obj
[/mnt/host/source/src/platform/ec/build/zephyr/pujjoga-lcov] geninfo: WARNING: using JSON module "JSON::PP" - which is much slower than some alternatives.  Consider installing one of JSON::XS or Cpanel::JSON::XS
[caboc:ro] [367/380] Building C object zephyr/kernel/CMakeFiles/kernel.dir/condvar.c.obj
[caboc:ro] [368/380] Building C object zephyr/kernel/CMakeFiles/kernel.dir/thread.c.obj
[caboc:ro] [369/380] Building C object zephyr/kernel/CMakeFiles/kernel.dir/work.c.obj
[helipilot:ro] Building: /usr/bin/ninja -C /mnt/host/source/src/platform/ec/build/zephyr/helipilot/build-ro all.libraries
Running `env -i SHELL=/bin/bash COLORTERM=truecolor DEPOT_TOOLS_UPDATE=0 LESS='-R -M --shift 5' SUDO_GID=0 JDK_HOME=/etc/java-config-2/current-system-vm CONFIG_PROTECT_MASK='/etc/gentoo-release /etc/sandbox.d /etc/fonts/fonts.conf /etc/terminfo /etc/ca-certificates.conf /etc/revdep-rebuild' CHROMEOS_CACHEDIR=/var/cache/chromeos-cache JAVA_HOME=/etc/java-config-2/current-system-vm SSH_AUTH_SOCK=/tmp/ssh-auth-sock SUDO_COMMAND=/bin/bash SUDO_USER=root SUDO_TTY=/dev/pts/2 EDITOR=/usr/bin/vi PWD=/mnt/host/source/src/platform/ec CONFIG_PROTECT=/usr/share/gnupg/qualified.txt LOGNAME=jpmurphy MANPATH=/etc/java-config-2/current-system-vm/man:/usr/local/share/man:/usr/share/man:/usr/share/gcc-data/x86_64-pc-linux-gnu/10.2.0/man:/usr/share/binutils-data/x86_64-pc-linux-gnu/2.45/man:/etc/java-config-2/current-system-vm/man/ SUDO_HOME=/root XAUTHORITY=/run/user/944457/gdm/Xauthority HOME=/home/jpmurphy LANG=C.UTF-8 LS_COLORS='rs=0:di=01;34:ln=01;36:mh=00:pi=40;33:so=01;35:do=01;35:bd=40;33;01:cd=40;33;01:or=01;05;37;41:mi=01;05;37;41:su=37;41:sg=30;43:ca=30;41:tw=30;42:ow=34;42:st=37;44:ex=01;32:*.tar=01;31:*.tgz=01;31:*.arc=01;31:*.arj=01;31:*.taz=01;31:*.lha=01;31:*.lz4=01;31:*.lzh=01;31:*.lzma=01;31:*.tlz=01;31:*.txz=01;31:*.tzo=01;31:*.t7z=01;31:*.zip=01;31:*.z=01;31:*.dz=01;31:*.gz=01;31:*.lrz=01;31:*.lz=01;31:*.lzo=01;31:*.xz=01;31:*.zst=01;31:*.tzst=01;31:*.bz2=01;31:*.bz=01;31:*.tbz=01;31:*.tbz2=01;31:*.tz=01;31:*.deb=01;31:*.rpm=01;31:*.jar=01;31:*.war=01;31:*.ear=01;31:*.sar=01;31:*.rar=01;31:*.alz=01;31:*.ace=01;31:*.zoo=01;31:*.cpio=01;31:*.7z=01;31:*.rz=01;31:*.cab=01;31:*.wim=01;31:*.swm=01;31:*.dwm=01;31:*.esd=01;31:*.jpg=01;35:*.jpeg=01;35:*.mjpg=01;35:*.mjpeg=01;35:*.gif=01;35:*.bmp=01;35:*.pbm=01;35:*.pgm=01;35:*.ppm=01;35:*.tga=01;35:*.xbm=01;35:*.xpm=01;35:*.tif=01;35:*.tiff=01;35:*.png=01;35:*.svg=01;35:*.svgz=01;35:*.mng=01;35:*.pcx=01;35:*.mov=01;35:*.mpg=01;35:*.mpeg=01;35:*.m2v=01;35:*.mkv=01;35:*.webm=01;35:*.webp=01;35:*.ogm=01;35:*.mp4=01;35:*.m4v=01;35:*.mp4v=01;35:*.vob=01;35:*.qt=01;35:*.nuv=01;35:*.wmv=01;35:*.asf=01;35:*.rm=01;35:*.rmvb=01;35:*.flc=01;35:*.avi=01;35:*.fli=01;35:*.flv=01;35:*.gl=01;35:*.dl=01;35:*.xcf=01;35:*.xwd=01;35:*.yuv=01;35:*.cgm=01;35:*.emf=01;35:*.ogv=01;35:*.ogx=01;35:*.cfg=00;32:*.conf=00;32:*.diff=00;32:*.doc=00;32:*.ini=00;32:*.log=00;32:*.patch=00;32:*.pdf=00;32:*.ps=00;32:*.tex=00;32:*.txt=00;32:*.aac=00;36:*.au=00;36:*.flac=00;36:*.m4a=00;36:*.mid=00;36:*.midi=00;36:*.mka=00;36:*.mp3=00;36:*.mpc=00;36:*.ogg=00;36:*.ra=00;36:*.wav=00;36:*.oga=00;36:*.opus=00;36:*.spx=00;36:*.xspf=00;36:' XDG_CURRENT_DESKTOP=GNOME INFOPATH=/usr/share/info:/usr/share/gcc-data/x86_64-pc-linux-gnu/10.2.0/info:/usr/share/binutils-data/x86_64-pc-linux-gnu/2.45/info:/usr/share/automake-1.16.5/info JAVAC=/etc/java-config-2/current-system-vm/bin/javac TERM=xterm-256color LESSOPEN='|lesspipe %s' USER=jpmurphy CROS_WORKON_SRCROOT=/mnt/host/source MANPAGER=manpager DISPLAY=:1 SHLVL=1 LC_MESSAGES=C EXTERNAL_TRUNK_PATH=/mnt/8f9d649a-3721-44cc-93c0-e6bd21a9689f/chromiumos GCC_SPECS='' PATH=/mnt/host/source/chromite/bin:/usr/local/bin:/usr/bin:/bin:/opt/bin:/mnt/host/source/chromite/sdk/bin:/mnt/host/source/chromite/bin PORTAGE_USERNAME=jpmurphy SUDO_UID=0 GCC_VER=10.2.0 MAIL=/var/mail/jpmurphy OLDPWD=/mnt/host/source/src/scripts traceparent=00-e87aca51550a78635907baa6a2476181-6d684811675d2973-01 _=./zephyr/firmware_builder.py COREBOOT_SDK_ROOT_x86=/home/jpmurphy/.cache/coreboot-sdk/i386-elf/dfbb0486385d938cfa9d73080b9d18d598ed4f49 COREBOOT_SDK_ROOT_picolibc_x86=/home/jpmurphy/.cache/coreboot-sdk/picolibc-i386-elf/eb8e8e687b95461de8cbf278f1c2076952d0ad17 COREBOOT_SDK_ROOT_riscv64=/home/jpmurphy/.cache/coreboot-sdk/riscv64-elf/96b949749225b6aaa92ed810ab769e8dfb12f000 COREBOOT_SDK_ROOT_picolibc_arm=/home/jpmurphy/.cache/coreboot-sdk/picolibc-arm-eabi/422a2aa3e1ef891b5bece9a3deb696ff83840d2e COREBOOT_SDK_ROOT_nds32=/home/jpmurphy/.cache/coreboot-sdk/nds32le-elf/d1a518c4a097666d86058e1444f85ca015d15511 COREBOOT_SDK_ROOT_picolibc_riscv64=/home/jpmurphy/.cache/coreboot-sdk/picolibc-riscv64-elf/f571e990ef0278564b31124f8bb109d9a697eb69 COREBOOT_SDK_ROOT_arm=/home/jpmurphy/.cache/coreboot-sdk/arm-eabi/ea40ddd1d190c3b48435c474c0b545719371813a COREBOOT_SDK_ROOT_libstdcxx_riscv64=/home/jpmurphy/.cache/coreboot-sdk/libstdcxx-riscv64-elf/17abf22a3a252e2d5d2062ced5324f7a623689e0 COREBOOT_SDK_ROOT_libstdcxx_arm=/home/jpmurphy/.cache/coreboot-sdk/libstdcxx-arm-eabi/5d7d82e150e44aa1968f1d366e267e6687b328ac COREBOOT_SDK_ROOT_riscv=/home/jpmurphy/.cache/coreboot-sdk/riscv-elf/9a27b9e82341c6e9126624f516ab3f261abb3e73 COREBOOT_SDK_ROOT_libstdcxx_x86=/home/jpmurphy/.cache/coreboot-sdk/libstdcxx-i386-elf/42ef9d2e87a76a37963175d7d428734e65648b87 PYTHONPATH=/mnt/host/source/src/platform/ec/zephyr/zmake PW_PIGWEED_CIPD_INSTALL_DIR=/usr CROSTC_USER_ACKNOWLEDGES_THAT_RISCV_IS_EXPERIMENTAL=1 MAKEFLAGS=' -j16 --jobserver-auth=5,6' /usr/bin/ninja -C /mnt/host/source/src/platform/ec/build/zephyr/helipilot/build-ro all.libraries`
[helipilot:ro] ninja: Entering directory `/mnt/host/source/src/platform/ec/build/zephyr/helipilot/build-ro'
[/mnt/host/source/src/platform/ec/build/zephyr/rex-ish-ec-lcov]   /mnt/host/source/src/platform/ec/build/zephyr/rex-ish-ec/build-ro/modules/ec/zephyr/CMakeFiles/ec_shim.dir/shim/src/usb_muxes.c.gcno:no functions found
[/mnt/host/source/src/platform/ec/build/zephyr/rex-ish-ec-lcov] stderr:
Toolchain <zmake.toolchains.CorebootSdkToolchain object at 0x7f414307b910> selected by probe function.
[ocelotrvp-ite] Building in /mnt/host/source/src/platform/ec/build/zephyr/ocelotrvp-ite.
[caboc:ro] [370/380] Building C object zephyr/kernel/CMakeFiles/kernel.dir/pipe.c.obj
[caboc:ro] [371/380] Building C object zephyr/kernel/CMakeFiles/kernel.dir/spinlock_validate.c.obj
[ocelotrvp-ite:rw] Configuring.
Running `env -i PYTHONPATH=/usr/lib64/python-exec/python3.11:/mnt/host/source/src/platform/ec/zephyr/zmake:/usr/lib/python311.zip:/usr/lib/python3.11:/usr/lib/python3.11/lib-dynload:/usr/lib/python3.11/site-packages PW_PIGWEED_CIPD_INSTALL_DIR=/usr CROSTC_USER_ACKNOWLEDGES_THAT_RISCV_IS_EXPERIMENTAL=1 PATH=/mnt/host/source/chromite/bin:/usr/local/bin:/usr/bin:/bin:/opt/bin:/mnt/host/source/chromite/sdk/bin:/mnt/host/source/chromite/bin HOME=/home/jpmurphy JAVA_HOME=/etc/java-config-2/current-system-vm JDK_HOME=/etc/java-config-2/current-system-vm JAVAC=/etc/java-config-2/current-system-vm/bin/javac MAKEFLAGS=' -j16 --jobserver-auth=5,6' /usr/bin/cmake -S /mnt/host/source/src/platform/ec/zephyr/program/ocelot -B /mnt/host/source/src/platform/ec/build/zephyr/ocelotrvp-ite/build-rw -GNinja -DCMAKE_EXPORT_COMPILE_COMMANDS=ON -DZEPHYR_BASE=/mnt/host/source/src/third_party/zephyr/main -DZMAKE_INCLUDE_DIR=/mnt/host/source/src/platform/ec/build/zephyr/ocelotrvp-ite/include -DPython3_EXECUTABLE=/usr/bin/python3.11 -DDTS_ROOT=/mnt/host/source/src/platform/ec/zephyr -DSYSCALL_INCLUDE_DIRS=/mnt/host/source/src/platform/ec/zephyr/include/drivers -DUSER_CACHE_DIR=/mnt/host/source/src/platform/ec/build/zephyr/user-cache -DPW_ROOT=/mnt/host/source/src/third_party/pigweed -DNANOPB_DIR=/mnt/host/source/src/third_party/zephyr/nanopb '-DEXTRA_EC_VERSION_FLAGS=--version 16543.0.0 --static' -DTOOLCHAIN_ROOT=/mnt/host/source/src/platform/ec/zephyr -DCOREBOOT_SDK_ROOT_x86=/home/jpmurphy/.cache/coreboot-sdk/i386-elf/dfbb0486385d938cfa9d73080b9d18d598ed4f49 -DCOREBOOT_SDK_ROOT_picolibc_x86=/home/jpmurphy/.cache/coreboot-sdk/picolibc-i386-elf/eb8e8e687b95461de8cbf278f1c2076952d0ad17 -DCOREBOOT_SDK_ROOT_riscv64=/home/jpmurphy/.cache/coreboot-sdk/riscv64-elf/96b949749225b6aaa92ed810ab769e8dfb12f000 -DCOREBOOT_SDK_ROOT_picolibc_arm=/home/jpmurphy/.cache/coreboot-sdk/picolibc-arm-eabi/422a2aa3e1ef891b5bece9a3deb696ff83840d2e -DCOREBOOT_SDK_ROOT_nds32=/home/jpmurphy/.cache/coreboot-sdk/nds32le-elf/d1a518c4a097666d86058e1444f85ca015d15511 -DCOREBOOT_SDK_ROOT_picolibc_riscv64=/home/jpmurphy/.cache/coreboot-sdk/picolibc-riscv64-elf/f571e990ef0278564b31124f8bb109d9a697eb69 -DCOREBOOT_SDK_ROOT_arm=/home/jpmurphy/.cache/coreboot-sdk/arm-eabi/ea40ddd1d190c3b48435c474c0b545719371813a -DCOREBOOT_SDK_ROOT_libstdcxx_riscv64=/home/jpmurphy/.cache/coreboot-sdk/libstdcxx-riscv64-elf/17abf22a3a252e2d5d2062ced5324f7a623689e0 -DCOREBOOT_SDK_ROOT_libstdcxx_arm=/home/jpmurphy/.cache/coreboot-sdk/libstdcxx-arm-eabi/5d7d82e150e44aa1968f1d366e267e6687b328ac -DCOREBOOT_SDK_ROOT_riscv=/home/jpmurphy/.cache/coreboot-sdk/riscv-elf/9a27b9e82341c6e9126624f516ab3f261abb3e73 -DCOREBOOT_SDK_ROOT_libstdcxx_x86=/home/jpmurphy/.cache/coreboot-sdk/libstdcxx-i386-elf/42ef9d2e87a76a37963175d7d428734e65648b87 -DZEPHYR_TOOLCHAIN_VARIANT=coreboot-sdk '-DZEPHYR_MODULES=/mnt/host/source/src/platform/ec/build/zephyr/ocelotrvp-ite/modules/cmsis;/mnt/host/source/src/platform/ec/build/zephyr/ocelotrvp-ite/modules/cmsis_6;/mnt/host/source/src/platform/ec/build/zephyr/ocelotrvp-ite/modules/ec;/mnt/host/source/src/platform/ec/build/zephyr/ocelotrvp-ite/modules/pigweed;/mnt/host/source/src/platform/ec/build/zephyr/ocelotrvp-ite/modules/nanopb' -DDTC_OVERLAY_FILE=/mnt/host/source/src/platform/ec/zephyr/program/ocelot/ocelotrvp-ite/project.overlay -DBOARD=it8xxx2/it82002aw -DCMAKE_C_FLAGS=-DSECTION_IS_RW '-DCONF_FILE=/mnt/host/source/src/platform/ec/zephyr/program/ocelot/program.conf;/mnt/host/source/src/platform/ec/zephyr/program/ocelot/rvp_program.conf;/mnt/host/source/src/platform/ec/zephyr/program/ocelot/dsp_comms.conf;/mnt/host/source/src/platform/ec/zephyr/program/ocelot/ocelotrvp-ite/project.conf;/mnt/host/source/src/platform/ec/build/zephyr/ocelotrvp-ite/kconfig-rw.conf'`
[helipilot:ro] [1/513] Preparing syscall dependency handling
[ocelotrvp-ite:rw] Loading Zephyr default modules (Zephyr base (cached)).
[ocelotrvp-ite:rw] -- Application: /mnt/host/source/src/platform/ec/zephyr/program/ocelot
[ocelotrvp-ite:rw] -- CMake version: 3.31.7
[/mnt/host/source/src/platform/ec/build/zephyr/rex-ish-ec-lcov]   /mnt/host/source/src/platform/ec/build/zephyr/rex-ish-ec/build-ro/modules/ec/zephyr/CMakeFiles/ec_shim.dir/shim/src/bb_retimer_usb_mux.c.gcno:no functions found
[/mnt/host/source/src/platform/ec/build/zephyr/rex-ish-ec-lcov] stderr:
[helipilot:ro] [2/513] Generating misc/generated/syscalls_subdirs.trigger
[caboc:ro] [372/380] Building C object zephyr/kernel/CMakeFiles/kernel.dir/thread_monitor.c.obj
[caboc:ro] [373/380] Building C object zephyr/kernel/CMakeFiles/kernel.dir/timer.c.obj
[ocelotrvp-ite:ro] Configuring.
Running `env -i PYTHONPATH=/usr/lib64/python-exec/python3.11:/mnt/host/source/src/platform/ec/zephyr/zmake:/usr/lib/python311.zip:/usr/lib/python3.11:/usr/lib/python3.11/lib-dynload:/usr/lib/python3.11/site-packages PW_PIGWEED_CIPD_INSTALL_DIR=/usr CROSTC_USER_ACKNOWLEDGES_THAT_RISCV_IS_EXPERIMENTAL=1 PATH=/mnt/host/source/chromite/bin:/usr/local/bin:/usr/bin:/bin:/opt/bin:/mnt/host/source/chromite/sdk/bin:/mnt/host/source/chromite/bin HOME=/home/jpmurphy JAVA_HOME=/etc/java-config-2/current-system-vm JDK_HOME=/etc/java-config-2/current-system-vm JAVAC=/etc/java-config-2/current-system-vm/bin/javac MAKEFLAGS=' -j16 --jobserver-auth=5,6' /usr/bin/cmake -S /mnt/host/source/src/platform/ec/zephyr/program/ocelot -B /mnt/host/source/src/platform/ec/build/zephyr/ocelotrvp-ite/build-ro -GNinja -DCMAKE_EXPORT_COMPILE_COMMANDS=ON -DZEPHYR_BASE=/mnt/host/source/src/third_party/zephyr/main -DZMAKE_INCLUDE_DIR=/mnt/host/source/src/platform/ec/build/zephyr/ocelotrvp-ite/include -DPython3_EXECUTABLE=/usr/bin/python3.11 -DDTS_ROOT=/mnt/host/source/src/platform/ec/zephyr -DSYSCALL_INCLUDE_DIRS=/mnt/host/source/src/platform/ec/zephyr/include/drivers -DUSER_CACHE_DIR=/mnt/host/source/src/platform/ec/build/zephyr/user-cache -DPW_ROOT=/mnt/host/source/src/third_party/pigweed -DNANOPB_DIR=/mnt/host/source/src/third_party/zephyr/nanopb '-DEXTRA_EC_VERSION_FLAGS=--version 16543.0.0 --static' -DTOOLCHAIN_ROOT=/mnt/host/source/src/platform/ec/zephyr -DCOREBOOT_SDK_ROOT_x86=/home/jpmurphy/.cache/coreboot-sdk/i386-elf/dfbb0486385d938cfa9d73080b9d18d598ed4f49 -DCOREBOOT_SDK_ROOT_picolibc_x86=/home/jpmurphy/.cache/coreboot-sdk/picolibc-i386-elf/eb8e8e687b95461de8cbf278f1c2076952d0ad17 -DCOREBOOT_SDK_ROOT_riscv64=/home/jpmurphy/.cache/coreboot-sdk/riscv64-elf/96b949749225b6aaa92ed810ab769e8dfb12f000 -DCOREBOOT_SDK_ROOT_picolibc_arm=/home/jpmurphy/.cache/coreboot-sdk/picolibc-arm-eabi/422a2aa3e1ef891b5bece9a3deb696ff83840d2e -DCOREBOOT_SDK_ROOT_nds32=/home/jpmurphy/.cache/coreboot-sdk/nds32le-elf/d1a518c4a097666d86058e1444f85ca015d15511 -DCOREBOOT_SDK_ROOT_picolibc_riscv64=/home/jpmurphy/.cache/coreboot-sdk/picolibc-riscv64-elf/f571e990ef0278564b31124f8bb109d9a697eb69 -DCOREBOOT_SDK_ROOT_arm=/home/jpmurphy/.cache/coreboot-sdk/arm-eabi/ea40ddd1d190c3b48435c474c0b545719371813a -DCOREBOOT_SDK_ROOT_libstdcxx_riscv64=/home/jpmurphy/.cache/coreboot-sdk/libstdcxx-riscv64-elf/17abf22a3a252e2d5d2062ced5324f7a623689e0 -DCOREBOOT_SDK_ROOT_libstdcxx_arm=/home/jpmurphy/.cache/coreboot-sdk/libstdcxx-arm-eabi/5d7d82e150e44aa1968f1d366e267e6687b328ac -DCOREBOOT_SDK_ROOT_riscv=/home/jpmurphy/.cache/coreboot-sdk/riscv-elf/9a27b9e82341c6e9126624f516ab3f261abb3e73 -DCOREBOOT_SDK_ROOT_libstdcxx_x86=/home/jpmurphy/.cache/coreboot-sdk/libstdcxx-i386-elf/42ef9d2e87a76a37963175d7d428734e65648b87 -DZEPHYR_TOOLCHAIN_VARIANT=coreboot-sdk '-DZEPHYR_MODULES=/mnt/host/source/src/platform/ec/build/zephyr/ocelotrvp-ite/modules/cmsis;/mnt/host/source/src/platform/ec/build/zephyr/ocelotrvp-ite/modules/cmsis_6;/mnt/host/source/src/platform/ec/build/zephyr/ocelotrvp-ite/modules/ec;/mnt/host/source/src/platform/ec/build/zephyr/ocelotrvp-ite/modules/pigweed;/mnt/host/source/src/platform/ec/build/zephyr/ocelotrvp-ite/modules/nanopb' -DDTC_OVERLAY_FILE=/mnt/host/source/src/platform/ec/zephyr/program/ocelot/ocelotrvp-ite/project.overlay -DBOARD=it8xxx2/it82002aw -DCMAKE_C_FLAGS=-DSECTION_IS_RO '-DCONF_FILE=/mnt/host/source/src/platform/ec/zephyr/program/ocelot/program.conf;/mnt/host/source/src/platform/ec/zephyr/program/ocelot/rvp_program.conf;/mnt/host/source/src/platform/ec/zephyr/program/ocelot/dsp_comms.conf;/mnt/host/source/src/platform/ec/zephyr/program/ocelot/ocelotrvp-ite/project.conf;/mnt/host/source/src/platform/ec/build/zephyr/ocelotrvp-ite/kconfig-ro.conf'`
[ocelotrvp-ite:ro] Loading Zephyr default modules (Zephyr base (cached)).
[ocelotrvp-ite:ro] -- Application: /mnt/host/source/src/platform/ec/zephyr/program/ocelot
[caboc:ro] [374/380] Building C object zephyr/kernel/CMakeFiles/kernel.dir/sched.c.obj
Toolchain <zmake.toolchains.CorebootSdkToolchain object at 0x7f412071a990> selected by probe function.
[bluey] Building in /mnt/host/source/src/platform/ec/build/zephyr/bluey.
[helipilot:ro] [3/513] cd /mnt/host/source/src/platform/ec/build/zephyr/helipilot/build-ro/modules/ec/zephyr && PYTHONPATH=/mnt/host/source/src/platform/ec/build/zephyr/helipilot/modules/ec/zephyr/zmake/ /usr/bin/python3.11 /mnt/host/source/src/platform/ec/build/zephyr/helipilot/modules/ec/zephyr/zmake/zephyr_build_tools/generate_ec_version.py /mnt/host/source/src/platform/ec/build/zephyr/helipilot/build-ro/modules/ec/zephyr/include/ec_version.h --name Zephyr-Kernel --version 16543.0.0 --static
[bluey:rw] Configuring.
Running `env -i PYTHONPATH=/usr/lib64/python-exec/python3.11:/mnt/host/source/src/platform/ec/zephyr/zmake:/usr/lib/python311.zip:/usr/lib/python3.11:/usr/lib/python3.11/lib-dynload:/usr/lib/python3.11/site-packages PW_PIGWEED_CIPD_INSTALL_DIR=/usr CROSTC_USER_ACKNOWLEDGES_THAT_RISCV_IS_EXPERIMENTAL=1 PATH=/mnt/host/source/chromite/bin:/usr/local/bin:/usr/bin:/bin:/opt/bin:/mnt/host/source/chromite/sdk/bin:/mnt/host/source/chromite/bin HOME=/home/jpmurphy JAVA_HOME=/etc/java-config-2/current-system-vm JDK_HOME=/etc/java-config-2/current-system-vm JAVAC=/etc/java-config-2/current-system-vm/bin/javac MAKEFLAGS=' -j16 --jobserver-auth=5,6' /usr/bin/cmake -S /mnt/host/source/src/platform/ec/zephyr/program/bluey -B /mnt/host/source/src/platform/ec/build/zephyr/bluey/build-rw -GNinja -DCMAKE_EXPORT_COMPILE_COMMANDS=ON -DZEPHYR_BASE=/mnt/host/source/src/third_party/zephyr/main -DZMAKE_INCLUDE_DIR=/mnt/host/source/src/platform/ec/build/zephyr/bluey/include -DPython3_EXECUTABLE=/usr/bin/python3.11 -DDTS_ROOT=/mnt/host/source/src/platform/ec/zephyr -DSYSCALL_INCLUDE_DIRS=/mnt/host/source/src/platform/ec/zephyr/include/drivers -DUSER_CACHE_DIR=/mnt/host/source/src/platform/ec/build/zephyr/user-cache '-DEXTRA_EC_VERSION_FLAGS=--version 16543.0.0 --static' -DTOOLCHAIN_ROOT=/mnt/host/source/src/platform/ec/zephyr -DCOREBOOT_SDK_ROOT_x86=/home/jpmurphy/.cache/coreboot-sdk/i386-elf/dfbb0486385d938cfa9d73080b9d18d598ed4f49 -DCOREBOOT_SDK_ROOT_picolibc_x86=/home/jpmurphy/.cache/coreboot-sdk/picolibc-i386-elf/eb8e8e687b95461de8cbf278f1c2076952d0ad17 -DCOREBOOT_SDK_ROOT_riscv64=/home/jpmurphy/.cache/coreboot-sdk/riscv64-elf/96b949749225b6aaa92ed810ab769e8dfb12f000 -DCOREBOOT_SDK_ROOT_picolibc_arm=/home/jpmurphy/.cache/coreboot-sdk/picolibc-arm-eabi/422a2aa3e1ef891b5bece9a3deb696ff83840d2e -DCOREBOOT_SDK_ROOT_nds32=/home/jpmurphy/.cache/coreboot-sdk/nds32le-elf/d1a518c4a097666d86058e1444f85ca015d15511 -DCOREBOOT_SDK_ROOT_picolibc_riscv64=/home/jpmurphy/.cache/coreboot-sdk/picolibc-riscv64-elf/f571e990ef0278564b31124f8bb109d9a697eb69 -DCOREBOOT_SDK_ROOT_arm=/home/jpmurphy/.cache/coreboot-sdk/arm-eabi/ea40ddd1d190c3b48435c474c0b545719371813a -DCOREBOOT_SDK_ROOT_libstdcxx_riscv64=/home/jpmurphy/.cache/coreboot-sdk/libstdcxx-riscv64-elf/17abf22a3a252e2d5d2062ced5324f7a623689e0 -DCOREBOOT_SDK_ROOT_libstdcxx_arm=/home/jpmurphy/.cache/coreboot-sdk/libstdcxx-arm-eabi/5d7d82e150e44aa1968f1d366e267e6687b328ac -DCOREBOOT_SDK_ROOT_riscv=/home/jpmurphy/.cache/coreboot-sdk/riscv-elf/9a27b9e82341c6e9126624f516ab3f261abb3e73 -DCOREBOOT_SDK_ROOT_libstdcxx_x86=/home/jpmurphy/.cache/coreboot-sdk/libstdcxx-i386-elf/42ef9d2e87a76a37963175d7d428734e65648b87 -DZEPHYR_TOOLCHAIN_VARIANT=coreboot-sdk '-DZEPHYR_MODULES=/mnt/host/source/src/platform/ec/build/zephyr/bluey/modules/cmsis;/mnt/host/source/src/platform/ec/build/zephyr/bluey/modules/cmsis_6;/mnt/host/source/src/platform/ec/build/zephyr/bluey/modules/ec' -DDTC_OVERLAY_FILE=/mnt/host/source/src/platform/ec/zephyr/program/bluey/bluey/project.overlay -DBOARD=npcx9/npcx9m7f -DCMAKE_C_FLAGS=-DSECTION_IS_RW '-DCONF_FILE=/mnt/host/source/src/platform/ec/zephyr/program/bluey/program.conf;/mnt/host/source/src/platform/ec/zephyr/program/bluey/bluey/project.conf;/mnt/host/source/src/platform/ec/build/zephyr/bluey/kconfig-rw.conf'`
[bluey:rw] -- Application: /mnt/host/source/src/platform/ec/zephyr/program/bluey
[bluey:rw] Loading Zephyr default modules (Zephyr base (cached)).
[/mnt/host/source/src/platform/ec/build/zephyr/nivviks-lcov]   /mnt/host/source/src/platform/ec/build/zephyr/nivviks/build-ro/modules/ec/zephyr/CMakeFiles/ec_shim.dir/shim/src/usba.c.gcno:no functions found
[/mnt/host/source/src/platform/ec/build/zephyr/nivviks-lcov] stderr:
[caboc:ro] [375/380] Building C object zephyr/kernel/CMakeFiles/kernel.dir/timeout.c.obj
Running (initial) lcov on /mnt/host/source/src/platform/ec/build/zephyr/starmie.
[caboc:ro] [376/380] Building C object zephyr/kernel/CMakeFiles/kernel.dir/mempool.c.obj
[bluey:ro] Configuring.
Running `env -i PYTHONPATH=/usr/lib64/python-exec/python3.11:/mnt/host/source/src/platform/ec/zephyr/zmake:/usr/lib/python311.zip:/usr/lib/python3.11:/usr/lib/python3.11/lib-dynload:/usr/lib/python3.11/site-packages PW_PIGWEED_CIPD_INSTALL_DIR=/usr CROSTC_USER_ACKNOWLEDGES_THAT_RISCV_IS_EXPERIMENTAL=1 PATH=/mnt/host/source/chromite/bin:/usr/local/bin:/usr/bin:/bin:/opt/bin:/mnt/host/source/chromite/sdk/bin:/mnt/host/source/chromite/bin HOME=/home/jpmurphy JAVA_HOME=/etc/java-config-2/current-system-vm JDK_HOME=/etc/java-config-2/current-system-vm JAVAC=/etc/java-config-2/current-system-vm/bin/javac MAKEFLAGS=' -j16 --jobserver-auth=5,6' /usr/bin/cmake -S /mnt/host/source/src/platform/ec/zephyr/program/bluey -B /mnt/host/source/src/platform/ec/build/zephyr/bluey/build-ro -GNinja -DCMAKE_EXPORT_COMPILE_COMMANDS=ON -DZEPHYR_BASE=/mnt/host/source/src/third_party/zephyr/main -DZMAKE_INCLUDE_DIR=/mnt/host/source/src/platform/ec/build/zephyr/bluey/include -DPython3_EXECUTABLE=/usr/bin/python3.11 -DDTS_ROOT=/mnt/host/source/src/platform/ec/zephyr -DSYSCALL_INCLUDE_DIRS=/mnt/host/source/src/platform/ec/zephyr/include/drivers -DUSER_CACHE_DIR=/mnt/host/source/src/platform/ec/build/zephyr/user-cache '-DEXTRA_EC_VERSION_FLAGS=--version 16543.0.0 --static' -DTOOLCHAIN_ROOT=/mnt/host/source/src/platform/ec/zephyr -DCOREBOOT_SDK_ROOT_x86=/home/jpmurphy/.cache/coreboot-sdk/i386-elf/dfbb0486385d938cfa9d73080b9d18d598ed4f49 -DCOREBOOT_SDK_ROOT_picolibc_x86=/home/jpmurphy/.cache/coreboot-sdk/picolibc-i386-elf/eb8e8e687b95461de8cbf278f1c2076952d0ad17 -DCOREBOOT_SDK_ROOT_riscv64=/home/jpmurphy/.cache/coreboot-sdk/riscv64-elf/96b949749225b6aaa92ed810ab769e8dfb12f000 -DCOREBOOT_SDK_ROOT_picolibc_arm=/home/jpmurphy/.cache/coreboot-sdk/picolibc-arm-eabi/422a2aa3e1ef891b5bece9a3deb696ff83840d2e -DCOREBOOT_SDK_ROOT_nds32=/home/jpmurphy/.cache/coreboot-sdk/nds32le-elf/d1a518c4a097666d86058e1444f85ca015d15511 -DCOREBOOT_SDK_ROOT_picolibc_riscv64=/home/jpmurphy/.cache/coreboot-sdk/picolibc-riscv64-elf/f571e990ef0278564b31124f8bb109d9a697eb69 -DCOREBOOT_SDK_ROOT_arm=/home/jpmurphy/.cache/coreboot-sdk/arm-eabi/ea40ddd1d190c3b48435c474c0b545719371813a -DCOREBOOT_SDK_ROOT_libstdcxx_riscv64=/home/jpmurphy/.cache/coreboot-sdk/libstdcxx-riscv64-elf/17abf22a3a252e2d5d2062ced5324f7a623689e0 -DCOREBOOT_SDK_ROOT_libstdcxx_arm=/home/jpmurphy/.cache/coreboot-sdk/libstdcxx-arm-eabi/5d7d82e150e44aa1968f1d366e267e6687b328ac -DCOREBOOT_SDK_ROOT_riscv=/home/jpmurphy/.cache/coreboot-sdk/riscv-elf/9a27b9e82341c6e9126624f516ab3f261abb3e73 -DCOREBOOT_SDK_ROOT_libstdcxx_x86=/home/jpmurphy/.cache/coreboot-sdk/libstdcxx-i386-elf/42ef9d2e87a76a37963175d7d428734e65648b87 -DZEPHYR_TOOLCHAIN_VARIANT=coreboot-sdk '-DZEPHYR_MODULES=/mnt/host/source/src/platform/ec/build/zephyr/bluey/modules/cmsis;/mnt/host/source/src/platform/ec/build/zephyr/bluey/modules/cmsis_6;/mnt/host/source/src/platform/ec/build/zephyr/bluey/modules/ec' -DDTC_OVERLAY_FILE=/mnt/host/source/src/platform/ec/zephyr/program/bluey/bluey/project.overlay -DBOARD=npcx9/npcx9m7f -DCMAKE_C_FLAGS=-DSECTION_IS_RO '-DCONF_FILE=/mnt/host/source/src/platform/ec/zephyr/program/bluey/program.conf;/mnt/host/source/src/platform/ec/zephyr/program/bluey/bluey/project.conf;/mnt/host/source/src/platform/ec/build/zephyr/bluey/kconfig-ro.conf'`
[bluey:ro] Loading Zephyr default modules (Zephyr base (cached)).
[bluey:ro] -- Application: /mnt/host/source/src/platform/ec/zephyr/program/bluey
[bluey:ro] -- CMake version: 3.31.7
[caboc:ro] [377/380] Building C object zephyr/kernel/CMakeFiles/kernel.dir/poll.c.obj
[ptlrvp_npcx:ro] Configuring.
Running `env -i PYTHONPATH=/usr/lib64/python-exec/python3.11:/mnt/host/source/src/platform/ec/zephyr/zmake:/usr/lib/python311.zip:/usr/lib/python3.11:/usr/lib/python3.11/lib-dynload:/usr/lib/python3.11/site-packages PW_PIGWEED_CIPD_INSTALL_DIR=/usr CROSTC_USER_ACKNOWLEDGES_THAT_RISCV_IS_EXPERIMENTAL=1 PATH=/mnt/host/source/chromite/bin:/usr/local/bin:/usr/bin:/bin:/opt/bin:/mnt/host/source/chromite/sdk/bin:/mnt/host/source/chromite/bin HOME=/home/jpmurphy JAVA_HOME=/etc/java-config-2/current-system-vm JDK_HOME=/etc/java-config-2/current-system-vm JAVAC=/etc/java-config-2/current-system-vm/bin/javac MAKEFLAGS=' -j16 --jobserver-auth=5,6' /usr/bin/cmake -S /mnt/host/source/src/platform/ec/zephyr/program/intelrvp -B /mnt/host/source/src/platform/ec/build/zephyr/ptlrvp_npcx/build-ro -GNinja -DCMAKE_EXPORT_COMPILE_COMMANDS=ON -DZEPHYR_BASE=/mnt/host/source/src/third_party/zephyr/main -DZMAKE_INCLUDE_DIR=/mnt/host/source/src/platform/ec/build/zephyr/ptlrvp_npcx/include -DPython3_EXECUTABLE=/usr/bin/python3.11 -DDTS_ROOT=/mnt/host/source/src/platform/ec/zephyr -DSYSCALL_INCLUDE_DIRS=/mnt/host/source/src/platform/ec/zephyr/include/drivers -DUSER_CACHE_DIR=/mnt/host/source/src/platform/ec/build/zephyr/user-cache '-DEXTRA_EC_VERSION_FLAGS=--version 16543.0.0 --static' -DTOOLCHAIN_ROOT=/mnt/host/source/src/platform/ec/zephyr -DCOREBOOT_SDK_ROOT_x86=/home/jpmurphy/.cache/coreboot-sdk/i386-elf/dfbb0486385d938cfa9d73080b9d18d598ed4f49 -DCOREBOOT_SDK_ROOT_picolibc_x86=/home/jpmurphy/.cache/coreboot-sdk/picolibc-i386-elf/eb8e8e687b95461de8cbf278f1c2076952d0ad17 -DCOREBOOT_SDK_ROOT_riscv64=/home/jpmurphy/.cache/coreboot-sdk/riscv64-elf/96b949749225b6aaa92ed810ab769e8dfb12f000 -DCOREBOOT_SDK_ROOT_picolibc_arm=/home/jpmurphy/.cache/coreboot-sdk/picolibc-arm-eabi/422a2aa3e1ef891b5bece9a3deb696ff83840d2e -DCOREBOOT_SDK_ROOT_nds32=/home/jpmurphy/.cache/coreboot-sdk/nds32le-elf/d1a518c4a097666d86058e1444f85ca015d15511 -DCOREBOOT_SDK_ROOT_picolibc_riscv64=/home/jpmurphy/.cache/coreboot-sdk/picolibc-riscv64-elf/f571e990ef0278564b31124f8bb109d9a697eb69 -DCOREBOOT_SDK_ROOT_arm=/home/jpmurphy/.cache/coreboot-sdk/arm-eabi/ea40ddd1d190c3b48435c474c0b545719371813a -DCOREBOOT_SDK_ROOT_libstdcxx_riscv64=/home/jpmurphy/.cache/coreboot-sdk/libstdcxx-riscv64-elf/17abf22a3a252e2d5d2062ced5324f7a623689e0 -DCOREBOOT_SDK_ROOT_libstdcxx_arm=/home/jpmurphy/.cache/coreboot-sdk/libstdcxx-arm-eabi/5d7d82e150e44aa1968f1d366e267e6687b328ac -DCOREBOOT_SDK_ROOT_riscv=/home/jpmurphy/.cache/coreboot-sdk/riscv-elf/9a27b9e82341c6e9126624f516ab3f261abb3e73 -DCOREBOOT_SDK_ROOT_libstdcxx_x86=/home/jpmurphy/.cache/coreboot-sdk/libstdcxx-i386-elf/42ef9d2e87a76a37963175d7d428734e65648b87 -DZEPHYR_TOOLCHAIN_VARIANT=coreboot-sdk '-DZEPHYR_MODULES=/mnt/host/source/src/platform/ec/build/zephyr/ptlrvp_npcx/modules/cmsis;/mnt/host/source/src/platform/ec/build/zephyr/ptlrvp_npcx/modules/cmsis_6;/mnt/host/source/src/platform/ec/build/zephyr/ptlrvp_npcx/modules/ec' -DDTC_OVERLAY_FILE=/mnt/host/source/src/platform/ec/zephyr/program/intelrvp/ptlrvp/ptlrvp_npcx/project.overlay -DBOARD=npcx9/npcx9m7f -DCMAKE_C_FLAGS=-DSECTION_IS_RO '-DCONF_FILE=/mnt/host/source/src/platform/ec/zephyr/program/intelrvp/program.conf;/mnt/host/source/src/platform/ec/zephyr/program/intelrvp/ptlrvp/program.conf;/mnt/host/source/src/platform/ec/zephyr/program/intelrvp/ptlrvp/ptlrvp_npcx/project.conf;/mnt/host/source/src/platform/ec/zephyr/program/intelrvp/ptlrvp/pd.conf;/mnt/host/source/src/platform/ec/zephyr/program/intelrvp/zephyr_ap_pwrseq.conf;/mnt/host/source/src/platform/ec/build/zephyr/ptlrvp_npcx/kconfig-ro.conf'`
[ocelotrvp-ite:rw] -- Found Python3: /usr/bin/python3.11 (found suitable version "3.11.11", minimum required is "3.10") found components: Interpreter
[ocelotrvp-ite:rw] -- Cache files will be written to: /mnt/host/source/src/platform/ec/build/zephyr/user-cache
[ocelotrvp-ite:rw] -- Zephyr version: 4.3.99 (/mnt/host/source/src/third_party/zephyr/main)
[ptlrvp_npcx:ro] Loading Zephyr default modules (Zephyr base (cached)).
[ptlrvp_npcx:ro] -- Application: /mnt/host/source/src/platform/ec/zephyr/program/intelrvp
[ptlrvp_npcx:ro] -- CMake version: 3.31.7
[caboc:ro] [378/380] Building C object zephyr/kernel/CMakeFiles/kernel.dir/events.c.obj
[caboc:ro] [379/380] Building C object zephyr/kernel/CMakeFiles/kernel.dir/dynamic_disabled.c.obj
[/mnt/host/source/src/platform/ec/build/zephyr/rex-ish-ec-lcov]   /mnt/host/source/src/platform/ec/build/zephyr/rex-ish-ec/build-ro/modules/ec/zephyr/CMakeFiles/ec_shim.dir/shim/src/usba.c.gcno:no functions found
[/mnt/host/source/src/platform/ec/build/zephyr/rex-ish-ec-lcov] stderr:
[caboc:ro] [380/380] Linking C static library zephyr/kernel/libkernel.a
Running (initial) lcov on /mnt/host/source/src/platform/ec/build/zephyr/caboc.
[ocelotrvp-ite:ro] -- CMake version: 3.31.7
[ocelotrvp-ite:ro] -- Found Python3: /usr/bin/python3.11 (found suitable version "3.11.11", minimum required is "3.10") found components: Interpreter
[ocelotrvp-ite:ro] -- Cache files will be written to: /mnt/host/source/src/platform/ec/build/zephyr/user-cache
[ocelotrvp-ite:ro] -- Zephyr version: 4.3.99 (/mnt/host/source/src/third_party/zephyr/main)
[helipilot:ro] INFO:root:Using a static version string
[helipilot:ro] INFO:root:Version string: Zephyr-Kernel-16543.0.0
[helipilot:ro] INFO:root:Writing header to /mnt/host/source/src/platform/ec/build/zephyr/helipilot/build-ro/modules/ec/zephyr/include/ec_version.h
[helipilot:ro] [4/513] Generating include/generated/zephyr/version.h
[bluey:rw] -- CMake version: 3.31.7
[bluey:rw] -- Found Python3: /usr/bin/python3.11 (found suitable version "3.11.11", minimum required is "3.10") found components: Interpreter
[bluey:rw] -- Cache files will be written to: /mnt/host/source/src/platform/ec/build/zephyr/user-cache
[bluey:rw] -- Zephyr version: 4.3.99 (/mnt/host/source/src/third_party/zephyr/main)
Running `env -i PYTHONPATH=/usr/lib64/python-exec/python3.11:/mnt/host/source/src/platform/ec/zephyr/zmake:/usr/lib/python311.zip:/usr/lib/python3.11:/usr/lib/python3.11/lib-dynload:/usr/lib/python3.11/site-packages PW_PIGWEED_CIPD_INSTALL_DIR=/usr CROSTC_USER_ACKNOWLEDGES_THAT_RISCV_IS_EXPERIMENTAL=1 PATH=/mnt/host/source/chromite/bin:/usr/local/bin:/usr/bin:/bin:/opt/bin:/mnt/host/source/chromite/sdk/bin:/mnt/host/source/chromite/bin HOME=/home/jpmurphy JAVA_HOME=/etc/java-config-2/current-system-vm JDK_HOME=/etc/java-config-2/current-system-vm JAVAC=/etc/java-config-2/current-system-vm/bin/javac MAKEFLAGS=' -j16 --jobserver-auth=5,6' /usr/bin/lcov --gcov-tool /mnt/host/source/src/platform/ec/build/zephyr/starmie/build-rw/gcov.sh -q -o - -c -d /mnt/host/source/src/platform/ec/build/zephyr/starmie -t starmie --rc branch_coverage=1 --filter range --ignore-errors inconsistent,source --ignore-errors gcov,gcov -i`
[bluey:ro] -- Found Python3: /usr/bin/python3.11 (found suitable version "3.11.11", minimum required is "3.10") found components: Interpreter
[bluey:ro] -- Cache files will be written to: /mnt/host/source/src/platform/ec/build/zephyr/user-cache
[bluey:ro] -- Zephyr version: 4.3.99 (/mnt/host/source/src/third_party/zephyr/main)
[ptlrvp_npcx:ro] -- Found Python3: /usr/bin/python3.11 (found suitable version "3.11.11", minimum required is "3.10") found components: Interpreter
[ptlrvp_npcx:ro] -- Cache files will be written to: /mnt/host/source/src/platform/ec/build/zephyr/user-cache
[ptlrvp_npcx:ro] -- Zephyr version: 4.3.99 (/mnt/host/source/src/third_party/zephyr/main)
[/mnt/host/source/src/platform/ec/build/zephyr/pujjoga-lcov] stderr:
[/mnt/host/source/src/platform/ec/build/zephyr/matsu_it82000-lcov] stderr:
Running `env -i PYTHONPATH=/usr/lib64/python-exec/python3.11:/mnt/host/source/src/platform/ec/zephyr/zmake:/usr/lib/python311.zip:/usr/lib/python3.11:/usr/lib/python3.11/lib-dynload:/usr/lib/python3.11/site-packages PW_PIGWEED_CIPD_INSTALL_DIR=/usr CROSTC_USER_ACKNOWLEDGES_THAT_RISCV_IS_EXPERIMENTAL=1 PATH=/mnt/host/source/chromite/bin:/usr/local/bin:/usr/bin:/bin:/opt/bin:/mnt/host/source/chromite/sdk/bin:/mnt/host/source/chromite/bin HOME=/home/jpmurphy JAVA_HOME=/etc/java-config-2/current-system-vm JDK_HOME=/etc/java-config-2/current-system-vm JAVAC=/etc/java-config-2/current-system-vm/bin/javac MAKEFLAGS=' -j16 --jobserver-auth=5,6' /usr/bin/lcov --gcov-tool /mnt/host/source/src/platform/ec/build/zephyr/caboc/build-rw/gcov.sh -q -o - -c -d /mnt/host/source/src/platform/ec/build/zephyr/caboc -t caboc --rc branch_coverage=1 --filter range --ignore-errors inconsistent,source --ignore-errors gcov,gcov -i`
[/mnt/host/source/src/platform/ec/build/zephyr/pujjoga-lcov]   /mnt/host/source/src/platform/ec/build/zephyr/pujjoga/build-ro/modules/ec/zephyr/CMakeFiles/ec_shim.dir/shim/src/thermal.c.gcno:no functions found
[/mnt/host/source/src/platform/ec/build/zephyr/pujjoga-lcov] stderr:
[/mnt/host/source/src/platform/ec/build/zephyr/rex-ish-ec-lcov]   /mnt/host/source/src/platform/ec/build/zephyr/rex-ish-ec/build-ro/modules/ec/zephyr/CMakeFiles/ec_shim.dir/shim/src/kb8010_usb_mux.c.gcno:no functions found
[/mnt/host/source/src/platform/ec/build/zephyr/rex-ish-ec-lcov] stderr:
[helipilot:ro] -- git describe warned: warning: tag 'upstream/v2.7.99' is externally known as 'v2.7.99'
[helipilot:ro] -- Zephyr version: 4.3.99 (/mnt/host/source/src/third_party/zephyr/main)
[helipilot:ro] [5/513] Generating misc/generated/syscalls.json, misc/generated/struct_tags.json
[/mnt/host/source/src/platform/ec/build/zephyr/matsu_it82000-lcov]   /mnt/host/source/src/platform/ec/build/zephyr/matsu_it82000/build-ro/modules/ec/zephyr/CMakeFiles/ec_shim.dir/shim/src/thermal.c.gcno:no functions found
[/mnt/host/source/src/platform/ec/build/zephyr/matsu_it82000-lcov] stderr:
[helipilot:ro] [6/513] Generating include/generated/device-api-sections.ld, include/generated/device-api-sections.cmake
[helipilot:ro] [7/513] Generating include/generated/zephyr/syscall_dispatch.c, include/generated/zephyr/syscall_exports_llext.c, syscall_weakdefs_llext.c, include/generated/zephyr/syscall_list.h
[/mnt/host/source/src/platform/ec/build/zephyr/pujjoga-lcov]   /mnt/host/source/src/platform/ec/build/zephyr/pujjoga/build-ro/modules/ec/zephyr/CMakeFiles/ec_shim.dir/shim/src/battery.c.gcno:no functions found
[/mnt/host/source/src/platform/ec/build/zephyr/pujjoga-lcov] stderr:
[helipilot:ro] [8/513] Generating include/generated/zephyr/kobj-types-enum.h, include/generated/zephyr/otype-to-str.h, include/generated/zephyr/otype-to-size.h
[/mnt/host/source/src/platform/ec/build/zephyr/pujjoga-lcov]   /mnt/host/source/src/platform/ec/build/zephyr/pujjoga/build-ro/modules/ec/zephyr/CMakeFiles/ec_shim.dir/shim/src/charger.c.gcno:no functions found
[/mnt/host/source/src/platform/ec/build/zephyr/pujjoga-lcov] stderr:
[helipilot:ro] [9/513] Generating include/generated/zephyr/driver-validation.h
[/mnt/host/source/src/platform/ec/build/zephyr/matsu_it82000-lcov]   /mnt/host/source/src/platform/ec/build/zephyr/matsu_it82000/build-ro/modules/ec/zephyr/CMakeFiles/ec_shim.dir/shim/src/battery.c.gcno:no functions found
[/mnt/host/source/src/platform/ec/build/zephyr/matsu_it82000-lcov] stderr:
[helipilot:ro] [10/513] Building C object modules/ec/third_party/boringssl/build/CMakeFiles/crypto.dir/crypto/asn1/a_bool.c.obj
[helipilot:ro] [11/513] Building C object modules/ec/third_party/boringssl/build/CMakeFiles/crypto.dir/crypto/asn1/a_d2i_fp.c.obj
[/mnt/host/source/src/platform/ec/build/zephyr/starmie-lcov] geninfo: WARNING: using JSON module "JSON::PP" - which is much slower than some alternatives.  Consider installing one of JSON::XS or Cpanel::JSON::XS
[helipilot:ro] [12/513] Building C object modules/ec/third_party/boringssl/build/CMakeFiles/crypto.dir/crypto/asn1/a_dup.c.obj
[helipilot:ro] [13/513] Building C object modules/ec/third_party/boringssl/build/CMakeFiles/crypto.dir/crypto/asn1/a_gentm.c.obj
[ocelotrvp-ite:rw] -- Board: it8xxx2, qualifiers: it82002aw
[/mnt/host/source/src/platform/ec/build/zephyr/caboc-lcov] geninfo: WARNING: using JSON module "JSON::PP" - which is much slower than some alternatives.  Consider installing one of JSON::XS or Cpanel::JSON::XS
[ocelotrvp-ite:ro] -- Board: it8xxx2, qualifiers: it82002aw
[helipilot:ro] [14/513] Building C object modules/ec/third_party/boringssl/build/CMakeFiles/crypto.dir/crypto/asn1/a_i2d_fp.c.obj
[bluey:ro] -- Board: npcx9, qualifiers: npcx9m7f
[helipilot:ro] [15/513] Building C object zephyr/CMakeFiles/offsets.dir/arch/arm/core/offsets/offsets.c.obj
[/mnt/host/source/src/platform/ec/build/zephyr/matsu_it82000-lcov]   /mnt/host/source/src/platform/ec/build/zephyr/matsu_it82000/build-ro/modules/ec/zephyr/CMakeFiles/ec_shim.dir/shim/src/charger.c.gcno:no functions found
[/mnt/host/source/src/platform/ec/build/zephyr/matsu_it82000-lcov] stderr:
[helipilot:ro] [16/513] Building C object modules/ec/third_party/boringssl/build/CMakeFiles/crypto.dir/crypto/asn1/a_bitstr.c.obj
[bluey:rw] -- Board: npcx9, qualifiers: npcx9m7f
[/mnt/host/source/src/platform/ec/build/zephyr/pujjoga-lcov]   /mnt/host/source/src/platform/ec/build/zephyr/pujjoga/build-ro/modules/ec/zephyr/CMakeFiles/ec_shim.dir/shim/src/usb_muxes.c.gcno:no functions found
[/mnt/host/source/src/platform/ec/build/zephyr/pujjoga-lcov] stderr:
[ptlrvp_npcx:ro] -- Board: npcx9, qualifiers: npcx9m7f
[helipilot:ro] [17/513] Building C object modules/ec/third_party/boringssl/build/CMakeFiles/crypto.dir/crypto/asn1/a_mbstr.c.obj
[helipilot:ro] [18/513] Generating include/generated/zephyr/offsets.h
[helipilot:ro] [19/513] Building C object modules/ec/third_party/boringssl/build/CMakeFiles/crypto.dir/crypto/asn1/a_octet.c.obj
[/mnt/host/source/src/platform/ec/build/zephyr/pujjoga-lcov]   /mnt/host/source/src/platform/ec/build/zephyr/pujjoga/build-ro/modules/ec/zephyr/CMakeFiles/ec_shim.dir/shim/src/usba.c.gcno:no functions found
[/mnt/host/source/src/platform/ec/build/zephyr/pujjoga-lcov] stderr:
[/mnt/host/source/src/platform/ec/build/zephyr/starmie-lcov] stderr:
[helipilot:ro] [20/513] Building C object modules/ec/third_party/boringssl/build/CMakeFiles/crypto.dir/crypto/asn1/a_int.c.obj
[helipilot:ro] [21/513] Building C object CMakeFiles/app.dir/mnt/host/source/src/platform/ec/zephyr/subsys/ap_pwrseq/ap_events.c.obj
[helipilot:ro] [22/513] Building C object modules/ec/third_party/boringssl/build/CMakeFiles/crypto.dir/crypto/asn1/a_object.c.obj
[/mnt/host/source/src/platform/ec/build/zephyr/nivviks-lcov]   /mnt/host/source/src/platform/ec/build/zephyr/nivviks/build-ro/modules/ec/zephyr/CMakeFiles/ec_shim.dir/shim/src/bc12.c.gcno:no functions found
[/mnt/host/source/src/platform/ec/build/zephyr/nivviks-lcov] stderr:
[/mnt/host/source/src/platform/ec/build/zephyr/starmie-lcov]   /mnt/host/source/src/platform/ec/build/zephyr/starmie/build-ro/modules/ec/zephyr/CMakeFiles/ec_shim.dir/shim/src/power.c.gcno:no functions found
[/mnt/host/source/src/platform/ec/build/zephyr/starmie-lcov] stderr:
[/mnt/host/source/src/platform/ec/build/zephyr/caboc-lcov] stderr:
[/mnt/host/source/src/platform/ec/build/zephyr/starmie-lcov]   /mnt/host/source/src/platform/ec/build/zephyr/starmie/build-ro/modules/ec/zephyr/CMakeFiles/ec_shim.dir/shim/src/thermal.c.gcno:no functions found
[/mnt/host/source/src/platform/ec/build/zephyr/starmie-lcov] stderr:
[helipilot:ro] [23/513] Building C object CMakeFiles/app.dir/mnt/host/source/src/platform/ec/build/zephyr/helipilot/modules/ec/builtin/stdlib.c.obj
[helipilot:ro] [24/513] Building C object modules/ec/third_party/boringssl/build/CMakeFiles/fipsmodule.dir/crypto/fipsmodule/bcm.c.obj
[/mnt/host/source/src/platform/ec/build/zephyr/starmie-lcov]   /mnt/host/source/src/platform/ec/build/zephyr/starmie/build-ro/modules/ec/zephyr/CMakeFiles/ec_shim.dir/shim/src/battery.c.gcno:no functions found
[/mnt/host/source/src/platform/ec/build/zephyr/starmie-lcov] stderr:
[/mnt/host/source/src/platform/ec/build/zephyr/starmie-lcov]   /mnt/host/source/src/platform/ec/build/zephyr/starmie/build-ro/modules/ec/zephyr/CMakeFiles/ec_shim.dir/shim/src/charger.c.gcno:no functions found
[/mnt/host/source/src/platform/ec/build/zephyr/starmie-lcov] stderr:
[/mnt/host/source/src/platform/ec/build/zephyr/caboc-lcov]   /mnt/host/source/src/platform/ec/build/zephyr/caboc/build-ro/modules/ec/zephyr/CMakeFiles/ec_shim.dir/shim/src/thermal.c.gcno:no functions found
[/mnt/host/source/src/platform/ec/build/zephyr/caboc-lcov] stderr:
[/mnt/host/source/src/platform/ec/build/zephyr/matsu_it82000-lcov]   /mnt/host/source/src/platform/ec/build/zephyr/matsu_it82000/build-ro/modules/ec/zephyr/CMakeFiles/ec_shim.dir/shim/src/usba.c.gcno:no functions found
[/mnt/host/source/src/platform/ec/build/zephyr/matsu_it82000-lcov] stderr:
[helipilot:ro] [25/513] Building C object CMakeFiles/app.dir/mnt/host/source/src/platform/ec/build/zephyr/helipilot/modules/ec/common/base32.c.obj
[/mnt/host/source/src/platform/ec/build/zephyr/starmie-lcov]   /mnt/host/source/src/platform/ec/build/zephyr/starmie/build-ro/modules/ec/zephyr/CMakeFiles/ec_shim.dir/shim/src/usb_muxes.c.gcno:no functions found
[/mnt/host/source/src/platform/ec/build/zephyr/starmie-lcov] stderr:
[ocelotrvp-ite:rw] -- Found Dtc: /usr/bin/dtc (found suitable version "1.6.0", minimum required is "1.4.6")
[ocelotrvp-ite:rw] -- Found BOARD.dts: /mnt/host/source/src/platform/ec/zephyr/boards/google/it8xxx2/it8xxx2_it82002aw.dts
[ocelotrvp-ite:rw] -- Found devicetree overlay: /mnt/host/source/src/platform/ec/zephyr/program/ocelot/ocelotrvp-ite/project.overlay
[helipilot:ro] [26/513] Building C object CMakeFiles/app.dir/mnt/host/source/src/platform/ec/build/zephyr/helipilot/modules/ec/common/ec_features.c.obj
[helipilot:ro] [27/513] Building C object CMakeFiles/app.dir/mnt/host/source/src/platform/ec/build/zephyr/helipilot/modules/ec/common/console_output.c.obj
[ocelotrvp-ite:ro] -- Found Dtc: /usr/bin/dtc (found suitable version "1.6.0", minimum required is "1.4.6")
[ocelotrvp-ite:ro] -- Found BOARD.dts: /mnt/host/source/src/platform/ec/zephyr/boards/google/it8xxx2/it8xxx2_it82002aw.dts
[ocelotrvp-ite:ro] -- Found devicetree overlay: /mnt/host/source/src/platform/ec/zephyr/program/ocelot/ocelotrvp-ite/project.overlay
[/mnt/host/source/src/platform/ec/build/zephyr/caboc-lcov]   /mnt/host/source/src/platform/ec/build/zephyr/caboc/build-ro/modules/ec/zephyr/CMakeFiles/ec_shim.dir/shim/src/battery.c.gcno:no functions found
[/mnt/host/source/src/platform/ec/build/zephyr/caboc-lcov] stderr:
[bluey:ro] -- Found Dtc: /usr/bin/dtc (found suitable version "1.6.0", minimum required is "1.4.6")
[bluey:ro] -- Found BOARD.dts: /mnt/host/source/src/platform/ec/zephyr/boards/google/npcx9/npcx9_npcx9m7f.dts
[bluey:ro] -- Found devicetree overlay: /mnt/host/source/src/platform/ec/zephyr/program/bluey/bluey/project.overlay
[bluey:rw] -- Found Dtc: /usr/bin/dtc (found suitable version "1.6.0", minimum required is "1.4.6")
[bluey:rw] -- Found BOARD.dts: /mnt/host/source/src/platform/ec/zephyr/boards/google/npcx9/npcx9_npcx9m7f.dts
[bluey:rw] -- Found devicetree overlay: /mnt/host/source/src/platform/ec/zephyr/program/bluey/bluey/project.overlay
[ptlrvp_npcx:ro] -- Found Dtc: /usr/bin/dtc (found suitable version "1.6.0", minimum required is "1.4.6")
[ptlrvp_npcx:ro] -- Found BOARD.dts: /mnt/host/source/src/platform/ec/zephyr/boards/google/npcx9/npcx9_npcx9m7f.dts
[ptlrvp_npcx:ro] -- Found devicetree overlay: /mnt/host/source/src/platform/ec/zephyr/program/intelrvp/ptlrvp/ptlrvp_npcx/project.overlay
[helipilot:ro] [28/513] Building C object CMakeFiles/app.dir/mnt/host/source/src/platform/ec/build/zephyr/helipilot/modules/ec/common/gpio_commands.c.obj
[/mnt/host/source/src/platform/ec/build/zephyr/rex-ish-ec-lcov]   /mnt/host/source/src/platform/ec/build/zephyr/rex-ish-ec/build-ro/modules/ec/zephyr/CMakeFiles/ec_shim.dir/shim/src/bc12.c.gcno:no functions found
[/mnt/host/source/src/platform/ec/build/zephyr/rex-ish-ec-lcov] stderr:
[helipilot:ro] [29/513] Building C object CMakeFiles/app.dir/mnt/host/source/src/platform/ec/build/zephyr/helipilot/modules/ec/common/peripheral.c.obj
[helipilot:ro] [30/513] Building C object CMakeFiles/app.dir/mnt/host/source/src/platform/ec/build/zephyr/helipilot/modules/ec/common/printf.c.obj
[helipilot:ro] [31/513] Building C object CMakeFiles/app.dir/mnt/host/source/src/platform/ec/build/zephyr/helipilot/modules/ec/common/queue.c.obj
[/mnt/host/source/src/platform/ec/build/zephyr/caboc-lcov]   /mnt/host/source/src/platform/ec/build/zephyr/caboc/build-ro/modules/ec/zephyr/CMakeFiles/ec_shim.dir/shim/src/charger.c.gcno:no functions found
[/mnt/host/source/src/platform/ec/build/zephyr/caboc-lcov] stderr:
[helipilot:ro] [32/513] Building C object CMakeFiles/app.dir/mnt/host/source/src/platform/ec/build/zephyr/helipilot/modules/ec/common/system.c.obj
[helipilot:ro] [33/513] Building C object CMakeFiles/app.dir/mnt/host/source/src/platform/ec/build/zephyr/helipilot/modules/ec/common/system_boot_time.c.obj
[helipilot:ro] [34/513] Building C object CMakeFiles/app.dir/mnt/host/source/src/platform/ec/build/zephyr/helipilot/modules/ec/common/uart_printf.c.obj
[helipilot:ro] [35/513] Building C object CMakeFiles/app.dir/mnt/host/source/src/platform/ec/build/zephyr/helipilot/modules/ec/common/util.c.obj
[helipilot:ro] [36/513] Building C object CMakeFiles/app.dir/mnt/host/source/src/platform/ec/build/zephyr/helipilot/modules/ec/common/version.c.obj
[helipilot:ro] [37/513] Building C object CMakeFiles/app.dir/mnt/host/source/src/platform/ec/build/zephyr/helipilot/modules/ec/common/memory_commands.c.obj
[ocelotrvp-ite:ro] -- Generated zephyr.dts: /mnt/host/source/src/platform/ec/build/zephyr/ocelotrvp-ite/build-ro/zephyr/zephyr.dts
[ocelotrvp-ite:rw] -- Generated zephyr.dts: /mnt/host/source/src/platform/ec/build/zephyr/ocelotrvp-ite/build-rw/zephyr/zephyr.dts
[bluey:ro] -- Generated zephyr.dts: /mnt/host/source/src/platform/ec/build/zephyr/bluey/build-ro/zephyr/zephyr.dts
[bluey:ro] -- Generated pickled edt: /mnt/host/source/src/platform/ec/build/zephyr/bluey/build-ro/zephyr/edt.pickle
[bluey:rw] -- Generated zephyr.dts: /mnt/host/source/src/platform/ec/build/zephyr/bluey/build-rw/zephyr/zephyr.dts
[helipilot:ro] [38/513] Building C object CMakeFiles/app.dir/mnt/host/source/src/platform/ec/build/zephyr/helipilot/modules/ec/common/ap_reset_log.c.obj
[helipilot:ro] [39/513] Building C object CMakeFiles/app.dir/mnt/host/source/src/platform/ec/build/zephyr/helipilot/modules/ec/common/flash.c.obj
[/mnt/host/source/src/platform/ec/build/zephyr/caboc-lcov]   /mnt/host/source/src/platform/ec/build/zephyr/caboc/build-ro/modules/ec/zephyr/CMakeFiles/ec_shim.dir/shim/src/usba.c.gcno:no functions found
[/mnt/host/source/src/platform/ec/build/zephyr/caboc-lcov] stderr:
[helipilot:ro] [40/513] Building C object CMakeFiles/app.dir/mnt/host/source/src/platform/ec/build/zephyr/helipilot/modules/ec/common/host_command.c.obj
[ptlrvp_npcx:ro] -- Generated zephyr.dts: /mnt/host/source/src/platform/ec/build/zephyr/ptlrvp_npcx/build-ro/zephyr/zephyr.dts
[ptlrvp_npcx:ro] -- Generated pickled edt: /mnt/host/source/src/platform/ec/build/zephyr/ptlrvp_npcx/build-ro/zephyr/edt.pickle
[ocelotrvp-ite:ro] -- Generated pickled edt: /mnt/host/source/src/platform/ec/build/zephyr/ocelotrvp-ite/build-ro/zephyr/edt.pickle
[ocelotrvp-ite:ro] -- Generated devicetree_generated.h: /mnt/host/source/src/platform/ec/build/zephyr/ocelotrvp-ite/build-ro/zephyr/include/generated/zephyr/devicetree_generated.h
[bluey:ro] -- Generated devicetree_generated.h: /mnt/host/source/src/platform/ec/build/zephyr/bluey/build-ro/zephyr/include/generated/zephyr/devicetree_generated.h
[/mnt/host/source/src/platform/ec/build/zephyr/pujjoga-lcov]   /mnt/host/source/src/platform/ec/build/zephyr/pujjoga/build-ro/modules/ec/zephyr/CMakeFiles/ec_shim.dir/shim/src/keyscan.c.gcno:no functions found
[/mnt/host/source/src/platform/ec/build/zephyr/pujjoga-lcov] stderr:
[ocelotrvp-ite:rw] -- Generated pickled edt: /mnt/host/source/src/platform/ec/build/zephyr/ocelotrvp-ite/build-rw/zephyr/edt.pickle
[ocelotrvp-ite:rw] -- Generated devicetree_generated.h: /mnt/host/source/src/platform/ec/build/zephyr/ocelotrvp-ite/build-rw/zephyr/include/generated/zephyr/devicetree_generated.h
[bluey:rw] -- Generated pickled edt: /mnt/host/source/src/platform/ec/build/zephyr/bluey/build-rw/zephyr/edt.pickle
[bluey:rw] -- Generated devicetree_generated.h: /mnt/host/source/src/platform/ec/build/zephyr/bluey/build-rw/zephyr/include/generated/zephyr/devicetree_generated.h
[helipilot:ro] [41/513] Building C object CMakeFiles/app.dir/mnt/host/source/src/platform/ec/build/zephyr/helipilot/modules/ec/common/uart_hostcmd.c.obj
[helipilot:ro] [42/513] Building C object CMakeFiles/app.dir/mnt/host/source/src/platform/ec/build/zephyr/helipilot/modules/ec/common/host_event_commands.c.obj
[helipilot:ro] [43/513] Building C object CMakeFiles/app.dir/mnt/host/source/src/platform/ec/build/zephyr/helipilot/modules/ec/common/mkbp_event.c.obj
[helipilot:ro] [44/513] Building C object CMakeFiles/app.dir/mnt/host/source/src/platform/ec/build/zephyr/helipilot/modules/ec/common/uptime.c.obj
[ptlrvp_npcx:ro] -- Generated devicetree_generated.h: /mnt/host/source/src/platform/ec/build/zephyr/ptlrvp_npcx/build-ro/zephyr/include/generated/zephyr/devicetree_generated.h
[helipilot:ro] [45/513] Building C object CMakeFiles/app.dir/mnt/host/source/src/platform/ec/build/zephyr/helipilot/modules/ec/common/mkbp_fifo.c.obj
[helipilot:ro] [46/513] Building C object CMakeFiles/app.dir/mnt/host/source/src/platform/ec/build/zephyr/helipilot/modules/ec/common/rsa.c.obj
[helipilot:ro] [47/513] Building C object CMakeFiles/app.dir/mnt/host/source/src/platform/ec/build/zephyr/helipilot/modules/ec/common/panic_output.c.obj
[/mnt/host/source/src/platform/ec/build/zephyr/starmie-lcov]   /mnt/host/source/src/platform/ec/build/zephyr/starmie/build-ro/modules/ec/zephyr/CMakeFiles/ec_shim.dir/shim/src/chg_rt9490.c.gcno:no functions found
[/mnt/host/source/src/platform/ec/build/zephyr/starmie-lcov] stderr:
[/mnt/host/source/src/platform/ec/build/zephyr/nivviks-lcov]   /mnt/host/source/src/platform/ec/build/zephyr/nivviks/build-ro/CMakeFiles/app.dir/mnt/host/source/src/platform/ec/build/zephyr/nivviks/modules/ec/common/usb_pd_pdo.c.gcno:no functions found
[/mnt/host/source/src/platform/ec/build/zephyr/nivviks-lcov] stderr:
[ocelotrvp-ite:ro] /mnt/host/source/src/platform/ec/build/zephyr/ocelotrvp-ite/build-ro/zephyr/zephyr.dts:4150.27-4155.5: Warning (unit_address_format): /it8801-mfd/gpiocr@0a: unit name should not have leading 0s
[helipilot:ro] [48/513] Building C object CMakeFiles/app.dir/mnt/host/source/src/platform/ec/build/zephyr/helipilot/modules/ec/common/vboot/vb21_lib.c.obj
[bluey:ro] /mnt/host/source/src/platform/ec/build/zephyr/bluey/build-ro/zephyr/zephyr.dts:3996.15-4003.5: Warning (gpios_property): /fans/fan_1: Missing property '#gpio-cells' in node /named-gpios/ec_en_pp5000_fan or bad phandle (referred from enable-gpio[0])
[ocelotrvp-ite:rw] /mnt/host/source/src/platform/ec/build/zephyr/ocelotrvp-ite/build-rw/zephyr/zephyr.dts:4150.27-4155.5: Warning (unit_address_format): /it8801-mfd/gpiocr@0a: unit name should not have leading 0s
[helipilot:ro] [49/513] Building C object CMakeFiles/app.dir/mnt/host/source/src/platform/ec/build/zephyr/helipilot/modules/ec/common/rwsig.c.obj
[bluey:rw] /mnt/host/source/src/platform/ec/build/zephyr/bluey/build-rw/zephyr/zephyr.dts:3996.15-4003.5: Warning (gpios_property): /fans/fan_1: Missing property '#gpio-cells' in node /named-gpios/ec_en_pp5000_fan or bad phandle (referred from enable-gpio[0])
[helipilot:ro] [50/513] Building C object CMakeFiles/app.dir/mnt/host/source/src/platform/ec/build/zephyr/helipilot/modules/ec/common/vboot/common.c.obj
[helipilot:ro] [51/513] Building C object CMakeFiles/app.dir/mnt/host/source/src/platform/ec/build/zephyr/helipilot/modules/ec/common/rollback.c.obj
[helipilot:ro] [52/513] Building C object CMakeFiles/app.dir/mnt/host/source/src/platform/ec/build/zephyr/helipilot/modules/ec/libc/sbrk.c.obj
[ptlrvp_npcx:ro] /mnt/host/source/src/platform/ec/build/zephyr/ptlrvp_npcx/build-ro/zephyr/zephyr.dts:4773.27-4778.5: Warning (unit_address_format): /it8801-mfd/gpiocr@0a: unit name should not have leading 0s
[ptlrvp_npcx:ro] /mnt/host/source/src/platform/ec/build/zephyr/ptlrvp_npcx/build-ro/zephyr/zephyr.dts:4151.9-4159.5: Warning (gpios_property): /fans/fan_0: Missing property '#gpio-cells' in node /named-gpios/mecc-all-sys-pwrgd or bad phandle (referred from pgood-gpio[0])
[ptlrvp_npcx:ro] /mnt/host/source/src/platform/ec/build/zephyr/ptlrvp_npcx/build-ro/zephyr/zephyr.dts:4151.9-4159.5: Warning (gpios_property): /fans/fan_0: Missing property '#gpio-cells' in node /named-gpios/ec-fan-pwr-disable-n or bad phandle (referred from enable-gpio[0])
[helipilot:ro] [53/513] Building C object CMakeFiles/app.dir/mnt/host/source/src/platform/ec/build/zephyr/helipilot/modules/ec/common/spi_flash_reg.c.obj
[helipilot:ro] [54/513] Building C object CMakeFiles/app.dir/mnt/host/source/src/platform/ec/build/zephyr/helipilot/modules/ec/common/shared_mem_libc.c.obj
[/mnt/host/source/src/platform/ec/build/zephyr/rex-ish-ec-lcov]   /mnt/host/source/src/platform/ec/build/zephyr/rex-ish-ec/build-ro/CMakeFiles/app.dir/mnt/host/source/src/platform/ec/build/zephyr/rex-ish-ec/modules/ec/common/usb_pd_pdo.c.gcno:no functions found
[/mnt/host/source/src/platform/ec/build/zephyr/rex-ish-ec-lcov] stderr:
[helipilot:ro] [55/513] Building C object CMakeFiles/app.dir/mnt/host/source/src/platform/ec/build/zephyr/helipilot/modules/ec/common/timer.c.obj
[helipilot:ro] [56/513] Building C object CMakeFiles/app.dir/mnt/host/source/src/platform/ec/build/zephyr/helipilot/modules/ec/common/rtc.c.obj
[helipilot:ro] [57/513] Building C object CMakeFiles/app.dir/helipilot/src/ec_quirks.c.obj
[helipilot:ro] [58/513] Building C object zephyr/CMakeFiles/zephyr.dir/lib/cpp/abi/cpp_dtors.c.obj
[helipilot:ro] [59/513] Building C object CMakeFiles/app.dir/helipilot/src/fp_transport.c.obj
[helipilot:ro] [60/513] Building C object CMakeFiles/app.dir/helipilot/src/power.c.obj
[helipilot:ro] [61/513] Building C object CMakeFiles/app.dir/src/fp_transport.c.obj
[helipilot:ro] [62/513] Building C object zephyr/CMakeFiles/zephyr.dir/lib/libc/validate_libc.c.obj
[helipilot:ro] [63/513] Linking C static library app/libapp.a
[helipilot:ro] [64/513] Building C object zephyr/CMakeFiles/zephyr.dir/lib/heap/heap.c.obj
[helipilot:ro] [65/513] Building C object zephyr/CMakeFiles/zephyr.dir/lib/os/cbprintf_packaged.c.obj
[helipilot:ro] [66/513] Building C object zephyr/CMakeFiles/zephyr.dir/lib/os/clock.c.obj
[helipilot:ro] [67/513] Building C object zephyr/CMakeFiles/zephyr.dir/lib/os/printk.c.obj
[helipilot:ro] [68/513] Building C object zephyr/CMakeFiles/zephyr.dir/lib/os/sem.c.obj
[/mnt/host/source/src/platform/ec/build/zephyr/pujjoga-lcov]   /mnt/host/source/src/platform/ec/build/zephyr/pujjoga/build-ro/CMakeFiles/app.dir/mnt/host/source/src/platform/ec/build/zephyr/pujjoga/modules/ec/common/usb_pd_pdo.c.gcno:no functions found
[/mnt/host/source/src/platform/ec/build/zephyr/pujjoga-lcov] stderr:
[ocelotrvp-ite:ro] /mnt/host/source/src/platform/ec/build/zephyr/ocelotrvp-ite/build-ro/zephyr/zephyr.dts:2550.31-2566.6: Warning (i2c_bus_reg): /soc/i2c@f04500/rvp-board-id: missing or empty reg property
[ocelotrvp-ite:ro] /mnt/host/source/src/platform/ec/build/zephyr/ocelotrvp-ite/build-ro/zephyr/zephyr.dts:1292.27-2011.5: Warning (avoid_unnecessary_addr_size): /soc/pin-controller: unnecessary #address-cells/#size-cells without "ranges" or child "reg" property
[ocelotrvp-ite:ro] /mnt/host/source/src/platform/ec/build/zephyr/ocelotrvp-ite/build-ro/zephyr/zephyr.dts:3949.14-3958.5: Warning (gpios_property): /fans/fan0: Missing property '#gpio-cells' in node /named-gpios/ec_fan_pwr_disable_n_r or bad phandle (referred from enable-gpio[0])
[ocelotrvp-ite:ro] /mnt/host/source/src/platform/ec/build/zephyr/ocelotrvp-ite/build-ro/zephyr/zephyr.dts:3949.14-3958.5: Warning (gpios_property): /fans/fan0: Missing property '#gpio-cells' in node /named-gpios/all_sys_pwrgd_r or bad phandle (referred from pgood-gpio[0])
[helipilot:ro] [69/513] Building C object zephyr/CMakeFiles/zephyr.dir/lib/os/thread_entry.c.obj
[bluey:rw] warning: PLATFORM_EC_KEYBOARD_COLS (defined at
[bluey:rw] /mnt/host/source/src/platform/ec/zephyr/Kconfig.keyboard:127) was assigned the value '18' but got
[bluey:rw] the value ''. Check these unsatisfied dependencies: PLATFORM_EC_KEYBOARD (=n). See
[bluey:rw] http://docs.zephyrproject.org/latest/kconfig.html#CONFIG_PLATFORM_EC_KEYBOARD_COLS and/or look up
[bluey:rw] PLATFORM_EC_KEYBOARD_COLS in the menuconfig/guiconfig interface. The Application Development Primer,
[bluey:rw] Setting Configuration Values, and Kconfig - Tips and Best Practices sections of the manual might be
[bluey:rw] helpful too.
[bluey:rw] warning: INPUT_SHELL_KBD_MATRIX_STATE (defined at drivers/input/Kconfig.kbd_matrix:38) was assigned
[bluey:rw] the value 'y' but got the value 'n'. Check these unsatisfied dependencies: INPUT_KBD_MATRIX (=n).
[bluey:rw] See http://docs.zephyrproject.org/latest/kconfig.html#CONFIG_INPUT_SHELL_KBD_MATRIX_STATE and/or
[bluey:rw] look up INPUT_SHELL_KBD_MATRIX_STATE in the menuconfig/guiconfig interface. The Application
[bluey:rw] Development Primer, Setting Configuration Values, and Kconfig - Tips and Best Practices sections of
[bluey:rw] the manual might be helpful too.
[bluey:rw] warning: The choice symbol CROS_EC_KEYBOARD_INPUT (defined at
[bluey:rw] /mnt/host/source/src/platform/ec/zephyr/Kconfig.keyboard:45) was selected (set =y), but no symbol
[bluey:rw] ended up as the choice selection. See
[bluey:rw] http://docs.zephyrproject.org/latest/kconfig.html#CONFIG_CROS_EC_KEYBOARD_INPUT and/or look up
[bluey:rw] CROS_EC_KEYBOARD_INPUT in the menuconfig/guiconfig interface. The Application Development Primer,
[bluey:rw] Setting Configuration Values, and Kconfig - Tips and Best Practices sections of the manual might be
[bluey:rw] helpful too.
[bluey:rw] warning: The choice symbol PLATFORM_EC_KEYBOARD_PROTOCOL_MKBP (defined at
[bluey:rw] /mnt/host/source/src/platform/ec/zephyr/Kconfig.keyboard:87) was selected (set =y), but no symbol
[bluey:rw] ended up as the choice selection. See
[bluey:rw] http://docs.zephyrproject.org/latest/kconfig.html#CONFIG_PLATFORM_EC_KEYBOARD_PROTOCOL_MKBP and/or
[bluey:rw] look up PLATFORM_EC_KEYBOARD_PROTOCOL_MKBP in the menuconfig/guiconfig interface. The Application
[bluey:rw] Development Primer, Setting Configuration Values, and Kconfig - Tips and Best Practices sections of
[bluey:rw] the manual might be helpful too.
[bluey:rw] warning: Deprecated symbol I2C_ALLOW_NO_STOP_TRANSACTIONS is enabled.
[ocelotrvp-ite:rw] /mnt/host/source/src/platform/ec/build/zephyr/ocelotrvp-ite/build-rw/zephyr/zephyr.dts:2550.31-2566.6: Warning (i2c_bus_reg): /soc/i2c@f04500/rvp-board-id: missing or empty reg property
[ocelotrvp-ite:rw] /mnt/host/source/src/platform/ec/build/zephyr/ocelotrvp-ite/build-rw/zephyr/zephyr.dts:1292.27-2011.5: Warning (avoid_unnecessary_addr_size): /soc/pin-controller: unnecessary #address-cells/#size-cells without "ranges" or child "reg" property
[ocelotrvp-ite:rw] /mnt/host/source/src/platform/ec/build/zephyr/ocelotrvp-ite/build-rw/zephyr/zephyr.dts:3949.14-3958.5: Warning (gpios_property): /fans/fan0: Missing property '#gpio-cells' in node /named-gpios/ec_fan_pwr_disable_n_r or bad phandle (referred from enable-gpio[0])
[ocelotrvp-ite:rw] /mnt/host/source/src/platform/ec/build/zephyr/ocelotrvp-ite/build-rw/zephyr/zephyr.dts:3949.14-3958.5: Warning (gpios_property): /fans/fan0: Missing property '#gpio-cells' in node /named-gpios/all_sys_pwrgd_r or bad phandle (referred from pgood-gpio[0])
[bluey:ro] warning: PLATFORM_EC_KEYBOARD_COLS (defined at
[bluey:ro] /mnt/host/source/src/platform/ec/zephyr/Kconfig.keyboard:127) was assigned the value '18' but got
[bluey:ro] the value ''. Check these unsatisfied dependencies: PLATFORM_EC_KEYBOARD (=n). See
[bluey:ro] http://docs.zephyrproject.org/latest/kconfig.html#CONFIG_PLATFORM_EC_KEYBOARD_COLS and/or look up
[bluey:ro] PLATFORM_EC_KEYBOARD_COLS in the menuconfig/guiconfig interface. The Application Development Primer,
[bluey:ro] Setting Configuration Values, and Kconfig - Tips and Best Practices sections of the manual might be
[bluey:ro] helpful too.
[bluey:ro] warning: INPUT_SHELL_KBD_MATRIX_STATE (defined at drivers/input/Kconfig.kbd_matrix:38) was assigned
[bluey:ro] the value 'y' but got the value 'n'. Check these unsatisfied dependencies: INPUT_KBD_MATRIX (=n).
[bluey:ro] See http://docs.zephyrproject.org/latest/kconfig.html#CONFIG_INPUT_SHELL_KBD_MATRIX_STATE and/or
[bluey:ro] look up INPUT_SHELL_KBD_MATRIX_STATE in the menuconfig/guiconfig interface. The Application
[bluey:ro] Development Primer, Setting Configuration Values, and Kconfig - Tips and Best Practices sections of
[bluey:ro] the manual might be helpful too.
[bluey:ro] warning: The choice symbol CROS_EC_KEYBOARD_INPUT (defined at
[bluey:ro] /mnt/host/source/src/platform/ec/zephyr/Kconfig.keyboard:45) was selected (set =y), but no symbol
[bluey:ro] ended up as the choice selection. See
[bluey:ro] http://docs.zephyrproject.org/latest/kconfig.html#CONFIG_CROS_EC_KEYBOARD_INPUT and/or look up
[bluey:ro] CROS_EC_KEYBOARD_INPUT in the menuconfig/guiconfig interface. The Application Development Primer,
[bluey:ro] Setting Configuration Values, and Kconfig - Tips and Best Practices sections of the manual might be
[bluey:ro] helpful too.
[bluey:ro] warning: The choice symbol PLATFORM_EC_KEYBOARD_PROTOCOL_MKBP (defined at
[bluey:ro] /mnt/host/source/src/platform/ec/zephyr/Kconfig.keyboard:87) was selected (set =y), but no symbol
[bluey:ro] ended up as the choice selection. See
[bluey:ro] http://docs.zephyrproject.org/latest/kconfig.html#CONFIG_PLATFORM_EC_KEYBOARD_PROTOCOL_MKBP and/or
[bluey:ro] look up PLATFORM_EC_KEYBOARD_PROTOCOL_MKBP in the menuconfig/guiconfig interface. The Application
[bluey:ro] Development Primer, Setting Configuration Values, and Kconfig - Tips and Best Practices sections of
[bluey:ro] the manual might be helpful too.
[bluey:ro] warning: Deprecated symbol I2C_ALLOW_NO_STOP_TRANSACTIONS is enabled.
[helipilot:ro] [70/513] Building C object zephyr/CMakeFiles/zephyr.dir/lib/os/cbprintf_nano.c.obj
[helipilot:ro] [71/513] Building C object zephyr/CMakeFiles/zephyr.dir/lib/os/cbprintf.c.obj
[helipilot:ro] [72/513] Building C object zephyr/CMakeFiles/zephyr.dir/lib/utils/dec.c.obj
[helipilot:ro] [73/513] Building C object zephyr/CMakeFiles/zephyr.dir/lib/os/assert.c.obj
[helipilot:ro] [74/513] Building C object zephyr/CMakeFiles/zephyr.dir/lib/os/mpsc_pbuf.c.obj
[ocelotrvp-ite:ro] Parsing /mnt/host/source/src/platform/ec/zephyr/program/ocelot/Kconfig
[helipilot:ro] [75/513] Building C object zephyr/CMakeFiles/zephyr.dir/lib/utils/hex.c.obj
[ptlrvp_npcx:ro] warning: Deprecated symbol I2C_ALLOW_NO_STOP_TRANSACTIONS is enabled.
[bluey:rw] Parsing /mnt/host/source/src/platform/ec/zephyr/program/bluey/Kconfig
[ocelotrvp-ite:rw] Parsing /mnt/host/source/src/platform/ec/zephyr/program/ocelot/Kconfig
[bluey:ro] Parsing /mnt/host/source/src/platform/ec/zephyr/program/bluey/Kconfig
[helipilot:ro] [76/513] Building C object zephyr/CMakeFiles/zephyr.dir/lib/utils/timeutil.c.obj
[helipilot:ro] [77/513] Building C object zephyr/CMakeFiles/zephyr.dir/lib/utils/bitmask.c.obj
[/mnt/host/source/src/platform/ec/build/zephyr/starmie-lcov]   /mnt/host/source/src/platform/ec/build/zephyr/starmie/build-ro/CMakeFiles/app.dir/mnt/host/source/src/platform/ec/build/zephyr/starmie/modules/ec/common/usb_pd_pdo.c.gcno:no functions found
[/mnt/host/source/src/platform/ec/build/zephyr/starmie-lcov] stderr:
[helipilot:ro] [78/513] Building C object zephyr/CMakeFiles/zephyr.dir/lib/utils/rb.c.obj
[helipilot:ro] [79/513] Building C object zephyr/CMakeFiles/zephyr.dir/lib/utils/ring_buffer.c.obj
[helipilot:ro] [80/513] Building C object zephyr/CMakeFiles/zephyr.dir/lib/utils/last_section_id.c.obj
[ptlrvp_npcx:ro] Parsing /mnt/host/source/src/platform/ec/zephyr/program/intelrvp/Kconfig
[helipilot:ro] [81/513] Building C object zephyr/CMakeFiles/zephyr.dir/lib/utils/bitarray.c.obj
[helipilot:ro] [82/513] Building C object zephyr/CMakeFiles/zephyr.dir/misc/generated/configs.c.obj
[helipilot:ro] [83/513] Building C object zephyr/CMakeFiles/zephyr.dir/lib/utils/getopt/getopt.c.obj
[helipilot:ro] [84/513] Building C object zephyr/CMakeFiles/zephyr.dir/lib/utils/getopt/getopt_common.c.obj
[ocelotrvp-ite:ro] warning: Deprecated symbol I2C_ALLOW_NO_STOP_TRANSACTIONS is enabled.
[ocelotrvp-ite:ro] INFOSetting TOOLCHAIN_HAS_PICOLIBC to support full build.
[ocelotrvp-ite:ro] INFOSetting TOOLCHAIN_HAS_NEWLIB to support full build.
[bluey:rw] Loaded configuration '/mnt/host/source/src/platform/ec/zephyr/boards/google/npcx9/npcx9_npcx9m7f_defconfig'
[bluey:rw] Merged configuration '/mnt/host/source/src/platform/ec/zephyr/program/bluey/program.conf'
[bluey:rw] Merged configuration '/mnt/host/source/src/platform/ec/zephyr/program/bluey/bluey/project.conf'
[bluey:rw] Merged configuration '/mnt/host/source/src/platform/ec/build/zephyr/bluey/kconfig-rw.conf'
[bluey:rw] Configuration saved to '/mnt/host/source/src/platform/ec/build/zephyr/bluey/build-rw/zephyr/.config'
[bluey:rw] Kconfig header saved to '/mnt/host/source/src/platform/ec/build/zephyr/bluey/build-rw/zephyr/include/generated/zephyr/autoconf.h'
[bluey:rw] -- Found GnuLd: /home/jpmurphy/.cache/coreboot-sdk/arm-eabi/ea40ddd1d190c3b48435c474c0b545719371813a/arm-eabi/bin/ld.bfd (found version "2.43.1")
[ocelotrvp-ite:ro] Loaded configuration '/mnt/host/source/src/platform/ec/zephyr/boards/google/it8xxx2/it8xxx2_it82002aw_defconfig'
[ocelotrvp-ite:ro] Merged configuration '/mnt/host/source/src/platform/ec/zephyr/program/ocelot/program.conf'
[ocelotrvp-ite:ro] Merged configuration '/mnt/host/source/src/platform/ec/zephyr/program/ocelot/rvp_program.conf'
[ocelotrvp-ite:ro] Merged configuration '/mnt/host/source/src/platform/ec/zephyr/program/ocelot/dsp_comms.conf'
[ocelotrvp-ite:ro] Merged configuration '/mnt/host/source/src/platform/ec/zephyr/program/ocelot/ocelotrvp-ite/project.conf'
[ocelotrvp-ite:ro] Merged configuration '/mnt/host/source/src/platform/ec/build/zephyr/ocelotrvp-ite/kconfig-ro.conf'
[ocelotrvp-ite:ro] Configuration saved to '/mnt/host/source/src/platform/ec/build/zephyr/ocelotrvp-ite/build-ro/zephyr/.config'
[ocelotrvp-ite:ro] Kconfig header saved to '/mnt/host/source/src/platform/ec/build/zephyr/ocelotrvp-ite/build-ro/zephyr/include/generated/zephyr/autoconf.h'
[ocelotrvp-ite:ro] -- Found GnuLd: /home/jpmurphy/.cache/coreboot-sdk/riscv64-elf/96b949749225b6aaa92ed810ab769e8dfb12f000/riscv64-elf/bin/ld.bfd (found version "2.43.1")
[bluey:ro] Loaded configuration '/mnt/host/source/src/platform/ec/zephyr/boards/google/npcx9/npcx9_npcx9m7f_defconfig'
[bluey:ro] Merged configuration '/mnt/host/source/src/platform/ec/zephyr/program/bluey/program.conf'
[bluey:ro] Merged configuration '/mnt/host/source/src/platform/ec/zephyr/program/bluey/bluey/project.conf'
[bluey:ro] Merged configuration '/mnt/host/source/src/platform/ec/build/zephyr/bluey/kconfig-ro.conf'
[bluey:ro] Configuration saved to '/mnt/host/source/src/platform/ec/build/zephyr/bluey/build-ro/zephyr/.config'
[bluey:ro] Kconfig header saved to '/mnt/host/source/src/platform/ec/build/zephyr/bluey/build-ro/zephyr/include/generated/zephyr/autoconf.h'
[bluey:ro] -- Found GnuLd: /home/jpmurphy/.cache/coreboot-sdk/arm-eabi/ea40ddd1d190c3b48435c474c0b545719371813a/arm-eabi/bin/ld.bfd (found version "2.43.1")
[ocelotrvp-ite:rw] warning: Deprecated symbol I2C_ALLOW_NO_STOP_TRANSACTIONS is enabled.
[ocelotrvp-ite:rw] INFOSetting TOOLCHAIN_HAS_PICOLIBC to support full build.
[ocelotrvp-ite:rw] INFOSetting TOOLCHAIN_HAS_NEWLIB to support full build.
[ocelotrvp-ite:rw] Loaded configuration '/mnt/host/source/src/platform/ec/zephyr/boards/google/it8xxx2/it8xxx2_it82002aw_defconfig'
[ocelotrvp-ite:rw] Merged configuration '/mnt/host/source/src/platform/ec/zephyr/program/ocelot/program.conf'
[ocelotrvp-ite:rw] Merged configuration '/mnt/host/source/src/platform/ec/zephyr/program/ocelot/rvp_program.conf'
[ocelotrvp-ite:rw] Merged configuration '/mnt/host/source/src/platform/ec/zephyr/program/ocelot/dsp_comms.conf'
[ocelotrvp-ite:rw] Merged configuration '/mnt/host/source/src/platform/ec/zephyr/program/ocelot/ocelotrvp-ite/project.conf'
[ocelotrvp-ite:rw] Merged configuration '/mnt/host/source/src/platform/ec/build/zephyr/ocelotrvp-ite/kconfig-rw.conf'
[ocelotrvp-ite:rw] Configuration saved to '/mnt/host/source/src/platform/ec/build/zephyr/ocelotrvp-ite/build-rw/zephyr/.config'
[ocelotrvp-ite:rw] Kconfig header saved to '/mnt/host/source/src/platform/ec/build/zephyr/ocelotrvp-ite/build-rw/zephyr/include/generated/zephyr/autoconf.h'
[ocelotrvp-ite:rw] -- Found GnuLd: /home/jpmurphy/.cache/coreboot-sdk/riscv64-elf/96b949749225b6aaa92ed810ab769e8dfb12f000/riscv64-elf/bin/ld.bfd (found version "2.43.1")
[helipilot:ro] [85/513] Building C object zephyr/CMakeFiles/zephyr.dir/soc/nuvoton/npcx/common/npcxn/registers.c.obj
[bluey:rw] -- The C compiler identification is GNU 14.2.0
[bluey:ro] -- The C compiler identification is GNU 14.2.0
[ocelotrvp-ite:ro] -- The C compiler identification is GNU 14.2.0
[helipilot:ro] [86/513] Building C object zephyr/CMakeFiles/zephyr.dir/soc/nuvoton/npcx/common/power.c.obj
[helipilot:ro] [87/513] Building C object zephyr/CMakeFiles/zephyr.dir/soc/nuvoton/npcx/npcx9/soc.c.obj
[ocelotrvp-ite:rw] -- The C compiler identification is GNU 14.2.0
[helipilot:ro] [88/513] Building C object zephyr/CMakeFiles/zephyr.dir/soc/nuvoton/npcx/common/scfg.c.obj
[ptlrvp_npcx:ro] Loaded configuration '/mnt/host/source/src/platform/ec/zephyr/boards/google/npcx9/npcx9_npcx9m7f_defconfig'
[ptlrvp_npcx:ro] Merged configuration '/mnt/host/source/src/platform/ec/zephyr/program/intelrvp/program.conf'
[ptlrvp_npcx:ro] Merged configuration '/mnt/host/source/src/platform/ec/zephyr/program/intelrvp/ptlrvp/program.conf'
[ptlrvp_npcx:ro] Merged configuration '/mnt/host/source/src/platform/ec/zephyr/program/intelrvp/ptlrvp/ptlrvp_npcx/project.conf'
[ptlrvp_npcx:ro] Merged configuration '/mnt/host/source/src/platform/ec/zephyr/program/intelrvp/ptlrvp/pd.conf'
[ptlrvp_npcx:ro] Merged configuration '/mnt/host/source/src/platform/ec/zephyr/program/intelrvp/zephyr_ap_pwrseq.conf'
[ptlrvp_npcx:ro] Merged configuration '/mnt/host/source/src/platform/ec/build/zephyr/ptlrvp_npcx/kconfig-ro.conf'
[ptlrvp_npcx:ro] Configuration saved to '/mnt/host/source/src/platform/ec/build/zephyr/ptlrvp_npcx/build-ro/zephyr/.config'
[ptlrvp_npcx:ro] Kconfig header saved to '/mnt/host/source/src/platform/ec/build/zephyr/ptlrvp_npcx/build-ro/zephyr/include/generated/zephyr/autoconf.h'
[ptlrvp_npcx:ro] -- Found GnuLd: /home/jpmurphy/.cache/coreboot-sdk/arm-eabi/ea40ddd1d190c3b48435c474c0b545719371813a/arm-eabi/bin/ld.bfd (found version "2.43.1")
[bluey:rw] -- The CXX compiler identification is GNU 14.2.0
[bluey:ro] -- The CXX compiler identification is GNU 14.2.0
[ocelotrvp-ite:ro] -- The CXX compiler identification is GNU 14.2.0
[helipilot:ro] [89/513] Building C object zephyr/CMakeFiles/zephyr.dir/subsys/logging/log_core.c.obj
[helipilot:ro] [90/513] Building C object zephyr/CMakeFiles/zephyr.dir/subsys/logging/log_cache.c.obj
[bluey:rw] -- The ASM compiler identification is GNU
[bluey:ro] -- The ASM compiler identification is GNU
[bluey:ro] -- Found assembler: /home/jpmurphy/.cache/coreboot-sdk/arm-eabi/ea40ddd1d190c3b48435c474c0b545719371813a/bin/arm-eabi-gcc
[bluey:rw] -- Found assembler: /home/jpmurphy/.cache/coreboot-sdk/arm-eabi/ea40ddd1d190c3b48435c474c0b545719371813a/bin/arm-eabi-gcc
[bluey:ro] CMake Warning at /mnt/host/source/src/platform/ec/zephyr/cmake/linker/ld/linker_libraries.cmake:11 (message):
[bluey:ro]   Disabling c_library
[bluey:ro] Call Stack (most recent call first):
[bluey:ro]   /mnt/host/source/src/third_party/zephyr/main/cmake/target_toolchain_flags.cmake:48 (include)
[bluey:ro]   /mnt/host/source/src/third_party/zephyr/main/cmake/modules/kernel.cmake:153 (include)
[bluey:ro]   /mnt/host/source/src/third_party/zephyr/main/cmake/modules/zephyr_default.cmake:138 (include)
[bluey:rw] CMake Warning at /mnt/host/source/src/platform/ec/zephyr/cmake/linker/ld/linker_libraries.cmake:11 (message):
[bluey:rw]   Disabling c_library
[bluey:rw] Call Stack (most recent call first):
[bluey:rw]   /mnt/host/source/src/third_party/zephyr/main/cmake/target_toolchain_flags.cmake:48 (include)
[ocelotrvp-ite:ro] -- The ASM compiler identification is GNU
[ocelotrvp-ite:rw] -- The CXX compiler identification is GNU 14.2.0
[ocelotrvp-ite:ro] -- Found assembler: /home/jpmurphy/.cache/coreboot-sdk/riscv64-elf/96b949749225b6aaa92ed810ab769e8dfb12f000/bin/riscv64-elf-gcc
[ocelotrvp-ite:ro] CMake Warning at /mnt/host/source/src/platform/ec/zephyr/cmake/linker/ld/linker_libraries.cmake:11 (message):
[ocelotrvp-ite:ro]   Disabling c_library
[ocelotrvp-ite:ro] Call Stack (most recent call first):
[ocelotrvp-ite:ro]   /mnt/host/source/src/third_party/zephyr/main/cmake/target_toolchain_flags.cmake:48 (include)
[ocelotrvp-ite:ro]   /mnt/host/source/src/third_party/zephyr/main/cmake/modules/kernel.cmake:153 (include)
[ocelotrvp-ite:ro]   /mnt/host/source/src/third_party/zephyr/main/cmake/modules/zephyr_default.cmake:138 (include)
[ocelotrvp-ite:ro]   /mnt/host/source/src/third_party/zephyr/main/share/zephyr-package/cmake/ZephyrConfig.cmake:66 (include)
[ocelotrvp-ite:ro]   /mnt/host/source/src/third_party/zephyr/main/share/zephyr-package/cmake/ZephyrConfig.cmake:97 (include_boilerplate)
[ocelotrvp-ite:ro]   CMakeLists.txt:7 (find_package)
[ocelotrvp-ite:ro] INFOSetting c++_library to libstdc++ install path
[ocelotrvp-ite:ro] INFOSetting c_library to picolibc install path
[ocelotrvp-ite:rw] -- The ASM compiler identification is GNU
[ptlrvp_npcx:ro] -- The C compiler identification is GNU 14.2.0
[/mnt/host/source/src/platform/ec/build/zephyr/matsu_it82000-lcov]   /mnt/host/source/src/platform/ec/build/zephyr/matsu_it82000/build-ro/modules/ec/zephyr/CMakeFiles/ec_shim.dir/drivers/keyboard_input/keyboard_customization_check.c.gcno:no functions found
[/mnt/host/source/src/platform/ec/build/zephyr/matsu_it82000-lcov] stderr:
[ocelotrvp-ite:rw] CMake Warning at /mnt/host/source/src/platform/ec/zephyr/cmake/linker/ld/linker_libraries.cmake:11 (message):
[ocelotrvp-ite:rw]   Disabling c_library
[ocelotrvp-ite:rw] Call Stack (most recent call first):
[ocelotrvp-ite:rw]   /mnt/host/source/src/third_party/zephyr/main/cmake/target_toolchain_flags.cmake:48 (include)
[ocelotrvp-ite:rw]   /mnt/host/source/src/third_party/zephyr/main/cmake/modules/kernel.cmake:153 (include)
[ocelotrvp-ite:rw]   /mnt/host/source/src/third_party/zephyr/main/cmake/modules/zephyr_default.cmake:138 (include)
[ocelotrvp-ite:rw]   /mnt/host/source/src/third_party/zephyr/main/share/zephyr-package/cmake/ZephyrConfig.cmake:66 (include)
[ocelotrvp-ite:rw]   /mnt/host/source/src/third_party/zephyr/main/share/zephyr-package/cmake/ZephyrConfig.cmake:97 (include_boilerplate)
[ocelotrvp-ite:rw]   CMakeLists.txt:7 (find_package)
[ocelotrvp-ite:rw] INFOSetting c++_library to libstdc++ install path
[ptlrvp_npcx:ro] -- The CXX compiler identification is GNU 14.2.0
[helipilot:ro] [91/513] Building C object zephyr/CMakeFiles/zephyr.dir/subsys/logging/log_mgmt.c.obj
[ptlrvp_npcx:ro] -- The ASM compiler identification is GNU
[ptlrvp_npcx:ro] -- Found assembler: /home/jpmurphy/.cache/coreboot-sdk/arm-eabi/ea40ddd1d190c3b48435c474c0b545719371813a/bin/arm-eabi-gcc
[ptlrvp_npcx:ro] CMake Warning at /mnt/host/source/src/platform/ec/zephyr/cmake/linker/ld/linker_libraries.cmake:11 (message):
[helipilot:ro] [92/513] Building C object zephyr/CMakeFiles/zephyr.dir/subsys/logging/log_msg.c.obj
[helipilot:ro] [93/513] Building C object zephyr/CMakeFiles/zephyr.dir/subsys/logging/log_output.c.obj
[helipilot:ro] [94/513] Building C object zephyr/CMakeFiles/zephyr.dir/subsys/mem_mgmt/mem_attr.c.obj
[bluey:rw] -- Performing EC specific devicetree checks
[bluey:ro] -- Performing EC specific devicetree checks
[helipilot:ro] [95/513] Building C object zephyr/CMakeFiles/zephyr.dir/subsys/logging/log_output_custom.c.obj
[bluey:ro]   /mnt/host/source/src/third_party/zephyr/main/share/zephyr-package/cmake/ZephyrConfig.cmake:66 (include)
[bluey:ro]   /mnt/host/source/src/third_party/zephyr/main/share/zephyr-package/cmake/ZephyrConfig.cmake:97 (include_boilerplate)
[bluey:ro]   CMakeLists.txt:7 (find_package)
[bluey:ro] INFO: Verified 46 GPIOs, no duplicates found
[bluey:rw]   /mnt/host/source/src/third_party/zephyr/main/cmake/modules/kernel.cmake:153 (include)
[bluey:rw]   /mnt/host/source/src/third_party/zephyr/main/cmake/modules/zephyr_default.cmake:138 (include)
[bluey:rw]   /mnt/host/source/src/third_party/zephyr/main/share/zephyr-package/cmake/ZephyrConfig.cmake:66 (include)
[bluey:rw]   /mnt/host/source/src/third_party/zephyr/main/share/zephyr-package/cmake/ZephyrConfig.cmake:97 (include_boilerplate)
[bluey:rw]   CMakeLists.txt:7 (find_package)
[bluey:rw] INFO: Verified 46 GPIOs, no duplicates found
[bluey:rw] INFO: Verified 33 '*-gpios' properties, all flags match.
[bluey:rw] INFO: Skipped 1 named-gpios children.
[helipilot:ro] [96/513] Building C object zephyr/CMakeFiles/zephyr.dir/subsys/pm/state.c.obj
[bluey:ro] -- Generating component manifest file
[ocelotrvp-ite:ro] -- Performing EC specific devicetree checks
[ocelotrvp-ite:rw] -- Found assembler: /home/jpmurphy/.cache/coreboot-sdk/riscv64-elf/96b949749225b6aaa92ed810ab769e8dfb12f000/bin/riscv64-elf-gcc
[ocelotrvp-ite:rw] -- Performing EC specific devicetree checks
[helipilot:ro] [97/513] Building C object zephyr/CMakeFiles/zephyr.dir/subsys/pm/pm.c.obj
[bluey:rw] -- Generating component manifest file
[ptlrvp_npcx:ro] -- Performing EC specific devicetree checks
[helipilot:ro] [98/513] Building C object zephyr/CMakeFiles/zephyr.dir/subsys/pm/policy/policy_events.c.obj
[ocelotrvp-ite:ro] INFO: Verified 72 GPIOs, no duplicates found
[ocelotrvp-ite:ro] INFO: Verified 32 '*-gpios' properties, all flags match.
[bluey:ro] INFO: Verified 33 '*-gpios' properties, all flags match.
[bluey:ro] INFO: Skipped 1 named-gpios children.
[bluey:ro] INFO: Running CME, outputting to /mnt/host/source/src/platform/ec/build/zephyr/bluey/build-ro/zephyr/component_manifest.json
[bluey:ro] INFO: Project bluey does not support SSFC
[bluey:ro] INFO: No usbc node found
[bluey:ro] INFO: No motionsense-sensor node found
[ocelotrvp-ite:rw] INFOSetting c_library to picolibc install path
[ocelotrvp-ite:rw] INFO: Verified 72 GPIOs, no duplicates found
[ocelotrvp-ite:rw] INFO: Verified 32 '*-gpios' properties, all flags match.
[ocelotrvp-ite:rw] INFO: Skipped 3 named-gpios children.
[helipilot:ro] [99/513] Building C object zephyr/CMakeFiles/zephyr.dir/subsys/pm/policy/policy_latency.c.obj
[bluey:rw] INFO: Running CME, outputting to /mnt/host/source/src/platform/ec/build/zephyr/bluey/build-rw/zephyr/component_manifest.json
[bluey:rw] INFO: Project bluey does not support SSFC
[bluey:rw] INFO: No usbc node found
[bluey:rw] INFO: No motionsense-sensor node found
[ptlrvp_npcx:ro]   Disabling c_library
[ptlrvp_npcx:ro] Call Stack (most recent call first):
[ptlrvp_npcx:ro]   /mnt/host/source/src/third_party/zephyr/main/cmake/target_toolchain_flags.cmake:48 (include)
[ptlrvp_npcx:ro]   /mnt/host/source/src/third_party/zephyr/main/cmake/modules/kernel.cmake:153 (include)
[ptlrvp_npcx:ro]   /mnt/host/source/src/third_party/zephyr/main/cmake/modules/zephyr_default.cmake:138 (include)
[ptlrvp_npcx:ro]   /mnt/host/source/src/third_party/zephyr/main/share/zephyr-package/cmake/ZephyrConfig.cmake:66 (include)
[ptlrvp_npcx:ro]   /mnt/host/source/src/third_party/zephyr/main/share/zephyr-package/cmake/ZephyrConfig.cmake:97 (include_boilerplate)
[ptlrvp_npcx:ro]   CMakeLists.txt:7 (find_package)
[ptlrvp_npcx:ro] INFO: Verified 111 GPIOs, no duplicates found
[ptlrvp_npcx:ro] INFO: Verified 17 '*-gpios' properties, all flags match.
[helipilot:ro] [100/513] Building C object zephyr/CMakeFiles/zephyr.dir/subsys/pm/policy/policy_state_lock.c.obj
[ocelotrvp-ite:ro] -- Generating component manifest file
[bluey:ro] -- warning_base_override: -Wall;-Wformat;-Wformat-security;-Wformat;-Wno-format-zero-length;-Wno-pointer-sign;-Wpointer-arith;-Wexpansion-to-defined
[ocelotrvp-ite:rw] -- Generating component manifest file
[bluey:rw] -- warning_base_override: -Wall;-Wformat;-Wformat-security;-Wformat;-Wno-format-zero-length;-Wno-pointer-sign;-Wpointer-arith;-Wexpansion-to-defined
[ptlrvp_npcx:ro] -- Generating component manifest file
[ocelotrvp-ite:ro] INFO: Skipped 3 named-gpios children.
[ocelotrvp-ite:ro] INFO: Running CME, outputting to /mnt/host/source/src/platform/ec/build/zephyr/ocelotrvp-ite/build-ro/zephyr/component_manifest.json
[ocelotrvp-ite:ro] INFO: Project ocelotrvp-ite does not support SSFC
[ocelotrvp-ite:ro] INFO: No motionsense-sensor node found
[helipilot:ro] [101/513] Building C object zephyr/CMakeFiles/zephyr.dir/subsys/pm/device.c.obj
[ocelotrvp-ite:rw] INFO: Running CME, outputting to /mnt/host/source/src/platform/ec/build/zephyr/ocelotrvp-ite/build-rw/zephyr/component_manifest.json
[ocelotrvp-ite:rw] INFO: Project ocelotrvp-ite does not support SSFC
[ocelotrvp-ite:rw] INFO: No motionsense-sensor node found
[bluey:ro] -- Found gen_kobject_list: /mnt/host/source/src/third_party/zephyr/main/scripts/build/gen_kobject_list.py
[helipilot:ro] [102/513] Building C object zephyr/CMakeFiles/zephyr.dir/subsys/pm/device_runtime.c.obj
[bluey:ro] CMake Warning at /mnt/host/source/src/third_party/zephyr/main/CMakeLists.txt:1134 (message):
[bluey:ro]   No SOURCES given to Zephyr library: drivers__spi
[bluey:ro]   Excluding target from build.
[bluey:ro] CMake Warning at /mnt/host/source/src/third_party/zephyr/main/CMakeLists.txt:2359 (message):
[bluey:ro]   __ASSERT() statements are globally ENABLED
[helipilot:ro] [103/513] Building C object zephyr/CMakeFiles/zephyr.dir/subsys/testsuite/coverage/coverage.c.obj
[ptlrvp_npcx:ro] INFO: Skipped 8 named-gpios children.
[ptlrvp_npcx:ro] INFO: Running CME, outputting to /mnt/host/source/src/platform/ec/build/zephyr/ptlrvp_npcx/build-ro/zephyr/component_manifest.json
[ptlrvp_npcx:ro] INFO: Project ptlrvp_npcx does not support SSFC
[ptlrvp_npcx:ro] INFO: No motionsense-sensor node found
[ptlrvp_npcx:ro] -- warning_base_override: -Wall;-Wformat;-Wformat-security;-Wformat;-Wno-format-zero-length;-Wno-pointer-sign;-Wpointer-arith;-Wexpansion-to-defined
[bluey:rw] -- Found gen_kobject_list: /mnt/host/source/src/third_party/zephyr/main/scripts/build/gen_kobject_list.py
[helipilot:ro] [104/513] Building C object zephyr/CMakeFiles/zephyr.dir/subsys/tracing/tracing_none.c.obj
[bluey:rw] CMake Warning at /mnt/host/source/src/third_party/zephyr/main/CMakeLists.txt:1134 (message):
[bluey:ro] -- Configuring done (15.1s)
[bluey:rw]   No SOURCES given to Zephyr library: drivers__spi
[bluey:rw]   Excluding target from build.
[bluey:rw] CMake Warning at /mnt/host/source/src/third_party/zephyr/main/CMakeLists.txt:2359 (message):
[/mnt/host/source/src/platform/ec/build/zephyr/nivviks-lcov]   /mnt/host/source/src/platform/ec/build/zephyr/nivviks/build-ro/CMakeFiles/app.dir/mnt/host/source/src/platform/ec/build/zephyr/nivviks/modules/ec/common/chargen.c.gcno:no functions found
[/mnt/host/source/src/platform/ec/build/zephyr/nivviks-lcov] stderr:
[helipilot:ro] [105/513] Building C object zephyr/CMakeFiles/zephyr.dir/subsys/shell/modules/kernel_service/kernel_shell.c.obj
[ocelotrvp-ite:rw] -- warning_base_override: -Wall;-Wformat;-Wformat-security;-Wformat;-Wno-format-zero-length;-Wno-pointer-sign;-Wpointer-arith;-Wexpansion-to-defined
[ocelotrvp-ite:rw] The PW_ROOT environment variable is not set; using /mnt/host/source/src/platform/ec/build/zephyr/ocelotrvp-ite/modules/pigweed within CMake
[bluey:rw] -- Configuring done (15.3s)
[ocelotrvp-ite:ro] -- warning_base_override: -Wall;-Wformat;-Wformat-security;-Wformat;-Wno-format-zero-length;-Wno-pointer-sign;-Wpointer-arith;-Wexpansion-to-defined
[ptlrvp_npcx:ro] -- Found gen_kobject_list: /mnt/host/source/src/third_party/zephyr/main/scripts/build/gen_kobject_list.py
[ocelotrvp-ite:ro] The PW_ROOT environment variable is not set; using /mnt/host/source/src/platform/ec/build/zephyr/ocelotrvp-ite/modules/pigweed within CMake
[ptlrvp_npcx:ro] CMake Warning at /mnt/host/source/src/third_party/zephyr/main/CMakeLists.txt:2359 (message):
[bluey:ro] -- Generating done (0.4s)
[bluey:ro] CMake Warning:
[ptlrvp_npcx:ro]   __ASSERT() statements are globally ENABLED
[ptlrvp_npcx:ro] Loading Zephyr default modules (Zephyr base (cached)).
[ptlrvp_npcx:ro] -- Configuring done (15.5s)
[helipilot:ro] [106/513] Building C object zephyr/CMakeFiles/zephyr.dir/subsys/shell/modules/kernel_service/cycles.c.obj
[helipilot:ro] [107/513] Building C object zephyr/CMakeFiles/zephyr.dir/subsys/shell/modules/kernel_service/sleep.c.obj
[/mnt/host/source/src/platform/ec/build/zephyr/caboc-lcov]   /mnt/host/source/src/platform/ec/build/zephyr/caboc/build-ro/modules/ec/zephyr/CMakeFiles/ec_shim.dir/drivers/keyboard_input/keyboard_customization_check.c.gcno:no functions found
[/mnt/host/source/src/platform/ec/build/zephyr/caboc-lcov] stderr:
[bluey:rw] -- Generating done (0.4s)
[bluey:rw]   __ASSERT() statements are globally ENABLED
[bluey:rw] CMake Warning:
[bluey:rw] -- Build files have been written to: /mnt/host/source/src/platform/ec/build/zephyr/bluey/build-rw
[helipilot:ro] [108/513] Building C object zephyr/CMakeFiles/zephyr.dir/subsys/shell/modules/kernel_service/uptime.c.obj
[helipilot:ro] [109/513] Building C object zephyr/CMakeFiles/zephyr.dir/subsys/shell/modules/kernel_service/version.c.obj
[bluey:ro] -- Build files have been written to: /mnt/host/source/src/platform/ec/build/zephyr/bluey/build-ro
[bluey:ro]   Manually-specified variables were not used by the project:
[bluey:ro]     COREBOOT_SDK_ROOT_libstdcxx_riscv64
[bluey:ro]     COREBOOT_SDK_ROOT_libstdcxx_x86
[bluey:ro]     COREBOOT_SDK_ROOT_nds32
[bluey:ro]     COREBOOT_SDK_ROOT_picolibc_riscv64
[bluey:ro]     COREBOOT_SDK_ROOT_picolibc_x86
[bluey:ro]     COREBOOT_SDK_ROOT_riscv
[bluey:ro]     COREBOOT_SDK_ROOT_riscv64
[bluey:ro]     COREBOOT_SDK_ROOT_x86
[bluey:rw]   Manually-specified variables were not used by the project:
[bluey:rw]     COREBOOT_SDK_ROOT_libstdcxx_riscv64
[bluey:rw]     COREBOOT_SDK_ROOT_libstdcxx_x86
[bluey:rw]     COREBOOT_SDK_ROOT_nds32
[bluey:rw]     COREBOOT_SDK_ROOT_picolibc_riscv64
[bluey:rw]     COREBOOT_SDK_ROOT_picolibc_x86
[bluey:rw]     COREBOOT_SDK_ROOT_riscv
[bluey:rw]     COREBOOT_SDK_ROOT_riscv64
[bluey:rw]     COREBOOT_SDK_ROOT_x86
[ptlrvp_npcx:ro] -- Generating done (0.5s)
[ptlrvp_npcx:ro] CMake Warning:
[ptlrvp_npcx:ro]   Manually-specified variables were not used by the project:
[ptlrvp_npcx:ro]     COREBOOT_SDK_ROOT_libstdcxx_riscv64
[ptlrvp_npcx:ro]     COREBOOT_SDK_ROOT_libstdcxx_x86
[ptlrvp_npcx:ro]     COREBOOT_SDK_ROOT_nds32
[ptlrvp_npcx:ro]     COREBOOT_SDK_ROOT_picolibc_riscv64
[ptlrvp_npcx:ro]     COREBOOT_SDK_ROOT_picolibc_x86
[ptlrvp_npcx:ro]     COREBOOT_SDK_ROOT_riscv
[ptlrvp_npcx:ro]     COREBOOT_SDK_ROOT_riscv64
[ptlrvp_npcx:ro]     COREBOOT_SDK_ROOT_x86
[ptlrvp_npcx:ro] -- Build files have been written to: /mnt/host/source/src/platform/ec/build/zephyr/ptlrvp_npcx/build-ro
[helipilot:ro] [110/513] Building C object zephyr/CMakeFiles/zephyr.dir/subsys/shell/backends/shell_uart.c.obj
[/mnt/host/source/src/platform/ec/build/zephyr/rex-ish-ec-lcov]   /mnt/host/source/src/platform/ec/build/zephyr/rex-ish-ec/build-ro/CMakeFiles/app.dir/mnt/host/source/src/platform/ec/build/zephyr/rex-ish-ec/modules/ec/common/chargen.c.gcno:no functions found
[/mnt/host/source/src/platform/ec/build/zephyr/rex-ish-ec-lcov] stderr:
[helipilot:ro] [111/513] Building C object zephyr/CMakeFiles/zephyr.dir/subsys/shell/shell_fprintf.c.obj
[helipilot:ro] [112/513] Building C object zephyr/CMakeFiles/zephyr.dir/subsys/shell/shell.c.obj
[helipilot:ro] [113/513] Building C object zephyr/CMakeFiles/zephyr.dir/subsys/shell/shell_ops.c.obj
[helipilot:ro] [114/513] Building C object zephyr/CMakeFiles/zephyr.dir/subsys/shell/shell_utils.c.obj
[helipilot:ro] [115/513] Building C object zephyr/CMakeFiles/zephyr.dir/subsys/shell/shell_help.c.obj
[helipilot:ro] [116/513] Building C object zephyr/CMakeFiles/zephyr.dir/subsys/shell/shell_log_backend.c.obj
[helipilot:ro] [117/513] Building C object zephyr/CMakeFiles/zephyr.dir/subsys/shell/shell_history.c.obj
[helipilot:ro] [118/513] Building C object zephyr/arch/common/CMakeFiles/arch__common.dir/init.c.obj
[helipilot:ro] [119/513] Building C object zephyr/arch/arch/arm/core/CMakeFiles/arch__arm__core.dir/__aeabi_atexit.c.obj
[helipilot:ro] [120/513] Building C object zephyr/CMakeFiles/zephyr.dir/drivers/flash/flash_util.c.obj
[helipilot:ro] [121/513] Building C object zephyr/arch/common/CMakeFiles/arch__common.dir/sw_isr_common.c.obj
[helipilot:ro] [122/513] Building ASM object zephyr/arch/arch/arm/core/CMakeFiles/arch__arm__core.dir/nmi_on_reset.S.obj
[helipilot:ro] [123/513] Building C object zephyr/arch/common/CMakeFiles/arch__common.dir/xip.c.obj
[helipilot:ro] [124/513] Building C object zephyr/arch/common/CMakeFiles/isr_tables.dir/isr_tables.c.obj
[helipilot:ro] [125/513] Linking C static library zephyr/arch/common/libisr_tables.a
[helipilot:ro] [126/513] Building C object zephyr/arch/arch/arm/core/CMakeFiles/arch__arm__core.dir/nmi.c.obj
[helipilot:ro] [127/513] Building C object zephyr/arch/arch/arm/core/CMakeFiles/arch__arm__core.dir/fatal.c.obj
[helipilot:ro] [128/513] Linking C static library zephyr/arch/common/libarch__common.a
[helipilot:ro] [129/513] Linking C static library zephyr/arch/arch/arm/core/libarch__arm__core.a
[helipilot:ro] [130/513] Building ASM object zephyr/arch/arch/arm/core/cortex_m/CMakeFiles/arch__arm__core__cortex_m.dir/fault_s.S.obj
[helipilot:ro] [131/513] Building C object zephyr/arch/arch/arm/core/cortex_m/CMakeFiles/arch__arm__core__cortex_m.dir/exc_exit.c.obj
[helipilot:ro] [132/513] Building C object zephyr/arch/arch/arm/core/cortex_m/CMakeFiles/arch__arm__core__cortex_m.dir/fpu.c.obj
[helipilot:ro] [133/513] Building C object zephyr/arch/arch/arm/core/cortex_m/CMakeFiles/arch__arm__core__cortex_m.dir/fault.c.obj
[helipilot:ro] [134/513] Building C object zephyr/arch/arch/arm/core/cortex_m/CMakeFiles/arch__arm__core__cortex_m.dir/scb.c.obj
[helipilot:ro] [135/513] Building ASM object zephyr/arch/arch/arm/core/cortex_m/CMakeFiles/arch__arm__core__cortex_m.dir/vector_table.S.obj
[helipilot:ro] [136/513] Building C object zephyr/arch/arch/arm/core/cortex_m/CMakeFiles/arch__arm__core__cortex_m.dir/thread_abort.c.obj
[/mnt/host/source/src/platform/ec/build/zephyr/pujjoga-lcov]   /mnt/host/source/src/platform/ec/build/zephyr/pujjoga/build-ro/CMakeFiles/app.dir/mnt/host/source/src/platform/ec/build/zephyr/pujjoga/modules/ec/common/chargen.c.gcno:no functions found
[/mnt/host/source/src/platform/ec/build/zephyr/pujjoga-lcov] stderr:
[/mnt/host/source/src/platform/ec/build/zephyr/matsu_it82000-lcov]   /mnt/host/source/src/platform/ec/build/zephyr/matsu_it82000/build-ro/CMakeFiles/app.dir/mnt/host/source/src/platform/ec/build/zephyr/matsu_it82000/modules/ec/common/cbi_config.c.gcno:no functions found
[/mnt/host/source/src/platform/ec/build/zephyr/matsu_it82000-lcov] stderr:
[helipilot:ro] [137/513] Building ASM object zephyr/arch/arch/arm/core/cortex_m/CMakeFiles/arch__arm__core__cortex_m.dir/reset.S.obj
[/mnt/host/source/src/platform/ec/build/zephyr/starmie-lcov]   /mnt/host/source/src/platform/ec/build/zephyr/starmie/build-ro/CMakeFiles/app.dir/mnt/host/source/src/platform/ec/build/zephyr/starmie/modules/ec/common/chargen.c.gcno:no functions found
[/mnt/host/source/src/platform/ec/build/zephyr/starmie-lcov] stderr:
[helipilot:ro] [138/513] Building C object zephyr/arch/arch/arm/core/cortex_m/CMakeFiles/arch__arm__core__cortex_m.dir/irq_manage.c.obj
[helipilot:ro] [139/513] Building C object zephyr/arch/arch/arm/core/cortex_m/CMakeFiles/arch__arm__core__cortex_m.dir/prep_c.c.obj
[helipilot:ro] [140/513] Building C object zephyr/arch/arch/arm/core/cortex_m/CMakeFiles/arch__arm__core__cortex_m.dir/thread.c.obj
[helipilot:ro] [141/513] Building C object zephyr/arch/arch/arm/core/cortex_m/CMakeFiles/arch__arm__core__cortex_m.dir/cpu_idle.c.obj
[helipilot:ro] [142/513] Building ASM object zephyr/arch/arch/arm/core/cortex_m/CMakeFiles/arch__arm__core__cortex_m.dir/swap_helper.S.obj
[helipilot:ro] [143/513] Building C object zephyr/arch/arch/arm/core/cortex_m/CMakeFiles/arch__arm__core__cortex_m.dir/irq_init.c.obj
[helipilot:ro] [144/513] Building C object zephyr/arch/arch/arm/core/cortex_m/CMakeFiles/arch__arm__core__cortex_m.dir/isr_wrapper.c.obj
[/mnt/host/source/src/platform/ec/build/zephyr/matsu_it82000-lcov]   /mnt/host/source/src/platform/ec/build/zephyr/matsu_it82000/build-ro/zephyr/arch/arch/riscv/core/CMakeFiles/arch__riscv__core.dir/cpu_idle.c.gcno:no functions found
[/mnt/host/source/src/platform/ec/build/zephyr/matsu_it82000-lcov] stderr:
[helipilot:ro] [145/513] Building C object zephyr/lib/posix/c_lib_ext/CMakeFiles/lib__posix__c_lib_ext.dir/fnmatch.c.obj
[helipilot:ro] [146/513] Building C object zephyr/lib/libc/common/CMakeFiles/lib__libc__common.dir/source/time/time.c.obj
[helipilot:ro] [147/513] Building C object zephyr/arch/arch/arm/core/cortex_m/CMakeFiles/arch__arm__core__cortex_m.dir/debug.c.obj
[helipilot:ro] [148/513] Linking C static library zephyr/arch/arch/arm/core/cortex_m/libarch__arm__core__cortex_m.a
[ocelotrvp-ite:ro] -- Found gen_kobject_list: /mnt/host/source/src/third_party/zephyr/main/scripts/build/gen_kobject_list.py
[helipilot:ro] [149/513] Building C object zephyr/arch/arch/arm/core/mpu/CMakeFiles/arch__arm__core__mpu.dir/arm_mpu_regions.c.obj
[ocelotrvp-ite:ro] CMake Warning at /mnt/host/source/src/third_party/zephyr/main/CMakeLists.txt:1134 (message):
[ocelotrvp-ite:ro]   No SOURCES given to Zephyr library: drivers__syscon
[ocelotrvp-ite:ro]   Excluding target from build.
[ocelotrvp-ite:ro] CMake Warning at /mnt/host/source/src/third_party/zephyr/main/CMakeLists.txt:2359 (message):
[ocelotrvp-ite:ro]   __ASSERT() statements are globally ENABLED
[helipilot:ro] [150/513] Building C object zephyr/arch/arch/arm/core/mpu/CMakeFiles/arch__arm__core__mpu.dir/arm_core_mpu.c.obj
[ocelotrvp-ite:rw] -- Found gen_kobject_list: /mnt/host/source/src/third_party/zephyr/main/scripts/build/gen_kobject_list.py
[ocelotrvp-ite:rw] CMake Warning at /mnt/host/source/src/third_party/zephyr/main/CMakeLists.txt:1134 (message):
[ocelotrvp-ite:rw]   No SOURCES given to Zephyr library: drivers__syscon
[ocelotrvp-ite:rw]   Excluding target from build.
[helipilot:ro] [151/513] Building C object zephyr/arch/arch/arm/core/mpu/CMakeFiles/arch__arm__core__mpu.dir/arm_mpu.c.obj
[helipilot:ro] [152/513] Building C object zephyr/lib/libc/common/CMakeFiles/lib__libc__common.dir/source/stdlib/abort.c.obj
[helipilot:ro] [153/513] Linking C static library zephyr/lib/libc/common/liblib__libc__common.a
[helipilot:ro] [154/513] Linking C static library zephyr/arch/arch/arm/core/mpu/libarch__arm__core__mpu.a
[ocelotrvp-ite:rw] CMake Warning at /mnt/host/source/src/third_party/zephyr/main/CMakeLists.txt:2359 (message):
[ocelotrvp-ite:rw]   __ASSERT() statements are globally ENABLED
[ocelotrvp-ite:ro] -- Configuring done (20.0s)
[helipilot:ro] [155/513] Building C object zephyr/lib/libc/newlib/CMakeFiles/lib__libc__newlib.dir/libc-hooks.c.obj
[helipilot:ro] [156/513] Linking C static library zephyr/lib/libc/newlib/liblib__libc__newlib.a
[helipilot:ro] [157/513] Building C object zephyr/lib/posix/options/CMakeFiles/lib__posix__options.dir/timespec_to_timeout.c.obj
[ocelotrvp-ite:rw] -- Configuring done (20.5s)
[helipilot:ro] [158/513] Building C object zephyr/lib/posix/c_lib_ext/CMakeFiles/lib__posix__c_lib_ext.dir/getopt_shim.c.obj
[helipilot:ro] [159/513] Building C object zephyr/lib/posix/c_lib_ext/CMakeFiles/lib__posix__c_lib_ext.dir/getentropy.c.obj
[helipilot:ro] [160/513] Linking C static library zephyr/lib/posix/c_lib_ext/liblib__posix__c_lib_ext.a
[helipilot:ro] [161/513] Building C object zephyr/lib/posix/options/CMakeFiles/lib__posix__options.dir/clock.c.obj
[/mnt/host/source/src/platform/ec/build/zephyr/matsu_it82000-lcov]   /mnt/host/source/src/platform/ec/build/zephyr/matsu_it82000/build-ro/zephyr/arch/common/CMakeFiles/isr_tables.dir/isr_tables.c.gcno:no functions found
[/mnt/host/source/src/platform/ec/build/zephyr/matsu_it82000-lcov] stderr:
[helipilot:ro] [162/513] Building C object zephyr/lib/posix/options/CMakeFiles/lib__posix__options.dir/timer.c.obj
[/mnt/host/source/src/platform/ec/build/zephyr/nivviks-lcov]   /mnt/host/source/src/platform/ec/build/zephyr/nivviks/build-ro/CMakeFiles/app.dir/mnt/host/source/src/platform/ec/build/zephyr/nivviks/modules/ec/common/cbi_config.c.gcno:no functions found
[/mnt/host/source/src/platform/ec/build/zephyr/nivviks-lcov] stderr:
[helipilot:ro] [163/513] Building C object zephyr/lib/posix/options/CMakeFiles/lib__posix__options.dir/grp.c.obj
[helipilot:ro] [164/513] Building C object zephyr/lib/posix/options/CMakeFiles/lib__posix__options.dir/rwlock.c.obj
[helipilot:ro] [165/513] Building C object zephyr/lib/posix/options/CMakeFiles/lib__posix__options.dir/cond.c.obj
[helipilot:ro] [166/513] Building C object zephyr/lib/posix/options/CMakeFiles/lib__posix__options.dir/key.c.obj
[helipilot:ro] [167/513] Building C object zephyr/subsys/crc/CMakeFiles/subsys__crc.dir/crc4_sw.c.obj
[helipilot:ro] [168/513] Building C object zephyr/lib/posix/options/CMakeFiles/lib__posix__options.dir/mutex.c.obj
[helipilot:ro] [169/513] Building C object zephyr/lib/posix/options/CMakeFiles/lib__posix__options.dir/pwd.c.obj
[helipilot:ro] [170/513] Building C object zephyr/subsys/crc/CMakeFiles/subsys__crc.dir/crc8_sw.c.obj
[helipilot:ro] [171/513] Building C object zephyr/subsys/crc/CMakeFiles/subsys__crc.dir/crc16_sw.c.obj
[helipilot:ro] [172/513] Building C object zephyr/subsys/mgmt/ec_host_cmd/CMakeFiles/subsys__mgmt__ec_host_cmd.dir/ec_host_cmd_handler.c.obj
[helipilot:ro] [173/513] Linking C static library zephyr/subsys/mgmt/ec_host_cmd/libsubsys__mgmt__ec_host_cmd.a
[helipilot:ro] [174/513] Building C object zephyr/lib/posix/options/CMakeFiles/lib__posix__options.dir/pthread.c.obj
[helipilot:ro] [175/513] Linking C static library zephyr/lib/posix/options/liblib__posix__options.a
[helipilot:ro] [176/513] Building C object zephyr/subsys/crc/CMakeFiles/subsys__crc.dir/crc32c_sw.c.obj
[helipilot:ro] [177/513] Building C object zephyr/subsys/crc/CMakeFiles/subsys__crc.dir/crc32_sw.c.obj
[helipilot:ro] [178/513] Building C object zephyr/subsys/crc/CMakeFiles/subsys__crc.dir/crc7_sw.c.obj
[helipilot:ro] [179/513] Building C object zephyr/subsys/crc/CMakeFiles/subsys__crc.dir/crc24_sw.c.obj
[/mnt/host/source/src/platform/ec/build/zephyr/caboc-lcov]   /mnt/host/source/src/platform/ec/build/zephyr/caboc/build-ro/CMakeFiles/app.dir/mnt/host/source/src/platform/ec/build/zephyr/caboc/modules/ec/common/cbi_config.c.gcno:no functions found
[/mnt/host/source/src/platform/ec/build/zephyr/caboc-lcov] stderr:
[helipilot:ro] [180/513] Building C object zephyr/subsys/random/CMakeFiles/subsys__random.dir/random_entropy_device.c.obj
[helipilot:ro] [181/513] Building C object zephyr/subsys/crc/CMakeFiles/subsys__crc.dir/crc32k_4_2_sw.c.obj
[helipilot:ro] [182/513] Linking C static library zephyr/subsys/random/libsubsys__random.a
[helipilot:ro] [183/513] Linking C static library zephyr/subsys/crc/libsubsys__crc.a
[helipilot:ro] [184/513] Building C object zephyr/subsys/mgmt/ec_host_cmd/backends/CMakeFiles/subsys__mgmt__ec_host_cmd__backends.dir/ec_host_cmd_backend_uart.c.obj
[/mnt/host/source/src/platform/ec/build/zephyr/rex-ish-ec-lcov]   /mnt/host/source/src/platform/ec/build/zephyr/rex-ish-ec/build-ro/CMakeFiles/app.dir/mnt/host/source/src/platform/ec/build/zephyr/rex-ish-ec/modules/ec/common/cbi_config.c.gcno:no functions found
[/mnt/host/source/src/platform/ec/build/zephyr/rex-ish-ec-lcov] stderr:
[helipilot:ro] [185/513] Building C object zephyr/subsys/mgmt/ec_host_cmd/backends/CMakeFiles/subsys__mgmt__ec_host_cmd__backends.dir/ec_host_cmd_backend_shi_npcx.c.obj
[helipilot:ro] [186/513] Linking C static library zephyr/subsys/mgmt/ec_host_cmd/backends/libsubsys__mgmt__ec_host_cmd__backends.a
[/mnt/host/source/src/platform/ec/build/zephyr/nivviks-lcov]   /mnt/host/source/src/platform/ec/build/zephyr/nivviks/build-ro/zephyr/arch/arch/arm/core/mpu/CMakeFiles/arch__arm__core__mpu.dir/arm_mpu_regions.c.gcno:no functions found
[/mnt/host/source/src/platform/ec/build/zephyr/nivviks-lcov] stderr:
[helipilot:ro] [187/513] Building C object zephyr/drivers/clock_control/CMakeFiles/drivers__clock_control.dir/clock_control_npcx.c.obj
[helipilot:ro] [188/513] Building C object zephyr/drivers/bbram/CMakeFiles/drivers__bbram.dir/bbram_npcx.c.obj
[helipilot:ro] [189/513] Linking C static library zephyr/drivers/clock_control/libdrivers__clock_control.a
[/mnt/host/source/src/platform/ec/build/zephyr/caboc-lcov]   /mnt/host/source/src/platform/ec/build/zephyr/caboc/build-ro/zephyr/arch/arch/riscv/core/CMakeFiles/arch__riscv__core.dir/cpu_idle.c.gcno:no functions found
[/mnt/host/source/src/platform/ec/build/zephyr/caboc-lcov] stderr:
[helipilot:ro] [190/513] Linking C static library zephyr/drivers/bbram/libdrivers__bbram.a
[helipilot:ro] [191/513] Building C object zephyr/drivers/interrupt_controller/CMakeFiles/drivers__interrupt_controller.dir/intc_miwu.c.obj
[helipilot:ro] [192/513] Linking C static library zephyr/drivers/interrupt_controller/libdrivers__interrupt_controller.a
[helipilot:ro] [193/513] Building C object zephyr/drivers/flash/CMakeFiles/drivers__flash.dir/jesd216.c.obj
[helipilot:ro] [194/513] Building C object zephyr/drivers/entropy/CMakeFiles/drivers__entropy.dir/entropy_npcx_drbg.c.obj
[helipilot:ro] [195/513] Building C object zephyr/drivers/crypto/CMakeFiles/drivers__crypto.dir/crypto_npcx_sha.c.obj
[helipilot:ro] [196/513] Building C object zephyr/drivers/console/CMakeFiles/drivers__console.dir/uart_console.c.obj
[helipilot:ro] [197/513] Linking C static library zephyr/drivers/entropy/libdrivers__entropy.a
[helipilot:ro] [198/513] Linking C static library zephyr/drivers/crypto/libdrivers__crypto.a
[helipilot:ro] [199/513] Linking C static library zephyr/drivers/console/libdrivers__console.a
[helipilot:ro] [200/513] Building C object zephyr/drivers/flash/CMakeFiles/drivers__flash.dir/flash_npcx_fiu_nor.c.obj
[/mnt/host/source/src/platform/ec/build/zephyr/pujjoga-lcov]   /mnt/host/source/src/platform/ec/build/zephyr/pujjoga/build-ro/CMakeFiles/app.dir/mnt/host/source/src/platform/ec/build/zephyr/pujjoga/modules/ec/common/cbi_config.c.gcno:no functions found
[/mnt/host/source/src/platform/ec/build/zephyr/pujjoga-lcov] stderr:
[/mnt/host/source/src/platform/ec/build/zephyr/rex-ish-ec-lcov]   /mnt/host/source/src/platform/ec/build/zephyr/rex-ish-ec/build-ro/zephyr/arch/arch/arm/core/mpu/CMakeFiles/arch__arm__core__mpu.dir/arm_mpu_regions.c.gcno:no functions found
[/mnt/host/source/src/platform/ec/build/zephyr/rex-ish-ec-lcov] stderr:
[helipilot:ro] [201/513] Building C object zephyr/drivers/pinctrl/CMakeFiles/drivers__pinctrl.dir/common.c.obj
[/mnt/host/source/src/platform/ec/build/zephyr/nivviks-lcov]   /mnt/host/source/src/platform/ec/build/zephyr/nivviks/build-ro/zephyr/arch/common/CMakeFiles/isr_tables.dir/isr_tables.c.gcno:no functions found
[/mnt/host/source/src/platform/ec/build/zephyr/nivviks-lcov] stderr:
[helipilot:ro] [202/513] Building C object zephyr/drivers/pinctrl/CMakeFiles/drivers__pinctrl.dir/pinctrl_npcx.c.obj
[helipilot:ro] [203/513] Building C object zephyr/drivers/flash/CMakeFiles/drivers__flash.dir/flash_npcx_fiu_qspi.c.obj
[helipilot:ro] [204/513] Linking C static library zephyr/drivers/pinctrl/libdrivers__pinctrl.a
[helipilot:ro] [205/513] Linking C static library zephyr/drivers/flash/libdrivers__flash.a
[helipilot:ro] [206/513] Building C object zephyr/drivers/gpio/CMakeFiles/drivers__gpio.dir/gpio_npcx.c.obj
[helipilot:ro] [207/513] Linking C static library zephyr/drivers/gpio/libdrivers__gpio.a
[/mnt/host/source/src/platform/ec/build/zephyr/caboc-lcov]   /mnt/host/source/src/platform/ec/build/zephyr/caboc/build-ro/zephyr/arch/common/CMakeFiles/isr_tables.dir/isr_tables.c.gcno:no functions found
[/mnt/host/source/src/platform/ec/build/zephyr/caboc-lcov] stderr:
[helipilot:ro] [208/513] Building C object zephyr/drivers/syscon/CMakeFiles/drivers__syscon.dir/syscon.c.obj
[helipilot:ro] [209/513] Linking C static library zephyr/drivers/syscon/libdrivers__syscon.a
[helipilot:ro] [210/513] Building C object zephyr/drivers/spi/CMakeFiles/drivers__spi.dir/spi_npcx_spip.c.obj
[helipilot:ro] [211/513] Linking C static library zephyr/drivers/spi/libdrivers__spi.a
[helipilot:ro] [212/513] Building C object zephyr/drivers/serial/CMakeFiles/drivers__serial.dir/uart_npcx.c.obj
[/mnt/host/source/src/platform/ec/build/zephyr/starmie-lcov]   /mnt/host/source/src/platform/ec/build/zephyr/starmie/build-ro/CMakeFiles/app.dir/mnt/host/source/src/platform/ec/build/zephyr/starmie/modules/ec/common/cbi_config.c.gcno:no functions found
[/mnt/host/source/src/platform/ec/build/zephyr/starmie-lcov] stderr:
[helipilot:ro] [213/513] Linking C static library zephyr/drivers/serial/libdrivers__serial.a
[helipilot:ro] [214/513] Building C object zephyr/drivers/timer/CMakeFiles/drivers__timer.dir/sys_clock_init.c.obj
[/mnt/host/source/src/platform/ec/build/zephyr/rex-ish-ec-lcov]   /mnt/host/source/src/platform/ec/build/zephyr/rex-ish-ec/build-ro/zephyr/arch/common/CMakeFiles/isr_tables.dir/isr_tables.c.gcno:no functions found
[/mnt/host/source/src/platform/ec/build/zephyr/rex-ish-ec-lcov] stderr:
[helipilot:ro] [215/513] Building C object zephyr/drivers/timer/CMakeFiles/drivers__timer.dir/npcx_itim_timer.c.obj
[helipilot:ro] [216/513] Building C object zephyr/drivers/watchdog/CMakeFiles/drivers__watchdog.dir/wdt_npcx.c.obj
[helipilot:ro] [217/513] Linking C static library zephyr/drivers/timer/libdrivers__timer.a
[helipilot:ro] [218/513] Linking C static library zephyr/drivers/watchdog/libdrivers__watchdog.a
[helipilot:ro] [219/513] Building C object modules/ec/zephyr/CMakeFiles/ec_shim.dir/app/ec/main_shim.c.obj
[helipilot:ro] [220/513] Building C object modules/ec/zephyr/CMakeFiles/ec_shim.dir/app/ec/ec_app_main.c.obj
[helipilot:ro] [221/513] Building C object modules/ec/zephyr/CMakeFiles/ec_shim.dir/drivers/cros_flash/cros_flash_npcx.c.obj
[/mnt/host/source/src/platform/ec/build/zephyr/pujjoga-lcov]   /mnt/host/source/src/platform/ec/build/zephyr/pujjoga/build-ro/zephyr/arch/arch/arm/core/mpu/CMakeFiles/arch__arm__core__mpu.dir/arm_mpu_regions.c.gcno:no functions found
[/mnt/host/source/src/platform/ec/build/zephyr/pujjoga-lcov] stderr:
[helipilot:ro] [222/513] Building C object modules/ec/zephyr/CMakeFiles/ec_shim.dir/drivers/cros_rtc/cros_rtc_npcx.c.obj
[/mnt/host/source/src/platform/ec/build/zephyr/matsu_it82000-lcov]   /mnt/host/source/src/platform/ec/build/zephyr/matsu_it82000/build-ro/zephyr/CMakeFiles/zephyr.dir/subsys/shell/modules/kernel_service/kernel_shell.c.gcno:no functions found
[/mnt/host/source/src/platform/ec/build/zephyr/matsu_it82000-lcov] stderr:
[/mnt/host/source/src/platform/ec/build/zephyr/starmie-lcov]   /mnt/host/source/src/platform/ec/build/zephyr/starmie/build-ro/zephyr/arch/arch/riscv/core/CMakeFiles/arch__riscv__core.dir/cpu_idle.c.gcno:no functions found
[/mnt/host/source/src/platform/ec/build/zephyr/starmie-lcov] stderr:
[helipilot:ro] [223/513] Building C object modules/ec/zephyr/CMakeFiles/ec_shim.dir/libc/exit.c.obj
[helipilot:ro] [224/513] Building C object modules/ec/zephyr/CMakeFiles/ec_shim.dir/drivers/cros_system/cros_system_npcx.c.obj
[/mnt/host/source/src/platform/ec/build/zephyr/matsu_it82000-lcov]   /mnt/host/source/src/platform/ec/build/zephyr/matsu_it82000/build-ro/zephyr/CMakeFiles/zephyr.dir/lib/libc/validate_libc.c.gcno:no functions found
[/mnt/host/source/src/platform/ec/build/zephyr/matsu_it82000-lcov] stderr:
[helipilot:ro] [225/513] Building C object modules/ec/zephyr/CMakeFiles/ec_shim.dir/shim/chip/npcx/gpio.c.obj
[helipilot:ro] [226/513] Building C object modules/ec/zephyr/CMakeFiles/ec_shim.dir/shim/chip/npcx/clock.c.obj
[helipilot:ro] [227/513] Building C object modules/ec/zephyr/CMakeFiles/ec_shim.dir/shim/chip/npcx/rom_chip.c.obj
[helipilot:ro] [228/513] Building C object modules/ec/zephyr/CMakeFiles/ec_shim.dir/shim/chip/npcx/shi.c.obj
[helipilot:ro] [229/513] Building C object modules/ec/zephyr/CMakeFiles/ec_shim.dir/shim/chip/npcx/system.c.obj
[helipilot:ro] [230/513] Building C object modules/ec/zephyr/CMakeFiles/ec_shim.dir/shim/chip/npcx/otp_key.c.obj
[/mnt/host/source/src/platform/ec/build/zephyr/pujjoga-lcov]   /mnt/host/source/src/platform/ec/build/zephyr/pujjoga/build-ro/zephyr/arch/common/CMakeFiles/isr_tables.dir/isr_tables.c.gcno:no functions found
[/mnt/host/source/src/platform/ec/build/zephyr/pujjoga-lcov] stderr:
[helipilot:ro] [231/513] Building C object modules/ec/zephyr/CMakeFiles/ec_shim.dir/shim/src/crc.c.obj
[/mnt/host/source/src/platform/ec/build/zephyr/starmie-lcov]   /mnt/host/source/src/platform/ec/build/zephyr/starmie/build-ro/zephyr/arch/common/CMakeFiles/isr_tables.dir/isr_tables.c.gcno:no functions found
[/mnt/host/source/src/platform/ec/build/zephyr/starmie-lcov] stderr:
[helipilot:ro] [232/513] Building C object modules/ec/zephyr/CMakeFiles/ec_shim.dir/shim/chip/npcx/power_policy.c.obj
[helipilot:ro] [233/513] Building C object modules/ec/zephyr/CMakeFiles/ec_shim.dir/shim/core/cortex-m/mpu.c.obj
[helipilot:ro] [234/513] Building C object modules/ec/zephyr/CMakeFiles/ec_shim.dir/shim/chip/npcx/ram_lock.c.obj
[helipilot:ro] [235/513] Building C object modules/ec/zephyr/CMakeFiles/ec_shim.dir/shim/core/cortex-m/panic.c.obj
[helipilot:ro] [236/513] Building C object modules/ec/zephyr/CMakeFiles/ec_shim.dir/shim/chip/npcx/system_external_storage.c.obj
[/mnt/host/source/src/platform/ec/build/zephyr/matsu_it82000-lcov]   /mnt/host/source/src/platform/ec/build/zephyr/matsu_it82000/build-ro/zephyr/CMakeFiles/zephyr.dir/lib/utils/last_section_id.c.gcno:no functions found
[/mnt/host/source/src/platform/ec/build/zephyr/matsu_it82000-lcov] stderr:
[helipilot:ro] [237/513] Building C object modules/ec/zephyr/CMakeFiles/ec_shim.dir/shim/src/console.c.obj
[helipilot:ro] [238/513] Building C object modules/ec/zephyr/CMakeFiles/ec_shim.dir/shim/src/gpio.c.obj
[ocelotrvp-ite:ro] -- Generating done (6.7s)
[ocelotrvp-ite:ro] CMake Warning:
[ocelotrvp-ite:ro] -- Build files have been written to: /mnt/host/source/src/platform/ec/build/zephyr/ocelotrvp-ite/build-ro
[helipilot:ro] [239/513] Building C object modules/ec/zephyr/CMakeFiles/ec_shim.dir/shim/src/gpio_int.c.obj
[helipilot:ro] [240/513] Building C object modules/ec/zephyr/CMakeFiles/ec_shim.dir/shim/src/panic_utils.c.obj
[ocelotrvp-ite:rw] -- Generating done (6.6s)
[ocelotrvp-ite:rw] CMake Warning:
[ocelotrvp-ite:rw]   Manually-specified variables were not used by the project:
[ocelotrvp-ite:rw]     COREBOOT_SDK_ROOT_arm
[ocelotrvp-ite:rw]     COREBOOT_SDK_ROOT_libstdcxx_arm
[helipilot:ro] [241/513] Building C object modules/ec/zephyr/CMakeFiles/ec_shim.dir/shim/src/pm_state.c.obj
[ocelotrvp-ite:rw] -- Build files have been written to: /mnt/host/source/src/platform/ec/build/zephyr/ocelotrvp-ite/build-rw
[/mnt/host/source/src/platform/ec/build/zephyr/nivviks-lcov]   /mnt/host/source/src/platform/ec/build/zephyr/nivviks/build-ro/zephyr/CMakeFiles/zephyr.dir/subsys/shell/modules/kernel_service/kernel_shell.c.gcno:no functions found
[/mnt/host/source/src/platform/ec/build/zephyr/nivviks-lcov] stderr:
[helipilot:ro] [242/513] Building C object modules/ec/zephyr/CMakeFiles/ec_shim.dir/shim/src/system.c.obj
[helipilot:ro] [243/513] Building C object modules/ec/zephyr/CMakeFiles/ec_shim.dir/shim/src/hooks.c.obj
[helipilot:ro] [244/513] Building C object modules/ec/zephyr/CMakeFiles/ec_shim.dir/shim/src/flash.c.obj
[helipilot:ro] [245/513] Building C object modules/ec/zephyr/CMakeFiles/ec_shim.dir/shim/src/host_command.c.obj
[/mnt/host/source/src/platform/ec/build/zephyr/nivviks-lcov]   /mnt/host/source/src/platform/ec/build/zephyr/nivviks/build-ro/zephyr/CMakeFiles/zephyr.dir/lib/libc/validate_libc.c.gcno:no functions found
[/mnt/host/source/src/platform/ec/build/zephyr/nivviks-lcov] stderr:
[ocelotrvp-ite:ro]   Manually-specified variables were not used by the project:
[ocelotrvp-ite:ro]     COREBOOT_SDK_ROOT_arm
[ocelotrvp-ite:ro]     COREBOOT_SDK_ROOT_libstdcxx_arm
[ocelotrvp-ite:ro]     COREBOOT_SDK_ROOT_libstdcxx_x86
[ocelotrvp-ite:ro]     COREBOOT_SDK_ROOT_nds32
[ocelotrvp-ite:ro]     COREBOOT_SDK_ROOT_picolibc_arm
[ocelotrvp-ite:ro]     COREBOOT_SDK_ROOT_picolibc_x86
[ocelotrvp-ite:ro]     COREBOOT_SDK_ROOT_riscv
[ocelotrvp-ite:ro]     COREBOOT_SDK_ROOT_x86
[ocelotrvp-ite:ro]     PW_ROOT
[helipilot:ro] [246/513] Building C object modules/ec/zephyr/CMakeFiles/ec_shim.dir/shim/src/console_buffer.c.obj
[helipilot:ro] [247/513] Building C object modules/ec/zephyr/CMakeFiles/ec_shim.dir/shim/src/log_backend_console_buffer.c.obj
[helipilot:ro] [248/513] Building C object modules/ec/zephyr/CMakeFiles/ec_shim.dir/shim/src/mkbp_event.c.obj
[helipilot:ro] [249/513] Building C object modules/ec/zephyr/CMakeFiles/ec_shim.dir/shim/src/panic.c.obj
[ocelotrvp-ite:rw]     COREBOOT_SDK_ROOT_libstdcxx_x86
[ocelotrvp-ite:rw]     COREBOOT_SDK_ROOT_nds32
[ocelotrvp-ite:rw]     COREBOOT_SDK_ROOT_picolibc_arm
[ocelotrvp-ite:rw]     COREBOOT_SDK_ROOT_picolibc_x86
[ocelotrvp-ite:rw]     COREBOOT_SDK_ROOT_riscv
[ocelotrvp-ite:rw]     COREBOOT_SDK_ROOT_x86
[ocelotrvp-ite:rw]     PW_ROOT
[/mnt/host/source/src/platform/ec/build/zephyr/caboc-lcov]   /mnt/host/source/src/platform/ec/build/zephyr/caboc/build-ro/zephyr/CMakeFiles/zephyr.dir/subsys/shell/modules/kernel_service/kernel_shell.c.gcno:no functions found
[/mnt/host/source/src/platform/ec/build/zephyr/caboc-lcov] stderr:
[helipilot:ro] [250/513] Building C object modules/ec/zephyr/CMakeFiles/ec_shim.dir/shim/src/hwtimer.c.obj
[helipilot:ro] [251/513] Building C object modules/ec/zephyr/CMakeFiles/ec_shim.dir/shim/src/random.c.obj
[/mnt/host/source/src/platform/ec/build/zephyr/rex-ish-ec-lcov]   /mnt/host/source/src/platform/ec/build/zephyr/rex-ish-ec/build-ro/zephyr/CMakeFiles/zephyr.dir/subsys/shell/modules/kernel_service/kernel_shell.c.gcno:no functions found
[/mnt/host/source/src/platform/ec/build/zephyr/rex-ish-ec-lcov] stderr:
[helipilot:ro] [252/513] Building C object modules/ec/third_party/boringssl/build/CMakeFiles/crypto.dir/crypto/asn1/a_time.c.obj
[/mnt/host/source/src/platform/ec/build/zephyr/caboc-lcov]   /mnt/host/source/src/platform/ec/build/zephyr/caboc/build-ro/zephyr/CMakeFiles/zephyr.dir/lib/libc/validate_libc.c.gcno:no functions found
[/mnt/host/source/src/platform/ec/build/zephyr/caboc-lcov] stderr:
[helipilot:ro] [253/513] Building C object modules/ec/zephyr/CMakeFiles/ec_shim.dir/shim/src/rtc.c.obj
[helipilot:ro] [254/513] Building C object modules/ec/zephyr/CMakeFiles/ec_shim.dir/shim/src/tasks.c.obj
[helipilot:ro] [255/513] Building C object modules/ec/third_party/boringssl/build/CMakeFiles/crypto.dir/crypto/asn1/a_utctm.c.obj
[helipilot:ro] [256/513] Building C object modules/ec/third_party/boringssl/build/CMakeFiles/crypto.dir/crypto/asn1/asn1_par.c.obj
[helipilot:ro] [257/513] Building C object modules/ec/third_party/boringssl/build/CMakeFiles/crypto.dir/crypto/asn1/a_type.c.obj
[helipilot:ro] [258/513] Building C object modules/ec/zephyr/CMakeFiles/ec_shim.dir/shim/src/watchdog.c.obj
[/mnt/host/source/src/platform/ec/build/zephyr/rex-ish-ec-lcov]   /mnt/host/source/src/platform/ec/build/zephyr/rex-ish-ec/build-ro/zephyr/CMakeFiles/zephyr.dir/lib/libc/validate_libc.c.gcno:no functions found
[/mnt/host/source/src/platform/ec/build/zephyr/rex-ish-ec-lcov] stderr:
[helipilot:ro] [259/513] Building C object modules/ec/third_party/boringssl/build/CMakeFiles/crypto.dir/crypto/asn1/asn_pack.c.obj
[helipilot:ro] [260/513] Building C object modules/ec/zephyr/CMakeFiles/ec_shim.dir/shim/src/sha256_hw.c.obj
[helipilot:ro] [261/513] Building C object modules/ec/third_party/boringssl/build/CMakeFiles/crypto.dir/crypto/asn1/f_int.c.obj
[/mnt/host/source/src/platform/ec/build/zephyr/nivviks-lcov]   /mnt/host/source/src/platform/ec/build/zephyr/nivviks/build-ro/zephyr/CMakeFiles/zephyr.dir/lib/utils/last_section_id.c.gcno:no functions found
[/mnt/host/source/src/platform/ec/build/zephyr/nivviks-lcov] stderr:
[helipilot:ro] [262/513] Building C object modules/ec/third_party/boringssl/build/CMakeFiles/crypto.dir/crypto/asn1/f_string.c.obj
[helipilot:ro] [263/513] Building C object modules/ec/third_party/boringssl/build/CMakeFiles/crypto.dir/crypto/asn1/a_strnid.c.obj
[helipilot:ro] [264/513] Building C object modules/ec/third_party/boringssl/build/CMakeFiles/crypto.dir/crypto/asn1/posix_time.c.obj
[helipilot:ro] [265/513] Building C object modules/ec/zephyr/CMakeFiles/ec_shim.dir/shim/src/usbc_stub.c.obj
[helipilot:ro] [266/513] Building C object modules/ec/third_party/boringssl/build/CMakeFiles/crypto.dir/crypto/asn1/a_strex.c.obj
[helipilot:ro] [267/513] Linking C static library modules/ec/zephyr/libec_shim.a
[helipilot:ro] [268/513] Building C object modules/ec/third_party/boringssl/build/CMakeFiles/crypto.dir/crypto/asn1/tasn_fre.c.obj
[helipilot:ro] [269/513] Building C object modules/ec/third_party/boringssl/build/CMakeFiles/crypto.dir/crypto/asn1/tasn_typ.c.obj
[helipilot:ro] [270/513] Building C object modules/ec/third_party/boringssl/build/CMakeFiles/crypto.dir/crypto/asn1/asn1_lib.c.obj
[helipilot:ro] [271/513] Building C object modules/ec/third_party/boringssl/build/CMakeFiles/crypto.dir/crypto/bio/connect.c.obj
[helipilot:ro] [272/513] Building C object modules/ec/third_party/boringssl/build/CMakeFiles/crypto.dir/crypto/bio/errno.c.obj
[helipilot:ro] [273/513] Building C object modules/ec/third_party/boringssl/build/CMakeFiles/crypto.dir/crypto/bio/fd.c.obj
[/mnt/host/source/src/platform/ec/build/zephyr/caboc-lcov]   /mnt/host/source/src/platform/ec/build/zephyr/caboc/build-ro/zephyr/CMakeFiles/zephyr.dir/lib/utils/last_section_id.c.gcno:no functions found
[/mnt/host/source/src/platform/ec/build/zephyr/caboc-lcov] stderr:
[helipilot:ro] [274/513] Building C object modules/ec/third_party/boringssl/build/CMakeFiles/crypto.dir/crypto/asn1/tasn_dec.c.obj
[helipilot:ro] [275/513] Building C object modules/ec/third_party/boringssl/build/CMakeFiles/crypto.dir/crypto/asn1/tasn_enc.c.obj
[helipilot:ro] [276/513] Building C object modules/ec/third_party/boringssl/build/CMakeFiles/crypto.dir/crypto/asn1/tasn_new.c.obj
[helipilot:ro] [277/513] Building C object modules/ec/third_party/boringssl/build/CMakeFiles/crypto.dir/crypto/base64/base64.c.obj
[/mnt/host/source/src/platform/ec/build/zephyr/starmie-lcov]   /mnt/host/source/src/platform/ec/build/zephyr/starmie/build-ro/zephyr/CMakeFiles/zephyr.dir/subsys/shell/modules/kernel_service/kernel_shell.c.gcno:no functions found
[/mnt/host/source/src/platform/ec/build/zephyr/starmie-lcov] stderr:
[/mnt/host/source/src/platform/ec/build/zephyr/pujjoga-lcov]   /mnt/host/source/src/platform/ec/build/zephyr/pujjoga/build-ro/zephyr/CMakeFiles/zephyr.dir/subsys/shell/modules/kernel_service/kernel_shell.c.gcno:no functions found
[/mnt/host/source/src/platform/ec/build/zephyr/pujjoga-lcov] stderr:
[helipilot:ro] [278/513] Building C object modules/ec/third_party/boringssl/build/CMakeFiles/crypto.dir/crypto/asn1/tasn_utl.c.obj
[helipilot:ro] [279/513] Building C object modules/ec/third_party/boringssl/build/CMakeFiles/crypto.dir/crypto/bio/socket.c.obj
[helipilot:ro] [280/513] Building C object modules/ec/third_party/boringssl/build/CMakeFiles/crypto.dir/crypto/bio/printf.c.obj
[helipilot:ro] [281/513] Building C object modules/ec/third_party/boringssl/build/CMakeFiles/crypto.dir/crypto/bio/socket_helper.c.obj
[helipilot:ro] [282/513] Building C object modules/ec/third_party/boringssl/build/CMakeFiles/crypto.dir/crypto/bio/bio_mem.c.obj
[helipilot:ro] [283/513] Building C object modules/ec/third_party/boringssl/build/CMakeFiles/crypto.dir/crypto/bio/bio.c.obj
[helipilot:ro] [284/513] Building C object modules/ec/third_party/boringssl/build/CMakeFiles/crypto.dir/crypto/bn_extra/bn_asn1.c.obj
[/mnt/host/source/src/platform/ec/build/zephyr/starmie-lcov]   /mnt/host/source/src/platform/ec/build/zephyr/starmie/build-ro/zephyr/CMakeFiles/zephyr.dir/lib/libc/validate_libc.c.gcno:no functions found
[/mnt/host/source/src/platform/ec/build/zephyr/starmie-lcov] stderr:
[helipilot:ro] [285/513] Building C object modules/ec/third_party/boringssl/build/CMakeFiles/crypto.dir/crypto/bio/file.c.obj
[/mnt/host/source/src/platform/ec/build/zephyr/pujjoga-lcov]   /mnt/host/source/src/platform/ec/build/zephyr/pujjoga/build-ro/zephyr/CMakeFiles/zephyr.dir/lib/libc/validate_libc.c.gcno:no functions found
[/mnt/host/source/src/platform/ec/build/zephyr/pujjoga-lcov] stderr:
[/mnt/host/source/src/platform/ec/build/zephyr/rex-ish-ec-lcov]   /mnt/host/source/src/platform/ec/build/zephyr/rex-ish-ec/build-ro/zephyr/CMakeFiles/zephyr.dir/lib/utils/last_section_id.c.gcno:no functions found
[/mnt/host/source/src/platform/ec/build/zephyr/rex-ish-ec-lcov] stderr:
[helipilot:ro] [286/513] Building C object modules/ec/third_party/boringssl/build/CMakeFiles/crypto.dir/crypto/bio/hexdump.c.obj
[helipilot:ro] [287/513] Building C object modules/ec/third_party/boringssl/build/CMakeFiles/crypto.dir/crypto/bytestring/ber.c.obj
[helipilot:ro] [288/513] Building C object modules/ec/third_party/boringssl/build/CMakeFiles/crypto.dir/crypto/bio/pair.c.obj
[helipilot:ro] [289/513] Building C object modules/ec/third_party/boringssl/build/CMakeFiles/crypto.dir/crypto/bytestring/unicode.c.obj
[helipilot:ro] [290/513] Building C object modules/ec/third_party/boringssl/build/CMakeFiles/crypto.dir/crypto/cipher_extra/derive_key.c.obj
[helipilot:ro] [291/513] Building C object modules/ec/third_party/boringssl/build/CMakeFiles/crypto.dir/crypto/blake2/blake2.c.obj
[helipilot:ro] [292/513] Building C object modules/ec/third_party/boringssl/build/CMakeFiles/crypto.dir/crypto/bn_extra/convert.c.obj
[helipilot:ro] [293/513] Building C object modules/ec/third_party/boringssl/build/CMakeFiles/crypto.dir/crypto/buf/buf.c.obj
[helipilot:ro] [294/513] Building C object modules/ec/third_party/boringssl/build/CMakeFiles/crypto.dir/crypto/bytestring/asn1_compat.c.obj
[helipilot:ro] [295/513] Building C object modules/ec/third_party/boringssl/build/CMakeFiles/crypto.dir/crypto/bytestring/cbs.c.obj
[helipilot:ro] [296/513] Building C object modules/ec/third_party/boringssl/build/CMakeFiles/crypto.dir/crypto/bytestring/cbb.c.obj
[helipilot:ro] [297/513] Building C object modules/ec/third_party/boringssl/build/CMakeFiles/crypto.dir/crypto/chacha/chacha.c.obj
[helipilot:ro] [298/513] Building C object modules/ec/third_party/boringssl/build/CMakeFiles/crypto.dir/crypto/cipher_extra/cipher_extra.c.obj
[/mnt/host/source/src/platform/ec/build/zephyr/starmie-lcov]   /mnt/host/source/src/platform/ec/build/zephyr/starmie/build-ro/zephyr/CMakeFiles/zephyr.dir/lib/utils/last_section_id.c.gcno:no functions found
[/mnt/host/source/src/platform/ec/build/zephyr/starmie-lcov] stderr:
[helipilot:ro] [299/513] Building C object modules/ec/third_party/boringssl/build/CMakeFiles/crypto.dir/crypto/cipher_extra/e_aesctrhmac.c.obj
[/mnt/host/source/src/platform/ec/build/zephyr/pujjoga-lcov]   /mnt/host/source/src/platform/ec/build/zephyr/pujjoga/build-ro/zephyr/CMakeFiles/zephyr.dir/lib/utils/last_section_id.c.gcno:no functions found
[/mnt/host/source/src/platform/ec/build/zephyr/pujjoga-lcov] stderr:
[helipilot:ro] [300/513] Building C object modules/ec/third_party/boringssl/build/CMakeFiles/crypto.dir/crypto/cipher_extra/e_aesgcmsiv.c.obj
[helipilot:ro] [301/513] Building C object modules/ec/third_party/boringssl/build/CMakeFiles/crypto.dir/crypto/cipher_extra/e_des.c.obj
[helipilot:ro] [302/513] Building C object modules/ec/third_party/boringssl/build/CMakeFiles/crypto.dir/crypto/cipher_extra/e_null.c.obj
[helipilot:ro] [303/513] Building C object modules/ec/third_party/boringssl/build/CMakeFiles/crypto.dir/crypto/cipher_extra/e_chacha20poly1305.c.obj
[helipilot:ro] [304/513] Building C object modules/ec/third_party/boringssl/build/CMakeFiles/crypto.dir/crypto/cipher_extra/e_rc2.c.obj
[helipilot:ro] [305/513] Building C object modules/ec/third_party/boringssl/build/CMakeFiles/crypto.dir/crypto/cipher_extra/e_tls.c.obj
[helipilot:ro] [306/513] Building C object modules/ec/third_party/boringssl/build/CMakeFiles/crypto.dir/crypto/cipher_extra/e_rc4.c.obj
[helipilot:ro] [307/513] Building C object modules/ec/third_party/boringssl/build/CMakeFiles/crypto.dir/crypto/cipher_extra/tls_cbc.c.obj
[helipilot:ro] [308/513] Building C object modules/ec/third_party/boringssl/build/CMakeFiles/crypto.dir/crypto/cpu_aarch64_openbsd.c.obj
[helipilot:ro] [309/513] Building C object modules/ec/third_party/boringssl/build/CMakeFiles/crypto.dir/crypto/conf/conf.c.obj
[helipilot:ro] [310/513] Building C object modules/ec/third_party/boringssl/build/CMakeFiles/crypto.dir/crypto/cpu_aarch64_apple.c.obj
[helipilot:ro] [311/513] Building C object modules/ec/third_party/boringssl/build/CMakeFiles/crypto.dir/crypto/cpu_intel.c.obj
[helipilot:ro] [312/513] Building C object modules/ec/third_party/boringssl/build/CMakeFiles/crypto.dir/crypto/cpu_aarch64_fuchsia.c.obj
[helipilot:ro] [313/513] Building C object modules/ec/third_party/boringssl/build/CMakeFiles/crypto.dir/crypto/cpu_aarch64_linux.c.obj
[helipilot:ro] [314/513] Building C object modules/ec/third_party/boringssl/build/CMakeFiles/crypto.dir/crypto/cpu_aarch64_win.c.obj
[helipilot:ro] [315/513] Building C object modules/ec/third_party/boringssl/build/CMakeFiles/crypto.dir/crypto/cpu_aarch64_sysreg.c.obj
[helipilot:ro] [316/513] Building C object modules/ec/third_party/boringssl/build/CMakeFiles/crypto.dir/crypto/cpu_arm_freebsd.c.obj
[helipilot:ro] [317/513] Building C object modules/ec/third_party/boringssl/build/CMakeFiles/crypto.dir/crypto/cpu_arm_linux.c.obj
[helipilot:ro] [318/513] Building C object modules/ec/third_party/boringssl/build/CMakeFiles/crypto.dir/crypto/crypto.c.obj
[helipilot:ro] [319/513] Building C object modules/ec/third_party/boringssl/build/CMakeFiles/crypto.dir/crypto/curve25519/curve25519_64_adx.c.obj
[helipilot:ro] [320/513] Building C object modules/ec/third_party/boringssl/build/CMakeFiles/crypto.dir/crypto/curve25519/curve25519.c.obj
[helipilot:ro] [321/513] Building C object modules/ec/third_party/boringssl/build/CMakeFiles/crypto.dir/crypto/curve25519/spake25519.c.obj
[helipilot:ro] [322/513] Building C object modules/ec/third_party/boringssl/build/CMakeFiles/crypto.dir/crypto/des/des.c.obj
[helipilot:ro] [323/513] Building C object modules/ec/third_party/boringssl/build/CMakeFiles/crypto.dir/crypto/dh_extra/dh_asn1.c.obj
[helipilot:ro] [324/513] Building C object modules/ec/third_party/boringssl/build/CMakeFiles/crypto.dir/crypto/dh_extra/params.c.obj
[helipilot:ro] [325/513] Building C object modules/ec/third_party/boringssl/build/CMakeFiles/crypto.dir/crypto/digest_extra/digest_extra.c.obj
[helipilot:ro] [326/513] Building C object modules/ec/third_party/boringssl/build/CMakeFiles/crypto.dir/crypto/dsa/dsa.c.obj
[helipilot:ro] [327/513] Building C object modules/ec/third_party/boringssl/build/CMakeFiles/crypto.dir/crypto/dsa/dsa_asn1.c.obj
[helipilot:ro] [328/513] Building C object modules/ec/third_party/boringssl/build/CMakeFiles/crypto.dir/crypto/ec_extra/ec_asn1.c.obj
[helipilot:ro] [329/513] Building C object modules/ec/third_party/boringssl/build/CMakeFiles/crypto.dir/crypto/ec_extra/ec_derive.c.obj
[helipilot:ro] [330/513] Building C object modules/ec/third_party/boringssl/build/CMakeFiles/crypto.dir/crypto/ecdh_extra/ecdh_extra.c.obj
[helipilot:ro] [331/513] Building C object modules/ec/third_party/boringssl/build/CMakeFiles/crypto.dir/crypto/ec_extra/hash_to_curve.c.obj
[helipilot:ro] [332/513] Building C object modules/ec/third_party/boringssl/build/CMakeFiles/crypto.dir/crypto/evp/p_dh.c.obj
[helipilot:ro] [333/513] Building C object modules/ec/third_party/boringssl/build/CMakeFiles/crypto.dir/crypto/ecdsa_extra/ecdsa_asn1.c.obj
[helipilot:ro] [334/513] Building C object modules/ec/third_party/boringssl/build/CMakeFiles/crypto.dir/crypto/engine/engine.c.obj
[helipilot:ro] [335/513] Building C object modules/ec/third_party/boringssl/build/CMakeFiles/crypto.dir/crypto/err/err.c.obj
[helipilot:ro] [336/513] Building C object modules/ec/third_party/boringssl/build/CMakeFiles/crypto.dir/crypto/evp/p_ec_asn1.c.obj
[helipilot:ro] [337/513] Building C object modules/ec/third_party/boringssl/build/CMakeFiles/crypto.dir/crypto/evp/p_ed25519.c.obj
[helipilot:ro] [338/513] Building C object modules/ec/third_party/boringssl/build/CMakeFiles/crypto.dir/crypto/evp/evp_ctx.c.obj
[helipilot:ro] [339/513] Building C object modules/ec/third_party/boringssl/build/CMakeFiles/crypto.dir/crypto/evp/evp_asn1.c.obj
[helipilot:ro] [340/513] Building C object modules/ec/third_party/boringssl/build/CMakeFiles/crypto.dir/crypto/evp/evp.c.obj
[helipilot:ro] [341/513] Building C object modules/ec/third_party/boringssl/build/CMakeFiles/crypto.dir/crypto/evp/p_dh_asn1.c.obj
[helipilot:ro] [342/513] Building C object modules/ec/third_party/boringssl/build/CMakeFiles/crypto.dir/crypto/evp/p_ec.c.obj
[helipilot:ro] [343/513] Building C object modules/ec/third_party/boringssl/build/CMakeFiles/crypto.dir/crypto/evp/p_dsa_asn1.c.obj
[helipilot:ro] [344/513] Building C object modules/ec/third_party/boringssl/build/CMakeFiles/crypto.dir/crypto/evp/p_x25519.c.obj
[helipilot:ro] [345/513] Building C object modules/ec/third_party/boringssl/build/CMakeFiles/crypto.dir/crypto/evp/sign.c.obj
[helipilot:ro] [346/513] Building C object modules/ec/third_party/boringssl/build/CMakeFiles/crypto.dir/crypto/evp/p_ed25519_asn1.c.obj
[helipilot:ro] [347/513] Building C object modules/ec/third_party/boringssl/build/CMakeFiles/crypto.dir/crypto/evp/p_hkdf.c.obj
[helipilot:ro] [348/513] Building C object modules/ec/third_party/boringssl/build/CMakeFiles/crypto.dir/crypto/evp/p_rsa.c.obj
[helipilot:ro] [349/513] Building C object modules/ec/third_party/boringssl/build/CMakeFiles/crypto.dir/crypto/fipsmodule/fips_shared_support.c.obj
[/mnt/host/source/src/platform/ec/build/zephyr/matsu_it82000-lcov]   /mnt/host/source/src/platform/ec/build/zephyr/matsu_it82000/build-ro/zephyr/CMakeFiles/zephyr.dir/soc/ite/ec/it8xxx2/check_regs.c.gcno:no functions found
[/mnt/host/source/src/platform/ec/build/zephyr/matsu_it82000-lcov] stderr:
[helipilot:ro] [350/513] Building C object modules/ec/third_party/boringssl/build/CMakeFiles/crypto.dir/crypto/evp/pbkdf.c.obj
[helipilot:ro] [351/513] Building C object modules/ec/third_party/boringssl/build/CMakeFiles/crypto.dir/crypto/ex_data.c.obj
[helipilot:ro] [352/513] Building C object modules/ec/third_party/boringssl/build/CMakeFiles/crypto.dir/crypto/evp/p_rsa_asn1.c.obj
[helipilot:ro] [353/513] Building C object modules/ec/third_party/boringssl/build/CMakeFiles/crypto.dir/crypto/evp/scrypt.c.obj
[helipilot:ro] [354/513] Building C object modules/ec/third_party/boringssl/build/CMakeFiles/crypto.dir/crypto/evp/p_x25519_asn1.c.obj
[helipilot:ro] [355/513] Building C object modules/ec/third_party/boringssl/build/CMakeFiles/crypto.dir/crypto/evp/print.c.obj
[helipilot:ro] [356/513] Building C object modules/ec/third_party/boringssl/build/CMakeFiles/crypto.dir/crypto/hpke/hpke.c.obj
[helipilot:ro] [357/513] Building C object modules/ec/third_party/boringssl/build/CMakeFiles/crypto.dir/crypto/keccak/keccak.c.obj
[helipilot:ro] [358/513] Building C object modules/ec/third_party/boringssl/build/CMakeFiles/crypto.dir/crypto/hrss/hrss.c.obj
[helipilot:ro] [359/513] Building C object modules/ec/third_party/boringssl/build/CMakeFiles/crypto.dir/crypto/kyber/kyber.c.obj
[helipilot:ro] [360/513] Building C object modules/ec/third_party/boringssl/build/CMakeFiles/crypto.dir/crypto/pem/pem_info.c.obj
[helipilot:ro] [361/513] Building C object modules/ec/third_party/boringssl/build/CMakeFiles/crypto.dir/crypto/pem/pem_pk8.c.obj
[helipilot:ro] [362/513] Building C object modules/ec/third_party/boringssl/build/CMakeFiles/crypto.dir/crypto/pem/pem_oth.c.obj
[helipilot:ro] [363/513] Building C object modules/ec/third_party/boringssl/build/CMakeFiles/crypto.dir/crypto/pem/pem_all.c.obj
[/mnt/host/source/src/platform/ec/build/zephyr/nivviks-lcov]   /mnt/host/source/src/platform/ec/build/zephyr/nivviks/build-ro/zephyr/CMakeFiles/zephyr.dir/soc/nuvoton/npcx/common/npcxn/registers.c.gcno:no functions found
[/mnt/host/source/src/platform/ec/build/zephyr/nivviks-lcov] stderr:
[helipilot:ro] [364/513] Building C object modules/ec/third_party/boringssl/build/CMakeFiles/crypto.dir/crypto/pem/pem_pkey.c.obj
[helipilot:ro] [365/513] Building C object modules/ec/third_party/boringssl/build/CMakeFiles/crypto.dir/crypto/pkcs7/pkcs7.c.obj
[helipilot:ro] [366/513] Building C object modules/ec/third_party/boringssl/build/CMakeFiles/crypto.dir/crypto/obj/obj_xref.c.obj
[helipilot:ro] [367/513] Building C object modules/ec/third_party/boringssl/build/CMakeFiles/crypto.dir/crypto/pem/pem_x509.c.obj
[helipilot:ro] [368/513] Building C object modules/ec/third_party/boringssl/build/CMakeFiles/crypto.dir/crypto/mem.c.obj
[helipilot:ro] [369/513] Building C object modules/ec/third_party/boringssl/build/CMakeFiles/crypto.dir/crypto/pem/pem_xaux.c.obj
[helipilot:ro] [370/513] Building C object modules/ec/third_party/boringssl/build/CMakeFiles/crypto.dir/crypto/lhash/lhash.c.obj
[helipilot:ro] [371/513] Building C object modules/ec/third_party/boringssl/build/CMakeFiles/crypto.dir/crypto/obj/obj.c.obj
[helipilot:ro] [372/513] Building C object modules/ec/third_party/boringssl/build/CMakeFiles/crypto.dir/crypto/pem/pem_lib.c.obj
[helipilot:ro] [373/513] Building C object modules/ec/third_party/boringssl/build/CMakeFiles/crypto.dir/crypto/pkcs7/pkcs7_x509.c.obj
[helipilot:ro] [374/513] Building C object modules/ec/third_party/boringssl/build/CMakeFiles/crypto.dir/crypto/poly1305/poly1305_arm.c.obj
[helipilot:ro] [375/513] Building C object modules/ec/third_party/boringssl/build/CMakeFiles/crypto.dir/crypto/pkcs8/p5_pbev2.c.obj
[/mnt/host/source/src/platform/ec/build/zephyr/matsu_it82000-lcov]   /mnt/host/source/src/platform/ec/build/zephyr/matsu_it82000/build-ro/zephyr/drivers/sensor/CMakeFiles/drivers__sensor.dir/mnt/host/source/src/third_party/zephyr/main/misc/empty_file.c.gcno:no functions found
[helipilot:ro] [376/513] Building C object modules/ec/third_party/boringssl/build/CMakeFiles/crypto.dir/crypto/pkcs8/pkcs8.c.obj
[/mnt/host/source/src/platform/ec/build/zephyr/matsu_it82000-lcov] stderr:
[helipilot:ro] [377/513] Building C object modules/ec/third_party/boringssl/build/CMakeFiles/crypto.dir/crypto/poly1305/poly1305.c.obj
[helipilot:ro] [378/513] Building C object modules/ec/third_party/boringssl/build/CMakeFiles/crypto.dir/crypto/pool/pool.c.obj
[helipilot:ro] [379/513] Building C object modules/ec/third_party/boringssl/build/CMakeFiles/crypto.dir/crypto/rand_extra/deterministic.c.obj
[helipilot:ro] [380/513] Building C object modules/ec/third_party/boringssl/build/CMakeFiles/crypto.dir/crypto/poly1305/poly1305_vec.c.obj
[helipilot:ro] [381/513] Building C object modules/ec/third_party/boringssl/build/CMakeFiles/crypto.dir/crypto/pkcs8/pkcs8_x509.c.obj
[helipilot:ro] [382/513] Building C object modules/ec/third_party/boringssl/build/CMakeFiles/crypto.dir/crypto/rand_extra/rand_extra.c.obj
[helipilot:ro] [383/513] Building C object modules/ec/third_party/boringssl/build/CMakeFiles/crypto.dir/crypto/rc4/rc4.c.obj
[helipilot:ro] [384/513] Building C object modules/ec/third_party/boringssl/build/CMakeFiles/crypto.dir/crypto/rand_extra/forkunsafe.c.obj
[helipilot:ro] [385/513] Building C object modules/ec/third_party/boringssl/build/CMakeFiles/crypto.dir/crypto/rsa_extra/rsa_print.c.obj
[/mnt/host/source/src/platform/ec/build/zephyr/caboc-lcov]   /mnt/host/source/src/platform/ec/build/zephyr/caboc/build-ro/zephyr/CMakeFiles/zephyr.dir/soc/ite/ec/it8xxx2/check_regs.c.gcno:no functions found
[/mnt/host/source/src/platform/ec/build/zephyr/caboc-lcov] stderr:
[helipilot:ro] [386/513] Building C object modules/ec/third_party/boringssl/build/CMakeFiles/crypto.dir/crypto/rand_extra/getentropy.c.obj
[helipilot:ro] [387/513] Building C object modules/ec/third_party/boringssl/build/CMakeFiles/crypto.dir/crypto/rand_extra/ios.c.obj
[helipilot:ro] [388/513] Building C object modules/ec/third_party/boringssl/build/CMakeFiles/crypto.dir/crypto/rand_extra/windows.c.obj
[/mnt/host/source/src/platform/ec/build/zephyr/rex-ish-ec-lcov]   /mnt/host/source/src/platform/ec/build/zephyr/rex-ish-ec/build-ro/zephyr/CMakeFiles/zephyr.dir/soc/nuvoton/npcx/common/npcxn/registers.c.gcno:no functions found
[/mnt/host/source/src/platform/ec/build/zephyr/rex-ish-ec-lcov] stderr:
[helipilot:ro] [389/513] Building C object modules/ec/third_party/boringssl/build/CMakeFiles/crypto.dir/crypto/spx/fors.c.obj
[helipilot:ro] [390/513] Building C object modules/ec/third_party/boringssl/build/CMakeFiles/crypto.dir/crypto/rand_extra/trusty.c.obj
[helipilot:ro] [391/513] Building C object modules/ec/third_party/boringssl/build/CMakeFiles/crypto.dir/crypto/rsa_extra/rsa_asn1.c.obj
[helipilot:ro] [392/513] Building C object modules/ec/third_party/boringssl/build/CMakeFiles/crypto.dir/crypto/rand_extra/passive.c.obj
[helipilot:ro] [393/513] Building C object modules/ec/third_party/boringssl/build/CMakeFiles/crypto.dir/crypto/refcount.c.obj
[helipilot:ro] [394/513] Building C object modules/ec/third_party/boringssl/build/CMakeFiles/crypto.dir/crypto/spx/merkle.c.obj
[helipilot:ro] [395/513] Building C object modules/ec/third_party/boringssl/build/CMakeFiles/crypto.dir/crypto/rsa_extra/rsa_crypt.c.obj
[helipilot:ro] [396/513] Building C object modules/ec/third_party/boringssl/build/CMakeFiles/crypto.dir/crypto/spx/spx.c.obj
[helipilot:ro] [397/513] Building C object modules/ec/third_party/boringssl/build/CMakeFiles/crypto.dir/crypto/spx/wots.c.obj
[helipilot:ro] [398/513] Building C object modules/ec/third_party/boringssl/build/CMakeFiles/crypto.dir/crypto/spx/spx_util.c.obj
[helipilot:ro] [399/513] Building C object modules/ec/third_party/boringssl/build/CMakeFiles/crypto.dir/crypto/spx/thash.c.obj
[helipilot:ro] [400/513] Building C object modules/ec/third_party/boringssl/build/CMakeFiles/crypto.dir/crypto/thread.c.obj
[helipilot:ro] [401/513] Building C object modules/ec/third_party/boringssl/build/CMakeFiles/crypto.dir/crypto/siphash/siphash.c.obj
[helipilot:ro] [402/513] Building C object modules/ec/third_party/boringssl/build/CMakeFiles/crypto.dir/crypto/spx/address.c.obj
[helipilot:ro] [403/513] Building C object modules/ec/third_party/boringssl/build/CMakeFiles/crypto.dir/crypto/x509/a_digest.c.obj
[/mnt/host/source/src/platform/ec/build/zephyr/pujjoga-lcov]   /mnt/host/source/src/platform/ec/build/zephyr/pujjoga/build-ro/zephyr/CMakeFiles/zephyr.dir/soc/nuvoton/npcx/common/npcxn/registers.c.gcno:no functions found
[/mnt/host/source/src/platform/ec/build/zephyr/pujjoga-lcov] stderr:
[helipilot:ro] [404/513] Building C object modules/ec/third_party/boringssl/build/CMakeFiles/crypto.dir/crypto/stack/stack.c.obj
[helipilot:ro] [405/513] Building C object modules/ec/third_party/boringssl/build/CMakeFiles/crypto.dir/crypto/thread_win.c.obj
[helipilot:ro] [406/513] Building C object modules/ec/third_party/boringssl/build/CMakeFiles/crypto.dir/crypto/thread_none.c.obj
[helipilot:ro] [407/513] Building C object modules/ec/third_party/boringssl/build/CMakeFiles/crypto.dir/crypto/thread_pthread.c.obj
[helipilot:ro] [408/513] Building C object modules/ec/third_party/boringssl/build/CMakeFiles/crypto.dir/crypto/trust_token/trust_token.c.obj
[helipilot:ro] [409/513] Building C object modules/ec/third_party/boringssl/build/CMakeFiles/crypto.dir/crypto/trust_token/voprf.c.obj
[helipilot:ro] [410/513] Building C object modules/ec/third_party/boringssl/build/CMakeFiles/crypto.dir/crypto/trust_token/pmbtoken.c.obj
[helipilot:ro] [411/513] Building C object modules/ec/third_party/boringssl/build/CMakeFiles/crypto.dir/crypto/x509/i2d_pr.c.obj
[helipilot:ro] [412/513] Building C object modules/ec/third_party/boringssl/build/CMakeFiles/crypto.dir/crypto/x509/a_sign.c.obj
[helipilot:ro] [413/513] Building C object modules/ec/third_party/boringssl/build/CMakeFiles/crypto.dir/crypto/x509/a_verify.c.obj
[helipilot:ro] [414/513] Building C object modules/ec/third_party/boringssl/build/CMakeFiles/crypto.dir/crypto/x509/name_print.c.obj
[helipilot:ro] [415/513] Building C object modules/ec/third_party/boringssl/build/CMakeFiles/crypto.dir/crypto/x509/algorithm.c.obj
[helipilot:ro] [416/513] Building C object modules/ec/third_party/boringssl/build/CMakeFiles/crypto.dir/crypto/x509/t_crl.c.obj
[helipilot:ro] [417/513] Building C object modules/ec/third_party/boringssl/build/CMakeFiles/crypto.dir/crypto/x509/by_file.c.obj
[helipilot:ro] [418/513] Building C object modules/ec/third_party/boringssl/build/CMakeFiles/crypto.dir/crypto/x509/asn1_gen.c.obj
[helipilot:ro] [419/513] Building C object modules/ec/third_party/boringssl/build/CMakeFiles/crypto.dir/crypto/x509/by_dir.c.obj
[helipilot:ro] [420/513] Building C object modules/ec/third_party/boringssl/build/CMakeFiles/crypto.dir/crypto/x509/rsa_pss.c.obj
[helipilot:ro] [421/513] Building C object modules/ec/third_party/boringssl/build/CMakeFiles/crypto.dir/crypto/x509/t_req.c.obj
[helipilot:ro] [422/513] Building C object modules/ec/third_party/boringssl/build/CMakeFiles/crypto.dir/crypto/x509/t_x509.c.obj
[helipilot:ro] [423/513] Building C object modules/ec/third_party/boringssl/build/CMakeFiles/crypto.dir/crypto/x509/policy.c.obj
[helipilot:ro] [424/513] Building C object modules/ec/third_party/boringssl/build/CMakeFiles/crypto.dir/crypto/x509/t_x509a.c.obj
[/mnt/host/source/src/platform/ec/build/zephyr/matsu_it82000-lcov]   /mnt/host/source/src/platform/ec/build/zephyr/matsu_it82000/build-ro/zephyr/drivers/syscon/CMakeFiles/drivers__syscon.dir/mnt/host/source/src/third_party/zephyr/main/misc/empty_file.c.gcno:no functions found
[/mnt/host/source/src/platform/ec/build/zephyr/matsu_it82000-lcov] stderr:
[helipilot:ro] [425/513] Building C object modules/ec/third_party/boringssl/build/CMakeFiles/crypto.dir/crypto/x509/v3_akey.c.obj
[helipilot:ro] [426/513] Building C object modules/ec/third_party/boringssl/build/CMakeFiles/crypto.dir/crypto/x509/v3_akeya.c.obj
[helipilot:ro] [427/513] Building C object modules/ec/third_party/boringssl/build/CMakeFiles/crypto.dir/crypto/x509/v3_alt.c.obj
[helipilot:ro] [428/513] Building C object modules/ec/third_party/boringssl/build/CMakeFiles/crypto.dir/crypto/x509/v3_bcons.c.obj
[/mnt/host/source/src/platform/ec/build/zephyr/matsu_it82000-lcov]   /mnt/host/source/src/platform/ec/build/zephyr/matsu_it82000/build-rw/modules/ec/zephyr/CMakeFiles/ec_shim.dir/shim/src/thermal.c.gcno:no functions found
[/mnt/host/source/src/platform/ec/build/zephyr/matsu_it82000-lcov] stderr:
[helipilot:ro] [429/513] Building C object modules/ec/third_party/boringssl/build/CMakeFiles/crypto.dir/crypto/x509/v3_bitst.c.obj
[helipilot:ro] [430/513] Building C object modules/ec/third_party/boringssl/build/CMakeFiles/crypto.dir/crypto/x509/v3_conf.c.obj
[helipilot:ro] [431/513] Building C object modules/ec/third_party/boringssl/build/CMakeFiles/crypto.dir/crypto/x509/v3_int.c.obj
[/mnt/host/source/src/platform/ec/build/zephyr/matsu_it82000-lcov]   /mnt/host/source/src/platform/ec/build/zephyr/matsu_it82000/build-rw/modules/ec/zephyr/CMakeFiles/ec_shim.dir/shim/src/battery.c.gcno:no functions found
[/mnt/host/source/src/platform/ec/build/zephyr/matsu_it82000-lcov] stderr:
[/mnt/host/source/src/platform/ec/build/zephyr/nivviks-lcov]   /mnt/host/source/src/platform/ec/build/zephyr/nivviks/build-ro/zephyr/drivers/sensor/CMakeFiles/drivers__sensor.dir/mnt/host/source/src/third_party/zephyr/main/misc/empty_file.c.gcno:no functions found
[/mnt/host/source/src/platform/ec/build/zephyr/nivviks-lcov] stderr:
[helipilot:ro] [432/513] Building C object modules/ec/third_party/boringssl/build/CMakeFiles/crypto.dir/crypto/x509/v3_enum.c.obj
[helipilot:ro] [433/513] Building C object modules/ec/third_party/boringssl/build/CMakeFiles/crypto.dir/crypto/x509/v3_cpols.c.obj
[helipilot:ro] [434/513] Building C object modules/ec/third_party/boringssl/build/CMakeFiles/crypto.dir/crypto/x509/v3_crld.c.obj
[helipilot:ro] [435/513] Building C object modules/ec/third_party/boringssl/build/CMakeFiles/crypto.dir/crypto/x509/v3_extku.c.obj
[helipilot:ro] [436/513] Building C object modules/ec/third_party/boringssl/build/CMakeFiles/crypto.dir/crypto/x509/v3_ocsp.c.obj
[helipilot:ro] [437/513] Building C object modules/ec/third_party/boringssl/build/CMakeFiles/crypto.dir/crypto/x509/v3_genn.c.obj
[helipilot:ro] [438/513] Building C object modules/ec/third_party/boringssl/build/CMakeFiles/crypto.dir/crypto/x509/v3_ia5.c.obj
[/mnt/host/source/src/platform/ec/build/zephyr/nivviks-lcov]   /mnt/host/source/src/platform/ec/build/zephyr/nivviks/build-rw/modules/ec/zephyr/CMakeFiles/ec_shim.dir/shim/src/thermal.c.gcno:no functions found
[/mnt/host/source/src/platform/ec/build/zephyr/nivviks-lcov] stderr:
[helipilot:ro] [439/513] Building C object modules/ec/third_party/boringssl/build/CMakeFiles/crypto.dir/crypto/x509/v3_info.c.obj
[helipilot:ro] [440/513] Building C object modules/ec/third_party/boringssl/build/CMakeFiles/crypto.dir/crypto/x509/v3_prn.c.obj
[helipilot:ro] [441/513] Building C object modules/ec/third_party/boringssl/build/CMakeFiles/crypto.dir/crypto/x509/v3_lib.c.obj
[helipilot:ro] [442/513] Building C object modules/ec/third_party/boringssl/build/CMakeFiles/crypto.dir/crypto/x509/x509.c.obj
[/mnt/host/source/src/platform/ec/build/zephyr/matsu_it82000-lcov]   /mnt/host/source/src/platform/ec/build/zephyr/matsu_it82000/build-rw/modules/ec/zephyr/CMakeFiles/ec_shim.dir/shim/src/charger.c.gcno:no functions found
[/mnt/host/source/src/platform/ec/build/zephyr/matsu_it82000-lcov] stderr:
[helipilot:ro] [443/513] Building C object modules/ec/third_party/boringssl/build/CMakeFiles/crypto.dir/crypto/x509/v3_ncons.c.obj
[helipilot:ro] [444/513] Building C object modules/ec/third_party/boringssl/build/CMakeFiles/crypto.dir/crypto/x509/x509_d2.c.obj
[/mnt/host/source/src/platform/ec/build/zephyr/nivviks-lcov]   /mnt/host/source/src/platform/ec/build/zephyr/nivviks/build-rw/modules/ec/zephyr/CMakeFiles/ec_shim.dir/shim/src/battery.c.gcno:no functions found
[/mnt/host/source/src/platform/ec/build/zephyr/nivviks-lcov] stderr:
[helipilot:ro] [445/513] Building C object modules/ec/third_party/boringssl/build/CMakeFiles/crypto.dir/crypto/x509/v3_pcons.c.obj
[helipilot:ro] [446/513] Building C object modules/ec/third_party/boringssl/build/CMakeFiles/crypto.dir/crypto/x509/v3_pmaps.c.obj
[/mnt/host/source/src/platform/ec/build/zephyr/nivviks-lcov]   /mnt/host/source/src/platform/ec/build/zephyr/nivviks/build-rw/modules/ec/zephyr/CMakeFiles/ec_shim.dir/shim/src/charger.c.gcno:no functions found
[/mnt/host/source/src/platform/ec/build/zephyr/nivviks-lcov] stderr:
[helipilot:ro] [447/513] Building C object modules/ec/third_party/boringssl/build/CMakeFiles/crypto.dir/crypto/x509/x509_def.c.obj
[helipilot:ro] [448/513] Building C object modules/ec/third_party/boringssl/build/CMakeFiles/crypto.dir/crypto/x509/v3_purp.c.obj
[helipilot:ro] [449/513] Building C object modules/ec/third_party/boringssl/build/CMakeFiles/crypto.dir/crypto/x509/v3_utl.c.obj
[helipilot:ro] [450/513] Building C object modules/ec/third_party/boringssl/build/CMakeFiles/crypto.dir/crypto/x509/v3_skey.c.obj
[helipilot:ro] [451/513] Building C object modules/ec/third_party/boringssl/build/CMakeFiles/crypto.dir/crypto/x509/x509_att.c.obj
[helipilot:ro] [452/513] Building C object modules/ec/third_party/boringssl/build/CMakeFiles/crypto.dir/crypto/x509/x509_cmp.c.obj
[/mnt/host/source/src/platform/ec/build/zephyr/caboc-lcov]   /mnt/host/source/src/platform/ec/build/zephyr/caboc/build-ro/zephyr/drivers/sensor/CMakeFiles/drivers__sensor.dir/mnt/host/source/src/third_party/zephyr/main/misc/empty_file.c.gcno:no functions found
[/mnt/host/source/src/platform/ec/build/zephyr/caboc-lcov] stderr:
[helipilot:ro] [453/513] Building C object modules/ec/third_party/boringssl/build/CMakeFiles/crypto.dir/crypto/x509/x509_txt.c.obj
[helipilot:ro] [454/513] Building C object modules/ec/third_party/boringssl/build/CMakeFiles/crypto.dir/crypto/x509/x509_ext.c.obj
[/mnt/host/source/src/platform/ec/build/zephyr/nivviks-lcov]   /mnt/host/source/src/platform/ec/build/zephyr/nivviks/build-rw/modules/ec/zephyr/CMakeFiles/ec_shim.dir/shim/src/usb_muxes.c.gcno:no functions found
[/mnt/host/source/src/platform/ec/build/zephyr/nivviks-lcov] stderr:
[helipilot:ro] [455/513] Building C object modules/ec/third_party/boringssl/build/CMakeFiles/crypto.dir/crypto/x509/x509_lu.c.obj
[helipilot:ro] [456/513] Building C object modules/ec/third_party/boringssl/build/CMakeFiles/crypto.dir/crypto/x509/x509_obj.c.obj
[helipilot:ro] [457/513] Building C object modules/ec/third_party/boringssl/build/CMakeFiles/crypto.dir/crypto/x509/x509_req.c.obj
[/mnt/host/source/src/platform/ec/build/zephyr/caboc-lcov]   /mnt/host/source/src/platform/ec/build/zephyr/caboc/build-rw/modules/ec/zephyr/CMakeFiles/ec_shim.dir/shim/src/thermal.c.gcno:no functions found
[/mnt/host/source/src/platform/ec/build/zephyr/caboc-lcov] stderr:
[helipilot:ro] [458/513] Building C object modules/ec/third_party/boringssl/build/CMakeFiles/crypto.dir/crypto/x509/x509_trs.c.obj
[helipilot:ro] [459/513] Building C object modules/ec/third_party/boringssl/build/CMakeFiles/crypto.dir/crypto/x509/x509_set.c.obj
[helipilot:ro] [460/513] Building C object modules/ec/third_party/boringssl/build/CMakeFiles/crypto.dir/crypto/x509/x509spki.c.obj
[/mnt/host/source/src/platform/ec/build/zephyr/caboc-lcov]   /mnt/host/source/src/platform/ec/build/zephyr/caboc/build-rw/modules/ec/zephyr/CMakeFiles/ec_shim.dir/shim/src/battery.c.gcno:no functions found
[/mnt/host/source/src/platform/ec/build/zephyr/caboc-lcov] stderr:
[helipilot:ro] [461/513] Building C object modules/ec/third_party/boringssl/build/CMakeFiles/crypto.dir/crypto/x509/x509_v3.c.obj
[helipilot:ro] [462/513] Building C object modules/ec/third_party/boringssl/build/CMakeFiles/crypto.dir/crypto/x509/x_algor.c.obj
[/mnt/host/source/src/platform/ec/build/zephyr/matsu_it82000-lcov]   /mnt/host/source/src/platform/ec/build/zephyr/matsu_it82000/build-rw/modules/ec/zephyr/CMakeFiles/ec_shim.dir/shim/src/usba.c.gcno:no functions found
[/mnt/host/source/src/platform/ec/build/zephyr/matsu_it82000-lcov] stderr:
[helipilot:ro] [463/513] Building C object modules/ec/third_party/boringssl/build/CMakeFiles/crypto.dir/crypto/x509/x509_vfy.c.obj
[helipilot:ro] [464/513] Building C object modules/ec/third_party/boringssl/build/CMakeFiles/crypto.dir/crypto/x509/x509cset.c.obj
[helipilot:ro] [465/513] Building C object modules/ec/third_party/boringssl/build/CMakeFiles/crypto.dir/crypto/x509/x509_vpm.c.obj
[/mnt/host/source/src/platform/ec/build/zephyr/starmie-lcov]   /mnt/host/source/src/platform/ec/build/zephyr/starmie/build-ro/zephyr/CMakeFiles/zephyr.dir/soc/ite/ec/it8xxx2/check_regs.c.gcno:no functions found
[/mnt/host/source/src/platform/ec/build/zephyr/starmie-lcov] stderr:
[helipilot:ro] [466/513] Building C object modules/ec/third_party/boringssl/build/CMakeFiles/crypto.dir/crypto/x509/x509name.c.obj
[helipilot:ro] [467/513] Building C object modules/ec/third_party/boringssl/build/CMakeFiles/crypto.dir/crypto/x509/x509rset.c.obj
[/mnt/host/source/src/platform/ec/build/zephyr/nivviks-lcov]   /mnt/host/source/src/platform/ec/build/zephyr/nivviks/build-rw/modules/ec/zephyr/CMakeFiles/ec_shim.dir/shim/src/usba.c.gcno:no functions found
[/mnt/host/source/src/platform/ec/build/zephyr/nivviks-lcov] stderr:
[helipilot:ro] [468/513] Building C object modules/ec/third_party/boringssl/build/CMakeFiles/crypto.dir/crypto/x509/x_sig.c.obj
[helipilot:ro] [469/513] Building C object modules/ec/third_party/boringssl/build/CMakeFiles/crypto.dir/crypto/x509/x_all.c.obj
[/mnt/host/source/src/platform/ec/build/zephyr/starmie-lcov]   /mnt/host/source/src/platform/ec/build/zephyr/starmie/build-rw/modules/ec/zephyr/CMakeFiles/ec_shim.dir/shim/src/power.c.gcno:no functions found
[/mnt/host/source/src/platform/ec/build/zephyr/starmie-lcov] stderr:
[helipilot:ro] [470/513] Building C object modules/ec/third_party/boringssl/build/CMakeFiles/crypto.dir/crypto/x509/x_attrib.c.obj
[/mnt/host/source/src/platform/ec/build/zephyr/rex-ish-ec-lcov]   /mnt/host/source/src/platform/ec/build/zephyr/rex-ish-ec/build-ro/zephyr/drivers/sensor/CMakeFiles/drivers__sensor.dir/mnt/host/source/src/third_party/zephyr/main/misc/empty_file.c.gcno:no functions found
[/mnt/host/source/src/platform/ec/build/zephyr/rex-ish-ec-lcov] stderr:
[/mnt/host/source/src/platform/ec/build/zephyr/caboc-lcov]   /mnt/host/source/src/platform/ec/build/zephyr/caboc/build-rw/modules/ec/zephyr/CMakeFiles/ec_shim.dir/shim/src/charger.c.gcno:no functions found
[/mnt/host/source/src/platform/ec/build/zephyr/caboc-lcov] stderr:
[/mnt/host/source/src/platform/ec/build/zephyr/starmie-lcov]   /mnt/host/source/src/platform/ec/build/zephyr/starmie/build-rw/modules/ec/zephyr/CMakeFiles/ec_shim.dir/shim/src/thermal.c.gcno:no functions found
[/mnt/host/source/src/platform/ec/build/zephyr/starmie-lcov] stderr:
[helipilot:ro] [471/513] Building C object modules/ec/third_party/boringssl/build/CMakeFiles/crypto.dir/crypto/x509/x_exten.c.obj
[helipilot:ro] [472/513] Building C object modules/ec/third_party/boringssl/build/CMakeFiles/crypto.dir/crypto/x509/x_crl.c.obj
[helipilot:ro] [473/513] Building C object modules/ec/third_party/boringssl/build/CMakeFiles/crypto.dir/gen/crypto/err_data.c.obj
[helipilot:ro] [474/513] Building C object modules/ec/third_party/boringssl/build/CMakeFiles/crypto.dir/crypto/x509/x_name.c.obj
[/mnt/host/source/src/platform/ec/build/zephyr/rex-ish-ec-lcov]   /mnt/host/source/src/platform/ec/build/zephyr/rex-ish-ec/build-rw/modules/ec/zephyr/CMakeFiles/ec_shim.dir/shim/src/anx7452_usb_mux.c.gcno:no functions found
[/mnt/host/source/src/platform/ec/build/zephyr/rex-ish-ec-lcov] stderr:
[helipilot:ro] [475/513] Building C object modules/ec/third_party/boringssl/build/CMakeFiles/crypto.dir/crypto/x509/x_pubkey.c.obj
[/mnt/host/source/src/platform/ec/build/zephyr/starmie-lcov]   /mnt/host/source/src/platform/ec/build/zephyr/starmie/build-rw/modules/ec/zephyr/CMakeFiles/ec_shim.dir/shim/src/battery.c.gcno:no functions found
[/mnt/host/source/src/platform/ec/build/zephyr/starmie-lcov] stderr:
[helipilot:ro] [476/513] Building C object modules/ec/third_party/boringssl/build/CMakeFiles/crypto.dir/crypto/x509/x_req.c.obj
[/mnt/host/source/src/platform/ec/build/zephyr/pujjoga-lcov]   /mnt/host/source/src/platform/ec/build/zephyr/pujjoga/build-ro/zephyr/drivers/sensor/CMakeFiles/drivers__sensor.dir/mnt/host/source/src/third_party/zephyr/main/misc/empty_file.c.gcno:no functions found
[/mnt/host/source/src/platform/ec/build/zephyr/pujjoga-lcov] stderr:
[/mnt/host/source/src/platform/ec/build/zephyr/starmie-lcov]   /mnt/host/source/src/platform/ec/build/zephyr/starmie/build-rw/modules/ec/zephyr/CMakeFiles/ec_shim.dir/shim/src/charger.c.gcno:no functions found
[/mnt/host/source/src/platform/ec/build/zephyr/starmie-lcov] stderr:
[/mnt/host/source/src/platform/ec/build/zephyr/starmie-lcov]   /mnt/host/source/src/platform/ec/build/zephyr/starmie/build-rw/modules/ec/zephyr/CMakeFiles/ec_shim.dir/shim/src/usb_muxes.c.gcno:no functions found
[/mnt/host/source/src/platform/ec/build/zephyr/starmie-lcov] stderr:
[/mnt/host/source/src/platform/ec/build/zephyr/rex-ish-ec-lcov]   /mnt/host/source/src/platform/ec/build/zephyr/rex-ish-ec/build-rw/modules/ec/zephyr/CMakeFiles/ec_shim.dir/shim/src/thermal.c.gcno:no functions found
[/mnt/host/source/src/platform/ec/build/zephyr/rex-ish-ec-lcov] stderr:
[helipilot:ro] [477/513] Building C object modules/ec/third_party/boringssl/build/CMakeFiles/crypto.dir/crypto/x509/x_spki.c.obj
[/mnt/host/source/src/platform/ec/build/zephyr/pujjoga-lcov]   /mnt/host/source/src/platform/ec/build/zephyr/pujjoga/build-rw/modules/ec/zephyr/CMakeFiles/ec_shim.dir/shim/src/thermal.c.gcno:no functions found
[/mnt/host/source/src/platform/ec/build/zephyr/pujjoga-lcov] stderr:
[helipilot:ro] [478/513] Building C object zephyr/kernel/CMakeFiles/kernel.dir/busy_wait.c.obj
[helipilot:ro] [479/513] Building C object zephyr/kernel/CMakeFiles/kernel.dir/banner.c.obj
[helipilot:ro] [480/513] Building C object modules/ec/third_party/boringssl/build/CMakeFiles/crypto.dir/crypto/x509/x_val.c.obj
[helipilot:ro] [481/513] Building C object zephyr/kernel/CMakeFiles/kernel.dir/main_weak.c.obj
[helipilot:ro] [482/513] Building C object modules/ec/third_party/boringssl/build/CMakeFiles/crypto.dir/crypto/x509/x_x509.c.obj
[helipilot:ro] [483/513] Building C object zephyr/kernel/CMakeFiles/kernel.dir/device.c.obj
[/mnt/host/source/src/platform/ec/build/zephyr/rex-ish-ec-lcov]   /mnt/host/source/src/platform/ec/build/zephyr/rex-ish-ec/build-rw/modules/ec/zephyr/CMakeFiles/ec_shim.dir/shim/src/battery.c.gcno:no functions found
[/mnt/host/source/src/platform/ec/build/zephyr/rex-ish-ec-lcov] stderr:
[helipilot:ro] [484/513] Building C object modules/ec/third_party/boringssl/build/CMakeFiles/crypto.dir/crypto/x509/x_x509a.c.obj
[/mnt/host/source/src/platform/ec/build/zephyr/pujjoga-lcov]   /mnt/host/source/src/platform/ec/build/zephyr/pujjoga/build-rw/modules/ec/zephyr/CMakeFiles/ec_shim.dir/shim/src/battery.c.gcno:no functions found
[/mnt/host/source/src/platform/ec/build/zephyr/pujjoga-lcov] stderr:
[helipilot:ro] [485/513] Building C object zephyr/kernel/CMakeFiles/kernel.dir/version.c.obj
[/mnt/host/source/src/platform/ec/build/zephyr/pujjoga-lcov]   /mnt/host/source/src/platform/ec/build/zephyr/pujjoga/build-rw/modules/ec/zephyr/CMakeFiles/ec_shim.dir/shim/src/charger.c.gcno:no functions found
[/mnt/host/source/src/platform/ec/build/zephyr/pujjoga-lcov] stderr:
[/mnt/host/source/src/platform/ec/build/zephyr/rex-ish-ec-lcov]   /mnt/host/source/src/platform/ec/build/zephyr/rex-ish-ec/build-rw/modules/ec/zephyr/CMakeFiles/ec_shim.dir/shim/src/charger.c.gcno:no functions found
[/mnt/host/source/src/platform/ec/build/zephyr/rex-ish-ec-lcov] stderr:
[helipilot:ro] [486/513] Building C object zephyr/kernel/CMakeFiles/kernel.dir/errno.c.obj
[helipilot:ro] [487/513] Building C object zephyr/kernel/CMakeFiles/kernel.dir/fatal.c.obj
[helipilot:ro] [488/513] Linking C static library modules/ec/third_party/boringssl/build/libcrypto.a
[helipilot:ro] [489/513] Building C object zephyr/kernel/CMakeFiles/kernel.dir/init.c.obj
[helipilot:ro] [490/513] Building C object zephyr/kernel/CMakeFiles/kernel.dir/kheap.c.obj
[helipilot:ro] [491/513] Linking C static library zephyr/libzephyr.a
[helipilot:ro] [492/513] Building C object zephyr/kernel/CMakeFiles/kernel.dir/mem_slab.c.obj
[helipilot:ro] [493/513] Building C object zephyr/kernel/CMakeFiles/kernel.dir/idle.c.obj
[helipilot:ro] [494/513] Building C object zephyr/kernel/CMakeFiles/kernel.dir/mailbox.c.obj
[helipilot:ro] [495/513] Building C object zephyr/kernel/CMakeFiles/kernel.dir/float.c.obj
[/mnt/host/source/src/platform/ec/build/zephyr/caboc-lcov]   /mnt/host/source/src/platform/ec/build/zephyr/caboc/build-rw/modules/ec/zephyr/CMakeFiles/ec_shim.dir/shim/src/usba.c.gcno:no functions found
[/mnt/host/source/src/platform/ec/build/zephyr/caboc-lcov] stderr:
[helipilot:ro] [496/513] Building C object zephyr/kernel/CMakeFiles/kernel.dir/msg_q.c.obj
[helipilot:ro] [497/513] Building C object zephyr/kernel/CMakeFiles/kernel.dir/queue.c.obj
[helipilot:ro] [498/513] Building C object zephyr/kernel/CMakeFiles/kernel.dir/mutex.c.obj
[/mnt/host/source/src/platform/ec/build/zephyr/pujjoga-lcov]   /mnt/host/source/src/platform/ec/build/zephyr/pujjoga/build-rw/modules/ec/zephyr/CMakeFiles/ec_shim.dir/shim/src/usb_muxes.c.gcno:no functions found
[/mnt/host/source/src/platform/ec/build/zephyr/pujjoga-lcov] stderr:
[/mnt/host/source/src/platform/ec/build/zephyr/rex-ish-ec-lcov]   /mnt/host/source/src/platform/ec/build/zephyr/rex-ish-ec/build-rw/modules/ec/zephyr/CMakeFiles/ec_shim.dir/shim/src/usb_muxes.c.gcno:no functions found
[/mnt/host/source/src/platform/ec/build/zephyr/rex-ish-ec-lcov] stderr:
[/mnt/host/source/src/platform/ec/build/zephyr/rex-ish-ec-lcov]   /mnt/host/source/src/platform/ec/build/zephyr/rex-ish-ec/build-rw/modules/ec/zephyr/CMakeFiles/ec_shim.dir/shim/src/bb_retimer_usb_mux.c.gcno:no functions found
[/mnt/host/source/src/platform/ec/build/zephyr/rex-ish-ec-lcov] stderr:
[helipilot:ro] [499/513] Building C object zephyr/kernel/CMakeFiles/kernel.dir/sem.c.obj
[helipilot:ro] [500/513] Building C object zephyr/kernel/CMakeFiles/kernel.dir/system_work_q.c.obj
[helipilot:ro] [501/513] Building C object zephyr/kernel/CMakeFiles/kernel.dir/stack.c.obj
[helipilot:ro] [502/513] Building C object zephyr/kernel/CMakeFiles/kernel.dir/work.c.obj
[ocelotrvp-ite:ro] Building: /usr/bin/ninja -C /mnt/host/source/src/platform/ec/build/zephyr/ocelotrvp-ite/build-ro all.libraries
Running `env -i SHELL=/bin/bash COLORTERM=truecolor DEPOT_TOOLS_UPDATE=0 LESS='-R -M --shift 5' SUDO_GID=0 JDK_HOME=/etc/java-config-2/current-system-vm CONFIG_PROTECT_MASK='/etc/gentoo-release /etc/sandbox.d /etc/fonts/fonts.conf /etc/terminfo /etc/ca-certificates.conf /etc/revdep-rebuild' CHROMEOS_CACHEDIR=/var/cache/chromeos-cache JAVA_HOME=/etc/java-config-2/current-system-vm SSH_AUTH_SOCK=/tmp/ssh-auth-sock SUDO_COMMAND=/bin/bash SUDO_USER=root SUDO_TTY=/dev/pts/2 EDITOR=/usr/bin/vi PWD=/mnt/host/source/src/platform/ec CONFIG_PROTECT=/usr/share/gnupg/qualified.txt LOGNAME=jpmurphy MANPATH=/etc/java-config-2/current-system-vm/man:/usr/local/share/man:/usr/share/man:/usr/share/gcc-data/x86_64-pc-linux-gnu/10.2.0/man:/usr/share/binutils-data/x86_64-pc-linux-gnu/2.45/man:/etc/java-config-2/current-system-vm/man/ SUDO_HOME=/root XAUTHORITY=/run/user/944457/gdm/Xauthority HOME=/home/jpmurphy LANG=C.UTF-8 LS_COLORS='rs=0:di=01;34:ln=01;36:mh=00:pi=40;33:so=01;35:do=01;35:bd=40;33;01:cd=40;33;01:or=01;05;37;41:mi=01;05;37;41:su=37;41:sg=30;43:ca=30;41:tw=30;42:ow=34;42:st=37;44:ex=01;32:*.tar=01;31:*.tgz=01;31:*.arc=01;31:*.arj=01;31:*.taz=01;31:*.lha=01;31:*.lz4=01;31:*.lzh=01;31:*.lzma=01;31:*.tlz=01;31:*.txz=01;31:*.tzo=01;31:*.t7z=01;31:*.zip=01;31:*.z=01;31:*.dz=01;31:*.gz=01;31:*.lrz=01;31:*.lz=01;31:*.lzo=01;31:*.xz=01;31:*.zst=01;31:*.tzst=01;31:*.bz2=01;31:*.bz=01;31:*.tbz=01;31:*.tbz2=01;31:*.tz=01;31:*.deb=01;31:*.rpm=01;31:*.jar=01;31:*.war=01;31:*.ear=01;31:*.sar=01;31:*.rar=01;31:*.alz=01;31:*.ace=01;31:*.zoo=01;31:*.cpio=01;31:*.7z=01;31:*.rz=01;31:*.cab=01;31:*.wim=01;31:*.swm=01;31:*.dwm=01;31:*.esd=01;31:*.jpg=01;35:*.jpeg=01;35:*.mjpg=01;35:*.mjpeg=01;35:*.gif=01;35:*.bmp=01;35:*.pbm=01;35:*.pgm=01;35:*.ppm=01;35:*.tga=01;35:*.xbm=01;35:*.xpm=01;35:*.tif=01;35:*.tiff=01;35:*.png=01;35:*.svg=01;35:*.svgz=01;35:*.mng=01;35:*.pcx=01;35:*.mov=01;35:*.mpg=01;35:*.mpeg=01;35:*.m2v=01;35:*.mkv=01;35:*.webm=01;35:*.webp=01;35:*.ogm=01;35:*.mp4=01;35:*.m4v=01;35:*.mp4v=01;35:*.vob=01;35:*.qt=01;35:*.nuv=01;35:*.wmv=01;35:*.asf=01;35:*.rm=01;35:*.rmvb=01;35:*.flc=01;35:*.avi=01;35:*.fli=01;35:*.flv=01;35:*.gl=01;35:*.dl=01;35:*.xcf=01;35:*.xwd=01;35:*.yuv=01;35:*.cgm=01;35:*.emf=01;35:*.ogv=01;35:*.ogx=01;35:*.cfg=00;32:*.conf=00;32:*.diff=00;32:*.doc=00;32:*.ini=00;32:*.log=00;32:*.patch=00;32:*.pdf=00;32:*.ps=00;32:*.tex=00;32:*.txt=00;32:*.aac=00;36:*.au=00;36:*.flac=00;36:*.m4a=00;36:*.mid=00;36:*.midi=00;36:*.mka=00;36:*.mp3=00;36:*.mpc=00;36:*.ogg=00;36:*.ra=00;36:*.wav=00;36:*.oga=00;36:*.opus=00;36:*.spx=00;36:*.xspf=00;36:' XDG_CURRENT_DESKTOP=GNOME INFOPATH=/usr/share/info:/usr/share/gcc-data/x86_64-pc-linux-gnu/10.2.0/info:/usr/share/binutils-data/x86_64-pc-linux-gnu/2.45/info:/usr/share/automake-1.16.5/info JAVAC=/etc/java-config-2/current-system-vm/bin/javac TERM=xterm-256color LESSOPEN='|lesspipe %s' USER=jpmurphy CROS_WORKON_SRCROOT=/mnt/host/source MANPAGER=manpager DISPLAY=:1 SHLVL=1 LC_MESSAGES=C EXTERNAL_TRUNK_PATH=/mnt/8f9d649a-3721-44cc-93c0-e6bd21a9689f/chromiumos GCC_SPECS='' PATH=/mnt/host/source/chromite/bin:/usr/local/bin:/usr/bin:/bin:/opt/bin:/mnt/host/source/chromite/sdk/bin:/mnt/host/source/chromite/bin PORTAGE_USERNAME=jpmurphy SUDO_UID=0 GCC_VER=10.2.0 MAIL=/var/mail/jpmurphy OLDPWD=/mnt/host/source/src/scripts traceparent=00-e87aca51550a78635907baa6a2476181-6d684811675d2973-01 _=./zephyr/firmware_builder.py COREBOOT_SDK_ROOT_x86=/home/jpmurphy/.cache/coreboot-sdk/i386-elf/dfbb0486385d938cfa9d73080b9d18d598ed4f49 COREBOOT_SDK_ROOT_picolibc_x86=/home/jpmurphy/.cache/coreboot-sdk/picolibc-i386-elf/eb8e8e687b95461de8cbf278f1c2076952d0ad17 COREBOOT_SDK_ROOT_riscv64=/home/jpmurphy/.cache/coreboot-sdk/riscv64-elf/96b949749225b6aaa92ed810ab769e8dfb12f000 COREBOOT_SDK_ROOT_picolibc_arm=/home/jpmurphy/.cache/coreboot-sdk/picolibc-arm-eabi/422a2aa3e1ef891b5bece9a3deb696ff83840d2e COREBOOT_SDK_ROOT_nds32=/home/jpmurphy/.cache/coreboot-sdk/nds32le-elf/d1a518c4a097666d86058e1444f85ca015d15511 COREBOOT_SDK_ROOT_picolibc_riscv64=/home/jpmurphy/.cache/coreboot-sdk/picolibc-riscv64-elf/f571e990ef0278564b31124f8bb109d9a697eb69 COREBOOT_SDK_ROOT_arm=/home/jpmurphy/.cache/coreboot-sdk/arm-eabi/ea40ddd1d190c3b48435c474c0b545719371813a COREBOOT_SDK_ROOT_libstdcxx_riscv64=/home/jpmurphy/.cache/coreboot-sdk/libstdcxx-riscv64-elf/17abf22a3a252e2d5d2062ced5324f7a623689e0 COREBOOT_SDK_ROOT_libstdcxx_arm=/home/jpmurphy/.cache/coreboot-sdk/libstdcxx-arm-eabi/5d7d82e150e44aa1968f1d366e267e6687b328ac COREBOOT_SDK_ROOT_riscv=/home/jpmurphy/.cache/coreboot-sdk/riscv-elf/9a27b9e82341c6e9126624f516ab3f261abb3e73 COREBOOT_SDK_ROOT_libstdcxx_x86=/home/jpmurphy/.cache/coreboot-sdk/libstdcxx-i386-elf/42ef9d2e87a76a37963175d7d428734e65648b87 PYTHONPATH=/mnt/host/source/src/platform/ec/zephyr/zmake PW_PIGWEED_CIPD_INSTALL_DIR=/usr CROSTC_USER_ACKNOWLEDGES_THAT_RISCV_IS_EXPERIMENTAL=1 MAKEFLAGS=' -j16 --jobserver-auth=5,6' /usr/bin/ninja -C /mnt/host/source/src/platform/ec/build/zephyr/ocelotrvp-ite/build-ro all.libraries`
[ocelotrvp-ite:ro] ninja: Entering directory `/mnt/host/source/src/platform/ec/build/zephyr/ocelotrvp-ite/build-ro'
[helipilot:ro] [503/513] Building C object zephyr/kernel/CMakeFiles/kernel.dir/condvar.c.obj
[helipilot:ro] [504/513] Building C object zephyr/kernel/CMakeFiles/kernel.dir/thread.c.obj
[helipilot:ro] [505/513] Building C object zephyr/kernel/CMakeFiles/kernel.dir/sched.c.obj
[ptlrvp_npcx:rw] Building: /usr/bin/ninja -C /mnt/host/source/src/platform/ec/build/zephyr/ptlrvp_npcx/build-rw all.libraries
Running `env -i SHELL=/bin/bash COLORTERM=truecolor DEPOT_TOOLS_UPDATE=0 LESS='-R -M --shift 5' SUDO_GID=0 JDK_HOME=/etc/java-config-2/current-system-vm CONFIG_PROTECT_MASK='/etc/gentoo-release /etc/sandbox.d /etc/fonts/fonts.conf /etc/terminfo /etc/ca-certificates.conf /etc/revdep-rebuild' CHROMEOS_CACHEDIR=/var/cache/chromeos-cache JAVA_HOME=/etc/java-config-2/current-system-vm SSH_AUTH_SOCK=/tmp/ssh-auth-sock SUDO_COMMAND=/bin/bash SUDO_USER=root SUDO_TTY=/dev/pts/2 EDITOR=/usr/bin/vi PWD=/mnt/host/source/src/platform/ec CONFIG_PROTECT=/usr/share/gnupg/qualified.txt LOGNAME=jpmurphy MANPATH=/etc/java-config-2/current-system-vm/man:/usr/local/share/man:/usr/share/man:/usr/share/gcc-data/x86_64-pc-linux-gnu/10.2.0/man:/usr/share/binutils-data/x86_64-pc-linux-gnu/2.45/man:/etc/java-config-2/current-system-vm/man/ SUDO_HOME=/root XAUTHORITY=/run/user/944457/gdm/Xauthority HOME=/home/jpmurphy LANG=C.UTF-8 LS_COLORS='rs=0:di=01;34:ln=01;36:mh=00:pi=40;33:so=01;35:do=01;35:bd=40;33;01:cd=40;33;01:or=01;05;37;41:mi=01;05;37;41:su=37;41:sg=30;43:ca=30;41:tw=30;42:ow=34;42:st=37;44:ex=01;32:*.tar=01;31:*.tgz=01;31:*.arc=01;31:*.arj=01;31:*.taz=01;31:*.lha=01;31:*.lz4=01;31:*.lzh=01;31:*.lzma=01;31:*.tlz=01;31:*.txz=01;31:*.tzo=01;31:*.t7z=01;31:*.zip=01;31:*.z=01;31:*.dz=01;31:*.gz=01;31:*.lrz=01;31:*.lz=01;31:*.lzo=01;31:*.xz=01;31:*.zst=01;31:*.tzst=01;31:*.bz2=01;31:*.bz=01;31:*.tbz=01;31:*.tbz2=01;31:*.tz=01;31:*.deb=01;31:*.rpm=01;31:*.jar=01;31:*.war=01;31:*.ear=01;31:*.sar=01;31:*.rar=01;31:*.alz=01;31:*.ace=01;31:*.zoo=01;31:*.cpio=01;31:*.7z=01;31:*.rz=01;31:*.cab=01;31:*.wim=01;31:*.swm=01;31:*.dwm=01;31:*.esd=01;31:*.jpg=01;35:*.jpeg=01;35:*.mjpg=01;35:*.mjpeg=01;35:*.gif=01;35:*.bmp=01;35:*.pbm=01;35:*.pgm=01;35:*.ppm=01;35:*.tga=01;35:*.xbm=01;35:*.xpm=01;35:*.tif=01;35:*.tiff=01;35:*.png=01;35:*.svg=01;35:*.svgz=01;35:*.mng=01;35:*.pcx=01;35:*.mov=01;35:*.mpg=01;35:*.mpeg=01;35:*.m2v=01;35:*.mkv=01;35:*.webm=01;35:*.webp=01;35:*.ogm=01;35:*.mp4=01;35:*.m4v=01;35:*.mp4v=01;35:*.vob=01;35:*.qt=01;35:*.nuv=01;35:*.wmv=01;35:*.asf=01;35:*.rm=01;35:*.rmvb=01;35:*.flc=01;35:*.avi=01;35:*.fli=01;35:*.flv=01;35:*.gl=01;35:*.dl=01;35:*.xcf=01;35:*.xwd=01;35:*.yuv=01;35:*.cgm=01;35:*.emf=01;35:*.ogv=01;35:*.ogx=01;35:*.cfg=00;32:*.conf=00;32:*.diff=00;32:*.doc=00;32:*.ini=00;32:*.log=00;32:*.patch=00;32:*.pdf=00;32:*.ps=00;32:*.tex=00;32:*.txt=00;32:*.aac=00;36:*.au=00;36:*.flac=00;36:*.m4a=00;36:*.mid=00;36:*.midi=00;36:*.mka=00;36:*.mp3=00;36:*.mpc=00;36:*.ogg=00;36:*.ra=00;36:*.wav=00;36:*.oga=00;36:*.opus=00;36:*.spx=00;36:*.xspf=00;36:' XDG_CURRENT_DESKTOP=GNOME INFOPATH=/usr/share/info:/usr/share/gcc-data/x86_64-pc-linux-gnu/10.2.0/info:/usr/share/binutils-data/x86_64-pc-linux-gnu/2.45/info:/usr/share/automake-1.16.5/info JAVAC=/etc/java-config-2/current-system-vm/bin/javac TERM=xterm-256color LESSOPEN='|lesspipe %s' USER=jpmurphy CROS_WORKON_SRCROOT=/mnt/host/source MANPAGER=manpager DISPLAY=:1 SHLVL=1 LC_MESSAGES=C EXTERNAL_TRUNK_PATH=/mnt/8f9d649a-3721-44cc-93c0-e6bd21a9689f/chromiumos GCC_SPECS='' PATH=/mnt/host/source/chromite/bin:/usr/local/bin:/usr/bin:/bin:/opt/bin:/mnt/host/source/chromite/sdk/bin:/mnt/host/source/chromite/bin PORTAGE_USERNAME=jpmurphy SUDO_UID=0 GCC_VER=10.2.0 MAIL=/var/mail/jpmurphy OLDPWD=/mnt/host/source/src/scripts traceparent=00-e87aca51550a78635907baa6a2476181-6d684811675d2973-01 _=./zephyr/firmware_builder.py COREBOOT_SDK_ROOT_x86=/home/jpmurphy/.cache/coreboot-sdk/i386-elf/dfbb0486385d938cfa9d73080b9d18d598ed4f49 COREBOOT_SDK_ROOT_picolibc_x86=/home/jpmurphy/.cache/coreboot-sdk/picolibc-i386-elf/eb8e8e687b95461de8cbf278f1c2076952d0ad17 COREBOOT_SDK_ROOT_riscv64=/home/jpmurphy/.cache/coreboot-sdk/riscv64-elf/96b949749225b6aaa92ed810ab769e8dfb12f000 COREBOOT_SDK_ROOT_picolibc_arm=/home/jpmurphy/.cache/coreboot-sdk/picolibc-arm-eabi/422a2aa3e1ef891b5bece9a3deb696ff83840d2e COREBOOT_SDK_ROOT_nds32=/home/jpmurphy/.cache/coreboot-sdk/nds32le-elf/d1a518c4a097666d86058e1444f85ca015d15511 COREBOOT_SDK_ROOT_picolibc_riscv64=/home/jpmurphy/.cache/coreboot-sdk/picolibc-riscv64-elf/f571e990ef0278564b31124f8bb109d9a697eb69 COREBOOT_SDK_ROOT_arm=/home/jpmurphy/.cache/coreboot-sdk/arm-eabi/ea40ddd1d190c3b48435c474c0b545719371813a COREBOOT_SDK_ROOT_libstdcxx_riscv64=/home/jpmurphy/.cache/coreboot-sdk/libstdcxx-riscv64-elf/17abf22a3a252e2d5d2062ced5324f7a623689e0 COREBOOT_SDK_ROOT_libstdcxx_arm=/home/jpmurphy/.cache/coreboot-sdk/libstdcxx-arm-eabi/5d7d82e150e44aa1968f1d366e267e6687b328ac COREBOOT_SDK_ROOT_riscv=/home/jpmurphy/.cache/coreboot-sdk/riscv-elf/9a27b9e82341c6e9126624f516ab3f261abb3e73 COREBOOT_SDK_ROOT_libstdcxx_x86=/home/jpmurphy/.cache/coreboot-sdk/libstdcxx-i386-elf/42ef9d2e87a76a37963175d7d428734e65648b87 PYTHONPATH=/mnt/host/source/src/platform/ec/zephyr/zmake PW_PIGWEED_CIPD_INSTALL_DIR=/usr CROSTC_USER_ACKNOWLEDGES_THAT_RISCV_IS_EXPERIMENTAL=1 MAKEFLAGS=' -j16 --jobserver-auth=5,6' /usr/bin/ninja -C /mnt/host/source/src/platform/ec/build/zephyr/ptlrvp_npcx/build-rw all.libraries`
[ptlrvp_npcx:rw] ninja: Entering directory `/mnt/host/source/src/platform/ec/build/zephyr/ptlrvp_npcx/build-rw'
[helipilot:ro] [506/513] Building C object zephyr/kernel/CMakeFiles/kernel.dir/pipe.c.obj
[ptlrvp_npcx:rw] [1/389] Preparing syscall dependency handling
[/mnt/host/source/src/platform/ec/build/zephyr/pujjoga-lcov]   /mnt/host/source/src/platform/ec/build/zephyr/pujjoga/build-rw/modules/ec/zephyr/CMakeFiles/ec_shim.dir/shim/src/usba.c.gcno:no functions found
[/mnt/host/source/src/platform/ec/build/zephyr/pujjoga-lcov] stderr:
[ptlrvp_npcx:rw] [2/389] Generating misc/generated/syscalls_subdirs.trigger
[helipilot:ro] [507/513] Building C object zephyr/kernel/CMakeFiles/kernel.dir/timeout.c.obj
[ptlrvp_npcx:rw] [3/389] cd /mnt/host/source/src/platform/ec/build/zephyr/ptlrvp_npcx/build-rw/modules/ec/zephyr && PYTHONPATH=/mnt/host/source/src/platform/ec/build/zephyr/ptlrvp_npcx/modules/ec/zephyr/zmake/ /usr/bin/python3.11 /mnt/host/source/src/platform/ec/build/zephyr/ptlrvp_npcx/modules/ec/zephyr/zmake/zephyr_build_tools/generate_ec_version.py /mnt/host/source/src/platform/ec/build/zephyr/ptlrvp_npcx/build-rw/modules/ec/zephyr/include/ec_version.h --name Zephyr-Kernel --version 16543.0.0 --static
[bluey:rw] Building: /usr/bin/ninja -C /mnt/host/source/src/platform/ec/build/zephyr/bluey/build-rw all.libraries
Running `env -i SHELL=/bin/bash COLORTERM=truecolor DEPOT_TOOLS_UPDATE=0 LESS='-R -M --shift 5' SUDO_GID=0 JDK_HOME=/etc/java-config-2/current-system-vm CONFIG_PROTECT_MASK='/etc/gentoo-release /etc/sandbox.d /etc/fonts/fonts.conf /etc/terminfo /etc/ca-certificates.conf /etc/revdep-rebuild' CHROMEOS_CACHEDIR=/var/cache/chromeos-cache JAVA_HOME=/etc/java-config-2/current-system-vm SSH_AUTH_SOCK=/tmp/ssh-auth-sock SUDO_COMMAND=/bin/bash SUDO_USER=root SUDO_TTY=/dev/pts/2 EDITOR=/usr/bin/vi PWD=/mnt/host/source/src/platform/ec CONFIG_PROTECT=/usr/share/gnupg/qualified.txt LOGNAME=jpmurphy MANPATH=/etc/java-config-2/current-system-vm/man:/usr/local/share/man:/usr/share/man:/usr/share/gcc-data/x86_64-pc-linux-gnu/10.2.0/man:/usr/share/binutils-data/x86_64-pc-linux-gnu/2.45/man:/etc/java-config-2/current-system-vm/man/ SUDO_HOME=/root XAUTHORITY=/run/user/944457/gdm/Xauthority HOME=/home/jpmurphy LANG=C.UTF-8 LS_COLORS='rs=0:di=01;34:ln=01;36:mh=00:pi=40;33:so=01;35:do=01;35:bd=40;33;01:cd=40;33;01:or=01;05;37;41:mi=01;05;37;41:su=37;41:sg=30;43:ca=30;41:tw=30;42:ow=34;42:st=37;44:ex=01;32:*.tar=01;31:*.tgz=01;31:*.arc=01;31:*.arj=01;31:*.taz=01;31:*.lha=01;31:*.lz4=01;31:*.lzh=01;31:*.lzma=01;31:*.tlz=01;31:*.txz=01;31:*.tzo=01;31:*.t7z=01;31:*.zip=01;31:*.z=01;31:*.dz=01;31:*.gz=01;31:*.lrz=01;31:*.lz=01;31:*.lzo=01;31:*.xz=01;31:*.zst=01;31:*.tzst=01;31:*.bz2=01;31:*.bz=01;31:*.tbz=01;31:*.tbz2=01;31:*.tz=01;31:*.deb=01;31:*.rpm=01;31:*.jar=01;31:*.war=01;31:*.ear=01;31:*.sar=01;31:*.rar=01;31:*.alz=01;31:*.ace=01;31:*.zoo=01;31:*.cpio=01;31:*.7z=01;31:*.rz=01;31:*.cab=01;31:*.wim=01;31:*.swm=01;31:*.dwm=01;31:*.esd=01;31:*.jpg=01;35:*.jpeg=01;35:*.mjpg=01;35:*.mjpeg=01;35:*.gif=01;35:*.bmp=01;35:*.pbm=01;35:*.pgm=01;35:*.ppm=01;35:*.tga=01;35:*.xbm=01;35:*.xpm=01;35:*.tif=01;35:*.tiff=01;35:*.png=01;35:*.svg=01;35:*.svgz=01;35:*.mng=01;35:*.pcx=01;35:*.mov=01;35:*.mpg=01;35:*.mpeg=01;35:*.m2v=01;35:*.mkv=01;35:*.webm=01;35:*.webp=01;35:*.ogm=01;35:*.mp4=01;35:*.m4v=01;35:*.mp4v=01;35:*.vob=01;35:*.qt=01;35:*.nuv=01;35:*.wmv=01;35:*.asf=01;35:*.rm=01;35:*.rmvb=01;35:*.flc=01;35:*.avi=01;35:*.fli=01;35:*.flv=01;35:*.gl=01;35:*.dl=01;35:*.xcf=01;35:*.xwd=01;35:*.yuv=01;35:*.cgm=01;35:*.emf=01;35:*.ogv=01;35:*.ogx=01;35:*.cfg=00;32:*.conf=00;32:*.diff=00;32:*.doc=00;32:*.ini=00;32:*.log=00;32:*.patch=00;32:*.pdf=00;32:*.ps=00;32:*.tex=00;32:*.txt=00;32:*.aac=00;36:*.au=00;36:*.flac=00;36:*.m4a=00;36:*.mid=00;36:*.midi=00;36:*.mka=00;36:*.mp3=00;36:*.mpc=00;36:*.ogg=00;36:*.ra=00;36:*.wav=00;36:*.oga=00;36:*.opus=00;36:*.spx=00;36:*.xspf=00;36:' XDG_CURRENT_DESKTOP=GNOME INFOPATH=/usr/share/info:/usr/share/gcc-data/x86_64-pc-linux-gnu/10.2.0/info:/usr/share/binutils-data/x86_64-pc-linux-gnu/2.45/info:/usr/share/automake-1.16.5/info JAVAC=/etc/java-config-2/current-system-vm/bin/javac TERM=xterm-256color LESSOPEN='|lesspipe %s' USER=jpmurphy CROS_WORKON_SRCROOT=/mnt/host/source MANPAGER=manpager DISPLAY=:1 SHLVL=1 LC_MESSAGES=C EXTERNAL_TRUNK_PATH=/mnt/8f9d649a-3721-44cc-93c0-e6bd21a9689f/chromiumos GCC_SPECS='' PATH=/mnt/host/source/chromite/bin:/usr/local/bin:/usr/bin:/bin:/opt/bin:/mnt/host/source/chromite/sdk/bin:/mnt/host/source/chromite/bin PORTAGE_USERNAME=jpmurphy SUDO_UID=0 GCC_VER=10.2.0 MAIL=/var/mail/jpmurphy OLDPWD=/mnt/host/source/src/scripts traceparent=00-e87aca51550a78635907baa6a2476181-6d684811675d2973-01 _=./zephyr/firmware_builder.py COREBOOT_SDK_ROOT_x86=/home/jpmurphy/.cache/coreboot-sdk/i386-elf/dfbb0486385d938cfa9d73080b9d18d598ed4f49 COREBOOT_SDK_ROOT_picolibc_x86=/home/jpmurphy/.cache/coreboot-sdk/picolibc-i386-elf/eb8e8e687b95461de8cbf278f1c2076952d0ad17 COREBOOT_SDK_ROOT_riscv64=/home/jpmurphy/.cache/coreboot-sdk/riscv64-elf/96b949749225b6aaa92ed810ab769e8dfb12f000 COREBOOT_SDK_ROOT_picolibc_arm=/home/jpmurphy/.cache/coreboot-sdk/picolibc-arm-eabi/422a2aa3e1ef891b5bece9a3deb696ff83840d2e COREBOOT_SDK_ROOT_nds32=/home/jpmurphy/.cache/coreboot-sdk/nds32le-elf/d1a518c4a097666d86058e1444f85ca015d15511 COREBOOT_SDK_ROOT_picolibc_riscv64=/home/jpmurphy/.cache/coreboot-sdk/picolibc-riscv64-elf/f571e990ef0278564b31124f8bb109d9a697eb69 COREBOOT_SDK_ROOT_arm=/home/jpmurphy/.cache/coreboot-sdk/arm-eabi/ea40ddd1d190c3b48435c474c0b545719371813a COREBOOT_SDK_ROOT_libstdcxx_riscv64=/home/jpmurphy/.cache/coreboot-sdk/libstdcxx-riscv64-elf/17abf22a3a252e2d5d2062ced5324f7a623689e0 COREBOOT_SDK_ROOT_libstdcxx_arm=/home/jpmurphy/.cache/coreboot-sdk/libstdcxx-arm-eabi/5d7d82e150e44aa1968f1d366e267e6687b328ac COREBOOT_SDK_ROOT_riscv=/home/jpmurphy/.cache/coreboot-sdk/riscv-elf/9a27b9e82341c6e9126624f516ab3f261abb3e73 COREBOOT_SDK_ROOT_libstdcxx_x86=/home/jpmurphy/.cache/coreboot-sdk/libstdcxx-i386-elf/42ef9d2e87a76a37963175d7d428734e65648b87 PYTHONPATH=/mnt/host/source/src/platform/ec/zephyr/zmake PW_PIGWEED_CIPD_INSTALL_DIR=/usr CROSTC_USER_ACKNOWLEDGES_THAT_RISCV_IS_EXPERIMENTAL=1 MAKEFLAGS=' -j16 --jobserver-auth=5,6' /usr/bin/ninja -C /mnt/host/source/src/platform/ec/build/zephyr/bluey/build-rw all.libraries`
[helipilot:ro] [508/513] Building C object zephyr/kernel/CMakeFiles/kernel.dir/timer.c.obj
[bluey:rw] ninja: Entering directory `/mnt/host/source/src/platform/ec/build/zephyr/bluey/build-rw'
[/mnt/host/source/src/platform/ec/build/zephyr/rex-ish-ec-lcov]   /mnt/host/source/src/platform/ec/build/zephyr/rex-ish-ec/build-rw/modules/ec/zephyr/CMakeFiles/ec_shim.dir/shim/src/usba.c.gcno:no functions found
[/mnt/host/source/src/platform/ec/build/zephyr/rex-ish-ec-lcov] stderr:
[ptlrvp_npcx:ro] Building: /usr/bin/ninja -C /mnt/host/source/src/platform/ec/build/zephyr/ptlrvp_npcx/build-ro all.libraries
Running `env -i SHELL=/bin/bash COLORTERM=truecolor DEPOT_TOOLS_UPDATE=0 LESS='-R -M --shift 5' SUDO_GID=0 JDK_HOME=/etc/java-config-2/current-system-vm CONFIG_PROTECT_MASK='/etc/gentoo-release /etc/sandbox.d /etc/fonts/fonts.conf /etc/terminfo /etc/ca-certificates.conf /etc/revdep-rebuild' CHROMEOS_CACHEDIR=/var/cache/chromeos-cache JAVA_HOME=/etc/java-config-2/current-system-vm SSH_AUTH_SOCK=/tmp/ssh-auth-sock SUDO_COMMAND=/bin/bash SUDO_USER=root SUDO_TTY=/dev/pts/2 EDITOR=/usr/bin/vi PWD=/mnt/host/source/src/platform/ec CONFIG_PROTECT=/usr/share/gnupg/qualified.txt LOGNAME=jpmurphy MANPATH=/etc/java-config-2/current-system-vm/man:/usr/local/share/man:/usr/share/man:/usr/share/gcc-data/x86_64-pc-linux-gnu/10.2.0/man:/usr/share/binutils-data/x86_64-pc-linux-gnu/2.45/man:/etc/java-config-2/current-system-vm/man/ SUDO_HOME=/root XAUTHORITY=/run/user/944457/gdm/Xauthority HOME=/home/jpmurphy LANG=C.UTF-8 LS_COLORS='rs=0:di=01;34:ln=01;36:mh=00:pi=40;33:so=01;35:do=01;35:bd=40;33;01:cd=40;33;01:or=01;05;37;41:mi=01;05;37;41:su=37;41:sg=30;43:ca=30;41:tw=30;42:ow=34;42:st=37;44:ex=01;32:*.tar=01;31:*.tgz=01;31:*.arc=01;31:*.arj=01;31:*.taz=01;31:*.lha=01;31:*.lz4=01;31:*.lzh=01;31:*.lzma=01;31:*.tlz=01;31:*.txz=01;31:*.tzo=01;31:*.t7z=01;31:*.zip=01;31:*.z=01;31:*.dz=01;31:*.gz=01;31:*.lrz=01;31:*.lz=01;31:*.lzo=01;31:*.xz=01;31:*.zst=01;31:*.tzst=01;31:*.bz2=01;31:*.bz=01;31:*.tbz=01;31:*.tbz2=01;31:*.tz=01;31:*.deb=01;31:*.rpm=01;31:*.jar=01;31:*.war=01;31:*.ear=01;31:*.sar=01;31:*.rar=01;31:*.alz=01;31:*.ace=01;31:*.zoo=01;31:*.cpio=01;31:*.7z=01;31:*.rz=01;31:*.cab=01;31:*.wim=01;31:*.swm=01;31:*.dwm=01;31:*.esd=01;31:*.jpg=01;35:*.jpeg=01;35:*.mjpg=01;35:*.mjpeg=01;35:*.gif=01;35:*.bmp=01;35:*.pbm=01;35:*.pgm=01;35:*.ppm=01;35:*.tga=01;35:*.xbm=01;35:*.xpm=01;35:*.tif=01;35:*.tiff=01;35:*.png=01;35:*.svg=01;35:*.svgz=01;35:*.mng=01;35:*.pcx=01;35:*.mov=01;35:*.mpg=01;35:*.mpeg=01;35:*.m2v=01;35:*.mkv=01;35:*.webm=01;35:*.webp=01;35:*.ogm=01;35:*.mp4=01;35:*.m4v=01;35:*.mp4v=01;35:*.vob=01;35:*.qt=01;35:*.nuv=01;35:*.wmv=01;35:*.asf=01;35:*.rm=01;35:*.rmvb=01;35:*.flc=01;35:*.avi=01;35:*.fli=01;35:*.flv=01;35:*.gl=01;35:*.dl=01;35:*.xcf=01;35:*.xwd=01;35:*.yuv=01;35:*.cgm=01;35:*.emf=01;35:*.ogv=01;35:*.ogx=01;35:*.cfg=00;32:*.conf=00;32:*.diff=00;32:*.doc=00;32:*.ini=00;32:*.log=00;32:*.patch=00;32:*.pdf=00;32:*.ps=00;32:*.tex=00;32:*.txt=00;32:*.aac=00;36:*.au=00;36:*.flac=00;36:*.m4a=00;36:*.mid=00;36:*.midi=00;36:*.mka=00;36:*.mp3=00;36:*.mpc=00;36:*.ogg=00;36:*.ra=00;36:*.wav=00;36:*.oga=00;36:*.opus=00;36:*.spx=00;36:*.xspf=00;36:' XDG_CURRENT_DESKTOP=GNOME INFOPATH=/usr/share/info:/usr/share/gcc-data/x86_64-pc-linux-gnu/10.2.0/info:/usr/share/binutils-data/x86_64-pc-linux-gnu/2.45/info:/usr/share/automake-1.16.5/info JAVAC=/etc/java-config-2/current-system-vm/bin/javac TERM=xterm-256color LESSOPEN='|lesspipe %s' USER=jpmurphy CROS_WORKON_SRCROOT=/mnt/host/source MANPAGER=manpager DISPLAY=:1 SHLVL=1 LC_MESSAGES=C EXTERNAL_TRUNK_PATH=/mnt/8f9d649a-3721-44cc-93c0-e6bd21a9689f/chromiumos GCC_SPECS='' PATH=/mnt/host/source/chromite/bin:/usr/local/bin:/usr/bin:/bin:/opt/bin:/mnt/host/source/chromite/sdk/bin:/mnt/host/source/chromite/bin PORTAGE_USERNAME=jpmurphy SUDO_UID=0 GCC_VER=10.2.0 MAIL=/var/mail/jpmurphy OLDPWD=/mnt/host/source/src/scripts traceparent=00-e87aca51550a78635907baa6a2476181-6d684811675d2973-01 _=./zephyr/firmware_builder.py COREBOOT_SDK_ROOT_x86=/home/jpmurphy/.cache/coreboot-sdk/i386-elf/dfbb0486385d938cfa9d73080b9d18d598ed4f49 COREBOOT_SDK_ROOT_picolibc_x86=/home/jpmurphy/.cache/coreboot-sdk/picolibc-i386-elf/eb8e8e687b95461de8cbf278f1c2076952d0ad17 COREBOOT_SDK_ROOT_riscv64=/home/jpmurphy/.cache/coreboot-sdk/riscv64-elf/96b949749225b6aaa92ed810ab769e8dfb12f000 COREBOOT_SDK_ROOT_picolibc_arm=/home/jpmurphy/.cache/coreboot-sdk/picolibc-arm-eabi/422a2aa3e1ef891b5bece9a3deb696ff83840d2e COREBOOT_SDK_ROOT_nds32=/home/jpmurphy/.cache/coreboot-sdk/nds32le-elf/d1a518c4a097666d86058e1444f85ca015d15511 COREBOOT_SDK_ROOT_picolibc_riscv64=/home/jpmurphy/.cache/coreboot-sdk/picolibc-riscv64-elf/f571e990ef0278564b31124f8bb109d9a697eb69 COREBOOT_SDK_ROOT_arm=/home/jpmurphy/.cache/coreboot-sdk/arm-eabi/ea40ddd1d190c3b48435c474c0b545719371813a COREBOOT_SDK_ROOT_libstdcxx_riscv64=/home/jpmurphy/.cache/coreboot-sdk/libstdcxx-riscv64-elf/17abf22a3a252e2d5d2062ced5324f7a623689e0 COREBOOT_SDK_ROOT_libstdcxx_arm=/home/jpmurphy/.cache/coreboot-sdk/libstdcxx-arm-eabi/5d7d82e150e44aa1968f1d366e267e6687b328ac COREBOOT_SDK_ROOT_riscv=/home/jpmurphy/.cache/coreboot-sdk/riscv-elf/9a27b9e82341c6e9126624f516ab3f261abb3e73 COREBOOT_SDK_ROOT_libstdcxx_x86=/home/jpmurphy/.cache/coreboot-sdk/libstdcxx-i386-elf/42ef9d2e87a76a37963175d7d428734e65648b87 PYTHONPATH=/mnt/host/source/src/platform/ec/zephyr/zmake PW_PIGWEED_CIPD_INSTALL_DIR=/usr CROSTC_USER_ACKNOWLEDGES_THAT_RISCV_IS_EXPERIMENTAL=1 MAKEFLAGS=' -j16 --jobserver-auth=5,6' /usr/bin/ninja -C /mnt/host/source/src/platform/ec/build/zephyr/ptlrvp_npcx/build-ro all.libraries`
[helipilot:ro] [509/513] Building C object zephyr/kernel/CMakeFiles/kernel.dir/poll.c.obj
[/mnt/host/source/src/platform/ec/build/zephyr/nivviks-lcov]   /mnt/host/source/src/platform/ec/build/zephyr/nivviks/build-rw/modules/ec/zephyr/CMakeFiles/ec_shim.dir/shim/src/bc12.c.gcno:no functions found
[/mnt/host/source/src/platform/ec/build/zephyr/nivviks-lcov] stderr:
[ptlrvp_npcx:ro] ninja: Entering directory `/mnt/host/source/src/platform/ec/build/zephyr/ptlrvp_npcx/build-ro'
[helipilot:ro] [510/513] Building C object zephyr/kernel/CMakeFiles/kernel.dir/events.c.obj
[bluey:rw] [1/336] Preparing syscall dependency handling
[ptlrvp_npcx:rw] INFO:root:Using a static version string
[ptlrvp_npcx:rw] INFO:root:Version string: Zephyr-Kernel-16543.0.0
[ptlrvp_npcx:rw] INFO:root:Writing header to /mnt/host/source/src/platform/ec/build/zephyr/ptlrvp_npcx/build-rw/modules/ec/zephyr/include/ec_version.h
[ptlrvp_npcx:rw] [4/389] Generating include/generated/zephyr/version.h
[helipilot:ro] [511/513] Building C object zephyr/kernel/CMakeFiles/kernel.dir/mempool.c.obj
[ocelotrvp-ite:ro] [1/391] Preparing syscall dependency handling
[ptlrvp_npcx:ro] [1/389] Preparing syscall dependency handling
[bluey:ro] Building: /usr/bin/ninja -C /mnt/host/source/src/platform/ec/build/zephyr/bluey/build-ro all.libraries
Running `env -i SHELL=/bin/bash COLORTERM=truecolor DEPOT_TOOLS_UPDATE=0 LESS='-R -M --shift 5' SUDO_GID=0 JDK_HOME=/etc/java-config-2/current-system-vm CONFIG_PROTECT_MASK='/etc/gentoo-release /etc/sandbox.d /etc/fonts/fonts.conf /etc/terminfo /etc/ca-certificates.conf /etc/revdep-rebuild' CHROMEOS_CACHEDIR=/var/cache/chromeos-cache JAVA_HOME=/etc/java-config-2/current-system-vm SSH_AUTH_SOCK=/tmp/ssh-auth-sock SUDO_COMMAND=/bin/bash SUDO_USER=root SUDO_TTY=/dev/pts/2 EDITOR=/usr/bin/vi PWD=/mnt/host/source/src/platform/ec CONFIG_PROTECT=/usr/share/gnupg/qualified.txt LOGNAME=jpmurphy MANPATH=/etc/java-config-2/current-system-vm/man:/usr/local/share/man:/usr/share/man:/usr/share/gcc-data/x86_64-pc-linux-gnu/10.2.0/man:/usr/share/binutils-data/x86_64-pc-linux-gnu/2.45/man:/etc/java-config-2/current-system-vm/man/ SUDO_HOME=/root XAUTHORITY=/run/user/944457/gdm/Xauthority HOME=/home/jpmurphy LANG=C.UTF-8 LS_COLORS='rs=0:di=01;34:ln=01;36:mh=00:pi=40;33:so=01;35:do=01;35:bd=40;33;01:cd=40;33;01:or=01;05;37;41:mi=01;05;37;41:su=37;41:sg=30;43:ca=30;41:tw=30;42:ow=34;42:st=37;44:ex=01;32:*.tar=01;31:*.tgz=01;31:*.arc=01;31:*.arj=01;31:*.taz=01;31:*.lha=01;31:*.lz4=01;31:*.lzh=01;31:*.lzma=01;31:*.tlz=01;31:*.txz=01;31:*.tzo=01;31:*.t7z=01;31:*.zip=01;31:*.z=01;31:*.dz=01;31:*.gz=01;31:*.lrz=01;31:*.lz=01;31:*.lzo=01;31:*.xz=01;31:*.zst=01;31:*.tzst=01;31:*.bz2=01;31:*.bz=01;31:*.tbz=01;31:*.tbz2=01;31:*.tz=01;31:*.deb=01;31:*.rpm=01;31:*.jar=01;31:*.war=01;31:*.ear=01;31:*.sar=01;31:*.rar=01;31:*.alz=01;31:*.ace=01;31:*.zoo=01;31:*.cpio=01;31:*.7z=01;31:*.rz=01;31:*.cab=01;31:*.wim=01;31:*.swm=01;31:*.dwm=01;31:*.esd=01;31:*.jpg=01;35:*.jpeg=01;35:*.mjpg=01;35:*.mjpeg=01;35:*.gif=01;35:*.bmp=01;35:*.pbm=01;35:*.pgm=01;35:*.ppm=01;35:*.tga=01;35:*.xbm=01;35:*.xpm=01;35:*.tif=01;35:*.tiff=01;35:*.png=01;35:*.svg=01;35:*.svgz=01;35:*.mng=01;35:*.pcx=01;35:*.mov=01;35:*.mpg=01;35:*.mpeg=01;35:*.m2v=01;35:*.mkv=01;35:*.webm=01;35:*.webp=01;35:*.ogm=01;35:*.mp4=01;35:*.m4v=01;35:*.mp4v=01;35:*.vob=01;35:*.qt=01;35:*.nuv=01;35:*.wmv=01;35:*.asf=01;35:*.rm=01;35:*.rmvb=01;35:*.flc=01;35:*.avi=01;35:*.fli=01;35:*.flv=01;35:*.gl=01;35:*.dl=01;35:*.xcf=01;35:*.xwd=01;35:*.yuv=01;35:*.cgm=01;35:*.emf=01;35:*.ogv=01;35:*.ogx=01;35:*.cfg=00;32:*.conf=00;32:*.diff=00;32:*.doc=00;32:*.ini=00;32:*.log=00;32:*.patch=00;32:*.pdf=00;32:*.ps=00;32:*.tex=00;32:*.txt=00;32:*.aac=00;36:*.au=00;36:*.flac=00;36:*.m4a=00;36:*.mid=00;36:*.midi=00;36:*.mka=00;36:*.mp3=00;36:*.mpc=00;36:*.ogg=00;36:*.ra=00;36:*.wav=00;36:*.oga=00;36:*.opus=00;36:*.spx=00;36:*.xspf=00;36:' XDG_CURRENT_DESKTOP=GNOME INFOPATH=/usr/share/info:/usr/share/gcc-data/x86_64-pc-linux-gnu/10.2.0/info:/usr/share/binutils-data/x86_64-pc-linux-gnu/2.45/info:/usr/share/automake-1.16.5/info JAVAC=/etc/java-config-2/current-system-vm/bin/javac TERM=xterm-256color LESSOPEN='|lesspipe %s' USER=jpmurphy CROS_WORKON_SRCROOT=/mnt/host/source MANPAGER=manpager DISPLAY=:1 SHLVL=1 LC_MESSAGES=C EXTERNAL_TRUNK_PATH=/mnt/8f9d649a-3721-44cc-93c0-e6bd21a9689f/chromiumos GCC_SPECS='' PATH=/mnt/host/source/chromite/bin:/usr/local/bin:/usr/bin:/bin:/opt/bin:/mnt/host/source/chromite/sdk/bin:/mnt/host/source/chromite/bin PORTAGE_USERNAME=jpmurphy SUDO_UID=0 GCC_VER=10.2.0 MAIL=/var/mail/jpmurphy OLDPWD=/mnt/host/source/src/scripts traceparent=00-e87aca51550a78635907baa6a2476181-6d684811675d2973-01 _=./zephyr/firmware_builder.py COREBOOT_SDK_ROOT_x86=/home/jpmurphy/.cache/coreboot-sdk/i386-elf/dfbb0486385d938cfa9d73080b9d18d598ed4f49 COREBOOT_SDK_ROOT_picolibc_x86=/home/jpmurphy/.cache/coreboot-sdk/picolibc-i386-elf/eb8e8e687b95461de8cbf278f1c2076952d0ad17 COREBOOT_SDK_ROOT_riscv64=/home/jpmurphy/.cache/coreboot-sdk/riscv64-elf/96b949749225b6aaa92ed810ab769e8dfb12f000 COREBOOT_SDK_ROOT_picolibc_arm=/home/jpmurphy/.cache/coreboot-sdk/picolibc-arm-eabi/422a2aa3e1ef891b5bece9a3deb696ff83840d2e COREBOOT_SDK_ROOT_nds32=/home/jpmurphy/.cache/coreboot-sdk/nds32le-elf/d1a518c4a097666d86058e1444f85ca015d15511 COREBOOT_SDK_ROOT_picolibc_riscv64=/home/jpmurphy/.cache/coreboot-sdk/picolibc-riscv64-elf/f571e990ef0278564b31124f8bb109d9a697eb69 COREBOOT_SDK_ROOT_arm=/home/jpmurphy/.cache/coreboot-sdk/arm-eabi/ea40ddd1d190c3b48435c474c0b545719371813a COREBOOT_SDK_ROOT_libstdcxx_riscv64=/home/jpmurphy/.cache/coreboot-sdk/libstdcxx-riscv64-elf/17abf22a3a252e2d5d2062ced5324f7a623689e0 COREBOOT_SDK_ROOT_libstdcxx_arm=/home/jpmurphy/.cache/coreboot-sdk/libstdcxx-arm-eabi/5d7d82e150e44aa1968f1d366e267e6687b328ac COREBOOT_SDK_ROOT_riscv=/home/jpmurphy/.cache/coreboot-sdk/riscv-elf/9a27b9e82341c6e9126624f516ab3f261abb3e73 COREBOOT_SDK_ROOT_libstdcxx_x86=/home/jpmurphy/.cache/coreboot-sdk/libstdcxx-i386-elf/42ef9d2e87a76a37963175d7d428734e65648b87 PYTHONPATH=/mnt/host/source/src/platform/ec/zephyr/zmake PW_PIGWEED_CIPD_INSTALL_DIR=/usr CROSTC_USER_ACKNOWLEDGES_THAT_RISCV_IS_EXPERIMENTAL=1 MAKEFLAGS=' -j16 --jobserver-auth=5,6' /usr/bin/ninja -C /mnt/host/source/src/platform/ec/build/zephyr/bluey/build-ro all.libraries`
[helipilot:ro] [512/513] Building C object zephyr/kernel/CMakeFiles/kernel.dir/dynamic_disabled.c.obj
[bluey:ro] ninja: Entering directory `/mnt/host/source/src/platform/ec/build/zephyr/bluey/build-ro'
[bluey:rw] [2/336] Generating misc/generated/syscalls_subdirs.trigger
[helipilot:ro] [513/513] Linking C static library zephyr/kernel/libkernel.a
[ocelotrvp-ite:ro] [2/391] Generating misc/generated/syscalls_subdirs.trigger
[ocelotrvp-ite:rw] Building: /usr/bin/ninja -C /mnt/host/source/src/platform/ec/build/zephyr/ocelotrvp-ite/build-rw all.libraries
Running `env -i SHELL=/bin/bash COLORTERM=truecolor DEPOT_TOOLS_UPDATE=0 LESS='-R -M --shift 5' SUDO_GID=0 JDK_HOME=/etc/java-config-2/current-system-vm CONFIG_PROTECT_MASK='/etc/gentoo-release /etc/sandbox.d /etc/fonts/fonts.conf /etc/terminfo /etc/ca-certificates.conf /etc/revdep-rebuild' CHROMEOS_CACHEDIR=/var/cache/chromeos-cache JAVA_HOME=/etc/java-config-2/current-system-vm SSH_AUTH_SOCK=/tmp/ssh-auth-sock SUDO_COMMAND=/bin/bash SUDO_USER=root SUDO_TTY=/dev/pts/2 EDITOR=/usr/bin/vi PWD=/mnt/host/source/src/platform/ec CONFIG_PROTECT=/usr/share/gnupg/qualified.txt LOGNAME=jpmurphy MANPATH=/etc/java-config-2/current-system-vm/man:/usr/local/share/man:/usr/share/man:/usr/share/gcc-data/x86_64-pc-linux-gnu/10.2.0/man:/usr/share/binutils-data/x86_64-pc-linux-gnu/2.45/man:/etc/java-config-2/current-system-vm/man/ SUDO_HOME=/root XAUTHORITY=/run/user/944457/gdm/Xauthority HOME=/home/jpmurphy LANG=C.UTF-8 LS_COLORS='rs=0:di=01;34:ln=01;36:mh=00:pi=40;33:so=01;35:do=01;35:bd=40;33;01:cd=40;33;01:or=01;05;37;41:mi=01;05;37;41:su=37;41:sg=30;43:ca=30;41:tw=30;42:ow=34;42:st=37;44:ex=01;32:*.tar=01;31:*.tgz=01;31:*.arc=01;31:*.arj=01;31:*.taz=01;31:*.lha=01;31:*.lz4=01;31:*.lzh=01;31:*.lzma=01;31:*.tlz=01;31:*.txz=01;31:*.tzo=01;31:*.t7z=01;31:*.zip=01;31:*.z=01;31:*.dz=01;31:*.gz=01;31:*.lrz=01;31:*.lz=01;31:*.lzo=01;31:*.xz=01;31:*.zst=01;31:*.tzst=01;31:*.bz2=01;31:*.bz=01;31:*.tbz=01;31:*.tbz2=01;31:*.tz=01;31:*.deb=01;31:*.rpm=01;31:*.jar=01;31:*.war=01;31:*.ear=01;31:*.sar=01;31:*.rar=01;31:*.alz=01;31:*.ace=01;31:*.zoo=01;31:*.cpio=01;31:*.7z=01;31:*.rz=01;31:*.cab=01;31:*.wim=01;31:*.swm=01;31:*.dwm=01;31:*.esd=01;31:*.jpg=01;35:*.jpeg=01;35:*.mjpg=01;35:*.mjpeg=01;35:*.gif=01;35:*.bmp=01;35:*.pbm=01;35:*.pgm=01;35:*.ppm=01;35:*.tga=01;35:*.xbm=01;35:*.xpm=01;35:*.tif=01;35:*.tiff=01;35:*.png=01;35:*.svg=01;35:*.svgz=01;35:*.mng=01;35:*.pcx=01;35:*.mov=01;35:*.mpg=01;35:*.mpeg=01;35:*.m2v=01;35:*.mkv=01;35:*.webm=01;35:*.webp=01;35:*.ogm=01;35:*.mp4=01;35:*.m4v=01;35:*.mp4v=01;35:*.vob=01;35:*.qt=01;35:*.nuv=01;35:*.wmv=01;35:*.asf=01;35:*.rm=01;35:*.rmvb=01;35:*.flc=01;35:*.avi=01;35:*.fli=01;35:*.flv=01;35:*.gl=01;35:*.dl=01;35:*.xcf=01;35:*.xwd=01;35:*.yuv=01;35:*.cgm=01;35:*.emf=01;35:*.ogv=01;35:*.ogx=01;35:*.cfg=00;32:*.conf=00;32:*.diff=00;32:*.doc=00;32:*.ini=00;32:*.log=00;32:*.patch=00;32:*.pdf=00;32:*.ps=00;32:*.tex=00;32:*.txt=00;32:*.aac=00;36:*.au=00;36:*.flac=00;36:*.m4a=00;36:*.mid=00;36:*.midi=00;36:*.mka=00;36:*.mp3=00;36:*.mpc=00;36:*.ogg=00;36:*.ra=00;36:*.wav=00;36:*.oga=00;36:*.opus=00;36:*.spx=00;36:*.xspf=00;36:' XDG_CURRENT_DESKTOP=GNOME INFOPATH=/usr/share/info:/usr/share/gcc-data/x86_64-pc-linux-gnu/10.2.0/info:/usr/share/binutils-data/x86_64-pc-linux-gnu/2.45/info:/usr/share/automake-1.16.5/info JAVAC=/etc/java-config-2/current-system-vm/bin/javac TERM=xterm-256color LESSOPEN='|lesspipe %s' USER=jpmurphy CROS_WORKON_SRCROOT=/mnt/host/source MANPAGER=manpager DISPLAY=:1 SHLVL=1 LC_MESSAGES=C EXTERNAL_TRUNK_PATH=/mnt/8f9d649a-3721-44cc-93c0-e6bd21a9689f/chromiumos GCC_SPECS='' PATH=/mnt/host/source/chromite/bin:/usr/local/bin:/usr/bin:/bin:/opt/bin:/mnt/host/source/chromite/sdk/bin:/mnt/host/source/chromite/bin PORTAGE_USERNAME=jpmurphy SUDO_UID=0 GCC_VER=10.2.0 MAIL=/var/mail/jpmurphy OLDPWD=/mnt/host/source/src/scripts traceparent=00-e87aca51550a78635907baa6a2476181-6d684811675d2973-01 _=./zephyr/firmware_builder.py COREBOOT_SDK_ROOT_x86=/home/jpmurphy/.cache/coreboot-sdk/i386-elf/dfbb0486385d938cfa9d73080b9d18d598ed4f49 COREBOOT_SDK_ROOT_picolibc_x86=/home/jpmurphy/.cache/coreboot-sdk/picolibc-i386-elf/eb8e8e687b95461de8cbf278f1c2076952d0ad17 COREBOOT_SDK_ROOT_riscv64=/home/jpmurphy/.cache/coreboot-sdk/riscv64-elf/96b949749225b6aaa92ed810ab769e8dfb12f000 COREBOOT_SDK_ROOT_picolibc_arm=/home/jpmurphy/.cache/coreboot-sdk/picolibc-arm-eabi/422a2aa3e1ef891b5bece9a3deb696ff83840d2e COREBOOT_SDK_ROOT_nds32=/home/jpmurphy/.cache/coreboot-sdk/nds32le-elf/d1a518c4a097666d86058e1444f85ca015d15511 COREBOOT_SDK_ROOT_picolibc_riscv64=/home/jpmurphy/.cache/coreboot-sdk/picolibc-riscv64-elf/f571e990ef0278564b31124f8bb109d9a697eb69 COREBOOT_SDK_ROOT_arm=/home/jpmurphy/.cache/coreboot-sdk/arm-eabi/ea40ddd1d190c3b48435c474c0b545719371813a COREBOOT_SDK_ROOT_libstdcxx_riscv64=/home/jpmurphy/.cache/coreboot-sdk/libstdcxx-riscv64-elf/17abf22a3a252e2d5d2062ced5324f7a623689e0 COREBOOT_SDK_ROOT_libstdcxx_arm=/home/jpmurphy/.cache/coreboot-sdk/libstdcxx-arm-eabi/5d7d82e150e44aa1968f1d366e267e6687b328ac COREBOOT_SDK_ROOT_riscv=/home/jpmurphy/.cache/coreboot-sdk/riscv-elf/9a27b9e82341c6e9126624f516ab3f261abb3e73 COREBOOT_SDK_ROOT_libstdcxx_x86=/home/jpmurphy/.cache/coreboot-sdk/libstdcxx-i386-elf/42ef9d2e87a76a37963175d7d428734e65648b87 PYTHONPATH=/mnt/host/source/src/platform/ec/zephyr/zmake PW_PIGWEED_CIPD_INSTALL_DIR=/usr CROSTC_USER_ACKNOWLEDGES_THAT_RISCV_IS_EXPERIMENTAL=1 MAKEFLAGS=' -j16 --jobserver-auth=5,6' /usr/bin/ninja -C /mnt/host/source/src/platform/ec/build/zephyr/ocelotrvp-ite/build-rw all.libraries`
[ocelotrvp-ite:rw] ninja: Entering directory `/mnt/host/source/src/platform/ec/build/zephyr/ocelotrvp-ite/build-rw'
[ptlrvp_npcx:ro] [2/389] Generating misc/generated/syscalls_subdirs.trigger
[ocelotrvp-ite:ro] [3/391] Generating include/generated/zephyr/version.h
[/mnt/host/source/src/platform/ec/build/zephyr/rex-ish-ec-lcov]   /mnt/host/source/src/platform/ec/build/zephyr/rex-ish-ec/build-rw/modules/ec/zephyr/CMakeFiles/ec_shim.dir/shim/src/kb8010_usb_mux.c.gcno:no functions found
[/mnt/host/source/src/platform/ec/build/zephyr/rex-ish-ec-lcov] stderr:
[ocelotrvp-ite:ro] -- git describe warned: warning: tag 'upstream/v2.7.99' is externally known as 'v2.7.99'
[ocelotrvp-ite:ro] -- Zephyr version: 4.3.99 (/mnt/host/source/src/third_party/zephyr/main)
[ocelotrvp-ite:ro] [4/391] cd /mnt/host/source/src/platform/ec/build/zephyr/ocelotrvp-ite/build-ro/modules/ec/zephyr && PYTHONPATH=/mnt/host/source/src/platform/ec/build/zephyr/ocelotrvp-ite/modules/ec/zephyr/zmake/ /usr/bin/python3.11 /mnt/host/source/src/platform/ec/build/zephyr/ocelotrvp-ite/modules/ec/zephyr/zmake/zephyr_build_tools/generate_ec_version.py /mnt/host/source/src/platform/ec/build/zephyr/ocelotrvp-ite/build-ro/modules/ec/zephyr/include/ec_version.h --name Zephyr-Kernel --version 16543.0.0 --static
[ocelotrvp-ite:ro] INFO:root:Using a static version string
[bluey:rw] [3/336] Generating include/generated/zephyr/version.h
[ocelotrvp-ite:ro] INFO:root:Version string: Zephyr-Kernel-16543.0.0
[ocelotrvp-ite:ro] INFO:root:Writing header to /mnt/host/source/src/platform/ec/build/zephyr/ocelotrvp-ite/build-ro/modules/ec/zephyr/include/ec_version.h
[ocelotrvp-ite:ro] [5/391] Building CXX object modules/pigweed/pw_build/CMakeFiles/pw_build.empty.dir/empty_file.cc.obj
[ocelotrvp-ite:ro] [6/391] Generating pw_third_party.nanopb.proto/sources/nanopb.proto
[ptlrvp_npcx:rw] -- git describe warned: warning: tag 'upstream/v2.7.99' is externally known as 'v2.7.99'
[ptlrvp_npcx:rw] -- Zephyr version: 4.3.99 (/mnt/host/source/src/third_party/zephyr/main)
[ptlrvp_npcx:rw] [5/389] Generating misc/generated/syscalls.json, misc/generated/struct_tags.json
[bluey:rw] -- git describe warned: warning: tag 'upstream/v2.7.99' is externally known as 'v2.7.99'
[bluey:rw] -- Zephyr version: 4.3.99 (/mnt/host/source/src/third_party/zephyr/main)
[bluey:rw] [4/336] cd /mnt/host/source/src/platform/ec/build/zephyr/bluey/build-rw/modules/ec/zephyr && PYTHONPATH=/mnt/host/source/src/platform/ec/build/zephyr/bluey/modules/ec/zephyr/zmake/ /usr/bin/python3.11 /mnt/host/source/src/platform/ec/build/zephyr/bluey/modules/ec/zephyr/zmake/zephyr_build_tools/generate_ec_version.py /mnt/host/source/src/platform/ec/build/zephyr/bluey/build-rw/modules/ec/zephyr/include/ec_version.h --name Zephyr-Kernel --version 16543.0.0 --static
[ptlrvp_npcx:ro] [3/389] Generating include/generated/zephyr/version.h
[ocelotrvp-ite:rw] [1/391] Preparing syscall dependency handling
[ocelotrvp-ite:ro] [7/391] Generating dsp_comms.proto/sources/proto/ec_dsp.proto, dsp_comms.proto/sources/proto/ec_dsp.options
[ocelotrvp-ite:rw] [2/391] Generating misc/generated/syscalls_subdirs.trigger
[ocelotrvp-ite:ro] [8/391] Generating pw_transport.proto/sources/pw_transport/proto/transport.proto, pw_transport.proto/sources/pw_transport/proto/transport.options
[ptlrvp_npcx:ro] -- git describe warned: warning: tag 'upstream/v2.7.99' is externally known as 'v2.7.99'
[ptlrvp_npcx:ro] -- Zephyr version: 4.3.99 (/mnt/host/source/src/third_party/zephyr/main)
[ptlrvp_npcx:ro] [4/389] cd /mnt/host/source/src/platform/ec/build/zephyr/ptlrvp_npcx/build-ro/modules/ec/zephyr && PYTHONPATH=/mnt/host/source/src/platform/ec/build/zephyr/ptlrvp_npcx/modules/ec/zephyr/zmake/ /usr/bin/python3.11 /mnt/host/source/src/platform/ec/build/zephyr/ptlrvp_npcx/modules/ec/zephyr/zmake/zephyr_build_tools/generate_ec_version.py /mnt/host/source/src/platform/ec/build/zephyr/ptlrvp_npcx/build-ro/modules/ec/zephyr/include/ec_version.h --name Zephyr-Kernel --version 16543.0.0 --static
[ptlrvp_npcx:rw] [6/389] Generating include/generated/zephyr/syscall_dispatch.c, include/generated/zephyr/syscall_exports_llext.c, syscall_weakdefs_llext.c, include/generated/zephyr/syscall_list.h
[bluey:ro] [1/336] Generating include/generated/zephyr/version.h
[bluey:ro] -- git describe warned: warning: tag 'upstream/v2.7.99' is externally known as 'v2.7.99'
[bluey:ro] -- Zephyr version: 4.3.99 (/mnt/host/source/src/third_party/zephyr/main)
[bluey:ro] [2/336] Preparing syscall dependency handling
[bluey:ro] [3/336] Generating misc/generated/syscalls_subdirs.trigger
[ptlrvp_npcx:rw] [7/389] Generating include/generated/zephyr/driver-validation.h
[ocelotrvp-ite:ro] [9/391] Generating misc/generated/syscalls.json, misc/generated/struct_tags.json
[ptlrvp_npcx:ro] INFO:root:Using a static version string
[ptlrvp_npcx:ro] INFO:root:Version string: Zephyr-Kernel-16543.0.0
[ptlrvp_npcx:ro] INFO:root:Writing header to /mnt/host/source/src/platform/ec/build/zephyr/ptlrvp_npcx/build-ro/modules/ec/zephyr/include/ec_version.h
[ptlrvp_npcx:ro] [5/389] Generating misc/generated/syscalls.json, misc/generated/struct_tags.json
[ocelotrvp-ite:ro] [10/391] Generating /mnt/host/source/src/platform/ec/build/zephyr/ocelotrvp-ite/modules/nanopb/generator/proto/nanopb_pb2.py
[bluey:rw] INFO:root:Using a static version string
[bluey:rw] INFO:root:Version string: Zephyr-Kernel-16543.0.0
[bluey:rw] INFO:root:Writing header to /mnt/host/source/src/platform/ec/build/zephyr/bluey/build-rw/modules/ec/zephyr/include/ec_version.h
[bluey:rw] [5/336] Generating misc/generated/syscalls.json, misc/generated/struct_tags.json
[ocelotrvp-ite:rw] [3/391] Generating include/generated/zephyr/version.h
[ocelotrvp-ite:rw] -- git describe warned: warning: tag 'upstream/v2.7.99' is externally known as 'v2.7.99'
[ptlrvp_npcx:rw] [8/389] Generating include/generated/zephyr/kobj-types-enum.h, include/generated/zephyr/otype-to-str.h, include/generated/zephyr/otype-to-size.h
[ocelotrvp-ite:rw] -- Zephyr version: 4.3.99 (/mnt/host/source/src/third_party/zephyr/main)
[ocelotrvp-ite:rw] [4/391] Building CXX object modules/pigweed/pw_build/CMakeFiles/pw_build.empty.dir/empty_file.cc.obj
[ocelotrvp-ite:ro] [11/391] Generating include/generated/zephyr/syscall_dispatch.c, include/generated/zephyr/syscall_exports_llext.c, syscall_weakdefs_llext.c, include/generated/zephyr/syscall_list.h
[bluey:ro] [4/336] cd /mnt/host/source/src/platform/ec/build/zephyr/bluey/build-ro/modules/ec/zephyr && PYTHONPATH=/mnt/host/source/src/platform/ec/build/zephyr/bluey/modules/ec/zephyr/zmake/ /usr/bin/python3.11 /mnt/host/source/src/platform/ec/build/zephyr/bluey/modules/ec/zephyr/zmake/zephyr_build_tools/generate_ec_version.py /mnt/host/source/src/platform/ec/build/zephyr/bluey/build-ro/modules/ec/zephyr/include/ec_version.h --name Zephyr-Kernel --version 16543.0.0 --static
[ptlrvp_npcx:ro] [6/389] Generating include/generated/zephyr/syscall_dispatch.c, include/generated/zephyr/syscall_exports_llext.c, syscall_weakdefs_llext.c, include/generated/zephyr/syscall_list.h
[ptlrvp_npcx:rw] [9/389] Generating include/generated/device-api-sections.ld, include/generated/device-api-sections.cmake
[ocelotrvp-ite:rw] [5/391] Generating pw_third_party.nanopb.proto/sources/nanopb.proto
[ptlrvp_npcx:rw] [10/389] Building C object zephyr/CMakeFiles/offsets.dir/arch/arm/core/offsets/offsets.c.obj
[bluey:rw] [6/336] Generating include/generated/zephyr/syscall_dispatch.c, include/generated/zephyr/syscall_exports_llext.c, syscall_weakdefs_llext.c, include/generated/zephyr/syscall_list.h
[ocelotrvp-ite:rw] [6/391] cd /mnt/host/source/src/platform/ec/build/zephyr/ocelotrvp-ite/build-rw/modules/ec/zephyr && PYTHONPATH=/mnt/host/source/src/platform/ec/build/zephyr/ocelotrvp-ite/modules/ec/zephyr/zmake/ /usr/bin/python3.11 /mnt/host/source/src/platform/ec/build/zephyr/ocelotrvp-ite/modules/ec/zephyr/zmake/zephyr_build_tools/generate_ec_version.py /mnt/host/source/src/platform/ec/build/zephyr/ocelotrvp-ite/build-rw/modules/ec/zephyr/include/ec_version.h --name Zephyr-Kernel --version 16543.0.0 --static
[ocelotrvp-ite:ro] [12/391] Generating include/generated/zephyr/driver-validation.h
[ocelotrvp-ite:rw] INFO:root:Using a static version string
[ocelotrvp-ite:rw] INFO:root:Version string: Zephyr-Kernel-16543.0.0
[ocelotrvp-ite:rw] INFO:root:Writing header to /mnt/host/source/src/platform/ec/build/zephyr/ocelotrvp-ite/build-rw/modules/ec/zephyr/include/ec_version.h
[ocelotrvp-ite:rw] [7/391] Generating dsp_comms.proto/sources/proto/ec_dsp.proto, dsp_comms.proto/sources/proto/ec_dsp.options
[ocelotrvp-ite:rw] [8/391] Generating pw_transport.proto/sources/pw_transport/proto/transport.proto, pw_transport.proto/sources/pw_transport/proto/transport.options
[ocelotrvp-ite:ro] [13/391] Generating include/generated/device-api-sections.ld, include/generated/device-api-sections.cmake
[ocelotrvp-ite:ro] [14/391] Generating include/generated/zephyr/kobj-types-enum.h, include/generated/zephyr/otype-to-str.h, include/generated/zephyr/otype-to-size.h
[ptlrvp_npcx:ro] [7/389] Generating include/generated/zephyr/driver-validation.h
[ptlrvp_npcx:rw] [11/389] Generating include/generated/zephyr/offsets.h
[ptlrvp_npcx:rw] [12/389] Building C object CMakeFiles/app.dir/mnt/host/source/src/platform/ec/zephyr/subsys/ap_pwrseq/ap_events.c.obj
[ptlrvp_npcx:rw] [13/389] Building C object CMakeFiles/app.dir/mnt/host/source/src/platform/ec/zephyr/subsys/ap_pwrseq/ap_power_interface.c.obj
[bluey:rw] [7/336] Generating include/generated/zephyr/driver-validation.h
[ptlrvp_npcx:rw] [14/389] Building C object CMakeFiles/app.dir/mnt/host/source/src/platform/ec/zephyr/subsys/ap_pwrseq/power_signals.c.obj
[ptlrvp_npcx:rw] [15/389] Building C object CMakeFiles/app.dir/mnt/host/source/src/platform/ec/zephyr/subsys/ap_pwrseq/signal_gpio.c.obj
[ptlrvp_npcx:rw] [16/389] Building C object CMakeFiles/app.dir/mnt/host/source/src/platform/ec/zephyr/subsys/ap_pwrseq/signal_vw.c.obj
[ptlrvp_npcx:rw] [17/389] Building C object CMakeFiles/app.dir/mnt/host/source/src/platform/ec/zephyr/subsys/ap_pwrseq/ap_pwrseq.c.obj
[ptlrvp_npcx:ro] [8/389] Generating include/generated/zephyr/kobj-types-enum.h, include/generated/zephyr/otype-to-str.h, include/generated/zephyr/otype-to-size.h
[ptlrvp_npcx:rw] [18/389] Building C object CMakeFiles/app.dir/mnt/host/source/src/platform/ec/zephyr/subsys/ap_pwrseq/ap_pwrseq_sm.c.obj
Running (initial) lcov on /mnt/host/source/src/platform/ec/build/zephyr/helipilot.
[ptlrvp_npcx:rw] [19/389] Building C object CMakeFiles/app.dir/mnt/host/source/src/platform/ec/zephyr/subsys/ap_pwrseq/power_host_sleep.c.obj
[ocelotrvp-ite:rw] [9/391] Generating misc/generated/syscalls.json, misc/generated/struct_tags.json
[ptlrvp_npcx:rw] [20/389] Building C object CMakeFiles/app.dir/mnt/host/source/src/platform/ec/zephyr/subsys/ap_pwrseq/x86_non_dsx_common_pwrseq_sm_handler.c.obj
[ptlrvp_npcx:rw] [21/389] Building C object CMakeFiles/app.dir/mnt/host/source/src/platform/ec/zephyr/subsys/ap_pwrseq/x86_non_dsx_chipset_power_state.c.obj
[bluey:rw] [8/336] Generating include/generated/zephyr/kobj-types-enum.h, include/generated/zephyr/otype-to-str.h, include/generated/zephyr/otype-to-size.h
[ptlrvp_npcx:ro] [9/389] Generating include/generated/device-api-sections.ld, include/generated/device-api-sections.cmake
[ptlrvp_npcx:rw] [22/389] Building C object CMakeFiles/app.dir/mnt/host/source/src/platform/ec/zephyr/subsys/ap_pwrseq/x86_non_dsx_common_pwrseq_host_sleep.c.obj
[ptlrvp_npcx:rw] [23/389] Building C object CMakeFiles/app.dir/mnt/host/source/src/platform/ec/zephyr/subsys/ap_pwrseq/x86_non_dsx_common_pwrseq_console.c.obj
[ptlrvp_npcx:ro] [10/389] Building C object zephyr/CMakeFiles/offsets.dir/arch/arm/core/offsets/offsets.c.obj
[ocelotrvp-ite:rw] [10/391] Generating /mnt/host/source/src/platform/ec/build/zephyr/ocelotrvp-ite/modules/nanopb/generator/proto/nanopb_pb2.py
[ptlrvp_npcx:rw] [24/389] Building C object CMakeFiles/app.dir/mnt/host/source/src/platform/ec/zephyr/subsys/ap_pwrseq/x86_non_dsx_common_pwrseq_host_command.c.obj
[ptlrvp_npcx:rw] [25/389] Building C object CMakeFiles/app.dir/mnt/host/source/src/platform/ec/zephyr/subsys/ap_pwrseq/x86_non_dsx_mtl_pwrseq_sm.c.obj
[bluey:rw] [9/336] Generating include/generated/device-api-sections.ld, include/generated/device-api-sections.cmake
[ptlrvp_npcx:rw] [26/389] Building C object CMakeFiles/app.dir/mnt/host/source/src/platform/ec/zephyr/subsys/ap_pwrseq/ap_reset_log.c.obj
[ocelotrvp-ite:rw] [11/391] Generating include/generated/zephyr/syscall_dispatch.c, include/generated/zephyr/syscall_exports_llext.c, syscall_weakdefs_llext.c, include/generated/zephyr/syscall_list.h
[ptlrvp_npcx:rw] [27/389] Building C object CMakeFiles/app.dir/mnt/host/source/src/platform/ec/zephyr/subsys/pd_controller/pdc_pmc_debug.c.obj
[/mnt/host/source/src/platform/ec/build/zephyr/starmie-lcov]   /mnt/host/source/src/platform/ec/build/zephyr/starmie/build-rw/modules/ec/zephyr/CMakeFiles/ec_shim.dir/shim/src/chg_rt9490.c.gcno:no functions found
[/mnt/host/source/src/platform/ec/build/zephyr/starmie-lcov] stderr:
[ptlrvp_npcx:rw] [28/389] Building C object CMakeFiles/app.dir/mnt/host/source/src/platform/ec/zephyr/subsys/pd_controller/retimer_fw_update.c.obj
[ptlrvp_npcx:rw] [29/389] Building C object CMakeFiles/app.dir/mnt/host/source/src/platform/ec/zephyr/subsys/pd_controller/pdc_power_mgmt.c.obj
[ptlrvp_npcx:rw] [30/389] Building C object CMakeFiles/app.dir/mnt/host/source/src/platform/ec/zephyr/subsys/pd_controller/pdc_console.c.obj
[bluey:ro] INFO:root:Using a static version string
[bluey:ro] INFO:root:Version string: Zephyr-Kernel-16543.0.0
[bluey:ro] INFO:root:Writing header to /mnt/host/source/src/platform/ec/build/zephyr/bluey/build-ro/modules/ec/zephyr/include/ec_version.h
[bluey:ro] [5/336] Generating misc/generated/syscalls.json, misc/generated/struct_tags.json
[ptlrvp_npcx:rw] [31/389] Building C object CMakeFiles/app.dir/mnt/host/source/src/platform/ec/zephyr/subsys/pd_controller/pdc_host_cmd.c.obj
[ptlrvp_npcx:rw] [32/389] Building C object CMakeFiles/app.dir/mnt/host/source/src/platform/ec/zephyr/subsys/pd_controller/pdc_stub.c.obj
[ptlrvp_npcx:ro] [11/389] Generating include/generated/zephyr/offsets.h
[ocelotrvp-ite:rw] [12/391] Generating include/generated/zephyr/driver-validation.h
[ptlrvp_npcx:ro] [12/389] Building C object CMakeFiles/app.dir/mnt/host/source/src/platform/ec/zephyr/subsys/ap_pwrseq/ap_events.c.obj
[ptlrvp_npcx:rw] [33/389] Building C object CMakeFiles/app.dir/mnt/host/source/src/platform/ec/zephyr/subsys/pd_controller/pdc_dpm.c.obj
[ocelotrvp-ite:rw] [13/391] Generating include/generated/device-api-sections.ld, include/generated/device-api-sections.cmake
[ptlrvp_npcx:ro] [13/389] Building C object CMakeFiles/app.dir/mnt/host/source/src/platform/ec/zephyr/subsys/ap_pwrseq/ap_power_interface.c.obj
[ptlrvp_npcx:rw] [34/389] Building C object CMakeFiles/app.dir/mnt/host/source/src/platform/ec/zephyr/subsys/ucsi/ppm_common.c.obj
[ptlrvp_npcx:ro] [14/389] Building C object CMakeFiles/app.dir/mnt/host/source/src/platform/ec/zephyr/subsys/ap_pwrseq/power_signals.c.obj
[ocelotrvp-ite:ro] [15/391] Generating pw_transport.proto/nanopb/pw_transport/proto/transport.pb.h, pw_transport.proto/nanopb/pw_transport/proto/transport.pb.c
[ocelotrvp-ite:rw] [14/391] Generating include/generated/zephyr/kobj-types-enum.h, include/generated/zephyr/otype-to-str.h, include/generated/zephyr/otype-to-size.h
[ptlrvp_npcx:rw] [35/389] Building C object CMakeFiles/app.dir/mnt/host/source/src/platform/ec/zephyr/subsys/ucsi/ppm_console.c.obj
[ptlrvp_npcx:ro] [15/389] Building C object CMakeFiles/app.dir/mnt/host/source/src/platform/ec/zephyr/subsys/ap_pwrseq/signal_gpio.c.obj
Running `env -i PYTHONPATH=/usr/lib64/python-exec/python3.11:/mnt/host/source/src/platform/ec/zephyr/zmake:/usr/lib/python311.zip:/usr/lib/python3.11:/usr/lib/python3.11/lib-dynload:/usr/lib/python3.11/site-packages PW_PIGWEED_CIPD_INSTALL_DIR=/usr CROSTC_USER_ACKNOWLEDGES_THAT_RISCV_IS_EXPERIMENTAL=1 PATH=/mnt/host/source/chromite/bin:/usr/local/bin:/usr/bin:/bin:/opt/bin:/mnt/host/source/chromite/sdk/bin:/mnt/host/source/chromite/bin HOME=/home/jpmurphy JAVA_HOME=/etc/java-config-2/current-system-vm JDK_HOME=/etc/java-config-2/current-system-vm JAVAC=/etc/java-config-2/current-system-vm/bin/javac MAKEFLAGS=' -j16 --jobserver-auth=5,6' /usr/bin/lcov --gcov-tool /mnt/host/source/src/platform/ec/build/zephyr/helipilot/build-rw/gcov.sh -q -o - -c -d /mnt/host/source/src/platform/ec/build/zephyr/helipilot -t helipilot --rc branch_coverage=1 --filter range --ignore-errors inconsistent,source --ignore-errors gcov,gcov -i`
[ptlrvp_npcx:ro] [16/389] Building C object CMakeFiles/app.dir/mnt/host/source/src/platform/ec/zephyr/subsys/ap_pwrseq/signal_vw.c.obj
[ptlrvp_npcx:rw] [36/389] Building C object CMakeFiles/app.dir/mnt/host/source/src/platform/ec/zephyr/subsys/ucsi/ppm_driver.c.obj
[ptlrvp_npcx:ro] [17/389] Building C object CMakeFiles/app.dir/mnt/host/source/src/platform/ec/zephyr/subsys/ap_pwrseq/ap_pwrseq.c.obj
[ptlrvp_npcx:rw] [37/389] Building C object CMakeFiles/app.dir/mnt/host/source/src/platform/ec/zephyr/subsys/ucsi/ucsi_host_cmd.c.obj
[ptlrvp_npcx:ro] [18/389] Building C object CMakeFiles/app.dir/mnt/host/source/src/platform/ec/zephyr/subsys/ap_pwrseq/ap_pwrseq_sm.c.obj
[ocelotrvp-ite:ro] [16/391] Generating dsp_comms.proto/nanopb/proto/ec_dsp.pb.h, dsp_comms.proto/nanopb/proto/ec_dsp.pb.c
[ptlrvp_npcx:rw] [38/389] Building C object CMakeFiles/app.dir/mnt/host/source/src/platform/ec/build/zephyr/ptlrvp_npcx/modules/ec/builtin/stdlib.c.obj
[ptlrvp_npcx:rw] [39/389] Building C object CMakeFiles/app.dir/mnt/host/source/src/platform/ec/build/zephyr/ptlrvp_npcx/modules/ec/common/console_output.c.obj
[ptlrvp_npcx:ro] [19/389] Building C object CMakeFiles/app.dir/mnt/host/source/src/platform/ec/zephyr/subsys/ap_pwrseq/power_host_sleep.c.obj
[ptlrvp_npcx:rw] [40/389] Building C object CMakeFiles/app.dir/mnt/host/source/src/platform/ec/build/zephyr/ptlrvp_npcx/modules/ec/common/base32.c.obj
[bluey:ro] [6/336] Generating include/generated/zephyr/syscall_dispatch.c, include/generated/zephyr/syscall_exports_llext.c, syscall_weakdefs_llext.c, include/generated/zephyr/syscall_list.h
[ptlrvp_npcx:rw] [41/389] Building C object CMakeFiles/app.dir/mnt/host/source/src/platform/ec/build/zephyr/ptlrvp_npcx/modules/ec/common/ec_features.c.obj
[ptlrvp_npcx:rw] [42/389] Building C object CMakeFiles/app.dir/mnt/host/source/src/platform/ec/build/zephyr/ptlrvp_npcx/modules/ec/common/gpio_commands.c.obj
[ptlrvp_npcx:ro] [20/389] Building C object CMakeFiles/app.dir/mnt/host/source/src/platform/ec/zephyr/subsys/ap_pwrseq/x86_non_dsx_common_pwrseq_sm_handler.c.obj
[ptlrvp_npcx:rw] [43/389] Building C object CMakeFiles/app.dir/mnt/host/source/src/platform/ec/build/zephyr/ptlrvp_npcx/modules/ec/common/printf.c.obj
[ptlrvp_npcx:ro] [21/389] Building C object CMakeFiles/app.dir/mnt/host/source/src/platform/ec/zephyr/subsys/ap_pwrseq/x86_non_dsx_chipset_power_state.c.obj
[ptlrvp_npcx:rw] [44/389] Building C object CMakeFiles/app.dir/mnt/host/source/src/platform/ec/build/zephyr/ptlrvp_npcx/modules/ec/common/peripheral.c.obj
[ptlrvp_npcx:ro] [22/389] Building C object CMakeFiles/app.dir/mnt/host/source/src/platform/ec/zephyr/subsys/ap_pwrseq/x86_non_dsx_common_pwrseq_host_sleep.c.obj
[ptlrvp_npcx:rw] [45/389] Building C object CMakeFiles/app.dir/mnt/host/source/src/platform/ec/build/zephyr/ptlrvp_npcx/modules/ec/common/queue.c.obj
[ptlrvp_npcx:ro] [23/389] Building C object CMakeFiles/app.dir/mnt/host/source/src/platform/ec/zephyr/subsys/ap_pwrseq/x86_non_dsx_common_pwrseq_console.c.obj
[ptlrvp_npcx:ro] [24/389] Building C object CMakeFiles/app.dir/mnt/host/source/src/platform/ec/zephyr/subsys/ap_pwrseq/x86_non_dsx_common_pwrseq_host_command.c.obj
[ptlrvp_npcx:ro] [25/389] Building C object CMakeFiles/app.dir/mnt/host/source/src/platform/ec/zephyr/subsys/ap_pwrseq/x86_non_dsx_mtl_pwrseq_sm.c.obj
[ptlrvp_npcx:rw] [46/389] Building C object CMakeFiles/app.dir/mnt/host/source/src/platform/ec/build/zephyr/ptlrvp_npcx/modules/ec/common/system.c.obj
[ptlrvp_npcx:ro] [26/389] Building C object CMakeFiles/app.dir/mnt/host/source/src/platform/ec/zephyr/subsys/ap_pwrseq/ap_reset_log.c.obj
[ptlrvp_npcx:rw] [47/389] Building C object CMakeFiles/app.dir/mnt/host/source/src/platform/ec/build/zephyr/ptlrvp_npcx/modules/ec/common/system_boot_time.c.obj
[ptlrvp_npcx:ro] [27/389] Building C object CMakeFiles/app.dir/mnt/host/source/src/platform/ec/zephyr/subsys/pd_controller/pdc_pmc_debug.c.obj
[ptlrvp_npcx:rw] [48/389] Building C object CMakeFiles/app.dir/mnt/host/source/src/platform/ec/build/zephyr/ptlrvp_npcx/modules/ec/common/uart_printf.c.obj
[ptlrvp_npcx:ro] [28/389] Building C object CMakeFiles/app.dir/mnt/host/source/src/platform/ec/zephyr/subsys/pd_controller/retimer_fw_update.c.obj
[ptlrvp_npcx:rw] [49/389] Building C object CMakeFiles/app.dir/mnt/host/source/src/platform/ec/build/zephyr/ptlrvp_npcx/modules/ec/common/util.c.obj
[ptlrvp_npcx:rw] [50/389] Building C object CMakeFiles/app.dir/mnt/host/source/src/platform/ec/build/zephyr/ptlrvp_npcx/modules/ec/common/version.c.obj
[ptlrvp_npcx:ro] [29/389] Building C object CMakeFiles/app.dir/mnt/host/source/src/platform/ec/zephyr/subsys/pd_controller/pdc_power_mgmt.c.obj
[ptlrvp_npcx:rw] [51/389] Building C object CMakeFiles/app.dir/mnt/host/source/src/platform/ec/build/zephyr/ptlrvp_npcx/modules/ec/common/power_button_x86.c.obj
[ptlrvp_npcx:rw] [52/389] Building C object CMakeFiles/app.dir/mnt/host/source/src/platform/ec/build/zephyr/ptlrvp_npcx/modules/ec/common/acpi.c.obj
[ptlrvp_npcx:ro] [30/389] Building C object CMakeFiles/app.dir/mnt/host/source/src/platform/ec/zephyr/subsys/pd_controller/pdc_console.c.obj
[ptlrvp_npcx:rw] [53/389] Building C object CMakeFiles/app.dir/mnt/host/source/src/platform/ec/build/zephyr/ptlrvp_npcx/modules/ec/common/adc.c.obj
[ptlrvp_npcx:ro] [31/389] Building C object CMakeFiles/app.dir/mnt/host/source/src/platform/ec/zephyr/subsys/pd_controller/pdc_host_cmd.c.obj
[ptlrvp_npcx:rw] [54/389] Building C object CMakeFiles/app.dir/mnt/host/source/src/platform/ec/build/zephyr/ptlrvp_npcx/modules/ec/common/battery.c.obj
[ptlrvp_npcx:ro] [32/389] Building C object CMakeFiles/app.dir/mnt/host/source/src/platform/ec/zephyr/subsys/pd_controller/pdc_stub.c.obj
[ptlrvp_npcx:rw] [55/389] Building C object CMakeFiles/app.dir/mnt/host/source/src/platform/ec/build/zephyr/ptlrvp_npcx/modules/ec/common/battery_info.c.obj
[ptlrvp_npcx:rw] [56/389] Building C object CMakeFiles/app.dir/mnt/host/source/src/platform/ec/build/zephyr/ptlrvp_npcx/modules/ec/common/battery_fuel_gauge.c.obj
[ptlrvp_npcx:ro] [33/389] Building C object CMakeFiles/app.dir/mnt/host/source/src/platform/ec/zephyr/subsys/pd_controller/pdc_dpm.c.obj
[ptlrvp_npcx:rw] [57/389] Building C object CMakeFiles/app.dir/mnt/host/source/src/platform/ec/build/zephyr/ptlrvp_npcx/modules/ec/driver/battery/smart.c.obj
[ptlrvp_npcx:rw] [58/389] Building C object CMakeFiles/app.dir/mnt/host/source/src/platform/ec/build/zephyr/ptlrvp_npcx/modules/ec/driver/charger/isl9241.c.obj
[ptlrvp_npcx:ro] [34/389] Building C object CMakeFiles/app.dir/mnt/host/source/src/platform/ec/zephyr/subsys/ucsi/ppm_common.c.obj
[bluey:ro] [7/336] Generating include/generated/zephyr/driver-validation.h
[ptlrvp_npcx:ro] [35/389] Building C object CMakeFiles/app.dir/mnt/host/source/src/platform/ec/zephyr/subsys/ucsi/ppm_console.c.obj
[ptlrvp_npcx:rw] [59/389] Building C object CMakeFiles/app.dir/mnt/host/source/src/platform/ec/build/zephyr/ptlrvp_npcx/modules/ec/common/charger.c.obj
[ptlrvp_npcx:ro] [36/389] Building C object CMakeFiles/app.dir/mnt/host/source/src/platform/ec/zephyr/subsys/ucsi/ppm_driver.c.obj
[ptlrvp_npcx:rw] [60/389] Building C object CMakeFiles/app.dir/mnt/host/source/src/platform/ec/build/zephyr/ptlrvp_npcx/modules/ec/common/charge_state.c.obj
[ptlrvp_npcx:ro] [37/389] Building C object CMakeFiles/app.dir/mnt/host/source/src/platform/ec/zephyr/subsys/ucsi/ucsi_host_cmd.c.obj
[ptlrvp_npcx:rw] [61/389] Building C object CMakeFiles/app.dir/mnt/host/source/src/platform/ec/build/zephyr/ptlrvp_npcx/modules/ec/common/cbi_common.c.obj
[ptlrvp_npcx:rw] [62/389] Building C object CMakeFiles/app.dir/mnt/host/source/src/platform/ec/build/zephyr/ptlrvp_npcx/modules/ec/common/charge_manager.c.obj
[ptlrvp_npcx:ro] [38/389] Building C object CMakeFiles/app.dir/mnt/host/source/src/platform/ec/build/zephyr/ptlrvp_npcx/modules/ec/builtin/stdlib.c.obj
[ptlrvp_npcx:rw] [63/389] Building C object CMakeFiles/app.dir/mnt/host/source/src/platform/ec/build/zephyr/ptlrvp_npcx/modules/ec/common/cbi_config.c.obj
[ptlrvp_npcx:rw] [64/389] Building C object CMakeFiles/app.dir/mnt/host/source/src/platform/ec/build/zephyr/ptlrvp_npcx/modules/ec/common/cbi.c.obj
[bluey:rw] [10/336] Building C object zephyr/CMakeFiles/offsets.dir/arch/arm/core/offsets/offsets.c.obj
[ptlrvp_npcx:ro] [39/389] Building C object CMakeFiles/app.dir/mnt/host/source/src/platform/ec/build/zephyr/ptlrvp_npcx/modules/ec/common/base32.c.obj
[ptlrvp_npcx:rw] [65/389] Building C object CMakeFiles/app.dir/mnt/host/source/src/platform/ec/build/zephyr/ptlrvp_npcx/modules/ec/common/memory_commands.c.obj
[ptlrvp_npcx:rw] [66/389] Building C object CMakeFiles/app.dir/mnt/host/source/src/platform/ec/build/zephyr/ptlrvp_npcx/modules/ec/common/dptf.c.obj
[ptlrvp_npcx:ro] [40/389] Building C object CMakeFiles/app.dir/mnt/host/source/src/platform/ec/build/zephyr/ptlrvp_npcx/modules/ec/common/console_output.c.obj
[ptlrvp_npcx:rw] [67/389] Building C object CMakeFiles/app.dir/mnt/host/source/src/platform/ec/build/zephyr/ptlrvp_npcx/modules/ec/common/ap_reset_log.c.obj
[ptlrvp_npcx:rw] [68/389] Building C object CMakeFiles/app.dir/mnt/host/source/src/platform/ec/build/zephyr/ptlrvp_npcx/modules/ec/common/espi.c.obj
[ptlrvp_npcx:ro] [41/389] Building C object CMakeFiles/app.dir/mnt/host/source/src/platform/ec/build/zephyr/ptlrvp_npcx/modules/ec/common/ec_features.c.obj
[ptlrvp_npcx:rw] [69/389] Building C object CMakeFiles/app.dir/mnt/host/source/src/platform/ec/build/zephyr/ptlrvp_npcx/modules/ec/common/extpower_common.c.obj
[ptlrvp_npcx:rw] [70/389] Building C object CMakeFiles/app.dir/mnt/host/source/src/platform/ec/build/zephyr/ptlrvp_npcx/modules/ec/common/extpower_gpio.c.obj
[ptlrvp_npcx:ro] [42/389] Building C object CMakeFiles/app.dir/mnt/host/source/src/platform/ec/build/zephyr/ptlrvp_npcx/modules/ec/common/gpio_commands.c.obj
[ptlrvp_npcx:rw] [71/389] Building C object CMakeFiles/app.dir/mnt/host/source/src/platform/ec/build/zephyr/ptlrvp_npcx/modules/ec/common/fan.c.obj
[ptlrvp_npcx:ro] [43/389] Building C object CMakeFiles/app.dir/mnt/host/source/src/platform/ec/build/zephyr/ptlrvp_npcx/modules/ec/common/peripheral.c.obj
[ptlrvp_npcx:rw] [72/389] Building C object CMakeFiles/app.dir/mnt/host/source/src/platform/ec/build/zephyr/ptlrvp_npcx/modules/ec/common/flash.c.obj
[ptlrvp_npcx:ro] [44/389] Building C object CMakeFiles/app.dir/mnt/host/source/src/platform/ec/build/zephyr/ptlrvp_npcx/modules/ec/common/printf.c.obj
[ptlrvp_npcx:rw] [73/389] Building C object CMakeFiles/app.dir/mnt/host/source/src/platform/ec/build/zephyr/ptlrvp_npcx/modules/ec/common/host_command.c.obj
[ptlrvp_npcx:rw] [74/389] Building C object CMakeFiles/app.dir/mnt/host/source/src/platform/ec/build/zephyr/ptlrvp_npcx/modules/ec/common/host_command_task.c.obj
[bluey:ro] [8/336] Generating include/generated/zephyr/kobj-types-enum.h, include/generated/zephyr/otype-to-str.h, include/generated/zephyr/otype-to-size.h
[ptlrvp_npcx:ro] [45/389] Building C object CMakeFiles/app.dir/mnt/host/source/src/platform/ec/build/zephyr/ptlrvp_npcx/modules/ec/common/queue.c.obj
[ptlrvp_npcx:rw] [75/389] Building C object CMakeFiles/app.dir/mnt/host/source/src/platform/ec/build/zephyr/ptlrvp_npcx/modules/ec/common/host_event_commands.c.obj
[ptlrvp_npcx:rw] [76/389] Building C object CMakeFiles/app.dir/mnt/host/source/src/platform/ec/build/zephyr/ptlrvp_npcx/modules/ec/common/uart_hostcmd.c.obj
[ocelotrvp-ite:rw] [15/391] Generating pw_transport.proto/nanopb/pw_transport/proto/transport.pb.h, pw_transport.proto/nanopb/pw_transport/proto/transport.pb.c
[ptlrvp_npcx:ro] [46/389] Building C object CMakeFiles/app.dir/mnt/host/source/src/platform/ec/build/zephyr/ptlrvp_npcx/modules/ec/common/system.c.obj
[ptlrvp_npcx:rw] [77/389] Building C object CMakeFiles/app.dir/mnt/host/source/src/platform/ec/build/zephyr/ptlrvp_npcx/modules/ec/common/i2c_controller.c.obj
[ptlrvp_npcx:ro] [47/389] Building C object CMakeFiles/app.dir/mnt/host/source/src/platform/ec/build/zephyr/ptlrvp_npcx/modules/ec/common/system_boot_time.c.obj
[ptlrvp_npcx:rw] [78/389] Building C object CMakeFiles/app.dir/mnt/host/source/src/platform/ec/build/zephyr/ptlrvp_npcx/modules/ec/common/uptime.c.obj
[ptlrvp_npcx:rw] [79/389] Building C object CMakeFiles/app.dir/mnt/host/source/src/platform/ec/build/zephyr/ptlrvp_npcx/modules/ec/common/i2c_passthru.c.obj
[ptlrvp_npcx:rw] [80/389] Building C object CMakeFiles/app.dir/mnt/host/source/src/platform/ec/build/zephyr/ptlrvp_npcx/modules/ec/common/keyboard_8042.c.obj
[ptlrvp_npcx:ro] [48/389] Building C object CMakeFiles/app.dir/mnt/host/source/src/platform/ec/build/zephyr/ptlrvp_npcx/modules/ec/common/uart_printf.c.obj
[bluey:rw] [11/336] Generating include/generated/zephyr/offsets.h
[bluey:ro] [9/336] Generating include/generated/device-api-sections.ld, include/generated/device-api-sections.cmake
[ptlrvp_npcx:rw] [81/389] Building C object CMakeFiles/app.dir/mnt/host/source/src/platform/ec/build/zephyr/ptlrvp_npcx/modules/ec/common/keyboard_8042_sharedlib.c.obj
[ptlrvp_npcx:ro] [49/389] Building C object CMakeFiles/app.dir/mnt/host/source/src/platform/ec/build/zephyr/ptlrvp_npcx/modules/ec/common/util.c.obj
[ptlrvp_npcx:rw] [82/389] Building C object CMakeFiles/app.dir/mnt/host/source/src/platform/ec/build/zephyr/ptlrvp_npcx/modules/ec/common/mkbp_fifo.c.obj
[ptlrvp_npcx:ro] [50/389] Building C object CMakeFiles/app.dir/mnt/host/source/src/platform/ec/build/zephyr/ptlrvp_npcx/modules/ec/common/version.c.obj
[ptlrvp_npcx:rw] [83/389] Building C object CMakeFiles/app.dir/mnt/host/source/src/platform/ec/build/zephyr/ptlrvp_npcx/modules/ec/common/mkbp_info.c.obj
[ptlrvp_npcx:rw] [84/389] Building C object CMakeFiles/app.dir/mnt/host/source/src/platform/ec/build/zephyr/ptlrvp_npcx/modules/ec/common/mkbp_input_devices.c.obj
[ptlrvp_npcx:rw] [85/389] Building C object CMakeFiles/app.dir/mnt/host/source/src/platform/ec/build/zephyr/ptlrvp_npcx/modules/ec/common/lid_switch.c.obj
[ptlrvp_npcx:ro] [51/389] Building C object CMakeFiles/app.dir/mnt/host/source/src/platform/ec/build/zephyr/ptlrvp_npcx/modules/ec/common/power_button_x86.c.obj
[ptlrvp_npcx:rw] [86/389] Building C object CMakeFiles/app.dir/mnt/host/source/src/platform/ec/build/zephyr/ptlrvp_npcx/modules/ec/common/mkbp_event.c.obj
[ocelotrvp-ite:rw] [16/391] Generating dsp_comms.proto/nanopb/proto/ec_dsp.pb.h, dsp_comms.proto/nanopb/proto/ec_dsp.pb.c
[ocelotrvp-ite:ro] [17/391] Building C object zephyr/drivers/sensor/CMakeFiles/drivers__sensor.dir/mnt/host/source/src/third_party/zephyr/main/misc/empty_file.c.obj
[ptlrvp_npcx:ro] [52/389] Building C object CMakeFiles/app.dir/mnt/host/source/src/platform/ec/build/zephyr/ptlrvp_npcx/modules/ec/common/adc.c.obj
[ptlrvp_npcx:rw] [87/389] Building C object CMakeFiles/app.dir/mnt/host/source/src/platform/ec/build/zephyr/ptlrvp_npcx/modules/ec/common/port80.c.obj
[ptlrvp_npcx:rw] [88/389] Building C object CMakeFiles/app.dir/mnt/host/source/src/platform/ec/build/zephyr/ptlrvp_npcx/modules/ec/common/power_button.c.obj
[ptlrvp_npcx:ro] [53/389] Building C object CMakeFiles/app.dir/mnt/host/source/src/platform/ec/build/zephyr/ptlrvp_npcx/modules/ec/common/acpi.c.obj
[ptlrvp_npcx:rw] [89/389] Building C object CMakeFiles/app.dir/mnt/host/source/src/platform/ec/build/zephyr/ptlrvp_npcx/modules/ec/common/panic_output.c.obj
[ptlrvp_npcx:rw] [90/389] Building C object CMakeFiles/app.dir/mnt/host/source/src/platform/ec/build/zephyr/ptlrvp_npcx/modules/ec/power/hibernate.c.obj
[ptlrvp_npcx:ro] [54/389] Building C object CMakeFiles/app.dir/mnt/host/source/src/platform/ec/build/zephyr/ptlrvp_npcx/modules/ec/common/battery.c.obj
[ptlrvp_npcx:rw] [91/389] Building C object CMakeFiles/app.dir/mnt/host/source/src/platform/ec/build/zephyr/ptlrvp_npcx/modules/ec/common/sha256.c.obj
[ptlrvp_npcx:rw] [92/389] Building C object CMakeFiles/app.dir/mnt/host/source/src/platform/ec/build/zephyr/ptlrvp_npcx/modules/ec/common/shared_mem.c.obj
[ocelotrvp-ite:ro] [18/391] Building C object zephyr/CMakeFiles/offsets.dir/arch/riscv/core/offsets/offsets.c.obj
[ptlrvp_npcx:rw] [93/389] Building C object CMakeFiles/app.dir/mnt/host/source/src/platform/ec/build/zephyr/ptlrvp_npcx/modules/ec/common/spi_flash_reg.c.obj
[ptlrvp_npcx:ro] [55/389] Building C object CMakeFiles/app.dir/mnt/host/source/src/platform/ec/build/zephyr/ptlrvp_npcx/modules/ec/common/battery_info.c.obj
[ptlrvp_npcx:rw] [94/389] Building C object CMakeFiles/app.dir/mnt/host/source/src/platform/ec/build/zephyr/ptlrvp_npcx/modules/ec/common/switch.c.obj
[ptlrvp_npcx:rw] [95/389] Building C object CMakeFiles/app.dir/mnt/host/source/src/platform/ec/build/zephyr/ptlrvp_npcx/modules/ec/common/thermal.c.obj
[ptlrvp_npcx:ro] [56/389] Building C object CMakeFiles/app.dir/mnt/host/source/src/platform/ec/build/zephyr/ptlrvp_npcx/modules/ec/common/battery_fuel_gauge.c.obj
[ocelotrvp-ite:ro] [19/391] Building C object zephyr/drivers/syscon/CMakeFiles/drivers__syscon.dir/mnt/host/source/src/third_party/zephyr/main/misc/empty_file.c.obj
[ptlrvp_npcx:ro] [57/389] Building C object CMakeFiles/app.dir/mnt/host/source/src/platform/ec/build/zephyr/ptlrvp_npcx/modules/ec/driver/battery/smart.c.obj
[ptlrvp_npcx:rw] [96/389] Building C object CMakeFiles/app.dir/mnt/host/source/src/platform/ec/build/zephyr/ptlrvp_npcx/modules/ec/common/temp_sensor.c.obj
[ptlrvp_npcx:rw] [97/389] Building C object CMakeFiles/app.dir/mnt/host/source/src/platform/ec/build/zephyr/ptlrvp_npcx/modules/ec/driver/temp_sensor/thermistor.c.obj
[ptlrvp_npcx:rw] [98/389] Building C object CMakeFiles/app.dir/mnt/host/source/src/platform/ec/build/zephyr/ptlrvp_npcx/modules/ec/common/timer.c.obj
[ptlrvp_npcx:ro] [58/389] Building C object CMakeFiles/app.dir/mnt/host/source/src/platform/ec/build/zephyr/ptlrvp_npcx/modules/ec/driver/charger/isl9241.c.obj
[ptlrvp_npcx:rw] [99/389] Building C object CMakeFiles/app.dir/mnt/host/source/src/platform/ec/build/zephyr/ptlrvp_npcx/modules/ec/common/usbc_utils.c.obj
[ptlrvp_npcx:rw] [100/389] Building C object CMakeFiles/app.dir/mnt/host/source/src/platform/ec/build/zephyr/ptlrvp_npcx/modules/ec/common/usb_common.c.obj
[ptlrvp_npcx:rw] [101/389] Building C object CMakeFiles/app.dir/mnt/host/source/src/platform/ec/build/zephyr/ptlrvp_npcx/modules/ec/common/chargen.c.obj
[ptlrvp_npcx:ro] [59/389] Building C object CMakeFiles/app.dir/mnt/host/source/src/platform/ec/build/zephyr/ptlrvp_npcx/modules/ec/common/charger.c.obj
[ptlrvp_npcx:rw] [102/389] Building C object CMakeFiles/app.dir/mnt/host/source/src/platform/ec/build/zephyr/ptlrvp_npcx/modules/ec/common/usb_pd_host_cmd_common.c.obj
[ptlrvp_npcx:rw] [103/389] Building C object CMakeFiles/app.dir/mnt/host/source/src/platform/ec/build/zephyr/ptlrvp_npcx/modules/ec/common/vboot_hash.c.obj
[ocelotrvp-ite:ro] [20/391] Building C object modules/ec/zephyr/drivers/dsp_comms/CMakeFiles/dsp_comms.proto.nanopb.dir/dsp_comms.proto/nanopb/proto/ec_dsp.pb.c.obj
[ptlrvp_npcx:ro] [60/389] Building C object CMakeFiles/app.dir/mnt/host/source/src/platform/ec/build/zephyr/ptlrvp_npcx/modules/ec/common/charge_state.c.obj
[ptlrvp_npcx:rw] [104/389] Building C object CMakeFiles/app.dir/mnt/host/source/src/platform/ec/build/zephyr/ptlrvp_npcx/modules/ec/common/button.c.obj
[ptlrvp_npcx:ro] [61/389] Building C object CMakeFiles/app.dir/mnt/host/source/src/platform/ec/build/zephyr/ptlrvp_npcx/modules/ec/common/charge_manager.c.obj
[ocelotrvp-ite:ro] [21/391] Building C object modules/ec/zephyr/drivers/pw_transport/CMakeFiles/pw_transport.proto.nanopb.dir/pw_transport.proto/nanopb/pw_transport/proto/transport.pb.c.obj
[ptlrvp_npcx:rw] [105/389] Building C object CMakeFiles/app.dir/mnt/host/source/src/platform/ec/build/zephyr/ptlrvp_npcx/modules/ec/common/vboot/efs2.c.obj
[ptlrvp_npcx:rw] [106/389] Building C object CMakeFiles/app.dir/mnt/host/source/src/platform/ec/build/zephyr/ptlrvp_npcx/modules/ec/common/math_util.c.obj
[ptlrvp_npcx:rw] [107/389] Building C object CMakeFiles/app.dir/mnt/host/source/src/platform/ec/build/zephyr/ptlrvp_npcx/modules/ec/common/vstore.c.obj
[ptlrvp_npcx:ro] [62/389] Building C object CMakeFiles/app.dir/mnt/host/source/src/platform/ec/build/zephyr/ptlrvp_npcx/modules/ec/common/cbi_common.c.obj
[ptlrvp_npcx:rw] [108/389] Building C object CMakeFiles/app.dir/mnt/host/source/src/platform/ec/build/zephyr/ptlrvp_npcx/modules/ec/driver/led/max695x.c.obj
[ptlrvp_npcx:rw] [109/389] Building C object CMakeFiles/app.dir/src/intelrvp.c.obj
[ptlrvp_npcx:ro] [63/389] Building C object CMakeFiles/app.dir/mnt/host/source/src/platform/ec/build/zephyr/ptlrvp_npcx/modules/ec/common/cbi.c.obj
[ptlrvp_npcx:rw] [110/389] Building C object CMakeFiles/app.dir/src/intel_rvp_board_id.c.obj
[ptlrvp_npcx:ro] [64/389] Building C object CMakeFiles/app.dir/mnt/host/source/src/platform/ec/build/zephyr/ptlrvp_npcx/modules/ec/common/cbi_config.c.obj
[ptlrvp_npcx:rw] [111/389] Building C object CMakeFiles/app.dir/src/kbd_strauss.c.obj
[ptlrvp_npcx:ro] [65/389] Building C object CMakeFiles/app.dir/mnt/host/source/src/platform/ec/build/zephyr/ptlrvp_npcx/modules/ec/common/memory_commands.c.obj
[ptlrvp_npcx:rw] [112/389] Building C object CMakeFiles/app.dir/ptlrvp/src/board_id.c.obj
[ptlrvp_npcx:rw] [113/389] Building C object CMakeFiles/app.dir/ptlrvp/src/board_power.c.obj
[ptlrvp_npcx:ro] [66/389] Building C object CMakeFiles/app.dir/mnt/host/source/src/platform/ec/build/zephyr/ptlrvp_npcx/modules/ec/common/dptf.c.obj
[ptlrvp_npcx:rw] [114/389] Building C object CMakeFiles/app.dir/src/dc_jack.c.obj
[ptlrvp_npcx:ro] [67/389] Building C object CMakeFiles/app.dir/mnt/host/source/src/platform/ec/build/zephyr/ptlrvp_npcx/modules/ec/common/ap_reset_log.c.obj
[ptlrvp_npcx:rw] [115/389] Building C object zephyr/CMakeFiles/zephyr.dir/lib/libc/validate_libc.c.obj
[ptlrvp_npcx:ro] [68/389] Building C object CMakeFiles/app.dir/mnt/host/source/src/platform/ec/build/zephyr/ptlrvp_npcx/modules/ec/common/espi.c.obj
[ptlrvp_npcx:rw] [116/389] Building C object zephyr/CMakeFiles/zephyr.dir/lib/heap/heap.c.obj
[ptlrvp_npcx:ro] [69/389] Building C object CMakeFiles/app.dir/mnt/host/source/src/platform/ec/build/zephyr/ptlrvp_npcx/modules/ec/common/extpower_common.c.obj
[ptlrvp_npcx:rw] [117/389] Building C object zephyr/CMakeFiles/zephyr.dir/lib/os/cbprintf_packaged.c.obj
[ptlrvp_npcx:ro] [70/389] Building C object CMakeFiles/app.dir/mnt/host/source/src/platform/ec/build/zephyr/ptlrvp_npcx/modules/ec/common/extpower_gpio.c.obj
[ptlrvp_npcx:rw] [118/389] Building C object zephyr/CMakeFiles/zephyr.dir/lib/os/clock.c.obj
[ptlrvp_npcx:ro] [71/389] Building C object CMakeFiles/app.dir/mnt/host/source/src/platform/ec/build/zephyr/ptlrvp_npcx/modules/ec/common/fan.c.obj
[ptlrvp_npcx:rw] [119/389] Building C object zephyr/CMakeFiles/zephyr.dir/lib/os/printk.c.obj
[ptlrvp_npcx:ro] [72/389] Building C object CMakeFiles/app.dir/mnt/host/source/src/platform/ec/build/zephyr/ptlrvp_npcx/modules/ec/common/flash.c.obj
[ptlrvp_npcx:rw] [120/389] Building C object zephyr/CMakeFiles/zephyr.dir/lib/os/sem.c.obj
[ptlrvp_npcx:ro] [73/389] Building C object CMakeFiles/app.dir/mnt/host/source/src/platform/ec/build/zephyr/ptlrvp_npcx/modules/ec/common/host_command.c.obj
[ocelotrvp-ite:ro] [22/391] Building CXX object modules/pigweed/pw_containers/CMakeFiles/pw_containers.intrusive_item.dir/intrusive_item.cc.obj
[ptlrvp_npcx:rw] [121/389] Building C object zephyr/CMakeFiles/zephyr.dir/lib/os/thread_entry.c.obj
[ptlrvp_npcx:ro] [74/389] Building C object CMakeFiles/app.dir/mnt/host/source/src/platform/ec/build/zephyr/ptlrvp_npcx/modules/ec/common/host_command_task.c.obj
[ptlrvp_npcx:rw] [122/389] Building C object zephyr/CMakeFiles/zephyr.dir/lib/os/cbprintf_nano.c.obj
[ptlrvp_npcx:rw] [123/389] Linking C static library app/libapp.a
[ptlrvp_npcx:rw] [124/389] Building C object zephyr/CMakeFiles/zephyr.dir/lib/os/cbprintf.c.obj
[ptlrvp_npcx:rw] [125/389] Building C object zephyr/CMakeFiles/zephyr.dir/lib/os/assert.c.obj
[ptlrvp_npcx:ro] [75/389] Building C object CMakeFiles/app.dir/mnt/host/source/src/platform/ec/build/zephyr/ptlrvp_npcx/modules/ec/common/host_event_commands.c.obj
[ptlrvp_npcx:rw] [126/389] Building C object zephyr/CMakeFiles/zephyr.dir/lib/utils/dec.c.obj
[ptlrvp_npcx:rw] [127/389] Building C object zephyr/CMakeFiles/zephyr.dir/lib/utils/hex.c.obj
[ptlrvp_npcx:ro] [76/389] Building C object CMakeFiles/app.dir/mnt/host/source/src/platform/ec/build/zephyr/ptlrvp_npcx/modules/ec/common/uart_hostcmd.c.obj
[ptlrvp_npcx:rw] [128/389] Building C object zephyr/CMakeFiles/zephyr.dir/lib/utils/rb.c.obj
[ptlrvp_npcx:rw] [129/389] Building C object zephyr/CMakeFiles/zephyr.dir/lib/utils/timeutil.c.obj
[ptlrvp_npcx:ro] [77/389] Building C object CMakeFiles/app.dir/mnt/host/source/src/platform/ec/build/zephyr/ptlrvp_npcx/modules/ec/common/uptime.c.obj
[ptlrvp_npcx:ro] [78/389] Building C object CMakeFiles/app.dir/mnt/host/source/src/platform/ec/build/zephyr/ptlrvp_npcx/modules/ec/common/i2c_controller.c.obj
[ptlrvp_npcx:rw] [130/389] Building C object zephyr/CMakeFiles/zephyr.dir/lib/utils/bitarray.c.obj
[ptlrvp_npcx:rw] [131/389] Building C object zephyr/CMakeFiles/zephyr.dir/lib/utils/bitmask.c.obj
[ptlrvp_npcx:ro] [79/389] Building C object CMakeFiles/app.dir/mnt/host/source/src/platform/ec/build/zephyr/ptlrvp_npcx/modules/ec/common/i2c_passthru.c.obj
[ptlrvp_npcx:rw] [132/389] Building C object zephyr/CMakeFiles/zephyr.dir/lib/utils/getopt/getopt.c.obj
[ptlrvp_npcx:rw] [133/389] Building C object zephyr/CMakeFiles/zephyr.dir/lib/utils/getopt/getopt_common.c.obj
[ptlrvp_npcx:ro] [80/389] Building C object CMakeFiles/app.dir/mnt/host/source/src/platform/ec/build/zephyr/ptlrvp_npcx/modules/ec/common/keyboard_8042.c.obj
[ptlrvp_npcx:rw] [134/389] Building C object zephyr/CMakeFiles/zephyr.dir/lib/utils/last_section_id.c.obj
[ptlrvp_npcx:rw] [135/389] Building C object zephyr/CMakeFiles/zephyr.dir/lib/utils/ring_buffer.c.obj
[ptlrvp_npcx:rw] [136/389] Building C object zephyr/CMakeFiles/zephyr.dir/misc/generated/configs.c.obj
[ocelotrvp-ite:ro] [23/391] Building CXX object modules/pigweed/pw_status/CMakeFiles/pw_status.dir/status.cc.obj
[ptlrvp_npcx:ro] [81/389] Building C object CMakeFiles/app.dir/mnt/host/source/src/platform/ec/build/zephyr/ptlrvp_npcx/modules/ec/common/keyboard_8042_sharedlib.c.obj
[ptlrvp_npcx:rw] [137/389] Building C object zephyr/CMakeFiles/zephyr.dir/soc/nuvoton/npcx/common/power.c.obj
[ptlrvp_npcx:ro] [82/389] Building C object CMakeFiles/app.dir/mnt/host/source/src/platform/ec/build/zephyr/ptlrvp_npcx/modules/ec/common/mkbp_fifo.c.obj
[ptlrvp_npcx:rw] [138/389] Building C object zephyr/CMakeFiles/zephyr.dir/soc/nuvoton/npcx/common/scfg.c.obj
[ptlrvp_npcx:rw] [139/389] Building C object zephyr/CMakeFiles/zephyr.dir/soc/nuvoton/npcx/common/npcxn/registers.c.obj
[bluey:ro] [10/336] Building C object zephyr/CMakeFiles/offsets.dir/arch/arm/core/offsets/offsets.c.obj
[ptlrvp_npcx:rw] [140/389] Building C object zephyr/CMakeFiles/zephyr.dir/soc/nuvoton/npcx/npcx9/soc.c.obj
[ptlrvp_npcx:ro] [83/389] Building C object CMakeFiles/app.dir/mnt/host/source/src/platform/ec/build/zephyr/ptlrvp_npcx/modules/ec/common/mkbp_info.c.obj
[ptlrvp_npcx:rw] [141/389] Building C object zephyr/CMakeFiles/zephyr.dir/subsys/logging/log_minimal.c.obj
[ptlrvp_npcx:rw] [142/389] Building C object zephyr/CMakeFiles/zephyr.dir/subsys/mem_mgmt/mem_attr.c.obj
[ptlrvp_npcx:rw] [143/389] Building C object zephyr/CMakeFiles/zephyr.dir/subsys/pm/pm.c.obj
[ptlrvp_npcx:ro] [84/389] Building C object CMakeFiles/app.dir/mnt/host/source/src/platform/ec/build/zephyr/ptlrvp_npcx/modules/ec/common/mkbp_input_devices.c.obj
[ptlrvp_npcx:rw] [144/389] Building C object zephyr/CMakeFiles/zephyr.dir/subsys/pm/state.c.obj
[ptlrvp_npcx:rw] [145/389] Building C object zephyr/CMakeFiles/zephyr.dir/subsys/pm/policy/policy_events.c.obj
[ptlrvp_npcx:ro] [85/389] Building C object CMakeFiles/app.dir/mnt/host/source/src/platform/ec/build/zephyr/ptlrvp_npcx/modules/ec/common/lid_switch.c.obj
[ptlrvp_npcx:rw] [146/389] Building C object zephyr/CMakeFiles/zephyr.dir/subsys/pm/policy/policy_latency.c.obj
[ptlrvp_npcx:rw] [147/389] Building C object zephyr/CMakeFiles/zephyr.dir/subsys/pm/policy/policy_state_lock.c.obj
[bluey:rw] [12/336] Building C object CMakeFiles/app.dir/mnt/host/source/src/platform/ec/zephyr/subsys/ap_pwrseq/ap_events.c.obj
[ptlrvp_npcx:ro] [86/389] Building C object CMakeFiles/app.dir/mnt/host/source/src/platform/ec/build/zephyr/ptlrvp_npcx/modules/ec/common/mkbp_event.c.obj
[ptlrvp_npcx:rw] [148/389] Building C object zephyr/CMakeFiles/zephyr.dir/subsys/pm/device.c.obj
[ptlrvp_npcx:rw] [149/389] Building C object zephyr/CMakeFiles/zephyr.dir/subsys/pm/device_runtime.c.obj
[ptlrvp_npcx:rw] [150/389] Building C object zephyr/CMakeFiles/zephyr.dir/subsys/pm/device_system_managed.c.obj
[ptlrvp_npcx:rw] [151/389] Building C object zephyr/CMakeFiles/zephyr.dir/subsys/testsuite/coverage/coverage.c.obj
[ptlrvp_npcx:ro] [87/389] Building C object CMakeFiles/app.dir/mnt/host/source/src/platform/ec/build/zephyr/ptlrvp_npcx/modules/ec/common/port80.c.obj
[ptlrvp_npcx:rw] [152/389] Building C object zephyr/CMakeFiles/zephyr.dir/subsys/tracing/tracing_none.c.obj
[ptlrvp_npcx:ro] [88/389] Building C object CMakeFiles/app.dir/mnt/host/source/src/platform/ec/build/zephyr/ptlrvp_npcx/modules/ec/common/power_button.c.obj
[ptlrvp_npcx:rw] [153/389] Building C object zephyr/CMakeFiles/zephyr.dir/subsys/shell/modules/kernel_service/kernel_shell.c.obj
[ptlrvp_npcx:rw] [154/389] Building C object zephyr/CMakeFiles/zephyr.dir/subsys/shell/modules/kernel_service/sleep.c.obj
[ptlrvp_npcx:rw] [155/389] Building C object zephyr/CMakeFiles/zephyr.dir/subsys/shell/modules/kernel_service/cycles.c.obj
[ptlrvp_npcx:ro] [89/389] Building C object CMakeFiles/app.dir/mnt/host/source/src/platform/ec/build/zephyr/ptlrvp_npcx/modules/ec/power/hibernate.c.obj
[ptlrvp_npcx:rw] [156/389] Building C object zephyr/CMakeFiles/zephyr.dir/subsys/shell/modules/kernel_service/uptime.c.obj
[ptlrvp_npcx:rw] [157/389] Building C object zephyr/CMakeFiles/zephyr.dir/subsys/shell/modules/kernel_service/version.c.obj
[ptlrvp_npcx:ro] [90/389] Building C object CMakeFiles/app.dir/mnt/host/source/src/platform/ec/build/zephyr/ptlrvp_npcx/modules/ec/common/panic_output.c.obj
[ptlrvp_npcx:rw] [158/389] Building C object zephyr/CMakeFiles/zephyr.dir/subsys/shell/modules/kernel_service/thread/list.c.obj
[ptlrvp_npcx:rw] [159/389] Building C object zephyr/CMakeFiles/zephyr.dir/subsys/shell/modules/kernel_service/thread/thread.c.obj
[ptlrvp_npcx:ro] [91/389] Building C object CMakeFiles/app.dir/mnt/host/source/src/platform/ec/build/zephyr/ptlrvp_npcx/modules/ec/common/sha256.c.obj
[ptlrvp_npcx:rw] [160/389] Building C object zephyr/CMakeFiles/zephyr.dir/subsys/shell/modules/kernel_service/thread/stacks.c.obj
[ptlrvp_npcx:rw] [161/389] Building C object zephyr/CMakeFiles/zephyr.dir/subsys/shell/modules/kernel_service/thread/suspend.c.obj
[bluey:ro] [11/336] Generating include/generated/zephyr/offsets.h
[ptlrvp_npcx:rw] [162/389] Building C object zephyr/CMakeFiles/zephyr.dir/subsys/shell/modules/kernel_service/thread/resume.c.obj
[ptlrvp_npcx:rw] [163/389] Building C object zephyr/CMakeFiles/zephyr.dir/subsys/shell/modules/kernel_service/thread/kill.c.obj
[ptlrvp_npcx:ro] [92/389] Building C object CMakeFiles/app.dir/mnt/host/source/src/platform/ec/build/zephyr/ptlrvp_npcx/modules/ec/common/shared_mem.c.obj
[ptlrvp_npcx:rw] [164/389] Building C object zephyr/CMakeFiles/zephyr.dir/subsys/shell/backends/shell_uart.c.obj
[ptlrvp_npcx:rw] [165/389] Building C object zephyr/CMakeFiles/zephyr.dir/subsys/shell/shell.c.obj
[ocelotrvp-ite:rw] [17/391] Building C object zephyr/CMakeFiles/offsets.dir/arch/riscv/core/offsets/offsets.c.obj
[ptlrvp_npcx:ro] [93/389] Building C object CMakeFiles/app.dir/mnt/host/source/src/platform/ec/build/zephyr/ptlrvp_npcx/modules/ec/common/switch.c.obj
[ptlrvp_npcx:ro] [94/389] Building C object CMakeFiles/app.dir/mnt/host/source/src/platform/ec/build/zephyr/ptlrvp_npcx/modules/ec/common/spi_flash_reg.c.obj
[ptlrvp_npcx:rw] [166/389] Building C object zephyr/CMakeFiles/zephyr.dir/subsys/shell/shell_fprintf.c.obj
[ptlrvp_npcx:ro] [95/389] Building C object CMakeFiles/app.dir/mnt/host/source/src/platform/ec/build/zephyr/ptlrvp_npcx/modules/ec/common/thermal.c.obj
[ptlrvp_npcx:rw] [167/389] Building C object zephyr/CMakeFiles/zephyr.dir/subsys/shell/shell_utils.c.obj
[ptlrvp_npcx:rw] [168/389] Building C object zephyr/CMakeFiles/zephyr.dir/subsys/shell/shell_ops.c.obj
[ptlrvp_npcx:rw] [169/389] Building C object zephyr/CMakeFiles/zephyr.dir/subsys/shell/shell_help.c.obj
[ptlrvp_npcx:ro] [96/389] Building C object CMakeFiles/app.dir/mnt/host/source/src/platform/ec/build/zephyr/ptlrvp_npcx/modules/ec/common/temp_sensor.c.obj
[ptlrvp_npcx:rw] [170/389] Building C object zephyr/CMakeFiles/zephyr.dir/subsys/shell/shell_history.c.obj
[ptlrvp_npcx:rw] [171/389] Building C object zephyr/CMakeFiles/zephyr.dir/drivers/flash/flash_util.c.obj
[ptlrvp_npcx:rw] [172/389] Building C object zephyr/arch/common/CMakeFiles/arch__common.dir/sw_isr_common.c.obj
[ptlrvp_npcx:ro] [97/389] Building C object CMakeFiles/app.dir/mnt/host/source/src/platform/ec/build/zephyr/ptlrvp_npcx/modules/ec/driver/temp_sensor/thermistor.c.obj
[ptlrvp_npcx:rw] [173/389] Building C object zephyr/arch/common/CMakeFiles/arch__common.dir/init.c.obj
[ptlrvp_npcx:ro] [98/389] Building C object CMakeFiles/app.dir/mnt/host/source/src/platform/ec/build/zephyr/ptlrvp_npcx/modules/ec/common/timer.c.obj
[ptlrvp_npcx:rw] [174/389] Building C object zephyr/arch/common/CMakeFiles/arch__common.dir/xip.c.obj
[ptlrvp_npcx:ro] [99/389] Building C object CMakeFiles/app.dir/mnt/host/source/src/platform/ec/build/zephyr/ptlrvp_npcx/modules/ec/common/usbc_utils.c.obj
[ptlrvp_npcx:rw] [175/389] Building C object zephyr/arch/common/CMakeFiles/isr_tables.dir/isr_tables.c.obj
[ocelotrvp-ite:rw] [18/391] Building C object zephyr/drivers/sensor/CMakeFiles/drivers__sensor.dir/mnt/host/source/src/third_party/zephyr/main/misc/empty_file.c.obj
[ptlrvp_npcx:ro] [100/389] Building C object CMakeFiles/app.dir/mnt/host/source/src/platform/ec/build/zephyr/ptlrvp_npcx/modules/ec/common/usb_common.c.obj
[ptlrvp_npcx:ro] [101/389] Building C object CMakeFiles/app.dir/mnt/host/source/src/platform/ec/build/zephyr/ptlrvp_npcx/modules/ec/common/chargen.c.obj
[ocelotrvp-ite:ro] [24/391] Building CXX object modules/pigweed/pw_log_zephyr/CMakeFiles/pw_log_zephyr.dir/log_zephyr.cc.obj
[ptlrvp_npcx:ro] [102/389] Building C object CMakeFiles/app.dir/mnt/host/source/src/platform/ec/build/zephyr/ptlrvp_npcx/modules/ec/common/usb_pd_host_cmd_common.c.obj
[ptlrvp_npcx:ro] [103/389] Building C object CMakeFiles/app.dir/mnt/host/source/src/platform/ec/build/zephyr/ptlrvp_npcx/modules/ec/common/vboot_hash.c.obj
[ptlrvp_npcx:rw] [176/389] Linking C static library zephyr/arch/common/libisr_tables.a
[ptlrvp_npcx:ro] [104/389] Building C object CMakeFiles/app.dir/mnt/host/source/src/platform/ec/build/zephyr/ptlrvp_npcx/modules/ec/common/button.c.obj
[ocelotrvp-ite:ro] [25/391] Linking CXX static library modules/pigweed/pw_log_zephyr/libpw_log_zephyr.a
[ptlrvp_npcx:ro] [105/389] Building C object CMakeFiles/app.dir/mnt/host/source/src/platform/ec/build/zephyr/ptlrvp_npcx/modules/ec/common/vboot/efs2.c.obj
[ocelotrvp-ite:rw] [19/391] Building C object zephyr/drivers/syscon/CMakeFiles/drivers__syscon.dir/mnt/host/source/src/third_party/zephyr/main/misc/empty_file.c.obj
[ptlrvp_npcx:ro] [106/389] Building C object CMakeFiles/app.dir/mnt/host/source/src/platform/ec/build/zephyr/ptlrvp_npcx/modules/ec/common/vstore.c.obj
[ptlrvp_npcx:rw] [177/389] Linking C static library zephyr/libzephyr.a
[ptlrvp_npcx:rw] [178/389] Linking C static library zephyr/arch/common/libarch__common.a
[ptlrvp_npcx:ro] [107/389] Building C object CMakeFiles/app.dir/mnt/host/source/src/platform/ec/build/zephyr/ptlrvp_npcx/modules/ec/common/math_util.c.obj
[ptlrvp_npcx:rw] [179/389] Building C object zephyr/arch/arch/arm/core/CMakeFiles/arch__arm__core.dir/fatal.c.obj
[/mnt/host/source/src/platform/ec/build/zephyr/pujjoga-lcov]   /mnt/host/source/src/platform/ec/build/zephyr/pujjoga/build-rw/modules/ec/zephyr/CMakeFiles/ec_shim.dir/shim/src/keyscan.c.gcno:no functions found
[/mnt/host/source/src/platform/ec/build/zephyr/pujjoga-lcov] stderr:
[ptlrvp_npcx:rw] [180/389] Building C object zephyr/arch/arch/arm/core/CMakeFiles/arch__arm__core.dir/nmi.c.obj
[ocelotrvp-ite:ro] [26/391] Linking CXX static library modules/ec/zephyr/drivers/pw_transport/libpw_transport.proto.nanopb.a
[ptlrvp_npcx:ro] [108/389] Building C object CMakeFiles/app.dir/mnt/host/source/src/platform/ec/build/zephyr/ptlrvp_npcx/modules/ec/driver/led/max695x.c.obj
[ptlrvp_npcx:rw] [181/389] Building C object zephyr/arch/arch/arm/core/cortex_m/CMakeFiles/arch__arm__core__cortex_m.dir/exc_exit.c.obj
[ptlrvp_npcx:ro] [109/389] Building C object CMakeFiles/app.dir/src/intelrvp.c.obj
[ptlrvp_npcx:rw] [182/389] Building C object zephyr/arch/arch/arm/core/cortex_m/CMakeFiles/arch__arm__core__cortex_m.dir/fault.c.obj
[ptlrvp_npcx:ro] [110/389] Building C object CMakeFiles/app.dir/src/intel_rvp_board_id.c.obj
[ocelotrvp-ite:ro] [27/391] Linking CXX static library modules/ec/zephyr/drivers/dsp_comms/libdsp_comms.proto.nanopb.a
[ptlrvp_npcx:ro] [111/389] Building C object CMakeFiles/app.dir/src/kbd_strauss.c.obj
[ptlrvp_npcx:ro] [112/389] Building C object CMakeFiles/app.dir/ptlrvp/src/board_id.c.obj
[ptlrvp_npcx:ro] [113/389] Building C object CMakeFiles/app.dir/ptlrvp/src/board_power.c.obj
[ptlrvp_npcx:rw] [183/389] Building ASM object zephyr/arch/arch/arm/core/CMakeFiles/arch__arm__core.dir/nmi_on_reset.S.obj
[ptlrvp_npcx:ro] [114/389] Building C object CMakeFiles/app.dir/src/dc_jack.c.obj
[ocelotrvp-ite:rw] [20/391] Building C object modules/ec/zephyr/drivers/dsp_comms/CMakeFiles/dsp_comms.proto.nanopb.dir/dsp_comms.proto/nanopb/proto/ec_dsp.pb.c.obj
[ptlrvp_npcx:rw] [184/389] Building ASM object zephyr/arch/arch/arm/core/cortex_m/CMakeFiles/arch__arm__core__cortex_m.dir/fault_s.S.obj
[ptlrvp_npcx:rw] [185/389] Building C object zephyr/arch/arch/arm/core/cortex_m/CMakeFiles/arch__arm__core__cortex_m.dir/fpu.c.obj
[ptlrvp_npcx:rw] [186/389] Linking C static library zephyr/arch/arch/arm/core/libarch__arm__core.a
[ptlrvp_npcx:rw] [187/389] Building C object zephyr/arch/arch/arm/core/cortex_m/CMakeFiles/arch__arm__core__cortex_m.dir/scb.c.obj
[ocelotrvp-ite:ro] [28/391] Generating include/generated/zephyr/offsets.h
[ptlrvp_npcx:rw] [188/389] Building C object zephyr/arch/arch/arm/core/cortex_m/CMakeFiles/arch__arm__core__cortex_m.dir/thread_abort.c.obj
[/mnt/host/source/src/platform/ec/build/zephyr/rex-ish-ec-lcov]   /mnt/host/source/src/platform/ec/build/zephyr/rex-ish-ec/build-rw/modules/ec/zephyr/CMakeFiles/ec_shim.dir/shim/src/bc12.c.gcno:no functions found
[/mnt/host/source/src/platform/ec/build/zephyr/rex-ish-ec-lcov] stderr:
[ptlrvp_npcx:ro] [115/389] Linking C static library app/libapp.a
[ptlrvp_npcx:ro] [116/389] Building C object zephyr/CMakeFiles/zephyr.dir/lib/libc/validate_libc.c.obj
[bluey:ro] [12/336] Building C object CMakeFiles/app.dir/mnt/host/source/src/platform/ec/zephyr/subsys/ap_pwrseq/ap_events.c.obj
[ptlrvp_npcx:ro] [117/389] Building C object zephyr/CMakeFiles/zephyr.dir/lib/heap/heap.c.obj
[ocelotrvp-ite:rw] [21/391] Building C object modules/ec/zephyr/drivers/pw_transport/CMakeFiles/pw_transport.proto.nanopb.dir/pw_transport.proto/nanopb/pw_transport/proto/transport.pb.c.obj
[ptlrvp_npcx:ro] [118/389] Building C object zephyr/CMakeFiles/zephyr.dir/lib/os/cbprintf_packaged.c.obj
[ptlrvp_npcx:ro] [119/389] Building C object zephyr/CMakeFiles/zephyr.dir/lib/os/clock.c.obj
[ptlrvp_npcx:ro] [120/389] Building C object zephyr/CMakeFiles/zephyr.dir/lib/os/printk.c.obj
[bluey:rw] [13/336] Building C object CMakeFiles/app.dir/mnt/host/source/src/platform/ec/build/zephyr/bluey/modules/ec/builtin/stdlib.c.obj
[ptlrvp_npcx:ro] [121/389] Building C object zephyr/CMakeFiles/zephyr.dir/lib/os/sem.c.obj
[ptlrvp_npcx:ro] [122/389] Building C object zephyr/CMakeFiles/zephyr.dir/lib/os/thread_entry.c.obj
[ptlrvp_npcx:ro] [123/389] Building C object zephyr/CMakeFiles/zephyr.dir/lib/os/cbprintf_nano.c.obj
[ptlrvp_npcx:ro] [124/389] Building C object zephyr/CMakeFiles/zephyr.dir/lib/os/cbprintf.c.obj
[ptlrvp_npcx:ro] [125/389] Building C object zephyr/CMakeFiles/zephyr.dir/lib/os/assert.c.obj
[ptlrvp_npcx:ro] [126/389] Building C object zephyr/CMakeFiles/zephyr.dir/lib/utils/dec.c.obj
[ptlrvp_npcx:ro] [127/389] Building C object zephyr/CMakeFiles/zephyr.dir/lib/utils/hex.c.obj
[ptlrvp_npcx:ro] [128/389] Building C object zephyr/CMakeFiles/zephyr.dir/lib/utils/rb.c.obj
[ptlrvp_npcx:ro] [129/389] Building C object zephyr/CMakeFiles/zephyr.dir/lib/utils/timeutil.c.obj
[ptlrvp_npcx:ro] [130/389] Building C object zephyr/CMakeFiles/zephyr.dir/lib/utils/bitarray.c.obj
[ptlrvp_npcx:ro] [131/389] Building C object zephyr/CMakeFiles/zephyr.dir/lib/utils/bitmask.c.obj
[ptlrvp_npcx:ro] [132/389] Building C object zephyr/CMakeFiles/zephyr.dir/lib/utils/getopt/getopt.c.obj
[ptlrvp_npcx:ro] [133/389] Building C object zephyr/CMakeFiles/zephyr.dir/lib/utils/getopt/getopt_common.c.obj
[ptlrvp_npcx:ro] [134/389] Building C object zephyr/CMakeFiles/zephyr.dir/lib/utils/ring_buffer.c.obj
[ptlrvp_npcx:ro] [135/389] Building C object zephyr/CMakeFiles/zephyr.dir/lib/utils/last_section_id.c.obj
[ptlrvp_npcx:ro] [136/389] Building C object zephyr/CMakeFiles/zephyr.dir/misc/generated/configs.c.obj
[ptlrvp_npcx:rw] [189/389] Building ASM object zephyr/arch/arch/arm/core/cortex_m/CMakeFiles/arch__arm__core__cortex_m.dir/vector_table.S.obj
[ptlrvp_npcx:ro] [137/389] Building C object zephyr/CMakeFiles/zephyr.dir/soc/nuvoton/npcx/common/power.c.obj
[ptlrvp_npcx:ro] [138/389] Building C object zephyr/CMakeFiles/zephyr.dir/soc/nuvoton/npcx/common/scfg.c.obj
[bluey:ro] [13/336] Building C object CMakeFiles/app.dir/mnt/host/source/src/platform/ec/build/zephyr/bluey/modules/ec/builtin/stdlib.c.obj
[ptlrvp_npcx:ro] [139/389] Building C object zephyr/CMakeFiles/zephyr.dir/soc/nuvoton/npcx/common/npcxn/registers.c.obj
[ptlrvp_npcx:ro] [140/389] Building C object zephyr/CMakeFiles/zephyr.dir/soc/nuvoton/npcx/npcx9/soc.c.obj
[ptlrvp_npcx:ro] [141/389] Building C object zephyr/CMakeFiles/zephyr.dir/subsys/logging/log_minimal.c.obj
[ptlrvp_npcx:ro] [142/389] Building C object zephyr/CMakeFiles/zephyr.dir/subsys/mem_mgmt/mem_attr.c.obj
[ptlrvp_npcx:ro] [143/389] Building C object zephyr/CMakeFiles/zephyr.dir/subsys/pm/pm.c.obj
[ptlrvp_npcx:ro] [144/389] Building C object zephyr/CMakeFiles/zephyr.dir/subsys/pm/state.c.obj
[ptlrvp_npcx:ro] [145/389] Building C object zephyr/CMakeFiles/zephyr.dir/subsys/pm/policy/policy_events.c.obj
[ptlrvp_npcx:ro] [146/389] Building C object zephyr/CMakeFiles/zephyr.dir/subsys/pm/policy/policy_latency.c.obj
[ptlrvp_npcx:ro] [147/389] Building C object zephyr/CMakeFiles/zephyr.dir/subsys/pm/policy/policy_state_lock.c.obj
[ptlrvp_npcx:ro] [148/389] Building C object zephyr/CMakeFiles/zephyr.dir/subsys/pm/device.c.obj
[ocelotrvp-ite:ro] [29/391] Building CXX object modules/pigweed/pw_bytes/CMakeFiles/pw_bytes.dir/byte_builder.cc.obj
[ptlrvp_npcx:ro] [149/389] Building C object zephyr/CMakeFiles/zephyr.dir/subsys/pm/device_runtime.c.obj
[ptlrvp_npcx:ro] [150/389] Building C object zephyr/CMakeFiles/zephyr.dir/subsys/pm/device_system_managed.c.obj
[ptlrvp_npcx:ro] [151/389] Building C object zephyr/CMakeFiles/zephyr.dir/subsys/testsuite/coverage/coverage.c.obj
[ptlrvp_npcx:ro] [152/389] Building C object zephyr/CMakeFiles/zephyr.dir/subsys/tracing/tracing_none.c.obj
[ptlrvp_npcx:ro] [153/389] Building C object zephyr/CMakeFiles/zephyr.dir/subsys/shell/modules/kernel_service/kernel_shell.c.obj
[ptlrvp_npcx:ro] [154/389] Building C object zephyr/CMakeFiles/zephyr.dir/subsys/shell/modules/kernel_service/cycles.c.obj
[ptlrvp_npcx:ro] [155/389] Building C object zephyr/CMakeFiles/zephyr.dir/subsys/shell/modules/kernel_service/sleep.c.obj
[ptlrvp_npcx:ro] [156/389] Building C object zephyr/CMakeFiles/zephyr.dir/subsys/shell/modules/kernel_service/uptime.c.obj
[ptlrvp_npcx:ro] [157/389] Building C object zephyr/CMakeFiles/zephyr.dir/subsys/shell/modules/kernel_service/version.c.obj
[bluey:ro] [14/336] Building C object CMakeFiles/app.dir/mnt/host/source/src/platform/ec/build/zephyr/bluey/modules/ec/common/base32.c.obj
[ptlrvp_npcx:ro] [158/389] Building C object zephyr/CMakeFiles/zephyr.dir/subsys/shell/modules/kernel_service/thread/thread.c.obj
[ptlrvp_npcx:ro] [159/389] Building C object zephyr/CMakeFiles/zephyr.dir/subsys/shell/modules/kernel_service/thread/list.c.obj
[ptlrvp_npcx:ro] [160/389] Building C object zephyr/CMakeFiles/zephyr.dir/subsys/shell/modules/kernel_service/thread/stacks.c.obj
[ptlrvp_npcx:ro] [161/389] Building C object zephyr/CMakeFiles/zephyr.dir/subsys/shell/modules/kernel_service/thread/suspend.c.obj
[ocelotrvp-ite:ro] [30/391] Building C object CMakeFiles/app.dir/mnt/host/source/src/platform/ec/zephyr/subsys/ap_pwrseq/ap_events.c.obj
[ptlrvp_npcx:ro] [162/389] Building C object zephyr/CMakeFiles/zephyr.dir/subsys/shell/modules/kernel_service/thread/resume.c.obj
[ptlrvp_npcx:ro] [163/389] Building C object zephyr/CMakeFiles/zephyr.dir/subsys/shell/modules/kernel_service/thread/kill.c.obj
[ptlrvp_npcx:ro] [164/389] Building C object zephyr/CMakeFiles/zephyr.dir/subsys/shell/backends/shell_uart.c.obj
[ptlrvp_npcx:ro] [165/389] Building C object zephyr/CMakeFiles/zephyr.dir/subsys/shell/shell.c.obj
[ptlrvp_npcx:ro] [166/389] Building C object zephyr/CMakeFiles/zephyr.dir/subsys/shell/shell_fprintf.c.obj
[ptlrvp_npcx:rw] [190/389] Building ASM object zephyr/arch/arch/arm/core/cortex_m/CMakeFiles/arch__arm__core__cortex_m.dir/reset.S.obj
[bluey:rw] [14/336] Building C object CMakeFiles/app.dir/mnt/host/source/src/platform/ec/build/zephyr/bluey/modules/ec/common/base32.c.obj
[ptlrvp_npcx:rw] [191/389] Building C object zephyr/arch/arch/arm/core/cortex_m/CMakeFiles/arch__arm__core__cortex_m.dir/irq_manage.c.obj
[ptlrvp_npcx:ro] [167/389] Building C object zephyr/CMakeFiles/zephyr.dir/subsys/shell/shell_utils.c.obj
[ptlrvp_npcx:rw] [192/389] Building C object zephyr/arch/arch/arm/core/cortex_m/CMakeFiles/arch__arm__core__cortex_m.dir/prep_c.c.obj
[ptlrvp_npcx:ro] [168/389] Building C object zephyr/CMakeFiles/zephyr.dir/subsys/shell/shell_ops.c.obj
[ptlrvp_npcx:rw] [193/389] Building C object zephyr/arch/arch/arm/core/cortex_m/CMakeFiles/arch__arm__core__cortex_m.dir/thread.c.obj
[ptlrvp_npcx:ro] [169/389] Building C object zephyr/CMakeFiles/zephyr.dir/subsys/shell/shell_help.c.obj
[ptlrvp_npcx:rw] [194/389] Building C object zephyr/arch/arch/arm/core/cortex_m/CMakeFiles/arch__arm__core__cortex_m.dir/cpu_idle.c.obj
[ptlrvp_npcx:ro] [170/389] Building C object zephyr/CMakeFiles/zephyr.dir/subsys/shell/shell_history.c.obj
[ptlrvp_npcx:rw] [195/389] Building C object zephyr/arch/arch/arm/core/cortex_m/CMakeFiles/arch__arm__core__cortex_m.dir/irq_init.c.obj
[ptlrvp_npcx:ro] [171/389] Building C object zephyr/CMakeFiles/zephyr.dir/drivers/flash/flash_util.c.obj
[ptlrvp_npcx:rw] [196/389] Building C object zephyr/arch/arch/arm/core/cortex_m/CMakeFiles/arch__arm__core__cortex_m.dir/isr_wrapper.c.obj
[ptlrvp_npcx:rw] [197/389] Building C object zephyr/arch/arch/arm/core/mpu/CMakeFiles/arch__arm__core__mpu.dir/arm_core_mpu.c.obj
[ptlrvp_npcx:rw] [198/389] Building C object zephyr/arch/arch/arm/core/mpu/CMakeFiles/arch__arm__core__mpu.dir/arm_mpu.c.obj
[ptlrvp_npcx:rw] [199/389] Building C object zephyr/arch/arch/arm/core/mpu/CMakeFiles/arch__arm__core__mpu.dir/arm_mpu_regions.c.obj
[ptlrvp_npcx:ro] [172/389] Linking C static library zephyr/libzephyr.a
[ptlrvp_npcx:rw] [200/389] Building ASM object zephyr/arch/arch/arm/core/cortex_m/CMakeFiles/arch__arm__core__cortex_m.dir/swap_helper.S.obj
[ptlrvp_npcx:ro] [173/389] Building C object zephyr/arch/common/CMakeFiles/arch__common.dir/sw_isr_common.c.obj
[ptlrvp_npcx:ro] [174/389] Building C object zephyr/arch/common/CMakeFiles/arch__common.dir/init.c.obj
[ptlrvp_npcx:rw] [201/389] Linking C static library zephyr/arch/arch/arm/core/mpu/libarch__arm__core__mpu.a
[ptlrvp_npcx:ro] [175/389] Building C object zephyr/arch/common/CMakeFiles/arch__common.dir/xip.c.obj
[ptlrvp_npcx:ro] [176/389] Building C object zephyr/arch/common/CMakeFiles/isr_tables.dir/isr_tables.c.obj
[ptlrvp_npcx:rw] [202/389] Generating ../../../include/generated/libc/minimal/strerror_table.h
[ptlrvp_npcx:rw] [203/389] Building C object zephyr/lib/libc/minimal/CMakeFiles/lib__libc__minimal.dir/source/stdlib/atoi.c.obj
[ptlrvp_npcx:rw] [204/389] Building C object zephyr/lib/libc/minimal/CMakeFiles/lib__libc__minimal.dir/source/stdlib/strtol.c.obj
[ptlrvp_npcx:rw] [205/389] Linking C static library zephyr/arch/arch/arm/core/cortex_m/libarch__arm__core__cortex_m.a
[ptlrvp_npcx:rw] [206/389] Building C object zephyr/lib/libc/minimal/CMakeFiles/lib__libc__minimal.dir/source/stdlib/strtoul.c.obj
[ptlrvp_npcx:rw] [207/389] Building C object zephyr/lib/libc/minimal/CMakeFiles/lib__libc__minimal.dir/source/stdlib/strtoll.c.obj
[ptlrvp_npcx:rw] [208/389] Building C object zephyr/lib/libc/minimal/CMakeFiles/lib__libc__minimal.dir/source/stdlib/strtoull.c.obj
[ptlrvp_npcx:rw] [209/389] Building C object zephyr/lib/libc/minimal/CMakeFiles/lib__libc__minimal.dir/source/stdlib/bsearch.c.obj
[ptlrvp_npcx:ro] [177/389] Linking C static library zephyr/arch/common/libisr_tables.a
[ptlrvp_npcx:rw] [210/389] Building C object zephyr/lib/libc/minimal/CMakeFiles/lib__libc__minimal.dir/source/stdlib/qsort.c.obj
[ptlrvp_npcx:rw] [211/389] Building C object zephyr/lib/libc/minimal/CMakeFiles/lib__libc__minimal.dir/source/stdlib/exit.c.obj
[ptlrvp_npcx:rw] [212/389] Building C object zephyr/lib/libc/minimal/CMakeFiles/lib__libc__minimal.dir/source/string/strncasecmp.c.obj
[ptlrvp_npcx:rw] [213/389] Building C object zephyr/lib/libc/minimal/CMakeFiles/lib__libc__minimal.dir/source/string/strerror.c.obj
[ptlrvp_npcx:rw] [214/389] Building C object zephyr/lib/libc/minimal/CMakeFiles/lib__libc__minimal.dir/source/string/string.c.obj
[ptlrvp_npcx:rw] [215/389] Building C object zephyr/lib/libc/minimal/CMakeFiles/lib__libc__minimal.dir/source/string/strstr.c.obj
[ptlrvp_npcx:rw] [216/389] Building C object zephyr/lib/libc/minimal/CMakeFiles/lib__libc__minimal.dir/source/string/strspn.c.obj
[ptlrvp_npcx:rw] [217/389] Building C object zephyr/lib/libc/minimal/CMakeFiles/lib__libc__minimal.dir/source/stdout/stdout_console.c.obj
[ptlrvp_npcx:rw] [218/389] Building C object zephyr/lib/libc/minimal/CMakeFiles/lib__libc__minimal.dir/source/stdout/sprintf.c.obj
[bluey:ro] [15/336] Building C object CMakeFiles/app.dir/mnt/host/source/src/platform/ec/build/zephyr/bluey/modules/ec/common/console_output.c.obj
[ptlrvp_npcx:rw] [219/389] Building C object zephyr/lib/libc/minimal/CMakeFiles/lib__libc__minimal.dir/source/stdout/fprintf.c.obj
[ptlrvp_npcx:rw] [220/389] Building C object zephyr/lib/libc/minimal/CMakeFiles/lib__libc__minimal.dir/source/math/sqrtf.c.obj
[ptlrvp_npcx:rw] [221/389] Building C object zephyr/lib/libc/minimal/CMakeFiles/lib__libc__minimal.dir/source/math/sqrt.c.obj
[ptlrvp_npcx:ro] [178/389] Linking C static library zephyr/arch/common/libarch__common.a
[ptlrvp_npcx:rw] [222/389] Building C object zephyr/lib/libc/minimal/CMakeFiles/lib__libc__minimal.dir/source/time/gmtime.c.obj
[ptlrvp_npcx:rw] [223/389] Building C object zephyr/lib/libc/common/CMakeFiles/lib__libc__common.dir/source/stdlib/abort.c.obj
[ptlrvp_npcx:ro] [179/389] Building C object zephyr/arch/arch/arm/core/CMakeFiles/arch__arm__core.dir/fatal.c.obj
[ptlrvp_npcx:ro] [180/389] Building C object zephyr/arch/arch/arm/core/CMakeFiles/arch__arm__core.dir/nmi.c.obj
[ptlrvp_npcx:rw] [224/389] Building C object zephyr/lib/libc/common/CMakeFiles/lib__libc__common.dir/source/time/asctime.c.obj
[ptlrvp_npcx:rw] [225/389] Building C object zephyr/lib/libc/common/CMakeFiles/lib__libc__common.dir/source/time/gmtime_r.c.obj
[ptlrvp_npcx:rw] [226/389] Building C object zephyr/lib/libc/common/CMakeFiles/lib__libc__common.dir/source/time/localtime_r_utc.c.obj
[ptlrvp_npcx:rw] [227/389] Building C object zephyr/lib/libc/common/CMakeFiles/lib__libc__common.dir/source/time/ctime.c.obj
[ptlrvp_npcx:rw] [228/389] Building C object zephyr/lib/libc/common/CMakeFiles/lib__libc__common.dir/source/time/time.c.obj
[ptlrvp_npcx:rw] [229/389] Building C object zephyr/lib/libc/common/CMakeFiles/lib__libc__common.dir/source/stdlib/malloc.c.obj
[ptlrvp_npcx:rw] [230/389] Building C object zephyr/lib/libc/common/CMakeFiles/lib__libc__common.dir/source/string/strnlen.c.obj
[ptlrvp_npcx:rw] [231/389] Linking C static library zephyr/lib/libc/minimal/liblib__libc__minimal.a
[ocelotrvp-ite:ro] [31/391] Building C object CMakeFiles/app.dir/mnt/host/source/src/platform/ec/zephyr/subsys/ap_pwrseq/ap_power_interface.c.obj
[ptlrvp_npcx:rw] [232/389] Building C object zephyr/lib/posix/c_lib_ext/CMakeFiles/lib__posix__c_lib_ext.dir/fnmatch.c.obj
[ptlrvp_npcx:ro] [181/389] Building ASM object zephyr/arch/arch/arm/core/CMakeFiles/arch__arm__core.dir/nmi_on_reset.S.obj
[ptlrvp_npcx:rw] [233/389] Building C object zephyr/lib/posix/c_lib_ext/CMakeFiles/lib__posix__c_lib_ext.dir/getentropy.c.obj
[ptlrvp_npcx:rw] [234/389] Building C object zephyr/lib/posix/c_lib_ext/CMakeFiles/lib__posix__c_lib_ext.dir/getopt_shim.c.obj
[ptlrvp_npcx:rw] [235/389] Linking C static library zephyr/lib/libc/common/liblib__libc__common.a
[ptlrvp_npcx:rw] [236/389] Building C object zephyr/lib/smf/CMakeFiles/lib__smf.dir/smf.c.obj
[ptlrvp_npcx:ro] [182/389] Linking C static library zephyr/arch/arch/arm/core/libarch__arm__core.a
[ptlrvp_npcx:ro] [183/389] Building C object zephyr/arch/arch/arm/core/cortex_m/CMakeFiles/arch__arm__core__cortex_m.dir/exc_exit.c.obj
[ptlrvp_npcx:ro] [184/389] Building C object zephyr/arch/arch/arm/core/cortex_m/CMakeFiles/arch__arm__core__cortex_m.dir/fault.c.obj
[ptlrvp_npcx:rw] [237/389] Linking C static library zephyr/lib/posix/c_lib_ext/liblib__posix__c_lib_ext.a
[ptlrvp_npcx:rw] [238/389] Building C object zephyr/subsys/crc/CMakeFiles/subsys__crc.dir/crc4_sw.c.obj
[ptlrvp_npcx:rw] [239/389] Building C object zephyr/subsys/crc/CMakeFiles/subsys__crc.dir/crc8_sw.c.obj
[ptlrvp_npcx:rw] [240/389] Linking C static library zephyr/lib/smf/liblib__smf.a
[bluey:rw] [15/336] Building C object CMakeFiles/app.dir/mnt/host/source/src/platform/ec/build/zephyr/bluey/modules/ec/common/console_output.c.obj
[ptlrvp_npcx:rw] [241/389] Building C object zephyr/subsys/crc/CMakeFiles/subsys__crc.dir/crc16_sw.c.obj
[ptlrvp_npcx:rw] [242/389] Building C object zephyr/subsys/crc/CMakeFiles/subsys__crc.dir/crc7_sw.c.obj
[ptlrvp_npcx:rw] [243/389] Building C object zephyr/subsys/crc/CMakeFiles/subsys__crc.dir/crc24_sw.c.obj
[ptlrvp_npcx:rw] [244/389] Building C object zephyr/subsys/crc/CMakeFiles/subsys__crc.dir/crc32c_sw.c.obj
[ptlrvp_npcx:rw] [245/389] Building C object zephyr/subsys/crc/CMakeFiles/subsys__crc.dir/crc32_sw.c.obj
[ptlrvp_npcx:rw] [246/389] Building C object zephyr/subsys/crc/CMakeFiles/subsys__crc.dir/crc32k_4_2_sw.c.obj
[ptlrvp_npcx:rw] [247/389] Building C object zephyr/subsys/input/CMakeFiles/subsys__input.dir/input.c.obj
[ptlrvp_npcx:rw] [248/389] Building C object zephyr/subsys/input/CMakeFiles/subsys__input.dir/input_hid.c.obj
[bluey:ro] [16/336] Building C object CMakeFiles/app.dir/mnt/host/source/src/platform/ec/build/zephyr/bluey/modules/ec/common/ec_features.c.obj
[ptlrvp_npcx:rw] [249/389] Building C object zephyr/subsys/input/CMakeFiles/subsys__input.dir/input_utils.c.obj
[ocelotrvp-ite:ro] [32/391] Building C object CMakeFiles/app.dir/mnt/host/source/src/platform/ec/zephyr/subsys/ap_pwrseq/power_signals.c.obj
[ptlrvp_npcx:ro] [185/389] Building ASM object zephyr/arch/arch/arm/core/cortex_m/CMakeFiles/arch__arm__core__cortex_m.dir/fault_s.S.obj
[ptlrvp_npcx:ro] [186/389] Building C object zephyr/arch/arch/arm/core/cortex_m/CMakeFiles/arch__arm__core__cortex_m.dir/fpu.c.obj
[ptlrvp_npcx:rw] [250/389] Linking C static library zephyr/subsys/crc/libsubsys__crc.a
[ptlrvp_npcx:rw] [251/389] Linking C static library zephyr/subsys/input/libsubsys__input.a
[ptlrvp_npcx:rw] [252/389] Building C object zephyr/drivers/interrupt_controller/CMakeFiles/drivers__interrupt_controller.dir/intc_miwu.c.obj
[ptlrvp_npcx:rw] [253/389] Building C object zephyr/drivers/adc/CMakeFiles/drivers__adc.dir/adc_common.c.obj
[ptlrvp_npcx:rw] [254/389] Building C object zephyr/drivers/adc/CMakeFiles/drivers__adc.dir/adc_npcx.c.obj
[ocelotrvp-ite:rw] [22/391] Building CXX object modules/pigweed/pw_bytes/CMakeFiles/pw_bytes.dir/byte_builder.cc.obj
[ptlrvp_npcx:rw] [255/389] Linking C static library zephyr/drivers/interrupt_controller/libdrivers__interrupt_controller.a
[ptlrvp_npcx:rw] [256/389] Building C object zephyr/drivers/bbram/CMakeFiles/drivers__bbram.dir/bbram_npcx.c.obj
[ptlrvp_npcx:rw] [257/389] Linking C static library zephyr/drivers/adc/libdrivers__adc.a
[ptlrvp_npcx:rw] [258/389] Building C object zephyr/drivers/clock_control/CMakeFiles/drivers__clock_control.dir/clock_control_npcx.c.obj
[ptlrvp_npcx:rw] [259/389] Linking C static library zephyr/drivers/bbram/libdrivers__bbram.a
[ptlrvp_npcx:rw] [260/389] Building C object zephyr/drivers/console/CMakeFiles/drivers__console.dir/uart_console.c.obj
[ptlrvp_npcx:rw] [261/389] Linking C static library zephyr/drivers/clock_control/libdrivers__clock_control.a
[ptlrvp_npcx:rw] [262/389] Building C object zephyr/drivers/espi/CMakeFiles/drivers__espi.dir/espi_npcx.c.obj
[ptlrvp_npcx:rw] [263/389] Building C object zephyr/drivers/espi/CMakeFiles/drivers__espi.dir/host_subs_npcx.c.obj
[bluey:ro] [17/336] Building C object CMakeFiles/app.dir/mnt/host/source/src/platform/ec/build/zephyr/bluey/modules/ec/common/gpio_commands.c.obj
[ptlrvp_npcx:rw] [264/389] Linking C static library zephyr/drivers/console/libdrivers__console.a
[ptlrvp_npcx:rw] [265/389] Building C object zephyr/drivers/flash/CMakeFiles/drivers__flash.dir/jesd216.c.obj
[ptlrvp_npcx:rw] [266/389] Building C object zephyr/drivers/flash/CMakeFiles/drivers__flash.dir/flash_npcx_fiu_nor.c.obj
[ptlrvp_npcx:rw] [267/389] Linking C static library zephyr/drivers/espi/libdrivers__espi.a
[ptlrvp_npcx:rw] [268/389] Building C object zephyr/drivers/flash/CMakeFiles/drivers__flash.dir/flash_npcx_fiu_qspi.c.obj
[ocelotrvp-ite:rw] [23/391] Building CXX object modules/pigweed/pw_containers/CMakeFiles/pw_containers.intrusive_item.dir/intrusive_item.cc.obj
[ptlrvp_npcx:rw] [269/389] Building C object zephyr/drivers/gpio/CMakeFiles/drivers__gpio.dir/gpio_ite_it8801.c.obj
[ptlrvp_npcx:rw] [270/389] Building C object zephyr/drivers/gpio/CMakeFiles/drivers__gpio.dir/gpio_npcx.c.obj
[ptlrvp_npcx:rw] [271/389] Building C object zephyr/drivers/gpio/CMakeFiles/drivers__gpio.dir/gpio_pca95xx.c.obj
[ptlrvp_npcx:rw] [272/389] Linking C static library zephyr/drivers/flash/libdrivers__flash.a
[ptlrvp_npcx:rw] [273/389] Building C object zephyr/drivers/i2c/CMakeFiles/drivers__i2c.dir/i2c_common.c.obj
[ptlrvp_npcx:rw] [274/389] Building C object zephyr/drivers/i2c/CMakeFiles/drivers__i2c.dir/i2c_shell.c.obj
[ptlrvp_npcx:rw] [275/389] Building C object zephyr/drivers/i2c/CMakeFiles/drivers__i2c.dir/i2c_npcx_controller.c.obj
[ptlrvp_npcx:rw] [276/389] Building C object zephyr/drivers/i2c/CMakeFiles/drivers__i2c.dir/i2c_npcx_controller_fifo.c.obj
[ptlrvp_npcx:rw] [277/389] Linking C static library zephyr/drivers/gpio/libdrivers__gpio.a
[ptlrvp_npcx:rw] [278/389] Building C object zephyr/drivers/i2c/CMakeFiles/drivers__i2c.dir/i2c_npcx_port.c.obj
[ptlrvp_npcx:rw] [279/389] Building C object zephyr/drivers/input/CMakeFiles/drivers__input.dir/input_kbd_matrix.c.obj
[ptlrvp_npcx:rw] [280/389] Building C object zephyr/drivers/input/CMakeFiles/drivers__input.dir/input_npcx_kbd.c.obj
[bluey:ro] [18/336] Building C object CMakeFiles/app.dir/mnt/host/source/src/platform/ec/build/zephyr/bluey/modules/ec/common/peripheral.c.obj
[ptlrvp_npcx:rw] [281/389] Linking C static library zephyr/drivers/i2c/libdrivers__i2c.a
[ptlrvp_npcx:rw] [282/389] Building C object zephyr/drivers/mfd/CMakeFiles/drivers__mfd.dir/mfd_ite_it8801.c.obj
[ptlrvp_npcx:rw] [283/389] Linking C static library zephyr/drivers/input/libdrivers__input.a
[ptlrvp_npcx:rw] [284/389] Building C object zephyr/drivers/mfd/CMakeFiles/drivers__mfd.dir/mfd_it8801_altctrl.c.obj
[ptlrvp_npcx:rw] [285/389] Building C object zephyr/drivers/pinctrl/CMakeFiles/drivers__pinctrl.dir/common.c.obj
[ptlrvp_npcx:rw] [286/389] Building C object zephyr/drivers/pinctrl/CMakeFiles/drivers__pinctrl.dir/pinctrl_npcx.c.obj
[bluey:rw] [16/336] Building C object CMakeFiles/app.dir/mnt/host/source/src/platform/ec/build/zephyr/bluey/modules/ec/common/ec_features.c.obj
[ptlrvp_npcx:ro] [187/389] Building ASM object zephyr/arch/arch/arm/core/cortex_m/CMakeFiles/arch__arm__core__cortex_m.dir/reset.S.obj
[ptlrvp_npcx:rw] [287/389] Linking C static library zephyr/drivers/mfd/libdrivers__mfd.a
[ptlrvp_npcx:ro] [188/389] Building C object zephyr/arch/arch/arm/core/cortex_m/CMakeFiles/arch__arm__core__cortex_m.dir/scb.c.obj
[/mnt/host/source/src/platform/ec/build/zephyr/matsu_it82000-lcov]   /mnt/host/source/src/platform/ec/build/zephyr/matsu_it82000/build-rw/modules/ec/zephyr/CMakeFiles/ec_shim.dir/drivers/keyboard_input/keyboard_customization_check.c.gcno:no functions found
[/mnt/host/source/src/platform/ec/build/zephyr/matsu_it82000-lcov] stderr:
[ptlrvp_npcx:rw] [288/389] Building C object zephyr/drivers/pwm/CMakeFiles/drivers__pwm.dir/pwm_npcx.c.obj
[ptlrvp_npcx:ro] [189/389] Building C object zephyr/arch/arch/arm/core/cortex_m/CMakeFiles/arch__arm__core__cortex_m.dir/thread_abort.c.obj
[ptlrvp_npcx:rw] [289/389] Linking C static library zephyr/drivers/pinctrl/libdrivers__pinctrl.a
[ocelotrvp-ite:ro] [33/391] Building C object CMakeFiles/app.dir/mnt/host/source/src/platform/ec/zephyr/subsys/ap_pwrseq/signal_gpio.c.obj
[ptlrvp_npcx:rw] [290/389] Building C object zephyr/drivers/sensor/CMakeFiles/drivers__sensor.dir/mnt/host/source/src/third_party/zephyr/main/misc/empty_file.c.obj
[ptlrvp_npcx:rw] [291/389] Linking C static library zephyr/drivers/pwm/libdrivers__pwm.a
[ptlrvp_npcx:rw] [292/389] Linking C static library zephyr/drivers/sensor/libdrivers__sensor.a
[ptlrvp_npcx:rw] [293/389] Building C object zephyr/drivers/sensor/nuvoton/nuvoton_tach_npcx/CMakeFiles/drivers__sensor__nuvoton__nuvoton_tach_npcx.dir/tach_nuvoton_npcx.c.obj
[ptlrvp_npcx:rw] [294/389] Building C object zephyr/drivers/serial/CMakeFiles/drivers__serial.dir/uart_npcx.c.obj
[ptlrvp_npcx:rw] [295/389] Linking C static library zephyr/drivers/serial/libdrivers__serial.a
[ptlrvp_npcx:rw] [296/389] Building C object zephyr/drivers/syscon/CMakeFiles/drivers__syscon.dir/syscon.c.obj
[ptlrvp_npcx:rw] [297/389] Linking C static library zephyr/drivers/sensor/nuvoton/nuvoton_tach_npcx/libdrivers__sensor__nuvoton__nuvoton_tach_npcx.a
[ptlrvp_npcx:rw] [298/389] Building C object zephyr/drivers/timer/CMakeFiles/drivers__timer.dir/sys_clock_init.c.obj
[ocelotrvp-ite:ro] [34/391] Building C object CMakeFiles/app.dir/mnt/host/source/src/platform/ec/zephyr/subsys/ap_pwrseq/signal_vw.c.obj
[ptlrvp_npcx:rw] [299/389] Building C object zephyr/drivers/timer/CMakeFiles/drivers__timer.dir/npcx_itim_timer.c.obj
[ptlrvp_npcx:rw] [300/389] Linking C static library zephyr/drivers/timer/libdrivers__timer.a
[ptlrvp_npcx:rw] [301/389] Linking C static library zephyr/drivers/syscon/libdrivers__syscon.a
[ptlrvp_npcx:rw] [302/389] Building C object zephyr/drivers/watchdog/CMakeFiles/drivers__watchdog.dir/wdt_npcx.c.obj
[ptlrvp_npcx:rw] [303/389] Building C object zephyr/drivers/watchdog/CMakeFiles/drivers__watchdog.dir/wdt_shell.c.obj
[ptlrvp_npcx:rw] [304/389] Building C object modules/ec/zephyr/CMakeFiles/ec_shim.dir/app/ec/ec_app_main.c.obj
[ptlrvp_npcx:ro] [190/389] Building ASM object zephyr/arch/arch/arm/core/cortex_m/CMakeFiles/arch__arm__core__cortex_m.dir/vector_table.S.obj
[bluey:ro] [19/336] Building C object CMakeFiles/app.dir/mnt/host/source/src/platform/ec/build/zephyr/bluey/modules/ec/common/printf.c.obj
[ptlrvp_npcx:rw] [305/389] Building C object modules/ec/zephyr/CMakeFiles/ec_shim.dir/app/ec/main_shim.c.obj
[ocelotrvp-ite:rw] [24/391] Building CXX object modules/pigweed/pw_log_zephyr/CMakeFiles/pw_log_zephyr.dir/log_zephyr.cc.obj
[ptlrvp_npcx:rw] [306/389] Building C object modules/ec/zephyr/CMakeFiles/ec_shim.dir/drivers/cros_flash/cros_flash_npcx.c.obj
[ptlrvp_npcx:rw] [307/389] Building C object modules/ec/zephyr/CMakeFiles/ec_shim.dir/drivers/cros_system/cros_system_npcx.c.obj
[ocelotrvp-ite:rw] [25/391] Linking CXX static library modules/pigweed/pw_log_zephyr/libpw_log_zephyr.a
[ptlrvp_npcx:rw] [308/389] Building C object modules/ec/zephyr/CMakeFiles/ec_shim.dir/drivers/keyboard_input/keyboard_input.c.obj
[ptlrvp_npcx:rw] [309/389] Linking C static library zephyr/drivers/watchdog/libdrivers__watchdog.a
[ptlrvp_npcx:rw] [310/389] Building C object modules/ec/zephyr/CMakeFiles/ec_shim.dir/drivers/keyboard_input/keyboard_customization_check.c.obj
[ptlrvp_npcx:rw] [311/389] Building C object modules/ec/zephyr/CMakeFiles/ec_shim.dir/drivers/keyboard_input/col_gpio_drive.c.obj
[ptlrvp_npcx:rw] [312/389] Building C object modules/ec/zephyr/CMakeFiles/ec_shim.dir/drivers/usbc/pdc_rts54xx.c.obj
[ptlrvp_npcx:rw] [313/389] Building C object modules/ec/zephyr/CMakeFiles/ec_shim.dir/drivers/usbc/ucsi_v3.c.obj
[ocelotrvp-ite:rw] [26/391] Linking CXX static library modules/ec/zephyr/drivers/pw_transport/libpw_transport.proto.nanopb.a
[ptlrvp_npcx:rw] [314/389] Building C object modules/ec/zephyr/CMakeFiles/ec_shim.dir/drivers/boot_keys/boot_keys.c.obj
[ptlrvp_npcx:rw] [315/389] Building C object modules/ec/zephyr/CMakeFiles/ec_shim.dir/drivers/runtime_keys/runtime_keys.c.obj
[ptlrvp_npcx:rw] [316/389] Building C object modules/ec/zephyr/CMakeFiles/ec_shim.dir/drivers/vivaldi_kbd/vivaldi_kbd.c.obj
[ptlrvp_npcx:rw] [317/389] Building C object modules/ec/zephyr/CMakeFiles/ec_shim.dir/shim/chip/npcx/clock.c.obj
[ocelotrvp-ite:rw] [27/391] Linking CXX static library modules/ec/zephyr/drivers/dsp_comms/libdsp_comms.proto.nanopb.a
[ptlrvp_npcx:rw] [318/389] Building C object modules/ec/zephyr/CMakeFiles/ec_shim.dir/shim/chip/npcx/gpio.c.obj
[ptlrvp_npcx:rw] [319/389] Building C object modules/ec/zephyr/CMakeFiles/ec_shim.dir/shim/chip/npcx/rom_chip.c.obj
[ptlrvp_npcx:rw] [320/389] Building C object modules/ec/zephyr/CMakeFiles/ec_shim.dir/shim/chip/npcx/system.c.obj
[ptlrvp_npcx:rw] [321/389] Building C object modules/ec/zephyr/CMakeFiles/ec_shim.dir/shim/chip/npcx/system_external_storage.c.obj
[ptlrvp_npcx:rw] [322/389] Building C object modules/ec/zephyr/CMakeFiles/ec_shim.dir/shim/chip/npcx/power_policy.c.obj
[ptlrvp_npcx:rw] [323/389] Building C object modules/ec/zephyr/CMakeFiles/ec_shim.dir/shim/core/cortex-m/panic.c.obj
[ptlrvp_npcx:rw] [324/389] Building C object modules/ec/zephyr/CMakeFiles/ec_shim.dir/shim/core/cortex-m/mpu.c.obj
[ptlrvp_npcx:rw] [325/389] Building C object modules/ec/zephyr/CMakeFiles/ec_shim.dir/shim/src/console.c.obj
[ptlrvp_npcx:rw] [326/389] Building C object modules/ec/zephyr/CMakeFiles/ec_shim.dir/shim/src/crc.c.obj
[ptlrvp_npcx:rw] [327/389] Building C object modules/ec/zephyr/CMakeFiles/ec_shim.dir/shim/src/gpio_int.c.obj
[ptlrvp_npcx:rw] [328/389] Building C object modules/ec/zephyr/CMakeFiles/ec_shim.dir/shim/src/gpio.c.obj
[ptlrvp_npcx:rw] [329/389] Building C object modules/ec/zephyr/CMakeFiles/ec_shim.dir/shim/src/panic_utils.c.obj
[ptlrvp_npcx:rw] [330/389] Building C object modules/ec/zephyr/CMakeFiles/ec_shim.dir/shim/src/cbi/cros_cbi.c.obj
[ptlrvp_npcx:rw] [331/389] Building C object modules/ec/zephyr/CMakeFiles/ec_shim.dir/shim/src/pm_state.c.obj
[ptlrvp_npcx:rw] [332/389] Building C object modules/ec/zephyr/CMakeFiles/ec_shim.dir/shim/src/cbi/cbi_flash.c.obj
[ptlrvp_npcx:rw] [333/389] Building C object modules/ec/zephyr/CMakeFiles/ec_shim.dir/shim/src/system.c.obj
[ptlrvp_npcx:rw] [334/389] Building C object modules/ec/zephyr/CMakeFiles/ec_shim.dir/shim/src/popcountsi2.c.obj
[bluey:ro] [20/336] Building C object CMakeFiles/app.dir/mnt/host/source/src/platform/ec/build/zephyr/bluey/modules/ec/common/queue.c.obj
[ptlrvp_npcx:rw] [335/389] Building C object modules/ec/zephyr/CMakeFiles/ec_shim.dir/shim/src/pdc_shim.c.obj
[ocelotrvp-ite:rw] [28/391] Generating include/generated/zephyr/offsets.h
[ptlrvp_npcx:rw] [336/389] Building C object modules/ec/zephyr/CMakeFiles/ec_shim.dir/shim/src/adc.c.obj
[ptlrvp_npcx:rw] [337/389] Building C object modules/ec/zephyr/CMakeFiles/ec_shim.dir/shim/src/battery.c.obj
[ptlrvp_npcx:rw] [338/389] Building C object modules/ec/zephyr/CMakeFiles/ec_shim.dir/shim/src/charger.c.obj
[ptlrvp_npcx:rw] [339/389] Building C object modules/ec/zephyr/CMakeFiles/ec_shim.dir/shim/src/chipset_api.c.obj
[ptlrvp_npcx:rw] [340/389] Building C object modules/ec/zephyr/CMakeFiles/ec_shim.dir/shim/src/espi.c.obj
[ptlrvp_npcx:rw] [341/389] Building C object modules/ec/zephyr/CMakeFiles/ec_shim.dir/shim/src/fan.c.obj
[bluey:rw] [17/336] Building C object CMakeFiles/app.dir/mnt/host/source/src/platform/ec/build/zephyr/bluey/modules/ec/common/gpio_commands.c.obj
[ptlrvp_npcx:rw] [342/389] Building ASM object modules/ec/zephyr/CMakeFiles/ec_shim.dir/shim/src/libgcc_arm.S.obj
[ptlrvp_npcx:rw] [343/389] Building C object modules/ec/zephyr/CMakeFiles/ec_shim.dir/shim/src/flash.c.obj
[ptlrvp_npcx:rw] [344/389] Building C object modules/ec/zephyr/CMakeFiles/ec_shim.dir/shim/src/hooks.c.obj
[ptlrvp_npcx:rw] [345/389] Building C object modules/ec/zephyr/CMakeFiles/ec_shim.dir/shim/src/host_command.c.obj
[ptlrvp_npcx:rw] [346/389] Building C object modules/ec/zephyr/CMakeFiles/ec_shim.dir/shim/src/console_buffer.c.obj
[ptlrvp_npcx:rw] [347/389] Building C object modules/ec/zephyr/CMakeFiles/ec_shim.dir/shim/src/mkbp_event.c.obj
[ptlrvp_npcx:rw] [348/389] Building C object modules/ec/zephyr/CMakeFiles/ec_shim.dir/shim/src/panic.c.obj
[ptlrvp_npcx:rw] [349/389] Building C object modules/ec/zephyr/CMakeFiles/ec_shim.dir/shim/src/temp_sensors.c.obj
[ptlrvp_npcx:rw] [350/389] Building C object modules/ec/zephyr/CMakeFiles/ec_shim.dir/shim/src/thermal.c.obj
[ptlrvp_npcx:rw] [351/389] Building C object modules/ec/zephyr/CMakeFiles/ec_shim.dir/shim/src/hwtimer.c.obj
[ptlrvp_npcx:rw] [352/389] Building C object modules/ec/zephyr/CMakeFiles/ec_shim.dir/shim/src/i2c.c.obj
[ptlrvp_npcx:rw] [353/389] Building C object modules/ec/zephyr/CMakeFiles/ec_shim.dir/shim/src/tasks.c.obj
[ptlrvp_npcx:rw] [354/389] Building C object modules/ec/zephyr/CMakeFiles/ec_shim.dir/shim/src/watchdog.c.obj
[ptlrvp_npcx:rw] [355/389] Building C object modules/ec/zephyr/CMakeFiles/ec_shim.dir/shim/src/power_host_sleep_api.c.obj
[ptlrvp_npcx:rw] [356/389] Building C object zephyr/kernel/CMakeFiles/kernel.dir/main_weak.c.obj
[ptlrvp_npcx:rw] [357/389] Building C object zephyr/kernel/CMakeFiles/kernel.dir/banner.c.obj
[ptlrvp_npcx:rw] [358/389] Building C object zephyr/kernel/CMakeFiles/kernel.dir/busy_wait.c.obj
[ptlrvp_npcx:rw] [359/389] Building C object zephyr/kernel/CMakeFiles/kernel.dir/device.c.obj
[ocelotrvp-ite:ro] [35/391] Building C object CMakeFiles/app.dir/mnt/host/source/src/platform/ec/zephyr/subsys/ap_pwrseq/ap_pwrseq.c.obj
[ptlrvp_npcx:rw] [360/389] Building C object zephyr/kernel/CMakeFiles/kernel.dir/errno.c.obj
[ptlrvp_npcx:ro] [191/389] Building ASM object zephyr/arch/arch/arm/core/cortex_m/CMakeFiles/arch__arm__core__cortex_m.dir/swap_helper.S.obj
[ptlrvp_npcx:rw] [361/389] Building C object zephyr/kernel/CMakeFiles/kernel.dir/fatal.c.obj
[ptlrvp_npcx:ro] [192/389] Building C object zephyr/arch/arch/arm/core/cortex_m/CMakeFiles/arch__arm__core__cortex_m.dir/irq_manage.c.obj
[ocelotrvp-ite:ro] [36/391] Building C object CMakeFiles/app.dir/mnt/host/source/src/platform/ec/zephyr/subsys/ap_pwrseq/ap_pwrseq_sm.c.obj
[ptlrvp_npcx:ro] [193/389] Building C object zephyr/arch/arch/arm/core/cortex_m/CMakeFiles/arch__arm__core__cortex_m.dir/prep_c.c.obj
[ptlrvp_npcx:rw] [362/389] Building C object zephyr/kernel/CMakeFiles/kernel.dir/init.c.obj
[ptlrvp_npcx:ro] [194/389] Building C object zephyr/arch/arch/arm/core/cortex_m/CMakeFiles/arch__arm__core__cortex_m.dir/thread.c.obj
[ptlrvp_npcx:ro] [195/389] Building C object zephyr/arch/arch/arm/core/cortex_m/CMakeFiles/arch__arm__core__cortex_m.dir/cpu_idle.c.obj
[ptlrvp_npcx:rw] [363/389] Building C object zephyr/kernel/CMakeFiles/kernel.dir/kheap.c.obj
[ptlrvp_npcx:rw] [364/389] Linking C static library modules/ec/zephyr/libec_shim.a
[ptlrvp_npcx:ro] [196/389] Building C object zephyr/arch/arch/arm/core/cortex_m/CMakeFiles/arch__arm__core__cortex_m.dir/irq_init.c.obj
[ptlrvp_npcx:rw] [365/389] Building C object zephyr/kernel/CMakeFiles/kernel.dir/mem_slab.c.obj
[ptlrvp_npcx:rw] [366/389] Building C object zephyr/kernel/CMakeFiles/kernel.dir/float.c.obj
[ptlrvp_npcx:ro] [197/389] Building C object zephyr/arch/arch/arm/core/cortex_m/CMakeFiles/arch__arm__core__cortex_m.dir/isr_wrapper.c.obj
[ptlrvp_npcx:rw] [367/389] Building C object zephyr/kernel/CMakeFiles/kernel.dir/idle.c.obj
[ptlrvp_npcx:rw] [368/389] Building C object zephyr/kernel/CMakeFiles/kernel.dir/version.c.obj
[ptlrvp_npcx:rw] [369/389] Building C object zephyr/kernel/CMakeFiles/kernel.dir/mailbox.c.obj
[ptlrvp_npcx:rw] [370/389] Building C object zephyr/kernel/CMakeFiles/kernel.dir/msg_q.c.obj
[ptlrvp_npcx:rw] [371/389] Building C object zephyr/kernel/CMakeFiles/kernel.dir/mutex.c.obj
[ptlrvp_npcx:ro] [198/389] Linking C static library zephyr/arch/arch/arm/core/cortex_m/libarch__arm__core__cortex_m.a
[ptlrvp_npcx:rw] [372/389] Building C object zephyr/kernel/CMakeFiles/kernel.dir/queue.c.obj
[ptlrvp_npcx:rw] [373/389] Building C object zephyr/kernel/CMakeFiles/kernel.dir/sem.c.obj
[ptlrvp_npcx:rw] [374/389] Building C object zephyr/kernel/CMakeFiles/kernel.dir/stack.c.obj
[ptlrvp_npcx:ro] [199/389] Building C object zephyr/arch/arch/arm/core/mpu/CMakeFiles/arch__arm__core__mpu.dir/arm_core_mpu.c.obj
[ptlrvp_npcx:rw] [375/389] Building C object zephyr/kernel/CMakeFiles/kernel.dir/system_work_q.c.obj
[ptlrvp_npcx:ro] [200/389] Building C object zephyr/arch/arch/arm/core/mpu/CMakeFiles/arch__arm__core__mpu.dir/arm_mpu.c.obj
[ptlrvp_npcx:rw] [376/389] Building C object zephyr/kernel/CMakeFiles/kernel.dir/work.c.obj
[ptlrvp_npcx:rw] [377/389] Building C object zephyr/kernel/CMakeFiles/kernel.dir/condvar.c.obj
[ptlrvp_npcx:rw] [378/389] Building C object zephyr/kernel/CMakeFiles/kernel.dir/thread.c.obj
[ptlrvp_npcx:ro] [201/389] Building C object zephyr/arch/arch/arm/core/mpu/CMakeFiles/arch__arm__core__mpu.dir/arm_mpu_regions.c.obj
[ptlrvp_npcx:rw] [379/389] Building C object zephyr/kernel/CMakeFiles/kernel.dir/sched.c.obj
[ptlrvp_npcx:rw] [380/389] Building C object zephyr/kernel/CMakeFiles/kernel.dir/pipe.c.obj
[ptlrvp_npcx:rw] [381/389] Building C object zephyr/kernel/CMakeFiles/kernel.dir/spinlock_validate.c.obj
[ptlrvp_npcx:rw] [382/389] Building C object zephyr/kernel/CMakeFiles/kernel.dir/thread_monitor.c.obj
[ptlrvp_npcx:rw] [383/389] Building C object zephyr/kernel/CMakeFiles/kernel.dir/timer.c.obj
[ptlrvp_npcx:rw] [384/389] Building C object zephyr/kernel/CMakeFiles/kernel.dir/timeout.c.obj
[bluey:ro] [21/336] Building C object CMakeFiles/app.dir/mnt/host/source/src/platform/ec/build/zephyr/bluey/modules/ec/common/system.c.obj
[ptlrvp_npcx:rw] [385/389] Building C object zephyr/kernel/CMakeFiles/kernel.dir/poll.c.obj
[ptlrvp_npcx:rw] [386/389] Building C object zephyr/kernel/CMakeFiles/kernel.dir/events.c.obj
[ptlrvp_npcx:rw] [387/389] Building C object zephyr/kernel/CMakeFiles/kernel.dir/mempool.c.obj
[ptlrvp_npcx:rw] [388/389] Building C object zephyr/kernel/CMakeFiles/kernel.dir/dynamic_disabled.c.obj
[ptlrvp_npcx:ro] [202/389] Linking C static library zephyr/arch/arch/arm/core/mpu/libarch__arm__core__mpu.a
[ptlrvp_npcx:ro] [203/389] Building C object zephyr/lib/libc/common/CMakeFiles/lib__libc__common.dir/source/stdlib/abort.c.obj
[ptlrvp_npcx:ro] [204/389] Building C object zephyr/lib/libc/common/CMakeFiles/lib__libc__common.dir/source/time/asctime.c.obj
[ptlrvp_npcx:ro] [205/389] Building C object zephyr/lib/libc/common/CMakeFiles/lib__libc__common.dir/source/time/gmtime_r.c.obj
[ptlrvp_npcx:ro] [206/389] Building C object zephyr/lib/libc/common/CMakeFiles/lib__libc__common.dir/source/time/localtime_r_utc.c.obj
[ptlrvp_npcx:ro] [207/389] Building C object zephyr/lib/libc/common/CMakeFiles/lib__libc__common.dir/source/time/ctime.c.obj
[ptlrvp_npcx:ro] [208/389] Building C object zephyr/lib/libc/common/CMakeFiles/lib__libc__common.dir/source/time/time.c.obj
[ptlrvp_npcx:ro] [209/389] Generating ../../../include/generated/libc/minimal/strerror_table.h
[ptlrvp_npcx:ro] [210/389] Building C object zephyr/lib/libc/common/CMakeFiles/lib__libc__common.dir/source/stdlib/malloc.c.obj
[ptlrvp_npcx:ro] [211/389] Building C object zephyr/lib/libc/minimal/CMakeFiles/lib__libc__minimal.dir/source/stdlib/atoi.c.obj
[ptlrvp_npcx:rw] [389/389] Linking C static library zephyr/kernel/libkernel.a
[ptlrvp_npcx:ro] [212/389] Building C object zephyr/lib/libc/minimal/CMakeFiles/lib__libc__minimal.dir/source/stdlib/strtoul.c.obj
[ptlrvp_npcx:ro] [213/389] Building C object zephyr/lib/libc/minimal/CMakeFiles/lib__libc__minimal.dir/source/stdlib/strtol.c.obj
[ptlrvp_npcx:ro] [214/389] Building C object zephyr/lib/libc/minimal/CMakeFiles/lib__libc__minimal.dir/source/stdlib/strtoll.c.obj
[ptlrvp_npcx:ro] [215/389] Building C object zephyr/lib/libc/minimal/CMakeFiles/lib__libc__minimal.dir/source/stdlib/strtoull.c.obj
[ptlrvp_npcx:ro] [216/389] Building C object zephyr/lib/libc/minimal/CMakeFiles/lib__libc__minimal.dir/source/stdlib/bsearch.c.obj
[ptlrvp_npcx:ro] [217/389] Building C object zephyr/lib/libc/minimal/CMakeFiles/lib__libc__minimal.dir/source/stdlib/exit.c.obj
[ptlrvp_npcx:ro] [218/389] Building C object zephyr/lib/libc/minimal/CMakeFiles/lib__libc__minimal.dir/source/string/strerror.c.obj
[ptlrvp_npcx:ro] [219/389] Building C object zephyr/lib/libc/minimal/CMakeFiles/lib__libc__minimal.dir/source/stdlib/qsort.c.obj
[ptlrvp_npcx:ro] [220/389] Building C object zephyr/lib/libc/minimal/CMakeFiles/lib__libc__minimal.dir/source/string/strncasecmp.c.obj
[ocelotrvp-ite:rw] [29/391] Building C object CMakeFiles/app.dir/mnt/host/source/src/platform/ec/zephyr/subsys/ap_pwrseq/ap_events.c.obj
[ptlrvp_npcx:ro] [221/389] Building C object zephyr/lib/libc/minimal/CMakeFiles/lib__libc__minimal.dir/source/string/strstr.c.obj
[ptlrvp_npcx:ro] [222/389] Building C object zephyr/lib/libc/minimal/CMakeFiles/lib__libc__minimal.dir/source/string/string.c.obj
[ptlrvp_npcx:ro] [223/389] Building C object zephyr/lib/libc/minimal/CMakeFiles/lib__libc__minimal.dir/source/string/strspn.c.obj
[bluey:ro] [22/336] Building C object CMakeFiles/app.dir/mnt/host/source/src/platform/ec/build/zephyr/bluey/modules/ec/common/system_boot_time.c.obj
[ptlrvp_npcx:ro] [224/389] Building C object zephyr/lib/libc/minimal/CMakeFiles/lib__libc__minimal.dir/source/stdout/stdout_console.c.obj
[ptlrvp_npcx:ro] [225/389] Building C object zephyr/lib/libc/minimal/CMakeFiles/lib__libc__minimal.dir/source/stdout/sprintf.c.obj
[ptlrvp_npcx:ro] [226/389] Building C object zephyr/lib/libc/minimal/CMakeFiles/lib__libc__minimal.dir/source/stdout/fprintf.c.obj
[ptlrvp_npcx:ro] [227/389] Building C object zephyr/lib/libc/minimal/CMakeFiles/lib__libc__minimal.dir/source/math/sqrtf.c.obj
[bluey:rw] [18/336] Building C object CMakeFiles/app.dir/mnt/host/source/src/platform/ec/build/zephyr/bluey/modules/ec/common/peripheral.c.obj
[ptlrvp_npcx:ro] [228/389] Building C object zephyr/lib/libc/minimal/CMakeFiles/lib__libc__minimal.dir/source/math/sqrt.c.obj
[ptlrvp_npcx:ro] [229/389] Building C object zephyr/lib/libc/minimal/CMakeFiles/lib__libc__minimal.dir/source/time/gmtime.c.obj
[ptlrvp_npcx:ro] [230/389] Building C object zephyr/lib/libc/common/CMakeFiles/lib__libc__common.dir/source/string/strnlen.c.obj
[ptlrvp_npcx:ro] [231/389] Building C object zephyr/lib/posix/c_lib_ext/CMakeFiles/lib__posix__c_lib_ext.dir/fnmatch.c.obj
[ptlrvp_npcx:ro] [232/389] Building C object zephyr/lib/posix/c_lib_ext/CMakeFiles/lib__posix__c_lib_ext.dir/getentropy.c.obj
[ptlrvp_npcx:ro] [233/389] Building C object zephyr/lib/posix/c_lib_ext/CMakeFiles/lib__posix__c_lib_ext.dir/getopt_shim.c.obj
[ptlrvp_npcx:ro] [234/389] Linking C static library zephyr/lib/libc/common/liblib__libc__common.a
[ptlrvp_npcx:ro] [235/389] Building C object zephyr/lib/smf/CMakeFiles/lib__smf.dir/smf.c.obj
[ptlrvp_npcx:ro] [236/389] Linking C static library zephyr/lib/libc/minimal/liblib__libc__minimal.a
[ptlrvp_npcx:ro] [237/389] Linking C static library zephyr/lib/posix/c_lib_ext/liblib__posix__c_lib_ext.a
[ptlrvp_npcx:ro] [238/389] Building C object zephyr/subsys/crc/CMakeFiles/subsys__crc.dir/crc4_sw.c.obj
[ptlrvp_npcx:ro] [239/389] Building C object zephyr/subsys/crc/CMakeFiles/subsys__crc.dir/crc8_sw.c.obj
[ptlrvp_npcx:ro] [240/389] Building C object zephyr/subsys/crc/CMakeFiles/subsys__crc.dir/crc7_sw.c.obj
[ptlrvp_npcx:ro] [241/389] Building C object zephyr/subsys/crc/CMakeFiles/subsys__crc.dir/crc16_sw.c.obj
[ptlrvp_npcx:ro] [242/389] Building C object zephyr/subsys/crc/CMakeFiles/subsys__crc.dir/crc24_sw.c.obj
[ptlrvp_npcx:ro] [243/389] Linking C static library zephyr/lib/smf/liblib__smf.a
[ptlrvp_npcx:ro] [244/389] Building C object zephyr/subsys/crc/CMakeFiles/subsys__crc.dir/crc32c_sw.c.obj
[ptlrvp_npcx:ro] [245/389] Building C object zephyr/subsys/crc/CMakeFiles/subsys__crc.dir/crc32_sw.c.obj
[ptlrvp_npcx:ro] [246/389] Building C object zephyr/subsys/crc/CMakeFiles/subsys__crc.dir/crc32k_4_2_sw.c.obj
[ptlrvp_npcx:ro] [247/389] Building C object zephyr/subsys/input/CMakeFiles/subsys__input.dir/input.c.obj
[ptlrvp_npcx:ro] [248/389] Building C object zephyr/subsys/input/CMakeFiles/subsys__input.dir/input_hid.c.obj
[ptlrvp_npcx:ro] [249/389] Building C object zephyr/drivers/interrupt_controller/CMakeFiles/drivers__interrupt_controller.dir/intc_miwu.c.obj
[ptlrvp_npcx:ro] [250/389] Building C object zephyr/subsys/input/CMakeFiles/subsys__input.dir/input_utils.c.obj
[ptlrvp_npcx:ro] [251/389] Linking C static library zephyr/drivers/interrupt_controller/libdrivers__interrupt_controller.a
[ptlrvp_npcx:ro] [252/389] Linking C static library zephyr/subsys/crc/libsubsys__crc.a
[ptlrvp_npcx:ro] [253/389] Building C object zephyr/drivers/adc/CMakeFiles/drivers__adc.dir/adc_common.c.obj
[ptlrvp_npcx:ro] [254/389] Linking C static library zephyr/subsys/input/libsubsys__input.a
[ptlrvp_npcx:ro] [255/389] Building C object zephyr/drivers/adc/CMakeFiles/drivers__adc.dir/adc_npcx.c.obj
[ptlrvp_npcx:ro] [256/389] Building C object zephyr/drivers/clock_control/CMakeFiles/drivers__clock_control.dir/clock_control_npcx.c.obj
[ptlrvp_npcx:ro] [257/389] Building C object zephyr/drivers/bbram/CMakeFiles/drivers__bbram.dir/bbram_npcx.c.obj
[ptlrvp_npcx:ro] [258/389] Linking C static library zephyr/drivers/clock_control/libdrivers__clock_control.a
[ptlrvp_npcx:ro] [259/389] Building C object zephyr/drivers/console/CMakeFiles/drivers__console.dir/uart_console.c.obj
[ocelotrvp-ite:ro] [37/391] Building C object CMakeFiles/app.dir/mnt/host/source/src/platform/ec/zephyr/subsys/ap_pwrseq/power_host_sleep.c.obj
[ptlrvp_npcx:ro] [260/389] Linking C static library zephyr/drivers/adc/libdrivers__adc.a
[ptlrvp_npcx:ro] [261/389] Building C object zephyr/drivers/espi/CMakeFiles/drivers__espi.dir/espi_npcx.c.obj
[ptlrvp_npcx:ro] [262/389] Linking C static library zephyr/drivers/bbram/libdrivers__bbram.a
[ptlrvp_npcx:ro] [263/389] Building C object zephyr/drivers/flash/CMakeFiles/drivers__flash.dir/jesd216.c.obj
[ptlrvp_npcx:ro] [264/389] Building C object zephyr/drivers/espi/CMakeFiles/drivers__espi.dir/host_subs_npcx.c.obj
[ptlrvp_npcx:ro] [265/389] Building C object zephyr/drivers/flash/CMakeFiles/drivers__flash.dir/flash_npcx_fiu_nor.c.obj
[ptlrvp_npcx:ro] [266/389] Linking C static library zephyr/drivers/console/libdrivers__console.a
[ptlrvp_npcx:ro] [267/389] Building C object zephyr/drivers/flash/CMakeFiles/drivers__flash.dir/flash_npcx_fiu_qspi.c.obj
[ptlrvp_npcx:ro] [268/389] Building C object zephyr/drivers/gpio/CMakeFiles/drivers__gpio.dir/gpio_ite_it8801.c.obj
[ptlrvp_npcx:ro] [269/389] Building C object zephyr/drivers/gpio/CMakeFiles/drivers__gpio.dir/gpio_npcx.c.obj
[bluey:ro] [23/336] Building C object CMakeFiles/app.dir/mnt/host/source/src/platform/ec/build/zephyr/bluey/modules/ec/common/uart_printf.c.obj
[ptlrvp_npcx:ro] [270/389] Building C object zephyr/drivers/gpio/CMakeFiles/drivers__gpio.dir/gpio_pca95xx.c.obj
[ptlrvp_npcx:ro] [271/389] Linking C static library zephyr/drivers/espi/libdrivers__espi.a
[ptlrvp_npcx:ro] [272/389] Linking C static library zephyr/drivers/flash/libdrivers__flash.a
[ptlrvp_npcx:ro] [273/389] Building C object zephyr/drivers/i2c/CMakeFiles/drivers__i2c.dir/i2c_common.c.obj
[ptlrvp_npcx:ro] [274/389] Linking C static library zephyr/drivers/gpio/libdrivers__gpio.a
[ptlrvp_npcx:ro] [275/389] Building C object zephyr/drivers/i2c/CMakeFiles/drivers__i2c.dir/i2c_shell.c.obj
[ptlrvp_npcx:ro] [276/389] Building C object zephyr/drivers/i2c/CMakeFiles/drivers__i2c.dir/i2c_npcx_controller.c.obj
[ptlrvp_npcx:ro] [277/389] Building C object zephyr/drivers/i2c/CMakeFiles/drivers__i2c.dir/i2c_npcx_controller_fifo.c.obj
[ocelotrvp-ite:ro] [38/391] Building C object CMakeFiles/app.dir/mnt/host/source/src/platform/ec/zephyr/subsys/ap_pwrseq/x86_non_dsx_common_pwrseq_sm_handler.c.obj
[ptlrvp_npcx:ro] [278/389] Building C object zephyr/drivers/i2c/CMakeFiles/drivers__i2c.dir/i2c_npcx_port.c.obj
[ptlrvp_npcx:ro] [279/389] Building C object zephyr/drivers/input/CMakeFiles/drivers__input.dir/input_kbd_matrix.c.obj
[ptlrvp_npcx:ro] [280/389] Building C object zephyr/drivers/input/CMakeFiles/drivers__input.dir/input_npcx_kbd.c.obj
[ptlrvp_npcx:ro] [281/389] Building C object zephyr/drivers/mfd/CMakeFiles/drivers__mfd.dir/mfd_ite_it8801.c.obj
[ptlrvp_npcx:ro] [282/389] Building C object zephyr/drivers/mfd/CMakeFiles/drivers__mfd.dir/mfd_it8801_altctrl.c.obj
[ptlrvp_npcx:ro] [283/389] Linking C static library zephyr/drivers/input/libdrivers__input.a
[ptlrvp_npcx:ro] [284/389] Linking C static library zephyr/drivers/i2c/libdrivers__i2c.a
[ptlrvp_npcx:ro] [285/389] Building C object zephyr/drivers/pinctrl/CMakeFiles/drivers__pinctrl.dir/common.c.obj
[ptlrvp_npcx:ro] [286/389] Building C object zephyr/drivers/pinctrl/CMakeFiles/drivers__pinctrl.dir/pinctrl_npcx.c.obj
[ptlrvp_npcx:ro] [287/389] Building C object zephyr/drivers/pwm/CMakeFiles/drivers__pwm.dir/pwm_npcx.c.obj
[bluey:ro] [24/336] Building C object CMakeFiles/app.dir/mnt/host/source/src/platform/ec/build/zephyr/bluey/modules/ec/common/util.c.obj
[ptlrvp_npcx:ro] [288/389] Linking C static library zephyr/drivers/mfd/libdrivers__mfd.a
[ptlrvp_npcx:ro] [289/389] Building C object zephyr/drivers/sensor/CMakeFiles/drivers__sensor.dir/mnt/host/source/src/third_party/zephyr/main/misc/empty_file.c.obj
[ptlrvp_npcx:ro] [290/389] Linking C static library zephyr/drivers/pinctrl/libdrivers__pinctrl.a
[ptlrvp_npcx:ro] [291/389] Linking C static library zephyr/drivers/pwm/libdrivers__pwm.a
[ptlrvp_npcx:ro] [292/389] Building C object zephyr/drivers/sensor/nuvoton/nuvoton_tach_npcx/CMakeFiles/drivers__sensor__nuvoton__nuvoton_tach_npcx.dir/tach_nuvoton_npcx.c.obj
[ptlrvp_npcx:ro] [293/389] Linking C static library zephyr/drivers/sensor/libdrivers__sensor.a
[ptlrvp_npcx:ro] [294/389] Building C object zephyr/drivers/serial/CMakeFiles/drivers__serial.dir/uart_npcx.c.obj
[bluey:rw] [19/336] Building C object CMakeFiles/app.dir/mnt/host/source/src/platform/ec/build/zephyr/bluey/modules/ec/common/printf.c.obj
[ptlrvp_npcx:ro] [295/389] Building C object zephyr/drivers/syscon/CMakeFiles/drivers__syscon.dir/syscon.c.obj
[/mnt/host/source/src/platform/ec/build/zephyr/caboc-lcov]   /mnt/host/source/src/platform/ec/build/zephyr/caboc/build-rw/modules/ec/zephyr/CMakeFiles/ec_shim.dir/drivers/keyboard_input/keyboard_customization_check.c.gcno:no functions found
[/mnt/host/source/src/platform/ec/build/zephyr/caboc-lcov] stderr:
[ptlrvp_npcx:ro] [296/389] Linking C static library zephyr/drivers/sensor/nuvoton/nuvoton_tach_npcx/libdrivers__sensor__nuvoton__nuvoton_tach_npcx.a
[ptlrvp_npcx:ro] [297/389] Linking C static library zephyr/drivers/syscon/libdrivers__syscon.a
[ptlrvp_npcx:ro] [298/389] Building C object zephyr/drivers/timer/CMakeFiles/drivers__timer.dir/sys_clock_init.c.obj
[ptlrvp_npcx:ro] [299/389] Building C object zephyr/drivers/timer/CMakeFiles/drivers__timer.dir/npcx_itim_timer.c.obj
[ptlrvp_npcx:ro] [300/389] Building C object zephyr/drivers/watchdog/CMakeFiles/drivers__watchdog.dir/wdt_npcx.c.obj
[ptlrvp_npcx:ro] [301/389] Building C object zephyr/drivers/watchdog/CMakeFiles/drivers__watchdog.dir/wdt_shell.c.obj
[ocelotrvp-ite:rw] [30/391] Building C object CMakeFiles/app.dir/mnt/host/source/src/platform/ec/zephyr/subsys/ap_pwrseq/ap_power_interface.c.obj
[ptlrvp_npcx:ro] [302/389] Linking C static library zephyr/drivers/serial/libdrivers__serial.a
[ptlrvp_npcx:ro] [303/389] Building C object modules/ec/zephyr/CMakeFiles/ec_shim.dir/app/ec/ec_app_main.c.obj
[ptlrvp_npcx:ro] [304/389] Linking C static library zephyr/drivers/timer/libdrivers__timer.a
[ptlrvp_npcx:ro] [305/389] Building C object modules/ec/zephyr/CMakeFiles/ec_shim.dir/app/ec/main_shim.c.obj
[ptlrvp_npcx:ro] [306/389] Building C object modules/ec/zephyr/CMakeFiles/ec_shim.dir/drivers/cros_flash/cros_flash_npcx.c.obj
[ptlrvp_npcx:ro] [307/389] Linking C static library zephyr/drivers/watchdog/libdrivers__watchdog.a
[ptlrvp_npcx:ro] [308/389] Building C object modules/ec/zephyr/CMakeFiles/ec_shim.dir/drivers/cros_system/cros_system_npcx.c.obj
[ptlrvp_npcx:ro] [309/389] Building C object modules/ec/zephyr/CMakeFiles/ec_shim.dir/drivers/keyboard_input/keyboard_input.c.obj
[ptlrvp_npcx:ro] [310/389] Building C object modules/ec/zephyr/CMakeFiles/ec_shim.dir/drivers/keyboard_input/keyboard_customization_check.c.obj
[ptlrvp_npcx:ro] [311/389] Building C object modules/ec/zephyr/CMakeFiles/ec_shim.dir/drivers/keyboard_input/col_gpio_drive.c.obj
[ptlrvp_npcx:ro] [312/389] Building C object modules/ec/zephyr/CMakeFiles/ec_shim.dir/drivers/usbc/pdc_rts54xx.c.obj
[ptlrvp_npcx:ro] [313/389] Building C object modules/ec/zephyr/CMakeFiles/ec_shim.dir/drivers/usbc/ucsi_v3.c.obj
[ptlrvp_npcx:ro] [314/389] Building C object modules/ec/zephyr/CMakeFiles/ec_shim.dir/drivers/boot_keys/boot_keys.c.obj
[ptlrvp_npcx:ro] [315/389] Building C object modules/ec/zephyr/CMakeFiles/ec_shim.dir/drivers/runtime_keys/runtime_keys.c.obj
[ptlrvp_npcx:ro] [316/389] Building C object modules/ec/zephyr/CMakeFiles/ec_shim.dir/drivers/vivaldi_kbd/vivaldi_kbd.c.obj
[ptlrvp_npcx:ro] [317/389] Building C object modules/ec/zephyr/CMakeFiles/ec_shim.dir/shim/chip/npcx/clock.c.obj
[ptlrvp_npcx:ro] [318/389] Building C object modules/ec/zephyr/CMakeFiles/ec_shim.dir/shim/chip/npcx/gpio.c.obj
[ptlrvp_npcx:ro] [319/389] Building C object modules/ec/zephyr/CMakeFiles/ec_shim.dir/shim/chip/npcx/rom_chip.c.obj
[ptlrvp_npcx:ro] [320/389] Building C object modules/ec/zephyr/CMakeFiles/ec_shim.dir/shim/chip/npcx/system.c.obj
[ptlrvp_npcx:ro] [321/389] Building C object modules/ec/zephyr/CMakeFiles/ec_shim.dir/shim/chip/npcx/system_external_storage.c.obj
[ptlrvp_npcx:ro] [322/389] Building C object modules/ec/zephyr/CMakeFiles/ec_shim.dir/shim/chip/npcx/power_policy.c.obj
[ptlrvp_npcx:ro] [323/389] Building C object modules/ec/zephyr/CMakeFiles/ec_shim.dir/shim/core/cortex-m/panic.c.obj
[ptlrvp_npcx:ro] [324/389] Building C object modules/ec/zephyr/CMakeFiles/ec_shim.dir/shim/core/cortex-m/mpu.c.obj
[ptlrvp_npcx:ro] [325/389] Building C object modules/ec/zephyr/CMakeFiles/ec_shim.dir/shim/src/console.c.obj
[ptlrvp_npcx:ro] [326/389] Building C object modules/ec/zephyr/CMakeFiles/ec_shim.dir/shim/src/crc.c.obj
[ptlrvp_npcx:ro] [327/389] Building C object modules/ec/zephyr/CMakeFiles/ec_shim.dir/shim/src/gpio.c.obj
[ptlrvp_npcx:ro] [328/389] Building C object modules/ec/zephyr/CMakeFiles/ec_shim.dir/shim/src/panic_utils.c.obj
[ptlrvp_npcx:ro] [329/389] Building C object modules/ec/zephyr/CMakeFiles/ec_shim.dir/shim/src/gpio_int.c.obj
[ptlrvp_npcx:ro] [330/389] Building C object modules/ec/zephyr/CMakeFiles/ec_shim.dir/shim/src/pm_state.c.obj
[ptlrvp_npcx:ro] [331/389] Building C object modules/ec/zephyr/CMakeFiles/ec_shim.dir/shim/src/cbi/cros_cbi.c.obj
[ptlrvp_npcx:ro] [332/389] Building C object modules/ec/zephyr/CMakeFiles/ec_shim.dir/shim/src/cbi/cbi_flash.c.obj
[ptlrvp_npcx:ro] [333/389] Building C object modules/ec/zephyr/CMakeFiles/ec_shim.dir/shim/src/system.c.obj
[ptlrvp_npcx:ro] [334/389] Building C object modules/ec/zephyr/CMakeFiles/ec_shim.dir/shim/src/popcountsi2.c.obj
[ptlrvp_npcx:ro] [335/389] Building C object modules/ec/zephyr/CMakeFiles/ec_shim.dir/shim/src/pdc_shim.c.obj
[ptlrvp_npcx:ro] [336/389] Building C object modules/ec/zephyr/CMakeFiles/ec_shim.dir/shim/src/battery.c.obj
[ptlrvp_npcx:ro] [337/389] Building C object modules/ec/zephyr/CMakeFiles/ec_shim.dir/shim/src/adc.c.obj
[ptlrvp_npcx:ro] [338/389] Building C object modules/ec/zephyr/CMakeFiles/ec_shim.dir/shim/src/charger.c.obj
[ptlrvp_npcx:ro] [339/389] Building C object modules/ec/zephyr/CMakeFiles/ec_shim.dir/shim/src/chipset_api.c.obj
[ptlrvp_npcx:ro] [340/389] Building C object modules/ec/zephyr/CMakeFiles/ec_shim.dir/shim/src/espi.c.obj
[ptlrvp_npcx:ro] [341/389] Building C object modules/ec/zephyr/CMakeFiles/ec_shim.dir/shim/src/fan.c.obj
[ptlrvp_npcx:ro] [342/389] Building C object modules/ec/zephyr/CMakeFiles/ec_shim.dir/shim/src/flash.c.obj
[ptlrvp_npcx:ro] [343/389] Building C object modules/ec/zephyr/CMakeFiles/ec_shim.dir/shim/src/hooks.c.obj
[ptlrvp_npcx:ro] [344/389] Building C object modules/ec/zephyr/CMakeFiles/ec_shim.dir/shim/src/host_command.c.obj
[ptlrvp_npcx:ro] [345/389] Building C object modules/ec/zephyr/CMakeFiles/ec_shim.dir/shim/src/console_buffer.c.obj
[ptlrvp_npcx:ro] [346/389] Building C object modules/ec/zephyr/CMakeFiles/ec_shim.dir/shim/src/mkbp_event.c.obj
[ocelotrvp-ite:ro] [39/391] Building C object CMakeFiles/app.dir/mnt/host/source/src/platform/ec/zephyr/subsys/ap_pwrseq/x86_non_dsx_chipset_power_state.c.obj
[bluey:ro] [25/336] Building C object CMakeFiles/app.dir/mnt/host/source/src/platform/ec/build/zephyr/bluey/modules/ec/common/version.c.obj
[ptlrvp_npcx:ro] [347/389] Building C object modules/ec/zephyr/CMakeFiles/ec_shim.dir/shim/src/panic.c.obj
[ptlrvp_npcx:ro] [348/389] Building C object modules/ec/zephyr/CMakeFiles/ec_shim.dir/shim/src/temp_sensors.c.obj
[ptlrvp_npcx:ro] [349/389] Building C object modules/ec/zephyr/CMakeFiles/ec_shim.dir/shim/src/thermal.c.obj
[ptlrvp_npcx:ro] [350/389] Building ASM object modules/ec/zephyr/CMakeFiles/ec_shim.dir/shim/src/libgcc_arm.S.obj
[ptlrvp_npcx:ro] [351/389] Building C object modules/ec/zephyr/CMakeFiles/ec_shim.dir/shim/src/hwtimer.c.obj
[ptlrvp_npcx:ro] [352/389] Building C object modules/ec/zephyr/CMakeFiles/ec_shim.dir/shim/src/tasks.c.obj
[ptlrvp_npcx:ro] [353/389] Building C object modules/ec/zephyr/CMakeFiles/ec_shim.dir/shim/src/i2c.c.obj
[ptlrvp_npcx:ro] [354/389] Building C object modules/ec/zephyr/CMakeFiles/ec_shim.dir/shim/src/watchdog.c.obj
[ptlrvp_npcx:ro] [355/389] Building C object modules/ec/zephyr/CMakeFiles/ec_shim.dir/shim/src/power_host_sleep_api.c.obj
[ptlrvp_npcx:ro] [356/389] Building C object zephyr/kernel/CMakeFiles/kernel.dir/main_weak.c.obj
[ptlrvp_npcx:ro] [357/389] Building C object zephyr/kernel/CMakeFiles/kernel.dir/banner.c.obj
[ptlrvp_npcx:ro] [358/389] Building C object zephyr/kernel/CMakeFiles/kernel.dir/busy_wait.c.obj
[ptlrvp_npcx:ro] [359/389] Building C object zephyr/kernel/CMakeFiles/kernel.dir/device.c.obj
[ptlrvp_npcx:ro] [360/389] Building C object zephyr/kernel/CMakeFiles/kernel.dir/fatal.c.obj
[ptlrvp_npcx:ro] [361/389] Building C object zephyr/kernel/CMakeFiles/kernel.dir/errno.c.obj
[ptlrvp_npcx:ro] [362/389] Building C object zephyr/kernel/CMakeFiles/kernel.dir/kheap.c.obj
[ptlrvp_npcx:ro] [363/389] Building C object zephyr/kernel/CMakeFiles/kernel.dir/init.c.obj
[ptlrvp_npcx:ro] [364/389] Building C object zephyr/kernel/CMakeFiles/kernel.dir/mem_slab.c.obj
[ptlrvp_npcx:ro] [365/389] Building C object zephyr/kernel/CMakeFiles/kernel.dir/float.c.obj
[ptlrvp_npcx:ro] [366/389] Building C object zephyr/kernel/CMakeFiles/kernel.dir/version.c.obj
[ptlrvp_npcx:ro] [367/389] Building C object zephyr/kernel/CMakeFiles/kernel.dir/idle.c.obj
[ptlrvp_npcx:ro] [368/389] Building C object zephyr/kernel/CMakeFiles/kernel.dir/mailbox.c.obj
[ptlrvp_npcx:ro] [369/389] Building C object zephyr/kernel/CMakeFiles/kernel.dir/msg_q.c.obj
[ptlrvp_npcx:ro] [370/389] Linking C static library modules/ec/zephyr/libec_shim.a
[ptlrvp_npcx:ro] [371/389] Building C object zephyr/kernel/CMakeFiles/kernel.dir/mutex.c.obj
[ptlrvp_npcx:ro] [372/389] Building C object zephyr/kernel/CMakeFiles/kernel.dir/queue.c.obj
[ptlrvp_npcx:ro] [373/389] Building C object zephyr/kernel/CMakeFiles/kernel.dir/stack.c.obj
[ptlrvp_npcx:ro] [374/389] Building C object zephyr/kernel/CMakeFiles/kernel.dir/sem.c.obj
[ptlrvp_npcx:ro] [375/389] Building C object zephyr/kernel/CMakeFiles/kernel.dir/system_work_q.c.obj
[ptlrvp_npcx:ro] [376/389] Building C object zephyr/kernel/CMakeFiles/kernel.dir/work.c.obj
[ptlrvp_npcx:ro] [377/389] Building C object zephyr/kernel/CMakeFiles/kernel.dir/condvar.c.obj
[ptlrvp_npcx:ro] [378/389] Building C object zephyr/kernel/CMakeFiles/kernel.dir/thread.c.obj
[ptlrvp_npcx:ro] [379/389] Building C object zephyr/kernel/CMakeFiles/kernel.dir/sched.c.obj
[ptlrvp_npcx:ro] [380/389] Building C object zephyr/kernel/CMakeFiles/kernel.dir/spinlock_validate.c.obj
[ptlrvp_npcx:ro] [381/389] Building C object zephyr/kernel/CMakeFiles/kernel.dir/pipe.c.obj
[ptlrvp_npcx:ro] [382/389] Building C object zephyr/kernel/CMakeFiles/kernel.dir/thread_monitor.c.obj
[ptlrvp_npcx:ro] [383/389] Building C object zephyr/kernel/CMakeFiles/kernel.dir/timeout.c.obj
[ptlrvp_npcx:ro] [384/389] Building C object zephyr/kernel/CMakeFiles/kernel.dir/timer.c.obj
[bluey:rw] [20/336] Building C object CMakeFiles/app.dir/mnt/host/source/src/platform/ec/build/zephyr/bluey/modules/ec/common/queue.c.obj
[ptlrvp_npcx:ro] [385/389] Building C object zephyr/kernel/CMakeFiles/kernel.dir/events.c.obj
[ptlrvp_npcx:ro] [386/389] Building C object zephyr/kernel/CMakeFiles/kernel.dir/poll.c.obj
[bluey:ro] [26/336] Building C object CMakeFiles/app.dir/mnt/host/source/src/platform/ec/build/zephyr/bluey/modules/ec/common/adc.c.obj
[ocelotrvp-ite:ro] [40/391] Building C object CMakeFiles/app.dir/mnt/host/source/src/platform/ec/zephyr/subsys/ap_pwrseq/x86_non_dsx_common_pwrseq_host_sleep.c.obj
[ptlrvp_npcx:ro] [387/389] Building C object zephyr/kernel/CMakeFiles/kernel.dir/mempool.c.obj
[ptlrvp_npcx:ro] [388/389] Building C object zephyr/kernel/CMakeFiles/kernel.dir/dynamic_disabled.c.obj
[ptlrvp_npcx:ro] [389/389] Linking C static library zephyr/kernel/libkernel.a
[ocelotrvp-ite:rw] [31/391] Building C object CMakeFiles/app.dir/mnt/host/source/src/platform/ec/zephyr/subsys/ap_pwrseq/power_signals.c.obj
[bluey:ro] [27/336] Building C object CMakeFiles/app.dir/mnt/host/source/src/platform/ec/build/zephyr/bluey/modules/ec/common/battery.c.obj
[ocelotrvp-ite:ro] [41/391] Building C object CMakeFiles/app.dir/mnt/host/source/src/platform/ec/zephyr/subsys/ap_pwrseq/x86_non_dsx_common_pwrseq_console.c.obj
[bluey:ro] [28/336] Building C object CMakeFiles/app.dir/mnt/host/source/src/platform/ec/build/zephyr/bluey/modules/ec/common/battery_fuel_gauge.c.obj
[bluey:ro] [29/336] Building C object CMakeFiles/app.dir/mnt/host/source/src/platform/ec/build/zephyr/bluey/modules/ec/common/battery_info.c.obj
[bluey:ro] [30/336] Building C object CMakeFiles/app.dir/mnt/host/source/src/platform/ec/build/zephyr/bluey/modules/ec/common/cbi_common.c.obj
[bluey:ro] [31/336] Building C object CMakeFiles/app.dir/mnt/host/source/src/platform/ec/build/zephyr/bluey/modules/ec/driver/battery/smart.c.obj
[ocelotrvp-ite:ro] [42/391] Building C object CMakeFiles/app.dir/mnt/host/source/src/platform/ec/zephyr/subsys/ap_pwrseq/x86_non_dsx_common_pwrseq_host_command.c.obj
[bluey:rw] [21/336] Building C object CMakeFiles/app.dir/mnt/host/source/src/platform/ec/build/zephyr/bluey/modules/ec/common/system.c.obj
[bluey:ro] [32/336] Building C object CMakeFiles/app.dir/mnt/host/source/src/platform/ec/build/zephyr/bluey/modules/ec/common/cbi.c.obj
[ocelotrvp-ite:rw] [32/391] Building C object CMakeFiles/app.dir/mnt/host/source/src/platform/ec/zephyr/subsys/ap_pwrseq/signal_gpio.c.obj
[bluey:ro] [33/336] Building C object CMakeFiles/app.dir/mnt/host/source/src/platform/ec/build/zephyr/bluey/modules/ec/common/cbi_config.c.obj
[ocelotrvp-ite:ro] [43/391] Building C object CMakeFiles/app.dir/mnt/host/source/src/platform/ec/zephyr/subsys/ap_pwrseq/x86_non_dsx_mtl_pwrseq_sm.c.obj
[bluey:ro] [34/336] Building C object CMakeFiles/app.dir/mnt/host/source/src/platform/ec/build/zephyr/bluey/modules/ec/common/ap_reset_log.c.obj
[bluey:ro] [35/336] Building C object CMakeFiles/app.dir/mnt/host/source/src/platform/ec/build/zephyr/bluey/modules/ec/common/memory_commands.c.obj
[bluey:ro] [36/336] Building C object CMakeFiles/app.dir/mnt/host/source/src/platform/ec/build/zephyr/bluey/modules/ec/common/chipset.c.obj
[bluey:rw] [22/336] Building C object CMakeFiles/app.dir/mnt/host/source/src/platform/ec/build/zephyr/bluey/modules/ec/common/system_boot_time.c.obj
[ocelotrvp-ite:ro] [44/391] Building C object CMakeFiles/app.dir/mnt/host/source/src/platform/ec/zephyr/subsys/ap_pwrseq/ap_reset_log.c.obj
[/mnt/host/source/src/platform/ec/build/zephyr/matsu_it82000-lcov]   /mnt/host/source/src/platform/ec/build/zephyr/matsu_it82000/build-rw/CMakeFiles/app.dir/mnt/host/source/src/platform/ec/build/zephyr/matsu_it82000/modules/ec/common/cbi_config.c.gcno:no functions found
[/mnt/host/source/src/platform/ec/build/zephyr/matsu_it82000-lcov] stderr:
[bluey:ro] [37/336] Building C object CMakeFiles/app.dir/mnt/host/source/src/platform/ec/build/zephyr/bluey/modules/ec/common/extpower_common.c.obj
[bluey:ro] [38/336] Building C object CMakeFiles/app.dir/mnt/host/source/src/platform/ec/build/zephyr/bluey/modules/ec/common/extpower_gpio.c.obj
[ocelotrvp-ite:rw] [33/391] Building C object CMakeFiles/app.dir/mnt/host/source/src/platform/ec/zephyr/subsys/ap_pwrseq/signal_vw.c.obj
[bluey:rw] [23/336] Building C object CMakeFiles/app.dir/mnt/host/source/src/platform/ec/build/zephyr/bluey/modules/ec/common/uart_printf.c.obj
[bluey:ro] [39/336] Building C object CMakeFiles/app.dir/mnt/host/source/src/platform/ec/build/zephyr/bluey/modules/ec/common/fan.c.obj
[bluey:ro] [40/336] Building C object CMakeFiles/app.dir/mnt/host/source/src/platform/ec/build/zephyr/bluey/modules/ec/common/host_command.c.obj
[/mnt/host/source/src/platform/ec/build/zephyr/matsu_it82000-lcov]   /mnt/host/source/src/platform/ec/build/zephyr/matsu_it82000/build-rw/zephyr/arch/arch/riscv/core/CMakeFiles/arch__riscv__core.dir/cpu_idle.c.gcno:no functions found
[/mnt/host/source/src/platform/ec/build/zephyr/matsu_it82000-lcov] stderr:
[bluey:ro] [41/336] Building C object CMakeFiles/app.dir/mnt/host/source/src/platform/ec/build/zephyr/bluey/modules/ec/common/flash.c.obj
[ocelotrvp-ite:ro] [45/391] Building C object CMakeFiles/app.dir/mnt/host/source/src/platform/ec/zephyr/subsys/pd_controller/pdc_pmc_debug.c.obj
[bluey:ro] [42/336] Building C object CMakeFiles/app.dir/mnt/host/source/src/platform/ec/build/zephyr/bluey/modules/ec/common/host_command_task.c.obj
[bluey:ro] [43/336] Building C object CMakeFiles/app.dir/mnt/host/source/src/platform/ec/build/zephyr/bluey/modules/ec/common/host_event_commands.c.obj
[bluey:rw] [24/336] Building C object CMakeFiles/app.dir/mnt/host/source/src/platform/ec/build/zephyr/bluey/modules/ec/common/util.c.obj
[bluey:ro] [44/336] Building C object CMakeFiles/app.dir/mnt/host/source/src/platform/ec/build/zephyr/bluey/modules/ec/common/uart_hostcmd.c.obj
[ocelotrvp-ite:rw] [34/391] Building C object CMakeFiles/app.dir/mnt/host/source/src/platform/ec/zephyr/subsys/ap_pwrseq/ap_pwrseq.c.obj
[bluey:ro] [45/336] Building C object CMakeFiles/app.dir/mnt/host/source/src/platform/ec/build/zephyr/bluey/modules/ec/common/i2c_controller.c.obj
[bluey:ro] [46/336] Building C object CMakeFiles/app.dir/mnt/host/source/src/platform/ec/build/zephyr/bluey/modules/ec/common/uptime.c.obj
[/mnt/host/source/src/platform/ec/build/zephyr/nivviks-lcov]   /mnt/host/source/src/platform/ec/build/zephyr/nivviks/build-rw/CMakeFiles/app.dir/mnt/host/source/src/platform/ec/build/zephyr/nivviks/modules/ec/common/usb_pd_pdo.c.gcno:no functions found
[/mnt/host/source/src/platform/ec/build/zephyr/nivviks-lcov] stderr:
[/mnt/host/source/src/platform/ec/build/zephyr/matsu_it82000-lcov]   /mnt/host/source/src/platform/ec/build/zephyr/matsu_it82000/build-rw/zephyr/arch/common/CMakeFiles/isr_tables.dir/isr_tables.c.gcno:no functions found
[/mnt/host/source/src/platform/ec/build/zephyr/starmie-lcov]   /mnt/host/source/src/platform/ec/build/zephyr/starmie/build-rw/CMakeFiles/app.dir/mnt/host/source/src/platform/ec/build/zephyr/starmie/modules/ec/common/usb_pd_pdo.c.gcno:no functions found
[/mnt/host/source/src/platform/ec/build/zephyr/matsu_it82000-lcov] stderr:
[/mnt/host/source/src/platform/ec/build/zephyr/starmie-lcov] stderr:
[bluey:ro] [47/336] Building C object CMakeFiles/app.dir/mnt/host/source/src/platform/ec/build/zephyr/bluey/modules/ec/common/i2c_passthru.c.obj
[bluey:ro] [48/336] Building C object CMakeFiles/app.dir/mnt/host/source/src/platform/ec/build/zephyr/bluey/modules/ec/common/mkbp_fifo.c.obj
[ocelotrvp-ite:ro] [46/391] Building C object CMakeFiles/app.dir/mnt/host/source/src/platform/ec/zephyr/subsys/pd_controller/pdc_console.c.obj
[ocelotrvp-ite:ro] [47/391] Building C object CMakeFiles/app.dir/mnt/host/source/src/platform/ec/zephyr/subsys/pd_controller/pdc_power_mgmt.c.obj
[bluey:ro] [49/336] Building C object CMakeFiles/app.dir/mnt/host/source/src/platform/ec/build/zephyr/bluey/modules/ec/common/mkbp_info.c.obj
[bluey:rw] [25/336] Building C object CMakeFiles/app.dir/mnt/host/source/src/platform/ec/build/zephyr/bluey/modules/ec/common/version.c.obj
[ocelotrvp-ite:rw] [35/391] Building C object CMakeFiles/app.dir/mnt/host/source/src/platform/ec/zephyr/subsys/ap_pwrseq/ap_pwrseq_sm.c.obj
[bluey:ro] [50/336] Building C object CMakeFiles/app.dir/mnt/host/source/src/platform/ec/build/zephyr/bluey/modules/ec/common/mkbp_input_devices.c.obj
[bluey:ro] [51/336] Building C object CMakeFiles/app.dir/mnt/host/source/src/platform/ec/build/zephyr/bluey/modules/ec/common/lid_switch.c.obj
[bluey:ro] [52/336] Building C object CMakeFiles/app.dir/mnt/host/source/src/platform/ec/build/zephyr/bluey/modules/ec/common/mkbp_event.c.obj
[bluey:ro] [53/336] Building C object CMakeFiles/app.dir/mnt/host/source/src/platform/ec/build/zephyr/bluey/modules/ec/common/power_button.c.obj
[bluey:ro] [54/336] Building C object CMakeFiles/app.dir/mnt/host/source/src/platform/ec/build/zephyr/bluey/modules/ec/power/common.c.obj
[ocelotrvp-ite:ro] [48/391] Building C object CMakeFiles/app.dir/mnt/host/source/src/platform/ec/zephyr/subsys/pd_controller/pdc_stub.c.obj
[/mnt/host/source/src/platform/ec/build/zephyr/caboc-lcov]   /mnt/host/source/src/platform/ec/build/zephyr/caboc/build-rw/CMakeFiles/app.dir/mnt/host/source/src/platform/ec/build/zephyr/caboc/modules/ec/common/cbi_config.c.gcno:no functions found
[/mnt/host/source/src/platform/ec/build/zephyr/caboc-lcov] stderr:
[ocelotrvp-ite:ro] [49/391] Building C object CMakeFiles/app.dir/mnt/host/source/src/platform/ec/zephyr/subsys/pd_controller/pdc_host_cmd.c.obj
[bluey:rw] [26/336] Building C object CMakeFiles/app.dir/mnt/host/source/src/platform/ec/build/zephyr/bluey/modules/ec/common/adc.c.obj
[ocelotrvp-ite:rw] [36/391] Building C object CMakeFiles/app.dir/mnt/host/source/src/platform/ec/zephyr/subsys/ap_pwrseq/power_host_sleep.c.obj
[bluey:ro] [55/336] Building C object CMakeFiles/app.dir/mnt/host/source/src/platform/ec/build/zephyr/bluey/modules/ec/power/host_sleep.c.obj
[bluey:ro] [56/336] Building C object CMakeFiles/app.dir/mnt/host/source/src/platform/ec/build/zephyr/bluey/modules/ec/power/qcom_exp.c.obj
[bluey:ro] [57/336] Building C object CMakeFiles/app.dir/mnt/host/source/src/platform/ec/build/zephyr/bluey/modules/ec/common/sha256.c.obj
[bluey:ro] [58/336] Building C object CMakeFiles/app.dir/mnt/host/source/src/platform/ec/build/zephyr/bluey/modules/ec/common/panic_output.c.obj
[/mnt/host/source/src/platform/ec/build/zephyr/caboc-lcov]   /mnt/host/source/src/platform/ec/build/zephyr/caboc/build-rw/zephyr/arch/arch/riscv/core/CMakeFiles/arch__riscv__core.dir/cpu_idle.c.gcno:no functions found
[/mnt/host/source/src/platform/ec/build/zephyr/caboc-lcov] stderr:
[bluey:ro] [59/336] Building C object CMakeFiles/app.dir/mnt/host/source/src/platform/ec/build/zephyr/bluey/modules/ec/common/shared_mem.c.obj
[bluey:rw] [27/336] Building C object CMakeFiles/app.dir/mnt/host/source/src/platform/ec/build/zephyr/bluey/modules/ec/common/battery.c.obj
[bluey:ro] [60/336] Building C object CMakeFiles/app.dir/mnt/host/source/src/platform/ec/build/zephyr/bluey/modules/ec/common/spi_flash_reg.c.obj
[ocelotrvp-ite:ro] [50/391] Building C object CMakeFiles/app.dir/mnt/host/source/src/platform/ec/zephyr/subsys/pd_controller/pdc_dpm.c.obj
[ocelotrvp-ite:ro] [51/391] Building C object CMakeFiles/app.dir/mnt/host/source/src/platform/ec/zephyr/subsys/pd_controller/pdc_runtime_port_config.c.obj
[bluey:ro] [61/336] Building C object CMakeFiles/app.dir/mnt/host/source/src/platform/ec/build/zephyr/bluey/modules/ec/common/switch.c.obj
[bluey:ro] [62/336] Building C object CMakeFiles/app.dir/mnt/host/source/src/platform/ec/build/zephyr/bluey/modules/ec/common/thermal.c.obj
[bluey:ro] [63/336] Building C object CMakeFiles/app.dir/mnt/host/source/src/platform/ec/build/zephyr/bluey/modules/ec/common/temp_sensor.c.obj
[ocelotrvp-ite:rw] [37/391] Building C object CMakeFiles/app.dir/mnt/host/source/src/platform/ec/zephyr/subsys/ap_pwrseq/x86_non_dsx_common_pwrseq_sm_handler.c.obj
[/mnt/host/source/src/platform/ec/build/zephyr/pujjoga-lcov]   /mnt/host/source/src/platform/ec/build/zephyr/pujjoga/build-rw/CMakeFiles/app.dir/mnt/host/source/src/platform/ec/build/zephyr/pujjoga/modules/ec/common/usb_pd_pdo.c.gcno:no functions found
[/mnt/host/source/src/platform/ec/build/zephyr/pujjoga-lcov] stderr:
[bluey:ro] [64/336] Building C object CMakeFiles/app.dir/mnt/host/source/src/platform/ec/build/zephyr/bluey/modules/ec/driver/temp_sensor/thermistor.c.obj
[bluey:rw] [28/336] Building C object CMakeFiles/app.dir/mnt/host/source/src/platform/ec/build/zephyr/bluey/modules/ec/common/battery_info.c.obj
[/mnt/host/source/src/platform/ec/build/zephyr/caboc-lcov]   /mnt/host/source/src/platform/ec/build/zephyr/caboc/build-rw/zephyr/arch/common/CMakeFiles/isr_tables.dir/isr_tables.c.gcno:no functions found
[/mnt/host/source/src/platform/ec/build/zephyr/caboc-lcov] stderr:
[bluey:ro] [65/336] Building C object CMakeFiles/app.dir/mnt/host/source/src/platform/ec/build/zephyr/bluey/modules/ec/common/timer.c.obj
[bluey:ro] [66/336] Building C object CMakeFiles/app.dir/mnt/host/source/src/platform/ec/build/zephyr/bluey/modules/ec/common/chargen.c.obj
[bluey:ro] [67/336] Building C object CMakeFiles/app.dir/mnt/host/source/src/platform/ec/build/zephyr/bluey/modules/ec/common/vboot_hash.c.obj
[bluey:ro] [68/336] Building C object CMakeFiles/app.dir/mnt/host/source/src/platform/ec/build/zephyr/bluey/modules/ec/common/vboot/efs2.c.obj
[ocelotrvp-ite:ro] [52/391] Building C object CMakeFiles/app.dir/mnt/host/source/src/platform/ec/zephyr/subsys/ucsi/ppm_console.c.obj
[ocelotrvp-ite:ro] [53/391] Building C object CMakeFiles/app.dir/mnt/host/source/src/platform/ec/zephyr/subsys/ucsi/ppm_common.c.obj
[bluey:ro] [69/336] Building C object CMakeFiles/app.dir/mnt/host/source/src/platform/ec/build/zephyr/bluey/modules/ec/common/vstore.c.obj
[ocelotrvp-ite:rw] [38/391] Building C object CMakeFiles/app.dir/mnt/host/source/src/platform/ec/zephyr/subsys/ap_pwrseq/x86_non_dsx_chipset_power_state.c.obj
[bluey:rw] [29/336] Building C object CMakeFiles/app.dir/mnt/host/source/src/platform/ec/build/zephyr/bluey/modules/ec/common/battery_fuel_gauge.c.obj
[bluey:ro] [70/336] Building C object CMakeFiles/app.dir/mnt/host/source/src/platform/ec/build/zephyr/bluey/modules/ec/common/rtc.c.obj
[bluey:ro] [71/336] Building C object CMakeFiles/app.dir/mnt/host/source/src/platform/ec/build/zephyr/bluey/modules/ec/common/math_util.c.obj
[/mnt/host/source/src/platform/ec/build/zephyr/rex-ish-ec-lcov]   /mnt/host/source/src/platform/ec/build/zephyr/rex-ish-ec/build-rw/CMakeFiles/app.dir/mnt/host/source/src/platform/ec/build/zephyr/rex-ish-ec/modules/ec/common/usb_pd_pdo.c.gcno:no functions found
[/mnt/host/source/src/platform/ec/build/zephyr/rex-ish-ec-lcov] stderr:
[bluey:ro] [72/336] Building C object CMakeFiles/app.dir/bluey/src/chipset.c.obj
[bluey:ro] [73/336] Building C object CMakeFiles/app.dir/bluey/src/fan.c.obj
[/mnt/host/source/src/platform/ec/build/zephyr/matsu_it82000-lcov]   /mnt/host/source/src/platform/ec/build/zephyr/matsu_it82000/build-rw/zephyr/CMakeFiles/zephyr.dir/subsys/shell/modules/kernel_service/kernel_shell.c.gcno:no functions found
[/mnt/host/source/src/platform/ec/build/zephyr/matsu_it82000-lcov] stderr:
[bluey:ro] [74/336] Building C object CMakeFiles/app.dir/src/battery.c.obj
[ocelotrvp-ite:ro] [54/391] Building C object CMakeFiles/app.dir/mnt/host/source/src/platform/ec/zephyr/subsys/ucsi/ucsi_host_cmd.c.obj
[bluey:rw] [30/336] Building C object CMakeFiles/app.dir/mnt/host/source/src/platform/ec/build/zephyr/bluey/modules/ec/driver/battery/smart.c.obj
[ocelotrvp-ite:rw] [39/391] Building C object CMakeFiles/app.dir/mnt/host/source/src/platform/ec/zephyr/subsys/ap_pwrseq/x86_non_dsx_common_pwrseq_host_sleep.c.obj
[bluey:ro] [75/336] Building C object zephyr/CMakeFiles/zephyr.dir/lib/libc/validate_libc.c.obj
[bluey:ro] [76/336] Building C object CMakeFiles/app.dir/src/switchcap.c.obj
[/mnt/host/source/src/platform/ec/build/zephyr/matsu_it82000-lcov]   /mnt/host/source/src/platform/ec/build/zephyr/matsu_it82000/build-rw/zephyr/CMakeFiles/zephyr.dir/lib/libc/validate_libc.c.gcno:no functions found
[/mnt/host/source/src/platform/ec/build/zephyr/matsu_it82000-lcov] stderr:
[ocelotrvp-ite:ro] [55/391] Building C object CMakeFiles/app.dir/mnt/host/source/src/platform/ec/zephyr/subsys/ucsi/ppm_driver.c.obj
[bluey:ro] [77/336] Building C object CMakeFiles/app.dir/src/chipset.c.obj
[/mnt/host/source/src/platform/ec/build/zephyr/nivviks-lcov]   /mnt/host/source/src/platform/ec/build/zephyr/nivviks/build-rw/CMakeFiles/app.dir/mnt/host/source/src/platform/ec/build/zephyr/nivviks/modules/ec/common/cbi_config.c.gcno:no functions found
[/mnt/host/source/src/platform/ec/build/zephyr/nivviks-lcov] stderr:
[bluey:ro] [78/336] Building C object CMakeFiles/app.dir/src/adsp_i2c_mode.c.obj
[bluey:ro] [79/336] Linking C static library app/libapp.a
[bluey:ro] [80/336] Building C object zephyr/CMakeFiles/zephyr.dir/lib/heap/heap.c.obj
[/mnt/host/source/src/platform/ec/build/zephyr/starmie-lcov]   /mnt/host/source/src/platform/ec/build/zephyr/starmie/build-rw/CMakeFiles/app.dir/mnt/host/source/src/platform/ec/build/zephyr/starmie/modules/ec/common/cbi_config.c.gcno:no functions found
[/mnt/host/source/src/platform/ec/build/zephyr/starmie-lcov] stderr:
[bluey:ro] [81/336] Building C object zephyr/CMakeFiles/zephyr.dir/lib/os/cbprintf_packaged.c.obj
[ocelotrvp-ite:ro] [56/391] Building C object CMakeFiles/app.dir/mnt/host/source/src/platform/ec/build/zephyr/ocelotrvp-ite/modules/ec/builtin/stdlib.c.obj
[bluey:rw] [31/336] Building C object CMakeFiles/app.dir/mnt/host/source/src/platform/ec/build/zephyr/bluey/modules/ec/common/cbi_common.c.obj
[bluey:ro] [82/336] Building C object zephyr/CMakeFiles/zephyr.dir/lib/os/clock.c.obj
[bluey:ro] [83/336] Building C object zephyr/CMakeFiles/zephyr.dir/lib/os/printk.c.obj
[ocelotrvp-ite:ro] [57/391] Building C object CMakeFiles/app.dir/mnt/host/source/src/platform/ec/build/zephyr/ocelotrvp-ite/modules/ec/common/base32.c.obj
[ocelotrvp-ite:rw] [40/391] Building C object CMakeFiles/app.dir/mnt/host/source/src/platform/ec/zephyr/subsys/ap_pwrseq/x86_non_dsx_common_pwrseq_console.c.obj
[bluey:ro] [84/336] Building C object zephyr/CMakeFiles/zephyr.dir/lib/os/sem.c.obj
[bluey:ro] [85/336] Building C object zephyr/CMakeFiles/zephyr.dir/lib/os/thread_entry.c.obj
[bluey:ro] [86/336] Building C object zephyr/CMakeFiles/zephyr.dir/lib/utils/dec.c.obj
[/mnt/host/source/src/platform/ec/build/zephyr/matsu_it82000-lcov]   /mnt/host/source/src/platform/ec/build/zephyr/matsu_it82000/build-rw/zephyr/CMakeFiles/zephyr.dir/lib/utils/last_section_id.c.gcno:no functions found
[/mnt/host/source/src/platform/ec/build/zephyr/matsu_it82000-lcov] stderr:
[bluey:ro] [87/336] Building C object zephyr/CMakeFiles/zephyr.dir/lib/os/cbprintf_nano.c.obj
[bluey:ro] [88/336] Building C object zephyr/CMakeFiles/zephyr.dir/lib/utils/hex.c.obj
[/mnt/host/source/src/platform/ec/build/zephyr/starmie-lcov]   /mnt/host/source/src/platform/ec/build/zephyr/starmie/build-rw/zephyr/arch/arch/riscv/core/CMakeFiles/arch__riscv__core.dir/cpu_idle.c.gcno:no functions found
[/mnt/host/source/src/platform/ec/build/zephyr/starmie-lcov] stderr:
[bluey:ro] [89/336] Building C object zephyr/CMakeFiles/zephyr.dir/lib/os/cbprintf.c.obj
[bluey:ro] [90/336] Building C object zephyr/CMakeFiles/zephyr.dir/lib/os/assert.c.obj
[bluey:ro] [91/336] Building C object zephyr/CMakeFiles/zephyr.dir/lib/utils/timeutil.c.obj
[/mnt/host/source/src/platform/ec/build/zephyr/nivviks-lcov]   /mnt/host/source/src/platform/ec/build/zephyr/nivviks/build-rw/zephyr/arch/arch/arm/core/mpu/CMakeFiles/arch__arm__core__mpu.dir/arm_mpu_regions.c.gcno:no functions found
[/mnt/host/source/src/platform/ec/build/zephyr/nivviks-lcov] stderr:
[bluey:rw] [32/336] Building C object CMakeFiles/app.dir/mnt/host/source/src/platform/ec/build/zephyr/bluey/modules/ec/common/cbi.c.obj
[ocelotrvp-ite:ro] [58/391] Building C object CMakeFiles/app.dir/mnt/host/source/src/platform/ec/build/zephyr/ocelotrvp-ite/modules/ec/common/console_output.c.obj
[bluey:ro] [92/336] Building C object zephyr/CMakeFiles/zephyr.dir/lib/utils/bitmask.c.obj
[ocelotrvp-ite:rw] [41/391] Building C object CMakeFiles/app.dir/mnt/host/source/src/platform/ec/zephyr/subsys/ap_pwrseq/x86_non_dsx_common_pwrseq_host_command.c.obj
[bluey:ro] [93/336] Building C object zephyr/CMakeFiles/zephyr.dir/lib/utils/rb.c.obj
[ocelotrvp-ite:ro] [59/391] Building C object CMakeFiles/app.dir/mnt/host/source/src/platform/ec/build/zephyr/ocelotrvp-ite/modules/ec/common/ec_features.c.obj
[bluey:ro] [94/336] Building C object zephyr/CMakeFiles/zephyr.dir/lib/utils/last_section_id.c.obj
[bluey:ro] [95/336] Building C object zephyr/CMakeFiles/zephyr.dir/lib/utils/bitarray.c.obj
[bluey:ro] [96/336] Building C object zephyr/CMakeFiles/zephyr.dir/lib/utils/ring_buffer.c.obj
[bluey:ro] [97/336] Building C object zephyr/CMakeFiles/zephyr.dir/lib/utils/getopt/getopt.c.obj
[bluey:ro] [98/336] Building C object zephyr/CMakeFiles/zephyr.dir/misc/generated/configs.c.obj
[bluey:ro] [99/336] Building C object zephyr/CMakeFiles/zephyr.dir/lib/utils/getopt/getopt_common.c.obj
[/mnt/host/source/src/platform/ec/build/zephyr/caboc-lcov]   /mnt/host/source/src/platform/ec/build/zephyr/caboc/build-rw/zephyr/CMakeFiles/zephyr.dir/subsys/shell/modules/kernel_service/kernel_shell.c.gcno:no functions found
[/mnt/host/source/src/platform/ec/build/zephyr/caboc-lcov] stderr:
[bluey:rw] [33/336] Building C object CMakeFiles/app.dir/mnt/host/source/src/platform/ec/build/zephyr/bluey/modules/ec/common/cbi_config.c.obj
[/mnt/host/source/src/platform/ec/build/zephyr/starmie-lcov]   /mnt/host/source/src/platform/ec/build/zephyr/starmie/build-rw/zephyr/arch/common/CMakeFiles/isr_tables.dir/isr_tables.c.gcno:no functions found
[/mnt/host/source/src/platform/ec/build/zephyr/starmie-lcov] stderr:
[/mnt/host/source/src/platform/ec/build/zephyr/caboc-lcov]   /mnt/host/source/src/platform/ec/build/zephyr/caboc/build-rw/zephyr/CMakeFiles/zephyr.dir/lib/libc/validate_libc.c.gcno:no functions found
[/mnt/host/source/src/platform/ec/build/zephyr/caboc-lcov] stderr:
[/mnt/host/source/src/platform/ec/build/zephyr/nivviks-lcov]   /mnt/host/source/src/platform/ec/build/zephyr/nivviks/build-rw/zephyr/arch/common/CMakeFiles/isr_tables.dir/isr_tables.c.gcno:no functions found
[/mnt/host/source/src/platform/ec/build/zephyr/nivviks-lcov] stderr:
[/mnt/host/source/src/platform/ec/build/zephyr/pujjoga-lcov]   /mnt/host/source/src/platform/ec/build/zephyr/pujjoga/build-rw/CMakeFiles/app.dir/mnt/host/source/src/platform/ec/build/zephyr/pujjoga/modules/ec/common/cbi_config.c.gcno:no functions found
[/mnt/host/source/src/platform/ec/build/zephyr/pujjoga-lcov] stderr:
[ocelotrvp-ite:ro] [60/391] Building C object CMakeFiles/app.dir/mnt/host/source/src/platform/ec/build/zephyr/ocelotrvp-ite/modules/ec/common/gpio_commands.c.obj
[bluey:ro] [100/336] Building C object zephyr/CMakeFiles/zephyr.dir/soc/nuvoton/npcx/common/npcxn/registers.c.obj
[bluey:ro] [101/336] Building C object zephyr/CMakeFiles/zephyr.dir/soc/nuvoton/npcx/common/power.c.obj
[bluey:ro] [102/336] Building C object zephyr/CMakeFiles/zephyr.dir/soc/nuvoton/npcx/common/scfg.c.obj
[ocelotrvp-ite:rw] [42/391] Building C object CMakeFiles/app.dir/mnt/host/source/src/platform/ec/zephyr/subsys/ap_pwrseq/x86_non_dsx_mtl_pwrseq_sm.c.obj
[bluey:ro] [103/336] Building C object zephyr/CMakeFiles/zephyr.dir/soc/nuvoton/npcx/npcx9/soc.c.obj
[bluey:ro] [104/336] Building C object zephyr/CMakeFiles/zephyr.dir/subsys/logging/log_minimal.c.obj
[ocelotrvp-ite:ro] [61/391] Building C object CMakeFiles/app.dir/mnt/host/source/src/platform/ec/build/zephyr/ocelotrvp-ite/modules/ec/common/peripheral.c.obj
[bluey:ro] [105/336] Building C object zephyr/CMakeFiles/zephyr.dir/subsys/pm/state.c.obj
[bluey:rw] [34/336] Building C object CMakeFiles/app.dir/mnt/host/source/src/platform/ec/build/zephyr/bluey/modules/ec/common/memory_commands.c.obj
[bluey:ro] [106/336] Building C object zephyr/CMakeFiles/zephyr.dir/subsys/pm/pm.c.obj
[bluey:ro] [107/336] Building C object zephyr/CMakeFiles/zephyr.dir/subsys/pm/policy/policy_events.c.obj
[bluey:ro] [108/336] Building C object zephyr/CMakeFiles/zephyr.dir/subsys/pm/policy/policy_latency.c.obj
[bluey:ro] [109/336] Building C object zephyr/CMakeFiles/zephyr.dir/subsys/mem_mgmt/mem_attr.c.obj
[ocelotrvp-ite:ro] [62/391] Building C object CMakeFiles/app.dir/mnt/host/source/src/platform/ec/build/zephyr/ocelotrvp-ite/modules/ec/common/printf.c.obj
[/mnt/host/source/src/platform/ec/build/zephyr/caboc-lcov]   /mnt/host/source/src/platform/ec/build/zephyr/caboc/build-rw/zephyr/CMakeFiles/zephyr.dir/lib/utils/last_section_id.c.gcno:no functions found
[/mnt/host/source/src/platform/ec/build/zephyr/caboc-lcov] stderr:
[ocelotrvp-ite:rw] [43/391] Building C object CMakeFiles/app.dir/mnt/host/source/src/platform/ec/zephyr/subsys/ap_pwrseq/ap_reset_log.c.obj
[bluey:ro] [110/336] Building C object zephyr/CMakeFiles/zephyr.dir/subsys/pm/policy/policy_state_lock.c.obj
[ocelotrvp-ite:ro] [63/391] Building C object CMakeFiles/app.dir/mnt/host/source/src/platform/ec/build/zephyr/ocelotrvp-ite/modules/ec/common/queue.c.obj
[/mnt/host/source/src/platform/ec/build/zephyr/pujjoga-lcov]   /mnt/host/source/src/platform/ec/build/zephyr/pujjoga/build-rw/zephyr/arch/arch/arm/core/mpu/CMakeFiles/arch__arm__core__mpu.dir/arm_mpu_regions.c.gcno:no functions found
[/mnt/host/source/src/platform/ec/build/zephyr/pujjoga-lcov] stderr:
[bluey:rw] [35/336] Building C object CMakeFiles/app.dir/mnt/host/source/src/platform/ec/build/zephyr/bluey/modules/ec/common/chipset.c.obj
[bluey:ro] [111/336] Building C object zephyr/CMakeFiles/zephyr.dir/subsys/pm/device.c.obj
[bluey:ro] [112/336] Building C object zephyr/CMakeFiles/zephyr.dir/subsys/pm/device_system_managed.c.obj
[bluey:ro] [113/336] Building C object zephyr/CMakeFiles/zephyr.dir/subsys/testsuite/coverage/coverage.c.obj
[bluey:ro] [114/336] Building C object zephyr/CMakeFiles/zephyr.dir/subsys/tracing/tracing_none.c.obj
[bluey:ro] [115/336] Building C object zephyr/CMakeFiles/zephyr.dir/subsys/shell/modules/kernel_service/kernel_shell.c.obj
[/mnt/host/source/src/platform/ec/build/zephyr/rex-ish-ec-lcov]   /mnt/host/source/src/platform/ec/build/zephyr/rex-ish-ec/build-rw/CMakeFiles/app.dir/mnt/host/source/src/platform/ec/build/zephyr/rex-ish-ec/modules/ec/common/cbi_config.c.gcno:no functions found
[/mnt/host/source/src/platform/ec/build/zephyr/rex-ish-ec-lcov] stderr:
[bluey:ro] [116/336] Building C object zephyr/CMakeFiles/zephyr.dir/subsys/shell/modules/kernel_service/version.c.obj
[bluey:ro] [117/336] Building C object zephyr/CMakeFiles/zephyr.dir/subsys/shell/modules/kernel_service/uptime.c.obj
[ocelotrvp-ite:ro] [64/391] Building C object CMakeFiles/app.dir/mnt/host/source/src/platform/ec/build/zephyr/ocelotrvp-ite/modules/ec/common/system.c.obj
[bluey:rw] [36/336] Building C object CMakeFiles/app.dir/mnt/host/source/src/platform/ec/build/zephyr/bluey/modules/ec/common/ap_reset_log.c.obj
[bluey:ro] [118/336] Building C object zephyr/CMakeFiles/zephyr.dir/subsys/shell/modules/kernel_service/cycles.c.obj
[ocelotrvp-ite:rw] [44/391] Building C object CMakeFiles/app.dir/mnt/host/source/src/platform/ec/zephyr/subsys/pd_controller/pdc_pmc_debug.c.obj
[bluey:ro] [119/336] Building C object zephyr/CMakeFiles/zephyr.dir/subsys/shell/modules/kernel_service/sleep.c.obj
[ocelotrvp-ite:ro] [65/391] Building C object CMakeFiles/app.dir/mnt/host/source/src/platform/ec/build/zephyr/ocelotrvp-ite/modules/ec/common/system_boot_time.c.obj
[/mnt/host/source/src/platform/ec/build/zephyr/pujjoga-lcov]   /mnt/host/source/src/platform/ec/build/zephyr/pujjoga/build-rw/zephyr/arch/common/CMakeFiles/isr_tables.dir/isr_tables.c.gcno:no functions found
[/mnt/host/source/src/platform/ec/build/zephyr/pujjoga-lcov] stderr:
[bluey:ro] [120/336] Building C object zephyr/CMakeFiles/zephyr.dir/subsys/shell/modules/kernel_service/thread/thread.c.obj
[bluey:ro] [121/336] Building C object zephyr/CMakeFiles/zephyr.dir/subsys/shell/modules/kernel_service/thread/list.c.obj
[bluey:ro] [122/336] Building C object zephyr/CMakeFiles/zephyr.dir/subsys/shell/modules/kernel_service/thread/stacks.c.obj
[bluey:ro] [123/336] Building C object zephyr/CMakeFiles/zephyr.dir/subsys/shell/modules/kernel_service/thread/suspend.c.obj
[bluey:rw] [37/336] Building C object CMakeFiles/app.dir/mnt/host/source/src/platform/ec/build/zephyr/bluey/modules/ec/common/extpower_common.c.obj
[bluey:ro] [124/336] Building C object zephyr/CMakeFiles/zephyr.dir/subsys/shell/modules/kernel_service/thread/resume.c.obj
[ocelotrvp-ite:ro] [66/391] Building C object CMakeFiles/app.dir/mnt/host/source/src/platform/ec/build/zephyr/ocelotrvp-ite/modules/ec/common/uart_printf.c.obj
[ocelotrvp-ite:ro] [67/391] Building C object CMakeFiles/app.dir/mnt/host/source/src/platform/ec/build/zephyr/ocelotrvp-ite/modules/ec/common/util.c.obj
[bluey:ro] [125/336] Building C object zephyr/CMakeFiles/zephyr.dir/subsys/shell/modules/kernel_service/thread/kill.c.obj
[/mnt/host/source/src/platform/ec/build/zephyr/rex-ish-ec-lcov]   /mnt/host/source/src/platform/ec/build/zephyr/rex-ish-ec/build-rw/zephyr/arch/arch/arm/core/mpu/CMakeFiles/arch__arm__core__mpu.dir/arm_mpu_regions.c.gcno:no functions found
[/mnt/host/source/src/platform/ec/build/zephyr/rex-ish-ec-lcov] stderr:
[bluey:ro] [126/336] Building C object zephyr/CMakeFiles/zephyr.dir/subsys/shell/backends/shell_uart.c.obj
[bluey:ro] [127/336] Building C object zephyr/CMakeFiles/zephyr.dir/subsys/shell/shell_fprintf.c.obj
[/mnt/host/source/src/platform/ec/build/zephyr/nivviks-lcov]   /mnt/host/source/src/platform/ec/build/zephyr/nivviks/build-rw/zephyr/CMakeFiles/zephyr.dir/subsys/shell/modules/kernel_service/kernel_shell.c.gcno:no functions found
[/mnt/host/source/src/platform/ec/build/zephyr/nivviks-lcov] stderr:
[bluey:ro] [128/336] Building C object zephyr/CMakeFiles/zephyr.dir/subsys/shell/shell.c.obj
[/mnt/host/source/src/platform/ec/build/zephyr/starmie-lcov]   /mnt/host/source/src/platform/ec/build/zephyr/starmie/build-rw/zephyr/CMakeFiles/zephyr.dir/subsys/shell/modules/kernel_service/kernel_shell.c.gcno:no functions found
[/mnt/host/source/src/platform/ec/build/zephyr/starmie-lcov] stderr:
[bluey:rw] [38/336] Building C object CMakeFiles/app.dir/mnt/host/source/src/platform/ec/build/zephyr/bluey/modules/ec/common/extpower_gpio.c.obj
[bluey:ro] [129/336] Building C object zephyr/CMakeFiles/zephyr.dir/subsys/shell/shell_utils.c.obj
[/mnt/host/source/src/platform/ec/build/zephyr/nivviks-lcov]   /mnt/host/source/src/platform/ec/build/zephyr/nivviks/build-rw/zephyr/CMakeFiles/zephyr.dir/lib/libc/validate_libc.c.gcno:no functions found
[/mnt/host/source/src/platform/ec/build/zephyr/nivviks-lcov] stderr:
[/mnt/host/source/src/platform/ec/build/zephyr/starmie-lcov]   /mnt/host/source/src/platform/ec/build/zephyr/starmie/build-rw/zephyr/CMakeFiles/zephyr.dir/lib/libc/validate_libc.c.gcno:no functions found
[/mnt/host/source/src/platform/ec/build/zephyr/starmie-lcov] stderr:
[ocelotrvp-ite:ro] [68/391] Building C object CMakeFiles/app.dir/mnt/host/source/src/platform/ec/build/zephyr/ocelotrvp-ite/modules/ec/common/version.c.obj
[bluey:ro] [130/336] Building C object zephyr/CMakeFiles/zephyr.dir/subsys/shell/shell_ops.c.obj
[bluey:ro] [131/336] Building C object zephyr/CMakeFiles/zephyr.dir/subsys/shell/shell_help.c.obj
[bluey:ro] [132/336] Building C object zephyr/CMakeFiles/zephyr.dir/subsys/shell/shell_cmds.c.obj
[ocelotrvp-ite:ro] [69/391] Building C object CMakeFiles/app.dir/mnt/host/source/src/platform/ec/build/zephyr/ocelotrvp-ite/modules/ec/common/power_button_x86.c.obj
[bluey:ro] [133/336] Building C object zephyr/CMakeFiles/zephyr.dir/subsys/shell/shell_history.c.obj
[/mnt/host/source/src/platform/ec/build/zephyr/rex-ish-ec-lcov]   /mnt/host/source/src/platform/ec/build/zephyr/rex-ish-ec/build-rw/zephyr/arch/common/CMakeFiles/isr_tables.dir/isr_tables.c.gcno:no functions found
[/mnt/host/source/src/platform/ec/build/zephyr/rex-ish-ec-lcov] stderr:
[ocelotrvp-ite:rw] [45/391] Building C object CMakeFiles/app.dir/mnt/host/source/src/platform/ec/zephyr/subsys/pd_controller/pdc_power_mgmt.c.obj
[bluey:rw] [39/336] Building C object CMakeFiles/app.dir/mnt/host/source/src/platform/ec/build/zephyr/bluey/modules/ec/common/fan.c.obj
[bluey:ro] [134/336] Building C object zephyr/CMakeFiles/zephyr.dir/drivers/flash/flash_util.c.obj
[bluey:ro] [135/336] Building C object zephyr/arch/common/CMakeFiles/arch__common.dir/init.c.obj
[bluey:ro] [136/336] Building C object zephyr/arch/common/CMakeFiles/arch__common.dir/sw_isr_common.c.obj
[bluey:ro] [137/336] Linking C static library zephyr/libzephyr.a
[bluey:ro] [138/336] Building ASM object zephyr/arch/arch/arm/core/CMakeFiles/arch__arm__core.dir/nmi_on_reset.S.obj
[bluey:ro] [139/336] Building C object zephyr/arch/common/CMakeFiles/arch__common.dir/xip.c.obj
[bluey:ro] [140/336] Building C object zephyr/arch/common/CMakeFiles/isr_tables.dir/isr_tables.c.obj
[ocelotrvp-ite:ro] [70/391] Building C object CMakeFiles/app.dir/mnt/host/source/src/platform/ec/build/zephyr/ocelotrvp-ite/modules/ec/common/adc.c.obj
[bluey:ro] [141/336] Linking C static library zephyr/arch/common/libisr_tables.a
[bluey:ro] [142/336] Linking C static library zephyr/arch/common/libarch__common.a
[bluey:ro] [143/336] Building C object zephyr/arch/arch/arm/core/CMakeFiles/arch__arm__core.dir/nmi.c.obj
[/mnt/host/source/src/platform/ec/build/zephyr/starmie-lcov]   /mnt/host/source/src/platform/ec/build/zephyr/starmie/build-rw/zephyr/CMakeFiles/zephyr.dir/lib/utils/last_section_id.c.gcno:no functions found
[/mnt/host/source/src/platform/ec/build/zephyr/starmie-lcov] stderr:
[/mnt/host/source/src/platform/ec/build/zephyr/nivviks-lcov]   /mnt/host/source/src/platform/ec/build/zephyr/nivviks/build-rw/zephyr/CMakeFiles/zephyr.dir/lib/utils/last_section_id.c.gcno:no functions found
[bluey:ro] [144/336] Building C object zephyr/arch/arch/arm/core/CMakeFiles/arch__arm__core.dir/fatal.c.obj
[/mnt/host/source/src/platform/ec/build/zephyr/nivviks-lcov] stderr:
[ocelotrvp-ite:ro] [71/391] Building C object CMakeFiles/app.dir/mnt/host/source/src/platform/ec/build/zephyr/ocelotrvp-ite/modules/ec/common/acpi.c.obj
[bluey:ro] [145/336] Building ASM object zephyr/arch/arch/arm/core/cortex_m/CMakeFiles/arch__arm__core__cortex_m.dir/fault_s.S.obj
[bluey:ro] [146/336] Linking C static library zephyr/arch/arch/arm/core/libarch__arm__core.a
[bluey:rw] [40/336] Building C object CMakeFiles/app.dir/mnt/host/source/src/platform/ec/build/zephyr/bluey/modules/ec/common/flash.c.obj
[bluey:ro] [147/336] Building C object zephyr/arch/arch/arm/core/cortex_m/CMakeFiles/arch__arm__core__cortex_m.dir/exc_exit.c.obj
[bluey:ro] [148/336] Building C object zephyr/arch/arch/arm/core/cortex_m/CMakeFiles/arch__arm__core__cortex_m.dir/fpu.c.obj
[ocelotrvp-ite:rw] [46/391] Building C object CMakeFiles/app.dir/mnt/host/source/src/platform/ec/zephyr/subsys/pd_controller/pdc_console.c.obj
[bluey:ro] [149/336] Building C object zephyr/arch/arch/arm/core/cortex_m/CMakeFiles/arch__arm__core__cortex_m.dir/fault.c.obj
[bluey:ro] [150/336] Building C object zephyr/arch/arch/arm/core/cortex_m/CMakeFiles/arch__arm__core__cortex_m.dir/scb.c.obj
[bluey:ro] [151/336] Building ASM object zephyr/arch/arch/arm/core/cortex_m/CMakeFiles/arch__arm__core__cortex_m.dir/vector_table.S.obj
[bluey:ro] [152/336] Building ASM object zephyr/arch/arch/arm/core/cortex_m/CMakeFiles/arch__arm__core__cortex_m.dir/reset.S.obj
[ocelotrvp-ite:ro] [72/391] Building C object CMakeFiles/app.dir/mnt/host/source/src/platform/ec/build/zephyr/ocelotrvp-ite/modules/ec/common/battery.c.obj
[bluey:ro] [153/336] Building C object zephyr/arch/arch/arm/core/cortex_m/CMakeFiles/arch__arm__core__cortex_m.dir/thread_abort.c.obj
[ocelotrvp-ite:ro] [73/391] Building C object CMakeFiles/app.dir/mnt/host/source/src/platform/ec/build/zephyr/ocelotrvp-ite/modules/ec/common/battery_info.c.obj
[bluey:rw] [41/336] Building C object CMakeFiles/app.dir/mnt/host/source/src/platform/ec/build/zephyr/bluey/modules/ec/common/host_command.c.obj
[bluey:ro] [154/336] Building ASM object zephyr/arch/arch/arm/core/cortex_m/CMakeFiles/arch__arm__core__cortex_m.dir/swap_helper.S.obj
[bluey:ro] [155/336] Building C object zephyr/arch/arch/arm/core/cortex_m/CMakeFiles/arch__arm__core__cortex_m.dir/irq_manage.c.obj
[/mnt/host/source/src/platform/ec/build/zephyr/pujjoga-lcov]   /mnt/host/source/src/platform/ec/build/zephyr/pujjoga/build-rw/zephyr/CMakeFiles/zephyr.dir/subsys/shell/modules/kernel_service/kernel_shell.c.gcno:no functions found
[/mnt/host/source/src/platform/ec/build/zephyr/pujjoga-lcov] stderr:
[bluey:ro] [156/336] Building C object zephyr/arch/arch/arm/core/cortex_m/CMakeFiles/arch__arm__core__cortex_m.dir/prep_c.c.obj
[bluey:ro] [157/336] Building C object zephyr/arch/arch/arm/core/cortex_m/CMakeFiles/arch__arm__core__cortex_m.dir/thread.c.obj
[bluey:ro] [158/336] Building C object zephyr/arch/arch/arm/core/cortex_m/CMakeFiles/arch__arm__core__cortex_m.dir/cpu_idle.c.obj
[ocelotrvp-ite:rw] [47/391] Building C object CMakeFiles/app.dir/mnt/host/source/src/platform/ec/zephyr/subsys/pd_controller/pdc_host_cmd.c.obj
[/mnt/host/source/src/platform/ec/build/zephyr/pujjoga-lcov]   /mnt/host/source/src/platform/ec/build/zephyr/pujjoga/build-rw/zephyr/CMakeFiles/zephyr.dir/lib/libc/validate_libc.c.gcno:no functions found
[/mnt/host/source/src/platform/ec/build/zephyr/pujjoga-lcov] stderr:
[bluey:ro] [159/336] Building C object zephyr/arch/arch/arm/core/cortex_m/CMakeFiles/arch__arm__core__cortex_m.dir/irq_init.c.obj
[bluey:ro] [160/336] Generating ../../../include/generated/libc/minimal/strerror_table.h
[bluey:ro] [161/336] Building C object zephyr/lib/libc/minimal/CMakeFiles/lib__libc__minimal.dir/source/stdlib/atoi.c.obj
[ocelotrvp-ite:ro] [74/391] Building C object CMakeFiles/app.dir/mnt/host/source/src/platform/ec/build/zephyr/ocelotrvp-ite/modules/ec/common/battery_fuel_gauge.c.obj
[bluey:ro] [162/336] Building C object zephyr/arch/arch/arm/core/cortex_m/CMakeFiles/arch__arm__core__cortex_m.dir/isr_wrapper.c.obj
[bluey:rw] [42/336] Building C object CMakeFiles/app.dir/mnt/host/source/src/platform/ec/build/zephyr/bluey/modules/ec/common/host_command_task.c.obj
[bluey:ro] [163/336] Building C object zephyr/lib/libc/minimal/CMakeFiles/lib__libc__minimal.dir/source/stdlib/strtol.c.obj
[bluey:ro] [164/336] Linking C static library zephyr/arch/arch/arm/core/cortex_m/libarch__arm__core__cortex_m.a
[bluey:ro] [165/336] Building C object zephyr/arch/arch/arm/core/mpu/CMakeFiles/arch__arm__core__mpu.dir/arm_core_mpu.c.obj
[ocelotrvp-ite:ro] [75/391] Building C object CMakeFiles/app.dir/mnt/host/source/src/platform/ec/build/zephyr/ocelotrvp-ite/modules/ec/driver/battery/smart.c.obj
[bluey:ro] [166/336] Building C object zephyr/arch/arch/arm/core/mpu/CMakeFiles/arch__arm__core__mpu.dir/arm_mpu_regions.c.obj
[bluey:ro] [167/336] Building C object zephyr/arch/arch/arm/core/mpu/CMakeFiles/arch__arm__core__mpu.dir/arm_mpu.c.obj
[bluey:ro] [168/336] Building C object zephyr/lib/libc/minimal/CMakeFiles/lib__libc__minimal.dir/source/stdlib/strtoul.c.obj
[bluey:ro] [169/336] Building C object zephyr/lib/libc/minimal/CMakeFiles/lib__libc__minimal.dir/source/stdlib/strtoll.c.obj
[bluey:ro] [170/336] Linking C static library zephyr/arch/arch/arm/core/mpu/libarch__arm__core__mpu.a
[bluey:ro] [171/336] Building C object zephyr/lib/libc/minimal/CMakeFiles/lib__libc__minimal.dir/source/stdlib/strtoull.c.obj
[bluey:ro] [172/336] Building C object zephyr/lib/libc/minimal/CMakeFiles/lib__libc__minimal.dir/source/stdlib/bsearch.c.obj
[bluey:ro] [173/336] Building C object zephyr/lib/libc/minimal/CMakeFiles/lib__libc__minimal.dir/source/string/strstr.c.obj
[bluey:ro] [174/336] Building C object zephyr/lib/libc/minimal/CMakeFiles/lib__libc__minimal.dir/source/string/strncasecmp.c.obj
[ocelotrvp-ite:rw] [48/391] Building C object CMakeFiles/app.dir/mnt/host/source/src/platform/ec/zephyr/subsys/pd_controller/pdc_stub.c.obj
[/mnt/host/source/src/platform/ec/build/zephyr/matsu_it82000-lcov]   /mnt/host/source/src/platform/ec/build/zephyr/matsu_it82000/build-rw/zephyr/CMakeFiles/zephyr.dir/soc/ite/ec/it8xxx2/check_regs.c.gcno:no functions found
[bluey:ro] [175/336] Building C object zephyr/lib/libc/minimal/CMakeFiles/lib__libc__minimal.dir/source/string/strerror.c.obj
[/mnt/host/source/src/platform/ec/build/zephyr/matsu_it82000-lcov] stderr:
[bluey:ro] [176/336] Building C object zephyr/lib/libc/minimal/CMakeFiles/lib__libc__minimal.dir/source/string/strspn.c.obj
[bluey:ro] [177/336] Building C object zephyr/lib/libc/minimal/CMakeFiles/lib__libc__minimal.dir/source/stdlib/qsort.c.obj
[bluey:ro] [178/336] Building C object zephyr/lib/libc/minimal/CMakeFiles/lib__libc__minimal.dir/source/string/string.c.obj
[bluey:ro] [179/336] Building C object zephyr/lib/libc/minimal/CMakeFiles/lib__libc__minimal.dir/source/stdlib/exit.c.obj
[bluey:ro] [180/336] Building C object zephyr/lib/libc/minimal/CMakeFiles/lib__libc__minimal.dir/source/math/sqrtf.c.obj
[bluey:rw] [43/336] Building C object CMakeFiles/app.dir/mnt/host/source/src/platform/ec/build/zephyr/bluey/modules/ec/common/host_event_commands.c.obj
[ocelotrvp-ite:ro] [76/391] Building C object CMakeFiles/app.dir/mnt/host/source/src/platform/ec/build/zephyr/ocelotrvp-ite/modules/ec/driver/charger/isl9241.c.obj
[/mnt/host/source/src/platform/ec/build/zephyr/pujjoga-lcov]   /mnt/host/source/src/platform/ec/build/zephyr/pujjoga/build-rw/zephyr/CMakeFiles/zephyr.dir/lib/utils/last_section_id.c.gcno:no functions found
[/mnt/host/source/src/platform/ec/build/zephyr/pujjoga-lcov] stderr:
[bluey:ro] [181/336] Building C object zephyr/lib/libc/minimal/CMakeFiles/lib__libc__minimal.dir/source/stdout/sprintf.c.obj
[bluey:ro] [182/336] Building C object zephyr/lib/libc/minimal/CMakeFiles/lib__libc__minimal.dir/source/math/sqrt.c.obj
[bluey:ro] [183/336] Building C object zephyr/lib/libc/minimal/CMakeFiles/lib__libc__minimal.dir/source/stdout/fprintf.c.obj
[bluey:ro] [184/336] Building C object zephyr/lib/libc/minimal/CMakeFiles/lib__libc__minimal.dir/source/stdout/stdout_console.c.obj
[/mnt/host/source/src/platform/ec/build/zephyr/rex-ish-ec-lcov]   /mnt/host/source/src/platform/ec/build/zephyr/rex-ish-ec/build-rw/zephyr/CMakeFiles/zephyr.dir/subsys/shell/modules/kernel_service/kernel_shell.c.gcno:no functions found
[/mnt/host/source/src/platform/ec/build/zephyr/rex-ish-ec-lcov] stderr:
[bluey:ro] [185/336] Building C object zephyr/lib/libc/common/CMakeFiles/lib__libc__common.dir/source/time/gmtime_r.c.obj
[ocelotrvp-ite:ro] [77/391] Building C object CMakeFiles/app.dir/mnt/host/source/src/platform/ec/build/zephyr/ocelotrvp-ite/modules/ec/common/charger.c.obj
[bluey:ro] [186/336] Building C object zephyr/lib/libc/common/CMakeFiles/lib__libc__common.dir/source/time/asctime.c.obj
[bluey:ro] [187/336] Building C object zephyr/lib/libc/common/CMakeFiles/lib__libc__common.dir/source/time/localtime_r_utc.c.obj
[/mnt/host/source/src/platform/ec/build/zephyr/rex-ish-ec-lcov]   /mnt/host/source/src/platform/ec/build/zephyr/rex-ish-ec/build-rw/zephyr/CMakeFiles/zephyr.dir/lib/libc/validate_libc.c.gcno:no functions found
[/mnt/host/source/src/platform/ec/build/zephyr/rex-ish-ec-lcov] stderr:
[bluey:ro] [188/336] Building C object zephyr/lib/libc/common/CMakeFiles/lib__libc__common.dir/source/time/ctime.c.obj
[ocelotrvp-ite:rw] [49/391] Building C object CMakeFiles/app.dir/mnt/host/source/src/platform/ec/zephyr/subsys/pd_controller/pdc_dpm.c.obj
[bluey:ro] [189/336] Building C object zephyr/lib/libc/common/CMakeFiles/lib__libc__common.dir/source/time/time.c.obj
[bluey:rw] [44/336] Building C object CMakeFiles/app.dir/mnt/host/source/src/platform/ec/build/zephyr/bluey/modules/ec/common/uart_hostcmd.c.obj
[bluey:ro] [190/336] Building C object zephyr/lib/libc/minimal/CMakeFiles/lib__libc__minimal.dir/source/time/gmtime.c.obj
[bluey:ro] [191/336] Building C object zephyr/lib/libc/common/CMakeFiles/lib__libc__common.dir/source/stdlib/abort.c.obj
[bluey:ro] [192/336] Building C object zephyr/lib/libc/common/CMakeFiles/lib__libc__common.dir/source/string/strnlen.c.obj
[bluey:ro] [193/336] Linking C static library zephyr/lib/libc/minimal/liblib__libc__minimal.a
[bluey:ro] [194/336] Building C object zephyr/lib/posix/c_lib_ext/CMakeFiles/lib__posix__c_lib_ext.dir/fnmatch.c.obj
[bluey:ro] [195/336] Building C object zephyr/subsys/crc/CMakeFiles/subsys__crc.dir/crc4_sw.c.obj
[bluey:ro] [196/336] Building C object zephyr/subsys/crc/CMakeFiles/subsys__crc.dir/crc8_sw.c.obj
[bluey:ro] [197/336] Building C object zephyr/subsys/crc/CMakeFiles/subsys__crc.dir/crc16_sw.c.obj
[bluey:ro] [198/336] Building C object zephyr/subsys/crc/CMakeFiles/subsys__crc.dir/crc7_sw.c.obj
[bluey:ro] [199/336] Building C object zephyr/lib/libc/common/CMakeFiles/lib__libc__common.dir/source/stdlib/malloc.c.obj
[bluey:ro] [200/336] Building C object zephyr/subsys/crc/CMakeFiles/subsys__crc.dir/crc24_sw.c.obj
[bluey:ro] [201/336] Building C object zephyr/subsys/crc/CMakeFiles/subsys__crc.dir/crc32c_sw.c.obj
[bluey:ro] [202/336] Linking C static library zephyr/lib/libc/common/liblib__libc__common.a
[bluey:ro] [203/336] Building C object zephyr/subsys/crc/CMakeFiles/subsys__crc.dir/crc32_sw.c.obj
[bluey:ro] [204/336] Building C object zephyr/subsys/crc/CMakeFiles/subsys__crc.dir/crc32k_4_2_sw.c.obj
[bluey:ro] [205/336] Building C object zephyr/lib/posix/c_lib_ext/CMakeFiles/lib__posix__c_lib_ext.dir/getentropy.c.obj
[/mnt/host/source/src/platform/ec/build/zephyr/matsu_it82000-lcov]   /mnt/host/source/src/platform/ec/build/zephyr/matsu_it82000/build-rw/zephyr/drivers/sensor/CMakeFiles/drivers__sensor.dir/mnt/host/source/src/third_party/zephyr/main/misc/empty_file.c.gcno:no functions found
[/mnt/host/source/src/platform/ec/build/zephyr/matsu_it82000-lcov] stderr:
[bluey:ro] [206/336] Building C object zephyr/lib/posix/c_lib_ext/CMakeFiles/lib__posix__c_lib_ext.dir/getopt_shim.c.obj
[bluey:ro] [207/336] Linking C static library zephyr/subsys/crc/libsubsys__crc.a
[bluey:rw] [45/336] Building C object CMakeFiles/app.dir/mnt/host/source/src/platform/ec/build/zephyr/bluey/modules/ec/common/uptime.c.obj
[bluey:ro] [208/336] Linking C static library zephyr/lib/posix/c_lib_ext/liblib__posix__c_lib_ext.a
[bluey:ro] [209/336] Building C object zephyr/subsys/input/CMakeFiles/subsys__input.dir/input_hid.c.obj
[ocelotrvp-ite:ro] [78/391] Building C object CMakeFiles/app.dir/mnt/host/source/src/platform/ec/build/zephyr/ocelotrvp-ite/modules/ec/common/charge_state.c.obj
[ocelotrvp-ite:rw] [50/391] Building C object CMakeFiles/app.dir/mnt/host/source/src/platform/ec/zephyr/subsys/pd_controller/pdc_runtime_port_config.c.obj
[ocelotrvp-ite:ro] [79/391] Building C object CMakeFiles/app.dir/mnt/host/source/src/platform/ec/build/zephyr/ocelotrvp-ite/modules/ec/common/charge_manager.c.obj
[bluey:ro] [210/336] Building C object zephyr/subsys/input/CMakeFiles/subsys__input.dir/input.c.obj
[/mnt/host/source/src/platform/ec/build/zephyr/rex-ish-ec-lcov]   /mnt/host/source/src/platform/ec/build/zephyr/rex-ish-ec/build-rw/zephyr/CMakeFiles/zephyr.dir/lib/utils/last_section_id.c.gcno:no functions found
[/mnt/host/source/src/platform/ec/build/zephyr/rex-ish-ec-lcov] stderr:
[bluey:ro] [211/336] Building C object zephyr/subsys/input/CMakeFiles/subsys__input.dir/input_utils.c.obj
[/mnt/host/source/src/platform/ec/build/zephyr/caboc-lcov]   /mnt/host/source/src/platform/ec/build/zephyr/caboc/build-rw/zephyr/CMakeFiles/zephyr.dir/soc/ite/ec/it8xxx2/check_regs.c.gcno:no functions found
[/mnt/host/source/src/platform/ec/build/zephyr/caboc-lcov] stderr:
[bluey:ro] [212/336] Building C object zephyr/drivers/interrupt_controller/CMakeFiles/drivers__interrupt_controller.dir/intc_miwu.c.obj
[bluey:ro] [213/336] Linking C static library zephyr/subsys/input/libsubsys__input.a
[bluey:ro] [214/336] Linking C static library zephyr/drivers/interrupt_controller/libdrivers__interrupt_controller.a
[bluey:ro] [215/336] Building C object zephyr/drivers/adc/CMakeFiles/drivers__adc.dir/adc_common.c.obj
[bluey:rw] [46/336] Building C object CMakeFiles/app.dir/mnt/host/source/src/platform/ec/build/zephyr/bluey/modules/ec/common/i2c_controller.c.obj
[bluey:ro] [216/336] Building C object zephyr/drivers/adc/CMakeFiles/drivers__adc.dir/adc_npcx.c.obj
[bluey:ro] [217/336] Building C object zephyr/drivers/bbram/CMakeFiles/drivers__bbram.dir/bbram_npcx.c.obj
[bluey:ro] [218/336] Linking C static library zephyr/drivers/adc/libdrivers__adc.a
[bluey:ro] [219/336] Linking C static library zephyr/drivers/bbram/libdrivers__bbram.a
[ocelotrvp-ite:ro] [80/391] Building C object CMakeFiles/app.dir/mnt/host/source/src/platform/ec/build/zephyr/ocelotrvp-ite/modules/ec/common/cbi_common.c.obj
[bluey:ro] [220/336] Building C object zephyr/drivers/clock_control/CMakeFiles/drivers__clock_control.dir/clock_control_npcx.c.obj
[ocelotrvp-ite:rw] [51/391] Building C object CMakeFiles/app.dir/mnt/host/source/src/platform/ec/zephyr/subsys/ucsi/ppm_common.c.obj
[ocelotrvp-ite:ro] [81/391] Building C object CMakeFiles/app.dir/mnt/host/source/src/platform/ec/build/zephyr/ocelotrvp-ite/modules/ec/common/cbi.c.obj
[bluey:ro] [221/336] Linking C static library zephyr/drivers/clock_control/libdrivers__clock_control.a
[bluey:ro] [222/336] Building C object zephyr/drivers/console/CMakeFiles/drivers__console.dir/uart_console.c.obj
[bluey:ro] [223/336] Linking C static library zephyr/drivers/console/libdrivers__console.a
[bluey:ro] [224/336] Building C object zephyr/drivers/flash/CMakeFiles/drivers__flash.dir/jesd216.c.obj
[bluey:rw] [47/336] Building C object CMakeFiles/app.dir/mnt/host/source/src/platform/ec/build/zephyr/bluey/modules/ec/common/i2c_passthru.c.obj
[bluey:ro] [225/336] Building C object zephyr/drivers/flash/CMakeFiles/drivers__flash.dir/flash_npcx_fiu_nor.c.obj
[bluey:ro] [226/336] Building C object zephyr/drivers/flash/CMakeFiles/drivers__flash.dir/flash_npcx_fiu_qspi.c.obj
[ocelotrvp-ite:ro] [82/391] Building C object CMakeFiles/app.dir/mnt/host/source/src/platform/ec/build/zephyr/ocelotrvp-ite/modules/ec/common/cbi_config.c.obj
[bluey:ro] [227/336] Linking C static library zephyr/drivers/flash/libdrivers__flash.a
[bluey:ro] [228/336] Building C object zephyr/drivers/gpio/CMakeFiles/drivers__gpio.dir/gpio_npcx.c.obj
[bluey:ro] [229/336] Building C object zephyr/drivers/i2c/CMakeFiles/drivers__i2c.dir/i2c_common.c.obj
[bluey:ro] [230/336] Building C object zephyr/drivers/i2c/CMakeFiles/drivers__i2c.dir/i2c_shell.c.obj
[bluey:ro] [231/336] Linking C static library zephyr/drivers/gpio/libdrivers__gpio.a
[ocelotrvp-ite:ro] [83/391] Building C object CMakeFiles/app.dir/mnt/host/source/src/platform/ec/build/zephyr/ocelotrvp-ite/modules/ec/common/memory_commands.c.obj
[bluey:ro] [232/336] Building C object zephyr/drivers/input/CMakeFiles/drivers__input.dir/mnt/host/source/src/third_party/zephyr/main/misc/empty_file.c.obj
[ocelotrvp-ite:rw] [52/391] Building C object CMakeFiles/app.dir/mnt/host/source/src/platform/ec/zephyr/subsys/ucsi/ppm_console.c.obj
[bluey:ro] [233/336] Linking C static library zephyr/drivers/input/libdrivers__input.a
[bluey:ro] [234/336] Building C object zephyr/drivers/i2c/CMakeFiles/drivers__i2c.dir/i2c_npcx_controller.c.obj
[bluey:rw] [48/336] Building C object CMakeFiles/app.dir/mnt/host/source/src/platform/ec/build/zephyr/bluey/modules/ec/common/mkbp_fifo.c.obj
[bluey:ro] [235/336] Building C object zephyr/drivers/i2c/CMakeFiles/drivers__i2c.dir/i2c_npcx_controller_fifo.c.obj
[bluey:ro] [236/336] Building C object zephyr/drivers/pinctrl/CMakeFiles/drivers__pinctrl.dir/common.c.obj
[ocelotrvp-ite:ro] [84/391] Building C object CMakeFiles/app.dir/mnt/host/source/src/platform/ec/build/zephyr/ocelotrvp-ite/modules/ec/common/dptf.c.obj
[bluey:ro] [237/336] Building C object zephyr/drivers/i2c/CMakeFiles/drivers__i2c.dir/i2c_npcx_port.c.obj
[bluey:ro] [238/336] Building C object zephyr/drivers/sensor/CMakeFiles/drivers__sensor.dir/mnt/host/source/src/third_party/zephyr/main/misc/empty_file.c.obj
[bluey:ro] [239/336] Linking C static library zephyr/drivers/i2c/libdrivers__i2c.a
[bluey:ro] [240/336] Building C object zephyr/drivers/pinctrl/CMakeFiles/drivers__pinctrl.dir/pinctrl_npcx.c.obj
[bluey:ro] [241/336] Linking C static library zephyr/drivers/sensor/libdrivers__sensor.a
[bluey:ro] [242/336] Linking C static library zephyr/drivers/pinctrl/libdrivers__pinctrl.a
[ocelotrvp-ite:ro] [85/391] Building C object CMakeFiles/app.dir/mnt/host/source/src/platform/ec/build/zephyr/ocelotrvp-ite/modules/ec/common/ap_reset_log.c.obj
[bluey:ro] [243/336] Building C object zephyr/drivers/pwm/CMakeFiles/drivers__pwm.dir/pwm_shell.c.obj
[bluey:ro] [244/336] Building C object zephyr/drivers/spi/CMakeFiles/drivers__spi.dir/mnt/host/source/src/third_party/zephyr/main/misc/empty_file.c.obj
[/mnt/host/source/src/platform/ec/build/zephyr/matsu_it82000-lcov]   /mnt/host/source/src/platform/ec/build/zephyr/matsu_it82000/build-rw/zephyr/drivers/syscon/CMakeFiles/drivers__syscon.dir/mnt/host/source/src/third_party/zephyr/main/misc/empty_file.c.gcno:no functions found
[/mnt/host/source/src/platform/ec/build/zephyr/matsu_it82000-lcov] Filter suppressions 'region':
[bluey:rw] [49/336] Building C object CMakeFiles/app.dir/mnt/host/source/src/platform/ec/build/zephyr/bluey/modules/ec/common/mkbp_info.c.obj
[bluey:ro] [245/336] Building C object zephyr/drivers/pwm/CMakeFiles/drivers__pwm.dir/pwm_npcx.c.obj
[bluey:ro] [246/336] Linking C static library zephyr/drivers/spi/libdrivers__spi.a
[/mnt/host/source/src/platform/ec/build/zephyr/matsu_it82000-lcov]     155 instances
[/mnt/host/source/src/platform/ec/build/zephyr/matsu_it82000-lcov]     240 coverpoints
[/mnt/host/source/src/platform/ec/build/zephyr/matsu_it82000-lcov] Message summary:
[/mnt/host/source/src/platform/ec/build/zephyr/matsu_it82000-lcov]   28 ignore messages:
[/mnt/host/source/src/platform/ec/build/zephyr/matsu_it82000-lcov]     gcov: 28
[bluey:ro] [247/336] Linking C static library zephyr/drivers/pwm/libdrivers__pwm.a
[ocelotrvp-ite:rw] [53/391] Building C object CMakeFiles/app.dir/mnt/host/source/src/platform/ec/zephyr/subsys/ucsi/ppm_driver.c.obj
[/mnt/host/source/src/platform/ec/build/zephyr/nivviks-lcov]   /mnt/host/source/src/platform/ec/build/zephyr/nivviks/build-rw/zephyr/CMakeFiles/zephyr.dir/soc/nuvoton/npcx/common/npcxn/registers.c.gcno:no functions found
[/mnt/host/source/src/platform/ec/build/zephyr/nivviks-lcov] stderr:
[bluey:ro] [248/336] Building C object zephyr/drivers/serial/CMakeFiles/drivers__serial.dir/uart_npcx.c.obj
[bluey:ro] [249/336] Building C object zephyr/drivers/sensor/nuvoton/nuvoton_tach_npcx/CMakeFiles/drivers__sensor__nuvoton__nuvoton_tach_npcx.dir/tach_nuvoton_npcx.c.obj
[bluey:ro] [250/336] Linking C static library zephyr/drivers/serial/libdrivers__serial.a
[bluey:ro] [251/336] Building C object zephyr/drivers/syscon/CMakeFiles/drivers__syscon.dir/syscon.c.obj
[bluey:ro] [252/336] Linking C static library zephyr/drivers/sensor/nuvoton/nuvoton_tach_npcx/libdrivers__sensor__nuvoton__nuvoton_tach_npcx.a
[bluey:ro] [253/336] Linking C static library zephyr/drivers/syscon/libdrivers__syscon.a
[ocelotrvp-ite:ro] [86/391] Building C object CMakeFiles/app.dir/mnt/host/source/src/platform/ec/build/zephyr/ocelotrvp-ite/modules/ec/common/espi.c.obj
[bluey:ro] [254/336] Building C object zephyr/drivers/timer/CMakeFiles/drivers__timer.dir/sys_clock_init.c.obj
[ocelotrvp-ite:ro] [87/391] Building C object CMakeFiles/app.dir/mnt/host/source/src/platform/ec/build/zephyr/ocelotrvp-ite/modules/ec/common/extpower_common.c.obj
[bluey:ro] [255/336] Building C object zephyr/drivers/timer/CMakeFiles/drivers__timer.dir/npcx_itim_timer.c.obj
[bluey:rw] [50/336] Building C object CMakeFiles/app.dir/mnt/host/source/src/platform/ec/build/zephyr/bluey/modules/ec/common/mkbp_input_devices.c.obj
[bluey:ro] [256/336] Linking C static library zephyr/drivers/timer/libdrivers__timer.a
[ocelotrvp-ite:ro] [88/391] Building C object CMakeFiles/app.dir/mnt/host/source/src/platform/ec/build/zephyr/ocelotrvp-ite/modules/ec/common/extpower_gpio.c.obj
[bluey:ro] [257/336] Building C object zephyr/drivers/watchdog/CMakeFiles/drivers__watchdog.dir/wdt_shell.c.obj
[bluey:ro] [258/336] Building C object zephyr/drivers/watchdog/CMakeFiles/drivers__watchdog.dir/wdt_npcx.c.obj
[bluey:ro] [259/336] Linking C static library zephyr/drivers/watchdog/libdrivers__watchdog.a
[ocelotrvp-ite:rw] [54/391] Building C object CMakeFiles/app.dir/mnt/host/source/src/platform/ec/zephyr/subsys/ucsi/ucsi_host_cmd.c.obj
[bluey:ro] [260/336] Building C object modules/ec/zephyr/CMakeFiles/ec_shim.dir/app/ec/main_shim.c.obj
[bluey:ro] [261/336] Building C object modules/ec/zephyr/CMakeFiles/ec_shim.dir/app/ec/ec_app_main.c.obj
[bluey:ro] [262/336] Building C object modules/ec/zephyr/CMakeFiles/ec_shim.dir/drivers/cros_flash/cros_flash_npcx.c.obj
[bluey:rw] [51/336] Building C object CMakeFiles/app.dir/mnt/host/source/src/platform/ec/build/zephyr/bluey/modules/ec/common/lid_switch.c.obj
[ocelotrvp-ite:ro] [89/391] Building C object CMakeFiles/app.dir/mnt/host/source/src/platform/ec/build/zephyr/ocelotrvp-ite/modules/ec/common/fan.c.obj
[bluey:ro] [263/336] Building C object modules/ec/zephyr/CMakeFiles/ec_shim.dir/drivers/cros_rtc/cros_rtc_npcx.c.obj
[ocelotrvp-ite:ro] [90/391] Building C object CMakeFiles/app.dir/mnt/host/source/src/platform/ec/build/zephyr/ocelotrvp-ite/modules/ec/common/host_command.c.obj
[ocelotrvp-ite:ro] [91/391] Building C object CMakeFiles/app.dir/mnt/host/source/src/platform/ec/build/zephyr/ocelotrvp-ite/modules/ec/common/flash.c.obj
[bluey:ro] [264/336] Building C object modules/ec/zephyr/CMakeFiles/ec_shim.dir/drivers/cros_shi/cros_shi_npcx.c.obj
[bluey:ro] [265/336] Building C object modules/ec/zephyr/CMakeFiles/ec_shim.dir/shim/chip/npcx/clock.c.obj
[ocelotrvp-ite:rw] [55/391] Building C object CMakeFiles/app.dir/mnt/host/source/src/platform/ec/build/zephyr/ocelotrvp-ite/modules/ec/builtin/stdlib.c.obj
[bluey:ro] [266/336] Building C object modules/ec/zephyr/CMakeFiles/ec_shim.dir/drivers/cros_system/cros_system_npcx.c.obj
[bluey:rw] [52/336] Building C object CMakeFiles/app.dir/mnt/host/source/src/platform/ec/build/zephyr/bluey/modules/ec/common/mkbp_event.c.obj
[bluey:ro] [267/336] Building C object modules/ec/zephyr/CMakeFiles/ec_shim.dir/shim/chip/npcx/rom_chip.c.obj
[/mnt/host/source/src/platform/ec/build/zephyr/caboc-lcov]   /mnt/host/source/src/platform/ec/build/zephyr/caboc/build-rw/zephyr/drivers/sensor/CMakeFiles/drivers__sensor.dir/mnt/host/source/src/third_party/zephyr/main/misc/empty_file.c.gcno:no functions found
[/mnt/host/source/src/platform/ec/build/zephyr/caboc-lcov] Filter suppressions 'region':
[/mnt/host/source/src/platform/ec/build/zephyr/caboc-lcov]     35 instances
[/mnt/host/source/src/platform/ec/build/zephyr/caboc-lcov]     26 coverpoints
[/mnt/host/source/src/platform/ec/build/zephyr/caboc-lcov] Message summary:
[/mnt/host/source/src/platform/ec/build/zephyr/caboc-lcov]   26 ignore messages:
[/mnt/host/source/src/platform/ec/build/zephyr/caboc-lcov]     gcov: 26
[ocelotrvp-ite:ro] [92/391] Building C object CMakeFiles/app.dir/mnt/host/source/src/platform/ec/build/zephyr/ocelotrvp-ite/modules/ec/common/uart_hostcmd.c.obj
[bluey:ro] [268/336] Building C object modules/ec/zephyr/CMakeFiles/ec_shim.dir/shim/chip/npcx/shi.c.obj
[ocelotrvp-ite:ro] [93/391] Building C object CMakeFiles/app.dir/mnt/host/source/src/platform/ec/build/zephyr/ocelotrvp-ite/modules/ec/common/host_command_task.c.obj
[/mnt/host/source/src/platform/ec/build/zephyr/pujjoga-lcov]   /mnt/host/source/src/platform/ec/build/zephyr/pujjoga/build-rw/zephyr/CMakeFiles/zephyr.dir/soc/nuvoton/npcx/common/npcxn/registers.c.gcno:no functions found
[/mnt/host/source/src/platform/ec/build/zephyr/pujjoga-lcov] stderr:
[ocelotrvp-ite:rw] [56/391] Building C object CMakeFiles/app.dir/mnt/host/source/src/platform/ec/build/zephyr/ocelotrvp-ite/modules/ec/common/base32.c.obj
[ocelotrvp-ite:ro] [94/391] Building C object CMakeFiles/app.dir/mnt/host/source/src/platform/ec/build/zephyr/ocelotrvp-ite/modules/ec/common/host_event_commands.c.obj
[bluey:ro] [269/336] Building C object modules/ec/zephyr/CMakeFiles/ec_shim.dir/shim/chip/npcx/system.c.obj
[bluey:ro] [270/336] Building C object modules/ec/zephyr/CMakeFiles/ec_shim.dir/shim/chip/npcx/system_external_storage.c.obj
[bluey:ro] [271/336] Building C object modules/ec/zephyr/CMakeFiles/ec_shim.dir/shim/chip/npcx/power_policy.c.obj
[bluey:rw] [53/336] Building C object CMakeFiles/app.dir/mnt/host/source/src/platform/ec/build/zephyr/bluey/modules/ec/common/power_button.c.obj
[bluey:ro] [272/336] Building C object modules/ec/zephyr/CMakeFiles/ec_shim.dir/shim/src/crc.c.obj
[bluey:ro] [273/336] Building C object modules/ec/zephyr/CMakeFiles/ec_shim.dir/shim/chip/npcx/gpio.c.obj
[ocelotrvp-ite:ro] [95/391] Building C object CMakeFiles/app.dir/mnt/host/source/src/platform/ec/build/zephyr/ocelotrvp-ite/modules/ec/common/uptime.c.obj
[bluey:ro] [274/336] Building C object modules/ec/zephyr/CMakeFiles/ec_shim.dir/shim/core/cortex-m/mpu.c.obj
[bluey:ro] [275/336] Building C object modules/ec/zephyr/CMakeFiles/ec_shim.dir/shim/core/cortex-m/panic.c.obj
[ocelotrvp-ite:ro] [96/391] Building C object CMakeFiles/app.dir/mnt/host/source/src/platform/ec/build/zephyr/ocelotrvp-ite/modules/ec/common/i2c_passthru.c.obj
[bluey:ro] [276/336] Building C object modules/ec/zephyr/CMakeFiles/ec_shim.dir/shim/src/console.c.obj
[ocelotrvp-ite:rw] [57/391] Building C object CMakeFiles/app.dir/mnt/host/source/src/platform/ec/build/zephyr/ocelotrvp-ite/modules/ec/common/console_output.c.obj
[ocelotrvp-ite:ro] [97/391] Building C object CMakeFiles/app.dir/mnt/host/source/src/platform/ec/build/zephyr/ocelotrvp-ite/modules/ec/common/i2c_controller.c.obj
[ocelotrvp-ite:ro] [98/391] Building C object CMakeFiles/app.dir/mnt/host/source/src/platform/ec/build/zephyr/ocelotrvp-ite/modules/ec/common/keyboard_8042.c.obj
[bluey:rw] [54/336] Building C object CMakeFiles/app.dir/mnt/host/source/src/platform/ec/build/zephyr/bluey/modules/ec/power/common.c.obj
[bluey:ro] [277/336] Building C object modules/ec/zephyr/CMakeFiles/ec_shim.dir/shim/src/panic_utils.c.obj
[bluey:ro] [278/336] Building C object modules/ec/zephyr/CMakeFiles/ec_shim.dir/shim/src/gpio_int.c.obj
[bluey:ro] [279/336] Building C object modules/ec/zephyr/CMakeFiles/ec_shim.dir/shim/src/gpio.c.obj
[ocelotrvp-ite:ro] [99/391] Building C object CMakeFiles/app.dir/mnt/host/source/src/platform/ec/build/zephyr/ocelotrvp-ite/modules/ec/common/keyboard_8042_sharedlib.c.obj
[bluey:ro] [280/336] Building C object modules/ec/zephyr/CMakeFiles/ec_shim.dir/shim/src/pm_state.c.obj
[bluey:ro] [281/336] Building ASM object modules/ec/zephyr/CMakeFiles/ec_shim.dir/shim/src/libgcc_arm.S.obj
[bluey:ro] [282/336] Building C object modules/ec/zephyr/CMakeFiles/ec_shim.dir/shim/src/cbi/cros_cbi.c.obj
[bluey:ro] [283/336] Building C object modules/ec/zephyr/CMakeFiles/ec_shim.dir/shim/src/popcountsi2.c.obj
[ocelotrvp-ite:ro] [100/391] Building C object CMakeFiles/app.dir/mnt/host/source/src/platform/ec/build/zephyr/ocelotrvp-ite/modules/ec/common/mkbp_fifo.c.obj
[ocelotrvp-ite:rw] [58/391] Building C object CMakeFiles/app.dir/mnt/host/source/src/platform/ec/build/zephyr/ocelotrvp-ite/modules/ec/common/ec_features.c.obj
[ocelotrvp-ite:ro] [101/391] Building C object CMakeFiles/app.dir/mnt/host/source/src/platform/ec/build/zephyr/ocelotrvp-ite/modules/ec/common/mkbp_info.c.obj
[bluey:ro] [284/336] Building C object modules/ec/zephyr/CMakeFiles/ec_shim.dir/shim/src/cbi/cbi_flash.c.obj
[bluey:rw] [55/336] Building C object CMakeFiles/app.dir/mnt/host/source/src/platform/ec/build/zephyr/bluey/modules/ec/power/host_sleep.c.obj
[ocelotrvp-ite:ro] [102/391] Building C object CMakeFiles/app.dir/mnt/host/source/src/platform/ec/build/zephyr/ocelotrvp-ite/modules/ec/common/mkbp_input_devices.c.obj
[bluey:ro] [285/336] Building C object modules/ec/zephyr/CMakeFiles/ec_shim.dir/shim/src/system.c.obj
[bluey:ro] [286/336] Building C object modules/ec/zephyr/CMakeFiles/ec_shim.dir/shim/src/adc.c.obj
[bluey:ro] [287/336] Building C object modules/ec/zephyr/CMakeFiles/ec_shim.dir/shim/src/battery.c.obj
[ocelotrvp-ite:ro] [103/391] Building C object CMakeFiles/app.dir/mnt/host/source/src/platform/ec/build/zephyr/ocelotrvp-ite/modules/ec/common/keyboard_backlight.c.obj
[/mnt/host/source/src/platform/ec/build/zephyr/rex-ish-ec-lcov]   /mnt/host/source/src/platform/ec/build/zephyr/rex-ish-ec/build-rw/zephyr/CMakeFiles/zephyr.dir/soc/nuvoton/npcx/common/npcxn/registers.c.gcno:no functions found
[/mnt/host/source/src/platform/ec/build/zephyr/rex-ish-ec-lcov] stderr:
[ocelotrvp-ite:ro] [104/391] Building C object CMakeFiles/app.dir/mnt/host/source/src/platform/ec/build/zephyr/ocelotrvp-ite/modules/ec/common/led_common.c.obj
[bluey:ro] [288/336] Building C object modules/ec/zephyr/CMakeFiles/ec_shim.dir/shim/src/fan.c.obj
[ocelotrvp-ite:rw] [59/391] Building C object CMakeFiles/app.dir/mnt/host/source/src/platform/ec/build/zephyr/ocelotrvp-ite/modules/ec/common/gpio_commands.c.obj
[ocelotrvp-ite:ro] [105/391] Building C object CMakeFiles/app.dir/mnt/host/source/src/platform/ec/build/zephyr/ocelotrvp-ite/modules/ec/common/lid_switch.c.obj
[bluey:ro] [289/336] Building C object modules/ec/zephyr/CMakeFiles/ec_shim.dir/shim/src/flash.c.obj
[bluey:rw] [56/336] Building C object CMakeFiles/app.dir/mnt/host/source/src/platform/ec/build/zephyr/bluey/modules/ec/power/qcom_exp.c.obj
[ocelotrvp-ite:ro] [106/391] Building C object CMakeFiles/app.dir/mnt/host/source/src/platform/ec/build/zephyr/ocelotrvp-ite/modules/ec/common/mkbp_event.c.obj
[bluey:ro] [290/336] Building C object modules/ec/zephyr/CMakeFiles/ec_shim.dir/shim/src/host_command.c.obj
[bluey:ro] [291/336] Building C object modules/ec/zephyr/CMakeFiles/ec_shim.dir/shim/src/hooks.c.obj
[bluey:ro] [292/336] Building C object modules/ec/zephyr/CMakeFiles/ec_shim.dir/shim/src/console_buffer.c.obj
[/mnt/host/source/src/platform/ec/build/zephyr/starmie-lcov]   /mnt/host/source/src/platform/ec/build/zephyr/starmie/build-rw/zephyr/CMakeFiles/zephyr.dir/soc/ite/ec/it8xxx2/check_regs.c.gcno:no functions found
[/mnt/host/source/src/platform/ec/build/zephyr/starmie-lcov] Filter suppressions 'region':
[/mnt/host/source/src/platform/ec/build/zephyr/nivviks-lcov]   /mnt/host/source/src/platform/ec/build/zephyr/nivviks/build-rw/zephyr/drivers/sensor/CMakeFiles/drivers__sensor.dir/mnt/host/source/src/third_party/zephyr/main/misc/empty_file.c.gcno:no functions found
[/mnt/host/source/src/platform/ec/build/zephyr/nivviks-lcov] Filter suppressions 'region':
[/mnt/host/source/src/platform/ec/build/zephyr/starmie-lcov]     35 instances
[/mnt/host/source/src/platform/ec/build/zephyr/starmie-lcov]     20 coverpoints
[/mnt/host/source/src/platform/ec/build/zephyr/starmie-lcov] Message summary:
[/mnt/host/source/src/platform/ec/build/zephyr/starmie-lcov]   29 ignore messages:
[/mnt/host/source/src/platform/ec/build/zephyr/starmie-lcov]     gcov: 29
[/mnt/host/source/src/platform/ec/build/zephyr/nivviks-lcov]     40 instances
[/mnt/host/source/src/platform/ec/build/zephyr/nivviks-lcov]     36 coverpoints
[/mnt/host/source/src/platform/ec/build/zephyr/nivviks-lcov] Message summary:
[/mnt/host/source/src/platform/ec/build/zephyr/nivviks-lcov]   31 ignore messages:
[/mnt/host/source/src/platform/ec/build/zephyr/nivviks-lcov]     gcov: 31
[bluey:ro] [293/336] Building C object modules/ec/zephyr/CMakeFiles/ec_shim.dir/shim/src/mkbp_event.c.obj
[ocelotrvp-ite:ro] [107/391] Building C object CMakeFiles/app.dir/mnt/host/source/src/platform/ec/build/zephyr/ocelotrvp-ite/modules/ec/common/port80.c.obj
[bluey:ro] [294/336] Building C object modules/ec/zephyr/CMakeFiles/ec_shim.dir/shim/src/panic.c.obj
[ocelotrvp-ite:ro] [108/391] Building C object CMakeFiles/app.dir/mnt/host/source/src/platform/ec/build/zephyr/ocelotrvp-ite/modules/ec/common/power_button.c.obj
[bluey:rw] [57/336] Building C object CMakeFiles/app.dir/mnt/host/source/src/platform/ec/build/zephyr/bluey/modules/ec/common/panic_output.c.obj
[ocelotrvp-ite:rw] [60/391] Building C object CMakeFiles/app.dir/mnt/host/source/src/platform/ec/build/zephyr/ocelotrvp-ite/modules/ec/common/peripheral.c.obj
[ocelotrvp-ite:ro] [109/391] Building C object CMakeFiles/app.dir/mnt/host/source/src/platform/ec/build/zephyr/ocelotrvp-ite/modules/ec/power/hibernate.c.obj
[bluey:ro] [295/336] Building C object modules/ec/zephyr/CMakeFiles/ec_shim.dir/shim/src/rtc.c.obj
[bluey:ro] [296/336] Building C object modules/ec/zephyr/CMakeFiles/ec_shim.dir/shim/src/temp_sensors.c.obj
[bluey:ro] [297/336] Building C object modules/ec/zephyr/CMakeFiles/ec_shim.dir/shim/src/thermal.c.obj
[bluey:ro] [298/336] Building C object modules/ec/zephyr/CMakeFiles/ec_shim.dir/shim/src/hwtimer.c.obj
[bluey:rw] [58/336] Building C object CMakeFiles/app.dir/mnt/host/source/src/platform/ec/build/zephyr/bluey/modules/ec/common/sha256.c.obj
[ocelotrvp-ite:ro] [110/391] Building C object CMakeFiles/app.dir/mnt/host/source/src/platform/ec/build/zephyr/ocelotrvp-ite/modules/ec/common/panic_output.c.obj
[ocelotrvp-ite:ro] [111/391] Building C object CMakeFiles/app.dir/mnt/host/source/src/platform/ec/build/zephyr/ocelotrvp-ite/modules/ec/common/shared_mem.c.obj
[bluey:ro] [299/336] Building C object modules/ec/zephyr/CMakeFiles/ec_shim.dir/shim/src/i2c.c.obj
[ocelotrvp-ite:ro] [112/391] Building C object CMakeFiles/app.dir/mnt/host/source/src/platform/ec/build/zephyr/ocelotrvp-ite/modules/ec/common/switch.c.obj
[bluey:rw] [59/336] Building C object CMakeFiles/app.dir/mnt/host/source/src/platform/ec/build/zephyr/bluey/modules/ec/common/shared_mem.c.obj
[ocelotrvp-ite:ro] [113/391] Building C object CMakeFiles/app.dir/mnt/host/source/src/platform/ec/build/zephyr/ocelotrvp-ite/modules/ec/common/tablet_mode.c.obj
[bluey:ro] [300/336] Building C object modules/ec/zephyr/CMakeFiles/ec_shim.dir/shim/src/usbc_stub.c.obj
[bluey:ro] [301/336] Building C object zephyr/kernel/CMakeFiles/kernel.dir/main_weak.c.obj
[ocelotrvp-ite:rw] [61/391] Building C object CMakeFiles/app.dir/mnt/host/source/src/platform/ec/build/zephyr/ocelotrvp-ite/modules/ec/common/printf.c.obj
[bluey:ro] [302/336] Building C object modules/ec/zephyr/CMakeFiles/ec_shim.dir/shim/src/watchdog.c.obj
[bluey:ro] [303/336] Building C object modules/ec/zephyr/CMakeFiles/ec_shim.dir/shim/src/tasks.c.obj
[ocelotrvp-ite:ro] [114/391] Building C object CMakeFiles/app.dir/mnt/host/source/src/platform/ec/build/zephyr/ocelotrvp-ite/modules/ec/common/thermal.c.obj
[bluey:rw] [60/336] Building C object CMakeFiles/app.dir/mnt/host/source/src/platform/ec/build/zephyr/bluey/modules/ec/common/switch.c.obj
[bluey:ro] [304/336] Building C object zephyr/kernel/CMakeFiles/kernel.dir/banner.c.obj
[bluey:ro] [305/336] Linking C static library modules/ec/zephyr/libec_shim.a
[ocelotrvp-ite:ro] [115/391] Building C object CMakeFiles/app.dir/mnt/host/source/src/platform/ec/build/zephyr/ocelotrvp-ite/modules/ec/common/temp_sensor.c.obj
[ocelotrvp-ite:ro] [116/391] Building C object CMakeFiles/app.dir/mnt/host/source/src/platform/ec/build/zephyr/ocelotrvp-ite/modules/ec/driver/temp_sensor/thermistor.c.obj
[bluey:rw] [61/336] Building C object CMakeFiles/app.dir/mnt/host/source/src/platform/ec/build/zephyr/bluey/modules/ec/common/spi_flash_reg.c.obj
[bluey:ro] [306/336] Building C object zephyr/kernel/CMakeFiles/kernel.dir/busy_wait.c.obj
[bluey:ro] [307/336] Building C object zephyr/kernel/CMakeFiles/kernel.dir/device.c.obj
[bluey:ro] [308/336] Building C object zephyr/kernel/CMakeFiles/kernel.dir/errno.c.obj
[ocelotrvp-ite:ro] [117/391] Building C object CMakeFiles/app.dir/mnt/host/source/src/platform/ec/build/zephyr/ocelotrvp-ite/modules/ec/common/timer.c.obj
[ocelotrvp-ite:rw] [62/391] Building C object CMakeFiles/app.dir/mnt/host/source/src/platform/ec/build/zephyr/ocelotrvp-ite/modules/ec/common/queue.c.obj
[ocelotrvp-ite:ro] [118/391] Building C object CMakeFiles/app.dir/mnt/host/source/src/platform/ec/build/zephyr/ocelotrvp-ite/modules/ec/common/usb_port_power_dumb.c.obj
[bluey:ro] [309/336] Building C object zephyr/kernel/CMakeFiles/kernel.dir/fatal.c.obj
[ocelotrvp-ite:ro] [119/391] Building C object CMakeFiles/app.dir/mnt/host/source/src/platform/ec/build/zephyr/ocelotrvp-ite/modules/ec/common/usbc_utils.c.obj
[bluey:ro] [310/336] Building C object zephyr/kernel/CMakeFiles/kernel.dir/init.c.obj
[bluey:rw] [62/336] Building C object CMakeFiles/app.dir/mnt/host/source/src/platform/ec/build/zephyr/bluey/modules/ec/common/thermal.c.obj
[bluey:ro] [311/336] Building C object zephyr/kernel/CMakeFiles/kernel.dir/version.c.obj
[bluey:ro] [312/336] Building C object zephyr/kernel/CMakeFiles/kernel.dir/kheap.c.obj
[bluey:rw] [63/336] Building C object CMakeFiles/app.dir/mnt/host/source/src/platform/ec/build/zephyr/bluey/modules/ec/common/temp_sensor.c.obj
[bluey:ro] [313/336] Building C object zephyr/kernel/CMakeFiles/kernel.dir/float.c.obj
[ocelotrvp-ite:ro] [120/391] Building C object CMakeFiles/app.dir/mnt/host/source/src/platform/ec/build/zephyr/ocelotrvp-ite/modules/ec/common/usb_common.c.obj
[bluey:ro] [314/336] Building C object zephyr/kernel/CMakeFiles/kernel.dir/mem_slab.c.obj
[ocelotrvp-ite:ro] [121/391] Building C object CMakeFiles/app.dir/mnt/host/source/src/platform/ec/build/zephyr/ocelotrvp-ite/modules/ec/common/usb_pd_host_cmd_common.c.obj
[bluey:ro] [315/336] Building C object zephyr/kernel/CMakeFiles/kernel.dir/idle.c.obj
[bluey:rw] [64/336] Building C object CMakeFiles/app.dir/mnt/host/source/src/platform/ec/build/zephyr/bluey/modules/ec/driver/temp_sensor/thermistor.c.obj
[bluey:ro] [316/336] Building C object zephyr/kernel/CMakeFiles/kernel.dir/mailbox.c.obj
[bluey:ro] [317/336] Building C object zephyr/kernel/CMakeFiles/kernel.dir/msg_q.c.obj
[/mnt/host/source/src/platform/ec/build/zephyr/pujjoga-lcov]   /mnt/host/source/src/platform/ec/build/zephyr/pujjoga/build-rw/zephyr/drivers/sensor/CMakeFiles/drivers__sensor.dir/mnt/host/source/src/third_party/zephyr/main/misc/empty_file.c.gcno:no functions found
[/mnt/host/source/src/platform/ec/build/zephyr/pujjoga-lcov] Filter suppressions 'region':
[ocelotrvp-ite:ro] [122/391] Building C object CMakeFiles/app.dir/mnt/host/source/src/platform/ec/build/zephyr/ocelotrvp-ite/modules/ec/common/vboot_hash.c.obj
[ocelotrvp-ite:ro] [123/391] Building C object CMakeFiles/app.dir/mnt/host/source/src/platform/ec/build/zephyr/ocelotrvp-ite/modules/ec/common/vstore.c.obj
[/mnt/host/source/src/platform/ec/build/zephyr/pujjoga-lcov]     38 instances
[/mnt/host/source/src/platform/ec/build/zephyr/pujjoga-lcov]     34 coverpoints
[/mnt/host/source/src/platform/ec/build/zephyr/pujjoga-lcov] Message summary:
[/mnt/host/source/src/platform/ec/build/zephyr/pujjoga-lcov]   31 ignore messages:
[/mnt/host/source/src/platform/ec/build/zephyr/pujjoga-lcov]     gcov: 31
[bluey:ro] [318/336] Building C object zephyr/kernel/CMakeFiles/kernel.dir/mutex.c.obj
[ocelotrvp-ite:ro] [124/391] Building C object CMakeFiles/app.dir/mnt/host/source/src/platform/ec/build/zephyr/ocelotrvp-ite/modules/ec/common/button.c.obj
[bluey:rw] [65/336] Building C object CMakeFiles/app.dir/mnt/host/source/src/platform/ec/build/zephyr/bluey/modules/ec/common/timer.c.obj
[ocelotrvp-ite:rw] [63/391] Building C object CMakeFiles/app.dir/mnt/host/source/src/platform/ec/build/zephyr/ocelotrvp-ite/modules/ec/common/system.c.obj
[bluey:ro] [319/336] Building C object zephyr/kernel/CMakeFiles/kernel.dir/queue.c.obj
[ocelotrvp-ite:ro] [125/391] Building C object CMakeFiles/app.dir/mnt/host/source/src/platform/ec/build/zephyr/ocelotrvp-ite/modules/ec/common/math_util.c.obj
[ocelotrvp-ite:ro] [126/391] Building C object CMakeFiles/app.dir/mnt/host/source/src/platform/ec/build/zephyr/ocelotrvp-ite/modules/ec/driver/led/max695x.c.obj
[bluey:ro] [320/336] Building C object zephyr/kernel/CMakeFiles/kernel.dir/sem.c.obj
[bluey:ro] [321/336] Building C object zephyr/kernel/CMakeFiles/kernel.dir/stack.c.obj
[bluey:ro] [322/336] Building C object zephyr/kernel/CMakeFiles/kernel.dir/system_work_q.c.obj
[bluey:rw] [66/336] Building C object CMakeFiles/app.dir/mnt/host/source/src/platform/ec/build/zephyr/bluey/modules/ec/common/chargen.c.obj
[bluey:ro] [323/336] Building C object zephyr/kernel/CMakeFiles/kernel.dir/condvar.c.obj
[bluey:ro] [324/336] Building C object zephyr/kernel/CMakeFiles/kernel.dir/work.c.obj
[ocelotrvp-ite:ro] [127/391] Building C object CMakeFiles/app.dir/src/rvp_keyboard_customization.c.obj
[bluey:rw] [67/336] Building C object CMakeFiles/app.dir/mnt/host/source/src/platform/ec/build/zephyr/bluey/modules/ec/common/vboot_hash.c.obj
[bluey:ro] [325/336] Building C object zephyr/kernel/CMakeFiles/kernel.dir/thread.c.obj
[ocelotrvp-ite:ro] [128/391] Building C object zephyr/CMakeFiles/zephyr.dir/lib/cpp/abi/cpp_dtors.c.obj
[ocelotrvp-ite:ro] [129/391] Building C object CMakeFiles/app.dir/src/rvp_board_power.c.obj
[ocelotrvp-ite:ro] [130/391] Building C object CMakeFiles/app.dir/src/rvp_usbc_runtime.c.obj
[ocelotrvp-ite:rw] [64/391] Building C object CMakeFiles/app.dir/mnt/host/source/src/platform/ec/build/zephyr/ocelotrvp-ite/modules/ec/common/system_boot_time.c.obj
[ocelotrvp-ite:ro] [131/391] Building C object zephyr/CMakeFiles/zephyr.dir/lib/libc/validate_libc.c.obj
[bluey:ro] [326/336] Building C object zephyr/kernel/CMakeFiles/kernel.dir/sched.c.obj
[bluey:ro] [327/336] Building C object zephyr/kernel/CMakeFiles/kernel.dir/spinlock_validate.c.obj
[ocelotrvp-ite:ro] [132/391] Building C object CMakeFiles/app.dir/mnt/host/source/src/platform/ec/zephyr/program/intelrvp/src/dc_jack.c.obj
[bluey:ro] [328/336] Building C object zephyr/kernel/CMakeFiles/kernel.dir/pipe.c.obj
[bluey:ro] [329/336] Building C object zephyr/kernel/CMakeFiles/kernel.dir/thread_monitor.c.obj
[bluey:ro] [330/336] Building C object zephyr/kernel/CMakeFiles/kernel.dir/timeout.c.obj
Running (initial) lcov on /mnt/host/source/src/platform/ec/build/zephyr/ptlrvp_npcx.
[bluey:ro] [331/336] Building C object zephyr/kernel/CMakeFiles/kernel.dir/timer.c.obj
[bluey:rw] [68/336] Building C object CMakeFiles/app.dir/mnt/host/source/src/platform/ec/build/zephyr/bluey/modules/ec/common/vboot/efs2.c.obj
[ocelotrvp-ite:ro] [133/391] Linking CXX static library app/libapp.a
[bluey:rw] [69/336] Building C object CMakeFiles/app.dir/mnt/host/source/src/platform/ec/build/zephyr/bluey/modules/ec/common/vstore.c.obj
[ocelotrvp-ite:ro] [134/391] Building C object zephyr/CMakeFiles/zephyr.dir/lib/heap/heap.c.obj
[ocelotrvp-ite:ro] [135/391] Building C object zephyr/CMakeFiles/zephyr.dir/lib/os/cbprintf_packaged.c.obj
Running `env -i PYTHONPATH=/usr/lib64/python-exec/python3.11:/mnt/host/source/src/platform/ec/zephyr/zmake:/usr/lib/python311.zip:/usr/lib/python3.11:/usr/lib/python3.11/lib-dynload:/usr/lib/python3.11/site-packages PW_PIGWEED_CIPD_INSTALL_DIR=/usr CROSTC_USER_ACKNOWLEDGES_THAT_RISCV_IS_EXPERIMENTAL=1 PATH=/mnt/host/source/chromite/bin:/usr/local/bin:/usr/bin:/bin:/opt/bin:/mnt/host/source/chromite/sdk/bin:/mnt/host/source/chromite/bin HOME=/home/jpmurphy JAVA_HOME=/etc/java-config-2/current-system-vm JDK_HOME=/etc/java-config-2/current-system-vm JAVAC=/etc/java-config-2/current-system-vm/bin/javac MAKEFLAGS=' -j16 --jobserver-auth=5,6' /usr/bin/lcov --gcov-tool /mnt/host/source/src/platform/ec/build/zephyr/ptlrvp_npcx/build-rw/gcov.sh -q -o - -c -d /mnt/host/source/src/platform/ec/build/zephyr/ptlrvp_npcx -t ptlrvp_npcx --rc branch_coverage=1 --filter range --ignore-errors inconsistent,source --ignore-errors gcov,gcov -i`
[ocelotrvp-ite:ro] [136/391] Building C object zephyr/CMakeFiles/zephyr.dir/lib/os/clock.c.obj
[ocelotrvp-ite:ro] [137/391] Building C object zephyr/CMakeFiles/zephyr.dir/lib/os/printk.c.obj
[bluey:ro] [332/336] Building C object zephyr/kernel/CMakeFiles/kernel.dir/events.c.obj
[bluey:ro] [333/336] Building C object zephyr/kernel/CMakeFiles/kernel.dir/mempool.c.obj
[ocelotrvp-ite:rw] [65/391] Building C object CMakeFiles/app.dir/mnt/host/source/src/platform/ec/build/zephyr/ocelotrvp-ite/modules/ec/common/uart_printf.c.obj
[bluey:ro] [334/336] Building C object zephyr/kernel/CMakeFiles/kernel.dir/dynamic_disabled.c.obj
[ocelotrvp-ite:ro] [138/391] Building C object zephyr/CMakeFiles/zephyr.dir/lib/utils/base64.c.obj
[bluey:ro] [335/336] Building C object zephyr/kernel/CMakeFiles/kernel.dir/poll.c.obj
[bluey:ro] [336/336] Linking C static library zephyr/kernel/libkernel.a
[bluey:rw] [70/336] Building C object CMakeFiles/app.dir/mnt/host/source/src/platform/ec/build/zephyr/bluey/modules/ec/common/rtc.c.obj
[/mnt/host/source/src/platform/ec/build/zephyr/helipilot-lcov] geninfo: WARNING: (inconsistent) "/usr/armv7m-cros-eabi/usr/include/c++/v1/optional":357: function _ZNSt3__123__optional_storage_baseINS_4spanIKhLj32EEELb0EEC2Ev end line 340 less than start line 357.  Cannot derive function end line.  See lcovrc man entry for 'derive_function_end_line'.
[ocelotrvp-ite:ro] [139/391] Building C object zephyr/CMakeFiles/zephyr.dir/lib/os/sem.c.obj
[ocelotrvp-ite:ro] [140/391] Building C object zephyr/CMakeFiles/zephyr.dir/lib/utils/dec.c.obj
[ocelotrvp-ite:ro] [141/391] Building C object zephyr/CMakeFiles/zephyr.dir/lib/utils/hex.c.obj
[/mnt/host/source/src/platform/ec/build/zephyr/helipilot-lcov] 	(use "geninfo --ignore-errors inconsistent,inconsistent ..." to suppress this warning)
[/mnt/host/source/src/platform/ec/build/zephyr/helipilot-lcov] geninfo: WARNING: (inconsistent) "/usr/armv7m-cros-eabi/usr/include/c++/v1/optional":357: failed to set end line for function _ZNSt3__123__optional_storage_baseINS_4spanIKhLj32EEELb0EEC2Ev.
[/mnt/host/source/src/platform/ec/build/zephyr/helipilot-lcov] 	(use "geninfo --ignore-errors inconsistent,inconsistent ..." to suppress this warning)
[/mnt/host/source/src/platform/ec/build/zephyr/helipilot-lcov] geninfo: WARNING: (inconsistent) "/usr/armv7m-cros-eabi/usr/include/c++/v1/optional":360: function _ZNSt3__123__optional_storage_baseI28fp_elliptic_curve_public_keyLb0EECI2NS_24__optional_destruct_baseIS1_Lb1EEEIJS1_EEENS_10in_place_tEDpOT_ end line 340 less than start line 360.  Cannot derive function end line.
[/mnt/host/source/src/platform/ec/build/zephyr/helipilot-lcov] 	(use "geninfo --ignore-errors inconsistent,inconsistent ..." to suppress this warning)
[/mnt/host/source/src/platform/ec/build/zephyr/helipilot-lcov] geninfo: WARNING: (inconsistent) "/usr/armv7m-cros-eabi/usr/include/c++/v1/optional":360: failed to set end line for function _ZNSt3__123__optional_storage_baseI28fp_elliptic_curve_public_keyLb0EECI2NS_24__optional_destruct_baseIS1_Lb1EEEIJS1_EEENS_10in_place_tEDpOT_.
[/mnt/host/source/src/platform/ec/build/zephyr/helipilot-lcov] 	(use "geninfo --ignore-errors inconsistent,inconsistent ..." to suppress this warning)
[/mnt/host/source/src/platform/ec/build/zephyr/helipilot-lcov] geninfo: WARNING: (inconsistent) "/usr/armv7m-cros-eabi/usr/include/c++/v1/optional":469: function _ZNSt3__120__optional_copy_baseINS_4spanIKhLj32EEELb1EEC2Ev end line 374 less than start line 469.  Cannot derive function end line.
[/mnt/host/source/src/platform/ec/build/zephyr/helipilot-lcov] 	(use "geninfo --ignore-errors inconsistent,inconsistent ..." to suppress this warning)
[/mnt/host/source/src/platform/ec/build/zephyr/helipilot-lcov] geninfo: WARNING: (inconsistent) "/usr/armv7m-cros-eabi/usr/include/c++/v1/optional":469: failed to set end line for function _ZNSt3__120__optional_copy_baseINS_4spanIKhLj32EEELb1EEC2Ev.
[/mnt/host/source/src/platform/ec/build/zephyr/helipilot-lcov] 	(use "geninfo --ignore-errors inconsistent,inconsistent ..." to suppress this warning)
[/mnt/host/source/src/platform/ec/build/zephyr/helipilot-lcov] geninfo: WARNING: (inconsistent) "/usr/armv7m-cros-eabi/usr/include/c++/v1/optional":470: function _ZNSt3__120__optional_copy_baseI28fp_elliptic_curve_public_keyLb1EECI2NS_24__optional_destruct_baseIS1_Lb1EEEIJS1_EEENS_10in_place_tEDpOT_ end line 374 less than start line 470.  Cannot derive function end line.
[/mnt/host/source/src/platform/ec/build/zephyr/helipilot-lcov] 	(use "geninfo --ignore-errors inconsistent,inconsistent ..." to suppress this warning)
[/mnt/host/source/src/platform/ec/build/zephyr/helipilot-lcov] geninfo: WARNING: (inconsistent) "/usr/armv7m-cros-eabi/usr/include/c++/v1/optional":470: failed to set end line for function _ZNSt3__120__optional_copy_baseI28fp_elliptic_curve_public_keyLb1EECI2NS_24__optional_destruct_baseIS1_Lb1EEEIJS1_EEENS_10in_place_tEDpOT_.
[/mnt/host/source/src/platform/ec/build/zephyr/helipilot-lcov] 	(use "geninfo --ignore-errors inconsistent,inconsistent ..." to suppress this warning)
[/mnt/host/source/src/platform/ec/build/zephyr/helipilot-lcov] geninfo: WARNING: (inconsistent) "/usr/armv7m-cros-eabi/usr/include/c++/v1/optional":489: function _ZNSt3__120__optional_move_baseINS_4spanIKhLj32EEELb1EEC2Ev end line 374 less than start line 489.  Cannot derive function end line.
[/mnt/host/source/src/platform/ec/build/zephyr/helipilot-lcov] 	(use "geninfo --ignore-errors inconsistent,inconsistent ..." to suppress this warning)
[/mnt/host/source/src/platform/ec/build/zephyr/helipilot-lcov] geninfo: WARNING: (inconsistent) "/usr/armv7m-cros-eabi/usr/include/c++/v1/optional":489: failed to set end line for function _ZNSt3__120__optional_move_baseINS_4spanIKhLj32EEELb1EEC2Ev.
[/mnt/host/source/src/platform/ec/build/zephyr/helipilot-lcov] 	(use "geninfo --ignore-errors inconsistent,inconsistent ..." to suppress this warning)
[/mnt/host/source/src/platform/ec/build/zephyr/helipilot-lcov] geninfo: WARNING: (inconsistent) "/usr/armv7m-cros-eabi/usr/include/c++/v1/optional":490: function _ZNSt3__120__optional_move_baseI28fp_elliptic_curve_public_keyLb1EECI2NS_24__optional_destruct_baseIS1_Lb1EEEIJS1_EEENS_10in_place_tEDpOT_ end line 374 less than start line 490.  Cannot derive function end line.
[/mnt/host/source/src/platform/ec/build/zephyr/helipilot-lcov] 	(use "geninfo --ignore-errors inconsistent,inconsistent ..." to suppress this warning)
[/mnt/host/source/src/platform/ec/build/zephyr/helipilot-lcov] geninfo: WARNING: (inconsistent) "/usr/armv7m-cros-eabi/usr/include/c++/v1/optional":490: failed to set end line for function _ZNSt3__120__optional_move_baseI28fp_elliptic_curve_public_keyLb1EECI2NS_24__optional_destruct_baseIS1_Lb1EEEIJS1_EEENS_10in_place_tEDpOT_.
[/mnt/host/source/src/platform/ec/build/zephyr/helipilot-lcov] 	(use "geninfo --ignore-errors inconsistent,inconsistent ..." to suppress this warning)
[/mnt/host/source/src/platform/ec/build/zephyr/helipilot-lcov] geninfo: WARNING: (inconsistent) "/usr/armv7m-cros-eabi/usr/include/c++/v1/optional":513: function _ZNSt3__127__optional_copy_assign_baseINS_4spanIKhLj32EEELb1EEC2Ev end line 374 less than start line 513.  Cannot derive function end line.
[/mnt/host/source/src/platform/ec/build/zephyr/helipilot-lcov] 	(use "geninfo --ignore-errors inconsistent,inconsistent ..." to suppress this warning)
[/mnt/host/source/src/platform/ec/build/zephyr/helipilot-lcov] geninfo: WARNING: (inconsistent) "/usr/armv7m-cros-eabi/usr/include/c++/v1/optional":513: failed to set end line for function _ZNSt3__127__optional_copy_assign_baseINS_4spanIKhLj32EEELb1EEC2Ev.
[/mnt/host/source/src/platform/ec/build/zephyr/helipilot-lcov] 	(use "geninfo --ignore-errors inconsistent,inconsistent ..." to suppress this warning)
[/mnt/host/source/src/platform/ec/build/zephyr/helipilot-lcov] geninfo: WARNING: (inconsistent) "/usr/armv7m-cros-eabi/usr/include/c++/v1/optional":514: function _ZNSt3__127__optional_copy_assign_baseI28fp_elliptic_curve_public_keyLb1EECI2NS_24__optional_destruct_baseIS1_Lb1EEEIJS1_EEENS_10in_place_tEDpOT_ end line 374 less than start line 514.  Cannot derive function end line.
[/mnt/host/source/src/platform/ec/build/zephyr/helipilot-lcov] 	(use "geninfo --ignore-errors inconsistent,inconsistent ..." to suppress this warning)
[/mnt/host/source/src/platform/ec/build/zephyr/helipilot-lcov] geninfo: WARNING: (inconsistent) "/usr/armv7m-cros-eabi/usr/include/c++/v1/optional":514: failed to set end line for function _ZNSt3__127__optional_copy_assign_baseI28fp_elliptic_curve_public_keyLb1EECI2NS_24__optional_destruct_baseIS1_Lb1EEEIJS1_EEENS_10in_place_tEDpOT_.
[/mnt/host/source/src/platform/ec/build/zephyr/helipilot-lcov] 	(use "geninfo --ignore-errors inconsistent,inconsistent ..." to suppress this warning)
[/mnt/host/source/src/platform/ec/build/zephyr/helipilot-lcov] geninfo: WARNING: (inconsistent) "/usr/armv7m-cros-eabi/usr/include/c++/v1/optional":537: function _ZNSt3__127__optional_move_assign_baseINS_4spanIKhLj32EEELb1EEC2Ev end line 374 less than start line 537.  Cannot derive function end line.
[/mnt/host/source/src/platform/ec/build/zephyr/helipilot-lcov] 	(use "geninfo --ignore-errors inconsistent,inconsistent ..." to suppress this warning)
[/mnt/host/source/src/platform/ec/build/zephyr/helipilot-lcov] geninfo: WARNING: (inconsistent) "/usr/armv7m-cros-eabi/usr/include/c++/v1/optional":537: failed to set end line for function _ZNSt3__127__optional_move_assign_baseINS_4spanIKhLj32EEELb1EEC2Ev.
[/mnt/host/source/src/platform/ec/build/zephyr/helipilot-lcov] 	(use "geninfo --ignore-errors inconsistent,inconsistent ..." to suppress this warning)
[/mnt/host/source/src/platform/ec/build/zephyr/helipilot-lcov] geninfo: WARNING: (inconsistent) "/usr/armv7m-cros-eabi/usr/include/c++/v1/optional":538: function _ZNSt3__127__optional_move_assign_baseI28fp_elliptic_curve_public_keyLb1EECI2NS_24__optional_destruct_baseIS1_Lb1EEEIJS1_EEENS_10in_place_tEDpOT_ end line 374 less than start line 538.  Cannot derive function end line.
[/mnt/host/source/src/platform/ec/build/zephyr/helipilot-lcov] 	(use "geninfo --ignore-errors inconsistent,inconsistent ..." to suppress this warning)
[/mnt/host/source/src/platform/ec/build/zephyr/helipilot-lcov] geninfo: WARNING: (inconsistent) "/usr/armv7m-cros-eabi/usr/include/c++/v1/optional":538: failed to set end line for function _ZNSt3__127__optional_move_assign_baseI28fp_elliptic_curve_public_keyLb1EECI2NS_24__optional_destruct_baseIS1_Lb1EEEIJS1_EEENS_10in_place_tEDpOT_.
[/mnt/host/source/src/platform/ec/build/zephyr/helipilot-lcov] 	(use "geninfo --ignore-errors inconsistent,inconsistent ..." to suppress this warning)
[/mnt/host/source/src/platform/ec/build/zephyr/helipilot-lcov] Filter suppressions 'region':
[/mnt/host/source/src/platform/ec/build/zephyr/helipilot-lcov]     28 instances
[/mnt/host/source/src/platform/ec/build/zephyr/helipilot-lcov]     8 coverpoints
[/mnt/host/source/src/platform/ec/build/zephyr/helipilot-lcov] Message summary:
[/mnt/host/source/src/platform/ec/build/zephyr/helipilot-lcov]   20 warning messages:
[/mnt/host/source/src/platform/ec/build/zephyr/helipilot-lcov]     inconsistent: 20
[/mnt/host/source/src/platform/ec/build/zephyr/helipilot-lcov]   17 ignore messages:
[/mnt/host/source/src/platform/ec/build/zephyr/helipilot-lcov]     gcov: 17
[bluey:rw] [71/336] Building C object CMakeFiles/app.dir/mnt/host/source/src/platform/ec/build/zephyr/bluey/modules/ec/common/math_util.c.obj
[ocelotrvp-ite:ro] [142/391] Building C object zephyr/CMakeFiles/zephyr.dir/lib/os/thread_entry.c.obj
[ocelotrvp-ite:ro] [143/391] Building C object zephyr/CMakeFiles/zephyr.dir/lib/utils/bitmask.c.obj
[ocelotrvp-ite:ro] [144/391] Building C object zephyr/CMakeFiles/zephyr.dir/lib/os/cbprintf_nano.c.obj
[ocelotrvp-ite:ro] [145/391] Building C object zephyr/CMakeFiles/zephyr.dir/lib/os/assert.c.obj
[ocelotrvp-ite:ro] [146/391] Building C object zephyr/CMakeFiles/zephyr.dir/lib/utils/last_section_id.c.obj
[ocelotrvp-ite:ro] [147/391] Building C object zephyr/CMakeFiles/zephyr.dir/lib/utils/timeutil.c.obj
[bluey:rw] [72/336] Building C object CMakeFiles/app.dir/bluey/src/chipset.c.obj
[/mnt/host/source/src/platform/ec/build/zephyr/ptlrvp_npcx-lcov] geninfo: WARNING: using JSON module "JSON::PP" - which is much slower than some alternatives.  Consider installing one of JSON::XS or Cpanel::JSON::XS
[ocelotrvp-ite:ro] [148/391] Building C object zephyr/CMakeFiles/zephyr.dir/lib/utils/rb.c.obj
[bluey:rw] [73/336] Building C object CMakeFiles/app.dir/bluey/src/fan.c.obj
[ocelotrvp-ite:ro] [149/391] Building C object zephyr/CMakeFiles/zephyr.dir/lib/utils/ring_buffer.c.obj
[ocelotrvp-ite:rw] [66/391] Building C object CMakeFiles/app.dir/mnt/host/source/src/platform/ec/build/zephyr/ocelotrvp-ite/modules/ec/common/util.c.obj
[ocelotrvp-ite:rw] [67/391] Building C object CMakeFiles/app.dir/mnt/host/source/src/platform/ec/build/zephyr/ocelotrvp-ite/modules/ec/common/version.c.obj
[/mnt/host/source/src/platform/ec/build/zephyr/rex-ish-ec-lcov]   /mnt/host/source/src/platform/ec/build/zephyr/rex-ish-ec/build-rw/zephyr/drivers/sensor/CMakeFiles/drivers__sensor.dir/mnt/host/source/src/third_party/zephyr/main/misc/empty_file.c.gcno:no functions found
[/mnt/host/source/src/platform/ec/build/zephyr/rex-ish-ec-lcov] Filter suppressions 'region':
[ocelotrvp-ite:rw] [68/391] Building C object CMakeFiles/app.dir/mnt/host/source/src/platform/ec/build/zephyr/ocelotrvp-ite/modules/ec/common/power_button_x86.c.obj
[/mnt/host/source/src/platform/ec/build/zephyr/rex-ish-ec-lcov]     33 instances
[/mnt/host/source/src/platform/ec/build/zephyr/rex-ish-ec-lcov]     20 coverpoints
[/mnt/host/source/src/platform/ec/build/zephyr/rex-ish-ec-lcov] Message summary:
[/mnt/host/source/src/platform/ec/build/zephyr/rex-ish-ec-lcov]   1 warning message:
[/mnt/host/source/src/platform/ec/build/zephyr/rex-ish-ec-lcov]     format: 1
[/mnt/host/source/src/platform/ec/build/zephyr/rex-ish-ec-lcov]   37 ignore messages:
[/mnt/host/source/src/platform/ec/build/zephyr/rex-ish-ec-lcov]     gcov: 37
[ocelotrvp-ite:ro] [150/391] Building ASM object zephyr/CMakeFiles/zephyr.dir/soc/ite/ec/common/soc_irq.S.obj
[ocelotrvp-ite:ro] [151/391] Building C object zephyr/CMakeFiles/zephyr.dir/misc/generated/configs.c.obj
[ocelotrvp-ite:ro] [152/391] Building C object zephyr/CMakeFiles/zephyr.dir/lib/utils/bitarray.c.obj
[ocelotrvp-ite:ro] [153/391] Building C object zephyr/CMakeFiles/zephyr.dir/lib/utils/getopt/getopt.c.obj
[ocelotrvp-ite:ro] [154/391] Building C object zephyr/CMakeFiles/zephyr.dir/lib/utils/getopt/getopt_common.c.obj
[ocelotrvp-ite:ro] [155/391] Building C object zephyr/CMakeFiles/zephyr.dir/soc/ite/ec/common/soc_common_irq.c.obj
[bluey:rw] [74/336] Building C object CMakeFiles/app.dir/src/battery.c.obj
[ocelotrvp-ite:ro] [156/391] Building C object zephyr/CMakeFiles/zephyr.dir/soc/ite/ec/common/power.c.obj
[ocelotrvp-ite:ro] [157/391] Building ASM object zephyr/CMakeFiles/zephyr.dir/soc/ite/ec/it8xxx2/vector.S.obj
[bluey:rw] [75/336] Building C object CMakeFiles/app.dir/src/switchcap.c.obj
[ocelotrvp-ite:ro] [158/391] Building C object zephyr/CMakeFiles/zephyr.dir/soc/ite/ec/common/policy.c.obj
[bluey:rw] [76/336] Building C object CMakeFiles/app.dir/src/chipset.c.obj
[ocelotrvp-ite:ro] [159/391] Building C object zephyr/CMakeFiles/zephyr.dir/soc/ite/ec/it8xxx2/check_regs.c.obj
[ocelotrvp-ite:ro] [160/391] Building C object zephyr/CMakeFiles/zephyr.dir/soc/ite/ec/it8xxx2/soc.c.obj
[/mnt/host/source/src/platform/ec/build/zephyr/ptlrvp_npcx-lcov] stderr:
[bluey:rw] [77/336] Building C object CMakeFiles/app.dir/src/adsp_i2c_mode.c.obj
[ocelotrvp-ite:rw] [69/391] Building C object CMakeFiles/app.dir/mnt/host/source/src/platform/ec/build/zephyr/ocelotrvp-ite/modules/ec/common/adc.c.obj
[bluey:rw] [78/336] Building C object zephyr/CMakeFiles/zephyr.dir/lib/libc/validate_libc.c.obj
[ocelotrvp-ite:ro] [161/391] Building C object zephyr/CMakeFiles/zephyr.dir/subsys/logging/log_minimal.c.obj
[ocelotrvp-ite:rw] [70/391] Building C object CMakeFiles/app.dir/mnt/host/source/src/platform/ec/build/zephyr/ocelotrvp-ite/modules/ec/common/acpi.c.obj
[ocelotrvp-ite:ro] [162/391] Building C object zephyr/CMakeFiles/zephyr.dir/soc/ite/ec/it8xxx2/ilm.c.obj
[ocelotrvp-ite:ro] [163/391] Building C object zephyr/CMakeFiles/zephyr.dir/subsys/pm/state.c.obj
[bluey:rw] [79/336] Linking C static library app/libapp.a
[ocelotrvp-ite:rw] [71/391] Building C object CMakeFiles/app.dir/mnt/host/source/src/platform/ec/build/zephyr/ocelotrvp-ite/modules/ec/common/battery.c.obj
[ocelotrvp-ite:ro] [164/391] Building C object zephyr/CMakeFiles/zephyr.dir/subsys/pm/pm.c.obj
[ocelotrvp-ite:ro] [165/391] Building C object zephyr/CMakeFiles/zephyr.dir/subsys/pm/policy/policy_latency.c.obj
[/mnt/host/source/src/platform/ec/build/zephyr/ptlrvp_npcx-lcov]   /mnt/host/source/src/platform/ec/build/zephyr/ptlrvp_npcx/build-ro/modules/ec/zephyr/CMakeFiles/ec_shim.dir/shim/src/thermal.c.gcno:no functions found
[/mnt/host/source/src/platform/ec/build/zephyr/ptlrvp_npcx-lcov] stderr:
[bluey:rw] [80/336] Building C object zephyr/CMakeFiles/zephyr.dir/lib/heap/heap.c.obj
[ocelotrvp-ite:ro] [166/391] Building C object zephyr/CMakeFiles/zephyr.dir/subsys/pm/policy/policy_events.c.obj
[bluey:rw] [81/336] Building C object zephyr/CMakeFiles/zephyr.dir/lib/os/cbprintf_packaged.c.obj
[ocelotrvp-ite:ro] [167/391] Building C object zephyr/CMakeFiles/zephyr.dir/subsys/pm/policy/policy_state_lock.c.obj
[ocelotrvp-ite:ro] [168/391] Building C object zephyr/CMakeFiles/zephyr.dir/subsys/pm/device.c.obj
[/mnt/host/source/src/platform/ec/build/zephyr/ptlrvp_npcx-lcov]   /mnt/host/source/src/platform/ec/build/zephyr/ptlrvp_npcx/build-ro/modules/ec/zephyr/CMakeFiles/ec_shim.dir/shim/src/battery.c.gcno:no functions found
[/mnt/host/source/src/platform/ec/build/zephyr/ptlrvp_npcx-lcov] stderr:
[bluey:rw] [82/336] Building C object zephyr/CMakeFiles/zephyr.dir/lib/os/clock.c.obj
[ocelotrvp-ite:ro] [169/391] Building C object zephyr/CMakeFiles/zephyr.dir/subsys/testsuite/coverage/coverage.c.obj
[ocelotrvp-ite:ro] [170/391] Building C object zephyr/CMakeFiles/zephyr.dir/subsys/tracing/tracing_none.c.obj
[bluey:rw] [83/336] Building C object zephyr/CMakeFiles/zephyr.dir/lib/os/printk.c.obj
[ocelotrvp-ite:ro] [171/391] Building C object zephyr/CMakeFiles/zephyr.dir/subsys/pm/device_system_managed.c.obj
[ocelotrvp-ite:ro] [172/391] Building C object zephyr/CMakeFiles/zephyr.dir/subsys/shell/modules/kernel_service/kernel_shell.c.obj
[ocelotrvp-ite:ro] [173/391] Building C object zephyr/CMakeFiles/zephyr.dir/subsys/pm/device_runtime.c.obj
[bluey:rw] [84/336] Building C object zephyr/CMakeFiles/zephyr.dir/lib/os/sem.c.obj
[ocelotrvp-ite:rw] [72/391] Building C object CMakeFiles/app.dir/mnt/host/source/src/platform/ec/build/zephyr/ocelotrvp-ite/modules/ec/common/battery_info.c.obj
[ocelotrvp-ite:rw] [73/391] Building C object CMakeFiles/app.dir/mnt/host/source/src/platform/ec/build/zephyr/ocelotrvp-ite/modules/ec/common/battery_fuel_gauge.c.obj
[ocelotrvp-ite:ro] [174/391] Building C object zephyr/CMakeFiles/zephyr.dir/subsys/shell/modules/kernel_service/cycles.c.obj
[bluey:rw] [85/336] Building C object zephyr/CMakeFiles/zephyr.dir/lib/os/thread_entry.c.obj
[ocelotrvp-ite:rw] [74/391] Building C object CMakeFiles/app.dir/mnt/host/source/src/platform/ec/build/zephyr/ocelotrvp-ite/modules/ec/driver/battery/smart.c.obj
[ocelotrvp-ite:ro] [175/391] Building C object zephyr/CMakeFiles/zephyr.dir/subsys/shell/modules/kernel_service/sleep.c.obj
[bluey:rw] [86/336] Building C object zephyr/CMakeFiles/zephyr.dir/lib/os/cbprintf.c.obj
[ocelotrvp-ite:ro] [176/391] Building C object zephyr/CMakeFiles/zephyr.dir/subsys/shell/modules/kernel_service/uptime.c.obj
[bluey:rw] [87/336] Building C object zephyr/CMakeFiles/zephyr.dir/lib/os/cbprintf_nano.c.obj
[ocelotrvp-ite:ro] [177/391] Building C object zephyr/CMakeFiles/zephyr.dir/subsys/shell/modules/kernel_service/version.c.obj
[bluey:rw] [88/336] Building C object zephyr/CMakeFiles/zephyr.dir/lib/utils/dec.c.obj
[ocelotrvp-ite:ro] [178/391] Building C object zephyr/CMakeFiles/zephyr.dir/subsys/shell/modules/kernel_service/thread/thread.c.obj
[bluey:rw] [89/336] Building C object zephyr/CMakeFiles/zephyr.dir/lib/os/assert.c.obj
[ocelotrvp-ite:ro] [179/391] Building C object zephyr/CMakeFiles/zephyr.dir/subsys/shell/modules/kernel_service/thread/stacks.c.obj
[ocelotrvp-ite:ro] [180/391] Building C object zephyr/CMakeFiles/zephyr.dir/subsys/shell/modules/kernel_service/thread/unwind.c.obj
[bluey:rw] [90/336] Building C object zephyr/CMakeFiles/zephyr.dir/lib/utils/hex.c.obj
[ocelotrvp-ite:ro] [181/391] Building C object zephyr/CMakeFiles/zephyr.dir/subsys/shell/modules/kernel_service/thread/list.c.obj
[bluey:rw] [91/336] Building C object zephyr/CMakeFiles/zephyr.dir/lib/utils/timeutil.c.obj
[ocelotrvp-ite:ro] [182/391] Building C object zephyr/CMakeFiles/zephyr.dir/subsys/shell/modules/kernel_service/thread/suspend.c.obj
[bluey:rw] [92/336] Building C object zephyr/CMakeFiles/zephyr.dir/lib/utils/bitmask.c.obj
[ocelotrvp-ite:rw] [75/391] Building C object CMakeFiles/app.dir/mnt/host/source/src/platform/ec/build/zephyr/ocelotrvp-ite/modules/ec/driver/charger/isl9241.c.obj
[ocelotrvp-ite:ro] [183/391] Building C object zephyr/CMakeFiles/zephyr.dir/subsys/shell/modules/kernel_service/thread/resume.c.obj
[bluey:rw] [93/336] Building C object zephyr/CMakeFiles/zephyr.dir/lib/utils/rb.c.obj
[bluey:rw] [94/336] Building C object zephyr/CMakeFiles/zephyr.dir/lib/utils/bitarray.c.obj
[ocelotrvp-ite:rw] [76/391] Building C object CMakeFiles/app.dir/mnt/host/source/src/platform/ec/build/zephyr/ocelotrvp-ite/modules/ec/common/charger.c.obj
[ocelotrvp-ite:ro] [184/391] Building C object zephyr/CMakeFiles/zephyr.dir/subsys/shell/modules/kernel_service/thread/kill.c.obj
[ocelotrvp-ite:ro] [185/391] Building C object zephyr/CMakeFiles/zephyr.dir/subsys/shell/backends/shell_uart.c.obj
[bluey:rw] [95/336] Building C object zephyr/CMakeFiles/zephyr.dir/lib/utils/last_section_id.c.obj
[bluey:rw] [96/336] Building C object zephyr/CMakeFiles/zephyr.dir/lib/utils/ring_buffer.c.obj
[bluey:rw] [97/336] Building C object zephyr/CMakeFiles/zephyr.dir/lib/utils/getopt/getopt.c.obj
[ocelotrvp-ite:rw] [77/391] Building C object CMakeFiles/app.dir/mnt/host/source/src/platform/ec/build/zephyr/ocelotrvp-ite/modules/ec/common/charge_state.c.obj
[bluey:rw] [98/336] Building C object zephyr/CMakeFiles/zephyr.dir/misc/generated/configs.c.obj
[ocelotrvp-ite:ro] [186/391] Building C object zephyr/CMakeFiles/zephyr.dir/subsys/shell/shell_fprintf.c.obj
[ocelotrvp-ite:ro] [187/391] Building C object zephyr/CMakeFiles/zephyr.dir/subsys/shell/shell_utils.c.obj
[ocelotrvp-ite:ro] [188/391] Building C object zephyr/CMakeFiles/zephyr.dir/subsys/shell/shell.c.obj
[bluey:rw] [99/336] Building C object zephyr/CMakeFiles/zephyr.dir/lib/utils/getopt/getopt_common.c.obj
[ocelotrvp-ite:ro] [189/391] Building C object zephyr/CMakeFiles/zephyr.dir/subsys/shell/shell_history.c.obj
[ocelotrvp-ite:ro] [190/391] Building C object zephyr/CMakeFiles/zephyr.dir/subsys/shell/shell_ops.c.obj
[ocelotrvp-ite:ro] [191/391] Building C object zephyr/CMakeFiles/zephyr.dir/subsys/shell/shell_help.c.obj
[/mnt/host/source/src/platform/ec/build/zephyr/ptlrvp_npcx-lcov]   /mnt/host/source/src/platform/ec/build/zephyr/ptlrvp_npcx/build-ro/modules/ec/zephyr/CMakeFiles/ec_shim.dir/shim/src/charger.c.gcno:no functions found
[/mnt/host/source/src/platform/ec/build/zephyr/ptlrvp_npcx-lcov] stderr:
[ocelotrvp-ite:ro] [192/391] Building C object zephyr/arch/common/CMakeFiles/arch__common.dir/sw_isr_common.c.obj
[ocelotrvp-ite:ro] [193/391] Building C object zephyr/arch/common/CMakeFiles/arch__common.dir/dynamic_isr.c.obj
[ocelotrvp-ite:ro] [194/391] Building C object zephyr/CMakeFiles/zephyr.dir/drivers/flash/flash_util.c.obj
[ocelotrvp-ite:rw] [78/391] Building C object CMakeFiles/app.dir/mnt/host/source/src/platform/ec/build/zephyr/ocelotrvp-ite/modules/ec/common/cbi_common.c.obj
[bluey:rw] [100/336] Building C object zephyr/CMakeFiles/zephyr.dir/soc/nuvoton/npcx/common/power.c.obj
[bluey:rw] [101/336] Building C object zephyr/CMakeFiles/zephyr.dir/soc/nuvoton/npcx/common/scfg.c.obj
[ocelotrvp-ite:ro] [195/391] Linking CXX static library zephyr/libzephyr.a
[ocelotrvp-ite:ro] [196/391] Building C object zephyr/arch/common/CMakeFiles/arch__common.dir/init.c.obj
[bluey:rw] [102/336] Building C object zephyr/CMakeFiles/zephyr.dir/soc/nuvoton/npcx/common/npcxn/registers.c.obj
[bluey:rw] [103/336] Building C object zephyr/CMakeFiles/zephyr.dir/soc/nuvoton/npcx/npcx9/soc.c.obj
[ocelotrvp-ite:ro] [197/391] Building C object zephyr/arch/common/CMakeFiles/isr_tables.dir/isr_tables.c.obj
[ocelotrvp-ite:ro] [198/391] Linking CXX static library zephyr/arch/common/libisr_tables.a
[ocelotrvp-ite:ro] [199/391] Building C object zephyr/arch/common/CMakeFiles/arch__common.dir/xip.c.obj
[ocelotrvp-ite:rw] [79/391] Building C object CMakeFiles/app.dir/mnt/host/source/src/platform/ec/build/zephyr/ocelotrvp-ite/modules/ec/common/charge_manager.c.obj
[ocelotrvp-ite:ro] [200/391] Linking CXX static library zephyr/arch/common/libarch__common.a
[ocelotrvp-ite:ro] [201/391] Building C object zephyr/arch/arch/riscv/core/CMakeFiles/arch__riscv__core.dir/prep_c.c.obj
[ocelotrvp-ite:ro] [202/391] Building C object zephyr/arch/arch/riscv/core/CMakeFiles/arch__riscv__core.dir/cpu_idle.c.obj
[ocelotrvp-ite:rw] [80/391] Building C object CMakeFiles/app.dir/mnt/host/source/src/platform/ec/build/zephyr/ocelotrvp-ite/modules/ec/common/cbi.c.obj
[ocelotrvp-ite:ro] [203/391] Building C object zephyr/arch/arch/riscv/core/CMakeFiles/arch__riscv__core.dir/fatal.c.obj
[bluey:rw] [104/336] Building C object zephyr/CMakeFiles/zephyr.dir/subsys/logging/log_minimal.c.obj
[ocelotrvp-ite:ro] [204/391] Building C object zephyr/arch/arch/riscv/core/CMakeFiles/arch__riscv__core.dir/irq_manage.c.obj
[bluey:rw] [105/336] Building C object zephyr/CMakeFiles/zephyr.dir/subsys/pm/state.c.obj
[ocelotrvp-ite:ro] [205/391] Building ASM object zephyr/arch/arch/riscv/core/CMakeFiles/arch__riscv__core.dir/reset.S.obj
[ocelotrvp-ite:ro] [206/391] Building C object zephyr/arch/arch/riscv/core/CMakeFiles/arch__riscv__core.dir/reboot.c.obj
[bluey:rw] [106/336] Building C object zephyr/CMakeFiles/zephyr.dir/subsys/pm/pm.c.obj
[bluey:rw] [107/336] Building C object zephyr/CMakeFiles/zephyr.dir/subsys/mem_mgmt/mem_attr.c.obj
[ocelotrvp-ite:rw] [81/391] Building C object CMakeFiles/app.dir/mnt/host/source/src/platform/ec/build/zephyr/ocelotrvp-ite/modules/ec/common/cbi_config.c.obj
[ocelotrvp-ite:ro] [207/391] Building ASM object zephyr/arch/arch/riscv/core/CMakeFiles/arch__riscv__core.dir/switch.S.obj
[ocelotrvp-ite:ro] [208/391] Building C object zephyr/arch/arch/riscv/core/CMakeFiles/arch__riscv__core.dir/tls.c.obj
[ocelotrvp-ite:ro] [209/391] Building C object zephyr/arch/arch/riscv/core/CMakeFiles/arch__riscv__core.dir/thread.c.obj
[ocelotrvp-ite:ro] [210/391] Building ASM object zephyr/arch/arch/riscv/core/CMakeFiles/arch__riscv__core.dir/isr.S.obj
[ocelotrvp-ite:rw] [82/391] Building C object CMakeFiles/app.dir/mnt/host/source/src/platform/ec/build/zephyr/ocelotrvp-ite/modules/ec/common/memory_commands.c.obj
[bluey:rw] [108/336] Building C object zephyr/CMakeFiles/zephyr.dir/subsys/pm/policy/policy_events.c.obj
[ocelotrvp-ite:ro] [211/391] Building C object zephyr/arch/arch/riscv/core/CMakeFiles/arch__riscv__core.dir/stacktrace.c.obj
[ocelotrvp-ite:rw] [83/391] Building C object CMakeFiles/app.dir/mnt/host/source/src/platform/ec/build/zephyr/ocelotrvp-ite/modules/ec/common/dptf.c.obj
[ocelotrvp-ite:ro] [212/391] Linking CXX static library zephyr/arch/arch/riscv/core/libarch__riscv__core.a
[ocelotrvp-ite:ro] [213/391] Building C object zephyr/lib/libc/picolibc/CMakeFiles/lib__libc__picolibc.dir/assert.c.obj
[bluey:rw] [109/336] Building C object zephyr/CMakeFiles/zephyr.dir/subsys/pm/policy/policy_latency.c.obj
[bluey:rw] [110/336] Building C object zephyr/CMakeFiles/zephyr.dir/subsys/pm/policy/policy_state_lock.c.obj
[bluey:rw] [111/336] Building C object zephyr/CMakeFiles/zephyr.dir/subsys/pm/device.c.obj
[ocelotrvp-ite:ro] [214/391] Building C object zephyr/lib/libc/picolibc/CMakeFiles/lib__libc__picolibc.dir/chk_fail.c.obj
[ocelotrvp-ite:ro] [215/391] Building C object zephyr/lib/libc/picolibc/CMakeFiles/lib__libc__picolibc.dir/cbprintf.c.obj
[ocelotrvp-ite:ro] [216/391] Building C object zephyr/lib/libc/picolibc/CMakeFiles/lib__libc__picolibc.dir/exit.c.obj
[ocelotrvp-ite:ro] [217/391] Building C object zephyr/lib/libc/picolibc/CMakeFiles/lib__libc__picolibc.dir/locks.c.obj
[ocelotrvp-ite:ro] [218/391] Building C object zephyr/lib/libc/common/CMakeFiles/lib__libc__common.dir/source/time/time.c.obj
[ocelotrvp-ite:ro] [219/391] Building C object zephyr/lib/libc/picolibc/CMakeFiles/lib__libc__picolibc.dir/errno_wrap.c.obj
[ocelotrvp-ite:ro] [220/391] Building C object zephyr/lib/libc/picolibc/CMakeFiles/lib__libc__picolibc.dir/stdio.c.obj
[ocelotrvp-ite:ro] [221/391] Building C object zephyr/lib/posix/c_lib_ext/CMakeFiles/lib__posix__c_lib_ext.dir/fnmatch.c.obj
[ocelotrvp-ite:ro] [222/391] Building C object zephyr/subsys/crc/CMakeFiles/subsys__crc.dir/crc8_sw.c.obj
[bluey:rw] [112/336] Building C object zephyr/CMakeFiles/zephyr.dir/subsys/testsuite/coverage/coverage.c.obj
[ocelotrvp-ite:ro] [223/391] Linking CXX static library zephyr/lib/libc/picolibc/liblib__libc__picolibc.a
[ocelotrvp-ite:ro] [224/391] Building C object zephyr/subsys/crc/CMakeFiles/subsys__crc.dir/crc4_sw.c.obj
[bluey:rw] [113/336] Building C object zephyr/CMakeFiles/zephyr.dir/subsys/tracing/tracing_none.c.obj
[ocelotrvp-ite:rw] [84/391] Building C object CMakeFiles/app.dir/mnt/host/source/src/platform/ec/build/zephyr/ocelotrvp-ite/modules/ec/common/ap_reset_log.c.obj
[bluey:rw] [114/336] Building C object zephyr/CMakeFiles/zephyr.dir/subsys/pm/device_system_managed.c.obj
[ocelotrvp-ite:ro] [225/391] Building C object zephyr/subsys/crc/CMakeFiles/subsys__crc.dir/crc32c_sw.c.obj
[ocelotrvp-ite:ro] [226/391] Building C object zephyr/subsys/crc/CMakeFiles/subsys__crc.dir/crc7_sw.c.obj
[ocelotrvp-ite:ro] [227/391] Building C object zephyr/subsys/crc/CMakeFiles/subsys__crc.dir/crc24_sw.c.obj
[ocelotrvp-ite:ro] [228/391] Building C object zephyr/lib/libc/common/CMakeFiles/lib__libc__common.dir/source/stdlib/abort.c.obj
[ocelotrvp-ite:rw] [85/391] Building C object CMakeFiles/app.dir/mnt/host/source/src/platform/ec/build/zephyr/ocelotrvp-ite/modules/ec/common/espi.c.obj
[bluey:rw] [115/336] Building C object zephyr/CMakeFiles/zephyr.dir/subsys/shell/modules/kernel_service/kernel_shell.c.obj
[ocelotrvp-ite:ro] [229/391] Building C object zephyr/subsys/crc/CMakeFiles/subsys__crc.dir/crc16_sw.c.obj
[ocelotrvp-ite:ro] [230/391] Linking CXX static library zephyr/lib/libc/common/liblib__libc__common.a
[ocelotrvp-ite:ro] [231/391] Building C object zephyr/subsys/crc/CMakeFiles/subsys__crc.dir/crc32_sw.c.obj
[ocelotrvp-ite:ro] [232/391] Building C object zephyr/subsys/crc/CMakeFiles/subsys__crc.dir/crc32k_4_2_sw.c.obj
[ocelotrvp-ite:rw] [86/391] Building C object CMakeFiles/app.dir/mnt/host/source/src/platform/ec/build/zephyr/ocelotrvp-ite/modules/ec/common/extpower_common.c.obj
[ocelotrvp-ite:ro] [233/391] Linking CXX static library zephyr/subsys/crc/libsubsys__crc.a
[ocelotrvp-ite:ro] [234/391] Building C object zephyr/lib/posix/c_lib_ext/CMakeFiles/lib__posix__c_lib_ext.dir/getopt_shim.c.obj
[ocelotrvp-ite:ro] [235/391] Building C object zephyr/lib/posix/c_lib_ext/CMakeFiles/lib__posix__c_lib_ext.dir/getentropy.c.obj
[ocelotrvp-ite:ro] [236/391] Building C object zephyr/subsys/input/CMakeFiles/subsys__input.dir/input_hid.c.obj
[ocelotrvp-ite:ro] [237/391] Building C object zephyr/lib/smf/CMakeFiles/lib__smf.dir/smf.c.obj
[ocelotrvp-ite:ro] [238/391] Linking CXX static library zephyr/lib/posix/c_lib_ext/liblib__posix__c_lib_ext.a
[bluey:rw] [116/336] Building C object zephyr/CMakeFiles/zephyr.dir/subsys/shell/modules/kernel_service/cycles.c.obj
[ocelotrvp-ite:ro] [239/391] Linking CXX static library zephyr/lib/smf/liblib__smf.a
[bluey:rw] [117/336] Building C object zephyr/CMakeFiles/zephyr.dir/subsys/shell/modules/kernel_service/uptime.c.obj
[bluey:rw] [118/336] Building C object zephyr/CMakeFiles/zephyr.dir/subsys/shell/modules/kernel_service/sleep.c.obj
[bluey:rw] [119/336] Building C object zephyr/CMakeFiles/zephyr.dir/subsys/shell/modules/kernel_service/version.c.obj
[ocelotrvp-ite:rw] [87/391] Building C object CMakeFiles/app.dir/mnt/host/source/src/platform/ec/build/zephyr/ocelotrvp-ite/modules/ec/common/extpower_gpio.c.obj
[ocelotrvp-ite:ro] [240/391] Building C object zephyr/subsys/input/CMakeFiles/subsys__input.dir/input.c.obj
[ocelotrvp-ite:ro] [241/391] Building C object zephyr/subsys/input/CMakeFiles/subsys__input.dir/input_utils.c.obj
[ocelotrvp-ite:ro] [242/391] Linking CXX static library zephyr/subsys/input/libsubsys__input.a
[ocelotrvp-ite:ro] [243/391] Building C object zephyr/drivers/interrupt_controller/CMakeFiles/drivers__interrupt_controller.dir/intc_ite_it8xxx2_v2.c.obj
[bluey:rw] [120/336] Building C object zephyr/CMakeFiles/zephyr.dir/subsys/shell/modules/kernel_service/thread/thread.c.obj
[ocelotrvp-ite:rw] [88/391] Building C object CMakeFiles/app.dir/mnt/host/source/src/platform/ec/build/zephyr/ocelotrvp-ite/modules/ec/common/fan.c.obj
[ocelotrvp-ite:ro] [244/391] Building C object zephyr/drivers/bbram/CMakeFiles/drivers__bbram.dir/bbram_it8xxx2.c.obj
[ocelotrvp-ite:ro] [245/391] Building C object zephyr/drivers/adc/CMakeFiles/drivers__adc.dir/adc_common.c.obj
[ocelotrvp-ite:ro] [246/391] Building C object zephyr/drivers/interrupt_controller/CMakeFiles/drivers__interrupt_controller.dir/wuc_ite_it8xxx2.c.obj
[ocelotrvp-ite:ro] [247/391] Linking CXX static library zephyr/drivers/bbram/libdrivers__bbram.a
[bluey:rw] [121/336] Building C object zephyr/CMakeFiles/zephyr.dir/subsys/shell/modules/kernel_service/thread/list.c.obj
[ocelotrvp-ite:ro] [248/391] Building C object zephyr/drivers/console/CMakeFiles/drivers__console.dir/uart_console.c.obj
[ocelotrvp-ite:ro] [249/391] Linking CXX static library zephyr/drivers/interrupt_controller/libdrivers__interrupt_controller.a
[ocelotrvp-ite:ro] [250/391] Building C object zephyr/drivers/adc/CMakeFiles/drivers__adc.dir/adc_ite_it8xxx2.c.obj
[ocelotrvp-ite:ro] [251/391] Linking CXX static library zephyr/drivers/console/libdrivers__console.a
[ocelotrvp-ite:rw] [89/391] Building C object CMakeFiles/app.dir/mnt/host/source/src/platform/ec/build/zephyr/ocelotrvp-ite/modules/ec/common/flash.c.obj
[ocelotrvp-ite:ro] [252/391] Linking CXX static library zephyr/drivers/adc/libdrivers__adc.a
[bluey:rw] [122/336] Building C object zephyr/CMakeFiles/zephyr.dir/subsys/shell/modules/kernel_service/thread/stacks.c.obj
[bluey:rw] [123/336] Building C object zephyr/CMakeFiles/zephyr.dir/subsys/shell/modules/kernel_service/thread/suspend.c.obj
[ocelotrvp-ite:ro] [253/391] Building C object zephyr/drivers/crypto/CMakeFiles/drivers__crypto.dir/crypto_it8xxx2_sha_v2.c.obj
[ocelotrvp-ite:ro] [254/391] Linking CXX static library zephyr/drivers/crypto/libdrivers__crypto.a
[bluey:rw] [124/336] Building C object zephyr/CMakeFiles/zephyr.dir/subsys/shell/modules/kernel_service/thread/resume.c.obj
[ocelotrvp-ite:rw] [90/391] Building C object CMakeFiles/app.dir/mnt/host/source/src/platform/ec/build/zephyr/ocelotrvp-ite/modules/ec/common/host_command.c.obj
[ocelotrvp-ite:ro] [255/391] Building C object zephyr/drivers/flash/CMakeFiles/drivers__flash.dir/flash_ite_it8xxx2.c.obj
[ocelotrvp-ite:ro] [256/391] Linking CXX static library zephyr/drivers/flash/libdrivers__flash.a
[bluey:rw] [125/336] Building C object zephyr/CMakeFiles/zephyr.dir/subsys/shell/modules/kernel_service/thread/kill.c.obj
[bluey:rw] [126/336] Building C object zephyr/CMakeFiles/zephyr.dir/subsys/shell/backends/shell_uart.c.obj
[ocelotrvp-ite:ro] [257/391] Building C object zephyr/drivers/i2c/CMakeFiles/drivers__i2c.dir/i2c_common.c.obj
[ocelotrvp-ite:ro] [258/391] Building C object zephyr/drivers/espi/CMakeFiles/drivers__espi.dir/espi_it8xxx2.c.obj
[ocelotrvp-ite:ro] [259/391] Building C object zephyr/drivers/gpio/CMakeFiles/drivers__gpio.dir/gpio_pca95xx.c.obj
[ocelotrvp-ite:ro] [260/391] Building C object zephyr/drivers/i2c/CMakeFiles/drivers__i2c.dir/i2c_bitbang.c.obj
[ocelotrvp-ite:rw] [91/391] Building C object CMakeFiles/app.dir/mnt/host/source/src/platform/ec/build/zephyr/ocelotrvp-ite/modules/ec/common/host_command_task.c.obj
[ocelotrvp-ite:ro] [261/391] Linking CXX static library zephyr/drivers/espi/libdrivers__espi.a
[ocelotrvp-ite:ro] [262/391] Building C object zephyr/drivers/gpio/CMakeFiles/drivers__gpio.dir/gpio_ite_it8801.c.obj
[bluey:rw] [127/336] Building C object zephyr/CMakeFiles/zephyr.dir/subsys/shell/shell.c.obj
[bluey:rw] [128/336] Building C object zephyr/CMakeFiles/zephyr.dir/subsys/shell/shell_fprintf.c.obj
[ocelotrvp-ite:rw] [92/391] Building C object CMakeFiles/app.dir/mnt/host/source/src/platform/ec/build/zephyr/ocelotrvp-ite/modules/ec/common/host_event_commands.c.obj
[ocelotrvp-ite:ro] [263/391] Building C object zephyr/drivers/i2c/CMakeFiles/drivers__i2c.dir/i2c_shell.c.obj
[ocelotrvp-ite:rw] [93/391] Building C object CMakeFiles/app.dir/mnt/host/source/src/platform/ec/build/zephyr/ocelotrvp-ite/modules/ec/common/uart_hostcmd.c.obj
[bluey:rw] [129/336] Building C object zephyr/CMakeFiles/zephyr.dir/subsys/shell/shell_utils.c.obj
[bluey:rw] [130/336] Building C object zephyr/CMakeFiles/zephyr.dir/subsys/shell/shell_ops.c.obj
[ocelotrvp-ite:ro] [264/391] Building C object zephyr/drivers/gpio/CMakeFiles/drivers__gpio.dir/gpio_ite_it8xxx2_v2.c.obj
[ocelotrvp-ite:ro] [265/391] Linking CXX static library zephyr/drivers/gpio/libdrivers__gpio.a
[ocelotrvp-ite:ro] [266/391] Building C object zephyr/drivers/pinctrl/CMakeFiles/drivers__pinctrl.dir/common.c.obj
[ocelotrvp-ite:ro] [267/391] Building C object zephyr/drivers/input/CMakeFiles/drivers__input.dir/input_ite_it8xxx2_kbd.c.obj
[ocelotrvp-ite:ro] [268/391] Building C object zephyr/drivers/input/CMakeFiles/drivers__input.dir/input_kbd_matrix.c.obj
[ocelotrvp-ite:ro] [269/391] Building C object zephyr/drivers/mfd/CMakeFiles/drivers__mfd.dir/mfd_ite_it8801.c.obj
[ocelotrvp-ite:ro] [270/391] Building C object zephyr/drivers/i2c/CMakeFiles/drivers__i2c.dir/i2c_ite_enhance.c.obj
[ocelotrvp-ite:ro] [271/391] Linking CXX static library zephyr/drivers/input/libdrivers__input.a
[ocelotrvp-ite:ro] [272/391] Linking CXX static library zephyr/drivers/sensor/libdrivers__sensor.a
[ocelotrvp-ite:ro] [273/391] Building C object zephyr/drivers/mfd/CMakeFiles/drivers__mfd.dir/mfd_it8801_altctrl.c.obj
[bluey:rw] [131/336] Building C object zephyr/CMakeFiles/zephyr.dir/subsys/shell/shell_help.c.obj
[ocelotrvp-ite:rw] [94/391] Building C object CMakeFiles/app.dir/mnt/host/source/src/platform/ec/build/zephyr/ocelotrvp-ite/modules/ec/common/uptime.c.obj
[ocelotrvp-ite:ro] [274/391] Linking CXX static library zephyr/drivers/mfd/libdrivers__mfd.a
[ocelotrvp-ite:ro] [275/391] Linking CXX static library zephyr/drivers/i2c/libdrivers__i2c.a
[bluey:rw] [132/336] Building C object zephyr/CMakeFiles/zephyr.dir/subsys/shell/shell_cmds.c.obj
[ocelotrvp-ite:ro] [276/391] Linking CXX static library zephyr/drivers/syscon/libdrivers__syscon.a
[bluey:rw] [133/336] Building C object zephyr/CMakeFiles/zephyr.dir/subsys/shell/shell_history.c.obj
[bluey:rw] [134/336] Building C object zephyr/CMakeFiles/zephyr.dir/drivers/flash/flash_util.c.obj
[ocelotrvp-ite:rw] [95/391] Building C object CMakeFiles/app.dir/mnt/host/source/src/platform/ec/build/zephyr/ocelotrvp-ite/modules/ec/common/i2c_controller.c.obj
[ocelotrvp-ite:ro] [277/391] Building C object zephyr/drivers/pinctrl/CMakeFiles/drivers__pinctrl.dir/pinctrl_ite_it8xxx2.c.obj
[bluey:rw] [135/336] Building C object zephyr/arch/common/CMakeFiles/arch__common.dir/sw_isr_common.c.obj
[ocelotrvp-ite:rw] [96/391] Building C object CMakeFiles/app.dir/mnt/host/source/src/platform/ec/build/zephyr/ocelotrvp-ite/modules/ec/common/i2c_passthru.c.obj
[bluey:rw] [136/336] Linking C static library zephyr/libzephyr.a
[ocelotrvp-ite:ro] [278/391] Linking CXX static library zephyr/drivers/pinctrl/libdrivers__pinctrl.a
[bluey:rw] [137/336] Building C object zephyr/arch/common/CMakeFiles/arch__common.dir/init.c.obj
[ocelotrvp-ite:ro] [279/391] Building C object zephyr/drivers/pwm/CMakeFiles/drivers__pwm.dir/pwm_shell.c.obj
[ocelotrvp-ite:ro] [280/391] Building C object zephyr/drivers/pwm/CMakeFiles/drivers__pwm.dir/pwm_ite_it8xxx2.c.obj
[ocelotrvp-ite:ro] [281/391] Building C object zephyr/drivers/timer/CMakeFiles/drivers__timer.dir/sys_clock_init.c.obj
[ocelotrvp-ite:ro] [282/391] Linking CXX static library zephyr/drivers/pwm/libdrivers__pwm.a
[bluey:rw] [138/336] Building C object zephyr/arch/common/CMakeFiles/arch__common.dir/xip.c.obj
[ocelotrvp-ite:ro] [283/391] Building C object zephyr/drivers/sensor/ite/ite_tach_it8xxx2/CMakeFiles/drivers__sensor__ite__ite_tach_it8xxx2.dir/tach_ite_it8xxx2.c.obj
[ocelotrvp-ite:ro] [284/391] Building C object zephyr/drivers/serial/CMakeFiles/drivers__serial.dir/uart_ite_it8xxx2.c.obj
[ocelotrvp-ite:ro] [285/391] Linking CXX static library zephyr/drivers/sensor/ite/ite_tach_it8xxx2/libdrivers__sensor__ite__ite_tach_it8xxx2.a
[ocelotrvp-ite:ro] [286/391] Building C object zephyr/drivers/serial/CMakeFiles/drivers__serial.dir/uart_ns16550.c.obj
[/mnt/host/source/src/platform/ec/build/zephyr/ptlrvp_npcx-lcov]   /mnt/host/source/src/platform/ec/build/zephyr/ptlrvp_npcx/build-ro/modules/ec/zephyr/CMakeFiles/ec_shim.dir/drivers/keyboard_input/keyboard_customization_check.c.gcno:no functions found
[/mnt/host/source/src/platform/ec/build/zephyr/ptlrvp_npcx-lcov] stderr:
[ocelotrvp-ite:ro] [287/391] Building C object zephyr/drivers/timer/CMakeFiles/drivers__timer.dir/ite_it8xxx2_timer.c.obj
[ocelotrvp-ite:ro] [288/391] Linking CXX static library zephyr/drivers/serial/libdrivers__serial.a
[ocelotrvp-ite:ro] [289/391] Linking CXX static library zephyr/drivers/timer/libdrivers__timer.a
[bluey:rw] [139/336] Building ASM object zephyr/arch/arch/arm/core/CMakeFiles/arch__arm__core.dir/nmi_on_reset.S.obj
[bluey:rw] [140/336] Building C object zephyr/arch/common/CMakeFiles/isr_tables.dir/isr_tables.c.obj
[bluey:rw] [141/336] Linking C static library zephyr/arch/common/libisr_tables.a
[bluey:rw] [142/336] Building C object zephyr/arch/arch/arm/core/CMakeFiles/arch__arm__core.dir/nmi.c.obj
[bluey:rw] [143/336] Linking C static library zephyr/arch/common/libarch__common.a
[bluey:rw] [144/336] Building C object zephyr/arch/arch/arm/core/CMakeFiles/arch__arm__core.dir/fatal.c.obj
[ocelotrvp-ite:rw] [97/391] Building C object CMakeFiles/app.dir/mnt/host/source/src/platform/ec/build/zephyr/ocelotrvp-ite/modules/ec/common/keyboard_8042.c.obj
[ocelotrvp-ite:ro] [290/391] Building C object zephyr/drivers/watchdog/CMakeFiles/drivers__watchdog.dir/wdt_ite_it8xxx2.c.obj
[bluey:rw] [145/336] Building ASM object zephyr/arch/arch/arm/core/cortex_m/CMakeFiles/arch__arm__core__cortex_m.dir/fault_s.S.obj
[bluey:rw] [146/336] Linking C static library zephyr/arch/arch/arm/core/libarch__arm__core.a
[ocelotrvp-ite:ro] [291/391] Building C object zephyr/drivers/watchdog/CMakeFiles/drivers__watchdog.dir/wdt_shell.c.obj
[ocelotrvp-ite:rw] [98/391] Building C object CMakeFiles/app.dir/mnt/host/source/src/platform/ec/build/zephyr/ocelotrvp-ite/modules/ec/common/keyboard_8042_sharedlib.c.obj
[ocelotrvp-ite:ro] [292/391] Linking CXX static library zephyr/drivers/watchdog/libdrivers__watchdog.a
[ocelotrvp-ite:rw] [99/391] Building C object CMakeFiles/app.dir/mnt/host/source/src/platform/ec/build/zephyr/ocelotrvp-ite/modules/ec/common/mkbp_fifo.c.obj
[ocelotrvp-ite:ro] [293/391] Building C object modules/ec/zephyr/CMakeFiles/ec_shim.dir/app/ec/main_shim.c.obj
[bluey:rw] [147/336] Building C object zephyr/arch/arch/arm/core/cortex_m/CMakeFiles/arch__arm__core__cortex_m.dir/exc_exit.c.obj
[ocelotrvp-ite:ro] [294/391] Building C object modules/ec/zephyr/CMakeFiles/ec_shim.dir/app/ec/ec_app_main.c.obj
[ocelotrvp-ite:ro] [295/391] Building C object modules/ec/zephyr/CMakeFiles/ec_shim.dir/drivers/cros_kblight/pwm_kblight.c.obj
[bluey:rw] [148/336] Building C object zephyr/arch/arch/arm/core/cortex_m/CMakeFiles/arch__arm__core__cortex_m.dir/fault.c.obj
[ocelotrvp-ite:ro] [296/391] Building C object modules/ec/zephyr/CMakeFiles/ec_shim.dir/drivers/cros_flash/cros_flash_it8xxx2.c.obj
[ocelotrvp-ite:ro] [297/391] Building C object modules/ec/zephyr/CMakeFiles/ec_shim.dir/app/ec/chip/riscv/riscv-ite/it8xxx2-espi.c.obj
[ocelotrvp-ite:ro] [298/391] Building C object modules/ec/zephyr/CMakeFiles/ec_shim.dir/drivers/board_id/board_id_intel_rvp.c.obj
[bluey:rw] [149/336] Building C object zephyr/arch/arch/arm/core/cortex_m/CMakeFiles/arch__arm__core__cortex_m.dir/fpu.c.obj
[ocelotrvp-ite:ro] [299/391] Building C object modules/ec/zephyr/CMakeFiles/ec_shim.dir/drivers/keyboard_input/keyboard_customization_check.c.obj
[bluey:rw] [150/336] Building ASM object zephyr/arch/arch/arm/core/cortex_m/CMakeFiles/arch__arm__core__cortex_m.dir/reset.S.obj
[bluey:rw] [151/336] Building C object zephyr/arch/arch/arm/core/cortex_m/CMakeFiles/arch__arm__core__cortex_m.dir/scb.c.obj
[bluey:rw] [152/336] Building ASM object zephyr/arch/arch/arm/core/cortex_m/CMakeFiles/arch__arm__core__cortex_m.dir/vector_table.S.obj
[ocelotrvp-ite:ro] [300/391] Building C object modules/ec/zephyr/CMakeFiles/ec_shim.dir/drivers/cros_system/cros_system_it8xxx2.c.obj
[ocelotrvp-ite:ro] [301/391] Building C object modules/ec/zephyr/CMakeFiles/ec_shim.dir/mnt/host/source/src/platform/ec/build/zephyr/ocelotrvp-ite/modules/ec/common/lid_angle_keyboard_policy.c.obj
[ocelotrvp-ite:rw] [100/391] Building C object CMakeFiles/app.dir/mnt/host/source/src/platform/ec/build/zephyr/ocelotrvp-ite/modules/ec/common/mkbp_info.c.obj
[ocelotrvp-ite:rw] [101/391] Building C object CMakeFiles/app.dir/mnt/host/source/src/platform/ec/build/zephyr/ocelotrvp-ite/modules/ec/common/keyboard_backlight.c.obj
[ocelotrvp-ite:ro] [302/391] Building C object modules/ec/zephyr/CMakeFiles/ec_shim.dir/drivers/hibernate/hibernate_z5.c.obj
[bluey:rw] [153/336] Building C object zephyr/arch/arch/arm/core/cortex_m/CMakeFiles/arch__arm__core__cortex_m.dir/thread_abort.c.obj
[ocelotrvp-ite:rw] [102/391] Building C object CMakeFiles/app.dir/mnt/host/source/src/platform/ec/build/zephyr/ocelotrvp-ite/modules/ec/common/mkbp_input_devices.c.obj
[ocelotrvp-ite:ro] [303/391] Building C object modules/ec/zephyr/CMakeFiles/ec_shim.dir/drivers/usbc/ucsi_v3.c.obj
[ocelotrvp-ite:ro] [304/391] Building C object modules/ec/zephyr/CMakeFiles/ec_shim.dir/drivers/keyboard_input/keyboard_input.c.obj
[bluey:rw] [154/336] Building ASM object zephyr/arch/arch/arm/core/cortex_m/CMakeFiles/arch__arm__core__cortex_m.dir/swap_helper.S.obj
[bluey:rw] [155/336] Building C object zephyr/arch/arch/arm/core/cortex_m/CMakeFiles/arch__arm__core__cortex_m.dir/prep_c.c.obj
[bluey:rw] [156/336] Building C object zephyr/arch/arch/arm/core/cortex_m/CMakeFiles/arch__arm__core__cortex_m.dir/irq_manage.c.obj
[bluey:rw] [157/336] Building C object zephyr/arch/arch/arm/core/cortex_m/CMakeFiles/arch__arm__core__cortex_m.dir/thread.c.obj
[bluey:rw] [158/336] Building C object zephyr/arch/arch/arm/core/cortex_m/CMakeFiles/arch__arm__core__cortex_m.dir/cpu_idle.c.obj
[ocelotrvp-ite:rw] [103/391] Building C object CMakeFiles/app.dir/mnt/host/source/src/platform/ec/build/zephyr/ocelotrvp-ite/modules/ec/common/led_common.c.obj
[ocelotrvp-ite:ro] [305/391] Building C object modules/ec/zephyr/CMakeFiles/ec_shim.dir/drivers/usbc/pdc_rts54xx_fwup.c.obj
[ocelotrvp-ite:rw] [104/391] Building C object CMakeFiles/app.dir/mnt/host/source/src/platform/ec/build/zephyr/ocelotrvp-ite/modules/ec/common/lid_switch.c.obj
[ocelotrvp-ite:ro] [306/391] Building C object modules/ec/zephyr/CMakeFiles/ec_shim.dir/drivers/boot_keys/boot_keys.c.obj
[ocelotrvp-ite:ro] [307/391] Building C object modules/ec/zephyr/CMakeFiles/ec_shim.dir/drivers/usbc/tps6699x_cmd.c.obj
[ocelotrvp-ite:ro] [308/391] Building C object modules/ec/zephyr/CMakeFiles/ec_shim.dir/drivers/runtime_keys/runtime_keys.c.obj
[ocelotrvp-ite:ro] [309/391] Building C object modules/ec/zephyr/CMakeFiles/ec_shim.dir/drivers/usbc/tps6699x_fwup.c.obj
[ocelotrvp-ite:ro] [310/391] Building C object modules/ec/zephyr/CMakeFiles/ec_shim.dir/drivers/vivaldi_kbd/vivaldi_kbd.c.obj
[bluey:rw] [159/336] Building C object zephyr/arch/arch/arm/core/cortex_m/CMakeFiles/arch__arm__core__cortex_m.dir/irq_init.c.obj
[ocelotrvp-ite:rw] [105/391] Building C object CMakeFiles/app.dir/mnt/host/source/src/platform/ec/build/zephyr/ocelotrvp-ite/modules/ec/common/mkbp_event.c.obj
[ocelotrvp-ite:ro] [311/391] Building C object modules/ec/zephyr/CMakeFiles/ec_shim.dir/drivers/usbc/pdc_rts54xx.c.obj
[bluey:rw] [160/336] Building C object zephyr/arch/arch/arm/core/cortex_m/CMakeFiles/arch__arm__core__cortex_m.dir/isr_wrapper.c.obj
[ocelotrvp-ite:ro] [312/391] Building C object modules/ec/zephyr/CMakeFiles/ec_shim.dir/shim/src/crc.c.obj
[bluey:rw] [161/336] Building C object zephyr/arch/arch/arm/core/mpu/CMakeFiles/arch__arm__core__mpu.dir/arm_core_mpu.c.obj
[bluey:rw] [162/336] Linking C static library zephyr/arch/arch/arm/core/cortex_m/libarch__arm__core__cortex_m.a
[ocelotrvp-ite:ro] [313/391] Building C object modules/ec/zephyr/CMakeFiles/ec_shim.dir/drivers/usbc/pdc_tps6699x.c.obj
[bluey:rw] [163/336] Generating ../../../include/generated/libc/minimal/strerror_table.h
[bluey:rw] [164/336] Building C object zephyr/arch/arch/arm/core/mpu/CMakeFiles/arch__arm__core__mpu.dir/arm_mpu.c.obj
[bluey:rw] [165/336] Building C object zephyr/lib/libc/minimal/CMakeFiles/lib__libc__minimal.dir/source/stdlib/atoi.c.obj
[/mnt/host/source/src/platform/ec/build/zephyr/ptlrvp_npcx-lcov]   /mnt/host/source/src/platform/ec/build/zephyr/ptlrvp_npcx/build-ro/CMakeFiles/app.dir/mnt/host/source/src/platform/ec/build/zephyr/ptlrvp_npcx/modules/ec/common/chargen.c.gcno:no functions found
[/mnt/host/source/src/platform/ec/build/zephyr/ptlrvp_npcx-lcov] stderr:
[bluey:rw] [166/336] Building C object zephyr/lib/libc/minimal/CMakeFiles/lib__libc__minimal.dir/source/stdlib/strtol.c.obj
[ocelotrvp-ite:ro] [314/391] Building C object modules/ec/zephyr/CMakeFiles/ec_shim.dir/shim/chip/it8xxx2/clock.c.obj
[bluey:rw] [167/336] Building C object zephyr/lib/libc/minimal/CMakeFiles/lib__libc__minimal.dir/source/stdlib/strtoul.c.obj
[bluey:rw] [168/336] Building C object zephyr/arch/arch/arm/core/mpu/CMakeFiles/arch__arm__core__mpu.dir/arm_mpu_regions.c.obj
[ocelotrvp-ite:rw] [106/391] Building C object CMakeFiles/app.dir/mnt/host/source/src/platform/ec/build/zephyr/ocelotrvp-ite/modules/ec/common/port80.c.obj
[ocelotrvp-ite:rw] [107/391] Building C object CMakeFiles/app.dir/mnt/host/source/src/platform/ec/build/zephyr/ocelotrvp-ite/modules/ec/common/power_button.c.obj
[bluey:rw] [169/336] Building C object zephyr/lib/libc/minimal/CMakeFiles/lib__libc__minimal.dir/source/stdlib/strtoll.c.obj
[ocelotrvp-ite:ro] [315/391] Building C object modules/ec/zephyr/CMakeFiles/ec_shim.dir/shim/chip/it8xxx2/gpio.c.obj
[bluey:rw] [170/336] Linking C static library zephyr/arch/arch/arm/core/mpu/libarch__arm__core__mpu.a
[bluey:rw] [171/336] Building C object zephyr/lib/libc/minimal/CMakeFiles/lib__libc__minimal.dir/source/stdlib/strtoull.c.obj
[ocelotrvp-ite:ro] [316/391] Building C object modules/ec/zephyr/CMakeFiles/ec_shim.dir/shim/chip/it8xxx2/power_policy.c.obj
[ocelotrvp-ite:ro] [317/391] Building C object modules/ec/zephyr/CMakeFiles/ec_shim.dir/shim/chip/it8xxx2/system.c.obj
[bluey:rw] [172/336] Building C object zephyr/lib/libc/common/CMakeFiles/lib__libc__common.dir/source/stdlib/abort.c.obj
[bluey:rw] [173/336] Building C object zephyr/lib/libc/minimal/CMakeFiles/lib__libc__minimal.dir/source/stdlib/bsearch.c.obj
[ocelotrvp-ite:rw] [108/391] Building C object CMakeFiles/app.dir/mnt/host/source/src/platform/ec/build/zephyr/ocelotrvp-ite/modules/ec/power/hibernate.c.obj
[ocelotrvp-ite:ro] [318/391] Building C object modules/ec/zephyr/CMakeFiles/ec_shim.dir/shim/src/console.c.obj
[ocelotrvp-ite:ro] [319/391] Building C object modules/ec/zephyr/CMakeFiles/ec_shim.dir/shim/src/panic_utils.c.obj
[bluey:rw] [174/336] Building C object zephyr/lib/libc/minimal/CMakeFiles/lib__libc__minimal.dir/source/stdlib/qsort.c.obj
[ocelotrvp-ite:ro] [320/391] Building C object modules/ec/zephyr/CMakeFiles/ec_shim.dir/shim/src/gpio_int.c.obj
[bluey:rw] [175/336] Building C object zephyr/lib/libc/minimal/CMakeFiles/lib__libc__minimal.dir/source/string/strncasecmp.c.obj
[ocelotrvp-ite:ro] [321/391] Building C object modules/ec/zephyr/CMakeFiles/ec_shim.dir/shim/src/gpio.c.obj
[bluey:rw] [176/336] Building C object zephyr/lib/libc/minimal/CMakeFiles/lib__libc__minimal.dir/source/string/strerror.c.obj
[bluey:rw] [177/336] Building C object zephyr/lib/libc/minimal/CMakeFiles/lib__libc__minimal.dir/source/string/strstr.c.obj
[bluey:rw] [178/336] Building C object zephyr/lib/libc/minimal/CMakeFiles/lib__libc__minimal.dir/source/string/string.c.obj
[bluey:rw] [179/336] Building C object zephyr/lib/libc/minimal/CMakeFiles/lib__libc__minimal.dir/source/string/strspn.c.obj
[bluey:rw] [180/336] Building C object zephyr/lib/libc/minimal/CMakeFiles/lib__libc__minimal.dir/source/stdlib/exit.c.obj
[ocelotrvp-ite:ro] [322/391] Building C object modules/ec/zephyr/CMakeFiles/ec_shim.dir/shim/src/pm_state.c.obj
[ocelotrvp-ite:rw] [109/391] Building C object CMakeFiles/app.dir/mnt/host/source/src/platform/ec/build/zephyr/ocelotrvp-ite/modules/ec/common/panic_output.c.obj
[ocelotrvp-ite:rw] [110/391] Building C object CMakeFiles/app.dir/mnt/host/source/src/platform/ec/build/zephyr/ocelotrvp-ite/modules/ec/common/shared_mem.c.obj
[bluey:rw] [181/336] Building C object zephyr/lib/libc/minimal/CMakeFiles/lib__libc__minimal.dir/source/math/sqrtf.c.obj
[ocelotrvp-ite:ro] [323/391] Building C object modules/ec/zephyr/CMakeFiles/ec_shim.dir/shim/src/cbi/cros_cbi.c.obj
[ocelotrvp-ite:ro] [324/391] Building C object modules/ec/zephyr/CMakeFiles/ec_shim.dir/shim/src/cbi/cbi_flash.c.obj
[ocelotrvp-ite:rw] [111/391] Building C object CMakeFiles/app.dir/mnt/host/source/src/platform/ec/build/zephyr/ocelotrvp-ite/modules/ec/common/switch.c.obj
[bluey:rw] [182/336] Building C object zephyr/lib/libc/minimal/CMakeFiles/lib__libc__minimal.dir/source/stdout/sprintf.c.obj
[bluey:rw] [183/336] Building C object zephyr/lib/libc/minimal/CMakeFiles/lib__libc__minimal.dir/source/math/sqrt.c.obj
[ocelotrvp-ite:ro] [325/391] Building C object modules/ec/zephyr/CMakeFiles/ec_shim.dir/shim/src/led_driver/led_gpio.c.obj
[bluey:rw] [184/336] Building C object zephyr/lib/libc/minimal/CMakeFiles/lib__libc__minimal.dir/source/stdout/fprintf.c.obj
[bluey:rw] [185/336] Building C object zephyr/lib/libc/minimal/CMakeFiles/lib__libc__minimal.dir/source/stdout/stdout_console.c.obj
[ocelotrvp-ite:ro] [326/391] Building C object modules/ec/zephyr/CMakeFiles/ec_shim.dir/shim/src/led_driver/led.c.obj
[bluey:rw] [186/336] Building C object zephyr/lib/libc/common/CMakeFiles/lib__libc__common.dir/source/time/gmtime_r.c.obj
[ocelotrvp-ite:ro] [327/391] Building C object modules/ec/zephyr/CMakeFiles/ec_shim.dir/shim/src/system.c.obj
[ocelotrvp-ite:ro] [328/391] Building C object modules/ec/zephyr/CMakeFiles/ec_shim.dir/shim/src/adc.c.obj
[bluey:rw] [187/336] Building C object zephyr/lib/libc/common/CMakeFiles/lib__libc__common.dir/source/time/asctime.c.obj
[ocelotrvp-ite:ro] [329/391] Building C object modules/ec/zephyr/CMakeFiles/ec_shim.dir/shim/src/pdc_shim.c.obj
[bluey:rw] [188/336] Building C object zephyr/lib/libc/common/CMakeFiles/lib__libc__common.dir/source/time/localtime_r_utc.c.obj
[bluey:rw] [189/336] Building C object zephyr/lib/libc/common/CMakeFiles/lib__libc__common.dir/source/time/ctime.c.obj
[ocelotrvp-ite:ro] [330/391] Building C object modules/ec/zephyr/CMakeFiles/ec_shim.dir/shim/src/battery.c.obj
[ocelotrvp-ite:ro] [331/391] Building C object modules/ec/zephyr/CMakeFiles/ec_shim.dir/shim/src/charger.c.obj
[bluey:rw] [190/336] Building C object zephyr/lib/libc/common/CMakeFiles/lib__libc__common.dir/source/string/strnlen.c.obj
[bluey:rw] [191/336] Building C object zephyr/lib/libc/common/CMakeFiles/lib__libc__common.dir/source/time/time.c.obj
[ocelotrvp-ite:rw] [112/391] Building C object CMakeFiles/app.dir/mnt/host/source/src/platform/ec/build/zephyr/ocelotrvp-ite/modules/ec/common/tablet_mode.c.obj
[bluey:rw] [192/336] Building C object zephyr/lib/libc/minimal/CMakeFiles/lib__libc__minimal.dir/source/time/gmtime.c.obj
[bluey:rw] [193/336] Building C object zephyr/lib/posix/c_lib_ext/CMakeFiles/lib__posix__c_lib_ext.dir/fnmatch.c.obj
[ocelotrvp-ite:ro] [332/391] Building C object modules/ec/zephyr/CMakeFiles/ec_shim.dir/shim/src/chipset_api.c.obj
[bluey:rw] [194/336] Linking C static library zephyr/lib/libc/minimal/liblib__libc__minimal.a
[ocelotrvp-ite:rw] [113/391] Building C object CMakeFiles/app.dir/mnt/host/source/src/platform/ec/build/zephyr/ocelotrvp-ite/modules/ec/common/thermal.c.obj
[bluey:rw] [195/336] Building C object zephyr/lib/libc/common/CMakeFiles/lib__libc__common.dir/source/stdlib/malloc.c.obj
[ocelotrvp-ite:rw] [114/391] Building C object CMakeFiles/app.dir/mnt/host/source/src/platform/ec/build/zephyr/ocelotrvp-ite/modules/ec/common/temp_sensor.c.obj
[bluey:rw] [196/336] Building C object zephyr/subsys/crc/CMakeFiles/subsys__crc.dir/crc4_sw.c.obj
[bluey:rw] [197/336] Linking C static library zephyr/lib/libc/common/liblib__libc__common.a
[bluey:rw] [198/336] Building C object zephyr/subsys/crc/CMakeFiles/subsys__crc.dir/crc16_sw.c.obj
[bluey:rw] [199/336] Building C object zephyr/subsys/crc/CMakeFiles/subsys__crc.dir/crc8_sw.c.obj
[bluey:rw] [200/336] Building C object zephyr/lib/posix/c_lib_ext/CMakeFiles/lib__posix__c_lib_ext.dir/getentropy.c.obj
[ocelotrvp-ite:ro] [333/391] Building C object modules/ec/zephyr/CMakeFiles/ec_shim.dir/shim/src/flash.c.obj
[ocelotrvp-ite:ro] [334/391] Building C object modules/ec/zephyr/CMakeFiles/ec_shim.dir/shim/src/espi.c.obj
[ocelotrvp-ite:ro] [335/391] Building C object modules/ec/zephyr/CMakeFiles/ec_shim.dir/shim/src/host_command.c.obj
[ocelotrvp-ite:ro] [336/391] Building C object modules/ec/zephyr/CMakeFiles/ec_shim.dir/shim/src/fan.c.obj
[bluey:rw] [201/336] Building C object zephyr/subsys/crc/CMakeFiles/subsys__crc.dir/crc7_sw.c.obj
[ocelotrvp-ite:ro] [337/391] Building C object modules/ec/zephyr/CMakeFiles/ec_shim.dir/shim/src/hooks.c.obj
[bluey:rw] [202/336] Building C object zephyr/subsys/crc/CMakeFiles/subsys__crc.dir/crc32c_sw.c.obj
[bluey:rw] [203/336] Building C object zephyr/subsys/crc/CMakeFiles/subsys__crc.dir/crc24_sw.c.obj
[ocelotrvp-ite:ro] [338/391] Building C object modules/ec/zephyr/CMakeFiles/ec_shim.dir/shim/src/console_buffer.c.obj
[bluey:rw] [204/336] Building C object zephyr/subsys/crc/CMakeFiles/subsys__crc.dir/crc32_sw.c.obj
[bluey:rw] [205/336] Building C object zephyr/subsys/crc/CMakeFiles/subsys__crc.dir/crc32k_4_2_sw.c.obj
[bluey:rw] [206/336] Building C object zephyr/lib/posix/c_lib_ext/CMakeFiles/lib__posix__c_lib_ext.dir/getopt_shim.c.obj
[bluey:rw] [207/336] Linking C static library zephyr/lib/posix/c_lib_ext/liblib__posix__c_lib_ext.a
[ocelotrvp-ite:ro] [339/391] Building C object modules/ec/zephyr/CMakeFiles/ec_shim.dir/shim/src/mkbp_event.c.obj
[bluey:rw] [208/336] Linking C static library zephyr/subsys/crc/libsubsys__crc.a
[ocelotrvp-ite:ro] [340/391] Building C object modules/ec/zephyr/CMakeFiles/ec_shim.dir/shim/src/panic.c.obj
[ocelotrvp-ite:rw] [115/391] Building C object CMakeFiles/app.dir/mnt/host/source/src/platform/ec/build/zephyr/ocelotrvp-ite/modules/ec/driver/temp_sensor/thermistor.c.obj
[bluey:rw] [209/336] Building C object zephyr/subsys/input/CMakeFiles/subsys__input.dir/input_hid.c.obj
[ocelotrvp-ite:rw] [116/391] Building C object CMakeFiles/app.dir/mnt/host/source/src/platform/ec/build/zephyr/ocelotrvp-ite/modules/ec/common/timer.c.obj
[ocelotrvp-ite:rw] [117/391] Building C object CMakeFiles/app.dir/mnt/host/source/src/platform/ec/build/zephyr/ocelotrvp-ite/modules/ec/common/usb_port_power_dumb.c.obj
[ocelotrvp-ite:ro] [341/391] Building C object modules/ec/zephyr/CMakeFiles/ec_shim.dir/shim/src/hwtimer.c.obj
[bluey:rw] [210/336] Building C object zephyr/subsys/input/CMakeFiles/subsys__input.dir/input.c.obj
[ocelotrvp-ite:ro] [342/391] Building C object modules/ec/zephyr/CMakeFiles/ec_shim.dir/shim/src/thermal.c.obj
[bluey:rw] [211/336] Building C object zephyr/subsys/input/CMakeFiles/subsys__input.dir/input_utils.c.obj
[ocelotrvp-ite:ro] [343/391] Building C object modules/ec/zephyr/CMakeFiles/ec_shim.dir/shim/src/pwm_hc.c.obj
[ocelotrvp-ite:ro] [344/391] Building C object modules/ec/zephyr/CMakeFiles/ec_shim.dir/shim/src/temp_sensors.c.obj
[bluey:rw] [212/336] Building C object zephyr/drivers/interrupt_controller/CMakeFiles/drivers__interrupt_controller.dir/intc_miwu.c.obj
[bluey:rw] [213/336] Linking C static library zephyr/subsys/input/libsubsys__input.a
[bluey:rw] [214/336] Linking C static library zephyr/drivers/interrupt_controller/libdrivers__interrupt_controller.a
[ocelotrvp-ite:ro] [345/391] Building C object modules/ec/zephyr/CMakeFiles/ec_shim.dir/shim/src/i2c.c.obj
[bluey:rw] [215/336] Building C object zephyr/drivers/adc/CMakeFiles/drivers__adc.dir/adc_common.c.obj
[ocelotrvp-ite:ro] [346/391] Building C object modules/ec/zephyr/CMakeFiles/ec_shim.dir/shim/src/tasks.c.obj
[ocelotrvp-ite:ro] [347/391] Linking CXX static library modules/pigweed/pw_containers/libpw_containers.intrusive_item.a
[ocelotrvp-ite:ro] [348/391] Building C object modules/ec/zephyr/CMakeFiles/ec_shim.dir/shim/src/watchdog.c.obj
[ocelotrvp-ite:ro] [349/391] Building C object modules/ec/zephyr/CMakeFiles/ec_shim.dir/shim/src/usba.c.obj
[ocelotrvp-ite:ro] [350/391] Linking CXX static library modules/pigweed/pw_status/libpw_status.a
[ocelotrvp-ite:ro] [351/391] Linking CXX static library modules/pigweed/pw_bytes/libpw_bytes.a
[ocelotrvp-ite:rw] [118/391] Building C object CMakeFiles/app.dir/mnt/host/source/src/platform/ec/build/zephyr/ocelotrvp-ite/modules/ec/common/usbc_utils.c.obj
[ocelotrvp-ite:rw] [119/391] Building C object CMakeFiles/app.dir/mnt/host/source/src/platform/ec/build/zephyr/ocelotrvp-ite/modules/ec/common/usb_common.c.obj
[bluey:rw] [216/336] Building C object zephyr/drivers/adc/CMakeFiles/drivers__adc.dir/adc_npcx.c.obj
[bluey:rw] [217/336] Building C object zephyr/drivers/clock_control/CMakeFiles/drivers__clock_control.dir/clock_control_npcx.c.obj
[ocelotrvp-ite:ro] [352/391] Building C object modules/ec/zephyr/CMakeFiles/ec_shim.dir/shim/src/power_host_sleep_api.c.obj
[bluey:rw] [218/336] Linking C static library zephyr/drivers/adc/libdrivers__adc.a
[ocelotrvp-ite:rw] [120/391] Building C object CMakeFiles/app.dir/mnt/host/source/src/platform/ec/build/zephyr/ocelotrvp-ite/modules/ec/common/usb_pd_host_cmd_common.c.obj
[bluey:rw] [219/336] Linking C static library zephyr/drivers/clock_control/libdrivers__clock_control.a
[bluey:rw] [220/336] Building C object zephyr/drivers/bbram/CMakeFiles/drivers__bbram.dir/bbram_npcx.c.obj
[bluey:rw] [221/336] Building C object zephyr/drivers/console/CMakeFiles/drivers__console.dir/uart_console.c.obj
[ocelotrvp-ite:ro] [353/391] Building C object modules/ec/zephyr/CMakeFiles/ec_shim.dir/shim/src/sha256_hw.c.obj
[bluey:rw] [222/336] Linking C static library zephyr/drivers/bbram/libdrivers__bbram.a
[bluey:rw] [223/336] Linking C static library zephyr/drivers/console/libdrivers__console.a
[ocelotrvp-ite:ro] [354/391] Linking CXX static library modules/ec/zephyr/libec_shim.a
[ocelotrvp-ite:ro] [355/391] Building C object zephyr/kernel/CMakeFiles/kernel.dir/banner.c.obj
[ocelotrvp-ite:ro] [356/391] Building C object zephyr/kernel/CMakeFiles/kernel.dir/main_weak.c.obj
[ocelotrvp-ite:ro] [357/391] Building C object zephyr/kernel/CMakeFiles/kernel.dir/busy_wait.c.obj
[bluey:rw] [224/336] Building C object zephyr/drivers/flash/CMakeFiles/drivers__flash.dir/jesd216.c.obj
[/mnt/host/source/src/platform/ec/build/zephyr/ptlrvp_npcx-lcov]   /mnt/host/source/src/platform/ec/build/zephyr/ptlrvp_npcx/build-ro/CMakeFiles/app.dir/mnt/host/source/src/platform/ec/build/zephyr/ptlrvp_npcx/modules/ec/common/cbi_config.c.gcno:no functions found
[/mnt/host/source/src/platform/ec/build/zephyr/ptlrvp_npcx-lcov] stderr:
[bluey:rw] [225/336] Building C object zephyr/drivers/flash/CMakeFiles/drivers__flash.dir/flash_npcx_fiu_nor.c.obj
[ocelotrvp-ite:rw] [121/391] Building C object CMakeFiles/app.dir/mnt/host/source/src/platform/ec/build/zephyr/ocelotrvp-ite/modules/ec/common/vboot_hash.c.obj
[ocelotrvp-ite:ro] [358/391] Building C object zephyr/kernel/CMakeFiles/kernel.dir/device.c.obj
[ocelotrvp-ite:ro] [359/391] Building C object zephyr/kernel/CMakeFiles/kernel.dir/errno.c.obj
[ocelotrvp-ite:rw] [122/391] Building C object CMakeFiles/app.dir/mnt/host/source/src/platform/ec/build/zephyr/ocelotrvp-ite/modules/ec/common/button.c.obj
[bluey:rw] [226/336] Building C object zephyr/drivers/flash/CMakeFiles/drivers__flash.dir/flash_npcx_fiu_qspi.c.obj
[ocelotrvp-ite:rw] [123/391] Building C object CMakeFiles/app.dir/mnt/host/source/src/platform/ec/build/zephyr/ocelotrvp-ite/modules/ec/common/vstore.c.obj
[bluey:rw] [227/336] Linking C static library zephyr/drivers/flash/libdrivers__flash.a
[ocelotrvp-ite:ro] [360/391] Building C object zephyr/kernel/CMakeFiles/kernel.dir/fatal.c.obj
[ocelotrvp-ite:ro] [361/391] Building C object zephyr/kernel/CMakeFiles/kernel.dir/kheap.c.obj
[bluey:rw] [228/336] Building C object zephyr/drivers/gpio/CMakeFiles/drivers__gpio.dir/gpio_npcx.c.obj
[bluey:rw] [229/336] Linking C static library zephyr/drivers/gpio/libdrivers__gpio.a
[ocelotrvp-ite:ro] [362/391] Building C object zephyr/kernel/CMakeFiles/kernel.dir/init.c.obj
[bluey:rw] [230/336] Building C object zephyr/drivers/i2c/CMakeFiles/drivers__i2c.dir/i2c_common.c.obj
[ocelotrvp-ite:ro] [363/391] Building C object zephyr/kernel/CMakeFiles/kernel.dir/version.c.obj
[bluey:rw] [231/336] Building C object zephyr/drivers/i2c/CMakeFiles/drivers__i2c.dir/i2c_shell.c.obj
[/mnt/host/source/src/platform/ec/build/zephyr/ptlrvp_npcx-lcov]   /mnt/host/source/src/platform/ec/build/zephyr/ptlrvp_npcx/build-ro/CMakeFiles/app.dir/src/intel_rvp_board_id.c.gcno:no functions found
[/mnt/host/source/src/platform/ec/build/zephyr/ptlrvp_npcx-lcov] stderr:
[bluey:rw] [232/336] Building C object zephyr/drivers/input/CMakeFiles/drivers__input.dir/mnt/host/source/src/third_party/zephyr/main/misc/empty_file.c.obj
[ocelotrvp-ite:ro] [364/391] Building C object zephyr/kernel/CMakeFiles/kernel.dir/float.c.obj
[bluey:rw] [233/336] Linking C static library zephyr/drivers/input/libdrivers__input.a
[ocelotrvp-ite:ro] [365/391] Building C object zephyr/kernel/CMakeFiles/kernel.dir/mem_slab.c.obj
[ocelotrvp-ite:rw] [124/391] Building C object CMakeFiles/app.dir/mnt/host/source/src/platform/ec/build/zephyr/ocelotrvp-ite/modules/ec/common/math_util.c.obj
[ocelotrvp-ite:rw] [125/391] Building C object CMakeFiles/app.dir/src/rvp_keyboard_customization.c.obj
[ocelotrvp-ite:rw] [126/391] Building C object CMakeFiles/app.dir/mnt/host/source/src/platform/ec/build/zephyr/ocelotrvp-ite/modules/ec/driver/led/max695x.c.obj
[ocelotrvp-ite:ro] [366/391] Building C object zephyr/kernel/CMakeFiles/kernel.dir/idle.c.obj
[bluey:rw] [234/336] Building C object zephyr/drivers/i2c/CMakeFiles/drivers__i2c.dir/i2c_npcx_controller_fifo.c.obj
[bluey:rw] [235/336] Building C object zephyr/drivers/i2c/CMakeFiles/drivers__i2c.dir/i2c_npcx_controller.c.obj
[bluey:rw] [236/336] Building C object zephyr/drivers/i2c/CMakeFiles/drivers__i2c.dir/i2c_npcx_port.c.obj
[bluey:rw] [237/336] Linking C static library zephyr/drivers/i2c/libdrivers__i2c.a
[ocelotrvp-ite:ro] [367/391] Building C object zephyr/kernel/CMakeFiles/kernel.dir/msg_q.c.obj
[ocelotrvp-ite:ro] [368/391] Building C object zephyr/kernel/CMakeFiles/kernel.dir/mailbox.c.obj
[bluey:rw] [238/336] Building C object zephyr/drivers/pinctrl/CMakeFiles/drivers__pinctrl.dir/common.c.obj
[bluey:rw] [239/336] Building C object zephyr/drivers/sensor/CMakeFiles/drivers__sensor.dir/mnt/host/source/src/third_party/zephyr/main/misc/empty_file.c.obj
[bluey:rw] [240/336] Linking C static library zephyr/drivers/sensor/libdrivers__sensor.a
[ocelotrvp-ite:ro] [369/391] Building C object zephyr/kernel/CMakeFiles/kernel.dir/queue.c.obj
[bluey:rw] [241/336] Building C object zephyr/drivers/pinctrl/CMakeFiles/drivers__pinctrl.dir/pinctrl_npcx.c.obj
[ocelotrvp-ite:ro] [370/391] Building C object zephyr/kernel/CMakeFiles/kernel.dir/mutex.c.obj
[ocelotrvp-ite:ro] [371/391] Building CXX object modules/ec/zephyr/drivers/dsp_comms/service/CMakeFiles/dsp.service.dir/i2c_target_buffer_funcs.cc.obj
[ocelotrvp-ite:ro] [372/391] Building C object zephyr/kernel/CMakeFiles/kernel.dir/sem.c.obj
[bluey:rw] [242/336] Building C object zephyr/drivers/pwm/CMakeFiles/drivers__pwm.dir/pwm_shell.c.obj
[ocelotrvp-ite:rw] [127/391] Building C object CMakeFiles/app.dir/src/rvp_board_power.c.obj
[bluey:rw] [243/336] Linking C static library zephyr/drivers/pinctrl/libdrivers__pinctrl.a
[bluey:rw] [244/336] Building C object zephyr/drivers/pwm/CMakeFiles/drivers__pwm.dir/pwm_npcx.c.obj
[ocelotrvp-ite:ro] [373/391] Building CXX object modules/ec/zephyr/drivers/dsp_comms/service/CMakeFiles/dsp.service.dir/i2c_target_pio_funcs.cc.obj
[bluey:rw] [245/336] Building C object zephyr/drivers/spi/CMakeFiles/drivers__spi.dir/mnt/host/source/src/third_party/zephyr/main/misc/empty_file.c.obj
[/mnt/host/source/src/platform/ec/build/zephyr/ptlrvp_npcx-lcov]   /mnt/host/source/src/platform/ec/build/zephyr/ptlrvp_npcx/build-ro/zephyr/arch/arch/arm/core/mpu/CMakeFiles/arch__arm__core__mpu.dir/arm_mpu_regions.c.gcno:no functions found
[/mnt/host/source/src/platform/ec/build/zephyr/ptlrvp_npcx-lcov] stderr:
[ocelotrvp-ite:rw] [128/391] Building C object CMakeFiles/app.dir/mnt/host/source/src/platform/ec/zephyr/program/intelrvp/src/dc_jack.c.obj
[ocelotrvp-ite:rw] [129/391] Building C object CMakeFiles/app.dir/src/rvp_usbc_runtime.c.obj
[bluey:rw] [246/336] Linking C static library zephyr/drivers/pwm/libdrivers__pwm.a
[bluey:rw] [247/336] Linking C static library zephyr/drivers/spi/libdrivers__spi.a
[ocelotrvp-ite:ro] [374/391] Building C object zephyr/kernel/CMakeFiles/kernel.dir/stack.c.obj
[ocelotrvp-ite:ro] [375/391] Building C object zephyr/kernel/CMakeFiles/kernel.dir/system_work_q.c.obj
[ocelotrvp-ite:rw] [130/391] Building C object zephyr/CMakeFiles/zephyr.dir/lib/cpp/abi/cpp_dtors.c.obj
[ocelotrvp-ite:rw] [131/391] Linking CXX static library app/libapp.a
[ocelotrvp-ite:ro] [376/391] Building CXX object modules/ec/zephyr/drivers/dsp_comms/service/CMakeFiles/dsp.service.dir/dsp_service.cc.obj
[bluey:rw] [248/336] Building C object zephyr/drivers/sensor/nuvoton/nuvoton_tach_npcx/CMakeFiles/drivers__sensor__nuvoton__nuvoton_tach_npcx.dir/tach_nuvoton_npcx.c.obj
[bluey:rw] [249/336] Linking C static library zephyr/drivers/sensor/nuvoton/nuvoton_tach_npcx/libdrivers__sensor__nuvoton__nuvoton_tach_npcx.a
[ocelotrvp-ite:ro] [377/391] Linking CXX static library modules/ec/zephyr/drivers/dsp_comms/service/libdsp.service.a
[ocelotrvp-ite:rw] [132/391] Building C object zephyr/CMakeFiles/zephyr.dir/lib/libc/validate_libc.c.obj
[bluey:rw] [250/336] Building C object zephyr/drivers/serial/CMakeFiles/drivers__serial.dir/uart_npcx.c.obj
[bluey:rw] [251/336] Linking C static library zephyr/drivers/serial/libdrivers__serial.a
[bluey:rw] [252/336] Building C object zephyr/drivers/syscon/CMakeFiles/drivers__syscon.dir/syscon.c.obj
[ocelotrvp-ite:ro] [378/391] Building C object zephyr/kernel/CMakeFiles/kernel.dir/pipe.c.obj
[ocelotrvp-ite:ro] [379/391] Building C object zephyr/kernel/CMakeFiles/kernel.dir/thread.c.obj
[ocelotrvp-ite:ro] [380/391] Building C object zephyr/kernel/CMakeFiles/kernel.dir/condvar.c.obj
[bluey:rw] [253/336] Linking C static library zephyr/drivers/syscon/libdrivers__syscon.a
[ocelotrvp-ite:ro] [381/391] Building C object zephyr/kernel/CMakeFiles/kernel.dir/work.c.obj
[bluey:rw] [254/336] Building C object zephyr/drivers/timer/CMakeFiles/drivers__timer.dir/sys_clock_init.c.obj
[ocelotrvp-ite:ro] [382/391] Building C object zephyr/kernel/CMakeFiles/kernel.dir/spinlock_validate.c.obj
[ocelotrvp-ite:ro] [383/391] Building C object zephyr/kernel/CMakeFiles/kernel.dir/sched.c.obj
[ocelotrvp-ite:ro] [384/391] Building C object zephyr/kernel/CMakeFiles/kernel.dir/thread_monitor.c.obj
[/mnt/host/source/src/platform/ec/build/zephyr/ptlrvp_npcx-lcov]   /mnt/host/source/src/platform/ec/build/zephyr/ptlrvp_npcx/build-ro/zephyr/arch/common/CMakeFiles/isr_tables.dir/isr_tables.c.gcno:no functions found
[/mnt/host/source/src/platform/ec/build/zephyr/ptlrvp_npcx-lcov] stderr:
[ocelotrvp-ite:rw] [133/391] Building C object zephyr/CMakeFiles/zephyr.dir/lib/os/cbprintf_packaged.c.obj
[bluey:rw] [255/336] Building C object zephyr/drivers/timer/CMakeFiles/drivers__timer.dir/npcx_itim_timer.c.obj
[ocelotrvp-ite:rw] [134/391] Building C object zephyr/CMakeFiles/zephyr.dir/lib/heap/heap.c.obj
[bluey:rw] [256/336] Linking C static library zephyr/drivers/timer/libdrivers__timer.a
[ocelotrvp-ite:rw] [135/391] Building C object zephyr/CMakeFiles/zephyr.dir/lib/os/clock.c.obj
[bluey:rw] [257/336] Building C object zephyr/drivers/watchdog/CMakeFiles/drivers__watchdog.dir/wdt_npcx.c.obj
[ocelotrvp-ite:ro] [385/391] Building C object zephyr/kernel/CMakeFiles/kernel.dir/timer.c.obj
[bluey:rw] [258/336] Building C object zephyr/drivers/watchdog/CMakeFiles/drivers__watchdog.dir/wdt_shell.c.obj
[ocelotrvp-ite:ro] [386/391] Building C object zephyr/kernel/CMakeFiles/kernel.dir/timeout.c.obj
[ocelotrvp-ite:ro] [387/391] Building C object zephyr/kernel/CMakeFiles/kernel.dir/mempool.c.obj
[ocelotrvp-ite:ro] [388/391] Building C object zephyr/kernel/CMakeFiles/kernel.dir/events.c.obj
[bluey:rw] [259/336] Linking C static library zephyr/drivers/watchdog/libdrivers__watchdog.a
[ocelotrvp-ite:ro] [389/391] Building C object zephyr/kernel/CMakeFiles/kernel.dir/poll.c.obj
[ocelotrvp-ite:ro] [390/391] Building C object zephyr/kernel/CMakeFiles/kernel.dir/dynamic_disabled.c.obj
[ocelotrvp-ite:rw] [136/391] Building C object zephyr/CMakeFiles/zephyr.dir/lib/os/sem.c.obj
[bluey:rw] [260/336] Building C object modules/ec/zephyr/CMakeFiles/ec_shim.dir/app/ec/ec_app_main.c.obj
[ocelotrvp-ite:ro] [391/391] Linking CXX static library zephyr/kernel/libkernel.a
[ocelotrvp-ite:rw] [137/391] Building C object zephyr/CMakeFiles/zephyr.dir/lib/utils/base64.c.obj
[ocelotrvp-ite:rw] [138/391] Building C object zephyr/CMakeFiles/zephyr.dir/lib/os/printk.c.obj
[ocelotrvp-ite:rw] [139/391] Building C object zephyr/CMakeFiles/zephyr.dir/lib/os/thread_entry.c.obj
[ocelotrvp-ite:rw] [140/391] Building C object zephyr/CMakeFiles/zephyr.dir/lib/utils/dec.c.obj
[ocelotrvp-ite:rw] [141/391] Building C object zephyr/CMakeFiles/zephyr.dir/lib/utils/hex.c.obj
[bluey:rw] [261/336] Building C object modules/ec/zephyr/CMakeFiles/ec_shim.dir/app/ec/main_shim.c.obj
[ocelotrvp-ite:rw] [142/391] Building C object zephyr/CMakeFiles/zephyr.dir/lib/utils/timeutil.c.obj
[ocelotrvp-ite:rw] [143/391] Building C object zephyr/CMakeFiles/zephyr.dir/lib/os/cbprintf_nano.c.obj
[bluey:rw] [262/336] Building C object modules/ec/zephyr/CMakeFiles/ec_shim.dir/drivers/cros_rtc/cros_rtc_npcx.c.obj
[ocelotrvp-ite:rw] [144/391] Building C object zephyr/CMakeFiles/zephyr.dir/lib/utils/bitmask.c.obj
[bluey:rw] [263/336] Building C object modules/ec/zephyr/CMakeFiles/ec_shim.dir/drivers/cros_flash/cros_flash_npcx.c.obj
[bluey:rw] [264/336] Building C object modules/ec/zephyr/CMakeFiles/ec_shim.dir/drivers/cros_shi/cros_shi_npcx.c.obj
[ocelotrvp-ite:rw] [145/391] Building C object zephyr/CMakeFiles/zephyr.dir/lib/utils/last_section_id.c.obj
[ocelotrvp-ite:rw] [146/391] Building C object zephyr/CMakeFiles/zephyr.dir/lib/os/assert.c.obj
[ocelotrvp-ite:rw] [147/391] Building C object zephyr/CMakeFiles/zephyr.dir/lib/utils/ring_buffer.c.obj
[bluey:rw] [265/336] Building C object modules/ec/zephyr/CMakeFiles/ec_shim.dir/shim/chip/npcx/clock.c.obj
[ocelotrvp-ite:rw] [148/391] Building C object zephyr/CMakeFiles/zephyr.dir/lib/utils/rb.c.obj
[bluey:rw] [266/336] Building C object modules/ec/zephyr/CMakeFiles/ec_shim.dir/drivers/cros_system/cros_system_npcx.c.obj
[ocelotrvp-ite:rw] [149/391] Building C object zephyr/CMakeFiles/zephyr.dir/misc/generated/configs.c.obj
[ocelotrvp-ite:rw] [150/391] Building C object zephyr/CMakeFiles/zephyr.dir/lib/utils/bitarray.c.obj
[ocelotrvp-ite:rw] [151/391] Building C object zephyr/CMakeFiles/zephyr.dir/lib/utils/getopt/getopt.c.obj
[ocelotrvp-ite:rw] [152/391] Building ASM object zephyr/CMakeFiles/zephyr.dir/soc/ite/ec/common/soc_irq.S.obj
[bluey:rw] [267/336] Building C object modules/ec/zephyr/CMakeFiles/ec_shim.dir/shim/chip/npcx/rom_chip.c.obj
[bluey:rw] [268/336] Building C object modules/ec/zephyr/CMakeFiles/ec_shim.dir/shim/chip/npcx/shi.c.obj
[ocelotrvp-ite:rw] [153/391] Building C object zephyr/CMakeFiles/zephyr.dir/lib/utils/getopt/getopt_common.c.obj
[ocelotrvp-ite:rw] [154/391] Building C object zephyr/CMakeFiles/zephyr.dir/soc/ite/ec/common/soc_common_irq.c.obj
[bluey:rw] [269/336] Building C object modules/ec/zephyr/CMakeFiles/ec_shim.dir/shim/chip/npcx/system.c.obj
[ocelotrvp-ite:rw] [155/391] Building ASM object zephyr/CMakeFiles/zephyr.dir/soc/ite/ec/it8xxx2/vector.S.obj
[ocelotrvp-ite:rw] [156/391] Building C object zephyr/CMakeFiles/zephyr.dir/soc/ite/ec/common/power.c.obj
[bluey:rw] [270/336] Building C object modules/ec/zephyr/CMakeFiles/ec_shim.dir/shim/src/crc.c.obj
[ocelotrvp-ite:rw] [157/391] Building C object zephyr/CMakeFiles/zephyr.dir/soc/ite/ec/common/policy.c.obj
[bluey:rw] [271/336] Building C object modules/ec/zephyr/CMakeFiles/ec_shim.dir/shim/chip/npcx/system_external_storage.c.obj
[bluey:rw] [272/336] Building C object modules/ec/zephyr/CMakeFiles/ec_shim.dir/shim/chip/npcx/power_policy.c.obj
[bluey:rw] [273/336] Building C object modules/ec/zephyr/CMakeFiles/ec_shim.dir/shim/core/cortex-m/mpu.c.obj
[ocelotrvp-ite:rw] [158/391] Building C object zephyr/CMakeFiles/zephyr.dir/soc/ite/ec/it8xxx2/check_regs.c.obj
[ocelotrvp-ite:rw] [159/391] Building C object zephyr/CMakeFiles/zephyr.dir/soc/ite/ec/it8xxx2/soc.c.obj
[bluey:rw] [274/336] Building C object modules/ec/zephyr/CMakeFiles/ec_shim.dir/shim/core/cortex-m/panic.c.obj
[ocelotrvp-ite:rw] [160/391] Building C object zephyr/CMakeFiles/zephyr.dir/soc/ite/ec/it8xxx2/ilm.c.obj
[ocelotrvp-ite:rw] [161/391] Building C object zephyr/CMakeFiles/zephyr.dir/subsys/pm/state.c.obj
[bluey:rw] [275/336] Building C object modules/ec/zephyr/CMakeFiles/ec_shim.dir/shim/chip/npcx/gpio.c.obj
[bluey:rw] [276/336] Building C object modules/ec/zephyr/CMakeFiles/ec_shim.dir/shim/src/console.c.obj
[ocelotrvp-ite:rw] [162/391] Building C object zephyr/CMakeFiles/zephyr.dir/subsys/logging/log_minimal.c.obj
[ocelotrvp-ite:rw] [163/391] Building C object zephyr/CMakeFiles/zephyr.dir/subsys/pm/pm.c.obj
[bluey:rw] [277/336] Building C object modules/ec/zephyr/CMakeFiles/ec_shim.dir/shim/src/panic_utils.c.obj
[ocelotrvp-ite:rw] [164/391] Building C object zephyr/CMakeFiles/zephyr.dir/subsys/pm/policy/policy_latency.c.obj
[ocelotrvp-ite:rw] [165/391] Building C object zephyr/CMakeFiles/zephyr.dir/subsys/pm/policy/policy_state_lock.c.obj
[ocelotrvp-ite:rw] [166/391] Building C object zephyr/CMakeFiles/zephyr.dir/subsys/pm/policy/policy_events.c.obj
[bluey:rw] [278/336] Building C object modules/ec/zephyr/CMakeFiles/ec_shim.dir/shim/src/pm_state.c.obj
[bluey:rw] [279/336] Building ASM object modules/ec/zephyr/CMakeFiles/ec_shim.dir/shim/src/libgcc_arm.S.obj
[bluey:rw] [280/336] Building C object modules/ec/zephyr/CMakeFiles/ec_shim.dir/shim/src/gpio.c.obj
[bluey:rw] [281/336] Building C object modules/ec/zephyr/CMakeFiles/ec_shim.dir/shim/src/gpio_int.c.obj
[bluey:rw] [282/336] Building C object modules/ec/zephyr/CMakeFiles/ec_shim.dir/shim/src/popcountsi2.c.obj
[ocelotrvp-ite:rw] [167/391] Building C object zephyr/CMakeFiles/zephyr.dir/subsys/pm/device.c.obj
[bluey:rw] [283/336] Building C object modules/ec/zephyr/CMakeFiles/ec_shim.dir/shim/src/cbi/cros_cbi.c.obj
[ocelotrvp-ite:rw] [168/391] Building C object zephyr/CMakeFiles/zephyr.dir/subsys/pm/device_system_managed.c.obj
[ocelotrvp-ite:rw] [169/391] Building C object zephyr/CMakeFiles/zephyr.dir/subsys/pm/device_runtime.c.obj
[ocelotrvp-ite:rw] [170/391] Building C object zephyr/CMakeFiles/zephyr.dir/subsys/testsuite/coverage/coverage.c.obj
[bluey:rw] [284/336] Building C object modules/ec/zephyr/CMakeFiles/ec_shim.dir/shim/src/system.c.obj
[ocelotrvp-ite:rw] [171/391] Building C object zephyr/CMakeFiles/zephyr.dir/subsys/tracing/tracing_none.c.obj
[bluey:rw] [285/336] Building C object modules/ec/zephyr/CMakeFiles/ec_shim.dir/shim/src/cbi/cbi_flash.c.obj
[ocelotrvp-ite:rw] [172/391] Building C object zephyr/CMakeFiles/zephyr.dir/subsys/shell/modules/kernel_service/kernel_shell.c.obj
[ocelotrvp-ite:rw] [173/391] Building C object zephyr/CMakeFiles/zephyr.dir/subsys/shell/modules/kernel_service/cycles.c.obj
[bluey:rw] [286/336] Building C object modules/ec/zephyr/CMakeFiles/ec_shim.dir/shim/src/battery.c.obj
[ocelotrvp-ite:rw] [174/391] Building C object zephyr/CMakeFiles/zephyr.dir/subsys/shell/modules/kernel_service/uptime.c.obj
[ocelotrvp-ite:rw] [175/391] Building C object zephyr/CMakeFiles/zephyr.dir/subsys/shell/modules/kernel_service/sleep.c.obj
[bluey:rw] [287/336] Building C object modules/ec/zephyr/CMakeFiles/ec_shim.dir/shim/src/adc.c.obj
[ocelotrvp-ite:rw] [176/391] Building C object zephyr/CMakeFiles/zephyr.dir/subsys/shell/modules/kernel_service/version.c.obj
[ocelotrvp-ite:rw] [177/391] Building C object zephyr/CMakeFiles/zephyr.dir/subsys/shell/modules/kernel_service/thread/thread.c.obj
[/mnt/host/source/src/platform/ec/build/zephyr/ptlrvp_npcx-lcov]   /mnt/host/source/src/platform/ec/build/zephyr/ptlrvp_npcx/build-ro/zephyr/CMakeFiles/zephyr.dir/subsys/shell/modules/kernel_service/kernel_shell.c.gcno:no functions found
[/mnt/host/source/src/platform/ec/build/zephyr/ptlrvp_npcx-lcov] stderr:
[bluey:rw] [288/336] Building C object modules/ec/zephyr/CMakeFiles/ec_shim.dir/shim/src/flash.c.obj
[bluey:rw] [289/336] Building C object modules/ec/zephyr/CMakeFiles/ec_shim.dir/shim/src/hooks.c.obj
[bluey:rw] [290/336] Building C object modules/ec/zephyr/CMakeFiles/ec_shim.dir/shim/src/fan.c.obj
[bluey:rw] [291/336] Building C object modules/ec/zephyr/CMakeFiles/ec_shim.dir/shim/src/console_buffer.c.obj
[ocelotrvp-ite:rw] [178/391] Building C object zephyr/CMakeFiles/zephyr.dir/subsys/shell/modules/kernel_service/thread/list.c.obj
[/mnt/host/source/src/platform/ec/build/zephyr/ptlrvp_npcx-lcov]   /mnt/host/source/src/platform/ec/build/zephyr/ptlrvp_npcx/build-ro/zephyr/CMakeFiles/zephyr.dir/lib/libc/validate_libc.c.gcno:no functions found
[/mnt/host/source/src/platform/ec/build/zephyr/ptlrvp_npcx-lcov] stderr:
[ocelotrvp-ite:rw] [179/391] Building C object zephyr/CMakeFiles/zephyr.dir/subsys/shell/modules/kernel_service/thread/stacks.c.obj
[ocelotrvp-ite:rw] [180/391] Building C object zephyr/CMakeFiles/zephyr.dir/subsys/shell/modules/kernel_service/thread/unwind.c.obj
[bluey:rw] [292/336] Building C object modules/ec/zephyr/CMakeFiles/ec_shim.dir/shim/src/host_command.c.obj
[bluey:rw] [293/336] Building C object modules/ec/zephyr/CMakeFiles/ec_shim.dir/shim/src/mkbp_event.c.obj
[ocelotrvp-ite:rw] [181/391] Building C object zephyr/CMakeFiles/zephyr.dir/subsys/shell/modules/kernel_service/thread/suspend.c.obj
[bluey:rw] [294/336] Building C object modules/ec/zephyr/CMakeFiles/ec_shim.dir/shim/src/panic.c.obj
[ocelotrvp-ite:rw] [182/391] Building C object zephyr/CMakeFiles/zephyr.dir/subsys/shell/modules/kernel_service/thread/resume.c.obj
[ocelotrvp-ite:rw] [183/391] Building C object zephyr/CMakeFiles/zephyr.dir/subsys/shell/modules/kernel_service/thread/kill.c.obj
[bluey:rw] [295/336] Building C object modules/ec/zephyr/CMakeFiles/ec_shim.dir/shim/src/hwtimer.c.obj
[ocelotrvp-ite:rw] [184/391] Building C object zephyr/CMakeFiles/zephyr.dir/subsys/shell/backends/shell_uart.c.obj
[bluey:rw] [296/336] Building C object modules/ec/zephyr/CMakeFiles/ec_shim.dir/shim/src/thermal.c.obj
[bluey:rw] [297/336] Building C object modules/ec/zephyr/CMakeFiles/ec_shim.dir/shim/src/rtc.c.obj
[bluey:rw] [298/336] Building C object modules/ec/zephyr/CMakeFiles/ec_shim.dir/shim/src/temp_sensors.c.obj
[ocelotrvp-ite:rw] [185/391] Building C object zephyr/CMakeFiles/zephyr.dir/subsys/shell/shell_utils.c.obj
[ocelotrvp-ite:rw] [186/391] Building C object zephyr/CMakeFiles/zephyr.dir/subsys/shell/shell.c.obj
[ocelotrvp-ite:rw] [187/391] Building C object zephyr/CMakeFiles/zephyr.dir/subsys/shell/shell_fprintf.c.obj
[bluey:rw] [299/336] Building C object modules/ec/zephyr/CMakeFiles/ec_shim.dir/shim/src/tasks.c.obj
[bluey:rw] [300/336] Building C object modules/ec/zephyr/CMakeFiles/ec_shim.dir/shim/src/i2c.c.obj
[ocelotrvp-ite:rw] [188/391] Building C object zephyr/CMakeFiles/zephyr.dir/subsys/shell/shell_help.c.obj
[ocelotrvp-ite:rw] [189/391] Building C object zephyr/CMakeFiles/zephyr.dir/subsys/shell/shell_ops.c.obj
[ocelotrvp-ite:rw] [190/391] Building C object zephyr/CMakeFiles/zephyr.dir/subsys/shell/shell_history.c.obj
[ocelotrvp-ite:rw] [191/391] Building C object zephyr/arch/common/CMakeFiles/arch__common.dir/sw_isr_common.c.obj
[bluey:rw] [301/336] Building C object modules/ec/zephyr/CMakeFiles/ec_shim.dir/shim/src/watchdog.c.obj
[ocelotrvp-ite:rw] [192/391] Building C object zephyr/CMakeFiles/zephyr.dir/drivers/flash/flash_util.c.obj
[bluey:rw] [302/336] Building C object zephyr/kernel/CMakeFiles/kernel.dir/main_weak.c.obj
[/mnt/host/source/src/platform/ec/build/zephyr/ptlrvp_npcx-lcov]   /mnt/host/source/src/platform/ec/build/zephyr/ptlrvp_npcx/build-ro/zephyr/CMakeFiles/zephyr.dir/lib/utils/last_section_id.c.gcno:no functions found
[/mnt/host/source/src/platform/ec/build/zephyr/ptlrvp_npcx-lcov] stderr:
[bluey:rw] [303/336] Building C object modules/ec/zephyr/CMakeFiles/ec_shim.dir/shim/src/usbc_stub.c.obj
[bluey:rw] [304/336] Building C object zephyr/kernel/CMakeFiles/kernel.dir/banner.c.obj
[bluey:rw] [305/336] Building C object zephyr/kernel/CMakeFiles/kernel.dir/busy_wait.c.obj
[ocelotrvp-ite:rw] [193/391] Linking CXX static library zephyr/libzephyr.a
[bluey:rw] [306/336] Linking C static library modules/ec/zephyr/libec_shim.a
[ocelotrvp-ite:rw] [194/391] Building C object zephyr/arch/common/CMakeFiles/arch__common.dir/init.c.obj
[ocelotrvp-ite:rw] [195/391] Building C object zephyr/arch/common/CMakeFiles/arch__common.dir/dynamic_isr.c.obj
[bluey:rw] [307/336] Building C object zephyr/kernel/CMakeFiles/kernel.dir/errno.c.obj
[ocelotrvp-ite:rw] [196/391] Building C object zephyr/arch/common/CMakeFiles/isr_tables.dir/isr_tables.c.obj
[bluey:rw] [308/336] Building C object zephyr/kernel/CMakeFiles/kernel.dir/device.c.obj
[ocelotrvp-ite:rw] [197/391] Building C object zephyr/arch/common/CMakeFiles/arch__common.dir/xip.c.obj
[ocelotrvp-ite:rw] [198/391] Linking CXX static library zephyr/arch/common/libisr_tables.a
[ocelotrvp-ite:rw] [199/391] Building C object zephyr/arch/arch/riscv/core/CMakeFiles/arch__riscv__core.dir/cpu_idle.c.obj
[ocelotrvp-ite:rw] [200/391] Linking CXX static library zephyr/arch/common/libarch__common.a
[ocelotrvp-ite:rw] [201/391] Building C object zephyr/arch/arch/riscv/core/CMakeFiles/arch__riscv__core.dir/prep_c.c.obj
[bluey:rw] [309/336] Building C object zephyr/kernel/CMakeFiles/kernel.dir/version.c.obj
[ocelotrvp-ite:rw] [202/391] Building C object zephyr/arch/arch/riscv/core/CMakeFiles/arch__riscv__core.dir/irq_manage.c.obj
[bluey:rw] [310/336] Building C object zephyr/kernel/CMakeFiles/kernel.dir/fatal.c.obj
[bluey:rw] [311/336] Building C object zephyr/kernel/CMakeFiles/kernel.dir/kheap.c.obj
[bluey:rw] [312/336] Building C object zephyr/kernel/CMakeFiles/kernel.dir/float.c.obj
[bluey:rw] [313/336] Building C object zephyr/kernel/CMakeFiles/kernel.dir/mem_slab.c.obj
[ocelotrvp-ite:rw] [203/391] Building C object zephyr/arch/arch/riscv/core/CMakeFiles/arch__riscv__core.dir/fatal.c.obj
[bluey:rw] [314/336] Building C object zephyr/kernel/CMakeFiles/kernel.dir/init.c.obj
[ocelotrvp-ite:rw] [204/391] Building C object zephyr/arch/arch/riscv/core/CMakeFiles/arch__riscv__core.dir/reboot.c.obj
[ocelotrvp-ite:rw] [205/391] Building ASM object zephyr/arch/arch/riscv/core/CMakeFiles/arch__riscv__core.dir/reset.S.obj
[bluey:rw] [315/336] Building C object zephyr/kernel/CMakeFiles/kernel.dir/idle.c.obj
[ocelotrvp-ite:rw] [206/391] Building ASM object zephyr/arch/arch/riscv/core/CMakeFiles/arch__riscv__core.dir/switch.S.obj
[ocelotrvp-ite:rw] [207/391] Building ASM object zephyr/arch/arch/riscv/core/CMakeFiles/arch__riscv__core.dir/isr.S.obj
[bluey:rw] [316/336] Building C object zephyr/kernel/CMakeFiles/kernel.dir/mailbox.c.obj
[ocelotrvp-ite:rw] [208/391] Building C object zephyr/arch/arch/riscv/core/CMakeFiles/arch__riscv__core.dir/thread.c.obj
[ocelotrvp-ite:rw] [209/391] Building C object zephyr/arch/arch/riscv/core/CMakeFiles/arch__riscv__core.dir/tls.c.obj
[bluey:rw] [317/336] Building C object zephyr/kernel/CMakeFiles/kernel.dir/msg_q.c.obj
[ocelotrvp-ite:rw] [210/391] Building C object zephyr/arch/arch/riscv/core/CMakeFiles/arch__riscv__core.dir/stacktrace.c.obj
[bluey:rw] [318/336] Building C object zephyr/kernel/CMakeFiles/kernel.dir/mutex.c.obj
[ocelotrvp-ite:rw] [211/391] Linking CXX static library zephyr/arch/arch/riscv/core/libarch__riscv__core.a
[bluey:rw] [319/336] Building C object zephyr/kernel/CMakeFiles/kernel.dir/sem.c.obj
[bluey:rw] [320/336] Building C object zephyr/kernel/CMakeFiles/kernel.dir/queue.c.obj
[bluey:rw] [321/336] Building C object zephyr/kernel/CMakeFiles/kernel.dir/stack.c.obj
[ocelotrvp-ite:rw] [212/391] Building C object zephyr/lib/libc/picolibc/CMakeFiles/lib__libc__picolibc.dir/assert.c.obj
[bluey:rw] [322/336] Building C object zephyr/kernel/CMakeFiles/kernel.dir/system_work_q.c.obj
[ocelotrvp-ite:rw] [213/391] Building C object zephyr/lib/libc/picolibc/CMakeFiles/lib__libc__picolibc.dir/chk_fail.c.obj
[ocelotrvp-ite:rw] [214/391] Building C object zephyr/lib/libc/picolibc/CMakeFiles/lib__libc__picolibc.dir/cbprintf.c.obj
[ocelotrvp-ite:rw] [215/391] Building C object zephyr/lib/libc/picolibc/CMakeFiles/lib__libc__picolibc.dir/errno_wrap.c.obj
[ocelotrvp-ite:rw] [216/391] Building C object zephyr/lib/libc/picolibc/CMakeFiles/lib__libc__picolibc.dir/exit.c.obj
[bluey:rw] [323/336] Building C object zephyr/kernel/CMakeFiles/kernel.dir/condvar.c.obj
[ocelotrvp-ite:rw] [217/391] Building C object zephyr/lib/libc/picolibc/CMakeFiles/lib__libc__picolibc.dir/locks.c.obj
[ocelotrvp-ite:rw] [218/391] Building C object zephyr/lib/libc/common/CMakeFiles/lib__libc__common.dir/source/time/time.c.obj
[bluey:rw] [324/336] Building C object zephyr/kernel/CMakeFiles/kernel.dir/work.c.obj
[ocelotrvp-ite:rw] [219/391] Building C object zephyr/lib/libc/picolibc/CMakeFiles/lib__libc__picolibc.dir/stdio.c.obj
[ocelotrvp-ite:rw] [220/391] Building C object zephyr/lib/posix/c_lib_ext/CMakeFiles/lib__posix__c_lib_ext.dir/fnmatch.c.obj
[bluey:rw] [325/336] Building C object zephyr/kernel/CMakeFiles/kernel.dir/thread.c.obj
[ocelotrvp-ite:rw] [221/391] Building C object zephyr/lib/libc/common/CMakeFiles/lib__libc__common.dir/source/stdlib/abort.c.obj
[ocelotrvp-ite:rw] [222/391] Linking CXX static library zephyr/lib/libc/picolibc/liblib__libc__picolibc.a
[ocelotrvp-ite:rw] [223/391] Building C object zephyr/subsys/crc/CMakeFiles/subsys__crc.dir/crc4_sw.c.obj
[ocelotrvp-ite:rw] [224/391] Building C object zephyr/subsys/crc/CMakeFiles/subsys__crc.dir/crc8_sw.c.obj
[bluey:rw] [326/336] Building C object zephyr/kernel/CMakeFiles/kernel.dir/spinlock_validate.c.obj
[ocelotrvp-ite:rw] [225/391] Linking CXX static library zephyr/lib/libc/common/liblib__libc__common.a
[bluey:rw] [327/336] Building C object zephyr/kernel/CMakeFiles/kernel.dir/pipe.c.obj
[bluey:rw] [328/336] Building C object zephyr/kernel/CMakeFiles/kernel.dir/sched.c.obj
[ocelotrvp-ite:rw] [226/391] Building C object zephyr/subsys/crc/CMakeFiles/subsys__crc.dir/crc16_sw.c.obj
[ocelotrvp-ite:rw] [227/391] Building C object zephyr/subsys/crc/CMakeFiles/subsys__crc.dir/crc7_sw.c.obj
[ocelotrvp-ite:rw] [228/391] Building C object zephyr/subsys/crc/CMakeFiles/subsys__crc.dir/crc24_sw.c.obj
[bluey:rw] [329/336] Building C object zephyr/kernel/CMakeFiles/kernel.dir/thread_monitor.c.obj
[ocelotrvp-ite:rw] [229/391] Building C object zephyr/subsys/crc/CMakeFiles/subsys__crc.dir/crc32c_sw.c.obj
[ocelotrvp-ite:rw] [230/391] Building C object zephyr/lib/posix/c_lib_ext/CMakeFiles/lib__posix__c_lib_ext.dir/getentropy.c.obj
[ocelotrvp-ite:rw] [231/391] Building C object zephyr/subsys/crc/CMakeFiles/subsys__crc.dir/crc32_sw.c.obj
[ocelotrvp-ite:rw] [232/391] Building C object zephyr/subsys/crc/CMakeFiles/subsys__crc.dir/crc32k_4_2_sw.c.obj
[ocelotrvp-ite:rw] [233/391] Linking CXX static library zephyr/subsys/crc/libsubsys__crc.a
[ocelotrvp-ite:rw] [234/391] Building C object zephyr/lib/posix/c_lib_ext/CMakeFiles/lib__posix__c_lib_ext.dir/getopt_shim.c.obj
[bluey:rw] [330/336] Building C object zephyr/kernel/CMakeFiles/kernel.dir/timeout.c.obj
[ocelotrvp-ite:rw] [235/391] Building C object zephyr/lib/smf/CMakeFiles/lib__smf.dir/smf.c.obj
[ocelotrvp-ite:rw] [236/391] Linking CXX static library zephyr/lib/posix/c_lib_ext/liblib__posix__c_lib_ext.a
[ocelotrvp-ite:rw] [237/391] Linking CXX static library zephyr/lib/smf/liblib__smf.a
[ocelotrvp-ite:rw] [238/391] Building C object zephyr/subsys/input/CMakeFiles/subsys__input.dir/input_hid.c.obj
[bluey:rw] [331/336] Building C object zephyr/kernel/CMakeFiles/kernel.dir/timer.c.obj
[bluey:rw] [332/336] Building C object zephyr/kernel/CMakeFiles/kernel.dir/dynamic_disabled.c.obj
[bluey:rw] [333/336] Building C object zephyr/kernel/CMakeFiles/kernel.dir/mempool.c.obj
[bluey:rw] [334/336] Building C object zephyr/kernel/CMakeFiles/kernel.dir/events.c.obj
[bluey:rw] [335/336] Building C object zephyr/kernel/CMakeFiles/kernel.dir/poll.c.obj
[ocelotrvp-ite:rw] [239/391] Building C object zephyr/subsys/input/CMakeFiles/subsys__input.dir/input_utils.c.obj
[ocelotrvp-ite:rw] [240/391] Building C object zephyr/subsys/input/CMakeFiles/subsys__input.dir/input.c.obj
[bluey:rw] [336/336] Linking C static library zephyr/kernel/libkernel.a
[ocelotrvp-ite:rw] [241/391] Linking CXX static library zephyr/subsys/input/libsubsys__input.a
[ocelotrvp-ite:rw] [242/391] Building C object zephyr/drivers/interrupt_controller/CMakeFiles/drivers__interrupt_controller.dir/intc_ite_it8xxx2_v2.c.obj
[ocelotrvp-ite:rw] [243/391] Building C object zephyr/drivers/interrupt_controller/CMakeFiles/drivers__interrupt_controller.dir/wuc_ite_it8xxx2.c.obj
[ocelotrvp-ite:rw] [244/391] Building C object zephyr/drivers/adc/CMakeFiles/drivers__adc.dir/adc_common.c.obj
[ocelotrvp-ite:rw] [245/391] Linking CXX static library zephyr/drivers/interrupt_controller/libdrivers__interrupt_controller.a
[ocelotrvp-ite:rw] [246/391] Building C object zephyr/drivers/console/CMakeFiles/drivers__console.dir/uart_console.c.obj
[ocelotrvp-ite:rw] [247/391] Building C object zephyr/drivers/bbram/CMakeFiles/drivers__bbram.dir/bbram_it8xxx2.c.obj
[ocelotrvp-ite:rw] [248/391] Linking CXX static library zephyr/drivers/console/libdrivers__console.a
[ocelotrvp-ite:rw] [249/391] Linking CXX static library zephyr/drivers/bbram/libdrivers__bbram.a
[ocelotrvp-ite:rw] [250/391] Building C object zephyr/drivers/adc/CMakeFiles/drivers__adc.dir/adc_ite_it8xxx2.c.obj
[ocelotrvp-ite:rw] [251/391] Building C object zephyr/drivers/crypto/CMakeFiles/drivers__crypto.dir/crypto_it8xxx2_sha_v2.c.obj
[ocelotrvp-ite:rw] [252/391] Linking CXX static library zephyr/drivers/adc/libdrivers__adc.a
[ocelotrvp-ite:rw] [253/391] Linking CXX static library zephyr/drivers/crypto/libdrivers__crypto.a
[ocelotrvp-ite:rw] [254/391] Building C object zephyr/drivers/flash/CMakeFiles/drivers__flash.dir/flash_ite_it8xxx2.c.obj
[ocelotrvp-ite:rw] [255/391] Linking CXX static library zephyr/drivers/flash/libdrivers__flash.a
[ocelotrvp-ite:rw] [256/391] Building C object zephyr/drivers/i2c/CMakeFiles/drivers__i2c.dir/i2c_common.c.obj
[ocelotrvp-ite:rw] [257/391] Building C object zephyr/drivers/gpio/CMakeFiles/drivers__gpio.dir/gpio_pca95xx.c.obj
[ocelotrvp-ite:rw] [258/391] Building C object zephyr/drivers/espi/CMakeFiles/drivers__espi.dir/espi_it8xxx2.c.obj
[ocelotrvp-ite:rw] [259/391] Linking CXX static library zephyr/drivers/sensor/libdrivers__sensor.a
[ocelotrvp-ite:rw] [260/391] Linking CXX static library zephyr/drivers/espi/libdrivers__espi.a
[ocelotrvp-ite:rw] [261/391] Building C object zephyr/drivers/i2c/CMakeFiles/drivers__i2c.dir/i2c_bitbang.c.obj
[ocelotrvp-ite:rw] [262/391] Building C object zephyr/drivers/gpio/CMakeFiles/drivers__gpio.dir/gpio_ite_it8801.c.obj
[ocelotrvp-ite:rw] [263/391] Linking CXX static library zephyr/drivers/syscon/libdrivers__syscon.a
[ocelotrvp-ite:rw] [264/391] Building C object zephyr/drivers/i2c/CMakeFiles/drivers__i2c.dir/i2c_shell.c.obj
[ocelotrvp-ite:rw] [265/391] Building C object zephyr/drivers/pinctrl/CMakeFiles/drivers__pinctrl.dir/common.c.obj
[ocelotrvp-ite:rw] [266/391] Building C object zephyr/drivers/mfd/CMakeFiles/drivers__mfd.dir/mfd_it8801_altctrl.c.obj
[ocelotrvp-ite:rw] [267/391] Building C object zephyr/drivers/input/CMakeFiles/drivers__input.dir/input_ite_it8xxx2_kbd.c.obj
[ocelotrvp-ite:rw] [268/391] Building C object zephyr/drivers/i2c/CMakeFiles/drivers__i2c.dir/i2c_ite_enhance.c.obj
[ocelotrvp-ite:rw] [269/391] Building C object zephyr/drivers/input/CMakeFiles/drivers__input.dir/input_kbd_matrix.c.obj
[ocelotrvp-ite:rw] [270/391] Linking CXX static library zephyr/drivers/i2c/libdrivers__i2c.a
[ocelotrvp-ite:rw] [271/391] Linking CXX static library zephyr/drivers/input/libdrivers__input.a
[ocelotrvp-ite:rw] [272/391] Building C object zephyr/drivers/mfd/CMakeFiles/drivers__mfd.dir/mfd_ite_it8801.c.obj
[ocelotrvp-ite:rw] [273/391] Linking CXX static library zephyr/drivers/mfd/libdrivers__mfd.a
[ocelotrvp-ite:rw] [274/391] Building C object zephyr/drivers/pwm/CMakeFiles/drivers__pwm.dir/pwm_shell.c.obj
[ocelotrvp-ite:rw] [275/391] Building C object zephyr/drivers/gpio/CMakeFiles/drivers__gpio.dir/gpio_ite_it8xxx2_v2.c.obj
[ocelotrvp-ite:rw] [276/391] Building C object zephyr/drivers/pinctrl/CMakeFiles/drivers__pinctrl.dir/pinctrl_ite_it8xxx2.c.obj
[ocelotrvp-ite:rw] [277/391] Building C object zephyr/drivers/pwm/CMakeFiles/drivers__pwm.dir/pwm_ite_it8xxx2.c.obj
[ocelotrvp-ite:rw] [278/391] Linking CXX static library zephyr/drivers/pwm/libdrivers__pwm.a
[ocelotrvp-ite:rw] [279/391] Linking CXX static library zephyr/drivers/pinctrl/libdrivers__pinctrl.a
[ocelotrvp-ite:rw] [280/391] Linking CXX static library zephyr/drivers/gpio/libdrivers__gpio.a
[ocelotrvp-ite:rw] [281/391] Building C object zephyr/drivers/serial/CMakeFiles/drivers__serial.dir/uart_ite_it8xxx2.c.obj
[ocelotrvp-ite:rw] [282/391] Building C object zephyr/drivers/timer/CMakeFiles/drivers__timer.dir/sys_clock_init.c.obj
[ocelotrvp-ite:rw] [283/391] Building C object zephyr/drivers/sensor/ite/ite_tach_it8xxx2/CMakeFiles/drivers__sensor__ite__ite_tach_it8xxx2.dir/tach_ite_it8xxx2.c.obj
[ocelotrvp-ite:rw] [284/391] Linking CXX static library zephyr/drivers/sensor/ite/ite_tach_it8xxx2/libdrivers__sensor__ite__ite_tach_it8xxx2.a
[ocelotrvp-ite:rw] [285/391] Building C object zephyr/drivers/serial/CMakeFiles/drivers__serial.dir/uart_ns16550.c.obj
[ocelotrvp-ite:rw] [286/391] Building C object zephyr/drivers/timer/CMakeFiles/drivers__timer.dir/ite_it8xxx2_timer.c.obj
[ocelotrvp-ite:rw] [287/391] Linking CXX static library zephyr/drivers/serial/libdrivers__serial.a
[ocelotrvp-ite:rw] [288/391] Building C object zephyr/drivers/watchdog/CMakeFiles/drivers__watchdog.dir/wdt_ite_it8xxx2.c.obj
[ocelotrvp-ite:rw] [289/391] Linking CXX static library zephyr/drivers/timer/libdrivers__timer.a
[ocelotrvp-ite:rw] [290/391] Building C object zephyr/drivers/watchdog/CMakeFiles/drivers__watchdog.dir/wdt_shell.c.obj
[ocelotrvp-ite:rw] [291/391] Building C object modules/ec/zephyr/CMakeFiles/ec_shim.dir/drivers/keyboard_input/keyboard_customization_check.c.obj
[ocelotrvp-ite:rw] [292/391] Linking CXX static library zephyr/drivers/watchdog/libdrivers__watchdog.a
[ocelotrvp-ite:rw] [293/391] Building C object modules/ec/zephyr/CMakeFiles/ec_shim.dir/app/ec/main_shim.c.obj
[ocelotrvp-ite:rw] [294/391] Building C object modules/ec/zephyr/CMakeFiles/ec_shim.dir/app/ec/ec_app_main.c.obj
[ocelotrvp-ite:rw] [295/391] Building C object modules/ec/zephyr/CMakeFiles/ec_shim.dir/app/ec/chip/riscv/riscv-ite/it8xxx2-espi.c.obj
[ocelotrvp-ite:rw] [296/391] Building C object modules/ec/zephyr/CMakeFiles/ec_shim.dir/drivers/cros_flash/cros_flash_it8xxx2.c.obj
[ocelotrvp-ite:rw] [297/391] Building C object modules/ec/zephyr/CMakeFiles/ec_shim.dir/drivers/board_id/board_id_intel_rvp.c.obj
[ocelotrvp-ite:rw] [298/391] Building C object modules/ec/zephyr/CMakeFiles/ec_shim.dir/drivers/cros_kblight/pwm_kblight.c.obj
[ocelotrvp-ite:rw] [299/391] Building C object modules/ec/zephyr/CMakeFiles/ec_shim.dir/mnt/host/source/src/platform/ec/build/zephyr/ocelotrvp-ite/modules/ec/common/lid_angle_keyboard_policy.c.obj
[ocelotrvp-ite:rw] [300/391] Building C object modules/ec/zephyr/CMakeFiles/ec_shim.dir/drivers/cros_system/cros_system_it8xxx2.c.obj
[ocelotrvp-ite:rw] [301/391] Building C object modules/ec/zephyr/CMakeFiles/ec_shim.dir/drivers/usbc/ucsi_v3.c.obj
[ocelotrvp-ite:rw] [302/391] Building C object modules/ec/zephyr/CMakeFiles/ec_shim.dir/drivers/hibernate/hibernate_z5.c.obj
[ocelotrvp-ite:rw] [303/391] Building C object modules/ec/zephyr/CMakeFiles/ec_shim.dir/drivers/keyboard_input/keyboard_input.c.obj
[ocelotrvp-ite:rw] [304/391] Building C object modules/ec/zephyr/CMakeFiles/ec_shim.dir/shim/src/crc.c.obj
[ocelotrvp-ite:rw] [305/391] Building C object modules/ec/zephyr/CMakeFiles/ec_shim.dir/drivers/boot_keys/boot_keys.c.obj
[ocelotrvp-ite:rw] [306/391] Building C object modules/ec/zephyr/CMakeFiles/ec_shim.dir/drivers/usbc/tps6699x_cmd.c.obj
[ocelotrvp-ite:rw] [307/391] Building C object modules/ec/zephyr/CMakeFiles/ec_shim.dir/drivers/usbc/pdc_rts54xx_fwup.c.obj
[ocelotrvp-ite:rw] [308/391] Building C object modules/ec/zephyr/CMakeFiles/ec_shim.dir/shim/chip/it8xxx2/clock.c.obj
[ocelotrvp-ite:rw] [309/391] Building C object modules/ec/zephyr/CMakeFiles/ec_shim.dir/drivers/runtime_keys/runtime_keys.c.obj
[ocelotrvp-ite:rw] [310/391] Building C object modules/ec/zephyr/CMakeFiles/ec_shim.dir/shim/chip/it8xxx2/system.c.obj
[ocelotrvp-ite:rw] [311/391] Building C object modules/ec/zephyr/CMakeFiles/ec_shim.dir/drivers/usbc/tps6699x_fwup.c.obj
[ocelotrvp-ite:rw] [312/391] Building C object modules/ec/zephyr/CMakeFiles/ec_shim.dir/shim/chip/it8xxx2/power_policy.c.obj
[ocelotrvp-ite:rw] [313/391] Building C object modules/ec/zephyr/CMakeFiles/ec_shim.dir/shim/chip/it8xxx2/gpio.c.obj
[ocelotrvp-ite:rw] [314/391] Building C object modules/ec/zephyr/CMakeFiles/ec_shim.dir/drivers/vivaldi_kbd/vivaldi_kbd.c.obj
[ocelotrvp-ite:rw] [315/391] Building C object modules/ec/zephyr/CMakeFiles/ec_shim.dir/shim/src/console.c.obj
[ocelotrvp-ite:rw] [316/391] Building C object modules/ec/zephyr/CMakeFiles/ec_shim.dir/drivers/usbc/pdc_rts54xx.c.obj
[ocelotrvp-ite:rw] [317/391] Building C object modules/ec/zephyr/CMakeFiles/ec_shim.dir/drivers/usbc/pdc_tps6699x.c.obj
[ocelotrvp-ite:rw] [318/391] Building C object modules/ec/zephyr/CMakeFiles/ec_shim.dir/shim/src/gpio.c.obj
[ocelotrvp-ite:rw] [319/391] Building C object modules/ec/zephyr/CMakeFiles/ec_shim.dir/shim/src/gpio_int.c.obj
[ocelotrvp-ite:rw] [320/391] Building C object modules/ec/zephyr/CMakeFiles/ec_shim.dir/shim/src/panic_utils.c.obj
[ocelotrvp-ite:rw] [321/391] Building C object modules/ec/zephyr/CMakeFiles/ec_shim.dir/shim/src/pm_state.c.obj
[ocelotrvp-ite:rw] [322/391] Building C object modules/ec/zephyr/CMakeFiles/ec_shim.dir/shim/src/cbi/cros_cbi.c.obj
[ocelotrvp-ite:rw] [323/391] Building C object modules/ec/zephyr/CMakeFiles/ec_shim.dir/shim/src/cbi/cbi_flash.c.obj
[ocelotrvp-ite:rw] [324/391] Building C object modules/ec/zephyr/CMakeFiles/ec_shim.dir/shim/src/battery.c.obj
[ocelotrvp-ite:rw] [325/391] Building C object modules/ec/zephyr/CMakeFiles/ec_shim.dir/shim/src/led_driver/led_gpio.c.obj
[ocelotrvp-ite:rw] [326/391] Building C object modules/ec/zephyr/CMakeFiles/ec_shim.dir/shim/src/system.c.obj
[ocelotrvp-ite:rw] [327/391] Building C object modules/ec/zephyr/CMakeFiles/ec_shim.dir/shim/src/led_driver/led.c.obj
[ocelotrvp-ite:rw] [328/391] Building C object modules/ec/zephyr/CMakeFiles/ec_shim.dir/shim/src/adc.c.obj
[ocelotrvp-ite:rw] [329/391] Building C object modules/ec/zephyr/CMakeFiles/ec_shim.dir/shim/src/chipset_api.c.obj
[ocelotrvp-ite:rw] [330/391] Building C object modules/ec/zephyr/CMakeFiles/ec_shim.dir/shim/src/pdc_shim.c.obj
[ocelotrvp-ite:rw] [331/391] Building C object modules/ec/zephyr/CMakeFiles/ec_shim.dir/shim/src/charger.c.obj
[ocelotrvp-ite:rw] [332/391] Building C object modules/ec/zephyr/CMakeFiles/ec_shim.dir/shim/src/flash.c.obj
[ocelotrvp-ite:rw] [333/391] Building C object modules/ec/zephyr/CMakeFiles/ec_shim.dir/shim/src/espi.c.obj
[ocelotrvp-ite:rw] [334/391] Building C object modules/ec/zephyr/CMakeFiles/ec_shim.dir/shim/src/fan.c.obj
[ocelotrvp-ite:rw] [335/391] Building C object modules/ec/zephyr/CMakeFiles/ec_shim.dir/shim/src/hooks.c.obj
[ocelotrvp-ite:rw] [336/391] Building C object modules/ec/zephyr/CMakeFiles/ec_shim.dir/shim/src/host_command.c.obj
[ocelotrvp-ite:rw] [337/391] Building C object modules/ec/zephyr/CMakeFiles/ec_shim.dir/shim/src/mkbp_event.c.obj
[ocelotrvp-ite:rw] [338/391] Building C object modules/ec/zephyr/CMakeFiles/ec_shim.dir/shim/src/panic.c.obj
[ocelotrvp-ite:rw] [339/391] Linking CXX static library modules/pigweed/pw_containers/libpw_containers.intrusive_item.a
[ocelotrvp-ite:rw] [340/391] Building C object modules/ec/zephyr/CMakeFiles/ec_shim.dir/shim/src/console_buffer.c.obj
[ocelotrvp-ite:rw] [341/391] Building C object modules/ec/zephyr/CMakeFiles/ec_shim.dir/shim/src/pwm_hc.c.obj
[ocelotrvp-ite:rw] [342/391] Building C object modules/ec/zephyr/CMakeFiles/ec_shim.dir/shim/src/hwtimer.c.obj
[ocelotrvp-ite:rw] [343/391] Building C object modules/ec/zephyr/CMakeFiles/ec_shim.dir/shim/src/thermal.c.obj
[ocelotrvp-ite:rw] [344/391] Building CXX object modules/pigweed/pw_status/CMakeFiles/pw_status.dir/status.cc.obj
[ocelotrvp-ite:rw] [345/391] Building C object modules/ec/zephyr/CMakeFiles/ec_shim.dir/shim/src/temp_sensors.c.obj
[ocelotrvp-ite:rw] [346/391] Linking CXX static library modules/pigweed/pw_status/libpw_status.a
[ocelotrvp-ite:rw] [347/391] Building C object modules/ec/zephyr/CMakeFiles/ec_shim.dir/shim/src/i2c.c.obj
[ocelotrvp-ite:rw] [348/391] Linking CXX static library modules/pigweed/pw_bytes/libpw_bytes.a
[ocelotrvp-ite:rw] [349/391] Building C object modules/ec/zephyr/CMakeFiles/ec_shim.dir/shim/src/tasks.c.obj
[ocelotrvp-ite:rw] [350/391] Building C object modules/ec/zephyr/CMakeFiles/ec_shim.dir/shim/src/watchdog.c.obj
[ocelotrvp-ite:rw] [351/391] Building C object modules/ec/zephyr/CMakeFiles/ec_shim.dir/shim/src/usba.c.obj
[/mnt/host/source/src/platform/ec/build/zephyr/ptlrvp_npcx-lcov]   /mnt/host/source/src/platform/ec/build/zephyr/ptlrvp_npcx/build-ro/zephyr/CMakeFiles/zephyr.dir/soc/nuvoton/npcx/common/npcxn/registers.c.gcno:no functions found
[/mnt/host/source/src/platform/ec/build/zephyr/ptlrvp_npcx-lcov] stderr:
[ocelotrvp-ite:rw] [352/391] Building C object modules/ec/zephyr/CMakeFiles/ec_shim.dir/shim/src/power_host_sleep_api.c.obj
[ocelotrvp-ite:rw] [353/391] Building C object modules/ec/zephyr/CMakeFiles/ec_shim.dir/shim/src/sha256_hw.c.obj
[ocelotrvp-ite:rw] [354/391] Building C object zephyr/kernel/CMakeFiles/kernel.dir/main_weak.c.obj
[ocelotrvp-ite:rw] [355/391] Building C object zephyr/kernel/CMakeFiles/kernel.dir/busy_wait.c.obj
[ocelotrvp-ite:rw] [356/391] Linking CXX static library modules/ec/zephyr/libec_shim.a
[ocelotrvp-ite:rw] [357/391] Building C object zephyr/kernel/CMakeFiles/kernel.dir/banner.c.obj
[ocelotrvp-ite:rw] [358/391] Building C object zephyr/kernel/CMakeFiles/kernel.dir/version.c.obj
[ocelotrvp-ite:rw] [359/391] Building C object zephyr/kernel/CMakeFiles/kernel.dir/device.c.obj
[ocelotrvp-ite:rw] [360/391] Building C object zephyr/kernel/CMakeFiles/kernel.dir/errno.c.obj
[ocelotrvp-ite:rw] [361/391] Building C object zephyr/kernel/CMakeFiles/kernel.dir/fatal.c.obj
[ocelotrvp-ite:rw] [362/391] Building C object zephyr/kernel/CMakeFiles/kernel.dir/kheap.c.obj
[ocelotrvp-ite:rw] [363/391] Building C object zephyr/kernel/CMakeFiles/kernel.dir/mem_slab.c.obj
[ocelotrvp-ite:rw] [364/391] Building C object zephyr/kernel/CMakeFiles/kernel.dir/init.c.obj
[ocelotrvp-ite:rw] [365/391] Building C object zephyr/kernel/CMakeFiles/kernel.dir/float.c.obj
[ocelotrvp-ite:rw] [366/391] Building C object zephyr/kernel/CMakeFiles/kernel.dir/msg_q.c.obj
[ocelotrvp-ite:rw] [367/391] Building C object zephyr/kernel/CMakeFiles/kernel.dir/idle.c.obj
[ocelotrvp-ite:rw] [368/391] Building C object zephyr/kernel/CMakeFiles/kernel.dir/stack.c.obj
[ocelotrvp-ite:rw] [369/391] Building C object zephyr/kernel/CMakeFiles/kernel.dir/mailbox.c.obj
[ocelotrvp-ite:rw] [370/391] Building C object zephyr/kernel/CMakeFiles/kernel.dir/sem.c.obj
[ocelotrvp-ite:rw] [371/391] Building C object zephyr/kernel/CMakeFiles/kernel.dir/mutex.c.obj
[ocelotrvp-ite:rw] [372/391] Building C object zephyr/kernel/CMakeFiles/kernel.dir/system_work_q.c.obj
[ocelotrvp-ite:rw] [373/391] Building C object zephyr/kernel/CMakeFiles/kernel.dir/queue.c.obj
[ocelotrvp-ite:rw] [374/391] Building C object zephyr/kernel/CMakeFiles/kernel.dir/condvar.c.obj
[ocelotrvp-ite:rw] [375/391] Building C object zephyr/kernel/CMakeFiles/kernel.dir/thread.c.obj
Running (initial) lcov on /mnt/host/source/src/platform/ec/build/zephyr/bluey.
[ocelotrvp-ite:rw] [376/391] Building C object zephyr/kernel/CMakeFiles/kernel.dir/work.c.obj
[ocelotrvp-ite:rw] [377/391] Building C object zephyr/kernel/CMakeFiles/kernel.dir/thread_monitor.c.obj
[ocelotrvp-ite:rw] [378/391] Building C object zephyr/kernel/CMakeFiles/kernel.dir/pipe.c.obj
[ocelotrvp-ite:rw] [379/391] Building C object zephyr/kernel/CMakeFiles/kernel.dir/spinlock_validate.c.obj
[ocelotrvp-ite:rw] [380/391] Building C object zephyr/kernel/CMakeFiles/kernel.dir/sched.c.obj
[ocelotrvp-ite:rw] [381/391] Building C object zephyr/kernel/CMakeFiles/kernel.dir/timer.c.obj
[ocelotrvp-ite:rw] [382/391] Building C object zephyr/kernel/CMakeFiles/kernel.dir/mempool.c.obj
[ocelotrvp-ite:rw] [383/391] Building C object zephyr/kernel/CMakeFiles/kernel.dir/events.c.obj
[ocelotrvp-ite:rw] [384/391] Building C object zephyr/kernel/CMakeFiles/kernel.dir/timeout.c.obj
[ocelotrvp-ite:rw] [385/391] Building C object zephyr/kernel/CMakeFiles/kernel.dir/poll.c.obj
[ocelotrvp-ite:rw] [386/391] Building C object zephyr/kernel/CMakeFiles/kernel.dir/dynamic_disabled.c.obj
[ocelotrvp-ite:rw] [387/391] Linking CXX static library zephyr/kernel/libkernel.a
Running `env -i PYTHONPATH=/usr/lib64/python-exec/python3.11:/mnt/host/source/src/platform/ec/zephyr/zmake:/usr/lib/python311.zip:/usr/lib/python3.11:/usr/lib/python3.11/lib-dynload:/usr/lib/python3.11/site-packages PW_PIGWEED_CIPD_INSTALL_DIR=/usr CROSTC_USER_ACKNOWLEDGES_THAT_RISCV_IS_EXPERIMENTAL=1 PATH=/mnt/host/source/chromite/bin:/usr/local/bin:/usr/bin:/bin:/opt/bin:/mnt/host/source/chromite/sdk/bin:/mnt/host/source/chromite/bin HOME=/home/jpmurphy JAVA_HOME=/etc/java-config-2/current-system-vm JDK_HOME=/etc/java-config-2/current-system-vm JAVAC=/etc/java-config-2/current-system-vm/bin/javac MAKEFLAGS=' -j16 --jobserver-auth=5,6' /usr/bin/lcov --gcov-tool /mnt/host/source/src/platform/ec/build/zephyr/bluey/build-rw/gcov.sh -q -o - -c -d /mnt/host/source/src/platform/ec/build/zephyr/bluey -t bluey --rc branch_coverage=1 --filter range --ignore-errors inconsistent,source --ignore-errors gcov,gcov -i`
[ocelotrvp-ite:rw] [388/391] Building CXX object modules/ec/zephyr/drivers/dsp_comms/service/CMakeFiles/dsp.service.dir/i2c_target_buffer_funcs.cc.obj
[ocelotrvp-ite:rw] [389/391] Building CXX object modules/ec/zephyr/drivers/dsp_comms/service/CMakeFiles/dsp.service.dir/i2c_target_pio_funcs.cc.obj
[/mnt/host/source/src/platform/ec/build/zephyr/bluey-lcov] geninfo: WARNING: using JSON module "JSON::PP" - which is much slower than some alternatives.  Consider installing one of JSON::XS or Cpanel::JSON::XS
[ocelotrvp-ite:rw] [390/391] Building CXX object modules/ec/zephyr/drivers/dsp_comms/service/CMakeFiles/dsp.service.dir/dsp_service.cc.obj
[ocelotrvp-ite:rw] [391/391] Linking CXX static library modules/ec/zephyr/drivers/dsp_comms/service/libdsp.service.a
Running (initial) lcov on /mnt/host/source/src/platform/ec/build/zephyr/ocelotrvp-ite.
Running `env -i PYTHONPATH=/usr/lib64/python-exec/python3.11:/mnt/host/source/src/platform/ec/zephyr/zmake:/usr/lib/python311.zip:/usr/lib/python3.11:/usr/lib/python3.11/lib-dynload:/usr/lib/python3.11/site-packages PW_PIGWEED_CIPD_INSTALL_DIR=/usr CROSTC_USER_ACKNOWLEDGES_THAT_RISCV_IS_EXPERIMENTAL=1 PATH=/mnt/host/source/chromite/bin:/usr/local/bin:/usr/bin:/bin:/opt/bin:/mnt/host/source/chromite/sdk/bin:/mnt/host/source/chromite/bin HOME=/home/jpmurphy JAVA_HOME=/etc/java-config-2/current-system-vm JDK_HOME=/etc/java-config-2/current-system-vm JAVAC=/etc/java-config-2/current-system-vm/bin/javac MAKEFLAGS=' -j16 --jobserver-auth=5,6' /usr/bin/lcov --gcov-tool /mnt/host/source/src/platform/ec/build/zephyr/ocelotrvp-ite/build-rw/gcov.sh -q -o - -c -d /mnt/host/source/src/platform/ec/build/zephyr/ocelotrvp-ite -t ocelotrvp-ite --rc branch_coverage=1 --filter range --ignore-errors inconsistent,source --ignore-errors gcov,gcov -i`
[/mnt/host/source/src/platform/ec/build/zephyr/bluey-lcov] stderr:
[/mnt/host/source/src/platform/ec/build/zephyr/bluey-lcov]   /mnt/host/source/src/platform/ec/build/zephyr/bluey/build-ro/modules/ec/zephyr/CMakeFiles/ec_shim.dir/shim/src/thermal.c.gcno:no functions found
[/mnt/host/source/src/platform/ec/build/zephyr/bluey-lcov] stderr:
[/mnt/host/source/src/platform/ec/build/zephyr/ocelotrvp-ite-lcov] geninfo: WARNING: (format) invalid characters removed from testname
[/mnt/host/source/src/platform/ec/build/zephyr/ptlrvp_npcx-lcov]   /mnt/host/source/src/platform/ec/build/zephyr/ptlrvp_npcx/build-ro/zephyr/drivers/sensor/CMakeFiles/drivers__sensor.dir/mnt/host/source/src/third_party/zephyr/main/misc/empty_file.c.gcno:no functions found
[/mnt/host/source/src/platform/ec/build/zephyr/ptlrvp_npcx-lcov] stderr:
[/mnt/host/source/src/platform/ec/build/zephyr/ptlrvp_npcx-lcov]   /mnt/host/source/src/platform/ec/build/zephyr/ptlrvp_npcx/build-rw/modules/ec/zephyr/CMakeFiles/ec_shim.dir/shim/src/thermal.c.gcno:no functions found
[/mnt/host/source/src/platform/ec/build/zephyr/ptlrvp_npcx-lcov] stderr:
[/mnt/host/source/src/platform/ec/build/zephyr/ocelotrvp-ite-lcov] 	(use "geninfo --ignore-errors format,format ..." to suppress this warning)
[/mnt/host/source/src/platform/ec/build/zephyr/ocelotrvp-ite-lcov] stderr:
[/mnt/host/source/src/platform/ec/build/zephyr/ocelotrvp-ite-lcov]   /mnt/host/source/src/platform/ec/build/zephyr/ocelotrvp-ite/build-ro/modules/pigweed/pw_log_zephyr/CMakeFiles/pw_log_zephyr.dir/log_zephyr.cc.gcno:no functions found
[/mnt/host/source/src/platform/ec/build/zephyr/ocelotrvp-ite-lcov] geninfo: WARNING: using JSON module "JSON::PP" - which is much slower than some alternatives.  Consider installing one of JSON::XS or Cpanel::JSON::XS
[/mnt/host/source/src/platform/ec/build/zephyr/ptlrvp_npcx-lcov]   /mnt/host/source/src/platform/ec/build/zephyr/ptlrvp_npcx/build-rw/modules/ec/zephyr/CMakeFiles/ec_shim.dir/shim/src/battery.c.gcno:no functions found
[/mnt/host/source/src/platform/ec/build/zephyr/ptlrvp_npcx-lcov] stderr:
[/mnt/host/source/src/platform/ec/build/zephyr/ocelotrvp-ite-lcov] stderr:
[/mnt/host/source/src/platform/ec/build/zephyr/ocelotrvp-ite-lcov]   /mnt/host/source/src/platform/ec/build/zephyr/ocelotrvp-ite/build-ro/modules/ec/zephyr/CMakeFiles/ec_shim.dir/shim/src/thermal.c.gcno:no functions found
[/mnt/host/source/src/platform/ec/build/zephyr/ocelotrvp-ite-lcov] stderr:
[/mnt/host/source/src/platform/ec/build/zephyr/ocelotrvp-ite-lcov]   /mnt/host/source/src/platform/ec/build/zephyr/ocelotrvp-ite/build-ro/modules/ec/zephyr/CMakeFiles/ec_shim.dir/shim/src/battery.c.gcno:no functions found
[/mnt/host/source/src/platform/ec/build/zephyr/ocelotrvp-ite-lcov] stderr:
[/mnt/host/source/src/platform/ec/build/zephyr/ptlrvp_npcx-lcov]   /mnt/host/source/src/platform/ec/build/zephyr/ptlrvp_npcx/build-rw/modules/ec/zephyr/CMakeFiles/ec_shim.dir/shim/src/charger.c.gcno:no functions found
[/mnt/host/source/src/platform/ec/build/zephyr/ptlrvp_npcx-lcov] stderr:
[/mnt/host/source/src/platform/ec/build/zephyr/ocelotrvp-ite-lcov]   /mnt/host/source/src/platform/ec/build/zephyr/ocelotrvp-ite/build-ro/modules/ec/zephyr/CMakeFiles/ec_shim.dir/shim/src/charger.c.gcno:no functions found
[/mnt/host/source/src/platform/ec/build/zephyr/ocelotrvp-ite-lcov] stderr:
[/mnt/host/source/src/platform/ec/build/zephyr/ocelotrvp-ite-lcov]   /mnt/host/source/src/platform/ec/build/zephyr/ocelotrvp-ite/build-ro/modules/ec/zephyr/CMakeFiles/ec_shim.dir/shim/src/usba.c.gcno:no functions found
[/mnt/host/source/src/platform/ec/build/zephyr/ocelotrvp-ite-lcov] stderr:
[/mnt/host/source/src/platform/ec/build/zephyr/bluey-lcov]   /mnt/host/source/src/platform/ec/build/zephyr/bluey/build-ro/modules/ec/zephyr/CMakeFiles/ec_shim.dir/shim/src/battery.c.gcno:no functions found
[/mnt/host/source/src/platform/ec/build/zephyr/bluey-lcov] stderr:
[/mnt/host/source/src/platform/ec/build/zephyr/bluey-lcov]   /mnt/host/source/src/platform/ec/build/zephyr/bluey/build-ro/CMakeFiles/app.dir/mnt/host/source/src/platform/ec/build/zephyr/bluey/modules/ec/common/chargen.c.gcno:no functions found
[/mnt/host/source/src/platform/ec/build/zephyr/bluey-lcov] stderr:
[/mnt/host/source/src/platform/ec/build/zephyr/ocelotrvp-ite-lcov]   /mnt/host/source/src/platform/ec/build/zephyr/ocelotrvp-ite/build-ro/modules/ec/zephyr/CMakeFiles/ec_shim.dir/drivers/keyboard_input/keyboard_customization_check.c.gcno:no functions found
[/mnt/host/source/src/platform/ec/build/zephyr/ocelotrvp-ite-lcov] stderr:
[/mnt/host/source/src/platform/ec/build/zephyr/bluey-lcov]   /mnt/host/source/src/platform/ec/build/zephyr/bluey/build-ro/CMakeFiles/app.dir/mnt/host/source/src/platform/ec/build/zephyr/bluey/modules/ec/common/cbi_config.c.gcno:no functions found
[/mnt/host/source/src/platform/ec/build/zephyr/bluey-lcov] stderr:
[/mnt/host/source/src/platform/ec/build/zephyr/bluey-lcov]   /mnt/host/source/src/platform/ec/build/zephyr/bluey/build-ro/zephyr/arch/arch/arm/core/mpu/CMakeFiles/arch__arm__core__mpu.dir/arm_mpu_regions.c.gcno:no functions found
[/mnt/host/source/src/platform/ec/build/zephyr/bluey-lcov] stderr:
[/mnt/host/source/src/platform/ec/build/zephyr/ocelotrvp-ite-lcov]   /mnt/host/source/src/platform/ec/build/zephyr/ocelotrvp-ite/build-ro/modules/ec/zephyr/drivers/pw_transport/CMakeFiles/pw_transport.proto.nanopb.dir/pw_transport.proto/nanopb/pw_transport/proto/transport.pb.c.gcno:no functions found
[/mnt/host/source/src/platform/ec/build/zephyr/ocelotrvp-ite-lcov] stderr:
[/mnt/host/source/src/platform/ec/build/zephyr/bluey-lcov]   /mnt/host/source/src/platform/ec/build/zephyr/bluey/build-ro/zephyr/arch/common/CMakeFiles/isr_tables.dir/isr_tables.c.gcno:no functions found
[/mnt/host/source/src/platform/ec/build/zephyr/bluey-lcov] stderr:
[/mnt/host/source/src/platform/ec/build/zephyr/ptlrvp_npcx-lcov]   /mnt/host/source/src/platform/ec/build/zephyr/ptlrvp_npcx/build-rw/modules/ec/zephyr/CMakeFiles/ec_shim.dir/drivers/keyboard_input/keyboard_customization_check.c.gcno:no functions found
[/mnt/host/source/src/platform/ec/build/zephyr/ptlrvp_npcx-lcov] stderr:
[/mnt/host/source/src/platform/ec/build/zephyr/bluey-lcov]   /mnt/host/source/src/platform/ec/build/zephyr/bluey/build-ro/zephyr/CMakeFiles/zephyr.dir/subsys/shell/modules/kernel_service/kernel_shell.c.gcno:no functions found
[/mnt/host/source/src/platform/ec/build/zephyr/bluey-lcov] stderr:
[/mnt/host/source/src/platform/ec/build/zephyr/bluey-lcov]   /mnt/host/source/src/platform/ec/build/zephyr/bluey/build-ro/zephyr/CMakeFiles/zephyr.dir/lib/libc/validate_libc.c.gcno:no functions found
[/mnt/host/source/src/platform/ec/build/zephyr/bluey-lcov] stderr:
[/mnt/host/source/src/platform/ec/build/zephyr/bluey-lcov]   /mnt/host/source/src/platform/ec/build/zephyr/bluey/build-ro/zephyr/CMakeFiles/zephyr.dir/lib/utils/last_section_id.c.gcno:no functions found
[/mnt/host/source/src/platform/ec/build/zephyr/bluey-lcov] stderr:
[/mnt/host/source/src/platform/ec/build/zephyr/ocelotrvp-ite-lcov]   /mnt/host/source/src/platform/ec/build/zephyr/ocelotrvp-ite/build-ro/modules/ec/zephyr/drivers/dsp_comms/CMakeFiles/dsp_comms.proto.nanopb.dir/dsp_comms.proto/nanopb/proto/ec_dsp.pb.c.gcno:no functions found
[/mnt/host/source/src/platform/ec/build/zephyr/ocelotrvp-ite-lcov] stderr:
[/mnt/host/source/src/platform/ec/build/zephyr/ptlrvp_npcx-lcov]   /mnt/host/source/src/platform/ec/build/zephyr/ptlrvp_npcx/build-rw/CMakeFiles/app.dir/mnt/host/source/src/platform/ec/build/zephyr/ptlrvp_npcx/modules/ec/common/cbi_config.c.gcno:no functions found
[/mnt/host/source/src/platform/ec/build/zephyr/ptlrvp_npcx-lcov] stderr:
[/mnt/host/source/src/platform/ec/build/zephyr/ptlrvp_npcx-lcov]   /mnt/host/source/src/platform/ec/build/zephyr/ptlrvp_npcx/build-rw/CMakeFiles/app.dir/src/intel_rvp_board_id.c.gcno:no functions found
[/mnt/host/source/src/platform/ec/build/zephyr/ptlrvp_npcx-lcov] stderr:
[/mnt/host/source/src/platform/ec/build/zephyr/ptlrvp_npcx-lcov]   /mnt/host/source/src/platform/ec/build/zephyr/ptlrvp_npcx/build-rw/zephyr/arch/arch/arm/core/mpu/CMakeFiles/arch__arm__core__mpu.dir/arm_mpu_regions.c.gcno:no functions found
[/mnt/host/source/src/platform/ec/build/zephyr/ptlrvp_npcx-lcov] stderr:
[/mnt/host/source/src/platform/ec/build/zephyr/bluey-lcov]   /mnt/host/source/src/platform/ec/build/zephyr/bluey/build-ro/zephyr/CMakeFiles/zephyr.dir/soc/nuvoton/npcx/common/npcxn/registers.c.gcno:no functions found
[/mnt/host/source/src/platform/ec/build/zephyr/bluey-lcov] stderr:
[/mnt/host/source/src/platform/ec/build/zephyr/bluey-lcov]   /mnt/host/source/src/platform/ec/build/zephyr/bluey/build-ro/zephyr/drivers/input/CMakeFiles/drivers__input.dir/mnt/host/source/src/third_party/zephyr/main/misc/empty_file.c.gcno:no functions found
[/mnt/host/source/src/platform/ec/build/zephyr/bluey-lcov] stderr:
[/mnt/host/source/src/platform/ec/build/zephyr/ptlrvp_npcx-lcov]   /mnt/host/source/src/platform/ec/build/zephyr/ptlrvp_npcx/build-rw/zephyr/arch/common/CMakeFiles/isr_tables.dir/isr_tables.c.gcno:no functions found
[/mnt/host/source/src/platform/ec/build/zephyr/ptlrvp_npcx-lcov] stderr:
[/mnt/host/source/src/platform/ec/build/zephyr/ocelotrvp-ite-lcov]   /mnt/host/source/src/platform/ec/build/zephyr/ocelotrvp-ite/build-ro/CMakeFiles/app.dir/mnt/host/source/src/platform/ec/build/zephyr/ocelotrvp-ite/modules/ec/common/cbi_config.c.gcno:no functions found
[/mnt/host/source/src/platform/ec/build/zephyr/ocelotrvp-ite-lcov] stderr:
[/mnt/host/source/src/platform/ec/build/zephyr/ocelotrvp-ite-lcov]   /mnt/host/source/src/platform/ec/build/zephyr/ocelotrvp-ite/build-ro/zephyr/arch/arch/riscv/core/CMakeFiles/arch__riscv__core.dir/cpu_idle.c.gcno:no functions found
[/mnt/host/source/src/platform/ec/build/zephyr/ocelotrvp-ite-lcov] stderr:
[/mnt/host/source/src/platform/ec/build/zephyr/bluey-lcov]   /mnt/host/source/src/platform/ec/build/zephyr/bluey/build-ro/zephyr/drivers/sensor/CMakeFiles/drivers__sensor.dir/mnt/host/source/src/third_party/zephyr/main/misc/empty_file.c.gcno:no functions found
[/mnt/host/source/src/platform/ec/build/zephyr/bluey-lcov] stderr:
[/mnt/host/source/src/platform/ec/build/zephyr/ocelotrvp-ite-lcov]   /mnt/host/source/src/platform/ec/build/zephyr/ocelotrvp-ite/build-ro/zephyr/arch/common/CMakeFiles/isr_tables.dir/isr_tables.c.gcno:no functions found
[/mnt/host/source/src/platform/ec/build/zephyr/ocelotrvp-ite-lcov] stderr:
[/mnt/host/source/src/platform/ec/build/zephyr/ptlrvp_npcx-lcov]   /mnt/host/source/src/platform/ec/build/zephyr/ptlrvp_npcx/build-rw/zephyr/CMakeFiles/zephyr.dir/subsys/shell/modules/kernel_service/kernel_shell.c.gcno:no functions found
[/mnt/host/source/src/platform/ec/build/zephyr/ptlrvp_npcx-lcov] stderr:
[/mnt/host/source/src/platform/ec/build/zephyr/bluey-lcov]   /mnt/host/source/src/platform/ec/build/zephyr/bluey/build-ro/zephyr/drivers/spi/CMakeFiles/drivers__spi.dir/mnt/host/source/src/third_party/zephyr/main/misc/empty_file.c.gcno:no functions found
[/mnt/host/source/src/platform/ec/build/zephyr/bluey-lcov] stderr:
[/mnt/host/source/src/platform/ec/build/zephyr/ptlrvp_npcx-lcov]   /mnt/host/source/src/platform/ec/build/zephyr/ptlrvp_npcx/build-rw/zephyr/CMakeFiles/zephyr.dir/lib/libc/validate_libc.c.gcno:no functions found
[/mnt/host/source/src/platform/ec/build/zephyr/ptlrvp_npcx-lcov] stderr:
[/mnt/host/source/src/platform/ec/build/zephyr/bluey-lcov]   /mnt/host/source/src/platform/ec/build/zephyr/bluey/build-rw/modules/ec/zephyr/CMakeFiles/ec_shim.dir/shim/src/thermal.c.gcno:no functions found
[/mnt/host/source/src/platform/ec/build/zephyr/bluey-lcov] stderr:
[/mnt/host/source/src/platform/ec/build/zephyr/ocelotrvp-ite-lcov]   /mnt/host/source/src/platform/ec/build/zephyr/ocelotrvp-ite/build-ro/zephyr/CMakeFiles/zephyr.dir/subsys/shell/modules/kernel_service/kernel_shell.c.gcno:no functions found
[/mnt/host/source/src/platform/ec/build/zephyr/ocelotrvp-ite-lcov] stderr:
[/mnt/host/source/src/platform/ec/build/zephyr/ptlrvp_npcx-lcov]   /mnt/host/source/src/platform/ec/build/zephyr/ptlrvp_npcx/build-rw/zephyr/CMakeFiles/zephyr.dir/lib/utils/last_section_id.c.gcno:no functions found
[/mnt/host/source/src/platform/ec/build/zephyr/ptlrvp_npcx-lcov] stderr:
[/mnt/host/source/src/platform/ec/build/zephyr/ocelotrvp-ite-lcov]   /mnt/host/source/src/platform/ec/build/zephyr/ocelotrvp-ite/build-ro/zephyr/CMakeFiles/zephyr.dir/lib/libc/validate_libc.c.gcno:no functions found
[/mnt/host/source/src/platform/ec/build/zephyr/ocelotrvp-ite-lcov] stderr:
[/mnt/host/source/src/platform/ec/build/zephyr/ocelotrvp-ite-lcov]   /mnt/host/source/src/platform/ec/build/zephyr/ocelotrvp-ite/build-ro/zephyr/CMakeFiles/zephyr.dir/lib/utils/last_section_id.c.gcno:no functions found
[/mnt/host/source/src/platform/ec/build/zephyr/ocelotrvp-ite-lcov] stderr:
[/mnt/host/source/src/platform/ec/build/zephyr/ocelotrvp-ite-lcov]   /mnt/host/source/src/platform/ec/build/zephyr/ocelotrvp-ite/build-ro/zephyr/CMakeFiles/zephyr.dir/soc/ite/ec/it8xxx2/check_regs.c.gcno:no functions found
[/mnt/host/source/src/platform/ec/build/zephyr/ocelotrvp-ite-lcov] stderr:
[/mnt/host/source/src/platform/ec/build/zephyr/ocelotrvp-ite-lcov]   /mnt/host/source/src/platform/ec/build/zephyr/ocelotrvp-ite/build-ro/zephyr/kernel/CMakeFiles/kernel.dir/errno.c.gcno:no functions found
[/mnt/host/source/src/platform/ec/build/zephyr/ocelotrvp-ite-lcov] stderr:
[/mnt/host/source/src/platform/ec/build/zephyr/bluey-lcov]   /mnt/host/source/src/platform/ec/build/zephyr/bluey/build-rw/modules/ec/zephyr/CMakeFiles/ec_shim.dir/shim/src/battery.c.gcno:no functions found
[/mnt/host/source/src/platform/ec/build/zephyr/bluey-lcov] stderr:
[/mnt/host/source/src/platform/ec/build/zephyr/ocelotrvp-ite-lcov]   /mnt/host/source/src/platform/ec/build/zephyr/ocelotrvp-ite/build-ro/zephyr/lib/libc/picolibc/CMakeFiles/lib__libc__picolibc.dir/errno_wrap.c.gcno:no functions found
[/mnt/host/source/src/platform/ec/build/zephyr/ocelotrvp-ite-lcov] stderr:
[/mnt/host/source/src/platform/ec/build/zephyr/ptlrvp_npcx-lcov]   /mnt/host/source/src/platform/ec/build/zephyr/ptlrvp_npcx/build-rw/zephyr/CMakeFiles/zephyr.dir/soc/nuvoton/npcx/common/npcxn/registers.c.gcno:no functions found
[/mnt/host/source/src/platform/ec/build/zephyr/ptlrvp_npcx-lcov] stderr:
[/mnt/host/source/src/platform/ec/build/zephyr/bluey-lcov]   /mnt/host/source/src/platform/ec/build/zephyr/bluey/build-rw/CMakeFiles/app.dir/mnt/host/source/src/platform/ec/build/zephyr/bluey/modules/ec/common/cbi_config.c.gcno:no functions found
[/mnt/host/source/src/platform/ec/build/zephyr/bluey-lcov] stderr:
[/mnt/host/source/src/platform/ec/build/zephyr/bluey-lcov]   /mnt/host/source/src/platform/ec/build/zephyr/bluey/build-rw/zephyr/arch/arch/arm/core/mpu/CMakeFiles/arch__arm__core__mpu.dir/arm_mpu_regions.c.gcno:no functions found
[/mnt/host/source/src/platform/ec/build/zephyr/bluey-lcov] stderr:
[/mnt/host/source/src/platform/ec/build/zephyr/ocelotrvp-ite-lcov]   /mnt/host/source/src/platform/ec/build/zephyr/ocelotrvp-ite/build-ro/zephyr/drivers/sensor/CMakeFiles/drivers__sensor.dir/mnt/host/source/src/third_party/zephyr/main/misc/empty_file.c.gcno:no functions found
[/mnt/host/source/src/platform/ec/build/zephyr/ocelotrvp-ite-lcov] stderr:
[/mnt/host/source/src/platform/ec/build/zephyr/bluey-lcov]   /mnt/host/source/src/platform/ec/build/zephyr/bluey/build-rw/zephyr/arch/common/CMakeFiles/isr_tables.dir/isr_tables.c.gcno:no functions found
[/mnt/host/source/src/platform/ec/build/zephyr/bluey-lcov] stderr:
[/mnt/host/source/src/platform/ec/build/zephyr/ocelotrvp-ite-lcov]   /mnt/host/source/src/platform/ec/build/zephyr/ocelotrvp-ite/build-ro/zephyr/drivers/syscon/CMakeFiles/drivers__syscon.dir/mnt/host/source/src/third_party/zephyr/main/misc/empty_file.c.gcno:no functions found
[/mnt/host/source/src/platform/ec/build/zephyr/ocelotrvp-ite-lcov] stderr:
[/mnt/host/source/src/platform/ec/build/zephyr/ocelotrvp-ite-lcov]   /mnt/host/source/src/platform/ec/build/zephyr/ocelotrvp-ite/build-rw/modules/pigweed/pw_log_zephyr/CMakeFiles/pw_log_zephyr.dir/log_zephyr.cc.gcno:no functions found
[/mnt/host/source/src/platform/ec/build/zephyr/ocelotrvp-ite-lcov] stderr:
[/mnt/host/source/src/platform/ec/build/zephyr/ocelotrvp-ite-lcov]   /mnt/host/source/src/platform/ec/build/zephyr/ocelotrvp-ite/build-rw/modules/ec/zephyr/CMakeFiles/ec_shim.dir/shim/src/thermal.c.gcno:no functions found
[/mnt/host/source/src/platform/ec/build/zephyr/ocelotrvp-ite-lcov] stderr:
[/mnt/host/source/src/platform/ec/build/zephyr/ocelotrvp-ite-lcov]   /mnt/host/source/src/platform/ec/build/zephyr/ocelotrvp-ite/build-rw/modules/ec/zephyr/CMakeFiles/ec_shim.dir/shim/src/battery.c.gcno:no functions found
[/mnt/host/source/src/platform/ec/build/zephyr/ocelotrvp-ite-lcov] stderr:
[/mnt/host/source/src/platform/ec/build/zephyr/bluey-lcov]   /mnt/host/source/src/platform/ec/build/zephyr/bluey/build-rw/zephyr/CMakeFiles/zephyr.dir/subsys/shell/modules/kernel_service/kernel_shell.c.gcno:no functions found
[/mnt/host/source/src/platform/ec/build/zephyr/bluey-lcov] stderr:
[/mnt/host/source/src/platform/ec/build/zephyr/ptlrvp_npcx-lcov]   /mnt/host/source/src/platform/ec/build/zephyr/ptlrvp_npcx/build-rw/zephyr/drivers/sensor/CMakeFiles/drivers__sensor.dir/mnt/host/source/src/third_party/zephyr/main/misc/empty_file.c.gcno:no functions found
[/mnt/host/source/src/platform/ec/build/zephyr/ptlrvp_npcx-lcov] Filter suppressions 'region':
[/mnt/host/source/src/platform/ec/build/zephyr/bluey-lcov]   /mnt/host/source/src/platform/ec/build/zephyr/bluey/build-rw/zephyr/CMakeFiles/zephyr.dir/lib/libc/validate_libc.c.gcno:no functions found
[/mnt/host/source/src/platform/ec/build/zephyr/bluey-lcov] stderr:
[/mnt/host/source/src/platform/ec/build/zephyr/ptlrvp_npcx-lcov]     33 instances
[/mnt/host/source/src/platform/ec/build/zephyr/ptlrvp_npcx-lcov]     26 coverpoints
[/mnt/host/source/src/platform/ec/build/zephyr/ptlrvp_npcx-lcov] Message summary:
[/mnt/host/source/src/platform/ec/build/zephyr/ptlrvp_npcx-lcov]   27 ignore messages:
[/mnt/host/source/src/platform/ec/build/zephyr/ptlrvp_npcx-lcov]     gcov: 27
[/mnt/host/source/src/platform/ec/build/zephyr/ocelotrvp-ite-lcov]   /mnt/host/source/src/platform/ec/build/zephyr/ocelotrvp-ite/build-rw/modules/ec/zephyr/CMakeFiles/ec_shim.dir/shim/src/charger.c.gcno:no functions found
[/mnt/host/source/src/platform/ec/build/zephyr/ocelotrvp-ite-lcov] stderr:
[/mnt/host/source/src/platform/ec/build/zephyr/bluey-lcov]   /mnt/host/source/src/platform/ec/build/zephyr/bluey/build-rw/zephyr/CMakeFiles/zephyr.dir/lib/utils/last_section_id.c.gcno:no functions found
[/mnt/host/source/src/platform/ec/build/zephyr/bluey-lcov] stderr:
[/mnt/host/source/src/platform/ec/build/zephyr/ocelotrvp-ite-lcov]   /mnt/host/source/src/platform/ec/build/zephyr/ocelotrvp-ite/build-rw/modules/ec/zephyr/CMakeFiles/ec_shim.dir/shim/src/usba.c.gcno:no functions found
[/mnt/host/source/src/platform/ec/build/zephyr/ocelotrvp-ite-lcov] stderr:
[/mnt/host/source/src/platform/ec/build/zephyr/ocelotrvp-ite-lcov]   /mnt/host/source/src/platform/ec/build/zephyr/ocelotrvp-ite/build-rw/modules/ec/zephyr/CMakeFiles/ec_shim.dir/drivers/keyboard_input/keyboard_customization_check.c.gcno:no functions found
[/mnt/host/source/src/platform/ec/build/zephyr/ocelotrvp-ite-lcov] stderr:
[/mnt/host/source/src/platform/ec/build/zephyr/ocelotrvp-ite-lcov]   /mnt/host/source/src/platform/ec/build/zephyr/ocelotrvp-ite/build-rw/modules/ec/zephyr/drivers/pw_transport/CMakeFiles/pw_transport.proto.nanopb.dir/pw_transport.proto/nanopb/pw_transport/proto/transport.pb.c.gcno:no functions found
[/mnt/host/source/src/platform/ec/build/zephyr/ocelotrvp-ite-lcov] stderr:
[/mnt/host/source/src/platform/ec/build/zephyr/bluey-lcov]   /mnt/host/source/src/platform/ec/build/zephyr/bluey/build-rw/zephyr/CMakeFiles/zephyr.dir/soc/nuvoton/npcx/common/npcxn/registers.c.gcno:no functions found
[/mnt/host/source/src/platform/ec/build/zephyr/bluey-lcov] stderr:
[/mnt/host/source/src/platform/ec/build/zephyr/bluey-lcov]   /mnt/host/source/src/platform/ec/build/zephyr/bluey/build-rw/zephyr/drivers/input/CMakeFiles/drivers__input.dir/mnt/host/source/src/third_party/zephyr/main/misc/empty_file.c.gcno:no functions found
[/mnt/host/source/src/platform/ec/build/zephyr/bluey-lcov] stderr:
[/mnt/host/source/src/platform/ec/build/zephyr/bluey-lcov]   /mnt/host/source/src/platform/ec/build/zephyr/bluey/build-rw/zephyr/drivers/sensor/CMakeFiles/drivers__sensor.dir/mnt/host/source/src/third_party/zephyr/main/misc/empty_file.c.gcno:no functions found
[/mnt/host/source/src/platform/ec/build/zephyr/bluey-lcov] stderr:
[/mnt/host/source/src/platform/ec/build/zephyr/bluey-lcov]   /mnt/host/source/src/platform/ec/build/zephyr/bluey/build-rw/zephyr/drivers/spi/CMakeFiles/drivers__spi.dir/mnt/host/source/src/third_party/zephyr/main/misc/empty_file.c.gcno:no functions found
[/mnt/host/source/src/platform/ec/build/zephyr/bluey-lcov] Filter suppressions 'region':
[/mnt/host/source/src/platform/ec/build/zephyr/bluey-lcov]     30 instances
[/mnt/host/source/src/platform/ec/build/zephyr/bluey-lcov]     20 coverpoints
[/mnt/host/source/src/platform/ec/build/zephyr/bluey-lcov] Message summary:
[/mnt/host/source/src/platform/ec/build/zephyr/bluey-lcov]   25 ignore messages:
[/mnt/host/source/src/platform/ec/build/zephyr/bluey-lcov]     gcov: 25
[/mnt/host/source/src/platform/ec/build/zephyr/ocelotrvp-ite-lcov]   /mnt/host/source/src/platform/ec/build/zephyr/ocelotrvp-ite/build-rw/modules/ec/zephyr/drivers/dsp_comms/CMakeFiles/dsp_comms.proto.nanopb.dir/dsp_comms.proto/nanopb/proto/ec_dsp.pb.c.gcno:no functions found
[/mnt/host/source/src/platform/ec/build/zephyr/ocelotrvp-ite-lcov] stderr:
[/mnt/host/source/src/platform/ec/build/zephyr/ocelotrvp-ite-lcov]   /mnt/host/source/src/platform/ec/build/zephyr/ocelotrvp-ite/build-rw/CMakeFiles/app.dir/mnt/host/source/src/platform/ec/build/zephyr/ocelotrvp-ite/modules/ec/common/cbi_config.c.gcno:no functions found
[/mnt/host/source/src/platform/ec/build/zephyr/ocelotrvp-ite-lcov] stderr:
[/mnt/host/source/src/platform/ec/build/zephyr/ocelotrvp-ite-lcov]   /mnt/host/source/src/platform/ec/build/zephyr/ocelotrvp-ite/build-rw/zephyr/arch/arch/riscv/core/CMakeFiles/arch__riscv__core.dir/cpu_idle.c.gcno:no functions found
[/mnt/host/source/src/platform/ec/build/zephyr/ocelotrvp-ite-lcov] stderr:
[/mnt/host/source/src/platform/ec/build/zephyr/ocelotrvp-ite-lcov]   /mnt/host/source/src/platform/ec/build/zephyr/ocelotrvp-ite/build-rw/zephyr/arch/common/CMakeFiles/isr_tables.dir/isr_tables.c.gcno:no functions found
[/mnt/host/source/src/platform/ec/build/zephyr/ocelotrvp-ite-lcov] stderr:
[/mnt/host/source/src/platform/ec/build/zephyr/ocelotrvp-ite-lcov]   /mnt/host/source/src/platform/ec/build/zephyr/ocelotrvp-ite/build-rw/zephyr/CMakeFiles/zephyr.dir/subsys/shell/modules/kernel_service/kernel_shell.c.gcno:no functions found
[/mnt/host/source/src/platform/ec/build/zephyr/ocelotrvp-ite-lcov] stderr:
[/mnt/host/source/src/platform/ec/build/zephyr/ocelotrvp-ite-lcov]   /mnt/host/source/src/platform/ec/build/zephyr/ocelotrvp-ite/build-rw/zephyr/CMakeFiles/zephyr.dir/lib/libc/validate_libc.c.gcno:no functions found
[/mnt/host/source/src/platform/ec/build/zephyr/ocelotrvp-ite-lcov] stderr:
[/mnt/host/source/src/platform/ec/build/zephyr/ocelotrvp-ite-lcov]   /mnt/host/source/src/platform/ec/build/zephyr/ocelotrvp-ite/build-rw/zephyr/CMakeFiles/zephyr.dir/lib/utils/last_section_id.c.gcno:no functions found
[/mnt/host/source/src/platform/ec/build/zephyr/ocelotrvp-ite-lcov] stderr:
[/mnt/host/source/src/platform/ec/build/zephyr/ocelotrvp-ite-lcov]   /mnt/host/source/src/platform/ec/build/zephyr/ocelotrvp-ite/build-rw/zephyr/CMakeFiles/zephyr.dir/soc/ite/ec/it8xxx2/check_regs.c.gcno:no functions found
[/mnt/host/source/src/platform/ec/build/zephyr/ocelotrvp-ite-lcov] stderr:
[/mnt/host/source/src/platform/ec/build/zephyr/ocelotrvp-ite-lcov]   /mnt/host/source/src/platform/ec/build/zephyr/ocelotrvp-ite/build-rw/zephyr/kernel/CMakeFiles/kernel.dir/errno.c.gcno:no functions found
[/mnt/host/source/src/platform/ec/build/zephyr/ocelotrvp-ite-lcov] stderr:
[/mnt/host/source/src/platform/ec/build/zephyr/ocelotrvp-ite-lcov]   /mnt/host/source/src/platform/ec/build/zephyr/ocelotrvp-ite/build-rw/zephyr/lib/libc/picolibc/CMakeFiles/lib__libc__picolibc.dir/errno_wrap.c.gcno:no functions found
[/mnt/host/source/src/platform/ec/build/zephyr/ocelotrvp-ite-lcov] stderr:
[/mnt/host/source/src/platform/ec/build/zephyr/ocelotrvp-ite-lcov]   /mnt/host/source/src/platform/ec/build/zephyr/ocelotrvp-ite/build-rw/zephyr/drivers/sensor/CMakeFiles/drivers__sensor.dir/mnt/host/source/src/third_party/zephyr/main/misc/empty_file.c.gcno:no functions found
[/mnt/host/source/src/platform/ec/build/zephyr/ocelotrvp-ite-lcov] stderr:
[/mnt/host/source/src/platform/ec/build/zephyr/ocelotrvp-ite-lcov]   /mnt/host/source/src/platform/ec/build/zephyr/ocelotrvp-ite/build-rw/zephyr/drivers/syscon/CMakeFiles/drivers__syscon.dir/mnt/host/source/src/third_party/zephyr/main/misc/empty_file.c.gcno:no functions found
[/mnt/host/source/src/platform/ec/build/zephyr/ocelotrvp-ite-lcov] Filter suppressions 'region':
[/mnt/host/source/src/platform/ec/build/zephyr/ocelotrvp-ite-lcov]     262 instances
[/mnt/host/source/src/platform/ec/build/zephyr/ocelotrvp-ite-lcov]     438 coverpoints
[/mnt/host/source/src/platform/ec/build/zephyr/ocelotrvp-ite-lcov] Message summary:
[/mnt/host/source/src/platform/ec/build/zephyr/ocelotrvp-ite-lcov]   1 warning message:
[/mnt/host/source/src/platform/ec/build/zephyr/ocelotrvp-ite-lcov]     format: 1
[/mnt/host/source/src/platform/ec/build/zephyr/ocelotrvp-ite-lcov]   38 ignore messages:
[/mnt/host/source/src/platform/ec/build/zephyr/ocelotrvp-ite-lcov]     gcov: 38
All failed projects: sanok
Traceback (most recent call last):
  File "/mnt/host/source/src/platform/ec/./zephyr/firmware_builder.py", line 831, in <module>
    sys.exit(main(sys.argv[1:]))
             ^^^^^^^^^^^^^^^^^^
  File "/mnt/host/source/src/platform/ec/./zephyr/firmware_builder.py", line 827, in main
    return opts.func(opts)
           ^^^^^^^^^^^^^^^
  File "/mnt/host/source/src/platform/ec/./zephyr/firmware_builder.py", line 307, in build
    subprocess.run(
  File "/usr/lib/python3.11/subprocess.py", line 571, in run
    raise CalledProcessError(retcode, process.args,
subprocess.CalledProcessError: Command '['zmake', '-D', 'build', '--static', '--coverage', '-v', '16543.0.0', 'bluey', 'quenbi', 'quartz', 'nivviks', 'nereid', 'nokris', 'craask', 'pujjo', 'pujjoga', 'pujjogatwin', 'xivu', 'joxer', 'yaviks', 'yavilla', 'yavista', 'uldren', 'gothrax', 'craaskov', 'pirrha', 'quandiso', 'quandiso2', 'anraggar', 'glassway', 'sundance', 'riven', 'domika', 'teliks', 'telith', 'rull', 'pujjoniru', 'dirks', 'guren', 'meliks', 'epic', 'rex', 'rex-ish-ec', 'screebo', 'kanix', 'karis', 'rex-ish', 'bloonchipper', 'buccaneer', 'helipilot', 'gwendolin', 'sanok', 'rauru', 'navi', 'hylia', 'ocelotrvp-npcx', 'ocelotrvp-ite', 'ocelotrvp-mchp', 'ocelotrvp-ish', 'ojal', 'kodkod', 'matsu', 'matsu_it82000', 'matsu-ish', 'ocicat', 'ocicat-ish', 'dev-posix', 'tanjiro', 'sapphire', 'kaladin', 'trulo', 'pujjocento', 'pujjolo', 'trulo-ti', 'uldrenite', 'trulo-ish', 'uldrenite-ish', 'pujjolo-ish', 'kaladin-ish', 'lite-ish', 'fatcatrvp-npcx', 'fatcatrvp-ite', 'francka', 'ruby', 'felino', 'felino4es', 'kinmen', 'lapis', 'moonstone', 'kinmen-ish', 'ruby-ish', 'moonstone-ish', 'fatcat-ish-idle', 'it8xxx2_evb', 'it82002_evb', 'ite-aic', 'ite-aic-rtk-pdc', 'npcx-aic', 'skyrim', 'winterhold', 'frostflow', 'crystaldrift', 'markarth', 'npcx_monitor', 'npcx9', 'npcx7', 'skywalker', 'skywalker-tps6699x', 'luuke', 'obiwan', 'yoda', 'anakin', 'baze', 'tarkin', 'padme', 'grogu', 'dooku', 'vader', 'geralt', 'ciri', 'brox', 'brtk', 'brox-ish-ec', 'brox-sku4', 'brox-ish', 'caboc', 'greenbayupoc', 'jubilant', 'lotso', 'axii', 'roach', 'kelpie', 'spikyrock', 'eirtae', 'krabby', 'kingler', 'steelix', 'starmie', 'tentacruel', 'magikarp', 'voltorb', 'ponyta', 'chinchou', 'wugtrio', 'skitty', 'veluza', 'kyogre', 'squirtle', 'wyrdeer', 'ovis', 'deku', 'adlrvp_mchp', 'adlrvp_npcx', 'mtlrvpp_m1723', 'mtlrvpp_mchp', 'mtlrvpp_npcx', 'ptlrvp_npcx', 'ptlrvp_mchp', 'ptlgcs', 'ptl-ish', 'minimal-posix', 'minimal-npcx9', 'minimal-it8xxx2', 'minimal-realtek']' returned non-zero exit status 1.
